[2024-11-26T03:40:11.778Z] Device at 10.30.28.23 is not reachable. Skipping connection attempt.
[2024-11-26T03:40:21.785Z] Device at 10.30.28.23 is not reachable. Skipping connection attempt.
[2024-11-26T03:40:22.022Z] Unable to connect to device at 10.30.28.23: read ECONNRESET
[2024-11-26T03:40:22.028Z] Error reading or processing Modbus registers: rejecting because of earlier OutOfSync error
[2024-11-26T03:40:22.028Z] Error reading or processing Modbus registers: rejecting because of earlier OutOfSync error
[2024-11-26T03:40:22.028Z] Error reading register 6507 for IP 10.30.28.23: rejecting because of earlier OutOfSync error
[2024-11-26T03:40:22.029Z] Error writing to Modbus register: rejecting because of earlier OutOfSync error
[2024-11-26T03:40:22.029Z] Error reading or processing Modbus registers: rejecting because of earlier OutOfSync error
[2024-11-26T03:40:22.029Z] Error reading register 6507 for IP 10.30.28.23: rejecting because of earlier OutOfSync error
[2024-11-26T03:40:22.029Z] Error reading or processing Modbus registers: rejecting because of earlier OutOfSync error
[2024-11-26T03:40:22.029Z] Error reading or processing Modbus registers: rejecting because of earlier OutOfSync error
[2024-11-26T03:40:22.030Z] Error reading register 6507 for IP 10.30.28.23: rejecting because of earlier OutOfSync error
[2024-11-26T03:40:22.030Z] Error writing to Modbus register: rejecting because of earlier OutOfSync error
[2024-11-26T03:40:22.030Z] Error reading or processing Modbus registers: rejecting because of earlier OutOfSync error
[2024-11-26T03:40:22.030Z] Error reading register 6507 for IP 10.30.28.23: rejecting because of earlier OutOfSync error
[2024-11-26T03:40:22.031Z] Error reading or processing Modbus registers: rejecting because of earlier OutOfSync error
[2024-11-26T03:40:22.031Z] Error reading or processing Modbus registers: rejecting because of earlier OutOfSync error
[2024-11-26T03:40:22.031Z] Error reading register 6507 for IP 10.30.28.23: rejecting because of earlier OutOfSync error
[2024-11-26T03:40:22.032Z] Error reading or processing Modbus registers: rejecting because of earlier OutOfSync error
[2024-11-26T03:40:22.032Z] Error writing to Modbus register: rejecting because of earlier OutOfSync error
[2024-11-26T03:40:22.032Z] Error reading or processing Modbus registers: rejecting because of earlier OutOfSync error
[2024-11-26T03:40:22.032Z] Error reading register 6507 for IP 10.30.28.23: rejecting because of earlier OutOfSync error
[2024-11-26T03:40:22.032Z] Error reading or processing Modbus registers: rejecting because of earlier OutOfSync error
[2024-11-26T03:40:22.033Z] Error reading register 6507 for IP 10.30.28.23: rejecting because of earlier OutOfSync error
[2024-11-26T03:40:22.033Z] Error reading or processing Modbus registers: rejecting because of earlier OutOfSync error
[2024-11-26T03:40:22.033Z] Error writing to Modbus register: rejecting because of earlier OutOfSync error
[2024-11-26T03:40:22.034Z] Error reading or processing Modbus registers: rejecting because of earlier OutOfSync error
[2024-11-26T03:40:22.034Z] Error reading register 6507 for IP 10.30.28.23: rejecting because of earlier OutOfSync error
[2024-11-26T03:40:22.034Z] Error reading or processing Modbus registers: rejecting because of earlier OutOfSync error
[2024-11-26T03:40:22.034Z] Error reading or processing Modbus registers: rejecting because of earlier OutOfSync error
[2024-11-26T03:40:22.035Z] Error reading register 6507 for IP 10.30.28.23: rejecting because of earlier OutOfSync error
[2024-11-26T03:40:22.035Z] Error writing to Modbus register: rejecting because of earlier OutOfSync error
[2024-11-26T03:40:22.035Z] Error reading or processing Modbus registers: rejecting because of earlier OutOfSync error
[2024-11-26T03:40:22.035Z] Error reading register 6507 for IP 10.30.28.23: rejecting because of earlier OutOfSync error
[2024-11-26T03:40:22.036Z] Error reading or processing Modbus registers: rejecting because of earlier OutOfSync error
[2024-11-26T03:40:22.036Z] Error reading register 6507 for IP 10.30.28.23: rejecting because of earlier OutOfSync error
[2024-11-26T03:40:22.036Z] Error writing to Modbus register: rejecting because of earlier OutOfSync error
[2024-11-26T03:40:22.036Z] Error reading or processing Modbus registers: rejecting because of earlier OutOfSync error
[2024-11-26T03:40:22.036Z] Error reading register 6507 for IP 10.30.28.23: rejecting because of earlier OutOfSync error
[2024-11-26T03:40:22.036Z] Error reading or processing Modbus registers: rejecting because of earlier OutOfSync error
[2024-11-26T03:40:22.036Z] Error reading register 6507 for IP 10.30.28.23: rejecting because of earlier OutOfSync error
[2024-11-26T03:40:22.037Z] Error writing to Modbus register: rejecting because of earlier OutOfSync error
[2024-11-26T03:40:22.037Z] Error reading or processing Modbus registers: rejecting because of earlier OutOfSync error
[2024-11-26T03:40:22.037Z] Error reading register 6507 for IP 10.30.28.23: rejecting because of earlier OutOfSync error
[2024-11-26T03:40:22.038Z] Error reading or processing Modbus registers: rejecting because of earlier OutOfSync error
[2024-11-26T03:40:22.038Z] Error reading register 6507 for IP 10.30.28.23: rejecting because of earlier OutOfSync error
[2024-11-26T03:40:22.038Z] Error writing to Modbus register: rejecting because of earlier OutOfSync error
[2024-11-26T03:40:22.039Z] Error reading or processing Modbus registers: rejecting because of earlier OutOfSync error
[2024-11-26T03:40:22.039Z] Error reading register 6507 for IP 10.30.28.23: rejecting because of earlier OutOfSync error
[2024-11-26T03:40:22.039Z] Error reading or processing Modbus registers: rejecting because of earlier OutOfSync error
[2024-11-26T03:40:22.039Z] Error reading register 6507 for IP 10.30.28.23: rejecting because of earlier OutOfSync error
[2024-11-26T03:40:22.039Z] Error writing to Modbus register: rejecting because of earlier OutOfSync error
[2024-11-26T03:40:22.039Z] Error reading or processing Modbus registers: rejecting because of earlier OutOfSync error
[2024-11-26T03:40:22.039Z] Error reading register 6507 for IP 10.30.28.23: rejecting because of earlier OutOfSync error
[2024-11-26T03:40:22.040Z] Error reading or processing Modbus registers: rejecting because of earlier OutOfSync error
[2024-11-26T03:40:22.040Z] Error reading register 6507 for IP 10.30.28.23: rejecting because of earlier OutOfSync error
[2024-11-26T03:40:22.040Z] Error writing to Modbus register: rejecting because of earlier OutOfSync error
[2024-11-26T03:40:22.040Z] Error reading or processing Modbus registers: rejecting because of earlier OutOfSync error
[2024-11-26T03:40:22.041Z] Error reading register 6507 for IP 10.30.28.23: rejecting because of earlier OutOfSync error
[2024-11-26T03:40:22.041Z] Error reading or processing Modbus registers: rejecting because of earlier OutOfSync error
[2024-11-26T03:40:22.041Z] Error reading register 6507 for IP 10.30.28.23: rejecting because of earlier OutOfSync error
[2024-11-26T03:40:22.041Z] Error writing to Modbus register: rejecting because of earlier OutOfSync error
[2024-11-26T03:40:22.041Z] Error reading or processing Modbus registers: rejecting because of earlier OutOfSync error
[2024-11-26T03:40:22.041Z] Error reading register 6507 for IP 10.30.28.23: rejecting because of earlier OutOfSync error
[2024-11-26T03:40:22.042Z] Error reading or processing Modbus registers: rejecting because of earlier OutOfSync error
[2024-11-26T03:40:22.042Z] Error reading register 6507 for IP 10.30.28.23: rejecting because of earlier OutOfSync error
[2024-11-26T03:40:22.042Z] Error writing to Modbus register: rejecting because of earlier OutOfSync error
[2024-11-26T03:40:22.042Z] Error reading or processing Modbus registers: rejecting because of earlier OutOfSync error
[2024-11-26T03:40:22.042Z] Error reading register 6507 for IP 10.30.28.23: rejecting because of earlier OutOfSync error
[2024-11-26T03:40:22.042Z] Error reading or processing Modbus registers: rejecting because of earlier OutOfSync error
[2024-11-26T03:40:22.042Z] Error reading register 6507 for IP 10.30.28.23: rejecting because of earlier OutOfSync error
[2024-11-26T03:40:22.042Z] Error writing to Modbus register: rejecting because of earlier OutOfSync error
[2024-11-26T03:40:22.042Z] Error reading or processing Modbus registers: rejecting because of earlier OutOfSync error
[2024-11-26T03:40:22.042Z] Error reading register 6507 for IP 10.30.28.23: rejecting because of earlier OutOfSync error
[2024-11-26T03:40:22.042Z] Error reading or processing Modbus registers: rejecting because of earlier OutOfSync error
[2024-11-26T03:40:22.043Z] Error reading register 6507 for IP 10.30.28.23: rejecting because of earlier OutOfSync error
[2024-11-26T03:40:22.043Z] Error writing to Modbus register: rejecting because of earlier OutOfSync error
[2024-11-26T03:40:22.043Z] Error reading or processing Modbus registers: rejecting because of earlier OutOfSync error
[2024-11-26T03:40:22.043Z] Error reading register 6507 for IP 10.30.28.23: rejecting because of earlier OutOfSync error
[2024-11-26T03:40:22.043Z] Error reading or processing Modbus registers: rejecting because of earlier OutOfSync error
[2024-11-26T03:40:22.043Z] Error reading register 6507 for IP 10.30.28.23: rejecting because of earlier OutOfSync error
[2024-11-26T03:40:22.043Z] Error writing to Modbus register: rejecting because of earlier OutOfSync error
[2024-11-26T03:40:22.043Z] Error reading or processing Modbus registers: rejecting because of earlier OutOfSync error
[2024-11-26T03:40:22.043Z] Error reading register 6507 for IP 10.30.28.23: rejecting because of earlier OutOfSync error
[2024-11-26T03:40:22.446Z] Error reading or processing Modbus registers: no connection to modbus server
[2024-11-26T03:40:22.446Z] Error reading register 6507 for IP 10.30.28.23: no connection to modbus server
[2024-11-26T03:40:23.320Z] Error writing to Modbus register: no connection to modbus server
[2024-11-26T03:40:23.449Z] Error reading register 6507 for IP 10.30.28.23: no connection to modbus server
[2024-11-26T03:40:23.449Z] Error reading or processing Modbus registers: no connection to modbus server
[2024-11-26T03:40:24.458Z] Error reading or processing Modbus registers: no connection to modbus server
[2024-11-26T03:40:24.458Z] Error reading register 6507 for IP 10.30.28.23: no connection to modbus server
[2024-11-26T03:40:25.321Z] Error writing to Modbus register: no connection to modbus server
[2024-11-26T03:40:25.464Z] Error reading or processing Modbus registers: no connection to modbus server
[2024-11-26T03:40:25.464Z] Error reading register 6507 for IP 10.30.28.23: no connection to modbus server
[2024-11-26T04:17:22.697Z] Error reading register 6507 for IP 10.30.4.128: logToFile is not defined
[2024-11-26T04:17:38.991Z] Error reading register 6507 for IP 10.30.4.128: logToFile is not defined
[2024-11-26T04:19:21.807Z] Error reading register 6507 for IP 10.30.4.128: logToFile is not defined
[2024-11-26T05:31:16.835Z] Error saving size data: Invalid column name 'OrderID'.
[2024-11-26T06:09:20.225Z] Device at 10.30.4.128 is not reachable. Skipping connection attempt.
[2024-11-26T06:09:28.238Z] Device at 10.30.4.128 is not reachable. Skipping connection attempt.
[2024-11-26T06:44:40.625Z] Error reading or processing Modbus registers: rejecting because of earlier OutOfSync error
[2024-11-26T06:44:40.625Z] Error reading register 6507 for IP 10.30.4.128: rejecting because of earlier OutOfSync error
[2024-11-26T06:44:40.626Z] Error reading or processing Modbus registers: rejecting because of earlier OutOfSync error
[2024-11-26T06:44:40.626Z] Error writing to Modbus register: rejecting because of earlier OutOfSync error
[2024-11-26T06:44:40.626Z] Error reading register 6507 for IP 10.30.4.128: rejecting because of earlier OutOfSync error
[2024-11-26T06:44:40.971Z] Error reading or processing Modbus registers: no connection to modbus server
[2024-11-26T06:44:40.971Z] Error reading register 6507 for IP 10.30.4.128: no connection to modbus server
[2024-11-26T06:44:41.122Z] Error writing to Modbus register: no connection to modbus server
[2024-11-26T06:44:41.971Z] Error reading or processing Modbus registers: no connection to modbus server
[2024-11-26T06:44:41.971Z] Error reading register 6507 for IP 10.30.4.128: no connection to modbus server
[2024-11-26T06:44:42.984Z] Error reading or processing Modbus registers: no connection to modbus server
[2024-11-26T06:44:42.985Z] Error reading register 6507 for IP 10.30.4.128: no connection to modbus server
[2024-11-26T06:44:43.137Z] Error writing to Modbus register: no connection to modbus server
[2024-11-26T06:44:43.986Z] Error reading or processing Modbus registers: no connection to modbus server
[2024-11-26T06:44:43.986Z] Error reading register 6507 for IP 10.30.4.128: no connection to modbus server
[2024-11-26T06:45:17.963Z] Unable to connect to device at 10.30.4.128: read ECONNRESET
[2024-11-26T06:45:17.965Z] Error reading or processing Modbus registers: connection to modbus server closed
[2024-11-26T06:45:17.965Z] Error reading register 6507 for IP 10.30.4.128: rejecting because of earlier OutOfSync error
[2024-11-26T06:45:17.965Z] Error writing to Modbus register: rejecting because of earlier OutOfSync error
[2024-11-26T06:45:17.965Z] Error reading or processing Modbus registers: rejecting because of earlier OutOfSync error
[2024-11-26T06:45:17.965Z] Error reading register 6507 for IP 10.30.4.128: rejecting because of earlier OutOfSync error
[2024-11-26T06:45:18.005Z] Error reading or processing Modbus registers: no connection to modbus server
[2024-11-26T06:45:18.005Z] Error reading register 6507 for IP 10.30.4.128: no connection to modbus server
[2024-11-26T06:45:18.915Z] Error writing to Modbus register: no connection to modbus server
[2024-11-26T06:45:19.007Z] Error reading or processing Modbus registers: no connection to modbus server
[2024-11-26T06:45:19.007Z] Error reading register 6507 for IP 10.30.4.128: no connection to modbus server
[2024-11-26T06:45:20.019Z] Error reading or processing Modbus registers: no connection to modbus server
[2024-11-26T06:45:20.019Z] Error reading register 6507 for IP 10.30.4.128: no connection to modbus server
[2024-11-26T06:45:20.914Z] Error writing to Modbus register: no connection to modbus server
[2024-11-26T06:45:21.021Z] Error reading or processing Modbus registers: no connection to modbus server
[2024-11-26T06:45:21.021Z] Error reading register 6507 for IP 10.30.4.128: no connection to modbus server
[2024-11-26T06:45:22.022Z] Error reading or processing Modbus registers: no connection to modbus server
[2024-11-26T06:45:22.022Z] Error reading register 6507 for IP 10.30.4.128: no connection to modbus server
[2024-11-26T06:45:22.930Z] Error writing to Modbus register: no connection to modbus server
[2024-11-26T06:45:23.036Z] Error reading or processing Modbus registers: no connection to modbus server
[2024-11-26T06:45:23.036Z] Error reading register 6507 for IP 10.30.4.128: no connection to modbus server
[2024-11-26T06:45:24.049Z] Error reading or processing Modbus registers: no connection to modbus server
[2024-11-26T06:45:24.049Z] Error reading register 6507 for IP 10.30.4.128: no connection to modbus server
[2024-11-26T06:45:24.929Z] Error writing to Modbus register: no connection to modbus server
[2024-11-26T06:45:25.050Z] Error reading register 6507 for IP 10.30.4.128: no connection to modbus server
[2024-11-26T06:45:25.050Z] Error reading or processing Modbus registers: no connection to modbus server
[2024-11-26T06:45:26.065Z] Error reading or processing Modbus registers: no connection to modbus server
[2024-11-26T06:45:26.065Z] Error reading register 6507 for IP 10.30.4.128: no connection to modbus server
[2024-11-26T06:45:26.929Z] Error writing to Modbus register: no connection to modbus server
[2024-11-26T06:45:27.065Z] Error reading or processing Modbus registers: no connection to modbus server
[2024-11-26T06:45:27.065Z] Error reading register 6507 for IP 10.30.4.128: no connection to modbus server
[2024-11-26T06:45:28.079Z] Error reading or processing Modbus registers: no connection to modbus server
[2024-11-26T06:45:28.079Z] Error reading register 6507 for IP 10.30.4.128: no connection to modbus server
[2024-11-26T06:45:28.929Z] Error writing to Modbus register: no connection to modbus server
[2024-11-26T06:45:29.079Z] Error reading or processing Modbus registers: no connection to modbus server
[2024-11-26T06:45:29.079Z] Error reading register 6507 for IP 10.30.4.128: no connection to modbus server
[2024-11-26T06:45:30.093Z] Error reading or processing Modbus registers: no connection to modbus server
[2024-11-26T06:45:30.093Z] Error reading register 6507 for IP 10.30.4.128: no connection to modbus server
[2024-11-26T06:45:30.929Z] Error writing to Modbus register: no connection to modbus server
[2024-11-26T06:45:31.093Z] Error reading or processing Modbus registers: no connection to modbus server
[2024-11-26T06:45:31.093Z] Error reading register 6507 for IP 10.30.4.128: no connection to modbus server
[2024-11-26T06:45:32.094Z] Error reading or processing Modbus registers: no connection to modbus server
[2024-11-26T06:45:32.094Z] Error reading register 6507 for IP 10.30.4.128: no connection to modbus server
[2024-11-26T06:45:32.929Z] Error writing to Modbus register: no connection to modbus server
[2024-11-26T06:45:33.108Z] Error reading or processing Modbus registers: no connection to modbus server
[2024-11-26T06:45:33.108Z] Error reading register 6507 for IP 10.30.4.128: no connection to modbus server
[2024-11-26T06:45:34.108Z] Error reading or processing Modbus registers: no connection to modbus server
[2024-11-26T06:45:34.108Z] Error reading register 6507 for IP 10.30.4.128: no connection to modbus server
[2024-11-26T06:45:34.942Z] Error writing to Modbus register: no connection to modbus server
[2024-11-26T06:45:35.122Z] Error reading or processing Modbus registers: no connection to modbus server
[2024-11-26T06:45:35.122Z] Error reading register 6507 for IP 10.30.4.128: no connection to modbus server
[2024-11-26T06:45:36.137Z] Error reading or processing Modbus registers: no connection to modbus server
[2024-11-26T06:45:36.137Z] Error reading register 6507 for IP 10.30.4.128: no connection to modbus server
[2024-11-26T06:45:36.955Z] Error writing to Modbus register: no connection to modbus server
[2024-11-26T06:45:37.138Z] Error reading or processing Modbus registers: no connection to modbus server
[2024-11-26T06:45:37.138Z] Error reading register 6507 for IP 10.30.4.128: no connection to modbus server
[2024-11-26T06:45:38.151Z] Error reading or processing Modbus registers: no connection to modbus server
[2024-11-26T06:45:38.151Z] Error reading register 6507 for IP 10.30.4.128: no connection to modbus server
[2024-11-26T06:45:38.970Z] Error writing to Modbus register: no connection to modbus server
[2024-11-26T06:45:39.166Z] Error reading or processing Modbus registers: no connection to modbus server
[2024-11-26T06:45:39.166Z] Error reading register 6507 for IP 10.30.4.128: no connection to modbus server
[2024-11-26T06:45:40.165Z] Error reading or processing Modbus registers: no connection to modbus server
[2024-11-26T06:45:40.165Z] Error reading register 6507 for IP 10.30.4.128: no connection to modbus server
[2024-11-26T06:45:40.983Z] Error writing to Modbus register: no connection to modbus server
[2024-11-26T06:45:41.165Z] Error reading or processing Modbus registers: no connection to modbus server
[2024-11-26T06:45:41.165Z] Error reading register 6507 for IP 10.30.4.128: no connection to modbus server
[2024-11-26T06:45:42.166Z] Error reading or processing Modbus registers: no connection to modbus server
[2024-11-26T06:45:42.166Z] Error reading register 6507 for IP 10.30.4.128: no connection to modbus server
[2024-11-26T06:45:42.998Z] Error writing to Modbus register: no connection to modbus server
[2024-11-26T06:45:43.169Z] Error reading or processing Modbus registers: no connection to modbus server
[2024-11-26T06:45:43.169Z] Error reading register 6507 for IP 10.30.4.128: no connection to modbus server
[2024-11-26T06:45:44.172Z] Error reading or processing Modbus registers: no connection to modbus server
[2024-11-26T06:45:44.172Z] Error reading register 6507 for IP 10.30.4.128: no connection to modbus server
[2024-11-26T06:45:45.006Z] Error writing to Modbus register: no connection to modbus server
[2024-11-26T06:45:45.172Z] Error reading or processing Modbus registers: no connection to modbus server
[2024-11-26T06:45:45.172Z] Error reading register 6507 for IP 10.30.4.128: no connection to modbus server
[2024-11-26T06:45:46.173Z] Error reading or processing Modbus registers: no connection to modbus server
[2024-11-26T06:45:46.173Z] Error reading register 6507 for IP 10.30.4.128: no connection to modbus server
[2024-11-26T06:45:47.008Z] Error writing to Modbus register: no connection to modbus server
[2024-11-26T06:45:47.172Z] Error reading register 6507 for IP 10.30.4.128: no connection to modbus server
[2024-11-26T06:45:47.172Z] Error reading or processing Modbus registers: no connection to modbus server
[2024-11-26T06:45:48.173Z] Error reading or processing Modbus registers: no connection to modbus server
[2024-11-26T06:45:48.173Z] Error reading register 6507 for IP 10.30.4.128: no connection to modbus server
[2024-11-26T06:45:49.016Z] Error writing to Modbus register: no connection to modbus server
[2024-11-26T06:45:49.173Z] Error reading or processing Modbus registers: no connection to modbus server
[2024-11-26T06:45:49.174Z] Error reading register 6507 for IP 10.30.4.128: no connection to modbus server
[2024-11-26T06:45:50.174Z] Error reading or processing Modbus registers: no connection to modbus server
[2024-11-26T06:45:50.174Z] Error reading register 6507 for IP 10.30.4.128: no connection to modbus server
[2024-11-26T06:45:51.023Z] Error writing to Modbus register: no connection to modbus server
[2024-11-26T06:45:51.174Z] Error reading or processing Modbus registers: no connection to modbus server
[2024-11-26T06:45:51.174Z] Error reading register 6507 for IP 10.30.4.128: no connection to modbus server
[2024-11-26T06:45:52.178Z] Error reading or processing Modbus registers: no connection to modbus server
[2024-11-26T06:45:52.178Z] Error reading register 6507 for IP 10.30.4.128: no connection to modbus server
[2024-11-26T06:45:53.034Z] Error writing to Modbus register: no connection to modbus server
[2024-11-26T06:45:53.178Z] Error reading or processing Modbus registers: no connection to modbus server
[2024-11-26T06:45:53.178Z] Error reading register 6507 for IP 10.30.4.128: no connection to modbus server
[2024-11-26T06:45:54.178Z] Error reading or processing Modbus registers: no connection to modbus server
[2024-11-26T06:45:54.178Z] Error reading register 6507 for IP 10.30.4.128: no connection to modbus server
[2024-11-26T06:45:55.033Z] Error writing to Modbus register: no connection to modbus server
[2024-11-26T06:45:55.178Z] Error reading or processing Modbus registers: no connection to modbus server
[2024-11-26T06:45:55.178Z] Error reading register 6507 for IP 10.30.4.128: no connection to modbus server
[2024-11-26T06:45:56.178Z] Error reading or processing Modbus registers: no connection to modbus server
[2024-11-26T06:45:56.178Z] Error reading register 6507 for IP 10.30.4.128: no connection to modbus server
[2024-11-26T06:45:57.046Z] Error writing to Modbus register: no connection to modbus server
[2024-11-26T06:45:57.178Z] Error reading or processing Modbus registers: no connection to modbus server
[2024-11-26T06:45:57.178Z] Error reading register 6507 for IP 10.30.4.128: no connection to modbus server
[2024-11-26T06:45:58.178Z] Error reading register 6507 for IP 10.30.4.128: no connection to modbus server
[2024-11-26T06:45:58.178Z] Error reading or processing Modbus registers: no connection to modbus server
[2024-11-26T06:45:59.057Z] Error writing to Modbus register: no connection to modbus server
[2024-11-26T06:45:59.178Z] Error reading or processing Modbus registers: no connection to modbus server
[2024-11-26T06:45:59.178Z] Error reading register 6507 for IP 10.30.4.128: no connection to modbus server
[2024-11-26T06:46:00.178Z] Error reading or processing Modbus registers: no connection to modbus server
[2024-11-26T06:46:00.178Z] Error reading register 6507 for IP 10.30.4.128: no connection to modbus server
[2024-11-26T06:46:01.058Z] Error writing to Modbus register: no connection to modbus server
[2024-11-26T06:46:01.178Z] Error reading or processing Modbus registers: no connection to modbus server
[2024-11-26T06:46:01.178Z] Error reading register 6507 for IP 10.30.4.128: no connection to modbus server
[2024-11-26T06:46:02.178Z] Error reading or processing Modbus registers: no connection to modbus server
[2024-11-26T06:46:02.178Z] Error reading register 6507 for IP 10.30.4.128: no connection to modbus server
[2024-11-26T06:46:03.058Z] Error writing to Modbus register: no connection to modbus server
[2024-11-26T06:46:03.178Z] Error reading or processing Modbus registers: no connection to modbus server
[2024-11-26T06:46:03.178Z] Error reading register 6507 for IP 10.30.4.128: no connection to modbus server
[2024-11-26T06:46:04.179Z] Error reading or processing Modbus registers: no connection to modbus server
[2024-11-26T06:46:04.179Z] Error reading register 6507 for IP 10.30.4.128: no connection to modbus server
[2024-11-26T06:46:05.072Z] Error writing to Modbus register: no connection to modbus server
[2024-11-26T06:46:05.179Z] Error reading or processing Modbus registers: no connection to modbus server
[2024-11-26T06:46:05.179Z] Error reading register 6507 for IP 10.30.4.128: no connection to modbus server
[2024-11-26T06:46:06.181Z] Error reading or processing Modbus registers: no connection to modbus server
[2024-11-26T06:46:06.181Z] Error reading register 6507 for IP 10.30.4.128: no connection to modbus server
[2024-11-26T06:46:07.085Z] Error writing to Modbus register: no connection to modbus server
[2024-11-26T06:46:07.191Z] Error reading or processing Modbus registers: no connection to modbus server
[2024-11-26T06:46:07.191Z] Error reading register 6507 for IP 10.30.4.128: no connection to modbus server
[2024-11-26T06:46:08.193Z] Error reading or processing Modbus registers: no connection to modbus server
[2024-11-26T06:46:08.194Z] Error reading register 6507 for IP 10.30.4.128: no connection to modbus server
[2024-11-26T06:46:09.085Z] Error writing to Modbus register: no connection to modbus server
[2024-11-26T06:46:09.205Z] Error reading or processing Modbus registers: no connection to modbus server
[2024-11-26T06:46:09.205Z] Error reading register 6507 for IP 10.30.4.128: no connection to modbus server
[2024-11-26T06:46:10.206Z] Error reading or processing Modbus registers: no connection to modbus server
[2024-11-26T06:46:10.206Z] Error reading register 6507 for IP 10.30.4.128: no connection to modbus server
[2024-11-26T06:46:11.086Z] Error writing to Modbus register: no connection to modbus server
[2024-11-26T06:46:11.206Z] Error reading or processing Modbus registers: no connection to modbus server
[2024-11-26T06:46:11.207Z] Error reading register 6507 for IP 10.30.4.128: no connection to modbus server
[2024-11-26T06:46:12.208Z] Error reading or processing Modbus registers: no connection to modbus server
[2024-11-26T06:46:12.209Z] Error reading register 6507 for IP 10.30.4.128: no connection to modbus server
[2024-11-26T06:46:13.101Z] Error writing to Modbus register: no connection to modbus server
[2024-11-26T06:46:13.208Z] Error reading or processing Modbus registers: no connection to modbus server
[2024-11-26T06:46:13.208Z] Error reading register 6507 for IP 10.30.4.128: no connection to modbus server
[2024-11-26T06:46:14.210Z] Error reading or processing Modbus registers: no connection to modbus server
[2024-11-26T06:46:14.210Z] Error reading register 6507 for IP 10.30.4.128: no connection to modbus server
[2024-11-26T06:46:15.102Z] Error writing to Modbus register: no connection to modbus server
[2024-11-26T06:46:15.223Z] Error reading or processing Modbus registers: no connection to modbus server
[2024-11-26T06:46:15.223Z] Error reading register 6507 for IP 10.30.4.128: no connection to modbus server
[2024-11-26T06:46:16.239Z] Error reading or processing Modbus registers: no connection to modbus server
[2024-11-26T06:46:16.239Z] Error reading register 6507 for IP 10.30.4.128: no connection to modbus server
[2024-11-26T06:46:17.117Z] Error writing to Modbus register: no connection to modbus server
[2024-11-26T06:46:17.253Z] Error reading or processing Modbus registers: no connection to modbus server
[2024-11-26T06:46:17.253Z] Error reading register 6507 for IP 10.30.4.128: no connection to modbus server
[2024-11-26T06:46:18.255Z] Error reading or processing Modbus registers: no connection to modbus server
[2024-11-26T06:46:18.255Z] Error reading register 6507 for IP 10.30.4.128: no connection to modbus server
[2024-11-26T06:46:19.132Z] Error writing to Modbus register: no connection to modbus server
[2024-11-26T06:46:19.268Z] Error reading or processing Modbus registers: no connection to modbus server
[2024-11-26T06:46:19.268Z] Error reading register 6507 for IP 10.30.4.128: no connection to modbus server
[2024-11-26T06:46:20.271Z] Error reading or processing Modbus registers: no connection to modbus server
[2024-11-26T06:46:20.271Z] Error reading register 6507 for IP 10.30.4.128: no connection to modbus server
[2024-11-26T06:46:21.134Z] Error writing to Modbus register: no connection to modbus server
[2024-11-26T06:46:21.286Z] Error reading or processing Modbus registers: no connection to modbus server
[2024-11-26T06:46:21.286Z] Error reading register 6507 for IP 10.30.4.128: no connection to modbus server
[2024-11-26T06:46:22.286Z] Error reading or processing Modbus registers: no connection to modbus server
[2024-11-26T06:46:22.286Z] Error reading register 6507 for IP 10.30.4.128: no connection to modbus server
[2024-11-26T06:46:23.148Z] Error writing to Modbus register: no connection to modbus server
[2024-11-26T06:46:23.301Z] Error reading or processing Modbus registers: no connection to modbus server
[2024-11-26T06:46:23.301Z] Error reading register 6507 for IP 10.30.4.128: no connection to modbus server
[2024-11-26T06:46:24.302Z] Error reading or processing Modbus registers: no connection to modbus server
[2024-11-26T06:46:24.302Z] Error reading register 6507 for IP 10.30.4.128: no connection to modbus server
[2024-11-26T06:46:25.150Z] Error writing to Modbus register: no connection to modbus server
[2024-11-26T06:46:25.317Z] Error reading or processing Modbus registers: no connection to modbus server
[2024-11-26T06:46:25.317Z] Error reading register 6507 for IP 10.30.4.128: no connection to modbus server
[2024-11-26T06:46:26.317Z] Error reading or processing Modbus registers: no connection to modbus server
[2024-11-26T06:46:26.317Z] Error reading register 6507 for IP 10.30.4.128: no connection to modbus server
[2024-11-26T06:46:27.151Z] Error writing to Modbus register: no connection to modbus server
[2024-11-26T06:46:27.318Z] Error reading or processing Modbus registers: no connection to modbus server
[2024-11-26T06:46:27.318Z] Error reading register 6507 for IP 10.30.4.128: no connection to modbus server
[2024-11-26T06:46:28.319Z] Error reading or processing Modbus registers: no connection to modbus server
[2024-11-26T06:46:28.319Z] Error reading register 6507 for IP 10.30.4.128: no connection to modbus server
[2024-11-26T06:46:29.153Z] Error writing to Modbus register: no connection to modbus server
[2024-11-26T06:46:29.320Z] Error reading or processing Modbus registers: no connection to modbus server
[2024-11-26T06:46:29.320Z] Error reading register 6507 for IP 10.30.4.128: no connection to modbus server
[2024-11-26T06:46:30.334Z] Error reading register 6507 for IP 10.30.4.128: no connection to modbus server
[2024-11-26T06:46:30.334Z] Error reading or processing Modbus registers: no connection to modbus server
[2024-11-26T06:46:31.168Z] Error writing to Modbus register: no connection to modbus server
[2024-11-26T06:46:31.335Z] Error reading or processing Modbus registers: no connection to modbus server
[2024-11-26T06:46:31.335Z] Error reading register 6507 for IP 10.30.4.128: no connection to modbus server
[2024-11-26T06:46:32.343Z] Error reading register 6507 for IP 10.30.4.128: no connection to modbus server
[2024-11-26T06:46:32.343Z] Error reading or processing Modbus registers: no connection to modbus server
[2024-11-26T06:46:33.175Z] Error writing to Modbus register: no connection to modbus server
[2024-11-26T06:46:33.356Z] Error reading or processing Modbus registers: no connection to modbus server
[2024-11-26T06:46:33.356Z] Error reading register 6507 for IP 10.30.4.128: no connection to modbus server
[2024-11-26T06:46:34.371Z] Error reading or processing Modbus registers: no connection to modbus server
[2024-11-26T06:46:34.371Z] Error reading register 6507 for IP 10.30.4.128: no connection to modbus server
[2024-11-26T06:46:35.190Z] Error writing to Modbus register: no connection to modbus server
[2024-11-26T06:46:35.385Z] Error reading or processing Modbus registers: no connection to modbus server
[2024-11-26T06:46:35.385Z] Error reading register 6507 for IP 10.30.4.128: no connection to modbus server
[2024-11-26T06:46:36.387Z] Error reading or processing Modbus registers: no connection to modbus server
[2024-11-26T06:46:36.387Z] Error reading register 6507 for IP 10.30.4.128: no connection to modbus server
[2024-11-26T06:46:37.204Z] Error writing to Modbus register: no connection to modbus server
[2024-11-26T06:46:37.400Z] Error reading or processing Modbus registers: no connection to modbus server
[2024-11-26T06:46:37.400Z] Error reading register 6507 for IP 10.30.4.128: no connection to modbus server
[2024-11-26T06:46:37.799Z] Unable to connect to device at 10.30.4.128: read ECONNRESET
[2024-11-26T06:46:37.800Z] Error reading register 6507 for IP 10.30.4.128: rejecting because of earlier OutOfSync error
[2024-11-26T06:46:37.800Z] Error reading or processing Modbus registers: rejecting because of earlier OutOfSync error
[2024-11-26T06:46:37.800Z] Error reading register 6507 for IP 10.30.4.128: rejecting because of earlier OutOfSync error
[2024-11-26T06:46:37.800Z] Error writing to Modbus register: rejecting because of earlier OutOfSync error
[2024-11-26T06:46:37.800Z] Error reading or processing Modbus registers: connection to modbus server closed
[2024-11-26T06:46:38.414Z] Error reading or processing Modbus registers: no connection to modbus server
[2024-11-26T06:46:38.415Z] Error reading register 6507 for IP 10.30.4.128: no connection to modbus server
[2024-11-26T06:46:38.415Z] Error reading or processing Modbus registers: no connection to modbus server
[2024-11-26T06:46:38.415Z] Error reading register 6507 for IP 10.30.4.128: no connection to modbus server
[2024-11-26T06:46:39.112Z] Error writing to Modbus register: no connection to modbus server
[2024-11-26T06:46:39.218Z] Error writing to Modbus register: no connection to modbus server
[2024-11-26T06:46:39.415Z] Error reading or processing Modbus registers: no connection to modbus server
[2024-11-26T06:46:39.415Z] Error reading or processing Modbus registers: no connection to modbus server
[2024-11-26T06:46:39.415Z] Error reading register 6507 for IP 10.30.4.128: no connection to modbus server
[2024-11-26T06:46:39.415Z] Error reading register 6507 for IP 10.30.4.128: no connection to modbus server
[2024-11-26T06:46:40.428Z] Error reading or processing Modbus registers: no connection to modbus server
[2024-11-26T06:46:40.428Z] Error reading register 6507 for IP 10.30.4.128: no connection to modbus server
[2024-11-26T06:46:40.428Z] Error reading register 6507 for IP 10.30.4.128: no connection to modbus server
[2024-11-26T06:46:40.428Z] Error reading or processing Modbus registers: no connection to modbus server
[2024-11-26T06:46:41.122Z] Error writing to Modbus register: no connection to modbus server
[2024-11-26T06:46:41.229Z] Error writing to Modbus register: no connection to modbus server
[2024-11-26T06:46:41.441Z] Error reading or processing Modbus registers: no connection to modbus server
[2024-11-26T06:46:41.441Z] Error reading register 6507 for IP 10.30.4.128: no connection to modbus server
[2024-11-26T06:46:41.442Z] Error reading or processing Modbus registers: no connection to modbus server
[2024-11-26T06:46:41.442Z] Error reading register 6507 for IP 10.30.4.128: no connection to modbus server
[2024-11-26T06:46:42.456Z] Error reading or processing Modbus registers: no connection to modbus server
[2024-11-26T06:46:42.456Z] Error reading or processing Modbus registers: no connection to modbus server
[2024-11-26T06:46:42.456Z] Error reading register 6507 for IP 10.30.4.128: no connection to modbus server
[2024-11-26T06:46:42.456Z] Error reading register 6507 for IP 10.30.4.128: no connection to modbus server
[2024-11-26T06:46:43.124Z] Error writing to Modbus register: no connection to modbus server
[2024-11-26T06:46:43.229Z] Error writing to Modbus register: no connection to modbus server
[2024-11-26T06:46:43.456Z] Error reading or processing Modbus registers: no connection to modbus server
[2024-11-26T06:46:43.456Z] Error reading register 6507 for IP 10.30.4.128: no connection to modbus server
[2024-11-26T06:46:43.456Z] Error reading register 6507 for IP 10.30.4.128: no connection to modbus server
[2024-11-26T06:46:43.456Z] Error reading or processing Modbus registers: no connection to modbus server
[2024-11-26T06:46:44.470Z] Error reading or processing Modbus registers: no connection to modbus server
[2024-11-26T06:46:44.470Z] Error reading register 6507 for IP 10.30.4.128: no connection to modbus server
[2024-11-26T06:46:44.470Z] Error reading or processing Modbus registers: no connection to modbus server
[2024-11-26T06:46:44.470Z] Error reading register 6507 for IP 10.30.4.128: no connection to modbus server
[2024-11-26T06:46:45.136Z] Error writing to Modbus register: no connection to modbus server
[2024-11-26T06:46:45.243Z] Error writing to Modbus register: no connection to modbus server
[2024-11-26T06:46:45.484Z] Error reading or processing Modbus registers: no connection to modbus server
[2024-11-26T06:46:45.484Z] Error reading register 6507 for IP 10.30.4.128: no connection to modbus server
[2024-11-26T06:46:45.484Z] Error reading register 6507 for IP 10.30.4.128: no connection to modbus server
[2024-11-26T06:46:45.484Z] Error reading or processing Modbus registers: no connection to modbus server
[2024-11-26T06:46:46.485Z] Error reading or processing Modbus registers: no connection to modbus server
[2024-11-26T06:46:46.486Z] Error reading or processing Modbus registers: no connection to modbus server
[2024-11-26T06:46:46.486Z] Error reading register 6507 for IP 10.30.4.128: no connection to modbus server
[2024-11-26T06:46:46.486Z] Error reading register 6507 for IP 10.30.4.128: no connection to modbus server
[2024-11-26T06:46:47.138Z] Error writing to Modbus register: no connection to modbus server
[2024-11-26T06:46:47.244Z] Error writing to Modbus register: no connection to modbus server
[2024-11-26T06:46:47.485Z] Error reading or processing Modbus registers: no connection to modbus server
[2024-11-26T06:46:47.485Z] Error reading register 6507 for IP 10.30.4.128: no connection to modbus server
[2024-11-26T06:46:47.486Z] Error reading or processing Modbus registers: no connection to modbus server
[2024-11-26T06:46:47.486Z] Error reading register 6507 for IP 10.30.4.128: no connection to modbus server
[2024-11-26T06:46:48.486Z] Error reading or processing Modbus registers: no connection to modbus server
[2024-11-26T06:46:48.486Z] Error reading register 6507 for IP 10.30.4.128: no connection to modbus server
[2024-11-26T06:46:48.487Z] Error reading or processing Modbus registers: no connection to modbus server
[2024-11-26T06:46:48.487Z] Error reading register 6507 for IP 10.30.4.128: no connection to modbus server
[2024-11-26T06:46:49.138Z] Error writing to Modbus register: no connection to modbus server
[2024-11-26T06:46:49.243Z] Error writing to Modbus register: no connection to modbus server
[2024-11-26T06:46:49.490Z] Error reading or processing Modbus registers: no connection to modbus server
[2024-11-26T06:46:49.490Z] Error reading register 6507 for IP 10.30.4.128: no connection to modbus server
[2024-11-26T06:46:49.490Z] Error reading or processing Modbus registers: no connection to modbus server
[2024-11-26T06:46:49.490Z] Error reading register 6507 for IP 10.30.4.128: no connection to modbus server
[2024-11-26T06:46:50.503Z] Error reading or processing Modbus registers: no connection to modbus server
[2024-11-26T06:46:50.503Z] Error reading register 6507 for IP 10.30.4.128: no connection to modbus server
[2024-11-26T06:46:50.503Z] Error reading or processing Modbus registers: no connection to modbus server
[2024-11-26T06:46:50.503Z] Error reading register 6507 for IP 10.30.4.128: no connection to modbus server
[2024-11-26T06:46:51.139Z] Error writing to Modbus register: no connection to modbus server
[2024-11-26T06:46:51.253Z] Error writing to Modbus register: no connection to modbus server
[2024-11-26T06:46:51.510Z] Error reading or processing Modbus registers: no connection to modbus server
[2024-11-26T06:46:51.510Z] Error reading register 6507 for IP 10.30.4.128: no connection to modbus server
[2024-11-26T06:46:51.510Z] Error reading or processing Modbus registers: no connection to modbus server
[2024-11-26T06:46:51.510Z] Error reading register 6507 for IP 10.30.4.128: no connection to modbus server
[2024-11-26T06:46:52.523Z] Error reading or processing Modbus registers: no connection to modbus server
[2024-11-26T06:46:52.523Z] Error reading register 6507 for IP 10.30.4.128: no connection to modbus server
[2024-11-26T06:46:52.523Z] Error reading or processing Modbus registers: no connection to modbus server
[2024-11-26T06:46:52.523Z] Error reading register 6507 for IP 10.30.4.128: no connection to modbus server
[2024-11-26T06:46:53.139Z] Error writing to Modbus register: no connection to modbus server
[2024-11-26T06:46:53.259Z] Error writing to Modbus register: no connection to modbus server
[2024-11-26T06:46:53.532Z] Error reading or processing Modbus registers: no connection to modbus server
[2024-11-26T06:46:53.532Z] Error reading or processing Modbus registers: no connection to modbus server
[2024-11-26T06:46:53.532Z] Error reading register 6507 for IP 10.30.4.128: no connection to modbus server
[2024-11-26T06:46:53.532Z] Error reading register 6507 for IP 10.30.4.128: no connection to modbus server
[2024-11-26T06:46:54.538Z] Error reading or processing Modbus registers: no connection to modbus server
[2024-11-26T06:46:54.538Z] Error reading register 6507 for IP 10.30.4.128: no connection to modbus server
[2024-11-26T06:46:54.538Z] Error reading or processing Modbus registers: no connection to modbus server
[2024-11-26T06:46:54.538Z] Error reading register 6507 for IP 10.30.4.128: no connection to modbus server
[2024-11-26T06:46:55.139Z] Error writing to Modbus register: no connection to modbus server
[2024-11-26T06:46:55.267Z] Error writing to Modbus register: no connection to modbus server
[2024-11-26T06:46:55.540Z] Error reading or processing Modbus registers: no connection to modbus server
[2024-11-26T06:46:55.540Z] Error reading register 6507 for IP 10.30.4.128: no connection to modbus server
[2024-11-26T06:46:55.540Z] Error reading or processing Modbus registers: no connection to modbus server
[2024-11-26T06:46:55.540Z] Error reading register 6507 for IP 10.30.4.128: no connection to modbus server
[2024-11-26T06:46:56.545Z] Error reading or processing Modbus registers: no connection to modbus server
[2024-11-26T06:46:56.545Z] Error reading register 6507 for IP 10.30.4.128: no connection to modbus server
[2024-11-26T06:46:56.545Z] Error reading register 6507 for IP 10.30.4.128: no connection to modbus server
[2024-11-26T06:46:56.545Z] Error reading or processing Modbus registers: no connection to modbus server
[2024-11-26T06:46:57.139Z] Error writing to Modbus register: no connection to modbus server
[2024-11-26T06:46:57.273Z] Error writing to Modbus register: no connection to modbus server
[2024-11-26T06:46:57.549Z] Error reading or processing Modbus registers: no connection to modbus server
[2024-11-26T06:46:57.549Z] Error reading register 6507 for IP 10.30.4.128: no connection to modbus server
[2024-11-26T06:46:57.550Z] Error reading register 6507 for IP 10.30.4.128: no connection to modbus server
[2024-11-26T06:46:57.550Z] Error reading or processing Modbus registers: no connection to modbus server
[2024-11-26T06:46:58.562Z] Error reading or processing Modbus registers: no connection to modbus server
[2024-11-26T06:46:58.562Z] Error reading register 6507 for IP 10.30.4.128: no connection to modbus server
[2024-11-26T06:46:58.562Z] Error reading or processing Modbus registers: no connection to modbus server
[2024-11-26T06:46:58.562Z] Error reading register 6507 for IP 10.30.4.128: no connection to modbus server
[2024-11-26T06:46:59.146Z] Error writing to Modbus register: no connection to modbus server
[2024-11-26T06:46:59.273Z] Error writing to Modbus register: no connection to modbus server
[2024-11-26T06:46:59.563Z] Error reading or processing Modbus registers: no connection to modbus server
[2024-11-26T06:46:59.563Z] Error reading register 6507 for IP 10.30.4.128: no connection to modbus server
[2024-11-26T06:46:59.563Z] Error reading or processing Modbus registers: no connection to modbus server
[2024-11-26T06:46:59.563Z] Error reading register 6507 for IP 10.30.4.128: no connection to modbus server
[2024-11-26T06:47:00.577Z] Error reading or processing Modbus registers: no connection to modbus server
[2024-11-26T06:47:00.577Z] Error reading register 6507 for IP 10.30.4.128: no connection to modbus server
[2024-11-26T06:47:00.578Z] Error reading register 6507 for IP 10.30.4.128: no connection to modbus server
[2024-11-26T06:47:00.577Z] Error reading or processing Modbus registers: no connection to modbus server
[2024-11-26T06:47:01.145Z] Error writing to Modbus register: no connection to modbus server
[2024-11-26T06:47:01.274Z] Error writing to Modbus register: no connection to modbus server
[2024-11-26T06:47:01.591Z] Error reading or processing Modbus registers: no connection to modbus server
[2024-11-26T06:47:01.591Z] Error reading register 6507 for IP 10.30.4.128: no connection to modbus server
[2024-11-26T06:47:01.591Z] Error reading or processing Modbus registers: no connection to modbus server
[2024-11-26T06:47:01.592Z] Error reading register 6507 for IP 10.30.4.128: no connection to modbus server
[2024-11-26T06:47:02.606Z] Error reading or processing Modbus registers: no connection to modbus server
[2024-11-26T06:47:02.606Z] Error reading register 6507 for IP 10.30.4.128: no connection to modbus server
[2024-11-26T06:47:02.606Z] Error reading or processing Modbus registers: no connection to modbus server
[2024-11-26T06:47:02.606Z] Error reading register 6507 for IP 10.30.4.128: no connection to modbus server
[2024-11-26T06:47:03.145Z] Error writing to Modbus register: no connection to modbus server
[2024-11-26T06:47:03.274Z] Error writing to Modbus register: no connection to modbus server
[2024-11-26T06:47:03.609Z] Error reading or processing Modbus registers: no connection to modbus server
[2024-11-26T06:47:03.609Z] Error reading register 6507 for IP 10.30.4.128: no connection to modbus server
[2024-11-26T06:47:03.609Z] Error reading register 6507 for IP 10.30.4.128: no connection to modbus server
[2024-11-26T06:47:03.609Z] Error reading or processing Modbus registers: no connection to modbus server
[2024-11-26T06:47:04.611Z] Error reading or processing Modbus registers: no connection to modbus server
[2024-11-26T06:47:04.611Z] Error reading register 6507 for IP 10.30.4.128: no connection to modbus server
[2024-11-26T06:47:04.611Z] Error reading register 6507 for IP 10.30.4.128: no connection to modbus server
[2024-11-26T06:47:04.611Z] Error reading or processing Modbus registers: no connection to modbus server
[2024-11-26T06:47:05.157Z] Error writing to Modbus register: no connection to modbus server
[2024-11-26T06:47:05.274Z] Error writing to Modbus register: no connection to modbus server
[2024-11-26T06:47:05.611Z] Error reading or processing Modbus registers: no connection to modbus server
[2024-11-26T06:47:05.611Z] Error reading or processing Modbus registers: no connection to modbus server
[2024-11-26T06:47:05.611Z] Error reading register 6507 for IP 10.30.4.128: no connection to modbus server
[2024-11-26T06:47:05.611Z] Error reading register 6507 for IP 10.30.4.128: no connection to modbus server
[2024-11-26T06:47:06.610Z] Error reading or processing Modbus registers: no connection to modbus server
[2024-11-26T06:47:06.610Z] Error reading register 6507 for IP 10.30.4.128: no connection to modbus server
[2024-11-26T06:47:06.611Z] Error reading or processing Modbus registers: no connection to modbus server
[2024-11-26T06:47:06.611Z] Error reading register 6507 for IP 10.30.4.128: no connection to modbus server
[2024-11-26T06:47:07.160Z] Error writing to Modbus register: no connection to modbus server
[2024-11-26T06:47:07.274Z] Error writing to Modbus register: no connection to modbus server
[2024-11-26T06:47:07.611Z] Error reading or processing Modbus registers: no connection to modbus server
[2024-11-26T06:47:07.611Z] Error reading register 6507 for IP 10.30.4.128: no connection to modbus server
[2024-11-26T06:47:07.611Z] Error reading or processing Modbus registers: no connection to modbus server
[2024-11-26T06:47:07.611Z] Error reading register 6507 for IP 10.30.4.128: no connection to modbus server
[2024-11-26T06:47:08.625Z] Error reading or processing Modbus registers: no connection to modbus server
[2024-11-26T06:47:08.625Z] Error reading register 6507 for IP 10.30.4.128: no connection to modbus server
[2024-11-26T06:47:08.625Z] Error reading or processing Modbus registers: no connection to modbus server
[2024-11-26T06:47:08.625Z] Error reading register 6507 for IP 10.30.4.128: no connection to modbus server
[2024-11-26T06:47:09.160Z] Error writing to Modbus register: no connection to modbus server
[2024-11-26T06:47:09.274Z] Error writing to Modbus register: no connection to modbus server
[2024-11-26T06:47:09.625Z] Error reading or processing Modbus registers: no connection to modbus server
[2024-11-26T06:47:09.625Z] Error reading register 6507 for IP 10.30.4.128: no connection to modbus server
[2024-11-26T06:47:09.625Z] Error reading register 6507 for IP 10.30.4.128: no connection to modbus server
[2024-11-26T06:47:09.625Z] Error reading or processing Modbus registers: no connection to modbus server
[2024-11-26T06:47:10.640Z] Error reading or processing Modbus registers: no connection to modbus server
[2024-11-26T06:47:10.640Z] Error reading register 6507 for IP 10.30.4.128: no connection to modbus server
[2024-11-26T06:47:10.640Z] Error reading or processing Modbus registers: no connection to modbus server
[2024-11-26T06:47:10.640Z] Error reading register 6507 for IP 10.30.4.128: no connection to modbus server
[2024-11-26T06:47:11.168Z] Error writing to Modbus register: no connection to modbus server
[2024-11-26T06:47:11.274Z] Error writing to Modbus register: no connection to modbus server
[2024-11-26T06:47:11.653Z] Error reading or processing Modbus registers: no connection to modbus server
[2024-11-26T06:47:11.653Z] Error reading register 6507 for IP 10.30.4.128: no connection to modbus server
[2024-11-26T06:47:11.653Z] Error reading or processing Modbus registers: no connection to modbus server
[2024-11-26T06:47:11.653Z] Error reading register 6507 for IP 10.30.4.128: no connection to modbus server
[2024-11-26T06:47:12.655Z] Error reading register 6507 for IP 10.30.4.128: no connection to modbus server
[2024-11-26T06:47:12.655Z] Error reading or processing Modbus registers: no connection to modbus server
[2024-11-26T06:47:12.655Z] Error reading or processing Modbus registers: no connection to modbus server
[2024-11-26T06:47:12.655Z] Error reading register 6507 for IP 10.30.4.128: no connection to modbus server
[2024-11-26T06:47:13.169Z] Error writing to Modbus register: no connection to modbus server
[2024-11-26T06:47:13.274Z] Error writing to Modbus register: no connection to modbus server
[2024-11-26T06:47:13.670Z] Error reading or processing Modbus registers: no connection to modbus server
[2024-11-26T06:47:13.670Z] Error reading register 6507 for IP 10.30.4.128: no connection to modbus server
[2024-11-26T06:47:13.670Z] Error reading or processing Modbus registers: no connection to modbus server
[2024-11-26T06:47:13.670Z] Error reading register 6507 for IP 10.30.4.128: no connection to modbus server
[2024-11-26T06:47:14.672Z] Error reading or processing Modbus registers: no connection to modbus server
[2024-11-26T06:47:14.673Z] Error reading register 6507 for IP 10.30.4.128: no connection to modbus server
[2024-11-26T06:47:14.673Z] Error reading or processing Modbus registers: no connection to modbus server
[2024-11-26T06:47:14.673Z] Error reading register 6507 for IP 10.30.4.128: no connection to modbus server
[2024-11-26T06:47:15.175Z] Error writing to Modbus register: no connection to modbus server
[2024-11-26T06:47:15.279Z] Error writing to Modbus register: no connection to modbus server
[2024-11-26T06:47:15.677Z] Error reading or processing Modbus registers: no connection to modbus server
[2024-11-26T06:47:15.677Z] Error reading register 6507 for IP 10.30.4.128: no connection to modbus server
[2024-11-26T06:47:15.677Z] Error reading or processing Modbus registers: no connection to modbus server
[2024-11-26T06:47:15.677Z] Error reading register 6507 for IP 10.30.4.128: no connection to modbus server
[2024-11-26T06:47:16.678Z] Error reading or processing Modbus registers: no connection to modbus server
[2024-11-26T06:47:16.678Z] Error reading register 6507 for IP 10.30.4.128: no connection to modbus server
[2024-11-26T06:47:16.678Z] Error reading or processing Modbus registers: no connection to modbus server
[2024-11-26T06:47:16.678Z] Error reading register 6507 for IP 10.30.4.128: no connection to modbus server
[2024-11-26T06:47:17.176Z] Error writing to Modbus register: no connection to modbus server
[2024-11-26T06:47:17.278Z] Error writing to Modbus register: no connection to modbus server
[2024-11-26T06:47:17.693Z] Error reading or processing Modbus registers: no connection to modbus server
[2024-11-26T06:47:17.694Z] Error reading or processing Modbus registers: no connection to modbus server
[2024-11-26T06:47:17.694Z] Error reading register 6507 for IP 10.30.4.128: no connection to modbus server
[2024-11-26T06:47:17.693Z] Error reading register 6507 for IP 10.30.4.128: no connection to modbus server
[2024-11-26T06:47:18.706Z] Error reading or processing Modbus registers: no connection to modbus server
[2024-11-26T06:47:18.706Z] Error reading register 6507 for IP 10.30.4.128: no connection to modbus server
[2024-11-26T06:47:18.706Z] Error reading or processing Modbus registers: no connection to modbus server
[2024-11-26T06:47:18.706Z] Error reading register 6507 for IP 10.30.4.128: no connection to modbus server
[2024-11-26T06:47:19.191Z] Error writing to Modbus register: no connection to modbus server
[2024-11-26T06:47:19.278Z] Error writing to Modbus register: no connection to modbus server
[2024-11-26T06:47:19.707Z] Error reading or processing Modbus registers: no connection to modbus server
[2024-11-26T06:47:19.707Z] Error reading register 6507 for IP 10.30.4.128: no connection to modbus server
[2024-11-26T06:47:19.707Z] Error reading or processing Modbus registers: no connection to modbus server
[2024-11-26T06:47:19.707Z] Error reading register 6507 for IP 10.30.4.128: no connection to modbus server
[2024-11-26T06:47:20.707Z] Error reading or processing Modbus registers: no connection to modbus server
[2024-11-26T06:47:20.707Z] Error reading register 6507 for IP 10.30.4.128: no connection to modbus server
[2024-11-26T06:47:20.707Z] Error reading or processing Modbus registers: no connection to modbus server
[2024-11-26T06:47:20.707Z] Error reading register 6507 for IP 10.30.4.128: no connection to modbus server
[2024-11-26T06:47:21.206Z] Error writing to Modbus register: no connection to modbus server
[2024-11-26T06:47:21.281Z] Error writing to Modbus register: no connection to modbus server
[2024-11-26T06:47:21.721Z] Error reading or processing Modbus registers: no connection to modbus server
[2024-11-26T06:47:21.721Z] Error reading register 6507 for IP 10.30.4.128: no connection to modbus server
[2024-11-26T06:47:21.721Z] Error reading or processing Modbus registers: no connection to modbus server
[2024-11-26T06:47:21.721Z] Error reading register 6507 for IP 10.30.4.128: no connection to modbus server
[2024-11-26T06:47:22.735Z] Error reading or processing Modbus registers: no connection to modbus server
[2024-11-26T06:47:22.736Z] Error reading register 6507 for IP 10.30.4.128: no connection to modbus server
[2024-11-26T06:47:22.736Z] Error reading or processing Modbus registers: no connection to modbus server
[2024-11-26T06:47:22.736Z] Error reading register 6507 for IP 10.30.4.128: no connection to modbus server
[2024-11-26T06:47:23.206Z] Error writing to Modbus register: no connection to modbus server
[2024-11-26T06:47:23.281Z] Error writing to Modbus register: no connection to modbus server
[2024-11-26T06:47:23.736Z] Error reading or processing Modbus registers: no connection to modbus server
[2024-11-26T06:47:23.736Z] Error reading register 6507 for IP 10.30.4.128: no connection to modbus server
[2024-11-26T06:47:23.737Z] Error reading register 6507 for IP 10.30.4.128: no connection to modbus server
[2024-11-26T06:47:23.736Z] Error reading or processing Modbus registers: no connection to modbus server
[2024-11-26T06:47:24.737Z] Error reading or processing Modbus registers: no connection to modbus server
[2024-11-26T06:47:24.737Z] Error reading register 6507 for IP 10.30.4.128: no connection to modbus server
[2024-11-26T06:47:24.737Z] Error reading register 6507 for IP 10.30.4.128: no connection to modbus server
[2024-11-26T06:47:24.737Z] Error reading or processing Modbus registers: no connection to modbus server
[2024-11-26T06:47:25.206Z] Error writing to Modbus register: no connection to modbus server
[2024-11-26T06:47:25.283Z] Error writing to Modbus register: no connection to modbus server
[2024-11-26T06:47:25.738Z] Error reading register 6507 for IP 10.30.4.128: no connection to modbus server
[2024-11-26T06:47:25.738Z] Error reading or processing Modbus registers: no connection to modbus server
[2024-11-26T06:47:25.738Z] Error reading register 6507 for IP 10.30.4.128: no connection to modbus server
[2024-11-26T06:47:25.738Z] Error reading or processing Modbus registers: no connection to modbus server
[2024-11-26T06:47:26.752Z] Error reading or processing Modbus registers: no connection to modbus server
[2024-11-26T06:47:26.752Z] Error reading register 6507 for IP 10.30.4.128: no connection to modbus server
[2024-11-26T06:47:26.752Z] Error reading register 6507 for IP 10.30.4.128: no connection to modbus server
[2024-11-26T06:47:26.752Z] Error reading or processing Modbus registers: no connection to modbus server
[2024-11-26T06:47:27.221Z] Error writing to Modbus register: no connection to modbus server
[2024-11-26T06:47:27.297Z] Error writing to Modbus register: no connection to modbus server
[2024-11-26T06:47:27.752Z] Error reading or processing Modbus registers: no connection to modbus server
[2024-11-26T06:47:27.752Z] Error reading register 6507 for IP 10.30.4.128: no connection to modbus server
[2024-11-26T06:47:27.752Z] Error reading or processing Modbus registers: no connection to modbus server
[2024-11-26T06:47:27.752Z] Error reading register 6507 for IP 10.30.4.128: no connection to modbus server
[2024-11-26T06:47:28.767Z] Error reading or processing Modbus registers: no connection to modbus server
[2024-11-26T06:47:28.767Z] Error reading register 6507 for IP 10.30.4.128: no connection to modbus server
[2024-11-26T06:47:28.767Z] Error reading or processing Modbus registers: no connection to modbus server
[2024-11-26T06:47:28.767Z] Error reading register 6507 for IP 10.30.4.128: no connection to modbus server
[2024-11-26T06:47:29.235Z] Error writing to Modbus register: no connection to modbus server
[2024-11-26T06:47:29.310Z] Error writing to Modbus register: no connection to modbus server
[2024-11-26T06:47:29.767Z] Error reading register 6507 for IP 10.30.4.128: no connection to modbus server
[2024-11-26T06:47:29.767Z] Error reading or processing Modbus registers: no connection to modbus server
[2024-11-26T06:47:29.767Z] Error reading register 6507 for IP 10.30.4.128: no connection to modbus server
[2024-11-26T06:47:29.767Z] Error reading or processing Modbus registers: no connection to modbus server
[2024-11-26T06:47:30.777Z] Error reading or processing Modbus registers: no connection to modbus server
[2024-11-26T06:47:30.777Z] Error reading register 6507 for IP 10.30.4.128: no connection to modbus server
[2024-11-26T06:47:30.777Z] Error reading or processing Modbus registers: no connection to modbus server
[2024-11-26T06:47:30.777Z] Error reading register 6507 for IP 10.30.4.128: no connection to modbus server
[2024-11-26T06:47:31.239Z] Error writing to Modbus register: no connection to modbus server
[2024-11-26T06:47:31.315Z] Error writing to Modbus register: no connection to modbus server
[2024-11-26T06:47:31.788Z] Error reading or processing Modbus registers: no connection to modbus server
[2024-11-26T06:47:31.788Z] Error reading register 6507 for IP 10.30.4.128: no connection to modbus server
[2024-11-26T06:47:31.788Z] Error reading register 6507 for IP 10.30.4.128: no connection to modbus server
[2024-11-26T06:47:31.788Z] Error reading or processing Modbus registers: no connection to modbus server
[2024-11-26T06:47:32.801Z] Error reading register 6507 for IP 10.30.4.128: no connection to modbus server
[2024-11-26T06:47:32.801Z] Error reading or processing Modbus registers: no connection to modbus server
[2024-11-26T06:47:32.801Z] Error reading register 6507 for IP 10.30.4.128: no connection to modbus server
[2024-11-26T06:47:32.801Z] Error reading or processing Modbus registers: no connection to modbus server
[2024-11-26T06:47:33.244Z] Error writing to Modbus register: no connection to modbus server
[2024-11-26T06:47:33.321Z] Error writing to Modbus register: no connection to modbus server
[2024-11-26T06:47:33.815Z] Error reading or processing Modbus registers: no connection to modbus server
[2024-11-26T06:47:33.815Z] Error reading register 6507 for IP 10.30.4.128: no connection to modbus server
[2024-11-26T06:47:33.815Z] Error reading or processing Modbus registers: no connection to modbus server
[2024-11-26T06:47:33.815Z] Error reading register 6507 for IP 10.30.4.128: no connection to modbus server
[2024-11-26T06:47:34.824Z] Error reading or processing Modbus registers: no connection to modbus server
[2024-11-26T06:47:34.824Z] Error reading register 6507 for IP 10.30.4.128: no connection to modbus server
[2024-11-26T06:47:34.824Z] Error reading or processing Modbus registers: no connection to modbus server
[2024-11-26T06:47:34.824Z] Error reading register 6507 for IP 10.30.4.128: no connection to modbus server
[2024-11-26T06:47:35.253Z] Error writing to Modbus register: no connection to modbus server
[2024-11-26T06:47:35.331Z] Error writing to Modbus register: no connection to modbus server
[2024-11-26T06:47:35.838Z] Error reading or processing Modbus registers: no connection to modbus server
[2024-11-26T06:47:35.838Z] Error reading register 6507 for IP 10.30.4.128: no connection to modbus server
[2024-11-26T06:47:35.838Z] Error reading or processing Modbus registers: no connection to modbus server
[2024-11-26T06:47:35.838Z] Error reading register 6507 for IP 10.30.4.128: no connection to modbus server
[2024-11-26T06:47:36.852Z] Error reading register 6507 for IP 10.30.4.128: no connection to modbus server
[2024-11-26T06:47:36.852Z] Error reading or processing Modbus registers: no connection to modbus server
[2024-11-26T06:47:36.852Z] Error reading or processing Modbus registers: no connection to modbus server
[2024-11-26T06:47:36.852Z] Error reading register 6507 for IP 10.30.4.128: no connection to modbus server
[2024-11-26T06:47:37.260Z] Error writing to Modbus register: no connection to modbus server
[2024-11-26T06:47:37.336Z] Error writing to Modbus register: no connection to modbus server
[2024-11-26T06:47:37.866Z] Error reading or processing Modbus registers: no connection to modbus server
[2024-11-26T06:47:37.866Z] Error reading register 6507 for IP 10.30.4.128: no connection to modbus server
[2024-11-26T06:47:37.866Z] Error reading register 6507 for IP 10.30.4.128: no connection to modbus server
[2024-11-26T06:47:37.866Z] Error reading or processing Modbus registers: no connection to modbus server
[2024-11-26T06:47:38.867Z] Error reading or processing Modbus registers: no connection to modbus server
[2024-11-26T06:47:38.867Z] Error reading register 6507 for IP 10.30.4.128: no connection to modbus server
[2024-11-26T06:47:38.867Z] Error reading register 6507 for IP 10.30.4.128: no connection to modbus server
[2024-11-26T06:47:38.867Z] Error reading or processing Modbus registers: no connection to modbus server
[2024-11-26T06:47:39.261Z] Error writing to Modbus register: no connection to modbus server
[2024-11-26T06:47:39.337Z] Error writing to Modbus register: no connection to modbus server
[2024-11-26T06:47:39.868Z] Error reading register 6507 for IP 10.30.4.128: no connection to modbus server
[2024-11-26T06:47:39.867Z] Error reading or processing Modbus registers: no connection to modbus server
[2024-11-26T06:47:39.868Z] Error reading register 6507 for IP 10.30.4.128: no connection to modbus server
[2024-11-26T06:47:39.868Z] Error reading or processing Modbus registers: no connection to modbus server
[2024-11-26T06:47:40.875Z] Error reading or processing Modbus registers: no connection to modbus server
[2024-11-26T06:47:40.875Z] Error reading register 6507 for IP 10.30.4.128: no connection to modbus server
[2024-11-26T06:47:40.875Z] Error reading or processing Modbus registers: no connection to modbus server
[2024-11-26T06:47:40.875Z] Error reading register 6507 for IP 10.30.4.128: no connection to modbus server
[2024-11-26T06:47:41.277Z] Error writing to Modbus register: no connection to modbus server
[2024-11-26T06:47:41.352Z] Error writing to Modbus register: no connection to modbus server
[2024-11-26T06:47:41.883Z] Error reading or processing Modbus registers: no connection to modbus server
[2024-11-26T06:47:41.883Z] Error reading register 6507 for IP 10.30.4.128: no connection to modbus server
[2024-11-26T06:47:41.883Z] Error reading register 6507 for IP 10.30.4.128: no connection to modbus server
[2024-11-26T06:47:41.883Z] Error reading or processing Modbus registers: no connection to modbus server
[2024-11-26T06:47:42.897Z] Error reading or processing Modbus registers: no connection to modbus server
[2024-11-26T06:47:42.897Z] Error reading register 6507 for IP 10.30.4.128: no connection to modbus server
[2024-11-26T06:47:42.897Z] Error reading or processing Modbus registers: no connection to modbus server
[2024-11-26T06:47:42.897Z] Error reading register 6507 for IP 10.30.4.128: no connection to modbus server
[2024-11-26T06:47:43.290Z] Error writing to Modbus register: no connection to modbus server
[2024-11-26T06:47:43.351Z] Error writing to Modbus register: no connection to modbus server
[2024-11-26T06:47:43.910Z] Error reading or processing Modbus registers: no connection to modbus server
[2024-11-26T06:47:43.910Z] Error reading register 6507 for IP 10.30.4.128: no connection to modbus server
[2024-11-26T06:47:43.910Z] Error reading or processing Modbus registers: no connection to modbus server
[2024-11-26T06:47:43.911Z] Error reading register 6507 for IP 10.30.4.128: no connection to modbus server
[2024-11-26T06:47:44.911Z] Error reading or processing Modbus registers: no connection to modbus server
[2024-11-26T06:47:44.911Z] Error reading register 6507 for IP 10.30.4.128: no connection to modbus server
[2024-11-26T06:47:44.911Z] Error reading register 6507 for IP 10.30.4.128: no connection to modbus server
[2024-11-26T06:47:44.911Z] Error reading or processing Modbus registers: no connection to modbus server
[2024-11-26T06:47:45.293Z] Error writing to Modbus register: no connection to modbus server
[2024-11-26T06:47:45.353Z] Error writing to Modbus register: no connection to modbus server
[2024-11-26T06:47:45.918Z] Error reading or processing Modbus registers: no connection to modbus server
[2024-11-26T06:47:45.918Z] Error reading register 6507 for IP 10.30.4.128: no connection to modbus server
[2024-11-26T06:47:45.918Z] Error reading or processing Modbus registers: no connection to modbus server
[2024-11-26T06:47:45.918Z] Error reading register 6507 for IP 10.30.4.128: no connection to modbus server
[2024-11-26T06:47:46.932Z] Error reading or processing Modbus registers: no connection to modbus server
[2024-11-26T06:47:46.932Z] Error reading register 6507 for IP 10.30.4.128: no connection to modbus server
[2024-11-26T06:47:46.932Z] Error reading register 6507 for IP 10.30.4.128: no connection to modbus server
[2024-11-26T06:47:46.932Z] Error reading or processing Modbus registers: no connection to modbus server
[2024-11-26T06:47:47.301Z] Error writing to Modbus register: no connection to modbus server
[2024-11-26T06:47:47.363Z] Error writing to Modbus register: no connection to modbus server
[2024-11-26T06:47:47.943Z] Error reading or processing Modbus registers: no connection to modbus server
[2024-11-26T06:47:47.943Z] Error reading register 6507 for IP 10.30.4.128: no connection to modbus server
[2024-11-26T06:47:47.943Z] Error reading or processing Modbus registers: no connection to modbus server
[2024-11-26T06:47:47.943Z] Error reading register 6507 for IP 10.30.4.128: no connection to modbus server
[2024-11-26T06:47:48.947Z] Error reading or processing Modbus registers: no connection to modbus server
[2024-11-26T06:47:48.947Z] Error reading register 6507 for IP 10.30.4.128: no connection to modbus server
[2024-11-26T06:47:48.947Z] Error reading or processing Modbus registers: no connection to modbus server
[2024-11-26T06:47:48.947Z] Error reading register 6507 for IP 10.30.4.128: no connection to modbus server
[2024-11-26T06:47:49.314Z] Error writing to Modbus register: no connection to modbus server
[2024-11-26T06:47:49.375Z] Error writing to Modbus register: no connection to modbus server
[2024-11-26T06:47:49.955Z] Error reading or processing Modbus registers: no connection to modbus server
[2024-11-26T06:47:49.955Z] Error reading register 6507 for IP 10.30.4.128: no connection to modbus server
[2024-11-26T06:47:49.955Z] Error reading or processing Modbus registers: no connection to modbus server
[2024-11-26T06:47:49.955Z] Error reading register 6507 for IP 10.30.4.128: no connection to modbus server
[2024-11-26T06:47:50.963Z] Error reading or processing Modbus registers: no connection to modbus server
[2024-11-26T06:47:50.963Z] Error reading register 6507 for IP 10.30.4.128: no connection to modbus server
[2024-11-26T06:47:50.963Z] Error reading or processing Modbus registers: no connection to modbus server
[2024-11-26T06:47:50.963Z] Error reading register 6507 for IP 10.30.4.128: no connection to modbus server
[2024-11-26T06:47:51.317Z] Error writing to Modbus register: no connection to modbus server
[2024-11-26T06:47:51.379Z] Error writing to Modbus register: no connection to modbus server
[2024-11-26T06:47:51.976Z] Error reading or processing Modbus registers: no connection to modbus server
[2024-11-26T06:47:51.976Z] Error reading register 6507 for IP 10.30.4.128: no connection to modbus server
[2024-11-26T06:47:51.976Z] Error reading register 6507 for IP 10.30.4.128: no connection to modbus server
[2024-11-26T06:47:51.976Z] Error reading or processing Modbus registers: no connection to modbus server
[2024-11-26T06:47:52.984Z] Error reading or processing Modbus registers: no connection to modbus server
[2024-11-26T06:47:52.984Z] Error reading register 6507 for IP 10.30.4.128: no connection to modbus server
[2024-11-26T06:47:52.984Z] Error reading or processing Modbus registers: no connection to modbus server
[2024-11-26T06:47:52.984Z] Error reading register 6507 for IP 10.30.4.128: no connection to modbus server
[2024-11-26T06:47:53.319Z] Error writing to Modbus register: no connection to modbus server
[2024-11-26T06:47:53.380Z] Error writing to Modbus register: no connection to modbus server
[2024-11-26T06:47:53.988Z] Error reading or processing Modbus registers: no connection to modbus server
[2024-11-26T06:47:53.988Z] Error reading register 6507 for IP 10.30.4.128: no connection to modbus server
[2024-11-26T06:47:53.989Z] Error reading or processing Modbus registers: no connection to modbus server
[2024-11-26T06:47:53.989Z] Error reading register 6507 for IP 10.30.4.128: no connection to modbus server
[2024-11-26T06:47:54.994Z] Error reading or processing Modbus registers: no connection to modbus server
[2024-11-26T06:47:54.994Z] Error reading register 6507 for IP 10.30.4.128: no connection to modbus server
[2024-11-26T06:47:54.994Z] Error reading register 6507 for IP 10.30.4.128: no connection to modbus server
[2024-11-26T06:47:54.994Z] Error reading or processing Modbus registers: no connection to modbus server
[2024-11-26T06:47:55.330Z] Error writing to Modbus register: no connection to modbus server
[2024-11-26T06:47:55.392Z] Error writing to Modbus register: no connection to modbus server
[2024-11-26T06:47:56.005Z] Error reading or processing Modbus registers: no connection to modbus server
[2024-11-26T06:47:56.005Z] Error reading register 6507 for IP 10.30.4.128: no connection to modbus server
[2024-11-26T06:47:56.005Z] Error reading or processing Modbus registers: no connection to modbus server
[2024-11-26T06:47:56.005Z] Error reading register 6507 for IP 10.30.4.128: no connection to modbus server
[2024-11-26T06:47:57.019Z] Error reading or processing Modbus registers: no connection to modbus server
[2024-11-26T06:47:57.019Z] Error reading register 6507 for IP 10.30.4.128: no connection to modbus server
[2024-11-26T06:47:57.019Z] Error reading register 6507 for IP 10.30.4.128: no connection to modbus server
[2024-11-26T06:47:57.019Z] Error reading or processing Modbus registers: no connection to modbus server
[2024-11-26T06:47:57.340Z] Error writing to Modbus register: no connection to modbus server
[2024-11-26T06:47:57.402Z] Error writing to Modbus register: no connection to modbus server
[2024-11-26T06:47:58.028Z] Error reading or processing Modbus registers: no connection to modbus server
[2024-11-26T06:47:58.028Z] Error reading register 6507 for IP 10.30.4.128: no connection to modbus server
[2024-11-26T06:47:58.029Z] Error reading register 6507 for IP 10.30.4.128: no connection to modbus server
[2024-11-26T06:47:58.029Z] Error reading or processing Modbus registers: no connection to modbus server
[2024-11-26T06:47:59.043Z] Error reading or processing Modbus registers: no connection to modbus server
[2024-11-26T06:47:59.043Z] Error reading register 6507 for IP 10.30.4.128: no connection to modbus server
[2024-11-26T06:47:59.043Z] Error reading register 6507 for IP 10.30.4.128: no connection to modbus server
[2024-11-26T06:47:59.043Z] Error reading or processing Modbus registers: no connection to modbus server
[2024-11-26T06:47:59.352Z] Error writing to Modbus register: no connection to modbus server
[2024-11-26T06:47:59.412Z] Error writing to Modbus register: no connection to modbus server
[2024-11-26T06:48:00.057Z] Error reading or processing Modbus registers: no connection to modbus server
[2024-11-26T06:48:00.057Z] Error reading register 6507 for IP 10.30.4.128: no connection to modbus server
[2024-11-26T06:48:00.057Z] Error reading register 6507 for IP 10.30.4.128: no connection to modbus server
[2024-11-26T06:48:00.057Z] Error reading or processing Modbus registers: no connection to modbus server
[2024-11-26T06:48:01.069Z] Error reading or processing Modbus registers: no connection to modbus server
[2024-11-26T06:48:01.069Z] Error reading register 6507 for IP 10.30.4.128: no connection to modbus server
[2024-11-26T06:48:01.069Z] Error reading or processing Modbus registers: no connection to modbus server
[2024-11-26T06:48:01.069Z] Error reading register 6507 for IP 10.30.4.128: no connection to modbus server
[2024-11-26T06:48:01.362Z] Error writing to Modbus register: no connection to modbus server
[2024-11-26T06:48:01.423Z] Error writing to Modbus register: no connection to modbus server
[2024-11-26T06:48:02.083Z] Error reading or processing Modbus registers: no connection to modbus server
[2024-11-26T06:48:02.083Z] Error reading register 6507 for IP 10.30.4.128: no connection to modbus server
[2024-11-26T06:48:02.083Z] Error reading register 6507 for IP 10.30.4.128: no connection to modbus server
[2024-11-26T06:48:02.083Z] Error reading or processing Modbus registers: no connection to modbus server
[2024-11-26T06:48:03.094Z] Error reading or processing Modbus registers: no connection to modbus server
[2024-11-26T06:48:03.094Z] Error reading register 6507 for IP 10.30.4.128: no connection to modbus server
[2024-11-26T06:48:03.095Z] Error reading or processing Modbus registers: no connection to modbus server
[2024-11-26T06:48:03.095Z] Error reading register 6507 for IP 10.30.4.128: no connection to modbus server
[2024-11-26T06:48:03.371Z] Error writing to Modbus register: no connection to modbus server
[2024-11-26T06:48:03.433Z] Error writing to Modbus register: no connection to modbus server
[2024-11-26T06:48:04.108Z] Error reading register 6507 for IP 10.30.4.128: no connection to modbus server
[2024-11-26T06:48:04.108Z] Error reading or processing Modbus registers: no connection to modbus server
[2024-11-26T06:48:04.108Z] Error reading register 6507 for IP 10.30.4.128: no connection to modbus server
[2024-11-26T06:48:04.108Z] Error reading or processing Modbus registers: no connection to modbus server
[2024-11-26T06:48:05.121Z] Error reading or processing Modbus registers: no connection to modbus server
[2024-11-26T06:48:05.121Z] Error reading register 6507 for IP 10.30.4.128: no connection to modbus server
[2024-11-26T06:48:05.121Z] Error reading or processing Modbus registers: no connection to modbus server
[2024-11-26T06:48:05.121Z] Error reading register 6507 for IP 10.30.4.128: no connection to modbus server
[2024-11-26T06:48:05.380Z] Error writing to Modbus register: no connection to modbus server
[2024-11-26T06:48:05.442Z] Error writing to Modbus register: no connection to modbus server
[2024-11-26T06:48:06.126Z] Error reading or processing Modbus registers: no connection to modbus server
[2024-11-26T06:48:06.126Z] Error reading register 6507 for IP 10.30.4.128: no connection to modbus server
[2024-11-26T06:48:06.126Z] Error reading register 6507 for IP 10.30.4.128: no connection to modbus server
[2024-11-26T06:48:06.126Z] Error reading or processing Modbus registers: no connection to modbus server
[2024-11-26T06:48:07.140Z] Error reading or processing Modbus registers: no connection to modbus server
[2024-11-26T06:48:07.140Z] Error reading register 6507 for IP 10.30.4.128: no connection to modbus server
[2024-11-26T06:48:07.140Z] Error reading or processing Modbus registers: no connection to modbus server
[2024-11-26T06:48:07.140Z] Error reading register 6507 for IP 10.30.4.128: no connection to modbus server
[2024-11-26T06:48:07.383Z] Error writing to Modbus register: no connection to modbus server
[2024-11-26T06:48:07.444Z] Error writing to Modbus register: no connection to modbus server
[2024-11-26T06:48:08.140Z] Error reading or processing Modbus registers: no connection to modbus server
[2024-11-26T06:48:08.140Z] Error reading register 6507 for IP 10.30.4.128: no connection to modbus server
[2024-11-26T06:48:08.140Z] Error reading or processing Modbus registers: no connection to modbus server
[2024-11-26T06:48:08.140Z] Error reading register 6507 for IP 10.30.4.128: no connection to modbus server
[2024-11-26T06:48:09.140Z] Error reading or processing Modbus registers: no connection to modbus server
[2024-11-26T06:48:09.140Z] Error reading register 6507 for IP 10.30.4.128: no connection to modbus server
[2024-11-26T06:48:09.154Z] Error reading or processing Modbus registers: no connection to modbus server
[2024-11-26T06:48:09.154Z] Error reading register 6507 for IP 10.30.4.128: no connection to modbus server
[2024-11-26T06:48:09.398Z] Error writing to Modbus register: no connection to modbus server
[2024-11-26T06:48:09.458Z] Error writing to Modbus register: no connection to modbus server
[2024-11-26T06:48:10.139Z] Error reading or processing Modbus registers: no connection to modbus server
[2024-11-26T06:48:10.139Z] Error reading register 6507 for IP 10.30.4.128: no connection to modbus server
[2024-11-26T06:48:10.154Z] Error reading or processing Modbus registers: no connection to modbus server
[2024-11-26T06:48:10.154Z] Error reading register 6507 for IP 10.30.4.128: no connection to modbus server
[2024-11-26T06:48:11.141Z] Error reading or processing Modbus registers: no connection to modbus server
[2024-11-26T06:48:11.141Z] Error reading register 6507 for IP 10.30.4.128: no connection to modbus server
[2024-11-26T06:48:11.157Z] Error reading or processing Modbus registers: no connection to modbus server
[2024-11-26T06:48:11.157Z] Error reading register 6507 for IP 10.30.4.128: no connection to modbus server
[2024-11-26T06:48:11.399Z] Error writing to Modbus register: no connection to modbus server
[2024-11-26T06:48:11.460Z] Error writing to Modbus register: no connection to modbus server
[2024-11-26T06:48:12.144Z] Error reading or processing Modbus registers: no connection to modbus server
[2024-11-26T06:48:12.144Z] Error reading register 6507 for IP 10.30.4.128: no connection to modbus server
[2024-11-26T06:48:12.159Z] Error reading or processing Modbus registers: no connection to modbus server
[2024-11-26T06:48:12.159Z] Error reading register 6507 for IP 10.30.4.128: no connection to modbus server
[2024-11-26T06:48:13.159Z] Error reading or processing Modbus registers: no connection to modbus server
[2024-11-26T06:48:13.159Z] Error reading register 6507 for IP 10.30.4.128: no connection to modbus server
[2024-11-26T06:48:13.159Z] Error reading or processing Modbus registers: no connection to modbus server
[2024-11-26T06:48:13.159Z] Error reading register 6507 for IP 10.30.4.128: no connection to modbus server
[2024-11-26T06:48:13.401Z] Error writing to Modbus register: no connection to modbus server
[2024-11-26T06:48:13.461Z] Error writing to Modbus register: no connection to modbus server
[2024-11-26T06:48:14.172Z] Error reading or processing Modbus registers: no connection to modbus server
[2024-11-26T06:48:14.172Z] Error reading register 6507 for IP 10.30.4.128: no connection to modbus server
[2024-11-26T06:48:14.172Z] Error reading register 6507 for IP 10.30.4.128: no connection to modbus server
[2024-11-26T06:48:14.172Z] Error reading or processing Modbus registers: no connection to modbus server
[2024-11-26T06:48:15.173Z] Error reading or processing Modbus registers: no connection to modbus server
[2024-11-26T06:48:15.173Z] Error reading or processing Modbus registers: no connection to modbus server
[2024-11-26T06:48:15.173Z] Error reading register 6507 for IP 10.30.4.128: no connection to modbus server
[2024-11-26T06:48:15.173Z] Error reading register 6507 for IP 10.30.4.128: no connection to modbus server
[2024-11-26T06:48:15.400Z] Error writing to Modbus register: no connection to modbus server
[2024-11-26T06:48:15.475Z] Error writing to Modbus register: no connection to modbus server
[2024-11-26T06:48:16.186Z] Error reading or processing Modbus registers: no connection to modbus server
[2024-11-26T06:48:16.186Z] Error reading register 6507 for IP 10.30.4.128: no connection to modbus server
[2024-11-26T06:48:16.186Z] Error reading or processing Modbus registers: no connection to modbus server
[2024-11-26T06:48:16.186Z] Error reading register 6507 for IP 10.30.4.128: no connection to modbus server
[2024-11-26T06:48:17.200Z] Error reading or processing Modbus registers: no connection to modbus server
[2024-11-26T06:48:17.200Z] Error reading register 6507 for IP 10.30.4.128: no connection to modbus server
[2024-11-26T06:48:17.200Z] Error reading register 6507 for IP 10.30.4.128: no connection to modbus server
[2024-11-26T06:48:17.200Z] Error reading or processing Modbus registers: no connection to modbus server
[2024-11-26T06:48:17.411Z] Error writing to Modbus register: no connection to modbus server
[2024-11-26T06:48:17.488Z] Error writing to Modbus register: no connection to modbus server
[2024-11-26T06:48:18.213Z] Error reading or processing Modbus registers: no connection to modbus server
[2024-11-26T06:48:18.213Z] Error reading register 6507 for IP 10.30.4.128: no connection to modbus server
[2024-11-26T06:48:18.213Z] Error reading or processing Modbus registers: no connection to modbus server
[2024-11-26T06:48:18.213Z] Error reading register 6507 for IP 10.30.4.128: no connection to modbus server
[2024-11-26T06:48:19.216Z] Error reading or processing Modbus registers: no connection to modbus server
[2024-11-26T06:48:19.216Z] Error reading register 6507 for IP 10.30.4.128: no connection to modbus server
[2024-11-26T06:48:19.216Z] Error reading register 6507 for IP 10.30.4.128: no connection to modbus server
[2024-11-26T06:48:19.216Z] Error reading or processing Modbus registers: no connection to modbus server
[2024-11-26T06:48:19.413Z] Error writing to Modbus register: no connection to modbus server
[2024-11-26T06:48:19.489Z] Error writing to Modbus register: no connection to modbus server
[2024-11-26T06:48:20.215Z] Error reading or processing Modbus registers: no connection to modbus server
[2024-11-26T06:48:20.215Z] Error reading register 6507 for IP 10.30.4.128: no connection to modbus server
[2024-11-26T06:48:20.215Z] Error reading or processing Modbus registers: no connection to modbus server
[2024-11-26T06:48:20.215Z] Error reading register 6507 for IP 10.30.4.128: no connection to modbus server
[2024-11-26T06:48:21.218Z] Error reading or processing Modbus registers: no connection to modbus server
[2024-11-26T06:48:21.219Z] Error reading register 6507 for IP 10.30.4.128: no connection to modbus server
[2024-11-26T06:48:21.219Z] Error reading or processing Modbus registers: no connection to modbus server
[2024-11-26T06:48:21.219Z] Error reading register 6507 for IP 10.30.4.128: no connection to modbus server
[2024-11-26T06:48:21.414Z] Error writing to Modbus register: no connection to modbus server
[2024-11-26T06:48:21.489Z] Error writing to Modbus register: no connection to modbus server
[2024-11-26T06:48:22.228Z] Error reading register 6507 for IP 10.30.4.128: no connection to modbus server
[2024-11-26T06:48:22.228Z] Error reading or processing Modbus registers: no connection to modbus server
[2024-11-26T06:48:22.228Z] Error reading or processing Modbus registers: no connection to modbus server
[2024-11-26T06:48:22.228Z] Error reading register 6507 for IP 10.30.4.128: no connection to modbus server
[2024-11-26T06:48:23.228Z] Error reading or processing Modbus registers: no connection to modbus server
[2024-11-26T06:48:23.228Z] Error reading register 6507 for IP 10.30.4.128: no connection to modbus server
[2024-11-26T06:48:23.228Z] Error reading register 6507 for IP 10.30.4.128: no connection to modbus server
[2024-11-26T06:48:23.228Z] Error reading or processing Modbus registers: no connection to modbus server
[2024-11-26T06:48:23.424Z] Error writing to Modbus register: no connection to modbus server
[2024-11-26T06:48:23.499Z] Error writing to Modbus register: no connection to modbus server
[2024-11-26T06:48:24.228Z] Error reading or processing Modbus registers: no connection to modbus server
[2024-11-26T06:48:24.228Z] Error reading register 6507 for IP 10.30.4.128: no connection to modbus server
[2024-11-26T06:48:24.229Z] Error reading register 6507 for IP 10.30.4.128: no connection to modbus server
[2024-11-26T06:48:24.228Z] Error reading or processing Modbus registers: no connection to modbus server
[2024-11-26T06:48:25.235Z] Error reading or processing Modbus registers: no connection to modbus server
[2024-11-26T06:48:25.235Z] Error reading register 6507 for IP 10.30.4.128: no connection to modbus server
[2024-11-26T06:48:25.235Z] Error reading or processing Modbus registers: no connection to modbus server
[2024-11-26T06:48:25.235Z] Error reading register 6507 for IP 10.30.4.128: no connection to modbus server
[2024-11-26T06:48:25.432Z] Error writing to Modbus register: no connection to modbus server
[2024-11-26T06:48:25.508Z] Error writing to Modbus register: no connection to modbus server
[2024-11-26T06:48:26.243Z] Error reading or processing Modbus registers: no connection to modbus server
[2024-11-26T06:48:26.243Z] Error reading register 6507 for IP 10.30.4.128: no connection to modbus server
[2024-11-26T06:48:26.243Z] Error reading register 6507 for IP 10.30.4.128: no connection to modbus server
[2024-11-26T06:48:26.243Z] Error reading or processing Modbus registers: no connection to modbus server
[2024-11-26T06:48:27.247Z] Error reading or processing Modbus registers: no connection to modbus server
[2024-11-26T06:48:27.248Z] Error reading register 6507 for IP 10.30.4.128: no connection to modbus server
[2024-11-26T06:48:27.248Z] Error reading or processing Modbus registers: no connection to modbus server
[2024-11-26T06:48:27.248Z] Error reading register 6507 for IP 10.30.4.128: no connection to modbus server
[2024-11-26T06:48:27.446Z] Error writing to Modbus register: no connection to modbus server
[2024-11-26T06:48:27.508Z] Error writing to Modbus register: no connection to modbus server
[2024-11-26T06:48:28.253Z] Error reading or processing Modbus registers: no connection to modbus server
[2024-11-26T06:48:28.253Z] Error reading register 6507 for IP 10.30.4.128: no connection to modbus server
[2024-11-26T06:48:28.253Z] Error reading or processing Modbus registers: no connection to modbus server
[2024-11-26T06:48:28.253Z] Error reading register 6507 for IP 10.30.4.128: no connection to modbus server
[2024-11-26T06:48:29.261Z] Error reading register 6507 for IP 10.30.4.128: no connection to modbus server
[2024-11-26T06:48:29.261Z] Error reading or processing Modbus registers: no connection to modbus server
[2024-11-26T06:48:29.261Z] Error reading or processing Modbus registers: no connection to modbus server
[2024-11-26T06:48:29.261Z] Error reading register 6507 for IP 10.30.4.128: no connection to modbus server
[2024-11-26T06:48:29.459Z] Error writing to Modbus register: no connection to modbus server
[2024-11-26T06:48:29.521Z] Error writing to Modbus register: no connection to modbus server
[2024-11-26T06:48:30.262Z] Error reading register 6507 for IP 10.30.4.128: no connection to modbus server
[2024-11-26T06:48:30.263Z] Error reading register 6507 for IP 10.30.4.128: no connection to modbus server
[2024-11-26T06:48:30.263Z] Error reading or processing Modbus registers: no connection to modbus server
[2024-11-26T06:48:30.262Z] Error reading or processing Modbus registers: no connection to modbus server
[2024-11-26T06:48:31.271Z] Error reading or processing Modbus registers: no connection to modbus server
[2024-11-26T06:48:31.271Z] Error reading register 6507 for IP 10.30.4.128: no connection to modbus server
[2024-11-26T06:48:31.271Z] Error reading register 6507 for IP 10.30.4.128: no connection to modbus server
[2024-11-26T06:48:31.271Z] Error reading or processing Modbus registers: no connection to modbus server
[2024-11-26T06:48:31.470Z] Error writing to Modbus register: no connection to modbus server
[2024-11-26T06:48:31.531Z] Error writing to Modbus register: no connection to modbus server
[2024-11-26T06:48:32.271Z] Error reading or processing Modbus registers: no connection to modbus server
[2024-11-26T06:48:32.271Z] Error reading register 6507 for IP 10.30.4.128: no connection to modbus server
[2024-11-26T06:48:32.271Z] Error reading register 6507 for IP 10.30.4.128: no connection to modbus server
[2024-11-26T06:48:32.271Z] Error reading or processing Modbus registers: no connection to modbus server
[2024-11-26T06:48:33.277Z] Error reading or processing Modbus registers: no connection to modbus server
[2024-11-26T06:48:33.277Z] Error reading register 6507 for IP 10.30.4.128: no connection to modbus server
[2024-11-26T06:48:33.277Z] Error reading or processing Modbus registers: no connection to modbus server
[2024-11-26T06:48:33.277Z] Error reading register 6507 for IP 10.30.4.128: no connection to modbus server
[2024-11-26T06:48:33.473Z] Error writing to Modbus register: no connection to modbus server
[2024-11-26T06:48:33.535Z] Error writing to Modbus register: no connection to modbus server
[2024-11-26T06:48:34.288Z] Error reading or processing Modbus registers: no connection to modbus server
[2024-11-26T06:48:34.288Z] Error reading register 6507 for IP 10.30.4.128: no connection to modbus server
[2024-11-26T06:48:34.288Z] Error reading or processing Modbus registers: no connection to modbus server
[2024-11-26T06:48:34.288Z] Error reading register 6507 for IP 10.30.4.128: no connection to modbus server
[2024-11-26T06:48:35.302Z] Error reading or processing Modbus registers: no connection to modbus server
[2024-11-26T06:48:35.303Z] Error reading register 6507 for IP 10.30.4.128: no connection to modbus server
[2024-11-26T06:48:35.303Z] Error reading or processing Modbus registers: no connection to modbus server
[2024-11-26T06:48:35.303Z] Error reading register 6507 for IP 10.30.4.128: no connection to modbus server
[2024-11-26T06:48:35.485Z] Error writing to Modbus register: no connection to modbus server
[2024-11-26T06:48:35.546Z] Error writing to Modbus register: no connection to modbus server
[2024-11-26T06:48:36.305Z] Error reading or processing Modbus registers: no connection to modbus server
[2024-11-26T06:48:36.306Z] Error reading register 6507 for IP 10.30.4.128: no connection to modbus server
[2024-11-26T06:48:36.306Z] Error reading register 6507 for IP 10.30.4.128: no connection to modbus server
[2024-11-26T06:48:36.306Z] Error reading or processing Modbus registers: no connection to modbus server
[2024-11-26T06:48:37.307Z] Error reading register 6507 for IP 10.30.4.128: no connection to modbus server
[2024-11-26T06:48:37.307Z] Error reading or processing Modbus registers: no connection to modbus server
[2024-11-26T06:48:37.307Z] Error reading or processing Modbus registers: no connection to modbus server
[2024-11-26T06:48:37.307Z] Error reading register 6507 for IP 10.30.4.128: no connection to modbus server
[2024-11-26T06:48:37.490Z] Error writing to Modbus register: no connection to modbus server
[2024-11-26T06:48:37.551Z] Error writing to Modbus register: no connection to modbus server
[2024-11-26T06:48:38.317Z] Error reading or processing Modbus registers: no connection to modbus server
[2024-11-26T06:48:38.317Z] Error reading register 6507 for IP 10.30.4.128: no connection to modbus server
[2024-11-26T06:48:38.318Z] Error reading or processing Modbus registers: no connection to modbus server
[2024-11-26T06:48:38.318Z] Error reading register 6507 for IP 10.30.4.128: no connection to modbus server
[2024-11-26T06:48:39.322Z] Error reading or processing Modbus registers: no connection to modbus server
[2024-11-26T06:48:39.322Z] Error reading register 6507 for IP 10.30.4.128: no connection to modbus server
[2024-11-26T06:48:39.322Z] Error reading register 6507 for IP 10.30.4.128: no connection to modbus server
[2024-11-26T06:48:39.322Z] Error reading or processing Modbus registers: no connection to modbus server
[2024-11-26T06:48:39.504Z] Error writing to Modbus register: no connection to modbus server
[2024-11-26T06:48:39.551Z] Error writing to Modbus register: no connection to modbus server
[2024-11-26T06:48:40.326Z] Error reading or processing Modbus registers: no connection to modbus server
[2024-11-26T06:48:40.326Z] Error reading register 6507 for IP 10.30.4.128: no connection to modbus server
[2024-11-26T06:48:40.326Z] Error reading register 6507 for IP 10.30.4.128: no connection to modbus server
[2024-11-26T06:48:40.326Z] Error reading or processing Modbus registers: no connection to modbus server
[2024-11-26T06:48:41.332Z] Error reading or processing Modbus registers: no connection to modbus server
[2024-11-26T06:48:41.332Z] Error reading register 6507 for IP 10.30.4.128: no connection to modbus server
[2024-11-26T06:48:41.332Z] Error reading register 6507 for IP 10.30.4.128: no connection to modbus server
[2024-11-26T06:48:41.332Z] Error reading or processing Modbus registers: no connection to modbus server
[2024-11-26T06:48:41.515Z] Error writing to Modbus register: no connection to modbus server
[2024-11-26T06:48:41.560Z] Error writing to Modbus register: no connection to modbus server
[2024-11-26T06:48:42.334Z] Error reading or processing Modbus registers: no connection to modbus server
[2024-11-26T06:48:42.335Z] Error reading register 6507 for IP 10.30.4.128: no connection to modbus server
[2024-11-26T06:48:42.335Z] Error reading register 6507 for IP 10.30.4.128: no connection to modbus server
[2024-11-26T06:48:42.335Z] Error reading or processing Modbus registers: no connection to modbus server
[2024-11-26T06:48:43.337Z] Error reading or processing Modbus registers: no connection to modbus server
[2024-11-26T06:48:43.337Z] Error reading register 6507 for IP 10.30.4.128: no connection to modbus server
[2024-11-26T06:48:43.337Z] Error reading or processing Modbus registers: no connection to modbus server
[2024-11-26T06:48:43.337Z] Error reading register 6507 for IP 10.30.4.128: no connection to modbus server
[2024-11-26T06:48:43.520Z] Error writing to Modbus register: no connection to modbus server
[2024-11-26T06:48:43.566Z] Error writing to Modbus register: no connection to modbus server
[2024-11-26T06:48:44.342Z] Error reading or processing Modbus registers: no connection to modbus server
[2024-11-26T06:48:44.342Z] Error reading register 6507 for IP 10.30.4.128: no connection to modbus server
[2024-11-26T06:48:44.342Z] Error reading or processing Modbus registers: no connection to modbus server
[2024-11-26T06:48:44.342Z] Error reading register 6507 for IP 10.30.4.128: no connection to modbus server
[2024-11-26T06:48:45.346Z] Error reading or processing Modbus registers: no connection to modbus server
[2024-11-26T06:48:45.347Z] Error reading register 6507 for IP 10.30.4.128: no connection to modbus server
[2024-11-26T06:48:45.347Z] Error reading or processing Modbus registers: no connection to modbus server
[2024-11-26T06:48:45.347Z] Error reading register 6507 for IP 10.30.4.128: no connection to modbus server
[2024-11-26T06:48:45.529Z] Error writing to Modbus register: no connection to modbus server
[2024-11-26T06:48:45.576Z] Error writing to Modbus register: no connection to modbus server
[2024-11-26T06:48:46.351Z] Error reading or processing Modbus registers: no connection to modbus server
[2024-11-26T06:48:46.351Z] Error reading register 6507 for IP 10.30.4.128: no connection to modbus server
[2024-11-26T06:48:46.351Z] Error reading or processing Modbus registers: no connection to modbus server
[2024-11-26T06:48:46.351Z] Error reading register 6507 for IP 10.30.4.128: no connection to modbus server
[2024-11-26T06:48:47.363Z] Error reading or processing Modbus registers: no connection to modbus server
[2024-11-26T06:48:47.363Z] Error reading register 6507 for IP 10.30.4.128: no connection to modbus server
[2024-11-26T06:48:47.364Z] Error reading register 6507 for IP 10.30.4.128: no connection to modbus server
[2024-11-26T06:48:47.364Z] Error reading or processing Modbus registers: no connection to modbus server
[2024-11-26T06:48:47.531Z] Error writing to Modbus register: no connection to modbus server
[2024-11-26T06:48:47.590Z] Error writing to Modbus register: no connection to modbus server
[2024-11-26T06:48:48.363Z] Error reading or processing Modbus registers: no connection to modbus server
[2024-11-26T06:48:48.364Z] Error reading register 6507 for IP 10.30.4.128: no connection to modbus server
[2024-11-26T06:48:48.364Z] Error reading or processing Modbus registers: no connection to modbus server
[2024-11-26T06:48:48.364Z] Error reading register 6507 for IP 10.30.4.128: no connection to modbus server
[2024-11-26T06:48:49.366Z] Error reading or processing Modbus registers: no connection to modbus server
[2024-11-26T06:48:49.366Z] Error reading register 6507 for IP 10.30.4.128: no connection to modbus server
[2024-11-26T06:48:49.366Z] Error reading or processing Modbus registers: no connection to modbus server
[2024-11-26T06:48:49.366Z] Error reading register 6507 for IP 10.30.4.128: no connection to modbus server
[2024-11-26T06:48:49.533Z] Error writing to Modbus register: no connection to modbus server
[2024-11-26T06:48:49.594Z] Error writing to Modbus register: no connection to modbus server
[2024-11-26T06:48:50.366Z] Error reading or processing Modbus registers: no connection to modbus server
[2024-11-26T06:48:50.367Z] Error reading register 6507 for IP 10.30.4.128: no connection to modbus server
[2024-11-26T06:48:50.367Z] Error reading or processing Modbus registers: no connection to modbus server
[2024-11-26T06:48:50.367Z] Error reading register 6507 for IP 10.30.4.128: no connection to modbus server
[2024-11-26T06:48:51.367Z] Error reading or processing Modbus registers: no connection to modbus server
[2024-11-26T06:48:51.367Z] Error reading register 6507 for IP 10.30.4.128: no connection to modbus server
[2024-11-26T06:48:51.367Z] Error reading register 6507 for IP 10.30.4.128: no connection to modbus server
[2024-11-26T06:48:51.367Z] Error reading or processing Modbus registers: no connection to modbus server
[2024-11-26T06:48:51.533Z] Error writing to Modbus register: no connection to modbus server
[2024-11-26T06:48:51.594Z] Error writing to Modbus register: no connection to modbus server
[2024-11-26T06:48:52.366Z] Error reading register 6507 for IP 10.30.4.128: no connection to modbus server
[2024-11-26T06:48:52.366Z] Error reading or processing Modbus registers: no connection to modbus server
[2024-11-26T06:48:52.382Z] Error reading register 6507 for IP 10.30.4.128: no connection to modbus server
[2024-11-26T06:48:52.382Z] Error reading or processing Modbus registers: no connection to modbus server
[2024-11-26T06:48:53.381Z] Error reading or processing Modbus registers: no connection to modbus server
[2024-11-26T06:48:53.381Z] Error reading register 6507 for IP 10.30.4.128: no connection to modbus server
[2024-11-26T06:48:53.396Z] Error reading or processing Modbus registers: no connection to modbus server
[2024-11-26T06:48:53.396Z] Error reading register 6507 for IP 10.30.4.128: no connection to modbus server
[2024-11-26T06:48:53.548Z] Error writing to Modbus register: no connection to modbus server
[2024-11-26T06:48:53.608Z] Error writing to Modbus register: no connection to modbus server
[2024-11-26T06:48:54.395Z] Error reading or processing Modbus registers: no connection to modbus server
[2024-11-26T06:48:54.395Z] Error reading register 6507 for IP 10.30.4.128: no connection to modbus server
[2024-11-26T06:48:54.410Z] Error reading or processing Modbus registers: no connection to modbus server
[2024-11-26T06:48:54.410Z] Error reading register 6507 for IP 10.30.4.128: no connection to modbus server
[2024-11-26T06:48:55.407Z] Error reading or processing Modbus registers: no connection to modbus server
[2024-11-26T06:48:55.407Z] Error reading register 6507 for IP 10.30.4.128: no connection to modbus server
[2024-11-26T06:48:55.423Z] Error reading or processing Modbus registers: no connection to modbus server
[2024-11-26T06:48:55.423Z] Error reading register 6507 for IP 10.30.4.128: no connection to modbus server
[2024-11-26T06:48:55.558Z] Error writing to Modbus register: no connection to modbus server
[2024-11-26T06:48:55.620Z] Error writing to Modbus register: no connection to modbus server
[2024-11-26T06:48:56.419Z] Error reading or processing Modbus registers: no connection to modbus server
[2024-11-26T06:48:56.419Z] Error reading register 6507 for IP 10.30.4.128: no connection to modbus server
[2024-11-26T06:48:56.434Z] Error reading or processing Modbus registers: no connection to modbus server
[2024-11-26T06:48:56.434Z] Error reading register 6507 for IP 10.30.4.128: no connection to modbus server
[2024-11-26T06:48:57.431Z] Error reading or processing Modbus registers: no connection to modbus server
[2024-11-26T06:48:57.431Z] Error reading register 6507 for IP 10.30.4.128: no connection to modbus server
[2024-11-26T06:48:57.446Z] Error reading or processing Modbus registers: no connection to modbus server
[2024-11-26T06:48:57.446Z] Error reading register 6507 for IP 10.30.4.128: no connection to modbus server
[2024-11-26T06:48:57.567Z] Error writing to Modbus register: no connection to modbus server
[2024-11-26T06:48:57.627Z] Error writing to Modbus register: no connection to modbus server
[2024-11-26T06:48:58.445Z] Error reading or processing Modbus registers: no connection to modbus server
[2024-11-26T06:48:58.445Z] Error reading register 6507 for IP 10.30.4.128: no connection to modbus server
[2024-11-26T06:48:58.460Z] Error reading or processing Modbus registers: no connection to modbus server
[2024-11-26T06:48:58.460Z] Error reading register 6507 for IP 10.30.4.128: no connection to modbus server
[2024-11-26T06:48:59.446Z] Error reading or processing Modbus registers: no connection to modbus server
[2024-11-26T06:48:59.446Z] Error reading register 6507 for IP 10.30.4.128: no connection to modbus server
[2024-11-26T06:48:59.462Z] Error reading or processing Modbus registers: no connection to modbus server
[2024-11-26T06:48:59.462Z] Error reading register 6507 for IP 10.30.4.128: no connection to modbus server
[2024-11-26T06:48:59.568Z] Error writing to Modbus register: no connection to modbus server
[2024-11-26T06:48:59.629Z] Error writing to Modbus register: no connection to modbus server
[2024-11-26T06:49:00.446Z] Error reading or processing Modbus registers: no connection to modbus server
[2024-11-26T06:49:00.446Z] Error reading register 6507 for IP 10.30.4.128: no connection to modbus server
[2024-11-26T06:49:00.461Z] Error reading or processing Modbus registers: no connection to modbus server
[2024-11-26T06:49:00.461Z] Error reading register 6507 for IP 10.30.4.128: no connection to modbus server
[2024-11-26T06:49:01.446Z] Error reading or processing Modbus registers: no connection to modbus server
[2024-11-26T06:49:01.446Z] Error reading register 6507 for IP 10.30.4.128: no connection to modbus server
[2024-11-26T06:49:01.476Z] Error reading or processing Modbus registers: no connection to modbus server
[2024-11-26T06:49:01.476Z] Error reading register 6507 for IP 10.30.4.128: no connection to modbus server
[2024-11-26T06:49:01.582Z] Error writing to Modbus register: no connection to modbus server
[2024-11-26T06:49:01.644Z] Error writing to Modbus register: no connection to modbus server
[2024-11-26T06:49:02.446Z] Error reading or processing Modbus registers: no connection to modbus server
[2024-11-26T06:49:02.446Z] Error reading register 6507 for IP 10.30.4.128: no connection to modbus server
[2024-11-26T06:49:02.491Z] Error reading or processing Modbus registers: no connection to modbus server
[2024-11-26T06:49:02.491Z] Error reading register 6507 for IP 10.30.4.128: no connection to modbus server
[2024-11-26T06:49:03.459Z] Error reading or processing Modbus registers: no connection to modbus server
[2024-11-26T06:49:03.459Z] Error reading register 6507 for IP 10.30.4.128: no connection to modbus server
[2024-11-26T06:49:03.505Z] Error reading or processing Modbus registers: no connection to modbus server
[2024-11-26T06:49:03.505Z] Error reading register 6507 for IP 10.30.4.128: no connection to modbus server
[2024-11-26T06:49:03.596Z] Error writing to Modbus register: no connection to modbus server
[2024-11-26T06:49:03.656Z] Error writing to Modbus register: no connection to modbus server
[2024-11-26T06:49:04.463Z] Error reading or processing Modbus registers: no connection to modbus server
[2024-11-26T06:49:04.463Z] Error reading register 6507 for IP 10.30.4.128: no connection to modbus server
[2024-11-26T06:49:04.508Z] Error reading or processing Modbus registers: no connection to modbus server
[2024-11-26T06:49:04.508Z] Error reading register 6507 for IP 10.30.4.128: no connection to modbus server
[2024-11-26T06:49:05.470Z] Error reading or processing Modbus registers: no connection to modbus server
[2024-11-26T06:49:05.470Z] Error reading register 6507 for IP 10.30.4.128: no connection to modbus server
[2024-11-26T06:49:05.514Z] Error reading or processing Modbus registers: no connection to modbus server
[2024-11-26T06:49:05.515Z] Error reading register 6507 for IP 10.30.4.128: no connection to modbus server
[2024-11-26T06:49:05.606Z] Error writing to Modbus register: no connection to modbus server
[2024-11-26T06:49:05.668Z] Error writing to Modbus register: no connection to modbus server
[2024-11-26T06:49:06.473Z] Error reading or processing Modbus registers: no connection to modbus server
[2024-11-26T06:49:06.473Z] Error reading register 6507 for IP 10.30.4.128: no connection to modbus server
[2024-11-26T06:49:06.519Z] Error reading or processing Modbus registers: no connection to modbus server
[2024-11-26T06:49:06.519Z] Error reading register 6507 for IP 10.30.4.128: no connection to modbus server
[2024-11-26T06:49:07.474Z] Error reading or processing Modbus registers: no connection to modbus server
[2024-11-26T06:49:07.474Z] Error reading register 6507 for IP 10.30.4.128: no connection to modbus server
[2024-11-26T06:49:07.534Z] Error reading register 6507 for IP 10.30.4.128: no connection to modbus server
[2024-11-26T06:49:07.534Z] Error reading or processing Modbus registers: no connection to modbus server
[2024-11-26T06:49:07.611Z] Error writing to Modbus register: no connection to modbus server
[2024-11-26T06:49:07.671Z] Error writing to Modbus register: no connection to modbus server
[2024-11-26T06:49:08.475Z] Error reading or processing Modbus registers: no connection to modbus server
[2024-11-26T06:49:08.475Z] Error reading register 6507 for IP 10.30.4.128: no connection to modbus server
[2024-11-26T06:49:08.536Z] Error reading or processing Modbus registers: no connection to modbus server
[2024-11-26T06:49:08.536Z] Error reading register 6507 for IP 10.30.4.128: no connection to modbus server
[2024-11-26T06:49:09.490Z] Error reading register 6507 for IP 10.30.4.128: no connection to modbus server
[2024-11-26T06:49:09.490Z] Error reading or processing Modbus registers: no connection to modbus server
[2024-11-26T06:49:09.550Z] Error reading or processing Modbus registers: no connection to modbus server
[2024-11-26T06:49:09.550Z] Error reading register 6507 for IP 10.30.4.128: no connection to modbus server
[2024-11-26T06:49:09.610Z] Error writing to Modbus register: no connection to modbus server
[2024-11-26T06:49:09.686Z] Error writing to Modbus register: no connection to modbus server
[2024-11-26T06:49:10.503Z] Error reading or processing Modbus registers: no connection to modbus server
[2024-11-26T06:49:10.503Z] Error reading register 6507 for IP 10.30.4.128: no connection to modbus server
[2024-11-26T06:49:10.549Z] Error reading or processing Modbus registers: no connection to modbus server
[2024-11-26T06:49:10.549Z] Error reading register 6507 for IP 10.30.4.128: no connection to modbus server
[2024-11-26T06:49:11.504Z] Error reading or processing Modbus registers: no connection to modbus server
[2024-11-26T06:49:11.504Z] Error reading register 6507 for IP 10.30.4.128: no connection to modbus server
[2024-11-26T06:49:11.550Z] Error reading or processing Modbus registers: no connection to modbus server
[2024-11-26T06:49:11.550Z] Error reading register 6507 for IP 10.30.4.128: no connection to modbus server
[2024-11-26T06:49:11.625Z] Error writing to Modbus register: no connection to modbus server
[2024-11-26T06:49:11.701Z] Error writing to Modbus register: no connection to modbus server
[2024-11-26T06:49:12.518Z] Error reading or processing Modbus registers: no connection to modbus server
[2024-11-26T06:49:12.518Z] Error reading register 6507 for IP 10.30.4.128: no connection to modbus server
[2024-11-26T06:49:12.564Z] Error reading or processing Modbus registers: no connection to modbus server
[2024-11-26T06:49:12.564Z] Error reading register 6507 for IP 10.30.4.128: no connection to modbus server
[2024-11-26T06:49:13.533Z] Error reading or processing Modbus registers: no connection to modbus server
[2024-11-26T06:49:13.533Z] Error reading register 6507 for IP 10.30.4.128: no connection to modbus server
[2024-11-26T06:49:13.579Z] Error reading or processing Modbus registers: no connection to modbus server
[2024-11-26T06:49:13.579Z] Error reading register 6507 for IP 10.30.4.128: no connection to modbus server
[2024-11-26T06:49:13.639Z] Error writing to Modbus register: no connection to modbus server
[2024-11-26T06:49:13.700Z] Error writing to Modbus register: no connection to modbus server
[2024-11-26T06:49:14.535Z] Error reading or processing Modbus registers: no connection to modbus server
[2024-11-26T06:49:14.535Z] Error reading register 6507 for IP 10.30.4.128: no connection to modbus server
[2024-11-26T06:49:14.580Z] Error reading register 6507 for IP 10.30.4.128: no connection to modbus server
[2024-11-26T06:49:14.580Z] Error reading or processing Modbus registers: no connection to modbus server
[2024-11-26T06:49:15.547Z] Error reading or processing Modbus registers: no connection to modbus server
[2024-11-26T06:49:15.547Z] Error reading register 6507 for IP 10.30.4.128: no connection to modbus server
[2024-11-26T06:49:15.593Z] Error reading or processing Modbus registers: no connection to modbus server
[2024-11-26T06:49:15.593Z] Error reading register 6507 for IP 10.30.4.128: no connection to modbus server
[2024-11-26T06:49:15.653Z] Error writing to Modbus register: no connection to modbus server
[2024-11-26T06:49:15.714Z] Error writing to Modbus register: no connection to modbus server
[2024-11-26T06:49:16.548Z] Error reading or processing Modbus registers: no connection to modbus server
[2024-11-26T06:49:16.548Z] Error reading register 6507 for IP 10.30.4.128: no connection to modbus server
[2024-11-26T06:49:16.608Z] Error reading register 6507 for IP 10.30.4.128: no connection to modbus server
[2024-11-26T06:49:16.608Z] Error reading or processing Modbus registers: no connection to modbus server
[2024-11-26T06:49:17.559Z] Error reading or processing Modbus registers: no connection to modbus server
[2024-11-26T06:49:17.560Z] Error reading register 6507 for IP 10.30.4.128: no connection to modbus server
[2024-11-26T06:49:17.620Z] Error reading or processing Modbus registers: no connection to modbus server
[2024-11-26T06:49:17.620Z] Error reading register 6507 for IP 10.30.4.128: no connection to modbus server
[2024-11-26T06:49:17.665Z] Error writing to Modbus register: no connection to modbus server
[2024-11-26T06:49:17.727Z] Error writing to Modbus register: no connection to modbus server
[2024-11-26T06:49:18.561Z] Error reading or processing Modbus registers: no connection to modbus server
[2024-11-26T06:49:18.561Z] Error reading register 6507 for IP 10.30.4.128: no connection to modbus server
[2024-11-26T06:49:18.623Z] Error reading register 6507 for IP 10.30.4.128: no connection to modbus server
[2024-11-26T06:49:18.622Z] Error reading or processing Modbus registers: no connection to modbus server
[2024-11-26T06:49:19.562Z] Error reading or processing Modbus registers: no connection to modbus server
[2024-11-26T06:49:19.562Z] Error reading register 6507 for IP 10.30.4.128: no connection to modbus server
[2024-11-26T06:49:19.623Z] Error reading or processing Modbus registers: no connection to modbus server
[2024-11-26T06:49:19.623Z] Error reading register 6507 for IP 10.30.4.128: no connection to modbus server
[2024-11-26T06:49:19.668Z] Error writing to Modbus register: no connection to modbus server
[2024-11-26T06:49:19.729Z] Error writing to Modbus register: no connection to modbus server
[2024-11-26T06:49:20.564Z] Error reading or processing Modbus registers: no connection to modbus server
[2024-11-26T06:49:20.564Z] Error reading register 6507 for IP 10.30.4.128: no connection to modbus server
[2024-11-26T06:49:20.639Z] Error reading or processing Modbus registers: no connection to modbus server
[2024-11-26T06:49:20.639Z] Error reading register 6507 for IP 10.30.4.128: no connection to modbus server
[2024-11-26T06:49:21.577Z] Error reading or processing Modbus registers: no connection to modbus server
[2024-11-26T06:49:21.577Z] Error reading register 6507 for IP 10.30.4.128: no connection to modbus server
[2024-11-26T06:49:21.638Z] Error reading or processing Modbus registers: no connection to modbus server
[2024-11-26T06:49:21.638Z] Error reading register 6507 for IP 10.30.4.128: no connection to modbus server
[2024-11-26T06:49:21.668Z] Error writing to Modbus register: no connection to modbus server
[2024-11-26T06:49:21.728Z] Error writing to Modbus register: no connection to modbus server
[2024-11-26T06:49:22.579Z] Error reading or processing Modbus registers: no connection to modbus server
[2024-11-26T06:49:22.579Z] Error reading register 6507 for IP 10.30.4.128: no connection to modbus server
[2024-11-26T06:49:22.640Z] Error reading or processing Modbus registers: no connection to modbus server
[2024-11-26T06:49:22.640Z] Error reading register 6507 for IP 10.30.4.128: no connection to modbus server
[2024-11-26T06:49:23.580Z] Error reading or processing Modbus registers: no connection to modbus server
[2024-11-26T06:49:23.580Z] Error reading register 6507 for IP 10.30.4.128: no connection to modbus server
[2024-11-26T06:49:23.641Z] Error reading or processing Modbus registers: no connection to modbus server
[2024-11-26T06:49:23.641Z] Error reading register 6507 for IP 10.30.4.128: no connection to modbus server
[2024-11-26T06:49:23.671Z] Error writing to Modbus register: no connection to modbus server
[2024-11-26T06:49:23.730Z] Error writing to Modbus register: no connection to modbus server
[2024-11-26T06:49:24.594Z] Error reading register 6507 for IP 10.30.4.128: no connection to modbus server
[2024-11-26T06:49:24.594Z] Error reading or processing Modbus registers: no connection to modbus server
[2024-11-26T06:49:24.653Z] Error reading or processing Modbus registers: no connection to modbus server
[2024-11-26T06:49:24.654Z] Error reading register 6507 for IP 10.30.4.128: no connection to modbus server
[2024-11-26T06:49:25.606Z] Error reading register 6507 for IP 10.30.4.128: no connection to modbus server
[2024-11-26T06:49:25.606Z] Error reading or processing Modbus registers: no connection to modbus server
[2024-11-26T06:49:25.667Z] Error reading or processing Modbus registers: no connection to modbus server
[2024-11-26T06:49:25.667Z] Error reading register 6507 for IP 10.30.4.128: no connection to modbus server
[2024-11-26T06:49:25.682Z] Error writing to Modbus register: no connection to modbus server
[2024-11-26T06:49:25.744Z] Error writing to Modbus register: no connection to modbus server
[2024-11-26T06:49:26.609Z] Error reading or processing Modbus registers: no connection to modbus server
[2024-11-26T06:49:26.609Z] Error reading register 6507 for IP 10.30.4.128: no connection to modbus server
[2024-11-26T06:49:26.669Z] Error reading or processing Modbus registers: no connection to modbus server
[2024-11-26T06:49:26.669Z] Error reading register 6507 for IP 10.30.4.128: no connection to modbus server
[2024-11-26T06:49:27.622Z] Error reading or processing Modbus registers: no connection to modbus server
[2024-11-26T06:49:27.622Z] Error reading register 6507 for IP 10.30.4.128: no connection to modbus server
[2024-11-26T06:49:27.682Z] Error reading or processing Modbus registers: no connection to modbus server
[2024-11-26T06:49:27.682Z] Error reading register 6507 for IP 10.30.4.128: no connection to modbus server
[2024-11-26T06:49:27.682Z] Error writing to Modbus register: no connection to modbus server
[2024-11-26T06:49:27.743Z] Error writing to Modbus register: no connection to modbus server
[2024-11-26T06:49:28.621Z] Error reading or processing Modbus registers: no connection to modbus server
[2024-11-26T06:49:28.621Z] Error reading register 6507 for IP 10.30.4.128: no connection to modbus server
[2024-11-26T06:49:28.697Z] Error reading register 6507 for IP 10.30.4.128: no connection to modbus server
[2024-11-26T06:49:28.697Z] Error reading or processing Modbus registers: no connection to modbus server
[2024-11-26T06:49:29.622Z] Error reading or processing Modbus registers: no connection to modbus server
[2024-11-26T06:49:29.622Z] Error reading register 6507 for IP 10.30.4.128: no connection to modbus server
[2024-11-26T06:49:29.683Z] Error writing to Modbus register: no connection to modbus server
[2024-11-26T06:49:29.698Z] Error reading or processing Modbus registers: no connection to modbus server
[2024-11-26T06:49:29.698Z] Error reading register 6507 for IP 10.30.4.128: no connection to modbus server
[2024-11-26T06:49:29.757Z] Error writing to Modbus register: no connection to modbus server
[2024-11-26T06:49:30.637Z] Error reading or processing Modbus registers: no connection to modbus server
[2024-11-26T06:49:30.637Z] Error reading register 6507 for IP 10.30.4.128: no connection to modbus server
[2024-11-26T06:49:30.711Z] Error reading or processing Modbus registers: no connection to modbus server
[2024-11-26T06:49:30.711Z] Error reading register 6507 for IP 10.30.4.128: no connection to modbus server
[2024-11-26T06:49:31.639Z] Error reading or processing Modbus registers: no connection to modbus server
[2024-11-26T06:49:31.639Z] Error reading register 6507 for IP 10.30.4.128: no connection to modbus server
[2024-11-26T06:49:31.685Z] Error writing to Modbus register: no connection to modbus server
[2024-11-26T06:49:31.715Z] Error reading or processing Modbus registers: no connection to modbus server
[2024-11-26T06:49:31.715Z] Error reading register 6507 for IP 10.30.4.128: no connection to modbus server
[2024-11-26T06:49:31.761Z] Error writing to Modbus register: no connection to modbus server
[2024-11-26T06:49:32.640Z] Error reading or processing Modbus registers: no connection to modbus server
[2024-11-26T06:49:32.640Z] Error reading register 6507 for IP 10.30.4.128: no connection to modbus server
[2024-11-26T06:49:32.716Z] Error reading or processing Modbus registers: no connection to modbus server
[2024-11-26T06:49:32.716Z] Error reading register 6507 for IP 10.30.4.128: no connection to modbus server
[2024-11-26T06:49:33.655Z] Error reading or processing Modbus registers: no connection to modbus server
[2024-11-26T06:49:33.655Z] Error reading register 6507 for IP 10.30.4.128: no connection to modbus server
[2024-11-26T06:49:33.684Z] Error writing to Modbus register: no connection to modbus server
[2024-11-26T06:49:33.715Z] Error reading or processing Modbus registers: no connection to modbus server
[2024-11-26T06:49:33.715Z] Error reading register 6507 for IP 10.30.4.128: no connection to modbus server
[2024-11-26T06:49:33.762Z] Error writing to Modbus register: no connection to modbus server
[2024-11-26T06:49:34.663Z] Error reading or processing Modbus registers: no connection to modbus server
[2024-11-26T06:49:34.663Z] Error reading register 6507 for IP 10.30.4.128: no connection to modbus server
[2024-11-26T06:49:34.724Z] Error reading or processing Modbus registers: no connection to modbus server
[2024-11-26T06:49:34.724Z] Error reading register 6507 for IP 10.30.4.128: no connection to modbus server
[2024-11-26T06:49:35.665Z] Error reading or processing Modbus registers: no connection to modbus server
[2024-11-26T06:49:35.665Z] Error reading register 6507 for IP 10.30.4.128: no connection to modbus server
[2024-11-26T06:49:35.696Z] Error writing to Modbus register: no connection to modbus server
[2024-11-26T06:49:35.726Z] Error reading or processing Modbus registers: no connection to modbus server
[2024-11-26T06:49:35.726Z] Error reading register 6507 for IP 10.30.4.128: no connection to modbus server
[2024-11-26T06:49:35.771Z] Error writing to Modbus register: no connection to modbus server
[2024-11-26T06:49:36.680Z] Error reading or processing Modbus registers: no connection to modbus server
[2024-11-26T06:49:36.680Z] Error reading register 6507 for IP 10.30.4.128: no connection to modbus server
[2024-11-26T06:49:36.727Z] Error reading or processing Modbus registers: no connection to modbus server
[2024-11-26T06:49:36.727Z] Error reading register 6507 for IP 10.30.4.128: no connection to modbus server
[2024-11-26T06:49:37.681Z] Error reading or processing Modbus registers: no connection to modbus server
[2024-11-26T06:49:37.681Z] Error reading register 6507 for IP 10.30.4.128: no connection to modbus server
[2024-11-26T06:49:37.696Z] Error writing to Modbus register: no connection to modbus server
[2024-11-26T06:49:37.741Z] Error reading register 6507 for IP 10.30.4.128: no connection to modbus server
[2024-11-26T06:49:37.741Z] Error reading or processing Modbus registers: no connection to modbus server
[2024-11-26T06:49:37.772Z] Error writing to Modbus register: no connection to modbus server
[2024-11-26T06:49:38.681Z] Error reading or processing Modbus registers: no connection to modbus server
[2024-11-26T06:49:38.681Z] Error reading register 6507 for IP 10.30.4.128: no connection to modbus server
[2024-11-26T06:49:38.742Z] Error reading or processing Modbus registers: no connection to modbus server
[2024-11-26T06:49:38.742Z] Error reading register 6507 for IP 10.30.4.128: no connection to modbus server
[2024-11-26T06:49:39.688Z] Error reading or processing Modbus registers: no connection to modbus server
[2024-11-26T06:49:39.688Z] Error reading register 6507 for IP 10.30.4.128: no connection to modbus server
[2024-11-26T06:49:39.704Z] Error writing to Modbus register: no connection to modbus server
[2024-11-26T06:49:39.749Z] Error reading or processing Modbus registers: no connection to modbus server
[2024-11-26T06:49:39.749Z] Error reading register 6507 for IP 10.30.4.128: no connection to modbus server
[2024-11-26T06:49:39.779Z] Error writing to Modbus register: no connection to modbus server
[2024-11-26T06:49:40.696Z] Error reading or processing Modbus registers: no connection to modbus server
[2024-11-26T06:49:40.696Z] Error reading register 6507 for IP 10.30.4.128: no connection to modbus server
[2024-11-26T06:49:40.757Z] Error reading or processing Modbus registers: no connection to modbus server
[2024-11-26T06:49:40.757Z] Error reading register 6507 for IP 10.30.4.128: no connection to modbus server
[2024-11-26T06:49:41.697Z] Error reading register 6507 for IP 10.30.4.128: no connection to modbus server
[2024-11-26T06:49:41.697Z] Error reading or processing Modbus registers: no connection to modbus server
[2024-11-26T06:49:41.712Z] Error writing to Modbus register: no connection to modbus server
[2024-11-26T06:49:41.757Z] Error reading or processing Modbus registers: no connection to modbus server
[2024-11-26T06:49:41.757Z] Error reading register 6507 for IP 10.30.4.128: no connection to modbus server
[2024-11-26T06:49:41.788Z] Error writing to Modbus register: no connection to modbus server
[2024-11-26T06:49:42.711Z] Error reading or processing Modbus registers: no connection to modbus server
[2024-11-26T06:49:42.711Z] Error reading register 6507 for IP 10.30.4.128: no connection to modbus server
[2024-11-26T06:49:42.772Z] Error reading or processing Modbus registers: no connection to modbus server
[2024-11-26T06:49:42.772Z] Error reading register 6507 for IP 10.30.4.128: no connection to modbus server
[2024-11-26T06:49:43.713Z] Error reading or processing Modbus registers: no connection to modbus server
[2024-11-26T06:49:43.713Z] Error reading register 6507 for IP 10.30.4.128: no connection to modbus server
[2024-11-26T06:49:43.713Z] Error writing to Modbus register: no connection to modbus server
[2024-11-26T06:49:43.773Z] Error reading or processing Modbus registers: no connection to modbus server
[2024-11-26T06:49:43.773Z] Error reading register 6507 for IP 10.30.4.128: no connection to modbus server
[2024-11-26T06:49:43.788Z] Error writing to Modbus register: no connection to modbus server
[2024-11-26T06:49:44.715Z] Error reading or processing Modbus registers: no connection to modbus server
[2024-11-26T06:49:44.715Z] Error reading register 6507 for IP 10.30.4.128: no connection to modbus server
[2024-11-26T06:49:44.775Z] Error reading or processing Modbus registers: no connection to modbus server
[2024-11-26T06:49:44.776Z] Error reading register 6507 for IP 10.30.4.128: no connection to modbus server
[2024-11-26T06:49:45.723Z] Error writing to Modbus register: no connection to modbus server
[2024-11-26T06:49:45.723Z] Error reading or processing Modbus registers: no connection to modbus server
[2024-11-26T06:49:45.723Z] Error reading register 6507 for IP 10.30.4.128: no connection to modbus server
[2024-11-26T06:49:45.783Z] Error reading or processing Modbus registers: no connection to modbus server
[2024-11-26T06:49:45.783Z] Error reading register 6507 for IP 10.30.4.128: no connection to modbus server
[2024-11-26T06:49:45.798Z] Error writing to Modbus register: no connection to modbus server
[2024-11-26T06:49:46.728Z] Error reading or processing Modbus registers: no connection to modbus server
[2024-11-26T06:49:46.728Z] Error reading register 6507 for IP 10.30.4.128: no connection to modbus server
[2024-11-26T06:49:46.790Z] Error reading or processing Modbus registers: no connection to modbus server
[2024-11-26T06:49:46.790Z] Error reading register 6507 for IP 10.30.4.128: no connection to modbus server
[2024-11-26T06:49:47.736Z] Error writing to Modbus register: no connection to modbus server
[2024-11-26T06:49:47.736Z] Error reading or processing Modbus registers: no connection to modbus server
[2024-11-26T06:49:47.737Z] Error reading register 6507 for IP 10.30.4.128: no connection to modbus server
[2024-11-26T06:49:47.796Z] Error reading or processing Modbus registers: no connection to modbus server
[2024-11-26T06:49:47.796Z] Error reading register 6507 for IP 10.30.4.128: no connection to modbus server
[2024-11-26T06:49:47.811Z] Error writing to Modbus register: no connection to modbus server
[2024-11-26T06:49:48.739Z] Error reading or processing Modbus registers: no connection to modbus server
[2024-11-26T06:49:48.740Z] Error reading register 6507 for IP 10.30.4.128: no connection to modbus server
[2024-11-26T06:49:48.801Z] Error reading register 6507 for IP 10.30.4.128: no connection to modbus server
[2024-11-26T06:49:48.800Z] Error reading or processing Modbus registers: no connection to modbus server
[2024-11-26T06:49:49.746Z] Error writing to Modbus register: no connection to modbus server
[2024-11-26T06:49:49.746Z] Error reading or processing Modbus registers: no connection to modbus server
[2024-11-26T06:49:49.746Z] Error reading register 6507 for IP 10.30.4.128: no connection to modbus server
[2024-11-26T06:49:49.807Z] Error reading or processing Modbus registers: no connection to modbus server
[2024-11-26T06:49:49.807Z] Error reading register 6507 for IP 10.30.4.128: no connection to modbus server
[2024-11-26T06:49:49.822Z] Error writing to Modbus register: no connection to modbus server
[2024-11-26T06:49:50.753Z] Error reading or processing Modbus registers: no connection to modbus server
[2024-11-26T06:49:50.753Z] Error reading register 6507 for IP 10.30.4.128: no connection to modbus server
[2024-11-26T06:49:50.814Z] Error reading or processing Modbus registers: no connection to modbus server
[2024-11-26T06:49:50.814Z] Error reading register 6507 for IP 10.30.4.128: no connection to modbus server
[2024-11-26T06:49:51.759Z] Error writing to Modbus register: no connection to modbus server
[2024-11-26T06:49:51.759Z] Error reading or processing Modbus registers: no connection to modbus server
[2024-11-26T06:49:51.759Z] Error reading register 6507 for IP 10.30.4.128: no connection to modbus server
[2024-11-26T06:49:51.820Z] Error reading or processing Modbus registers: no connection to modbus server
[2024-11-26T06:49:51.820Z] Error reading register 6507 for IP 10.30.4.128: no connection to modbus server
[2024-11-26T06:49:51.835Z] Error writing to Modbus register: no connection to modbus server
[2024-11-26T06:49:52.764Z] Error reading or processing Modbus registers: no connection to modbus server
[2024-11-26T06:49:52.764Z] Error reading register 6507 for IP 10.30.4.128: no connection to modbus server
[2024-11-26T06:49:52.825Z] Error reading or processing Modbus registers: no connection to modbus server
[2024-11-26T06:49:52.825Z] Error reading register 6507 for IP 10.30.4.128: no connection to modbus server
[2024-11-26T06:49:53.768Z] Error writing to Modbus register: no connection to modbus server
[2024-11-26T06:49:53.768Z] Error reading or processing Modbus registers: no connection to modbus server
[2024-11-26T06:49:53.768Z] Error reading register 6507 for IP 10.30.4.128: no connection to modbus server
[2024-11-26T06:49:53.827Z] Error reading register 6507 for IP 10.30.4.128: no connection to modbus server
[2024-11-26T06:49:53.827Z] Error reading or processing Modbus registers: no connection to modbus server
[2024-11-26T06:49:53.842Z] Error writing to Modbus register: no connection to modbus server
[2024-11-26T06:49:54.774Z] Error reading or processing Modbus registers: no connection to modbus server
[2024-11-26T06:49:54.774Z] Error reading register 6507 for IP 10.30.4.128: no connection to modbus server
[2024-11-26T06:49:54.836Z] Error reading or processing Modbus registers: no connection to modbus server
[2024-11-26T06:49:54.836Z] Error reading register 6507 for IP 10.30.4.128: no connection to modbus server
[2024-11-26T06:49:55.771Z] Error writing to Modbus register: no connection to modbus server
[2024-11-26T06:49:55.787Z] Error reading or processing Modbus registers: no connection to modbus server
[2024-11-26T06:49:55.787Z] Error reading register 6507 for IP 10.30.4.128: no connection to modbus server
[2024-11-26T06:49:55.848Z] Error reading or processing Modbus registers: no connection to modbus server
[2024-11-26T06:49:55.848Z] Error reading register 6507 for IP 10.30.4.128: no connection to modbus server
[2024-11-26T06:49:55.848Z] Error writing to Modbus register: no connection to modbus server
[2024-11-26T06:49:56.794Z] Error reading register 6507 for IP 10.30.4.128: no connection to modbus server
[2024-11-26T06:49:56.794Z] Error reading or processing Modbus registers: no connection to modbus server
[2024-11-26T06:49:56.855Z] Error reading or processing Modbus registers: no connection to modbus server
[2024-11-26T06:49:56.855Z] Error reading register 6507 for IP 10.30.4.128: no connection to modbus server
[2024-11-26T06:49:57.778Z] Error writing to Modbus register: no connection to modbus server
[2024-11-26T06:49:57.808Z] Error reading or processing Modbus registers: no connection to modbus server
[2024-11-26T06:49:57.808Z] Error reading register 6507 for IP 10.30.4.128: no connection to modbus server
[2024-11-26T06:49:57.853Z] Error writing to Modbus register: no connection to modbus server
[2024-11-26T06:49:57.854Z] Error reading or processing Modbus registers: no connection to modbus server
[2024-11-26T06:49:57.854Z] Error reading register 6507 for IP 10.30.4.128: no connection to modbus server
[2024-11-26T06:49:58.809Z] Error reading or processing Modbus registers: no connection to modbus server
[2024-11-26T06:49:58.809Z] Error reading register 6507 for IP 10.30.4.128: no connection to modbus server
[2024-11-26T06:49:58.869Z] Error reading or processing Modbus registers: no connection to modbus server
[2024-11-26T06:49:58.869Z] Error reading register 6507 for IP 10.30.4.128: no connection to modbus server
[2024-11-26T06:49:59.791Z] Error writing to Modbus register: no connection to modbus server
[2024-11-26T06:49:59.821Z] Error reading or processing Modbus registers: no connection to modbus server
[2024-11-26T06:49:59.821Z] Error reading register 6507 for IP 10.30.4.128: no connection to modbus server
[2024-11-26T06:49:59.866Z] Error writing to Modbus register: no connection to modbus server
[2024-11-26T06:49:59.881Z] Error reading or processing Modbus registers: no connection to modbus server
[2024-11-26T06:49:59.881Z] Error reading register 6507 for IP 10.30.4.128: no connection to modbus server
[2024-11-26T06:50:00.820Z] Error reading or processing Modbus registers: no connection to modbus server
[2024-11-26T06:50:00.821Z] Error reading register 6507 for IP 10.30.4.128: no connection to modbus server
[2024-11-26T06:50:00.881Z] Error reading or processing Modbus registers: no connection to modbus server
[2024-11-26T06:50:00.882Z] Error reading register 6507 for IP 10.30.4.128: no connection to modbus server
[2024-11-26T06:50:01.804Z] Error writing to Modbus register: no connection to modbus server
[2024-11-26T06:50:01.820Z] Error reading or processing Modbus registers: no connection to modbus server
[2024-11-26T06:50:01.821Z] Error reading register 6507 for IP 10.30.4.128: no connection to modbus server
[2024-11-26T06:50:01.880Z] Error writing to Modbus register: no connection to modbus server
[2024-11-26T06:50:01.896Z] Error reading or processing Modbus registers: no connection to modbus server
[2024-11-26T06:50:01.896Z] Error reading register 6507 for IP 10.30.4.128: no connection to modbus server
[2024-11-26T06:50:02.823Z] Error reading or processing Modbus registers: no connection to modbus server
[2024-11-26T06:50:02.823Z] Error reading register 6507 for IP 10.30.4.128: no connection to modbus server
[2024-11-26T06:50:02.898Z] Error reading or processing Modbus registers: no connection to modbus server
[2024-11-26T06:50:02.898Z] Error reading register 6507 for IP 10.30.4.128: no connection to modbus server
[2024-11-26T06:50:03.806Z] Error writing to Modbus register: no connection to modbus server
[2024-11-26T06:50:03.822Z] Error reading or processing Modbus registers: no connection to modbus server
[2024-11-26T06:50:03.822Z] Error reading register 6507 for IP 10.30.4.128: no connection to modbus server
[2024-11-26T06:50:03.883Z] Error writing to Modbus register: no connection to modbus server
[2024-11-26T06:50:03.898Z] Error reading or processing Modbus registers: no connection to modbus server
[2024-11-26T06:50:03.898Z] Error reading register 6507 for IP 10.30.4.128: no connection to modbus server
[2024-11-26T06:50:04.836Z] Error reading or processing Modbus registers: no connection to modbus server
[2024-11-26T06:50:04.836Z] Error reading register 6507 for IP 10.30.4.128: no connection to modbus server
[2024-11-26T06:50:04.912Z] Error reading or processing Modbus registers: no connection to modbus server
[2024-11-26T06:50:04.912Z] Error reading register 6507 for IP 10.30.4.128: no connection to modbus server
[2024-11-26T06:50:05.807Z] Error writing to Modbus register: no connection to modbus server
[2024-11-26T06:50:05.837Z] Error reading or processing Modbus registers: no connection to modbus server
[2024-11-26T06:50:05.837Z] Error reading register 6507 for IP 10.30.4.128: no connection to modbus server
[2024-11-26T06:50:05.898Z] Error writing to Modbus register: no connection to modbus server
[2024-11-26T06:50:05.913Z] Error reading or processing Modbus registers: no connection to modbus server
[2024-11-26T06:50:05.913Z] Error reading register 6507 for IP 10.30.4.128: no connection to modbus server
[2024-11-26T06:50:06.850Z] Error reading or processing Modbus registers: no connection to modbus server
[2024-11-26T06:50:06.850Z] Error reading register 6507 for IP 10.30.4.128: no connection to modbus server
[2024-11-26T06:50:06.927Z] Error reading register 6507 for IP 10.30.4.128: no connection to modbus server
[2024-11-26T06:50:06.927Z] Error reading or processing Modbus registers: no connection to modbus server
[2024-11-26T06:50:07.821Z] Error writing to Modbus register: no connection to modbus server
[2024-11-26T06:50:07.851Z] Error reading or processing Modbus registers: no connection to modbus server
[2024-11-26T06:50:07.851Z] Error reading register 6507 for IP 10.30.4.128: no connection to modbus server
[2024-11-26T06:50:07.912Z] Error writing to Modbus register: no connection to modbus server
[2024-11-26T06:50:07.927Z] Error reading or processing Modbus registers: no connection to modbus server
[2024-11-26T06:50:07.927Z] Error reading register 6507 for IP 10.30.4.128: no connection to modbus server
[2024-11-26T06:50:08.865Z] Error reading register 6507 for IP 10.30.4.128: no connection to modbus server
[2024-11-26T06:50:08.865Z] Error reading or processing Modbus registers: no connection to modbus server
[2024-11-26T06:50:08.942Z] Error reading or processing Modbus registers: no connection to modbus server
[2024-11-26T06:50:08.942Z] Error reading register 6507 for IP 10.30.4.128: no connection to modbus server
[2024-11-26T06:50:09.821Z] Error writing to Modbus register: no connection to modbus server
[2024-11-26T06:50:09.865Z] Error reading or processing Modbus registers: no connection to modbus server
[2024-11-26T06:50:09.865Z] Error reading register 6507 for IP 10.30.4.128: no connection to modbus server
[2024-11-26T06:50:09.911Z] Error writing to Modbus register: no connection to modbus server
[2024-11-26T06:50:09.954Z] Error reading or processing Modbus registers: no connection to modbus server
[2024-11-26T06:50:09.954Z] Error reading register 6507 for IP 10.30.4.128: no connection to modbus server
[2024-11-26T06:50:10.870Z] Error reading or processing Modbus registers: no connection to modbus server
[2024-11-26T06:50:10.870Z] Error reading register 6507 for IP 10.30.4.128: no connection to modbus server
[2024-11-26T06:50:10.960Z] Error reading or processing Modbus registers: no connection to modbus server
[2024-11-26T06:50:10.960Z] Error reading register 6507 for IP 10.30.4.128: no connection to modbus server
[2024-11-26T06:50:11.834Z] Error writing to Modbus register: no connection to modbus server
[2024-11-26T06:50:11.880Z] Error reading or processing Modbus registers: no connection to modbus server
[2024-11-26T06:50:11.880Z] Error reading register 6507 for IP 10.30.4.128: no connection to modbus server
[2024-11-26T06:50:11.927Z] Error writing to Modbus register: no connection to modbus server
[2024-11-26T06:50:11.974Z] Error reading or processing Modbus registers: no connection to modbus server
[2024-11-26T06:50:11.974Z] Error reading register 6507 for IP 10.30.4.128: no connection to modbus server
[2024-11-26T06:50:12.894Z] Error reading register 6507 for IP 10.30.4.128: no connection to modbus server
[2024-11-26T06:50:12.894Z] Error reading or processing Modbus registers: no connection to modbus server
[2024-11-26T06:50:12.985Z] Error reading or processing Modbus registers: no connection to modbus server
[2024-11-26T06:50:12.985Z] Error reading register 6507 for IP 10.30.4.128: no connection to modbus server
[2024-11-26T06:50:13.835Z] Error writing to Modbus register: no connection to modbus server
[2024-11-26T06:50:13.897Z] Error reading or processing Modbus registers: no connection to modbus server
[2024-11-26T06:50:13.897Z] Error reading register 6507 for IP 10.30.4.128: no connection to modbus server
[2024-11-26T06:50:13.927Z] Error writing to Modbus register: no connection to modbus server
[2024-11-26T06:50:13.988Z] Error reading or processing Modbus registers: no connection to modbus server
[2024-11-26T06:50:13.988Z] Error reading register 6507 for IP 10.30.4.128: no connection to modbus server
[2024-11-26T06:50:14.900Z] Error reading or processing Modbus registers: no connection to modbus server
[2024-11-26T06:50:14.900Z] Error reading register 6507 for IP 10.30.4.128: no connection to modbus server
[2024-11-26T06:50:14.991Z] Error reading or processing Modbus registers: no connection to modbus server
[2024-11-26T06:50:14.991Z] Error reading register 6507 for IP 10.30.4.128: no connection to modbus server
[2024-11-26T06:50:15.848Z] Error writing to Modbus register: no connection to modbus server
[2024-11-26T06:50:15.910Z] Error reading or processing Modbus registers: no connection to modbus server
[2024-11-26T06:50:15.910Z] Error reading register 6507 for IP 10.30.4.128: no connection to modbus server
[2024-11-26T06:50:15.926Z] Error writing to Modbus register: no connection to modbus server
[2024-11-26T06:50:16.004Z] Error reading or processing Modbus registers: no connection to modbus server
[2024-11-26T06:50:16.004Z] Error reading register 6507 for IP 10.30.4.128: no connection to modbus server
[2024-11-26T06:50:16.923Z] Error reading register 6507 for IP 10.30.4.128: no connection to modbus server
[2024-11-26T06:50:16.922Z] Error reading or processing Modbus registers: no connection to modbus server
[2024-11-26T06:50:17.012Z] Error reading or processing Modbus registers: no connection to modbus server
[2024-11-26T06:50:17.012Z] Error reading register 6507 for IP 10.30.4.128: no connection to modbus server
[2024-11-26T06:50:17.861Z] Error writing to Modbus register: no connection to modbus server
[2024-11-26T06:50:17.937Z] Error reading or processing Modbus registers: no connection to modbus server
[2024-11-26T06:50:17.937Z] Error reading register 6507 for IP 10.30.4.128: no connection to modbus server
[2024-11-26T06:50:17.937Z] Error writing to Modbus register: no connection to modbus server
[2024-11-26T06:50:18.013Z] Error reading register 6507 for IP 10.30.4.128: no connection to modbus server
[2024-11-26T06:50:18.013Z] Error reading or processing Modbus registers: no connection to modbus server
[2024-11-26T06:50:18.951Z] Error reading register 6507 for IP 10.30.4.128: no connection to modbus server
[2024-11-26T06:50:18.951Z] Error reading or processing Modbus registers: no connection to modbus server
[2024-11-26T06:50:19.026Z] Error reading or processing Modbus registers: no connection to modbus server
[2024-11-26T06:50:19.027Z] Error reading register 6507 for IP 10.30.4.128: no connection to modbus server
[2024-11-26T06:50:19.862Z] Error writing to Modbus register: no connection to modbus server
[2024-11-26T06:50:19.937Z] Error writing to Modbus register: no connection to modbus server
[2024-11-26T06:50:19.952Z] Error reading or processing Modbus registers: no connection to modbus server
[2024-11-26T06:50:19.952Z] Error reading register 6507 for IP 10.30.4.128: no connection to modbus server
[2024-11-26T06:50:20.028Z] Error reading or processing Modbus registers: no connection to modbus server
[2024-11-26T06:50:20.028Z] Error reading register 6507 for IP 10.30.4.128: no connection to modbus server
[2024-11-26T06:50:20.953Z] Error reading or processing Modbus registers: no connection to modbus server
[2024-11-26T06:50:20.953Z] Error reading register 6507 for IP 10.30.4.128: no connection to modbus server
[2024-11-26T06:50:21.029Z] Error reading or processing Modbus registers: no connection to modbus server
[2024-11-26T06:50:21.029Z] Error reading register 6507 for IP 10.30.4.128: no connection to modbus server
[2024-11-26T06:50:21.863Z] Error writing to Modbus register: no connection to modbus server
[2024-11-26T06:50:21.940Z] Error writing to Modbus register: no connection to modbus server
[2024-11-26T06:50:21.955Z] Error reading or processing Modbus registers: no connection to modbus server
[2024-11-26T06:50:21.955Z] Error reading register 6507 for IP 10.30.4.128: no connection to modbus server
[2024-11-26T06:50:22.031Z] Error reading or processing Modbus registers: no connection to modbus server
[2024-11-26T06:50:22.031Z] Error reading register 6507 for IP 10.30.4.128: no connection to modbus server
[2024-11-26T06:50:22.968Z] Error reading register 6507 for IP 10.30.4.128: no connection to modbus server
[2024-11-26T06:50:22.967Z] Error reading or processing Modbus registers: no connection to modbus server
[2024-11-26T06:50:23.043Z] Error reading or processing Modbus registers: no connection to modbus server
[2024-11-26T06:50:23.043Z] Error reading register 6507 for IP 10.30.4.128: no connection to modbus server
[2024-11-26T06:50:23.877Z] Error writing to Modbus register: no connection to modbus server
[2024-11-26T06:50:23.954Z] Error writing to Modbus register: no connection to modbus server
[2024-11-26T06:50:23.969Z] Error reading or processing Modbus registers: no connection to modbus server
[2024-11-26T06:50:23.969Z] Error reading register 6507 for IP 10.30.4.128: no connection to modbus server
[2024-11-26T06:50:24.044Z] Error reading or processing Modbus registers: no connection to modbus server
[2024-11-26T06:50:24.044Z] Error reading register 6507 for IP 10.30.4.128: no connection to modbus server
[2024-11-26T06:50:24.969Z] Error reading or processing Modbus registers: no connection to modbus server
[2024-11-26T06:50:24.969Z] Error reading register 6507 for IP 10.30.4.128: no connection to modbus server
[2024-11-26T06:50:25.059Z] Error reading or processing Modbus registers: no connection to modbus server
[2024-11-26T06:50:25.059Z] Error reading register 6507 for IP 10.30.4.128: no connection to modbus server
[2024-11-26T06:50:25.891Z] Error writing to Modbus register: no connection to modbus server
[2024-11-26T06:50:25.966Z] Error writing to Modbus register: no connection to modbus server
[2024-11-26T06:50:25.981Z] Error reading or processing Modbus registers: no connection to modbus server
[2024-11-26T06:50:25.981Z] Error reading register 6507 for IP 10.30.4.128: no connection to modbus server
[2024-11-26T06:50:26.072Z] Error reading or processing Modbus registers: no connection to modbus server
[2024-11-26T06:50:26.072Z] Error reading register 6507 for IP 10.30.4.128: no connection to modbus server
[2024-11-26T06:50:26.982Z] Error reading or processing Modbus registers: no connection to modbus server
[2024-11-26T06:50:26.982Z] Error reading register 6507 for IP 10.30.4.128: no connection to modbus server
[2024-11-26T06:50:27.072Z] Error reading or processing Modbus registers: no connection to modbus server
[2024-11-26T06:50:27.073Z] Error reading register 6507 for IP 10.30.4.128: no connection to modbus server
[2024-11-26T06:50:27.892Z] Error writing to Modbus register: no connection to modbus server
[2024-11-26T06:50:27.968Z] Error writing to Modbus register: no connection to modbus server
[2024-11-26T06:50:27.983Z] Error reading register 6507 for IP 10.30.4.128: no connection to modbus server
[2024-11-26T06:50:27.983Z] Error reading or processing Modbus registers: no connection to modbus server
[2024-11-26T06:50:28.074Z] Error reading or processing Modbus registers: no connection to modbus server
[2024-11-26T06:50:28.074Z] Error reading register 6507 for IP 10.30.4.128: no connection to modbus server
[2024-11-26T06:50:28.984Z] Error reading or processing Modbus registers: no connection to modbus server
[2024-11-26T06:50:28.984Z] Error reading register 6507 for IP 10.30.4.128: no connection to modbus server
[2024-11-26T06:50:29.075Z] Error reading or processing Modbus registers: no connection to modbus server
[2024-11-26T06:50:29.075Z] Error reading register 6507 for IP 10.30.4.128: no connection to modbus server
[2024-11-26T06:50:29.892Z] Error writing to Modbus register: no connection to modbus server
[2024-11-26T06:50:29.982Z] Error writing to Modbus register: no connection to modbus server
[2024-11-26T06:50:29.997Z] Error reading or processing Modbus registers: no connection to modbus server
[2024-11-26T06:50:29.997Z] Error reading register 6507 for IP 10.30.4.128: no connection to modbus server
[2024-11-26T06:50:30.088Z] Error reading register 6507 for IP 10.30.4.128: no connection to modbus server
[2024-11-26T06:50:30.088Z] Error reading or processing Modbus registers: no connection to modbus server
[2024-11-26T06:50:31.012Z] Error reading or processing Modbus registers: no connection to modbus server
[2024-11-26T06:50:31.012Z] Error reading register 6507 for IP 10.30.4.128: no connection to modbus server
[2024-11-26T06:50:31.088Z] Error reading or processing Modbus registers: no connection to modbus server
[2024-11-26T06:50:31.088Z] Error reading register 6507 for IP 10.30.4.128: no connection to modbus server
[2024-11-26T06:50:31.893Z] Error writing to Modbus register: no connection to modbus server
[2024-11-26T06:50:31.997Z] Error writing to Modbus register: no connection to modbus server
[2024-11-26T06:50:32.011Z] Error reading or processing Modbus registers: no connection to modbus server
[2024-11-26T06:50:32.012Z] Error reading register 6507 for IP 10.30.4.128: no connection to modbus server
[2024-11-26T06:50:32.102Z] Error reading or processing Modbus registers: no connection to modbus server
[2024-11-26T06:50:32.102Z] Error reading register 6507 for IP 10.30.4.128: no connection to modbus server
[2024-11-26T06:50:33.011Z] Error reading register 6507 for IP 10.30.4.128: no connection to modbus server
[2024-11-26T06:50:33.011Z] Error reading or processing Modbus registers: no connection to modbus server
[2024-11-26T06:50:33.116Z] Error reading or processing Modbus registers: no connection to modbus server
[2024-11-26T06:50:33.116Z] Error reading register 6507 for IP 10.30.4.128: no connection to modbus server
[2024-11-26T06:50:33.893Z] Error writing to Modbus register: no connection to modbus server
[2024-11-26T06:50:34.010Z] Error writing to Modbus register: no connection to modbus server
[2024-11-26T06:50:34.026Z] Error reading or processing Modbus registers: no connection to modbus server
[2024-11-26T06:50:34.026Z] Error reading register 6507 for IP 10.30.4.128: no connection to modbus server
[2024-11-26T06:50:34.131Z] Error reading or processing Modbus registers: no connection to modbus server
[2024-11-26T06:50:34.131Z] Error reading register 6507 for IP 10.30.4.128: no connection to modbus server
[2024-11-26T06:50:35.040Z] Error reading or processing Modbus registers: no connection to modbus server
[2024-11-26T06:50:35.040Z] Error reading register 6507 for IP 10.30.4.128: no connection to modbus server
[2024-11-26T06:50:35.146Z] Error reading or processing Modbus registers: no connection to modbus server
[2024-11-26T06:50:35.146Z] Error reading register 6507 for IP 10.30.4.128: no connection to modbus server
[2024-11-26T06:50:35.894Z] Error writing to Modbus register: no connection to modbus server
[2024-11-26T06:50:36.014Z] Error writing to Modbus register: no connection to modbus server
[2024-11-26T06:50:36.040Z] Error reading or processing Modbus registers: no connection to modbus server
[2024-11-26T06:50:36.040Z] Error reading register 6507 for IP 10.30.4.128: no connection to modbus server
[2024-11-26T06:50:36.159Z] Error reading or processing Modbus registers: no connection to modbus server
[2024-11-26T06:50:36.159Z] Error reading register 6507 for IP 10.30.4.128: no connection to modbus server
[2024-11-26T06:50:37.053Z] Error reading or processing Modbus registers: no connection to modbus server
[2024-11-26T06:50:37.053Z] Error reading register 6507 for IP 10.30.4.128: no connection to modbus server
[2024-11-26T06:50:37.173Z] Error reading or processing Modbus registers: no connection to modbus server
[2024-11-26T06:50:37.173Z] Error reading register 6507 for IP 10.30.4.128: no connection to modbus server
[2024-11-26T06:50:37.893Z] Error writing to Modbus register: no connection to modbus server
[2024-11-26T06:50:38.021Z] Error writing to Modbus register: no connection to modbus server
[2024-11-26T06:50:38.067Z] Error reading or processing Modbus registers: no connection to modbus server
[2024-11-26T06:50:38.067Z] Error reading register 6507 for IP 10.30.4.128: no connection to modbus server
[2024-11-26T06:50:38.187Z] Error reading or processing Modbus registers: no connection to modbus server
[2024-11-26T06:50:38.187Z] Error reading register 6507 for IP 10.30.4.128: no connection to modbus server
[2024-11-26T06:50:39.079Z] Error reading or processing Modbus registers: no connection to modbus server
[2024-11-26T06:50:39.079Z] Error reading register 6507 for IP 10.30.4.128: no connection to modbus server
[2024-11-26T06:50:39.200Z] Error reading or processing Modbus registers: no connection to modbus server
[2024-11-26T06:50:39.200Z] Error reading register 6507 for IP 10.30.4.128: no connection to modbus server
[2024-11-26T06:50:39.893Z] Error writing to Modbus register: no connection to modbus server
[2024-11-26T06:50:40.035Z] Error writing to Modbus register: no connection to modbus server
[2024-11-26T06:50:40.081Z] Error reading or processing Modbus registers: no connection to modbus server
[2024-11-26T06:50:40.081Z] Error reading register 6507 for IP 10.30.4.128: no connection to modbus server
[2024-11-26T06:50:40.205Z] Error reading or processing Modbus registers: no connection to modbus server
[2024-11-26T06:50:40.205Z] Error reading register 6507 for IP 10.30.4.128: no connection to modbus server
[2024-11-26T06:50:41.090Z] Error reading or processing Modbus registers: no connection to modbus server
[2024-11-26T06:50:41.090Z] Error reading register 6507 for IP 10.30.4.128: no connection to modbus server
[2024-11-26T06:50:41.213Z] Error reading or processing Modbus registers: no connection to modbus server
[2024-11-26T06:50:41.214Z] Error reading register 6507 for IP 10.30.4.128: no connection to modbus server
[2024-11-26T06:50:41.893Z] Error writing to Modbus register: no connection to modbus server
[2024-11-26T06:50:42.038Z] Error writing to Modbus register: no connection to modbus server
[2024-11-26T06:50:42.099Z] Error reading or processing Modbus registers: no connection to modbus server
[2024-11-26T06:50:42.099Z] Error reading register 6507 for IP 10.30.4.128: no connection to modbus server
[2024-11-26T06:50:42.223Z] Error reading or processing Modbus registers: no connection to modbus server
[2024-11-26T06:50:42.223Z] Error reading register 6507 for IP 10.30.4.128: no connection to modbus server
[2024-11-26T06:50:43.108Z] Error reading or processing Modbus registers: no connection to modbus server
[2024-11-26T06:50:43.108Z] Error reading register 6507 for IP 10.30.4.128: no connection to modbus server
[2024-11-26T06:50:43.232Z] Error reading or processing Modbus registers: no connection to modbus server
[2024-11-26T06:50:43.232Z] Error reading register 6507 for IP 10.30.4.128: no connection to modbus server
[2024-11-26T06:50:43.894Z] Error writing to Modbus register: no connection to modbus server
[2024-11-26T06:50:44.043Z] Error writing to Modbus register: no connection to modbus server
[2024-11-26T06:50:44.120Z] Error reading or processing Modbus registers: no connection to modbus server
[2024-11-26T06:50:44.120Z] Error reading register 6507 for IP 10.30.4.128: no connection to modbus server
[2024-11-26T06:50:44.243Z] Error reading or processing Modbus registers: no connection to modbus server
[2024-11-26T06:50:44.244Z] Error reading register 6507 for IP 10.30.4.128: no connection to modbus server
[2024-11-26T06:50:45.133Z] Error reading or processing Modbus registers: no connection to modbus server
[2024-11-26T06:50:45.133Z] Error reading register 6507 for IP 10.30.4.128: no connection to modbus server
[2024-11-26T06:50:45.256Z] Error reading or processing Modbus registers: no connection to modbus server
[2024-11-26T06:50:45.257Z] Error reading register 6507 for IP 10.30.4.128: no connection to modbus server
[2024-11-26T06:50:45.894Z] Error writing to Modbus register: no connection to modbus server
[2024-11-26T06:50:46.052Z] Error writing to Modbus register: no connection to modbus server
[2024-11-26T06:50:46.143Z] Error reading or processing Modbus registers: no connection to modbus server
[2024-11-26T06:50:46.143Z] Error reading register 6507 for IP 10.30.4.128: no connection to modbus server
[2024-11-26T06:50:46.265Z] Error reading or processing Modbus registers: no connection to modbus server
[2024-11-26T06:50:46.265Z] Error reading register 6507 for IP 10.30.4.128: no connection to modbus server
[2024-11-26T06:50:47.157Z] Error reading or processing Modbus registers: no connection to modbus server
[2024-11-26T06:50:47.157Z] Error reading register 6507 for IP 10.30.4.128: no connection to modbus server
[2024-11-26T06:50:47.279Z] Error reading or processing Modbus registers: no connection to modbus server
[2024-11-26T06:50:47.279Z] Error reading register 6507 for IP 10.30.4.128: no connection to modbus server
[2024-11-26T06:50:47.894Z] Error writing to Modbus register: no connection to modbus server
[2024-11-26T06:50:48.054Z] Error writing to Modbus register: no connection to modbus server
[2024-11-26T06:50:48.160Z] Error reading or processing Modbus registers: no connection to modbus server
[2024-11-26T06:50:48.160Z] Error reading register 6507 for IP 10.30.4.128: no connection to modbus server
[2024-11-26T06:50:48.281Z] Error reading register 6507 for IP 10.30.4.128: no connection to modbus server
[2024-11-26T06:50:48.281Z] Error reading or processing Modbus registers: no connection to modbus server
[2024-11-26T06:50:49.175Z] Error reading or processing Modbus registers: no connection to modbus server
[2024-11-26T06:50:49.175Z] Error reading register 6507 for IP 10.30.4.128: no connection to modbus server
[2024-11-26T06:50:49.280Z] Error reading or processing Modbus registers: no connection to modbus server
[2024-11-26T06:50:49.280Z] Error reading register 6507 for IP 10.30.4.128: no connection to modbus server
[2024-11-26T06:50:49.894Z] Error writing to Modbus register: no connection to modbus server
[2024-11-26T06:50:50.055Z] Error writing to Modbus register: no connection to modbus server
[2024-11-26T06:50:50.177Z] Error reading or processing Modbus registers: no connection to modbus server
[2024-11-26T06:50:50.177Z] Error reading register 6507 for IP 10.30.4.128: no connection to modbus server
[2024-11-26T06:50:50.282Z] Error reading or processing Modbus registers: no connection to modbus server
[2024-11-26T06:50:50.282Z] Error reading register 6507 for IP 10.30.4.128: no connection to modbus server
[2024-11-26T06:50:51.181Z] Error reading or processing Modbus registers: no connection to modbus server
[2024-11-26T06:50:51.181Z] Error reading register 6507 for IP 10.30.4.128: no connection to modbus server
[2024-11-26T06:50:51.288Z] Error reading or processing Modbus registers: no connection to modbus server
[2024-11-26T06:50:51.288Z] Error reading register 6507 for IP 10.30.4.128: no connection to modbus server
[2024-11-26T06:50:51.897Z] Error writing to Modbus register: no connection to modbus server
[2024-11-26T06:50:52.063Z] Error writing to Modbus register: no connection to modbus server
[2024-11-26T06:50:52.185Z] Error reading or processing Modbus registers: no connection to modbus server
[2024-11-26T06:50:52.185Z] Error reading register 6507 for IP 10.30.4.128: no connection to modbus server
[2024-11-26T06:50:52.293Z] Error reading or processing Modbus registers: no connection to modbus server
[2024-11-26T06:50:52.293Z] Error reading register 6507 for IP 10.30.4.128: no connection to modbus server
[2024-11-26T06:50:53.197Z] Error reading or processing Modbus registers: no connection to modbus server
[2024-11-26T06:50:53.197Z] Error reading register 6507 for IP 10.30.4.128: no connection to modbus server
[2024-11-26T06:50:53.303Z] Error reading or processing Modbus registers: no connection to modbus server
[2024-11-26T06:50:53.303Z] Error reading register 6507 for IP 10.30.4.128: no connection to modbus server
[2024-11-26T06:50:53.909Z] Error writing to Modbus register: no connection to modbus server
[2024-11-26T06:50:54.064Z] Error writing to Modbus register: no connection to modbus server
[2024-11-26T06:50:54.212Z] Error reading or processing Modbus registers: no connection to modbus server
[2024-11-26T06:50:54.212Z] Error reading register 6507 for IP 10.30.4.128: no connection to modbus server
[2024-11-26T06:50:54.304Z] Error reading or processing Modbus registers: no connection to modbus server
[2024-11-26T06:50:54.304Z] Error reading register 6507 for IP 10.30.4.128: no connection to modbus server
[2024-11-26T06:50:55.224Z] Error reading or processing Modbus registers: no connection to modbus server
[2024-11-26T06:50:55.224Z] Error reading register 6507 for IP 10.30.4.128: no connection to modbus server
[2024-11-26T06:50:55.315Z] Error reading or processing Modbus registers: no connection to modbus server
[2024-11-26T06:50:55.315Z] Error reading register 6507 for IP 10.30.4.128: no connection to modbus server
[2024-11-26T06:50:55.921Z] Error writing to Modbus register: no connection to modbus server
[2024-11-26T06:50:56.063Z] Error writing to Modbus register: no connection to modbus server
[2024-11-26T06:50:56.224Z] Error reading or processing Modbus registers: no connection to modbus server
[2024-11-26T06:50:56.224Z] Error reading register 6507 for IP 10.30.4.128: no connection to modbus server
[2024-11-26T06:50:56.315Z] Error reading or processing Modbus registers: no connection to modbus server
[2024-11-26T06:50:56.315Z] Error reading register 6507 for IP 10.30.4.128: no connection to modbus server
[2024-11-26T06:50:57.238Z] Error reading register 6507 for IP 10.30.4.128: no connection to modbus server
[2024-11-26T06:50:57.238Z] Error reading or processing Modbus registers: no connection to modbus server
[2024-11-26T06:50:57.329Z] Error reading or processing Modbus registers: no connection to modbus server
[2024-11-26T06:50:57.329Z] Error reading register 6507 for IP 10.30.4.128: no connection to modbus server
[2024-11-26T06:50:57.936Z] Error writing to Modbus register: no connection to modbus server
[2024-11-26T06:50:58.064Z] Error writing to Modbus register: no connection to modbus server
[2024-11-26T06:50:58.238Z] Error reading or processing Modbus registers: no connection to modbus server
[2024-11-26T06:50:58.238Z] Error reading register 6507 for IP 10.30.4.128: no connection to modbus server
[2024-11-26T06:50:58.344Z] Error reading or processing Modbus registers: no connection to modbus server
[2024-11-26T06:50:58.344Z] Error reading register 6507 for IP 10.30.4.128: no connection to modbus server
[2024-11-26T06:50:59.244Z] Error reading or processing Modbus registers: no connection to modbus server
[2024-11-26T06:50:59.244Z] Error reading register 6507 for IP 10.30.4.128: no connection to modbus server
[2024-11-26T06:50:59.353Z] Error reading or processing Modbus registers: no connection to modbus server
[2024-11-26T06:50:59.353Z] Error reading register 6507 for IP 10.30.4.128: no connection to modbus server
[2024-11-26T06:50:59.950Z] Error writing to Modbus register: no connection to modbus server
[2024-11-26T06:51:00.063Z] Error writing to Modbus register: no connection to modbus server
[2024-11-26T06:51:00.258Z] Error reading or processing Modbus registers: no connection to modbus server
[2024-11-26T06:51:00.258Z] Error reading register 6507 for IP 10.30.4.128: no connection to modbus server
[2024-11-26T06:51:00.365Z] Error reading or processing Modbus registers: no connection to modbus server
[2024-11-26T06:51:00.366Z] Error reading register 6507 for IP 10.30.4.128: no connection to modbus server
[2024-11-26T06:51:01.262Z] Error reading or processing Modbus registers: no connection to modbus server
[2024-11-26T06:51:01.262Z] Error reading register 6507 for IP 10.30.4.128: no connection to modbus server
[2024-11-26T06:51:01.368Z] Error reading or processing Modbus registers: no connection to modbus server
[2024-11-26T06:51:01.368Z] Error reading register 6507 for IP 10.30.4.128: no connection to modbus server
[2024-11-26T06:51:01.960Z] Error writing to Modbus register: no connection to modbus server
[2024-11-26T06:51:02.064Z] Error writing to Modbus register: no connection to modbus server
[2024-11-26T06:51:02.275Z] Error reading or processing Modbus registers: no connection to modbus server
[2024-11-26T06:51:02.276Z] Error reading register 6507 for IP 10.30.4.128: no connection to modbus server
[2024-11-26T06:51:02.382Z] Error reading or processing Modbus registers: no connection to modbus server
[2024-11-26T06:51:02.382Z] Error reading register 6507 for IP 10.30.4.128: no connection to modbus server
[2024-11-26T06:51:03.278Z] Error reading or processing Modbus registers: no connection to modbus server
[2024-11-26T06:51:03.278Z] Error reading register 6507 for IP 10.30.4.128: no connection to modbus server
[2024-11-26T06:51:03.384Z] Error reading or processing Modbus registers: no connection to modbus server
[2024-11-26T06:51:03.384Z] Error reading register 6507 for IP 10.30.4.128: no connection to modbus server
[2024-11-26T06:51:03.960Z] Error writing to Modbus register: no connection to modbus server
[2024-11-26T06:51:04.064Z] Error writing to Modbus register: no connection to modbus server
[2024-11-26T06:51:04.278Z] Error reading or processing Modbus registers: no connection to modbus server
[2024-11-26T06:51:04.278Z] Error reading register 6507 for IP 10.30.4.128: no connection to modbus server
[2024-11-26T06:51:04.385Z] Error reading or processing Modbus registers: no connection to modbus server
[2024-11-26T06:51:04.385Z] Error reading register 6507 for IP 10.30.4.128: no connection to modbus server
[2024-11-26T06:51:05.279Z] Error reading or processing Modbus registers: no connection to modbus server
[2024-11-26T06:51:05.279Z] Error reading register 6507 for IP 10.30.4.128: no connection to modbus server
[2024-11-26T06:51:05.386Z] Error reading or processing Modbus registers: no connection to modbus server
[2024-11-26T06:51:05.386Z] Error reading register 6507 for IP 10.30.4.128: no connection to modbus server
[2024-11-26T06:51:05.963Z] Error writing to Modbus register: no connection to modbus server
[2024-11-26T06:51:06.063Z] Error writing to Modbus register: no connection to modbus server
[2024-11-26T06:51:06.293Z] Error reading or processing Modbus registers: no connection to modbus server
[2024-11-26T06:51:06.293Z] Error reading register 6507 for IP 10.30.4.128: no connection to modbus server
[2024-11-26T06:51:06.400Z] Error reading or processing Modbus registers: no connection to modbus server
[2024-11-26T06:51:06.400Z] Error reading register 6507 for IP 10.30.4.128: no connection to modbus server
[2024-11-26T06:51:07.294Z] Error reading or processing Modbus registers: no connection to modbus server
[2024-11-26T06:51:07.294Z] Error reading register 6507 for IP 10.30.4.128: no connection to modbus server
[2024-11-26T06:51:07.401Z] Error reading or processing Modbus registers: no connection to modbus server
[2024-11-26T06:51:07.401Z] Error reading register 6507 for IP 10.30.4.128: no connection to modbus server
[2024-11-26T06:51:07.969Z] Error writing to Modbus register: no connection to modbus server
[2024-11-26T06:51:08.064Z] Error writing to Modbus register: no connection to modbus server
[2024-11-26T06:51:08.303Z] Error reading register 6507 for IP 10.30.4.128: no connection to modbus server
[2024-11-26T06:51:08.302Z] Error reading or processing Modbus registers: no connection to modbus server
[2024-11-26T06:51:08.408Z] Error reading or processing Modbus registers: no connection to modbus server
[2024-11-26T06:51:08.408Z] Error reading register 6507 for IP 10.30.4.128: no connection to modbus server
[2024-11-26T06:51:09.311Z] Error reading or processing Modbus registers: no connection to modbus server
[2024-11-26T06:51:09.311Z] Error reading register 6507 for IP 10.30.4.128: no connection to modbus server
[2024-11-26T06:51:09.417Z] Error reading or processing Modbus registers: no connection to modbus server
[2024-11-26T06:51:09.417Z] Error reading register 6507 for IP 10.30.4.128: no connection to modbus server
[2024-11-26T06:51:09.979Z] Error writing to Modbus register: no connection to modbus server
[2024-11-26T06:51:10.064Z] Error writing to Modbus register: no connection to modbus server
[2024-11-26T06:51:10.317Z] Error reading or processing Modbus registers: no connection to modbus server
[2024-11-26T06:51:10.317Z] Error reading register 6507 for IP 10.30.4.128: no connection to modbus server
[2024-11-26T06:51:10.426Z] Error reading or processing Modbus registers: no connection to modbus server
[2024-11-26T06:51:10.426Z] Error reading register 6507 for IP 10.30.4.128: no connection to modbus server
[2024-11-26T06:51:11.329Z] Error reading or processing Modbus registers: no connection to modbus server
[2024-11-26T06:51:11.329Z] Error reading register 6507 for IP 10.30.4.128: no connection to modbus server
[2024-11-26T06:51:11.435Z] Error reading or processing Modbus registers: no connection to modbus server
[2024-11-26T06:51:11.435Z] Error reading register 6507 for IP 10.30.4.128: no connection to modbus server
[2024-11-26T06:51:11.990Z] Error writing to Modbus register: no connection to modbus server
[2024-11-26T06:51:12.064Z] Error writing to Modbus register: no connection to modbus server
[2024-11-26T06:51:12.340Z] Error reading or processing Modbus registers: no connection to modbus server
[2024-11-26T06:51:12.340Z] Error reading register 6507 for IP 10.30.4.128: no connection to modbus server
[2024-11-26T06:51:12.448Z] Error reading or processing Modbus registers: no connection to modbus server
[2024-11-26T06:51:12.448Z] Error reading register 6507 for IP 10.30.4.128: no connection to modbus server
[2024-11-26T06:51:13.348Z] Error reading or processing Modbus registers: no connection to modbus server
[2024-11-26T06:51:13.348Z] Error reading register 6507 for IP 10.30.4.128: no connection to modbus server
[2024-11-26T06:51:13.456Z] Error reading or processing Modbus registers: no connection to modbus server
[2024-11-26T06:51:13.457Z] Error reading register 6507 for IP 10.30.4.128: no connection to modbus server
[2024-11-26T06:51:14.005Z] Error writing to Modbus register: no connection to modbus server
[2024-11-26T06:51:14.064Z] Error writing to Modbus register: no connection to modbus server
[2024-11-26T06:51:14.355Z] Error reading or processing Modbus registers: no connection to modbus server
[2024-11-26T06:51:14.355Z] Error reading register 6507 for IP 10.30.4.128: no connection to modbus server
[2024-11-26T06:51:14.463Z] Error reading register 6507 for IP 10.30.4.128: no connection to modbus server
[2024-11-26T06:51:14.463Z] Error reading or processing Modbus registers: no connection to modbus server
[2024-11-26T06:51:15.355Z] Error reading or processing Modbus registers: no connection to modbus server
[2024-11-26T06:51:15.355Z] Error reading register 6507 for IP 10.30.4.128: no connection to modbus server
[2024-11-26T06:51:15.478Z] Error reading or processing Modbus registers: no connection to modbus server
[2024-11-26T06:51:15.478Z] Error reading register 6507 for IP 10.30.4.128: no connection to modbus server
[2024-11-26T06:51:16.011Z] Error writing to Modbus register: no connection to modbus server
[2024-11-26T06:51:16.064Z] Error writing to Modbus register: no connection to modbus server
[2024-11-26T06:51:16.362Z] Error reading register 6507 for IP 10.30.4.128: no connection to modbus server
[2024-11-26T06:51:16.362Z] Error reading or processing Modbus registers: no connection to modbus server
[2024-11-26T06:51:16.482Z] Error reading or processing Modbus registers: no connection to modbus server
[2024-11-26T06:51:16.482Z] Error reading register 6507 for IP 10.30.4.128: no connection to modbus server
[2024-11-26T06:51:17.367Z] Error reading or processing Modbus registers: no connection to modbus server
[2024-11-26T06:51:17.367Z] Error reading register 6507 for IP 10.30.4.128: no connection to modbus server
[2024-11-26T06:51:17.490Z] Error reading or processing Modbus registers: no connection to modbus server
[2024-11-26T06:51:17.490Z] Error reading register 6507 for IP 10.30.4.128: no connection to modbus server
[2024-11-26T06:51:18.012Z] Error writing to Modbus register: no connection to modbus server
[2024-11-26T06:51:18.064Z] Error writing to Modbus register: no connection to modbus server
[2024-11-26T06:51:18.378Z] Error reading or processing Modbus registers: no connection to modbus server
[2024-11-26T06:51:18.378Z] Error reading register 6507 for IP 10.30.4.128: no connection to modbus server
[2024-11-26T06:51:18.501Z] Error reading or processing Modbus registers: no connection to modbus server
[2024-11-26T06:51:18.501Z] Error reading register 6507 for IP 10.30.4.128: no connection to modbus server
[2024-11-26T06:51:19.383Z] Error reading or processing Modbus registers: no connection to modbus server
[2024-11-26T06:51:19.383Z] Error reading register 6507 for IP 10.30.4.128: no connection to modbus server
[2024-11-26T06:51:19.507Z] Error reading or processing Modbus registers: no connection to modbus server
[2024-11-26T06:51:19.507Z] Error reading register 6507 for IP 10.30.4.128: no connection to modbus server
[2024-11-26T06:51:20.025Z] Error writing to Modbus register: no connection to modbus server
[2024-11-26T06:51:20.072Z] Error writing to Modbus register: no connection to modbus server
[2024-11-26T06:51:20.391Z] Error reading or processing Modbus registers: no connection to modbus server
[2024-11-26T06:51:20.391Z] Error reading register 6507 for IP 10.30.4.128: no connection to modbus server
[2024-11-26T06:51:20.515Z] Error reading or processing Modbus registers: no connection to modbus server
[2024-11-26T06:51:20.515Z] Error reading register 6507 for IP 10.30.4.128: no connection to modbus server
[2024-11-26T06:51:21.402Z] Error reading or processing Modbus registers: no connection to modbus server
[2024-11-26T06:51:21.402Z] Error reading register 6507 for IP 10.30.4.128: no connection to modbus server
[2024-11-26T06:51:21.526Z] Error reading or processing Modbus registers: no connection to modbus server
[2024-11-26T06:51:21.526Z] Error reading register 6507 for IP 10.30.4.128: no connection to modbus server
[2024-11-26T06:51:22.033Z] Error writing to Modbus register: no connection to modbus server
[2024-11-26T06:51:22.080Z] Error writing to Modbus register: no connection to modbus server
[2024-11-26T06:51:22.417Z] Error reading or processing Modbus registers: no connection to modbus server
[2024-11-26T06:51:22.417Z] Error reading register 6507 for IP 10.30.4.128: no connection to modbus server
[2024-11-26T06:51:22.540Z] Error reading or processing Modbus registers: no connection to modbus server
[2024-11-26T06:51:22.540Z] Error reading register 6507 for IP 10.30.4.128: no connection to modbus server
[2024-11-26T06:51:23.430Z] Error reading or processing Modbus registers: no connection to modbus server
[2024-11-26T06:51:23.430Z] Error reading register 6507 for IP 10.30.4.128: no connection to modbus server
[2024-11-26T06:51:23.553Z] Error reading or processing Modbus registers: no connection to modbus server
[2024-11-26T06:51:23.554Z] Error reading register 6507 for IP 10.30.4.128: no connection to modbus server
[2024-11-26T06:51:24.040Z] Error writing to Modbus register: no connection to modbus server
[2024-11-26T06:51:24.086Z] Error writing to Modbus register: no connection to modbus server
[2024-11-26T06:51:24.441Z] Error reading or processing Modbus registers: no connection to modbus server
[2024-11-26T06:51:24.441Z] Error reading register 6507 for IP 10.30.4.128: no connection to modbus server
[2024-11-26T06:51:24.563Z] Error reading or processing Modbus registers: no connection to modbus server
[2024-11-26T06:51:24.563Z] Error reading register 6507 for IP 10.30.4.128: no connection to modbus server
[2024-11-26T06:51:25.448Z] Error reading or processing Modbus registers: no connection to modbus server
[2024-11-26T06:51:25.448Z] Error reading register 6507 for IP 10.30.4.128: no connection to modbus server
[2024-11-26T06:51:25.569Z] Error reading or processing Modbus registers: no connection to modbus server
[2024-11-26T06:51:25.570Z] Error reading register 6507 for IP 10.30.4.128: no connection to modbus server
[2024-11-26T06:51:26.040Z] Error writing to Modbus register: no connection to modbus server
[2024-11-26T06:51:26.101Z] Error writing to Modbus register: no connection to modbus server
[2024-11-26T06:51:26.452Z] Error reading or processing Modbus registers: no connection to modbus server
[2024-11-26T06:51:26.453Z] Error reading register 6507 for IP 10.30.4.128: no connection to modbus server
[2024-11-26T06:51:26.574Z] Error reading or processing Modbus registers: no connection to modbus server
[2024-11-26T06:51:26.574Z] Error reading register 6507 for IP 10.30.4.128: no connection to modbus server
[2024-11-26T06:51:27.466Z] Error reading or processing Modbus registers: no connection to modbus server
[2024-11-26T06:51:27.466Z] Error reading register 6507 for IP 10.30.4.128: no connection to modbus server
[2024-11-26T06:51:27.587Z] Error reading register 6507 for IP 10.30.4.128: no connection to modbus server
[2024-11-26T06:51:27.587Z] Error reading or processing Modbus registers: no connection to modbus server
[2024-11-26T06:51:28.042Z] Error writing to Modbus register: no connection to modbus server
[2024-11-26T06:51:28.104Z] Error writing to Modbus register: no connection to modbus server
[2024-11-26T06:51:28.471Z] Error reading register 6507 for IP 10.30.4.128: no connection to modbus server
[2024-11-26T06:51:28.471Z] Error reading or processing Modbus registers: no connection to modbus server
[2024-11-26T06:51:28.595Z] Error reading or processing Modbus registers: no connection to modbus server
[2024-11-26T06:51:28.595Z] Error reading register 6507 for IP 10.30.4.128: no connection to modbus server
[2024-11-26T06:51:29.472Z] Error reading or processing Modbus registers: no connection to modbus server
[2024-11-26T06:51:29.472Z] Error reading register 6507 for IP 10.30.4.128: no connection to modbus server
[2024-11-26T06:51:29.609Z] Error reading or processing Modbus registers: no connection to modbus server
[2024-11-26T06:51:29.609Z] Error reading register 6507 for IP 10.30.4.128: no connection to modbus server
[2024-11-26T06:51:30.057Z] Error writing to Modbus register: no connection to modbus server
[2024-11-26T06:51:30.119Z] Error writing to Modbus register: no connection to modbus server
[2024-11-26T06:51:30.485Z] Error reading or processing Modbus registers: no connection to modbus server
[2024-11-26T06:51:30.485Z] Error reading register 6507 for IP 10.30.4.128: no connection to modbus server
[2024-11-26T06:51:30.623Z] Error reading or processing Modbus registers: no connection to modbus server
[2024-11-26T06:51:30.623Z] Error reading register 6507 for IP 10.30.4.128: no connection to modbus server
[2024-11-26T06:51:31.496Z] Error reading or processing Modbus registers: no connection to modbus server
[2024-11-26T06:51:31.496Z] Error reading register 6507 for IP 10.30.4.128: no connection to modbus server
[2024-11-26T06:51:31.634Z] Error reading register 6507 for IP 10.30.4.128: no connection to modbus server
[2024-11-26T06:51:31.634Z] Error reading or processing Modbus registers: no connection to modbus server
[2024-11-26T06:51:32.067Z] Error writing to Modbus register: no connection to modbus server
[2024-11-26T06:51:32.129Z] Error writing to Modbus register: no connection to modbus server
[2024-11-26T06:51:32.511Z] Error reading or processing Modbus registers: no connection to modbus server
[2024-11-26T06:51:32.512Z] Error reading register 6507 for IP 10.30.4.128: no connection to modbus server
[2024-11-26T06:51:32.647Z] Error reading or processing Modbus registers: no connection to modbus server
[2024-11-26T06:51:32.648Z] Error reading register 6507 for IP 10.30.4.128: no connection to modbus server
[2024-11-26T06:51:33.513Z] Error reading or processing Modbus registers: no connection to modbus server
[2024-11-26T06:51:33.513Z] Error reading register 6507 for IP 10.30.4.128: no connection to modbus server
[2024-11-26T06:51:33.650Z] Error reading or processing Modbus registers: no connection to modbus server
[2024-11-26T06:51:33.651Z] Error reading register 6507 for IP 10.30.4.128: no connection to modbus server
[2024-11-26T06:51:33.758Z] Unable to connect to device at 10.30.4.128: read ECONNRESET
[2024-11-26T06:51:33.759Z] Error reading or processing Modbus registers: connection to modbus server closed
[2024-11-26T06:51:33.759Z] Error writing to Modbus register: rejecting because of earlier OutOfSync error
[2024-11-26T06:51:33.759Z] Error reading register 6507 for IP 10.30.4.128: rejecting because of earlier OutOfSync error
[2024-11-26T06:51:33.759Z] Error reading or processing Modbus registers: rejecting because of earlier OutOfSync error
[2024-11-26T06:51:33.759Z] Error reading register 6507 for IP 10.30.4.128: rejecting because of earlier OutOfSync error
[2024-11-26T06:51:33.759Z] Error reading or processing Modbus registers: rejecting because of earlier OutOfSync error
[2024-11-26T06:51:33.759Z] Error reading register 6507 for IP 10.30.4.128: rejecting because of earlier OutOfSync error
[2024-11-26T06:51:34.032Z] Error writing to Modbus register: no connection to modbus server
[2024-11-26T06:51:34.079Z] Error writing to Modbus register: no connection to modbus server
[2024-11-26T06:51:34.140Z] Error writing to Modbus register: no connection to modbus server
[2024-11-26T06:51:34.217Z] Error reading or processing Modbus registers: no connection to modbus server
[2024-11-26T06:51:34.217Z] Error reading register 6507 for IP 10.30.4.128: no connection to modbus server
[2024-11-26T06:51:34.526Z] Error reading or processing Modbus registers: no connection to modbus server
[2024-11-26T06:51:34.526Z] Error reading register 6507 for IP 10.30.4.128: no connection to modbus server
[2024-11-26T06:51:34.663Z] Error reading or processing Modbus registers: no connection to modbus server
[2024-11-26T06:51:34.663Z] Error reading register 6507 for IP 10.30.4.128: no connection to modbus server
[2024-11-26T06:51:35.230Z] Error reading or processing Modbus registers: no connection to modbus server
[2024-11-26T06:51:35.230Z] Error reading register 6507 for IP 10.30.4.128: no connection to modbus server
[2024-11-26T06:51:35.537Z] Error reading or processing Modbus registers: no connection to modbus server
[2024-11-26T06:51:35.537Z] Error reading register 6507 for IP 10.30.4.128: no connection to modbus server
[2024-11-26T06:51:35.675Z] Error reading or processing Modbus registers: no connection to modbus server
[2024-11-26T06:51:35.676Z] Error reading register 6507 for IP 10.30.4.128: no connection to modbus server
[2024-11-26T06:51:36.041Z] Error writing to Modbus register: no connection to modbus server
[2024-11-26T06:51:36.088Z] Error writing to Modbus register: no connection to modbus server
[2024-11-26T06:51:36.149Z] Error writing to Modbus register: no connection to modbus server
[2024-11-26T06:51:36.240Z] Error reading or processing Modbus registers: no connection to modbus server
[2024-11-26T06:51:36.240Z] Error reading register 6507 for IP 10.30.4.128: no connection to modbus server
[2024-11-26T06:51:36.548Z] Error reading or processing Modbus registers: no connection to modbus server
[2024-11-26T06:51:36.548Z] Error reading register 6507 for IP 10.30.4.128: no connection to modbus server
[2024-11-26T06:51:36.685Z] Error reading or processing Modbus registers: no connection to modbus server
[2024-11-26T06:51:36.685Z] Error reading register 6507 for IP 10.30.4.128: no connection to modbus server
[2024-11-26T06:51:37.249Z] Error reading or processing Modbus registers: no connection to modbus server
[2024-11-26T06:51:37.250Z] Error reading register 6507 for IP 10.30.4.128: no connection to modbus server
[2024-11-26T06:51:37.554Z] Error reading or processing Modbus registers: no connection to modbus server
[2024-11-26T06:51:37.554Z] Error reading register 6507 for IP 10.30.4.128: no connection to modbus server
[2024-11-26T06:51:37.690Z] Error reading or processing Modbus registers: no connection to modbus server
[2024-11-26T06:51:37.690Z] Error reading register 6507 for IP 10.30.4.128: no connection to modbus server
[2024-11-26T06:51:38.054Z] Error writing to Modbus register: no connection to modbus server
[2024-11-26T06:51:38.100Z] Error writing to Modbus register: no connection to modbus server
[2024-11-26T06:51:38.161Z] Error writing to Modbus register: no connection to modbus server
[2024-11-26T06:51:38.252Z] Error reading or processing Modbus registers: no connection to modbus server
[2024-11-26T06:51:38.252Z] Error reading register 6507 for IP 10.30.4.128: no connection to modbus server
[2024-11-26T06:51:38.554Z] Error reading or processing Modbus registers: no connection to modbus server
[2024-11-26T06:51:38.554Z] Error reading register 6507 for IP 10.30.4.128: no connection to modbus server
[2024-11-26T06:51:38.692Z] Error reading or processing Modbus registers: no connection to modbus server
[2024-11-26T06:51:38.692Z] Error reading register 6507 for IP 10.30.4.128: no connection to modbus server
[2024-11-26T06:51:39.266Z] Error reading or processing Modbus registers: no connection to modbus server
[2024-11-26T06:51:39.266Z] Error reading register 6507 for IP 10.30.4.128: no connection to modbus server
[2024-11-26T06:51:39.555Z] Error reading register 6507 for IP 10.30.4.128: no connection to modbus server
[2024-11-26T06:51:39.555Z] Error reading or processing Modbus registers: no connection to modbus server
[2024-11-26T06:51:39.707Z] Error reading or processing Modbus registers: no connection to modbus server
[2024-11-26T06:51:39.707Z] Error reading register 6507 for IP 10.30.4.128: no connection to modbus server
[2024-11-26T06:51:40.056Z] Error writing to Modbus register: no connection to modbus server
[2024-11-26T06:51:40.101Z] Error writing to Modbus register: no connection to modbus server
[2024-11-26T06:51:40.176Z] Error writing to Modbus register: no connection to modbus server
[2024-11-26T06:51:40.268Z] Error reading or processing Modbus registers: no connection to modbus server
[2024-11-26T06:51:40.268Z] Error reading register 6507 for IP 10.30.4.128: no connection to modbus server
[2024-11-26T06:51:40.555Z] Error reading or processing Modbus registers: no connection to modbus server
[2024-11-26T06:51:40.555Z] Error reading register 6507 for IP 10.30.4.128: no connection to modbus server
[2024-11-26T06:51:40.707Z] Error reading or processing Modbus registers: no connection to modbus server
[2024-11-26T06:51:40.707Z] Error reading register 6507 for IP 10.30.4.128: no connection to modbus server
[2024-11-26T06:51:41.268Z] Error reading or processing Modbus registers: no connection to modbus server
[2024-11-26T06:51:41.268Z] Error reading register 6507 for IP 10.30.4.128: no connection to modbus server
[2024-11-26T06:51:41.556Z] Error reading or processing Modbus registers: no connection to modbus server
[2024-11-26T06:51:41.556Z] Error reading register 6507 for IP 10.30.4.128: no connection to modbus server
[2024-11-26T06:51:41.709Z] Error reading or processing Modbus registers: no connection to modbus server
[2024-11-26T06:51:41.709Z] Error reading register 6507 for IP 10.30.4.128: no connection to modbus server
[2024-11-26T06:51:42.057Z] Error writing to Modbus register: no connection to modbus server
[2024-11-26T06:51:42.103Z] Error writing to Modbus register: no connection to modbus server
[2024-11-26T06:51:42.176Z] Error writing to Modbus register: no connection to modbus server
[2024-11-26T06:51:42.269Z] Error reading or processing Modbus registers: no connection to modbus server
[2024-11-26T06:51:42.270Z] Error reading register 6507 for IP 10.30.4.128: no connection to modbus server
[2024-11-26T06:51:42.560Z] Error reading or processing Modbus registers: no connection to modbus server
[2024-11-26T06:51:42.560Z] Error reading register 6507 for IP 10.30.4.128: no connection to modbus server
[2024-11-26T06:51:42.712Z] Error reading or processing Modbus registers: no connection to modbus server
[2024-11-26T06:51:42.712Z] Error reading register 6507 for IP 10.30.4.128: no connection to modbus server
[2024-11-26T06:51:43.272Z] Error reading or processing Modbus registers: no connection to modbus server
[2024-11-26T06:51:43.272Z] Error reading register 6507 for IP 10.30.4.128: no connection to modbus server
[2024-11-26T06:51:43.575Z] Error reading or processing Modbus registers: no connection to modbus server
[2024-11-26T06:51:43.575Z] Error reading register 6507 for IP 10.30.4.128: no connection to modbus server
[2024-11-26T06:51:43.726Z] Error reading or processing Modbus registers: no connection to modbus server
[2024-11-26T06:51:43.726Z] Error reading register 6507 for IP 10.30.4.128: no connection to modbus server
[2024-11-26T06:51:44.060Z] Error writing to Modbus register: no connection to modbus server
[2024-11-26T06:51:44.106Z] Error writing to Modbus register: no connection to modbus server
[2024-11-26T06:51:44.176Z] Error writing to Modbus register: no connection to modbus server
[2024-11-26T06:51:44.272Z] Error reading or processing Modbus registers: no connection to modbus server
[2024-11-26T06:51:44.272Z] Error reading register 6507 for IP 10.30.4.128: no connection to modbus server
[2024-11-26T06:51:44.577Z] Error reading or processing Modbus registers: no connection to modbus server
[2024-11-26T06:51:44.577Z] Error reading register 6507 for IP 10.30.4.128: no connection to modbus server
[2024-11-26T06:51:44.728Z] Error reading or processing Modbus registers: no connection to modbus server
[2024-11-26T06:51:44.728Z] Error reading register 6507 for IP 10.30.4.128: no connection to modbus server
[2024-11-26T06:51:45.272Z] Error reading or processing Modbus registers: no connection to modbus server
[2024-11-26T06:51:45.273Z] Error reading register 6507 for IP 10.30.4.128: no connection to modbus server
[2024-11-26T06:51:45.578Z] Error reading or processing Modbus registers: no connection to modbus server
[2024-11-26T06:51:45.578Z] Error reading register 6507 for IP 10.30.4.128: no connection to modbus server
[2024-11-26T06:51:45.730Z] Error reading or processing Modbus registers: no connection to modbus server
[2024-11-26T06:51:45.730Z] Error reading register 6507 for IP 10.30.4.128: no connection to modbus server
[2024-11-26T06:51:46.063Z] Error writing to Modbus register: no connection to modbus server
[2024-11-26T06:51:46.109Z] Error writing to Modbus register: no connection to modbus server
[2024-11-26T06:51:46.176Z] Error writing to Modbus register: no connection to modbus server
[2024-11-26T06:51:46.274Z] Error reading or processing Modbus registers: no connection to modbus server
[2024-11-26T06:51:46.275Z] Error reading register 6507 for IP 10.30.4.128: no connection to modbus server
[2024-11-26T06:51:46.579Z] Error reading or processing Modbus registers: no connection to modbus server
[2024-11-26T06:51:46.579Z] Error reading register 6507 for IP 10.30.4.128: no connection to modbus server
[2024-11-26T06:51:46.731Z] Error reading or processing Modbus registers: no connection to modbus server
[2024-11-26T06:51:46.732Z] Error reading register 6507 for IP 10.30.4.128: no connection to modbus server
[2024-11-26T06:51:47.274Z] Error reading or processing Modbus registers: no connection to modbus server
[2024-11-26T06:51:47.275Z] Error reading register 6507 for IP 10.30.4.128: no connection to modbus server
[2024-11-26T06:51:47.579Z] Error reading or processing Modbus registers: no connection to modbus server
[2024-11-26T06:51:47.579Z] Error reading register 6507 for IP 10.30.4.128: no connection to modbus server
[2024-11-26T06:51:47.745Z] Error reading or processing Modbus registers: no connection to modbus server
[2024-11-26T06:51:47.745Z] Error reading register 6507 for IP 10.30.4.128: no connection to modbus server
[2024-11-26T06:51:48.064Z] Error writing to Modbus register: no connection to modbus server
[2024-11-26T06:51:48.123Z] Error writing to Modbus register: no connection to modbus server
[2024-11-26T06:51:48.179Z] Error writing to Modbus register: no connection to modbus server
[2024-11-26T06:51:48.290Z] Error reading or processing Modbus registers: no connection to modbus server
[2024-11-26T06:51:48.290Z] Error reading register 6507 for IP 10.30.4.128: no connection to modbus server
[2024-11-26T06:51:48.592Z] Error reading or processing Modbus registers: no connection to modbus server
[2024-11-26T06:51:48.592Z] Error reading register 6507 for IP 10.30.4.128: no connection to modbus server
[2024-11-26T06:51:48.760Z] Error reading or processing Modbus registers: no connection to modbus server
[2024-11-26T06:51:48.760Z] Error reading register 6507 for IP 10.30.4.128: no connection to modbus server
[2024-11-26T06:51:49.290Z] Error reading or processing Modbus registers: no connection to modbus server
[2024-11-26T06:51:49.290Z] Error reading register 6507 for IP 10.30.4.128: no connection to modbus server
[2024-11-26T06:51:49.601Z] Error reading or processing Modbus registers: no connection to modbus server
[2024-11-26T06:51:49.601Z] Error reading register 6507 for IP 10.30.4.128: no connection to modbus server
[2024-11-26T06:51:49.771Z] Error reading or processing Modbus registers: no connection to modbus server
[2024-11-26T06:51:49.771Z] Error reading register 6507 for IP 10.30.4.128: no connection to modbus server
[2024-11-26T06:51:50.078Z] Error writing to Modbus register: no connection to modbus server
[2024-11-26T06:51:50.124Z] Error writing to Modbus register: no connection to modbus server
[2024-11-26T06:51:50.179Z] Error writing to Modbus register: no connection to modbus server
[2024-11-26T06:51:50.293Z] Error reading or processing Modbus registers: no connection to modbus server
[2024-11-26T06:51:50.293Z] Error reading register 6507 for IP 10.30.4.128: no connection to modbus server
[2024-11-26T06:51:50.614Z] Error reading or processing Modbus registers: no connection to modbus server
[2024-11-26T06:51:50.614Z] Error reading register 6507 for IP 10.30.4.128: no connection to modbus server
[2024-11-26T06:51:50.782Z] Error reading or processing Modbus registers: no connection to modbus server
[2024-11-26T06:51:50.782Z] Error reading register 6507 for IP 10.30.4.128: no connection to modbus server
[2024-11-26T06:51:51.292Z] Error reading or processing Modbus registers: no connection to modbus server
[2024-11-26T06:51:51.292Z] Error reading register 6507 for IP 10.30.4.128: no connection to modbus server
[2024-11-26T06:51:51.624Z] Error reading or processing Modbus registers: no connection to modbus server
[2024-11-26T06:51:51.624Z] Error reading register 6507 for IP 10.30.4.128: no connection to modbus server
[2024-11-26T06:51:51.790Z] Error reading or processing Modbus registers: no connection to modbus server
[2024-11-26T06:51:51.791Z] Error reading register 6507 for IP 10.30.4.128: no connection to modbus server
[2024-11-26T06:51:52.077Z] Error writing to Modbus register: no connection to modbus server
[2024-11-26T06:51:52.138Z] Error writing to Modbus register: no connection to modbus server
[2024-11-26T06:51:52.178Z] Error writing to Modbus register: no connection to modbus server
[2024-11-26T06:51:52.292Z] Error reading or processing Modbus registers: no connection to modbus server
[2024-11-26T06:51:52.292Z] Error reading register 6507 for IP 10.30.4.128: no connection to modbus server
[2024-11-26T06:51:52.637Z] Error reading or processing Modbus registers: no connection to modbus server
[2024-11-26T06:51:52.637Z] Error reading register 6507 for IP 10.30.4.128: no connection to modbus server
[2024-11-26T06:51:52.804Z] Error reading or processing Modbus registers: no connection to modbus server
[2024-11-26T06:51:52.805Z] Error reading register 6507 for IP 10.30.4.128: no connection to modbus server
[2024-11-26T06:51:53.292Z] Error reading or processing Modbus registers: no connection to modbus server
[2024-11-26T06:51:53.292Z] Error reading register 6507 for IP 10.30.4.128: no connection to modbus server
[2024-11-26T06:51:53.640Z] Error reading or processing Modbus registers: no connection to modbus server
[2024-11-26T06:51:53.640Z] Error reading register 6507 for IP 10.30.4.128: no connection to modbus server
[2024-11-26T06:51:53.805Z] Error reading or processing Modbus registers: no connection to modbus server
[2024-11-26T06:51:53.805Z] Error reading register 6507 for IP 10.30.4.128: no connection to modbus server
[2024-11-26T06:51:54.078Z] Error writing to Modbus register: no connection to modbus server
[2024-11-26T06:51:54.153Z] Error writing to Modbus register: no connection to modbus server
[2024-11-26T06:51:54.178Z] Error writing to Modbus register: no connection to modbus server
[2024-11-26T06:51:54.292Z] Error reading or processing Modbus registers: no connection to modbus server
[2024-11-26T06:51:54.292Z] Error reading register 6507 for IP 10.30.4.128: no connection to modbus server
[2024-11-26T06:51:54.641Z] Error reading or processing Modbus registers: no connection to modbus server
[2024-11-26T06:51:54.641Z] Error reading register 6507 for IP 10.30.4.128: no connection to modbus server
[2024-11-26T06:51:54.809Z] Error reading or processing Modbus registers: no connection to modbus server
[2024-11-26T06:51:54.809Z] Error reading register 6507 for IP 10.30.4.128: no connection to modbus server
[2024-11-26T06:51:55.292Z] Error reading register 6507 for IP 10.30.4.128: no connection to modbus server
[2024-11-26T06:51:55.292Z] Error reading or processing Modbus registers: no connection to modbus server
[2024-11-26T06:51:55.655Z] Error reading or processing Modbus registers: no connection to modbus server
[2024-11-26T06:51:55.655Z] Error reading register 6507 for IP 10.30.4.128: no connection to modbus server
[2024-11-26T06:51:55.824Z] Error reading or processing Modbus registers: no connection to modbus server
[2024-11-26T06:51:55.824Z] Error reading register 6507 for IP 10.30.4.128: no connection to modbus server
[2024-11-26T06:51:56.084Z] Error writing to Modbus register: no connection to modbus server
[2024-11-26T06:51:56.160Z] Error writing to Modbus register: no connection to modbus server
[2024-11-26T06:51:56.190Z] Error writing to Modbus register: no connection to modbus server
[2024-11-26T06:51:56.292Z] Error reading register 6507 for IP 10.30.4.128: no connection to modbus server
[2024-11-26T06:51:56.292Z] Error reading or processing Modbus registers: no connection to modbus server
[2024-11-26T06:51:56.668Z] Error reading or processing Modbus registers: no connection to modbus server
[2024-11-26T06:51:56.668Z] Error reading register 6507 for IP 10.30.4.128: no connection to modbus server
[2024-11-26T06:51:56.838Z] Error reading or processing Modbus registers: no connection to modbus server
[2024-11-26T06:51:56.839Z] Error reading register 6507 for IP 10.30.4.128: no connection to modbus server
[2024-11-26T06:51:57.292Z] Error reading or processing Modbus registers: no connection to modbus server
[2024-11-26T06:51:57.292Z] Error reading register 6507 for IP 10.30.4.128: no connection to modbus server
[2024-11-26T06:51:57.676Z] Error reading or processing Modbus registers: no connection to modbus server
[2024-11-26T06:51:57.676Z] Error reading register 6507 for IP 10.30.4.128: no connection to modbus server
[2024-11-26T06:51:57.843Z] Error reading or processing Modbus registers: no connection to modbus server
[2024-11-26T06:51:57.843Z] Error reading register 6507 for IP 10.30.4.128: no connection to modbus server
[2024-11-26T06:51:58.085Z] Error writing to Modbus register: no connection to modbus server
[2024-11-26T06:51:58.161Z] Error writing to Modbus register: no connection to modbus server
[2024-11-26T06:51:58.192Z] Error writing to Modbus register: no connection to modbus server
[2024-11-26T06:51:58.292Z] Error reading or processing Modbus registers: no connection to modbus server
[2024-11-26T06:51:58.292Z] Error reading register 6507 for IP 10.30.4.128: no connection to modbus server
[2024-11-26T06:51:58.676Z] Error reading or processing Modbus registers: no connection to modbus server
[2024-11-26T06:51:58.676Z] Error reading register 6507 for IP 10.30.4.128: no connection to modbus server
[2024-11-26T06:51:58.844Z] Error reading or processing Modbus registers: no connection to modbus server
[2024-11-26T06:51:58.844Z] Error reading register 6507 for IP 10.30.4.128: no connection to modbus server
[2024-11-26T06:51:59.292Z] Error reading or processing Modbus registers: no connection to modbus server
[2024-11-26T06:51:59.292Z] Error reading register 6507 for IP 10.30.4.128: no connection to modbus server
[2024-11-26T06:51:59.676Z] Error reading or processing Modbus registers: no connection to modbus server
[2024-11-26T06:51:59.676Z] Error reading register 6507 for IP 10.30.4.128: no connection to modbus server
[2024-11-26T06:51:59.859Z] Error reading register 6507 for IP 10.30.4.128: no connection to modbus server
[2024-11-26T06:51:59.859Z] Error reading or processing Modbus registers: no connection to modbus server
[2024-11-26T06:52:00.086Z] Error writing to Modbus register: no connection to modbus server
[2024-11-26T06:52:00.163Z] Error writing to Modbus register: no connection to modbus server
[2024-11-26T06:52:00.193Z] Error writing to Modbus register: no connection to modbus server
[2024-11-26T06:52:00.294Z] Error reading or processing Modbus registers: no connection to modbus server
[2024-11-26T06:52:00.294Z] Error reading register 6507 for IP 10.30.4.128: no connection to modbus server
[2024-11-26T06:52:00.678Z] Error reading or processing Modbus registers: no connection to modbus server
[2024-11-26T06:52:00.678Z] Error reading register 6507 for IP 10.30.4.128: no connection to modbus server
[2024-11-26T06:52:00.861Z] Error reading or processing Modbus registers: no connection to modbus server
[2024-11-26T06:52:00.861Z] Error reading register 6507 for IP 10.30.4.128: no connection to modbus server
[2024-11-26T06:52:01.294Z] Error reading or processing Modbus registers: no connection to modbus server
[2024-11-26T06:52:01.294Z] Error reading register 6507 for IP 10.30.4.128: no connection to modbus server
[2024-11-26T06:52:01.693Z] Error reading or processing Modbus registers: no connection to modbus server
[2024-11-26T06:52:01.693Z] Error reading register 6507 for IP 10.30.4.128: no connection to modbus server
[2024-11-26T06:52:01.860Z] Error reading or processing Modbus registers: no connection to modbus server
[2024-11-26T06:52:01.860Z] Error reading register 6507 for IP 10.30.4.128: no connection to modbus server
[2024-11-26T06:52:02.088Z] Error writing to Modbus register: no connection to modbus server
[2024-11-26T06:52:02.163Z] Error writing to Modbus register: no connection to modbus server
[2024-11-26T06:52:02.194Z] Error writing to Modbus register: no connection to modbus server
[2024-11-26T06:52:02.294Z] Error reading or processing Modbus registers: no connection to modbus server
[2024-11-26T06:52:02.294Z] Error reading register 6507 for IP 10.30.4.128: no connection to modbus server
[2024-11-26T06:52:02.695Z] Error reading or processing Modbus registers: no connection to modbus server
[2024-11-26T06:52:02.695Z] Error reading register 6507 for IP 10.30.4.128: no connection to modbus server
[2024-11-26T06:52:02.861Z] Error reading or processing Modbus registers: no connection to modbus server
[2024-11-26T06:52:02.861Z] Error reading register 6507 for IP 10.30.4.128: no connection to modbus server
[2024-11-26T06:52:03.294Z] Error reading or processing Modbus registers: no connection to modbus server
[2024-11-26T06:52:03.294Z] Error reading register 6507 for IP 10.30.4.128: no connection to modbus server
[2024-11-26T06:52:03.702Z] Error reading or processing Modbus registers: no connection to modbus server
[2024-11-26T06:52:03.702Z] Error reading register 6507 for IP 10.30.4.128: no connection to modbus server
[2024-11-26T06:52:03.871Z] Error reading or processing Modbus registers: no connection to modbus server
[2024-11-26T06:52:03.871Z] Error reading register 6507 for IP 10.30.4.128: no connection to modbus server
[2024-11-26T06:52:04.099Z] Error writing to Modbus register: no connection to modbus server
[2024-11-26T06:52:04.176Z] Error writing to Modbus register: no connection to modbus server
[2024-11-26T06:52:04.206Z] Error writing to Modbus register: no connection to modbus server
[2024-11-26T06:52:04.294Z] Error reading or processing Modbus registers: no connection to modbus server
[2024-11-26T06:52:04.294Z] Error reading register 6507 for IP 10.30.4.128: no connection to modbus server
[2024-11-26T06:52:04.712Z] Error reading or processing Modbus registers: no connection to modbus server
[2024-11-26T06:52:04.713Z] Error reading register 6507 for IP 10.30.4.128: no connection to modbus server
[2024-11-26T06:52:04.883Z] Error reading or processing Modbus registers: no connection to modbus server
[2024-11-26T06:52:04.883Z] Error reading register 6507 for IP 10.30.4.128: no connection to modbus server
[2024-11-26T06:52:05.295Z] Error reading or processing Modbus registers: no connection to modbus server
[2024-11-26T06:52:05.295Z] Error reading register 6507 for IP 10.30.4.128: no connection to modbus server
[2024-11-26T06:52:05.724Z] Error reading or processing Modbus registers: no connection to modbus server
[2024-11-26T06:52:05.724Z] Error reading register 6507 for IP 10.30.4.128: no connection to modbus server
[2024-11-26T06:52:05.894Z] Error reading or processing Modbus registers: no connection to modbus server
[2024-11-26T06:52:05.894Z] Error reading register 6507 for IP 10.30.4.128: no connection to modbus server
[2024-11-26T06:52:06.110Z] Error writing to Modbus register: no connection to modbus server
[2024-11-26T06:52:06.188Z] Error writing to Modbus register: no connection to modbus server
[2024-11-26T06:52:06.218Z] Error writing to Modbus register: no connection to modbus server
[2024-11-26T06:52:06.294Z] Error reading or processing Modbus registers: no connection to modbus server
[2024-11-26T06:52:06.294Z] Error reading register 6507 for IP 10.30.4.128: no connection to modbus server
[2024-11-26T06:52:06.737Z] Error reading or processing Modbus registers: no connection to modbus server
[2024-11-26T06:52:06.737Z] Error reading register 6507 for IP 10.30.4.128: no connection to modbus server
[2024-11-26T06:52:06.908Z] Error reading or processing Modbus registers: no connection to modbus server
[2024-11-26T06:52:06.908Z] Error reading register 6507 for IP 10.30.4.128: no connection to modbus server
[2024-11-26T06:52:07.294Z] Error reading or processing Modbus registers: no connection to modbus server
[2024-11-26T06:52:07.294Z] Error reading register 6507 for IP 10.30.4.128: no connection to modbus server
[2024-11-26T06:52:07.752Z] Error reading or processing Modbus registers: no connection to modbus server
[2024-11-26T06:52:07.752Z] Error reading register 6507 for IP 10.30.4.128: no connection to modbus server
[2024-11-26T06:52:07.921Z] Error reading or processing Modbus registers: no connection to modbus server
[2024-11-26T06:52:07.921Z] Error reading register 6507 for IP 10.30.4.128: no connection to modbus server
[2024-11-26T06:52:08.120Z] Error writing to Modbus register: no connection to modbus server
[2024-11-26T06:52:08.196Z] Error writing to Modbus register: no connection to modbus server
[2024-11-26T06:52:08.226Z] Error writing to Modbus register: no connection to modbus server
[2024-11-26T06:52:08.294Z] Error reading or processing Modbus registers: no connection to modbus server
[2024-11-26T06:52:08.294Z] Error reading register 6507 for IP 10.30.4.128: no connection to modbus server
[2024-11-26T06:52:08.762Z] Error reading or processing Modbus registers: no connection to modbus server
[2024-11-26T06:52:08.762Z] Error reading register 6507 for IP 10.30.4.128: no connection to modbus server
[2024-11-26T06:52:08.932Z] Error reading or processing Modbus registers: no connection to modbus server
[2024-11-26T06:52:08.932Z] Error reading register 6507 for IP 10.30.4.128: no connection to modbus server
[2024-11-26T06:52:09.294Z] Error reading or processing Modbus registers: no connection to modbus server
[2024-11-26T06:52:09.294Z] Error reading register 6507 for IP 10.30.4.128: no connection to modbus server
[2024-11-26T06:52:09.773Z] Error reading or processing Modbus registers: no connection to modbus server
[2024-11-26T06:52:09.773Z] Error reading register 6507 for IP 10.30.4.128: no connection to modbus server
[2024-11-26T06:52:09.944Z] Error reading or processing Modbus registers: no connection to modbus server
[2024-11-26T06:52:09.944Z] Error reading register 6507 for IP 10.30.4.128: no connection to modbus server
[2024-11-26T06:52:10.129Z] Error writing to Modbus register: no connection to modbus server
[2024-11-26T06:52:10.206Z] Error writing to Modbus register: no connection to modbus server
[2024-11-26T06:52:10.238Z] Error writing to Modbus register: no connection to modbus server
[2024-11-26T06:52:10.294Z] Error reading or processing Modbus registers: no connection to modbus server
[2024-11-26T06:52:10.294Z] Error reading register 6507 for IP 10.30.4.128: no connection to modbus server
[2024-11-26T06:52:10.775Z] Error reading or processing Modbus registers: no connection to modbus server
[2024-11-26T06:52:10.775Z] Error reading register 6507 for IP 10.30.4.128: no connection to modbus server
[2024-11-26T06:52:10.944Z] Error reading or processing Modbus registers: no connection to modbus server
[2024-11-26T06:52:10.944Z] Error reading register 6507 for IP 10.30.4.128: no connection to modbus server
[2024-11-26T06:52:11.295Z] Error reading or processing Modbus registers: no connection to modbus server
[2024-11-26T06:52:11.295Z] Error reading register 6507 for IP 10.30.4.128: no connection to modbus server
[2024-11-26T06:52:11.781Z] Error reading or processing Modbus registers: no connection to modbus server
[2024-11-26T06:52:11.781Z] Error reading register 6507 for IP 10.30.4.128: no connection to modbus server
[2024-11-26T06:52:11.950Z] Error reading or processing Modbus registers: no connection to modbus server
[2024-11-26T06:52:11.950Z] Error reading register 6507 for IP 10.30.4.128: no connection to modbus server
[2024-11-26T06:52:12.135Z] Error writing to Modbus register: no connection to modbus server
[2024-11-26T06:52:12.212Z] Error writing to Modbus register: no connection to modbus server
[2024-11-26T06:52:12.243Z] Error writing to Modbus register: no connection to modbus server
[2024-11-26T06:52:12.295Z] Error reading or processing Modbus registers: no connection to modbus server
[2024-11-26T06:52:12.295Z] Error reading register 6507 for IP 10.30.4.128: no connection to modbus server
[2024-11-26T06:52:12.796Z] Error reading or processing Modbus registers: no connection to modbus server
[2024-11-26T06:52:12.796Z] Error reading register 6507 for IP 10.30.4.128: no connection to modbus server
[2024-11-26T06:52:12.949Z] Error reading or processing Modbus registers: no connection to modbus server
[2024-11-26T06:52:12.949Z] Error reading register 6507 for IP 10.30.4.128: no connection to modbus server
[2024-11-26T06:52:13.299Z] Error reading or processing Modbus registers: no connection to modbus server
[2024-11-26T06:52:13.299Z] Error reading register 6507 for IP 10.30.4.128: no connection to modbus server
[2024-11-26T06:52:13.806Z] Error reading or processing Modbus registers: no connection to modbus server
[2024-11-26T06:52:13.806Z] Error reading register 6507 for IP 10.30.4.128: no connection to modbus server
[2024-11-26T06:52:13.960Z] Error reading or processing Modbus registers: no connection to modbus server
[2024-11-26T06:52:13.960Z] Error reading register 6507 for IP 10.30.4.128: no connection to modbus server
[2024-11-26T06:52:14.145Z] Error writing to Modbus register: no connection to modbus server
[2024-11-26T06:52:14.220Z] Error writing to Modbus register: no connection to modbus server
[2024-11-26T06:52:14.250Z] Error writing to Modbus register: no connection to modbus server
[2024-11-26T06:52:14.312Z] Error reading or processing Modbus registers: no connection to modbus server
[2024-11-26T06:52:14.312Z] Error reading register 6507 for IP 10.30.4.128: no connection to modbus server
[2024-11-26T06:52:14.820Z] Error reading or processing Modbus registers: no connection to modbus server
[2024-11-26T06:52:14.820Z] Error reading register 6507 for IP 10.30.4.128: no connection to modbus server
[2024-11-26T06:52:14.973Z] Error reading or processing Modbus registers: no connection to modbus server
[2024-11-26T06:52:14.973Z] Error reading register 6507 for IP 10.30.4.128: no connection to modbus server
[2024-11-26T06:52:15.325Z] Error reading or processing Modbus registers: no connection to modbus server
[2024-11-26T06:52:15.325Z] Error reading register 6507 for IP 10.30.4.128: no connection to modbus server
[2024-11-26T06:52:15.832Z] Error reading or processing Modbus registers: no connection to modbus server
[2024-11-26T06:52:15.832Z] Error reading register 6507 for IP 10.30.4.128: no connection to modbus server
[2024-11-26T06:52:15.985Z] Error reading or processing Modbus registers: no connection to modbus server
[2024-11-26T06:52:15.985Z] Error reading register 6507 for IP 10.30.4.128: no connection to modbus server
[2024-11-26T06:52:16.154Z] Error writing to Modbus register: no connection to modbus server
[2024-11-26T06:52:16.230Z] Error writing to Modbus register: no connection to modbus server
[2024-11-26T06:52:16.261Z] Error writing to Modbus register: no connection to modbus server
[2024-11-26T06:52:16.336Z] Error reading or processing Modbus registers: no connection to modbus server
[2024-11-26T06:52:16.336Z] Error reading register 6507 for IP 10.30.4.128: no connection to modbus server
[2024-11-26T06:52:16.840Z] Error reading or processing Modbus registers: no connection to modbus server
[2024-11-26T06:52:16.840Z] Error reading register 6507 for IP 10.30.4.128: no connection to modbus server
[2024-11-26T06:52:16.993Z] Error reading or processing Modbus registers: no connection to modbus server
[2024-11-26T06:52:16.993Z] Error reading register 6507 for IP 10.30.4.128: no connection to modbus server
[2024-11-26T06:52:17.342Z] Error reading or processing Modbus registers: no connection to modbus server
[2024-11-26T06:52:17.342Z] Error reading register 6507 for IP 10.30.4.128: no connection to modbus server
[2024-11-26T06:52:17.843Z] Error reading or processing Modbus registers: no connection to modbus server
[2024-11-26T06:52:17.843Z] Error reading register 6507 for IP 10.30.4.128: no connection to modbus server
[2024-11-26T06:52:17.995Z] Error reading or processing Modbus registers: no connection to modbus server
[2024-11-26T06:52:17.995Z] Error reading register 6507 for IP 10.30.4.128: no connection to modbus server
[2024-11-26T06:52:18.163Z] Error writing to Modbus register: no connection to modbus server
[2024-11-26T06:52:18.238Z] Error writing to Modbus register: no connection to modbus server
[2024-11-26T06:52:18.268Z] Error writing to Modbus register: no connection to modbus server
[2024-11-26T06:52:18.344Z] Error reading register 6507 for IP 10.30.4.128: no connection to modbus server
[2024-11-26T06:52:18.344Z] Error reading or processing Modbus registers: no connection to modbus server
[2024-11-26T06:52:18.843Z] Error reading or processing Modbus registers: no connection to modbus server
[2024-11-26T06:52:18.843Z] Error reading register 6507 for IP 10.30.4.128: no connection to modbus server
[2024-11-26T06:52:19.010Z] Error reading or processing Modbus registers: no connection to modbus server
[2024-11-26T06:52:19.010Z] Error reading register 6507 for IP 10.30.4.128: no connection to modbus server
[2024-11-26T06:52:19.358Z] Error reading or processing Modbus registers: no connection to modbus server
[2024-11-26T06:52:19.358Z] Error reading register 6507 for IP 10.30.4.128: no connection to modbus server
[2024-11-26T06:52:19.844Z] Error reading or processing Modbus registers: no connection to modbus server
[2024-11-26T06:52:19.844Z] Error reading register 6507 for IP 10.30.4.128: no connection to modbus server
[2024-11-26T06:52:20.010Z] Error reading or processing Modbus registers: no connection to modbus server
[2024-11-26T06:52:20.010Z] Error reading register 6507 for IP 10.30.4.128: no connection to modbus server
[2024-11-26T06:52:20.177Z] Error writing to Modbus register: no connection to modbus server
[2024-11-26T06:52:20.239Z] Error writing to Modbus register: no connection to modbus server
[2024-11-26T06:52:20.284Z] Error writing to Modbus register: no connection to modbus server
[2024-11-26T06:52:20.359Z] Error reading or processing Modbus registers: no connection to modbus server
[2024-11-26T06:52:20.360Z] Error reading register 6507 for IP 10.30.4.128: no connection to modbus server
[2024-11-26T06:52:20.845Z] Error reading or processing Modbus registers: no connection to modbus server
[2024-11-26T06:52:20.845Z] Error reading register 6507 for IP 10.30.4.128: no connection to modbus server
[2024-11-26T06:52:21.010Z] Error reading or processing Modbus registers: no connection to modbus server
[2024-11-26T06:52:21.011Z] Error reading register 6507 for IP 10.30.4.128: no connection to modbus server
[2024-11-26T06:52:21.374Z] Error reading or processing Modbus registers: no connection to modbus server
[2024-11-26T06:52:21.374Z] Error reading register 6507 for IP 10.30.4.128: no connection to modbus server
[2024-11-26T06:52:21.858Z] Error reading or processing Modbus registers: no connection to modbus server
[2024-11-26T06:52:21.858Z] Error reading register 6507 for IP 10.30.4.128: no connection to modbus server
[2024-11-26T06:52:22.025Z] Error reading or processing Modbus registers: no connection to modbus server
[2024-11-26T06:52:22.025Z] Error reading register 6507 for IP 10.30.4.128: no connection to modbus server
[2024-11-26T06:52:22.192Z] Error writing to Modbus register: no connection to modbus server
[2024-11-26T06:52:22.252Z] Error writing to Modbus register: no connection to modbus server
[2024-11-26T06:52:22.298Z] Error writing to Modbus register: no connection to modbus server
[2024-11-26T06:52:22.388Z] Error reading or processing Modbus registers: no connection to modbus server
[2024-11-26T06:52:22.388Z] Error reading register 6507 for IP 10.30.4.128: no connection to modbus server
[2024-11-26T06:52:22.873Z] Error reading register 6507 for IP 10.30.4.128: no connection to modbus server
[2024-11-26T06:52:22.873Z] Error reading or processing Modbus registers: no connection to modbus server
[2024-11-26T06:52:23.026Z] Error reading or processing Modbus registers: no connection to modbus server
[2024-11-26T06:52:23.026Z] Error reading register 6507 for IP 10.30.4.128: no connection to modbus server
[2024-11-26T06:52:23.389Z] Error reading or processing Modbus registers: no connection to modbus server
[2024-11-26T06:52:23.389Z] Error reading register 6507 for IP 10.30.4.128: no connection to modbus server
[2024-11-26T06:52:23.877Z] Error reading or processing Modbus registers: no connection to modbus server
[2024-11-26T06:52:23.877Z] Error reading register 6507 for IP 10.30.4.128: no connection to modbus server
[2024-11-26T06:52:24.029Z] Error reading register 6507 for IP 10.30.4.128: no connection to modbus server
[2024-11-26T06:52:24.029Z] Error reading or processing Modbus registers: no connection to modbus server
[2024-11-26T06:52:24.196Z] Error writing to Modbus register: no connection to modbus server
[2024-11-26T06:52:24.256Z] Error writing to Modbus register: no connection to modbus server
[2024-11-26T06:52:24.302Z] Error writing to Modbus register: no connection to modbus server
[2024-11-26T06:52:24.393Z] Error reading or processing Modbus registers: no connection to modbus server
[2024-11-26T06:52:24.393Z] Error reading register 6507 for IP 10.30.4.128: no connection to modbus server
[2024-11-26T06:52:24.877Z] Error reading or processing Modbus registers: no connection to modbus server
[2024-11-26T06:52:24.877Z] Error reading register 6507 for IP 10.30.4.128: no connection to modbus server
[2024-11-26T06:52:25.029Z] Error reading or processing Modbus registers: no connection to modbus server
[2024-11-26T06:52:25.029Z] Error reading register 6507 for IP 10.30.4.128: no connection to modbus server
[2024-11-26T06:52:25.394Z] Error reading or processing Modbus registers: no connection to modbus server
[2024-11-26T06:52:25.394Z] Error reading register 6507 for IP 10.30.4.128: no connection to modbus server
[2024-11-26T06:52:25.882Z] Error reading or processing Modbus registers: no connection to modbus server
[2024-11-26T06:52:25.882Z] Error reading register 6507 for IP 10.30.4.128: no connection to modbus server
[2024-11-26T06:52:26.034Z] Error reading register 6507 for IP 10.30.4.128: no connection to modbus server
[2024-11-26T06:52:26.034Z] Error reading or processing Modbus registers: no connection to modbus server
[2024-11-26T06:52:26.200Z] Error writing to Modbus register: no connection to modbus server
[2024-11-26T06:52:26.260Z] Error writing to Modbus register: no connection to modbus server
[2024-11-26T06:52:26.306Z] Error writing to Modbus register: no connection to modbus server
[2024-11-26T06:52:26.397Z] Error reading or processing Modbus registers: no connection to modbus server
[2024-11-26T06:52:26.397Z] Error reading register 6507 for IP 10.30.4.128: no connection to modbus server
[2024-11-26T06:52:26.896Z] Error reading or processing Modbus registers: no connection to modbus server
[2024-11-26T06:52:26.896Z] Error reading register 6507 for IP 10.30.4.128: no connection to modbus server
[2024-11-26T06:52:27.033Z] Error reading or processing Modbus registers: no connection to modbus server
[2024-11-26T06:52:27.034Z] Error reading register 6507 for IP 10.30.4.128: no connection to modbus server
[2024-11-26T06:52:27.411Z] Error reading or processing Modbus registers: no connection to modbus server
[2024-11-26T06:52:27.411Z] Error reading register 6507 for IP 10.30.4.128: no connection to modbus server
[2024-11-26T06:52:27.909Z] Error reading or processing Modbus registers: no connection to modbus server
[2024-11-26T06:52:27.909Z] Error reading register 6507 for IP 10.30.4.128: no connection to modbus server
[2024-11-26T06:52:28.046Z] Error reading or processing Modbus registers: no connection to modbus server
[2024-11-26T06:52:28.046Z] Error reading register 6507 for IP 10.30.4.128: no connection to modbus server
[2024-11-26T06:52:28.211Z] Error writing to Modbus register: no connection to modbus server
[2024-11-26T06:52:28.271Z] Error writing to Modbus register: no connection to modbus server
[2024-11-26T06:52:28.317Z] Error writing to Modbus register: no connection to modbus server
[2024-11-26T06:52:28.423Z] Error reading or processing Modbus registers: no connection to modbus server
[2024-11-26T06:52:28.423Z] Error reading register 6507 for IP 10.30.4.128: no connection to modbus server
[2024-11-26T06:52:28.910Z] Error reading or processing Modbus registers: no connection to modbus server
[2024-11-26T06:52:28.910Z] Error reading register 6507 for IP 10.30.4.128: no connection to modbus server
[2024-11-26T06:52:29.046Z] Error reading register 6507 for IP 10.30.4.128: no connection to modbus server
[2024-11-26T06:52:29.046Z] Error reading or processing Modbus registers: no connection to modbus server
[2024-11-26T06:52:29.426Z] Error reading or processing Modbus registers: no connection to modbus server
[2024-11-26T06:52:29.426Z] Error reading register 6507 for IP 10.30.4.128: no connection to modbus server
[2024-11-26T06:52:29.925Z] Error reading or processing Modbus registers: no connection to modbus server
[2024-11-26T06:52:29.925Z] Error reading register 6507 for IP 10.30.4.128: no connection to modbus server
[2024-11-26T06:52:30.046Z] Error reading or processing Modbus registers: no connection to modbus server
[2024-11-26T06:52:30.047Z] Error reading register 6507 for IP 10.30.4.128: no connection to modbus server
[2024-11-26T06:52:30.215Z] Error writing to Modbus register: no connection to modbus server
[2024-11-26T06:52:30.275Z] Error writing to Modbus register: no connection to modbus server
[2024-11-26T06:52:30.321Z] Error writing to Modbus register: no connection to modbus server
[2024-11-26T06:52:30.429Z] Error reading or processing Modbus registers: no connection to modbus server
[2024-11-26T06:52:30.429Z] Error reading register 6507 for IP 10.30.4.128: no connection to modbus server
[2024-11-26T06:52:30.928Z] Error reading or processing Modbus registers: no connection to modbus server
[2024-11-26T06:52:30.928Z] Error reading register 6507 for IP 10.30.4.128: no connection to modbus server
[2024-11-26T06:52:31.050Z] Error reading or processing Modbus registers: no connection to modbus server
[2024-11-26T06:52:31.050Z] Error reading register 6507 for IP 10.30.4.128: no connection to modbus server
[2024-11-26T06:52:31.429Z] Error reading or processing Modbus registers: no connection to modbus server
[2024-11-26T06:52:31.429Z] Error reading register 6507 for IP 10.30.4.128: no connection to modbus server
[2024-11-26T06:52:31.932Z] Error reading or processing Modbus registers: no connection to modbus server
[2024-11-26T06:52:31.932Z] Error reading register 6507 for IP 10.30.4.128: no connection to modbus server
[2024-11-26T06:52:32.054Z] Error reading or processing Modbus registers: no connection to modbus server
[2024-11-26T06:52:32.054Z] Error reading register 6507 for IP 10.30.4.128: no connection to modbus server
[2024-11-26T06:52:32.221Z] Error writing to Modbus register: no connection to modbus server
[2024-11-26T06:52:32.281Z] Error writing to Modbus register: no connection to modbus server
[2024-11-26T06:52:32.326Z] Error writing to Modbus register: no connection to modbus server
[2024-11-26T06:52:32.432Z] Error reading or processing Modbus registers: no connection to modbus server
[2024-11-26T06:52:32.432Z] Error reading register 6507 for IP 10.30.4.128: no connection to modbus server
[2024-11-26T06:52:32.933Z] Error reading or processing Modbus registers: no connection to modbus server
[2024-11-26T06:52:32.933Z] Error reading register 6507 for IP 10.30.4.128: no connection to modbus server
[2024-11-26T06:52:33.055Z] Error reading or processing Modbus registers: no connection to modbus server
[2024-11-26T06:52:33.055Z] Error reading register 6507 for IP 10.30.4.128: no connection to modbus server
[2024-11-26T06:52:33.435Z] Error reading or processing Modbus registers: no connection to modbus server
[2024-11-26T06:52:33.435Z] Error reading register 6507 for IP 10.30.4.128: no connection to modbus server
[2024-11-26T06:52:33.933Z] Error reading or processing Modbus registers: no connection to modbus server
[2024-11-26T06:52:33.933Z] Error reading register 6507 for IP 10.30.4.128: no connection to modbus server
[2024-11-26T06:52:34.068Z] Error reading or processing Modbus registers: no connection to modbus server
[2024-11-26T06:52:34.069Z] Error reading register 6507 for IP 10.30.4.128: no connection to modbus server
[2024-11-26T06:52:34.222Z] Error writing to Modbus register: no connection to modbus server
[2024-11-26T06:52:34.284Z] Error writing to Modbus register: no connection to modbus server
[2024-11-26T06:52:34.329Z] Error writing to Modbus register: no connection to modbus server
[2024-11-26T06:52:34.436Z] Error reading or processing Modbus registers: no connection to modbus server
[2024-11-26T06:52:34.436Z] Error reading register 6507 for IP 10.30.4.128: no connection to modbus server
[2024-11-26T06:52:34.939Z] Error reading or processing Modbus registers: no connection to modbus server
[2024-11-26T06:52:34.939Z] Error reading register 6507 for IP 10.30.4.128: no connection to modbus server
[2024-11-26T06:52:35.076Z] Error reading or processing Modbus registers: no connection to modbus server
[2024-11-26T06:52:35.076Z] Error reading register 6507 for IP 10.30.4.128: no connection to modbus server
[2024-11-26T06:52:35.438Z] Error reading or processing Modbus registers: no connection to modbus server
[2024-11-26T06:52:35.438Z] Error reading register 6507 for IP 10.30.4.128: no connection to modbus server
[2024-11-26T06:52:35.953Z] Error reading or processing Modbus registers: no connection to modbus server
[2024-11-26T06:52:35.953Z] Error reading register 6507 for IP 10.30.4.128: no connection to modbus server
[2024-11-26T06:52:36.089Z] Error reading or processing Modbus registers: no connection to modbus server
[2024-11-26T06:52:36.089Z] Error reading register 6507 for IP 10.30.4.128: no connection to modbus server
[2024-11-26T06:52:36.227Z] Error writing to Modbus register: no connection to modbus server
[2024-11-26T06:52:36.288Z] Error writing to Modbus register: no connection to modbus server
[2024-11-26T06:52:36.333Z] Error writing to Modbus register: no connection to modbus server
[2024-11-26T06:52:36.440Z] Error reading or processing Modbus registers: no connection to modbus server
[2024-11-26T06:52:36.440Z] Error reading register 6507 for IP 10.30.4.128: no connection to modbus server
[2024-11-26T06:52:36.956Z] Error reading or processing Modbus registers: no connection to modbus server
[2024-11-26T06:52:36.956Z] Error reading register 6507 for IP 10.30.4.128: no connection to modbus server
[2024-11-26T06:52:37.094Z] Error reading or processing Modbus registers: no connection to modbus server
[2024-11-26T06:52:37.094Z] Error reading register 6507 for IP 10.30.4.128: no connection to modbus server
[2024-11-26T06:52:37.444Z] Error reading or processing Modbus registers: no connection to modbus server
[2024-11-26T06:52:37.444Z] Error reading register 6507 for IP 10.30.4.128: no connection to modbus server
[2024-11-26T06:52:37.962Z] Error reading or processing Modbus registers: no connection to modbus server
[2024-11-26T06:52:37.962Z] Error reading register 6507 for IP 10.30.4.128: no connection to modbus server
[2024-11-26T06:52:38.098Z] Error reading or processing Modbus registers: no connection to modbus server
[2024-11-26T06:52:38.098Z] Error reading register 6507 for IP 10.30.4.128: no connection to modbus server
[2024-11-26T06:52:38.237Z] Error writing to Modbus register: no connection to modbus server
[2024-11-26T06:52:38.299Z] Error writing to Modbus register: no connection to modbus server
[2024-11-26T06:52:38.345Z] Error writing to Modbus register: no connection to modbus server
[2024-11-26T06:52:38.450Z] Error reading or processing Modbus registers: no connection to modbus server
[2024-11-26T06:52:38.451Z] Error reading register 6507 for IP 10.30.4.128: no connection to modbus server
[2024-11-26T06:52:38.967Z] Error reading register 6507 for IP 10.30.4.128: no connection to modbus server
[2024-11-26T06:52:38.967Z] Error reading or processing Modbus registers: no connection to modbus server
[2024-11-26T06:52:39.104Z] Error reading or processing Modbus registers: no connection to modbus server
[2024-11-26T06:52:39.104Z] Error reading register 6507 for IP 10.30.4.128: no connection to modbus server
[2024-11-26T06:52:39.457Z] Error reading or processing Modbus registers: no connection to modbus server
[2024-11-26T06:52:39.457Z] Error reading register 6507 for IP 10.30.4.128: no connection to modbus server
[2024-11-26T06:52:39.979Z] Error reading or processing Modbus registers: no connection to modbus server
[2024-11-26T06:52:39.980Z] Error reading register 6507 for IP 10.30.4.128: no connection to modbus server
[2024-11-26T06:52:40.119Z] Error reading or processing Modbus registers: no connection to modbus server
[2024-11-26T06:52:40.119Z] Error reading register 6507 for IP 10.30.4.128: no connection to modbus server
[2024-11-26T06:52:40.242Z] Error writing to Modbus register: no connection to modbus server
[2024-11-26T06:52:40.303Z] Error writing to Modbus register: no connection to modbus server
[2024-11-26T06:52:40.347Z] Error writing to Modbus register: no connection to modbus server
[2024-11-26T06:52:40.469Z] Error reading or processing Modbus registers: no connection to modbus server
[2024-11-26T06:52:40.469Z] Error reading register 6507 for IP 10.30.4.128: no connection to modbus server
[2024-11-26T06:52:40.988Z] Error reading or processing Modbus registers: no connection to modbus server
[2024-11-26T06:52:40.988Z] Error reading register 6507 for IP 10.30.4.128: no connection to modbus server
[2024-11-26T06:52:41.125Z] Error reading or processing Modbus registers: no connection to modbus server
[2024-11-26T06:52:41.125Z] Error reading register 6507 for IP 10.30.4.128: no connection to modbus server
[2024-11-26T06:52:41.474Z] Error reading or processing Modbus registers: no connection to modbus server
[2024-11-26T06:52:41.474Z] Error reading register 6507 for IP 10.30.4.128: no connection to modbus server
[2024-11-26T06:52:41.991Z] Error reading or processing Modbus registers: no connection to modbus server
[2024-11-26T06:52:41.991Z] Error reading register 6507 for IP 10.30.4.128: no connection to modbus server
[2024-11-26T06:52:42.129Z] Error reading or processing Modbus registers: no connection to modbus server
[2024-11-26T06:52:42.130Z] Error reading register 6507 for IP 10.30.4.128: no connection to modbus server
[2024-11-26T06:52:42.251Z] Error writing to Modbus register: no connection to modbus server
[2024-11-26T06:52:42.312Z] Error writing to Modbus register: no connection to modbus server
[2024-11-26T06:52:42.358Z] Error writing to Modbus register: no connection to modbus server
[2024-11-26T06:52:42.478Z] Error reading or processing Modbus registers: no connection to modbus server
[2024-11-26T06:52:42.478Z] Error reading register 6507 for IP 10.30.4.128: no connection to modbus server
[2024-11-26T06:52:42.994Z] Error reading or processing Modbus registers: no connection to modbus server
[2024-11-26T06:52:42.994Z] Error reading register 6507 for IP 10.30.4.128: no connection to modbus server
[2024-11-26T06:52:43.130Z] Error reading or processing Modbus registers: no connection to modbus server
[2024-11-26T06:52:43.130Z] Error reading register 6507 for IP 10.30.4.128: no connection to modbus server
[2024-11-26T06:52:43.479Z] Error reading or processing Modbus registers: no connection to modbus server
[2024-11-26T06:52:43.479Z] Error reading register 6507 for IP 10.30.4.128: no connection to modbus server
[2024-11-26T06:52:43.993Z] Error reading or processing Modbus registers: no connection to modbus server
[2024-11-26T06:52:43.993Z] Error reading register 6507 for IP 10.30.4.128: no connection to modbus server
[2024-11-26T06:52:44.130Z] Error reading or processing Modbus registers: no connection to modbus server
[2024-11-26T06:52:44.130Z] Error reading register 6507 for IP 10.30.4.128: no connection to modbus server
[2024-11-26T06:52:44.252Z] Error writing to Modbus register: no connection to modbus server
[2024-11-26T06:52:44.313Z] Error writing to Modbus register: no connection to modbus server
[2024-11-26T06:52:44.358Z] Error writing to Modbus register: no connection to modbus server
[2024-11-26T06:52:44.494Z] Error reading or processing Modbus registers: no connection to modbus server
[2024-11-26T06:52:44.494Z] Error reading register 6507 for IP 10.30.4.128: no connection to modbus server
[2024-11-26T06:52:44.994Z] Error reading or processing Modbus registers: no connection to modbus server
[2024-11-26T06:52:44.995Z] Error reading register 6507 for IP 10.30.4.128: no connection to modbus server
[2024-11-26T06:52:45.131Z] Error reading or processing Modbus registers: no connection to modbus server
[2024-11-26T06:52:45.131Z] Error reading register 6507 for IP 10.30.4.128: no connection to modbus server
[2024-11-26T06:52:45.496Z] Error reading or processing Modbus registers: no connection to modbus server
[2024-11-26T06:52:45.496Z] Error reading register 6507 for IP 10.30.4.128: no connection to modbus server
[2024-11-26T06:52:45.995Z] Error reading or processing Modbus registers: no connection to modbus server
[2024-11-26T06:52:45.996Z] Error reading register 6507 for IP 10.30.4.128: no connection to modbus server
[2024-11-26T06:52:46.132Z] Error reading or processing Modbus registers: no connection to modbus server
[2024-11-26T06:52:46.132Z] Error reading register 6507 for IP 10.30.4.128: no connection to modbus server
[2024-11-26T06:52:46.254Z] Error writing to Modbus register: no connection to modbus server
[2024-11-26T06:52:46.314Z] Error writing to Modbus register: no connection to modbus server
[2024-11-26T06:52:46.359Z] Error writing to Modbus register: no connection to modbus server
[2024-11-26T06:52:46.496Z] Error reading or processing Modbus registers: no connection to modbus server
[2024-11-26T06:52:46.496Z] Error reading register 6507 for IP 10.30.4.128: no connection to modbus server
[2024-11-26T06:52:46.997Z] Error reading or processing Modbus registers: no connection to modbus server
[2024-11-26T06:52:46.997Z] Error reading register 6507 for IP 10.30.4.128: no connection to modbus server
[2024-11-26T06:52:47.133Z] Error reading or processing Modbus registers: no connection to modbus server
[2024-11-26T06:52:47.133Z] Error reading register 6507 for IP 10.30.4.128: no connection to modbus server
[2024-11-26T06:52:47.497Z] Error reading or processing Modbus registers: no connection to modbus server
[2024-11-26T06:52:47.497Z] Error reading register 6507 for IP 10.30.4.128: no connection to modbus server
[2024-11-26T06:52:47.997Z] Error reading or processing Modbus registers: no connection to modbus server
[2024-11-26T06:52:47.997Z] Error reading register 6507 for IP 10.30.4.128: no connection to modbus server
[2024-11-26T06:52:48.147Z] Error reading or processing Modbus registers: no connection to modbus server
[2024-11-26T06:52:48.147Z] Error reading register 6507 for IP 10.30.4.128: no connection to modbus server
[2024-11-26T06:52:48.254Z] Error writing to Modbus register: no connection to modbus server
[2024-11-26T06:52:48.328Z] Error writing to Modbus register: no connection to modbus server
[2024-11-26T06:52:48.373Z] Error writing to Modbus register: no connection to modbus server
[2024-11-26T06:52:48.511Z] Error reading or processing Modbus registers: no connection to modbus server
[2024-11-26T06:52:48.511Z] Error reading register 6507 for IP 10.30.4.128: no connection to modbus server
[2024-11-26T06:52:49.011Z] Error reading or processing Modbus registers: no connection to modbus server
[2024-11-26T06:52:49.011Z] Error reading register 6507 for IP 10.30.4.128: no connection to modbus server
[2024-11-26T06:52:49.148Z] Error reading or processing Modbus registers: no connection to modbus server
[2024-11-26T06:52:49.148Z] Error reading register 6507 for IP 10.30.4.128: no connection to modbus server
[2024-11-26T06:52:49.512Z] Error reading or processing Modbus registers: no connection to modbus server
[2024-11-26T06:52:49.513Z] Error reading register 6507 for IP 10.30.4.128: no connection to modbus server
[2024-11-26T06:52:50.012Z] Error reading register 6507 for IP 10.30.4.128: no connection to modbus server
[2024-11-26T06:52:50.012Z] Error reading or processing Modbus registers: no connection to modbus server
[2024-11-26T06:52:50.148Z] Error reading register 6507 for IP 10.30.4.128: no connection to modbus server
[2024-11-26T06:52:50.147Z] Error reading or processing Modbus registers: no connection to modbus server
[2024-11-26T06:52:50.253Z] Error writing to Modbus register: no connection to modbus server
[2024-11-26T06:52:50.330Z] Error writing to Modbus register: no connection to modbus server
[2024-11-26T06:52:50.376Z] Error writing to Modbus register: no connection to modbus server
[2024-11-26T06:52:50.527Z] Error reading or processing Modbus registers: no connection to modbus server
[2024-11-26T06:52:50.527Z] Error reading register 6507 for IP 10.30.4.128: no connection to modbus server
[2024-11-26T06:52:51.012Z] Error reading or processing Modbus registers: no connection to modbus server
[2024-11-26T06:52:51.012Z] Error reading register 6507 for IP 10.30.4.128: no connection to modbus server
[2024-11-26T06:52:51.163Z] Error reading or processing Modbus registers: no connection to modbus server
[2024-11-26T06:52:51.163Z] Error reading register 6507 for IP 10.30.4.128: no connection to modbus server
[2024-11-26T06:52:51.541Z] Error reading or processing Modbus registers: no connection to modbus server
[2024-11-26T06:52:51.541Z] Error reading register 6507 for IP 10.30.4.128: no connection to modbus server
[2024-11-26T06:52:52.026Z] Error reading or processing Modbus registers: no connection to modbus server
[2024-11-26T06:52:52.026Z] Error reading register 6507 for IP 10.30.4.128: no connection to modbus server
[2024-11-26T06:52:52.164Z] Error reading or processing Modbus registers: no connection to modbus server
[2024-11-26T06:52:52.164Z] Error reading register 6507 for IP 10.30.4.128: no connection to modbus server
[2024-11-26T06:52:52.254Z] Error writing to Modbus register: no connection to modbus server
[2024-11-26T06:52:52.332Z] Error writing to Modbus register: no connection to modbus server
[2024-11-26T06:52:52.378Z] Error writing to Modbus register: no connection to modbus server
[2024-11-26T06:52:52.547Z] Error reading or processing Modbus registers: no connection to modbus server
[2024-11-26T06:52:52.547Z] Error reading register 6507 for IP 10.30.4.128: no connection to modbus server
[2024-11-26T06:52:53.035Z] Error reading register 6507 for IP 10.30.4.128: no connection to modbus server
[2024-11-26T06:52:53.035Z] Error reading or processing Modbus registers: no connection to modbus server
[2024-11-26T06:52:53.174Z] Error reading or processing Modbus registers: no connection to modbus server
[2024-11-26T06:52:53.174Z] Error reading register 6507 for IP 10.30.4.128: no connection to modbus server
[2024-11-26T06:52:53.557Z] Error reading or processing Modbus registers: no connection to modbus server
[2024-11-26T06:52:53.558Z] Error reading register 6507 for IP 10.30.4.128: no connection to modbus server
[2024-11-26T06:52:54.035Z] Error reading or processing Modbus registers: no connection to modbus server
[2024-11-26T06:52:54.035Z] Error reading register 6507 for IP 10.30.4.128: no connection to modbus server
[2024-11-26T06:52:54.187Z] Error reading or processing Modbus registers: no connection to modbus server
[2024-11-26T06:52:54.188Z] Error reading register 6507 for IP 10.30.4.128: no connection to modbus server
[2024-11-26T06:52:54.263Z] Error writing to Modbus register: no connection to modbus server
[2024-11-26T06:52:54.341Z] Error writing to Modbus register: no connection to modbus server
[2024-11-26T06:52:54.387Z] Error writing to Modbus register: no connection to modbus server
[2024-11-26T06:52:54.572Z] Error reading or processing Modbus registers: no connection to modbus server
[2024-11-26T06:52:54.572Z] Error reading register 6507 for IP 10.30.4.128: no connection to modbus server
[2024-11-26T06:52:55.048Z] Error reading or processing Modbus registers: no connection to modbus server
[2024-11-26T06:52:55.048Z] Error reading register 6507 for IP 10.30.4.128: no connection to modbus server
[2024-11-26T06:52:55.188Z] Error reading or processing Modbus registers: no connection to modbus server
[2024-11-26T06:52:55.188Z] Error reading register 6507 for IP 10.30.4.128: no connection to modbus server
[2024-11-26T06:52:55.587Z] Error reading or processing Modbus registers: no connection to modbus server
[2024-11-26T06:52:55.587Z] Error reading register 6507 for IP 10.30.4.128: no connection to modbus server
[2024-11-26T06:52:56.057Z] Error reading or processing Modbus registers: no connection to modbus server
[2024-11-26T06:52:56.057Z] Error reading register 6507 for IP 10.30.4.128: no connection to modbus server
[2024-11-26T06:52:56.193Z] Error reading or processing Modbus registers: no connection to modbus server
[2024-11-26T06:52:56.193Z] Error reading register 6507 for IP 10.30.4.128: no connection to modbus server
[2024-11-26T06:52:56.268Z] Error writing to Modbus register: no connection to modbus server
[2024-11-26T06:52:56.344Z] Error writing to Modbus register: no connection to modbus server
[2024-11-26T06:52:56.390Z] Error writing to Modbus register: no connection to modbus server
[2024-11-26T06:52:56.588Z] Error reading or processing Modbus registers: no connection to modbus server
[2024-11-26T06:52:56.588Z] Error reading register 6507 for IP 10.30.4.128: no connection to modbus server
[2024-11-26T06:52:57.072Z] Error reading or processing Modbus registers: no connection to modbus server
[2024-11-26T06:52:57.072Z] Error reading register 6507 for IP 10.30.4.128: no connection to modbus server
[2024-11-26T06:52:57.193Z] Error reading or processing Modbus registers: no connection to modbus server
[2024-11-26T06:52:57.194Z] Error reading register 6507 for IP 10.30.4.128: no connection to modbus server
[2024-11-26T06:52:57.587Z] Error reading or processing Modbus registers: no connection to modbus server
[2024-11-26T06:52:57.587Z] Error reading register 6507 for IP 10.30.4.128: no connection to modbus server
[2024-11-26T06:52:58.073Z] Error reading or processing Modbus registers: no connection to modbus server
[2024-11-26T06:52:58.073Z] Error reading register 6507 for IP 10.30.4.128: no connection to modbus server
[2024-11-26T06:52:58.193Z] Error reading or processing Modbus registers: no connection to modbus server
[2024-11-26T06:52:58.193Z] Error reading register 6507 for IP 10.30.4.128: no connection to modbus server
[2024-11-26T06:52:58.270Z] Error writing to Modbus register: no connection to modbus server
[2024-11-26T06:52:58.345Z] Error writing to Modbus register: no connection to modbus server
[2024-11-26T06:52:58.391Z] Error writing to Modbus register: no connection to modbus server
[2024-11-26T06:52:58.588Z] Error reading or processing Modbus registers: no connection to modbus server
[2024-11-26T06:52:58.588Z] Error reading register 6507 for IP 10.30.4.128: no connection to modbus server
[2024-11-26T06:52:59.073Z] Error reading or processing Modbus registers: no connection to modbus server
[2024-11-26T06:52:59.073Z] Error reading register 6507 for IP 10.30.4.128: no connection to modbus server
[2024-11-26T06:52:59.194Z] Error reading or processing Modbus registers: no connection to modbus server
[2024-11-26T06:52:59.194Z] Error reading register 6507 for IP 10.30.4.128: no connection to modbus server
[2024-11-26T06:52:59.590Z] Error reading or processing Modbus registers: no connection to modbus server
[2024-11-26T06:52:59.590Z] Error reading register 6507 for IP 10.30.4.128: no connection to modbus server
[2024-11-26T06:53:00.075Z] Error reading or processing Modbus registers: no connection to modbus server
[2024-11-26T06:53:00.075Z] Error reading register 6507 for IP 10.30.4.128: no connection to modbus server
[2024-11-26T06:53:00.197Z] Error reading or processing Modbus registers: no connection to modbus server
[2024-11-26T06:53:00.197Z] Error reading register 6507 for IP 10.30.4.128: no connection to modbus server
[2024-11-26T06:53:00.273Z] Error writing to Modbus register: no connection to modbus server
[2024-11-26T06:53:00.348Z] Error writing to Modbus register: no connection to modbus server
[2024-11-26T06:53:00.394Z] Error writing to Modbus register: no connection to modbus server
[2024-11-26T06:53:00.595Z] Error reading or processing Modbus registers: no connection to modbus server
[2024-11-26T06:53:00.595Z] Error reading register 6507 for IP 10.30.4.128: no connection to modbus server
[2024-11-26T06:53:01.086Z] Error reading or processing Modbus registers: no connection to modbus server
[2024-11-26T06:53:01.086Z] Error reading register 6507 for IP 10.30.4.128: no connection to modbus server
[2024-11-26T06:53:01.210Z] Error reading or processing Modbus registers: no connection to modbus server
[2024-11-26T06:53:01.210Z] Error reading register 6507 for IP 10.30.4.128: no connection to modbus server
[2024-11-26T06:53:01.607Z] Error reading or processing Modbus registers: no connection to modbus server
[2024-11-26T06:53:01.607Z] Error reading register 6507 for IP 10.30.4.128: no connection to modbus server
[2024-11-26T06:53:02.098Z] Error reading or processing Modbus registers: no connection to modbus server
[2024-11-26T06:53:02.098Z] Error reading register 6507 for IP 10.30.4.128: no connection to modbus server
[2024-11-26T06:53:02.220Z] Error reading or processing Modbus registers: no connection to modbus server
[2024-11-26T06:53:02.220Z] Error reading register 6507 for IP 10.30.4.128: no connection to modbus server
[2024-11-26T06:53:02.280Z] Error writing to Modbus register: no connection to modbus server
[2024-11-26T06:53:02.356Z] Error writing to Modbus register: no connection to modbus server
[2024-11-26T06:53:02.402Z] Error writing to Modbus register: no connection to modbus server
[2024-11-26T06:53:02.613Z] Error reading or processing Modbus registers: no connection to modbus server
[2024-11-26T06:53:02.613Z] Error reading register 6507 for IP 10.30.4.128: no connection to modbus server
[2024-11-26T06:53:03.099Z] Error reading or processing Modbus registers: no connection to modbus server
[2024-11-26T06:53:03.099Z] Error reading register 6507 for IP 10.30.4.128: no connection to modbus server
[2024-11-26T06:53:03.220Z] Error reading or processing Modbus registers: no connection to modbus server
[2024-11-26T06:53:03.220Z] Error reading register 6507 for IP 10.30.4.128: no connection to modbus server
[2024-11-26T06:53:03.614Z] Error reading or processing Modbus registers: no connection to modbus server
[2024-11-26T06:53:03.614Z] Error reading register 6507 for IP 10.30.4.128: no connection to modbus server
[2024-11-26T06:53:04.100Z] Error reading or processing Modbus registers: no connection to modbus server
[2024-11-26T06:53:04.100Z] Error reading register 6507 for IP 10.30.4.128: no connection to modbus server
[2024-11-26T06:53:04.223Z] Error reading or processing Modbus registers: no connection to modbus server
[2024-11-26T06:53:04.223Z] Error reading register 6507 for IP 10.30.4.128: no connection to modbus server
[2024-11-26T06:53:04.283Z] Error writing to Modbus register: no connection to modbus server
[2024-11-26T06:53:04.360Z] Error writing to Modbus register: no connection to modbus server
[2024-11-26T06:53:04.405Z] Error writing to Modbus register: no connection to modbus server
[2024-11-26T06:53:04.618Z] Error reading register 6507 for IP 10.30.4.128: no connection to modbus server
[2024-11-26T06:53:04.618Z] Error reading or processing Modbus registers: no connection to modbus server
[2024-11-26T06:53:05.103Z] Error reading or processing Modbus registers: no connection to modbus server
[2024-11-26T06:53:05.103Z] Error reading register 6507 for IP 10.30.4.128: no connection to modbus server
[2024-11-26T06:53:05.240Z] Error reading or processing Modbus registers: no connection to modbus server
[2024-11-26T06:53:05.240Z] Error reading register 6507 for IP 10.30.4.128: no connection to modbus server
[2024-11-26T06:53:05.618Z] Error reading or processing Modbus registers: no connection to modbus server
[2024-11-26T06:53:05.618Z] Error reading register 6507 for IP 10.30.4.128: no connection to modbus server
[2024-11-26T06:53:06.103Z] Error reading or processing Modbus registers: no connection to modbus server
[2024-11-26T06:53:06.104Z] Error reading register 6507 for IP 10.30.4.128: no connection to modbus server
[2024-11-26T06:53:06.240Z] Error reading or processing Modbus registers: no connection to modbus server
[2024-11-26T06:53:06.240Z] Error reading register 6507 for IP 10.30.4.128: no connection to modbus server
[2024-11-26T06:53:06.285Z] Error writing to Modbus register: no connection to modbus server
[2024-11-26T06:53:06.361Z] Error writing to Modbus register: no connection to modbus server
[2024-11-26T06:53:06.406Z] Error writing to Modbus register: no connection to modbus server
[2024-11-26T06:53:06.619Z] Error reading or processing Modbus registers: no connection to modbus server
[2024-11-26T06:53:06.619Z] Error reading register 6507 for IP 10.30.4.128: no connection to modbus server
[2024-11-26T06:53:07.103Z] Error reading or processing Modbus registers: no connection to modbus server
[2024-11-26T06:53:07.103Z] Error reading register 6507 for IP 10.30.4.128: no connection to modbus server
[2024-11-26T06:53:07.241Z] Error reading or processing Modbus registers: no connection to modbus server
[2024-11-26T06:53:07.241Z] Error reading register 6507 for IP 10.30.4.128: no connection to modbus server
[2024-11-26T06:53:07.620Z] Error reading or processing Modbus registers: no connection to modbus server
[2024-11-26T06:53:07.620Z] Error reading register 6507 for IP 10.30.4.128: no connection to modbus server
[2024-11-26T06:53:08.104Z] Error reading or processing Modbus registers: no connection to modbus server
[2024-11-26T06:53:08.104Z] Error reading register 6507 for IP 10.30.4.128: no connection to modbus server
[2024-11-26T06:53:08.256Z] Error reading or processing Modbus registers: no connection to modbus server
[2024-11-26T06:53:08.256Z] Error reading register 6507 for IP 10.30.4.128: no connection to modbus server
[2024-11-26T06:53:08.286Z] Error writing to Modbus register: no connection to modbus server
[2024-11-26T06:53:08.361Z] Error writing to Modbus register: no connection to modbus server
[2024-11-26T06:53:08.421Z] Error writing to Modbus register: no connection to modbus server
[2024-11-26T06:53:08.632Z] Error reading or processing Modbus registers: no connection to modbus server
[2024-11-26T06:53:08.633Z] Error reading register 6507 for IP 10.30.4.128: no connection to modbus server
[2024-11-26T06:53:09.105Z] Error reading register 6507 for IP 10.30.4.128: no connection to modbus server
[2024-11-26T06:53:09.105Z] Error reading or processing Modbus registers: no connection to modbus server
[2024-11-26T06:53:09.259Z] Error reading or processing Modbus registers: no connection to modbus server
[2024-11-26T06:53:09.259Z] Error reading register 6507 for IP 10.30.4.128: no connection to modbus server
[2024-11-26T06:53:09.646Z] Error reading or processing Modbus registers: no connection to modbus server
[2024-11-26T06:53:09.646Z] Error reading register 6507 for IP 10.30.4.128: no connection to modbus server
[2024-11-26T06:53:10.107Z] Error reading or processing Modbus registers: no connection to modbus server
[2024-11-26T06:53:10.107Z] Error reading register 6507 for IP 10.30.4.128: no connection to modbus server
[2024-11-26T06:53:10.260Z] Error reading or processing Modbus registers: no connection to modbus server
[2024-11-26T06:53:10.260Z] Error reading register 6507 for IP 10.30.4.128: no connection to modbus server
[2024-11-26T06:53:10.292Z] Error writing to Modbus register: no connection to modbus server
[2024-11-26T06:53:10.368Z] Error writing to Modbus register: no connection to modbus server
[2024-11-26T06:53:10.429Z] Error writing to Modbus register: no connection to modbus server
[2024-11-26T06:53:10.659Z] Error reading or processing Modbus registers: no connection to modbus server
[2024-11-26T06:53:10.659Z] Error reading register 6507 for IP 10.30.4.128: no connection to modbus server
[2024-11-26T06:53:11.112Z] Error reading or processing Modbus registers: no connection to modbus server
[2024-11-26T06:53:11.112Z] Error reading register 6507 for IP 10.30.4.128: no connection to modbus server
[2024-11-26T06:53:11.271Z] Error reading or processing Modbus registers: no connection to modbus server
[2024-11-26T06:53:11.271Z] Error reading register 6507 for IP 10.30.4.128: no connection to modbus server
[2024-11-26T06:53:11.671Z] Error reading or processing Modbus registers: no connection to modbus server
[2024-11-26T06:53:11.671Z] Error reading register 6507 for IP 10.30.4.128: no connection to modbus server
[2024-11-26T06:53:12.116Z] Error reading or processing Modbus registers: no connection to modbus server
[2024-11-26T06:53:12.116Z] Error reading register 6507 for IP 10.30.4.128: no connection to modbus server
[2024-11-26T06:53:12.285Z] Error reading or processing Modbus registers: no connection to modbus server
[2024-11-26T06:53:12.285Z] Error reading register 6507 for IP 10.30.4.128: no connection to modbus server
[2024-11-26T06:53:12.301Z] Error writing to Modbus register: no connection to modbus server
[2024-11-26T06:53:12.377Z] Error writing to Modbus register: no connection to modbus server
[2024-11-26T06:53:12.439Z] Error writing to Modbus register: no connection to modbus server
[2024-11-26T06:53:12.680Z] Error reading register 6507 for IP 10.30.4.128: no connection to modbus server
[2024-11-26T06:53:12.680Z] Error reading or processing Modbus registers: no connection to modbus server
[2024-11-26T06:53:13.122Z] Error reading or processing Modbus registers: no connection to modbus server
[2024-11-26T06:53:13.122Z] Error reading register 6507 for IP 10.30.4.128: no connection to modbus server
[2024-11-26T06:53:13.291Z] Error reading or processing Modbus registers: no connection to modbus server
[2024-11-26T06:53:13.291Z] Error reading register 6507 for IP 10.30.4.128: no connection to modbus server
[2024-11-26T06:53:13.688Z] Error reading or processing Modbus registers: no connection to modbus server
[2024-11-26T06:53:13.688Z] Error reading register 6507 for IP 10.30.4.128: no connection to modbus server
[2024-11-26T06:53:14.128Z] Error reading register 6507 for IP 10.30.4.128: no connection to modbus server
[2024-11-26T06:53:14.128Z] Error reading or processing Modbus registers: no connection to modbus server
[2024-11-26T06:53:14.297Z] Error reading register 6507 for IP 10.30.4.128: no connection to modbus server
[2024-11-26T06:53:14.297Z] Error reading or processing Modbus registers: no connection to modbus server
[2024-11-26T06:53:14.312Z] Error writing to Modbus register: no connection to modbus server
[2024-11-26T06:53:14.388Z] Error writing to Modbus register: no connection to modbus server
[2024-11-26T06:53:14.449Z] Error writing to Modbus register: no connection to modbus server
[2024-11-26T06:53:14.692Z] Error reading or processing Modbus registers: no connection to modbus server
[2024-11-26T06:53:14.692Z] Error reading register 6507 for IP 10.30.4.128: no connection to modbus server
[2024-11-26T06:53:15.132Z] Error reading or processing Modbus registers: no connection to modbus server
[2024-11-26T06:53:15.132Z] Error reading register 6507 for IP 10.30.4.128: no connection to modbus server
[2024-11-26T06:53:15.298Z] Error reading or processing Modbus registers: no connection to modbus server
[2024-11-26T06:53:15.298Z] Error reading register 6507 for IP 10.30.4.128: no connection to modbus server
[2024-11-26T06:53:15.695Z] Error reading or processing Modbus registers: no connection to modbus server
[2024-11-26T06:53:15.695Z] Error reading register 6507 for IP 10.30.4.128: no connection to modbus server
[2024-11-26T06:53:16.141Z] Error reading or processing Modbus registers: no connection to modbus server
[2024-11-26T06:53:16.141Z] Error reading register 6507 for IP 10.30.4.128: no connection to modbus server
[2024-11-26T06:53:16.307Z] Error reading or processing Modbus registers: no connection to modbus server
[2024-11-26T06:53:16.307Z] Error reading register 6507 for IP 10.30.4.128: no connection to modbus server
[2024-11-26T06:53:16.323Z] Error writing to Modbus register: no connection to modbus server
[2024-11-26T06:53:16.401Z] Error writing to Modbus register: no connection to modbus server
[2024-11-26T06:53:16.461Z] Error writing to Modbus register: no connection to modbus server
[2024-11-26T06:53:16.704Z] Error reading or processing Modbus registers: no connection to modbus server
[2024-11-26T06:53:16.704Z] Error reading register 6507 for IP 10.30.4.128: no connection to modbus server
[2024-11-26T06:53:17.147Z] Error reading or processing Modbus registers: no connection to modbus server
[2024-11-26T06:53:17.147Z] Error reading register 6507 for IP 10.30.4.128: no connection to modbus server
[2024-11-26T06:53:17.318Z] Error reading or processing Modbus registers: no connection to modbus server
[2024-11-26T06:53:17.318Z] Error reading register 6507 for IP 10.30.4.128: no connection to modbus server
[2024-11-26T06:53:17.717Z] Error reading or processing Modbus registers: no connection to modbus server
[2024-11-26T06:53:17.717Z] Error reading register 6507 for IP 10.30.4.128: no connection to modbus server
[2024-11-26T06:53:18.160Z] Error reading or processing Modbus registers: no connection to modbus server
[2024-11-26T06:53:18.160Z] Error reading register 6507 for IP 10.30.4.128: no connection to modbus server
[2024-11-26T06:53:18.329Z] Error reading or processing Modbus registers: no connection to modbus server
[2024-11-26T06:53:18.329Z] Error writing to Modbus register: no connection to modbus server
[2024-11-26T06:53:18.329Z] Error reading register 6507 for IP 10.30.4.128: no connection to modbus server
[2024-11-26T06:53:18.404Z] Error writing to Modbus register: no connection to modbus server
[2024-11-26T06:53:18.466Z] Error writing to Modbus register: no connection to modbus server
[2024-11-26T06:53:18.727Z] Error reading or processing Modbus registers: no connection to modbus server
[2024-11-26T06:53:18.727Z] Error reading register 6507 for IP 10.30.4.128: no connection to modbus server
[2024-11-26T06:53:19.168Z] Error reading or processing Modbus registers: no connection to modbus server
[2024-11-26T06:53:19.168Z] Error reading register 6507 for IP 10.30.4.128: no connection to modbus server
[2024-11-26T06:53:19.338Z] Error reading register 6507 for IP 10.30.4.128: no connection to modbus server
[2024-11-26T06:53:19.338Z] Error reading or processing Modbus registers: no connection to modbus server
[2024-11-26T06:53:19.734Z] Error reading register 6507 for IP 10.30.4.128: no connection to modbus server
[2024-11-26T06:53:19.734Z] Error reading or processing Modbus registers: no connection to modbus server
[2024-11-26T06:53:20.174Z] Error reading or processing Modbus registers: no connection to modbus server
[2024-11-26T06:53:20.174Z] Error reading register 6507 for IP 10.30.4.128: no connection to modbus server
[2024-11-26T06:53:20.341Z] Error reading or processing Modbus registers: no connection to modbus server
[2024-11-26T06:53:20.340Z] Error writing to Modbus register: no connection to modbus server
[2024-11-26T06:53:20.341Z] Error reading register 6507 for IP 10.30.4.128: no connection to modbus server
[2024-11-26T06:53:20.416Z] Error writing to Modbus register: no connection to modbus server
[2024-11-26T06:53:20.477Z] Error writing to Modbus register: no connection to modbus server
[2024-11-26T06:53:20.734Z] Error reading or processing Modbus registers: no connection to modbus server
[2024-11-26T06:53:20.735Z] Error reading register 6507 for IP 10.30.4.128: no connection to modbus server
[2024-11-26T06:53:21.175Z] Error reading register 6507 for IP 10.30.4.128: no connection to modbus server
[2024-11-26T06:53:21.175Z] Error reading or processing Modbus registers: no connection to modbus server
[2024-11-26T06:53:21.356Z] Error reading or processing Modbus registers: no connection to modbus server
[2024-11-26T06:53:21.356Z] Error reading register 6507 for IP 10.30.4.128: no connection to modbus server
[2024-11-26T06:53:21.736Z] Error reading or processing Modbus registers: no connection to modbus server
[2024-11-26T06:53:21.736Z] Error reading register 6507 for IP 10.30.4.128: no connection to modbus server
[2024-11-26T06:53:22.189Z] Error reading register 6507 for IP 10.30.4.128: no connection to modbus server
[2024-11-26T06:53:22.188Z] Error reading or processing Modbus registers: no connection to modbus server
[2024-11-26T06:53:22.340Z] Error writing to Modbus register: no connection to modbus server
[2024-11-26T06:53:22.356Z] Error reading or processing Modbus registers: no connection to modbus server
[2024-11-26T06:53:22.356Z] Error reading register 6507 for IP 10.30.4.128: no connection to modbus server
[2024-11-26T06:53:22.416Z] Error writing to Modbus register: no connection to modbus server
[2024-11-26T06:53:22.494Z] Error writing to Modbus register: no connection to modbus server
[2024-11-26T06:53:22.737Z] Error reading or processing Modbus registers: no connection to modbus server
[2024-11-26T06:53:22.737Z] Error reading register 6507 for IP 10.30.4.128: no connection to modbus server
[2024-11-26T06:53:23.191Z] Error reading or processing Modbus registers: no connection to modbus server
[2024-11-26T06:53:23.191Z] Error reading register 6507 for IP 10.30.4.128: no connection to modbus server
[2024-11-26T06:53:23.359Z] Error reading or processing Modbus registers: no connection to modbus server
[2024-11-26T06:53:23.359Z] Error reading register 6507 for IP 10.30.4.128: no connection to modbus server
[2024-11-26T06:53:23.738Z] Error reading register 6507 for IP 10.30.4.128: no connection to modbus server
[2024-11-26T06:53:23.737Z] Error reading or processing Modbus registers: no connection to modbus server
[2024-11-26T06:53:24.206Z] Error reading register 6507 for IP 10.30.4.128: no connection to modbus server
[2024-11-26T06:53:24.206Z] Error reading or processing Modbus registers: no connection to modbus server
[2024-11-26T06:53:24.342Z] Error writing to Modbus register: no connection to modbus server
[2024-11-26T06:53:24.372Z] Error reading or processing Modbus registers: no connection to modbus server
[2024-11-26T06:53:24.372Z] Error reading register 6507 for IP 10.30.4.128: no connection to modbus server
[2024-11-26T06:53:24.418Z] Error writing to Modbus register: no connection to modbus server
[2024-11-26T06:53:24.494Z] Error writing to Modbus register: no connection to modbus server
[2024-11-26T06:53:24.740Z] Error reading or processing Modbus registers: no connection to modbus server
[2024-11-26T06:53:24.740Z] Error reading register 6507 for IP 10.30.4.128: no connection to modbus server
[2024-11-26T06:53:25.211Z] Error reading register 6507 for IP 10.30.4.128: no connection to modbus server
[2024-11-26T06:53:25.211Z] Error reading or processing Modbus registers: no connection to modbus server
[2024-11-26T06:53:25.377Z] Error reading or processing Modbus registers: no connection to modbus server
[2024-11-26T06:53:25.377Z] Error reading register 6507 for IP 10.30.4.128: no connection to modbus server
[2024-11-26T06:53:25.744Z] Error reading or processing Modbus registers: no connection to modbus server
[2024-11-26T06:53:25.744Z] Error reading register 6507 for IP 10.30.4.128: no connection to modbus server
[2024-11-26T06:53:26.214Z] Error reading or processing Modbus registers: no connection to modbus server
[2024-11-26T06:53:26.214Z] Error reading register 6507 for IP 10.30.4.128: no connection to modbus server
[2024-11-26T06:53:26.352Z] Error writing to Modbus register: no connection to modbus server
[2024-11-26T06:53:26.382Z] Error reading or processing Modbus registers: no connection to modbus server
[2024-11-26T06:53:26.382Z] Error reading register 6507 for IP 10.30.4.128: no connection to modbus server
[2024-11-26T06:53:26.428Z] Error writing to Modbus register: no connection to modbus server
[2024-11-26T06:53:26.504Z] Error writing to Modbus register: no connection to modbus server
[2024-11-26T06:53:26.749Z] Error reading or processing Modbus registers: no connection to modbus server
[2024-11-26T06:53:26.749Z] Error reading register 6507 for IP 10.30.4.128: no connection to modbus server
[2024-11-26T06:53:27.222Z] Error reading or processing Modbus registers: no connection to modbus server
[2024-11-26T06:53:27.222Z] Error reading register 6507 for IP 10.30.4.128: no connection to modbus server
[2024-11-26T06:53:27.389Z] Error reading or processing Modbus registers: no connection to modbus server
[2024-11-26T06:53:27.389Z] Error reading register 6507 for IP 10.30.4.128: no connection to modbus server
[2024-11-26T06:53:27.754Z] Error reading or processing Modbus registers: no connection to modbus server
[2024-11-26T06:53:27.754Z] Error reading register 6507 for IP 10.30.4.128: no connection to modbus server
[2024-11-26T06:53:28.224Z] Error reading or processing Modbus registers: no connection to modbus server
[2024-11-26T06:53:28.224Z] Error reading register 6507 for IP 10.30.4.128: no connection to modbus server
[2024-11-26T06:53:28.363Z] Error writing to Modbus register: no connection to modbus server
[2024-11-26T06:53:28.394Z] Error reading register 6507 for IP 10.30.4.128: no connection to modbus server
[2024-11-26T06:53:28.393Z] Error reading or processing Modbus registers: no connection to modbus server
[2024-11-26T06:53:28.438Z] Error writing to Modbus register: no connection to modbus server
[2024-11-26T06:53:28.515Z] Error writing to Modbus register: no connection to modbus server
[2024-11-26T06:53:28.758Z] Error reading or processing Modbus registers: no connection to modbus server
[2024-11-26T06:53:28.758Z] Error reading register 6507 for IP 10.30.4.128: no connection to modbus server
[2024-11-26T06:53:29.235Z] Error reading or processing Modbus registers: no connection to modbus server
[2024-11-26T06:53:29.235Z] Error reading register 6507 for IP 10.30.4.128: no connection to modbus server
[2024-11-26T06:53:29.404Z] Error reading or processing Modbus registers: no connection to modbus server
[2024-11-26T06:53:29.404Z] Error reading register 6507 for IP 10.30.4.128: no connection to modbus server
[2024-11-26T06:53:29.773Z] Error reading or processing Modbus registers: no connection to modbus server
[2024-11-26T06:53:29.773Z] Error reading register 6507 for IP 10.30.4.128: no connection to modbus server
[2024-11-26T06:53:30.248Z] Error reading or processing Modbus registers: no connection to modbus server
[2024-11-26T06:53:30.248Z] Error reading register 6507 for IP 10.30.4.128: no connection to modbus server
[2024-11-26T06:53:30.371Z] Error writing to Modbus register: no connection to modbus server
[2024-11-26T06:53:30.417Z] Error reading or processing Modbus registers: no connection to modbus server
[2024-11-26T06:53:30.417Z] Error reading register 6507 for IP 10.30.4.128: no connection to modbus server
[2024-11-26T06:53:30.449Z] Error writing to Modbus register: no connection to modbus server
[2024-11-26T06:53:30.526Z] Error writing to Modbus register: no connection to modbus server
[2024-11-26T06:53:30.784Z] Error reading or processing Modbus registers: no connection to modbus server
[2024-11-26T06:53:30.784Z] Error reading register 6507 for IP 10.30.4.128: no connection to modbus server
[2024-11-26T06:53:31.254Z] Error reading or processing Modbus registers: no connection to modbus server
[2024-11-26T06:53:31.254Z] Error reading register 6507 for IP 10.30.4.128: no connection to modbus server
[2024-11-26T06:53:31.422Z] Error reading or processing Modbus registers: no connection to modbus server
[2024-11-26T06:53:31.422Z] Error reading register 6507 for IP 10.30.4.128: no connection to modbus server
[2024-11-26T06:53:31.787Z] Error reading or processing Modbus registers: no connection to modbus server
[2024-11-26T06:53:31.787Z] Error reading register 6507 for IP 10.30.4.128: no connection to modbus server
[2024-11-26T06:53:32.257Z] Error reading or processing Modbus registers: no connection to modbus server
[2024-11-26T06:53:32.257Z] Error reading register 6507 for IP 10.30.4.128: no connection to modbus server
[2024-11-26T06:53:32.378Z] Error writing to Modbus register: no connection to modbus server
[2024-11-26T06:53:32.424Z] Error reading or processing Modbus registers: no connection to modbus server
[2024-11-26T06:53:32.424Z] Error reading register 6507 for IP 10.30.4.128: no connection to modbus server
[2024-11-26T06:53:32.453Z] Error writing to Modbus register: no connection to modbus server
[2024-11-26T06:53:32.529Z] Error writing to Modbus register: no connection to modbus server
[2024-11-26T06:53:32.788Z] Error reading or processing Modbus registers: no connection to modbus server
[2024-11-26T06:53:32.788Z] Error reading register 6507 for IP 10.30.4.128: no connection to modbus server
[2024-11-26T06:53:33.272Z] Error reading or processing Modbus registers: no connection to modbus server
[2024-11-26T06:53:33.272Z] Error reading register 6507 for IP 10.30.4.128: no connection to modbus server
[2024-11-26T06:53:33.423Z] Error reading or processing Modbus registers: no connection to modbus server
[2024-11-26T06:53:33.423Z] Error reading register 6507 for IP 10.30.4.128: no connection to modbus server
[2024-11-26T06:53:33.802Z] Error reading or processing Modbus registers: no connection to modbus server
[2024-11-26T06:53:33.802Z] Error reading register 6507 for IP 10.30.4.128: no connection to modbus server
[2024-11-26T06:53:34.287Z] Error reading or processing Modbus registers: no connection to modbus server
[2024-11-26T06:53:34.287Z] Error reading register 6507 for IP 10.30.4.128: no connection to modbus server
[2024-11-26T06:53:34.392Z] Error writing to Modbus register: no connection to modbus server
[2024-11-26T06:53:34.437Z] Error reading or processing Modbus registers: no connection to modbus server
[2024-11-26T06:53:34.437Z] Error reading register 6507 for IP 10.30.4.128: no connection to modbus server
[2024-11-26T06:53:34.467Z] Error writing to Modbus register: no connection to modbus server
[2024-11-26T06:53:34.543Z] Error writing to Modbus register: no connection to modbus server
[2024-11-26T06:53:34.816Z] Error reading or processing Modbus registers: no connection to modbus server
[2024-11-26T06:53:34.816Z] Error reading register 6507 for IP 10.30.4.128: no connection to modbus server
[2024-11-26T06:53:35.301Z] Error reading or processing Modbus registers: no connection to modbus server
[2024-11-26T06:53:35.302Z] Error reading register 6507 for IP 10.30.4.128: no connection to modbus server
[2024-11-26T06:53:35.439Z] Error reading or processing Modbus registers: no connection to modbus server
[2024-11-26T06:53:35.439Z] Error reading register 6507 for IP 10.30.4.128: no connection to modbus server
[2024-11-26T06:53:35.817Z] Error reading or processing Modbus registers: no connection to modbus server
[2024-11-26T06:53:35.817Z] Error reading register 6507 for IP 10.30.4.128: no connection to modbus server
[2024-11-26T06:53:36.303Z] Error reading or processing Modbus registers: no connection to modbus server
[2024-11-26T06:53:36.303Z] Error reading register 6507 for IP 10.30.4.128: no connection to modbus server
[2024-11-26T06:53:36.394Z] Error writing to Modbus register: no connection to modbus server
[2024-11-26T06:53:36.440Z] Error reading or processing Modbus registers: no connection to modbus server
[2024-11-26T06:53:36.440Z] Error reading register 6507 for IP 10.30.4.128: no connection to modbus server
[2024-11-26T06:53:36.470Z] Error writing to Modbus register: no connection to modbus server
[2024-11-26T06:53:36.547Z] Error writing to Modbus register: no connection to modbus server
[2024-11-26T06:53:36.822Z] Error reading or processing Modbus registers: no connection to modbus server
[2024-11-26T06:53:36.822Z] Error reading register 6507 for IP 10.30.4.128: no connection to modbus server
[2024-11-26T06:53:37.315Z] Error reading or processing Modbus registers: no connection to modbus server
[2024-11-26T06:53:37.315Z] Error reading register 6507 for IP 10.30.4.128: no connection to modbus server
[2024-11-26T06:53:37.453Z] Error reading register 6507 for IP 10.30.4.128: no connection to modbus server
[2024-11-26T06:53:37.453Z] Error reading or processing Modbus registers: no connection to modbus server
[2024-11-26T06:53:37.832Z] Error reading or processing Modbus registers: no connection to modbus server
[2024-11-26T06:53:37.832Z] Error reading register 6507 for IP 10.30.4.128: no connection to modbus server
[2024-11-26T06:53:38.322Z] Error reading or processing Modbus registers: no connection to modbus server
[2024-11-26T06:53:38.322Z] Error reading register 6507 for IP 10.30.4.128: no connection to modbus server
[2024-11-26T06:53:38.398Z] Error writing to Modbus register: no connection to modbus server
[2024-11-26T06:53:38.459Z] Error reading or processing Modbus registers: no connection to modbus server
[2024-11-26T06:53:38.459Z] Error reading register 6507 for IP 10.30.4.128: no connection to modbus server
[2024-11-26T06:53:38.473Z] Error writing to Modbus register: no connection to modbus server
[2024-11-26T06:53:38.551Z] Error writing to Modbus register: no connection to modbus server
[2024-11-26T06:53:38.838Z] Error reading or processing Modbus registers: no connection to modbus server
[2024-11-26T06:53:38.839Z] Error reading register 6507 for IP 10.30.4.128: no connection to modbus server
[2024-11-26T06:53:39.337Z] Error reading or processing Modbus registers: no connection to modbus server
[2024-11-26T06:53:39.337Z] Error reading register 6507 for IP 10.30.4.128: no connection to modbus server
[2024-11-26T06:53:39.472Z] Error reading register 6507 for IP 10.30.4.128: no connection to modbus server
[2024-11-26T06:53:39.472Z] Error reading or processing Modbus registers: no connection to modbus server
[2024-11-26T06:53:39.851Z] Error reading or processing Modbus registers: no connection to modbus server
[2024-11-26T06:53:39.851Z] Error reading register 6507 for IP 10.30.4.128: no connection to modbus server
[2024-11-26T06:53:40.337Z] Error reading register 6507 for IP 10.30.4.128: no connection to modbus server
[2024-11-26T06:53:40.337Z] Error reading or processing Modbus registers: no connection to modbus server
[2024-11-26T06:53:40.412Z] Error writing to Modbus register: no connection to modbus server
[2024-11-26T06:53:40.474Z] Error reading or processing Modbus registers: no connection to modbus server
[2024-11-26T06:53:40.474Z] Error reading register 6507 for IP 10.30.4.128: no connection to modbus server
[2024-11-26T06:53:40.474Z] Error writing to Modbus register: no connection to modbus server
[2024-11-26T06:53:40.564Z] Error writing to Modbus register: no connection to modbus server
[2024-11-26T06:53:40.851Z] Error reading or processing Modbus registers: no connection to modbus server
[2024-11-26T06:53:40.851Z] Error reading register 6507 for IP 10.30.4.128: no connection to modbus server
[2024-11-26T06:53:41.352Z] Error reading or processing Modbus registers: no connection to modbus server
[2024-11-26T06:53:41.352Z] Error reading register 6507 for IP 10.30.4.128: no connection to modbus server
[2024-11-26T06:53:41.488Z] Error reading or processing Modbus registers: no connection to modbus server
[2024-11-26T06:53:41.488Z] Error reading register 6507 for IP 10.30.4.128: no connection to modbus server
[2024-11-26T06:53:41.851Z] Error reading or processing Modbus registers: no connection to modbus server
[2024-11-26T06:53:41.851Z] Error reading register 6507 for IP 10.30.4.128: no connection to modbus server
[2024-11-26T06:53:42.352Z] Error reading or processing Modbus registers: no connection to modbus server
[2024-11-26T06:53:42.352Z] Error reading register 6507 for IP 10.30.4.128: no connection to modbus server
[2024-11-26T06:53:42.412Z] Error writing to Modbus register: no connection to modbus server
[2024-11-26T06:53:42.488Z] Error writing to Modbus register: no connection to modbus server
[2024-11-26T06:53:42.488Z] Error reading or processing Modbus registers: no connection to modbus server
[2024-11-26T06:53:42.488Z] Error reading register 6507 for IP 10.30.4.128: no connection to modbus server
[2024-11-26T06:53:42.579Z] Error writing to Modbus register: no connection to modbus server
[2024-11-26T06:53:42.851Z] Error reading register 6507 for IP 10.30.4.128: no connection to modbus server
[2024-11-26T06:53:42.851Z] Error reading or processing Modbus registers: no connection to modbus server
[2024-11-26T06:53:43.364Z] Error reading register 6507 for IP 10.30.4.128: no connection to modbus server
[2024-11-26T06:53:43.364Z] Error reading or processing Modbus registers: no connection to modbus server
[2024-11-26T06:53:43.500Z] Error reading or processing Modbus registers: no connection to modbus server
[2024-11-26T06:53:43.500Z] Error reading register 6507 for IP 10.30.4.128: no connection to modbus server
[2024-11-26T06:53:43.866Z] Error reading register 6507 for IP 10.30.4.128: no connection to modbus server
[2024-11-26T06:53:43.866Z] Error reading or processing Modbus registers: no connection to modbus server
[2024-11-26T06:53:44.365Z] Error reading or processing Modbus registers: no connection to modbus server
[2024-11-26T06:53:44.365Z] Error reading register 6507 for IP 10.30.4.128: no connection to modbus server
[2024-11-26T06:53:44.426Z] Error writing to Modbus register: no connection to modbus server
[2024-11-26T06:53:44.501Z] Error writing to Modbus register: no connection to modbus server
[2024-11-26T06:53:44.501Z] Error reading or processing Modbus registers: no connection to modbus server
[2024-11-26T06:53:44.501Z] Error reading register 6507 for IP 10.30.4.128: no connection to modbus server
[2024-11-26T06:53:44.592Z] Error writing to Modbus register: no connection to modbus server
[2024-11-26T06:53:44.880Z] Error reading register 6507 for IP 10.30.4.128: no connection to modbus server
[2024-11-26T06:53:44.880Z] Error reading or processing Modbus registers: no connection to modbus server
[2024-11-26T06:53:45.367Z] Error reading or processing Modbus registers: no connection to modbus server
[2024-11-26T06:53:45.367Z] Error reading register 6507 for IP 10.30.4.128: no connection to modbus server
[2024-11-26T06:53:45.504Z] Error reading or processing Modbus registers: no connection to modbus server
[2024-11-26T06:53:45.504Z] Error reading register 6507 for IP 10.30.4.128: no connection to modbus server
[2024-11-26T06:53:45.884Z] Error reading or processing Modbus registers: no connection to modbus server
[2024-11-26T06:53:45.884Z] Error reading register 6507 for IP 10.30.4.128: no connection to modbus server
[2024-11-26T06:53:46.368Z] Error reading register 6507 for IP 10.30.4.128: no connection to modbus server
[2024-11-26T06:53:46.368Z] Error reading or processing Modbus registers: no connection to modbus server
[2024-11-26T06:53:46.429Z] Error writing to Modbus register: no connection to modbus server
[2024-11-26T06:53:46.505Z] Error writing to Modbus register: no connection to modbus server
[2024-11-26T06:53:46.505Z] Error reading or processing Modbus registers: no connection to modbus server
[2024-11-26T06:53:46.505Z] Error reading register 6507 for IP 10.30.4.128: no connection to modbus server
[2024-11-26T06:53:46.597Z] Error writing to Modbus register: no connection to modbus server
[2024-11-26T06:53:46.889Z] Error reading or processing Modbus registers: no connection to modbus server
[2024-11-26T06:53:46.889Z] Error reading register 6507 for IP 10.30.4.128: no connection to modbus server
[2024-11-26T06:53:47.377Z] Error reading or processing Modbus registers: no connection to modbus server
[2024-11-26T06:53:47.377Z] Error reading register 6507 for IP 10.30.4.128: no connection to modbus server
[2024-11-26T06:53:47.514Z] Error reading or processing Modbus registers: no connection to modbus server
[2024-11-26T06:53:47.514Z] Error reading register 6507 for IP 10.30.4.128: no connection to modbus server
[2024-11-26T06:53:47.892Z] Error reading register 6507 for IP 10.30.4.128: no connection to modbus server
[2024-11-26T06:53:47.892Z] Error reading or processing Modbus registers: no connection to modbus server
[2024-11-26T06:53:48.378Z] Error reading or processing Modbus registers: no connection to modbus server
[2024-11-26T06:53:48.378Z] Error reading register 6507 for IP 10.30.4.128: no connection to modbus server
[2024-11-26T06:53:48.438Z] Error writing to Modbus register: no connection to modbus server
[2024-11-26T06:53:48.516Z] Error writing to Modbus register: no connection to modbus server
[2024-11-26T06:53:48.516Z] Error reading register 6507 for IP 10.30.4.128: no connection to modbus server
[2024-11-26T06:53:48.516Z] Error reading or processing Modbus registers: no connection to modbus server
[2024-11-26T06:53:48.608Z] Error writing to Modbus register: no connection to modbus server
[2024-11-26T06:53:48.894Z] Error reading or processing Modbus registers: no connection to modbus server
[2024-11-26T06:53:48.894Z] Error reading register 6507 for IP 10.30.4.128: no connection to modbus server
[2024-11-26T06:53:49.392Z] Error reading or processing Modbus registers: no connection to modbus server
[2024-11-26T06:53:49.392Z] Error reading register 6507 for IP 10.30.4.128: no connection to modbus server
[2024-11-26T06:53:49.528Z] Error reading or processing Modbus registers: no connection to modbus server
[2024-11-26T06:53:49.528Z] Error reading register 6507 for IP 10.30.4.128: no connection to modbus server
[2024-11-26T06:53:49.907Z] Error reading or processing Modbus registers: no connection to modbus server
[2024-11-26T06:53:49.907Z] Error reading register 6507 for IP 10.30.4.128: no connection to modbus server
[2024-11-26T06:53:50.392Z] Error reading or processing Modbus registers: no connection to modbus server
[2024-11-26T06:53:50.392Z] Error reading register 6507 for IP 10.30.4.128: no connection to modbus server
[2024-11-26T06:53:50.438Z] Error writing to Modbus register: no connection to modbus server
[2024-11-26T06:53:50.529Z] Error writing to Modbus register: no connection to modbus server
[2024-11-26T06:53:50.529Z] Error reading or processing Modbus registers: no connection to modbus server
[2024-11-26T06:53:50.529Z] Error reading register 6507 for IP 10.30.4.128: no connection to modbus server
[2024-11-26T06:53:50.620Z] Error writing to Modbus register: no connection to modbus server
[2024-11-26T06:53:50.909Z] Error reading or processing Modbus registers: no connection to modbus server
[2024-11-26T06:53:50.909Z] Error reading register 6507 for IP 10.30.4.128: no connection to modbus server
[2024-11-26T06:53:51.392Z] Error reading or processing Modbus registers: no connection to modbus server
[2024-11-26T06:53:51.392Z] Error reading register 6507 for IP 10.30.4.128: no connection to modbus server
[2024-11-26T06:53:51.543Z] Error reading or processing Modbus registers: no connection to modbus server
[2024-11-26T06:53:51.544Z] Error reading register 6507 for IP 10.30.4.128: no connection to modbus server
[2024-11-26T06:53:51.923Z] Error reading or processing Modbus registers: no connection to modbus server
[2024-11-26T06:53:51.923Z] Error reading register 6507 for IP 10.30.4.128: no connection to modbus server
[2024-11-26T06:53:52.394Z] Error reading register 6507 for IP 10.30.4.128: no connection to modbus server
[2024-11-26T06:53:52.394Z] Error reading or processing Modbus registers: no connection to modbus server
[2024-11-26T06:53:52.440Z] Error writing to Modbus register: no connection to modbus server
[2024-11-26T06:53:52.530Z] Error writing to Modbus register: no connection to modbus server
[2024-11-26T06:53:52.545Z] Error reading or processing Modbus registers: no connection to modbus server
[2024-11-26T06:53:52.545Z] Error reading register 6507 for IP 10.30.4.128: no connection to modbus server
[2024-11-26T06:53:52.620Z] Error writing to Modbus register: no connection to modbus server
[2024-11-26T06:53:52.924Z] Error reading or processing Modbus registers: no connection to modbus server
[2024-11-26T06:53:52.924Z] Error reading register 6507 for IP 10.30.4.128: no connection to modbus server
[2024-11-26T06:53:53.407Z] Error reading or processing Modbus registers: no connection to modbus server
[2024-11-26T06:53:53.407Z] Error reading register 6507 for IP 10.30.4.128: no connection to modbus server
[2024-11-26T06:53:53.557Z] Error reading register 6507 for IP 10.30.4.128: no connection to modbus server
[2024-11-26T06:53:53.557Z] Error reading or processing Modbus registers: no connection to modbus server
[2024-11-26T06:53:53.935Z] Error reading register 6507 for IP 10.30.4.128: no connection to modbus server
[2024-11-26T06:53:53.935Z] Error reading or processing Modbus registers: no connection to modbus server
[2024-11-26T06:53:54.420Z] Error reading or processing Modbus registers: no connection to modbus server
[2024-11-26T06:53:54.420Z] Error reading register 6507 for IP 10.30.4.128: no connection to modbus server
[2024-11-26T06:53:54.450Z] Error writing to Modbus register: no connection to modbus server
[2024-11-26T06:53:54.540Z] Error writing to Modbus register: no connection to modbus server
[2024-11-26T06:53:54.571Z] Error reading or processing Modbus registers: no connection to modbus server
[2024-11-26T06:53:54.571Z] Error reading register 6507 for IP 10.30.4.128: no connection to modbus server
[2024-11-26T06:53:54.632Z] Error writing to Modbus register: no connection to modbus server
[2024-11-26T06:53:54.936Z] Error reading or processing Modbus registers: no connection to modbus server
[2024-11-26T06:53:54.936Z] Error reading register 6507 for IP 10.30.4.128: no connection to modbus server
[2024-11-26T06:53:55.434Z] Error reading or processing Modbus registers: no connection to modbus server
[2024-11-26T06:53:55.435Z] Error reading register 6507 for IP 10.30.4.128: no connection to modbus server
[2024-11-26T06:53:55.586Z] Error reading or processing Modbus registers: no connection to modbus server
[2024-11-26T06:53:55.586Z] Error reading register 6507 for IP 10.30.4.128: no connection to modbus server
[2024-11-26T06:53:55.948Z] Error reading or processing Modbus registers: no connection to modbus server
[2024-11-26T06:53:55.948Z] Error reading register 6507 for IP 10.30.4.128: no connection to modbus server
[2024-11-26T06:53:56.435Z] Error reading or processing Modbus registers: no connection to modbus server
[2024-11-26T06:53:56.435Z] Error reading register 6507 for IP 10.30.4.128: no connection to modbus server
[2024-11-26T06:53:56.465Z] Error writing to Modbus register: no connection to modbus server
[2024-11-26T06:53:56.541Z] Error writing to Modbus register: no connection to modbus server
[2024-11-26T06:53:56.587Z] Error reading or processing Modbus registers: no connection to modbus server
[2024-11-26T06:53:56.587Z] Error reading register 6507 for IP 10.30.4.128: no connection to modbus server
[2024-11-26T06:53:56.633Z] Error writing to Modbus register: no connection to modbus server
[2024-11-26T06:53:56.951Z] Error reading or processing Modbus registers: no connection to modbus server
[2024-11-26T06:53:56.951Z] Error reading register 6507 for IP 10.30.4.128: no connection to modbus server
[2024-11-26T06:53:57.437Z] Error reading or processing Modbus registers: no connection to modbus server
[2024-11-26T06:53:57.437Z] Error reading register 6507 for IP 10.30.4.128: no connection to modbus server
[2024-11-26T06:53:57.588Z] Error reading or processing Modbus registers: no connection to modbus server
[2024-11-26T06:53:57.588Z] Error reading register 6507 for IP 10.30.4.128: no connection to modbus server
[2024-11-26T06:53:57.952Z] Error reading or processing Modbus registers: no connection to modbus server
[2024-11-26T06:53:57.952Z] Error reading register 6507 for IP 10.30.4.128: no connection to modbus server
[2024-11-26T06:53:58.451Z] Error reading or processing Modbus registers: no connection to modbus server
[2024-11-26T06:53:58.451Z] Error reading register 6507 for IP 10.30.4.128: no connection to modbus server
[2024-11-26T06:53:58.466Z] Error writing to Modbus register: no connection to modbus server
[2024-11-26T06:53:58.541Z] Error writing to Modbus register: no connection to modbus server
[2024-11-26T06:53:58.602Z] Error reading or processing Modbus registers: no connection to modbus server
[2024-11-26T06:53:58.602Z] Error reading register 6507 for IP 10.30.4.128: no connection to modbus server
[2024-11-26T06:53:58.648Z] Error writing to Modbus register: no connection to modbus server
[2024-11-26T06:53:58.965Z] Error reading or processing Modbus registers: no connection to modbus server
[2024-11-26T06:53:58.965Z] Error reading register 6507 for IP 10.30.4.128: no connection to modbus server
[2024-11-26T06:53:59.451Z] Error reading or processing Modbus registers: no connection to modbus server
[2024-11-26T06:53:59.451Z] Error reading register 6507 for IP 10.30.4.128: no connection to modbus server
[2024-11-26T06:53:59.602Z] Error reading or processing Modbus registers: no connection to modbus server
[2024-11-26T06:53:59.602Z] Error reading register 6507 for IP 10.30.4.128: no connection to modbus server
[2024-11-26T06:53:59.967Z] Error reading or processing Modbus registers: no connection to modbus server
[2024-11-26T06:53:59.967Z] Error reading register 6507 for IP 10.30.4.128: no connection to modbus server
[2024-11-26T06:54:00.451Z] Error reading or processing Modbus registers: no connection to modbus server
[2024-11-26T06:54:00.451Z] Error reading register 6507 for IP 10.30.4.128: no connection to modbus server
[2024-11-26T06:54:00.466Z] Error writing to Modbus register: no connection to modbus server
[2024-11-26T06:54:00.556Z] Error writing to Modbus register: no connection to modbus server
[2024-11-26T06:54:00.602Z] Error reading or processing Modbus registers: no connection to modbus server
[2024-11-26T06:54:00.602Z] Error reading register 6507 for IP 10.30.4.128: no connection to modbus server
[2024-11-26T06:54:00.663Z] Error writing to Modbus register: no connection to modbus server
[2024-11-26T06:54:00.981Z] Error reading or processing Modbus registers: no connection to modbus server
[2024-11-26T06:54:00.981Z] Error reading register 6507 for IP 10.30.4.128: no connection to modbus server
[2024-11-26T06:54:01.466Z] Error reading or processing Modbus registers: no connection to modbus server
[2024-11-26T06:54:01.466Z] Error reading register 6507 for IP 10.30.4.128: no connection to modbus server
[2024-11-26T06:54:01.602Z] Error reading register 6507 for IP 10.30.4.128: no connection to modbus server
[2024-11-26T06:54:01.602Z] Error reading or processing Modbus registers: no connection to modbus server
[2024-11-26T06:54:01.993Z] Error reading or processing Modbus registers: no connection to modbus server
[2024-11-26T06:54:01.993Z] Error reading register 6507 for IP 10.30.4.128: no connection to modbus server
[2024-11-26T06:54:02.478Z] Error writing to Modbus register: no connection to modbus server
[2024-11-26T06:54:02.478Z] Error reading or processing Modbus registers: no connection to modbus server
[2024-11-26T06:54:02.478Z] Error reading register 6507 for IP 10.30.4.128: no connection to modbus server
[2024-11-26T06:54:02.569Z] Error writing to Modbus register: no connection to modbus server
[2024-11-26T06:54:02.615Z] Error reading or processing Modbus registers: no connection to modbus server
[2024-11-26T06:54:02.615Z] Error reading register 6507 for IP 10.30.4.128: no connection to modbus server
[2024-11-26T06:54:02.675Z] Error writing to Modbus register: no connection to modbus server
[2024-11-26T06:54:02.994Z] Error reading or processing Modbus registers: no connection to modbus server
[2024-11-26T06:54:02.994Z] Error reading register 6507 for IP 10.30.4.128: no connection to modbus server
[2024-11-26T06:54:03.480Z] Error reading or processing Modbus registers: no connection to modbus server
[2024-11-26T06:54:03.480Z] Error reading register 6507 for IP 10.30.4.128: no connection to modbus server
[2024-11-26T06:54:03.617Z] Error reading or processing Modbus registers: no connection to modbus server
[2024-11-26T06:54:03.617Z] Error reading register 6507 for IP 10.30.4.128: no connection to modbus server
[2024-11-26T06:54:03.999Z] Error reading or processing Modbus registers: no connection to modbus server
[2024-11-26T06:54:03.999Z] Error reading register 6507 for IP 10.30.4.128: no connection to modbus server
[2024-11-26T06:54:04.483Z] Error writing to Modbus register: no connection to modbus server
[2024-11-26T06:54:04.483Z] Error reading or processing Modbus registers: no connection to modbus server
[2024-11-26T06:54:04.483Z] Error reading register 6507 for IP 10.30.4.128: no connection to modbus server
[2024-11-26T06:54:04.576Z] Error writing to Modbus register: no connection to modbus server
[2024-11-26T06:54:04.621Z] Error reading or processing Modbus registers: no connection to modbus server
[2024-11-26T06:54:04.622Z] Error reading register 6507 for IP 10.30.4.128: no connection to modbus server
[2024-11-26T06:54:04.682Z] Error writing to Modbus register: no connection to modbus server
[2024-11-26T06:54:05.006Z] Error reading or processing Modbus registers: no connection to modbus server
[2024-11-26T06:54:05.006Z] Error reading register 6507 for IP 10.30.4.128: no connection to modbus server
[2024-11-26T06:54:05.495Z] Error reading or processing Modbus registers: no connection to modbus server
[2024-11-26T06:54:05.495Z] Error reading register 6507 for IP 10.30.4.128: no connection to modbus server
[2024-11-26T06:54:05.632Z] Error reading or processing Modbus registers: no connection to modbus server
[2024-11-26T06:54:05.633Z] Error reading register 6507 for IP 10.30.4.128: no connection to modbus server
[2024-11-26T06:54:06.014Z] Error reading or processing Modbus registers: no connection to modbus server
[2024-11-26T06:54:06.014Z] Error reading register 6507 for IP 10.30.4.128: no connection to modbus server
[2024-11-26T06:54:06.489Z] Error writing to Modbus register: no connection to modbus server
[2024-11-26T06:54:06.505Z] Error reading or processing Modbus registers: no connection to modbus server
[2024-11-26T06:54:06.505Z] Error reading register 6507 for IP 10.30.4.128: no connection to modbus server
[2024-11-26T06:54:06.581Z] Error writing to Modbus register: no connection to modbus server
[2024-11-26T06:54:06.643Z] Error reading or processing Modbus registers: no connection to modbus server
[2024-11-26T06:54:06.643Z] Error reading register 6507 for IP 10.30.4.128: no connection to modbus server
[2024-11-26T06:54:06.688Z] Error writing to Modbus register: no connection to modbus server
[2024-11-26T06:54:07.025Z] Error reading or processing Modbus registers: no connection to modbus server
[2024-11-26T06:54:07.025Z] Error reading register 6507 for IP 10.30.4.128: no connection to modbus server
[2024-11-26T06:54:07.515Z] Error reading or processing Modbus registers: no connection to modbus server
[2024-11-26T06:54:07.515Z] Error reading register 6507 for IP 10.30.4.128: no connection to modbus server
[2024-11-26T06:54:07.654Z] Error reading or processing Modbus registers: no connection to modbus server
[2024-11-26T06:54:07.654Z] Error reading register 6507 for IP 10.30.4.128: no connection to modbus server
[2024-11-26T06:54:08.036Z] Error reading or processing Modbus registers: no connection to modbus server
[2024-11-26T06:54:08.036Z] Error reading register 6507 for IP 10.30.4.128: no connection to modbus server
[2024-11-26T06:54:08.491Z] Error writing to Modbus register: no connection to modbus server
[2024-11-26T06:54:08.521Z] Error reading or processing Modbus registers: no connection to modbus server
[2024-11-26T06:54:08.521Z] Error reading register 6507 for IP 10.30.4.128: no connection to modbus server
[2024-11-26T06:54:08.582Z] Error writing to Modbus register: no connection to modbus server
[2024-11-26T06:54:08.660Z] Error reading or processing Modbus registers: no connection to modbus server
[2024-11-26T06:54:08.660Z] Error reading register 6507 for IP 10.30.4.128: no connection to modbus server
[2024-11-26T06:54:08.690Z] Error writing to Modbus register: no connection to modbus server
[2024-11-26T06:54:09.042Z] Error reading or processing Modbus registers: no connection to modbus server
[2024-11-26T06:54:09.042Z] Error reading register 6507 for IP 10.30.4.128: no connection to modbus server
[2024-11-26T06:54:09.530Z] Error reading or processing Modbus registers: no connection to modbus server
[2024-11-26T06:54:09.530Z] Error reading register 6507 for IP 10.30.4.128: no connection to modbus server
[2024-11-26T06:54:09.668Z] Error reading or processing Modbus registers: no connection to modbus server
[2024-11-26T06:54:09.668Z] Error reading register 6507 for IP 10.30.4.128: no connection to modbus server
[2024-11-26T06:54:10.052Z] Error reading or processing Modbus registers: no connection to modbus server
[2024-11-26T06:54:10.052Z] Error reading register 6507 for IP 10.30.4.128: no connection to modbus server
[2024-11-26T06:54:10.501Z] Error writing to Modbus register: no connection to modbus server
[2024-11-26T06:54:10.532Z] Error reading or processing Modbus registers: no connection to modbus server
[2024-11-26T06:54:10.532Z] Error reading register 6507 for IP 10.30.4.128: no connection to modbus server
[2024-11-26T06:54:10.593Z] Error writing to Modbus register: no connection to modbus server
[2024-11-26T06:54:10.683Z] Error reading or processing Modbus registers: no connection to modbus server
[2024-11-26T06:54:10.683Z] Error reading register 6507 for IP 10.30.4.128: no connection to modbus server
[2024-11-26T06:54:10.698Z] Error writing to Modbus register: no connection to modbus server
[2024-11-26T06:54:11.052Z] Error reading or processing Modbus registers: no connection to modbus server
[2024-11-26T06:54:11.052Z] Error reading register 6507 for IP 10.30.4.128: no connection to modbus server
[2024-11-26T06:54:11.540Z] Error reading or processing Modbus registers: no connection to modbus server
[2024-11-26T06:54:11.540Z] Error reading register 6507 for IP 10.30.4.128: no connection to modbus server
[2024-11-26T06:54:11.691Z] Error reading or processing Modbus registers: no connection to modbus server
[2024-11-26T06:54:11.691Z] Error reading register 6507 for IP 10.30.4.128: no connection to modbus server
[2024-11-26T06:54:12.057Z] Error reading or processing Modbus registers: no connection to modbus server
[2024-11-26T06:54:12.057Z] Error reading register 6507 for IP 10.30.4.128: no connection to modbus server
[2024-11-26T06:54:12.510Z] Error writing to Modbus register: no connection to modbus server
[2024-11-26T06:54:12.541Z] Error reading or processing Modbus registers: no connection to modbus server
[2024-11-26T06:54:12.541Z] Error reading register 6507 for IP 10.30.4.128: no connection to modbus server
[2024-11-26T06:54:12.601Z] Error writing to Modbus register: no connection to modbus server
[2024-11-26T06:54:12.692Z] Error reading or processing Modbus registers: no connection to modbus server
[2024-11-26T06:54:12.692Z] Error reading register 6507 for IP 10.30.4.128: no connection to modbus server
[2024-11-26T06:54:12.707Z] Error writing to Modbus register: no connection to modbus server
[2024-11-26T06:54:13.070Z] Error reading or processing Modbus registers: no connection to modbus server
[2024-11-26T06:54:13.070Z] Error reading register 6507 for IP 10.30.4.128: no connection to modbus server
[2024-11-26T06:54:13.555Z] Error reading or processing Modbus registers: no connection to modbus server
[2024-11-26T06:54:13.555Z] Error reading register 6507 for IP 10.30.4.128: no connection to modbus server
[2024-11-26T06:54:13.693Z] Error reading or processing Modbus registers: no connection to modbus server
[2024-11-26T06:54:13.693Z] Error reading register 6507 for IP 10.30.4.128: no connection to modbus server
[2024-11-26T06:54:14.071Z] Error reading or processing Modbus registers: no connection to modbus server
[2024-11-26T06:54:14.071Z] Error reading register 6507 for IP 10.30.4.128: no connection to modbus server
[2024-11-26T06:54:14.511Z] Error writing to Modbus register: no connection to modbus server
[2024-11-26T06:54:14.556Z] Error reading or processing Modbus registers: no connection to modbus server
[2024-11-26T06:54:14.556Z] Error reading register 6507 for IP 10.30.4.128: no connection to modbus server
[2024-11-26T06:54:14.602Z] Error writing to Modbus register: no connection to modbus server
[2024-11-26T06:54:14.694Z] Error reading or processing Modbus registers: no connection to modbus server
[2024-11-26T06:54:14.694Z] Error reading register 6507 for IP 10.30.4.128: no connection to modbus server
[2024-11-26T06:54:14.708Z] Error writing to Modbus register: no connection to modbus server
[2024-11-26T06:54:15.072Z] Error reading or processing Modbus registers: no connection to modbus server
[2024-11-26T06:54:15.072Z] Error reading register 6507 for IP 10.30.4.128: no connection to modbus server
[2024-11-26T06:54:15.558Z] Error reading register 6507 for IP 10.30.4.128: no connection to modbus server
[2024-11-26T06:54:15.558Z] Error reading or processing Modbus registers: no connection to modbus server
[2024-11-26T06:54:15.694Z] Error reading or processing Modbus registers: no connection to modbus server
[2024-11-26T06:54:15.694Z] Error reading register 6507 for IP 10.30.4.128: no connection to modbus server
[2024-11-26T06:54:16.074Z] Error reading or processing Modbus registers: no connection to modbus server
[2024-11-26T06:54:16.074Z] Error reading register 6507 for IP 10.30.4.128: no connection to modbus server
[2024-11-26T06:54:16.513Z] Error writing to Modbus register: no connection to modbus server
[2024-11-26T06:54:16.558Z] Error reading or processing Modbus registers: no connection to modbus server
[2024-11-26T06:54:16.559Z] Error reading register 6507 for IP 10.30.4.128: no connection to modbus server
[2024-11-26T06:54:16.604Z] Error writing to Modbus register: no connection to modbus server
[2024-11-26T06:54:16.695Z] Error reading or processing Modbus registers: no connection to modbus server
[2024-11-26T06:54:16.695Z] Error reading register 6507 for IP 10.30.4.128: no connection to modbus server
[2024-11-26T06:54:16.710Z] Error writing to Modbus register: no connection to modbus server
[2024-11-26T06:54:17.075Z] Error reading or processing Modbus registers: no connection to modbus server
[2024-11-26T06:54:17.076Z] Error reading register 6507 for IP 10.30.4.128: no connection to modbus server
[2024-11-26T06:54:17.561Z] Error reading or processing Modbus registers: no connection to modbus server
[2024-11-26T06:54:17.561Z] Error reading register 6507 for IP 10.30.4.128: no connection to modbus server
[2024-11-26T06:54:17.698Z] Error reading or processing Modbus registers: no connection to modbus server
[2024-11-26T06:54:17.698Z] Error reading register 6507 for IP 10.30.4.128: no connection to modbus server
[2024-11-26T06:54:18.089Z] Error reading or processing Modbus registers: no connection to modbus server
[2024-11-26T06:54:18.089Z] Error reading register 6507 for IP 10.30.4.128: no connection to modbus server
[2024-11-26T06:54:18.516Z] Error writing to Modbus register: no connection to modbus server
[2024-11-26T06:54:18.576Z] Error reading or processing Modbus registers: no connection to modbus server
[2024-11-26T06:54:18.576Z] Error reading register 6507 for IP 10.30.4.128: no connection to modbus server
[2024-11-26T06:54:18.606Z] Error writing to Modbus register: no connection to modbus server
[2024-11-26T06:54:18.712Z] Error reading register 6507 for IP 10.30.4.128: no connection to modbus server
[2024-11-26T06:54:18.712Z] Error reading or processing Modbus registers: no connection to modbus server
[2024-11-26T06:54:18.712Z] Error writing to Modbus register: no connection to modbus server
[2024-11-26T06:54:19.091Z] Error reading or processing Modbus registers: no connection to modbus server
[2024-11-26T06:54:19.091Z] Error reading register 6507 for IP 10.30.4.128: no connection to modbus server
[2024-11-26T06:54:19.591Z] Error reading or processing Modbus registers: no connection to modbus server
[2024-11-26T06:54:19.591Z] Error reading register 6507 for IP 10.30.4.128: no connection to modbus server
[2024-11-26T06:54:19.713Z] Error reading or processing Modbus registers: no connection to modbus server
[2024-11-26T06:54:19.713Z] Error reading register 6507 for IP 10.30.4.128: no connection to modbus server
[2024-11-26T06:54:20.092Z] Error reading or processing Modbus registers: no connection to modbus server
[2024-11-26T06:54:20.092Z] Error reading register 6507 for IP 10.30.4.128: no connection to modbus server
[2024-11-26T06:54:20.516Z] Error writing to Modbus register: no connection to modbus server
[2024-11-26T06:54:20.592Z] Error reading or processing Modbus registers: no connection to modbus server
[2024-11-26T06:54:20.592Z] Error reading register 6507 for IP 10.30.4.128: no connection to modbus server
[2024-11-26T06:54:20.607Z] Error writing to Modbus register: no connection to modbus server
[2024-11-26T06:54:20.713Z] Error writing to Modbus register: no connection to modbus server
[2024-11-26T06:54:20.714Z] Error reading or processing Modbus registers: no connection to modbus server
[2024-11-26T06:54:20.714Z] Error reading register 6507 for IP 10.30.4.128: no connection to modbus server
[2024-11-26T06:54:21.092Z] Error reading or processing Modbus registers: no connection to modbus server
[2024-11-26T06:54:21.092Z] Error reading register 6507 for IP 10.30.4.128: no connection to modbus server
[2024-11-26T06:54:21.593Z] Error reading or processing Modbus registers: no connection to modbus server
[2024-11-26T06:54:21.593Z] Error reading register 6507 for IP 10.30.4.128: no connection to modbus server
[2024-11-26T06:54:21.714Z] Error reading or processing Modbus registers: no connection to modbus server
[2024-11-26T06:54:21.714Z] Error reading register 6507 for IP 10.30.4.128: no connection to modbus server
[2024-11-26T06:54:22.093Z] Error reading or processing Modbus registers: no connection to modbus server
[2024-11-26T06:54:22.093Z] Error reading register 6507 for IP 10.30.4.128: no connection to modbus server
[2024-11-26T06:54:22.518Z] Error writing to Modbus register: no connection to modbus server
[2024-11-26T06:54:22.594Z] Error reading or processing Modbus registers: no connection to modbus server
[2024-11-26T06:54:22.594Z] Error reading register 6507 for IP 10.30.4.128: no connection to modbus server
[2024-11-26T06:54:22.609Z] Error writing to Modbus register: no connection to modbus server
[2024-11-26T06:54:22.715Z] Error reading or processing Modbus registers: no connection to modbus server
[2024-11-26T06:54:22.715Z] Error reading register 6507 for IP 10.30.4.128: no connection to modbus server
[2024-11-26T06:54:22.715Z] Error writing to Modbus register: no connection to modbus server
[2024-11-26T06:54:23.095Z] Error reading or processing Modbus registers: no connection to modbus server
[2024-11-26T06:54:23.095Z] Error reading register 6507 for IP 10.30.4.128: no connection to modbus server
[2024-11-26T06:54:23.596Z] Error reading or processing Modbus registers: no connection to modbus server
[2024-11-26T06:54:23.596Z] Error reading register 6507 for IP 10.30.4.128: no connection to modbus server
[2024-11-26T06:54:23.717Z] Error reading or processing Modbus registers: no connection to modbus server
[2024-11-26T06:54:23.718Z] Error reading register 6507 for IP 10.30.4.128: no connection to modbus server
[2024-11-26T06:54:24.096Z] Error reading or processing Modbus registers: no connection to modbus server
[2024-11-26T06:54:24.096Z] Error reading register 6507 for IP 10.30.4.128: no connection to modbus server
[2024-11-26T06:54:24.522Z] Error writing to Modbus register: no connection to modbus server
[2024-11-26T06:54:24.598Z] Error reading register 6507 for IP 10.30.4.128: no connection to modbus server
[2024-11-26T06:54:24.598Z] Error reading or processing Modbus registers: no connection to modbus server
[2024-11-26T06:54:24.612Z] Error writing to Modbus register: no connection to modbus server
[2024-11-26T06:54:24.718Z] Error writing to Modbus register: no connection to modbus server
[2024-11-26T06:54:24.718Z] Error reading or processing Modbus registers: no connection to modbus server
[2024-11-26T06:54:24.718Z] Error reading register 6507 for IP 10.30.4.128: no connection to modbus server
[2024-11-26T06:54:25.098Z] Error reading or processing Modbus registers: no connection to modbus server
[2024-11-26T06:54:25.098Z] Error reading register 6507 for IP 10.30.4.128: no connection to modbus server
[2024-11-26T06:54:25.598Z] Error reading or processing Modbus registers: no connection to modbus server
[2024-11-26T06:54:25.599Z] Error reading register 6507 for IP 10.30.4.128: no connection to modbus server
[2024-11-26T06:54:25.720Z] Error reading or processing Modbus registers: no connection to modbus server
[2024-11-26T06:54:25.720Z] Error reading register 6507 for IP 10.30.4.128: no connection to modbus server
[2024-11-26T06:54:26.099Z] Error reading or processing Modbus registers: no connection to modbus server
[2024-11-26T06:54:26.099Z] Error reading register 6507 for IP 10.30.4.128: no connection to modbus server
[2024-11-26T06:54:26.523Z] Error writing to Modbus register: no connection to modbus server
[2024-11-26T06:54:26.600Z] Error reading or processing Modbus registers: no connection to modbus server
[2024-11-26T06:54:26.600Z] Error reading register 6507 for IP 10.30.4.128: no connection to modbus server
[2024-11-26T06:54:26.615Z] Error writing to Modbus register: no connection to modbus server
[2024-11-26T06:54:26.721Z] Error reading or processing Modbus registers: no connection to modbus server
[2024-11-26T06:54:26.721Z] Error writing to Modbus register: no connection to modbus server
[2024-11-26T06:54:26.721Z] Error reading register 6507 for IP 10.30.4.128: no connection to modbus server
[2024-11-26T06:54:27.114Z] Error reading or processing Modbus registers: no connection to modbus server
[2024-11-26T06:54:27.115Z] Error reading register 6507 for IP 10.30.4.128: no connection to modbus server
[2024-11-26T06:54:27.614Z] Error reading or processing Modbus registers: no connection to modbus server
[2024-11-26T06:54:27.615Z] Error reading register 6507 for IP 10.30.4.128: no connection to modbus server
[2024-11-26T06:54:27.735Z] Error reading register 6507 for IP 10.30.4.128: no connection to modbus server
[2024-11-26T06:54:27.735Z] Error reading or processing Modbus registers: no connection to modbus server
[2024-11-26T06:54:28.115Z] Error reading or processing Modbus registers: no connection to modbus server
[2024-11-26T06:54:28.115Z] Error reading register 6507 for IP 10.30.4.128: no connection to modbus server
[2024-11-26T06:54:28.524Z] Error writing to Modbus register: no connection to modbus server
[2024-11-26T06:54:28.629Z] Error reading or processing Modbus registers: no connection to modbus server
[2024-11-26T06:54:28.629Z] Error reading register 6507 for IP 10.30.4.128: no connection to modbus server
[2024-11-26T06:54:28.629Z] Error writing to Modbus register: no connection to modbus server
[2024-11-26T06:54:28.735Z] Error writing to Modbus register: no connection to modbus server
[2024-11-26T06:54:28.735Z] Error reading or processing Modbus registers: no connection to modbus server
[2024-11-26T06:54:28.735Z] Error reading register 6507 for IP 10.30.4.128: no connection to modbus server
[2024-11-26T06:54:29.129Z] Error reading or processing Modbus registers: no connection to modbus server
[2024-11-26T06:54:29.129Z] Error reading register 6507 for IP 10.30.4.128: no connection to modbus server
[2024-11-26T06:54:29.644Z] Error reading or processing Modbus registers: no connection to modbus server
[2024-11-26T06:54:29.644Z] Error reading register 6507 for IP 10.30.4.128: no connection to modbus server
[2024-11-26T06:54:29.749Z] Error reading or processing Modbus registers: no connection to modbus server
[2024-11-26T06:54:29.749Z] Error reading register 6507 for IP 10.30.4.128: no connection to modbus server
[2024-11-26T06:54:30.130Z] Error reading register 6507 for IP 10.30.4.128: no connection to modbus server
[2024-11-26T06:54:30.130Z] Error reading or processing Modbus registers: no connection to modbus server
[2024-11-26T06:54:30.526Z] Error writing to Modbus register: no connection to modbus server
[2024-11-26T06:54:30.632Z] Error writing to Modbus register: no connection to modbus server
[2024-11-26T06:54:30.647Z] Error reading or processing Modbus registers: no connection to modbus server
[2024-11-26T06:54:30.647Z] Error reading register 6507 for IP 10.30.4.128: no connection to modbus server
[2024-11-26T06:54:30.739Z] Error writing to Modbus register: no connection to modbus server
[2024-11-26T06:54:30.754Z] Error reading or processing Modbus registers: no connection to modbus server
[2024-11-26T06:54:30.754Z] Error reading register 6507 for IP 10.30.4.128: no connection to modbus server
[2024-11-26T06:54:31.134Z] Error reading or processing Modbus registers: no connection to modbus server
[2024-11-26T06:54:31.134Z] Error reading register 6507 for IP 10.30.4.128: no connection to modbus server
[2024-11-26T06:54:31.648Z] Error reading or processing Modbus registers: no connection to modbus server
[2024-11-26T06:54:31.648Z] Error reading register 6507 for IP 10.30.4.128: no connection to modbus server
[2024-11-26T06:54:31.756Z] Error reading or processing Modbus registers: no connection to modbus server
[2024-11-26T06:54:31.756Z] Error reading register 6507 for IP 10.30.4.128: no connection to modbus server
[2024-11-26T06:54:32.147Z] Error reading or processing Modbus registers: no connection to modbus server
[2024-11-26T06:54:32.147Z] Error reading register 6507 for IP 10.30.4.128: no connection to modbus server
[2024-11-26T06:54:32.526Z] Error writing to Modbus register: no connection to modbus server
[2024-11-26T06:54:32.632Z] Error writing to Modbus register: no connection to modbus server
[2024-11-26T06:54:32.648Z] Error reading or processing Modbus registers: no connection to modbus server
[2024-11-26T06:54:32.648Z] Error reading register 6507 for IP 10.30.4.128: no connection to modbus server
[2024-11-26T06:54:32.740Z] Error writing to Modbus register: no connection to modbus server
[2024-11-26T06:54:32.770Z] Error reading or processing Modbus registers: no connection to modbus server
[2024-11-26T06:54:32.770Z] Error reading register 6507 for IP 10.30.4.128: no connection to modbus server
[2024-11-26T06:54:33.149Z] Error reading or processing Modbus registers: no connection to modbus server
[2024-11-26T06:54:33.149Z] Error reading register 6507 for IP 10.30.4.128: no connection to modbus server
[2024-11-26T06:54:33.650Z] Error reading or processing Modbus registers: no connection to modbus server
[2024-11-26T06:54:33.650Z] Error reading register 6507 for IP 10.30.4.128: no connection to modbus server
[2024-11-26T06:54:33.770Z] Error reading or processing Modbus registers: no connection to modbus server
[2024-11-26T06:54:33.770Z] Error reading register 6507 for IP 10.30.4.128: no connection to modbus server
[2024-11-26T06:54:34.149Z] Error reading or processing Modbus registers: no connection to modbus server
[2024-11-26T06:54:34.150Z] Error reading register 6507 for IP 10.30.4.128: no connection to modbus server
[2024-11-26T06:54:34.528Z] Error writing to Modbus register: no connection to modbus server
[2024-11-26T06:54:34.633Z] Error writing to Modbus register: no connection to modbus server
[2024-11-26T06:54:34.664Z] Error reading or processing Modbus registers: no connection to modbus server
[2024-11-26T06:54:34.664Z] Error reading register 6507 for IP 10.30.4.128: no connection to modbus server
[2024-11-26T06:54:34.754Z] Error writing to Modbus register: no connection to modbus server
[2024-11-26T06:54:34.784Z] Error reading or processing Modbus registers: no connection to modbus server
[2024-11-26T06:54:34.784Z] Error reading register 6507 for IP 10.30.4.128: no connection to modbus server
[2024-11-26T06:54:35.163Z] Error reading or processing Modbus registers: no connection to modbus server
[2024-11-26T06:54:35.163Z] Error reading register 6507 for IP 10.30.4.128: no connection to modbus server
[2024-11-26T06:54:35.679Z] Error reading or processing Modbus registers: no connection to modbus server
[2024-11-26T06:54:35.679Z] Error reading register 6507 for IP 10.30.4.128: no connection to modbus server
[2024-11-26T06:54:35.785Z] Error reading or processing Modbus registers: no connection to modbus server
[2024-11-26T06:54:35.785Z] Error reading register 6507 for IP 10.30.4.128: no connection to modbus server
[2024-11-26T06:54:36.164Z] Error reading or processing Modbus registers: no connection to modbus server
[2024-11-26T06:54:36.164Z] Error reading register 6507 for IP 10.30.4.128: no connection to modbus server
[2024-11-26T06:54:36.542Z] Error writing to Modbus register: no connection to modbus server
[2024-11-26T06:54:36.633Z] Error writing to Modbus register: no connection to modbus server
[2024-11-26T06:54:36.694Z] Error reading or processing Modbus registers: no connection to modbus server
[2024-11-26T06:54:36.694Z] Error reading register 6507 for IP 10.30.4.128: no connection to modbus server
[2024-11-26T06:54:36.754Z] Error writing to Modbus register: no connection to modbus server
[2024-11-26T06:54:36.786Z] Error reading or processing Modbus registers: no connection to modbus server
[2024-11-26T06:54:36.786Z] Error reading register 6507 for IP 10.30.4.128: no connection to modbus server
[2024-11-26T06:54:37.179Z] Error reading register 6507 for IP 10.30.4.128: no connection to modbus server
[2024-11-26T06:54:37.179Z] Error reading or processing Modbus registers: no connection to modbus server
[2024-11-26T06:54:37.708Z] Error reading or processing Modbus registers: no connection to modbus server
[2024-11-26T06:54:37.708Z] Error reading register 6507 for IP 10.30.4.128: no connection to modbus server
[2024-11-26T06:54:37.799Z] Error reading or processing Modbus registers: no connection to modbus server
[2024-11-26T06:54:37.799Z] Error reading register 6507 for IP 10.30.4.128: no connection to modbus server
[2024-11-26T06:54:38.179Z] Error reading or processing Modbus registers: no connection to modbus server
[2024-11-26T06:54:38.179Z] Error reading register 6507 for IP 10.30.4.128: no connection to modbus server
[2024-11-26T06:54:38.542Z] Error writing to Modbus register: no connection to modbus server
[2024-11-26T06:54:38.633Z] Error writing to Modbus register: no connection to modbus server
[2024-11-26T06:54:38.708Z] Error reading register 6507 for IP 10.30.4.128: no connection to modbus server
[2024-11-26T06:54:38.708Z] Error reading or processing Modbus registers: no connection to modbus server
[2024-11-26T06:54:38.769Z] Error writing to Modbus register: no connection to modbus server
[2024-11-26T06:54:38.814Z] Error reading or processing Modbus registers: no connection to modbus server
[2024-11-26T06:54:38.814Z] Error reading register 6507 for IP 10.30.4.128: no connection to modbus server
[2024-11-26T06:54:39.192Z] Error reading or processing Modbus registers: no connection to modbus server
[2024-11-26T06:54:39.192Z] Error reading register 6507 for IP 10.30.4.128: no connection to modbus server
[2024-11-26T06:54:39.709Z] Error reading register 6507 for IP 10.30.4.128: no connection to modbus server
[2024-11-26T06:54:39.709Z] Error reading or processing Modbus registers: no connection to modbus server
[2024-11-26T06:54:39.814Z] Error reading register 6507 for IP 10.30.4.128: no connection to modbus server
[2024-11-26T06:54:39.814Z] Error reading or processing Modbus registers: no connection to modbus server
[2024-11-26T06:54:40.194Z] Error reading or processing Modbus registers: no connection to modbus server
[2024-11-26T06:54:40.194Z] Error reading register 6507 for IP 10.30.4.128: no connection to modbus server
[2024-11-26T06:54:40.556Z] Error writing to Modbus register: no connection to modbus server
[2024-11-26T06:54:40.647Z] Error writing to Modbus register: no connection to modbus server
[2024-11-26T06:54:40.723Z] Error reading or processing Modbus registers: no connection to modbus server
[2024-11-26T06:54:40.723Z] Error reading register 6507 for IP 10.30.4.128: no connection to modbus server
[2024-11-26T06:54:40.783Z] Error writing to Modbus register: no connection to modbus server
[2024-11-26T06:54:40.814Z] Error reading or processing Modbus registers: no connection to modbus server
[2024-11-26T06:54:40.814Z] Error reading register 6507 for IP 10.30.4.128: no connection to modbus server
[2024-11-26T06:54:41.196Z] Error reading or processing Modbus registers: no connection to modbus server
[2024-11-26T06:54:41.196Z] Error reading register 6507 for IP 10.30.4.128: no connection to modbus server
[2024-11-26T06:54:41.724Z] Error reading or processing Modbus registers: no connection to modbus server
[2024-11-26T06:54:41.724Z] Error reading register 6507 for IP 10.30.4.128: no connection to modbus server
[2024-11-26T06:54:41.829Z] Error reading or processing Modbus registers: no connection to modbus server
[2024-11-26T06:54:41.829Z] Error reading register 6507 for IP 10.30.4.128: no connection to modbus server
[2024-11-26T06:54:42.208Z] Error reading register 6507 for IP 10.30.4.128: no connection to modbus server
[2024-11-26T06:54:42.208Z] Error reading or processing Modbus registers: no connection to modbus server
[2024-11-26T06:54:42.375Z] Error reading or processing Modbus registers: rejecting because of earlier OutOfSync error
[2024-11-26T06:54:42.375Z] Error reading register 6507 for IP 10.30.4.128: rejecting because of earlier OutOfSync error
[2024-11-26T06:54:42.375Z] Error reading or processing Modbus registers: rejecting because of earlier OutOfSync error
[2024-11-26T06:54:42.375Z] Error writing to Modbus register: rejecting because of earlier OutOfSync error
[2024-11-26T06:54:42.375Z] Error reading register 6507 for IP 10.30.4.128: rejecting because of earlier OutOfSync error
[2024-11-26T06:54:42.557Z] Error writing to Modbus register: no connection to modbus server
[2024-11-26T06:54:42.648Z] Error writing to Modbus register: no connection to modbus server
[2024-11-26T06:54:42.724Z] Error reading or processing Modbus registers: no connection to modbus server
[2024-11-26T06:54:42.724Z] Error reading register 6507 for IP 10.30.4.128: no connection to modbus server
[2024-11-26T06:54:42.785Z] Error writing to Modbus register: no connection to modbus server
[2024-11-26T06:54:42.830Z] Error reading register 6507 for IP 10.30.4.128: no connection to modbus server
[2024-11-26T06:54:42.830Z] Error reading or processing Modbus registers: no connection to modbus server
[2024-11-26T06:54:43.209Z] Error reading or processing Modbus registers: no connection to modbus server
[2024-11-26T06:54:43.209Z] Error reading or processing Modbus registers: no connection to modbus server
[2024-11-26T06:54:43.209Z] Error reading register 6507 for IP 10.30.4.128: no connection to modbus server
[2024-11-26T06:54:43.209Z] Error reading register 6507 for IP 10.30.4.128: no connection to modbus server
[2024-11-26T06:54:43.619Z] Error writing to Modbus register: no connection to modbus server
[2024-11-26T06:54:43.725Z] Error reading or processing Modbus registers: no connection to modbus server
[2024-11-26T06:54:43.726Z] Error reading register 6507 for IP 10.30.4.128: no connection to modbus server
[2024-11-26T06:54:43.831Z] Error reading or processing Modbus registers: no connection to modbus server
[2024-11-26T06:54:43.831Z] Error reading register 6507 for IP 10.30.4.128: no connection to modbus server
[2024-11-26T06:54:44.210Z] Error reading or processing Modbus registers: no connection to modbus server
[2024-11-26T06:54:44.210Z] Error reading register 6507 for IP 10.30.4.128: no connection to modbus server
[2024-11-26T06:54:44.210Z] Error reading register 6507 for IP 10.30.4.128: no connection to modbus server
[2024-11-26T06:54:44.210Z] Error reading or processing Modbus registers: no connection to modbus server
[2024-11-26T06:54:44.559Z] Error writing to Modbus register: no connection to modbus server
[2024-11-26T06:54:44.649Z] Error writing to Modbus register: no connection to modbus server
[2024-11-26T06:54:44.740Z] Error reading or processing Modbus registers: no connection to modbus server
[2024-11-26T06:54:44.740Z] Error reading register 6507 for IP 10.30.4.128: no connection to modbus server
[2024-11-26T06:54:44.787Z] Error writing to Modbus register: no connection to modbus server
[2024-11-26T06:54:44.833Z] Error reading or processing Modbus registers: no connection to modbus server
[2024-11-26T06:54:44.833Z] Error reading register 6507 for IP 10.30.4.128: no connection to modbus server
[2024-11-26T06:54:45.213Z] Error reading or processing Modbus registers: no connection to modbus server
[2024-11-26T06:54:45.213Z] Error reading or processing Modbus registers: no connection to modbus server
[2024-11-26T06:54:45.213Z] Error reading register 6507 for IP 10.30.4.128: no connection to modbus server
[2024-11-26T06:54:45.213Z] Error reading register 6507 for IP 10.30.4.128: no connection to modbus server
[2024-11-26T06:54:45.620Z] Error writing to Modbus register: no connection to modbus server
[2024-11-26T06:54:45.741Z] Error reading or processing Modbus registers: no connection to modbus server
[2024-11-26T06:54:45.741Z] Error reading register 6507 for IP 10.30.4.128: no connection to modbus server
[2024-11-26T06:54:45.833Z] Error reading or processing Modbus registers: no connection to modbus server
[2024-11-26T06:54:45.833Z] Error reading register 6507 for IP 10.30.4.128: no connection to modbus server
[2024-11-26T06:54:46.228Z] Error reading or processing Modbus registers: no connection to modbus server
[2024-11-26T06:54:46.228Z] Error reading register 6507 for IP 10.30.4.128: no connection to modbus server
[2024-11-26T06:54:46.228Z] Error reading or processing Modbus registers: no connection to modbus server
[2024-11-26T06:54:46.228Z] Error reading register 6507 for IP 10.30.4.128: no connection to modbus server
[2024-11-26T06:54:46.561Z] Error writing to Modbus register: no connection to modbus server
[2024-11-26T06:54:46.651Z] Error writing to Modbus register: no connection to modbus server
[2024-11-26T06:54:46.742Z] Error reading or processing Modbus registers: no connection to modbus server
[2024-11-26T06:54:46.742Z] Error reading register 6507 for IP 10.30.4.128: no connection to modbus server
[2024-11-26T06:54:46.788Z] Error writing to Modbus register: no connection to modbus server
[2024-11-26T06:54:46.848Z] Error reading or processing Modbus registers: no connection to modbus server
[2024-11-26T06:54:46.848Z] Error reading register 6507 for IP 10.30.4.128: no connection to modbus server
[2024-11-26T06:54:47.242Z] Error reading or processing Modbus registers: no connection to modbus server
[2024-11-26T06:54:47.242Z] Error reading register 6507 for IP 10.30.4.128: no connection to modbus server
[2024-11-26T06:54:47.242Z] Error reading register 6507 for IP 10.30.4.128: no connection to modbus server
[2024-11-26T06:54:47.242Z] Error reading or processing Modbus registers: no connection to modbus server
[2024-11-26T06:54:47.623Z] Error writing to Modbus register: no connection to modbus server
[2024-11-26T06:54:47.746Z] Error reading or processing Modbus registers: no connection to modbus server
[2024-11-26T06:54:47.746Z] Error reading register 6507 for IP 10.30.4.128: no connection to modbus server
[2024-11-26T06:54:47.853Z] Error reading or processing Modbus registers: no connection to modbus server
[2024-11-26T06:54:47.853Z] Error reading register 6507 for IP 10.30.4.128: no connection to modbus server
[2024-11-26T06:54:48.255Z] Error reading or processing Modbus registers: no connection to modbus server
[2024-11-26T06:54:48.255Z] Error reading register 6507 for IP 10.30.4.128: no connection to modbus server
[2024-11-26T06:54:48.255Z] Error reading or processing Modbus registers: no connection to modbus server
[2024-11-26T06:54:48.255Z] Error reading register 6507 for IP 10.30.4.128: no connection to modbus server
[2024-11-26T06:54:48.573Z] Error writing to Modbus register: no connection to modbus server
[2024-11-26T06:54:48.664Z] Error writing to Modbus register: no connection to modbus server
[2024-11-26T06:54:48.756Z] Error reading or processing Modbus registers: no connection to modbus server
[2024-11-26T06:54:48.756Z] Error reading register 6507 for IP 10.30.4.128: no connection to modbus server
[2024-11-26T06:54:48.802Z] Error writing to Modbus register: no connection to modbus server
[2024-11-26T06:54:48.862Z] Error reading or processing Modbus registers: no connection to modbus server
[2024-11-26T06:54:48.862Z] Error reading register 6507 for IP 10.30.4.128: no connection to modbus server
[2024-11-26T06:54:49.257Z] Error reading or processing Modbus registers: no connection to modbus server
[2024-11-26T06:54:49.257Z] Error reading register 6507 for IP 10.30.4.128: no connection to modbus server
[2024-11-26T06:54:49.257Z] Error reading or processing Modbus registers: no connection to modbus server
[2024-11-26T06:54:49.257Z] Error reading register 6507 for IP 10.30.4.128: no connection to modbus server
[2024-11-26T06:54:49.635Z] Error writing to Modbus register: no connection to modbus server
[2024-11-26T06:54:49.757Z] Error reading or processing Modbus registers: no connection to modbus server
[2024-11-26T06:54:49.757Z] Error reading register 6507 for IP 10.30.4.128: no connection to modbus server
[2024-11-26T06:54:49.863Z] Error reading or processing Modbus registers: no connection to modbus server
[2024-11-26T06:54:49.863Z] Error reading register 6507 for IP 10.30.4.128: no connection to modbus server
[2024-11-26T06:54:50.271Z] Error reading or processing Modbus registers: no connection to modbus server
[2024-11-26T06:54:50.271Z] Error reading register 6507 for IP 10.30.4.128: no connection to modbus server
[2024-11-26T06:54:50.271Z] Error reading or processing Modbus registers: no connection to modbus server
[2024-11-26T06:54:50.271Z] Error reading register 6507 for IP 10.30.4.128: no connection to modbus server
[2024-11-26T06:54:50.574Z] Error writing to Modbus register: no connection to modbus server
[2024-11-26T06:54:50.666Z] Error writing to Modbus register: no connection to modbus server
[2024-11-26T06:54:50.771Z] Error reading or processing Modbus registers: no connection to modbus server
[2024-11-26T06:54:50.771Z] Error reading register 6507 for IP 10.30.4.128: no connection to modbus server
[2024-11-26T06:54:50.803Z] Error writing to Modbus register: no connection to modbus server
[2024-11-26T06:54:50.878Z] Error reading register 6507 for IP 10.30.4.128: no connection to modbus server
[2024-11-26T06:54:50.878Z] Error reading or processing Modbus registers: no connection to modbus server
[2024-11-26T06:54:51.271Z] Error reading or processing Modbus registers: no connection to modbus server
[2024-11-26T06:54:51.271Z] Error reading register 6507 for IP 10.30.4.128: no connection to modbus server
[2024-11-26T06:54:51.271Z] Error reading or processing Modbus registers: no connection to modbus server
[2024-11-26T06:54:51.271Z] Error reading register 6507 for IP 10.30.4.128: no connection to modbus server
[2024-11-26T06:54:51.634Z] Error writing to Modbus register: no connection to modbus server
[2024-11-26T06:54:51.771Z] Error reading or processing Modbus registers: no connection to modbus server
[2024-11-26T06:54:51.771Z] Error reading register 6507 for IP 10.30.4.128: no connection to modbus server
[2024-11-26T06:54:51.878Z] Error reading or processing Modbus registers: no connection to modbus server
[2024-11-26T06:54:51.878Z] Error reading register 6507 for IP 10.30.4.128: no connection to modbus server
[2024-11-26T06:54:52.270Z] Error reading register 6507 for IP 10.30.4.128: no connection to modbus server
[2024-11-26T06:54:52.270Z] Error reading or processing Modbus registers: no connection to modbus server
[2024-11-26T06:54:52.270Z] Error reading or processing Modbus registers: no connection to modbus server
[2024-11-26T06:54:52.270Z] Error reading register 6507 for IP 10.30.4.128: no connection to modbus server
[2024-11-26T06:54:52.575Z] Error writing to Modbus register: no connection to modbus server
[2024-11-26T06:54:52.666Z] Error writing to Modbus register: no connection to modbus server
[2024-11-26T06:54:52.773Z] Error reading or processing Modbus registers: no connection to modbus server
[2024-11-26T06:54:52.773Z] Error reading register 6507 for IP 10.30.4.128: no connection to modbus server
[2024-11-26T06:54:52.804Z] Error writing to Modbus register: no connection to modbus server
[2024-11-26T06:54:52.880Z] Error reading or processing Modbus registers: no connection to modbus server
[2024-11-26T06:54:52.880Z] Error reading register 6507 for IP 10.30.4.128: no connection to modbus server
[2024-11-26T06:54:53.271Z] Error reading register 6507 for IP 10.30.4.128: no connection to modbus server
[2024-11-26T06:54:53.271Z] Error reading or processing Modbus registers: no connection to modbus server
[2024-11-26T06:54:53.271Z] Error reading or processing Modbus registers: no connection to modbus server
[2024-11-26T06:54:53.271Z] Error reading register 6507 for IP 10.30.4.128: no connection to modbus server
[2024-11-26T06:54:53.636Z] Error writing to Modbus register: no connection to modbus server
[2024-11-26T06:54:53.773Z] Error reading or processing Modbus registers: no connection to modbus server
[2024-11-26T06:54:53.773Z] Error reading register 6507 for IP 10.30.4.128: no connection to modbus server
[2024-11-26T06:54:53.894Z] Error reading or processing Modbus registers: no connection to modbus server
[2024-11-26T06:54:53.894Z] Error reading register 6507 for IP 10.30.4.128: no connection to modbus server
[2024-11-26T06:54:54.271Z] Error reading or processing Modbus registers: no connection to modbus server
[2024-11-26T06:54:54.271Z] Error reading register 6507 for IP 10.30.4.128: no connection to modbus server
[2024-11-26T06:54:54.272Z] Error reading or processing Modbus registers: no connection to modbus server
[2024-11-26T06:54:54.272Z] Error reading register 6507 for IP 10.30.4.128: no connection to modbus server
[2024-11-26T06:54:54.576Z] Error writing to Modbus register: no connection to modbus server
[2024-11-26T06:54:54.668Z] Error writing to Modbus register: no connection to modbus server
[2024-11-26T06:54:54.774Z] Error reading or processing Modbus registers: no connection to modbus server
[2024-11-26T06:54:54.774Z] Error reading register 6507 for IP 10.30.4.128: no connection to modbus server
[2024-11-26T06:54:54.804Z] Error writing to Modbus register: no connection to modbus server
[2024-11-26T06:54:54.895Z] Error reading register 6507 for IP 10.30.4.128: no connection to modbus server
[2024-11-26T06:54:54.895Z] Error reading or processing Modbus registers: no connection to modbus server
[2024-11-26T06:54:55.271Z] Error reading or processing Modbus registers: no connection to modbus server
[2024-11-26T06:54:55.271Z] Error reading register 6507 for IP 10.30.4.128: no connection to modbus server
[2024-11-26T06:54:55.272Z] Error reading register 6507 for IP 10.30.4.128: no connection to modbus server
[2024-11-26T06:54:55.271Z] Error reading or processing Modbus registers: no connection to modbus server
[2024-11-26T06:54:55.644Z] Error writing to Modbus register: no connection to modbus server
[2024-11-26T06:54:55.784Z] Error reading or processing Modbus registers: no connection to modbus server
[2024-11-26T06:54:55.784Z] Error reading register 6507 for IP 10.30.4.128: no connection to modbus server
[2024-11-26T06:54:55.906Z] Error reading or processing Modbus registers: no connection to modbus server
[2024-11-26T06:54:55.906Z] Error reading register 6507 for IP 10.30.4.128: no connection to modbus server
[2024-11-26T06:54:56.273Z] Error reading or processing Modbus registers: no connection to modbus server
[2024-11-26T06:54:56.273Z] Error reading register 6507 for IP 10.30.4.128: no connection to modbus server
[2024-11-26T06:54:56.273Z] Error reading or processing Modbus registers: no connection to modbus server
[2024-11-26T06:54:56.273Z] Error reading register 6507 for IP 10.30.4.128: no connection to modbus server
[2024-11-26T06:54:56.581Z] Error writing to Modbus register: no connection to modbus server
[2024-11-26T06:54:56.672Z] Error writing to Modbus register: no connection to modbus server
[2024-11-26T06:54:56.794Z] Error reading or processing Modbus registers: no connection to modbus server
[2024-11-26T06:54:56.794Z] Error reading register 6507 for IP 10.30.4.128: no connection to modbus server
[2024-11-26T06:54:56.809Z] Error writing to Modbus register: no connection to modbus server
[2024-11-26T06:54:56.918Z] Error reading or processing Modbus registers: no connection to modbus server
[2024-11-26T06:54:56.918Z] Error reading register 6507 for IP 10.30.4.128: no connection to modbus server
[2024-11-26T06:54:57.285Z] Error reading or processing Modbus registers: no connection to modbus server
[2024-11-26T06:54:57.285Z] Error reading register 6507 for IP 10.30.4.128: no connection to modbus server
[2024-11-26T06:54:57.285Z] Error reading or processing Modbus registers: no connection to modbus server
[2024-11-26T06:54:57.285Z] Error reading register 6507 for IP 10.30.4.128: no connection to modbus server
[2024-11-26T06:54:57.651Z] Error writing to Modbus register: no connection to modbus server
[2024-11-26T06:54:57.803Z] Error reading register 6507 for IP 10.30.4.128: no connection to modbus server
[2024-11-26T06:54:57.803Z] Error reading or processing Modbus registers: no connection to modbus server
[2024-11-26T06:54:57.925Z] Error reading or processing Modbus registers: no connection to modbus server
[2024-11-26T06:54:57.925Z] Error reading register 6507 for IP 10.30.4.128: no connection to modbus server
[2024-11-26T06:54:58.293Z] Error reading or processing Modbus registers: no connection to modbus server
[2024-11-26T06:54:58.293Z] Error reading register 6507 for IP 10.30.4.128: no connection to modbus server
[2024-11-26T06:54:58.293Z] Error reading or processing Modbus registers: no connection to modbus server
[2024-11-26T06:54:58.293Z] Error reading register 6507 for IP 10.30.4.128: no connection to modbus server
[2024-11-26T06:54:58.585Z] Error writing to Modbus register: no connection to modbus server
[2024-11-26T06:54:58.676Z] Error writing to Modbus register: no connection to modbus server
[2024-11-26T06:54:58.815Z] Error reading or processing Modbus registers: no connection to modbus server
[2024-11-26T06:54:58.815Z] Error reading register 6507 for IP 10.30.4.128: no connection to modbus server
[2024-11-26T06:54:58.815Z] Error writing to Modbus register: no connection to modbus server
[2024-11-26T06:54:58.935Z] Error reading or processing Modbus registers: no connection to modbus server
[2024-11-26T06:54:58.935Z] Error reading register 6507 for IP 10.30.4.128: no connection to modbus server
[2024-11-26T06:54:59.301Z] Error reading register 6507 for IP 10.30.4.128: no connection to modbus server
[2024-11-26T06:54:59.301Z] Error reading or processing Modbus registers: no connection to modbus server
[2024-11-26T06:54:59.301Z] Error reading register 6507 for IP 10.30.4.128: no connection to modbus server
[2024-11-26T06:54:59.301Z] Error reading or processing Modbus registers: no connection to modbus server
[2024-11-26T06:54:59.652Z] Error writing to Modbus register: no connection to modbus server
[2024-11-26T06:54:59.820Z] Error reading or processing Modbus registers: no connection to modbus server
[2024-11-26T06:54:59.820Z] Error reading register 6507 for IP 10.30.4.128: no connection to modbus server
[2024-11-26T06:54:59.943Z] Error reading or processing Modbus registers: no connection to modbus server
[2024-11-26T06:54:59.944Z] Error reading register 6507 for IP 10.30.4.128: no connection to modbus server
[2024-11-26T06:55:00.314Z] Error reading register 6507 for IP 10.30.4.128: no connection to modbus server
[2024-11-26T06:55:00.314Z] Error reading or processing Modbus registers: no connection to modbus server
[2024-11-26T06:55:00.314Z] Error reading or processing Modbus registers: no connection to modbus server
[2024-11-26T06:55:00.314Z] Error reading register 6507 for IP 10.30.4.128: no connection to modbus server
[2024-11-26T06:55:00.590Z] Error writing to Modbus register: no connection to modbus server
[2024-11-26T06:55:00.682Z] Error writing to Modbus register: no connection to modbus server
[2024-11-26T06:55:00.819Z] Error writing to Modbus register: no connection to modbus server
[2024-11-26T06:55:00.835Z] Error reading or processing Modbus registers: no connection to modbus server
[2024-11-26T06:55:00.835Z] Error reading register 6507 for IP 10.30.4.128: no connection to modbus server
[2024-11-26T06:55:00.956Z] Error reading or processing Modbus registers: no connection to modbus server
[2024-11-26T06:55:00.956Z] Error reading register 6507 for IP 10.30.4.128: no connection to modbus server
[2024-11-26T06:55:01.321Z] Error reading or processing Modbus registers: no connection to modbus server
[2024-11-26T06:55:01.321Z] Error reading or processing Modbus registers: no connection to modbus server
[2024-11-26T06:55:01.321Z] Error reading register 6507 for IP 10.30.4.128: no connection to modbus server
[2024-11-26T06:55:01.321Z] Error reading register 6507 for IP 10.30.4.128: no connection to modbus server
[2024-11-26T06:55:01.653Z] Error writing to Modbus register: no connection to modbus server
[2024-11-26T06:55:01.835Z] Error reading register 6507 for IP 10.30.4.128: no connection to modbus server
[2024-11-26T06:55:01.835Z] Error reading or processing Modbus registers: no connection to modbus server
[2024-11-26T06:55:01.957Z] Error reading or processing Modbus registers: no connection to modbus server
[2024-11-26T06:55:01.957Z] Error reading register 6507 for IP 10.30.4.128: no connection to modbus server
[2024-11-26T06:55:02.335Z] Error reading register 6507 for IP 10.30.4.128: no connection to modbus server
[2024-11-26T06:55:02.335Z] Error reading or processing Modbus registers: no connection to modbus server
[2024-11-26T06:55:02.335Z] Error reading or processing Modbus registers: no connection to modbus server
[2024-11-26T06:55:02.335Z] Error reading register 6507 for IP 10.30.4.128: no connection to modbus server
[2024-11-26T06:55:02.594Z] Error writing to Modbus register: no connection to modbus server
[2024-11-26T06:55:02.686Z] Error writing to Modbus register: no connection to modbus server
[2024-11-26T06:55:02.823Z] Error writing to Modbus register: no connection to modbus server
[2024-11-26T06:55:02.838Z] Error reading or processing Modbus registers: no connection to modbus server
[2024-11-26T06:55:02.838Z] Error reading register 6507 for IP 10.30.4.128: no connection to modbus server
[2024-11-26T06:55:02.959Z] Error reading or processing Modbus registers: no connection to modbus server
[2024-11-26T06:55:02.959Z] Error reading register 6507 for IP 10.30.4.128: no connection to modbus server
[2024-11-26T06:55:03.339Z] Error reading or processing Modbus registers: no connection to modbus server
[2024-11-26T06:55:03.339Z] Error reading register 6507 for IP 10.30.4.128: no connection to modbus server
[2024-11-26T06:55:03.339Z] Error reading or processing Modbus registers: no connection to modbus server
[2024-11-26T06:55:03.339Z] Error reading register 6507 for IP 10.30.4.128: no connection to modbus server
[2024-11-26T06:55:03.658Z] Error writing to Modbus register: no connection to modbus server
[2024-11-26T06:55:03.841Z] Error reading or processing Modbus registers: no connection to modbus server
[2024-11-26T06:55:03.841Z] Error reading register 6507 for IP 10.30.4.128: no connection to modbus server
[2024-11-26T06:55:03.962Z] Error reading register 6507 for IP 10.30.4.128: no connection to modbus server
[2024-11-26T06:55:03.962Z] Error reading or processing Modbus registers: no connection to modbus server
[2024-11-26T06:55:04.341Z] Error reading register 6507 for IP 10.30.4.128: no connection to modbus server
[2024-11-26T06:55:04.341Z] Error reading or processing Modbus registers: no connection to modbus server
[2024-11-26T06:55:04.341Z] Error reading register 6507 for IP 10.30.4.128: no connection to modbus server
[2024-11-26T06:55:04.341Z] Error reading or processing Modbus registers: no connection to modbus server
[2024-11-26T06:55:04.599Z] Error writing to Modbus register: no connection to modbus server
[2024-11-26T06:55:04.690Z] Error writing to Modbus register: no connection to modbus server
[2024-11-26T06:55:04.826Z] Error writing to Modbus register: no connection to modbus server
[2024-11-26T06:55:04.841Z] Error reading or processing Modbus registers: no connection to modbus server
[2024-11-26T06:55:04.841Z] Error reading register 6507 for IP 10.30.4.128: no connection to modbus server
[2024-11-26T06:55:04.962Z] Error reading or processing Modbus registers: no connection to modbus server
[2024-11-26T06:55:04.962Z] Error reading register 6507 for IP 10.30.4.128: no connection to modbus server
[2024-11-26T06:55:05.356Z] Error reading or processing Modbus registers: no connection to modbus server
[2024-11-26T06:55:05.356Z] Error reading register 6507 for IP 10.30.4.128: no connection to modbus server
[2024-11-26T06:55:05.356Z] Error reading or processing Modbus registers: no connection to modbus server
[2024-11-26T06:55:05.356Z] Error reading register 6507 for IP 10.30.4.128: no connection to modbus server
[2024-11-26T06:55:05.658Z] Error writing to Modbus register: no connection to modbus server
[2024-11-26T06:55:05.842Z] Error reading or processing Modbus registers: no connection to modbus server
[2024-11-26T06:55:05.842Z] Error reading register 6507 for IP 10.30.4.128: no connection to modbus server
[2024-11-26T06:55:05.961Z] Error reading or processing Modbus registers: no connection to modbus server
[2024-11-26T06:55:05.961Z] Error reading register 6507 for IP 10.30.4.128: no connection to modbus server
[2024-11-26T06:55:06.369Z] Error reading or processing Modbus registers: no connection to modbus server
[2024-11-26T06:55:06.369Z] Error reading register 6507 for IP 10.30.4.128: no connection to modbus server
[2024-11-26T06:55:06.369Z] Error reading register 6507 for IP 10.30.4.128: no connection to modbus server
[2024-11-26T06:55:06.369Z] Error reading or processing Modbus registers: no connection to modbus server
[2024-11-26T06:55:06.612Z] Error writing to Modbus register: no connection to modbus server
[2024-11-26T06:55:06.703Z] Error writing to Modbus register: no connection to modbus server
[2024-11-26T06:55:06.838Z] Error writing to Modbus register: no connection to modbus server
[2024-11-26T06:55:06.853Z] Error reading or processing Modbus registers: no connection to modbus server
[2024-11-26T06:55:06.854Z] Error reading register 6507 for IP 10.30.4.128: no connection to modbus server
[2024-11-26T06:55:06.974Z] Error reading or processing Modbus registers: no connection to modbus server
[2024-11-26T06:55:06.974Z] Error reading register 6507 for IP 10.30.4.128: no connection to modbus server
[2024-11-26T06:55:07.371Z] Error reading or processing Modbus registers: no connection to modbus server
[2024-11-26T06:55:07.371Z] Error reading register 6507 for IP 10.30.4.128: no connection to modbus server
[2024-11-26T06:55:07.371Z] Error reading or processing Modbus registers: no connection to modbus server
[2024-11-26T06:55:07.371Z] Error reading register 6507 for IP 10.30.4.128: no connection to modbus server
[2024-11-26T06:55:07.673Z] Error writing to Modbus register: no connection to modbus server
[2024-11-26T06:55:07.855Z] Error reading or processing Modbus registers: no connection to modbus server
[2024-11-26T06:55:07.855Z] Error reading register 6507 for IP 10.30.4.128: no connection to modbus server
[2024-11-26T06:55:07.978Z] Error reading or processing Modbus registers: no connection to modbus server
[2024-11-26T06:55:07.978Z] Error reading register 6507 for IP 10.30.4.128: no connection to modbus server
[2024-11-26T06:55:08.371Z] Error reading register 6507 for IP 10.30.4.128: no connection to modbus server
[2024-11-26T06:55:08.371Z] Error reading or processing Modbus registers: no connection to modbus server
[2024-11-26T06:55:08.371Z] Error reading or processing Modbus registers: no connection to modbus server
[2024-11-26T06:55:08.371Z] Error reading register 6507 for IP 10.30.4.128: no connection to modbus server
[2024-11-26T06:55:08.614Z] Error writing to Modbus register: no connection to modbus server
[2024-11-26T06:55:08.703Z] Error writing to Modbus register: no connection to modbus server
[2024-11-26T06:55:08.839Z] Error writing to Modbus register: no connection to modbus server
[2024-11-26T06:55:08.869Z] Error reading or processing Modbus registers: no connection to modbus server
[2024-11-26T06:55:08.869Z] Error reading register 6507 for IP 10.30.4.128: no connection to modbus server
[2024-11-26T06:55:08.989Z] Error reading or processing Modbus registers: no connection to modbus server
[2024-11-26T06:55:08.990Z] Error reading register 6507 for IP 10.30.4.128: no connection to modbus server
[2024-11-26T06:55:09.383Z] Error reading register 6507 for IP 10.30.4.128: no connection to modbus server
[2024-11-26T06:55:09.383Z] Error reading or processing Modbus registers: no connection to modbus server
[2024-11-26T06:55:09.383Z] Error reading or processing Modbus registers: no connection to modbus server
[2024-11-26T06:55:09.383Z] Error reading register 6507 for IP 10.30.4.128: no connection to modbus server
[2024-11-26T06:55:09.688Z] Error writing to Modbus register: no connection to modbus server
[2024-11-26T06:55:09.870Z] Error reading or processing Modbus registers: no connection to modbus server
[2024-11-26T06:55:09.870Z] Error reading register 6507 for IP 10.30.4.128: no connection to modbus server
[2024-11-26T06:55:09.990Z] Error reading or processing Modbus registers: no connection to modbus server
[2024-11-26T06:55:09.990Z] Error reading register 6507 for IP 10.30.4.128: no connection to modbus server
[2024-11-26T06:55:10.383Z] Error reading or processing Modbus registers: no connection to modbus server
[2024-11-26T06:55:10.383Z] Error reading register 6507 for IP 10.30.4.128: no connection to modbus server
[2024-11-26T06:55:10.383Z] Error reading register 6507 for IP 10.30.4.128: no connection to modbus server
[2024-11-26T06:55:10.383Z] Error reading or processing Modbus registers: no connection to modbus server
[2024-11-26T06:55:10.624Z] Error writing to Modbus register: no connection to modbus server
[2024-11-26T06:55:10.714Z] Error writing to Modbus register: no connection to modbus server
[2024-11-26T06:55:10.852Z] Error writing to Modbus register: no connection to modbus server
[2024-11-26T06:55:10.884Z] Error reading or processing Modbus registers: no connection to modbus server
[2024-11-26T06:55:10.884Z] Error reading register 6507 for IP 10.30.4.128: no connection to modbus server
[2024-11-26T06:55:10.991Z] Error reading or processing Modbus registers: no connection to modbus server
[2024-11-26T06:55:10.992Z] Error reading register 6507 for IP 10.30.4.128: no connection to modbus server
[2024-11-26T06:55:11.388Z] Error reading or processing Modbus registers: no connection to modbus server
[2024-11-26T06:55:11.388Z] Error reading register 6507 for IP 10.30.4.128: no connection to modbus server
[2024-11-26T06:55:11.388Z] Error reading register 6507 for IP 10.30.4.128: no connection to modbus server
[2024-11-26T06:55:11.388Z] Error reading or processing Modbus registers: no connection to modbus server
[2024-11-26T06:55:11.694Z] Error writing to Modbus register: no connection to modbus server
[2024-11-26T06:55:11.893Z] Error reading or processing Modbus registers: no connection to modbus server
[2024-11-26T06:55:11.893Z] Error reading register 6507 for IP 10.30.4.128: no connection to modbus server
[2024-11-26T06:55:12.000Z] Error reading or processing Modbus registers: no connection to modbus server
[2024-11-26T06:55:12.000Z] Error reading register 6507 for IP 10.30.4.128: no connection to modbus server
[2024-11-26T06:55:12.390Z] Error reading or processing Modbus registers: no connection to modbus server
[2024-11-26T06:55:12.390Z] Error reading register 6507 for IP 10.30.4.128: no connection to modbus server
[2024-11-26T06:55:12.391Z] Error reading or processing Modbus registers: no connection to modbus server
[2024-11-26T06:55:12.391Z] Error reading register 6507 for IP 10.30.4.128: no connection to modbus server
[2024-11-26T06:55:12.634Z] Error writing to Modbus register: no connection to modbus server
[2024-11-26T06:55:12.728Z] Error writing to Modbus register: no connection to modbus server
[2024-11-26T06:55:12.866Z] Error writing to Modbus register: no connection to modbus server
[2024-11-26T06:55:12.897Z] Error reading register 6507 for IP 10.30.4.128: no connection to modbus server
[2024-11-26T06:55:12.897Z] Error reading or processing Modbus registers: no connection to modbus server
[2024-11-26T06:55:13.005Z] Error reading or processing Modbus registers: no connection to modbus server
[2024-11-26T06:55:13.005Z] Error reading register 6507 for IP 10.30.4.128: no connection to modbus server
[2024-11-26T06:55:13.399Z] Error reading or processing Modbus registers: no connection to modbus server
[2024-11-26T06:55:13.400Z] Error reading register 6507 for IP 10.30.4.128: no connection to modbus server
[2024-11-26T06:55:13.400Z] Error reading or processing Modbus registers: no connection to modbus server
[2024-11-26T06:55:13.400Z] Error reading register 6507 for IP 10.30.4.128: no connection to modbus server
[2024-11-26T06:55:13.703Z] Error writing to Modbus register: no connection to modbus server
[2024-11-26T06:55:13.903Z] Error reading or processing Modbus registers: no connection to modbus server
[2024-11-26T06:55:13.903Z] Error reading register 6507 for IP 10.30.4.128: no connection to modbus server
[2024-11-26T06:55:14.009Z] Error reading or processing Modbus registers: no connection to modbus server
[2024-11-26T06:55:14.010Z] Error reading register 6507 for IP 10.30.4.128: no connection to modbus server
[2024-11-26T06:55:14.406Z] Error reading register 6507 for IP 10.30.4.128: no connection to modbus server
[2024-11-26T06:55:14.406Z] Error reading or processing Modbus registers: no connection to modbus server
[2024-11-26T06:55:14.406Z] Error reading or processing Modbus registers: no connection to modbus server
[2024-11-26T06:55:14.406Z] Error reading register 6507 for IP 10.30.4.128: no connection to modbus server
[2024-11-26T06:55:14.647Z] Error writing to Modbus register: no connection to modbus server
[2024-11-26T06:55:14.739Z] Error writing to Modbus register: no connection to modbus server
[2024-11-26T06:55:14.878Z] Error writing to Modbus register: no connection to modbus server
[2024-11-26T06:55:14.911Z] Error reading or processing Modbus registers: no connection to modbus server
[2024-11-26T06:55:14.911Z] Error reading register 6507 for IP 10.30.4.128: no connection to modbus server
[2024-11-26T06:55:15.018Z] Error reading or processing Modbus registers: no connection to modbus server
[2024-11-26T06:55:15.018Z] Error reading register 6507 for IP 10.30.4.128: no connection to modbus server
[2024-11-26T06:55:15.414Z] Error reading or processing Modbus registers: no connection to modbus server
[2024-11-26T06:55:15.414Z] Error reading register 6507 for IP 10.30.4.128: no connection to modbus server
[2024-11-26T06:55:15.414Z] Error reading or processing Modbus registers: no connection to modbus server
[2024-11-26T06:55:15.414Z] Error reading register 6507 for IP 10.30.4.128: no connection to modbus server
[2024-11-26T06:55:15.702Z] Error writing to Modbus register: no connection to modbus server
[2024-11-26T06:55:15.914Z] Error reading or processing Modbus registers: no connection to modbus server
[2024-11-26T06:55:15.914Z] Error reading register 6507 for IP 10.30.4.128: no connection to modbus server
[2024-11-26T06:55:16.021Z] Error reading or processing Modbus registers: no connection to modbus server
[2024-11-26T06:55:16.021Z] Error reading register 6507 for IP 10.30.4.128: no connection to modbus server
[2024-11-26T06:55:16.418Z] Error reading or processing Modbus registers: no connection to modbus server
[2024-11-26T06:55:16.418Z] Error reading register 6507 for IP 10.30.4.128: no connection to modbus server
[2024-11-26T06:55:16.418Z] Error reading or processing Modbus registers: no connection to modbus server
[2024-11-26T06:55:16.418Z] Error reading register 6507 for IP 10.30.4.128: no connection to modbus server
[2024-11-26T06:55:16.648Z] Error writing to Modbus register: no connection to modbus server
[2024-11-26T06:55:16.739Z] Error writing to Modbus register: no connection to modbus server
[2024-11-26T06:55:16.891Z] Error writing to Modbus register: no connection to modbus server
[2024-11-26T06:55:16.918Z] Error reading or processing Modbus registers: no connection to modbus server
[2024-11-26T06:55:16.918Z] Error reading register 6507 for IP 10.30.4.128: no connection to modbus server
[2024-11-26T06:55:17.026Z] Error reading register 6507 for IP 10.30.4.128: no connection to modbus server
[2024-11-26T06:55:17.026Z] Error reading or processing Modbus registers: no connection to modbus server
[2024-11-26T06:55:17.423Z] Error reading or processing Modbus registers: no connection to modbus server
[2024-11-26T06:55:17.423Z] Error reading register 6507 for IP 10.30.4.128: no connection to modbus server
[2024-11-26T06:55:17.423Z] Error reading or processing Modbus registers: no connection to modbus server
[2024-11-26T06:55:17.423Z] Error reading register 6507 for IP 10.30.4.128: no connection to modbus server
[2024-11-26T06:55:17.712Z] Error writing to Modbus register: no connection to modbus server
[2024-11-26T06:55:17.926Z] Error reading or processing Modbus registers: no connection to modbus server
[2024-11-26T06:55:17.927Z] Error reading register 6507 for IP 10.30.4.128: no connection to modbus server
[2024-11-26T06:55:18.033Z] Error reading or processing Modbus registers: no connection to modbus server
[2024-11-26T06:55:18.033Z] Error reading register 6507 for IP 10.30.4.128: no connection to modbus server
[2024-11-26T06:55:18.428Z] Error reading register 6507 for IP 10.30.4.128: no connection to modbus server
[2024-11-26T06:55:18.428Z] Error reading or processing Modbus registers: no connection to modbus server
[2024-11-26T06:55:18.428Z] Error reading register 6507 for IP 10.30.4.128: no connection to modbus server
[2024-11-26T06:55:18.428Z] Error reading or processing Modbus registers: no connection to modbus server
[2024-11-26T06:55:18.657Z] Error writing to Modbus register: no connection to modbus server
[2024-11-26T06:55:18.747Z] Error writing to Modbus register: no connection to modbus server
[2024-11-26T06:55:18.900Z] Error writing to Modbus register: no connection to modbus server
[2024-11-26T06:55:18.930Z] Error reading or processing Modbus registers: no connection to modbus server
[2024-11-26T06:55:18.930Z] Error reading register 6507 for IP 10.30.4.128: no connection to modbus server
[2024-11-26T06:55:19.036Z] Error reading or processing Modbus registers: no connection to modbus server
[2024-11-26T06:55:19.036Z] Error reading register 6507 for IP 10.30.4.128: no connection to modbus server
[2024-11-26T06:55:19.432Z] Error reading register 6507 for IP 10.30.4.128: no connection to modbus server
[2024-11-26T06:55:19.432Z] Error reading or processing Modbus registers: no connection to modbus server
[2024-11-26T06:55:19.432Z] Error reading register 6507 for IP 10.30.4.128: no connection to modbus server
[2024-11-26T06:55:19.432Z] Error reading or processing Modbus registers: no connection to modbus server
[2024-11-26T06:55:19.721Z] Error writing to Modbus register: no connection to modbus server
[2024-11-26T06:55:19.933Z] Error reading or processing Modbus registers: no connection to modbus server
[2024-11-26T06:55:19.933Z] Error reading register 6507 for IP 10.30.4.128: no connection to modbus server
[2024-11-26T06:55:20.040Z] Error reading register 6507 for IP 10.30.4.128: no connection to modbus server
[2024-11-26T06:55:20.040Z] Error reading or processing Modbus registers: no connection to modbus server
[2024-11-26T06:55:20.437Z] Error reading or processing Modbus registers: no connection to modbus server
[2024-11-26T06:55:20.437Z] Error reading register 6507 for IP 10.30.4.128: no connection to modbus server
[2024-11-26T06:55:20.438Z] Error reading or processing Modbus registers: no connection to modbus server
[2024-11-26T06:55:20.438Z] Error reading register 6507 for IP 10.30.4.128: no connection to modbus server
[2024-11-26T06:55:20.664Z] Error writing to Modbus register: no connection to modbus server
[2024-11-26T06:55:20.755Z] Error writing to Modbus register: no connection to modbus server
[2024-11-26T06:55:20.906Z] Error writing to Modbus register: no connection to modbus server
[2024-11-26T06:55:20.936Z] Error reading or processing Modbus registers: no connection to modbus server
[2024-11-26T06:55:20.936Z] Error reading register 6507 for IP 10.30.4.128: no connection to modbus server
[2024-11-26T06:55:21.042Z] Error reading or processing Modbus registers: no connection to modbus server
[2024-11-26T06:55:21.042Z] Error reading register 6507 for IP 10.30.4.128: no connection to modbus server
[2024-11-26T06:55:21.437Z] Error reading or processing Modbus registers: no connection to modbus server
[2024-11-26T06:55:21.437Z] Error reading register 6507 for IP 10.30.4.128: no connection to modbus server
[2024-11-26T06:55:21.437Z] Error reading register 6507 for IP 10.30.4.128: no connection to modbus server
[2024-11-26T06:55:21.437Z] Error reading or processing Modbus registers: no connection to modbus server
[2024-11-26T06:55:21.726Z] Error writing to Modbus register: no connection to modbus server
[2024-11-26T06:55:21.939Z] Error reading or processing Modbus registers: no connection to modbus server
[2024-11-26T06:55:21.939Z] Error reading register 6507 for IP 10.30.4.128: no connection to modbus server
[2024-11-26T06:55:22.045Z] Error reading or processing Modbus registers: no connection to modbus server
[2024-11-26T06:55:22.045Z] Error reading register 6507 for IP 10.30.4.128: no connection to modbus server
[2024-11-26T06:55:22.441Z] Error reading or processing Modbus registers: no connection to modbus server
[2024-11-26T06:55:22.441Z] Error reading register 6507 for IP 10.30.4.128: no connection to modbus server
[2024-11-26T06:55:22.441Z] Error reading or processing Modbus registers: no connection to modbus server
[2024-11-26T06:55:22.441Z] Error reading register 6507 for IP 10.30.4.128: no connection to modbus server
[2024-11-26T06:55:22.668Z] Error writing to Modbus register: no connection to modbus server
[2024-11-26T06:55:22.760Z] Error writing to Modbus register: no connection to modbus server
[2024-11-26T06:55:22.915Z] Error writing to Modbus register: no connection to modbus server
[2024-11-26T06:55:22.945Z] Error reading or processing Modbus registers: no connection to modbus server
[2024-11-26T06:55:22.945Z] Error reading register 6507 for IP 10.30.4.128: no connection to modbus server
[2024-11-26T06:55:23.053Z] Error reading or processing Modbus registers: no connection to modbus server
[2024-11-26T06:55:23.054Z] Error reading register 6507 for IP 10.30.4.128: no connection to modbus server
[2024-11-26T06:55:23.449Z] Error reading or processing Modbus registers: no connection to modbus server
[2024-11-26T06:55:23.449Z] Error reading register 6507 for IP 10.30.4.128: no connection to modbus server
[2024-11-26T06:55:23.449Z] Error reading or processing Modbus registers: no connection to modbus server
[2024-11-26T06:55:23.449Z] Error reading register 6507 for IP 10.30.4.128: no connection to modbus server
[2024-11-26T06:55:23.740Z] Error writing to Modbus register: no connection to modbus server
[2024-11-26T06:55:23.953Z] Error reading or processing Modbus registers: no connection to modbus server
[2024-11-26T06:55:23.954Z] Error reading register 6507 for IP 10.30.4.128: no connection to modbus server
[2024-11-26T06:55:24.059Z] Error reading or processing Modbus registers: no connection to modbus server
[2024-11-26T06:55:24.060Z] Error reading register 6507 for IP 10.30.4.128: no connection to modbus server
[2024-11-26T06:55:24.457Z] Error reading or processing Modbus registers: no connection to modbus server
[2024-11-26T06:55:24.457Z] Error reading register 6507 for IP 10.30.4.128: no connection to modbus server
[2024-11-26T06:55:24.457Z] Error reading or processing Modbus registers: no connection to modbus server
[2024-11-26T06:55:24.457Z] Error reading register 6507 for IP 10.30.4.128: no connection to modbus server
[2024-11-26T06:55:24.672Z] Error writing to Modbus register: no connection to modbus server
[2024-11-26T06:55:24.764Z] Error writing to Modbus register: no connection to modbus server
[2024-11-26T06:55:24.916Z] Error writing to Modbus register: no connection to modbus server
[2024-11-26T06:55:24.963Z] Error reading or processing Modbus registers: no connection to modbus server
[2024-11-26T06:55:24.963Z] Error reading register 6507 for IP 10.30.4.128: no connection to modbus server
[2024-11-26T06:55:25.070Z] Error reading or processing Modbus registers: no connection to modbus server
[2024-11-26T06:55:25.070Z] Error reading register 6507 for IP 10.30.4.128: no connection to modbus server
[2024-11-26T06:55:25.471Z] Error reading or processing Modbus registers: no connection to modbus server
[2024-11-26T06:55:25.471Z] Error reading register 6507 for IP 10.30.4.128: no connection to modbus server
[2024-11-26T06:55:25.471Z] Error reading or processing Modbus registers: no connection to modbus server
[2024-11-26T06:55:25.471Z] Error reading register 6507 for IP 10.30.4.128: no connection to modbus server
[2024-11-26T06:55:25.746Z] Error writing to Modbus register: no connection to modbus server
[2024-11-26T06:55:25.976Z] Error reading or processing Modbus registers: no connection to modbus server
[2024-11-26T06:55:25.976Z] Error reading register 6507 for IP 10.30.4.128: no connection to modbus server
[2024-11-26T06:55:26.083Z] Error reading or processing Modbus registers: no connection to modbus server
[2024-11-26T06:55:26.084Z] Error reading register 6507 for IP 10.30.4.128: no connection to modbus server
[2024-11-26T06:55:26.480Z] Error reading or processing Modbus registers: no connection to modbus server
[2024-11-26T06:55:26.480Z] Error reading register 6507 for IP 10.30.4.128: no connection to modbus server
[2024-11-26T06:55:26.480Z] Error reading or processing Modbus registers: no connection to modbus server
[2024-11-26T06:55:26.480Z] Error reading register 6507 for IP 10.30.4.128: no connection to modbus server
[2024-11-26T06:55:26.678Z] Error writing to Modbus register: no connection to modbus server
[2024-11-26T06:55:26.769Z] Error writing to Modbus register: no connection to modbus server
[2024-11-26T06:55:26.922Z] Error writing to Modbus register: no connection to modbus server
[2024-11-26T06:55:26.984Z] Error reading or processing Modbus registers: no connection to modbus server
[2024-11-26T06:55:26.984Z] Error reading register 6507 for IP 10.30.4.128: no connection to modbus server
[2024-11-26T06:55:27.090Z] Error reading or processing Modbus registers: no connection to modbus server
[2024-11-26T06:55:27.090Z] Error reading register 6507 for IP 10.30.4.128: no connection to modbus server
[2024-11-26T06:55:27.486Z] Error reading or processing Modbus registers: no connection to modbus server
[2024-11-26T06:55:27.486Z] Error reading register 6507 for IP 10.30.4.128: no connection to modbus server
[2024-11-26T06:55:27.486Z] Error reading or processing Modbus registers: no connection to modbus server
[2024-11-26T06:55:27.486Z] Error reading register 6507 for IP 10.30.4.128: no connection to modbus server
[2024-11-26T06:55:27.746Z] Error writing to Modbus register: no connection to modbus server
[2024-11-26T06:55:27.991Z] Error reading or processing Modbus registers: no connection to modbus server
[2024-11-26T06:55:27.991Z] Error reading register 6507 for IP 10.30.4.128: no connection to modbus server
[2024-11-26T06:55:28.099Z] Error reading register 6507 for IP 10.30.4.128: no connection to modbus server
[2024-11-26T06:55:28.099Z] Error reading or processing Modbus registers: no connection to modbus server
[2024-11-26T06:55:28.495Z] Error reading or processing Modbus registers: no connection to modbus server
[2024-11-26T06:55:28.495Z] Error reading register 6507 for IP 10.30.4.128: no connection to modbus server
[2024-11-26T06:55:28.495Z] Error reading or processing Modbus registers: no connection to modbus server
[2024-11-26T06:55:28.495Z] Error reading register 6507 for IP 10.30.4.128: no connection to modbus server
[2024-11-26T06:55:28.679Z] Error writing to Modbus register: no connection to modbus server
[2024-11-26T06:55:28.770Z] Error writing to Modbus register: no connection to modbus server
[2024-11-26T06:55:28.923Z] Error writing to Modbus register: no connection to modbus server
[2024-11-26T06:55:29.000Z] Error reading or processing Modbus registers: no connection to modbus server
[2024-11-26T06:55:29.000Z] Error reading register 6507 for IP 10.30.4.128: no connection to modbus server
[2024-11-26T06:55:29.106Z] Error reading or processing Modbus registers: no connection to modbus server
[2024-11-26T06:55:29.106Z] Error reading register 6507 for IP 10.30.4.128: no connection to modbus server
[2024-11-26T06:55:29.506Z] Error reading register 6507 for IP 10.30.4.128: no connection to modbus server
[2024-11-26T06:55:29.506Z] Error reading or processing Modbus registers: no connection to modbus server
[2024-11-26T06:55:29.506Z] Error reading register 6507 for IP 10.30.4.128: no connection to modbus server
[2024-11-26T06:55:29.506Z] Error reading or processing Modbus registers: no connection to modbus server
[2024-11-26T06:55:29.752Z] Error writing to Modbus register: no connection to modbus server
[2024-11-26T06:55:30.014Z] Error reading or processing Modbus registers: no connection to modbus server
[2024-11-26T06:55:30.014Z] Error reading register 6507 for IP 10.30.4.128: no connection to modbus server
[2024-11-26T06:55:30.106Z] Error reading or processing Modbus registers: no connection to modbus server
[2024-11-26T06:55:30.106Z] Error reading register 6507 for IP 10.30.4.128: no connection to modbus server
[2024-11-26T06:55:30.520Z] Error reading or processing Modbus registers: no connection to modbus server
[2024-11-26T06:55:30.520Z] Error reading register 6507 for IP 10.30.4.128: no connection to modbus server
[2024-11-26T06:55:30.520Z] Error reading register 6507 for IP 10.30.4.128: no connection to modbus server
[2024-11-26T06:55:30.520Z] Error reading or processing Modbus registers: no connection to modbus server
[2024-11-26T06:55:30.684Z] Error writing to Modbus register: no connection to modbus server
[2024-11-26T06:55:30.775Z] Error writing to Modbus register: no connection to modbus server
[2024-11-26T06:55:30.927Z] Error writing to Modbus register: no connection to modbus server
[2024-11-26T06:55:31.021Z] Error reading or processing Modbus registers: no connection to modbus server
[2024-11-26T06:55:31.021Z] Error reading register 6507 for IP 10.30.4.128: no connection to modbus server
[2024-11-26T06:55:31.112Z] Error reading or processing Modbus registers: no connection to modbus server
[2024-11-26T06:55:31.112Z] Error reading register 6507 for IP 10.30.4.128: no connection to modbus server
[2024-11-26T06:55:31.527Z] Error reading or processing Modbus registers: no connection to modbus server
[2024-11-26T06:55:31.527Z] Error reading register 6507 for IP 10.30.4.128: no connection to modbus server
[2024-11-26T06:55:31.527Z] Error reading or processing Modbus registers: no connection to modbus server
[2024-11-26T06:55:31.527Z] Error reading register 6507 for IP 10.30.4.128: no connection to modbus server
[2024-11-26T06:55:31.758Z] Error writing to Modbus register: no connection to modbus server
[2024-11-26T06:55:32.035Z] Error reading or processing Modbus registers: no connection to modbus server
[2024-11-26T06:55:32.035Z] Error reading register 6507 for IP 10.30.4.128: no connection to modbus server
[2024-11-26T06:55:32.113Z] Error reading or processing Modbus registers: no connection to modbus server
[2024-11-26T06:55:32.113Z] Error reading register 6507 for IP 10.30.4.128: no connection to modbus server
[2024-11-26T06:55:32.539Z] Error reading or processing Modbus registers: no connection to modbus server
[2024-11-26T06:55:32.539Z] Error reading register 6507 for IP 10.30.4.128: no connection to modbus server
[2024-11-26T06:55:32.539Z] Error reading or processing Modbus registers: no connection to modbus server
[2024-11-26T06:55:32.539Z] Error reading register 6507 for IP 10.30.4.128: no connection to modbus server
[2024-11-26T06:55:32.683Z] Error writing to Modbus register: no connection to modbus server
[2024-11-26T06:55:32.783Z] Error writing to Modbus register: no connection to modbus server
[2024-11-26T06:55:32.937Z] Error writing to Modbus register: no connection to modbus server
[2024-11-26T06:55:33.044Z] Error reading or processing Modbus registers: no connection to modbus server
[2024-11-26T06:55:33.044Z] Error reading register 6507 for IP 10.30.4.128: no connection to modbus server
[2024-11-26T06:55:33.120Z] Error reading or processing Modbus registers: no connection to modbus server
[2024-11-26T06:55:33.120Z] Error reading register 6507 for IP 10.30.4.128: no connection to modbus server
[2024-11-26T06:55:33.552Z] Error reading or processing Modbus registers: no connection to modbus server
[2024-11-26T06:55:33.552Z] Error reading register 6507 for IP 10.30.4.128: no connection to modbus server
[2024-11-26T06:55:33.553Z] Error reading or processing Modbus registers: no connection to modbus server
[2024-11-26T06:55:33.553Z] Error reading register 6507 for IP 10.30.4.128: no connection to modbus server
[2024-11-26T06:55:33.767Z] Error writing to Modbus register: no connection to modbus server
[2024-11-26T06:55:34.057Z] Error reading or processing Modbus registers: no connection to modbus server
[2024-11-26T06:55:34.057Z] Error reading register 6507 for IP 10.30.4.128: no connection to modbus server
[2024-11-26T06:55:34.134Z] Error reading or processing Modbus registers: no connection to modbus server
[2024-11-26T06:55:34.135Z] Error reading register 6507 for IP 10.30.4.128: no connection to modbus server
[2024-11-26T06:55:34.563Z] Error reading or processing Modbus registers: no connection to modbus server
[2024-11-26T06:55:34.563Z] Error reading or processing Modbus registers: no connection to modbus server
[2024-11-26T06:55:34.563Z] Error reading register 6507 for IP 10.30.4.128: no connection to modbus server
[2024-11-26T06:55:34.563Z] Error reading register 6507 for IP 10.30.4.128: no connection to modbus server
[2024-11-26T06:55:34.684Z] Error writing to Modbus register: no connection to modbus server
[2024-11-26T06:55:34.790Z] Error writing to Modbus register: no connection to modbus server
[2024-11-26T06:55:34.942Z] Error writing to Modbus register: no connection to modbus server
[2024-11-26T06:55:35.066Z] Error reading or processing Modbus registers: no connection to modbus server
[2024-11-26T06:55:35.066Z] Error reading register 6507 for IP 10.30.4.128: no connection to modbus server
[2024-11-26T06:55:35.142Z] Error reading register 6507 for IP 10.30.4.128: no connection to modbus server
[2024-11-26T06:55:35.142Z] Error reading or processing Modbus registers: no connection to modbus server
[2024-11-26T06:55:35.567Z] Error reading or processing Modbus registers: no connection to modbus server
[2024-11-26T06:55:35.567Z] Error reading register 6507 for IP 10.30.4.128: no connection to modbus server
[2024-11-26T06:55:35.567Z] Error reading or processing Modbus registers: no connection to modbus server
[2024-11-26T06:55:35.567Z] Error reading register 6507 for IP 10.30.4.128: no connection to modbus server
[2024-11-26T06:55:35.780Z] Error writing to Modbus register: no connection to modbus server
[2024-11-26T06:55:36.068Z] Error reading or processing Modbus registers: no connection to modbus server
[2024-11-26T06:55:36.068Z] Error reading register 6507 for IP 10.30.4.128: no connection to modbus server
[2024-11-26T06:55:36.146Z] Error reading or processing Modbus registers: no connection to modbus server
[2024-11-26T06:55:36.146Z] Error reading register 6507 for IP 10.30.4.128: no connection to modbus server
[2024-11-26T06:55:36.573Z] Error reading register 6507 for IP 10.30.4.128: no connection to modbus server
[2024-11-26T06:55:36.573Z] Error reading or processing Modbus registers: no connection to modbus server
[2024-11-26T06:55:36.573Z] Error reading register 6507 for IP 10.30.4.128: no connection to modbus server
[2024-11-26T06:55:36.573Z] Error reading or processing Modbus registers: no connection to modbus server
[2024-11-26T06:55:36.683Z] Error writing to Modbus register: no connection to modbus server
[2024-11-26T06:55:36.803Z] Error writing to Modbus register: no connection to modbus server
[2024-11-26T06:55:36.942Z] Error writing to Modbus register: no connection to modbus server
[2024-11-26T06:55:37.080Z] Error reading register 6507 for IP 10.30.4.128: no connection to modbus server
[2024-11-26T06:55:37.080Z] Error reading or processing Modbus registers: no connection to modbus server
[2024-11-26T06:55:37.158Z] Error reading or processing Modbus registers: no connection to modbus server
[2024-11-26T06:55:37.158Z] Error reading register 6507 for IP 10.30.4.128: no connection to modbus server
[2024-11-26T06:55:37.585Z] Error reading or processing Modbus registers: no connection to modbus server
[2024-11-26T06:55:37.586Z] Error reading register 6507 for IP 10.30.4.128: no connection to modbus server
[2024-11-26T06:55:37.586Z] Error reading or processing Modbus registers: no connection to modbus server
[2024-11-26T06:55:37.586Z] Error reading register 6507 for IP 10.30.4.128: no connection to modbus server
[2024-11-26T06:55:37.784Z] Error writing to Modbus register: no connection to modbus server
[2024-11-26T06:55:38.089Z] Error reading or processing Modbus registers: no connection to modbus server
[2024-11-26T06:55:38.089Z] Error reading register 6507 for IP 10.30.4.128: no connection to modbus server
[2024-11-26T06:55:38.166Z] Error reading or processing Modbus registers: no connection to modbus server
[2024-11-26T06:55:38.166Z] Error reading register 6507 for IP 10.30.4.128: no connection to modbus server
[2024-11-26T06:55:38.598Z] Error reading register 6507 for IP 10.30.4.128: no connection to modbus server
[2024-11-26T06:55:38.598Z] Error reading or processing Modbus registers: no connection to modbus server
[2024-11-26T06:55:38.598Z] Error reading or processing Modbus registers: no connection to modbus server
[2024-11-26T06:55:38.599Z] Error reading register 6507 for IP 10.30.4.128: no connection to modbus server
[2024-11-26T06:55:38.684Z] Error writing to Modbus register: no connection to modbus server
[2024-11-26T06:55:38.814Z] Error writing to Modbus register: no connection to modbus server
[2024-11-26T06:55:38.954Z] Error writing to Modbus register: no connection to modbus server
[2024-11-26T06:55:39.092Z] Error reading or processing Modbus registers: no connection to modbus server
[2024-11-26T06:55:39.092Z] Error reading register 6507 for IP 10.30.4.128: no connection to modbus server
[2024-11-26T06:55:39.168Z] Error reading or processing Modbus registers: no connection to modbus server
[2024-11-26T06:55:39.168Z] Error reading register 6507 for IP 10.30.4.128: no connection to modbus server
[2024-11-26T06:55:39.612Z] Error reading or processing Modbus registers: no connection to modbus server
[2024-11-26T06:55:39.612Z] Error reading register 6507 for IP 10.30.4.128: no connection to modbus server
[2024-11-26T06:55:39.612Z] Error reading register 6507 for IP 10.30.4.128: no connection to modbus server
[2024-11-26T06:55:39.612Z] Error reading or processing Modbus registers: no connection to modbus server
[2024-11-26T06:55:39.783Z] Error writing to Modbus register: no connection to modbus server
[2024-11-26T06:55:40.097Z] Error reading register 6507 for IP 10.30.4.128: no connection to modbus server
[2024-11-26T06:55:40.097Z] Error reading or processing Modbus registers: no connection to modbus server
[2024-11-26T06:55:40.174Z] Error reading or processing Modbus registers: no connection to modbus server
[2024-11-26T06:55:40.174Z] Error reading register 6507 for IP 10.30.4.128: no connection to modbus server
[2024-11-26T06:55:40.618Z] Error reading or processing Modbus registers: no connection to modbus server
[2024-11-26T06:55:40.618Z] Error reading register 6507 for IP 10.30.4.128: no connection to modbus server
[2024-11-26T06:55:40.618Z] Error reading or processing Modbus registers: no connection to modbus server
[2024-11-26T06:55:40.618Z] Error reading register 6507 for IP 10.30.4.128: no connection to modbus server
[2024-11-26T06:55:40.684Z] Error writing to Modbus register: no connection to modbus server
[2024-11-26T06:55:40.818Z] Error writing to Modbus register: no connection to modbus server
[2024-11-26T06:55:40.956Z] Error writing to Modbus register: no connection to modbus server
[2024-11-26T06:55:41.109Z] Error reading or processing Modbus registers: no connection to modbus server
[2024-11-26T06:55:41.109Z] Error reading register 6507 for IP 10.30.4.128: no connection to modbus server
[2024-11-26T06:55:41.185Z] Error reading register 6507 for IP 10.30.4.128: no connection to modbus server
[2024-11-26T06:55:41.185Z] Error reading or processing Modbus registers: no connection to modbus server
[2024-11-26T06:55:41.632Z] Error reading or processing Modbus registers: no connection to modbus server
[2024-11-26T06:55:41.632Z] Error reading register 6507 for IP 10.30.4.128: no connection to modbus server
[2024-11-26T06:55:41.632Z] Error reading or processing Modbus registers: no connection to modbus server
[2024-11-26T06:55:41.632Z] Error reading register 6507 for IP 10.30.4.128: no connection to modbus server
[2024-11-26T06:55:41.786Z] Error writing to Modbus register: no connection to modbus server
[2024-11-26T06:55:42.122Z] Error reading or processing Modbus registers: no connection to modbus server
[2024-11-26T06:55:42.122Z] Error reading register 6507 for IP 10.30.4.128: no connection to modbus server
[2024-11-26T06:55:42.200Z] Error reading or processing Modbus registers: no connection to modbus server
[2024-11-26T06:55:42.200Z] Error reading register 6507 for IP 10.30.4.128: no connection to modbus server
[2024-11-26T06:55:42.642Z] Error reading or processing Modbus registers: no connection to modbus server
[2024-11-26T06:55:42.642Z] Error reading or processing Modbus registers: no connection to modbus server
[2024-11-26T06:55:42.642Z] Error reading register 6507 for IP 10.30.4.128: no connection to modbus server
[2024-11-26T06:55:42.642Z] Error reading register 6507 for IP 10.30.4.128: no connection to modbus server
[2024-11-26T06:55:42.683Z] Error writing to Modbus register: no connection to modbus server
[2024-11-26T06:55:42.827Z] Error writing to Modbus register: no connection to modbus server
[2024-11-26T06:55:42.966Z] Error writing to Modbus register: no connection to modbus server
[2024-11-26T06:55:43.133Z] Error reading or processing Modbus registers: no connection to modbus server
[2024-11-26T06:55:43.134Z] Error reading register 6507 for IP 10.30.4.128: no connection to modbus server
[2024-11-26T06:55:43.211Z] Error reading or processing Modbus registers: no connection to modbus server
[2024-11-26T06:55:43.211Z] Error reading register 6507 for IP 10.30.4.128: no connection to modbus server
[2024-11-26T06:55:43.653Z] Error reading register 6507 for IP 10.30.4.128: no connection to modbus server
[2024-11-26T06:55:43.653Z] Error reading or processing Modbus registers: no connection to modbus server
[2024-11-26T06:55:43.653Z] Error reading or processing Modbus registers: no connection to modbus server
[2024-11-26T06:55:43.653Z] Error reading register 6507 for IP 10.30.4.128: no connection to modbus server
[2024-11-26T06:55:43.789Z] Error writing to Modbus register: no connection to modbus server
[2024-11-26T06:55:44.143Z] Error reading or processing Modbus registers: no connection to modbus server
[2024-11-26T06:55:44.143Z] Error reading register 6507 for IP 10.30.4.128: no connection to modbus server
[2024-11-26T06:55:44.219Z] Error reading or processing Modbus registers: no connection to modbus server
[2024-11-26T06:55:44.219Z] Error reading register 6507 for IP 10.30.4.128: no connection to modbus server
[2024-11-26T06:55:44.664Z] Error reading or processing Modbus registers: no connection to modbus server
[2024-11-26T06:55:44.665Z] Error reading register 6507 for IP 10.30.4.128: no connection to modbus server
[2024-11-26T06:55:44.665Z] Error reading or processing Modbus registers: no connection to modbus server
[2024-11-26T06:55:44.665Z] Error reading register 6507 for IP 10.30.4.128: no connection to modbus server
[2024-11-26T06:55:44.685Z] Error writing to Modbus register: no connection to modbus server
[2024-11-26T06:55:44.834Z] Error writing to Modbus register: no connection to modbus server
[2024-11-26T06:55:44.970Z] Error writing to Modbus register: no connection to modbus server
[2024-11-26T06:55:45.153Z] Error reading or processing Modbus registers: no connection to modbus server
[2024-11-26T06:55:45.153Z] Error reading register 6507 for IP 10.30.4.128: no connection to modbus server
[2024-11-26T06:55:45.230Z] Error reading or processing Modbus registers: no connection to modbus server
[2024-11-26T06:55:45.230Z] Error reading register 6507 for IP 10.30.4.128: no connection to modbus server
[2024-11-26T06:55:45.675Z] Error reading or processing Modbus registers: no connection to modbus server
[2024-11-26T06:55:45.675Z] Error reading register 6507 for IP 10.30.4.128: no connection to modbus server
[2024-11-26T06:55:45.675Z] Error reading register 6507 for IP 10.30.4.128: no connection to modbus server
[2024-11-26T06:55:45.675Z] Error reading or processing Modbus registers: no connection to modbus server
[2024-11-26T06:55:45.789Z] Error writing to Modbus register: no connection to modbus server
[2024-11-26T06:55:46.167Z] Error reading register 6507 for IP 10.30.4.128: no connection to modbus server
[2024-11-26T06:55:46.166Z] Error reading or processing Modbus registers: no connection to modbus server
[2024-11-26T06:55:46.244Z] Error reading or processing Modbus registers: no connection to modbus server
[2024-11-26T06:55:46.244Z] Error reading register 6507 for IP 10.30.4.128: no connection to modbus server
[2024-11-26T06:55:46.688Z] Error reading or processing Modbus registers: no connection to modbus server
[2024-11-26T06:55:46.688Z] Error reading register 6507 for IP 10.30.4.128: no connection to modbus server
[2024-11-26T06:55:46.688Z] Error writing to Modbus register: no connection to modbus server
[2024-11-26T06:55:46.688Z] Error reading register 6507 for IP 10.30.4.128: no connection to modbus server
[2024-11-26T06:55:46.688Z] Error reading or processing Modbus registers: no connection to modbus server
[2024-11-26T06:55:46.833Z] Error writing to Modbus register: no connection to modbus server
[2024-11-26T06:55:46.978Z] Error writing to Modbus register: no connection to modbus server
[2024-11-26T06:55:47.180Z] Error reading or processing Modbus registers: no connection to modbus server
[2024-11-26T06:55:47.180Z] Error reading register 6507 for IP 10.30.4.128: no connection to modbus server
[2024-11-26T06:55:47.257Z] Error reading or processing Modbus registers: no connection to modbus server
[2024-11-26T06:55:47.257Z] Error reading register 6507 for IP 10.30.4.128: no connection to modbus server
[2024-11-26T06:55:47.700Z] Error reading or processing Modbus registers: no connection to modbus server
[2024-11-26T06:55:47.700Z] Error reading register 6507 for IP 10.30.4.128: no connection to modbus server
[2024-11-26T06:55:47.701Z] Error reading or processing Modbus registers: no connection to modbus server
[2024-11-26T06:55:47.701Z] Error reading register 6507 for IP 10.30.4.128: no connection to modbus server
[2024-11-26T06:55:47.789Z] Error writing to Modbus register: no connection to modbus server
[2024-11-26T06:55:48.190Z] Error reading or processing Modbus registers: no connection to modbus server
[2024-11-26T06:55:48.190Z] Error reading register 6507 for IP 10.30.4.128: no connection to modbus server
[2024-11-26T06:55:48.266Z] Error reading or processing Modbus registers: no connection to modbus server
[2024-11-26T06:55:48.266Z] Error reading register 6507 for IP 10.30.4.128: no connection to modbus server
[2024-11-26T06:55:48.691Z] Error writing to Modbus register: no connection to modbus server
[2024-11-26T06:55:48.706Z] Error reading or processing Modbus registers: no connection to modbus server
[2024-11-26T06:55:48.706Z] Error reading register 6507 for IP 10.30.4.128: no connection to modbus server
[2024-11-26T06:55:48.707Z] Error reading or processing Modbus registers: no connection to modbus server
[2024-11-26T06:55:48.707Z] Error reading register 6507 for IP 10.30.4.128: no connection to modbus server
[2024-11-26T06:55:48.833Z] Error writing to Modbus register: no connection to modbus server
[2024-11-26T06:55:48.981Z] Error writing to Modbus register: no connection to modbus server
[2024-11-26T06:55:49.194Z] Error reading or processing Modbus registers: no connection to modbus server
[2024-11-26T06:55:49.194Z] Error reading register 6507 for IP 10.30.4.128: no connection to modbus server
[2024-11-26T06:55:49.270Z] Error reading or processing Modbus registers: no connection to modbus server
[2024-11-26T06:55:49.270Z] Error reading register 6507 for IP 10.30.4.128: no connection to modbus server
[2024-11-26T06:55:49.715Z] Error reading or processing Modbus registers: no connection to modbus server
[2024-11-26T06:55:49.715Z] Error reading register 6507 for IP 10.30.4.128: no connection to modbus server
[2024-11-26T06:55:49.715Z] Error reading or processing Modbus registers: no connection to modbus server
[2024-11-26T06:55:49.715Z] Error reading register 6507 for IP 10.30.4.128: no connection to modbus server
[2024-11-26T06:55:49.790Z] Error writing to Modbus register: no connection to modbus server
[2024-11-26T06:55:50.206Z] Error reading or processing Modbus registers: no connection to modbus server
[2024-11-26T06:55:50.206Z] Error reading register 6507 for IP 10.30.4.128: no connection to modbus server
[2024-11-26T06:55:50.281Z] Error reading or processing Modbus registers: no connection to modbus server
[2024-11-26T06:55:50.281Z] Error reading register 6507 for IP 10.30.4.128: no connection to modbus server
[2024-11-26T06:55:50.707Z] Error writing to Modbus register: no connection to modbus server
[2024-11-26T06:55:50.723Z] Error reading or processing Modbus registers: no connection to modbus server
[2024-11-26T06:55:50.723Z] Error reading register 6507 for IP 10.30.4.128: no connection to modbus server
[2024-11-26T06:55:50.723Z] Error reading or processing Modbus registers: no connection to modbus server
[2024-11-26T06:55:50.723Z] Error reading register 6507 for IP 10.30.4.128: no connection to modbus server
[2024-11-26T06:55:50.834Z] Error writing to Modbus register: no connection to modbus server
[2024-11-26T06:55:50.995Z] Error writing to Modbus register: no connection to modbus server
[2024-11-26T06:55:51.208Z] Error reading or processing Modbus registers: no connection to modbus server
[2024-11-26T06:55:51.208Z] Error reading register 6507 for IP 10.30.4.128: no connection to modbus server
[2024-11-26T06:55:51.283Z] Error reading or processing Modbus registers: no connection to modbus server
[2024-11-26T06:55:51.284Z] Error reading register 6507 for IP 10.30.4.128: no connection to modbus server
[2024-11-26T06:55:51.724Z] Error reading or processing Modbus registers: no connection to modbus server
[2024-11-26T06:55:51.724Z] Error reading register 6507 for IP 10.30.4.128: no connection to modbus server
[2024-11-26T06:55:51.724Z] Error reading or processing Modbus registers: no connection to modbus server
[2024-11-26T06:55:51.724Z] Error reading register 6507 for IP 10.30.4.128: no connection to modbus server
[2024-11-26T06:55:51.789Z] Error writing to Modbus register: no connection to modbus server
[2024-11-26T06:55:52.209Z] Error reading or processing Modbus registers: no connection to modbus server
[2024-11-26T06:55:52.209Z] Error reading register 6507 for IP 10.30.4.128: no connection to modbus server
[2024-11-26T06:55:52.284Z] Error reading or processing Modbus registers: no connection to modbus server
[2024-11-26T06:55:52.284Z] Error reading register 6507 for IP 10.30.4.128: no connection to modbus server
[2024-11-26T06:55:52.710Z] Error writing to Modbus register: no connection to modbus server
[2024-11-26T06:55:52.725Z] Error reading register 6507 for IP 10.30.4.128: no connection to modbus server
[2024-11-26T06:55:52.725Z] Error reading register 6507 for IP 10.30.4.128: no connection to modbus server
[2024-11-26T06:55:52.725Z] Error reading or processing Modbus registers: no connection to modbus server
[2024-11-26T06:55:52.725Z] Error reading or processing Modbus registers: no connection to modbus server
[2024-11-26T06:55:52.834Z] Error writing to Modbus register: no connection to modbus server
[2024-11-26T06:55:52.998Z] Error writing to Modbus register: no connection to modbus server
[2024-11-26T06:55:53.210Z] Error reading or processing Modbus registers: no connection to modbus server
[2024-11-26T06:55:53.210Z] Error reading register 6507 for IP 10.30.4.128: no connection to modbus server
[2024-11-26T06:55:53.285Z] Error reading or processing Modbus registers: no connection to modbus server
[2024-11-26T06:55:53.285Z] Error reading register 6507 for IP 10.30.4.128: no connection to modbus server
[2024-11-26T06:55:53.739Z] Error reading or processing Modbus registers: no connection to modbus server
[2024-11-26T06:55:53.739Z] Error reading or processing Modbus registers: no connection to modbus server
[2024-11-26T06:55:53.739Z] Error reading register 6507 for IP 10.30.4.128: no connection to modbus server
[2024-11-26T06:55:53.739Z] Error reading register 6507 for IP 10.30.4.128: no connection to modbus server
[2024-11-26T06:55:53.791Z] Error writing to Modbus register: no connection to modbus server
[2024-11-26T06:55:54.224Z] Error reading or processing Modbus registers: no connection to modbus server
[2024-11-26T06:55:54.224Z] Error reading register 6507 for IP 10.30.4.128: no connection to modbus server
[2024-11-26T06:55:54.300Z] Error reading or processing Modbus registers: no connection to modbus server
[2024-11-26T06:55:54.300Z] Error reading register 6507 for IP 10.30.4.128: no connection to modbus server
[2024-11-26T06:55:54.724Z] Error writing to Modbus register: no connection to modbus server
[2024-11-26T06:55:54.754Z] Error reading or processing Modbus registers: no connection to modbus server
[2024-11-26T06:55:54.754Z] Error reading register 6507 for IP 10.30.4.128: no connection to modbus server
[2024-11-26T06:55:54.754Z] Error reading or processing Modbus registers: no connection to modbus server
[2024-11-26T06:55:54.754Z] Error reading register 6507 for IP 10.30.4.128: no connection to modbus server
[2024-11-26T06:55:54.834Z] Error writing to Modbus register: no connection to modbus server
[2024-11-26T06:55:55.011Z] Error writing to Modbus register: no connection to modbus server
[2024-11-26T06:55:55.236Z] Error reading or processing Modbus registers: no connection to modbus server
[2024-11-26T06:55:55.236Z] Error reading register 6507 for IP 10.30.4.128: no connection to modbus server
[2024-11-26T06:55:55.311Z] Error reading or processing Modbus registers: no connection to modbus server
[2024-11-26T06:55:55.311Z] Error reading register 6507 for IP 10.30.4.128: no connection to modbus server
[2024-11-26T06:55:55.765Z] Error reading or processing Modbus registers: no connection to modbus server
[2024-11-26T06:55:55.765Z] Error reading register 6507 for IP 10.30.4.128: no connection to modbus server
[2024-11-26T06:55:55.765Z] Error reading register 6507 for IP 10.30.4.128: no connection to modbus server
[2024-11-26T06:55:55.765Z] Error reading or processing Modbus registers: no connection to modbus server
[2024-11-26T06:55:55.792Z] Error writing to Modbus register: no connection to modbus server
[2024-11-26T06:55:56.247Z] Error reading or processing Modbus registers: no connection to modbus server
[2024-11-26T06:55:56.248Z] Error reading register 6507 for IP 10.30.4.128: no connection to modbus server
[2024-11-26T06:55:56.323Z] Error reading or processing Modbus registers: no connection to modbus server
[2024-11-26T06:55:56.323Z] Error reading register 6507 for IP 10.30.4.128: no connection to modbus server
[2024-11-26T06:55:56.733Z] Error writing to Modbus register: no connection to modbus server
[2024-11-26T06:55:56.778Z] Error reading or processing Modbus registers: no connection to modbus server
[2024-11-26T06:55:56.778Z] Error reading register 6507 for IP 10.30.4.128: no connection to modbus server
[2024-11-26T06:55:56.778Z] Error reading or processing Modbus registers: no connection to modbus server
[2024-11-26T06:55:56.778Z] Error reading register 6507 for IP 10.30.4.128: no connection to modbus server
[2024-11-26T06:55:56.833Z] Error writing to Modbus register: no connection to modbus server
[2024-11-26T06:55:57.020Z] Error writing to Modbus register: no connection to modbus server
[2024-11-26T06:55:57.247Z] Error reading or processing Modbus registers: no connection to modbus server
[2024-11-26T06:55:57.247Z] Error reading register 6507 for IP 10.30.4.128: no connection to modbus server
[2024-11-26T06:55:57.338Z] Error reading or processing Modbus registers: no connection to modbus server
[2024-11-26T06:55:57.338Z] Error reading register 6507 for IP 10.30.4.128: no connection to modbus server
[2024-11-26T06:55:57.793Z] Error reading or processing Modbus registers: no connection to modbus server
[2024-11-26T06:55:57.793Z] Error reading register 6507 for IP 10.30.4.128: no connection to modbus server
[2024-11-26T06:55:57.793Z] Error reading register 6507 for IP 10.30.4.128: no connection to modbus server
[2024-11-26T06:55:57.793Z] Error reading or processing Modbus registers: no connection to modbus server
[2024-11-26T06:55:57.793Z] Error writing to Modbus register: no connection to modbus server
[2024-11-26T06:55:58.250Z] Error reading or processing Modbus registers: no connection to modbus server
[2024-11-26T06:55:58.250Z] Error reading register 6507 for IP 10.30.4.128: no connection to modbus server
[2024-11-26T06:55:58.341Z] Error reading or processing Modbus registers: no connection to modbus server
[2024-11-26T06:55:58.341Z] Error reading register 6507 for IP 10.30.4.128: no connection to modbus server
[2024-11-26T06:55:58.736Z] Error writing to Modbus register: no connection to modbus server
[2024-11-26T06:55:58.795Z] Error reading register 6507 for IP 10.30.4.128: no connection to modbus server
[2024-11-26T06:55:58.796Z] Error reading register 6507 for IP 10.30.4.128: no connection to modbus server
[2024-11-26T06:55:58.795Z] Error reading or processing Modbus registers: no connection to modbus server
[2024-11-26T06:55:58.796Z] Error reading or processing Modbus registers: no connection to modbus server
[2024-11-26T06:55:58.833Z] Error writing to Modbus register: no connection to modbus server
[2024-11-26T06:55:59.022Z] Error writing to Modbus register: no connection to modbus server
[2024-11-26T06:55:59.263Z] Error reading or processing Modbus registers: no connection to modbus server
[2024-11-26T06:55:59.263Z] Error reading register 6507 for IP 10.30.4.128: no connection to modbus server
[2024-11-26T06:55:59.354Z] Error reading or processing Modbus registers: no connection to modbus server
[2024-11-26T06:55:59.354Z] Error reading register 6507 for IP 10.30.4.128: no connection to modbus server
[2024-11-26T06:55:59.809Z] Error writing to Modbus register: no connection to modbus server
[2024-11-26T06:55:59.809Z] Error reading or processing Modbus registers: no connection to modbus server
[2024-11-26T06:55:59.809Z] Error reading register 6507 for IP 10.30.4.128: no connection to modbus server
[2024-11-26T06:55:59.809Z] Error reading or processing Modbus registers: no connection to modbus server
[2024-11-26T06:55:59.809Z] Error reading register 6507 for IP 10.30.4.128: no connection to modbus server
[2024-11-26T06:56:00.276Z] Error reading or processing Modbus registers: no connection to modbus server
[2024-11-26T06:56:00.276Z] Error reading register 6507 for IP 10.30.4.128: no connection to modbus server
[2024-11-26T06:56:00.367Z] Error reading or processing Modbus registers: no connection to modbus server
[2024-11-26T06:56:00.367Z] Error reading register 6507 for IP 10.30.4.128: no connection to modbus server
[2024-11-26T06:56:00.746Z] Error writing to Modbus register: no connection to modbus server
[2024-11-26T06:56:00.823Z] Error reading or processing Modbus registers: no connection to modbus server
[2024-11-26T06:56:00.823Z] Error reading register 6507 for IP 10.30.4.128: no connection to modbus server
[2024-11-26T06:56:00.823Z] Error reading or processing Modbus registers: no connection to modbus server
[2024-11-26T06:56:00.823Z] Error reading register 6507 for IP 10.30.4.128: no connection to modbus server
[2024-11-26T06:56:00.836Z] Error writing to Modbus register: no connection to modbus server
[2024-11-26T06:56:01.033Z] Error writing to Modbus register: no connection to modbus server
[2024-11-26T06:56:01.290Z] Error reading or processing Modbus registers: no connection to modbus server
[2024-11-26T06:56:01.290Z] Error reading register 6507 for IP 10.30.4.128: no connection to modbus server
[2024-11-26T06:56:01.381Z] Error reading register 6507 for IP 10.30.4.128: no connection to modbus server
[2024-11-26T06:56:01.381Z] Error reading or processing Modbus registers: no connection to modbus server
[2024-11-26T06:56:01.820Z] Error writing to Modbus register: no connection to modbus server
[2024-11-26T06:56:01.835Z] Error reading register 6507 for IP 10.30.4.128: no connection to modbus server
[2024-11-26T06:56:01.834Z] Error reading or processing Modbus registers: no connection to modbus server
[2024-11-26T06:56:01.835Z] Error reading or processing Modbus registers: no connection to modbus server
[2024-11-26T06:56:01.835Z] Error reading register 6507 for IP 10.30.4.128: no connection to modbus server
[2024-11-26T06:56:02.304Z] Error reading or processing Modbus registers: no connection to modbus server
[2024-11-26T06:56:02.304Z] Error reading register 6507 for IP 10.30.4.128: no connection to modbus server
[2024-11-26T06:56:02.395Z] Error reading or processing Modbus registers: no connection to modbus server
[2024-11-26T06:56:02.395Z] Error reading register 6507 for IP 10.30.4.128: no connection to modbus server
[2024-11-26T06:56:02.759Z] Error writing to Modbus register: no connection to modbus server
[2024-11-26T06:56:02.835Z] Error reading or processing Modbus registers: no connection to modbus server
[2024-11-26T06:56:02.835Z] Error reading register 6507 for IP 10.30.4.128: no connection to modbus server
[2024-11-26T06:56:02.835Z] Error reading or processing Modbus registers: no connection to modbus server
[2024-11-26T06:56:02.835Z] Error reading register 6507 for IP 10.30.4.128: no connection to modbus server
[2024-11-26T06:56:02.836Z] Error writing to Modbus register: no connection to modbus server
[2024-11-26T06:56:03.046Z] Error writing to Modbus register: no connection to modbus server
[2024-11-26T06:56:03.318Z] Error reading or processing Modbus registers: no connection to modbus server
[2024-11-26T06:56:03.318Z] Error reading register 6507 for IP 10.30.4.128: no connection to modbus server
[2024-11-26T06:56:03.410Z] Error reading or processing Modbus registers: no connection to modbus server
[2024-11-26T06:56:03.410Z] Error reading register 6507 for IP 10.30.4.128: no connection to modbus server
[2024-11-26T06:56:03.822Z] Error writing to Modbus register: no connection to modbus server
[2024-11-26T06:56:03.837Z] Error reading or processing Modbus registers: no connection to modbus server
[2024-11-26T06:56:03.837Z] Error reading register 6507 for IP 10.30.4.128: no connection to modbus server
[2024-11-26T06:56:03.837Z] Error reading register 6507 for IP 10.30.4.128: no connection to modbus server
[2024-11-26T06:56:03.837Z] Error reading or processing Modbus registers: no connection to modbus server
[2024-11-26T06:56:04.322Z] Error reading or processing Modbus registers: no connection to modbus server
[2024-11-26T06:56:04.322Z] Error reading register 6507 for IP 10.30.4.128: no connection to modbus server
[2024-11-26T06:56:04.414Z] Error reading or processing Modbus registers: no connection to modbus server
[2024-11-26T06:56:04.414Z] Error reading register 6507 for IP 10.30.4.128: no connection to modbus server
[2024-11-26T06:56:04.764Z] Error writing to Modbus register: no connection to modbus server
[2024-11-26T06:56:04.840Z] Error writing to Modbus register: no connection to modbus server
[2024-11-26T06:56:04.840Z] Error reading or processing Modbus registers: no connection to modbus server
[2024-11-26T06:56:04.840Z] Error reading register 6507 for IP 10.30.4.128: no connection to modbus server
[2024-11-26T06:56:04.840Z] Error reading or processing Modbus registers: no connection to modbus server
[2024-11-26T06:56:04.840Z] Error reading register 6507 for IP 10.30.4.128: no connection to modbus server
[2024-11-26T06:56:05.054Z] Error writing to Modbus register: no connection to modbus server
[2024-11-26T06:56:05.328Z] Error reading or processing Modbus registers: no connection to modbus server
[2024-11-26T06:56:05.328Z] Error reading register 6507 for IP 10.30.4.128: no connection to modbus server
[2024-11-26T06:56:05.420Z] Error reading or processing Modbus registers: no connection to modbus server
[2024-11-26T06:56:05.420Z] Error reading register 6507 for IP 10.30.4.128: no connection to modbus server
[2024-11-26T06:56:05.828Z] Error writing to Modbus register: no connection to modbus server
[2024-11-26T06:56:05.843Z] Error reading register 6507 for IP 10.30.4.128: no connection to modbus server
[2024-11-26T06:56:05.843Z] Error reading or processing Modbus registers: no connection to modbus server
[2024-11-26T06:56:05.843Z] Error reading register 6507 for IP 10.30.4.128: no connection to modbus server
[2024-11-26T06:56:05.843Z] Error reading or processing Modbus registers: no connection to modbus server
[2024-11-26T06:56:06.330Z] Error reading or processing Modbus registers: no connection to modbus server
[2024-11-26T06:56:06.330Z] Error reading register 6507 for IP 10.30.4.128: no connection to modbus server
[2024-11-26T06:56:06.422Z] Error reading or processing Modbus registers: no connection to modbus server
[2024-11-26T06:56:06.423Z] Error reading register 6507 for IP 10.30.4.128: no connection to modbus server
[2024-11-26T06:56:06.771Z] Error writing to Modbus register: no connection to modbus server
[2024-11-26T06:56:06.846Z] Error writing to Modbus register: no connection to modbus server
[2024-11-26T06:56:06.846Z] Error reading or processing Modbus registers: no connection to modbus server
[2024-11-26T06:56:06.846Z] Error reading register 6507 for IP 10.30.4.128: no connection to modbus server
[2024-11-26T06:56:06.846Z] Error reading or processing Modbus registers: no connection to modbus server
[2024-11-26T06:56:06.846Z] Error reading register 6507 for IP 10.30.4.128: no connection to modbus server
[2024-11-26T06:56:07.058Z] Error writing to Modbus register: no connection to modbus server
[2024-11-26T06:56:07.331Z] Error reading or processing Modbus registers: no connection to modbus server
[2024-11-26T06:56:07.331Z] Error reading register 6507 for IP 10.30.4.128: no connection to modbus server
[2024-11-26T06:56:07.423Z] Error reading or processing Modbus registers: no connection to modbus server
[2024-11-26T06:56:07.423Z] Error reading register 6507 for IP 10.30.4.128: no connection to modbus server
[2024-11-26T06:56:07.834Z] Error writing to Modbus register: no connection to modbus server
[2024-11-26T06:56:07.849Z] Error reading or processing Modbus registers: no connection to modbus server
[2024-11-26T06:56:07.849Z] Error reading register 6507 for IP 10.30.4.128: no connection to modbus server
[2024-11-26T06:56:07.849Z] Error reading register 6507 for IP 10.30.4.128: no connection to modbus server
[2024-11-26T06:56:07.849Z] Error reading or processing Modbus registers: no connection to modbus server
[2024-11-26T06:56:08.340Z] Error reading register 6507 for IP 10.30.4.128: no connection to modbus server
[2024-11-26T06:56:08.340Z] Error reading or processing Modbus registers: no connection to modbus server
[2024-11-26T06:56:08.432Z] Error reading or processing Modbus registers: no connection to modbus server
[2024-11-26T06:56:08.432Z] Error reading register 6507 for IP 10.30.4.128: no connection to modbus server
[2024-11-26T06:56:08.783Z] Error writing to Modbus register: no connection to modbus server
[2024-11-26T06:56:08.860Z] Error writing to Modbus register: no connection to modbus server
[2024-11-26T06:56:08.860Z] Error reading or processing Modbus registers: no connection to modbus server
[2024-11-26T06:56:08.860Z] Error reading register 6507 for IP 10.30.4.128: no connection to modbus server
[2024-11-26T06:56:08.860Z] Error reading register 6507 for IP 10.30.4.128: no connection to modbus server
[2024-11-26T06:56:08.860Z] Error reading or processing Modbus registers: no connection to modbus server
[2024-11-26T06:56:09.058Z] Error writing to Modbus register: no connection to modbus server
[2024-11-26T06:56:09.350Z] Error reading or processing Modbus registers: no connection to modbus server
[2024-11-26T06:56:09.350Z] Error reading register 6507 for IP 10.30.4.128: no connection to modbus server
[2024-11-26T06:56:09.440Z] Error reading or processing Modbus registers: no connection to modbus server
[2024-11-26T06:56:09.440Z] Error reading register 6507 for IP 10.30.4.128: no connection to modbus server
[2024-11-26T06:56:09.837Z] Error writing to Modbus register: no connection to modbus server
[2024-11-26T06:56:09.868Z] Error reading register 6507 for IP 10.30.4.128: no connection to modbus server
[2024-11-26T06:56:09.868Z] Error reading or processing Modbus registers: no connection to modbus server
[2024-11-26T06:56:09.868Z] Error reading or processing Modbus registers: no connection to modbus server
[2024-11-26T06:56:09.868Z] Error reading register 6507 for IP 10.30.4.128: no connection to modbus server
[2024-11-26T06:56:10.355Z] Error reading register 6507 for IP 10.30.4.128: no connection to modbus server
[2024-11-26T06:56:10.355Z] Error reading or processing Modbus registers: no connection to modbus server
[2024-11-26T06:56:10.447Z] Error reading or processing Modbus registers: no connection to modbus server
[2024-11-26T06:56:10.447Z] Error reading register 6507 for IP 10.30.4.128: no connection to modbus server
[2024-11-26T06:56:10.797Z] Error writing to Modbus register: no connection to modbus server
[2024-11-26T06:56:10.871Z] Error writing to Modbus register: no connection to modbus server
[2024-11-26T06:56:10.871Z] Error reading or processing Modbus registers: no connection to modbus server
[2024-11-26T06:56:10.871Z] Error reading register 6507 for IP 10.30.4.128: no connection to modbus server
[2024-11-26T06:56:10.872Z] Error reading or processing Modbus registers: no connection to modbus server
[2024-11-26T06:56:10.872Z] Error reading register 6507 for IP 10.30.4.128: no connection to modbus server
[2024-11-26T06:56:11.070Z] Error writing to Modbus register: no connection to modbus server
[2024-11-26T06:56:11.362Z] Error reading or processing Modbus registers: no connection to modbus server
[2024-11-26T06:56:11.362Z] Error reading register 6507 for IP 10.30.4.128: no connection to modbus server
[2024-11-26T06:56:11.453Z] Error reading or processing Modbus registers: no connection to modbus server
[2024-11-26T06:56:11.453Z] Error reading register 6507 for IP 10.30.4.128: no connection to modbus server
[2024-11-26T06:56:11.849Z] Error writing to Modbus register: no connection to modbus server
[2024-11-26T06:56:11.880Z] Error reading register 6507 for IP 10.30.4.128: no connection to modbus server
[2024-11-26T06:56:11.880Z] Error reading or processing Modbus registers: no connection to modbus server
[2024-11-26T06:56:11.880Z] Error reading or processing Modbus registers: no connection to modbus server
[2024-11-26T06:56:11.880Z] Error reading register 6507 for IP 10.30.4.128: no connection to modbus server
[2024-11-26T06:56:12.370Z] Error reading or processing Modbus registers: no connection to modbus server
[2024-11-26T06:56:12.370Z] Error reading register 6507 for IP 10.30.4.128: no connection to modbus server
[2024-11-26T06:56:12.461Z] Error reading or processing Modbus registers: no connection to modbus server
[2024-11-26T06:56:12.461Z] Error reading register 6507 for IP 10.30.4.128: no connection to modbus server
[2024-11-26T06:56:12.799Z] Error writing to Modbus register: no connection to modbus server
[2024-11-26T06:56:12.875Z] Error writing to Modbus register: no connection to modbus server
[2024-11-26T06:56:12.890Z] Error reading or processing Modbus registers: no connection to modbus server
[2024-11-26T06:56:12.890Z] Error reading register 6507 for IP 10.30.4.128: no connection to modbus server
[2024-11-26T06:56:12.890Z] Error reading register 6507 for IP 10.30.4.128: no connection to modbus server
[2024-11-26T06:56:12.890Z] Error reading or processing Modbus registers: no connection to modbus server
[2024-11-26T06:56:13.071Z] Error writing to Modbus register: no connection to modbus server
[2024-11-26T06:56:13.376Z] Error reading or processing Modbus registers: no connection to modbus server
[2024-11-26T06:56:13.376Z] Error reading register 6507 for IP 10.30.4.128: no connection to modbus server
[2024-11-26T06:56:13.468Z] Error reading or processing Modbus registers: no connection to modbus server
[2024-11-26T06:56:13.468Z] Error reading register 6507 for IP 10.30.4.128: no connection to modbus server
[2024-11-26T06:56:13.862Z] Error writing to Modbus register: no connection to modbus server
[2024-11-26T06:56:13.892Z] Error reading register 6507 for IP 10.30.4.128: no connection to modbus server
[2024-11-26T06:56:13.892Z] Error reading or processing Modbus registers: no connection to modbus server
[2024-11-26T06:56:13.892Z] Error reading or processing Modbus registers: no connection to modbus server
[2024-11-26T06:56:13.892Z] Error reading register 6507 for IP 10.30.4.128: no connection to modbus server
[2024-11-26T06:56:14.377Z] Error reading or processing Modbus registers: no connection to modbus server
[2024-11-26T06:56:14.377Z] Error reading register 6507 for IP 10.30.4.128: no connection to modbus server
[2024-11-26T06:56:14.469Z] Error reading or processing Modbus registers: no connection to modbus server
[2024-11-26T06:56:14.469Z] Error reading register 6507 for IP 10.30.4.128: no connection to modbus server
[2024-11-26T06:56:14.802Z] Error writing to Modbus register: no connection to modbus server
[2024-11-26T06:56:14.877Z] Error writing to Modbus register: no connection to modbus server
[2024-11-26T06:56:14.894Z] Error reading or processing Modbus registers: no connection to modbus server
[2024-11-26T06:56:14.894Z] Error reading register 6507 for IP 10.30.4.128: no connection to modbus server
[2024-11-26T06:56:14.894Z] Error reading or processing Modbus registers: no connection to modbus server
[2024-11-26T06:56:14.894Z] Error reading register 6507 for IP 10.30.4.128: no connection to modbus server
[2024-11-26T06:56:15.075Z] Error writing to Modbus register: no connection to modbus server
[2024-11-26T06:56:15.379Z] Error reading or processing Modbus registers: no connection to modbus server
[2024-11-26T06:56:15.379Z] Error reading register 6507 for IP 10.30.4.128: no connection to modbus server
[2024-11-26T06:56:15.470Z] Error reading or processing Modbus registers: no connection to modbus server
[2024-11-26T06:56:15.470Z] Error reading register 6507 for IP 10.30.4.128: no connection to modbus server
[2024-11-26T06:56:15.864Z] Error writing to Modbus register: no connection to modbus server
[2024-11-26T06:56:15.909Z] Error reading or processing Modbus registers: no connection to modbus server
[2024-11-26T06:56:15.909Z] Error reading register 6507 for IP 10.30.4.128: no connection to modbus server
[2024-11-26T06:56:15.909Z] Error reading register 6507 for IP 10.30.4.128: no connection to modbus server
[2024-11-26T06:56:15.909Z] Error reading or processing Modbus registers: no connection to modbus server
[2024-11-26T06:56:16.380Z] Error reading or processing Modbus registers: no connection to modbus server
[2024-11-26T06:56:16.380Z] Error reading register 6507 for IP 10.30.4.128: no connection to modbus server
[2024-11-26T06:56:16.472Z] Error reading or processing Modbus registers: no connection to modbus server
[2024-11-26T06:56:16.472Z] Error reading register 6507 for IP 10.30.4.128: no connection to modbus server
[2024-11-26T06:56:16.809Z] Error writing to Modbus register: no connection to modbus server
[2024-11-26T06:56:16.886Z] Error writing to Modbus register: no connection to modbus server
[2024-11-26T06:56:16.917Z] Error reading or processing Modbus registers: no connection to modbus server
[2024-11-26T06:56:16.917Z] Error reading register 6507 for IP 10.30.4.128: no connection to modbus server
[2024-11-26T06:56:16.917Z] Error reading register 6507 for IP 10.30.4.128: no connection to modbus server
[2024-11-26T06:56:16.917Z] Error reading or processing Modbus registers: no connection to modbus server
[2024-11-26T06:56:17.084Z] Error writing to Modbus register: no connection to modbus server
[2024-11-26T06:56:17.391Z] Error reading or processing Modbus registers: no connection to modbus server
[2024-11-26T06:56:17.391Z] Error reading register 6507 for IP 10.30.4.128: no connection to modbus server
[2024-11-26T06:56:17.483Z] Error reading or processing Modbus registers: no connection to modbus server
[2024-11-26T06:56:17.483Z] Error reading register 6507 for IP 10.30.4.128: no connection to modbus server
[2024-11-26T06:56:17.865Z] Error writing to Modbus register: no connection to modbus server
[2024-11-26T06:56:17.927Z] Error reading or processing Modbus registers: no connection to modbus server
[2024-11-26T06:56:17.927Z] Error reading register 6507 for IP 10.30.4.128: no connection to modbus server
[2024-11-26T06:56:17.927Z] Error reading or processing Modbus registers: no connection to modbus server
[2024-11-26T06:56:17.928Z] Error reading register 6507 for IP 10.30.4.128: no connection to modbus server
[2024-11-26T06:56:18.402Z] Error reading register 6507 for IP 10.30.4.128: no connection to modbus server
[2024-11-26T06:56:18.402Z] Error reading or processing Modbus registers: no connection to modbus server
[2024-11-26T06:56:18.495Z] Error reading or processing Modbus registers: no connection to modbus server
[2024-11-26T06:56:18.495Z] Error reading register 6507 for IP 10.30.4.128: no connection to modbus server
[2024-11-26T06:56:18.815Z] Error writing to Modbus register: no connection to modbus server
[2024-11-26T06:56:18.891Z] Error writing to Modbus register: no connection to modbus server
[2024-11-26T06:56:18.937Z] Error reading or processing Modbus registers: no connection to modbus server
[2024-11-26T06:56:18.937Z] Error reading register 6507 for IP 10.30.4.128: no connection to modbus server
[2024-11-26T06:56:18.938Z] Error reading or processing Modbus registers: no connection to modbus server
[2024-11-26T06:56:18.938Z] Error reading register 6507 for IP 10.30.4.128: no connection to modbus server
[2024-11-26T06:56:19.089Z] Error writing to Modbus register: no connection to modbus server
[2024-11-26T06:56:19.410Z] Error reading or processing Modbus registers: no connection to modbus server
[2024-11-26T06:56:19.410Z] Error reading register 6507 for IP 10.30.4.128: no connection to modbus server
[2024-11-26T06:56:19.501Z] Error reading or processing Modbus registers: no connection to modbus server
[2024-11-26T06:56:19.501Z] Error reading register 6507 for IP 10.30.4.128: no connection to modbus server
[2024-11-26T06:56:19.866Z] Error writing to Modbus register: no connection to modbus server
[2024-11-26T06:56:19.943Z] Error reading register 6507 for IP 10.30.4.128: no connection to modbus server
[2024-11-26T06:56:19.943Z] Error reading or processing Modbus registers: no connection to modbus server
[2024-11-26T06:56:19.943Z] Error reading or processing Modbus registers: no connection to modbus server
[2024-11-26T06:56:19.943Z] Error reading register 6507 for IP 10.30.4.128: no connection to modbus server
[2024-11-26T06:56:20.420Z] Error reading or processing Modbus registers: no connection to modbus server
[2024-11-26T06:56:20.420Z] Error reading register 6507 for IP 10.30.4.128: no connection to modbus server
[2024-11-26T06:56:20.512Z] Error reading or processing Modbus registers: no connection to modbus server
[2024-11-26T06:56:20.512Z] Error reading register 6507 for IP 10.30.4.128: no connection to modbus server
[2024-11-26T06:56:20.817Z] Error writing to Modbus register: no connection to modbus server
[2024-11-26T06:56:20.895Z] Error writing to Modbus register: no connection to modbus server
[2024-11-26T06:56:20.956Z] Error reading or processing Modbus registers: no connection to modbus server
[2024-11-26T06:56:20.956Z] Error reading register 6507 for IP 10.30.4.128: no connection to modbus server
[2024-11-26T06:56:20.957Z] Error reading or processing Modbus registers: no connection to modbus server
[2024-11-26T06:56:20.957Z] Error reading register 6507 for IP 10.30.4.128: no connection to modbus server
[2024-11-26T06:56:21.090Z] Error writing to Modbus register: no connection to modbus server
[2024-11-26T06:56:21.433Z] Error reading register 6507 for IP 10.30.4.128: no connection to modbus server
[2024-11-26T06:56:21.433Z] Error reading or processing Modbus registers: no connection to modbus server
[2024-11-26T06:56:21.525Z] Error reading or processing Modbus registers: no connection to modbus server
[2024-11-26T06:56:21.525Z] Error reading register 6507 for IP 10.30.4.128: no connection to modbus server
[2024-11-26T06:56:21.878Z] Error writing to Modbus register: no connection to modbus server
[2024-11-26T06:56:21.971Z] Error reading or processing Modbus registers: no connection to modbus server
[2024-11-26T06:56:21.971Z] Error reading register 6507 for IP 10.30.4.128: no connection to modbus server
[2024-11-26T06:56:21.971Z] Error reading or processing Modbus registers: no connection to modbus server
[2024-11-26T06:56:21.971Z] Error reading register 6507 for IP 10.30.4.128: no connection to modbus server
[2024-11-26T06:56:22.439Z] Error reading or processing Modbus registers: no connection to modbus server
[2024-11-26T06:56:22.440Z] Error reading register 6507 for IP 10.30.4.128: no connection to modbus server
[2024-11-26T06:56:22.531Z] Error reading or processing Modbus registers: no connection to modbus server
[2024-11-26T06:56:22.531Z] Error reading register 6507 for IP 10.30.4.128: no connection to modbus server
[2024-11-26T06:56:22.822Z] Error writing to Modbus register: no connection to modbus server
[2024-11-26T06:56:22.899Z] Error writing to Modbus register: no connection to modbus server
[2024-11-26T06:56:22.975Z] Error reading or processing Modbus registers: no connection to modbus server
[2024-11-26T06:56:22.975Z] Error reading register 6507 for IP 10.30.4.128: no connection to modbus server
[2024-11-26T06:56:22.975Z] Error reading register 6507 for IP 10.30.4.128: no connection to modbus server
[2024-11-26T06:56:22.975Z] Error reading or processing Modbus registers: no connection to modbus server
[2024-11-26T06:56:23.090Z] Error writing to Modbus register: no connection to modbus server
[2024-11-26T06:56:23.452Z] Error reading or processing Modbus registers: no connection to modbus server
[2024-11-26T06:56:23.452Z] Error reading register 6507 for IP 10.30.4.128: no connection to modbus server
[2024-11-26T06:56:23.543Z] Error reading or processing Modbus registers: no connection to modbus server
[2024-11-26T06:56:23.543Z] Error reading register 6507 for IP 10.30.4.128: no connection to modbus server
[2024-11-26T06:56:23.892Z] Error writing to Modbus register: no connection to modbus server
[2024-11-26T06:56:23.983Z] Error reading or processing Modbus registers: no connection to modbus server
[2024-11-26T06:56:23.983Z] Error reading register 6507 for IP 10.30.4.128: no connection to modbus server
[2024-11-26T06:56:23.983Z] Error reading or processing Modbus registers: no connection to modbus server
[2024-11-26T06:56:23.983Z] Error reading register 6507 for IP 10.30.4.128: no connection to modbus server
[2024-11-26T06:56:24.464Z] Error reading or processing Modbus registers: no connection to modbus server
[2024-11-26T06:56:24.464Z] Error reading register 6507 for IP 10.30.4.128: no connection to modbus server
[2024-11-26T06:56:24.556Z] Error reading or processing Modbus registers: no connection to modbus server
[2024-11-26T06:56:24.556Z] Error reading register 6507 for IP 10.30.4.128: no connection to modbus server
[2024-11-26T06:56:24.829Z] Error writing to Modbus register: no connection to modbus server
[2024-11-26T06:56:24.903Z] Error writing to Modbus register: no connection to modbus server
[2024-11-26T06:56:24.993Z] Error reading or processing Modbus registers: no connection to modbus server
[2024-11-26T06:56:24.994Z] Error reading register 6507 for IP 10.30.4.128: no connection to modbus server
[2024-11-26T06:56:24.994Z] Error reading or processing Modbus registers: no connection to modbus server
[2024-11-26T06:56:24.994Z] Error reading register 6507 for IP 10.30.4.128: no connection to modbus server
[2024-11-26T06:56:25.089Z] Error writing to Modbus register: no connection to modbus server
[2024-11-26T06:56:25.478Z] Error reading or processing Modbus registers: no connection to modbus server
[2024-11-26T06:56:25.478Z] Error reading register 6507 for IP 10.30.4.128: no connection to modbus server
[2024-11-26T06:56:25.570Z] Error reading or processing Modbus registers: no connection to modbus server
[2024-11-26T06:56:25.570Z] Error reading register 6507 for IP 10.30.4.128: no connection to modbus server
[2024-11-26T06:56:25.903Z] Error writing to Modbus register: no connection to modbus server
[2024-11-26T06:56:25.994Z] Error reading or processing Modbus registers: no connection to modbus server
[2024-11-26T06:56:25.994Z] Error reading register 6507 for IP 10.30.4.128: no connection to modbus server
[2024-11-26T06:56:25.994Z] Error reading register 6507 for IP 10.30.4.128: no connection to modbus server
[2024-11-26T06:56:25.994Z] Error reading or processing Modbus registers: no connection to modbus server
[2024-11-26T06:56:26.492Z] Error reading or processing Modbus registers: no connection to modbus server
[2024-11-26T06:56:26.493Z] Error reading register 6507 for IP 10.30.4.128: no connection to modbus server
[2024-11-26T06:56:26.583Z] Error reading or processing Modbus registers: no connection to modbus server
[2024-11-26T06:56:26.583Z] Error reading register 6507 for IP 10.30.4.128: no connection to modbus server
[2024-11-26T06:56:26.838Z] Error writing to Modbus register: no connection to modbus server
[2024-11-26T06:56:26.915Z] Error writing to Modbus register: no connection to modbus server
[2024-11-26T06:56:27.006Z] Error reading or processing Modbus registers: no connection to modbus server
[2024-11-26T06:56:27.006Z] Error reading register 6507 for IP 10.30.4.128: no connection to modbus server
[2024-11-26T06:56:27.006Z] Error reading or processing Modbus registers: no connection to modbus server
[2024-11-26T06:56:27.006Z] Error reading register 6507 for IP 10.30.4.128: no connection to modbus server
[2024-11-26T06:56:27.090Z] Error writing to Modbus register: no connection to modbus server
[2024-11-26T06:56:27.507Z] Error reading or processing Modbus registers: no connection to modbus server
[2024-11-26T06:56:27.507Z] Error reading register 6507 for IP 10.30.4.128: no connection to modbus server
[2024-11-26T06:56:27.598Z] Error reading or processing Modbus registers: no connection to modbus server
[2024-11-26T06:56:27.598Z] Error reading register 6507 for IP 10.30.4.128: no connection to modbus server
[2024-11-26T06:56:27.916Z] Error writing to Modbus register: no connection to modbus server
[2024-11-26T06:56:28.007Z] Error reading or processing Modbus registers: no connection to modbus server
[2024-11-26T06:56:28.007Z] Error reading register 6507 for IP 10.30.4.128: no connection to modbus server
[2024-11-26T06:56:28.007Z] Error reading or processing Modbus registers: no connection to modbus server
[2024-11-26T06:56:28.007Z] Error reading register 6507 for IP 10.30.4.128: no connection to modbus server
[2024-11-26T06:56:28.507Z] Error reading or processing Modbus registers: no connection to modbus server
[2024-11-26T06:56:28.507Z] Error reading register 6507 for IP 10.30.4.128: no connection to modbus server
[2024-11-26T06:56:28.597Z] Error reading register 6507 for IP 10.30.4.128: no connection to modbus server
[2024-11-26T06:56:28.597Z] Error reading or processing Modbus registers: no connection to modbus server
[2024-11-26T06:56:28.841Z] Error writing to Modbus register: no connection to modbus server
[2024-11-26T06:56:28.916Z] Error writing to Modbus register: no connection to modbus server
[2024-11-26T06:56:29.007Z] Error reading or processing Modbus registers: no connection to modbus server
[2024-11-26T06:56:29.007Z] Error reading or processing Modbus registers: no connection to modbus server
[2024-11-26T06:56:29.007Z] Error reading register 6507 for IP 10.30.4.128: no connection to modbus server
[2024-11-26T06:56:29.008Z] Error reading register 6507 for IP 10.30.4.128: no connection to modbus server
[2024-11-26T06:56:29.092Z] Error writing to Modbus register: no connection to modbus server
[2024-11-26T06:56:29.508Z] Error reading or processing Modbus registers: no connection to modbus server
[2024-11-26T06:56:29.508Z] Error reading register 6507 for IP 10.30.4.128: no connection to modbus server
[2024-11-26T06:56:29.600Z] Error reading or processing Modbus registers: no connection to modbus server
[2024-11-26T06:56:29.600Z] Error reading register 6507 for IP 10.30.4.128: no connection to modbus server
[2024-11-26T06:56:29.918Z] Error writing to Modbus register: no connection to modbus server
[2024-11-26T06:56:30.010Z] Error reading register 6507 for IP 10.30.4.128: no connection to modbus server
[2024-11-26T06:56:30.010Z] Error reading or processing Modbus registers: no connection to modbus server
[2024-11-26T06:56:30.010Z] Error reading or processing Modbus registers: no connection to modbus server
[2024-11-26T06:56:30.010Z] Error reading register 6507 for IP 10.30.4.128: no connection to modbus server
[2024-11-26T06:56:30.510Z] Error reading or processing Modbus registers: no connection to modbus server
[2024-11-26T06:56:30.510Z] Error reading register 6507 for IP 10.30.4.128: no connection to modbus server
[2024-11-26T06:56:30.601Z] Error reading or processing Modbus registers: no connection to modbus server
[2024-11-26T06:56:30.601Z] Error reading register 6507 for IP 10.30.4.128: no connection to modbus server
[2024-11-26T06:56:30.843Z] Error writing to Modbus register: no connection to modbus server
[2024-11-26T06:56:30.919Z] Error writing to Modbus register: no connection to modbus server
[2024-11-26T06:56:31.010Z] Error reading or processing Modbus registers: no connection to modbus server
[2024-11-26T06:56:31.010Z] Error reading register 6507 for IP 10.30.4.128: no connection to modbus server
[2024-11-26T06:56:31.010Z] Error reading or processing Modbus registers: no connection to modbus server
[2024-11-26T06:56:31.010Z] Error reading register 6507 for IP 10.30.4.128: no connection to modbus server
[2024-11-26T06:56:31.092Z] Error writing to Modbus register: no connection to modbus server
[2024-11-26T06:56:31.523Z] Error reading or processing Modbus registers: no connection to modbus server
[2024-11-26T06:56:31.523Z] Error reading register 6507 for IP 10.30.4.128: no connection to modbus server
[2024-11-26T06:56:31.615Z] Error reading or processing Modbus registers: no connection to modbus server
[2024-11-26T06:56:31.615Z] Error reading register 6507 for IP 10.30.4.128: no connection to modbus server
[2024-11-26T06:56:31.933Z] Error writing to Modbus register: no connection to modbus server
[2024-11-26T06:56:32.024Z] Error reading or processing Modbus registers: no connection to modbus server
[2024-11-26T06:56:32.024Z] Error reading register 6507 for IP 10.30.4.128: no connection to modbus server
[2024-11-26T06:56:32.024Z] Error reading register 6507 for IP 10.30.4.128: no connection to modbus server
[2024-11-26T06:56:32.024Z] Error reading or processing Modbus registers: no connection to modbus server
[2024-11-26T06:56:32.523Z] Error reading or processing Modbus registers: no connection to modbus server
[2024-11-26T06:56:32.523Z] Error reading register 6507 for IP 10.30.4.128: no connection to modbus server
[2024-11-26T06:56:32.628Z] Error reading or processing Modbus registers: no connection to modbus server
[2024-11-26T06:56:32.629Z] Error reading register 6507 for IP 10.30.4.128: no connection to modbus server
[2024-11-26T06:56:32.856Z] Error writing to Modbus register: no connection to modbus server
[2024-11-26T06:56:32.931Z] Error writing to Modbus register: no connection to modbus server
[2024-11-26T06:56:33.038Z] Error reading or processing Modbus registers: no connection to modbus server
[2024-11-26T06:56:33.038Z] Error reading register 6507 for IP 10.30.4.128: no connection to modbus server
[2024-11-26T06:56:33.038Z] Error reading register 6507 for IP 10.30.4.128: no connection to modbus server
[2024-11-26T06:56:33.038Z] Error reading or processing Modbus registers: no connection to modbus server
[2024-11-26T06:56:33.092Z] Error writing to Modbus register: no connection to modbus server
[2024-11-26T06:56:33.538Z] Error reading or processing Modbus registers: no connection to modbus server
[2024-11-26T06:56:33.538Z] Error reading register 6507 for IP 10.30.4.128: no connection to modbus server
[2024-11-26T06:56:33.629Z] Error reading or processing Modbus registers: no connection to modbus server
[2024-11-26T06:56:33.629Z] Error reading register 6507 for IP 10.30.4.128: no connection to modbus server
[2024-11-26T06:56:33.946Z] Error writing to Modbus register: no connection to modbus server
[2024-11-26T06:56:34.052Z] Error reading or processing Modbus registers: no connection to modbus server
[2024-11-26T06:56:34.052Z] Error reading register 6507 for IP 10.30.4.128: no connection to modbus server
[2024-11-26T06:56:34.052Z] Error reading or processing Modbus registers: no connection to modbus server
[2024-11-26T06:56:34.052Z] Error reading register 6507 for IP 10.30.4.128: no connection to modbus server
[2024-11-26T06:56:34.551Z] Error reading or processing Modbus registers: no connection to modbus server
[2024-11-26T06:56:34.551Z] Error reading register 6507 for IP 10.30.4.128: no connection to modbus server
[2024-11-26T06:56:34.643Z] Error reading or processing Modbus registers: no connection to modbus server
[2024-11-26T06:56:34.643Z] Error reading register 6507 for IP 10.30.4.128: no connection to modbus server
[2024-11-26T06:56:34.870Z] Error writing to Modbus register: no connection to modbus server
[2024-11-26T06:56:34.932Z] Error writing to Modbus register: no connection to modbus server
[2024-11-26T06:56:35.053Z] Error reading or processing Modbus registers: no connection to modbus server
[2024-11-26T06:56:35.053Z] Error reading or processing Modbus registers: no connection to modbus server
[2024-11-26T06:56:35.053Z] Error reading register 6507 for IP 10.30.4.128: no connection to modbus server
[2024-11-26T06:56:35.053Z] Error reading register 6507 for IP 10.30.4.128: no connection to modbus server
[2024-11-26T06:56:35.092Z] Error writing to Modbus register: no connection to modbus server
[2024-11-26T06:56:35.555Z] Error reading or processing Modbus registers: no connection to modbus server
[2024-11-26T06:56:35.555Z] Error reading register 6507 for IP 10.30.4.128: no connection to modbus server
[2024-11-26T06:56:35.647Z] Error reading or processing Modbus registers: no connection to modbus server
[2024-11-26T06:56:35.647Z] Error reading register 6507 for IP 10.30.4.128: no connection to modbus server
[2024-11-26T06:56:35.949Z] Error writing to Modbus register: no connection to modbus server
[2024-11-26T06:56:36.056Z] Error reading or processing Modbus registers: no connection to modbus server
[2024-11-26T06:56:36.056Z] Error reading register 6507 for IP 10.30.4.128: no connection to modbus server
[2024-11-26T06:56:36.056Z] Error reading or processing Modbus registers: no connection to modbus server
[2024-11-26T06:56:36.056Z] Error reading register 6507 for IP 10.30.4.128: no connection to modbus server
[2024-11-26T06:56:36.569Z] Error reading or processing Modbus registers: no connection to modbus server
[2024-11-26T06:56:36.569Z] Error reading register 6507 for IP 10.30.4.128: no connection to modbus server
[2024-11-26T06:56:36.660Z] Error reading or processing Modbus registers: no connection to modbus server
[2024-11-26T06:56:36.660Z] Error reading register 6507 for IP 10.30.4.128: no connection to modbus server
[2024-11-26T06:56:36.874Z] Error writing to Modbus register: no connection to modbus server
[2024-11-26T06:56:36.934Z] Error writing to Modbus register: no connection to modbus server
[2024-11-26T06:56:37.070Z] Error reading or processing Modbus registers: no connection to modbus server
[2024-11-26T06:56:37.070Z] Error reading register 6507 for IP 10.30.4.128: no connection to modbus server
[2024-11-26T06:56:37.070Z] Error reading register 6507 for IP 10.30.4.128: no connection to modbus server
[2024-11-26T06:56:37.070Z] Error reading or processing Modbus registers: no connection to modbus server
[2024-11-26T06:56:37.091Z] Error writing to Modbus register: no connection to modbus server
[2024-11-26T06:56:37.571Z] Error reading register 6507 for IP 10.30.4.128: no connection to modbus server
[2024-11-26T06:56:37.571Z] Error reading or processing Modbus registers: no connection to modbus server
[2024-11-26T06:56:37.661Z] Error reading or processing Modbus registers: no connection to modbus server
[2024-11-26T06:56:37.661Z] Error reading register 6507 for IP 10.30.4.128: no connection to modbus server
[2024-11-26T06:56:37.949Z] Error writing to Modbus register: no connection to modbus server
[2024-11-26T06:56:38.085Z] Error reading or processing Modbus registers: no connection to modbus server
[2024-11-26T06:56:38.085Z] Error reading or processing Modbus registers: no connection to modbus server
[2024-11-26T06:56:38.085Z] Error reading register 6507 for IP 10.30.4.128: no connection to modbus server
[2024-11-26T06:56:38.085Z] Error reading register 6507 for IP 10.30.4.128: no connection to modbus server
[2024-11-26T06:56:38.585Z] Error reading or processing Modbus registers: no connection to modbus server
[2024-11-26T06:56:38.585Z] Error reading register 6507 for IP 10.30.4.128: no connection to modbus server
[2024-11-26T06:56:38.675Z] Error reading or processing Modbus registers: no connection to modbus server
[2024-11-26T06:56:38.675Z] Error reading register 6507 for IP 10.30.4.128: no connection to modbus server
[2024-11-26T06:56:38.888Z] Error writing to Modbus register: no connection to modbus server
[2024-11-26T06:56:38.934Z] Error writing to Modbus register: no connection to modbus server
[2024-11-26T06:56:39.086Z] Error reading register 6507 for IP 10.30.4.128: no connection to modbus server
[2024-11-26T06:56:39.086Z] Error reading or processing Modbus registers: no connection to modbus server
[2024-11-26T06:56:39.086Z] Error reading or processing Modbus registers: no connection to modbus server
[2024-11-26T06:56:39.086Z] Error reading register 6507 for IP 10.30.4.128: no connection to modbus server
[2024-11-26T06:56:39.091Z] Error writing to Modbus register: no connection to modbus server
[2024-11-26T06:56:39.598Z] Error reading or processing Modbus registers: no connection to modbus server
[2024-11-26T06:56:39.598Z] Error reading register 6507 for IP 10.30.4.128: no connection to modbus server
[2024-11-26T06:56:39.689Z] Error reading register 6507 for IP 10.30.4.128: no connection to modbus server
[2024-11-26T06:56:39.689Z] Error reading or processing Modbus registers: no connection to modbus server
[2024-11-26T06:56:39.963Z] Error writing to Modbus register: no connection to modbus server
[2024-11-26T06:56:40.100Z] Error reading or processing Modbus registers: no connection to modbus server
[2024-11-26T06:56:40.100Z] Error reading register 6507 for IP 10.30.4.128: no connection to modbus server
[2024-11-26T06:56:40.100Z] Error reading or processing Modbus registers: no connection to modbus server
[2024-11-26T06:56:40.100Z] Error reading register 6507 for IP 10.30.4.128: no connection to modbus server
[2024-11-26T06:56:40.601Z] Error reading or processing Modbus registers: no connection to modbus server
[2024-11-26T06:56:40.601Z] Error reading register 6507 for IP 10.30.4.128: no connection to modbus server
[2024-11-26T06:56:40.692Z] Error reading or processing Modbus registers: no connection to modbus server
[2024-11-26T06:56:40.692Z] Error reading register 6507 for IP 10.30.4.128: no connection to modbus server
[2024-11-26T06:56:40.890Z] Error writing to Modbus register: no connection to modbus server
[2024-11-26T06:56:40.935Z] Error writing to Modbus register: no connection to modbus server
[2024-11-26T06:56:41.103Z] Error writing to Modbus register: no connection to modbus server
[2024-11-26T06:56:41.103Z] Error reading or processing Modbus registers: no connection to modbus server
[2024-11-26T06:56:41.103Z] Error reading register 6507 for IP 10.30.4.128: no connection to modbus server
[2024-11-26T06:56:41.103Z] Error reading or processing Modbus registers: no connection to modbus server
[2024-11-26T06:56:41.103Z] Error reading register 6507 for IP 10.30.4.128: no connection to modbus server
[2024-11-26T06:56:41.602Z] Error reading or processing Modbus registers: no connection to modbus server
[2024-11-26T06:56:41.602Z] Error reading register 6507 for IP 10.30.4.128: no connection to modbus server
[2024-11-26T06:56:41.693Z] Error reading or processing Modbus registers: no connection to modbus server
[2024-11-26T06:56:41.693Z] Error reading register 6507 for IP 10.30.4.128: no connection to modbus server
[2024-11-26T06:56:41.965Z] Error writing to Modbus register: no connection to modbus server
[2024-11-26T06:56:42.117Z] Error reading or processing Modbus registers: no connection to modbus server
[2024-11-26T06:56:42.117Z] Error reading register 6507 for IP 10.30.4.128: no connection to modbus server
[2024-11-26T06:56:42.117Z] Error reading or processing Modbus registers: no connection to modbus server
[2024-11-26T06:56:42.117Z] Error reading register 6507 for IP 10.30.4.128: no connection to modbus server
[2024-11-26T06:56:42.602Z] Error reading or processing Modbus registers: no connection to modbus server
[2024-11-26T06:56:42.602Z] Error reading register 6507 for IP 10.30.4.128: no connection to modbus server
[2024-11-26T06:56:42.693Z] Error reading or processing Modbus registers: no connection to modbus server
[2024-11-26T06:56:42.694Z] Error reading register 6507 for IP 10.30.4.128: no connection to modbus server
[2024-11-26T06:56:42.891Z] Error writing to Modbus register: no connection to modbus server
[2024-11-26T06:56:42.950Z] Error writing to Modbus register: no connection to modbus server
[2024-11-26T06:56:43.116Z] Error writing to Modbus register: no connection to modbus server
[2024-11-26T06:56:43.131Z] Error reading or processing Modbus registers: no connection to modbus server
[2024-11-26T06:56:43.131Z] Error reading or processing Modbus registers: no connection to modbus server
[2024-11-26T06:56:43.131Z] Error reading register 6507 for IP 10.30.4.128: no connection to modbus server
[2024-11-26T06:56:43.131Z] Error reading register 6507 for IP 10.30.4.128: no connection to modbus server
[2024-11-26T06:56:43.615Z] Error reading or processing Modbus registers: no connection to modbus server
[2024-11-26T06:56:43.615Z] Error reading register 6507 for IP 10.30.4.128: no connection to modbus server
[2024-11-26T06:56:43.705Z] Error reading register 6507 for IP 10.30.4.128: no connection to modbus server
[2024-11-26T06:56:43.705Z] Error reading or processing Modbus registers: no connection to modbus server
[2024-11-26T06:56:43.976Z] Error writing to Modbus register: no connection to modbus server
[2024-11-26T06:56:44.143Z] Error reading or processing Modbus registers: no connection to modbus server
[2024-11-26T06:56:44.143Z] Error reading register 6507 for IP 10.30.4.128: no connection to modbus server
[2024-11-26T06:56:44.143Z] Error reading or processing Modbus registers: no connection to modbus server
[2024-11-26T06:56:44.143Z] Error reading register 6507 for IP 10.30.4.128: no connection to modbus server
[2024-11-26T06:56:44.628Z] Error reading register 6507 for IP 10.30.4.128: no connection to modbus server
[2024-11-26T06:56:44.628Z] Error reading or processing Modbus registers: no connection to modbus server
[2024-11-26T06:56:44.719Z] Error reading or processing Modbus registers: no connection to modbus server
[2024-11-26T06:56:44.719Z] Error reading register 6507 for IP 10.30.4.128: no connection to modbus server
[2024-11-26T06:56:44.900Z] Error writing to Modbus register: no connection to modbus server
[2024-11-26T06:56:44.960Z] Error writing to Modbus register: no connection to modbus server
[2024-11-26T06:56:45.127Z] Error writing to Modbus register: no connection to modbus server
[2024-11-26T06:56:45.143Z] Error reading or processing Modbus registers: no connection to modbus server
[2024-11-26T06:56:45.143Z] Error reading register 6507 for IP 10.30.4.128: no connection to modbus server
[2024-11-26T06:56:45.143Z] Error reading or processing Modbus registers: no connection to modbus server
[2024-11-26T06:56:45.143Z] Error reading register 6507 for IP 10.30.4.128: no connection to modbus server
[2024-11-26T06:56:45.643Z] Error reading or processing Modbus registers: no connection to modbus server
[2024-11-26T06:56:45.643Z] Error reading register 6507 for IP 10.30.4.128: no connection to modbus server
[2024-11-26T06:56:45.732Z] Error reading register 6507 for IP 10.30.4.128: no connection to modbus server
[2024-11-26T06:56:45.732Z] Error reading or processing Modbus registers: no connection to modbus server
[2024-11-26T06:56:45.989Z] Error writing to Modbus register: no connection to modbus server
[2024-11-26T06:56:46.156Z] Error reading or processing Modbus registers: no connection to modbus server
[2024-11-26T06:56:46.156Z] Error reading register 6507 for IP 10.30.4.128: no connection to modbus server
[2024-11-26T06:56:46.156Z] Error reading or processing Modbus registers: no connection to modbus server
[2024-11-26T06:56:46.156Z] Error reading register 6507 for IP 10.30.4.128: no connection to modbus server
[2024-11-26T06:56:46.655Z] Error reading register 6507 for IP 10.30.4.128: no connection to modbus server
[2024-11-26T06:56:46.655Z] Error reading or processing Modbus registers: no connection to modbus server
[2024-11-26T06:56:46.746Z] Error reading or processing Modbus registers: no connection to modbus server
[2024-11-26T06:56:46.746Z] Error reading register 6507 for IP 10.30.4.128: no connection to modbus server
[2024-11-26T06:56:46.912Z] Error writing to Modbus register: no connection to modbus server
[2024-11-26T06:56:46.973Z] Error writing to Modbus register: no connection to modbus server
[2024-11-26T06:56:47.139Z] Error writing to Modbus register: no connection to modbus server
[2024-11-26T06:56:47.170Z] Error reading or processing Modbus registers: no connection to modbus server
[2024-11-26T06:56:47.170Z] Error reading register 6507 for IP 10.30.4.128: no connection to modbus server
[2024-11-26T06:56:47.170Z] Error reading or processing Modbus registers: no connection to modbus server
[2024-11-26T06:56:47.170Z] Error reading register 6507 for IP 10.30.4.128: no connection to modbus server
[2024-11-26T06:56:47.669Z] Error reading or processing Modbus registers: no connection to modbus server
[2024-11-26T06:56:47.669Z] Error reading register 6507 for IP 10.30.4.128: no connection to modbus server
[2024-11-26T06:56:47.760Z] Error reading or processing Modbus registers: no connection to modbus server
[2024-11-26T06:56:47.760Z] Error reading register 6507 for IP 10.30.4.128: no connection to modbus server
[2024-11-26T06:56:48.003Z] Error writing to Modbus register: no connection to modbus server
[2024-11-26T06:56:48.170Z] Error reading register 6507 for IP 10.30.4.128: no connection to modbus server
[2024-11-26T06:56:48.170Z] Error reading register 6507 for IP 10.30.4.128: no connection to modbus server
[2024-11-26T06:56:48.170Z] Error reading or processing Modbus registers: no connection to modbus server
[2024-11-26T06:56:48.170Z] Error reading or processing Modbus registers: no connection to modbus server
[2024-11-26T06:56:48.670Z] Error reading or processing Modbus registers: no connection to modbus server
[2024-11-26T06:56:48.670Z] Error reading register 6507 for IP 10.30.4.128: no connection to modbus server
[2024-11-26T06:56:48.761Z] Error reading or processing Modbus registers: no connection to modbus server
[2024-11-26T06:56:48.761Z] Error reading register 6507 for IP 10.30.4.128: no connection to modbus server
[2024-11-26T06:56:48.913Z] Error writing to Modbus register: no connection to modbus server
[2024-11-26T06:56:48.973Z] Error writing to Modbus register: no connection to modbus server
[2024-11-26T06:56:49.141Z] Error writing to Modbus register: no connection to modbus server
[2024-11-26T06:56:49.171Z] Error reading or processing Modbus registers: no connection to modbus server
[2024-11-26T06:56:49.171Z] Error reading register 6507 for IP 10.30.4.128: no connection to modbus server
[2024-11-26T06:56:49.171Z] Error reading or processing Modbus registers: no connection to modbus server
[2024-11-26T06:56:49.171Z] Error reading register 6507 for IP 10.30.4.128: no connection to modbus server
[2024-11-26T06:56:49.670Z] Error reading or processing Modbus registers: no connection to modbus server
[2024-11-26T06:56:49.670Z] Error reading register 6507 for IP 10.30.4.128: no connection to modbus server
[2024-11-26T06:56:49.775Z] Error reading or processing Modbus registers: no connection to modbus server
[2024-11-26T06:56:49.775Z] Error reading register 6507 for IP 10.30.4.128: no connection to modbus server
[2024-11-26T06:56:50.017Z] Error writing to Modbus register: no connection to modbus server
[2024-11-26T06:56:50.182Z] Error reading register 6507 for IP 10.30.4.128: no connection to modbus server
[2024-11-26T06:56:50.182Z] Error reading or processing Modbus registers: no connection to modbus server
[2024-11-26T06:56:50.182Z] Error reading or processing Modbus registers: no connection to modbus server
[2024-11-26T06:56:50.182Z] Error reading register 6507 for IP 10.30.4.128: no connection to modbus server
[2024-11-26T06:56:50.681Z] Error reading or processing Modbus registers: no connection to modbus server
[2024-11-26T06:56:50.681Z] Error reading register 6507 for IP 10.30.4.128: no connection to modbus server
[2024-11-26T06:56:50.787Z] Error reading register 6507 for IP 10.30.4.128: no connection to modbus server
[2024-11-26T06:56:50.787Z] Error reading or processing Modbus registers: no connection to modbus server
[2024-11-26T06:56:50.924Z] Error writing to Modbus register: no connection to modbus server
[2024-11-26T06:56:50.984Z] Error writing to Modbus register: no connection to modbus server
[2024-11-26T06:56:51.151Z] Error writing to Modbus register: no connection to modbus server
[2024-11-26T06:56:51.195Z] Error reading register 6507 for IP 10.30.4.128: no connection to modbus server
[2024-11-26T06:56:51.195Z] Error reading or processing Modbus registers: no connection to modbus server
[2024-11-26T06:56:51.195Z] Error reading register 6507 for IP 10.30.4.128: no connection to modbus server
[2024-11-26T06:56:51.195Z] Error reading or processing Modbus registers: no connection to modbus server
[2024-11-26T06:56:51.695Z] Error reading or processing Modbus registers: no connection to modbus server
[2024-11-26T06:56:51.695Z] Error reading register 6507 for IP 10.30.4.128: no connection to modbus server
[2024-11-26T06:56:51.801Z] Error reading or processing Modbus registers: no connection to modbus server
[2024-11-26T06:56:51.801Z] Error reading register 6507 for IP 10.30.4.128: no connection to modbus server
[2024-11-26T06:56:52.028Z] Error writing to Modbus register: no connection to modbus server
[2024-11-26T06:56:52.208Z] Error reading or processing Modbus registers: no connection to modbus server
[2024-11-26T06:56:52.208Z] Error reading register 6507 for IP 10.30.4.128: no connection to modbus server
[2024-11-26T06:56:52.208Z] Error reading register 6507 for IP 10.30.4.128: no connection to modbus server
[2024-11-26T06:56:52.208Z] Error reading or processing Modbus registers: no connection to modbus server
[2024-11-26T06:56:52.708Z] Error reading or processing Modbus registers: no connection to modbus server
[2024-11-26T06:56:52.709Z] Error reading register 6507 for IP 10.30.4.128: no connection to modbus server
[2024-11-26T06:56:52.815Z] Error reading register 6507 for IP 10.30.4.128: no connection to modbus server
[2024-11-26T06:56:52.815Z] Error reading or processing Modbus registers: no connection to modbus server
[2024-11-26T06:56:52.937Z] Error writing to Modbus register: no connection to modbus server
[2024-11-26T06:56:52.998Z] Error writing to Modbus register: no connection to modbus server
[2024-11-26T06:56:53.165Z] Error writing to Modbus register: no connection to modbus server
[2024-11-26T06:56:53.211Z] Error reading or processing Modbus registers: no connection to modbus server
[2024-11-26T06:56:53.212Z] Error reading register 6507 for IP 10.30.4.128: no connection to modbus server
[2024-11-26T06:56:53.212Z] Error reading register 6507 for IP 10.30.4.128: no connection to modbus server
[2024-11-26T06:56:53.212Z] Error reading or processing Modbus registers: no connection to modbus server
[2024-11-26T06:56:53.716Z] Error reading or processing Modbus registers: no connection to modbus server
[2024-11-26T06:56:53.716Z] Error reading register 6507 for IP 10.30.4.128: no connection to modbus server
[2024-11-26T06:56:53.822Z] Error reading or processing Modbus registers: no connection to modbus server
[2024-11-26T06:56:53.822Z] Error reading register 6507 for IP 10.30.4.128: no connection to modbus server
[2024-11-26T06:56:54.034Z] Error writing to Modbus register: no connection to modbus server
[2024-11-26T06:56:54.215Z] Error reading or processing Modbus registers: no connection to modbus server
[2024-11-26T06:56:54.215Z] Error reading register 6507 for IP 10.30.4.128: no connection to modbus server
[2024-11-26T06:56:54.215Z] Error reading register 6507 for IP 10.30.4.128: no connection to modbus server
[2024-11-26T06:56:54.215Z] Error reading or processing Modbus registers: no connection to modbus server
[2024-11-26T06:56:54.716Z] Error reading or processing Modbus registers: no connection to modbus server
[2024-11-26T06:56:54.716Z] Error reading register 6507 for IP 10.30.4.128: no connection to modbus server
[2024-11-26T06:56:54.837Z] Error reading or processing Modbus registers: no connection to modbus server
[2024-11-26T06:56:54.838Z] Error reading register 6507 for IP 10.30.4.128: no connection to modbus server
[2024-11-26T06:56:54.943Z] Error writing to Modbus register: no connection to modbus server
[2024-11-26T06:56:55.003Z] Error writing to Modbus register: no connection to modbus server
[2024-11-26T06:56:55.171Z] Error writing to Modbus register: no connection to modbus server
[2024-11-26T06:56:55.218Z] Error reading or processing Modbus registers: no connection to modbus server
[2024-11-26T06:56:55.218Z] Error reading register 6507 for IP 10.30.4.128: no connection to modbus server
[2024-11-26T06:56:55.218Z] Error reading or processing Modbus registers: no connection to modbus server
[2024-11-26T06:56:55.218Z] Error reading register 6507 for IP 10.30.4.128: no connection to modbus server
[2024-11-26T06:56:55.731Z] Error reading or processing Modbus registers: no connection to modbus server
[2024-11-26T06:56:55.731Z] Error reading register 6507 for IP 10.30.4.128: no connection to modbus server
[2024-11-26T06:56:55.853Z] Error reading or processing Modbus registers: no connection to modbus server
[2024-11-26T06:56:55.853Z] Error reading register 6507 for IP 10.30.4.128: no connection to modbus server
[2024-11-26T06:56:56.049Z] Error writing to Modbus register: no connection to modbus server
[2024-11-26T06:56:56.230Z] Error reading or processing Modbus registers: no connection to modbus server
[2024-11-26T06:56:56.230Z] Error reading register 6507 for IP 10.30.4.128: no connection to modbus server
[2024-11-26T06:56:56.230Z] Error reading register 6507 for IP 10.30.4.128: no connection to modbus server
[2024-11-26T06:56:56.230Z] Error reading or processing Modbus registers: no connection to modbus server
[2024-11-26T06:56:56.745Z] Error reading or processing Modbus registers: no connection to modbus server
[2024-11-26T06:56:56.745Z] Error reading register 6507 for IP 10.30.4.128: no connection to modbus server
[2024-11-26T06:56:56.867Z] Error reading register 6507 for IP 10.30.4.128: no connection to modbus server
[2024-11-26T06:56:56.867Z] Error reading or processing Modbus registers: no connection to modbus server
[2024-11-26T06:56:56.958Z] Error writing to Modbus register: no connection to modbus server
[2024-11-26T06:56:57.018Z] Error writing to Modbus register: no connection to modbus server
[2024-11-26T06:56:57.185Z] Error writing to Modbus register: no connection to modbus server
[2024-11-26T06:56:57.245Z] Error reading or processing Modbus registers: no connection to modbus server
[2024-11-26T06:56:57.245Z] Error reading register 6507 for IP 10.30.4.128: no connection to modbus server
[2024-11-26T06:56:57.245Z] Error reading register 6507 for IP 10.30.4.128: no connection to modbus server
[2024-11-26T06:56:57.245Z] Error reading or processing Modbus registers: no connection to modbus server
[2024-11-26T06:56:57.745Z] Error reading or processing Modbus registers: no connection to modbus server
[2024-11-26T06:56:57.745Z] Error reading register 6507 for IP 10.30.4.128: no connection to modbus server
[2024-11-26T06:56:57.882Z] Error reading or processing Modbus registers: no connection to modbus server
[2024-11-26T06:56:57.882Z] Error reading register 6507 for IP 10.30.4.128: no connection to modbus server
[2024-11-26T06:56:58.048Z] Error writing to Modbus register: no connection to modbus server
[2024-11-26T06:56:58.246Z] Error reading or processing Modbus registers: no connection to modbus server
[2024-11-26T06:56:58.246Z] Error reading register 6507 for IP 10.30.4.128: no connection to modbus server
[2024-11-26T06:56:58.246Z] Error reading register 6507 for IP 10.30.4.128: no connection to modbus server
[2024-11-26T06:56:58.246Z] Error reading or processing Modbus registers: no connection to modbus server
[2024-11-26T06:56:58.745Z] Error reading or processing Modbus registers: no connection to modbus server
[2024-11-26T06:56:58.745Z] Error reading register 6507 for IP 10.30.4.128: no connection to modbus server
[2024-11-26T06:56:58.897Z] Error reading or processing Modbus registers: no connection to modbus server
[2024-11-26T06:56:58.897Z] Error reading register 6507 for IP 10.30.4.128: no connection to modbus server
[2024-11-26T06:56:58.958Z] Error writing to Modbus register: no connection to modbus server
[2024-11-26T06:56:59.021Z] Error writing to Modbus register: no connection to modbus server
[2024-11-26T06:56:59.191Z] Error writing to Modbus register: no connection to modbus server
[2024-11-26T06:56:59.251Z] Error reading or processing Modbus registers: no connection to modbus server
[2024-11-26T06:56:59.251Z] Error reading or processing Modbus registers: no connection to modbus server
[2024-11-26T06:56:59.251Z] Error reading register 6507 for IP 10.30.4.128: no connection to modbus server
[2024-11-26T06:56:59.252Z] Error reading register 6507 for IP 10.30.4.128: no connection to modbus server
[2024-11-26T06:56:59.757Z] Error reading or processing Modbus registers: no connection to modbus server
[2024-11-26T06:56:59.757Z] Error reading register 6507 for IP 10.30.4.128: no connection to modbus server
[2024-11-26T06:56:59.910Z] Error reading or processing Modbus registers: no connection to modbus server
[2024-11-26T06:56:59.910Z] Error reading register 6507 for IP 10.30.4.128: no connection to modbus server
[2024-11-26T06:57:00.048Z] Error writing to Modbus register: no connection to modbus server
[2024-11-26T06:57:00.264Z] Error reading or processing Modbus registers: no connection to modbus server
[2024-11-26T06:57:00.264Z] Error reading register 6507 for IP 10.30.4.128: no connection to modbus server
[2024-11-26T06:57:00.264Z] Error reading register 6507 for IP 10.30.4.128: no connection to modbus server
[2024-11-26T06:57:00.264Z] Error reading or processing Modbus registers: no connection to modbus server
[2024-11-26T06:57:00.764Z] Error reading or processing Modbus registers: no connection to modbus server
[2024-11-26T06:57:00.764Z] Error reading register 6507 for IP 10.30.4.128: no connection to modbus server
[2024-11-26T06:57:00.914Z] Error reading or processing Modbus registers: no connection to modbus server
[2024-11-26T06:57:00.914Z] Error reading register 6507 for IP 10.30.4.128: no connection to modbus server
[2024-11-26T06:57:00.959Z] Error writing to Modbus register: no connection to modbus server
[2024-11-26T06:57:01.036Z] Error writing to Modbus register: no connection to modbus server
[2024-11-26T06:57:01.201Z] Error writing to Modbus register: no connection to modbus server
[2024-11-26T06:57:01.277Z] Error reading register 6507 for IP 10.30.4.128: no connection to modbus server
[2024-11-26T06:57:01.277Z] Error reading or processing Modbus registers: no connection to modbus server
[2024-11-26T06:57:01.277Z] Error reading register 6507 for IP 10.30.4.128: no connection to modbus server
[2024-11-26T06:57:01.277Z] Error reading or processing Modbus registers: no connection to modbus server
[2024-11-26T06:57:01.764Z] Error reading or processing Modbus registers: no connection to modbus server
[2024-11-26T06:57:01.764Z] Error reading register 6507 for IP 10.30.4.128: no connection to modbus server
[2024-11-26T06:57:01.918Z] Error reading or processing Modbus registers: no connection to modbus server
[2024-11-26T06:57:01.918Z] Error reading register 6507 for IP 10.30.4.128: no connection to modbus server
[2024-11-26T06:57:02.054Z] Error writing to Modbus register: no connection to modbus server
[2024-11-26T06:57:02.284Z] Error reading or processing Modbus registers: no connection to modbus server
[2024-11-26T06:57:02.284Z] Error reading register 6507 for IP 10.30.4.128: no connection to modbus server
[2024-11-26T06:57:02.284Z] Error reading or processing Modbus registers: no connection to modbus server
[2024-11-26T06:57:02.284Z] Error reading register 6507 for IP 10.30.4.128: no connection to modbus server
[2024-11-26T06:57:02.773Z] Error reading or processing Modbus registers: no connection to modbus server
[2024-11-26T06:57:02.773Z] Error reading register 6507 for IP 10.30.4.128: no connection to modbus server
[2024-11-26T06:57:02.925Z] Error reading or processing Modbus registers: no connection to modbus server
[2024-11-26T06:57:02.925Z] Error reading register 6507 for IP 10.30.4.128: no connection to modbus server
[2024-11-26T06:57:02.969Z] Error writing to Modbus register: no connection to modbus server
[2024-11-26T06:57:03.046Z] Error writing to Modbus register: no connection to modbus server
[2024-11-26T06:57:03.214Z] Error writing to Modbus register: no connection to modbus server
[2024-11-26T06:57:03.289Z] Error reading register 6507 for IP 10.30.4.128: no connection to modbus server
[2024-11-26T06:57:03.289Z] Error reading or processing Modbus registers: no connection to modbus server
[2024-11-26T06:57:03.290Z] Error reading or processing Modbus registers: no connection to modbus server
[2024-11-26T06:57:03.290Z] Error reading register 6507 for IP 10.30.4.128: no connection to modbus server
[2024-11-26T06:57:03.776Z] Error reading or processing Modbus registers: no connection to modbus server
[2024-11-26T06:57:03.776Z] Error reading register 6507 for IP 10.30.4.128: no connection to modbus server
[2024-11-26T06:57:03.929Z] Error reading or processing Modbus registers: no connection to modbus server
[2024-11-26T06:57:03.929Z] Error reading register 6507 for IP 10.30.4.128: no connection to modbus server
[2024-11-26T06:57:04.064Z] Error writing to Modbus register: no connection to modbus server
[2024-11-26T06:57:04.291Z] Error reading or processing Modbus registers: no connection to modbus server
[2024-11-26T06:57:04.292Z] Error reading register 6507 for IP 10.30.4.128: no connection to modbus server
[2024-11-26T06:57:04.292Z] Error reading or processing Modbus registers: no connection to modbus server
[2024-11-26T06:57:04.292Z] Error reading register 6507 for IP 10.30.4.128: no connection to modbus server
[2024-11-26T06:57:04.790Z] Error reading or processing Modbus registers: no connection to modbus server
[2024-11-26T06:57:04.790Z] Error reading register 6507 for IP 10.30.4.128: no connection to modbus server
[2024-11-26T06:57:04.942Z] Error reading or processing Modbus registers: no connection to modbus server
[2024-11-26T06:57:04.942Z] Error reading register 6507 for IP 10.30.4.128: no connection to modbus server
[2024-11-26T06:57:04.974Z] Error writing to Modbus register: no connection to modbus server
[2024-11-26T06:57:05.049Z] Error writing to Modbus register: no connection to modbus server
[2024-11-26T06:57:05.215Z] Error writing to Modbus register: no connection to modbus server
[2024-11-26T06:57:05.305Z] Error reading or processing Modbus registers: no connection to modbus server
[2024-11-26T06:57:05.306Z] Error reading register 6507 for IP 10.30.4.128: no connection to modbus server
[2024-11-26T06:57:05.306Z] Error reading or processing Modbus registers: no connection to modbus server
[2024-11-26T06:57:05.306Z] Error reading register 6507 for IP 10.30.4.128: no connection to modbus server
[2024-11-26T06:57:05.791Z] Error reading or processing Modbus registers: no connection to modbus server
[2024-11-26T06:57:05.791Z] Error reading register 6507 for IP 10.30.4.128: no connection to modbus server
[2024-11-26T06:57:05.957Z] Error reading or processing Modbus registers: no connection to modbus server
[2024-11-26T06:57:05.957Z] Error reading register 6507 for IP 10.30.4.128: no connection to modbus server
[2024-11-26T06:57:06.077Z] Error writing to Modbus register: no connection to modbus server
[2024-11-26T06:57:06.319Z] Error reading or processing Modbus registers: no connection to modbus server
[2024-11-26T06:57:06.319Z] Error reading register 6507 for IP 10.30.4.128: no connection to modbus server
[2024-11-26T06:57:06.319Z] Error reading or processing Modbus registers: no connection to modbus server
[2024-11-26T06:57:06.319Z] Error reading register 6507 for IP 10.30.4.128: no connection to modbus server
[2024-11-26T06:57:06.804Z] Error reading or processing Modbus registers: no connection to modbus server
[2024-11-26T06:57:06.804Z] Error reading register 6507 for IP 10.30.4.128: no connection to modbus server
[2024-11-26T06:57:06.971Z] Error reading or processing Modbus registers: no connection to modbus server
[2024-11-26T06:57:06.971Z] Error reading register 6507 for IP 10.30.4.128: no connection to modbus server
[2024-11-26T06:57:06.986Z] Error writing to Modbus register: no connection to modbus server
[2024-11-26T06:57:07.061Z] Error writing to Modbus register: no connection to modbus server
[2024-11-26T06:57:07.228Z] Error writing to Modbus register: no connection to modbus server
[2024-11-26T06:57:07.334Z] Error reading or processing Modbus registers: no connection to modbus server
[2024-11-26T06:57:07.334Z] Error reading register 6507 for IP 10.30.4.128: no connection to modbus server
[2024-11-26T06:57:07.334Z] Error reading or processing Modbus registers: no connection to modbus server
[2024-11-26T06:57:07.334Z] Error reading register 6507 for IP 10.30.4.128: no connection to modbus server
[2024-11-26T06:57:07.818Z] Error reading register 6507 for IP 10.30.4.128: no connection to modbus server
[2024-11-26T06:57:07.818Z] Error reading or processing Modbus registers: no connection to modbus server
[2024-11-26T06:57:07.986Z] Error reading or processing Modbus registers: no connection to modbus server
[2024-11-26T06:57:07.986Z] Error reading register 6507 for IP 10.30.4.128: no connection to modbus server
[2024-11-26T06:57:08.092Z] Error writing to Modbus register: no connection to modbus server
[2024-11-26T06:57:08.335Z] Error reading register 6507 for IP 10.30.4.128: no connection to modbus server
[2024-11-26T06:57:08.335Z] Error reading or processing Modbus registers: no connection to modbus server
[2024-11-26T06:57:08.335Z] Error reading or processing Modbus registers: no connection to modbus server
[2024-11-26T06:57:08.335Z] Error reading register 6507 for IP 10.30.4.128: no connection to modbus server
[2024-11-26T06:57:08.826Z] Error reading or processing Modbus registers: no connection to modbus server
[2024-11-26T06:57:08.826Z] Error reading register 6507 for IP 10.30.4.128: no connection to modbus server
[2024-11-26T06:57:08.997Z] Error reading or processing Modbus registers: no connection to modbus server
[2024-11-26T06:57:08.997Z] Error reading register 6507 for IP 10.30.4.128: no connection to modbus server
[2024-11-26T06:57:08.997Z] Error writing to Modbus register: no connection to modbus server
[2024-11-26T06:57:09.073Z] Error writing to Modbus register: no connection to modbus server
[2024-11-26T06:57:09.241Z] Error writing to Modbus register: no connection to modbus server
[2024-11-26T06:57:09.348Z] Error reading or processing Modbus registers: no connection to modbus server
[2024-11-26T06:57:09.348Z] Error reading register 6507 for IP 10.30.4.128: no connection to modbus server
[2024-11-26T06:57:09.348Z] Error reading register 6507 for IP 10.30.4.128: no connection to modbus server
[2024-11-26T06:57:09.348Z] Error reading or processing Modbus registers: no connection to modbus server
[2024-11-26T06:57:09.837Z] Error reading or processing Modbus registers: no connection to modbus server
[2024-11-26T06:57:09.837Z] Error reading register 6507 for IP 10.30.4.128: no connection to modbus server
[2024-11-26T06:57:10.006Z] Error reading or processing Modbus registers: no connection to modbus server
[2024-11-26T06:57:10.006Z] Error reading register 6507 for IP 10.30.4.128: no connection to modbus server
[2024-11-26T06:57:10.098Z] Error writing to Modbus register: no connection to modbus server
[2024-11-26T06:57:10.357Z] Error reading or processing Modbus registers: no connection to modbus server
[2024-11-26T06:57:10.357Z] Error reading register 6507 for IP 10.30.4.128: no connection to modbus server
[2024-11-26T06:57:10.357Z] Error reading or processing Modbus registers: no connection to modbus server
[2024-11-26T06:57:10.357Z] Error reading register 6507 for IP 10.30.4.128: no connection to modbus server
[2024-11-26T06:57:10.843Z] Error reading or processing Modbus registers: no connection to modbus server
[2024-11-26T06:57:10.843Z] Error reading register 6507 for IP 10.30.4.128: no connection to modbus server
[2024-11-26T06:57:11.009Z] Error writing to Modbus register: no connection to modbus server
[2024-11-26T06:57:11.010Z] Error reading or processing Modbus registers: no connection to modbus server
[2024-11-26T06:57:11.010Z] Error reading register 6507 for IP 10.30.4.128: no connection to modbus server
[2024-11-26T06:57:11.085Z] Error writing to Modbus register: no connection to modbus server
[2024-11-26T06:57:11.252Z] Error writing to Modbus register: no connection to modbus server
[2024-11-26T06:57:11.357Z] Error reading or processing Modbus registers: no connection to modbus server
[2024-11-26T06:57:11.357Z] Error reading register 6507 for IP 10.30.4.128: no connection to modbus server
[2024-11-26T06:57:11.357Z] Error reading or processing Modbus registers: no connection to modbus server
[2024-11-26T06:57:11.357Z] Error reading register 6507 for IP 10.30.4.128: no connection to modbus server
[2024-11-26T06:57:11.856Z] Error reading or processing Modbus registers: no connection to modbus server
[2024-11-26T06:57:11.856Z] Error reading register 6507 for IP 10.30.4.128: no connection to modbus server
[2024-11-26T06:57:12.024Z] Error reading or processing Modbus registers: no connection to modbus server
[2024-11-26T06:57:12.024Z] Error reading register 6507 for IP 10.30.4.128: no connection to modbus server
[2024-11-26T06:57:12.100Z] Error writing to Modbus register: no connection to modbus server
[2024-11-26T06:57:12.357Z] Error reading or processing Modbus registers: no connection to modbus server
[2024-11-26T06:57:12.357Z] Error reading or processing Modbus registers: no connection to modbus server
[2024-11-26T06:57:12.357Z] Error reading register 6507 for IP 10.30.4.128: no connection to modbus server
[2024-11-26T06:57:12.357Z] Error reading register 6507 for IP 10.30.4.128: no connection to modbus server
[2024-11-26T06:57:12.858Z] Error reading or processing Modbus registers: no connection to modbus server
[2024-11-26T06:57:12.858Z] Error reading register 6507 for IP 10.30.4.128: no connection to modbus server
[2024-11-26T06:57:13.024Z] Error writing to Modbus register: no connection to modbus server
[2024-11-26T06:57:13.024Z] Error reading register 6507 for IP 10.30.4.128: no connection to modbus server
[2024-11-26T06:57:13.024Z] Error reading or processing Modbus registers: no connection to modbus server
[2024-11-26T06:57:13.086Z] Error writing to Modbus register: no connection to modbus server
[2024-11-26T06:57:13.253Z] Error writing to Modbus register: no connection to modbus server
[2024-11-26T06:57:13.359Z] Error reading or processing Modbus registers: no connection to modbus server
[2024-11-26T06:57:13.359Z] Error reading register 6507 for IP 10.30.4.128: no connection to modbus server
[2024-11-26T06:57:13.359Z] Error reading register 6507 for IP 10.30.4.128: no connection to modbus server
[2024-11-26T06:57:13.359Z] Error reading or processing Modbus registers: no connection to modbus server
[2024-11-26T06:57:13.860Z] Error reading or processing Modbus registers: no connection to modbus server
[2024-11-26T06:57:13.860Z] Error reading register 6507 for IP 10.30.4.128: no connection to modbus server
[2024-11-26T06:57:14.027Z] Error reading or processing Modbus registers: no connection to modbus server
[2024-11-26T06:57:14.027Z] Error reading register 6507 for IP 10.30.4.128: no connection to modbus server
[2024-11-26T06:57:14.103Z] Error writing to Modbus register: no connection to modbus server
[2024-11-26T06:57:14.361Z] Error reading register 6507 for IP 10.30.4.128: no connection to modbus server
[2024-11-26T06:57:14.361Z] Error reading or processing Modbus registers: no connection to modbus server
[2024-11-26T06:57:14.361Z] Error reading register 6507 for IP 10.30.4.128: no connection to modbus server
[2024-11-26T06:57:14.361Z] Error reading or processing Modbus registers: no connection to modbus server
[2024-11-26T06:57:14.874Z] Error reading or processing Modbus registers: no connection to modbus server
[2024-11-26T06:57:14.874Z] Error reading register 6507 for IP 10.30.4.128: no connection to modbus server
[2024-11-26T06:57:15.026Z] Error reading or processing Modbus registers: no connection to modbus server
[2024-11-26T06:57:15.026Z] Error writing to Modbus register: no connection to modbus server
[2024-11-26T06:57:15.026Z] Error reading register 6507 for IP 10.30.4.128: no connection to modbus server
[2024-11-26T06:57:15.086Z] Error writing to Modbus register: no connection to modbus server
[2024-11-26T06:57:15.254Z] Error writing to Modbus register: no connection to modbus server
[2024-11-26T06:57:15.374Z] Error reading or processing Modbus registers: no connection to modbus server
[2024-11-26T06:57:15.374Z] Error reading register 6507 for IP 10.30.4.128: no connection to modbus server
[2024-11-26T06:57:15.374Z] Error reading or processing Modbus registers: no connection to modbus server
[2024-11-26T06:57:15.374Z] Error reading register 6507 for IP 10.30.4.128: no connection to modbus server
[2024-11-26T06:57:15.877Z] Error reading register 6507 for IP 10.30.4.128: no connection to modbus server
[2024-11-26T06:57:15.877Z] Error reading or processing Modbus registers: no connection to modbus server
[2024-11-26T06:57:16.028Z] Error reading or processing Modbus registers: no connection to modbus server
[2024-11-26T06:57:16.028Z] Error reading register 6507 for IP 10.30.4.128: no connection to modbus server
[2024-11-26T06:57:16.105Z] Error writing to Modbus register: no connection to modbus server
[2024-11-26T06:57:16.378Z] Error reading or processing Modbus registers: no connection to modbus server
[2024-11-26T06:57:16.378Z] Error reading register 6507 for IP 10.30.4.128: no connection to modbus server
[2024-11-26T06:57:16.378Z] Error reading or processing Modbus registers: no connection to modbus server
[2024-11-26T06:57:16.378Z] Error reading register 6507 for IP 10.30.4.128: no connection to modbus server
[2024-11-26T06:57:16.880Z] Error reading or processing Modbus registers: no connection to modbus server
[2024-11-26T06:57:16.880Z] Error reading register 6507 for IP 10.30.4.128: no connection to modbus server
[2024-11-26T06:57:17.032Z] Error writing to Modbus register: no connection to modbus server
[2024-11-26T06:57:17.032Z] Error reading or processing Modbus registers: no connection to modbus server
[2024-11-26T06:57:17.032Z] Error reading register 6507 for IP 10.30.4.128: no connection to modbus server
[2024-11-26T06:57:17.093Z] Error writing to Modbus register: no connection to modbus server
[2024-11-26T06:57:17.259Z] Error writing to Modbus register: no connection to modbus server
[2024-11-26T06:57:17.381Z] Error reading or processing Modbus registers: no connection to modbus server
[2024-11-26T06:57:17.381Z] Error reading register 6507 for IP 10.30.4.128: no connection to modbus server
[2024-11-26T06:57:17.381Z] Error reading register 6507 for IP 10.30.4.128: no connection to modbus server
[2024-11-26T06:57:17.381Z] Error reading or processing Modbus registers: no connection to modbus server
[2024-11-26T06:57:17.894Z] Error reading or processing Modbus registers: no connection to modbus server
[2024-11-26T06:57:17.894Z] Error reading register 6507 for IP 10.30.4.128: no connection to modbus server
[2024-11-26T06:57:18.033Z] Error reading or processing Modbus registers: no connection to modbus server
[2024-11-26T06:57:18.033Z] Error reading register 6507 for IP 10.30.4.128: no connection to modbus server
[2024-11-26T06:57:18.108Z] Error writing to Modbus register: no connection to modbus server
[2024-11-26T06:57:18.381Z] Error reading or processing Modbus registers: no connection to modbus server
[2024-11-26T06:57:18.381Z] Error reading register 6507 for IP 10.30.4.128: no connection to modbus server
[2024-11-26T06:57:18.381Z] Error reading or processing Modbus registers: no connection to modbus server
[2024-11-26T06:57:18.382Z] Error reading register 6507 for IP 10.30.4.128: no connection to modbus server
[2024-11-26T06:57:18.896Z] Error reading register 6507 for IP 10.30.4.128: no connection to modbus server
[2024-11-26T06:57:18.896Z] Error reading or processing Modbus registers: no connection to modbus server
[2024-11-26T06:57:19.033Z] Error writing to Modbus register: no connection to modbus server
[2024-11-26T06:57:19.033Z] Error reading or processing Modbus registers: no connection to modbus server
[2024-11-26T06:57:19.033Z] Error reading register 6507 for IP 10.30.4.128: no connection to modbus server
[2024-11-26T06:57:19.107Z] Error writing to Modbus register: no connection to modbus server
[2024-11-26T06:57:19.259Z] Error writing to Modbus register: no connection to modbus server
[2024-11-26T06:57:19.396Z] Error reading or processing Modbus registers: no connection to modbus server
[2024-11-26T06:57:19.396Z] Error reading register 6507 for IP 10.30.4.128: no connection to modbus server
[2024-11-26T06:57:19.396Z] Error reading or processing Modbus registers: no connection to modbus server
[2024-11-26T06:57:19.396Z] Error reading register 6507 for IP 10.30.4.128: no connection to modbus server
[2024-11-26T06:57:19.909Z] Error reading or processing Modbus registers: no connection to modbus server
[2024-11-26T06:57:19.909Z] Error reading register 6507 for IP 10.30.4.128: no connection to modbus server
[2024-11-26T06:57:20.046Z] Error reading or processing Modbus registers: no connection to modbus server
[2024-11-26T06:57:20.046Z] Error reading register 6507 for IP 10.30.4.128: no connection to modbus server
[2024-11-26T06:57:20.121Z] Error writing to Modbus register: no connection to modbus server
[2024-11-26T06:57:20.410Z] Error reading or processing Modbus registers: no connection to modbus server
[2024-11-26T06:57:20.411Z] Error reading register 6507 for IP 10.30.4.128: no connection to modbus server
[2024-11-26T06:57:20.411Z] Error reading or processing Modbus registers: no connection to modbus server
[2024-11-26T06:57:20.411Z] Error reading register 6507 for IP 10.30.4.128: no connection to modbus server
[2024-11-26T06:57:20.924Z] Error reading or processing Modbus registers: no connection to modbus server
[2024-11-26T06:57:20.924Z] Error reading register 6507 for IP 10.30.4.128: no connection to modbus server
[2024-11-26T06:57:21.044Z] Error writing to Modbus register: no connection to modbus server
[2024-11-26T06:57:21.060Z] Error reading or processing Modbus registers: no connection to modbus server
[2024-11-26T06:57:21.060Z] Error reading register 6507 for IP 10.30.4.128: no connection to modbus server
[2024-11-26T06:57:21.120Z] Error writing to Modbus register: no connection to modbus server
[2024-11-26T06:57:21.263Z] Error writing to Modbus register: no connection to modbus server
[2024-11-26T06:57:21.423Z] Error reading or processing Modbus registers: no connection to modbus server
[2024-11-26T06:57:21.423Z] Error reading register 6507 for IP 10.30.4.128: no connection to modbus server
[2024-11-26T06:57:21.423Z] Error reading or processing Modbus registers: no connection to modbus server
[2024-11-26T06:57:21.423Z] Error reading register 6507 for IP 10.30.4.128: no connection to modbus server
[2024-11-26T06:57:21.927Z] Error reading or processing Modbus registers: no connection to modbus server
[2024-11-26T06:57:21.927Z] Error reading register 6507 for IP 10.30.4.128: no connection to modbus server
[2024-11-26T06:57:22.064Z] Error reading or processing Modbus registers: no connection to modbus server
[2024-11-26T06:57:22.064Z] Error reading register 6507 for IP 10.30.4.128: no connection to modbus server
[2024-11-26T06:57:22.124Z] Error writing to Modbus register: no connection to modbus server
[2024-11-26T06:57:22.427Z] Error reading register 6507 for IP 10.30.4.128: no connection to modbus server
[2024-11-26T06:57:22.427Z] Error reading or processing Modbus registers: no connection to modbus server
[2024-11-26T06:57:22.427Z] Error reading or processing Modbus registers: no connection to modbus server
[2024-11-26T06:57:22.427Z] Error reading register 6507 for IP 10.30.4.128: no connection to modbus server
[2024-11-26T06:57:22.942Z] Error reading or processing Modbus registers: no connection to modbus server
[2024-11-26T06:57:22.942Z] Error reading register 6507 for IP 10.30.4.128: no connection to modbus server
[2024-11-26T06:57:23.048Z] Error writing to Modbus register: no connection to modbus server
[2024-11-26T06:57:23.077Z] Error reading or processing Modbus registers: no connection to modbus server
[2024-11-26T06:57:23.077Z] Error reading register 6507 for IP 10.30.4.128: no connection to modbus server
[2024-11-26T06:57:23.122Z] Error writing to Modbus register: no connection to modbus server
[2024-11-26T06:57:23.275Z] Error writing to Modbus register: no connection to modbus server
[2024-11-26T06:57:23.428Z] Error reading register 6507 for IP 10.30.4.128: no connection to modbus server
[2024-11-26T06:57:23.427Z] Error reading or processing Modbus registers: no connection to modbus server
[2024-11-26T06:57:23.428Z] Error reading or processing Modbus registers: no connection to modbus server
[2024-11-26T06:57:23.428Z] Error reading register 6507 for IP 10.30.4.128: no connection to modbus server
[2024-11-26T06:57:23.953Z] Error reading or processing Modbus registers: no connection to modbus server
[2024-11-26T06:57:23.953Z] Error reading register 6507 for IP 10.30.4.128: no connection to modbus server
[2024-11-26T06:57:24.089Z] Error reading or processing Modbus registers: no connection to modbus server
[2024-11-26T06:57:24.089Z] Error reading register 6507 for IP 10.30.4.128: no connection to modbus server
[2024-11-26T06:57:24.135Z] Error writing to Modbus register: no connection to modbus server
[2024-11-26T06:57:24.440Z] Error reading register 6507 for IP 10.30.4.128: no connection to modbus server
[2024-11-26T06:57:24.440Z] Error reading or processing Modbus registers: no connection to modbus server
[2024-11-26T06:57:24.440Z] Error reading or processing Modbus registers: no connection to modbus server
[2024-11-26T06:57:24.440Z] Error reading register 6507 for IP 10.30.4.128: no connection to modbus server
[2024-11-26T06:57:24.956Z] Error reading or processing Modbus registers: no connection to modbus server
[2024-11-26T06:57:24.956Z] Error reading register 6507 for IP 10.30.4.128: no connection to modbus server
[2024-11-26T06:57:25.050Z] Error writing to Modbus register: no connection to modbus server
[2024-11-26T06:57:25.095Z] Error reading or processing Modbus registers: no connection to modbus server
[2024-11-26T06:57:25.095Z] Error reading register 6507 for IP 10.30.4.128: no connection to modbus server
[2024-11-26T06:57:25.125Z] Error writing to Modbus register: no connection to modbus server
[2024-11-26T06:57:25.276Z] Error writing to Modbus register: no connection to modbus server
[2024-11-26T06:57:25.444Z] Error reading or processing Modbus registers: no connection to modbus server
[2024-11-26T06:57:25.444Z] Error reading register 6507 for IP 10.30.4.128: no connection to modbus server
[2024-11-26T06:57:25.444Z] Error reading or processing Modbus registers: no connection to modbus server
[2024-11-26T06:57:25.444Z] Error reading register 6507 for IP 10.30.4.128: no connection to modbus server
[2024-11-26T06:57:25.960Z] Error reading register 6507 for IP 10.30.4.128: no connection to modbus server
[2024-11-26T06:57:25.960Z] Error reading or processing Modbus registers: no connection to modbus server
[2024-11-26T06:57:26.096Z] Error reading register 6507 for IP 10.30.4.128: no connection to modbus server
[2024-11-26T06:57:26.096Z] Error reading or processing Modbus registers: no connection to modbus server
[2024-11-26T06:57:26.140Z] Error writing to Modbus register: no connection to modbus server
[2024-11-26T06:57:26.444Z] Error reading or processing Modbus registers: no connection to modbus server
[2024-11-26T06:57:26.444Z] Error reading register 6507 for IP 10.30.4.128: no connection to modbus server
[2024-11-26T06:57:26.444Z] Error reading or processing Modbus registers: no connection to modbus server
[2024-11-26T06:57:26.444Z] Error reading register 6507 for IP 10.30.4.128: no connection to modbus server
[2024-11-26T06:57:26.973Z] Error reading or processing Modbus registers: no connection to modbus server
[2024-11-26T06:57:26.974Z] Error reading register 6507 for IP 10.30.4.128: no connection to modbus server
[2024-11-26T06:57:27.050Z] Error writing to Modbus register: no connection to modbus server
[2024-11-26T06:57:27.109Z] Error reading or processing Modbus registers: no connection to modbus server
[2024-11-26T06:57:27.109Z] Error reading register 6507 for IP 10.30.4.128: no connection to modbus server
[2024-11-26T06:57:27.125Z] Error writing to Modbus register: no connection to modbus server
[2024-11-26T06:57:27.277Z] Error writing to Modbus register: no connection to modbus server
[2024-11-26T06:57:27.458Z] Error reading or processing Modbus registers: no connection to modbus server
[2024-11-26T06:57:27.458Z] Error reading register 6507 for IP 10.30.4.128: no connection to modbus server
[2024-11-26T06:57:27.458Z] Error reading register 6507 for IP 10.30.4.128: no connection to modbus server
[2024-11-26T06:57:27.458Z] Error reading or processing Modbus registers: no connection to modbus server
[2024-11-26T06:57:27.986Z] Error reading or processing Modbus registers: no connection to modbus server
[2024-11-26T06:57:27.986Z] Error reading register 6507 for IP 10.30.4.128: no connection to modbus server
[2024-11-26T06:57:28.123Z] Error reading or processing Modbus registers: no connection to modbus server
[2024-11-26T06:57:28.123Z] Error reading register 6507 for IP 10.30.4.128: no connection to modbus server
[2024-11-26T06:57:28.153Z] Error writing to Modbus register: no connection to modbus server
[2024-11-26T06:57:28.472Z] Error reading or processing Modbus registers: no connection to modbus server
[2024-11-26T06:57:28.472Z] Error reading register 6507 for IP 10.30.4.128: no connection to modbus server
[2024-11-26T06:57:28.472Z] Error reading or processing Modbus registers: no connection to modbus server
[2024-11-26T06:57:28.472Z] Error reading register 6507 for IP 10.30.4.128: no connection to modbus server
[2024-11-26T06:57:28.987Z] Error reading or processing Modbus registers: no connection to modbus server
[2024-11-26T06:57:28.987Z] Error reading register 6507 for IP 10.30.4.128: no connection to modbus server
[2024-11-26T06:57:29.063Z] Error writing to Modbus register: no connection to modbus server
[2024-11-26T06:57:29.124Z] Error reading or processing Modbus registers: no connection to modbus server
[2024-11-26T06:57:29.124Z] Error reading register 6507 for IP 10.30.4.128: no connection to modbus server
[2024-11-26T06:57:29.139Z] Error writing to Modbus register: no connection to modbus server
[2024-11-26T06:57:29.290Z] Error writing to Modbus register: no connection to modbus server
[2024-11-26T06:57:29.473Z] Error reading or processing Modbus registers: no connection to modbus server
[2024-11-26T06:57:29.474Z] Error reading or processing Modbus registers: no connection to modbus server
[2024-11-26T06:57:29.474Z] Error reading register 6507 for IP 10.30.4.128: no connection to modbus server
[2024-11-26T06:57:29.473Z] Error reading register 6507 for IP 10.30.4.128: no connection to modbus server
[2024-11-26T06:57:29.988Z] Error reading or processing Modbus registers: no connection to modbus server
[2024-11-26T06:57:29.988Z] Error reading register 6507 for IP 10.30.4.128: no connection to modbus server
[2024-11-26T06:57:30.124Z] Error reading or processing Modbus registers: no connection to modbus server
[2024-11-26T06:57:30.124Z] Error reading register 6507 for IP 10.30.4.128: no connection to modbus server
[2024-11-26T06:57:30.155Z] Error writing to Modbus register: no connection to modbus server
[2024-11-26T06:57:30.487Z] Error reading or processing Modbus registers: no connection to modbus server
[2024-11-26T06:57:30.487Z] Error reading register 6507 for IP 10.30.4.128: no connection to modbus server
[2024-11-26T06:57:30.487Z] Error reading or processing Modbus registers: no connection to modbus server
[2024-11-26T06:57:30.487Z] Error reading register 6507 for IP 10.30.4.128: no connection to modbus server
[2024-11-26T06:57:31.001Z] Error reading or processing Modbus registers: no connection to modbus server
[2024-11-26T06:57:31.001Z] Error reading register 6507 for IP 10.30.4.128: no connection to modbus server
[2024-11-26T06:57:31.077Z] Error writing to Modbus register: no connection to modbus server
[2024-11-26T06:57:31.138Z] Error reading or processing Modbus registers: no connection to modbus server
[2024-11-26T06:57:31.139Z] Error reading register 6507 for IP 10.30.4.128: no connection to modbus server
[2024-11-26T06:57:31.139Z] Error writing to Modbus register: no connection to modbus server
[2024-11-26T06:57:31.296Z] Error writing to Modbus register: no connection to modbus server
[2024-11-26T06:57:31.487Z] Error reading or processing Modbus registers: no connection to modbus server
[2024-11-26T06:57:31.487Z] Error reading register 6507 for IP 10.30.4.128: no connection to modbus server
[2024-11-26T06:57:31.487Z] Error reading register 6507 for IP 10.30.4.128: no connection to modbus server
[2024-11-26T06:57:31.487Z] Error reading or processing Modbus registers: no connection to modbus server
[2024-11-26T06:57:32.002Z] Error reading or processing Modbus registers: no connection to modbus server
[2024-11-26T06:57:32.002Z] Error reading register 6507 for IP 10.30.4.128: no connection to modbus server
[2024-11-26T06:57:32.140Z] Error reading register 6507 for IP 10.30.4.128: no connection to modbus server
[2024-11-26T06:57:32.139Z] Error reading or processing Modbus registers: no connection to modbus server
[2024-11-26T06:57:32.170Z] Error writing to Modbus register: no connection to modbus server
[2024-11-26T06:57:32.490Z] Error reading or processing Modbus registers: no connection to modbus server
[2024-11-26T06:57:32.490Z] Error reading register 6507 for IP 10.30.4.128: no connection to modbus server
[2024-11-26T06:57:32.490Z] Error reading register 6507 for IP 10.30.4.128: no connection to modbus server
[2024-11-26T06:57:32.490Z] Error reading or processing Modbus registers: no connection to modbus server
[2024-11-26T06:57:33.006Z] Error reading register 6507 for IP 10.30.4.128: no connection to modbus server
[2024-11-26T06:57:33.006Z] Error reading or processing Modbus registers: no connection to modbus server
[2024-11-26T06:57:33.082Z] Error writing to Modbus register: no connection to modbus server
[2024-11-26T06:57:33.142Z] Error reading or processing Modbus registers: no connection to modbus server
[2024-11-26T06:57:33.142Z] Error reading register 6507 for IP 10.30.4.128: no connection to modbus server
[2024-11-26T06:57:33.142Z] Error writing to Modbus register: no connection to modbus server
[2024-11-26T06:57:33.309Z] Error writing to Modbus register: no connection to modbus server
[2024-11-26T06:57:33.491Z] Error reading or processing Modbus registers: no connection to modbus server
[2024-11-26T06:57:33.491Z] Error reading register 6507 for IP 10.30.4.128: no connection to modbus server
[2024-11-26T06:57:33.492Z] Error reading or processing Modbus registers: no connection to modbus server
[2024-11-26T06:57:33.492Z] Error reading register 6507 for IP 10.30.4.128: no connection to modbus server
[2024-11-26T06:57:34.006Z] Error reading or processing Modbus registers: no connection to modbus server
[2024-11-26T06:57:34.006Z] Error reading register 6507 for IP 10.30.4.128: no connection to modbus server
[2024-11-26T06:57:34.143Z] Error reading or processing Modbus registers: no connection to modbus server
[2024-11-26T06:57:34.143Z] Error reading register 6507 for IP 10.30.4.128: no connection to modbus server
[2024-11-26T06:57:34.174Z] Error writing to Modbus register: no connection to modbus server
[2024-11-26T06:57:34.493Z] Error reading or processing Modbus registers: no connection to modbus server
[2024-11-26T06:57:34.493Z] Error reading or processing Modbus registers: no connection to modbus server
[2024-11-26T06:57:34.493Z] Error reading register 6507 for IP 10.30.4.128: no connection to modbus server
[2024-11-26T06:57:34.493Z] Error reading register 6507 for IP 10.30.4.128: no connection to modbus server
[2024-11-26T06:57:35.007Z] Error reading or processing Modbus registers: no connection to modbus server
[2024-11-26T06:57:35.007Z] Error reading register 6507 for IP 10.30.4.128: no connection to modbus server
[2024-11-26T06:57:35.084Z] Error writing to Modbus register: no connection to modbus server
[2024-11-26T06:57:35.145Z] Error writing to Modbus register: no connection to modbus server
[2024-11-26T06:57:35.145Z] Error reading or processing Modbus registers: no connection to modbus server
[2024-11-26T06:57:35.145Z] Error reading register 6507 for IP 10.30.4.128: no connection to modbus server
[2024-11-26T06:57:35.311Z] Error writing to Modbus register: no connection to modbus server
[2024-11-26T06:57:35.508Z] Error reading register 6507 for IP 10.30.4.128: no connection to modbus server
[2024-11-26T06:57:35.508Z] Error reading or processing Modbus registers: no connection to modbus server
[2024-11-26T06:57:35.508Z] Error reading register 6507 for IP 10.30.4.128: no connection to modbus server
[2024-11-26T06:57:35.508Z] Error reading or processing Modbus registers: no connection to modbus server
[2024-11-26T06:57:36.009Z] Error reading or processing Modbus registers: no connection to modbus server
[2024-11-26T06:57:36.009Z] Error reading register 6507 for IP 10.30.4.128: no connection to modbus server
[2024-11-26T06:57:36.160Z] Error reading or processing Modbus registers: no connection to modbus server
[2024-11-26T06:57:36.160Z] Error reading register 6507 for IP 10.30.4.128: no connection to modbus server
[2024-11-26T06:57:36.174Z] Error writing to Modbus register: no connection to modbus server
[2024-11-26T06:57:36.507Z] Error reading or processing Modbus registers: no connection to modbus server
[2024-11-26T06:57:36.507Z] Error reading register 6507 for IP 10.30.4.128: no connection to modbus server
[2024-11-26T06:57:36.508Z] Error reading or processing Modbus registers: no connection to modbus server
[2024-11-26T06:57:36.508Z] Error reading register 6507 for IP 10.30.4.128: no connection to modbus server
[2024-11-26T06:57:37.023Z] Error reading or processing Modbus registers: no connection to modbus server
[2024-11-26T06:57:37.023Z] Error reading register 6507 for IP 10.30.4.128: no connection to modbus server
[2024-11-26T06:57:37.098Z] Error writing to Modbus register: no connection to modbus server
[2024-11-26T06:57:37.160Z] Error writing to Modbus register: no connection to modbus server
[2024-11-26T06:57:37.160Z] Error reading or processing Modbus registers: no connection to modbus server
[2024-11-26T06:57:37.160Z] Error reading register 6507 for IP 10.30.4.128: no connection to modbus server
[2024-11-26T06:57:37.311Z] Error writing to Modbus register: no connection to modbus server
[2024-11-26T06:57:37.509Z] Error reading or processing Modbus registers: no connection to modbus server
[2024-11-26T06:57:37.509Z] Error reading register 6507 for IP 10.30.4.128: no connection to modbus server
[2024-11-26T06:57:37.509Z] Error reading or processing Modbus registers: no connection to modbus server
[2024-11-26T06:57:37.509Z] Error reading register 6507 for IP 10.30.4.128: no connection to modbus server
[2024-11-26T06:57:38.022Z] Error reading or processing Modbus registers: no connection to modbus server
[2024-11-26T06:57:38.022Z] Error reading register 6507 for IP 10.30.4.128: no connection to modbus server
[2024-11-26T06:57:38.174Z] Error reading or processing Modbus registers: no connection to modbus server
[2024-11-26T06:57:38.174Z] Error writing to Modbus register: no connection to modbus server
[2024-11-26T06:57:38.174Z] Error reading register 6507 for IP 10.30.4.128: no connection to modbus server
[2024-11-26T06:57:38.510Z] Error reading register 6507 for IP 10.30.4.128: no connection to modbus server
[2024-11-26T06:57:38.510Z] Error reading or processing Modbus registers: no connection to modbus server
[2024-11-26T06:57:38.510Z] Error reading or processing Modbus registers: no connection to modbus server
[2024-11-26T06:57:38.510Z] Error reading register 6507 for IP 10.30.4.128: no connection to modbus server
[2024-11-26T06:57:39.029Z] Error reading or processing Modbus registers: no connection to modbus server
[2024-11-26T06:57:39.029Z] Error reading register 6507 for IP 10.30.4.128: no connection to modbus server
[2024-11-26T06:57:39.106Z] Error writing to Modbus register: no connection to modbus server
[2024-11-26T06:57:39.168Z] Error writing to Modbus register: no connection to modbus server
[2024-11-26T06:57:39.183Z] Error reading or processing Modbus registers: no connection to modbus server
[2024-11-26T06:57:39.183Z] Error reading register 6507 for IP 10.30.4.128: no connection to modbus server
[2024-11-26T06:57:39.321Z] Error writing to Modbus register: no connection to modbus server
[2024-11-26T06:57:39.520Z] Error reading or processing Modbus registers: no connection to modbus server
[2024-11-26T06:57:39.520Z] Error reading register 6507 for IP 10.30.4.128: no connection to modbus server
[2024-11-26T06:57:39.520Z] Error reading register 6507 for IP 10.30.4.128: no connection to modbus server
[2024-11-26T06:57:39.520Z] Error reading or processing Modbus registers: no connection to modbus server
[2024-11-26T06:57:40.035Z] Error reading or processing Modbus registers: no connection to modbus server
[2024-11-26T06:57:40.035Z] Error reading register 6507 for IP 10.30.4.128: no connection to modbus server
[2024-11-26T06:57:40.189Z] Error writing to Modbus register: no connection to modbus server
[2024-11-26T06:57:40.189Z] Error reading or processing Modbus registers: no connection to modbus server
[2024-11-26T06:57:40.189Z] Error reading register 6507 for IP 10.30.4.128: no connection to modbus server
[2024-11-26T06:57:40.526Z] Error reading or processing Modbus registers: no connection to modbus server
[2024-11-26T06:57:40.526Z] Error reading register 6507 for IP 10.30.4.128: no connection to modbus server
[2024-11-26T06:57:40.526Z] Error reading or processing Modbus registers: no connection to modbus server
[2024-11-26T06:57:40.526Z] Error reading register 6507 for IP 10.30.4.128: no connection to modbus server
[2024-11-26T06:57:41.051Z] Error reading or processing Modbus registers: no connection to modbus server
[2024-11-26T06:57:41.051Z] Error reading register 6507 for IP 10.30.4.128: no connection to modbus server
[2024-11-26T06:57:41.107Z] Error writing to Modbus register: no connection to modbus server
[2024-11-26T06:57:41.182Z] Error writing to Modbus register: no connection to modbus server
[2024-11-26T06:57:41.198Z] Error reading register 6507 for IP 10.30.4.128: no connection to modbus server
[2024-11-26T06:57:41.198Z] Error reading or processing Modbus registers: no connection to modbus server
[2024-11-26T06:57:41.335Z] Error writing to Modbus register: no connection to modbus server
[2024-11-26T06:57:41.536Z] Error reading or processing Modbus registers: no connection to modbus server
[2024-11-26T06:57:41.536Z] Error reading register 6507 for IP 10.30.4.128: no connection to modbus server
[2024-11-26T06:57:41.536Z] Error reading or processing Modbus registers: no connection to modbus server
[2024-11-26T06:57:41.536Z] Error reading register 6507 for IP 10.30.4.128: no connection to modbus server
[2024-11-26T06:57:42.054Z] Error reading or processing Modbus registers: no connection to modbus server
[2024-11-26T06:57:42.054Z] Error reading register 6507 for IP 10.30.4.128: no connection to modbus server
[2024-11-26T06:57:42.191Z] Error writing to Modbus register: no connection to modbus server
[2024-11-26T06:57:42.207Z] Error reading or processing Modbus registers: no connection to modbus server
[2024-11-26T06:57:42.207Z] Error reading register 6507 for IP 10.30.4.128: no connection to modbus server
[2024-11-26T06:57:42.541Z] Error reading or processing Modbus registers: no connection to modbus server
[2024-11-26T06:57:42.541Z] Error reading register 6507 for IP 10.30.4.128: no connection to modbus server
[2024-11-26T06:57:42.541Z] Error reading or processing Modbus registers: no connection to modbus server
[2024-11-26T06:57:42.541Z] Error reading register 6507 for IP 10.30.4.128: no connection to modbus server
[2024-11-26T06:57:43.066Z] Error reading or processing Modbus registers: no connection to modbus server
[2024-11-26T06:57:43.066Z] Error reading register 6507 for IP 10.30.4.128: no connection to modbus server
[2024-11-26T06:57:43.112Z] Error writing to Modbus register: no connection to modbus server
[2024-11-26T06:57:43.188Z] Error writing to Modbus register: no connection to modbus server
[2024-11-26T06:57:43.218Z] Error reading or processing Modbus registers: no connection to modbus server
[2024-11-26T06:57:43.218Z] Error reading register 6507 for IP 10.30.4.128: no connection to modbus server
[2024-11-26T06:57:43.341Z] Error writing to Modbus register: no connection to modbus server
[2024-11-26T06:57:43.555Z] Error reading or processing Modbus registers: no connection to modbus server
[2024-11-26T06:57:43.555Z] Error reading register 6507 for IP 10.30.4.128: no connection to modbus server
[2024-11-26T06:57:43.555Z] Error reading or processing Modbus registers: no connection to modbus server
[2024-11-26T06:57:43.555Z] Error reading register 6507 for IP 10.30.4.128: no connection to modbus server
[2024-11-26T06:57:44.074Z] Error reading register 6507 for IP 10.30.4.128: no connection to modbus server
[2024-11-26T06:57:44.074Z] Error reading or processing Modbus registers: no connection to modbus server
[2024-11-26T06:57:44.197Z] Error writing to Modbus register: no connection to modbus server
[2024-11-26T06:57:44.227Z] Error reading or processing Modbus registers: no connection to modbus server
[2024-11-26T06:57:44.227Z] Error reading register 6507 for IP 10.30.4.128: no connection to modbus server
[2024-11-26T06:57:44.565Z] Error reading or processing Modbus registers: no connection to modbus server
[2024-11-26T06:57:44.565Z] Error reading register 6507 for IP 10.30.4.128: no connection to modbus server
[2024-11-26T06:57:44.565Z] Error reading or processing Modbus registers: no connection to modbus server
[2024-11-26T06:57:44.566Z] Error reading register 6507 for IP 10.30.4.128: no connection to modbus server
[2024-11-26T06:57:45.084Z] Error reading register 6507 for IP 10.30.4.128: no connection to modbus server
[2024-11-26T06:57:45.084Z] Error reading or processing Modbus registers: no connection to modbus server
[2024-11-26T06:57:45.115Z] Error writing to Modbus register: no connection to modbus server
[2024-11-26T06:57:45.192Z] Error writing to Modbus register: no connection to modbus server
[2024-11-26T06:57:45.237Z] Error reading or processing Modbus registers: no connection to modbus server
[2024-11-26T06:57:45.237Z] Error reading register 6507 for IP 10.30.4.128: no connection to modbus server
[2024-11-26T06:57:45.343Z] Error writing to Modbus register: no connection to modbus server
[2024-11-26T06:57:45.569Z] Error reading or processing Modbus registers: no connection to modbus server
[2024-11-26T06:57:45.569Z] Error reading register 6507 for IP 10.30.4.128: no connection to modbus server
[2024-11-26T06:57:45.569Z] Error reading register 6507 for IP 10.30.4.128: no connection to modbus server
[2024-11-26T06:57:45.569Z] Error reading or processing Modbus registers: no connection to modbus server
[2024-11-26T06:57:46.086Z] Error reading or processing Modbus registers: no connection to modbus server
[2024-11-26T06:57:46.086Z] Error reading register 6507 for IP 10.30.4.128: no connection to modbus server
[2024-11-26T06:57:46.210Z] Error writing to Modbus register: no connection to modbus server
[2024-11-26T06:57:46.240Z] Error reading or processing Modbus registers: no connection to modbus server
[2024-11-26T06:57:46.240Z] Error reading register 6507 for IP 10.30.4.128: no connection to modbus server
[2024-11-26T06:57:46.577Z] Error reading or processing Modbus registers: no connection to modbus server
[2024-11-26T06:57:46.577Z] Error reading register 6507 for IP 10.30.4.128: no connection to modbus server
[2024-11-26T06:57:46.577Z] Error reading or processing Modbus registers: no connection to modbus server
[2024-11-26T06:57:46.577Z] Error reading register 6507 for IP 10.30.4.128: no connection to modbus server
[2024-11-26T06:57:47.097Z] Error reading or processing Modbus registers: no connection to modbus server
[2024-11-26T06:57:47.097Z] Error reading register 6507 for IP 10.30.4.128: no connection to modbus server
[2024-11-26T06:57:47.127Z] Error writing to Modbus register: no connection to modbus server
[2024-11-26T06:57:47.201Z] Error writing to Modbus register: no connection to modbus server
[2024-11-26T06:57:47.248Z] Error reading or processing Modbus registers: no connection to modbus server
[2024-11-26T06:57:47.248Z] Error reading register 6507 for IP 10.30.4.128: no connection to modbus server
[2024-11-26T06:57:47.354Z] Error writing to Modbus register: no connection to modbus server
[2024-11-26T06:57:47.584Z] Error reading or processing Modbus registers: no connection to modbus server
[2024-11-26T06:57:47.584Z] Error reading register 6507 for IP 10.30.4.128: no connection to modbus server
[2024-11-26T06:57:47.584Z] Error reading or processing Modbus registers: no connection to modbus server
[2024-11-26T06:57:47.584Z] Error reading register 6507 for IP 10.30.4.128: no connection to modbus server
[2024-11-26T06:57:48.100Z] Error reading or processing Modbus registers: no connection to modbus server
[2024-11-26T06:57:48.100Z] Error reading register 6507 for IP 10.30.4.128: no connection to modbus server
[2024-11-26T06:57:48.224Z] Error writing to Modbus register: no connection to modbus server
[2024-11-26T06:57:48.254Z] Error reading or processing Modbus registers: no connection to modbus server
[2024-11-26T06:57:48.254Z] Error reading register 6507 for IP 10.30.4.128: no connection to modbus server
[2024-11-26T06:57:48.588Z] Error reading register 6507 for IP 10.30.4.128: no connection to modbus server
[2024-11-26T06:57:48.588Z] Error reading or processing Modbus registers: no connection to modbus server
[2024-11-26T06:57:48.588Z] Error reading register 6507 for IP 10.30.4.128: no connection to modbus server
[2024-11-26T06:57:48.588Z] Error reading or processing Modbus registers: no connection to modbus server
[2024-11-26T06:57:49.107Z] Error reading register 6507 for IP 10.30.4.128: no connection to modbus server
[2024-11-26T06:57:49.107Z] Error reading or processing Modbus registers: no connection to modbus server
[2024-11-26T06:57:49.139Z] Error writing to Modbus register: no connection to modbus server
[2024-11-26T06:57:49.215Z] Error writing to Modbus register: no connection to modbus server
[2024-11-26T06:57:49.260Z] Error reading or processing Modbus registers: no connection to modbus server
[2024-11-26T06:57:49.260Z] Error reading register 6507 for IP 10.30.4.128: no connection to modbus server
[2024-11-26T06:57:49.366Z] Error writing to Modbus register: no connection to modbus server
[2024-11-26T06:57:49.592Z] Error reading or processing Modbus registers: no connection to modbus server
[2024-11-26T06:57:49.592Z] Error reading register 6507 for IP 10.30.4.128: no connection to modbus server
[2024-11-26T06:57:49.592Z] Error reading register 6507 for IP 10.30.4.128: no connection to modbus server
[2024-11-26T06:57:49.592Z] Error reading or processing Modbus registers: no connection to modbus server
[2024-11-26T06:57:50.112Z] Error reading or processing Modbus registers: no connection to modbus server
[2024-11-26T06:57:50.112Z] Error reading register 6507 for IP 10.30.4.128: no connection to modbus server
[2024-11-26T06:57:50.236Z] Error writing to Modbus register: no connection to modbus server
[2024-11-26T06:57:50.267Z] Error reading or processing Modbus registers: no connection to modbus server
[2024-11-26T06:57:50.267Z] Error reading register 6507 for IP 10.30.4.128: no connection to modbus server
[2024-11-26T06:57:50.603Z] Error reading or processing Modbus registers: no connection to modbus server
[2024-11-26T06:57:50.603Z] Error reading register 6507 for IP 10.30.4.128: no connection to modbus server
[2024-11-26T06:57:50.603Z] Error reading or processing Modbus registers: no connection to modbus server
[2024-11-26T06:57:50.603Z] Error reading register 6507 for IP 10.30.4.128: no connection to modbus server
[2024-11-26T06:57:51.125Z] Error reading or processing Modbus registers: no connection to modbus server
[2024-11-26T06:57:51.125Z] Error reading register 6507 for IP 10.30.4.128: no connection to modbus server
[2024-11-26T06:57:51.140Z] Error writing to Modbus register: no connection to modbus server
[2024-11-26T06:57:51.215Z] Error writing to Modbus register: no connection to modbus server
[2024-11-26T06:57:51.276Z] Error reading or processing Modbus registers: no connection to modbus server
[2024-11-26T06:57:51.276Z] Error reading register 6507 for IP 10.30.4.128: no connection to modbus server
[2024-11-26T06:57:51.368Z] Error writing to Modbus register: no connection to modbus server
[2024-11-26T06:57:51.612Z] Error reading or processing Modbus registers: no connection to modbus server
[2024-11-26T06:57:51.612Z] Error reading register 6507 for IP 10.30.4.128: no connection to modbus server
[2024-11-26T06:57:51.612Z] Error reading or processing Modbus registers: no connection to modbus server
[2024-11-26T06:57:51.612Z] Error reading register 6507 for IP 10.30.4.128: no connection to modbus server
[2024-11-26T06:57:52.131Z] Error reading or processing Modbus registers: no connection to modbus server
[2024-11-26T06:57:52.131Z] Error reading register 6507 for IP 10.30.4.128: no connection to modbus server
[2024-11-26T06:57:52.238Z] Error writing to Modbus register: no connection to modbus server
[2024-11-26T06:57:52.285Z] Error reading or processing Modbus registers: no connection to modbus server
[2024-11-26T06:57:52.285Z] Error reading register 6507 for IP 10.30.4.128: no connection to modbus server
[2024-11-26T06:57:52.621Z] Error reading or processing Modbus registers: no connection to modbus server
[2024-11-26T06:57:52.621Z] Error reading or processing Modbus registers: no connection to modbus server
[2024-11-26T06:57:52.621Z] Error reading register 6507 for IP 10.30.4.128: no connection to modbus server
[2024-11-26T06:57:52.621Z] Error reading register 6507 for IP 10.30.4.128: no connection to modbus server
[2024-11-26T06:57:53.144Z] Error reading or processing Modbus registers: no connection to modbus server
[2024-11-26T06:57:53.144Z] Error reading register 6507 for IP 10.30.4.128: no connection to modbus server
[2024-11-26T06:57:53.144Z] Error writing to Modbus register: no connection to modbus server
[2024-11-26T06:57:53.220Z] Error writing to Modbus register: no connection to modbus server
[2024-11-26T06:57:53.296Z] Error reading or processing Modbus registers: no connection to modbus server
[2024-11-26T06:57:53.297Z] Error reading register 6507 for IP 10.30.4.128: no connection to modbus server
[2024-11-26T06:57:53.372Z] Error writing to Modbus register: no connection to modbus server
[2024-11-26T06:57:53.630Z] Error reading or processing Modbus registers: no connection to modbus server
[2024-11-26T06:57:53.630Z] Error reading register 6507 for IP 10.30.4.128: no connection to modbus server
[2024-11-26T06:57:53.630Z] Error reading or processing Modbus registers: no connection to modbus server
[2024-11-26T06:57:53.630Z] Error reading register 6507 for IP 10.30.4.128: no connection to modbus server
[2024-11-26T06:57:54.150Z] Error reading or processing Modbus registers: no connection to modbus server
[2024-11-26T06:57:54.150Z] Error reading register 6507 for IP 10.30.4.128: no connection to modbus server
[2024-11-26T06:57:54.241Z] Error writing to Modbus register: no connection to modbus server
[2024-11-26T06:57:54.301Z] Error reading or processing Modbus registers: no connection to modbus server
[2024-11-26T06:57:54.301Z] Error reading register 6507 for IP 10.30.4.128: no connection to modbus server
[2024-11-26T06:57:54.635Z] Error reading or processing Modbus registers: no connection to modbus server
[2024-11-26T06:57:54.635Z] Error reading register 6507 for IP 10.30.4.128: no connection to modbus server
[2024-11-26T06:57:54.635Z] Error reading or processing Modbus registers: no connection to modbus server
[2024-11-26T06:57:54.635Z] Error reading register 6507 for IP 10.30.4.128: no connection to modbus server
[2024-11-26T06:57:55.149Z] Error writing to Modbus register: no connection to modbus server
[2024-11-26T06:57:55.165Z] Error reading or processing Modbus registers: no connection to modbus server
[2024-11-26T06:57:55.165Z] Error reading register 6507 for IP 10.30.4.128: no connection to modbus server
[2024-11-26T06:57:55.225Z] Error writing to Modbus register: no connection to modbus server
[2024-11-26T06:57:55.315Z] Error reading or processing Modbus registers: no connection to modbus server
[2024-11-26T06:57:55.315Z] Error reading register 6507 for IP 10.30.4.128: no connection to modbus server
[2024-11-26T06:57:55.376Z] Error writing to Modbus register: no connection to modbus server
[2024-11-26T06:57:55.635Z] Error reading register 6507 for IP 10.30.4.128: no connection to modbus server
[2024-11-26T06:57:55.635Z] Error reading or processing Modbus registers: no connection to modbus server
[2024-11-26T06:57:55.635Z] Error reading or processing Modbus registers: no connection to modbus server
[2024-11-26T06:57:55.635Z] Error reading register 6507 for IP 10.30.4.128: no connection to modbus server
[2024-11-26T06:57:56.179Z] Error reading or processing Modbus registers: no connection to modbus server
[2024-11-26T06:57:56.179Z] Error reading register 6507 for IP 10.30.4.128: no connection to modbus server
[2024-11-26T06:57:56.255Z] Error writing to Modbus register: no connection to modbus server
[2024-11-26T06:57:56.315Z] Error reading or processing Modbus registers: no connection to modbus server
[2024-11-26T06:57:56.315Z] Error reading register 6507 for IP 10.30.4.128: no connection to modbus server
[2024-11-26T06:57:56.649Z] Error reading or processing Modbus registers: no connection to modbus server
[2024-11-26T06:57:56.649Z] Error reading register 6507 for IP 10.30.4.128: no connection to modbus server
[2024-11-26T06:57:56.649Z] Error reading or processing Modbus registers: no connection to modbus server
[2024-11-26T06:57:56.649Z] Error reading register 6507 for IP 10.30.4.128: no connection to modbus server
[2024-11-26T06:57:57.149Z] Error writing to Modbus register: no connection to modbus server
[2024-11-26T06:57:57.194Z] Error reading or processing Modbus registers: no connection to modbus server
[2024-11-26T06:57:57.194Z] Error reading register 6507 for IP 10.30.4.128: no connection to modbus server
[2024-11-26T06:57:57.239Z] Error writing to Modbus register: no connection to modbus server
[2024-11-26T06:57:57.331Z] Error reading or processing Modbus registers: no connection to modbus server
[2024-11-26T06:57:57.331Z] Error reading register 6507 for IP 10.30.4.128: no connection to modbus server
[2024-11-26T06:57:57.376Z] Error writing to Modbus register: no connection to modbus server
[2024-11-26T06:57:57.652Z] Error reading or processing Modbus registers: no connection to modbus server
[2024-11-26T06:57:57.652Z] Error reading register 6507 for IP 10.30.4.128: no connection to modbus server
[2024-11-26T06:57:57.652Z] Error reading register 6507 for IP 10.30.4.128: no connection to modbus server
[2024-11-26T06:57:57.652Z] Error reading or processing Modbus registers: no connection to modbus server
[2024-11-26T06:57:58.208Z] Error reading or processing Modbus registers: no connection to modbus server
[2024-11-26T06:57:58.208Z] Error reading register 6507 for IP 10.30.4.128: no connection to modbus server
[2024-11-26T06:57:58.268Z] Error writing to Modbus register: no connection to modbus server
[2024-11-26T06:57:58.346Z] Error reading or processing Modbus registers: no connection to modbus server
[2024-11-26T06:57:58.346Z] Error reading register 6507 for IP 10.30.4.128: no connection to modbus server
[2024-11-26T06:57:58.666Z] Error reading or processing Modbus registers: no connection to modbus server
[2024-11-26T06:57:58.666Z] Error reading register 6507 for IP 10.30.4.128: no connection to modbus server
[2024-11-26T06:57:58.666Z] Error reading or processing Modbus registers: no connection to modbus server
[2024-11-26T06:57:58.666Z] Error reading register 6507 for IP 10.30.4.128: no connection to modbus server
[2024-11-26T06:57:59.158Z] Error writing to Modbus register: no connection to modbus server
[2024-11-26T06:57:59.214Z] Error reading or processing Modbus registers: no connection to modbus server
[2024-11-26T06:57:59.214Z] Error reading register 6507 for IP 10.30.4.128: no connection to modbus server
[2024-11-26T06:57:59.244Z] Error writing to Modbus register: no connection to modbus server
[2024-11-26T06:57:59.348Z] Error reading or processing Modbus registers: no connection to modbus server
[2024-11-26T06:57:59.349Z] Error reading register 6507 for IP 10.30.4.128: no connection to modbus server
[2024-11-26T06:57:59.379Z] Error writing to Modbus register: no connection to modbus server
[2024-11-26T06:57:59.668Z] Error reading or processing Modbus registers: no connection to modbus server
[2024-11-26T06:57:59.668Z] Error reading register 6507 for IP 10.30.4.128: no connection to modbus server
[2024-11-26T06:57:59.668Z] Error reading or processing Modbus registers: no connection to modbus server
[2024-11-26T06:57:59.668Z] Error reading register 6507 for IP 10.30.4.128: no connection to modbus server
[2024-11-26T06:58:00.218Z] Error reading register 6507 for IP 10.30.4.128: no connection to modbus server
[2024-11-26T06:58:00.218Z] Error reading or processing Modbus registers: no connection to modbus server
[2024-11-26T06:58:00.278Z] Error writing to Modbus register: no connection to modbus server
[2024-11-26T06:58:00.355Z] Error reading or processing Modbus registers: no connection to modbus server
[2024-11-26T06:58:00.355Z] Error reading register 6507 for IP 10.30.4.128: no connection to modbus server
[2024-11-26T06:58:00.674Z] Error reading register 6507 for IP 10.30.4.128: no connection to modbus server
[2024-11-26T06:58:00.674Z] Error reading or processing Modbus registers: no connection to modbus server
[2024-11-26T06:58:00.674Z] Error reading register 6507 for IP 10.30.4.128: no connection to modbus server
[2024-11-26T06:58:00.674Z] Error reading or processing Modbus registers: no connection to modbus server
[2024-11-26T06:58:01.162Z] Error writing to Modbus register: no connection to modbus server
[2024-11-26T06:58:01.226Z] Error reading or processing Modbus registers: no connection to modbus server
[2024-11-26T06:58:01.226Z] Error reading register 6507 for IP 10.30.4.128: no connection to modbus server
[2024-11-26T06:58:01.254Z] Error writing to Modbus register: no connection to modbus server
[2024-11-26T06:58:01.360Z] Error reading or processing Modbus registers: no connection to modbus server
[2024-11-26T06:58:01.360Z] Error reading register 6507 for IP 10.30.4.128: no connection to modbus server
[2024-11-26T06:58:01.389Z] Error writing to Modbus register: no connection to modbus server
[2024-11-26T06:58:01.682Z] Error reading or processing Modbus registers: no connection to modbus server
[2024-11-26T06:58:01.682Z] Error reading register 6507 for IP 10.30.4.128: no connection to modbus server
[2024-11-26T06:58:01.682Z] Error reading or processing Modbus registers: no connection to modbus server
[2024-11-26T06:58:01.682Z] Error reading register 6507 for IP 10.30.4.128: no connection to modbus server
[2024-11-26T06:58:02.228Z] Error reading or processing Modbus registers: no connection to modbus server
[2024-11-26T06:58:02.228Z] Error reading register 6507 for IP 10.30.4.128: no connection to modbus server
[2024-11-26T06:58:02.288Z] Error writing to Modbus register: no connection to modbus server
[2024-11-26T06:58:02.366Z] Error reading register 6507 for IP 10.30.4.128: no connection to modbus server
[2024-11-26T06:58:02.366Z] Error reading or processing Modbus registers: no connection to modbus server
[2024-11-26T06:58:02.684Z] Error reading or processing Modbus registers: no connection to modbus server
[2024-11-26T06:58:02.684Z] Error reading register 6507 for IP 10.30.4.128: no connection to modbus server
[2024-11-26T06:58:02.684Z] Error reading or processing Modbus registers: no connection to modbus server
[2024-11-26T06:58:02.684Z] Error reading register 6507 for IP 10.30.4.128: no connection to modbus server
[2024-11-26T06:58:03.170Z] Error writing to Modbus register: no connection to modbus server
[2024-11-26T06:58:03.230Z] Error reading or processing Modbus registers: no connection to modbus server
[2024-11-26T06:58:03.230Z] Error reading register 6507 for IP 10.30.4.128: no connection to modbus server
[2024-11-26T06:58:03.260Z] Error writing to Modbus register: no connection to modbus server
[2024-11-26T06:58:03.369Z] Error reading or processing Modbus registers: no connection to modbus server
[2024-11-26T06:58:03.369Z] Error reading register 6507 for IP 10.30.4.128: no connection to modbus server
[2024-11-26T06:58:03.400Z] Error writing to Modbus register: no connection to modbus server
[2024-11-26T06:58:03.691Z] Error reading or processing Modbus registers: no connection to modbus server
[2024-11-26T06:58:03.691Z] Error reading register 6507 for IP 10.30.4.128: no connection to modbus server
[2024-11-26T06:58:03.691Z] Error reading register 6507 for IP 10.30.4.128: no connection to modbus server
[2024-11-26T06:58:03.691Z] Error reading or processing Modbus registers: no connection to modbus server
[2024-11-26T06:58:04.239Z] Error reading or processing Modbus registers: no connection to modbus server
[2024-11-26T06:58:04.239Z] Error reading register 6507 for IP 10.30.4.128: no connection to modbus server
[2024-11-26T06:58:04.301Z] Error writing to Modbus register: no connection to modbus server
[2024-11-26T06:58:04.378Z] Error reading or processing Modbus registers: no connection to modbus server
[2024-11-26T06:58:04.378Z] Error reading register 6507 for IP 10.30.4.128: no connection to modbus server
[2024-11-26T06:58:04.698Z] Error reading register 6507 for IP 10.30.4.128: no connection to modbus server
[2024-11-26T06:58:04.698Z] Error reading or processing Modbus registers: no connection to modbus server
[2024-11-26T06:58:04.698Z] Error reading or processing Modbus registers: no connection to modbus server
[2024-11-26T06:58:04.698Z] Error reading register 6507 for IP 10.30.4.128: no connection to modbus server
[2024-11-26T06:58:05.170Z] Error writing to Modbus register: no connection to modbus server
[2024-11-26T06:58:05.246Z] Error reading or processing Modbus registers: no connection to modbus server
[2024-11-26T06:58:05.246Z] Error reading register 6507 for IP 10.30.4.128: no connection to modbus server
[2024-11-26T06:58:05.261Z] Error writing to Modbus register: no connection to modbus server
[2024-11-26T06:58:05.382Z] Error reading or processing Modbus registers: no connection to modbus server
[2024-11-26T06:58:05.382Z] Error reading register 6507 for IP 10.30.4.128: no connection to modbus server
[2024-11-26T06:58:05.411Z] Error writing to Modbus register: no connection to modbus server
[2024-11-26T06:58:05.699Z] Error reading or processing Modbus registers: no connection to modbus server
[2024-11-26T06:58:05.699Z] Error reading register 6507 for IP 10.30.4.128: no connection to modbus server
[2024-11-26T06:58:05.699Z] Error reading or processing Modbus registers: no connection to modbus server
[2024-11-26T06:58:05.699Z] Error reading register 6507 for IP 10.30.4.128: no connection to modbus server
[2024-11-26T06:58:06.260Z] Error reading register 6507 for IP 10.30.4.128: no connection to modbus server
[2024-11-26T06:58:06.260Z] Error reading or processing Modbus registers: no connection to modbus server
[2024-11-26T06:58:06.305Z] Error writing to Modbus register: no connection to modbus server
[2024-11-26T06:58:06.381Z] Error reading or processing Modbus registers: no connection to modbus server
[2024-11-26T06:58:06.382Z] Error reading register 6507 for IP 10.30.4.128: no connection to modbus server
[2024-11-26T06:58:06.703Z] Error reading or processing Modbus registers: no connection to modbus server
[2024-11-26T06:58:06.703Z] Error reading or processing Modbus registers: no connection to modbus server
[2024-11-26T06:58:06.703Z] Error reading register 6507 for IP 10.30.4.128: no connection to modbus server
[2024-11-26T06:58:06.703Z] Error reading register 6507 for IP 10.30.4.128: no connection to modbus server
[2024-11-26T06:58:07.176Z] Error writing to Modbus register: no connection to modbus server
[2024-11-26T06:58:07.268Z] Error reading or processing Modbus registers: no connection to modbus server
[2024-11-26T06:58:07.268Z] Error reading register 6507 for IP 10.30.4.128: no connection to modbus server
[2024-11-26T06:58:07.268Z] Error writing to Modbus register: no connection to modbus server
[2024-11-26T06:58:07.390Z] Error reading or processing Modbus registers: no connection to modbus server
[2024-11-26T06:58:07.390Z] Error reading register 6507 for IP 10.30.4.128: no connection to modbus server
[2024-11-26T06:58:07.421Z] Error writing to Modbus register: no connection to modbus server
[2024-11-26T06:58:07.710Z] Error reading or processing Modbus registers: no connection to modbus server
[2024-11-26T06:58:07.710Z] Error reading register 6507 for IP 10.30.4.128: no connection to modbus server
[2024-11-26T06:58:07.710Z] Error reading or processing Modbus registers: no connection to modbus server
[2024-11-26T06:58:07.710Z] Error reading register 6507 for IP 10.30.4.128: no connection to modbus server
[2024-11-26T06:58:08.274Z] Error reading or processing Modbus registers: no connection to modbus server
[2024-11-26T06:58:08.274Z] Error reading register 6507 for IP 10.30.4.128: no connection to modbus server
[2024-11-26T06:58:08.320Z] Error writing to Modbus register: no connection to modbus server
[2024-11-26T06:58:08.397Z] Error reading or processing Modbus registers: no connection to modbus server
[2024-11-26T06:58:08.397Z] Error reading register 6507 for IP 10.30.4.128: no connection to modbus server
[2024-11-26T06:58:08.721Z] Error reading register 6507 for IP 10.30.4.128: no connection to modbus server
[2024-11-26T06:58:08.721Z] Error reading or processing Modbus registers: no connection to modbus server
[2024-11-26T06:58:08.721Z] Error reading register 6507 for IP 10.30.4.128: no connection to modbus server
[2024-11-26T06:58:08.721Z] Error reading or processing Modbus registers: no connection to modbus server
[2024-11-26T06:58:09.178Z] Error writing to Modbus register: no connection to modbus server
[2024-11-26T06:58:09.270Z] Error writing to Modbus register: no connection to modbus server
[2024-11-26T06:58:09.285Z] Error reading register 6507 for IP 10.30.4.128: no connection to modbus server
[2024-11-26T06:58:09.285Z] Error reading or processing Modbus registers: no connection to modbus server
[2024-11-26T06:58:09.405Z] Error reading or processing Modbus registers: no connection to modbus server
[2024-11-26T06:58:09.405Z] Error reading register 6507 for IP 10.30.4.128: no connection to modbus server
[2024-11-26T06:58:09.421Z] Error writing to Modbus register: no connection to modbus server
[2024-11-26T06:58:09.728Z] Error reading register 6507 for IP 10.30.4.128: no connection to modbus server
[2024-11-26T06:58:09.728Z] Error reading or processing Modbus registers: no connection to modbus server
[2024-11-26T06:58:09.728Z] Error reading or processing Modbus registers: no connection to modbus server
[2024-11-26T06:58:09.728Z] Error reading register 6507 for IP 10.30.4.128: no connection to modbus server
[2024-11-26T06:58:10.295Z] Error reading or processing Modbus registers: no connection to modbus server
[2024-11-26T06:58:10.295Z] Error reading register 6507 for IP 10.30.4.128: no connection to modbus server
[2024-11-26T06:58:10.325Z] Error writing to Modbus register: no connection to modbus server
[2024-11-26T06:58:10.415Z] Error reading or processing Modbus registers: no connection to modbus server
[2024-11-26T06:58:10.415Z] Error reading register 6507 for IP 10.30.4.128: no connection to modbus server
[2024-11-26T06:58:10.738Z] Error reading or processing Modbus registers: no connection to modbus server
[2024-11-26T06:58:10.738Z] Error reading register 6507 for IP 10.30.4.128: no connection to modbus server
[2024-11-26T06:58:10.738Z] Error reading or processing Modbus registers: no connection to modbus server
[2024-11-26T06:58:10.738Z] Error reading register 6507 for IP 10.30.4.128: no connection to modbus server
[2024-11-26T06:58:11.179Z] Error writing to Modbus register: no connection to modbus server
[2024-11-26T06:58:11.272Z] Error writing to Modbus register: no connection to modbus server
[2024-11-26T06:58:11.302Z] Error reading or processing Modbus registers: no connection to modbus server
[2024-11-26T06:58:11.302Z] Error reading register 6507 for IP 10.30.4.128: no connection to modbus server
[2024-11-26T06:58:11.423Z] Error reading or processing Modbus registers: no connection to modbus server
[2024-11-26T06:58:11.423Z] Error reading register 6507 for IP 10.30.4.128: no connection to modbus server
[2024-11-26T06:58:11.424Z] Error writing to Modbus register: no connection to modbus server
[2024-11-26T06:58:11.745Z] Error reading or processing Modbus registers: no connection to modbus server
[2024-11-26T06:58:11.745Z] Error reading register 6507 for IP 10.30.4.128: no connection to modbus server
[2024-11-26T06:58:11.745Z] Error reading register 6507 for IP 10.30.4.128: no connection to modbus server
[2024-11-26T06:58:11.745Z] Error reading or processing Modbus registers: no connection to modbus server
[2024-11-26T06:58:12.312Z] Error reading or processing Modbus registers: no connection to modbus server
[2024-11-26T06:58:12.312Z] Error reading register 6507 for IP 10.30.4.128: no connection to modbus server
[2024-11-26T06:58:12.327Z] Error writing to Modbus register: no connection to modbus server
[2024-11-26T06:58:12.433Z] Error reading or processing Modbus registers: no connection to modbus server
[2024-11-26T06:58:12.434Z] Error reading register 6507 for IP 10.30.4.128: no connection to modbus server
[2024-11-26T06:58:12.753Z] Error reading or processing Modbus registers: no connection to modbus server
[2024-11-26T06:58:12.753Z] Error reading or processing Modbus registers: no connection to modbus server
[2024-11-26T06:58:12.753Z] Error reading register 6507 for IP 10.30.4.128: no connection to modbus server
[2024-11-26T06:58:12.753Z] Error reading register 6507 for IP 10.30.4.128: no connection to modbus server
[2024-11-26T06:58:13.182Z] Error writing to Modbus register: no connection to modbus server
[2024-11-26T06:58:13.273Z] Error writing to Modbus register: no connection to modbus server
[2024-11-26T06:58:13.319Z] Error reading or processing Modbus registers: no connection to modbus server
[2024-11-26T06:58:13.319Z] Error reading register 6507 for IP 10.30.4.128: no connection to modbus server
[2024-11-26T06:58:13.426Z] Error writing to Modbus register: no connection to modbus server
[2024-11-26T06:58:13.441Z] Error reading or processing Modbus registers: no connection to modbus server
[2024-11-26T06:58:13.441Z] Error reading register 6507 for IP 10.30.4.128: no connection to modbus server
[2024-11-26T06:58:13.761Z] Error reading or processing Modbus registers: no connection to modbus server
[2024-11-26T06:58:13.761Z] Error reading register 6507 for IP 10.30.4.128: no connection to modbus server
[2024-11-26T06:58:13.761Z] Error reading register 6507 for IP 10.30.4.128: no connection to modbus server
[2024-11-26T06:58:13.761Z] Error reading or processing Modbus registers: no connection to modbus server
[2024-11-26T06:58:14.322Z] Error reading or processing Modbus registers: no connection to modbus server
[2024-11-26T06:58:14.322Z] Error reading register 6507 for IP 10.30.4.128: no connection to modbus server
[2024-11-26T06:58:14.337Z] Error writing to Modbus register: no connection to modbus server
[2024-11-26T06:58:14.446Z] Error reading or processing Modbus registers: no connection to modbus server
[2024-11-26T06:58:14.447Z] Error reading register 6507 for IP 10.30.4.128: no connection to modbus server
[2024-11-26T06:58:14.766Z] Error reading or processing Modbus registers: no connection to modbus server
[2024-11-26T06:58:14.767Z] Error reading register 6507 for IP 10.30.4.128: no connection to modbus server
[2024-11-26T06:58:14.767Z] Error reading or processing Modbus registers: no connection to modbus server
[2024-11-26T06:58:14.767Z] Error reading register 6507 for IP 10.30.4.128: no connection to modbus server
[2024-11-26T06:58:15.191Z] Error writing to Modbus register: no connection to modbus server
[2024-11-26T06:58:15.282Z] Error writing to Modbus register: no connection to modbus server
[2024-11-26T06:58:15.329Z] Error reading or processing Modbus registers: no connection to modbus server
[2024-11-26T06:58:15.329Z] Error reading register 6507 for IP 10.30.4.128: no connection to modbus server
[2024-11-26T06:58:15.436Z] Error writing to Modbus register: no connection to modbus server
[2024-11-26T06:58:15.453Z] Error reading or processing Modbus registers: no connection to modbus server
[2024-11-26T06:58:15.453Z] Error reading register 6507 for IP 10.30.4.128: no connection to modbus server
[2024-11-26T06:58:15.775Z] Error reading or processing Modbus registers: no connection to modbus server
[2024-11-26T06:58:15.775Z] Error reading register 6507 for IP 10.30.4.128: no connection to modbus server
[2024-11-26T06:58:15.775Z] Error reading register 6507 for IP 10.30.4.128: no connection to modbus server
[2024-11-26T06:58:15.775Z] Error reading or processing Modbus registers: no connection to modbus server
[2024-11-26T06:58:16.336Z] Error reading or processing Modbus registers: no connection to modbus server
[2024-11-26T06:58:16.336Z] Error reading register 6507 for IP 10.30.4.128: no connection to modbus server
[2024-11-26T06:58:16.351Z] Error writing to Modbus register: no connection to modbus server
[2024-11-26T06:58:16.457Z] Error reading or processing Modbus registers: no connection to modbus server
[2024-11-26T06:58:16.457Z] Error reading register 6507 for IP 10.30.4.128: no connection to modbus server
[2024-11-26T06:58:16.789Z] Error reading or processing Modbus registers: no connection to modbus server
[2024-11-26T06:58:16.789Z] Error reading register 6507 for IP 10.30.4.128: no connection to modbus server
[2024-11-26T06:58:16.790Z] Error reading register 6507 for IP 10.30.4.128: no connection to modbus server
[2024-11-26T06:58:16.790Z] Error reading or processing Modbus registers: no connection to modbus server
[2024-11-26T06:58:17.200Z] Error writing to Modbus register: no connection to modbus server
[2024-11-26T06:58:17.291Z] Error writing to Modbus register: no connection to modbus server
[2024-11-26T06:58:17.336Z] Error reading or processing Modbus registers: no connection to modbus server
[2024-11-26T06:58:17.336Z] Error reading register 6507 for IP 10.30.4.128: no connection to modbus server
[2024-11-26T06:58:17.441Z] Error writing to Modbus register: no connection to modbus server
[2024-11-26T06:58:17.456Z] Error reading or processing Modbus registers: no connection to modbus server
[2024-11-26T06:58:17.456Z] Error reading register 6507 for IP 10.30.4.128: no connection to modbus server
[2024-11-26T06:58:17.791Z] Error reading or processing Modbus registers: no connection to modbus server
[2024-11-26T06:58:17.791Z] Error reading register 6507 for IP 10.30.4.128: no connection to modbus server
[2024-11-26T06:58:17.791Z] Error reading or processing Modbus registers: no connection to modbus server
[2024-11-26T06:58:17.791Z] Error reading register 6507 for IP 10.30.4.128: no connection to modbus server
[2024-11-26T06:58:18.351Z] Error reading register 6507 for IP 10.30.4.128: no connection to modbus server
[2024-11-26T06:58:18.351Z] Error reading or processing Modbus registers: no connection to modbus server
[2024-11-26T06:58:18.351Z] Error writing to Modbus register: no connection to modbus server
[2024-11-26T06:58:18.471Z] Error reading or processing Modbus registers: no connection to modbus server
[2024-11-26T06:58:18.471Z] Error reading register 6507 for IP 10.30.4.128: no connection to modbus server
[2024-11-26T06:58:18.804Z] Error reading register 6507 for IP 10.30.4.128: no connection to modbus server
[2024-11-26T06:58:18.804Z] Error reading or processing Modbus registers: no connection to modbus server
[2024-11-26T06:58:18.804Z] Error reading or processing Modbus registers: no connection to modbus server
[2024-11-26T06:58:18.804Z] Error reading register 6507 for IP 10.30.4.128: no connection to modbus server
[2024-11-26T06:58:19.212Z] Error writing to Modbus register: no connection to modbus server
[2024-11-26T06:58:19.303Z] Error writing to Modbus register: no connection to modbus server
[2024-11-26T06:58:19.364Z] Error reading or processing Modbus registers: no connection to modbus server
[2024-11-26T06:58:19.364Z] Error reading register 6507 for IP 10.30.4.128: no connection to modbus server
[2024-11-26T06:58:19.441Z] Error writing to Modbus register: no connection to modbus server
[2024-11-26T06:58:19.472Z] Error reading or processing Modbus registers: no connection to modbus server
[2024-11-26T06:58:19.472Z] Error reading register 6507 for IP 10.30.4.128: no connection to modbus server
[2024-11-26T06:58:19.807Z] Error reading register 6507 for IP 10.30.4.128: no connection to modbus server
[2024-11-26T06:58:19.807Z] Error reading or processing Modbus registers: no connection to modbus server
[2024-11-26T06:58:19.807Z] Error reading register 6507 for IP 10.30.4.128: no connection to modbus server
[2024-11-26T06:58:19.807Z] Error reading or processing Modbus registers: no connection to modbus server
[2024-11-26T06:58:20.352Z] Error writing to Modbus register: no connection to modbus server
[2024-11-26T06:58:20.367Z] Error reading or processing Modbus registers: no connection to modbus server
[2024-11-26T06:58:20.367Z] Error reading register 6507 for IP 10.30.4.128: no connection to modbus server
[2024-11-26T06:58:20.488Z] Error reading or processing Modbus registers: no connection to modbus server
[2024-11-26T06:58:20.488Z] Error reading register 6507 for IP 10.30.4.128: no connection to modbus server
[2024-11-26T06:58:20.822Z] Error reading or processing Modbus registers: no connection to modbus server
[2024-11-26T06:58:20.822Z] Error reading register 6507 for IP 10.30.4.128: no connection to modbus server
[2024-11-26T06:58:20.822Z] Error reading or processing Modbus registers: no connection to modbus server
[2024-11-26T06:58:20.822Z] Error reading register 6507 for IP 10.30.4.128: no connection to modbus server
[2024-11-26T06:58:21.215Z] Error writing to Modbus register: no connection to modbus server
[2024-11-26T06:58:21.306Z] Error writing to Modbus register: no connection to modbus server
[2024-11-26T06:58:21.382Z] Error reading or processing Modbus registers: no connection to modbus server
[2024-11-26T06:58:21.382Z] Error reading register 6507 for IP 10.30.4.128: no connection to modbus server
[2024-11-26T06:58:21.443Z] Error writing to Modbus register: no connection to modbus server
[2024-11-26T06:58:21.488Z] Error reading or processing Modbus registers: no connection to modbus server
[2024-11-26T06:58:21.488Z] Error reading register 6507 for IP 10.30.4.128: no connection to modbus server
[2024-11-26T06:58:21.834Z] Error reading or processing Modbus registers: no connection to modbus server
[2024-11-26T06:58:21.834Z] Error reading register 6507 for IP 10.30.4.128: no connection to modbus server
[2024-11-26T06:58:21.834Z] Error reading or processing Modbus registers: no connection to modbus server
[2024-11-26T06:58:21.835Z] Error reading register 6507 for IP 10.30.4.128: no connection to modbus server
[2024-11-26T06:58:22.366Z] Error writing to Modbus register: no connection to modbus server
[2024-11-26T06:58:22.381Z] Error reading or processing Modbus registers: no connection to modbus server
[2024-11-26T06:58:22.381Z] Error reading register 6507 for IP 10.30.4.128: no connection to modbus server
[2024-11-26T06:58:22.502Z] Error reading register 6507 for IP 10.30.4.128: no connection to modbus server
[2024-11-26T06:58:22.502Z] Error reading or processing Modbus registers: no connection to modbus server
[2024-11-26T06:58:22.835Z] Error reading register 6507 for IP 10.30.4.128: no connection to modbus server
[2024-11-26T06:58:22.835Z] Error reading or processing Modbus registers: no connection to modbus server
[2024-11-26T06:58:22.835Z] Error reading or processing Modbus registers: no connection to modbus server
[2024-11-26T06:58:22.835Z] Error reading register 6507 for IP 10.30.4.128: no connection to modbus server
[2024-11-26T06:58:23.229Z] Error writing to Modbus register: no connection to modbus server
[2024-11-26T06:58:23.319Z] Error writing to Modbus register: no connection to modbus server
[2024-11-26T06:58:23.396Z] Error reading or processing Modbus registers: no connection to modbus server
[2024-11-26T06:58:23.396Z] Error reading register 6507 for IP 10.30.4.128: no connection to modbus server
[2024-11-26T06:58:23.457Z] Error writing to Modbus register: no connection to modbus server
[2024-11-26T06:58:23.503Z] Error reading or processing Modbus registers: no connection to modbus server
[2024-11-26T06:58:23.503Z] Error reading register 6507 for IP 10.30.4.128: no connection to modbus server
[2024-11-26T06:58:23.851Z] Error reading or processing Modbus registers: no connection to modbus server
[2024-11-26T06:58:23.851Z] Error reading register 6507 for IP 10.30.4.128: no connection to modbus server
[2024-11-26T06:58:23.851Z] Error reading or processing Modbus registers: no connection to modbus server
[2024-11-26T06:58:23.851Z] Error reading register 6507 for IP 10.30.4.128: no connection to modbus server
[2024-11-26T06:58:24.380Z] Error writing to Modbus register: no connection to modbus server
[2024-11-26T06:58:24.411Z] Error reading or processing Modbus registers: no connection to modbus server
[2024-11-26T06:58:24.411Z] Error reading register 6507 for IP 10.30.4.128: no connection to modbus server
[2024-11-26T06:58:24.516Z] Error reading or processing Modbus registers: no connection to modbus server
[2024-11-26T06:58:24.516Z] Error reading register 6507 for IP 10.30.4.128: no connection to modbus server
[2024-11-26T06:58:24.865Z] Error reading or processing Modbus registers: no connection to modbus server
[2024-11-26T06:58:24.865Z] Error reading register 6507 for IP 10.30.4.128: no connection to modbus server
[2024-11-26T06:58:24.865Z] Error reading register 6507 for IP 10.30.4.128: no connection to modbus server
[2024-11-26T06:58:24.865Z] Error reading or processing Modbus registers: no connection to modbus server
[2024-11-26T06:58:25.229Z] Error writing to Modbus register: no connection to modbus server
[2024-11-26T06:58:25.320Z] Error writing to Modbus register: no connection to modbus server
[2024-11-26T06:58:25.411Z] Error reading or processing Modbus registers: no connection to modbus server
[2024-11-26T06:58:25.411Z] Error reading register 6507 for IP 10.30.4.128: no connection to modbus server
[2024-11-26T06:58:25.471Z] Error writing to Modbus register: no connection to modbus server
[2024-11-26T06:58:25.517Z] Error reading or processing Modbus registers: no connection to modbus server
[2024-11-26T06:58:25.517Z] Error reading register 6507 for IP 10.30.4.128: no connection to modbus server
[2024-11-26T06:58:25.880Z] Error reading or processing Modbus registers: no connection to modbus server
[2024-11-26T06:58:25.880Z] Error reading or processing Modbus registers: no connection to modbus server
[2024-11-26T06:58:25.880Z] Error reading register 6507 for IP 10.30.4.128: no connection to modbus server
[2024-11-26T06:58:25.880Z] Error reading register 6507 for IP 10.30.4.128: no connection to modbus server
[2024-11-26T06:58:26.394Z] Error writing to Modbus register: no connection to modbus server
[2024-11-26T06:58:26.424Z] Error reading or processing Modbus registers: no connection to modbus server
[2024-11-26T06:58:26.424Z] Error reading register 6507 for IP 10.30.4.128: no connection to modbus server
[2024-11-26T06:58:26.531Z] Error reading or processing Modbus registers: no connection to modbus server
[2024-11-26T06:58:26.531Z] Error reading register 6507 for IP 10.30.4.128: no connection to modbus server
[2024-11-26T06:58:26.894Z] Error reading or processing Modbus registers: no connection to modbus server
[2024-11-26T06:58:26.894Z] Error reading register 6507 for IP 10.30.4.128: no connection to modbus server
[2024-11-26T06:58:26.894Z] Error reading or processing Modbus registers: no connection to modbus server
[2024-11-26T06:58:26.894Z] Error reading register 6507 for IP 10.30.4.128: no connection to modbus server
[2024-11-26T06:58:27.243Z] Error writing to Modbus register: no connection to modbus server
[2024-11-26T06:58:27.321Z] Error writing to Modbus register: no connection to modbus server
[2024-11-26T06:58:27.426Z] Error reading register 6507 for IP 10.30.4.128: no connection to modbus server
[2024-11-26T06:58:27.426Z] Error reading or processing Modbus registers: no connection to modbus server
[2024-11-26T06:58:27.472Z] Error writing to Modbus register: no connection to modbus server
[2024-11-26T06:58:27.533Z] Error reading or processing Modbus registers: no connection to modbus server
[2024-11-26T06:58:27.533Z] Error reading register 6507 for IP 10.30.4.128: no connection to modbus server
[2024-11-26T06:58:27.900Z] Error reading or processing Modbus registers: no connection to modbus server
[2024-11-26T06:58:27.900Z] Error reading register 6507 for IP 10.30.4.128: no connection to modbus server
[2024-11-26T06:58:27.902Z] Error reading or processing Modbus registers: no connection to modbus server
[2024-11-26T06:58:27.902Z] Error reading register 6507 for IP 10.30.4.128: no connection to modbus server
[2024-11-26T06:58:28.408Z] Error writing to Modbus register: no connection to modbus server
[2024-11-26T06:58:28.438Z] Error reading or processing Modbus registers: no connection to modbus server
[2024-11-26T06:58:28.438Z] Error reading register 6507 for IP 10.30.4.128: no connection to modbus server
[2024-11-26T06:58:28.542Z] Error reading or processing Modbus registers: no connection to modbus server
[2024-11-26T06:58:28.542Z] Error reading register 6507 for IP 10.30.4.128: no connection to modbus server
[2024-11-26T06:58:28.909Z] Error reading or processing Modbus registers: no connection to modbus server
[2024-11-26T06:58:28.909Z] Error reading or processing Modbus registers: no connection to modbus server
[2024-11-26T06:58:28.909Z] Error reading register 6507 for IP 10.30.4.128: no connection to modbus server
[2024-11-26T06:58:28.909Z] Error reading register 6507 for IP 10.30.4.128: no connection to modbus server
[2024-11-26T06:58:29.257Z] Error writing to Modbus register: no connection to modbus server
[2024-11-26T06:58:29.332Z] Error writing to Modbus register: no connection to modbus server
[2024-11-26T06:58:29.439Z] Error reading or processing Modbus registers: no connection to modbus server
[2024-11-26T06:58:29.439Z] Error reading register 6507 for IP 10.30.4.128: no connection to modbus server
[2024-11-26T06:58:29.484Z] Error writing to Modbus register: no connection to modbus server
[2024-11-26T06:58:29.544Z] Error reading or processing Modbus registers: no connection to modbus server
[2024-11-26T06:58:29.544Z] Error reading register 6507 for IP 10.30.4.128: no connection to modbus server
[2024-11-26T06:58:29.924Z] Error reading or processing Modbus registers: no connection to modbus server
[2024-11-26T06:58:29.924Z] Error reading register 6507 for IP 10.30.4.128: no connection to modbus server
[2024-11-26T06:58:29.924Z] Error reading or processing Modbus registers: no connection to modbus server
[2024-11-26T06:58:29.924Z] Error reading register 6507 for IP 10.30.4.128: no connection to modbus server
[2024-11-26T06:58:30.408Z] Error writing to Modbus register: no connection to modbus server
[2024-11-26T06:58:30.456Z] Error reading or processing Modbus registers: no connection to modbus server
[2024-11-26T06:58:30.456Z] Error reading register 6507 for IP 10.30.4.128: no connection to modbus server
[2024-11-26T06:58:30.547Z] Error reading or processing Modbus registers: no connection to modbus server
[2024-11-26T06:58:30.548Z] Error reading register 6507 for IP 10.30.4.128: no connection to modbus server
[2024-11-26T06:58:30.928Z] Error reading or processing Modbus registers: no connection to modbus server
[2024-11-26T06:58:30.928Z] Error reading register 6507 for IP 10.30.4.128: no connection to modbus server
[2024-11-26T06:58:30.928Z] Error reading register 6507 for IP 10.30.4.128: no connection to modbus server
[2024-11-26T06:58:30.928Z] Error reading or processing Modbus registers: no connection to modbus server
[2024-11-26T06:58:31.262Z] Error writing to Modbus register: no connection to modbus server
[2024-11-26T06:58:31.338Z] Error writing to Modbus register: no connection to modbus server
[2024-11-26T06:58:31.459Z] Error reading register 6507 for IP 10.30.4.128: no connection to modbus server
[2024-11-26T06:58:31.459Z] Error reading or processing Modbus registers: no connection to modbus server
[2024-11-26T06:58:31.489Z] Error writing to Modbus register: no connection to modbus server
[2024-11-26T06:58:31.550Z] Error reading or processing Modbus registers: no connection to modbus server
[2024-11-26T06:58:31.550Z] Error reading register 6507 for IP 10.30.4.128: no connection to modbus server
[2024-11-26T06:58:31.928Z] Error reading or processing Modbus registers: no connection to modbus server
[2024-11-26T06:58:31.928Z] Error reading register 6507 for IP 10.30.4.128: no connection to modbus server
[2024-11-26T06:58:31.929Z] Error reading or processing Modbus registers: no connection to modbus server
[2024-11-26T06:58:31.929Z] Error reading register 6507 for IP 10.30.4.128: no connection to modbus server
[2024-11-26T06:58:32.412Z] Error writing to Modbus register: no connection to modbus server
[2024-11-26T06:58:32.473Z] Error reading or processing Modbus registers: no connection to modbus server
[2024-11-26T06:58:32.473Z] Error reading register 6507 for IP 10.30.4.128: no connection to modbus server
[2024-11-26T06:58:32.564Z] Error reading or processing Modbus registers: no connection to modbus server
[2024-11-26T06:58:32.564Z] Error reading register 6507 for IP 10.30.4.128: no connection to modbus server
[2024-11-26T06:58:32.929Z] Error reading or processing Modbus registers: no connection to modbus server
[2024-11-26T06:58:32.929Z] Error reading register 6507 for IP 10.30.4.128: no connection to modbus server
[2024-11-26T06:58:32.930Z] Error reading or processing Modbus registers: no connection to modbus server
[2024-11-26T06:58:32.930Z] Error reading register 6507 for IP 10.30.4.128: no connection to modbus server
[2024-11-26T06:58:33.274Z] Error writing to Modbus register: no connection to modbus server
[2024-11-26T06:58:33.350Z] Error writing to Modbus register: no connection to modbus server
[2024-11-26T06:58:33.487Z] Error reading or processing Modbus registers: no connection to modbus server
[2024-11-26T06:58:33.487Z] Error reading register 6507 for IP 10.30.4.128: no connection to modbus server
[2024-11-26T06:58:33.502Z] Error writing to Modbus register: no connection to modbus server
[2024-11-26T06:58:33.577Z] Error reading or processing Modbus registers: no connection to modbus server
[2024-11-26T06:58:33.577Z] Error reading register 6507 for IP 10.30.4.128: no connection to modbus server
[2024-11-26T06:58:33.942Z] Error reading or processing Modbus registers: no connection to modbus server
[2024-11-26T06:58:33.942Z] Error reading register 6507 for IP 10.30.4.128: no connection to modbus server
[2024-11-26T06:58:33.942Z] Error reading or processing Modbus registers: no connection to modbus server
[2024-11-26T06:58:33.942Z] Error reading register 6507 for IP 10.30.4.128: no connection to modbus server
[2024-11-26T06:58:34.427Z] Error writing to Modbus register: no connection to modbus server
[2024-11-26T06:58:34.489Z] Error reading or processing Modbus registers: no connection to modbus server
[2024-11-26T06:58:34.489Z] Error reading register 6507 for IP 10.30.4.128: no connection to modbus server
[2024-11-26T06:58:34.580Z] Error reading or processing Modbus registers: no connection to modbus server
[2024-11-26T06:58:34.580Z] Error reading register 6507 for IP 10.30.4.128: no connection to modbus server
[2024-11-26T06:58:34.944Z] Error reading register 6507 for IP 10.30.4.128: no connection to modbus server
[2024-11-26T06:58:34.944Z] Error reading or processing Modbus registers: no connection to modbus server
[2024-11-26T06:58:34.944Z] Error reading or processing Modbus registers: no connection to modbus server
[2024-11-26T06:58:34.944Z] Error reading register 6507 for IP 10.30.4.128: no connection to modbus server
[2024-11-26T06:58:35.276Z] Error writing to Modbus register: no connection to modbus server
[2024-11-26T06:58:35.351Z] Error writing to Modbus register: no connection to modbus server
[2024-11-26T06:58:35.503Z] Error reading or processing Modbus registers: no connection to modbus server
[2024-11-26T06:58:35.503Z] Error writing to Modbus register: no connection to modbus server
[2024-11-26T06:58:35.503Z] Error reading register 6507 for IP 10.30.4.128: no connection to modbus server
[2024-11-26T06:58:35.594Z] Error reading or processing Modbus registers: no connection to modbus server
[2024-11-26T06:58:35.594Z] Error reading register 6507 for IP 10.30.4.128: no connection to modbus server
[2024-11-26T06:58:35.957Z] Error reading register 6507 for IP 10.30.4.128: no connection to modbus server
[2024-11-26T06:58:35.957Z] Error reading or processing Modbus registers: no connection to modbus server
[2024-11-26T06:58:35.957Z] Error reading register 6507 for IP 10.30.4.128: no connection to modbus server
[2024-11-26T06:58:35.957Z] Error reading or processing Modbus registers: no connection to modbus server
[2024-11-26T06:58:36.442Z] Error writing to Modbus register: no connection to modbus server
[2024-11-26T06:58:36.517Z] Error reading or processing Modbus registers: no connection to modbus server
[2024-11-26T06:58:36.518Z] Error reading register 6507 for IP 10.30.4.128: no connection to modbus server
[2024-11-26T06:58:36.608Z] Error reading or processing Modbus registers: no connection to modbus server
[2024-11-26T06:58:36.608Z] Error reading register 6507 for IP 10.30.4.128: no connection to modbus server
[2024-11-26T06:58:36.971Z] Error reading or processing Modbus registers: no connection to modbus server
[2024-11-26T06:58:36.971Z] Error reading register 6507 for IP 10.30.4.128: no connection to modbus server
[2024-11-26T06:58:36.971Z] Error reading or processing Modbus registers: no connection to modbus server
[2024-11-26T06:58:36.971Z] Error reading register 6507 for IP 10.30.4.128: no connection to modbus server
[2024-11-26T06:58:37.290Z] Error writing to Modbus register: no connection to modbus server
[2024-11-26T06:58:37.366Z] Error writing to Modbus register: no connection to modbus server
[2024-11-26T06:58:37.517Z] Error writing to Modbus register: no connection to modbus server
[2024-11-26T06:58:37.517Z] Error reading or processing Modbus registers: no connection to modbus server
[2024-11-26T06:58:37.517Z] Error reading register 6507 for IP 10.30.4.128: no connection to modbus server
[2024-11-26T06:58:37.622Z] Error reading or processing Modbus registers: no connection to modbus server
[2024-11-26T06:58:37.622Z] Error reading register 6507 for IP 10.30.4.128: no connection to modbus server
[2024-11-26T06:58:37.972Z] Error reading or processing Modbus registers: no connection to modbus server
[2024-11-26T06:58:37.972Z] Error reading register 6507 for IP 10.30.4.128: no connection to modbus server
[2024-11-26T06:58:37.972Z] Error reading register 6507 for IP 10.30.4.128: no connection to modbus server
[2024-11-26T06:58:37.972Z] Error reading or processing Modbus registers: no connection to modbus server
[2024-11-26T06:58:38.455Z] Error writing to Modbus register: no connection to modbus server
[2024-11-26T06:58:38.531Z] Error reading or processing Modbus registers: no connection to modbus server
[2024-11-26T06:58:38.531Z] Error reading register 6507 for IP 10.30.4.128: no connection to modbus server
[2024-11-26T06:58:38.636Z] Error reading or processing Modbus registers: no connection to modbus server
[2024-11-26T06:58:38.636Z] Error reading register 6507 for IP 10.30.4.128: no connection to modbus server
[2024-11-26T06:58:38.985Z] Error reading or processing Modbus registers: no connection to modbus server
[2024-11-26T06:58:38.985Z] Error reading register 6507 for IP 10.30.4.128: no connection to modbus server
[2024-11-26T06:58:38.985Z] Error reading or processing Modbus registers: no connection to modbus server
[2024-11-26T06:58:38.985Z] Error reading register 6507 for IP 10.30.4.128: no connection to modbus server
[2024-11-26T06:58:39.300Z] Error writing to Modbus register: no connection to modbus server
[2024-11-26T06:58:39.376Z] Error writing to Modbus register: no connection to modbus server
[2024-11-26T06:58:39.528Z] Error writing to Modbus register: no connection to modbus server
[2024-11-26T06:58:39.544Z] Error reading or processing Modbus registers: no connection to modbus server
[2024-11-26T06:58:39.544Z] Error reading register 6507 for IP 10.30.4.128: no connection to modbus server
[2024-11-26T06:58:39.651Z] Error reading or processing Modbus registers: no connection to modbus server
[2024-11-26T06:58:39.652Z] Error reading register 6507 for IP 10.30.4.128: no connection to modbus server
[2024-11-26T06:58:40.000Z] Error reading or processing Modbus registers: no connection to modbus server
[2024-11-26T06:58:40.000Z] Error reading register 6507 for IP 10.30.4.128: no connection to modbus server
[2024-11-26T06:58:40.000Z] Error reading or processing Modbus registers: no connection to modbus server
[2024-11-26T06:58:40.000Z] Error reading register 6507 for IP 10.30.4.128: no connection to modbus server
[2024-11-26T06:58:40.469Z] Error writing to Modbus register: no connection to modbus server
[2024-11-26T06:58:40.545Z] Error reading or processing Modbus registers: no connection to modbus server
[2024-11-26T06:58:40.545Z] Error reading register 6507 for IP 10.30.4.128: no connection to modbus server
[2024-11-26T06:58:40.653Z] Error reading or processing Modbus registers: no connection to modbus server
[2024-11-26T06:58:40.653Z] Error reading register 6507 for IP 10.30.4.128: no connection to modbus server
[2024-11-26T06:58:41.014Z] Error reading or processing Modbus registers: no connection to modbus server
[2024-11-26T06:58:41.014Z] Error reading register 6507 for IP 10.30.4.128: no connection to modbus server
[2024-11-26T06:58:41.014Z] Error reading or processing Modbus registers: no connection to modbus server
[2024-11-26T06:58:41.014Z] Error reading register 6507 for IP 10.30.4.128: no connection to modbus server
[2024-11-26T06:58:41.299Z] Error writing to Modbus register: no connection to modbus server
[2024-11-26T06:58:41.390Z] Error writing to Modbus register: no connection to modbus server
[2024-11-26T06:58:41.542Z] Error writing to Modbus register: no connection to modbus server
[2024-11-26T06:58:41.557Z] Error reading or processing Modbus registers: no connection to modbus server
[2024-11-26T06:58:41.557Z] Error reading register 6507 for IP 10.30.4.128: no connection to modbus server
[2024-11-26T06:58:41.662Z] Error reading or processing Modbus registers: no connection to modbus server
[2024-11-26T06:58:41.662Z] Error reading register 6507 for IP 10.30.4.128: no connection to modbus server
[2024-11-26T06:58:42.027Z] Error reading register 6507 for IP 10.30.4.128: no connection to modbus server
[2024-11-26T06:58:42.027Z] Error reading or processing Modbus registers: no connection to modbus server
[2024-11-26T06:58:42.027Z] Error reading register 6507 for IP 10.30.4.128: no connection to modbus server
[2024-11-26T06:58:42.027Z] Error reading or processing Modbus registers: no connection to modbus server
[2024-11-26T06:58:42.481Z] Error writing to Modbus register: no connection to modbus server
[2024-11-26T06:58:42.556Z] Error reading or processing Modbus registers: no connection to modbus server
[2024-11-26T06:58:42.556Z] Error reading register 6507 for IP 10.30.4.128: no connection to modbus server
[2024-11-26T06:58:42.677Z] Error reading or processing Modbus registers: no connection to modbus server
[2024-11-26T06:58:42.677Z] Error reading register 6507 for IP 10.30.4.128: no connection to modbus server
[2024-11-26T06:58:43.040Z] Error reading or processing Modbus registers: no connection to modbus server
[2024-11-26T06:58:43.040Z] Error reading register 6507 for IP 10.30.4.128: no connection to modbus server
[2024-11-26T06:58:43.040Z] Error reading register 6507 for IP 10.30.4.128: no connection to modbus server
[2024-11-26T06:58:43.040Z] Error reading or processing Modbus registers: no connection to modbus server
[2024-11-26T06:58:43.313Z] Error writing to Modbus register: no connection to modbus server
[2024-11-26T06:58:43.403Z] Error writing to Modbus register: no connection to modbus server
[2024-11-26T06:58:43.555Z] Error writing to Modbus register: no connection to modbus server
[2024-11-26T06:58:43.570Z] Error reading or processing Modbus registers: no connection to modbus server
[2024-11-26T06:58:43.570Z] Error reading register 6507 for IP 10.30.4.128: no connection to modbus server
[2024-11-26T06:58:43.692Z] Error reading register 6507 for IP 10.30.4.128: no connection to modbus server
[2024-11-26T06:58:43.692Z] Error reading or processing Modbus registers: no connection to modbus server
[2024-11-26T06:58:44.040Z] Error reading or processing Modbus registers: no connection to modbus server
[2024-11-26T06:58:44.040Z] Error reading register 6507 for IP 10.30.4.128: no connection to modbus server
[2024-11-26T06:58:44.040Z] Error reading or processing Modbus registers: no connection to modbus server
[2024-11-26T06:58:44.040Z] Error reading register 6507 for IP 10.30.4.128: no connection to modbus server
[2024-11-26T06:58:44.495Z] Error writing to Modbus register: no connection to modbus server
[2024-11-26T06:58:44.571Z] Error reading or processing Modbus registers: no connection to modbus server
[2024-11-26T06:58:44.571Z] Error reading register 6507 for IP 10.30.4.128: no connection to modbus server
[2024-11-26T06:58:44.707Z] Error reading register 6507 for IP 10.30.4.128: no connection to modbus server
[2024-11-26T06:58:44.707Z] Error reading or processing Modbus registers: no connection to modbus server
[2024-11-26T06:58:45.054Z] Error reading or processing Modbus registers: no connection to modbus server
[2024-11-26T06:58:45.054Z] Error reading or processing Modbus registers: no connection to modbus server
[2024-11-26T06:58:45.054Z] Error reading register 6507 for IP 10.30.4.128: no connection to modbus server
[2024-11-26T06:58:45.054Z] Error reading register 6507 for IP 10.30.4.128: no connection to modbus server
[2024-11-26T06:58:45.312Z] Error writing to Modbus register: no connection to modbus server
[2024-11-26T06:58:45.418Z] Error writing to Modbus register: no connection to modbus server
[2024-11-26T06:58:45.569Z] Error writing to Modbus register: no connection to modbus server
[2024-11-26T06:58:45.570Z] Error reading or processing Modbus registers: no connection to modbus server
[2024-11-26T06:58:45.570Z] Error reading register 6507 for IP 10.30.4.128: no connection to modbus server
[2024-11-26T06:58:45.721Z] Error reading or processing Modbus registers: no connection to modbus server
[2024-11-26T06:58:45.721Z] Error reading register 6507 for IP 10.30.4.128: no connection to modbus server
[2024-11-26T06:58:46.055Z] Error reading or processing Modbus registers: no connection to modbus server
[2024-11-26T06:58:46.055Z] Error reading register 6507 for IP 10.30.4.128: no connection to modbus server
[2024-11-26T06:58:46.055Z] Error reading register 6507 for IP 10.30.4.128: no connection to modbus server
[2024-11-26T06:58:46.055Z] Error reading or processing Modbus registers: no connection to modbus server
[2024-11-26T06:58:46.509Z] Error writing to Modbus register: no connection to modbus server
[2024-11-26T06:58:46.584Z] Error reading or processing Modbus registers: no connection to modbus server
[2024-11-26T06:58:46.585Z] Error reading register 6507 for IP 10.30.4.128: no connection to modbus server
[2024-11-26T06:58:46.735Z] Error reading or processing Modbus registers: no connection to modbus server
[2024-11-26T06:58:46.736Z] Error reading register 6507 for IP 10.30.4.128: no connection to modbus server
[2024-11-26T06:58:47.068Z] Error reading or processing Modbus registers: no connection to modbus server
[2024-11-26T06:58:47.068Z] Error reading register 6507 for IP 10.30.4.128: no connection to modbus server
[2024-11-26T06:58:47.068Z] Error reading register 6507 for IP 10.30.4.128: no connection to modbus server
[2024-11-26T06:58:47.068Z] Error reading or processing Modbus registers: no connection to modbus server
[2024-11-26T06:58:47.326Z] Error writing to Modbus register: no connection to modbus server
[2024-11-26T06:58:47.432Z] Error writing to Modbus register: no connection to modbus server
[2024-11-26T06:58:47.583Z] Error writing to Modbus register: no connection to modbus server
[2024-11-26T06:58:47.598Z] Error reading or processing Modbus registers: no connection to modbus server
[2024-11-26T06:58:47.599Z] Error reading register 6507 for IP 10.30.4.128: no connection to modbus server
[2024-11-26T06:58:47.750Z] Error reading or processing Modbus registers: no connection to modbus server
[2024-11-26T06:58:47.750Z] Error reading register 6507 for IP 10.30.4.128: no connection to modbus server
[2024-11-26T06:58:48.069Z] Error reading or processing Modbus registers: no connection to modbus server
[2024-11-26T06:58:48.069Z] Error reading register 6507 for IP 10.30.4.128: no connection to modbus server
[2024-11-26T06:58:48.069Z] Error reading register 6507 for IP 10.30.4.128: no connection to modbus server
[2024-11-26T06:58:48.069Z] Error reading or processing Modbus registers: no connection to modbus server
[2024-11-26T06:58:48.522Z] Error writing to Modbus register: no connection to modbus server
[2024-11-26T06:58:48.612Z] Error reading or processing Modbus registers: no connection to modbus server
[2024-11-26T06:58:48.612Z] Error reading register 6507 for IP 10.30.4.128: no connection to modbus server
[2024-11-26T06:58:48.751Z] Error reading or processing Modbus registers: no connection to modbus server
[2024-11-26T06:58:48.751Z] Error reading register 6507 for IP 10.30.4.128: no connection to modbus server
[2024-11-26T06:58:49.069Z] Error reading or processing Modbus registers: no connection to modbus server
[2024-11-26T06:58:49.069Z] Error reading register 6507 for IP 10.30.4.128: no connection to modbus server
[2024-11-26T06:58:49.069Z] Error reading or processing Modbus registers: no connection to modbus server
[2024-11-26T06:58:49.069Z] Error reading register 6507 for IP 10.30.4.128: no connection to modbus server
[2024-11-26T06:58:49.326Z] Error writing to Modbus register: no connection to modbus server
[2024-11-26T06:58:49.432Z] Error writing to Modbus register: no connection to modbus server
[2024-11-26T06:58:49.584Z] Error writing to Modbus register: no connection to modbus server
[2024-11-26T06:58:49.615Z] Error reading or processing Modbus registers: no connection to modbus server
[2024-11-26T06:58:49.615Z] Error reading register 6507 for IP 10.30.4.128: no connection to modbus server
[2024-11-26T06:58:49.753Z] Error reading or processing Modbus registers: no connection to modbus server
[2024-11-26T06:58:49.753Z] Error reading register 6507 for IP 10.30.4.128: no connection to modbus server
[2024-11-26T06:58:50.070Z] Error reading register 6507 for IP 10.30.4.128: no connection to modbus server
[2024-11-26T06:58:50.070Z] Error reading register 6507 for IP 10.30.4.128: no connection to modbus server
[2024-11-26T06:58:50.070Z] Error reading or processing Modbus registers: no connection to modbus server
[2024-11-26T06:58:50.070Z] Error reading or processing Modbus registers: no connection to modbus server
[2024-11-26T06:58:50.523Z] Error writing to Modbus register: no connection to modbus server
[2024-11-26T06:58:50.630Z] Error reading or processing Modbus registers: no connection to modbus server
[2024-11-26T06:58:50.630Z] Error reading register 6507 for IP 10.30.4.128: no connection to modbus server
[2024-11-26T06:58:50.765Z] Error reading or processing Modbus registers: no connection to modbus server
[2024-11-26T06:58:50.766Z] Error reading register 6507 for IP 10.30.4.128: no connection to modbus server
[2024-11-26T06:58:51.084Z] Error reading register 6507 for IP 10.30.4.128: no connection to modbus server
[2024-11-26T06:58:51.084Z] Error reading register 6507 for IP 10.30.4.128: no connection to modbus server
[2024-11-26T06:58:51.084Z] Error reading or processing Modbus registers: no connection to modbus server
[2024-11-26T06:58:51.084Z] Error reading or processing Modbus registers: no connection to modbus server
[2024-11-26T06:58:51.327Z] Error writing to Modbus register: no connection to modbus server
[2024-11-26T06:58:51.446Z] Error writing to Modbus register: no connection to modbus server
[2024-11-26T06:58:51.597Z] Error writing to Modbus register: no connection to modbus server
[2024-11-26T06:58:51.643Z] Error reading or processing Modbus registers: no connection to modbus server
[2024-11-26T06:58:51.643Z] Error reading register 6507 for IP 10.30.4.128: no connection to modbus server
[2024-11-26T06:58:51.780Z] Error reading or processing Modbus registers: no connection to modbus server
[2024-11-26T06:58:51.780Z] Error reading register 6507 for IP 10.30.4.128: no connection to modbus server
[2024-11-26T06:58:52.084Z] Error reading or processing Modbus registers: no connection to modbus server
[2024-11-26T06:58:52.084Z] Error reading register 6507 for IP 10.30.4.128: no connection to modbus server
[2024-11-26T06:58:52.084Z] Error reading or processing Modbus registers: no connection to modbus server
[2024-11-26T06:58:52.084Z] Error reading register 6507 for IP 10.30.4.128: no connection to modbus server
[2024-11-26T06:58:52.523Z] Error writing to Modbus register: no connection to modbus server
[2024-11-26T06:58:52.643Z] Error reading or processing Modbus registers: no connection to modbus server
[2024-11-26T06:58:52.643Z] Error reading register 6507 for IP 10.30.4.128: no connection to modbus server
[2024-11-26T06:58:52.792Z] Error reading or processing Modbus registers: no connection to modbus server
[2024-11-26T06:58:52.792Z] Error reading register 6507 for IP 10.30.4.128: no connection to modbus server
[2024-11-26T06:58:53.096Z] Error reading register 6507 for IP 10.30.4.128: no connection to modbus server
[2024-11-26T06:58:53.096Z] Error reading or processing Modbus registers: no connection to modbus server
[2024-11-26T06:58:53.096Z] Error reading register 6507 for IP 10.30.4.128: no connection to modbus server
[2024-11-26T06:58:53.096Z] Error reading or processing Modbus registers: no connection to modbus server
[2024-11-26T06:58:53.338Z] Error writing to Modbus register: no connection to modbus server
[2024-11-26T06:58:53.460Z] Error writing to Modbus register: no connection to modbus server
[2024-11-26T06:58:53.612Z] Error writing to Modbus register: no connection to modbus server
[2024-11-26T06:58:53.659Z] Error reading or processing Modbus registers: no connection to modbus server
[2024-11-26T06:58:53.659Z] Error reading register 6507 for IP 10.30.4.128: no connection to modbus server
[2024-11-26T06:58:53.793Z] Error reading or processing Modbus registers: no connection to modbus server
[2024-11-26T06:58:53.793Z] Error reading register 6507 for IP 10.30.4.128: no connection to modbus server
[2024-11-26T06:58:54.096Z] Error reading or processing Modbus registers: no connection to modbus server
[2024-11-26T06:58:54.096Z] Error reading register 6507 for IP 10.30.4.128: no connection to modbus server
[2024-11-26T06:58:54.096Z] Error reading register 6507 for IP 10.30.4.128: no connection to modbus server
[2024-11-26T06:58:54.096Z] Error reading or processing Modbus registers: no connection to modbus server
[2024-11-26T06:58:54.534Z] Error writing to Modbus register: no connection to modbus server
[2024-11-26T06:58:54.671Z] Error reading or processing Modbus registers: no connection to modbus server
[2024-11-26T06:58:54.671Z] Error reading register 6507 for IP 10.30.4.128: no connection to modbus server
[2024-11-26T06:58:54.807Z] Error reading or processing Modbus registers: no connection to modbus server
[2024-11-26T06:58:54.807Z] Error reading register 6507 for IP 10.30.4.128: no connection to modbus server
[2024-11-26T06:58:55.110Z] Error reading or processing Modbus registers: no connection to modbus server
[2024-11-26T06:58:55.110Z] Error reading register 6507 for IP 10.30.4.128: no connection to modbus server
[2024-11-26T06:58:55.110Z] Error reading or processing Modbus registers: no connection to modbus server
[2024-11-26T06:58:55.110Z] Error reading register 6507 for IP 10.30.4.128: no connection to modbus server
[2024-11-26T06:58:55.352Z] Error writing to Modbus register: no connection to modbus server
[2024-11-26T06:58:55.473Z] Error writing to Modbus register: no connection to modbus server
[2024-11-26T06:58:55.624Z] Error writing to Modbus register: no connection to modbus server
[2024-11-26T06:58:55.685Z] Error reading or processing Modbus registers: no connection to modbus server
[2024-11-26T06:58:55.685Z] Error reading register 6507 for IP 10.30.4.128: no connection to modbus server
[2024-11-26T06:58:55.821Z] Error reading or processing Modbus registers: no connection to modbus server
[2024-11-26T06:58:55.821Z] Error reading register 6507 for IP 10.30.4.128: no connection to modbus server
[2024-11-26T06:58:56.111Z] Error reading or processing Modbus registers: no connection to modbus server
[2024-11-26T06:58:56.111Z] Error reading register 6507 for IP 10.30.4.128: no connection to modbus server
[2024-11-26T06:58:56.111Z] Error reading or processing Modbus registers: no connection to modbus server
[2024-11-26T06:58:56.111Z] Error reading register 6507 for IP 10.30.4.128: no connection to modbus server
[2024-11-26T06:58:56.534Z] Error writing to Modbus register: no connection to modbus server
[2024-11-26T06:58:56.684Z] Error reading or processing Modbus registers: no connection to modbus server
[2024-11-26T06:58:56.684Z] Error reading register 6507 for IP 10.30.4.128: no connection to modbus server
[2024-11-26T06:58:56.836Z] Error reading or processing Modbus registers: no connection to modbus server
[2024-11-26T06:58:56.836Z] Error reading register 6507 for IP 10.30.4.128: no connection to modbus server
[2024-11-26T06:58:57.124Z] Error reading or processing Modbus registers: no connection to modbus server
[2024-11-26T06:58:57.124Z] Error reading register 6507 for IP 10.30.4.128: no connection to modbus server
[2024-11-26T06:58:57.124Z] Error reading or processing Modbus registers: no connection to modbus server
[2024-11-26T06:58:57.124Z] Error reading register 6507 for IP 10.30.4.128: no connection to modbus server
[2024-11-26T06:58:57.365Z] Error writing to Modbus register: no connection to modbus server
[2024-11-26T06:58:57.487Z] Error writing to Modbus register: no connection to modbus server
[2024-11-26T06:58:57.637Z] Error writing to Modbus register: no connection to modbus server
[2024-11-26T06:58:57.698Z] Error reading or processing Modbus registers: no connection to modbus server
[2024-11-26T06:58:57.698Z] Error reading register 6507 for IP 10.30.4.128: no connection to modbus server
[2024-11-26T06:58:57.849Z] Error reading or processing Modbus registers: no connection to modbus server
[2024-11-26T06:58:57.849Z] Error reading register 6507 for IP 10.30.4.128: no connection to modbus server
[2024-11-26T06:58:58.124Z] Error reading or processing Modbus registers: no connection to modbus server
[2024-11-26T06:58:58.125Z] Error reading register 6507 for IP 10.30.4.128: no connection to modbus server
[2024-11-26T06:58:58.125Z] Error reading or processing Modbus registers: no connection to modbus server
[2024-11-26T06:58:58.125Z] Error reading register 6507 for IP 10.30.4.128: no connection to modbus server
[2024-11-26T06:58:58.547Z] Error writing to Modbus register: no connection to modbus server
[2024-11-26T06:58:58.699Z] Error reading or processing Modbus registers: no connection to modbus server
[2024-11-26T06:58:58.699Z] Error reading register 6507 for IP 10.30.4.128: no connection to modbus server
[2024-11-26T06:58:58.850Z] Error reading or processing Modbus registers: no connection to modbus server
[2024-11-26T06:58:58.850Z] Error reading register 6507 for IP 10.30.4.128: no connection to modbus server
[2024-11-26T06:58:59.139Z] Error reading or processing Modbus registers: no connection to modbus server
[2024-11-26T06:58:59.139Z] Error reading or processing Modbus registers: no connection to modbus server
[2024-11-26T06:58:59.139Z] Error reading register 6507 for IP 10.30.4.128: no connection to modbus server
[2024-11-26T06:58:59.139Z] Error reading register 6507 for IP 10.30.4.128: no connection to modbus server
[2024-11-26T06:58:59.366Z] Error writing to Modbus register: no connection to modbus server
[2024-11-26T06:58:59.487Z] Error writing to Modbus register: no connection to modbus server
[2024-11-26T06:58:59.638Z] Error writing to Modbus register: no connection to modbus server
[2024-11-26T06:58:59.713Z] Error reading or processing Modbus registers: no connection to modbus server
[2024-11-26T06:58:59.713Z] Error reading register 6507 for IP 10.30.4.128: no connection to modbus server
[2024-11-26T06:58:59.865Z] Error reading or processing Modbus registers: no connection to modbus server
[2024-11-26T06:58:59.865Z] Error reading register 6507 for IP 10.30.4.128: no connection to modbus server
[2024-11-26T06:59:00.152Z] Error reading or processing Modbus registers: no connection to modbus server
[2024-11-26T06:59:00.152Z] Error reading register 6507 for IP 10.30.4.128: no connection to modbus server
[2024-11-26T06:59:00.152Z] Error reading or processing Modbus registers: no connection to modbus server
[2024-11-26T06:59:00.152Z] Error reading register 6507 for IP 10.30.4.128: no connection to modbus server
[2024-11-26T06:59:00.547Z] Error writing to Modbus register: no connection to modbus server
[2024-11-26T06:59:00.715Z] Error reading or processing Modbus registers: no connection to modbus server
[2024-11-26T06:59:00.715Z] Error reading register 6507 for IP 10.30.4.128: no connection to modbus server
[2024-11-26T06:59:00.866Z] Error reading or processing Modbus registers: no connection to modbus server
[2024-11-26T06:59:00.866Z] Error reading register 6507 for IP 10.30.4.128: no connection to modbus server
[2024-11-26T06:59:01.155Z] Error reading or processing Modbus registers: no connection to modbus server
[2024-11-26T06:59:01.155Z] Error reading register 6507 for IP 10.30.4.128: no connection to modbus server
[2024-11-26T06:59:01.155Z] Error reading or processing Modbus registers: no connection to modbus server
[2024-11-26T06:59:01.155Z] Error reading register 6507 for IP 10.30.4.128: no connection to modbus server
[2024-11-26T06:59:01.367Z] Error writing to Modbus register: no connection to modbus server
[2024-11-26T06:59:01.501Z] Error writing to Modbus register: no connection to modbus server
[2024-11-26T06:59:01.639Z] Error writing to Modbus register: no connection to modbus server
[2024-11-26T06:59:01.729Z] Error reading or processing Modbus registers: no connection to modbus server
[2024-11-26T06:59:01.729Z] Error reading register 6507 for IP 10.30.4.128: no connection to modbus server
[2024-11-26T06:59:01.867Z] Error reading or processing Modbus registers: no connection to modbus server
[2024-11-26T06:59:01.867Z] Error reading register 6507 for IP 10.30.4.128: no connection to modbus server
[2024-11-26T06:59:02.169Z] Error reading or processing Modbus registers: no connection to modbus server
[2024-11-26T06:59:02.170Z] Error reading register 6507 for IP 10.30.4.128: no connection to modbus server
[2024-11-26T06:59:02.170Z] Error reading register 6507 for IP 10.30.4.128: no connection to modbus server
[2024-11-26T06:59:02.170Z] Error reading or processing Modbus registers: no connection to modbus server
[2024-11-26T06:59:02.548Z] Error writing to Modbus register: no connection to modbus server
[2024-11-26T06:59:02.731Z] Error reading or processing Modbus registers: no connection to modbus server
[2024-11-26T06:59:02.731Z] Error reading register 6507 for IP 10.30.4.128: no connection to modbus server
[2024-11-26T06:59:02.882Z] Error reading or processing Modbus registers: no connection to modbus server
[2024-11-26T06:59:02.882Z] Error reading register 6507 for IP 10.30.4.128: no connection to modbus server
[2024-11-26T06:59:03.170Z] Error reading or processing Modbus registers: no connection to modbus server
[2024-11-26T06:59:03.170Z] Error reading register 6507 for IP 10.30.4.128: no connection to modbus server
[2024-11-26T06:59:03.170Z] Error reading or processing Modbus registers: no connection to modbus server
[2024-11-26T06:59:03.170Z] Error reading register 6507 for IP 10.30.4.128: no connection to modbus server
[2024-11-26T06:59:03.381Z] Error writing to Modbus register: no connection to modbus server
[2024-11-26T06:59:03.503Z] Error writing to Modbus register: no connection to modbus server
[2024-11-26T06:59:03.641Z] Error writing to Modbus register: no connection to modbus server
[2024-11-26T06:59:03.733Z] Error reading register 6507 for IP 10.30.4.128: no connection to modbus server
[2024-11-26T06:59:03.733Z] Error reading or processing Modbus registers: no connection to modbus server
[2024-11-26T06:59:03.885Z] Error reading or processing Modbus registers: no connection to modbus server
[2024-11-26T06:59:03.885Z] Error reading register 6507 for IP 10.30.4.128: no connection to modbus server
[2024-11-26T06:59:04.173Z] Error reading or processing Modbus registers: no connection to modbus server
[2024-11-26T06:59:04.173Z] Error reading register 6507 for IP 10.30.4.128: no connection to modbus server
[2024-11-26T06:59:04.173Z] Error reading register 6507 for IP 10.30.4.128: no connection to modbus server
[2024-11-26T06:59:04.173Z] Error reading or processing Modbus registers: no connection to modbus server
[2024-11-26T06:59:04.551Z] Error writing to Modbus register: no connection to modbus server
[2024-11-26T06:59:04.736Z] Error reading or processing Modbus registers: no connection to modbus server
[2024-11-26T06:59:04.736Z] Error reading register 6507 for IP 10.30.4.128: no connection to modbus server
[2024-11-26T06:59:04.888Z] Error reading or processing Modbus registers: no connection to modbus server
[2024-11-26T06:59:04.888Z] Error reading register 6507 for IP 10.30.4.128: no connection to modbus server
[2024-11-26T06:59:05.177Z] Error reading or processing Modbus registers: no connection to modbus server
[2024-11-26T06:59:05.177Z] Error reading register 6507 for IP 10.30.4.128: no connection to modbus server
[2024-11-26T06:59:05.177Z] Error reading register 6507 for IP 10.30.4.128: no connection to modbus server
[2024-11-26T06:59:05.177Z] Error reading or processing Modbus registers: no connection to modbus server
[2024-11-26T06:59:05.388Z] Error writing to Modbus register: no connection to modbus server
[2024-11-26T06:59:05.508Z] Error writing to Modbus register: no connection to modbus server
[2024-11-26T06:59:05.645Z] Error writing to Modbus register: no connection to modbus server
[2024-11-26T06:59:05.750Z] Error reading or processing Modbus registers: no connection to modbus server
[2024-11-26T06:59:05.751Z] Error reading register 6507 for IP 10.30.4.128: no connection to modbus server
[2024-11-26T06:59:05.900Z] Error reading or processing Modbus registers: no connection to modbus server
[2024-11-26T06:59:05.900Z] Error reading register 6507 for IP 10.30.4.128: no connection to modbus server
[2024-11-26T06:59:06.190Z] Error reading or processing Modbus registers: no connection to modbus server
[2024-11-26T06:59:06.190Z] Error reading register 6507 for IP 10.30.4.128: no connection to modbus server
[2024-11-26T06:59:06.190Z] Error reading or processing Modbus registers: no connection to modbus server
[2024-11-26T06:59:06.190Z] Error reading register 6507 for IP 10.30.4.128: no connection to modbus server
[2024-11-26T06:59:06.554Z] Error writing to Modbus register: no connection to modbus server
[2024-11-26T06:59:06.752Z] Error reading or processing Modbus registers: no connection to modbus server
[2024-11-26T06:59:06.752Z] Error reading register 6507 for IP 10.30.4.128: no connection to modbus server
[2024-11-26T06:59:06.904Z] Error reading or processing Modbus registers: no connection to modbus server
[2024-11-26T06:59:06.904Z] Error reading register 6507 for IP 10.30.4.128: no connection to modbus server
[2024-11-26T06:59:07.191Z] Error reading or processing Modbus registers: no connection to modbus server
[2024-11-26T06:59:07.191Z] Error reading register 6507 for IP 10.30.4.128: no connection to modbus server
[2024-11-26T06:59:07.191Z] Error reading register 6507 for IP 10.30.4.128: no connection to modbus server
[2024-11-26T06:59:07.191Z] Error reading or processing Modbus registers: no connection to modbus server
[2024-11-26T06:59:07.403Z] Error writing to Modbus register: no connection to modbus server
[2024-11-26T06:59:07.510Z] Error writing to Modbus register: no connection to modbus server
[2024-11-26T06:59:07.645Z] Error writing to Modbus register: no connection to modbus server
[2024-11-26T06:59:07.754Z] Error reading or processing Modbus registers: no connection to modbus server
[2024-11-26T06:59:07.754Z] Error reading register 6507 for IP 10.30.4.128: no connection to modbus server
[2024-11-26T06:59:07.905Z] Error reading or processing Modbus registers: no connection to modbus server
[2024-11-26T06:59:07.905Z] Error reading register 6507 for IP 10.30.4.128: no connection to modbus server
[2024-11-26T06:59:08.193Z] Error reading register 6507 for IP 10.30.4.128: no connection to modbus server
[2024-11-26T06:59:08.193Z] Error reading or processing Modbus registers: no connection to modbus server
[2024-11-26T06:59:08.193Z] Error reading or processing Modbus registers: no connection to modbus server
[2024-11-26T06:59:08.193Z] Error reading register 6507 for IP 10.30.4.128: no connection to modbus server
[2024-11-26T06:59:08.557Z] Error writing to Modbus register: no connection to modbus server
[2024-11-26T06:59:08.755Z] Error reading or processing Modbus registers: no connection to modbus server
[2024-11-26T06:59:08.755Z] Error reading register 6507 for IP 10.30.4.128: no connection to modbus server
[2024-11-26T06:59:08.906Z] Error reading or processing Modbus registers: no connection to modbus server
[2024-11-26T06:59:08.906Z] Error reading register 6507 for IP 10.30.4.128: no connection to modbus server
[2024-11-26T06:59:09.195Z] Error reading register 6507 for IP 10.30.4.128: no connection to modbus server
[2024-11-26T06:59:09.195Z] Error reading or processing Modbus registers: no connection to modbus server
[2024-11-26T06:59:09.195Z] Error reading register 6507 for IP 10.30.4.128: no connection to modbus server
[2024-11-26T06:59:09.195Z] Error reading or processing Modbus registers: no connection to modbus server
[2024-11-26T06:59:09.407Z] Error writing to Modbus register: no connection to modbus server
[2024-11-26T06:59:09.513Z] Error writing to Modbus register: no connection to modbus server
[2024-11-26T06:59:09.649Z] Error writing to Modbus register: no connection to modbus server
[2024-11-26T06:59:09.756Z] Error reading or processing Modbus registers: no connection to modbus server
[2024-11-26T06:59:09.756Z] Error reading register 6507 for IP 10.30.4.128: no connection to modbus server
[2024-11-26T06:59:09.907Z] Error reading register 6507 for IP 10.30.4.128: no connection to modbus server
[2024-11-26T06:59:09.907Z] Error reading or processing Modbus registers: no connection to modbus server
[2024-11-26T06:59:10.210Z] Error reading or processing Modbus registers: no connection to modbus server
[2024-11-26T06:59:10.210Z] Error reading register 6507 for IP 10.30.4.128: no connection to modbus server
[2024-11-26T06:59:10.210Z] Error reading or processing Modbus registers: no connection to modbus server
[2024-11-26T06:59:10.210Z] Error reading register 6507 for IP 10.30.4.128: no connection to modbus server
[2024-11-26T06:59:10.572Z] Error writing to Modbus register: no connection to modbus server
[2024-11-26T06:59:10.768Z] Error reading or processing Modbus registers: no connection to modbus server
[2024-11-26T06:59:10.768Z] Error reading register 6507 for IP 10.30.4.128: no connection to modbus server
[2024-11-26T06:59:10.919Z] Error reading register 6507 for IP 10.30.4.128: no connection to modbus server
[2024-11-26T06:59:10.919Z] Error reading or processing Modbus registers: no connection to modbus server
[2024-11-26T06:59:11.224Z] Error reading or processing Modbus registers: no connection to modbus server
[2024-11-26T06:59:11.224Z] Error reading register 6507 for IP 10.30.4.128: no connection to modbus server
[2024-11-26T06:59:11.224Z] Error reading or processing Modbus registers: no connection to modbus server
[2024-11-26T06:59:11.224Z] Error reading register 6507 for IP 10.30.4.128: no connection to modbus server
[2024-11-26T06:59:11.421Z] Error writing to Modbus register: no connection to modbus server
[2024-11-26T06:59:11.527Z] Error writing to Modbus register: no connection to modbus server
[2024-11-26T06:59:11.664Z] Error writing to Modbus register: no connection to modbus server
[2024-11-26T06:59:11.769Z] Error reading or processing Modbus registers: no connection to modbus server
[2024-11-26T06:59:11.770Z] Error reading register 6507 for IP 10.30.4.128: no connection to modbus server
[2024-11-26T06:59:11.921Z] Error reading or processing Modbus registers: no connection to modbus server
[2024-11-26T06:59:11.921Z] Error reading register 6507 for IP 10.30.4.128: no connection to modbus server
[2024-11-26T06:59:12.225Z] Error reading or processing Modbus registers: no connection to modbus server
[2024-11-26T06:59:12.225Z] Error reading or processing Modbus registers: no connection to modbus server
[2024-11-26T06:59:12.225Z] Error reading register 6507 for IP 10.30.4.128: no connection to modbus server
[2024-11-26T06:59:12.226Z] Error reading register 6507 for IP 10.30.4.128: no connection to modbus server
[2024-11-26T06:59:12.574Z] Error writing to Modbus register: no connection to modbus server
[2024-11-26T06:59:12.772Z] Error reading or processing Modbus registers: no connection to modbus server
[2024-11-26T06:59:12.772Z] Error reading register 6507 for IP 10.30.4.128: no connection to modbus server
[2024-11-26T06:59:12.924Z] Error reading or processing Modbus registers: no connection to modbus server
[2024-11-26T06:59:12.924Z] Error reading register 6507 for IP 10.30.4.128: no connection to modbus server
[2024-11-26T06:59:13.227Z] Error reading register 6507 for IP 10.30.4.128: no connection to modbus server
[2024-11-26T06:59:13.227Z] Error reading or processing Modbus registers: no connection to modbus server
[2024-11-26T06:59:13.227Z] Error reading register 6507 for IP 10.30.4.128: no connection to modbus server
[2024-11-26T06:59:13.227Z] Error reading or processing Modbus registers: no connection to modbus server
[2024-11-26T06:59:13.422Z] Error writing to Modbus register: no connection to modbus server
[2024-11-26T06:59:13.541Z] Error writing to Modbus register: no connection to modbus server
[2024-11-26T06:59:13.677Z] Error writing to Modbus register: no connection to modbus server
[2024-11-26T06:59:13.784Z] Error reading or processing Modbus registers: no connection to modbus server
[2024-11-26T06:59:13.784Z] Error reading register 6507 for IP 10.30.4.128: no connection to modbus server
[2024-11-26T06:59:13.935Z] Error reading register 6507 for IP 10.30.4.128: no connection to modbus server
[2024-11-26T06:59:13.935Z] Error reading or processing Modbus registers: no connection to modbus server
[2024-11-26T06:59:14.239Z] Error reading or processing Modbus registers: no connection to modbus server
[2024-11-26T06:59:14.239Z] Error reading register 6507 for IP 10.30.4.128: no connection to modbus server
[2024-11-26T06:59:14.239Z] Error reading or processing Modbus registers: no connection to modbus server
[2024-11-26T06:59:14.239Z] Error reading register 6507 for IP 10.30.4.128: no connection to modbus server
[2024-11-26T06:59:14.588Z] Error writing to Modbus register: no connection to modbus server
[2024-11-26T06:59:14.786Z] Error reading or processing Modbus registers: no connection to modbus server
[2024-11-26T06:59:14.786Z] Error reading register 6507 for IP 10.30.4.128: no connection to modbus server
[2024-11-26T06:59:14.937Z] Error reading or processing Modbus registers: no connection to modbus server
[2024-11-26T06:59:14.937Z] Error reading register 6507 for IP 10.30.4.128: no connection to modbus server
[2024-11-26T06:59:15.240Z] Error reading or processing Modbus registers: no connection to modbus server
[2024-11-26T06:59:15.240Z] Error reading register 6507 for IP 10.30.4.128: no connection to modbus server
[2024-11-26T06:59:15.240Z] Error reading or processing Modbus registers: no connection to modbus server
[2024-11-26T06:59:15.240Z] Error reading register 6507 for IP 10.30.4.128: no connection to modbus server
[2024-11-26T06:59:15.424Z] Error writing to Modbus register: no connection to modbus server
[2024-11-26T06:59:15.546Z] Error writing to Modbus register: no connection to modbus server
[2024-11-26T06:59:15.682Z] Error writing to Modbus register: no connection to modbus server
[2024-11-26T06:59:15.789Z] Error reading or processing Modbus registers: no connection to modbus server
[2024-11-26T06:59:15.789Z] Error reading register 6507 for IP 10.30.4.128: no connection to modbus server
[2024-11-26T06:59:15.941Z] Error reading or processing Modbus registers: no connection to modbus server
[2024-11-26T06:59:15.941Z] Error reading register 6507 for IP 10.30.4.128: no connection to modbus server
[2024-11-26T06:59:16.244Z] Error reading register 6507 for IP 10.30.4.128: no connection to modbus server
[2024-11-26T06:59:16.244Z] Error reading or processing Modbus registers: no connection to modbus server
[2024-11-26T06:59:16.244Z] Error reading or processing Modbus registers: no connection to modbus server
[2024-11-26T06:59:16.244Z] Error reading register 6507 for IP 10.30.4.128: no connection to modbus server
[2024-11-26T06:59:16.592Z] Error writing to Modbus register: no connection to modbus server
[2024-11-26T06:59:16.789Z] Error reading or processing Modbus registers: no connection to modbus server
[2024-11-26T06:59:16.789Z] Error reading register 6507 for IP 10.30.4.128: no connection to modbus server
[2024-11-26T06:59:16.956Z] Error reading or processing Modbus registers: no connection to modbus server
[2024-11-26T06:59:16.956Z] Error reading register 6507 for IP 10.30.4.128: no connection to modbus server
[2024-11-26T06:59:17.244Z] Error reading register 6507 for IP 10.30.4.128: no connection to modbus server
[2024-11-26T06:59:17.244Z] Error reading register 6507 for IP 10.30.4.128: no connection to modbus server
[2024-11-26T06:59:17.244Z] Error reading or processing Modbus registers: no connection to modbus server
[2024-11-26T06:59:17.244Z] Error reading or processing Modbus registers: no connection to modbus server
[2024-11-26T06:59:17.426Z] Error writing to Modbus register: no connection to modbus server
[2024-11-26T06:59:17.547Z] Error writing to Modbus register: no connection to modbus server
[2024-11-26T06:59:17.683Z] Error writing to Modbus register: no connection to modbus server
[2024-11-26T06:59:17.804Z] Error reading or processing Modbus registers: no connection to modbus server
[2024-11-26T06:59:17.804Z] Error reading register 6507 for IP 10.30.4.128: no connection to modbus server
[2024-11-26T06:59:17.970Z] Error reading or processing Modbus registers: no connection to modbus server
[2024-11-26T06:59:17.971Z] Error reading register 6507 for IP 10.30.4.128: no connection to modbus server
[2024-11-26T06:59:18.259Z] Error reading register 6507 for IP 10.30.4.128: no connection to modbus server
[2024-11-26T06:59:18.259Z] Error reading or processing Modbus registers: no connection to modbus server
[2024-11-26T06:59:18.259Z] Error reading register 6507 for IP 10.30.4.128: no connection to modbus server
[2024-11-26T06:59:18.259Z] Error reading or processing Modbus registers: no connection to modbus server
[2024-11-26T06:59:18.593Z] Error writing to Modbus register: no connection to modbus server
[2024-11-26T06:59:18.806Z] Error reading register 6507 for IP 10.30.4.128: no connection to modbus server
[2024-11-26T06:59:18.806Z] Error reading or processing Modbus registers: no connection to modbus server
[2024-11-26T06:59:18.972Z] Error reading or processing Modbus registers: no connection to modbus server
[2024-11-26T06:59:18.973Z] Error reading register 6507 for IP 10.30.4.128: no connection to modbus server
[2024-11-26T06:59:19.259Z] Error reading or processing Modbus registers: no connection to modbus server
[2024-11-26T06:59:19.259Z] Error reading register 6507 for IP 10.30.4.128: no connection to modbus server
[2024-11-26T06:59:19.260Z] Error reading or processing Modbus registers: no connection to modbus server
[2024-11-26T06:59:19.260Z] Error reading register 6507 for IP 10.30.4.128: no connection to modbus server
[2024-11-26T06:59:19.440Z] Error writing to Modbus register: no connection to modbus server
[2024-11-26T06:59:19.562Z] Error writing to Modbus register: no connection to modbus server
[2024-11-26T06:59:19.683Z] Error writing to Modbus register: no connection to modbus server
[2024-11-26T06:59:19.819Z] Error reading or processing Modbus registers: no connection to modbus server
[2024-11-26T06:59:19.819Z] Error reading register 6507 for IP 10.30.4.128: no connection to modbus server
[2024-11-26T06:59:19.986Z] Error reading or processing Modbus registers: no connection to modbus server
[2024-11-26T06:59:19.986Z] Error reading register 6507 for IP 10.30.4.128: no connection to modbus server
[2024-11-26T06:59:20.274Z] Error reading or processing Modbus registers: no connection to modbus server
[2024-11-26T06:59:20.274Z] Error reading register 6507 for IP 10.30.4.128: no connection to modbus server
[2024-11-26T06:59:20.274Z] Error reading or processing Modbus registers: no connection to modbus server
[2024-11-26T06:59:20.274Z] Error reading register 6507 for IP 10.30.4.128: no connection to modbus server
[2024-11-26T06:59:20.606Z] Error writing to Modbus register: no connection to modbus server
[2024-11-26T06:59:20.818Z] Error reading or processing Modbus registers: no connection to modbus server
[2024-11-26T06:59:20.818Z] Error reading register 6507 for IP 10.30.4.128: no connection to modbus server
[2024-11-26T06:59:21.001Z] Error reading or processing Modbus registers: no connection to modbus server
[2024-11-26T06:59:21.001Z] Error reading register 6507 for IP 10.30.4.128: no connection to modbus server
[2024-11-26T06:59:21.289Z] Error reading or processing Modbus registers: no connection to modbus server
[2024-11-26T06:59:21.289Z] Error reading or processing Modbus registers: no connection to modbus server
[2024-11-26T06:59:21.289Z] Error reading register 6507 for IP 10.30.4.128: no connection to modbus server
[2024-11-26T06:59:21.289Z] Error reading register 6507 for IP 10.30.4.128: no connection to modbus server
[2024-11-26T06:59:21.440Z] Error writing to Modbus register: no connection to modbus server
[2024-11-26T06:59:21.578Z] Error writing to Modbus register: no connection to modbus server
[2024-11-26T06:59:21.697Z] Error writing to Modbus register: no connection to modbus server
[2024-11-26T06:59:21.820Z] Error reading or processing Modbus registers: no connection to modbus server
[2024-11-26T06:59:21.820Z] Error reading register 6507 for IP 10.30.4.128: no connection to modbus server
[2024-11-26T06:59:22.002Z] Error reading or processing Modbus registers: no connection to modbus server
[2024-11-26T06:59:22.002Z] Error reading register 6507 for IP 10.30.4.128: no connection to modbus server
[2024-11-26T06:59:22.291Z] Error reading register 6507 for IP 10.30.4.128: no connection to modbus server
[2024-11-26T06:59:22.291Z] Error reading or processing Modbus registers: no connection to modbus server
[2024-11-26T06:59:22.291Z] Error reading or processing Modbus registers: no connection to modbus server
[2024-11-26T06:59:22.291Z] Error reading register 6507 for IP 10.30.4.128: no connection to modbus server
[2024-11-26T06:59:22.609Z] Error writing to Modbus register: no connection to modbus server
[2024-11-26T06:59:22.823Z] Error reading or processing Modbus registers: no connection to modbus server
[2024-11-26T06:59:22.823Z] Error reading register 6507 for IP 10.30.4.128: no connection to modbus server
[2024-11-26T06:59:23.003Z] Error reading or processing Modbus registers: no connection to modbus server
[2024-11-26T06:59:23.003Z] Error reading register 6507 for IP 10.30.4.128: no connection to modbus server
[2024-11-26T06:59:23.305Z] Error reading or processing Modbus registers: no connection to modbus server
[2024-11-26T06:59:23.305Z] Error reading register 6507 for IP 10.30.4.128: no connection to modbus server
[2024-11-26T06:59:23.305Z] Error reading register 6507 for IP 10.30.4.128: no connection to modbus server
[2024-11-26T06:59:23.305Z] Error reading or processing Modbus registers: no connection to modbus server
[2024-11-26T06:59:23.442Z] Error writing to Modbus register: no connection to modbus server
[2024-11-26T06:59:23.593Z] Error writing to Modbus register: no connection to modbus server
[2024-11-26T06:59:23.699Z] Error writing to Modbus register: no connection to modbus server
[2024-11-26T06:59:23.834Z] Error reading or processing Modbus registers: no connection to modbus server
[2024-11-26T06:59:23.834Z] Error reading register 6507 for IP 10.30.4.128: no connection to modbus server
[2024-11-26T06:59:24.017Z] Error reading or processing Modbus registers: no connection to modbus server
[2024-11-26T06:59:24.017Z] Error reading register 6507 for IP 10.30.4.128: no connection to modbus server
[2024-11-26T06:59:24.319Z] Error reading or processing Modbus registers: no connection to modbus server
[2024-11-26T06:59:24.319Z] Error reading register 6507 for IP 10.30.4.128: no connection to modbus server
[2024-11-26T06:59:24.319Z] Error reading or processing Modbus registers: no connection to modbus server
[2024-11-26T06:59:24.319Z] Error reading register 6507 for IP 10.30.4.128: no connection to modbus server
[2024-11-26T06:59:24.623Z] Error writing to Modbus register: no connection to modbus server
[2024-11-26T06:59:24.835Z] Error reading or processing Modbus registers: no connection to modbus server
[2024-11-26T06:59:24.835Z] Error reading register 6507 for IP 10.30.4.128: no connection to modbus server
[2024-11-26T06:59:25.017Z] Error reading or processing Modbus registers: no connection to modbus server
[2024-11-26T06:59:25.017Z] Error reading register 6507 for IP 10.30.4.128: no connection to modbus server
[2024-11-26T06:59:25.320Z] Error reading or processing Modbus registers: no connection to modbus server
[2024-11-26T06:59:25.320Z] Error reading register 6507 for IP 10.30.4.128: no connection to modbus server
[2024-11-26T06:59:25.320Z] Error reading or processing Modbus registers: no connection to modbus server
[2024-11-26T06:59:25.320Z] Error reading register 6507 for IP 10.30.4.128: no connection to modbus server
[2024-11-26T06:59:25.441Z] Error writing to Modbus register: no connection to modbus server
[2024-11-26T06:59:25.608Z] Error writing to Modbus register: no connection to modbus server
[2024-11-26T06:59:25.714Z] Error writing to Modbus register: no connection to modbus server
[2024-11-26T06:59:25.848Z] Error reading or processing Modbus registers: no connection to modbus server
[2024-11-26T06:59:25.848Z] Error reading register 6507 for IP 10.30.4.128: no connection to modbus server
[2024-11-26T06:59:26.032Z] Error reading or processing Modbus registers: no connection to modbus server
[2024-11-26T06:59:26.032Z] Error reading register 6507 for IP 10.30.4.128: no connection to modbus server
[2024-11-26T06:59:26.320Z] Error reading or processing Modbus registers: no connection to modbus server
[2024-11-26T06:59:26.320Z] Error reading register 6507 for IP 10.30.4.128: no connection to modbus server
[2024-11-26T06:59:26.320Z] Error reading or processing Modbus registers: no connection to modbus server
[2024-11-26T06:59:26.320Z] Error reading register 6507 for IP 10.30.4.128: no connection to modbus server
[2024-11-26T06:59:26.625Z] Error writing to Modbus register: no connection to modbus server
[2024-11-26T06:59:26.853Z] Error reading or processing Modbus registers: no connection to modbus server
[2024-11-26T06:59:26.853Z] Error reading register 6507 for IP 10.30.4.128: no connection to modbus server
[2024-11-26T06:59:27.035Z] Error reading or processing Modbus registers: no connection to modbus server
[2024-11-26T06:59:27.035Z] Error reading register 6507 for IP 10.30.4.128: no connection to modbus server
[2024-11-26T06:59:27.322Z] Error reading or processing Modbus registers: no connection to modbus server
[2024-11-26T06:59:27.322Z] Error reading or processing Modbus registers: no connection to modbus server
[2024-11-26T06:59:27.322Z] Error reading register 6507 for IP 10.30.4.128: no connection to modbus server
[2024-11-26T06:59:27.322Z] Error reading register 6507 for IP 10.30.4.128: no connection to modbus server
[2024-11-26T06:59:27.441Z] Error writing to Modbus register: no connection to modbus server
[2024-11-26T06:59:27.610Z] Error writing to Modbus register: no connection to modbus server
[2024-11-26T06:59:27.715Z] Error writing to Modbus register: no connection to modbus server
[2024-11-26T06:59:27.852Z] Error reading register 6507 for IP 10.30.4.128: no connection to modbus server
[2024-11-26T06:59:27.852Z] Error reading or processing Modbus registers: no connection to modbus server
[2024-11-26T06:59:28.048Z] Error reading or processing Modbus registers: no connection to modbus server
[2024-11-26T06:59:28.049Z] Error reading register 6507 for IP 10.30.4.128: no connection to modbus server
[2024-11-26T06:59:28.323Z] Error reading or processing Modbus registers: no connection to modbus server
[2024-11-26T06:59:28.323Z] Error reading register 6507 for IP 10.30.4.128: no connection to modbus server
[2024-11-26T06:59:28.323Z] Error reading or processing Modbus registers: no connection to modbus server
[2024-11-26T06:59:28.323Z] Error reading register 6507 for IP 10.30.4.128: no connection to modbus server
[2024-11-26T06:59:28.624Z] Error writing to Modbus register: no connection to modbus server
[2024-11-26T06:59:28.867Z] Error reading register 6507 for IP 10.30.4.128: no connection to modbus server
[2024-11-26T06:59:28.867Z] Error reading or processing Modbus registers: no connection to modbus server
[2024-11-26T06:59:29.063Z] Error reading or processing Modbus registers: no connection to modbus server
[2024-11-26T06:59:29.063Z] Error reading register 6507 for IP 10.30.4.128: no connection to modbus server
[2024-11-26T06:59:29.335Z] Error reading or processing Modbus registers: no connection to modbus server
[2024-11-26T06:59:29.335Z] Error reading register 6507 for IP 10.30.4.128: no connection to modbus server
[2024-11-26T06:59:29.335Z] Error reading register 6507 for IP 10.30.4.128: no connection to modbus server
[2024-11-26T06:59:29.335Z] Error reading or processing Modbus registers: no connection to modbus server
[2024-11-26T06:59:29.442Z] Error writing to Modbus register: no connection to modbus server
[2024-11-26T06:59:29.623Z] Error writing to Modbus register: no connection to modbus server
[2024-11-26T06:59:29.729Z] Error writing to Modbus register: no connection to modbus server
[2024-11-26T06:59:29.881Z] Error reading or processing Modbus registers: no connection to modbus server
[2024-11-26T06:59:29.881Z] Error reading register 6507 for IP 10.30.4.128: no connection to modbus server
[2024-11-26T06:59:30.064Z] Error reading or processing Modbus registers: no connection to modbus server
[2024-11-26T06:59:30.064Z] Error reading register 6507 for IP 10.30.4.128: no connection to modbus server
[2024-11-26T06:59:30.336Z] Error reading register 6507 for IP 10.30.4.128: no connection to modbus server
[2024-11-26T06:59:30.336Z] Error reading or processing Modbus registers: no connection to modbus server
[2024-11-26T06:59:30.336Z] Error reading or processing Modbus registers: no connection to modbus server
[2024-11-26T06:59:30.336Z] Error reading register 6507 for IP 10.30.4.128: no connection to modbus server
[2024-11-26T06:59:30.637Z] Error writing to Modbus register: no connection to modbus server
[2024-11-26T06:59:30.895Z] Error reading or processing Modbus registers: no connection to modbus server
[2024-11-26T06:59:30.895Z] Error reading register 6507 for IP 10.30.4.128: no connection to modbus server
[2024-11-26T06:59:31.077Z] Error reading or processing Modbus registers: no connection to modbus server
[2024-11-26T06:59:31.077Z] Error reading register 6507 for IP 10.30.4.128: no connection to modbus server
[2024-11-26T06:59:31.350Z] Error reading or processing Modbus registers: no connection to modbus server
[2024-11-26T06:59:31.350Z] Error reading or processing Modbus registers: no connection to modbus server
[2024-11-26T06:59:31.350Z] Error reading register 6507 for IP 10.30.4.128: no connection to modbus server
[2024-11-26T06:59:31.350Z] Error reading register 6507 for IP 10.30.4.128: no connection to modbus server
[2024-11-26T06:59:31.442Z] Error writing to Modbus register: no connection to modbus server
[2024-11-26T06:59:31.637Z] Error writing to Modbus register: no connection to modbus server
[2024-11-26T06:59:31.729Z] Error writing to Modbus register: no connection to modbus server
[2024-11-26T06:59:31.910Z] Error reading or processing Modbus registers: no connection to modbus server
[2024-11-26T06:59:31.910Z] Error reading register 6507 for IP 10.30.4.128: no connection to modbus server
[2024-11-26T06:59:32.091Z] Error reading or processing Modbus registers: no connection to modbus server
[2024-11-26T06:59:32.091Z] Error reading register 6507 for IP 10.30.4.128: no connection to modbus server
[2024-11-26T06:59:32.363Z] Error reading or processing Modbus registers: no connection to modbus server
[2024-11-26T06:59:32.363Z] Error reading register 6507 for IP 10.30.4.128: no connection to modbus server
[2024-11-26T06:59:32.363Z] Error reading or processing Modbus registers: no connection to modbus server
[2024-11-26T06:59:32.363Z] Error reading register 6507 for IP 10.30.4.128: no connection to modbus server
[2024-11-26T06:59:32.637Z] Error writing to Modbus register: no connection to modbus server
[2024-11-26T06:59:32.910Z] Error reading or processing Modbus registers: no connection to modbus server
[2024-11-26T06:59:32.910Z] Error reading register 6507 for IP 10.30.4.128: no connection to modbus server
[2024-11-26T06:59:33.105Z] Error reading register 6507 for IP 10.30.4.128: no connection to modbus server
[2024-11-26T06:59:33.105Z] Error reading or processing Modbus registers: no connection to modbus server
[2024-11-26T06:59:33.363Z] Error reading register 6507 for IP 10.30.4.128: no connection to modbus server
[2024-11-26T06:59:33.363Z] Error reading or processing Modbus registers: no connection to modbus server
[2024-11-26T06:59:33.363Z] Error reading register 6507 for IP 10.30.4.128: no connection to modbus server
[2024-11-26T06:59:33.363Z] Error reading or processing Modbus registers: no connection to modbus server
[2024-11-26T06:59:33.442Z] Error writing to Modbus register: no connection to modbus server
[2024-11-26T06:59:33.649Z] Error writing to Modbus register: no connection to modbus server
[2024-11-26T06:59:33.739Z] Error writing to Modbus register: no connection to modbus server
[2024-11-26T06:59:33.922Z] Error reading or processing Modbus registers: no connection to modbus server
[2024-11-26T06:59:33.922Z] Error reading register 6507 for IP 10.30.4.128: no connection to modbus server
[2024-11-26T06:59:34.120Z] Error reading or processing Modbus registers: no connection to modbus server
[2024-11-26T06:59:34.120Z] Error reading register 6507 for IP 10.30.4.128: no connection to modbus server
[2024-11-26T06:59:34.378Z] Error reading or processing Modbus registers: no connection to modbus server
[2024-11-26T06:59:34.378Z] Error reading register 6507 for IP 10.30.4.128: no connection to modbus server
[2024-11-26T06:59:34.378Z] Error reading register 6507 for IP 10.30.4.128: no connection to modbus server
[2024-11-26T06:59:34.378Z] Error reading or processing Modbus registers: no connection to modbus server
[2024-11-26T06:59:34.651Z] Error writing to Modbus register: no connection to modbus server
[2024-11-26T06:59:34.924Z] Error reading or processing Modbus registers: no connection to modbus server
[2024-11-26T06:59:34.924Z] Error reading register 6507 for IP 10.30.4.128: no connection to modbus server
[2024-11-26T06:59:35.121Z] Error reading or processing Modbus registers: no connection to modbus server
[2024-11-26T06:59:35.121Z] Error reading register 6507 for IP 10.30.4.128: no connection to modbus server
[2024-11-26T06:59:35.379Z] Error reading or processing Modbus registers: no connection to modbus server
[2024-11-26T06:59:35.379Z] Error reading register 6507 for IP 10.30.4.128: no connection to modbus server
[2024-11-26T06:59:35.379Z] Error reading or processing Modbus registers: no connection to modbus server
[2024-11-26T06:59:35.379Z] Error reading register 6507 for IP 10.30.4.128: no connection to modbus server
[2024-11-26T06:59:35.442Z] Error writing to Modbus register: no connection to modbus server
[2024-11-26T06:59:35.651Z] Error writing to Modbus register: no connection to modbus server
[2024-11-26T06:59:35.742Z] Error writing to Modbus register: no connection to modbus server
[2024-11-26T06:59:35.924Z] Error reading register 6507 for IP 10.30.4.128: no connection to modbus server
[2024-11-26T06:59:35.924Z] Error reading or processing Modbus registers: no connection to modbus server
[2024-11-26T06:59:36.121Z] Error reading or processing Modbus registers: no connection to modbus server
[2024-11-26T06:59:36.121Z] Error reading register 6507 for IP 10.30.4.128: no connection to modbus server
[2024-11-26T06:59:36.379Z] Error reading or processing Modbus registers: no connection to modbus server
[2024-11-26T06:59:36.379Z] Error reading register 6507 for IP 10.30.4.128: no connection to modbus server
[2024-11-26T06:59:36.379Z] Error reading or processing Modbus registers: no connection to modbus server
[2024-11-26T06:59:36.379Z] Error reading register 6507 for IP 10.30.4.128: no connection to modbus server
[2024-11-26T06:59:36.651Z] Error writing to Modbus register: no connection to modbus server
[2024-11-26T06:59:36.925Z] Error reading or processing Modbus registers: no connection to modbus server
[2024-11-26T06:59:36.925Z] Error reading register 6507 for IP 10.30.4.128: no connection to modbus server
[2024-11-26T06:59:37.123Z] Error reading or processing Modbus registers: no connection to modbus server
[2024-11-26T06:59:37.123Z] Error reading register 6507 for IP 10.30.4.128: no connection to modbus server
[2024-11-26T06:59:37.383Z] Error reading or processing Modbus registers: no connection to modbus server
[2024-11-26T06:59:37.383Z] Error reading register 6507 for IP 10.30.4.128: no connection to modbus server
[2024-11-26T06:59:37.383Z] Error reading or processing Modbus registers: no connection to modbus server
[2024-11-26T06:59:37.383Z] Error reading register 6507 for IP 10.30.4.128: no connection to modbus server
[2024-11-26T06:59:37.442Z] Error writing to Modbus register: no connection to modbus server
[2024-11-26T06:59:37.656Z] Error writing to Modbus register: no connection to modbus server
[2024-11-26T06:59:37.747Z] Error writing to Modbus register: no connection to modbus server
[2024-11-26T06:59:37.928Z] Error reading or processing Modbus registers: no connection to modbus server
[2024-11-26T06:59:37.928Z] Error reading register 6507 for IP 10.30.4.128: no connection to modbus server
[2024-11-26T06:59:38.125Z] Error reading or processing Modbus registers: no connection to modbus server
[2024-11-26T06:59:38.126Z] Error reading register 6507 for IP 10.30.4.128: no connection to modbus server
[2024-11-26T06:59:38.398Z] Error reading register 6507 for IP 10.30.4.128: no connection to modbus server
[2024-11-26T06:59:38.397Z] Error reading or processing Modbus registers: no connection to modbus server
[2024-11-26T06:59:38.398Z] Error reading or processing Modbus registers: no connection to modbus server
[2024-11-26T06:59:38.398Z] Error reading register 6507 for IP 10.30.4.128: no connection to modbus server
[2024-11-26T06:59:38.654Z] Error writing to Modbus register: no connection to modbus server
[2024-11-26T06:59:38.941Z] Error reading or processing Modbus registers: no connection to modbus server
[2024-11-26T06:59:38.941Z] Error reading register 6507 for IP 10.30.4.128: no connection to modbus server
[2024-11-26T06:59:39.138Z] Error reading register 6507 for IP 10.30.4.128: no connection to modbus server
[2024-11-26T06:59:39.138Z] Error reading or processing Modbus registers: no connection to modbus server
[2024-11-26T06:59:39.410Z] Error reading register 6507 for IP 10.30.4.128: no connection to modbus server
[2024-11-26T06:59:39.410Z] Error reading or processing Modbus registers: no connection to modbus server
[2024-11-26T06:59:39.410Z] Error reading or processing Modbus registers: no connection to modbus server
[2024-11-26T06:59:39.410Z] Error reading register 6507 for IP 10.30.4.128: no connection to modbus server
[2024-11-26T06:59:39.442Z] Error writing to Modbus register: no connection to modbus server
[2024-11-26T06:59:39.669Z] Error writing to Modbus register: no connection to modbus server
[2024-11-26T06:59:39.760Z] Error writing to Modbus register: no connection to modbus server
[2024-11-26T06:59:39.956Z] Error reading or processing Modbus registers: no connection to modbus server
[2024-11-26T06:59:39.956Z] Error reading register 6507 for IP 10.30.4.128: no connection to modbus server
[2024-11-26T06:59:40.138Z] Error reading or processing Modbus registers: no connection to modbus server
[2024-11-26T06:59:40.138Z] Error reading register 6507 for IP 10.30.4.128: no connection to modbus server
[2024-11-26T06:59:40.424Z] Error reading register 6507 for IP 10.30.4.128: no connection to modbus server
[2024-11-26T06:59:40.424Z] Error reading or processing Modbus registers: no connection to modbus server
[2024-11-26T06:59:40.424Z] Error reading or processing Modbus registers: no connection to modbus server
[2024-11-26T06:59:40.425Z] Error reading register 6507 for IP 10.30.4.128: no connection to modbus server
[2024-11-26T06:59:40.654Z] Error writing to Modbus register: no connection to modbus server
[2024-11-26T06:59:40.968Z] Error reading or processing Modbus registers: no connection to modbus server
[2024-11-26T06:59:40.969Z] Error reading register 6507 for IP 10.30.4.128: no connection to modbus server
[2024-11-26T06:59:41.149Z] Error reading or processing Modbus registers: no connection to modbus server
[2024-11-26T06:59:41.149Z] Error reading register 6507 for IP 10.30.4.128: no connection to modbus server
[2024-11-26T06:59:41.437Z] Error reading or processing Modbus registers: no connection to modbus server
[2024-11-26T06:59:41.437Z] Error reading or processing Modbus registers: no connection to modbus server
[2024-11-26T06:59:41.437Z] Error reading register 6507 for IP 10.30.4.128: no connection to modbus server
[2024-11-26T06:59:41.437Z] Error reading register 6507 for IP 10.30.4.128: no connection to modbus server
[2024-11-26T06:59:41.442Z] Error writing to Modbus register: no connection to modbus server
[2024-11-26T06:59:41.680Z] Error writing to Modbus register: no connection to modbus server
[2024-11-26T06:59:41.771Z] Error writing to Modbus register: no connection to modbus server
[2024-11-26T06:59:41.969Z] Error reading or processing Modbus registers: no connection to modbus server
[2024-11-26T06:59:41.969Z] Error reading register 6507 for IP 10.30.4.128: no connection to modbus server
[2024-11-26T06:59:42.151Z] Error reading or processing Modbus registers: no connection to modbus server
[2024-11-26T06:59:42.151Z] Error reading register 6507 for IP 10.30.4.128: no connection to modbus server
[2024-11-26T06:59:42.439Z] Error reading or processing Modbus registers: no connection to modbus server
[2024-11-26T06:59:42.439Z] Error reading register 6507 for IP 10.30.4.128: no connection to modbus server
[2024-11-26T06:59:42.439Z] Error reading or processing Modbus registers: no connection to modbus server
[2024-11-26T06:59:42.439Z] Error reading register 6507 for IP 10.30.4.128: no connection to modbus server
[2024-11-26T06:59:42.666Z] Error writing to Modbus register: no connection to modbus server
[2024-11-26T06:59:42.969Z] Error reading or processing Modbus registers: no connection to modbus server
[2024-11-26T06:59:42.969Z] Error reading register 6507 for IP 10.30.4.128: no connection to modbus server
[2024-11-26T06:59:43.164Z] Error reading or processing Modbus registers: no connection to modbus server
[2024-11-26T06:59:43.164Z] Error reading register 6507 for IP 10.30.4.128: no connection to modbus server
[2024-11-26T06:59:43.453Z] Error reading or processing Modbus registers: no connection to modbus server
[2024-11-26T06:59:43.454Z] Error reading register 6507 for IP 10.30.4.128: no connection to modbus server
[2024-11-26T06:59:43.454Z] Error reading or processing Modbus registers: no connection to modbus server
[2024-11-26T06:59:43.454Z] Error reading register 6507 for IP 10.30.4.128: no connection to modbus server
[2024-11-26T06:59:43.454Z] Error writing to Modbus register: no connection to modbus server
[2024-11-26T06:59:43.681Z] Error writing to Modbus register: no connection to modbus server
[2024-11-26T06:59:43.772Z] Error writing to Modbus register: no connection to modbus server
[2024-11-26T06:59:43.969Z] Error reading or processing Modbus registers: no connection to modbus server
[2024-11-26T06:59:43.969Z] Error reading register 6507 for IP 10.30.4.128: no connection to modbus server
[2024-11-26T06:59:44.167Z] Error reading or processing Modbus registers: no connection to modbus server
[2024-11-26T06:59:44.167Z] Error reading register 6507 for IP 10.30.4.128: no connection to modbus server
[2024-11-26T06:59:44.454Z] Error reading or processing Modbus registers: no connection to modbus server
[2024-11-26T06:59:44.455Z] Error reading or processing Modbus registers: no connection to modbus server
[2024-11-26T06:59:44.455Z] Error reading register 6507 for IP 10.30.4.128: no connection to modbus server
[2024-11-26T06:59:44.455Z] Error reading register 6507 for IP 10.30.4.128: no connection to modbus server
[2024-11-26T06:59:44.666Z] Error writing to Modbus register: no connection to modbus server
[2024-11-26T06:59:44.969Z] Error reading or processing Modbus registers: no connection to modbus server
[2024-11-26T06:59:44.969Z] Error reading register 6507 for IP 10.30.4.128: no connection to modbus server
[2024-11-26T06:59:45.181Z] Error reading register 6507 for IP 10.30.4.128: no connection to modbus server
[2024-11-26T06:59:45.181Z] Error reading or processing Modbus registers: no connection to modbus server
[2024-11-26T06:59:45.468Z] Error reading or processing Modbus registers: no connection to modbus server
[2024-11-26T06:59:45.468Z] Error writing to Modbus register: no connection to modbus server
[2024-11-26T06:59:45.468Z] Error reading register 6507 for IP 10.30.4.128: no connection to modbus server
[2024-11-26T06:59:45.468Z] Error reading or processing Modbus registers: no connection to modbus server
[2024-11-26T06:59:45.468Z] Error reading register 6507 for IP 10.30.4.128: no connection to modbus server
[2024-11-26T06:59:45.680Z] Error writing to Modbus register: no connection to modbus server
[2024-11-26T06:59:45.772Z] Error writing to Modbus register: no connection to modbus server
[2024-11-26T06:59:45.983Z] Error reading or processing Modbus registers: no connection to modbus server
[2024-11-26T06:59:45.983Z] Error reading register 6507 for IP 10.30.4.128: no connection to modbus server
[2024-11-26T06:59:46.194Z] Error reading or processing Modbus registers: no connection to modbus server
[2024-11-26T06:59:46.195Z] Error reading register 6507 for IP 10.30.4.128: no connection to modbus server
[2024-11-26T06:59:46.469Z] Error reading or processing Modbus registers: no connection to modbus server
[2024-11-26T06:59:46.469Z] Error reading register 6507 for IP 10.30.4.128: no connection to modbus server
[2024-11-26T06:59:46.469Z] Error reading register 6507 for IP 10.30.4.128: no connection to modbus server
[2024-11-26T06:59:46.469Z] Error reading or processing Modbus registers: no connection to modbus server
[2024-11-26T06:59:46.679Z] Error writing to Modbus register: no connection to modbus server
[2024-11-26T06:59:46.984Z] Error reading or processing Modbus registers: no connection to modbus server
[2024-11-26T06:59:46.984Z] Error reading register 6507 for IP 10.30.4.128: no connection to modbus server
[2024-11-26T06:59:47.209Z] Error reading or processing Modbus registers: no connection to modbus server
[2024-11-26T06:59:47.209Z] Error reading register 6507 for IP 10.30.4.128: no connection to modbus server
[2024-11-26T06:59:47.482Z] Error reading register 6507 for IP 10.30.4.128: no connection to modbus server
[2024-11-26T06:59:47.482Z] Error writing to Modbus register: no connection to modbus server
[2024-11-26T06:59:47.482Z] Error reading or processing Modbus registers: no connection to modbus server
[2024-11-26T06:59:47.482Z] Error reading or processing Modbus registers: no connection to modbus server
[2024-11-26T06:59:47.482Z] Error reading register 6507 for IP 10.30.4.128: no connection to modbus server
[2024-11-26T06:59:47.694Z] Error writing to Modbus register: no connection to modbus server
[2024-11-26T06:59:47.785Z] Error writing to Modbus register: no connection to modbus server
[2024-11-26T06:59:47.997Z] Error reading or processing Modbus registers: no connection to modbus server
[2024-11-26T06:59:47.997Z] Error reading register 6507 for IP 10.30.4.128: no connection to modbus server
[2024-11-26T06:59:48.225Z] Error reading or processing Modbus registers: no connection to modbus server
[2024-11-26T06:59:48.225Z] Error reading register 6507 for IP 10.30.4.128: no connection to modbus server
[2024-11-26T06:59:48.496Z] Error reading or processing Modbus registers: no connection to modbus server
[2024-11-26T06:59:48.496Z] Error reading register 6507 for IP 10.30.4.128: no connection to modbus server
[2024-11-26T06:59:48.496Z] Error reading register 6507 for IP 10.30.4.128: no connection to modbus server
[2024-11-26T06:59:48.496Z] Error reading or processing Modbus registers: no connection to modbus server
[2024-11-26T06:59:48.693Z] Error writing to Modbus register: no connection to modbus server
[2024-11-26T06:59:48.996Z] Error reading or processing Modbus registers: no connection to modbus server
[2024-11-26T06:59:48.996Z] Error reading register 6507 for IP 10.30.4.128: no connection to modbus server
[2024-11-26T06:59:49.238Z] Error reading or processing Modbus registers: no connection to modbus server
[2024-11-26T06:59:49.238Z] Error reading register 6507 for IP 10.30.4.128: no connection to modbus server
[2024-11-26T06:59:49.496Z] Error writing to Modbus register: no connection to modbus server
[2024-11-26T06:59:49.497Z] Error reading or processing Modbus registers: no connection to modbus server
[2024-11-26T06:59:49.497Z] Error reading register 6507 for IP 10.30.4.128: no connection to modbus server
[2024-11-26T06:59:49.497Z] Error reading register 6507 for IP 10.30.4.128: no connection to modbus server
[2024-11-26T06:59:49.497Z] Error reading or processing Modbus registers: no connection to modbus server
[2024-11-26T06:59:49.709Z] Error writing to Modbus register: no connection to modbus server
[2024-11-26T06:59:49.786Z] Error writing to Modbus register: no connection to modbus server
[2024-11-26T06:59:50.010Z] Error reading or processing Modbus registers: no connection to modbus server
[2024-11-26T06:59:50.010Z] Error reading register 6507 for IP 10.30.4.128: no connection to modbus server
[2024-11-26T06:59:50.252Z] Error reading or processing Modbus registers: no connection to modbus server
[2024-11-26T06:59:50.252Z] Error reading register 6507 for IP 10.30.4.128: no connection to modbus server
[2024-11-26T06:59:50.509Z] Error reading or processing Modbus registers: no connection to modbus server
[2024-11-26T06:59:50.509Z] Error reading register 6507 for IP 10.30.4.128: no connection to modbus server
[2024-11-26T06:59:50.509Z] Error reading or processing Modbus registers: no connection to modbus server
[2024-11-26T06:59:50.509Z] Error reading register 6507 for IP 10.30.4.128: no connection to modbus server
[2024-11-26T06:59:50.703Z] Error writing to Modbus register: no connection to modbus server
[2024-11-26T06:59:51.021Z] Error reading or processing Modbus registers: no connection to modbus server
[2024-11-26T06:59:51.022Z] Error reading register 6507 for IP 10.30.4.128: no connection to modbus server
[2024-11-26T06:59:51.263Z] Error reading or processing Modbus registers: no connection to modbus server
[2024-11-26T06:59:51.263Z] Error reading register 6507 for IP 10.30.4.128: no connection to modbus server
[2024-11-26T06:59:51.506Z] Error writing to Modbus register: no connection to modbus server
[2024-11-26T06:59:51.522Z] Error reading or processing Modbus registers: no connection to modbus server
[2024-11-26T06:59:51.522Z] Error reading register 6507 for IP 10.30.4.128: no connection to modbus server
[2024-11-26T06:59:51.522Z] Error reading register 6507 for IP 10.30.4.128: no connection to modbus server
[2024-11-26T06:59:51.522Z] Error reading or processing Modbus registers: no connection to modbus server
[2024-11-26T06:59:51.720Z] Error writing to Modbus register: no connection to modbus server
[2024-11-26T06:59:51.795Z] Error writing to Modbus register: no connection to modbus server
[2024-11-26T06:59:52.023Z] Error reading or processing Modbus registers: no connection to modbus server
[2024-11-26T06:59:52.023Z] Error reading register 6507 for IP 10.30.4.128: no connection to modbus server
[2024-11-26T06:59:52.267Z] Error reading or processing Modbus registers: no connection to modbus server
[2024-11-26T06:59:52.267Z] Error reading register 6507 for IP 10.30.4.128: no connection to modbus server
[2024-11-26T06:59:52.523Z] Error reading or processing Modbus registers: no connection to modbus server
[2024-11-26T06:59:52.523Z] Error reading register 6507 for IP 10.30.4.128: no connection to modbus server
[2024-11-26T06:59:52.523Z] Error reading register 6507 for IP 10.30.4.128: no connection to modbus server
[2024-11-26T06:59:52.523Z] Error reading or processing Modbus registers: no connection to modbus server
[2024-11-26T06:59:52.705Z] Error writing to Modbus register: no connection to modbus server
[2024-11-26T06:59:53.022Z] Error reading or processing Modbus registers: no connection to modbus server
[2024-11-26T06:59:53.022Z] Error reading register 6507 for IP 10.30.4.128: no connection to modbus server
[2024-11-26T06:59:53.280Z] Error reading or processing Modbus registers: no connection to modbus server
[2024-11-26T06:59:53.280Z] Error reading register 6507 for IP 10.30.4.128: no connection to modbus server
[2024-11-26T06:59:53.508Z] Error writing to Modbus register: no connection to modbus server
[2024-11-26T06:59:53.523Z] Error reading or processing Modbus registers: no connection to modbus server
[2024-11-26T06:59:53.523Z] Error reading register 6507 for IP 10.30.4.128: no connection to modbus server
[2024-11-26T06:59:53.523Z] Error reading or processing Modbus registers: no connection to modbus server
[2024-11-26T06:59:53.523Z] Error reading register 6507 for IP 10.30.4.128: no connection to modbus server
[2024-11-26T06:59:53.721Z] Error writing to Modbus register: no connection to modbus server
[2024-11-26T06:59:53.797Z] Error writing to Modbus register: no connection to modbus server
[2024-11-26T06:59:54.023Z] Error reading or processing Modbus registers: no connection to modbus server
[2024-11-26T06:59:54.023Z] Error reading register 6507 for IP 10.30.4.128: no connection to modbus server
[2024-11-26T06:59:54.281Z] Error reading register 6507 for IP 10.30.4.128: no connection to modbus server
[2024-11-26T06:59:54.281Z] Error reading or processing Modbus registers: no connection to modbus server
[2024-11-26T06:59:54.523Z] Error reading register 6507 for IP 10.30.4.128: no connection to modbus server
[2024-11-26T06:59:54.523Z] Error reading or processing Modbus registers: no connection to modbus server
[2024-11-26T06:59:54.523Z] Error reading register 6507 for IP 10.30.4.128: no connection to modbus server
[2024-11-26T06:59:54.523Z] Error reading or processing Modbus registers: no connection to modbus server
[2024-11-26T06:59:54.706Z] Error writing to Modbus register: no connection to modbus server
[2024-11-26T06:59:55.026Z] Error reading or processing Modbus registers: no connection to modbus server
[2024-11-26T06:59:55.026Z] Error reading register 6507 for IP 10.30.4.128: no connection to modbus server
[2024-11-26T06:59:55.283Z] Error reading or processing Modbus registers: no connection to modbus server
[2024-11-26T06:59:55.283Z] Error reading register 6507 for IP 10.30.4.128: no connection to modbus server
[2024-11-26T06:59:55.510Z] Error writing to Modbus register: no connection to modbus server
[2024-11-26T06:59:55.526Z] Error reading or processing Modbus registers: no connection to modbus server
[2024-11-26T06:59:55.526Z] Error reading register 6507 for IP 10.30.4.128: no connection to modbus server
[2024-11-26T06:59:55.526Z] Error reading or processing Modbus registers: no connection to modbus server
[2024-11-26T06:59:55.526Z] Error reading register 6507 for IP 10.30.4.128: no connection to modbus server
[2024-11-26T06:59:55.721Z] Error writing to Modbus register: no connection to modbus server
[2024-11-26T06:59:55.796Z] Error writing to Modbus register: no connection to modbus server
[2024-11-26T06:59:56.039Z] Error reading or processing Modbus registers: no connection to modbus server
[2024-11-26T06:59:56.039Z] Error reading register 6507 for IP 10.30.4.128: no connection to modbus server
[2024-11-26T06:59:56.282Z] Error reading or processing Modbus registers: no connection to modbus server
[2024-11-26T06:59:56.283Z] Error reading register 6507 for IP 10.30.4.128: no connection to modbus server
[2024-11-26T06:59:56.540Z] Error reading or processing Modbus registers: no connection to modbus server
[2024-11-26T06:59:56.540Z] Error reading register 6507 for IP 10.30.4.128: no connection to modbus server
[2024-11-26T06:59:56.540Z] Error reading or processing Modbus registers: no connection to modbus server
[2024-11-26T06:59:56.540Z] Error reading register 6507 for IP 10.30.4.128: no connection to modbus server
[2024-11-26T06:59:56.707Z] Error writing to Modbus register: no connection to modbus server
[2024-11-26T06:59:57.041Z] Error reading or processing Modbus registers: no connection to modbus server
[2024-11-26T06:59:57.041Z] Error reading register 6507 for IP 10.30.4.128: no connection to modbus server
[2024-11-26T06:59:57.283Z] Error reading or processing Modbus registers: no connection to modbus server
[2024-11-26T06:59:57.283Z] Error reading register 6507 for IP 10.30.4.128: no connection to modbus server
[2024-11-26T06:59:57.510Z] Error writing to Modbus register: no connection to modbus server
[2024-11-26T06:59:57.542Z] Error reading or processing Modbus registers: no connection to modbus server
[2024-11-26T06:59:57.542Z] Error reading register 6507 for IP 10.30.4.128: no connection to modbus server
[2024-11-26T06:59:57.542Z] Error reading or processing Modbus registers: no connection to modbus server
[2024-11-26T06:59:57.542Z] Error reading register 6507 for IP 10.30.4.128: no connection to modbus server
[2024-11-26T06:59:57.725Z] Error writing to Modbus register: no connection to modbus server
[2024-11-26T06:59:57.801Z] Error writing to Modbus register: no connection to modbus server
[2024-11-26T06:59:58.043Z] Error reading or processing Modbus registers: no connection to modbus server
[2024-11-26T06:59:58.043Z] Error reading register 6507 for IP 10.30.4.128: no connection to modbus server
[2024-11-26T06:59:58.286Z] Error reading or processing Modbus registers: no connection to modbus server
[2024-11-26T06:59:58.286Z] Error reading register 6507 for IP 10.30.4.128: no connection to modbus server
[2024-11-26T06:59:58.543Z] Error reading or processing Modbus registers: no connection to modbus server
[2024-11-26T06:59:58.543Z] Error reading register 6507 for IP 10.30.4.128: no connection to modbus server
[2024-11-26T06:59:58.543Z] Error reading or processing Modbus registers: no connection to modbus server
[2024-11-26T06:59:58.543Z] Error reading register 6507 for IP 10.30.4.128: no connection to modbus server
[2024-11-26T06:59:58.710Z] Error writing to Modbus register: no connection to modbus server
[2024-11-26T06:59:59.058Z] Error reading or processing Modbus registers: no connection to modbus server
[2024-11-26T06:59:59.058Z] Error reading register 6507 for IP 10.30.4.128: no connection to modbus server
[2024-11-26T06:59:59.300Z] Error reading or processing Modbus registers: no connection to modbus server
[2024-11-26T06:59:59.300Z] Error reading register 6507 for IP 10.30.4.128: no connection to modbus server
[2024-11-26T06:59:59.513Z] Error writing to Modbus register: no connection to modbus server
[2024-11-26T06:59:59.543Z] Error reading or processing Modbus registers: no connection to modbus server
[2024-11-26T06:59:59.543Z] Error reading register 6507 for IP 10.30.4.128: no connection to modbus server
[2024-11-26T06:59:59.543Z] Error reading register 6507 for IP 10.30.4.128: no connection to modbus server
[2024-11-26T06:59:59.543Z] Error reading or processing Modbus registers: no connection to modbus server
[2024-11-26T06:59:59.740Z] Error writing to Modbus register: no connection to modbus server
[2024-11-26T06:59:59.816Z] Error writing to Modbus register: no connection to modbus server
[2024-11-26T07:00:00.074Z] Error reading or processing Modbus registers: no connection to modbus server
[2024-11-26T07:00:00.074Z] Error reading register 6507 for IP 10.30.4.128: no connection to modbus server
[2024-11-26T07:00:00.301Z] Error reading or processing Modbus registers: no connection to modbus server
[2024-11-26T07:00:00.301Z] Error reading register 6507 for IP 10.30.4.128: no connection to modbus server
[2024-11-26T07:00:00.544Z] Error reading or processing Modbus registers: no connection to modbus server
[2024-11-26T07:00:00.544Z] Error reading or processing Modbus registers: no connection to modbus server
[2024-11-26T07:00:00.544Z] Error reading register 6507 for IP 10.30.4.128: no connection to modbus server
[2024-11-26T07:00:00.544Z] Error reading register 6507 for IP 10.30.4.128: no connection to modbus server
[2024-11-26T07:00:00.710Z] Error writing to Modbus register: no connection to modbus server
[2024-11-26T07:00:01.074Z] Error reading register 6507 for IP 10.30.4.128: no connection to modbus server
[2024-11-26T07:00:01.074Z] Error reading or processing Modbus registers: no connection to modbus server
[2024-11-26T07:00:01.302Z] Error reading or processing Modbus registers: no connection to modbus server
[2024-11-26T07:00:01.303Z] Error reading register 6507 for IP 10.30.4.128: no connection to modbus server
[2024-11-26T07:00:01.515Z] Error writing to Modbus register: no connection to modbus server
[2024-11-26T07:00:01.546Z] Error reading or processing Modbus registers: no connection to modbus server
[2024-11-26T07:00:01.546Z] Error reading register 6507 for IP 10.30.4.128: no connection to modbus server
[2024-11-26T07:00:01.546Z] Error reading or processing Modbus registers: no connection to modbus server
[2024-11-26T07:00:01.546Z] Error reading register 6507 for IP 10.30.4.128: no connection to modbus server
[2024-11-26T07:00:01.743Z] Error writing to Modbus register: no connection to modbus server
[2024-11-26T07:00:01.819Z] Error writing to Modbus register: no connection to modbus server
[2024-11-26T07:00:02.076Z] Error reading or processing Modbus registers: no connection to modbus server
[2024-11-26T07:00:02.076Z] Error reading register 6507 for IP 10.30.4.128: no connection to modbus server
[2024-11-26T07:00:02.305Z] Error reading or processing Modbus registers: no connection to modbus server
[2024-11-26T07:00:02.305Z] Error reading register 6507 for IP 10.30.4.128: no connection to modbus server
[2024-11-26T07:00:02.548Z] Error reading or processing Modbus registers: no connection to modbus server
[2024-11-26T07:00:02.548Z] Error reading or processing Modbus registers: no connection to modbus server
[2024-11-26T07:00:02.548Z] Error reading register 6507 for IP 10.30.4.128: no connection to modbus server
[2024-11-26T07:00:02.548Z] Error reading register 6507 for IP 10.30.4.128: no connection to modbus server
[2024-11-26T07:00:02.715Z] Error writing to Modbus register: no connection to modbus server
[2024-11-26T07:00:03.079Z] Error reading or processing Modbus registers: no connection to modbus server
[2024-11-26T07:00:03.079Z] Error reading register 6507 for IP 10.30.4.128: no connection to modbus server
[2024-11-26T07:00:03.307Z] Error reading or processing Modbus registers: no connection to modbus server
[2024-11-26T07:00:03.307Z] Error reading register 6507 for IP 10.30.4.128: no connection to modbus server
[2024-11-26T07:00:03.518Z] Error writing to Modbus register: no connection to modbus server
[2024-11-26T07:00:03.549Z] Error reading or processing Modbus registers: no connection to modbus server
[2024-11-26T07:00:03.549Z] Error reading register 6507 for IP 10.30.4.128: no connection to modbus server
[2024-11-26T07:00:03.549Z] Error reading or processing Modbus registers: no connection to modbus server
[2024-11-26T07:00:03.549Z] Error reading register 6507 for IP 10.30.4.128: no connection to modbus server
[2024-11-26T07:00:03.747Z] Error writing to Modbus register: no connection to modbus server
[2024-11-26T07:00:03.822Z] Error writing to Modbus register: no connection to modbus server
[2024-11-26T07:00:04.094Z] Error reading or processing Modbus registers: no connection to modbus server
[2024-11-26T07:00:04.094Z] Error reading register 6507 for IP 10.30.4.128: no connection to modbus server
[2024-11-26T07:00:04.321Z] Error reading or processing Modbus registers: no connection to modbus server
[2024-11-26T07:00:04.321Z] Error reading register 6507 for IP 10.30.4.128: no connection to modbus server
[2024-11-26T07:00:04.562Z] Error reading or processing Modbus registers: no connection to modbus server
[2024-11-26T07:00:04.562Z] Error reading register 6507 for IP 10.30.4.128: no connection to modbus server
[2024-11-26T07:00:04.562Z] Error reading register 6507 for IP 10.30.4.128: no connection to modbus server
[2024-11-26T07:00:04.562Z] Error reading or processing Modbus registers: no connection to modbus server
[2024-11-26T07:00:04.715Z] Error writing to Modbus register: no connection to modbus server
[2024-11-26T07:00:05.106Z] Error reading register 6507 for IP 10.30.4.128: no connection to modbus server
[2024-11-26T07:00:05.106Z] Error reading or processing Modbus registers: no connection to modbus server
[2024-11-26T07:00:05.333Z] Error reading or processing Modbus registers: no connection to modbus server
[2024-11-26T07:00:05.333Z] Error reading register 6507 for IP 10.30.4.128: no connection to modbus server
[2024-11-26T07:00:05.529Z] Error writing to Modbus register: no connection to modbus server
[2024-11-26T07:00:05.574Z] Error reading or processing Modbus registers: no connection to modbus server
[2024-11-26T07:00:05.574Z] Error reading register 6507 for IP 10.30.4.128: no connection to modbus server
[2024-11-26T07:00:05.574Z] Error reading or processing Modbus registers: no connection to modbus server
[2024-11-26T07:00:05.574Z] Error reading register 6507 for IP 10.30.4.128: no connection to modbus server
[2024-11-26T07:00:05.746Z] Error writing to Modbus register: no connection to modbus server
[2024-11-26T07:00:05.821Z] Error writing to Modbus register: no connection to modbus server
[2024-11-26T07:00:06.118Z] Error reading or processing Modbus registers: no connection to modbus server
[2024-11-26T07:00:06.118Z] Error reading register 6507 for IP 10.30.4.128: no connection to modbus server
[2024-11-26T07:00:06.333Z] Error reading register 6507 for IP 10.30.4.128: no connection to modbus server
[2024-11-26T07:00:06.332Z] Error reading or processing Modbus registers: no connection to modbus server
[2024-11-26T07:00:06.590Z] Error reading register 6507 for IP 10.30.4.128: no connection to modbus server
[2024-11-26T07:00:06.590Z] Error reading or processing Modbus registers: no connection to modbus server
[2024-11-26T07:00:06.590Z] Error reading register 6507 for IP 10.30.4.128: no connection to modbus server
[2024-11-26T07:00:06.590Z] Error reading or processing Modbus registers: no connection to modbus server
[2024-11-26T07:00:06.718Z] Error writing to Modbus register: no connection to modbus server
[2024-11-26T07:00:07.133Z] Error reading or processing Modbus registers: no connection to modbus server
[2024-11-26T07:00:07.133Z] Error reading register 6507 for IP 10.30.4.128: no connection to modbus server
[2024-11-26T07:00:07.345Z] Error reading or processing Modbus registers: no connection to modbus server
[2024-11-26T07:00:07.345Z] Error reading register 6507 for IP 10.30.4.128: no connection to modbus server
[2024-11-26T07:00:07.540Z] Error writing to Modbus register: no connection to modbus server
[2024-11-26T07:00:07.600Z] Error reading or processing Modbus registers: no connection to modbus server
[2024-11-26T07:00:07.600Z] Error reading register 6507 for IP 10.30.4.128: no connection to modbus server
[2024-11-26T07:00:07.601Z] Error reading or processing Modbus registers: no connection to modbus server
[2024-11-26T07:00:07.601Z] Error reading register 6507 for IP 10.30.4.128: no connection to modbus server
[2024-11-26T07:00:07.752Z] Error writing to Modbus register: no connection to modbus server
[2024-11-26T07:00:07.827Z] Error writing to Modbus register: no connection to modbus server
[2024-11-26T07:00:08.144Z] Error reading register 6507 for IP 10.30.4.128: no connection to modbus server
[2024-11-26T07:00:08.144Z] Error reading or processing Modbus registers: no connection to modbus server
[2024-11-26T07:00:08.346Z] Error reading or processing Modbus registers: no connection to modbus server
[2024-11-26T07:00:08.346Z] Error reading register 6507 for IP 10.30.4.128: no connection to modbus server
[2024-11-26T07:00:08.615Z] Error reading or processing Modbus registers: no connection to modbus server
[2024-11-26T07:00:08.615Z] Error reading register 6507 for IP 10.30.4.128: no connection to modbus server
[2024-11-26T07:00:08.615Z] Error reading register 6507 for IP 10.30.4.128: no connection to modbus server
[2024-11-26T07:00:08.615Z] Error reading or processing Modbus registers: no connection to modbus server
[2024-11-26T07:00:08.718Z] Error writing to Modbus register: no connection to modbus server
[2024-11-26T07:00:09.145Z] Error reading register 6507 for IP 10.30.4.128: no connection to modbus server
[2024-11-26T07:00:09.145Z] Error reading or processing Modbus registers: no connection to modbus server
[2024-11-26T07:00:09.357Z] Error reading or processing Modbus registers: no connection to modbus server
[2024-11-26T07:00:09.357Z] Error reading register 6507 for IP 10.30.4.128: no connection to modbus server
[2024-11-26T07:00:09.553Z] Error writing to Modbus register: no connection to modbus server
[2024-11-26T07:00:09.629Z] Error reading or processing Modbus registers: no connection to modbus server
[2024-11-26T07:00:09.629Z] Error reading register 6507 for IP 10.30.4.128: no connection to modbus server
[2024-11-26T07:00:09.629Z] Error reading or processing Modbus registers: no connection to modbus server
[2024-11-26T07:00:09.629Z] Error reading register 6507 for IP 10.30.4.128: no connection to modbus server
[2024-11-26T07:00:09.752Z] Error writing to Modbus register: no connection to modbus server
[2024-11-26T07:00:09.827Z] Error writing to Modbus register: no connection to modbus server
[2024-11-26T07:00:10.145Z] Error reading or processing Modbus registers: no connection to modbus server
[2024-11-26T07:00:10.145Z] Error reading register 6507 for IP 10.30.4.128: no connection to modbus server
[2024-11-26T07:00:10.359Z] Error reading or processing Modbus registers: no connection to modbus server
[2024-11-26T07:00:10.359Z] Error reading register 6507 for IP 10.30.4.128: no connection to modbus server
[2024-11-26T07:00:10.632Z] Error reading register 6507 for IP 10.30.4.128: no connection to modbus server
[2024-11-26T07:00:10.632Z] Error reading or processing Modbus registers: no connection to modbus server
[2024-11-26T07:00:10.632Z] Error reading register 6507 for IP 10.30.4.128: no connection to modbus server
[2024-11-26T07:00:10.632Z] Error reading or processing Modbus registers: no connection to modbus server
[2024-11-26T07:00:10.718Z] Error writing to Modbus register: no connection to modbus server
[2024-11-26T07:00:11.149Z] Error reading or processing Modbus registers: no connection to modbus server
[2024-11-26T07:00:11.149Z] Error reading register 6507 for IP 10.30.4.128: no connection to modbus server
[2024-11-26T07:00:11.361Z] Error reading or processing Modbus registers: no connection to modbus server
[2024-11-26T07:00:11.361Z] Error reading register 6507 for IP 10.30.4.128: no connection to modbus server
[2024-11-26T07:00:11.557Z] Error writing to Modbus register: no connection to modbus server
[2024-11-26T07:00:11.633Z] Error reading register 6507 for IP 10.30.4.128: no connection to modbus server
[2024-11-26T07:00:11.633Z] Error reading or processing Modbus registers: no connection to modbus server
[2024-11-26T07:00:11.633Z] Error reading register 6507 for IP 10.30.4.128: no connection to modbus server
[2024-11-26T07:00:11.633Z] Error reading or processing Modbus registers: no connection to modbus server
[2024-11-26T07:00:11.751Z] Error writing to Modbus register: no connection to modbus server
[2024-11-26T07:00:11.830Z] Error writing to Modbus register: no connection to modbus server
[2024-11-26T07:00:12.149Z] Error reading or processing Modbus registers: no connection to modbus server
[2024-11-26T07:00:12.149Z] Error reading register 6507 for IP 10.30.4.128: no connection to modbus server
[2024-11-26T07:00:12.362Z] Error reading or processing Modbus registers: no connection to modbus server
[2024-11-26T07:00:12.362Z] Error reading register 6507 for IP 10.30.4.128: no connection to modbus server
[2024-11-26T07:00:12.634Z] Error reading or processing Modbus registers: no connection to modbus server
[2024-11-26T07:00:12.634Z] Error reading register 6507 for IP 10.30.4.128: no connection to modbus server
[2024-11-26T07:00:12.634Z] Error reading or processing Modbus registers: no connection to modbus server
[2024-11-26T07:00:12.634Z] Error reading register 6507 for IP 10.30.4.128: no connection to modbus server
[2024-11-26T07:00:12.718Z] Error writing to Modbus register: no connection to modbus server
[2024-11-26T07:00:13.150Z] Error reading register 6507 for IP 10.30.4.128: no connection to modbus server
[2024-11-26T07:00:13.150Z] Error reading or processing Modbus registers: no connection to modbus server
[2024-11-26T07:00:13.361Z] Error reading or processing Modbus registers: no connection to modbus server
[2024-11-26T07:00:13.361Z] Error reading register 6507 for IP 10.30.4.128: no connection to modbus server
[2024-11-26T07:00:13.559Z] Error writing to Modbus register: no connection to modbus server
[2024-11-26T07:00:13.635Z] Error reading or processing Modbus registers: no connection to modbus server
[2024-11-26T07:00:13.635Z] Error reading register 6507 for IP 10.30.4.128: no connection to modbus server
[2024-11-26T07:00:13.635Z] Error reading or processing Modbus registers: no connection to modbus server
[2024-11-26T07:00:13.635Z] Error reading register 6507 for IP 10.30.4.128: no connection to modbus server
[2024-11-26T07:00:13.751Z] Error writing to Modbus register: no connection to modbus server
[2024-11-26T07:00:13.832Z] Error writing to Modbus register: no connection to modbus server
[2024-11-26T07:00:14.165Z] Error reading or processing Modbus registers: no connection to modbus server
[2024-11-26T07:00:14.165Z] Error reading register 6507 for IP 10.30.4.128: no connection to modbus server
[2024-11-26T07:00:14.362Z] Error reading register 6507 for IP 10.30.4.128: no connection to modbus server
[2024-11-26T07:00:14.362Z] Error reading or processing Modbus registers: no connection to modbus server
[2024-11-26T07:00:14.635Z] Error reading or processing Modbus registers: no connection to modbus server
[2024-11-26T07:00:14.635Z] Error reading register 6507 for IP 10.30.4.128: no connection to modbus server
[2024-11-26T07:00:14.635Z] Error reading or processing Modbus registers: no connection to modbus server
[2024-11-26T07:00:14.635Z] Error reading register 6507 for IP 10.30.4.128: no connection to modbus server
[2024-11-26T07:00:14.718Z] Error writing to Modbus register: no connection to modbus server
[2024-11-26T07:00:15.166Z] Error reading or processing Modbus registers: no connection to modbus server
[2024-11-26T07:00:15.166Z] Error reading register 6507 for IP 10.30.4.128: no connection to modbus server
[2024-11-26T07:00:15.364Z] Error reading or processing Modbus registers: no connection to modbus server
[2024-11-26T07:00:15.364Z] Error reading register 6507 for IP 10.30.4.128: no connection to modbus server
[2024-11-26T07:00:15.559Z] Error writing to Modbus register: no connection to modbus server
[2024-11-26T07:00:15.650Z] Error reading or processing Modbus registers: no connection to modbus server
[2024-11-26T07:00:15.650Z] Error reading register 6507 for IP 10.30.4.128: no connection to modbus server
[2024-11-26T07:00:15.650Z] Error reading or processing Modbus registers: no connection to modbus server
[2024-11-26T07:00:15.650Z] Error reading register 6507 for IP 10.30.4.128: no connection to modbus server
[2024-11-26T07:00:15.751Z] Error writing to Modbus register: no connection to modbus server
[2024-11-26T07:00:15.846Z] Error writing to Modbus register: no connection to modbus server
[2024-11-26T07:00:16.179Z] Error reading or processing Modbus registers: no connection to modbus server
[2024-11-26T07:00:16.179Z] Error reading register 6507 for IP 10.30.4.128: no connection to modbus server
[2024-11-26T07:00:16.376Z] Error reading or processing Modbus registers: no connection to modbus server
[2024-11-26T07:00:16.376Z] Error reading register 6507 for IP 10.30.4.128: no connection to modbus server
[2024-11-26T07:00:16.662Z] Error reading register 6507 for IP 10.30.4.128: no connection to modbus server
[2024-11-26T07:00:16.661Z] Error reading or processing Modbus registers: no connection to modbus server
[2024-11-26T07:00:16.662Z] Error reading register 6507 for IP 10.30.4.128: no connection to modbus server
[2024-11-26T07:00:16.662Z] Error reading or processing Modbus registers: no connection to modbus server
[2024-11-26T07:00:16.718Z] Error writing to Modbus register: no connection to modbus server
[2024-11-26T07:00:17.190Z] Error reading or processing Modbus registers: no connection to modbus server
[2024-11-26T07:00:17.190Z] Error reading register 6507 for IP 10.30.4.128: no connection to modbus server
[2024-11-26T07:00:17.386Z] Error reading or processing Modbus registers: no connection to modbus server
[2024-11-26T07:00:17.386Z] Error reading register 6507 for IP 10.30.4.128: no connection to modbus server
[2024-11-26T07:00:17.567Z] Error writing to Modbus register: no connection to modbus server
[2024-11-26T07:00:17.674Z] Error reading or processing Modbus registers: no connection to modbus server
[2024-11-26T07:00:17.674Z] Error reading register 6507 for IP 10.30.4.128: no connection to modbus server
[2024-11-26T07:00:17.674Z] Error reading register 6507 for IP 10.30.4.128: no connection to modbus server
[2024-11-26T07:00:17.674Z] Error reading or processing Modbus registers: no connection to modbus server
[2024-11-26T07:00:17.751Z] Error writing to Modbus register: no connection to modbus server
[2024-11-26T07:00:17.857Z] Error writing to Modbus register: no connection to modbus server
[2024-11-26T07:00:18.204Z] Error reading or processing Modbus registers: no connection to modbus server
[2024-11-26T07:00:18.204Z] Error reading register 6507 for IP 10.30.4.128: no connection to modbus server
[2024-11-26T07:00:18.387Z] Error reading or processing Modbus registers: no connection to modbus server
[2024-11-26T07:00:18.388Z] Error reading register 6507 for IP 10.30.4.128: no connection to modbus server
[2024-11-26T07:00:18.677Z] Error reading or processing Modbus registers: no connection to modbus server
[2024-11-26T07:00:18.677Z] Error reading register 6507 for IP 10.30.4.128: no connection to modbus server
[2024-11-26T07:00:18.677Z] Error reading or processing Modbus registers: no connection to modbus server
[2024-11-26T07:00:18.677Z] Error reading register 6507 for IP 10.30.4.128: no connection to modbus server
[2024-11-26T07:00:18.718Z] Error writing to Modbus register: no connection to modbus server
[2024-11-26T07:00:19.206Z] Error reading or processing Modbus registers: no connection to modbus server
[2024-11-26T07:00:19.206Z] Error reading register 6507 for IP 10.30.4.128: no connection to modbus server
[2024-11-26T07:00:19.389Z] Error reading or processing Modbus registers: no connection to modbus server
[2024-11-26T07:00:19.390Z] Error reading register 6507 for IP 10.30.4.128: no connection to modbus server
[2024-11-26T07:00:19.572Z] Error writing to Modbus register: no connection to modbus server
[2024-11-26T07:00:19.677Z] Error reading or processing Modbus registers: no connection to modbus server
[2024-11-26T07:00:19.677Z] Error reading register 6507 for IP 10.30.4.128: no connection to modbus server
[2024-11-26T07:00:19.677Z] Error reading or processing Modbus registers: no connection to modbus server
[2024-11-26T07:00:19.677Z] Error reading register 6507 for IP 10.30.4.128: no connection to modbus server
[2024-11-26T07:00:19.751Z] Error writing to Modbus register: no connection to modbus server
[2024-11-26T07:00:19.859Z] Error writing to Modbus register: no connection to modbus server
[2024-11-26T07:00:20.210Z] Error reading or processing Modbus registers: no connection to modbus server
[2024-11-26T07:00:20.210Z] Error reading register 6507 for IP 10.30.4.128: no connection to modbus server
[2024-11-26T07:00:20.391Z] Error reading or processing Modbus registers: no connection to modbus server
[2024-11-26T07:00:20.391Z] Error reading register 6507 for IP 10.30.4.128: no connection to modbus server
[2024-11-26T07:00:20.679Z] Error reading or processing Modbus registers: no connection to modbus server
[2024-11-26T07:00:20.679Z] Error reading register 6507 for IP 10.30.4.128: no connection to modbus server
[2024-11-26T07:00:20.679Z] Error reading or processing Modbus registers: no connection to modbus server
[2024-11-26T07:00:20.679Z] Error reading register 6507 for IP 10.30.4.128: no connection to modbus server
[2024-11-26T07:00:20.718Z] Error writing to Modbus register: no connection to modbus server
[2024-11-26T07:00:21.210Z] Error reading or processing Modbus registers: no connection to modbus server
[2024-11-26T07:00:21.210Z] Error reading register 6507 for IP 10.30.4.128: no connection to modbus server
[2024-11-26T07:00:21.392Z] Error reading or processing Modbus registers: no connection to modbus server
[2024-11-26T07:00:21.392Z] Error reading register 6507 for IP 10.30.4.128: no connection to modbus server
[2024-11-26T07:00:21.573Z] Error writing to Modbus register: no connection to modbus server
[2024-11-26T07:00:21.681Z] Error reading register 6507 for IP 10.30.4.128: no connection to modbus server
[2024-11-26T07:00:21.680Z] Error reading or processing Modbus registers: no connection to modbus server
[2024-11-26T07:00:21.681Z] Error reading or processing Modbus registers: no connection to modbus server
[2024-11-26T07:00:21.681Z] Error reading register 6507 for IP 10.30.4.128: no connection to modbus server
[2024-11-26T07:00:21.751Z] Error writing to Modbus register: no connection to modbus server
[2024-11-26T07:00:21.861Z] Error writing to Modbus register: no connection to modbus server
[2024-11-26T07:00:22.225Z] Error reading or processing Modbus registers: no connection to modbus server
[2024-11-26T07:00:22.225Z] Error reading register 6507 for IP 10.30.4.128: no connection to modbus server
[2024-11-26T07:00:22.394Z] Error reading register 6507 for IP 10.30.4.128: no connection to modbus server
[2024-11-26T07:00:22.394Z] Error reading or processing Modbus registers: no connection to modbus server
[2024-11-26T07:00:22.684Z] Error reading or processing Modbus registers: no connection to modbus server
[2024-11-26T07:00:22.684Z] Error reading or processing Modbus registers: no connection to modbus server
[2024-11-26T07:00:22.684Z] Error reading register 6507 for IP 10.30.4.128: no connection to modbus server
[2024-11-26T07:00:22.684Z] Error reading register 6507 for IP 10.30.4.128: no connection to modbus server
[2024-11-26T07:00:22.718Z] Error writing to Modbus register: no connection to modbus server
[2024-11-26T07:00:23.235Z] Error reading or processing Modbus registers: no connection to modbus server
[2024-11-26T07:00:23.235Z] Error reading register 6507 for IP 10.30.4.128: no connection to modbus server
[2024-11-26T07:00:23.402Z] Error reading or processing Modbus registers: no connection to modbus server
[2024-11-26T07:00:23.402Z] Error reading register 6507 for IP 10.30.4.128: no connection to modbus server
[2024-11-26T07:00:23.586Z] Error writing to Modbus register: no connection to modbus server
[2024-11-26T07:00:23.692Z] Error reading or processing Modbus registers: no connection to modbus server
[2024-11-26T07:00:23.692Z] Error reading register 6507 for IP 10.30.4.128: no connection to modbus server
[2024-11-26T07:00:23.692Z] Error reading or processing Modbus registers: no connection to modbus server
[2024-11-26T07:00:23.692Z] Error reading register 6507 for IP 10.30.4.128: no connection to modbus server
[2024-11-26T07:00:23.751Z] Error writing to Modbus register: no connection to modbus server
[2024-11-26T07:00:23.873Z] Error writing to Modbus register: no connection to modbus server
[2024-11-26T07:00:24.239Z] Error reading or processing Modbus registers: no connection to modbus server
[2024-11-26T07:00:24.239Z] Error reading register 6507 for IP 10.30.4.128: no connection to modbus server
[2024-11-26T07:00:24.407Z] Error reading or processing Modbus registers: no connection to modbus server
[2024-11-26T07:00:24.407Z] Error reading register 6507 for IP 10.30.4.128: no connection to modbus server
[2024-11-26T07:00:24.696Z] Error reading or processing Modbus registers: no connection to modbus server
[2024-11-26T07:00:24.696Z] Error reading register 6507 for IP 10.30.4.128: no connection to modbus server
[2024-11-26T07:00:24.696Z] Error reading register 6507 for IP 10.30.4.128: no connection to modbus server
[2024-11-26T07:00:24.696Z] Error reading or processing Modbus registers: no connection to modbus server
[2024-11-26T07:00:24.718Z] Error writing to Modbus register: no connection to modbus server
[2024-11-26T07:00:25.240Z] Error reading or processing Modbus registers: no connection to modbus server
[2024-11-26T07:00:25.240Z] Error reading register 6507 for IP 10.30.4.128: no connection to modbus server
[2024-11-26T07:00:25.421Z] Error reading or processing Modbus registers: no connection to modbus server
[2024-11-26T07:00:25.421Z] Error reading register 6507 for IP 10.30.4.128: no connection to modbus server
[2024-11-26T07:00:25.589Z] Error writing to Modbus register: no connection to modbus server
[2024-11-26T07:00:25.711Z] Error reading register 6507 for IP 10.30.4.128: no connection to modbus server
[2024-11-26T07:00:25.711Z] Error reading or processing Modbus registers: no connection to modbus server
[2024-11-26T07:00:25.711Z] Error reading register 6507 for IP 10.30.4.128: no connection to modbus server
[2024-11-26T07:00:25.711Z] Error reading or processing Modbus registers: no connection to modbus server
[2024-11-26T07:00:25.751Z] Error writing to Modbus register: no connection to modbus server
[2024-11-26T07:00:25.881Z] Error writing to Modbus register: no connection to modbus server
[2024-11-26T07:00:26.247Z] Error reading or processing Modbus registers: no connection to modbus server
[2024-11-26T07:00:26.247Z] Error reading register 6507 for IP 10.30.4.128: no connection to modbus server
[2024-11-26T07:00:26.429Z] Error reading or processing Modbus registers: no connection to modbus server
[2024-11-26T07:00:26.429Z] Error reading register 6507 for IP 10.30.4.128: no connection to modbus server
[2024-11-26T07:00:26.722Z] Error reading register 6507 for IP 10.30.4.128: no connection to modbus server
[2024-11-26T07:00:26.722Z] Error reading or processing Modbus registers: no connection to modbus server
[2024-11-26T07:00:26.722Z] Error reading register 6507 for IP 10.30.4.128: no connection to modbus server
[2024-11-26T07:00:26.722Z] Error reading or processing Modbus registers: no connection to modbus server
[2024-11-26T07:00:26.722Z] Error writing to Modbus register: no connection to modbus server
[2024-11-26T07:00:27.255Z] Error reading or processing Modbus registers: no connection to modbus server
[2024-11-26T07:00:27.255Z] Error reading register 6507 for IP 10.30.4.128: no connection to modbus server
[2024-11-26T07:00:27.440Z] Error reading or processing Modbus registers: no connection to modbus server
[2024-11-26T07:00:27.440Z] Error reading register 6507 for IP 10.30.4.128: no connection to modbus server
[2024-11-26T07:00:27.594Z] Error writing to Modbus register: no connection to modbus server
[2024-11-26T07:00:27.731Z] Error reading or processing Modbus registers: no connection to modbus server
[2024-11-26T07:00:27.731Z] Error reading register 6507 for IP 10.30.4.128: no connection to modbus server
[2024-11-26T07:00:27.731Z] Error reading or processing Modbus registers: no connection to modbus server
[2024-11-26T07:00:27.731Z] Error reading register 6507 for IP 10.30.4.128: no connection to modbus server
[2024-11-26T07:00:27.751Z] Error writing to Modbus register: no connection to modbus server
[2024-11-26T07:00:27.881Z] Error writing to Modbus register: no connection to modbus server
[2024-11-26T07:00:28.265Z] Error reading register 6507 for IP 10.30.4.128: no connection to modbus server
[2024-11-26T07:00:28.265Z] Error reading or processing Modbus registers: no connection to modbus server
[2024-11-26T07:00:28.446Z] Error reading or processing Modbus registers: no connection to modbus server
[2024-11-26T07:00:28.446Z] Error reading register 6507 for IP 10.30.4.128: no connection to modbus server
[2024-11-26T07:00:28.736Z] Error reading or processing Modbus registers: no connection to modbus server
[2024-11-26T07:00:28.736Z] Error reading register 6507 for IP 10.30.4.128: no connection to modbus server
[2024-11-26T07:00:28.736Z] Error reading or processing Modbus registers: no connection to modbus server
[2024-11-26T07:00:28.736Z] Error writing to Modbus register: no connection to modbus server
[2024-11-26T07:00:28.736Z] Error reading register 6507 for IP 10.30.4.128: no connection to modbus server
[2024-11-26T07:00:29.271Z] Error reading or processing Modbus registers: no connection to modbus server
[2024-11-26T07:00:29.271Z] Error reading register 6507 for IP 10.30.4.128: no connection to modbus server
[2024-11-26T07:00:29.455Z] Error reading or processing Modbus registers: no connection to modbus server
[2024-11-26T07:00:29.455Z] Error reading register 6507 for IP 10.30.4.128: no connection to modbus server
[2024-11-26T07:00:29.605Z] Error writing to Modbus register: no connection to modbus server
[2024-11-26T07:00:29.742Z] Error reading or processing Modbus registers: no connection to modbus server
[2024-11-26T07:00:29.742Z] Error reading register 6507 for IP 10.30.4.128: no connection to modbus server
[2024-11-26T07:00:29.742Z] Error reading register 6507 for IP 10.30.4.128: no connection to modbus server
[2024-11-26T07:00:29.742Z] Error reading or processing Modbus registers: no connection to modbus server
[2024-11-26T07:00:29.751Z] Error writing to Modbus register: no connection to modbus server
[2024-11-26T07:00:29.881Z] Error writing to Modbus register: no connection to modbus server
[2024-11-26T07:00:30.273Z] Error reading or processing Modbus registers: no connection to modbus server
[2024-11-26T07:00:30.273Z] Error reading register 6507 for IP 10.30.4.128: no connection to modbus server
[2024-11-26T07:00:30.459Z] Error reading or processing Modbus registers: no connection to modbus server
[2024-11-26T07:00:30.459Z] Error reading register 6507 for IP 10.30.4.128: no connection to modbus server
[2024-11-26T07:00:30.748Z] Error writing to Modbus register: no connection to modbus server
[2024-11-26T07:00:30.748Z] Error reading or processing Modbus registers: no connection to modbus server
[2024-11-26T07:00:30.748Z] Error reading register 6507 for IP 10.30.4.128: no connection to modbus server
[2024-11-26T07:00:30.748Z] Error reading register 6507 for IP 10.30.4.128: no connection to modbus server
[2024-11-26T07:00:30.748Z] Error reading or processing Modbus registers: no connection to modbus server
[2024-11-26T07:00:31.284Z] Error reading or processing Modbus registers: no connection to modbus server
[2024-11-26T07:00:31.284Z] Error reading register 6507 for IP 10.30.4.128: no connection to modbus server
[2024-11-26T07:00:31.467Z] Error reading or processing Modbus registers: no connection to modbus server
[2024-11-26T07:00:31.467Z] Error reading register 6507 for IP 10.30.4.128: no connection to modbus server
[2024-11-26T07:00:31.617Z] Error writing to Modbus register: no connection to modbus server
[2024-11-26T07:00:31.757Z] Error reading or processing Modbus registers: no connection to modbus server
[2024-11-26T07:00:31.757Z] Error reading register 6507 for IP 10.30.4.128: no connection to modbus server
[2024-11-26T07:00:31.757Z] Error reading register 6507 for IP 10.30.4.128: no connection to modbus server
[2024-11-26T07:00:31.757Z] Error reading or processing Modbus registers: no connection to modbus server
[2024-11-26T07:00:31.758Z] Error writing to Modbus register: no connection to modbus server
[2024-11-26T07:00:31.881Z] Error writing to Modbus register: no connection to modbus server
[2024-11-26T07:00:32.292Z] Error reading or processing Modbus registers: no connection to modbus server
[2024-11-26T07:00:32.293Z] Error reading register 6507 for IP 10.30.4.128: no connection to modbus server
[2024-11-26T07:00:32.476Z] Error reading register 6507 for IP 10.30.4.128: no connection to modbus server
[2024-11-26T07:00:32.476Z] Error reading or processing Modbus registers: no connection to modbus server
[2024-11-26T07:00:32.749Z] Error writing to Modbus register: no connection to modbus server
[2024-11-26T07:00:32.764Z] Error reading register 6507 for IP 10.30.4.128: no connection to modbus server
[2024-11-26T07:00:32.764Z] Error reading or processing Modbus registers: no connection to modbus server
[2024-11-26T07:00:32.765Z] Error reading or processing Modbus registers: no connection to modbus server
[2024-11-26T07:00:32.765Z] Error reading register 6507 for IP 10.30.4.128: no connection to modbus server
[2024-11-26T07:00:33.297Z] Error reading or processing Modbus registers: no connection to modbus server
[2024-11-26T07:00:33.297Z] Error reading register 6507 for IP 10.30.4.128: no connection to modbus server
[2024-11-26T07:00:33.480Z] Error reading or processing Modbus registers: no connection to modbus server
[2024-11-26T07:00:33.480Z] Error reading register 6507 for IP 10.30.4.128: no connection to modbus server
[2024-11-26T07:00:33.619Z] Error writing to Modbus register: no connection to modbus server
[2024-11-26T07:00:33.771Z] Error writing to Modbus register: no connection to modbus server
[2024-11-26T07:00:33.772Z] Error reading register 6507 for IP 10.30.4.128: no connection to modbus server
[2024-11-26T07:00:33.772Z] Error reading register 6507 for IP 10.30.4.128: no connection to modbus server
[2024-11-26T07:00:33.772Z] Error reading or processing Modbus registers: no connection to modbus server
[2024-11-26T07:00:33.771Z] Error reading or processing Modbus registers: no connection to modbus server
[2024-11-26T07:00:33.881Z] Error writing to Modbus register: no connection to modbus server
[2024-11-26T07:00:34.305Z] Error reading or processing Modbus registers: no connection to modbus server
[2024-11-26T07:00:34.305Z] Error reading register 6507 for IP 10.30.4.128: no connection to modbus server
[2024-11-26T07:00:34.491Z] Error reading or processing Modbus registers: no connection to modbus server
[2024-11-26T07:00:34.491Z] Error reading register 6507 for IP 10.30.4.128: no connection to modbus server
[2024-11-26T07:00:34.752Z] Error writing to Modbus register: no connection to modbus server
[2024-11-26T07:00:34.782Z] Error reading register 6507 for IP 10.30.4.128: no connection to modbus server
[2024-11-26T07:00:34.783Z] Error reading register 6507 for IP 10.30.4.128: no connection to modbus server
[2024-11-26T07:00:34.783Z] Error reading or processing Modbus registers: no connection to modbus server
[2024-11-26T07:00:34.782Z] Error reading or processing Modbus registers: no connection to modbus server
[2024-11-26T07:00:35.316Z] Error reading or processing Modbus registers: no connection to modbus server
[2024-11-26T07:00:35.317Z] Error reading register 6507 for IP 10.30.4.128: no connection to modbus server
[2024-11-26T07:00:35.498Z] Error reading or processing Modbus registers: no connection to modbus server
[2024-11-26T07:00:35.498Z] Error reading register 6507 for IP 10.30.4.128: no connection to modbus server
[2024-11-26T07:00:35.621Z] Error writing to Modbus register: no connection to modbus server
[2024-11-26T07:00:35.772Z] Error writing to Modbus register: no connection to modbus server
[2024-11-26T07:00:35.787Z] Error reading register 6507 for IP 10.30.4.128: no connection to modbus server
[2024-11-26T07:00:35.787Z] Error reading or processing Modbus registers: no connection to modbus server
[2024-11-26T07:00:35.787Z] Error reading or processing Modbus registers: no connection to modbus server
[2024-11-26T07:00:35.787Z] Error reading register 6507 for IP 10.30.4.128: no connection to modbus server
[2024-11-26T07:00:35.881Z] Error writing to Modbus register: no connection to modbus server
[2024-11-26T07:00:36.322Z] Error reading or processing Modbus registers: no connection to modbus server
[2024-11-26T07:00:36.322Z] Error reading register 6507 for IP 10.30.4.128: no connection to modbus server
[2024-11-26T07:00:36.506Z] Error reading or processing Modbus registers: no connection to modbus server
[2024-11-26T07:00:36.506Z] Error reading register 6507 for IP 10.30.4.128: no connection to modbus server
[2024-11-26T07:00:36.765Z] Error writing to Modbus register: no connection to modbus server
[2024-11-26T07:00:36.796Z] Error reading or processing Modbus registers: no connection to modbus server
[2024-11-26T07:00:36.796Z] Error reading register 6507 for IP 10.30.4.128: no connection to modbus server
[2024-11-26T07:00:36.796Z] Error reading register 6507 for IP 10.30.4.128: no connection to modbus server
[2024-11-26T07:00:36.796Z] Error reading or processing Modbus registers: no connection to modbus server
[2024-11-26T07:00:37.330Z] Error reading or processing Modbus registers: no connection to modbus server
[2024-11-26T07:00:37.330Z] Error reading register 6507 for IP 10.30.4.128: no connection to modbus server
[2024-11-26T07:00:37.516Z] Error reading or processing Modbus registers: no connection to modbus server
[2024-11-26T07:00:37.516Z] Error reading register 6507 for IP 10.30.4.128: no connection to modbus server
[2024-11-26T07:00:37.622Z] Error writing to Modbus register: no connection to modbus server
[2024-11-26T07:00:37.776Z] Error writing to Modbus register: no connection to modbus server
[2024-11-26T07:00:37.806Z] Error reading or processing Modbus registers: no connection to modbus server
[2024-11-26T07:00:37.806Z] Error reading register 6507 for IP 10.30.4.128: no connection to modbus server
[2024-11-26T07:00:37.806Z] Error reading or processing Modbus registers: no connection to modbus server
[2024-11-26T07:00:37.806Z] Error reading register 6507 for IP 10.30.4.128: no connection to modbus server
[2024-11-26T07:00:37.881Z] Error writing to Modbus register: no connection to modbus server
[2024-11-26T07:00:38.342Z] Error reading or processing Modbus registers: no connection to modbus server
[2024-11-26T07:00:38.342Z] Error reading register 6507 for IP 10.30.4.128: no connection to modbus server
[2024-11-26T07:00:38.524Z] Error reading or processing Modbus registers: no connection to modbus server
[2024-11-26T07:00:38.524Z] Error reading register 6507 for IP 10.30.4.128: no connection to modbus server
[2024-11-26T07:00:38.767Z] Error writing to Modbus register: no connection to modbus server
[2024-11-26T07:00:38.813Z] Error reading register 6507 for IP 10.30.4.128: no connection to modbus server
[2024-11-26T07:00:38.813Z] Error reading register 6507 for IP 10.30.4.128: no connection to modbus server
[2024-11-26T07:00:38.813Z] Error reading or processing Modbus registers: no connection to modbus server
[2024-11-26T07:00:38.813Z] Error reading or processing Modbus registers: no connection to modbus server
[2024-11-26T07:00:39.344Z] Error reading register 6507 for IP 10.30.4.128: no connection to modbus server
[2024-11-26T07:00:39.344Z] Error reading or processing Modbus registers: no connection to modbus server
[2024-11-26T07:00:39.529Z] Error reading or processing Modbus registers: no connection to modbus server
[2024-11-26T07:00:39.529Z] Error reading register 6507 for IP 10.30.4.128: no connection to modbus server
[2024-11-26T07:00:39.634Z] Error writing to Modbus register: no connection to modbus server
[2024-11-26T07:00:39.785Z] Error writing to Modbus register: no connection to modbus server
[2024-11-26T07:00:39.815Z] Error reading register 6507 for IP 10.30.4.128: no connection to modbus server
[2024-11-26T07:00:39.815Z] Error reading or processing Modbus registers: no connection to modbus server
[2024-11-26T07:00:39.815Z] Error reading register 6507 for IP 10.30.4.128: no connection to modbus server
[2024-11-26T07:00:39.815Z] Error reading or processing Modbus registers: no connection to modbus server
[2024-11-26T07:00:39.881Z] Error writing to Modbus register: no connection to modbus server
[2024-11-26T07:00:40.347Z] Error reading register 6507 for IP 10.30.4.128: no connection to modbus server
[2024-11-26T07:00:40.347Z] Error reading or processing Modbus registers: no connection to modbus server
[2024-11-26T07:00:40.530Z] Error reading or processing Modbus registers: no connection to modbus server
[2024-11-26T07:00:40.530Z] Error reading register 6507 for IP 10.30.4.128: no connection to modbus server
[2024-11-26T07:00:40.773Z] Error writing to Modbus register: no connection to modbus server
[2024-11-26T07:00:40.817Z] Error reading or processing Modbus registers: no connection to modbus server
[2024-11-26T07:00:40.817Z] Error reading register 6507 for IP 10.30.4.128: no connection to modbus server
[2024-11-26T07:00:40.818Z] Error reading or processing Modbus registers: no connection to modbus server
[2024-11-26T07:00:40.818Z] Error reading register 6507 for IP 10.30.4.128: no connection to modbus server
[2024-11-26T07:00:41.351Z] Error reading register 6507 for IP 10.30.4.128: no connection to modbus server
[2024-11-26T07:00:41.351Z] Error reading or processing Modbus registers: no connection to modbus server
[2024-11-26T07:00:41.532Z] Error reading or processing Modbus registers: no connection to modbus server
[2024-11-26T07:00:41.532Z] Error reading register 6507 for IP 10.30.4.128: no connection to modbus server
[2024-11-26T07:00:41.638Z] Error writing to Modbus register: no connection to modbus server
[2024-11-26T07:00:41.789Z] Error writing to Modbus register: no connection to modbus server
[2024-11-26T07:00:41.819Z] Error reading or processing Modbus registers: no connection to modbus server
[2024-11-26T07:00:41.819Z] Error reading register 6507 for IP 10.30.4.128: no connection to modbus server
[2024-11-26T07:00:41.820Z] Error reading or processing Modbus registers: no connection to modbus server
[2024-11-26T07:00:41.820Z] Error reading register 6507 for IP 10.30.4.128: no connection to modbus server
[2024-11-26T07:00:41.881Z] Error writing to Modbus register: no connection to modbus server
[2024-11-26T07:00:42.365Z] Error reading or processing Modbus registers: no connection to modbus server
[2024-11-26T07:00:42.365Z] Error reading register 6507 for IP 10.30.4.128: no connection to modbus server
[2024-11-26T07:00:42.547Z] Error reading register 6507 for IP 10.30.4.128: no connection to modbus server
[2024-11-26T07:00:42.547Z] Error reading or processing Modbus registers: no connection to modbus server
[2024-11-26T07:00:42.773Z] Error writing to Modbus register: no connection to modbus server
[2024-11-26T07:00:42.833Z] Error reading register 6507 for IP 10.30.4.128: no connection to modbus server
[2024-11-26T07:00:42.833Z] Error reading or processing Modbus registers: no connection to modbus server
[2024-11-26T07:00:42.834Z] Error reading or processing Modbus registers: no connection to modbus server
[2024-11-26T07:00:42.834Z] Error reading register 6507 for IP 10.30.4.128: no connection to modbus server
[2024-11-26T07:00:43.366Z] Error reading or processing Modbus registers: no connection to modbus server
[2024-11-26T07:00:43.366Z] Error reading register 6507 for IP 10.30.4.128: no connection to modbus server
[2024-11-26T07:00:43.547Z] Error reading register 6507 for IP 10.30.4.128: no connection to modbus server
[2024-11-26T07:00:43.547Z] Error reading or processing Modbus registers: no connection to modbus server
[2024-11-26T07:00:43.638Z] Error writing to Modbus register: no connection to modbus server
[2024-11-26T07:00:43.791Z] Error writing to Modbus register: no connection to modbus server
[2024-11-26T07:00:43.835Z] Error reading register 6507 for IP 10.30.4.128: no connection to modbus server
[2024-11-26T07:00:43.835Z] Error reading or processing Modbus registers: no connection to modbus server
[2024-11-26T07:00:43.836Z] Error reading register 6507 for IP 10.30.4.128: no connection to modbus server
[2024-11-26T07:00:43.836Z] Error reading or processing Modbus registers: no connection to modbus server
[2024-11-26T07:00:43.881Z] Error writing to Modbus register: no connection to modbus server
[2024-11-26T07:00:44.381Z] Error reading or processing Modbus registers: no connection to modbus server
[2024-11-26T07:00:44.381Z] Error reading register 6507 for IP 10.30.4.128: no connection to modbus server
[2024-11-26T07:00:44.548Z] Error reading or processing Modbus registers: no connection to modbus server
[2024-11-26T07:00:44.548Z] Error reading register 6507 for IP 10.30.4.128: no connection to modbus server
[2024-11-26T07:00:44.775Z] Error writing to Modbus register: no connection to modbus server
[2024-11-26T07:00:44.837Z] Error reading or processing Modbus registers: no connection to modbus server
[2024-11-26T07:00:44.837Z] Error reading register 6507 for IP 10.30.4.128: no connection to modbus server
[2024-11-26T07:00:44.837Z] Error reading or processing Modbus registers: no connection to modbus server
[2024-11-26T07:00:44.837Z] Error reading register 6507 for IP 10.30.4.128: no connection to modbus server
[2024-11-26T07:00:45.382Z] Error reading register 6507 for IP 10.30.4.128: no connection to modbus server
[2024-11-26T07:00:45.382Z] Error reading or processing Modbus registers: no connection to modbus server
[2024-11-26T07:00:45.549Z] Error reading or processing Modbus registers: no connection to modbus server
[2024-11-26T07:00:45.549Z] Error reading register 6507 for IP 10.30.4.128: no connection to modbus server
[2024-11-26T07:00:45.641Z] Error writing to Modbus register: no connection to modbus server
[2024-11-26T07:00:45.792Z] Error writing to Modbus register: no connection to modbus server
[2024-11-26T07:00:45.853Z] Error reading register 6507 for IP 10.30.4.128: no connection to modbus server
[2024-11-26T07:00:45.853Z] Error reading or processing Modbus registers: no connection to modbus server
[2024-11-26T07:00:45.853Z] Error reading register 6507 for IP 10.30.4.128: no connection to modbus server
[2024-11-26T07:00:45.853Z] Error reading or processing Modbus registers: no connection to modbus server
[2024-11-26T07:00:45.881Z] Error writing to Modbus register: no connection to modbus server
[2024-11-26T07:00:46.397Z] Error reading or processing Modbus registers: no connection to modbus server
[2024-11-26T07:00:46.397Z] Error reading register 6507 for IP 10.30.4.128: no connection to modbus server
[2024-11-26T07:00:46.563Z] Error reading or processing Modbus registers: no connection to modbus server
[2024-11-26T07:00:46.564Z] Error reading register 6507 for IP 10.30.4.128: no connection to modbus server
[2024-11-26T07:00:46.790Z] Error writing to Modbus register: no connection to modbus server
[2024-11-26T07:00:46.866Z] Error reading register 6507 for IP 10.30.4.128: no connection to modbus server
[2024-11-26T07:00:46.867Z] Error reading or processing Modbus registers: no connection to modbus server
[2024-11-26T07:00:46.867Z] Error reading register 6507 for IP 10.30.4.128: no connection to modbus server
[2024-11-26T07:00:46.866Z] Error reading or processing Modbus registers: no connection to modbus server
[2024-11-26T07:00:47.396Z] Error reading or processing Modbus registers: no connection to modbus server
[2024-11-26T07:00:47.397Z] Error reading register 6507 for IP 10.30.4.128: no connection to modbus server
[2024-11-26T07:00:47.578Z] Error reading register 6507 for IP 10.30.4.128: no connection to modbus server
[2024-11-26T07:00:47.578Z] Error reading or processing Modbus registers: no connection to modbus server
[2024-11-26T07:00:47.654Z] Error writing to Modbus register: no connection to modbus server
[2024-11-26T07:00:47.805Z] Error writing to Modbus register: no connection to modbus server
[2024-11-26T07:00:47.881Z] Error reading register 6507 for IP 10.30.4.128: no connection to modbus server
[2024-11-26T07:00:47.881Z] Error reading or processing Modbus registers: no connection to modbus server
[2024-11-26T07:00:47.881Z] Error reading register 6507 for IP 10.30.4.128: no connection to modbus server
[2024-11-26T07:00:47.881Z] Error reading or processing Modbus registers: no connection to modbus server
[2024-11-26T07:00:47.886Z] Error writing to Modbus register: no connection to modbus server
[2024-11-26T07:00:48.397Z] Error reading register 6507 for IP 10.30.4.128: no connection to modbus server
[2024-11-26T07:00:48.397Z] Error reading or processing Modbus registers: no connection to modbus server
[2024-11-26T07:00:48.579Z] Error reading register 6507 for IP 10.30.4.128: no connection to modbus server
[2024-11-26T07:00:48.579Z] Error reading or processing Modbus registers: no connection to modbus server
[2024-11-26T07:00:48.794Z] Error writing to Modbus register: no connection to modbus server
[2024-11-26T07:00:48.885Z] Error reading or processing Modbus registers: no connection to modbus server
[2024-11-26T07:00:48.885Z] Error reading register 6507 for IP 10.30.4.128: no connection to modbus server
[2024-11-26T07:00:48.885Z] Error reading or processing Modbus registers: no connection to modbus server
[2024-11-26T07:00:48.885Z] Error reading register 6507 for IP 10.30.4.128: no connection to modbus server
[2024-11-26T07:00:49.407Z] Error reading or processing Modbus registers: no connection to modbus server
[2024-11-26T07:00:49.407Z] Error reading register 6507 for IP 10.30.4.128: no connection to modbus server
[2024-11-26T07:00:49.588Z] Error reading or processing Modbus registers: no connection to modbus server
[2024-11-26T07:00:49.588Z] Error reading register 6507 for IP 10.30.4.128: no connection to modbus server
[2024-11-26T07:00:49.665Z] Error writing to Modbus register: no connection to modbus server
[2024-11-26T07:00:49.818Z] Error writing to Modbus register: no connection to modbus server
[2024-11-26T07:00:49.896Z] Error reading or processing Modbus registers: no connection to modbus server
[2024-11-26T07:00:49.896Z] Error reading or processing Modbus registers: no connection to modbus server
[2024-11-26T07:00:49.896Z] Error reading register 6507 for IP 10.30.4.128: no connection to modbus server
[2024-11-26T07:00:49.896Z] Error writing to Modbus register: no connection to modbus server
[2024-11-26T07:00:49.896Z] Error reading register 6507 for IP 10.30.4.128: no connection to modbus server
[2024-11-26T07:00:50.411Z] Error reading or processing Modbus registers: no connection to modbus server
[2024-11-26T07:00:50.411Z] Error reading register 6507 for IP 10.30.4.128: no connection to modbus server
[2024-11-26T07:00:50.594Z] Error reading or processing Modbus registers: no connection to modbus server
[2024-11-26T07:00:50.594Z] Error reading register 6507 for IP 10.30.4.128: no connection to modbus server
[2024-11-26T07:00:50.807Z] Error writing to Modbus register: no connection to modbus server
[2024-11-26T07:00:50.900Z] Error reading or processing Modbus registers: no connection to modbus server
[2024-11-26T07:00:50.900Z] Error reading register 6507 for IP 10.30.4.128: no connection to modbus server
[2024-11-26T07:00:50.900Z] Error reading or processing Modbus registers: no connection to modbus server
[2024-11-26T07:00:50.900Z] Error reading register 6507 for IP 10.30.4.128: no connection to modbus server
[2024-11-26T07:00:51.424Z] Error reading or processing Modbus registers: no connection to modbus server
[2024-11-26T07:00:51.424Z] Error reading register 6507 for IP 10.30.4.128: no connection to modbus server
[2024-11-26T07:00:51.608Z] Error reading register 6507 for IP 10.30.4.128: no connection to modbus server
[2024-11-26T07:00:51.608Z] Error reading or processing Modbus registers: no connection to modbus server
[2024-11-26T07:00:51.667Z] Error writing to Modbus register: no connection to modbus server
[2024-11-26T07:00:51.821Z] Error writing to Modbus register: no connection to modbus server
[2024-11-26T07:00:51.898Z] Error writing to Modbus register: no connection to modbus server
[2024-11-26T07:00:51.913Z] Error reading or processing Modbus registers: no connection to modbus server
[2024-11-26T07:00:51.913Z] Error reading register 6507 for IP 10.30.4.128: no connection to modbus server
[2024-11-26T07:00:51.913Z] Error reading or processing Modbus registers: no connection to modbus server
[2024-11-26T07:00:51.913Z] Error reading register 6507 for IP 10.30.4.128: no connection to modbus server
[2024-11-26T07:00:52.431Z] Error reading or processing Modbus registers: no connection to modbus server
[2024-11-26T07:00:52.431Z] Error reading register 6507 for IP 10.30.4.128: no connection to modbus server
[2024-11-26T07:00:52.616Z] Error reading or processing Modbus registers: no connection to modbus server
[2024-11-26T07:00:52.616Z] Error reading register 6507 for IP 10.30.4.128: no connection to modbus server
[2024-11-26T07:00:52.816Z] Error writing to Modbus register: no connection to modbus server
[2024-11-26T07:00:52.924Z] Error reading or processing Modbus registers: no connection to modbus server
[2024-11-26T07:00:52.924Z] Error reading register 6507 for IP 10.30.4.128: no connection to modbus server
[2024-11-26T07:00:52.924Z] Error reading or processing Modbus registers: no connection to modbus server
[2024-11-26T07:00:52.925Z] Error reading register 6507 for IP 10.30.4.128: no connection to modbus server
[2024-11-26T07:00:53.445Z] Error reading register 6507 for IP 10.30.4.128: no connection to modbus server
[2024-11-26T07:00:53.445Z] Error reading or processing Modbus registers: no connection to modbus server
[2024-11-26T07:00:53.629Z] Error reading or processing Modbus registers: no connection to modbus server
[2024-11-26T07:00:53.629Z] Error reading register 6507 for IP 10.30.4.128: no connection to modbus server
[2024-11-26T07:00:53.675Z] Error writing to Modbus register: no connection to modbus server
[2024-11-26T07:00:53.828Z] Error writing to Modbus register: no connection to modbus server
[2024-11-26T07:00:53.904Z] Error writing to Modbus register: no connection to modbus server
[2024-11-26T07:00:53.934Z] Error reading or processing Modbus registers: no connection to modbus server
[2024-11-26T07:00:53.935Z] Error reading register 6507 for IP 10.30.4.128: no connection to modbus server
[2024-11-26T07:00:53.935Z] Error reading register 6507 for IP 10.30.4.128: no connection to modbus server
[2024-11-26T07:00:53.935Z] Error reading or processing Modbus registers: no connection to modbus server
[2024-11-26T07:00:54.448Z] Error reading or processing Modbus registers: no connection to modbus server
[2024-11-26T07:00:54.448Z] Error reading register 6507 for IP 10.30.4.128: no connection to modbus server
[2024-11-26T07:00:54.644Z] Error reading or processing Modbus registers: no connection to modbus server
[2024-11-26T07:00:54.644Z] Error reading register 6507 for IP 10.30.4.128: no connection to modbus server
[2024-11-26T07:00:54.829Z] Error writing to Modbus register: no connection to modbus server
[2024-11-26T07:00:54.936Z] Error reading or processing Modbus registers: no connection to modbus server
[2024-11-26T07:00:54.936Z] Error reading register 6507 for IP 10.30.4.128: no connection to modbus server
[2024-11-26T07:00:54.936Z] Error reading register 6507 for IP 10.30.4.128: no connection to modbus server
[2024-11-26T07:00:54.936Z] Error reading or processing Modbus registers: no connection to modbus server
[2024-11-26T07:00:55.456Z] Error reading or processing Modbus registers: no connection to modbus server
[2024-11-26T07:00:55.456Z] Error reading register 6507 for IP 10.30.4.128: no connection to modbus server
[2024-11-26T07:00:55.657Z] Error reading or processing Modbus registers: no connection to modbus server
[2024-11-26T07:00:55.657Z] Error reading register 6507 for IP 10.30.4.128: no connection to modbus server
[2024-11-26T07:00:55.687Z] Error writing to Modbus register: no connection to modbus server
[2024-11-26T07:00:55.838Z] Error writing to Modbus register: no connection to modbus server
[2024-11-26T07:00:55.916Z] Error writing to Modbus register: no connection to modbus server
[2024-11-26T07:00:55.946Z] Error reading or processing Modbus registers: no connection to modbus server
[2024-11-26T07:00:55.946Z] Error reading register 6507 for IP 10.30.4.128: no connection to modbus server
[2024-11-26T07:00:55.946Z] Error reading or processing Modbus registers: no connection to modbus server
[2024-11-26T07:00:55.946Z] Error reading register 6507 for IP 10.30.4.128: no connection to modbus server
[2024-11-26T07:00:56.460Z] Error reading register 6507 for IP 10.30.4.128: no connection to modbus server
[2024-11-26T07:00:56.460Z] Error reading or processing Modbus registers: no connection to modbus server
[2024-11-26T07:00:56.657Z] Error reading or processing Modbus registers: no connection to modbus server
[2024-11-26T07:00:56.657Z] Error reading register 6507 for IP 10.30.4.128: no connection to modbus server
[2024-11-26T07:00:56.838Z] Error writing to Modbus register: no connection to modbus server
[2024-11-26T07:00:56.960Z] Error reading or processing Modbus registers: no connection to modbus server
[2024-11-26T07:00:56.960Z] Error reading register 6507 for IP 10.30.4.128: no connection to modbus server
[2024-11-26T07:00:56.960Z] Error reading register 6507 for IP 10.30.4.128: no connection to modbus server
[2024-11-26T07:00:56.960Z] Error reading or processing Modbus registers: no connection to modbus server
[2024-11-26T07:00:57.475Z] Error reading or processing Modbus registers: no connection to modbus server
[2024-11-26T07:00:57.475Z] Error reading register 6507 for IP 10.30.4.128: no connection to modbus server
[2024-11-26T07:00:57.658Z] Error reading or processing Modbus registers: no connection to modbus server
[2024-11-26T07:00:57.658Z] Error reading register 6507 for IP 10.30.4.128: no connection to modbus server
[2024-11-26T07:00:57.689Z] Error writing to Modbus register: no connection to modbus server
[2024-11-26T07:00:57.840Z] Error writing to Modbus register: no connection to modbus server
[2024-11-26T07:00:57.916Z] Error writing to Modbus register: no connection to modbus server
[2024-11-26T07:00:57.962Z] Error reading or processing Modbus registers: no connection to modbus server
[2024-11-26T07:00:57.962Z] Error reading register 6507 for IP 10.30.4.128: no connection to modbus server
[2024-11-26T07:00:57.962Z] Error reading register 6507 for IP 10.30.4.128: no connection to modbus server
[2024-11-26T07:00:57.962Z] Error reading or processing Modbus registers: no connection to modbus server
[2024-11-26T07:00:58.490Z] Error reading or processing Modbus registers: no connection to modbus server
[2024-11-26T07:00:58.490Z] Error reading register 6507 for IP 10.30.4.128: no connection to modbus server
[2024-11-26T07:00:58.672Z] Error reading or processing Modbus registers: no connection to modbus server
[2024-11-26T07:00:58.672Z] Error reading register 6507 for IP 10.30.4.128: no connection to modbus server
[2024-11-26T07:00:58.840Z] Error writing to Modbus register: no connection to modbus server
[2024-11-26T07:00:58.977Z] Error reading register 6507 for IP 10.30.4.128: no connection to modbus server
[2024-11-26T07:00:58.977Z] Error reading or processing Modbus registers: no connection to modbus server
[2024-11-26T07:00:58.977Z] Error reading or processing Modbus registers: no connection to modbus server
[2024-11-26T07:00:58.977Z] Error reading register 6507 for IP 10.30.4.128: no connection to modbus server
[2024-11-26T07:00:59.493Z] Error reading or processing Modbus registers: no connection to modbus server
[2024-11-26T07:00:59.493Z] Error reading register 6507 for IP 10.30.4.128: no connection to modbus server
[2024-11-26T07:00:59.674Z] Error reading or processing Modbus registers: no connection to modbus server
[2024-11-26T07:00:59.674Z] Error reading register 6507 for IP 10.30.4.128: no connection to modbus server
[2024-11-26T07:00:59.690Z] Error writing to Modbus register: no connection to modbus server
[2024-11-26T07:00:59.841Z] Error writing to Modbus register: no connection to modbus server
[2024-11-26T07:00:59.917Z] Error writing to Modbus register: no connection to modbus server
[2024-11-26T07:00:59.978Z] Error reading or processing Modbus registers: no connection to modbus server
[2024-11-26T07:00:59.978Z] Error reading register 6507 for IP 10.30.4.128: no connection to modbus server
[2024-11-26T07:00:59.978Z] Error reading or processing Modbus registers: no connection to modbus server
[2024-11-26T07:00:59.978Z] Error reading register 6507 for IP 10.30.4.128: no connection to modbus server
[2024-11-26T07:01:00.494Z] Error reading or processing Modbus registers: no connection to modbus server
[2024-11-26T07:01:00.494Z] Error reading register 6507 for IP 10.30.4.128: no connection to modbus server
[2024-11-26T07:01:00.677Z] Error reading or processing Modbus registers: no connection to modbus server
[2024-11-26T07:01:00.677Z] Error reading register 6507 for IP 10.30.4.128: no connection to modbus server
[2024-11-26T07:01:00.846Z] Error writing to Modbus register: no connection to modbus server
[2024-11-26T07:01:00.981Z] Error reading or processing Modbus registers: no connection to modbus server
[2024-11-26T07:01:00.981Z] Error reading register 6507 for IP 10.30.4.128: no connection to modbus server
[2024-11-26T07:01:00.982Z] Error reading or processing Modbus registers: no connection to modbus server
[2024-11-26T07:01:00.982Z] Error reading register 6507 for IP 10.30.4.128: no connection to modbus server
[2024-11-26T07:01:01.495Z] Error reading or processing Modbus registers: no connection to modbus server
[2024-11-26T07:01:01.495Z] Error reading register 6507 for IP 10.30.4.128: no connection to modbus server
[2024-11-26T07:01:01.679Z] Error reading register 6507 for IP 10.30.4.128: no connection to modbus server
[2024-11-26T07:01:01.678Z] Error reading or processing Modbus registers: no connection to modbus server
[2024-11-26T07:01:01.693Z] Error writing to Modbus register: no connection to modbus server
[2024-11-26T07:01:01.845Z] Error writing to Modbus register: no connection to modbus server
[2024-11-26T07:01:01.921Z] Error writing to Modbus register: no connection to modbus server
[2024-11-26T07:01:01.995Z] Error reading or processing Modbus registers: no connection to modbus server
[2024-11-26T07:01:01.995Z] Error reading register 6507 for IP 10.30.4.128: no connection to modbus server
[2024-11-26T07:01:01.996Z] Error reading or processing Modbus registers: no connection to modbus server
[2024-11-26T07:01:01.996Z] Error reading register 6507 for IP 10.30.4.128: no connection to modbus server
[2024-11-26T07:01:02.498Z] Error reading or processing Modbus registers: no connection to modbus server
[2024-11-26T07:01:02.498Z] Error reading register 6507 for IP 10.30.4.128: no connection to modbus server
[2024-11-26T07:01:02.680Z] Error reading register 6507 for IP 10.30.4.128: no connection to modbus server
[2024-11-26T07:01:02.680Z] Error reading or processing Modbus registers: no connection to modbus server
[2024-11-26T07:01:02.847Z] Error writing to Modbus register: no connection to modbus server
[2024-11-26T07:01:03.000Z] Error reading register 6507 for IP 10.30.4.128: no connection to modbus server
[2024-11-26T07:01:03.000Z] Error reading or processing Modbus registers: no connection to modbus server
[2024-11-26T07:01:03.000Z] Error reading register 6507 for IP 10.30.4.128: no connection to modbus server
[2024-11-26T07:01:03.000Z] Error reading or processing Modbus registers: no connection to modbus server
[2024-11-26T07:01:03.499Z] Error reading or processing Modbus registers: no connection to modbus server
[2024-11-26T07:01:03.499Z] Error reading register 6507 for IP 10.30.4.128: no connection to modbus server
[2024-11-26T07:01:03.683Z] Error reading or processing Modbus registers: no connection to modbus server
[2024-11-26T07:01:03.683Z] Error reading register 6507 for IP 10.30.4.128: no connection to modbus server
[2024-11-26T07:01:03.698Z] Error writing to Modbus register: no connection to modbus server
[2024-11-26T07:01:03.850Z] Error writing to Modbus register: no connection to modbus server
[2024-11-26T07:01:03.926Z] Error writing to Modbus register: no connection to modbus server
[2024-11-26T07:01:04.001Z] Error reading register 6507 for IP 10.30.4.128: no connection to modbus server
[2024-11-26T07:01:04.001Z] Error reading register 6507 for IP 10.30.4.128: no connection to modbus server
[2024-11-26T07:01:04.001Z] Error reading or processing Modbus registers: no connection to modbus server
[2024-11-26T07:01:04.001Z] Error reading or processing Modbus registers: no connection to modbus server
[2024-11-26T07:01:04.502Z] Error reading or processing Modbus registers: no connection to modbus server
[2024-11-26T07:01:04.502Z] Error reading register 6507 for IP 10.30.4.128: no connection to modbus server
[2024-11-26T07:01:04.686Z] Error reading or processing Modbus registers: no connection to modbus server
[2024-11-26T07:01:04.686Z] Error reading register 6507 for IP 10.30.4.128: no connection to modbus server
[2024-11-26T07:01:04.858Z] Error writing to Modbus register: no connection to modbus server
[2024-11-26T07:01:05.009Z] Error reading or processing Modbus registers: no connection to modbus server
[2024-11-26T07:01:05.009Z] Error reading register 6507 for IP 10.30.4.128: no connection to modbus server
[2024-11-26T07:01:05.009Z] Error reading or processing Modbus registers: no connection to modbus server
[2024-11-26T07:01:05.009Z] Error reading register 6507 for IP 10.30.4.128: no connection to modbus server
[2024-11-26T07:01:05.508Z] Error reading or processing Modbus registers: no connection to modbus server
[2024-11-26T07:01:05.508Z] Error reading register 6507 for IP 10.30.4.128: no connection to modbus server
[2024-11-26T07:01:05.689Z] Error reading or processing Modbus registers: no connection to modbus server
[2024-11-26T07:01:05.689Z] Error reading register 6507 for IP 10.30.4.128: no connection to modbus server
[2024-11-26T07:01:05.705Z] Error writing to Modbus register: no connection to modbus server
[2024-11-26T07:01:05.856Z] Error writing to Modbus register: no connection to modbus server
[2024-11-26T07:01:05.932Z] Error writing to Modbus register: no connection to modbus server
[2024-11-26T07:01:06.022Z] Error reading or processing Modbus registers: no connection to modbus server
[2024-11-26T07:01:06.022Z] Error reading register 6507 for IP 10.30.4.128: no connection to modbus server
[2024-11-26T07:01:06.023Z] Error reading or processing Modbus registers: no connection to modbus server
[2024-11-26T07:01:06.023Z] Error reading register 6507 for IP 10.30.4.128: no connection to modbus server
[2024-11-26T07:01:06.523Z] Error reading or processing Modbus registers: no connection to modbus server
[2024-11-26T07:01:06.523Z] Error reading register 6507 for IP 10.30.4.128: no connection to modbus server
[2024-11-26T07:01:06.704Z] Error reading register 6507 for IP 10.30.4.128: no connection to modbus server
[2024-11-26T07:01:06.704Z] Error reading or processing Modbus registers: no connection to modbus server
[2024-11-26T07:01:06.872Z] Error writing to Modbus register: no connection to modbus server
[2024-11-26T07:01:07.024Z] Error reading or processing Modbus registers: no connection to modbus server
[2024-11-26T07:01:07.024Z] Error reading register 6507 for IP 10.30.4.128: no connection to modbus server
[2024-11-26T07:01:07.024Z] Error reading or processing Modbus registers: no connection to modbus server
[2024-11-26T07:01:07.024Z] Error reading register 6507 for IP 10.30.4.128: no connection to modbus server
[2024-11-26T07:01:07.537Z] Error reading or processing Modbus registers: no connection to modbus server
[2024-11-26T07:01:07.537Z] Error reading register 6507 for IP 10.30.4.128: no connection to modbus server
[2024-11-26T07:01:07.705Z] Error reading or processing Modbus registers: no connection to modbus server
[2024-11-26T07:01:07.705Z] Error reading register 6507 for IP 10.30.4.128: no connection to modbus server
[2024-11-26T07:01:07.705Z] Error writing to Modbus register: no connection to modbus server
[2024-11-26T07:01:07.856Z] Error writing to Modbus register: no connection to modbus server
[2024-11-26T07:01:07.947Z] Error writing to Modbus register: no connection to modbus server
[2024-11-26T07:01:08.024Z] Error reading or processing Modbus registers: no connection to modbus server
[2024-11-26T07:01:08.024Z] Error reading register 6507 for IP 10.30.4.128: no connection to modbus server
[2024-11-26T07:01:08.024Z] Error reading or processing Modbus registers: no connection to modbus server
[2024-11-26T07:01:08.024Z] Error reading register 6507 for IP 10.30.4.128: no connection to modbus server
[2024-11-26T07:01:08.552Z] Error reading register 6507 for IP 10.30.4.128: no connection to modbus server
[2024-11-26T07:01:08.552Z] Error reading or processing Modbus registers: no connection to modbus server
[2024-11-26T07:01:08.720Z] Error reading or processing Modbus registers: no connection to modbus server
[2024-11-26T07:01:08.720Z] Error reading register 6507 for IP 10.30.4.128: no connection to modbus server
[2024-11-26T07:01:08.871Z] Error writing to Modbus register: no connection to modbus server
[2024-11-26T07:01:09.038Z] Error reading or processing Modbus registers: no connection to modbus server
[2024-11-26T07:01:09.038Z] Error reading register 6507 for IP 10.30.4.128: no connection to modbus server
[2024-11-26T07:01:09.038Z] Error reading or processing Modbus registers: no connection to modbus server
[2024-11-26T07:01:09.038Z] Error reading register 6507 for IP 10.30.4.128: no connection to modbus server
[2024-11-26T07:01:09.567Z] Error reading or processing Modbus registers: no connection to modbus server
[2024-11-26T07:01:09.567Z] Error reading register 6507 for IP 10.30.4.128: no connection to modbus server
[2024-11-26T07:01:09.719Z] Error writing to Modbus register: no connection to modbus server
[2024-11-26T07:01:09.735Z] Error reading or processing Modbus registers: no connection to modbus server
[2024-11-26T07:01:09.735Z] Error reading register 6507 for IP 10.30.4.128: no connection to modbus server
[2024-11-26T07:01:09.856Z] Error writing to Modbus register: no connection to modbus server
[2024-11-26T07:01:09.949Z] Error writing to Modbus register: no connection to modbus server
[2024-11-26T07:01:10.041Z] Error reading register 6507 for IP 10.30.4.128: no connection to modbus server
[2024-11-26T07:01:10.041Z] Error reading or processing Modbus registers: no connection to modbus server
[2024-11-26T07:01:10.041Z] Error reading register 6507 for IP 10.30.4.128: no connection to modbus server
[2024-11-26T07:01:10.041Z] Error reading or processing Modbus registers: no connection to modbus server
[2024-11-26T07:01:10.573Z] Error reading or processing Modbus registers: no connection to modbus server
[2024-11-26T07:01:10.573Z] Error reading register 6507 for IP 10.30.4.128: no connection to modbus server
[2024-11-26T07:01:10.742Z] Error reading or processing Modbus registers: no connection to modbus server
[2024-11-26T07:01:10.742Z] Error reading register 6507 for IP 10.30.4.128: no connection to modbus server
[2024-11-26T07:01:10.877Z] Error writing to Modbus register: no connection to modbus server
[2024-11-26T07:01:11.045Z] Error reading or processing Modbus registers: no connection to modbus server
[2024-11-26T07:01:11.045Z] Error reading register 6507 for IP 10.30.4.128: no connection to modbus server
[2024-11-26T07:01:11.045Z] Error reading or processing Modbus registers: no connection to modbus server
[2024-11-26T07:01:11.045Z] Error reading register 6507 for IP 10.30.4.128: no connection to modbus server
[2024-11-26T07:01:11.577Z] Error reading register 6507 for IP 10.30.4.128: no connection to modbus server
[2024-11-26T07:01:11.577Z] Error reading or processing Modbus registers: no connection to modbus server
[2024-11-26T07:01:11.730Z] Error writing to Modbus register: no connection to modbus server
[2024-11-26T07:01:11.745Z] Error reading or processing Modbus registers: no connection to modbus server
[2024-11-26T07:01:11.745Z] Error reading register 6507 for IP 10.30.4.128: no connection to modbus server
[2024-11-26T07:01:11.866Z] Error writing to Modbus register: no connection to modbus server
[2024-11-26T07:01:11.957Z] Error writing to Modbus register: no connection to modbus server
[2024-11-26T07:01:12.049Z] Error reading register 6507 for IP 10.30.4.128: no connection to modbus server
[2024-11-26T07:01:12.049Z] Error reading or processing Modbus registers: no connection to modbus server
[2024-11-26T07:01:12.049Z] Error reading register 6507 for IP 10.30.4.128: no connection to modbus server
[2024-11-26T07:01:12.049Z] Error reading or processing Modbus registers: no connection to modbus server
[2024-11-26T07:01:12.580Z] Error reading or processing Modbus registers: no connection to modbus server
[2024-11-26T07:01:12.580Z] Error reading register 6507 for IP 10.30.4.128: no connection to modbus server
[2024-11-26T07:01:12.749Z] Error reading or processing Modbus registers: no connection to modbus server
[2024-11-26T07:01:12.749Z] Error reading register 6507 for IP 10.30.4.128: no connection to modbus server
[2024-11-26T07:01:12.886Z] Error writing to Modbus register: no connection to modbus server
[2024-11-26T07:01:13.053Z] Error reading register 6507 for IP 10.30.4.128: no connection to modbus server
[2024-11-26T07:01:13.053Z] Error reading or processing Modbus registers: no connection to modbus server
[2024-11-26T07:01:13.053Z] Error reading register 6507 for IP 10.30.4.128: no connection to modbus server
[2024-11-26T07:01:13.053Z] Error reading or processing Modbus registers: no connection to modbus server
[2024-11-26T07:01:13.583Z] Error reading or processing Modbus registers: no connection to modbus server
[2024-11-26T07:01:13.583Z] Error reading register 6507 for IP 10.30.4.128: no connection to modbus server
[2024-11-26T07:01:13.735Z] Error writing to Modbus register: no connection to modbus server
[2024-11-26T07:01:13.750Z] Error reading or processing Modbus registers: no connection to modbus server
[2024-11-26T07:01:13.750Z] Error reading register 6507 for IP 10.30.4.128: no connection to modbus server
[2024-11-26T07:01:13.872Z] Error writing to Modbus register: no connection to modbus server
[2024-11-26T07:01:13.962Z] Error writing to Modbus register: no connection to modbus server
[2024-11-26T07:01:14.055Z] Error reading or processing Modbus registers: no connection to modbus server
[2024-11-26T07:01:14.055Z] Error reading register 6507 for IP 10.30.4.128: no connection to modbus server
[2024-11-26T07:01:14.055Z] Error reading or processing Modbus registers: no connection to modbus server
[2024-11-26T07:01:14.055Z] Error reading register 6507 for IP 10.30.4.128: no connection to modbus server
[2024-11-26T07:01:14.587Z] Error reading or processing Modbus registers: no connection to modbus server
[2024-11-26T07:01:14.587Z] Error reading register 6507 for IP 10.30.4.128: no connection to modbus server
[2024-11-26T07:01:14.754Z] Error reading or processing Modbus registers: no connection to modbus server
[2024-11-26T07:01:14.754Z] Error reading register 6507 for IP 10.30.4.128: no connection to modbus server
[2024-11-26T07:01:14.890Z] Error writing to Modbus register: no connection to modbus server
[2024-11-26T07:01:15.057Z] Error reading register 6507 for IP 10.30.4.128: no connection to modbus server
[2024-11-26T07:01:15.056Z] Error reading or processing Modbus registers: no connection to modbus server
[2024-11-26T07:01:15.057Z] Error reading or processing Modbus registers: no connection to modbus server
[2024-11-26T07:01:15.057Z] Error reading register 6507 for IP 10.30.4.128: no connection to modbus server
[2024-11-26T07:01:15.589Z] Error reading or processing Modbus registers: no connection to modbus server
[2024-11-26T07:01:15.589Z] Error reading register 6507 for IP 10.30.4.128: no connection to modbus server
[2024-11-26T07:01:15.741Z] Error writing to Modbus register: no connection to modbus server
[2024-11-26T07:01:15.756Z] Error reading or processing Modbus registers: no connection to modbus server
[2024-11-26T07:01:15.756Z] Error reading register 6507 for IP 10.30.4.128: no connection to modbus server
[2024-11-26T07:01:15.877Z] Error writing to Modbus register: no connection to modbus server
[2024-11-26T07:01:15.969Z] Error writing to Modbus register: no connection to modbus server
[2024-11-26T07:01:16.060Z] Error reading or processing Modbus registers: no connection to modbus server
[2024-11-26T07:01:16.060Z] Error reading or processing Modbus registers: no connection to modbus server
[2024-11-26T07:01:16.060Z] Error reading register 6507 for IP 10.30.4.128: no connection to modbus server
[2024-11-26T07:01:16.060Z] Error reading register 6507 for IP 10.30.4.128: no connection to modbus server
[2024-11-26T07:01:16.589Z] Error reading or processing Modbus registers: no connection to modbus server
[2024-11-26T07:01:16.589Z] Error reading register 6507 for IP 10.30.4.128: no connection to modbus server
[2024-11-26T07:01:16.759Z] Error reading or processing Modbus registers: no connection to modbus server
[2024-11-26T07:01:16.759Z] Error reading register 6507 for IP 10.30.4.128: no connection to modbus server
[2024-11-26T07:01:16.894Z] Error writing to Modbus register: no connection to modbus server
[2024-11-26T07:01:17.062Z] Error reading or processing Modbus registers: no connection to modbus server
[2024-11-26T07:01:17.062Z] Error reading register 6507 for IP 10.30.4.128: no connection to modbus server
[2024-11-26T07:01:17.062Z] Error reading register 6507 for IP 10.30.4.128: no connection to modbus server
[2024-11-26T07:01:17.062Z] Error reading or processing Modbus registers: no connection to modbus server
[2024-11-26T07:01:17.590Z] Error reading or processing Modbus registers: no connection to modbus server
[2024-11-26T07:01:17.590Z] Error reading register 6507 for IP 10.30.4.128: no connection to modbus server
[2024-11-26T07:01:17.742Z] Error writing to Modbus register: no connection to modbus server
[2024-11-26T07:01:17.773Z] Error reading or processing Modbus registers: no connection to modbus server
[2024-11-26T07:01:17.773Z] Error reading register 6507 for IP 10.30.4.128: no connection to modbus server
[2024-11-26T07:01:17.878Z] Error writing to Modbus register: no connection to modbus server
[2024-11-26T07:01:17.969Z] Error writing to Modbus register: no connection to modbus server
[2024-11-26T07:01:18.076Z] Error reading or processing Modbus registers: no connection to modbus server
[2024-11-26T07:01:18.076Z] Error reading register 6507 for IP 10.30.4.128: no connection to modbus server
[2024-11-26T07:01:18.076Z] Error reading register 6507 for IP 10.30.4.128: no connection to modbus server
[2024-11-26T07:01:18.076Z] Error reading or processing Modbus registers: no connection to modbus server
[2024-11-26T07:01:18.604Z] Error reading or processing Modbus registers: no connection to modbus server
[2024-11-26T07:01:18.604Z] Error reading register 6507 for IP 10.30.4.128: no connection to modbus server
[2024-11-26T07:01:18.786Z] Error reading or processing Modbus registers: no connection to modbus server
[2024-11-26T07:01:18.786Z] Error reading register 6507 for IP 10.30.4.128: no connection to modbus server
[2024-11-26T07:01:18.907Z] Error writing to Modbus register: no connection to modbus server
[2024-11-26T07:01:19.091Z] Error reading register 6507 for IP 10.30.4.128: no connection to modbus server
[2024-11-26T07:01:19.091Z] Error reading or processing Modbus registers: no connection to modbus server
[2024-11-26T07:01:19.091Z] Error reading register 6507 for IP 10.30.4.128: no connection to modbus server
[2024-11-26T07:01:19.091Z] Error reading or processing Modbus registers: no connection to modbus server
[2024-11-26T07:01:19.604Z] Error reading register 6507 for IP 10.30.4.128: no connection to modbus server
[2024-11-26T07:01:19.604Z] Error reading or processing Modbus registers: no connection to modbus server
[2024-11-26T07:01:19.755Z] Error writing to Modbus register: no connection to modbus server
[2024-11-26T07:01:19.801Z] Error reading or processing Modbus registers: no connection to modbus server
[2024-11-26T07:01:19.801Z] Error reading register 6507 for IP 10.30.4.128: no connection to modbus server
[2024-11-26T07:01:19.892Z] Error writing to Modbus register: no connection to modbus server
[2024-11-26T07:01:19.983Z] Error writing to Modbus register: no connection to modbus server
[2024-11-26T07:01:20.104Z] Error reading register 6507 for IP 10.30.4.128: no connection to modbus server
[2024-11-26T07:01:20.104Z] Error reading or processing Modbus registers: no connection to modbus server
[2024-11-26T07:01:20.104Z] Error reading register 6507 for IP 10.30.4.128: no connection to modbus server
[2024-11-26T07:01:20.104Z] Error reading or processing Modbus registers: no connection to modbus server
[2024-11-26T07:01:20.618Z] Error reading or processing Modbus registers: no connection to modbus server
[2024-11-26T07:01:20.618Z] Error reading register 6507 for IP 10.30.4.128: no connection to modbus server
[2024-11-26T07:01:20.802Z] Error reading or processing Modbus registers: no connection to modbus server
[2024-11-26T07:01:20.802Z] Error reading register 6507 for IP 10.30.4.128: no connection to modbus server
[2024-11-26T07:01:20.908Z] Error writing to Modbus register: no connection to modbus server
[2024-11-26T07:01:21.109Z] Error reading or processing Modbus registers: no connection to modbus server
[2024-11-26T07:01:21.109Z] Error reading register 6507 for IP 10.30.4.128: no connection to modbus server
[2024-11-26T07:01:21.109Z] Error reading or processing Modbus registers: no connection to modbus server
[2024-11-26T07:01:21.109Z] Error reading register 6507 for IP 10.30.4.128: no connection to modbus server
[2024-11-26T07:01:21.631Z] Error reading or processing Modbus registers: no connection to modbus server
[2024-11-26T07:01:21.631Z] Error reading register 6507 for IP 10.30.4.128: no connection to modbus server
[2024-11-26T07:01:21.768Z] Error writing to Modbus register: no connection to modbus server
[2024-11-26T07:01:21.813Z] Error reading or processing Modbus registers: no connection to modbus server
[2024-11-26T07:01:21.813Z] Error reading register 6507 for IP 10.30.4.128: no connection to modbus server
[2024-11-26T07:01:21.905Z] Error writing to Modbus register: no connection to modbus server
[2024-11-26T07:01:21.996Z] Error writing to Modbus register: no connection to modbus server
[2024-11-26T07:01:22.118Z] Error reading register 6507 for IP 10.30.4.128: no connection to modbus server
[2024-11-26T07:01:22.118Z] Error reading or processing Modbus registers: no connection to modbus server
[2024-11-26T07:01:22.117Z] Error reading or processing Modbus registers: no connection to modbus server
[2024-11-26T07:01:22.118Z] Error reading register 6507 for IP 10.30.4.128: no connection to modbus server
[2024-11-26T07:01:22.634Z] Error reading or processing Modbus registers: no connection to modbus server
[2024-11-26T07:01:22.634Z] Error reading register 6507 for IP 10.30.4.128: no connection to modbus server
[2024-11-26T07:01:22.815Z] Error reading or processing Modbus registers: no connection to modbus server
[2024-11-26T07:01:22.815Z] Error reading register 6507 for IP 10.30.4.128: no connection to modbus server
[2024-11-26T07:01:22.923Z] Error writing to Modbus register: no connection to modbus server
[2024-11-26T07:01:23.120Z] Error reading or processing Modbus registers: no connection to modbus server
[2024-11-26T07:01:23.120Z] Error reading register 6507 for IP 10.30.4.128: no connection to modbus server
[2024-11-26T07:01:23.121Z] Error reading or processing Modbus registers: no connection to modbus server
[2024-11-26T07:01:23.121Z] Error reading register 6507 for IP 10.30.4.128: no connection to modbus server
[2024-11-26T07:01:23.640Z] Error reading or processing Modbus registers: no connection to modbus server
[2024-11-26T07:01:23.640Z] Error reading register 6507 for IP 10.30.4.128: no connection to modbus server
[2024-11-26T07:01:23.779Z] Error writing to Modbus register: no connection to modbus server
[2024-11-26T07:01:23.824Z] Error reading or processing Modbus registers: no connection to modbus server
[2024-11-26T07:01:23.824Z] Error reading register 6507 for IP 10.30.4.128: no connection to modbus server
[2024-11-26T07:01:23.916Z] Error writing to Modbus register: no connection to modbus server
[2024-11-26T07:01:24.007Z] Error writing to Modbus register: no connection to modbus server
[2024-11-26T07:01:24.131Z] Error reading or processing Modbus registers: no connection to modbus server
[2024-11-26T07:01:24.131Z] Error reading register 6507 for IP 10.30.4.128: no connection to modbus server
[2024-11-26T07:01:24.131Z] Error reading register 6507 for IP 10.30.4.128: no connection to modbus server
[2024-11-26T07:01:24.131Z] Error reading or processing Modbus registers: no connection to modbus server
[2024-11-26T07:01:24.655Z] Error reading or processing Modbus registers: no connection to modbus server
[2024-11-26T07:01:24.655Z] Error reading register 6507 for IP 10.30.4.128: no connection to modbus server
[2024-11-26T07:01:24.839Z] Error reading or processing Modbus registers: no connection to modbus server
[2024-11-26T07:01:24.839Z] Error reading register 6507 for IP 10.30.4.128: no connection to modbus server
[2024-11-26T07:01:24.929Z] Error writing to Modbus register: no connection to modbus server
[2024-11-26T07:01:25.144Z] Error reading or processing Modbus registers: no connection to modbus server
[2024-11-26T07:01:25.144Z] Error reading register 6507 for IP 10.30.4.128: no connection to modbus server
[2024-11-26T07:01:25.144Z] Error reading or processing Modbus registers: no connection to modbus server
[2024-11-26T07:01:25.144Z] Error reading register 6507 for IP 10.30.4.128: no connection to modbus server
[2024-11-26T07:01:25.664Z] Error reading or processing Modbus registers: no connection to modbus server
[2024-11-26T07:01:25.664Z] Error reading register 6507 for IP 10.30.4.128: no connection to modbus server
[2024-11-26T07:01:25.786Z] Error writing to Modbus register: no connection to modbus server
[2024-11-26T07:01:25.848Z] Error reading or processing Modbus registers: no connection to modbus server
[2024-11-26T07:01:25.848Z] Error reading register 6507 for IP 10.30.4.128: no connection to modbus server
[2024-11-26T07:01:25.924Z] Error writing to Modbus register: no connection to modbus server
[2024-11-26T07:01:26.017Z] Error writing to Modbus register: no connection to modbus server
[2024-11-26T07:01:26.155Z] Error reading or processing Modbus registers: no connection to modbus server
[2024-11-26T07:01:26.155Z] Error reading register 6507 for IP 10.30.4.128: no connection to modbus server
[2024-11-26T07:01:26.156Z] Error reading register 6507 for IP 10.30.4.128: no connection to modbus server
[2024-11-26T07:01:26.155Z] Error reading or processing Modbus registers: no connection to modbus server
[2024-11-26T07:01:26.672Z] Error reading or processing Modbus registers: no connection to modbus server
[2024-11-26T07:01:26.673Z] Error reading register 6507 for IP 10.30.4.128: no connection to modbus server
[2024-11-26T07:01:26.853Z] Error reading or processing Modbus registers: no connection to modbus server
[2024-11-26T07:01:26.853Z] Error reading register 6507 for IP 10.30.4.128: no connection to modbus server
[2024-11-26T07:01:26.943Z] Error writing to Modbus register: no connection to modbus server
[2024-11-26T07:01:27.157Z] Error reading or processing Modbus registers: no connection to modbus server
[2024-11-26T07:01:27.157Z] Error reading register 6507 for IP 10.30.4.128: no connection to modbus server
[2024-11-26T07:01:27.157Z] Error reading or processing Modbus registers: no connection to modbus server
[2024-11-26T07:01:27.157Z] Error reading register 6507 for IP 10.30.4.128: no connection to modbus server
[2024-11-26T07:01:27.674Z] Error reading or processing Modbus registers: no connection to modbus server
[2024-11-26T07:01:27.674Z] Error reading register 6507 for IP 10.30.4.128: no connection to modbus server
[2024-11-26T07:01:27.798Z] Error writing to Modbus register: no connection to modbus server
[2024-11-26T07:01:27.858Z] Error reading or processing Modbus registers: no connection to modbus server
[2024-11-26T07:01:27.858Z] Error reading register 6507 for IP 10.30.4.128: no connection to modbus server
[2024-11-26T07:01:27.935Z] Error writing to Modbus register: no connection to modbus server
[2024-11-26T07:01:28.025Z] Error writing to Modbus register: no connection to modbus server
[2024-11-26T07:01:28.161Z] Error reading or processing Modbus registers: no connection to modbus server
[2024-11-26T07:01:28.161Z] Error reading register 6507 for IP 10.30.4.128: no connection to modbus server
[2024-11-26T07:01:28.161Z] Error reading or processing Modbus registers: no connection to modbus server
[2024-11-26T07:01:28.161Z] Error reading register 6507 for IP 10.30.4.128: no connection to modbus server
[2024-11-26T07:01:28.681Z] Error reading or processing Modbus registers: no connection to modbus server
[2024-11-26T07:01:28.681Z] Error reading register 6507 for IP 10.30.4.128: no connection to modbus server
[2024-11-26T07:01:28.867Z] Error reading or processing Modbus registers: no connection to modbus server
[2024-11-26T07:01:28.867Z] Error reading register 6507 for IP 10.30.4.128: no connection to modbus server
[2024-11-26T07:01:28.957Z] Error writing to Modbus register: no connection to modbus server
[2024-11-26T07:01:29.169Z] Error reading or processing Modbus registers: no connection to modbus server
[2024-11-26T07:01:29.169Z] Error reading or processing Modbus registers: no connection to modbus server
[2024-11-26T07:01:29.169Z] Error reading register 6507 for IP 10.30.4.128: no connection to modbus server
[2024-11-26T07:01:29.169Z] Error reading register 6507 for IP 10.30.4.128: no connection to modbus server
[2024-11-26T07:01:29.685Z] Error reading or processing Modbus registers: no connection to modbus server
[2024-11-26T07:01:29.685Z] Error reading register 6507 for IP 10.30.4.128: no connection to modbus server
[2024-11-26T07:01:29.806Z] Error writing to Modbus register: no connection to modbus server
[2024-11-26T07:01:29.869Z] Error reading or processing Modbus registers: no connection to modbus server
[2024-11-26T07:01:29.869Z] Error reading register 6507 for IP 10.30.4.128: no connection to modbus server
[2024-11-26T07:01:29.944Z] Error writing to Modbus register: no connection to modbus server
[2024-11-26T07:01:30.036Z] Error writing to Modbus register: no connection to modbus server
[2024-11-26T07:01:30.175Z] Error reading or processing Modbus registers: no connection to modbus server
[2024-11-26T07:01:30.175Z] Error reading register 6507 for IP 10.30.4.128: no connection to modbus server
[2024-11-26T07:01:30.175Z] Error reading register 6507 for IP 10.30.4.128: no connection to modbus server
[2024-11-26T07:01:30.175Z] Error reading or processing Modbus registers: no connection to modbus server
[2024-11-26T07:01:30.695Z] Error reading or processing Modbus registers: no connection to modbus server
[2024-11-26T07:01:30.695Z] Error reading register 6507 for IP 10.30.4.128: no connection to modbus server
[2024-11-26T07:01:30.880Z] Error reading or processing Modbus registers: no connection to modbus server
[2024-11-26T07:01:30.880Z] Error reading register 6507 for IP 10.30.4.128: no connection to modbus server
[2024-11-26T07:01:30.958Z] Error writing to Modbus register: no connection to modbus server
[2024-11-26T07:01:31.189Z] Error reading or processing Modbus registers: no connection to modbus server
[2024-11-26T07:01:31.189Z] Error reading register 6507 for IP 10.30.4.128: no connection to modbus server
[2024-11-26T07:01:31.189Z] Error reading or processing Modbus registers: no connection to modbus server
[2024-11-26T07:01:31.189Z] Error reading register 6507 for IP 10.30.4.128: no connection to modbus server
[2024-11-26T07:01:31.695Z] Error reading register 6507 for IP 10.30.4.128: no connection to modbus server
[2024-11-26T07:01:31.695Z] Error reading or processing Modbus registers: no connection to modbus server
[2024-11-26T07:01:31.818Z] Error writing to Modbus register: no connection to modbus server
[2024-11-26T07:01:31.895Z] Error reading or processing Modbus registers: no connection to modbus server
[2024-11-26T07:01:31.895Z] Error reading register 6507 for IP 10.30.4.128: no connection to modbus server
[2024-11-26T07:01:31.957Z] Error writing to Modbus register: no connection to modbus server
[2024-11-26T07:01:32.049Z] Error writing to Modbus register: no connection to modbus server
[2024-11-26T07:01:32.202Z] Error reading register 6507 for IP 10.30.4.128: no connection to modbus server
[2024-11-26T07:01:32.202Z] Error reading or processing Modbus registers: no connection to modbus server
[2024-11-26T07:01:32.202Z] Error reading register 6507 for IP 10.30.4.128: no connection to modbus server
[2024-11-26T07:01:32.202Z] Error reading or processing Modbus registers: no connection to modbus server
[2024-11-26T07:01:32.707Z] Error reading or processing Modbus registers: no connection to modbus server
[2024-11-26T07:01:32.707Z] Error reading register 6507 for IP 10.30.4.128: no connection to modbus server
[2024-11-26T07:01:32.903Z] Error reading or processing Modbus registers: no connection to modbus server
[2024-11-26T07:01:32.903Z] Error reading register 6507 for IP 10.30.4.128: no connection to modbus server
[2024-11-26T07:01:32.963Z] Error writing to Modbus register: no connection to modbus server
[2024-11-26T07:01:33.208Z] Error reading or processing Modbus registers: no connection to modbus server
[2024-11-26T07:01:33.208Z] Error reading register 6507 for IP 10.30.4.128: no connection to modbus server
[2024-11-26T07:01:33.208Z] Error reading or processing Modbus registers: no connection to modbus server
[2024-11-26T07:01:33.208Z] Error reading register 6507 for IP 10.30.4.128: no connection to modbus server
[2024-11-26T07:01:33.722Z] Error reading or processing Modbus registers: no connection to modbus server
[2024-11-26T07:01:33.722Z] Error reading register 6507 for IP 10.30.4.128: no connection to modbus server
[2024-11-26T07:01:33.829Z] Error writing to Modbus register: no connection to modbus server
[2024-11-26T07:01:33.904Z] Error reading or processing Modbus registers: no connection to modbus server
[2024-11-26T07:01:33.904Z] Error reading register 6507 for IP 10.30.4.128: no connection to modbus server
[2024-11-26T07:01:33.964Z] Error writing to Modbus register: no connection to modbus server
[2024-11-26T07:01:34.054Z] Error writing to Modbus register: no connection to modbus server
[2024-11-26T07:01:34.222Z] Error reading or processing Modbus registers: no connection to modbus server
[2024-11-26T07:01:34.222Z] Error reading register 6507 for IP 10.30.4.128: no connection to modbus server
[2024-11-26T07:01:34.223Z] Error reading register 6507 for IP 10.30.4.128: no connection to modbus server
[2024-11-26T07:01:34.223Z] Error reading or processing Modbus registers: no connection to modbus server
[2024-11-26T07:01:34.724Z] Error reading or processing Modbus registers: no connection to modbus server
[2024-11-26T07:01:34.724Z] Error reading register 6507 for IP 10.30.4.128: no connection to modbus server
[2024-11-26T07:01:34.907Z] Error reading or processing Modbus registers: no connection to modbus server
[2024-11-26T07:01:34.908Z] Error reading register 6507 for IP 10.30.4.128: no connection to modbus server
[2024-11-26T07:01:34.969Z] Error writing to Modbus register: no connection to modbus server
[2024-11-26T07:01:35.231Z] Error reading or processing Modbus registers: no connection to modbus server
[2024-11-26T07:01:35.231Z] Error reading register 6507 for IP 10.30.4.128: no connection to modbus server
[2024-11-26T07:01:35.231Z] Error reading or processing Modbus registers: no connection to modbus server
[2024-11-26T07:01:35.231Z] Error reading register 6507 for IP 10.30.4.128: no connection to modbus server
[2024-11-26T07:01:35.739Z] Error reading or processing Modbus registers: no connection to modbus server
[2024-11-26T07:01:35.739Z] Error reading register 6507 for IP 10.30.4.128: no connection to modbus server
[2024-11-26T07:01:35.844Z] Error writing to Modbus register: no connection to modbus server
[2024-11-26T07:01:35.922Z] Error reading or processing Modbus registers: no connection to modbus server
[2024-11-26T07:01:35.922Z] Error reading register 6507 for IP 10.30.4.128: no connection to modbus server
[2024-11-26T07:01:35.969Z] Error writing to Modbus register: no connection to modbus server
[2024-11-26T07:01:36.059Z] Error writing to Modbus register: no connection to modbus server
[2024-11-26T07:01:36.240Z] Error reading or processing Modbus registers: no connection to modbus server
[2024-11-26T07:01:36.240Z] Error reading register 6507 for IP 10.30.4.128: no connection to modbus server
[2024-11-26T07:01:36.240Z] Error reading or processing Modbus registers: no connection to modbus server
[2024-11-26T07:01:36.240Z] Error reading register 6507 for IP 10.30.4.128: no connection to modbus server
[2024-11-26T07:01:36.740Z] Error reading or processing Modbus registers: no connection to modbus server
[2024-11-26T07:01:36.740Z] Error reading register 6507 for IP 10.30.4.128: no connection to modbus server
[2024-11-26T07:01:36.935Z] Error reading or processing Modbus registers: no connection to modbus server
[2024-11-26T07:01:36.935Z] Error reading register 6507 for IP 10.30.4.128: no connection to modbus server
[2024-11-26T07:01:36.981Z] Error writing to Modbus register: no connection to modbus server
[2024-11-26T07:01:37.253Z] Error reading or processing Modbus registers: no connection to modbus server
[2024-11-26T07:01:37.253Z] Error reading register 6507 for IP 10.30.4.128: no connection to modbus server
[2024-11-26T07:01:37.254Z] Error reading or processing Modbus registers: no connection to modbus server
[2024-11-26T07:01:37.254Z] Error reading register 6507 for IP 10.30.4.128: no connection to modbus server
[2024-11-26T07:01:37.754Z] Error reading or processing Modbus registers: no connection to modbus server
[2024-11-26T07:01:37.754Z] Error reading register 6507 for IP 10.30.4.128: no connection to modbus server
[2024-11-26T07:01:37.859Z] Error writing to Modbus register: no connection to modbus server
[2024-11-26T07:01:37.949Z] Error reading or processing Modbus registers: no connection to modbus server
[2024-11-26T07:01:37.949Z] Error reading register 6507 for IP 10.30.4.128: no connection to modbus server
[2024-11-26T07:01:37.979Z] Error writing to Modbus register: no connection to modbus server
[2024-11-26T07:01:38.070Z] Error writing to Modbus register: no connection to modbus server
[2024-11-26T07:01:38.266Z] Error reading or processing Modbus registers: no connection to modbus server
[2024-11-26T07:01:38.266Z] Error reading register 6507 for IP 10.30.4.128: no connection to modbus server
[2024-11-26T07:01:38.266Z] Error reading register 6507 for IP 10.30.4.128: no connection to modbus server
[2024-11-26T07:01:38.266Z] Error reading or processing Modbus registers: no connection to modbus server
[2024-11-26T07:01:38.765Z] Error reading or processing Modbus registers: no connection to modbus server
[2024-11-26T07:01:38.765Z] Error reading register 6507 for IP 10.30.4.128: no connection to modbus server
[2024-11-26T07:01:38.963Z] Error reading register 6507 for IP 10.30.4.128: no connection to modbus server
[2024-11-26T07:01:38.963Z] Error reading or processing Modbus registers: no connection to modbus server
[2024-11-26T07:01:38.994Z] Error writing to Modbus register: no connection to modbus server
[2024-11-26T07:01:39.266Z] Error reading or processing Modbus registers: no connection to modbus server
[2024-11-26T07:01:39.266Z] Error reading register 6507 for IP 10.30.4.128: no connection to modbus server
[2024-11-26T07:01:39.267Z] Error reading or processing Modbus registers: no connection to modbus server
[2024-11-26T07:01:39.267Z] Error reading register 6507 for IP 10.30.4.128: no connection to modbus server
[2024-11-26T07:01:39.767Z] Error reading or processing Modbus registers: no connection to modbus server
[2024-11-26T07:01:39.767Z] Error reading register 6507 for IP 10.30.4.128: no connection to modbus server
[2024-11-26T07:01:39.872Z] Error writing to Modbus register: no connection to modbus server
[2024-11-26T07:01:39.963Z] Error reading register 6507 for IP 10.30.4.128: no connection to modbus server
[2024-11-26T07:01:39.963Z] Error reading or processing Modbus registers: no connection to modbus server
[2024-11-26T07:01:39.993Z] Error writing to Modbus register: no connection to modbus server
[2024-11-26T07:01:40.084Z] Error writing to Modbus register: no connection to modbus server
[2024-11-26T07:01:40.281Z] Error reading or processing Modbus registers: no connection to modbus server
[2024-11-26T07:01:40.281Z] Error reading register 6507 for IP 10.30.4.128: no connection to modbus server
[2024-11-26T07:01:40.281Z] Error reading or processing Modbus registers: no connection to modbus server
[2024-11-26T07:01:40.282Z] Error reading register 6507 for IP 10.30.4.128: no connection to modbus server
[2024-11-26T07:01:40.779Z] Error reading or processing Modbus registers: no connection to modbus server
[2024-11-26T07:01:40.779Z] Error reading register 6507 for IP 10.30.4.128: no connection to modbus server
[2024-11-26T07:01:40.978Z] Error reading or processing Modbus registers: no connection to modbus server
[2024-11-26T07:01:40.978Z] Error reading register 6507 for IP 10.30.4.128: no connection to modbus server
[2024-11-26T07:01:41.008Z] Error writing to Modbus register: no connection to modbus server
[2024-11-26T07:01:41.282Z] Error reading or processing Modbus registers: no connection to modbus server
[2024-11-26T07:01:41.282Z] Error reading register 6507 for IP 10.30.4.128: no connection to modbus server
[2024-11-26T07:01:41.282Z] Error reading or processing Modbus registers: no connection to modbus server
[2024-11-26T07:01:41.282Z] Error reading register 6507 for IP 10.30.4.128: no connection to modbus server
[2024-11-26T07:01:41.781Z] Error reading or processing Modbus registers: no connection to modbus server
[2024-11-26T07:01:41.781Z] Error reading register 6507 for IP 10.30.4.128: no connection to modbus server
[2024-11-26T07:01:41.887Z] Error writing to Modbus register: no connection to modbus server
[2024-11-26T07:01:41.978Z] Error reading or processing Modbus registers: no connection to modbus server
[2024-11-26T07:01:41.978Z] Error reading register 6507 for IP 10.30.4.128: no connection to modbus server
[2024-11-26T07:01:41.994Z] Error writing to Modbus register: no connection to modbus server
[2024-11-26T07:01:42.085Z] Error writing to Modbus register: no connection to modbus server
[2024-11-26T07:01:42.282Z] Error reading register 6507 for IP 10.30.4.128: no connection to modbus server
[2024-11-26T07:01:42.282Z] Error reading or processing Modbus registers: no connection to modbus server
[2024-11-26T07:01:42.282Z] Error reading register 6507 for IP 10.30.4.128: no connection to modbus server
[2024-11-26T07:01:42.282Z] Error reading or processing Modbus registers: no connection to modbus server
[2024-11-26T07:01:42.782Z] Error reading or processing Modbus registers: no connection to modbus server
[2024-11-26T07:01:42.782Z] Error reading register 6507 for IP 10.30.4.128: no connection to modbus server
[2024-11-26T07:01:42.980Z] Error reading or processing Modbus registers: no connection to modbus server
[2024-11-26T07:01:42.980Z] Error reading register 6507 for IP 10.30.4.128: no connection to modbus server
[2024-11-26T07:01:43.009Z] Error writing to Modbus register: no connection to modbus server
[2024-11-26T07:01:43.283Z] Error reading or processing Modbus registers: no connection to modbus server
[2024-11-26T07:01:43.283Z] Error reading register 6507 for IP 10.30.4.128: no connection to modbus server
[2024-11-26T07:01:43.283Z] Error reading register 6507 for IP 10.30.4.128: no connection to modbus server
[2024-11-26T07:01:43.283Z] Error reading or processing Modbus registers: no connection to modbus server
[2024-11-26T07:01:43.796Z] Error reading or processing Modbus registers: no connection to modbus server
[2024-11-26T07:01:43.796Z] Error reading register 6507 for IP 10.30.4.128: no connection to modbus server
[2024-11-26T07:01:43.902Z] Error writing to Modbus register: no connection to modbus server
[2024-11-26T07:01:43.993Z] Error reading or processing Modbus registers: no connection to modbus server
[2024-11-26T07:01:43.993Z] Error reading register 6507 for IP 10.30.4.128: no connection to modbus server
[2024-11-26T07:01:44.008Z] Error writing to Modbus register: no connection to modbus server
[2024-11-26T07:01:44.099Z] Error writing to Modbus register: no connection to modbus server
[2024-11-26T07:01:44.296Z] Error reading register 6507 for IP 10.30.4.128: no connection to modbus server
[2024-11-26T07:01:44.296Z] Error reading or processing Modbus registers: no connection to modbus server
[2024-11-26T07:01:44.296Z] Error reading register 6507 for IP 10.30.4.128: no connection to modbus server
[2024-11-26T07:01:44.296Z] Error reading or processing Modbus registers: no connection to modbus server
[2024-11-26T07:01:44.810Z] Error reading or processing Modbus registers: no connection to modbus server
[2024-11-26T07:01:44.810Z] Error reading register 6507 for IP 10.30.4.128: no connection to modbus server
[2024-11-26T07:01:45.007Z] Error reading or processing Modbus registers: no connection to modbus server
[2024-11-26T07:01:45.007Z] Error reading register 6507 for IP 10.30.4.128: no connection to modbus server
[2024-11-26T07:01:45.022Z] Error writing to Modbus register: no connection to modbus server
[2024-11-26T07:01:45.296Z] Error reading or processing Modbus registers: no connection to modbus server
[2024-11-26T07:01:45.296Z] Error reading register 6507 for IP 10.30.4.128: no connection to modbus server
[2024-11-26T07:01:45.296Z] Error reading or processing Modbus registers: no connection to modbus server
[2024-11-26T07:01:45.296Z] Error reading register 6507 for IP 10.30.4.128: no connection to modbus server
[2024-11-26T07:01:45.811Z] Error reading or processing Modbus registers: no connection to modbus server
[2024-11-26T07:01:45.811Z] Error reading register 6507 for IP 10.30.4.128: no connection to modbus server
[2024-11-26T07:01:45.915Z] Error writing to Modbus register: no connection to modbus server
[2024-11-26T07:01:46.022Z] Error reading or processing Modbus registers: no connection to modbus server
[2024-11-26T07:01:46.022Z] Error writing to Modbus register: no connection to modbus server
[2024-11-26T07:01:46.022Z] Error reading register 6507 for IP 10.30.4.128: no connection to modbus server
[2024-11-26T07:01:46.113Z] Error writing to Modbus register: no connection to modbus server
[2024-11-26T07:01:46.310Z] Error reading or processing Modbus registers: no connection to modbus server
[2024-11-26T07:01:46.310Z] Error reading register 6507 for IP 10.30.4.128: no connection to modbus server
[2024-11-26T07:01:46.310Z] Error reading register 6507 for IP 10.30.4.128: no connection to modbus server
[2024-11-26T07:01:46.310Z] Error reading or processing Modbus registers: no connection to modbus server
[2024-11-26T07:01:46.824Z] Error reading register 6507 for IP 10.30.4.128: no connection to modbus server
[2024-11-26T07:01:46.824Z] Error reading or processing Modbus registers: no connection to modbus server
[2024-11-26T07:01:47.037Z] Error reading or processing Modbus registers: no connection to modbus server
[2024-11-26T07:01:47.037Z] Error writing to Modbus register: no connection to modbus server
[2024-11-26T07:01:47.037Z] Error reading register 6507 for IP 10.30.4.128: no connection to modbus server
[2024-11-26T07:01:47.324Z] Error reading or processing Modbus registers: no connection to modbus server
[2024-11-26T07:01:47.324Z] Error reading register 6507 for IP 10.30.4.128: no connection to modbus server
[2024-11-26T07:01:47.324Z] Error reading or processing Modbus registers: no connection to modbus server
[2024-11-26T07:01:47.324Z] Error reading register 6507 for IP 10.30.4.128: no connection to modbus server
[2024-11-26T07:01:47.825Z] Error reading or processing Modbus registers: no connection to modbus server
[2024-11-26T07:01:47.825Z] Error reading register 6507 for IP 10.30.4.128: no connection to modbus server
[2024-11-26T07:01:47.930Z] Error writing to Modbus register: no connection to modbus server
[2024-11-26T07:01:48.036Z] Error writing to Modbus register: no connection to modbus server
[2024-11-26T07:01:48.037Z] Error reading or processing Modbus registers: no connection to modbus server
[2024-11-26T07:01:48.037Z] Error reading register 6507 for IP 10.30.4.128: no connection to modbus server
[2024-11-26T07:01:48.127Z] Error writing to Modbus register: no connection to modbus server
[2024-11-26T07:01:48.325Z] Error reading or processing Modbus registers: no connection to modbus server
[2024-11-26T07:01:48.325Z] Error reading register 6507 for IP 10.30.4.128: no connection to modbus server
[2024-11-26T07:01:48.325Z] Error reading register 6507 for IP 10.30.4.128: no connection to modbus server
[2024-11-26T07:01:48.325Z] Error reading or processing Modbus registers: no connection to modbus server
[2024-11-26T07:01:48.839Z] Error reading or processing Modbus registers: no connection to modbus server
[2024-11-26T07:01:48.839Z] Error reading register 6507 for IP 10.30.4.128: no connection to modbus server
[2024-11-26T07:01:49.050Z] Error writing to Modbus register: no connection to modbus server
[2024-11-26T07:01:49.050Z] Error reading or processing Modbus registers: no connection to modbus server
[2024-11-26T07:01:49.050Z] Error reading register 6507 for IP 10.30.4.128: no connection to modbus server
[2024-11-26T07:01:49.337Z] Error reading or processing Modbus registers: no connection to modbus server
[2024-11-26T07:01:49.337Z] Error reading register 6507 for IP 10.30.4.128: no connection to modbus server
[2024-11-26T07:01:49.337Z] Error reading or processing Modbus registers: no connection to modbus server
[2024-11-26T07:01:49.337Z] Error reading register 6507 for IP 10.30.4.128: no connection to modbus server
[2024-11-26T07:01:49.853Z] Error reading or processing Modbus registers: no connection to modbus server
[2024-11-26T07:01:49.853Z] Error reading register 6507 for IP 10.30.4.128: no connection to modbus server
[2024-11-26T07:01:49.944Z] Error writing to Modbus register: no connection to modbus server
[2024-11-26T07:01:50.051Z] Error writing to Modbus register: no connection to modbus server
[2024-11-26T07:01:50.051Z] Error reading or processing Modbus registers: no connection to modbus server
[2024-11-26T07:01:50.051Z] Error reading register 6507 for IP 10.30.4.128: no connection to modbus server
[2024-11-26T07:01:50.141Z] Error writing to Modbus register: no connection to modbus server
[2024-11-26T07:01:50.339Z] Error reading or processing Modbus registers: no connection to modbus server
[2024-11-26T07:01:50.339Z] Error reading register 6507 for IP 10.30.4.128: no connection to modbus server
[2024-11-26T07:01:50.339Z] Error reading or processing Modbus registers: no connection to modbus server
[2024-11-26T07:01:50.339Z] Error reading register 6507 for IP 10.30.4.128: no connection to modbus server
[2024-11-26T07:01:50.854Z] Error reading or processing Modbus registers: no connection to modbus server
[2024-11-26T07:01:50.854Z] Error reading register 6507 for IP 10.30.4.128: no connection to modbus server
[2024-11-26T07:01:51.065Z] Error writing to Modbus register: no connection to modbus server
[2024-11-26T07:01:51.065Z] Error reading or processing Modbus registers: no connection to modbus server
[2024-11-26T07:01:51.065Z] Error reading register 6507 for IP 10.30.4.128: no connection to modbus server
[2024-11-26T07:01:51.354Z] Error reading or processing Modbus registers: no connection to modbus server
[2024-11-26T07:01:51.354Z] Error reading register 6507 for IP 10.30.4.128: no connection to modbus server
[2024-11-26T07:01:51.354Z] Error reading or processing Modbus registers: no connection to modbus server
[2024-11-26T07:01:51.354Z] Error reading register 6507 for IP 10.30.4.128: no connection to modbus server
[2024-11-26T07:01:51.855Z] Error reading or processing Modbus registers: no connection to modbus server
[2024-11-26T07:01:51.855Z] Error reading register 6507 for IP 10.30.4.128: no connection to modbus server
[2024-11-26T07:01:51.944Z] Error writing to Modbus register: no connection to modbus server
[2024-11-26T07:01:52.050Z] Error writing to Modbus register: no connection to modbus server
[2024-11-26T07:01:52.066Z] Error reading or processing Modbus registers: no connection to modbus server
[2024-11-26T07:01:52.066Z] Error reading register 6507 for IP 10.30.4.128: no connection to modbus server
[2024-11-26T07:01:52.142Z] Error writing to Modbus register: no connection to modbus server
[2024-11-26T07:01:52.367Z] Error reading register 6507 for IP 10.30.4.128: no connection to modbus server
[2024-11-26T07:01:52.367Z] Error reading or processing Modbus registers: no connection to modbus server
[2024-11-26T07:01:52.367Z] Error reading or processing Modbus registers: no connection to modbus server
[2024-11-26T07:01:52.367Z] Error reading register 6507 for IP 10.30.4.128: no connection to modbus server
[2024-11-26T07:01:52.866Z] Error reading or processing Modbus registers: no connection to modbus server
[2024-11-26T07:01:52.866Z] Error reading register 6507 for IP 10.30.4.128: no connection to modbus server
[2024-11-26T07:01:53.077Z] Error writing to Modbus register: no connection to modbus server
[2024-11-26T07:01:53.077Z] Error reading or processing Modbus registers: no connection to modbus server
[2024-11-26T07:01:53.077Z] Error reading register 6507 for IP 10.30.4.128: no connection to modbus server
[2024-11-26T07:01:53.380Z] Error reading or processing Modbus registers: no connection to modbus server
[2024-11-26T07:01:53.380Z] Error reading register 6507 for IP 10.30.4.128: no connection to modbus server
[2024-11-26T07:01:53.380Z] Error reading register 6507 for IP 10.30.4.128: no connection to modbus server
[2024-11-26T07:01:53.380Z] Error reading or processing Modbus registers: no connection to modbus server
[2024-11-26T07:01:53.880Z] Error reading or processing Modbus registers: no connection to modbus server
[2024-11-26T07:01:53.880Z] Error reading register 6507 for IP 10.30.4.128: no connection to modbus server
[2024-11-26T07:01:53.955Z] Error writing to Modbus register: no connection to modbus server
[2024-11-26T07:01:54.062Z] Error writing to Modbus register: no connection to modbus server
[2024-11-26T07:01:54.092Z] Error reading or processing Modbus registers: no connection to modbus server
[2024-11-26T07:01:54.092Z] Error reading register 6507 for IP 10.30.4.128: no connection to modbus server
[2024-11-26T07:01:54.152Z] Error writing to Modbus register: no connection to modbus server
[2024-11-26T07:01:54.380Z] Error reading or processing Modbus registers: no connection to modbus server
[2024-11-26T07:01:54.381Z] Error reading register 6507 for IP 10.30.4.128: no connection to modbus server
[2024-11-26T07:01:54.381Z] Error reading or processing Modbus registers: no connection to modbus server
[2024-11-26T07:01:54.381Z] Error reading register 6507 for IP 10.30.4.128: no connection to modbus server
[2024-11-26T07:01:54.895Z] Error reading or processing Modbus registers: no connection to modbus server
[2024-11-26T07:01:54.895Z] Error reading register 6507 for IP 10.30.4.128: no connection to modbus server
[2024-11-26T07:01:55.092Z] Error reading or processing Modbus registers: no connection to modbus server
[2024-11-26T07:01:55.092Z] Error writing to Modbus register: no connection to modbus server
[2024-11-26T07:01:55.092Z] Error reading register 6507 for IP 10.30.4.128: no connection to modbus server
[2024-11-26T07:01:55.395Z] Error reading or processing Modbus registers: no connection to modbus server
[2024-11-26T07:01:55.395Z] Error reading register 6507 for IP 10.30.4.128: no connection to modbus server
[2024-11-26T07:01:55.395Z] Error reading or processing Modbus registers: no connection to modbus server
[2024-11-26T07:01:55.395Z] Error reading register 6507 for IP 10.30.4.128: no connection to modbus server
[2024-11-26T07:01:55.909Z] Error reading or processing Modbus registers: no connection to modbus server
[2024-11-26T07:01:55.909Z] Error reading register 6507 for IP 10.30.4.128: no connection to modbus server
[2024-11-26T07:01:55.955Z] Error writing to Modbus register: no connection to modbus server
[2024-11-26T07:01:56.062Z] Error writing to Modbus register: no connection to modbus server
[2024-11-26T07:01:56.107Z] Error reading or processing Modbus registers: no connection to modbus server
[2024-11-26T07:01:56.107Z] Error reading register 6507 for IP 10.30.4.128: no connection to modbus server
[2024-11-26T07:01:56.152Z] Error writing to Modbus register: no connection to modbus server
[2024-11-26T07:01:56.409Z] Error reading register 6507 for IP 10.30.4.128: no connection to modbus server
[2024-11-26T07:01:56.409Z] Error reading or processing Modbus registers: no connection to modbus server
[2024-11-26T07:01:56.409Z] Error reading register 6507 for IP 10.30.4.128: no connection to modbus server
[2024-11-26T07:01:56.409Z] Error reading or processing Modbus registers: no connection to modbus server
[2024-11-26T07:01:56.925Z] Error reading or processing Modbus registers: no connection to modbus server
[2024-11-26T07:01:56.925Z] Error reading register 6507 for IP 10.30.4.128: no connection to modbus server
[2024-11-26T07:01:57.106Z] Error writing to Modbus register: no connection to modbus server
[2024-11-26T07:01:57.106Z] Error reading register 6507 for IP 10.30.4.128: no connection to modbus server
[2024-11-26T07:01:57.106Z] Error reading or processing Modbus registers: no connection to modbus server
[2024-11-26T07:01:57.409Z] Error reading register 6507 for IP 10.30.4.128: no connection to modbus server
[2024-11-26T07:01:57.409Z] Error reading or processing Modbus registers: no connection to modbus server
[2024-11-26T07:01:57.409Z] Error reading or processing Modbus registers: no connection to modbus server
[2024-11-26T07:01:57.409Z] Error reading register 6507 for IP 10.30.4.128: no connection to modbus server
[2024-11-26T07:01:57.925Z] Error reading or processing Modbus registers: no connection to modbus server
[2024-11-26T07:01:57.925Z] Error reading register 6507 for IP 10.30.4.128: no connection to modbus server
[2024-11-26T07:01:57.970Z] Error writing to Modbus register: no connection to modbus server
[2024-11-26T07:01:58.061Z] Error writing to Modbus register: no connection to modbus server
[2024-11-26T07:01:58.121Z] Error reading or processing Modbus registers: no connection to modbus server
[2024-11-26T07:01:58.121Z] Error reading register 6507 for IP 10.30.4.128: no connection to modbus server
[2024-11-26T07:01:58.166Z] Error writing to Modbus register: no connection to modbus server
[2024-11-26T07:01:58.421Z] Error reading or processing Modbus registers: no connection to modbus server
[2024-11-26T07:01:58.421Z] Error reading register 6507 for IP 10.30.4.128: no connection to modbus server
[2024-11-26T07:01:58.421Z] Error reading register 6507 for IP 10.30.4.128: no connection to modbus server
[2024-11-26T07:01:58.421Z] Error reading or processing Modbus registers: no connection to modbus server
[2024-11-26T07:01:58.935Z] Error reading or processing Modbus registers: no connection to modbus server
[2024-11-26T07:01:58.935Z] Error reading register 6507 for IP 10.30.4.128: no connection to modbus server
[2024-11-26T07:01:59.117Z] Error writing to Modbus register: no connection to modbus server
[2024-11-26T07:01:59.133Z] Error reading or processing Modbus registers: no connection to modbus server
[2024-11-26T07:01:59.133Z] Error reading register 6507 for IP 10.30.4.128: no connection to modbus server
[2024-11-26T07:01:59.421Z] Error reading register 6507 for IP 10.30.4.128: no connection to modbus server
[2024-11-26T07:01:59.422Z] Error reading or processing Modbus registers: no connection to modbus server
[2024-11-26T07:01:59.422Z] Error reading register 6507 for IP 10.30.4.128: no connection to modbus server
[2024-11-26T07:01:59.421Z] Error reading or processing Modbus registers: no connection to modbus server
[2024-11-26T07:01:59.948Z] Error reading or processing Modbus registers: no connection to modbus server
[2024-11-26T07:01:59.948Z] Error reading register 6507 for IP 10.30.4.128: no connection to modbus server
[2024-11-26T07:01:59.979Z] Error writing to Modbus register: no connection to modbus server
[2024-11-26T07:02:00.069Z] Error writing to Modbus register: no connection to modbus server
[2024-11-26T07:02:00.144Z] Error reading register 6507 for IP 10.30.4.128: no connection to modbus server
[2024-11-26T07:02:00.144Z] Error reading or processing Modbus registers: no connection to modbus server
[2024-11-26T07:02:00.173Z] Error writing to Modbus register: no connection to modbus server
[2024-11-26T07:02:00.433Z] Error reading or processing Modbus registers: no connection to modbus server
[2024-11-26T07:02:00.433Z] Error reading register 6507 for IP 10.30.4.128: no connection to modbus server
[2024-11-26T07:02:00.433Z] Error reading register 6507 for IP 10.30.4.128: no connection to modbus server
[2024-11-26T07:02:00.433Z] Error reading or processing Modbus registers: no connection to modbus server
[2024-11-26T07:02:00.963Z] Error reading or processing Modbus registers: no connection to modbus server
[2024-11-26T07:02:00.963Z] Error reading register 6507 for IP 10.30.4.128: no connection to modbus server
[2024-11-26T07:02:01.129Z] Error writing to Modbus register: no connection to modbus server
[2024-11-26T07:02:01.144Z] Error reading register 6507 for IP 10.30.4.128: no connection to modbus server
[2024-11-26T07:02:01.144Z] Error reading or processing Modbus registers: no connection to modbus server
[2024-11-26T07:02:01.446Z] Error reading or processing Modbus registers: no connection to modbus server
[2024-11-26T07:02:01.446Z] Error reading register 6507 for IP 10.30.4.128: no connection to modbus server
[2024-11-26T07:02:01.446Z] Error reading or processing Modbus registers: no connection to modbus server
[2024-11-26T07:02:01.447Z] Error reading register 6507 for IP 10.30.4.128: no connection to modbus server
[2024-11-26T07:02:01.975Z] Error reading or processing Modbus registers: no connection to modbus server
[2024-11-26T07:02:01.975Z] Error reading register 6507 for IP 10.30.4.128: no connection to modbus server
[2024-11-26T07:02:01.991Z] Error writing to Modbus register: no connection to modbus server
[2024-11-26T07:02:02.082Z] Error writing to Modbus register: no connection to modbus server
[2024-11-26T07:02:02.158Z] Error reading or processing Modbus registers: no connection to modbus server
[2024-11-26T07:02:02.158Z] Error reading register 6507 for IP 10.30.4.128: no connection to modbus server
[2024-11-26T07:02:02.188Z] Error writing to Modbus register: no connection to modbus server
[2024-11-26T07:02:02.461Z] Error reading register 6507 for IP 10.30.4.128: no connection to modbus server
[2024-11-26T07:02:02.461Z] Error reading or processing Modbus registers: no connection to modbus server
[2024-11-26T07:02:02.461Z] Error reading register 6507 for IP 10.30.4.128: no connection to modbus server
[2024-11-26T07:02:02.461Z] Error reading or processing Modbus registers: no connection to modbus server
[2024-11-26T07:02:02.980Z] Error reading or processing Modbus registers: no connection to modbus server
[2024-11-26T07:02:02.980Z] Error reading register 6507 for IP 10.30.4.128: no connection to modbus server
[2024-11-26T07:02:03.132Z] Error writing to Modbus register: no connection to modbus server
[2024-11-26T07:02:03.162Z] Error reading or processing Modbus registers: no connection to modbus server
[2024-11-26T07:02:03.162Z] Error reading register 6507 for IP 10.30.4.128: no connection to modbus server
[2024-11-26T07:02:03.466Z] Error reading or processing Modbus registers: no connection to modbus server
[2024-11-26T07:02:03.466Z] Error reading register 6507 for IP 10.30.4.128: no connection to modbus server
[2024-11-26T07:02:03.466Z] Error reading or processing Modbus registers: no connection to modbus server
[2024-11-26T07:02:03.466Z] Error reading register 6507 for IP 10.30.4.128: no connection to modbus server
[2024-11-26T07:02:03.980Z] Error reading or processing Modbus registers: no connection to modbus server
[2024-11-26T07:02:03.980Z] Error reading register 6507 for IP 10.30.4.128: no connection to modbus server
[2024-11-26T07:02:03.995Z] Error writing to Modbus register: no connection to modbus server
[2024-11-26T07:02:04.086Z] Error writing to Modbus register: no connection to modbus server
[2024-11-26T07:02:04.176Z] Error reading or processing Modbus registers: no connection to modbus server
[2024-11-26T07:02:04.176Z] Error reading register 6507 for IP 10.30.4.128: no connection to modbus server
[2024-11-26T07:02:04.191Z] Error writing to Modbus register: no connection to modbus server
[2024-11-26T07:02:04.478Z] Error reading or processing Modbus registers: no connection to modbus server
[2024-11-26T07:02:04.478Z] Error reading register 6507 for IP 10.30.4.128: no connection to modbus server
[2024-11-26T07:02:04.478Z] Error reading or processing Modbus registers: no connection to modbus server
[2024-11-26T07:02:04.479Z] Error reading register 6507 for IP 10.30.4.128: no connection to modbus server
[2024-11-26T07:02:04.980Z] Error reading register 6507 for IP 10.30.4.128: no connection to modbus server
[2024-11-26T07:02:04.980Z] Error reading or processing Modbus registers: no connection to modbus server
[2024-11-26T07:02:05.146Z] Error writing to Modbus register: no connection to modbus server
[2024-11-26T07:02:05.176Z] Error reading or processing Modbus registers: no connection to modbus server
[2024-11-26T07:02:05.176Z] Error reading register 6507 for IP 10.30.4.128: no connection to modbus server
[2024-11-26T07:02:05.494Z] Error reading or processing Modbus registers: no connection to modbus server
[2024-11-26T07:02:05.494Z] Error reading register 6507 for IP 10.30.4.128: no connection to modbus server
[2024-11-26T07:02:05.494Z] Error reading or processing Modbus registers: no connection to modbus server
[2024-11-26T07:02:05.494Z] Error reading register 6507 for IP 10.30.4.128: no connection to modbus server
[2024-11-26T07:02:05.993Z] Error reading or processing Modbus registers: no connection to modbus server
[2024-11-26T07:02:05.993Z] Error reading register 6507 for IP 10.30.4.128: no connection to modbus server
[2024-11-26T07:02:06.008Z] Error writing to Modbus register: no connection to modbus server
[2024-11-26T07:02:06.099Z] Error writing to Modbus register: no connection to modbus server
[2024-11-26T07:02:06.190Z] Error reading or processing Modbus registers: no connection to modbus server
[2024-11-26T07:02:06.190Z] Error reading register 6507 for IP 10.30.4.128: no connection to modbus server
[2024-11-26T07:02:06.205Z] Error writing to Modbus register: no connection to modbus server
[2024-11-26T07:02:06.508Z] Error reading or processing Modbus registers: no connection to modbus server
[2024-11-26T07:02:06.508Z] Error reading register 6507 for IP 10.30.4.128: no connection to modbus server
[2024-11-26T07:02:06.508Z] Error reading register 6507 for IP 10.30.4.128: no connection to modbus server
[2024-11-26T07:02:06.508Z] Error reading or processing Modbus registers: no connection to modbus server
[2024-11-26T07:02:07.007Z] Error reading or processing Modbus registers: no connection to modbus server
[2024-11-26T07:02:07.007Z] Error reading register 6507 for IP 10.30.4.128: no connection to modbus server
[2024-11-26T07:02:07.159Z] Error writing to Modbus register: no connection to modbus server
[2024-11-26T07:02:07.189Z] Error reading or processing Modbus registers: no connection to modbus server
[2024-11-26T07:02:07.190Z] Error reading register 6507 for IP 10.30.4.128: no connection to modbus server
[2024-11-26T07:02:07.509Z] Error reading register 6507 for IP 10.30.4.128: no connection to modbus server
[2024-11-26T07:02:07.509Z] Error reading or processing Modbus registers: no connection to modbus server
[2024-11-26T07:02:07.509Z] Error reading or processing Modbus registers: no connection to modbus server
[2024-11-26T07:02:07.509Z] Error reading register 6507 for IP 10.30.4.128: no connection to modbus server
[2024-11-26T07:02:08.009Z] Error reading or processing Modbus registers: no connection to modbus server
[2024-11-26T07:02:08.009Z] Error reading register 6507 for IP 10.30.4.128: no connection to modbus server
[2024-11-26T07:02:08.009Z] Error writing to Modbus register: no connection to modbus server
[2024-11-26T07:02:08.100Z] Error writing to Modbus register: no connection to modbus server
[2024-11-26T07:02:08.191Z] Error reading or processing Modbus registers: no connection to modbus server
[2024-11-26T07:02:08.191Z] Error reading register 6507 for IP 10.30.4.128: no connection to modbus server
[2024-11-26T07:02:08.206Z] Error writing to Modbus register: no connection to modbus server
[2024-11-26T07:02:08.511Z] Error reading register 6507 for IP 10.30.4.128: no connection to modbus server
[2024-11-26T07:02:08.511Z] Error reading or processing Modbus registers: no connection to modbus server
[2024-11-26T07:02:08.511Z] Error reading register 6507 for IP 10.30.4.128: no connection to modbus server
[2024-11-26T07:02:08.511Z] Error reading or processing Modbus registers: no connection to modbus server
[2024-11-26T07:02:09.013Z] Error reading register 6507 for IP 10.30.4.128: no connection to modbus server
[2024-11-26T07:02:09.013Z] Error reading or processing Modbus registers: no connection to modbus server
[2024-11-26T07:02:09.165Z] Error writing to Modbus register: no connection to modbus server
[2024-11-26T07:02:09.195Z] Error reading or processing Modbus registers: no connection to modbus server
[2024-11-26T07:02:09.195Z] Error reading register 6507 for IP 10.30.4.128: no connection to modbus server
[2024-11-26T07:02:09.520Z] Error reading or processing Modbus registers: no connection to modbus server
[2024-11-26T07:02:09.520Z] Error reading or processing Modbus registers: no connection to modbus server
[2024-11-26T07:02:09.520Z] Error reading register 6507 for IP 10.30.4.128: no connection to modbus server
[2024-11-26T07:02:09.520Z] Error reading register 6507 for IP 10.30.4.128: no connection to modbus server
[2024-11-26T07:02:10.012Z] Error writing to Modbus register: no connection to modbus server
[2024-11-26T07:02:10.027Z] Error reading or processing Modbus registers: no connection to modbus server
[2024-11-26T07:02:10.027Z] Error reading register 6507 for IP 10.30.4.128: no connection to modbus server
[2024-11-26T07:02:10.103Z] Error writing to Modbus register: no connection to modbus server
[2024-11-26T07:02:10.209Z] Error reading or processing Modbus registers: no connection to modbus server
[2024-11-26T07:02:10.210Z] Error reading register 6507 for IP 10.30.4.128: no connection to modbus server
[2024-11-26T07:02:10.210Z] Error writing to Modbus register: no connection to modbus server
[2024-11-26T07:02:10.534Z] Error reading or processing Modbus registers: no connection to modbus server
[2024-11-26T07:02:10.534Z] Error reading register 6507 for IP 10.30.4.128: no connection to modbus server
[2024-11-26T07:02:10.534Z] Error reading register 6507 for IP 10.30.4.128: no connection to modbus server
[2024-11-26T07:02:10.534Z] Error reading or processing Modbus registers: no connection to modbus server
[2024-11-26T07:02:11.040Z] Error reading or processing Modbus registers: no connection to modbus server
[2024-11-26T07:02:11.040Z] Error reading register 6507 for IP 10.30.4.128: no connection to modbus server
[2024-11-26T07:02:11.179Z] Error writing to Modbus register: no connection to modbus server
[2024-11-26T07:02:11.224Z] Error reading or processing Modbus registers: no connection to modbus server
[2024-11-26T07:02:11.224Z] Error reading register 6507 for IP 10.30.4.128: no connection to modbus server
[2024-11-26T07:02:11.547Z] Error reading or processing Modbus registers: no connection to modbus server
[2024-11-26T07:02:11.547Z] Error reading register 6507 for IP 10.30.4.128: no connection to modbus server
[2024-11-26T07:02:11.547Z] Error reading or processing Modbus registers: no connection to modbus server
[2024-11-26T07:02:11.547Z] Error reading register 6507 for IP 10.30.4.128: no connection to modbus server
[2024-11-26T07:02:12.021Z] Error writing to Modbus register: no connection to modbus server
[2024-11-26T07:02:12.052Z] Error reading or processing Modbus registers: no connection to modbus server
[2024-11-26T07:02:12.052Z] Error reading register 6507 for IP 10.30.4.128: no connection to modbus server
[2024-11-26T07:02:12.112Z] Error writing to Modbus register: no connection to modbus server
[2024-11-26T07:02:12.219Z] Error writing to Modbus register: no connection to modbus server
[2024-11-26T07:02:12.235Z] Error reading or processing Modbus registers: no connection to modbus server
[2024-11-26T07:02:12.235Z] Error reading register 6507 for IP 10.30.4.128: no connection to modbus server
[2024-11-26T07:02:12.555Z] Error reading register 6507 for IP 10.30.4.128: no connection to modbus server
[2024-11-26T07:02:12.555Z] Error reading or processing Modbus registers: no connection to modbus server
[2024-11-26T07:02:12.555Z] Error reading register 6507 for IP 10.30.4.128: no connection to modbus server
[2024-11-26T07:02:12.555Z] Error reading or processing Modbus registers: no connection to modbus server
[2024-11-26T07:02:13.058Z] Error reading register 6507 for IP 10.30.4.128: no connection to modbus server
[2024-11-26T07:02:13.058Z] Error reading or processing Modbus registers: no connection to modbus server
[2024-11-26T07:02:13.180Z] Error writing to Modbus register: no connection to modbus server
[2024-11-26T07:02:13.241Z] Error reading or processing Modbus registers: no connection to modbus server
[2024-11-26T07:02:13.241Z] Error reading register 6507 for IP 10.30.4.128: no connection to modbus server
[2024-11-26T07:02:13.559Z] Error reading or processing Modbus registers: no connection to modbus server
[2024-11-26T07:02:13.559Z] Error reading register 6507 for IP 10.30.4.128: no connection to modbus server
[2024-11-26T07:02:13.559Z] Error reading register 6507 for IP 10.30.4.128: no connection to modbus server
[2024-11-26T07:02:13.559Z] Error reading or processing Modbus registers: no connection to modbus server
[2024-11-26T07:02:14.030Z] Error writing to Modbus register: no connection to modbus server
[2024-11-26T07:02:14.061Z] Error reading or processing Modbus registers: no connection to modbus server
[2024-11-26T07:02:14.061Z] Error reading register 6507 for IP 10.30.4.128: no connection to modbus server
[2024-11-26T07:02:14.122Z] Error writing to Modbus register: no connection to modbus server
[2024-11-26T07:02:14.228Z] Error writing to Modbus register: no connection to modbus server
[2024-11-26T07:02:14.244Z] Error reading or processing Modbus registers: no connection to modbus server
[2024-11-26T07:02:14.244Z] Error reading register 6507 for IP 10.30.4.128: no connection to modbus server
[2024-11-26T07:02:14.565Z] Error reading register 6507 for IP 10.30.4.128: no connection to modbus server
[2024-11-26T07:02:14.565Z] Error reading or processing Modbus registers: no connection to modbus server
[2024-11-26T07:02:14.565Z] Error reading register 6507 for IP 10.30.4.128: no connection to modbus server
[2024-11-26T07:02:14.565Z] Error reading or processing Modbus registers: no connection to modbus server
[2024-11-26T07:02:15.070Z] Error reading or processing Modbus registers: no connection to modbus server
[2024-11-26T07:02:15.070Z] Error reading register 6507 for IP 10.30.4.128: no connection to modbus server
[2024-11-26T07:02:15.194Z] Error writing to Modbus register: no connection to modbus server
[2024-11-26T07:02:15.256Z] Error reading or processing Modbus registers: no connection to modbus server
[2024-11-26T07:02:15.256Z] Error reading register 6507 for IP 10.30.4.128: no connection to modbus server
[2024-11-26T07:02:15.578Z] Error reading register 6507 for IP 10.30.4.128: no connection to modbus server
[2024-11-26T07:02:15.578Z] Error reading or processing Modbus registers: no connection to modbus server
[2024-11-26T07:02:15.578Z] Error reading or processing Modbus registers: no connection to modbus server
[2024-11-26T07:02:15.578Z] Error reading register 6507 for IP 10.30.4.128: no connection to modbus server
[2024-11-26T07:02:16.035Z] Error writing to Modbus register: no connection to modbus server
[2024-11-26T07:02:16.081Z] Error reading register 6507 for IP 10.30.4.128: no connection to modbus server
[2024-11-26T07:02:16.081Z] Error reading or processing Modbus registers: no connection to modbus server
[2024-11-26T07:02:16.127Z] Error writing to Modbus register: no connection to modbus server
[2024-11-26T07:02:16.232Z] Error writing to Modbus register: no connection to modbus server
[2024-11-26T07:02:16.264Z] Error reading or processing Modbus registers: no connection to modbus server
[2024-11-26T07:02:16.264Z] Error reading register 6507 for IP 10.30.4.128: no connection to modbus server
[2024-11-26T07:02:16.584Z] Error reading or processing Modbus registers: no connection to modbus server
[2024-11-26T07:02:16.584Z] Error reading register 6507 for IP 10.30.4.128: no connection to modbus server
[2024-11-26T07:02:16.584Z] Error reading or processing Modbus registers: no connection to modbus server
[2024-11-26T07:02:16.584Z] Error reading register 6507 for IP 10.30.4.128: no connection to modbus server
[2024-11-26T07:02:17.083Z] Error reading or processing Modbus registers: no connection to modbus server
[2024-11-26T07:02:17.083Z] Error reading register 6507 for IP 10.30.4.128: no connection to modbus server
[2024-11-26T07:02:17.206Z] Error writing to Modbus register: no connection to modbus server
[2024-11-26T07:02:17.267Z] Error reading or processing Modbus registers: no connection to modbus server
[2024-11-26T07:02:17.267Z] Error reading register 6507 for IP 10.30.4.128: no connection to modbus server
[2024-11-26T07:02:17.589Z] Error reading or processing Modbus registers: no connection to modbus server
[2024-11-26T07:02:17.589Z] Error reading register 6507 for IP 10.30.4.128: no connection to modbus server
[2024-11-26T07:02:17.589Z] Error reading or processing Modbus registers: no connection to modbus server
[2024-11-26T07:02:17.589Z] Error reading register 6507 for IP 10.30.4.128: no connection to modbus server
[2024-11-26T07:02:18.036Z] Error writing to Modbus register: no connection to modbus server
[2024-11-26T07:02:18.097Z] Error reading register 6507 for IP 10.30.4.128: no connection to modbus server
[2024-11-26T07:02:18.097Z] Error reading or processing Modbus registers: no connection to modbus server
[2024-11-26T07:02:18.141Z] Error writing to Modbus register: no connection to modbus server
[2024-11-26T07:02:18.234Z] Error writing to Modbus register: no connection to modbus server
[2024-11-26T07:02:18.279Z] Error reading or processing Modbus registers: no connection to modbus server
[2024-11-26T07:02:18.279Z] Error reading register 6507 for IP 10.30.4.128: no connection to modbus server
[2024-11-26T07:02:18.598Z] Error reading or processing Modbus registers: no connection to modbus server
[2024-11-26T07:02:18.598Z] Error reading register 6507 for IP 10.30.4.128: no connection to modbus server
[2024-11-26T07:02:18.598Z] Error reading or processing Modbus registers: no connection to modbus server
[2024-11-26T07:02:18.598Z] Error reading register 6507 for IP 10.30.4.128: no connection to modbus server
[2024-11-26T07:02:19.103Z] Error reading or processing Modbus registers: no connection to modbus server
[2024-11-26T07:02:19.103Z] Error reading register 6507 for IP 10.30.4.128: no connection to modbus server
[2024-11-26T07:02:19.211Z] Error writing to Modbus register: no connection to modbus server
[2024-11-26T07:02:19.289Z] Error reading register 6507 for IP 10.30.4.128: no connection to modbus server
[2024-11-26T07:02:19.289Z] Error reading or processing Modbus registers: no connection to modbus server
[2024-11-26T07:02:19.609Z] Error reading or processing Modbus registers: no connection to modbus server
[2024-11-26T07:02:19.610Z] Error reading register 6507 for IP 10.30.4.128: no connection to modbus server
[2024-11-26T07:02:19.610Z] Error reading or processing Modbus registers: no connection to modbus server
[2024-11-26T07:02:19.610Z] Error reading register 6507 for IP 10.30.4.128: no connection to modbus server
[2024-11-26T07:02:20.037Z] Error writing to Modbus register: no connection to modbus server
[2024-11-26T07:02:20.112Z] Error reading or processing Modbus registers: no connection to modbus server
[2024-11-26T07:02:20.112Z] Error reading register 6507 for IP 10.30.4.128: no connection to modbus server
[2024-11-26T07:02:20.143Z] Error writing to Modbus register: no connection to modbus server
[2024-11-26T07:02:20.234Z] Error writing to Modbus register: no connection to modbus server
[2024-11-26T07:02:20.294Z] Error reading register 6507 for IP 10.30.4.128: no connection to modbus server
[2024-11-26T07:02:20.294Z] Error reading or processing Modbus registers: no connection to modbus server
[2024-11-26T07:02:20.614Z] Error reading or processing Modbus registers: no connection to modbus server
[2024-11-26T07:02:20.614Z] Error reading register 6507 for IP 10.30.4.128: no connection to modbus server
[2024-11-26T07:02:20.614Z] Error reading register 6507 for IP 10.30.4.128: no connection to modbus server
[2024-11-26T07:02:20.614Z] Error reading or processing Modbus registers: no connection to modbus server
[2024-11-26T07:02:21.118Z] Error reading or processing Modbus registers: no connection to modbus server
[2024-11-26T07:02:21.118Z] Error reading register 6507 for IP 10.30.4.128: no connection to modbus server
[2024-11-26T07:02:21.225Z] Error writing to Modbus register: no connection to modbus server
[2024-11-26T07:02:21.302Z] Error reading or processing Modbus registers: no connection to modbus server
[2024-11-26T07:02:21.302Z] Error reading register 6507 for IP 10.30.4.128: no connection to modbus server
[2024-11-26T07:02:21.624Z] Error reading register 6507 for IP 10.30.4.128: no connection to modbus server
[2024-11-26T07:02:21.623Z] Error reading or processing Modbus registers: no connection to modbus server
[2024-11-26T07:02:21.624Z] Error reading register 6507 for IP 10.30.4.128: no connection to modbus server
[2024-11-26T07:02:21.624Z] Error reading or processing Modbus registers: no connection to modbus server
[2024-11-26T07:02:22.038Z] Error writing to Modbus register: no connection to modbus server
[2024-11-26T07:02:22.131Z] Error reading or processing Modbus registers: no connection to modbus server
[2024-11-26T07:02:22.132Z] Error reading register 6507 for IP 10.30.4.128: no connection to modbus server
[2024-11-26T07:02:22.146Z] Error writing to Modbus register: no connection to modbus server
[2024-11-26T07:02:22.239Z] Error writing to Modbus register: no connection to modbus server
[2024-11-26T07:02:22.315Z] Error reading or processing Modbus registers: no connection to modbus server
[2024-11-26T07:02:22.315Z] Error reading register 6507 for IP 10.30.4.128: no connection to modbus server
[2024-11-26T07:02:22.633Z] Error reading or processing Modbus registers: no connection to modbus server
[2024-11-26T07:02:22.633Z] Error reading register 6507 for IP 10.30.4.128: no connection to modbus server
[2024-11-26T07:02:22.633Z] Error reading register 6507 for IP 10.30.4.128: no connection to modbus server
[2024-11-26T07:02:22.633Z] Error reading or processing Modbus registers: no connection to modbus server
[2024-11-26T07:02:23.131Z] Error reading or processing Modbus registers: no connection to modbus server
[2024-11-26T07:02:23.131Z] Error reading register 6507 for IP 10.30.4.128: no connection to modbus server
[2024-11-26T07:02:23.228Z] Error writing to Modbus register: no connection to modbus server
[2024-11-26T07:02:23.320Z] Error reading or processing Modbus registers: no connection to modbus server
[2024-11-26T07:02:23.320Z] Error reading register 6507 for IP 10.30.4.128: no connection to modbus server
[2024-11-26T07:02:23.642Z] Error reading or processing Modbus registers: no connection to modbus server
[2024-11-26T07:02:23.645Z] Error reading register 6507 for IP 10.30.4.128: no connection to modbus server
[2024-11-26T07:02:23.645Z] Error reading or processing Modbus registers: no connection to modbus server
[2024-11-26T07:02:23.645Z] Error reading register 6507 for IP 10.30.4.128: no connection to modbus server
[2024-11-26T07:02:24.039Z] Error writing to Modbus register: no connection to modbus server
[2024-11-26T07:02:24.146Z] Error reading or processing Modbus registers: no connection to modbus server
[2024-11-26T07:02:24.146Z] Error reading register 6507 for IP 10.30.4.128: no connection to modbus server
[2024-11-26T07:02:24.161Z] Error writing to Modbus register: no connection to modbus server
[2024-11-26T07:02:24.254Z] Error writing to Modbus register: no connection to modbus server
[2024-11-26T07:02:24.331Z] Error reading or processing Modbus registers: no connection to modbus server
[2024-11-26T07:02:24.332Z] Error reading register 6507 for IP 10.30.4.128: no connection to modbus server
[2024-11-26T07:02:24.652Z] Error reading or processing Modbus registers: no connection to modbus server
[2024-11-26T07:02:24.652Z] Error reading register 6507 for IP 10.30.4.128: no connection to modbus server
[2024-11-26T07:02:24.652Z] Error reading register 6507 for IP 10.30.4.128: no connection to modbus server
[2024-11-26T07:02:24.652Z] Error reading or processing Modbus registers: no connection to modbus server
[2024-11-26T07:02:25.152Z] Error reading register 6507 for IP 10.30.4.128: no connection to modbus server
[2024-11-26T07:02:25.152Z] Error reading or processing Modbus registers: no connection to modbus server
[2024-11-26T07:02:25.228Z] Error writing to Modbus register: no connection to modbus server
[2024-11-26T07:02:25.333Z] Error reading or processing Modbus registers: no connection to modbus server
[2024-11-26T07:02:25.333Z] Error reading register 6507 for IP 10.30.4.128: no connection to modbus server
[2024-11-26T07:02:25.666Z] Error reading or processing Modbus registers: no connection to modbus server
[2024-11-26T07:02:25.666Z] Error reading register 6507 for IP 10.30.4.128: no connection to modbus server
[2024-11-26T07:02:25.666Z] Error reading or processing Modbus registers: no connection to modbus server
[2024-11-26T07:02:25.666Z] Error reading register 6507 for IP 10.30.4.128: no connection to modbus server
[2024-11-26T07:02:26.044Z] Error writing to Modbus register: no connection to modbus server
[2024-11-26T07:02:26.165Z] Error reading or processing Modbus registers: no connection to modbus server
[2024-11-26T07:02:26.165Z] Error reading register 6507 for IP 10.30.4.128: no connection to modbus server
[2024-11-26T07:02:26.165Z] Error writing to Modbus register: no connection to modbus server
[2024-11-26T07:02:26.256Z] Error writing to Modbus register: no connection to modbus server
[2024-11-26T07:02:26.347Z] Error reading or processing Modbus registers: no connection to modbus server
[2024-11-26T07:02:26.347Z] Error reading register 6507 for IP 10.30.4.128: no connection to modbus server
[2024-11-26T07:02:26.681Z] Error reading or processing Modbus registers: no connection to modbus server
[2024-11-26T07:02:26.681Z] Error reading register 6507 for IP 10.30.4.128: no connection to modbus server
[2024-11-26T07:02:26.681Z] Error reading register 6507 for IP 10.30.4.128: no connection to modbus server
[2024-11-26T07:02:26.681Z] Error reading or processing Modbus registers: no connection to modbus server
[2024-11-26T07:02:27.165Z] Error reading or processing Modbus registers: no connection to modbus server
[2024-11-26T07:02:27.165Z] Error reading register 6507 for IP 10.30.4.128: no connection to modbus server
[2024-11-26T07:02:27.241Z] Error writing to Modbus register: no connection to modbus server
[2024-11-26T07:02:27.347Z] Error reading or processing Modbus registers: no connection to modbus server
[2024-11-26T07:02:27.347Z] Error reading register 6507 for IP 10.30.4.128: no connection to modbus server
[2024-11-26T07:02:27.681Z] Error reading or processing Modbus registers: no connection to modbus server
[2024-11-26T07:02:27.681Z] Error reading register 6507 for IP 10.30.4.128: no connection to modbus server
[2024-11-26T07:02:27.681Z] Error reading or processing Modbus registers: no connection to modbus server
[2024-11-26T07:02:27.681Z] Error reading register 6507 for IP 10.30.4.128: no connection to modbus server
[2024-11-26T07:02:28.043Z] Error writing to Modbus register: no connection to modbus server
[2024-11-26T07:02:28.179Z] Error reading or processing Modbus registers: no connection to modbus server
[2024-11-26T07:02:28.179Z] Error reading register 6507 for IP 10.30.4.128: no connection to modbus server
[2024-11-26T07:02:28.179Z] Error writing to Modbus register: no connection to modbus server
[2024-11-26T07:02:28.271Z] Error writing to Modbus register: no connection to modbus server
[2024-11-26T07:02:28.349Z] Error reading register 6507 for IP 10.30.4.128: no connection to modbus server
[2024-11-26T07:02:28.349Z] Error reading or processing Modbus registers: no connection to modbus server
[2024-11-26T07:02:28.683Z] Error reading or processing Modbus registers: no connection to modbus server
[2024-11-26T07:02:28.683Z] Error reading register 6507 for IP 10.30.4.128: no connection to modbus server
[2024-11-26T07:02:28.683Z] Error reading or processing Modbus registers: no connection to modbus server
[2024-11-26T07:02:28.683Z] Error reading register 6507 for IP 10.30.4.128: no connection to modbus server
[2024-11-26T07:02:29.186Z] Error reading or processing Modbus registers: no connection to modbus server
[2024-11-26T07:02:29.186Z] Error reading register 6507 for IP 10.30.4.128: no connection to modbus server
[2024-11-26T07:02:29.246Z] Error writing to Modbus register: no connection to modbus server
[2024-11-26T07:02:29.355Z] Error reading or processing Modbus registers: no connection to modbus server
[2024-11-26T07:02:29.355Z] Error reading register 6507 for IP 10.30.4.128: no connection to modbus server
[2024-11-26T07:02:29.687Z] Error reading or processing Modbus registers: no connection to modbus server
[2024-11-26T07:02:29.687Z] Error reading register 6507 for IP 10.30.4.128: no connection to modbus server
[2024-11-26T07:02:29.687Z] Error reading or processing Modbus registers: no connection to modbus server
[2024-11-26T07:02:29.687Z] Error reading register 6507 for IP 10.30.4.128: no connection to modbus server
[2024-11-26T07:02:30.050Z] Error writing to Modbus register: no connection to modbus server
[2024-11-26T07:02:30.187Z] Error writing to Modbus register: no connection to modbus server
[2024-11-26T07:02:30.187Z] Error reading or processing Modbus registers: no connection to modbus server
[2024-11-26T07:02:30.187Z] Error reading register 6507 for IP 10.30.4.128: no connection to modbus server
[2024-11-26T07:02:30.277Z] Error writing to Modbus register: no connection to modbus server
[2024-11-26T07:02:30.369Z] Error reading or processing Modbus registers: no connection to modbus server
[2024-11-26T07:02:30.369Z] Error reading register 6507 for IP 10.30.4.128: no connection to modbus server
[2024-11-26T07:02:30.703Z] Error reading or processing Modbus registers: no connection to modbus server
[2024-11-26T07:02:30.703Z] Error reading register 6507 for IP 10.30.4.128: no connection to modbus server
[2024-11-26T07:02:30.703Z] Error reading or processing Modbus registers: no connection to modbus server
[2024-11-26T07:02:30.703Z] Error reading register 6507 for IP 10.30.4.128: no connection to modbus server
[2024-11-26T07:02:31.189Z] Error reading or processing Modbus registers: no connection to modbus server
[2024-11-26T07:02:31.189Z] Error reading register 6507 for IP 10.30.4.128: no connection to modbus server
[2024-11-26T07:02:31.250Z] Error writing to Modbus register: no connection to modbus server
[2024-11-26T07:02:31.371Z] Error reading register 6507 for IP 10.30.4.128: no connection to modbus server
[2024-11-26T07:02:31.371Z] Error reading or processing Modbus registers: no connection to modbus server
[2024-11-26T07:02:31.704Z] Error reading or processing Modbus registers: no connection to modbus server
[2024-11-26T07:02:31.704Z] Error reading register 6507 for IP 10.30.4.128: no connection to modbus server
[2024-11-26T07:02:31.705Z] Error reading or processing Modbus registers: no connection to modbus server
[2024-11-26T07:02:31.705Z] Error reading register 6507 for IP 10.30.4.128: no connection to modbus server
[2024-11-26T07:02:32.053Z] Error writing to Modbus register: no connection to modbus server
[2024-11-26T07:02:32.191Z] Error writing to Modbus register: no connection to modbus server
[2024-11-26T07:02:32.191Z] Error reading or processing Modbus registers: no connection to modbus server
[2024-11-26T07:02:32.191Z] Error reading register 6507 for IP 10.30.4.128: no connection to modbus server
[2024-11-26T07:02:32.281Z] Error writing to Modbus register: no connection to modbus server
[2024-11-26T07:02:32.371Z] Error reading or processing Modbus registers: no connection to modbus server
[2024-11-26T07:02:32.372Z] Error reading register 6507 for IP 10.30.4.128: no connection to modbus server
[2024-11-26T07:02:32.705Z] Error reading or processing Modbus registers: no connection to modbus server
[2024-11-26T07:02:32.705Z] Error reading register 6507 for IP 10.30.4.128: no connection to modbus server
[2024-11-26T07:02:32.705Z] Error reading or processing Modbus registers: no connection to modbus server
[2024-11-26T07:02:32.705Z] Error reading register 6507 for IP 10.30.4.128: no connection to modbus server
[2024-11-26T07:02:33.202Z] Error reading or processing Modbus registers: no connection to modbus server
[2024-11-26T07:02:33.202Z] Error reading register 6507 for IP 10.30.4.128: no connection to modbus server
[2024-11-26T07:02:33.263Z] Error writing to Modbus register: no connection to modbus server
[2024-11-26T07:02:33.384Z] Error reading or processing Modbus registers: no connection to modbus server
[2024-11-26T07:02:33.384Z] Error reading register 6507 for IP 10.30.4.128: no connection to modbus server
[2024-11-26T07:02:33.717Z] Error reading register 6507 for IP 10.30.4.128: no connection to modbus server
[2024-11-26T07:02:33.717Z] Error reading or processing Modbus registers: no connection to modbus server
[2024-11-26T07:02:33.717Z] Error reading or processing Modbus registers: no connection to modbus server
[2024-11-26T07:02:33.717Z] Error reading register 6507 for IP 10.30.4.128: no connection to modbus server
[2024-11-26T07:02:34.067Z] Error writing to Modbus register: no connection to modbus server
[2024-11-26T07:02:34.203Z] Error writing to Modbus register: no connection to modbus server
[2024-11-26T07:02:34.203Z] Error reading or processing Modbus registers: no connection to modbus server
[2024-11-26T07:02:34.203Z] Error reading register 6507 for IP 10.30.4.128: no connection to modbus server
[2024-11-26T07:02:34.294Z] Error writing to Modbus register: no connection to modbus server
[2024-11-26T07:02:34.386Z] Error reading or processing Modbus registers: no connection to modbus server
[2024-11-26T07:02:34.386Z] Error reading register 6507 for IP 10.30.4.128: no connection to modbus server
[2024-11-26T07:02:34.720Z] Error reading or processing Modbus registers: no connection to modbus server
[2024-11-26T07:02:34.720Z] Error reading register 6507 for IP 10.30.4.128: no connection to modbus server
[2024-11-26T07:02:34.720Z] Error reading or processing Modbus registers: no connection to modbus server
[2024-11-26T07:02:34.720Z] Error reading register 6507 for IP 10.30.4.128: no connection to modbus server
[2024-11-26T07:02:35.205Z] Error reading or processing Modbus registers: no connection to modbus server
[2024-11-26T07:02:35.205Z] Error reading register 6507 for IP 10.30.4.128: no connection to modbus server
[2024-11-26T07:02:35.266Z] Error writing to Modbus register: no connection to modbus server
[2024-11-26T07:02:35.389Z] Error reading or processing Modbus registers: no connection to modbus server
[2024-11-26T07:02:35.389Z] Error reading register 6507 for IP 10.30.4.128: no connection to modbus server
[2024-11-26T07:02:35.723Z] Error reading or processing Modbus registers: no connection to modbus server
[2024-11-26T07:02:35.723Z] Error reading register 6507 for IP 10.30.4.128: no connection to modbus server
[2024-11-26T07:02:35.724Z] Error reading register 6507 for IP 10.30.4.128: no connection to modbus server
[2024-11-26T07:02:35.724Z] Error reading or processing Modbus registers: no connection to modbus server
[2024-11-26T07:02:36.072Z] Error writing to Modbus register: no connection to modbus server
[2024-11-26T07:02:36.208Z] Error reading or processing Modbus registers: no connection to modbus server
[2024-11-26T07:02:36.209Z] Error reading register 6507 for IP 10.30.4.128: no connection to modbus server
[2024-11-26T07:02:36.208Z] Error writing to Modbus register: no connection to modbus server
[2024-11-26T07:02:36.299Z] Error writing to Modbus register: no connection to modbus server
[2024-11-26T07:02:36.391Z] Error reading or processing Modbus registers: no connection to modbus server
[2024-11-26T07:02:36.391Z] Error reading register 6507 for IP 10.30.4.128: no connection to modbus server
[2024-11-26T07:02:36.724Z] Error reading or processing Modbus registers: no connection to modbus server
[2024-11-26T07:02:36.724Z] Error reading register 6507 for IP 10.30.4.128: no connection to modbus server
[2024-11-26T07:02:36.724Z] Error reading register 6507 for IP 10.30.4.128: no connection to modbus server
[2024-11-26T07:02:36.724Z] Error reading or processing Modbus registers: no connection to modbus server
[2024-11-26T07:02:37.209Z] Error reading register 6507 for IP 10.30.4.128: no connection to modbus server
[2024-11-26T07:02:37.209Z] Error reading or processing Modbus registers: no connection to modbus server
[2024-11-26T07:02:37.269Z] Error writing to Modbus register: no connection to modbus server
[2024-11-26T07:02:37.405Z] Error reading or processing Modbus registers: no connection to modbus server
[2024-11-26T07:02:37.405Z] Error reading register 6507 for IP 10.30.4.128: no connection to modbus server
[2024-11-26T07:02:37.724Z] Error reading register 6507 for IP 10.30.4.128: no connection to modbus server
[2024-11-26T07:02:37.724Z] Error reading or processing Modbus registers: no connection to modbus server
[2024-11-26T07:02:37.724Z] Error reading register 6507 for IP 10.30.4.128: no connection to modbus server
[2024-11-26T07:02:37.724Z] Error reading or processing Modbus registers: no connection to modbus server
[2024-11-26T07:02:38.086Z] Error writing to Modbus register: no connection to modbus server
[2024-11-26T07:02:38.223Z] Error reading or processing Modbus registers: no connection to modbus server
[2024-11-26T07:02:38.223Z] Error reading register 6507 for IP 10.30.4.128: no connection to modbus server
[2024-11-26T07:02:38.223Z] Error writing to Modbus register: no connection to modbus server
[2024-11-26T07:02:38.299Z] Error writing to Modbus register: no connection to modbus server
[2024-11-26T07:02:38.419Z] Error reading or processing Modbus registers: no connection to modbus server
[2024-11-26T07:02:38.419Z] Error reading register 6507 for IP 10.30.4.128: no connection to modbus server
[2024-11-26T07:02:38.738Z] Error reading or processing Modbus registers: no connection to modbus server
[2024-11-26T07:02:38.738Z] Error reading register 6507 for IP 10.30.4.128: no connection to modbus server
[2024-11-26T07:02:38.738Z] Error reading or processing Modbus registers: no connection to modbus server
[2024-11-26T07:02:38.738Z] Error reading register 6507 for IP 10.30.4.128: no connection to modbus server
[2024-11-26T07:02:39.223Z] Error reading or processing Modbus registers: no connection to modbus server
[2024-11-26T07:02:39.223Z] Error reading register 6507 for IP 10.30.4.128: no connection to modbus server
[2024-11-26T07:02:39.270Z] Error writing to Modbus register: no connection to modbus server
[2024-11-26T07:02:39.421Z] Error reading or processing Modbus registers: no connection to modbus server
[2024-11-26T07:02:39.421Z] Error reading register 6507 for IP 10.30.4.128: no connection to modbus server
[2024-11-26T07:02:39.753Z] Error reading or processing Modbus registers: no connection to modbus server
[2024-11-26T07:02:39.753Z] Error reading register 6507 for IP 10.30.4.128: no connection to modbus server
[2024-11-26T07:02:39.753Z] Error reading or processing Modbus registers: no connection to modbus server
[2024-11-26T07:02:39.753Z] Error reading register 6507 for IP 10.30.4.128: no connection to modbus server
[2024-11-26T07:02:40.087Z] Error writing to Modbus register: no connection to modbus server
[2024-11-26T07:02:40.224Z] Error reading or processing Modbus registers: no connection to modbus server
[2024-11-26T07:02:40.224Z] Error writing to Modbus register: no connection to modbus server
[2024-11-26T07:02:40.224Z] Error reading register 6507 for IP 10.30.4.128: no connection to modbus server
[2024-11-26T07:02:40.301Z] Error writing to Modbus register: no connection to modbus server
[2024-11-26T07:02:40.422Z] Error reading or processing Modbus registers: no connection to modbus server
[2024-11-26T07:02:40.422Z] Error reading register 6507 for IP 10.30.4.128: no connection to modbus server
[2024-11-26T07:02:40.755Z] Error reading or processing Modbus registers: no connection to modbus server
[2024-11-26T07:02:40.755Z] Error reading register 6507 for IP 10.30.4.128: no connection to modbus server
[2024-11-26T07:02:40.755Z] Error reading or processing Modbus registers: no connection to modbus server
[2024-11-26T07:02:40.755Z] Error reading register 6507 for IP 10.30.4.128: no connection to modbus server
[2024-11-26T07:02:41.238Z] Error reading or processing Modbus registers: no connection to modbus server
[2024-11-26T07:02:41.238Z] Error reading register 6507 for IP 10.30.4.128: no connection to modbus server
[2024-11-26T07:02:41.284Z] Error writing to Modbus register: no connection to modbus server
[2024-11-26T07:02:41.435Z] Error reading or processing Modbus registers: no connection to modbus server
[2024-11-26T07:02:41.435Z] Error reading register 6507 for IP 10.30.4.128: no connection to modbus server
[2024-11-26T07:02:41.768Z] Error reading or processing Modbus registers: no connection to modbus server
[2024-11-26T07:02:41.768Z] Error reading register 6507 for IP 10.30.4.128: no connection to modbus server
[2024-11-26T07:02:41.768Z] Error reading register 6507 for IP 10.30.4.128: no connection to modbus server
[2024-11-26T07:02:41.768Z] Error reading or processing Modbus registers: no connection to modbus server
[2024-11-26T07:02:42.087Z] Error writing to Modbus register: no connection to modbus server
[2024-11-26T07:02:42.239Z] Error writing to Modbus register: no connection to modbus server
[2024-11-26T07:02:42.239Z] Error reading or processing Modbus registers: no connection to modbus server
[2024-11-26T07:02:42.239Z] Error reading register 6507 for IP 10.30.4.128: no connection to modbus server
[2024-11-26T07:02:42.314Z] Error writing to Modbus register: no connection to modbus server
[2024-11-26T07:02:42.436Z] Error reading or processing Modbus registers: no connection to modbus server
[2024-11-26T07:02:42.436Z] Error reading register 6507 for IP 10.30.4.128: no connection to modbus server
[2024-11-26T07:02:42.769Z] Error reading or processing Modbus registers: no connection to modbus server
[2024-11-26T07:02:42.769Z] Error reading register 6507 for IP 10.30.4.128: no connection to modbus server
[2024-11-26T07:02:42.769Z] Error reading register 6507 for IP 10.30.4.128: no connection to modbus server
[2024-11-26T07:02:42.769Z] Error reading or processing Modbus registers: no connection to modbus server
[2024-11-26T07:02:43.252Z] Error reading or processing Modbus registers: no connection to modbus server
[2024-11-26T07:02:43.252Z] Error reading register 6507 for IP 10.30.4.128: no connection to modbus server
[2024-11-26T07:02:43.299Z] Error writing to Modbus register: no connection to modbus server
[2024-11-26T07:02:43.450Z] Error reading register 6507 for IP 10.30.4.128: no connection to modbus server
[2024-11-26T07:02:43.450Z] Error reading or processing Modbus registers: no connection to modbus server
[2024-11-26T07:02:43.770Z] Error reading or processing Modbus registers: no connection to modbus server
[2024-11-26T07:02:43.770Z] Error reading register 6507 for IP 10.30.4.128: no connection to modbus server
[2024-11-26T07:02:43.770Z] Error reading register 6507 for IP 10.30.4.128: no connection to modbus server
[2024-11-26T07:02:43.770Z] Error reading or processing Modbus registers: no connection to modbus server
[2024-11-26T07:02:44.103Z] Error writing to Modbus register: no connection to modbus server
[2024-11-26T07:02:44.239Z] Error writing to Modbus register: no connection to modbus server
[2024-11-26T07:02:44.254Z] Error reading or processing Modbus registers: no connection to modbus server
[2024-11-26T07:02:44.254Z] Error reading register 6507 for IP 10.30.4.128: no connection to modbus server
[2024-11-26T07:02:44.315Z] Error writing to Modbus register: no connection to modbus server
[2024-11-26T07:02:44.452Z] Error reading or processing Modbus registers: no connection to modbus server
[2024-11-26T07:02:44.452Z] Error reading register 6507 for IP 10.30.4.128: no connection to modbus server
[2024-11-26T07:02:44.769Z] Error reading or processing Modbus registers: no connection to modbus server
[2024-11-26T07:02:44.769Z] Error reading or processing Modbus registers: no connection to modbus server
[2024-11-26T07:02:44.769Z] Error reading register 6507 for IP 10.30.4.128: no connection to modbus server
[2024-11-26T07:02:44.769Z] Error reading register 6507 for IP 10.30.4.128: no connection to modbus server
[2024-11-26T07:02:45.270Z] Error reading or processing Modbus registers: no connection to modbus server
[2024-11-26T07:02:45.270Z] Error reading register 6507 for IP 10.30.4.128: no connection to modbus server
[2024-11-26T07:02:45.301Z] Error writing to Modbus register: no connection to modbus server
[2024-11-26T07:02:45.452Z] Error reading or processing Modbus registers: no connection to modbus server
[2024-11-26T07:02:45.452Z] Error reading register 6507 for IP 10.30.4.128: no connection to modbus server
[2024-11-26T07:02:45.770Z] Error reading register 6507 for IP 10.30.4.128: no connection to modbus server
[2024-11-26T07:02:45.770Z] Error reading or processing Modbus registers: no connection to modbus server
[2024-11-26T07:02:45.770Z] Error reading register 6507 for IP 10.30.4.128: no connection to modbus server
[2024-11-26T07:02:45.770Z] Error reading or processing Modbus registers: no connection to modbus server
[2024-11-26T07:02:46.103Z] Error writing to Modbus register: no connection to modbus server
[2024-11-26T07:02:46.240Z] Error writing to Modbus register: no connection to modbus server
[2024-11-26T07:02:46.270Z] Error reading or processing Modbus registers: no connection to modbus server
[2024-11-26T07:02:46.270Z] Error reading register 6507 for IP 10.30.4.128: no connection to modbus server
[2024-11-26T07:02:46.315Z] Error writing to Modbus register: no connection to modbus server
[2024-11-26T07:02:46.467Z] Error reading or processing Modbus registers: no connection to modbus server
[2024-11-26T07:02:46.467Z] Error reading register 6507 for IP 10.30.4.128: no connection to modbus server
[2024-11-26T07:02:46.785Z] Error reading or processing Modbus registers: no connection to modbus server
[2024-11-26T07:02:46.786Z] Error reading register 6507 for IP 10.30.4.128: no connection to modbus server
[2024-11-26T07:02:46.786Z] Error reading register 6507 for IP 10.30.4.128: no connection to modbus server
[2024-11-26T07:02:46.786Z] Error reading or processing Modbus registers: no connection to modbus server
[2024-11-26T07:02:47.283Z] Error reading or processing Modbus registers: no connection to modbus server
[2024-11-26T07:02:47.283Z] Error reading register 6507 for IP 10.30.4.128: no connection to modbus server
[2024-11-26T07:02:47.314Z] Error writing to Modbus register: no connection to modbus server
[2024-11-26T07:02:47.481Z] Error reading register 6507 for IP 10.30.4.128: no connection to modbus server
[2024-11-26T07:02:47.481Z] Error reading or processing Modbus registers: no connection to modbus server
[2024-11-26T07:02:47.800Z] Error reading or processing Modbus registers: no connection to modbus server
[2024-11-26T07:02:47.800Z] Error reading register 6507 for IP 10.30.4.128: no connection to modbus server
[2024-11-26T07:02:47.800Z] Error reading register 6507 for IP 10.30.4.128: no connection to modbus server
[2024-11-26T07:02:47.800Z] Error reading or processing Modbus registers: no connection to modbus server
[2024-11-26T07:02:48.116Z] Error writing to Modbus register: no connection to modbus server
[2024-11-26T07:02:48.253Z] Error writing to Modbus register: no connection to modbus server
[2024-11-26T07:02:48.284Z] Error reading or processing Modbus registers: no connection to modbus server
[2024-11-26T07:02:48.284Z] Error reading register 6507 for IP 10.30.4.128: no connection to modbus server
[2024-11-26T07:02:48.329Z] Error writing to Modbus register: no connection to modbus server
[2024-11-26T07:02:48.480Z] Error reading or processing Modbus registers: no connection to modbus server
[2024-11-26T07:02:48.480Z] Error reading register 6507 for IP 10.30.4.128: no connection to modbus server
[2024-11-26T07:02:48.814Z] Error reading or processing Modbus registers: no connection to modbus server
[2024-11-26T07:02:48.814Z] Error reading register 6507 for IP 10.30.4.128: no connection to modbus server
[2024-11-26T07:02:48.815Z] Error reading or processing Modbus registers: no connection to modbus server
[2024-11-26T07:02:48.815Z] Error reading register 6507 for IP 10.30.4.128: no connection to modbus server
[2024-11-26T07:02:49.299Z] Error reading or processing Modbus registers: no connection to modbus server
[2024-11-26T07:02:49.299Z] Error reading register 6507 for IP 10.30.4.128: no connection to modbus server
[2024-11-26T07:02:49.313Z] Error writing to Modbus register: no connection to modbus server
[2024-11-26T07:02:49.481Z] Error reading register 6507 for IP 10.30.4.128: no connection to modbus server
[2024-11-26T07:02:49.481Z] Error reading or processing Modbus registers: no connection to modbus server
[2024-11-26T07:02:49.830Z] Error reading or processing Modbus registers: no connection to modbus server
[2024-11-26T07:02:49.830Z] Error reading register 6507 for IP 10.30.4.128: no connection to modbus server
[2024-11-26T07:02:49.830Z] Error reading or processing Modbus registers: no connection to modbus server
[2024-11-26T07:02:49.830Z] Error reading register 6507 for IP 10.30.4.128: no connection to modbus server
[2024-11-26T07:02:50.117Z] Error writing to Modbus register: no connection to modbus server
[2024-11-26T07:02:50.253Z] Error writing to Modbus register: no connection to modbus server
[2024-11-26T07:02:50.299Z] Error reading or processing Modbus registers: no connection to modbus server
[2024-11-26T07:02:50.299Z] Error reading register 6507 for IP 10.30.4.128: no connection to modbus server
[2024-11-26T07:02:50.329Z] Error writing to Modbus register: no connection to modbus server
[2024-11-26T07:02:50.482Z] Error reading register 6507 for IP 10.30.4.128: no connection to modbus server
[2024-11-26T07:02:50.482Z] Error reading or processing Modbus registers: no connection to modbus server
[2024-11-26T07:02:50.834Z] Error reading or processing Modbus registers: no connection to modbus server
[2024-11-26T07:02:50.834Z] Error reading register 6507 for IP 10.30.4.128: no connection to modbus server
[2024-11-26T07:02:50.834Z] Error reading or processing Modbus registers: no connection to modbus server
[2024-11-26T07:02:50.834Z] Error reading register 6507 for IP 10.30.4.128: no connection to modbus server
[2024-11-26T07:02:51.308Z] Error reading or processing Modbus registers: no connection to modbus server
[2024-11-26T07:02:51.308Z] Error reading register 6507 for IP 10.30.4.128: no connection to modbus server
[2024-11-26T07:02:51.323Z] Error writing to Modbus register: no connection to modbus server
[2024-11-26T07:02:51.481Z] Error reading or processing Modbus registers: no connection to modbus server
[2024-11-26T07:02:51.481Z] Error reading register 6507 for IP 10.30.4.128: no connection to modbus server
[2024-11-26T07:02:51.843Z] Error reading or processing Modbus registers: no connection to modbus server
[2024-11-26T07:02:51.843Z] Error reading register 6507 for IP 10.30.4.128: no connection to modbus server
[2024-11-26T07:02:51.843Z] Error reading or processing Modbus registers: no connection to modbus server
[2024-11-26T07:02:51.843Z] Error reading register 6507 for IP 10.30.4.128: no connection to modbus server
[2024-11-26T07:02:52.117Z] Error writing to Modbus register: no connection to modbus server
[2024-11-26T07:02:52.256Z] Error writing to Modbus register: no connection to modbus server
[2024-11-26T07:02:52.316Z] Error reading or processing Modbus registers: no connection to modbus server
[2024-11-26T07:02:52.316Z] Error reading register 6507 for IP 10.30.4.128: no connection to modbus server
[2024-11-26T07:02:52.331Z] Error writing to Modbus register: no connection to modbus server
[2024-11-26T07:02:52.485Z] Error reading or processing Modbus registers: no connection to modbus server
[2024-11-26T07:02:52.485Z] Error reading register 6507 for IP 10.30.4.128: no connection to modbus server
[2024-11-26T07:02:52.851Z] Error reading or processing Modbus registers: no connection to modbus server
[2024-11-26T07:02:52.851Z] Error reading register 6507 for IP 10.30.4.128: no connection to modbus server
[2024-11-26T07:02:52.851Z] Error reading or processing Modbus registers: no connection to modbus server
[2024-11-26T07:02:52.851Z] Error reading register 6507 for IP 10.30.4.128: no connection to modbus server
[2024-11-26T07:02:53.323Z] Error reading or processing Modbus registers: no connection to modbus server
[2024-11-26T07:02:53.323Z] Error reading register 6507 for IP 10.30.4.128: no connection to modbus server
[2024-11-26T07:02:53.323Z] Error writing to Modbus register: no connection to modbus server
[2024-11-26T07:02:53.491Z] Error reading or processing Modbus registers: no connection to modbus server
[2024-11-26T07:02:53.491Z] Error reading register 6507 for IP 10.30.4.128: no connection to modbus server
[2024-11-26T07:02:53.857Z] Error reading or processing Modbus registers: no connection to modbus server
[2024-11-26T07:02:53.857Z] Error reading register 6507 for IP 10.30.4.128: no connection to modbus server
[2024-11-26T07:02:53.857Z] Error reading or processing Modbus registers: no connection to modbus server
[2024-11-26T07:02:53.857Z] Error reading register 6507 for IP 10.30.4.128: no connection to modbus server
[2024-11-26T07:02:54.131Z] Error writing to Modbus register: no connection to modbus server
[2024-11-26T07:02:54.268Z] Error writing to Modbus register: no connection to modbus server
[2024-11-26T07:02:54.329Z] Error reading or processing Modbus registers: no connection to modbus server
[2024-11-26T07:02:54.329Z] Error reading register 6507 for IP 10.30.4.128: no connection to modbus server
[2024-11-26T07:02:54.344Z] Error writing to Modbus register: no connection to modbus server
[2024-11-26T07:02:54.497Z] Error reading or processing Modbus registers: no connection to modbus server
[2024-11-26T07:02:54.497Z] Error reading register 6507 for IP 10.30.4.128: no connection to modbus server
[2024-11-26T07:02:54.864Z] Error reading register 6507 for IP 10.30.4.128: no connection to modbus server
[2024-11-26T07:02:54.864Z] Error reading or processing Modbus registers: no connection to modbus server
[2024-11-26T07:02:54.864Z] Error reading register 6507 for IP 10.30.4.128: no connection to modbus server
[2024-11-26T07:02:54.864Z] Error reading or processing Modbus registers: no connection to modbus server
[2024-11-26T07:02:55.333Z] Error writing to Modbus register: no connection to modbus server
[2024-11-26T07:02:55.333Z] Error reading or processing Modbus registers: no connection to modbus server
[2024-11-26T07:02:55.333Z] Error reading register 6507 for IP 10.30.4.128: no connection to modbus server
[2024-11-26T07:02:55.498Z] Error reading or processing Modbus registers: no connection to modbus server
[2024-11-26T07:02:55.498Z] Error reading register 6507 for IP 10.30.4.128: no connection to modbus server
[2024-11-26T07:02:55.877Z] Error reading or processing Modbus registers: no connection to modbus server
[2024-11-26T07:02:55.877Z] Error reading register 6507 for IP 10.30.4.128: no connection to modbus server
[2024-11-26T07:02:55.877Z] Error reading or processing Modbus registers: no connection to modbus server
[2024-11-26T07:02:55.877Z] Error reading register 6507 for IP 10.30.4.128: no connection to modbus server
[2024-11-26T07:02:56.135Z] Error writing to Modbus register: no connection to modbus server
[2024-11-26T07:02:56.272Z] Error writing to Modbus register: no connection to modbus server
[2024-11-26T07:02:56.347Z] Error reading or processing Modbus registers: no connection to modbus server
[2024-11-26T07:02:56.348Z] Error reading register 6507 for IP 10.30.4.128: no connection to modbus server
[2024-11-26T07:02:56.348Z] Error writing to Modbus register: no connection to modbus server
[2024-11-26T07:02:56.499Z] Error reading or processing Modbus registers: no connection to modbus server
[2024-11-26T07:02:56.499Z] Error reading register 6507 for IP 10.30.4.128: no connection to modbus server
[2024-11-26T07:02:56.878Z] Error reading or processing Modbus registers: no connection to modbus server
[2024-11-26T07:02:56.878Z] Error reading register 6507 for IP 10.30.4.128: no connection to modbus server
[2024-11-26T07:02:56.878Z] Error reading register 6507 for IP 10.30.4.128: no connection to modbus server
[2024-11-26T07:02:56.878Z] Error reading or processing Modbus registers: no connection to modbus server
[2024-11-26T07:02:57.346Z] Error writing to Modbus register: no connection to modbus server
[2024-11-26T07:02:57.347Z] Error reading or processing Modbus registers: no connection to modbus server
[2024-11-26T07:02:57.347Z] Error reading register 6507 for IP 10.30.4.128: no connection to modbus server
[2024-11-26T07:02:57.513Z] Error reading or processing Modbus registers: no connection to modbus server
[2024-11-26T07:02:57.513Z] Error reading register 6507 for IP 10.30.4.128: no connection to modbus server
[2024-11-26T07:02:57.892Z] Error reading or processing Modbus registers: no connection to modbus server
[2024-11-26T07:02:57.892Z] Error reading register 6507 for IP 10.30.4.128: no connection to modbus server
[2024-11-26T07:02:57.892Z] Error reading or processing Modbus registers: no connection to modbus server
[2024-11-26T07:02:57.892Z] Error reading register 6507 for IP 10.30.4.128: no connection to modbus server
[2024-11-26T07:02:58.149Z] Error writing to Modbus register: no connection to modbus server
[2024-11-26T07:02:58.285Z] Error writing to Modbus register: no connection to modbus server
[2024-11-26T07:02:58.361Z] Error reading or processing Modbus registers: no connection to modbus server
[2024-11-26T07:02:58.361Z] Error reading register 6507 for IP 10.30.4.128: no connection to modbus server
[2024-11-26T07:02:58.362Z] Error writing to Modbus register: no connection to modbus server
[2024-11-26T07:02:58.528Z] Error reading or processing Modbus registers: no connection to modbus server
[2024-11-26T07:02:58.528Z] Error reading register 6507 for IP 10.30.4.128: no connection to modbus server
[2024-11-26T07:02:58.893Z] Error reading or processing Modbus registers: no connection to modbus server
[2024-11-26T07:02:58.893Z] Error reading register 6507 for IP 10.30.4.128: no connection to modbus server
[2024-11-26T07:02:58.893Z] Error reading register 6507 for IP 10.30.4.128: no connection to modbus server
[2024-11-26T07:02:58.893Z] Error reading or processing Modbus registers: no connection to modbus server
[2024-11-26T07:02:59.347Z] Error writing to Modbus register: no connection to modbus server
[2024-11-26T07:02:59.362Z] Error reading or processing Modbus registers: no connection to modbus server
[2024-11-26T07:02:59.362Z] Error reading register 6507 for IP 10.30.4.128: no connection to modbus server
[2024-11-26T07:02:59.531Z] Error reading or processing Modbus registers: no connection to modbus server
[2024-11-26T07:02:59.531Z] Error reading register 6507 for IP 10.30.4.128: no connection to modbus server
[2024-11-26T07:02:59.894Z] Error reading or processing Modbus registers: no connection to modbus server
[2024-11-26T07:02:59.894Z] Error reading register 6507 for IP 10.30.4.128: no connection to modbus server
[2024-11-26T07:02:59.894Z] Error reading or processing Modbus registers: no connection to modbus server
[2024-11-26T07:02:59.894Z] Error reading register 6507 for IP 10.30.4.128: no connection to modbus server
[2024-11-26T07:03:00.152Z] Error writing to Modbus register: no connection to modbus server
[2024-11-26T07:03:00.288Z] Error writing to Modbus register: no connection to modbus server
[2024-11-26T07:03:00.363Z] Error reading or processing Modbus registers: no connection to modbus server
[2024-11-26T07:03:00.363Z] Error reading register 6507 for IP 10.30.4.128: no connection to modbus server
[2024-11-26T07:03:00.363Z] Error writing to Modbus register: no connection to modbus server
[2024-11-26T07:03:00.532Z] Error reading or processing Modbus registers: no connection to modbus server
[2024-11-26T07:03:00.532Z] Error reading register 6507 for IP 10.30.4.128: no connection to modbus server
[2024-11-26T07:03:00.895Z] Error reading or processing Modbus registers: no connection to modbus server
[2024-11-26T07:03:00.895Z] Error reading register 6507 for IP 10.30.4.128: no connection to modbus server
[2024-11-26T07:03:00.895Z] Error reading or processing Modbus registers: no connection to modbus server
[2024-11-26T07:03:00.895Z] Error reading register 6507 for IP 10.30.4.128: no connection to modbus server
[2024-11-26T07:03:01.349Z] Error writing to Modbus register: no connection to modbus server
[2024-11-26T07:03:01.364Z] Error reading register 6507 for IP 10.30.4.128: no connection to modbus server
[2024-11-26T07:03:01.364Z] Error reading or processing Modbus registers: no connection to modbus server
[2024-11-26T07:03:01.546Z] Error reading or processing Modbus registers: no connection to modbus server
[2024-11-26T07:03:01.546Z] Error reading register 6507 for IP 10.30.4.128: no connection to modbus server
[2024-11-26T07:03:01.909Z] Error reading or processing Modbus registers: no connection to modbus server
[2024-11-26T07:03:01.909Z] Error reading register 6507 for IP 10.30.4.128: no connection to modbus server
[2024-11-26T07:03:01.909Z] Error reading or processing Modbus registers: no connection to modbus server
[2024-11-26T07:03:01.909Z] Error reading register 6507 for IP 10.30.4.128: no connection to modbus server
[2024-11-26T07:03:02.152Z] Error writing to Modbus register: no connection to modbus server
[2024-11-26T07:03:02.289Z] Error writing to Modbus register: no connection to modbus server
[2024-11-26T07:03:02.365Z] Error reading or processing Modbus registers: no connection to modbus server
[2024-11-26T07:03:02.365Z] Error reading register 6507 for IP 10.30.4.128: no connection to modbus server
[2024-11-26T07:03:02.365Z] Error writing to Modbus register: no connection to modbus server
[2024-11-26T07:03:02.547Z] Error reading or processing Modbus registers: no connection to modbus server
[2024-11-26T07:03:02.547Z] Error reading register 6507 for IP 10.30.4.128: no connection to modbus server
[2024-11-26T07:03:02.912Z] Error reading register 6507 for IP 10.30.4.128: no connection to modbus server
[2024-11-26T07:03:02.912Z] Error reading or processing Modbus registers: no connection to modbus server
[2024-11-26T07:03:02.912Z] Error reading register 6507 for IP 10.30.4.128: no connection to modbus server
[2024-11-26T07:03:02.912Z] Error reading or processing Modbus registers: no connection to modbus server
[2024-11-26T07:03:03.352Z] Error writing to Modbus register: no connection to modbus server
[2024-11-26T07:03:03.367Z] Error reading or processing Modbus registers: no connection to modbus server
[2024-11-26T07:03:03.367Z] Error reading register 6507 for IP 10.30.4.128: no connection to modbus server
[2024-11-26T07:03:03.550Z] Error reading or processing Modbus registers: no connection to modbus server
[2024-11-26T07:03:03.550Z] Error reading register 6507 for IP 10.30.4.128: no connection to modbus server
[2024-11-26T07:03:03.913Z] Error reading register 6507 for IP 10.30.4.128: no connection to modbus server
[2024-11-26T07:03:03.913Z] Error reading or processing Modbus registers: no connection to modbus server
[2024-11-26T07:03:03.913Z] Error reading or processing Modbus registers: no connection to modbus server
[2024-11-26T07:03:03.913Z] Error reading register 6507 for IP 10.30.4.128: no connection to modbus server
[2024-11-26T07:03:04.156Z] Error writing to Modbus register: no connection to modbus server
[2024-11-26T07:03:04.294Z] Error writing to Modbus register: no connection to modbus server
[2024-11-26T07:03:04.369Z] Error writing to Modbus register: no connection to modbus server
[2024-11-26T07:03:04.369Z] Error reading or processing Modbus registers: no connection to modbus server
[2024-11-26T07:03:04.369Z] Error reading register 6507 for IP 10.30.4.128: no connection to modbus server
[2024-11-26T07:03:04.551Z] Error reading or processing Modbus registers: no connection to modbus server
[2024-11-26T07:03:04.551Z] Error reading register 6507 for IP 10.30.4.128: no connection to modbus server
[2024-11-26T07:03:04.914Z] Error reading or processing Modbus registers: no connection to modbus server
[2024-11-26T07:03:04.914Z] Error reading register 6507 for IP 10.30.4.128: no connection to modbus server
[2024-11-26T07:03:04.914Z] Error reading register 6507 for IP 10.30.4.128: no connection to modbus server
[2024-11-26T07:03:04.914Z] Error reading or processing Modbus registers: no connection to modbus server
[2024-11-26T07:03:05.359Z] Error writing to Modbus register: no connection to modbus server
[2024-11-26T07:03:05.374Z] Error reading or processing Modbus registers: no connection to modbus server
[2024-11-26T07:03:05.374Z] Error reading register 6507 for IP 10.30.4.128: no connection to modbus server
[2024-11-26T07:03:05.555Z] Error reading or processing Modbus registers: no connection to modbus server
[2024-11-26T07:03:05.555Z] Error reading register 6507 for IP 10.30.4.128: no connection to modbus server
[2024-11-26T07:03:05.924Z] Error reading register 6507 for IP 10.30.4.128: no connection to modbus server
[2024-11-26T07:03:05.924Z] Error reading or processing Modbus registers: no connection to modbus server
[2024-11-26T07:03:05.924Z] Error reading or processing Modbus registers: no connection to modbus server
[2024-11-26T07:03:05.924Z] Error reading register 6507 for IP 10.30.4.128: no connection to modbus server
[2024-11-26T07:03:06.168Z] Error writing to Modbus register: no connection to modbus server
[2024-11-26T07:03:06.305Z] Error writing to Modbus register: no connection to modbus server
[2024-11-26T07:03:06.383Z] Error writing to Modbus register: no connection to modbus server
[2024-11-26T07:03:06.383Z] Error reading or processing Modbus registers: no connection to modbus server
[2024-11-26T07:03:06.383Z] Error reading register 6507 for IP 10.30.4.128: no connection to modbus server
[2024-11-26T07:03:06.568Z] Error reading or processing Modbus registers: no connection to modbus server
[2024-11-26T07:03:06.568Z] Error reading register 6507 for IP 10.30.4.128: no connection to modbus server
[2024-11-26T07:03:06.937Z] Error reading register 6507 for IP 10.30.4.128: no connection to modbus server
[2024-11-26T07:03:06.937Z] Error reading or processing Modbus registers: no connection to modbus server
[2024-11-26T07:03:06.937Z] Error reading register 6507 for IP 10.30.4.128: no connection to modbus server
[2024-11-26T07:03:06.937Z] Error reading or processing Modbus registers: no connection to modbus server
[2024-11-26T07:03:07.362Z] Error writing to Modbus register: no connection to modbus server
[2024-11-26T07:03:07.391Z] Error reading or processing Modbus registers: no connection to modbus server
[2024-11-26T07:03:07.392Z] Error reading register 6507 for IP 10.30.4.128: no connection to modbus server
[2024-11-26T07:03:07.573Z] Error reading or processing Modbus registers: no connection to modbus server
[2024-11-26T07:03:07.573Z] Error reading register 6507 for IP 10.30.4.128: no connection to modbus server
[2024-11-26T07:03:07.952Z] Error reading or processing Modbus registers: no connection to modbus server
[2024-11-26T07:03:07.952Z] Error reading register 6507 for IP 10.30.4.128: no connection to modbus server
[2024-11-26T07:03:07.952Z] Error reading or processing Modbus registers: no connection to modbus server
[2024-11-26T07:03:07.952Z] Error reading register 6507 for IP 10.30.4.128: no connection to modbus server
[2024-11-26T07:03:08.178Z] Error writing to Modbus register: no connection to modbus server
[2024-11-26T07:03:08.314Z] Error writing to Modbus register: no connection to modbus server
[2024-11-26T07:03:08.390Z] Error writing to Modbus register: no connection to modbus server
[2024-11-26T07:03:08.391Z] Error reading or processing Modbus registers: no connection to modbus server
[2024-11-26T07:03:08.391Z] Error reading register 6507 for IP 10.30.4.128: no connection to modbus server
[2024-11-26T07:03:08.586Z] Error reading or processing Modbus registers: no connection to modbus server
[2024-11-26T07:03:08.586Z] Error reading register 6507 for IP 10.30.4.128: no connection to modbus server
[2024-11-26T07:03:08.964Z] Error reading or processing Modbus registers: no connection to modbus server
[2024-11-26T07:03:08.964Z] Error reading register 6507 for IP 10.30.4.128: no connection to modbus server
[2024-11-26T07:03:08.964Z] Error reading register 6507 for IP 10.30.4.128: no connection to modbus server
[2024-11-26T07:03:08.964Z] Error reading or processing Modbus registers: no connection to modbus server
[2024-11-26T07:03:09.375Z] Error writing to Modbus register: no connection to modbus server
[2024-11-26T07:03:09.405Z] Error reading or processing Modbus registers: no connection to modbus server
[2024-11-26T07:03:09.405Z] Error reading register 6507 for IP 10.30.4.128: no connection to modbus server
[2024-11-26T07:03:09.587Z] Error reading or processing Modbus registers: no connection to modbus server
[2024-11-26T07:03:09.587Z] Error reading register 6507 for IP 10.30.4.128: no connection to modbus server
[2024-11-26T07:03:09.980Z] Error reading register 6507 for IP 10.30.4.128: no connection to modbus server
[2024-11-26T07:03:09.979Z] Error reading or processing Modbus registers: no connection to modbus server
[2024-11-26T07:03:09.980Z] Error reading or processing Modbus registers: no connection to modbus server
[2024-11-26T07:03:09.980Z] Error reading register 6507 for IP 10.30.4.128: no connection to modbus server
[2024-11-26T07:03:10.191Z] Error writing to Modbus register: no connection to modbus server
[2024-11-26T07:03:10.327Z] Error writing to Modbus register: no connection to modbus server
[2024-11-26T07:03:10.403Z] Error writing to Modbus register: no connection to modbus server
[2024-11-26T07:03:10.418Z] Error reading or processing Modbus registers: no connection to modbus server
[2024-11-26T07:03:10.418Z] Error reading register 6507 for IP 10.30.4.128: no connection to modbus server
[2024-11-26T07:03:10.600Z] Error reading or processing Modbus registers: no connection to modbus server
[2024-11-26T07:03:10.600Z] Error reading register 6507 for IP 10.30.4.128: no connection to modbus server
[2024-11-26T07:03:10.994Z] Error reading or processing Modbus registers: no connection to modbus server
[2024-11-26T07:03:10.994Z] Error reading register 6507 for IP 10.30.4.128: no connection to modbus server
[2024-11-26T07:03:10.994Z] Error reading register 6507 for IP 10.30.4.128: no connection to modbus server
[2024-11-26T07:03:10.994Z] Error reading or processing Modbus registers: no connection to modbus server
[2024-11-26T07:03:11.390Z] Error writing to Modbus register: no connection to modbus server
[2024-11-26T07:03:11.420Z] Error reading or processing Modbus registers: no connection to modbus server
[2024-11-26T07:03:11.420Z] Error reading register 6507 for IP 10.30.4.128: no connection to modbus server
[2024-11-26T07:03:11.602Z] Error reading or processing Modbus registers: no connection to modbus server
[2024-11-26T07:03:11.602Z] Error reading register 6507 for IP 10.30.4.128: no connection to modbus server
[2024-11-26T07:03:11.997Z] Error reading or processing Modbus registers: no connection to modbus server
[2024-11-26T07:03:11.997Z] Error reading or processing Modbus registers: no connection to modbus server
[2024-11-26T07:03:11.997Z] Error reading register 6507 for IP 10.30.4.128: no connection to modbus server
[2024-11-26T07:03:11.997Z] Error reading register 6507 for IP 10.30.4.128: no connection to modbus server
[2024-11-26T07:03:12.194Z] Error writing to Modbus register: no connection to modbus server
[2024-11-26T07:03:12.330Z] Error writing to Modbus register: no connection to modbus server
[2024-11-26T07:03:12.406Z] Error writing to Modbus register: no connection to modbus server
[2024-11-26T07:03:12.421Z] Error reading or processing Modbus registers: no connection to modbus server
[2024-11-26T07:03:12.421Z] Error reading register 6507 for IP 10.30.4.128: no connection to modbus server
[2024-11-26T07:03:12.602Z] Error reading or processing Modbus registers: no connection to modbus server
[2024-11-26T07:03:12.602Z] Error reading register 6507 for IP 10.30.4.128: no connection to modbus server
[2024-11-26T07:03:12.997Z] Error reading or processing Modbus registers: no connection to modbus server
[2024-11-26T07:03:12.997Z] Error reading register 6507 for IP 10.30.4.128: no connection to modbus server
[2024-11-26T07:03:12.997Z] Error reading or processing Modbus registers: no connection to modbus server
[2024-11-26T07:03:12.997Z] Error reading register 6507 for IP 10.30.4.128: no connection to modbus server
[2024-11-26T07:03:13.390Z] Error writing to Modbus register: no connection to modbus server
[2024-11-26T07:03:13.435Z] Error reading register 6507 for IP 10.30.4.128: no connection to modbus server
[2024-11-26T07:03:13.435Z] Error reading or processing Modbus registers: no connection to modbus server
[2024-11-26T07:03:13.602Z] Error reading or processing Modbus registers: no connection to modbus server
[2024-11-26T07:03:13.602Z] Error reading register 6507 for IP 10.30.4.128: no connection to modbus server
[2024-11-26T07:03:13.998Z] Error reading register 6507 for IP 10.30.4.128: no connection to modbus server
[2024-11-26T07:03:13.998Z] Error reading or processing Modbus registers: no connection to modbus server
[2024-11-26T07:03:13.998Z] Error reading register 6507 for IP 10.30.4.128: no connection to modbus server
[2024-11-26T07:03:13.998Z] Error reading or processing Modbus registers: no connection to modbus server
[2024-11-26T07:03:14.195Z] Error writing to Modbus register: no connection to modbus server
[2024-11-26T07:03:14.332Z] Error writing to Modbus register: no connection to modbus server
[2024-11-26T07:03:14.407Z] Error writing to Modbus register: no connection to modbus server
[2024-11-26T07:03:14.437Z] Error reading or processing Modbus registers: no connection to modbus server
[2024-11-26T07:03:14.437Z] Error reading register 6507 for IP 10.30.4.128: no connection to modbus server
[2024-11-26T07:03:14.605Z] Error reading or processing Modbus registers: no connection to modbus server
[2024-11-26T07:03:14.605Z] Error reading register 6507 for IP 10.30.4.128: no connection to modbus server
[2024-11-26T07:03:14.999Z] Error reading or processing Modbus registers: no connection to modbus server
[2024-11-26T07:03:14.999Z] Error reading register 6507 for IP 10.30.4.128: no connection to modbus server
[2024-11-26T07:03:14.999Z] Error reading register 6507 for IP 10.30.4.128: no connection to modbus server
[2024-11-26T07:03:14.999Z] Error reading or processing Modbus registers: no connection to modbus server
[2024-11-26T07:03:15.392Z] Error writing to Modbus register: no connection to modbus server
[2024-11-26T07:03:15.438Z] Error reading or processing Modbus registers: no connection to modbus server
[2024-11-26T07:03:15.438Z] Error reading register 6507 for IP 10.30.4.128: no connection to modbus server
[2024-11-26T07:03:15.620Z] Error reading or processing Modbus registers: no connection to modbus server
[2024-11-26T07:03:15.620Z] Error reading register 6507 for IP 10.30.4.128: no connection to modbus server
[2024-11-26T07:03:16.000Z] Error reading or processing Modbus registers: no connection to modbus server
[2024-11-26T07:03:16.000Z] Error reading register 6507 for IP 10.30.4.128: no connection to modbus server
[2024-11-26T07:03:16.000Z] Error reading or processing Modbus registers: no connection to modbus server
[2024-11-26T07:03:16.000Z] Error reading register 6507 for IP 10.30.4.128: no connection to modbus server
[2024-11-26T07:03:16.196Z] Error writing to Modbus register: no connection to modbus server
[2024-11-26T07:03:16.333Z] Error writing to Modbus register: no connection to modbus server
[2024-11-26T07:03:16.408Z] Error writing to Modbus register: no connection to modbus server
[2024-11-26T07:03:16.438Z] Error reading or processing Modbus registers: no connection to modbus server
[2024-11-26T07:03:16.438Z] Error reading register 6507 for IP 10.30.4.128: no connection to modbus server
[2024-11-26T07:03:16.621Z] Error reading or processing Modbus registers: no connection to modbus server
[2024-11-26T07:03:16.622Z] Error reading register 6507 for IP 10.30.4.128: no connection to modbus server
[2024-11-26T07:03:17.014Z] Error reading or processing Modbus registers: no connection to modbus server
[2024-11-26T07:03:17.014Z] Error reading register 6507 for IP 10.30.4.128: no connection to modbus server
[2024-11-26T07:03:17.014Z] Error reading register 6507 for IP 10.30.4.128: no connection to modbus server
[2024-11-26T07:03:17.014Z] Error reading or processing Modbus registers: no connection to modbus server
[2024-11-26T07:03:17.393Z] Error writing to Modbus register: no connection to modbus server
[2024-11-26T07:03:17.439Z] Error reading or processing Modbus registers: no connection to modbus server
[2024-11-26T07:03:17.439Z] Error reading register 6507 for IP 10.30.4.128: no connection to modbus server
[2024-11-26T07:03:17.635Z] Error reading or processing Modbus registers: no connection to modbus server
[2024-11-26T07:03:17.636Z] Error reading register 6507 for IP 10.30.4.128: no connection to modbus server
[2024-11-26T07:03:18.030Z] Error reading or processing Modbus registers: no connection to modbus server
[2024-11-26T07:03:18.030Z] Error reading register 6507 for IP 10.30.4.128: no connection to modbus server
[2024-11-26T07:03:18.030Z] Error reading register 6507 for IP 10.30.4.128: no connection to modbus server
[2024-11-26T07:03:18.030Z] Error reading or processing Modbus registers: no connection to modbus server
[2024-11-26T07:03:18.196Z] Error writing to Modbus register: no connection to modbus server
[2024-11-26T07:03:18.333Z] Error writing to Modbus register: no connection to modbus server
[2024-11-26T07:03:18.423Z] Error writing to Modbus register: no connection to modbus server
[2024-11-26T07:03:18.453Z] Error reading or processing Modbus registers: no connection to modbus server
[2024-11-26T07:03:18.453Z] Error reading register 6507 for IP 10.30.4.128: no connection to modbus server
[2024-11-26T07:03:18.647Z] Error reading or processing Modbus registers: no connection to modbus server
[2024-11-26T07:03:18.647Z] Error reading register 6507 for IP 10.30.4.128: no connection to modbus server
[2024-11-26T07:03:19.030Z] Error reading or processing Modbus registers: no connection to modbus server
[2024-11-26T07:03:19.030Z] Error reading register 6507 for IP 10.30.4.128: no connection to modbus server
[2024-11-26T07:03:19.030Z] Error reading register 6507 for IP 10.30.4.128: no connection to modbus server
[2024-11-26T07:03:19.030Z] Error reading or processing Modbus registers: no connection to modbus server
[2024-11-26T07:03:19.394Z] Error writing to Modbus register: no connection to modbus server
[2024-11-26T07:03:19.454Z] Error reading or processing Modbus registers: no connection to modbus server
[2024-11-26T07:03:19.454Z] Error reading register 6507 for IP 10.30.4.128: no connection to modbus server
[2024-11-26T07:03:19.652Z] Error reading or processing Modbus registers: no connection to modbus server
[2024-11-26T07:03:19.652Z] Error reading register 6507 for IP 10.30.4.128: no connection to modbus server
[2024-11-26T07:03:20.031Z] Error reading or processing Modbus registers: no connection to modbus server
[2024-11-26T07:03:20.032Z] Error reading register 6507 for IP 10.30.4.128: no connection to modbus server
[2024-11-26T07:03:20.032Z] Error reading or processing Modbus registers: no connection to modbus server
[2024-11-26T07:03:20.032Z] Error reading register 6507 for IP 10.30.4.128: no connection to modbus server
[2024-11-26T07:03:20.197Z] Error writing to Modbus register: no connection to modbus server
[2024-11-26T07:03:20.348Z] Error writing to Modbus register: no connection to modbus server
[2024-11-26T07:03:20.423Z] Error writing to Modbus register: no connection to modbus server
[2024-11-26T07:03:20.470Z] Error reading or processing Modbus registers: no connection to modbus server
[2024-11-26T07:03:20.470Z] Error reading register 6507 for IP 10.30.4.128: no connection to modbus server
[2024-11-26T07:03:20.666Z] Error reading or processing Modbus registers: no connection to modbus server
[2024-11-26T07:03:20.666Z] Error reading register 6507 for IP 10.30.4.128: no connection to modbus server
[2024-11-26T07:03:21.031Z] Error reading or processing Modbus registers: no connection to modbus server
[2024-11-26T07:03:21.031Z] Error reading register 6507 for IP 10.30.4.128: no connection to modbus server
[2024-11-26T07:03:21.032Z] Error reading or processing Modbus registers: no connection to modbus server
[2024-11-26T07:03:21.032Z] Error reading register 6507 for IP 10.30.4.128: no connection to modbus server
[2024-11-26T07:03:21.395Z] Error writing to Modbus register: no connection to modbus server
[2024-11-26T07:03:21.471Z] Error reading or processing Modbus registers: no connection to modbus server
[2024-11-26T07:03:21.471Z] Error reading register 6507 for IP 10.30.4.128: no connection to modbus server
[2024-11-26T07:03:21.667Z] Error reading or processing Modbus registers: no connection to modbus server
[2024-11-26T07:03:21.668Z] Error reading register 6507 for IP 10.30.4.128: no connection to modbus server
[2024-11-26T07:03:22.033Z] Error reading or processing Modbus registers: no connection to modbus server
[2024-11-26T07:03:22.033Z] Error reading or processing Modbus registers: no connection to modbus server
[2024-11-26T07:03:22.033Z] Error reading register 6507 for IP 10.30.4.128: no connection to modbus server
[2024-11-26T07:03:22.033Z] Error reading register 6507 for IP 10.30.4.128: no connection to modbus server
[2024-11-26T07:03:22.199Z] Error writing to Modbus register: no connection to modbus server
[2024-11-26T07:03:22.351Z] Error writing to Modbus register: no connection to modbus server
[2024-11-26T07:03:22.426Z] Error writing to Modbus register: no connection to modbus server
[2024-11-26T07:03:22.472Z] Error reading register 6507 for IP 10.30.4.128: no connection to modbus server
[2024-11-26T07:03:22.472Z] Error reading or processing Modbus registers: no connection to modbus server
[2024-11-26T07:03:22.669Z] Error reading or processing Modbus registers: no connection to modbus server
[2024-11-26T07:03:22.669Z] Error reading register 6507 for IP 10.30.4.128: no connection to modbus server
[2024-11-26T07:03:23.033Z] Error reading or processing Modbus registers: no connection to modbus server
[2024-11-26T07:03:23.033Z] Error reading register 6507 for IP 10.30.4.128: no connection to modbus server
[2024-11-26T07:03:23.033Z] Error reading or processing Modbus registers: no connection to modbus server
[2024-11-26T07:03:23.033Z] Error reading register 6507 for IP 10.30.4.128: no connection to modbus server
[2024-11-26T07:03:23.398Z] Error writing to Modbus register: no connection to modbus server
[2024-11-26T07:03:23.474Z] Error reading or processing Modbus registers: no connection to modbus server
[2024-11-26T07:03:23.474Z] Error reading register 6507 for IP 10.30.4.128: no connection to modbus server
[2024-11-26T07:03:23.672Z] Error reading or processing Modbus registers: no connection to modbus server
[2024-11-26T07:03:23.672Z] Error reading register 6507 for IP 10.30.4.128: no connection to modbus server
[2024-11-26T07:03:24.039Z] Error reading or processing Modbus registers: no connection to modbus server
[2024-11-26T07:03:24.039Z] Error reading register 6507 for IP 10.30.4.128: no connection to modbus server
[2024-11-26T07:03:24.039Z] Error reading or processing Modbus registers: no connection to modbus server
[2024-11-26T07:03:24.039Z] Error reading register 6507 for IP 10.30.4.128: no connection to modbus server
[2024-11-26T07:03:24.208Z] Error writing to Modbus register: no connection to modbus server
[2024-11-26T07:03:24.361Z] Error writing to Modbus register: no connection to modbus server
[2024-11-26T07:03:24.438Z] Error writing to Modbus register: no connection to modbus server
[2024-11-26T07:03:24.485Z] Error reading or processing Modbus registers: no connection to modbus server
[2024-11-26T07:03:24.485Z] Error reading register 6507 for IP 10.30.4.128: no connection to modbus server
[2024-11-26T07:03:24.685Z] Error reading or processing Modbus registers: no connection to modbus server
[2024-11-26T07:03:24.685Z] Error reading register 6507 for IP 10.30.4.128: no connection to modbus server
[2024-11-26T07:03:25.053Z] Error reading register 6507 for IP 10.30.4.128: no connection to modbus server
[2024-11-26T07:03:25.053Z] Error reading or processing Modbus registers: no connection to modbus server
[2024-11-26T07:03:25.053Z] Error reading register 6507 for IP 10.30.4.128: no connection to modbus server
[2024-11-26T07:03:25.053Z] Error reading or processing Modbus registers: no connection to modbus server
[2024-11-26T07:03:25.408Z] Error writing to Modbus register: no connection to modbus server
[2024-11-26T07:03:25.500Z] Error reading or processing Modbus registers: no connection to modbus server
[2024-11-26T07:03:25.500Z] Error reading register 6507 for IP 10.30.4.128: no connection to modbus server
[2024-11-26T07:03:25.698Z] Error reading or processing Modbus registers: no connection to modbus server
[2024-11-26T07:03:25.698Z] Error reading register 6507 for IP 10.30.4.128: no connection to modbus server
[2024-11-26T07:03:26.065Z] Error reading or processing Modbus registers: no connection to modbus server
[2024-11-26T07:03:26.065Z] Error reading register 6507 for IP 10.30.4.128: no connection to modbus server
[2024-11-26T07:03:26.065Z] Error reading or processing Modbus registers: no connection to modbus server
[2024-11-26T07:03:26.066Z] Error reading register 6507 for IP 10.30.4.128: no connection to modbus server
[2024-11-26T07:03:26.208Z] Error writing to Modbus register: no connection to modbus server
[2024-11-26T07:03:26.369Z] Error writing to Modbus register: no connection to modbus server
[2024-11-26T07:03:26.445Z] Error writing to Modbus register: no connection to modbus server
[2024-11-26T07:03:26.507Z] Error reading or processing Modbus registers: no connection to modbus server
[2024-11-26T07:03:26.507Z] Error reading register 6507 for IP 10.30.4.128: no connection to modbus server
[2024-11-26T07:03:26.704Z] Error reading or processing Modbus registers: no connection to modbus server
[2024-11-26T07:03:26.704Z] Error reading register 6507 for IP 10.30.4.128: no connection to modbus server
[2024-11-26T07:03:27.069Z] Error reading or processing Modbus registers: no connection to modbus server
[2024-11-26T07:03:27.069Z] Error reading register 6507 for IP 10.30.4.128: no connection to modbus server
[2024-11-26T07:03:27.069Z] Error reading register 6507 for IP 10.30.4.128: no connection to modbus server
[2024-11-26T07:03:27.069Z] Error reading or processing Modbus registers: no connection to modbus server
[2024-11-26T07:03:27.420Z] Error writing to Modbus register: no connection to modbus server
[2024-11-26T07:03:27.510Z] Error reading or processing Modbus registers: no connection to modbus server
[2024-11-26T07:03:27.510Z] Error reading register 6507 for IP 10.30.4.128: no connection to modbus server
[2024-11-26T07:03:27.707Z] Error reading or processing Modbus registers: no connection to modbus server
[2024-11-26T07:03:27.707Z] Error reading register 6507 for IP 10.30.4.128: no connection to modbus server
[2024-11-26T07:03:28.071Z] Error reading or processing Modbus registers: no connection to modbus server
[2024-11-26T07:03:28.071Z] Error reading register 6507 for IP 10.30.4.128: no connection to modbus server
[2024-11-26T07:03:28.071Z] Error reading or processing Modbus registers: no connection to modbus server
[2024-11-26T07:03:28.071Z] Error reading register 6507 for IP 10.30.4.128: no connection to modbus server
[2024-11-26T07:03:28.208Z] Error writing to Modbus register: no connection to modbus server
[2024-11-26T07:03:28.375Z] Error writing to Modbus register: no connection to modbus server
[2024-11-26T07:03:28.451Z] Error writing to Modbus register: no connection to modbus server
[2024-11-26T07:03:28.510Z] Error reading or processing Modbus registers: no connection to modbus server
[2024-11-26T07:03:28.510Z] Error reading register 6507 for IP 10.30.4.128: no connection to modbus server
[2024-11-26T07:03:28.711Z] Error reading or processing Modbus registers: no connection to modbus server
[2024-11-26T07:03:28.711Z] Error reading register 6507 for IP 10.30.4.128: no connection to modbus server
[2024-11-26T07:03:29.075Z] Error reading or processing Modbus registers: no connection to modbus server
[2024-11-26T07:03:29.075Z] Error reading register 6507 for IP 10.30.4.128: no connection to modbus server
[2024-11-26T07:03:29.075Z] Error reading register 6507 for IP 10.30.4.128: no connection to modbus server
[2024-11-26T07:03:29.075Z] Error reading or processing Modbus registers: no connection to modbus server
[2024-11-26T07:03:29.421Z] Error writing to Modbus register: no connection to modbus server
[2024-11-26T07:03:29.515Z] Error reading or processing Modbus registers: no connection to modbus server
[2024-11-26T07:03:29.515Z] Error reading register 6507 for IP 10.30.4.128: no connection to modbus server
[2024-11-26T07:03:29.712Z] Error reading or processing Modbus registers: no connection to modbus server
[2024-11-26T07:03:29.712Z] Error reading register 6507 for IP 10.30.4.128: no connection to modbus server
[2024-11-26T07:03:30.078Z] Error reading or processing Modbus registers: no connection to modbus server
[2024-11-26T07:03:30.078Z] Error reading or processing Modbus registers: no connection to modbus server
[2024-11-26T07:03:30.078Z] Error reading register 6507 for IP 10.30.4.128: no connection to modbus server
[2024-11-26T07:03:30.078Z] Error reading register 6507 for IP 10.30.4.128: no connection to modbus server
[2024-11-26T07:03:30.210Z] Error writing to Modbus register: no connection to modbus server
[2024-11-26T07:03:30.382Z] Error writing to Modbus register: no connection to modbus server
[2024-11-26T07:03:30.458Z] Error writing to Modbus register: no connection to modbus server
[2024-11-26T07:03:30.519Z] Error reading or processing Modbus registers: no connection to modbus server
[2024-11-26T07:03:30.519Z] Error reading register 6507 for IP 10.30.4.128: no connection to modbus server
[2024-11-26T07:03:30.718Z] Error reading or processing Modbus registers: no connection to modbus server
[2024-11-26T07:03:30.718Z] Error reading register 6507 for IP 10.30.4.128: no connection to modbus server
[2024-11-26T07:03:31.084Z] Error reading or processing Modbus registers: no connection to modbus server
[2024-11-26T07:03:31.084Z] Error reading register 6507 for IP 10.30.4.128: no connection to modbus server
[2024-11-26T07:03:31.084Z] Error reading register 6507 for IP 10.30.4.128: no connection to modbus server
[2024-11-26T07:03:31.084Z] Error reading or processing Modbus registers: no connection to modbus server
[2024-11-26T07:03:31.434Z] Error writing to Modbus register: no connection to modbus server
[2024-11-26T07:03:31.525Z] Error reading register 6507 for IP 10.30.4.128: no connection to modbus server
[2024-11-26T07:03:31.525Z] Error reading or processing Modbus registers: no connection to modbus server
[2024-11-26T07:03:31.723Z] Error reading or processing Modbus registers: no connection to modbus server
[2024-11-26T07:03:31.723Z] Error reading register 6507 for IP 10.30.4.128: no connection to modbus server
[2024-11-26T07:03:32.090Z] Error reading or processing Modbus registers: no connection to modbus server
[2024-11-26T07:03:32.090Z] Error reading register 6507 for IP 10.30.4.128: no connection to modbus server
[2024-11-26T07:03:32.091Z] Error reading or processing Modbus registers: no connection to modbus server
[2024-11-26T07:03:32.091Z] Error reading register 6507 for IP 10.30.4.128: no connection to modbus server
[2024-11-26T07:03:32.210Z] Error writing to Modbus register: no connection to modbus server
[2024-11-26T07:03:32.396Z] Error writing to Modbus register: no connection to modbus server
[2024-11-26T07:03:32.458Z] Error writing to Modbus register: no connection to modbus server
[2024-11-26T07:03:32.536Z] Error reading register 6507 for IP 10.30.4.128: no connection to modbus server
[2024-11-26T07:03:32.536Z] Error reading or processing Modbus registers: no connection to modbus server
[2024-11-26T07:03:32.736Z] Error reading or processing Modbus registers: no connection to modbus server
[2024-11-26T07:03:32.736Z] Error reading register 6507 for IP 10.30.4.128: no connection to modbus server
[2024-11-26T07:03:33.090Z] Error reading or processing Modbus registers: no connection to modbus server
[2024-11-26T07:03:33.090Z] Error reading register 6507 for IP 10.30.4.128: no connection to modbus server
[2024-11-26T07:03:33.090Z] Error reading or processing Modbus registers: no connection to modbus server
[2024-11-26T07:03:33.091Z] Error reading register 6507 for IP 10.30.4.128: no connection to modbus server
[2024-11-26T07:03:33.441Z] Error writing to Modbus register: no connection to modbus server
[2024-11-26T07:03:33.548Z] Error reading or processing Modbus registers: no connection to modbus server
[2024-11-26T07:03:33.548Z] Error reading register 6507 for IP 10.30.4.128: no connection to modbus server
[2024-11-26T07:03:33.750Z] Error reading or processing Modbus registers: no connection to modbus server
[2024-11-26T07:03:33.750Z] Error reading register 6507 for IP 10.30.4.128: no connection to modbus server
[2024-11-26T07:03:34.101Z] Error reading or processing Modbus registers: no connection to modbus server
[2024-11-26T07:03:34.101Z] Error reading register 6507 for IP 10.30.4.128: no connection to modbus server
[2024-11-26T07:03:34.101Z] Error reading or processing Modbus registers: no connection to modbus server
[2024-11-26T07:03:34.102Z] Error reading register 6507 for IP 10.30.4.128: no connection to modbus server
[2024-11-26T07:03:34.210Z] Error writing to Modbus register: no connection to modbus server
[2024-11-26T07:03:34.406Z] Error writing to Modbus register: no connection to modbus server
[2024-11-26T07:03:34.467Z] Error writing to Modbus register: no connection to modbus server
[2024-11-26T07:03:34.558Z] Error reading or processing Modbus registers: no connection to modbus server
[2024-11-26T07:03:34.558Z] Error reading register 6507 for IP 10.30.4.128: no connection to modbus server
[2024-11-26T07:03:34.755Z] Error reading or processing Modbus registers: no connection to modbus server
[2024-11-26T07:03:34.755Z] Error reading register 6507 for IP 10.30.4.128: no connection to modbus server
[2024-11-26T07:03:35.108Z] Error reading or processing Modbus registers: no connection to modbus server
[2024-11-26T07:03:35.108Z] Error reading register 6507 for IP 10.30.4.128: no connection to modbus server
[2024-11-26T07:03:35.108Z] Error reading or processing Modbus registers: no connection to modbus server
[2024-11-26T07:03:35.108Z] Error reading register 6507 for IP 10.30.4.128: no connection to modbus server
[2024-11-26T07:03:35.442Z] Error writing to Modbus register: no connection to modbus server
[2024-11-26T07:03:35.564Z] Error reading or processing Modbus registers: no connection to modbus server
[2024-11-26T07:03:35.564Z] Error reading register 6507 for IP 10.30.4.128: no connection to modbus server
[2024-11-26T07:03:35.764Z] Error reading or processing Modbus registers: no connection to modbus server
[2024-11-26T07:03:35.764Z] Error reading register 6507 for IP 10.30.4.128: no connection to modbus server
[2024-11-26T07:03:36.114Z] Error reading or processing Modbus registers: no connection to modbus server
[2024-11-26T07:03:36.114Z] Error reading register 6507 for IP 10.30.4.128: no connection to modbus server
[2024-11-26T07:03:36.114Z] Error reading register 6507 for IP 10.30.4.128: no connection to modbus server
[2024-11-26T07:03:36.114Z] Error reading or processing Modbus registers: no connection to modbus server
[2024-11-26T07:03:36.210Z] Error writing to Modbus register: no connection to modbus server
[2024-11-26T07:03:36.407Z] Error writing to Modbus register: no connection to modbus server
[2024-11-26T07:03:36.469Z] Error writing to Modbus register: no connection to modbus server
[2024-11-26T07:03:36.576Z] Error reading or processing Modbus registers: no connection to modbus server
[2024-11-26T07:03:36.576Z] Error reading register 6507 for IP 10.30.4.128: no connection to modbus server
[2024-11-26T07:03:36.774Z] Error reading or processing Modbus registers: no connection to modbus server
[2024-11-26T07:03:36.774Z] Error reading register 6507 for IP 10.30.4.128: no connection to modbus server
[2024-11-26T07:03:37.128Z] Error reading register 6507 for IP 10.30.4.128: no connection to modbus server
[2024-11-26T07:03:37.128Z] Error reading or processing Modbus registers: no connection to modbus server
[2024-11-26T07:03:37.128Z] Error reading or processing Modbus registers: no connection to modbus server
[2024-11-26T07:03:37.128Z] Error reading register 6507 for IP 10.30.4.128: no connection to modbus server
[2024-11-26T07:03:37.451Z] Error writing to Modbus register: no connection to modbus server
[2024-11-26T07:03:37.588Z] Error reading register 6507 for IP 10.30.4.128: no connection to modbus server
[2024-11-26T07:03:37.588Z] Error reading or processing Modbus registers: no connection to modbus server
[2024-11-26T07:03:37.789Z] Error reading or processing Modbus registers: no connection to modbus server
[2024-11-26T07:03:37.789Z] Error reading register 6507 for IP 10.30.4.128: no connection to modbus server
[2024-11-26T07:03:38.141Z] Error reading register 6507 for IP 10.30.4.128: no connection to modbus server
[2024-11-26T07:03:38.141Z] Error reading or processing Modbus registers: no connection to modbus server
[2024-11-26T07:03:38.141Z] Error reading register 6507 for IP 10.30.4.128: no connection to modbus server
[2024-11-26T07:03:38.141Z] Error reading or processing Modbus registers: no connection to modbus server
[2024-11-26T07:03:38.213Z] Error writing to Modbus register: no connection to modbus server
[2024-11-26T07:03:38.416Z] Error writing to Modbus register: no connection to modbus server
[2024-11-26T07:03:38.479Z] Error writing to Modbus register: no connection to modbus server
[2024-11-26T07:03:38.600Z] Error reading or processing Modbus registers: no connection to modbus server
[2024-11-26T07:03:38.600Z] Error reading register 6507 for IP 10.30.4.128: no connection to modbus server
[2024-11-26T07:03:38.800Z] Error reading or processing Modbus registers: no connection to modbus server
[2024-11-26T07:03:38.800Z] Error reading register 6507 for IP 10.30.4.128: no connection to modbus server
[2024-11-26T07:03:39.150Z] Error reading or processing Modbus registers: no connection to modbus server
[2024-11-26T07:03:39.150Z] Error reading register 6507 for IP 10.30.4.128: no connection to modbus server
[2024-11-26T07:03:39.150Z] Error reading register 6507 for IP 10.30.4.128: no connection to modbus server
[2024-11-26T07:03:39.150Z] Error reading or processing Modbus registers: no connection to modbus server
[2024-11-26T07:03:39.455Z] Error writing to Modbus register: no connection to modbus server
[2024-11-26T07:03:39.610Z] Error reading or processing Modbus registers: no connection to modbus server
[2024-11-26T07:03:39.610Z] Error reading register 6507 for IP 10.30.4.128: no connection to modbus server
[2024-11-26T07:03:39.807Z] Error reading or processing Modbus registers: no connection to modbus server
[2024-11-26T07:03:39.807Z] Error reading register 6507 for IP 10.30.4.128: no connection to modbus server
[2024-11-26T07:03:40.159Z] Error reading or processing Modbus registers: no connection to modbus server
[2024-11-26T07:03:40.159Z] Error reading register 6507 for IP 10.30.4.128: no connection to modbus server
[2024-11-26T07:03:40.159Z] Error reading or processing Modbus registers: no connection to modbus server
[2024-11-26T07:03:40.159Z] Error reading register 6507 for IP 10.30.4.128: no connection to modbus server
[2024-11-26T07:03:40.213Z] Error writing to Modbus register: no connection to modbus server
[2024-11-26T07:03:40.418Z] Error writing to Modbus register: no connection to modbus server
[2024-11-26T07:03:40.480Z] Error writing to Modbus register: no connection to modbus server
[2024-11-26T07:03:40.617Z] Error reading or processing Modbus registers: no connection to modbus server
[2024-11-26T07:03:40.617Z] Error reading register 6507 for IP 10.30.4.128: no connection to modbus server
[2024-11-26T07:03:40.815Z] Error reading or processing Modbus registers: no connection to modbus server
[2024-11-26T07:03:40.816Z] Error reading register 6507 for IP 10.30.4.128: no connection to modbus server
[2024-11-26T07:03:41.167Z] Error reading or processing Modbus registers: no connection to modbus server
[2024-11-26T07:03:41.167Z] Error reading register 6507 for IP 10.30.4.128: no connection to modbus server
[2024-11-26T07:03:41.167Z] Error reading register 6507 for IP 10.30.4.128: no connection to modbus server
[2024-11-26T07:03:41.167Z] Error reading or processing Modbus registers: no connection to modbus server
[2024-11-26T07:03:41.457Z] Error writing to Modbus register: no connection to modbus server
[2024-11-26T07:03:41.625Z] Error reading or processing Modbus registers: no connection to modbus server
[2024-11-26T07:03:41.625Z] Error reading register 6507 for IP 10.30.4.128: no connection to modbus server
[2024-11-26T07:03:41.822Z] Error reading or processing Modbus registers: no connection to modbus server
[2024-11-26T07:03:41.822Z] Error reading register 6507 for IP 10.30.4.128: no connection to modbus server
[2024-11-26T07:03:42.168Z] Error reading or processing Modbus registers: no connection to modbus server
[2024-11-26T07:03:42.169Z] Error reading register 6507 for IP 10.30.4.128: no connection to modbus server
[2024-11-26T07:03:42.169Z] Error reading register 6507 for IP 10.30.4.128: no connection to modbus server
[2024-11-26T07:03:42.169Z] Error reading or processing Modbus registers: no connection to modbus server
[2024-11-26T07:03:42.213Z] Error writing to Modbus register: no connection to modbus server
[2024-11-26T07:03:42.429Z] Error writing to Modbus register: no connection to modbus server
[2024-11-26T07:03:42.489Z] Error writing to Modbus register: no connection to modbus server
[2024-11-26T07:03:42.627Z] Error reading or processing Modbus registers: no connection to modbus server
[2024-11-26T07:03:42.627Z] Error reading register 6507 for IP 10.30.4.128: no connection to modbus server
[2024-11-26T07:03:42.826Z] Error reading or processing Modbus registers: no connection to modbus server
[2024-11-26T07:03:42.826Z] Error reading register 6507 for IP 10.30.4.128: no connection to modbus server
[2024-11-26T07:03:43.175Z] Error reading or processing Modbus registers: no connection to modbus server
[2024-11-26T07:03:43.175Z] Error reading register 6507 for IP 10.30.4.128: no connection to modbus server
[2024-11-26T07:03:43.175Z] Error reading register 6507 for IP 10.30.4.128: no connection to modbus server
[2024-11-26T07:03:43.175Z] Error reading or processing Modbus registers: no connection to modbus server
[2024-11-26T07:03:43.465Z] Error writing to Modbus register: no connection to modbus server
[2024-11-26T07:03:43.633Z] Error reading or processing Modbus registers: no connection to modbus server
[2024-11-26T07:03:43.633Z] Error reading register 6507 for IP 10.30.4.128: no connection to modbus server
[2024-11-26T07:03:43.831Z] Error reading or processing Modbus registers: no connection to modbus server
[2024-11-26T07:03:43.831Z] Error reading register 6507 for IP 10.30.4.128: no connection to modbus server
[2024-11-26T07:03:44.184Z] Error reading or processing Modbus registers: no connection to modbus server
[2024-11-26T07:03:44.184Z] Error reading register 6507 for IP 10.30.4.128: no connection to modbus server
[2024-11-26T07:03:44.184Z] Error reading or processing Modbus registers: no connection to modbus server
[2024-11-26T07:03:44.184Z] Error reading register 6507 for IP 10.30.4.128: no connection to modbus server
[2024-11-26T07:03:44.213Z] Error writing to Modbus register: no connection to modbus server
[2024-11-26T07:03:44.444Z] Error writing to Modbus register: no connection to modbus server
[2024-11-26T07:03:44.504Z] Error writing to Modbus register: no connection to modbus server
[2024-11-26T07:03:44.642Z] Error reading or processing Modbus registers: no connection to modbus server
[2024-11-26T07:03:44.642Z] Error reading register 6507 for IP 10.30.4.128: no connection to modbus server
[2024-11-26T07:03:44.839Z] Error reading or processing Modbus registers: no connection to modbus server
[2024-11-26T07:03:44.839Z] Error reading register 6507 for IP 10.30.4.128: no connection to modbus server
[2024-11-26T07:03:45.188Z] Error reading or processing Modbus registers: no connection to modbus server
[2024-11-26T07:03:45.188Z] Error reading register 6507 for IP 10.30.4.128: no connection to modbus server
[2024-11-26T07:03:45.188Z] Error reading register 6507 for IP 10.30.4.128: no connection to modbus server
[2024-11-26T07:03:45.188Z] Error reading or processing Modbus registers: no connection to modbus server
[2024-11-26T07:03:45.479Z] Error writing to Modbus register: no connection to modbus server
[2024-11-26T07:03:45.649Z] Error reading or processing Modbus registers: no connection to modbus server
[2024-11-26T07:03:45.650Z] Error reading register 6507 for IP 10.30.4.128: no connection to modbus server
[2024-11-26T07:03:45.845Z] Error reading or processing Modbus registers: no connection to modbus server
[2024-11-26T07:03:45.845Z] Error reading register 6507 for IP 10.30.4.128: no connection to modbus server
[2024-11-26T07:03:46.198Z] Error reading register 6507 for IP 10.30.4.128: no connection to modbus server
[2024-11-26T07:03:46.198Z] Error reading or processing Modbus registers: no connection to modbus server
[2024-11-26T07:03:46.198Z] Error reading or processing Modbus registers: no connection to modbus server
[2024-11-26T07:03:46.198Z] Error reading register 6507 for IP 10.30.4.128: no connection to modbus server
[2024-11-26T07:03:46.212Z] Error writing to Modbus register: no connection to modbus server
[2024-11-26T07:03:46.456Z] Error writing to Modbus register: no connection to modbus server
[2024-11-26T07:03:46.516Z] Error writing to Modbus register: no connection to modbus server
[2024-11-26T07:03:46.654Z] Error reading or processing Modbus registers: no connection to modbus server
[2024-11-26T07:03:46.654Z] Error reading register 6507 for IP 10.30.4.128: no connection to modbus server
[2024-11-26T07:03:46.852Z] Error reading or processing Modbus registers: no connection to modbus server
[2024-11-26T07:03:46.852Z] Error reading register 6507 for IP 10.30.4.128: no connection to modbus server
[2024-11-26T07:03:47.205Z] Error reading register 6507 for IP 10.30.4.128: no connection to modbus server
[2024-11-26T07:03:47.205Z] Error reading or processing Modbus registers: no connection to modbus server
[2024-11-26T07:03:47.205Z] Error reading register 6507 for IP 10.30.4.128: no connection to modbus server
[2024-11-26T07:03:47.205Z] Error reading or processing Modbus registers: no connection to modbus server
[2024-11-26T07:03:47.480Z] Error writing to Modbus register: no connection to modbus server
[2024-11-26T07:03:47.661Z] Error reading or processing Modbus registers: no connection to modbus server
[2024-11-26T07:03:47.661Z] Error reading register 6507 for IP 10.30.4.128: no connection to modbus server
[2024-11-26T07:03:47.859Z] Error reading or processing Modbus registers: no connection to modbus server
[2024-11-26T07:03:47.859Z] Error reading register 6507 for IP 10.30.4.128: no connection to modbus server
[2024-11-26T07:03:48.209Z] Error reading or processing Modbus registers: no connection to modbus server
[2024-11-26T07:03:48.209Z] Error reading register 6507 for IP 10.30.4.128: no connection to modbus server
[2024-11-26T07:03:48.209Z] Error reading register 6507 for IP 10.30.4.128: no connection to modbus server
[2024-11-26T07:03:48.209Z] Error reading or processing Modbus registers: no connection to modbus server
[2024-11-26T07:03:48.213Z] Error writing to Modbus register: no connection to modbus server
[2024-11-26T07:03:48.465Z] Error writing to Modbus register: no connection to modbus server
[2024-11-26T07:03:48.525Z] Error writing to Modbus register: no connection to modbus server
[2024-11-26T07:03:48.665Z] Error reading or processing Modbus registers: no connection to modbus server
[2024-11-26T07:03:48.665Z] Error reading register 6507 for IP 10.30.4.128: no connection to modbus server
[2024-11-26T07:03:48.864Z] Error reading or processing Modbus registers: no connection to modbus server
[2024-11-26T07:03:48.864Z] Error reading register 6507 for IP 10.30.4.128: no connection to modbus server
[2024-11-26T07:03:49.211Z] Error reading or processing Modbus registers: no connection to modbus server
[2024-11-26T07:03:49.211Z] Error reading or processing Modbus registers: no connection to modbus server
[2024-11-26T07:03:49.211Z] Error reading register 6507 for IP 10.30.4.128: no connection to modbus server
[2024-11-26T07:03:49.211Z] Error reading register 6507 for IP 10.30.4.128: no connection to modbus server
[2024-11-26T07:03:49.486Z] Error writing to Modbus register: no connection to modbus server
[2024-11-26T07:03:49.665Z] Error reading or processing Modbus registers: no connection to modbus server
[2024-11-26T07:03:49.665Z] Error reading register 6507 for IP 10.30.4.128: no connection to modbus server
[2024-11-26T07:03:49.878Z] Error reading or processing Modbus registers: no connection to modbus server
[2024-11-26T07:03:49.878Z] Error reading register 6507 for IP 10.30.4.128: no connection to modbus server
[2024-11-26T07:03:50.213Z] Error reading register 6507 for IP 10.30.4.128: no connection to modbus server
[2024-11-26T07:03:50.213Z] Error reading or processing Modbus registers: no connection to modbus server
[2024-11-26T07:03:50.213Z] Error reading register 6507 for IP 10.30.4.128: no connection to modbus server
[2024-11-26T07:03:50.213Z] Error reading or processing Modbus registers: no connection to modbus server
[2024-11-26T07:03:50.213Z] Error writing to Modbus register: no connection to modbus server
[2024-11-26T07:03:50.469Z] Error writing to Modbus register: no connection to modbus server
[2024-11-26T07:03:50.531Z] Error writing to Modbus register: no connection to modbus server
[2024-11-26T07:03:50.669Z] Error reading or processing Modbus registers: no connection to modbus server
[2024-11-26T07:03:50.669Z] Error reading register 6507 for IP 10.30.4.128: no connection to modbus server
[2024-11-26T07:03:50.885Z] Error reading register 6507 for IP 10.30.4.128: no connection to modbus server
[2024-11-26T07:03:50.885Z] Error reading or processing Modbus registers: no connection to modbus server
[2024-11-26T07:03:51.220Z] Error reading or processing Modbus registers: no connection to modbus server
[2024-11-26T07:03:51.220Z] Error reading register 6507 for IP 10.30.4.128: no connection to modbus server
[2024-11-26T07:03:51.220Z] Error reading register 6507 for IP 10.30.4.128: no connection to modbus server
[2024-11-26T07:03:51.220Z] Error reading or processing Modbus registers: no connection to modbus server
[2024-11-26T07:03:51.494Z] Error writing to Modbus register: no connection to modbus server
[2024-11-26T07:03:51.676Z] Error reading register 6507 for IP 10.30.4.128: no connection to modbus server
[2024-11-26T07:03:51.676Z] Error reading or processing Modbus registers: no connection to modbus server
[2024-11-26T07:03:51.888Z] Error reading or processing Modbus registers: no connection to modbus server
[2024-11-26T07:03:51.889Z] Error reading register 6507 for IP 10.30.4.128: no connection to modbus server
[2024-11-26T07:03:52.222Z] Error writing to Modbus register: no connection to modbus server
[2024-11-26T07:03:52.222Z] Error reading or processing Modbus registers: no connection to modbus server
[2024-11-26T07:03:52.222Z] Error reading register 6507 for IP 10.30.4.128: no connection to modbus server
[2024-11-26T07:03:52.222Z] Error reading register 6507 for IP 10.30.4.128: no connection to modbus server
[2024-11-26T07:03:52.222Z] Error reading or processing Modbus registers: no connection to modbus server
[2024-11-26T07:03:52.479Z] Error writing to Modbus register: no connection to modbus server
[2024-11-26T07:03:52.540Z] Error writing to Modbus register: no connection to modbus server
[2024-11-26T07:03:52.689Z] Error reading or processing Modbus registers: no connection to modbus server
[2024-11-26T07:03:52.689Z] Error reading register 6507 for IP 10.30.4.128: no connection to modbus server
[2024-11-26T07:03:52.900Z] Error reading or processing Modbus registers: no connection to modbus server
[2024-11-26T07:03:52.900Z] Error reading register 6507 for IP 10.30.4.128: no connection to modbus server
[2024-11-26T07:03:53.233Z] Error reading or processing Modbus registers: no connection to modbus server
[2024-11-26T07:03:53.233Z] Error reading register 6507 for IP 10.30.4.128: no connection to modbus server
[2024-11-26T07:03:53.233Z] Error reading register 6507 for IP 10.30.4.128: no connection to modbus server
[2024-11-26T07:03:53.233Z] Error reading or processing Modbus registers: no connection to modbus server
[2024-11-26T07:03:53.505Z] Error writing to Modbus register: no connection to modbus server
[2024-11-26T07:03:53.701Z] Error reading or processing Modbus registers: no connection to modbus server
[2024-11-26T07:03:53.701Z] Error reading register 6507 for IP 10.30.4.128: no connection to modbus server
[2024-11-26T07:03:53.912Z] Error reading or processing Modbus registers: no connection to modbus server
[2024-11-26T07:03:53.912Z] Error reading register 6507 for IP 10.30.4.128: no connection to modbus server
[2024-11-26T07:03:54.231Z] Error writing to Modbus register: no connection to modbus server
[2024-11-26T07:03:54.247Z] Error reading or processing Modbus registers: no connection to modbus server
[2024-11-26T07:03:54.247Z] Error reading register 6507 for IP 10.30.4.128: no connection to modbus server
[2024-11-26T07:03:54.247Z] Error reading register 6507 for IP 10.30.4.128: no connection to modbus server
[2024-11-26T07:03:54.247Z] Error reading or processing Modbus registers: no connection to modbus server
[2024-11-26T07:03:54.488Z] Error writing to Modbus register: no connection to modbus server
[2024-11-26T07:03:54.550Z] Error writing to Modbus register: no connection to modbus server
[2024-11-26T07:03:54.716Z] Error reading or processing Modbus registers: no connection to modbus server
[2024-11-26T07:03:54.716Z] Error reading register 6507 for IP 10.30.4.128: no connection to modbus server
[2024-11-26T07:03:54.912Z] Error reading or processing Modbus registers: no connection to modbus server
[2024-11-26T07:03:54.912Z] Error reading register 6507 for IP 10.30.4.128: no connection to modbus server
[2024-11-26T07:03:55.260Z] Error reading or processing Modbus registers: no connection to modbus server
[2024-11-26T07:03:55.260Z] Error reading register 6507 for IP 10.30.4.128: no connection to modbus server
[2024-11-26T07:03:55.260Z] Error reading register 6507 for IP 10.30.4.128: no connection to modbus server
[2024-11-26T07:03:55.260Z] Error reading or processing Modbus registers: no connection to modbus server
[2024-11-26T07:03:55.517Z] Error writing to Modbus register: no connection to modbus server
[2024-11-26T07:03:55.730Z] Error reading or processing Modbus registers: no connection to modbus server
[2024-11-26T07:03:55.730Z] Error reading register 6507 for IP 10.30.4.128: no connection to modbus server
[2024-11-26T07:03:55.913Z] Error reading or processing Modbus registers: no connection to modbus server
[2024-11-26T07:03:55.913Z] Error reading register 6507 for IP 10.30.4.128: no connection to modbus server
[2024-11-26T07:03:56.245Z] Error writing to Modbus register: no connection to modbus server
[2024-11-26T07:03:56.261Z] Error reading or processing Modbus registers: no connection to modbus server
[2024-11-26T07:03:56.261Z] Error reading register 6507 for IP 10.30.4.128: no connection to modbus server
[2024-11-26T07:03:56.261Z] Error reading or processing Modbus registers: no connection to modbus server
[2024-11-26T07:03:56.261Z] Error reading register 6507 for IP 10.30.4.128: no connection to modbus server
[2024-11-26T07:03:56.500Z] Error writing to Modbus register: no connection to modbus server
[2024-11-26T07:03:56.560Z] Error writing to Modbus register: no connection to modbus server
[2024-11-26T07:03:56.742Z] Error reading or processing Modbus registers: no connection to modbus server
[2024-11-26T07:03:56.742Z] Error reading register 6507 for IP 10.30.4.128: no connection to modbus server
[2024-11-26T07:03:56.924Z] Error reading or processing Modbus registers: no connection to modbus server
[2024-11-26T07:03:56.924Z] Error reading register 6507 for IP 10.30.4.128: no connection to modbus server
[2024-11-26T07:03:57.270Z] Error reading register 6507 for IP 10.30.4.128: no connection to modbus server
[2024-11-26T07:03:57.270Z] Error reading or processing Modbus registers: no connection to modbus server
[2024-11-26T07:03:57.271Z] Error reading or processing Modbus registers: no connection to modbus server
[2024-11-26T07:03:57.271Z] Error reading register 6507 for IP 10.30.4.128: no connection to modbus server
[2024-11-26T07:03:57.528Z] Error writing to Modbus register: no connection to modbus server
[2024-11-26T07:03:57.754Z] Error reading or processing Modbus registers: no connection to modbus server
[2024-11-26T07:03:57.755Z] Error reading register 6507 for IP 10.30.4.128: no connection to modbus server
[2024-11-26T07:03:57.936Z] Error reading or processing Modbus registers: no connection to modbus server
[2024-11-26T07:03:57.936Z] Error reading register 6507 for IP 10.30.4.128: no connection to modbus server
[2024-11-26T07:03:58.255Z] Error writing to Modbus register: no connection to modbus server
[2024-11-26T07:03:58.270Z] Error reading or processing Modbus registers: no connection to modbus server
[2024-11-26T07:03:58.270Z] Error reading register 6507 for IP 10.30.4.128: no connection to modbus server
[2024-11-26T07:03:58.270Z] Error reading or processing Modbus registers: no connection to modbus server
[2024-11-26T07:03:58.270Z] Error reading register 6507 for IP 10.30.4.128: no connection to modbus server
[2024-11-26T07:03:58.511Z] Error writing to Modbus register: no connection to modbus server
[2024-11-26T07:03:58.572Z] Error writing to Modbus register: no connection to modbus server
[2024-11-26T07:03:58.754Z] Error reading or processing Modbus registers: no connection to modbus server
[2024-11-26T07:03:58.754Z] Error reading register 6507 for IP 10.30.4.128: no connection to modbus server
[2024-11-26T07:03:58.950Z] Error reading register 6507 for IP 10.30.4.128: no connection to modbus server
[2024-11-26T07:03:58.950Z] Error reading or processing Modbus registers: no connection to modbus server
[2024-11-26T07:03:59.283Z] Error reading or processing Modbus registers: no connection to modbus server
[2024-11-26T07:03:59.283Z] Error reading register 6507 for IP 10.30.4.128: no connection to modbus server
[2024-11-26T07:03:59.283Z] Error reading register 6507 for IP 10.30.4.128: no connection to modbus server
[2024-11-26T07:03:59.283Z] Error reading or processing Modbus registers: no connection to modbus server
[2024-11-26T07:03:59.541Z] Error writing to Modbus register: no connection to modbus server
[2024-11-26T07:03:59.767Z] Error reading register 6507 for IP 10.30.4.128: no connection to modbus server
[2024-11-26T07:03:59.767Z] Error reading or processing Modbus registers: no connection to modbus server
[2024-11-26T07:03:59.963Z] Error reading or processing Modbus registers: no connection to modbus server
[2024-11-26T07:03:59.964Z] Error reading register 6507 for IP 10.30.4.128: no connection to modbus server
[2024-11-26T07:04:00.266Z] Error writing to Modbus register: no connection to modbus server
[2024-11-26T07:04:00.297Z] Error reading or processing Modbus registers: no connection to modbus server
[2024-11-26T07:04:00.297Z] Error reading register 6507 for IP 10.30.4.128: no connection to modbus server
[2024-11-26T07:04:00.297Z] Error reading or processing Modbus registers: no connection to modbus server
[2024-11-26T07:04:00.297Z] Error reading register 6507 for IP 10.30.4.128: no connection to modbus server
[2024-11-26T07:04:00.523Z] Error writing to Modbus register: no connection to modbus server
[2024-11-26T07:04:00.583Z] Error writing to Modbus register: no connection to modbus server
[2024-11-26T07:04:00.780Z] Error reading or processing Modbus registers: no connection to modbus server
[2024-11-26T07:04:00.780Z] Error reading register 6507 for IP 10.30.4.128: no connection to modbus server
[2024-11-26T07:04:00.976Z] Error reading or processing Modbus registers: no connection to modbus server
[2024-11-26T07:04:00.976Z] Error reading register 6507 for IP 10.30.4.128: no connection to modbus server
[2024-11-26T07:04:01.310Z] Error reading register 6507 for IP 10.30.4.128: no connection to modbus server
[2024-11-26T07:04:01.310Z] Error reading or processing Modbus registers: no connection to modbus server
[2024-11-26T07:04:01.310Z] Error reading register 6507 for IP 10.30.4.128: no connection to modbus server
[2024-11-26T07:04:01.310Z] Error reading or processing Modbus registers: no connection to modbus server
[2024-11-26T07:04:01.552Z] Error writing to Modbus register: no connection to modbus server
[2024-11-26T07:04:01.794Z] Error reading register 6507 for IP 10.30.4.128: no connection to modbus server
[2024-11-26T07:04:01.794Z] Error reading or processing Modbus registers: no connection to modbus server
[2024-11-26T07:04:01.990Z] Error reading or processing Modbus registers: no connection to modbus server
[2024-11-26T07:04:01.990Z] Error reading register 6507 for IP 10.30.4.128: no connection to modbus server
[2024-11-26T07:04:02.278Z] Error writing to Modbus register: no connection to modbus server
[2024-11-26T07:04:02.323Z] Error reading or processing Modbus registers: no connection to modbus server
[2024-11-26T07:04:02.323Z] Error reading register 6507 for IP 10.30.4.128: no connection to modbus server
[2024-11-26T07:04:02.323Z] Error reading or processing Modbus registers: no connection to modbus server
[2024-11-26T07:04:02.323Z] Error reading register 6507 for IP 10.30.4.128: no connection to modbus server
[2024-11-26T07:04:02.537Z] Error writing to Modbus register: no connection to modbus server
[2024-11-26T07:04:02.597Z] Error writing to Modbus register: no connection to modbus server
[2024-11-26T07:04:02.795Z] Error reading or processing Modbus registers: no connection to modbus server
[2024-11-26T07:04:02.795Z] Error reading register 6507 for IP 10.30.4.128: no connection to modbus server
[2024-11-26T07:04:02.994Z] Error reading or processing Modbus registers: no connection to modbus server
[2024-11-26T07:04:02.994Z] Error reading register 6507 for IP 10.30.4.128: no connection to modbus server
[2024-11-26T07:04:03.330Z] Error reading register 6507 for IP 10.30.4.128: no connection to modbus server
[2024-11-26T07:04:03.329Z] Error reading or processing Modbus registers: no connection to modbus server
[2024-11-26T07:04:03.330Z] Error reading register 6507 for IP 10.30.4.128: no connection to modbus server
[2024-11-26T07:04:03.330Z] Error reading or processing Modbus registers: no connection to modbus server
[2024-11-26T07:04:03.559Z] Error writing to Modbus register: no connection to modbus server
[2024-11-26T07:04:03.802Z] Error reading register 6507 for IP 10.30.4.128: no connection to modbus server
[2024-11-26T07:04:03.802Z] Error reading or processing Modbus registers: no connection to modbus server
[2024-11-26T07:04:04.003Z] Error reading or processing Modbus registers: no connection to modbus server
[2024-11-26T07:04:04.003Z] Error reading register 6507 for IP 10.30.4.128: no connection to modbus server
[2024-11-26T07:04:04.292Z] Error writing to Modbus register: no connection to modbus server
[2024-11-26T07:04:04.337Z] Error reading or processing Modbus registers: no connection to modbus server
[2024-11-26T07:04:04.337Z] Error reading register 6507 for IP 10.30.4.128: no connection to modbus server
[2024-11-26T07:04:04.337Z] Error reading or processing Modbus registers: no connection to modbus server
[2024-11-26T07:04:04.337Z] Error reading register 6507 for IP 10.30.4.128: no connection to modbus server
[2024-11-26T07:04:04.551Z] Error writing to Modbus register: no connection to modbus server
[2024-11-26T07:04:04.597Z] Error writing to Modbus register: no connection to modbus server
[2024-11-26T07:04:04.809Z] Error reading or processing Modbus registers: no connection to modbus server
[2024-11-26T07:04:04.809Z] Error reading register 6507 for IP 10.30.4.128: no connection to modbus server
[2024-11-26T07:04:05.005Z] Error reading register 6507 for IP 10.30.4.128: no connection to modbus server
[2024-11-26T07:04:05.005Z] Error reading or processing Modbus registers: no connection to modbus server
[2024-11-26T07:04:05.344Z] Error reading or processing Modbus registers: no connection to modbus server
[2024-11-26T07:04:05.344Z] Error reading register 6507 for IP 10.30.4.128: no connection to modbus server
[2024-11-26T07:04:05.344Z] Error reading register 6507 for IP 10.30.4.128: no connection to modbus server
[2024-11-26T07:04:05.344Z] Error reading or processing Modbus registers: no connection to modbus server
[2024-11-26T07:04:05.560Z] Error writing to Modbus register: no connection to modbus server
[2024-11-26T07:04:05.816Z] Error reading or processing Modbus registers: no connection to modbus server
[2024-11-26T07:04:05.816Z] Error reading register 6507 for IP 10.30.4.128: no connection to modbus server
[2024-11-26T07:04:06.012Z] Error reading or processing Modbus registers: no connection to modbus server
[2024-11-26T07:04:06.012Z] Error reading register 6507 for IP 10.30.4.128: no connection to modbus server
[2024-11-26T07:04:06.304Z] Error writing to Modbus register: no connection to modbus server
[2024-11-26T07:04:06.351Z] Error reading or processing Modbus registers: no connection to modbus server
[2024-11-26T07:04:06.351Z] Error reading register 6507 for IP 10.30.4.128: no connection to modbus server
[2024-11-26T07:04:06.351Z] Error reading or processing Modbus registers: no connection to modbus server
[2024-11-26T07:04:06.351Z] Error reading register 6507 for IP 10.30.4.128: no connection to modbus server
[2024-11-26T07:04:06.563Z] Error writing to Modbus register: no connection to modbus server
[2024-11-26T07:04:06.610Z] Error writing to Modbus register: no connection to modbus server
[2024-11-26T07:04:06.825Z] Error reading or processing Modbus registers: no connection to modbus server
[2024-11-26T07:04:06.825Z] Error reading register 6507 for IP 10.30.4.128: no connection to modbus server
[2024-11-26T07:04:07.025Z] Error reading or processing Modbus registers: no connection to modbus server
[2024-11-26T07:04:07.025Z] Error reading register 6507 for IP 10.30.4.128: no connection to modbus server
[2024-11-26T07:04:07.359Z] Error reading or processing Modbus registers: no connection to modbus server
[2024-11-26T07:04:07.359Z] Error reading register 6507 for IP 10.30.4.128: no connection to modbus server
[2024-11-26T07:04:07.359Z] Error reading register 6507 for IP 10.30.4.128: no connection to modbus server
[2024-11-26T07:04:07.359Z] Error reading or processing Modbus registers: no connection to modbus server
[2024-11-26T07:04:07.571Z] Error writing to Modbus register: no connection to modbus server
[2024-11-26T07:04:07.833Z] Error reading or processing Modbus registers: no connection to modbus server
[2024-11-26T07:04:07.833Z] Error reading register 6507 for IP 10.30.4.128: no connection to modbus server
[2024-11-26T07:04:08.031Z] Error reading or processing Modbus registers: no connection to modbus server
[2024-11-26T07:04:08.031Z] Error reading register 6507 for IP 10.30.4.128: no connection to modbus server
[2024-11-26T07:04:08.309Z] Error writing to Modbus register: no connection to modbus server
[2024-11-26T07:04:08.371Z] Error reading or processing Modbus registers: no connection to modbus server
[2024-11-26T07:04:08.371Z] Error reading register 6507 for IP 10.30.4.128: no connection to modbus server
[2024-11-26T07:04:08.371Z] Error reading or processing Modbus registers: no connection to modbus server
[2024-11-26T07:04:08.371Z] Error reading register 6507 for IP 10.30.4.128: no connection to modbus server
[2024-11-26T07:04:08.569Z] Error writing to Modbus register: no connection to modbus server
[2024-11-26T07:04:08.614Z] Error writing to Modbus register: no connection to modbus server
[2024-11-26T07:04:08.847Z] Error reading or processing Modbus registers: no connection to modbus server
[2024-11-26T07:04:08.847Z] Error reading register 6507 for IP 10.30.4.128: no connection to modbus server
[2024-11-26T07:04:09.043Z] Error reading or processing Modbus registers: no connection to modbus server
[2024-11-26T07:04:09.043Z] Error reading register 6507 for IP 10.30.4.128: no connection to modbus server
[2024-11-26T07:04:09.378Z] Error reading or processing Modbus registers: no connection to modbus server
[2024-11-26T07:04:09.378Z] Error reading register 6507 for IP 10.30.4.128: no connection to modbus server
[2024-11-26T07:04:09.378Z] Error reading or processing Modbus registers: no connection to modbus server
[2024-11-26T07:04:09.378Z] Error reading register 6507 for IP 10.30.4.128: no connection to modbus server
[2024-11-26T07:04:09.578Z] Error writing to Modbus register: no connection to modbus server
[2024-11-26T07:04:09.852Z] Error reading or processing Modbus registers: no connection to modbus server
[2024-11-26T07:04:09.852Z] Error reading register 6507 for IP 10.30.4.128: no connection to modbus server
[2024-11-26T07:04:10.051Z] Error reading or processing Modbus registers: no connection to modbus server
[2024-11-26T07:04:10.051Z] Error reading register 6507 for IP 10.30.4.128: no connection to modbus server
[2024-11-26T07:04:10.312Z] Error writing to Modbus register: no connection to modbus server
[2024-11-26T07:04:10.387Z] Error reading or processing Modbus registers: no connection to modbus server
[2024-11-26T07:04:10.388Z] Error reading or processing Modbus registers: no connection to modbus server
[2024-11-26T07:04:10.388Z] Error reading register 6507 for IP 10.30.4.128: no connection to modbus server
[2024-11-26T07:04:10.388Z] Error reading register 6507 for IP 10.30.4.128: no connection to modbus server
[2024-11-26T07:04:10.584Z] Error writing to Modbus register: no connection to modbus server
[2024-11-26T07:04:10.615Z] Error writing to Modbus register: no connection to modbus server
[2024-11-26T07:04:10.861Z] Error reading or processing Modbus registers: no connection to modbus server
[2024-11-26T07:04:10.861Z] Error reading register 6507 for IP 10.30.4.128: no connection to modbus server
[2024-11-26T07:04:11.059Z] Error reading or processing Modbus registers: no connection to modbus server
[2024-11-26T07:04:11.059Z] Error reading register 6507 for IP 10.30.4.128: no connection to modbus server
[2024-11-26T07:04:11.396Z] Error reading or processing Modbus registers: no connection to modbus server
[2024-11-26T07:04:11.396Z] Error reading register 6507 for IP 10.30.4.128: no connection to modbus server
[2024-11-26T07:04:11.396Z] Error reading register 6507 for IP 10.30.4.128: no connection to modbus server
[2024-11-26T07:04:11.396Z] Error reading or processing Modbus registers: no connection to modbus server
[2024-11-26T07:04:11.579Z] Error writing to Modbus register: no connection to modbus server
[2024-11-26T07:04:11.868Z] Error reading register 6507 for IP 10.30.4.128: no connection to modbus server
[2024-11-26T07:04:11.868Z] Error reading or processing Modbus registers: no connection to modbus server
[2024-11-26T07:04:12.066Z] Error reading or processing Modbus registers: no connection to modbus server
[2024-11-26T07:04:12.066Z] Error reading register 6507 for IP 10.30.4.128: no connection to modbus server
[2024-11-26T07:04:12.326Z] Error writing to Modbus register: no connection to modbus server
[2024-11-26T07:04:12.402Z] Error reading or processing Modbus registers: no connection to modbus server
[2024-11-26T07:04:12.402Z] Error reading register 6507 for IP 10.30.4.128: no connection to modbus server
[2024-11-26T07:04:12.402Z] Error reading or processing Modbus registers: no connection to modbus server
[2024-11-26T07:04:12.402Z] Error reading register 6507 for IP 10.30.4.128: no connection to modbus server
[2024-11-26T07:04:12.586Z] Error writing to Modbus register: no connection to modbus server
[2024-11-26T07:04:12.615Z] Error writing to Modbus register: no connection to modbus server
[2024-11-26T07:04:12.875Z] Error reading or processing Modbus registers: no connection to modbus server
[2024-11-26T07:04:12.875Z] Error reading register 6507 for IP 10.30.4.128: no connection to modbus server
[2024-11-26T07:04:13.072Z] Error reading or processing Modbus registers: no connection to modbus server
[2024-11-26T07:04:13.072Z] Error reading register 6507 for IP 10.30.4.128: no connection to modbus server
[2024-11-26T07:04:13.407Z] Error reading or processing Modbus registers: no connection to modbus server
[2024-11-26T07:04:13.407Z] Error reading register 6507 for IP 10.30.4.128: no connection to modbus server
[2024-11-26T07:04:13.407Z] Error reading or processing Modbus registers: no connection to modbus server
[2024-11-26T07:04:13.407Z] Error reading register 6507 for IP 10.30.4.128: no connection to modbus server
[2024-11-26T07:04:13.589Z] Error writing to Modbus register: no connection to modbus server
[2024-11-26T07:04:13.879Z] Error reading or processing Modbus registers: no connection to modbus server
[2024-11-26T07:04:13.879Z] Error reading register 6507 for IP 10.30.4.128: no connection to modbus server
[2024-11-26T07:04:14.077Z] Error reading or processing Modbus registers: no connection to modbus server
[2024-11-26T07:04:14.077Z] Error reading register 6507 for IP 10.30.4.128: no connection to modbus server
[2024-11-26T07:04:14.339Z] Error writing to Modbus register: no connection to modbus server
[2024-11-26T07:04:14.413Z] Error reading register 6507 for IP 10.30.4.128: no connection to modbus server
[2024-11-26T07:04:14.414Z] Error reading or processing Modbus registers: no connection to modbus server
[2024-11-26T07:04:14.414Z] Error reading register 6507 for IP 10.30.4.128: no connection to modbus server
[2024-11-26T07:04:14.413Z] Error reading or processing Modbus registers: no connection to modbus server
[2024-11-26T07:04:14.595Z] Error writing to Modbus register: no connection to modbus server
[2024-11-26T07:04:14.625Z] Error writing to Modbus register: no connection to modbus server
[2024-11-26T07:04:14.883Z] Error reading or processing Modbus registers: no connection to modbus server
[2024-11-26T07:04:14.883Z] Error reading register 6507 for IP 10.30.4.128: no connection to modbus server
[2024-11-26T07:04:15.079Z] Error reading or processing Modbus registers: no connection to modbus server
[2024-11-26T07:04:15.079Z] Error reading register 6507 for IP 10.30.4.128: no connection to modbus server
[2024-11-26T07:04:15.414Z] Error reading or processing Modbus registers: no connection to modbus server
[2024-11-26T07:04:15.414Z] Error reading register 6507 for IP 10.30.4.128: no connection to modbus server
[2024-11-26T07:04:15.414Z] Error reading register 6507 for IP 10.30.4.128: no connection to modbus server
[2024-11-26T07:04:15.414Z] Error reading or processing Modbus registers: no connection to modbus server
[2024-11-26T07:04:15.594Z] Error writing to Modbus register: no connection to modbus server
[2024-11-26T07:04:15.897Z] Error reading or processing Modbus registers: no connection to modbus server
[2024-11-26T07:04:15.897Z] Error reading register 6507 for IP 10.30.4.128: no connection to modbus server
[2024-11-26T07:04:16.080Z] Error reading or processing Modbus registers: no connection to modbus server
[2024-11-26T07:04:16.080Z] Error reading register 6507 for IP 10.30.4.128: no connection to modbus server
[2024-11-26T07:04:16.363Z] Error writing to Modbus register: no connection to modbus server
[2024-11-26T07:04:16.425Z] Error reading or processing Modbus registers: no connection to modbus server
[2024-11-26T07:04:16.425Z] Error reading register 6507 for IP 10.30.4.128: no connection to modbus server
[2024-11-26T07:04:16.425Z] Error reading or processing Modbus registers: no connection to modbus server
[2024-11-26T07:04:16.425Z] Error reading register 6507 for IP 10.30.4.128: no connection to modbus server
[2024-11-26T07:04:16.606Z] Error writing to Modbus register: no connection to modbus server
[2024-11-26T07:04:16.636Z] Error writing to Modbus register: no connection to modbus server
[2024-11-26T07:04:16.908Z] Error reading register 6507 for IP 10.30.4.128: no connection to modbus server
[2024-11-26T07:04:16.908Z] Error reading or processing Modbus registers: no connection to modbus server
[2024-11-26T07:04:17.090Z] Error reading or processing Modbus registers: no connection to modbus server
[2024-11-26T07:04:17.090Z] Error reading register 6507 for IP 10.30.4.128: no connection to modbus server
[2024-11-26T07:04:17.445Z] Error reading or processing Modbus registers: no connection to modbus server
[2024-11-26T07:04:17.445Z] Error reading register 6507 for IP 10.30.4.128: no connection to modbus server
[2024-11-26T07:04:17.445Z] Error reading or processing Modbus registers: no connection to modbus server
[2024-11-26T07:04:17.445Z] Error reading register 6507 for IP 10.30.4.128: no connection to modbus server
[2024-11-26T07:04:17.595Z] Error writing to Modbus register: no connection to modbus server
[2024-11-26T07:04:17.908Z] Error reading or processing Modbus registers: no connection to modbus server
[2024-11-26T07:04:17.908Z] Error reading register 6507 for IP 10.30.4.128: no connection to modbus server
[2024-11-26T07:04:18.104Z] Error reading or processing Modbus registers: no connection to modbus server
[2024-11-26T07:04:18.104Z] Error reading register 6507 for IP 10.30.4.128: no connection to modbus server
[2024-11-26T07:04:18.376Z] Error writing to Modbus register: no connection to modbus server
[2024-11-26T07:04:18.452Z] Error reading or processing Modbus registers: no connection to modbus server
[2024-11-26T07:04:18.452Z] Error reading register 6507 for IP 10.30.4.128: no connection to modbus server
[2024-11-26T07:04:18.452Z] Error reading or processing Modbus registers: no connection to modbus server
[2024-11-26T07:04:18.452Z] Error reading register 6507 for IP 10.30.4.128: no connection to modbus server
[2024-11-26T07:04:18.608Z] Error writing to Modbus register: no connection to modbus server
[2024-11-26T07:04:18.650Z] Error writing to Modbus register: no connection to modbus server
[2024-11-26T07:04:18.922Z] Error reading register 6507 for IP 10.30.4.128: no connection to modbus server
[2024-11-26T07:04:18.922Z] Error reading or processing Modbus registers: no connection to modbus server
[2024-11-26T07:04:19.119Z] Error reading or processing Modbus registers: no connection to modbus server
[2024-11-26T07:04:19.122Z] Error reading register 6507 for IP 10.30.4.128: no connection to modbus server
[2024-11-26T07:04:19.466Z] Error reading or processing Modbus registers: no connection to modbus server
[2024-11-26T07:04:19.466Z] Error reading register 6507 for IP 10.30.4.128: no connection to modbus server
[2024-11-26T07:04:19.466Z] Error reading register 6507 for IP 10.30.4.128: no connection to modbus server
[2024-11-26T07:04:19.466Z] Error reading or processing Modbus registers: no connection to modbus server
[2024-11-26T07:04:19.602Z] Error writing to Modbus register: no connection to modbus server
[2024-11-26T07:04:19.935Z] Error reading or processing Modbus registers: no connection to modbus server
[2024-11-26T07:04:19.935Z] Error reading register 6507 for IP 10.30.4.128: no connection to modbus server
[2024-11-26T07:04:20.131Z] Error reading or processing Modbus registers: no connection to modbus server
[2024-11-26T07:04:20.131Z] Error reading register 6507 for IP 10.30.4.128: no connection to modbus server
[2024-11-26T07:04:20.389Z] Error writing to Modbus register: no connection to modbus server
[2024-11-26T07:04:20.479Z] Error reading or processing Modbus registers: no connection to modbus server
[2024-11-26T07:04:20.479Z] Error reading register 6507 for IP 10.30.4.128: no connection to modbus server
[2024-11-26T07:04:20.479Z] Error reading or processing Modbus registers: no connection to modbus server
[2024-11-26T07:04:20.479Z] Error reading register 6507 for IP 10.30.4.128: no connection to modbus server
[2024-11-26T07:04:20.607Z] Error writing to Modbus register: no connection to modbus server
[2024-11-26T07:04:20.662Z] Error writing to Modbus register: no connection to modbus server
[2024-11-26T07:04:20.949Z] Error reading or processing Modbus registers: no connection to modbus server
[2024-11-26T07:04:20.949Z] Error reading register 6507 for IP 10.30.4.128: no connection to modbus server
[2024-11-26T07:04:21.145Z] Error reading or processing Modbus registers: no connection to modbus server
[2024-11-26T07:04:21.146Z] Error reading register 6507 for IP 10.30.4.128: no connection to modbus server
[2024-11-26T07:04:21.480Z] Error reading or processing Modbus registers: no connection to modbus server
[2024-11-26T07:04:21.480Z] Error reading register 6507 for IP 10.30.4.128: no connection to modbus server
[2024-11-26T07:04:21.480Z] Error reading or processing Modbus registers: no connection to modbus server
[2024-11-26T07:04:21.480Z] Error reading register 6507 for IP 10.30.4.128: no connection to modbus server
[2024-11-26T07:04:21.602Z] Error writing to Modbus register: no connection to modbus server
[2024-11-26T07:04:21.949Z] Error reading or processing Modbus registers: no connection to modbus server
[2024-11-26T07:04:21.949Z] Error reading register 6507 for IP 10.30.4.128: no connection to modbus server
[2024-11-26T07:04:22.160Z] Error reading or processing Modbus registers: no connection to modbus server
[2024-11-26T07:04:22.160Z] Error reading register 6507 for IP 10.30.4.128: no connection to modbus server
[2024-11-26T07:04:22.404Z] Error writing to Modbus register: no connection to modbus server
[2024-11-26T07:04:22.480Z] Error reading or processing Modbus registers: no connection to modbus server
[2024-11-26T07:04:22.480Z] Error reading register 6507 for IP 10.30.4.128: no connection to modbus server
[2024-11-26T07:04:22.480Z] Error reading register 6507 for IP 10.30.4.128: no connection to modbus server
[2024-11-26T07:04:22.480Z] Error reading or processing Modbus registers: no connection to modbus server
[2024-11-26T07:04:22.608Z] Error writing to Modbus register: no connection to modbus server
[2024-11-26T07:04:22.676Z] Error writing to Modbus register: no connection to modbus server
[2024-11-26T07:04:22.950Z] Error reading or processing Modbus registers: no connection to modbus server
[2024-11-26T07:04:22.950Z] Error reading register 6507 for IP 10.30.4.128: no connection to modbus server
[2024-11-26T07:04:23.161Z] Error reading or processing Modbus registers: no connection to modbus server
[2024-11-26T07:04:23.161Z] Error reading register 6507 for IP 10.30.4.128: no connection to modbus server
[2024-11-26T07:04:23.480Z] Error reading or processing Modbus registers: no connection to modbus server
[2024-11-26T07:04:23.480Z] Error reading register 6507 for IP 10.30.4.128: no connection to modbus server
[2024-11-26T07:04:23.481Z] Error reading or processing Modbus registers: no connection to modbus server
[2024-11-26T07:04:23.481Z] Error reading register 6507 for IP 10.30.4.128: no connection to modbus server
[2024-11-26T07:04:23.602Z] Error writing to Modbus register: no connection to modbus server
[2024-11-26T07:04:23.964Z] Error reading or processing Modbus registers: no connection to modbus server
[2024-11-26T07:04:23.964Z] Error reading register 6507 for IP 10.30.4.128: no connection to modbus server
[2024-11-26T07:04:24.162Z] Error reading or processing Modbus registers: no connection to modbus server
[2024-11-26T07:04:24.162Z] Error reading register 6507 for IP 10.30.4.128: no connection to modbus server
[2024-11-26T07:04:24.404Z] Error writing to Modbus register: no connection to modbus server
[2024-11-26T07:04:24.480Z] Error reading or processing Modbus registers: no connection to modbus server
[2024-11-26T07:04:24.480Z] Error reading register 6507 for IP 10.30.4.128: no connection to modbus server
[2024-11-26T07:04:24.482Z] Error reading or processing Modbus registers: no connection to modbus server
[2024-11-26T07:04:24.482Z] Error reading register 6507 for IP 10.30.4.128: no connection to modbus server
[2024-11-26T07:04:24.608Z] Error writing to Modbus register: no connection to modbus server
[2024-11-26T07:04:24.678Z] Error writing to Modbus register: no connection to modbus server
[2024-11-26T07:04:24.979Z] Error reading or processing Modbus registers: no connection to modbus server
[2024-11-26T07:04:24.979Z] Error reading register 6507 for IP 10.30.4.128: no connection to modbus server
[2024-11-26T07:04:25.175Z] Error reading or processing Modbus registers: no connection to modbus server
[2024-11-26T07:04:25.175Z] Error reading register 6507 for IP 10.30.4.128: no connection to modbus server
[2024-11-26T07:04:25.490Z] Error reading or processing Modbus registers: no connection to modbus server
[2024-11-26T07:04:25.490Z] Error reading register 6507 for IP 10.30.4.128: no connection to modbus server
[2024-11-26T07:04:25.490Z] Error reading register 6507 for IP 10.30.4.128: no connection to modbus server
[2024-11-26T07:04:25.490Z] Error reading or processing Modbus registers: no connection to modbus server
[2024-11-26T07:04:25.602Z] Error writing to Modbus register: no connection to modbus server
[2024-11-26T07:04:25.990Z] Error reading or processing Modbus registers: no connection to modbus server
[2024-11-26T07:04:25.990Z] Error reading register 6507 for IP 10.30.4.128: no connection to modbus server
[2024-11-26T07:04:26.184Z] Error reading or processing Modbus registers: no connection to modbus server
[2024-11-26T07:04:26.184Z] Error reading register 6507 for IP 10.30.4.128: no connection to modbus server
[2024-11-26T07:04:26.412Z] Error writing to Modbus register: no connection to modbus server
[2024-11-26T07:04:26.503Z] Error reading register 6507 for IP 10.30.4.128: no connection to modbus server
[2024-11-26T07:04:26.503Z] Error reading or processing Modbus registers: no connection to modbus server
[2024-11-26T07:04:26.503Z] Error reading register 6507 for IP 10.30.4.128: no connection to modbus server
[2024-11-26T07:04:26.503Z] Error reading or processing Modbus registers: no connection to modbus server
[2024-11-26T07:04:26.608Z] Error writing to Modbus register: no connection to modbus server
[2024-11-26T07:04:26.684Z] Error writing to Modbus register: no connection to modbus server
[2024-11-26T07:04:27.000Z] Error reading or processing Modbus registers: no connection to modbus server
[2024-11-26T07:04:27.000Z] Error reading register 6507 for IP 10.30.4.128: no connection to modbus server
[2024-11-26T07:04:27.215Z] Error reading or processing Modbus registers: no connection to modbus server
[2024-11-26T07:04:27.215Z] Error reading register 6507 for IP 10.30.4.128: no connection to modbus server
[2024-11-26T07:04:27.513Z] Error reading or processing Modbus registers: no connection to modbus server
[2024-11-26T07:04:27.513Z] Error reading register 6507 for IP 10.30.4.128: no connection to modbus server
[2024-11-26T07:04:27.513Z] Error reading register 6507 for IP 10.30.4.128: no connection to modbus server
[2024-11-26T07:04:27.513Z] Error reading or processing Modbus registers: no connection to modbus server
[2024-11-26T07:04:27.602Z] Error writing to Modbus register: no connection to modbus server
[2024-11-26T07:04:28.012Z] Error reading or processing Modbus registers: no connection to modbus server
[2024-11-26T07:04:28.012Z] Error reading register 6507 for IP 10.30.4.128: no connection to modbus server
[2024-11-26T07:04:28.225Z] Error reading or processing Modbus registers: no connection to modbus server
[2024-11-26T07:04:28.225Z] Error reading register 6507 for IP 10.30.4.128: no connection to modbus server
[2024-11-26T07:04:28.420Z] Error writing to Modbus register: no connection to modbus server
[2024-11-26T07:04:28.527Z] Error reading register 6507 for IP 10.30.4.128: no connection to modbus server
[2024-11-26T07:04:28.527Z] Error reading register 6507 for IP 10.30.4.128: no connection to modbus server
[2024-11-26T07:04:28.527Z] Error reading or processing Modbus registers: no connection to modbus server
[2024-11-26T07:04:28.527Z] Error reading or processing Modbus registers: no connection to modbus server
[2024-11-26T07:04:28.608Z] Error writing to Modbus register: no connection to modbus server
[2024-11-26T07:04:28.684Z] Error writing to Modbus register: no connection to modbus server
[2024-11-26T07:04:29.022Z] Error reading or processing Modbus registers: no connection to modbus server
[2024-11-26T07:04:29.022Z] Error reading register 6507 for IP 10.30.4.128: no connection to modbus server
[2024-11-26T07:04:29.224Z] Error reading or processing Modbus registers: no connection to modbus server
[2024-11-26T07:04:29.224Z] Error reading register 6507 for IP 10.30.4.128: no connection to modbus server
[2024-11-26T07:04:29.539Z] Error reading or processing Modbus registers: no connection to modbus server
[2024-11-26T07:04:29.539Z] Error reading register 6507 for IP 10.30.4.128: no connection to modbus server
[2024-11-26T07:04:29.539Z] Error reading register 6507 for IP 10.30.4.128: no connection to modbus server
[2024-11-26T07:04:29.539Z] Error reading or processing Modbus registers: no connection to modbus server
[2024-11-26T07:04:29.602Z] Error writing to Modbus register: no connection to modbus server
[2024-11-26T07:04:30.023Z] Error reading register 6507 for IP 10.30.4.128: no connection to modbus server
[2024-11-26T07:04:30.023Z] Error reading or processing Modbus registers: no connection to modbus server
[2024-11-26T07:04:30.235Z] Error reading or processing Modbus registers: no connection to modbus server
[2024-11-26T07:04:30.235Z] Error reading register 6507 for IP 10.30.4.128: no connection to modbus server
[2024-11-26T07:04:30.432Z] Error writing to Modbus register: no connection to modbus server
[2024-11-26T07:04:30.553Z] Error reading register 6507 for IP 10.30.4.128: no connection to modbus server
[2024-11-26T07:04:30.553Z] Error reading register 6507 for IP 10.30.4.128: no connection to modbus server
[2024-11-26T07:04:30.553Z] Error reading or processing Modbus registers: no connection to modbus server
[2024-11-26T07:04:30.553Z] Error reading or processing Modbus registers: no connection to modbus server
[2024-11-26T07:04:30.608Z] Error writing to Modbus register: no connection to modbus server
[2024-11-26T07:04:30.684Z] Error writing to Modbus register: no connection to modbus server
[2024-11-26T07:04:31.037Z] Error reading or processing Modbus registers: no connection to modbus server
[2024-11-26T07:04:31.037Z] Error reading register 6507 for IP 10.30.4.128: no connection to modbus server
[2024-11-26T07:04:31.235Z] Error reading or processing Modbus registers: no connection to modbus server
[2024-11-26T07:04:31.235Z] Error reading register 6507 for IP 10.30.4.128: no connection to modbus server
[2024-11-26T07:04:31.555Z] Error reading or processing Modbus registers: no connection to modbus server
[2024-11-26T07:04:31.555Z] Error reading register 6507 for IP 10.30.4.128: no connection to modbus server
[2024-11-26T07:04:31.555Z] Error reading or processing Modbus registers: no connection to modbus server
[2024-11-26T07:04:31.555Z] Error reading register 6507 for IP 10.30.4.128: no connection to modbus server
[2024-11-26T07:04:31.602Z] Error writing to Modbus register: no connection to modbus server
[2024-11-26T07:04:32.044Z] Error reading or processing Modbus registers: no connection to modbus server
[2024-11-26T07:04:32.044Z] Error reading register 6507 for IP 10.30.4.128: no connection to modbus server
[2024-11-26T07:04:32.242Z] Error reading or processing Modbus registers: no connection to modbus server
[2024-11-26T07:04:32.242Z] Error reading register 6507 for IP 10.30.4.128: no connection to modbus server
[2024-11-26T07:04:32.441Z] Error writing to Modbus register: no connection to modbus server
[2024-11-26T07:04:32.563Z] Error reading or processing Modbus registers: no connection to modbus server
[2024-11-26T07:04:32.563Z] Error reading register 6507 for IP 10.30.4.128: no connection to modbus server
[2024-11-26T07:04:32.563Z] Error reading or processing Modbus registers: no connection to modbus server
[2024-11-26T07:04:32.563Z] Error reading register 6507 for IP 10.30.4.128: no connection to modbus server
[2024-11-26T07:04:32.608Z] Error writing to Modbus register: no connection to modbus server
[2024-11-26T07:04:32.684Z] Error writing to Modbus register: no connection to modbus server
[2024-11-26T07:04:33.051Z] Error reading or processing Modbus registers: no connection to modbus server
[2024-11-26T07:04:33.051Z] Error reading register 6507 for IP 10.30.4.128: no connection to modbus server
[2024-11-26T07:04:33.252Z] Error reading or processing Modbus registers: no connection to modbus server
[2024-11-26T07:04:33.252Z] Error reading register 6507 for IP 10.30.4.128: no connection to modbus server
[2024-11-26T07:04:33.568Z] Error reading register 6507 for IP 10.30.4.128: no connection to modbus server
[2024-11-26T07:04:33.568Z] Error reading or processing Modbus registers: no connection to modbus server
[2024-11-26T07:04:33.569Z] Error reading register 6507 for IP 10.30.4.128: no connection to modbus server
[2024-11-26T07:04:33.569Z] Error reading or processing Modbus registers: no connection to modbus server
[2024-11-26T07:04:33.601Z] Error writing to Modbus register: no connection to modbus server
[2024-11-26T07:04:34.052Z] Error reading or processing Modbus registers: no connection to modbus server
[2024-11-26T07:04:34.052Z] Error reading register 6507 for IP 10.30.4.128: no connection to modbus server
[2024-11-26T07:04:34.262Z] Error reading or processing Modbus registers: no connection to modbus server
[2024-11-26T07:04:34.262Z] Error reading register 6507 for IP 10.30.4.128: no connection to modbus server
[2024-11-26T07:04:34.444Z] Error writing to Modbus register: no connection to modbus server
[2024-11-26T07:04:34.581Z] Error reading or processing Modbus registers: no connection to modbus server
[2024-11-26T07:04:34.581Z] Error reading register 6507 for IP 10.30.4.128: no connection to modbus server
[2024-11-26T07:04:34.581Z] Error reading register 6507 for IP 10.30.4.128: no connection to modbus server
[2024-11-26T07:04:34.581Z] Error reading or processing Modbus registers: no connection to modbus server
[2024-11-26T07:04:34.608Z] Error writing to Modbus register: no connection to modbus server
[2024-11-26T07:04:34.684Z] Error writing to Modbus register: no connection to modbus server
[2024-11-26T07:04:35.065Z] Error reading or processing Modbus registers: no connection to modbus server
[2024-11-26T07:04:35.065Z] Error reading register 6507 for IP 10.30.4.128: no connection to modbus server
[2024-11-26T07:04:35.265Z] Error reading register 6507 for IP 10.30.4.128: no connection to modbus server
[2024-11-26T07:04:35.265Z] Error reading or processing Modbus registers: no connection to modbus server
[2024-11-26T07:04:35.584Z] Error reading or processing Modbus registers: no connection to modbus server
[2024-11-26T07:04:35.584Z] Error reading register 6507 for IP 10.30.4.128: no connection to modbus server
[2024-11-26T07:04:35.584Z] Error reading register 6507 for IP 10.30.4.128: no connection to modbus server
[2024-11-26T07:04:35.584Z] Error reading or processing Modbus registers: no connection to modbus server
[2024-11-26T07:04:35.602Z] Error writing to Modbus register: no connection to modbus server
[2024-11-26T07:04:36.072Z] Error reading or processing Modbus registers: no connection to modbus server
[2024-11-26T07:04:36.072Z] Error reading register 6507 for IP 10.30.4.128: no connection to modbus server
[2024-11-26T07:04:36.272Z] Error reading or processing Modbus registers: no connection to modbus server
[2024-11-26T07:04:36.272Z] Error reading register 6507 for IP 10.30.4.128: no connection to modbus server
[2024-11-26T07:04:36.458Z] Error writing to Modbus register: no connection to modbus server
[2024-11-26T07:04:36.596Z] Error reading or processing Modbus registers: no connection to modbus server
[2024-11-26T07:04:36.597Z] Error reading register 6507 for IP 10.30.4.128: no connection to modbus server
[2024-11-26T07:04:36.597Z] Error reading or processing Modbus registers: no connection to modbus server
[2024-11-26T07:04:36.597Z] Error reading register 6507 for IP 10.30.4.128: no connection to modbus server
[2024-11-26T07:04:36.608Z] Error writing to Modbus register: no connection to modbus server
[2024-11-26T07:04:36.683Z] Error writing to Modbus register: no connection to modbus server
[2024-11-26T07:04:37.087Z] Error reading or processing Modbus registers: no connection to modbus server
[2024-11-26T07:04:37.087Z] Error reading register 6507 for IP 10.30.4.128: no connection to modbus server
[2024-11-26T07:04:37.286Z] Error reading or processing Modbus registers: no connection to modbus server
[2024-11-26T07:04:37.286Z] Error reading register 6507 for IP 10.30.4.128: no connection to modbus server
[2024-11-26T07:04:37.607Z] Error reading or processing Modbus registers: no connection to modbus server
[2024-11-26T07:04:37.607Z] Error reading register 6507 for IP 10.30.4.128: no connection to modbus server
[2024-11-26T07:04:37.607Z] Error reading or processing Modbus registers: no connection to modbus server
[2024-11-26T07:04:37.607Z] Error reading register 6507 for IP 10.30.4.128: no connection to modbus server
[2024-11-26T07:04:37.607Z] Error writing to Modbus register: no connection to modbus server
[2024-11-26T07:04:38.097Z] Error reading or processing Modbus registers: no connection to modbus server
[2024-11-26T07:04:38.097Z] Error reading register 6507 for IP 10.30.4.128: no connection to modbus server
[2024-11-26T07:04:38.295Z] Error reading or processing Modbus registers: no connection to modbus server
[2024-11-26T07:04:38.295Z] Error reading register 6507 for IP 10.30.4.128: no connection to modbus server
[2024-11-26T07:04:38.461Z] Error writing to Modbus register: no connection to modbus server
[2024-11-26T07:04:38.614Z] Error reading or processing Modbus registers: no connection to modbus server
[2024-11-26T07:04:38.614Z] Error reading register 6507 for IP 10.30.4.128: no connection to modbus server
[2024-11-26T07:04:38.614Z] Error reading register 6507 for IP 10.30.4.128: no connection to modbus server
[2024-11-26T07:04:38.614Z] Error reading or processing Modbus registers: no connection to modbus server
[2024-11-26T07:04:38.614Z] Error writing to Modbus register: no connection to modbus server
[2024-11-26T07:04:38.683Z] Error writing to Modbus register: no connection to modbus server
[2024-11-26T07:04:39.102Z] Error reading or processing Modbus registers: no connection to modbus server
[2024-11-26T07:04:39.102Z] Error reading register 6507 for IP 10.30.4.128: no connection to modbus server
[2024-11-26T07:04:39.302Z] Error reading or processing Modbus registers: no connection to modbus server
[2024-11-26T07:04:39.302Z] Error reading register 6507 for IP 10.30.4.128: no connection to modbus server
[2024-11-26T07:04:39.609Z] Error writing to Modbus register: no connection to modbus server
[2024-11-26T07:04:39.625Z] Error reading or processing Modbus registers: no connection to modbus server
[2024-11-26T07:04:39.625Z] Error reading register 6507 for IP 10.30.4.128: no connection to modbus server
[2024-11-26T07:04:39.625Z] Error reading register 6507 for IP 10.30.4.128: no connection to modbus server
[2024-11-26T07:04:39.625Z] Error reading or processing Modbus registers: no connection to modbus server
[2024-11-26T07:04:40.111Z] Error reading or processing Modbus registers: no connection to modbus server
[2024-11-26T07:04:40.111Z] Error reading register 6507 for IP 10.30.4.128: no connection to modbus server
[2024-11-26T07:04:40.308Z] Error reading or processing Modbus registers: no connection to modbus server
[2024-11-26T07:04:40.308Z] Error reading register 6507 for IP 10.30.4.128: no connection to modbus server
[2024-11-26T07:04:40.476Z] Error writing to Modbus register: no connection to modbus server
[2024-11-26T07:04:40.615Z] Error writing to Modbus register: no connection to modbus server
[2024-11-26T07:04:40.631Z] Error reading register 6507 for IP 10.30.4.128: no connection to modbus server
[2024-11-26T07:04:40.631Z] Error reading or processing Modbus registers: no connection to modbus server
[2024-11-26T07:04:40.631Z] Error reading register 6507 for IP 10.30.4.128: no connection to modbus server
[2024-11-26T07:04:40.631Z] Error reading or processing Modbus registers: no connection to modbus server
[2024-11-26T07:04:40.684Z] Error writing to Modbus register: no connection to modbus server
[2024-11-26T07:04:41.120Z] Error reading or processing Modbus registers: no connection to modbus server
[2024-11-26T07:04:41.121Z] Error reading register 6507 for IP 10.30.4.128: no connection to modbus server
[2024-11-26T07:04:41.319Z] Error reading or processing Modbus registers: no connection to modbus server
[2024-11-26T07:04:41.319Z] Error reading register 6507 for IP 10.30.4.128: no connection to modbus server
[2024-11-26T07:04:41.624Z] Error writing to Modbus register: no connection to modbus server
[2024-11-26T07:04:41.640Z] Error reading or processing Modbus registers: no connection to modbus server
[2024-11-26T07:04:41.640Z] Error reading register 6507 for IP 10.30.4.128: no connection to modbus server
[2024-11-26T07:04:41.640Z] Error reading or processing Modbus registers: no connection to modbus server
[2024-11-26T07:04:41.640Z] Error reading register 6507 for IP 10.30.4.128: no connection to modbus server
[2024-11-26T07:04:42.128Z] Error reading or processing Modbus registers: no connection to modbus server
[2024-11-26T07:04:42.128Z] Error reading register 6507 for IP 10.30.4.128: no connection to modbus server
[2024-11-26T07:04:42.325Z] Error reading or processing Modbus registers: no connection to modbus server
[2024-11-26T07:04:42.325Z] Error reading register 6507 for IP 10.30.4.128: no connection to modbus server
[2024-11-26T07:04:42.477Z] Error writing to Modbus register: no connection to modbus server
[2024-11-26T07:04:42.615Z] Error writing to Modbus register: no connection to modbus server
[2024-11-26T07:04:42.646Z] Error reading or processing Modbus registers: no connection to modbus server
[2024-11-26T07:04:42.646Z] Error reading register 6507 for IP 10.30.4.128: no connection to modbus server
[2024-11-26T07:04:42.646Z] Error reading or processing Modbus registers: no connection to modbus server
[2024-11-26T07:04:42.646Z] Error reading register 6507 for IP 10.30.4.128: no connection to modbus server
[2024-11-26T07:04:42.684Z] Error writing to Modbus register: no connection to modbus server
[2024-11-26T07:04:43.134Z] Error reading or processing Modbus registers: no connection to modbus server
[2024-11-26T07:04:43.134Z] Error reading register 6507 for IP 10.30.4.128: no connection to modbus server
[2024-11-26T07:04:43.334Z] Error reading or processing Modbus registers: no connection to modbus server
[2024-11-26T07:04:43.334Z] Error reading register 6507 for IP 10.30.4.128: no connection to modbus server
[2024-11-26T07:04:43.626Z] Error writing to Modbus register: no connection to modbus server
[2024-11-26T07:04:43.656Z] Error reading or processing Modbus registers: no connection to modbus server
[2024-11-26T07:04:43.656Z] Error reading register 6507 for IP 10.30.4.128: no connection to modbus server
[2024-11-26T07:04:43.656Z] Error reading register 6507 for IP 10.30.4.128: no connection to modbus server
[2024-11-26T07:04:43.656Z] Error reading or processing Modbus registers: no connection to modbus server
[2024-11-26T07:04:44.146Z] Error reading or processing Modbus registers: no connection to modbus server
[2024-11-26T07:04:44.146Z] Error reading register 6507 for IP 10.30.4.128: no connection to modbus server
[2024-11-26T07:04:44.345Z] Error reading or processing Modbus registers: no connection to modbus server
[2024-11-26T07:04:44.345Z] Error reading register 6507 for IP 10.30.4.128: no connection to modbus server
[2024-11-26T07:04:44.481Z] Error writing to Modbus register: no connection to modbus server
[2024-11-26T07:04:44.617Z] Error writing to Modbus register: no connection to modbus server
[2024-11-26T07:04:44.663Z] Error reading register 6507 for IP 10.30.4.128: no connection to modbus server
[2024-11-26T07:04:44.663Z] Error reading or processing Modbus registers: no connection to modbus server
[2024-11-26T07:04:44.663Z] Error reading or processing Modbus registers: no connection to modbus server
[2024-11-26T07:04:44.663Z] Error reading register 6507 for IP 10.30.4.128: no connection to modbus server
[2024-11-26T07:04:44.683Z] Error writing to Modbus register: no connection to modbus server
[2024-11-26T07:04:45.158Z] Error reading or processing Modbus registers: no connection to modbus server
[2024-11-26T07:04:45.158Z] Error reading register 6507 for IP 10.30.4.128: no connection to modbus server
[2024-11-26T07:04:45.358Z] Error reading or processing Modbus registers: no connection to modbus server
[2024-11-26T07:04:45.358Z] Error reading register 6507 for IP 10.30.4.128: no connection to modbus server
[2024-11-26T07:04:45.633Z] Error writing to Modbus register: no connection to modbus server
[2024-11-26T07:04:45.664Z] Error reading or processing Modbus registers: no connection to modbus server
[2024-11-26T07:04:45.664Z] Error reading register 6507 for IP 10.30.4.128: no connection to modbus server
[2024-11-26T07:04:45.664Z] Error reading register 6507 for IP 10.30.4.128: no connection to modbus server
[2024-11-26T07:04:45.664Z] Error reading or processing Modbus registers: no connection to modbus server
[2024-11-26T07:04:46.167Z] Error reading or processing Modbus registers: no connection to modbus server
[2024-11-26T07:04:46.167Z] Error reading register 6507 for IP 10.30.4.128: no connection to modbus server
[2024-11-26T07:04:46.367Z] Error reading or processing Modbus registers: no connection to modbus server
[2024-11-26T07:04:46.368Z] Error reading register 6507 for IP 10.30.4.128: no connection to modbus server
[2024-11-26T07:04:46.488Z] Error writing to Modbus register: no connection to modbus server
[2024-11-26T07:04:46.627Z] Error writing to Modbus register: no connection to modbus server
[2024-11-26T07:04:46.673Z] Error reading or processing Modbus registers: no connection to modbus server
[2024-11-26T07:04:46.673Z] Error reading register 6507 for IP 10.30.4.128: no connection to modbus server
[2024-11-26T07:04:46.673Z] Error reading register 6507 for IP 10.30.4.128: no connection to modbus server
[2024-11-26T07:04:46.673Z] Error reading or processing Modbus registers: no connection to modbus server
[2024-11-26T07:04:46.684Z] Error writing to Modbus register: no connection to modbus server
[2024-11-26T07:04:47.179Z] Error reading or processing Modbus registers: no connection to modbus server
[2024-11-26T07:04:47.179Z] Error reading register 6507 for IP 10.30.4.128: no connection to modbus server
[2024-11-26T07:04:47.379Z] Error reading or processing Modbus registers: no connection to modbus server
[2024-11-26T07:04:47.379Z] Error reading register 6507 for IP 10.30.4.128: no connection to modbus server
[2024-11-26T07:04:47.637Z] Error writing to Modbus register: no connection to modbus server
[2024-11-26T07:04:47.683Z] Error reading or processing Modbus registers: no connection to modbus server
[2024-11-26T07:04:47.683Z] Error reading register 6507 for IP 10.30.4.128: no connection to modbus server
[2024-11-26T07:04:47.683Z] Error reading or processing Modbus registers: no connection to modbus server
[2024-11-26T07:04:47.683Z] Error reading register 6507 for IP 10.30.4.128: no connection to modbus server
[2024-11-26T07:04:48.186Z] Error reading register 6507 for IP 10.30.4.128: no connection to modbus server
[2024-11-26T07:04:48.186Z] Error reading or processing Modbus registers: no connection to modbus server
[2024-11-26T07:04:48.385Z] Error reading or processing Modbus registers: no connection to modbus server
[2024-11-26T07:04:48.385Z] Error reading register 6507 for IP 10.30.4.128: no connection to modbus server
[2024-11-26T07:04:48.490Z] Error writing to Modbus register: no connection to modbus server
[2024-11-26T07:04:48.627Z] Error writing to Modbus register: no connection to modbus server
[2024-11-26T07:04:48.689Z] Error reading or processing Modbus registers: no connection to modbus server
[2024-11-26T07:04:48.689Z] Error reading register 6507 for IP 10.30.4.128: no connection to modbus server
[2024-11-26T07:04:48.689Z] Error reading or processing Modbus registers: no connection to modbus server
[2024-11-26T07:04:48.689Z] Error reading register 6507 for IP 10.30.4.128: no connection to modbus server
[2024-11-26T07:04:48.689Z] Error writing to Modbus register: no connection to modbus server
[2024-11-26T07:04:49.191Z] Error reading register 6507 for IP 10.30.4.128: no connection to modbus server
[2024-11-26T07:04:49.191Z] Error reading or processing Modbus registers: no connection to modbus server
[2024-11-26T07:04:49.390Z] Error reading or processing Modbus registers: no connection to modbus server
[2024-11-26T07:04:49.390Z] Error reading register 6507 for IP 10.30.4.128: no connection to modbus server
[2024-11-26T07:04:49.649Z] Error writing to Modbus register: no connection to modbus server
[2024-11-26T07:04:49.694Z] Error reading or processing Modbus registers: no connection to modbus server
[2024-11-26T07:04:49.694Z] Error reading or processing Modbus registers: no connection to modbus server
[2024-11-26T07:04:49.694Z] Error reading register 6507 for IP 10.30.4.128: no connection to modbus server
[2024-11-26T07:04:49.694Z] Error reading register 6507 for IP 10.30.4.128: no connection to modbus server
[2024-11-26T07:04:50.197Z] Error reading or processing Modbus registers: no connection to modbus server
[2024-11-26T07:04:50.197Z] Error reading register 6507 for IP 10.30.4.128: no connection to modbus server
[2024-11-26T07:04:50.396Z] Error reading or processing Modbus registers: no connection to modbus server
[2024-11-26T07:04:50.396Z] Error reading register 6507 for IP 10.30.4.128: no connection to modbus server
[2024-11-26T07:04:50.503Z] Error writing to Modbus register: no connection to modbus server
[2024-11-26T07:04:50.640Z] Error writing to Modbus register: no connection to modbus server
[2024-11-26T07:04:50.702Z] Error writing to Modbus register: no connection to modbus server
[2024-11-26T07:04:50.702Z] Error reading or processing Modbus registers: no connection to modbus server
[2024-11-26T07:04:50.702Z] Error reading register 6507 for IP 10.30.4.128: no connection to modbus server
[2024-11-26T07:04:50.702Z] Error reading register 6507 for IP 10.30.4.128: no connection to modbus server
[2024-11-26T07:04:50.702Z] Error reading or processing Modbus registers: no connection to modbus server
[2024-11-26T07:04:51.206Z] Error reading or processing Modbus registers: no connection to modbus server
[2024-11-26T07:04:51.206Z] Error reading register 6507 for IP 10.30.4.128: no connection to modbus server
[2024-11-26T07:04:51.402Z] Error reading or processing Modbus registers: no connection to modbus server
[2024-11-26T07:04:51.402Z] Error reading register 6507 for IP 10.30.4.128: no connection to modbus server
[2024-11-26T07:04:51.662Z] Error writing to Modbus register: no connection to modbus server
[2024-11-26T07:04:51.707Z] Error reading or processing Modbus registers: no connection to modbus server
[2024-11-26T07:04:51.708Z] Error reading register 6507 for IP 10.30.4.128: no connection to modbus server
[2024-11-26T07:04:51.708Z] Error reading register 6507 for IP 10.30.4.128: no connection to modbus server
[2024-11-26T07:04:51.708Z] Error reading or processing Modbus registers: no connection to modbus server
[2024-11-26T07:04:52.211Z] Error reading register 6507 for IP 10.30.4.128: no connection to modbus server
[2024-11-26T07:04:52.211Z] Error reading or processing Modbus registers: no connection to modbus server
[2024-11-26T07:04:52.410Z] Error reading or processing Modbus registers: no connection to modbus server
[2024-11-26T07:04:52.410Z] Error reading register 6507 for IP 10.30.4.128: no connection to modbus server
[2024-11-26T07:04:52.515Z] Error writing to Modbus register: no connection to modbus server
[2024-11-26T07:04:52.651Z] Error writing to Modbus register: no connection to modbus server
[2024-11-26T07:04:52.711Z] Error writing to Modbus register: no connection to modbus server
[2024-11-26T07:04:52.711Z] Error reading or processing Modbus registers: no connection to modbus server
[2024-11-26T07:04:52.711Z] Error reading register 6507 for IP 10.30.4.128: no connection to modbus server
[2024-11-26T07:04:52.711Z] Error reading register 6507 for IP 10.30.4.128: no connection to modbus server
[2024-11-26T07:04:52.711Z] Error reading or processing Modbus registers: no connection to modbus server
[2024-11-26T07:04:53.217Z] Error reading or processing Modbus registers: no connection to modbus server
[2024-11-26T07:04:53.217Z] Error reading register 6507 for IP 10.30.4.128: no connection to modbus server
[2024-11-26T07:04:53.416Z] Error reading or processing Modbus registers: no connection to modbus server
[2024-11-26T07:04:53.416Z] Error reading register 6507 for IP 10.30.4.128: no connection to modbus server
[2024-11-26T07:04:53.675Z] Error writing to Modbus register: no connection to modbus server
[2024-11-26T07:04:53.720Z] Error reading or processing Modbus registers: no connection to modbus server
[2024-11-26T07:04:53.720Z] Error reading register 6507 for IP 10.30.4.128: no connection to modbus server
[2024-11-26T07:04:53.720Z] Error reading or processing Modbus registers: no connection to modbus server
[2024-11-26T07:04:53.720Z] Error reading register 6507 for IP 10.30.4.128: no connection to modbus server
[2024-11-26T07:04:54.220Z] Error reading or processing Modbus registers: no connection to modbus server
[2024-11-26T07:04:54.220Z] Error reading register 6507 for IP 10.30.4.128: no connection to modbus server
[2024-11-26T07:04:54.418Z] Error reading register 6507 for IP 10.30.4.128: no connection to modbus server
[2024-11-26T07:04:54.418Z] Error reading or processing Modbus registers: no connection to modbus server
[2024-11-26T07:04:54.524Z] Error writing to Modbus register: no connection to modbus server
[2024-11-26T07:04:54.659Z] Error writing to Modbus register: no connection to modbus server
[2024-11-26T07:04:54.720Z] Error writing to Modbus register: no connection to modbus server
[2024-11-26T07:04:54.735Z] Error reading or processing Modbus registers: no connection to modbus server
[2024-11-26T07:04:54.735Z] Error reading register 6507 for IP 10.30.4.128: no connection to modbus server
[2024-11-26T07:04:54.735Z] Error reading or processing Modbus registers: no connection to modbus server
[2024-11-26T07:04:54.735Z] Error reading register 6507 for IP 10.30.4.128: no connection to modbus server
[2024-11-26T07:04:55.220Z] Error reading or processing Modbus registers: no connection to modbus server
[2024-11-26T07:04:55.220Z] Error reading register 6507 for IP 10.30.4.128: no connection to modbus server
[2024-11-26T07:04:55.431Z] Error reading or processing Modbus registers: no connection to modbus server
[2024-11-26T07:04:55.431Z] Error reading register 6507 for IP 10.30.4.128: no connection to modbus server
[2024-11-26T07:04:55.688Z] Error writing to Modbus register: no connection to modbus server
[2024-11-26T07:04:55.749Z] Error reading register 6507 for IP 10.30.4.128: no connection to modbus server
[2024-11-26T07:04:55.749Z] Error reading or processing Modbus registers: no connection to modbus server
[2024-11-26T07:04:55.749Z] Error reading register 6507 for IP 10.30.4.128: no connection to modbus server
[2024-11-26T07:04:55.749Z] Error reading or processing Modbus registers: no connection to modbus server
[2024-11-26T07:04:56.231Z] Error reading or processing Modbus registers: no connection to modbus server
[2024-11-26T07:04:56.231Z] Error reading register 6507 for IP 10.30.4.128: no connection to modbus server
[2024-11-26T07:04:56.442Z] Error reading or processing Modbus registers: no connection to modbus server
[2024-11-26T07:04:56.442Z] Error reading register 6507 for IP 10.30.4.128: no connection to modbus server
[2024-11-26T07:04:56.533Z] Error writing to Modbus register: no connection to modbus server
[2024-11-26T07:04:56.671Z] Error writing to Modbus register: no connection to modbus server
[2024-11-26T07:04:56.730Z] Error writing to Modbus register: no connection to modbus server
[2024-11-26T07:04:56.760Z] Error reading or processing Modbus registers: no connection to modbus server
[2024-11-26T07:04:56.760Z] Error reading register 6507 for IP 10.30.4.128: no connection to modbus server
[2024-11-26T07:04:56.760Z] Error reading register 6507 for IP 10.30.4.128: no connection to modbus server
[2024-11-26T07:04:56.760Z] Error reading or processing Modbus registers: no connection to modbus server
[2024-11-26T07:04:57.242Z] Error reading register 6507 for IP 10.30.4.128: no connection to modbus server
[2024-11-26T07:04:57.242Z] Error reading or processing Modbus registers: no connection to modbus server
[2024-11-26T07:04:57.455Z] Error reading or processing Modbus registers: no connection to modbus server
[2024-11-26T07:04:57.455Z] Error reading register 6507 for IP 10.30.4.128: no connection to modbus server
[2024-11-26T07:04:57.697Z] Error writing to Modbus register: no connection to modbus server
[2024-11-26T07:04:57.772Z] Error reading or processing Modbus registers: no connection to modbus server
[2024-11-26T07:04:57.772Z] Error reading register 6507 for IP 10.30.4.128: no connection to modbus server
[2024-11-26T07:04:57.772Z] Error reading register 6507 for IP 10.30.4.128: no connection to modbus server
[2024-11-26T07:04:57.772Z] Error reading or processing Modbus registers: no connection to modbus server
[2024-11-26T07:04:58.242Z] Error reading or processing Modbus registers: no connection to modbus server
[2024-11-26T07:04:58.242Z] Error reading register 6507 for IP 10.30.4.128: no connection to modbus server
[2024-11-26T07:04:58.470Z] Error reading or processing Modbus registers: no connection to modbus server
[2024-11-26T07:04:58.470Z] Error reading register 6507 for IP 10.30.4.128: no connection to modbus server
[2024-11-26T07:04:58.545Z] Error writing to Modbus register: no connection to modbus server
[2024-11-26T07:04:58.682Z] Error writing to Modbus register: no connection to modbus server
[2024-11-26T07:04:58.742Z] Error writing to Modbus register: no connection to modbus server
[2024-11-26T07:04:58.773Z] Error reading or processing Modbus registers: no connection to modbus server
[2024-11-26T07:04:58.773Z] Error reading register 6507 for IP 10.30.4.128: no connection to modbus server
[2024-11-26T07:04:58.773Z] Error reading or processing Modbus registers: no connection to modbus server
[2024-11-26T07:04:58.773Z] Error reading register 6507 for IP 10.30.4.128: no connection to modbus server
[2024-11-26T07:04:59.243Z] Error reading or processing Modbus registers: no connection to modbus server
[2024-11-26T07:04:59.243Z] Error reading register 6507 for IP 10.30.4.128: no connection to modbus server
[2024-11-26T07:04:59.470Z] Error reading or processing Modbus registers: no connection to modbus server
[2024-11-26T07:04:59.470Z] Error reading register 6507 for IP 10.30.4.128: no connection to modbus server
[2024-11-26T07:04:59.711Z] Error writing to Modbus register: no connection to modbus server
[2024-11-26T07:04:59.787Z] Error reading or processing Modbus registers: no connection to modbus server
[2024-11-26T07:04:59.787Z] Error reading register 6507 for IP 10.30.4.128: no connection to modbus server
[2024-11-26T07:04:59.787Z] Error reading or processing Modbus registers: no connection to modbus server
[2024-11-26T07:04:59.787Z] Error reading register 6507 for IP 10.30.4.128: no connection to modbus server
[2024-11-26T07:05:00.256Z] Error reading or processing Modbus registers: no connection to modbus server
[2024-11-26T07:05:00.256Z] Error reading register 6507 for IP 10.30.4.128: no connection to modbus server
[2024-11-26T07:05:00.484Z] Error reading register 6507 for IP 10.30.4.128: no connection to modbus server
[2024-11-26T07:05:00.484Z] Error reading or processing Modbus registers: no connection to modbus server
[2024-11-26T07:05:00.560Z] Error writing to Modbus register: no connection to modbus server
[2024-11-26T07:05:00.681Z] Error writing to Modbus register: no connection to modbus server
[2024-11-26T07:05:00.757Z] Error writing to Modbus register: no connection to modbus server
[2024-11-26T07:05:00.802Z] Error reading or processing Modbus registers: no connection to modbus server
[2024-11-26T07:05:00.802Z] Error reading register 6507 for IP 10.30.4.128: no connection to modbus server
[2024-11-26T07:05:00.802Z] Error reading or processing Modbus registers: no connection to modbus server
[2024-11-26T07:05:00.802Z] Error reading register 6507 for IP 10.30.4.128: no connection to modbus server
[2024-11-26T07:05:01.271Z] Error reading or processing Modbus registers: no connection to modbus server
[2024-11-26T07:05:01.271Z] Error reading register 6507 for IP 10.30.4.128: no connection to modbus server
[2024-11-26T07:05:01.485Z] Error reading register 6507 for IP 10.30.4.128: no connection to modbus server
[2024-11-26T07:05:01.485Z] Error reading or processing Modbus registers: no connection to modbus server
[2024-11-26T07:05:01.712Z] Error writing to Modbus register: no connection to modbus server
[2024-11-26T07:05:01.802Z] Error reading or processing Modbus registers: no connection to modbus server
[2024-11-26T07:05:01.802Z] Error reading register 6507 for IP 10.30.4.128: no connection to modbus server
[2024-11-26T07:05:01.803Z] Error reading or processing Modbus registers: no connection to modbus server
[2024-11-26T07:05:01.803Z] Error reading register 6507 for IP 10.30.4.128: no connection to modbus server
[2024-11-26T07:05:02.287Z] Error reading or processing Modbus registers: no connection to modbus server
[2024-11-26T07:05:02.287Z] Error reading register 6507 for IP 10.30.4.128: no connection to modbus server
[2024-11-26T07:05:02.498Z] Error reading register 6507 for IP 10.30.4.128: no connection to modbus server
[2024-11-26T07:05:02.498Z] Error reading or processing Modbus registers: no connection to modbus server
[2024-11-26T07:05:02.574Z] Error writing to Modbus register: no connection to modbus server
[2024-11-26T07:05:02.695Z] Error writing to Modbus register: no connection to modbus server
[2024-11-26T07:05:02.771Z] Error writing to Modbus register: no connection to modbus server
[2024-11-26T07:05:02.816Z] Error reading or processing Modbus registers: no connection to modbus server
[2024-11-26T07:05:02.816Z] Error reading register 6507 for IP 10.30.4.128: no connection to modbus server
[2024-11-26T07:05:02.816Z] Error reading or processing Modbus registers: no connection to modbus server
[2024-11-26T07:05:02.816Z] Error reading register 6507 for IP 10.30.4.128: no connection to modbus server
[2024-11-26T07:05:03.286Z] Error reading or processing Modbus registers: no connection to modbus server
[2024-11-26T07:05:03.286Z] Error reading register 6507 for IP 10.30.4.128: no connection to modbus server
[2024-11-26T07:05:03.514Z] Error reading or processing Modbus registers: no connection to modbus server
[2024-11-26T07:05:03.514Z] Error reading register 6507 for IP 10.30.4.128: no connection to modbus server
[2024-11-26T07:05:03.712Z] Error writing to Modbus register: no connection to modbus server
[2024-11-26T07:05:03.818Z] Error reading or processing Modbus registers: no connection to modbus server
[2024-11-26T07:05:03.818Z] Error reading register 6507 for IP 10.30.4.128: no connection to modbus server
[2024-11-26T07:05:03.818Z] Error reading or processing Modbus registers: no connection to modbus server
[2024-11-26T07:05:03.818Z] Error reading register 6507 for IP 10.30.4.128: no connection to modbus server
[2024-11-26T07:05:04.300Z] Error reading or processing Modbus registers: no connection to modbus server
[2024-11-26T07:05:04.300Z] Error reading register 6507 for IP 10.30.4.128: no connection to modbus server
[2024-11-26T07:05:04.527Z] Error reading or processing Modbus registers: no connection to modbus server
[2024-11-26T07:05:04.527Z] Error reading register 6507 for IP 10.30.4.128: no connection to modbus server
[2024-11-26T07:05:04.588Z] Error writing to Modbus register: no connection to modbus server
[2024-11-26T07:05:04.708Z] Error writing to Modbus register: no connection to modbus server
[2024-11-26T07:05:04.783Z] Error writing to Modbus register: no connection to modbus server
[2024-11-26T07:05:04.829Z] Error reading or processing Modbus registers: no connection to modbus server
[2024-11-26T07:05:04.829Z] Error reading register 6507 for IP 10.30.4.128: no connection to modbus server
[2024-11-26T07:05:04.829Z] Error reading or processing Modbus registers: no connection to modbus server
[2024-11-26T07:05:04.829Z] Error reading register 6507 for IP 10.30.4.128: no connection to modbus server
[2024-11-26T07:05:05.313Z] Error reading or processing Modbus registers: no connection to modbus server
[2024-11-26T07:05:05.313Z] Error reading register 6507 for IP 10.30.4.128: no connection to modbus server
[2024-11-26T07:05:05.541Z] Error reading or processing Modbus registers: no connection to modbus server
[2024-11-26T07:05:05.541Z] Error reading register 6507 for IP 10.30.4.128: no connection to modbus server
[2024-11-26T07:05:05.722Z] Error writing to Modbus register: no connection to modbus server
[2024-11-26T07:05:05.844Z] Error reading register 6507 for IP 10.30.4.128: no connection to modbus server
[2024-11-26T07:05:05.844Z] Error reading or processing Modbus registers: no connection to modbus server
[2024-11-26T07:05:05.844Z] Error reading or processing Modbus registers: no connection to modbus server
[2024-11-26T07:05:05.844Z] Error reading register 6507 for IP 10.30.4.128: no connection to modbus server
[2024-11-26T07:05:06.312Z] Error reading or processing Modbus registers: no connection to modbus server
[2024-11-26T07:05:06.312Z] Error reading register 6507 for IP 10.30.4.128: no connection to modbus server
[2024-11-26T07:05:06.555Z] Error reading or processing Modbus registers: no connection to modbus server
[2024-11-26T07:05:06.555Z] Error reading register 6507 for IP 10.30.4.128: no connection to modbus server
[2024-11-26T07:05:06.600Z] Error writing to Modbus register: no connection to modbus server
[2024-11-26T07:05:06.722Z] Error writing to Modbus register: no connection to modbus server
[2024-11-26T07:05:06.798Z] Error writing to Modbus register: no connection to modbus server
[2024-11-26T07:05:06.845Z] Error reading register 6507 for IP 10.30.4.128: no connection to modbus server
[2024-11-26T07:05:06.845Z] Error reading or processing Modbus registers: no connection to modbus server
[2024-11-26T07:05:06.845Z] Error reading register 6507 for IP 10.30.4.128: no connection to modbus server
[2024-11-26T07:05:06.845Z] Error reading or processing Modbus registers: no connection to modbus server
[2024-11-26T07:05:07.313Z] Error reading or processing Modbus registers: no connection to modbus server
[2024-11-26T07:05:07.313Z] Error reading register 6507 for IP 10.30.4.128: no connection to modbus server
[2024-11-26T07:05:07.569Z] Error reading or processing Modbus registers: no connection to modbus server
[2024-11-26T07:05:07.569Z] Error reading register 6507 for IP 10.30.4.128: no connection to modbus server
[2024-11-26T07:05:07.736Z] Error writing to Modbus register: no connection to modbus server
[2024-11-26T07:05:07.858Z] Error reading or processing Modbus registers: no connection to modbus server
[2024-11-26T07:05:07.858Z] Error reading register 6507 for IP 10.30.4.128: no connection to modbus server
[2024-11-26T07:05:07.859Z] Error reading or processing Modbus registers: no connection to modbus server
[2024-11-26T07:05:07.859Z] Error reading register 6507 for IP 10.30.4.128: no connection to modbus server
[2024-11-26T07:05:08.313Z] Error reading or processing Modbus registers: no connection to modbus server
[2024-11-26T07:05:08.313Z] Error reading register 6507 for IP 10.30.4.128: no connection to modbus server
[2024-11-26T07:05:08.570Z] Error reading or processing Modbus registers: no connection to modbus server
[2024-11-26T07:05:08.570Z] Error reading register 6507 for IP 10.30.4.128: no connection to modbus server
[2024-11-26T07:05:08.600Z] Error writing to Modbus register: no connection to modbus server
[2024-11-26T07:05:08.738Z] Error writing to Modbus register: no connection to modbus server
[2024-11-26T07:05:08.797Z] Error writing to Modbus register: no connection to modbus server
[2024-11-26T07:05:08.859Z] Error reading register 6507 for IP 10.30.4.128: no connection to modbus server
[2024-11-26T07:05:08.859Z] Error reading or processing Modbus registers: no connection to modbus server
[2024-11-26T07:05:08.859Z] Error reading register 6507 for IP 10.30.4.128: no connection to modbus server
[2024-11-26T07:05:08.859Z] Error reading or processing Modbus registers: no connection to modbus server
[2024-11-26T07:05:09.314Z] Error reading register 6507 for IP 10.30.4.128: no connection to modbus server
[2024-11-26T07:05:09.314Z] Error reading or processing Modbus registers: no connection to modbus server
[2024-11-26T07:05:09.572Z] Error reading or processing Modbus registers: no connection to modbus server
[2024-11-26T07:05:09.572Z] Error reading register 6507 for IP 10.30.4.128: no connection to modbus server
[2024-11-26T07:05:09.739Z] Error writing to Modbus register: no connection to modbus server
[2024-11-26T07:05:09.860Z] Error reading or processing Modbus registers: no connection to modbus server
[2024-11-26T07:05:09.860Z] Error reading register 6507 for IP 10.30.4.128: no connection to modbus server
[2024-11-26T07:05:09.860Z] Error reading or processing Modbus registers: no connection to modbus server
[2024-11-26T07:05:09.860Z] Error reading register 6507 for IP 10.30.4.128: no connection to modbus server
[2024-11-26T07:05:10.314Z] Error reading or processing Modbus registers: no connection to modbus server
[2024-11-26T07:05:10.314Z] Error reading register 6507 for IP 10.30.4.128: no connection to modbus server
[2024-11-26T07:05:10.587Z] Error reading register 6507 for IP 10.30.4.128: no connection to modbus server
[2024-11-26T07:05:10.587Z] Error reading or processing Modbus registers: no connection to modbus server
[2024-11-26T07:05:10.602Z] Error writing to Modbus register: no connection to modbus server
[2024-11-26T07:05:10.738Z] Error writing to Modbus register: no connection to modbus server
[2024-11-26T07:05:10.799Z] Error writing to Modbus register: no connection to modbus server
[2024-11-26T07:05:10.875Z] Error reading or processing Modbus registers: no connection to modbus server
[2024-11-26T07:05:10.875Z] Error reading register 6507 for IP 10.30.4.128: no connection to modbus server
[2024-11-26T07:05:10.875Z] Error reading or processing Modbus registers: no connection to modbus server
[2024-11-26T07:05:10.875Z] Error reading register 6507 for IP 10.30.4.128: no connection to modbus server
[2024-11-26T07:05:11.314Z] Error reading or processing Modbus registers: no connection to modbus server
[2024-11-26T07:05:11.314Z] Error reading register 6507 for IP 10.30.4.128: no connection to modbus server
[2024-11-26T07:05:11.589Z] Error reading or processing Modbus registers: no connection to modbus server
[2024-11-26T07:05:11.589Z] Error reading register 6507 for IP 10.30.4.128: no connection to modbus server
[2024-11-26T07:05:11.753Z] Error writing to Modbus register: no connection to modbus server
[2024-11-26T07:05:11.875Z] Error reading or processing Modbus registers: no connection to modbus server
[2024-11-26T07:05:11.875Z] Error reading register 6507 for IP 10.30.4.128: no connection to modbus server
[2024-11-26T07:05:11.875Z] Error reading or processing Modbus registers: no connection to modbus server
[2024-11-26T07:05:11.875Z] Error reading register 6507 for IP 10.30.4.128: no connection to modbus server
[2024-11-26T07:05:12.329Z] Error reading or processing Modbus registers: no connection to modbus server
[2024-11-26T07:05:12.329Z] Error reading register 6507 for IP 10.30.4.128: no connection to modbus server
[2024-11-26T07:05:12.602Z] Error reading or processing Modbus registers: no connection to modbus server
[2024-11-26T07:05:12.602Z] Error reading register 6507 for IP 10.30.4.128: no connection to modbus server
[2024-11-26T07:05:12.602Z] Error writing to Modbus register: no connection to modbus server
[2024-11-26T07:05:12.752Z] Error writing to Modbus register: no connection to modbus server
[2024-11-26T07:05:12.813Z] Error writing to Modbus register: no connection to modbus server
[2024-11-26T07:05:12.889Z] Error reading or processing Modbus registers: no connection to modbus server
[2024-11-26T07:05:12.889Z] Error reading register 6507 for IP 10.30.4.128: no connection to modbus server
[2024-11-26T07:05:12.889Z] Error reading register 6507 for IP 10.30.4.128: no connection to modbus server
[2024-11-26T07:05:12.889Z] Error reading or processing Modbus registers: no connection to modbus server
[2024-11-26T07:05:13.343Z] Error reading or processing Modbus registers: no connection to modbus server
[2024-11-26T07:05:13.343Z] Error reading register 6507 for IP 10.30.4.128: no connection to modbus server
[2024-11-26T07:05:13.616Z] Error reading or processing Modbus registers: no connection to modbus server
[2024-11-26T07:05:13.616Z] Error reading register 6507 for IP 10.30.4.128: no connection to modbus server
[2024-11-26T07:05:13.753Z] Error writing to Modbus register: no connection to modbus server
[2024-11-26T07:05:13.890Z] Error reading or processing Modbus registers: no connection to modbus server
[2024-11-26T07:05:13.890Z] Error reading register 6507 for IP 10.30.4.128: no connection to modbus server
[2024-11-26T07:05:13.890Z] Error reading register 6507 for IP 10.30.4.128: no connection to modbus server
[2024-11-26T07:05:13.890Z] Error reading or processing Modbus registers: no connection to modbus server
[2024-11-26T07:05:14.344Z] Error reading or processing Modbus registers: no connection to modbus server
[2024-11-26T07:05:14.344Z] Error reading register 6507 for IP 10.30.4.128: no connection to modbus server
[2024-11-26T07:05:14.603Z] Error writing to Modbus register: no connection to modbus server
[2024-11-26T07:05:14.619Z] Error reading or processing Modbus registers: no connection to modbus server
[2024-11-26T07:05:14.619Z] Error reading register 6507 for IP 10.30.4.128: no connection to modbus server
[2024-11-26T07:05:14.756Z] Error writing to Modbus register: no connection to modbus server
[2024-11-26T07:05:14.817Z] Error writing to Modbus register: no connection to modbus server
[2024-11-26T07:05:14.892Z] Error reading or processing Modbus registers: no connection to modbus server
[2024-11-26T07:05:14.893Z] Error reading register 6507 for IP 10.30.4.128: no connection to modbus server
[2024-11-26T07:05:14.893Z] Error reading or processing Modbus registers: no connection to modbus server
[2024-11-26T07:05:14.893Z] Error reading register 6507 for IP 10.30.4.128: no connection to modbus server
[2024-11-26T07:05:15.346Z] Error reading or processing Modbus registers: no connection to modbus server
[2024-11-26T07:05:15.346Z] Error reading register 6507 for IP 10.30.4.128: no connection to modbus server
[2024-11-26T07:05:15.633Z] Error reading register 6507 for IP 10.30.4.128: no connection to modbus server
[2024-11-26T07:05:15.633Z] Error reading or processing Modbus registers: no connection to modbus server
[2024-11-26T07:05:15.756Z] Error writing to Modbus register: no connection to modbus server
[2024-11-26T07:05:15.893Z] Error reading or processing Modbus registers: no connection to modbus server
[2024-11-26T07:05:15.893Z] Error reading register 6507 for IP 10.30.4.128: no connection to modbus server
[2024-11-26T07:05:15.894Z] Error reading or processing Modbus registers: no connection to modbus server
[2024-11-26T07:05:15.894Z] Error reading register 6507 for IP 10.30.4.128: no connection to modbus server
[2024-11-26T07:05:16.349Z] Error reading or processing Modbus registers: no connection to modbus server
[2024-11-26T07:05:16.349Z] Error reading register 6507 for IP 10.30.4.128: no connection to modbus server
[2024-11-26T07:05:16.607Z] Error writing to Modbus register: no connection to modbus server
[2024-11-26T07:05:16.637Z] Error reading or processing Modbus registers: no connection to modbus server
[2024-11-26T07:05:16.637Z] Error reading register 6507 for IP 10.30.4.128: no connection to modbus server
[2024-11-26T07:05:16.759Z] Error writing to Modbus register: no connection to modbus server
[2024-11-26T07:05:16.819Z] Error writing to Modbus register: no connection to modbus server
[2024-11-26T07:05:16.894Z] Error reading or processing Modbus registers: no connection to modbus server
[2024-11-26T07:05:16.894Z] Error reading register 6507 for IP 10.30.4.128: no connection to modbus server
[2024-11-26T07:05:16.894Z] Error reading register 6507 for IP 10.30.4.128: no connection to modbus server
[2024-11-26T07:05:16.894Z] Error reading or processing Modbus registers: no connection to modbus server
[2024-11-26T07:05:17.363Z] Error reading or processing Modbus registers: no connection to modbus server
[2024-11-26T07:05:17.363Z] Error reading register 6507 for IP 10.30.4.128: no connection to modbus server
[2024-11-26T07:05:17.651Z] Error reading or processing Modbus registers: no connection to modbus server
[2024-11-26T07:05:17.651Z] Error reading register 6507 for IP 10.30.4.128: no connection to modbus server
[2024-11-26T07:05:17.757Z] Error writing to Modbus register: no connection to modbus server
[2024-11-26T07:05:17.896Z] Error reading or processing Modbus registers: no connection to modbus server
[2024-11-26T07:05:17.896Z] Error reading register 6507 for IP 10.30.4.128: no connection to modbus server
[2024-11-26T07:05:17.896Z] Error reading or processing Modbus registers: no connection to modbus server
[2024-11-26T07:05:17.896Z] Error reading register 6507 for IP 10.30.4.128: no connection to modbus server
[2024-11-26T07:05:18.369Z] Error reading or processing Modbus registers: no connection to modbus server
[2024-11-26T07:05:18.369Z] Error reading register 6507 for IP 10.30.4.128: no connection to modbus server
[2024-11-26T07:05:18.613Z] Error writing to Modbus register: no connection to modbus server
[2024-11-26T07:05:18.658Z] Error reading register 6507 for IP 10.30.4.128: no connection to modbus server
[2024-11-26T07:05:18.658Z] Error reading or processing Modbus registers: no connection to modbus server
[2024-11-26T07:05:18.764Z] Error writing to Modbus register: no connection to modbus server
[2024-11-26T07:05:18.825Z] Error writing to Modbus register: no connection to modbus server
[2024-11-26T07:05:18.901Z] Error reading or processing Modbus registers: no connection to modbus server
[2024-11-26T07:05:18.901Z] Error reading register 6507 for IP 10.30.4.128: no connection to modbus server
[2024-11-26T07:05:18.901Z] Error reading or processing Modbus registers: no connection to modbus server
[2024-11-26T07:05:18.901Z] Error reading register 6507 for IP 10.30.4.128: no connection to modbus server
[2024-11-26T07:05:19.373Z] Error reading or processing Modbus registers: no connection to modbus server
[2024-11-26T07:05:19.374Z] Error reading register 6507 for IP 10.30.4.128: no connection to modbus server
[2024-11-26T07:05:19.664Z] Error reading register 6507 for IP 10.30.4.128: no connection to modbus server
[2024-11-26T07:05:19.663Z] Error reading or processing Modbus registers: no connection to modbus server
[2024-11-26T07:05:19.770Z] Error writing to Modbus register: no connection to modbus server
[2024-11-26T07:05:19.907Z] Error reading or processing Modbus registers: no connection to modbus server
[2024-11-26T07:05:19.907Z] Error reading register 6507 for IP 10.30.4.128: no connection to modbus server
[2024-11-26T07:05:19.907Z] Error reading or processing Modbus registers: no connection to modbus server
[2024-11-26T07:05:19.907Z] Error reading register 6507 for IP 10.30.4.128: no connection to modbus server
[2024-11-26T07:05:20.376Z] Error reading or processing Modbus registers: no connection to modbus server
[2024-11-26T07:05:20.376Z] Error reading register 6507 for IP 10.30.4.128: no connection to modbus server
[2024-11-26T07:05:20.621Z] Error writing to Modbus register: no connection to modbus server
[2024-11-26T07:05:20.668Z] Error reading or processing Modbus registers: no connection to modbus server
[2024-11-26T07:05:20.668Z] Error reading register 6507 for IP 10.30.4.128: no connection to modbus server
[2024-11-26T07:05:20.775Z] Error writing to Modbus register: no connection to modbus server
[2024-11-26T07:05:20.835Z] Error writing to Modbus register: no connection to modbus server
[2024-11-26T07:05:20.913Z] Error reading or processing Modbus registers: no connection to modbus server
[2024-11-26T07:05:20.913Z] Error reading register 6507 for IP 10.30.4.128: no connection to modbus server
[2024-11-26T07:05:20.913Z] Error reading register 6507 for IP 10.30.4.128: no connection to modbus server
[2024-11-26T07:05:20.913Z] Error reading or processing Modbus registers: no connection to modbus server
[2024-11-26T07:05:21.391Z] Error reading register 6507 for IP 10.30.4.128: no connection to modbus server
[2024-11-26T07:05:21.391Z] Error reading or processing Modbus registers: no connection to modbus server
[2024-11-26T07:05:21.682Z] Error reading or processing Modbus registers: no connection to modbus server
[2024-11-26T07:05:21.682Z] Error reading register 6507 for IP 10.30.4.128: no connection to modbus server
[2024-11-26T07:05:21.773Z] Error writing to Modbus register: no connection to modbus server
[2024-11-26T07:05:21.913Z] Error reading or processing Modbus registers: no connection to modbus server
[2024-11-26T07:05:21.913Z] Error reading register 6507 for IP 10.30.4.128: no connection to modbus server
[2024-11-26T07:05:21.914Z] Error reading or processing Modbus registers: no connection to modbus server
[2024-11-26T07:05:21.914Z] Error reading register 6507 for IP 10.30.4.128: no connection to modbus server
[2024-11-26T07:05:22.403Z] Error reading or processing Modbus registers: no connection to modbus server
[2024-11-26T07:05:22.403Z] Error reading register 6507 for IP 10.30.4.128: no connection to modbus server
[2024-11-26T07:05:22.631Z] Error writing to Modbus register: no connection to modbus server
[2024-11-26T07:05:22.691Z] Error reading or processing Modbus registers: no connection to modbus server
[2024-11-26T07:05:22.691Z] Error reading register 6507 for IP 10.30.4.128: no connection to modbus server
[2024-11-26T07:05:22.784Z] Error writing to Modbus register: no connection to modbus server
[2024-11-26T07:05:22.845Z] Error writing to Modbus register: no connection to modbus server
[2024-11-26T07:05:22.921Z] Error reading or processing Modbus registers: no connection to modbus server
[2024-11-26T07:05:22.921Z] Error reading register 6507 for IP 10.30.4.128: no connection to modbus server
[2024-11-26T07:05:22.922Z] Error reading or processing Modbus registers: no connection to modbus server
[2024-11-26T07:05:22.922Z] Error reading register 6507 for IP 10.30.4.128: no connection to modbus server
[2024-11-26T07:05:23.410Z] Error reading register 6507 for IP 10.30.4.128: no connection to modbus server
[2024-11-26T07:05:23.410Z] Error reading or processing Modbus registers: no connection to modbus server
[2024-11-26T07:05:23.703Z] Error reading register 6507 for IP 10.30.4.128: no connection to modbus server
[2024-11-26T07:05:23.703Z] Error reading or processing Modbus registers: no connection to modbus server
[2024-11-26T07:05:23.781Z] Error writing to Modbus register: no connection to modbus server
[2024-11-26T07:05:23.934Z] Error reading register 6507 for IP 10.30.4.128: no connection to modbus server
[2024-11-26T07:05:23.934Z] Error reading or processing Modbus registers: no connection to modbus server
[2024-11-26T07:05:23.934Z] Error reading register 6507 for IP 10.30.4.128: no connection to modbus server
[2024-11-26T07:05:23.934Z] Error reading or processing Modbus registers: no connection to modbus server
[2024-11-26T07:05:24.421Z] Error reading or processing Modbus registers: no connection to modbus server
[2024-11-26T07:05:24.421Z] Error reading register 6507 for IP 10.30.4.128: no connection to modbus server
[2024-11-26T07:05:24.637Z] Error writing to Modbus register: no connection to modbus server
[2024-11-26T07:05:24.712Z] Error reading or processing Modbus registers: no connection to modbus server
[2024-11-26T07:05:24.712Z] Error reading register 6507 for IP 10.30.4.128: no connection to modbus server
[2024-11-26T07:05:24.789Z] Error writing to Modbus register: no connection to modbus server
[2024-11-26T07:05:24.849Z] Error writing to Modbus register: no connection to modbus server
[2024-11-26T07:05:24.942Z] Error reading or processing Modbus registers: no connection to modbus server
[2024-11-26T07:05:24.942Z] Error reading register 6507 for IP 10.30.4.128: no connection to modbus server
[2024-11-26T07:05:24.942Z] Error reading register 6507 for IP 10.30.4.128: no connection to modbus server
[2024-11-26T07:05:24.942Z] Error reading or processing Modbus registers: no connection to modbus server
[2024-11-26T07:05:25.433Z] Error reading register 6507 for IP 10.30.4.128: no connection to modbus server
[2024-11-26T07:05:25.433Z] Error reading or processing Modbus registers: no connection to modbus server
[2024-11-26T07:05:25.723Z] Error reading or processing Modbus registers: no connection to modbus server
[2024-11-26T07:05:25.723Z] Error reading register 6507 for IP 10.30.4.128: no connection to modbus server
[2024-11-26T07:05:25.782Z] Error writing to Modbus register: no connection to modbus server
[2024-11-26T07:05:25.950Z] Error reading register 6507 for IP 10.30.4.128: no connection to modbus server
[2024-11-26T07:05:25.950Z] Error reading register 6507 for IP 10.30.4.128: no connection to modbus server
[2024-11-26T07:05:25.950Z] Error reading or processing Modbus registers: no connection to modbus server
[2024-11-26T07:05:25.950Z] Error reading or processing Modbus registers: no connection to modbus server
[2024-11-26T07:05:26.438Z] Error reading or processing Modbus registers: no connection to modbus server
[2024-11-26T07:05:26.438Z] Error reading register 6507 for IP 10.30.4.128: no connection to modbus server
[2024-11-26T07:05:26.650Z] Error writing to Modbus register: no connection to modbus server
[2024-11-26T07:05:26.727Z] Error reading or processing Modbus registers: no connection to modbus server
[2024-11-26T07:05:26.727Z] Error reading register 6507 for IP 10.30.4.128: no connection to modbus server
[2024-11-26T07:05:26.803Z] Error writing to Modbus register: no connection to modbus server
[2024-11-26T07:05:26.864Z] Error writing to Modbus register: no connection to modbus server
[2024-11-26T07:05:26.955Z] Error reading register 6507 for IP 10.30.4.128: no connection to modbus server
[2024-11-26T07:05:26.955Z] Error reading or processing Modbus registers: no connection to modbus server
[2024-11-26T07:05:26.955Z] Error reading or processing Modbus registers: no connection to modbus server
[2024-11-26T07:05:26.955Z] Error reading register 6507 for IP 10.30.4.128: no connection to modbus server
[2024-11-26T07:05:27.441Z] Error reading or processing Modbus registers: no connection to modbus server
[2024-11-26T07:05:27.441Z] Error reading register 6507 for IP 10.30.4.128: no connection to modbus server
[2024-11-26T07:05:27.730Z] Error reading or processing Modbus registers: no connection to modbus server
[2024-11-26T07:05:27.730Z] Error reading register 6507 for IP 10.30.4.128: no connection to modbus server
[2024-11-26T07:05:27.792Z] Error writing to Modbus register: no connection to modbus server
[2024-11-26T07:05:27.959Z] Error reading register 6507 for IP 10.30.4.128: no connection to modbus server
[2024-11-26T07:05:27.959Z] Error reading register 6507 for IP 10.30.4.128: no connection to modbus server
[2024-11-26T07:05:27.959Z] Error reading or processing Modbus registers: no connection to modbus server
[2024-11-26T07:05:27.959Z] Error reading or processing Modbus registers: no connection to modbus server
[2024-11-26T07:05:28.447Z] Error reading or processing Modbus registers: no connection to modbus server
[2024-11-26T07:05:28.447Z] Error reading register 6507 for IP 10.30.4.128: no connection to modbus server
[2024-11-26T07:05:28.660Z] Error writing to Modbus register: no connection to modbus server
[2024-11-26T07:05:28.736Z] Error reading register 6507 for IP 10.30.4.128: no connection to modbus server
[2024-11-26T07:05:28.736Z] Error reading or processing Modbus registers: no connection to modbus server
[2024-11-26T07:05:28.813Z] Error writing to Modbus register: no connection to modbus server
[2024-11-26T07:05:28.873Z] Error writing to Modbus register: no connection to modbus server
[2024-11-26T07:05:28.964Z] Error reading or processing Modbus registers: no connection to modbus server
[2024-11-26T07:05:28.964Z] Error reading register 6507 for IP 10.30.4.128: no connection to modbus server
[2024-11-26T07:05:28.964Z] Error reading or processing Modbus registers: no connection to modbus server
[2024-11-26T07:05:28.964Z] Error reading register 6507 for IP 10.30.4.128: no connection to modbus server
[2024-11-26T07:05:29.451Z] Error reading or processing Modbus registers: no connection to modbus server
[2024-11-26T07:05:29.451Z] Error reading register 6507 for IP 10.30.4.128: no connection to modbus server
[2024-11-26T07:05:29.740Z] Error reading or processing Modbus registers: no connection to modbus server
[2024-11-26T07:05:29.740Z] Error reading register 6507 for IP 10.30.4.128: no connection to modbus server
[2024-11-26T07:05:29.801Z] Error writing to Modbus register: no connection to modbus server
[2024-11-26T07:05:29.968Z] Error reading or processing Modbus registers: no connection to modbus server
[2024-11-26T07:05:29.968Z] Error reading register 6507 for IP 10.30.4.128: no connection to modbus server
[2024-11-26T07:05:29.968Z] Error reading register 6507 for IP 10.30.4.128: no connection to modbus server
[2024-11-26T07:05:29.968Z] Error reading or processing Modbus registers: no connection to modbus server
[2024-11-26T07:05:30.460Z] Error reading or processing Modbus registers: no connection to modbus server
[2024-11-26T07:05:30.460Z] Error reading register 6507 for IP 10.30.4.128: no connection to modbus server
[2024-11-26T07:05:30.676Z] Error writing to Modbus register: no connection to modbus server
[2024-11-26T07:05:30.751Z] Error reading register 6507 for IP 10.30.4.128: no connection to modbus server
[2024-11-26T07:05:30.751Z] Error reading or processing Modbus registers: no connection to modbus server
[2024-11-26T07:05:30.825Z] Error writing to Modbus register: no connection to modbus server
[2024-11-26T07:05:30.887Z] Error writing to Modbus register: no connection to modbus server
[2024-11-26T07:05:30.977Z] Error reading or processing Modbus registers: no connection to modbus server
[2024-11-26T07:05:30.977Z] Error reading register 6507 for IP 10.30.4.128: no connection to modbus server
[2024-11-26T07:05:30.977Z] Error reading or processing Modbus registers: no connection to modbus server
[2024-11-26T07:05:30.977Z] Error reading register 6507 for IP 10.30.4.128: no connection to modbus server
[2024-11-26T07:05:31.464Z] Error reading or processing Modbus registers: no connection to modbus server
[2024-11-26T07:05:31.464Z] Error reading register 6507 for IP 10.30.4.128: no connection to modbus server
[2024-11-26T07:05:31.763Z] Error reading or processing Modbus registers: no connection to modbus server
[2024-11-26T07:05:31.763Z] Error reading register 6507 for IP 10.30.4.128: no connection to modbus server
[2024-11-26T07:05:31.810Z] Error writing to Modbus register: no connection to modbus server
[2024-11-26T07:05:31.978Z] Error reading or processing Modbus registers: no connection to modbus server
[2024-11-26T07:05:31.978Z] Error reading register 6507 for IP 10.30.4.128: no connection to modbus server
[2024-11-26T07:05:31.978Z] Error reading or processing Modbus registers: no connection to modbus server
[2024-11-26T07:05:31.978Z] Error reading register 6507 for IP 10.30.4.128: no connection to modbus server
[2024-11-26T07:05:32.476Z] Error reading or processing Modbus registers: no connection to modbus server
[2024-11-26T07:05:32.476Z] Error reading register 6507 for IP 10.30.4.128: no connection to modbus server
[2024-11-26T07:05:32.687Z] Error writing to Modbus register: no connection to modbus server
[2024-11-26T07:05:32.778Z] Error reading or processing Modbus registers: no connection to modbus server
[2024-11-26T07:05:32.778Z] Error reading register 6507 for IP 10.30.4.128: no connection to modbus server
[2024-11-26T07:05:32.839Z] Error writing to Modbus register: no connection to modbus server
[2024-11-26T07:05:32.899Z] Error writing to Modbus register: no connection to modbus server
[2024-11-26T07:05:32.990Z] Error reading register 6507 for IP 10.30.4.128: no connection to modbus server
[2024-11-26T07:05:32.990Z] Error reading or processing Modbus registers: no connection to modbus server
[2024-11-26T07:05:32.990Z] Error reading register 6507 for IP 10.30.4.128: no connection to modbus server
[2024-11-26T07:05:32.990Z] Error reading or processing Modbus registers: no connection to modbus server
[2024-11-26T07:05:33.491Z] Error reading or processing Modbus registers: no connection to modbus server
[2024-11-26T07:05:33.491Z] Error reading register 6507 for IP 10.30.4.128: no connection to modbus server
[2024-11-26T07:05:33.779Z] Error reading or processing Modbus registers: no connection to modbus server
[2024-11-26T07:05:33.779Z] Error reading register 6507 for IP 10.30.4.128: no connection to modbus server
[2024-11-26T07:05:33.824Z] Error writing to Modbus register: no connection to modbus server
[2024-11-26T07:05:33.990Z] Error reading or processing Modbus registers: no connection to modbus server
[2024-11-26T07:05:33.990Z] Error reading or processing Modbus registers: no connection to modbus server
[2024-11-26T07:05:33.990Z] Error reading register 6507 for IP 10.30.4.128: no connection to modbus server
[2024-11-26T07:05:33.990Z] Error reading register 6507 for IP 10.30.4.128: no connection to modbus server
[2024-11-26T07:05:34.494Z] Error reading or processing Modbus registers: no connection to modbus server
[2024-11-26T07:05:34.494Z] Error reading register 6507 for IP 10.30.4.128: no connection to modbus server
[2024-11-26T07:05:34.692Z] Error writing to Modbus register: no connection to modbus server
[2024-11-26T07:05:34.784Z] Error reading or processing Modbus registers: no connection to modbus server
[2024-11-26T07:05:34.784Z] Error reading register 6507 for IP 10.30.4.128: no connection to modbus server
[2024-11-26T07:05:34.845Z] Error writing to Modbus register: no connection to modbus server
[2024-11-26T07:05:34.906Z] Error writing to Modbus register: no connection to modbus server
[2024-11-26T07:05:34.998Z] Error reading or processing Modbus registers: no connection to modbus server
[2024-11-26T07:05:34.998Z] Error reading register 6507 for IP 10.30.4.128: no connection to modbus server
[2024-11-26T07:05:34.998Z] Error reading register 6507 for IP 10.30.4.128: no connection to modbus server
[2024-11-26T07:05:34.998Z] Error reading or processing Modbus registers: no connection to modbus server
[2024-11-26T07:05:35.499Z] Error reading or processing Modbus registers: no connection to modbus server
[2024-11-26T07:05:35.500Z] Error reading register 6507 for IP 10.30.4.128: no connection to modbus server
[2024-11-26T07:05:35.787Z] Error reading or processing Modbus registers: no connection to modbus server
[2024-11-26T07:05:35.787Z] Error reading register 6507 for IP 10.30.4.128: no connection to modbus server
[2024-11-26T07:05:35.831Z] Error writing to Modbus register: no connection to modbus server
[2024-11-26T07:05:36.012Z] Error reading or processing Modbus registers: no connection to modbus server
[2024-11-26T07:05:36.012Z] Error reading register 6507 for IP 10.30.4.128: no connection to modbus server
[2024-11-26T07:05:36.012Z] Error reading or processing Modbus registers: no connection to modbus server
[2024-11-26T07:05:36.012Z] Error reading register 6507 for IP 10.30.4.128: no connection to modbus server
[2024-11-26T07:05:36.511Z] Error reading or processing Modbus registers: no connection to modbus server
[2024-11-26T07:05:36.511Z] Error reading register 6507 for IP 10.30.4.128: no connection to modbus server
[2024-11-26T07:05:36.694Z] Error writing to Modbus register: no connection to modbus server
[2024-11-26T07:05:36.800Z] Error reading or processing Modbus registers: no connection to modbus server
[2024-11-26T07:05:36.800Z] Error reading register 6507 for IP 10.30.4.128: no connection to modbus server
[2024-11-26T07:05:36.846Z] Error writing to Modbus register: no connection to modbus server
[2024-11-26T07:05:36.906Z] Error writing to Modbus register: no connection to modbus server
[2024-11-26T07:05:37.012Z] Error reading register 6507 for IP 10.30.4.128: no connection to modbus server
[2024-11-26T07:05:37.012Z] Error reading or processing Modbus registers: no connection to modbus server
[2024-11-26T07:05:37.012Z] Error reading or processing Modbus registers: no connection to modbus server
[2024-11-26T07:05:37.012Z] Error reading register 6507 for IP 10.30.4.128: no connection to modbus server
[2024-11-26T07:05:37.512Z] Error reading or processing Modbus registers: no connection to modbus server
[2024-11-26T07:05:37.512Z] Error reading register 6507 for IP 10.30.4.128: no connection to modbus server
[2024-11-26T07:05:37.800Z] Error reading register 6507 for IP 10.30.4.128: no connection to modbus server
[2024-11-26T07:05:37.800Z] Error reading or processing Modbus registers: no connection to modbus server
[2024-11-26T07:05:37.845Z] Error writing to Modbus register: no connection to modbus server
[2024-11-26T07:05:38.027Z] Error reading or processing Modbus registers: no connection to modbus server
[2024-11-26T07:05:38.027Z] Error reading or processing Modbus registers: no connection to modbus server
[2024-11-26T07:05:38.027Z] Error reading register 6507 for IP 10.30.4.128: no connection to modbus server
[2024-11-26T07:05:38.027Z] Error reading register 6507 for IP 10.30.4.128: no connection to modbus server
[2024-11-26T07:05:38.512Z] Error reading or processing Modbus registers: no connection to modbus server
[2024-11-26T07:05:38.512Z] Error reading register 6507 for IP 10.30.4.128: no connection to modbus server
[2024-11-26T07:05:38.709Z] Error writing to Modbus register: no connection to modbus server
[2024-11-26T07:05:38.801Z] Error reading or processing Modbus registers: no connection to modbus server
[2024-11-26T07:05:38.801Z] Error reading register 6507 for IP 10.30.4.128: no connection to modbus server
[2024-11-26T07:05:38.846Z] Error writing to Modbus register: no connection to modbus server
[2024-11-26T07:05:38.906Z] Error writing to Modbus register: no connection to modbus server
[2024-11-26T07:05:39.027Z] Error reading or processing Modbus registers: no connection to modbus server
[2024-11-26T07:05:39.027Z] Error reading or processing Modbus registers: no connection to modbus server
[2024-11-26T07:05:39.027Z] Error reading register 6507 for IP 10.30.4.128: no connection to modbus server
[2024-11-26T07:05:39.027Z] Error reading register 6507 for IP 10.30.4.128: no connection to modbus server
[2024-11-26T07:05:39.525Z] Error reading or processing Modbus registers: no connection to modbus server
[2024-11-26T07:05:39.525Z] Error reading register 6507 for IP 10.30.4.128: no connection to modbus server
[2024-11-26T07:05:39.814Z] Error reading or processing Modbus registers: no connection to modbus server
[2024-11-26T07:05:39.814Z] Error reading register 6507 for IP 10.30.4.128: no connection to modbus server
[2024-11-26T07:05:39.859Z] Error writing to Modbus register: no connection to modbus server
[2024-11-26T07:05:39.993Z] Error reading or processing Modbus registers: connection to modbus server closed
[2024-11-26T07:05:39.993Z] Error reading register 6507 for IP 10.30.4.128: rejecting because of earlier OutOfSync error
[2024-11-26T07:05:39.993Z] Error reading register 6507 for IP 10.30.4.128: rejecting because of earlier OutOfSync error
[2024-11-26T07:05:39.993Z] Error reading or processing Modbus registers: rejecting because of earlier OutOfSync error
[2024-11-26T07:05:39.993Z] Error reading register 6507 for IP 10.30.4.128: rejecting because of earlier OutOfSync error
[2024-11-26T07:05:39.993Z] Error writing to Modbus register: rejecting because of earlier OutOfSync error
[2024-11-26T07:05:39.993Z] Error reading or processing Modbus registers: rejecting because of earlier OutOfSync error
[2024-11-26T07:05:39.993Z] Error writing to Modbus register: rejecting because of earlier OutOfSync error
[2024-11-26T07:05:40.042Z] Error reading or processing Modbus registers: no connection to modbus server
[2024-11-26T07:05:40.042Z] Error reading register 6507 for IP 10.30.4.128: no connection to modbus server
[2024-11-26T07:05:40.042Z] Error reading or processing Modbus registers: no connection to modbus server
[2024-11-26T07:05:40.042Z] Error reading register 6507 for IP 10.30.4.128: no connection to modbus server
[2024-11-26T07:05:40.042Z] Error reading or processing Modbus registers: no connection to modbus server
[2024-11-26T07:05:40.042Z] Error reading register 6507 for IP 10.30.4.128: no connection to modbus server
[2024-11-26T07:05:40.540Z] Error reading or processing Modbus registers: no connection to modbus server
[2024-11-26T07:05:40.540Z] Error reading register 6507 for IP 10.30.4.128: no connection to modbus server
[2024-11-26T07:05:40.722Z] Error writing to Modbus register: no connection to modbus server
[2024-11-26T07:05:40.828Z] Error reading or processing Modbus registers: no connection to modbus server
[2024-11-26T07:05:40.828Z] Error reading register 6507 for IP 10.30.4.128: no connection to modbus server
[2024-11-26T07:05:40.857Z] Error writing to Modbus register: no connection to modbus server
[2024-11-26T07:05:40.918Z] Error writing to Modbus register: no connection to modbus server
[2024-11-26T07:05:41.055Z] Error reading or processing Modbus registers: no connection to modbus server
[2024-11-26T07:05:41.055Z] Error reading register 6507 for IP 10.30.4.128: no connection to modbus server
[2024-11-26T07:05:41.055Z] Error reading or processing Modbus registers: no connection to modbus server
[2024-11-26T07:05:41.055Z] Error reading register 6507 for IP 10.30.4.128: no connection to modbus server
[2024-11-26T07:05:41.055Z] Error reading or processing Modbus registers: no connection to modbus server
[2024-11-26T07:05:41.055Z] Error reading register 6507 for IP 10.30.4.128: no connection to modbus server
[2024-11-26T07:05:41.541Z] Error writing to Modbus register: no connection to modbus server
[2024-11-26T07:05:41.541Z] Error reading or processing Modbus registers: no connection to modbus server
[2024-11-26T07:05:41.541Z] Error reading register 6507 for IP 10.30.4.128: no connection to modbus server
[2024-11-26T07:05:41.842Z] Error reading register 6507 for IP 10.30.4.128: no connection to modbus server
[2024-11-26T07:05:41.842Z] Error reading or processing Modbus registers: no connection to modbus server
[2024-11-26T07:05:41.872Z] Error writing to Modbus register: no connection to modbus server
[2024-11-26T07:05:42.069Z] Error reading or processing Modbus registers: no connection to modbus server
[2024-11-26T07:05:42.069Z] Error reading register 6507 for IP 10.30.4.128: no connection to modbus server
[2024-11-26T07:05:42.069Z] Error reading register 6507 for IP 10.30.4.128: no connection to modbus server
[2024-11-26T07:05:42.069Z] Error reading or processing Modbus registers: no connection to modbus server
[2024-11-26T07:05:42.069Z] Error reading or processing Modbus registers: no connection to modbus server
[2024-11-26T07:05:42.069Z] Error reading register 6507 for IP 10.30.4.128: no connection to modbus server
[2024-11-26T07:05:42.554Z] Error reading or processing Modbus registers: no connection to modbus server
[2024-11-26T07:05:42.554Z] Error reading register 6507 for IP 10.30.4.128: no connection to modbus server
[2024-11-26T07:05:42.734Z] Error writing to Modbus register: no connection to modbus server
[2024-11-26T07:05:42.856Z] Error reading or processing Modbus registers: no connection to modbus server
[2024-11-26T07:05:42.856Z] Error reading register 6507 for IP 10.30.4.128: no connection to modbus server
[2024-11-26T07:05:42.871Z] Error writing to Modbus register: no connection to modbus server
[2024-11-26T07:05:42.932Z] Error writing to Modbus register: no connection to modbus server
[2024-11-26T07:05:43.083Z] Error reading or processing Modbus registers: no connection to modbus server
[2024-11-26T07:05:43.083Z] Error reading register 6507 for IP 10.30.4.128: no connection to modbus server
[2024-11-26T07:05:43.083Z] Error reading or processing Modbus registers: no connection to modbus server
[2024-11-26T07:05:43.083Z] Error reading register 6507 for IP 10.30.4.128: no connection to modbus server
[2024-11-26T07:05:43.083Z] Error reading or processing Modbus registers: no connection to modbus server
[2024-11-26T07:05:43.083Z] Error reading register 6507 for IP 10.30.4.128: no connection to modbus server
[2024-11-26T07:05:43.553Z] Error writing to Modbus register: no connection to modbus server
[2024-11-26T07:05:43.553Z] Error reading register 6507 for IP 10.30.4.128: no connection to modbus server
[2024-11-26T07:05:43.553Z] Error reading or processing Modbus registers: no connection to modbus server
[2024-11-26T07:26:09.026Z] Error reading or processing Modbus registers: rejecting because of earlier OutOfSync error
[2024-11-26T07:26:09.026Z] Error reading register 6507 for IP 10.30.4.128: rejecting because of earlier OutOfSync error
[2024-11-26T07:26:09.027Z] Error writing to Modbus register: rejecting because of earlier OutOfSync error
[2024-11-26T07:26:09.027Z] Error reading or processing Modbus registers: rejecting because of earlier OutOfSync error
[2024-11-26T07:26:09.027Z] Error reading register 6507 for IP 10.30.4.128: rejecting because of earlier OutOfSync error
[2024-11-26T07:26:09.688Z] Error reading or processing Modbus registers: no connection to modbus server
[2024-11-26T07:26:09.688Z] Error reading register 6507 for IP 10.30.4.128: no connection to modbus server
[2024-11-26T07:26:10.252Z] Error writing to Modbus register: no connection to modbus server
[2024-11-26T07:26:10.701Z] Error reading or processing Modbus registers: no connection to modbus server
[2024-11-26T07:26:10.701Z] Error reading register 6507 for IP 10.30.4.128: no connection to modbus server
[2024-11-26T07:26:11.715Z] Error reading or processing Modbus registers: no connection to modbus server
[2024-11-26T07:26:11.715Z] Error reading register 6507 for IP 10.30.4.128: no connection to modbus server
[2024-11-26T07:26:12.265Z] Error writing to Modbus register: no connection to modbus server
[2024-11-26T07:26:12.724Z] Error reading or processing Modbus registers: no connection to modbus server
[2024-11-26T07:26:12.724Z] Error reading register 6507 for IP 10.30.4.128: no connection to modbus server
[2024-11-26T07:26:13.734Z] Error reading or processing Modbus registers: no connection to modbus server
[2024-11-26T07:26:13.734Z] Error reading register 6507 for IP 10.30.4.128: no connection to modbus server
[2024-11-26T07:26:14.280Z] Error writing to Modbus register: no connection to modbus server
[2024-11-26T07:26:14.739Z] Error reading or processing Modbus registers: no connection to modbus server
[2024-11-26T07:26:14.739Z] Error reading register 6507 for IP 10.30.4.128: no connection to modbus server
[2024-11-26T07:26:15.750Z] Error reading or processing Modbus registers: no connection to modbus server
[2024-11-26T07:26:15.750Z] Error reading register 6507 for IP 10.30.4.128: no connection to modbus server
[2024-11-26T07:26:16.284Z] Error writing to Modbus register: no connection to modbus server
[2024-11-26T07:26:16.753Z] Error reading or processing Modbus registers: no connection to modbus server
[2024-11-26T07:26:16.753Z] Error reading register 6507 for IP 10.30.4.128: no connection to modbus server
[2024-11-26T07:26:17.768Z] Error reading or processing Modbus registers: no connection to modbus server
[2024-11-26T07:26:17.768Z] Error reading register 6507 for IP 10.30.4.128: no connection to modbus server
[2024-11-26T07:26:18.297Z] Error writing to Modbus register: no connection to modbus server
[2024-11-26T07:26:18.769Z] Error reading or processing Modbus registers: no connection to modbus server
[2024-11-26T07:26:18.769Z] Error reading register 6507 for IP 10.30.4.128: no connection to modbus server
[2024-11-26T08:35:02.710Z] Device at 10.30.4.128 is not reachable. Skipping connection attempt.
[2024-11-26T08:44:00.434Z] Unable to connect to device at 10.30.4.128: read ECONNRESET
[2024-11-26T08:44:00.437Z] Error reading or processing Modbus registers: connection to modbus server closed
[2024-11-26T08:44:00.437Z] Error reading register 6507 for IP 10.30.4.128: rejecting because of earlier OutOfSync error
[2024-11-26T08:44:00.437Z] Error writing to Modbus register: rejecting because of earlier OutOfSync error
[2024-11-26T08:44:00.437Z] Error reading or processing Modbus registers: rejecting because of earlier OutOfSync error
[2024-11-26T08:44:00.437Z] Error reading register 6507 for IP 10.30.4.128: rejecting because of earlier OutOfSync error
[2024-11-26T08:44:00.438Z] Error writing to Modbus register: rejecting because of earlier OutOfSync error
[2024-11-26T08:44:00.542Z] Error reading or processing Modbus registers: no connection to modbus server
[2024-11-26T08:44:00.542Z] Error reading register 6507 for IP 10.30.4.128: no connection to modbus server
[2024-11-26T08:44:00.543Z] Error writing to Modbus register: no connection to modbus server
[2024-11-26T08:44:01.554Z] Error reading or processing Modbus registers: no connection to modbus server
[2024-11-26T08:44:01.554Z] Error reading register 6507 for IP 10.30.4.128: no connection to modbus server
[2024-11-26T08:44:01.555Z] Error writing to Modbus register: no connection to modbus server
[2024-11-26T08:44:02.561Z] Error reading or processing Modbus registers: no connection to modbus server
[2024-11-26T08:44:02.561Z] Error reading register 6507 for IP 10.30.4.128: no connection to modbus server
[2024-11-26T08:44:02.561Z] Error writing to Modbus register: no connection to modbus server
[2024-11-26T08:44:03.564Z] Error reading or processing Modbus registers: no connection to modbus server
[2024-11-26T08:44:03.565Z] Error reading register 6507 for IP 10.30.4.128: no connection to modbus server
[2024-11-26T08:44:03.566Z] Error writing to Modbus register: no connection to modbus server
[2024-11-26T08:44:04.566Z] Error reading or processing Modbus registers: no connection to modbus server
[2024-11-26T08:44:04.566Z] Error reading register 6507 for IP 10.30.4.128: no connection to modbus server
[2024-11-26T08:44:04.567Z] Error writing to Modbus register: no connection to modbus server
[2024-11-26T08:44:05.576Z] Error reading or processing Modbus registers: no connection to modbus server
[2024-11-26T08:44:05.576Z] Error reading register 6507 for IP 10.30.4.128: no connection to modbus server
[2024-11-26T08:44:05.576Z] Error writing to Modbus register: no connection to modbus server
[2024-11-26T08:44:06.586Z] Error reading or processing Modbus registers: no connection to modbus server
[2024-11-26T08:44:06.586Z] Error reading register 6507 for IP 10.30.4.128: no connection to modbus server
[2024-11-26T08:44:06.587Z] Error writing to Modbus register: no connection to modbus server
[2024-11-26T08:44:07.600Z] Error reading or processing Modbus registers: no connection to modbus server
[2024-11-26T08:44:07.601Z] Error reading register 6507 for IP 10.30.4.128: no connection to modbus server
[2024-11-26T08:44:07.602Z] Error writing to Modbus register: no connection to modbus server
[2024-11-26T08:44:08.609Z] Error reading or processing Modbus registers: no connection to modbus server
[2024-11-26T08:44:08.609Z] Error reading register 6507 for IP 10.30.4.128: no connection to modbus server
[2024-11-26T08:44:08.610Z] Error writing to Modbus register: no connection to modbus server
[2024-11-26T08:44:09.615Z] Error reading or processing Modbus registers: no connection to modbus server
[2024-11-26T08:44:09.616Z] Error reading register 6507 for IP 10.30.4.128: no connection to modbus server
[2024-11-26T08:44:09.616Z] Error writing to Modbus register: no connection to modbus server
[2024-11-26T08:44:10.626Z] Error reading or processing Modbus registers: no connection to modbus server
[2024-11-26T08:44:10.627Z] Error reading register 6507 for IP 10.30.4.128: no connection to modbus server
[2024-11-26T08:44:10.627Z] Error writing to Modbus register: no connection to modbus server
[2024-11-26T08:44:11.630Z] Error reading or processing Modbus registers: no connection to modbus server
[2024-11-26T08:44:11.630Z] Error reading register 6507 for IP 10.30.4.128: no connection to modbus server
[2024-11-26T08:44:11.631Z] Error writing to Modbus register: no connection to modbus server
[2024-11-26T08:44:12.638Z] Error reading or processing Modbus registers: no connection to modbus server
[2024-11-26T08:44:12.639Z] Error reading register 6507 for IP 10.30.4.128: no connection to modbus server
[2024-11-26T08:44:12.640Z] Error writing to Modbus register: no connection to modbus server
[2024-11-26T08:44:13.643Z] Error reading or processing Modbus registers: no connection to modbus server
[2024-11-26T08:44:13.643Z] Error reading register 6507 for IP 10.30.4.128: no connection to modbus server
[2024-11-26T08:44:13.644Z] Error writing to Modbus register: no connection to modbus server
[2024-11-26T08:44:14.650Z] Error reading or processing Modbus registers: no connection to modbus server
[2024-11-26T08:44:14.650Z] Error reading register 6507 for IP 10.30.4.128: no connection to modbus server
[2024-11-26T08:44:14.651Z] Error writing to Modbus register: no connection to modbus server
[2024-11-26T08:44:15.657Z] Error reading or processing Modbus registers: no connection to modbus server
[2024-11-26T08:44:15.657Z] Error reading register 6507 for IP 10.30.4.128: no connection to modbus server
[2024-11-26T08:44:15.658Z] Error writing to Modbus register: no connection to modbus server
[2024-11-26T08:44:16.658Z] Error reading or processing Modbus registers: no connection to modbus server
[2024-11-26T08:44:16.658Z] Error reading register 6507 for IP 10.30.4.128: no connection to modbus server
[2024-11-26T08:44:16.659Z] Error writing to Modbus register: no connection to modbus server
[2024-11-26T08:44:17.670Z] Error reading or processing Modbus registers: no connection to modbus server
[2024-11-26T08:44:17.670Z] Error reading register 6507 for IP 10.30.4.128: no connection to modbus server
[2024-11-26T08:44:17.671Z] Error writing to Modbus register: no connection to modbus server
[2024-11-26T08:44:18.670Z] Error reading or processing Modbus registers: no connection to modbus server
[2024-11-26T08:44:18.670Z] Error reading register 6507 for IP 10.30.4.128: no connection to modbus server
[2024-11-26T08:44:18.686Z] Error writing to Modbus register: no connection to modbus server
[2024-11-26T08:44:19.675Z] Error reading or processing Modbus registers: no connection to modbus server
[2024-11-26T08:44:19.675Z] Error reading register 6507 for IP 10.30.4.128: no connection to modbus server
[2024-11-26T08:44:19.690Z] Error writing to Modbus register: no connection to modbus server
[2024-11-26T08:44:20.685Z] Error reading or processing Modbus registers: no connection to modbus server
[2024-11-26T08:44:20.686Z] Error reading register 6507 for IP 10.30.4.128: no connection to modbus server
[2024-11-26T08:44:20.700Z] Error writing to Modbus register: no connection to modbus server
[2024-11-26T08:44:21.685Z] Error reading or processing Modbus registers: no connection to modbus server
[2024-11-26T08:44:21.686Z] Error reading register 6507 for IP 10.30.4.128: no connection to modbus server
[2024-11-26T08:44:21.700Z] Error writing to Modbus register: no connection to modbus server
[2024-11-26T08:44:22.701Z] Error reading or processing Modbus registers: no connection to modbus server
[2024-11-26T08:44:22.701Z] Error reading register 6507 for IP 10.30.4.128: no connection to modbus server
[2024-11-26T08:44:22.701Z] Error writing to Modbus register: no connection to modbus server
[2024-11-26T08:44:23.701Z] Error reading or processing Modbus registers: no connection to modbus server
[2024-11-26T08:44:23.701Z] Error reading register 6507 for IP 10.30.4.128: no connection to modbus server
[2024-11-26T08:44:23.702Z] Error writing to Modbus register: no connection to modbus server
[2024-11-26T08:44:24.713Z] Error reading or processing Modbus registers: no connection to modbus server
[2024-11-26T08:44:24.713Z] Error reading register 6507 for IP 10.30.4.128: no connection to modbus server
[2024-11-26T08:44:24.714Z] Error writing to Modbus register: no connection to modbus server
[2024-11-26T08:44:25.728Z] Error reading or processing Modbus registers: no connection to modbus server
[2024-11-26T08:44:25.728Z] Error reading register 6507 for IP 10.30.4.128: no connection to modbus server
[2024-11-26T08:44:25.728Z] Error writing to Modbus register: no connection to modbus server
[2024-11-26T08:44:26.741Z] Error reading or processing Modbus registers: no connection to modbus server
[2024-11-26T08:44:26.742Z] Error reading register 6507 for IP 10.30.4.128: no connection to modbus server
[2024-11-26T08:44:26.742Z] Error writing to Modbus register: no connection to modbus server
[2024-11-26T08:44:27.755Z] Error reading or processing Modbus registers: no connection to modbus server
[2024-11-26T08:44:27.755Z] Error reading register 6507 for IP 10.30.4.128: no connection to modbus server
[2024-11-26T08:44:27.756Z] Error writing to Modbus register: no connection to modbus server
[2024-11-26T08:44:28.769Z] Error reading or processing Modbus registers: no connection to modbus server
[2024-11-26T08:44:28.769Z] Error reading register 6507 for IP 10.30.4.128: no connection to modbus server
[2024-11-26T08:44:28.769Z] Error writing to Modbus register: no connection to modbus server
[2024-11-26T08:44:29.780Z] Error reading or processing Modbus registers: no connection to modbus server
[2024-11-26T08:44:29.780Z] Error reading register 6507 for IP 10.30.4.128: no connection to modbus server
[2024-11-26T08:44:29.781Z] Error writing to Modbus register: no connection to modbus server
[2024-11-26T08:44:30.780Z] Error reading or processing Modbus registers: no connection to modbus server
[2024-11-26T08:44:30.780Z] Error reading register 6507 for IP 10.30.4.128: no connection to modbus server
[2024-11-26T08:44:30.781Z] Error writing to Modbus register: no connection to modbus server
[2024-11-26T08:44:31.795Z] Error reading or processing Modbus registers: no connection to modbus server
[2024-11-26T08:44:31.795Z] Error reading register 6507 for IP 10.30.4.128: no connection to modbus server
[2024-11-26T08:44:31.796Z] Error writing to Modbus register: no connection to modbus server
[2024-11-26T08:44:32.809Z] Error reading or processing Modbus registers: no connection to modbus server
[2024-11-26T08:44:32.809Z] Error reading register 6507 for IP 10.30.4.128: no connection to modbus server
[2024-11-26T08:44:32.810Z] Error writing to Modbus register: no connection to modbus server
[2024-11-26T08:44:33.823Z] Error reading or processing Modbus registers: no connection to modbus server
[2024-11-26T08:44:33.824Z] Error reading register 6507 for IP 10.30.4.128: no connection to modbus server
[2024-11-26T08:44:33.825Z] Error writing to Modbus register: no connection to modbus server
[2024-11-26T08:44:34.825Z] Error reading or processing Modbus registers: no connection to modbus server
[2024-11-26T08:44:34.825Z] Error reading register 6507 for IP 10.30.4.128: no connection to modbus server
[2024-11-26T08:44:34.825Z] Error writing to Modbus register: no connection to modbus server
[2024-11-26T08:44:35.840Z] Error reading or processing Modbus registers: no connection to modbus server
[2024-11-26T08:44:35.841Z] Error reading register 6507 for IP 10.30.4.128: no connection to modbus server
[2024-11-26T08:44:35.841Z] Error writing to Modbus register: no connection to modbus server
[2024-11-26T08:44:36.853Z] Error reading or processing Modbus registers: no connection to modbus server
[2024-11-26T08:44:36.854Z] Error reading register 6507 for IP 10.30.4.128: no connection to modbus server
[2024-11-26T08:44:36.854Z] Error writing to Modbus register: no connection to modbus server
[2024-11-26T08:44:37.868Z] Error reading or processing Modbus registers: no connection to modbus server
[2024-11-26T08:44:37.868Z] Error reading register 6507 for IP 10.30.4.128: no connection to modbus server
[2024-11-26T08:44:37.869Z] Error writing to Modbus register: no connection to modbus server
[2024-11-26T08:44:38.881Z] Error reading or processing Modbus registers: no connection to modbus server
[2024-11-26T08:44:38.882Z] Error reading register 6507 for IP 10.30.4.128: no connection to modbus server
[2024-11-26T08:44:38.882Z] Error writing to Modbus register: no connection to modbus server
[2024-11-26T08:44:39.881Z] Error reading or processing Modbus registers: no connection to modbus server
[2024-11-26T08:44:39.881Z] Error reading register 6507 for IP 10.30.4.128: no connection to modbus server
[2024-11-26T08:44:39.882Z] Error writing to Modbus register: no connection to modbus server
[2024-11-26T08:44:40.889Z] Error reading or processing Modbus registers: no connection to modbus server
[2024-11-26T08:44:40.889Z] Error reading register 6507 for IP 10.30.4.128: no connection to modbus server
[2024-11-26T08:44:40.890Z] Error writing to Modbus register: no connection to modbus server
[2024-11-26T08:44:41.898Z] Error reading or processing Modbus registers: no connection to modbus server
[2024-11-26T08:44:41.898Z] Error reading register 6507 for IP 10.30.4.128: no connection to modbus server
[2024-11-26T08:44:41.899Z] Error writing to Modbus register: no connection to modbus server
[2024-11-26T08:44:42.910Z] Error reading or processing Modbus registers: no connection to modbus server
[2024-11-26T08:44:42.910Z] Error reading register 6507 for IP 10.30.4.128: no connection to modbus server
[2024-11-26T08:44:42.910Z] Error writing to Modbus register: no connection to modbus server
[2024-11-26T08:44:43.917Z] Error reading or processing Modbus registers: no connection to modbus server
[2024-11-26T08:44:43.918Z] Error reading register 6507 for IP 10.30.4.128: no connection to modbus server
[2024-11-26T08:44:43.918Z] Error writing to Modbus register: no connection to modbus server
[2024-11-26T08:44:44.929Z] Error reading or processing Modbus registers: no connection to modbus server
[2024-11-26T08:44:44.930Z] Error reading register 6507 for IP 10.30.4.128: no connection to modbus server
[2024-11-26T08:44:44.930Z] Error writing to Modbus register: no connection to modbus server
[2024-11-26T08:44:45.930Z] Error reading or processing Modbus registers: no connection to modbus server
[2024-11-26T08:44:45.930Z] Error reading register 6507 for IP 10.30.4.128: no connection to modbus server
[2024-11-26T08:44:45.931Z] Error writing to Modbus register: no connection to modbus server
[2024-11-26T08:44:46.940Z] Error reading or processing Modbus registers: no connection to modbus server
[2024-11-26T08:44:46.940Z] Error reading register 6507 for IP 10.30.4.128: no connection to modbus server
[2024-11-26T08:44:46.941Z] Error writing to Modbus register: no connection to modbus server
[2024-11-26T08:57:25.483Z] Unable to connect to device at 10.30.4.128: read ECONNRESET
[2024-11-26T08:57:25.485Z] Error reading or processing Modbus registers: connection to modbus server closed
[2024-11-26T08:57:25.485Z] Error reading register 6507 for IP 10.30.4.128: rejecting because of earlier OutOfSync error
[2024-11-26T08:57:25.486Z] Error writing to Modbus register: rejecting because of earlier OutOfSync error
[2024-11-26T08:57:25.486Z] Error reading or processing Modbus registers: rejecting because of earlier OutOfSync error
[2024-11-26T08:57:25.486Z] Error reading register 6507 for IP 10.30.4.128: rejecting because of earlier OutOfSync error
[2024-11-26T08:57:25.486Z] Error writing to Modbus register: rejecting because of earlier OutOfSync error
[2024-11-26T08:57:25.721Z] Error reading or processing Modbus registers: no connection to modbus server
[2024-11-26T08:57:25.722Z] Error reading register 6507 for IP 10.30.4.128: no connection to modbus server
[2024-11-26T08:57:25.722Z] Error writing to Modbus register: no connection to modbus server
[2024-11-26T08:57:26.733Z] Error reading or processing Modbus registers: no connection to modbus server
[2024-11-26T08:57:26.733Z] Error reading register 6507 for IP 10.30.4.128: no connection to modbus server
[2024-11-26T08:57:26.734Z] Error writing to Modbus register: no connection to modbus server
[2024-11-26T08:57:27.740Z] Error reading or processing Modbus registers: no connection to modbus server
[2024-11-26T08:57:27.740Z] Error reading register 6507 for IP 10.30.4.128: no connection to modbus server
[2024-11-26T08:57:27.741Z] Error writing to Modbus register: no connection to modbus server
[2024-11-26T08:57:28.748Z] Error reading or processing Modbus registers: no connection to modbus server
[2024-11-26T08:57:28.748Z] Error reading register 6507 for IP 10.30.4.128: no connection to modbus server
[2024-11-26T08:57:28.748Z] Error writing to Modbus register: no connection to modbus server
[2024-11-26T09:22:14.570Z] Unable to connect to device at 10.30.4.128: read ECONNRESET
[2024-11-26T09:22:14.573Z] Error reading or processing Modbus registers: connection to modbus server closed
[2024-11-26T09:22:14.573Z] Error reading register 6507 for IP 10.30.4.128: rejecting because of earlier OutOfSync error
[2024-11-26T09:22:14.573Z] Error writing to Modbus register: rejecting because of earlier OutOfSync error
[2024-11-26T09:22:14.573Z] Error reading or processing Modbus registers: rejecting because of earlier OutOfSync error
[2024-11-26T09:22:14.573Z] Error reading register 6507 for IP 10.30.4.128: rejecting because of earlier OutOfSync error
[2024-11-26T09:22:14.574Z] Error writing to Modbus register: rejecting because of earlier OutOfSync error
[2024-11-26T09:22:14.574Z] Error reading or processing Modbus registers: rejecting because of earlier OutOfSync error
[2024-11-26T09:22:14.574Z] Error reading register 6507 for IP 10.30.4.128: rejecting because of earlier OutOfSync error
[2024-11-26T09:22:14.574Z] Error writing to Modbus register: rejecting because of earlier OutOfSync error
[2024-11-26T09:22:14.791Z] Error reading or processing Modbus registers: no connection to modbus server
[2024-11-26T09:22:14.792Z] Error reading register 6507 for IP 10.30.4.128: no connection to modbus server
[2024-11-26T09:22:14.792Z] Error writing to Modbus register: no connection to modbus server
[2024-11-26T09:22:15.795Z] Error reading or processing Modbus registers: no connection to modbus server
[2024-11-26T09:22:15.795Z] Error reading register 6507 for IP 10.30.4.128: no connection to modbus server
[2024-11-26T09:22:15.796Z] Error writing to Modbus register: no connection to modbus server
[2024-11-26T09:22:16.796Z] Error reading or processing Modbus registers: no connection to modbus server
[2024-11-26T09:22:16.797Z] Error reading register 6507 for IP 10.30.4.128: no connection to modbus server
[2024-11-26T09:22:16.797Z] Error writing to Modbus register: no connection to modbus server
[2024-11-26T09:29:45.651Z] Error writing to Modbus register: rejecting because of earlier OutOfSync error
[2024-11-26T09:29:45.651Z] Error reading or processing Modbus registers: rejecting because of earlier OutOfSync error
[2024-11-26T09:29:45.651Z] Error reading or processing Modbus registers: rejecting because of earlier OutOfSync error
[2024-11-26T09:29:45.651Z] Error reading register 6507 for IP 10.30.4.128: rejecting because of earlier OutOfSync error
[2024-11-26T09:29:45.652Z] Error writing to Modbus register: rejecting because of earlier OutOfSync error
[2024-11-26T09:29:45.652Z] Error reading or processing Modbus registers: rejecting because of earlier OutOfSync error
[2024-11-26T09:29:45.652Z] Error reading register 6507 for IP 10.30.4.128: rejecting because of earlier OutOfSync error
[2024-11-26T09:29:45.652Z] Error writing to Modbus register: rejecting because of earlier OutOfSync error
[2024-11-26T09:29:46.541Z] Error reading or processing Modbus registers: no connection to modbus server
[2024-11-26T09:29:46.541Z] Error reading register 6507 for IP 10.30.4.128: no connection to modbus server
[2024-11-26T09:29:46.541Z] Error writing to Modbus register: no connection to modbus server
[2024-11-26T09:29:47.554Z] Error reading or processing Modbus registers: no connection to modbus server
[2024-11-26T09:29:47.555Z] Error reading register 6507 for IP 10.30.4.128: no connection to modbus server
[2024-11-26T09:29:47.555Z] Error writing to Modbus register: no connection to modbus server
[2024-11-26T09:29:48.569Z] Error reading or processing Modbus registers: no connection to modbus server
[2024-11-26T09:29:48.570Z] Error reading register 6507 for IP 10.30.4.128: no connection to modbus server
[2024-11-26T09:29:48.570Z] Error writing to Modbus register: no connection to modbus server
[2024-11-26T09:29:49.581Z] Error reading or processing Modbus registers: no connection to modbus server
[2024-11-26T09:29:49.582Z] Error reading register 6507 for IP 10.30.4.128: no connection to modbus server
[2024-11-26T09:29:49.582Z] Error writing to Modbus register: no connection to modbus server
[2024-11-26T09:29:50.596Z] Error reading or processing Modbus registers: no connection to modbus server
[2024-11-26T09:29:50.596Z] Error reading register 6507 for IP 10.30.4.128: no connection to modbus server
[2024-11-26T09:29:50.596Z] Error writing to Modbus register: no connection to modbus server
[2024-11-26T09:29:51.611Z] Error reading or processing Modbus registers: no connection to modbus server
[2024-11-26T09:29:51.611Z] Error reading register 6507 for IP 10.30.4.128: no connection to modbus server
[2024-11-26T09:29:51.611Z] Error writing to Modbus register: no connection to modbus server
[2024-11-26T09:29:52.611Z] Error reading or processing Modbus registers: no connection to modbus server
[2024-11-26T09:29:52.611Z] Error reading register 6507 for IP 10.30.4.128: no connection to modbus server
[2024-11-26T09:29:52.612Z] Error writing to Modbus register: no connection to modbus server
[2024-11-26T09:29:53.625Z] Error reading or processing Modbus registers: no connection to modbus server
[2024-11-26T09:29:53.625Z] Error reading register 6507 for IP 10.30.4.128: no connection to modbus server
[2024-11-26T09:29:53.625Z] Error writing to Modbus register: no connection to modbus server
[2024-11-26T09:30:37.050Z] Unable to connect to device at 10.30.4.128: read ECONNRESET
[2024-11-26T09:30:37.052Z] Error reading or processing Modbus registers: connection to modbus server closed
[2024-11-26T09:30:37.052Z] Error reading register 6507 for IP 10.30.4.128: rejecting because of earlier OutOfSync error
[2024-11-26T09:30:37.052Z] Error writing to Modbus register: rejecting because of earlier OutOfSync error
[2024-11-26T09:30:37.052Z] Error reading or processing Modbus registers: rejecting because of earlier OutOfSync error
[2024-11-26T09:30:37.052Z] Error reading register 6507 for IP 10.30.4.128: rejecting because of earlier OutOfSync error
[2024-11-26T09:30:37.052Z] Error writing to Modbus register: rejecting because of earlier OutOfSync error
[2024-11-26T09:30:37.438Z] Error reading or processing Modbus registers: no connection to modbus server
[2024-11-26T09:30:37.438Z] Error reading register 6507 for IP 10.30.4.128: no connection to modbus server
[2024-11-26T09:30:37.439Z] Error writing to Modbus register: no connection to modbus server
[2024-11-26T09:30:38.447Z] Error reading or processing Modbus registers: no connection to modbus server
[2024-11-26T09:30:38.447Z] Error reading register 6507 for IP 10.30.4.128: no connection to modbus server
[2024-11-26T09:30:38.447Z] Error writing to Modbus register: no connection to modbus server
[2024-11-26T09:30:39.459Z] Error reading or processing Modbus registers: no connection to modbus server
[2024-11-26T09:30:39.459Z] Error reading register 6507 for IP 10.30.4.128: no connection to modbus server
[2024-11-26T09:30:39.460Z] Error writing to Modbus register: no connection to modbus server
[2024-11-26T09:34:41.760Z] Unable to connect to device at 10.30.4.128: read ECONNRESET
[2024-11-26T09:34:41.762Z] Error reading or processing Modbus registers: connection to modbus server closed
[2024-11-26T09:34:41.762Z] Error reading register 6507 for IP 10.30.4.128: rejecting because of earlier OutOfSync error
[2024-11-26T09:34:41.762Z] Error writing to Modbus register: rejecting because of earlier OutOfSync error
[2024-11-26T09:34:41.762Z] Error reading or processing Modbus registers: rejecting because of earlier OutOfSync error
[2024-11-26T09:34:41.763Z] Error reading register 6507 for IP 10.30.4.128: rejecting because of earlier OutOfSync error
[2024-11-26T09:34:41.763Z] Error writing to Modbus register: rejecting because of earlier OutOfSync error
[2024-11-26T09:34:41.983Z] Error reading or processing Modbus registers: no connection to modbus server
[2024-11-26T09:34:41.983Z] Error reading register 6507 for IP 10.30.4.128: no connection to modbus server
[2024-11-26T09:34:41.984Z] Error writing to Modbus register: no connection to modbus server
[2024-11-26T09:34:42.997Z] Error reading or processing Modbus registers: no connection to modbus server
[2024-11-26T09:34:42.997Z] Error reading register 6507 for IP 10.30.4.128: no connection to modbus server
[2024-11-26T09:34:42.998Z] Error writing to Modbus register: no connection to modbus server
[2024-11-26T09:34:44.012Z] Error reading or processing Modbus registers: no connection to modbus server
[2024-11-26T09:34:44.012Z] Error reading register 6507 for IP 10.30.4.128: no connection to modbus server
[2024-11-26T09:34:44.012Z] Error writing to Modbus register: no connection to modbus server
[2024-11-26T09:34:45.027Z] Error reading or processing Modbus registers: no connection to modbus server
[2024-11-26T09:34:45.027Z] Error writing to Modbus register: no connection to modbus server
[2024-11-26T09:34:45.027Z] Error reading register 6507 for IP 10.30.4.128: no connection to modbus server
[2024-11-26T09:34:46.039Z] Error reading or processing Modbus registers: no connection to modbus server
[2024-11-26T09:34:46.039Z] Error reading register 6507 for IP 10.30.4.128: no connection to modbus server
[2024-11-26T09:34:46.039Z] Error writing to Modbus register: no connection to modbus server
[2024-11-26T09:34:47.040Z] Error reading or processing Modbus registers: no connection to modbus server
[2024-11-26T09:34:47.040Z] Error reading register 6507 for IP 10.30.4.128: no connection to modbus server
[2024-11-26T09:34:47.040Z] Error writing to Modbus register: no connection to modbus server
[2024-11-26T09:34:48.055Z] Error reading or processing Modbus registers: no connection to modbus server
[2024-11-26T09:34:48.055Z] Error reading register 6507 for IP 10.30.4.128: no connection to modbus server
[2024-11-26T09:34:48.055Z] Error writing to Modbus register: no connection to modbus server
[2024-11-26T09:34:49.055Z] Error reading register 6507 for IP 10.30.4.128: no connection to modbus server
[2024-11-26T09:34:49.055Z] Error reading or processing Modbus registers: no connection to modbus server
[2024-11-26T09:34:49.056Z] Error writing to Modbus register: no connection to modbus server
[2024-11-26T09:34:50.068Z] Error reading or processing Modbus registers: no connection to modbus server
[2024-11-26T09:34:50.068Z] Error reading register 6507 for IP 10.30.4.128: no connection to modbus server
[2024-11-26T09:34:50.069Z] Error writing to Modbus register: no connection to modbus server
[2024-11-26T09:34:51.083Z] Error reading or processing Modbus registers: no connection to modbus server
[2024-11-26T09:34:51.084Z] Error reading register 6507 for IP 10.30.4.128: no connection to modbus server
[2024-11-26T09:34:51.085Z] Error writing to Modbus register: no connection to modbus server
[2024-11-26T09:34:52.084Z] Error reading or processing Modbus registers: no connection to modbus server
[2024-11-26T09:34:52.084Z] Error reading register 6507 for IP 10.30.4.128: no connection to modbus server
[2024-11-26T09:34:52.085Z] Error writing to Modbus register: no connection to modbus server
[2024-11-26T09:34:53.095Z] Error reading or processing Modbus registers: no connection to modbus server
[2024-11-26T09:34:53.095Z] Error reading register 6507 for IP 10.30.4.128: no connection to modbus server
[2024-11-26T09:34:53.095Z] Error writing to Modbus register: no connection to modbus server
[2024-11-26T09:34:54.104Z] Error reading or processing Modbus registers: no connection to modbus server
[2024-11-26T09:34:54.104Z] Error reading register 6507 for IP 10.30.4.128: no connection to modbus server
[2024-11-26T09:34:54.104Z] Error writing to Modbus register: no connection to modbus server
[2024-11-26T09:34:55.119Z] Error reading or processing Modbus registers: no connection to modbus server
[2024-11-26T09:34:55.119Z] Error reading register 6507 for IP 10.30.4.128: no connection to modbus server
[2024-11-26T09:34:55.119Z] Error writing to Modbus register: no connection to modbus server
[2024-11-26T09:34:56.119Z] Error reading or processing Modbus registers: no connection to modbus server
[2024-11-26T09:34:56.120Z] Error reading register 6507 for IP 10.30.4.128: no connection to modbus server
[2024-11-26T09:34:56.120Z] Error writing to Modbus register: no connection to modbus server
[2024-11-26T09:34:57.121Z] Error reading or processing Modbus registers: no connection to modbus server
[2024-11-26T09:34:57.121Z] Error reading register 6507 for IP 10.30.4.128: no connection to modbus server
[2024-11-26T09:34:57.121Z] Error writing to Modbus register: no connection to modbus server
[2024-11-26T09:34:58.136Z] Error reading or processing Modbus registers: no connection to modbus server
[2024-11-26T09:34:58.136Z] Error reading register 6507 for IP 10.30.4.128: no connection to modbus server
[2024-11-26T09:34:58.136Z] Error writing to Modbus register: no connection to modbus server
[2024-11-26T09:34:59.137Z] Error reading or processing Modbus registers: no connection to modbus server
[2024-11-26T09:34:59.137Z] Error reading register 6507 for IP 10.30.4.128: no connection to modbus server
[2024-11-26T09:34:59.137Z] Error writing to Modbus register: no connection to modbus server
[2024-11-26T09:35:00.151Z] Error reading or processing Modbus registers: no connection to modbus server
[2024-11-26T09:35:00.151Z] Error reading register 6507 for IP 10.30.4.128: no connection to modbus server
[2024-11-26T09:35:00.152Z] Error writing to Modbus register: no connection to modbus server
[2024-11-26T09:35:01.167Z] Error reading or processing Modbus registers: no connection to modbus server
[2024-11-26T09:35:01.167Z] Error reading register 6507 for IP 10.30.4.128: no connection to modbus server
[2024-11-26T09:35:01.167Z] Error writing to Modbus register: no connection to modbus server
[2024-11-26T09:35:02.179Z] Error reading or processing Modbus registers: no connection to modbus server
[2024-11-26T09:35:02.180Z] Error reading register 6507 for IP 10.30.4.128: no connection to modbus server
[2024-11-26T09:35:02.180Z] Error writing to Modbus register: no connection to modbus server
[2024-11-26T09:35:03.194Z] Error reading or processing Modbus registers: no connection to modbus server
[2024-11-26T09:35:03.195Z] Error reading register 6507 for IP 10.30.4.128: no connection to modbus server
[2024-11-26T09:35:03.195Z] Error writing to Modbus register: no connection to modbus server
[2024-11-26T09:35:04.209Z] Error reading or processing Modbus registers: no connection to modbus server
[2024-11-26T09:35:04.209Z] Error reading register 6507 for IP 10.30.4.128: no connection to modbus server
[2024-11-26T09:35:04.209Z] Error writing to Modbus register: no connection to modbus server
[2024-11-26T09:35:05.209Z] Error reading or processing Modbus registers: no connection to modbus server
[2024-11-26T09:35:05.209Z] Error reading register 6507 for IP 10.30.4.128: no connection to modbus server
[2024-11-26T09:35:05.209Z] Error writing to Modbus register: no connection to modbus server
[2024-11-26T09:35:06.220Z] Error reading or processing Modbus registers: no connection to modbus server
[2024-11-26T09:35:06.220Z] Error reading register 6507 for IP 10.30.4.128: no connection to modbus server
[2024-11-26T09:35:06.221Z] Error writing to Modbus register: no connection to modbus server
[2024-11-26T09:35:07.222Z] Error reading or processing Modbus registers: no connection to modbus server
[2024-11-26T09:35:07.222Z] Error reading register 6507 for IP 10.30.4.128: no connection to modbus server
[2024-11-26T09:35:07.222Z] Error writing to Modbus register: no connection to modbus server
[2024-11-26T09:35:08.236Z] Error reading or processing Modbus registers: no connection to modbus server
[2024-11-26T09:35:08.237Z] Error reading register 6507 for IP 10.30.4.128: no connection to modbus server
[2024-11-26T09:35:08.237Z] Error writing to Modbus register: no connection to modbus server
[2024-11-26T09:35:09.250Z] Error reading or processing Modbus registers: no connection to modbus server
[2024-11-26T09:35:09.250Z] Error reading register 6507 for IP 10.30.4.128: no connection to modbus server
[2024-11-26T09:35:09.251Z] Error writing to Modbus register: no connection to modbus server
[2024-11-26T09:35:10.265Z] Error reading or processing Modbus registers: no connection to modbus server
[2024-11-26T09:35:10.265Z] Error reading register 6507 for IP 10.30.4.128: no connection to modbus server
[2024-11-26T09:35:10.266Z] Error writing to Modbus register: no connection to modbus server
[2024-11-26T09:35:11.268Z] Error reading or processing Modbus registers: no connection to modbus server
[2024-11-26T09:35:11.268Z] Error reading register 6507 for IP 10.30.4.128: no connection to modbus server
[2024-11-26T09:35:11.269Z] Error writing to Modbus register: no connection to modbus server
[2024-11-26T09:35:12.271Z] Error reading or processing Modbus registers: no connection to modbus server
[2024-11-26T09:35:12.271Z] Error reading register 6507 for IP 10.30.4.128: no connection to modbus server
[2024-11-26T09:35:12.272Z] Error writing to Modbus register: no connection to modbus server
[2024-11-26T09:35:13.285Z] Error reading or processing Modbus registers: no connection to modbus server
[2024-11-26T09:35:13.285Z] Error reading register 6507 for IP 10.30.4.128: no connection to modbus server
[2024-11-26T09:35:13.286Z] Error writing to Modbus register: no connection to modbus server
[2024-11-26T09:35:14.298Z] Error reading or processing Modbus registers: no connection to modbus server
[2024-11-26T09:35:14.298Z] Error reading register 6507 for IP 10.30.4.128: no connection to modbus server
[2024-11-26T09:35:14.299Z] Error writing to Modbus register: no connection to modbus server
[2024-11-26T09:50:27.083Z] Unable to connect to device at 10.30.4.128: read ECONNRESET
[2024-11-26T09:50:27.085Z] Error reading or processing Modbus registers: connection to modbus server closed
[2024-11-26T09:50:27.085Z] Error reading register 6507 for IP 10.30.4.128: rejecting because of earlier OutOfSync error
[2024-11-26T09:50:27.085Z] Error writing to Modbus register: rejecting because of earlier OutOfSync error
[2024-11-26T09:50:27.085Z] Error reading or processing Modbus registers: rejecting because of earlier OutOfSync error
[2024-11-26T09:50:27.085Z] Error reading register 6507 for IP 10.30.4.128: rejecting because of earlier OutOfSync error
[2024-11-26T09:50:27.086Z] Error writing to Modbus register: rejecting because of earlier OutOfSync error
[2024-11-26T09:50:27.088Z] Error writing to Modbus register: no connection to modbus server
[2024-11-26T09:50:27.088Z] Error reading or processing Modbus registers: no connection to modbus server
[2024-11-26T09:50:27.088Z] Error reading register 6507 for IP 10.30.4.128: no connection to modbus server
[2024-11-26T09:50:28.089Z] Error reading or processing Modbus registers: no connection to modbus server
[2024-11-26T09:50:28.090Z] Error reading register 6507 for IP 10.30.4.128: no connection to modbus server
[2024-11-26T09:50:28.090Z] Error writing to Modbus register: no connection to modbus server
[2024-11-26T09:50:29.090Z] Error reading or processing Modbus registers: no connection to modbus server
[2024-11-26T09:50:29.090Z] Error reading register 6507 for IP 10.30.4.128: no connection to modbus server
[2024-11-26T09:50:29.091Z] Error writing to Modbus register: no connection to modbus server
[2024-11-26T09:50:30.090Z] Error reading or processing Modbus registers: no connection to modbus server
[2024-11-26T09:50:30.090Z] Error reading register 6507 for IP 10.30.4.128: no connection to modbus server
[2024-11-26T09:50:30.092Z] Error writing to Modbus register: no connection to modbus server
[2024-11-26T09:50:31.092Z] Error reading or processing Modbus registers: no connection to modbus server
[2024-11-26T09:50:31.092Z] Error reading register 6507 for IP 10.30.4.128: no connection to modbus server
[2024-11-26T09:50:31.093Z] Error writing to Modbus register: no connection to modbus server
[2024-11-26T09:50:32.094Z] Error reading or processing Modbus registers: no connection to modbus server
[2024-11-26T09:50:32.094Z] Error reading register 6507 for IP 10.30.4.128: no connection to modbus server
[2024-11-26T09:50:32.095Z] Error writing to Modbus register: no connection to modbus server
[2024-11-26T09:50:33.108Z] Error reading or processing Modbus registers: no connection to modbus server
[2024-11-26T09:50:33.109Z] Error reading register 6507 for IP 10.30.4.128: no connection to modbus server
[2024-11-26T09:50:33.109Z] Error writing to Modbus register: no connection to modbus server
[2024-11-26T09:50:34.122Z] Error reading or processing Modbus registers: no connection to modbus server
[2024-11-26T09:50:34.122Z] Error reading register 6507 for IP 10.30.4.128: no connection to modbus server
[2024-11-26T09:50:34.122Z] Error writing to Modbus register: no connection to modbus server
[2024-11-26T09:50:35.124Z] Error reading or processing Modbus registers: no connection to modbus server
[2024-11-26T09:50:35.125Z] Error reading register 6507 for IP 10.30.4.128: no connection to modbus server
[2024-11-26T09:50:35.125Z] Error writing to Modbus register: no connection to modbus server
[2024-11-26T09:50:36.135Z] Error reading or processing Modbus registers: no connection to modbus server
[2024-11-26T09:50:36.136Z] Error reading register 6507 for IP 10.30.4.128: no connection to modbus server
[2024-11-26T09:50:36.136Z] Error writing to Modbus register: no connection to modbus server
[2024-11-26T09:50:37.150Z] Error reading or processing Modbus registers: no connection to modbus server
[2024-11-26T09:50:37.150Z] Error reading register 6507 for IP 10.30.4.128: no connection to modbus server
[2024-11-26T09:50:37.151Z] Error writing to Modbus register: no connection to modbus server
[2024-11-26T09:50:38.165Z] Error reading or processing Modbus registers: no connection to modbus server
[2024-11-26T09:50:38.165Z] Error reading register 6507 for IP 10.30.4.128: no connection to modbus server
[2024-11-26T09:50:38.165Z] Error writing to Modbus register: no connection to modbus server
[2024-11-26T09:50:39.166Z] Error reading or processing Modbus registers: no connection to modbus server
[2024-11-26T09:50:39.166Z] Error reading register 6507 for IP 10.30.4.128: no connection to modbus server
[2024-11-26T09:50:39.167Z] Error writing to Modbus register: no connection to modbus server
[2024-11-26T09:50:40.167Z] Error reading or processing Modbus registers: no connection to modbus server
[2024-11-26T09:50:40.167Z] Error reading register 6507 for IP 10.30.4.128: no connection to modbus server
[2024-11-26T09:50:40.167Z] Error writing to Modbus register: no connection to modbus server
[2024-11-26T09:50:41.180Z] Error reading or processing Modbus registers: no connection to modbus server
[2024-11-26T09:50:41.180Z] Error reading register 6507 for IP 10.30.4.128: no connection to modbus server
[2024-11-26T09:50:41.181Z] Error writing to Modbus register: no connection to modbus server
[2024-11-26T09:50:42.196Z] Error reading or processing Modbus registers: no connection to modbus server
[2024-11-26T09:50:42.197Z] Error reading register 6507 for IP 10.30.4.128: no connection to modbus server
[2024-11-26T09:50:42.197Z] Error writing to Modbus register: no connection to modbus server
[2024-11-26T09:50:43.198Z] Error reading or processing Modbus registers: no connection to modbus server
[2024-11-26T09:50:43.198Z] Error reading register 6507 for IP 10.30.4.128: no connection to modbus server
[2024-11-26T09:50:43.199Z] Error writing to Modbus register: no connection to modbus server
[2024-11-26T09:50:44.212Z] Error reading or processing Modbus registers: no connection to modbus server
[2024-11-26T09:50:44.213Z] Error reading register 6507 for IP 10.30.4.128: no connection to modbus server
[2024-11-26T09:50:44.213Z] Error writing to Modbus register: no connection to modbus server
[2024-11-26T09:50:45.226Z] Error reading or processing Modbus registers: no connection to modbus server
[2024-11-26T09:50:45.226Z] Error reading register 6507 for IP 10.30.4.128: no connection to modbus server
[2024-11-26T09:50:45.227Z] Error writing to Modbus register: no connection to modbus server
[2024-11-26T09:50:46.240Z] Error reading or processing Modbus registers: no connection to modbus server
[2024-11-26T09:50:46.240Z] Error reading register 6507 for IP 10.30.4.128: no connection to modbus server
[2024-11-26T09:50:46.240Z] Error writing to Modbus register: no connection to modbus server
[2024-11-26T09:50:47.240Z] Error reading or processing Modbus registers: no connection to modbus server
[2024-11-26T09:50:47.241Z] Error reading register 6507 for IP 10.30.4.128: no connection to modbus server
[2024-11-26T09:50:47.241Z] Error writing to Modbus register: no connection to modbus server
[2024-11-26T09:50:48.255Z] Error reading or processing Modbus registers: no connection to modbus server
[2024-11-26T09:50:48.255Z] Error reading register 6507 for IP 10.30.4.128: no connection to modbus server
[2024-11-26T09:50:48.256Z] Error writing to Modbus register: no connection to modbus server
[2024-11-26T09:50:49.269Z] Error reading or processing Modbus registers: no connection to modbus server
[2024-11-26T09:50:49.269Z] Error reading register 6507 for IP 10.30.4.128: no connection to modbus server
[2024-11-26T09:50:49.269Z] Error writing to Modbus register: no connection to modbus server
[2024-11-26T09:50:50.269Z] Error reading or processing Modbus registers: no connection to modbus server
[2024-11-26T09:50:50.269Z] Error reading register 6507 for IP 10.30.4.128: no connection to modbus server
[2024-11-26T09:50:50.270Z] Error writing to Modbus register: no connection to modbus server
[2024-11-26T09:50:51.268Z] Error reading or processing Modbus registers: no connection to modbus server
[2024-11-26T09:50:51.268Z] Error reading register 6507 for IP 10.30.4.128: no connection to modbus server
[2024-11-26T09:50:51.283Z] Error writing to Modbus register: no connection to modbus server
[2024-11-26T09:50:52.283Z] Error reading or processing Modbus registers: no connection to modbus server
[2024-11-26T09:50:52.283Z] Error reading register 6507 for IP 10.30.4.128: no connection to modbus server
[2024-11-26T09:50:52.283Z] Error writing to Modbus register: no connection to modbus server
[2024-11-26T09:50:53.283Z] Error reading or processing Modbus registers: no connection to modbus server
[2024-11-26T09:50:53.283Z] Error reading register 6507 for IP 10.30.4.128: no connection to modbus server
[2024-11-26T09:50:53.283Z] Error writing to Modbus register: no connection to modbus server
[2024-11-26T09:50:54.283Z] Error reading or processing Modbus registers: no connection to modbus server
[2024-11-26T09:50:54.283Z] Error reading register 6507 for IP 10.30.4.128: no connection to modbus server
[2024-11-26T09:50:54.283Z] Error writing to Modbus register: no connection to modbus server
[2024-11-26T09:50:55.283Z] Error reading or processing Modbus registers: no connection to modbus server
[2024-11-26T09:50:55.284Z] Error reading register 6507 for IP 10.30.4.128: no connection to modbus server
[2024-11-26T09:50:55.284Z] Error writing to Modbus register: no connection to modbus server
[2024-11-26T09:50:56.285Z] Error reading or processing Modbus registers: no connection to modbus server
[2024-11-26T09:50:56.285Z] Error reading register 6507 for IP 10.30.4.128: no connection to modbus server
[2024-11-26T09:50:56.286Z] Error writing to Modbus register: no connection to modbus server
[2024-11-26T09:50:57.285Z] Error reading or processing Modbus registers: no connection to modbus server
[2024-11-26T09:50:57.285Z] Error reading register 6507 for IP 10.30.4.128: no connection to modbus server
[2024-11-26T09:50:57.300Z] Error writing to Modbus register: no connection to modbus server
[2024-11-26T09:50:58.285Z] Error reading or processing Modbus registers: no connection to modbus server
[2024-11-26T09:50:58.285Z] Error reading register 6507 for IP 10.30.4.128: no connection to modbus server
[2024-11-26T09:50:58.300Z] Error writing to Modbus register: no connection to modbus server
[2024-11-26T09:50:59.299Z] Error reading or processing Modbus registers: no connection to modbus server
[2024-11-26T09:50:59.299Z] Error reading register 6507 for IP 10.30.4.128: no connection to modbus server
[2024-11-26T09:50:59.299Z] Error writing to Modbus register: no connection to modbus server
[2024-11-26T09:51:00.300Z] Error reading or processing Modbus registers: no connection to modbus server
[2024-11-26T09:51:00.300Z] Error reading register 6507 for IP 10.30.4.128: no connection to modbus server
[2024-11-26T09:51:00.300Z] Error writing to Modbus register: no connection to modbus server
[2024-11-26T09:51:01.313Z] Error reading or processing Modbus registers: no connection to modbus server
[2024-11-26T09:51:01.313Z] Error reading register 6507 for IP 10.30.4.128: no connection to modbus server
[2024-11-26T09:51:01.314Z] Error writing to Modbus register: no connection to modbus server
[2024-11-26T09:51:02.314Z] Error reading or processing Modbus registers: no connection to modbus server
[2024-11-26T09:51:02.314Z] Error reading register 6507 for IP 10.30.4.128: no connection to modbus server
[2024-11-26T09:51:02.314Z] Error writing to Modbus register: no connection to modbus server
[2024-11-26T09:51:03.324Z] Error reading or processing Modbus registers: no connection to modbus server
[2024-11-26T09:51:03.325Z] Error reading register 6507 for IP 10.30.4.128: no connection to modbus server
[2024-11-26T09:51:03.325Z] Error writing to Modbus register: no connection to modbus server
[2024-11-26T09:51:04.326Z] Error reading or processing Modbus registers: no connection to modbus server
[2024-11-26T09:51:04.326Z] Error reading register 6507 for IP 10.30.4.128: no connection to modbus server
[2024-11-26T09:51:04.327Z] Error writing to Modbus register: no connection to modbus server
[2024-11-26T09:51:05.341Z] Error reading or processing Modbus registers: no connection to modbus server
[2024-11-26T09:51:05.341Z] Error reading register 6507 for IP 10.30.4.128: no connection to modbus server
[2024-11-26T09:51:05.341Z] Error writing to Modbus register: no connection to modbus server
[2024-11-26T09:51:06.342Z] Error reading or processing Modbus registers: no connection to modbus server
[2024-11-26T09:51:06.343Z] Error reading register 6507 for IP 10.30.4.128: no connection to modbus server
[2024-11-26T09:51:06.343Z] Error writing to Modbus register: no connection to modbus server
[2024-11-26T09:51:07.346Z] Error reading or processing Modbus registers: no connection to modbus server
[2024-11-26T09:51:07.346Z] Error reading register 6507 for IP 10.30.4.128: no connection to modbus server
[2024-11-26T09:51:07.347Z] Error writing to Modbus register: no connection to modbus server
[2024-11-26T09:51:08.347Z] Error reading or processing Modbus registers: no connection to modbus server
[2024-11-26T09:51:08.347Z] Error reading register 6507 for IP 10.30.4.128: no connection to modbus server
[2024-11-26T09:51:08.347Z] Error writing to Modbus register: no connection to modbus server
[2024-11-26T09:51:09.347Z] Error reading or processing Modbus registers: no connection to modbus server
[2024-11-26T09:51:09.348Z] Error reading register 6507 for IP 10.30.4.128: no connection to modbus server
[2024-11-26T09:51:09.348Z] Error writing to Modbus register: no connection to modbus server
[2024-11-26T09:51:10.363Z] Error reading or processing Modbus registers: no connection to modbus server
[2024-11-26T09:51:10.363Z] Error reading register 6507 for IP 10.30.4.128: no connection to modbus server
[2024-11-26T09:51:10.363Z] Error writing to Modbus register: no connection to modbus server
[2024-11-26T09:51:11.376Z] Error reading or processing Modbus registers: no connection to modbus server
[2024-11-26T09:51:11.377Z] Error reading register 6507 for IP 10.30.4.128: no connection to modbus server
[2024-11-26T09:51:11.377Z] Error writing to Modbus register: no connection to modbus server
[2024-11-26T09:51:12.377Z] Error reading or processing Modbus registers: no connection to modbus server
[2024-11-26T09:51:12.377Z] Error reading register 6507 for IP 10.30.4.128: no connection to modbus server
[2024-11-26T09:51:12.393Z] Error writing to Modbus register: no connection to modbus server
[2024-11-26T09:51:13.377Z] Error reading or processing Modbus registers: no connection to modbus server
[2024-11-26T09:51:13.377Z] Error reading register 6507 for IP 10.30.4.128: no connection to modbus server
[2024-11-26T09:51:13.407Z] Error writing to Modbus register: no connection to modbus server
[2024-11-26T09:51:14.376Z] Error reading or processing Modbus registers: no connection to modbus server
[2024-11-26T09:51:14.377Z] Error reading register 6507 for IP 10.30.4.128: no connection to modbus server
[2024-11-26T09:51:14.407Z] Error writing to Modbus register: no connection to modbus server
[2024-11-26T09:51:15.377Z] Error reading or processing Modbus registers: no connection to modbus server
[2024-11-26T09:51:15.378Z] Error reading register 6507 for IP 10.30.4.128: no connection to modbus server
[2024-11-26T09:51:15.422Z] Error writing to Modbus register: no connection to modbus server
[2024-11-26T09:51:16.391Z] Error reading or processing Modbus registers: no connection to modbus server
[2024-11-26T09:51:16.391Z] Error reading register 6507 for IP 10.30.4.128: no connection to modbus server
[2024-11-26T09:51:16.436Z] Error writing to Modbus register: no connection to modbus server
[2024-11-26T09:51:17.406Z] Error reading or processing Modbus registers: no connection to modbus server
[2024-11-26T09:51:17.406Z] Error reading register 6507 for IP 10.30.4.128: no connection to modbus server
[2024-11-26T09:51:17.450Z] Error writing to Modbus register: no connection to modbus server
[2024-11-26T09:51:18.406Z] Error reading or processing Modbus registers: no connection to modbus server
[2024-11-26T09:51:18.407Z] Error reading register 6507 for IP 10.30.4.128: no connection to modbus server
[2024-11-26T09:51:18.452Z] Error writing to Modbus register: no connection to modbus server
[2024-11-26T09:51:19.406Z] Error reading or processing Modbus registers: no connection to modbus server
[2024-11-26T09:51:19.406Z] Error reading register 6507 for IP 10.30.4.128: no connection to modbus server
[2024-11-26T09:51:19.466Z] Error writing to Modbus register: no connection to modbus server
[2024-11-26T09:51:20.419Z] Error reading or processing Modbus registers: no connection to modbus server
[2024-11-26T09:51:20.419Z] Error reading register 6507 for IP 10.30.4.128: no connection to modbus server
[2024-11-26T09:51:20.480Z] Error writing to Modbus register: no connection to modbus server
[2024-11-26T09:51:21.434Z] Error reading or processing Modbus registers: no connection to modbus server
[2024-11-26T09:51:21.434Z] Error reading register 6507 for IP 10.30.4.128: no connection to modbus server
[2024-11-26T09:51:21.495Z] Error writing to Modbus register: no connection to modbus server
[2024-11-26T09:51:22.435Z] Error reading or processing Modbus registers: no connection to modbus server
[2024-11-26T09:51:22.435Z] Error reading register 6507 for IP 10.30.4.128: no connection to modbus server
[2024-11-26T09:51:22.496Z] Error writing to Modbus register: no connection to modbus server
[2024-11-26T09:51:23.448Z] Error reading or processing Modbus registers: no connection to modbus server
[2024-11-26T09:51:23.448Z] Error reading register 6507 for IP 10.30.4.128: no connection to modbus server
[2024-11-26T09:51:23.509Z] Error writing to Modbus register: no connection to modbus server
[2024-11-26T09:51:24.464Z] Error reading or processing Modbus registers: no connection to modbus server
[2024-11-26T09:51:24.464Z] Error reading register 6507 for IP 10.30.4.128: no connection to modbus server
[2024-11-26T09:51:24.523Z] Error writing to Modbus register: no connection to modbus server
[2024-11-26T09:51:25.477Z] Error reading or processing Modbus registers: no connection to modbus server
[2024-11-26T09:51:25.478Z] Error reading register 6507 for IP 10.30.4.128: no connection to modbus server
[2024-11-26T09:51:25.537Z] Error writing to Modbus register: no connection to modbus server
[2024-11-26T09:51:26.479Z] Error reading or processing Modbus registers: no connection to modbus server
[2024-11-26T09:51:26.480Z] Error reading register 6507 for IP 10.30.4.128: no connection to modbus server
[2024-11-26T09:51:26.541Z] Error writing to Modbus register: no connection to modbus server
[2024-11-26T09:51:27.481Z] Error reading or processing Modbus registers: no connection to modbus server
[2024-11-26T09:51:27.481Z] Error reading register 6507 for IP 10.30.4.128: no connection to modbus server
[2024-11-26T09:51:27.556Z] Error writing to Modbus register: no connection to modbus server
[2024-11-26T09:51:28.495Z] Error reading or processing Modbus registers: no connection to modbus server
[2024-11-26T09:51:28.495Z] Error reading register 6507 for IP 10.30.4.128: no connection to modbus server
[2024-11-26T09:51:28.570Z] Error writing to Modbus register: no connection to modbus server
[2024-11-26T09:51:29.495Z] Error reading or processing Modbus registers: no connection to modbus server
[2024-11-26T09:51:29.496Z] Error reading register 6507 for IP 10.30.4.128: no connection to modbus server
[2024-11-26T09:51:29.571Z] Error writing to Modbus register: no connection to modbus server
[2024-11-26T09:51:30.510Z] Error reading or processing Modbus registers: no connection to modbus server
[2024-11-26T09:51:30.511Z] Error reading register 6507 for IP 10.30.4.128: no connection to modbus server
[2024-11-26T09:51:30.586Z] Error writing to Modbus register: no connection to modbus server
[2024-11-26T09:51:31.525Z] Error reading or processing Modbus registers: no connection to modbus server
[2024-11-26T09:51:31.526Z] Error reading register 6507 for IP 10.30.4.128: no connection to modbus server
[2024-11-26T09:51:31.601Z] Error writing to Modbus register: no connection to modbus server
[2024-11-26T09:51:32.540Z] Error reading or processing Modbus registers: no connection to modbus server
[2024-11-26T09:51:32.540Z] Error reading register 6507 for IP 10.30.4.128: no connection to modbus server
[2024-11-26T09:51:32.616Z] Error writing to Modbus register: no connection to modbus server
[2024-11-26T09:51:33.540Z] Error reading or processing Modbus registers: no connection to modbus server
[2024-11-26T09:51:33.541Z] Error reading register 6507 for IP 10.30.4.128: no connection to modbus server
[2024-11-26T09:51:33.615Z] Error writing to Modbus register: no connection to modbus server
[2024-11-26T09:51:34.554Z] Error reading or processing Modbus registers: no connection to modbus server
[2024-11-26T09:51:34.554Z] Error reading register 6507 for IP 10.30.4.128: no connection to modbus server
[2024-11-26T09:51:34.630Z] Error writing to Modbus register: no connection to modbus server
[2024-11-26T09:51:35.568Z] Error reading or processing Modbus registers: no connection to modbus server
[2024-11-26T09:51:35.568Z] Error reading register 6507 for IP 10.30.4.128: no connection to modbus server
[2024-11-26T09:51:35.642Z] Error writing to Modbus register: no connection to modbus server
[2024-11-26T09:51:36.568Z] Error reading or processing Modbus registers: no connection to modbus server
[2024-11-26T09:51:36.568Z] Error reading register 6507 for IP 10.30.4.128: no connection to modbus server
[2024-11-26T09:51:36.658Z] Error writing to Modbus register: no connection to modbus server
[2024-11-26T09:51:37.582Z] Error reading or processing Modbus registers: no connection to modbus server
[2024-11-26T09:51:37.582Z] Error reading register 6507 for IP 10.30.4.128: no connection to modbus server
[2024-11-26T09:51:37.672Z] Error writing to Modbus register: no connection to modbus server
[2024-11-26T09:51:38.595Z] Error reading or processing Modbus registers: no connection to modbus server
[2024-11-26T09:51:38.596Z] Error reading register 6507 for IP 10.30.4.128: no connection to modbus server
[2024-11-26T09:51:38.686Z] Error writing to Modbus register: no connection to modbus server
[2024-11-26T09:51:39.609Z] Error reading or processing Modbus registers: no connection to modbus server
[2024-11-26T09:51:39.609Z] Error reading register 6507 for IP 10.30.4.128: no connection to modbus server
[2024-11-26T09:51:39.701Z] Error writing to Modbus register: no connection to modbus server
[2024-11-26T09:51:40.610Z] Error reading or processing Modbus registers: no connection to modbus server
[2024-11-26T09:51:40.610Z] Error reading register 6507 for IP 10.30.4.128: no connection to modbus server
[2024-11-26T09:51:40.702Z] Error writing to Modbus register: no connection to modbus server
[2024-11-26T09:51:41.609Z] Error reading or processing Modbus registers: no connection to modbus server
[2024-11-26T09:51:41.610Z] Error reading register 6507 for IP 10.30.4.128: no connection to modbus server
[2024-11-26T09:51:41.715Z] Error writing to Modbus register: no connection to modbus server
[2024-11-26T09:51:42.624Z] Error reading or processing Modbus registers: no connection to modbus server
[2024-11-26T09:51:42.625Z] Error reading register 6507 for IP 10.30.4.128: no connection to modbus server
[2024-11-26T09:51:42.730Z] Error writing to Modbus register: no connection to modbus server
[2024-11-26T09:51:43.625Z] Error reading or processing Modbus registers: no connection to modbus server
[2024-11-26T09:51:43.625Z] Error reading register 6507 for IP 10.30.4.128: no connection to modbus server
[2024-11-26T09:51:43.730Z] Error writing to Modbus register: no connection to modbus server
[2024-11-26T09:51:44.626Z] Error reading or processing Modbus registers: no connection to modbus server
[2024-11-26T09:51:44.626Z] Error reading register 6507 for IP 10.30.4.128: no connection to modbus server
[2024-11-26T09:51:44.731Z] Error writing to Modbus register: no connection to modbus server
[2024-11-26T09:51:45.639Z] Error reading or processing Modbus registers: no connection to modbus server
[2024-11-26T09:51:45.639Z] Error reading register 6507 for IP 10.30.4.128: no connection to modbus server
[2024-11-26T09:51:45.745Z] Error writing to Modbus register: no connection to modbus server
[2024-11-26T09:51:46.652Z] Error reading or processing Modbus registers: no connection to modbus server
[2024-11-26T09:51:46.652Z] Error reading register 6507 for IP 10.30.4.128: no connection to modbus server
[2024-11-26T09:51:46.759Z] Error writing to Modbus register: no connection to modbus server
[2024-11-26T09:51:47.654Z] Error reading or processing Modbus registers: no connection to modbus server
[2024-11-26T09:51:47.654Z] Error reading register 6507 for IP 10.30.4.128: no connection to modbus server
[2024-11-26T09:51:47.761Z] Error writing to Modbus register: no connection to modbus server
[2024-11-26T09:51:48.656Z] Error reading or processing Modbus registers: no connection to modbus server
[2024-11-26T09:51:48.656Z] Error reading register 6507 for IP 10.30.4.128: no connection to modbus server
[2024-11-26T09:51:48.776Z] Error writing to Modbus register: no connection to modbus server
[2024-11-26T09:51:49.669Z] Error reading or processing Modbus registers: no connection to modbus server
[2024-11-26T09:51:49.669Z] Error reading register 6507 for IP 10.30.4.128: no connection to modbus server
[2024-11-26T09:51:49.790Z] Error writing to Modbus register: no connection to modbus server
[2024-11-26T09:51:50.684Z] Error reading or processing Modbus registers: no connection to modbus server
[2024-11-26T09:51:50.684Z] Error reading register 6507 for IP 10.30.4.128: no connection to modbus server
[2024-11-26T09:51:50.804Z] Error writing to Modbus register: no connection to modbus server
[2024-11-26T09:51:51.697Z] Error reading or processing Modbus registers: no connection to modbus server
[2024-11-26T09:51:51.697Z] Error reading register 6507 for IP 10.30.4.128: no connection to modbus server
[2024-11-26T09:51:51.818Z] Error writing to Modbus register: no connection to modbus server
[2024-11-26T09:51:52.698Z] Error reading or processing Modbus registers: no connection to modbus server
[2024-11-26T09:51:52.698Z] Error reading register 6507 for IP 10.30.4.128: no connection to modbus server
[2024-11-26T09:51:52.819Z] Error writing to Modbus register: no connection to modbus server
[2024-11-26T09:51:53.713Z] Error reading or processing Modbus registers: no connection to modbus server
[2024-11-26T09:51:53.713Z] Error reading register 6507 for IP 10.30.4.128: no connection to modbus server
[2024-11-26T09:51:53.820Z] Error writing to Modbus register: no connection to modbus server
[2024-11-26T09:51:54.728Z] Error reading or processing Modbus registers: no connection to modbus server
[2024-11-26T09:51:54.728Z] Error reading register 6507 for IP 10.30.4.128: no connection to modbus server
[2024-11-26T09:51:54.820Z] Error writing to Modbus register: no connection to modbus server
[2024-11-26T09:51:55.728Z] Error reading or processing Modbus registers: no connection to modbus server
[2024-11-26T09:51:55.728Z] Error reading register 6507 for IP 10.30.4.128: no connection to modbus server
[2024-11-26T09:51:55.833Z] Error writing to Modbus register: no connection to modbus server
[2024-11-26T09:51:56.741Z] Error reading or processing Modbus registers: no connection to modbus server
[2024-11-26T09:51:56.741Z] Error reading register 6507 for IP 10.30.4.128: no connection to modbus server
[2024-11-26T09:51:56.847Z] Error writing to Modbus register: no connection to modbus server
[2024-11-26T09:51:57.741Z] Error reading or processing Modbus registers: no connection to modbus server
[2024-11-26T09:51:57.741Z] Error reading register 6507 for IP 10.30.4.128: no connection to modbus server
[2024-11-26T09:51:57.848Z] Error writing to Modbus register: no connection to modbus server
[2024-11-26T09:51:58.743Z] Error reading or processing Modbus registers: no connection to modbus server
[2024-11-26T09:51:58.743Z] Error reading register 6507 for IP 10.30.4.128: no connection to modbus server
[2024-11-26T09:51:58.850Z] Error writing to Modbus register: no connection to modbus server
[2024-11-26T09:51:59.744Z] Error reading or processing Modbus registers: no connection to modbus server
[2024-11-26T09:51:59.744Z] Error reading register 6507 for IP 10.30.4.128: no connection to modbus server
[2024-11-26T09:51:59.850Z] Error writing to Modbus register: no connection to modbus server
[2024-11-26T09:52:00.758Z] Error reading or processing Modbus registers: no connection to modbus server
[2024-11-26T09:52:00.759Z] Error reading register 6507 for IP 10.30.4.128: no connection to modbus server
[2024-11-26T09:52:00.864Z] Error writing to Modbus register: no connection to modbus server
[2024-11-26T09:52:01.772Z] Error reading or processing Modbus registers: no connection to modbus server
[2024-11-26T09:52:01.772Z] Error reading register 6507 for IP 10.30.4.128: no connection to modbus server
[2024-11-26T09:52:01.878Z] Error writing to Modbus register: no connection to modbus server
[2024-11-26T09:52:02.787Z] Error reading or processing Modbus registers: no connection to modbus server
[2024-11-26T09:52:02.787Z] Error reading register 6507 for IP 10.30.4.128: no connection to modbus server
[2024-11-26T09:52:02.878Z] Error writing to Modbus register: no connection to modbus server
[2024-11-26T09:52:03.802Z] Error reading or processing Modbus registers: no connection to modbus server
[2024-11-26T09:52:03.802Z] Error reading register 6507 for IP 10.30.4.128: no connection to modbus server
[2024-11-26T09:52:03.877Z] Error writing to Modbus register: no connection to modbus server
[2024-11-26T09:52:04.802Z] Error reading or processing Modbus registers: no connection to modbus server
[2024-11-26T09:52:04.802Z] Error reading register 6507 for IP 10.30.4.128: no connection to modbus server
[2024-11-26T09:52:04.893Z] Error writing to Modbus register: no connection to modbus server
[2024-11-26T09:52:05.807Z] Error reading or processing Modbus registers: no connection to modbus server
[2024-11-26T09:52:05.807Z] Error reading register 6507 for IP 10.30.4.128: no connection to modbus server
[2024-11-26T09:52:05.899Z] Error writing to Modbus register: no connection to modbus server
[2024-11-26T09:52:06.819Z] Error reading or processing Modbus registers: no connection to modbus server
[2024-11-26T09:52:06.819Z] Error reading register 6507 for IP 10.30.4.128: no connection to modbus server
[2024-11-26T09:52:06.910Z] Error writing to Modbus register: no connection to modbus server
[2024-11-26T09:52:07.827Z] Error reading or processing Modbus registers: no connection to modbus server
[2024-11-26T09:52:07.827Z] Error reading register 6507 for IP 10.30.4.128: no connection to modbus server
[2024-11-26T09:52:07.918Z] Error writing to Modbus register: no connection to modbus server
[2024-11-26T09:52:08.841Z] Error reading or processing Modbus registers: no connection to modbus server
[2024-11-26T09:52:08.841Z] Error reading register 6507 for IP 10.30.4.128: no connection to modbus server
[2024-11-26T09:52:08.932Z] Error writing to Modbus register: no connection to modbus server
[2024-11-26T09:52:09.851Z] Error reading or processing Modbus registers: no connection to modbus server
[2024-11-26T09:52:09.851Z] Error reading register 6507 for IP 10.30.4.128: no connection to modbus server
[2024-11-26T09:52:09.943Z] Error writing to Modbus register: no connection to modbus server
[2024-11-26T09:52:10.864Z] Error reading or processing Modbus registers: no connection to modbus server
[2024-11-26T09:52:10.864Z] Error reading register 6507 for IP 10.30.4.128: no connection to modbus server
[2024-11-26T09:52:10.956Z] Error writing to Modbus register: no connection to modbus server
[2024-11-26T09:52:11.879Z] Error reading or processing Modbus registers: no connection to modbus server
[2024-11-26T09:52:11.879Z] Error reading register 6507 for IP 10.30.4.128: no connection to modbus server
[2024-11-26T09:52:11.971Z] Error writing to Modbus register: no connection to modbus server
[2024-11-26T09:52:12.886Z] Error reading or processing Modbus registers: no connection to modbus server
[2024-11-26T09:52:12.886Z] Error reading register 6507 for IP 10.30.4.128: no connection to modbus server
[2024-11-26T09:52:12.977Z] Error writing to Modbus register: no connection to modbus server
[2024-11-26T09:52:13.886Z] Error reading or processing Modbus registers: no connection to modbus server
[2024-11-26T09:52:13.886Z] Error reading register 6507 for IP 10.30.4.128: no connection to modbus server
[2024-11-26T09:52:13.991Z] Error writing to Modbus register: no connection to modbus server
[2024-11-26T09:52:14.888Z] Error reading or processing Modbus registers: no connection to modbus server
[2024-11-26T09:52:14.888Z] Error reading register 6507 for IP 10.30.4.128: no connection to modbus server
[2024-11-26T09:52:14.993Z] Error writing to Modbus register: no connection to modbus server
[2024-11-26T09:52:15.902Z] Error reading or processing Modbus registers: no connection to modbus server
[2024-11-26T09:52:15.902Z] Error reading register 6507 for IP 10.30.4.128: no connection to modbus server
[2024-11-26T09:52:15.994Z] Error writing to Modbus register: no connection to modbus server
[2024-11-26T09:52:16.902Z] Error reading or processing Modbus registers: no connection to modbus server
[2024-11-26T09:52:16.902Z] Error reading register 6507 for IP 10.30.4.128: no connection to modbus server
[2024-11-26T09:52:17.009Z] Error writing to Modbus register: no connection to modbus server
[2024-11-26T09:52:17.907Z] Error reading or processing Modbus registers: no connection to modbus server
[2024-11-26T09:52:17.907Z] Error reading register 6507 for IP 10.30.4.128: no connection to modbus server
[2024-11-26T09:52:18.015Z] Error writing to Modbus register: no connection to modbus server
[2024-11-26T09:52:18.920Z] Error reading or processing Modbus registers: no connection to modbus server
[2024-11-26T09:52:18.920Z] Error reading register 6507 for IP 10.30.4.128: no connection to modbus server
[2024-11-26T09:52:19.028Z] Error writing to Modbus register: no connection to modbus server
[2024-11-26T09:52:19.930Z] Error reading or processing Modbus registers: no connection to modbus server
[2024-11-26T09:52:19.930Z] Error reading register 6507 for IP 10.30.4.128: no connection to modbus server
[2024-11-26T09:52:20.037Z] Error writing to Modbus register: no connection to modbus server
[2024-11-26T09:52:20.938Z] Error reading or processing Modbus registers: no connection to modbus server
[2024-11-26T09:52:20.938Z] Error reading register 6507 for IP 10.30.4.128: no connection to modbus server
[2024-11-26T09:52:21.047Z] Error writing to Modbus register: no connection to modbus server
[2024-11-26T09:52:21.953Z] Error reading or processing Modbus registers: no connection to modbus server
[2024-11-26T09:52:21.953Z] Error reading register 6507 for IP 10.30.4.128: no connection to modbus server
[2024-11-26T09:52:22.061Z] Error writing to Modbus register: no connection to modbus server
[2024-11-26T09:52:22.963Z] Error reading or processing Modbus registers: no connection to modbus server
[2024-11-26T09:52:22.964Z] Error reading register 6507 for IP 10.30.4.128: no connection to modbus server
[2024-11-26T09:52:23.069Z] Error writing to Modbus register: no connection to modbus server
[2024-11-26T09:52:23.964Z] Error reading or processing Modbus registers: no connection to modbus server
[2024-11-26T09:52:23.965Z] Error reading register 6507 for IP 10.30.4.128: no connection to modbus server
[2024-11-26T09:52:24.069Z] Error writing to Modbus register: no connection to modbus server
[2024-11-26T09:52:24.978Z] Error reading or processing Modbus registers: no connection to modbus server
[2024-11-26T09:52:24.978Z] Error reading register 6507 for IP 10.30.4.128: no connection to modbus server
[2024-11-26T09:52:25.084Z] Error writing to Modbus register: no connection to modbus server
[2024-11-26T09:52:25.978Z] Error reading or processing Modbus registers: no connection to modbus server
[2024-11-26T09:52:25.978Z] Error reading register 6507 for IP 10.30.4.128: no connection to modbus server
[2024-11-26T09:52:26.084Z] Error writing to Modbus register: no connection to modbus server
[2024-11-26T09:52:26.979Z] Error reading or processing Modbus registers: no connection to modbus server
[2024-11-26T09:52:26.979Z] Error reading register 6507 for IP 10.30.4.128: no connection to modbus server
[2024-11-26T09:52:27.084Z] Error writing to Modbus register: no connection to modbus server
[2024-11-26T09:52:27.992Z] Error reading or processing Modbus registers: no connection to modbus server
[2024-11-26T09:52:27.992Z] Error reading register 6507 for IP 10.30.4.128: no connection to modbus server
[2024-11-26T09:52:28.097Z] Error writing to Modbus register: no connection to modbus server
[2024-11-26T09:52:28.992Z] Error reading or processing Modbus registers: no connection to modbus server
[2024-11-26T09:52:28.992Z] Error reading register 6507 for IP 10.30.4.128: no connection to modbus server
[2024-11-26T09:52:29.113Z] Error writing to Modbus register: no connection to modbus server
[2024-11-26T09:52:29.993Z] Error reading or processing Modbus registers: no connection to modbus server
[2024-11-26T09:52:29.993Z] Error reading register 6507 for IP 10.30.4.128: no connection to modbus server
[2024-11-26T09:52:30.128Z] Error writing to Modbus register: no connection to modbus server
[2024-11-26T09:52:31.008Z] Error reading or processing Modbus registers: no connection to modbus server
[2024-11-26T09:52:31.008Z] Error reading register 6507 for IP 10.30.4.128: no connection to modbus server
[2024-11-26T09:52:31.128Z] Error writing to Modbus register: no connection to modbus server
[2024-11-26T09:52:32.020Z] Error reading or processing Modbus registers: no connection to modbus server
[2024-11-26T09:52:32.020Z] Error reading register 6507 for IP 10.30.4.128: no connection to modbus server
[2024-11-26T09:52:32.142Z] Error writing to Modbus register: no connection to modbus server
[2024-11-26T09:52:33.020Z] Error reading or processing Modbus registers: no connection to modbus server
[2024-11-26T09:52:33.020Z] Error reading register 6507 for IP 10.30.4.128: no connection to modbus server
[2024-11-26T09:52:33.142Z] Error writing to Modbus register: no connection to modbus server
[2024-11-26T09:52:34.021Z] Error reading or processing Modbus registers: no connection to modbus server
[2024-11-26T09:52:34.021Z] Error reading register 6507 for IP 10.30.4.128: no connection to modbus server
[2024-11-26T09:52:34.157Z] Error writing to Modbus register: no connection to modbus server
[2024-11-26T09:52:35.022Z] Error reading or processing Modbus registers: no connection to modbus server
[2024-11-26T09:52:35.023Z] Error reading register 6507 for IP 10.30.4.128: no connection to modbus server
[2024-11-26T09:52:35.159Z] Error writing to Modbus register: no connection to modbus server
[2024-11-26T09:52:36.037Z] Error reading or processing Modbus registers: no connection to modbus server
[2024-11-26T09:52:36.037Z] Error reading register 6507 for IP 10.30.4.128: no connection to modbus server
[2024-11-26T09:52:36.172Z] Error writing to Modbus register: no connection to modbus server
[2024-11-26T09:52:37.038Z] Error reading or processing Modbus registers: no connection to modbus server
[2024-11-26T09:52:37.038Z] Error reading register 6507 for IP 10.30.4.128: no connection to modbus server
[2024-11-26T09:52:37.175Z] Error writing to Modbus register: no connection to modbus server
[2024-11-26T09:52:38.053Z] Error reading or processing Modbus registers: no connection to modbus server
[2024-11-26T09:52:38.053Z] Error reading register 6507 for IP 10.30.4.128: no connection to modbus server
[2024-11-26T09:52:38.190Z] Error writing to Modbus register: no connection to modbus server
[2024-11-26T09:52:39.054Z] Error reading or processing Modbus registers: no connection to modbus server
[2024-11-26T09:52:39.054Z] Error reading register 6507 for IP 10.30.4.128: no connection to modbus server
[2024-11-26T09:52:39.204Z] Error writing to Modbus register: no connection to modbus server
[2024-11-26T09:52:40.068Z] Error reading or processing Modbus registers: no connection to modbus server
[2024-11-26T09:52:40.068Z] Error reading register 6507 for IP 10.30.4.128: no connection to modbus server
[2024-11-26T09:52:40.205Z] Error writing to Modbus register: no connection to modbus server
[2024-11-26T09:52:41.069Z] Error reading or processing Modbus registers: no connection to modbus server
[2024-11-26T09:52:41.070Z] Error reading register 6507 for IP 10.30.4.128: no connection to modbus server
[2024-11-26T09:52:41.206Z] Error writing to Modbus register: no connection to modbus server
[2024-11-26T09:52:42.071Z] Error reading or processing Modbus registers: no connection to modbus server
[2024-11-26T09:52:42.071Z] Error reading register 6507 for IP 10.30.4.128: no connection to modbus server
[2024-11-26T09:52:42.207Z] Error writing to Modbus register: no connection to modbus server
[2024-11-26T09:52:43.084Z] Error reading or processing Modbus registers: no connection to modbus server
[2024-11-26T09:52:43.084Z] Error reading register 6507 for IP 10.30.4.128: no connection to modbus server
[2024-11-26T09:52:43.220Z] Error writing to Modbus register: no connection to modbus server
[2024-11-26T09:52:44.097Z] Error reading or processing Modbus registers: no connection to modbus server
[2024-11-26T09:52:44.097Z] Error reading register 6507 for IP 10.30.4.128: no connection to modbus server
[2024-11-26T09:52:44.232Z] Error writing to Modbus register: no connection to modbus server
[2024-11-26T09:52:45.111Z] Error reading or processing Modbus registers: no connection to modbus server
[2024-11-26T09:52:45.111Z] Error reading register 6507 for IP 10.30.4.128: no connection to modbus server
[2024-11-26T09:52:45.233Z] Error writing to Modbus register: no connection to modbus server
[2024-11-26T09:52:46.111Z] Error reading or processing Modbus registers: no connection to modbus server
[2024-11-26T09:52:46.111Z] Error reading register 6507 for IP 10.30.4.128: no connection to modbus server
[2024-11-26T09:52:46.248Z] Error writing to Modbus register: no connection to modbus server
[2024-11-26T09:52:47.113Z] Error reading or processing Modbus registers: no connection to modbus server
[2024-11-26T09:52:47.113Z] Error reading register 6507 for IP 10.30.4.128: no connection to modbus server
[2024-11-26T09:52:47.249Z] Error writing to Modbus register: no connection to modbus server
[2024-11-26T09:52:48.113Z] Error reading or processing Modbus registers: no connection to modbus server
[2024-11-26T09:52:48.113Z] Error reading register 6507 for IP 10.30.4.128: no connection to modbus server
[2024-11-26T09:52:48.251Z] Error writing to Modbus register: no connection to modbus server
[2024-11-26T09:52:49.117Z] Error reading or processing Modbus registers: no connection to modbus server
[2024-11-26T09:52:49.117Z] Error reading register 6507 for IP 10.30.4.128: no connection to modbus server
[2024-11-26T09:52:49.253Z] Error writing to Modbus register: no connection to modbus server
[2024-11-26T09:52:50.119Z] Error reading or processing Modbus registers: no connection to modbus server
[2024-11-26T09:52:50.119Z] Error reading register 6507 for IP 10.30.4.128: no connection to modbus server
[2024-11-26T09:52:50.256Z] Error writing to Modbus register: no connection to modbus server
[2024-11-26T09:52:51.119Z] Error reading or processing Modbus registers: no connection to modbus server
[2024-11-26T09:52:51.120Z] Error reading register 6507 for IP 10.30.4.128: no connection to modbus server
[2024-11-26T09:52:51.271Z] Error writing to Modbus register: no connection to modbus server
[2024-11-26T09:52:52.133Z] Error reading or processing Modbus registers: no connection to modbus server
[2024-11-26T09:52:52.133Z] Error reading register 6507 for IP 10.30.4.128: no connection to modbus server
[2024-11-26T09:52:52.271Z] Error writing to Modbus register: no connection to modbus server
[2024-11-26T09:52:53.140Z] Error reading or processing Modbus registers: no connection to modbus server
[2024-11-26T09:52:53.141Z] Error reading register 6507 for IP 10.30.4.128: no connection to modbus server
[2024-11-26T09:52:53.276Z] Error writing to Modbus register: no connection to modbus server
[2024-11-26T09:52:54.151Z] Error reading or processing Modbus registers: no connection to modbus server
[2024-11-26T09:52:54.151Z] Error reading register 6507 for IP 10.30.4.128: no connection to modbus server
[2024-11-26T09:52:54.288Z] Error writing to Modbus register: no connection to modbus server
[2024-11-26T09:52:55.153Z] Error reading or processing Modbus registers: no connection to modbus server
[2024-11-26T09:52:55.153Z] Error reading register 6507 for IP 10.30.4.128: no connection to modbus server
[2024-11-26T09:52:55.290Z] Error writing to Modbus register: no connection to modbus server
[2024-11-26T09:52:56.164Z] Error reading or processing Modbus registers: no connection to modbus server
[2024-11-26T09:52:56.164Z] Error reading register 6507 for IP 10.30.4.128: no connection to modbus server
[2024-11-26T09:52:56.299Z] Error writing to Modbus register: no connection to modbus server
[2024-11-26T09:52:57.176Z] Error reading or processing Modbus registers: no connection to modbus server
[2024-11-26T09:52:57.176Z] Error reading register 6507 for IP 10.30.4.128: no connection to modbus server
[2024-11-26T09:52:57.312Z] Error writing to Modbus register: no connection to modbus server
[2024-11-26T09:52:58.188Z] Error reading or processing Modbus registers: no connection to modbus server
[2024-11-26T09:52:58.188Z] Error reading register 6507 for IP 10.30.4.128: no connection to modbus server
[2024-11-26T09:52:58.324Z] Error writing to Modbus register: no connection to modbus server
[2024-11-26T09:52:59.187Z] Error reading or processing Modbus registers: no connection to modbus server
[2024-11-26T09:52:59.187Z] Error reading register 6507 for IP 10.30.4.128: no connection to modbus server
[2024-11-26T09:52:59.336Z] Error writing to Modbus register: no connection to modbus server
[2024-11-26T09:53:00.200Z] Error reading or processing Modbus registers: no connection to modbus server
[2024-11-26T09:53:00.200Z] Error reading register 6507 for IP 10.30.4.128: no connection to modbus server
[2024-11-26T09:53:00.336Z] Error writing to Modbus register: no connection to modbus server
[2024-11-26T09:53:01.201Z] Error reading or processing Modbus registers: no connection to modbus server
[2024-11-26T09:53:01.202Z] Error reading register 6507 for IP 10.30.4.128: no connection to modbus server
[2024-11-26T09:53:01.338Z] Error writing to Modbus register: no connection to modbus server
[2024-11-26T09:53:02.215Z] Error reading or processing Modbus registers: no connection to modbus server
[2024-11-26T09:53:02.215Z] Error reading register 6507 for IP 10.30.4.128: no connection to modbus server
[2024-11-26T09:53:02.352Z] Error writing to Modbus register: no connection to modbus server
[2024-11-26T09:53:03.216Z] Error reading or processing Modbus registers: no connection to modbus server
[2024-11-26T09:53:03.216Z] Error reading register 6507 for IP 10.30.4.128: no connection to modbus server
[2024-11-26T10:52:15.847Z] Unable to connect to device at 10.30.4.128: read ECONNRESET
[2024-11-26T10:52:15.850Z] Error reading or processing Modbus registers: connection to modbus server closed
[2024-11-26T10:52:15.850Z] Error reading register 6507 for IP 10.30.4.128: rejecting because of earlier OutOfSync error
[2024-11-26T10:52:15.850Z] Error reading register 6507 for IP 10.30.4.128: rejecting because of earlier OutOfSync error
[2024-11-26T10:52:15.850Z] Error writing to Modbus register: rejecting because of earlier OutOfSync error
[2024-11-26T10:52:15.850Z] Error reading or processing Modbus registers: rejecting because of earlier OutOfSync error
[2024-11-26T10:52:15.850Z] Error writing to Modbus register: rejecting because of earlier OutOfSync error
[2024-11-26T10:52:16.422Z] Error reading or processing Modbus registers: no connection to modbus server
[2024-11-26T10:52:16.422Z] Error reading register 6507 for IP 10.30.4.128: no connection to modbus server
[2024-11-26T10:52:16.422Z] Error writing to Modbus register: no connection to modbus server
[2024-11-26T10:52:17.436Z] Error reading or processing Modbus registers: no connection to modbus server
[2024-11-26T10:52:17.437Z] Error reading register 6507 for IP 10.30.4.128: no connection to modbus server
[2024-11-26T10:52:17.437Z] Error writing to Modbus register: no connection to modbus server
[2024-11-26T10:52:18.438Z] Error reading or processing Modbus registers: no connection to modbus server
[2024-11-26T10:52:18.438Z] Error reading register 6507 for IP 10.30.4.128: no connection to modbus server
[2024-11-26T10:52:18.438Z] Error writing to Modbus register: no connection to modbus server
[2024-11-26T10:52:19.450Z] Error reading or processing Modbus registers: no connection to modbus server
[2024-11-26T10:52:19.450Z] Error reading register 6507 for IP 10.30.4.128: no connection to modbus server
[2024-11-26T10:52:19.451Z] Error writing to Modbus register: no connection to modbus server
[2024-11-26T10:52:20.452Z] Error reading or processing Modbus registers: no connection to modbus server
[2024-11-26T10:52:20.453Z] Error reading register 6507 for IP 10.30.4.128: no connection to modbus server
[2024-11-26T10:52:20.454Z] Error writing to Modbus register: no connection to modbus server
[2024-11-26T10:52:21.466Z] Error reading or processing Modbus registers: no connection to modbus server
[2024-11-26T10:52:21.466Z] Error reading register 6507 for IP 10.30.4.128: no connection to modbus server
[2024-11-26T10:52:21.466Z] Error writing to Modbus register: no connection to modbus server
[2024-11-26T10:52:22.478Z] Error reading or processing Modbus registers: no connection to modbus server
[2024-11-26T10:52:22.478Z] Error reading register 6507 for IP 10.30.4.128: no connection to modbus server
[2024-11-26T10:52:22.478Z] Error writing to Modbus register: no connection to modbus server
[2024-11-26T10:52:23.492Z] Error reading or processing Modbus registers: no connection to modbus server
[2024-11-26T10:52:23.492Z] Error reading register 6507 for IP 10.30.4.128: no connection to modbus server
[2024-11-26T10:52:23.492Z] Error writing to Modbus register: no connection to modbus server
[2024-11-26T10:56:20.234Z] Device at 10.30.4.128 is not reachable. Skipping connection attempt.
[2024-11-26T10:56:30.231Z] Device at 10.30.4.128 is not reachable. Skipping connection attempt.
[2024-11-27T00:31:09.723Z] Device at 10.30.4.128 is not reachable. Skipping connection attempt.
[2024-11-27T00:31:19.729Z] Device at 10.30.4.128 is not reachable. Skipping connection attempt.
[2024-11-27T00:31:29.729Z] Device at 10.30.4.128 is not reachable. Skipping connection attempt.
[2024-11-27T00:31:39.734Z] Device at 10.30.4.128 is not reachable. Skipping connection attempt.
[2024-11-27T00:31:49.726Z] Device at 10.30.4.128 is not reachable. Skipping connection attempt.
[2024-11-27T00:31:59.721Z] Device at 10.30.4.128 is not reachable. Skipping connection attempt.
[2024-11-27T00:59:45.912Z] Error reading or processing Modbus registers: Req timed out
[2024-11-27T00:59:46.551Z] Device at 10.30.4.128 is not reachable. Skipping connection attempt.
[2024-11-27T00:59:50.915Z] Error reading register 6507 for IP 10.30.4.128: Req timed out
[2024-11-27T00:59:56.555Z] Device at 10.30.4.128 is not reachable. Skipping connection attempt.
[2024-11-27T01:00:00.934Z] Error writing to Modbus register: Req timed out
[2024-11-27T01:00:02.228Z] Unable to connect to device at 10.30.4.128: read ECONNRESET
[2024-11-27T01:00:02.230Z] Error reading or processing Modbus registers: connection to modbus server closed
[2024-11-27T01:00:02.230Z] Error reading register 6507 for IP 10.30.4.128: rejecting because of earlier OutOfSync error
[2024-11-27T01:00:02.230Z] Error writing to Modbus register: rejecting because of earlier OutOfSync error
[2024-11-27T01:00:02.230Z] Error reading or processing Modbus registers: rejecting because of earlier OutOfSync error
[2024-11-27T01:00:02.231Z] Error reading register 6507 for IP 10.30.4.128: rejecting because of earlier OutOfSync error
[2024-11-27T01:00:02.231Z] Error writing to Modbus register: rejecting because of earlier OutOfSync error
[2024-11-27T01:00:02.231Z] Error reading or processing Modbus registers: rejecting because of earlier OutOfSync error
[2024-11-27T01:00:02.232Z] Error reading register 6507 for IP 10.30.4.128: rejecting because of earlier OutOfSync error
[2024-11-27T01:00:02.232Z] Error writing to Modbus register: rejecting because of earlier OutOfSync error
[2024-11-27T01:00:02.232Z] Error reading or processing Modbus registers: rejecting because of earlier OutOfSync error
[2024-11-27T01:00:02.232Z] Error reading register 6507 for IP 10.30.4.128: rejecting because of earlier OutOfSync error
[2024-11-27T01:00:02.232Z] Error writing to Modbus register: rejecting because of earlier OutOfSync error
[2024-11-27T01:00:02.232Z] Error reading or processing Modbus registers: rejecting because of earlier OutOfSync error
[2024-11-27T01:00:02.232Z] Error reading register 6507 for IP 10.30.4.128: rejecting because of earlier OutOfSync error
[2024-11-27T01:00:02.232Z] Error writing to Modbus register: rejecting because of earlier OutOfSync error
[2024-11-27T01:00:02.233Z] Error reading or processing Modbus registers: rejecting because of earlier OutOfSync error
[2024-11-27T01:00:02.233Z] Error reading register 6507 for IP 10.30.4.128: rejecting because of earlier OutOfSync error
[2024-11-27T01:00:02.233Z] Error writing to Modbus register: rejecting because of earlier OutOfSync error
[2024-11-27T01:00:02.233Z] Error reading or processing Modbus registers: rejecting because of earlier OutOfSync error
[2024-11-27T01:00:02.233Z] Error reading register 6507 for IP 10.30.4.128: rejecting because of earlier OutOfSync error
[2024-11-27T01:00:02.233Z] Error writing to Modbus register: rejecting because of earlier OutOfSync error
[2024-11-27T01:00:02.234Z] Error reading register 6507 for IP 10.30.4.128: rejecting because of earlier OutOfSync error
[2024-11-27T01:00:02.234Z] Error writing to Modbus register: rejecting because of earlier OutOfSync error
[2024-11-27T01:00:02.233Z] Error reading or processing Modbus registers: rejecting because of earlier OutOfSync error
[2024-11-27T01:00:02.234Z] Error reading register 6507 for IP 10.30.4.128: rejecting because of earlier OutOfSync error
[2024-11-27T01:00:02.235Z] Error reading or processing Modbus registers: rejecting because of earlier OutOfSync error
[2024-11-27T01:00:02.234Z] Error reading or processing Modbus registers: rejecting because of earlier OutOfSync error
[2024-11-27T01:00:02.234Z] Error writing to Modbus register: rejecting because of earlier OutOfSync error
[2024-11-27T01:00:02.235Z] Error reading register 6507 for IP 10.30.4.128: rejecting because of earlier OutOfSync error
[2024-11-27T01:00:02.235Z] Error writing to Modbus register: rejecting because of earlier OutOfSync error
[2024-11-27T01:00:02.236Z] Error reading or processing Modbus registers: rejecting because of earlier OutOfSync error
[2024-11-27T01:00:02.236Z] Error reading register 6507 for IP 10.30.4.128: rejecting because of earlier OutOfSync error
[2024-11-27T01:00:02.236Z] Error writing to Modbus register: rejecting because of earlier OutOfSync error
[2024-11-27T01:00:02.237Z] Error reading or processing Modbus registers: rejecting because of earlier OutOfSync error
[2024-11-27T01:00:02.237Z] Error reading register 6507 for IP 10.30.4.128: rejecting because of earlier OutOfSync error
[2024-11-27T01:00:02.237Z] Error writing to Modbus register: rejecting because of earlier OutOfSync error
[2024-11-27T01:00:02.238Z] Error reading or processing Modbus registers: rejecting because of earlier OutOfSync error
[2024-11-27T01:00:02.238Z] Error reading register 6507 for IP 10.30.4.128: rejecting because of earlier OutOfSync error
[2024-11-27T01:00:02.238Z] Error writing to Modbus register: rejecting because of earlier OutOfSync error
[2024-11-27T01:00:02.238Z] Error reading or processing Modbus registers: rejecting because of earlier OutOfSync error
[2024-11-27T01:00:02.239Z] Error reading register 6507 for IP 10.30.4.128: rejecting because of earlier OutOfSync error
[2024-11-27T01:00:02.239Z] Error writing to Modbus register: rejecting because of earlier OutOfSync error
[2024-11-27T01:00:02.239Z] Error reading or processing Modbus registers: rejecting because of earlier OutOfSync error
[2024-11-27T01:00:02.239Z] Error reading register 6507 for IP 10.30.4.128: rejecting because of earlier OutOfSync error
[2024-11-27T01:00:02.240Z] Error writing to Modbus register: rejecting because of earlier OutOfSync error
[2024-11-27T01:00:02.240Z] Error reading or processing Modbus registers: rejecting because of earlier OutOfSync error
[2024-11-27T01:00:02.240Z] Error reading register 6507 for IP 10.30.4.128: rejecting because of earlier OutOfSync error
[2024-11-27T01:00:02.240Z] Error writing to Modbus register: rejecting because of earlier OutOfSync error
[2024-11-27T01:00:02.241Z] Error reading or processing Modbus registers: rejecting because of earlier OutOfSync error
[2024-11-27T01:00:02.241Z] Error reading register 6507 for IP 10.30.4.128: rejecting because of earlier OutOfSync error
[2024-11-27T01:00:02.241Z] Error writing to Modbus register: rejecting because of earlier OutOfSync error
[2024-11-27T01:00:02.241Z] Error reading or processing Modbus registers: rejecting because of earlier OutOfSync error
[2024-11-27T01:00:02.241Z] Error reading register 6507 for IP 10.30.4.128: rejecting because of earlier OutOfSync error
[2024-11-27T01:00:02.241Z] Error reading or processing Modbus registers: rejecting because of earlier OutOfSync error
[2024-11-27T01:00:02.241Z] Error writing to Modbus register: rejecting because of earlier OutOfSync error
[2024-11-27T01:00:02.241Z] Error reading register 6507 for IP 10.30.4.128: rejecting because of earlier OutOfSync error
[2024-11-27T01:00:02.242Z] Error writing to Modbus register: rejecting because of earlier OutOfSync error
[2024-11-27T01:00:02.242Z] Error reading register 6507 for IP 10.30.4.128: rejecting because of earlier OutOfSync error
[2024-11-27T01:00:02.242Z] Error reading or processing Modbus registers: rejecting because of earlier OutOfSync error
[2024-11-27T01:00:02.242Z] Error reading or processing Modbus registers: rejecting because of earlier OutOfSync error
[2024-11-27T01:00:02.242Z] Error reading register 6507 for IP 10.30.4.128: rejecting because of earlier OutOfSync error
[2024-11-27T01:00:02.242Z] Error writing to Modbus register: rejecting because of earlier OutOfSync error
[2024-11-27T01:00:02.241Z] Error writing to Modbus register: rejecting because of earlier OutOfSync error
[2024-11-27T01:00:03.057Z] Error reading or processing Modbus registers: no connection to modbus server
[2024-11-27T01:00:03.057Z] Error reading register 6507 for IP 10.30.4.128: no connection to modbus server
[2024-11-27T01:00:03.058Z] Error writing to Modbus register: no connection to modbus server
[2024-11-27T01:00:04.072Z] Error reading or processing Modbus registers: no connection to modbus server
[2024-11-27T01:00:04.072Z] Error reading register 6507 for IP 10.30.4.128: no connection to modbus server
[2024-11-27T01:00:04.073Z] Error writing to Modbus register: no connection to modbus server
[2024-11-27T01:00:05.077Z] Error reading or processing Modbus registers: no connection to modbus server
[2024-11-27T01:00:05.077Z] Error reading register 6507 for IP 10.30.4.128: no connection to modbus server
[2024-11-27T01:00:05.078Z] Error writing to Modbus register: no connection to modbus server
[2024-11-27T01:00:06.090Z] Error reading or processing Modbus registers: no connection to modbus server
[2024-11-27T01:00:06.090Z] Error reading register 6507 for IP 10.30.4.128: no connection to modbus server
[2024-11-27T01:00:06.090Z] Error writing to Modbus register: no connection to modbus server
[2024-11-27T01:00:07.104Z] Error reading or processing Modbus registers: no connection to modbus server
[2024-11-27T01:00:07.104Z] Error reading register 6507 for IP 10.30.4.128: no connection to modbus server
[2024-11-27T01:00:07.104Z] Error writing to Modbus register: no connection to modbus server
[2024-11-27T01:00:08.106Z] Error reading or processing Modbus registers: no connection to modbus server
[2024-11-27T01:00:08.106Z] Error reading register 6507 for IP 10.30.4.128: no connection to modbus server
[2024-11-27T01:00:08.107Z] Error writing to Modbus register: no connection to modbus server
[2024-11-27T01:00:09.119Z] Error reading or processing Modbus registers: no connection to modbus server
[2024-11-27T01:00:09.119Z] Error reading register 6507 for IP 10.30.4.128: no connection to modbus server
[2024-11-27T01:00:09.119Z] Error writing to Modbus register: no connection to modbus server
[2024-11-27T01:00:10.119Z] Error reading or processing Modbus registers: no connection to modbus server
[2024-11-27T01:00:10.119Z] Error reading register 6507 for IP 10.30.4.128: no connection to modbus server
[2024-11-27T01:00:10.120Z] Error writing to Modbus register: no connection to modbus server
[2024-11-27T01:00:11.131Z] Error reading or processing Modbus registers: no connection to modbus server
[2024-11-27T01:00:11.131Z] Error reading register 6507 for IP 10.30.4.128: no connection to modbus server
[2024-11-27T01:00:11.132Z] Error writing to Modbus register: no connection to modbus server
[2024-11-27T01:00:12.133Z] Error reading or processing Modbus registers: no connection to modbus server
[2024-11-27T01:00:12.134Z] Error reading register 6507 for IP 10.30.4.128: no connection to modbus server
[2024-11-27T01:00:12.134Z] Error writing to Modbus register: no connection to modbus server
[2024-11-27T01:00:13.136Z] Error reading or processing Modbus registers: no connection to modbus server
[2024-11-27T01:00:13.136Z] Error reading register 6507 for IP 10.30.4.128: no connection to modbus server
[2024-11-27T01:00:13.136Z] Error writing to Modbus register: no connection to modbus server
[2024-11-27T01:00:14.137Z] Error reading or processing Modbus registers: no connection to modbus server
[2024-11-27T01:00:14.137Z] Error reading register 6507 for IP 10.30.4.128: no connection to modbus server
[2024-11-27T01:00:14.137Z] Error writing to Modbus register: no connection to modbus server
[2024-11-27T01:00:15.137Z] Error reading or processing Modbus registers: no connection to modbus server
[2024-11-27T01:00:15.137Z] Error reading register 6507 for IP 10.30.4.128: no connection to modbus server
[2024-11-27T01:00:15.137Z] Error writing to Modbus register: no connection to modbus server
[2024-11-27T01:00:16.141Z] Error reading or processing Modbus registers: no connection to modbus server
[2024-11-27T01:00:16.141Z] Error reading register 6507 for IP 10.30.4.128: no connection to modbus server
[2024-11-27T01:00:16.141Z] Error writing to Modbus register: no connection to modbus server
[2024-11-27T01:00:17.156Z] Error reading or processing Modbus registers: no connection to modbus server
[2024-11-27T01:00:17.156Z] Error reading register 6507 for IP 10.30.4.128: no connection to modbus server
[2024-11-27T01:00:17.157Z] Error writing to Modbus register: no connection to modbus server
[2024-11-27T01:00:18.169Z] Error reading or processing Modbus registers: no connection to modbus server
[2024-11-27T01:00:18.169Z] Error reading register 6507 for IP 10.30.4.128: no connection to modbus server
[2024-11-27T01:00:18.170Z] Error writing to Modbus register: no connection to modbus server
[2024-11-27T01:00:19.170Z] Error reading or processing Modbus registers: no connection to modbus server
[2024-11-27T01:00:19.170Z] Error reading register 6507 for IP 10.30.4.128: no connection to modbus server
[2024-11-27T01:00:19.171Z] Error writing to Modbus register: no connection to modbus server
[2024-11-27T01:00:20.172Z] Error reading or processing Modbus registers: no connection to modbus server
[2024-11-27T01:00:20.172Z] Error reading register 6507 for IP 10.30.4.128: no connection to modbus server
[2024-11-27T01:00:20.172Z] Error writing to Modbus register: no connection to modbus server
[2024-11-27T01:00:21.174Z] Error reading or processing Modbus registers: no connection to modbus server
[2024-11-27T01:00:21.174Z] Error reading register 6507 for IP 10.30.4.128: no connection to modbus server
[2024-11-27T01:00:21.175Z] Error writing to Modbus register: no connection to modbus server
[2024-11-27T01:00:22.177Z] Error reading or processing Modbus registers: no connection to modbus server
[2024-11-27T01:00:22.177Z] Error reading register 6507 for IP 10.30.4.128: no connection to modbus server
[2024-11-27T01:00:22.179Z] Error writing to Modbus register: no connection to modbus server
[2024-11-27T01:00:23.182Z] Error reading or processing Modbus registers: no connection to modbus server
[2024-11-27T01:00:23.182Z] Error reading register 6507 for IP 10.30.4.128: no connection to modbus server
[2024-11-27T01:00:23.182Z] Error writing to Modbus register: no connection to modbus server
[2024-11-27T01:00:24.197Z] Error reading or processing Modbus registers: no connection to modbus server
[2024-11-27T01:00:24.197Z] Error reading register 6507 for IP 10.30.4.128: no connection to modbus server
[2024-11-27T01:00:24.197Z] Error writing to Modbus register: no connection to modbus server
[2024-11-27T01:00:25.211Z] Error reading or processing Modbus registers: no connection to modbus server
[2024-11-27T01:00:25.211Z] Error reading register 6507 for IP 10.30.4.128: no connection to modbus server
[2024-11-27T01:00:25.211Z] Error writing to Modbus register: no connection to modbus server
[2024-11-27T01:00:26.223Z] Error reading or processing Modbus registers: no connection to modbus server
[2024-11-27T01:00:26.224Z] Error reading register 6507 for IP 10.30.4.128: no connection to modbus server
[2024-11-27T01:00:26.224Z] Error writing to Modbus register: no connection to modbus server
[2024-11-27T01:00:27.226Z] Error reading or processing Modbus registers: no connection to modbus server
[2024-11-27T01:00:27.226Z] Error reading register 6507 for IP 10.30.4.128: no connection to modbus server
[2024-11-27T01:00:27.226Z] Error writing to Modbus register: no connection to modbus server
[2024-11-27T01:00:28.227Z] Error reading or processing Modbus registers: no connection to modbus server
[2024-11-27T01:00:28.227Z] Error reading register 6507 for IP 10.30.4.128: no connection to modbus server
[2024-11-27T01:00:28.227Z] Error writing to Modbus register: no connection to modbus server
[2024-11-27T01:00:29.229Z] Error reading or processing Modbus registers: no connection to modbus server
[2024-11-27T01:00:29.229Z] Error reading register 6507 for IP 10.30.4.128: no connection to modbus server
[2024-11-27T01:00:29.230Z] Error writing to Modbus register: no connection to modbus server
[2024-11-27T01:00:30.232Z] Error reading or processing Modbus registers: no connection to modbus server
[2024-11-27T01:00:30.232Z] Error reading register 6507 for IP 10.30.4.128: no connection to modbus server
[2024-11-27T01:00:30.233Z] Error writing to Modbus register: no connection to modbus server
[2024-11-27T01:00:31.235Z] Error reading or processing Modbus registers: no connection to modbus server
[2024-11-27T01:00:31.235Z] Error reading register 6507 for IP 10.30.4.128: no connection to modbus server
[2024-11-27T01:00:31.235Z] Error writing to Modbus register: no connection to modbus server
[2024-11-27T01:00:32.249Z] Error reading or processing Modbus registers: no connection to modbus server
[2024-11-27T01:00:32.249Z] Error reading register 6507 for IP 10.30.4.128: no connection to modbus server
[2024-11-27T01:00:32.249Z] Error writing to Modbus register: no connection to modbus server
[2024-11-27T01:00:33.264Z] Error reading or processing Modbus registers: no connection to modbus server
[2024-11-27T01:00:33.264Z] Error reading register 6507 for IP 10.30.4.128: no connection to modbus server
[2024-11-27T01:00:33.264Z] Error writing to Modbus register: no connection to modbus server
[2024-11-27T01:00:34.279Z] Error reading or processing Modbus registers: no connection to modbus server
[2024-11-27T01:00:34.279Z] Error reading register 6507 for IP 10.30.4.128: no connection to modbus server
[2024-11-27T01:00:34.279Z] Error writing to Modbus register: no connection to modbus server
[2024-11-27T01:00:35.281Z] Error reading or processing Modbus registers: no connection to modbus server
[2024-11-27T01:00:35.282Z] Error reading register 6507 for IP 10.30.4.128: no connection to modbus server
[2024-11-27T01:00:35.282Z] Error writing to Modbus register: no connection to modbus server
[2024-11-27T01:00:36.296Z] Error reading or processing Modbus registers: no connection to modbus server
[2024-11-27T01:00:36.296Z] Error reading register 6507 for IP 10.30.4.128: no connection to modbus server
[2024-11-27T01:00:36.296Z] Error writing to Modbus register: no connection to modbus server
[2024-11-27T01:00:37.310Z] Error reading or processing Modbus registers: no connection to modbus server
[2024-11-27T01:00:37.310Z] Error reading register 6507 for IP 10.30.4.128: no connection to modbus server
[2024-11-27T01:00:37.310Z] Error writing to Modbus register: no connection to modbus server
[2024-11-27T01:00:38.325Z] Error reading or processing Modbus registers: no connection to modbus server
[2024-11-27T01:00:38.325Z] Error reading register 6507 for IP 10.30.4.128: no connection to modbus server
[2024-11-27T01:00:38.325Z] Error writing to Modbus register: no connection to modbus server
[2024-11-27T01:03:01.048Z] Device at 10.30.4.128 is not reachable. Skipping connection attempt.
[2024-11-27T01:03:01.259Z] Error reading or processing Modbus registers: Req timed out
[2024-11-27T01:03:06.262Z] Error reading register 6507 for IP 10.30.4.128: Req timed out
[2024-11-27T01:03:08.561Z] Device at 10.30.4.128 is not reachable. Skipping connection attempt.
[2024-11-27T01:03:15.203Z] Unable to connect to device at 10.30.4.128: read ECONNRESET
[2024-11-27T01:03:15.207Z] Error writing to Modbus register: connection to modbus server closed
[2024-11-27T01:03:15.207Z] Error reading or processing Modbus registers: rejecting because of earlier OutOfSync error
[2024-11-27T01:03:15.208Z] Error reading register 6507 for IP 10.30.4.128: rejecting because of earlier OutOfSync error
[2024-11-27T01:03:15.208Z] Error writing to Modbus register: rejecting because of earlier OutOfSync error
[2024-11-27T01:03:15.208Z] Error reading or processing Modbus registers: rejecting because of earlier OutOfSync error
[2024-11-27T01:03:15.208Z] Error reading register 6507 for IP 10.30.4.128: rejecting because of earlier OutOfSync error
[2024-11-27T01:03:15.208Z] Error reading or processing Modbus registers: rejecting because of earlier OutOfSync error
[2024-11-27T01:03:15.208Z] Error reading register 6507 for IP 10.30.4.128: rejecting because of earlier OutOfSync error
[2024-11-27T01:03:15.208Z] Error writing to Modbus register: rejecting because of earlier OutOfSync error
[2024-11-27T01:03:15.208Z] Error reading or processing Modbus registers: rejecting because of earlier OutOfSync error
[2024-11-27T01:03:15.208Z] Error reading register 6507 for IP 10.30.4.128: rejecting because of earlier OutOfSync error
[2024-11-27T01:03:15.208Z] Error writing to Modbus register: rejecting because of earlier OutOfSync error
[2024-11-27T01:03:15.208Z] Error reading or processing Modbus registers: rejecting because of earlier OutOfSync error
[2024-11-27T01:03:15.208Z] Error reading register 6507 for IP 10.30.4.128: rejecting because of earlier OutOfSync error
[2024-11-27T01:03:15.208Z] Error writing to Modbus register: rejecting because of earlier OutOfSync error
[2024-11-27T01:03:15.208Z] Error reading or processing Modbus registers: rejecting because of earlier OutOfSync error
[2024-11-27T01:03:15.208Z] Error writing to Modbus register: rejecting because of earlier OutOfSync error
[2024-11-27T01:03:15.208Z] Error reading register 6507 for IP 10.30.4.128: rejecting because of earlier OutOfSync error
[2024-11-27T01:03:15.208Z] Error writing to Modbus register: rejecting because of earlier OutOfSync error
[2024-11-27T01:03:15.208Z] Error reading or processing Modbus registers: rejecting because of earlier OutOfSync error
[2024-11-27T01:03:15.209Z] Error reading register 6507 for IP 10.30.4.128: rejecting because of earlier OutOfSync error
[2024-11-27T01:03:15.209Z] Error reading or processing Modbus registers: rejecting because of earlier OutOfSync error
[2024-11-27T01:03:15.209Z] Error reading register 6507 for IP 10.30.4.128: rejecting because of earlier OutOfSync error
[2024-11-27T01:03:15.209Z] Error writing to Modbus register: rejecting because of earlier OutOfSync error
[2024-11-27T01:03:15.209Z] Error writing to Modbus register: rejecting because of earlier OutOfSync error
[2024-11-27T01:03:15.209Z] Error reading or processing Modbus registers: rejecting because of earlier OutOfSync error
[2024-11-27T01:03:15.209Z] Error reading register 6507 for IP 10.30.4.128: rejecting because of earlier OutOfSync error
[2024-11-27T01:03:15.209Z] Error writing to Modbus register: rejecting because of earlier OutOfSync error
[2024-11-27T01:03:15.209Z] Error reading or processing Modbus registers: rejecting because of earlier OutOfSync error
[2024-11-27T01:03:15.209Z] Error reading register 6507 for IP 10.30.4.128: rejecting because of earlier OutOfSync error
[2024-11-27T01:03:15.209Z] Error writing to Modbus register: rejecting because of earlier OutOfSync error
[2024-11-27T01:03:15.209Z] Error reading or processing Modbus registers: rejecting because of earlier OutOfSync error
[2024-11-27T01:03:15.209Z] Error reading register 6507 for IP 10.30.4.128: rejecting because of earlier OutOfSync error
[2024-11-27T01:03:15.209Z] Error writing to Modbus register: rejecting because of earlier OutOfSync error
[2024-11-27T01:03:15.209Z] Error reading or processing Modbus registers: rejecting because of earlier OutOfSync error
[2024-11-27T01:03:15.209Z] Error reading register 6507 for IP 10.30.4.128: rejecting because of earlier OutOfSync error
[2024-11-27T01:03:15.209Z] Error writing to Modbus register: rejecting because of earlier OutOfSync error
[2024-11-27T01:03:15.209Z] Error reading or processing Modbus registers: rejecting because of earlier OutOfSync error
[2024-11-27T01:03:15.209Z] Error reading register 6507 for IP 10.30.4.128: rejecting because of earlier OutOfSync error
[2024-11-27T01:03:15.209Z] Error reading or processing Modbus registers: rejecting because of earlier OutOfSync error
[2024-11-27T01:03:15.209Z] Error reading register 6507 for IP 10.30.4.128: rejecting because of earlier OutOfSync error
[2024-11-27T01:03:15.209Z] Error writing to Modbus register: rejecting because of earlier OutOfSync error
[2024-11-27T01:03:15.210Z] Error writing to Modbus register: rejecting because of earlier OutOfSync error
[2024-11-27T01:03:15.210Z] Error reading register 6507 for IP 10.30.4.128: rejecting because of earlier OutOfSync error
[2024-11-27T01:03:15.210Z] Error reading or processing Modbus registers: rejecting because of earlier OutOfSync error
[2024-11-27T01:03:15.210Z] Error writing to Modbus register: rejecting because of earlier OutOfSync error
[2024-11-27T01:03:15.210Z] Error reading or processing Modbus registers: rejecting because of earlier OutOfSync error
[2024-11-27T01:03:15.210Z] Error reading register 6507 for IP 10.30.4.128: rejecting because of earlier OutOfSync error
[2024-11-27T01:03:15.210Z] Error reading or processing Modbus registers: rejecting because of earlier OutOfSync error
[2024-11-27T01:03:15.210Z] Error reading register 6507 for IP 10.30.4.128: rejecting because of earlier OutOfSync error
[2024-11-27T01:03:15.210Z] Error writing to Modbus register: rejecting because of earlier OutOfSync error
[2024-11-27T01:03:15.210Z] Error writing to Modbus register: rejecting because of earlier OutOfSync error
[2024-11-27T01:03:15.210Z] Error reading or processing Modbus registers: rejecting because of earlier OutOfSync error
[2024-11-27T01:03:15.210Z] Error reading register 6507 for IP 10.30.4.128: rejecting because of earlier OutOfSync error
[2024-11-27T01:03:15.210Z] Error writing to Modbus register: rejecting because of earlier OutOfSync error
[2024-11-27T01:03:15.403Z] Error reading or processing Modbus registers: no connection to modbus server
[2024-11-27T01:03:15.404Z] Error reading register 6507 for IP 10.30.4.128: no connection to modbus server
[2024-11-27T01:03:15.404Z] Error writing to Modbus register: no connection to modbus server
[2024-11-27T01:03:16.407Z] Error reading or processing Modbus registers: no connection to modbus server
[2024-11-27T01:03:16.407Z] Error reading register 6507 for IP 10.30.4.128: no connection to modbus server
[2024-11-27T01:03:16.407Z] Error writing to Modbus register: no connection to modbus server
[2024-11-27T01:03:17.409Z] Error reading or processing Modbus registers: no connection to modbus server
[2024-11-27T01:03:17.409Z] Error reading register 6507 for IP 10.30.4.128: no connection to modbus server
[2024-11-27T01:03:17.409Z] Error writing to Modbus register: no connection to modbus server
[2024-11-27T01:03:18.415Z] Error reading or processing Modbus registers: no connection to modbus server
[2024-11-27T01:03:18.415Z] Error reading register 6507 for IP 10.30.4.128: no connection to modbus server
[2024-11-27T01:03:18.415Z] Error writing to Modbus register: no connection to modbus server
[2024-11-27T01:03:19.418Z] Error reading or processing Modbus registers: no connection to modbus server
[2024-11-27T01:03:19.418Z] Error reading register 6507 for IP 10.30.4.128: no connection to modbus server
[2024-11-27T01:03:19.419Z] Error writing to Modbus register: no connection to modbus server
[2024-11-27T01:03:20.422Z] Error reading or processing Modbus registers: no connection to modbus server
[2024-11-27T01:03:20.422Z] Error reading register 6507 for IP 10.30.4.128: no connection to modbus server
[2024-11-27T01:03:20.423Z] Error writing to Modbus register: no connection to modbus server
[2024-11-27T01:03:21.423Z] Error reading or processing Modbus registers: no connection to modbus server
[2024-11-27T01:03:21.423Z] Error reading register 6507 for IP 10.30.4.128: no connection to modbus server
[2024-11-27T01:03:21.423Z] Error writing to Modbus register: no connection to modbus server
[2024-11-27T01:03:22.425Z] Error reading or processing Modbus registers: no connection to modbus server
[2024-11-27T01:03:22.425Z] Error reading register 6507 for IP 10.30.4.128: no connection to modbus server
[2024-11-27T01:03:22.425Z] Error writing to Modbus register: no connection to modbus server
[2024-11-27T01:05:43.823Z] Error reading or processing Modbus registers: Req timed out
[2024-11-27T01:05:48.830Z] Error reading register 6507 for IP 10.30.4.128: Req timed out
[2024-11-27T01:05:49.035Z] Device at 10.30.4.128 is not reachable. Skipping connection attempt.
[2024-11-27T01:05:57.738Z] Unable to connect to device at 10.30.4.128: read ECONNRESET
[2024-11-27T01:05:57.740Z] Error writing to Modbus register: connection to modbus server closed
[2024-11-27T01:05:57.740Z] Error reading or processing Modbus registers: rejecting because of earlier OutOfSync error
[2024-11-27T01:05:57.740Z] Error reading register 6507 for IP 10.30.4.128: rejecting because of earlier OutOfSync error
[2024-11-27T01:05:57.740Z] Error writing to Modbus register: rejecting because of earlier OutOfSync error
[2024-11-27T01:05:57.740Z] Error reading or processing Modbus registers: rejecting because of earlier OutOfSync error
[2024-11-27T01:05:57.741Z] Error reading register 6507 for IP 10.30.4.128: rejecting because of earlier OutOfSync error
[2024-11-27T01:05:57.741Z] Error writing to Modbus register: rejecting because of earlier OutOfSync error
[2024-11-27T01:05:57.741Z] Error reading or processing Modbus registers: rejecting because of earlier OutOfSync error
[2024-11-27T01:05:57.741Z] Error reading register 6507 for IP 10.30.4.128: rejecting because of earlier OutOfSync error
[2024-11-27T01:05:57.741Z] Error writing to Modbus register: rejecting because of earlier OutOfSync error
[2024-11-27T01:05:57.741Z] Error reading or processing Modbus registers: rejecting because of earlier OutOfSync error
[2024-11-27T01:05:57.741Z] Error reading register 6507 for IP 10.30.4.128: rejecting because of earlier OutOfSync error
[2024-11-27T01:05:57.741Z] Error writing to Modbus register: rejecting because of earlier OutOfSync error
[2024-11-27T01:05:57.741Z] Error reading or processing Modbus registers: rejecting because of earlier OutOfSync error
[2024-11-27T01:05:57.741Z] Error reading register 6507 for IP 10.30.4.128: rejecting because of earlier OutOfSync error
[2024-11-27T01:05:57.741Z] Error writing to Modbus register: rejecting because of earlier OutOfSync error
[2024-11-27T01:05:57.741Z] Error reading or processing Modbus registers: rejecting because of earlier OutOfSync error
[2024-11-27T01:05:57.741Z] Error reading register 6507 for IP 10.30.4.128: rejecting because of earlier OutOfSync error
[2024-11-27T01:05:57.741Z] Error writing to Modbus register: rejecting because of earlier OutOfSync error
[2024-11-27T01:05:57.741Z] Error reading or processing Modbus registers: rejecting because of earlier OutOfSync error
[2024-11-27T01:05:57.741Z] Error reading register 6507 for IP 10.30.4.128: rejecting because of earlier OutOfSync error
[2024-11-27T01:05:57.741Z] Error writing to Modbus register: rejecting because of earlier OutOfSync error
[2024-11-27T01:05:57.741Z] Error reading or processing Modbus registers: rejecting because of earlier OutOfSync error
[2024-11-27T01:05:57.742Z] Error reading register 6507 for IP 10.30.4.128: rejecting because of earlier OutOfSync error
[2024-11-27T01:05:57.742Z] Error writing to Modbus register: rejecting because of earlier OutOfSync error
[2024-11-27T01:05:57.742Z] Error reading or processing Modbus registers: rejecting because of earlier OutOfSync error
[2024-11-27T01:05:57.742Z] Error reading register 6507 for IP 10.30.4.128: rejecting because of earlier OutOfSync error
[2024-11-27T01:05:57.742Z] Error writing to Modbus register: rejecting because of earlier OutOfSync error
[2024-11-27T01:05:57.742Z] Error reading or processing Modbus registers: rejecting because of earlier OutOfSync error
[2024-11-27T01:05:57.742Z] Error reading register 6507 for IP 10.30.4.128: rejecting because of earlier OutOfSync error
[2024-11-27T01:05:57.742Z] Error writing to Modbus register: rejecting because of earlier OutOfSync error
[2024-11-27T01:05:57.742Z] Error reading or processing Modbus registers: rejecting because of earlier OutOfSync error
[2024-11-27T01:05:57.742Z] Error reading register 6507 for IP 10.30.4.128: rejecting because of earlier OutOfSync error
[2024-11-27T01:05:57.742Z] Error writing to Modbus register: rejecting because of earlier OutOfSync error
[2024-11-27T01:05:57.742Z] Error reading or processing Modbus registers: rejecting because of earlier OutOfSync error
[2024-11-27T01:05:57.742Z] Error reading register 6507 for IP 10.30.4.128: rejecting because of earlier OutOfSync error
[2024-11-27T01:05:57.742Z] Error reading or processing Modbus registers: rejecting because of earlier OutOfSync error
[2024-11-27T01:05:57.742Z] Error reading register 6507 for IP 10.30.4.128: rejecting because of earlier OutOfSync error
[2024-11-27T01:05:57.742Z] Error writing to Modbus register: rejecting because of earlier OutOfSync error
[2024-11-27T01:05:57.742Z] Error reading or processing Modbus registers: rejecting because of earlier OutOfSync error
[2024-11-27T01:05:57.742Z] Error reading register 6507 for IP 10.30.4.128: rejecting because of earlier OutOfSync error
[2024-11-27T01:05:57.742Z] Error writing to Modbus register: rejecting because of earlier OutOfSync error
[2024-11-27T01:05:57.743Z] Error reading or processing Modbus registers: rejecting because of earlier OutOfSync error
[2024-11-27T01:05:57.743Z] Error reading register 6507 for IP 10.30.4.128: rejecting because of earlier OutOfSync error
[2024-11-27T01:05:57.743Z] Error writing to Modbus register: rejecting because of earlier OutOfSync error
[2024-11-27T01:05:57.743Z] Error reading or processing Modbus registers: rejecting because of earlier OutOfSync error
[2024-11-27T01:05:57.743Z] Error reading register 6507 for IP 10.30.4.128: rejecting because of earlier OutOfSync error
[2024-11-27T01:05:57.743Z] Error writing to Modbus register: rejecting because of earlier OutOfSync error
[2024-11-27T01:05:57.743Z] Error reading or processing Modbus registers: rejecting because of earlier OutOfSync error
[2024-11-27T01:05:57.743Z] Error reading register 6507 for IP 10.30.4.128: rejecting because of earlier OutOfSync error
[2024-11-27T01:05:57.743Z] Error writing to Modbus register: rejecting because of earlier OutOfSync error
[2024-11-27T01:05:57.743Z] Error reading or processing Modbus registers: rejecting because of earlier OutOfSync error
[2024-11-27T01:05:57.743Z] Error reading register 6507 for IP 10.30.4.128: rejecting because of earlier OutOfSync error
[2024-11-27T01:05:57.742Z] Error writing to Modbus register: rejecting because of earlier OutOfSync error
[2024-11-27T01:05:57.743Z] Error writing to Modbus register: rejecting because of earlier OutOfSync error
[2024-11-27T01:05:57.908Z] Error reading or processing Modbus registers: no connection to modbus server
[2024-11-27T01:05:57.908Z] Error reading register 6507 for IP 10.30.4.128: no connection to modbus server
[2024-11-27T01:05:57.909Z] Error writing to Modbus register: no connection to modbus server
[2024-11-27T01:05:58.923Z] Error reading or processing Modbus registers: no connection to modbus server
[2024-11-27T01:05:58.924Z] Error reading register 6507 for IP 10.30.4.128: no connection to modbus server
[2024-11-27T01:05:58.924Z] Error writing to Modbus register: no connection to modbus server
[2024-11-27T01:05:59.925Z] Error reading or processing Modbus registers: no connection to modbus server
[2024-11-27T01:05:59.925Z] Error reading register 6507 for IP 10.30.4.128: no connection to modbus server
[2024-11-27T01:05:59.926Z] Error writing to Modbus register: no connection to modbus server
[2024-11-27T01:06:00.928Z] Error reading or processing Modbus registers: no connection to modbus server
[2024-11-27T01:06:00.928Z] Error reading register 6507 for IP 10.30.4.128: no connection to modbus server
[2024-11-27T01:06:00.928Z] Error writing to Modbus register: no connection to modbus server
[2024-11-27T01:06:01.931Z] Error reading or processing Modbus registers: no connection to modbus server
[2024-11-27T01:06:01.932Z] Error reading register 6507 for IP 10.30.4.128: no connection to modbus server
[2024-11-27T01:06:01.932Z] Error writing to Modbus register: no connection to modbus server
[2024-11-27T01:06:02.934Z] Error reading or processing Modbus registers: no connection to modbus server
[2024-11-27T01:06:02.934Z] Error reading register 6507 for IP 10.30.4.128: no connection to modbus server
[2024-11-27T01:06:02.935Z] Error writing to Modbus register: no connection to modbus server
[2024-11-27T01:06:03.947Z] Error reading or processing Modbus registers: no connection to modbus server
[2024-11-27T01:06:03.947Z] Error reading register 6507 for IP 10.30.4.128: no connection to modbus server
[2024-11-27T01:06:03.947Z] Error writing to Modbus register: no connection to modbus server
[2024-11-27T01:06:04.950Z] Error reading or processing Modbus registers: no connection to modbus server
[2024-11-27T01:06:04.950Z] Error reading register 6507 for IP 10.30.4.128: no connection to modbus server
[2024-11-27T01:06:04.950Z] Error writing to Modbus register: no connection to modbus server
[2024-11-27T01:06:05.952Z] Error reading or processing Modbus registers: no connection to modbus server
[2024-11-27T01:06:05.953Z] Error reading register 6507 for IP 10.30.4.128: no connection to modbus server
[2024-11-27T01:06:05.953Z] Error writing to Modbus register: no connection to modbus server
[2024-11-27T01:06:06.954Z] Error reading or processing Modbus registers: no connection to modbus server
[2024-11-27T01:06:06.954Z] Error reading register 6507 for IP 10.30.4.128: no connection to modbus server
[2024-11-27T01:06:06.954Z] Error writing to Modbus register: no connection to modbus server
[2024-11-27T01:17:34.025Z] Error reading or processing Modbus registers: Req timed out
[2024-11-27T01:17:38.539Z] Device at 10.30.4.128 is not reachable. Skipping connection attempt.
[2024-11-27T01:17:39.040Z] Error reading register 6507 for IP 10.30.4.128: Req timed out
[2024-11-27T01:17:46.539Z] Device at 10.30.4.128 is not reachable. Skipping connection attempt.
[2024-11-27T01:17:47.951Z] Unable to connect to device at 10.30.4.128: read ECONNRESET
[2024-11-27T01:17:47.953Z] Error writing to Modbus register: connection to modbus server closed
[2024-11-27T01:17:47.953Z] Error reading or processing Modbus registers: rejecting because of earlier OutOfSync error
[2024-11-27T01:17:47.953Z] Error reading register 6507 for IP 10.30.4.128: rejecting because of earlier OutOfSync error
[2024-11-27T01:17:47.953Z] Error writing to Modbus register: rejecting because of earlier OutOfSync error
[2024-11-27T01:17:47.953Z] Error reading or processing Modbus registers: rejecting because of earlier OutOfSync error
[2024-11-27T01:17:47.953Z] Error reading register 6507 for IP 10.30.4.128: rejecting because of earlier OutOfSync error
[2024-11-27T01:17:47.953Z] Error writing to Modbus register: rejecting because of earlier OutOfSync error
[2024-11-27T01:17:47.953Z] Error reading or processing Modbus registers: rejecting because of earlier OutOfSync error
[2024-11-27T01:17:47.953Z] Error reading register 6507 for IP 10.30.4.128: rejecting because of earlier OutOfSync error
[2024-11-27T01:17:47.953Z] Error writing to Modbus register: rejecting because of earlier OutOfSync error
[2024-11-27T01:17:47.953Z] Error reading or processing Modbus registers: rejecting because of earlier OutOfSync error
[2024-11-27T01:17:47.953Z] Error reading register 6507 for IP 10.30.4.128: rejecting because of earlier OutOfSync error
[2024-11-27T01:17:47.953Z] Error writing to Modbus register: rejecting because of earlier OutOfSync error
[2024-11-27T01:17:47.953Z] Error reading or processing Modbus registers: rejecting because of earlier OutOfSync error
[2024-11-27T01:17:47.953Z] Error reading register 6507 for IP 10.30.4.128: rejecting because of earlier OutOfSync error
[2024-11-27T01:17:47.953Z] Error writing to Modbus register: rejecting because of earlier OutOfSync error
[2024-11-27T01:17:47.953Z] Error reading or processing Modbus registers: rejecting because of earlier OutOfSync error
[2024-11-27T01:17:47.954Z] Error reading register 6507 for IP 10.30.4.128: rejecting because of earlier OutOfSync error
[2024-11-27T01:17:47.954Z] Error writing to Modbus register: rejecting because of earlier OutOfSync error
[2024-11-27T01:17:47.954Z] Error reading or processing Modbus registers: rejecting because of earlier OutOfSync error
[2024-11-27T01:17:47.954Z] Error reading register 6507 for IP 10.30.4.128: rejecting because of earlier OutOfSync error
[2024-11-27T01:17:47.954Z] Error writing to Modbus register: rejecting because of earlier OutOfSync error
[2024-11-27T01:17:47.954Z] Error reading or processing Modbus registers: rejecting because of earlier OutOfSync error
[2024-11-27T01:17:47.954Z] Error reading register 6507 for IP 10.30.4.128: rejecting because of earlier OutOfSync error
[2024-11-27T01:17:47.954Z] Error writing to Modbus register: rejecting because of earlier OutOfSync error
[2024-11-27T01:17:47.954Z] Error reading or processing Modbus registers: rejecting because of earlier OutOfSync error
[2024-11-27T01:17:47.954Z] Error reading register 6507 for IP 10.30.4.128: rejecting because of earlier OutOfSync error
[2024-11-27T01:17:47.954Z] Error writing to Modbus register: rejecting because of earlier OutOfSync error
[2024-11-27T01:17:47.954Z] Error reading or processing Modbus registers: rejecting because of earlier OutOfSync error
[2024-11-27T01:17:47.954Z] Error reading register 6507 for IP 10.30.4.128: rejecting because of earlier OutOfSync error
[2024-11-27T01:17:47.954Z] Error writing to Modbus register: rejecting because of earlier OutOfSync error
[2024-11-27T01:17:47.954Z] Error reading or processing Modbus registers: rejecting because of earlier OutOfSync error
[2024-11-27T01:17:47.954Z] Error reading register 6507 for IP 10.30.4.128: rejecting because of earlier OutOfSync error
[2024-11-27T01:17:47.954Z] Error writing to Modbus register: rejecting because of earlier OutOfSync error
[2024-11-27T01:17:47.954Z] Error reading or processing Modbus registers: rejecting because of earlier OutOfSync error
[2024-11-27T01:17:47.954Z] Error reading register 6507 for IP 10.30.4.128: rejecting because of earlier OutOfSync error
[2024-11-27T01:17:47.954Z] Error writing to Modbus register: rejecting because of earlier OutOfSync error
[2024-11-27T01:17:47.954Z] Error reading or processing Modbus registers: rejecting because of earlier OutOfSync error
[2024-11-27T01:17:47.955Z] Error reading register 6507 for IP 10.30.4.128: rejecting because of earlier OutOfSync error
[2024-11-27T01:17:47.955Z] Error writing to Modbus register: rejecting because of earlier OutOfSync error
[2024-11-27T01:17:47.955Z] Error reading or processing Modbus registers: rejecting because of earlier OutOfSync error
[2024-11-27T01:17:47.955Z] Error reading register 6507 for IP 10.30.4.128: rejecting because of earlier OutOfSync error
[2024-11-27T01:17:47.955Z] Error writing to Modbus register: rejecting because of earlier OutOfSync error
[2024-11-27T01:17:47.955Z] Error reading or processing Modbus registers: rejecting because of earlier OutOfSync error
[2024-11-27T01:17:47.955Z] Error reading register 6507 for IP 10.30.4.128: rejecting because of earlier OutOfSync error
[2024-11-27T01:17:47.955Z] Error writing to Modbus register: rejecting because of earlier OutOfSync error
[2024-11-27T01:17:47.955Z] Error reading or processing Modbus registers: rejecting because of earlier OutOfSync error
[2024-11-27T01:17:47.956Z] Error reading register 6507 for IP 10.30.4.128: rejecting because of earlier OutOfSync error
[2024-11-27T01:17:47.956Z] Error writing to Modbus register: rejecting because of earlier OutOfSync error
[2024-11-27T01:17:47.956Z] Error reading or processing Modbus registers: rejecting because of earlier OutOfSync error
[2024-11-27T01:17:47.956Z] Error reading register 6507 for IP 10.30.4.128: rejecting because of earlier OutOfSync error
[2024-11-27T01:17:47.956Z] Error writing to Modbus register: rejecting because of earlier OutOfSync error
[2024-11-27T01:17:47.956Z] Error reading or processing Modbus registers: rejecting because of earlier OutOfSync error
[2024-11-27T01:17:47.957Z] Error reading register 6507 for IP 10.30.4.128: rejecting because of earlier OutOfSync error
[2024-11-27T01:17:47.957Z] Error writing to Modbus register: rejecting because of earlier OutOfSync error
[2024-11-27T01:17:48.137Z] Error reading or processing Modbus registers: no connection to modbus server
[2024-11-27T01:17:48.137Z] Error reading register 6507 for IP 10.30.4.128: no connection to modbus server
[2024-11-27T01:17:48.138Z] Error writing to Modbus register: no connection to modbus server
[2024-11-27T01:17:49.138Z] Error reading or processing Modbus registers: no connection to modbus server
[2024-11-27T01:17:49.138Z] Error reading register 6507 for IP 10.30.4.128: no connection to modbus server
[2024-11-27T01:17:49.138Z] Error writing to Modbus register: no connection to modbus server
[2024-11-27T01:17:50.153Z] Error reading or processing Modbus registers: no connection to modbus server
[2024-11-27T01:17:50.153Z] Error reading register 6507 for IP 10.30.4.128: no connection to modbus server
[2024-11-27T01:17:50.153Z] Error writing to Modbus register: no connection to modbus server
[2024-11-27T01:17:51.156Z] Error reading or processing Modbus registers: no connection to modbus server
[2024-11-27T01:17:51.156Z] Error reading register 6507 for IP 10.30.4.128: no connection to modbus server
[2024-11-27T01:17:51.156Z] Error writing to Modbus register: no connection to modbus server
[2024-11-27T01:17:52.161Z] Error reading or processing Modbus registers: no connection to modbus server
[2024-11-27T01:17:52.161Z] Error reading register 6507 for IP 10.30.4.128: no connection to modbus server
[2024-11-27T01:17:52.161Z] Error writing to Modbus register: no connection to modbus server
[2024-11-27T01:17:53.164Z] Error reading or processing Modbus registers: no connection to modbus server
[2024-11-27T01:17:53.164Z] Error reading register 6507 for IP 10.30.4.128: no connection to modbus server
[2024-11-27T01:17:53.165Z] Error writing to Modbus register: no connection to modbus server
[2024-11-27T01:17:54.167Z] Error reading or processing Modbus registers: no connection to modbus server
[2024-11-27T01:17:54.167Z] Error reading register 6507 for IP 10.30.4.128: no connection to modbus server
[2024-11-27T01:17:54.167Z] Error writing to Modbus register: no connection to modbus server
[2024-11-27T01:17:55.170Z] Error reading or processing Modbus registers: no connection to modbus server
[2024-11-27T01:17:55.171Z] Error reading register 6507 for IP 10.30.4.128: no connection to modbus server
[2024-11-27T01:17:55.171Z] Error writing to Modbus register: no connection to modbus server
[2024-11-27T01:17:56.186Z] Error reading or processing Modbus registers: no connection to modbus server
[2024-11-27T01:17:56.186Z] Error reading register 6507 for IP 10.30.4.128: no connection to modbus server
[2024-11-27T01:17:56.187Z] Error writing to Modbus register: no connection to modbus server
[2024-11-27T01:17:57.200Z] Error reading or processing Modbus registers: no connection to modbus server
[2024-11-27T01:17:57.200Z] Error reading register 6507 for IP 10.30.4.128: no connection to modbus server
[2024-11-27T01:17:57.201Z] Error writing to Modbus register: no connection to modbus server
[2024-11-27T01:17:58.205Z] Error reading or processing Modbus registers: no connection to modbus server
[2024-11-27T01:17:58.205Z] Error reading register 6507 for IP 10.30.4.128: no connection to modbus server
[2024-11-27T01:17:58.205Z] Error writing to Modbus register: no connection to modbus server
[2024-11-27T01:17:59.208Z] Error reading or processing Modbus registers: no connection to modbus server
[2024-11-27T01:17:59.208Z] Error reading register 6507 for IP 10.30.4.128: no connection to modbus server
[2024-11-27T01:17:59.209Z] Error writing to Modbus register: no connection to modbus server
[2024-11-27T01:18:00.222Z] Error reading or processing Modbus registers: no connection to modbus server
[2024-11-27T01:18:00.222Z] Error reading register 6507 for IP 10.30.4.128: no connection to modbus server
[2024-11-27T01:18:00.223Z] Error writing to Modbus register: no connection to modbus server
[2024-11-27T01:18:01.224Z] Error reading or processing Modbus registers: no connection to modbus server
[2024-11-27T01:18:01.224Z] Error reading register 6507 for IP 10.30.4.128: no connection to modbus server
[2024-11-27T01:18:01.224Z] Error writing to Modbus register: no connection to modbus server
[2024-11-27T01:18:02.228Z] Error reading or processing Modbus registers: no connection to modbus server
[2024-11-27T01:18:02.228Z] Error reading register 6507 for IP 10.30.4.128: no connection to modbus server
[2024-11-27T01:18:02.228Z] Error writing to Modbus register: no connection to modbus server
[2024-11-27T01:18:03.232Z] Error reading or processing Modbus registers: no connection to modbus server
[2024-11-27T01:18:03.232Z] Error reading register 6507 for IP 10.30.4.128: no connection to modbus server
[2024-11-27T01:18:03.233Z] Error writing to Modbus register: no connection to modbus server
[2024-11-27T01:18:04.237Z] Error reading or processing Modbus registers: no connection to modbus server
[2024-11-27T01:18:04.237Z] Error reading register 6507 for IP 10.30.4.128: no connection to modbus server
[2024-11-27T01:18:04.237Z] Error writing to Modbus register: no connection to modbus server
[2024-11-27T01:18:05.239Z] Error reading or processing Modbus registers: no connection to modbus server
[2024-11-27T01:18:05.240Z] Error reading register 6507 for IP 10.30.4.128: no connection to modbus server
[2024-11-27T01:18:05.240Z] Error writing to Modbus register: no connection to modbus server
[2024-11-27T01:18:06.254Z] Error reading or processing Modbus registers: no connection to modbus server
[2024-11-27T01:18:06.254Z] Error reading register 6507 for IP 10.30.4.128: no connection to modbus server
[2024-11-27T01:18:06.254Z] Error writing to Modbus register: no connection to modbus server
[2024-11-27T01:18:07.255Z] Error reading or processing Modbus registers: no connection to modbus server
[2024-11-27T01:18:07.255Z] Error reading register 6507 for IP 10.30.4.128: no connection to modbus server
[2024-11-27T01:18:07.256Z] Error writing to Modbus register: no connection to modbus server
[2024-11-27T01:18:08.255Z] Error reading or processing Modbus registers: no connection to modbus server
[2024-11-27T01:18:08.256Z] Error reading register 6507 for IP 10.30.4.128: no connection to modbus server
[2024-11-27T01:18:08.256Z] Error writing to Modbus register: no connection to modbus server
[2024-11-27T01:18:09.267Z] Error reading or processing Modbus registers: no connection to modbus server
[2024-11-27T01:18:09.267Z] Error reading register 6507 for IP 10.30.4.128: no connection to modbus server
[2024-11-27T01:18:09.268Z] Error writing to Modbus register: no connection to modbus server
[2024-11-27T01:18:10.270Z] Error reading or processing Modbus registers: no connection to modbus server
[2024-11-27T01:18:10.270Z] Error reading register 6507 for IP 10.30.4.128: no connection to modbus server
[2024-11-27T01:18:10.271Z] Error writing to Modbus register: no connection to modbus server
[2024-11-27T01:18:11.274Z] Error reading or processing Modbus registers: no connection to modbus server
[2024-11-27T01:18:11.274Z] Error reading register 6507 for IP 10.30.4.128: no connection to modbus server
[2024-11-27T01:18:11.274Z] Error writing to Modbus register: no connection to modbus server
[2024-11-27T01:18:12.289Z] Error reading or processing Modbus registers: no connection to modbus server
[2024-11-27T01:18:12.289Z] Error reading register 6507 for IP 10.30.4.128: no connection to modbus server
[2024-11-27T01:18:12.290Z] Error writing to Modbus register: no connection to modbus server
[2024-11-27T01:18:13.303Z] Error reading or processing Modbus registers: no connection to modbus server
[2024-11-27T01:18:13.303Z] Error reading register 6507 for IP 10.30.4.128: no connection to modbus server
[2024-11-27T01:18:13.304Z] Error writing to Modbus register: no connection to modbus server
[2024-11-27T01:18:14.303Z] Error reading or processing Modbus registers: no connection to modbus server
[2024-11-27T01:18:14.304Z] Error reading register 6507 for IP 10.30.4.128: no connection to modbus server
[2024-11-27T01:18:14.304Z] Error writing to Modbus register: no connection to modbus server
[2024-11-27T01:18:15.308Z] Error reading or processing Modbus registers: no connection to modbus server
[2024-11-27T01:18:15.308Z] Error reading register 6507 for IP 10.30.4.128: no connection to modbus server
[2024-11-27T01:18:15.308Z] Error writing to Modbus register: no connection to modbus server
[2024-11-27T01:23:36.106Z] Unable to connect to device at 10.30.4.128: read ECONNRESET
[2024-11-27T01:23:36.110Z] Error reading or processing Modbus registers: connection to modbus server closed
[2024-11-27T01:23:36.110Z] Error reading register 6507 for IP 10.30.4.128: rejecting because of earlier OutOfSync error
[2024-11-27T01:23:36.110Z] Error writing to Modbus register: rejecting because of earlier OutOfSync error
[2024-11-27T01:23:36.110Z] Error reading or processing Modbus registers: rejecting because of earlier OutOfSync error
[2024-11-27T01:23:36.111Z] Error reading register 6507 for IP 10.30.4.128: rejecting because of earlier OutOfSync error
[2024-11-27T01:23:36.111Z] Error writing to Modbus register: rejecting because of earlier OutOfSync error
[2024-11-27T01:23:36.111Z] Error reading or processing Modbus registers: rejecting because of earlier OutOfSync error
[2024-11-27T01:23:36.111Z] Error reading register 6507 for IP 10.30.4.128: rejecting because of earlier OutOfSync error
[2024-11-27T01:23:36.112Z] Error writing to Modbus register: rejecting because of earlier OutOfSync error
[2024-11-27T01:23:36.112Z] Error reading or processing Modbus registers: rejecting because of earlier OutOfSync error
[2024-11-27T01:23:36.112Z] Error reading register 6507 for IP 10.30.4.128: rejecting because of earlier OutOfSync error
[2024-11-27T01:23:36.112Z] Error writing to Modbus register: rejecting because of earlier OutOfSync error
[2024-11-27T01:23:36.768Z] Error reading or processing Modbus registers: no connection to modbus server
[2024-11-27T01:23:36.768Z] Error reading register 6507 for IP 10.30.4.128: no connection to modbus server
[2024-11-27T01:23:36.768Z] Error writing to Modbus register: no connection to modbus server
[2024-11-27T01:23:37.774Z] Error reading or processing Modbus registers: no connection to modbus server
[2024-11-27T01:23:37.774Z] Error reading register 6507 for IP 10.30.4.128: no connection to modbus server
[2024-11-27T01:23:37.774Z] Error writing to Modbus register: no connection to modbus server
[2024-11-27T01:23:38.776Z] Error reading or processing Modbus registers: no connection to modbus server
[2024-11-27T01:23:38.776Z] Error reading register 6507 for IP 10.30.4.128: no connection to modbus server
[2024-11-27T01:23:38.777Z] Error writing to Modbus register: no connection to modbus server
[2024-11-27T01:32:01.047Z] Error reading or processing Modbus registers: Req timed out
[2024-11-27T01:32:05.535Z] Device at 10.30.4.128 is not reachable. Skipping connection attempt.
[2024-11-27T01:32:06.061Z] Error reading register 6507 for IP 10.30.4.128: Req timed out
[2024-11-27T01:36:08.634Z] Error reading or processing Modbus registers: ipAddress is not defined
[2024-11-27T01:36:09.427Z] Error reading or processing Modbus registers: ipAddress is not defined
[2024-11-27T01:36:10.418Z] Error reading or processing Modbus registers: ipAddress is not defined
[2024-11-27T01:36:11.404Z] Error reading or processing Modbus registers: ipAddress is not defined
[2024-11-27T01:36:12.485Z] Error reading or processing Modbus registers: ipAddress is not defined
[2024-11-27T01:40:30.876Z] Error reading or processing Modbus registers: Req timed out
[2024-11-27T01:40:35.524Z] Device at 10.30.4.128 is not reachable. Skipping connection attempt.
[2024-11-27T01:40:35.886Z] Error reading register 6507 for IP 10.30.4.128: Req timed out
[2024-11-27T01:40:44.803Z] Unable to connect to device at 10.30.4.128: read ECONNRESET
[2024-11-27T01:40:44.805Z] Error writing to Modbus register: connection to modbus server closed
[2024-11-27T01:40:44.805Z] Error reading register 6507 for IP 10.30.4.128: rejecting because of earlier OutOfSync error
[2024-11-27T01:40:44.805Z] Error writing to Modbus register: rejecting because of earlier OutOfSync error
[2024-11-27T01:40:44.805Z] Error reading or processing Modbus registers: rejecting because of earlier OutOfSync error
[2024-11-27T01:40:44.805Z] Error reading register 6507 for IP 10.30.4.128: rejecting because of earlier OutOfSync error
[2024-11-27T01:40:44.805Z] Error writing to Modbus register: rejecting because of earlier OutOfSync error
[2024-11-27T01:40:44.806Z] Error reading or processing Modbus registers: rejecting because of earlier OutOfSync error
[2024-11-27T01:40:44.806Z] Error reading register 6507 for IP 10.30.4.128: rejecting because of earlier OutOfSync error
[2024-11-27T01:40:44.806Z] Error writing to Modbus register: rejecting because of earlier OutOfSync error
[2024-11-27T01:40:44.806Z] Error reading or processing Modbus registers: rejecting because of earlier OutOfSync error
[2024-11-27T01:40:44.806Z] Error reading register 6507 for IP 10.30.4.128: rejecting because of earlier OutOfSync error
[2024-11-27T01:40:44.806Z] Error writing to Modbus register: rejecting because of earlier OutOfSync error
[2024-11-27T01:40:44.806Z] Error reading or processing Modbus registers: rejecting because of earlier OutOfSync error
[2024-11-27T01:40:44.806Z] Error reading register 6507 for IP 10.30.4.128: rejecting because of earlier OutOfSync error
[2024-11-27T01:40:44.806Z] Error writing to Modbus register: rejecting because of earlier OutOfSync error
[2024-11-27T01:40:44.806Z] Error reading or processing Modbus registers: rejecting because of earlier OutOfSync error
[2024-11-27T01:40:44.806Z] Error reading register 6507 for IP 10.30.4.128: rejecting because of earlier OutOfSync error
[2024-11-27T01:40:44.805Z] Error reading or processing Modbus registers: rejecting because of earlier OutOfSync error
[2024-11-27T01:40:44.806Z] Error writing to Modbus register: rejecting because of earlier OutOfSync error
[2024-11-27T01:40:44.806Z] Error reading or processing Modbus registers: rejecting because of earlier OutOfSync error
[2024-11-27T01:40:44.806Z] Error reading register 6507 for IP 10.30.4.128: rejecting because of earlier OutOfSync error
[2024-11-27T01:40:44.806Z] Error writing to Modbus register: rejecting because of earlier OutOfSync error
[2024-11-27T01:40:44.806Z] Error reading or processing Modbus registers: rejecting because of earlier OutOfSync error
[2024-11-27T01:40:44.806Z] Error reading register 6507 for IP 10.30.4.128: rejecting because of earlier OutOfSync error
[2024-11-27T01:40:44.806Z] Error writing to Modbus register: rejecting because of earlier OutOfSync error
[2024-11-27T01:40:44.806Z] Error reading or processing Modbus registers: rejecting because of earlier OutOfSync error
[2024-11-27T01:40:44.806Z] Error reading register 6507 for IP 10.30.4.128: rejecting because of earlier OutOfSync error
[2024-11-27T01:40:44.806Z] Error writing to Modbus register: rejecting because of earlier OutOfSync error
[2024-11-27T01:40:44.807Z] Error reading or processing Modbus registers: rejecting because of earlier OutOfSync error
[2024-11-27T01:40:44.807Z] Error reading register 6507 for IP 10.30.4.128: rejecting because of earlier OutOfSync error
[2024-11-27T01:40:44.807Z] Error writing to Modbus register: rejecting because of earlier OutOfSync error
[2024-11-27T01:40:44.807Z] Error reading or processing Modbus registers: rejecting because of earlier OutOfSync error
[2024-11-27T01:40:44.807Z] Error reading register 6507 for IP 10.30.4.128: rejecting because of earlier OutOfSync error
[2024-11-27T01:40:44.807Z] Error writing to Modbus register: rejecting because of earlier OutOfSync error
[2024-11-27T01:40:44.807Z] Error reading or processing Modbus registers: rejecting because of earlier OutOfSync error
[2024-11-27T01:40:44.807Z] Error reading register 6507 for IP 10.30.4.128: rejecting because of earlier OutOfSync error
[2024-11-27T01:40:44.807Z] Error writing to Modbus register: rejecting because of earlier OutOfSync error
[2024-11-27T01:40:44.807Z] Error reading or processing Modbus registers: rejecting because of earlier OutOfSync error
[2024-11-27T01:40:44.807Z] Error reading register 6507 for IP 10.30.4.128: rejecting because of earlier OutOfSync error
[2024-11-27T01:40:44.807Z] Error reading or processing Modbus registers: rejecting because of earlier OutOfSync error
[2024-11-27T01:40:44.807Z] Error writing to Modbus register: rejecting because of earlier OutOfSync error
[2024-11-27T01:40:44.807Z] Error reading register 6507 for IP 10.30.4.128: rejecting because of earlier OutOfSync error
[2024-11-27T01:40:44.807Z] Error reading or processing Modbus registers: rejecting because of earlier OutOfSync error
[2024-11-27T01:40:44.807Z] Error reading register 6507 for IP 10.30.4.128: rejecting because of earlier OutOfSync error
[2024-11-27T01:40:44.807Z] Error writing to Modbus register: rejecting because of earlier OutOfSync error
[2024-11-27T01:40:44.807Z] Error writing to Modbus register: rejecting because of earlier OutOfSync error
[2024-11-27T01:40:44.807Z] Error reading or processing Modbus registers: rejecting because of earlier OutOfSync error
[2024-11-27T01:40:44.807Z] Error reading register 6507 for IP 10.30.4.128: rejecting because of earlier OutOfSync error
[2024-11-27T01:40:44.807Z] Error writing to Modbus register: rejecting because of earlier OutOfSync error
[2024-11-27T01:40:44.807Z] Error reading or processing Modbus registers: rejecting because of earlier OutOfSync error
[2024-11-27T01:40:44.807Z] Error reading register 6507 for IP 10.30.4.128: rejecting because of earlier OutOfSync error
[2024-11-27T01:40:44.808Z] Error writing to Modbus register: rejecting because of earlier OutOfSync error
[2024-11-27T01:40:44.808Z] Error reading or processing Modbus registers: rejecting because of earlier OutOfSync error
[2024-11-27T01:40:44.808Z] Error reading register 6507 for IP 10.30.4.128: rejecting because of earlier OutOfSync error
[2024-11-27T01:40:44.808Z] Error writing to Modbus register: rejecting because of earlier OutOfSync error
[2024-11-27T01:40:44.941Z] Error reading or processing Modbus registers: no connection to modbus server
[2024-11-27T01:40:44.941Z] Error reading register 6507 for IP 10.30.4.128: no connection to modbus server
[2024-11-27T01:40:44.941Z] Error writing to Modbus register: no connection to modbus server
[2024-11-27T01:40:45.954Z] Error reading or processing Modbus registers: no connection to modbus server
[2024-11-27T01:40:45.955Z] Error reading register 6507 for IP 10.30.4.128: no connection to modbus server
[2024-11-27T01:40:45.955Z] Error writing to Modbus register: no connection to modbus server
[2024-11-27T01:40:46.955Z] Error reading or processing Modbus registers: no connection to modbus server
[2024-11-27T01:40:46.956Z] Error reading register 6507 for IP 10.30.4.128: no connection to modbus server
[2024-11-27T01:40:46.956Z] Error writing to Modbus register: no connection to modbus server
[2024-11-27T01:40:47.956Z] Error reading or processing Modbus registers: no connection to modbus server
[2024-11-27T01:40:47.956Z] Error reading register 6507 for IP 10.30.4.128: no connection to modbus server
[2024-11-27T01:40:47.957Z] Error writing to Modbus register: no connection to modbus server
[2024-11-27T01:40:48.970Z] Error reading or processing Modbus registers: no connection to modbus server
[2024-11-27T01:40:48.970Z] Error reading register 6507 for IP 10.30.4.128: no connection to modbus server
[2024-11-27T01:40:48.970Z] Error writing to Modbus register: no connection to modbus server
[2024-11-27T01:40:49.975Z] Error reading or processing Modbus registers: no connection to modbus server
[2024-11-27T01:40:49.975Z] Error reading register 6507 for IP 10.30.4.128: no connection to modbus server
[2024-11-27T01:40:49.975Z] Error writing to Modbus register: no connection to modbus server
[2024-11-27T01:40:50.990Z] Error reading or processing Modbus registers: no connection to modbus server
[2024-11-27T01:40:50.990Z] Error reading register 6507 for IP 10.30.4.128: no connection to modbus server
[2024-11-27T01:40:50.991Z] Error writing to Modbus register: no connection to modbus server
[2024-11-27T01:40:51.991Z] Error reading or processing Modbus registers: no connection to modbus server
[2024-11-27T01:40:51.991Z] Error reading register 6507 for IP 10.30.4.128: no connection to modbus server
[2024-11-27T01:40:51.992Z] Error writing to Modbus register: no connection to modbus server
[2024-11-27T01:40:52.995Z] Error reading or processing Modbus registers: no connection to modbus server
[2024-11-27T01:40:52.996Z] Error reading register 6507 for IP 10.30.4.128: no connection to modbus server
[2024-11-27T01:40:52.996Z] Error writing to Modbus register: no connection to modbus server
[2024-11-27T01:40:54.000Z] Error reading or processing Modbus registers: no connection to modbus server
[2024-11-27T01:40:54.000Z] Error reading register 6507 for IP 10.30.4.128: no connection to modbus server
[2024-11-27T01:40:54.000Z] Error writing to Modbus register: no connection to modbus server
[2024-11-27T01:40:55.002Z] Error reading or processing Modbus registers: no connection to modbus server
[2024-11-27T01:40:55.003Z] Error reading register 6507 for IP 10.30.4.128: no connection to modbus server
[2024-11-27T01:40:55.003Z] Error writing to Modbus register: no connection to modbus server
[2024-11-27T01:40:56.004Z] Error reading or processing Modbus registers: no connection to modbus server
[2024-11-27T01:40:56.004Z] Error reading register 6507 for IP 10.30.4.128: no connection to modbus server
[2024-11-27T01:40:56.004Z] Error writing to Modbus register: no connection to modbus server
[2024-11-27T01:40:57.005Z] Error reading or processing Modbus registers: no connection to modbus server
[2024-11-27T01:40:57.005Z] Error reading register 6507 for IP 10.30.4.128: no connection to modbus server
[2024-11-27T01:40:57.006Z] Error writing to Modbus register: no connection to modbus server
[2024-11-27T01:40:58.008Z] Error reading or processing Modbus registers: no connection to modbus server
[2024-11-27T01:40:58.008Z] Error reading register 6507 for IP 10.30.4.128: no connection to modbus server
[2024-11-27T01:40:58.008Z] Error writing to Modbus register: no connection to modbus server
[2024-11-27T01:40:59.011Z] Error reading or processing Modbus registers: no connection to modbus server
[2024-11-27T01:40:59.011Z] Error reading register 6507 for IP 10.30.4.128: no connection to modbus server
[2024-11-27T01:40:59.011Z] Error writing to Modbus register: no connection to modbus server
[2024-11-27T01:50:01.629Z] Error reading or processing Modbus registers: Req timed out
[2024-11-27T01:50:08.014Z] Device at 10.30.4.128 is not reachable. Skipping connection attempt.
[2024-11-27T01:50:15.592Z] Unable to connect to device at 10.30.4.128: read ECONNRESET
[2024-11-27T01:50:15.594Z] Error reading register 6507 for IP 10.30.4.128: connection to modbus server closed
[2024-11-27T01:50:15.594Z] Error writing to Modbus register: rejecting because of earlier OutOfSync error
[2024-11-27T01:50:15.594Z] Error reading register 6507 for IP 10.30.4.128: rejecting because of earlier OutOfSync error
[2024-11-27T01:50:15.594Z] Error writing to Modbus register: rejecting because of earlier OutOfSync error
[2024-11-27T01:50:15.594Z] Error reading register 6507 for IP 10.30.4.128: rejecting because of earlier OutOfSync error
[2024-11-27T01:50:15.594Z] Error writing to Modbus register: rejecting because of earlier OutOfSync error
[2024-11-27T01:50:15.594Z] Error reading register 6507 for IP 10.30.4.128: rejecting because of earlier OutOfSync error
[2024-11-27T01:50:15.594Z] Error writing to Modbus register: rejecting because of earlier OutOfSync error
[2024-11-27T01:50:15.594Z] Error reading register 6507 for IP 10.30.4.128: rejecting because of earlier OutOfSync error
[2024-11-27T01:50:15.595Z] Error writing to Modbus register: rejecting because of earlier OutOfSync error
[2024-11-27T01:50:15.595Z] Error reading register 6507 for IP 10.30.4.128: rejecting because of earlier OutOfSync error
[2024-11-27T01:50:15.595Z] Error writing to Modbus register: rejecting because of earlier OutOfSync error
[2024-11-27T01:50:15.595Z] Error reading register 6507 for IP 10.30.4.128: rejecting because of earlier OutOfSync error
[2024-11-27T01:50:15.595Z] Error reading register 6507 for IP 10.30.4.128: rejecting because of earlier OutOfSync error
[2024-11-27T01:50:15.595Z] Error writing to Modbus register: rejecting because of earlier OutOfSync error
[2024-11-27T01:50:15.595Z] Error reading register 6507 for IP 10.30.4.128: rejecting because of earlier OutOfSync error
[2024-11-27T01:50:15.595Z] Error writing to Modbus register: rejecting because of earlier OutOfSync error
[2024-11-27T01:50:15.596Z] Error reading register 6507 for IP 10.30.4.128: rejecting because of earlier OutOfSync error
[2024-11-27T01:50:15.596Z] Error writing to Modbus register: rejecting because of earlier OutOfSync error
[2024-11-27T01:50:15.596Z] Error reading register 6507 for IP 10.30.4.128: rejecting because of earlier OutOfSync error
[2024-11-27T01:50:15.596Z] Error writing to Modbus register: rejecting because of earlier OutOfSync error
[2024-11-27T01:50:15.596Z] Error reading register 6507 for IP 10.30.4.128: rejecting because of earlier OutOfSync error
[2024-11-27T01:50:15.596Z] Error writing to Modbus register: rejecting because of earlier OutOfSync error
[2024-11-27T01:50:15.596Z] Error reading register 6507 for IP 10.30.4.128: rejecting because of earlier OutOfSync error
[2024-11-27T01:50:15.596Z] Error writing to Modbus register: rejecting because of earlier OutOfSync error
[2024-11-27T01:50:15.596Z] Error reading register 6507 for IP 10.30.4.128: rejecting because of earlier OutOfSync error
[2024-11-27T01:50:15.596Z] Error writing to Modbus register: rejecting because of earlier OutOfSync error
[2024-11-27T01:50:15.596Z] Error reading register 6507 for IP 10.30.4.128: rejecting because of earlier OutOfSync error
[2024-11-27T01:50:15.596Z] Error writing to Modbus register: rejecting because of earlier OutOfSync error
[2024-11-27T01:50:15.596Z] Error writing to Modbus register: rejecting because of earlier OutOfSync error
[2024-11-27T01:50:15.596Z] Error reading register 6507 for IP 10.30.4.128: rejecting because of earlier OutOfSync error
[2024-11-27T01:50:15.596Z] Error writing to Modbus register: rejecting because of earlier OutOfSync error
[2024-11-27T01:50:15.596Z] Error reading register 6507 for IP 10.30.4.128: rejecting because of earlier OutOfSync error
[2024-11-27T01:50:15.596Z] Error writing to Modbus register: rejecting because of earlier OutOfSync error
[2024-11-27T01:50:15.596Z] Error reading register 6507 for IP 10.30.4.128: rejecting because of earlier OutOfSync error
[2024-11-27T01:50:15.596Z] Error writing to Modbus register: rejecting because of earlier OutOfSync error
[2024-11-27T01:50:15.597Z] Error reading register 6507 for IP 10.30.4.128: rejecting because of earlier OutOfSync error
[2024-11-27T01:50:15.597Z] Error writing to Modbus register: rejecting because of earlier OutOfSync error
[2024-11-27T01:50:15.597Z] Error reading or processing Modbus registers: rejecting because of earlier OutOfSync error
[2024-11-27T01:50:15.597Z] Error reading or processing Modbus registers: rejecting because of earlier OutOfSync error
[2024-11-27T01:50:15.597Z] Error reading or processing Modbus registers: rejecting because of earlier OutOfSync error
[2024-11-27T01:50:15.597Z] Error reading or processing Modbus registers: rejecting because of earlier OutOfSync error
[2024-11-27T01:50:15.597Z] Error reading or processing Modbus registers: rejecting because of earlier OutOfSync error
[2024-11-27T01:50:15.597Z] Error reading or processing Modbus registers: rejecting because of earlier OutOfSync error
[2024-11-27T01:50:15.597Z] Error reading or processing Modbus registers: rejecting because of earlier OutOfSync error
[2024-11-27T01:50:15.597Z] Error reading or processing Modbus registers: rejecting because of earlier OutOfSync error
[2024-11-27T01:50:15.597Z] Error reading or processing Modbus registers: rejecting because of earlier OutOfSync error
[2024-11-27T01:50:15.597Z] Error reading or processing Modbus registers: rejecting because of earlier OutOfSync error
[2024-11-27T01:50:15.597Z] Error reading or processing Modbus registers: rejecting because of earlier OutOfSync error
[2024-11-27T01:50:15.597Z] Error reading or processing Modbus registers: rejecting because of earlier OutOfSync error
[2024-11-27T01:50:15.597Z] Error reading or processing Modbus registers: rejecting because of earlier OutOfSync error
[2024-11-27T01:50:15.597Z] Error reading or processing Modbus registers: rejecting because of earlier OutOfSync error
[2024-11-27T01:50:15.597Z] Error reading or processing Modbus registers: rejecting because of earlier OutOfSync error
[2024-11-27T01:50:15.597Z] Error reading or processing Modbus registers: rejecting because of earlier OutOfSync error
[2024-11-27T01:50:15.597Z] Error reading or processing Modbus registers: rejecting because of earlier OutOfSync error
[2024-11-27T01:50:15.597Z] Error reading or processing Modbus registers: rejecting because of earlier OutOfSync error
[2024-11-27T01:50:15.747Z] Error reading register 6507 for IP 10.30.4.128: no connection to modbus server
[2024-11-27T01:50:15.747Z] Error reading or processing Modbus registers: no connection to modbus server
[2024-11-27T01:50:15.762Z] Error writing to Modbus register: no connection to modbus server
[2024-11-27T01:50:16.751Z] Error reading register 6507 for IP 10.30.4.128: no connection to modbus server
[2024-11-27T01:50:16.751Z] Error reading or processing Modbus registers: no connection to modbus server
[2024-11-27T01:50:16.766Z] Error writing to Modbus register: no connection to modbus server
[2024-11-27T01:50:17.765Z] Error reading register 6507 for IP 10.30.4.128: no connection to modbus server
[2024-11-27T01:50:17.766Z] Error reading or processing Modbus registers: no connection to modbus server
[2024-11-27T01:50:17.766Z] Error writing to Modbus register: no connection to modbus server
[2024-11-27T01:50:18.780Z] Error reading register 6507 for IP 10.30.4.128: no connection to modbus server
[2024-11-27T01:50:18.781Z] Error reading or processing Modbus registers: no connection to modbus server
[2024-11-27T01:50:18.782Z] Error writing to Modbus register: no connection to modbus server
[2024-11-27T01:50:19.783Z] Error reading register 6507 for IP 10.30.4.128: no connection to modbus server
[2024-11-27T01:50:19.784Z] Error reading or processing Modbus registers: no connection to modbus server
[2024-11-27T01:50:19.784Z] Error writing to Modbus register: no connection to modbus server
[2024-11-27T01:50:20.783Z] Error reading register 6507 for IP 10.30.4.128: no connection to modbus server
[2024-11-27T01:50:20.783Z] Error reading or processing Modbus registers: no connection to modbus server
[2024-11-27T01:50:20.784Z] Error writing to Modbus register: no connection to modbus server
[2024-11-27T01:50:21.787Z] Error reading register 6507 for IP 10.30.4.128: no connection to modbus server
[2024-11-27T01:50:21.788Z] Error reading or processing Modbus registers: no connection to modbus server
[2024-11-27T01:50:21.788Z] Error writing to Modbus register: no connection to modbus server
[2024-11-27T01:50:22.793Z] Error reading register 6507 for IP 10.30.4.128: no connection to modbus server
[2024-11-27T01:50:22.793Z] Error reading or processing Modbus registers: no connection to modbus server
[2024-11-27T01:50:22.794Z] Error writing to Modbus register: no connection to modbus server
[2024-11-27T01:50:23.795Z] Error reading register 6507 for IP 10.30.4.128: no connection to modbus server
[2024-11-27T01:50:23.795Z] Error reading or processing Modbus registers: no connection to modbus server
[2024-11-27T01:50:23.795Z] Error writing to Modbus register: no connection to modbus server
[2024-11-27T01:50:24.809Z] Error reading register 6507 for IP 10.30.4.128: no connection to modbus server
[2024-11-27T01:50:24.810Z] Error reading or processing Modbus registers: no connection to modbus server
[2024-11-27T01:50:24.810Z] Error writing to Modbus register: no connection to modbus server
[2024-11-27T01:50:25.810Z] Error reading register 6507 for IP 10.30.4.128: no connection to modbus server
[2024-11-27T01:50:25.810Z] Error reading or processing Modbus registers: no connection to modbus server
[2024-11-27T01:50:25.826Z] Error writing to Modbus register: no connection to modbus server
[2024-11-27T01:50:26.823Z] Error reading register 6507 for IP 10.30.4.128: no connection to modbus server
[2024-11-27T01:50:26.823Z] Error reading or processing Modbus registers: no connection to modbus server
[2024-11-27T01:58:02.592Z] Error writing to Modbus register: Req timed out
[2024-11-27T01:58:07.598Z] Error writing to Modbus register: Req timed out
[2024-11-27T01:58:12.598Z] Error writing to Modbus register: Req timed out
[2024-11-27T01:58:16.534Z] Unable to connect to device at 10.30.4.128: read ECONNRESET
[2024-11-27T01:58:16.536Z] Error writing to Modbus register: connection to modbus server closed
[2024-11-27T01:58:16.536Z] Error writing to Modbus register: rejecting because of earlier OutOfSync error
[2024-11-27T01:58:16.536Z] Error writing to Modbus register: rejecting because of earlier OutOfSync error
[2024-11-27T01:58:16.536Z] Error writing to Modbus register: rejecting because of earlier OutOfSync error
[2024-11-27T01:58:16.537Z] Error writing to Modbus register: rejecting because of earlier OutOfSync error
[2024-11-27T01:58:16.537Z] Error writing to Modbus register: rejecting because of earlier OutOfSync error
[2024-11-27T01:58:16.537Z] Error writing to Modbus register: rejecting because of earlier OutOfSync error
[2024-11-27T01:58:16.537Z] Error writing to Modbus register: rejecting because of earlier OutOfSync error
[2024-11-27T01:58:16.537Z] Error writing to Modbus register: rejecting because of earlier OutOfSync error
[2024-11-27T01:58:16.537Z] Error writing to Modbus register: rejecting because of earlier OutOfSync error
[2024-11-27T01:58:16.537Z] Error writing to Modbus register: rejecting because of earlier OutOfSync error
[2024-11-27T01:58:16.537Z] Error writing to Modbus register: rejecting because of earlier OutOfSync error
[2024-11-27T01:58:16.538Z] Error writing to Modbus register: rejecting because of earlier OutOfSync error
[2024-11-27T01:58:16.538Z] Error writing to Modbus register: rejecting because of earlier OutOfSync error
[2024-11-27T01:58:16.538Z] Error writing to Modbus register: rejecting because of earlier OutOfSync error
[2024-11-27T01:58:16.538Z] Error writing to Modbus register: rejecting because of earlier OutOfSync error
[2024-11-27T01:58:16.719Z] Error writing to Modbus register: no connection to modbus server
[2024-11-27T01:58:17.719Z] Error writing to Modbus register: no connection to modbus server
[2024-11-27T01:58:18.733Z] Error writing to Modbus register: no connection to modbus server
[2024-11-27T01:58:19.734Z] Error writing to Modbus register: no connection to modbus server
[2024-11-27T01:58:20.749Z] Error writing to Modbus register: no connection to modbus server
[2024-11-27T01:58:21.753Z] Error writing to Modbus register: no connection to modbus server
[2024-11-27T01:58:22.767Z] Error writing to Modbus register: no connection to modbus server
[2024-11-27T01:58:23.782Z] Error writing to Modbus register: no connection to modbus server
[2024-11-27T01:58:24.783Z] Error writing to Modbus register: no connection to modbus server
[2024-11-27T02:03:04.958Z] Error writing to Modbus register: connection to modbus server closed
[2024-11-27T02:03:04.958Z] Error writing to Modbus register: rejecting because of earlier OutOfSync error
[2024-11-27T02:03:04.958Z] Error writing to Modbus register: rejecting because of earlier OutOfSync error
[2024-11-27T02:03:04.958Z] Error writing to Modbus register: rejecting because of earlier OutOfSync error
[2024-11-27T02:03:05.446Z] Error writing to Modbus register: no connection to modbus server
[2024-11-27T02:03:06.451Z] Error writing to Modbus register: no connection to modbus server
[2024-11-27T02:03:07.465Z] Error writing to Modbus register: no connection to modbus server
[2024-11-27T02:16:29.509Z] Unable to connect to device at 10.30.4.128: read ECONNRESET
[2024-11-27T02:16:29.511Z] Error reading register 6507 for IP 10.30.4.128: rejecting because of earlier OutOfSync error
[2024-11-27T02:16:29.512Z] Error reading register 6507 for IP 10.30.4.128: rejecting because of earlier OutOfSync error
[2024-11-27T02:16:29.512Z] Error writing to Modbus register: rejecting because of earlier OutOfSync error
[2024-11-27T02:16:29.512Z] Error reading or processing Modbus registers: connection to modbus server closed
[2024-11-27T02:16:29.512Z] Error reading or processing Modbus registers: rejecting because of earlier OutOfSync error
[2024-11-27T02:16:29.511Z] Error writing to Modbus register: rejecting because of earlier OutOfSync error
[2024-11-27T02:16:29.869Z] Error reading register 6507 for IP 10.30.4.128: no connection to modbus server
[2024-11-27T02:16:29.869Z] Error reading or processing Modbus registers: no connection to modbus server
[2024-11-27T02:16:29.869Z] Error writing to Modbus register: no connection to modbus server
[2024-11-27T02:16:30.874Z] Error reading register 6507 for IP 10.30.4.128: no connection to modbus server
[2024-11-27T02:16:30.874Z] Error reading or processing Modbus registers: no connection to modbus server
[2024-11-27T02:16:30.874Z] Error writing to Modbus register: no connection to modbus server
[2024-11-27T02:16:31.875Z] Error reading register 6507 for IP 10.30.4.128: no connection to modbus server
[2024-11-27T02:16:31.875Z] Error reading or processing Modbus registers: no connection to modbus server
[2024-11-27T02:16:31.875Z] Error writing to Modbus register: no connection to modbus server
[2024-11-27T02:16:32.890Z] Error reading register 6507 for IP 10.30.4.128: no connection to modbus server
[2024-11-27T02:16:32.890Z] Error writing to Modbus register: no connection to modbus server
[2024-11-27T02:16:32.890Z] Error reading or processing Modbus registers: no connection to modbus server
[2024-11-27T02:16:33.904Z] Error reading register 6507 for IP 10.30.4.128: no connection to modbus server
[2024-11-27T02:16:33.905Z] Error reading or processing Modbus registers: no connection to modbus server
[2024-11-27T02:16:33.905Z] Error writing to Modbus register: no connection to modbus server
[2024-11-27T02:16:34.906Z] Error reading register 6507 for IP 10.30.4.128: no connection to modbus server
[2024-11-27T02:16:34.906Z] Error reading or processing Modbus registers: no connection to modbus server
[2024-11-27T02:16:34.907Z] Error writing to Modbus register: no connection to modbus server
[2024-11-27T02:16:35.907Z] Error reading register 6507 for IP 10.30.4.128: no connection to modbus server
[2024-11-27T02:16:35.907Z] Error reading or processing Modbus registers: no connection to modbus server
[2024-11-27T02:16:35.907Z] Error writing to Modbus register: no connection to modbus server
[2024-11-27T02:16:36.907Z] Error reading register 6507 for IP 10.30.4.128: no connection to modbus server
[2024-11-27T02:16:36.907Z] Error reading or processing Modbus registers: no connection to modbus server
[2024-11-27T02:16:36.907Z] Error writing to Modbus register: no connection to modbus server
[2024-11-27T02:16:37.919Z] Error reading register 6507 for IP 10.30.4.128: no connection to modbus server
[2024-11-27T02:16:37.919Z] Error reading or processing Modbus registers: no connection to modbus server
[2024-11-27T02:16:37.919Z] Error writing to Modbus register: no connection to modbus server
[2024-11-27T02:16:38.921Z] Error reading register 6507 for IP 10.30.4.128: no connection to modbus server
[2024-11-27T02:16:38.922Z] Error reading or processing Modbus registers: no connection to modbus server
[2024-11-27T02:16:38.922Z] Error writing to Modbus register: no connection to modbus server
[2024-11-27T02:16:39.924Z] Error reading register 6507 for IP 10.30.4.128: no connection to modbus server
[2024-11-27T02:16:39.924Z] Error reading or processing Modbus registers: no connection to modbus server
[2024-11-27T02:16:39.925Z] Error writing to Modbus register: no connection to modbus server
[2024-11-27T02:16:40.927Z] Error reading register 6507 for IP 10.30.4.128: no connection to modbus server
[2024-11-27T02:16:40.928Z] Error reading or processing Modbus registers: no connection to modbus server
[2024-11-27T02:16:40.928Z] Error writing to Modbus register: no connection to modbus server
[2024-11-27T02:16:41.928Z] Error reading register 6507 for IP 10.30.4.128: no connection to modbus server
[2024-11-27T02:16:41.928Z] Error reading or processing Modbus registers: no connection to modbus server
[2024-11-27T02:16:41.929Z] Error writing to Modbus register: no connection to modbus server
[2024-11-27T02:16:42.930Z] Error reading register 6507 for IP 10.30.4.128: no connection to modbus server
[2024-11-27T02:16:42.930Z] Error reading or processing Modbus registers: no connection to modbus server
[2024-11-27T02:16:42.930Z] Error writing to Modbus register: no connection to modbus server
[2024-11-27T02:16:43.943Z] Error reading register 6507 for IP 10.30.4.128: no connection to modbus server
[2024-11-27T02:16:43.944Z] Error reading or processing Modbus registers: no connection to modbus server
[2024-11-27T02:16:43.944Z] Error writing to Modbus register: no connection to modbus server
[2024-11-27T02:16:44.945Z] Error reading register 6507 for IP 10.30.4.128: no connection to modbus server
[2024-11-27T02:16:44.945Z] Error reading or processing Modbus registers: no connection to modbus server
[2024-11-27T02:16:44.945Z] Error writing to Modbus register: no connection to modbus server
[2024-11-27T02:16:45.947Z] Error reading register 6507 for IP 10.30.4.128: no connection to modbus server
[2024-11-27T02:16:45.947Z] Error reading or processing Modbus registers: no connection to modbus server
[2024-11-27T02:16:45.948Z] Error writing to Modbus register: no connection to modbus server
[2024-11-27T02:16:46.962Z] Error reading register 6507 for IP 10.30.4.128: no connection to modbus server
[2024-11-27T02:16:46.962Z] Error reading or processing Modbus registers: no connection to modbus server
[2024-11-27T02:16:46.963Z] Error writing to Modbus register: no connection to modbus server
[2024-11-27T02:16:47.964Z] Error reading register 6507 for IP 10.30.4.128: no connection to modbus server
[2024-11-27T02:16:47.964Z] Error reading or processing Modbus registers: no connection to modbus server
[2024-11-27T02:16:47.964Z] Error writing to Modbus register: no connection to modbus server
[2024-11-27T02:16:48.966Z] Error reading register 6507 for IP 10.30.4.128: no connection to modbus server
[2024-11-27T02:16:48.967Z] Error reading or processing Modbus registers: no connection to modbus server
[2024-11-27T02:16:48.967Z] Error writing to Modbus register: no connection to modbus server
[2024-11-27T02:16:49.976Z] Error reading register 6507 for IP 10.30.4.128: no connection to modbus server
[2024-11-27T02:16:49.976Z] Error reading or processing Modbus registers: no connection to modbus server
[2024-11-27T02:16:49.977Z] Error writing to Modbus register: no connection to modbus server
[2024-11-27T02:16:50.979Z] Error reading register 6507 for IP 10.30.4.128: no connection to modbus server
[2024-11-27T02:16:50.979Z] Error reading or processing Modbus registers: no connection to modbus server
[2024-11-27T02:16:50.979Z] Error writing to Modbus register: no connection to modbus server
[2024-11-27T02:16:51.983Z] Error reading register 6507 for IP 10.30.4.128: no connection to modbus server
[2024-11-27T02:16:51.983Z] Error reading or processing Modbus registers: no connection to modbus server
[2024-11-27T02:16:51.984Z] Error writing to Modbus register: no connection to modbus server
[2024-11-27T02:16:52.998Z] Error reading register 6507 for IP 10.30.4.128: no connection to modbus server
[2024-11-27T02:16:52.999Z] Error reading or processing Modbus registers: no connection to modbus server
[2024-11-27T02:16:52.999Z] Error writing to Modbus register: no connection to modbus server
[2024-11-27T02:16:54.002Z] Error reading register 6507 for IP 10.30.4.128: no connection to modbus server
[2024-11-27T02:16:54.002Z] Error reading or processing Modbus registers: no connection to modbus server
[2024-11-27T02:16:54.002Z] Error writing to Modbus register: no connection to modbus server
[2024-11-27T02:16:55.016Z] Error reading register 6507 for IP 10.30.4.128: no connection to modbus server
[2024-11-27T02:16:55.016Z] Error reading or processing Modbus registers: no connection to modbus server
[2024-11-27T02:16:55.016Z] Error writing to Modbus register: no connection to modbus server
[2024-11-27T02:16:56.019Z] Error reading register 6507 for IP 10.30.4.128: no connection to modbus server
[2024-11-27T02:16:56.019Z] Error reading or processing Modbus registers: no connection to modbus server
[2024-11-27T02:16:56.019Z] Error writing to Modbus register: no connection to modbus server
[2024-11-27T02:16:57.019Z] Error reading register 6507 for IP 10.30.4.128: no connection to modbus server
[2024-11-27T02:16:57.019Z] Error reading or processing Modbus registers: no connection to modbus server
[2024-11-27T02:16:57.035Z] Error writing to Modbus register: no connection to modbus server
[2024-11-27T02:39:30.000Z] Device at 10.30.4.128 is not reachable. Skipping connection attempt.
[2024-11-27T02:39:38.001Z] Device at 10.30.4.128 is not reachable. Skipping connection attempt.
[2024-11-27T02:39:39.566Z] Unable to connect to device at 10.30.4.128: read ECONNRESET
[2024-11-27T02:39:39.569Z] Error reading register 6507 for IP 10.30.4.128: rejecting because of earlier OutOfSync error
[2024-11-27T02:39:39.570Z] Error writing to Modbus register: rejecting because of earlier OutOfSync error
[2024-11-27T02:39:39.570Z] Error reading register 6507 for IP 10.30.4.128: rejecting because of earlier OutOfSync error
[2024-11-27T02:39:39.570Z] Error writing to Modbus register: rejecting because of earlier OutOfSync error
[2024-11-27T02:39:39.571Z] Error reading register 6507 for IP 10.30.4.128: rejecting because of earlier OutOfSync error
[2024-11-27T02:39:39.571Z] Error writing to Modbus register: rejecting because of earlier OutOfSync error
[2024-11-27T02:39:39.572Z] Error reading register 6507 for IP 10.30.4.128: rejecting because of earlier OutOfSync error
[2024-11-27T02:39:39.572Z] Error writing to Modbus register: rejecting because of earlier OutOfSync error
[2024-11-27T02:39:39.572Z] Error reading register 6507 for IP 10.30.4.128: rejecting because of earlier OutOfSync error
[2024-11-27T02:39:39.572Z] Error writing to Modbus register: rejecting because of earlier OutOfSync error
[2024-11-27T02:39:39.573Z] Error reading register 6507 for IP 10.30.4.128: rejecting because of earlier OutOfSync error
[2024-11-27T02:39:39.573Z] Error writing to Modbus register: rejecting because of earlier OutOfSync error
[2024-11-27T02:39:39.574Z] Error reading register 6507 for IP 10.30.4.128: rejecting because of earlier OutOfSync error
[2024-11-27T02:39:39.574Z] Error writing to Modbus register: rejecting because of earlier OutOfSync error
[2024-11-27T02:39:39.574Z] Error reading register 6507 for IP 10.30.4.128: rejecting because of earlier OutOfSync error
[2024-11-27T02:39:39.574Z] Error writing to Modbus register: rejecting because of earlier OutOfSync error
[2024-11-27T02:39:39.575Z] Error reading register 6507 for IP 10.30.4.128: rejecting because of earlier OutOfSync error
[2024-11-27T02:39:39.575Z] Error writing to Modbus register: rejecting because of earlier OutOfSync error
[2024-11-27T02:39:39.575Z] Error reading register 6507 for IP 10.30.4.128: rejecting because of earlier OutOfSync error
[2024-11-27T02:39:39.575Z] Error writing to Modbus register: rejecting because of earlier OutOfSync error
[2024-11-27T02:39:39.575Z] Error reading register 6507 for IP 10.30.4.128: rejecting because of earlier OutOfSync error
[2024-11-27T02:39:39.575Z] Error writing to Modbus register: rejecting because of earlier OutOfSync error
[2024-11-27T02:39:39.576Z] Error reading register 6507 for IP 10.30.4.128: rejecting because of earlier OutOfSync error
[2024-11-27T02:39:39.576Z] Error writing to Modbus register: rejecting because of earlier OutOfSync error
[2024-11-27T02:39:39.576Z] Error reading register 6507 for IP 10.30.4.128: rejecting because of earlier OutOfSync error
[2024-11-27T02:39:39.576Z] Error writing to Modbus register: rejecting because of earlier OutOfSync error
[2024-11-27T02:39:39.576Z] Error reading register 6507 for IP 10.30.4.128: rejecting because of earlier OutOfSync error
[2024-11-27T02:39:39.576Z] Error writing to Modbus register: rejecting because of earlier OutOfSync error
[2024-11-27T02:39:39.576Z] Error reading register 6507 for IP 10.30.4.128: rejecting because of earlier OutOfSync error
[2024-11-27T02:39:39.576Z] Error writing to Modbus register: rejecting because of earlier OutOfSync error
[2024-11-27T02:39:39.577Z] Error reading register 6507 for IP 10.30.4.128: rejecting because of earlier OutOfSync error
[2024-11-27T02:39:39.577Z] Error writing to Modbus register: rejecting because of earlier OutOfSync error
[2024-11-27T02:39:39.577Z] Error reading register 6507 for IP 10.30.4.128: rejecting because of earlier OutOfSync error
[2024-11-27T02:39:39.577Z] Error writing to Modbus register: rejecting because of earlier OutOfSync error
[2024-11-27T02:39:39.577Z] Error reading register 6507 for IP 10.30.4.128: rejecting because of earlier OutOfSync error
[2024-11-27T02:39:39.577Z] Error writing to Modbus register: rejecting because of earlier OutOfSync error
[2024-11-27T02:39:39.578Z] Error reading or processing Modbus registers: rejecting because of earlier OutOfSync error
[2024-11-27T02:39:39.578Z] Error reading or processing Modbus registers: rejecting because of earlier OutOfSync error
[2024-11-27T02:39:39.578Z] Error reading or processing Modbus registers: rejecting because of earlier OutOfSync error
[2024-11-27T02:39:39.578Z] Error reading or processing Modbus registers: rejecting because of earlier OutOfSync error
[2024-11-27T02:39:39.578Z] Error reading or processing Modbus registers: rejecting because of earlier OutOfSync error
[2024-11-27T02:39:39.578Z] Error reading or processing Modbus registers: rejecting because of earlier OutOfSync error
[2024-11-27T02:39:39.579Z] Error reading or processing Modbus registers: rejecting because of earlier OutOfSync error
[2024-11-27T02:39:39.579Z] Error reading or processing Modbus registers: rejecting because of earlier OutOfSync error
[2024-11-27T02:39:39.589Z] Error reading or processing Modbus registers: rejecting because of earlier OutOfSync error
[2024-11-27T02:39:39.590Z] Error reading or processing Modbus registers: rejecting because of earlier OutOfSync error
[2024-11-27T02:39:39.590Z] Error reading or processing Modbus registers: rejecting because of earlier OutOfSync error
[2024-11-27T02:39:39.590Z] Error reading or processing Modbus registers: rejecting because of earlier OutOfSync error
[2024-11-27T02:39:39.591Z] Error reading or processing Modbus registers: rejecting because of earlier OutOfSync error
[2024-11-27T02:39:39.591Z] Error reading or processing Modbus registers: rejecting because of earlier OutOfSync error
[2024-11-27T02:39:39.592Z] Error reading or processing Modbus registers: rejecting because of earlier OutOfSync error
[2024-11-27T02:39:39.592Z] Error reading or processing Modbus registers: rejecting because of earlier OutOfSync error
[2024-11-27T02:39:39.592Z] Error reading or processing Modbus registers: rejecting because of earlier OutOfSync error
[2024-11-27T02:39:39.593Z] Error reading or processing Modbus registers: rejecting because of earlier OutOfSync error
[2024-11-27T02:39:39.624Z] Error reading register 6507 for IP 10.30.4.128: no connection to modbus server
[2024-11-27T02:39:39.624Z] Error reading or processing Modbus registers: no connection to modbus server
[2024-11-27T02:39:39.624Z] Error writing to Modbus register: no connection to modbus server
[2024-11-27T02:39:40.630Z] Error reading register 6507 for IP 10.30.4.128: no connection to modbus server
[2024-11-27T02:39:40.631Z] Error reading or processing Modbus registers: no connection to modbus server
[2024-11-27T02:39:40.631Z] Error writing to Modbus register: no connection to modbus server
[2024-11-27T02:39:41.636Z] Error reading register 6507 for IP 10.30.4.128: no connection to modbus server
[2024-11-27T02:39:41.636Z] Error reading or processing Modbus registers: no connection to modbus server
[2024-11-27T02:39:41.636Z] Error writing to Modbus register: no connection to modbus server
[2024-11-27T02:39:42.640Z] Error reading register 6507 for IP 10.30.4.128: no connection to modbus server
[2024-11-27T02:39:42.641Z] Error reading or processing Modbus registers: no connection to modbus server
[2024-11-27T02:39:42.641Z] Error writing to Modbus register: no connection to modbus server
[2024-11-27T02:39:43.655Z] Error reading register 6507 for IP 10.30.4.128: no connection to modbus server
[2024-11-27T02:39:43.655Z] Error reading or processing Modbus registers: no connection to modbus server
[2024-11-27T02:39:43.655Z] Error writing to Modbus register: no connection to modbus server
[2024-11-27T02:39:44.667Z] Error reading register 6507 for IP 10.30.4.128: no connection to modbus server
[2024-11-27T02:39:44.668Z] Error reading or processing Modbus registers: no connection to modbus server
[2024-11-27T02:39:44.668Z] Error writing to Modbus register: no connection to modbus server
[2024-11-27T02:39:45.681Z] Error reading register 6507 for IP 10.30.4.128: no connection to modbus server
[2024-11-27T02:39:45.682Z] Error reading or processing Modbus registers: no connection to modbus server
[2024-11-27T02:39:45.682Z] Error writing to Modbus register: no connection to modbus server
[2024-11-27T02:39:46.681Z] Error reading register 6507 for IP 10.30.4.128: no connection to modbus server
[2024-11-27T02:39:46.681Z] Error reading or processing Modbus registers: no connection to modbus server
[2024-11-27T02:39:46.681Z] Error writing to Modbus register: no connection to modbus server
[2024-11-27T02:39:47.687Z] Error reading register 6507 for IP 10.30.4.128: no connection to modbus server
[2024-11-27T02:39:47.687Z] Error reading or processing Modbus registers: no connection to modbus server
[2024-11-27T02:39:47.688Z] Error writing to Modbus register: no connection to modbus server
[2024-11-27T02:39:48.687Z] Error reading register 6507 for IP 10.30.4.128: no connection to modbus server
[2024-11-27T02:39:48.687Z] Error reading or processing Modbus registers: no connection to modbus server
[2024-11-27T02:39:48.688Z] Error writing to Modbus register: no connection to modbus server
[2024-11-27T02:39:49.687Z] Error reading register 6507 for IP 10.30.4.128: no connection to modbus server
[2024-11-27T02:39:49.687Z] Error reading or processing Modbus registers: no connection to modbus server
[2024-11-27T02:39:49.688Z] Error writing to Modbus register: no connection to modbus server
[2024-11-27T02:39:50.702Z] Error reading register 6507 for IP 10.30.4.128: no connection to modbus server
[2024-11-27T02:39:50.702Z] Error reading or processing Modbus registers: no connection to modbus server
[2024-11-27T02:39:50.702Z] Error writing to Modbus register: no connection to modbus server
[2024-11-27T02:39:51.702Z] Error reading register 6507 for IP 10.30.4.128: no connection to modbus server
[2024-11-27T02:39:51.702Z] Error reading or processing Modbus registers: no connection to modbus server
[2024-11-27T02:39:51.703Z] Error writing to Modbus register: no connection to modbus server
[2024-11-27T02:39:52.702Z] Error reading register 6507 for IP 10.30.4.128: no connection to modbus server
[2024-11-27T02:39:52.702Z] Error reading or processing Modbus registers: no connection to modbus server
[2024-11-27T02:39:52.703Z] Error writing to Modbus register: no connection to modbus server
[2024-11-27T02:39:53.702Z] Error reading register 6507 for IP 10.30.4.128: no connection to modbus server
[2024-11-27T02:39:53.702Z] Error reading or processing Modbus registers: no connection to modbus server
[2024-11-27T02:39:53.702Z] Error writing to Modbus register: no connection to modbus server
[2024-11-27T02:39:54.702Z] Error reading register 6507 for IP 10.30.4.128: no connection to modbus server
[2024-11-27T02:39:54.702Z] Error reading or processing Modbus registers: no connection to modbus server
[2024-11-27T02:39:54.702Z] Error writing to Modbus register: no connection to modbus server
[2024-11-27T02:39:55.702Z] Error reading register 6507 for IP 10.30.4.128: no connection to modbus server
[2024-11-27T02:39:55.702Z] Error reading or processing Modbus registers: no connection to modbus server
[2024-11-27T02:39:55.703Z] Error writing to Modbus register: no connection to modbus server
[2024-11-27T02:39:56.702Z] Error reading register 6507 for IP 10.30.4.128: no connection to modbus server
[2024-11-27T02:39:56.702Z] Error reading or processing Modbus registers: no connection to modbus server
[2024-11-27T02:39:56.702Z] Error writing to Modbus register: no connection to modbus server
[2024-11-27T02:39:57.702Z] Error reading register 6507 for IP 10.30.4.128: no connection to modbus server
[2024-11-27T02:39:57.702Z] Error reading or processing Modbus registers: no connection to modbus server
[2024-11-27T02:39:57.703Z] Error writing to Modbus register: no connection to modbus server
[2024-11-27T02:39:58.702Z] Error reading register 6507 for IP 10.30.4.128: no connection to modbus server
[2024-11-27T02:39:58.702Z] Error reading or processing Modbus registers: no connection to modbus server
[2024-11-27T02:39:58.703Z] Error writing to Modbus register: no connection to modbus server
[2024-11-27T02:39:59.702Z] Error reading register 6507 for IP 10.30.4.128: no connection to modbus server
[2024-11-27T02:39:59.702Z] Error reading or processing Modbus registers: no connection to modbus server
[2024-11-27T02:39:59.702Z] Error writing to Modbus register: no connection to modbus server
[2024-11-27T02:40:00.702Z] Error reading register 6507 for IP 10.30.4.128: no connection to modbus server
[2024-11-27T02:40:00.702Z] Error reading or processing Modbus registers: no connection to modbus server
[2024-11-27T02:40:00.702Z] Error writing to Modbus register: no connection to modbus server
[2024-11-27T02:40:01.702Z] Error reading register 6507 for IP 10.30.4.128: no connection to modbus server
[2024-11-27T02:40:01.702Z] Error reading or processing Modbus registers: no connection to modbus server
[2024-11-27T02:40:01.703Z] Error writing to Modbus register: no connection to modbus server
[2024-11-27T02:40:02.703Z] Error reading register 6507 for IP 10.30.4.128: no connection to modbus server
[2024-11-27T02:40:02.703Z] Error reading or processing Modbus registers: no connection to modbus server
[2024-11-27T02:40:02.703Z] Error writing to Modbus register: no connection to modbus server
[2024-11-27T02:40:03.703Z] Error reading register 6507 for IP 10.30.4.128: no connection to modbus server
[2024-11-27T02:40:03.703Z] Error writing to Modbus register: no connection to modbus server
[2024-11-27T02:40:03.703Z] Error reading or processing Modbus registers: no connection to modbus server
[2024-11-27T02:40:04.703Z] Error reading register 6507 for IP 10.30.4.128: no connection to modbus server
[2024-11-27T02:40:04.703Z] Error reading or processing Modbus registers: no connection to modbus server
[2024-11-27T02:40:04.703Z] Error writing to Modbus register: no connection to modbus server
[2024-11-27T02:40:05.703Z] Error reading register 6507 for IP 10.30.4.128: no connection to modbus server
[2024-11-27T02:40:05.703Z] Error reading or processing Modbus registers: no connection to modbus server
[2024-11-27T02:40:05.704Z] Error writing to Modbus register: no connection to modbus server
[2024-11-27T02:40:06.703Z] Error reading register 6507 for IP 10.30.4.128: no connection to modbus server
[2024-11-27T02:40:06.703Z] Error reading or processing Modbus registers: no connection to modbus server
[2024-11-27T02:40:06.704Z] Error writing to Modbus register: no connection to modbus server
[2024-11-27T02:40:07.703Z] Error reading register 6507 for IP 10.30.4.128: no connection to modbus server
[2024-11-27T02:40:07.703Z] Error reading or processing Modbus registers: no connection to modbus server
[2024-11-27T02:40:07.704Z] Error writing to Modbus register: no connection to modbus server
[2024-11-27T03:04:41.630Z] Unable to connect to device at 10.30.4.128: read ECONNRESET
[2024-11-27T03:04:41.633Z] Error reading register 6507 for IP 10.30.4.128: rejecting because of earlier OutOfSync error
[2024-11-27T03:04:41.633Z] Error writing to Modbus register: rejecting because of earlier OutOfSync error
[2024-11-27T03:04:41.633Z] Error reading register 6507 for IP 10.30.4.128: rejecting because of earlier OutOfSync error
[2024-11-27T03:04:41.633Z] Error writing to Modbus register: rejecting because of earlier OutOfSync error
[2024-11-27T03:04:41.633Z] Error reading register 6507 for IP 10.30.4.128: rejecting because of earlier OutOfSync error
[2024-11-27T03:04:41.633Z] Error writing to Modbus register: rejecting because of earlier OutOfSync error
[2024-11-27T03:04:41.633Z] Error reading register 6507 for IP 10.30.4.128: rejecting because of earlier OutOfSync error
[2024-11-27T03:04:41.633Z] Error writing to Modbus register: rejecting because of earlier OutOfSync error
[2024-11-27T03:04:41.633Z] Error reading or processing Modbus registers: connection to modbus server closed
[2024-11-27T03:04:41.633Z] Error reading or processing Modbus registers: rejecting because of earlier OutOfSync error
[2024-11-27T03:04:41.633Z] Error reading or processing Modbus registers: rejecting because of earlier OutOfSync error
[2024-11-27T03:04:41.633Z] Error reading or processing Modbus registers: rejecting because of earlier OutOfSync error
[2024-11-27T03:04:42.513Z] Error reading register 6507 for IP 10.30.4.128: no connection to modbus server
[2024-11-27T03:04:42.513Z] Error reading or processing Modbus registers: no connection to modbus server
[2024-11-27T03:04:42.513Z] Error writing to Modbus register: no connection to modbus server
[2024-11-27T03:04:43.517Z] Error reading register 6507 for IP 10.30.4.128: no connection to modbus server
[2024-11-27T03:04:43.518Z] Error reading or processing Modbus registers: no connection to modbus server
[2024-11-27T03:04:43.518Z] Error writing to Modbus register: no connection to modbus server
[2024-11-27T03:04:44.530Z] Error reading register 6507 for IP 10.30.4.128: no connection to modbus server
[2024-11-27T03:04:44.530Z] Error reading or processing Modbus registers: no connection to modbus server
[2024-11-27T03:04:44.530Z] Error writing to Modbus register: no connection to modbus server
[2024-11-27T03:04:45.534Z] Error reading register 6507 for IP 10.30.4.128: no connection to modbus server
[2024-11-27T03:04:45.534Z] Error reading or processing Modbus registers: no connection to modbus server
[2024-11-27T03:04:45.534Z] Error writing to Modbus register: no connection to modbus server
[2024-11-27T03:04:46.540Z] Error reading register 6507 for IP 10.30.4.128: no connection to modbus server
[2024-11-27T03:04:46.540Z] Error reading or processing Modbus registers: no connection to modbus server
[2024-11-27T03:04:46.540Z] Error writing to Modbus register: no connection to modbus server
[2024-11-27T03:04:47.547Z] Error reading register 6507 for IP 10.30.4.128: no connection to modbus server
[2024-11-27T03:04:47.547Z] Error reading or processing Modbus registers: no connection to modbus server
[2024-11-27T03:04:47.547Z] Error writing to Modbus register: no connection to modbus server
[2024-11-27T03:04:48.549Z] Error reading register 6507 for IP 10.30.4.128: no connection to modbus server
[2024-11-27T03:04:48.549Z] Error reading or processing Modbus registers: no connection to modbus server
[2024-11-27T03:04:48.549Z] Error writing to Modbus register: no connection to modbus server
[2024-11-27T03:04:49.552Z] Error reading register 6507 for IP 10.30.4.128: no connection to modbus server
[2024-11-27T03:04:49.553Z] Error reading or processing Modbus registers: no connection to modbus server
[2024-11-27T03:04:49.553Z] Error writing to Modbus register: no connection to modbus server
[2024-11-27T03:04:50.555Z] Error reading register 6507 for IP 10.30.4.128: no connection to modbus server
[2024-11-27T03:04:50.555Z] Error reading or processing Modbus registers: no connection to modbus server
[2024-11-27T03:04:50.556Z] Error writing to Modbus register: no connection to modbus server
[2024-11-27T03:04:51.560Z] Error reading register 6507 for IP 10.30.4.128: no connection to modbus server
[2024-11-27T03:04:51.560Z] Error reading or processing Modbus registers: no connection to modbus server
[2024-11-27T03:04:51.560Z] Error writing to Modbus register: no connection to modbus server
[2024-11-27T03:04:52.563Z] Error reading register 6507 for IP 10.30.4.128: no connection to modbus server
[2024-11-27T03:04:52.563Z] Error reading or processing Modbus registers: no connection to modbus server
[2024-11-27T03:04:52.563Z] Error writing to Modbus register: no connection to modbus server
[2024-11-27T03:04:53.577Z] Error reading register 6507 for IP 10.30.4.128: no connection to modbus server
[2024-11-27T03:04:53.577Z] Error reading or processing Modbus registers: no connection to modbus server
[2024-11-27T03:04:53.578Z] Error writing to Modbus register: no connection to modbus server
[2024-11-27T03:04:54.579Z] Error reading register 6507 for IP 10.30.4.128: no connection to modbus server
[2024-11-27T03:04:54.579Z] Error reading or processing Modbus registers: no connection to modbus server
[2024-11-27T03:04:54.580Z] Error writing to Modbus register: no connection to modbus server
[2024-11-27T03:04:55.585Z] Error reading register 6507 for IP 10.30.4.128: no connection to modbus server
[2024-11-27T03:04:55.585Z] Error reading or processing Modbus registers: no connection to modbus server
[2024-11-27T03:04:55.585Z] Error writing to Modbus register: no connection to modbus server
[2024-11-27T03:04:56.589Z] Error reading register 6507 for IP 10.30.4.128: no connection to modbus server
[2024-11-27T03:04:56.589Z] Error writing to Modbus register: no connection to modbus server
[2024-11-27T03:04:56.589Z] Error reading or processing Modbus registers: no connection to modbus server
[2024-11-27T03:04:57.595Z] Error reading register 6507 for IP 10.30.4.128: no connection to modbus server
[2024-11-27T03:04:57.596Z] Error reading or processing Modbus registers: no connection to modbus server
[2024-11-27T03:04:57.596Z] Error writing to Modbus register: no connection to modbus server
[2024-11-27T03:04:58.597Z] Error reading register 6507 for IP 10.30.4.128: no connection to modbus server
[2024-11-27T03:04:58.597Z] Error reading or processing Modbus registers: no connection to modbus server
[2024-11-27T03:04:58.597Z] Error writing to Modbus register: no connection to modbus server
[2024-11-27T03:04:59.597Z] Error reading register 6507 for IP 10.30.4.128: no connection to modbus server
[2024-11-27T03:04:59.597Z] Error reading or processing Modbus registers: no connection to modbus server
[2024-11-27T03:04:59.597Z] Error writing to Modbus register: no connection to modbus server
[2024-11-27T03:05:00.602Z] Error reading register 6507 for IP 10.30.4.128: no connection to modbus server
[2024-11-27T03:05:00.603Z] Error reading or processing Modbus registers: no connection to modbus server
[2024-11-27T03:05:00.603Z] Error writing to Modbus register: no connection to modbus server
[2024-11-27T03:05:01.610Z] Error reading register 6507 for IP 10.30.4.128: no connection to modbus server
[2024-11-27T03:05:01.610Z] Error reading or processing Modbus registers: no connection to modbus server
[2024-11-27T03:05:01.610Z] Error writing to Modbus register: no connection to modbus server
[2024-11-27T03:05:02.612Z] Error reading register 6507 for IP 10.30.4.128: no connection to modbus server
[2024-11-27T03:05:02.612Z] Error reading or processing Modbus registers: no connection to modbus server
[2024-11-27T03:05:02.613Z] Error writing to Modbus register: no connection to modbus server
[2024-11-27T03:05:03.613Z] Error reading register 6507 for IP 10.30.4.128: no connection to modbus server
[2024-11-27T03:05:03.613Z] Error reading or processing Modbus registers: no connection to modbus server
[2024-11-27T03:05:03.614Z] Error writing to Modbus register: no connection to modbus server
[2024-11-27T03:05:04.618Z] Error reading register 6507 for IP 10.30.4.128: no connection to modbus server
[2024-11-27T03:05:04.618Z] Error writing to Modbus register: no connection to modbus server
[2024-11-27T03:05:04.618Z] Error reading or processing Modbus registers: no connection to modbus server
[2024-11-27T03:05:05.624Z] Error reading register 6507 for IP 10.30.4.128: no connection to modbus server
[2024-11-27T03:05:05.624Z] Error reading or processing Modbus registers: no connection to modbus server
[2024-11-27T03:05:05.624Z] Error writing to Modbus register: no connection to modbus server
[2024-11-27T03:05:06.626Z] Error reading register 6507 for IP 10.30.4.128: no connection to modbus server
[2024-11-27T03:05:06.627Z] Error reading or processing Modbus registers: no connection to modbus server
[2024-11-27T03:05:06.627Z] Error writing to Modbus register: no connection to modbus server
[2024-11-27T03:05:07.641Z] Error reading register 6507 for IP 10.30.4.128: no connection to modbus server
[2024-11-27T03:05:07.641Z] Error reading or processing Modbus registers: no connection to modbus server
[2024-11-27T03:05:07.642Z] Error writing to Modbus register: no connection to modbus server
[2024-11-27T03:05:08.656Z] Error reading register 6507 for IP 10.30.4.128: no connection to modbus server
[2024-11-27T03:05:08.656Z] Error reading or processing Modbus registers: no connection to modbus server
[2024-11-27T03:05:08.656Z] Error writing to Modbus register: no connection to modbus server
[2024-11-27T03:05:09.670Z] Error reading register 6507 for IP 10.30.4.128: no connection to modbus server
[2024-11-27T03:05:09.670Z] Error reading or processing Modbus registers: no connection to modbus server
[2024-11-27T03:05:09.671Z] Error writing to Modbus register: no connection to modbus server
[2024-11-27T03:05:10.685Z] Error reading register 6507 for IP 10.30.4.128: no connection to modbus server
[2024-11-27T03:05:10.685Z] Error reading or processing Modbus registers: no connection to modbus server
[2024-11-27T03:05:10.685Z] Error writing to Modbus register: no connection to modbus server
[2024-11-27T03:05:11.686Z] Error reading register 6507 for IP 10.30.4.128: no connection to modbus server
[2024-11-27T03:05:11.686Z] Error reading or processing Modbus registers: no connection to modbus server
[2024-11-27T03:05:11.686Z] Error writing to Modbus register: no connection to modbus server
[2024-11-27T03:05:12.687Z] Error reading register 6507 for IP 10.30.4.128: no connection to modbus server
[2024-11-27T03:05:12.687Z] Error reading or processing Modbus registers: no connection to modbus server
[2024-11-27T03:05:12.687Z] Error writing to Modbus register: no connection to modbus server
[2024-11-27T03:05:13.690Z] Error reading register 6507 for IP 10.30.4.128: no connection to modbus server
[2024-11-27T03:05:13.690Z] Error reading or processing Modbus registers: no connection to modbus server
[2024-11-27T03:05:13.690Z] Error writing to Modbus register: no connection to modbus server
[2024-11-27T03:05:14.693Z] Error reading register 6507 for IP 10.30.4.128: no connection to modbus server
[2024-11-27T03:05:14.693Z] Error reading or processing Modbus registers: no connection to modbus server
[2024-11-27T03:05:14.693Z] Error writing to Modbus register: no connection to modbus server
[2024-11-27T03:05:15.693Z] Error reading register 6507 for IP 10.30.4.128: no connection to modbus server
[2024-11-27T03:05:15.693Z] Error reading or processing Modbus registers: no connection to modbus server
[2024-11-27T03:05:15.693Z] Error writing to Modbus register: no connection to modbus server
[2024-11-27T03:05:16.697Z] Error reading register 6507 for IP 10.30.4.128: no connection to modbus server
[2024-11-27T03:05:16.697Z] Error reading or processing Modbus registers: no connection to modbus server
[2024-11-27T03:05:16.697Z] Error writing to Modbus register: no connection to modbus server
[2024-11-27T03:05:17.699Z] Error reading register 6507 for IP 10.30.4.128: no connection to modbus server
[2024-11-27T03:05:17.699Z] Error reading or processing Modbus registers: no connection to modbus server
[2024-11-27T03:05:17.699Z] Error writing to Modbus register: no connection to modbus server
[2024-11-27T03:05:18.701Z] Error reading register 6507 for IP 10.30.4.128: no connection to modbus server
[2024-11-27T03:05:18.701Z] Error reading or processing Modbus registers: no connection to modbus server
[2024-11-27T03:05:18.702Z] Error writing to Modbus register: no connection to modbus server
[2024-11-27T03:05:19.707Z] Error reading register 6507 for IP 10.30.4.128: no connection to modbus server
[2024-11-27T03:05:19.707Z] Error reading or processing Modbus registers: no connection to modbus server
[2024-11-27T03:05:19.707Z] Error writing to Modbus register: no connection to modbus server
[2024-11-27T03:05:20.713Z] Error reading register 6507 for IP 10.30.4.128: no connection to modbus server
[2024-11-27T03:05:20.713Z] Error reading or processing Modbus registers: no connection to modbus server
[2024-11-27T03:05:20.714Z] Error writing to Modbus register: no connection to modbus server
[2024-11-27T03:05:21.716Z] Error reading register 6507 for IP 10.30.4.128: no connection to modbus server
[2024-11-27T03:05:21.716Z] Error reading or processing Modbus registers: no connection to modbus server
[2024-11-27T03:05:21.716Z] Error writing to Modbus register: no connection to modbus server
[2024-11-27T03:05:22.717Z] Error reading register 6507 for IP 10.30.4.128: no connection to modbus server
[2024-11-27T03:05:22.717Z] Error reading or processing Modbus registers: no connection to modbus server
[2024-11-27T03:05:22.717Z] Error writing to Modbus register: no connection to modbus server
[2024-11-27T03:05:23.724Z] Error reading register 6507 for IP 10.30.4.128: no connection to modbus server
[2024-11-27T03:05:23.725Z] Error reading or processing Modbus registers: no connection to modbus server
[2024-11-27T03:05:23.725Z] Error writing to Modbus register: no connection to modbus server
[2024-11-27T03:05:24.728Z] Error reading register 6507 for IP 10.30.4.128: no connection to modbus server
[2024-11-27T03:05:24.728Z] Error reading or processing Modbus registers: no connection to modbus server
[2024-11-27T03:05:24.729Z] Error writing to Modbus register: no connection to modbus server
[2024-11-27T03:05:25.732Z] Error reading register 6507 for IP 10.30.4.128: no connection to modbus server
[2024-11-27T03:05:25.732Z] Error reading or processing Modbus registers: no connection to modbus server
[2024-11-27T03:05:25.732Z] Error writing to Modbus register: no connection to modbus server
[2024-11-27T03:05:26.734Z] Error reading register 6507 for IP 10.30.4.128: no connection to modbus server
[2024-11-27T03:05:26.734Z] Error reading or processing Modbus registers: no connection to modbus server
[2024-11-27T03:05:26.735Z] Error writing to Modbus register: no connection to modbus server
[2024-11-27T03:05:27.748Z] Error reading register 6507 for IP 10.30.4.128: no connection to modbus server
[2024-11-27T03:05:27.749Z] Error writing to Modbus register: no connection to modbus server
[2024-11-27T03:05:27.748Z] Error reading or processing Modbus registers: no connection to modbus server
[2024-11-27T03:05:28.756Z] Error reading register 6507 for IP 10.30.4.128: no connection to modbus server
[2024-11-27T03:05:28.756Z] Error reading or processing Modbus registers: no connection to modbus server
[2024-11-27T03:05:28.756Z] Error writing to Modbus register: no connection to modbus server
[2024-11-27T03:05:29.759Z] Error reading register 6507 for IP 10.30.4.128: no connection to modbus server
[2024-11-27T03:05:29.759Z] Error reading or processing Modbus registers: no connection to modbus server
[2024-11-27T03:05:29.759Z] Error writing to Modbus register: no connection to modbus server
[2024-11-27T03:05:30.765Z] Error reading register 6507 for IP 10.30.4.128: no connection to modbus server
[2024-11-27T03:05:30.765Z] Error reading or processing Modbus registers: no connection to modbus server
[2024-11-27T03:05:30.765Z] Error writing to Modbus register: no connection to modbus server
[2024-11-27T03:05:31.770Z] Error reading register 6507 for IP 10.30.4.128: no connection to modbus server
[2024-11-27T03:05:31.770Z] Error reading or processing Modbus registers: no connection to modbus server
[2024-11-27T03:05:31.770Z] Error writing to Modbus register: no connection to modbus server
[2024-11-27T03:05:32.775Z] Error reading register 6507 for IP 10.30.4.128: no connection to modbus server
[2024-11-27T03:05:32.775Z] Error reading or processing Modbus registers: no connection to modbus server
[2024-11-27T03:05:32.775Z] Error writing to Modbus register: no connection to modbus server
[2024-11-27T03:05:33.779Z] Error reading register 6507 for IP 10.30.4.128: no connection to modbus server
[2024-11-27T03:05:33.779Z] Error reading or processing Modbus registers: no connection to modbus server
[2024-11-27T03:05:33.780Z] Error writing to Modbus register: no connection to modbus server
[2024-11-27T03:05:34.784Z] Error reading register 6507 for IP 10.30.4.128: no connection to modbus server
[2024-11-27T03:05:34.784Z] Error reading or processing Modbus registers: no connection to modbus server
[2024-11-27T03:05:34.784Z] Error writing to Modbus register: no connection to modbus server
[2024-11-27T03:05:35.787Z] Error reading register 6507 for IP 10.30.4.128: no connection to modbus server
[2024-11-27T03:05:35.788Z] Error reading or processing Modbus registers: no connection to modbus server
[2024-11-27T03:05:35.788Z] Error writing to Modbus register: no connection to modbus server
[2024-11-27T03:05:36.791Z] Error reading register 6507 for IP 10.30.4.128: no connection to modbus server
[2024-11-27T03:05:36.792Z] Error reading or processing Modbus registers: no connection to modbus server
[2024-11-27T03:05:36.792Z] Error writing to Modbus register: no connection to modbus server
[2024-11-27T03:05:37.795Z] Error reading register 6507 for IP 10.30.4.128: no connection to modbus server
[2024-11-27T03:05:37.796Z] Error reading or processing Modbus registers: no connection to modbus server
[2024-11-27T03:05:37.796Z] Error writing to Modbus register: no connection to modbus server
[2024-11-27T03:05:38.796Z] Error reading register 6507 for IP 10.30.4.128: no connection to modbus server
[2024-11-27T03:05:38.797Z] Error reading or processing Modbus registers: no connection to modbus server
[2024-11-27T03:05:38.797Z] Error writing to Modbus register: no connection to modbus server
[2024-11-27T03:05:39.805Z] Error reading register 6507 for IP 10.30.4.128: no connection to modbus server
[2024-11-27T03:05:39.805Z] Error reading or processing Modbus registers: no connection to modbus server
[2024-11-27T03:05:39.805Z] Error writing to Modbus register: no connection to modbus server
[2024-11-27T03:05:40.812Z] Error reading register 6507 for IP 10.30.4.128: no connection to modbus server
[2024-11-27T03:05:40.812Z] Error writing to Modbus register: no connection to modbus server
[2024-11-27T03:05:40.812Z] Error reading or processing Modbus registers: no connection to modbus server
[2024-11-27T03:05:41.815Z] Error reading register 6507 for IP 10.30.4.128: no connection to modbus server
[2024-11-27T03:05:41.815Z] Error reading or processing Modbus registers: no connection to modbus server
[2024-11-27T03:05:41.816Z] Error writing to Modbus register: no connection to modbus server
[2024-11-27T03:05:42.818Z] Error reading register 6507 for IP 10.30.4.128: no connection to modbus server
[2024-11-27T03:05:42.819Z] Error writing to Modbus register: no connection to modbus server
[2024-11-27T03:05:42.819Z] Error reading or processing Modbus registers: no connection to modbus server
[2024-11-27T03:05:43.822Z] Error reading register 6507 for IP 10.30.4.128: no connection to modbus server
[2024-11-27T03:05:43.822Z] Error reading or processing Modbus registers: no connection to modbus server
[2024-11-27T03:05:43.823Z] Error writing to Modbus register: no connection to modbus server
[2024-11-27T03:05:44.827Z] Error reading register 6507 for IP 10.30.4.128: no connection to modbus server
[2024-11-27T03:05:44.827Z] Error reading or processing Modbus registers: no connection to modbus server
[2024-11-27T03:05:44.827Z] Error writing to Modbus register: no connection to modbus server
[2024-11-27T03:05:45.831Z] Error reading register 6507 for IP 10.30.4.128: no connection to modbus server
[2024-11-27T03:05:45.832Z] Error reading or processing Modbus registers: no connection to modbus server
[2024-11-27T03:05:45.832Z] Error writing to Modbus register: no connection to modbus server
[2024-11-27T03:05:46.835Z] Error reading register 6507 for IP 10.30.4.128: no connection to modbus server
[2024-11-27T03:05:46.836Z] Error reading or processing Modbus registers: no connection to modbus server
[2024-11-27T03:05:46.837Z] Error writing to Modbus register: no connection to modbus server
[2024-11-27T03:05:47.837Z] Error reading register 6507 for IP 10.30.4.128: no connection to modbus server
[2024-11-27T03:05:47.837Z] Error reading or processing Modbus registers: no connection to modbus server
[2024-11-27T03:05:47.837Z] Error writing to Modbus register: no connection to modbus server
[2024-11-27T03:05:48.839Z] Error reading register 6507 for IP 10.30.4.128: no connection to modbus server
[2024-11-27T03:05:48.839Z] Error reading or processing Modbus registers: no connection to modbus server
[2024-11-27T03:05:48.839Z] Error writing to Modbus register: no connection to modbus server
[2024-11-27T03:05:49.839Z] Error reading register 6507 for IP 10.30.4.128: no connection to modbus server
[2024-11-27T03:05:49.839Z] Error reading or processing Modbus registers: no connection to modbus server
[2024-11-27T03:05:49.841Z] Error writing to Modbus register: no connection to modbus server
[2024-11-27T03:05:50.844Z] Error reading register 6507 for IP 10.30.4.128: no connection to modbus server
[2024-11-27T03:05:50.844Z] Error reading or processing Modbus registers: no connection to modbus server
[2024-11-27T03:05:50.844Z] Error writing to Modbus register: no connection to modbus server
[2024-11-27T03:05:51.847Z] Error reading register 6507 for IP 10.30.4.128: no connection to modbus server
[2024-11-27T03:05:51.847Z] Error reading or processing Modbus registers: no connection to modbus server
[2024-11-27T03:05:51.848Z] Error writing to Modbus register: no connection to modbus server
[2024-11-27T03:05:52.852Z] Error reading register 6507 for IP 10.30.4.128: no connection to modbus server
[2024-11-27T03:05:52.852Z] Error reading or processing Modbus registers: no connection to modbus server
[2024-11-27T03:05:52.852Z] Error writing to Modbus register: no connection to modbus server
[2024-11-27T03:05:53.854Z] Error reading register 6507 for IP 10.30.4.128: no connection to modbus server
[2024-11-27T03:05:53.855Z] Error reading or processing Modbus registers: no connection to modbus server
[2024-11-27T03:05:53.855Z] Error writing to Modbus register: no connection to modbus server
[2024-11-27T03:05:54.860Z] Error reading register 6507 for IP 10.30.4.128: no connection to modbus server
[2024-11-27T03:05:54.861Z] Error reading or processing Modbus registers: no connection to modbus server
[2024-11-27T03:05:54.861Z] Error writing to Modbus register: no connection to modbus server
[2024-11-27T03:05:55.864Z] Error reading register 6507 for IP 10.30.4.128: no connection to modbus server
[2024-11-27T03:05:55.864Z] Error reading or processing Modbus registers: no connection to modbus server
[2024-11-27T03:05:55.864Z] Error writing to Modbus register: no connection to modbus server
[2024-11-27T03:05:56.872Z] Error reading register 6507 for IP 10.30.4.128: no connection to modbus server
[2024-11-27T03:05:56.872Z] Error reading or processing Modbus registers: no connection to modbus server
[2024-11-27T03:05:56.872Z] Error writing to Modbus register: no connection to modbus server
[2024-11-27T03:05:57.879Z] Error reading register 6507 for IP 10.30.4.128: no connection to modbus server
[2024-11-27T03:05:57.879Z] Error reading or processing Modbus registers: no connection to modbus server
[2024-11-27T03:05:57.879Z] Error writing to Modbus register: no connection to modbus server
[2024-11-27T03:05:58.883Z] Error reading register 6507 for IP 10.30.4.128: no connection to modbus server
[2024-11-27T03:05:58.883Z] Error reading or processing Modbus registers: no connection to modbus server
[2024-11-27T03:05:58.883Z] Error writing to Modbus register: no connection to modbus server
[2024-11-27T03:05:59.889Z] Error reading register 6507 for IP 10.30.4.128: no connection to modbus server
[2024-11-27T03:05:59.889Z] Error reading or processing Modbus registers: no connection to modbus server
[2024-11-27T03:05:59.890Z] Error writing to Modbus register: no connection to modbus server
[2024-11-27T03:06:00.903Z] Error reading register 6507 for IP 10.30.4.128: no connection to modbus server
[2024-11-27T03:06:00.904Z] Error reading or processing Modbus registers: no connection to modbus server
[2024-11-27T03:06:00.904Z] Error writing to Modbus register: no connection to modbus server
[2024-11-27T03:06:01.908Z] Error reading register 6507 for IP 10.30.4.128: no connection to modbus server
[2024-11-27T03:06:01.908Z] Error reading or processing Modbus registers: no connection to modbus server
[2024-11-27T03:06:01.908Z] Error writing to Modbus register: no connection to modbus server
[2024-11-27T03:06:02.908Z] Error reading register 6507 for IP 10.30.4.128: no connection to modbus server
[2024-11-27T03:06:02.908Z] Error reading or processing Modbus registers: no connection to modbus server
[2024-11-27T03:06:02.909Z] Error writing to Modbus register: no connection to modbus server
[2024-11-27T03:06:03.910Z] Error reading register 6507 for IP 10.30.4.128: no connection to modbus server
[2024-11-27T03:06:03.910Z] Error reading or processing Modbus registers: no connection to modbus server
[2024-11-27T03:06:03.911Z] Error writing to Modbus register: no connection to modbus server
[2024-11-27T03:06:04.913Z] Error reading register 6507 for IP 10.30.4.128: no connection to modbus server
[2024-11-27T03:06:04.913Z] Error writing to Modbus register: no connection to modbus server
[2024-11-27T03:06:04.913Z] Error reading or processing Modbus registers: no connection to modbus server
[2024-11-27T03:06:05.915Z] Error reading register 6507 for IP 10.30.4.128: no connection to modbus server
[2024-11-27T03:06:05.915Z] Error writing to Modbus register: no connection to modbus server
[2024-11-27T03:06:05.915Z] Error reading or processing Modbus registers: no connection to modbus server
[2024-11-27T03:06:06.916Z] Error reading register 6507 for IP 10.30.4.128: no connection to modbus server
[2024-11-27T03:06:06.917Z] Error writing to Modbus register: no connection to modbus server
[2024-11-27T03:06:06.916Z] Error reading or processing Modbus registers: no connection to modbus server
[2024-11-27T03:06:07.917Z] Error reading register 6507 for IP 10.30.4.128: no connection to modbus server
[2024-11-27T03:06:07.917Z] Error reading or processing Modbus registers: no connection to modbus server
[2024-11-27T03:06:07.918Z] Error writing to Modbus register: no connection to modbus server
[2024-11-27T03:06:08.931Z] Error reading register 6507 for IP 10.30.4.128: no connection to modbus server
[2024-11-27T03:06:08.931Z] Error reading or processing Modbus registers: no connection to modbus server
[2024-11-27T03:06:08.932Z] Error writing to Modbus register: no connection to modbus server
[2024-11-27T03:06:09.937Z] Error reading register 6507 for IP 10.30.4.128: no connection to modbus server
[2024-11-27T03:06:09.938Z] Error reading or processing Modbus registers: no connection to modbus server
[2024-11-27T03:06:09.938Z] Error writing to Modbus register: no connection to modbus server
[2024-11-27T03:06:10.941Z] Error reading register 6507 for IP 10.30.4.128: no connection to modbus server
[2024-11-27T03:06:10.941Z] Error reading or processing Modbus registers: no connection to modbus server
[2024-11-27T03:06:10.941Z] Error writing to Modbus register: no connection to modbus server
[2024-11-27T03:06:11.946Z] Error reading register 6507 for IP 10.30.4.128: no connection to modbus server
[2024-11-27T03:06:11.946Z] Error reading or processing Modbus registers: no connection to modbus server
[2024-11-27T03:06:11.946Z] Error writing to Modbus register: no connection to modbus server
[2024-11-27T03:06:12.948Z] Error reading register 6507 for IP 10.30.4.128: no connection to modbus server
[2024-11-27T03:06:12.949Z] Error reading or processing Modbus registers: no connection to modbus server
[2024-11-27T03:06:12.949Z] Error writing to Modbus register: no connection to modbus server
[2024-11-27T03:06:13.950Z] Error reading register 6507 for IP 10.30.4.128: no connection to modbus server
[2024-11-27T03:06:13.950Z] Error reading or processing Modbus registers: no connection to modbus server
[2024-11-27T03:06:13.950Z] Error writing to Modbus register: no connection to modbus server
[2024-11-27T03:06:14.954Z] Error reading register 6507 for IP 10.30.4.128: no connection to modbus server
[2024-11-27T03:06:14.954Z] Error reading or processing Modbus registers: no connection to modbus server
[2024-11-27T03:06:14.954Z] Error writing to Modbus register: no connection to modbus server
[2024-11-27T03:06:15.953Z] Error reading register 6507 for IP 10.30.4.128: no connection to modbus server
[2024-11-27T03:06:15.953Z] Error reading or processing Modbus registers: no connection to modbus server
[2024-11-27T03:06:15.954Z] Error writing to Modbus register: no connection to modbus server
[2024-11-27T03:06:16.958Z] Error reading register 6507 for IP 10.30.4.128: no connection to modbus server
[2024-11-27T03:06:16.958Z] Error reading or processing Modbus registers: no connection to modbus server
[2024-11-27T03:06:16.958Z] Error writing to Modbus register: no connection to modbus server
[2024-11-27T03:06:17.964Z] Error reading register 6507 for IP 10.30.4.128: no connection to modbus server
[2024-11-27T03:06:17.964Z] Error reading or processing Modbus registers: no connection to modbus server
[2024-11-27T03:06:17.964Z] Error writing to Modbus register: no connection to modbus server
[2024-11-27T03:06:18.968Z] Error reading register 6507 for IP 10.30.4.128: no connection to modbus server
[2024-11-27T03:06:18.968Z] Error reading or processing Modbus registers: no connection to modbus server
[2024-11-27T03:06:18.969Z] Error writing to Modbus register: no connection to modbus server
[2024-11-27T03:06:19.971Z] Error reading register 6507 for IP 10.30.4.128: no connection to modbus server
[2024-11-27T03:06:19.971Z] Error reading or processing Modbus registers: no connection to modbus server
[2024-11-27T03:06:19.971Z] Error writing to Modbus register: no connection to modbus server
[2024-11-27T03:06:20.976Z] Error reading register 6507 for IP 10.30.4.128: no connection to modbus server
[2024-11-27T03:06:20.976Z] Error reading or processing Modbus registers: no connection to modbus server
[2024-11-27T03:06:20.976Z] Error writing to Modbus register: no connection to modbus server
[2024-11-27T03:06:21.977Z] Error reading register 6507 for IP 10.30.4.128: no connection to modbus server
[2024-11-27T03:06:21.977Z] Error reading or processing Modbus registers: no connection to modbus server
[2024-11-27T03:06:21.978Z] Error writing to Modbus register: no connection to modbus server
[2024-11-27T03:06:22.985Z] Error reading register 6507 for IP 10.30.4.128: no connection to modbus server
[2024-11-27T03:06:22.985Z] Error reading or processing Modbus registers: no connection to modbus server
[2024-11-27T03:06:22.986Z] Error writing to Modbus register: no connection to modbus server
[2024-11-27T03:06:23.992Z] Error reading register 6507 for IP 10.30.4.128: no connection to modbus server
[2024-11-27T03:06:23.992Z] Error reading or processing Modbus registers: no connection to modbus server
[2024-11-27T03:06:23.992Z] Error writing to Modbus register: no connection to modbus server
[2024-11-27T03:06:24.995Z] Error reading register 6507 for IP 10.30.4.128: no connection to modbus server
[2024-11-27T03:06:24.995Z] Error reading or processing Modbus registers: no connection to modbus server
[2024-11-27T03:06:24.995Z] Error writing to Modbus register: no connection to modbus server
[2024-11-27T03:06:25.995Z] Error reading register 6507 for IP 10.30.4.128: no connection to modbus server
[2024-11-27T03:06:25.995Z] Error reading or processing Modbus registers: no connection to modbus server
[2024-11-27T03:06:25.995Z] Error writing to Modbus register: no connection to modbus server
[2024-11-27T03:06:26.158Z] Unable to connect to device at 10.30.4.128: read ECONNRESET
[2024-11-27T03:06:26.159Z] Error reading register 6507 for IP 10.30.4.128: rejecting because of earlier OutOfSync error
[2024-11-27T03:06:26.160Z] Error writing to Modbus register: rejecting because of earlier OutOfSync error
[2024-11-27T03:06:26.160Z] Error reading or processing Modbus registers: connection to modbus server closed
[2024-11-27T03:06:26.159Z] Error writing to Modbus register: rejecting because of earlier OutOfSync error
[2024-11-27T03:06:26.160Z] Error reading register 6507 for IP 10.30.4.128: rejecting because of earlier OutOfSync error
[2024-11-27T03:06:26.160Z] Error reading or processing Modbus registers: rejecting because of earlier OutOfSync error
[2024-11-27T03:06:26.566Z] Error reading register 6507 for IP 10.30.4.128: no connection to modbus server
[2024-11-27T03:06:26.567Z] Error reading or processing Modbus registers: no connection to modbus server
[2024-11-27T03:06:26.567Z] Error writing to Modbus register: no connection to modbus server
[2024-11-27T03:06:26.998Z] Error reading register 6507 for IP 10.30.4.128: no connection to modbus server
[2024-11-27T03:06:26.998Z] Error writing to Modbus register: no connection to modbus server
[2024-11-27T03:06:26.998Z] Error reading or processing Modbus registers: no connection to modbus server
[2024-11-27T03:06:27.568Z] Error reading register 6507 for IP 10.30.4.128: no connection to modbus server
[2024-11-27T03:06:27.569Z] Error reading or processing Modbus registers: no connection to modbus server
[2024-11-27T03:06:27.569Z] Error writing to Modbus register: no connection to modbus server
[2024-11-27T03:06:27.999Z] Error reading register 6507 for IP 10.30.4.128: no connection to modbus server
[2024-11-27T03:06:27.999Z] Error reading or processing Modbus registers: no connection to modbus server
[2024-11-27T03:06:27.999Z] Error writing to Modbus register: no connection to modbus server
[2024-11-27T03:06:28.582Z] Error reading register 6507 for IP 10.30.4.128: no connection to modbus server
[2024-11-27T03:06:28.582Z] Error writing to Modbus register: no connection to modbus server
[2024-11-27T03:06:28.582Z] Error reading or processing Modbus registers: no connection to modbus server
[2024-11-27T03:06:29.013Z] Error reading register 6507 for IP 10.30.4.128: no connection to modbus server
[2024-11-27T03:06:29.013Z] Error reading or processing Modbus registers: no connection to modbus server
[2024-11-27T03:06:29.013Z] Error writing to Modbus register: no connection to modbus server
[2024-11-27T03:06:29.584Z] Error reading register 6507 for IP 10.30.4.128: no connection to modbus server
[2024-11-27T03:06:29.584Z] Error reading or processing Modbus registers: no connection to modbus server
[2024-11-27T03:06:29.585Z] Error writing to Modbus register: no connection to modbus server
[2024-11-27T03:06:30.016Z] Error reading register 6507 for IP 10.30.4.128: no connection to modbus server
[2024-11-27T03:06:30.016Z] Error reading or processing Modbus registers: no connection to modbus server
[2024-11-27T03:06:30.016Z] Error writing to Modbus register: no connection to modbus server
[2024-11-27T03:22:12.103Z] Unable to connect to device at 10.30.4.128: read ECONNRESET
[2024-11-27T03:22:12.105Z] Error reading register 6507 for IP 10.30.4.128: rejecting because of earlier OutOfSync error
[2024-11-27T03:22:12.105Z] Error writing to Modbus register: rejecting because of earlier OutOfSync error
[2024-11-27T03:22:12.105Z] Error reading register 6507 for IP 10.30.4.128: rejecting because of earlier OutOfSync error
[2024-11-27T03:22:12.105Z] Error writing to Modbus register: rejecting because of earlier OutOfSync error
[2024-11-27T03:22:12.106Z] Error reading or processing Modbus registers: connection to modbus server closed
[2024-11-27T03:22:12.106Z] Error reading or processing Modbus registers: rejecting because of earlier OutOfSync error
[2024-11-27T03:22:12.712Z] Error reading register 6507 for IP 10.30.4.128: no connection to modbus server
[2024-11-27T03:22:12.712Z] Error reading or processing Modbus registers: no connection to modbus server
[2024-11-27T03:22:12.712Z] Error writing to Modbus register: no connection to modbus server
[2024-11-27T03:22:13.713Z] Error reading register 6507 for IP 10.30.4.128: no connection to modbus server
[2024-11-27T03:22:13.714Z] Error reading or processing Modbus registers: no connection to modbus server
[2024-11-27T03:22:13.714Z] Error writing to Modbus register: no connection to modbus server
[2024-11-27T03:25:20.023Z] Device at 10.30.4.128 is not reachable. Skipping connection attempt.
[2024-11-27T03:25:25.025Z] Unable to connect to device at 10.30.4.128: read ECONNRESET
[2024-11-27T03:25:25.028Z] Error reading register 6507 for IP 10.30.4.128: rejecting because of earlier OutOfSync error
[2024-11-27T03:25:25.028Z] Error writing to Modbus register: rejecting because of earlier OutOfSync error
[2024-11-27T03:25:25.028Z] Error reading register 6507 for IP 10.30.4.128: rejecting because of earlier OutOfSync error
[2024-11-27T03:25:25.028Z] Error reading register 6507 for IP 10.30.4.128: rejecting because of earlier OutOfSync error
[2024-11-27T03:25:25.028Z] Error writing to Modbus register: rejecting because of earlier OutOfSync error
[2024-11-27T03:25:25.028Z] Error writing to Modbus register: rejecting because of earlier OutOfSync error
[2024-11-27T03:25:25.029Z] Error reading register 6507 for IP 10.30.4.128: rejecting because of earlier OutOfSync error
[2024-11-27T03:25:25.029Z] Error writing to Modbus register: rejecting because of earlier OutOfSync error
[2024-11-27T03:25:25.029Z] Error reading register 6507 for IP 10.30.4.128: rejecting because of earlier OutOfSync error
[2024-11-27T03:25:25.029Z] Error writing to Modbus register: rejecting because of earlier OutOfSync error
[2024-11-27T03:25:25.029Z] Error reading register 6507 for IP 10.30.4.128: rejecting because of earlier OutOfSync error
[2024-11-27T03:25:25.029Z] Error writing to Modbus register: rejecting because of earlier OutOfSync error
[2024-11-27T03:25:25.029Z] Error reading register 6507 for IP 10.30.4.128: rejecting because of earlier OutOfSync error
[2024-11-27T03:25:25.029Z] Error writing to Modbus register: rejecting because of earlier OutOfSync error
[2024-11-27T03:25:25.029Z] Error reading register 6507 for IP 10.30.4.128: rejecting because of earlier OutOfSync error
[2024-11-27T03:25:25.029Z] Error writing to Modbus register: rejecting because of earlier OutOfSync error
[2024-11-27T03:25:25.029Z] Error reading register 6507 for IP 10.30.4.128: rejecting because of earlier OutOfSync error
[2024-11-27T03:25:25.029Z] Error writing to Modbus register: rejecting because of earlier OutOfSync error
[2024-11-27T03:25:25.029Z] Error reading register 6507 for IP 10.30.4.128: rejecting because of earlier OutOfSync error
[2024-11-27T03:25:25.029Z] Error writing to Modbus register: rejecting because of earlier OutOfSync error
[2024-11-27T03:25:25.029Z] Error reading register 6507 for IP 10.30.4.128: rejecting because of earlier OutOfSync error
[2024-11-27T03:25:25.029Z] Error writing to Modbus register: rejecting because of earlier OutOfSync error
[2024-11-27T03:25:25.029Z] Error reading register 6507 for IP 10.30.4.128: rejecting because of earlier OutOfSync error
[2024-11-27T03:25:25.029Z] Error writing to Modbus register: rejecting because of earlier OutOfSync error
[2024-11-27T03:25:25.029Z] Error reading register 6507 for IP 10.30.4.128: rejecting because of earlier OutOfSync error
[2024-11-27T03:25:25.030Z] Error writing to Modbus register: rejecting because of earlier OutOfSync error
[2024-11-27T03:25:25.030Z] Error reading register 6507 for IP 10.30.4.128: rejecting because of earlier OutOfSync error
[2024-11-27T03:25:25.030Z] Error writing to Modbus register: rejecting because of earlier OutOfSync error
[2024-11-27T03:25:25.030Z] Error reading register 6507 for IP 10.30.4.128: rejecting because of earlier OutOfSync error
[2024-11-27T03:25:25.030Z] Error writing to Modbus register: rejecting because of earlier OutOfSync error
[2024-11-27T03:25:25.030Z] Error reading register 6507 for IP 10.30.4.128: rejecting because of earlier OutOfSync error
[2024-11-27T03:25:25.030Z] Error reading register 6507 for IP 10.30.4.128: rejecting because of earlier OutOfSync error
[2024-11-27T03:25:25.030Z] Error writing to Modbus register: rejecting because of earlier OutOfSync error
[2024-11-27T03:25:25.030Z] Error reading or processing Modbus registers: rejecting because of earlier OutOfSync error
[2024-11-27T03:25:25.030Z] Error reading or processing Modbus registers: rejecting because of earlier OutOfSync error
[2024-11-27T03:25:25.030Z] Error reading or processing Modbus registers: rejecting because of earlier OutOfSync error
[2024-11-27T03:25:25.030Z] Error reading or processing Modbus registers: rejecting because of earlier OutOfSync error
[2024-11-27T03:25:25.030Z] Error reading or processing Modbus registers: rejecting because of earlier OutOfSync error
[2024-11-27T03:25:25.030Z] Error reading or processing Modbus registers: rejecting because of earlier OutOfSync error
[2024-11-27T03:25:25.030Z] Error reading or processing Modbus registers: rejecting because of earlier OutOfSync error
[2024-11-27T03:25:25.030Z] Error reading or processing Modbus registers: rejecting because of earlier OutOfSync error
[2024-11-27T03:25:25.030Z] Error writing to Modbus register: rejecting because of earlier OutOfSync error
[2024-11-27T03:25:25.030Z] Error reading register 6507 for IP 10.30.4.128: rejecting because of earlier OutOfSync error
[2024-11-27T03:25:25.031Z] Error reading or processing Modbus registers: rejecting because of earlier OutOfSync error
[2024-11-27T03:25:25.031Z] Error reading or processing Modbus registers: rejecting because of earlier OutOfSync error
[2024-11-27T03:25:25.031Z] Error reading or processing Modbus registers: rejecting because of earlier OutOfSync error
[2024-11-27T03:25:25.031Z] Error reading or processing Modbus registers: rejecting because of earlier OutOfSync error
[2024-11-27T03:25:25.030Z] Error reading or processing Modbus registers: rejecting because of earlier OutOfSync error
[2024-11-27T03:25:25.031Z] Error reading or processing Modbus registers: rejecting because of earlier OutOfSync error
[2024-11-27T03:25:25.030Z] Error reading or processing Modbus registers: rejecting because of earlier OutOfSync error
[2024-11-27T03:25:25.031Z] Error reading or processing Modbus registers: rejecting because of earlier OutOfSync error
[2024-11-27T03:25:25.030Z] Error writing to Modbus register: rejecting because of earlier OutOfSync error
[2024-11-27T03:25:25.031Z] Error reading or processing Modbus registers: rejecting because of earlier OutOfSync error
[2024-11-27T03:25:25.031Z] Error reading or processing Modbus registers: rejecting because of earlier OutOfSync error
[2024-11-27T03:25:25.118Z] Error reading register 6507 for IP 10.30.4.128: no connection to modbus server
[2024-11-27T03:25:25.118Z] Error reading or processing Modbus registers: no connection to modbus server
[2024-11-27T03:25:25.118Z] Error writing to Modbus register: no connection to modbus server
[2024-11-27T03:25:26.120Z] Error reading register 6507 for IP 10.30.4.128: no connection to modbus server
[2024-11-27T03:25:26.120Z] Error reading or processing Modbus registers: no connection to modbus server
[2024-11-27T03:25:26.120Z] Error writing to Modbus register: no connection to modbus server
[2024-11-27T03:25:27.122Z] Error reading register 6507 for IP 10.30.4.128: no connection to modbus server
[2024-11-27T03:25:27.122Z] Error reading or processing Modbus registers: no connection to modbus server
[2024-11-27T03:25:27.123Z] Error writing to Modbus register: no connection to modbus server
[2024-11-27T03:25:28.135Z] Error reading register 6507 for IP 10.30.4.128: no connection to modbus server
[2024-11-27T03:25:28.136Z] Error reading or processing Modbus registers: no connection to modbus server
[2024-11-27T03:25:28.136Z] Error writing to Modbus register: no connection to modbus server
[2024-11-27T03:25:29.136Z] Error reading register 6507 for IP 10.30.4.128: no connection to modbus server
[2024-11-27T03:25:29.136Z] Error reading or processing Modbus registers: no connection to modbus server
[2024-11-27T03:25:29.137Z] Error writing to Modbus register: no connection to modbus server
[2024-11-27T03:25:30.138Z] Error reading register 6507 for IP 10.30.4.128: no connection to modbus server
[2024-11-27T03:25:30.138Z] Error reading or processing Modbus registers: no connection to modbus server
[2024-11-27T03:25:30.139Z] Error writing to Modbus register: no connection to modbus server
[2024-11-27T03:25:31.141Z] Error reading register 6507 for IP 10.30.4.128: no connection to modbus server
[2024-11-27T03:25:31.141Z] Error reading or processing Modbus registers: no connection to modbus server
[2024-11-27T03:25:31.142Z] Error writing to Modbus register: no connection to modbus server
[2024-11-27T03:29:38.522Z] Device at 10.30.4.128 is not reachable. Skipping connection attempt.
[2024-11-27T03:29:38.898Z] Error reading or processing Modbus registers: Req timed out
[2024-11-27T03:29:46.010Z] Device at 10.30.4.128 is not reachable. Skipping connection attempt.
[2024-11-27T03:29:52.838Z] Unable to connect to device at 10.30.4.128: read ECONNRESET
[2024-11-27T03:29:52.840Z] Error reading register 6507 for IP 10.30.4.128: connection to modbus server closed
[2024-11-27T03:29:52.840Z] Error writing to Modbus register: rejecting because of earlier OutOfSync error
[2024-11-27T03:29:52.840Z] Error reading register 6507 for IP 10.30.4.128: rejecting because of earlier OutOfSync error
[2024-11-27T03:29:52.840Z] Error writing to Modbus register: rejecting because of earlier OutOfSync error
[2024-11-27T03:29:52.840Z] Error reading register 6507 for IP 10.30.4.128: rejecting because of earlier OutOfSync error
[2024-11-27T03:29:52.841Z] Error reading register 6507 for IP 10.30.4.128: rejecting because of earlier OutOfSync error
[2024-11-27T03:29:52.841Z] Error writing to Modbus register: rejecting because of earlier OutOfSync error
[2024-11-27T03:29:52.841Z] Error writing to Modbus register: rejecting because of earlier OutOfSync error
[2024-11-27T03:29:52.841Z] Error reading register 6507 for IP 10.30.4.128: rejecting because of earlier OutOfSync error
[2024-11-27T03:29:52.841Z] Error writing to Modbus register: rejecting because of earlier OutOfSync error
[2024-11-27T03:29:52.841Z] Error reading register 6507 for IP 10.30.4.128: rejecting because of earlier OutOfSync error
[2024-11-27T03:29:52.841Z] Error reading register 6507 for IP 10.30.4.128: rejecting because of earlier OutOfSync error
[2024-11-27T03:29:52.841Z] Error writing to Modbus register: rejecting because of earlier OutOfSync error
[2024-11-27T03:29:52.841Z] Error reading register 6507 for IP 10.30.4.128: rejecting because of earlier OutOfSync error
[2024-11-27T03:29:52.841Z] Error writing to Modbus register: rejecting because of earlier OutOfSync error
[2024-11-27T03:29:52.841Z] Error reading register 6507 for IP 10.30.4.128: rejecting because of earlier OutOfSync error
[2024-11-27T03:29:52.841Z] Error writing to Modbus register: rejecting because of earlier OutOfSync error
[2024-11-27T03:29:52.841Z] Error writing to Modbus register: rejecting because of earlier OutOfSync error
[2024-11-27T03:29:52.841Z] Error reading register 6507 for IP 10.30.4.128: rejecting because of earlier OutOfSync error
[2024-11-27T03:29:52.841Z] Error writing to Modbus register: rejecting because of earlier OutOfSync error
[2024-11-27T03:29:52.841Z] Error reading register 6507 for IP 10.30.4.128: rejecting because of earlier OutOfSync error
[2024-11-27T03:29:52.842Z] Error writing to Modbus register: rejecting because of earlier OutOfSync error
[2024-11-27T03:29:52.842Z] Error reading register 6507 for IP 10.30.4.128: rejecting because of earlier OutOfSync error
[2024-11-27T03:29:52.842Z] Error writing to Modbus register: rejecting because of earlier OutOfSync error
[2024-11-27T03:29:52.842Z] Error reading register 6507 for IP 10.30.4.128: rejecting because of earlier OutOfSync error
[2024-11-27T03:29:52.842Z] Error writing to Modbus register: rejecting because of earlier OutOfSync error
[2024-11-27T03:29:52.842Z] Error reading register 6507 for IP 10.30.4.128: rejecting because of earlier OutOfSync error
[2024-11-27T03:29:52.842Z] Error writing to Modbus register: rejecting because of earlier OutOfSync error
[2024-11-27T03:29:52.842Z] Error reading register 6507 for IP 10.30.4.128: rejecting because of earlier OutOfSync error
[2024-11-27T03:29:52.842Z] Error writing to Modbus register: rejecting because of earlier OutOfSync error
[2024-11-27T03:29:52.842Z] Error reading register 6507 for IP 10.30.4.128: rejecting because of earlier OutOfSync error
[2024-11-27T03:29:52.842Z] Error writing to Modbus register: rejecting because of earlier OutOfSync error
[2024-11-27T03:29:52.842Z] Error reading register 6507 for IP 10.30.4.128: rejecting because of earlier OutOfSync error
[2024-11-27T03:29:52.842Z] Error writing to Modbus register: rejecting because of earlier OutOfSync error
[2024-11-27T03:29:52.842Z] Error reading register 6507 for IP 10.30.4.128: rejecting because of earlier OutOfSync error
[2024-11-27T03:29:52.842Z] Error writing to Modbus register: rejecting because of earlier OutOfSync error
[2024-11-27T03:29:52.842Z] Error reading register 6507 for IP 10.30.4.128: rejecting because of earlier OutOfSync error
[2024-11-27T03:29:52.842Z] Error writing to Modbus register: rejecting because of earlier OutOfSync error
[2024-11-27T03:29:52.842Z] Error reading or processing Modbus registers: rejecting because of earlier OutOfSync error
[2024-11-27T03:29:52.842Z] Error reading or processing Modbus registers: rejecting because of earlier OutOfSync error
[2024-11-27T03:29:52.842Z] Error reading or processing Modbus registers: rejecting because of earlier OutOfSync error
[2024-11-27T03:29:52.843Z] Error reading or processing Modbus registers: rejecting because of earlier OutOfSync error
[2024-11-27T03:29:52.843Z] Error reading or processing Modbus registers: rejecting because of earlier OutOfSync error
[2024-11-27T03:29:52.843Z] Error reading or processing Modbus registers: rejecting because of earlier OutOfSync error
[2024-11-27T03:29:52.843Z] Error reading or processing Modbus registers: rejecting because of earlier OutOfSync error
[2024-11-27T03:29:52.843Z] Error reading or processing Modbus registers: rejecting because of earlier OutOfSync error
[2024-11-27T03:29:52.843Z] Error reading or processing Modbus registers: rejecting because of earlier OutOfSync error
[2024-11-27T03:29:52.843Z] Error reading or processing Modbus registers: rejecting because of earlier OutOfSync error
[2024-11-27T03:29:52.843Z] Error reading or processing Modbus registers: rejecting because of earlier OutOfSync error
[2024-11-27T03:29:52.843Z] Error reading or processing Modbus registers: rejecting because of earlier OutOfSync error
[2024-11-27T03:29:52.843Z] Error reading or processing Modbus registers: rejecting because of earlier OutOfSync error
[2024-11-27T03:29:52.843Z] Error reading or processing Modbus registers: rejecting because of earlier OutOfSync error
[2024-11-27T03:29:52.843Z] Error reading or processing Modbus registers: rejecting because of earlier OutOfSync error
[2024-11-27T03:29:52.843Z] Error reading or processing Modbus registers: rejecting because of earlier OutOfSync error
[2024-11-27T03:29:52.843Z] Error reading or processing Modbus registers: rejecting because of earlier OutOfSync error
[2024-11-27T03:29:52.843Z] Error reading or processing Modbus registers: rejecting because of earlier OutOfSync error
[2024-11-27T03:29:53.022Z] Error reading register 6507 for IP 10.30.4.128: no connection to modbus server
[2024-11-27T03:29:53.022Z] Error reading or processing Modbus registers: no connection to modbus server
[2024-11-27T03:29:53.022Z] Error writing to Modbus register: no connection to modbus server
[2024-11-27T03:29:54.025Z] Error reading register 6507 for IP 10.30.4.128: no connection to modbus server
[2024-11-27T03:29:54.026Z] Error reading or processing Modbus registers: no connection to modbus server
[2024-11-27T03:29:54.026Z] Error writing to Modbus register: no connection to modbus server
[2024-11-27T03:29:55.040Z] Error reading or processing Modbus registers: no connection to modbus server
[2024-11-27T03:29:55.040Z] Error reading register 6507 for IP 10.30.4.128: no connection to modbus server
[2024-11-27T03:29:55.041Z] Error writing to Modbus register: no connection to modbus server
[2024-11-27T03:29:56.042Z] Error reading register 6507 for IP 10.30.4.128: no connection to modbus server
[2024-11-27T03:29:56.042Z] Error reading or processing Modbus registers: no connection to modbus server
[2024-11-27T03:29:56.042Z] Error writing to Modbus register: no connection to modbus server
[2024-11-27T03:29:57.054Z] Error reading register 6507 for IP 10.30.4.128: no connection to modbus server
[2024-11-27T03:29:57.055Z] Error writing to Modbus register: no connection to modbus server
[2024-11-27T03:29:57.054Z] Error reading or processing Modbus registers: no connection to modbus server
[2024-11-27T03:29:57.842Z] Error reading register 6507 for IP 10.30.4.128: no connection to modbus server
[2024-11-27T03:29:57.842Z] Error reading register 6507 for IP 10.30.4.128: no connection to modbus server
[2024-11-27T03:29:57.843Z] Error reading register 6507 for IP 10.30.4.128: no connection to modbus server
[2024-11-27T03:29:57.843Z] Error reading register 6507 for IP 10.30.4.128: no connection to modbus server
[2024-11-27T03:29:57.843Z] Error reading register 6507 for IP 10.30.4.128: no connection to modbus server
[2024-11-27T03:29:57.844Z] Error reading register 6507 for IP 10.30.4.128: no connection to modbus server
[2024-11-27T03:29:57.844Z] Error reading register 6507 for IP 10.30.4.128: no connection to modbus server
[2024-11-27T03:29:57.845Z] Error reading register 6507 for IP 10.30.4.128: no connection to modbus server
[2024-11-27T03:29:57.845Z] Error reading register 6507 for IP 10.30.4.128: no connection to modbus server
[2024-11-27T03:29:57.846Z] Error reading register 6507 for IP 10.30.4.128: no connection to modbus server
[2024-11-27T03:29:57.846Z] Error reading register 6507 for IP 10.30.4.128: no connection to modbus server
[2024-11-27T03:29:57.846Z] Error reading register 6507 for IP 10.30.4.128: no connection to modbus server
[2024-11-27T03:29:57.847Z] Error reading register 6507 for IP 10.30.4.128: no connection to modbus server
[2024-11-27T03:29:57.847Z] Error reading register 6507 for IP 10.30.4.128: no connection to modbus server
[2024-11-27T03:29:57.847Z] Error reading register 6507 for IP 10.30.4.128: no connection to modbus server
[2024-11-27T03:29:57.848Z] Error reading register 6507 for IP 10.30.4.128: no connection to modbus server
[2024-11-27T03:29:57.848Z] Error reading register 6507 for IP 10.30.4.128: no connection to modbus server
[2024-11-27T03:29:57.848Z] Error reading register 6507 for IP 10.30.4.128: no connection to modbus server
[2024-11-27T03:29:57.848Z] Error reading register 6507 for IP 10.30.4.128: no connection to modbus server
[2024-11-27T03:29:58.022Z] Error reading register 6507 for IP 10.30.4.128: no connection to modbus server
[2024-11-27T03:29:58.053Z] Error reading register 6507 for IP 10.30.4.128: no connection to modbus server
[2024-11-27T03:29:58.054Z] Error reading or processing Modbus registers: no connection to modbus server
[2024-11-27T03:29:58.054Z] Error writing to Modbus register: no connection to modbus server
[2024-11-27T03:29:59.040Z] Error reading register 6507 for IP 10.30.4.128: no connection to modbus server
[2024-11-27T03:29:59.055Z] Error reading register 6507 for IP 10.30.4.128: no connection to modbus server
[2024-11-27T03:29:59.055Z] Error reading or processing Modbus registers: no connection to modbus server
[2024-11-27T03:29:59.056Z] Error writing to Modbus register: no connection to modbus server
[2024-11-27T03:30:00.043Z] Error reading register 6507 for IP 10.30.4.128: no connection to modbus server
[2024-11-27T03:30:00.058Z] Error reading register 6507 for IP 10.30.4.128: no connection to modbus server
[2024-11-27T03:30:00.058Z] Error reading or processing Modbus registers: no connection to modbus server
[2024-11-27T03:30:00.058Z] Error writing to Modbus register: no connection to modbus server
[2024-11-27T03:30:01.054Z] Error reading register 6507 for IP 10.30.4.128: no connection to modbus server
[2024-11-27T03:30:01.069Z] Error reading register 6507 for IP 10.30.4.128: no connection to modbus server
[2024-11-27T03:30:01.070Z] Error reading or processing Modbus registers: no connection to modbus server
[2024-11-27T03:30:01.070Z] Error writing to Modbus register: no connection to modbus server
[2024-11-27T03:30:02.060Z] Error reading register 6507 for IP 10.30.4.128: no connection to modbus server
[2024-11-27T03:30:02.075Z] Error reading register 6507 for IP 10.30.4.128: no connection to modbus server
[2024-11-27T03:30:02.076Z] Error reading or processing Modbus registers: no connection to modbus server
[2024-11-27T03:30:02.076Z] Error writing to Modbus register: no connection to modbus server
[2024-11-27T03:30:02.842Z] Error reading register 6507 for IP 10.30.4.128: no connection to modbus server
[2024-11-27T03:30:02.843Z] Error reading register 6507 for IP 10.30.4.128: no connection to modbus server
[2024-11-27T03:30:02.843Z] Error reading register 6507 for IP 10.30.4.128: no connection to modbus server
[2024-11-27T03:30:02.843Z] Error reading register 6507 for IP 10.30.4.128: no connection to modbus server
[2024-11-27T03:30:02.844Z] Error reading register 6507 for IP 10.30.4.128: no connection to modbus server
[2024-11-27T03:30:02.844Z] Error reading register 6507 for IP 10.30.4.128: no connection to modbus server
[2024-11-27T03:30:02.844Z] Error reading register 6507 for IP 10.30.4.128: no connection to modbus server
[2024-11-27T03:30:02.845Z] Error reading register 6507 for IP 10.30.4.128: no connection to modbus server
[2024-11-27T03:30:02.845Z] Error reading register 6507 for IP 10.30.4.128: no connection to modbus server
[2024-11-27T03:30:02.846Z] Error reading register 6507 for IP 10.30.4.128: no connection to modbus server
[2024-11-27T03:30:02.846Z] Error reading register 6507 for IP 10.30.4.128: no connection to modbus server
[2024-11-27T03:30:02.846Z] Error reading register 6507 for IP 10.30.4.128: no connection to modbus server
[2024-11-27T03:30:02.847Z] Error reading register 6507 for IP 10.30.4.128: no connection to modbus server
[2024-11-27T03:30:02.847Z] Error reading register 6507 for IP 10.30.4.128: no connection to modbus server
[2024-11-27T03:30:02.847Z] Error reading register 6507 for IP 10.30.4.128: no connection to modbus server
[2024-11-27T03:30:02.848Z] Error reading register 6507 for IP 10.30.4.128: no connection to modbus server
[2024-11-27T03:30:02.848Z] Error reading register 6507 for IP 10.30.4.128: no connection to modbus server
[2024-11-27T03:30:02.849Z] Error reading register 6507 for IP 10.30.4.128: no connection to modbus server
[2024-11-27T03:30:02.849Z] Error reading register 6507 for IP 10.30.4.128: no connection to modbus server
[2024-11-27T03:30:03.032Z] Error reading register 6507 for IP 10.30.4.128: no connection to modbus server
[2024-11-27T03:39:45.711Z] Error reading or processing Modbus registers: Req timed out
[2024-11-27T03:39:51.515Z] Device at 10.30.4.128 is not reachable. Skipping connection attempt.
[2024-11-27T03:39:59.508Z] Device at 10.30.4.128 is not reachable. Skipping connection attempt.
[2024-11-27T03:39:59.626Z] Unable to connect to device at 10.30.4.128: read ECONNRESET
[2024-11-27T03:39:59.631Z] Error writing to Modbus register: rejecting because of earlier OutOfSync error
[2024-11-27T03:39:59.631Z] Error reading register 6507 for IP 10.30.4.128: connection to modbus server closed
[2024-11-27T03:39:59.631Z] Error reading register 6507 for IP 10.30.4.128: rejecting because of earlier OutOfSync error
[2024-11-27T03:39:59.631Z] Error writing to Modbus register: rejecting because of earlier OutOfSync error
[2024-11-27T03:39:59.632Z] Error reading register 6507 for IP 10.30.4.128: rejecting because of earlier OutOfSync error
[2024-11-27T03:39:59.632Z] Error writing to Modbus register: rejecting because of earlier OutOfSync error
[2024-11-27T03:39:59.632Z] Error reading register 6507 for IP 10.30.4.128: rejecting because of earlier OutOfSync error
[2024-11-27T03:39:59.632Z] Error writing to Modbus register: rejecting because of earlier OutOfSync error
[2024-11-27T03:39:59.632Z] Error reading register 6507 for IP 10.30.4.128: rejecting because of earlier OutOfSync error
[2024-11-27T03:39:59.633Z] Error reading register 6507 for IP 10.30.4.128: rejecting because of earlier OutOfSync error
[2024-11-27T03:39:59.633Z] Error reading register 6507 for IP 10.30.4.128: rejecting because of earlier OutOfSync error
[2024-11-27T03:39:59.633Z] Error writing to Modbus register: rejecting because of earlier OutOfSync error
[2024-11-27T03:39:59.633Z] Error reading register 6507 for IP 10.30.4.128: rejecting because of earlier OutOfSync error
[2024-11-27T03:39:59.633Z] Error reading register 6507 for IP 10.30.4.128: rejecting because of earlier OutOfSync error
[2024-11-27T03:39:59.633Z] Error writing to Modbus register: rejecting because of earlier OutOfSync error
[2024-11-27T03:39:59.633Z] Error reading register 6507 for IP 10.30.4.128: rejecting because of earlier OutOfSync error
[2024-11-27T03:39:59.633Z] Error writing to Modbus register: rejecting because of earlier OutOfSync error
[2024-11-27T03:39:59.633Z] Error writing to Modbus register: rejecting because of earlier OutOfSync error
[2024-11-27T03:39:59.634Z] Error writing to Modbus register: rejecting because of earlier OutOfSync error
[2024-11-27T03:39:59.634Z] Error reading register 6507 for IP 10.30.4.128: rejecting because of earlier OutOfSync error
[2024-11-27T03:39:59.634Z] Error writing to Modbus register: rejecting because of earlier OutOfSync error
[2024-11-27T03:39:59.634Z] Error reading register 6507 for IP 10.30.4.128: rejecting because of earlier OutOfSync error
[2024-11-27T03:39:59.634Z] Error reading register 6507 for IP 10.30.4.128: rejecting because of earlier OutOfSync error
[2024-11-27T03:39:59.634Z] Error writing to Modbus register: rejecting because of earlier OutOfSync error
[2024-11-27T03:39:59.634Z] Error reading register 6507 for IP 10.30.4.128: rejecting because of earlier OutOfSync error
[2024-11-27T03:39:59.634Z] Error writing to Modbus register: rejecting because of earlier OutOfSync error
[2024-11-27T03:39:59.634Z] Error writing to Modbus register: rejecting because of earlier OutOfSync error
[2024-11-27T03:39:59.634Z] Error reading register 6507 for IP 10.30.4.128: rejecting because of earlier OutOfSync error
[2024-11-27T03:39:59.634Z] Error writing to Modbus register: rejecting because of earlier OutOfSync error
[2024-11-27T03:39:59.635Z] Error reading register 6507 for IP 10.30.4.128: rejecting because of earlier OutOfSync error
[2024-11-27T03:39:59.635Z] Error reading register 6507 for IP 10.30.4.128: rejecting because of earlier OutOfSync error
[2024-11-27T03:39:59.635Z] Error writing to Modbus register: rejecting because of earlier OutOfSync error
[2024-11-27T03:39:59.633Z] Error writing to Modbus register: rejecting because of earlier OutOfSync error
[2024-11-27T03:39:59.635Z] Error reading register 6507 for IP 10.30.4.128: rejecting because of earlier OutOfSync error
[2024-11-27T03:39:59.635Z] Error reading register 6507 for IP 10.30.4.128: rejecting because of earlier OutOfSync error
[2024-11-27T03:39:59.635Z] Error writing to Modbus register: rejecting because of earlier OutOfSync error
[2024-11-27T03:39:59.635Z] Error writing to Modbus register: rejecting because of earlier OutOfSync error
[2024-11-27T03:39:59.635Z] Error reading or processing Modbus registers: rejecting because of earlier OutOfSync error
[2024-11-27T03:39:59.635Z] Error reading or processing Modbus registers: rejecting because of earlier OutOfSync error
[2024-11-27T03:39:59.635Z] Error writing to Modbus register: rejecting because of earlier OutOfSync error
[2024-11-27T03:39:59.635Z] Error reading or processing Modbus registers: rejecting because of earlier OutOfSync error
[2024-11-27T03:39:59.635Z] Error reading or processing Modbus registers: rejecting because of earlier OutOfSync error
[2024-11-27T03:39:59.635Z] Error reading or processing Modbus registers: rejecting because of earlier OutOfSync error
[2024-11-27T03:39:59.635Z] Error reading or processing Modbus registers: rejecting because of earlier OutOfSync error
[2024-11-27T03:39:59.635Z] Error reading or processing Modbus registers: rejecting because of earlier OutOfSync error
[2024-11-27T03:39:59.636Z] Error reading or processing Modbus registers: rejecting because of earlier OutOfSync error
[2024-11-27T03:39:59.636Z] Error reading or processing Modbus registers: rejecting because of earlier OutOfSync error
[2024-11-27T03:39:59.636Z] Error reading or processing Modbus registers: rejecting because of earlier OutOfSync error
[2024-11-27T03:39:59.636Z] Error reading or processing Modbus registers: rejecting because of earlier OutOfSync error
[2024-11-27T03:39:59.636Z] Error reading or processing Modbus registers: rejecting because of earlier OutOfSync error
[2024-11-27T03:39:59.636Z] Error reading or processing Modbus registers: rejecting because of earlier OutOfSync error
[2024-11-27T03:39:59.636Z] Error reading or processing Modbus registers: rejecting because of earlier OutOfSync error
[2024-11-27T03:39:59.636Z] Error reading or processing Modbus registers: rejecting because of earlier OutOfSync error
[2024-11-27T03:39:59.636Z] Error reading or processing Modbus registers: rejecting because of earlier OutOfSync error
[2024-11-27T03:39:59.636Z] Error reading or processing Modbus registers: rejecting because of earlier OutOfSync error
[2024-11-27T03:39:59.636Z] Error reading or processing Modbus registers: rejecting because of earlier OutOfSync error
[2024-11-27T03:39:59.841Z] Error reading register 6507 for IP 10.30.4.128: no connection to modbus server
[2024-11-27T03:39:59.842Z] Error reading or processing Modbus registers: no connection to modbus server
[2024-11-27T03:39:59.842Z] Error writing to Modbus register: no connection to modbus server
[2024-11-27T03:40:00.844Z] Error reading register 6507 for IP 10.30.4.128: no connection to modbus server
[2024-11-27T03:40:00.844Z] Error reading or processing Modbus registers: no connection to modbus server
[2024-11-27T03:40:00.844Z] Error writing to Modbus register: no connection to modbus server
[2024-11-27T03:40:01.848Z] Error reading register 6507 for IP 10.30.4.128: no connection to modbus server
[2024-11-27T03:40:01.848Z] Error reading or processing Modbus registers: no connection to modbus server
[2024-11-27T03:40:01.849Z] Error writing to Modbus register: no connection to modbus server
[2024-11-27T03:40:02.853Z] Error reading register 6507 for IP 10.30.4.128: no connection to modbus server
[2024-11-27T03:40:02.853Z] Error reading or processing Modbus registers: no connection to modbus server
[2024-11-27T03:40:02.853Z] Error writing to Modbus register: no connection to modbus server
[2024-11-27T03:40:03.868Z] Error reading register 6507 for IP 10.30.4.128: no connection to modbus server
[2024-11-27T03:40:03.868Z] Error writing to Modbus register: no connection to modbus server
[2024-11-27T03:40:03.868Z] Error reading or processing Modbus registers: no connection to modbus server
[2024-11-27T03:40:04.637Z] Error reading register 6507 for IP 10.30.4.128: no connection to modbus server
[2024-11-27T03:40:04.637Z] Error reading register 6507 for IP 10.30.4.128: no connection to modbus server
[2024-11-27T03:40:04.638Z] Error reading register 6507 for IP 10.30.4.128: no connection to modbus server
[2024-11-27T03:40:04.638Z] Error reading register 6507 for IP 10.30.4.128: no connection to modbus server
[2024-11-27T03:40:04.638Z] Error reading register 6507 for IP 10.30.4.128: no connection to modbus server
[2024-11-27T03:40:04.638Z] Error reading register 6507 for IP 10.30.4.128: no connection to modbus server
[2024-11-27T03:40:04.638Z] Error reading register 6507 for IP 10.30.4.128: no connection to modbus server
[2024-11-27T03:40:04.638Z] Error reading register 6507 for IP 10.30.4.128: no connection to modbus server
[2024-11-27T03:40:04.639Z] Error reading register 6507 for IP 10.30.4.128: no connection to modbus server
[2024-11-27T03:40:04.639Z] Error reading register 6507 for IP 10.30.4.128: no connection to modbus server
[2024-11-27T03:40:04.639Z] Error reading register 6507 for IP 10.30.4.128: no connection to modbus server
[2024-11-27T03:40:04.639Z] Error reading register 6507 for IP 10.30.4.128: no connection to modbus server
[2024-11-27T03:40:04.639Z] Error reading register 6507 for IP 10.30.4.128: no connection to modbus server
[2024-11-27T03:40:04.639Z] Error reading register 6507 for IP 10.30.4.128: no connection to modbus server
[2024-11-27T03:40:04.640Z] Error reading register 6507 for IP 10.30.4.128: no connection to modbus server
[2024-11-27T03:40:04.639Z] Error reading register 6507 for IP 10.30.4.128: no connection to modbus server
[2024-11-27T03:40:04.640Z] Error reading register 6507 for IP 10.30.4.128: no connection to modbus server
[2024-11-27T03:40:04.640Z] Error reading register 6507 for IP 10.30.4.128: no connection to modbus server
[2024-11-27T03:40:04.640Z] Error reading register 6507 for IP 10.30.4.128: no connection to modbus server
[2024-11-27T03:40:08.513Z] Device at 10.30.4.128 is not reachable. Skipping connection attempt.
[2024-11-27T03:40:18.506Z] Device at 10.30.4.128 is not reachable. Skipping connection attempt.
[2024-11-27T03:40:20.518Z] Device at 10.30.4.128 is not reachable. Skipping connection attempt.
[2024-11-27T03:40:37.607Z] Error reading or processing Modbus registers: Req timed out
[2024-11-27T03:40:37.637Z] Error reading or processing Modbus registers: Req timed out
[2024-11-27T03:40:40.509Z] Device at 10.30.4.128 is not reachable. Skipping connection attempt.
[2024-11-27T03:40:48.512Z] Device at 10.30.4.128 is not reachable. Skipping connection attempt.
[2024-11-27T03:40:51.552Z] Unable to connect to device at 10.30.4.128: read ECONNRESET
[2024-11-27T03:40:51.554Z] Error reading register 6507 for IP 10.30.4.128: connection to modbus server closed
[2024-11-27T03:40:51.554Z] Error writing to Modbus register: rejecting because of earlier OutOfSync error
[2024-11-27T03:40:51.555Z] Error writing to Modbus register: rejecting because of earlier OutOfSync error
[2024-11-27T03:40:51.555Z] Error reading register 6507 for IP 10.30.4.128: rejecting because of earlier OutOfSync error
[2024-11-27T03:40:51.555Z] Error reading register 6507 for IP 10.30.4.128: rejecting because of earlier OutOfSync error
[2024-11-27T03:40:51.555Z] Error writing to Modbus register: rejecting because of earlier OutOfSync error
[2024-11-27T03:40:51.555Z] Error reading register 6507 for IP 10.30.4.128: rejecting because of earlier OutOfSync error
[2024-11-27T03:40:51.555Z] Error writing to Modbus register: rejecting because of earlier OutOfSync error
[2024-11-27T03:40:51.555Z] Error reading register 6507 for IP 10.30.4.128: rejecting because of earlier OutOfSync error
[2024-11-27T03:40:51.555Z] Error writing to Modbus register: rejecting because of earlier OutOfSync error
[2024-11-27T03:40:51.555Z] Error reading register 6507 for IP 10.30.4.128: rejecting because of earlier OutOfSync error
[2024-11-27T03:40:51.555Z] Error writing to Modbus register: rejecting because of earlier OutOfSync error
[2024-11-27T03:40:51.555Z] Error reading register 6507 for IP 10.30.4.128: rejecting because of earlier OutOfSync error
[2024-11-27T03:40:51.555Z] Error writing to Modbus register: rejecting because of earlier OutOfSync error
[2024-11-27T03:40:51.555Z] Error reading register 6507 for IP 10.30.4.128: rejecting because of earlier OutOfSync error
[2024-11-27T03:40:51.555Z] Error writing to Modbus register: rejecting because of earlier OutOfSync error
[2024-11-27T03:40:51.555Z] Error reading register 6507 for IP 10.30.4.128: rejecting because of earlier OutOfSync error
[2024-11-27T03:40:51.555Z] Error writing to Modbus register: rejecting because of earlier OutOfSync error
[2024-11-27T03:40:51.556Z] Error reading register 6507 for IP 10.30.4.128: rejecting because of earlier OutOfSync error
[2024-11-27T03:40:51.556Z] Error writing to Modbus register: rejecting because of earlier OutOfSync error
[2024-11-27T03:40:51.556Z] Error reading register 6507 for IP 10.30.4.128: rejecting because of earlier OutOfSync error
[2024-11-27T03:40:51.556Z] Error writing to Modbus register: rejecting because of earlier OutOfSync error
[2024-11-27T03:40:51.556Z] Error reading register 6507 for IP 10.30.4.128: rejecting because of earlier OutOfSync error
[2024-11-27T03:40:51.556Z] Error writing to Modbus register: rejecting because of earlier OutOfSync error
[2024-11-27T03:40:51.556Z] Error reading register 6507 for IP 10.30.4.128: rejecting because of earlier OutOfSync error
[2024-11-27T03:40:51.556Z] Error writing to Modbus register: rejecting because of earlier OutOfSync error
[2024-11-27T03:40:51.556Z] Error reading register 6507 for IP 10.30.4.128: rejecting because of earlier OutOfSync error
[2024-11-27T03:40:51.556Z] Error writing to Modbus register: rejecting because of earlier OutOfSync error
[2024-11-27T03:40:51.556Z] Error reading register 6507 for IP 10.30.4.128: rejecting because of earlier OutOfSync error
[2024-11-27T03:40:51.556Z] Error writing to Modbus register: rejecting because of earlier OutOfSync error
[2024-11-27T03:40:51.557Z] Error reading register 6507 for IP 10.30.4.128: rejecting because of earlier OutOfSync error
[2024-11-27T03:40:51.557Z] Error writing to Modbus register: rejecting because of earlier OutOfSync error
[2024-11-27T03:40:51.557Z] Error reading register 6507 for IP 10.30.4.128: rejecting because of earlier OutOfSync error
[2024-11-27T03:40:51.557Z] Error writing to Modbus register: rejecting because of earlier OutOfSync error
[2024-11-27T03:40:51.557Z] Error reading register 6507 for IP 10.30.4.128: rejecting because of earlier OutOfSync error
[2024-11-27T03:40:51.557Z] Error writing to Modbus register: rejecting because of earlier OutOfSync error
[2024-11-27T03:40:51.557Z] Error reading register 6507 for IP 10.30.4.128: rejecting because of earlier OutOfSync error
[2024-11-27T03:40:51.557Z] Error writing to Modbus register: rejecting because of earlier OutOfSync error
[2024-11-27T03:40:51.557Z] Error reading or processing Modbus registers: rejecting because of earlier OutOfSync error
[2024-11-27T03:40:51.558Z] Error reading or processing Modbus registers: rejecting because of earlier OutOfSync error
[2024-11-27T03:40:51.558Z] Error reading or processing Modbus registers: rejecting because of earlier OutOfSync error
[2024-11-27T03:40:51.558Z] Error reading or processing Modbus registers: rejecting because of earlier OutOfSync error
[2024-11-27T03:40:51.558Z] Error reading or processing Modbus registers: rejecting because of earlier OutOfSync error
[2024-11-27T03:40:51.558Z] Error reading or processing Modbus registers: rejecting because of earlier OutOfSync error
[2024-11-27T03:40:51.558Z] Error reading or processing Modbus registers: rejecting because of earlier OutOfSync error
[2024-11-27T03:40:51.558Z] Error reading or processing Modbus registers: rejecting because of earlier OutOfSync error
[2024-11-27T03:40:51.558Z] Error reading or processing Modbus registers: rejecting because of earlier OutOfSync error
[2024-11-27T03:40:51.558Z] Error reading or processing Modbus registers: rejecting because of earlier OutOfSync error
[2024-11-27T03:40:51.558Z] Error reading or processing Modbus registers: rejecting because of earlier OutOfSync error
[2024-11-27T03:40:51.558Z] Error reading or processing Modbus registers: rejecting because of earlier OutOfSync error
[2024-11-27T03:40:51.558Z] Error reading or processing Modbus registers: rejecting because of earlier OutOfSync error
[2024-11-27T03:40:51.558Z] Error reading or processing Modbus registers: rejecting because of earlier OutOfSync error
[2024-11-27T03:40:51.558Z] Error reading or processing Modbus registers: rejecting because of earlier OutOfSync error
[2024-11-27T03:40:51.558Z] Error reading or processing Modbus registers: rejecting because of earlier OutOfSync error
[2024-11-27T03:40:51.558Z] Error reading or processing Modbus registers: rejecting because of earlier OutOfSync error
[2024-11-27T03:40:51.558Z] Error reading or processing Modbus registers: rejecting because of earlier OutOfSync error
[2024-11-27T03:40:51.559Z] Unable to connect to device at 10.30.4.128: read ECONNRESET
[2024-11-27T03:40:51.562Z] Error writing to Modbus register: rejecting because of earlier OutOfSync error
[2024-11-27T03:40:51.562Z] Error reading register 6507 for IP 10.30.4.128: rejecting because of earlier OutOfSync error
[2024-11-27T03:40:51.562Z] Error writing to Modbus register: rejecting because of earlier OutOfSync error
[2024-11-27T03:40:51.563Z] Error reading register 6507 for IP 10.30.4.128: rejecting because of earlier OutOfSync error
[2024-11-27T03:40:51.562Z] Error reading register 6507 for IP 10.30.4.128: rejecting because of earlier OutOfSync error
[2024-11-27T03:40:51.563Z] Error writing to Modbus register: rejecting because of earlier OutOfSync error
[2024-11-27T03:40:51.563Z] Error writing to Modbus register: rejecting because of earlier OutOfSync error
[2024-11-27T03:40:51.563Z] Error reading register 6507 for IP 10.30.4.128: rejecting because of earlier OutOfSync error
[2024-11-27T03:40:51.563Z] Error reading register 6507 for IP 10.30.4.128: rejecting because of earlier OutOfSync error
[2024-11-27T03:40:51.562Z] Error writing to Modbus register: rejecting because of earlier OutOfSync error
[2024-11-27T03:40:51.563Z] Error reading register 6507 for IP 10.30.4.128: rejecting because of earlier OutOfSync error
[2024-11-27T03:40:51.562Z] Error reading register 6507 for IP 10.30.4.128: connection to modbus server closed
[2024-11-27T03:40:51.563Z] Error reading register 6507 for IP 10.30.4.128: rejecting because of earlier OutOfSync error
[2024-11-27T03:40:51.563Z] Error writing to Modbus register: rejecting because of earlier OutOfSync error
[2024-11-27T03:40:51.563Z] Error reading register 6507 for IP 10.30.4.128: rejecting because of earlier OutOfSync error
[2024-11-27T03:40:51.563Z] Error writing to Modbus register: rejecting because of earlier OutOfSync error
[2024-11-27T03:40:51.563Z] Error reading register 6507 for IP 10.30.4.128: rejecting because of earlier OutOfSync error
[2024-11-27T03:40:51.563Z] Error writing to Modbus register: rejecting because of earlier OutOfSync error
[2024-11-27T03:40:51.563Z] Error reading register 6507 for IP 10.30.4.128: rejecting because of earlier OutOfSync error
[2024-11-27T03:40:51.563Z] Error writing to Modbus register: rejecting because of earlier OutOfSync error
[2024-11-27T03:40:51.563Z] Error reading register 6507 for IP 10.30.4.128: rejecting because of earlier OutOfSync error
[2024-11-27T03:40:51.564Z] Error writing to Modbus register: rejecting because of earlier OutOfSync error
[2024-11-27T03:40:51.564Z] Error reading register 6507 for IP 10.30.4.128: rejecting because of earlier OutOfSync error
[2024-11-27T03:40:51.564Z] Error writing to Modbus register: rejecting because of earlier OutOfSync error
[2024-11-27T03:40:51.564Z] Error reading register 6507 for IP 10.30.4.128: rejecting because of earlier OutOfSync error
[2024-11-27T03:40:51.564Z] Error writing to Modbus register: rejecting because of earlier OutOfSync error
[2024-11-27T03:40:51.564Z] Error reading register 6507 for IP 10.30.4.128: rejecting because of earlier OutOfSync error
[2024-11-27T03:40:51.564Z] Error writing to Modbus register: rejecting because of earlier OutOfSync error
[2024-11-27T03:40:51.564Z] Error reading register 6507 for IP 10.30.4.128: rejecting because of earlier OutOfSync error
[2024-11-27T03:40:51.564Z] Error writing to Modbus register: rejecting because of earlier OutOfSync error
[2024-11-27T03:40:51.564Z] Error reading register 6507 for IP 10.30.4.128: rejecting because of earlier OutOfSync error
[2024-11-27T03:40:51.564Z] Error writing to Modbus register: rejecting because of earlier OutOfSync error
[2024-11-27T03:40:51.564Z] Error reading register 6507 for IP 10.30.4.128: rejecting because of earlier OutOfSync error
[2024-11-27T03:40:51.564Z] Error writing to Modbus register: rejecting because of earlier OutOfSync error
[2024-11-27T03:40:51.564Z] Error reading register 6507 for IP 10.30.4.128: rejecting because of earlier OutOfSync error
[2024-11-27T03:40:51.564Z] Error writing to Modbus register: rejecting because of earlier OutOfSync error
[2024-11-27T03:40:51.564Z] Error reading or processing Modbus registers: rejecting because of earlier OutOfSync error
[2024-11-27T03:40:51.563Z] Error writing to Modbus register: rejecting because of earlier OutOfSync error
[2024-11-27T03:40:51.565Z] Error reading or processing Modbus registers: rejecting because of earlier OutOfSync error
[2024-11-27T03:40:51.565Z] Error reading or processing Modbus registers: rejecting because of earlier OutOfSync error
[2024-11-27T03:40:51.565Z] Error reading or processing Modbus registers: rejecting because of earlier OutOfSync error
[2024-11-27T03:40:51.565Z] Error reading or processing Modbus registers: rejecting because of earlier OutOfSync error
[2024-11-27T03:40:51.563Z] Error writing to Modbus register: rejecting because of earlier OutOfSync error
[2024-11-27T03:40:51.565Z] Error reading or processing Modbus registers: rejecting because of earlier OutOfSync error
[2024-11-27T03:40:51.565Z] Error reading or processing Modbus registers: rejecting because of earlier OutOfSync error
[2024-11-27T03:40:51.565Z] Error reading or processing Modbus registers: rejecting because of earlier OutOfSync error
[2024-11-27T03:40:51.565Z] Error reading or processing Modbus registers: rejecting because of earlier OutOfSync error
[2024-11-27T03:40:51.565Z] Error reading or processing Modbus registers: rejecting because of earlier OutOfSync error
[2024-11-27T03:40:51.566Z] Error reading or processing Modbus registers: rejecting because of earlier OutOfSync error
[2024-11-27T03:40:51.566Z] Error reading or processing Modbus registers: rejecting because of earlier OutOfSync error
[2024-11-27T03:40:51.566Z] Error reading or processing Modbus registers: rejecting because of earlier OutOfSync error
[2024-11-27T03:40:51.565Z] Error reading or processing Modbus registers: rejecting because of earlier OutOfSync error
[2024-11-27T03:40:51.566Z] Error reading or processing Modbus registers: rejecting because of earlier OutOfSync error
[2024-11-27T03:40:51.566Z] Error reading or processing Modbus registers: rejecting because of earlier OutOfSync error
[2024-11-27T03:40:51.566Z] Error reading or processing Modbus registers: rejecting because of earlier OutOfSync error
[2024-11-27T03:40:51.565Z] Error reading or processing Modbus registers: rejecting because of earlier OutOfSync error
[2024-11-27T03:40:51.676Z] Error reading register 6507 for IP 10.30.4.128: no connection to modbus server
[2024-11-27T03:40:51.676Z] Error reading or processing Modbus registers: no connection to modbus server
[2024-11-27T03:40:51.707Z] Error writing to Modbus register: no connection to modbus server
[2024-11-27T03:40:51.722Z] Error reading register 6507 for IP 10.30.4.128: no connection to modbus server
[2024-11-27T03:40:51.722Z] Error reading or processing Modbus registers: no connection to modbus server
[2024-11-27T03:40:51.722Z] Error writing to Modbus register: no connection to modbus server
[2024-11-27T03:40:52.676Z] Error reading register 6507 for IP 10.30.4.128: no connection to modbus server
[2024-11-27T03:40:52.676Z] Error reading or processing Modbus registers: no connection to modbus server
[2024-11-27T03:40:52.720Z] Error writing to Modbus register: no connection to modbus server
[2024-11-27T03:40:52.721Z] Error reading register 6507 for IP 10.30.4.128: no connection to modbus server
[2024-11-27T03:40:52.721Z] Error reading or processing Modbus registers: no connection to modbus server
[2024-11-27T03:40:52.722Z] Error writing to Modbus register: no connection to modbus server
[2024-11-27T03:40:53.676Z] Error reading register 6507 for IP 10.30.4.128: no connection to modbus server
[2024-11-27T03:40:53.676Z] Error reading or processing Modbus registers: no connection to modbus server
[2024-11-27T03:40:53.721Z] Error writing to Modbus register: no connection to modbus server
[2024-11-27T03:40:53.722Z] Error reading register 6507 for IP 10.30.4.128: no connection to modbus server
[2024-11-27T03:40:53.722Z] Error reading or processing Modbus registers: no connection to modbus server
[2024-11-27T03:40:53.723Z] Error writing to Modbus register: no connection to modbus server
[2024-11-27T03:40:54.676Z] Error reading register 6507 for IP 10.30.4.128: no connection to modbus server
[2024-11-27T03:40:54.677Z] Error reading or processing Modbus registers: no connection to modbus server
[2024-11-27T03:40:54.737Z] Error writing to Modbus register: no connection to modbus server
[2024-11-27T03:40:54.738Z] Error reading register 6507 for IP 10.30.4.128: no connection to modbus server
[2024-11-27T03:40:54.738Z] Error reading or processing Modbus registers: no connection to modbus server
[2024-11-27T03:40:54.739Z] Error writing to Modbus register: no connection to modbus server
[2024-11-27T03:40:55.676Z] Error reading register 6507 for IP 10.30.4.128: no connection to modbus server
[2024-11-27T03:40:55.677Z] Error reading or processing Modbus registers: no connection to modbus server
[2024-11-27T03:40:55.738Z] Error writing to Modbus register: no connection to modbus server
[2024-11-27T03:40:55.738Z] Error reading register 6507 for IP 10.30.4.128: no connection to modbus server
[2024-11-27T03:40:55.739Z] Error writing to Modbus register: no connection to modbus server
[2024-11-27T03:40:55.739Z] Error reading or processing Modbus registers: no connection to modbus server
[2024-11-27T03:40:56.559Z] Error reading register 6507 for IP 10.30.4.128: no connection to modbus server
[2024-11-27T03:40:56.559Z] Error reading register 6507 for IP 10.30.4.128: no connection to modbus server
[2024-11-27T03:40:56.559Z] Error reading register 6507 for IP 10.30.4.128: no connection to modbus server
[2024-11-27T03:40:56.560Z] Error reading register 6507 for IP 10.30.4.128: no connection to modbus server
[2024-11-27T03:40:56.561Z] Error reading register 6507 for IP 10.30.4.128: no connection to modbus server
[2024-11-27T03:40:56.561Z] Error reading register 6507 for IP 10.30.4.128: no connection to modbus server
[2024-11-27T03:40:56.562Z] Error reading register 6507 for IP 10.30.4.128: no connection to modbus server
[2024-11-27T03:40:56.562Z] Error reading register 6507 for IP 10.30.4.128: no connection to modbus server
[2024-11-27T03:40:56.563Z] Error reading register 6507 for IP 10.30.4.128: no connection to modbus server
[2024-11-27T03:40:56.563Z] Error reading register 6507 for IP 10.30.4.128: no connection to modbus server
[2024-11-27T03:40:56.563Z] Error reading register 6507 for IP 10.30.4.128: no connection to modbus server
[2024-11-27T03:40:56.564Z] Error reading register 6507 for IP 10.30.4.128: no connection to modbus server
[2024-11-27T03:40:56.564Z] Error reading register 6507 for IP 10.30.4.128: no connection to modbus server
[2024-11-27T03:40:56.564Z] Error reading register 6507 for IP 10.30.4.128: no connection to modbus server
[2024-11-27T03:40:56.565Z] Error reading register 6507 for IP 10.30.4.128: no connection to modbus server
[2024-11-27T03:40:56.565Z] Error reading register 6507 for IP 10.30.4.128: no connection to modbus server
[2024-11-27T03:40:56.565Z] Error reading register 6507 for IP 10.30.4.128: no connection to modbus server
[2024-11-27T03:40:56.565Z] Error reading register 6507 for IP 10.30.4.128: no connection to modbus server
[2024-11-27T03:40:56.566Z] Error reading register 6507 for IP 10.30.4.128: no connection to modbus server
[2024-11-27T03:40:56.567Z] Error reading register 6507 for IP 10.30.4.128: no connection to modbus server
[2024-11-27T03:40:56.567Z] Error reading register 6507 for IP 10.30.4.128: no connection to modbus server
[2024-11-27T03:40:56.568Z] Error reading register 6507 for IP 10.30.4.128: no connection to modbus server
[2024-11-27T03:40:56.568Z] Error reading register 6507 for IP 10.30.4.128: no connection to modbus server
[2024-11-27T03:40:56.568Z] Error reading register 6507 for IP 10.30.4.128: no connection to modbus server
[2024-11-27T03:40:56.569Z] Error reading register 6507 for IP 10.30.4.128: no connection to modbus server
[2024-11-27T03:40:56.569Z] Error reading register 6507 for IP 10.30.4.128: no connection to modbus server
[2024-11-27T03:40:56.570Z] Error reading register 6507 for IP 10.30.4.128: no connection to modbus server
[2024-11-27T03:40:56.570Z] Error reading register 6507 for IP 10.30.4.128: no connection to modbus server
[2024-11-27T03:40:56.571Z] Error reading register 6507 for IP 10.30.4.128: no connection to modbus server
[2024-11-27T03:40:56.571Z] Error reading register 6507 for IP 10.30.4.128: no connection to modbus server
[2024-11-27T03:40:56.571Z] Error reading register 6507 for IP 10.30.4.128: no connection to modbus server
[2024-11-27T03:40:56.572Z] Error reading register 6507 for IP 10.30.4.128: no connection to modbus server
[2024-11-27T03:40:56.572Z] Error reading register 6507 for IP 10.30.4.128: no connection to modbus server
[2024-11-27T03:40:56.572Z] Error reading register 6507 for IP 10.30.4.128: no connection to modbus server
[2024-11-27T03:40:56.571Z] Error reading register 6507 for IP 10.30.4.128: no connection to modbus server
[2024-11-27T03:40:56.572Z] Error reading register 6507 for IP 10.30.4.128: no connection to modbus server
[2024-11-27T03:40:56.573Z] Error reading register 6507 for IP 10.30.4.128: no connection to modbus server
[2024-11-27T03:40:56.573Z] Error reading register 6507 for IP 10.30.4.128: no connection to modbus server
[2024-11-27T03:40:56.682Z] Error reading register 6507 for IP 10.30.4.128: no connection to modbus server
[2024-11-27T03:40:56.682Z] Error reading or processing Modbus registers: no connection to modbus server
[2024-11-27T03:40:56.683Z] Error reading register 6507 for IP 10.30.4.128: no connection to modbus server
[2024-11-27T03:40:56.722Z] Error reading register 6507 for IP 10.30.4.128: no connection to modbus server
[2024-11-27T03:40:56.739Z] Error writing to Modbus register: no connection to modbus server
[2024-11-27T03:40:56.739Z] Error reading register 6507 for IP 10.30.4.128: no connection to modbus server
[2024-11-27T03:40:56.739Z] Error reading or processing Modbus registers: no connection to modbus server
[2024-11-27T03:40:56.740Z] Error writing to Modbus register: no connection to modbus server
[2024-11-27T03:40:57.681Z] Error reading register 6507 for IP 10.30.4.128: no connection to modbus server
[2024-11-27T03:40:57.682Z] Error reading register 6507 for IP 10.30.4.128: no connection to modbus server
[2024-11-27T03:40:57.682Z] Error reading or processing Modbus registers: no connection to modbus server
[2024-11-27T03:40:57.721Z] Error reading register 6507 for IP 10.30.4.128: no connection to modbus server
[2024-11-27T03:40:57.738Z] Error writing to Modbus register: no connection to modbus server
[2024-11-27T03:40:57.739Z] Error reading register 6507 for IP 10.30.4.128: no connection to modbus server
[2024-11-27T03:40:57.739Z] Error reading or processing Modbus registers: no connection to modbus server
[2024-11-27T03:40:57.740Z] Error writing to Modbus register: no connection to modbus server
[2024-11-27T03:40:58.684Z] Error reading register 6507 for IP 10.30.4.128: no connection to modbus server
[2024-11-27T03:40:58.685Z] Error reading register 6507 for IP 10.30.4.128: no connection to modbus server
[2024-11-27T03:40:58.685Z] Error reading or processing Modbus registers: no connection to modbus server
[2024-11-27T03:40:58.722Z] Error reading register 6507 for IP 10.30.4.128: no connection to modbus server
[2024-11-27T03:40:58.738Z] Error writing to Modbus register: no connection to modbus server
[2024-11-27T03:40:58.739Z] Error reading register 6507 for IP 10.30.4.128: no connection to modbus server
[2024-11-27T03:40:58.739Z] Error reading or processing Modbus registers: no connection to modbus server
[2024-11-27T03:40:58.740Z] Error writing to Modbus register: no connection to modbus server
[2024-11-27T03:40:59.690Z] Error reading register 6507 for IP 10.30.4.128: no connection to modbus server
[2024-11-27T03:40:59.690Z] Error reading register 6507 for IP 10.30.4.128: no connection to modbus server
[2024-11-27T03:40:59.690Z] Error reading or processing Modbus registers: no connection to modbus server
[2024-11-27T03:40:59.738Z] Error reading register 6507 for IP 10.30.4.128: no connection to modbus server
[2024-11-27T03:40:59.738Z] Error writing to Modbus register: no connection to modbus server
[2024-11-27T03:40:59.739Z] Error reading register 6507 for IP 10.30.4.128: no connection to modbus server
[2024-11-27T03:40:59.739Z] Error reading or processing Modbus registers: no connection to modbus server
[2024-11-27T03:40:59.740Z] Error writing to Modbus register: no connection to modbus server
[2024-11-27T03:41:00.680Z] Error reading register 6507 for IP 10.30.4.128: no connection to modbus server
[2024-11-27T03:41:00.696Z] Error reading register 6507 for IP 10.30.4.128: no connection to modbus server
[2024-11-27T03:41:00.696Z] Error reading or processing Modbus registers: no connection to modbus server
[2024-11-27T03:41:00.738Z] Error writing to Modbus register: no connection to modbus server
[2024-11-27T03:41:00.739Z] Error reading register 6507 for IP 10.30.4.128: no connection to modbus server
[2024-11-27T03:41:00.739Z] Error reading register 6507 for IP 10.30.4.128: no connection to modbus server
[2024-11-27T03:41:00.739Z] Error reading or processing Modbus registers: no connection to modbus server
[2024-11-27T03:41:00.740Z] Error writing to Modbus register: no connection to modbus server
[2024-11-27T03:43:08.427Z] Error reading or processing Modbus registers: Req timed out
[2024-11-27T03:43:11.001Z] Device at 10.30.4.128 is not reachable. Skipping connection attempt.
[2024-11-27T03:43:19.008Z] Device at 10.30.4.128 is not reachable. Skipping connection attempt.
[2024-11-27T03:43:22.374Z] Unable to connect to device at 10.30.4.128: read ECONNRESET
[2024-11-27T03:43:22.376Z] Error reading register 6507 for IP 10.30.4.128: connection to modbus server closed
[2024-11-27T03:43:22.377Z] Error writing to Modbus register: rejecting because of earlier OutOfSync error
[2024-11-27T03:43:22.377Z] Error reading register 6507 for IP 10.30.4.128: rejecting because of earlier OutOfSync error
[2024-11-27T03:43:22.377Z] Error writing to Modbus register: rejecting because of earlier OutOfSync error
[2024-11-27T03:43:22.377Z] Error reading register 6507 for IP 10.30.4.128: rejecting because of earlier OutOfSync error
[2024-11-27T03:43:22.377Z] Error writing to Modbus register: rejecting because of earlier OutOfSync error
[2024-11-27T03:43:22.377Z] Error reading register 6507 for IP 10.30.4.128: rejecting because of earlier OutOfSync error
[2024-11-27T03:43:22.377Z] Error writing to Modbus register: rejecting because of earlier OutOfSync error
[2024-11-27T03:43:22.378Z] Error reading register 6507 for IP 10.30.4.128: rejecting because of earlier OutOfSync error
[2024-11-27T03:43:22.378Z] Error writing to Modbus register: rejecting because of earlier OutOfSync error
[2024-11-27T03:43:22.378Z] Error reading register 6507 for IP 10.30.4.128: rejecting because of earlier OutOfSync error
[2024-11-27T03:43:22.378Z] Error writing to Modbus register: rejecting because of earlier OutOfSync error
[2024-11-27T03:43:22.378Z] Error reading register 6507 for IP 10.30.4.128: rejecting because of earlier OutOfSync error
[2024-11-27T03:43:22.378Z] Error writing to Modbus register: rejecting because of earlier OutOfSync error
[2024-11-27T03:43:22.378Z] Error reading register 6507 for IP 10.30.4.128: rejecting because of earlier OutOfSync error
[2024-11-27T03:43:22.378Z] Error writing to Modbus register: rejecting because of earlier OutOfSync error
[2024-11-27T03:43:22.379Z] Error reading register 6507 for IP 10.30.4.128: rejecting because of earlier OutOfSync error
[2024-11-27T03:43:22.379Z] Error writing to Modbus register: rejecting because of earlier OutOfSync error
[2024-11-27T03:43:22.379Z] Error reading register 6507 for IP 10.30.4.128: rejecting because of earlier OutOfSync error
[2024-11-27T03:43:22.379Z] Error writing to Modbus register: rejecting because of earlier OutOfSync error
[2024-11-27T03:43:22.379Z] Error reading register 6507 for IP 10.30.4.128: rejecting because of earlier OutOfSync error
[2024-11-27T03:43:22.379Z] Error writing to Modbus register: rejecting because of earlier OutOfSync error
[2024-11-27T03:43:22.379Z] Error reading register 6507 for IP 10.30.4.128: rejecting because of earlier OutOfSync error
[2024-11-27T03:43:22.379Z] Error writing to Modbus register: rejecting because of earlier OutOfSync error
[2024-11-27T03:43:22.380Z] Error reading register 6507 for IP 10.30.4.128: rejecting because of earlier OutOfSync error
[2024-11-27T03:43:22.380Z] Error writing to Modbus register: rejecting because of earlier OutOfSync error
[2024-11-27T03:43:22.380Z] Error reading register 6507 for IP 10.30.4.128: rejecting because of earlier OutOfSync error
[2024-11-27T03:43:22.380Z] Error writing to Modbus register: rejecting because of earlier OutOfSync error
[2024-11-27T03:43:22.380Z] Error reading register 6507 for IP 10.30.4.128: rejecting because of earlier OutOfSync error
[2024-11-27T03:43:22.380Z] Error writing to Modbus register: rejecting because of earlier OutOfSync error
[2024-11-27T03:43:22.380Z] Error reading register 6507 for IP 10.30.4.128: rejecting because of earlier OutOfSync error
[2024-11-27T03:43:22.380Z] Error writing to Modbus register: rejecting because of earlier OutOfSync error
[2024-11-27T03:43:22.381Z] Error reading register 6507 for IP 10.30.4.128: rejecting because of earlier OutOfSync error
[2024-11-27T03:43:22.381Z] Error writing to Modbus register: rejecting because of earlier OutOfSync error
[2024-11-27T03:43:22.381Z] Error reading register 6507 for IP 10.30.4.128: rejecting because of earlier OutOfSync error
[2024-11-27T03:43:22.381Z] Error writing to Modbus register: rejecting because of earlier OutOfSync error
[2024-11-27T03:43:22.381Z] Error reading register 6507 for IP 10.30.4.128: rejecting because of earlier OutOfSync error
[2024-11-27T03:43:22.381Z] Error writing to Modbus register: rejecting because of earlier OutOfSync error
[2024-11-27T03:43:22.381Z] Error reading or processing Modbus registers: rejecting because of earlier OutOfSync error
[2024-11-27T03:43:22.381Z] Error reading or processing Modbus registers: rejecting because of earlier OutOfSync error
[2024-11-27T03:43:22.381Z] Error reading or processing Modbus registers: rejecting because of earlier OutOfSync error
[2024-11-27T03:43:22.382Z] Error reading or processing Modbus registers: rejecting because of earlier OutOfSync error
[2024-11-27T03:43:22.382Z] Error reading or processing Modbus registers: rejecting because of earlier OutOfSync error
[2024-11-27T03:43:22.382Z] Error reading or processing Modbus registers: rejecting because of earlier OutOfSync error
[2024-11-27T03:43:22.382Z] Error reading or processing Modbus registers: rejecting because of earlier OutOfSync error
[2024-11-27T03:43:22.382Z] Error reading or processing Modbus registers: rejecting because of earlier OutOfSync error
[2024-11-27T03:43:22.382Z] Error reading or processing Modbus registers: rejecting because of earlier OutOfSync error
[2024-11-27T03:43:22.382Z] Error reading or processing Modbus registers: rejecting because of earlier OutOfSync error
[2024-11-27T03:43:22.382Z] Error reading or processing Modbus registers: rejecting because of earlier OutOfSync error
[2024-11-27T03:43:22.383Z] Error reading or processing Modbus registers: rejecting because of earlier OutOfSync error
[2024-11-27T03:43:22.383Z] Error reading or processing Modbus registers: rejecting because of earlier OutOfSync error
[2024-11-27T03:43:22.383Z] Error reading or processing Modbus registers: rejecting because of earlier OutOfSync error
[2024-11-27T03:43:22.384Z] Error reading or processing Modbus registers: rejecting because of earlier OutOfSync error
[2024-11-27T03:43:22.383Z] Error reading or processing Modbus registers: rejecting because of earlier OutOfSync error
[2024-11-27T03:43:22.383Z] Error reading or processing Modbus registers: rejecting because of earlier OutOfSync error
[2024-11-27T03:43:22.384Z] Error reading or processing Modbus registers: rejecting because of earlier OutOfSync error
[2024-11-27T03:43:22.559Z] Error reading register 6507 for IP 10.30.4.128: no connection to modbus server
[2024-11-27T03:43:22.559Z] Error reading or processing Modbus registers: no connection to modbus server
[2024-11-27T03:43:22.560Z] Error writing to Modbus register: no connection to modbus server
[2024-11-27T03:43:23.561Z] Error reading register 6507 for IP 10.30.4.128: no connection to modbus server
[2024-11-27T03:43:23.561Z] Error reading or processing Modbus registers: no connection to modbus server
[2024-11-27T03:43:23.562Z] Error writing to Modbus register: no connection to modbus server
[2024-11-27T03:43:24.561Z] Error reading register 6507 for IP 10.30.4.128: no connection to modbus server
[2024-11-27T03:43:24.562Z] Error reading or processing Modbus registers: no connection to modbus server
[2024-11-27T03:43:24.562Z] Error writing to Modbus register: no connection to modbus server
[2024-11-27T03:43:25.562Z] Error reading register 6507 for IP 10.30.4.128: no connection to modbus server
[2024-11-27T03:43:25.562Z] Error reading or processing Modbus registers: no connection to modbus server
[2024-11-27T03:43:25.563Z] Error writing to Modbus register: no connection to modbus server
[2024-11-27T03:43:26.564Z] Error reading register 6507 for IP 10.30.4.128: no connection to modbus server
[2024-11-27T03:43:26.565Z] Error reading or processing Modbus registers: no connection to modbus server
[2024-11-27T03:43:26.565Z] Error writing to Modbus register: no connection to modbus server
[2024-11-27T03:43:27.377Z] Error reading register 6507 for IP 10.30.4.128: no connection to modbus server
[2024-11-27T03:43:27.377Z] Error reading register 6507 for IP 10.30.4.128: no connection to modbus server
[2024-11-27T03:43:27.377Z] Error reading register 6507 for IP 10.30.4.128: no connection to modbus server
[2024-11-27T03:43:27.377Z] Error reading register 6507 for IP 10.30.4.128: no connection to modbus server
[2024-11-27T03:43:27.378Z] Error reading register 6507 for IP 10.30.4.128: no connection to modbus server
[2024-11-27T03:43:27.378Z] Error reading register 6507 for IP 10.30.4.128: no connection to modbus server
[2024-11-27T03:43:27.378Z] Error reading register 6507 for IP 10.30.4.128: no connection to modbus server
[2024-11-27T03:43:27.378Z] Error reading register 6507 for IP 10.30.4.128: no connection to modbus server
[2024-11-27T03:43:27.379Z] Error reading register 6507 for IP 10.30.4.128: no connection to modbus server
[2024-11-27T03:43:27.378Z] Error reading register 6507 for IP 10.30.4.128: no connection to modbus server
[2024-11-27T03:43:27.379Z] Error reading register 6507 for IP 10.30.4.128: no connection to modbus server
[2024-11-27T03:43:27.379Z] Error reading register 6507 for IP 10.30.4.128: no connection to modbus server
[2024-11-27T03:43:27.379Z] Error reading register 6507 for IP 10.30.4.128: no connection to modbus server
[2024-11-27T03:43:27.380Z] Error reading register 6507 for IP 10.30.4.128: no connection to modbus server
[2024-11-27T03:43:27.380Z] Error reading register 6507 for IP 10.30.4.128: no connection to modbus server
[2024-11-27T03:43:27.381Z] Error reading register 6507 for IP 10.30.4.128: no connection to modbus server
[2024-11-27T03:43:27.381Z] Error reading register 6507 for IP 10.30.4.128: no connection to modbus server
[2024-11-27T03:43:27.381Z] Error reading register 6507 for IP 10.30.4.128: no connection to modbus server
[2024-11-27T03:43:27.382Z] Error reading register 6507 for IP 10.30.4.128: no connection to modbus server
[2024-11-27T03:43:27.561Z] Error reading register 6507 for IP 10.30.4.128: no connection to modbus server
[2024-11-27T03:43:27.567Z] Error reading register 6507 for IP 10.30.4.128: no connection to modbus server
[2024-11-27T03:43:27.567Z] Error reading or processing Modbus registers: no connection to modbus server
[2024-11-27T03:43:27.567Z] Error writing to Modbus register: no connection to modbus server
[2024-11-27T03:43:28.566Z] Error reading register 6507 for IP 10.30.4.128: no connection to modbus server
[2024-11-27T03:43:28.567Z] Error reading register 6507 for IP 10.30.4.128: no connection to modbus server
[2024-11-27T03:43:28.568Z] Error reading or processing Modbus registers: no connection to modbus server
[2024-11-27T03:43:28.568Z] Error writing to Modbus register: no connection to modbus server
[2024-11-27T03:43:29.568Z] Error reading register 6507 for IP 10.30.4.128: no connection to modbus server
[2024-11-27T03:43:29.569Z] Error reading register 6507 for IP 10.30.4.128: no connection to modbus server
[2024-11-27T03:43:29.569Z] Error reading or processing Modbus registers: no connection to modbus server
[2024-11-27T03:43:29.569Z] Error writing to Modbus register: no connection to modbus server
[2024-11-27T03:47:32.254Z] Error reading or processing Modbus registers: Req timed out
[2024-11-27T03:47:40.013Z] Device at 10.30.4.128 is not reachable. Skipping connection attempt.
[2024-11-27T03:47:46.189Z] Unable to connect to device at 10.30.4.128: read ECONNRESET
[2024-11-27T03:47:46.191Z] Error reading register 6507 for IP 10.30.4.128: connection to modbus server closed
[2024-11-27T03:47:46.191Z] Error writing to Modbus register: rejecting because of earlier OutOfSync error
[2024-11-27T03:47:46.191Z] Error reading register 6507 for IP 10.30.4.128: rejecting because of earlier OutOfSync error
[2024-11-27T03:47:46.203Z] Error writing to Modbus register: rejecting because of earlier OutOfSync error
[2024-11-27T03:47:46.203Z] Error reading register 6507 for IP 10.30.4.128: rejecting because of earlier OutOfSync error
[2024-11-27T03:47:46.215Z] Error writing to Modbus register: rejecting because of earlier OutOfSync error
[2024-11-27T03:47:46.215Z] Error reading register 6507 for IP 10.30.4.128: rejecting because of earlier OutOfSync error
[2024-11-27T03:47:46.228Z] Error writing to Modbus register: rejecting because of earlier OutOfSync error
[2024-11-27T03:47:46.228Z] Error reading register 6507 for IP 10.30.4.128: rejecting because of earlier OutOfSync error
[2024-11-27T03:47:46.242Z] Error writing to Modbus register: rejecting because of earlier OutOfSync error
[2024-11-27T03:47:46.242Z] Error reading register 6507 for IP 10.30.4.128: rejecting because of earlier OutOfSync error
[2024-11-27T03:47:46.256Z] Error writing to Modbus register: rejecting because of earlier OutOfSync error
[2024-11-27T03:47:46.256Z] Error reading register 6507 for IP 10.30.4.128: rejecting because of earlier OutOfSync error
[2024-11-27T03:47:46.273Z] Error writing to Modbus register: rejecting because of earlier OutOfSync error
[2024-11-27T03:47:46.274Z] Error reading register 6507 for IP 10.30.4.128: rejecting because of earlier OutOfSync error
[2024-11-27T03:47:46.289Z] Error writing to Modbus register: rejecting because of earlier OutOfSync error
[2024-11-27T03:47:46.289Z] Error reading register 6507 for IP 10.30.4.128: rejecting because of earlier OutOfSync error
[2024-11-27T03:47:46.304Z] Error writing to Modbus register: rejecting because of earlier OutOfSync error
[2024-11-27T03:47:46.304Z] Error reading register 6507 for IP 10.30.4.128: rejecting because of earlier OutOfSync error
[2024-11-27T03:47:46.322Z] Error writing to Modbus register: rejecting because of earlier OutOfSync error
[2024-11-27T03:47:46.322Z] Error reading register 6507 for IP 10.30.4.128: rejecting because of earlier OutOfSync error
[2024-11-27T03:47:46.336Z] Error writing to Modbus register: rejecting because of earlier OutOfSync error
[2024-11-27T03:47:46.336Z] Error reading register 6507 for IP 10.30.4.128: rejecting because of earlier OutOfSync error
[2024-11-27T03:47:46.352Z] Error writing to Modbus register: rejecting because of earlier OutOfSync error
[2024-11-27T03:47:46.352Z] Error reading register 6507 for IP 10.30.4.128: rejecting because of earlier OutOfSync error
[2024-11-27T03:47:46.369Z] Error writing to Modbus register: rejecting because of earlier OutOfSync error
[2024-11-27T03:47:46.370Z] Error reading register 6507 for IP 10.30.4.128: rejecting because of earlier OutOfSync error
[2024-11-27T03:47:46.385Z] Error writing to Modbus register: rejecting because of earlier OutOfSync error
[2024-11-27T03:47:46.385Z] Error reading register 6507 for IP 10.30.4.128: rejecting because of earlier OutOfSync error
[2024-11-27T03:47:46.400Z] Error writing to Modbus register: rejecting because of earlier OutOfSync error
[2024-11-27T03:47:46.400Z] Error reading register 6507 for IP 10.30.4.128: rejecting because of earlier OutOfSync error
[2024-11-27T03:47:46.416Z] Error writing to Modbus register: rejecting because of earlier OutOfSync error
[2024-11-27T03:47:46.416Z] Error reading register 6507 for IP 10.30.4.128: rejecting because of earlier OutOfSync error
[2024-11-27T03:47:46.434Z] Error reading register 6507 for IP 10.30.4.128: rejecting because of earlier OutOfSync error
[2024-11-27T03:47:46.452Z] Error writing to Modbus register: rejecting because of earlier OutOfSync error
[2024-11-27T03:47:46.434Z] Error writing to Modbus register: rejecting because of earlier OutOfSync error
[2024-11-27T03:47:46.452Z] Error reading register 6507 for IP 10.30.4.128: rejecting because of earlier OutOfSync error
[2024-11-27T03:47:46.468Z] Error writing to Modbus register: rejecting because of earlier OutOfSync error
[2024-11-27T03:47:46.468Z] Error reading or processing Modbus registers: rejecting because of earlier OutOfSync error
[2024-11-27T03:47:46.468Z] Error reading or processing Modbus registers: rejecting because of earlier OutOfSync error
[2024-11-27T03:47:46.468Z] Error reading or processing Modbus registers: rejecting because of earlier OutOfSync error
[2024-11-27T03:47:46.468Z] Error reading or processing Modbus registers: rejecting because of earlier OutOfSync error
[2024-11-27T03:47:46.468Z] Error reading or processing Modbus registers: rejecting because of earlier OutOfSync error
[2024-11-27T03:47:46.468Z] Error reading or processing Modbus registers: rejecting because of earlier OutOfSync error
[2024-11-27T03:47:46.469Z] Error reading or processing Modbus registers: rejecting because of earlier OutOfSync error
[2024-11-27T03:47:46.469Z] Error reading or processing Modbus registers: rejecting because of earlier OutOfSync error
[2024-11-27T03:47:46.469Z] Error reading or processing Modbus registers: rejecting because of earlier OutOfSync error
[2024-11-27T03:47:46.469Z] Error reading or processing Modbus registers: rejecting because of earlier OutOfSync error
[2024-11-27T03:47:46.469Z] Error reading or processing Modbus registers: rejecting because of earlier OutOfSync error
[2024-11-27T03:47:46.469Z] Error reading or processing Modbus registers: rejecting because of earlier OutOfSync error
[2024-11-27T03:47:46.469Z] Error reading or processing Modbus registers: rejecting because of earlier OutOfSync error
[2024-11-27T03:47:46.469Z] Error reading or processing Modbus registers: rejecting because of earlier OutOfSync error
[2024-11-27T03:47:46.469Z] Error reading or processing Modbus registers: rejecting because of earlier OutOfSync error
[2024-11-27T03:47:46.469Z] Error reading or processing Modbus registers: rejecting because of earlier OutOfSync error
[2024-11-27T03:47:46.470Z] Error reading or processing Modbus registers: rejecting because of earlier OutOfSync error
[2024-11-27T03:47:46.470Z] Error reading or processing Modbus registers: rejecting because of earlier OutOfSync error
[2024-11-27T03:47:46.471Z] Error reading or processing Modbus registers: no connection to modbus server
[2024-11-27T03:47:46.471Z] Error writing to Modbus register: no connection to modbus server
[2024-11-27T03:47:47.482Z] Error reading or processing Modbus registers: no connection to modbus server
[2024-11-27T03:47:47.482Z] Error writing to Modbus register: no connection to modbus server
[2024-11-27T03:47:48.014Z] Device at 10.30.4.128 is not reachable. Skipping connection attempt.
[2024-11-27T03:47:48.485Z] Error reading or processing Modbus registers: no connection to modbus server
[2024-11-27T03:47:48.486Z] Error writing to Modbus register: no connection to modbus server
[2024-11-27T03:47:49.487Z] Error reading or processing Modbus registers: no connection to modbus server
[2024-11-27T03:47:49.487Z] Error writing to Modbus register: no connection to modbus server
[2024-11-27T03:47:50.002Z] Device at 10.30.4.128 is not reachable. Skipping connection attempt.
[2024-11-27T03:47:50.501Z] Error reading or processing Modbus registers: no connection to modbus server
[2024-11-27T03:47:50.502Z] Error writing to Modbus register: no connection to modbus server
[2024-11-27T03:47:51.025Z] Device at 10.30.4.128 is not reachable. Skipping connection attempt.
[2024-11-27T03:47:51.030Z] Device at 10.30.4.128 is not reachable. Skipping connection attempt.
[2024-11-27T03:47:51.030Z] Device at 10.30.4.128 is not reachable. Skipping connection attempt.
[2024-11-27T03:47:51.033Z] Device at 10.30.4.128 is not reachable. Skipping connection attempt.
[2024-11-27T03:47:51.034Z] Device at 10.30.4.128 is not reachable. Skipping connection attempt.
[2024-11-27T03:47:51.034Z] Device at 10.30.4.128 is not reachable. Skipping connection attempt.
[2024-11-27T03:47:51.039Z] Device at 10.30.4.128 is not reachable. Skipping connection attempt.
[2024-11-27T03:47:51.046Z] Device at 10.30.4.128 is not reachable. Skipping connection attempt.
[2024-11-27T03:47:51.046Z] Device at 10.30.4.128 is not reachable. Skipping connection attempt.
[2024-11-27T03:47:51.054Z] Device at 10.30.4.128 is not reachable. Skipping connection attempt.
[2024-11-27T03:47:51.054Z] Device at 10.30.4.128 is not reachable. Skipping connection attempt.
[2024-11-27T03:47:51.069Z] Device at 10.30.4.128 is not reachable. Skipping connection attempt.
[2024-11-27T03:47:51.069Z] Device at 10.30.4.128 is not reachable. Skipping connection attempt.
[2024-11-27T03:47:51.069Z] Device at 10.30.4.128 is not reachable. Skipping connection attempt.
[2024-11-27T03:47:51.069Z] Device at 10.30.4.128 is not reachable. Skipping connection attempt.
[2024-11-27T03:47:51.506Z] Error reading or processing Modbus registers: no connection to modbus server
[2024-11-27T03:47:51.506Z] Error writing to Modbus register: no connection to modbus server
[2024-11-27T03:47:51.515Z] Device at 10.30.4.128 is not reachable. Skipping connection attempt.
[2024-11-27T03:47:51.519Z] Device at 10.30.4.128 is not reachable. Skipping connection attempt.
[2024-11-27T03:47:51.520Z] Device at 10.30.4.128 is not reachable. Skipping connection attempt.
[2024-11-27T03:47:52.507Z] Error reading or processing Modbus registers: no connection to modbus server
[2024-11-27T03:47:52.507Z] Error writing to Modbus register: no connection to modbus server
[2024-11-27T03:47:53.508Z] Error reading or processing Modbus registers: no connection to modbus server
[2024-11-27T03:47:53.509Z] Error writing to Modbus register: no connection to modbus server
[2024-11-27T03:47:54.511Z] Error reading or processing Modbus registers: no connection to modbus server
[2024-11-27T03:47:54.511Z] Error writing to Modbus register: no connection to modbus server
[2024-11-27T03:47:55.511Z] Error reading or processing Modbus registers: no connection to modbus server
[2024-11-27T03:47:55.512Z] Error writing to Modbus register: no connection to modbus server
[2024-11-27T03:47:56.515Z] Error reading or processing Modbus registers: no connection to modbus server
[2024-11-27T03:47:56.516Z] Error writing to Modbus register: no connection to modbus server
[2024-11-27T03:47:57.519Z] Error reading or processing Modbus registers: no connection to modbus server
[2024-11-27T03:47:57.519Z] Error writing to Modbus register: no connection to modbus server
[2024-11-27T03:47:58.523Z] Error reading or processing Modbus registers: no connection to modbus server
[2024-11-27T03:47:58.523Z] Error writing to Modbus register: no connection to modbus server
[2024-11-27T03:47:59.524Z] Error reading or processing Modbus registers: no connection to modbus server
[2024-11-27T03:47:59.524Z] Error writing to Modbus register: no connection to modbus server
[2024-11-27T03:48:00.529Z] Error reading or processing Modbus registers: no connection to modbus server
[2024-11-27T03:48:00.530Z] Error writing to Modbus register: no connection to modbus server
[2024-11-27T03:48:01.531Z] Error reading or processing Modbus registers: no connection to modbus server
[2024-11-27T03:48:01.532Z] Error writing to Modbus register: no connection to modbus server
[2024-11-27T03:50:38.701Z] No connection to Modbus server at 10.30.4.128. Retrying...
[2024-11-27T03:50:39.714Z] No connection to Modbus server at 10.30.4.128. Retrying...
[2024-11-27T03:50:40.717Z] No connection to Modbus server at 10.30.4.128. Retrying...
[2024-11-27T03:50:41.720Z] No connection to Modbus server at 10.30.4.128. Retrying...
[2024-11-27T03:50:42.724Z] No connection to Modbus server at 10.30.4.128. Retrying...
[2024-11-27T03:50:43.725Z] No connection to Modbus server at 10.30.4.128. Retrying...
[2024-11-27T03:50:44.737Z] No connection to Modbus server at 10.30.4.128. Retrying...
[2024-11-27T03:50:45.738Z] No connection to Modbus server at 10.30.4.128. Retrying...
[2024-11-27T03:50:46.743Z] No connection to Modbus server at 10.30.4.128. Retrying...
[2024-11-27T03:50:47.746Z] No connection to Modbus server at 10.30.4.128. Retrying...
[2024-11-27T03:50:48.748Z] No connection to Modbus server at 10.30.4.128. Retrying...
[2024-11-27T03:58:56.471Z] Error reading or processing Modbus registers: Req timed out
[2024-11-27T03:59:02.001Z] Device at 10.30.4.128 is not reachable. Skipping connection attempt.
[2024-11-27T03:59:10.001Z] Device at 10.30.4.128 is not reachable. Skipping connection attempt.
[2024-11-27T03:59:10.395Z] Unable to connect to device at 10.30.4.128: read ECONNRESET
[2024-11-27T03:59:10.397Z] Error reading register 6507 for IP 10.30.4.128: connection to modbus server closed
[2024-11-27T03:59:10.397Z] Error writing to Modbus register: rejecting because of earlier OutOfSync error
[2024-11-27T03:59:10.397Z] Error reading register 6507 for IP 10.30.4.128: rejecting because of earlier OutOfSync error
[2024-11-27T03:59:10.397Z] Error writing to Modbus register: rejecting because of earlier OutOfSync error
[2024-11-27T03:59:10.398Z] Error reading register 6507 for IP 10.30.4.128: rejecting because of earlier OutOfSync error
[2024-11-27T03:59:10.398Z] Error writing to Modbus register: rejecting because of earlier OutOfSync error
[2024-11-27T03:59:10.398Z] Error reading register 6507 for IP 10.30.4.128: rejecting because of earlier OutOfSync error
[2024-11-27T03:59:10.398Z] Error writing to Modbus register: rejecting because of earlier OutOfSync error
[2024-11-27T03:59:10.398Z] Error reading register 6507 for IP 10.30.4.128: rejecting because of earlier OutOfSync error
[2024-11-27T03:59:10.398Z] Error writing to Modbus register: rejecting because of earlier OutOfSync error
[2024-11-27T03:59:10.398Z] Error reading register 6507 for IP 10.30.4.128: rejecting because of earlier OutOfSync error
[2024-11-27T03:59:10.398Z] Error writing to Modbus register: rejecting because of earlier OutOfSync error
[2024-11-27T03:59:10.398Z] Error reading register 6507 for IP 10.30.4.128: rejecting because of earlier OutOfSync error
[2024-11-27T03:59:10.398Z] Error writing to Modbus register: rejecting because of earlier OutOfSync error
[2024-11-27T03:59:10.398Z] Error reading register 6507 for IP 10.30.4.128: rejecting because of earlier OutOfSync error
[2024-11-27T03:59:10.399Z] Error writing to Modbus register: rejecting because of earlier OutOfSync error
[2024-11-27T03:59:10.399Z] Error writing to Modbus register: rejecting because of earlier OutOfSync error
[2024-11-27T03:59:10.399Z] Error reading register 6507 for IP 10.30.4.128: rejecting because of earlier OutOfSync error
[2024-11-27T03:59:10.399Z] Error reading register 6507 for IP 10.30.4.128: rejecting because of earlier OutOfSync error
[2024-11-27T03:59:10.399Z] Error writing to Modbus register: rejecting because of earlier OutOfSync error
[2024-11-27T03:59:10.399Z] Error reading register 6507 for IP 10.30.4.128: rejecting because of earlier OutOfSync error
[2024-11-27T03:59:10.399Z] Error writing to Modbus register: rejecting because of earlier OutOfSync error
[2024-11-27T03:59:10.399Z] Error reading register 6507 for IP 10.30.4.128: rejecting because of earlier OutOfSync error
[2024-11-27T03:59:10.399Z] Error writing to Modbus register: rejecting because of earlier OutOfSync error
[2024-11-27T03:59:10.399Z] Error reading register 6507 for IP 10.30.4.128: rejecting because of earlier OutOfSync error
[2024-11-27T03:59:10.399Z] Error writing to Modbus register: rejecting because of earlier OutOfSync error
[2024-11-27T03:59:10.399Z] Error writing to Modbus register: rejecting because of earlier OutOfSync error
[2024-11-27T03:59:10.399Z] Error reading register 6507 for IP 10.30.4.128: rejecting because of earlier OutOfSync error
[2024-11-27T03:59:10.399Z] Error reading register 6507 for IP 10.30.4.128: rejecting because of earlier OutOfSync error
[2024-11-27T03:59:10.399Z] Error writing to Modbus register: rejecting because of earlier OutOfSync error
[2024-11-27T03:59:10.399Z] Error reading register 6507 for IP 10.30.4.128: rejecting because of earlier OutOfSync error
[2024-11-27T03:59:10.399Z] Error reading register 6507 for IP 10.30.4.128: rejecting because of earlier OutOfSync error
[2024-11-27T03:59:10.400Z] Error reading register 6507 for IP 10.30.4.128: rejecting because of earlier OutOfSync error
[2024-11-27T03:59:10.400Z] Error writing to Modbus register: rejecting because of earlier OutOfSync error
[2024-11-27T03:59:10.400Z] Error writing to Modbus register: rejecting because of earlier OutOfSync error
[2024-11-27T03:59:10.400Z] Error reading register 6507 for IP 10.30.4.128: rejecting because of earlier OutOfSync error
[2024-11-27T03:59:10.400Z] Error reading or processing Modbus registers: rejecting because of earlier OutOfSync error
[2024-11-27T03:59:10.400Z] Error reading or processing Modbus registers: rejecting because of earlier OutOfSync error
[2024-11-27T03:59:10.400Z] Error reading or processing Modbus registers: rejecting because of earlier OutOfSync error
[2024-11-27T03:59:10.400Z] Error reading or processing Modbus registers: rejecting because of earlier OutOfSync error
[2024-11-27T03:59:10.400Z] Error reading or processing Modbus registers: rejecting because of earlier OutOfSync error
[2024-11-27T03:59:10.400Z] Error reading or processing Modbus registers: rejecting because of earlier OutOfSync error
[2024-11-27T03:59:10.400Z] Error writing to Modbus register: rejecting because of earlier OutOfSync error
[2024-11-27T03:59:10.400Z] Error reading or processing Modbus registers: rejecting because of earlier OutOfSync error
[2024-11-27T03:59:10.400Z] Error reading or processing Modbus registers: rejecting because of earlier OutOfSync error
[2024-11-27T03:59:10.400Z] Error reading or processing Modbus registers: rejecting because of earlier OutOfSync error
[2024-11-27T03:59:10.400Z] Error reading or processing Modbus registers: rejecting because of earlier OutOfSync error
[2024-11-27T03:59:10.400Z] Error reading or processing Modbus registers: rejecting because of earlier OutOfSync error
[2024-11-27T03:59:10.400Z] Error reading or processing Modbus registers: rejecting because of earlier OutOfSync error
[2024-11-27T03:59:10.400Z] Error reading or processing Modbus registers: rejecting because of earlier OutOfSync error
[2024-11-27T03:59:10.401Z] Error reading or processing Modbus registers: rejecting because of earlier OutOfSync error
[2024-11-27T03:59:10.401Z] Error reading or processing Modbus registers: rejecting because of earlier OutOfSync error
[2024-11-27T03:59:10.401Z] Error reading or processing Modbus registers: rejecting because of earlier OutOfSync error
[2024-11-27T03:59:10.400Z] Error reading or processing Modbus registers: rejecting because of earlier OutOfSync error
[2024-11-27T03:59:10.399Z] Error writing to Modbus register: rejecting because of earlier OutOfSync error
[2024-11-27T03:59:10.401Z] Error reading or processing Modbus registers: rejecting because of earlier OutOfSync error
[2024-11-27T03:59:10.610Z] Error reading register 6507 for IP 10.30.4.128: no connection to modbus server
[2024-11-27T03:59:10.610Z] Error reading or processing Modbus registers: no connection to modbus server
[2024-11-27T03:59:10.610Z] Error writing to Modbus register: no connection to modbus server
[2024-11-27T03:59:11.625Z] Error reading register 6507 for IP 10.30.4.128: no connection to modbus server
[2024-11-27T03:59:11.625Z] Error reading or processing Modbus registers: no connection to modbus server
[2024-11-27T03:59:11.625Z] Error writing to Modbus register: no connection to modbus server
[2024-11-27T03:59:12.640Z] Error reading register 6507 for IP 10.30.4.128: no connection to modbus server
[2024-11-27T03:59:12.641Z] Error reading or processing Modbus registers: no connection to modbus server
[2024-11-27T03:59:12.641Z] Error writing to Modbus register: no connection to modbus server
[2024-11-27T03:59:13.655Z] Error reading register 6507 for IP 10.30.4.128: no connection to modbus server
[2024-11-27T03:59:13.655Z] Error reading or processing Modbus registers: no connection to modbus server
[2024-11-27T03:59:13.656Z] Error writing to Modbus register: no connection to modbus server
[2024-11-27T03:59:14.670Z] Error reading register 6507 for IP 10.30.4.128: no connection to modbus server
[2024-11-27T03:59:14.670Z] Error reading or processing Modbus registers: no connection to modbus server
[2024-11-27T03:59:14.670Z] Error writing to Modbus register: no connection to modbus server
[2024-11-27T03:59:15.406Z] Error reading register 6507 for IP 10.30.4.128: no connection to modbus server
[2024-11-27T03:59:15.407Z] Error reading register 6507 for IP 10.30.4.128: no connection to modbus server
[2024-11-27T03:59:15.407Z] Error reading register 6507 for IP 10.30.4.128: no connection to modbus server
[2024-11-27T03:59:15.408Z] Error reading register 6507 for IP 10.30.4.128: no connection to modbus server
[2024-11-27T03:59:15.409Z] Error reading register 6507 for IP 10.30.4.128: no connection to modbus server
[2024-11-27T03:59:15.409Z] Error reading register 6507 for IP 10.30.4.128: no connection to modbus server
[2024-11-27T03:59:15.409Z] Error reading register 6507 for IP 10.30.4.128: no connection to modbus server
[2024-11-27T03:59:15.410Z] Error reading register 6507 for IP 10.30.4.128: no connection to modbus server
[2024-11-27T03:59:15.410Z] Error reading register 6507 for IP 10.30.4.128: no connection to modbus server
[2024-11-27T03:59:15.411Z] Error reading register 6507 for IP 10.30.4.128: no connection to modbus server
[2024-11-27T03:59:15.411Z] Error reading register 6507 for IP 10.30.4.128: no connection to modbus server
[2024-11-27T03:59:15.411Z] Error reading register 6507 for IP 10.30.4.128: no connection to modbus server
[2024-11-27T03:59:15.412Z] Error reading register 6507 for IP 10.30.4.128: no connection to modbus server
[2024-11-27T03:59:15.412Z] Error reading register 6507 for IP 10.30.4.128: no connection to modbus server
[2024-11-27T03:59:15.412Z] Error reading register 6507 for IP 10.30.4.128: no connection to modbus server
[2024-11-27T03:59:15.413Z] Error reading register 6507 for IP 10.30.4.128: no connection to modbus server
[2024-11-27T03:59:15.413Z] Error reading register 6507 for IP 10.30.4.128: no connection to modbus server
[2024-11-27T03:59:15.413Z] Error reading register 6507 for IP 10.30.4.128: no connection to modbus server
[2024-11-27T03:59:15.413Z] Error reading register 6507 for IP 10.30.4.128: no connection to modbus server
[2024-11-27T03:59:15.622Z] Error reading register 6507 for IP 10.30.4.128: no connection to modbus server
[2024-11-27T03:59:15.684Z] Error reading register 6507 for IP 10.30.4.128: no connection to modbus server
[2024-11-27T03:59:15.684Z] Error reading or processing Modbus registers: no connection to modbus server
[2024-11-27T03:59:15.684Z] Error writing to Modbus register: no connection to modbus server
[2024-11-27T03:59:16.640Z] Error reading register 6507 for IP 10.30.4.128: no connection to modbus server
[2024-11-27T03:59:16.686Z] Error reading register 6507 for IP 10.30.4.128: no connection to modbus server
[2024-11-27T03:59:16.686Z] Error reading or processing Modbus registers: no connection to modbus server
[2024-11-27T03:59:16.686Z] Error writing to Modbus register: no connection to modbus server
[2024-11-27T03:59:17.643Z] Error reading register 6507 for IP 10.30.4.128: no connection to modbus server
[2024-11-27T03:59:17.690Z] Error reading register 6507 for IP 10.30.4.128: no connection to modbus server
[2024-11-27T03:59:17.690Z] Error reading or processing Modbus registers: no connection to modbus server
[2024-11-27T03:59:17.691Z] Error writing to Modbus register: no connection to modbus server
[2024-11-27T03:59:18.671Z] Error reading register 6507 for IP 10.30.4.128: no connection to modbus server
[2024-11-27T03:59:18.701Z] Error reading register 6507 for IP 10.30.4.128: no connection to modbus server
[2024-11-27T03:59:18.701Z] Error reading or processing Modbus registers: no connection to modbus server
[2024-11-27T03:59:18.701Z] Error writing to Modbus register: no connection to modbus server
[2024-11-27T03:59:19.672Z] Error reading register 6507 for IP 10.30.4.128: no connection to modbus server
[2024-11-27T03:59:19.704Z] Error reading register 6507 for IP 10.30.4.128: no connection to modbus server
[2024-11-27T03:59:19.704Z] Error reading or processing Modbus registers: no connection to modbus server
[2024-11-27T03:59:19.704Z] Error writing to Modbus register: no connection to modbus server
[2024-11-27T03:59:20.419Z] Error reading register 6507 for IP 10.30.4.128: no connection to modbus server
[2024-11-27T03:59:20.419Z] Error reading register 6507 for IP 10.30.4.128: no connection to modbus server
[2024-11-27T03:59:20.420Z] Error reading register 6507 for IP 10.30.4.128: no connection to modbus server
[2024-11-27T03:59:20.420Z] Error reading register 6507 for IP 10.30.4.128: no connection to modbus server
[2024-11-27T03:59:20.421Z] Error reading register 6507 for IP 10.30.4.128: no connection to modbus server
[2024-11-27T03:59:20.421Z] Error reading register 6507 for IP 10.30.4.128: no connection to modbus server
[2024-11-27T03:59:20.422Z] Error reading register 6507 for IP 10.30.4.128: no connection to modbus server
[2024-11-27T03:59:20.422Z] Error reading register 6507 for IP 10.30.4.128: no connection to modbus server
[2024-11-27T03:59:20.423Z] Error reading register 6507 for IP 10.30.4.128: no connection to modbus server
[2024-11-27T03:59:20.423Z] Error reading register 6507 for IP 10.30.4.128: no connection to modbus server
[2024-11-27T03:59:20.424Z] Error reading register 6507 for IP 10.30.4.128: no connection to modbus server
[2024-11-27T03:59:20.424Z] Error reading register 6507 for IP 10.30.4.128: no connection to modbus server
[2024-11-27T03:59:20.425Z] Error reading register 6507 for IP 10.30.4.128: no connection to modbus server
[2024-11-27T03:59:20.425Z] Error reading register 6507 for IP 10.30.4.128: no connection to modbus server
[2024-11-27T03:59:20.425Z] Error reading register 6507 for IP 10.30.4.128: no connection to modbus server
[2024-11-27T03:59:20.426Z] Error reading register 6507 for IP 10.30.4.128: no connection to modbus server
[2024-11-27T03:59:20.426Z] Error reading register 6507 for IP 10.30.4.128: no connection to modbus server
[2024-11-27T03:59:20.427Z] Error reading register 6507 for IP 10.30.4.128: no connection to modbus server
[2024-11-27T03:59:20.428Z] Error reading register 6507 for IP 10.30.4.128: no connection to modbus server
[2024-11-27T03:59:20.626Z] Error reading register 6507 for IP 10.30.4.128: no connection to modbus server
[2024-11-27T03:59:20.687Z] Error reading register 6507 for IP 10.30.4.128: no connection to modbus server
[2024-11-27T03:59:20.717Z] Error reading register 6507 for IP 10.30.4.128: no connection to modbus server
[2024-11-27T03:59:20.717Z] Error reading or processing Modbus registers: no connection to modbus server
[2024-11-27T03:59:20.718Z] Error writing to Modbus register: no connection to modbus server
[2024-11-27T03:59:21.644Z] Error reading register 6507 for IP 10.30.4.128: no connection to modbus server
[2024-11-27T03:59:21.689Z] Error reading register 6507 for IP 10.30.4.128: no connection to modbus server
[2024-11-27T03:59:21.721Z] Error reading register 6507 for IP 10.30.4.128: no connection to modbus server
[2024-11-27T03:59:21.721Z] Error reading or processing Modbus registers: no connection to modbus server
[2024-11-27T03:59:21.722Z] Error writing to Modbus register: no connection to modbus server
[2024-11-27T03:59:22.646Z] Error reading register 6507 for IP 10.30.4.128: no connection to modbus server
[2024-11-27T03:59:22.692Z] Error reading register 6507 for IP 10.30.4.128: no connection to modbus server
[2024-11-27T03:59:22.724Z] Error reading register 6507 for IP 10.30.4.128: no connection to modbus server
[2024-11-27T03:59:22.725Z] Error reading or processing Modbus registers: no connection to modbus server
[2024-11-27T03:59:22.725Z] Error writing to Modbus register: no connection to modbus server
[2024-11-27T03:59:23.681Z] Error reading register 6507 for IP 10.30.4.128: no connection to modbus server
[2024-11-27T03:59:23.712Z] Error reading register 6507 for IP 10.30.4.128: no connection to modbus server
[2024-11-27T03:59:23.727Z] Error reading register 6507 for IP 10.30.4.128: no connection to modbus server
[2024-11-27T03:59:23.727Z] Error reading or processing Modbus registers: no connection to modbus server
[2024-11-27T03:59:23.728Z] Error writing to Modbus register: no connection to modbus server
[2024-11-27T03:59:24.683Z] Error reading register 6507 for IP 10.30.4.128: no connection to modbus server
[2024-11-27T03:59:24.713Z] Error reading register 6507 for IP 10.30.4.128: no connection to modbus server
[2024-11-27T03:59:24.728Z] Error reading register 6507 for IP 10.30.4.128: no connection to modbus server
[2024-11-27T03:59:24.728Z] Error reading or processing Modbus registers: no connection to modbus server
[2024-11-27T03:59:24.729Z] Error writing to Modbus register: no connection to modbus server
[2024-11-27T03:59:25.418Z] Error reading register 6507 for IP 10.30.4.128: no connection to modbus server
[2024-11-27T03:59:25.419Z] Error reading register 6507 for IP 10.30.4.128: no connection to modbus server
[2024-11-27T03:59:25.420Z] Error reading register 6507 for IP 10.30.4.128: no connection to modbus server
[2024-11-27T03:59:25.420Z] Error reading register 6507 for IP 10.30.4.128: no connection to modbus server
[2024-11-27T03:59:25.421Z] Error reading register 6507 for IP 10.30.4.128: no connection to modbus server
[2024-11-27T03:59:25.422Z] Error reading register 6507 for IP 10.30.4.128: no connection to modbus server
[2024-11-27T03:59:25.422Z] Error reading register 6507 for IP 10.30.4.128: no connection to modbus server
[2024-11-27T03:59:25.422Z] Error reading register 6507 for IP 10.30.4.128: no connection to modbus server
[2024-11-27T03:59:25.424Z] Error reading register 6507 for IP 10.30.4.128: no connection to modbus server
[2024-11-27T03:59:25.424Z] Error reading register 6507 for IP 10.30.4.128: no connection to modbus server
[2024-11-27T03:59:25.424Z] Error reading register 6507 for IP 10.30.4.128: no connection to modbus server
[2024-11-27T03:59:25.426Z] Error reading register 6507 for IP 10.30.4.128: no connection to modbus server
[2024-11-27T03:59:25.425Z] Error reading register 6507 for IP 10.30.4.128: no connection to modbus server
[2024-11-27T03:59:25.426Z] Error reading register 6507 for IP 10.30.4.128: no connection to modbus server
[2024-11-27T03:59:25.426Z] Error reading register 6507 for IP 10.30.4.128: no connection to modbus server
[2024-11-27T03:59:25.426Z] Error reading register 6507 for IP 10.30.4.128: no connection to modbus server
[2024-11-27T03:59:25.427Z] Error reading register 6507 for IP 10.30.4.128: no connection to modbus server
[2024-11-27T03:59:25.427Z] Error reading register 6507 for IP 10.30.4.128: no connection to modbus server
[2024-11-27T03:59:25.427Z] Error reading register 6507 for IP 10.30.4.128: no connection to modbus server
[2024-11-27T03:59:25.639Z] Error reading register 6507 for IP 10.30.4.128: no connection to modbus server
[2024-11-27T03:59:25.702Z] Error reading register 6507 for IP 10.30.4.128: no connection to modbus server
[2024-11-27T03:59:25.732Z] Error reading register 6507 for IP 10.30.4.128: no connection to modbus server
[2024-11-27T03:59:25.733Z] Error reading register 6507 for IP 10.30.4.128: no connection to modbus server
[2024-11-27T03:59:25.733Z] Error reading or processing Modbus registers: no connection to modbus server
[2024-11-27T03:59:25.733Z] Error writing to Modbus register: no connection to modbus server
[2024-11-27T03:59:26.657Z] Error reading register 6507 for IP 10.30.4.128: no connection to modbus server
[2024-11-27T03:59:26.703Z] Error reading register 6507 for IP 10.30.4.128: no connection to modbus server
[2024-11-27T03:59:26.735Z] Error reading register 6507 for IP 10.30.4.128: no connection to modbus server
[2024-11-27T03:59:26.735Z] Error reading register 6507 for IP 10.30.4.128: no connection to modbus server
[2024-11-27T03:59:26.736Z] Error reading or processing Modbus registers: no connection to modbus server
[2024-11-27T03:59:26.736Z] Error writing to Modbus register: no connection to modbus server
[2024-11-27T03:59:27.660Z] Error reading register 6507 for IP 10.30.4.128: no connection to modbus server
[2024-11-27T03:59:27.706Z] Error reading register 6507 for IP 10.30.4.128: no connection to modbus server
[2024-11-27T03:59:27.738Z] Error reading register 6507 for IP 10.30.4.128: no connection to modbus server
[2024-11-27T03:59:27.738Z] Error reading register 6507 for IP 10.30.4.128: no connection to modbus server
[2024-11-27T03:59:27.739Z] Error reading or processing Modbus registers: no connection to modbus server
[2024-11-27T03:59:27.739Z] Error writing to Modbus register: no connection to modbus server
[2024-11-27T03:59:28.692Z] Error reading register 6507 for IP 10.30.4.128: no connection to modbus server
[2024-11-27T03:59:28.723Z] Error reading register 6507 for IP 10.30.4.128: no connection to modbus server
[2024-11-27T03:59:28.739Z] Error reading register 6507 for IP 10.30.4.128: no connection to modbus server
[2024-11-27T03:59:28.739Z] Error reading register 6507 for IP 10.30.4.128: no connection to modbus server
[2024-11-27T03:59:28.740Z] Error reading or processing Modbus registers: no connection to modbus server
[2024-11-27T03:59:28.740Z] Error writing to Modbus register: no connection to modbus server
[2024-11-27T03:59:29.694Z] Error reading register 6507 for IP 10.30.4.128: no connection to modbus server
[2024-11-27T03:59:29.724Z] Error reading register 6507 for IP 10.30.4.128: no connection to modbus server
[2024-11-27T03:59:29.740Z] Error reading register 6507 for IP 10.30.4.128: no connection to modbus server
[2024-11-27T03:59:29.741Z] Error reading register 6507 for IP 10.30.4.128: no connection to modbus server
[2024-11-27T03:59:29.741Z] Error reading or processing Modbus registers: no connection to modbus server
[2024-11-27T03:59:29.741Z] Error writing to Modbus register: no connection to modbus server
[2024-11-27T03:59:30.418Z] Error reading register 6507 for IP 10.30.4.128: no connection to modbus server
[2024-11-27T03:59:30.420Z] Error reading register 6507 for IP 10.30.4.128: no connection to modbus server
[2024-11-27T03:59:30.421Z] Error reading register 6507 for IP 10.30.4.128: no connection to modbus server
[2024-11-27T03:59:30.422Z] Error reading register 6507 for IP 10.30.4.128: no connection to modbus server
[2024-11-27T03:59:30.423Z] Error reading register 6507 for IP 10.30.4.128: no connection to modbus server
[2024-11-27T03:59:30.422Z] Error reading register 6507 for IP 10.30.4.128: no connection to modbus server
[2024-11-27T03:59:30.424Z] Error reading register 6507 for IP 10.30.4.128: no connection to modbus server
[2024-11-27T03:59:30.424Z] Error reading register 6507 for IP 10.30.4.128: no connection to modbus server
[2024-11-27T03:59:30.424Z] Error reading register 6507 for IP 10.30.4.128: no connection to modbus server
[2024-11-27T03:59:30.425Z] Error reading register 6507 for IP 10.30.4.128: no connection to modbus server
[2024-11-27T03:59:30.426Z] Error reading register 6507 for IP 10.30.4.128: no connection to modbus server
[2024-11-27T03:59:30.426Z] Error reading register 6507 for IP 10.30.4.128: no connection to modbus server
[2024-11-27T03:59:30.426Z] Error reading register 6507 for IP 10.30.4.128: no connection to modbus server
[2024-11-27T03:59:30.427Z] Error reading register 6507 for IP 10.30.4.128: no connection to modbus server
[2024-11-27T03:59:30.427Z] Error reading register 6507 for IP 10.30.4.128: no connection to modbus server
[2024-11-27T03:59:30.427Z] Error reading register 6507 for IP 10.30.4.128: no connection to modbus server
[2024-11-27T03:59:30.428Z] Error reading register 6507 for IP 10.30.4.128: no connection to modbus server
[2024-11-27T03:59:30.428Z] Error reading register 6507 for IP 10.30.4.128: no connection to modbus server
[2024-11-27T03:59:30.428Z] Error reading register 6507 for IP 10.30.4.128: no connection to modbus server
[2024-11-27T03:59:30.651Z] Error reading register 6507 for IP 10.30.4.128: no connection to modbus server
[2024-11-27T03:59:30.712Z] Error reading register 6507 for IP 10.30.4.128: no connection to modbus server
[2024-11-27T03:59:30.743Z] Error reading register 6507 for IP 10.30.4.128: no connection to modbus server
[2024-11-27T03:59:30.743Z] Error reading register 6507 for IP 10.30.4.128: no connection to modbus server
[2024-11-27T03:59:30.743Z] Error reading register 6507 for IP 10.30.4.128: no connection to modbus server
[2024-11-27T03:59:30.743Z] Error reading or processing Modbus registers: no connection to modbus server
[2024-11-27T03:59:30.744Z] Error writing to Modbus register: no connection to modbus server
[2024-11-27T03:59:31.672Z] Error reading register 6507 for IP 10.30.4.128: no connection to modbus server
[2024-11-27T03:59:31.718Z] Error reading register 6507 for IP 10.30.4.128: no connection to modbus server
[2024-11-27T03:59:31.750Z] Error reading register 6507 for IP 10.30.4.128: no connection to modbus server
[2024-11-27T03:59:31.750Z] Error reading register 6507 for IP 10.30.4.128: no connection to modbus server
[2024-11-27T03:59:31.750Z] Error reading register 6507 for IP 10.30.4.128: no connection to modbus server
[2024-11-27T03:59:31.751Z] Error reading or processing Modbus registers: no connection to modbus server
[2024-11-27T03:59:31.751Z] Error writing to Modbus register: no connection to modbus server
[2024-11-27T03:59:32.675Z] Error reading register 6507 for IP 10.30.4.128: no connection to modbus server
[2024-11-27T03:59:32.721Z] Error reading register 6507 for IP 10.30.4.128: no connection to modbus server
[2024-11-27T03:59:32.751Z] Error reading register 6507 for IP 10.30.4.128: no connection to modbus server
[2024-11-27T03:59:32.752Z] Error reading register 6507 for IP 10.30.4.128: no connection to modbus server
[2024-11-27T03:59:32.752Z] Error reading register 6507 for IP 10.30.4.128: no connection to modbus server
[2024-11-27T03:59:32.752Z] Error reading or processing Modbus registers: no connection to modbus server
[2024-11-27T03:59:32.752Z] Error writing to Modbus register: no connection to modbus server
[2024-11-27T03:59:33.708Z] Error reading register 6507 for IP 10.30.4.128: no connection to modbus server
[2024-11-27T03:59:33.723Z] Error reading register 6507 for IP 10.30.4.128: no connection to modbus server
[2024-11-27T03:59:33.754Z] Error reading register 6507 for IP 10.30.4.128: no connection to modbus server
[2024-11-27T03:59:33.754Z] Error reading register 6507 for IP 10.30.4.128: no connection to modbus server
[2024-11-27T03:59:33.754Z] Error reading register 6507 for IP 10.30.4.128: no connection to modbus server
[2024-11-27T03:59:33.754Z] Error reading or processing Modbus registers: no connection to modbus server
[2024-11-27T03:59:33.754Z] Error writing to Modbus register: no connection to modbus server
[2024-11-27T03:59:34.709Z] Error reading register 6507 for IP 10.30.4.128: no connection to modbus server
[2024-11-27T03:59:34.725Z] Error reading register 6507 for IP 10.30.4.128: no connection to modbus server
[2024-11-27T03:59:34.756Z] Error reading register 6507 for IP 10.30.4.128: no connection to modbus server
[2024-11-27T03:59:34.756Z] Error reading register 6507 for IP 10.30.4.128: no connection to modbus server
[2024-11-27T03:59:34.756Z] Error reading register 6507 for IP 10.30.4.128: no connection to modbus server
[2024-11-27T03:59:34.757Z] Error reading or processing Modbus registers: no connection to modbus server
[2024-11-27T03:59:34.757Z] Error writing to Modbus register: no connection to modbus server
[2024-11-27T03:59:35.418Z] Error reading register 6507 for IP 10.30.4.128: no connection to modbus server
[2024-11-27T03:59:35.420Z] Error reading register 6507 for IP 10.30.4.128: no connection to modbus server
[2024-11-27T03:59:35.420Z] Error reading register 6507 for IP 10.30.4.128: no connection to modbus server
[2024-11-27T03:59:35.422Z] Error reading register 6507 for IP 10.30.4.128: no connection to modbus server
[2024-11-27T03:59:35.422Z] Error reading register 6507 for IP 10.30.4.128: no connection to modbus server
[2024-11-27T03:59:35.423Z] Error reading register 6507 for IP 10.30.4.128: no connection to modbus server
[2024-11-27T03:59:35.423Z] Error reading register 6507 for IP 10.30.4.128: no connection to modbus server
[2024-11-27T03:59:35.424Z] Error reading register 6507 for IP 10.30.4.128: no connection to modbus server
[2024-11-27T03:59:35.424Z] Error reading register 6507 for IP 10.30.4.128: no connection to modbus server
[2024-11-27T03:59:35.425Z] Error reading register 6507 for IP 10.30.4.128: no connection to modbus server
[2024-11-27T03:59:35.425Z] Error reading register 6507 for IP 10.30.4.128: no connection to modbus server
[2024-11-27T03:59:35.426Z] Error reading register 6507 for IP 10.30.4.128: no connection to modbus server
[2024-11-27T03:59:35.427Z] Error reading register 6507 for IP 10.30.4.128: no connection to modbus server
[2024-11-27T03:59:35.427Z] Error reading register 6507 for IP 10.30.4.128: no connection to modbus server
[2024-11-27T03:59:35.427Z] Error reading register 6507 for IP 10.30.4.128: no connection to modbus server
[2024-11-27T03:59:35.427Z] Error reading register 6507 for IP 10.30.4.128: no connection to modbus server
[2024-11-27T03:59:35.427Z] Error reading register 6507 for IP 10.30.4.128: no connection to modbus server
[2024-11-27T03:59:35.428Z] Error reading register 6507 for IP 10.30.4.128: no connection to modbus server
[2024-11-27T03:59:35.428Z] Error reading register 6507 for IP 10.30.4.128: no connection to modbus server
[2024-11-27T03:59:35.667Z] Error reading register 6507 for IP 10.30.4.128: no connection to modbus server
[2024-11-27T03:59:35.728Z] Error reading register 6507 for IP 10.30.4.128: no connection to modbus server
[2024-11-27T03:59:35.759Z] Error reading register 6507 for IP 10.30.4.128: no connection to modbus server
[2024-11-27T03:59:35.760Z] Error reading register 6507 for IP 10.30.4.128: no connection to modbus server
[2024-11-27T03:59:35.760Z] Error reading register 6507 for IP 10.30.4.128: no connection to modbus server
[2024-11-27T03:59:35.761Z] Error reading register 6507 for IP 10.30.4.128: no connection to modbus server
[2024-11-27T03:59:35.761Z] Error reading or processing Modbus registers: no connection to modbus server
[2024-11-27T03:59:35.762Z] Error writing to Modbus register: no connection to modbus server
[2024-11-27T03:59:36.681Z] Error reading register 6507 for IP 10.30.4.128: no connection to modbus server
[2024-11-27T03:59:36.726Z] Error reading register 6507 for IP 10.30.4.128: no connection to modbus server
[2024-11-27T03:59:36.758Z] Error reading register 6507 for IP 10.30.4.128: no connection to modbus server
[2024-11-27T03:59:36.759Z] Error reading register 6507 for IP 10.30.4.128: no connection to modbus server
[2024-11-27T03:59:36.759Z] Error reading register 6507 for IP 10.30.4.128: no connection to modbus server
[2024-11-27T03:59:36.762Z] Error reading register 6507 for IP 10.30.4.128: no connection to modbus server
[2024-11-27T03:59:36.762Z] Error reading or processing Modbus registers: no connection to modbus server
[2024-11-27T03:59:36.763Z] Error writing to Modbus register: no connection to modbus server
[2024-11-27T03:59:37.681Z] Error reading register 6507 for IP 10.30.4.128: no connection to modbus server
[2024-11-27T03:59:37.727Z] Error reading register 6507 for IP 10.30.4.128: no connection to modbus server
[2024-11-27T03:59:37.757Z] Error reading register 6507 for IP 10.30.4.128: no connection to modbus server
[2024-11-27T03:59:37.758Z] Error reading register 6507 for IP 10.30.4.128: no connection to modbus server
[2024-11-27T03:59:37.758Z] Error reading register 6507 for IP 10.30.4.128: no connection to modbus server
[2024-11-27T03:59:37.773Z] Error reading register 6507 for IP 10.30.4.128: no connection to modbus server
[2024-11-27T03:59:37.773Z] Error reading or processing Modbus registers: no connection to modbus server
[2024-11-27T03:59:37.774Z] Error writing to Modbus register: no connection to modbus server
[2024-11-27T03:59:38.711Z] Error reading register 6507 for IP 10.30.4.128: no connection to modbus server
[2024-11-27T03:59:38.726Z] Error reading register 6507 for IP 10.30.4.128: no connection to modbus server
[2024-11-27T03:59:38.757Z] Error reading register 6507 for IP 10.30.4.128: no connection to modbus server
[2024-11-27T03:59:38.757Z] Error reading register 6507 for IP 10.30.4.128: no connection to modbus server
[2024-11-27T03:59:38.757Z] Error reading register 6507 for IP 10.30.4.128: no connection to modbus server
[2024-11-27T03:59:38.787Z] Error reading register 6507 for IP 10.30.4.128: no connection to modbus server
[2024-11-27T03:59:38.787Z] Error reading or processing Modbus registers: no connection to modbus server
[2024-11-27T03:59:38.788Z] Error writing to Modbus register: no connection to modbus server
[2024-11-27T03:59:39.711Z] Error reading register 6507 for IP 10.30.4.128: no connection to modbus server
[2024-11-27T03:59:39.741Z] Error reading register 6507 for IP 10.30.4.128: no connection to modbus server
[2024-11-27T03:59:39.771Z] Error reading register 6507 for IP 10.30.4.128: no connection to modbus server
[2024-11-27T03:59:39.772Z] Error reading register 6507 for IP 10.30.4.128: no connection to modbus server
[2024-11-27T03:59:39.772Z] Error reading register 6507 for IP 10.30.4.128: no connection to modbus server
[2024-11-27T03:59:39.801Z] Error reading register 6507 for IP 10.30.4.128: no connection to modbus server
[2024-11-27T03:59:39.801Z] Error reading or processing Modbus registers: no connection to modbus server
[2024-11-27T03:59:39.802Z] Error writing to Modbus register: no connection to modbus server
[2024-11-27T04:01:31.644Z] Error reading or processing Modbus registers: Req timed out
[2024-11-27T04:01:39.002Z] Device at 10.30.4.128 is not reachable. Skipping connection attempt.
[2024-11-27T04:01:45.599Z] Unable to connect to device at 10.30.4.128: read ECONNRESET
[2024-11-27T04:01:45.601Z] Error reading register 6507 for IP 10.30.4.128: connection to modbus server closed
[2024-11-27T04:01:45.601Z] Error reading register 6507 for IP 10.30.4.128: rejecting because of earlier OutOfSync error
[2024-11-27T04:01:45.601Z] Error writing to Modbus register: rejecting because of earlier OutOfSync error
[2024-11-27T04:01:45.601Z] Error reading register 6507 for IP 10.30.4.128: rejecting because of earlier OutOfSync error
[2024-11-27T04:01:45.601Z] Error writing to Modbus register: rejecting because of earlier OutOfSync error
[2024-11-27T04:01:45.601Z] Error reading register 6507 for IP 10.30.4.128: rejecting because of earlier OutOfSync error
[2024-11-27T04:01:45.601Z] Error writing to Modbus register: rejecting because of earlier OutOfSync error
[2024-11-27T04:01:45.601Z] Error writing to Modbus register: rejecting because of earlier OutOfSync error
[2024-11-27T04:01:45.601Z] Error reading register 6507 for IP 10.30.4.128: rejecting because of earlier OutOfSync error
[2024-11-27T04:01:45.602Z] Error writing to Modbus register: rejecting because of earlier OutOfSync error
[2024-11-27T04:01:45.602Z] Error reading register 6507 for IP 10.30.4.128: rejecting because of earlier OutOfSync error
[2024-11-27T04:01:45.602Z] Error writing to Modbus register: rejecting because of earlier OutOfSync error
[2024-11-27T04:01:45.602Z] Error reading register 6507 for IP 10.30.4.128: rejecting because of earlier OutOfSync error
[2024-11-27T04:01:45.602Z] Error writing to Modbus register: rejecting because of earlier OutOfSync error
[2024-11-27T04:01:45.602Z] Error reading register 6507 for IP 10.30.4.128: rejecting because of earlier OutOfSync error
[2024-11-27T04:01:45.602Z] Error writing to Modbus register: rejecting because of earlier OutOfSync error
[2024-11-27T04:01:45.602Z] Error reading register 6507 for IP 10.30.4.128: rejecting because of earlier OutOfSync error
[2024-11-27T04:01:45.602Z] Error writing to Modbus register: rejecting because of earlier OutOfSync error
[2024-11-27T04:01:45.602Z] Error reading register 6507 for IP 10.30.4.128: rejecting because of earlier OutOfSync error
[2024-11-27T04:01:45.602Z] Error reading register 6507 for IP 10.30.4.128: rejecting because of earlier OutOfSync error
[2024-11-27T04:01:45.602Z] Error writing to Modbus register: rejecting because of earlier OutOfSync error
[2024-11-27T04:01:45.602Z] Error reading register 6507 for IP 10.30.4.128: rejecting because of earlier OutOfSync error
[2024-11-27T04:01:45.602Z] Error writing to Modbus register: rejecting because of earlier OutOfSync error
[2024-11-27T04:01:45.602Z] Error writing to Modbus register: rejecting because of earlier OutOfSync error
[2024-11-27T04:01:45.602Z] Error reading register 6507 for IP 10.30.4.128: rejecting because of earlier OutOfSync error
[2024-11-27T04:01:45.602Z] Error writing to Modbus register: rejecting because of earlier OutOfSync error
[2024-11-27T04:01:45.603Z] Error reading register 6507 for IP 10.30.4.128: rejecting because of earlier OutOfSync error
[2024-11-27T04:01:45.603Z] Error reading register 6507 for IP 10.30.4.128: rejecting because of earlier OutOfSync error
[2024-11-27T04:01:45.603Z] Error writing to Modbus register: rejecting because of earlier OutOfSync error
[2024-11-27T04:01:45.603Z] Error writing to Modbus register: rejecting because of earlier OutOfSync error
[2024-11-27T04:01:45.603Z] Error reading register 6507 for IP 10.30.4.128: rejecting because of earlier OutOfSync error
[2024-11-27T04:01:45.603Z] Error writing to Modbus register: rejecting because of earlier OutOfSync error
[2024-11-27T04:01:45.603Z] Error reading register 6507 for IP 10.30.4.128: rejecting because of earlier OutOfSync error
[2024-11-27T04:01:45.603Z] Error writing to Modbus register: rejecting because of earlier OutOfSync error
[2024-11-27T04:01:45.603Z] Error reading register 6507 for IP 10.30.4.128: rejecting because of earlier OutOfSync error
[2024-11-27T04:01:45.603Z] Error writing to Modbus register: rejecting because of earlier OutOfSync error
[2024-11-27T04:01:45.603Z] Error reading or processing Modbus registers: rejecting because of earlier OutOfSync error
[2024-11-27T04:01:45.602Z] Error reading register 6507 for IP 10.30.4.128: rejecting because of earlier OutOfSync error
[2024-11-27T04:01:45.603Z] Error reading or processing Modbus registers: rejecting because of earlier OutOfSync error
[2024-11-27T04:01:45.603Z] Error reading or processing Modbus registers: rejecting because of earlier OutOfSync error
[2024-11-27T04:01:45.602Z] Error writing to Modbus register: rejecting because of earlier OutOfSync error
[2024-11-27T04:01:45.603Z] Error reading or processing Modbus registers: rejecting because of earlier OutOfSync error
[2024-11-27T04:01:45.603Z] Error reading or processing Modbus registers: rejecting because of earlier OutOfSync error
[2024-11-27T04:01:45.603Z] Error reading or processing Modbus registers: rejecting because of earlier OutOfSync error
[2024-11-27T04:01:45.603Z] Error reading or processing Modbus registers: rejecting because of earlier OutOfSync error
[2024-11-27T04:01:45.603Z] Error reading or processing Modbus registers: rejecting because of earlier OutOfSync error
[2024-11-27T04:01:45.603Z] Error reading or processing Modbus registers: rejecting because of earlier OutOfSync error
[2024-11-27T04:01:45.603Z] Error reading or processing Modbus registers: rejecting because of earlier OutOfSync error
[2024-11-27T04:01:45.604Z] Error reading or processing Modbus registers: rejecting because of earlier OutOfSync error
[2024-11-27T04:01:45.604Z] Error reading or processing Modbus registers: rejecting because of earlier OutOfSync error
[2024-11-27T04:01:45.604Z] Error reading or processing Modbus registers: rejecting because of earlier OutOfSync error
[2024-11-27T04:01:45.604Z] Error reading or processing Modbus registers: rejecting because of earlier OutOfSync error
[2024-11-27T04:01:45.604Z] Error reading or processing Modbus registers: rejecting because of earlier OutOfSync error
[2024-11-27T04:01:45.604Z] Error reading or processing Modbus registers: rejecting because of earlier OutOfSync error
[2024-11-27T04:01:45.603Z] Error reading or processing Modbus registers: rejecting because of earlier OutOfSync error
[2024-11-27T04:01:45.604Z] Error reading or processing Modbus registers: rejecting because of earlier OutOfSync error
[2024-11-27T04:01:45.765Z] Error reading or processing Modbus registers: no connection to modbus server
[2024-11-27T04:01:45.766Z] Error writing to Modbus register: no connection to modbus server
[2024-11-27T04:01:46.769Z] Error reading or processing Modbus registers: no connection to modbus server
[2024-11-27T04:01:46.769Z] Error writing to Modbus register: no connection to modbus server
[2024-11-27T04:01:47.770Z] Error reading or processing Modbus registers: no connection to modbus server
[2024-11-27T04:01:47.770Z] Error writing to Modbus register: no connection to modbus server
[2024-11-27T04:01:48.772Z] Error reading or processing Modbus registers: no connection to modbus server
[2024-11-27T04:01:48.773Z] Error writing to Modbus register: no connection to modbus server
[2024-11-27T04:01:49.770Z] Error reading or processing Modbus registers: no connection to modbus server
[2024-11-27T04:01:49.788Z] Error writing to Modbus register: no connection to modbus server
[2024-11-27T04:01:50.784Z] Error reading or processing Modbus registers: no connection to modbus server
[2024-11-27T04:01:50.803Z] Error writing to Modbus register: no connection to modbus server
[2024-11-27T04:01:51.783Z] Error reading or processing Modbus registers: no connection to modbus server
[2024-11-27T04:01:51.804Z] Error writing to Modbus register: no connection to modbus server
[2024-11-27T04:01:52.786Z] Error reading or processing Modbus registers: no connection to modbus server
[2024-11-27T04:01:52.803Z] Error writing to Modbus register: no connection to modbus server
[2024-11-27T04:01:53.801Z] Error reading or processing Modbus registers: no connection to modbus server
[2024-11-27T04:01:53.817Z] Error writing to Modbus register: no connection to modbus server
[2024-11-27T04:01:54.813Z] Error reading or processing Modbus registers: no connection to modbus server
[2024-11-27T04:01:54.817Z] Error writing to Modbus register: no connection to modbus server
[2024-11-27T04:01:55.819Z] Error reading or processing Modbus registers: no connection to modbus server
[2024-11-27T04:01:55.820Z] Error writing to Modbus register: no connection to modbus server
[2024-11-27T04:01:56.824Z] Error reading or processing Modbus registers: no connection to modbus server
[2024-11-27T04:01:56.827Z] Error writing to Modbus register: no connection to modbus server
[2024-11-27T04:01:57.838Z] Error reading or processing Modbus registers: no connection to modbus server
[2024-11-27T04:01:57.839Z] Error writing to Modbus register: no connection to modbus server
[2024-11-27T04:01:58.841Z] Error reading or processing Modbus registers: no connection to modbus server
[2024-11-27T04:01:58.842Z] Error writing to Modbus register: no connection to modbus server
[2024-11-27T04:01:59.843Z] Error reading or processing Modbus registers: no connection to modbus server
[2024-11-27T04:01:59.844Z] Error writing to Modbus register: no connection to modbus server
[2024-11-27T04:02:00.845Z] Error reading or processing Modbus registers: no connection to modbus server
[2024-11-27T04:02:00.845Z] Error writing to Modbus register: no connection to modbus server
[2024-11-27T04:02:01.849Z] Error reading or processing Modbus registers: no connection to modbus server
[2024-11-27T04:02:01.850Z] Error writing to Modbus register: no connection to modbus server
[2024-11-27T04:07:28.698Z] Error reading or processing Modbus registers: Req timed out
[2024-11-27T04:07:29.507Z] Device at 10.30.4.128 is not reachable. Skipping connection attempt.
[2024-11-27T04:07:35.999Z] Device at 10.30.4.128 is not reachable. Skipping connection attempt.
[2024-11-27T04:07:42.616Z] Unable to connect to device at 10.30.4.128: read ECONNRESET
[2024-11-27T04:07:42.618Z] Error reading register 6507 for IP 10.30.4.128: connection to modbus server closed
[2024-11-27T04:07:42.618Z] Error writing to Modbus register: rejecting because of earlier OutOfSync error
[2024-11-27T04:07:42.618Z] Error reading register 6507 for IP 10.30.4.128: rejecting because of earlier OutOfSync error
[2024-11-27T04:07:42.618Z] Error writing to Modbus register: rejecting because of earlier OutOfSync error
[2024-11-27T04:07:42.618Z] Error reading register 6507 for IP 10.30.4.128: rejecting because of earlier OutOfSync error
[2024-11-27T04:07:42.618Z] Error reading register 6507 for IP 10.30.4.128: rejecting because of earlier OutOfSync error
[2024-11-27T04:07:42.618Z] Error writing to Modbus register: rejecting because of earlier OutOfSync error
[2024-11-27T04:07:42.618Z] Error reading register 6507 for IP 10.30.4.128: rejecting because of earlier OutOfSync error
[2024-11-27T04:07:42.618Z] Error writing to Modbus register: rejecting because of earlier OutOfSync error
[2024-11-27T04:07:42.618Z] Error reading register 6507 for IP 10.30.4.128: rejecting because of earlier OutOfSync error
[2024-11-27T04:07:42.618Z] Error writing to Modbus register: rejecting because of earlier OutOfSync error
[2024-11-27T04:07:42.618Z] Error reading register 6507 for IP 10.30.4.128: rejecting because of earlier OutOfSync error
[2024-11-27T04:07:42.618Z] Error writing to Modbus register: rejecting because of earlier OutOfSync error
[2024-11-27T04:07:42.619Z] Error writing to Modbus register: rejecting because of earlier OutOfSync error
[2024-11-27T04:07:42.619Z] Error reading register 6507 for IP 10.30.4.128: rejecting because of earlier OutOfSync error
[2024-11-27T04:07:42.619Z] Error writing to Modbus register: rejecting because of earlier OutOfSync error
[2024-11-27T04:07:42.619Z] Error reading register 6507 for IP 10.30.4.128: rejecting because of earlier OutOfSync error
[2024-11-27T04:07:42.619Z] Error writing to Modbus register: rejecting because of earlier OutOfSync error
[2024-11-27T04:07:42.619Z] Error reading register 6507 for IP 10.30.4.128: rejecting because of earlier OutOfSync error
[2024-11-27T04:07:42.619Z] Error writing to Modbus register: rejecting because of earlier OutOfSync error
[2024-11-27T04:07:42.619Z] Error reading register 6507 for IP 10.30.4.128: rejecting because of earlier OutOfSync error
[2024-11-27T04:07:42.619Z] Error writing to Modbus register: rejecting because of earlier OutOfSync error
[2024-11-27T04:07:42.619Z] Error reading register 6507 for IP 10.30.4.128: rejecting because of earlier OutOfSync error
[2024-11-27T04:07:42.619Z] Error writing to Modbus register: rejecting because of earlier OutOfSync error
[2024-11-27T04:07:42.619Z] Error reading register 6507 for IP 10.30.4.128: rejecting because of earlier OutOfSync error
[2024-11-27T04:07:42.619Z] Error writing to Modbus register: rejecting because of earlier OutOfSync error
[2024-11-27T04:07:42.619Z] Error reading register 6507 for IP 10.30.4.128: rejecting because of earlier OutOfSync error
[2024-11-27T04:07:42.619Z] Error writing to Modbus register: rejecting because of earlier OutOfSync error
[2024-11-27T04:07:42.619Z] Error reading register 6507 for IP 10.30.4.128: rejecting because of earlier OutOfSync error
[2024-11-27T04:07:42.619Z] Error writing to Modbus register: rejecting because of earlier OutOfSync error
[2024-11-27T04:07:42.619Z] Error reading register 6507 for IP 10.30.4.128: rejecting because of earlier OutOfSync error
[2024-11-27T04:07:42.619Z] Error writing to Modbus register: rejecting because of earlier OutOfSync error
[2024-11-27T04:07:42.619Z] Error reading register 6507 for IP 10.30.4.128: rejecting because of earlier OutOfSync error
[2024-11-27T04:07:42.619Z] Error writing to Modbus register: rejecting because of earlier OutOfSync error
[2024-11-27T04:07:42.619Z] Error reading register 6507 for IP 10.30.4.128: rejecting because of earlier OutOfSync error
[2024-11-27T04:07:42.620Z] Error writing to Modbus register: rejecting because of earlier OutOfSync error
[2024-11-27T04:07:42.620Z] Error reading register 6507 for IP 10.30.4.128: rejecting because of earlier OutOfSync error
[2024-11-27T04:07:42.620Z] Error writing to Modbus register: rejecting because of earlier OutOfSync error
[2024-11-27T04:07:42.620Z] Error reading or processing Modbus registers: rejecting because of earlier OutOfSync error
[2024-11-27T04:07:42.620Z] Error reading or processing Modbus registers: rejecting because of earlier OutOfSync error
[2024-11-27T04:07:42.620Z] Error reading or processing Modbus registers: rejecting because of earlier OutOfSync error
[2024-11-27T04:07:42.620Z] Error reading or processing Modbus registers: rejecting because of earlier OutOfSync error
[2024-11-27T04:07:42.620Z] Error reading or processing Modbus registers: rejecting because of earlier OutOfSync error
[2024-11-27T04:07:42.620Z] Error reading or processing Modbus registers: rejecting because of earlier OutOfSync error
[2024-11-27T04:07:42.620Z] Error reading or processing Modbus registers: rejecting because of earlier OutOfSync error
[2024-11-27T04:07:42.620Z] Error reading or processing Modbus registers: rejecting because of earlier OutOfSync error
[2024-11-27T04:07:42.620Z] Error reading or processing Modbus registers: rejecting because of earlier OutOfSync error
[2024-11-27T04:07:42.620Z] Error reading or processing Modbus registers: rejecting because of earlier OutOfSync error
[2024-11-27T04:07:42.620Z] Error reading or processing Modbus registers: rejecting because of earlier OutOfSync error
[2024-11-27T04:07:42.621Z] Error reading or processing Modbus registers: rejecting because of earlier OutOfSync error
[2024-11-27T04:07:42.620Z] Error reading or processing Modbus registers: rejecting because of earlier OutOfSync error
[2024-11-27T04:07:42.621Z] Error reading or processing Modbus registers: rejecting because of earlier OutOfSync error
[2024-11-27T04:07:42.621Z] Error reading or processing Modbus registers: rejecting because of earlier OutOfSync error
[2024-11-27T04:07:42.621Z] Error reading or processing Modbus registers: rejecting because of earlier OutOfSync error
[2024-11-27T04:07:42.621Z] Error reading or processing Modbus registers: rejecting because of earlier OutOfSync error
[2024-11-27T04:07:42.621Z] Error reading or processing Modbus registers: rejecting because of earlier OutOfSync error
[2024-11-27T04:07:42.844Z] Error reading or processing Modbus registers: no connection to modbus server
[2024-11-27T04:07:42.845Z] Error writing to Modbus register: no connection to modbus server
[2024-11-27T04:07:43.846Z] Error reading or processing Modbus registers: no connection to modbus server
[2024-11-27T04:07:43.848Z] Error writing to Modbus register: no connection to modbus server
[2024-11-27T04:07:44.862Z] Error reading or processing Modbus registers: no connection to modbus server
[2024-11-27T04:07:44.863Z] Error writing to Modbus register: no connection to modbus server
[2024-11-27T04:07:45.863Z] Error reading or processing Modbus registers: no connection to modbus server
[2024-11-27T04:07:45.863Z] Error writing to Modbus register: no connection to modbus server
[2024-11-27T04:10:10.050Z] Error reading or processing Modbus registers: Req timed out
[2024-11-27T04:10:12.502Z] Device at 10.30.4.128 is not reachable. Skipping connection attempt.
[2024-11-27T04:10:20.504Z] Device at 10.30.4.128 is not reachable. Skipping connection attempt.
[2024-11-27T04:10:23.968Z] Unable to connect to device at 10.30.4.128: read ECONNRESET
[2024-11-27T04:10:23.971Z] Lỗi khi đọc register 6507 cho IP 10.30.4.128: connection to modbus server closed
[2024-11-27T04:10:23.971Z] Error writing to Modbus register: rejecting because of earlier OutOfSync error
[2024-11-27T04:10:23.971Z] Lỗi khi đọc register 6507 cho IP 10.30.4.128: rejecting because of earlier OutOfSync error
[2024-11-27T04:10:23.982Z] Error writing to Modbus register: rejecting because of earlier OutOfSync error
[2024-11-27T04:10:23.983Z] Lỗi khi đọc register 6507 cho IP 10.30.4.128: rejecting because of earlier OutOfSync error
[2024-11-27T04:10:23.995Z] Error writing to Modbus register: rejecting because of earlier OutOfSync error
[2024-11-27T04:10:23.996Z] Lỗi khi đọc register 6507 cho IP 10.30.4.128: rejecting because of earlier OutOfSync error
[2024-11-27T04:10:24.010Z] Error writing to Modbus register: rejecting because of earlier OutOfSync error
[2024-11-27T04:10:24.010Z] Lỗi khi đọc register 6507 cho IP 10.30.4.128: rejecting because of earlier OutOfSync error
[2024-11-27T04:10:24.023Z] Error writing to Modbus register: rejecting because of earlier OutOfSync error
[2024-11-27T04:10:24.023Z] Lỗi khi đọc register 6507 cho IP 10.30.4.128: rejecting because of earlier OutOfSync error
[2024-11-27T04:10:24.047Z] Error writing to Modbus register: rejecting because of earlier OutOfSync error
[2024-11-27T04:10:24.047Z] Lỗi khi đọc register 6507 cho IP 10.30.4.128: rejecting because of earlier OutOfSync error
[2024-11-27T04:10:24.062Z] Error writing to Modbus register: rejecting because of earlier OutOfSync error
[2024-11-27T04:10:24.062Z] Lỗi khi đọc register 6507 cho IP 10.30.4.128: rejecting because of earlier OutOfSync error
[2024-11-27T04:10:24.076Z] Error writing to Modbus register: rejecting because of earlier OutOfSync error
[2024-11-27T04:10:24.077Z] Lỗi khi đọc register 6507 cho IP 10.30.4.128: rejecting because of earlier OutOfSync error
[2024-11-27T04:10:24.091Z] Error writing to Modbus register: rejecting because of earlier OutOfSync error
[2024-11-27T04:10:24.091Z] Lỗi khi đọc register 6507 cho IP 10.30.4.128: rejecting because of earlier OutOfSync error
[2024-11-27T04:10:24.107Z] Error writing to Modbus register: rejecting because of earlier OutOfSync error
[2024-11-27T04:10:24.107Z] Lỗi khi đọc register 6507 cho IP 10.30.4.128: rejecting because of earlier OutOfSync error
[2024-11-27T04:10:24.121Z] Error writing to Modbus register: rejecting because of earlier OutOfSync error
[2024-11-27T04:10:24.121Z] Lỗi khi đọc register 6507 cho IP 10.30.4.128: rejecting because of earlier OutOfSync error
[2024-11-27T04:10:24.137Z] Error writing to Modbus register: rejecting because of earlier OutOfSync error
[2024-11-27T04:10:24.138Z] Lỗi khi đọc register 6507 cho IP 10.30.4.128: rejecting because of earlier OutOfSync error
[2024-11-27T04:10:24.152Z] Error writing to Modbus register: rejecting because of earlier OutOfSync error
[2024-11-27T04:10:24.153Z] Lỗi khi đọc register 6507 cho IP 10.30.4.128: rejecting because of earlier OutOfSync error
[2024-11-27T04:10:24.172Z] Error writing to Modbus register: rejecting because of earlier OutOfSync error
[2024-11-27T04:10:24.173Z] Lỗi khi đọc register 6507 cho IP 10.30.4.128: rejecting because of earlier OutOfSync error
[2024-11-27T04:10:24.188Z] Error writing to Modbus register: rejecting because of earlier OutOfSync error
[2024-11-27T04:10:24.188Z] Lỗi khi đọc register 6507 cho IP 10.30.4.128: rejecting because of earlier OutOfSync error
[2024-11-27T04:10:24.204Z] Error writing to Modbus register: rejecting because of earlier OutOfSync error
[2024-11-27T04:10:24.205Z] Lỗi khi đọc register 6507 cho IP 10.30.4.128: rejecting because of earlier OutOfSync error
[2024-11-27T04:10:24.219Z] Error writing to Modbus register: rejecting because of earlier OutOfSync error
[2024-11-27T04:10:24.219Z] Lỗi khi đọc register 6507 cho IP 10.30.4.128: rejecting because of earlier OutOfSync error
[2024-11-27T04:10:24.236Z] Error writing to Modbus register: rejecting because of earlier OutOfSync error
[2024-11-27T04:10:24.236Z] Lỗi khi đọc register 6507 cho IP 10.30.4.128: rejecting because of earlier OutOfSync error
[2024-11-27T04:10:24.252Z] Error writing to Modbus register: rejecting because of earlier OutOfSync error
[2024-11-27T04:10:24.253Z] Error reading or processing Modbus registers: rejecting because of earlier OutOfSync error
[2024-11-27T04:10:24.253Z] Error reading or processing Modbus registers: rejecting because of earlier OutOfSync error
[2024-11-27T04:10:24.253Z] Error reading or processing Modbus registers: rejecting because of earlier OutOfSync error
[2024-11-27T04:10:24.253Z] Error reading or processing Modbus registers: rejecting because of earlier OutOfSync error
[2024-11-27T04:10:24.253Z] Error reading or processing Modbus registers: rejecting because of earlier OutOfSync error
[2024-11-27T04:10:24.254Z] Error reading or processing Modbus registers: rejecting because of earlier OutOfSync error
[2024-11-27T04:10:24.254Z] Error reading or processing Modbus registers: rejecting because of earlier OutOfSync error
[2024-11-27T04:10:24.254Z] Error reading or processing Modbus registers: rejecting because of earlier OutOfSync error
[2024-11-27T04:10:24.254Z] Error reading or processing Modbus registers: rejecting because of earlier OutOfSync error
[2024-11-27T04:10:24.255Z] Error reading or processing Modbus registers: rejecting because of earlier OutOfSync error
[2024-11-27T04:10:24.255Z] Error reading or processing Modbus registers: rejecting because of earlier OutOfSync error
[2024-11-27T04:10:24.255Z] Error reading or processing Modbus registers: rejecting because of earlier OutOfSync error
[2024-11-27T04:10:24.255Z] Error reading or processing Modbus registers: rejecting because of earlier OutOfSync error
[2024-11-27T04:10:24.256Z] Error reading or processing Modbus registers: rejecting because of earlier OutOfSync error
[2024-11-27T04:10:24.256Z] Error reading or processing Modbus registers: rejecting because of earlier OutOfSync error
[2024-11-27T04:10:24.256Z] Error reading or processing Modbus registers: rejecting because of earlier OutOfSync error
[2024-11-27T04:10:24.256Z] Error reading or processing Modbus registers: rejecting because of earlier OutOfSync error
[2024-11-27T04:10:24.257Z] Error reading or processing Modbus registers: rejecting because of earlier OutOfSync error
[2024-11-27T04:10:24.276Z] Error reading or processing Modbus registers: no connection to modbus server
[2024-11-27T04:10:24.277Z] Error writing to Modbus register: no connection to modbus server
[2024-11-27T04:10:25.272Z] Error reading or processing Modbus registers: no connection to modbus server
[2024-11-27T04:10:25.291Z] Error writing to Modbus register: no connection to modbus server
[2024-11-27T04:10:25.437Z] Error reading or processing Modbus registers: no connection to modbus server
[2024-11-27T04:10:25.437Z] Error writing to Modbus register: no connection to modbus server
[2024-11-27T04:10:25.454Z] Error reading or processing Modbus registers: no connection to modbus server
[2024-11-27T04:10:25.454Z] Error writing to Modbus register: no connection to modbus server
[2024-11-27T04:10:25.467Z] Error reading or processing Modbus registers: no connection to modbus server
[2024-11-27T04:10:25.468Z] Error writing to Modbus register: no connection to modbus server
[2024-11-27T04:10:26.271Z] Error reading or processing Modbus registers: no connection to modbus server
[2024-11-27T04:10:26.290Z] Error writing to Modbus register: no connection to modbus server
[2024-11-27T04:10:26.347Z] Error reading or processing Modbus registers: no connection to modbus server
[2024-11-27T04:10:26.347Z] Error writing to Modbus register: no connection to modbus server
[2024-11-27T04:10:26.437Z] Error reading or processing Modbus registers: no connection to modbus server
[2024-11-27T04:10:26.440Z] Error writing to Modbus register: no connection to modbus server
[2024-11-27T04:10:26.454Z] Error reading or processing Modbus registers: no connection to modbus server
[2024-11-27T04:10:26.457Z] Error writing to Modbus register: no connection to modbus server
[2024-11-27T04:10:26.470Z] Error reading or processing Modbus registers: no connection to modbus server
[2024-11-27T04:10:26.473Z] Error writing to Modbus register: no connection to modbus server
[2024-11-27T04:10:26.530Z] Error reading or processing Modbus registers: no connection to modbus server
[2024-11-27T04:10:26.530Z] Error writing to Modbus register: no connection to modbus server
[2024-11-27T04:10:26.545Z] Error reading or processing Modbus registers: no connection to modbus server
[2024-11-27T04:10:26.546Z] Error writing to Modbus register: no connection to modbus server
[2024-11-27T04:10:26.563Z] Error reading or processing Modbus registers: no connection to modbus server
[2024-11-27T04:10:26.564Z] Error writing to Modbus register: no connection to modbus server
[2024-11-27T04:10:27.272Z] Error reading or processing Modbus registers: no connection to modbus server
[2024-11-27T04:10:27.291Z] Error writing to Modbus register: no connection to modbus server
[2024-11-27T04:10:27.346Z] Error reading or processing Modbus registers: no connection to modbus server
[2024-11-27T04:10:27.352Z] Error writing to Modbus register: no connection to modbus server
[2024-11-27T04:10:27.370Z] Error reading or processing Modbus registers: no connection to modbus server
[2024-11-27T04:10:27.370Z] Error writing to Modbus register: no connection to modbus server
[2024-11-27T04:10:27.438Z] Error reading or processing Modbus registers: no connection to modbus server
[2024-11-27T04:10:27.443Z] Error writing to Modbus register: no connection to modbus server
[2024-11-27T04:10:27.456Z] Error reading or processing Modbus registers: no connection to modbus server
[2024-11-27T04:10:27.462Z] Error writing to Modbus register: no connection to modbus server
[2024-11-27T04:10:27.475Z] Error reading or processing Modbus registers: no connection to modbus server
[2024-11-27T04:10:27.487Z] Error writing to Modbus register: no connection to modbus server
[2024-11-27T04:10:27.526Z] Error reading or processing Modbus registers: no connection to modbus server
[2024-11-27T04:10:27.526Z] Error writing to Modbus register: no connection to modbus server
[2024-11-27T04:10:27.544Z] Error reading or processing Modbus registers: no connection to modbus server
[2024-11-27T04:10:27.544Z] Error writing to Modbus register: no connection to modbus server
[2024-11-27T04:10:27.562Z] Error reading or processing Modbus registers: no connection to modbus server
[2024-11-27T04:10:27.563Z] Error writing to Modbus register: no connection to modbus server
[2024-11-27T04:10:27.584Z] Error reading or processing Modbus registers: no connection to modbus server
[2024-11-27T04:10:27.584Z] Error writing to Modbus register: no connection to modbus server
[2024-11-27T04:10:27.605Z] Error reading or processing Modbus registers: no connection to modbus server
[2024-11-27T04:10:27.606Z] Error writing to Modbus register: no connection to modbus server
[2024-11-27T04:10:27.633Z] Error writing to Modbus register: no connection to modbus server
[2024-11-27T04:10:27.632Z] Error reading or processing Modbus registers: no connection to modbus server
[2024-11-27T04:10:27.647Z] Error reading or processing Modbus registers: no connection to modbus server
[2024-11-27T04:10:27.648Z] Error writing to Modbus register: no connection to modbus server
[2024-11-27T04:10:27.667Z] Error reading or processing Modbus registers: no connection to modbus server
[2024-11-27T04:10:27.668Z] Error writing to Modbus register: no connection to modbus server
[2024-11-27T04:10:27.690Z] Error reading or processing Modbus registers: no connection to modbus server
[2024-11-27T04:10:27.691Z] Error writing to Modbus register: no connection to modbus server
[2024-11-27T04:10:28.272Z] Error reading or processing Modbus registers: no connection to modbus server
[2024-11-27T04:10:28.290Z] Error writing to Modbus register: no connection to modbus server
[2024-11-27T04:10:28.346Z] Error reading or processing Modbus registers: no connection to modbus server
[2024-11-27T04:10:28.365Z] Error reading or processing Modbus registers: no connection to modbus server
[2024-11-27T04:10:28.365Z] Error writing to Modbus register: no connection to modbus server
[2024-11-27T04:10:28.365Z] Error writing to Modbus register: no connection to modbus server
[2024-11-27T04:10:28.383Z] Error reading or processing Modbus registers: no connection to modbus server
[2024-11-27T04:10:28.384Z] Error writing to Modbus register: no connection to modbus server
[2024-11-27T04:10:28.439Z] Error reading or processing Modbus registers: no connection to modbus server
[2024-11-27T04:10:28.444Z] Error writing to Modbus register: no connection to modbus server
[2024-11-27T04:10:28.456Z] Error reading or processing Modbus registers: no connection to modbus server
[2024-11-27T04:10:28.465Z] Error writing to Modbus register: no connection to modbus server
[2024-11-27T04:10:28.477Z] Error reading or processing Modbus registers: no connection to modbus server
[2024-11-27T04:10:28.489Z] Error writing to Modbus register: no connection to modbus server
[2024-11-27T04:10:28.518Z] Error reading or processing Modbus registers: no connection to modbus server
[2024-11-27T04:10:28.519Z] Error writing to Modbus register: no connection to modbus server
[2024-11-27T04:10:28.539Z] Error reading or processing Modbus registers: no connection to modbus server
[2024-11-27T04:10:28.539Z] Error writing to Modbus register: no connection to modbus server
[2024-11-27T04:10:28.550Z] Error reading or processing Modbus registers: no connection to modbus server
[2024-11-27T04:10:28.551Z] Error writing to Modbus register: no connection to modbus server
[2024-11-27T04:10:28.576Z] Error reading or processing Modbus registers: no connection to modbus server
[2024-11-27T04:10:28.576Z] Error writing to Modbus register: no connection to modbus server
[2024-11-27T04:10:28.599Z] Error reading or processing Modbus registers: no connection to modbus server
[2024-11-27T04:10:28.608Z] Error writing to Modbus register: no connection to modbus server
[2024-11-27T04:10:28.625Z] Error reading or processing Modbus registers: no connection to modbus server
[2024-11-27T04:10:28.626Z] Error writing to Modbus register: no connection to modbus server
[2024-11-27T04:10:28.641Z] Error reading or processing Modbus registers: no connection to modbus server
[2024-11-27T04:10:28.642Z] Error writing to Modbus register: no connection to modbus server
[2024-11-27T04:10:28.663Z] Error reading or processing Modbus registers: no connection to modbus server
[2024-11-27T04:10:28.691Z] Error reading or processing Modbus registers: no connection to modbus server
[2024-11-27T04:10:28.663Z] Error writing to Modbus register: no connection to modbus server
[2024-11-27T04:10:28.678Z] Error writing to Modbus register: no connection to modbus server
[2024-11-27T04:10:28.677Z] Error reading or processing Modbus registers: no connection to modbus server
[2024-11-27T04:10:28.703Z] Error writing to Modbus register: no connection to modbus server
[2024-11-27T04:10:28.719Z] Error reading or processing Modbus registers: no connection to modbus server
[2024-11-27T04:10:28.719Z] Error writing to Modbus register: no connection to modbus server
[2024-11-27T04:10:28.734Z] Error reading or processing Modbus registers: no connection to modbus server
[2024-11-27T04:10:28.734Z] Error writing to Modbus register: no connection to modbus server
[2024-11-27T04:10:28.747Z] Error reading or processing Modbus registers: no connection to modbus server
[2024-11-27T04:10:28.747Z] Error writing to Modbus register: no connection to modbus server
[2024-11-27T04:10:28.779Z] Error reading or processing Modbus registers: no connection to modbus server
[2024-11-27T04:10:28.779Z] Error writing to Modbus register: no connection to modbus server
[2024-11-27T04:10:28.795Z] Error reading or processing Modbus registers: no connection to modbus server
[2024-11-27T04:10:28.795Z] Error writing to Modbus register: no connection to modbus server
[2024-11-27T04:10:28.814Z] Error reading or processing Modbus registers: no connection to modbus server
[2024-11-27T04:10:28.814Z] Error writing to Modbus register: no connection to modbus server
[2024-11-27T04:10:28.831Z] Error reading or processing Modbus registers: no connection to modbus server
[2024-11-27T04:10:28.831Z] Error writing to Modbus register: no connection to modbus server
[2024-11-27T04:10:28.846Z] Error reading or processing Modbus registers: no connection to modbus server
[2024-11-27T04:10:28.847Z] Error writing to Modbus register: no connection to modbus server
[2024-11-27T04:10:28.863Z] Error reading or processing Modbus registers: no connection to modbus server
[2024-11-27T04:10:28.863Z] Error writing to Modbus register: no connection to modbus server
[2024-11-27T04:10:28.900Z] Error reading or processing Modbus registers: no connection to modbus server
[2024-11-27T04:10:28.913Z] Error reading or processing Modbus registers: no connection to modbus server
[2024-11-27T04:10:28.926Z] Error reading or processing Modbus registers: no connection to modbus server
[2024-11-27T04:10:28.900Z] Error writing to Modbus register: no connection to modbus server
[2024-11-27T04:10:28.913Z] Error writing to Modbus register: no connection to modbus server
[2024-11-27T04:10:28.926Z] Error writing to Modbus register: no connection to modbus server
[2024-11-27T04:10:29.010Z] Error reading or processing Modbus registers: no connection to modbus server
[2024-11-27T04:10:29.010Z] Error writing to Modbus register: no connection to modbus server
[2024-11-27T04:10:29.272Z] Error reading or processing Modbus registers: no connection to modbus server
[2024-11-27T04:10:29.290Z] Error writing to Modbus register: no connection to modbus server
[2024-11-27T04:10:29.349Z] Error reading or processing Modbus registers: no connection to modbus server
[2024-11-27T04:10:29.365Z] Error reading or processing Modbus registers: no connection to modbus server
[2024-11-27T04:10:29.365Z] Error writing to Modbus register: no connection to modbus server
[2024-11-27T04:10:29.377Z] Error reading or processing Modbus registers: no connection to modbus server
[2024-11-27T04:10:29.382Z] Error writing to Modbus register: no connection to modbus server
[2024-11-27T04:10:29.383Z] Error writing to Modbus register: no connection to modbus server
[2024-11-27T04:10:29.395Z] Error reading or processing Modbus registers: no connection to modbus server
[2024-11-27T04:10:29.401Z] Error writing to Modbus register: no connection to modbus server
[2024-11-27T04:10:29.440Z] Error reading or processing Modbus registers: no connection to modbus server
[2024-11-27T04:10:29.444Z] Error writing to Modbus register: no connection to modbus server
[2024-11-27T04:10:29.458Z] Error reading or processing Modbus registers: no connection to modbus server
[2024-11-27T04:10:29.465Z] Error writing to Modbus register: no connection to modbus server
[2024-11-27T04:10:29.477Z] Error reading or processing Modbus registers: no connection to modbus server
[2024-11-27T04:10:29.499Z] Error reading or processing Modbus registers: no connection to modbus server
[2024-11-27T04:10:29.499Z] Error writing to Modbus register: no connection to modbus server
[2024-11-27T04:10:29.512Z] Error writing to Modbus register: no connection to modbus server
[2024-11-27T04:10:29.526Z] Error reading or processing Modbus registers: no connection to modbus server
[2024-11-27T04:10:29.536Z] Error writing to Modbus register: no connection to modbus server
[2024-11-27T04:10:29.547Z] Error reading or processing Modbus registers: no connection to modbus server
[2024-11-27T04:10:29.547Z] Error writing to Modbus register: no connection to modbus server
[2024-11-27T04:10:29.560Z] Error reading or processing Modbus registers: no connection to modbus server
[2024-11-27T04:10:29.571Z] Error writing to Modbus register: no connection to modbus server
[2024-11-27T04:10:29.584Z] Error reading or processing Modbus registers: no connection to modbus server
[2024-11-27T04:10:29.585Z] Error writing to Modbus register: no connection to modbus server
[2024-11-27T04:10:29.601Z] Error reading or processing Modbus registers: no connection to modbus server
[2024-11-27T04:10:29.601Z] Error writing to Modbus register: no connection to modbus server
[2024-11-27T04:10:29.614Z] Error reading or processing Modbus registers: no connection to modbus server
[2024-11-27T04:10:29.630Z] Error writing to Modbus register: no connection to modbus server
[2024-11-27T04:10:29.642Z] Error writing to Modbus register: no connection to modbus server
[2024-11-27T04:10:29.642Z] Error reading or processing Modbus registers: no connection to modbus server
[2024-11-27T04:10:29.657Z] Error reading or processing Modbus registers: no connection to modbus server
[2024-11-27T04:10:29.658Z] Error writing to Modbus register: no connection to modbus server
[2024-11-27T04:10:29.673Z] Error reading or processing Modbus registers: no connection to modbus server
[2024-11-27T04:10:29.692Z] Error writing to Modbus register: no connection to modbus server
[2024-11-27T04:10:29.708Z] Error reading or processing Modbus registers: no connection to modbus server
[2024-11-27T04:10:29.708Z] Error writing to Modbus register: no connection to modbus server
[2024-11-27T04:10:29.723Z] Error reading or processing Modbus registers: no connection to modbus server
[2024-11-27T04:10:29.724Z] Error writing to Modbus register: no connection to modbus server
[2024-11-27T04:10:29.740Z] Error reading or processing Modbus registers: no connection to modbus server
[2024-11-27T04:10:29.763Z] Error writing to Modbus register: no connection to modbus server
[2024-11-27T04:10:29.776Z] Error reading or processing Modbus registers: no connection to modbus server
[2024-11-27T04:10:29.776Z] Error writing to Modbus register: no connection to modbus server
[2024-11-27T04:10:29.788Z] Error reading or processing Modbus registers: no connection to modbus server
[2024-11-27T04:10:29.789Z] Error writing to Modbus register: no connection to modbus server
[2024-11-27T04:10:29.807Z] Error reading or processing Modbus registers: no connection to modbus server
[2024-11-27T04:10:29.808Z] Error writing to Modbus register: no connection to modbus server
[2024-11-27T04:10:29.821Z] Error reading or processing Modbus registers: no connection to modbus server
[2024-11-27T04:10:29.874Z] Error reading or processing Modbus registers: no connection to modbus server
[2024-11-27T04:10:29.874Z] Error writing to Modbus register: no connection to modbus server
[2024-11-27T04:10:29.859Z] Error reading or processing Modbus registers: no connection to modbus server
[2024-11-27T04:10:29.844Z] Error writing to Modbus register: no connection to modbus server
[2024-11-27T04:10:29.889Z] Error reading or processing Modbus registers: no connection to modbus server
[2024-11-27T04:10:29.890Z] Error writing to Modbus register: no connection to modbus server
[2024-11-27T04:10:29.859Z] Error writing to Modbus register: no connection to modbus server
[2024-11-27T04:10:29.904Z] Error reading or processing Modbus registers: no connection to modbus server
[2024-11-27T04:10:29.935Z] Error writing to Modbus register: no connection to modbus server
[2024-11-27T04:10:29.948Z] Error reading or processing Modbus registers: no connection to modbus server
[2024-11-27T04:10:29.948Z] Error writing to Modbus register: no connection to modbus server
[2024-11-27T04:10:29.962Z] Error reading or processing Modbus registers: no connection to modbus server
[2024-11-27T04:10:29.962Z] Error writing to Modbus register: no connection to modbus server
[2024-11-27T04:10:29.975Z] Error reading or processing Modbus registers: no connection to modbus server
[2024-11-27T04:10:29.975Z] Error writing to Modbus register: no connection to modbus server
[2024-11-27T04:10:29.987Z] Error reading or processing Modbus registers: no connection to modbus server
[2024-11-27T04:10:29.987Z] Error writing to Modbus register: no connection to modbus server
[2024-11-27T04:10:30.000Z] Error reading or processing Modbus registers: no connection to modbus server
[2024-11-27T04:10:30.000Z] Error writing to Modbus register: no connection to modbus server
[2024-11-27T04:10:30.014Z] Error reading or processing Modbus registers: no connection to modbus server
[2024-11-27T04:10:30.015Z] Error writing to Modbus register: no connection to modbus server
[2024-11-27T04:10:30.079Z] Error writing to Modbus register: no connection to modbus server
[2024-11-27T04:10:30.092Z] Error reading or processing Modbus registers: no connection to modbus server
[2024-11-27T04:10:30.092Z] Error writing to Modbus register: no connection to modbus server
[2024-11-27T04:10:30.105Z] Error reading or processing Modbus registers: no connection to modbus server
[2024-11-27T04:10:30.106Z] Error writing to Modbus register: no connection to modbus server
[2024-11-27T04:10:30.121Z] Error reading or processing Modbus registers: no connection to modbus server
[2024-11-27T04:10:30.122Z] Error writing to Modbus register: no connection to modbus server
[2024-11-27T04:10:30.137Z] Error reading or processing Modbus registers: no connection to modbus server
[2024-11-27T04:10:30.137Z] Error writing to Modbus register: no connection to modbus server
[2024-11-27T04:10:30.079Z] Error reading or processing Modbus registers: no connection to modbus server
[2024-11-27T04:10:30.151Z] Error writing to Modbus register: no connection to modbus server
[2024-11-27T04:10:30.174Z] Error reading or processing Modbus registers: no connection to modbus server
[2024-11-27T04:10:30.174Z] Error writing to Modbus register: no connection to modbus server
[2024-11-27T04:10:30.151Z] Error reading or processing Modbus registers: no connection to modbus server
[2024-11-27T04:10:30.194Z] Error writing to Modbus register: no connection to modbus server
[2024-11-27T04:10:30.215Z] Error reading or processing Modbus registers: no connection to modbus server
[2024-11-27T04:10:30.216Z] Error writing to Modbus register: no connection to modbus server
[2024-11-27T04:10:30.231Z] Error reading or processing Modbus registers: no connection to modbus server
[2024-11-27T04:10:30.232Z] Error writing to Modbus register: no connection to modbus server
[2024-11-27T04:10:30.246Z] Error reading or processing Modbus registers: no connection to modbus server
[2024-11-27T04:10:30.246Z] Error writing to Modbus register: no connection to modbus server
[2024-11-27T04:10:30.262Z] Error reading or processing Modbus registers: no connection to modbus server
[2024-11-27T04:10:30.262Z] Error writing to Modbus register: no connection to modbus server
[2024-11-27T04:10:30.275Z] Error reading or processing Modbus registers: no connection to modbus server
[2024-11-27T04:10:30.276Z] Error writing to Modbus register: no connection to modbus server
[2024-11-27T04:10:30.291Z] Error reading or processing Modbus registers: no connection to modbus server
[2024-11-27T04:10:30.291Z] Error writing to Modbus register: no connection to modbus server
[2024-11-27T04:10:30.307Z] Error reading or processing Modbus registers: no connection to modbus server
[2024-11-27T04:10:30.307Z] Error writing to Modbus register: no connection to modbus server
[2024-11-27T04:10:30.065Z] Error reading or processing Modbus registers: no connection to modbus server
[2024-11-27T04:10:30.194Z] Error reading or processing Modbus registers: no connection to modbus server
[2024-11-27T04:10:30.066Z] Error writing to Modbus register: no connection to modbus server
[2024-11-27T04:10:30.324Z] Error writing to Modbus register: no connection to modbus server
[2024-11-27T04:10:30.324Z] Error reading or processing Modbus registers: no connection to modbus server
[2024-11-27T04:10:30.374Z] Error reading or processing Modbus registers: no connection to modbus server
[2024-11-27T04:10:30.374Z] Error writing to Modbus register: no connection to modbus server
[2024-11-27T04:10:30.388Z] Error reading or processing Modbus registers: no connection to modbus server
[2024-11-27T04:10:30.389Z] Error writing to Modbus register: no connection to modbus server
[2024-11-27T04:10:30.402Z] Error reading or processing Modbus registers: no connection to modbus server
[2024-11-27T04:10:30.402Z] Error writing to Modbus register: no connection to modbus server
[2024-11-27T04:10:30.413Z] Error reading or processing Modbus registers: no connection to modbus server
[2024-11-27T04:10:30.413Z] Error writing to Modbus register: no connection to modbus server
[2024-11-27T04:10:30.427Z] Error reading or processing Modbus registers: no connection to modbus server
[2024-11-27T04:10:30.427Z] Error writing to Modbus register: no connection to modbus server
[2024-11-27T04:10:30.443Z] Error reading or processing Modbus registers: no connection to modbus server
[2024-11-27T04:10:30.458Z] Error reading or processing Modbus registers: no connection to modbus server
[2024-11-27T04:10:30.500Z] Error writing to Modbus register: no connection to modbus server
[2024-11-27T04:10:30.513Z] Error reading or processing Modbus registers: no connection to modbus server
[2024-11-27T04:10:30.527Z] Error reading or processing Modbus registers: no connection to modbus server
[2024-11-27T04:10:30.527Z] Error writing to Modbus register: no connection to modbus server
[2024-11-27T04:10:30.527Z] Error writing to Modbus register: no connection to modbus server
[2024-11-27T04:10:30.527Z] Error writing to Modbus register: no connection to modbus server
[2024-11-27T04:10:30.539Z] Error reading or processing Modbus registers: no connection to modbus server
[2024-11-27T04:10:30.540Z] Error writing to Modbus register: no connection to modbus server
[2024-11-27T04:10:30.553Z] Error reading or processing Modbus registers: no connection to modbus server
[2024-11-27T04:10:30.554Z] Error writing to Modbus register: no connection to modbus server
[2024-11-27T04:10:30.567Z] Error reading or processing Modbus registers: no connection to modbus server
[2024-11-27T04:10:30.567Z] Error writing to Modbus register: no connection to modbus server
[2024-11-27T04:10:30.586Z] Error reading or processing Modbus registers: no connection to modbus server
[2024-11-27T04:10:30.604Z] Error reading or processing Modbus registers: no connection to modbus server
[2024-11-27T04:10:30.604Z] Error writing to Modbus register: no connection to modbus server
[2024-11-27T04:10:30.664Z] Error reading or processing Modbus registers: no connection to modbus server
[2024-11-27T04:10:30.665Z] Error writing to Modbus register: no connection to modbus server
[2024-11-27T04:10:30.665Z] Error writing to Modbus register: no connection to modbus server
[2024-11-27T04:10:30.676Z] Error reading or processing Modbus registers: no connection to modbus server
[2024-11-27T04:10:30.687Z] Error reading or processing Modbus registers: no connection to modbus server
[2024-11-27T04:10:30.688Z] Error writing to Modbus register: no connection to modbus server
[2024-11-27T04:10:30.688Z] Error writing to Modbus register: no connection to modbus server
[2024-11-27T04:10:30.703Z] Error reading or processing Modbus registers: no connection to modbus server
[2024-11-27T04:10:30.703Z] Error writing to Modbus register: no connection to modbus server
[2024-11-27T04:10:30.716Z] Error reading or processing Modbus registers: no connection to modbus server
[2024-11-27T04:10:30.735Z] Error reading or processing Modbus registers: no connection to modbus server
[2024-11-27T04:10:30.735Z] Error writing to Modbus register: no connection to modbus server
[2024-11-27T04:10:30.736Z] Error writing to Modbus register: no connection to modbus server
[2024-11-27T04:10:30.750Z] Error reading or processing Modbus registers: no connection to modbus server
[2024-11-27T04:10:30.751Z] Error writing to Modbus register: no connection to modbus server
[2024-11-27T04:10:30.768Z] Error reading or processing Modbus registers: no connection to modbus server
[2024-11-27T04:10:30.769Z] Error writing to Modbus register: no connection to modbus server
[2024-11-27T04:10:30.784Z] Error reading or processing Modbus registers: no connection to modbus server
[2024-11-27T04:10:30.784Z] Error writing to Modbus register: no connection to modbus server
[2024-11-27T04:10:30.801Z] Error reading or processing Modbus registers: no connection to modbus server
[2024-11-27T04:10:30.801Z] Error writing to Modbus register: no connection to modbus server
[2024-11-27T04:10:30.816Z] Error reading or processing Modbus registers: no connection to modbus server
[2024-11-27T04:10:30.860Z] Error writing to Modbus register: no connection to modbus server
[2024-11-27T04:10:30.873Z] Error reading or processing Modbus registers: no connection to modbus server
[2024-11-27T04:10:30.885Z] Error reading or processing Modbus registers: no connection to modbus server
[2024-11-27T04:10:30.886Z] Error writing to Modbus register: no connection to modbus server
[2024-11-27T04:10:30.901Z] Error reading or processing Modbus registers: no connection to modbus server
[2024-11-27T04:10:30.901Z] Error writing to Modbus register: no connection to modbus server
[2024-11-27T04:10:30.901Z] Error writing to Modbus register: no connection to modbus server
[2024-11-27T04:10:30.914Z] Error reading or processing Modbus registers: no connection to modbus server
[2024-11-27T04:10:30.914Z] Error writing to Modbus register: no connection to modbus server
[2024-11-27T04:10:30.928Z] Error reading or processing Modbus registers: no connection to modbus server
[2024-11-27T04:10:30.929Z] Error writing to Modbus register: no connection to modbus server
[2024-11-27T04:10:30.946Z] Error reading or processing Modbus registers: no connection to modbus server
[2024-11-27T04:10:30.960Z] Error reading or processing Modbus registers: no connection to modbus server
[2024-11-27T04:10:30.960Z] Error writing to Modbus register: no connection to modbus server
[2024-11-27T04:10:30.961Z] Error writing to Modbus register: no connection to modbus server
[2024-11-27T04:10:30.979Z] Error reading or processing Modbus registers: no connection to modbus server
[2024-11-27T04:10:30.979Z] Error writing to Modbus register: no connection to modbus server
[2024-11-27T04:10:30.995Z] Error reading or processing Modbus registers: no connection to modbus server
[2024-11-27T04:10:30.995Z] Error writing to Modbus register: no connection to modbus server
[2024-11-27T04:10:31.011Z] Error reading or processing Modbus registers: no connection to modbus server
[2024-11-27T04:10:31.012Z] Error writing to Modbus register: no connection to modbus server
[2024-11-27T04:10:31.030Z] Error reading or processing Modbus registers: no connection to modbus server
[2024-11-27T04:10:31.042Z] Error reading or processing Modbus registers: no connection to modbus server
[2024-11-27T04:10:31.043Z] Error writing to Modbus register: no connection to modbus server
[2024-11-27T04:10:31.059Z] Error reading or processing Modbus registers: no connection to modbus server
[2024-11-27T04:10:31.059Z] Error writing to Modbus register: no connection to modbus server
[2024-11-27T04:10:31.060Z] Error writing to Modbus register: no connection to modbus server
[2024-11-27T04:10:31.078Z] Error reading or processing Modbus registers: no connection to modbus server
[2024-11-27T04:10:31.079Z] Error writing to Modbus register: no connection to modbus server
[2024-11-27T04:10:31.093Z] Error reading or processing Modbus registers: no connection to modbus server
[2024-11-27T04:10:31.153Z] Error writing to Modbus register: no connection to modbus server
[2024-11-27T04:10:31.166Z] Error reading or processing Modbus registers: no connection to modbus server
[2024-11-27T04:10:31.166Z] Error writing to Modbus register: no connection to modbus server
[2024-11-27T04:10:31.179Z] Error reading or processing Modbus registers: no connection to modbus server
[2024-11-27T04:10:31.191Z] Error reading or processing Modbus registers: no connection to modbus server
[2024-11-27T04:10:31.191Z] Error writing to Modbus register: no connection to modbus server
[2024-11-27T04:10:31.206Z] Error reading or processing Modbus registers: no connection to modbus server
[2024-11-27T04:10:31.206Z] Error writing to Modbus register: no connection to modbus server
[2024-11-27T04:10:31.220Z] Error reading or processing Modbus registers: no connection to modbus server
[2024-11-27T04:10:31.221Z] Error writing to Modbus register: no connection to modbus server
[2024-11-27T04:10:31.237Z] Error reading or processing Modbus registers: no connection to modbus server
[2024-11-27T04:10:31.237Z] Error writing to Modbus register: no connection to modbus server
[2024-11-27T04:10:31.238Z] Error writing to Modbus register: no connection to modbus server
[2024-11-27T04:10:31.252Z] Error reading or processing Modbus registers: no connection to modbus server
[2024-11-27T04:10:31.253Z] Error writing to Modbus register: no connection to modbus server
[2024-11-27T04:10:31.269Z] Error reading or processing Modbus registers: no connection to modbus server
[2024-11-27T04:10:31.269Z] Error writing to Modbus register: no connection to modbus server
[2024-11-27T04:10:31.282Z] Error reading or processing Modbus registers: no connection to modbus server
[2024-11-27T04:10:31.282Z] Error writing to Modbus register: no connection to modbus server
[2024-11-27T04:10:31.299Z] Error reading or processing Modbus registers: no connection to modbus server
[2024-11-27T04:10:31.316Z] Error writing to Modbus register: no connection to modbus server
[2024-11-27T04:10:31.316Z] Error reading or processing Modbus registers: no connection to modbus server
[2024-11-27T04:10:31.333Z] Error writing to Modbus register: no connection to modbus server
[2024-11-27T04:10:31.332Z] Error reading or processing Modbus registers: no connection to modbus server
[2024-11-27T04:10:31.299Z] Error writing to Modbus register: no connection to modbus server
[2024-11-27T04:10:31.346Z] Error reading or processing Modbus registers: no connection to modbus server
[2024-11-27T04:10:31.347Z] Error writing to Modbus register: no connection to modbus server
[2024-11-27T04:10:31.365Z] Error reading or processing Modbus registers: no connection to modbus server
[2024-11-27T04:10:31.382Z] Error writing to Modbus register: no connection to modbus server
[2024-11-27T04:10:31.381Z] Error reading or processing Modbus registers: no connection to modbus server
[2024-11-27T04:10:31.398Z] Error reading or processing Modbus registers: no connection to modbus server
[2024-11-27T04:10:31.366Z] Error writing to Modbus register: no connection to modbus server
[2024-11-27T04:10:31.413Z] Error reading or processing Modbus registers: no connection to modbus server
[2024-11-27T04:10:31.398Z] Error writing to Modbus register: no connection to modbus server
[2024-11-27T04:10:31.414Z] Error writing to Modbus register: no connection to modbus server
[2024-11-27T04:10:31.429Z] Error reading or processing Modbus registers: no connection to modbus server
[2024-11-27T04:10:31.430Z] Error writing to Modbus register: no connection to modbus server
[2024-11-27T04:10:31.446Z] Error reading or processing Modbus registers: no connection to modbus server
[2024-11-27T04:10:31.446Z] Error writing to Modbus register: no connection to modbus server
[2024-11-27T04:10:31.462Z] Error reading or processing Modbus registers: no connection to modbus server
[2024-11-27T04:10:31.463Z] Error writing to Modbus register: no connection to modbus server
[2024-11-27T04:10:31.477Z] Error reading or processing Modbus registers: no connection to modbus server
[2024-11-27T04:10:31.477Z] Error writing to Modbus register: no connection to modbus server
[2024-11-27T04:10:31.490Z] Error reading or processing Modbus registers: no connection to modbus server
[2024-11-27T04:10:31.491Z] Error writing to Modbus register: no connection to modbus server
[2024-11-27T04:10:31.507Z] Error reading or processing Modbus registers: no connection to modbus server
[2024-11-27T04:10:31.555Z] Error writing to Modbus register: no connection to modbus server
[2024-11-27T04:10:31.569Z] Error reading or processing Modbus registers: no connection to modbus server
[2024-11-27T04:10:31.569Z] Error writing to Modbus register: no connection to modbus server
[2024-11-27T04:10:31.581Z] Error reading or processing Modbus registers: no connection to modbus server
[2024-11-27T04:10:31.581Z] Error writing to Modbus register: no connection to modbus server
[2024-11-27T04:10:31.594Z] Error reading or processing Modbus registers: no connection to modbus server
[2024-11-27T04:10:31.594Z] Error writing to Modbus register: no connection to modbus server
[2024-11-27T04:10:31.620Z] Error reading or processing Modbus registers: no connection to modbus server
[2024-11-27T04:10:31.621Z] Error writing to Modbus register: no connection to modbus server
[2024-11-27T04:10:31.641Z] Error reading or processing Modbus registers: no connection to modbus server
[2024-11-27T04:10:31.641Z] Error writing to Modbus register: no connection to modbus server
[2024-11-27T04:10:31.660Z] Error reading or processing Modbus registers: no connection to modbus server
[2024-11-27T04:10:31.660Z] Error writing to Modbus register: no connection to modbus server
[2024-11-27T04:10:31.676Z] Error reading or processing Modbus registers: no connection to modbus server
[2024-11-27T04:10:31.677Z] Error writing to Modbus register: no connection to modbus server
[2024-11-27T04:10:31.692Z] Error reading or processing Modbus registers: no connection to modbus server
[2024-11-27T04:10:31.693Z] Error writing to Modbus register: no connection to modbus server
[2024-11-27T04:10:31.710Z] Error reading or processing Modbus registers: no connection to modbus server
[2024-11-27T04:10:31.711Z] Error writing to Modbus register: no connection to modbus server
[2024-11-27T04:10:31.724Z] Error reading or processing Modbus registers: no connection to modbus server
[2024-11-27T04:10:31.725Z] Error writing to Modbus register: no connection to modbus server
[2024-11-27T04:10:31.741Z] Error reading or processing Modbus registers: no connection to modbus server
[2024-11-27T04:10:31.742Z] Error writing to Modbus register: no connection to modbus server
[2024-11-27T04:10:31.757Z] Error reading or processing Modbus registers: no connection to modbus server
[2024-11-27T04:10:31.758Z] Error writing to Modbus register: no connection to modbus server
[2024-11-27T04:10:31.774Z] Error reading or processing Modbus registers: no connection to modbus server
[2024-11-27T04:10:31.774Z] Error writing to Modbus register: no connection to modbus server
[2024-11-27T04:10:31.790Z] Error reading or processing Modbus registers: no connection to modbus server
[2024-11-27T04:10:31.790Z] Error writing to Modbus register: no connection to modbus server
[2024-11-27T04:10:31.806Z] Error reading or processing Modbus registers: no connection to modbus server
[2024-11-27T04:10:31.807Z] Error writing to Modbus register: no connection to modbus server
[2024-11-27T04:10:31.821Z] Error reading or processing Modbus registers: no connection to modbus server
[2024-11-27T04:10:31.821Z] Error writing to Modbus register: no connection to modbus server
[2024-11-27T04:10:31.844Z] Error reading or processing Modbus registers: no connection to modbus server
[2024-11-27T04:10:31.844Z] Error writing to Modbus register: no connection to modbus server
[2024-11-27T04:10:31.861Z] Error reading or processing Modbus registers: no connection to modbus server
[2024-11-27T04:10:31.862Z] Error writing to Modbus register: no connection to modbus server
[2024-11-27T04:10:31.881Z] Error reading or processing Modbus registers: no connection to modbus server
[2024-11-27T04:10:31.882Z] Error writing to Modbus register: no connection to modbus server
[2024-11-27T04:10:31.897Z] Error reading or processing Modbus registers: no connection to modbus server
[2024-11-27T04:10:31.913Z] Error reading or processing Modbus registers: no connection to modbus server
[2024-11-27T04:10:31.926Z] Error reading or processing Modbus registers: no connection to modbus server
[2024-11-27T04:10:31.926Z] Error writing to Modbus register: no connection to modbus server
[2024-11-27T04:10:31.944Z] Error reading or processing Modbus registers: no connection to modbus server
[2024-11-27T04:10:31.944Z] Error writing to Modbus register: no connection to modbus server
[2024-11-27T04:10:31.960Z] Error reading or processing Modbus registers: no connection to modbus server
[2024-11-27T04:10:31.961Z] Error writing to Modbus register: no connection to modbus server
[2024-11-27T04:10:31.961Z] Error writing to Modbus register: no connection to modbus server
[2024-11-27T04:10:31.978Z] Error reading or processing Modbus registers: no connection to modbus server
[2024-11-27T04:10:31.995Z] Error reading or processing Modbus registers: no connection to modbus server
[2024-11-27T04:10:31.995Z] Error writing to Modbus register: no connection to modbus server
[2024-11-27T04:10:31.995Z] Error writing to Modbus register: no connection to modbus server
[2024-11-27T04:10:31.995Z] Error writing to Modbus register: no connection to modbus server
[2024-11-27T04:10:32.011Z] Error reading or processing Modbus registers: no connection to modbus server
[2024-11-27T04:10:32.011Z] Error writing to Modbus register: no connection to modbus server
[2024-11-27T04:10:32.026Z] Error reading or processing Modbus registers: no connection to modbus server
[2024-11-27T04:10:32.026Z] Error writing to Modbus register: no connection to modbus server
[2024-11-27T04:10:32.040Z] Error reading or processing Modbus registers: no connection to modbus server
[2024-11-27T04:10:32.099Z] Error writing to Modbus register: no connection to modbus server
[2024-11-27T04:10:32.113Z] Error reading or processing Modbus registers: no connection to modbus server
[2024-11-27T04:10:32.124Z] Error reading or processing Modbus registers: no connection to modbus server
[2024-11-27T04:10:32.125Z] Error writing to Modbus register: no connection to modbus server
[2024-11-27T04:10:32.139Z] Error reading or processing Modbus registers: no connection to modbus server
[2024-11-27T04:10:32.139Z] Error writing to Modbus register: no connection to modbus server
[2024-11-27T04:10:32.154Z] Error reading or processing Modbus registers: no connection to modbus server
[2024-11-27T04:10:32.154Z] Error writing to Modbus register: no connection to modbus server
[2024-11-27T04:10:32.173Z] Error reading or processing Modbus registers: no connection to modbus server
[2024-11-27T04:10:32.173Z] Error writing to Modbus register: no connection to modbus server
[2024-11-27T04:10:32.188Z] Error reading or processing Modbus registers: no connection to modbus server
[2024-11-27T04:10:32.188Z] Error writing to Modbus register: no connection to modbus server
[2024-11-27T04:10:32.204Z] Error reading or processing Modbus registers: no connection to modbus server
[2024-11-27T04:10:32.204Z] Error writing to Modbus register: no connection to modbus server
[2024-11-27T04:10:32.219Z] Error reading or processing Modbus registers: no connection to modbus server
[2024-11-27T04:10:32.219Z] Error writing to Modbus register: no connection to modbus server
[2024-11-27T04:10:32.219Z] Error writing to Modbus register: no connection to modbus server
[2024-11-27T04:10:32.237Z] Error reading or processing Modbus registers: no connection to modbus server
[2024-11-27T04:10:32.251Z] Error reading or processing Modbus registers: no connection to modbus server
[2024-11-27T04:10:32.252Z] Error writing to Modbus register: no connection to modbus server
[2024-11-27T04:10:32.252Z] Error writing to Modbus register: no connection to modbus server
[2024-11-27T04:10:32.269Z] Error reading or processing Modbus registers: no connection to modbus server
[2024-11-27T04:10:32.269Z] Error writing to Modbus register: no connection to modbus server
[2024-11-27T04:10:32.286Z] Error reading or processing Modbus registers: no connection to modbus server
[2024-11-27T04:10:32.302Z] Error reading or processing Modbus registers: no connection to modbus server
[2024-11-27T04:10:32.302Z] Error writing to Modbus register: no connection to modbus server
[2024-11-27T04:10:32.303Z] Error writing to Modbus register: no connection to modbus server
[2024-11-27T04:10:32.316Z] Error reading or processing Modbus registers: no connection to modbus server
[2024-11-27T04:10:32.317Z] Error writing to Modbus register: no connection to modbus server
[2024-11-27T04:10:32.331Z] Error reading or processing Modbus registers: no connection to modbus server
[2024-11-27T04:10:32.332Z] Error writing to Modbus register: no connection to modbus server
[2024-11-27T04:10:32.348Z] Error reading or processing Modbus registers: no connection to modbus server
[2024-11-27T04:10:32.348Z] Error writing to Modbus register: no connection to modbus server
[2024-11-27T04:10:32.366Z] Error reading or processing Modbus registers: no connection to modbus server
[2024-11-27T04:10:32.367Z] Error writing to Modbus register: no connection to modbus server
[2024-11-27T04:10:32.381Z] Error reading or processing Modbus registers: no connection to modbus server
[2024-11-27T04:10:32.396Z] Error reading or processing Modbus registers: no connection to modbus server
[2024-11-27T04:10:32.397Z] Error writing to Modbus register: no connection to modbus server
[2024-11-27T04:10:32.416Z] Error reading or processing Modbus registers: no connection to modbus server
[2024-11-27T04:10:32.416Z] Error writing to Modbus register: no connection to modbus server
[2024-11-27T04:10:32.433Z] Error reading or processing Modbus registers: no connection to modbus server
[2024-11-27T04:10:32.448Z] Error reading or processing Modbus registers: no connection to modbus server
[2024-11-27T04:10:32.433Z] Error writing to Modbus register: no connection to modbus server
[2024-11-27T04:10:32.466Z] Error reading or processing Modbus registers: no connection to modbus server
[2024-11-27T04:10:32.467Z] Error writing to Modbus register: no connection to modbus server
[2024-11-27T04:10:32.448Z] Error writing to Modbus register: no connection to modbus server
[2024-11-27T04:10:32.466Z] Error writing to Modbus register: no connection to modbus server
[2024-11-27T04:10:32.481Z] Error reading or processing Modbus registers: no connection to modbus server
[2024-11-27T04:10:32.495Z] Error reading or processing Modbus registers: no connection to modbus server
[2024-11-27T04:10:32.495Z] Error writing to Modbus register: no connection to modbus server
[2024-11-27T04:10:32.510Z] Error reading or processing Modbus registers: no connection to modbus server
[2024-11-27T04:10:32.510Z] Error writing to Modbus register: no connection to modbus server
[2024-11-27T04:10:32.510Z] Error writing to Modbus register: no connection to modbus server
[2024-11-27T04:10:32.527Z] Error reading or processing Modbus registers: no connection to modbus server
[2024-11-27T04:10:32.527Z] Error writing to Modbus register: no connection to modbus server
[2024-11-27T04:10:32.545Z] Error reading or processing Modbus registers: no connection to modbus server
[2024-11-27T04:10:32.546Z] Error writing to Modbus register: no connection to modbus server
[2024-11-27T04:10:32.565Z] Error reading or processing Modbus registers: no connection to modbus server
[2024-11-27T04:10:32.584Z] Error reading or processing Modbus registers: no connection to modbus server
[2024-11-27T04:10:32.584Z] Error writing to Modbus register: no connection to modbus server
[2024-11-27T04:10:32.584Z] Error writing to Modbus register: no connection to modbus server
[2024-11-27T04:10:32.601Z] Error reading or processing Modbus registers: no connection to modbus server
[2024-11-27T04:10:32.602Z] Error writing to Modbus register: no connection to modbus server
[2024-11-27T04:10:32.617Z] Error reading or processing Modbus registers: no connection to modbus server
[2024-11-27T04:10:32.618Z] Error writing to Modbus register: no connection to modbus server
[2024-11-27T04:10:32.633Z] Error reading or processing Modbus registers: no connection to modbus server
[2024-11-27T04:10:32.634Z] Error writing to Modbus register: no connection to modbus server
[2024-11-27T04:10:32.646Z] Error reading or processing Modbus registers: no connection to modbus server
[2024-11-27T04:10:32.671Z] Error reading or processing Modbus registers: no connection to modbus server
[2024-11-27T04:10:32.672Z] Error writing to Modbus register: no connection to modbus server
[2024-11-27T04:10:32.694Z] Error reading or processing Modbus registers: no connection to modbus server
[2024-11-27T04:10:32.695Z] Error writing to Modbus register: no connection to modbus server
[2024-11-27T04:10:32.695Z] Error writing to Modbus register: no connection to modbus server
[2024-11-27T04:10:32.712Z] Error reading or processing Modbus registers: no connection to modbus server
[2024-11-27T04:10:32.713Z] Error writing to Modbus register: no connection to modbus server
[2024-11-27T04:10:32.727Z] Error reading or processing Modbus registers: no connection to modbus server
[2024-11-27T04:10:32.801Z] Error reading or processing Modbus registers: no connection to modbus server
[2024-11-27T04:10:32.801Z] Error writing to Modbus register: no connection to modbus server
[2024-11-27T04:10:32.814Z] Error reading or processing Modbus registers: no connection to modbus server
[2024-11-27T04:10:32.815Z] Error writing to Modbus register: no connection to modbus server
[2024-11-27T04:10:32.827Z] Error reading or processing Modbus registers: no connection to modbus server
[2024-11-27T04:10:32.827Z] Error writing to Modbus register: no connection to modbus server
[2024-11-27T04:10:32.843Z] Error reading or processing Modbus registers: no connection to modbus server
[2024-11-27T04:10:32.843Z] Error writing to Modbus register: no connection to modbus server
[2024-11-27T04:10:32.862Z] Error reading or processing Modbus registers: no connection to modbus server
[2024-11-27T04:10:32.844Z] Error writing to Modbus register: no connection to modbus server
[2024-11-27T04:10:32.899Z] Error reading or processing Modbus registers: no connection to modbus server
[2024-11-27T04:10:32.882Z] Error reading or processing Modbus registers: no connection to modbus server
[2024-11-27T04:10:32.915Z] Error reading or processing Modbus registers: no connection to modbus server
[2024-11-27T04:10:32.900Z] Error writing to Modbus register: no connection to modbus server
[2024-11-27T04:10:32.863Z] Error writing to Modbus register: no connection to modbus server
[2024-11-27T04:10:32.931Z] Error reading or processing Modbus registers: no connection to modbus server
[2024-11-27T04:10:32.915Z] Error writing to Modbus register: no connection to modbus server
[2024-11-27T04:10:32.931Z] Error writing to Modbus register: no connection to modbus server
[2024-11-27T04:10:32.948Z] Error reading or processing Modbus registers: no connection to modbus server
[2024-11-27T04:10:32.948Z] Error writing to Modbus register: no connection to modbus server
[2024-11-27T04:10:32.949Z] Error writing to Modbus register: no connection to modbus server
[2024-11-27T04:10:32.965Z] Error reading or processing Modbus registers: no connection to modbus server
[2024-11-27T04:10:32.966Z] Error writing to Modbus register: no connection to modbus server
[2024-11-27T04:10:32.981Z] Error reading or processing Modbus registers: no connection to modbus server
[2024-11-27T04:10:32.982Z] Error writing to Modbus register: no connection to modbus server
[2024-11-27T04:10:32.996Z] Error reading or processing Modbus registers: no connection to modbus server
[2024-11-27T04:10:32.997Z] Error writing to Modbus register: no connection to modbus server
[2024-11-27T04:10:33.014Z] Error reading or processing Modbus registers: no connection to modbus server
[2024-11-27T04:10:33.014Z] Error writing to Modbus register: no connection to modbus server
[2024-11-27T04:10:33.031Z] Error reading or processing Modbus registers: no connection to modbus server
[2024-11-27T04:10:33.031Z] Error writing to Modbus register: no connection to modbus server
[2024-11-27T04:10:33.046Z] Error reading or processing Modbus registers: no connection to modbus server
[2024-11-27T04:10:33.046Z] Error writing to Modbus register: no connection to modbus server
[2024-11-27T04:10:33.060Z] Error reading or processing Modbus registers: no connection to modbus server
[2024-11-27T04:10:33.060Z] Error writing to Modbus register: no connection to modbus server
[2024-11-27T04:10:33.077Z] Error reading or processing Modbus registers: no connection to modbus server
[2024-11-27T04:10:33.077Z] Error writing to Modbus register: no connection to modbus server
[2024-11-27T04:10:33.093Z] Error reading or processing Modbus registers: no connection to modbus server
[2024-11-27T04:10:33.094Z] Error writing to Modbus register: no connection to modbus server
[2024-11-27T04:10:33.109Z] Error reading or processing Modbus registers: no connection to modbus server
[2024-11-27T04:10:33.109Z] Error writing to Modbus register: no connection to modbus server
[2024-11-27T04:10:33.122Z] Error reading or processing Modbus registers: no connection to modbus server
[2024-11-27T04:10:33.122Z] Error writing to Modbus register: no connection to modbus server
[2024-11-27T04:10:33.138Z] Error reading or processing Modbus registers: no connection to modbus server
[2024-11-27T04:10:33.139Z] Error writing to Modbus register: no connection to modbus server
[2024-11-27T04:10:33.154Z] Error reading or processing Modbus registers: no connection to modbus server
[2024-11-27T04:10:33.154Z] Error writing to Modbus register: no connection to modbus server
[2024-11-27T04:10:33.169Z] Error reading or processing Modbus registers: no connection to modbus server
[2024-11-27T04:10:33.170Z] Error writing to Modbus register: no connection to modbus server
[2024-11-27T04:10:33.198Z] Error reading or processing Modbus registers: no connection to modbus server
[2024-11-27T04:10:33.183Z] Error reading or processing Modbus registers: no connection to modbus server
[2024-11-27T04:10:33.199Z] Error writing to Modbus register: no connection to modbus server
[2024-11-27T04:10:33.212Z] Error reading or processing Modbus registers: no connection to modbus server
[2024-11-27T04:10:33.227Z] Error reading or processing Modbus registers: no connection to modbus server
[2024-11-27T04:10:33.184Z] Error writing to Modbus register: no connection to modbus server
[2024-11-27T04:10:33.227Z] Error writing to Modbus register: no connection to modbus server
[2024-11-27T04:10:33.241Z] Error reading or processing Modbus registers: no connection to modbus server
[2024-11-27T04:10:33.241Z] Error writing to Modbus register: no connection to modbus server
[2024-11-27T04:10:33.256Z] Error reading or processing Modbus registers: no connection to modbus server
[2024-11-27T04:10:33.256Z] Error writing to Modbus register: no connection to modbus server
[2024-11-27T04:10:33.276Z] Error reading or processing Modbus registers: no connection to modbus server
[2024-11-27T04:10:33.277Z] Error writing to Modbus register: no connection to modbus server
[2024-11-27T04:10:33.294Z] Error reading or processing Modbus registers: no connection to modbus server
[2024-11-27T04:10:33.294Z] Error writing to Modbus register: no connection to modbus server
[2024-11-27T04:10:33.310Z] Error reading or processing Modbus registers: no connection to modbus server
[2024-11-27T04:10:33.310Z] Error writing to Modbus register: no connection to modbus server
[2024-11-27T04:10:33.324Z] Error reading or processing Modbus registers: no connection to modbus server
[2024-11-27T04:10:33.324Z] Error writing to Modbus register: no connection to modbus server
[2024-11-27T04:10:33.339Z] Error reading or processing Modbus registers: no connection to modbus server
[2024-11-27T04:10:33.339Z] Error writing to Modbus register: no connection to modbus server
[2024-11-27T04:10:33.339Z] Error writing to Modbus register: no connection to modbus server
[2024-11-27T04:10:33.353Z] Error reading or processing Modbus registers: no connection to modbus server
[2024-11-27T04:10:33.354Z] Error writing to Modbus register: no connection to modbus server
[2024-11-27T04:10:33.371Z] Error reading or processing Modbus registers: no connection to modbus server
[2024-11-27T04:10:33.372Z] Error writing to Modbus register: no connection to modbus server
[2024-11-27T04:10:33.388Z] Error reading or processing Modbus registers: no connection to modbus server
[2024-11-27T04:10:33.388Z] Error writing to Modbus register: no connection to modbus server
[2024-11-27T04:10:33.408Z] Error reading or processing Modbus registers: no connection to modbus server
[2024-11-27T04:10:33.409Z] Error writing to Modbus register: no connection to modbus server
[2024-11-27T04:10:33.428Z] Error reading or processing Modbus registers: no connection to modbus server
[2024-11-27T04:10:33.428Z] Error writing to Modbus register: no connection to modbus server
[2024-11-27T04:10:33.443Z] Error reading or processing Modbus registers: no connection to modbus server
[2024-11-27T04:10:33.443Z] Error writing to Modbus register: no connection to modbus server
[2024-11-27T04:10:33.459Z] Error reading or processing Modbus registers: no connection to modbus server
[2024-11-27T04:10:33.459Z] Error writing to Modbus register: no connection to modbus server
[2024-11-27T04:10:33.475Z] Error reading or processing Modbus registers: no connection to modbus server
[2024-11-27T04:10:33.475Z] Error writing to Modbus register: no connection to modbus server
[2024-11-27T04:10:33.492Z] Error reading or processing Modbus registers: no connection to modbus server
[2024-11-27T04:10:33.492Z] Error writing to Modbus register: no connection to modbus server
[2024-11-27T04:10:33.511Z] Error reading or processing Modbus registers: no connection to modbus server
[2024-11-27T04:10:33.511Z] Error writing to Modbus register: no connection to modbus server
[2024-11-27T04:10:33.528Z] Error reading or processing Modbus registers: no connection to modbus server
[2024-11-27T04:10:33.545Z] Error reading or processing Modbus registers: no connection to modbus server
[2024-11-27T04:10:33.564Z] Error reading or processing Modbus registers: no connection to modbus server
[2024-11-27T04:10:33.545Z] Error writing to Modbus register: no connection to modbus server
[2024-11-27T04:10:33.528Z] Error writing to Modbus register: no connection to modbus server
[2024-11-27T04:10:33.564Z] Error writing to Modbus register: no connection to modbus server
[2024-11-27T04:10:33.578Z] Error reading or processing Modbus registers: no connection to modbus server
[2024-11-27T04:10:33.641Z] Error writing to Modbus register: no connection to modbus server
[2024-11-27T04:10:33.652Z] Error reading or processing Modbus registers: no connection to modbus server
[2024-11-27T04:10:33.652Z] Error writing to Modbus register: no connection to modbus server
[2024-11-27T04:10:33.665Z] Error reading or processing Modbus registers: no connection to modbus server
[2024-11-27T04:10:33.665Z] Error writing to Modbus register: no connection to modbus server
[2024-11-27T04:10:33.677Z] Error reading or processing Modbus registers: no connection to modbus server
[2024-11-27T04:10:33.677Z] Error writing to Modbus register: no connection to modbus server
[2024-11-27T04:10:33.689Z] Error reading or processing Modbus registers: no connection to modbus server
[2024-11-27T04:10:33.689Z] Error writing to Modbus register: no connection to modbus server
[2024-11-27T04:10:33.710Z] Error reading or processing Modbus registers: no connection to modbus server
[2024-11-27T04:10:33.711Z] Error writing to Modbus register: no connection to modbus server
[2024-11-27T04:10:33.727Z] Error reading or processing Modbus registers: no connection to modbus server
[2024-11-27T04:10:33.742Z] Error reading or processing Modbus registers: no connection to modbus server
[2024-11-27T04:10:33.757Z] Error reading or processing Modbus registers: no connection to modbus server
[2024-11-27T04:10:33.757Z] Error writing to Modbus register: no connection to modbus server
[2024-11-27T04:10:33.771Z] Error reading or processing Modbus registers: no connection to modbus server
[2024-11-27T04:10:33.771Z] Error writing to Modbus register: no connection to modbus server
[2024-11-27T04:10:33.784Z] Error reading or processing Modbus registers: no connection to modbus server
[2024-11-27T04:10:33.784Z] Error writing to Modbus register: no connection to modbus server
[2024-11-27T04:10:33.785Z] Error writing to Modbus register: no connection to modbus server
[2024-11-27T04:10:33.799Z] Error reading or processing Modbus registers: no connection to modbus server
[2024-11-27T04:10:33.816Z] Error reading or processing Modbus registers: no connection to modbus server
[2024-11-27T04:10:33.816Z] Error writing to Modbus register: no connection to modbus server
[2024-11-27T04:10:33.817Z] Error writing to Modbus register: no connection to modbus server
[2024-11-27T04:10:33.817Z] Error writing to Modbus register: no connection to modbus server
[2024-11-27T04:10:33.841Z] Error reading or processing Modbus registers: no connection to modbus server
[2024-11-27T04:10:33.841Z] Error writing to Modbus register: no connection to modbus server
[2024-11-27T04:10:33.861Z] Error reading or processing Modbus registers: no connection to modbus server
[2024-11-27T04:10:33.862Z] Error writing to Modbus register: no connection to modbus server
[2024-11-27T04:10:33.880Z] Error reading or processing Modbus registers: no connection to modbus server
[2024-11-27T04:10:33.900Z] Error reading or processing Modbus registers: no connection to modbus server
[2024-11-27T04:10:33.901Z] Error writing to Modbus register: no connection to modbus server
[2024-11-27T04:10:33.916Z] Error reading or processing Modbus registers: no connection to modbus server
[2024-11-27T04:10:33.917Z] Error writing to Modbus register: no connection to modbus server
[2024-11-27T04:10:33.917Z] Error writing to Modbus register: no connection to modbus server
[2024-11-27T04:10:33.931Z] Error reading or processing Modbus registers: no connection to modbus server
[2024-11-27T04:10:33.945Z] Error reading or processing Modbus registers: no connection to modbus server
[2024-11-27T04:10:33.945Z] Error writing to Modbus register: no connection to modbus server
[2024-11-27T04:10:33.962Z] Error reading or processing Modbus registers: no connection to modbus server
[2024-11-27T04:10:33.962Z] Error writing to Modbus register: no connection to modbus server
[2024-11-27T04:10:33.977Z] Error reading or processing Modbus registers: no connection to modbus server
[2024-11-27T04:10:33.978Z] Error writing to Modbus register: no connection to modbus server
[2024-11-27T04:10:33.997Z] Error reading or processing Modbus registers: no connection to modbus server
[2024-11-27T04:10:33.998Z] Error writing to Modbus register: no connection to modbus server
[2024-11-27T04:10:34.013Z] Error reading or processing Modbus registers: no connection to modbus server
[2024-11-27T04:10:34.013Z] Error writing to Modbus register: no connection to modbus server
[2024-11-27T04:10:34.032Z] Error reading or processing Modbus registers: no connection to modbus server
[2024-11-27T04:10:34.032Z] Error writing to Modbus register: no connection to modbus server
[2024-11-27T04:10:34.046Z] Error reading or processing Modbus registers: no connection to modbus server
[2024-11-27T04:10:34.047Z] Error writing to Modbus register: no connection to modbus server
[2024-11-27T04:10:34.047Z] Error writing to Modbus register: no connection to modbus server
[2024-11-27T04:10:34.063Z] Error reading or processing Modbus registers: no connection to modbus server
[2024-11-27T04:10:34.083Z] Error reading or processing Modbus registers: no connection to modbus server
[2024-11-27T04:10:34.083Z] Error writing to Modbus register: no connection to modbus server
[2024-11-27T04:10:34.084Z] Error writing to Modbus register: no connection to modbus server
[2024-11-27T04:10:34.102Z] Error reading or processing Modbus registers: no connection to modbus server
[2024-11-27T04:10:34.103Z] Error writing to Modbus register: no connection to modbus server
[2024-11-27T04:10:34.119Z] Error reading or processing Modbus registers: no connection to modbus server
[2024-11-27T04:10:34.137Z] Error reading or processing Modbus registers: no connection to modbus server
[2024-11-27T04:10:34.137Z] Error writing to Modbus register: no connection to modbus server
[2024-11-27T04:10:34.138Z] Error writing to Modbus register: no connection to modbus server
[2024-11-27T04:10:34.154Z] Error reading or processing Modbus registers: no connection to modbus server
[2024-11-27T04:10:34.154Z] Error writing to Modbus register: no connection to modbus server
[2024-11-27T04:10:34.171Z] Error reading or processing Modbus registers: no connection to modbus server
[2024-11-27T04:10:34.172Z] Error writing to Modbus register: no connection to modbus server
[2024-11-27T04:10:34.187Z] Error reading or processing Modbus registers: no connection to modbus server
[2024-11-27T04:10:34.187Z] Error writing to Modbus register: no connection to modbus server
[2024-11-27T04:10:34.202Z] Error reading or processing Modbus registers: no connection to modbus server
[2024-11-27T04:10:34.202Z] Error writing to Modbus register: no connection to modbus server
[2024-11-27T04:10:34.219Z] Error reading or processing Modbus registers: no connection to modbus server
[2024-11-27T04:10:34.235Z] Error reading or processing Modbus registers: no connection to modbus server
[2024-11-27T04:10:34.236Z] Error writing to Modbus register: no connection to modbus server
[2024-11-27T04:10:34.252Z] Error reading or processing Modbus registers: no connection to modbus server
[2024-11-27T04:10:34.253Z] Error writing to Modbus register: no connection to modbus server
[2024-11-27T04:10:34.270Z] Error reading or processing Modbus registers: no connection to modbus server
[2024-11-27T04:10:34.270Z] Error writing to Modbus register: no connection to modbus server
[2024-11-27T04:10:34.288Z] Error reading or processing Modbus registers: no connection to modbus server
[2024-11-27T04:10:34.288Z] Error writing to Modbus register: no connection to modbus server
[2024-11-27T04:10:34.306Z] Error reading or processing Modbus registers: no connection to modbus server
[2024-11-27T04:10:34.307Z] Error writing to Modbus register: no connection to modbus server
[2024-11-27T04:10:34.307Z] Error writing to Modbus register: no connection to modbus server
[2024-11-27T04:10:34.323Z] Error reading or processing Modbus registers: no connection to modbus server
[2024-11-27T04:10:34.345Z] Error reading or processing Modbus registers: no connection to modbus server
[2024-11-27T04:10:34.345Z] Error writing to Modbus register: no connection to modbus server
[2024-11-27T04:10:34.362Z] Error reading or processing Modbus registers: no connection to modbus server
[2024-11-27T04:10:34.362Z] Error writing to Modbus register: no connection to modbus server
[2024-11-27T04:10:34.362Z] Error writing to Modbus register: no connection to modbus server
[2024-11-27T04:10:34.377Z] Error reading or processing Modbus registers: no connection to modbus server
[2024-11-27T04:10:34.377Z] Error writing to Modbus register: no connection to modbus server
[2024-11-27T04:10:34.393Z] Error reading or processing Modbus registers: no connection to modbus server
[2024-11-27T04:10:34.393Z] Error writing to Modbus register: no connection to modbus server
[2024-11-27T04:10:34.411Z] Error reading or processing Modbus registers: no connection to modbus server
[2024-11-27T04:10:34.426Z] Error reading or processing Modbus registers: no connection to modbus server
[2024-11-27T04:10:34.427Z] Error writing to Modbus register: no connection to modbus server
[2024-11-27T04:10:34.427Z] Error writing to Modbus register: no connection to modbus server
[2024-11-27T04:10:34.442Z] Error reading or processing Modbus registers: no connection to modbus server
[2024-11-27T04:10:34.443Z] Error writing to Modbus register: no connection to modbus server
[2024-11-27T04:10:34.457Z] Error reading or processing Modbus registers: no connection to modbus server
[2024-11-27T04:10:34.458Z] Error writing to Modbus register: no connection to modbus server
[2024-11-27T04:10:34.473Z] Error reading or processing Modbus registers: no connection to modbus server
[2024-11-27T04:10:34.473Z] Error writing to Modbus register: no connection to modbus server
[2024-11-27T04:10:34.488Z] Error reading or processing Modbus registers: no connection to modbus server
[2024-11-27T04:10:34.551Z] Error writing to Modbus register: no connection to modbus server
[2024-11-27T04:10:34.551Z] Error writing to Modbus register: no connection to modbus server
[2024-11-27T04:10:34.564Z] Error reading or processing Modbus registers: no connection to modbus server
[2024-11-27T04:10:34.565Z] Error writing to Modbus register: no connection to modbus server
[2024-11-27T04:10:34.577Z] Error reading or processing Modbus registers: no connection to modbus server
[2024-11-27T04:10:34.591Z] Error reading or processing Modbus registers: no connection to modbus server
[2024-11-27T04:10:34.592Z] Error writing to Modbus register: no connection to modbus server
[2024-11-27T04:10:34.608Z] Error reading or processing Modbus registers: no connection to modbus server
[2024-11-27T04:10:34.608Z] Error writing to Modbus register: no connection to modbus server
[2024-11-27T04:10:34.621Z] Error reading or processing Modbus registers: no connection to modbus server
[2024-11-27T04:10:34.621Z] Error writing to Modbus register: no connection to modbus server
[2024-11-27T04:10:34.535Z] Error reading or processing Modbus registers: no connection to modbus server
[2024-11-27T04:10:34.637Z] Error writing to Modbus register: no connection to modbus server
[2024-11-27T04:10:34.653Z] Error reading or processing Modbus registers: no connection to modbus server
[2024-11-27T04:10:34.654Z] Error writing to Modbus register: no connection to modbus server
[2024-11-27T04:10:34.636Z] Error reading or processing Modbus registers: no connection to modbus server
[2024-11-27T04:10:34.550Z] Error reading or processing Modbus registers: no connection to modbus server
[2024-11-27T04:10:34.672Z] Error writing to Modbus register: no connection to modbus server
[2024-11-27T04:10:34.672Z] Error reading or processing Modbus registers: no connection to modbus server
[2024-11-27T04:10:34.688Z] Error writing to Modbus register: no connection to modbus server
[2024-11-27T04:10:34.687Z] Error reading or processing Modbus registers: no connection to modbus server
[2024-11-27T04:10:34.705Z] Error reading or processing Modbus registers: no connection to modbus server
[2024-11-27T04:10:34.536Z] Error writing to Modbus register: no connection to modbus server
[2024-11-27T04:10:34.721Z] Error reading or processing Modbus registers: no connection to modbus server
[2024-11-27T04:10:34.722Z] Error writing to Modbus register: no connection to modbus server
[2024-11-27T04:10:34.705Z] Error writing to Modbus register: no connection to modbus server
[2024-11-27T04:10:34.741Z] Error reading or processing Modbus registers: no connection to modbus server
[2024-11-27T04:10:34.741Z] Error writing to Modbus register: no connection to modbus server
[2024-11-27T04:10:34.755Z] Error reading or processing Modbus registers: no connection to modbus server
[2024-11-27T04:10:34.756Z] Error writing to Modbus register: no connection to modbus server
[2024-11-27T04:10:34.756Z] Error writing to Modbus register: no connection to modbus server
[2024-11-27T04:10:34.772Z] Error reading or processing Modbus registers: no connection to modbus server
[2024-11-27T04:10:34.773Z] Error writing to Modbus register: no connection to modbus server
[2024-11-27T04:10:34.787Z] Error reading or processing Modbus registers: no connection to modbus server
[2024-11-27T04:10:34.804Z] Error reading or processing Modbus registers: no connection to modbus server
[2024-11-27T04:10:34.804Z] Error writing to Modbus register: no connection to modbus server
[2024-11-27T04:10:34.822Z] Error reading or processing Modbus registers: no connection to modbus server
[2024-11-27T04:10:34.822Z] Error writing to Modbus register: no connection to modbus server
[2024-11-27T04:10:34.846Z] Error reading or processing Modbus registers: no connection to modbus server
[2024-11-27T04:10:34.846Z] Error writing to Modbus register: no connection to modbus server
[2024-11-27T04:10:34.864Z] Error reading or processing Modbus registers: no connection to modbus server
[2024-11-27T04:10:34.864Z] Error writing to Modbus register: no connection to modbus server
[2024-11-27T04:10:34.865Z] Error writing to Modbus register: no connection to modbus server
[2024-11-27T04:10:34.882Z] Error reading or processing Modbus registers: no connection to modbus server
[2024-11-27T04:10:34.883Z] Error writing to Modbus register: no connection to modbus server
[2024-11-27T04:10:34.902Z] Error reading or processing Modbus registers: no connection to modbus server
[2024-11-27T04:10:34.903Z] Error writing to Modbus register: no connection to modbus server
[2024-11-27T04:10:34.918Z] Error reading or processing Modbus registers: no connection to modbus server
[2024-11-27T04:10:34.918Z] Error writing to Modbus register: no connection to modbus server
[2024-11-27T04:10:34.933Z] Error reading or processing Modbus registers: no connection to modbus server
[2024-11-27T04:10:34.934Z] Error writing to Modbus register: no connection to modbus server
[2024-11-27T04:10:34.951Z] Error reading or processing Modbus registers: no connection to modbus server
[2024-11-27T04:10:34.952Z] Error writing to Modbus register: no connection to modbus server
[2024-11-27T04:10:34.969Z] Error reading or processing Modbus registers: no connection to modbus server
[2024-11-27T04:10:34.970Z] Error writing to Modbus register: no connection to modbus server
[2024-11-27T04:10:34.984Z] Error reading or processing Modbus registers: no connection to modbus server
[2024-11-27T04:10:34.984Z] Error writing to Modbus register: no connection to modbus server
[2024-11-27T04:10:34.999Z] Error reading or processing Modbus registers: no connection to modbus server
[2024-11-27T04:10:34.999Z] Error writing to Modbus register: no connection to modbus server
[2024-11-27T04:10:35.015Z] Error reading or processing Modbus registers: no connection to modbus server
[2024-11-27T04:10:35.015Z] Error writing to Modbus register: no connection to modbus server
[2024-11-27T04:10:35.033Z] Error reading or processing Modbus registers: no connection to modbus server
[2024-11-27T04:10:35.033Z] Error writing to Modbus register: no connection to modbus server
[2024-11-27T04:10:35.047Z] Error reading or processing Modbus registers: no connection to modbus server
[2024-11-27T04:10:35.047Z] Error writing to Modbus register: no connection to modbus server
[2024-11-27T04:10:35.062Z] Error reading or processing Modbus registers: no connection to modbus server
[2024-11-27T04:10:35.062Z] Error writing to Modbus register: no connection to modbus server
[2024-11-27T04:10:35.078Z] Error reading or processing Modbus registers: no connection to modbus server
[2024-11-27T04:10:35.078Z] Error writing to Modbus register: no connection to modbus server
[2024-11-27T04:10:35.103Z] Error reading or processing Modbus registers: no connection to modbus server
[2024-11-27T04:10:35.104Z] Error writing to Modbus register: no connection to modbus server
[2024-11-27T04:10:35.125Z] Error reading or processing Modbus registers: no connection to modbus server
[2024-11-27T04:10:35.126Z] Error writing to Modbus register: no connection to modbus server
[2024-11-27T04:10:35.148Z] Error reading or processing Modbus registers: no connection to modbus server
[2024-11-27T04:10:35.148Z] Error writing to Modbus register: no connection to modbus server
[2024-11-27T04:10:35.167Z] Error reading or processing Modbus registers: no connection to modbus server
[2024-11-27T04:10:35.184Z] Error reading or processing Modbus registers: no connection to modbus server
[2024-11-27T04:10:35.185Z] Error writing to Modbus register: no connection to modbus server
[2024-11-27T04:10:35.201Z] Error reading or processing Modbus registers: no connection to modbus server
[2024-11-27T04:10:35.201Z] Error writing to Modbus register: no connection to modbus server
[2024-11-27T04:10:35.218Z] Error reading or processing Modbus registers: no connection to modbus server
[2024-11-27T04:10:35.219Z] Error writing to Modbus register: no connection to modbus server
[2024-11-27T04:10:35.239Z] Error reading or processing Modbus registers: no connection to modbus server
[2024-11-27T04:10:35.239Z] Error writing to Modbus register: no connection to modbus server
[2024-11-27T04:10:35.256Z] Error reading or processing Modbus registers: no connection to modbus server
[2024-11-27T04:10:35.256Z] Error writing to Modbus register: no connection to modbus server
[2024-11-27T04:10:35.272Z] Error reading or processing Modbus registers: no connection to modbus server
[2024-11-27T04:10:35.272Z] Error writing to Modbus register: no connection to modbus server
[2024-11-27T04:10:35.289Z] Error reading or processing Modbus registers: no connection to modbus server
[2024-11-27T04:10:35.289Z] Error writing to Modbus register: no connection to modbus server
[2024-11-27T04:10:35.308Z] Error reading or processing Modbus registers: no connection to modbus server
[2024-11-27T04:10:35.308Z] Error writing to Modbus register: no connection to modbus server
[2024-11-27T04:10:35.309Z] Error writing to Modbus register: no connection to modbus server
[2024-11-27T04:10:35.323Z] Error reading or processing Modbus registers: no connection to modbus server
[2024-11-27T04:10:35.324Z] Error writing to Modbus register: no connection to modbus server
[2024-11-27T04:10:35.340Z] Error reading or processing Modbus registers: no connection to modbus server
[2024-11-27T04:10:35.340Z] Error writing to Modbus register: no connection to modbus server
[2024-11-27T04:10:35.358Z] Error reading or processing Modbus registers: no connection to modbus server
[2024-11-27T04:10:35.358Z] Error writing to Modbus register: no connection to modbus server
[2024-11-27T04:10:35.374Z] Error reading or processing Modbus registers: no connection to modbus server
[2024-11-27T04:10:35.374Z] Error writing to Modbus register: no connection to modbus server
[2024-11-27T04:10:35.390Z] Error reading or processing Modbus registers: no connection to modbus server
[2024-11-27T04:10:35.391Z] Error writing to Modbus register: no connection to modbus server
[2024-11-27T04:10:35.408Z] Error reading or processing Modbus registers: no connection to modbus server
[2024-11-27T04:10:35.408Z] Error writing to Modbus register: no connection to modbus server
[2024-11-27T04:10:35.426Z] Error reading or processing Modbus registers: no connection to modbus server
[2024-11-27T04:10:35.426Z] Error writing to Modbus register: no connection to modbus server
[2024-11-27T04:10:35.443Z] Error reading or processing Modbus registers: no connection to modbus server
[2024-11-27T04:10:35.444Z] Error writing to Modbus register: no connection to modbus server
[2024-11-27T04:10:35.460Z] Error reading or processing Modbus registers: no connection to modbus server
[2024-11-27T04:10:35.460Z] Error writing to Modbus register: no connection to modbus server
[2024-11-27T04:10:35.475Z] Error reading or processing Modbus registers: no connection to modbus server
[2024-11-27T04:10:35.475Z] Error writing to Modbus register: no connection to modbus server
[2024-11-27T04:10:35.491Z] Error reading or processing Modbus registers: no connection to modbus server
[2024-11-27T04:10:35.580Z] Error writing to Modbus register: no connection to modbus server
[2024-11-27T04:10:35.590Z] Error reading or processing Modbus registers: no connection to modbus server
[2024-11-27T04:10:35.591Z] Error writing to Modbus register: no connection to modbus server
[2024-11-27T04:10:35.603Z] Error reading or processing Modbus registers: no connection to modbus server
[2024-11-27T04:10:35.603Z] Error writing to Modbus register: no connection to modbus server
[2024-11-27T04:10:35.614Z] Error reading or processing Modbus registers: no connection to modbus server
[2024-11-27T04:10:35.627Z] Error reading or processing Modbus registers: no connection to modbus server
[2024-11-27T04:10:35.627Z] Error writing to Modbus register: no connection to modbus server
[2024-11-27T04:10:35.642Z] Error reading or processing Modbus registers: no connection to modbus server
[2024-11-27T04:10:35.642Z] Error writing to Modbus register: no connection to modbus server
[2024-11-27T04:10:35.642Z] Error writing to Modbus register: no connection to modbus server
[2024-11-27T04:10:35.658Z] Error reading or processing Modbus registers: no connection to modbus server
[2024-11-27T04:10:35.659Z] Error writing to Modbus register: no connection to modbus server
[2024-11-27T04:10:35.674Z] Error reading or processing Modbus registers: no connection to modbus server
[2024-11-27T04:10:35.674Z] Error writing to Modbus register: no connection to modbus server
[2024-11-27T04:10:35.689Z] Error reading or processing Modbus registers: no connection to modbus server
[2024-11-27T04:10:35.689Z] Error writing to Modbus register: no connection to modbus server
[2024-11-27T04:10:35.706Z] Error reading or processing Modbus registers: no connection to modbus server
[2024-11-27T04:10:35.707Z] Error writing to Modbus register: no connection to modbus server
[2024-11-27T04:10:35.721Z] Error reading or processing Modbus registers: no connection to modbus server
[2024-11-27T04:10:35.721Z] Error writing to Modbus register: no connection to modbus server
[2024-11-27T04:10:35.737Z] Error reading or processing Modbus registers: no connection to modbus server
[2024-11-27T04:10:35.753Z] Error reading or processing Modbus registers: no connection to modbus server
[2024-11-27T04:10:35.774Z] Error reading or processing Modbus registers: no connection to modbus server
[2024-11-27T04:10:35.774Z] Error writing to Modbus register: no connection to modbus server
[2024-11-27T04:10:35.791Z] Error reading or processing Modbus registers: no connection to modbus server
[2024-11-27T04:10:35.791Z] Error writing to Modbus register: no connection to modbus server
[2024-11-27T04:10:35.806Z] Error reading or processing Modbus registers: no connection to modbus server
[2024-11-27T04:10:35.807Z] Error writing to Modbus register: no connection to modbus server
[2024-11-27T04:10:35.807Z] Error writing to Modbus register: no connection to modbus server
[2024-11-27T04:10:35.820Z] Error reading or processing Modbus registers: no connection to modbus server
[2024-11-27T04:10:35.836Z] Error reading or processing Modbus registers: no connection to modbus server
[2024-11-27T04:10:35.837Z] Error writing to Modbus register: no connection to modbus server
[2024-11-27T04:10:35.837Z] Error writing to Modbus register: no connection to modbus server
[2024-11-27T04:10:35.837Z] Error writing to Modbus register: no connection to modbus server
[2024-11-27T04:10:35.854Z] Error reading or processing Modbus registers: no connection to modbus server
[2024-11-27T04:10:35.854Z] Error writing to Modbus register: no connection to modbus server
[2024-11-27T04:10:35.872Z] Error reading or processing Modbus registers: no connection to modbus server
[2024-11-27T04:10:35.873Z] Error writing to Modbus register: no connection to modbus server
[2024-11-27T04:10:35.890Z] Error reading or processing Modbus registers: no connection to modbus server
[2024-11-27T04:10:35.911Z] Error reading or processing Modbus registers: no connection to modbus server
[2024-11-27T04:10:35.912Z] Error writing to Modbus register: no connection to modbus server
[2024-11-27T04:10:35.927Z] Error reading or processing Modbus registers: no connection to modbus server
[2024-11-27T04:10:35.928Z] Error writing to Modbus register: no connection to modbus server
[2024-11-27T04:10:35.928Z] Error writing to Modbus register: no connection to modbus server
[2024-11-27T04:10:35.944Z] Error reading or processing Modbus registers: no connection to modbus server
[2024-11-27T04:10:35.962Z] Error reading or processing Modbus registers: no connection to modbus server
[2024-11-27T04:10:35.963Z] Error writing to Modbus register: no connection to modbus server
[2024-11-27T04:10:35.978Z] Error reading or processing Modbus registers: no connection to modbus server
[2024-11-27T04:10:35.978Z] Error writing to Modbus register: no connection to modbus server
[2024-11-27T04:10:35.994Z] Error reading or processing Modbus registers: no connection to modbus server
[2024-11-27T04:10:35.995Z] Error writing to Modbus register: no connection to modbus server
[2024-11-27T04:10:36.011Z] Error reading or processing Modbus registers: no connection to modbus server
[2024-11-27T04:10:36.011Z] Error writing to Modbus register: no connection to modbus server
[2024-11-27T04:10:36.028Z] Error reading or processing Modbus registers: no connection to modbus server
[2024-11-27T04:10:36.028Z] Error writing to Modbus register: no connection to modbus server
[2024-11-27T04:10:36.045Z] Error reading or processing Modbus registers: no connection to modbus server
[2024-11-27T04:10:36.045Z] Error writing to Modbus register: no connection to modbus server
[2024-11-27T04:10:36.064Z] Error reading or processing Modbus registers: no connection to modbus server
[2024-11-27T04:10:36.064Z] Error writing to Modbus register: no connection to modbus server
[2024-11-27T04:10:36.065Z] Error writing to Modbus register: no connection to modbus server
[2024-11-27T04:10:36.084Z] Error reading or processing Modbus registers: no connection to modbus server
[2024-11-27T04:10:36.102Z] Error reading or processing Modbus registers: no connection to modbus server
[2024-11-27T04:10:36.102Z] Error writing to Modbus register: no connection to modbus server
[2024-11-27T04:10:36.103Z] Error writing to Modbus register: no connection to modbus server
[2024-11-27T04:10:36.119Z] Error reading or processing Modbus registers: no connection to modbus server
[2024-11-27T04:10:36.119Z] Error writing to Modbus register: no connection to modbus server
[2024-11-27T04:10:36.138Z] Error reading or processing Modbus registers: no connection to modbus server
[2024-11-27T04:10:36.158Z] Error reading or processing Modbus registers: no connection to modbus server
[2024-11-27T04:10:36.159Z] Error writing to Modbus register: no connection to modbus server
[2024-11-27T04:10:36.159Z] Error writing to Modbus register: no connection to modbus server
[2024-11-27T04:10:36.175Z] Error reading or processing Modbus registers: no connection to modbus server
[2024-11-27T04:10:36.176Z] Error writing to Modbus register: no connection to modbus server
[2024-11-27T04:10:36.191Z] Error reading or processing Modbus registers: no connection to modbus server
[2024-11-27T04:10:36.191Z] Error writing to Modbus register: no connection to modbus server
[2024-11-27T04:10:36.209Z] Error reading or processing Modbus registers: no connection to modbus server
[2024-11-27T04:10:36.209Z] Error writing to Modbus register: no connection to modbus server
[2024-11-27T04:10:36.228Z] Error reading or processing Modbus registers: no connection to modbus server
[2024-11-27T04:10:36.228Z] Error writing to Modbus register: no connection to modbus server
[2024-11-27T04:10:36.247Z] Error reading or processing Modbus registers: no connection to modbus server
[2024-11-27T04:10:36.264Z] Error reading or processing Modbus registers: no connection to modbus server
[2024-11-27T04:10:36.264Z] Error writing to Modbus register: no connection to modbus server
[2024-11-27T04:10:36.282Z] Error reading or processing Modbus registers: no connection to modbus server
[2024-11-27T04:10:36.282Z] Error writing to Modbus register: no connection to modbus server
[2024-11-27T04:10:36.299Z] Error reading or processing Modbus registers: no connection to modbus server
[2024-11-27T04:10:36.299Z] Error writing to Modbus register: no connection to modbus server
[2024-11-27T04:10:36.316Z] Error reading or processing Modbus registers: no connection to modbus server
[2024-11-27T04:10:36.316Z] Error writing to Modbus register: no connection to modbus server
[2024-11-27T04:10:36.334Z] Error reading or processing Modbus registers: no connection to modbus server
[2024-11-27T04:10:36.334Z] Error writing to Modbus register: no connection to modbus server
[2024-11-27T04:10:36.334Z] Error writing to Modbus register: no connection to modbus server
[2024-11-27T04:10:36.351Z] Error reading or processing Modbus registers: no connection to modbus server
[2024-11-27T04:10:36.369Z] Error reading or processing Modbus registers: no connection to modbus server
[2024-11-27T04:10:36.369Z] Error writing to Modbus register: no connection to modbus server
[2024-11-27T04:10:36.389Z] Error reading or processing Modbus registers: no connection to modbus server
[2024-11-27T04:10:36.389Z] Error writing to Modbus register: no connection to modbus server
[2024-11-27T04:10:36.389Z] Error writing to Modbus register: no connection to modbus server
[2024-11-27T04:10:36.410Z] Error reading or processing Modbus registers: no connection to modbus server
[2024-11-27T04:10:36.411Z] Error writing to Modbus register: no connection to modbus server
[2024-11-27T04:10:36.428Z] Error reading or processing Modbus registers: no connection to modbus server
[2024-11-27T04:10:36.428Z] Error writing to Modbus register: no connection to modbus server
[2024-11-27T04:10:36.444Z] Error reading or processing Modbus registers: no connection to modbus server
[2024-11-27T04:10:36.463Z] Error reading or processing Modbus registers: no connection to modbus server
[2024-11-27T04:10:36.463Z] Error writing to Modbus register: no connection to modbus server
[2024-11-27T04:10:36.464Z] Error writing to Modbus register: no connection to modbus server
[2024-11-27T04:10:36.482Z] Error reading or processing Modbus registers: no connection to modbus server
[2024-11-27T04:10:36.483Z] Error writing to Modbus register: no connection to modbus server
[2024-11-27T04:10:36.501Z] Error reading or processing Modbus registers: no connection to modbus server
[2024-11-27T04:10:36.501Z] Error writing to Modbus register: no connection to modbus server
[2024-11-27T04:10:36.521Z] Error reading or processing Modbus registers: no connection to modbus server
[2024-11-27T04:10:36.540Z] Error reading or processing Modbus registers: no connection to modbus server
[2024-11-27T04:10:36.521Z] Error writing to Modbus register: no connection to modbus server
[2024-11-27T04:10:36.557Z] Error reading or processing Modbus registers: no connection to modbus server
[2024-11-27T04:10:36.558Z] Error writing to Modbus register: no connection to modbus server
[2024-11-27T04:10:36.576Z] Error reading or processing Modbus registers: no connection to modbus server
[2024-11-27T04:10:36.576Z] Error writing to Modbus register: no connection to modbus server
[2024-11-27T04:10:36.576Z] Error writing to Modbus register: no connection to modbus server
[2024-11-27T04:10:36.592Z] Error reading or processing Modbus registers: no connection to modbus server
[2024-11-27T04:10:36.593Z] Error writing to Modbus register: no connection to modbus server
[2024-11-27T04:10:36.610Z] Error reading or processing Modbus registers: no connection to modbus server
[2024-11-27T04:10:36.628Z] Error reading or processing Modbus registers: no connection to modbus server
[2024-11-27T04:10:36.687Z] Error writing to Modbus register: no connection to modbus server
[2024-11-27T04:10:36.701Z] Error reading or processing Modbus registers: no connection to modbus server
[2024-11-27T04:10:36.701Z] Error writing to Modbus register: no connection to modbus server
[2024-11-27T04:10:36.715Z] Error reading or processing Modbus registers: no connection to modbus server
[2024-11-27T04:10:36.715Z] Error writing to Modbus register: no connection to modbus server
[2024-11-27T04:10:36.729Z] Error reading or processing Modbus registers: no connection to modbus server
[2024-11-27T04:10:36.729Z] Error writing to Modbus register: no connection to modbus server
[2024-11-27T04:10:36.743Z] Error reading or processing Modbus registers: no connection to modbus server
[2024-11-27T04:10:36.743Z] Error writing to Modbus register: no connection to modbus server
[2024-11-27T04:10:36.764Z] Error reading or processing Modbus registers: no connection to modbus server
[2024-11-27T04:10:36.764Z] Error writing to Modbus register: no connection to modbus server
[2024-11-27T04:10:36.781Z] Error reading or processing Modbus registers: no connection to modbus server
[2024-11-27T04:10:36.781Z] Error writing to Modbus register: no connection to modbus server
[2024-11-27T04:10:36.796Z] Error reading or processing Modbus registers: no connection to modbus server
[2024-11-27T04:10:36.796Z] Error writing to Modbus register: no connection to modbus server
[2024-11-27T04:10:36.813Z] Error reading or processing Modbus registers: no connection to modbus server
[2024-11-27T04:10:36.814Z] Error writing to Modbus register: no connection to modbus server
[2024-11-27T04:10:36.832Z] Error reading or processing Modbus registers: no connection to modbus server
[2024-11-27T04:10:36.833Z] Error writing to Modbus register: no connection to modbus server
[2024-11-27T04:10:36.856Z] Error reading or processing Modbus registers: no connection to modbus server
[2024-11-27T04:10:36.856Z] Error writing to Modbus register: no connection to modbus server
[2024-11-27T04:10:36.857Z] Error writing to Modbus register: no connection to modbus server
[2024-11-27T04:10:36.875Z] Error reading or processing Modbus registers: no connection to modbus server
[2024-11-27T04:10:36.876Z] Error writing to Modbus register: no connection to modbus server
[2024-11-27T04:10:36.895Z] Error reading or processing Modbus registers: no connection to modbus server
[2024-11-27T04:10:36.913Z] Error reading or processing Modbus registers: no connection to modbus server
[2024-11-27T04:10:36.913Z] Error writing to Modbus register: no connection to modbus server
[2024-11-27T04:10:36.929Z] Error reading or processing Modbus registers: no connection to modbus server
[2024-11-27T04:10:36.930Z] Error writing to Modbus register: no connection to modbus server
[2024-11-27T04:10:36.946Z] Error reading or processing Modbus registers: no connection to modbus server
[2024-11-27T04:10:36.946Z] Error writing to Modbus register: no connection to modbus server
[2024-11-27T04:10:36.963Z] Error reading or processing Modbus registers: no connection to modbus server
[2024-11-27T04:10:36.963Z] Error writing to Modbus register: no connection to modbus server
[2024-11-27T04:10:36.963Z] Error writing to Modbus register: no connection to modbus server
[2024-11-27T04:10:36.979Z] Error reading or processing Modbus registers: no connection to modbus server
[2024-11-27T04:10:36.979Z] Error writing to Modbus register: no connection to modbus server
[2024-11-27T04:10:36.995Z] Error reading or processing Modbus registers: no connection to modbus server
[2024-11-27T04:10:36.996Z] Error writing to Modbus register: no connection to modbus server
[2024-11-27T04:10:37.010Z] Error reading or processing Modbus registers: no connection to modbus server
[2024-11-27T04:10:37.011Z] Error writing to Modbus register: no connection to modbus server
[2024-11-27T04:10:37.032Z] Error reading or processing Modbus registers: no connection to modbus server
[2024-11-27T04:10:37.033Z] Error writing to Modbus register: no connection to modbus server
[2024-11-27T04:10:37.054Z] Error reading or processing Modbus registers: no connection to modbus server
[2024-11-27T04:10:37.055Z] Error writing to Modbus register: no connection to modbus server
[2024-11-27T04:10:37.076Z] Error reading or processing Modbus registers: no connection to modbus server
[2024-11-27T04:10:37.077Z] Error writing to Modbus register: no connection to modbus server
[2024-11-27T04:10:37.097Z] Error reading or processing Modbus registers: no connection to modbus server
[2024-11-27T04:10:37.098Z] Error writing to Modbus register: no connection to modbus server
[2024-11-27T04:10:37.117Z] Error reading or processing Modbus registers: no connection to modbus server
[2024-11-27T04:10:37.118Z] Error writing to Modbus register: no connection to modbus server
[2024-11-27T04:10:37.134Z] Error reading or processing Modbus registers: no connection to modbus server
[2024-11-27T04:10:37.135Z] Error writing to Modbus register: no connection to modbus server
[2024-11-27T04:10:37.149Z] Error reading or processing Modbus registers: no connection to modbus server
[2024-11-27T04:10:37.149Z] Error writing to Modbus register: no connection to modbus server
[2024-11-27T04:10:37.169Z] Error reading or processing Modbus registers: no connection to modbus server
[2024-11-27T04:10:37.169Z] Error writing to Modbus register: no connection to modbus server
[2024-11-27T04:10:37.186Z] Error reading or processing Modbus registers: no connection to modbus server
[2024-11-27T04:10:37.186Z] Error writing to Modbus register: no connection to modbus server
[2024-11-27T04:10:37.203Z] Error reading or processing Modbus registers: no connection to modbus server
[2024-11-27T04:10:37.204Z] Error writing to Modbus register: no connection to modbus server
[2024-11-27T04:10:37.227Z] Error reading or processing Modbus registers: no connection to modbus server
[2024-11-27T04:10:37.227Z] Error writing to Modbus register: no connection to modbus server
[2024-11-27T04:10:37.244Z] Error reading or processing Modbus registers: no connection to modbus server
[2024-11-27T04:10:37.244Z] Error writing to Modbus register: no connection to modbus server
[2024-11-27T04:10:37.263Z] Error reading or processing Modbus registers: no connection to modbus server
[2024-11-27T04:10:37.263Z] Error writing to Modbus register: no connection to modbus server
[2024-11-27T04:10:37.282Z] Error reading or processing Modbus registers: no connection to modbus server
[2024-11-27T04:10:37.298Z] Error reading or processing Modbus registers: no connection to modbus server
[2024-11-27T04:10:37.299Z] Error writing to Modbus register: no connection to modbus server
[2024-11-27T04:10:37.316Z] Error reading or processing Modbus registers: no connection to modbus server
[2024-11-27T04:10:37.316Z] Error writing to Modbus register: no connection to modbus server
[2024-11-27T04:10:37.334Z] Error reading or processing Modbus registers: no connection to modbus server
[2024-11-27T04:10:37.334Z] Error writing to Modbus register: no connection to modbus server
[2024-11-27T04:10:37.350Z] Error reading or processing Modbus registers: no connection to modbus server
[2024-11-27T04:10:37.350Z] Error writing to Modbus register: no connection to modbus server
[2024-11-27T04:10:37.368Z] Error reading or processing Modbus registers: no connection to modbus server
[2024-11-27T04:10:37.368Z] Error writing to Modbus register: no connection to modbus server
[2024-11-27T04:10:37.386Z] Error reading or processing Modbus registers: no connection to modbus server
[2024-11-27T04:10:37.386Z] Error writing to Modbus register: no connection to modbus server
[2024-11-27T04:10:37.409Z] Error reading or processing Modbus registers: no connection to modbus server
[2024-11-27T04:10:37.409Z] Error writing to Modbus register: no connection to modbus server
[2024-11-27T04:10:37.428Z] Error reading or processing Modbus registers: no connection to modbus server
[2024-11-27T04:10:37.429Z] Error writing to Modbus register: no connection to modbus server
[2024-11-27T04:10:37.429Z] Error writing to Modbus register: no connection to modbus server
[2024-11-27T04:10:37.446Z] Error reading or processing Modbus registers: no connection to modbus server
[2024-11-27T04:10:37.446Z] Error writing to Modbus register: no connection to modbus server
[2024-11-27T04:10:37.465Z] Error reading or processing Modbus registers: no connection to modbus server
[2024-11-27T04:10:37.465Z] Error writing to Modbus register: no connection to modbus server
[2024-11-27T04:10:37.482Z] Error reading or processing Modbus registers: no connection to modbus server
[2024-11-27T04:10:37.482Z] Error writing to Modbus register: no connection to modbus server
[2024-11-27T04:10:37.503Z] Error reading or processing Modbus registers: no connection to modbus server
[2024-11-27T04:10:37.503Z] Error writing to Modbus register: no connection to modbus server
[2024-11-27T04:10:37.520Z] Error reading or processing Modbus registers: no connection to modbus server
[2024-11-27T04:10:37.521Z] Error writing to Modbus register: no connection to modbus server
[2024-11-27T04:10:37.541Z] Error reading or processing Modbus registers: no connection to modbus server
[2024-11-27T04:10:37.541Z] Error writing to Modbus register: no connection to modbus server
[2024-11-27T04:10:37.561Z] Error reading or processing Modbus registers: no connection to modbus server
[2024-11-27T04:10:37.561Z] Error writing to Modbus register: no connection to modbus server
[2024-11-27T04:10:37.579Z] Error reading or processing Modbus registers: no connection to modbus server
[2024-11-27T04:10:37.579Z] Error writing to Modbus register: no connection to modbus server
[2024-11-27T04:10:37.597Z] Error reading or processing Modbus registers: no connection to modbus server
[2024-11-27T04:10:37.598Z] Error writing to Modbus register: no connection to modbus server
[2024-11-27T04:10:37.618Z] Error reading or processing Modbus registers: no connection to modbus server
[2024-11-27T04:10:37.618Z] Error writing to Modbus register: no connection to modbus server
[2024-11-27T04:10:37.637Z] Error reading or processing Modbus registers: no connection to modbus server
[2024-11-27T04:10:37.660Z] Error reading or processing Modbus registers: no connection to modbus server
[2024-11-27T04:10:37.660Z] Error writing to Modbus register: no connection to modbus server
[2024-11-27T04:10:37.676Z] Error reading or processing Modbus registers: no connection to modbus server
[2024-11-27T04:10:37.676Z] Error writing to Modbus register: no connection to modbus server
[2024-11-27T04:10:37.693Z] Error reading or processing Modbus registers: no connection to modbus server
[2024-11-27T04:10:37.693Z] Error writing to Modbus register: no connection to modbus server
[2024-11-27T04:10:37.718Z] Error reading or processing Modbus registers: no connection to modbus server
[2024-11-27T04:10:37.718Z] Error writing to Modbus register: no connection to modbus server
[2024-11-27T04:10:37.737Z] Error reading or processing Modbus registers: no connection to modbus server
[2024-11-27T04:10:37.737Z] Error writing to Modbus register: no connection to modbus server
[2024-11-27T04:10:37.754Z] Error reading or processing Modbus registers: no connection to modbus server
[2024-11-27T04:10:37.772Z] Error reading or processing Modbus registers: no connection to modbus server
[2024-11-27T04:10:37.754Z] Error writing to Modbus register: no connection to modbus server
[2024-11-27T04:10:37.773Z] Error writing to Modbus register: no connection to modbus server
[2024-11-27T04:10:37.773Z] Error writing to Modbus register: no connection to modbus server
[2024-11-27T04:10:37.790Z] Error reading or processing Modbus registers: no connection to modbus server
[2024-11-27T04:10:37.790Z] Error writing to Modbus register: no connection to modbus server
[2024-11-27T04:10:37.809Z] Error reading or processing Modbus registers: no connection to modbus server
[2024-11-27T04:10:37.810Z] Error writing to Modbus register: no connection to modbus server
[2024-11-27T04:10:37.831Z] Error reading or processing Modbus registers: no connection to modbus server
[2024-11-27T04:10:37.854Z] Error reading or processing Modbus registers: no connection to modbus server
[2024-11-27T04:10:37.854Z] Error writing to Modbus register: no connection to modbus server
[2024-11-27T04:10:37.876Z] Error reading or processing Modbus registers: no connection to modbus server
[2024-11-27T04:10:37.876Z] Error writing to Modbus register: no connection to modbus server
[2024-11-27T04:10:37.876Z] Error writing to Modbus register: no connection to modbus server
[2024-11-27T04:10:37.899Z] Error reading or processing Modbus registers: no connection to modbus server
[2024-11-27T04:10:37.899Z] Error writing to Modbus register: no connection to modbus server
[2024-11-27T04:10:37.920Z] Error reading or processing Modbus registers: no connection to modbus server
[2024-11-27T04:10:37.920Z] Error writing to Modbus register: no connection to modbus server
[2024-11-27T04:10:37.939Z] Error reading or processing Modbus registers: no connection to modbus server
[2024-11-27T04:10:37.966Z] Error writing to Modbus register: no connection to modbus server
[2024-11-27T04:10:37.978Z] Error reading or processing Modbus registers: no connection to modbus server
[2024-11-27T04:10:37.978Z] Error writing to Modbus register: no connection to modbus server
[2024-11-27T04:10:37.991Z] Error reading or processing Modbus registers: no connection to modbus server
[2024-11-27T04:10:37.991Z] Error writing to Modbus register: no connection to modbus server
[2024-11-27T04:10:38.006Z] Error reading or processing Modbus registers: no connection to modbus server
[2024-11-27T04:10:38.019Z] Error reading or processing Modbus registers: no connection to modbus server
[2024-11-27T04:10:38.034Z] Error reading or processing Modbus registers: no connection to modbus server
[2024-11-27T04:10:38.035Z] Error writing to Modbus register: no connection to modbus server
[2024-11-27T04:10:38.049Z] Error reading or processing Modbus registers: no connection to modbus server
[2024-11-27T04:10:38.049Z] Error writing to Modbus register: no connection to modbus server
[2024-11-27T04:10:38.065Z] Error reading or processing Modbus registers: no connection to modbus server
[2024-11-27T04:10:38.066Z] Error writing to Modbus register: no connection to modbus server
[2024-11-27T04:10:38.066Z] Error writing to Modbus register: no connection to modbus server
[2024-11-27T04:10:38.080Z] Error reading or processing Modbus registers: no connection to modbus server
[2024-11-27T04:10:38.098Z] Error reading or processing Modbus registers: no connection to modbus server
[2024-11-27T04:10:38.098Z] Error writing to Modbus register: no connection to modbus server
[2024-11-27T04:10:38.098Z] Error writing to Modbus register: no connection to modbus server
[2024-11-27T04:10:38.098Z] Error writing to Modbus register: no connection to modbus server
[2024-11-27T04:10:38.114Z] Error reading or processing Modbus registers: no connection to modbus server
[2024-11-27T04:10:38.114Z] Error writing to Modbus register: no connection to modbus server
[2024-11-27T04:10:38.136Z] Error reading or processing Modbus registers: no connection to modbus server
[2024-11-27T04:10:38.152Z] Error reading or processing Modbus registers: no connection to modbus server
[2024-11-27T04:10:38.136Z] Error writing to Modbus register: no connection to modbus server
[2024-11-27T04:10:38.169Z] Error reading or processing Modbus registers: no connection to modbus server
[2024-11-27T04:10:38.169Z] Error writing to Modbus register: no connection to modbus server
[2024-11-27T04:10:38.186Z] Error reading or processing Modbus registers: no connection to modbus server
[2024-11-27T04:10:38.187Z] Error writing to Modbus register: no connection to modbus server
[2024-11-27T04:10:38.187Z] Error writing to Modbus register: no connection to modbus server
[2024-11-27T04:10:38.201Z] Error reading or processing Modbus registers: no connection to modbus server
[2024-11-27T04:10:38.215Z] Error reading or processing Modbus registers: no connection to modbus server
[2024-11-27T04:10:38.216Z] Error writing to Modbus register: no connection to modbus server
[2024-11-27T04:10:38.231Z] Error reading or processing Modbus registers: no connection to modbus server
[2024-11-27T04:10:38.233Z] Error writing to Modbus register: no connection to modbus server
[2024-11-27T04:10:38.248Z] Error reading or processing Modbus registers: no connection to modbus server
[2024-11-27T04:10:38.248Z] Error writing to Modbus register: no connection to modbus server
[2024-11-27T04:10:38.263Z] Error reading or processing Modbus registers: no connection to modbus server
[2024-11-27T04:10:38.263Z] Error writing to Modbus register: no connection to modbus server
[2024-11-27T04:10:38.279Z] Error reading or processing Modbus registers: no connection to modbus server
[2024-11-27T04:10:38.279Z] Error writing to Modbus register: no connection to modbus server
[2024-11-27T04:10:38.295Z] Error reading or processing Modbus registers: no connection to modbus server
[2024-11-27T04:10:38.295Z] Error writing to Modbus register: no connection to modbus server
[2024-11-27T04:10:38.313Z] Error reading or processing Modbus registers: no connection to modbus server
[2024-11-27T04:10:38.314Z] Error writing to Modbus register: no connection to modbus server
[2024-11-27T04:10:38.314Z] Error writing to Modbus register: no connection to modbus server
[2024-11-27T04:10:38.331Z] Error reading or processing Modbus registers: no connection to modbus server
[2024-11-27T04:10:38.348Z] Error reading or processing Modbus registers: no connection to modbus server
[2024-11-27T04:10:38.348Z] Error writing to Modbus register: no connection to modbus server
[2024-11-27T04:10:38.349Z] Error writing to Modbus register: no connection to modbus server
[2024-11-27T04:10:38.365Z] Error reading or processing Modbus registers: no connection to modbus server
[2024-11-27T04:10:38.366Z] Error writing to Modbus register: no connection to modbus server
[2024-11-27T04:10:38.380Z] Error reading or processing Modbus registers: no connection to modbus server
[2024-11-27T04:10:38.392Z] Error reading or processing Modbus registers: no connection to modbus server
[2024-11-27T04:10:38.393Z] Error writing to Modbus register: no connection to modbus server
[2024-11-27T04:10:38.393Z] Error writing to Modbus register: no connection to modbus server
[2024-11-27T04:10:38.409Z] Error reading or processing Modbus registers: no connection to modbus server
[2024-11-27T04:10:38.410Z] Error writing to Modbus register: no connection to modbus server
[2024-11-27T04:10:38.425Z] Error reading or processing Modbus registers: no connection to modbus server
[2024-11-27T04:10:38.425Z] Error writing to Modbus register: no connection to modbus server
[2024-11-27T04:10:38.439Z] Error reading or processing Modbus registers: no connection to modbus server
[2024-11-27T04:10:38.439Z] Error writing to Modbus register: no connection to modbus server
[2024-11-27T04:10:38.454Z] Error reading or processing Modbus registers: no connection to modbus server
[2024-11-27T04:10:38.454Z] Error writing to Modbus register: no connection to modbus server
[2024-11-27T04:10:38.474Z] Error reading or processing Modbus registers: no connection to modbus server
[2024-11-27T04:10:38.490Z] Error reading or processing Modbus registers: no connection to modbus server
[2024-11-27T04:10:38.490Z] Error writing to Modbus register: no connection to modbus server
[2024-11-27T04:10:38.510Z] Error reading or processing Modbus registers: no connection to modbus server
[2024-11-27T04:10:38.510Z] Error writing to Modbus register: no connection to modbus server
[2024-11-27T04:10:38.525Z] Error reading or processing Modbus registers: no connection to modbus server
[2024-11-27T04:10:38.526Z] Error writing to Modbus register: no connection to modbus server
[2024-11-27T04:10:38.542Z] Error reading or processing Modbus registers: no connection to modbus server
[2024-11-27T04:10:38.543Z] Error writing to Modbus register: no connection to modbus server
[2024-11-27T04:10:38.557Z] Error reading or processing Modbus registers: no connection to modbus server
[2024-11-27T04:10:38.557Z] Error writing to Modbus register: no connection to modbus server
[2024-11-27T04:10:38.557Z] Error writing to Modbus register: no connection to modbus server
[2024-11-27T04:10:38.572Z] Error reading or processing Modbus registers: no connection to modbus server
[2024-11-27T04:10:38.587Z] Error reading or processing Modbus registers: no connection to modbus server
[2024-11-27T04:10:38.587Z] Error writing to Modbus register: no connection to modbus server
[2024-11-27T04:10:38.608Z] Error reading or processing Modbus registers: no connection to modbus server
[2024-11-27T04:10:38.608Z] Error writing to Modbus register: no connection to modbus server
[2024-11-27T04:10:38.609Z] Error writing to Modbus register: no connection to modbus server
[2024-11-27T04:10:38.625Z] Error reading or processing Modbus registers: no connection to modbus server
[2024-11-27T04:10:38.626Z] Error writing to Modbus register: no connection to modbus server
[2024-11-27T04:10:38.642Z] Error reading or processing Modbus registers: no connection to modbus server
[2024-11-27T04:10:38.642Z] Error writing to Modbus register: no connection to modbus server
[2024-11-27T04:10:38.662Z] Error reading or processing Modbus registers: no connection to modbus server
[2024-11-27T04:10:38.679Z] Error reading or processing Modbus registers: no connection to modbus server
[2024-11-27T04:10:38.679Z] Error writing to Modbus register: no connection to modbus server
[2024-11-27T04:10:38.680Z] Error writing to Modbus register: no connection to modbus server
[2024-11-27T04:10:38.696Z] Error reading or processing Modbus registers: no connection to modbus server
[2024-11-27T04:10:38.696Z] Error writing to Modbus register: no connection to modbus server
[2024-11-27T04:10:38.713Z] Error reading or processing Modbus registers: no connection to modbus server
[2024-11-27T04:10:38.713Z] Error writing to Modbus register: no connection to modbus server
[2024-11-27T04:10:38.732Z] Error reading or processing Modbus registers: no connection to modbus server
[2024-11-27T04:10:38.732Z] Error writing to Modbus register: no connection to modbus server
[2024-11-27T04:10:38.753Z] Error reading or processing Modbus registers: no connection to modbus server
[2024-11-27T04:10:38.773Z] Error reading or processing Modbus registers: no connection to modbus server
[2024-11-27T04:10:38.773Z] Error writing to Modbus register: no connection to modbus server
[2024-11-27T04:10:38.796Z] Error reading or processing Modbus registers: no connection to modbus server
[2024-11-27T04:10:38.796Z] Error writing to Modbus register: no connection to modbus server
[2024-11-27T04:10:38.796Z] Error writing to Modbus register: no connection to modbus server
[2024-11-27T04:10:38.815Z] Error reading or processing Modbus registers: no connection to modbus server
[2024-11-27T04:10:38.815Z] Error writing to Modbus register: no connection to modbus server
[2024-11-27T04:10:38.836Z] Error reading or processing Modbus registers: no connection to modbus server
[2024-11-27T04:10:38.861Z] Error reading or processing Modbus registers: no connection to modbus server
[2024-11-27T04:10:38.880Z] Error reading or processing Modbus registers: no connection to modbus server
[2024-11-27T04:10:38.861Z] Error writing to Modbus register: no connection to modbus server
[2024-11-27T04:10:38.881Z] Error writing to Modbus register: no connection to modbus server
[2024-11-27T04:10:38.899Z] Error reading or processing Modbus registers: no connection to modbus server
[2024-11-27T04:10:38.899Z] Error writing to Modbus register: no connection to modbus server
[2024-11-27T04:10:38.918Z] Error reading or processing Modbus registers: no connection to modbus server
[2024-11-27T04:10:38.918Z] Error writing to Modbus register: no connection to modbus server
[2024-11-27T04:10:38.937Z] Error reading or processing Modbus registers: no connection to modbus server
[2024-11-27T04:10:38.937Z] Error writing to Modbus register: no connection to modbus server
[2024-11-27T04:10:38.954Z] Error reading or processing Modbus registers: no connection to modbus server
[2024-11-27T04:10:38.954Z] Error writing to Modbus register: no connection to modbus server
[2024-11-27T04:10:38.972Z] Error reading or processing Modbus registers: no connection to modbus server
[2024-11-27T04:10:38.972Z] Error writing to Modbus register: no connection to modbus server
[2024-11-27T04:10:38.991Z] Error reading or processing Modbus registers: no connection to modbus server
[2024-11-27T04:10:38.991Z] Error writing to Modbus register: no connection to modbus server
[2024-11-27T04:10:39.011Z] Error reading or processing Modbus registers: no connection to modbus server
[2024-11-27T04:10:39.011Z] Error writing to Modbus register: no connection to modbus server
[2024-11-27T04:10:39.031Z] Error reading or processing Modbus registers: no connection to modbus server
[2024-11-27T04:10:39.031Z] Error writing to Modbus register: no connection to modbus server
[2024-11-27T04:10:39.048Z] Error reading or processing Modbus registers: no connection to modbus server
[2024-11-27T04:10:39.049Z] Error writing to Modbus register: no connection to modbus server
[2024-11-27T04:10:39.049Z] Error writing to Modbus register: no connection to modbus server
[2024-11-27T04:10:39.068Z] Error reading or processing Modbus registers: no connection to modbus server
[2024-11-27T04:10:39.068Z] Error writing to Modbus register: no connection to modbus server
[2024-11-27T04:10:39.087Z] Error reading or processing Modbus registers: no connection to modbus server
[2024-11-27T04:10:39.112Z] Error reading or processing Modbus registers: no connection to modbus server
[2024-11-27T04:10:39.113Z] Error writing to Modbus register: no connection to modbus server
[2024-11-27T04:10:39.133Z] Error reading or processing Modbus registers: no connection to modbus server
[2024-11-27T04:10:39.134Z] Error writing to Modbus register: no connection to modbus server
[2024-11-27T04:10:39.153Z] Error reading or processing Modbus registers: no connection to modbus server
[2024-11-27T04:10:39.154Z] Error writing to Modbus register: no connection to modbus server
[2024-11-27T04:10:39.174Z] Error reading or processing Modbus registers: no connection to modbus server
[2024-11-27T04:10:39.174Z] Error writing to Modbus register: no connection to modbus server
[2024-11-27T04:10:39.174Z] Error writing to Modbus register: no connection to modbus server
[2024-11-27T04:10:39.191Z] Error reading or processing Modbus registers: no connection to modbus server
[2024-11-27T04:10:39.276Z] Error writing to Modbus register: no connection to modbus server
[2024-11-27T04:10:39.286Z] Error reading or processing Modbus registers: no connection to modbus server
[2024-11-27T04:10:39.286Z] Error writing to Modbus register: no connection to modbus server
[2024-11-27T04:10:39.306Z] Error reading or processing Modbus registers: no connection to modbus server
[2024-11-27T04:10:39.306Z] Error writing to Modbus register: no connection to modbus server
[2024-11-27T04:10:39.325Z] Error reading or processing Modbus registers: no connection to modbus server
[2024-11-27T04:10:39.326Z] Error writing to Modbus register: no connection to modbus server
[2024-11-27T04:10:39.345Z] Error reading or processing Modbus registers: no connection to modbus server
[2024-11-27T04:10:39.362Z] Error reading or processing Modbus registers: no connection to modbus server
[2024-11-27T04:10:39.362Z] Error writing to Modbus register: no connection to modbus server
[2024-11-27T04:10:39.345Z] Error writing to Modbus register: no connection to modbus server
[2024-11-27T04:10:39.377Z] Error reading or processing Modbus registers: no connection to modbus server
[2024-11-27T04:10:39.377Z] Error writing to Modbus register: no connection to modbus server
[2024-11-27T04:10:39.394Z] Error reading or processing Modbus registers: no connection to modbus server
[2024-11-27T04:10:39.395Z] Error writing to Modbus register: no connection to modbus server
[2024-11-27T04:10:39.409Z] Error reading or processing Modbus registers: no connection to modbus server
[2024-11-27T04:10:39.409Z] Error writing to Modbus register: no connection to modbus server
[2024-11-27T04:10:39.425Z] Error reading or processing Modbus registers: no connection to modbus server
[2024-11-27T04:10:39.425Z] Error writing to Modbus register: no connection to modbus server
[2024-11-27T04:10:39.440Z] Error reading or processing Modbus registers: no connection to modbus server
[2024-11-27T04:10:39.441Z] Error writing to Modbus register: no connection to modbus server
[2024-11-27T04:10:39.457Z] Error reading or processing Modbus registers: no connection to modbus server
[2024-11-27T04:10:39.458Z] Error writing to Modbus register: no connection to modbus server
[2024-11-27T04:10:39.473Z] Error reading or processing Modbus registers: no connection to modbus server
[2024-11-27T04:10:39.474Z] Error writing to Modbus register: no connection to modbus server
[2024-11-27T04:10:39.497Z] Error reading or processing Modbus registers: no connection to modbus server
[2024-11-27T04:10:39.497Z] Error writing to Modbus register: no connection to modbus server
[2024-11-27T04:10:39.512Z] Error reading or processing Modbus registers: no connection to modbus server
[2024-11-27T04:10:39.513Z] Error writing to Modbus register: no connection to modbus server
[2024-11-27T04:10:39.530Z] Error reading or processing Modbus registers: no connection to modbus server
[2024-11-27T04:10:39.530Z] Error writing to Modbus register: no connection to modbus server
[2024-11-27T04:10:39.548Z] Error reading or processing Modbus registers: no connection to modbus server
[2024-11-27T04:10:39.570Z] Error reading or processing Modbus registers: no connection to modbus server
[2024-11-27T04:10:39.570Z] Error writing to Modbus register: no connection to modbus server
[2024-11-27T04:10:39.586Z] Error reading or processing Modbus registers: no connection to modbus server
[2024-11-27T04:10:39.587Z] Error writing to Modbus register: no connection to modbus server
[2024-11-27T04:10:39.603Z] Error reading or processing Modbus registers: no connection to modbus server
[2024-11-27T04:10:39.604Z] Error writing to Modbus register: no connection to modbus server
[2024-11-27T04:10:39.621Z] Error reading or processing Modbus registers: no connection to modbus server
[2024-11-27T04:10:39.621Z] Error writing to Modbus register: no connection to modbus server
[2024-11-27T04:10:39.638Z] Error reading or processing Modbus registers: no connection to modbus server
[2024-11-27T04:10:39.639Z] Error writing to Modbus register: no connection to modbus server
[2024-11-27T04:10:39.655Z] Error reading or processing Modbus registers: no connection to modbus server
[2024-11-27T04:10:39.655Z] Error writing to Modbus register: no connection to modbus server
[2024-11-27T04:10:39.671Z] Error reading or processing Modbus registers: no connection to modbus server
[2024-11-27T04:10:39.671Z] Error writing to Modbus register: no connection to modbus server
[2024-11-27T04:10:39.687Z] Error reading or processing Modbus registers: no connection to modbus server
[2024-11-27T04:10:39.689Z] Error writing to Modbus register: no connection to modbus server
[2024-11-27T04:10:39.690Z] Error writing to Modbus register: no connection to modbus server
[2024-11-27T04:10:39.709Z] Error reading or processing Modbus registers: no connection to modbus server
[2024-11-27T04:10:39.726Z] Error reading or processing Modbus registers: no connection to modbus server
[2024-11-27T04:10:39.726Z] Error writing to Modbus register: no connection to modbus server
[2024-11-27T04:10:39.745Z] Error reading or processing Modbus registers: no connection to modbus server
[2024-11-27T04:10:39.709Z] Error writing to Modbus register: no connection to modbus server
[2024-11-27T04:10:39.745Z] Error writing to Modbus register: no connection to modbus server
[2024-11-27T04:10:39.766Z] Error reading or processing Modbus registers: no connection to modbus server
[2024-11-27T04:10:39.766Z] Error writing to Modbus register: no connection to modbus server
[2024-11-27T04:10:39.785Z] Error reading or processing Modbus registers: no connection to modbus server
[2024-11-27T04:10:39.785Z] Error writing to Modbus register: no connection to modbus server
[2024-11-27T04:10:39.808Z] Error reading or processing Modbus registers: no connection to modbus server
[2024-11-27T04:10:39.808Z] Error writing to Modbus register: no connection to modbus server
[2024-11-27T04:10:39.831Z] Error reading or processing Modbus registers: no connection to modbus server
[2024-11-27T04:10:39.832Z] Error writing to Modbus register: no connection to modbus server
[2024-11-27T04:10:39.862Z] Error reading or processing Modbus registers: no connection to modbus server
[2024-11-27T04:10:39.862Z] Error writing to Modbus register: no connection to modbus server
[2024-11-27T04:10:39.883Z] Error reading or processing Modbus registers: no connection to modbus server
[2024-11-27T04:10:39.883Z] Error writing to Modbus register: no connection to modbus server
[2024-11-27T04:10:39.907Z] Error reading or processing Modbus registers: no connection to modbus server
[2024-11-27T04:10:39.907Z] Error writing to Modbus register: no connection to modbus server
[2024-11-27T04:10:39.924Z] Error reading or processing Modbus registers: no connection to modbus server
[2024-11-27T04:10:39.944Z] Error reading or processing Modbus registers: no connection to modbus server
[2024-11-27T04:10:39.945Z] Error writing to Modbus register: no connection to modbus server
[2024-11-27T04:10:39.968Z] Error reading or processing Modbus registers: no connection to modbus server
[2024-11-27T04:10:39.969Z] Error writing to Modbus register: no connection to modbus server
[2024-11-27T04:10:39.988Z] Error reading or processing Modbus registers: no connection to modbus server
[2024-11-27T04:10:39.988Z] Error writing to Modbus register: no connection to modbus server
[2024-11-27T04:10:40.008Z] Error reading or processing Modbus registers: no connection to modbus server
[2024-11-27T04:10:40.008Z] Error writing to Modbus register: no connection to modbus server
[2024-11-27T04:10:40.028Z] Error reading or processing Modbus registers: no connection to modbus server
[2024-11-27T04:10:40.029Z] Error writing to Modbus register: no connection to modbus server
[2024-11-27T04:10:40.047Z] Error reading or processing Modbus registers: no connection to modbus server
[2024-11-27T04:10:40.047Z] Error writing to Modbus register: no connection to modbus server
[2024-11-27T04:10:40.068Z] Error reading or processing Modbus registers: no connection to modbus server
[2024-11-27T04:10:40.068Z] Error writing to Modbus register: no connection to modbus server
[2024-11-27T04:10:40.068Z] Error writing to Modbus register: no connection to modbus server
[2024-11-27T04:10:40.087Z] Error reading or processing Modbus registers: no connection to modbus server
[2024-11-27T04:10:40.087Z] Error writing to Modbus register: no connection to modbus server
[2024-11-27T04:10:40.108Z] Error reading or processing Modbus registers: no connection to modbus server
[2024-11-27T04:10:40.108Z] Error writing to Modbus register: no connection to modbus server
[2024-11-27T04:10:40.127Z] Error reading or processing Modbus registers: no connection to modbus server
[2024-11-27T04:10:40.147Z] Error reading or processing Modbus registers: no connection to modbus server
[2024-11-27T04:10:40.148Z] Error writing to Modbus register: no connection to modbus server
[2024-11-27T04:10:40.168Z] Error reading or processing Modbus registers: no connection to modbus server
[2024-11-27T04:10:40.168Z] Error writing to Modbus register: no connection to modbus server
[2024-11-27T04:10:40.169Z] Error writing to Modbus register: no connection to modbus server
[2024-11-27T04:10:40.186Z] Error reading or processing Modbus registers: no connection to modbus server
[2024-11-27T04:10:40.187Z] Error writing to Modbus register: no connection to modbus server
[2024-11-27T04:10:40.206Z] Error reading or processing Modbus registers: no connection to modbus server
[2024-11-27T04:10:40.206Z] Error writing to Modbus register: no connection to modbus server
[2024-11-27T04:10:40.223Z] Error reading or processing Modbus registers: no connection to modbus server
[2024-11-27T04:10:40.223Z] Error writing to Modbus register: no connection to modbus server
[2024-11-27T04:10:40.241Z] Error reading or processing Modbus registers: no connection to modbus server
[2024-11-27T04:10:40.241Z] Error writing to Modbus register: no connection to modbus server
[2024-11-27T04:10:40.260Z] Error reading or processing Modbus registers: no connection to modbus server
[2024-11-27T04:10:40.260Z] Error writing to Modbus register: no connection to modbus server
[2024-11-27T04:10:40.282Z] Error reading or processing Modbus registers: no connection to modbus server
[2024-11-27T04:10:40.302Z] Error reading or processing Modbus registers: no connection to modbus server
[2024-11-27T04:10:40.322Z] Error reading or processing Modbus registers: no connection to modbus server
[2024-11-27T04:10:40.322Z] Error writing to Modbus register: no connection to modbus server
[2024-11-27T04:10:40.346Z] Error reading or processing Modbus registers: no connection to modbus server
[2024-11-27T04:10:40.346Z] Error writing to Modbus register: no connection to modbus server
[2024-11-27T04:10:40.366Z] Error reading or processing Modbus registers: no connection to modbus server
[2024-11-27T04:10:40.367Z] Error writing to Modbus register: no connection to modbus server
[2024-11-27T04:10:40.367Z] Error writing to Modbus register: no connection to modbus server
[2024-11-27T04:10:40.386Z] Error reading or processing Modbus registers: no connection to modbus server
[2024-11-27T04:10:40.407Z] Error reading or processing Modbus registers: no connection to modbus server
[2024-11-27T04:10:40.407Z] Error writing to Modbus register: no connection to modbus server
[2024-11-27T04:10:40.407Z] Error writing to Modbus register: no connection to modbus server
[2024-11-27T04:10:40.407Z] Error writing to Modbus register: no connection to modbus server
[2024-11-27T04:10:40.425Z] Error reading or processing Modbus registers: no connection to modbus server
[2024-11-27T04:10:40.425Z] Error writing to Modbus register: no connection to modbus server
[2024-11-27T04:10:40.445Z] Error reading or processing Modbus registers: no connection to modbus server
[2024-11-27T04:10:40.445Z] Error writing to Modbus register: no connection to modbus server
[2024-11-27T04:10:40.468Z] Error reading or processing Modbus registers: no connection to modbus server
[2024-11-27T04:10:40.489Z] Error reading or processing Modbus registers: no connection to modbus server
[2024-11-27T04:10:40.489Z] Error writing to Modbus register: no connection to modbus server
[2024-11-27T04:10:40.512Z] Error reading or processing Modbus registers: no connection to modbus server
[2024-11-27T04:10:40.512Z] Error writing to Modbus register: no connection to modbus server
[2024-11-27T04:10:40.513Z] Error writing to Modbus register: no connection to modbus server
[2024-11-27T04:10:40.534Z] Error reading or processing Modbus registers: no connection to modbus server
[2024-11-27T04:10:40.553Z] Error reading or processing Modbus registers: no connection to modbus server
[2024-11-27T04:10:40.554Z] Error writing to Modbus register: no connection to modbus server
[2024-11-27T04:10:40.573Z] Error reading or processing Modbus registers: no connection to modbus server
[2024-11-27T04:10:40.574Z] Error writing to Modbus register: no connection to modbus server
[2024-11-27T04:10:40.595Z] Error reading or processing Modbus registers: no connection to modbus server
[2024-11-27T04:10:40.596Z] Error writing to Modbus register: no connection to modbus server
[2024-11-27T04:10:40.615Z] Error reading or processing Modbus registers: no connection to modbus server
[2024-11-27T04:10:40.616Z] Error writing to Modbus register: no connection to modbus server
[2024-11-27T04:10:40.636Z] Error reading or processing Modbus registers: no connection to modbus server
[2024-11-27T04:10:40.661Z] Error writing to Modbus register: no connection to modbus server
[2024-11-27T04:10:40.673Z] Error reading or processing Modbus registers: no connection to modbus server
[2024-11-27T04:10:40.673Z] Error writing to Modbus register: no connection to modbus server
[2024-11-27T04:10:40.686Z] Error reading or processing Modbus registers: no connection to modbus server
[2024-11-27T04:10:40.686Z] Error writing to Modbus register: no connection to modbus server
[2024-11-27T04:10:40.687Z] Error writing to Modbus register: no connection to modbus server
[2024-11-27T04:10:40.700Z] Error reading or processing Modbus registers: no connection to modbus server
[2024-11-27T04:10:40.714Z] Error reading or processing Modbus registers: no connection to modbus server
[2024-11-27T04:10:40.715Z] Error writing to Modbus register: no connection to modbus server
[2024-11-27T04:10:40.715Z] Error writing to Modbus register: no connection to modbus server
[2024-11-27T04:10:40.733Z] Error reading or processing Modbus registers: no connection to modbus server
[2024-11-27T04:10:40.733Z] Error writing to Modbus register: no connection to modbus server
[2024-11-27T04:10:40.750Z] Error reading or processing Modbus registers: no connection to modbus server
[2024-11-27T04:10:40.768Z] Error reading or processing Modbus registers: no connection to modbus server
[2024-11-27T04:10:40.768Z] Error writing to Modbus register: no connection to modbus server
[2024-11-27T04:10:40.769Z] Error writing to Modbus register: no connection to modbus server
[2024-11-27T04:10:40.784Z] Error reading or processing Modbus registers: no connection to modbus server
[2024-11-27T04:10:40.784Z] Error writing to Modbus register: no connection to modbus server
[2024-11-27T04:10:40.800Z] Error reading or processing Modbus registers: no connection to modbus server
[2024-11-27T04:10:40.800Z] Error writing to Modbus register: no connection to modbus server
[2024-11-27T04:10:40.816Z] Error reading or processing Modbus registers: no connection to modbus server
[2024-11-27T04:10:40.816Z] Error writing to Modbus register: no connection to modbus server
[2024-11-27T04:10:40.838Z] Error reading or processing Modbus registers: no connection to modbus server
[2024-11-27T04:10:40.838Z] Error writing to Modbus register: no connection to modbus server
[2024-11-27T04:10:40.856Z] Error reading or processing Modbus registers: no connection to modbus server
[2024-11-27T04:10:40.873Z] Error reading or processing Modbus registers: no connection to modbus server
[2024-11-27T04:10:40.874Z] Error writing to Modbus register: no connection to modbus server
[2024-11-27T04:10:40.888Z] Error reading or processing Modbus registers: no connection to modbus server
[2024-11-27T04:10:40.888Z] Error writing to Modbus register: no connection to modbus server
[2024-11-27T04:10:40.904Z] Error reading or processing Modbus registers: no connection to modbus server
[2024-11-27T04:10:40.904Z] Error writing to Modbus register: no connection to modbus server
[2024-11-27T04:10:40.920Z] Error reading or processing Modbus registers: no connection to modbus server
[2024-11-27T04:10:40.921Z] Error writing to Modbus register: no connection to modbus server
[2024-11-27T04:10:40.943Z] Error reading or processing Modbus registers: no connection to modbus server
[2024-11-27T04:10:40.943Z] Error writing to Modbus register: no connection to modbus server
[2024-11-27T04:10:40.962Z] Error reading or processing Modbus registers: no connection to modbus server
[2024-11-27T04:10:40.981Z] Error reading or processing Modbus registers: no connection to modbus server
[2024-11-27T04:10:40.999Z] Error reading or processing Modbus registers: no connection to modbus server
[2024-11-27T04:10:40.944Z] Error writing to Modbus register: no connection to modbus server
[2024-11-27T04:10:40.999Z] Error writing to Modbus register: no connection to modbus server
[2024-11-27T04:10:40.981Z] Error writing to Modbus register: no connection to modbus server
[2024-11-27T04:10:41.000Z] Error writing to Modbus register: no connection to modbus server
[2024-11-27T04:10:41.015Z] Error reading or processing Modbus registers: no connection to modbus server
[2024-11-27T04:10:41.015Z] Error writing to Modbus register: no connection to modbus server
[2024-11-27T04:10:41.037Z] Error reading or processing Modbus registers: no connection to modbus server
[2024-11-27T04:10:41.037Z] Error writing to Modbus register: no connection to modbus server
[2024-11-27T04:10:41.056Z] Error reading or processing Modbus registers: no connection to modbus server
[2024-11-27T04:10:41.073Z] Error reading or processing Modbus registers: no connection to modbus server
[2024-11-27T04:10:41.073Z] Error writing to Modbus register: no connection to modbus server
[2024-11-27T04:10:41.073Z] Error writing to Modbus register: no connection to modbus server
[2024-11-27T04:10:41.089Z] Error reading or processing Modbus registers: no connection to modbus server
[2024-11-27T04:10:41.090Z] Error writing to Modbus register: no connection to modbus server
[2024-11-27T04:10:41.112Z] Error reading or processing Modbus registers: no connection to modbus server
[2024-11-27T04:10:41.112Z] Error writing to Modbus register: no connection to modbus server
[2024-11-27T04:10:41.129Z] Error reading or processing Modbus registers: no connection to modbus server
[2024-11-27T04:10:41.130Z] Error writing to Modbus register: no connection to modbus server
[2024-11-27T04:10:41.147Z] Error reading or processing Modbus registers: no connection to modbus server
[2024-11-27T04:10:41.168Z] Error reading or processing Modbus registers: no connection to modbus server
[2024-11-27T04:10:41.169Z] Error writing to Modbus register: no connection to modbus server
[2024-11-27T04:10:41.187Z] Error reading or processing Modbus registers: no connection to modbus server
[2024-11-27T04:10:41.188Z] Error writing to Modbus register: no connection to modbus server
[2024-11-27T04:10:41.188Z] Error writing to Modbus register: no connection to modbus server
[2024-11-27T04:10:41.204Z] Error reading or processing Modbus registers: no connection to modbus server
[2024-11-27T04:10:41.205Z] Error writing to Modbus register: no connection to modbus server
[2024-11-27T04:10:41.222Z] Error reading or processing Modbus registers: no connection to modbus server
[2024-11-27T04:10:41.238Z] Error reading or processing Modbus registers: no connection to modbus server
[2024-11-27T04:10:41.239Z] Error writing to Modbus register: no connection to modbus server
[2024-11-27T04:10:41.255Z] Error reading or processing Modbus registers: no connection to modbus server
[2024-11-27T04:10:41.256Z] Error writing to Modbus register: no connection to modbus server
[2024-11-27T04:10:41.275Z] Error reading or processing Modbus registers: no connection to modbus server
[2024-11-27T04:10:41.275Z] Error writing to Modbus register: no connection to modbus server
[2024-11-27T04:10:41.294Z] Error reading or processing Modbus registers: no connection to modbus server
[2024-11-27T04:10:41.295Z] Error writing to Modbus register: no connection to modbus server
[2024-11-27T04:10:41.313Z] Error reading or processing Modbus registers: no connection to modbus server
[2024-11-27T04:10:41.314Z] Error writing to Modbus register: no connection to modbus server
[2024-11-27T04:10:41.331Z] Error reading or processing Modbus registers: no connection to modbus server
[2024-11-27T04:10:41.332Z] Error writing to Modbus register: no connection to modbus server
[2024-11-27T04:10:41.350Z] Error reading or processing Modbus registers: no connection to modbus server
[2024-11-27T04:10:41.350Z] Error writing to Modbus register: no connection to modbus server
[2024-11-27T04:10:41.367Z] Error reading or processing Modbus registers: no connection to modbus server
[2024-11-27T04:10:41.367Z] Error writing to Modbus register: no connection to modbus server
[2024-11-27T04:10:41.382Z] Error reading or processing Modbus registers: no connection to modbus server
[2024-11-27T04:10:41.382Z] Error writing to Modbus register: no connection to modbus server
[2024-11-27T04:10:41.400Z] Error reading or processing Modbus registers: no connection to modbus server
[2024-11-27T04:10:41.400Z] Error writing to Modbus register: no connection to modbus server
[2024-11-27T04:10:41.422Z] Error reading or processing Modbus registers: no connection to modbus server
[2024-11-27T04:10:41.422Z] Error writing to Modbus register: no connection to modbus server
[2024-11-27T04:10:41.422Z] Error writing to Modbus register: no connection to modbus server
[2024-11-27T04:10:41.442Z] Error reading or processing Modbus registers: no connection to modbus server
[2024-11-27T04:10:41.442Z] Error writing to Modbus register: no connection to modbus server
[2024-11-27T04:10:41.465Z] Error reading or processing Modbus registers: no connection to modbus server
[2024-11-27T04:10:41.487Z] Error reading or processing Modbus registers: no connection to modbus server
[2024-11-27T04:10:41.487Z] Error writing to Modbus register: no connection to modbus server
[2024-11-27T04:10:41.508Z] Error reading or processing Modbus registers: no connection to modbus server
[2024-11-27T04:10:41.508Z] Error writing to Modbus register: no connection to modbus server
[2024-11-27T04:10:41.527Z] Error reading or processing Modbus registers: no connection to modbus server
[2024-11-27T04:10:41.527Z] Error writing to Modbus register: no connection to modbus server
[2024-11-27T04:10:41.547Z] Error reading or processing Modbus registers: no connection to modbus server
[2024-11-27T04:10:41.548Z] Error writing to Modbus register: no connection to modbus server
[2024-11-27T04:10:41.548Z] Error writing to Modbus register: no connection to modbus server
[2024-11-27T04:10:41.567Z] Error reading or processing Modbus registers: no connection to modbus server
[2024-11-27T04:10:41.585Z] Error reading or processing Modbus registers: no connection to modbus server
[2024-11-27T04:10:41.589Z] Error writing to Modbus register: no connection to modbus server
[2024-11-27T04:10:41.612Z] Error reading or processing Modbus registers: no connection to modbus server
[2024-11-27T04:10:41.612Z] Error writing to Modbus register: no connection to modbus server
[2024-11-27T04:10:41.633Z] Error reading or processing Modbus registers: no connection to modbus server
[2024-11-27T04:10:41.633Z] Error writing to Modbus register: no connection to modbus server
[2024-11-27T04:10:41.653Z] Error reading or processing Modbus registers: no connection to modbus server
[2024-11-27T04:10:41.653Z] Error writing to Modbus register: no connection to modbus server
[2024-11-27T04:10:41.675Z] Error reading or processing Modbus registers: no connection to modbus server
[2024-11-27T04:10:41.675Z] Error writing to Modbus register: no connection to modbus server
[2024-11-27T04:10:41.695Z] Error reading or processing Modbus registers: no connection to modbus server
[2024-11-27T04:10:41.696Z] Error writing to Modbus register: no connection to modbus server
[2024-11-27T04:10:41.696Z] Error writing to Modbus register: no connection to modbus server
[2024-11-27T04:10:41.715Z] Error reading or processing Modbus registers: no connection to modbus server
[2024-11-27T04:10:41.715Z] Error writing to Modbus register: no connection to modbus server
[2024-11-27T04:10:41.740Z] Error reading or processing Modbus registers: no connection to modbus server
[2024-11-27T04:10:41.741Z] Error writing to Modbus register: no connection to modbus server
[2024-11-27T04:10:41.770Z] Error reading or processing Modbus registers: no connection to modbus server
[2024-11-27T04:10:41.796Z] Error reading or processing Modbus registers: no connection to modbus server
[2024-11-27T04:10:41.771Z] Error writing to Modbus register: no connection to modbus server
[2024-11-27T04:10:41.796Z] Error writing to Modbus register: no connection to modbus server
[2024-11-27T04:10:41.817Z] Error reading or processing Modbus registers: no connection to modbus server
[2024-11-27T04:10:41.817Z] Error writing to Modbus register: no connection to modbus server
[2024-11-27T04:10:41.839Z] Error reading or processing Modbus registers: no connection to modbus server
[2024-11-27T04:10:41.840Z] Error writing to Modbus register: no connection to modbus server
[2024-11-27T04:10:41.865Z] Error reading or processing Modbus registers: no connection to modbus server
[2024-11-27T04:10:41.865Z] Error writing to Modbus register: no connection to modbus server
[2024-11-27T04:10:41.891Z] Error reading or processing Modbus registers: no connection to modbus server
[2024-11-27T04:10:41.891Z] Error writing to Modbus register: no connection to modbus server
[2024-11-27T04:10:41.911Z] Error reading or processing Modbus registers: no connection to modbus server
[2024-11-27T04:10:41.911Z] Error writing to Modbus register: no connection to modbus server
[2024-11-27T04:10:41.934Z] Error reading or processing Modbus registers: no connection to modbus server
[2024-11-27T04:10:41.935Z] Error writing to Modbus register: no connection to modbus server
[2024-11-27T04:10:41.953Z] Error reading or processing Modbus registers: no connection to modbus server
[2024-11-27T04:10:41.953Z] Error writing to Modbus register: no connection to modbus server
[2024-11-27T04:10:41.975Z] Error reading or processing Modbus registers: no connection to modbus server
[2024-11-27T04:10:41.975Z] Error writing to Modbus register: no connection to modbus server
[2024-11-27T04:10:42.001Z] Error reading or processing Modbus registers: no connection to modbus server
[2024-11-27T04:10:42.001Z] Error writing to Modbus register: no connection to modbus server
[2024-11-27T04:10:42.021Z] Error reading or processing Modbus registers: no connection to modbus server
[2024-11-27T04:10:42.021Z] Error writing to Modbus register: no connection to modbus server
[2024-11-27T04:10:42.044Z] Error reading or processing Modbus registers: no connection to modbus server
[2024-11-27T04:10:42.045Z] Error writing to Modbus register: no connection to modbus server
[2024-11-27T04:10:42.066Z] Error reading or processing Modbus registers: no connection to modbus server
[2024-11-27T04:10:42.085Z] Error reading or processing Modbus registers: no connection to modbus server
[2024-11-27T04:10:42.086Z] Error writing to Modbus register: no connection to modbus server
[2024-11-27T04:10:42.105Z] Error reading or processing Modbus registers: no connection to modbus server
[2024-11-27T04:10:42.106Z] Error writing to Modbus register: no connection to modbus server
[2024-11-27T04:10:42.130Z] Error reading or processing Modbus registers: no connection to modbus server
[2024-11-27T04:10:42.130Z] Error writing to Modbus register: no connection to modbus server
[2024-11-27T04:10:42.151Z] Error reading or processing Modbus registers: no connection to modbus server
[2024-11-27T04:10:42.151Z] Error writing to Modbus register: no connection to modbus server
[2024-11-27T04:10:42.172Z] Error reading or processing Modbus registers: no connection to modbus server
[2024-11-27T04:10:42.173Z] Error writing to Modbus register: no connection to modbus server
[2024-11-27T04:10:42.194Z] Error reading or processing Modbus registers: no connection to modbus server
[2024-11-27T04:10:42.195Z] Error writing to Modbus register: no connection to modbus server
[2024-11-27T04:10:42.215Z] Error reading or processing Modbus registers: no connection to modbus server
[2024-11-27T04:13:48.467Z] Error reading or processing Modbus registers: Req timed out
[2024-11-27T04:13:56.998Z] Device at 10.30.4.128 is not reachable. Skipping connection attempt.
[2024-11-27T04:14:02.389Z] Unable to connect to device at 10.30.4.128: read ECONNRESET
[2024-11-27T04:14:02.392Z] Error reading register 6507 for IP 10.30.4.128: connection to modbus server closed
[2024-11-27T04:14:02.392Z] Error writing to Modbus register: rejecting because of earlier OutOfSync error
[2024-11-27T04:14:02.392Z] Error reading register 6507 for IP 10.30.4.128: rejecting because of earlier OutOfSync error
[2024-11-27T04:14:02.392Z] Error reading register 6507 for IP 10.30.4.128: rejecting because of earlier OutOfSync error
[2024-11-27T04:14:02.392Z] Error writing to Modbus register: rejecting because of earlier OutOfSync error
[2024-11-27T04:14:02.392Z] Error writing to Modbus register: rejecting because of earlier OutOfSync error
[2024-11-27T04:14:02.392Z] Error reading register 6507 for IP 10.30.4.128: rejecting because of earlier OutOfSync error
[2024-11-27T04:14:02.392Z] Error writing to Modbus register: rejecting because of earlier OutOfSync error
[2024-11-27T04:14:02.392Z] Error writing to Modbus register: rejecting because of earlier OutOfSync error
[2024-11-27T04:14:02.392Z] Error reading register 6507 for IP 10.30.4.128: rejecting because of earlier OutOfSync error
[2024-11-27T04:14:02.392Z] Error reading register 6507 for IP 10.30.4.128: rejecting because of earlier OutOfSync error
[2024-11-27T04:14:02.392Z] Error writing to Modbus register: rejecting because of earlier OutOfSync error
[2024-11-27T04:14:02.392Z] Error reading register 6507 for IP 10.30.4.128: rejecting because of earlier OutOfSync error
[2024-11-27T04:14:02.392Z] Error writing to Modbus register: rejecting because of earlier OutOfSync error
[2024-11-27T04:14:02.392Z] Error reading register 6507 for IP 10.30.4.128: rejecting because of earlier OutOfSync error
[2024-11-27T04:14:02.393Z] Error writing to Modbus register: rejecting because of earlier OutOfSync error
[2024-11-27T04:14:02.393Z] Error reading register 6507 for IP 10.30.4.128: rejecting because of earlier OutOfSync error
[2024-11-27T04:14:02.393Z] Error writing to Modbus register: rejecting because of earlier OutOfSync error
[2024-11-27T04:14:02.393Z] Error reading register 6507 for IP 10.30.4.128: rejecting because of earlier OutOfSync error
[2024-11-27T04:14:02.393Z] Error writing to Modbus register: rejecting because of earlier OutOfSync error
[2024-11-27T04:14:02.393Z] Error reading register 6507 for IP 10.30.4.128: rejecting because of earlier OutOfSync error
[2024-11-27T04:14:02.393Z] Error writing to Modbus register: rejecting because of earlier OutOfSync error
[2024-11-27T04:14:02.393Z] Error reading register 6507 for IP 10.30.4.128: rejecting because of earlier OutOfSync error
[2024-11-27T04:14:02.393Z] Error writing to Modbus register: rejecting because of earlier OutOfSync error
[2024-11-27T04:14:02.393Z] Error reading register 6507 for IP 10.30.4.128: rejecting because of earlier OutOfSync error
[2024-11-27T04:14:02.393Z] Error writing to Modbus register: rejecting because of earlier OutOfSync error
[2024-11-27T04:14:02.393Z] Error reading register 6507 for IP 10.30.4.128: rejecting because of earlier OutOfSync error
[2024-11-27T04:14:02.393Z] Error writing to Modbus register: rejecting because of earlier OutOfSync error
[2024-11-27T04:14:02.393Z] Error reading register 6507 for IP 10.30.4.128: rejecting because of earlier OutOfSync error
[2024-11-27T04:14:02.393Z] Error writing to Modbus register: rejecting because of earlier OutOfSync error
[2024-11-27T04:14:02.393Z] Error reading register 6507 for IP 10.30.4.128: rejecting because of earlier OutOfSync error
[2024-11-27T04:14:02.393Z] Error writing to Modbus register: rejecting because of earlier OutOfSync error
[2024-11-27T04:14:02.393Z] Error reading register 6507 for IP 10.30.4.128: rejecting because of earlier OutOfSync error
[2024-11-27T04:14:02.393Z] Error writing to Modbus register: rejecting because of earlier OutOfSync error
[2024-11-27T04:14:02.394Z] Error reading register 6507 for IP 10.30.4.128: rejecting because of earlier OutOfSync error
[2024-11-27T04:14:02.394Z] Error writing to Modbus register: rejecting because of earlier OutOfSync error
[2024-11-27T04:14:02.394Z] Error reading register 6507 for IP 10.30.4.128: rejecting because of earlier OutOfSync error
[2024-11-27T04:14:02.394Z] Error reading or processing Modbus registers: rejecting because of earlier OutOfSync error
[2024-11-27T04:14:02.394Z] Error reading or processing Modbus registers: rejecting because of earlier OutOfSync error
[2024-11-27T04:14:02.394Z] Error writing to Modbus register: rejecting because of earlier OutOfSync error
[2024-11-27T04:14:02.394Z] Error reading or processing Modbus registers: rejecting because of earlier OutOfSync error
[2024-11-27T04:14:02.394Z] Error reading or processing Modbus registers: rejecting because of earlier OutOfSync error
[2024-11-27T04:14:02.394Z] Error reading or processing Modbus registers: rejecting because of earlier OutOfSync error
[2024-11-27T04:14:02.394Z] Error reading or processing Modbus registers: rejecting because of earlier OutOfSync error
[2024-11-27T04:14:02.394Z] Error reading or processing Modbus registers: rejecting because of earlier OutOfSync error
[2024-11-27T04:14:02.394Z] Error reading or processing Modbus registers: rejecting because of earlier OutOfSync error
[2024-11-27T04:14:02.394Z] Error reading or processing Modbus registers: rejecting because of earlier OutOfSync error
[2024-11-27T04:14:02.394Z] Error reading or processing Modbus registers: rejecting because of earlier OutOfSync error
[2024-11-27T04:14:02.394Z] Error reading or processing Modbus registers: rejecting because of earlier OutOfSync error
[2024-11-27T04:14:02.394Z] Error reading or processing Modbus registers: rejecting because of earlier OutOfSync error
[2024-11-27T04:14:02.394Z] Error reading or processing Modbus registers: rejecting because of earlier OutOfSync error
[2024-11-27T04:14:02.394Z] Error reading or processing Modbus registers: rejecting because of earlier OutOfSync error
[2024-11-27T04:14:02.394Z] Error reading or processing Modbus registers: rejecting because of earlier OutOfSync error
[2024-11-27T04:14:02.395Z] Error reading or processing Modbus registers: rejecting because of earlier OutOfSync error
[2024-11-27T04:14:02.395Z] Error reading or processing Modbus registers: rejecting because of earlier OutOfSync error
[2024-11-27T04:14:02.395Z] Error reading or processing Modbus registers: rejecting because of earlier OutOfSync error
[2024-11-27T04:14:02.541Z] Error reading or processing Modbus registers: no connection to modbus server
[2024-11-27T04:14:02.541Z] Error writing to Modbus register: no connection to modbus server
[2024-11-27T04:14:03.543Z] Error reading or processing Modbus registers: no connection to modbus server
[2024-11-27T04:14:03.543Z] Error writing to Modbus register: no connection to modbus server
[2024-11-27T04:14:04.547Z] Error reading or processing Modbus registers: no connection to modbus server
[2024-11-27T04:14:04.549Z] Error writing to Modbus register: no connection to modbus server
[2024-11-27T04:14:05.563Z] Error reading or processing Modbus registers: no connection to modbus server
[2024-11-27T04:14:05.564Z] Error writing to Modbus register: no connection to modbus server
[2024-11-27T04:14:06.563Z] Error reading or processing Modbus registers: no connection to modbus server
[2024-11-27T04:14:06.564Z] Error writing to Modbus register: no connection to modbus server
[2024-11-27T04:14:07.564Z] Error reading or processing Modbus registers: no connection to modbus server
[2024-11-27T04:14:07.568Z] Error writing to Modbus register: no connection to modbus server
[2024-11-27T04:14:08.568Z] Error reading or processing Modbus registers: no connection to modbus server
[2024-11-27T04:14:08.570Z] Error writing to Modbus register: no connection to modbus server
[2024-11-27T04:14:09.571Z] Error reading or processing Modbus registers: no connection to modbus server
[2024-11-27T04:14:09.573Z] Error writing to Modbus register: no connection to modbus server
[2024-11-27T04:14:10.574Z] Error reading or processing Modbus registers: no connection to modbus server
[2024-11-27T04:14:10.578Z] Error writing to Modbus register: no connection to modbus server
[2024-11-27T04:17:39.480Z] Unable to connect to device at 10.30.4.128: read ECONNRESET
[2024-11-27T04:17:39.482Z] Error reading register 6507 for IP 10.30.4.128: rejecting because of earlier OutOfSync error
[2024-11-27T04:17:39.482Z] Error writing to Modbus register: rejecting because of earlier OutOfSync error
[2024-11-27T04:17:39.482Z] Error reading register 6507 for IP 10.30.4.128: rejecting because of earlier OutOfSync error
[2024-11-27T04:17:39.482Z] Error writing to Modbus register: rejecting because of earlier OutOfSync error
[2024-11-27T04:17:39.482Z] Error reading register 6507 for IP 10.30.4.128: rejecting because of earlier OutOfSync error
[2024-11-27T04:17:39.483Z] Error writing to Modbus register: rejecting because of earlier OutOfSync error
[2024-11-27T04:17:39.483Z] Error reading register 6507 for IP 10.30.4.128: rejecting because of earlier OutOfSync error
[2024-11-27T04:17:39.483Z] Error writing to Modbus register: rejecting because of earlier OutOfSync error
[2024-11-27T04:17:39.483Z] Error reading register 6507 for IP 10.30.4.128: rejecting because of earlier OutOfSync error
[2024-11-27T04:17:39.483Z] Error writing to Modbus register: rejecting because of earlier OutOfSync error
[2024-11-27T04:17:39.483Z] Error reading register 6507 for IP 10.30.4.128: rejecting because of earlier OutOfSync error
[2024-11-27T04:17:39.483Z] Error writing to Modbus register: rejecting because of earlier OutOfSync error
[2024-11-27T04:17:39.483Z] Error reading register 6507 for IP 10.30.4.128: rejecting because of earlier OutOfSync error
[2024-11-27T04:17:39.483Z] Error writing to Modbus register: rejecting because of earlier OutOfSync error
[2024-11-27T04:17:39.483Z] Error reading register 6507 for IP 10.30.4.128: rejecting because of earlier OutOfSync error
[2024-11-27T04:17:39.483Z] Error writing to Modbus register: rejecting because of earlier OutOfSync error
[2024-11-27T04:17:39.483Z] Error reading register 6507 for IP 10.30.4.128: rejecting because of earlier OutOfSync error
[2024-11-27T04:17:39.483Z] Error writing to Modbus register: rejecting because of earlier OutOfSync error
[2024-11-27T04:17:39.483Z] Error reading register 6507 for IP 10.30.4.128: rejecting because of earlier OutOfSync error
[2024-11-27T04:17:39.483Z] Error writing to Modbus register: rejecting because of earlier OutOfSync error
[2024-11-27T04:17:39.483Z] Error reading register 6507 for IP 10.30.4.128: rejecting because of earlier OutOfSync error
[2024-11-27T04:17:39.483Z] Error writing to Modbus register: rejecting because of earlier OutOfSync error
[2024-11-27T04:17:39.484Z] Error reading register 6507 for IP 10.30.4.128: rejecting because of earlier OutOfSync error
[2024-11-27T04:17:39.484Z] Error writing to Modbus register: rejecting because of earlier OutOfSync error
[2024-11-27T04:17:39.484Z] Error reading register 6507 for IP 10.30.4.128: rejecting because of earlier OutOfSync error
[2024-11-27T04:17:39.484Z] Error writing to Modbus register: rejecting because of earlier OutOfSync error
[2024-11-27T04:17:39.484Z] Error reading register 6507 for IP 10.30.4.128: rejecting because of earlier OutOfSync error
[2024-11-27T04:17:39.484Z] Error writing to Modbus register: rejecting because of earlier OutOfSync error
[2024-11-27T04:17:39.484Z] Error reading register 6507 for IP 10.30.4.128: rejecting because of earlier OutOfSync error
[2024-11-27T04:17:39.484Z] Error writing to Modbus register: rejecting because of earlier OutOfSync error
[2024-11-27T04:17:39.484Z] Error reading register 6507 for IP 10.30.4.128: rejecting because of earlier OutOfSync error
[2024-11-27T04:17:39.484Z] Error writing to Modbus register: rejecting because of earlier OutOfSync error
[2024-11-27T04:17:39.484Z] Error reading register 6507 for IP 10.30.4.128: rejecting because of earlier OutOfSync error
[2024-11-27T04:17:39.484Z] Error writing to Modbus register: rejecting because of earlier OutOfSync error
[2024-11-27T04:17:39.484Z] Error reading register 6507 for IP 10.30.4.128: rejecting because of earlier OutOfSync error
[2024-11-27T04:17:39.484Z] Error writing to Modbus register: rejecting because of earlier OutOfSync error
[2024-11-27T04:17:39.484Z] Error reading or processing Modbus registers: rejecting because of earlier OutOfSync error
[2024-11-27T04:17:39.484Z] Error reading or processing Modbus registers: rejecting because of earlier OutOfSync error
[2024-11-27T04:17:39.484Z] Error reading or processing Modbus registers: rejecting because of earlier OutOfSync error
[2024-11-27T04:17:39.484Z] Error reading or processing Modbus registers: rejecting because of earlier OutOfSync error
[2024-11-27T04:17:39.484Z] Error reading or processing Modbus registers: rejecting because of earlier OutOfSync error
[2024-11-27T04:17:39.484Z] Error reading or processing Modbus registers: rejecting because of earlier OutOfSync error
[2024-11-27T04:17:39.484Z] Error reading or processing Modbus registers: rejecting because of earlier OutOfSync error
[2024-11-27T04:17:39.484Z] Error reading or processing Modbus registers: rejecting because of earlier OutOfSync error
[2024-11-27T04:17:39.484Z] Error reading or processing Modbus registers: rejecting because of earlier OutOfSync error
[2024-11-27T04:17:39.485Z] Error reading or processing Modbus registers: rejecting because of earlier OutOfSync error
[2024-11-27T04:17:39.485Z] Error reading or processing Modbus registers: rejecting because of earlier OutOfSync error
[2024-11-27T04:17:39.485Z] Error reading or processing Modbus registers: rejecting because of earlier OutOfSync error
[2024-11-27T04:17:39.485Z] Error reading or processing Modbus registers: rejecting because of earlier OutOfSync error
[2024-11-27T04:17:39.485Z] Error reading or processing Modbus registers: rejecting because of earlier OutOfSync error
[2024-11-27T04:17:39.485Z] Error reading or processing Modbus registers: rejecting because of earlier OutOfSync error
[2024-11-27T04:17:39.485Z] Error reading or processing Modbus registers: rejecting because of earlier OutOfSync error
[2024-11-27T04:17:39.485Z] Error reading or processing Modbus registers: rejecting because of earlier OutOfSync error
[2024-11-27T04:17:39.485Z] Error reading or processing Modbus registers: rejecting because of earlier OutOfSync error
[2024-11-27T04:17:39.556Z] Error reading or processing Modbus registers: no connection to modbus server
[2024-11-27T04:17:39.558Z] Error writing to Modbus register: no connection to modbus server
[2024-11-27T04:17:40.543Z] Error reading or processing Modbus registers: no connection to modbus server
[2024-11-27T04:17:40.558Z] Error writing to Modbus register: no connection to modbus server
[2024-11-27T04:17:41.546Z] Error reading or processing Modbus registers: no connection to modbus server
[2024-11-27T04:17:41.561Z] Error writing to Modbus register: no connection to modbus server
[2024-11-27T04:17:42.548Z] Error reading or processing Modbus registers: no connection to modbus server
[2024-11-27T04:17:42.562Z] Error writing to Modbus register: no connection to modbus server
[2024-11-27T04:17:43.562Z] Error reading or processing Modbus registers: no connection to modbus server
[2024-11-27T04:17:43.562Z] Error writing to Modbus register: no connection to modbus server
[2024-11-27T04:17:44.568Z] Error reading or processing Modbus registers: no connection to modbus server
[2024-11-27T04:17:44.569Z] Error writing to Modbus register: no connection to modbus server
[2024-11-27T04:19:57.663Z] Error reading or processing Modbus registers: Req timed out
[2024-11-27T04:19:59.497Z] Device at 10.30.4.128 is not reachable. Skipping connection attempt.
[2024-11-27T04:20:04.997Z] Device at 10.30.4.128 is not reachable. Skipping connection attempt.
[2024-11-27T04:21:33.559Z] Error reading or processing Modbus registers: Req timed out
[2024-11-27T04:21:36.002Z] Device at 10.30.4.128 is not reachable. Skipping connection attempt.
[2024-11-27T04:21:44.006Z] Device at 10.30.4.128 is not reachable. Skipping connection attempt.
[2024-11-27T04:24:11.996Z] Device at 10.30.4.128 is not reachable. Skipping connection attempt.
[2024-11-27T04:24:20.006Z] Device at 10.30.4.128 is not reachable. Skipping connection attempt.
[2024-11-27T04:24:21.992Z] Device at 10.30.4.128 is not reachable. Skipping connection attempt.
[2024-11-27T04:24:30.004Z] Device at 10.30.4.128 is not reachable. Skipping connection attempt.
[2024-11-27T04:24:32.002Z] Device at 10.30.4.128 is not reachable. Skipping connection attempt.
[2024-11-27T04:24:50.419Z] Error reading or processing Modbus registers: Req timed out
[2024-11-27T04:24:50.449Z] Error reading or processing Modbus registers: Req timed out
[2024-11-27T04:24:52.002Z] Device at 10.30.4.128 is not reachable. Skipping connection attempt.
[2024-11-27T04:24:57.496Z] Device at 10.30.4.128 is not reachable. Skipping connection attempt.
[2024-11-27T04:28:02.622Z] Error reading or processing Modbus registers: Req timed out
[2024-11-27T04:28:16.551Z] Unable to connect to device at 10.30.4.128: read ECONNRESET
[2024-11-27T04:28:16.553Z] Error writing to Modbus register: rejecting because of earlier OutOfSync error
[2024-11-27T04:28:16.554Z] Error writing to Modbus register: rejecting because of earlier OutOfSync error
[2024-11-27T04:28:16.554Z] Error writing to Modbus register: rejecting because of earlier OutOfSync error
[2024-11-27T04:28:16.554Z] Error writing to Modbus register: rejecting because of earlier OutOfSync error
[2024-11-27T04:28:16.554Z] Error writing to Modbus register: rejecting because of earlier OutOfSync error
[2024-11-27T04:28:16.554Z] Error writing to Modbus register: rejecting because of earlier OutOfSync error
[2024-11-27T04:28:16.554Z] Error writing to Modbus register: rejecting because of earlier OutOfSync error
[2024-11-27T04:28:16.554Z] Error writing to Modbus register: rejecting because of earlier OutOfSync error
[2024-11-27T04:28:16.555Z] Error writing to Modbus register: rejecting because of earlier OutOfSync error
[2024-11-27T04:28:16.555Z] Error writing to Modbus register: rejecting because of earlier OutOfSync error
[2024-11-27T04:28:16.555Z] Error writing to Modbus register: rejecting because of earlier OutOfSync error
[2024-11-27T04:28:16.555Z] Error writing to Modbus register: rejecting because of earlier OutOfSync error
[2024-11-27T04:28:16.555Z] Error writing to Modbus register: rejecting because of earlier OutOfSync error
[2024-11-27T04:28:16.555Z] Error writing to Modbus register: rejecting because of earlier OutOfSync error
[2024-11-27T04:28:16.555Z] Error writing to Modbus register: rejecting because of earlier OutOfSync error
[2024-11-27T04:28:16.556Z] Error writing to Modbus register: rejecting because of earlier OutOfSync error
[2024-11-27T04:28:16.556Z] Error writing to Modbus register: rejecting because of earlier OutOfSync error
[2024-11-27T04:28:16.556Z] Error writing to Modbus register: rejecting because of earlier OutOfSync error
[2024-11-27T04:28:16.556Z] Error writing to Modbus register: rejecting because of earlier OutOfSync error
[2024-11-27T04:28:16.556Z] Error reading or processing Modbus registers: rejecting because of earlier OutOfSync error
[2024-11-27T04:28:16.556Z] Error reading or processing Modbus registers: rejecting because of earlier OutOfSync error
[2024-11-27T04:28:16.556Z] Error reading or processing Modbus registers: rejecting because of earlier OutOfSync error
[2024-11-27T04:28:16.556Z] Error reading or processing Modbus registers: rejecting because of earlier OutOfSync error
[2024-11-27T04:28:16.557Z] Error reading or processing Modbus registers: rejecting because of earlier OutOfSync error
[2024-11-27T04:28:16.557Z] Error reading or processing Modbus registers: rejecting because of earlier OutOfSync error
[2024-11-27T04:28:16.557Z] Error reading or processing Modbus registers: rejecting because of earlier OutOfSync error
[2024-11-27T04:28:16.557Z] Error reading or processing Modbus registers: rejecting because of earlier OutOfSync error
[2024-11-27T04:28:16.557Z] Error reading or processing Modbus registers: rejecting because of earlier OutOfSync error
[2024-11-27T04:28:16.557Z] Error reading or processing Modbus registers: rejecting because of earlier OutOfSync error
[2024-11-27T04:28:16.557Z] Error reading or processing Modbus registers: rejecting because of earlier OutOfSync error
[2024-11-27T04:28:16.557Z] Error reading or processing Modbus registers: rejecting because of earlier OutOfSync error
[2024-11-27T04:28:16.558Z] Error reading or processing Modbus registers: rejecting because of earlier OutOfSync error
[2024-11-27T04:28:16.558Z] Error reading or processing Modbus registers: rejecting because of earlier OutOfSync error
[2024-11-27T04:28:16.558Z] Error reading or processing Modbus registers: rejecting because of earlier OutOfSync error
[2024-11-27T04:28:16.558Z] Error reading or processing Modbus registers: rejecting because of earlier OutOfSync error
[2024-11-27T04:28:16.558Z] Error reading or processing Modbus registers: rejecting because of earlier OutOfSync error
[2024-11-27T04:28:16.558Z] Error reading or processing Modbus registers: rejecting because of earlier OutOfSync error
[2024-11-27T04:28:16.690Z] Error reading or processing Modbus registers: no connection to modbus server
[2024-11-27T04:28:16.690Z] Error writing to Modbus register: no connection to modbus server
[2024-11-27T04:28:17.695Z] Error reading or processing Modbus registers: no connection to modbus server
[2024-11-27T04:28:17.696Z] Error writing to Modbus register: no connection to modbus server
[2024-11-27T04:28:18.695Z] Error reading or processing Modbus registers: no connection to modbus server
[2024-11-27T04:28:18.696Z] Error writing to Modbus register: no connection to modbus server
[2024-11-27T04:28:19.696Z] Error reading or processing Modbus registers: no connection to modbus server
[2024-11-27T04:28:19.697Z] Error writing to Modbus register: no connection to modbus server
[2024-11-27T04:28:20.698Z] Error reading or processing Modbus registers: no connection to modbus server
[2024-11-27T04:28:20.699Z] Error writing to Modbus register: no connection to modbus server
[2024-11-27T04:28:21.711Z] Error reading or processing Modbus registers: no connection to modbus server
[2024-11-27T04:28:21.712Z] Error writing to Modbus register: no connection to modbus server
[2024-11-27T04:28:22.725Z] Error reading or processing Modbus registers: no connection to modbus server
[2024-11-27T04:28:22.725Z] Error writing to Modbus register: no connection to modbus server
[2024-11-27T04:28:23.728Z] Error reading or processing Modbus registers: no connection to modbus server
[2024-11-27T04:28:23.728Z] Error writing to Modbus register: no connection to modbus server
[2024-11-27T04:28:24.729Z] Error reading or processing Modbus registers: no connection to modbus server
[2024-11-27T04:28:24.730Z] Error writing to Modbus register: no connection to modbus server
[2024-11-27T04:28:25.733Z] Error writing to Modbus register: no connection to modbus server
[2024-11-27T04:28:25.733Z] Error reading or processing Modbus registers: no connection to modbus server
[2024-11-27T04:28:26.734Z] Error reading or processing Modbus registers: no connection to modbus server
[2024-11-27T04:28:26.735Z] Error writing to Modbus register: no connection to modbus server
[2024-11-27T04:28:27.737Z] Error reading or processing Modbus registers: no connection to modbus server
[2024-11-27T04:28:27.737Z] Error writing to Modbus register: no connection to modbus server
[2024-11-27T04:28:28.752Z] Error reading or processing Modbus registers: no connection to modbus server
[2024-11-27T04:28:28.753Z] Error writing to Modbus register: no connection to modbus server
[2024-11-27T05:37:12.019Z] Error reading or processing Modbus registers: Req timed out
[2024-11-27T05:37:25.952Z] Unable to connect to device at 10.30.4.128: read ECONNRESET
[2024-11-27T05:37:25.955Z] Error reading register 6507 for IP 10.30.4.128: connection to modbus server closed
[2024-11-27T05:37:25.956Z] Error writing to Modbus register: rejecting because of earlier OutOfSync error
[2024-11-27T05:37:25.956Z] Error reading register 6507 for IP 10.30.4.128: rejecting because of earlier OutOfSync error
[2024-11-27T05:37:25.957Z] Error writing to Modbus register: rejecting because of earlier OutOfSync error
[2024-11-27T05:37:25.957Z] Error reading register 6507 for IP 10.30.4.128: rejecting because of earlier OutOfSync error
[2024-11-27T05:37:25.956Z] Error writing to Modbus register: rejecting because of earlier OutOfSync error
[2024-11-27T05:37:25.957Z] Error reading register 6507 for IP 10.30.4.128: rejecting because of earlier OutOfSync error
[2024-11-27T05:37:25.958Z] Error writing to Modbus register: rejecting because of earlier OutOfSync error
[2024-11-27T05:37:25.958Z] Error reading register 6507 for IP 10.30.4.128: rejecting because of earlier OutOfSync error
[2024-11-27T05:37:25.958Z] Error writing to Modbus register: rejecting because of earlier OutOfSync error
[2024-11-27T05:37:25.958Z] Error reading register 6507 for IP 10.30.4.128: rejecting because of earlier OutOfSync error
[2024-11-27T05:37:25.958Z] Error reading register 6507 for IP 10.30.4.128: rejecting because of earlier OutOfSync error
[2024-11-27T05:37:25.958Z] Error writing to Modbus register: rejecting because of earlier OutOfSync error
[2024-11-27T05:37:25.959Z] Error reading register 6507 for IP 10.30.4.128: rejecting because of earlier OutOfSync error
[2024-11-27T05:37:25.959Z] Error writing to Modbus register: rejecting because of earlier OutOfSync error
[2024-11-27T05:37:25.959Z] Error reading register 6507 for IP 10.30.4.128: rejecting because of earlier OutOfSync error
[2024-11-27T05:37:25.959Z] Error writing to Modbus register: rejecting because of earlier OutOfSync error
[2024-11-27T05:37:25.959Z] Error reading register 6507 for IP 10.30.4.128: rejecting because of earlier OutOfSync error
[2024-11-27T05:37:25.960Z] Error writing to Modbus register: rejecting because of earlier OutOfSync error
[2024-11-27T05:37:25.960Z] Error reading register 6507 for IP 10.30.4.128: rejecting because of earlier OutOfSync error
[2024-11-27T05:37:25.960Z] Error writing to Modbus register: rejecting because of earlier OutOfSync error
[2024-11-27T05:37:25.960Z] Error reading register 6507 for IP 10.30.4.128: rejecting because of earlier OutOfSync error
[2024-11-27T05:37:25.961Z] Error reading register 6507 for IP 10.30.4.128: rejecting because of earlier OutOfSync error
[2024-11-27T05:37:25.957Z] Error writing to Modbus register: rejecting because of earlier OutOfSync error
[2024-11-27T05:37:25.961Z] Error reading register 6507 for IP 10.30.4.128: rejecting because of earlier OutOfSync error
[2024-11-27T05:37:25.961Z] Error writing to Modbus register: rejecting because of earlier OutOfSync error
[2024-11-27T05:37:25.961Z] Error reading register 6507 for IP 10.30.4.128: rejecting because of earlier OutOfSync error
[2024-11-27T05:37:25.960Z] Error writing to Modbus register: rejecting because of earlier OutOfSync error
[2024-11-27T05:37:25.961Z] Error writing to Modbus register: rejecting because of earlier OutOfSync error
[2024-11-27T05:37:25.961Z] Error writing to Modbus register: rejecting because of earlier OutOfSync error
[2024-11-27T05:37:25.961Z] Error reading register 6507 for IP 10.30.4.128: rejecting because of earlier OutOfSync error
[2024-11-27T05:37:25.962Z] Error writing to Modbus register: rejecting because of earlier OutOfSync error
[2024-11-27T05:37:25.962Z] Error reading register 6507 for IP 10.30.4.128: rejecting because of earlier OutOfSync error
[2024-11-27T05:37:25.962Z] Error writing to Modbus register: rejecting because of earlier OutOfSync error
[2024-11-27T05:37:25.962Z] Error reading register 6507 for IP 10.30.4.128: rejecting because of earlier OutOfSync error
[2024-11-27T05:37:25.962Z] Error writing to Modbus register: rejecting because of earlier OutOfSync error
[2024-11-27T05:37:25.962Z] Error reading register 6507 for IP 10.30.4.128: rejecting because of earlier OutOfSync error
[2024-11-27T05:37:25.963Z] Error writing to Modbus register: rejecting because of earlier OutOfSync error
[2024-11-27T05:37:25.963Z] Error reading or processing Modbus registers: rejecting because of earlier OutOfSync error
[2024-11-27T05:37:25.963Z] Error reading or processing Modbus registers: rejecting because of earlier OutOfSync error
[2024-11-27T05:37:25.963Z] Error reading or processing Modbus registers: rejecting because of earlier OutOfSync error
[2024-11-27T05:37:25.964Z] Error reading or processing Modbus registers: rejecting because of earlier OutOfSync error
[2024-11-27T05:37:25.964Z] Error reading or processing Modbus registers: rejecting because of earlier OutOfSync error
[2024-11-27T05:37:25.963Z] Error reading or processing Modbus registers: rejecting because of earlier OutOfSync error
[2024-11-27T05:37:25.964Z] Error reading or processing Modbus registers: rejecting because of earlier OutOfSync error
[2024-11-27T05:37:25.964Z] Error reading or processing Modbus registers: rejecting because of earlier OutOfSync error
[2024-11-27T05:37:25.964Z] Error reading or processing Modbus registers: rejecting because of earlier OutOfSync error
[2024-11-27T05:37:25.964Z] Error reading or processing Modbus registers: rejecting because of earlier OutOfSync error
[2024-11-27T05:37:25.965Z] Error reading or processing Modbus registers: rejecting because of earlier OutOfSync error
[2024-11-27T05:37:25.965Z] Error reading or processing Modbus registers: rejecting because of earlier OutOfSync error
[2024-11-27T05:37:25.965Z] Error reading or processing Modbus registers: rejecting because of earlier OutOfSync error
[2024-11-27T05:37:25.965Z] Error reading or processing Modbus registers: rejecting because of earlier OutOfSync error
[2024-11-27T05:37:25.965Z] Error reading or processing Modbus registers: rejecting because of earlier OutOfSync error
[2024-11-27T05:37:25.965Z] Error reading or processing Modbus registers: rejecting because of earlier OutOfSync error
[2024-11-27T05:37:25.966Z] Error reading or processing Modbus registers: rejecting because of earlier OutOfSync error
[2024-11-27T05:37:25.966Z] Error reading or processing Modbus registers: rejecting because of earlier OutOfSync error
[2024-11-27T05:37:26.137Z] Error writing to Modbus register: no connection to modbus server
[2024-11-27T05:37:27.139Z] Error writing to Modbus register: no connection to modbus server
[2024-11-27T05:37:28.141Z] Error writing to Modbus register: no connection to modbus server
[2024-11-27T05:37:29.144Z] Error writing to Modbus register: no connection to modbus server
[2024-11-27T05:37:30.158Z] Error writing to Modbus register: no connection to modbus server
[2024-11-27T05:37:31.171Z] Error writing to Modbus register: no connection to modbus server
[2024-11-27T05:37:32.185Z] Error reading register 6507 for IP 10.30.4.128: no connection to modbus server
[2024-11-27T05:37:32.185Z] Error reading or processing Modbus registers: no connection to modbus server
[2024-11-27T05:37:32.185Z] Error writing to Modbus register: no connection to modbus server
[2024-11-27T05:39:34.919Z] Error reading or processing Modbus registers: Req timed out
[2024-11-27T05:39:48.860Z] Unable to connect to device at 10.30.4.128: read ECONNRESET
[2024-11-27T05:39:48.862Z] Error reading register 6507 for IP 10.30.4.128: connection to modbus server closed
[2024-11-27T05:39:48.862Z] Error writing to Modbus register: rejecting because of earlier OutOfSync error
[2024-11-27T05:39:48.862Z] Error reading register 6507 for IP 10.30.4.128: rejecting because of earlier OutOfSync error
[2024-11-27T05:39:48.862Z] Error writing to Modbus register: rejecting because of earlier OutOfSync error
[2024-11-27T05:39:48.863Z] Error reading register 6507 for IP 10.30.4.128: rejecting because of earlier OutOfSync error
[2024-11-27T05:39:48.863Z] Error writing to Modbus register: rejecting because of earlier OutOfSync error
[2024-11-27T05:39:48.863Z] Error reading register 6507 for IP 10.30.4.128: rejecting because of earlier OutOfSync error
[2024-11-27T05:39:48.863Z] Error writing to Modbus register: rejecting because of earlier OutOfSync error
[2024-11-27T05:39:48.864Z] Error reading register 6507 for IP 10.30.4.128: rejecting because of earlier OutOfSync error
[2024-11-27T05:39:48.864Z] Error writing to Modbus register: rejecting because of earlier OutOfSync error
[2024-11-27T05:39:48.864Z] Error reading register 6507 for IP 10.30.4.128: rejecting because of earlier OutOfSync error
[2024-11-27T05:39:48.865Z] Error writing to Modbus register: rejecting because of earlier OutOfSync error
[2024-11-27T05:39:48.865Z] Error reading register 6507 for IP 10.30.4.128: rejecting because of earlier OutOfSync error
[2024-11-27T05:39:48.865Z] Error reading register 6507 for IP 10.30.4.128: rejecting because of earlier OutOfSync error
[2024-11-27T05:39:48.865Z] Error writing to Modbus register: rejecting because of earlier OutOfSync error
[2024-11-27T05:39:48.866Z] Error writing to Modbus register: rejecting because of earlier OutOfSync error
[2024-11-27T05:39:48.866Z] Error reading register 6507 for IP 10.30.4.128: rejecting because of earlier OutOfSync error
[2024-11-27T05:39:48.867Z] Error writing to Modbus register: rejecting because of earlier OutOfSync error
[2024-11-27T05:39:48.867Z] Error reading register 6507 for IP 10.30.4.128: rejecting because of earlier OutOfSync error
[2024-11-27T05:39:48.867Z] Error writing to Modbus register: rejecting because of earlier OutOfSync error
[2024-11-27T05:39:48.867Z] Error reading register 6507 for IP 10.30.4.128: rejecting because of earlier OutOfSync error
[2024-11-27T05:39:48.868Z] Error writing to Modbus register: rejecting because of earlier OutOfSync error
[2024-11-27T05:39:48.868Z] Error reading register 6507 for IP 10.30.4.128: rejecting because of earlier OutOfSync error
[2024-11-27T05:39:48.868Z] Error writing to Modbus register: rejecting because of earlier OutOfSync error
[2024-11-27T05:39:48.868Z] Error reading register 6507 for IP 10.30.4.128: rejecting because of earlier OutOfSync error
[2024-11-27T05:39:48.869Z] Error writing to Modbus register: rejecting because of earlier OutOfSync error
[2024-11-27T05:39:48.869Z] Error reading register 6507 for IP 10.30.4.128: rejecting because of earlier OutOfSync error
[2024-11-27T05:39:48.869Z] Error writing to Modbus register: rejecting because of earlier OutOfSync error
[2024-11-27T05:39:48.870Z] Error reading register 6507 for IP 10.30.4.128: rejecting because of earlier OutOfSync error
[2024-11-27T05:39:48.871Z] Error writing to Modbus register: rejecting because of earlier OutOfSync error
[2024-11-27T05:39:48.871Z] Error reading register 6507 for IP 10.30.4.128: rejecting because of earlier OutOfSync error
[2024-11-27T05:39:48.871Z] Error writing to Modbus register: rejecting because of earlier OutOfSync error
[2024-11-27T05:39:48.871Z] Error reading register 6507 for IP 10.30.4.128: rejecting because of earlier OutOfSync error
[2024-11-27T05:39:48.872Z] Error writing to Modbus register: rejecting because of earlier OutOfSync error
[2024-11-27T05:39:48.872Z] Error reading register 6507 for IP 10.30.4.128: rejecting because of earlier OutOfSync error
[2024-11-27T05:39:48.872Z] Error writing to Modbus register: rejecting because of earlier OutOfSync error
[2024-11-27T05:39:48.872Z] Error reading register 6507 for IP 10.30.4.128: rejecting because of earlier OutOfSync error
[2024-11-27T05:39:48.872Z] Error writing to Modbus register: rejecting because of earlier OutOfSync error
[2024-11-27T05:39:48.872Z] Error reading or processing Modbus registers: rejecting because of earlier OutOfSync error
[2024-11-27T05:39:48.873Z] Error reading or processing Modbus registers: rejecting because of earlier OutOfSync error
[2024-11-27T05:39:48.873Z] Error reading or processing Modbus registers: rejecting because of earlier OutOfSync error
[2024-11-27T05:39:48.873Z] Error reading or processing Modbus registers: rejecting because of earlier OutOfSync error
[2024-11-27T05:39:48.873Z] Error reading or processing Modbus registers: rejecting because of earlier OutOfSync error
[2024-11-27T05:39:48.873Z] Error reading or processing Modbus registers: rejecting because of earlier OutOfSync error
[2024-11-27T05:39:48.873Z] Error reading or processing Modbus registers: rejecting because of earlier OutOfSync error
[2024-11-27T05:39:48.873Z] Error reading or processing Modbus registers: rejecting because of earlier OutOfSync error
[2024-11-27T05:39:48.873Z] Error reading or processing Modbus registers: rejecting because of earlier OutOfSync error
[2024-11-27T05:39:48.873Z] Error reading or processing Modbus registers: rejecting because of earlier OutOfSync error
[2024-11-27T05:39:48.873Z] Error reading or processing Modbus registers: rejecting because of earlier OutOfSync error
[2024-11-27T05:39:48.874Z] Error reading or processing Modbus registers: rejecting because of earlier OutOfSync error
[2024-11-27T05:39:48.874Z] Error reading or processing Modbus registers: rejecting because of earlier OutOfSync error
[2024-11-27T05:39:48.874Z] Error reading or processing Modbus registers: rejecting because of earlier OutOfSync error
[2024-11-27T05:39:48.874Z] Error reading or processing Modbus registers: rejecting because of earlier OutOfSync error
[2024-11-27T05:39:48.874Z] Error reading or processing Modbus registers: rejecting because of earlier OutOfSync error
[2024-11-27T05:39:48.874Z] Error reading or processing Modbus registers: rejecting because of earlier OutOfSync error
[2024-11-27T05:39:48.874Z] Error reading or processing Modbus registers: rejecting because of earlier OutOfSync error
[2024-11-27T05:39:49.025Z] Error writing to Modbus register: no connection to modbus server
[2024-11-27T05:39:50.014Z] Error reading register 6507 for IP 10.30.4.128: no connection to modbus server
[2024-11-27T05:39:50.014Z] Error reading or processing Modbus registers: no connection to modbus server
[2024-11-27T05:39:50.030Z] Error writing to Modbus register: no connection to modbus server
[2024-11-27T05:39:51.015Z] Error reading register 6507 for IP 10.30.4.128: no connection to modbus server
[2024-11-27T05:39:51.016Z] Error reading or processing Modbus registers: no connection to modbus server
[2024-11-27T05:39:51.030Z] Error writing to Modbus register: no connection to modbus server
[2024-11-27T05:39:52.028Z] Error reading register 6507 for IP 10.30.4.128: no connection to modbus server
[2024-11-27T05:39:52.028Z] Error reading or processing Modbus registers: no connection to modbus server
[2024-11-27T05:39:52.043Z] Error writing to Modbus register: no connection to modbus server
[2024-11-27T05:39:53.029Z] Error reading register 6507 for IP 10.30.4.128: no connection to modbus server
[2024-11-27T05:39:53.029Z] Error reading or processing Modbus registers: no connection to modbus server
[2024-11-27T05:39:53.044Z] Error writing to Modbus register: no connection to modbus server
[2024-11-27T05:39:54.030Z] Error reading register 6507 for IP 10.30.4.128: no connection to modbus server
[2024-11-27T05:39:54.030Z] Error reading or processing Modbus registers: no connection to modbus server
[2024-11-27T05:39:54.044Z] Error writing to Modbus register: no connection to modbus server
[2024-11-27T05:39:55.032Z] Error reading register 6507 for IP 10.30.4.128: no connection to modbus server
[2024-11-27T05:39:55.032Z] Error reading or processing Modbus registers: no connection to modbus server
[2024-11-27T05:39:55.048Z] Error writing to Modbus register: no connection to modbus server
[2024-11-27T05:39:56.034Z] Error reading register 6507 for IP 10.30.4.128: no connection to modbus server
[2024-11-27T05:39:56.034Z] Error reading or processing Modbus registers: no connection to modbus server
[2024-11-27T05:39:56.048Z] Error writing to Modbus register: no connection to modbus server
[2024-11-27T05:39:57.034Z] Error reading register 6507 for IP 10.30.4.128: no connection to modbus server
[2024-11-27T05:39:57.035Z] Error reading or processing Modbus registers: no connection to modbus server
[2024-11-27T05:39:57.049Z] Error writing to Modbus register: no connection to modbus server
[2024-11-27T05:39:58.038Z] Error reading register 6507 for IP 10.30.4.128: no connection to modbus server
[2024-11-27T05:39:58.038Z] Error reading or processing Modbus registers: no connection to modbus server
[2024-11-27T05:39:58.053Z] Error writing to Modbus register: no connection to modbus server
[2024-11-27T05:41:26.239Z] Error reading or processing Modbus registers: Req timed out
[2024-11-27T05:41:40.171Z] Unable to connect to device at 10.30.4.128: read ECONNRESET
[2024-11-27T05:41:40.173Z] Error reading register 6507 for IP 10.30.4.128: connection to modbus server closed
[2024-11-27T05:41:40.173Z] Error writing to Modbus register: rejecting because of earlier OutOfSync error
[2024-11-27T05:41:40.174Z] Error reading register 6507 for IP 10.30.4.128: rejecting because of earlier OutOfSync error
[2024-11-27T05:41:40.174Z] Error writing to Modbus register: rejecting because of earlier OutOfSync error
[2024-11-27T05:41:40.174Z] Error reading register 6507 for IP 10.30.4.128: rejecting because of earlier OutOfSync error
[2024-11-27T05:41:40.174Z] Error writing to Modbus register: rejecting because of earlier OutOfSync error
[2024-11-27T05:41:40.175Z] Error reading register 6507 for IP 10.30.4.128: rejecting because of earlier OutOfSync error
[2024-11-27T05:41:40.175Z] Error writing to Modbus register: rejecting because of earlier OutOfSync error
[2024-11-27T05:41:40.175Z] Error reading register 6507 for IP 10.30.4.128: rejecting because of earlier OutOfSync error
[2024-11-27T05:41:40.175Z] Error reading register 6507 for IP 10.30.4.128: rejecting because of earlier OutOfSync error
[2024-11-27T05:41:40.175Z] Error writing to Modbus register: rejecting because of earlier OutOfSync error
[2024-11-27T05:41:40.175Z] Error writing to Modbus register: rejecting because of earlier OutOfSync error
[2024-11-27T05:41:40.175Z] Error reading register 6507 for IP 10.30.4.128: rejecting because of earlier OutOfSync error
[2024-11-27T05:41:40.176Z] Error writing to Modbus register: rejecting because of earlier OutOfSync error
[2024-11-27T05:41:40.176Z] Error reading register 6507 for IP 10.30.4.128: rejecting because of earlier OutOfSync error
[2024-11-27T05:41:40.176Z] Error writing to Modbus register: rejecting because of earlier OutOfSync error
[2024-11-27T05:41:40.176Z] Error reading register 6507 for IP 10.30.4.128: rejecting because of earlier OutOfSync error
[2024-11-27T05:41:40.176Z] Error writing to Modbus register: rejecting because of earlier OutOfSync error
[2024-11-27T05:41:40.176Z] Error reading register 6507 for IP 10.30.4.128: rejecting because of earlier OutOfSync error
[2024-11-27T05:41:40.176Z] Error writing to Modbus register: rejecting because of earlier OutOfSync error
[2024-11-27T05:41:40.177Z] Error reading register 6507 for IP 10.30.4.128: rejecting because of earlier OutOfSync error
[2024-11-27T05:41:40.177Z] Error writing to Modbus register: rejecting because of earlier OutOfSync error
[2024-11-27T05:41:40.177Z] Error reading register 6507 for IP 10.30.4.128: rejecting because of earlier OutOfSync error
[2024-11-27T05:41:40.177Z] Error writing to Modbus register: rejecting because of earlier OutOfSync error
[2024-11-27T05:41:40.177Z] Error reading register 6507 for IP 10.30.4.128: rejecting because of earlier OutOfSync error
[2024-11-27T05:41:40.177Z] Error writing to Modbus register: rejecting because of earlier OutOfSync error
[2024-11-27T05:41:40.177Z] Error reading register 6507 for IP 10.30.4.128: rejecting because of earlier OutOfSync error
[2024-11-27T05:41:40.177Z] Error writing to Modbus register: rejecting because of earlier OutOfSync error
[2024-11-27T05:41:40.177Z] Error reading register 6507 for IP 10.30.4.128: rejecting because of earlier OutOfSync error
[2024-11-27T05:41:40.178Z] Error writing to Modbus register: rejecting because of earlier OutOfSync error
[2024-11-27T05:41:40.178Z] Error reading register 6507 for IP 10.30.4.128: rejecting because of earlier OutOfSync error
[2024-11-27T05:41:40.178Z] Error writing to Modbus register: rejecting because of earlier OutOfSync error
[2024-11-27T05:41:40.178Z] Error reading register 6507 for IP 10.30.4.128: rejecting because of earlier OutOfSync error
[2024-11-27T05:41:40.178Z] Error writing to Modbus register: rejecting because of earlier OutOfSync error
[2024-11-27T05:41:40.178Z] Error reading register 6507 for IP 10.30.4.128: rejecting because of earlier OutOfSync error
[2024-11-27T05:41:40.178Z] Error writing to Modbus register: rejecting because of earlier OutOfSync error
[2024-11-27T05:41:40.178Z] Error reading register 6507 for IP 10.30.4.128: rejecting because of earlier OutOfSync error
[2024-11-27T05:41:40.179Z] Error reading or processing Modbus registers: rejecting because of earlier OutOfSync error
[2024-11-27T05:41:40.179Z] Error reading or processing Modbus registers: rejecting because of earlier OutOfSync error
[2024-11-27T05:41:40.179Z] Error reading or processing Modbus registers: rejecting because of earlier OutOfSync error
[2024-11-27T05:41:40.179Z] Error reading or processing Modbus registers: rejecting because of earlier OutOfSync error
[2024-11-27T05:41:40.179Z] Error reading or processing Modbus registers: rejecting because of earlier OutOfSync error
[2024-11-27T05:41:40.179Z] Error reading or processing Modbus registers: rejecting because of earlier OutOfSync error
[2024-11-27T05:41:40.179Z] Error reading or processing Modbus registers: rejecting because of earlier OutOfSync error
[2024-11-27T05:41:40.180Z] Error reading or processing Modbus registers: rejecting because of earlier OutOfSync error
[2024-11-27T05:41:40.180Z] Error reading or processing Modbus registers: rejecting because of earlier OutOfSync error
[2024-11-27T05:41:40.180Z] Error reading or processing Modbus registers: rejecting because of earlier OutOfSync error
[2024-11-27T05:41:40.180Z] Error reading or processing Modbus registers: rejecting because of earlier OutOfSync error
[2024-11-27T05:41:40.180Z] Error reading or processing Modbus registers: rejecting because of earlier OutOfSync error
[2024-11-27T05:41:40.181Z] Error reading or processing Modbus registers: rejecting because of earlier OutOfSync error
[2024-11-27T05:41:40.179Z] Error reading or processing Modbus registers: rejecting because of earlier OutOfSync error
[2024-11-27T05:41:40.181Z] Error reading or processing Modbus registers: rejecting because of earlier OutOfSync error
[2024-11-27T05:41:40.179Z] Error writing to Modbus register: rejecting because of earlier OutOfSync error
[2024-11-27T05:41:40.181Z] Error reading or processing Modbus registers: rejecting because of earlier OutOfSync error
[2024-11-27T05:41:40.181Z] Error reading or processing Modbus registers: rejecting because of earlier OutOfSync error
[2024-11-27T05:41:40.181Z] Error reading or processing Modbus registers: rejecting because of earlier OutOfSync error
[2024-11-27T05:41:40.368Z] Error writing to Modbus register: no connection to modbus server
[2024-11-27T05:41:41.355Z] Error reading register 6507 for IP 10.30.4.128: no connection to modbus server
[2024-11-27T05:41:41.356Z] Error reading or processing Modbus registers: no connection to modbus server
[2024-11-27T05:41:41.371Z] Error writing to Modbus register: no connection to modbus server
[2024-11-27T05:41:42.356Z] Error reading register 6507 for IP 10.30.4.128: no connection to modbus server
[2024-11-27T05:41:42.357Z] Error reading or processing Modbus registers: no connection to modbus server
[2024-11-27T05:41:42.371Z] Error writing to Modbus register: no connection to modbus server
[2024-11-27T05:41:43.369Z] Error reading register 6507 for IP 10.30.4.128: no connection to modbus server
[2024-11-27T05:41:43.369Z] Error reading or processing Modbus registers: no connection to modbus server
[2024-11-27T05:41:43.370Z] Error writing to Modbus register: no connection to modbus server
[2024-11-27T05:41:44.384Z] Error reading register 6507 for IP 10.30.4.128: no connection to modbus server
[2024-11-27T05:41:44.384Z] Error reading or processing Modbus registers: no connection to modbus server
[2024-11-27T05:41:44.384Z] Error writing to Modbus register: no connection to modbus server
[2024-11-27T05:41:45.387Z] Error reading register 6507 for IP 10.30.4.128: no connection to modbus server
[2024-11-27T05:41:45.387Z] Error reading or processing Modbus registers: no connection to modbus server
[2024-11-27T05:41:45.387Z] Error writing to Modbus register: no connection to modbus server
[2024-11-27T05:44:21.432Z] Unable to connect to device at 10.30.4.128: read ECONNRESET
[2024-11-27T05:44:21.434Z] Error reading register 6507 for IP 10.30.4.128: rejecting because of earlier OutOfSync error
[2024-11-27T05:44:21.434Z] Error writing to Modbus register: rejecting because of earlier OutOfSync error
[2024-11-27T05:44:21.435Z] Error reading register 6507 for IP 10.30.4.128: rejecting because of earlier OutOfSync error
[2024-11-27T05:44:21.434Z] Error reading register 6507 for IP 10.30.4.128: rejecting because of earlier OutOfSync error
[2024-11-27T05:44:21.435Z] Error reading register 6507 for IP 10.30.4.128: rejecting because of earlier OutOfSync error
[2024-11-27T05:44:21.435Z] Error writing to Modbus register: rejecting because of earlier OutOfSync error
[2024-11-27T05:44:21.435Z] Error reading register 6507 for IP 10.30.4.128: rejecting because of earlier OutOfSync error
[2024-11-27T05:44:21.436Z] Error writing to Modbus register: rejecting because of earlier OutOfSync error
[2024-11-27T05:44:21.436Z] Error reading register 6507 for IP 10.30.4.128: rejecting because of earlier OutOfSync error
[2024-11-27T05:44:21.436Z] Error writing to Modbus register: rejecting because of earlier OutOfSync error
[2024-11-27T05:44:21.436Z] Error reading register 6507 for IP 10.30.4.128: rejecting because of earlier OutOfSync error
[2024-11-27T05:44:21.434Z] Error writing to Modbus register: rejecting because of earlier OutOfSync error
[2024-11-27T05:44:21.435Z] Error writing to Modbus register: rejecting because of earlier OutOfSync error
[2024-11-27T05:44:21.437Z] Error writing to Modbus register: rejecting because of earlier OutOfSync error
[2024-11-27T05:44:21.437Z] Error reading register 6507 for IP 10.30.4.128: rejecting because of earlier OutOfSync error
[2024-11-27T05:44:21.437Z] Error writing to Modbus register: rejecting because of earlier OutOfSync error
[2024-11-27T05:44:21.437Z] Error reading register 6507 for IP 10.30.4.128: rejecting because of earlier OutOfSync error
[2024-11-27T05:44:21.437Z] Error writing to Modbus register: rejecting because of earlier OutOfSync error
[2024-11-27T05:44:21.437Z] Error reading register 6507 for IP 10.30.4.128: rejecting because of earlier OutOfSync error
[2024-11-27T05:44:21.437Z] Error writing to Modbus register: rejecting because of earlier OutOfSync error
[2024-11-27T05:44:21.438Z] Error reading register 6507 for IP 10.30.4.128: rejecting because of earlier OutOfSync error
[2024-11-27T05:44:21.438Z] Error writing to Modbus register: rejecting because of earlier OutOfSync error
[2024-11-27T05:44:21.438Z] Error reading register 6507 for IP 10.30.4.128: rejecting because of earlier OutOfSync error
[2024-11-27T05:44:21.438Z] Error writing to Modbus register: rejecting because of earlier OutOfSync error
[2024-11-27T05:44:21.438Z] Error reading register 6507 for IP 10.30.4.128: rejecting because of earlier OutOfSync error
[2024-11-27T05:44:21.438Z] Error writing to Modbus register: rejecting because of earlier OutOfSync error
[2024-11-27T05:44:21.438Z] Error reading register 6507 for IP 10.30.4.128: rejecting because of earlier OutOfSync error
[2024-11-27T05:44:21.438Z] Error writing to Modbus register: rejecting because of earlier OutOfSync error
[2024-11-27T05:44:21.439Z] Error reading register 6507 for IP 10.30.4.128: rejecting because of earlier OutOfSync error
[2024-11-27T05:44:21.439Z] Error writing to Modbus register: rejecting because of earlier OutOfSync error
[2024-11-27T05:44:21.439Z] Error reading register 6507 for IP 10.30.4.128: rejecting because of earlier OutOfSync error
[2024-11-27T05:44:21.439Z] Error writing to Modbus register: rejecting because of earlier OutOfSync error
[2024-11-27T05:44:21.439Z] Error reading register 6507 for IP 10.30.4.128: rejecting because of earlier OutOfSync error
[2024-11-27T05:44:21.439Z] Error writing to Modbus register: rejecting because of earlier OutOfSync error
[2024-11-27T05:44:21.439Z] Error reading register 6507 for IP 10.30.4.128: rejecting because of earlier OutOfSync error
[2024-11-27T05:44:21.439Z] Error writing to Modbus register: rejecting because of earlier OutOfSync error
[2024-11-27T05:44:21.439Z] Error reading or processing Modbus registers: rejecting because of earlier OutOfSync error
[2024-11-27T05:44:21.440Z] Error reading or processing Modbus registers: rejecting because of earlier OutOfSync error
[2024-11-27T05:44:21.440Z] Error reading or processing Modbus registers: rejecting because of earlier OutOfSync error
[2024-11-27T05:44:21.440Z] Error reading or processing Modbus registers: rejecting because of earlier OutOfSync error
[2024-11-27T05:44:21.440Z] Error reading or processing Modbus registers: rejecting because of earlier OutOfSync error
[2024-11-27T05:44:21.440Z] Error reading or processing Modbus registers: rejecting because of earlier OutOfSync error
[2024-11-27T05:44:21.440Z] Error reading or processing Modbus registers: rejecting because of earlier OutOfSync error
[2024-11-27T05:44:21.440Z] Error reading or processing Modbus registers: rejecting because of earlier OutOfSync error
[2024-11-27T05:44:21.440Z] Error reading or processing Modbus registers: rejecting because of earlier OutOfSync error
[2024-11-27T05:44:21.440Z] Error reading or processing Modbus registers: rejecting because of earlier OutOfSync error
[2024-11-27T05:44:21.441Z] Error reading or processing Modbus registers: rejecting because of earlier OutOfSync error
[2024-11-27T05:44:21.441Z] Error reading or processing Modbus registers: rejecting because of earlier OutOfSync error
[2024-11-27T05:44:21.441Z] Error reading or processing Modbus registers: rejecting because of earlier OutOfSync error
[2024-11-27T05:44:21.441Z] Error reading or processing Modbus registers: rejecting because of earlier OutOfSync error
[2024-11-27T05:44:21.441Z] Error reading or processing Modbus registers: rejecting because of earlier OutOfSync error
[2024-11-27T05:44:21.442Z] Error reading or processing Modbus registers: rejecting because of earlier OutOfSync error
[2024-11-27T05:44:21.442Z] Error reading or processing Modbus registers: rejecting because of earlier OutOfSync error
[2024-11-27T05:44:21.442Z] Error reading or processing Modbus registers: rejecting because of earlier OutOfSync error
[2024-11-27T05:44:21.489Z] Error writing to Modbus register: no connection to modbus server
[2024-11-27T05:44:48.300Z] Error reading or processing Modbus registers: Req timed out
[2024-11-27T05:45:02.212Z] Unable to connect to device at 10.30.4.128: read ECONNRESET
[2024-11-27T05:45:02.214Z] Error reading register 6507 for IP 10.30.4.128: connection to modbus server closed
[2024-11-27T05:45:02.214Z] Error writing to Modbus register: rejecting because of earlier OutOfSync error
[2024-11-27T05:45:02.214Z] Error reading register 6507 for IP 10.30.4.128: rejecting because of earlier OutOfSync error
[2024-11-27T05:45:02.214Z] Error writing to Modbus register: rejecting because of earlier OutOfSync error
[2024-11-27T05:45:02.214Z] Error reading register 6507 for IP 10.30.4.128: rejecting because of earlier OutOfSync error
[2024-11-27T05:45:02.214Z] Error writing to Modbus register: rejecting because of earlier OutOfSync error
[2024-11-27T05:45:02.215Z] Error reading register 6507 for IP 10.30.4.128: rejecting because of earlier OutOfSync error
[2024-11-27T05:45:02.215Z] Error writing to Modbus register: rejecting because of earlier OutOfSync error
[2024-11-27T05:45:02.215Z] Error reading register 6507 for IP 10.30.4.128: rejecting because of earlier OutOfSync error
[2024-11-27T05:45:02.215Z] Error writing to Modbus register: rejecting because of earlier OutOfSync error
[2024-11-27T05:45:02.215Z] Error reading register 6507 for IP 10.30.4.128: rejecting because of earlier OutOfSync error
[2024-11-27T05:45:02.215Z] Error writing to Modbus register: rejecting because of earlier OutOfSync error
[2024-11-27T05:45:02.215Z] Error writing to Modbus register: rejecting because of earlier OutOfSync error
[2024-11-27T05:45:02.216Z] Error reading register 6507 for IP 10.30.4.128: rejecting because of earlier OutOfSync error
[2024-11-27T05:45:02.215Z] Error reading register 6507 for IP 10.30.4.128: rejecting because of earlier OutOfSync error
[2024-11-27T05:45:02.216Z] Error writing to Modbus register: rejecting because of earlier OutOfSync error
[2024-11-27T05:45:02.216Z] Error reading register 6507 for IP 10.30.4.128: rejecting because of earlier OutOfSync error
[2024-11-27T05:45:02.216Z] Error writing to Modbus register: rejecting because of earlier OutOfSync error
[2024-11-27T05:45:02.216Z] Error reading register 6507 for IP 10.30.4.128: rejecting because of earlier OutOfSync error
[2024-11-27T05:45:02.216Z] Error writing to Modbus register: rejecting because of earlier OutOfSync error
[2024-11-27T05:45:02.216Z] Error reading register 6507 for IP 10.30.4.128: rejecting because of earlier OutOfSync error
[2024-11-27T05:45:02.216Z] Error writing to Modbus register: rejecting because of earlier OutOfSync error
[2024-11-27T05:45:02.216Z] Error reading register 6507 for IP 10.30.4.128: rejecting because of earlier OutOfSync error
[2024-11-27T05:45:02.216Z] Error writing to Modbus register: rejecting because of earlier OutOfSync error
[2024-11-27T05:45:02.216Z] Error reading register 6507 for IP 10.30.4.128: rejecting because of earlier OutOfSync error
[2024-11-27T05:45:02.216Z] Error writing to Modbus register: rejecting because of earlier OutOfSync error
[2024-11-27T05:45:02.216Z] Error reading register 6507 for IP 10.30.4.128: rejecting because of earlier OutOfSync error
[2024-11-27T05:45:02.216Z] Error writing to Modbus register: rejecting because of earlier OutOfSync error
[2024-11-27T05:45:02.216Z] Error reading register 6507 for IP 10.30.4.128: rejecting because of earlier OutOfSync error
[2024-11-27T05:45:02.216Z] Error reading register 6507 for IP 10.30.4.128: rejecting because of earlier OutOfSync error
[2024-11-27T05:45:02.216Z] Error writing to Modbus register: rejecting because of earlier OutOfSync error
[2024-11-27T05:45:02.217Z] Error writing to Modbus register: rejecting because of earlier OutOfSync error
[2024-11-27T05:45:02.217Z] Error reading register 6507 for IP 10.30.4.128: rejecting because of earlier OutOfSync error
[2024-11-27T05:45:02.217Z] Error writing to Modbus register: rejecting because of earlier OutOfSync error
[2024-11-27T05:45:02.217Z] Error reading register 6507 for IP 10.30.4.128: rejecting because of earlier OutOfSync error
[2024-11-27T05:45:02.217Z] Error writing to Modbus register: rejecting because of earlier OutOfSync error
[2024-11-27T05:45:02.217Z] Error reading register 6507 for IP 10.30.4.128: rejecting because of earlier OutOfSync error
[2024-11-27T05:45:02.217Z] Error writing to Modbus register: rejecting because of earlier OutOfSync error
[2024-11-27T05:45:02.217Z] Error reading or processing Modbus registers: rejecting because of earlier OutOfSync error
[2024-11-27T05:45:02.217Z] Error reading or processing Modbus registers: rejecting because of earlier OutOfSync error
[2024-11-27T05:45:02.217Z] Error reading or processing Modbus registers: rejecting because of earlier OutOfSync error
[2024-11-27T05:45:02.217Z] Error reading or processing Modbus registers: rejecting because of earlier OutOfSync error
[2024-11-27T05:45:02.217Z] Error reading or processing Modbus registers: rejecting because of earlier OutOfSync error
[2024-11-27T05:45:02.217Z] Error reading or processing Modbus registers: rejecting because of earlier OutOfSync error
[2024-11-27T05:45:02.217Z] Error reading or processing Modbus registers: rejecting because of earlier OutOfSync error
[2024-11-27T05:45:02.217Z] Error reading or processing Modbus registers: rejecting because of earlier OutOfSync error
[2024-11-27T05:45:02.217Z] Error reading or processing Modbus registers: rejecting because of earlier OutOfSync error
[2024-11-27T05:45:02.217Z] Error reading or processing Modbus registers: rejecting because of earlier OutOfSync error
[2024-11-27T05:45:02.217Z] Error reading or processing Modbus registers: rejecting because of earlier OutOfSync error
[2024-11-27T05:45:02.217Z] Error reading or processing Modbus registers: rejecting because of earlier OutOfSync error
[2024-11-27T05:45:02.217Z] Error reading or processing Modbus registers: rejecting because of earlier OutOfSync error
[2024-11-27T05:45:02.217Z] Error reading or processing Modbus registers: rejecting because of earlier OutOfSync error
[2024-11-27T05:45:02.217Z] Error reading or processing Modbus registers: rejecting because of earlier OutOfSync error
[2024-11-27T05:45:02.218Z] Error reading or processing Modbus registers: rejecting because of earlier OutOfSync error
[2024-11-27T05:45:02.217Z] Error reading or processing Modbus registers: rejecting because of earlier OutOfSync error
[2024-11-27T05:45:02.218Z] Error reading or processing Modbus registers: rejecting because of earlier OutOfSync error
[2024-11-27T05:45:02.454Z] Error writing to Modbus register: no connection to modbus server
[2024-11-27T05:45:03.442Z] Error reading register 6507 for IP 10.30.4.128: no connection to modbus server
[2024-11-27T05:45:03.442Z] Error reading or processing Modbus registers: no connection to modbus server
[2024-11-27T05:45:03.458Z] Error writing to Modbus register: no connection to modbus server
[2024-11-27T05:45:04.445Z] Error reading register 6507 for IP 10.30.4.128: no connection to modbus server
[2024-11-27T05:45:04.445Z] Error reading or processing Modbus registers: no connection to modbus server
[2024-11-27T05:45:04.460Z] Error writing to Modbus register: no connection to modbus server
[2024-11-27T05:45:05.447Z] Error reading register 6507 for IP 10.30.4.128: no connection to modbus server
[2024-11-27T05:45:05.448Z] Error reading or processing Modbus registers: no connection to modbus server
[2024-11-27T05:45:05.463Z] Error writing to Modbus register: no connection to modbus server
[2024-11-27T05:49:55.925Z] Error reading or processing Modbus registers: Req timed out
[2024-11-27T05:50:09.871Z] Unable to connect to device at 10.30.4.128: read ECONNRESET
[2024-11-27T05:50:09.873Z] Error reading register 6507 for IP 10.30.4.128: connection to modbus server closed
[2024-11-27T05:50:09.873Z] Error writing to Modbus register: rejecting because of earlier OutOfSync error
[2024-11-27T05:50:09.873Z] Error reading register 6507 for IP 10.30.4.128: rejecting because of earlier OutOfSync error
[2024-11-27T05:50:09.873Z] Error writing to Modbus register: rejecting because of earlier OutOfSync error
[2024-11-27T05:50:09.873Z] Error reading register 6507 for IP 10.30.4.128: rejecting because of earlier OutOfSync error
[2024-11-27T05:50:09.873Z] Error reading register 6507 for IP 10.30.4.128: rejecting because of earlier OutOfSync error
[2024-11-27T05:50:09.873Z] Error writing to Modbus register: rejecting because of earlier OutOfSync error
[2024-11-27T05:50:09.873Z] Error reading register 6507 for IP 10.30.4.128: rejecting because of earlier OutOfSync error
[2024-11-27T05:50:09.873Z] Error writing to Modbus register: rejecting because of earlier OutOfSync error
[2024-11-27T05:50:09.873Z] Error writing to Modbus register: rejecting because of earlier OutOfSync error
[2024-11-27T05:50:09.873Z] Error reading register 6507 for IP 10.30.4.128: rejecting because of earlier OutOfSync error
[2024-11-27T05:50:09.873Z] Error writing to Modbus register: rejecting because of earlier OutOfSync error
[2024-11-27T05:50:09.873Z] Error reading register 6507 for IP 10.30.4.128: rejecting because of earlier OutOfSync error
[2024-11-27T05:50:09.873Z] Error writing to Modbus register: rejecting because of earlier OutOfSync error
[2024-11-27T05:50:09.873Z] Error reading register 6507 for IP 10.30.4.128: rejecting because of earlier OutOfSync error
[2024-11-27T05:50:09.873Z] Error writing to Modbus register: rejecting because of earlier OutOfSync error
[2024-11-27T05:50:09.874Z] Error reading register 6507 for IP 10.30.4.128: rejecting because of earlier OutOfSync error
[2024-11-27T05:50:09.874Z] Error writing to Modbus register: rejecting because of earlier OutOfSync error
[2024-11-27T05:50:09.874Z] Error writing to Modbus register: rejecting because of earlier OutOfSync error
[2024-11-27T05:50:09.874Z] Error reading register 6507 for IP 10.30.4.128: rejecting because of earlier OutOfSync error
[2024-11-27T05:50:09.874Z] Error writing to Modbus register: rejecting because of earlier OutOfSync error
[2024-11-27T05:50:09.874Z] Error reading register 6507 for IP 10.30.4.128: rejecting because of earlier OutOfSync error
[2024-11-27T05:50:09.874Z] Error reading register 6507 for IP 10.30.4.128: rejecting because of earlier OutOfSync error
[2024-11-27T05:50:09.874Z] Error writing to Modbus register: rejecting because of earlier OutOfSync error
[2024-11-27T05:50:09.874Z] Error reading register 6507 for IP 10.30.4.128: rejecting because of earlier OutOfSync error
[2024-11-27T05:50:09.874Z] Error writing to Modbus register: rejecting because of earlier OutOfSync error
[2024-11-27T05:50:09.874Z] Error reading register 6507 for IP 10.30.4.128: rejecting because of earlier OutOfSync error
[2024-11-27T05:50:09.874Z] Error writing to Modbus register: rejecting because of earlier OutOfSync error
[2024-11-27T05:50:09.874Z] Error reading register 6507 for IP 10.30.4.128: rejecting because of earlier OutOfSync error
[2024-11-27T05:50:09.874Z] Error writing to Modbus register: rejecting because of earlier OutOfSync error
[2024-11-27T05:50:09.874Z] Error reading register 6507 for IP 10.30.4.128: rejecting because of earlier OutOfSync error
[2024-11-27T05:50:09.874Z] Error writing to Modbus register: rejecting because of earlier OutOfSync error
[2024-11-27T05:50:09.874Z] Error reading register 6507 for IP 10.30.4.128: rejecting because of earlier OutOfSync error
[2024-11-27T05:50:09.874Z] Error writing to Modbus register: rejecting because of earlier OutOfSync error
[2024-11-27T05:50:09.874Z] Error reading register 6507 for IP 10.30.4.128: rejecting because of earlier OutOfSync error
[2024-11-27T05:50:09.875Z] Error writing to Modbus register: rejecting because of earlier OutOfSync error
[2024-11-27T05:50:09.875Z] Error reading or processing Modbus registers: rejecting because of earlier OutOfSync error
[2024-11-27T05:50:09.875Z] Error reading or processing Modbus registers: rejecting because of earlier OutOfSync error
[2024-11-27T05:50:09.875Z] Error reading or processing Modbus registers: rejecting because of earlier OutOfSync error
[2024-11-27T05:50:09.875Z] Error reading or processing Modbus registers: rejecting because of earlier OutOfSync error
[2024-11-27T05:50:09.874Z] Error writing to Modbus register: rejecting because of earlier OutOfSync error
[2024-11-27T05:50:09.875Z] Error reading or processing Modbus registers: rejecting because of earlier OutOfSync error
[2024-11-27T05:50:09.874Z] Error reading register 6507 for IP 10.30.4.128: rejecting because of earlier OutOfSync error
[2024-11-27T05:50:09.875Z] Error reading or processing Modbus registers: rejecting because of earlier OutOfSync error
[2024-11-27T05:50:09.875Z] Error reading or processing Modbus registers: rejecting because of earlier OutOfSync error
[2024-11-27T05:50:09.875Z] Error reading or processing Modbus registers: rejecting because of earlier OutOfSync error
[2024-11-27T05:50:09.875Z] Error reading or processing Modbus registers: rejecting because of earlier OutOfSync error
[2024-11-27T05:50:09.875Z] Error reading or processing Modbus registers: rejecting because of earlier OutOfSync error
[2024-11-27T05:50:09.875Z] Error reading or processing Modbus registers: rejecting because of earlier OutOfSync error
[2024-11-27T05:50:09.875Z] Error reading or processing Modbus registers: rejecting because of earlier OutOfSync error
[2024-11-27T05:50:09.875Z] Error reading or processing Modbus registers: rejecting because of earlier OutOfSync error
[2024-11-27T05:50:09.875Z] Error reading or processing Modbus registers: rejecting because of earlier OutOfSync error
[2024-11-27T05:50:09.875Z] Error reading or processing Modbus registers: rejecting because of earlier OutOfSync error
[2024-11-27T05:50:09.875Z] Error reading or processing Modbus registers: rejecting because of earlier OutOfSync error
[2024-11-27T05:50:09.875Z] Error reading or processing Modbus registers: rejecting because of earlier OutOfSync error
[2024-11-27T05:50:09.875Z] Error reading or processing Modbus registers: rejecting because of earlier OutOfSync error
[2024-11-27T05:52:46.896Z] Error reading or processing Modbus registers: Req timed out
[2024-11-27T05:53:00.851Z] Unable to connect to device at 10.30.4.128: read ECONNRESET
[2024-11-27T05:53:00.853Z] Error reading register 6507 for IP 10.30.4.128: connection to modbus server closed
[2024-11-27T05:53:00.854Z] Error writing to Modbus register: rejecting because of earlier OutOfSync error
[2024-11-27T05:53:00.854Z] Error writing to Modbus register: rejecting because of earlier OutOfSync error
[2024-11-27T05:53:00.854Z] Error reading register 6507 for IP 10.30.4.128: rejecting because of earlier OutOfSync error
[2024-11-27T05:53:00.854Z] Error writing to Modbus register: rejecting because of earlier OutOfSync error
[2024-11-27T05:53:00.854Z] Error reading register 6507 for IP 10.30.4.128: rejecting because of earlier OutOfSync error
[2024-11-27T05:53:00.855Z] Error reading register 6507 for IP 10.30.4.128: rejecting because of earlier OutOfSync error
[2024-11-27T05:53:00.855Z] Error writing to Modbus register: rejecting because of earlier OutOfSync error
[2024-11-27T05:53:00.855Z] Error reading register 6507 for IP 10.30.4.128: rejecting because of earlier OutOfSync error
[2024-11-27T05:53:00.855Z] Error writing to Modbus register: rejecting because of earlier OutOfSync error
[2024-11-27T05:53:00.854Z] Error reading register 6507 for IP 10.30.4.128: rejecting because of earlier OutOfSync error
[2024-11-27T05:53:00.854Z] Error writing to Modbus register: rejecting because of earlier OutOfSync error
[2024-11-27T05:53:00.855Z] Error reading register 6507 for IP 10.30.4.128: rejecting because of earlier OutOfSync error
[2024-11-27T05:53:00.855Z] Error reading register 6507 for IP 10.30.4.128: rejecting because of earlier OutOfSync error
[2024-11-27T05:53:00.855Z] Error writing to Modbus register: rejecting because of earlier OutOfSync error
[2024-11-27T05:53:00.855Z] Error writing to Modbus register: rejecting because of earlier OutOfSync error
[2024-11-27T05:53:00.856Z] Error reading register 6507 for IP 10.30.4.128: rejecting because of earlier OutOfSync error
[2024-11-27T05:53:00.856Z] Error writing to Modbus register: rejecting because of earlier OutOfSync error
[2024-11-27T05:53:00.856Z] Error reading register 6507 for IP 10.30.4.128: rejecting because of earlier OutOfSync error
[2024-11-27T05:53:00.856Z] Error writing to Modbus register: rejecting because of earlier OutOfSync error
[2024-11-27T05:53:00.856Z] Error reading register 6507 for IP 10.30.4.128: rejecting because of earlier OutOfSync error
[2024-11-27T05:53:00.856Z] Error writing to Modbus register: rejecting because of earlier OutOfSync error
[2024-11-27T05:53:00.856Z] Error reading register 6507 for IP 10.30.4.128: rejecting because of earlier OutOfSync error
[2024-11-27T05:53:00.856Z] Error writing to Modbus register: rejecting because of earlier OutOfSync error
[2024-11-27T05:53:00.857Z] Error reading register 6507 for IP 10.30.4.128: rejecting because of earlier OutOfSync error
[2024-11-27T05:53:00.857Z] Error writing to Modbus register: rejecting because of earlier OutOfSync error
[2024-11-27T05:53:00.857Z] Error reading register 6507 for IP 10.30.4.128: rejecting because of earlier OutOfSync error
[2024-11-27T05:53:00.857Z] Error writing to Modbus register: rejecting because of earlier OutOfSync error
[2024-11-27T05:53:00.857Z] Error reading register 6507 for IP 10.30.4.128: rejecting because of earlier OutOfSync error
[2024-11-27T05:53:00.857Z] Error writing to Modbus register: rejecting because of earlier OutOfSync error
[2024-11-27T05:53:00.857Z] Error reading register 6507 for IP 10.30.4.128: rejecting because of earlier OutOfSync error
[2024-11-27T05:53:00.858Z] Error writing to Modbus register: rejecting because of earlier OutOfSync error
[2024-11-27T05:53:00.858Z] Error reading register 6507 for IP 10.30.4.128: rejecting because of earlier OutOfSync error
[2024-11-27T05:53:00.858Z] Error writing to Modbus register: rejecting because of earlier OutOfSync error
[2024-11-27T05:53:00.858Z] Error reading register 6507 for IP 10.30.4.128: rejecting because of earlier OutOfSync error
[2024-11-27T05:53:00.858Z] Error writing to Modbus register: rejecting because of earlier OutOfSync error
[2024-11-27T05:53:00.858Z] Error reading register 6507 for IP 10.30.4.128: rejecting because of earlier OutOfSync error
[2024-11-27T05:53:00.858Z] Error reading or processing Modbus registers: rejecting because of earlier OutOfSync error
[2024-11-27T05:53:00.858Z] Error reading or processing Modbus registers: rejecting because of earlier OutOfSync error
[2024-11-27T05:53:00.859Z] Error reading or processing Modbus registers: rejecting because of earlier OutOfSync error
[2024-11-27T05:53:00.858Z] Error writing to Modbus register: rejecting because of earlier OutOfSync error
[2024-11-27T05:53:00.859Z] Error reading or processing Modbus registers: rejecting because of earlier OutOfSync error
[2024-11-27T05:53:00.860Z] Error reading or processing Modbus registers: rejecting because of earlier OutOfSync error
[2024-11-27T05:53:00.859Z] Error reading or processing Modbus registers: rejecting because of earlier OutOfSync error
[2024-11-27T05:53:00.860Z] Error reading or processing Modbus registers: rejecting because of earlier OutOfSync error
[2024-11-27T05:53:00.860Z] Error reading or processing Modbus registers: rejecting because of earlier OutOfSync error
[2024-11-27T05:53:00.860Z] Error reading or processing Modbus registers: rejecting because of earlier OutOfSync error
[2024-11-27T05:53:00.860Z] Error reading or processing Modbus registers: rejecting because of earlier OutOfSync error
[2024-11-27T05:53:00.860Z] Error reading or processing Modbus registers: rejecting because of earlier OutOfSync error
[2024-11-27T05:53:00.860Z] Error reading or processing Modbus registers: rejecting because of earlier OutOfSync error
[2024-11-27T05:53:00.861Z] Error reading or processing Modbus registers: rejecting because of earlier OutOfSync error
[2024-11-27T05:53:00.861Z] Error reading or processing Modbus registers: rejecting because of earlier OutOfSync error
[2024-11-27T05:53:00.861Z] Error reading or processing Modbus registers: rejecting because of earlier OutOfSync error
[2024-11-27T05:53:00.861Z] Error reading or processing Modbus registers: rejecting because of earlier OutOfSync error
[2024-11-27T05:53:00.861Z] Error reading or processing Modbus registers: rejecting because of earlier OutOfSync error
[2024-11-27T05:53:00.861Z] Error reading or processing Modbus registers: rejecting because of earlier OutOfSync error
[2024-11-27T05:57:15.271Z] Error reading or processing Modbus registers: Req timed out
[2024-11-27T05:57:15.394Z] Error reading or processing Modbus registers: Req timed out
[2024-11-27T05:57:29.196Z] Unable to connect to device at 10.30.4.128: read ECONNRESET
[2024-11-27T05:57:29.199Z] Error reading register 6507 for IP 10.30.4.128: connection to modbus server closed
[2024-11-27T05:57:29.199Z] Error writing to Modbus register: rejecting because of earlier OutOfSync error
[2024-11-27T05:57:29.199Z] Error reading register 6507 for IP 10.30.4.128: rejecting because of earlier OutOfSync error
[2024-11-27T05:57:29.200Z] Error writing to Modbus register: rejecting because of earlier OutOfSync error
[2024-11-27T05:57:29.200Z] Error reading register 6507 for IP 10.30.4.128: rejecting because of earlier OutOfSync error
[2024-11-27T05:57:29.200Z] Error writing to Modbus register: rejecting because of earlier OutOfSync error
[2024-11-27T05:57:29.200Z] Error reading register 6507 for IP 10.30.4.128: rejecting because of earlier OutOfSync error
[2024-11-27T05:57:29.200Z] Error writing to Modbus register: rejecting because of earlier OutOfSync error
[2024-11-27T05:57:29.200Z] Error reading register 6507 for IP 10.30.4.128: rejecting because of earlier OutOfSync error
[2024-11-27T05:57:29.200Z] Error writing to Modbus register: rejecting because of earlier OutOfSync error
[2024-11-27T05:57:29.200Z] Error reading register 6507 for IP 10.30.4.128: rejecting because of earlier OutOfSync error
[2024-11-27T05:57:29.201Z] Error writing to Modbus register: rejecting because of earlier OutOfSync error
[2024-11-27T05:57:29.201Z] Error reading register 6507 for IP 10.30.4.128: rejecting because of earlier OutOfSync error
[2024-11-27T05:57:29.201Z] Error writing to Modbus register: rejecting because of earlier OutOfSync error
[2024-11-27T05:57:29.201Z] Error reading register 6507 for IP 10.30.4.128: rejecting because of earlier OutOfSync error
[2024-11-27T05:57:29.201Z] Error writing to Modbus register: rejecting because of earlier OutOfSync error
[2024-11-27T05:57:29.201Z] Error reading register 6507 for IP 10.30.4.128: rejecting because of earlier OutOfSync error
[2024-11-27T05:57:29.201Z] Error writing to Modbus register: rejecting because of earlier OutOfSync error
[2024-11-27T05:57:29.202Z] Error reading register 6507 for IP 10.30.4.128: rejecting because of earlier OutOfSync error
[2024-11-27T05:57:29.202Z] Error reading register 6507 for IP 10.30.4.128: rejecting because of earlier OutOfSync error
[2024-11-27T05:57:29.203Z] Error reading register 6507 for IP 10.30.4.128: rejecting because of earlier OutOfSync error
[2024-11-27T05:57:29.202Z] Error writing to Modbus register: rejecting because of earlier OutOfSync error
[2024-11-27T05:57:29.203Z] Error writing to Modbus register: rejecting because of earlier OutOfSync error
[2024-11-27T05:57:29.202Z] Error writing to Modbus register: rejecting because of earlier OutOfSync error
[2024-11-27T05:57:29.203Z] Error reading register 6507 for IP 10.30.4.128: rejecting because of earlier OutOfSync error
[2024-11-27T05:57:29.203Z] Error writing to Modbus register: rejecting because of earlier OutOfSync error
[2024-11-27T05:57:29.203Z] Error reading register 6507 for IP 10.30.4.128: rejecting because of earlier OutOfSync error
[2024-11-27T05:57:29.203Z] Error writing to Modbus register: rejecting because of earlier OutOfSync error
[2024-11-27T05:57:29.203Z] Error reading register 6507 for IP 10.30.4.128: rejecting because of earlier OutOfSync error
[2024-11-27T05:57:29.203Z] Error writing to Modbus register: rejecting because of earlier OutOfSync error
[2024-11-27T05:57:29.204Z] Error reading register 6507 for IP 10.30.4.128: rejecting because of earlier OutOfSync error
[2024-11-27T05:57:29.204Z] Error writing to Modbus register: rejecting because of earlier OutOfSync error
[2024-11-27T05:57:29.204Z] Error reading register 6507 for IP 10.30.4.128: rejecting because of earlier OutOfSync error
[2024-11-27T05:57:29.204Z] Error writing to Modbus register: rejecting because of earlier OutOfSync error
[2024-11-27T05:57:29.204Z] Error reading register 6507 for IP 10.30.4.128: rejecting because of earlier OutOfSync error
[2024-11-27T05:57:29.204Z] Error writing to Modbus register: rejecting because of earlier OutOfSync error
[2024-11-27T05:57:29.204Z] Error reading register 6507 for IP 10.30.4.128: rejecting because of earlier OutOfSync error
[2024-11-27T05:57:29.204Z] Error writing to Modbus register: rejecting because of earlier OutOfSync error
[2024-11-27T05:57:29.204Z] Error reading or processing Modbus registers: rejecting because of earlier OutOfSync error
[2024-11-27T05:57:29.205Z] Error reading or processing Modbus registers: rejecting because of earlier OutOfSync error
[2024-11-27T05:57:29.205Z] Error reading or processing Modbus registers: rejecting because of earlier OutOfSync error
[2024-11-27T05:57:29.205Z] Error reading or processing Modbus registers: rejecting because of earlier OutOfSync error
[2024-11-27T05:57:29.205Z] Error reading or processing Modbus registers: rejecting because of earlier OutOfSync error
[2024-11-27T05:57:29.205Z] Error reading or processing Modbus registers: rejecting because of earlier OutOfSync error
[2024-11-27T05:57:29.205Z] Error reading or processing Modbus registers: rejecting because of earlier OutOfSync error
[2024-11-27T05:57:29.205Z] Error reading or processing Modbus registers: rejecting because of earlier OutOfSync error
[2024-11-27T05:57:29.205Z] Error reading or processing Modbus registers: rejecting because of earlier OutOfSync error
[2024-11-27T05:57:29.206Z] Error reading or processing Modbus registers: rejecting because of earlier OutOfSync error
[2024-11-27T05:57:29.206Z] Error reading or processing Modbus registers: rejecting because of earlier OutOfSync error
[2024-11-27T05:57:29.206Z] Error reading or processing Modbus registers: rejecting because of earlier OutOfSync error
[2024-11-27T05:57:29.206Z] Error reading or processing Modbus registers: rejecting because of earlier OutOfSync error
[2024-11-27T05:57:29.206Z] Error reading or processing Modbus registers: rejecting because of earlier OutOfSync error
[2024-11-27T05:57:29.206Z] Error reading or processing Modbus registers: rejecting because of earlier OutOfSync error
[2024-11-27T05:57:29.206Z] Error reading or processing Modbus registers: rejecting because of earlier OutOfSync error
[2024-11-27T05:57:29.207Z] Error reading or processing Modbus registers: rejecting because of earlier OutOfSync error
[2024-11-27T05:57:29.206Z] Error reading or processing Modbus registers: rejecting because of earlier OutOfSync error
[2024-11-27T05:57:29.350Z] Unable to connect to device at 10.30.4.128: read ECONNRESET
[2024-11-27T05:57:29.351Z] Error reading register 6507 for IP 10.30.4.128: connection to modbus server closed
[2024-11-27T05:57:29.351Z] Error writing to Modbus register: rejecting because of earlier OutOfSync error
[2024-11-27T05:57:29.352Z] Error reading register 6507 for IP 10.30.4.128: rejecting because of earlier OutOfSync error
[2024-11-27T05:57:29.352Z] Error writing to Modbus register: rejecting because of earlier OutOfSync error
[2024-11-27T05:57:29.352Z] Error reading register 6507 for IP 10.30.4.128: rejecting because of earlier OutOfSync error
[2024-11-27T05:57:29.352Z] Error writing to Modbus register: rejecting because of earlier OutOfSync error
[2024-11-27T05:57:29.352Z] Error reading register 6507 for IP 10.30.4.128: rejecting because of earlier OutOfSync error
[2024-11-27T05:57:29.352Z] Error writing to Modbus register: rejecting because of earlier OutOfSync error
[2024-11-27T05:57:29.353Z] Error reading register 6507 for IP 10.30.4.128: rejecting because of earlier OutOfSync error
[2024-11-27T05:57:29.353Z] Error writing to Modbus register: rejecting because of earlier OutOfSync error
[2024-11-27T05:57:29.353Z] Error reading register 6507 for IP 10.30.4.128: rejecting because of earlier OutOfSync error
[2024-11-27T05:57:29.353Z] Error writing to Modbus register: rejecting because of earlier OutOfSync error
[2024-11-27T05:57:29.353Z] Error reading register 6507 for IP 10.30.4.128: rejecting because of earlier OutOfSync error
[2024-11-27T05:57:29.353Z] Error writing to Modbus register: rejecting because of earlier OutOfSync error
[2024-11-27T05:57:29.354Z] Error reading register 6507 for IP 10.30.4.128: rejecting because of earlier OutOfSync error
[2024-11-27T05:57:29.354Z] Error writing to Modbus register: rejecting because of earlier OutOfSync error
[2024-11-27T05:57:29.354Z] Error reading register 6507 for IP 10.30.4.128: rejecting because of earlier OutOfSync error
[2024-11-27T05:57:29.354Z] Error writing to Modbus register: rejecting because of earlier OutOfSync error
[2024-11-27T05:57:29.354Z] Error reading register 6507 for IP 10.30.4.128: rejecting because of earlier OutOfSync error
[2024-11-27T05:57:29.354Z] Error writing to Modbus register: rejecting because of earlier OutOfSync error
[2024-11-27T05:57:29.354Z] Error reading register 6507 for IP 10.30.4.128: rejecting because of earlier OutOfSync error
[2024-11-27T05:57:29.355Z] Error writing to Modbus register: rejecting because of earlier OutOfSync error
[2024-11-27T05:57:29.355Z] Error reading register 6507 for IP 10.30.4.128: rejecting because of earlier OutOfSync error
[2024-11-27T05:57:29.355Z] Error writing to Modbus register: rejecting because of earlier OutOfSync error
[2024-11-27T05:57:29.355Z] Error reading register 6507 for IP 10.30.4.128: rejecting because of earlier OutOfSync error
[2024-11-27T05:57:29.355Z] Error writing to Modbus register: rejecting because of earlier OutOfSync error
[2024-11-27T05:57:29.355Z] Error reading register 6507 for IP 10.30.4.128: rejecting because of earlier OutOfSync error
[2024-11-27T05:57:29.356Z] Error writing to Modbus register: rejecting because of earlier OutOfSync error
[2024-11-27T05:57:29.356Z] Error reading register 6507 for IP 10.30.4.128: rejecting because of earlier OutOfSync error
[2024-11-27T05:57:29.356Z] Error writing to Modbus register: rejecting because of earlier OutOfSync error
[2024-11-27T05:57:29.356Z] Error reading register 6507 for IP 10.30.4.128: rejecting because of earlier OutOfSync error
[2024-11-27T05:57:29.356Z] Error writing to Modbus register: rejecting because of earlier OutOfSync error
[2024-11-27T05:57:29.356Z] Error reading register 6507 for IP 10.30.4.128: rejecting because of earlier OutOfSync error
[2024-11-27T05:57:29.356Z] Error writing to Modbus register: rejecting because of earlier OutOfSync error
[2024-11-27T05:57:29.357Z] Error reading register 6507 for IP 10.30.4.128: rejecting because of earlier OutOfSync error
[2024-11-27T05:57:29.357Z] Error reading register 6507 for IP 10.30.4.128: rejecting because of earlier OutOfSync error
[2024-11-27T05:57:29.357Z] Error writing to Modbus register: rejecting because of earlier OutOfSync error
[2024-11-27T05:57:29.357Z] Error reading or processing Modbus registers: rejecting because of earlier OutOfSync error
[2024-11-27T05:57:29.357Z] Error reading or processing Modbus registers: rejecting because of earlier OutOfSync error
[2024-11-27T05:57:29.357Z] Error writing to Modbus register: rejecting because of earlier OutOfSync error
[2024-11-27T05:57:29.357Z] Error reading or processing Modbus registers: rejecting because of earlier OutOfSync error
[2024-11-27T05:57:29.358Z] Error reading or processing Modbus registers: rejecting because of earlier OutOfSync error
[2024-11-27T05:57:29.358Z] Error reading or processing Modbus registers: rejecting because of earlier OutOfSync error
[2024-11-27T05:57:29.358Z] Error reading or processing Modbus registers: rejecting because of earlier OutOfSync error
[2024-11-27T05:57:29.358Z] Error reading or processing Modbus registers: rejecting because of earlier OutOfSync error
[2024-11-27T05:57:29.358Z] Error reading or processing Modbus registers: rejecting because of earlier OutOfSync error
[2024-11-27T05:57:29.358Z] Error reading or processing Modbus registers: rejecting because of earlier OutOfSync error
[2024-11-27T05:57:29.359Z] Error reading or processing Modbus registers: rejecting because of earlier OutOfSync error
[2024-11-27T05:57:29.359Z] Error reading or processing Modbus registers: rejecting because of earlier OutOfSync error
[2024-11-27T05:57:29.359Z] Error reading or processing Modbus registers: rejecting because of earlier OutOfSync error
[2024-11-27T05:57:29.359Z] Error reading or processing Modbus registers: rejecting because of earlier OutOfSync error
[2024-11-27T05:57:29.359Z] Error reading or processing Modbus registers: rejecting because of earlier OutOfSync error
[2024-11-27T05:57:29.359Z] Error reading or processing Modbus registers: rejecting because of earlier OutOfSync error
[2024-11-27T05:57:29.359Z] Error reading or processing Modbus registers: rejecting because of earlier OutOfSync error
[2024-11-27T05:57:29.360Z] Error reading or processing Modbus registers: rejecting because of earlier OutOfSync error
[2024-11-27T05:57:29.360Z] Error reading or processing Modbus registers: rejecting because of earlier OutOfSync error
[2024-11-27T06:01:57.959Z] Device at 10.30.4.128 is not reachable. Skipping connection attempt.
[2024-11-27T06:01:58.774Z] Unable to connect to device at 10.30.4.128: read ECONNRESET
[2024-11-27T06:01:58.776Z] Error reading register 6507 for IP 10.30.4.128: rejecting because of earlier OutOfSync error
[2024-11-27T06:01:58.776Z] Error writing to Modbus register: rejecting because of earlier OutOfSync error
[2024-11-27T06:01:58.776Z] Error reading register 6507 for IP 10.30.4.128: rejecting because of earlier OutOfSync error
[2024-11-27T06:01:58.776Z] Error writing to Modbus register: rejecting because of earlier OutOfSync error
[2024-11-27T06:01:58.777Z] Error reading register 6507 for IP 10.30.4.128: rejecting because of earlier OutOfSync error
[2024-11-27T06:01:58.777Z] Error writing to Modbus register: rejecting because of earlier OutOfSync error
[2024-11-27T06:01:58.777Z] Error reading register 6507 for IP 10.30.4.128: rejecting because of earlier OutOfSync error
[2024-11-27T06:01:58.777Z] Error writing to Modbus register: rejecting because of earlier OutOfSync error
[2024-11-27T06:01:58.777Z] Error reading register 6507 for IP 10.30.4.128: rejecting because of earlier OutOfSync error
[2024-11-27T06:01:58.777Z] Error writing to Modbus register: rejecting because of earlier OutOfSync error
[2024-11-27T06:01:58.777Z] Error reading register 6507 for IP 10.30.4.128: rejecting because of earlier OutOfSync error
[2024-11-27T06:01:58.777Z] Error reading register 6507 for IP 10.30.4.128: rejecting because of earlier OutOfSync error
[2024-11-27T06:01:58.777Z] Error writing to Modbus register: rejecting because of earlier OutOfSync error
[2024-11-27T06:01:58.777Z] Error writing to Modbus register: rejecting because of earlier OutOfSync error
[2024-11-27T06:01:58.777Z] Error reading register 6507 for IP 10.30.4.128: rejecting because of earlier OutOfSync error
[2024-11-27T06:01:58.777Z] Error reading register 6507 for IP 10.30.4.128: rejecting because of earlier OutOfSync error
[2024-11-27T06:01:58.777Z] Error writing to Modbus register: rejecting because of earlier OutOfSync error
[2024-11-27T06:01:58.777Z] Error writing to Modbus register: rejecting because of earlier OutOfSync error
[2024-11-27T06:01:58.777Z] Error writing to Modbus register: rejecting because of earlier OutOfSync error
[2024-11-27T06:01:58.777Z] Error reading register 6507 for IP 10.30.4.128: rejecting because of earlier OutOfSync error
[2024-11-27T06:01:58.777Z] Error reading register 6507 for IP 10.30.4.128: rejecting because of earlier OutOfSync error
[2024-11-27T06:01:58.777Z] Error writing to Modbus register: rejecting because of earlier OutOfSync error
[2024-11-27T06:01:58.777Z] Error reading register 6507 for IP 10.30.4.128: rejecting because of earlier OutOfSync error
[2024-11-27T06:01:58.778Z] Error writing to Modbus register: rejecting because of earlier OutOfSync error
[2024-11-27T06:01:58.778Z] Error reading register 6507 for IP 10.30.4.128: rejecting because of earlier OutOfSync error
[2024-11-27T06:01:58.778Z] Error writing to Modbus register: rejecting because of earlier OutOfSync error
[2024-11-27T06:01:58.777Z] Error writing to Modbus register: rejecting because of earlier OutOfSync error
[2024-11-27T06:01:58.778Z] Error reading register 6507 for IP 10.30.4.128: rejecting because of earlier OutOfSync error
[2024-11-27T06:01:58.778Z] Error writing to Modbus register: rejecting because of earlier OutOfSync error
[2024-11-27T06:01:58.777Z] Error reading register 6507 for IP 10.30.4.128: rejecting because of earlier OutOfSync error
[2024-11-27T06:01:58.778Z] Error reading register 6507 for IP 10.30.4.128: rejecting because of earlier OutOfSync error
[2024-11-27T06:01:58.778Z] Error writing to Modbus register: rejecting because of earlier OutOfSync error
[2024-11-27T06:01:58.778Z] Error reading register 6507 for IP 10.30.4.128: rejecting because of earlier OutOfSync error
[2024-11-27T06:01:58.778Z] Error writing to Modbus register: rejecting because of earlier OutOfSync error
[2024-11-27T06:01:58.778Z] Error reading register 6507 for IP 10.30.4.128: rejecting because of earlier OutOfSync error
[2024-11-27T06:01:58.778Z] Error writing to Modbus register: rejecting because of earlier OutOfSync error
[2024-11-27T06:01:58.778Z] Error reading register 6507 for IP 10.30.4.128: rejecting because of earlier OutOfSync error
[2024-11-27T06:01:58.778Z] Error writing to Modbus register: rejecting because of earlier OutOfSync error
[2024-11-27T06:01:58.778Z] Error reading register 6507 for IP 10.30.4.128: rejecting because of earlier OutOfSync error
[2024-11-27T06:01:58.778Z] Error writing to Modbus register: rejecting because of earlier OutOfSync error
[2024-11-27T06:01:58.778Z] Error reading register 6507 for IP 10.30.4.128: rejecting because of earlier OutOfSync error
[2024-11-27T06:01:58.778Z] Error writing to Modbus register: rejecting because of earlier OutOfSync error
[2024-11-27T06:01:58.778Z] Error reading register 6507 for IP 10.30.4.128: rejecting because of earlier OutOfSync error
[2024-11-27T06:01:58.778Z] Error writing to Modbus register: rejecting because of earlier OutOfSync error
[2024-11-27T06:01:58.779Z] Error reading register 6507 for IP 10.30.4.128: rejecting because of earlier OutOfSync error
[2024-11-27T06:01:58.779Z] Error writing to Modbus register: rejecting because of earlier OutOfSync error
[2024-11-27T06:01:58.779Z] Error reading register 6507 for IP 10.30.4.128: rejecting because of earlier OutOfSync error
[2024-11-27T06:01:58.778Z] Error writing to Modbus register: rejecting because of earlier OutOfSync error
[2024-11-27T06:01:58.779Z] Error reading or processing Modbus registers: rejecting because of earlier OutOfSync error
[2024-11-27T06:01:58.778Z] Error reading register 6507 for IP 10.30.4.128: rejecting because of earlier OutOfSync error
[2024-11-27T06:01:58.779Z] Error reading or processing Modbus registers: rejecting because of earlier OutOfSync error
[2024-11-27T06:01:58.779Z] Error reading or processing Modbus registers: rejecting because of earlier OutOfSync error
[2024-11-27T06:01:58.779Z] Error reading or processing Modbus registers: rejecting because of earlier OutOfSync error
[2024-11-27T06:01:58.779Z] Error reading or processing Modbus registers: rejecting because of earlier OutOfSync error
[2024-11-27T06:01:58.779Z] Error reading or processing Modbus registers: rejecting because of earlier OutOfSync error
[2024-11-27T06:01:58.779Z] Error reading or processing Modbus registers: rejecting because of earlier OutOfSync error
[2024-11-27T06:01:58.779Z] Error reading or processing Modbus registers: rejecting because of earlier OutOfSync error
[2024-11-27T06:01:58.779Z] Error reading or processing Modbus registers: rejecting because of earlier OutOfSync error
[2024-11-27T06:01:58.779Z] Error writing to Modbus register: rejecting because of earlier OutOfSync error
[2024-11-27T06:01:58.779Z] Error reading or processing Modbus registers: rejecting because of earlier OutOfSync error
[2024-11-27T06:01:58.779Z] Error reading or processing Modbus registers: rejecting because of earlier OutOfSync error
[2024-11-27T06:01:58.779Z] Error reading or processing Modbus registers: rejecting because of earlier OutOfSync error
[2024-11-27T06:01:58.779Z] Error reading or processing Modbus registers: rejecting because of earlier OutOfSync error
[2024-11-27T06:01:58.779Z] Error reading or processing Modbus registers: rejecting because of earlier OutOfSync error
[2024-11-27T06:01:58.779Z] Error reading or processing Modbus registers: rejecting because of earlier OutOfSync error
[2024-11-27T06:01:58.779Z] Error reading or processing Modbus registers: rejecting because of earlier OutOfSync error
[2024-11-27T06:01:58.779Z] Error reading or processing Modbus registers: rejecting because of earlier OutOfSync error
[2024-11-27T06:01:58.779Z] Error reading or processing Modbus registers: rejecting because of earlier OutOfSync error
[2024-11-27T06:01:58.779Z] Error reading or processing Modbus registers: rejecting because of earlier OutOfSync error
[2024-11-27T06:01:58.780Z] Error reading or processing Modbus registers: rejecting because of earlier OutOfSync error
[2024-11-27T06:01:58.780Z] Error reading or processing Modbus registers: rejecting because of earlier OutOfSync error
[2024-11-27T06:01:58.780Z] Error reading or processing Modbus registers: rejecting because of earlier OutOfSync error
[2024-11-27T06:01:58.780Z] Error reading or processing Modbus registers: rejecting because of earlier OutOfSync error
[2024-11-27T06:01:58.780Z] Error reading or processing Modbus registers: rejecting because of earlier OutOfSync error
[2024-11-27T06:01:58.780Z] Error reading or processing Modbus registers: rejecting because of earlier OutOfSync error
[2024-11-27T06:01:58.780Z] Unable to connect to device at 10.30.4.128: read ECONNRESET
[2024-11-27T06:01:58.780Z] Unable to connect to device at 10.30.4.128: read ECONNRESET
[2024-11-27T06:01:58.784Z] Error writing to Modbus register: rejecting because of earlier OutOfSync error
[2024-11-27T06:01:58.784Z] Error reading register 6507 for IP 10.30.4.128: rejecting because of earlier OutOfSync error
[2024-11-27T06:01:58.784Z] Error reading register 6507 for IP 10.30.4.128: rejecting because of earlier OutOfSync error
[2024-11-27T06:01:58.784Z] Error writing to Modbus register: rejecting because of earlier OutOfSync error
[2024-11-27T06:01:58.784Z] Error reading register 6507 for IP 10.30.4.128: rejecting because of earlier OutOfSync error
[2024-11-27T06:01:58.784Z] Error writing to Modbus register: rejecting because of earlier OutOfSync error
[2024-11-27T06:01:58.784Z] Error reading register 6507 for IP 10.30.4.128: rejecting because of earlier OutOfSync error
[2024-11-27T06:01:58.784Z] Error writing to Modbus register: rejecting because of earlier OutOfSync error
[2024-11-27T06:01:58.785Z] Error reading register 6507 for IP 10.30.4.128: rejecting because of earlier OutOfSync error
[2024-11-27T06:01:58.785Z] Error writing to Modbus register: rejecting because of earlier OutOfSync error
[2024-11-27T06:01:58.785Z] Error reading register 6507 for IP 10.30.4.128: rejecting because of earlier OutOfSync error
[2024-11-27T06:01:58.785Z] Error writing to Modbus register: rejecting because of earlier OutOfSync error
[2024-11-27T06:01:58.785Z] Error reading register 6507 for IP 10.30.4.128: rejecting because of earlier OutOfSync error
[2024-11-27T06:01:58.785Z] Error writing to Modbus register: rejecting because of earlier OutOfSync error
[2024-11-27T06:01:58.785Z] Error reading register 6507 for IP 10.30.4.128: rejecting because of earlier OutOfSync error
[2024-11-27T06:01:58.785Z] Error writing to Modbus register: rejecting because of earlier OutOfSync error
[2024-11-27T06:01:58.785Z] Error reading register 6507 for IP 10.30.4.128: rejecting because of earlier OutOfSync error
[2024-11-27T06:01:58.785Z] Error writing to Modbus register: rejecting because of earlier OutOfSync error
[2024-11-27T06:01:58.785Z] Error reading register 6507 for IP 10.30.4.128: rejecting because of earlier OutOfSync error
[2024-11-27T06:01:58.785Z] Error writing to Modbus register: rejecting because of earlier OutOfSync error
[2024-11-27T06:01:58.785Z] Error reading register 6507 for IP 10.30.4.128: rejecting because of earlier OutOfSync error
[2024-11-27T06:01:58.785Z] Error writing to Modbus register: rejecting because of earlier OutOfSync error
[2024-11-27T06:01:58.785Z] Error reading register 6507 for IP 10.30.4.128: rejecting because of earlier OutOfSync error
[2024-11-27T06:01:58.785Z] Error writing to Modbus register: rejecting because of earlier OutOfSync error
[2024-11-27T06:01:58.784Z] Error reading register 6507 for IP 10.30.4.128: rejecting because of earlier OutOfSync error
[2024-11-27T06:01:58.785Z] Error reading register 6507 for IP 10.30.4.128: rejecting because of earlier OutOfSync error
[2024-11-27T06:01:58.785Z] Error reading register 6507 for IP 10.30.4.128: rejecting because of earlier OutOfSync error
[2024-11-27T06:01:58.785Z] Error writing to Modbus register: rejecting because of earlier OutOfSync error
[2024-11-27T06:01:58.785Z] Error reading register 6507 for IP 10.30.4.128: rejecting because of earlier OutOfSync error
[2024-11-27T06:01:58.785Z] Error writing to Modbus register: rejecting because of earlier OutOfSync error
[2024-11-27T06:01:58.786Z] Error reading register 6507 for IP 10.30.4.128: rejecting because of earlier OutOfSync error
[2024-11-27T06:01:58.786Z] Error writing to Modbus register: rejecting because of earlier OutOfSync error
[2024-11-27T06:01:58.786Z] Error reading register 6507 for IP 10.30.4.128: rejecting because of earlier OutOfSync error
[2024-11-27T06:01:58.786Z] Error writing to Modbus register: rejecting because of earlier OutOfSync error
[2024-11-27T06:01:58.786Z] Error reading register 6507 for IP 10.30.4.128: rejecting because of earlier OutOfSync error
[2024-11-27T06:01:58.786Z] Error writing to Modbus register: rejecting because of earlier OutOfSync error
[2024-11-27T06:01:58.786Z] Error reading register 6507 for IP 10.30.4.128: rejecting because of earlier OutOfSync error
[2024-11-27T06:01:58.786Z] Error writing to Modbus register: rejecting because of earlier OutOfSync error
[2024-11-27T06:01:58.786Z] Error reading register 6507 for IP 10.30.4.128: rejecting because of earlier OutOfSync error
[2024-11-27T06:01:58.784Z] Error writing to Modbus register: rejecting because of earlier OutOfSync error
[2024-11-27T06:01:58.786Z] Error writing to Modbus register: rejecting because of earlier OutOfSync error
[2024-11-27T06:01:58.786Z] Error reading register 6507 for IP 10.30.4.128: rejecting because of earlier OutOfSync error
[2024-11-27T06:01:58.786Z] Error writing to Modbus register: rejecting because of earlier OutOfSync error
[2024-11-27T06:01:58.786Z] Error reading register 6507 for IP 10.30.4.128: rejecting because of earlier OutOfSync error
[2024-11-27T06:01:58.786Z] Error writing to Modbus register: rejecting because of earlier OutOfSync error
[2024-11-27T06:01:58.786Z] Error reading register 6507 for IP 10.30.4.128: rejecting because of earlier OutOfSync error
[2024-11-27T06:01:58.786Z] Error reading register 6507 for IP 10.30.4.128: rejecting because of earlier OutOfSync error
[2024-11-27T06:01:58.786Z] Error writing to Modbus register: rejecting because of earlier OutOfSync error
[2024-11-27T06:01:58.786Z] Error writing to Modbus register: rejecting because of earlier OutOfSync error
[2024-11-27T06:01:58.786Z] Error reading or processing Modbus registers: rejecting because of earlier OutOfSync error
[2024-11-27T06:01:58.786Z] Error reading or processing Modbus registers: rejecting because of earlier OutOfSync error
[2024-11-27T06:01:58.785Z] Error writing to Modbus register: rejecting because of earlier OutOfSync error
[2024-11-27T06:01:58.786Z] Error reading or processing Modbus registers: rejecting because of earlier OutOfSync error
[2024-11-27T06:01:58.787Z] Error reading or processing Modbus registers: rejecting because of earlier OutOfSync error
[2024-11-27T06:01:58.787Z] Error reading or processing Modbus registers: rejecting because of earlier OutOfSync error
[2024-11-27T06:01:58.787Z] Error reading or processing Modbus registers: rejecting because of earlier OutOfSync error
[2024-11-27T06:01:58.787Z] Error reading or processing Modbus registers: rejecting because of earlier OutOfSync error
[2024-11-27T06:01:58.787Z] Error reading or processing Modbus registers: rejecting because of earlier OutOfSync error
[2024-11-27T06:01:58.787Z] Error reading or processing Modbus registers: rejecting because of earlier OutOfSync error
[2024-11-27T06:01:58.787Z] Error reading or processing Modbus registers: rejecting because of earlier OutOfSync error
[2024-11-27T06:01:58.787Z] Error reading or processing Modbus registers: rejecting because of earlier OutOfSync error
[2024-11-27T06:01:58.787Z] Error reading or processing Modbus registers: rejecting because of earlier OutOfSync error
[2024-11-27T06:01:58.787Z] Error reading or processing Modbus registers: rejecting because of earlier OutOfSync error
[2024-11-27T06:01:58.787Z] Error reading or processing Modbus registers: rejecting because of earlier OutOfSync error
[2024-11-27T06:01:58.787Z] Error reading or processing Modbus registers: rejecting because of earlier OutOfSync error
[2024-11-27T06:01:58.787Z] Error reading or processing Modbus registers: rejecting because of earlier OutOfSync error
[2024-11-27T06:01:58.787Z] Error reading or processing Modbus registers: rejecting because of earlier OutOfSync error
[2024-11-27T06:01:58.787Z] Error reading or processing Modbus registers: rejecting because of earlier OutOfSync error
[2024-11-27T06:01:58.787Z] Error reading or processing Modbus registers: rejecting because of earlier OutOfSync error
[2024-11-27T06:01:58.787Z] Error reading or processing Modbus registers: rejecting because of earlier OutOfSync error
[2024-11-27T06:01:58.787Z] Error reading or processing Modbus registers: rejecting because of earlier OutOfSync error
[2024-11-27T06:01:58.787Z] Error reading or processing Modbus registers: rejecting because of earlier OutOfSync error
[2024-11-27T06:01:58.787Z] Error reading or processing Modbus registers: rejecting because of earlier OutOfSync error
[2024-11-27T06:01:58.788Z] Error reading register 6507 for IP 10.30.4.128: rejecting because of earlier OutOfSync error
[2024-11-27T06:01:58.787Z] Error reading or processing Modbus registers: rejecting because of earlier OutOfSync error
[2024-11-27T06:01:58.788Z] Error reading register 6507 for IP 10.30.4.128: rejecting because of earlier OutOfSync error
[2024-11-27T06:01:58.788Z] Error writing to Modbus register: rejecting because of earlier OutOfSync error
[2024-11-27T06:01:58.787Z] Error reading or processing Modbus registers: rejecting because of earlier OutOfSync error
[2024-11-27T06:01:58.788Z] Error writing to Modbus register: rejecting because of earlier OutOfSync error
[2024-11-27T06:01:58.788Z] Error reading register 6507 for IP 10.30.4.128: rejecting because of earlier OutOfSync error
[2024-11-27T06:01:58.788Z] Error writing to Modbus register: rejecting because of earlier OutOfSync error
[2024-11-27T06:01:58.788Z] Error reading register 6507 for IP 10.30.4.128: rejecting because of earlier OutOfSync error
[2024-11-27T06:01:58.788Z] Error reading register 6507 for IP 10.30.4.128: rejecting because of earlier OutOfSync error
[2024-11-27T06:01:58.789Z] Error writing to Modbus register: rejecting because of earlier OutOfSync error
[2024-11-27T06:01:58.789Z] Error reading register 6507 for IP 10.30.4.128: rejecting because of earlier OutOfSync error
[2024-11-27T06:01:58.788Z] Error writing to Modbus register: rejecting because of earlier OutOfSync error
[2024-11-27T06:01:58.789Z] Error writing to Modbus register: rejecting because of earlier OutOfSync error
[2024-11-27T06:01:58.789Z] Error writing to Modbus register: rejecting because of earlier OutOfSync error
[2024-11-27T06:01:58.789Z] Error reading register 6507 for IP 10.30.4.128: rejecting because of earlier OutOfSync error
[2024-11-27T06:01:58.789Z] Error reading register 6507 for IP 10.30.4.128: rejecting because of earlier OutOfSync error
[2024-11-27T06:01:58.789Z] Error writing to Modbus register: rejecting because of earlier OutOfSync error
[2024-11-27T06:01:58.789Z] Error writing to Modbus register: rejecting because of earlier OutOfSync error
[2024-11-27T06:01:58.789Z] Error reading register 6507 for IP 10.30.4.128: rejecting because of earlier OutOfSync error
[2024-11-27T06:01:58.789Z] Error writing to Modbus register: rejecting because of earlier OutOfSync error
[2024-11-27T06:01:58.789Z] Error reading register 6507 for IP 10.30.4.128: rejecting because of earlier OutOfSync error
[2024-11-27T06:01:58.789Z] Error writing to Modbus register: rejecting because of earlier OutOfSync error
[2024-11-27T06:01:58.789Z] Error reading register 6507 for IP 10.30.4.128: rejecting because of earlier OutOfSync error
[2024-11-27T06:01:58.789Z] Error reading register 6507 for IP 10.30.4.128: rejecting because of earlier OutOfSync error
[2024-11-27T06:01:58.789Z] Error reading register 6507 for IP 10.30.4.128: rejecting because of earlier OutOfSync error
[2024-11-27T06:01:58.789Z] Error writing to Modbus register: rejecting because of earlier OutOfSync error
[2024-11-27T06:01:58.789Z] Error writing to Modbus register: rejecting because of earlier OutOfSync error
[2024-11-27T06:01:58.789Z] Error writing to Modbus register: rejecting because of earlier OutOfSync error
[2024-11-27T06:01:58.789Z] Error reading register 6507 for IP 10.30.4.128: rejecting because of earlier OutOfSync error
[2024-11-27T06:01:58.789Z] Error reading register 6507 for IP 10.30.4.128: rejecting because of earlier OutOfSync error
[2024-11-27T06:01:58.790Z] Error reading register 6507 for IP 10.30.4.128: rejecting because of earlier OutOfSync error
[2024-11-27T06:01:58.789Z] Error writing to Modbus register: rejecting because of earlier OutOfSync error
[2024-11-27T06:01:58.790Z] Error reading register 6507 for IP 10.30.4.128: rejecting because of earlier OutOfSync error
[2024-11-27T06:01:58.790Z] Error writing to Modbus register: rejecting because of earlier OutOfSync error
[2024-11-27T06:01:58.790Z] Error reading register 6507 for IP 10.30.4.128: rejecting because of earlier OutOfSync error
[2024-11-27T06:01:58.790Z] Error writing to Modbus register: rejecting because of earlier OutOfSync error
[2024-11-27T06:01:58.790Z] Error reading register 6507 for IP 10.30.4.128: rejecting because of earlier OutOfSync error
[2024-11-27T06:01:58.790Z] Error writing to Modbus register: rejecting because of earlier OutOfSync error
[2024-11-27T06:01:58.790Z] Error writing to Modbus register: rejecting because of earlier OutOfSync error
[2024-11-27T06:01:58.790Z] Error writing to Modbus register: rejecting because of earlier OutOfSync error
[2024-11-27T06:01:58.790Z] Error reading register 6507 for IP 10.30.4.128: rejecting because of earlier OutOfSync error
[2024-11-27T06:01:58.790Z] Error reading register 6507 for IP 10.30.4.128: rejecting because of earlier OutOfSync error
[2024-11-27T06:01:58.790Z] Error writing to Modbus register: rejecting because of earlier OutOfSync error
[2024-11-27T06:01:58.790Z] Error reading register 6507 for IP 10.30.4.128: rejecting because of earlier OutOfSync error
[2024-11-27T06:01:58.790Z] Error writing to Modbus register: rejecting because of earlier OutOfSync error
[2024-11-27T06:01:58.790Z] Error reading register 6507 for IP 10.30.4.128: rejecting because of earlier OutOfSync error
[2024-11-27T06:01:58.790Z] Error writing to Modbus register: rejecting because of earlier OutOfSync error
[2024-11-27T06:01:58.791Z] Error reading or processing Modbus registers: rejecting because of earlier OutOfSync error
[2024-11-27T06:01:58.791Z] Error reading or processing Modbus registers: rejecting because of earlier OutOfSync error
[2024-11-27T06:01:58.791Z] Error reading or processing Modbus registers: rejecting because of earlier OutOfSync error
[2024-11-27T06:01:58.791Z] Error reading or processing Modbus registers: rejecting because of earlier OutOfSync error
[2024-11-27T06:01:58.791Z] Error reading or processing Modbus registers: rejecting because of earlier OutOfSync error
[2024-11-27T06:01:58.791Z] Error reading or processing Modbus registers: rejecting because of earlier OutOfSync error
[2024-11-27T06:01:58.791Z] Error reading or processing Modbus registers: rejecting because of earlier OutOfSync error
[2024-11-27T06:01:58.790Z] Error writing to Modbus register: rejecting because of earlier OutOfSync error
[2024-11-27T06:01:58.791Z] Error reading or processing Modbus registers: rejecting because of earlier OutOfSync error
[2024-11-27T06:01:58.791Z] Error reading or processing Modbus registers: rejecting because of earlier OutOfSync error
[2024-11-27T06:01:58.790Z] Error reading register 6507 for IP 10.30.4.128: rejecting because of earlier OutOfSync error
[2024-11-27T06:01:58.791Z] Error reading or processing Modbus registers: rejecting because of earlier OutOfSync error
[2024-11-27T06:01:58.791Z] Error reading or processing Modbus registers: rejecting because of earlier OutOfSync error
[2024-11-27T06:01:58.790Z] Error reading register 6507 for IP 10.30.4.128: rejecting because of earlier OutOfSync error
[2024-11-27T06:01:58.790Z] Error writing to Modbus register: rejecting because of earlier OutOfSync error
[2024-11-27T06:01:58.791Z] Error reading or processing Modbus registers: rejecting because of earlier OutOfSync error
[2024-11-27T06:01:58.791Z] Error reading or processing Modbus registers: rejecting because of earlier OutOfSync error
[2024-11-27T06:01:58.791Z] Error reading or processing Modbus registers: rejecting because of earlier OutOfSync error
[2024-11-27T06:01:58.791Z] Error reading or processing Modbus registers: rejecting because of earlier OutOfSync error
[2024-11-27T06:01:58.791Z] Error reading or processing Modbus registers: rejecting because of earlier OutOfSync error
[2024-11-27T06:01:58.791Z] Error reading or processing Modbus registers: rejecting because of earlier OutOfSync error
[2024-11-27T06:01:58.791Z] Error reading or processing Modbus registers: rejecting because of earlier OutOfSync error
[2024-11-27T06:01:58.791Z] Error reading or processing Modbus registers: rejecting because of earlier OutOfSync error
[2024-11-27T06:01:58.792Z] Error reading or processing Modbus registers: rejecting because of earlier OutOfSync error
[2024-11-27T06:01:58.791Z] Error reading or processing Modbus registers: rejecting because of earlier OutOfSync error
[2024-11-27T06:01:58.791Z] Error reading or processing Modbus registers: rejecting because of earlier OutOfSync error
[2024-11-27T06:01:58.791Z] Error reading or processing Modbus registers: rejecting because of earlier OutOfSync error
[2024-11-27T06:01:58.792Z] Error reading or processing Modbus registers: rejecting because of earlier OutOfSync error
[2024-11-27T06:01:58.792Z] Error reading or processing Modbus registers: rejecting because of earlier OutOfSync error
[2024-11-27T06:01:58.796Z] Unable to connect to device at 10.30.4.128: read ECONNRESET
[2024-11-27T06:01:58.797Z] Unable to connect to device at 10.30.4.128: read ECONNRESET
[2024-11-27T06:01:58.797Z] Unable to connect to device at 10.30.4.128: read ECONNRESET
[2024-11-27T06:01:58.797Z] Unable to connect to device at 10.30.4.128: read ECONNRESET
[2024-11-27T06:01:58.799Z] Error writing to Modbus register: rejecting because of earlier OutOfSync error
[2024-11-27T06:01:58.799Z] Error reading register 6507 for IP 10.30.4.128: rejecting because of earlier OutOfSync error
[2024-11-27T06:01:58.799Z] Error reading register 6507 for IP 10.30.4.128: rejecting because of earlier OutOfSync error
[2024-11-27T06:01:58.799Z] Error reading register 6507 for IP 10.30.4.128: rejecting because of earlier OutOfSync error
[2024-11-27T06:01:58.799Z] Error writing to Modbus register: rejecting because of earlier OutOfSync error
[2024-11-27T06:01:58.798Z] Unable to connect to device at 10.30.4.128: read ECONNRESET
[2024-11-27T06:01:58.799Z] Error writing to Modbus register: rejecting because of earlier OutOfSync error
[2024-11-27T06:01:58.799Z] Error reading register 6507 for IP 10.30.4.128: rejecting because of earlier OutOfSync error
[2024-11-27T06:01:58.799Z] Error writing to Modbus register: rejecting because of earlier OutOfSync error
[2024-11-27T06:01:58.799Z] Error reading register 6507 for IP 10.30.4.128: rejecting because of earlier OutOfSync error
[2024-11-27T06:01:58.799Z] Error reading register 6507 for IP 10.30.4.128: rejecting because of earlier OutOfSync error
[2024-11-27T06:01:58.799Z] Error writing to Modbus register: rejecting because of earlier OutOfSync error
[2024-11-27T06:01:58.799Z] Error reading register 6507 for IP 10.30.4.128: rejecting because of earlier OutOfSync error
[2024-11-27T06:01:58.799Z] Error writing to Modbus register: rejecting because of earlier OutOfSync error
[2024-11-27T06:01:58.800Z] Error writing to Modbus register: rejecting because of earlier OutOfSync error
[2024-11-27T06:01:58.799Z] Error reading register 6507 for IP 10.30.4.128: rejecting because of earlier OutOfSync error
[2024-11-27T06:01:58.799Z] Error writing to Modbus register: rejecting because of earlier OutOfSync error
[2024-11-27T06:01:58.800Z] Error reading register 6507 for IP 10.30.4.128: rejecting because of earlier OutOfSync error
[2024-11-27T06:01:58.800Z] Error writing to Modbus register: rejecting because of earlier OutOfSync error
[2024-11-27T06:01:58.800Z] Error reading register 6507 for IP 10.30.4.128: rejecting because of earlier OutOfSync error
[2024-11-27T06:01:58.800Z] Error writing to Modbus register: rejecting because of earlier OutOfSync error
[2024-11-27T06:01:58.800Z] Error reading register 6507 for IP 10.30.4.128: rejecting because of earlier OutOfSync error
[2024-11-27T06:01:58.800Z] Error reading register 6507 for IP 10.30.4.128: rejecting because of earlier OutOfSync error
[2024-11-27T06:01:58.800Z] Error reading register 6507 for IP 10.30.4.128: rejecting because of earlier OutOfSync error
[2024-11-27T06:01:58.800Z] Error writing to Modbus register: rejecting because of earlier OutOfSync error
[2024-11-27T06:01:58.800Z] Error writing to Modbus register: rejecting because of earlier OutOfSync error
[2024-11-27T06:01:58.800Z] Error reading register 6507 for IP 10.30.4.128: rejecting because of earlier OutOfSync error
[2024-11-27T06:01:58.800Z] Error writing to Modbus register: rejecting because of earlier OutOfSync error
[2024-11-27T06:01:58.800Z] Error reading register 6507 for IP 10.30.4.128: rejecting because of earlier OutOfSync error
[2024-11-27T06:01:58.800Z] Error writing to Modbus register: rejecting because of earlier OutOfSync error
[2024-11-27T06:01:58.800Z] Error reading register 6507 for IP 10.30.4.128: rejecting because of earlier OutOfSync error
[2024-11-27T06:01:58.800Z] Error writing to Modbus register: rejecting because of earlier OutOfSync error
[2024-11-27T06:01:58.800Z] Error writing to Modbus register: rejecting because of earlier OutOfSync error
[2024-11-27T06:01:58.800Z] Error reading register 6507 for IP 10.30.4.128: rejecting because of earlier OutOfSync error
[2024-11-27T06:01:58.800Z] Error reading register 6507 for IP 10.30.4.128: rejecting because of earlier OutOfSync error
[2024-11-27T06:01:58.800Z] Error writing to Modbus register: rejecting because of earlier OutOfSync error
[2024-11-27T06:01:58.801Z] Error writing to Modbus register: rejecting because of earlier OutOfSync error
[2024-11-27T06:01:58.801Z] Error reading register 6507 for IP 10.30.4.128: rejecting because of earlier OutOfSync error
[2024-11-27T06:01:58.801Z] Error reading register 6507 for IP 10.30.4.128: rejecting because of earlier OutOfSync error
[2024-11-27T06:01:58.801Z] Error writing to Modbus register: rejecting because of earlier OutOfSync error
[2024-11-27T06:01:58.801Z] Error reading register 6507 for IP 10.30.4.128: rejecting because of earlier OutOfSync error
[2024-11-27T06:01:58.801Z] Error writing to Modbus register: rejecting because of earlier OutOfSync error
[2024-11-27T06:01:58.801Z] Error reading register 6507 for IP 10.30.4.128: rejecting because of earlier OutOfSync error
[2024-11-27T06:01:58.801Z] Error writing to Modbus register: rejecting because of earlier OutOfSync error
[2024-11-27T06:01:58.801Z] Error reading register 6507 for IP 10.30.4.128: rejecting because of earlier OutOfSync error
[2024-11-27T06:01:58.801Z] Error writing to Modbus register: rejecting because of earlier OutOfSync error
[2024-11-27T06:01:58.801Z] Error reading register 6507 for IP 10.30.4.128: rejecting because of earlier OutOfSync error
[2024-11-27T06:01:58.801Z] Error writing to Modbus register: rejecting because of earlier OutOfSync error
[2024-11-27T06:01:58.801Z] Error reading register 6507 for IP 10.30.4.128: rejecting because of earlier OutOfSync error
[2024-11-27T06:01:58.801Z] Error writing to Modbus register: rejecting because of earlier OutOfSync error
[2024-11-27T06:01:58.801Z] Error reading or processing Modbus registers: rejecting because of earlier OutOfSync error
[2024-11-27T06:01:58.801Z] Error writing to Modbus register: rejecting because of earlier OutOfSync error
[2024-11-27T06:01:58.801Z] Error reading or processing Modbus registers: rejecting because of earlier OutOfSync error
[2024-11-27T06:01:58.801Z] Error reading or processing Modbus registers: rejecting because of earlier OutOfSync error
[2024-11-27T06:01:58.801Z] Error reading or processing Modbus registers: rejecting because of earlier OutOfSync error
[2024-11-27T06:01:58.802Z] Error reading or processing Modbus registers: rejecting because of earlier OutOfSync error
[2024-11-27T06:01:58.802Z] Error reading or processing Modbus registers: rejecting because of earlier OutOfSync error
[2024-11-27T06:01:58.802Z] Error reading or processing Modbus registers: rejecting because of earlier OutOfSync error
[2024-11-27T06:01:58.802Z] Error reading or processing Modbus registers: rejecting because of earlier OutOfSync error
[2024-11-27T06:01:58.802Z] Error reading or processing Modbus registers: rejecting because of earlier OutOfSync error
[2024-11-27T06:01:58.802Z] Error reading or processing Modbus registers: rejecting because of earlier OutOfSync error
[2024-11-27T06:01:58.802Z] Error reading or processing Modbus registers: rejecting because of earlier OutOfSync error
[2024-11-27T06:01:58.802Z] Error reading or processing Modbus registers: rejecting because of earlier OutOfSync error
[2024-11-27T06:01:58.802Z] Error reading or processing Modbus registers: rejecting because of earlier OutOfSync error
[2024-11-27T06:01:58.802Z] Error reading or processing Modbus registers: rejecting because of earlier OutOfSync error
[2024-11-27T06:01:58.802Z] Error reading or processing Modbus registers: rejecting because of earlier OutOfSync error
[2024-11-27T06:01:58.802Z] Error reading or processing Modbus registers: rejecting because of earlier OutOfSync error
[2024-11-27T06:01:58.802Z] Error reading or processing Modbus registers: rejecting because of earlier OutOfSync error
[2024-11-27T06:01:58.802Z] Error reading or processing Modbus registers: rejecting because of earlier OutOfSync error
[2024-11-27T06:01:58.802Z] Error reading or processing Modbus registers: rejecting because of earlier OutOfSync error
[2024-11-27T06:01:58.802Z] Error reading or processing Modbus registers: rejecting because of earlier OutOfSync error
[2024-11-27T06:01:58.802Z] Error reading or processing Modbus registers: rejecting because of earlier OutOfSync error
[2024-11-27T06:01:58.802Z] Error reading or processing Modbus registers: rejecting because of earlier OutOfSync error
[2024-11-27T06:01:58.802Z] Error reading or processing Modbus registers: rejecting because of earlier OutOfSync error
[2024-11-27T06:01:58.802Z] Error reading or processing Modbus registers: rejecting because of earlier OutOfSync error
[2024-11-27T06:01:58.803Z] Error reading register 6507 for IP 10.30.4.128: rejecting because of earlier OutOfSync error
[2024-11-27T06:01:58.803Z] Error writing to Modbus register: rejecting because of earlier OutOfSync error
[2024-11-27T06:01:58.802Z] Error reading or processing Modbus registers: rejecting because of earlier OutOfSync error
[2024-11-27T06:01:58.804Z] Error reading register 6507 for IP 10.30.4.128: rejecting because of earlier OutOfSync error
[2024-11-27T06:01:58.803Z] Error reading register 6507 for IP 10.30.4.128: rejecting because of earlier OutOfSync error
[2024-11-27T06:01:58.804Z] Error reading register 6507 for IP 10.30.4.128: rejecting because of earlier OutOfSync error
[2024-11-27T06:01:58.804Z] Error writing to Modbus register: rejecting because of earlier OutOfSync error
[2024-11-27T06:01:58.804Z] Error writing to Modbus register: rejecting because of earlier OutOfSync error
[2024-11-27T06:01:58.804Z] Error reading register 6507 for IP 10.30.4.128: rejecting because of earlier OutOfSync error
[2024-11-27T06:01:58.804Z] Error writing to Modbus register: rejecting because of earlier OutOfSync error
[2024-11-27T06:01:58.804Z] Error reading register 6507 for IP 10.30.4.128: rejecting because of earlier OutOfSync error
[2024-11-27T06:01:58.804Z] Error writing to Modbus register: rejecting because of earlier OutOfSync error
[2024-11-27T06:01:58.804Z] Error reading register 6507 for IP 10.30.4.128: rejecting because of earlier OutOfSync error
[2024-11-27T06:01:58.804Z] Error reading register 6507 for IP 10.30.4.128: rejecting because of earlier OutOfSync error
[2024-11-27T06:01:58.804Z] Error writing to Modbus register: rejecting because of earlier OutOfSync error
[2024-11-27T06:01:58.804Z] Error writing to Modbus register: rejecting because of earlier OutOfSync error
[2024-11-27T06:01:58.804Z] Error reading register 6507 for IP 10.30.4.128: rejecting because of earlier OutOfSync error
[2024-11-27T06:01:58.804Z] Error writing to Modbus register: rejecting because of earlier OutOfSync error
[2024-11-27T06:01:58.804Z] Error reading register 6507 for IP 10.30.4.128: rejecting because of earlier OutOfSync error
[2024-11-27T06:01:58.804Z] Error writing to Modbus register: rejecting because of earlier OutOfSync error
[2024-11-27T06:01:58.804Z] Error reading register 6507 for IP 10.30.4.128: rejecting because of earlier OutOfSync error
[2024-11-27T06:01:58.804Z] Error writing to Modbus register: rejecting because of earlier OutOfSync error
[2024-11-27T06:01:58.804Z] Error reading register 6507 for IP 10.30.4.128: rejecting because of earlier OutOfSync error
[2024-11-27T06:01:58.804Z] Error writing to Modbus register: rejecting because of earlier OutOfSync error
[2024-11-27T06:01:58.804Z] Error reading register 6507 for IP 10.30.4.128: rejecting because of earlier OutOfSync error
[2024-11-27T06:01:58.805Z] Error reading register 6507 for IP 10.30.4.128: rejecting because of earlier OutOfSync error
[2024-11-27T06:01:58.805Z] Error writing to Modbus register: rejecting because of earlier OutOfSync error
[2024-11-27T06:01:58.805Z] Error reading register 6507 for IP 10.30.4.128: rejecting because of earlier OutOfSync error
[2024-11-27T06:01:58.804Z] Error writing to Modbus register: rejecting because of earlier OutOfSync error
[2024-11-27T06:01:58.805Z] Error reading register 6507 for IP 10.30.4.128: rejecting because of earlier OutOfSync error
[2024-11-27T06:01:58.805Z] Error writing to Modbus register: rejecting because of earlier OutOfSync error
[2024-11-27T06:01:58.805Z] Error reading register 6507 for IP 10.30.4.128: rejecting because of earlier OutOfSync error
[2024-11-27T06:01:58.805Z] Error writing to Modbus register: rejecting because of earlier OutOfSync error
[2024-11-27T06:01:58.805Z] Error reading register 6507 for IP 10.30.4.128: rejecting because of earlier OutOfSync error
[2024-11-27T06:01:58.805Z] Error writing to Modbus register: rejecting because of earlier OutOfSync error
[2024-11-27T06:01:58.805Z] Error reading register 6507 for IP 10.30.4.128: rejecting because of earlier OutOfSync error
[2024-11-27T06:01:58.805Z] Error writing to Modbus register: rejecting because of earlier OutOfSync error
[2024-11-27T06:01:58.805Z] Error writing to Modbus register: rejecting because of earlier OutOfSync error
[2024-11-27T06:01:58.806Z] Error reading register 6507 for IP 10.30.4.128: rejecting because of earlier OutOfSync error
[2024-11-27T06:01:58.805Z] Error writing to Modbus register: rejecting because of earlier OutOfSync error
[2024-11-27T06:01:58.806Z] Error writing to Modbus register: rejecting because of earlier OutOfSync error
[2024-11-27T06:01:58.806Z] Error reading register 6507 for IP 10.30.4.128: rejecting because of earlier OutOfSync error
[2024-11-27T06:01:58.806Z] Error writing to Modbus register: rejecting because of earlier OutOfSync error
[2024-11-27T06:01:58.806Z] Error reading register 6507 for IP 10.30.4.128: rejecting because of earlier OutOfSync error
[2024-11-27T06:01:58.806Z] Error writing to Modbus register: rejecting because of earlier OutOfSync error
[2024-11-27T06:01:58.806Z] Error reading register 6507 for IP 10.30.4.128: rejecting because of earlier OutOfSync error
[2024-11-27T06:01:58.806Z] Error writing to Modbus register: rejecting because of earlier OutOfSync error
[2024-11-27T06:01:58.806Z] Error reading register 6507 for IP 10.30.4.128: rejecting because of earlier OutOfSync error
[2024-11-27T06:01:58.806Z] Error writing to Modbus register: rejecting because of earlier OutOfSync error
[2024-11-27T06:01:58.806Z] Error reading register 6507 for IP 10.30.4.128: rejecting because of earlier OutOfSync error
[2024-11-27T06:01:58.806Z] Error writing to Modbus register: rejecting because of earlier OutOfSync error
[2024-11-27T06:01:58.807Z] Error reading or processing Modbus registers: rejecting because of earlier OutOfSync error
[2024-11-27T06:01:58.807Z] Error reading or processing Modbus registers: rejecting because of earlier OutOfSync error
[2024-11-27T06:01:58.807Z] Error reading or processing Modbus registers: rejecting because of earlier OutOfSync error
[2024-11-27T06:01:58.807Z] Error reading or processing Modbus registers: rejecting because of earlier OutOfSync error
[2024-11-27T06:01:58.807Z] Error reading or processing Modbus registers: rejecting because of earlier OutOfSync error
[2024-11-27T06:01:58.807Z] Error reading or processing Modbus registers: rejecting because of earlier OutOfSync error
[2024-11-27T06:01:58.807Z] Error reading or processing Modbus registers: rejecting because of earlier OutOfSync error
[2024-11-27T06:01:58.807Z] Error reading or processing Modbus registers: rejecting because of earlier OutOfSync error
[2024-11-27T06:01:58.807Z] Error reading or processing Modbus registers: rejecting because of earlier OutOfSync error
[2024-11-27T06:01:58.807Z] Error reading or processing Modbus registers: rejecting because of earlier OutOfSync error
[2024-11-27T06:01:58.807Z] Error reading or processing Modbus registers: rejecting because of earlier OutOfSync error
[2024-11-27T06:01:58.807Z] Error reading or processing Modbus registers: rejecting because of earlier OutOfSync error
[2024-11-27T06:01:58.807Z] Error reading or processing Modbus registers: rejecting because of earlier OutOfSync error
[2024-11-27T06:01:58.808Z] Error reading or processing Modbus registers: rejecting because of earlier OutOfSync error
[2024-11-27T06:01:58.808Z] Error reading or processing Modbus registers: rejecting because of earlier OutOfSync error
[2024-11-27T06:01:58.808Z] Error reading or processing Modbus registers: rejecting because of earlier OutOfSync error
[2024-11-27T06:01:58.808Z] Error reading or processing Modbus registers: rejecting because of earlier OutOfSync error
[2024-11-27T06:01:58.808Z] Error reading or processing Modbus registers: rejecting because of earlier OutOfSync error
[2024-11-27T06:01:58.808Z] Error reading or processing Modbus registers: rejecting because of earlier OutOfSync error
[2024-11-27T06:01:58.808Z] Error reading or processing Modbus registers: rejecting because of earlier OutOfSync error
[2024-11-27T06:01:58.808Z] Error reading or processing Modbus registers: rejecting because of earlier OutOfSync error
[2024-11-27T06:01:58.808Z] Error reading or processing Modbus registers: rejecting because of earlier OutOfSync error
[2024-11-27T06:01:58.808Z] Error reading or processing Modbus registers: rejecting because of earlier OutOfSync error
[2024-11-27T06:01:58.808Z] Error reading or processing Modbus registers: rejecting because of earlier OutOfSync error
[2024-11-27T06:01:58.808Z] Error reading or processing Modbus registers: rejecting because of earlier OutOfSync error
[2024-11-27T06:01:58.809Z] Error reading register 6507 for IP 10.30.4.128: rejecting because of earlier OutOfSync error
[2024-11-27T06:01:58.809Z] Error writing to Modbus register: rejecting because of earlier OutOfSync error
[2024-11-27T06:01:58.809Z] Error writing to Modbus register: rejecting because of earlier OutOfSync error
[2024-11-27T06:01:58.809Z] Error reading register 6507 for IP 10.30.4.128: rejecting because of earlier OutOfSync error
[2024-11-27T06:01:58.809Z] Error reading register 6507 for IP 10.30.4.128: rejecting because of earlier OutOfSync error
[2024-11-27T06:01:58.809Z] Error writing to Modbus register: rejecting because of earlier OutOfSync error
[2024-11-27T06:01:58.809Z] Error reading register 6507 for IP 10.30.4.128: rejecting because of earlier OutOfSync error
[2024-11-27T06:01:58.809Z] Error writing to Modbus register: rejecting because of earlier OutOfSync error
[2024-11-27T06:01:58.809Z] Error reading register 6507 for IP 10.30.4.128: rejecting because of earlier OutOfSync error
[2024-11-27T06:01:58.809Z] Error writing to Modbus register: rejecting because of earlier OutOfSync error
[2024-11-27T06:01:58.809Z] Error reading register 6507 for IP 10.30.4.128: rejecting because of earlier OutOfSync error
[2024-11-27T06:01:58.809Z] Error writing to Modbus register: rejecting because of earlier OutOfSync error
[2024-11-27T06:01:58.810Z] Error reading register 6507 for IP 10.30.4.128: rejecting because of earlier OutOfSync error
[2024-11-27T06:01:58.810Z] Error writing to Modbus register: rejecting because of earlier OutOfSync error
[2024-11-27T06:01:58.810Z] Error reading register 6507 for IP 10.30.4.128: rejecting because of earlier OutOfSync error
[2024-11-27T06:01:58.810Z] Error writing to Modbus register: rejecting because of earlier OutOfSync error
[2024-11-27T06:01:58.810Z] Error reading register 6507 for IP 10.30.4.128: rejecting because of earlier OutOfSync error
[2024-11-27T06:01:58.810Z] Error writing to Modbus register: rejecting because of earlier OutOfSync error
[2024-11-27T06:01:58.810Z] Error reading register 6507 for IP 10.30.4.128: rejecting because of earlier OutOfSync error
[2024-11-27T06:01:58.810Z] Error writing to Modbus register: rejecting because of earlier OutOfSync error
[2024-11-27T06:01:58.810Z] Error reading register 6507 for IP 10.30.4.128: rejecting because of earlier OutOfSync error
[2024-11-27T06:01:58.810Z] Error writing to Modbus register: rejecting because of earlier OutOfSync error
[2024-11-27T06:01:58.810Z] Error reading register 6507 for IP 10.30.4.128: rejecting because of earlier OutOfSync error
[2024-11-27T06:01:58.810Z] Error writing to Modbus register: rejecting because of earlier OutOfSync error
[2024-11-27T06:01:58.810Z] Error reading register 6507 for IP 10.30.4.128: rejecting because of earlier OutOfSync error
[2024-11-27T06:01:58.810Z] Error writing to Modbus register: rejecting because of earlier OutOfSync error
[2024-11-27T06:01:58.810Z] Error reading register 6507 for IP 10.30.4.128: rejecting because of earlier OutOfSync error
[2024-11-27T06:01:58.810Z] Error writing to Modbus register: rejecting because of earlier OutOfSync error
[2024-11-27T06:01:58.810Z] Error reading register 6507 for IP 10.30.4.128: rejecting because of earlier OutOfSync error
[2024-11-27T06:01:58.810Z] Error writing to Modbus register: rejecting because of earlier OutOfSync error
[2024-11-27T06:01:58.810Z] Error reading register 6507 for IP 10.30.4.128: rejecting because of earlier OutOfSync error
[2024-11-27T06:01:58.811Z] Error writing to Modbus register: rejecting because of earlier OutOfSync error
[2024-11-27T06:01:58.811Z] Error reading register 6507 for IP 10.30.4.128: rejecting because of earlier OutOfSync error
[2024-11-27T06:01:58.811Z] Error writing to Modbus register: rejecting because of earlier OutOfSync error
[2024-11-27T06:01:58.811Z] Error reading register 6507 for IP 10.30.4.128: rejecting because of earlier OutOfSync error
[2024-11-27T06:01:58.811Z] Error writing to Modbus register: rejecting because of earlier OutOfSync error
[2024-11-27T06:01:58.811Z] Error reading register 6507 for IP 10.30.4.128: rejecting because of earlier OutOfSync error
[2024-11-27T06:01:58.811Z] Error writing to Modbus register: rejecting because of earlier OutOfSync error
[2024-11-27T06:01:58.811Z] Error reading register 6507 for IP 10.30.4.128: rejecting because of earlier OutOfSync error
[2024-11-27T06:01:58.811Z] Error writing to Modbus register: rejecting because of earlier OutOfSync error
[2024-11-27T06:01:58.811Z] Error reading register 6507 for IP 10.30.4.128: rejecting because of earlier OutOfSync error
[2024-11-27T06:01:58.811Z] Error writing to Modbus register: rejecting because of earlier OutOfSync error
[2024-11-27T06:01:58.811Z] Error reading register 6507 for IP 10.30.4.128: rejecting because of earlier OutOfSync error
[2024-11-27T06:01:58.811Z] Error writing to Modbus register: rejecting because of earlier OutOfSync error
[2024-11-27T06:01:58.811Z] Error reading register 6507 for IP 10.30.4.128: rejecting because of earlier OutOfSync error
[2024-11-27T06:01:58.811Z] Error writing to Modbus register: rejecting because of earlier OutOfSync error
[2024-11-27T06:01:58.811Z] Error reading register 6507 for IP 10.30.4.128: rejecting because of earlier OutOfSync error
[2024-11-27T06:01:58.811Z] Error writing to Modbus register: rejecting because of earlier OutOfSync error
[2024-11-27T06:01:58.811Z] Error reading or processing Modbus registers: rejecting because of earlier OutOfSync error
[2024-11-27T06:01:58.811Z] Error reading or processing Modbus registers: rejecting because of earlier OutOfSync error
[2024-11-27T06:01:58.812Z] Error reading or processing Modbus registers: rejecting because of earlier OutOfSync error
[2024-11-27T06:01:58.812Z] Error reading or processing Modbus registers: rejecting because of earlier OutOfSync error
[2024-11-27T06:01:58.812Z] Error reading or processing Modbus registers: rejecting because of earlier OutOfSync error
[2024-11-27T06:01:58.813Z] Error reading or processing Modbus registers: rejecting because of earlier OutOfSync error
[2024-11-27T06:01:58.813Z] Error reading or processing Modbus registers: rejecting because of earlier OutOfSync error
[2024-11-27T06:01:58.814Z] Error reading or processing Modbus registers: rejecting because of earlier OutOfSync error
[2024-11-27T06:01:58.814Z] Error reading or processing Modbus registers: rejecting because of earlier OutOfSync error
[2024-11-27T06:01:58.814Z] Error reading or processing Modbus registers: rejecting because of earlier OutOfSync error
[2024-11-27T06:01:58.814Z] Error reading or processing Modbus registers: rejecting because of earlier OutOfSync error
[2024-11-27T06:01:58.814Z] Error reading or processing Modbus registers: rejecting because of earlier OutOfSync error
[2024-11-27T06:01:58.814Z] Error reading or processing Modbus registers: rejecting because of earlier OutOfSync error
[2024-11-27T06:01:58.814Z] Error reading or processing Modbus registers: rejecting because of earlier OutOfSync error
[2024-11-27T06:01:58.814Z] Error reading or processing Modbus registers: rejecting because of earlier OutOfSync error
[2024-11-27T06:01:58.814Z] Error reading or processing Modbus registers: rejecting because of earlier OutOfSync error
[2024-11-27T06:01:58.814Z] Error reading or processing Modbus registers: rejecting because of earlier OutOfSync error
[2024-11-27T06:01:58.814Z] Error reading or processing Modbus registers: rejecting because of earlier OutOfSync error
[2024-11-27T06:01:58.814Z] Error reading or processing Modbus registers: rejecting because of earlier OutOfSync error
[2024-11-27T06:01:58.814Z] Error reading or processing Modbus registers: rejecting because of earlier OutOfSync error
[2024-11-27T06:01:58.814Z] Error reading or processing Modbus registers: rejecting because of earlier OutOfSync error
[2024-11-27T06:01:58.815Z] Error reading or processing Modbus registers: rejecting because of earlier OutOfSync error
[2024-11-27T06:01:58.815Z] Error reading or processing Modbus registers: rejecting because of earlier OutOfSync error
[2024-11-27T06:01:58.815Z] Error reading or processing Modbus registers: rejecting because of earlier OutOfSync error
[2024-11-27T06:01:58.816Z] Error reading register 6507 for IP 10.30.4.128: rejecting because of earlier OutOfSync error
[2024-11-27T06:01:58.816Z] Error writing to Modbus register: rejecting because of earlier OutOfSync error
[2024-11-27T06:01:58.816Z] Error reading register 6507 for IP 10.30.4.128: rejecting because of earlier OutOfSync error
[2024-11-27T06:01:58.816Z] Error writing to Modbus register: rejecting because of earlier OutOfSync error
[2024-11-27T06:01:58.816Z] Error reading register 6507 for IP 10.30.4.128: rejecting because of earlier OutOfSync error
[2024-11-27T06:01:58.816Z] Error writing to Modbus register: rejecting because of earlier OutOfSync error
[2024-11-27T06:01:58.816Z] Error reading register 6507 for IP 10.30.4.128: rejecting because of earlier OutOfSync error
[2024-11-27T06:01:58.816Z] Error writing to Modbus register: rejecting because of earlier OutOfSync error
[2024-11-27T06:01:58.816Z] Error reading register 6507 for IP 10.30.4.128: rejecting because of earlier OutOfSync error
[2024-11-27T06:01:58.816Z] Error writing to Modbus register: rejecting because of earlier OutOfSync error
[2024-11-27T06:01:58.816Z] Error reading register 6507 for IP 10.30.4.128: rejecting because of earlier OutOfSync error
[2024-11-27T06:01:58.816Z] Error writing to Modbus register: rejecting because of earlier OutOfSync error
[2024-11-27T06:01:58.816Z] Error reading register 6507 for IP 10.30.4.128: rejecting because of earlier OutOfSync error
[2024-11-27T06:01:58.816Z] Error writing to Modbus register: rejecting because of earlier OutOfSync error
[2024-11-27T06:01:58.816Z] Error reading register 6507 for IP 10.30.4.128: rejecting because of earlier OutOfSync error
[2024-11-27T06:01:58.817Z] Error writing to Modbus register: rejecting because of earlier OutOfSync error
[2024-11-27T06:01:58.817Z] Error reading register 6507 for IP 10.30.4.128: rejecting because of earlier OutOfSync error
[2024-11-27T06:01:58.817Z] Error writing to Modbus register: rejecting because of earlier OutOfSync error
[2024-11-27T06:01:58.817Z] Error reading register 6507 for IP 10.30.4.128: rejecting because of earlier OutOfSync error
[2024-11-27T06:01:58.817Z] Error writing to Modbus register: rejecting because of earlier OutOfSync error
[2024-11-27T06:01:58.817Z] Error reading register 6507 for IP 10.30.4.128: rejecting because of earlier OutOfSync error
[2024-11-27T06:01:58.817Z] Error reading register 6507 for IP 10.30.4.128: rejecting because of earlier OutOfSync error
[2024-11-27T06:01:58.817Z] Error reading register 6507 for IP 10.30.4.128: rejecting because of earlier OutOfSync error
[2024-11-27T06:01:58.817Z] Error writing to Modbus register: rejecting because of earlier OutOfSync error
[2024-11-27T06:01:58.817Z] Error writing to Modbus register: rejecting because of earlier OutOfSync error
[2024-11-27T06:01:58.817Z] Error writing to Modbus register: rejecting because of earlier OutOfSync error
[2024-11-27T06:01:58.817Z] Error reading register 6507 for IP 10.30.4.128: rejecting because of earlier OutOfSync error
[2024-11-27T06:01:58.817Z] Error writing to Modbus register: rejecting because of earlier OutOfSync error
[2024-11-27T06:01:58.818Z] Error reading register 6507 for IP 10.30.4.128: rejecting because of earlier OutOfSync error
[2024-11-27T06:01:58.818Z] Error writing to Modbus register: rejecting because of earlier OutOfSync error
[2024-11-27T06:01:58.818Z] Error reading register 6507 for IP 10.30.4.128: rejecting because of earlier OutOfSync error
[2024-11-27T06:01:58.818Z] Error writing to Modbus register: rejecting because of earlier OutOfSync error
[2024-11-27T06:01:58.818Z] Error reading register 6507 for IP 10.30.4.128: rejecting because of earlier OutOfSync error
[2024-11-27T06:01:58.818Z] Error writing to Modbus register: rejecting because of earlier OutOfSync error
[2024-11-27T06:01:58.818Z] Error reading register 6507 for IP 10.30.4.128: rejecting because of earlier OutOfSync error
[2024-11-27T06:01:58.818Z] Error writing to Modbus register: rejecting because of earlier OutOfSync error
[2024-11-27T06:01:58.818Z] Error reading register 6507 for IP 10.30.4.128: rejecting because of earlier OutOfSync error
[2024-11-27T06:01:58.818Z] Error writing to Modbus register: rejecting because of earlier OutOfSync error
[2024-11-27T06:01:58.818Z] Error reading register 6507 for IP 10.30.4.128: rejecting because of earlier OutOfSync error
[2024-11-27T06:01:58.818Z] Error writing to Modbus register: rejecting because of earlier OutOfSync error
[2024-11-27T06:01:58.818Z] Error reading register 6507 for IP 10.30.4.128: rejecting because of earlier OutOfSync error
[2024-11-27T06:01:58.818Z] Error writing to Modbus register: rejecting because of earlier OutOfSync error
[2024-11-27T06:01:58.818Z] Error reading register 6507 for IP 10.30.4.128: rejecting because of earlier OutOfSync error
[2024-11-27T06:01:58.818Z] Error writing to Modbus register: rejecting because of earlier OutOfSync error
[2024-11-27T06:01:58.818Z] Error reading register 6507 for IP 10.30.4.128: rejecting because of earlier OutOfSync error
[2024-11-27T06:01:58.818Z] Error writing to Modbus register: rejecting because of earlier OutOfSync error
[2024-11-27T06:01:58.818Z] Error reading register 6507 for IP 10.30.4.128: rejecting because of earlier OutOfSync error
[2024-11-27T06:01:58.819Z] Error writing to Modbus register: rejecting because of earlier OutOfSync error
[2024-11-27T06:01:58.819Z] Error reading register 6507 for IP 10.30.4.128: rejecting because of earlier OutOfSync error
[2024-11-27T06:01:58.819Z] Error writing to Modbus register: rejecting because of earlier OutOfSync error
[2024-11-27T06:01:58.819Z] Error reading or processing Modbus registers: rejecting because of earlier OutOfSync error
[2024-11-27T06:01:58.819Z] Error reading or processing Modbus registers: rejecting because of earlier OutOfSync error
[2024-11-27T06:01:58.819Z] Error reading or processing Modbus registers: rejecting because of earlier OutOfSync error
[2024-11-27T06:01:58.819Z] Error reading or processing Modbus registers: rejecting because of earlier OutOfSync error
[2024-11-27T06:01:58.819Z] Error reading or processing Modbus registers: rejecting because of earlier OutOfSync error
[2024-11-27T06:01:58.819Z] Error reading or processing Modbus registers: rejecting because of earlier OutOfSync error
[2024-11-27T06:01:58.820Z] Error reading or processing Modbus registers: rejecting because of earlier OutOfSync error
[2024-11-27T06:01:58.820Z] Error reading or processing Modbus registers: rejecting because of earlier OutOfSync error
[2024-11-27T06:01:58.820Z] Error reading or processing Modbus registers: rejecting because of earlier OutOfSync error
[2024-11-27T06:01:58.820Z] Error reading or processing Modbus registers: rejecting because of earlier OutOfSync error
[2024-11-27T06:01:58.820Z] Error reading or processing Modbus registers: rejecting because of earlier OutOfSync error
[2024-11-27T06:01:58.820Z] Error reading or processing Modbus registers: rejecting because of earlier OutOfSync error
[2024-11-27T06:01:58.820Z] Error reading or processing Modbus registers: rejecting because of earlier OutOfSync error
[2024-11-27T06:01:58.820Z] Error reading or processing Modbus registers: rejecting because of earlier OutOfSync error
[2024-11-27T06:01:58.820Z] Error reading or processing Modbus registers: rejecting because of earlier OutOfSync error
[2024-11-27T06:01:58.820Z] Error reading or processing Modbus registers: rejecting because of earlier OutOfSync error
[2024-11-27T06:01:58.820Z] Error reading or processing Modbus registers: rejecting because of earlier OutOfSync error
[2024-11-27T06:01:58.820Z] Error reading or processing Modbus registers: rejecting because of earlier OutOfSync error
[2024-11-27T06:01:58.821Z] Error reading or processing Modbus registers: rejecting because of earlier OutOfSync error
[2024-11-27T06:01:58.821Z] Error reading or processing Modbus registers: rejecting because of earlier OutOfSync error
[2024-11-27T06:01:58.821Z] Error reading or processing Modbus registers: rejecting because of earlier OutOfSync error
[2024-11-27T06:01:58.821Z] Error reading or processing Modbus registers: rejecting because of earlier OutOfSync error
[2024-11-27T06:01:58.821Z] Error reading or processing Modbus registers: rejecting because of earlier OutOfSync error
[2024-11-27T06:01:58.821Z] Error reading or processing Modbus registers: rejecting because of earlier OutOfSync error
[2024-11-27T06:01:58.821Z] Error reading or processing Modbus registers: rejecting because of earlier OutOfSync error
[2024-11-27T06:01:58.822Z] Error reading register 6507 for IP 10.30.4.128: rejecting because of earlier OutOfSync error
[2024-11-27T06:01:58.822Z] Error writing to Modbus register: rejecting because of earlier OutOfSync error
[2024-11-27T06:01:58.822Z] Error reading register 6507 for IP 10.30.4.128: rejecting because of earlier OutOfSync error
[2024-11-27T06:01:58.822Z] Error writing to Modbus register: rejecting because of earlier OutOfSync error
[2024-11-27T06:01:58.823Z] Error reading register 6507 for IP 10.30.4.128: rejecting because of earlier OutOfSync error
[2024-11-27T06:01:58.823Z] Error writing to Modbus register: rejecting because of earlier OutOfSync error
[2024-11-27T06:01:58.823Z] Error reading register 6507 for IP 10.30.4.128: rejecting because of earlier OutOfSync error
[2024-11-27T06:01:58.823Z] Error writing to Modbus register: rejecting because of earlier OutOfSync error
[2024-11-27T06:01:58.823Z] Error reading register 6507 for IP 10.30.4.128: rejecting because of earlier OutOfSync error
[2024-11-27T06:01:58.823Z] Error writing to Modbus register: rejecting because of earlier OutOfSync error
[2024-11-27T06:01:58.823Z] Error reading register 6507 for IP 10.30.4.128: rejecting because of earlier OutOfSync error
[2024-11-27T06:01:58.823Z] Error writing to Modbus register: rejecting because of earlier OutOfSync error
[2024-11-27T06:01:58.823Z] Error reading register 6507 for IP 10.30.4.128: rejecting because of earlier OutOfSync error
[2024-11-27T06:01:58.823Z] Error writing to Modbus register: rejecting because of earlier OutOfSync error
[2024-11-27T06:01:58.823Z] Error reading register 6507 for IP 10.30.4.128: rejecting because of earlier OutOfSync error
[2024-11-27T06:01:58.823Z] Error writing to Modbus register: rejecting because of earlier OutOfSync error
[2024-11-27T06:01:58.824Z] Error reading register 6507 for IP 10.30.4.128: rejecting because of earlier OutOfSync error
[2024-11-27T06:01:58.824Z] Error writing to Modbus register: rejecting because of earlier OutOfSync error
[2024-11-27T06:01:58.824Z] Error reading register 6507 for IP 10.30.4.128: rejecting because of earlier OutOfSync error
[2024-11-27T06:01:58.824Z] Error writing to Modbus register: rejecting because of earlier OutOfSync error
[2024-11-27T06:01:58.824Z] Error reading register 6507 for IP 10.30.4.128: rejecting because of earlier OutOfSync error
[2024-11-27T06:01:58.824Z] Error writing to Modbus register: rejecting because of earlier OutOfSync error
[2024-11-27T06:01:58.824Z] Error reading register 6507 for IP 10.30.4.128: rejecting because of earlier OutOfSync error
[2024-11-27T06:01:58.824Z] Error writing to Modbus register: rejecting because of earlier OutOfSync error
[2024-11-27T06:01:58.824Z] Error reading register 6507 for IP 10.30.4.128: rejecting because of earlier OutOfSync error
[2024-11-27T06:01:58.824Z] Error writing to Modbus register: rejecting because of earlier OutOfSync error
[2024-11-27T06:01:58.824Z] Error reading register 6507 for IP 10.30.4.128: rejecting because of earlier OutOfSync error
[2024-11-27T06:01:58.824Z] Error writing to Modbus register: rejecting because of earlier OutOfSync error
[2024-11-27T06:01:58.825Z] Error reading register 6507 for IP 10.30.4.128: rejecting because of earlier OutOfSync error
[2024-11-27T06:01:58.825Z] Error writing to Modbus register: rejecting because of earlier OutOfSync error
[2024-11-27T06:01:58.825Z] Error reading register 6507 for IP 10.30.4.128: rejecting because of earlier OutOfSync error
[2024-11-27T06:01:58.825Z] Error writing to Modbus register: rejecting because of earlier OutOfSync error
[2024-11-27T06:01:58.825Z] Error reading register 6507 for IP 10.30.4.128: rejecting because of earlier OutOfSync error
[2024-11-27T06:01:58.825Z] Error writing to Modbus register: rejecting because of earlier OutOfSync error
[2024-11-27T06:01:58.825Z] Error reading register 6507 for IP 10.30.4.128: rejecting because of earlier OutOfSync error
[2024-11-27T06:01:58.825Z] Error writing to Modbus register: rejecting because of earlier OutOfSync error
[2024-11-27T06:01:58.825Z] Error reading register 6507 for IP 10.30.4.128: rejecting because of earlier OutOfSync error
[2024-11-27T06:01:58.825Z] Error writing to Modbus register: rejecting because of earlier OutOfSync error
[2024-11-27T06:01:58.825Z] Error reading register 6507 for IP 10.30.4.128: rejecting because of earlier OutOfSync error
[2024-11-27T06:01:58.825Z] Error writing to Modbus register: rejecting because of earlier OutOfSync error
[2024-11-27T06:01:58.826Z] Error reading register 6507 for IP 10.30.4.128: rejecting because of earlier OutOfSync error
[2024-11-27T06:01:58.826Z] Error writing to Modbus register: rejecting because of earlier OutOfSync error
[2024-11-27T06:01:58.826Z] Error reading register 6507 for IP 10.30.4.128: rejecting because of earlier OutOfSync error
[2024-11-27T06:01:58.826Z] Error writing to Modbus register: rejecting because of earlier OutOfSync error
[2024-11-27T06:01:58.826Z] Error reading register 6507 for IP 10.30.4.128: rejecting because of earlier OutOfSync error
[2024-11-27T06:01:58.826Z] Error writing to Modbus register: rejecting because of earlier OutOfSync error
[2024-11-27T06:01:58.826Z] Error reading register 6507 for IP 10.30.4.128: rejecting because of earlier OutOfSync error
[2024-11-27T06:01:58.826Z] Error writing to Modbus register: rejecting because of earlier OutOfSync error
[2024-11-27T06:01:58.826Z] Error reading register 6507 for IP 10.30.4.128: rejecting because of earlier OutOfSync error
[2024-11-27T06:01:58.826Z] Error writing to Modbus register: rejecting because of earlier OutOfSync error
[2024-11-27T06:01:58.827Z] Error reading or processing Modbus registers: rejecting because of earlier OutOfSync error
[2024-11-27T06:01:58.827Z] Error reading or processing Modbus registers: rejecting because of earlier OutOfSync error
[2024-11-27T06:01:58.827Z] Error reading or processing Modbus registers: rejecting because of earlier OutOfSync error
[2024-11-27T06:01:58.827Z] Error reading or processing Modbus registers: rejecting because of earlier OutOfSync error
[2024-11-27T06:01:58.827Z] Error reading or processing Modbus registers: rejecting because of earlier OutOfSync error
[2024-11-27T06:01:58.827Z] Error reading or processing Modbus registers: rejecting because of earlier OutOfSync error
[2024-11-27T06:01:58.827Z] Error reading or processing Modbus registers: rejecting because of earlier OutOfSync error
[2024-11-27T06:01:58.827Z] Error reading or processing Modbus registers: rejecting because of earlier OutOfSync error
[2024-11-27T06:01:58.827Z] Error reading or processing Modbus registers: rejecting because of earlier OutOfSync error
[2024-11-27T06:01:58.827Z] Error reading or processing Modbus registers: rejecting because of earlier OutOfSync error
[2024-11-27T06:01:58.828Z] Error reading or processing Modbus registers: rejecting because of earlier OutOfSync error
[2024-11-27T06:01:58.828Z] Error reading or processing Modbus registers: rejecting because of earlier OutOfSync error
[2024-11-27T06:01:58.828Z] Error reading or processing Modbus registers: rejecting because of earlier OutOfSync error
[2024-11-27T06:01:58.828Z] Error reading or processing Modbus registers: rejecting because of earlier OutOfSync error
[2024-11-27T06:01:58.828Z] Error reading or processing Modbus registers: rejecting because of earlier OutOfSync error
[2024-11-27T06:01:58.828Z] Error reading or processing Modbus registers: rejecting because of earlier OutOfSync error
[2024-11-27T06:01:58.828Z] Error reading or processing Modbus registers: rejecting because of earlier OutOfSync error
[2024-11-27T06:01:58.828Z] Error reading or processing Modbus registers: rejecting because of earlier OutOfSync error
[2024-11-27T06:01:58.828Z] Error reading or processing Modbus registers: rejecting because of earlier OutOfSync error
[2024-11-27T06:01:58.828Z] Error reading or processing Modbus registers: rejecting because of earlier OutOfSync error
[2024-11-27T06:01:58.828Z] Error reading or processing Modbus registers: rejecting because of earlier OutOfSync error
[2024-11-27T06:01:58.828Z] Error reading or processing Modbus registers: rejecting because of earlier OutOfSync error
[2024-11-27T06:01:58.829Z] Error reading or processing Modbus registers: rejecting because of earlier OutOfSync error
[2024-11-27T06:01:58.829Z] Error reading or processing Modbus registers: rejecting because of earlier OutOfSync error
[2024-11-27T06:01:58.829Z] Error reading or processing Modbus registers: rejecting because of earlier OutOfSync error
[2024-11-27T06:01:58.974Z] Error writing to Modbus register: no connection to modbus server
[2024-11-27T06:01:59.036Z] Error writing to Modbus register: no connection to modbus server
[2024-11-27T06:01:59.036Z] Error writing to Modbus register: no connection to modbus server
[2024-11-27T06:01:59.066Z] Error writing to Modbus register: no connection to modbus server
[2024-11-27T06:01:59.098Z] Error writing to Modbus register: no connection to modbus server
[2024-11-27T06:01:59.160Z] Error writing to Modbus register: no connection to modbus server
[2024-11-27T06:01:59.161Z] Error writing to Modbus register: no connection to modbus server
[2024-11-27T06:01:59.162Z] Error writing to Modbus register: no connection to modbus server
[2024-11-27T06:01:59.237Z] Error writing to Modbus register: no connection to modbus server
[2024-11-27T06:01:59.978Z] Error writing to Modbus register: no connection to modbus server
[2024-11-27T06:02:00.040Z] Error writing to Modbus register: no connection to modbus server
[2024-11-27T06:02:00.040Z] Error writing to Modbus register: no connection to modbus server
[2024-11-27T06:02:00.070Z] Error writing to Modbus register: no connection to modbus server
[2024-11-27T06:02:00.101Z] Error writing to Modbus register: no connection to modbus server
[2024-11-27T06:02:00.163Z] Error writing to Modbus register: no connection to modbus server
[2024-11-27T06:02:00.164Z] Error writing to Modbus register: no connection to modbus server
[2024-11-27T06:02:00.165Z] Error writing to Modbus register: no connection to modbus server
[2024-11-27T06:02:00.240Z] Error writing to Modbus register: no connection to modbus server
[2024-11-27T06:02:00.978Z] Error writing to Modbus register: no connection to modbus server
[2024-11-27T06:02:01.040Z] Error writing to Modbus register: no connection to modbus server
[2024-11-27T06:02:01.040Z] Error writing to Modbus register: no connection to modbus server
[2024-11-27T06:02:01.071Z] Error writing to Modbus register: no connection to modbus server
[2024-11-27T06:02:01.101Z] Error writing to Modbus register: no connection to modbus server
[2024-11-27T06:02:01.163Z] Error writing to Modbus register: no connection to modbus server
[2024-11-27T06:02:01.164Z] Error writing to Modbus register: no connection to modbus server
[2024-11-27T06:02:01.165Z] Error writing to Modbus register: no connection to modbus server
[2024-11-27T06:02:01.255Z] Error writing to Modbus register: no connection to modbus server
[2024-11-27T06:02:01.977Z] Error writing to Modbus register: no connection to modbus server
[2024-11-27T06:02:02.054Z] Error writing to Modbus register: no connection to modbus server
[2024-11-27T06:02:02.054Z] Error writing to Modbus register: no connection to modbus server
[2024-11-27T06:02:02.085Z] Error writing to Modbus register: no connection to modbus server
[2024-11-27T06:02:02.116Z] Error writing to Modbus register: no connection to modbus server
[2024-11-27T06:02:02.178Z] Error writing to Modbus register: no connection to modbus server
[2024-11-27T06:02:02.179Z] Error writing to Modbus register: no connection to modbus server
[2024-11-27T06:02:02.178Z] Error writing to Modbus register: no connection to modbus server
[2024-11-27T06:02:02.256Z] Error writing to Modbus register: no connection to modbus server
[2024-11-27T06:02:02.992Z] Error writing to Modbus register: no connection to modbus server
[2024-11-27T06:02:03.069Z] Error writing to Modbus register: no connection to modbus server
[2024-11-27T06:02:03.070Z] Error writing to Modbus register: no connection to modbus server
[2024-11-27T06:02:03.100Z] Error writing to Modbus register: no connection to modbus server
[2024-11-27T06:02:03.131Z] Error writing to Modbus register: no connection to modbus server
[2024-11-27T06:02:03.193Z] Error writing to Modbus register: no connection to modbus server
[2024-11-27T06:02:03.194Z] Error writing to Modbus register: no connection to modbus server
[2024-11-27T06:02:03.194Z] Error writing to Modbus register: no connection to modbus server
[2024-11-27T06:02:03.270Z] Error writing to Modbus register: no connection to modbus server
[2024-11-27T06:02:03.995Z] Error writing to Modbus register: no connection to modbus server
[2024-11-27T06:02:04.072Z] Error writing to Modbus register: no connection to modbus server
[2024-11-27T06:02:04.072Z] Error writing to Modbus register: no connection to modbus server
[2024-11-27T06:02:04.102Z] Error writing to Modbus register: no connection to modbus server
[2024-11-27T06:02:04.134Z] Error writing to Modbus register: no connection to modbus server
[2024-11-27T06:02:04.196Z] Error writing to Modbus register: no connection to modbus server
[2024-11-27T06:02:04.196Z] Error writing to Modbus register: no connection to modbus server
[2024-11-27T06:02:04.197Z] Error writing to Modbus register: no connection to modbus server
[2024-11-27T06:02:04.274Z] Error writing to Modbus register: no connection to modbus server
[2024-11-27T06:02:04.998Z] Error writing to Modbus register: no connection to modbus server
[2024-11-27T06:02:05.075Z] Error writing to Modbus register: no connection to modbus server
[2024-11-27T06:02:05.075Z] Error writing to Modbus register: no connection to modbus server
[2024-11-27T06:02:05.105Z] Error writing to Modbus register: no connection to modbus server
[2024-11-27T06:02:05.136Z] Error writing to Modbus register: no connection to modbus server
[2024-11-27T06:02:05.199Z] Error writing to Modbus register: no connection to modbus server
[2024-11-27T06:02:05.199Z] Error writing to Modbus register: no connection to modbus server
[2024-11-27T06:02:05.199Z] Error writing to Modbus register: no connection to modbus server
[2024-11-27T06:02:05.275Z] Error writing to Modbus register: no connection to modbus server
[2024-11-27T06:02:05.999Z] Error writing to Modbus register: no connection to modbus server
[2024-11-27T06:02:06.076Z] Error writing to Modbus register: no connection to modbus server
[2024-11-27T06:02:06.077Z] Error writing to Modbus register: no connection to modbus server
[2024-11-27T06:02:06.106Z] Error writing to Modbus register: no connection to modbus server
[2024-11-27T06:02:06.137Z] Error writing to Modbus register: no connection to modbus server
[2024-11-27T06:02:06.213Z] Error writing to Modbus register: no connection to modbus server
[2024-11-27T06:02:06.214Z] Error writing to Modbus register: no connection to modbus server
[2024-11-27T06:02:06.215Z] Error writing to Modbus register: no connection to modbus server
[2024-11-27T06:02:06.275Z] Error writing to Modbus register: no connection to modbus server
[2024-11-27T06:02:07.001Z] Error reading register 6507 for IP 10.30.4.128: no connection to modbus server
[2024-11-27T06:02:07.001Z] Error reading or processing Modbus registers: no connection to modbus server
[2024-11-27T06:02:07.002Z] Error writing to Modbus register: no connection to modbus server
[2024-11-27T06:02:07.078Z] Error reading register 6507 for IP 10.30.4.128: no connection to modbus server
[2024-11-27T06:02:07.078Z] Error reading or processing Modbus registers: no connection to modbus server
[2024-11-27T06:02:07.079Z] Error writing to Modbus register: no connection to modbus server
[2024-11-27T06:02:07.079Z] Error reading register 6507 for IP 10.30.4.128: no connection to modbus server
[2024-11-27T06:02:07.080Z] Error reading or processing Modbus registers: no connection to modbus server
[2024-11-27T06:02:07.080Z] Error writing to Modbus register: no connection to modbus server
[2024-11-27T06:02:07.108Z] Error reading register 6507 for IP 10.30.4.128: no connection to modbus server
[2024-11-27T06:02:07.108Z] Error reading or processing Modbus registers: no connection to modbus server
[2024-11-27T06:02:07.108Z] Error writing to Modbus register: no connection to modbus server
[2024-11-27T06:02:07.140Z] Error reading register 6507 for IP 10.30.4.128: no connection to modbus server
[2024-11-27T06:02:07.141Z] Error reading or processing Modbus registers: no connection to modbus server
[2024-11-27T06:02:07.141Z] Error writing to Modbus register: no connection to modbus server
[2024-11-27T06:02:07.217Z] Error reading register 6507 for IP 10.30.4.128: no connection to modbus server
[2024-11-27T06:02:07.217Z] Error reading or processing Modbus registers: no connection to modbus server
[2024-11-27T06:02:07.217Z] Error writing to Modbus register: no connection to modbus server
[2024-11-27T06:02:07.218Z] Error reading register 6507 for IP 10.30.4.128: no connection to modbus server
[2024-11-27T06:02:07.218Z] Error reading or processing Modbus registers: no connection to modbus server
[2024-11-27T06:02:07.218Z] Error writing to Modbus register: no connection to modbus server
[2024-11-27T06:02:07.218Z] Error reading register 6507 for IP 10.30.4.128: no connection to modbus server
[2024-11-27T06:02:07.218Z] Error reading or processing Modbus registers: no connection to modbus server
[2024-11-27T06:02:07.219Z] Error writing to Modbus register: no connection to modbus server
[2024-11-27T06:02:07.279Z] Error reading register 6507 for IP 10.30.4.128: no connection to modbus server
[2024-11-27T06:02:07.279Z] Error reading or processing Modbus registers: no connection to modbus server
[2024-11-27T06:02:07.280Z] Error writing to Modbus register: no connection to modbus server
[2024-11-27T06:02:08.001Z] Error reading register 6507 for IP 10.30.4.128: no connection to modbus server
[2024-11-27T06:02:08.001Z] Error reading or processing Modbus registers: no connection to modbus server
[2024-11-27T06:02:08.001Z] Error writing to Modbus register: no connection to modbus server
[2024-11-27T06:02:08.078Z] Error reading register 6507 for IP 10.30.4.128: no connection to modbus server
[2024-11-27T06:02:08.078Z] Error reading or processing Modbus registers: no connection to modbus server
[2024-11-27T06:02:08.078Z] Error writing to Modbus register: no connection to modbus server
[2024-11-27T06:02:08.079Z] Error reading register 6507 for IP 10.30.4.128: no connection to modbus server
[2024-11-27T06:02:08.079Z] Error reading or processing Modbus registers: no connection to modbus server
[2024-11-27T06:02:08.079Z] Error writing to Modbus register: no connection to modbus server
[2024-11-27T06:02:08.111Z] Error reading register 6507 for IP 10.30.4.128: no connection to modbus server
[2024-11-27T06:02:08.111Z] Error reading or processing Modbus registers: no connection to modbus server
[2024-11-27T06:02:08.111Z] Error writing to Modbus register: no connection to modbus server
[2024-11-27T06:02:08.143Z] Error reading register 6507 for IP 10.30.4.128: no connection to modbus server
[2024-11-27T06:02:08.143Z] Error reading or processing Modbus registers: no connection to modbus server
[2024-11-27T06:02:08.143Z] Error writing to Modbus register: no connection to modbus server
[2024-11-27T06:02:08.219Z] Error reading register 6507 for IP 10.30.4.128: no connection to modbus server
[2024-11-27T06:02:08.219Z] Error reading or processing Modbus registers: no connection to modbus server
[2024-11-27T06:02:08.220Z] Error writing to Modbus register: no connection to modbus server
[2024-11-27T06:02:08.220Z] Error reading register 6507 for IP 10.30.4.128: no connection to modbus server
[2024-11-27T06:02:08.220Z] Error reading or processing Modbus registers: no connection to modbus server
[2024-11-27T06:02:08.220Z] Error writing to Modbus register: no connection to modbus server
[2024-11-27T06:02:08.220Z] Error reading register 6507 for IP 10.30.4.128: no connection to modbus server
[2024-11-27T06:02:08.220Z] Error reading or processing Modbus registers: no connection to modbus server
[2024-11-27T06:02:08.221Z] Error writing to Modbus register: no connection to modbus server
[2024-11-27T06:02:08.281Z] Error reading register 6507 for IP 10.30.4.128: no connection to modbus server
[2024-11-27T06:02:08.281Z] Error reading or processing Modbus registers: no connection to modbus server
[2024-11-27T06:02:08.282Z] Error writing to Modbus register: no connection to modbus server
[2024-11-27T06:02:09.006Z] Error writing to Modbus register: no connection to modbus server
[2024-11-27T06:02:09.083Z] Error writing to Modbus register: no connection to modbus server
[2024-11-27T06:02:09.083Z] Error writing to Modbus register: no connection to modbus server
[2024-11-27T06:02:09.114Z] Error writing to Modbus register: no connection to modbus server
[2024-11-27T06:02:09.145Z] Error writing to Modbus register: no connection to modbus server
[2024-11-27T06:02:09.222Z] Error writing to Modbus register: no connection to modbus server
[2024-11-27T06:02:09.223Z] Error writing to Modbus register: no connection to modbus server
[2024-11-27T06:02:09.223Z] Error writing to Modbus register: no connection to modbus server
[2024-11-27T06:02:09.283Z] Error writing to Modbus register: no connection to modbus server
[2024-11-27T06:02:09.840Z] Error writing to Modbus register: no connection to modbus server
[2024-11-27T06:02:09.855Z] Error writing to Modbus register: no connection to modbus server
[2024-11-27T06:02:09.855Z] Error writing to Modbus register: no connection to modbus server
[2024-11-27T06:02:09.855Z] Error writing to Modbus register: no connection to modbus server
[2024-11-27T06:02:09.856Z] Error writing to Modbus register: no connection to modbus server
[2024-11-27T06:02:09.856Z] Error writing to Modbus register: no connection to modbus server
[2024-11-27T06:02:10.009Z] Error writing to Modbus register: no connection to modbus server
[2024-11-27T06:02:10.085Z] Error writing to Modbus register: no connection to modbus server
[2024-11-27T06:02:10.086Z] Error writing to Modbus register: no connection to modbus server
[2024-11-27T06:02:10.116Z] Error writing to Modbus register: no connection to modbus server
[2024-11-27T06:02:10.148Z] Error writing to Modbus register: no connection to modbus server
[2024-11-27T06:02:10.225Z] Error writing to Modbus register: no connection to modbus server
[2024-11-27T06:02:10.225Z] Error writing to Modbus register: no connection to modbus server
[2024-11-27T06:02:10.226Z] Error writing to Modbus register: no connection to modbus server
[2024-11-27T06:02:10.286Z] Error writing to Modbus register: no connection to modbus server
[2024-11-27T06:02:10.845Z] Error writing to Modbus register: no connection to modbus server
[2024-11-27T06:02:10.861Z] Error writing to Modbus register: no connection to modbus server
[2024-11-27T06:02:10.861Z] Error writing to Modbus register: no connection to modbus server
[2024-11-27T06:02:10.861Z] Error writing to Modbus register: no connection to modbus server
[2024-11-27T06:02:10.862Z] Error writing to Modbus register: no connection to modbus server
[2024-11-27T06:02:10.862Z] Error writing to Modbus register: no connection to modbus server
[2024-11-27T06:02:11.015Z] Error writing to Modbus register: no connection to modbus server
[2024-11-27T06:02:11.092Z] Error writing to Modbus register: no connection to modbus server
[2024-11-27T06:02:11.092Z] Error writing to Modbus register: no connection to modbus server
[2024-11-27T06:02:11.121Z] Error writing to Modbus register: no connection to modbus server
[2024-11-27T06:02:11.152Z] Error writing to Modbus register: no connection to modbus server
[2024-11-27T06:02:11.229Z] Error writing to Modbus register: no connection to modbus server
[2024-11-27T06:02:11.230Z] Error writing to Modbus register: no connection to modbus server
[2024-11-27T06:02:11.230Z] Error writing to Modbus register: no connection to modbus server
[2024-11-27T06:02:11.291Z] Error writing to Modbus register: no connection to modbus server
[2024-11-27T06:02:11.858Z] Error writing to Modbus register: no connection to modbus server
[2024-11-27T06:02:11.874Z] Error writing to Modbus register: no connection to modbus server
[2024-11-27T06:02:11.874Z] Error writing to Modbus register: no connection to modbus server
[2024-11-27T06:02:11.874Z] Error writing to Modbus register: no connection to modbus server
[2024-11-27T06:02:11.875Z] Error writing to Modbus register: no connection to modbus server
[2024-11-27T06:02:11.875Z] Error writing to Modbus register: no connection to modbus server
[2024-11-27T06:02:12.029Z] Error writing to Modbus register: no connection to modbus server
[2024-11-27T06:02:12.107Z] Error writing to Modbus register: no connection to modbus server
[2024-11-27T06:02:12.107Z] Error writing to Modbus register: no connection to modbus server
[2024-11-27T06:02:12.121Z] Error writing to Modbus register: no connection to modbus server
[2024-11-27T06:02:12.153Z] Error writing to Modbus register: no connection to modbus server
[2024-11-27T06:02:12.245Z] Error writing to Modbus register: no connection to modbus server
[2024-11-27T06:02:12.246Z] Error writing to Modbus register: no connection to modbus server
[2024-11-27T06:02:12.247Z] Error writing to Modbus register: no connection to modbus server
[2024-11-27T06:02:12.291Z] Error writing to Modbus register: no connection to modbus server
[2024-11-27T06:02:12.862Z] Error writing to Modbus register: no connection to modbus server
[2024-11-27T06:02:12.877Z] Error writing to Modbus register: no connection to modbus server
[2024-11-27T06:02:12.877Z] Error writing to Modbus register: no connection to modbus server
[2024-11-27T06:02:12.878Z] Error writing to Modbus register: no connection to modbus server
[2024-11-27T06:02:12.878Z] Error writing to Modbus register: no connection to modbus server
[2024-11-27T06:02:12.878Z] Error writing to Modbus register: no connection to modbus server
[2024-11-27T06:02:13.031Z] Error writing to Modbus register: no connection to modbus server
[2024-11-27T06:02:13.107Z] Error writing to Modbus register: no connection to modbus server
[2024-11-27T06:02:13.107Z] Error writing to Modbus register: no connection to modbus server
[2024-11-27T06:02:13.122Z] Error writing to Modbus register: no connection to modbus server
[2024-11-27T06:02:13.153Z] Error writing to Modbus register: no connection to modbus server
[2024-11-27T06:02:13.261Z] Error writing to Modbus register: no connection to modbus server
[2024-11-27T06:02:13.260Z] Error writing to Modbus register: no connection to modbus server
[2024-11-27T06:02:13.261Z] Error writing to Modbus register: no connection to modbus server
[2024-11-27T06:02:13.292Z] Error writing to Modbus register: no connection to modbus server
[2024-11-27T06:02:13.874Z] Error writing to Modbus register: no connection to modbus server
[2024-11-27T06:02:13.889Z] Error writing to Modbus register: no connection to modbus server
[2024-11-27T06:02:13.890Z] Error writing to Modbus register: no connection to modbus server
[2024-11-27T06:02:13.890Z] Error writing to Modbus register: no connection to modbus server
[2024-11-27T06:02:13.891Z] Error writing to Modbus register: no connection to modbus server
[2024-11-27T06:02:13.891Z] Error writing to Modbus register: no connection to modbus server
[2024-11-27T06:02:14.042Z] Error writing to Modbus register: no connection to modbus server
[2024-11-27T06:02:14.120Z] Error writing to Modbus register: no connection to modbus server
[2024-11-27T06:02:14.120Z] Error writing to Modbus register: no connection to modbus server
[2024-11-27T06:02:14.135Z] Error writing to Modbus register: no connection to modbus server
[2024-11-27T06:02:14.166Z] Error writing to Modbus register: no connection to modbus server
[2024-11-27T06:02:14.273Z] Error writing to Modbus register: no connection to modbus server
[2024-11-27T06:02:14.273Z] Error writing to Modbus register: no connection to modbus server
[2024-11-27T06:02:14.273Z] Error writing to Modbus register: no connection to modbus server
[2024-11-27T06:02:14.304Z] Error writing to Modbus register: no connection to modbus server
[2024-11-27T06:02:14.889Z] Error writing to Modbus register: no connection to modbus server
[2024-11-27T06:02:14.890Z] Error writing to Modbus register: no connection to modbus server
[2024-11-27T06:02:14.891Z] Error writing to Modbus register: no connection to modbus server
[2024-11-27T06:02:14.891Z] Error writing to Modbus register: no connection to modbus server
[2024-11-27T06:02:14.891Z] Error writing to Modbus register: no connection to modbus server
[2024-11-27T06:02:14.893Z] Error writing to Modbus register: no connection to modbus server
[2024-11-27T06:02:15.043Z] Error writing to Modbus register: no connection to modbus server
[2024-11-27T06:02:15.135Z] Error writing to Modbus register: no connection to modbus server
[2024-11-27T06:02:15.135Z] Error writing to Modbus register: no connection to modbus server
[2024-11-27T06:02:15.136Z] Error writing to Modbus register: no connection to modbus server
[2024-11-27T06:02:15.166Z] Error writing to Modbus register: no connection to modbus server
[2024-11-27T06:02:15.274Z] Error writing to Modbus register: no connection to modbus server
[2024-11-27T06:02:15.274Z] Error writing to Modbus register: no connection to modbus server
[2024-11-27T06:02:15.274Z] Error writing to Modbus register: no connection to modbus server
[2024-11-27T06:02:15.305Z] Error writing to Modbus register: no connection to modbus server
[2024-11-27T06:02:15.891Z] Error writing to Modbus register: no connection to modbus server
[2024-11-27T06:02:15.891Z] Error writing to Modbus register: no connection to modbus server
[2024-11-27T06:02:15.892Z] Error writing to Modbus register: no connection to modbus server
[2024-11-27T06:02:15.892Z] Error writing to Modbus register: no connection to modbus server
[2024-11-27T06:02:15.893Z] Error writing to Modbus register: no connection to modbus server
[2024-11-27T06:02:15.894Z] Error writing to Modbus register: no connection to modbus server
[2024-11-27T06:02:16.044Z] Error writing to Modbus register: no connection to modbus server
[2024-11-27T06:02:16.137Z] Error writing to Modbus register: no connection to modbus server
[2024-11-27T06:02:16.137Z] Error writing to Modbus register: no connection to modbus server
[2024-11-27T06:02:16.137Z] Error writing to Modbus register: no connection to modbus server
[2024-11-27T06:02:16.168Z] Error writing to Modbus register: no connection to modbus server
[2024-11-27T06:02:16.277Z] Error writing to Modbus register: no connection to modbus server
[2024-11-27T06:02:16.277Z] Error writing to Modbus register: no connection to modbus server
[2024-11-27T06:02:16.277Z] Error writing to Modbus register: no connection to modbus server
[2024-11-27T06:02:16.308Z] Error writing to Modbus register: no connection to modbus server
[2024-11-27T06:02:16.895Z] Error writing to Modbus register: no connection to modbus server
[2024-11-27T06:02:16.895Z] Error writing to Modbus register: no connection to modbus server
[2024-11-27T06:02:16.896Z] Error writing to Modbus register: no connection to modbus server
[2024-11-27T06:02:16.896Z] Error writing to Modbus register: no connection to modbus server
[2024-11-27T06:02:16.897Z] Error writing to Modbus register: no connection to modbus server
[2024-11-27T06:02:16.897Z] Error writing to Modbus register: no connection to modbus server
[2024-11-27T06:02:17.048Z] Error writing to Modbus register: no connection to modbus server
[2024-11-27T06:02:17.141Z] Error writing to Modbus register: no connection to modbus server
[2024-11-27T06:02:17.141Z] Error writing to Modbus register: no connection to modbus server
[2024-11-27T06:02:17.141Z] Error writing to Modbus register: no connection to modbus server
[2024-11-27T06:02:17.173Z] Error writing to Modbus register: no connection to modbus server
[2024-11-27T06:02:17.280Z] Error writing to Modbus register: no connection to modbus server
[2024-11-27T06:02:17.281Z] Error writing to Modbus register: no connection to modbus server
[2024-11-27T06:02:17.281Z] Error writing to Modbus register: no connection to modbus server
[2024-11-27T06:02:17.311Z] Error writing to Modbus register: no connection to modbus server
[2024-11-27T06:02:17.899Z] Error writing to Modbus register: no connection to modbus server
[2024-11-27T06:02:17.900Z] Error writing to Modbus register: no connection to modbus server
[2024-11-27T06:02:17.900Z] Error writing to Modbus register: no connection to modbus server
[2024-11-27T06:02:17.901Z] Error writing to Modbus register: no connection to modbus server
[2024-11-27T06:02:17.901Z] Error writing to Modbus register: no connection to modbus server
[2024-11-27T06:02:17.901Z] Error writing to Modbus register: no connection to modbus server
[2024-11-27T06:02:17.945Z] Error writing to Modbus register: no connection to modbus server
[2024-11-27T06:02:18.053Z] Error writing to Modbus register: no connection to modbus server
[2024-11-27T06:02:18.146Z] Error writing to Modbus register: no connection to modbus server
[2024-11-27T06:02:18.147Z] Error writing to Modbus register: no connection to modbus server
[2024-11-27T06:02:18.147Z] Error writing to Modbus register: no connection to modbus server
[2024-11-27T06:02:18.177Z] Error writing to Modbus register: no connection to modbus server
[2024-11-27T06:02:18.285Z] Error writing to Modbus register: no connection to modbus server
[2024-11-27T06:02:18.286Z] Error writing to Modbus register: no connection to modbus server
[2024-11-27T06:02:18.287Z] Error writing to Modbus register: no connection to modbus server
[2024-11-27T06:02:18.315Z] Error writing to Modbus register: no connection to modbus server
[2024-11-27T06:02:18.914Z] Error writing to Modbus register: no connection to modbus server
[2024-11-27T06:02:18.915Z] Error writing to Modbus register: no connection to modbus server
[2024-11-27T06:02:18.915Z] Error writing to Modbus register: no connection to modbus server
[2024-11-27T06:02:18.915Z] Error writing to Modbus register: no connection to modbus server
[2024-11-27T06:02:18.916Z] Error writing to Modbus register: no connection to modbus server
[2024-11-27T06:02:18.916Z] Error writing to Modbus register: no connection to modbus server
[2024-11-27T06:02:18.945Z] Error writing to Modbus register: no connection to modbus server
[2024-11-27T06:02:19.055Z] Error writing to Modbus register: no connection to modbus server
[2024-11-27T06:02:19.148Z] Error writing to Modbus register: no connection to modbus server
[2024-11-27T06:02:19.148Z] Error writing to Modbus register: no connection to modbus server
[2024-11-27T06:02:19.149Z] Error writing to Modbus register: no connection to modbus server
[2024-11-27T06:02:19.179Z] Error writing to Modbus register: no connection to modbus server
[2024-11-27T06:02:19.286Z] Error writing to Modbus register: no connection to modbus server
[2024-11-27T06:02:19.287Z] Error writing to Modbus register: no connection to modbus server
[2024-11-27T06:02:19.288Z] Error writing to Modbus register: no connection to modbus server
[2024-11-27T06:02:19.318Z] Error writing to Modbus register: no connection to modbus server
[2024-11-27T06:02:19.916Z] Error writing to Modbus register: no connection to modbus server
[2024-11-27T06:02:19.916Z] Error writing to Modbus register: no connection to modbus server
[2024-11-27T06:02:19.917Z] Error writing to Modbus register: no connection to modbus server
[2024-11-27T06:02:19.918Z] Error writing to Modbus register: no connection to modbus server
[2024-11-27T06:02:19.917Z] Error writing to Modbus register: no connection to modbus server
[2024-11-27T06:02:19.918Z] Error writing to Modbus register: no connection to modbus server
[2024-11-27T06:02:19.947Z] Error writing to Modbus register: no connection to modbus server
[2024-11-27T06:02:20.069Z] Error writing to Modbus register: no connection to modbus server
[2024-11-27T06:02:20.162Z] Error writing to Modbus register: no connection to modbus server
[2024-11-27T06:02:20.162Z] Error writing to Modbus register: no connection to modbus server
[2024-11-27T06:02:20.163Z] Error writing to Modbus register: no connection to modbus server
[2024-11-27T06:02:20.192Z] Error writing to Modbus register: no connection to modbus server
[2024-11-27T06:02:20.300Z] Error writing to Modbus register: no connection to modbus server
[2024-11-27T06:02:20.300Z] Error writing to Modbus register: no connection to modbus server
[2024-11-27T06:02:20.300Z] Error writing to Modbus register: no connection to modbus server
[2024-11-27T06:02:20.331Z] Error writing to Modbus register: no connection to modbus server
[2024-11-27T06:02:20.930Z] Error writing to Modbus register: no connection to modbus server
[2024-11-27T06:02:20.930Z] Error writing to Modbus register: no connection to modbus server
[2024-11-27T06:02:20.931Z] Error writing to Modbus register: no connection to modbus server
[2024-11-27T06:02:20.932Z] Error writing to Modbus register: no connection to modbus server
[2024-11-27T06:02:20.932Z] Error writing to Modbus register: no connection to modbus server
[2024-11-27T06:02:20.933Z] Error writing to Modbus register: no connection to modbus server
[2024-11-27T06:02:20.959Z] Error writing to Modbus register: no connection to modbus server
[2024-11-27T06:02:21.083Z] Error writing to Modbus register: no connection to modbus server
[2024-11-27T06:02:21.176Z] Error writing to Modbus register: no connection to modbus server
[2024-11-27T06:02:21.176Z] Error writing to Modbus register: no connection to modbus server
[2024-11-27T06:02:21.177Z] Error writing to Modbus register: no connection to modbus server
[2024-11-27T06:02:21.206Z] Error writing to Modbus register: no connection to modbus server
[2024-11-27T06:02:21.312Z] Error writing to Modbus register: no connection to modbus server
[2024-11-27T06:02:21.313Z] Error writing to Modbus register: no connection to modbus server
[2024-11-27T06:02:21.313Z] Error writing to Modbus register: no connection to modbus server
[2024-11-27T06:02:21.345Z] Error writing to Modbus register: no connection to modbus server
[2024-11-27T06:02:21.932Z] Error writing to Modbus register: no connection to modbus server
[2024-11-27T06:02:21.933Z] Error writing to Modbus register: no connection to modbus server
[2024-11-27T06:02:21.933Z] Error writing to Modbus register: no connection to modbus server
[2024-11-27T06:02:21.934Z] Error writing to Modbus register: no connection to modbus server
[2024-11-27T06:02:21.934Z] Error writing to Modbus register: no connection to modbus server
[2024-11-27T06:02:21.936Z] Error writing to Modbus register: no connection to modbus server
[2024-11-27T06:02:21.963Z] Error writing to Modbus register: no connection to modbus server
[2024-11-27T06:02:22.086Z] Error writing to Modbus register: no connection to modbus server
[2024-11-27T06:02:22.179Z] Error writing to Modbus register: no connection to modbus server
[2024-11-27T06:02:22.179Z] Error writing to Modbus register: no connection to modbus server
[2024-11-27T06:02:22.180Z] Error writing to Modbus register: no connection to modbus server
[2024-11-27T06:02:22.210Z] Error writing to Modbus register: no connection to modbus server
[2024-11-27T06:02:22.317Z] Error writing to Modbus register: no connection to modbus server
[2024-11-27T06:02:22.318Z] Error writing to Modbus register: no connection to modbus server
[2024-11-27T06:02:22.319Z] Error writing to Modbus register: no connection to modbus server
[2024-11-27T06:02:22.348Z] Error writing to Modbus register: no connection to modbus server
[2024-11-27T06:02:22.947Z] Error writing to Modbus register: no connection to modbus server
[2024-11-27T06:02:22.948Z] Error writing to Modbus register: no connection to modbus server
[2024-11-27T06:02:22.949Z] Error writing to Modbus register: no connection to modbus server
[2024-11-27T06:02:22.950Z] Error writing to Modbus register: no connection to modbus server
[2024-11-27T06:02:22.951Z] Error writing to Modbus register: no connection to modbus server
[2024-11-27T06:02:22.952Z] Error writing to Modbus register: no connection to modbus server
[2024-11-27T06:02:22.977Z] Error writing to Modbus register: no connection to modbus server
[2024-11-27T06:02:23.101Z] Error writing to Modbus register: no connection to modbus server
[2024-11-27T06:02:23.193Z] Error writing to Modbus register: no connection to modbus server
[2024-11-27T06:02:23.194Z] Error writing to Modbus register: no connection to modbus server
[2024-11-27T06:02:23.194Z] Error writing to Modbus register: no connection to modbus server
[2024-11-27T06:02:23.224Z] Error writing to Modbus register: no connection to modbus server
[2024-11-27T06:02:23.331Z] Error writing to Modbus register: no connection to modbus server
[2024-11-27T06:02:23.332Z] Error writing to Modbus register: no connection to modbus server
[2024-11-27T06:02:23.332Z] Error writing to Modbus register: no connection to modbus server
[2024-11-27T06:02:23.363Z] Error writing to Modbus register: no connection to modbus server
[2024-11-27T06:02:23.961Z] Error writing to Modbus register: no connection to modbus server
[2024-11-27T06:02:23.961Z] Error writing to Modbus register: no connection to modbus server
[2024-11-27T06:02:23.962Z] Error writing to Modbus register: no connection to modbus server
[2024-11-27T06:02:23.962Z] Error writing to Modbus register: no connection to modbus server
[2024-11-27T06:02:23.962Z] Error writing to Modbus register: no connection to modbus server
[2024-11-27T06:02:23.962Z] Error writing to Modbus register: no connection to modbus server
[2024-11-27T06:02:23.991Z] Error writing to Modbus register: no connection to modbus server
[2024-11-27T06:02:24.114Z] Error writing to Modbus register: no connection to modbus server
[2024-11-27T06:02:24.207Z] Error writing to Modbus register: no connection to modbus server
[2024-11-27T06:02:24.207Z] Error writing to Modbus register: no connection to modbus server
[2024-11-27T06:02:24.208Z] Error writing to Modbus register: no connection to modbus server
[2024-11-27T06:02:24.237Z] Error writing to Modbus register: no connection to modbus server
[2024-11-27T06:02:24.345Z] Error writing to Modbus register: no connection to modbus server
[2024-11-27T06:02:24.345Z] Error writing to Modbus register: no connection to modbus server
[2024-11-27T06:02:24.345Z] Error writing to Modbus register: no connection to modbus server
[2024-11-27T06:02:24.375Z] Error writing to Modbus register: no connection to modbus server
[2024-11-27T06:02:24.962Z] Error writing to Modbus register: no connection to modbus server
[2024-11-27T06:02:24.963Z] Error writing to Modbus register: no connection to modbus server
[2024-11-27T06:02:24.963Z] Error writing to Modbus register: no connection to modbus server
[2024-11-27T06:02:24.964Z] Error writing to Modbus register: no connection to modbus server
[2024-11-27T06:02:24.965Z] Error writing to Modbus register: no connection to modbus server
[2024-11-27T06:02:24.967Z] Error writing to Modbus register: no connection to modbus server
[2024-11-27T06:02:24.992Z] Error writing to Modbus register: no connection to modbus server
[2024-11-27T06:02:25.116Z] Error writing to Modbus register: no connection to modbus server
[2024-11-27T06:02:25.209Z] Error writing to Modbus register: no connection to modbus server
[2024-11-27T06:02:25.209Z] Error writing to Modbus register: no connection to modbus server
[2024-11-27T06:02:25.209Z] Error writing to Modbus register: no connection to modbus server
[2024-11-27T06:02:25.240Z] Error writing to Modbus register: no connection to modbus server
[2024-11-27T06:02:25.347Z] Error writing to Modbus register: no connection to modbus server
[2024-11-27T06:02:25.347Z] Error writing to Modbus register: no connection to modbus server
[2024-11-27T06:02:25.348Z] Error writing to Modbus register: no connection to modbus server
[2024-11-27T06:02:25.379Z] Error writing to Modbus register: no connection to modbus server
[2024-11-27T06:02:25.966Z] Error writing to Modbus register: no connection to modbus server
[2024-11-27T06:02:25.966Z] Error writing to Modbus register: no connection to modbus server
[2024-11-27T06:02:25.967Z] Error writing to Modbus register: no connection to modbus server
[2024-11-27T06:02:25.968Z] Error writing to Modbus register: no connection to modbus server
[2024-11-27T06:02:25.969Z] Error writing to Modbus register: no connection to modbus server
[2024-11-27T06:02:25.970Z] Error writing to Modbus register: no connection to modbus server
[2024-11-27T06:02:25.997Z] Error writing to Modbus register: no connection to modbus server
[2024-11-27T06:02:26.120Z] Error writing to Modbus register: no connection to modbus server
[2024-11-27T06:02:26.213Z] Error writing to Modbus register: no connection to modbus server
[2024-11-27T06:02:26.213Z] Error writing to Modbus register: no connection to modbus server
[2024-11-27T06:02:26.214Z] Error writing to Modbus register: no connection to modbus server
[2024-11-27T06:02:26.243Z] Error writing to Modbus register: no connection to modbus server
[2024-11-27T06:02:26.352Z] Error writing to Modbus register: no connection to modbus server
[2024-11-27T06:02:26.352Z] Error writing to Modbus register: no connection to modbus server
[2024-11-27T06:02:26.353Z] Error writing to Modbus register: no connection to modbus server
[2024-11-27T06:02:26.383Z] Error writing to Modbus register: no connection to modbus server
[2024-11-27T06:02:26.970Z] Error reading register 6507 for IP 10.30.4.128: no connection to modbus server
[2024-11-27T06:02:26.970Z] Error reading or processing Modbus registers: no connection to modbus server
[2024-11-27T06:02:26.970Z] Error writing to Modbus register: no connection to modbus server
[2024-11-27T06:02:26.971Z] Error reading register 6507 for IP 10.30.4.128: no connection to modbus server
[2024-11-27T06:02:26.971Z] Error reading or processing Modbus registers: no connection to modbus server
[2024-11-27T06:02:26.971Z] Error writing to Modbus register: no connection to modbus server
[2024-11-27T06:02:26.971Z] Error reading register 6507 for IP 10.30.4.128: no connection to modbus server
[2024-11-27T06:02:26.971Z] Error reading or processing Modbus registers: no connection to modbus server
[2024-11-27T06:02:26.971Z] Error writing to Modbus register: no connection to modbus server
[2024-11-27T06:02:26.972Z] Error reading register 6507 for IP 10.30.4.128: no connection to modbus server
[2024-11-27T06:02:26.972Z] Error writing to Modbus register: no connection to modbus server
[2024-11-27T06:02:26.972Z] Error reading register 6507 for IP 10.30.4.128: no connection to modbus server
[2024-11-27T06:02:26.972Z] Error reading or processing Modbus registers: no connection to modbus server
[2024-11-27T06:02:26.972Z] Error reading or processing Modbus registers: no connection to modbus server
[2024-11-27T06:02:26.973Z] Error reading register 6507 for IP 10.30.4.128: no connection to modbus server
[2024-11-27T06:02:26.973Z] Error reading or processing Modbus registers: no connection to modbus server
[2024-11-27T06:02:26.972Z] Error writing to Modbus register: no connection to modbus server
[2024-11-27T06:02:26.973Z] Error writing to Modbus register: no connection to modbus server
[2024-11-27T06:02:26.997Z] Error reading register 6507 for IP 10.30.4.128: no connection to modbus server
[2024-11-27T06:02:26.997Z] Error reading or processing Modbus registers: no connection to modbus server
[2024-11-27T06:02:26.998Z] Error writing to Modbus register: no connection to modbus server
[2024-11-27T06:02:27.119Z] Error reading register 6507 for IP 10.30.4.128: no connection to modbus server
[2024-11-27T06:02:27.119Z] Error reading or processing Modbus registers: no connection to modbus server
[2024-11-27T06:02:27.120Z] Error writing to Modbus register: no connection to modbus server
[2024-11-27T06:02:27.216Z] Error reading register 6507 for IP 10.30.4.128: no connection to modbus server
[2024-11-27T06:02:27.216Z] Error reading or processing Modbus registers: no connection to modbus server
[2024-11-27T06:02:27.216Z] Error writing to Modbus register: no connection to modbus server
[2024-11-27T06:02:27.216Z] Error reading register 6507 for IP 10.30.4.128: no connection to modbus server
[2024-11-27T06:02:27.216Z] Error reading or processing Modbus registers: no connection to modbus server
[2024-11-27T06:02:27.217Z] Error writing to Modbus register: no connection to modbus server
[2024-11-27T06:02:27.217Z] Error reading register 6507 for IP 10.30.4.128: no connection to modbus server
[2024-11-27T06:02:27.217Z] Error reading or processing Modbus registers: no connection to modbus server
[2024-11-27T06:02:27.217Z] Error writing to Modbus register: no connection to modbus server
[2024-11-27T06:02:27.247Z] Error reading register 6507 for IP 10.30.4.128: no connection to modbus server
[2024-11-27T06:02:27.247Z] Error reading or processing Modbus registers: no connection to modbus server
[2024-11-27T06:02:27.248Z] Error writing to Modbus register: no connection to modbus server
[2024-11-27T06:02:27.339Z] Error reading register 6507 for IP 10.30.4.128: no connection to modbus server
[2024-11-27T06:02:27.339Z] Error reading or processing Modbus registers: no connection to modbus server
[2024-11-27T06:02:27.354Z] Error writing to Modbus register: no connection to modbus server
[2024-11-27T06:02:27.354Z] Error reading register 6507 for IP 10.30.4.128: no connection to modbus server
[2024-11-27T06:02:27.354Z] Error reading or processing Modbus registers: no connection to modbus server
[2024-11-27T06:02:27.355Z] Error writing to Modbus register: no connection to modbus server
[2024-11-27T06:02:27.355Z] Error reading register 6507 for IP 10.30.4.128: no connection to modbus server
[2024-11-27T06:02:27.356Z] Error reading or processing Modbus registers: no connection to modbus server
[2024-11-27T06:02:27.356Z] Error writing to Modbus register: no connection to modbus server
[2024-11-27T06:02:27.386Z] Error reading register 6507 for IP 10.30.4.128: no connection to modbus server
[2024-11-27T06:02:27.386Z] Error reading or processing Modbus registers: no connection to modbus server
[2024-11-27T06:02:27.386Z] Error writing to Modbus register: no connection to modbus server
[2024-11-27T06:02:27.970Z] Error reading register 6507 for IP 10.30.4.128: no connection to modbus server
[2024-11-27T06:02:27.970Z] Error reading or processing Modbus registers: no connection to modbus server
[2024-11-27T06:02:27.970Z] Error writing to Modbus register: no connection to modbus server
[2024-11-27T06:02:27.971Z] Error reading register 6507 for IP 10.30.4.128: no connection to modbus server
[2024-11-27T06:02:27.971Z] Error writing to Modbus register: no connection to modbus server
[2024-11-27T06:02:27.971Z] Error reading register 6507 for IP 10.30.4.128: no connection to modbus server
[2024-11-27T06:02:27.971Z] Error reading or processing Modbus registers: no connection to modbus server
[2024-11-27T06:02:27.971Z] Error reading or processing Modbus registers: no connection to modbus server
[2024-11-27T06:02:27.972Z] Error reading or processing Modbus registers: no connection to modbus server
[2024-11-27T06:02:27.972Z] Error reading register 6507 for IP 10.30.4.128: no connection to modbus server
[2024-11-27T06:02:27.972Z] Error reading register 6507 for IP 10.30.4.128: no connection to modbus server
[2024-11-27T06:02:27.972Z] Error writing to Modbus register: no connection to modbus server
[2024-11-27T06:02:27.972Z] Error reading or processing Modbus registers: no connection to modbus server
[2024-11-27T06:02:27.972Z] Error writing to Modbus register: no connection to modbus server
[2024-11-27T06:02:27.974Z] Error writing to Modbus register: no connection to modbus server
[2024-11-27T06:02:27.974Z] Error reading or processing Modbus registers: no connection to modbus server
[2024-11-27T06:02:27.974Z] Error reading register 6507 for IP 10.30.4.128: no connection to modbus server
[2024-11-27T06:02:27.974Z] Error writing to Modbus register: no connection to modbus server
[2024-11-27T06:02:27.997Z] Error reading register 6507 for IP 10.30.4.128: no connection to modbus server
[2024-11-27T06:02:27.997Z] Error reading or processing Modbus registers: no connection to modbus server
[2024-11-27T06:02:27.998Z] Error writing to Modbus register: no connection to modbus server
[2024-11-27T06:02:28.120Z] Error reading register 6507 for IP 10.30.4.128: no connection to modbus server
[2024-11-27T06:02:28.120Z] Error reading or processing Modbus registers: no connection to modbus server
[2024-11-27T06:02:28.120Z] Error writing to Modbus register: no connection to modbus server
[2024-11-27T06:02:28.216Z] Error reading register 6507 for IP 10.30.4.128: no connection to modbus server
[2024-11-27T06:02:28.216Z] Error reading or processing Modbus registers: no connection to modbus server
[2024-11-27T06:02:28.216Z] Error writing to Modbus register: no connection to modbus server
[2024-11-27T06:02:28.217Z] Error reading register 6507 for IP 10.30.4.128: no connection to modbus server
[2024-11-27T06:02:28.217Z] Error writing to Modbus register: no connection to modbus server
[2024-11-27T06:02:28.217Z] Error reading or processing Modbus registers: no connection to modbus server
[2024-11-27T06:02:28.217Z] Error reading register 6507 for IP 10.30.4.128: no connection to modbus server
[2024-11-27T06:02:28.217Z] Error reading or processing Modbus registers: no connection to modbus server
[2024-11-27T06:02:28.217Z] Error writing to Modbus register: no connection to modbus server
[2024-11-27T06:02:28.247Z] Error reading register 6507 for IP 10.30.4.128: no connection to modbus server
[2024-11-27T06:02:28.247Z] Error reading or processing Modbus registers: no connection to modbus server
[2024-11-27T06:02:28.247Z] Error writing to Modbus register: no connection to modbus server
[2024-11-27T06:02:28.339Z] Error reading register 6507 for IP 10.30.4.128: no connection to modbus server
[2024-11-27T06:02:28.339Z] Error reading or processing Modbus registers: no connection to modbus server
[2024-11-27T06:02:28.354Z] Error writing to Modbus register: no connection to modbus server
[2024-11-27T06:02:28.354Z] Error reading register 6507 for IP 10.30.4.128: no connection to modbus server
[2024-11-27T06:02:28.354Z] Error reading or processing Modbus registers: no connection to modbus server
[2024-11-27T06:02:28.355Z] Error writing to Modbus register: no connection to modbus server
[2024-11-27T06:02:28.355Z] Error reading register 6507 for IP 10.30.4.128: no connection to modbus server
[2024-11-27T06:02:28.355Z] Error reading or processing Modbus registers: no connection to modbus server
[2024-11-27T06:02:28.356Z] Error writing to Modbus register: no connection to modbus server
[2024-11-27T06:02:28.385Z] Error reading register 6507 for IP 10.30.4.128: no connection to modbus server
[2024-11-27T06:02:28.385Z] Error reading or processing Modbus registers: no connection to modbus server
[2024-11-27T06:02:28.387Z] Error writing to Modbus register: no connection to modbus server
[2024-11-27T06:02:28.969Z] Error reading register 6507 for IP 10.30.4.128: no connection to modbus server
[2024-11-27T06:02:28.970Z] Error reading or processing Modbus registers: no connection to modbus server
[2024-11-27T06:02:28.970Z] Error writing to Modbus register: no connection to modbus server
[2024-11-27T06:02:28.970Z] Error reading register 6507 for IP 10.30.4.128: no connection to modbus server
[2024-11-27T06:02:28.971Z] Error reading or processing Modbus registers: no connection to modbus server
[2024-11-27T06:02:28.971Z] Error writing to Modbus register: no connection to modbus server
[2024-11-27T06:02:28.971Z] Error reading register 6507 for IP 10.30.4.128: no connection to modbus server
[2024-11-27T06:02:28.971Z] Error reading or processing Modbus registers: no connection to modbus server
[2024-11-27T06:02:28.972Z] Error writing to Modbus register: no connection to modbus server
[2024-11-27T06:02:28.972Z] Error reading register 6507 for IP 10.30.4.128: no connection to modbus server
[2024-11-27T06:02:28.972Z] Error reading or processing Modbus registers: no connection to modbus server
[2024-11-27T06:02:28.972Z] Error writing to Modbus register: no connection to modbus server
[2024-11-27T06:02:28.974Z] Error reading register 6507 for IP 10.30.4.128: no connection to modbus server
[2024-11-27T06:02:28.975Z] Error reading or processing Modbus registers: no connection to modbus server
[2024-11-27T06:02:28.975Z] Error writing to Modbus register: no connection to modbus server
[2024-11-27T06:02:28.975Z] Error reading register 6507 for IP 10.30.4.128: no connection to modbus server
[2024-11-27T06:02:28.975Z] Error reading or processing Modbus registers: no connection to modbus server
[2024-11-27T06:02:28.975Z] Error writing to Modbus register: no connection to modbus server
[2024-11-27T06:02:28.996Z] Error reading register 6507 for IP 10.30.4.128: no connection to modbus server
[2024-11-27T06:02:28.997Z] Error reading or processing Modbus registers: no connection to modbus server
[2024-11-27T06:02:28.997Z] Error writing to Modbus register: no connection to modbus server
[2024-11-27T06:02:29.119Z] Error reading register 6507 for IP 10.30.4.128: no connection to modbus server
[2024-11-27T06:02:29.120Z] Error reading or processing Modbus registers: no connection to modbus server
[2024-11-27T06:02:29.120Z] Error writing to Modbus register: no connection to modbus server
[2024-11-27T06:02:29.216Z] Error reading register 6507 for IP 10.30.4.128: no connection to modbus server
[2024-11-27T06:02:29.216Z] Error reading or processing Modbus registers: no connection to modbus server
[2024-11-27T06:02:29.216Z] Error writing to Modbus register: no connection to modbus server
[2024-11-27T06:02:29.217Z] Error reading register 6507 for IP 10.30.4.128: no connection to modbus server
[2024-11-27T06:02:29.218Z] Error reading or processing Modbus registers: no connection to modbus server
[2024-11-27T06:02:29.218Z] Error writing to Modbus register: no connection to modbus server
[2024-11-27T06:02:29.218Z] Error reading register 6507 for IP 10.30.4.128: no connection to modbus server
[2024-11-27T06:02:29.218Z] Error reading or processing Modbus registers: no connection to modbus server
[2024-11-27T06:02:29.218Z] Error writing to Modbus register: no connection to modbus server
[2024-11-27T06:02:29.247Z] Error reading register 6507 for IP 10.30.4.128: no connection to modbus server
[2024-11-27T06:02:29.247Z] Error reading or processing Modbus registers: no connection to modbus server
[2024-11-27T06:02:29.247Z] Error writing to Modbus register: no connection to modbus server
[2024-11-27T06:02:29.338Z] Error reading register 6507 for IP 10.30.4.128: no connection to modbus server
[2024-11-27T06:02:29.339Z] Error reading or processing Modbus registers: no connection to modbus server
[2024-11-27T06:02:29.354Z] Error writing to Modbus register: no connection to modbus server
[2024-11-27T06:02:29.354Z] Error reading register 6507 for IP 10.30.4.128: no connection to modbus server
[2024-11-27T06:02:29.354Z] Error reading or processing Modbus registers: no connection to modbus server
[2024-11-27T06:02:29.355Z] Error writing to Modbus register: no connection to modbus server
[2024-11-27T06:02:29.356Z] Error reading register 6507 for IP 10.30.4.128: no connection to modbus server
[2024-11-27T06:02:29.356Z] Error reading or processing Modbus registers: no connection to modbus server
[2024-11-27T06:02:29.356Z] Error writing to Modbus register: no connection to modbus server
[2024-11-27T06:02:29.385Z] Error reading register 6507 for IP 10.30.4.128: no connection to modbus server
[2024-11-27T06:02:29.385Z] Error reading or processing Modbus registers: no connection to modbus server
[2024-11-27T06:02:29.386Z] Error writing to Modbus register: no connection to modbus server
[2024-11-27T06:02:29.970Z] Error reading register 6507 for IP 10.30.4.128: no connection to modbus server
[2024-11-27T06:02:29.970Z] Error reading or processing Modbus registers: no connection to modbus server
[2024-11-27T06:02:29.971Z] Error writing to Modbus register: no connection to modbus server
[2024-11-27T06:02:29.971Z] Error reading or processing Modbus registers: no connection to modbus server
[2024-11-27T06:02:29.971Z] Error writing to Modbus register: no connection to modbus server
[2024-11-27T06:02:29.971Z] Error reading register 6507 for IP 10.30.4.128: no connection to modbus server
[2024-11-27T06:02:29.971Z] Error reading or processing Modbus registers: no connection to modbus server
[2024-11-27T06:02:29.971Z] Error reading register 6507 for IP 10.30.4.128: no connection to modbus server
[2024-11-27T06:02:29.972Z] Error writing to Modbus register: no connection to modbus server
[2024-11-27T06:02:29.973Z] Error reading or processing Modbus registers: no connection to modbus server
[2024-11-27T06:02:29.973Z] Error reading register 6507 for IP 10.30.4.128: no connection to modbus server
[2024-11-27T06:02:29.973Z] Error writing to Modbus register: no connection to modbus server
[2024-11-27T06:02:29.975Z] Error reading register 6507 for IP 10.30.4.128: no connection to modbus server
[2024-11-27T06:02:29.975Z] Error reading or processing Modbus registers: no connection to modbus server
[2024-11-27T06:02:29.975Z] Error writing to Modbus register: no connection to modbus server
[2024-11-27T06:02:29.975Z] Error reading register 6507 for IP 10.30.4.128: no connection to modbus server
[2024-11-27T06:02:29.975Z] Error reading or processing Modbus registers: no connection to modbus server
[2024-11-27T06:02:29.977Z] Error writing to Modbus register: no connection to modbus server
[2024-11-27T06:02:29.997Z] Error reading register 6507 for IP 10.30.4.128: no connection to modbus server
[2024-11-27T06:02:29.997Z] Error reading or processing Modbus registers: no connection to modbus server
[2024-11-27T06:02:29.998Z] Error writing to Modbus register: no connection to modbus server
[2024-11-27T06:02:30.119Z] Error reading register 6507 for IP 10.30.4.128: no connection to modbus server
[2024-11-27T06:02:30.120Z] Error reading or processing Modbus registers: no connection to modbus server
[2024-11-27T06:02:30.120Z] Error writing to Modbus register: no connection to modbus server
[2024-11-27T06:02:30.216Z] Error reading register 6507 for IP 10.30.4.128: no connection to modbus server
[2024-11-27T06:02:30.216Z] Error writing to Modbus register: no connection to modbus server
[2024-11-27T06:02:30.216Z] Error reading or processing Modbus registers: no connection to modbus server
[2024-11-27T06:02:30.217Z] Error reading register 6507 for IP 10.30.4.128: no connection to modbus server
[2024-11-27T06:02:30.217Z] Error reading or processing Modbus registers: no connection to modbus server
[2024-11-27T06:02:30.218Z] Error reading register 6507 for IP 10.30.4.128: no connection to modbus server
[2024-11-27T06:02:30.218Z] Error writing to Modbus register: no connection to modbus server
[2024-11-27T06:02:30.218Z] Error reading or processing Modbus registers: no connection to modbus server
[2024-11-27T06:02:30.218Z] Error writing to Modbus register: no connection to modbus server
[2024-11-27T06:02:30.247Z] Error reading register 6507 for IP 10.30.4.128: no connection to modbus server
[2024-11-27T06:02:30.247Z] Error reading or processing Modbus registers: no connection to modbus server
[2024-11-27T06:02:30.247Z] Error writing to Modbus register: no connection to modbus server
[2024-11-27T06:02:30.339Z] Error reading register 6507 for IP 10.30.4.128: no connection to modbus server
[2024-11-27T06:02:30.339Z] Error reading or processing Modbus registers: no connection to modbus server
[2024-11-27T06:02:30.354Z] Error writing to Modbus register: no connection to modbus server
[2024-11-27T06:02:30.354Z] Error reading or processing Modbus registers: no connection to modbus server
[2024-11-27T06:02:30.354Z] Error reading register 6507 for IP 10.30.4.128: no connection to modbus server
[2024-11-27T06:02:30.355Z] Error writing to Modbus register: no connection to modbus server
[2024-11-27T06:02:30.355Z] Error reading register 6507 for IP 10.30.4.128: no connection to modbus server
[2024-11-27T06:02:30.355Z] Error reading or processing Modbus registers: no connection to modbus server
[2024-11-27T06:02:30.356Z] Error writing to Modbus register: no connection to modbus server
[2024-11-27T06:02:30.385Z] Error reading register 6507 for IP 10.30.4.128: no connection to modbus server
[2024-11-27T06:02:30.385Z] Error reading or processing Modbus registers: no connection to modbus server
[2024-11-27T06:02:30.387Z] Error writing to Modbus register: no connection to modbus server
[2024-11-27T06:02:30.970Z] Error reading register 6507 for IP 10.30.4.128: no connection to modbus server
[2024-11-27T06:02:30.970Z] Error reading or processing Modbus registers: no connection to modbus server
[2024-11-27T06:02:30.970Z] Error writing to Modbus register: no connection to modbus server
[2024-11-27T06:02:30.970Z] Error reading register 6507 for IP 10.30.4.128: no connection to modbus server
[2024-11-27T06:02:30.971Z] Error writing to Modbus register: no connection to modbus server
[2024-11-27T06:02:30.971Z] Error reading or processing Modbus registers: no connection to modbus server
[2024-11-27T06:02:30.971Z] Error reading register 6507 for IP 10.30.4.128: no connection to modbus server
[2024-11-27T06:02:30.971Z] Error reading or processing Modbus registers: no connection to modbus server
[2024-11-27T06:02:30.972Z] Error writing to Modbus register: no connection to modbus server
[2024-11-27T06:02:30.973Z] Error reading register 6507 for IP 10.30.4.128: no connection to modbus server
[2024-11-27T06:02:30.973Z] Error reading or processing Modbus registers: no connection to modbus server
[2024-11-27T06:02:30.973Z] Error writing to Modbus register: no connection to modbus server
[2024-11-27T06:02:30.975Z] Error reading register 6507 for IP 10.30.4.128: no connection to modbus server
[2024-11-27T06:02:30.975Z] Error reading or processing Modbus registers: no connection to modbus server
[2024-11-27T06:02:30.975Z] Error reading register 6507 for IP 10.30.4.128: no connection to modbus server
[2024-11-27T06:02:30.975Z] Error reading or processing Modbus registers: no connection to modbus server
[2024-11-27T06:02:30.975Z] Error writing to Modbus register: no connection to modbus server
[2024-11-27T06:02:30.976Z] Error writing to Modbus register: no connection to modbus server
[2024-11-27T06:02:30.997Z] Error reading register 6507 for IP 10.30.4.128: no connection to modbus server
[2024-11-27T06:02:30.997Z] Error reading or processing Modbus registers: no connection to modbus server
[2024-11-27T06:02:30.998Z] Error writing to Modbus register: no connection to modbus server
[2024-11-27T06:02:31.120Z] Error reading register 6507 for IP 10.30.4.128: no connection to modbus server
[2024-11-27T06:02:31.120Z] Error reading or processing Modbus registers: no connection to modbus server
[2024-11-27T06:02:31.120Z] Error writing to Modbus register: no connection to modbus server
[2024-11-27T06:02:31.216Z] Error reading register 6507 for IP 10.30.4.128: no connection to modbus server
[2024-11-27T06:02:31.216Z] Error reading or processing Modbus registers: no connection to modbus server
[2024-11-27T06:02:31.216Z] Error writing to Modbus register: no connection to modbus server
[2024-11-27T06:02:31.217Z] Error reading register 6507 for IP 10.30.4.128: no connection to modbus server
[2024-11-27T06:02:31.217Z] Error reading or processing Modbus registers: no connection to modbus server
[2024-11-27T06:02:31.218Z] Error writing to Modbus register: no connection to modbus server
[2024-11-27T06:02:31.218Z] Error reading register 6507 for IP 10.30.4.128: no connection to modbus server
[2024-11-27T06:02:31.218Z] Error reading or processing Modbus registers: no connection to modbus server
[2024-11-27T06:02:31.219Z] Error writing to Modbus register: no connection to modbus server
[2024-11-27T06:02:31.247Z] Error reading register 6507 for IP 10.30.4.128: no connection to modbus server
[2024-11-27T06:02:31.247Z] Error reading or processing Modbus registers: no connection to modbus server
[2024-11-27T06:02:31.247Z] Error writing to Modbus register: no connection to modbus server
[2024-11-27T06:02:31.339Z] Error reading register 6507 for IP 10.30.4.128: no connection to modbus server
[2024-11-27T06:02:31.339Z] Error reading or processing Modbus registers: no connection to modbus server
[2024-11-27T06:02:31.353Z] Error writing to Modbus register: no connection to modbus server
[2024-11-27T06:02:31.356Z] Error reading register 6507 for IP 10.30.4.128: no connection to modbus server
[2024-11-27T06:02:31.356Z] Error reading or processing Modbus registers: no connection to modbus server
[2024-11-27T06:02:31.356Z] Error writing to Modbus register: no connection to modbus server
[2024-11-27T06:02:31.357Z] Error reading register 6507 for IP 10.30.4.128: no connection to modbus server
[2024-11-27T06:02:31.357Z] Error reading or processing Modbus registers: no connection to modbus server
[2024-11-27T06:02:31.357Z] Error writing to Modbus register: no connection to modbus server
[2024-11-27T06:02:31.385Z] Error reading register 6507 for IP 10.30.4.128: no connection to modbus server
[2024-11-27T06:02:31.385Z] Error reading or processing Modbus registers: no connection to modbus server
[2024-11-27T06:02:31.386Z] Error writing to Modbus register: no connection to modbus server
[2024-11-27T06:02:31.970Z] Error reading register 6507 for IP 10.30.4.128: no connection to modbus server
[2024-11-27T06:02:31.970Z] Error reading or processing Modbus registers: no connection to modbus server
[2024-11-27T06:02:31.971Z] Error writing to Modbus register: no connection to modbus server
[2024-11-27T06:02:31.971Z] Error reading register 6507 for IP 10.30.4.128: no connection to modbus server
[2024-11-27T06:02:31.971Z] Error writing to Modbus register: no connection to modbus server
[2024-11-27T06:02:31.971Z] Error reading or processing Modbus registers: no connection to modbus server
[2024-11-27T06:02:31.973Z] Error reading register 6507 for IP 10.30.4.128: no connection to modbus server
[2024-11-27T06:02:31.973Z] Error reading or processing Modbus registers: no connection to modbus server
[2024-11-27T06:02:31.974Z] Error writing to Modbus register: no connection to modbus server
[2024-11-27T06:02:31.974Z] Error reading register 6507 for IP 10.30.4.128: no connection to modbus server
[2024-11-27T06:02:31.974Z] Error reading or processing Modbus registers: no connection to modbus server
[2024-11-27T06:02:31.974Z] Error writing to Modbus register: no connection to modbus server
[2024-11-27T06:02:31.975Z] Error reading register 6507 for IP 10.30.4.128: no connection to modbus server
[2024-11-27T06:02:31.975Z] Error reading or processing Modbus registers: no connection to modbus server
[2024-11-27T06:02:31.976Z] Error reading register 6507 for IP 10.30.4.128: no connection to modbus server
[2024-11-27T06:02:31.976Z] Error writing to Modbus register: no connection to modbus server
[2024-11-27T06:02:31.976Z] Error reading or processing Modbus registers: no connection to modbus server
[2024-11-27T06:02:31.976Z] Error writing to Modbus register: no connection to modbus server
[2024-11-27T06:02:31.997Z] Error reading register 6507 for IP 10.30.4.128: no connection to modbus server
[2024-11-27T06:02:31.997Z] Error reading or processing Modbus registers: no connection to modbus server
[2024-11-27T06:02:31.998Z] Error writing to Modbus register: no connection to modbus server
[2024-11-27T06:02:32.119Z] Error reading register 6507 for IP 10.30.4.128: no connection to modbus server
[2024-11-27T06:02:32.120Z] Error reading or processing Modbus registers: no connection to modbus server
[2024-11-27T06:02:32.120Z] Error writing to Modbus register: no connection to modbus server
[2024-11-27T06:02:32.216Z] Error reading register 6507 for IP 10.30.4.128: no connection to modbus server
[2024-11-27T06:02:32.216Z] Error reading or processing Modbus registers: no connection to modbus server
[2024-11-27T06:02:32.216Z] Error writing to Modbus register: no connection to modbus server
[2024-11-27T06:02:32.218Z] Error reading register 6507 for IP 10.30.4.128: no connection to modbus server
[2024-11-27T06:02:32.218Z] Error reading or processing Modbus registers: no connection to modbus server
[2024-11-27T06:02:32.218Z] Error writing to Modbus register: no connection to modbus server
[2024-11-27T06:02:32.218Z] Error reading register 6507 for IP 10.30.4.128: no connection to modbus server
[2024-11-27T06:02:32.218Z] Error reading or processing Modbus registers: no connection to modbus server
[2024-11-27T06:02:32.219Z] Error writing to Modbus register: no connection to modbus server
[2024-11-27T06:02:32.247Z] Error reading register 6507 for IP 10.30.4.128: no connection to modbus server
[2024-11-27T06:02:32.247Z] Error reading or processing Modbus registers: no connection to modbus server
[2024-11-27T06:02:32.247Z] Error writing to Modbus register: no connection to modbus server
[2024-11-27T06:02:32.339Z] Error reading register 6507 for IP 10.30.4.128: no connection to modbus server
[2024-11-27T06:02:32.339Z] Error reading or processing Modbus registers: no connection to modbus server
[2024-11-27T06:02:32.354Z] Error writing to Modbus register: no connection to modbus server
[2024-11-27T06:02:32.355Z] Error reading register 6507 for IP 10.30.4.128: no connection to modbus server
[2024-11-27T06:02:32.355Z] Error reading or processing Modbus registers: no connection to modbus server
[2024-11-27T06:02:32.356Z] Error writing to Modbus register: no connection to modbus server
[2024-11-27T06:02:32.357Z] Error reading register 6507 for IP 10.30.4.128: no connection to modbus server
[2024-11-27T06:02:32.357Z] Error reading or processing Modbus registers: no connection to modbus server
[2024-11-27T06:02:32.357Z] Error writing to Modbus register: no connection to modbus server
[2024-11-27T06:02:32.385Z] Error reading register 6507 for IP 10.30.4.128: no connection to modbus server
[2024-11-27T06:02:32.385Z] Error reading or processing Modbus registers: no connection to modbus server
[2024-11-27T06:02:32.387Z] Error writing to Modbus register: no connection to modbus server
[2024-11-27T06:02:32.970Z] Error reading register 6507 for IP 10.30.4.128: no connection to modbus server
[2024-11-27T06:02:32.970Z] Error reading or processing Modbus registers: no connection to modbus server
[2024-11-27T06:02:32.970Z] Error writing to Modbus register: no connection to modbus server
[2024-11-27T06:02:32.971Z] Error reading register 6507 for IP 10.30.4.128: no connection to modbus server
[2024-11-27T06:02:32.971Z] Error reading or processing Modbus registers: no connection to modbus server
[2024-11-27T06:02:32.971Z] Error writing to Modbus register: no connection to modbus server
[2024-11-27T06:02:32.972Z] Error reading register 6507 for IP 10.30.4.128: no connection to modbus server
[2024-11-27T06:02:32.973Z] Error reading or processing Modbus registers: no connection to modbus server
[2024-11-27T06:02:32.974Z] Error writing to Modbus register: no connection to modbus server
[2024-11-27T06:02:32.974Z] Error reading register 6507 for IP 10.30.4.128: no connection to modbus server
[2024-11-27T06:02:32.974Z] Error reading or processing Modbus registers: no connection to modbus server
[2024-11-27T06:02:32.974Z] Error writing to Modbus register: no connection to modbus server
[2024-11-27T06:02:32.976Z] Error reading register 6507 for IP 10.30.4.128: no connection to modbus server
[2024-11-27T06:02:32.976Z] Error reading or processing Modbus registers: no connection to modbus server
[2024-11-27T06:02:32.976Z] Error writing to Modbus register: no connection to modbus server
[2024-11-27T06:02:32.976Z] Error reading register 6507 for IP 10.30.4.128: no connection to modbus server
[2024-11-27T06:02:32.976Z] Error reading or processing Modbus registers: no connection to modbus server
[2024-11-27T06:02:32.976Z] Error writing to Modbus register: no connection to modbus server
[2024-11-27T06:02:32.996Z] Error reading register 6507 for IP 10.30.4.128: no connection to modbus server
[2024-11-27T06:02:32.997Z] Error reading or processing Modbus registers: no connection to modbus server
[2024-11-27T06:02:32.997Z] Error writing to Modbus register: no connection to modbus server
[2024-11-27T06:02:33.119Z] Error reading register 6507 for IP 10.30.4.128: no connection to modbus server
[2024-11-27T06:02:33.120Z] Error reading or processing Modbus registers: no connection to modbus server
[2024-11-27T06:02:33.120Z] Error writing to Modbus register: no connection to modbus server
[2024-11-27T06:02:33.216Z] Error reading register 6507 for IP 10.30.4.128: no connection to modbus server
[2024-11-27T06:02:33.216Z] Error reading or processing Modbus registers: no connection to modbus server
[2024-11-27T06:02:33.216Z] Error writing to Modbus register: no connection to modbus server
[2024-11-27T06:02:33.217Z] Error reading register 6507 for IP 10.30.4.128: no connection to modbus server
[2024-11-27T06:02:33.218Z] Error reading or processing Modbus registers: no connection to modbus server
[2024-11-27T06:02:33.218Z] Error writing to Modbus register: no connection to modbus server
[2024-11-27T06:02:33.218Z] Error reading register 6507 for IP 10.30.4.128: no connection to modbus server
[2024-11-27T06:02:33.218Z] Error reading or processing Modbus registers: no connection to modbus server
[2024-11-27T06:02:33.219Z] Error writing to Modbus register: no connection to modbus server
[2024-11-27T06:02:33.247Z] Error reading register 6507 for IP 10.30.4.128: no connection to modbus server
[2024-11-27T06:02:33.247Z] Error reading or processing Modbus registers: no connection to modbus server
[2024-11-27T06:02:33.247Z] Error writing to Modbus register: no connection to modbus server
[2024-11-27T06:02:33.339Z] Error reading register 6507 for IP 10.30.4.128: no connection to modbus server
[2024-11-27T06:02:33.339Z] Error reading or processing Modbus registers: no connection to modbus server
[2024-11-27T06:02:33.354Z] Error writing to Modbus register: no connection to modbus server
[2024-11-27T06:02:33.356Z] Error reading register 6507 for IP 10.30.4.128: no connection to modbus server
[2024-11-27T06:02:33.356Z] Error reading or processing Modbus registers: no connection to modbus server
[2024-11-27T06:02:33.356Z] Error writing to Modbus register: no connection to modbus server
[2024-11-27T06:02:33.357Z] Error reading register 6507 for IP 10.30.4.128: no connection to modbus server
[2024-11-27T06:02:33.357Z] Error reading or processing Modbus registers: no connection to modbus server
[2024-11-27T06:02:33.357Z] Error writing to Modbus register: no connection to modbus server
[2024-11-27T06:02:33.385Z] Error reading register 6507 for IP 10.30.4.128: no connection to modbus server
[2024-11-27T06:02:33.385Z] Error reading or processing Modbus registers: no connection to modbus server
[2024-11-27T06:02:33.388Z] Error writing to Modbus register: no connection to modbus server
[2024-11-27T06:02:33.970Z] Error reading register 6507 for IP 10.30.4.128: no connection to modbus server
[2024-11-27T06:02:33.970Z] Error reading or processing Modbus registers: no connection to modbus server
[2024-11-27T06:02:33.970Z] Error writing to Modbus register: no connection to modbus server
[2024-11-27T06:02:33.971Z] Error reading register 6507 for IP 10.30.4.128: no connection to modbus server
[2024-11-27T06:02:33.971Z] Error reading or processing Modbus registers: no connection to modbus server
[2024-11-27T06:02:33.971Z] Error writing to Modbus register: no connection to modbus server
[2024-11-27T06:02:33.974Z] Error reading register 6507 for IP 10.30.4.128: no connection to modbus server
[2024-11-27T06:02:33.974Z] Error reading or processing Modbus registers: no connection to modbus server
[2024-11-27T06:02:33.974Z] Error writing to Modbus register: no connection to modbus server
[2024-11-27T06:02:33.974Z] Error reading register 6507 for IP 10.30.4.128: no connection to modbus server
[2024-11-27T06:02:33.974Z] Error reading or processing Modbus registers: no connection to modbus server
[2024-11-27T06:02:33.976Z] Error reading register 6507 for IP 10.30.4.128: no connection to modbus server
[2024-11-27T06:02:33.976Z] Error reading or processing Modbus registers: no connection to modbus server
[2024-11-27T06:02:33.976Z] Error writing to Modbus register: no connection to modbus server
[2024-11-27T06:02:33.976Z] Error writing to Modbus register: no connection to modbus server
[2024-11-27T06:02:33.976Z] Error reading register 6507 for IP 10.30.4.128: no connection to modbus server
[2024-11-27T06:02:33.976Z] Error reading or processing Modbus registers: no connection to modbus server
[2024-11-27T06:02:33.977Z] Error writing to Modbus register: no connection to modbus server
[2024-11-27T06:02:33.997Z] Error reading register 6507 for IP 10.30.4.128: no connection to modbus server
[2024-11-27T06:02:33.997Z] Error reading or processing Modbus registers: no connection to modbus server
[2024-11-27T06:02:33.997Z] Error writing to Modbus register: no connection to modbus server
[2024-11-27T06:02:34.120Z] Error reading register 6507 for IP 10.30.4.128: no connection to modbus server
[2024-11-27T06:02:34.120Z] Error reading or processing Modbus registers: no connection to modbus server
[2024-11-27T06:02:34.120Z] Error writing to Modbus register: no connection to modbus server
[2024-11-27T06:02:34.216Z] Error reading or processing Modbus registers: no connection to modbus server
[2024-11-27T06:02:34.216Z] Error reading register 6507 for IP 10.30.4.128: no connection to modbus server
[2024-11-27T06:02:34.216Z] Error writing to Modbus register: no connection to modbus server
[2024-11-27T06:02:34.218Z] Error reading register 6507 for IP 10.30.4.128: no connection to modbus server
[2024-11-27T06:02:34.218Z] Error reading or processing Modbus registers: no connection to modbus server
[2024-11-27T06:02:34.218Z] Error writing to Modbus register: no connection to modbus server
[2024-11-27T06:02:34.218Z] Error reading register 6507 for IP 10.30.4.128: no connection to modbus server
[2024-11-27T06:02:34.218Z] Error reading or processing Modbus registers: no connection to modbus server
[2024-11-27T06:02:34.219Z] Error writing to Modbus register: no connection to modbus server
[2024-11-27T06:02:34.247Z] Error reading register 6507 for IP 10.30.4.128: no connection to modbus server
[2024-11-27T06:02:34.247Z] Error reading or processing Modbus registers: no connection to modbus server
[2024-11-27T06:02:34.247Z] Error writing to Modbus register: no connection to modbus server
[2024-11-27T06:02:34.339Z] Error reading register 6507 for IP 10.30.4.128: no connection to modbus server
[2024-11-27T06:02:34.339Z] Error reading or processing Modbus registers: no connection to modbus server
[2024-11-27T06:02:34.353Z] Error writing to Modbus register: no connection to modbus server
[2024-11-27T06:02:34.356Z] Error reading register 6507 for IP 10.30.4.128: no connection to modbus server
[2024-11-27T06:02:34.356Z] Error reading or processing Modbus registers: no connection to modbus server
[2024-11-27T06:02:34.356Z] Error writing to Modbus register: no connection to modbus server
[2024-11-27T06:02:34.357Z] Error writing to Modbus register: no connection to modbus server
[2024-11-27T06:02:34.357Z] Error reading or processing Modbus registers: no connection to modbus server
[2024-11-27T06:02:34.357Z] Error reading register 6507 for IP 10.30.4.128: no connection to modbus server
[2024-11-27T06:02:34.384Z] Error reading register 6507 for IP 10.30.4.128: no connection to modbus server
[2024-11-27T06:02:34.384Z] Error reading or processing Modbus registers: no connection to modbus server
[2024-11-27T06:02:34.387Z] Error writing to Modbus register: no connection to modbus server
[2024-11-27T06:02:34.970Z] Error reading register 6507 for IP 10.30.4.128: no connection to modbus server
[2024-11-27T06:02:34.970Z] Error reading or processing Modbus registers: no connection to modbus server
[2024-11-27T06:02:34.971Z] Error writing to Modbus register: no connection to modbus server
[2024-11-27T06:02:34.971Z] Error reading register 6507 for IP 10.30.4.128: no connection to modbus server
[2024-11-27T06:02:34.971Z] Error reading or processing Modbus registers: no connection to modbus server
[2024-11-27T06:02:34.972Z] Error writing to Modbus register: no connection to modbus server
[2024-11-27T06:02:34.973Z] Error reading register 6507 for IP 10.30.4.128: no connection to modbus server
[2024-11-27T06:02:34.974Z] Error reading or processing Modbus registers: no connection to modbus server
[2024-11-27T06:02:34.974Z] Error writing to Modbus register: no connection to modbus server
[2024-11-27T06:02:34.974Z] Error reading register 6507 for IP 10.30.4.128: no connection to modbus server
[2024-11-27T06:02:34.974Z] Error reading or processing Modbus registers: no connection to modbus server
[2024-11-27T06:02:34.975Z] Error writing to Modbus register: no connection to modbus server
[2024-11-27T06:02:34.975Z] Error reading register 6507 for IP 10.30.4.128: no connection to modbus server
[2024-11-27T06:02:34.975Z] Error reading or processing Modbus registers: no connection to modbus server
[2024-11-27T06:02:34.976Z] Error writing to Modbus register: no connection to modbus server
[2024-11-27T06:02:34.976Z] Error reading register 6507 for IP 10.30.4.128: no connection to modbus server
[2024-11-27T06:02:34.976Z] Error reading or processing Modbus registers: no connection to modbus server
[2024-11-27T06:02:34.977Z] Error writing to Modbus register: no connection to modbus server
[2024-11-27T06:02:34.997Z] Error reading register 6507 for IP 10.30.4.128: no connection to modbus server
[2024-11-27T06:02:34.997Z] Error reading or processing Modbus registers: no connection to modbus server
[2024-11-27T06:02:34.997Z] Error writing to Modbus register: no connection to modbus server
[2024-11-27T06:02:35.120Z] Error reading register 6507 for IP 10.30.4.128: no connection to modbus server
[2024-11-27T06:02:35.120Z] Error reading or processing Modbus registers: no connection to modbus server
[2024-11-27T06:02:35.120Z] Error writing to Modbus register: no connection to modbus server
[2024-11-27T06:02:35.215Z] Error reading register 6507 for IP 10.30.4.128: no connection to modbus server
[2024-11-27T06:02:35.216Z] Error reading or processing Modbus registers: no connection to modbus server
[2024-11-27T06:02:35.216Z] Error writing to Modbus register: no connection to modbus server
[2024-11-27T06:02:35.217Z] Error reading register 6507 for IP 10.30.4.128: no connection to modbus server
[2024-11-27T06:02:35.217Z] Error reading or processing Modbus registers: no connection to modbus server
[2024-11-27T06:02:35.218Z] Error writing to Modbus register: no connection to modbus server
[2024-11-27T06:02:35.219Z] Error reading register 6507 for IP 10.30.4.128: no connection to modbus server
[2024-11-27T06:02:35.219Z] Error reading or processing Modbus registers: no connection to modbus server
[2024-11-27T06:02:35.219Z] Error writing to Modbus register: no connection to modbus server
[2024-11-27T06:02:35.246Z] Error reading register 6507 for IP 10.30.4.128: no connection to modbus server
[2024-11-27T06:02:35.247Z] Error reading or processing Modbus registers: no connection to modbus server
[2024-11-27T06:02:35.247Z] Error writing to Modbus register: no connection to modbus server
[2024-11-27T06:02:35.339Z] Error reading register 6507 for IP 10.30.4.128: no connection to modbus server
[2024-11-27T06:02:35.339Z] Error reading or processing Modbus registers: no connection to modbus server
[2024-11-27T06:02:35.353Z] Error writing to Modbus register: no connection to modbus server
[2024-11-27T06:02:35.355Z] Error reading register 6507 for IP 10.30.4.128: no connection to modbus server
[2024-11-27T06:02:35.355Z] Error reading or processing Modbus registers: no connection to modbus server
[2024-11-27T06:02:35.357Z] Error writing to Modbus register: no connection to modbus server
[2024-11-27T06:02:35.357Z] Error reading register 6507 for IP 10.30.4.128: no connection to modbus server
[2024-11-27T06:02:35.357Z] Error reading or processing Modbus registers: no connection to modbus server
[2024-11-27T06:02:35.357Z] Error writing to Modbus register: no connection to modbus server
[2024-11-27T06:02:35.385Z] Error reading register 6507 for IP 10.30.4.128: no connection to modbus server
[2024-11-27T06:02:35.385Z] Error reading or processing Modbus registers: no connection to modbus server
[2024-11-27T06:02:35.387Z] Error writing to Modbus register: no connection to modbus server
[2024-11-27T06:02:35.970Z] Error reading register 6507 for IP 10.30.4.128: no connection to modbus server
[2024-11-27T06:02:35.970Z] Error reading or processing Modbus registers: no connection to modbus server
[2024-11-27T06:02:35.971Z] Error writing to Modbus register: no connection to modbus server
[2024-11-27T06:02:35.971Z] Error reading register 6507 for IP 10.30.4.128: no connection to modbus server
[2024-11-27T06:02:35.971Z] Error reading or processing Modbus registers: no connection to modbus server
[2024-11-27T06:02:35.971Z] Error writing to Modbus register: no connection to modbus server
[2024-11-27T06:02:35.974Z] Error reading register 6507 for IP 10.30.4.128: no connection to modbus server
[2024-11-27T06:02:35.974Z] Error reading or processing Modbus registers: no connection to modbus server
[2024-11-27T06:02:35.974Z] Error writing to Modbus register: no connection to modbus server
[2024-11-27T06:02:35.974Z] Error reading register 6507 for IP 10.30.4.128: no connection to modbus server
[2024-11-27T06:02:35.974Z] Error reading or processing Modbus registers: no connection to modbus server
[2024-11-27T06:02:35.976Z] Error writing to Modbus register: no connection to modbus server
[2024-11-27T06:02:35.976Z] Error reading register 6507 for IP 10.30.4.128: no connection to modbus server
[2024-11-27T06:02:35.976Z] Error reading or processing Modbus registers: no connection to modbus server
[2024-11-27T06:02:35.976Z] Error writing to Modbus register: no connection to modbus server
[2024-11-27T06:02:35.977Z] Error reading register 6507 for IP 10.30.4.128: no connection to modbus server
[2024-11-27T06:02:35.977Z] Error reading or processing Modbus registers: no connection to modbus server
[2024-11-27T06:02:35.978Z] Error writing to Modbus register: no connection to modbus server
[2024-11-27T06:02:35.996Z] Error reading register 6507 for IP 10.30.4.128: no connection to modbus server
[2024-11-27T06:02:35.996Z] Error reading or processing Modbus registers: no connection to modbus server
[2024-11-27T06:02:35.998Z] Error writing to Modbus register: no connection to modbus server
[2024-11-27T06:02:36.119Z] Error reading register 6507 for IP 10.30.4.128: no connection to modbus server
[2024-11-27T06:02:36.120Z] Error reading or processing Modbus registers: no connection to modbus server
[2024-11-27T06:02:36.120Z] Error writing to Modbus register: no connection to modbus server
[2024-11-27T06:02:36.215Z] Error reading register 6507 for IP 10.30.4.128: no connection to modbus server
[2024-11-27T06:02:36.215Z] Error reading or processing Modbus registers: no connection to modbus server
[2024-11-27T06:02:36.218Z] Error writing to Modbus register: no connection to modbus server
[2024-11-27T06:02:36.219Z] Error reading register 6507 for IP 10.30.4.128: no connection to modbus server
[2024-11-27T06:02:36.219Z] Error reading or processing Modbus registers: no connection to modbus server
[2024-11-27T06:02:36.219Z] Error writing to Modbus register: no connection to modbus server
[2024-11-27T06:02:36.219Z] Error reading register 6507 for IP 10.30.4.128: no connection to modbus server
[2024-11-27T06:02:36.219Z] Error reading or processing Modbus registers: no connection to modbus server
[2024-11-27T06:02:36.220Z] Error writing to Modbus register: no connection to modbus server
[2024-11-27T06:02:36.246Z] Error reading register 6507 for IP 10.30.4.128: no connection to modbus server
[2024-11-27T06:02:36.246Z] Error reading or processing Modbus registers: no connection to modbus server
[2024-11-27T06:02:36.247Z] Error writing to Modbus register: no connection to modbus server
[2024-11-27T06:02:36.339Z] Error reading register 6507 for IP 10.30.4.128: no connection to modbus server
[2024-11-27T06:02:36.339Z] Error reading or processing Modbus registers: no connection to modbus server
[2024-11-27T06:02:36.353Z] Error writing to Modbus register: no connection to modbus server
[2024-11-27T06:02:36.356Z] Error reading register 6507 for IP 10.30.4.128: no connection to modbus server
[2024-11-27T06:02:36.356Z] Error reading or processing Modbus registers: no connection to modbus server
[2024-11-27T06:02:36.357Z] Error writing to Modbus register: no connection to modbus server
[2024-11-27T06:02:36.357Z] Error reading register 6507 for IP 10.30.4.128: no connection to modbus server
[2024-11-27T06:02:36.357Z] Error reading or processing Modbus registers: no connection to modbus server
[2024-11-27T06:02:36.357Z] Error writing to Modbus register: no connection to modbus server
[2024-11-27T06:02:36.385Z] Error reading register 6507 for IP 10.30.4.128: no connection to modbus server
[2024-11-27T06:02:36.385Z] Error reading or processing Modbus registers: no connection to modbus server
[2024-11-27T06:02:36.387Z] Error writing to Modbus register: no connection to modbus server
[2024-11-27T06:02:36.970Z] Error reading register 6507 for IP 10.30.4.128: no connection to modbus server
[2024-11-27T06:02:36.970Z] Error reading or processing Modbus registers: no connection to modbus server
[2024-11-27T06:02:36.971Z] Error writing to Modbus register: no connection to modbus server
[2024-11-27T06:02:36.971Z] Error reading register 6507 for IP 10.30.4.128: no connection to modbus server
[2024-11-27T06:02:36.971Z] Error reading or processing Modbus registers: no connection to modbus server
[2024-11-27T06:02:36.971Z] Error writing to Modbus register: no connection to modbus server
[2024-11-27T06:02:36.974Z] Error reading register 6507 for IP 10.30.4.128: no connection to modbus server
[2024-11-27T06:02:36.974Z] Error writing to Modbus register: no connection to modbus server
[2024-11-27T06:02:36.974Z] Error reading or processing Modbus registers: no connection to modbus server
[2024-11-27T06:02:36.975Z] Error reading register 6507 for IP 10.30.4.128: no connection to modbus server
[2024-11-27T06:02:36.975Z] Error reading or processing Modbus registers: no connection to modbus server
[2024-11-27T06:02:36.975Z] Error writing to Modbus register: no connection to modbus server
[2024-11-27T06:02:36.976Z] Error reading register 6507 for IP 10.30.4.128: no connection to modbus server
[2024-11-27T06:02:36.976Z] Error reading or processing Modbus registers: no connection to modbus server
[2024-11-27T06:02:36.976Z] Error writing to Modbus register: no connection to modbus server
[2024-11-27T06:02:36.978Z] Error reading register 6507 for IP 10.30.4.128: no connection to modbus server
[2024-11-27T06:02:36.978Z] Error reading or processing Modbus registers: no connection to modbus server
[2024-11-27T06:02:36.978Z] Error writing to Modbus register: no connection to modbus server
[2024-11-27T06:02:36.996Z] Error reading register 6507 for IP 10.30.4.128: no connection to modbus server
[2024-11-27T06:02:36.997Z] Error reading or processing Modbus registers: no connection to modbus server
[2024-11-27T06:02:36.998Z] Error writing to Modbus register: no connection to modbus server
[2024-11-27T06:02:37.120Z] Error reading register 6507 for IP 10.30.4.128: no connection to modbus server
[2024-11-27T06:02:37.120Z] Error reading or processing Modbus registers: no connection to modbus server
[2024-11-27T06:02:37.120Z] Error writing to Modbus register: no connection to modbus server
[2024-11-27T06:02:37.216Z] Error reading register 6507 for IP 10.30.4.128: no connection to modbus server
[2024-11-27T06:02:37.216Z] Error reading or processing Modbus registers: no connection to modbus server
[2024-11-27T06:02:37.219Z] Error reading register 6507 for IP 10.30.4.128: no connection to modbus server
[2024-11-27T06:02:37.218Z] Error writing to Modbus register: no connection to modbus server
[2024-11-27T06:02:37.219Z] Error reading or processing Modbus registers: no connection to modbus server
[2024-11-27T06:02:37.219Z] Error writing to Modbus register: no connection to modbus server
[2024-11-27T06:02:37.219Z] Error reading register 6507 for IP 10.30.4.128: no connection to modbus server
[2024-11-27T06:02:37.219Z] Error reading or processing Modbus registers: no connection to modbus server
[2024-11-27T06:02:37.221Z] Error writing to Modbus register: no connection to modbus server
[2024-11-27T06:02:37.247Z] Error reading register 6507 for IP 10.30.4.128: no connection to modbus server
[2024-11-27T06:02:37.247Z] Error reading or processing Modbus registers: no connection to modbus server
[2024-11-27T06:02:37.247Z] Error writing to Modbus register: no connection to modbus server
[2024-11-27T06:02:37.339Z] Error reading register 6507 for IP 10.30.4.128: no connection to modbus server
[2024-11-27T06:02:37.339Z] Error reading or processing Modbus registers: no connection to modbus server
[2024-11-27T06:02:37.353Z] Error writing to Modbus register: no connection to modbus server
[2024-11-27T06:02:37.356Z] Error reading register 6507 for IP 10.30.4.128: no connection to modbus server
[2024-11-27T06:02:37.357Z] Error reading or processing Modbus registers: no connection to modbus server
[2024-11-27T06:02:37.357Z] Error writing to Modbus register: no connection to modbus server
[2024-11-27T06:02:37.357Z] Error reading register 6507 for IP 10.30.4.128: no connection to modbus server
[2024-11-27T06:02:37.357Z] Error reading or processing Modbus registers: no connection to modbus server
[2024-11-27T06:02:37.357Z] Error writing to Modbus register: no connection to modbus server
[2024-11-27T06:02:37.385Z] Error reading register 6507 for IP 10.30.4.128: no connection to modbus server
[2024-11-27T06:02:37.385Z] Error reading or processing Modbus registers: no connection to modbus server
[2024-11-27T06:02:37.388Z] Error writing to Modbus register: no connection to modbus server
[2024-11-27T06:02:37.975Z] Error reading register 6507 for IP 10.30.4.128: no connection to modbus server
[2024-11-27T06:02:37.975Z] Error reading or processing Modbus registers: no connection to modbus server
[2024-11-27T06:02:37.975Z] Error writing to Modbus register: no connection to modbus server
[2024-11-27T06:02:37.976Z] Error reading register 6507 for IP 10.30.4.128: no connection to modbus server
[2024-11-27T06:02:37.976Z] Error reading or processing Modbus registers: no connection to modbus server
[2024-11-27T06:02:37.976Z] Error writing to Modbus register: no connection to modbus server
[2024-11-27T06:02:37.976Z] Error reading register 6507 for IP 10.30.4.128: no connection to modbus server
[2024-11-27T06:02:37.976Z] Error reading or processing Modbus registers: no connection to modbus server
[2024-11-27T06:02:37.976Z] Error writing to Modbus register: no connection to modbus server
[2024-11-27T06:02:37.978Z] Error reading register 6507 for IP 10.30.4.128: no connection to modbus server
[2024-11-27T06:02:37.978Z] Error reading or processing Modbus registers: no connection to modbus server
[2024-11-27T06:02:37.978Z] Error writing to Modbus register: no connection to modbus server
[2024-11-27T06:02:37.979Z] Error reading register 6507 for IP 10.30.4.128: no connection to modbus server
[2024-11-27T06:02:37.979Z] Error reading or processing Modbus registers: no connection to modbus server
[2024-11-27T06:02:37.979Z] Error writing to Modbus register: no connection to modbus server
[2024-11-27T06:02:37.979Z] Error reading register 6507 for IP 10.30.4.128: no connection to modbus server
[2024-11-27T06:02:37.979Z] Error reading or processing Modbus registers: no connection to modbus server
[2024-11-27T06:02:37.980Z] Error writing to Modbus register: no connection to modbus server
[2024-11-27T06:02:37.997Z] Error reading register 6507 for IP 10.30.4.128: no connection to modbus server
[2024-11-27T06:02:37.997Z] Error reading or processing Modbus registers: no connection to modbus server
[2024-11-27T06:02:37.998Z] Error writing to Modbus register: no connection to modbus server
[2024-11-27T06:02:38.119Z] Error reading register 6507 for IP 10.30.4.128: no connection to modbus server
[2024-11-27T06:02:38.120Z] Error reading or processing Modbus registers: no connection to modbus server
[2024-11-27T06:02:38.120Z] Error writing to Modbus register: no connection to modbus server
[2024-11-27T06:02:38.215Z] Error reading register 6507 for IP 10.30.4.128: no connection to modbus server
[2024-11-27T06:02:38.216Z] Error reading or processing Modbus registers: no connection to modbus server
[2024-11-27T06:02:38.219Z] Error writing to Modbus register: no connection to modbus server
[2024-11-27T06:02:38.219Z] Error reading register 6507 for IP 10.30.4.128: no connection to modbus server
[2024-11-27T06:02:38.219Z] Error reading or processing Modbus registers: no connection to modbus server
[2024-11-27T06:02:38.219Z] Error writing to Modbus register: no connection to modbus server
[2024-11-27T06:02:38.219Z] Error reading register 6507 for IP 10.30.4.128: no connection to modbus server
[2024-11-27T06:02:38.220Z] Error reading or processing Modbus registers: no connection to modbus server
[2024-11-27T06:02:38.220Z] Error writing to Modbus register: no connection to modbus server
[2024-11-27T06:02:38.247Z] Error reading register 6507 for IP 10.30.4.128: no connection to modbus server
[2024-11-27T06:02:38.247Z] Error reading or processing Modbus registers: no connection to modbus server
[2024-11-27T06:02:38.247Z] Error writing to Modbus register: no connection to modbus server
[2024-11-27T06:02:38.338Z] Error reading register 6507 for IP 10.30.4.128: no connection to modbus server
[2024-11-27T06:02:38.339Z] Error reading or processing Modbus registers: no connection to modbus server
[2024-11-27T06:02:38.354Z] Error writing to Modbus register: no connection to modbus server
[2024-11-27T06:02:38.357Z] Error reading register 6507 for IP 10.30.4.128: no connection to modbus server
[2024-11-27T06:02:38.357Z] Error reading or processing Modbus registers: no connection to modbus server
[2024-11-27T06:02:38.357Z] Error writing to Modbus register: no connection to modbus server
[2024-11-27T06:02:38.357Z] Error reading register 6507 for IP 10.30.4.128: no connection to modbus server
[2024-11-27T06:02:38.357Z] Error reading or processing Modbus registers: no connection to modbus server
[2024-11-27T06:02:38.358Z] Error writing to Modbus register: no connection to modbus server
[2024-11-27T06:02:38.384Z] Error reading register 6507 for IP 10.30.4.128: no connection to modbus server
[2024-11-27T06:02:38.385Z] Error reading or processing Modbus registers: no connection to modbus server
[2024-11-27T06:02:38.387Z] Error writing to Modbus register: no connection to modbus server
[2024-11-27T06:02:38.978Z] Error reading register 6507 for IP 10.30.4.128: no connection to modbus server
[2024-11-27T06:02:38.978Z] Error reading or processing Modbus registers: no connection to modbus server
[2024-11-27T06:02:38.978Z] Error writing to Modbus register: no connection to modbus server
[2024-11-27T06:02:38.978Z] Error reading register 6507 for IP 10.30.4.128: no connection to modbus server
[2024-11-27T06:02:38.979Z] Error reading or processing Modbus registers: no connection to modbus server
[2024-11-27T06:02:38.979Z] Error reading register 6507 for IP 10.30.4.128: no connection to modbus server
[2024-11-27T06:02:38.979Z] Error writing to Modbus register: no connection to modbus server
[2024-11-27T06:02:38.979Z] Error reading or processing Modbus registers: no connection to modbus server
[2024-11-27T06:02:38.979Z] Error writing to Modbus register: no connection to modbus server
[2024-11-27T06:02:38.980Z] Error writing to Modbus register: no connection to modbus server
[2024-11-27T06:02:38.980Z] Error reading or processing Modbus registers: no connection to modbus server
[2024-11-27T06:02:38.980Z] Error reading register 6507 for IP 10.30.4.128: no connection to modbus server
[2024-11-27T06:02:38.981Z] Error reading register 6507 for IP 10.30.4.128: no connection to modbus server
[2024-11-27T06:02:38.981Z] Error reading or processing Modbus registers: no connection to modbus server
[2024-11-27T06:02:38.981Z] Error writing to Modbus register: no connection to modbus server
[2024-11-27T06:02:38.981Z] Error reading register 6507 for IP 10.30.4.128: no connection to modbus server
[2024-11-27T06:02:38.981Z] Error reading or processing Modbus registers: no connection to modbus server
[2024-11-27T06:02:38.983Z] Error writing to Modbus register: no connection to modbus server
[2024-11-27T06:02:38.997Z] Error reading register 6507 for IP 10.30.4.128: no connection to modbus server
[2024-11-27T06:02:38.997Z] Error reading or processing Modbus registers: no connection to modbus server
[2024-11-27T06:02:38.997Z] Error writing to Modbus register: no connection to modbus server
[2024-11-27T06:02:39.120Z] Error reading register 6507 for IP 10.30.4.128: no connection to modbus server
[2024-11-27T06:02:39.120Z] Error reading or processing Modbus registers: no connection to modbus server
[2024-11-27T06:02:39.120Z] Error writing to Modbus register: no connection to modbus server
[2024-11-27T06:02:39.216Z] Error reading register 6507 for IP 10.30.4.128: no connection to modbus server
[2024-11-27T06:02:39.216Z] Error reading or processing Modbus registers: no connection to modbus server
[2024-11-27T06:02:39.219Z] Error writing to Modbus register: no connection to modbus server
[2024-11-27T06:02:39.219Z] Error reading register 6507 for IP 10.30.4.128: no connection to modbus server
[2024-11-27T06:02:39.219Z] Error reading or processing Modbus registers: no connection to modbus server
[2024-11-27T06:02:39.219Z] Error writing to Modbus register: no connection to modbus server
[2024-11-27T06:02:39.220Z] Error reading register 6507 for IP 10.30.4.128: no connection to modbus server
[2024-11-27T06:02:39.220Z] Error reading or processing Modbus registers: no connection to modbus server
[2024-11-27T06:02:39.220Z] Error writing to Modbus register: no connection to modbus server
[2024-11-27T06:02:39.247Z] Error reading register 6507 for IP 10.30.4.128: no connection to modbus server
[2024-11-27T06:02:39.247Z] Error reading or processing Modbus registers: no connection to modbus server
[2024-11-27T06:02:39.248Z] Error writing to Modbus register: no connection to modbus server
[2024-11-27T06:02:39.339Z] Error reading register 6507 for IP 10.30.4.128: no connection to modbus server
[2024-11-27T06:02:39.339Z] Error reading or processing Modbus registers: no connection to modbus server
[2024-11-27T06:02:39.354Z] Error writing to Modbus register: no connection to modbus server
[2024-11-27T06:02:39.357Z] Error reading register 6507 for IP 10.30.4.128: no connection to modbus server
[2024-11-27T06:02:39.357Z] Error reading or processing Modbus registers: no connection to modbus server
[2024-11-27T06:02:39.357Z] Error writing to Modbus register: no connection to modbus server
[2024-11-27T06:02:39.358Z] Error reading register 6507 for IP 10.30.4.128: no connection to modbus server
[2024-11-27T06:02:39.358Z] Error reading or processing Modbus registers: no connection to modbus server
[2024-11-27T06:02:39.360Z] Error writing to Modbus register: no connection to modbus server
[2024-11-27T06:02:39.384Z] Error reading register 6507 for IP 10.30.4.128: no connection to modbus server
[2024-11-27T06:02:39.385Z] Error reading or processing Modbus registers: no connection to modbus server
[2024-11-27T06:02:39.388Z] Error writing to Modbus register: no connection to modbus server
[2024-11-27T06:02:39.981Z] Error reading register 6507 for IP 10.30.4.128: no connection to modbus server
[2024-11-27T06:02:39.981Z] Error writing to Modbus register: no connection to modbus server
[2024-11-27T06:02:39.981Z] Error reading or processing Modbus registers: no connection to modbus server
[2024-11-27T06:02:39.982Z] Error reading register 6507 for IP 10.30.4.128: no connection to modbus server
[2024-11-27T06:02:39.982Z] Error reading or processing Modbus registers: no connection to modbus server
[2024-11-27T06:02:39.982Z] Error writing to Modbus register: no connection to modbus server
[2024-11-27T06:02:39.983Z] Error reading register 6507 for IP 10.30.4.128: no connection to modbus server
[2024-11-27T06:02:39.983Z] Error reading or processing Modbus registers: no connection to modbus server
[2024-11-27T06:02:39.983Z] Error writing to Modbus register: no connection to modbus server
[2024-11-27T06:02:39.983Z] Error reading register 6507 for IP 10.30.4.128: no connection to modbus server
[2024-11-27T06:02:39.983Z] Error reading or processing Modbus registers: no connection to modbus server
[2024-11-27T06:02:39.985Z] Error writing to Modbus register: no connection to modbus server
[2024-11-27T06:02:39.985Z] Error writing to Modbus register: no connection to modbus server
[2024-11-27T06:02:39.986Z] Error reading register 6507 for IP 10.30.4.128: no connection to modbus server
[2024-11-27T06:02:39.986Z] Error reading or processing Modbus registers: no connection to modbus server
[2024-11-27T06:02:39.985Z] Error reading register 6507 for IP 10.30.4.128: no connection to modbus server
[2024-11-27T06:02:39.985Z] Error reading or processing Modbus registers: no connection to modbus server
[2024-11-27T06:02:39.986Z] Error writing to Modbus register: no connection to modbus server
[2024-11-27T06:02:39.997Z] Error reading register 6507 for IP 10.30.4.128: no connection to modbus server
[2024-11-27T06:02:39.997Z] Error reading or processing Modbus registers: no connection to modbus server
[2024-11-27T06:02:39.998Z] Error writing to Modbus register: no connection to modbus server
[2024-11-27T06:02:40.120Z] Error reading register 6507 for IP 10.30.4.128: no connection to modbus server
[2024-11-27T06:02:40.120Z] Error reading or processing Modbus registers: no connection to modbus server
[2024-11-27T06:02:40.120Z] Error writing to Modbus register: no connection to modbus server
[2024-11-27T06:02:40.216Z] Error reading register 6507 for IP 10.30.4.128: no connection to modbus server
[2024-11-27T06:02:40.216Z] Error reading or processing Modbus registers: no connection to modbus server
[2024-11-27T06:02:40.218Z] Error writing to Modbus register: no connection to modbus server
[2024-11-27T06:02:40.219Z] Error reading register 6507 for IP 10.30.4.128: no connection to modbus server
[2024-11-27T06:02:40.219Z] Error reading or processing Modbus registers: no connection to modbus server
[2024-11-27T06:02:40.219Z] Error writing to Modbus register: no connection to modbus server
[2024-11-27T06:02:40.220Z] Error reading register 6507 for IP 10.30.4.128: no connection to modbus server
[2024-11-27T06:02:40.220Z] Error reading or processing Modbus registers: no connection to modbus server
[2024-11-27T06:02:40.220Z] Error writing to Modbus register: no connection to modbus server
[2024-11-27T06:03:59.490Z] Error reading or processing Modbus registers: Req timed out
[2024-11-27T06:03:59.490Z] Error reading or processing Modbus registers: Req timed out
[2024-11-27T06:04:13.407Z] Unable to connect to device at 10.30.4.128: read ECONNRESET
[2024-11-27T06:04:13.407Z] Unable to connect to device at 10.30.4.128: read ECONNRESET
[2024-11-27T06:04:13.409Z] Error reading register 6507 for IP 10.30.4.128: connection to modbus server closed
[2024-11-27T06:04:13.409Z] Error reading register 6507 for IP 10.30.4.128: rejecting because of earlier OutOfSync error
[2024-11-27T06:04:13.410Z] Error writing to Modbus register: rejecting because of earlier OutOfSync error
[2024-11-27T06:04:13.410Z] Error reading register 6507 for IP 10.30.4.128: rejecting because of earlier OutOfSync error
[2024-11-27T06:04:13.410Z] Error writing to Modbus register: rejecting because of earlier OutOfSync error
[2024-11-27T06:04:13.410Z] Error reading register 6507 for IP 10.30.4.128: rejecting because of earlier OutOfSync error
[2024-11-27T06:04:13.410Z] Error writing to Modbus register: rejecting because of earlier OutOfSync error
[2024-11-27T06:04:13.410Z] Error reading register 6507 for IP 10.30.4.128: rejecting because of earlier OutOfSync error
[2024-11-27T06:04:13.409Z] Error writing to Modbus register: rejecting because of earlier OutOfSync error
[2024-11-27T06:04:13.410Z] Error writing to Modbus register: rejecting because of earlier OutOfSync error
[2024-11-27T06:04:13.410Z] Error reading register 6507 for IP 10.30.4.128: rejecting because of earlier OutOfSync error
[2024-11-27T06:04:13.410Z] Error writing to Modbus register: rejecting because of earlier OutOfSync error
[2024-11-27T06:04:13.410Z] Error reading register 6507 for IP 10.30.4.128: rejecting because of earlier OutOfSync error
[2024-11-27T06:04:13.410Z] Error writing to Modbus register: rejecting because of earlier OutOfSync error
[2024-11-27T06:04:13.410Z] Error writing to Modbus register: rejecting because of earlier OutOfSync error
[2024-11-27T06:04:13.410Z] Error reading register 6507 for IP 10.30.4.128: rejecting because of earlier OutOfSync error
[2024-11-27T06:04:13.410Z] Error reading register 6507 for IP 10.30.4.128: rejecting because of earlier OutOfSync error
[2024-11-27T06:04:13.410Z] Error writing to Modbus register: rejecting because of earlier OutOfSync error
[2024-11-27T06:04:13.410Z] Error reading register 6507 for IP 10.30.4.128: rejecting because of earlier OutOfSync error
[2024-11-27T06:04:13.410Z] Error writing to Modbus register: rejecting because of earlier OutOfSync error
[2024-11-27T06:04:13.410Z] Error reading register 6507 for IP 10.30.4.128: rejecting because of earlier OutOfSync error
[2024-11-27T06:04:13.411Z] Error writing to Modbus register: rejecting because of earlier OutOfSync error
[2024-11-27T06:04:13.411Z] Error reading register 6507 for IP 10.30.4.128: rejecting because of earlier OutOfSync error
[2024-11-27T06:04:13.411Z] Error writing to Modbus register: rejecting because of earlier OutOfSync error
[2024-11-27T06:04:13.411Z] Error reading register 6507 for IP 10.30.4.128: rejecting because of earlier OutOfSync error
[2024-11-27T06:04:13.411Z] Error writing to Modbus register: rejecting because of earlier OutOfSync error
[2024-11-27T06:04:13.411Z] Error reading register 6507 for IP 10.30.4.128: rejecting because of earlier OutOfSync error
[2024-11-27T06:04:13.411Z] Error writing to Modbus register: rejecting because of earlier OutOfSync error
[2024-11-27T06:04:13.411Z] Error reading register 6507 for IP 10.30.4.128: rejecting because of earlier OutOfSync error
[2024-11-27T06:04:13.411Z] Error writing to Modbus register: rejecting because of earlier OutOfSync error
[2024-11-27T06:04:13.411Z] Error reading register 6507 for IP 10.30.4.128: rejecting because of earlier OutOfSync error
[2024-11-27T06:04:13.411Z] Error writing to Modbus register: rejecting because of earlier OutOfSync error
[2024-11-27T06:04:13.411Z] Error reading register 6507 for IP 10.30.4.128: rejecting because of earlier OutOfSync error
[2024-11-27T06:04:13.411Z] Error writing to Modbus register: rejecting because of earlier OutOfSync error
[2024-11-27T06:04:13.411Z] Error reading register 6507 for IP 10.30.4.128: rejecting because of earlier OutOfSync error
[2024-11-27T06:04:13.411Z] Error writing to Modbus register: rejecting because of earlier OutOfSync error
[2024-11-27T06:04:13.411Z] Error reading register 6507 for IP 10.30.4.128: rejecting because of earlier OutOfSync error
[2024-11-27T06:04:13.411Z] Error reading or processing Modbus registers: rejecting because of earlier OutOfSync error
[2024-11-27T06:04:13.411Z] Error reading or processing Modbus registers: rejecting because of earlier OutOfSync error
[2024-11-27T06:04:13.411Z] Error reading or processing Modbus registers: rejecting because of earlier OutOfSync error
[2024-11-27T06:04:13.411Z] Error reading or processing Modbus registers: rejecting because of earlier OutOfSync error
[2024-11-27T06:04:13.411Z] Error reading or processing Modbus registers: rejecting because of earlier OutOfSync error
[2024-11-27T06:04:13.412Z] Error reading or processing Modbus registers: rejecting because of earlier OutOfSync error
[2024-11-27T06:04:13.412Z] Error reading or processing Modbus registers: rejecting because of earlier OutOfSync error
[2024-11-27T06:04:13.412Z] Error reading or processing Modbus registers: rejecting because of earlier OutOfSync error
[2024-11-27T06:04:13.412Z] Error reading or processing Modbus registers: rejecting because of earlier OutOfSync error
[2024-11-27T06:04:13.412Z] Error reading or processing Modbus registers: rejecting because of earlier OutOfSync error
[2024-11-27T06:04:13.412Z] Error reading or processing Modbus registers: rejecting because of earlier OutOfSync error
[2024-11-27T06:04:13.412Z] Error reading or processing Modbus registers: rejecting because of earlier OutOfSync error
[2024-11-27T06:04:13.411Z] Error writing to Modbus register: rejecting because of earlier OutOfSync error
[2024-11-27T06:04:13.411Z] Error reading or processing Modbus registers: rejecting because of earlier OutOfSync error
[2024-11-27T06:04:13.412Z] Error reading or processing Modbus registers: rejecting because of earlier OutOfSync error
[2024-11-27T06:04:13.412Z] Error reading or processing Modbus registers: rejecting because of earlier OutOfSync error
[2024-11-27T06:04:13.412Z] Error reading or processing Modbus registers: rejecting because of earlier OutOfSync error
[2024-11-27T06:04:13.412Z] Error reading register 6507 for IP 10.30.4.128: connection to modbus server closed
[2024-11-27T06:04:13.412Z] Error reading or processing Modbus registers: rejecting because of earlier OutOfSync error
[2024-11-27T06:04:13.412Z] Error reading or processing Modbus registers: rejecting because of earlier OutOfSync error
[2024-11-27T06:04:13.412Z] Error reading register 6507 for IP 10.30.4.128: rejecting because of earlier OutOfSync error
[2024-11-27T06:04:13.413Z] Error reading register 6507 for IP 10.30.4.128: rejecting because of earlier OutOfSync error
[2024-11-27T06:04:13.412Z] Error writing to Modbus register: rejecting because of earlier OutOfSync error
[2024-11-27T06:04:13.413Z] Error writing to Modbus register: rejecting because of earlier OutOfSync error
[2024-11-27T06:04:13.413Z] Error reading register 6507 for IP 10.30.4.128: rejecting because of earlier OutOfSync error
[2024-11-27T06:04:13.413Z] Error reading register 6507 for IP 10.30.4.128: rejecting because of earlier OutOfSync error
[2024-11-27T06:04:13.413Z] Error writing to Modbus register: rejecting because of earlier OutOfSync error
[2024-11-27T06:04:13.413Z] Error reading register 6507 for IP 10.30.4.128: rejecting because of earlier OutOfSync error
[2024-11-27T06:04:13.413Z] Error writing to Modbus register: rejecting because of earlier OutOfSync error
[2024-11-27T06:04:13.413Z] Error reading register 6507 for IP 10.30.4.128: rejecting because of earlier OutOfSync error
[2024-11-27T06:04:13.412Z] Error writing to Modbus register: rejecting because of earlier OutOfSync error
[2024-11-27T06:04:13.413Z] Error reading register 6507 for IP 10.30.4.128: rejecting because of earlier OutOfSync error
[2024-11-27T06:04:13.413Z] Error reading register 6507 for IP 10.30.4.128: rejecting because of earlier OutOfSync error
[2024-11-27T06:04:13.413Z] Error writing to Modbus register: rejecting because of earlier OutOfSync error
[2024-11-27T06:04:13.413Z] Error writing to Modbus register: rejecting because of earlier OutOfSync error
[2024-11-27T06:04:13.413Z] Error reading register 6507 for IP 10.30.4.128: rejecting because of earlier OutOfSync error
[2024-11-27T06:04:13.413Z] Error writing to Modbus register: rejecting because of earlier OutOfSync error
[2024-11-27T06:04:13.413Z] Error reading register 6507 for IP 10.30.4.128: rejecting because of earlier OutOfSync error
[2024-11-27T06:04:13.413Z] Error writing to Modbus register: rejecting because of earlier OutOfSync error
[2024-11-27T06:04:13.413Z] Error reading register 6507 for IP 10.30.4.128: rejecting because of earlier OutOfSync error
[2024-11-27T06:04:13.413Z] Error writing to Modbus register: rejecting because of earlier OutOfSync error
[2024-11-27T06:04:13.413Z] Error reading register 6507 for IP 10.30.4.128: rejecting because of earlier OutOfSync error
[2024-11-27T06:04:13.413Z] Error writing to Modbus register: rejecting because of earlier OutOfSync error
[2024-11-27T06:04:13.413Z] Error reading register 6507 for IP 10.30.4.128: rejecting because of earlier OutOfSync error
[2024-11-27T06:04:13.413Z] Error writing to Modbus register: rejecting because of earlier OutOfSync error
[2024-11-27T06:04:13.414Z] Error reading register 6507 for IP 10.30.4.128: rejecting because of earlier OutOfSync error
[2024-11-27T06:04:13.414Z] Error writing to Modbus register: rejecting because of earlier OutOfSync error
[2024-11-27T06:04:13.414Z] Error reading register 6507 for IP 10.30.4.128: rejecting because of earlier OutOfSync error
[2024-11-27T06:04:13.414Z] Error writing to Modbus register: rejecting because of earlier OutOfSync error
[2024-11-27T06:04:13.414Z] Error reading register 6507 for IP 10.30.4.128: rejecting because of earlier OutOfSync error
[2024-11-27T06:04:13.414Z] Error writing to Modbus register: rejecting because of earlier OutOfSync error
[2024-11-27T06:04:13.414Z] Error reading register 6507 for IP 10.30.4.128: rejecting because of earlier OutOfSync error
[2024-11-27T06:04:13.414Z] Error writing to Modbus register: rejecting because of earlier OutOfSync error
[2024-11-27T06:04:13.414Z] Error reading register 6507 for IP 10.30.4.128: rejecting because of earlier OutOfSync error
[2024-11-27T06:04:13.414Z] Error writing to Modbus register: rejecting because of earlier OutOfSync error
[2024-11-27T06:04:13.414Z] Error reading or processing Modbus registers: rejecting because of earlier OutOfSync error
[2024-11-27T06:04:13.414Z] Error reading or processing Modbus registers: rejecting because of earlier OutOfSync error
[2024-11-27T06:04:13.414Z] Error reading or processing Modbus registers: rejecting because of earlier OutOfSync error
[2024-11-27T06:04:13.414Z] Error reading or processing Modbus registers: rejecting because of earlier OutOfSync error
[2024-11-27T06:04:13.413Z] Error writing to Modbus register: rejecting because of earlier OutOfSync error
[2024-11-27T06:04:13.414Z] Error reading or processing Modbus registers: rejecting because of earlier OutOfSync error
[2024-11-27T06:04:13.413Z] Error writing to Modbus register: rejecting because of earlier OutOfSync error
[2024-11-27T06:04:13.414Z] Error reading or processing Modbus registers: rejecting because of earlier OutOfSync error
[2024-11-27T06:04:13.414Z] Error reading or processing Modbus registers: rejecting because of earlier OutOfSync error
[2024-11-27T06:04:13.415Z] Error reading or processing Modbus registers: rejecting because of earlier OutOfSync error
[2024-11-27T06:04:13.415Z] Error reading or processing Modbus registers: rejecting because of earlier OutOfSync error
[2024-11-27T06:04:13.415Z] Error reading or processing Modbus registers: rejecting because of earlier OutOfSync error
[2024-11-27T06:04:13.415Z] Error reading or processing Modbus registers: rejecting because of earlier OutOfSync error
[2024-11-27T06:04:13.415Z] Error reading or processing Modbus registers: rejecting because of earlier OutOfSync error
[2024-11-27T06:04:13.415Z] Error reading or processing Modbus registers: rejecting because of earlier OutOfSync error
[2024-11-27T06:04:13.415Z] Error reading or processing Modbus registers: rejecting because of earlier OutOfSync error
[2024-11-27T06:04:13.415Z] Error reading or processing Modbus registers: rejecting because of earlier OutOfSync error
[2024-11-27T06:04:13.415Z] Error reading or processing Modbus registers: rejecting because of earlier OutOfSync error
[2024-11-27T06:04:13.415Z] Error reading or processing Modbus registers: rejecting because of earlier OutOfSync error
[2024-11-27T06:04:13.414Z] Error reading or processing Modbus registers: rejecting because of earlier OutOfSync error
[2024-11-27T06:04:13.575Z] Error writing to Modbus register: no connection to modbus server
[2024-11-27T06:04:13.575Z] Error writing to Modbus register: no connection to modbus server
[2024-11-27T06:04:14.576Z] Error writing to Modbus register: no connection to modbus server
[2024-11-27T06:04:14.576Z] Error writing to Modbus register: no connection to modbus server
[2024-11-27T06:04:15.578Z] Error writing to Modbus register: no connection to modbus server
[2024-11-27T06:04:15.578Z] Error writing to Modbus register: no connection to modbus server
[2024-11-27T06:04:16.579Z] Error writing to Modbus register: no connection to modbus server
[2024-11-27T06:04:16.579Z] Error writing to Modbus register: no connection to modbus server
[2024-11-27T06:04:17.579Z] Error writing to Modbus register: no connection to modbus server
[2024-11-27T06:04:17.580Z] Error writing to Modbus register: no connection to modbus server
[2024-11-27T06:04:18.582Z] Error writing to Modbus register: no connection to modbus server
[2024-11-27T06:04:18.583Z] Error writing to Modbus register: no connection to modbus server
[2024-11-27T06:04:19.586Z] Error writing to Modbus register: no connection to modbus server
[2024-11-27T06:04:19.586Z] Error writing to Modbus register: no connection to modbus server
[2024-11-27T06:04:20.601Z] Error writing to Modbus register: no connection to modbus server
[2024-11-27T06:04:20.602Z] Error writing to Modbus register: no connection to modbus server
[2024-11-27T06:04:21.606Z] Error writing to Modbus register: no connection to modbus server
[2024-11-27T06:04:21.606Z] Error writing to Modbus register: no connection to modbus server
[2024-11-27T06:04:22.622Z] Error writing to Modbus register: no connection to modbus server
[2024-11-27T06:04:22.622Z] Error writing to Modbus register: no connection to modbus server
[2024-11-27T06:04:23.624Z] Error reading register 6507 for IP 10.30.4.128: no connection to modbus server
[2024-11-27T06:04:23.624Z] Error reading or processing Modbus registers: no connection to modbus server
[2024-11-27T06:04:23.625Z] Error writing to Modbus register: no connection to modbus server
[2024-11-27T06:04:23.626Z] Error reading register 6507 for IP 10.30.4.128: no connection to modbus server
[2024-11-27T06:04:23.626Z] Error reading or processing Modbus registers: no connection to modbus server
[2024-11-27T06:04:23.626Z] Error writing to Modbus register: no connection to modbus server
[2024-11-27T06:04:24.624Z] Error reading register 6507 for IP 10.30.4.128: no connection to modbus server
[2024-11-27T06:04:24.624Z] Error reading or processing Modbus registers: no connection to modbus server
[2024-11-27T06:04:24.625Z] Error writing to Modbus register: no connection to modbus server
[2024-11-27T06:04:24.625Z] Error reading register 6507 for IP 10.30.4.128: no connection to modbus server
[2024-11-27T06:04:24.625Z] Error reading or processing Modbus registers: no connection to modbus server
[2024-11-27T06:04:24.626Z] Error writing to Modbus register: no connection to modbus server
[2024-11-27T06:04:25.625Z] Error reading register 6507 for IP 10.30.4.128: no connection to modbus server
[2024-11-27T06:04:25.625Z] Error reading or processing Modbus registers: no connection to modbus server
[2024-11-27T06:04:25.626Z] Error writing to Modbus register: no connection to modbus server
[2024-11-27T06:04:25.626Z] Error reading register 6507 for IP 10.30.4.128: no connection to modbus server
[2024-11-27T06:04:25.626Z] Error reading or processing Modbus registers: no connection to modbus server
[2024-11-27T06:04:25.627Z] Error writing to Modbus register: no connection to modbus server
[2024-11-27T06:41:18.571Z] Error reading or processing Modbus registers: Req timed out
[2024-11-27T06:41:18.571Z] Error reading or processing Modbus registers: Req timed out
[2024-11-27T06:41:32.491Z] Unable to connect to device at 10.30.4.128: read ECONNRESET
[2024-11-27T06:41:32.492Z] Unable to connect to device at 10.30.4.128: read ECONNRESET
[2024-11-27T06:41:32.494Z] Error reading register 6507 for IP 10.30.4.128: connection to modbus server closed
[2024-11-27T06:41:32.494Z] Error writing to Modbus register: rejecting because of earlier OutOfSync error
[2024-11-27T06:41:32.494Z] Error reading register 6507 for IP 10.30.4.128: rejecting because of earlier OutOfSync error
[2024-11-27T06:41:32.494Z] Error writing to Modbus register: rejecting because of earlier OutOfSync error
[2024-11-27T06:41:32.495Z] Error reading register 6507 for IP 10.30.4.128: rejecting because of earlier OutOfSync error
[2024-11-27T06:41:32.495Z] Error writing to Modbus register: rejecting because of earlier OutOfSync error
[2024-11-27T06:41:32.495Z] Error reading register 6507 for IP 10.30.4.128: rejecting because of earlier OutOfSync error
[2024-11-27T06:41:32.495Z] Error writing to Modbus register: rejecting because of earlier OutOfSync error
[2024-11-27T06:41:32.495Z] Error reading register 6507 for IP 10.30.4.128: rejecting because of earlier OutOfSync error
[2024-11-27T06:41:32.495Z] Error writing to Modbus register: rejecting because of earlier OutOfSync error
[2024-11-27T06:41:32.495Z] Error writing to Modbus register: rejecting because of earlier OutOfSync error
[2024-11-27T06:41:32.495Z] Error reading register 6507 for IP 10.30.4.128: rejecting because of earlier OutOfSync error
[2024-11-27T06:41:32.495Z] Error reading register 6507 for IP 10.30.4.128: rejecting because of earlier OutOfSync error
[2024-11-27T06:41:32.495Z] Error reading register 6507 for IP 10.30.4.128: rejecting because of earlier OutOfSync error
[2024-11-27T06:41:32.495Z] Error writing to Modbus register: rejecting because of earlier OutOfSync error
[2024-11-27T06:41:32.495Z] Error reading register 6507 for IP 10.30.4.128: rejecting because of earlier OutOfSync error
[2024-11-27T06:41:32.495Z] Error writing to Modbus register: rejecting because of earlier OutOfSync error
[2024-11-27T06:41:32.495Z] Error writing to Modbus register: rejecting because of earlier OutOfSync error
[2024-11-27T06:41:32.495Z] Error reading register 6507 for IP 10.30.4.128: rejecting because of earlier OutOfSync error
[2024-11-27T06:41:32.495Z] Error writing to Modbus register: rejecting because of earlier OutOfSync error
[2024-11-27T06:41:32.495Z] Error reading register 6507 for IP 10.30.4.128: rejecting because of earlier OutOfSync error
[2024-11-27T06:41:32.495Z] Error writing to Modbus register: rejecting because of earlier OutOfSync error
[2024-11-27T06:41:32.495Z] Error reading register 6507 for IP 10.30.4.128: rejecting because of earlier OutOfSync error
[2024-11-27T06:41:32.495Z] Error writing to Modbus register: rejecting because of earlier OutOfSync error
[2024-11-27T06:41:32.496Z] Error reading register 6507 for IP 10.30.4.128: rejecting because of earlier OutOfSync error
[2024-11-27T06:41:32.496Z] Error writing to Modbus register: rejecting because of earlier OutOfSync error
[2024-11-27T06:41:32.496Z] Error reading register 6507 for IP 10.30.4.128: rejecting because of earlier OutOfSync error
[2024-11-27T06:41:32.496Z] Error writing to Modbus register: rejecting because of earlier OutOfSync error
[2024-11-27T06:41:32.496Z] Error reading register 6507 for IP 10.30.4.128: rejecting because of earlier OutOfSync error
[2024-11-27T06:41:32.496Z] Error writing to Modbus register: rejecting because of earlier OutOfSync error
[2024-11-27T06:41:32.496Z] Error reading register 6507 for IP 10.30.4.128: rejecting because of earlier OutOfSync error
[2024-11-27T06:41:32.496Z] Error writing to Modbus register: rejecting because of earlier OutOfSync error
[2024-11-27T06:41:32.496Z] Error reading register 6507 for IP 10.30.4.128: rejecting because of earlier OutOfSync error
[2024-11-27T06:41:32.497Z] Error reading register 6507 for IP 10.30.4.128: rejecting because of earlier OutOfSync error
[2024-11-27T06:41:32.496Z] Error reading register 6507 for IP 10.30.4.128: rejecting because of earlier OutOfSync error
[2024-11-27T06:41:32.497Z] Error writing to Modbus register: rejecting because of earlier OutOfSync error
[2024-11-27T06:41:32.497Z] Error reading or processing Modbus registers: rejecting because of earlier OutOfSync error
[2024-11-27T06:41:32.496Z] Error writing to Modbus register: rejecting because of earlier OutOfSync error
[2024-11-27T06:41:32.497Z] Error reading or processing Modbus registers: rejecting because of earlier OutOfSync error
[2024-11-27T06:41:32.498Z] Error reading or processing Modbus registers: rejecting because of earlier OutOfSync error
[2024-11-27T06:41:32.498Z] Error reading or processing Modbus registers: rejecting because of earlier OutOfSync error
[2024-11-27T06:41:32.498Z] Error reading or processing Modbus registers: rejecting because of earlier OutOfSync error
[2024-11-27T06:41:32.498Z] Error reading or processing Modbus registers: rejecting because of earlier OutOfSync error
[2024-11-27T06:41:32.498Z] Error reading or processing Modbus registers: rejecting because of earlier OutOfSync error
[2024-11-27T06:41:32.498Z] Error reading or processing Modbus registers: rejecting because of earlier OutOfSync error
[2024-11-27T06:41:32.498Z] Error reading or processing Modbus registers: rejecting because of earlier OutOfSync error
[2024-11-27T06:41:32.498Z] Error reading or processing Modbus registers: rejecting because of earlier OutOfSync error
[2024-11-27T06:41:32.497Z] Error reading or processing Modbus registers: rejecting because of earlier OutOfSync error
[2024-11-27T06:41:32.498Z] Error reading or processing Modbus registers: rejecting because of earlier OutOfSync error
[2024-11-27T06:41:32.496Z] Error writing to Modbus register: rejecting because of earlier OutOfSync error
[2024-11-27T06:41:32.498Z] Error reading or processing Modbus registers: rejecting because of earlier OutOfSync error
[2024-11-27T06:41:32.498Z] Error reading or processing Modbus registers: rejecting because of earlier OutOfSync error
[2024-11-27T06:41:32.498Z] Error reading or processing Modbus registers: rejecting because of earlier OutOfSync error
[2024-11-27T06:41:32.498Z] Error reading or processing Modbus registers: rejecting because of earlier OutOfSync error
[2024-11-27T06:41:32.498Z] Error reading or processing Modbus registers: rejecting because of earlier OutOfSync error
[2024-11-27T06:41:32.499Z] Error reading or processing Modbus registers: rejecting because of earlier OutOfSync error
[2024-11-27T06:41:32.499Z] Error reading register 6507 for IP 10.30.4.128: connection to modbus server closed
[2024-11-27T06:41:32.499Z] Error writing to Modbus register: rejecting because of earlier OutOfSync error
[2024-11-27T06:41:32.499Z] Error reading register 6507 for IP 10.30.4.128: rejecting because of earlier OutOfSync error
[2024-11-27T06:41:32.499Z] Error writing to Modbus register: rejecting because of earlier OutOfSync error
[2024-11-27T06:41:32.499Z] Error reading register 6507 for IP 10.30.4.128: rejecting because of earlier OutOfSync error
[2024-11-27T06:41:32.499Z] Error writing to Modbus register: rejecting because of earlier OutOfSync error
[2024-11-27T06:41:32.499Z] Error reading register 6507 for IP 10.30.4.128: rejecting because of earlier OutOfSync error
[2024-11-27T06:41:32.499Z] Error writing to Modbus register: rejecting because of earlier OutOfSync error
[2024-11-27T06:41:32.499Z] Error reading register 6507 for IP 10.30.4.128: rejecting because of earlier OutOfSync error
[2024-11-27T06:41:32.499Z] Error writing to Modbus register: rejecting because of earlier OutOfSync error
[2024-11-27T06:41:32.499Z] Error reading register 6507 for IP 10.30.4.128: rejecting because of earlier OutOfSync error
[2024-11-27T06:41:32.499Z] Error writing to Modbus register: rejecting because of earlier OutOfSync error
[2024-11-27T06:41:32.499Z] Error reading register 6507 for IP 10.30.4.128: rejecting because of earlier OutOfSync error
[2024-11-27T06:41:32.500Z] Error reading register 6507 for IP 10.30.4.128: rejecting because of earlier OutOfSync error
[2024-11-27T06:41:32.500Z] Error reading register 6507 for IP 10.30.4.128: rejecting because of earlier OutOfSync error
[2024-11-27T06:41:32.500Z] Error writing to Modbus register: rejecting because of earlier OutOfSync error
[2024-11-27T06:41:32.500Z] Error reading register 6507 for IP 10.30.4.128: rejecting because of earlier OutOfSync error
[2024-11-27T06:41:32.500Z] Error writing to Modbus register: rejecting because of earlier OutOfSync error
[2024-11-27T06:41:32.500Z] Error reading register 6507 for IP 10.30.4.128: rejecting because of earlier OutOfSync error
[2024-11-27T06:41:32.499Z] Error writing to Modbus register: rejecting because of earlier OutOfSync error
[2024-11-27T06:41:32.500Z] Error reading register 6507 for IP 10.30.4.128: rejecting because of earlier OutOfSync error
[2024-11-27T06:41:32.500Z] Error writing to Modbus register: rejecting because of earlier OutOfSync error
[2024-11-27T06:41:32.500Z] Error reading register 6507 for IP 10.30.4.128: rejecting because of earlier OutOfSync error
[2024-11-27T06:41:32.500Z] Error writing to Modbus register: rejecting because of earlier OutOfSync error
[2024-11-27T06:41:32.500Z] Error reading register 6507 for IP 10.30.4.128: rejecting because of earlier OutOfSync error
[2024-11-27T06:41:32.500Z] Error writing to Modbus register: rejecting because of earlier OutOfSync error
[2024-11-27T06:41:32.500Z] Error reading register 6507 for IP 10.30.4.128: rejecting because of earlier OutOfSync error
[2024-11-27T06:41:32.500Z] Error writing to Modbus register: rejecting because of earlier OutOfSync error
[2024-11-27T06:41:32.500Z] Error writing to Modbus register: rejecting because of earlier OutOfSync error
[2024-11-27T06:41:32.500Z] Error reading register 6507 for IP 10.30.4.128: rejecting because of earlier OutOfSync error
[2024-11-27T06:41:32.501Z] Error writing to Modbus register: rejecting because of earlier OutOfSync error
[2024-11-27T06:41:32.501Z] Error reading register 6507 for IP 10.30.4.128: rejecting because of earlier OutOfSync error
[2024-11-27T06:41:32.500Z] Error writing to Modbus register: rejecting because of earlier OutOfSync error
[2024-11-27T06:41:32.501Z] Error reading register 6507 for IP 10.30.4.128: rejecting because of earlier OutOfSync error
[2024-11-27T06:41:32.501Z] Error reading register 6507 for IP 10.30.4.128: rejecting because of earlier OutOfSync error
[2024-11-27T06:41:32.501Z] Error writing to Modbus register: rejecting because of earlier OutOfSync error
[2024-11-27T06:41:32.501Z] Error writing to Modbus register: rejecting because of earlier OutOfSync error
[2024-11-27T06:41:32.501Z] Error writing to Modbus register: rejecting because of earlier OutOfSync error
[2024-11-27T06:41:32.501Z] Error reading or processing Modbus registers: rejecting because of earlier OutOfSync error
[2024-11-27T06:41:32.501Z] Error reading or processing Modbus registers: rejecting because of earlier OutOfSync error
[2024-11-27T06:41:32.501Z] Error reading or processing Modbus registers: rejecting because of earlier OutOfSync error
[2024-11-27T06:41:32.501Z] Error reading or processing Modbus registers: rejecting because of earlier OutOfSync error
[2024-11-27T06:41:32.501Z] Error reading or processing Modbus registers: rejecting because of earlier OutOfSync error
[2024-11-27T06:41:32.501Z] Error reading or processing Modbus registers: rejecting because of earlier OutOfSync error
[2024-11-27T06:41:32.501Z] Error reading or processing Modbus registers: rejecting because of earlier OutOfSync error
[2024-11-27T06:41:32.501Z] Error reading or processing Modbus registers: rejecting because of earlier OutOfSync error
[2024-11-27T06:41:32.501Z] Error reading or processing Modbus registers: rejecting because of earlier OutOfSync error
[2024-11-27T06:41:32.501Z] Error reading or processing Modbus registers: rejecting because of earlier OutOfSync error
[2024-11-27T06:41:32.501Z] Error reading or processing Modbus registers: rejecting because of earlier OutOfSync error
[2024-11-27T06:41:32.501Z] Error reading or processing Modbus registers: rejecting because of earlier OutOfSync error
[2024-11-27T06:41:32.501Z] Error reading or processing Modbus registers: rejecting because of earlier OutOfSync error
[2024-11-27T06:41:32.502Z] Error reading or processing Modbus registers: rejecting because of earlier OutOfSync error
[2024-11-27T06:41:32.502Z] Error reading or processing Modbus registers: rejecting because of earlier OutOfSync error
[2024-11-27T06:41:32.502Z] Error reading or processing Modbus registers: rejecting because of earlier OutOfSync error
[2024-11-27T06:41:32.501Z] Error reading or processing Modbus registers: rejecting because of earlier OutOfSync error
[2024-11-27T06:41:32.502Z] Error reading or processing Modbus registers: rejecting because of earlier OutOfSync error
[2024-11-27T06:41:32.660Z] Error writing to Modbus register: no connection to modbus server
[2024-11-27T06:41:32.661Z] Error writing to Modbus register: no connection to modbus server
[2024-11-27T06:41:33.660Z] Error writing to Modbus register: no connection to modbus server
[2024-11-27T06:41:33.662Z] Error writing to Modbus register: no connection to modbus server
[2024-11-27T06:41:34.661Z] Error writing to Modbus register: no connection to modbus server
[2024-11-27T06:41:34.662Z] Error writing to Modbus register: no connection to modbus server
[2024-11-27T06:41:35.524Z] Device at 10.30.4.128 is not reachable. Skipping connection attempt.
[2024-11-27T06:41:35.662Z] Error reading register 6507 for IP 10.30.4.128: no connection to modbus server
[2024-11-27T06:41:35.662Z] Error reading or processing Modbus registers: no connection to modbus server
[2024-11-27T06:41:35.663Z] Error writing to Modbus register: no connection to modbus server
[2024-11-27T06:41:35.664Z] Error reading register 6507 for IP 10.30.4.128: no connection to modbus server
[2024-11-27T06:41:35.665Z] Error reading or processing Modbus registers: no connection to modbus server
[2024-11-27T06:41:35.665Z] Error writing to Modbus register: no connection to modbus server
[2024-11-27T06:41:36.666Z] Error reading register 6507 for IP 10.30.4.128: no connection to modbus server
[2024-11-27T06:41:36.667Z] Error reading register 6507 for IP 10.30.4.128: no connection to modbus server
[2024-11-27T06:41:36.666Z] Error reading or processing Modbus registers: no connection to modbus server
[2024-11-27T06:41:36.667Z] Error writing to Modbus register: no connection to modbus server
[2024-11-27T06:41:36.667Z] Error reading or processing Modbus registers: no connection to modbus server
[2024-11-27T06:41:36.667Z] Error writing to Modbus register: no connection to modbus server
[2024-11-27T06:41:37.681Z] Error reading register 6507 for IP 10.30.4.128: no connection to modbus server
[2024-11-27T06:41:37.681Z] Error reading or processing Modbus registers: no connection to modbus server
[2024-11-27T06:41:37.681Z] Error writing to Modbus register: no connection to modbus server
[2024-11-27T06:41:37.681Z] Error reading register 6507 for IP 10.30.4.128: no connection to modbus server
[2024-11-27T06:41:37.681Z] Error reading or processing Modbus registers: no connection to modbus server
[2024-11-27T06:41:37.681Z] Error writing to Modbus register: no connection to modbus server
[2024-11-27T06:41:38.680Z] Error reading register 6507 for IP 10.30.4.128: no connection to modbus server
[2024-11-27T06:41:38.681Z] Error reading or processing Modbus registers: no connection to modbus server
[2024-11-27T06:41:38.681Z] Error writing to Modbus register: no connection to modbus server
[2024-11-27T06:41:38.681Z] Error reading register 6507 for IP 10.30.4.128: no connection to modbus server
[2024-11-27T06:41:38.681Z] Error reading or processing Modbus registers: no connection to modbus server
[2024-11-27T06:41:38.681Z] Error writing to Modbus register: no connection to modbus server
[2024-11-27T06:41:39.683Z] Error reading register 6507 for IP 10.30.4.128: no connection to modbus server
[2024-11-27T06:41:39.683Z] Error reading or processing Modbus registers: no connection to modbus server
[2024-11-27T06:41:39.683Z] Error writing to Modbus register: no connection to modbus server
[2024-11-27T06:41:39.683Z] Error reading or processing Modbus registers: no connection to modbus server
[2024-11-27T06:41:39.683Z] Error reading register 6507 for IP 10.30.4.128: no connection to modbus server
[2024-11-27T06:41:39.683Z] Error writing to Modbus register: no connection to modbus server
[2024-11-27T06:41:40.682Z] Error reading register 6507 for IP 10.30.4.128: no connection to modbus server
[2024-11-27T06:41:40.682Z] Error reading or processing Modbus registers: no connection to modbus server
[2024-11-27T06:41:40.683Z] Error writing to Modbus register: no connection to modbus server
[2024-11-27T06:41:40.683Z] Error reading or processing Modbus registers: no connection to modbus server
[2024-11-27T06:41:40.683Z] Error reading register 6507 for IP 10.30.4.128: no connection to modbus server
[2024-11-27T06:41:40.684Z] Error writing to Modbus register: no connection to modbus server
[2024-11-27T06:41:41.682Z] Error reading register 6507 for IP 10.30.4.128: no connection to modbus server
[2024-11-27T06:41:41.682Z] Error reading or processing Modbus registers: no connection to modbus server
[2024-11-27T06:41:41.683Z] Error writing to Modbus register: no connection to modbus server
[2024-11-27T06:41:41.683Z] Error reading or processing Modbus registers: no connection to modbus server
[2024-11-27T06:41:41.683Z] Error reading register 6507 for IP 10.30.4.128: no connection to modbus server
[2024-11-27T06:41:41.684Z] Error writing to Modbus register: no connection to modbus server
[2024-11-27T06:41:42.682Z] Error reading register 6507 for IP 10.30.4.128: no connection to modbus server
[2024-11-27T06:41:42.682Z] Error reading or processing Modbus registers: no connection to modbus server
[2024-11-27T06:41:42.683Z] Error writing to Modbus register: no connection to modbus server
[2024-11-27T06:41:42.683Z] Error reading register 6507 for IP 10.30.4.128: no connection to modbus server
[2024-11-27T06:41:42.683Z] Error reading or processing Modbus registers: no connection to modbus server
[2024-11-27T06:41:42.683Z] Error writing to Modbus register: no connection to modbus server
[2024-11-27T06:41:43.682Z] Error reading register 6507 for IP 10.30.4.128: no connection to modbus server
[2024-11-27T06:41:43.682Z] Error reading or processing Modbus registers: no connection to modbus server
[2024-11-27T06:41:43.683Z] Error writing to Modbus register: no connection to modbus server
[2024-11-27T06:41:43.683Z] Error reading or processing Modbus registers: no connection to modbus server
[2024-11-27T06:41:43.683Z] Error reading register 6507 for IP 10.30.4.128: no connection to modbus server
[2024-11-27T06:41:43.684Z] Error writing to Modbus register: no connection to modbus server
[2024-11-27T06:41:44.682Z] Error reading register 6507 for IP 10.30.4.128: no connection to modbus server
[2024-11-27T06:41:44.682Z] Error reading or processing Modbus registers: no connection to modbus server
[2024-11-27T06:41:44.683Z] Error writing to Modbus register: no connection to modbus server
[2024-11-27T06:41:44.683Z] Error reading register 6507 for IP 10.30.4.128: no connection to modbus server
[2024-11-27T06:41:44.683Z] Error reading or processing Modbus registers: no connection to modbus server
[2024-11-27T06:41:44.683Z] Error writing to Modbus register: no connection to modbus server
[2024-11-27T06:41:45.683Z] Error reading register 6507 for IP 10.30.4.128: no connection to modbus server
[2024-11-27T06:41:45.683Z] Error reading or processing Modbus registers: no connection to modbus server
[2024-11-27T06:41:45.683Z] Error writing to Modbus register: no connection to modbus server
[2024-11-27T06:41:45.683Z] Error reading register 6507 for IP 10.30.4.128: no connection to modbus server
[2024-11-27T06:41:45.683Z] Error reading or processing Modbus registers: no connection to modbus server
[2024-11-27T06:41:45.684Z] Error writing to Modbus register: no connection to modbus server
[2024-11-27T06:41:46.683Z] Error reading register 6507 for IP 10.30.4.128: no connection to modbus server
[2024-11-27T06:41:46.683Z] Error reading register 6507 for IP 10.30.4.128: no connection to modbus server
[2024-11-27T06:41:46.683Z] Error reading or processing Modbus registers: no connection to modbus server
[2024-11-27T06:41:46.683Z] Error writing to Modbus register: no connection to modbus server
[2024-11-27T06:41:46.683Z] Error reading or processing Modbus registers: no connection to modbus server
[2024-11-27T06:41:46.684Z] Error writing to Modbus register: no connection to modbus server
[2024-11-27T06:41:47.682Z] Error reading register 6507 for IP 10.30.4.128: no connection to modbus server
[2024-11-27T06:41:47.682Z] Error reading or processing Modbus registers: no connection to modbus server
[2024-11-27T06:41:47.683Z] Error writing to Modbus register: no connection to modbus server
[2024-11-27T06:41:47.683Z] Error reading register 6507 for IP 10.30.4.128: no connection to modbus server
[2024-11-27T06:41:47.683Z] Error reading or processing Modbus registers: no connection to modbus server
[2024-11-27T06:41:47.683Z] Error writing to Modbus register: no connection to modbus server
[2024-11-27T06:41:48.682Z] Error reading register 6507 for IP 10.30.4.128: no connection to modbus server
[2024-11-27T06:41:48.683Z] Error reading or processing Modbus registers: no connection to modbus server
[2024-11-27T06:41:48.683Z] Error reading register 6507 for IP 10.30.4.128: no connection to modbus server
[2024-11-27T06:41:48.683Z] Error writing to Modbus register: no connection to modbus server
[2024-11-27T06:41:48.683Z] Error writing to Modbus register: no connection to modbus server
[2024-11-27T06:41:48.683Z] Error reading or processing Modbus registers: no connection to modbus server
[2024-11-27T06:41:49.682Z] Error reading register 6507 for IP 10.30.4.128: no connection to modbus server
[2024-11-27T06:41:49.683Z] Error reading or processing Modbus registers: no connection to modbus server
[2024-11-27T06:41:49.683Z] Error writing to Modbus register: no connection to modbus server
[2024-11-27T06:41:49.683Z] Error reading register 6507 for IP 10.30.4.128: no connection to modbus server
[2024-11-27T06:41:49.683Z] Error reading or processing Modbus registers: no connection to modbus server
[2024-11-27T06:41:49.683Z] Error writing to Modbus register: no connection to modbus server
[2024-11-27T06:41:50.682Z] Error reading register 6507 for IP 10.30.4.128: no connection to modbus server
[2024-11-27T06:41:50.683Z] Error reading or processing Modbus registers: no connection to modbus server
[2024-11-27T06:41:50.683Z] Error writing to Modbus register: no connection to modbus server
[2024-11-27T06:41:50.683Z] Error reading register 6507 for IP 10.30.4.128: no connection to modbus server
[2024-11-27T06:41:50.683Z] Error reading or processing Modbus registers: no connection to modbus server
[2024-11-27T06:41:50.683Z] Error writing to Modbus register: no connection to modbus server
[2024-11-27T06:41:51.682Z] Error reading register 6507 for IP 10.30.4.128: no connection to modbus server
[2024-11-27T06:41:51.682Z] Error reading or processing Modbus registers: no connection to modbus server
[2024-11-27T06:41:51.683Z] Error writing to Modbus register: no connection to modbus server
[2024-11-27T06:41:51.683Z] Error reading register 6507 for IP 10.30.4.128: no connection to modbus server
[2024-11-27T06:41:51.683Z] Error reading or processing Modbus registers: no connection to modbus server
[2024-11-27T06:41:51.683Z] Error writing to Modbus register: no connection to modbus server
[2024-11-27T06:41:52.683Z] Error reading register 6507 for IP 10.30.4.128: no connection to modbus server
[2024-11-27T06:41:52.683Z] Error reading or processing Modbus registers: no connection to modbus server
[2024-11-27T06:41:52.684Z] Error writing to Modbus register: no connection to modbus server
[2024-11-27T06:41:52.683Z] Error writing to Modbus register: no connection to modbus server
[2024-11-27T06:41:52.684Z] Error reading register 6507 for IP 10.30.4.128: no connection to modbus server
[2024-11-27T06:41:52.684Z] Error reading or processing Modbus registers: no connection to modbus server
[2024-11-27T06:41:53.683Z] Error reading register 6507 for IP 10.30.4.128: no connection to modbus server
[2024-11-27T06:41:53.683Z] Error reading or processing Modbus registers: no connection to modbus server
[2024-11-27T06:41:53.683Z] Error writing to Modbus register: no connection to modbus server
[2024-11-27T06:41:53.684Z] Error reading or processing Modbus registers: no connection to modbus server
[2024-11-27T06:41:53.683Z] Error reading register 6507 for IP 10.30.4.128: no connection to modbus server
[2024-11-27T06:41:53.684Z] Error writing to Modbus register: no connection to modbus server
[2024-11-27T06:41:54.682Z] Error reading register 6507 for IP 10.30.4.128: no connection to modbus server
[2024-11-27T06:41:54.682Z] Error reading or processing Modbus registers: no connection to modbus server
[2024-11-27T06:41:54.683Z] Error writing to Modbus register: no connection to modbus server
[2024-11-27T06:41:54.683Z] Error reading register 6507 for IP 10.30.4.128: no connection to modbus server
[2024-11-27T06:41:54.683Z] Error reading or processing Modbus registers: no connection to modbus server
[2024-11-27T06:41:54.684Z] Error writing to Modbus register: no connection to modbus server
[2024-11-27T06:41:55.683Z] Error reading register 6507 for IP 10.30.4.128: no connection to modbus server
[2024-11-27T06:41:55.683Z] Error reading or processing Modbus registers: no connection to modbus server
[2024-11-27T06:41:55.683Z] Error reading or processing Modbus registers: no connection to modbus server
[2024-11-27T06:41:55.683Z] Error reading register 6507 for IP 10.30.4.128: no connection to modbus server
[2024-11-27T06:41:55.683Z] Error writing to Modbus register: no connection to modbus server
[2024-11-27T06:41:55.683Z] Error writing to Modbus register: no connection to modbus server
[2024-11-27T06:41:56.682Z] Error reading register 6507 for IP 10.30.4.128: no connection to modbus server
[2024-11-27T06:41:56.682Z] Error reading or processing Modbus registers: no connection to modbus server
[2024-11-27T06:41:56.683Z] Error reading register 6507 for IP 10.30.4.128: no connection to modbus server
[2024-11-27T06:41:56.683Z] Error writing to Modbus register: no connection to modbus server
[2024-11-27T06:41:56.683Z] Error reading or processing Modbus registers: no connection to modbus server
[2024-11-27T06:41:56.684Z] Error writing to Modbus register: no connection to modbus server
[2024-11-27T06:41:57.682Z] Error reading register 6507 for IP 10.30.4.128: no connection to modbus server
[2024-11-27T06:41:57.682Z] Error reading or processing Modbus registers: no connection to modbus server
[2024-11-27T06:41:57.683Z] Error writing to Modbus register: no connection to modbus server
[2024-11-27T06:41:57.684Z] Error reading register 6507 for IP 10.30.4.128: no connection to modbus server
[2024-11-27T06:41:57.684Z] Error writing to Modbus register: no connection to modbus server
[2024-11-27T06:41:57.684Z] Error reading or processing Modbus registers: no connection to modbus server
[2024-11-27T06:41:58.682Z] Error reading register 6507 for IP 10.30.4.128: no connection to modbus server
[2024-11-27T06:41:58.683Z] Error reading or processing Modbus registers: no connection to modbus server
[2024-11-27T06:41:58.683Z] Error reading register 6507 for IP 10.30.4.128: no connection to modbus server
[2024-11-27T06:41:58.683Z] Error writing to Modbus register: no connection to modbus server
[2024-11-27T06:41:58.683Z] Error reading or processing Modbus registers: no connection to modbus server
[2024-11-27T06:41:58.684Z] Error writing to Modbus register: no connection to modbus server
[2024-11-27T06:41:59.682Z] Error reading register 6507 for IP 10.30.4.128: no connection to modbus server
[2024-11-27T06:41:59.683Z] Error reading or processing Modbus registers: no connection to modbus server
[2024-11-27T06:41:59.683Z] Error writing to Modbus register: no connection to modbus server
[2024-11-27T06:41:59.683Z] Error reading register 6507 for IP 10.30.4.128: no connection to modbus server
[2024-11-27T06:41:59.683Z] Error reading or processing Modbus registers: no connection to modbus server
[2024-11-27T06:41:59.684Z] Error writing to Modbus register: no connection to modbus server
[2024-11-27T06:42:00.683Z] Error reading register 6507 for IP 10.30.4.128: no connection to modbus server
[2024-11-27T06:42:00.683Z] Error reading or processing Modbus registers: no connection to modbus server
[2024-11-27T06:42:00.684Z] Error writing to Modbus register: no connection to modbus server
[2024-11-27T06:42:00.685Z] Error reading register 6507 for IP 10.30.4.128: no connection to modbus server
[2024-11-27T06:42:00.685Z] Error reading or processing Modbus registers: no connection to modbus server
[2024-11-27T06:42:00.685Z] Error writing to Modbus register: no connection to modbus server
[2024-11-27T06:42:01.683Z] Error reading register 6507 for IP 10.30.4.128: no connection to modbus server
[2024-11-27T06:42:01.683Z] Error reading or processing Modbus registers: no connection to modbus server
[2024-11-27T06:42:01.684Z] Error writing to Modbus register: no connection to modbus server
[2024-11-27T06:42:01.684Z] Error reading register 6507 for IP 10.30.4.128: no connection to modbus server
[2024-11-27T06:42:01.684Z] Error reading or processing Modbus registers: no connection to modbus server
[2024-11-27T06:42:01.685Z] Error writing to Modbus register: no connection to modbus server
[2024-11-27T06:42:02.683Z] Error reading register 6507 for IP 10.30.4.128: no connection to modbus server
[2024-11-27T06:42:02.683Z] Error reading or processing Modbus registers: no connection to modbus server
[2024-11-27T06:42:02.684Z] Error writing to Modbus register: no connection to modbus server
[2024-11-27T06:42:02.684Z] Error reading register 6507 for IP 10.30.4.128: no connection to modbus server
[2024-11-27T06:42:02.685Z] Error reading or processing Modbus registers: no connection to modbus server
[2024-11-27T06:42:02.685Z] Error writing to Modbus register: no connection to modbus server
[2024-11-27T06:42:03.682Z] Error reading register 6507 for IP 10.30.4.128: no connection to modbus server
[2024-11-27T06:42:03.682Z] Error reading or processing Modbus registers: no connection to modbus server
[2024-11-27T06:42:03.684Z] Error writing to Modbus register: no connection to modbus server
[2024-11-27T06:42:03.684Z] Error reading register 6507 for IP 10.30.4.128: no connection to modbus server
[2024-11-27T06:42:03.685Z] Error reading or processing Modbus registers: no connection to modbus server
[2024-11-27T06:42:03.685Z] Error writing to Modbus register: no connection to modbus server
[2024-11-27T06:42:04.696Z] Error writing to Modbus register: no connection to modbus server
[2024-11-27T06:42:04.697Z] Error writing to Modbus register: no connection to modbus server
[2024-11-27T06:42:05.576Z] Error writing to Modbus register: no connection to modbus server
[2024-11-27T06:42:05.700Z] Error writing to Modbus register: no connection to modbus server
[2024-11-27T06:42:05.700Z] Error writing to Modbus register: no connection to modbus server
[2024-11-27T06:42:06.583Z] Error writing to Modbus register: no connection to modbus server
[2024-11-27T06:42:06.703Z] Error writing to Modbus register: no connection to modbus server
[2024-11-27T06:42:06.703Z] Error writing to Modbus register: no connection to modbus server
[2024-11-27T06:42:07.596Z] Error writing to Modbus register: no connection to modbus server
[2024-11-27T06:42:07.704Z] Error writing to Modbus register: no connection to modbus server
[2024-11-27T06:42:07.719Z] Error writing to Modbus register: no connection to modbus server
[2024-11-27T06:42:08.599Z] Error writing to Modbus register: no connection to modbus server
[2024-11-27T06:42:08.705Z] Error writing to Modbus register: no connection to modbus server
[2024-11-27T06:42:08.720Z] Error writing to Modbus register: no connection to modbus server
[2024-11-27T06:42:09.600Z] Error writing to Modbus register: no connection to modbus server
[2024-11-27T06:42:09.708Z] Error writing to Modbus register: no connection to modbus server
[2024-11-27T06:42:09.723Z] Error writing to Modbus register: no connection to modbus server
[2024-11-27T06:42:10.602Z] Error writing to Modbus register: no connection to modbus server
[2024-11-27T06:42:10.709Z] Error writing to Modbus register: no connection to modbus server
[2024-11-27T06:42:10.724Z] Error writing to Modbus register: no connection to modbus server
[2024-11-27T06:42:11.607Z] Error writing to Modbus register: no connection to modbus server
[2024-11-27T06:42:11.714Z] Error writing to Modbus register: no connection to modbus server
[2024-11-27T06:42:11.730Z] Error writing to Modbus register: no connection to modbus server
[2024-11-27T06:42:12.610Z] Error writing to Modbus register: no connection to modbus server
[2024-11-27T06:42:12.716Z] Error writing to Modbus register: no connection to modbus server
[2024-11-27T06:42:12.732Z] Error writing to Modbus register: no connection to modbus server
[2024-11-27T06:42:13.613Z] Error writing to Modbus register: no connection to modbus server
[2024-11-27T06:42:13.721Z] Error writing to Modbus register: no connection to modbus server
[2024-11-27T06:42:13.736Z] Error writing to Modbus register: no connection to modbus server
[2024-11-27T06:42:14.613Z] Error reading register 6507 for IP 10.30.4.128: no connection to modbus server
[2024-11-27T06:42:14.613Z] Error writing to Modbus register: no connection to modbus server
[2024-11-27T06:42:14.613Z] Error reading or processing Modbus registers: no connection to modbus server
[2024-11-27T06:42:14.721Z] Error reading register 6507 for IP 10.30.4.128: no connection to modbus server
[2024-11-27T06:42:14.721Z] Error reading or processing Modbus registers: no connection to modbus server
[2024-11-27T06:42:14.721Z] Error writing to Modbus register: no connection to modbus server
[2024-11-27T06:42:14.736Z] Error reading register 6507 for IP 10.30.4.128: no connection to modbus server
[2024-11-27T06:42:14.736Z] Error reading or processing Modbus registers: no connection to modbus server
[2024-11-27T06:42:14.736Z] Error writing to Modbus register: no connection to modbus server
[2024-11-27T06:42:15.613Z] Error reading register 6507 for IP 10.30.4.128: no connection to modbus server
[2024-11-27T06:42:15.613Z] Error reading or processing Modbus registers: no connection to modbus server
[2024-11-27T06:42:15.613Z] Error writing to Modbus register: no connection to modbus server
[2024-11-27T06:42:15.721Z] Error reading register 6507 for IP 10.30.4.128: no connection to modbus server
[2024-11-27T06:42:15.721Z] Error reading or processing Modbus registers: no connection to modbus server
[2024-11-27T06:42:15.721Z] Error writing to Modbus register: no connection to modbus server
[2024-11-27T06:42:15.736Z] Error reading register 6507 for IP 10.30.4.128: no connection to modbus server
[2024-11-27T06:42:15.736Z] Error reading or processing Modbus registers: no connection to modbus server
[2024-11-27T06:42:15.736Z] Error writing to Modbus register: no connection to modbus server
[2024-11-27T06:42:16.619Z] Error reading register 6507 for IP 10.30.4.128: no connection to modbus server
[2024-11-27T06:42:16.619Z] Error reading or processing Modbus registers: no connection to modbus server
[2024-11-27T06:42:16.620Z] Error writing to Modbus register: no connection to modbus server
[2024-11-27T06:42:16.724Z] Error reading register 6507 for IP 10.30.4.128: no connection to modbus server
[2024-11-27T06:42:16.724Z] Error reading or processing Modbus registers: no connection to modbus server
[2024-11-27T06:42:16.724Z] Error writing to Modbus register: no connection to modbus server
[2024-11-27T06:42:16.737Z] Error reading register 6507 for IP 10.30.4.128: no connection to modbus server
[2024-11-27T06:42:16.737Z] Error reading or processing Modbus registers: no connection to modbus server
[2024-11-27T06:42:16.738Z] Error writing to Modbus register: no connection to modbus server
[2024-11-27T06:42:17.619Z] Error reading register 6507 for IP 10.30.4.128: no connection to modbus server
[2024-11-27T06:42:17.619Z] Error reading or processing Modbus registers: no connection to modbus server
[2024-11-27T06:42:17.619Z] Error writing to Modbus register: no connection to modbus server
[2024-11-27T06:42:17.724Z] Error reading register 6507 for IP 10.30.4.128: no connection to modbus server
[2024-11-27T06:42:17.724Z] Error reading or processing Modbus registers: no connection to modbus server
[2024-11-27T06:42:17.724Z] Error writing to Modbus register: no connection to modbus server
[2024-11-27T06:42:17.737Z] Error reading register 6507 for IP 10.30.4.128: no connection to modbus server
[2024-11-27T06:42:17.737Z] Error reading or processing Modbus registers: no connection to modbus server
[2024-11-27T06:42:17.738Z] Error writing to Modbus register: no connection to modbus server
[2024-11-27T06:42:18.619Z] Error reading register 6507 for IP 10.30.4.128: no connection to modbus server
[2024-11-27T06:42:18.619Z] Error reading or processing Modbus registers: no connection to modbus server
[2024-11-27T06:42:18.620Z] Error writing to Modbus register: no connection to modbus server
[2024-11-27T06:42:18.724Z] Error reading register 6507 for IP 10.30.4.128: no connection to modbus server
[2024-11-27T06:42:18.724Z] Error reading or processing Modbus registers: no connection to modbus server
[2024-11-27T06:42:18.724Z] Error writing to Modbus register: no connection to modbus server
[2024-11-27T06:42:18.737Z] Error reading register 6507 for IP 10.30.4.128: no connection to modbus server
[2024-11-27T06:42:18.737Z] Error reading or processing Modbus registers: no connection to modbus server
[2024-11-27T06:42:18.737Z] Error writing to Modbus register: no connection to modbus server
[2024-11-27T06:42:19.619Z] Error reading register 6507 for IP 10.30.4.128: no connection to modbus server
[2024-11-27T06:42:19.619Z] Error reading or processing Modbus registers: no connection to modbus server
[2024-11-27T06:42:19.620Z] Error writing to Modbus register: no connection to modbus server
[2024-11-27T06:42:19.724Z] Error reading register 6507 for IP 10.30.4.128: no connection to modbus server
[2024-11-27T06:42:19.724Z] Error reading or processing Modbus registers: no connection to modbus server
[2024-11-27T06:42:19.724Z] Error writing to Modbus register: no connection to modbus server
[2024-11-27T06:42:19.737Z] Error reading register 6507 for IP 10.30.4.128: no connection to modbus server
[2024-11-27T06:42:19.737Z] Error reading or processing Modbus registers: no connection to modbus server
[2024-11-27T06:42:19.738Z] Error writing to Modbus register: no connection to modbus server
[2024-11-27T06:42:20.619Z] Error reading register 6507 for IP 10.30.4.128: no connection to modbus server
[2024-11-27T06:42:20.619Z] Error reading or processing Modbus registers: no connection to modbus server
[2024-11-27T06:42:20.620Z] Error writing to Modbus register: no connection to modbus server
[2024-11-27T06:42:20.724Z] Error reading register 6507 for IP 10.30.4.128: no connection to modbus server
[2024-11-27T06:42:20.724Z] Error reading or processing Modbus registers: no connection to modbus server
[2024-11-27T06:42:20.724Z] Error writing to Modbus register: no connection to modbus server
[2024-11-27T06:42:20.737Z] Error reading register 6507 for IP 10.30.4.128: no connection to modbus server
[2024-11-27T06:42:20.737Z] Error reading or processing Modbus registers: no connection to modbus server
[2024-11-27T06:42:20.737Z] Error writing to Modbus register: no connection to modbus server
[2024-11-27T06:42:21.619Z] Error reading register 6507 for IP 10.30.4.128: no connection to modbus server
[2024-11-27T06:42:21.619Z] Error reading or processing Modbus registers: no connection to modbus server
[2024-11-27T06:42:21.619Z] Error writing to Modbus register: no connection to modbus server
[2024-11-27T06:42:21.724Z] Error reading register 6507 for IP 10.30.4.128: no connection to modbus server
[2024-11-27T06:42:21.724Z] Error reading or processing Modbus registers: no connection to modbus server
[2024-11-27T06:42:21.724Z] Error writing to Modbus register: no connection to modbus server
[2024-11-27T06:42:21.737Z] Error reading register 6507 for IP 10.30.4.128: no connection to modbus server
[2024-11-27T06:42:21.737Z] Error reading or processing Modbus registers: no connection to modbus server
[2024-11-27T06:42:21.738Z] Error writing to Modbus register: no connection to modbus server
[2024-11-27T06:42:22.632Z] Error reading register 6507 for IP 10.30.4.128: no connection to modbus server
[2024-11-27T06:42:22.632Z] Error reading or processing Modbus registers: no connection to modbus server
[2024-11-27T06:42:22.633Z] Error writing to Modbus register: no connection to modbus server
[2024-11-27T06:42:22.724Z] Error reading register 6507 for IP 10.30.4.128: no connection to modbus server
[2024-11-27T06:42:22.724Z] Error reading or processing Modbus registers: no connection to modbus server
[2024-11-27T06:42:22.725Z] Error writing to Modbus register: no connection to modbus server
[2024-11-27T06:42:22.737Z] Error reading register 6507 for IP 10.30.4.128: no connection to modbus server
[2024-11-27T06:42:22.737Z] Error reading or processing Modbus registers: no connection to modbus server
[2024-11-27T06:42:22.738Z] Error writing to Modbus register: no connection to modbus server
[2024-11-27T06:42:23.632Z] Error reading register 6507 for IP 10.30.4.128: no connection to modbus server
[2024-11-27T06:42:23.632Z] Error reading or processing Modbus registers: no connection to modbus server
[2024-11-27T06:42:23.633Z] Error writing to Modbus register: no connection to modbus server
[2024-11-27T06:42:23.724Z] Error reading register 6507 for IP 10.30.4.128: no connection to modbus server
[2024-11-27T06:42:23.724Z] Error reading or processing Modbus registers: no connection to modbus server
[2024-11-27T06:42:23.725Z] Error writing to Modbus register: no connection to modbus server
[2024-11-27T06:42:23.737Z] Error reading register 6507 for IP 10.30.4.128: no connection to modbus server
[2024-11-27T06:42:23.737Z] Error reading or processing Modbus registers: no connection to modbus server
[2024-11-27T06:42:23.737Z] Error writing to Modbus register: no connection to modbus server
[2024-11-27T06:42:24.632Z] Error reading register 6507 for IP 10.30.4.128: no connection to modbus server
[2024-11-27T06:42:24.632Z] Error reading or processing Modbus registers: no connection to modbus server
[2024-11-27T06:42:24.633Z] Error writing to Modbus register: no connection to modbus server
[2024-11-27T06:42:24.724Z] Error reading register 6507 for IP 10.30.4.128: no connection to modbus server
[2024-11-27T06:42:24.724Z] Error reading or processing Modbus registers: no connection to modbus server
[2024-11-27T06:42:24.725Z] Error writing to Modbus register: no connection to modbus server
[2024-11-27T06:42:24.737Z] Error reading register 6507 for IP 10.30.4.128: no connection to modbus server
[2024-11-27T06:42:24.737Z] Error reading or processing Modbus registers: no connection to modbus server
[2024-11-27T06:42:24.738Z] Error writing to Modbus register: no connection to modbus server
[2024-11-27T06:42:25.632Z] Error reading register 6507 for IP 10.30.4.128: no connection to modbus server
[2024-11-27T06:42:25.632Z] Error reading or processing Modbus registers: no connection to modbus server
[2024-11-27T06:42:25.634Z] Error writing to Modbus register: no connection to modbus server
[2024-11-27T06:42:25.724Z] Error reading register 6507 for IP 10.30.4.128: no connection to modbus server
[2024-11-27T06:42:25.724Z] Error reading or processing Modbus registers: no connection to modbus server
[2024-11-27T06:42:25.724Z] Error writing to Modbus register: no connection to modbus server
[2024-11-27T06:42:25.737Z] Error reading register 6507 for IP 10.30.4.128: no connection to modbus server
[2024-11-27T06:42:25.737Z] Error reading or processing Modbus registers: no connection to modbus server
[2024-11-27T06:42:25.737Z] Error writing to Modbus register: no connection to modbus server
[2024-11-27T06:42:26.632Z] Error reading register 6507 for IP 10.30.4.128: no connection to modbus server
[2024-11-27T06:42:26.632Z] Error reading or processing Modbus registers: no connection to modbus server
[2024-11-27T06:42:26.634Z] Error writing to Modbus register: no connection to modbus server
[2024-11-27T06:42:26.724Z] Error reading register 6507 for IP 10.30.4.128: no connection to modbus server
[2024-11-27T06:42:26.724Z] Error reading or processing Modbus registers: no connection to modbus server
[2024-11-27T06:42:26.724Z] Error writing to Modbus register: no connection to modbus server
[2024-11-27T06:42:26.737Z] Error reading register 6507 for IP 10.30.4.128: no connection to modbus server
[2024-11-27T06:42:26.737Z] Error reading or processing Modbus registers: no connection to modbus server
[2024-11-27T06:42:26.737Z] Error writing to Modbus register: no connection to modbus server
[2024-11-27T06:42:27.632Z] Error reading register 6507 for IP 10.30.4.128: no connection to modbus server
[2024-11-27T06:42:27.632Z] Error reading or processing Modbus registers: no connection to modbus server
[2024-11-27T06:42:27.634Z] Error writing to Modbus register: no connection to modbus server
[2024-11-27T06:42:27.724Z] Error reading register 6507 for IP 10.30.4.128: no connection to modbus server
[2024-11-27T06:42:27.724Z] Error reading or processing Modbus registers: no connection to modbus server
[2024-11-27T06:42:27.725Z] Error writing to Modbus register: no connection to modbus server
[2024-11-27T06:42:27.737Z] Error reading register 6507 for IP 10.30.4.128: no connection to modbus server
[2024-11-27T06:42:27.737Z] Error reading or processing Modbus registers: no connection to modbus server
[2024-11-27T06:42:27.737Z] Error writing to Modbus register: no connection to modbus server
[2024-11-27T06:42:28.632Z] Error reading register 6507 for IP 10.30.4.128: no connection to modbus server
[2024-11-27T06:42:28.632Z] Error reading or processing Modbus registers: no connection to modbus server
[2024-11-27T06:42:28.634Z] Error writing to Modbus register: no connection to modbus server
[2024-11-27T06:42:28.724Z] Error reading register 6507 for IP 10.30.4.128: no connection to modbus server
[2024-11-27T06:42:28.724Z] Error reading or processing Modbus registers: no connection to modbus server
[2024-11-27T06:42:28.724Z] Error writing to Modbus register: no connection to modbus server
[2024-11-27T06:42:28.737Z] Error reading register 6507 for IP 10.30.4.128: no connection to modbus server
[2024-11-27T06:42:28.737Z] Error reading or processing Modbus registers: no connection to modbus server
[2024-11-27T06:42:28.738Z] Error writing to Modbus register: no connection to modbus server
[2024-11-27T06:42:29.632Z] Error reading register 6507 for IP 10.30.4.128: no connection to modbus server
[2024-11-27T06:42:29.632Z] Error reading or processing Modbus registers: no connection to modbus server
[2024-11-27T06:42:29.634Z] Error writing to Modbus register: no connection to modbus server
[2024-11-27T06:42:29.724Z] Error reading register 6507 for IP 10.30.4.128: no connection to modbus server
[2024-11-27T06:42:29.724Z] Error reading or processing Modbus registers: no connection to modbus server
[2024-11-27T06:42:29.724Z] Error writing to Modbus register: no connection to modbus server
[2024-11-27T06:42:29.737Z] Error reading register 6507 for IP 10.30.4.128: no connection to modbus server
[2024-11-27T06:42:29.737Z] Error reading or processing Modbus registers: no connection to modbus server
[2024-11-27T06:42:29.738Z] Error writing to Modbus register: no connection to modbus server
[2024-11-27T06:42:30.632Z] Error reading register 6507 for IP 10.30.4.128: no connection to modbus server
[2024-11-27T06:42:30.632Z] Error reading or processing Modbus registers: no connection to modbus server
[2024-11-27T06:42:30.634Z] Error writing to Modbus register: no connection to modbus server
[2024-11-27T06:42:30.724Z] Error reading register 6507 for IP 10.30.4.128: no connection to modbus server
[2024-11-27T06:42:30.725Z] Error reading or processing Modbus registers: no connection to modbus server
[2024-11-27T06:42:30.726Z] Error writing to Modbus register: no connection to modbus server
[2024-11-27T06:42:30.737Z] Error reading register 6507 for IP 10.30.4.128: no connection to modbus server
[2024-11-27T06:42:30.737Z] Error reading or processing Modbus registers: no connection to modbus server
[2024-11-27T06:42:30.737Z] Error writing to Modbus register: no connection to modbus server
[2024-11-27T06:42:31.632Z] Error reading register 6507 for IP 10.30.4.128: no connection to modbus server
[2024-11-27T06:42:31.633Z] Error reading or processing Modbus registers: no connection to modbus server
[2024-11-27T06:42:31.634Z] Error writing to Modbus register: no connection to modbus server
[2024-11-27T06:42:31.725Z] Error reading register 6507 for IP 10.30.4.128: no connection to modbus server
[2024-11-27T06:42:31.725Z] Error reading or processing Modbus registers: no connection to modbus server
[2024-11-27T06:42:31.726Z] Error writing to Modbus register: no connection to modbus server
[2024-11-27T06:42:31.737Z] Error reading register 6507 for IP 10.30.4.128: no connection to modbus server
[2024-11-27T06:42:31.738Z] Error reading or processing Modbus registers: no connection to modbus server
[2024-11-27T06:42:31.739Z] Error writing to Modbus register: no connection to modbus server
[2024-11-27T06:42:32.632Z] Error reading register 6507 for IP 10.30.4.128: no connection to modbus server
[2024-11-27T06:42:32.632Z] Error reading or processing Modbus registers: no connection to modbus server
[2024-11-27T06:42:32.634Z] Error writing to Modbus register: no connection to modbus server
[2024-11-27T06:42:32.725Z] Error reading register 6507 for IP 10.30.4.128: no connection to modbus server
[2024-11-27T06:42:32.725Z] Error reading or processing Modbus registers: no connection to modbus server
[2024-11-27T06:42:32.726Z] Error writing to Modbus register: no connection to modbus server
[2024-11-27T06:42:32.737Z] Error reading register 6507 for IP 10.30.4.128: no connection to modbus server
[2024-11-27T06:42:32.737Z] Error reading or processing Modbus registers: no connection to modbus server
[2024-11-27T06:42:32.739Z] Error writing to Modbus register: no connection to modbus server
[2024-11-27T06:42:33.633Z] Error reading register 6507 for IP 10.30.4.128: no connection to modbus server
[2024-11-27T06:42:33.633Z] Error reading or processing Modbus registers: no connection to modbus server
[2024-11-27T06:42:33.634Z] Error writing to Modbus register: no connection to modbus server
[2024-11-27T06:42:33.725Z] Error reading register 6507 for IP 10.30.4.128: no connection to modbus server
[2024-11-27T06:42:33.725Z] Error reading or processing Modbus registers: no connection to modbus server
[2024-11-27T06:42:33.725Z] Error writing to Modbus register: no connection to modbus server
[2024-11-27T06:42:33.737Z] Error reading register 6507 for IP 10.30.4.128: no connection to modbus server
[2024-11-27T06:42:33.737Z] Error reading or processing Modbus registers: no connection to modbus server
[2024-11-27T06:42:33.739Z] Error writing to Modbus register: no connection to modbus server
[2024-11-27T06:42:34.632Z] Error reading register 6507 for IP 10.30.4.128: no connection to modbus server
[2024-11-27T06:42:34.632Z] Error reading or processing Modbus registers: no connection to modbus server
[2024-11-27T06:42:34.634Z] Error writing to Modbus register: no connection to modbus server
[2024-11-27T06:42:34.725Z] Error reading register 6507 for IP 10.30.4.128: no connection to modbus server
[2024-11-27T06:42:34.725Z] Error reading or processing Modbus registers: no connection to modbus server
[2024-11-27T06:42:34.725Z] Error writing to Modbus register: no connection to modbus server
[2024-11-27T06:42:34.737Z] Error reading register 6507 for IP 10.30.4.128: no connection to modbus server
[2024-11-27T06:42:34.737Z] Error reading or processing Modbus registers: no connection to modbus server
[2024-11-27T06:42:34.739Z] Error writing to Modbus register: no connection to modbus server
[2024-11-27T06:42:35.632Z] Error reading register 6507 for IP 10.30.4.128: no connection to modbus server
[2024-11-27T06:42:35.632Z] Error reading or processing Modbus registers: no connection to modbus server
[2024-11-27T06:42:35.634Z] Error writing to Modbus register: no connection to modbus server
[2024-11-27T06:42:35.725Z] Error reading register 6507 for IP 10.30.4.128: no connection to modbus server
[2024-11-27T06:42:35.725Z] Error reading or processing Modbus registers: no connection to modbus server
[2024-11-27T06:42:35.726Z] Error writing to Modbus register: no connection to modbus server
[2024-11-27T06:42:35.737Z] Error reading register 6507 for IP 10.30.4.128: no connection to modbus server
[2024-11-27T06:42:35.737Z] Error reading or processing Modbus registers: no connection to modbus server
[2024-11-27T06:42:35.739Z] Error writing to Modbus register: no connection to modbus server
[2024-11-27T06:42:36.632Z] Error reading register 6507 for IP 10.30.4.128: no connection to modbus server
[2024-11-27T06:42:36.632Z] Error reading or processing Modbus registers: no connection to modbus server
[2024-11-27T06:42:36.634Z] Error writing to Modbus register: no connection to modbus server
[2024-11-27T06:42:36.725Z] Error reading register 6507 for IP 10.30.4.128: no connection to modbus server
[2024-11-27T06:42:36.725Z] Error reading or processing Modbus registers: no connection to modbus server
[2024-11-27T06:42:36.726Z] Error writing to Modbus register: no connection to modbus server
[2024-11-27T06:42:36.737Z] Error reading register 6507 for IP 10.30.4.128: no connection to modbus server
[2024-11-27T06:42:36.737Z] Error reading or processing Modbus registers: no connection to modbus server
[2024-11-27T06:42:36.739Z] Error writing to Modbus register: no connection to modbus server
[2024-11-27T06:42:37.633Z] Error reading register 6507 for IP 10.30.4.128: no connection to modbus server
[2024-11-27T06:42:37.633Z] Error reading or processing Modbus registers: no connection to modbus server
[2024-11-27T06:42:37.634Z] Error writing to Modbus register: no connection to modbus server
[2024-11-27T06:42:37.726Z] Error reading register 6507 for IP 10.30.4.128: no connection to modbus server
[2024-11-27T06:42:37.726Z] Error reading or processing Modbus registers: no connection to modbus server
[2024-11-27T06:42:37.726Z] Error writing to Modbus register: no connection to modbus server
[2024-11-27T06:42:37.737Z] Error reading register 6507 for IP 10.30.4.128: no connection to modbus server
[2024-11-27T06:42:37.737Z] Error reading or processing Modbus registers: no connection to modbus server
[2024-11-27T06:42:37.739Z] Error writing to Modbus register: no connection to modbus server
[2024-11-27T06:42:38.633Z] Error reading or processing Modbus registers: no connection to modbus server
[2024-11-27T06:42:38.633Z] Error reading register 6507 for IP 10.30.4.128: no connection to modbus server
[2024-11-27T06:42:38.633Z] Error writing to Modbus register: no connection to modbus server
[2024-11-27T06:42:38.726Z] Error reading register 6507 for IP 10.30.4.128: no connection to modbus server
[2024-11-27T06:42:38.726Z] Error reading or processing Modbus registers: no connection to modbus server
[2024-11-27T06:42:38.726Z] Error writing to Modbus register: no connection to modbus server
[2024-11-27T06:42:38.737Z] Error reading register 6507 for IP 10.30.4.128: no connection to modbus server
[2024-11-27T06:42:38.737Z] Error reading or processing Modbus registers: no connection to modbus server
[2024-11-27T06:42:38.739Z] Error writing to Modbus register: no connection to modbus server
[2024-11-27T06:42:39.634Z] Error reading register 6507 for IP 10.30.4.128: no connection to modbus server
[2024-11-27T06:42:39.635Z] Error writing to Modbus register: no connection to modbus server
[2024-11-27T06:42:39.634Z] Error reading or processing Modbus registers: no connection to modbus server
[2024-11-27T06:42:39.726Z] Error reading register 6507 for IP 10.30.4.128: no connection to modbus server
[2024-11-27T06:42:39.726Z] Error reading or processing Modbus registers: no connection to modbus server
[2024-11-27T06:42:39.726Z] Error writing to Modbus register: no connection to modbus server
[2024-11-27T06:42:39.737Z] Error reading register 6507 for IP 10.30.4.128: no connection to modbus server
[2024-11-27T06:42:39.737Z] Error reading or processing Modbus registers: no connection to modbus server
[2024-11-27T06:42:39.738Z] Error writing to Modbus register: no connection to modbus server
[2024-11-27T06:42:40.634Z] Error reading register 6507 for IP 10.30.4.128: no connection to modbus server
[2024-11-27T06:42:40.634Z] Error reading or processing Modbus registers: no connection to modbus server
[2024-11-27T06:42:40.634Z] Error writing to Modbus register: no connection to modbus server
[2024-11-27T06:42:40.726Z] Error reading register 6507 for IP 10.30.4.128: no connection to modbus server
[2024-11-27T06:42:40.726Z] Error reading or processing Modbus registers: no connection to modbus server
[2024-11-27T06:42:40.726Z] Error writing to Modbus register: no connection to modbus server
[2024-11-27T06:42:40.737Z] Error reading register 6507 for IP 10.30.4.128: no connection to modbus server
[2024-11-27T06:42:40.737Z] Error reading or processing Modbus registers: no connection to modbus server
[2024-11-27T06:42:40.739Z] Error writing to Modbus register: no connection to modbus server
[2024-11-27T06:42:41.634Z] Error reading register 6507 for IP 10.30.4.128: no connection to modbus server
[2024-11-27T06:42:41.635Z] Error reading or processing Modbus registers: no connection to modbus server
[2024-11-27T06:42:41.635Z] Error writing to Modbus register: no connection to modbus server
[2024-11-27T06:42:41.726Z] Error reading register 6507 for IP 10.30.4.128: no connection to modbus server
[2024-11-27T06:42:41.726Z] Error reading or processing Modbus registers: no connection to modbus server
[2024-11-27T06:42:41.726Z] Error writing to Modbus register: no connection to modbus server
[2024-11-27T06:42:41.737Z] Error reading register 6507 for IP 10.30.4.128: no connection to modbus server
[2024-11-27T06:42:41.737Z] Error reading or processing Modbus registers: no connection to modbus server
[2024-11-27T06:42:41.739Z] Error writing to Modbus register: no connection to modbus server
[2024-11-27T06:42:42.635Z] Error reading register 6507 for IP 10.30.4.128: no connection to modbus server
[2024-11-27T06:42:42.635Z] Error reading or processing Modbus registers: no connection to modbus server
[2024-11-27T06:42:42.636Z] Error writing to Modbus register: no connection to modbus server
[2024-11-27T06:42:42.726Z] Error reading register 6507 for IP 10.30.4.128: no connection to modbus server
[2024-11-27T06:42:42.726Z] Error reading or processing Modbus registers: no connection to modbus server
[2024-11-27T06:42:42.726Z] Error writing to Modbus register: no connection to modbus server
[2024-11-27T06:42:42.737Z] Error reading register 6507 for IP 10.30.4.128: no connection to modbus server
[2024-11-27T06:42:42.737Z] Error reading or processing Modbus registers: no connection to modbus server
[2024-11-27T06:42:42.739Z] Error writing to Modbus register: no connection to modbus server
[2024-11-27T06:42:43.635Z] Error reading register 6507 for IP 10.30.4.128: no connection to modbus server
[2024-11-27T06:42:43.635Z] Error reading or processing Modbus registers: no connection to modbus server
[2024-11-27T06:42:43.636Z] Error writing to Modbus register: no connection to modbus server
[2024-11-27T06:42:43.726Z] Error reading register 6507 for IP 10.30.4.128: no connection to modbus server
[2024-11-27T06:42:43.726Z] Error reading or processing Modbus registers: no connection to modbus server
[2024-11-27T06:42:43.726Z] Error writing to Modbus register: no connection to modbus server
[2024-11-27T06:42:43.738Z] Error reading register 6507 for IP 10.30.4.128: no connection to modbus server
[2024-11-27T06:42:43.738Z] Error reading or processing Modbus registers: no connection to modbus server
[2024-11-27T06:42:43.739Z] Error writing to Modbus register: no connection to modbus server
[2024-11-27T06:42:44.636Z] Error writing to Modbus register: no connection to modbus server
[2024-11-27T06:42:44.726Z] Error writing to Modbus register: no connection to modbus server
[2024-11-27T06:42:44.739Z] Error writing to Modbus register: no connection to modbus server
[2024-11-27T06:42:45.528Z] Error writing to Modbus register: no connection to modbus server
[2024-11-27T06:42:45.636Z] Error writing to Modbus register: no connection to modbus server
[2024-11-27T06:42:45.726Z] Error writing to Modbus register: no connection to modbus server
[2024-11-27T06:42:45.739Z] Error writing to Modbus register: no connection to modbus server
[2024-11-27T06:42:46.528Z] Error writing to Modbus register: no connection to modbus server
[2024-11-27T06:42:46.637Z] Error writing to Modbus register: no connection to modbus server
[2024-11-27T06:42:46.726Z] Error writing to Modbus register: no connection to modbus server
[2024-11-27T06:42:46.739Z] Error writing to Modbus register: no connection to modbus server
[2024-11-27T06:42:47.528Z] Error writing to Modbus register: no connection to modbus server
[2024-11-27T06:42:47.637Z] Error writing to Modbus register: no connection to modbus server
[2024-11-27T06:42:47.726Z] Error writing to Modbus register: no connection to modbus server
[2024-11-27T06:42:47.739Z] Error writing to Modbus register: no connection to modbus server
[2024-11-27T06:42:48.528Z] Error writing to Modbus register: no connection to modbus server
[2024-11-27T06:42:48.637Z] Error writing to Modbus register: no connection to modbus server
[2024-11-27T06:42:48.726Z] Error writing to Modbus register: no connection to modbus server
[2024-11-27T06:42:48.739Z] Error writing to Modbus register: no connection to modbus server
[2024-11-27T06:42:49.528Z] Error writing to Modbus register: no connection to modbus server
[2024-11-27T06:42:49.637Z] Error writing to Modbus register: no connection to modbus server
[2024-11-27T06:42:49.726Z] Error writing to Modbus register: no connection to modbus server
[2024-11-27T06:42:49.739Z] Error writing to Modbus register: no connection to modbus server
[2024-11-27T06:42:50.528Z] Error writing to Modbus register: no connection to modbus server
[2024-11-27T06:42:50.638Z] Error writing to Modbus register: no connection to modbus server
[2024-11-27T06:42:50.726Z] Error writing to Modbus register: no connection to modbus server
[2024-11-27T06:42:50.739Z] Error writing to Modbus register: no connection to modbus server
[2024-11-27T06:42:51.528Z] Error writing to Modbus register: no connection to modbus server
[2024-11-27T06:42:51.638Z] Error writing to Modbus register: no connection to modbus server
[2024-11-27T06:42:51.726Z] Error writing to Modbus register: no connection to modbus server
[2024-11-27T06:42:51.739Z] Error writing to Modbus register: no connection to modbus server
[2024-11-27T06:42:52.528Z] Error writing to Modbus register: no connection to modbus server
[2024-11-27T06:42:52.638Z] Error writing to Modbus register: no connection to modbus server
[2024-11-27T06:42:52.726Z] Error writing to Modbus register: no connection to modbus server
[2024-11-27T06:42:52.739Z] Error writing to Modbus register: no connection to modbus server
[2024-11-27T06:42:53.528Z] Error writing to Modbus register: no connection to modbus server
[2024-11-27T06:42:53.638Z] Error writing to Modbus register: no connection to modbus server
[2024-11-27T06:42:53.726Z] Error writing to Modbus register: no connection to modbus server
[2024-11-27T06:42:53.739Z] Error writing to Modbus register: no connection to modbus server
[2024-11-27T06:42:54.529Z] Error writing to Modbus register: no connection to modbus server
[2024-11-27T06:42:54.638Z] Error writing to Modbus register: no connection to modbus server
[2024-11-27T06:42:54.726Z] Error writing to Modbus register: no connection to modbus server
[2024-11-27T06:42:54.739Z] Error writing to Modbus register: no connection to modbus server
[2024-11-27T06:42:55.529Z] Error writing to Modbus register: no connection to modbus server
[2024-11-27T06:42:55.538Z] Error writing to Modbus register: no connection to modbus server
[2024-11-27T06:42:55.638Z] Error writing to Modbus register: no connection to modbus server
[2024-11-27T06:43:30.193Z] Error writing to Modbus register: no connection to modbus server
[2024-11-27T06:43:31.193Z] Error writing to Modbus register: no connection to modbus server
[2024-11-27T06:43:32.206Z] Error writing to Modbus register: no connection to modbus server
[2024-11-27T06:43:33.210Z] Error writing to Modbus register: no connection to modbus server
[2024-11-27T06:43:34.215Z] Error writing to Modbus register: no connection to modbus server
[2024-11-27T06:43:35.219Z] Error writing to Modbus register: no connection to modbus server
[2024-11-27T06:43:36.232Z] Error writing to Modbus register: no connection to modbus server
[2024-11-27T06:43:37.232Z] Error writing to Modbus register: no connection to modbus server
[2024-11-27T06:43:38.247Z] Error writing to Modbus register: no connection to modbus server
[2024-11-27T06:43:39.260Z] Error reading register 6507 for IP 10.30.4.128: no connection to modbus server
[2024-11-27T06:43:39.260Z] Error reading or processing Modbus registers: no connection to modbus server
[2024-11-27T06:43:39.260Z] Error writing to Modbus register: no connection to modbus server
[2024-11-27T06:43:40.274Z] Error reading register 6507 for IP 10.30.4.128: no connection to modbus server
[2024-11-27T06:43:40.275Z] Error writing to Modbus register: no connection to modbus server
[2024-11-27T06:43:40.274Z] Error reading or processing Modbus registers: no connection to modbus server
[2024-11-27T06:43:41.279Z] Error reading register 6507 for IP 10.30.4.128: no connection to modbus server
[2024-11-27T06:43:41.279Z] Error reading or processing Modbus registers: no connection to modbus server
[2024-11-27T06:43:41.279Z] Error writing to Modbus register: no connection to modbus server
[2024-11-27T06:43:42.284Z] Error reading register 6507 for IP 10.30.4.128: no connection to modbus server
[2024-11-27T06:43:42.285Z] Error reading or processing Modbus registers: no connection to modbus server
[2024-11-27T06:43:42.285Z] Error writing to Modbus register: no connection to modbus server
[2024-11-27T06:43:43.288Z] Error reading register 6507 for IP 10.30.4.128: no connection to modbus server
[2024-11-27T06:43:43.288Z] Error writing to Modbus register: no connection to modbus server
[2024-11-27T06:43:43.288Z] Error reading or processing Modbus registers: no connection to modbus server
[2024-11-27T06:43:44.292Z] Error reading register 6507 for IP 10.30.4.128: no connection to modbus server
[2024-11-27T06:43:44.292Z] Error reading or processing Modbus registers: no connection to modbus server
[2024-11-27T06:43:44.292Z] Error writing to Modbus register: no connection to modbus server
[2024-11-27T06:45:19.233Z] Error writing to Modbus register: no connection to modbus server
[2024-11-27T06:45:20.232Z] Error writing to Modbus register: no connection to modbus server
[2024-11-27T06:45:21.232Z] Error writing to Modbus register: no connection to modbus server
[2024-11-27T06:45:22.232Z] Error writing to Modbus register: no connection to modbus server
[2024-11-27T06:47:55.974Z] Device at 10.30.4.128 is not reachable. Skipping connection attempt.
[2024-11-27T06:48:03.974Z] Device at 10.30.4.128 is not reachable. Skipping connection attempt.
[2024-11-27T06:49:18.767Z] Unable to connect to device at 10.30.4.128: read ECONNRESET
[2024-11-27T06:49:18.770Z] Error reading register 6507 for IP 10.30.4.128: rejecting because of earlier OutOfSync error
[2024-11-27T06:49:18.770Z] Error writing to Modbus register: rejecting because of earlier OutOfSync error
[2024-11-27T06:49:18.770Z] Error reading register 6507 for IP 10.30.4.128: rejecting because of earlier OutOfSync error
[2024-11-27T06:49:18.770Z] Error writing to Modbus register: rejecting because of earlier OutOfSync error
[2024-11-27T06:49:18.770Z] Error reading or processing Modbus registers: connection to modbus server closed
[2024-11-27T06:49:18.770Z] Error reading or processing Modbus registers: rejecting because of earlier OutOfSync error
[2024-11-27T06:49:18.870Z] Error reading register 6507 for IP 10.30.4.128: no connection to modbus server
[2024-11-27T06:49:18.871Z] Error reading or processing Modbus registers: no connection to modbus server
[2024-11-27T06:49:18.871Z] Error writing to Modbus register: no connection to modbus server
[2024-11-27T06:49:19.870Z] Error reading register 6507 for IP 10.30.4.128: no connection to modbus server
[2024-11-27T06:49:19.871Z] Error reading or processing Modbus registers: no connection to modbus server
[2024-11-27T06:49:19.871Z] Error writing to Modbus register: no connection to modbus server
[2024-11-27T06:49:20.884Z] Error reading or processing Modbus registers: no connection to modbus server
[2024-11-27T06:49:20.884Z] Error reading register 6507 for IP 10.30.4.128: no connection to modbus server
[2024-11-27T06:49:20.885Z] Error writing to Modbus register: no connection to modbus server
[2024-11-27T06:49:21.887Z] Error reading register 6507 for IP 10.30.4.128: no connection to modbus server
[2024-11-27T06:49:21.887Z] Error reading or processing Modbus registers: no connection to modbus server
[2024-11-27T06:49:21.887Z] Error writing to Modbus register: no connection to modbus server
[2024-11-27T06:49:22.900Z] Error reading register 6507 for IP 10.30.4.128: no connection to modbus server
[2024-11-27T06:49:22.900Z] Error reading or processing Modbus registers: no connection to modbus server
[2024-11-27T06:49:22.900Z] Error writing to Modbus register: no connection to modbus server
[2024-11-27T06:52:36.955Z] Unable to connect to device at 10.30.4.128: read ECONNRESET
[2024-11-27T06:52:36.957Z] Error reading register 6507 for IP 10.30.4.128: rejecting because of earlier OutOfSync error
[2024-11-27T06:52:36.957Z] Error reading register 6507 for IP 10.30.4.128: rejecting because of earlier OutOfSync error
[2024-11-27T06:52:36.957Z] Error writing to Modbus register: rejecting because of earlier OutOfSync error
[2024-11-27T06:52:36.957Z] Error reading register 6507 for IP 10.30.4.128: rejecting because of earlier OutOfSync error
[2024-11-27T06:52:36.957Z] Error reading or processing Modbus registers: connection to modbus server closed
[2024-11-27T06:52:36.958Z] Error reading or processing Modbus registers: rejecting because of earlier OutOfSync error
[2024-11-27T06:52:36.957Z] Error writing to Modbus register: rejecting because of earlier OutOfSync error
[2024-11-27T06:52:36.957Z] Error writing to Modbus register: rejecting because of earlier OutOfSync error
[2024-11-27T06:52:36.958Z] Error reading or processing Modbus registers: rejecting because of earlier OutOfSync error
[2024-11-27T06:52:37.098Z] Error reading register 6507 for IP 10.30.4.128: no connection to modbus server
[2024-11-27T06:52:37.098Z] Error reading or processing Modbus registers: no connection to modbus server
[2024-11-27T06:52:37.099Z] Error writing to Modbus register: no connection to modbus server
[2024-11-27T06:52:38.101Z] Error reading register 6507 for IP 10.30.4.128: no connection to modbus server
[2024-11-27T06:52:38.101Z] Error reading or processing Modbus registers: no connection to modbus server
[2024-11-27T06:52:38.102Z] Error writing to Modbus register: no connection to modbus server
[2024-11-27T06:52:39.103Z] Error reading register 6507 for IP 10.30.4.128: no connection to modbus server
[2024-11-27T06:52:39.103Z] Error reading or processing Modbus registers: no connection to modbus server
[2024-11-27T06:52:39.103Z] Error writing to Modbus register: no connection to modbus server
[2024-11-27T06:52:40.110Z] Error reading register 6507 for IP 10.30.4.128: no connection to modbus server
[2024-11-27T06:52:40.110Z] Error reading or processing Modbus registers: no connection to modbus server
[2024-11-27T06:52:40.110Z] Error writing to Modbus register: no connection to modbus server
[2024-11-27T06:52:41.113Z] Error reading register 6507 for IP 10.30.4.128: no connection to modbus server
[2024-11-27T06:52:41.113Z] Error reading or processing Modbus registers: no connection to modbus server
[2024-11-27T06:52:41.113Z] Error writing to Modbus register: no connection to modbus server
[2024-11-27T06:52:42.126Z] Error reading register 6507 for IP 10.30.4.128: no connection to modbus server
[2024-11-27T06:52:42.126Z] Error reading or processing Modbus registers: no connection to modbus server
[2024-11-27T06:52:42.127Z] Error writing to Modbus register: no connection to modbus server
[2024-11-27T06:52:43.128Z] Error reading register 6507 for IP 10.30.4.128: no connection to modbus server
[2024-11-27T06:52:43.128Z] Error reading or processing Modbus registers: no connection to modbus server
[2024-11-27T06:52:43.129Z] Error writing to Modbus register: no connection to modbus server
[2024-11-27T06:52:44.135Z] Error reading register 6507 for IP 10.30.4.128: no connection to modbus server
[2024-11-27T06:52:44.136Z] Error reading or processing Modbus registers: no connection to modbus server
[2024-11-27T06:52:44.136Z] Error writing to Modbus register: no connection to modbus server
[2024-11-27T06:52:45.135Z] Error reading register 6507 for IP 10.30.4.128: no connection to modbus server
[2024-11-27T06:52:45.136Z] Error reading or processing Modbus registers: no connection to modbus server
[2024-11-27T06:52:45.136Z] Error writing to Modbus register: no connection to modbus server
[2024-11-27T06:52:46.151Z] Error reading register 6507 for IP 10.30.4.128: no connection to modbus server
[2024-11-27T06:52:46.151Z] Error reading or processing Modbus registers: no connection to modbus server
[2024-11-27T06:52:46.151Z] Error writing to Modbus register: no connection to modbus server
[2024-11-27T06:52:47.166Z] Error reading register 6507 for IP 10.30.4.128: no connection to modbus server
[2024-11-27T06:52:47.166Z] Error reading or processing Modbus registers: no connection to modbus server
[2024-11-27T06:52:47.166Z] Error writing to Modbus register: no connection to modbus server
[2024-11-27T06:52:48.166Z] Error reading register 6507 for IP 10.30.4.128: no connection to modbus server
[2024-11-27T06:52:48.166Z] Error reading or processing Modbus registers: no connection to modbus server
[2024-11-27T06:52:48.167Z] Error writing to Modbus register: no connection to modbus server
[2024-11-27T06:52:49.168Z] Error reading register 6507 for IP 10.30.4.128: no connection to modbus server
[2024-11-27T06:52:49.168Z] Error reading or processing Modbus registers: no connection to modbus server
[2024-11-27T06:52:49.169Z] Error writing to Modbus register: no connection to modbus server
[2024-11-27T06:52:50.170Z] Error reading register 6507 for IP 10.30.4.128: no connection to modbus server
[2024-11-27T06:52:50.171Z] Error reading or processing Modbus registers: no connection to modbus server
[2024-11-27T06:52:50.171Z] Error writing to Modbus register: no connection to modbus server
[2024-11-27T06:52:51.173Z] Error reading register 6507 for IP 10.30.4.128: no connection to modbus server
[2024-11-27T06:52:51.174Z] Error reading or processing Modbus registers: no connection to modbus server
[2024-11-27T06:52:51.174Z] Error writing to Modbus register: no connection to modbus server
[2024-11-27T06:52:52.177Z] Error reading register 6507 for IP 10.30.4.128: no connection to modbus server
[2024-11-27T06:52:52.178Z] Error reading or processing Modbus registers: no connection to modbus server
[2024-11-27T06:52:52.178Z] Error writing to Modbus register: no connection to modbus server
[2024-11-27T06:52:53.191Z] Error reading register 6507 for IP 10.30.4.128: no connection to modbus server
[2024-11-27T06:52:53.192Z] Error reading or processing Modbus registers: no connection to modbus server
[2024-11-27T06:52:53.192Z] Error writing to Modbus register: no connection to modbus server
[2024-11-27T06:52:54.193Z] Error reading register 6507 for IP 10.30.4.128: no connection to modbus server
[2024-11-27T06:52:54.193Z] Error reading or processing Modbus registers: no connection to modbus server
[2024-11-27T06:52:54.194Z] Error writing to Modbus register: no connection to modbus server
[2024-11-27T06:52:55.194Z] Error reading register 6507 for IP 10.30.4.128: no connection to modbus server
[2024-11-27T06:52:55.194Z] Error reading or processing Modbus registers: no connection to modbus server
[2024-11-27T06:52:55.195Z] Error writing to Modbus register: no connection to modbus server
[2024-11-27T06:52:56.207Z] Error reading register 6507 for IP 10.30.4.128: no connection to modbus server
[2024-11-27T06:52:56.208Z] Error reading or processing Modbus registers: no connection to modbus server
[2024-11-27T06:52:56.208Z] Error writing to Modbus register: no connection to modbus server
[2024-11-27T06:52:57.212Z] Error reading register 6507 for IP 10.30.4.128: no connection to modbus server
[2024-11-27T06:52:57.212Z] Error reading or processing Modbus registers: no connection to modbus server
[2024-11-27T06:52:57.212Z] Error writing to Modbus register: no connection to modbus server
[2024-11-27T06:52:58.215Z] Error reading register 6507 for IP 10.30.4.128: no connection to modbus server
[2024-11-27T06:52:58.216Z] Error reading or processing Modbus registers: no connection to modbus server
[2024-11-27T06:52:58.216Z] Error writing to Modbus register: no connection to modbus server
[2024-11-27T06:52:59.228Z] Error reading register 6507 for IP 10.30.4.128: no connection to modbus server
[2024-11-27T06:52:59.228Z] Error reading or processing Modbus registers: no connection to modbus server
[2024-11-27T06:52:59.228Z] Error writing to Modbus register: no connection to modbus server
[2024-11-27T06:53:00.230Z] Error reading register 6507 for IP 10.30.4.128: no connection to modbus server
[2024-11-27T06:53:00.230Z] Error reading or processing Modbus registers: no connection to modbus server
[2024-11-27T06:53:00.231Z] Error writing to Modbus register: no connection to modbus server
[2024-11-27T06:53:01.231Z] Error reading register 6507 for IP 10.30.4.128: no connection to modbus server
[2024-11-27T06:53:01.231Z] Error writing to Modbus register: no connection to modbus server
[2024-11-27T06:53:01.231Z] Error reading or processing Modbus registers: no connection to modbus server
[2024-11-27T06:53:02.235Z] Error reading register 6507 for IP 10.30.4.128: no connection to modbus server
[2024-11-27T06:53:02.235Z] Error reading or processing Modbus registers: no connection to modbus server
[2024-11-27T06:53:02.236Z] Error writing to Modbus register: no connection to modbus server
[2024-11-27T06:53:03.239Z] Error reading register 6507 for IP 10.30.4.128: no connection to modbus server
[2024-11-27T06:53:03.239Z] Error reading or processing Modbus registers: no connection to modbus server
[2024-11-27T06:53:03.240Z] Error writing to Modbus register: no connection to modbus server
[2024-11-27T06:53:04.245Z] Error reading register 6507 for IP 10.30.4.128: no connection to modbus server
[2024-11-27T06:53:04.245Z] Error reading or processing Modbus registers: no connection to modbus server
[2024-11-27T06:53:04.246Z] Error writing to Modbus register: no connection to modbus server
[2024-11-27T06:53:05.248Z] Error reading register 6507 for IP 10.30.4.128: no connection to modbus server
[2024-11-27T06:53:05.248Z] Error reading or processing Modbus registers: no connection to modbus server
[2024-11-27T06:53:05.248Z] Error writing to Modbus register: no connection to modbus server
[2024-11-27T06:53:06.249Z] Error reading register 6507 for IP 10.30.4.128: no connection to modbus server
[2024-11-27T06:53:06.249Z] Error writing to Modbus register: no connection to modbus server
[2024-11-27T06:53:06.249Z] Error reading or processing Modbus registers: no connection to modbus server
[2024-11-27T06:53:07.263Z] Error reading register 6507 for IP 10.30.4.128: no connection to modbus server
[2024-11-27T06:53:07.263Z] Error reading or processing Modbus registers: no connection to modbus server
[2024-11-27T06:53:07.264Z] Error writing to Modbus register: no connection to modbus server
[2024-11-27T06:53:08.267Z] Error reading register 6507 for IP 10.30.4.128: no connection to modbus server
[2024-11-27T06:53:08.268Z] Error reading or processing Modbus registers: no connection to modbus server
[2024-11-27T06:53:08.268Z] Error writing to Modbus register: no connection to modbus server
[2024-11-27T06:53:09.280Z] Error reading register 6507 for IP 10.30.4.128: no connection to modbus server
[2024-11-27T06:53:09.280Z] Error reading or processing Modbus registers: no connection to modbus server
[2024-11-27T06:53:09.281Z] Error writing to Modbus register: no connection to modbus server
[2024-11-27T06:53:10.296Z] Error reading register 6507 for IP 10.30.4.128: no connection to modbus server
[2024-11-27T06:53:10.296Z] Error reading or processing Modbus registers: no connection to modbus server
[2024-11-27T06:53:10.296Z] Error writing to Modbus register: no connection to modbus server
[2024-11-27T06:53:11.297Z] Error reading register 6507 for IP 10.30.4.128: no connection to modbus server
[2024-11-27T06:53:11.297Z] Error reading or processing Modbus registers: no connection to modbus server
[2024-11-27T06:53:11.297Z] Error writing to Modbus register: no connection to modbus server
[2024-11-27T06:53:12.309Z] Error reading register 6507 for IP 10.30.4.128: no connection to modbus server
[2024-11-27T06:53:12.309Z] Error reading or processing Modbus registers: no connection to modbus server
[2024-11-27T06:53:12.309Z] Error writing to Modbus register: no connection to modbus server
[2024-11-27T06:53:13.323Z] Error reading register 6507 for IP 10.30.4.128: no connection to modbus server
[2024-11-27T06:53:13.323Z] Error reading or processing Modbus registers: no connection to modbus server
[2024-11-27T06:53:13.323Z] Error writing to Modbus register: no connection to modbus server
[2024-11-27T06:53:14.336Z] Error reading register 6507 for IP 10.30.4.128: no connection to modbus server
[2024-11-27T06:53:14.337Z] Error reading or processing Modbus registers: no connection to modbus server
[2024-11-27T06:53:14.337Z] Error writing to Modbus register: no connection to modbus server
[2024-11-27T06:53:15.338Z] Error reading register 6507 for IP 10.30.4.128: no connection to modbus server
[2024-11-27T06:53:15.338Z] Error reading or processing Modbus registers: no connection to modbus server
[2024-11-27T06:53:15.338Z] Error writing to Modbus register: no connection to modbus server
[2024-11-27T06:53:16.339Z] Error reading register 6507 for IP 10.30.4.128: no connection to modbus server
[2024-11-27T06:53:16.340Z] Error writing to Modbus register: no connection to modbus server
[2024-11-27T06:53:16.339Z] Error reading or processing Modbus registers: no connection to modbus server
[2024-11-27T06:53:17.353Z] Error reading register 6507 for IP 10.30.4.128: no connection to modbus server
[2024-11-27T06:53:17.353Z] Error reading or processing Modbus registers: no connection to modbus server
[2024-11-27T06:53:17.353Z] Error writing to Modbus register: no connection to modbus server
[2024-11-27T06:53:18.354Z] Error reading register 6507 for IP 10.30.4.128: no connection to modbus server
[2024-11-27T06:53:18.354Z] Error reading or processing Modbus registers: no connection to modbus server
[2024-11-27T06:53:18.354Z] Error writing to Modbus register: no connection to modbus server
[2024-11-27T06:53:19.356Z] Error reading register 6507 for IP 10.30.4.128: no connection to modbus server
[2024-11-27T06:53:19.356Z] Error reading or processing Modbus registers: no connection to modbus server
[2024-11-27T06:53:19.356Z] Error writing to Modbus register: no connection to modbus server
[2024-11-27T06:53:20.357Z] Error reading register 6507 for IP 10.30.4.128: no connection to modbus server
[2024-11-27T06:53:20.357Z] Error reading or processing Modbus registers: no connection to modbus server
[2024-11-27T06:53:20.358Z] Error writing to Modbus register: no connection to modbus server
[2024-11-27T06:53:21.370Z] Error reading register 6507 for IP 10.30.4.128: no connection to modbus server
[2024-11-27T06:53:21.370Z] Error reading or processing Modbus registers: no connection to modbus server
[2024-11-27T06:53:21.371Z] Error writing to Modbus register: no connection to modbus server
[2024-11-27T06:53:22.383Z] Error reading register 6507 for IP 10.30.4.128: no connection to modbus server
[2024-11-27T06:53:22.383Z] Error reading or processing Modbus registers: no connection to modbus server
[2024-11-27T06:53:22.383Z] Error writing to Modbus register: no connection to modbus server
[2024-11-27T06:53:23.384Z] Error reading register 6507 for IP 10.30.4.128: no connection to modbus server
[2024-11-27T06:53:23.384Z] Error writing to Modbus register: no connection to modbus server
[2024-11-27T06:53:23.384Z] Error reading or processing Modbus registers: no connection to modbus server
[2024-11-27T06:53:24.388Z] Error reading register 6507 for IP 10.30.4.128: no connection to modbus server
[2024-11-27T06:53:24.388Z] Error reading or processing Modbus registers: no connection to modbus server
[2024-11-27T06:53:24.389Z] Error writing to Modbus register: no connection to modbus server
[2024-11-27T06:53:25.393Z] Error reading register 6507 for IP 10.30.4.128: no connection to modbus server
[2024-11-27T06:53:25.394Z] Error reading or processing Modbus registers: no connection to modbus server
[2024-11-27T06:53:25.394Z] Error writing to Modbus register: no connection to modbus server
[2024-11-27T06:53:26.398Z] Error reading register 6507 for IP 10.30.4.128: no connection to modbus server
[2024-11-27T06:53:26.398Z] Error reading or processing Modbus registers: no connection to modbus server
[2024-11-27T06:53:26.399Z] Error writing to Modbus register: no connection to modbus server
[2024-11-27T06:53:27.403Z] Error reading register 6507 for IP 10.30.4.128: no connection to modbus server
[2024-11-27T06:53:27.403Z] Error reading or processing Modbus registers: no connection to modbus server
[2024-11-27T06:53:27.403Z] Error writing to Modbus register: no connection to modbus server
[2024-11-27T06:53:28.417Z] Error reading register 6507 for IP 10.30.4.128: no connection to modbus server
[2024-11-27T06:53:28.417Z] Error reading or processing Modbus registers: no connection to modbus server
[2024-11-27T06:53:28.417Z] Error writing to Modbus register: no connection to modbus server
[2024-11-27T06:53:29.431Z] Error reading register 6507 for IP 10.30.4.128: no connection to modbus server
[2024-11-27T06:53:29.431Z] Error reading or processing Modbus registers: no connection to modbus server
[2024-11-27T06:53:29.431Z] Error writing to Modbus register: no connection to modbus server
[2024-11-27T06:53:30.444Z] Error reading register 6507 for IP 10.30.4.128: no connection to modbus server
[2024-11-27T06:53:30.445Z] Error reading or processing Modbus registers: no connection to modbus server
[2024-11-27T06:53:30.445Z] Error writing to Modbus register: no connection to modbus server
[2024-11-27T06:53:31.446Z] Error reading register 6507 for IP 10.30.4.128: no connection to modbus server
[2024-11-27T06:53:31.446Z] Error reading or processing Modbus registers: no connection to modbus server
[2024-11-27T06:53:31.447Z] Error writing to Modbus register: no connection to modbus server
[2024-11-27T06:53:32.447Z] Error reading register 6507 for IP 10.30.4.128: no connection to modbus server
[2024-11-27T06:53:32.447Z] Error reading or processing Modbus registers: no connection to modbus server
[2024-11-27T06:53:32.447Z] Error writing to Modbus register: no connection to modbus server
[2024-11-27T06:53:33.448Z] Error reading register 6507 for IP 10.30.4.128: no connection to modbus server
[2024-11-27T06:53:33.448Z] Error reading or processing Modbus registers: no connection to modbus server
[2024-11-27T06:53:33.448Z] Error writing to Modbus register: no connection to modbus server
[2024-11-27T06:53:34.462Z] Error reading register 6507 for IP 10.30.4.128: no connection to modbus server
[2024-11-27T06:53:34.463Z] Error reading or processing Modbus registers: no connection to modbus server
[2024-11-27T06:53:34.463Z] Error writing to Modbus register: no connection to modbus server
[2024-11-27T06:53:35.466Z] Error reading register 6507 for IP 10.30.4.128: no connection to modbus server
[2024-11-27T06:53:35.466Z] Error reading or processing Modbus registers: no connection to modbus server
[2024-11-27T06:53:35.467Z] Error writing to Modbus register: no connection to modbus server
[2024-11-27T06:53:36.482Z] Error reading register 6507 for IP 10.30.4.128: no connection to modbus server
[2024-11-27T06:53:36.482Z] Error reading or processing Modbus registers: no connection to modbus server
[2024-11-27T06:53:36.482Z] Error writing to Modbus register: no connection to modbus server
[2024-11-27T06:53:37.486Z] Error reading register 6507 for IP 10.30.4.128: no connection to modbus server
[2024-11-27T06:53:37.486Z] Error reading or processing Modbus registers: no connection to modbus server
[2024-11-27T06:53:37.486Z] Error writing to Modbus register: no connection to modbus server
[2024-11-27T06:53:38.491Z] Error reading register 6507 for IP 10.30.4.128: no connection to modbus server
[2024-11-27T06:53:38.492Z] Error reading or processing Modbus registers: no connection to modbus server
[2024-11-27T06:53:38.492Z] Error writing to Modbus register: no connection to modbus server
[2024-11-27T06:53:39.494Z] Error reading register 6507 for IP 10.30.4.128: no connection to modbus server
[2024-11-27T06:53:39.494Z] Error reading or processing Modbus registers: no connection to modbus server
[2024-11-27T06:53:39.494Z] Error writing to Modbus register: no connection to modbus server
[2024-11-27T06:53:40.494Z] Error reading register 6507 for IP 10.30.4.128: no connection to modbus server
[2024-11-27T06:53:40.494Z] Error reading or processing Modbus registers: no connection to modbus server
[2024-11-27T06:53:40.495Z] Error writing to Modbus register: no connection to modbus server
[2024-11-27T06:53:41.508Z] Error reading register 6507 for IP 10.30.4.128: no connection to modbus server
[2024-11-27T06:53:41.508Z] Error reading or processing Modbus registers: no connection to modbus server
[2024-11-27T06:53:41.508Z] Error writing to Modbus register: no connection to modbus server
[2024-11-27T06:53:42.509Z] Error reading register 6507 for IP 10.30.4.128: no connection to modbus server
[2024-11-27T06:53:42.510Z] Error reading or processing Modbus registers: no connection to modbus server
[2024-11-27T06:53:42.510Z] Error writing to Modbus register: no connection to modbus server
[2024-11-27T06:53:43.524Z] Error reading register 6507 for IP 10.30.4.128: no connection to modbus server
[2024-11-27T06:53:43.525Z] Error reading or processing Modbus registers: no connection to modbus server
[2024-11-27T06:53:43.525Z] Error writing to Modbus register: no connection to modbus server
[2024-11-27T06:53:44.530Z] Error reading register 6507 for IP 10.30.4.128: no connection to modbus server
[2024-11-27T06:53:44.530Z] Error reading or processing Modbus registers: no connection to modbus server
[2024-11-27T06:53:44.531Z] Error writing to Modbus register: no connection to modbus server
[2024-11-27T06:53:45.544Z] Error reading register 6507 for IP 10.30.4.128: no connection to modbus server
[2024-11-27T06:53:45.544Z] Error reading or processing Modbus registers: no connection to modbus server
[2024-11-27T06:53:45.545Z] Error writing to Modbus register: no connection to modbus server
[2024-11-27T06:53:46.559Z] Error reading register 6507 for IP 10.30.4.128: no connection to modbus server
[2024-11-27T06:53:46.559Z] Error reading or processing Modbus registers: no connection to modbus server
[2024-11-27T06:53:46.559Z] Error writing to Modbus register: no connection to modbus server
[2024-11-27T06:53:47.574Z] Error reading register 6507 for IP 10.30.4.128: no connection to modbus server
[2024-11-27T06:53:47.574Z] Error reading or processing Modbus registers: no connection to modbus server
[2024-11-27T06:53:47.574Z] Error writing to Modbus register: no connection to modbus server
[2024-11-27T06:53:48.590Z] Error reading register 6507 for IP 10.30.4.128: no connection to modbus server
[2024-11-27T06:53:48.590Z] Error reading or processing Modbus registers: no connection to modbus server
[2024-11-27T06:53:48.590Z] Error writing to Modbus register: no connection to modbus server
[2024-11-27T06:53:49.604Z] Error reading register 6507 for IP 10.30.4.128: no connection to modbus server
[2024-11-27T06:53:49.604Z] Error reading or processing Modbus registers: no connection to modbus server
[2024-11-27T06:53:49.604Z] Error writing to Modbus register: no connection to modbus server
[2024-11-27T06:53:50.617Z] Error reading register 6507 for IP 10.30.4.128: no connection to modbus server
[2024-11-27T06:53:50.618Z] Error writing to Modbus register: no connection to modbus server
[2024-11-27T06:53:50.617Z] Error reading or processing Modbus registers: no connection to modbus server
[2024-11-27T06:53:51.633Z] Error reading register 6507 for IP 10.30.4.128: no connection to modbus server
[2024-11-27T06:53:51.633Z] Error reading or processing Modbus registers: no connection to modbus server
[2024-11-27T06:53:51.634Z] Error writing to Modbus register: no connection to modbus server
[2024-11-27T06:53:52.633Z] Error reading register 6507 for IP 10.30.4.128: no connection to modbus server
[2024-11-27T06:53:52.633Z] Error reading or processing Modbus registers: no connection to modbus server
[2024-11-27T06:53:52.634Z] Error writing to Modbus register: no connection to modbus server
[2024-11-27T06:53:53.646Z] Error reading register 6507 for IP 10.30.4.128: no connection to modbus server
[2024-11-27T06:53:53.646Z] Error reading or processing Modbus registers: no connection to modbus server
[2024-11-27T06:53:53.646Z] Error writing to Modbus register: no connection to modbus server
[2024-11-27T06:53:54.660Z] Error reading register 6507 for IP 10.30.4.128: no connection to modbus server
[2024-11-27T06:53:54.660Z] Error reading or processing Modbus registers: no connection to modbus server
[2024-11-27T06:53:54.660Z] Error writing to Modbus register: no connection to modbus server
[2024-11-27T06:53:55.664Z] Error reading register 6507 for IP 10.30.4.128: no connection to modbus server
[2024-11-27T06:53:55.664Z] Error reading or processing Modbus registers: no connection to modbus server
[2024-11-27T06:53:55.664Z] Error writing to Modbus register: no connection to modbus server
[2024-11-27T06:53:56.663Z] Error reading register 6507 for IP 10.30.4.128: no connection to modbus server
[2024-11-27T06:53:56.664Z] Error reading or processing Modbus registers: no connection to modbus server
[2024-11-27T06:53:56.664Z] Error writing to Modbus register: no connection to modbus server
[2024-11-27T06:53:57.669Z] Error reading register 6507 for IP 10.30.4.128: no connection to modbus server
[2024-11-27T06:53:57.670Z] Error reading or processing Modbus registers: no connection to modbus server
[2024-11-27T06:53:57.670Z] Error writing to Modbus register: no connection to modbus server
[2024-11-27T06:53:58.671Z] Error reading register 6507 for IP 10.30.4.128: no connection to modbus server
[2024-11-27T06:53:58.671Z] Error reading or processing Modbus registers: no connection to modbus server
[2024-11-27T06:53:58.672Z] Error writing to Modbus register: no connection to modbus server
[2024-11-27T06:53:59.674Z] Error reading register 6507 for IP 10.30.4.128: no connection to modbus server
[2024-11-27T06:53:59.674Z] Error reading or processing Modbus registers: no connection to modbus server
[2024-11-27T06:53:59.675Z] Error writing to Modbus register: no connection to modbus server
[2024-11-27T06:54:00.677Z] Error reading register 6507 for IP 10.30.4.128: no connection to modbus server
[2024-11-27T06:54:00.677Z] Error reading or processing Modbus registers: no connection to modbus server
[2024-11-27T06:54:00.677Z] Error writing to Modbus register: no connection to modbus server
[2024-11-27T06:54:01.677Z] Error reading register 6507 for IP 10.30.4.128: no connection to modbus server
[2024-11-27T06:54:01.677Z] Error reading or processing Modbus registers: no connection to modbus server
[2024-11-27T06:54:01.677Z] Error writing to Modbus register: no connection to modbus server
[2024-11-27T06:54:02.690Z] Error reading register 6507 for IP 10.30.4.128: no connection to modbus server
[2024-11-27T06:54:02.690Z] Error reading or processing Modbus registers: no connection to modbus server
[2024-11-27T06:54:02.690Z] Error writing to Modbus register: no connection to modbus server
[2024-11-27T06:54:03.694Z] Error reading register 6507 for IP 10.30.4.128: no connection to modbus server
[2024-11-27T06:54:03.694Z] Error reading or processing Modbus registers: no connection to modbus server
[2024-11-27T06:54:03.694Z] Error writing to Modbus register: no connection to modbus server
[2024-11-27T06:54:04.710Z] Error reading register 6507 for IP 10.30.4.128: no connection to modbus server
[2024-11-27T06:54:04.710Z] Error reading or processing Modbus registers: no connection to modbus server
[2024-11-27T06:54:04.711Z] Error writing to Modbus register: no connection to modbus server
[2024-11-27T06:54:05.711Z] Error reading register 6507 for IP 10.30.4.128: no connection to modbus server
[2024-11-27T06:54:05.711Z] Error reading or processing Modbus registers: no connection to modbus server
[2024-11-27T06:54:05.711Z] Error writing to Modbus register: no connection to modbus server
[2024-11-27T06:54:06.713Z] Error reading register 6507 for IP 10.30.4.128: no connection to modbus server
[2024-11-27T06:54:06.713Z] Error reading or processing Modbus registers: no connection to modbus server
[2024-11-27T06:54:06.714Z] Error writing to Modbus register: no connection to modbus server
[2024-11-27T06:54:07.730Z] Error reading register 6507 for IP 10.30.4.128: no connection to modbus server
[2024-11-27T06:54:07.730Z] Error writing to Modbus register: no connection to modbus server
[2024-11-27T06:54:07.730Z] Error reading or processing Modbus registers: no connection to modbus server
[2024-11-27T06:54:08.732Z] Error reading register 6507 for IP 10.30.4.128: no connection to modbus server
[2024-11-27T06:54:08.733Z] Error reading or processing Modbus registers: no connection to modbus server
[2024-11-27T06:54:08.733Z] Error writing to Modbus register: no connection to modbus server
[2024-11-27T06:54:09.733Z] Error reading register 6507 for IP 10.30.4.128: no connection to modbus server
[2024-11-27T06:54:09.733Z] Error reading or processing Modbus registers: no connection to modbus server
[2024-11-27T06:54:09.733Z] Error writing to Modbus register: no connection to modbus server
[2024-11-27T06:54:10.735Z] Error reading register 6507 for IP 10.30.4.128: no connection to modbus server
[2024-11-27T06:54:10.735Z] Error reading or processing Modbus registers: no connection to modbus server
[2024-11-27T06:54:10.736Z] Error writing to Modbus register: no connection to modbus server
[2024-11-27T06:54:11.747Z] Error reading register 6507 for IP 10.30.4.128: no connection to modbus server
[2024-11-27T06:54:11.747Z] Error reading or processing Modbus registers: no connection to modbus server
[2024-11-27T06:54:11.748Z] Error writing to Modbus register: no connection to modbus server
[2024-11-27T06:54:12.753Z] Error reading register 6507 for IP 10.30.4.128: no connection to modbus server
[2024-11-27T06:54:12.753Z] Error reading or processing Modbus registers: no connection to modbus server
[2024-11-27T06:54:12.753Z] Error writing to Modbus register: no connection to modbus server
[2024-11-27T06:54:13.756Z] Error reading register 6507 for IP 10.30.4.128: no connection to modbus server
[2024-11-27T06:54:13.756Z] Error reading or processing Modbus registers: no connection to modbus server
[2024-11-27T06:54:13.756Z] Error writing to Modbus register: no connection to modbus server
[2024-11-27T06:54:14.770Z] Error reading register 6507 for IP 10.30.4.128: no connection to modbus server
[2024-11-27T06:54:14.770Z] Error reading or processing Modbus registers: no connection to modbus server
[2024-11-27T06:54:14.771Z] Error writing to Modbus register: no connection to modbus server
[2024-11-27T06:54:15.785Z] Error reading register 6507 for IP 10.30.4.128: no connection to modbus server
[2024-11-27T06:54:15.786Z] Error writing to Modbus register: no connection to modbus server
[2024-11-27T06:54:15.785Z] Error reading or processing Modbus registers: no connection to modbus server
[2024-11-27T06:54:16.788Z] Error reading register 6507 for IP 10.30.4.128: no connection to modbus server
[2024-11-27T06:54:16.788Z] Error reading or processing Modbus registers: no connection to modbus server
[2024-11-27T06:54:16.788Z] Error writing to Modbus register: no connection to modbus server
[2024-11-27T06:54:17.803Z] Error reading register 6507 for IP 10.30.4.128: no connection to modbus server
[2024-11-27T06:54:17.803Z] Error reading or processing Modbus registers: no connection to modbus server
[2024-11-27T06:54:17.803Z] Error writing to Modbus register: no connection to modbus server
[2024-11-27T06:54:18.805Z] Error reading register 6507 for IP 10.30.4.128: no connection to modbus server
[2024-11-27T06:54:18.805Z] Error reading or processing Modbus registers: no connection to modbus server
[2024-11-27T06:54:18.806Z] Error writing to Modbus register: no connection to modbus server
[2024-11-27T06:54:19.819Z] Error reading register 6507 for IP 10.30.4.128: no connection to modbus server
[2024-11-27T06:54:19.819Z] Error reading or processing Modbus registers: no connection to modbus server
[2024-11-27T06:54:19.820Z] Error writing to Modbus register: no connection to modbus server
[2024-11-27T06:54:20.820Z] Error reading register 6507 for IP 10.30.4.128: no connection to modbus server
[2024-11-27T06:54:20.820Z] Error reading or processing Modbus registers: no connection to modbus server
[2024-11-27T06:54:20.821Z] Error writing to Modbus register: no connection to modbus server
[2024-11-27T06:54:21.834Z] Error reading register 6507 for IP 10.30.4.128: no connection to modbus server
[2024-11-27T06:54:21.834Z] Error reading or processing Modbus registers: no connection to modbus server
[2024-11-27T06:54:21.834Z] Error writing to Modbus register: no connection to modbus server
[2024-11-27T06:54:22.848Z] Error reading register 6507 for IP 10.30.4.128: no connection to modbus server
[2024-11-27T06:54:22.848Z] Error reading or processing Modbus registers: no connection to modbus server
[2024-11-27T06:54:22.848Z] Error writing to Modbus register: no connection to modbus server
[2024-11-27T06:54:23.863Z] Error reading register 6507 for IP 10.30.4.128: no connection to modbus server
[2024-11-27T06:54:23.863Z] Error reading or processing Modbus registers: no connection to modbus server
[2024-11-27T06:54:23.863Z] Error writing to Modbus register: no connection to modbus server
[2024-11-27T06:54:24.866Z] Error reading register 6507 for IP 10.30.4.128: no connection to modbus server
[2024-11-27T06:54:24.866Z] Error reading or processing Modbus registers: no connection to modbus server
[2024-11-27T06:54:24.866Z] Error writing to Modbus register: no connection to modbus server
[2024-11-27T06:54:25.867Z] Error reading register 6507 for IP 10.30.4.128: no connection to modbus server
[2024-11-27T06:54:25.867Z] Error reading or processing Modbus registers: no connection to modbus server
[2024-11-27T06:54:25.867Z] Error writing to Modbus register: no connection to modbus server
[2024-11-27T06:54:26.878Z] Error reading register 6507 for IP 10.30.4.128: no connection to modbus server
[2024-11-27T06:54:26.878Z] Error reading or processing Modbus registers: no connection to modbus server
[2024-11-27T06:54:26.878Z] Error writing to Modbus register: no connection to modbus server
[2024-11-27T06:54:27.880Z] Error reading register 6507 for IP 10.30.4.128: no connection to modbus server
[2024-11-27T06:54:27.880Z] Error reading or processing Modbus registers: no connection to modbus server
[2024-11-27T06:54:27.880Z] Error writing to Modbus register: no connection to modbus server
[2024-11-27T06:54:28.896Z] Error reading register 6507 for IP 10.30.4.128: no connection to modbus server
[2024-11-27T06:54:28.896Z] Error reading or processing Modbus registers: no connection to modbus server
[2024-11-27T06:54:28.896Z] Error writing to Modbus register: no connection to modbus server
[2024-11-27T06:54:29.898Z] Error reading register 6507 for IP 10.30.4.128: no connection to modbus server
[2024-11-27T06:54:29.898Z] Error reading or processing Modbus registers: no connection to modbus server
[2024-11-27T06:54:29.898Z] Error writing to Modbus register: no connection to modbus server
[2024-11-27T06:54:30.911Z] Error reading register 6507 for IP 10.30.4.128: no connection to modbus server
[2024-11-27T06:54:30.911Z] Error reading or processing Modbus registers: no connection to modbus server
[2024-11-27T06:54:30.911Z] Error writing to Modbus register: no connection to modbus server
[2024-11-27T06:54:31.919Z] Error reading register 6507 for IP 10.30.4.128: no connection to modbus server
[2024-11-27T06:54:31.919Z] Error reading or processing Modbus registers: no connection to modbus server
[2024-11-27T06:54:31.920Z] Error writing to Modbus register: no connection to modbus server
[2024-11-27T06:54:32.920Z] Error reading register 6507 for IP 10.30.4.128: no connection to modbus server
[2024-11-27T06:54:32.920Z] Error reading or processing Modbus registers: no connection to modbus server
[2024-11-27T06:54:32.920Z] Error writing to Modbus register: no connection to modbus server
[2024-11-27T06:54:33.937Z] Error reading register 6507 for IP 10.30.4.128: no connection to modbus server
[2024-11-27T06:54:33.937Z] Error reading or processing Modbus registers: no connection to modbus server
[2024-11-27T06:54:33.938Z] Error writing to Modbus register: no connection to modbus server
[2024-11-27T06:54:34.937Z] Error reading register 6507 for IP 10.30.4.128: no connection to modbus server
[2024-11-27T06:54:34.937Z] Error reading or processing Modbus registers: no connection to modbus server
[2024-11-27T06:54:34.937Z] Error writing to Modbus register: no connection to modbus server
[2024-11-27T06:54:35.941Z] Error reading register 6507 for IP 10.30.4.128: no connection to modbus server
[2024-11-27T06:54:35.941Z] Error reading or processing Modbus registers: no connection to modbus server
[2024-11-27T06:54:35.941Z] Error writing to Modbus register: no connection to modbus server
[2024-11-27T06:54:36.944Z] Error reading register 6507 for IP 10.30.4.128: no connection to modbus server
[2024-11-27T06:54:36.944Z] Error reading or processing Modbus registers: no connection to modbus server
[2024-11-27T06:54:36.945Z] Error writing to Modbus register: no connection to modbus server
[2024-11-27T06:54:37.948Z] Error reading register 6507 for IP 10.30.4.128: no connection to modbus server
[2024-11-27T06:54:37.948Z] Error reading or processing Modbus registers: no connection to modbus server
[2024-11-27T06:54:37.948Z] Error writing to Modbus register: no connection to modbus server
[2024-11-27T06:54:38.950Z] Error reading register 6507 for IP 10.30.4.128: no connection to modbus server
[2024-11-27T06:54:38.951Z] Error reading or processing Modbus registers: no connection to modbus server
[2024-11-27T06:54:38.951Z] Error writing to Modbus register: no connection to modbus server
[2024-11-27T06:54:39.953Z] Error reading register 6507 for IP 10.30.4.128: no connection to modbus server
[2024-11-27T06:54:39.953Z] Error reading or processing Modbus registers: no connection to modbus server
[2024-11-27T06:54:39.953Z] Error writing to Modbus register: no connection to modbus server
[2024-11-27T06:54:40.956Z] Error reading register 6507 for IP 10.30.4.128: no connection to modbus server
[2024-11-27T06:54:40.956Z] Error reading or processing Modbus registers: no connection to modbus server
[2024-11-27T06:54:40.956Z] Error writing to Modbus register: no connection to modbus server
[2024-11-27T06:54:41.970Z] Error reading register 6507 for IP 10.30.4.128: no connection to modbus server
[2024-11-27T06:54:41.971Z] Error reading or processing Modbus registers: no connection to modbus server
[2024-11-27T06:54:41.971Z] Error writing to Modbus register: no connection to modbus server
[2024-11-27T06:54:42.973Z] Error reading register 6507 for IP 10.30.4.128: no connection to modbus server
[2024-11-27T06:54:42.973Z] Error reading or processing Modbus registers: no connection to modbus server
[2024-11-27T06:54:42.974Z] Error writing to Modbus register: no connection to modbus server
[2024-11-27T06:54:43.973Z] Error reading register 6507 for IP 10.30.4.128: no connection to modbus server
[2024-11-27T06:54:43.973Z] Error reading or processing Modbus registers: no connection to modbus server
[2024-11-27T06:54:43.974Z] Error writing to Modbus register: no connection to modbus server
[2024-11-27T06:54:44.985Z] Error reading register 6507 for IP 10.30.4.128: no connection to modbus server
[2024-11-27T06:54:44.986Z] Error reading or processing Modbus registers: no connection to modbus server
[2024-11-27T06:54:44.986Z] Error writing to Modbus register: no connection to modbus server
[2024-11-27T06:54:46.001Z] Error reading register 6507 for IP 10.30.4.128: no connection to modbus server
[2024-11-27T06:54:46.001Z] Error reading or processing Modbus registers: no connection to modbus server
[2024-11-27T06:54:46.002Z] Error writing to Modbus register: no connection to modbus server
[2024-11-27T06:54:47.003Z] Error reading register 6507 for IP 10.30.4.128: no connection to modbus server
[2024-11-27T06:54:47.003Z] Error writing to Modbus register: no connection to modbus server
[2024-11-27T06:54:47.003Z] Error reading or processing Modbus registers: no connection to modbus server
[2024-11-27T06:54:48.018Z] Error reading register 6507 for IP 10.30.4.128: no connection to modbus server
[2024-11-27T06:54:48.019Z] Error reading or processing Modbus registers: no connection to modbus server
[2024-11-27T06:54:48.019Z] Error writing to Modbus register: no connection to modbus server
[2024-11-27T06:54:49.032Z] Error reading register 6507 for IP 10.30.4.128: no connection to modbus server
[2024-11-27T06:54:49.032Z] Error reading or processing Modbus registers: no connection to modbus server
[2024-11-27T06:54:49.033Z] Error writing to Modbus register: no connection to modbus server
[2024-11-27T06:54:50.032Z] Error reading register 6507 for IP 10.30.4.128: no connection to modbus server
[2024-11-27T06:54:50.032Z] Error reading or processing Modbus registers: no connection to modbus server
[2024-11-27T06:54:50.033Z] Error writing to Modbus register: no connection to modbus server
[2024-11-27T06:54:51.038Z] Error reading register 6507 for IP 10.30.4.128: no connection to modbus server
[2024-11-27T06:54:51.039Z] Error reading or processing Modbus registers: no connection to modbus server
[2024-11-27T06:54:51.039Z] Error writing to Modbus register: no connection to modbus server
[2024-11-27T06:54:52.042Z] Error reading register 6507 for IP 10.30.4.128: no connection to modbus server
[2024-11-27T06:54:52.042Z] Error reading or processing Modbus registers: no connection to modbus server
[2024-11-27T06:54:52.042Z] Error writing to Modbus register: no connection to modbus server
[2024-11-27T06:54:53.044Z] Error reading register 6507 for IP 10.30.4.128: no connection to modbus server
[2024-11-27T06:54:53.044Z] Error reading or processing Modbus registers: no connection to modbus server
[2024-11-27T06:54:53.044Z] Error writing to Modbus register: no connection to modbus server
[2024-11-27T06:54:54.047Z] Error reading register 6507 for IP 10.30.4.128: no connection to modbus server
[2024-11-27T06:54:54.047Z] Error reading or processing Modbus registers: no connection to modbus server
[2024-11-27T06:54:54.047Z] Error writing to Modbus register: no connection to modbus server
[2024-11-27T06:54:55.050Z] Error reading register 6507 for IP 10.30.4.128: no connection to modbus server
[2024-11-27T06:54:55.050Z] Error reading or processing Modbus registers: no connection to modbus server
[2024-11-27T06:54:55.050Z] Error writing to Modbus register: no connection to modbus server
[2024-11-27T06:54:55.567Z] Error reading register 6507 for IP 10.30.4.128: rejecting because of earlier OutOfSync error
[2024-11-27T06:54:55.567Z] Error writing to Modbus register: rejecting because of earlier OutOfSync error
[2024-11-27T06:54:55.567Z] Error reading register 6507 for IP 10.30.4.128: rejecting because of earlier OutOfSync error
[2024-11-27T06:54:55.567Z] Error writing to Modbus register: rejecting because of earlier OutOfSync error
[2024-11-27T06:54:55.567Z] Error reading register 6507 for IP 10.30.4.128: rejecting because of earlier OutOfSync error
[2024-11-27T06:54:55.568Z] Error writing to Modbus register: rejecting because of earlier OutOfSync error
[2024-11-27T06:54:55.568Z] Error reading or processing Modbus registers: connection to modbus server closed
[2024-11-27T06:54:55.568Z] Error reading or processing Modbus registers: rejecting because of earlier OutOfSync error
[2024-11-27T06:54:55.568Z] Error reading or processing Modbus registers: rejecting because of earlier OutOfSync error
[2024-11-27T06:54:56.051Z] Error reading register 6507 for IP 10.30.4.128: no connection to modbus server
[2024-11-27T06:54:56.051Z] Error reading or processing Modbus registers: no connection to modbus server
[2024-11-27T06:54:56.051Z] Error writing to Modbus register: no connection to modbus server
[2024-11-27T06:54:56.438Z] Error reading register 6507 for IP 10.30.4.128: no connection to modbus server
[2024-11-27T06:54:56.439Z] Error reading or processing Modbus registers: no connection to modbus server
[2024-11-27T06:54:56.439Z] Error writing to Modbus register: no connection to modbus server
[2024-11-27T06:54:57.052Z] Error reading register 6507 for IP 10.30.4.128: no connection to modbus server
[2024-11-27T06:54:57.052Z] Error reading or processing Modbus registers: no connection to modbus server
[2024-11-27T06:54:57.052Z] Error writing to Modbus register: no connection to modbus server
[2024-11-27T06:54:57.439Z] Error reading register 6507 for IP 10.30.4.128: no connection to modbus server
[2024-11-27T06:54:57.440Z] Error reading or processing Modbus registers: no connection to modbus server
[2024-11-27T06:54:57.440Z] Error writing to Modbus register: no connection to modbus server
[2024-11-27T06:54:58.057Z] Error reading register 6507 for IP 10.30.4.128: no connection to modbus server
[2024-11-27T06:54:58.057Z] Error reading or processing Modbus registers: no connection to modbus server
[2024-11-27T06:54:58.058Z] Error writing to Modbus register: no connection to modbus server
[2024-11-27T06:54:58.441Z] Error reading register 6507 for IP 10.30.4.128: no connection to modbus server
[2024-11-27T06:54:58.441Z] Error reading or processing Modbus registers: no connection to modbus server
[2024-11-27T06:54:58.442Z] Error writing to Modbus register: no connection to modbus server
[2024-11-27T08:50:47.053Z] Error writing to Modbus register: client.readHoldingRegisters is not a function
[2024-11-27T08:53:48.987Z] Error writing to Modbus register: Cannot read properties of undefined (reading 'readHoldingRegisters')
[2024-11-27T08:58:48.697Z] Error writing to Modbus register: client.readHoldingRegisters is not a function
[2024-11-27T09:02:26.451Z] Error writing to Modbus register: client.writeSingleRegister is not a function
[2024-11-27T09:05:26.440Z] Error writing to Modbus register: client.writeSingleRegister is not a function
[2024-11-27T09:11:10.515Z] Error writing to Modbus register: client.writeSingleRegister is not a function
[2024-11-27T09:15:45.630Z] Error writing to Modbus register: client.writeSingleRegister is not a function
[2024-11-27T09:17:38.312Z] Error writing to Modbus register: client.writeRegisters is not a function
[2024-11-27T10:07:14.125Z] Error writing to Modbus register: client.readHoldingRegisters is not a function
[2024-11-29T00:42:47.223Z] Error reading or processing Modbus registers: logToFile is not defined
[2024-11-29T00:43:06.013Z] Error reading or processing Modbus registers: logToFile is not defined
[2024-11-29T00:44:01.341Z] Error reading or processing Modbus registers: logToFile is not defined
[2024-11-29T00:44:41.820Z] Error reading or processing Modbus registers: logToFile is not defined
[2024-11-29T00:48:06.938Z] Error reading or processing Modbus registers: logToFile is not defined
[2024-11-29T00:52:57.796Z] Error reading or processing Modbus registers: logToFile is not defined
[2024-11-29T00:56:52.194Z] Error reading register 6507 for IP 10.30.4.128: no connection to modbus server
[2024-11-29T00:56:52.194Z] Error reading or processing Modbus registers: no connection to modbus server
[2024-11-29T00:56:52.194Z] Error writing to Modbus register: no connection to modbus server
[2024-11-29T00:56:53.194Z] Error reading register 6507 for IP 10.30.4.128: no connection to modbus server
[2024-11-29T00:56:53.194Z] Error reading or processing Modbus registers: no connection to modbus server
[2024-11-29T00:56:53.194Z] Error writing to Modbus register: no connection to modbus server
[2024-11-29T00:56:54.194Z] Error reading register 6507 for IP 10.30.4.128: no connection to modbus server
[2024-11-29T00:56:54.194Z] Error reading or processing Modbus registers: no connection to modbus server
[2024-11-29T00:56:54.194Z] Error writing to Modbus register: no connection to modbus server
[2024-11-29T00:56:55.194Z] Error reading register 6507 for IP 10.30.4.128: no connection to modbus server
[2024-11-29T00:56:55.194Z] Error reading or processing Modbus registers: no connection to modbus server
[2024-11-29T00:56:55.194Z] Error writing to Modbus register: no connection to modbus server
[2024-11-29T00:56:56.194Z] Error reading register 6507 for IP 10.30.4.128: no connection to modbus server
[2024-11-29T00:56:56.194Z] Error reading or processing Modbus registers: no connection to modbus server
[2024-11-29T00:56:56.194Z] Error writing to Modbus register: no connection to modbus server
[2024-11-29T00:56:57.194Z] Error reading register 6507 for IP 10.30.4.128: no connection to modbus server
[2024-11-29T00:56:57.194Z] Error reading or processing Modbus registers: no connection to modbus server
[2024-11-29T00:56:57.194Z] Error writing to Modbus register: no connection to modbus server
[2024-11-29T00:56:58.193Z] Error reading register 6507 for IP 10.30.4.128: no connection to modbus server
[2024-11-29T00:56:58.193Z] Error reading or processing Modbus registers: no connection to modbus server
[2024-11-29T00:56:58.195Z] Error writing to Modbus register: no connection to modbus server
[2024-11-29T00:56:59.194Z] Error reading register 6507 for IP 10.30.4.128: no connection to modbus server
[2024-11-29T00:56:59.194Z] Error reading or processing Modbus registers: no connection to modbus server
[2024-11-29T00:56:59.194Z] Error writing to Modbus register: no connection to modbus server
[2024-11-29T01:04:38.137Z] Error reading register 6507 for IP 10.30.4.128: no connection to modbus server
[2024-11-29T01:04:38.137Z] Error reading or processing Modbus registers: no connection to modbus server
[2024-11-29T01:04:38.137Z] Error writing to Modbus register: no connection to modbus server
[2024-11-29T01:04:39.136Z] Error reading register 6507 for IP 10.30.4.128: no connection to modbus server
[2024-11-29T01:04:39.136Z] Error reading or processing Modbus registers: no connection to modbus server
[2024-11-29T01:04:39.137Z] Error writing to Modbus register: no connection to modbus server
[2024-11-29T01:04:40.136Z] Error reading register 6507 for IP 10.30.4.128: no connection to modbus server
[2024-11-29T01:04:40.136Z] Error reading or processing Modbus registers: no connection to modbus server
[2024-11-29T01:04:40.137Z] Error writing to Modbus register: no connection to modbus server
[2024-11-29T01:04:41.137Z] Error reading register 6507 for IP 10.30.4.128: no connection to modbus server
[2024-11-29T01:04:41.137Z] Error reading or processing Modbus registers: no connection to modbus server
[2024-11-29T01:04:41.138Z] Error writing to Modbus register: no connection to modbus server
[2024-11-29T01:04:42.136Z] Error reading register 6507 for IP 10.30.4.128: no connection to modbus server
[2024-11-29T01:04:42.136Z] Error reading or processing Modbus registers: no connection to modbus server
[2024-11-29T01:04:42.138Z] Error writing to Modbus register: no connection to modbus server
[2024-11-29T01:04:43.136Z] Error reading register 6507 for IP 10.30.4.128: no connection to modbus server
[2024-11-29T01:04:43.136Z] Error reading or processing Modbus registers: no connection to modbus server
[2024-11-29T01:04:43.138Z] Error writing to Modbus register: no connection to modbus server
[2024-11-29T01:04:44.136Z] Error reading register 6507 for IP 10.30.4.128: no connection to modbus server
[2024-11-29T01:04:44.136Z] Error reading or processing Modbus registers: no connection to modbus server
[2024-11-29T01:04:44.138Z] Error writing to Modbus register: no connection to modbus server
[2024-11-29T01:04:45.136Z] Error reading register 6507 for IP 10.30.4.128: no connection to modbus server
[2024-11-29T01:04:45.136Z] Error reading or processing Modbus registers: no connection to modbus server
[2024-11-29T01:04:45.138Z] Error writing to Modbus register: no connection to modbus server
[2024-11-29T01:04:46.136Z] Error reading register 6507 for IP 10.30.4.128: no connection to modbus server
[2024-11-29T01:04:46.136Z] Error reading or processing Modbus registers: no connection to modbus server
[2024-11-29T01:04:46.139Z] Error writing to Modbus register: no connection to modbus server
[2024-11-29T01:04:47.136Z] Error reading register 6507 for IP 10.30.4.128: no connection to modbus server
[2024-11-29T01:04:47.136Z] Error reading or processing Modbus registers: no connection to modbus server
[2024-11-29T01:04:47.138Z] Error writing to Modbus register: no connection to modbus server
[2024-11-29T01:04:48.136Z] Error reading register 6507 for IP 10.30.4.128: no connection to modbus server
[2024-11-29T01:04:48.136Z] Error reading or processing Modbus registers: no connection to modbus server
[2024-11-29T01:04:48.138Z] Error writing to Modbus register: no connection to modbus server
[2024-11-29T01:04:48.210Z] Error reading register 6507 for IP 10.30.4.128: no connection to modbus server
[2024-11-29T01:04:48.210Z] Error reading or processing Modbus registers: no connection to modbus server
[2024-11-29T01:04:48.211Z] Error writing to Modbus register: no connection to modbus server
[2024-11-29T01:06:22.111Z] Error reading or processing Modbus registers: client.connect is not a function
[2024-11-29T01:06:23.122Z] Error reading or processing Modbus registers: client.connect is not a function
[2024-11-29T01:06:24.134Z] Error reading or processing Modbus registers: client.connect is not a function
[2024-11-29T01:06:25.144Z] Error reading or processing Modbus registers: client.connect is not a function
[2024-11-29T01:06:26.156Z] Error reading or processing Modbus registers: client.connect is not a function
[2024-11-29T01:06:27.168Z] Error reading or processing Modbus registers: client.connect is not a function
[2024-11-29T01:06:39.759Z] Error reading or processing Modbus registers: client.connect is not a function
[2024-11-29T01:06:40.759Z] Error reading or processing Modbus registers: client.connect is not a function
[2024-11-29T01:06:41.758Z] Error reading or processing Modbus registers: client.connect is not a function
[2024-11-29T01:06:42.771Z] Error reading or processing Modbus registers: client.connect is not a function
[2024-11-29T01:06:43.785Z] Error reading or processing Modbus registers: client.connect is not a function
[2024-11-29T01:07:33.080Z] Lỗi trong quá trình xử lý yêu cầu xóa đơn: No response from client.
[2024-11-29T01:09:34.991Z] Error reading register 6507 for IP 10.30.4.128: no connection to modbus server
[2024-11-29T01:09:34.991Z] Error reading or processing Modbus registers: no connection to modbus server
[2024-11-29T01:09:34.991Z] Error writing to Modbus register: no connection to modbus server
[2024-11-29T01:09:35.990Z] Error reading register 6507 for IP 10.30.4.128: no connection to modbus server
[2024-11-29T01:09:35.990Z] Error reading or processing Modbus registers: no connection to modbus server
[2024-11-29T01:09:35.991Z] Error writing to Modbus register: no connection to modbus server
[2024-11-29T01:09:36.990Z] Error reading register 6507 for IP 10.30.4.128: no connection to modbus server
[2024-11-29T01:09:36.991Z] Error reading or processing Modbus registers: no connection to modbus server
[2024-11-29T01:09:36.992Z] Error writing to Modbus register: no connection to modbus server
[2024-11-29T01:09:37.990Z] Error reading register 6507 for IP 10.30.4.128: no connection to modbus server
[2024-11-29T01:09:37.991Z] Error reading or processing Modbus registers: no connection to modbus server
[2024-11-29T01:09:37.991Z] Error writing to Modbus register: no connection to modbus server
[2024-11-29T01:09:38.991Z] Error reading register 6507 for IP 10.30.4.128: no connection to modbus server
[2024-11-29T01:09:38.991Z] Error reading or processing Modbus registers: no connection to modbus server
[2024-11-29T01:09:38.991Z] Error writing to Modbus register: no connection to modbus server
[2024-11-29T01:09:39.990Z] Error reading register 6507 for IP 10.30.4.128: no connection to modbus server
[2024-11-29T01:09:39.990Z] Error reading or processing Modbus registers: no connection to modbus server
[2024-11-29T01:09:39.991Z] Error writing to Modbus register: no connection to modbus server
[2024-11-29T01:09:40.992Z] Error reading register 6507 for IP 10.30.4.128: no connection to modbus server
[2024-11-29T01:09:40.992Z] Error writing to Modbus register: no connection to modbus server
[2024-11-29T01:09:40.992Z] Error reading or processing Modbus registers: no connection to modbus server
[2024-11-29T01:09:41.991Z] Error reading register 6507 for IP 10.30.4.128: no connection to modbus server
[2024-11-29T01:09:41.991Z] Error reading or processing Modbus registers: no connection to modbus server
[2024-11-29T01:09:41.992Z] Error writing to Modbus register: no connection to modbus server
[2024-11-29T01:09:42.991Z] Error reading register 6507 for IP 10.30.4.128: no connection to modbus server
[2024-11-29T01:09:42.991Z] Error reading or processing Modbus registers: no connection to modbus server
[2024-11-29T01:09:42.992Z] Error writing to Modbus register: no connection to modbus server
[2024-11-29T01:09:43.992Z] Error reading register 6507 for IP 10.30.4.128: no connection to modbus server
[2024-11-29T01:09:43.993Z] Error reading or processing Modbus registers: no connection to modbus server
[2024-11-29T01:09:43.993Z] Error writing to Modbus register: no connection to modbus server
[2024-11-29T01:17:01.689Z] Error reading or processing Modbus registers: client.connect is not a function
[2024-11-29T01:17:02.699Z] Error reading or processing Modbus registers: client.connect is not a function
[2024-11-29T01:17:03.712Z] Error reading or processing Modbus registers: client.connect is not a function
[2024-11-29T01:17:04.724Z] Error reading or processing Modbus registers: client.connect is not a function
[2024-11-29T01:17:05.733Z] Error reading or processing Modbus registers: client.connect is not a function
[2024-11-29T01:17:06.748Z] Error reading or processing Modbus registers: client.connect is not a function
[2024-11-29T01:17:07.758Z] Error reading or processing Modbus registers: client.connect is not a function
[2024-11-29T01:17:08.771Z] Error reading or processing Modbus registers: client.connect is not a function
[2024-11-29T01:17:09.780Z] Error reading or processing Modbus registers: client.connect is not a function
[2024-11-29T01:17:10.789Z] Error reading or processing Modbus registers: client.connect is not a function
[2024-11-29T01:17:11.802Z] Error reading or processing Modbus registers: client.connect is not a function
[2024-11-29T01:17:12.814Z] Error reading or processing Modbus registers: client.connect is not a function
[2024-11-29T01:17:13.822Z] Error reading or processing Modbus registers: client.connect is not a function
[2024-11-29T01:17:14.830Z] Error reading or processing Modbus registers: client.connect is not a function
[2024-11-29T01:17:15.836Z] Error reading or processing Modbus registers: client.connect is not a function
[2024-11-29T01:17:16.845Z] Error reading or processing Modbus registers: client.connect is not a function
[2024-11-29T01:17:17.857Z] Error reading or processing Modbus registers: client.connect is not a function
[2024-11-29T01:17:18.869Z] Error reading or processing Modbus registers: client.connect is not a function
[2024-11-29T01:17:19.884Z] Error reading or processing Modbus registers: client.connect is not a function
[2024-11-29T01:17:20.893Z] Error reading or processing Modbus registers: client.connect is not a function
[2024-11-29T01:17:21.906Z] Error reading or processing Modbus registers: client.connect is not a function
[2024-11-29T01:17:22.921Z] Error reading or processing Modbus registers: client.connect is not a function
[2024-11-29T01:17:23.930Z] Error reading or processing Modbus registers: client.connect is not a function
[2024-11-29T01:18:35.559Z] Error reading register 6507 for IP 10.30.4.128: rejecting because of earlier OutOfSync error
[2024-11-29T01:18:35.559Z] Error writing to Modbus register: rejecting because of earlier OutOfSync error
[2024-11-29T01:18:35.559Z] Error reading register 6507 for IP 10.30.4.128: rejecting because of earlier OutOfSync error
[2024-11-29T01:18:35.560Z] Error reading or processing Modbus registers: rejecting because of earlier OutOfSync error
[2024-11-29T01:18:35.559Z] Error writing to Modbus register: rejecting because of earlier OutOfSync error
[2024-11-29T01:18:35.560Z] Error reading or processing Modbus registers: rejecting because of earlier OutOfSync error
[2024-11-29T01:18:36.362Z] Error reading register 6507 for IP 10.30.4.128: no connection to modbus server
[2024-11-29T01:18:36.362Z] Error reading or processing Modbus registers: no connection to modbus server
[2024-11-29T01:18:36.363Z] Error writing to Modbus register: no connection to modbus server
[2024-11-29T01:18:37.374Z] Error reading register 6507 for IP 10.30.4.128: no connection to modbus server
[2024-11-29T01:18:37.375Z] Error reading or processing Modbus registers: no connection to modbus server
[2024-11-29T01:18:37.375Z] Error writing to Modbus register: no connection to modbus server
[2024-11-29T01:18:38.379Z] Error reading register 6507 for IP 10.30.4.128: no connection to modbus server
[2024-11-29T01:18:38.379Z] Error reading or processing Modbus registers: no connection to modbus server
[2024-11-29T01:18:38.379Z] Error writing to Modbus register: no connection to modbus server
[2024-11-29T01:18:39.390Z] Error reading register 6507 for IP 10.30.4.128: no connection to modbus server
[2024-11-29T01:18:39.391Z] Error reading or processing Modbus registers: no connection to modbus server
[2024-11-29T01:18:39.391Z] Error writing to Modbus register: no connection to modbus server
[2024-11-29T01:21:29.251Z] Error reading register 6507 for IP 10.30.4.128: rejecting because of earlier OutOfSync error
[2024-11-29T01:21:29.251Z] Error writing to Modbus register: rejecting because of earlier OutOfSync error
[2024-11-29T01:21:29.251Z] Error reading register 6507 for IP 10.30.4.128: rejecting because of earlier OutOfSync error
[2024-11-29T01:21:29.251Z] Error writing to Modbus register: rejecting because of earlier OutOfSync error
[2024-11-29T01:21:29.252Z] Error reading or processing Modbus registers: rejecting because of earlier OutOfSync error
[2024-11-29T01:21:29.252Z] Error reading or processing Modbus registers: rejecting because of earlier OutOfSync error
[2024-11-29T01:21:29.799Z] Error reading register 6507 for IP 10.30.4.128: no connection to modbus server
[2024-11-29T01:21:29.800Z] Error reading or processing Modbus registers: no connection to modbus server
[2024-11-29T01:21:29.800Z] Error writing to Modbus register: no connection to modbus server
[2024-11-29T01:21:30.804Z] Error reading register 6507 for IP 10.30.4.128: no connection to modbus server
[2024-11-29T01:21:30.804Z] Error reading or processing Modbus registers: no connection to modbus server
[2024-11-29T01:21:30.805Z] Error writing to Modbus register: no connection to modbus server
[2024-11-29T01:21:31.806Z] Error reading register 6507 for IP 10.30.4.128: no connection to modbus server
[2024-11-29T01:21:31.806Z] Error reading or processing Modbus registers: no connection to modbus server
[2024-11-29T01:21:31.807Z] Error writing to Modbus register: no connection to modbus server
[2024-11-29T01:26:32.982Z] Unable to connect to device at 10.30.4.128: read ECONNRESET
[2024-11-29T01:26:32.984Z] Error reading register 6507 for IP 10.30.4.128: rejecting because of earlier OutOfSync error
[2024-11-29T01:26:32.985Z] Error writing to Modbus register: rejecting because of earlier OutOfSync error
[2024-11-29T01:26:32.985Z] Error reading register 6507 for IP 10.30.4.128: rejecting because of earlier OutOfSync error
[2024-11-29T01:26:32.985Z] Error writing to Modbus register: rejecting because of earlier OutOfSync error
[2024-11-29T01:26:32.985Z] Error reading register 6507 for IP 10.30.4.128: rejecting because of earlier OutOfSync error
[2024-11-29T01:26:32.985Z] Error writing to Modbus register: rejecting because of earlier OutOfSync error
[2024-11-29T01:26:32.985Z] Error reading or processing Modbus registers: connection to modbus server closed
[2024-11-29T01:26:32.985Z] Error reading or processing Modbus registers: rejecting because of earlier OutOfSync error
[2024-11-29T01:26:32.985Z] Error reading or processing Modbus registers: rejecting because of earlier OutOfSync error
[2024-11-29T01:26:33.745Z] Error reading register 6507 for IP 10.30.4.128: no connection to modbus server
[2024-11-29T01:26:33.745Z] Error reading or processing Modbus registers: no connection to modbus server
[2024-11-29T01:26:33.746Z] Error writing to Modbus register: no connection to modbus server
[2024-11-29T01:26:34.758Z] Error reading register 6507 for IP 10.30.4.128: no connection to modbus server
[2024-11-29T01:26:34.759Z] Error reading or processing Modbus registers: no connection to modbus server
[2024-11-29T01:26:34.759Z] Error writing to Modbus register: no connection to modbus server
[2024-11-29T01:26:35.774Z] Error reading register 6507 for IP 10.30.4.128: no connection to modbus server
[2024-11-29T01:26:35.774Z] Error reading or processing Modbus registers: no connection to modbus server
[2024-11-29T01:26:35.774Z] Error writing to Modbus register: no connection to modbus server
[2024-11-29T01:26:36.783Z] Error reading register 6507 for IP 10.30.4.128: no connection to modbus server
[2024-11-29T01:26:36.783Z] Error reading or processing Modbus registers: no connection to modbus server
[2024-11-29T01:26:36.784Z] Error writing to Modbus register: no connection to modbus server
[2024-11-29T01:26:37.798Z] Error reading register 6507 for IP 10.30.4.128: no connection to modbus server
[2024-11-29T01:26:37.798Z] Error reading or processing Modbus registers: no connection to modbus server
[2024-11-29T01:26:37.798Z] Error writing to Modbus register: no connection to modbus server
[2024-11-29T01:26:38.801Z] Error reading register 6507 for IP 10.30.4.128: no connection to modbus server
[2024-11-29T01:26:38.802Z] Error reading or processing Modbus registers: no connection to modbus server
[2024-11-29T01:26:38.802Z] Error writing to Modbus register: no connection to modbus server
[2024-11-29T01:26:39.805Z] Error reading register 6507 for IP 10.30.4.128: no connection to modbus server
[2024-11-29T01:26:39.805Z] Error reading or processing Modbus registers: no connection to modbus server
[2024-11-29T01:26:39.806Z] Error writing to Modbus register: no connection to modbus server
[2024-11-29T01:26:40.816Z] Error reading register 6507 for IP 10.30.4.128: no connection to modbus server
[2024-11-29T01:26:40.816Z] Error reading or processing Modbus registers: no connection to modbus server
[2024-11-29T01:26:40.816Z] Error writing to Modbus register: no connection to modbus server
[2024-11-29T01:26:41.829Z] Error reading register 6507 for IP 10.30.4.128: no connection to modbus server
[2024-11-29T01:26:41.830Z] Error reading or processing Modbus registers: no connection to modbus server
[2024-11-29T01:26:41.830Z] Error writing to Modbus register: no connection to modbus server
[2024-11-29T01:26:42.844Z] Error reading register 6507 for IP 10.30.4.128: no connection to modbus server
[2024-11-29T01:26:42.844Z] Error reading or processing Modbus registers: no connection to modbus server
[2024-11-29T01:26:42.845Z] Error writing to Modbus register: no connection to modbus server
[2024-11-29T01:26:43.858Z] Error reading register 6507 for IP 10.30.4.128: no connection to modbus server
[2024-11-29T01:26:43.858Z] Error reading or processing Modbus registers: no connection to modbus server
[2024-11-29T01:26:43.858Z] Error writing to Modbus register: no connection to modbus server
[2024-11-29T01:26:44.872Z] Error reading register 6507 for IP 10.30.4.128: no connection to modbus server
[2024-11-29T01:26:44.873Z] Error reading or processing Modbus registers: no connection to modbus server
[2024-11-29T01:26:44.873Z] Error writing to Modbus register: no connection to modbus server
[2024-11-29T01:26:45.883Z] Error reading register 6507 for IP 10.30.4.128: no connection to modbus server
[2024-11-29T01:26:45.884Z] Error reading or processing Modbus registers: no connection to modbus server
[2024-11-29T01:26:45.884Z] Error writing to Modbus register: no connection to modbus server
[2024-11-29T01:26:46.897Z] Error reading register 6507 for IP 10.30.4.128: no connection to modbus server
[2024-11-29T01:26:46.898Z] Error reading or processing Modbus registers: no connection to modbus server
[2024-11-29T01:26:46.898Z] Error writing to Modbus register: no connection to modbus server
[2024-11-29T01:26:47.907Z] Error reading register 6507 for IP 10.30.4.128: no connection to modbus server
[2024-11-29T01:26:47.907Z] Error reading or processing Modbus registers: no connection to modbus server
[2024-11-29T01:26:47.908Z] Error writing to Modbus register: no connection to modbus server
[2024-11-29T01:26:48.921Z] Error reading register 6507 for IP 10.30.4.128: no connection to modbus server
[2024-11-29T01:26:48.922Z] Error reading or processing Modbus registers: no connection to modbus server
[2024-11-29T01:26:48.922Z] Error writing to Modbus register: no connection to modbus server
[2024-11-29T01:26:49.934Z] Error reading register 6507 for IP 10.30.4.128: no connection to modbus server
[2024-11-29T01:26:49.934Z] Error reading or processing Modbus registers: no connection to modbus server
[2024-11-29T01:26:49.935Z] Error writing to Modbus register: no connection to modbus server
[2024-11-29T01:26:50.935Z] Error reading register 6507 for IP 10.30.4.128: no connection to modbus server
[2024-11-29T01:26:50.935Z] Error reading or processing Modbus registers: no connection to modbus server
[2024-11-29T01:26:50.935Z] Error writing to Modbus register: no connection to modbus server
[2024-11-29T01:26:51.947Z] Error reading register 6507 for IP 10.30.4.128: no connection to modbus server
[2024-11-29T01:26:51.948Z] Error reading or processing Modbus registers: no connection to modbus server
[2024-11-29T01:26:51.948Z] Error writing to Modbus register: no connection to modbus server
[2024-11-29T01:26:52.948Z] Error reading register 6507 for IP 10.30.4.128: no connection to modbus server
[2024-11-29T01:26:52.948Z] Error reading or processing Modbus registers: no connection to modbus server
[2024-11-29T01:26:52.949Z] Error writing to Modbus register: no connection to modbus server
[2024-11-29T01:26:53.961Z] Error reading register 6507 for IP 10.30.4.128: no connection to modbus server
[2024-11-29T01:26:53.961Z] Error reading or processing Modbus registers: no connection to modbus server
[2024-11-29T01:26:53.962Z] Error writing to Modbus register: no connection to modbus server
[2024-11-29T01:26:54.971Z] Error reading register 6507 for IP 10.30.4.128: no connection to modbus server
[2024-11-29T01:26:54.972Z] Error reading or processing Modbus registers: no connection to modbus server
[2024-11-29T01:26:54.972Z] Error writing to Modbus register: no connection to modbus server
[2024-11-29T01:26:55.981Z] Error reading register 6507 for IP 10.30.4.128: no connection to modbus server
[2024-11-29T01:26:55.982Z] Error reading or processing Modbus registers: no connection to modbus server
[2024-11-29T01:26:55.982Z] Error writing to Modbus register: no connection to modbus server
[2024-11-29T01:26:56.995Z] Error reading register 6507 for IP 10.30.4.128: no connection to modbus server
[2024-11-29T01:26:56.995Z] Error reading or processing Modbus registers: no connection to modbus server
[2024-11-29T01:26:56.995Z] Error writing to Modbus register: no connection to modbus server
[2024-11-29T01:26:58.006Z] Error reading register 6507 for IP 10.30.4.128: no connection to modbus server
[2024-11-29T01:26:58.007Z] Error reading or processing Modbus registers: no connection to modbus server
[2024-11-29T01:26:58.007Z] Error writing to Modbus register: no connection to modbus server
[2024-11-29T01:26:59.018Z] Error reading register 6507 for IP 10.30.4.128: no connection to modbus server
[2024-11-29T01:26:59.019Z] Error reading or processing Modbus registers: no connection to modbus server
[2024-11-29T01:26:59.019Z] Error writing to Modbus register: no connection to modbus server
[2024-11-29T01:27:00.030Z] Error reading register 6507 for IP 10.30.4.128: no connection to modbus server
[2024-11-29T01:27:00.030Z] Error reading or processing Modbus registers: no connection to modbus server
[2024-11-29T01:27:00.031Z] Error writing to Modbus register: no connection to modbus server
[2024-11-29T01:27:14.106Z] Error writing to Modbus register: client.writeRegisters is not a function
[2024-11-29T01:30:07.127Z] Error writing to Modbus register 1032: client is not defined
[2024-11-29T01:31:59.720Z] Error writing to Modbus register [object Object]: client is not defined
[2024-11-29T01:33:12.953Z] Lỗi trong quá trình xử lý yêu cầu xóa đơn: registerAddress is not defined
[2024-11-29T01:34:31.545Z] Error writing to Modbus register 1032: value is not defined
[2024-11-29T01:35:20.727Z] Error writing to Modbus register 1032: modbusClient.readHoldingRegisters is not a function
[2024-11-29T01:39:29.368Z] Error reading or processing Modbus registers: Req timed out
[2024-11-29T01:53:24.240Z] Error reading/writing to Modbus register 1032: modbusClient.readHoldingRegisters is not a function
[2024-11-29T01:57:58.336Z] Error writing to Modbus register: modbusClient.readHoldingRegisters is not a function
[2024-11-29T02:02:08.459Z] Error reading or writing Modbus register: modbusClient.readHoldingRegisters is not a function
[2024-11-29T02:08:13.275Z] Error reading or writing Modbus register: modbusClient.readHoldingRegisters is not a function
[2024-11-29T02:08:55.099Z] Error reading or writing Modbus register: modbusClient.readHoldingRegisters is not a function
[2024-11-29T02:10:50.701Z] Error reading or writing Modbus register: modbusClient.readHoldingRegisters is not a function
[2024-11-29T02:33:10.502Z] Error reading register 6507 for IP 10.30.4.128: previousOrderID is not defined
[2024-11-29T02:33:19.617Z] Error reading register 6507 for IP 10.30.4.128: previousOrderID is not defined
[2024-11-29T02:34:22.885Z] Lỗi trong quá trình xử lý yêu cầu xóa đơn: No response from client.
[2024-11-29T02:36:55.603Z] Error reading register 6507 for IP 10.30.4.128: orderID is not defined
[2024-11-29T02:36:56.617Z] Error reading register 6507 for IP 10.30.4.128: orderID is not defined
[2024-11-29T02:36:57.628Z] Error reading register 6507 for IP 10.30.4.128: orderID is not defined
[2024-11-29T02:36:58.641Z] Error reading register 6507 for IP 10.30.4.128: orderID is not defined
[2024-11-29T02:36:59.651Z] Error reading register 6507 for IP 10.30.4.128: orderID is not defined
[2024-11-29T02:37:00.660Z] Error reading register 6507 for IP 10.30.4.128: orderID is not defined
[2024-11-29T02:37:17.007Z] Error reading register 6507 for IP 10.30.4.128: orderID is not defined
[2024-11-29T02:37:18.020Z] Error reading register 6507 for IP 10.30.4.128: orderID is not defined
[2024-11-29T02:37:19.034Z] Error reading register 6507 for IP 10.30.4.128: orderID is not defined
[2024-11-29T02:37:20.046Z] Error reading register 6507 for IP 10.30.4.128: orderID is not defined
[2024-11-29T03:01:05.084Z] Error writing to Modbus register: OrderID is not defined
[2024-11-29T03:02:17.869Z] Error writing to Modbus register: Invalid column name 'IsActive'.
[2024-11-29T03:09:03.025Z] Unable to connect to device at 10.30.4.128: read ECONNRESET
[2024-11-29T03:09:03.977Z] Error reading register 6507 for IP 10.30.4.128: no connection to modbus server
[2024-11-29T03:09:03.977Z] Error reading or processing Modbus registers: no connection to modbus server
[2024-11-29T03:09:03.978Z] Error writing to Modbus register: no connection to modbus server
[2024-11-29T03:38:10.115Z] Error reading register 6507 for IP 10.30.4.128: no connection to modbus server
[2024-11-29T03:38:10.116Z] Error reading or processing Modbus registers: no connection to modbus server
[2024-11-29T03:38:10.116Z] Error writing to Modbus register: no connection to modbus server
[2024-11-29T03:38:11.130Z] Error reading register 6507 for IP 10.30.4.128: no connection to modbus server
[2024-11-29T03:38:11.130Z] Error reading or processing Modbus registers: no connection to modbus server
[2024-11-29T03:38:11.130Z] Error writing to Modbus register: no connection to modbus server
[2024-11-29T03:38:11.634Z] Device at 10.30.4.128 is not reachable. Skipping connection attempt.
[2024-11-29T03:38:12.133Z] Error reading register 6507 for IP 10.30.4.128: no connection to modbus server
[2024-11-29T03:38:12.133Z] Error reading or processing Modbus registers: no connection to modbus server
[2024-11-29T03:38:12.134Z] Error writing to Modbus register: no connection to modbus server
[2024-11-29T03:38:13.143Z] Error reading register 6507 for IP 10.30.4.128: no connection to modbus server
[2024-11-29T03:38:13.143Z] Error reading or processing Modbus registers: no connection to modbus server
[2024-11-29T03:38:13.144Z] Error writing to Modbus register: no connection to modbus server
[2024-11-29T03:38:14.153Z] Error reading register 6507 for IP 10.30.4.128: no connection to modbus server
[2024-11-29T03:38:14.153Z] Error reading or processing Modbus registers: no connection to modbus server
[2024-11-29T03:38:14.153Z] Error writing to Modbus register: no connection to modbus server
[2024-11-29T03:38:15.161Z] Error reading register 6507 for IP 10.30.4.128: no connection to modbus server
[2024-11-29T03:38:15.162Z] Error reading or processing Modbus registers: no connection to modbus server
[2024-11-29T03:38:15.162Z] Error writing to Modbus register: no connection to modbus server
[2024-11-29T03:38:16.171Z] Error reading register 6507 for IP 10.30.4.128: no connection to modbus server
[2024-11-29T03:38:16.171Z] Error reading or processing Modbus registers: no connection to modbus server
[2024-11-29T03:38:16.171Z] Error writing to Modbus register: no connection to modbus server
[2024-11-29T03:38:17.178Z] Error reading register 6507 for IP 10.30.4.128: no connection to modbus server
[2024-11-29T03:38:17.179Z] Error writing to Modbus register: no connection to modbus server
[2024-11-29T03:38:17.179Z] Error reading or processing Modbus registers: no connection to modbus server
[2024-11-29T03:38:18.189Z] Error reading register 6507 for IP 10.30.4.128: no connection to modbus server
[2024-11-29T03:38:18.189Z] Error reading or processing Modbus registers: no connection to modbus server
[2024-11-29T03:38:18.190Z] Error writing to Modbus register: no connection to modbus server
[2024-11-29T03:38:19.197Z] Error reading register 6507 for IP 10.30.4.128: no connection to modbus server
[2024-11-29T03:38:19.197Z] Error reading or processing Modbus registers: no connection to modbus server
[2024-11-29T03:38:19.198Z] Error writing to Modbus register: no connection to modbus server
[2024-11-29T03:38:20.229Z] Error reading register 6507 for IP 10.30.4.128: no connection to modbus server
[2024-11-29T03:38:20.229Z] Error reading or processing Modbus registers: no connection to modbus server
[2024-11-29T03:38:20.230Z] Error writing to Modbus register: no connection to modbus server
[2024-11-29T03:38:21.235Z] Error reading register 6507 for IP 10.30.4.128: no connection to modbus server
[2024-11-29T03:38:21.236Z] Error reading or processing Modbus registers: no connection to modbus server
[2024-11-29T03:38:21.236Z] Error writing to Modbus register: no connection to modbus server
[2024-11-29T03:38:22.249Z] Error reading register 6507 for IP 10.30.4.128: no connection to modbus server
[2024-11-29T03:38:22.250Z] Error reading or processing Modbus registers: no connection to modbus server
[2024-11-29T03:38:22.250Z] Error writing to Modbus register: no connection to modbus server
[2024-11-29T03:38:23.246Z] Error reading register 6507 for IP 10.30.4.128: no connection to modbus server
[2024-11-29T03:38:23.247Z] Error reading or processing Modbus registers: no connection to modbus server
[2024-11-29T03:38:23.262Z] Error writing to Modbus register: no connection to modbus server
[2024-11-29T03:38:24.247Z] Error reading register 6507 for IP 10.30.4.128: no connection to modbus server
[2024-11-29T03:38:24.247Z] Error reading or processing Modbus registers: no connection to modbus server
[2024-11-29T03:38:24.277Z] Error writing to Modbus register: no connection to modbus server
[2024-11-29T03:38:25.253Z] Error reading register 6507 for IP 10.30.4.128: no connection to modbus server
[2024-11-29T03:38:25.253Z] Error reading or processing Modbus registers: no connection to modbus server
[2024-11-29T03:38:25.283Z] Error writing to Modbus register: no connection to modbus server
[2024-11-29T03:38:26.261Z] Error reading register 6507 for IP 10.30.4.128: no connection to modbus server
[2024-11-29T03:38:26.261Z] Error reading or processing Modbus registers: no connection to modbus server
[2024-11-29T03:38:26.292Z] Error writing to Modbus register: no connection to modbus server
[2024-11-29T03:38:27.271Z] Error reading register 6507 for IP 10.30.4.128: no connection to modbus server
[2024-11-29T03:38:27.272Z] Error reading or processing Modbus registers: no connection to modbus server
[2024-11-29T03:38:27.303Z] Error writing to Modbus register: no connection to modbus server
[2024-11-29T03:38:28.280Z] Error reading register 6507 for IP 10.30.4.128: no connection to modbus server
[2024-11-29T03:38:28.280Z] Error reading or processing Modbus registers: no connection to modbus server
[2024-11-29T03:38:28.311Z] Error writing to Modbus register: no connection to modbus server
[2024-11-29T03:38:29.291Z] Error reading register 6507 for IP 10.30.4.128: no connection to modbus server
[2024-11-29T03:38:29.292Z] Error reading or processing Modbus registers: no connection to modbus server
[2024-11-29T03:38:29.321Z] Error writing to Modbus register: no connection to modbus server
[2024-11-29T03:38:30.300Z] Error reading register 6507 for IP 10.30.4.128: no connection to modbus server
[2024-11-29T03:38:30.300Z] Error reading or processing Modbus registers: no connection to modbus server
[2024-11-29T03:38:30.330Z] Error writing to Modbus register: no connection to modbus server
[2024-11-29T03:38:31.307Z] Error reading register 6507 for IP 10.30.4.128: no connection to modbus server
[2024-11-29T03:38:31.307Z] Error reading or processing Modbus registers: no connection to modbus server
[2024-11-29T03:38:31.337Z] Error writing to Modbus register: no connection to modbus server
[2024-11-29T03:38:32.322Z] Error reading register 6507 for IP 10.30.4.128: no connection to modbus server
[2024-11-29T03:38:32.322Z] Error reading or processing Modbus registers: no connection to modbus server
[2024-11-29T03:38:32.337Z] Error writing to Modbus register: no connection to modbus server
[2024-11-29T03:38:33.333Z] Error reading register 6507 for IP 10.30.4.128: no connection to modbus server
[2024-11-29T03:38:33.333Z] Error reading or processing Modbus registers: no connection to modbus server
[2024-11-29T03:38:33.348Z] Error writing to Modbus register: no connection to modbus server
[2024-11-29T03:38:34.342Z] Error reading register 6507 for IP 10.30.4.128: no connection to modbus server
[2024-11-29T03:38:34.342Z] Error reading or processing Modbus registers: no connection to modbus server
[2024-11-29T03:38:34.357Z] Error writing to Modbus register: no connection to modbus server
[2024-11-29T03:38:35.351Z] Error reading register 6507 for IP 10.30.4.128: no connection to modbus server
[2024-11-29T03:38:35.351Z] Error reading or processing Modbus registers: no connection to modbus server
[2024-11-29T03:38:35.367Z] Error writing to Modbus register: no connection to modbus server
[2024-11-29T03:38:36.352Z] Error reading register 6507 for IP 10.30.4.128: no connection to modbus server
[2024-11-29T03:38:36.352Z] Error reading or processing Modbus registers: no connection to modbus server
[2024-11-29T03:38:36.381Z] Error writing to Modbus register: no connection to modbus server
[2024-11-29T03:38:37.364Z] Error reading register 6507 for IP 10.30.4.128: no connection to modbus server
[2024-11-29T03:38:37.364Z] Error reading or processing Modbus registers: no connection to modbus server
[2024-11-29T03:38:37.395Z] Error writing to Modbus register: no connection to modbus server
[2024-11-29T03:38:38.375Z] Error reading register 6507 for IP 10.30.4.128: no connection to modbus server
[2024-11-29T03:38:38.376Z] Error reading or processing Modbus registers: no connection to modbus server
[2024-11-29T03:38:38.406Z] Error writing to Modbus register: no connection to modbus server
[2024-11-29T03:38:39.385Z] Error reading register 6507 for IP 10.30.4.128: no connection to modbus server
[2024-11-29T03:38:39.385Z] Error reading or processing Modbus registers: no connection to modbus server
[2024-11-29T03:38:39.415Z] Error writing to Modbus register: no connection to modbus server
[2024-11-29T03:38:40.395Z] Error reading register 6507 for IP 10.30.4.128: no connection to modbus server
[2024-11-29T03:38:40.395Z] Error reading or processing Modbus registers: no connection to modbus server
[2024-11-29T03:38:40.426Z] Error writing to Modbus register: no connection to modbus server
[2024-11-29T03:38:41.409Z] Error reading register 6507 for IP 10.30.4.128: no connection to modbus server
[2024-11-29T03:38:41.409Z] Error reading or processing Modbus registers: no connection to modbus server
[2024-11-29T03:38:41.440Z] Error writing to Modbus register: no connection to modbus server
[2024-11-29T03:38:42.422Z] Error reading register 6507 for IP 10.30.4.128: no connection to modbus server
[2024-11-29T03:38:42.423Z] Error reading or processing Modbus registers: no connection to modbus server
[2024-11-29T03:38:42.454Z] Error writing to Modbus register: no connection to modbus server
[2024-11-29T03:38:43.437Z] Error reading register 6507 for IP 10.30.4.128: no connection to modbus server
[2024-11-29T03:38:43.437Z] Error reading or processing Modbus registers: no connection to modbus server
[2024-11-29T03:38:43.468Z] Error writing to Modbus register: no connection to modbus server
[2024-11-29T03:38:44.449Z] Error reading register 6507 for IP 10.30.4.128: no connection to modbus server
[2024-11-29T03:38:44.449Z] Error reading or processing Modbus registers: no connection to modbus server
[2024-11-29T03:38:44.480Z] Error writing to Modbus register: no connection to modbus server
[2024-11-29T03:38:45.463Z] Error reading register 6507 for IP 10.30.4.128: no connection to modbus server
[2024-11-29T03:38:45.463Z] Error reading or processing Modbus registers: no connection to modbus server
[2024-11-29T03:38:45.493Z] Error writing to Modbus register: no connection to modbus server
[2024-11-29T03:38:46.463Z] Error reading register 6507 for IP 10.30.4.128: no connection to modbus server
[2024-11-29T03:38:46.464Z] Error reading or processing Modbus registers: no connection to modbus server
[2024-11-29T03:38:46.495Z] Error writing to Modbus register: no connection to modbus server
[2024-11-29T03:38:47.479Z] Error reading register 6507 for IP 10.30.4.128: no connection to modbus server
[2024-11-29T03:38:47.479Z] Error reading or processing Modbus registers: no connection to modbus server
[2024-11-29T03:38:47.495Z] Error writing to Modbus register: no connection to modbus server
[2024-11-29T03:38:48.487Z] Error reading register 6507 for IP 10.30.4.128: no connection to modbus server
[2024-11-29T03:38:48.487Z] Error reading or processing Modbus registers: no connection to modbus server
[2024-11-29T03:38:48.503Z] Error writing to Modbus register: no connection to modbus server
[2024-11-29T03:38:49.500Z] Error reading register 6507 for IP 10.30.4.128: no connection to modbus server
[2024-11-29T03:38:49.501Z] Error reading or processing Modbus registers: no connection to modbus server
[2024-11-29T03:38:49.502Z] Error writing to Modbus register: no connection to modbus server
[2024-11-29T03:38:50.508Z] Error reading register 6507 for IP 10.30.4.128: no connection to modbus server
[2024-11-29T03:38:50.509Z] Error reading or processing Modbus registers: no connection to modbus server
[2024-11-29T03:38:50.509Z] Error writing to Modbus register: no connection to modbus server
[2024-11-29T03:38:51.519Z] Error reading register 6507 for IP 10.30.4.128: no connection to modbus server
[2024-11-29T03:38:51.519Z] Error reading or processing Modbus registers: no connection to modbus server
[2024-11-29T03:38:51.520Z] Error writing to Modbus register: no connection to modbus server
[2024-11-29T03:38:52.531Z] Error reading register 6507 for IP 10.30.4.128: no connection to modbus server
[2024-11-29T03:38:52.531Z] Error reading or processing Modbus registers: no connection to modbus server
[2024-11-29T03:38:52.531Z] Error writing to Modbus register: no connection to modbus server
[2024-11-29T03:38:53.543Z] Error reading register 6507 for IP 10.30.4.128: no connection to modbus server
[2024-11-29T03:38:53.543Z] Error reading or processing Modbus registers: no connection to modbus server
[2024-11-29T03:38:53.544Z] Error writing to Modbus register: no connection to modbus server
[2024-11-29T03:38:54.552Z] Error reading register 6507 for IP 10.30.4.128: no connection to modbus server
[2024-11-29T03:38:54.553Z] Error reading or processing Modbus registers: no connection to modbus server
[2024-11-29T03:38:54.553Z] Error writing to Modbus register: no connection to modbus server
[2024-11-29T03:38:55.563Z] Error reading register 6507 for IP 10.30.4.128: no connection to modbus server
[2024-11-29T03:38:55.563Z] Error reading or processing Modbus registers: no connection to modbus server
[2024-11-29T03:38:55.563Z] Error writing to Modbus register: no connection to modbus server
[2024-11-29T03:38:56.571Z] Error reading register 6507 for IP 10.30.4.128: no connection to modbus server
[2024-11-29T03:38:56.571Z] Error reading or processing Modbus registers: no connection to modbus server
[2024-11-29T03:38:56.571Z] Error writing to Modbus register: no connection to modbus server
[2024-11-29T03:54:12.534Z] Lỗi trong quá trình xử lý yêu cầu xóa đơn: No response from client.
[2024-11-29T03:54:24.680Z] Lỗi trong quá trình xử lý yêu cầu xóa đơn: No response from client.
[2024-11-29T03:58:46.467Z] Lỗi trong quá trình xử lý yêu cầu xóa đơn: No response from client.
[2024-11-29T04:15:49.187Z] Lỗi trong quá trình xử lý yêu cầu xóa đơn: No response from client.
[2024-11-29T04:17:41.944Z] Error reading or processing Modbus registers: Req timed out
[2024-11-29T04:17:43.735Z] Device at 10.30.4.128 is not reachable. Skipping connection attempt.
[2024-11-29T04:17:51.248Z] Device at 10.30.4.128 is not reachable. Skipping connection attempt.
[2024-11-29T04:17:56.966Z] Error reading register 6507 for IP 10.30.4.128: Req timed out
[2024-11-29T04:17:58.313Z] Unable to connect to device at 10.30.4.128: read ECONNRESET
[2024-11-29T04:17:58.316Z] Error writing to Modbus register: rejecting because of earlier OutOfSync error
[2024-11-29T04:17:58.316Z] Error reading register 6507 for IP 10.30.4.128: rejecting because of earlier OutOfSync error
[2024-11-29T04:17:58.316Z] Error writing to Modbus register: rejecting because of earlier OutOfSync error
[2024-11-29T04:17:58.316Z] Error reading register 6507 for IP 10.30.4.128: rejecting because of earlier OutOfSync error
[2024-11-29T04:17:58.316Z] Error writing to Modbus register: rejecting because of earlier OutOfSync error
[2024-11-29T04:17:58.316Z] Error reading register 6507 for IP 10.30.4.128: rejecting because of earlier OutOfSync error
[2024-11-29T04:17:58.317Z] Error writing to Modbus register: rejecting because of earlier OutOfSync error
[2024-11-29T04:17:58.317Z] Error reading register 6507 for IP 10.30.4.128: rejecting because of earlier OutOfSync error
[2024-11-29T04:17:58.317Z] Error writing to Modbus register: rejecting because of earlier OutOfSync error
[2024-11-29T04:17:58.317Z] Error reading register 6507 for IP 10.30.4.128: rejecting because of earlier OutOfSync error
[2024-11-29T04:17:58.317Z] Error writing to Modbus register: rejecting because of earlier OutOfSync error
[2024-11-29T04:17:58.317Z] Error reading register 6507 for IP 10.30.4.128: rejecting because of earlier OutOfSync error
[2024-11-29T04:17:58.317Z] Error writing to Modbus register: rejecting because of earlier OutOfSync error
[2024-11-29T04:17:58.317Z] Error reading register 6507 for IP 10.30.4.128: rejecting because of earlier OutOfSync error
[2024-11-29T04:17:58.317Z] Error writing to Modbus register: rejecting because of earlier OutOfSync error
[2024-11-29T04:17:58.318Z] Error reading register 6507 for IP 10.30.4.128: rejecting because of earlier OutOfSync error
[2024-11-29T04:17:58.318Z] Error reading register 6507 for IP 10.30.4.128: rejecting because of earlier OutOfSync error
[2024-11-29T04:17:58.318Z] Error reading register 6507 for IP 10.30.4.128: rejecting because of earlier OutOfSync error
[2024-11-29T04:17:58.318Z] Error writing to Modbus register: rejecting because of earlier OutOfSync error
[2024-11-29T04:17:58.319Z] Error reading register 6507 for IP 10.30.4.128: rejecting because of earlier OutOfSync error
[2024-11-29T04:17:58.318Z] Error writing to Modbus register: rejecting because of earlier OutOfSync error
[2024-11-29T04:17:58.319Z] Error writing to Modbus register: rejecting because of earlier OutOfSync error
[2024-11-29T04:17:58.319Z] Error reading register 6507 for IP 10.30.4.128: rejecting because of earlier OutOfSync error
[2024-11-29T04:17:58.319Z] Error writing to Modbus register: rejecting because of earlier OutOfSync error
[2024-11-29T04:17:58.318Z] Error writing to Modbus register: rejecting because of earlier OutOfSync error
[2024-11-29T04:17:58.319Z] Error reading register 6507 for IP 10.30.4.128: rejecting because of earlier OutOfSync error
[2024-11-29T04:17:58.319Z] Error writing to Modbus register: rejecting because of earlier OutOfSync error
[2024-11-29T04:17:58.319Z] Error reading register 6507 for IP 10.30.4.128: rejecting because of earlier OutOfSync error
[2024-11-29T04:17:58.319Z] Error writing to Modbus register: rejecting because of earlier OutOfSync error
[2024-11-29T04:17:58.320Z] Error reading register 6507 for IP 10.30.4.128: rejecting because of earlier OutOfSync error
[2024-11-29T04:17:58.320Z] Error writing to Modbus register: rejecting because of earlier OutOfSync error
[2024-11-29T04:17:58.320Z] Error reading register 6507 for IP 10.30.4.128: rejecting because of earlier OutOfSync error
[2024-11-29T04:17:58.320Z] Error writing to Modbus register: rejecting because of earlier OutOfSync error
[2024-11-29T04:17:58.320Z] Error reading register 6507 for IP 10.30.4.128: rejecting because of earlier OutOfSync error
[2024-11-29T04:17:58.320Z] Error writing to Modbus register: rejecting because of earlier OutOfSync error
[2024-11-29T04:17:58.320Z] Error reading register 6507 for IP 10.30.4.128: rejecting because of earlier OutOfSync error
[2024-11-29T04:17:58.320Z] Error writing to Modbus register: rejecting because of earlier OutOfSync error
[2024-11-29T04:17:58.321Z] Error reading register 6507 for IP 10.30.4.128: rejecting because of earlier OutOfSync error
[2024-11-29T04:17:58.321Z] Error writing to Modbus register: rejecting because of earlier OutOfSync error
[2024-11-29T04:17:58.321Z] Error reading register 6507 for IP 10.30.4.128: rejecting because of earlier OutOfSync error
[2024-11-29T04:17:58.321Z] Error writing to Modbus register: rejecting because of earlier OutOfSync error
[2024-11-29T04:17:58.321Z] Error reading register 6507 for IP 10.30.4.128: rejecting because of earlier OutOfSync error
[2024-11-29T04:17:58.321Z] Error writing to Modbus register: rejecting because of earlier OutOfSync error
[2024-11-29T04:17:58.321Z] Error reading or processing Modbus registers: rejecting because of earlier OutOfSync error
[2024-11-29T04:17:58.321Z] Error reading or processing Modbus registers: rejecting because of earlier OutOfSync error
[2024-11-29T04:17:58.322Z] Error reading or processing Modbus registers: rejecting because of earlier OutOfSync error
[2024-11-29T04:17:58.322Z] Error reading or processing Modbus registers: rejecting because of earlier OutOfSync error
[2024-11-29T04:17:58.322Z] Error reading or processing Modbus registers: rejecting because of earlier OutOfSync error
[2024-11-29T04:17:58.322Z] Error reading or processing Modbus registers: rejecting because of earlier OutOfSync error
[2024-11-29T04:17:58.322Z] Error reading or processing Modbus registers: rejecting because of earlier OutOfSync error
[2024-11-29T04:17:58.322Z] Error reading or processing Modbus registers: rejecting because of earlier OutOfSync error
[2024-11-29T04:17:58.322Z] Error reading or processing Modbus registers: rejecting because of earlier OutOfSync error
[2024-11-29T04:17:58.323Z] Error reading or processing Modbus registers: rejecting because of earlier OutOfSync error
[2024-11-29T04:17:58.323Z] Error reading or processing Modbus registers: rejecting because of earlier OutOfSync error
[2024-11-29T04:17:58.322Z] Error reading or processing Modbus registers: rejecting because of earlier OutOfSync error
[2024-11-29T04:17:58.322Z] Error reading or processing Modbus registers: rejecting because of earlier OutOfSync error
[2024-11-29T04:17:58.323Z] Error reading or processing Modbus registers: rejecting because of earlier OutOfSync error
[2024-11-29T04:17:58.323Z] Error reading or processing Modbus registers: rejecting because of earlier OutOfSync error
[2024-11-29T04:17:58.323Z] Error reading or processing Modbus registers: rejecting because of earlier OutOfSync error
[2024-11-29T04:17:58.323Z] Error reading or processing Modbus registers: rejecting because of earlier OutOfSync error
[2024-11-29T04:17:58.323Z] Error reading or processing Modbus registers: rejecting because of earlier OutOfSync error
[2024-11-29T04:17:58.323Z] Error reading or processing Modbus registers: rejecting because of earlier OutOfSync error
[2024-11-29T04:17:58.323Z] Error reading or processing Modbus registers: rejecting because of earlier OutOfSync error
[2024-11-29T04:17:58.324Z] Error reading or processing Modbus registers: rejecting because of earlier OutOfSync error
[2024-11-29T04:17:59.172Z] Error reading register 6507 for IP 10.30.4.128: no connection to modbus server
[2024-11-29T04:17:59.172Z] Error reading or processing Modbus registers: no connection to modbus server
[2024-11-29T04:17:59.173Z] Error writing to Modbus register: no connection to modbus server
[2024-11-29T04:18:00.172Z] Error reading register 6507 for IP 10.30.4.128: no connection to modbus server
[2024-11-29T04:18:00.172Z] Error reading or processing Modbus registers: no connection to modbus server
[2024-11-29T04:18:00.173Z] Error writing to Modbus register: no connection to modbus server
[2024-11-29T04:18:01.184Z] Error reading register 6507 for IP 10.30.4.128: no connection to modbus server
[2024-11-29T04:18:01.184Z] Error reading or processing Modbus registers: no connection to modbus server
[2024-11-29T04:18:01.184Z] Error writing to Modbus register: no connection to modbus server
[2024-11-29T04:18:02.197Z] Error reading register 6507 for IP 10.30.4.128: no connection to modbus server
[2024-11-29T04:18:02.198Z] Error reading or processing Modbus registers: no connection to modbus server
[2024-11-29T04:18:02.198Z] Error writing to Modbus register: no connection to modbus server
[2024-11-29T04:18:03.211Z] Error reading register 6507 for IP 10.30.4.128: no connection to modbus server
[2024-11-29T04:18:03.211Z] Error reading or processing Modbus registers: no connection to modbus server
[2024-11-29T04:18:03.211Z] Error writing to Modbus register: no connection to modbus server
[2024-11-29T04:18:04.225Z] Error reading register 6507 for IP 10.30.4.128: no connection to modbus server
[2024-11-29T04:18:04.225Z] Error reading or processing Modbus registers: no connection to modbus server
[2024-11-29T04:18:04.225Z] Error writing to Modbus register: no connection to modbus server
[2024-11-29T04:18:05.236Z] Error reading register 6507 for IP 10.30.4.128: no connection to modbus server
[2024-11-29T04:18:05.236Z] Error reading or processing Modbus registers: no connection to modbus server
[2024-11-29T04:18:05.236Z] Error writing to Modbus register: no connection to modbus server
[2024-11-29T04:18:06.237Z] Error reading register 6507 for IP 10.30.4.128: no connection to modbus server
[2024-11-29T04:18:06.237Z] Error reading or processing Modbus registers: no connection to modbus server
[2024-11-29T04:18:06.237Z] Error writing to Modbus register: no connection to modbus server
[2024-11-29T04:18:07.251Z] Error reading register 6507 for IP 10.30.4.128: no connection to modbus server
[2024-11-29T04:18:07.251Z] Error reading or processing Modbus registers: no connection to modbus server
[2024-11-29T04:18:07.251Z] Error writing to Modbus register: no connection to modbus server
[2024-11-29T04:18:08.250Z] Error reading register 6507 for IP 10.30.4.128: no connection to modbus server
[2024-11-29T04:18:08.250Z] Error reading or processing Modbus registers: no connection to modbus server
[2024-11-29T04:18:08.251Z] Error writing to Modbus register: no connection to modbus server
[2024-11-29T04:18:09.257Z] Error reading register 6507 for IP 10.30.4.128: no connection to modbus server
[2024-11-29T04:18:09.257Z] Error reading or processing Modbus registers: no connection to modbus server
[2024-11-29T04:18:09.257Z] Error writing to Modbus register: no connection to modbus server
[2024-11-29T04:18:10.266Z] Error reading register 6507 for IP 10.30.4.128: no connection to modbus server
[2024-11-29T04:18:10.266Z] Error reading or processing Modbus registers: no connection to modbus server
[2024-11-29T04:18:10.266Z] Error writing to Modbus register: no connection to modbus server
[2024-11-29T04:18:11.280Z] Error reading register 6507 for IP 10.30.4.128: no connection to modbus server
[2024-11-29T04:18:11.280Z] Error reading or processing Modbus registers: no connection to modbus server
[2024-11-29T04:18:11.280Z] Error writing to Modbus register: no connection to modbus server
[2024-11-29T04:18:12.281Z] Error reading register 6507 for IP 10.30.4.128: no connection to modbus server
[2024-11-29T04:18:12.281Z] Error reading or processing Modbus registers: no connection to modbus server
[2024-11-29T04:18:12.281Z] Error writing to Modbus register: no connection to modbus server
[2024-11-29T04:18:13.294Z] Error reading register 6507 for IP 10.30.4.128: no connection to modbus server
[2024-11-29T04:18:13.294Z] Error reading or processing Modbus registers: no connection to modbus server
[2024-11-29T04:18:13.294Z] Error writing to Modbus register: no connection to modbus server
[2024-11-29T04:18:14.304Z] Error reading register 6507 for IP 10.30.4.128: no connection to modbus server
[2024-11-29T04:18:14.304Z] Error reading or processing Modbus registers: no connection to modbus server
[2024-11-29T04:18:14.304Z] Error writing to Modbus register: no connection to modbus server
[2024-11-29T04:18:15.319Z] Error reading register 6507 for IP 10.30.4.128: no connection to modbus server
[2024-11-29T04:18:15.319Z] Error reading or processing Modbus registers: no connection to modbus server
[2024-11-29T04:18:15.319Z] Error writing to Modbus register: no connection to modbus server
[2024-11-29T04:18:16.331Z] Error reading register 6507 for IP 10.30.4.128: no connection to modbus server
[2024-11-29T04:18:16.331Z] Error reading or processing Modbus registers: no connection to modbus server
[2024-11-29T04:18:16.331Z] Error writing to Modbus register: no connection to modbus server
[2024-11-29T04:18:17.331Z] Error reading register 6507 for IP 10.30.4.128: no connection to modbus server
[2024-11-29T04:18:17.331Z] Error reading or processing Modbus registers: no connection to modbus server
[2024-11-29T04:18:17.332Z] Error writing to Modbus register: no connection to modbus server
[2024-11-29T04:18:18.343Z] Error reading register 6507 for IP 10.30.4.128: no connection to modbus server
[2024-11-29T04:18:18.343Z] Error reading or processing Modbus registers: no connection to modbus server
[2024-11-29T04:18:18.343Z] Error writing to Modbus register: no connection to modbus server
[2024-11-29T04:18:19.356Z] Error reading register 6507 for IP 10.30.4.128: no connection to modbus server
[2024-11-29T04:18:19.356Z] Error reading or processing Modbus registers: no connection to modbus server
[2024-11-29T04:18:19.356Z] Error writing to Modbus register: no connection to modbus server
[2024-11-29T04:18:20.367Z] Error reading register 6507 for IP 10.30.4.128: no connection to modbus server
[2024-11-29T04:18:20.367Z] Error reading or processing Modbus registers: no connection to modbus server
[2024-11-29T04:18:20.367Z] Error writing to Modbus register: no connection to modbus server
[2024-11-29T04:18:21.379Z] Error reading register 6507 for IP 10.30.4.128: no connection to modbus server
[2024-11-29T04:18:21.380Z] Error reading or processing Modbus registers: no connection to modbus server
[2024-11-29T04:18:21.380Z] Error writing to Modbus register: no connection to modbus server
[2024-11-29T04:18:22.392Z] Error reading register 6507 for IP 10.30.4.128: no connection to modbus server
[2024-11-29T04:18:22.392Z] Error reading or processing Modbus registers: no connection to modbus server
[2024-11-29T04:18:22.393Z] Error writing to Modbus register: no connection to modbus server
[2024-11-29T04:18:23.404Z] Error reading register 6507 for IP 10.30.4.128: no connection to modbus server
[2024-11-29T04:18:23.404Z] Error reading or processing Modbus registers: no connection to modbus server
[2024-11-29T04:18:23.404Z] Error writing to Modbus register: no connection to modbus server
[2024-11-29T04:18:24.419Z] Error reading register 6507 for IP 10.30.4.128: no connection to modbus server
[2024-11-29T04:18:24.420Z] Error reading or processing Modbus registers: no connection to modbus server
[2024-11-29T04:18:24.420Z] Error writing to Modbus register: no connection to modbus server
[2024-11-29T04:18:25.420Z] Error reading register 6507 for IP 10.30.4.128: no connection to modbus server
[2024-11-29T04:18:25.420Z] Error reading or processing Modbus registers: no connection to modbus server
[2024-11-29T04:18:25.435Z] Error writing to Modbus register: no connection to modbus server
[2024-11-29T04:18:26.434Z] Error reading register 6507 for IP 10.30.4.128: no connection to modbus server
[2024-11-29T04:18:26.434Z] Error reading or processing Modbus registers: no connection to modbus server
[2024-11-29T04:18:26.435Z] Error writing to Modbus register: no connection to modbus server
[2024-11-29T04:18:27.435Z] Error reading register 6507 for IP 10.30.4.128: no connection to modbus server
[2024-11-29T04:18:27.435Z] Error reading or processing Modbus registers: no connection to modbus server
[2024-11-29T04:18:27.436Z] Error writing to Modbus register: no connection to modbus server
[2024-11-29T04:18:28.449Z] Error reading register 6507 for IP 10.30.4.128: no connection to modbus server
[2024-11-29T04:18:28.449Z] Error reading or processing Modbus registers: no connection to modbus server
[2024-11-29T04:18:28.450Z] Error writing to Modbus register: no connection to modbus server
[2024-11-29T04:18:29.463Z] Error reading register 6507 for IP 10.30.4.128: no connection to modbus server
[2024-11-29T04:18:29.463Z] Error reading or processing Modbus registers: no connection to modbus server
[2024-11-29T04:18:29.464Z] Error writing to Modbus register: no connection to modbus server
[2024-11-29T04:18:30.478Z] Error reading register 6507 for IP 10.30.4.128: no connection to modbus server
[2024-11-29T04:18:30.479Z] Error reading or processing Modbus registers: no connection to modbus server
[2024-11-29T04:18:30.479Z] Error writing to Modbus register: no connection to modbus server
[2024-11-29T04:18:31.479Z] Error reading register 6507 for IP 10.30.4.128: no connection to modbus server
[2024-11-29T04:18:31.479Z] Error reading or processing Modbus registers: no connection to modbus server
[2024-11-29T04:18:31.480Z] Error writing to Modbus register: no connection to modbus server
[2024-11-29T04:18:32.490Z] Error reading register 6507 for IP 10.30.4.128: no connection to modbus server
[2024-11-29T04:18:32.490Z] Error reading or processing Modbus registers: no connection to modbus server
[2024-11-29T04:18:32.490Z] Error writing to Modbus register: no connection to modbus server
[2024-11-29T04:18:33.501Z] Error reading or processing Modbus registers: no connection to modbus server
[2024-11-29T04:18:33.501Z] Error reading register 6507 for IP 10.30.4.128: no connection to modbus server
[2024-11-29T04:18:33.501Z] Error writing to Modbus register: no connection to modbus server
[2024-11-29T04:18:34.512Z] Error reading register 6507 for IP 10.30.4.128: no connection to modbus server
[2024-11-29T04:18:34.512Z] Error reading or processing Modbus registers: no connection to modbus server
[2024-11-29T04:18:34.512Z] Error writing to Modbus register: no connection to modbus server
[2024-11-29T04:18:35.524Z] Error reading register 6507 for IP 10.30.4.128: no connection to modbus server
[2024-11-29T04:18:35.524Z] Error reading or processing Modbus registers: no connection to modbus server
[2024-11-29T04:18:35.524Z] Error writing to Modbus register: no connection to modbus server
[2024-11-29T04:18:36.538Z] Error reading register 6507 for IP 10.30.4.128: no connection to modbus server
[2024-11-29T04:18:36.539Z] Error reading or processing Modbus registers: no connection to modbus server
[2024-11-29T04:18:36.539Z] Error writing to Modbus register: no connection to modbus server
[2024-11-29T04:18:37.555Z] Error reading register 6507 for IP 10.30.4.128: no connection to modbus server
[2024-11-29T04:18:37.555Z] Error reading or processing Modbus registers: no connection to modbus server
[2024-11-29T04:18:37.555Z] Error writing to Modbus register: no connection to modbus server
[2024-11-29T04:18:38.566Z] Error reading register 6507 for IP 10.30.4.128: no connection to modbus server
[2024-11-29T04:18:38.566Z] Error reading or processing Modbus registers: no connection to modbus server
[2024-11-29T04:18:38.566Z] Error writing to Modbus register: no connection to modbus server
[2024-11-29T04:18:39.575Z] Error reading register 6507 for IP 10.30.4.128: no connection to modbus server
[2024-11-29T04:18:39.575Z] Error reading or processing Modbus registers: no connection to modbus server
[2024-11-29T04:18:39.576Z] Error writing to Modbus register: no connection to modbus server
[2024-11-29T04:18:40.589Z] Error reading register 6507 for IP 10.30.4.128: no connection to modbus server
[2024-11-29T04:18:40.589Z] Error reading or processing Modbus registers: no connection to modbus server
[2024-11-29T04:18:40.590Z] Error writing to Modbus register: no connection to modbus server
[2024-11-29T04:18:41.599Z] Error reading or processing Modbus registers: no connection to modbus server
[2024-11-29T04:18:41.599Z] Error writing to Modbus register: no connection to modbus server
[2024-11-29T04:18:41.598Z] Error reading register 6507 for IP 10.30.4.128: no connection to modbus server
[2024-11-29T04:18:42.610Z] Error reading register 6507 for IP 10.30.4.128: no connection to modbus server
[2024-11-29T04:18:42.610Z] Error writing to Modbus register: no connection to modbus server
[2024-11-29T04:18:42.610Z] Error reading or processing Modbus registers: no connection to modbus server
[2024-11-29T04:18:43.624Z] Error reading register 6507 for IP 10.30.4.128: no connection to modbus server
[2024-11-29T04:18:43.624Z] Error reading or processing Modbus registers: no connection to modbus server
[2024-11-29T04:18:43.625Z] Error writing to Modbus register: no connection to modbus server
[2024-11-29T04:18:44.639Z] Error reading register 6507 for IP 10.30.4.128: no connection to modbus server
[2024-11-29T04:18:44.639Z] Error reading or processing Modbus registers: no connection to modbus server
[2024-11-29T04:18:44.639Z] Error writing to Modbus register: no connection to modbus server
[2024-11-29T04:18:45.652Z] Error reading register 6507 for IP 10.30.4.128: no connection to modbus server
[2024-11-29T04:18:45.652Z] Error reading or processing Modbus registers: no connection to modbus server
[2024-11-29T04:18:45.652Z] Error writing to Modbus register: no connection to modbus server
[2024-11-29T04:18:46.665Z] Error reading register 6507 for IP 10.30.4.128: no connection to modbus server
[2024-11-29T04:18:46.665Z] Error writing to Modbus register: no connection to modbus server
[2024-11-29T04:18:46.665Z] Error reading or processing Modbus registers: no connection to modbus server
[2024-11-29T04:18:47.677Z] Error reading register 6507 for IP 10.30.4.128: no connection to modbus server
[2024-11-29T04:18:47.677Z] Error reading or processing Modbus registers: no connection to modbus server
[2024-11-29T04:18:47.677Z] Error writing to Modbus register: no connection to modbus server
[2024-11-29T04:18:48.677Z] Error reading register 6507 for IP 10.30.4.128: no connection to modbus server
[2024-11-29T04:18:48.677Z] Error reading or processing Modbus registers: no connection to modbus server
[2024-11-29T04:18:48.677Z] Error writing to Modbus register: no connection to modbus server
[2024-11-29T04:18:49.691Z] Error reading register 6507 for IP 10.30.4.128: no connection to modbus server
[2024-11-29T04:18:49.691Z] Error reading or processing Modbus registers: no connection to modbus server
[2024-11-29T04:18:49.692Z] Error writing to Modbus register: no connection to modbus server
[2024-11-29T04:18:50.702Z] Error reading register 6507 for IP 10.30.4.128: no connection to modbus server
[2024-11-29T04:18:50.703Z] Error reading or processing Modbus registers: no connection to modbus server
[2024-11-29T04:18:50.703Z] Error writing to Modbus register: no connection to modbus server
[2024-11-29T04:18:51.704Z] Error reading register 6507 for IP 10.30.4.128: no connection to modbus server
[2024-11-29T04:18:51.704Z] Error reading or processing Modbus registers: no connection to modbus server
[2024-11-29T04:18:51.704Z] Error writing to Modbus register: no connection to modbus server
[2024-11-29T04:18:52.703Z] Error reading register 6507 for IP 10.30.4.128: no connection to modbus server
[2024-11-29T04:18:52.704Z] Error reading or processing Modbus registers: no connection to modbus server
[2024-11-29T04:18:52.704Z] Error writing to Modbus register: no connection to modbus server
[2024-11-29T04:18:53.714Z] Error reading register 6507 for IP 10.30.4.128: no connection to modbus server
[2024-11-29T04:18:53.714Z] Error reading or processing Modbus registers: no connection to modbus server
[2024-11-29T04:18:53.714Z] Error writing to Modbus register: no connection to modbus server
[2024-11-29T04:18:54.714Z] Error reading register 6507 for IP 10.30.4.128: no connection to modbus server
[2024-11-29T04:18:54.714Z] Error reading or processing Modbus registers: no connection to modbus server
[2024-11-29T04:18:54.714Z] Error writing to Modbus register: no connection to modbus server
[2024-11-29T04:18:55.730Z] Error reading register 6507 for IP 10.30.4.128: no connection to modbus server
[2024-11-29T04:18:55.730Z] Error reading or processing Modbus registers: no connection to modbus server
[2024-11-29T04:18:55.730Z] Error writing to Modbus register: no connection to modbus server
[2024-11-29T04:18:56.734Z] Error reading register 6507 for IP 10.30.4.128: no connection to modbus server
[2024-11-29T04:18:56.735Z] Error reading or processing Modbus registers: no connection to modbus server
[2024-11-29T04:18:56.735Z] Error writing to Modbus register: no connection to modbus server
[2024-11-29T04:18:57.737Z] Error reading register 6507 for IP 10.30.4.128: no connection to modbus server
[2024-11-29T04:18:57.738Z] Error reading or processing Modbus registers: no connection to modbus server
[2024-11-29T04:18:57.738Z] Error writing to Modbus register: no connection to modbus server
[2024-11-29T04:18:58.739Z] Error reading register 6507 for IP 10.30.4.128: no connection to modbus server
[2024-11-29T04:18:58.739Z] Error reading or processing Modbus registers: no connection to modbus server
[2024-11-29T04:18:58.739Z] Error writing to Modbus register: no connection to modbus server
[2024-11-29T04:18:59.754Z] Error reading register 6507 for IP 10.30.4.128: no connection to modbus server
[2024-11-29T04:18:59.754Z] Error reading or processing Modbus registers: no connection to modbus server
[2024-11-29T04:18:59.755Z] Error writing to Modbus register: no connection to modbus server
[2024-11-29T04:19:00.767Z] Error reading register 6507 for IP 10.30.4.128: no connection to modbus server
[2024-11-29T04:19:00.767Z] Error reading or processing Modbus registers: no connection to modbus server
[2024-11-29T04:19:00.768Z] Error writing to Modbus register: no connection to modbus server
[2024-11-29T04:34:07.679Z] Unable to connect to device at 10.30.4.128: read ECONNRESET
[2024-11-29T04:34:08.554Z] Error reading register 6507 for IP 10.30.4.128: no connection to modbus server
[2024-11-29T04:34:08.554Z] Error reading or processing Modbus registers: no connection to modbus server
[2024-11-29T04:34:08.555Z] Error writing to Modbus register: no connection to modbus server
[2024-11-29T05:28:36.027Z] Error reading register 6507 for IP 10.30.4.128: no connection to modbus server
[2024-11-29T05:28:36.027Z] Error reading or processing Modbus registers: no connection to modbus server
[2024-11-29T05:28:36.027Z] Error writing to Modbus register: no connection to modbus server
[2024-11-29T05:28:37.034Z] Error reading register 6507 for IP 10.30.4.128: no connection to modbus server
[2024-11-29T05:28:37.034Z] Error reading or processing Modbus registers: no connection to modbus server
[2024-11-29T05:28:37.034Z] Error writing to Modbus register: no connection to modbus server
[2024-11-29T05:28:37.446Z] Device at 10.30.4.128 is not reachable. Skipping connection attempt.
[2024-11-29T05:28:38.046Z] Error reading register 6507 for IP 10.30.4.128: no connection to modbus server
[2024-11-29T05:28:38.046Z] Error reading or processing Modbus registers: no connection to modbus server
[2024-11-29T05:28:38.046Z] Error writing to Modbus register: no connection to modbus server
[2024-11-29T05:28:39.057Z] Error reading register 6507 for IP 10.30.4.128: no connection to modbus server
[2024-11-29T05:28:39.057Z] Error reading or processing Modbus registers: no connection to modbus server
[2024-11-29T05:28:39.057Z] Error writing to Modbus register: no connection to modbus server
[2024-11-29T05:28:40.059Z] Error reading register 6507 for IP 10.30.4.128: no connection to modbus server
[2024-11-29T05:28:40.059Z] Error reading or processing Modbus registers: no connection to modbus server
[2024-11-29T05:28:40.059Z] Error writing to Modbus register: no connection to modbus server
[2024-11-29T05:28:41.066Z] Error reading register 6507 for IP 10.30.4.128: no connection to modbus server
[2024-11-29T05:28:41.066Z] Error reading or processing Modbus registers: no connection to modbus server
[2024-11-29T05:28:41.066Z] Error writing to Modbus register: no connection to modbus server
[2024-11-29T05:28:42.073Z] Error reading register 6507 for IP 10.30.4.128: no connection to modbus server
[2024-11-29T05:28:42.073Z] Error reading or processing Modbus registers: no connection to modbus server
[2024-11-29T05:28:42.073Z] Error writing to Modbus register: no connection to modbus server
[2024-11-29T05:28:43.083Z] Error reading register 6507 for IP 10.30.4.128: no connection to modbus server
[2024-11-29T05:28:43.083Z] Error reading or processing Modbus registers: no connection to modbus server
[2024-11-29T05:28:43.083Z] Error writing to Modbus register: no connection to modbus server
[2024-11-29T05:28:44.092Z] Error reading register 6507 for IP 10.30.4.128: no connection to modbus server
[2024-11-29T05:28:44.093Z] Error reading or processing Modbus registers: no connection to modbus server
[2024-11-29T05:28:44.093Z] Error writing to Modbus register: no connection to modbus server
[2024-11-29T05:28:45.104Z] Error reading register 6507 for IP 10.30.4.128: no connection to modbus server
[2024-11-29T05:28:45.104Z] Error reading or processing Modbus registers: no connection to modbus server
[2024-11-29T05:28:45.104Z] Error writing to Modbus register: no connection to modbus server
[2024-11-29T05:28:46.109Z] Error reading register 6507 for IP 10.30.4.128: no connection to modbus server
[2024-11-29T05:28:46.110Z] Error reading or processing Modbus registers: no connection to modbus server
[2024-11-29T05:28:46.110Z] Error writing to Modbus register: no connection to modbus server
[2024-11-29T05:28:47.114Z] Error reading register 6507 for IP 10.30.4.128: no connection to modbus server
[2024-11-29T05:28:47.114Z] Error reading or processing Modbus registers: no connection to modbus server
[2024-11-29T05:28:47.114Z] Error writing to Modbus register: no connection to modbus server
[2024-11-29T05:28:48.120Z] Error reading register 6507 for IP 10.30.4.128: no connection to modbus server
[2024-11-29T05:28:48.120Z] Error reading or processing Modbus registers: no connection to modbus server
[2024-11-29T05:28:48.121Z] Error writing to Modbus register: no connection to modbus server
[2024-11-29T05:28:49.127Z] Error reading register 6507 for IP 10.30.4.128: no connection to modbus server
[2024-11-29T05:28:49.127Z] Error reading or processing Modbus registers: no connection to modbus server
[2024-11-29T05:28:49.127Z] Error writing to Modbus register: no connection to modbus server
[2024-11-29T05:28:50.128Z] Error reading register 6507 for IP 10.30.4.128: no connection to modbus server
[2024-11-29T05:28:50.128Z] Error reading or processing Modbus registers: no connection to modbus server
[2024-11-29T05:28:50.128Z] Error writing to Modbus register: no connection to modbus server
[2024-11-29T05:28:51.141Z] Error reading register 6507 for IP 10.30.4.128: no connection to modbus server
[2024-11-29T05:28:51.141Z] Error reading or processing Modbus registers: no connection to modbus server
[2024-11-29T05:28:51.141Z] Error writing to Modbus register: no connection to modbus server
[2024-11-29T05:28:52.154Z] Error reading register 6507 for IP 10.30.4.128: no connection to modbus server
[2024-11-29T05:28:52.155Z] Error reading or processing Modbus registers: no connection to modbus server
[2024-11-29T05:28:52.155Z] Error writing to Modbus register: no connection to modbus server
[2024-11-29T05:28:53.162Z] Error reading register 6507 for IP 10.30.4.128: no connection to modbus server
[2024-11-29T05:28:53.162Z] Error reading or processing Modbus registers: no connection to modbus server
[2024-11-29T05:28:53.163Z] Error writing to Modbus register: no connection to modbus server
[2024-11-29T05:28:54.176Z] Error reading register 6507 for IP 10.30.4.128: no connection to modbus server
[2024-11-29T05:28:54.177Z] Error reading or processing Modbus registers: no connection to modbus server
[2024-11-29T05:28:54.177Z] Error writing to Modbus register: no connection to modbus server
[2024-11-29T05:28:55.187Z] Error reading register 6507 for IP 10.30.4.128: no connection to modbus server
[2024-11-29T05:28:55.187Z] Error reading or processing Modbus registers: no connection to modbus server
[2024-11-29T05:28:55.187Z] Error writing to Modbus register: no connection to modbus server
[2024-11-29T05:28:56.197Z] Error reading register 6507 for IP 10.30.4.128: no connection to modbus server
[2024-11-29T05:28:56.197Z] Error reading or processing Modbus registers: no connection to modbus server
[2024-11-29T05:28:56.198Z] Error writing to Modbus register: no connection to modbus server
[2024-11-29T05:28:57.212Z] Error reading register 6507 for IP 10.30.4.128: no connection to modbus server
[2024-11-29T05:28:57.212Z] Error reading or processing Modbus registers: no connection to modbus server
[2024-11-29T05:28:57.212Z] Error writing to Modbus register: no connection to modbus server
[2024-11-29T05:28:58.219Z] Error reading register 6507 for IP 10.30.4.128: no connection to modbus server
[2024-11-29T05:28:58.219Z] Error reading or processing Modbus registers: no connection to modbus server
[2024-11-29T05:28:58.219Z] Error writing to Modbus register: no connection to modbus server
[2024-11-29T05:28:59.230Z] Error reading register 6507 for IP 10.30.4.128: no connection to modbus server
[2024-11-29T05:28:59.231Z] Error reading or processing Modbus registers: no connection to modbus server
[2024-11-29T05:28:59.231Z] Error writing to Modbus register: no connection to modbus server
[2024-11-29T05:29:00.239Z] Error reading register 6507 for IP 10.30.4.128: no connection to modbus server
[2024-11-29T05:29:00.240Z] Error reading or processing Modbus registers: no connection to modbus server
[2024-11-29T05:29:00.240Z] Error writing to Modbus register: no connection to modbus server
[2024-11-29T05:29:01.247Z] Error reading register 6507 for IP 10.30.4.128: no connection to modbus server
[2024-11-29T05:29:01.247Z] Error reading or processing Modbus registers: no connection to modbus server
[2024-11-29T05:29:01.247Z] Error writing to Modbus register: no connection to modbus server
[2024-11-29T05:29:02.258Z] Error reading register 6507 for IP 10.30.4.128: no connection to modbus server
[2024-11-29T05:29:02.258Z] Error writing to Modbus register: no connection to modbus server
[2024-11-29T05:29:02.258Z] Error reading or processing Modbus registers: no connection to modbus server
[2024-11-29T05:29:03.266Z] Error reading register 6507 for IP 10.30.4.128: no connection to modbus server
[2024-11-29T05:29:03.267Z] Error reading or processing Modbus registers: no connection to modbus server
[2024-11-29T05:29:03.267Z] Error writing to Modbus register: no connection to modbus server
[2024-11-29T05:29:04.280Z] Error reading register 6507 for IP 10.30.4.128: no connection to modbus server
[2024-11-29T05:29:04.280Z] Error reading or processing Modbus registers: no connection to modbus server
[2024-11-29T05:29:04.280Z] Error writing to Modbus register: no connection to modbus server
[2024-11-29T05:29:05.290Z] Error reading register 6507 for IP 10.30.4.128: no connection to modbus server
[2024-11-29T05:29:05.290Z] Error reading or processing Modbus registers: no connection to modbus server
[2024-11-29T05:29:05.290Z] Error writing to Modbus register: no connection to modbus server
[2024-11-29T05:29:06.297Z] Error reading register 6507 for IP 10.30.4.128: no connection to modbus server
[2024-11-29T05:29:06.297Z] Error reading or processing Modbus registers: no connection to modbus server
[2024-11-29T05:29:06.297Z] Error writing to Modbus register: no connection to modbus server
[2024-11-29T05:29:07.308Z] Error reading register 6507 for IP 10.30.4.128: no connection to modbus server
[2024-11-29T05:29:07.308Z] Error reading or processing Modbus registers: no connection to modbus server
[2024-11-29T05:29:07.308Z] Error writing to Modbus register: no connection to modbus server
[2024-11-29T05:29:08.318Z] Error reading register 6507 for IP 10.30.4.128: no connection to modbus server
[2024-11-29T05:29:08.318Z] Error reading or processing Modbus registers: no connection to modbus server
[2024-11-29T05:29:08.318Z] Error writing to Modbus register: no connection to modbus server
[2024-11-29T05:29:09.328Z] Error reading register 6507 for IP 10.30.4.128: no connection to modbus server
[2024-11-29T05:29:09.328Z] Error reading or processing Modbus registers: no connection to modbus server
[2024-11-29T05:29:09.329Z] Error writing to Modbus register: no connection to modbus server
[2024-11-29T05:29:10.335Z] Error reading register 6507 for IP 10.30.4.128: no connection to modbus server
[2024-11-29T05:29:10.335Z] Error reading or processing Modbus registers: no connection to modbus server
[2024-11-29T05:29:10.335Z] Error writing to Modbus register: no connection to modbus server
[2024-11-29T05:29:11.340Z] Error reading register 6507 for IP 10.30.4.128: no connection to modbus server
[2024-11-29T05:29:11.340Z] Error reading or processing Modbus registers: no connection to modbus server
[2024-11-29T05:29:11.340Z] Error writing to Modbus register: no connection to modbus server
[2024-11-29T05:29:12.352Z] Error reading register 6507 for IP 10.30.4.128: no connection to modbus server
[2024-11-29T05:29:12.353Z] Error reading or processing Modbus registers: no connection to modbus server
[2024-11-29T05:29:12.353Z] Error writing to Modbus register: no connection to modbus server
[2024-11-29T05:29:13.359Z] Error reading register 6507 for IP 10.30.4.128: no connection to modbus server
[2024-11-29T05:29:13.360Z] Error reading or processing Modbus registers: no connection to modbus server
[2024-11-29T05:29:13.360Z] Error writing to Modbus register: no connection to modbus server
[2024-11-29T05:29:14.368Z] Error reading register 6507 for IP 10.30.4.128: no connection to modbus server
[2024-11-29T05:29:14.369Z] Error reading or processing Modbus registers: no connection to modbus server
[2024-11-29T05:29:14.369Z] Error writing to Modbus register: no connection to modbus server
[2024-11-29T05:29:15.376Z] Error reading register 6507 for IP 10.30.4.128: no connection to modbus server
[2024-11-29T05:29:15.377Z] Error reading or processing Modbus registers: no connection to modbus server
[2024-11-29T05:29:15.377Z] Error writing to Modbus register: no connection to modbus server
[2024-11-29T05:29:16.388Z] Error reading register 6507 for IP 10.30.4.128: no connection to modbus server
[2024-11-29T05:29:16.388Z] Error reading or processing Modbus registers: no connection to modbus server
[2024-11-29T05:29:16.388Z] Error writing to Modbus register: no connection to modbus server
[2024-11-29T05:29:17.399Z] Error reading register 6507 for IP 10.30.4.128: no connection to modbus server
[2024-11-29T05:29:17.400Z] Error reading or processing Modbus registers: no connection to modbus server
[2024-11-29T05:29:17.400Z] Error writing to Modbus register: no connection to modbus server
[2024-11-29T05:29:18.410Z] Error reading register 6507 for IP 10.30.4.128: no connection to modbus server
[2024-11-29T05:29:18.410Z] Error reading or processing Modbus registers: no connection to modbus server
[2024-11-29T05:29:18.410Z] Error writing to Modbus register: no connection to modbus server
[2024-11-29T05:40:23.327Z] Device at 10.30.4.63 is not reachable. Skipping connection attempt.
[2024-11-29T05:40:33.328Z] Device at 10.30.4.63 is not reachable. Skipping connection attempt.
[2024-11-29T05:40:43.328Z] Device at 10.30.4.63 is not reachable. Skipping connection attempt.
[2024-11-29T05:40:53.337Z] Device at 10.30.4.63 is not reachable. Skipping connection attempt.
[2024-11-29T05:50:00.176Z] Lỗi trong quá trình xử lý yêu cầu xóa đơn: No response from client.
[2024-11-29T08:07:04.161Z] Unable to connect to device at 10.30.4.128: read ECONNRESET
[2024-11-29T08:07:04.226Z] Error reading register 6507 for IP 10.30.4.128: no connection to modbus server
[2024-11-29T08:07:04.226Z] Error reading or processing Modbus registers: no connection to modbus server
[2024-11-29T08:07:04.227Z] Error writing to Modbus register: no connection to modbus server
[2024-11-29T08:07:05.239Z] Error reading register 6507 for IP 10.30.4.128: no connection to modbus server
[2024-11-29T08:07:05.239Z] Error reading or processing Modbus registers: no connection to modbus server
[2024-11-29T08:07:05.239Z] Error writing to Modbus register: no connection to modbus server
[2024-11-29T08:23:20.131Z] Error reading register 6507 for IP 10.30.4.128: no connection to modbus server
[2024-11-29T08:23:20.131Z] Error reading or processing Modbus registers: no connection to modbus server
[2024-11-29T08:23:20.131Z] Error writing to Modbus register: no connection to modbus server
[2024-11-29T08:23:21.141Z] Error reading register 6507 for IP 10.30.4.128: no connection to modbus server
[2024-11-29T08:23:21.141Z] Error reading or processing Modbus registers: no connection to modbus server
[2024-11-29T08:23:21.141Z] Error writing to Modbus register: no connection to modbus server
[2024-11-29T08:23:21.471Z] Device at 10.30.4.128 is not reachable. Skipping connection attempt.
[2024-11-29T08:23:22.154Z] Error reading register 6507 for IP 10.30.4.128: no connection to modbus server
[2024-11-29T08:23:22.154Z] Error reading or processing Modbus registers: no connection to modbus server
[2024-11-29T08:23:22.154Z] Error writing to Modbus register: no connection to modbus server
[2024-11-29T08:23:23.159Z] Error reading register 6507 for IP 10.30.4.128: no connection to modbus server
[2024-11-29T08:23:23.159Z] Error reading or processing Modbus registers: no connection to modbus server
[2024-11-29T08:23:23.159Z] Error writing to Modbus register: no connection to modbus server
[2024-11-29T08:23:24.161Z] Error reading register 6507 for IP 10.30.4.128: no connection to modbus server
[2024-11-29T08:23:24.161Z] Error reading or processing Modbus registers: no connection to modbus server
[2024-11-29T08:23:24.161Z] Error writing to Modbus register: no connection to modbus server
[2024-11-29T08:23:25.174Z] Error reading register 6507 for IP 10.30.4.128: no connection to modbus server
[2024-11-29T08:23:25.174Z] Error reading or processing Modbus registers: no connection to modbus server
[2024-11-29T08:23:25.174Z] Error writing to Modbus register: no connection to modbus server
[2024-11-29T08:23:26.175Z] Error reading register 6507 for IP 10.30.4.128: no connection to modbus server
[2024-11-29T08:23:26.175Z] Error reading or processing Modbus registers: no connection to modbus server
[2024-11-29T08:23:26.175Z] Error writing to Modbus register: no connection to modbus server
[2024-11-29T08:23:27.187Z] Error reading register 6507 for IP 10.30.4.128: no connection to modbus server
[2024-11-29T08:23:27.187Z] Error reading or processing Modbus registers: no connection to modbus server
[2024-11-29T08:23:27.187Z] Error writing to Modbus register: no connection to modbus server
[2024-11-29T08:23:28.199Z] Error reading register 6507 for IP 10.30.4.128: no connection to modbus server
[2024-11-29T08:23:28.199Z] Error reading or processing Modbus registers: no connection to modbus server
[2024-11-29T08:23:28.199Z] Error writing to Modbus register: no connection to modbus server
[2024-11-29T08:23:29.199Z] Error reading register 6507 for IP 10.30.4.128: no connection to modbus server
[2024-11-29T08:23:29.200Z] Error reading or processing Modbus registers: no connection to modbus server
[2024-11-29T08:23:29.200Z] Error writing to Modbus register: no connection to modbus server
[2024-11-29T08:23:30.210Z] Error reading register 6507 for IP 10.30.4.128: no connection to modbus server
[2024-11-29T08:23:30.211Z] Error writing to Modbus register: no connection to modbus server
[2024-11-29T08:23:30.211Z] Error reading or processing Modbus registers: no connection to modbus server
[2024-11-29T08:23:31.224Z] Error reading register 6507 for IP 10.30.4.128: no connection to modbus server
[2024-11-29T08:23:31.225Z] Error reading or processing Modbus registers: no connection to modbus server
[2024-11-29T08:23:31.225Z] Error writing to Modbus register: no connection to modbus server
[2024-11-29T08:23:32.231Z] Error reading register 6507 for IP 10.30.4.128: no connection to modbus server
[2024-11-29T08:23:32.231Z] Error reading or processing Modbus registers: no connection to modbus server
[2024-11-29T08:23:32.231Z] Error writing to Modbus register: no connection to modbus server
[2024-11-29T08:23:33.241Z] Error reading register 6507 for IP 10.30.4.128: no connection to modbus server
[2024-11-29T08:23:33.241Z] Error reading or processing Modbus registers: no connection to modbus server
[2024-11-29T08:23:33.242Z] Error writing to Modbus register: no connection to modbus server
[2024-11-29T08:23:34.254Z] Error reading register 6507 for IP 10.30.4.128: no connection to modbus server
[2024-11-29T08:23:34.255Z] Error reading or processing Modbus registers: no connection to modbus server
[2024-11-29T08:23:34.255Z] Error writing to Modbus register: no connection to modbus server
[2024-11-29T08:23:35.264Z] Error reading register 6507 for IP 10.30.4.128: no connection to modbus server
[2024-11-29T08:23:35.264Z] Error reading or processing Modbus registers: no connection to modbus server
[2024-11-29T08:23:35.264Z] Error writing to Modbus register: no connection to modbus server
[2024-11-29T08:23:36.279Z] Error reading register 6507 for IP 10.30.4.128: no connection to modbus server
[2024-11-29T08:23:36.279Z] Error reading or processing Modbus registers: no connection to modbus server
[2024-11-29T08:23:36.279Z] Error writing to Modbus register: no connection to modbus server
[2024-11-29T08:23:37.293Z] Error reading register 6507 for IP 10.30.4.128: no connection to modbus server
[2024-11-29T08:23:37.293Z] Error reading or processing Modbus registers: no connection to modbus server
[2024-11-29T08:23:37.294Z] Error writing to Modbus register: no connection to modbus server
[2024-11-29T08:23:38.306Z] Error reading register 6507 for IP 10.30.4.128: no connection to modbus server
[2024-11-29T08:23:38.306Z] Error reading or processing Modbus registers: no connection to modbus server
[2024-11-29T08:23:38.306Z] Error writing to Modbus register: no connection to modbus server
[2024-11-29T08:23:39.317Z] Error reading register 6507 for IP 10.30.4.128: no connection to modbus server
[2024-11-29T08:23:39.317Z] Error reading or processing Modbus registers: no connection to modbus server
[2024-11-29T08:23:39.318Z] Error writing to Modbus register: no connection to modbus server
[2024-11-29T08:23:40.331Z] Error reading register 6507 for IP 10.30.4.128: no connection to modbus server
[2024-11-29T08:23:40.331Z] Error reading or processing Modbus registers: no connection to modbus server
[2024-11-29T08:23:40.332Z] Error writing to Modbus register: no connection to modbus server
[2024-11-29T08:23:41.345Z] Error reading register 6507 for IP 10.30.4.128: no connection to modbus server
[2024-11-29T08:23:41.345Z] Error reading or processing Modbus registers: no connection to modbus server
[2024-11-29T08:23:41.346Z] Error writing to Modbus register: no connection to modbus server
[2024-11-29T08:23:42.359Z] Error reading register 6507 for IP 10.30.4.128: no connection to modbus server
[2024-11-29T08:23:42.359Z] Error reading or processing Modbus registers: no connection to modbus server
[2024-11-29T08:23:42.359Z] Error writing to Modbus register: no connection to modbus server
[2024-11-29T08:23:43.374Z] Error reading register 6507 for IP 10.30.4.128: no connection to modbus server
[2024-11-29T08:23:43.374Z] Error reading or processing Modbus registers: no connection to modbus server
[2024-11-29T08:23:43.374Z] Error writing to Modbus register: no connection to modbus server
[2024-11-29T08:23:44.376Z] Error reading register 6507 for IP 10.30.4.128: no connection to modbus server
[2024-11-29T08:23:44.376Z] Error reading or processing Modbus registers: no connection to modbus server
[2024-11-29T08:23:44.376Z] Error writing to Modbus register: no connection to modbus server
[2024-11-29T08:23:45.379Z] Error reading register 6507 for IP 10.30.4.128: no connection to modbus server
[2024-11-29T08:23:45.379Z] Error reading or processing Modbus registers: no connection to modbus server
[2024-11-29T08:23:45.380Z] Error writing to Modbus register: no connection to modbus server
[2024-11-29T08:23:46.381Z] Error reading register 6507 for IP 10.30.4.128: no connection to modbus server
[2024-11-29T08:23:46.382Z] Error reading or processing Modbus registers: no connection to modbus server
[2024-11-29T08:23:46.382Z] Error writing to Modbus register: no connection to modbus server
[2024-11-29T08:23:47.395Z] Error reading register 6507 for IP 10.30.4.128: no connection to modbus server
[2024-11-29T08:23:47.395Z] Error reading or processing Modbus registers: no connection to modbus server
[2024-11-29T08:23:47.396Z] Error writing to Modbus register: no connection to modbus server
[2024-11-29T08:23:48.410Z] Error reading register 6507 for IP 10.30.4.128: no connection to modbus server
[2024-11-29T08:23:48.410Z] Error reading or processing Modbus registers: no connection to modbus server
[2024-11-29T08:23:48.410Z] Error writing to Modbus register: no connection to modbus server
[2024-11-29T08:23:49.412Z] Error reading register 6507 for IP 10.30.4.128: no connection to modbus server
[2024-11-29T08:23:49.412Z] Error reading or processing Modbus registers: no connection to modbus server
[2024-11-29T08:23:49.412Z] Error writing to Modbus register: no connection to modbus server
[2024-11-29T08:23:50.415Z] Error reading register 6507 for IP 10.30.4.128: no connection to modbus server
[2024-11-29T08:23:50.415Z] Error reading or processing Modbus registers: no connection to modbus server
[2024-11-29T08:23:50.415Z] Error writing to Modbus register: no connection to modbus server
[2024-11-29T08:23:51.415Z] Error reading register 6507 for IP 10.30.4.128: no connection to modbus server
[2024-11-29T08:23:51.415Z] Error reading or processing Modbus registers: no connection to modbus server
[2024-11-29T08:23:51.415Z] Error writing to Modbus register: no connection to modbus server
[2024-11-29T08:23:52.427Z] Error reading register 6507 for IP 10.30.4.128: no connection to modbus server
[2024-11-29T08:23:52.427Z] Error reading or processing Modbus registers: no connection to modbus server
[2024-11-29T08:23:52.428Z] Error writing to Modbus register: no connection to modbus server
[2024-11-29T08:23:53.429Z] Error reading register 6507 for IP 10.30.4.128: no connection to modbus server
[2024-11-29T08:23:53.430Z] Error writing to Modbus register: no connection to modbus server
[2024-11-29T08:23:53.429Z] Error reading or processing Modbus registers: no connection to modbus server
[2024-11-29T08:23:54.443Z] Error reading register 6507 for IP 10.30.4.128: no connection to modbus server
[2024-11-29T08:23:54.443Z] Error reading or processing Modbus registers: no connection to modbus server
[2024-11-29T08:23:54.443Z] Error writing to Modbus register: no connection to modbus server
[2024-11-29T08:23:55.458Z] Error reading register 6507 for IP 10.30.4.128: no connection to modbus server
[2024-11-29T08:23:55.458Z] Error reading or processing Modbus registers: no connection to modbus server
[2024-11-29T08:23:55.458Z] Error writing to Modbus register: no connection to modbus server
[2024-11-29T08:23:56.473Z] Error reading register 6507 for IP 10.30.4.128: no connection to modbus server
[2024-11-29T08:23:56.473Z] Error reading or processing Modbus registers: no connection to modbus server
[2024-11-29T08:23:56.474Z] Error writing to Modbus register: no connection to modbus server
[2024-11-29T08:23:57.487Z] Error reading register 6507 for IP 10.30.4.128: no connection to modbus server
[2024-11-29T08:23:57.487Z] Error reading or processing Modbus registers: no connection to modbus server
[2024-11-29T08:23:57.487Z] Error writing to Modbus register: no connection to modbus server
[2024-11-29T08:23:58.494Z] Error reading register 6507 for IP 10.30.4.128: no connection to modbus server
[2024-11-29T08:23:58.494Z] Error reading or processing Modbus registers: no connection to modbus server
[2024-11-29T08:23:58.495Z] Error writing to Modbus register: no connection to modbus server
[2024-11-29T08:23:59.508Z] Error reading register 6507 for IP 10.30.4.128: no connection to modbus server
[2024-11-29T08:23:59.508Z] Error reading or processing Modbus registers: no connection to modbus server
[2024-11-29T08:23:59.509Z] Error writing to Modbus register: no connection to modbus server
[2024-11-29T08:24:00.521Z] Error reading register 6507 for IP 10.30.4.128: no connection to modbus server
[2024-11-29T08:24:00.521Z] Error reading or processing Modbus registers: no connection to modbus server
[2024-11-29T08:24:00.522Z] Error writing to Modbus register: no connection to modbus server
[2024-11-29T08:24:01.522Z] Error reading register 6507 for IP 10.30.4.128: no connection to modbus server
[2024-11-29T08:24:01.522Z] Error reading or processing Modbus registers: no connection to modbus server
[2024-11-29T08:24:01.522Z] Error writing to Modbus register: no connection to modbus server
[2024-11-29T08:24:02.534Z] Error reading register 6507 for IP 10.30.4.128: no connection to modbus server
[2024-11-29T08:24:02.535Z] Error reading or processing Modbus registers: no connection to modbus server
[2024-11-29T08:24:02.535Z] Error writing to Modbus register: no connection to modbus server
[2024-11-29T08:24:03.549Z] Error reading register 6507 for IP 10.30.4.128: no connection to modbus server
[2024-11-29T08:24:03.549Z] Error reading or processing Modbus registers: no connection to modbus server
[2024-11-29T08:24:03.550Z] Error writing to Modbus register: no connection to modbus server
[2024-11-29T08:24:04.564Z] Error reading register 6507 for IP 10.30.4.128: no connection to modbus server
[2024-11-29T08:24:04.564Z] Error reading or processing Modbus registers: no connection to modbus server
[2024-11-29T08:24:04.564Z] Error writing to Modbus register: no connection to modbus server
[2024-11-29T08:24:05.565Z] Error reading register 6507 for IP 10.30.4.128: no connection to modbus server
[2024-11-29T08:24:05.565Z] Error reading or processing Modbus registers: no connection to modbus server
[2024-11-29T08:24:05.565Z] Error writing to Modbus register: no connection to modbus server
[2024-11-29T08:24:06.580Z] Error reading register 6507 for IP 10.30.4.128: no connection to modbus server
[2024-11-29T08:24:06.580Z] Error reading or processing Modbus registers: no connection to modbus server
[2024-11-29T08:24:06.580Z] Error writing to Modbus register: no connection to modbus server
[2024-11-29T08:24:07.595Z] Error reading register 6507 for IP 10.30.4.128: no connection to modbus server
[2024-11-29T08:24:07.595Z] Error reading or processing Modbus registers: no connection to modbus server
[2024-11-29T08:24:07.595Z] Error writing to Modbus register: no connection to modbus server
[2024-11-29T08:24:08.610Z] Error reading register 6507 for IP 10.30.4.128: no connection to modbus server
[2024-11-29T08:24:08.610Z] Error reading or processing Modbus registers: no connection to modbus server
[2024-11-29T08:24:08.610Z] Error writing to Modbus register: no connection to modbus server
[2024-11-29T08:24:09.625Z] Error reading register 6507 for IP 10.30.4.128: no connection to modbus server
[2024-11-29T08:24:09.625Z] Error reading or processing Modbus registers: no connection to modbus server
[2024-11-29T08:24:09.625Z] Error writing to Modbus register: no connection to modbus server
[2024-11-29T08:24:10.629Z] Error reading register 6507 for IP 10.30.4.128: no connection to modbus server
[2024-11-29T08:24:10.629Z] Error reading or processing Modbus registers: no connection to modbus server
[2024-11-29T08:24:10.629Z] Error writing to Modbus register: no connection to modbus server
[2024-11-29T08:24:11.644Z] Error reading register 6507 for IP 10.30.4.128: no connection to modbus server
[2024-11-29T08:24:11.644Z] Error reading or processing Modbus registers: no connection to modbus server
[2024-11-29T08:24:11.645Z] Error writing to Modbus register: no connection to modbus server
[2024-11-29T08:24:12.647Z] Error reading register 6507 for IP 10.30.4.128: no connection to modbus server
[2024-11-29T08:24:12.647Z] Error reading or processing Modbus registers: no connection to modbus server
[2024-11-29T08:24:12.647Z] Error writing to Modbus register: no connection to modbus server
[2024-11-29T08:24:13.649Z] Error reading register 6507 for IP 10.30.4.128: no connection to modbus server
[2024-11-29T08:24:13.649Z] Error reading or processing Modbus registers: no connection to modbus server
[2024-11-29T08:24:13.649Z] Error writing to Modbus register: no connection to modbus server
[2024-11-29T08:24:14.663Z] Error reading register 6507 for IP 10.30.4.128: no connection to modbus server
[2024-11-29T08:24:14.663Z] Error reading or processing Modbus registers: no connection to modbus server
[2024-11-29T08:24:14.663Z] Error writing to Modbus register: no connection to modbus server
[2024-11-29T08:24:15.678Z] Error reading register 6507 for IP 10.30.4.128: no connection to modbus server
[2024-11-29T08:24:15.678Z] Error reading or processing Modbus registers: no connection to modbus server
[2024-11-29T08:24:15.679Z] Error writing to Modbus register: no connection to modbus server
[2024-11-29T08:24:16.692Z] Error reading register 6507 for IP 10.30.4.128: no connection to modbus server
[2024-11-29T08:24:16.692Z] Error reading or processing Modbus registers: no connection to modbus server
[2024-11-29T08:24:16.692Z] Error writing to Modbus register: no connection to modbus server
[2024-11-29T08:24:17.707Z] Error reading register 6507 for IP 10.30.4.128: no connection to modbus server
[2024-11-29T08:24:17.707Z] Error reading or processing Modbus registers: no connection to modbus server
[2024-11-29T08:24:17.707Z] Error writing to Modbus register: no connection to modbus server
[2024-11-29T08:24:18.707Z] Error reading register 6507 for IP 10.30.4.128: no connection to modbus server
[2024-11-29T08:24:18.707Z] Error reading or processing Modbus registers: no connection to modbus server
[2024-11-29T08:24:18.722Z] Error writing to Modbus register: no connection to modbus server
[2024-11-29T08:24:19.707Z] Error reading register 6507 for IP 10.30.4.128: no connection to modbus server
[2024-11-29T08:24:19.707Z] Error reading or processing Modbus registers: no connection to modbus server
[2024-11-29T08:24:19.737Z] Error writing to Modbus register: no connection to modbus server
[2024-11-29T08:24:20.722Z] Error reading register 6507 for IP 10.30.4.128: no connection to modbus server
[2024-11-29T08:24:20.722Z] Error reading or processing Modbus registers: no connection to modbus server
[2024-11-29T08:24:20.737Z] Error writing to Modbus register: no connection to modbus server
[2024-11-29T08:24:21.734Z] Error reading register 6507 for IP 10.30.4.128: no connection to modbus server
[2024-11-29T08:24:21.734Z] Error reading or processing Modbus registers: no connection to modbus server
[2024-11-29T08:24:21.749Z] Error writing to Modbus register: no connection to modbus server
[2024-11-29T08:24:22.734Z] Error reading register 6507 for IP 10.30.4.128: no connection to modbus server
[2024-11-29T08:24:22.734Z] Error reading or processing Modbus registers: no connection to modbus server
[2024-11-29T08:24:22.763Z] Error writing to Modbus register: no connection to modbus server
[2024-11-29T08:24:23.746Z] Error reading register 6507 for IP 10.30.4.128: no connection to modbus server
[2024-11-29T08:24:23.746Z] Error reading or processing Modbus registers: no connection to modbus server
[2024-11-29T08:24:23.776Z] Error writing to Modbus register: no connection to modbus server
[2024-11-29T08:24:24.748Z] Error reading register 6507 for IP 10.30.4.128: no connection to modbus server
[2024-11-29T08:24:24.748Z] Error reading or processing Modbus registers: no connection to modbus server
[2024-11-29T08:24:24.778Z] Error writing to Modbus register: no connection to modbus server
[2024-11-29T08:24:25.760Z] Error reading register 6507 for IP 10.30.4.128: no connection to modbus server
[2024-11-29T08:24:25.761Z] Error reading or processing Modbus registers: no connection to modbus server
[2024-11-29T08:24:25.792Z] Error writing to Modbus register: no connection to modbus server
[2024-11-29T08:24:26.762Z] Error reading register 6507 for IP 10.30.4.128: no connection to modbus server
[2024-11-29T08:24:26.762Z] Error reading or processing Modbus registers: no connection to modbus server
[2024-11-29T08:24:26.807Z] Error writing to Modbus register: no connection to modbus server
[2024-11-29T08:24:27.762Z] Error reading register 6507 for IP 10.30.4.128: no connection to modbus server
[2024-11-29T08:24:27.763Z] Error reading or processing Modbus registers: no connection to modbus server
[2024-11-29T08:24:27.807Z] Error writing to Modbus register: no connection to modbus server
[2024-11-29T08:24:28.777Z] Error reading register 6507 for IP 10.30.4.128: no connection to modbus server
[2024-11-29T08:24:28.777Z] Error reading or processing Modbus registers: no connection to modbus server
[2024-11-29T08:24:28.808Z] Error writing to Modbus register: no connection to modbus server
[2024-11-29T08:24:29.781Z] Error reading register 6507 for IP 10.30.4.128: no connection to modbus server
[2024-11-29T08:24:29.781Z] Error reading or processing Modbus registers: no connection to modbus server
[2024-11-29T08:24:29.811Z] Error writing to Modbus register: no connection to modbus server
[2024-11-29T08:24:30.783Z] Error reading register 6507 for IP 10.30.4.128: no connection to modbus server
[2024-11-29T08:24:30.783Z] Error reading or processing Modbus registers: no connection to modbus server
[2024-11-29T08:24:30.814Z] Error writing to Modbus register: no connection to modbus server
[2024-11-29T08:24:31.786Z] Error reading register 6507 for IP 10.30.4.128: no connection to modbus server
[2024-11-29T08:24:31.786Z] Error reading or processing Modbus registers: no connection to modbus server
[2024-11-29T08:24:31.817Z] Error writing to Modbus register: no connection to modbus server
[2024-11-29T08:24:32.800Z] Error reading register 6507 for IP 10.30.4.128: no connection to modbus server
[2024-11-29T08:24:32.800Z] Error reading or processing Modbus registers: no connection to modbus server
[2024-11-29T08:24:32.831Z] Error writing to Modbus register: no connection to modbus server
[2024-11-29T08:24:33.799Z] Error reading register 6507 for IP 10.30.4.128: no connection to modbus server
[2024-11-29T08:24:33.799Z] Error reading or processing Modbus registers: no connection to modbus server
[2024-11-29T08:24:33.846Z] Error writing to Modbus register: no connection to modbus server
[2024-11-29T08:24:34.801Z] Error reading register 6507 for IP 10.30.4.128: no connection to modbus server
[2024-11-29T08:24:34.801Z] Error reading or processing Modbus registers: no connection to modbus server
[2024-11-29T08:24:34.847Z] Error writing to Modbus register: no connection to modbus server
[2024-11-29T08:24:35.816Z] Error reading register 6507 for IP 10.30.4.128: no connection to modbus server
[2024-11-29T08:24:35.816Z] Error reading or processing Modbus registers: no connection to modbus server
[2024-11-29T08:24:35.862Z] Error writing to Modbus register: no connection to modbus server
[2024-11-29T08:24:36.830Z] Error reading register 6507 for IP 10.30.4.128: no connection to modbus server
[2024-11-29T08:24:36.830Z] Error reading or processing Modbus registers: no connection to modbus server
[2024-11-29T08:24:36.877Z] Error writing to Modbus register: no connection to modbus server
[2024-11-29T08:24:37.843Z] Error reading register 6507 for IP 10.30.4.128: no connection to modbus server
[2024-11-29T08:24:37.843Z] Error reading or processing Modbus registers: no connection to modbus server
[2024-11-29T08:24:37.889Z] Error writing to Modbus register: no connection to modbus server
[2024-11-29T08:24:38.844Z] Error reading register 6507 for IP 10.30.4.128: no connection to modbus server
[2024-11-29T08:24:38.844Z] Error reading or processing Modbus registers: no connection to modbus server
[2024-11-29T08:24:38.890Z] Error writing to Modbus register: no connection to modbus server
[2024-11-29T08:24:39.845Z] Error reading register 6507 for IP 10.30.4.128: no connection to modbus server
[2024-11-29T08:24:39.845Z] Error reading or processing Modbus registers: no connection to modbus server
[2024-11-29T08:24:39.891Z] Error writing to Modbus register: no connection to modbus server
[2024-11-29T08:24:40.857Z] Error reading register 6507 for IP 10.30.4.128: no connection to modbus server
[2024-11-29T08:24:40.857Z] Error reading or processing Modbus registers: no connection to modbus server
[2024-11-29T08:24:40.903Z] Error writing to Modbus register: no connection to modbus server
[2024-11-29T08:24:41.871Z] Error reading register 6507 for IP 10.30.4.128: no connection to modbus server
[2024-11-29T08:24:41.871Z] Error reading or processing Modbus registers: no connection to modbus server
[2024-11-29T08:24:41.917Z] Error writing to Modbus register: no connection to modbus server
[2024-11-29T08:24:42.873Z] Error reading register 6507 for IP 10.30.4.128: no connection to modbus server
[2024-11-29T08:24:42.873Z] Error reading or processing Modbus registers: no connection to modbus server
[2024-11-29T08:24:42.919Z] Error writing to Modbus register: no connection to modbus server
[2024-11-29T08:24:43.875Z] Error reading register 6507 for IP 10.30.4.128: no connection to modbus server
[2024-11-29T08:24:43.875Z] Error reading or processing Modbus registers: no connection to modbus server
[2024-11-29T08:24:43.921Z] Error writing to Modbus register: no connection to modbus server
[2024-11-29T08:24:44.889Z] Error reading register 6507 for IP 10.30.4.128: no connection to modbus server
[2024-11-29T08:24:44.889Z] Error reading or processing Modbus registers: no connection to modbus server
[2024-11-29T08:24:44.936Z] Error writing to Modbus register: no connection to modbus server
[2024-11-29T08:24:45.903Z] Error reading register 6507 for IP 10.30.4.128: no connection to modbus server
[2024-11-29T08:24:45.903Z] Error reading or processing Modbus registers: no connection to modbus server
[2024-11-29T08:24:45.948Z] Error writing to Modbus register: no connection to modbus server
[2024-11-29T08:24:46.903Z] Error reading register 6507 for IP 10.30.4.128: no connection to modbus server
[2024-11-29T08:24:46.903Z] Error reading or processing Modbus registers: no connection to modbus server
[2024-11-29T08:24:46.948Z] Error writing to Modbus register: no connection to modbus server
[2024-11-29T08:24:47.918Z] Error reading register 6507 for IP 10.30.4.128: no connection to modbus server
[2024-11-29T08:24:47.919Z] Error reading or processing Modbus registers: no connection to modbus server
[2024-11-29T08:24:47.949Z] Error writing to Modbus register: no connection to modbus server
[2024-11-29T08:24:48.932Z] Error reading register 6507 for IP 10.30.4.128: no connection to modbus server
[2024-11-29T08:24:48.932Z] Error reading or processing Modbus registers: no connection to modbus server
[2024-11-29T08:24:48.964Z] Error writing to Modbus register: no connection to modbus server
[2024-11-29T08:24:49.934Z] Error reading register 6507 for IP 10.30.4.128: no connection to modbus server
[2024-11-29T08:24:49.934Z] Error reading or processing Modbus registers: no connection to modbus server
[2024-11-29T08:24:49.965Z] Error writing to Modbus register: no connection to modbus server
[2024-11-29T08:24:50.949Z] Error reading register 6507 for IP 10.30.4.128: no connection to modbus server
[2024-11-29T08:24:50.949Z] Error reading or processing Modbus registers: no connection to modbus server
[2024-11-29T08:24:50.980Z] Error writing to Modbus register: no connection to modbus server
[2024-11-29T08:24:51.964Z] Error reading register 6507 for IP 10.30.4.128: no connection to modbus server
[2024-11-29T08:24:51.964Z] Error reading or processing Modbus registers: no connection to modbus server
[2024-11-29T08:24:51.980Z] Error writing to Modbus register: no connection to modbus server
[2024-11-29T08:24:52.979Z] Error reading register 6507 for IP 10.30.4.128: no connection to modbus server
[2024-11-29T08:24:52.980Z] Error reading or processing Modbus registers: no connection to modbus server
[2024-11-29T08:24:52.981Z] Error writing to Modbus register: no connection to modbus server
[2024-11-29T08:24:53.982Z] Error reading register 6507 for IP 10.30.4.128: no connection to modbus server
[2024-11-29T08:24:53.982Z] Error reading or processing Modbus registers: no connection to modbus server
[2024-11-29T08:24:53.982Z] Error writing to Modbus register: no connection to modbus server
[2024-11-29T08:24:54.998Z] Error reading register 6507 for IP 10.30.4.128: no connection to modbus server
[2024-11-29T08:24:54.998Z] Error reading or processing Modbus registers: no connection to modbus server
[2024-11-29T08:24:54.998Z] Error writing to Modbus register: no connection to modbus server
[2024-11-29T08:24:56.014Z] Error reading register 6507 for IP 10.30.4.128: no connection to modbus server
[2024-11-29T08:24:56.014Z] Error reading or processing Modbus registers: no connection to modbus server
[2024-11-29T08:24:56.015Z] Error writing to Modbus register: no connection to modbus server
[2024-11-29T08:24:57.025Z] Error reading register 6507 for IP 10.30.4.128: no connection to modbus server
[2024-11-29T08:24:57.025Z] Error writing to Modbus register: no connection to modbus server
[2024-11-29T08:24:57.025Z] Error reading or processing Modbus registers: no connection to modbus server
[2024-11-29T08:24:58.028Z] Error reading register 6507 for IP 10.30.4.128: no connection to modbus server
[2024-11-29T08:24:58.029Z] Error writing to Modbus register: no connection to modbus server
[2024-11-29T08:24:58.028Z] Error reading or processing Modbus registers: no connection to modbus server
[2024-11-29T08:24:59.044Z] Error reading register 6507 for IP 10.30.4.128: no connection to modbus server
[2024-11-29T08:24:59.044Z] Error reading or processing Modbus registers: no connection to modbus server
[2024-11-29T08:24:59.045Z] Error writing to Modbus register: no connection to modbus server
[2024-11-29T08:25:00.043Z] Error reading register 6507 for IP 10.30.4.128: no connection to modbus server
[2024-11-29T08:25:00.044Z] Error reading or processing Modbus registers: no connection to modbus server
[2024-11-29T08:25:00.044Z] Error writing to Modbus register: no connection to modbus server
[2024-11-29T08:25:01.044Z] Error reading register 6507 for IP 10.30.4.128: no connection to modbus server
[2024-11-29T08:25:01.044Z] Error reading or processing Modbus registers: no connection to modbus server
[2024-11-29T08:25:01.045Z] Error writing to Modbus register: no connection to modbus server
[2024-11-29T08:25:02.044Z] Error reading register 6507 for IP 10.30.4.128: no connection to modbus server
[2024-11-29T08:25:02.044Z] Error reading or processing Modbus registers: no connection to modbus server
[2024-11-29T08:25:02.045Z] Error writing to Modbus register: no connection to modbus server
[2024-11-29T08:25:03.058Z] Error reading register 6507 for IP 10.30.4.128: no connection to modbus server
[2024-11-29T08:25:03.058Z] Error reading or processing Modbus registers: no connection to modbus server
[2024-11-29T08:25:03.059Z] Error writing to Modbus register: no connection to modbus server
[2024-11-29T08:25:04.072Z] Error reading register 6507 for IP 10.30.4.128: no connection to modbus server
[2024-11-29T08:25:04.072Z] Error reading or processing Modbus registers: no connection to modbus server
[2024-11-29T08:25:04.073Z] Error writing to Modbus register: no connection to modbus server
[2024-11-29T08:25:05.074Z] Error reading register 6507 for IP 10.30.4.128: no connection to modbus server
[2024-11-29T08:25:05.074Z] Error reading or processing Modbus registers: no connection to modbus server
[2024-11-29T08:25:05.075Z] Error writing to Modbus register: no connection to modbus server
[2024-11-29T08:25:06.089Z] Error reading register 6507 for IP 10.30.4.128: no connection to modbus server
[2024-11-29T08:25:06.089Z] Error reading or processing Modbus registers: no connection to modbus server
[2024-11-29T08:25:06.090Z] Error writing to Modbus register: no connection to modbus server
[2024-11-29T08:25:07.101Z] Error reading register 6507 for IP 10.30.4.128: no connection to modbus server
[2024-11-29T08:25:07.101Z] Error reading or processing Modbus registers: no connection to modbus server
[2024-11-29T08:25:07.102Z] Error writing to Modbus register: no connection to modbus server
[2024-11-29T08:25:08.102Z] Error reading register 6507 for IP 10.30.4.128: no connection to modbus server
[2024-11-29T08:25:08.102Z] Error reading or processing Modbus registers: no connection to modbus server
[2024-11-29T08:25:08.102Z] Error writing to Modbus register: no connection to modbus server
[2024-11-29T08:25:09.117Z] Error reading register 6507 for IP 10.30.4.128: no connection to modbus server
[2024-11-29T08:25:09.117Z] Error reading or processing Modbus registers: no connection to modbus server
[2024-11-29T08:25:09.117Z] Error writing to Modbus register: no connection to modbus server
[2024-11-29T08:25:10.118Z] Error reading register 6507 for IP 10.30.4.128: no connection to modbus server
[2024-11-29T08:25:10.118Z] Error reading or processing Modbus registers: no connection to modbus server
[2024-11-29T08:25:10.118Z] Error writing to Modbus register: no connection to modbus server
[2024-11-29T08:25:11.132Z] Error reading register 6507 for IP 10.30.4.128: no connection to modbus server
[2024-11-29T08:25:11.132Z] Error reading or processing Modbus registers: no connection to modbus server
[2024-11-29T08:25:11.133Z] Error writing to Modbus register: no connection to modbus server
[2024-11-29T08:25:12.146Z] Error reading register 6507 for IP 10.30.4.128: no connection to modbus server
[2024-11-29T08:25:12.147Z] Error reading or processing Modbus registers: no connection to modbus server
[2024-11-29T08:25:12.147Z] Error writing to Modbus register: no connection to modbus server
[2024-11-29T08:25:13.148Z] Error reading register 6507 for IP 10.30.4.128: no connection to modbus server
[2024-11-29T08:25:13.148Z] Error writing to Modbus register: no connection to modbus server
[2024-11-29T08:25:13.148Z] Error reading or processing Modbus registers: no connection to modbus server
[2024-11-29T08:25:14.151Z] Error reading register 6507 for IP 10.30.4.128: no connection to modbus server
[2024-11-29T08:25:14.151Z] Error reading or processing Modbus registers: no connection to modbus server
[2024-11-29T08:25:14.152Z] Error writing to Modbus register: no connection to modbus server
[2024-11-29T08:25:15.166Z] Error reading register 6507 for IP 10.30.4.128: no connection to modbus server
[2024-11-29T08:25:15.166Z] Error reading or processing Modbus registers: no connection to modbus server
[2024-11-29T08:25:15.166Z] Error writing to Modbus register: no connection to modbus server
[2024-11-29T08:25:16.168Z] Error reading register 6507 for IP 10.30.4.128: no connection to modbus server
[2024-11-29T08:25:16.169Z] Error writing to Modbus register: no connection to modbus server
[2024-11-29T08:25:16.169Z] Error reading or processing Modbus registers: no connection to modbus server
[2024-11-29T08:25:17.172Z] Error reading register 6507 for IP 10.30.4.128: no connection to modbus server
[2024-11-29T08:25:17.172Z] Error reading or processing Modbus registers: no connection to modbus server
[2024-11-29T08:25:17.172Z] Error writing to Modbus register: no connection to modbus server
[2024-11-29T08:25:18.173Z] Error reading register 6507 for IP 10.30.4.128: no connection to modbus server
[2024-11-29T08:25:18.173Z] Error reading or processing Modbus registers: no connection to modbus server
[2024-11-29T08:25:18.174Z] Error writing to Modbus register: no connection to modbus server
[2024-11-29T08:25:19.187Z] Error reading register 6507 for IP 10.30.4.128: no connection to modbus server
[2024-11-29T08:25:19.187Z] Error reading or processing Modbus registers: no connection to modbus server
[2024-11-29T08:25:19.187Z] Error writing to Modbus register: no connection to modbus server
[2024-11-29T08:25:20.192Z] Error reading register 6507 for IP 10.30.4.128: no connection to modbus server
[2024-11-29T08:25:20.192Z] Error reading or processing Modbus registers: no connection to modbus server
[2024-11-29T08:25:20.192Z] Error writing to Modbus register: no connection to modbus server
[2024-11-29T08:25:21.194Z] Error reading register 6507 for IP 10.30.4.128: no connection to modbus server
[2024-11-29T08:25:21.194Z] Error reading or processing Modbus registers: no connection to modbus server
[2024-11-29T08:25:21.195Z] Error writing to Modbus register: no connection to modbus server
[2024-11-29T08:25:22.198Z] Error reading register 6507 for IP 10.30.4.128: no connection to modbus server
[2024-11-29T08:25:22.198Z] Error reading or processing Modbus registers: no connection to modbus server
[2024-11-29T08:25:22.198Z] Error writing to Modbus register: no connection to modbus server
[2024-11-29T08:25:23.202Z] Error reading register 6507 for IP 10.30.4.128: no connection to modbus server
[2024-11-29T08:25:23.202Z] Error reading or processing Modbus registers: no connection to modbus server
[2024-11-29T08:25:23.202Z] Error writing to Modbus register: no connection to modbus server
[2024-11-29T08:25:24.202Z] Error reading register 6507 for IP 10.30.4.128: no connection to modbus server
[2024-11-29T08:25:24.203Z] Error writing to Modbus register: no connection to modbus server
[2024-11-29T08:25:24.202Z] Error reading or processing Modbus registers: no connection to modbus server
[2024-11-29T08:25:25.207Z] Error reading register 6507 for IP 10.30.4.128: no connection to modbus server
[2024-11-29T08:25:25.207Z] Error reading or processing Modbus registers: no connection to modbus server
[2024-11-29T08:25:25.208Z] Error writing to Modbus register: no connection to modbus server
[2024-11-29T08:25:26.208Z] Error reading register 6507 for IP 10.30.4.128: no connection to modbus server
[2024-11-29T08:25:26.209Z] Error reading or processing Modbus registers: no connection to modbus server
[2024-11-29T08:25:26.209Z] Error writing to Modbus register: no connection to modbus server
[2024-11-29T08:25:27.208Z] Error reading register 6507 for IP 10.30.4.128: no connection to modbus server
[2024-11-29T08:25:27.209Z] Error reading or processing Modbus registers: no connection to modbus server
[2024-11-29T08:25:27.210Z] Error writing to Modbus register: no connection to modbus server
[2024-11-29T08:25:28.210Z] Error reading register 6507 for IP 10.30.4.128: no connection to modbus server
[2024-11-29T08:25:28.210Z] Error reading or processing Modbus registers: no connection to modbus server
[2024-11-29T08:25:28.211Z] Error writing to Modbus register: no connection to modbus server
[2024-11-29T08:25:29.214Z] Error reading register 6507 for IP 10.30.4.128: no connection to modbus server
[2024-11-29T08:25:29.214Z] Error reading or processing Modbus registers: no connection to modbus server
[2024-11-29T08:25:29.215Z] Error writing to Modbus register: no connection to modbus server
[2024-11-29T08:25:30.226Z] Error reading register 6507 for IP 10.30.4.128: no connection to modbus server
[2024-11-29T08:25:30.226Z] Error reading or processing Modbus registers: no connection to modbus server
[2024-11-29T08:25:30.226Z] Error writing to Modbus register: no connection to modbus server
[2024-11-29T08:25:31.229Z] Error reading register 6507 for IP 10.30.4.128: no connection to modbus server
[2024-11-29T08:25:31.229Z] Error reading or processing Modbus registers: no connection to modbus server
[2024-11-29T08:25:31.229Z] Error writing to Modbus register: no connection to modbus server
[2024-11-29T08:25:32.233Z] Error reading register 6507 for IP 10.30.4.128: no connection to modbus server
[2024-11-29T08:25:32.233Z] Error reading or processing Modbus registers: no connection to modbus server
[2024-11-29T08:25:32.233Z] Error writing to Modbus register: no connection to modbus server
[2024-11-29T08:25:33.233Z] Error reading register 6507 for IP 10.30.4.128: no connection to modbus server
[2024-11-29T08:25:33.233Z] Error reading or processing Modbus registers: no connection to modbus server
[2024-11-29T08:25:33.234Z] Error writing to Modbus register: no connection to modbus server
[2024-11-29T08:25:34.246Z] Error reading register 6507 for IP 10.30.4.128: no connection to modbus server
[2024-11-29T08:25:34.246Z] Error reading or processing Modbus registers: no connection to modbus server
[2024-11-29T08:25:34.246Z] Error writing to Modbus register: no connection to modbus server
[2024-11-29T08:25:35.259Z] Error reading register 6507 for IP 10.30.4.128: no connection to modbus server
[2024-11-29T08:25:35.259Z] Error reading or processing Modbus registers: no connection to modbus server
[2024-11-29T08:25:35.259Z] Error writing to Modbus register: no connection to modbus server
[2024-11-29T08:25:36.264Z] Error reading register 6507 for IP 10.30.4.128: no connection to modbus server
[2024-11-29T08:25:36.264Z] Error reading or processing Modbus registers: no connection to modbus server
[2024-11-29T08:25:36.265Z] Error writing to Modbus register: no connection to modbus server
[2024-11-29T08:25:37.277Z] Error reading register 6507 for IP 10.30.4.128: no connection to modbus server
[2024-11-29T08:25:37.277Z] Error reading or processing Modbus registers: no connection to modbus server
[2024-11-29T08:25:37.277Z] Error writing to Modbus register: no connection to modbus server
[2024-11-29T08:25:38.279Z] Error reading register 6507 for IP 10.30.4.128: no connection to modbus server
[2024-11-29T08:25:38.280Z] Error reading or processing Modbus registers: no connection to modbus server
[2024-11-29T08:25:38.280Z] Error writing to Modbus register: no connection to modbus server
[2024-11-29T08:25:39.293Z] Error reading register 6507 for IP 10.30.4.128: no connection to modbus server
[2024-11-29T08:25:39.293Z] Error reading or processing Modbus registers: no connection to modbus server
[2024-11-29T08:25:39.293Z] Error writing to Modbus register: no connection to modbus server
[2024-11-29T08:25:40.293Z] Error reading register 6507 for IP 10.30.4.128: no connection to modbus server
[2024-11-29T08:25:40.294Z] Error reading or processing Modbus registers: no connection to modbus server
[2024-11-29T08:25:40.294Z] Error writing to Modbus register: no connection to modbus server
[2024-11-29T08:25:41.309Z] Error reading register 6507 for IP 10.30.4.128: no connection to modbus server
[2024-11-29T08:25:41.309Z] Error reading or processing Modbus registers: no connection to modbus server
[2024-11-29T08:25:41.309Z] Error writing to Modbus register: no connection to modbus server
[2024-11-29T08:25:42.324Z] Error reading register 6507 for IP 10.30.4.128: no connection to modbus server
[2024-11-29T08:25:42.324Z] Error reading or processing Modbus registers: no connection to modbus server
[2024-11-29T08:25:42.325Z] Error writing to Modbus register: no connection to modbus server
[2024-11-29T08:25:43.337Z] Error reading register 6507 for IP 10.30.4.128: no connection to modbus server
[2024-11-29T08:25:43.337Z] Error reading or processing Modbus registers: no connection to modbus server
[2024-11-29T08:25:43.337Z] Error writing to Modbus register: no connection to modbus server
[2024-11-29T08:25:44.337Z] Error reading register 6507 for IP 10.30.4.128: no connection to modbus server
[2024-11-29T08:25:44.337Z] Error reading or processing Modbus registers: no connection to modbus server
[2024-11-29T08:25:44.338Z] Error writing to Modbus register: no connection to modbus server
[2024-11-29T08:25:45.342Z] Error reading register 6507 for IP 10.30.4.128: no connection to modbus server
[2024-11-29T08:25:45.343Z] Error reading or processing Modbus registers: no connection to modbus server
[2024-11-29T08:25:45.343Z] Error writing to Modbus register: no connection to modbus server
[2024-11-29T08:25:46.342Z] Error reading register 6507 for IP 10.30.4.128: no connection to modbus server
[2024-11-29T08:25:46.342Z] Error reading or processing Modbus registers: no connection to modbus server
[2024-11-29T08:25:46.342Z] Error writing to Modbus register: no connection to modbus server
[2024-11-29T08:25:47.356Z] Error reading register 6507 for IP 10.30.4.128: no connection to modbus server
[2024-11-29T08:25:47.357Z] Error reading or processing Modbus registers: no connection to modbus server
[2024-11-29T08:25:47.357Z] Error writing to Modbus register: no connection to modbus server
[2024-11-29T08:25:48.370Z] Error reading register 6507 for IP 10.30.4.128: no connection to modbus server
[2024-11-29T08:25:48.370Z] Error reading or processing Modbus registers: no connection to modbus server
[2024-11-29T08:25:48.371Z] Error writing to Modbus register: no connection to modbus server
[2024-11-29T08:25:49.370Z] Error reading register 6507 for IP 10.30.4.128: no connection to modbus server
[2024-11-29T08:25:49.370Z] Error reading or processing Modbus registers: no connection to modbus server
[2024-11-29T08:25:49.370Z] Error writing to Modbus register: no connection to modbus server
[2024-11-29T08:25:50.372Z] Error reading register 6507 for IP 10.30.4.128: no connection to modbus server
[2024-11-29T08:25:50.372Z] Error reading or processing Modbus registers: no connection to modbus server
[2024-11-29T08:25:50.372Z] Error writing to Modbus register: no connection to modbus server
[2024-11-29T08:25:51.387Z] Error reading register 6507 for IP 10.30.4.128: no connection to modbus server
[2024-11-29T08:25:51.387Z] Error reading or processing Modbus registers: no connection to modbus server
[2024-11-29T08:25:51.387Z] Error writing to Modbus register: no connection to modbus server
[2024-11-29T08:25:52.401Z] Error reading register 6507 for IP 10.30.4.128: no connection to modbus server
[2024-11-29T08:25:52.402Z] Error reading or processing Modbus registers: no connection to modbus server
[2024-11-29T08:25:52.402Z] Error writing to Modbus register: no connection to modbus server
[2024-11-29T08:25:53.416Z] Error reading register 6507 for IP 10.30.4.128: no connection to modbus server
[2024-11-29T08:25:53.416Z] Error reading or processing Modbus registers: no connection to modbus server
[2024-11-29T08:25:53.416Z] Error writing to Modbus register: no connection to modbus server
[2024-11-29T08:25:54.417Z] Error reading register 6507 for IP 10.30.4.128: no connection to modbus server
[2024-11-29T08:25:54.417Z] Error reading or processing Modbus registers: no connection to modbus server
[2024-11-29T08:25:54.417Z] Error writing to Modbus register: no connection to modbus server
[2024-11-29T08:25:55.417Z] Error reading register 6507 for IP 10.30.4.128: no connection to modbus server
[2024-11-29T08:25:55.417Z] Error reading or processing Modbus registers: no connection to modbus server
[2024-11-29T08:25:55.419Z] Error writing to Modbus register: no connection to modbus server
[2024-11-29T08:25:56.417Z] Error reading register 6507 for IP 10.30.4.128: no connection to modbus server
[2024-11-29T08:25:56.418Z] Error reading or processing Modbus registers: no connection to modbus server
[2024-11-29T08:25:56.432Z] Error writing to Modbus register: no connection to modbus server
[2024-11-29T08:25:57.422Z] Error reading register 6507 for IP 10.30.4.128: no connection to modbus server
[2024-11-29T08:25:57.423Z] Error reading or processing Modbus registers: no connection to modbus server
[2024-11-29T08:25:57.438Z] Error writing to Modbus register: no connection to modbus server
[2024-11-29T08:25:58.425Z] Error reading register 6507 for IP 10.30.4.128: no connection to modbus server
[2024-11-29T08:25:58.425Z] Error reading or processing Modbus registers: no connection to modbus server
[2024-11-29T08:25:58.440Z] Error writing to Modbus register: no connection to modbus server
[2024-11-29T08:25:59.426Z] Error reading register 6507 for IP 10.30.4.128: no connection to modbus server
[2024-11-29T08:25:59.426Z] Error reading or processing Modbus registers: no connection to modbus server
[2024-11-29T08:25:59.442Z] Error writing to Modbus register: no connection to modbus server
[2024-11-29T08:26:00.441Z] Error reading register 6507 for IP 10.30.4.128: no connection to modbus server
[2024-11-29T08:26:00.441Z] Error reading or processing Modbus registers: no connection to modbus server
[2024-11-29T08:26:00.441Z] Error writing to Modbus register: no connection to modbus server
[2024-11-29T08:26:01.455Z] Error reading register 6507 for IP 10.30.4.128: no connection to modbus server
[2024-11-29T08:26:01.455Z] Error reading or processing Modbus registers: no connection to modbus server
[2024-11-29T08:26:01.455Z] Error writing to Modbus register: no connection to modbus server
[2024-11-29T08:26:02.456Z] Error reading register 6507 for IP 10.30.4.128: no connection to modbus server
[2024-11-29T08:26:02.457Z] Error reading or processing Modbus registers: no connection to modbus server
[2024-11-29T08:26:02.457Z] Error writing to Modbus register: no connection to modbus server
[2024-11-29T08:26:03.458Z] Error reading register 6507 for IP 10.30.4.128: no connection to modbus server
[2024-11-29T08:26:03.459Z] Error reading or processing Modbus registers: no connection to modbus server
[2024-11-29T08:26:03.459Z] Error writing to Modbus register: no connection to modbus server
[2024-11-29T08:26:04.474Z] Error reading register 6507 for IP 10.30.4.128: no connection to modbus server
[2024-11-29T08:26:04.474Z] Error reading or processing Modbus registers: no connection to modbus server
[2024-11-29T08:26:04.475Z] Error writing to Modbus register: no connection to modbus server
[2024-11-29T08:26:05.475Z] Error reading register 6507 for IP 10.30.4.128: no connection to modbus server
[2024-11-29T08:26:05.475Z] Error reading or processing Modbus registers: no connection to modbus server
[2024-11-29T08:26:05.475Z] Error writing to Modbus register: no connection to modbus server
[2024-11-29T08:26:06.477Z] Error reading register 6507 for IP 10.30.4.128: no connection to modbus server
[2024-11-29T08:26:06.477Z] Error reading or processing Modbus registers: no connection to modbus server
[2024-11-29T08:26:06.477Z] Error writing to Modbus register: no connection to modbus server
[2024-11-29T08:26:07.483Z] Error reading register 6507 for IP 10.30.4.128: no connection to modbus server
[2024-11-29T08:26:07.484Z] Error reading or processing Modbus registers: no connection to modbus server
[2024-11-29T08:26:07.484Z] Error writing to Modbus register: no connection to modbus server
[2024-11-29T08:26:08.486Z] Error reading register 6507 for IP 10.30.4.128: no connection to modbus server
[2024-11-29T08:26:08.486Z] Error reading or processing Modbus registers: no connection to modbus server
[2024-11-29T08:26:08.486Z] Error writing to Modbus register: no connection to modbus server
[2024-11-29T08:26:09.488Z] Error reading register 6507 for IP 10.30.4.128: no connection to modbus server
[2024-11-29T08:26:09.489Z] Error reading or processing Modbus registers: no connection to modbus server
[2024-11-29T08:26:09.489Z] Error writing to Modbus register: no connection to modbus server
[2024-11-29T08:26:10.490Z] Error reading register 6507 for IP 10.30.4.128: no connection to modbus server
[2024-11-29T08:26:10.490Z] Error reading or processing Modbus registers: no connection to modbus server
[2024-11-29T08:26:10.490Z] Error writing to Modbus register: no connection to modbus server
[2024-11-29T08:26:11.491Z] Error reading register 6507 for IP 10.30.4.128: no connection to modbus server
[2024-11-29T08:26:11.491Z] Error reading or processing Modbus registers: no connection to modbus server
[2024-11-29T08:26:11.492Z] Error writing to Modbus register: no connection to modbus server
[2024-11-29T08:26:12.507Z] Error reading register 6507 for IP 10.30.4.128: no connection to modbus server
[2024-11-29T08:26:12.507Z] Error reading or processing Modbus registers: no connection to modbus server
[2024-11-29T08:26:12.507Z] Error writing to Modbus register: no connection to modbus server
[2024-11-29T08:26:13.511Z] Error reading register 6507 for IP 10.30.4.128: no connection to modbus server
[2024-11-29T08:26:13.511Z] Error reading or processing Modbus registers: no connection to modbus server
[2024-11-29T08:26:13.511Z] Error writing to Modbus register: no connection to modbus server
[2024-11-29T08:26:14.525Z] Error reading register 6507 for IP 10.30.4.128: no connection to modbus server
[2024-11-29T08:26:14.525Z] Error reading or processing Modbus registers: no connection to modbus server
[2024-11-29T08:26:14.525Z] Error writing to Modbus register: no connection to modbus server
[2024-11-29T08:26:15.525Z] Error reading register 6507 for IP 10.30.4.128: no connection to modbus server
[2024-11-29T08:26:15.526Z] Error reading or processing Modbus registers: no connection to modbus server
[2024-11-29T08:26:15.526Z] Error writing to Modbus register: no connection to modbus server
[2024-11-29T08:26:16.530Z] Error reading register 6507 for IP 10.30.4.128: no connection to modbus server
[2024-11-29T08:26:16.531Z] Error reading or processing Modbus registers: no connection to modbus server
[2024-11-29T08:26:16.531Z] Error writing to Modbus register: no connection to modbus server
[2024-11-29T08:26:17.530Z] Error reading register 6507 for IP 10.30.4.128: no connection to modbus server
[2024-11-29T08:26:17.530Z] Error reading or processing Modbus registers: no connection to modbus server
[2024-11-29T08:26:17.532Z] Error writing to Modbus register: no connection to modbus server
[2024-11-29T08:26:18.545Z] Error reading register 6507 for IP 10.30.4.128: no connection to modbus server
[2024-11-29T08:26:18.546Z] Error reading or processing Modbus registers: no connection to modbus server
[2024-11-29T08:26:18.546Z] Error writing to Modbus register: no connection to modbus server
[2024-11-29T08:26:19.547Z] Error reading register 6507 for IP 10.30.4.128: no connection to modbus server
[2024-11-29T08:26:19.547Z] Error reading or processing Modbus registers: no connection to modbus server
[2024-11-29T08:26:19.547Z] Error writing to Modbus register: no connection to modbus server
[2024-11-29T08:26:20.561Z] Error reading register 6507 for IP 10.30.4.128: no connection to modbus server
[2024-11-29T08:26:20.561Z] Error reading or processing Modbus registers: no connection to modbus server
[2024-11-29T08:26:20.562Z] Error writing to Modbus register: no connection to modbus server
[2024-11-29T08:26:21.575Z] Error reading register 6507 for IP 10.30.4.128: no connection to modbus server
[2024-11-29T08:26:21.575Z] Error reading or processing Modbus registers: no connection to modbus server
[2024-11-29T08:26:21.576Z] Error writing to Modbus register: no connection to modbus server
[2024-11-29T08:26:22.577Z] Error reading register 6507 for IP 10.30.4.128: no connection to modbus server
[2024-11-29T08:26:22.577Z] Error reading or processing Modbus registers: no connection to modbus server
[2024-11-29T08:26:22.578Z] Error writing to Modbus register: no connection to modbus server
[2024-11-29T08:26:23.592Z] Error reading register 6507 for IP 10.30.4.128: no connection to modbus server
[2024-11-29T08:26:23.592Z] Error reading or processing Modbus registers: no connection to modbus server
[2024-11-29T08:26:23.592Z] Error writing to Modbus register: no connection to modbus server
[2024-11-29T08:26:24.592Z] Error reading register 6507 for IP 10.30.4.128: no connection to modbus server
[2024-11-29T08:26:24.592Z] Error reading or processing Modbus registers: no connection to modbus server
[2024-11-29T08:26:24.593Z] Error writing to Modbus register: no connection to modbus server
[2024-11-29T08:26:25.608Z] Error reading register 6507 for IP 10.30.4.128: no connection to modbus server
[2024-11-29T08:26:25.608Z] Error reading or processing Modbus registers: no connection to modbus server
[2024-11-29T08:26:25.608Z] Error writing to Modbus register: no connection to modbus server
[2024-11-29T08:26:26.623Z] Error reading register 6507 for IP 10.30.4.128: no connection to modbus server
[2024-11-29T08:26:26.623Z] Error reading or processing Modbus registers: no connection to modbus server
[2024-11-29T08:26:26.623Z] Error writing to Modbus register: no connection to modbus server
[2024-11-29T08:26:27.637Z] Error reading register 6507 for IP 10.30.4.128: no connection to modbus server
[2024-11-29T08:26:27.637Z] Error reading or processing Modbus registers: no connection to modbus server
[2024-11-29T08:26:27.638Z] Error writing to Modbus register: no connection to modbus server
[2024-11-29T08:26:28.639Z] Error reading register 6507 for IP 10.30.4.128: no connection to modbus server
[2024-11-29T08:26:28.639Z] Error reading or processing Modbus registers: no connection to modbus server
[2024-11-29T08:26:28.639Z] Error writing to Modbus register: no connection to modbus server
[2024-11-29T08:26:29.645Z] Error reading register 6507 for IP 10.30.4.128: no connection to modbus server
[2024-11-29T08:26:29.645Z] Error reading or processing Modbus registers: no connection to modbus server
[2024-11-29T08:26:29.645Z] Error writing to Modbus register: no connection to modbus server
[2024-11-29T08:26:30.649Z] Error reading register 6507 for IP 10.30.4.128: no connection to modbus server
[2024-11-29T08:26:30.649Z] Error reading or processing Modbus registers: no connection to modbus server
[2024-11-29T08:26:30.649Z] Error writing to Modbus register: no connection to modbus server
[2024-11-29T08:26:31.650Z] Error reading register 6507 for IP 10.30.4.128: no connection to modbus server
[2024-11-29T08:26:31.650Z] Error reading or processing Modbus registers: no connection to modbus server
[2024-11-29T08:26:31.651Z] Error writing to Modbus register: no connection to modbus server
[2024-11-29T08:26:32.665Z] Error reading register 6507 for IP 10.30.4.128: no connection to modbus server
[2024-11-29T08:26:32.665Z] Error reading or processing Modbus registers: no connection to modbus server
[2024-11-29T08:26:32.665Z] Error writing to Modbus register: no connection to modbus server
[2024-11-29T08:26:33.678Z] Error reading register 6507 for IP 10.30.4.128: no connection to modbus server
[2024-11-29T08:26:33.678Z] Error reading or processing Modbus registers: no connection to modbus server
[2024-11-29T08:26:33.679Z] Error writing to Modbus register: no connection to modbus server
[2024-11-29T08:26:34.680Z] Error reading register 6507 for IP 10.30.4.128: no connection to modbus server
[2024-11-29T08:26:34.681Z] Error reading or processing Modbus registers: no connection to modbus server
[2024-11-29T08:26:34.681Z] Error writing to Modbus register: no connection to modbus server
[2024-11-29T08:26:35.685Z] Error reading register 6507 for IP 10.30.4.128: no connection to modbus server
[2024-11-29T08:26:35.685Z] Error reading or processing Modbus registers: no connection to modbus server
[2024-11-29T08:26:35.686Z] Error writing to Modbus register: no connection to modbus server
[2024-11-29T08:26:36.690Z] Error reading register 6507 for IP 10.30.4.128: no connection to modbus server
[2024-11-29T08:26:36.690Z] Error reading or processing Modbus registers: no connection to modbus server
[2024-11-29T08:26:36.690Z] Error writing to Modbus register: no connection to modbus server
[2024-11-29T08:26:37.695Z] Error reading register 6507 for IP 10.30.4.128: no connection to modbus server
[2024-11-29T08:26:37.695Z] Error reading or processing Modbus registers: no connection to modbus server
[2024-11-29T08:26:37.695Z] Error writing to Modbus register: no connection to modbus server
[2024-11-29T08:26:38.699Z] Error reading register 6507 for IP 10.30.4.128: no connection to modbus server
[2024-11-29T08:26:38.699Z] Error reading or processing Modbus registers: no connection to modbus server
[2024-11-29T08:26:38.699Z] Error writing to Modbus register: no connection to modbus server
[2024-11-29T08:26:39.701Z] Error reading register 6507 for IP 10.30.4.128: no connection to modbus server
[2024-11-29T08:26:39.702Z] Error reading or processing Modbus registers: no connection to modbus server
[2024-11-29T08:26:39.702Z] Error writing to Modbus register: no connection to modbus server
[2024-11-29T08:26:40.704Z] Error reading register 6507 for IP 10.30.4.128: no connection to modbus server
[2024-11-29T08:26:40.705Z] Error reading or processing Modbus registers: no connection to modbus server
[2024-11-29T08:26:40.705Z] Error writing to Modbus register: no connection to modbus server
[2024-11-29T08:26:41.709Z] Error reading register 6507 for IP 10.30.4.128: no connection to modbus server
[2024-11-29T08:26:41.709Z] Error reading or processing Modbus registers: no connection to modbus server
[2024-11-29T08:26:41.712Z] Error writing to Modbus register: no connection to modbus server
[2024-11-29T08:26:42.710Z] Error reading register 6507 for IP 10.30.4.128: no connection to modbus server
[2024-11-29T08:26:42.710Z] Error reading or processing Modbus registers: no connection to modbus server
[2024-11-29T08:26:42.710Z] Error writing to Modbus register: no connection to modbus server
[2024-11-29T08:26:43.711Z] Error reading register 6507 for IP 10.30.4.128: no connection to modbus server
[2024-11-29T08:26:43.712Z] Error reading or processing Modbus registers: no connection to modbus server
[2024-11-29T08:26:43.712Z] Error writing to Modbus register: no connection to modbus server
[2024-11-29T08:26:44.715Z] Error reading register 6507 for IP 10.30.4.128: no connection to modbus server
[2024-11-29T08:26:44.715Z] Error writing to Modbus register: no connection to modbus server
[2024-11-29T08:26:44.715Z] Error reading or processing Modbus registers: no connection to modbus server
[2024-11-29T08:26:45.730Z] Error reading register 6507 for IP 10.30.4.128: no connection to modbus server
[2024-11-29T08:26:45.730Z] Error reading or processing Modbus registers: no connection to modbus server
[2024-11-29T08:26:45.730Z] Error writing to Modbus register: no connection to modbus server
[2024-11-29T08:26:46.732Z] Error reading register 6507 for IP 10.30.4.128: no connection to modbus server
[2024-11-29T08:26:46.732Z] Error writing to Modbus register: no connection to modbus server
[2024-11-29T08:26:46.732Z] Error reading or processing Modbus registers: no connection to modbus server
[2024-11-29T08:26:47.735Z] Error reading register 6507 for IP 10.30.4.128: no connection to modbus server
[2024-11-29T08:26:47.735Z] Error reading or processing Modbus registers: no connection to modbus server
[2024-11-29T08:26:47.735Z] Error writing to Modbus register: no connection to modbus server
[2024-11-29T08:26:48.749Z] Error reading register 6507 for IP 10.30.4.128: no connection to modbus server
[2024-11-29T08:26:48.750Z] Error writing to Modbus register: no connection to modbus server
[2024-11-29T08:26:48.750Z] Error reading or processing Modbus registers: no connection to modbus server
[2024-11-29T08:26:49.756Z] Error reading register 6507 for IP 10.30.4.128: no connection to modbus server
[2024-11-29T08:26:49.756Z] Error reading or processing Modbus registers: no connection to modbus server
[2024-11-29T08:26:49.756Z] Error writing to Modbus register: no connection to modbus server
[2024-11-29T08:26:50.771Z] Error reading register 6507 for IP 10.30.4.128: no connection to modbus server
[2024-11-29T08:26:50.771Z] Error reading or processing Modbus registers: no connection to modbus server
[2024-11-29T08:26:50.771Z] Error writing to Modbus register: no connection to modbus server
[2024-11-29T08:26:51.775Z] Error reading register 6507 for IP 10.30.4.128: no connection to modbus server
[2024-11-29T08:26:51.775Z] Error reading or processing Modbus registers: no connection to modbus server
[2024-11-29T08:26:51.775Z] Error writing to Modbus register: no connection to modbus server
[2024-11-29T08:26:52.775Z] Error reading register 6507 for IP 10.30.4.128: no connection to modbus server
[2024-11-29T08:26:52.775Z] Error reading or processing Modbus registers: no connection to modbus server
[2024-11-29T08:26:52.775Z] Error writing to Modbus register: no connection to modbus server
[2024-11-29T08:26:53.789Z] Error reading register 6507 for IP 10.30.4.128: no connection to modbus server
[2024-11-29T08:26:53.789Z] Error reading or processing Modbus registers: no connection to modbus server
[2024-11-29T08:26:53.789Z] Error writing to Modbus register: no connection to modbus server
[2024-11-29T08:26:54.789Z] Error reading register 6507 for IP 10.30.4.128: no connection to modbus server
[2024-11-29T08:26:54.789Z] Error reading or processing Modbus registers: no connection to modbus server
[2024-11-29T08:26:54.790Z] Error writing to Modbus register: no connection to modbus server
[2024-11-29T08:26:55.803Z] Error reading register 6507 for IP 10.30.4.128: no connection to modbus server
[2024-11-29T08:26:55.803Z] Error reading or processing Modbus registers: no connection to modbus server
[2024-11-29T08:26:55.804Z] Error writing to Modbus register: no connection to modbus server
[2024-11-29T08:26:56.804Z] Error reading register 6507 for IP 10.30.4.128: no connection to modbus server
[2024-11-29T08:26:56.805Z] Error reading or processing Modbus registers: no connection to modbus server
[2024-11-29T08:26:56.805Z] Error writing to Modbus register: no connection to modbus server
[2024-11-29T08:26:57.820Z] Error reading register 6507 for IP 10.30.4.128: no connection to modbus server
[2024-11-29T08:26:57.820Z] Error reading or processing Modbus registers: no connection to modbus server
[2024-11-29T08:26:57.820Z] Error writing to Modbus register: no connection to modbus server
[2024-11-29T08:26:58.821Z] Error reading register 6507 for IP 10.30.4.128: no connection to modbus server
[2024-11-29T08:26:58.821Z] Error reading or processing Modbus registers: no connection to modbus server
[2024-11-29T08:26:58.821Z] Error writing to Modbus register: no connection to modbus server
[2024-11-29T08:26:59.825Z] Error reading register 6507 for IP 10.30.4.128: no connection to modbus server
[2024-11-29T08:26:59.826Z] Error reading or processing Modbus registers: no connection to modbus server
[2024-11-29T08:26:59.826Z] Error writing to Modbus register: no connection to modbus server
[2024-11-29T08:27:00.838Z] Error reading register 6507 for IP 10.30.4.128: no connection to modbus server
[2024-11-29T08:27:00.839Z] Error reading or processing Modbus registers: no connection to modbus server
[2024-11-29T08:27:00.839Z] Error writing to Modbus register: no connection to modbus server
[2024-11-29T08:27:01.839Z] Error reading register 6507 for IP 10.30.4.128: no connection to modbus server
[2024-11-29T08:27:01.840Z] Error reading or processing Modbus registers: no connection to modbus server
[2024-11-29T08:27:01.840Z] Error writing to Modbus register: no connection to modbus server
[2024-11-29T08:27:02.852Z] Error reading register 6507 for IP 10.30.4.128: no connection to modbus server
[2024-11-29T08:27:02.852Z] Error reading or processing Modbus registers: no connection to modbus server
[2024-11-29T08:27:02.853Z] Error writing to Modbus register: no connection to modbus server
[2024-11-29T08:27:03.867Z] Error reading register 6507 for IP 10.30.4.128: no connection to modbus server
[2024-11-29T08:27:03.867Z] Error reading or processing Modbus registers: no connection to modbus server
[2024-11-29T08:27:03.867Z] Error writing to Modbus register: no connection to modbus server
[2024-11-29T08:27:04.868Z] Error reading register 6507 for IP 10.30.4.128: no connection to modbus server
[2024-11-29T08:27:04.869Z] Error reading or processing Modbus registers: no connection to modbus server
[2024-11-29T08:27:04.869Z] Error writing to Modbus register: no connection to modbus server
[2024-11-29T08:27:05.872Z] Error reading register 6507 for IP 10.30.4.128: no connection to modbus server
[2024-11-29T08:27:05.872Z] Error reading or processing Modbus registers: no connection to modbus server
[2024-11-29T08:27:05.872Z] Error writing to Modbus register: no connection to modbus server
[2024-11-29T08:27:06.872Z] Error reading register 6507 for IP 10.30.4.128: no connection to modbus server
[2024-11-29T08:27:06.872Z] Error reading or processing Modbus registers: no connection to modbus server
[2024-11-29T08:27:06.873Z] Error writing to Modbus register: no connection to modbus server
[2024-11-29T08:27:07.873Z] Error reading register 6507 for IP 10.30.4.128: no connection to modbus server
[2024-11-29T08:27:07.873Z] Error reading or processing Modbus registers: no connection to modbus server
[2024-11-29T08:27:07.874Z] Error writing to Modbus register: no connection to modbus server
[2024-11-29T08:27:08.888Z] Error reading register 6507 for IP 10.30.4.128: no connection to modbus server
[2024-11-29T08:27:08.888Z] Error reading or processing Modbus registers: no connection to modbus server
[2024-11-29T08:27:08.888Z] Error writing to Modbus register: no connection to modbus server
[2024-11-29T08:27:09.890Z] Error reading register 6507 for IP 10.30.4.128: no connection to modbus server
[2024-11-29T08:27:09.890Z] Error reading or processing Modbus registers: no connection to modbus server
[2024-11-29T08:27:09.890Z] Error writing to Modbus register: no connection to modbus server
[2024-11-29T08:27:10.893Z] Error reading register 6507 for IP 10.30.4.128: no connection to modbus server
[2024-11-29T08:27:10.893Z] Error reading or processing Modbus registers: no connection to modbus server
[2024-11-29T08:27:10.893Z] Error writing to Modbus register: no connection to modbus server
[2024-11-29T08:27:11.908Z] Error reading register 6507 for IP 10.30.4.128: no connection to modbus server
[2024-11-29T08:27:11.908Z] Error reading or processing Modbus registers: no connection to modbus server
[2024-11-29T08:27:11.909Z] Error writing to Modbus register: no connection to modbus server
[2024-11-29T08:27:12.911Z] Error reading register 6507 for IP 10.30.4.128: no connection to modbus server
[2024-11-29T08:27:12.911Z] Error reading or processing Modbus registers: no connection to modbus server
[2024-11-29T08:27:12.911Z] Error writing to Modbus register: no connection to modbus server
[2024-11-29T08:27:13.911Z] Error reading register 6507 for IP 10.30.4.128: no connection to modbus server
[2024-11-29T08:27:13.911Z] Error reading or processing Modbus registers: no connection to modbus server
[2024-11-29T08:27:13.912Z] Error writing to Modbus register: no connection to modbus server
[2024-11-29T08:27:14.928Z] Error reading register 6507 for IP 10.30.4.128: no connection to modbus server
[2024-11-29T08:27:14.928Z] Error reading or processing Modbus registers: no connection to modbus server
[2024-11-29T08:27:14.928Z] Error writing to Modbus register: no connection to modbus server
[2024-11-29T08:27:15.929Z] Error reading register 6507 for IP 10.30.4.128: no connection to modbus server
[2024-11-29T08:27:15.929Z] Error reading or processing Modbus registers: no connection to modbus server
[2024-11-29T08:27:15.930Z] Error writing to Modbus register: no connection to modbus server
[2024-11-29T08:27:16.931Z] Error reading register 6507 for IP 10.30.4.128: no connection to modbus server
[2024-11-29T08:27:16.931Z] Error reading or processing Modbus registers: no connection to modbus server
[2024-11-29T08:27:16.931Z] Error writing to Modbus register: no connection to modbus server
[2024-11-29T08:27:17.935Z] Error reading register 6507 for IP 10.30.4.128: no connection to modbus server
[2024-11-29T08:27:17.935Z] Error reading or processing Modbus registers: no connection to modbus server
[2024-11-29T08:27:17.936Z] Error writing to Modbus register: no connection to modbus server
[2024-11-29T08:27:18.936Z] Error reading register 6507 for IP 10.30.4.128: no connection to modbus server
[2024-11-29T08:27:18.936Z] Error reading or processing Modbus registers: no connection to modbus server
[2024-11-29T08:27:18.936Z] Error writing to Modbus register: no connection to modbus server
[2024-11-29T08:27:19.951Z] Error reading register 6507 for IP 10.30.4.128: no connection to modbus server
[2024-11-29T08:27:19.951Z] Error reading or processing Modbus registers: no connection to modbus server
[2024-11-29T08:27:19.951Z] Error writing to Modbus register: no connection to modbus server
[2024-11-29T08:27:20.953Z] Error reading register 6507 for IP 10.30.4.128: no connection to modbus server
[2024-11-29T08:27:20.953Z] Error reading or processing Modbus registers: no connection to modbus server
[2024-11-29T08:27:20.953Z] Error writing to Modbus register: no connection to modbus server
[2024-11-29T08:27:21.958Z] Error reading register 6507 for IP 10.30.4.128: no connection to modbus server
[2024-11-29T08:27:21.958Z] Error reading or processing Modbus registers: no connection to modbus server
[2024-11-29T08:27:21.959Z] Error writing to Modbus register: no connection to modbus server
[2024-11-29T08:27:22.959Z] Error reading register 6507 for IP 10.30.4.128: no connection to modbus server
[2024-11-29T08:27:22.959Z] Error reading or processing Modbus registers: no connection to modbus server
[2024-11-29T08:27:22.960Z] Error writing to Modbus register: no connection to modbus server
[2024-11-29T08:27:23.961Z] Error reading register 6507 for IP 10.30.4.128: no connection to modbus server
[2024-11-29T08:27:23.961Z] Error reading or processing Modbus registers: no connection to modbus server
[2024-11-29T08:27:23.961Z] Error writing to Modbus register: no connection to modbus server
[2024-11-29T08:27:24.966Z] Error reading register 6507 for IP 10.30.4.128: no connection to modbus server
[2024-11-29T08:27:24.966Z] Error reading or processing Modbus registers: no connection to modbus server
[2024-11-29T08:27:24.967Z] Error writing to Modbus register: no connection to modbus server
[2024-11-29T08:27:25.967Z] Error reading register 6507 for IP 10.30.4.128: no connection to modbus server
[2024-11-29T08:27:25.968Z] Error reading or processing Modbus registers: no connection to modbus server
[2024-11-29T08:27:25.968Z] Error writing to Modbus register: no connection to modbus server
[2024-11-29T08:27:26.975Z] Error reading register 6507 for IP 10.30.4.128: no connection to modbus server
[2024-11-29T08:27:26.975Z] Error reading or processing Modbus registers: no connection to modbus server
[2024-11-29T08:27:26.976Z] Error writing to Modbus register: no connection to modbus server
[2024-11-29T08:27:27.990Z] Error reading register 6507 for IP 10.30.4.128: no connection to modbus server
[2024-11-29T08:27:27.990Z] Error reading or processing Modbus registers: no connection to modbus server
[2024-11-29T08:27:27.990Z] Error writing to Modbus register: no connection to modbus server
[2024-11-29T08:27:29.004Z] Error reading register 6507 for IP 10.30.4.128: no connection to modbus server
[2024-11-29T08:27:29.005Z] Error reading or processing Modbus registers: no connection to modbus server
[2024-11-29T08:27:29.006Z] Error writing to Modbus register: no connection to modbus server
[2024-11-29T08:27:30.007Z] Error reading register 6507 for IP 10.30.4.128: no connection to modbus server
[2024-11-29T08:27:30.008Z] Error reading or processing Modbus registers: no connection to modbus server
[2024-11-29T08:27:30.008Z] Error writing to Modbus register: no connection to modbus server
[2024-11-29T08:27:31.011Z] Error reading register 6507 for IP 10.30.4.128: no connection to modbus server
[2024-11-29T08:27:31.011Z] Error writing to Modbus register: no connection to modbus server
[2024-11-29T08:27:31.011Z] Error reading or processing Modbus registers: no connection to modbus server
[2024-11-29T08:27:32.012Z] Error reading register 6507 for IP 10.30.4.128: no connection to modbus server
[2024-11-29T08:27:32.012Z] Error reading or processing Modbus registers: no connection to modbus server
[2024-11-29T08:27:32.012Z] Error writing to Modbus register: no connection to modbus server
[2024-11-29T08:27:33.017Z] Error reading register 6507 for IP 10.30.4.128: no connection to modbus server
[2024-11-29T08:27:33.017Z] Error reading or processing Modbus registers: no connection to modbus server
[2024-11-29T08:27:33.017Z] Error writing to Modbus register: no connection to modbus server
[2024-11-29T08:27:34.032Z] Error reading register 6507 for IP 10.30.4.128: no connection to modbus server
[2024-11-29T08:27:34.032Z] Error writing to Modbus register: no connection to modbus server
[2024-11-29T08:27:34.032Z] Error reading or processing Modbus registers: no connection to modbus server
[2024-11-29T08:27:35.047Z] Error reading register 6507 for IP 10.30.4.128: no connection to modbus server
[2024-11-29T08:27:35.047Z] Error reading or processing Modbus registers: no connection to modbus server
[2024-11-29T08:27:35.047Z] Error writing to Modbus register: no connection to modbus server
[2024-11-29T08:27:36.062Z] Error reading register 6507 for IP 10.30.4.128: no connection to modbus server
[2024-11-29T08:27:36.062Z] Error writing to Modbus register: no connection to modbus server
[2024-11-29T08:27:36.062Z] Error reading or processing Modbus registers: no connection to modbus server
[2024-11-29T08:27:37.077Z] Error reading register 6507 for IP 10.30.4.128: no connection to modbus server
[2024-11-29T08:27:37.077Z] Error reading or processing Modbus registers: no connection to modbus server
[2024-11-29T08:27:37.078Z] Error writing to Modbus register: no connection to modbus server
[2024-11-29T08:27:38.078Z] Error reading register 6507 for IP 10.30.4.128: no connection to modbus server
[2024-11-29T08:27:38.078Z] Error reading or processing Modbus registers: no connection to modbus server
[2024-11-29T08:27:38.079Z] Error writing to Modbus register: no connection to modbus server
[2024-11-29T08:27:39.094Z] Error reading register 6507 for IP 10.30.4.128: no connection to modbus server
[2024-11-29T08:27:39.094Z] Error reading or processing Modbus registers: no connection to modbus server
[2024-11-29T08:27:39.094Z] Error writing to Modbus register: no connection to modbus server
[2024-11-29T08:27:40.095Z] Error reading register 6507 for IP 10.30.4.128: no connection to modbus server
[2024-11-29T08:27:40.095Z] Error reading or processing Modbus registers: no connection to modbus server
[2024-11-29T08:27:40.095Z] Error writing to Modbus register: no connection to modbus server
[2024-11-29T08:27:41.098Z] Error reading register 6507 for IP 10.30.4.128: no connection to modbus server
[2024-11-29T08:27:41.098Z] Error writing to Modbus register: no connection to modbus server
[2024-11-29T08:27:41.098Z] Error reading or processing Modbus registers: no connection to modbus server
[2024-11-29T08:27:42.098Z] Error reading register 6507 for IP 10.30.4.128: no connection to modbus server
[2024-11-29T08:27:42.098Z] Error reading or processing Modbus registers: no connection to modbus server
[2024-11-29T08:27:42.113Z] Error writing to Modbus register: no connection to modbus server
[2024-11-29T08:27:43.100Z] Error reading register 6507 for IP 10.30.4.128: no connection to modbus server
[2024-11-29T08:27:43.101Z] Error reading or processing Modbus registers: no connection to modbus server
[2024-11-29T08:27:43.116Z] Error writing to Modbus register: no connection to modbus server
[2024-11-29T08:27:44.104Z] Error reading register 6507 for IP 10.30.4.128: no connection to modbus server
[2024-11-29T08:27:44.104Z] Error reading or processing Modbus registers: no connection to modbus server
[2024-11-29T08:27:44.119Z] Error writing to Modbus register: no connection to modbus server
[2024-11-29T08:27:45.119Z] Error reading register 6507 for IP 10.30.4.128: no connection to modbus server
[2024-11-29T08:27:45.119Z] Error reading or processing Modbus registers: no connection to modbus server
[2024-11-29T08:27:45.119Z] Error writing to Modbus register: no connection to modbus server
[2024-11-29T08:27:46.119Z] Error reading register 6507 for IP 10.30.4.128: no connection to modbus server
[2024-11-29T08:27:46.120Z] Error reading or processing Modbus registers: no connection to modbus server
[2024-11-29T08:27:46.121Z] Error writing to Modbus register: no connection to modbus server
[2024-11-29T08:27:47.132Z] Error reading register 6507 for IP 10.30.4.128: no connection to modbus server
[2024-11-29T08:27:47.132Z] Error reading or processing Modbus registers: no connection to modbus server
[2024-11-29T08:27:47.133Z] Error writing to Modbus register: no connection to modbus server
[2024-11-29T08:27:48.135Z] Error reading register 6507 for IP 10.30.4.128: no connection to modbus server
[2024-11-29T08:27:48.135Z] Error reading or processing Modbus registers: no connection to modbus server
[2024-11-29T08:27:48.136Z] Error writing to Modbus register: no connection to modbus server
[2024-11-29T08:27:49.148Z] Error reading register 6507 for IP 10.30.4.128: no connection to modbus server
[2024-11-29T08:27:49.149Z] Error reading or processing Modbus registers: no connection to modbus server
[2024-11-29T08:27:49.149Z] Error writing to Modbus register: no connection to modbus server
[2024-11-29T08:27:50.150Z] Error reading register 6507 for IP 10.30.4.128: no connection to modbus server
[2024-11-29T08:27:50.150Z] Error reading or processing Modbus registers: no connection to modbus server
[2024-11-29T08:27:50.150Z] Error writing to Modbus register: no connection to modbus server
[2024-11-29T08:27:51.152Z] Error reading register 6507 for IP 10.30.4.128: no connection to modbus server
[2024-11-29T08:27:51.152Z] Error reading or processing Modbus registers: no connection to modbus server
[2024-11-29T08:27:51.152Z] Error writing to Modbus register: no connection to modbus server
[2024-11-29T08:27:52.157Z] Error reading register 6507 for IP 10.30.4.128: no connection to modbus server
[2024-11-29T08:27:52.157Z] Error reading or processing Modbus registers: no connection to modbus server
[2024-11-29T08:27:52.157Z] Error writing to Modbus register: no connection to modbus server
[2024-11-29T08:27:53.172Z] Error reading register 6507 for IP 10.30.4.128: no connection to modbus server
[2024-11-29T08:27:53.172Z] Error reading or processing Modbus registers: no connection to modbus server
[2024-11-29T08:27:53.172Z] Error writing to Modbus register: no connection to modbus server
[2024-11-29T08:27:54.174Z] Error reading register 6507 for IP 10.30.4.128: no connection to modbus server
[2024-11-29T08:27:54.175Z] Error reading or processing Modbus registers: no connection to modbus server
[2024-11-29T08:27:54.175Z] Error writing to Modbus register: no connection to modbus server
[2024-11-29T08:27:55.176Z] Error reading register 6507 for IP 10.30.4.128: no connection to modbus server
[2024-11-29T08:27:55.176Z] Error reading or processing Modbus registers: no connection to modbus server
[2024-11-29T08:27:55.176Z] Error writing to Modbus register: no connection to modbus server
[2024-11-29T08:27:56.182Z] Error reading register 6507 for IP 10.30.4.128: no connection to modbus server
[2024-11-29T08:27:56.182Z] Error reading or processing Modbus registers: no connection to modbus server
[2024-11-29T08:27:56.182Z] Error writing to Modbus register: no connection to modbus server
[2024-11-29T08:27:57.183Z] Error reading register 6507 for IP 10.30.4.128: no connection to modbus server
[2024-11-29T08:27:57.184Z] Error writing to Modbus register: no connection to modbus server
[2024-11-29T08:27:57.183Z] Error reading or processing Modbus registers: no connection to modbus server
[2024-11-29T08:27:58.186Z] Error reading register 6507 for IP 10.30.4.128: no connection to modbus server
[2024-11-29T08:27:58.186Z] Error reading or processing Modbus registers: no connection to modbus server
[2024-11-29T08:27:58.186Z] Error writing to Modbus register: no connection to modbus server
[2024-11-29T08:27:59.199Z] Error reading register 6507 for IP 10.30.4.128: no connection to modbus server
[2024-11-29T08:27:59.199Z] Error reading or processing Modbus registers: no connection to modbus server
[2024-11-29T08:27:59.200Z] Error writing to Modbus register: no connection to modbus server
[2024-11-29T08:28:00.212Z] Error reading register 6507 for IP 10.30.4.128: no connection to modbus server
[2024-11-29T08:28:00.212Z] Error reading or processing Modbus registers: no connection to modbus server
[2024-11-29T08:28:00.212Z] Error writing to Modbus register: no connection to modbus server
[2024-11-29T08:28:01.213Z] Error reading register 6507 for IP 10.30.4.128: no connection to modbus server
[2024-11-29T08:28:01.213Z] Error reading or processing Modbus registers: no connection to modbus server
[2024-11-29T08:28:01.214Z] Error writing to Modbus register: no connection to modbus server
[2024-11-29T08:28:02.228Z] Error reading register 6507 for IP 10.30.4.128: no connection to modbus server
[2024-11-29T08:28:02.228Z] Error reading or processing Modbus registers: no connection to modbus server
[2024-11-29T08:28:02.228Z] Error writing to Modbus register: no connection to modbus server
[2024-11-29T08:28:03.243Z] Error reading register 6507 for IP 10.30.4.128: no connection to modbus server
[2024-11-29T08:28:03.244Z] Error reading or processing Modbus registers: no connection to modbus server
[2024-11-29T08:28:03.244Z] Error writing to Modbus register: no connection to modbus server
[2024-11-29T08:28:04.243Z] Error reading register 6507 for IP 10.30.4.128: no connection to modbus server
[2024-11-29T08:28:04.243Z] Error reading or processing Modbus registers: no connection to modbus server
[2024-11-29T08:28:04.244Z] Error writing to Modbus register: no connection to modbus server
[2024-11-29T08:28:05.258Z] Error reading register 6507 for IP 10.30.4.128: no connection to modbus server
[2024-11-29T08:28:05.258Z] Error reading or processing Modbus registers: no connection to modbus server
[2024-11-29T08:28:05.258Z] Error writing to Modbus register: no connection to modbus server
[2024-11-29T08:28:06.259Z] Error reading register 6507 for IP 10.30.4.128: no connection to modbus server
[2024-11-29T08:28:06.260Z] Error writing to Modbus register: no connection to modbus server
[2024-11-29T08:28:06.259Z] Error reading or processing Modbus registers: no connection to modbus server
[2024-11-29T08:28:07.273Z] Error reading register 6507 for IP 10.30.4.128: no connection to modbus server
[2024-11-29T08:28:07.273Z] Error writing to Modbus register: no connection to modbus server
[2024-11-29T08:28:07.273Z] Error reading or processing Modbus registers: no connection to modbus server
[2024-11-29T08:28:08.276Z] Error reading register 6507 for IP 10.30.4.128: no connection to modbus server
[2024-11-29T08:28:08.276Z] Error reading or processing Modbus registers: no connection to modbus server
[2024-11-29T08:28:08.276Z] Error writing to Modbus register: no connection to modbus server
[2024-11-29T08:28:09.291Z] Error reading register 6507 for IP 10.30.4.128: no connection to modbus server
[2024-11-29T08:28:09.291Z] Error writing to Modbus register: no connection to modbus server
[2024-11-29T08:28:09.291Z] Error reading or processing Modbus registers: no connection to modbus server
[2024-11-29T08:28:10.293Z] Error reading register 6507 for IP 10.30.4.128: no connection to modbus server
[2024-11-29T08:28:10.294Z] Error writing to Modbus register: no connection to modbus server
[2024-11-29T08:28:10.293Z] Error reading or processing Modbus registers: no connection to modbus server
[2024-11-29T08:28:11.309Z] Error reading register 6507 for IP 10.30.4.128: no connection to modbus server
[2024-11-29T08:28:11.309Z] Error reading or processing Modbus registers: no connection to modbus server
[2024-11-29T08:28:11.309Z] Error writing to Modbus register: no connection to modbus server
[2024-11-29T08:28:12.322Z] Error reading register 6507 for IP 10.30.4.128: no connection to modbus server
[2024-11-29T08:28:12.322Z] Error reading or processing Modbus registers: no connection to modbus server
[2024-11-29T08:28:12.322Z] Error writing to Modbus register: no connection to modbus server
[2024-11-29T08:28:13.323Z] Error reading register 6507 for IP 10.30.4.128: no connection to modbus server
[2024-11-29T08:28:13.323Z] Error reading or processing Modbus registers: no connection to modbus server
[2024-11-29T08:28:13.323Z] Error writing to Modbus register: no connection to modbus server
[2024-11-29T08:28:14.339Z] Error reading register 6507 for IP 10.30.4.128: no connection to modbus server
[2024-11-29T08:28:14.339Z] Error reading or processing Modbus registers: no connection to modbus server
[2024-11-29T08:28:14.339Z] Error writing to Modbus register: no connection to modbus server
[2024-11-29T08:28:15.342Z] Error reading register 6507 for IP 10.30.4.128: no connection to modbus server
[2024-11-29T08:28:15.342Z] Error writing to Modbus register: no connection to modbus server
[2024-11-29T08:28:15.342Z] Error reading or processing Modbus registers: no connection to modbus server
[2024-11-29T08:28:16.357Z] Error reading register 6507 for IP 10.30.4.128: no connection to modbus server
[2024-11-29T08:28:16.357Z] Error reading or processing Modbus registers: no connection to modbus server
[2024-11-29T08:28:16.358Z] Error writing to Modbus register: no connection to modbus server
[2024-11-29T08:28:17.361Z] Error reading register 6507 for IP 10.30.4.128: no connection to modbus server
[2024-11-29T08:28:17.361Z] Error reading or processing Modbus registers: no connection to modbus server
[2024-11-29T08:28:17.361Z] Error writing to Modbus register: no connection to modbus server
[2024-11-29T08:28:18.374Z] Error reading register 6507 for IP 10.30.4.128: no connection to modbus server
[2024-11-29T08:28:18.374Z] Error reading or processing Modbus registers: no connection to modbus server
[2024-11-29T08:28:18.374Z] Error writing to Modbus register: no connection to modbus server
[2024-11-29T08:28:19.389Z] Error reading register 6507 for IP 10.30.4.128: no connection to modbus server
[2024-11-29T08:28:19.389Z] Error reading or processing Modbus registers: no connection to modbus server
[2024-11-29T08:28:19.389Z] Error writing to Modbus register: no connection to modbus server
[2024-11-29T08:28:20.388Z] Error reading register 6507 for IP 10.30.4.128: no connection to modbus server
[2024-11-29T08:28:20.388Z] Error reading or processing Modbus registers: no connection to modbus server
[2024-11-29T08:28:20.388Z] Error writing to Modbus register: no connection to modbus server
[2024-11-29T08:28:21.402Z] Error reading register 6507 for IP 10.30.4.128: no connection to modbus server
[2024-11-29T08:28:21.402Z] Error reading or processing Modbus registers: no connection to modbus server
[2024-11-29T08:28:21.403Z] Error writing to Modbus register: no connection to modbus server
[2024-11-29T08:28:22.403Z] Error reading register 6507 for IP 10.30.4.128: no connection to modbus server
[2024-11-29T08:28:22.403Z] Error reading or processing Modbus registers: no connection to modbus server
[2024-11-29T08:28:22.403Z] Error writing to Modbus register: no connection to modbus server
[2024-11-29T08:28:23.416Z] Error reading register 6507 for IP 10.30.4.128: no connection to modbus server
[2024-11-29T08:28:23.417Z] Error reading or processing Modbus registers: no connection to modbus server
[2024-11-29T08:28:23.417Z] Error writing to Modbus register: no connection to modbus server
[2024-11-29T08:28:24.416Z] Error reading register 6507 for IP 10.30.4.128: no connection to modbus server
[2024-11-29T08:28:24.417Z] Error reading or processing Modbus registers: no connection to modbus server
[2024-11-29T08:28:24.417Z] Error writing to Modbus register: no connection to modbus server
[2024-11-29T08:28:25.418Z] Error reading register 6507 for IP 10.30.4.128: no connection to modbus server
[2024-11-29T08:28:25.418Z] Error reading or processing Modbus registers: no connection to modbus server
[2024-11-29T08:28:25.418Z] Error writing to Modbus register: no connection to modbus server
[2024-11-29T08:28:26.432Z] Error reading register 6507 for IP 10.30.4.128: no connection to modbus server
[2024-11-29T08:28:26.433Z] Error reading or processing Modbus registers: no connection to modbus server
[2024-11-29T08:28:26.433Z] Error writing to Modbus register: no connection to modbus server
[2024-11-29T08:28:27.435Z] Error reading register 6507 for IP 10.30.4.128: no connection to modbus server
[2024-11-29T08:28:27.436Z] Error reading or processing Modbus registers: no connection to modbus server
[2024-11-29T08:28:27.436Z] Error writing to Modbus register: no connection to modbus server
[2024-11-29T08:28:28.437Z] Error reading register 6507 for IP 10.30.4.128: no connection to modbus server
[2024-11-29T08:28:28.438Z] Error writing to Modbus register: no connection to modbus server
[2024-11-29T08:28:28.437Z] Error reading or processing Modbus registers: no connection to modbus server
[2024-11-29T08:28:29.451Z] Error reading register 6507 for IP 10.30.4.128: no connection to modbus server
[2024-11-29T08:28:29.451Z] Error reading or processing Modbus registers: no connection to modbus server
[2024-11-29T08:28:29.451Z] Error writing to Modbus register: no connection to modbus server
[2024-11-29T08:28:30.452Z] Error reading register 6507 for IP 10.30.4.128: no connection to modbus server
[2024-11-29T08:28:30.452Z] Error writing to Modbus register: no connection to modbus server
[2024-11-29T08:28:30.452Z] Error reading or processing Modbus registers: no connection to modbus server
[2024-11-29T08:28:31.467Z] Error reading register 6507 for IP 10.30.4.128: no connection to modbus server
[2024-11-29T08:28:31.467Z] Error writing to Modbus register: no connection to modbus server
[2024-11-29T08:28:31.467Z] Error reading or processing Modbus registers: no connection to modbus server
[2024-11-29T08:28:32.471Z] Error reading register 6507 for IP 10.30.4.128: no connection to modbus server
[2024-11-29T08:28:32.471Z] Error writing to Modbus register: no connection to modbus server
[2024-11-29T08:28:32.471Z] Error reading or processing Modbus registers: no connection to modbus server
[2024-11-29T08:28:33.476Z] Error reading register 6507 for IP 10.30.4.128: no connection to modbus server
[2024-11-29T08:28:33.476Z] Error reading or processing Modbus registers: no connection to modbus server
[2024-11-29T08:28:33.476Z] Error writing to Modbus register: no connection to modbus server
[2024-11-29T08:28:34.478Z] Error reading register 6507 for IP 10.30.4.128: no connection to modbus server
[2024-11-29T08:28:34.479Z] Error reading or processing Modbus registers: no connection to modbus server
[2024-11-29T08:28:34.479Z] Error writing to Modbus register: no connection to modbus server
[2024-11-29T08:28:35.481Z] Error reading register 6507 for IP 10.30.4.128: no connection to modbus server
[2024-11-29T08:28:35.481Z] Error reading or processing Modbus registers: no connection to modbus server
[2024-11-29T08:28:35.482Z] Error writing to Modbus register: no connection to modbus server
[2024-11-29T08:28:36.481Z] Error reading register 6507 for IP 10.30.4.128: no connection to modbus server
[2024-11-29T08:28:36.481Z] Error reading or processing Modbus registers: no connection to modbus server
[2024-11-29T08:28:36.481Z] Error writing to Modbus register: no connection to modbus server
[2024-11-29T08:28:37.497Z] Error reading register 6507 for IP 10.30.4.128: no connection to modbus server
[2024-11-29T08:28:37.497Z] Error reading or processing Modbus registers: no connection to modbus server
[2024-11-29T08:28:37.497Z] Error writing to Modbus register: no connection to modbus server
[2024-11-29T08:28:38.502Z] Error reading register 6507 for IP 10.30.4.128: no connection to modbus server
[2024-11-29T08:28:38.503Z] Error writing to Modbus register: no connection to modbus server
[2024-11-29T08:28:38.502Z] Error reading or processing Modbus registers: no connection to modbus server
[2024-11-29T08:28:39.505Z] Error reading register 6507 for IP 10.30.4.128: no connection to modbus server
[2024-11-29T08:28:39.505Z] Error reading or processing Modbus registers: no connection to modbus server
[2024-11-29T08:28:39.506Z] Error writing to Modbus register: no connection to modbus server
[2024-11-29T08:28:40.507Z] Error reading register 6507 for IP 10.30.4.128: no connection to modbus server
[2024-11-29T08:28:40.507Z] Error reading or processing Modbus registers: no connection to modbus server
[2024-11-29T08:28:40.508Z] Error writing to Modbus register: no connection to modbus server
[2024-11-29T08:28:41.512Z] Error reading register 6507 for IP 10.30.4.128: no connection to modbus server
[2024-11-29T08:28:41.513Z] Error writing to Modbus register: no connection to modbus server
[2024-11-29T08:28:41.513Z] Error reading or processing Modbus registers: no connection to modbus server
[2024-11-29T08:28:42.515Z] Error reading register 6507 for IP 10.30.4.128: no connection to modbus server
[2024-11-29T08:28:42.515Z] Error reading or processing Modbus registers: no connection to modbus server
[2024-11-29T08:28:42.515Z] Error writing to Modbus register: no connection to modbus server
[2024-11-29T08:28:43.530Z] Error reading register 6507 for IP 10.30.4.128: no connection to modbus server
[2024-11-29T08:28:43.530Z] Error reading or processing Modbus registers: no connection to modbus server
[2024-11-29T08:28:43.530Z] Error writing to Modbus register: no connection to modbus server
[2024-11-29T08:28:44.545Z] Error reading register 6507 for IP 10.30.4.128: no connection to modbus server
[2024-11-29T08:28:44.546Z] Error reading or processing Modbus registers: no connection to modbus server
[2024-11-29T08:28:44.546Z] Error writing to Modbus register: no connection to modbus server
[2024-11-29T08:28:45.550Z] Error reading register 6507 for IP 10.30.4.128: no connection to modbus server
[2024-11-29T08:28:45.550Z] Error reading or processing Modbus registers: no connection to modbus server
[2024-11-29T08:28:45.550Z] Error writing to Modbus register: no connection to modbus server
[2024-11-29T08:28:46.552Z] Error reading register 6507 for IP 10.30.4.128: no connection to modbus server
[2024-11-29T08:28:46.553Z] Error reading or processing Modbus registers: no connection to modbus server
[2024-11-29T08:28:46.553Z] Error writing to Modbus register: no connection to modbus server
[2024-11-29T08:28:47.554Z] Error reading register 6507 for IP 10.30.4.128: no connection to modbus server
[2024-11-29T08:28:47.554Z] Error reading or processing Modbus registers: no connection to modbus server
[2024-11-29T08:28:47.554Z] Error writing to Modbus register: no connection to modbus server
[2024-11-29T08:28:48.569Z] Error reading register 6507 for IP 10.30.4.128: no connection to modbus server
[2024-11-29T08:28:48.569Z] Error reading or processing Modbus registers: no connection to modbus server
[2024-11-29T08:28:48.569Z] Error writing to Modbus register: no connection to modbus server
[2024-11-29T08:28:49.568Z] Error reading register 6507 for IP 10.30.4.128: no connection to modbus server
[2024-11-29T08:28:49.568Z] Error reading or processing Modbus registers: no connection to modbus server
[2024-11-29T08:28:49.569Z] Error writing to Modbus register: no connection to modbus server
[2024-11-29T08:28:50.572Z] Error reading register 6507 for IP 10.30.4.128: no connection to modbus server
[2024-11-29T08:28:50.572Z] Error reading or processing Modbus registers: no connection to modbus server
[2024-11-29T08:28:50.572Z] Error writing to Modbus register: no connection to modbus server
[2024-11-29T08:28:51.586Z] Error reading register 6507 for IP 10.30.4.128: no connection to modbus server
[2024-11-29T08:28:51.586Z] Error reading or processing Modbus registers: no connection to modbus server
[2024-11-29T08:28:51.586Z] Error writing to Modbus register: no connection to modbus server
[2024-11-29T08:28:52.600Z] Error reading register 6507 for IP 10.30.4.128: no connection to modbus server
[2024-11-29T08:28:52.600Z] Error reading or processing Modbus registers: no connection to modbus server
[2024-11-29T08:28:52.601Z] Error writing to Modbus register: no connection to modbus server
[2024-11-29T08:28:53.614Z] Error reading register 6507 for IP 10.30.4.128: no connection to modbus server
[2024-11-29T08:28:53.614Z] Error reading or processing Modbus registers: no connection to modbus server
[2024-11-29T08:28:53.615Z] Error writing to Modbus register: no connection to modbus server
[2024-11-29T08:28:54.629Z] Error reading register 6507 for IP 10.30.4.128: no connection to modbus server
[2024-11-29T08:28:54.629Z] Error reading or processing Modbus registers: no connection to modbus server
[2024-11-29T08:28:54.629Z] Error writing to Modbus register: no connection to modbus server
[2024-11-29T08:28:55.644Z] Error reading register 6507 for IP 10.30.4.128: no connection to modbus server
[2024-11-29T08:28:55.644Z] Error reading or processing Modbus registers: no connection to modbus server
[2024-11-29T08:28:55.645Z] Error writing to Modbus register: no connection to modbus server
[2024-11-29T08:28:56.643Z] Error reading register 6507 for IP 10.30.4.128: no connection to modbus server
[2024-11-29T08:28:56.644Z] Error reading or processing Modbus registers: no connection to modbus server
[2024-11-29T08:28:56.645Z] Error writing to Modbus register: no connection to modbus server
[2024-11-29T08:28:57.643Z] Error reading register 6507 for IP 10.30.4.128: no connection to modbus server
[2024-11-29T08:28:57.643Z] Error reading or processing Modbus registers: no connection to modbus server
[2024-11-29T08:28:57.658Z] Error writing to Modbus register: no connection to modbus server
[2024-11-29T08:28:58.643Z] Error reading register 6507 for IP 10.30.4.128: no connection to modbus server
[2024-11-29T08:28:58.644Z] Error reading or processing Modbus registers: no connection to modbus server
[2024-11-29T08:28:58.659Z] Error writing to Modbus register: no connection to modbus server
[2024-11-29T08:28:59.647Z] Error reading register 6507 for IP 10.30.4.128: no connection to modbus server
[2024-11-29T08:28:59.647Z] Error reading or processing Modbus registers: no connection to modbus server
[2024-11-29T08:28:59.660Z] Error writing to Modbus register: no connection to modbus server
[2024-11-29T08:29:00.660Z] Error reading register 6507 for IP 10.30.4.128: no connection to modbus server
[2024-11-29T08:29:00.661Z] Error writing to Modbus register: no connection to modbus server
[2024-11-29T08:29:00.661Z] Error reading or processing Modbus registers: no connection to modbus server
[2024-11-29T08:29:01.661Z] Error reading register 6507 for IP 10.30.4.128: no connection to modbus server
[2024-11-29T08:29:01.662Z] Error reading or processing Modbus registers: no connection to modbus server
[2024-11-29T08:29:01.662Z] Error writing to Modbus register: no connection to modbus server
[2024-11-29T08:29:02.663Z] Error reading register 6507 for IP 10.30.4.128: no connection to modbus server
[2024-11-29T08:29:02.663Z] Error reading or processing Modbus registers: no connection to modbus server
[2024-11-29T08:29:02.663Z] Error writing to Modbus register: no connection to modbus server
[2024-11-29T08:29:03.664Z] Error reading register 6507 for IP 10.30.4.128: no connection to modbus server
[2024-11-29T08:29:03.664Z] Error reading or processing Modbus registers: no connection to modbus server
[2024-11-29T08:29:03.664Z] Error writing to Modbus register: no connection to modbus server
[2024-11-29T08:29:04.666Z] Error reading register 6507 for IP 10.30.4.128: no connection to modbus server
[2024-11-29T08:29:04.666Z] Error reading or processing Modbus registers: no connection to modbus server
[2024-11-29T08:29:04.666Z] Error writing to Modbus register: no connection to modbus server
[2024-11-29T08:29:05.680Z] Error reading register 6507 for IP 10.30.4.128: no connection to modbus server
[2024-11-29T08:29:05.680Z] Error reading or processing Modbus registers: no connection to modbus server
[2024-11-29T08:29:05.680Z] Error writing to Modbus register: no connection to modbus server
[2024-11-29T08:29:06.680Z] Error reading register 6507 for IP 10.30.4.128: no connection to modbus server
[2024-11-29T08:29:06.680Z] Error reading or processing Modbus registers: no connection to modbus server
[2024-11-29T08:29:06.680Z] Error writing to Modbus register: no connection to modbus server
[2024-11-29T08:29:07.694Z] Error reading register 6507 for IP 10.30.4.128: no connection to modbus server
[2024-11-29T08:29:07.694Z] Error reading or processing Modbus registers: no connection to modbus server
[2024-11-29T08:29:07.694Z] Error writing to Modbus register: no connection to modbus server
[2024-11-29T08:29:08.708Z] Error reading register 6507 for IP 10.30.4.128: no connection to modbus server
[2024-11-29T08:29:08.708Z] Error reading or processing Modbus registers: no connection to modbus server
[2024-11-29T08:29:08.709Z] Error writing to Modbus register: no connection to modbus server
[2024-11-29T08:29:09.716Z] Error reading register 6507 for IP 10.30.4.128: no connection to modbus server
[2024-11-29T08:29:09.716Z] Error reading or processing Modbus registers: no connection to modbus server
[2024-11-29T08:29:09.716Z] Error writing to Modbus register: no connection to modbus server
[2024-11-29T08:29:10.722Z] Error reading register 6507 for IP 10.30.4.128: no connection to modbus server
[2024-11-29T08:29:10.723Z] Error writing to Modbus register: no connection to modbus server
[2024-11-29T08:29:10.722Z] Error reading or processing Modbus registers: no connection to modbus server
[2024-11-29T08:29:11.723Z] Error reading register 6507 for IP 10.30.4.128: no connection to modbus server
[2024-11-29T08:29:11.723Z] Error reading or processing Modbus registers: no connection to modbus server
[2024-11-29T08:29:11.723Z] Error writing to Modbus register: no connection to modbus server
[2024-11-29T08:29:12.727Z] Error reading register 6507 for IP 10.30.4.128: no connection to modbus server
[2024-11-29T08:29:12.728Z] Error writing to Modbus register: no connection to modbus server
[2024-11-29T08:29:12.727Z] Error reading or processing Modbus registers: no connection to modbus server
[2024-11-29T08:29:13.730Z] Error reading register 6507 for IP 10.30.4.128: no connection to modbus server
[2024-11-29T08:29:13.731Z] Error reading or processing Modbus registers: no connection to modbus server
[2024-11-29T08:29:13.731Z] Error writing to Modbus register: no connection to modbus server
[2024-11-29T08:29:14.736Z] Error reading register 6507 for IP 10.30.4.128: no connection to modbus server
[2024-11-29T08:29:14.736Z] Error writing to Modbus register: no connection to modbus server
[2024-11-29T08:29:14.736Z] Error reading or processing Modbus registers: no connection to modbus server
[2024-11-29T08:29:15.750Z] Error reading register 6507 for IP 10.30.4.128: no connection to modbus server
[2024-11-29T08:29:15.750Z] Error reading or processing Modbus registers: no connection to modbus server
[2024-11-29T08:29:15.750Z] Error writing to Modbus register: no connection to modbus server
[2024-11-29T08:29:16.755Z] Error reading register 6507 for IP 10.30.4.128: no connection to modbus server
[2024-11-29T08:29:16.755Z] Error reading or processing Modbus registers: no connection to modbus server
[2024-11-29T08:29:16.756Z] Error writing to Modbus register: no connection to modbus server
[2024-11-29T08:29:17.760Z] Error reading register 6507 for IP 10.30.4.128: no connection to modbus server
[2024-11-29T08:29:17.760Z] Error reading or processing Modbus registers: no connection to modbus server
[2024-11-29T08:29:17.761Z] Error writing to Modbus register: no connection to modbus server
[2024-11-29T08:29:18.765Z] Error reading register 6507 for IP 10.30.4.128: no connection to modbus server
[2024-11-29T08:29:18.765Z] Error reading or processing Modbus registers: no connection to modbus server
[2024-11-29T08:29:18.766Z] Error writing to Modbus register: no connection to modbus server
[2024-11-29T08:29:19.778Z] Error reading register 6507 for IP 10.30.4.128: no connection to modbus server
[2024-11-29T08:29:19.778Z] Error reading or processing Modbus registers: no connection to modbus server
[2024-11-29T08:29:19.778Z] Error writing to Modbus register: no connection to modbus server
[2024-11-29T08:29:20.805Z] Error reading register 6507 for IP 10.30.4.128: no connection to modbus server
[2024-11-29T08:29:20.805Z] Error reading or processing Modbus registers: no connection to modbus server
[2024-11-29T08:29:20.805Z] Error writing to Modbus register: no connection to modbus server
[2024-11-29T08:29:21.819Z] Error reading register 6507 for IP 10.30.4.128: no connection to modbus server
[2024-11-29T08:29:21.819Z] Error reading or processing Modbus registers: no connection to modbus server
[2024-11-29T08:29:21.819Z] Error writing to Modbus register: no connection to modbus server
[2024-11-29T08:29:22.833Z] Error reading register 6507 for IP 10.30.4.128: no connection to modbus server
[2024-11-29T08:29:22.833Z] Error reading or processing Modbus registers: no connection to modbus server
[2024-11-29T08:29:22.834Z] Error writing to Modbus register: no connection to modbus server
[2024-11-29T08:29:23.847Z] Error reading register 6507 for IP 10.30.4.128: no connection to modbus server
[2024-11-29T08:29:23.847Z] Error reading or processing Modbus registers: no connection to modbus server
[2024-11-29T08:29:23.848Z] Error writing to Modbus register: no connection to modbus server
[2024-11-29T08:29:24.848Z] Error reading register 6507 for IP 10.30.4.128: no connection to modbus server
[2024-11-29T08:29:24.848Z] Error reading or processing Modbus registers: no connection to modbus server
[2024-11-29T08:29:24.848Z] Error writing to Modbus register: no connection to modbus server
[2024-11-29T08:29:25.849Z] Error reading register 6507 for IP 10.30.4.128: no connection to modbus server
[2024-11-29T08:29:25.849Z] Error reading or processing Modbus registers: no connection to modbus server
[2024-11-29T08:29:25.849Z] Error writing to Modbus register: no connection to modbus server
[2024-11-29T08:29:26.850Z] Error reading register 6507 for IP 10.30.4.128: no connection to modbus server
[2024-11-29T08:29:26.850Z] Error reading or processing Modbus registers: no connection to modbus server
[2024-11-29T08:29:26.851Z] Error writing to Modbus register: no connection to modbus server
[2024-11-29T08:29:27.852Z] Error reading register 6507 for IP 10.30.4.128: no connection to modbus server
[2024-11-29T08:29:27.852Z] Error reading or processing Modbus registers: no connection to modbus server
[2024-11-29T08:29:27.853Z] Error writing to Modbus register: no connection to modbus server
[2024-11-29T08:29:28.857Z] Error reading register 6507 for IP 10.30.4.128: no connection to modbus server
[2024-11-29T08:29:28.858Z] Error reading or processing Modbus registers: no connection to modbus server
[2024-11-29T08:29:28.858Z] Error writing to Modbus register: no connection to modbus server
[2024-11-29T08:29:29.860Z] Error reading register 6507 for IP 10.30.4.128: no connection to modbus server
[2024-11-29T08:29:29.861Z] Error reading or processing Modbus registers: no connection to modbus server
[2024-11-29T08:29:29.861Z] Error writing to Modbus register: no connection to modbus server
[2024-11-29T08:29:30.860Z] Error reading register 6507 for IP 10.30.4.128: no connection to modbus server
[2024-11-29T08:29:30.860Z] Error reading or processing Modbus registers: no connection to modbus server
[2024-11-29T08:29:30.861Z] Error writing to Modbus register: no connection to modbus server
[2024-11-29T08:29:31.864Z] Error reading register 6507 for IP 10.30.4.128: no connection to modbus server
[2024-11-29T08:29:31.864Z] Error writing to Modbus register: no connection to modbus server
[2024-11-29T08:29:31.864Z] Error reading or processing Modbus registers: no connection to modbus server
[2024-11-29T08:29:32.865Z] Error reading register 6507 for IP 10.30.4.128: no connection to modbus server
[2024-11-29T08:29:32.865Z] Error reading or processing Modbus registers: no connection to modbus server
[2024-11-29T08:29:32.866Z] Error writing to Modbus register: no connection to modbus server
[2024-11-29T08:29:33.879Z] Error reading register 6507 for IP 10.30.4.128: no connection to modbus server
[2024-11-29T08:29:33.879Z] Error reading or processing Modbus registers: no connection to modbus server
[2024-11-29T08:29:33.880Z] Error writing to Modbus register: no connection to modbus server
[2024-11-29T08:29:34.882Z] Error reading register 6507 for IP 10.30.4.128: no connection to modbus server
[2024-11-29T08:29:34.883Z] Error writing to Modbus register: no connection to modbus server
[2024-11-29T08:29:34.882Z] Error reading or processing Modbus registers: no connection to modbus server
[2024-11-29T08:29:35.885Z] Error reading register 6507 for IP 10.30.4.128: no connection to modbus server
[2024-11-29T08:29:35.886Z] Error reading or processing Modbus registers: no connection to modbus server
[2024-11-29T08:29:35.886Z] Error writing to Modbus register: no connection to modbus server
[2024-11-29T08:29:36.899Z] Error reading register 6507 for IP 10.30.4.128: no connection to modbus server
[2024-11-29T08:29:36.900Z] Error reading or processing Modbus registers: no connection to modbus server
[2024-11-29T08:29:36.900Z] Error writing to Modbus register: no connection to modbus server
[2024-11-29T08:29:37.900Z] Error reading register 6507 for IP 10.30.4.128: no connection to modbus server
[2024-11-29T08:29:37.900Z] Error reading or processing Modbus registers: no connection to modbus server
[2024-11-29T08:29:37.900Z] Error writing to Modbus register: no connection to modbus server
[2024-11-29T08:29:38.905Z] Error reading register 6507 for IP 10.30.4.128: no connection to modbus server
[2024-11-29T08:29:38.905Z] Error reading or processing Modbus registers: no connection to modbus server
[2024-11-29T08:29:38.905Z] Error writing to Modbus register: no connection to modbus server
[2024-11-29T08:29:39.907Z] Error reading register 6507 for IP 10.30.4.128: no connection to modbus server
[2024-11-29T08:29:39.908Z] Error reading or processing Modbus registers: no connection to modbus server
[2024-11-29T08:29:39.908Z] Error writing to Modbus register: no connection to modbus server
[2024-11-29T08:29:40.908Z] Error reading register 6507 for IP 10.30.4.128: no connection to modbus server
[2024-11-29T08:29:40.908Z] Error reading or processing Modbus registers: no connection to modbus server
[2024-11-29T08:29:40.908Z] Error writing to Modbus register: no connection to modbus server
[2024-11-29T08:29:41.922Z] Error reading register 6507 for IP 10.30.4.128: no connection to modbus server
[2024-11-29T08:29:41.922Z] Error reading or processing Modbus registers: no connection to modbus server
[2024-11-29T08:29:41.923Z] Error writing to Modbus register: no connection to modbus server
[2024-11-29T08:29:42.925Z] Error reading register 6507 for IP 10.30.4.128: no connection to modbus server
[2024-11-29T08:29:42.926Z] Error writing to Modbus register: no connection to modbus server
[2024-11-29T08:29:42.925Z] Error reading or processing Modbus registers: no connection to modbus server
[2024-11-29T08:29:43.928Z] Error reading register 6507 for IP 10.30.4.128: no connection to modbus server
[2024-11-29T08:29:43.929Z] Error reading or processing Modbus registers: no connection to modbus server
[2024-11-29T08:29:43.929Z] Error writing to Modbus register: no connection to modbus server
[2024-11-29T08:29:44.943Z] Error reading register 6507 for IP 10.30.4.128: no connection to modbus server
[2024-11-29T08:29:44.943Z] Error writing to Modbus register: no connection to modbus server
[2024-11-29T08:29:44.943Z] Error reading or processing Modbus registers: no connection to modbus server
[2024-11-29T08:29:45.948Z] Error reading register 6507 for IP 10.30.4.128: no connection to modbus server
[2024-11-29T08:29:45.948Z] Error writing to Modbus register: no connection to modbus server
[2024-11-29T08:29:45.948Z] Error reading or processing Modbus registers: no connection to modbus server
[2024-11-29T08:29:46.954Z] Error reading register 6507 for IP 10.30.4.128: no connection to modbus server
[2024-11-29T08:29:46.954Z] Error reading or processing Modbus registers: no connection to modbus server
[2024-11-29T08:29:46.954Z] Error writing to Modbus register: no connection to modbus server
[2024-11-29T08:29:47.954Z] Error reading register 6507 for IP 10.30.4.128: no connection to modbus server
[2024-11-29T08:29:47.955Z] Error reading or processing Modbus registers: no connection to modbus server
[2024-11-29T08:29:47.955Z] Error writing to Modbus register: no connection to modbus server
[2024-11-29T08:29:48.954Z] Error reading register 6507 for IP 10.30.4.128: no connection to modbus server
[2024-11-29T08:29:48.954Z] Error reading or processing Modbus registers: no connection to modbus server
[2024-11-29T08:29:48.969Z] Error writing to Modbus register: no connection to modbus server
[2024-11-29T08:29:49.968Z] Error reading register 6507 for IP 10.30.4.128: no connection to modbus server
[2024-11-29T08:29:49.968Z] Error reading or processing Modbus registers: no connection to modbus server
[2024-11-29T08:29:49.983Z] Error writing to Modbus register: no connection to modbus server
[2024-11-29T08:29:50.972Z] Error reading register 6507 for IP 10.30.4.128: no connection to modbus server
[2024-11-29T08:29:50.972Z] Error reading or processing Modbus registers: no connection to modbus server
[2024-11-29T08:29:50.987Z] Error writing to Modbus register: no connection to modbus server
[2024-11-29T08:29:51.975Z] Error reading register 6507 for IP 10.30.4.128: no connection to modbus server
[2024-11-29T08:29:51.976Z] Error reading or processing Modbus registers: no connection to modbus server
[2024-11-29T08:29:51.991Z] Error writing to Modbus register: no connection to modbus server
[2024-11-29T08:29:52.976Z] Error reading register 6507 for IP 10.30.4.128: no connection to modbus server
[2024-11-29T08:29:52.977Z] Error reading or processing Modbus registers: no connection to modbus server
[2024-11-29T08:29:52.992Z] Error writing to Modbus register: no connection to modbus server
[2024-11-29T08:29:53.981Z] Error reading register 6507 for IP 10.30.4.128: no connection to modbus server
[2024-11-29T08:29:53.981Z] Error reading or processing Modbus registers: no connection to modbus server
[2024-11-29T08:29:53.992Z] Error writing to Modbus register: no connection to modbus server
[2024-11-29T08:29:54.994Z] Error reading register 6507 for IP 10.30.4.128: no connection to modbus server
[2024-11-29T08:29:54.995Z] Error writing to Modbus register: no connection to modbus server
[2024-11-29T08:29:54.995Z] Error reading or processing Modbus registers: no connection to modbus server
[2024-11-29T08:29:55.995Z] Error reading register 6507 for IP 10.30.4.128: no connection to modbus server
[2024-11-29T08:29:55.995Z] Error reading or processing Modbus registers: no connection to modbus server
[2024-11-29T08:29:55.995Z] Error writing to Modbus register: no connection to modbus server
[2024-11-29T08:29:57.010Z] Error reading register 6507 for IP 10.30.4.128: no connection to modbus server
[2024-11-29T08:29:57.010Z] Error reading or processing Modbus registers: no connection to modbus server
[2024-11-29T08:29:57.010Z] Error writing to Modbus register: no connection to modbus server
[2024-11-29T08:29:58.014Z] Error reading register 6507 for IP 10.30.4.128: no connection to modbus server
[2024-11-29T08:29:58.015Z] Error reading or processing Modbus registers: no connection to modbus server
[2024-11-29T08:29:58.015Z] Error writing to Modbus register: no connection to modbus server
[2024-11-29T08:29:59.025Z] Error reading register 6507 for IP 10.30.4.128: no connection to modbus server
[2024-11-29T08:29:59.025Z] Error reading or processing Modbus registers: no connection to modbus server
[2024-11-29T08:29:59.025Z] Error writing to Modbus register: no connection to modbus server
[2024-11-29T08:30:00.029Z] Error reading register 6507 for IP 10.30.4.128: no connection to modbus server
[2024-11-29T08:30:00.029Z] Error reading or processing Modbus registers: no connection to modbus server
[2024-11-29T08:30:00.029Z] Error writing to Modbus register: no connection to modbus server
[2024-11-29T08:30:01.041Z] Error reading register 6507 for IP 10.30.4.128: no connection to modbus server
[2024-11-29T08:30:01.041Z] Error reading or processing Modbus registers: no connection to modbus server
[2024-11-29T08:30:01.041Z] Error writing to Modbus register: no connection to modbus server
[2024-11-29T08:30:02.056Z] Error reading register 6507 for IP 10.30.4.128: no connection to modbus server
[2024-11-29T08:30:02.056Z] Error reading or processing Modbus registers: no connection to modbus server
[2024-11-29T08:30:02.056Z] Error writing to Modbus register: no connection to modbus server
[2024-11-29T08:30:03.069Z] Error reading register 6507 for IP 10.30.4.128: no connection to modbus server
[2024-11-29T08:30:03.069Z] Error writing to Modbus register: no connection to modbus server
[2024-11-29T08:30:03.069Z] Error reading or processing Modbus registers: no connection to modbus server
[2024-11-29T08:30:04.070Z] Error reading register 6507 for IP 10.30.4.128: no connection to modbus server
[2024-11-29T08:30:04.070Z] Error reading or processing Modbus registers: no connection to modbus server
[2024-11-29T08:30:04.070Z] Error writing to Modbus register: no connection to modbus server
[2024-11-29T08:30:05.074Z] Error reading register 6507 for IP 10.30.4.128: no connection to modbus server
[2024-11-29T08:30:05.074Z] Error writing to Modbus register: no connection to modbus server
[2024-11-29T08:30:05.074Z] Error reading or processing Modbus registers: no connection to modbus server
[2024-11-29T08:30:06.077Z] Error reading register 6507 for IP 10.30.4.128: no connection to modbus server
[2024-11-29T08:30:06.077Z] Error reading or processing Modbus registers: no connection to modbus server
[2024-11-29T08:30:06.078Z] Error writing to Modbus register: no connection to modbus server
[2024-11-29T08:30:07.078Z] Error reading register 6507 for IP 10.30.4.128: no connection to modbus server
[2024-11-29T08:30:07.078Z] Error reading or processing Modbus registers: no connection to modbus server
[2024-11-29T08:30:07.079Z] Error writing to Modbus register: no connection to modbus server
[2024-11-29T08:30:08.093Z] Error reading register 6507 for IP 10.30.4.128: no connection to modbus server
[2024-11-29T08:30:08.093Z] Error reading or processing Modbus registers: no connection to modbus server
[2024-11-29T08:30:08.093Z] Error writing to Modbus register: no connection to modbus server
[2024-11-29T08:30:09.097Z] Error reading register 6507 for IP 10.30.4.128: no connection to modbus server
[2024-11-29T08:30:09.097Z] Error reading or processing Modbus registers: no connection to modbus server
[2024-11-29T08:30:09.098Z] Error writing to Modbus register: no connection to modbus server
[2024-11-29T08:30:10.099Z] Error reading register 6507 for IP 10.30.4.128: no connection to modbus server
[2024-11-29T08:30:10.099Z] Error reading or processing Modbus registers: no connection to modbus server
[2024-11-29T08:30:10.099Z] Error writing to Modbus register: no connection to modbus server
[2024-11-29T08:30:11.103Z] Error reading register 6507 for IP 10.30.4.128: no connection to modbus server
[2024-11-29T08:30:11.103Z] Error reading or processing Modbus registers: no connection to modbus server
[2024-11-29T08:30:11.103Z] Error writing to Modbus register: no connection to modbus server
[2024-11-29T08:30:12.105Z] Error reading register 6507 for IP 10.30.4.128: no connection to modbus server
[2024-11-29T08:30:12.105Z] Error reading or processing Modbus registers: no connection to modbus server
[2024-11-29T08:30:12.105Z] Error writing to Modbus register: no connection to modbus server
[2024-11-29T08:30:13.111Z] Error reading register 6507 for IP 10.30.4.128: no connection to modbus server
[2024-11-29T08:30:13.111Z] Error reading or processing Modbus registers: no connection to modbus server
[2024-11-29T08:30:13.112Z] Error writing to Modbus register: no connection to modbus server
[2024-11-29T08:30:14.114Z] Error reading or processing Modbus registers: no connection to modbus server
[2024-11-29T08:30:14.114Z] Error reading register 6507 for IP 10.30.4.128: no connection to modbus server
[2024-11-29T08:30:14.114Z] Error writing to Modbus register: no connection to modbus server
[2024-11-29T08:30:15.115Z] Error reading register 6507 for IP 10.30.4.128: no connection to modbus server
[2024-11-29T08:30:15.115Z] Error reading or processing Modbus registers: no connection to modbus server
[2024-11-29T08:30:15.116Z] Error writing to Modbus register: no connection to modbus server
[2024-11-29T08:30:16.118Z] Error reading register 6507 for IP 10.30.4.128: no connection to modbus server
[2024-11-29T08:30:16.118Z] Error reading or processing Modbus registers: no connection to modbus server
[2024-11-29T08:30:16.118Z] Error writing to Modbus register: no connection to modbus server
[2024-11-29T08:30:17.128Z] Error reading register 6507 for IP 10.30.4.128: no connection to modbus server
[2024-11-29T08:30:17.129Z] Error reading or processing Modbus registers: no connection to modbus server
[2024-11-29T08:30:17.129Z] Error writing to Modbus register: no connection to modbus server
[2024-11-29T08:30:18.129Z] Error reading register 6507 for IP 10.30.4.128: no connection to modbus server
[2024-11-29T08:30:18.129Z] Error reading or processing Modbus registers: no connection to modbus server
[2024-11-29T08:30:18.129Z] Error writing to Modbus register: no connection to modbus server
[2024-11-29T08:30:19.143Z] Error reading register 6507 for IP 10.30.4.128: no connection to modbus server
[2024-11-29T08:30:19.143Z] Error reading or processing Modbus registers: no connection to modbus server
[2024-11-29T08:30:19.143Z] Error writing to Modbus register: no connection to modbus server
[2024-11-29T08:30:20.155Z] Error reading register 6507 for IP 10.30.4.128: no connection to modbus server
[2024-11-29T08:30:20.156Z] Error reading or processing Modbus registers: no connection to modbus server
[2024-11-29T08:30:20.156Z] Error writing to Modbus register: no connection to modbus server
[2024-11-29T08:30:21.192Z] Error reading register 6507 for IP 10.30.4.128: no connection to modbus server
[2024-11-29T08:30:21.192Z] Error reading or processing Modbus registers: no connection to modbus server
[2024-11-29T08:30:21.192Z] Error writing to Modbus register: no connection to modbus server
[2024-11-29T08:30:22.196Z] Error reading register 6507 for IP 10.30.4.128: no connection to modbus server
[2024-11-29T08:30:22.196Z] Error reading or processing Modbus registers: no connection to modbus server
[2024-11-29T08:30:22.196Z] Error writing to Modbus register: no connection to modbus server
[2024-11-29T08:30:23.206Z] Error reading register 6507 for IP 10.30.4.128: no connection to modbus server
[2024-11-29T08:30:23.206Z] Error reading or processing Modbus registers: no connection to modbus server
[2024-11-29T08:30:23.206Z] Error writing to Modbus register: no connection to modbus server
[2024-11-29T08:30:24.218Z] Error reading register 6507 for IP 10.30.4.128: no connection to modbus server
[2024-11-29T08:30:24.219Z] Error writing to Modbus register: no connection to modbus server
[2024-11-29T08:30:24.218Z] Error reading or processing Modbus registers: no connection to modbus server
[2024-11-29T08:30:25.229Z] Error reading register 6507 for IP 10.30.4.128: no connection to modbus server
[2024-11-29T08:30:25.229Z] Error reading or processing Modbus registers: no connection to modbus server
[2024-11-29T08:30:25.230Z] Error writing to Modbus register: no connection to modbus server
[2024-11-29T08:30:26.245Z] Error reading register 6507 for IP 10.30.4.128: no connection to modbus server
[2024-11-29T08:30:26.245Z] Error reading or processing Modbus registers: no connection to modbus server
[2024-11-29T08:30:26.245Z] Error writing to Modbus register: no connection to modbus server
[2024-11-29T08:30:27.247Z] Error reading register 6507 for IP 10.30.4.128: no connection to modbus server
[2024-11-29T08:30:27.248Z] Error reading or processing Modbus registers: no connection to modbus server
[2024-11-29T08:30:27.248Z] Error writing to Modbus register: no connection to modbus server
[2024-11-29T08:30:28.258Z] Error reading register 6507 for IP 10.30.4.128: no connection to modbus server
[2024-11-29T08:30:28.258Z] Error reading or processing Modbus registers: no connection to modbus server
[2024-11-29T08:30:28.259Z] Error writing to Modbus register: no connection to modbus server
[2024-11-29T08:30:29.273Z] Error reading register 6507 for IP 10.30.4.128: no connection to modbus server
[2024-11-29T08:30:29.273Z] Error reading or processing Modbus registers: no connection to modbus server
[2024-11-29T08:30:29.273Z] Error writing to Modbus register: no connection to modbus server
[2024-11-29T08:30:30.285Z] Error reading register 6507 for IP 10.30.4.128: no connection to modbus server
[2024-11-29T08:30:30.285Z] Error reading or processing Modbus registers: no connection to modbus server
[2024-11-29T08:30:30.285Z] Error writing to Modbus register: no connection to modbus server
[2024-11-29T08:30:31.300Z] Error reading register 6507 for IP 10.30.4.128: no connection to modbus server
[2024-11-29T08:30:31.300Z] Error reading or processing Modbus registers: no connection to modbus server
[2024-11-29T08:30:31.301Z] Error writing to Modbus register: no connection to modbus server
[2024-11-29T08:30:32.313Z] Error reading register 6507 for IP 10.30.4.128: no connection to modbus server
[2024-11-29T08:30:32.313Z] Error reading or processing Modbus registers: no connection to modbus server
[2024-11-29T08:30:32.313Z] Error writing to Modbus register: no connection to modbus server
[2024-11-29T08:30:33.314Z] Error reading register 6507 for IP 10.30.4.128: no connection to modbus server
[2024-11-29T08:30:33.314Z] Error reading or processing Modbus registers: no connection to modbus server
[2024-11-29T08:30:33.315Z] Error writing to Modbus register: no connection to modbus server
[2024-11-29T08:30:34.329Z] Error reading register 6507 for IP 10.30.4.128: no connection to modbus server
[2024-11-29T08:30:34.329Z] Error reading or processing Modbus registers: no connection to modbus server
[2024-11-29T08:30:34.329Z] Error writing to Modbus register: no connection to modbus server
[2024-11-29T08:30:35.343Z] Error reading register 6507 for IP 10.30.4.128: no connection to modbus server
[2024-11-29T08:30:35.343Z] Error reading or processing Modbus registers: no connection to modbus server
[2024-11-29T08:30:35.343Z] Error writing to Modbus register: no connection to modbus server
[2024-11-29T08:30:36.358Z] Error reading register 6507 for IP 10.30.4.128: no connection to modbus server
[2024-11-29T08:30:36.358Z] Error reading or processing Modbus registers: no connection to modbus server
[2024-11-29T08:30:36.358Z] Error writing to Modbus register: no connection to modbus server
[2024-11-29T08:30:37.373Z] Error reading register 6507 for IP 10.30.4.128: no connection to modbus server
[2024-11-29T08:30:37.373Z] Error reading or processing Modbus registers: no connection to modbus server
[2024-11-29T08:30:37.373Z] Error writing to Modbus register: no connection to modbus server
[2024-11-29T08:30:38.387Z] Error reading register 6507 for IP 10.30.4.128: no connection to modbus server
[2024-11-29T08:30:38.388Z] Error reading or processing Modbus registers: no connection to modbus server
[2024-11-29T08:30:38.388Z] Error writing to Modbus register: no connection to modbus server
[2024-11-29T08:30:39.394Z] Error reading register 6507 for IP 10.30.4.128: no connection to modbus server
[2024-11-29T08:30:39.394Z] Error reading or processing Modbus registers: no connection to modbus server
[2024-11-29T08:30:39.396Z] Error writing to Modbus register: no connection to modbus server
[2024-11-29T08:30:40.397Z] Error reading register 6507 for IP 10.30.4.128: no connection to modbus server
[2024-11-29T08:30:40.397Z] Error writing to Modbus register: no connection to modbus server
[2024-11-29T08:30:40.397Z] Error reading or processing Modbus registers: no connection to modbus server
[2024-11-29T08:30:41.400Z] Error reading register 6507 for IP 10.30.4.128: no connection to modbus server
[2024-11-29T08:30:41.401Z] Error reading or processing Modbus registers: no connection to modbus server
[2024-11-29T08:30:41.401Z] Error writing to Modbus register: no connection to modbus server
[2024-11-29T08:30:42.405Z] Error reading register 6507 for IP 10.30.4.128: no connection to modbus server
[2024-11-29T08:30:42.406Z] Error reading or processing Modbus registers: no connection to modbus server
[2024-11-29T08:30:42.406Z] Error writing to Modbus register: no connection to modbus server
[2024-11-29T08:30:43.415Z] Error reading register 6507 for IP 10.30.4.128: no connection to modbus server
[2024-11-29T08:30:43.415Z] Error reading or processing Modbus registers: no connection to modbus server
[2024-11-29T08:30:43.415Z] Error writing to Modbus register: no connection to modbus server
[2024-11-29T08:30:44.422Z] Error reading register 6507 for IP 10.30.4.128: no connection to modbus server
[2024-11-29T08:30:44.422Z] Error reading or processing Modbus registers: no connection to modbus server
[2024-11-29T08:30:44.422Z] Error writing to Modbus register: no connection to modbus server
[2024-11-29T08:30:45.426Z] Error reading register 6507 for IP 10.30.4.128: no connection to modbus server
[2024-11-29T08:30:45.426Z] Error reading or processing Modbus registers: no connection to modbus server
[2024-11-29T08:30:45.426Z] Error writing to Modbus register: no connection to modbus server
[2024-11-29T08:30:46.427Z] Error reading register 6507 for IP 10.30.4.128: no connection to modbus server
[2024-11-29T08:30:46.427Z] Error reading or processing Modbus registers: no connection to modbus server
[2024-11-29T08:30:46.428Z] Error writing to Modbus register: no connection to modbus server
[2024-11-29T08:30:47.441Z] Error reading register 6507 for IP 10.30.4.128: no connection to modbus server
[2024-11-29T08:30:47.441Z] Error reading or processing Modbus registers: no connection to modbus server
[2024-11-29T08:30:47.441Z] Error writing to Modbus register: no connection to modbus server
[2024-11-29T08:30:48.446Z] Error reading register 6507 for IP 10.30.4.128: no connection to modbus server
[2024-11-29T08:30:48.446Z] Error reading or processing Modbus registers: no connection to modbus server
[2024-11-29T08:30:48.446Z] Error writing to Modbus register: no connection to modbus server
[2024-11-29T08:30:49.448Z] Error reading register 6507 for IP 10.30.4.128: no connection to modbus server
[2024-11-29T08:30:49.449Z] Error reading or processing Modbus registers: no connection to modbus server
[2024-11-29T08:30:49.449Z] Error writing to Modbus register: no connection to modbus server
[2024-11-29T08:30:50.463Z] Error reading register 6507 for IP 10.30.4.128: no connection to modbus server
[2024-11-29T08:30:50.464Z] Error writing to Modbus register: no connection to modbus server
[2024-11-29T08:30:50.463Z] Error reading or processing Modbus registers: no connection to modbus server
[2024-11-29T08:30:51.465Z] Error reading register 6507 for IP 10.30.4.128: no connection to modbus server
[2024-11-29T08:30:51.465Z] Error reading or processing Modbus registers: no connection to modbus server
[2024-11-29T08:30:51.466Z] Error writing to Modbus register: no connection to modbus server
[2024-11-29T08:30:52.466Z] Error reading register 6507 for IP 10.30.4.128: no connection to modbus server
[2024-11-29T08:30:52.466Z] Error reading or processing Modbus registers: no connection to modbus server
[2024-11-29T08:30:52.466Z] Error writing to Modbus register: no connection to modbus server
[2024-11-29T08:30:53.466Z] Error reading register 6507 for IP 10.30.4.128: no connection to modbus server
[2024-11-29T08:30:53.467Z] Error reading or processing Modbus registers: no connection to modbus server
[2024-11-29T08:30:53.467Z] Error writing to Modbus register: no connection to modbus server
[2024-11-29T08:30:54.469Z] Error reading register 6507 for IP 10.30.4.128: no connection to modbus server
[2024-11-29T08:30:54.469Z] Error reading or processing Modbus registers: no connection to modbus server
[2024-11-29T08:30:54.471Z] Error writing to Modbus register: no connection to modbus server
[2024-11-29T08:30:55.471Z] Error reading register 6507 for IP 10.30.4.128: no connection to modbus server
[2024-11-29T08:30:55.472Z] Error reading or processing Modbus registers: no connection to modbus server
[2024-11-29T08:30:55.472Z] Error writing to Modbus register: no connection to modbus server
[2024-11-29T08:30:56.474Z] Error reading register 6507 for IP 10.30.4.128: no connection to modbus server
[2024-11-29T08:30:56.474Z] Error reading or processing Modbus registers: no connection to modbus server
[2024-11-29T08:30:56.474Z] Error writing to Modbus register: no connection to modbus server
[2024-11-29T08:30:57.474Z] Error reading register 6507 for IP 10.30.4.128: no connection to modbus server
[2024-11-29T08:30:57.474Z] Error reading or processing Modbus registers: no connection to modbus server
[2024-11-29T08:30:57.474Z] Error writing to Modbus register: no connection to modbus server
[2024-11-29T08:30:58.487Z] Error reading register 6507 for IP 10.30.4.128: no connection to modbus server
[2024-11-29T08:30:58.487Z] Error reading or processing Modbus registers: no connection to modbus server
[2024-11-29T08:30:58.487Z] Error writing to Modbus register: no connection to modbus server
[2024-11-29T08:30:59.494Z] Error reading register 6507 for IP 10.30.4.128: no connection to modbus server
[2024-11-29T08:30:59.495Z] Error reading or processing Modbus registers: no connection to modbus server
[2024-11-29T08:30:59.495Z] Error writing to Modbus register: no connection to modbus server
[2024-11-29T08:31:00.501Z] Error reading register 6507 for IP 10.30.4.128: no connection to modbus server
[2024-11-29T08:31:00.501Z] Error reading or processing Modbus registers: no connection to modbus server
[2024-11-29T08:31:00.502Z] Error writing to Modbus register: no connection to modbus server
[2024-11-29T08:31:01.506Z] Error reading register 6507 for IP 10.30.4.128: no connection to modbus server
[2024-11-29T08:31:01.506Z] Error reading or processing Modbus registers: no connection to modbus server
[2024-11-29T08:31:01.506Z] Error writing to Modbus register: no connection to modbus server
[2024-11-29T08:31:02.520Z] Error reading register 6507 for IP 10.30.4.128: no connection to modbus server
[2024-11-29T08:31:02.520Z] Error reading or processing Modbus registers: no connection to modbus server
[2024-11-29T08:31:02.521Z] Error writing to Modbus register: no connection to modbus server
[2024-11-29T08:31:03.521Z] Error reading register 6507 for IP 10.30.4.128: no connection to modbus server
[2024-11-29T08:31:03.521Z] Error reading or processing Modbus registers: no connection to modbus server
[2024-11-29T08:31:03.522Z] Error writing to Modbus register: no connection to modbus server
[2024-11-29T08:31:04.534Z] Error reading register 6507 for IP 10.30.4.128: no connection to modbus server
[2024-11-29T08:31:04.534Z] Error reading or processing Modbus registers: no connection to modbus server
[2024-11-29T08:31:04.534Z] Error writing to Modbus register: no connection to modbus server
[2024-11-29T08:31:05.548Z] Error reading register 6507 for IP 10.30.4.128: no connection to modbus server
[2024-11-29T08:31:05.548Z] Error reading or processing Modbus registers: no connection to modbus server
[2024-11-29T08:31:05.549Z] Error writing to Modbus register: no connection to modbus server
[2024-11-29T08:31:06.558Z] Error reading register 6507 for IP 10.30.4.128: no connection to modbus server
[2024-11-29T08:31:06.558Z] Error reading or processing Modbus registers: no connection to modbus server
[2024-11-29T08:31:06.558Z] Error writing to Modbus register: no connection to modbus server
[2024-11-29T08:31:07.559Z] Error reading register 6507 for IP 10.30.4.128: no connection to modbus server
[2024-11-29T08:31:07.560Z] Error reading or processing Modbus registers: no connection to modbus server
[2024-11-29T08:31:07.560Z] Error writing to Modbus register: no connection to modbus server
[2024-11-29T08:31:08.573Z] Error reading register 6507 for IP 10.30.4.128: no connection to modbus server
[2024-11-29T08:31:08.573Z] Error reading or processing Modbus registers: no connection to modbus server
[2024-11-29T08:31:08.574Z] Error writing to Modbus register: no connection to modbus server
[2024-11-29T08:31:09.587Z] Error reading register 6507 for IP 10.30.4.128: no connection to modbus server
[2024-11-29T08:31:09.587Z] Error reading or processing Modbus registers: no connection to modbus server
[2024-11-29T08:31:09.587Z] Error writing to Modbus register: no connection to modbus server
[2024-11-29T08:31:10.589Z] Error reading register 6507 for IP 10.30.4.128: no connection to modbus server
[2024-11-29T08:31:10.590Z] Error reading or processing Modbus registers: no connection to modbus server
[2024-11-29T08:31:10.590Z] Error writing to Modbus register: no connection to modbus server
[2024-11-29T08:31:11.593Z] Error reading register 6507 for IP 10.30.4.128: no connection to modbus server
[2024-11-29T08:31:11.593Z] Error reading or processing Modbus registers: no connection to modbus server
[2024-11-29T08:31:11.593Z] Error writing to Modbus register: no connection to modbus server
[2024-11-29T08:31:12.608Z] Error reading register 6507 for IP 10.30.4.128: no connection to modbus server
[2024-11-29T08:31:12.608Z] Error reading or processing Modbus registers: no connection to modbus server
[2024-11-29T08:31:12.608Z] Error writing to Modbus register: no connection to modbus server
[2024-11-29T08:31:13.608Z] Error reading register 6507 for IP 10.30.4.128: no connection to modbus server
[2024-11-29T08:31:13.608Z] Error reading or processing Modbus registers: no connection to modbus server
[2024-11-29T08:31:13.624Z] Error writing to Modbus register: no connection to modbus server
[2024-11-29T08:31:14.614Z] Error reading register 6507 for IP 10.30.4.128: no connection to modbus server
[2024-11-29T08:31:14.614Z] Error reading or processing Modbus registers: no connection to modbus server
[2024-11-29T08:31:14.628Z] Error writing to Modbus register: no connection to modbus server
[2024-11-29T08:31:15.615Z] Error reading register 6507 for IP 10.30.4.128: no connection to modbus server
[2024-11-29T08:31:15.615Z] Error reading or processing Modbus registers: no connection to modbus server
[2024-11-29T08:31:15.629Z] Error writing to Modbus register: no connection to modbus server
[2024-11-29T08:31:16.627Z] Error reading register 6507 for IP 10.30.4.128: no connection to modbus server
[2024-11-29T08:31:16.627Z] Error reading or processing Modbus registers: no connection to modbus server
[2024-11-29T08:31:16.642Z] Error writing to Modbus register: no connection to modbus server
[2024-11-29T08:31:17.630Z] Error reading register 6507 for IP 10.30.4.128: no connection to modbus server
[2024-11-29T08:31:17.630Z] Error reading or processing Modbus registers: no connection to modbus server
[2024-11-29T08:31:17.644Z] Error writing to Modbus register: no connection to modbus server
[2024-11-29T08:31:18.641Z] Error reading register 6507 for IP 10.30.4.128: no connection to modbus server
[2024-11-29T08:31:18.642Z] Error reading or processing Modbus registers: no connection to modbus server
[2024-11-29T08:31:18.656Z] Error writing to Modbus register: no connection to modbus server
[2024-11-29T08:31:19.655Z] Error reading register 6507 for IP 10.30.4.128: no connection to modbus server
[2024-11-29T08:31:19.655Z] Error reading or processing Modbus registers: no connection to modbus server
[2024-11-29T08:31:19.670Z] Error writing to Modbus register: no connection to modbus server
[2024-11-29T08:31:20.689Z] Error reading register 6507 for IP 10.30.4.128: no connection to modbus server
[2024-11-29T08:31:20.689Z] Error reading or processing Modbus registers: no connection to modbus server
[2024-11-29T08:31:20.704Z] Error writing to Modbus register: no connection to modbus server
[2024-11-29T08:31:21.689Z] Error reading register 6507 for IP 10.30.4.128: no connection to modbus server
[2024-11-29T08:31:21.690Z] Error reading or processing Modbus registers: no connection to modbus server
[2024-11-29T08:31:21.704Z] Error writing to Modbus register: no connection to modbus server
[2024-11-29T08:31:22.704Z] Error reading register 6507 for IP 10.30.4.128: no connection to modbus server
[2024-11-29T08:31:22.705Z] Error reading or processing Modbus registers: no connection to modbus server
[2024-11-29T08:31:22.705Z] Error writing to Modbus register: no connection to modbus server
[2024-11-29T08:31:23.718Z] Error reading register 6507 for IP 10.30.4.128: no connection to modbus server
[2024-11-29T08:31:23.718Z] Error reading or processing Modbus registers: no connection to modbus server
[2024-11-29T08:31:23.718Z] Error writing to Modbus register: no connection to modbus server
[2024-11-29T08:31:24.718Z] Error reading register 6507 for IP 10.30.4.128: no connection to modbus server
[2024-11-29T08:31:24.718Z] Error reading or processing Modbus registers: no connection to modbus server
[2024-11-29T08:31:24.735Z] Error writing to Modbus register: no connection to modbus server
[2024-11-29T08:31:25.732Z] Error reading register 6507 for IP 10.30.4.128: no connection to modbus server
[2024-11-29T08:31:25.732Z] Error reading or processing Modbus registers: no connection to modbus server
[2024-11-29T08:31:25.747Z] Error writing to Modbus register: no connection to modbus server
[2024-11-29T08:31:26.732Z] Error reading register 6507 for IP 10.30.4.128: no connection to modbus server
[2024-11-29T08:31:26.732Z] Error reading or processing Modbus registers: no connection to modbus server
[2024-11-29T08:31:26.747Z] Error writing to Modbus register: no connection to modbus server
[2024-11-29T08:31:27.732Z] Error reading register 6507 for IP 10.30.4.128: no connection to modbus server
[2024-11-29T08:31:27.734Z] Error reading or processing Modbus registers: no connection to modbus server
[2024-11-29T08:31:27.761Z] Error writing to Modbus register: no connection to modbus server
[2024-11-29T08:31:28.744Z] Error reading register 6507 for IP 10.30.4.128: no connection to modbus server
[2024-11-29T08:31:28.744Z] Error reading or processing Modbus registers: no connection to modbus server
[2024-11-29T08:31:28.774Z] Error writing to Modbus register: no connection to modbus server
[2024-11-29T08:31:29.758Z] Error reading register 6507 for IP 10.30.4.128: no connection to modbus server
[2024-11-29T08:31:29.758Z] Error reading or processing Modbus registers: no connection to modbus server
[2024-11-29T08:31:29.788Z] Error writing to Modbus register: no connection to modbus server
[2024-11-29T08:31:30.758Z] Error reading register 6507 for IP 10.30.4.128: no connection to modbus server
[2024-11-29T08:31:30.759Z] Error reading or processing Modbus registers: no connection to modbus server
[2024-11-29T08:31:30.788Z] Error writing to Modbus register: no connection to modbus server
[2024-11-29T08:31:31.760Z] Error reading register 6507 for IP 10.30.4.128: no connection to modbus server
[2024-11-29T08:31:31.760Z] Error reading or processing Modbus registers: no connection to modbus server
[2024-11-29T08:31:31.789Z] Error writing to Modbus register: no connection to modbus server
[2024-11-29T08:31:32.760Z] Error reading register 6507 for IP 10.30.4.128: no connection to modbus server
[2024-11-29T08:31:32.760Z] Error reading or processing Modbus registers: no connection to modbus server
[2024-11-29T08:31:32.791Z] Error writing to Modbus register: no connection to modbus server
[2024-11-29T08:31:33.761Z] Error reading register 6507 for IP 10.30.4.128: no connection to modbus server
[2024-11-29T08:31:33.761Z] Error reading or processing Modbus registers: no connection to modbus server
[2024-11-29T08:31:33.792Z] Error writing to Modbus register: no connection to modbus server
[2024-11-29T08:31:34.763Z] Error reading register 6507 for IP 10.30.4.128: no connection to modbus server
[2024-11-29T08:31:34.764Z] Error reading or processing Modbus registers: no connection to modbus server
[2024-11-29T08:31:34.794Z] Error writing to Modbus register: no connection to modbus server
[2024-11-29T08:31:35.764Z] Error reading register 6507 for IP 10.30.4.128: no connection to modbus server
[2024-11-29T08:31:35.765Z] Error reading or processing Modbus registers: no connection to modbus server
[2024-11-29T08:31:35.796Z] Error writing to Modbus register: no connection to modbus server
[2024-11-29T08:31:36.769Z] Error reading register 6507 for IP 10.30.4.128: no connection to modbus server
[2024-11-29T08:31:36.769Z] Error reading or processing Modbus registers: no connection to modbus server
[2024-11-29T08:31:36.799Z] Error writing to Modbus register: no connection to modbus server
[2024-11-29T08:31:37.782Z] Error reading register 6507 for IP 10.30.4.128: no connection to modbus server
[2024-11-29T08:31:37.782Z] Error reading or processing Modbus registers: no connection to modbus server
[2024-11-29T08:31:37.813Z] Error writing to Modbus register: no connection to modbus server
[2024-11-29T08:31:38.796Z] Error reading register 6507 for IP 10.30.4.128: no connection to modbus server
[2024-11-29T08:31:38.796Z] Error reading or processing Modbus registers: no connection to modbus server
[2024-11-29T08:31:38.827Z] Error writing to Modbus register: no connection to modbus server
[2024-11-29T08:31:39.809Z] Error reading register 6507 for IP 10.30.4.128: no connection to modbus server
[2024-11-29T08:31:39.809Z] Error reading or processing Modbus registers: no connection to modbus server
[2024-11-29T08:31:39.840Z] Error writing to Modbus register: no connection to modbus server
[2024-11-29T08:31:40.824Z] Error reading register 6507 for IP 10.30.4.128: no connection to modbus server
[2024-11-29T08:31:40.825Z] Error reading or processing Modbus registers: no connection to modbus server
[2024-11-29T08:31:40.854Z] Error writing to Modbus register: no connection to modbus server
[2024-11-29T08:31:41.824Z] Error reading register 6507 for IP 10.30.4.128: no connection to modbus server
[2024-11-29T08:31:41.824Z] Error reading or processing Modbus registers: no connection to modbus server
[2024-11-29T08:31:41.855Z] Error writing to Modbus register: no connection to modbus server
[2024-11-29T08:31:42.834Z] Error reading register 6507 for IP 10.30.4.128: no connection to modbus server
[2024-11-29T08:31:42.834Z] Error reading or processing Modbus registers: no connection to modbus server
[2024-11-29T08:31:42.863Z] Error writing to Modbus register: no connection to modbus server
[2024-11-29T08:31:43.845Z] Error reading register 6507 for IP 10.30.4.128: no connection to modbus server
[2024-11-29T08:31:43.845Z] Error reading or processing Modbus registers: no connection to modbus server
[2024-11-29T08:31:43.875Z] Error writing to Modbus register: no connection to modbus server
[2024-11-29T08:31:44.860Z] Error reading register 6507 for IP 10.30.4.128: no connection to modbus server
[2024-11-29T08:31:44.860Z] Error reading or processing Modbus registers: no connection to modbus server
[2024-11-29T08:31:44.876Z] Error writing to Modbus register: no connection to modbus server
[2024-11-29T08:31:45.859Z] Error reading register 6507 for IP 10.30.4.128: no connection to modbus server
[2024-11-29T08:31:45.860Z] Error reading or processing Modbus registers: no connection to modbus server
[2024-11-29T08:31:45.889Z] Error writing to Modbus register: no connection to modbus server
[2024-11-29T08:31:46.874Z] Error reading register 6507 for IP 10.30.4.128: no connection to modbus server
[2024-11-29T08:31:46.874Z] Error reading or processing Modbus registers: no connection to modbus server
[2024-11-29T08:31:46.890Z] Error writing to Modbus register: no connection to modbus server
[2024-11-29T08:31:47.889Z] Error reading register 6507 for IP 10.30.4.128: no connection to modbus server
[2024-11-29T08:31:47.889Z] Error reading or processing Modbus registers: no connection to modbus server
[2024-11-29T08:31:47.889Z] Error writing to Modbus register: no connection to modbus server
[2024-11-29T08:31:48.889Z] Error reading register 6507 for IP 10.30.4.128: no connection to modbus server
[2024-11-29T08:31:48.889Z] Error reading or processing Modbus registers: no connection to modbus server
[2024-11-29T08:31:48.905Z] Error writing to Modbus register: no connection to modbus server
[2024-11-29T08:31:49.903Z] Error reading register 6507 for IP 10.30.4.128: no connection to modbus server
[2024-11-29T08:31:49.904Z] Error reading or processing Modbus registers: no connection to modbus server
[2024-11-29T08:31:49.904Z] Error writing to Modbus register: no connection to modbus server
[2024-11-29T08:31:50.905Z] Error reading register 6507 for IP 10.30.4.128: no connection to modbus server
[2024-11-29T08:31:50.905Z] Error reading or processing Modbus registers: no connection to modbus server
[2024-11-29T08:31:50.906Z] Error writing to Modbus register: no connection to modbus server
[2024-11-29T08:31:51.914Z] Error reading register 6507 for IP 10.30.4.128: no connection to modbus server
[2024-11-29T08:31:51.914Z] Error reading or processing Modbus registers: no connection to modbus server
[2024-11-29T08:31:51.914Z] Error writing to Modbus register: no connection to modbus server
[2024-11-29T08:31:52.926Z] Error reading register 6507 for IP 10.30.4.128: no connection to modbus server
[2024-11-29T08:31:52.926Z] Error reading or processing Modbus registers: no connection to modbus server
[2024-11-29T08:31:52.926Z] Error writing to Modbus register: no connection to modbus server
[2024-11-29T08:31:53.926Z] Error reading register 6507 for IP 10.30.4.128: no connection to modbus server
[2024-11-29T08:31:53.926Z] Error reading or processing Modbus registers: no connection to modbus server
[2024-11-29T08:31:53.926Z] Error writing to Modbus register: no connection to modbus server
[2024-11-29T08:31:54.928Z] Error reading register 6507 for IP 10.30.4.128: no connection to modbus server
[2024-11-29T08:31:54.928Z] Error reading or processing Modbus registers: no connection to modbus server
[2024-11-29T08:31:54.928Z] Error writing to Modbus register: no connection to modbus server
[2024-11-29T08:31:55.932Z] Error reading register 6507 for IP 10.30.4.128: no connection to modbus server
[2024-11-29T08:31:55.932Z] Error reading or processing Modbus registers: no connection to modbus server
[2024-11-29T08:31:55.933Z] Error writing to Modbus register: no connection to modbus server
[2024-11-29T08:31:56.940Z] Error reading register 6507 for IP 10.30.4.128: no connection to modbus server
[2024-11-29T08:31:56.940Z] Error reading or processing Modbus registers: no connection to modbus server
[2024-11-29T08:31:56.940Z] Error writing to Modbus register: no connection to modbus server
[2024-11-29T08:31:57.945Z] Error reading register 6507 for IP 10.30.4.128: no connection to modbus server
[2024-11-29T08:31:57.945Z] Error reading or processing Modbus registers: no connection to modbus server
[2024-11-29T08:31:57.946Z] Error writing to Modbus register: no connection to modbus server
[2024-11-29T08:31:58.959Z] Error reading register 6507 for IP 10.30.4.128: no connection to modbus server
[2024-11-29T08:31:58.959Z] Error writing to Modbus register: no connection to modbus server
[2024-11-29T08:31:58.959Z] Error reading or processing Modbus registers: no connection to modbus server
[2024-11-29T08:31:59.970Z] Error reading register 6507 for IP 10.30.4.128: no connection to modbus server
[2024-11-29T08:31:59.971Z] Error reading or processing Modbus registers: no connection to modbus server
[2024-11-29T08:31:59.971Z] Error writing to Modbus register: no connection to modbus server
[2024-11-29T08:32:00.976Z] Error reading register 6507 for IP 10.30.4.128: no connection to modbus server
[2024-11-29T08:32:00.977Z] Error writing to Modbus register: no connection to modbus server
[2024-11-29T08:32:00.977Z] Error reading or processing Modbus registers: no connection to modbus server
[2024-11-29T08:32:01.989Z] Error reading register 6507 for IP 10.30.4.128: no connection to modbus server
[2024-11-29T08:32:01.990Z] Error reading or processing Modbus registers: no connection to modbus server
[2024-11-29T08:32:01.990Z] Error writing to Modbus register: no connection to modbus server
[2024-11-29T08:32:02.989Z] Error reading register 6507 for IP 10.30.4.128: no connection to modbus server
[2024-11-29T08:32:02.990Z] Error reading or processing Modbus registers: no connection to modbus server
[2024-11-29T08:32:02.990Z] Error writing to Modbus register: no connection to modbus server
[2024-11-29T08:32:04.002Z] Error reading register 6507 for IP 10.30.4.128: no connection to modbus server
[2024-11-29T08:32:04.002Z] Error reading or processing Modbus registers: no connection to modbus server
[2024-11-29T08:32:04.002Z] Error writing to Modbus register: no connection to modbus server
[2024-11-29T08:32:05.003Z] Error reading register 6507 for IP 10.30.4.128: no connection to modbus server
[2024-11-29T08:32:05.004Z] Error reading or processing Modbus registers: no connection to modbus server
[2024-11-29T08:32:05.004Z] Error writing to Modbus register: no connection to modbus server
[2024-11-29T08:32:06.018Z] Error reading register 6507 for IP 10.30.4.128: no connection to modbus server
[2024-11-29T08:32:06.018Z] Error reading or processing Modbus registers: no connection to modbus server
[2024-11-29T08:32:06.018Z] Error writing to Modbus register: no connection to modbus server
[2024-11-29T08:32:07.034Z] Error reading register 6507 for IP 10.30.4.128: no connection to modbus server
[2024-11-29T08:32:07.034Z] Error reading or processing Modbus registers: no connection to modbus server
[2024-11-29T08:32:07.035Z] Error writing to Modbus register: no connection to modbus server
[2024-11-29T08:32:08.048Z] Error reading register 6507 for IP 10.30.4.128: no connection to modbus server
[2024-11-29T08:32:08.048Z] Error reading or processing Modbus registers: no connection to modbus server
[2024-11-29T08:32:08.048Z] Error writing to Modbus register: no connection to modbus server
[2024-11-29T08:32:09.068Z] Error reading register 6507 for IP 10.30.4.128: no connection to modbus server
[2024-11-29T08:32:09.068Z] Error reading or processing Modbus registers: no connection to modbus server
[2024-11-29T08:32:09.068Z] Error writing to Modbus register: no connection to modbus server
[2024-11-29T08:32:10.075Z] Error reading register 6507 for IP 10.30.4.128: no connection to modbus server
[2024-11-29T08:32:10.075Z] Error reading or processing Modbus registers: no connection to modbus server
[2024-11-29T08:32:10.075Z] Error writing to Modbus register: no connection to modbus server
[2024-11-29T08:32:11.089Z] Error reading register 6507 for IP 10.30.4.128: no connection to modbus server
[2024-11-29T08:32:11.089Z] Error reading or processing Modbus registers: no connection to modbus server
[2024-11-29T08:32:11.090Z] Error writing to Modbus register: no connection to modbus server
[2024-11-29T08:32:12.090Z] Error reading register 6507 for IP 10.30.4.128: no connection to modbus server
[2024-11-29T08:32:12.090Z] Error reading or processing Modbus registers: no connection to modbus server
[2024-11-29T08:32:12.091Z] Error writing to Modbus register: no connection to modbus server
[2024-11-29T08:32:13.104Z] Error reading register 6507 for IP 10.30.4.128: no connection to modbus server
[2024-11-29T08:32:13.104Z] Error reading or processing Modbus registers: no connection to modbus server
[2024-11-29T08:32:13.105Z] Error writing to Modbus register: no connection to modbus server
[2024-11-29T08:32:14.120Z] Error reading register 6507 for IP 10.30.4.128: no connection to modbus server
[2024-11-29T08:32:14.120Z] Error writing to Modbus register: no connection to modbus server
[2024-11-29T08:32:14.120Z] Error reading or processing Modbus registers: no connection to modbus server
[2024-11-29T08:32:15.132Z] Error reading register 6507 for IP 10.30.4.128: no connection to modbus server
[2024-11-29T08:32:15.132Z] Error reading or processing Modbus registers: no connection to modbus server
[2024-11-29T08:32:15.132Z] Error writing to Modbus register: no connection to modbus server
[2024-11-29T08:32:16.133Z] Error reading register 6507 for IP 10.30.4.128: no connection to modbus server
[2024-11-29T08:32:16.134Z] Error writing to Modbus register: no connection to modbus server
[2024-11-29T08:32:16.134Z] Error reading or processing Modbus registers: no connection to modbus server
[2024-11-29T08:32:17.148Z] Error reading register 6507 for IP 10.30.4.128: no connection to modbus server
[2024-11-29T08:32:17.149Z] Error reading or processing Modbus registers: no connection to modbus server
[2024-11-29T08:32:17.149Z] Error writing to Modbus register: no connection to modbus server
[2024-11-29T08:32:18.160Z] Error reading register 6507 for IP 10.30.4.128: no connection to modbus server
[2024-11-29T08:32:18.160Z] Error reading or processing Modbus registers: no connection to modbus server
[2024-11-29T08:32:18.161Z] Error writing to Modbus register: no connection to modbus server
[2024-11-29T08:32:19.174Z] Error reading register 6507 for IP 10.30.4.128: no connection to modbus server
[2024-11-29T08:32:19.175Z] Error writing to Modbus register: no connection to modbus server
[2024-11-29T08:32:19.174Z] Error reading or processing Modbus registers: no connection to modbus server
[2024-11-29T08:32:20.187Z] Error reading register 6507 for IP 10.30.4.128: no connection to modbus server
[2024-11-29T08:32:20.187Z] Error reading or processing Modbus registers: no connection to modbus server
[2024-11-29T08:32:20.188Z] Error writing to Modbus register: no connection to modbus server
[2024-11-29T08:32:21.224Z] Error reading register 6507 for IP 10.30.4.128: no connection to modbus server
[2024-11-29T08:32:21.224Z] Error reading or processing Modbus registers: no connection to modbus server
[2024-11-29T08:32:21.224Z] Error writing to Modbus register: no connection to modbus server
[2024-11-29T08:32:22.225Z] Error reading register 6507 for IP 10.30.4.128: no connection to modbus server
[2024-11-29T08:32:22.226Z] Error reading or processing Modbus registers: no connection to modbus server
[2024-11-29T08:32:22.226Z] Error writing to Modbus register: no connection to modbus server
[2024-11-29T08:32:23.240Z] Error reading register 6507 for IP 10.30.4.128: no connection to modbus server
[2024-11-29T08:32:23.240Z] Error reading or processing Modbus registers: no connection to modbus server
[2024-11-29T08:32:23.240Z] Error writing to Modbus register: no connection to modbus server
[2024-11-29T08:32:24.252Z] Error reading register 6507 for IP 10.30.4.128: no connection to modbus server
[2024-11-29T08:32:24.252Z] Error reading or processing Modbus registers: no connection to modbus server
[2024-11-29T08:32:24.252Z] Error writing to Modbus register: no connection to modbus server
[2024-11-29T08:32:25.265Z] Error reading register 6507 for IP 10.30.4.128: no connection to modbus server
[2024-11-29T08:32:25.265Z] Error reading or processing Modbus registers: no connection to modbus server
[2024-11-29T08:32:25.266Z] Error writing to Modbus register: no connection to modbus server
[2024-11-29T08:32:26.265Z] Error reading register 6507 for IP 10.30.4.128: no connection to modbus server
[2024-11-29T08:32:26.265Z] Error reading or processing Modbus registers: no connection to modbus server
[2024-11-29T08:32:26.266Z] Error writing to Modbus register: no connection to modbus server
[2024-11-29T08:32:27.265Z] Error reading register 6507 for IP 10.30.4.128: no connection to modbus server
[2024-11-29T08:32:27.265Z] Error reading or processing Modbus registers: no connection to modbus server
[2024-11-29T08:32:27.267Z] Error writing to Modbus register: no connection to modbus server
[2024-11-29T08:32:28.268Z] Error reading register 6507 for IP 10.30.4.128: no connection to modbus server
[2024-11-29T08:32:28.268Z] Error reading or processing Modbus registers: no connection to modbus server
[2024-11-29T08:32:28.268Z] Error writing to Modbus register: no connection to modbus server
[2024-11-29T08:32:29.280Z] Error reading register 6507 for IP 10.30.4.128: no connection to modbus server
[2024-11-29T08:32:29.280Z] Error reading or processing Modbus registers: no connection to modbus server
[2024-11-29T08:32:29.280Z] Error writing to Modbus register: no connection to modbus server
[2024-11-29T08:32:30.295Z] Error reading register 6507 for IP 10.30.4.128: no connection to modbus server
[2024-11-29T08:32:30.295Z] Error reading or processing Modbus registers: no connection to modbus server
[2024-11-29T08:32:30.295Z] Error writing to Modbus register: no connection to modbus server
[2024-11-29T08:32:31.296Z] Error reading register 6507 for IP 10.30.4.128: no connection to modbus server
[2024-11-29T08:32:31.297Z] Error writing to Modbus register: no connection to modbus server
[2024-11-29T08:32:31.296Z] Error reading or processing Modbus registers: no connection to modbus server
[2024-11-29T08:32:32.311Z] Error reading register 6507 for IP 10.30.4.128: no connection to modbus server
[2024-11-29T08:32:32.311Z] Error writing to Modbus register: no connection to modbus server
[2024-11-29T08:32:32.311Z] Error reading or processing Modbus registers: no connection to modbus server
[2024-11-29T08:32:33.318Z] Error reading register 6507 for IP 10.30.4.128: no connection to modbus server
[2024-11-29T08:32:33.318Z] Error reading or processing Modbus registers: no connection to modbus server
[2024-11-29T08:32:33.318Z] Error writing to Modbus register: no connection to modbus server
[2024-11-29T08:32:34.324Z] Error reading register 6507 for IP 10.30.4.128: no connection to modbus server
[2024-11-29T08:32:34.324Z] Error reading or processing Modbus registers: no connection to modbus server
[2024-11-29T08:32:34.324Z] Error writing to Modbus register: no connection to modbus server
[2024-11-29T08:32:35.328Z] Error reading register 6507 for IP 10.30.4.128: no connection to modbus server
[2024-11-29T08:32:35.328Z] Error reading or processing Modbus registers: no connection to modbus server
[2024-11-29T08:32:35.328Z] Error writing to Modbus register: no connection to modbus server
[2024-11-29T08:32:36.339Z] Error reading register 6507 for IP 10.30.4.128: no connection to modbus server
[2024-11-29T08:32:36.339Z] Error reading or processing Modbus registers: no connection to modbus server
[2024-11-29T08:32:36.340Z] Error writing to Modbus register: no connection to modbus server
[2024-11-29T08:32:37.354Z] Error reading register 6507 for IP 10.30.4.128: no connection to modbus server
[2024-11-29T08:32:37.354Z] Error reading or processing Modbus registers: no connection to modbus server
[2024-11-29T08:32:37.355Z] Error writing to Modbus register: no connection to modbus server
[2024-11-29T08:32:38.354Z] Error reading register 6507 for IP 10.30.4.128: no connection to modbus server
[2024-11-29T08:32:38.354Z] Error reading or processing Modbus registers: no connection to modbus server
[2024-11-29T08:32:38.355Z] Error writing to Modbus register: no connection to modbus server
[2024-11-29T08:32:39.354Z] Error reading register 6507 for IP 10.30.4.128: no connection to modbus server
[2024-11-29T08:32:39.355Z] Error reading or processing Modbus registers: no connection to modbus server
[2024-11-29T08:32:39.369Z] Error writing to Modbus register: no connection to modbus server
[2024-11-29T08:32:40.367Z] Error reading register 6507 for IP 10.30.4.128: no connection to modbus server
[2024-11-29T08:32:40.368Z] Error reading or processing Modbus registers: no connection to modbus server
[2024-11-29T08:32:40.368Z] Error writing to Modbus register: no connection to modbus server
[2024-11-29T08:32:41.381Z] Error reading register 6507 for IP 10.30.4.128: no connection to modbus server
[2024-11-29T08:32:41.381Z] Error reading or processing Modbus registers: no connection to modbus server
[2024-11-29T08:32:41.382Z] Error writing to Modbus register: no connection to modbus server
[2024-11-29T08:32:42.381Z] Error reading register 6507 for IP 10.30.4.128: no connection to modbus server
[2024-11-29T08:32:42.381Z] Error reading or processing Modbus registers: no connection to modbus server
[2024-11-29T08:32:42.397Z] Error writing to Modbus register: no connection to modbus server
[2024-11-29T08:32:43.397Z] Error reading register 6507 for IP 10.30.4.128: no connection to modbus server
[2024-11-29T08:32:43.397Z] Error reading or processing Modbus registers: no connection to modbus server
[2024-11-29T08:32:43.397Z] Error writing to Modbus register: no connection to modbus server
[2024-11-29T08:32:44.409Z] Error reading register 6507 for IP 10.30.4.128: no connection to modbus server
[2024-11-29T08:32:44.409Z] Error writing to Modbus register: no connection to modbus server
[2024-11-29T08:32:44.409Z] Error reading or processing Modbus registers: no connection to modbus server
[2024-11-29T08:32:45.422Z] Error reading register 6507 for IP 10.30.4.128: no connection to modbus server
[2024-11-29T08:32:45.423Z] Error writing to Modbus register: no connection to modbus server
[2024-11-29T08:32:45.422Z] Error reading or processing Modbus registers: no connection to modbus server
[2024-11-29T08:32:46.424Z] Error reading register 6507 for IP 10.30.4.128: no connection to modbus server
[2024-11-29T08:32:46.424Z] Error reading or processing Modbus registers: no connection to modbus server
[2024-11-29T08:32:46.424Z] Error writing to Modbus register: no connection to modbus server
[2024-11-29T08:32:47.424Z] Error reading register 6507 for IP 10.30.4.128: no connection to modbus server
[2024-11-29T08:32:47.424Z] Error reading or processing Modbus registers: no connection to modbus server
[2024-11-29T08:32:47.424Z] Error writing to Modbus register: no connection to modbus server
[2024-11-29T08:32:48.425Z] Error reading register 6507 for IP 10.30.4.128: no connection to modbus server
[2024-11-29T08:32:48.426Z] Error reading or processing Modbus registers: no connection to modbus server
[2024-11-29T08:32:48.427Z] Error writing to Modbus register: no connection to modbus server
[2024-11-29T08:32:49.439Z] Error reading register 6507 for IP 10.30.4.128: no connection to modbus server
[2024-11-29T08:32:49.439Z] Error reading or processing Modbus registers: no connection to modbus server
[2024-11-29T08:32:49.439Z] Error writing to Modbus register: no connection to modbus server
[2024-11-29T08:32:50.439Z] Error reading register 6507 for IP 10.30.4.128: no connection to modbus server
[2024-11-29T08:32:50.439Z] Error reading or processing Modbus registers: no connection to modbus server
[2024-11-29T08:32:50.439Z] Error writing to Modbus register: no connection to modbus server
[2024-11-29T08:32:51.453Z] Error reading register 6507 for IP 10.30.4.128: no connection to modbus server
[2024-11-29T08:32:51.453Z] Error writing to Modbus register: no connection to modbus server
[2024-11-29T08:32:51.453Z] Error reading or processing Modbus registers: no connection to modbus server
[2024-11-29T08:32:52.468Z] Error reading register 6507 for IP 10.30.4.128: no connection to modbus server
[2024-11-29T08:32:52.468Z] Error writing to Modbus register: no connection to modbus server
[2024-11-29T08:32:52.468Z] Error reading or processing Modbus registers: no connection to modbus server
[2024-11-29T08:32:53.473Z] Error reading register 6507 for IP 10.30.4.128: no connection to modbus server
[2024-11-29T08:32:53.473Z] Error reading or processing Modbus registers: no connection to modbus server
[2024-11-29T08:32:53.473Z] Error writing to Modbus register: no connection to modbus server
[2024-11-29T08:32:54.473Z] Error reading register 6507 for IP 10.30.4.128: no connection to modbus server
[2024-11-29T08:32:54.473Z] Error reading or processing Modbus registers: no connection to modbus server
[2024-11-29T08:32:54.488Z] Error writing to Modbus register: no connection to modbus server
[2024-11-29T08:32:55.475Z] Error reading register 6507 for IP 10.30.4.128: no connection to modbus server
[2024-11-29T08:32:55.476Z] Error reading or processing Modbus registers: no connection to modbus server
[2024-11-29T08:32:55.491Z] Error writing to Modbus register: no connection to modbus server
[2024-11-29T08:32:56.488Z] Error reading register 6507 for IP 10.30.4.128: no connection to modbus server
[2024-11-29T08:32:56.488Z] Error reading or processing Modbus registers: no connection to modbus server
[2024-11-29T08:32:56.503Z] Error writing to Modbus register: no connection to modbus server
[2024-11-29T08:32:57.498Z] Error reading register 6507 for IP 10.30.4.128: no connection to modbus server
[2024-11-29T08:32:57.498Z] Error reading or processing Modbus registers: no connection to modbus server
[2024-11-29T08:32:57.513Z] Error writing to Modbus register: no connection to modbus server
[2024-11-29T08:32:58.502Z] Error reading register 6507 for IP 10.30.4.128: no connection to modbus server
[2024-11-29T08:32:58.502Z] Error reading or processing Modbus registers: no connection to modbus server
[2024-11-29T08:32:58.517Z] Error writing to Modbus register: no connection to modbus server
[2024-11-29T08:32:59.515Z] Error reading register 6507 for IP 10.30.4.128: no connection to modbus server
[2024-11-29T08:32:59.515Z] Error reading or processing Modbus registers: no connection to modbus server
[2024-11-29T08:32:59.531Z] Error writing to Modbus register: no connection to modbus server
[2024-11-29T08:33:00.530Z] Error reading register 6507 for IP 10.30.4.128: no connection to modbus server
[2024-11-29T08:33:00.530Z] Error reading or processing Modbus registers: no connection to modbus server
[2024-11-29T08:33:00.531Z] Error writing to Modbus register: no connection to modbus server
[2024-11-29T08:33:01.542Z] Error reading register 6507 for IP 10.30.4.128: no connection to modbus server
[2024-11-29T08:33:01.542Z] Error reading or processing Modbus registers: no connection to modbus server
[2024-11-29T08:33:01.542Z] Error writing to Modbus register: no connection to modbus server
[2024-11-29T08:33:02.554Z] Error reading register 6507 for IP 10.30.4.128: no connection to modbus server
[2024-11-29T08:33:02.555Z] Error writing to Modbus register: no connection to modbus server
[2024-11-29T08:33:02.555Z] Error reading or processing Modbus registers: no connection to modbus server
[2024-11-29T08:33:03.569Z] Error reading register 6507 for IP 10.30.4.128: no connection to modbus server
[2024-11-29T08:33:03.569Z] Error reading or processing Modbus registers: no connection to modbus server
[2024-11-29T08:33:03.570Z] Error writing to Modbus register: no connection to modbus server
[2024-11-29T08:33:04.582Z] Error reading register 6507 for IP 10.30.4.128: no connection to modbus server
[2024-11-29T08:33:04.582Z] Error reading or processing Modbus registers: no connection to modbus server
[2024-11-29T08:33:04.582Z] Error writing to Modbus register: no connection to modbus server
[2024-11-29T08:33:05.595Z] Error reading register 6507 for IP 10.30.4.128: no connection to modbus server
[2024-11-29T08:33:05.596Z] Error reading or processing Modbus registers: no connection to modbus server
[2024-11-29T08:33:05.596Z] Error writing to Modbus register: no connection to modbus server
[2024-11-29T08:33:06.610Z] Error reading register 6507 for IP 10.30.4.128: no connection to modbus server
[2024-11-29T08:33:06.610Z] Error reading or processing Modbus registers: no connection to modbus server
[2024-11-29T08:33:06.610Z] Error writing to Modbus register: no connection to modbus server
[2024-11-29T08:33:07.613Z] Error reading register 6507 for IP 10.30.4.128: no connection to modbus server
[2024-11-29T08:33:07.613Z] Error reading or processing Modbus registers: no connection to modbus server
[2024-11-29T08:33:07.613Z] Error writing to Modbus register: no connection to modbus server
[2024-11-29T08:33:08.627Z] Error reading register 6507 for IP 10.30.4.128: no connection to modbus server
[2024-11-29T08:33:08.627Z] Error reading or processing Modbus registers: no connection to modbus server
[2024-11-29T08:33:08.627Z] Error writing to Modbus register: no connection to modbus server
[2024-11-29T08:33:09.627Z] Error reading register 6507 for IP 10.30.4.128: no connection to modbus server
[2024-11-29T08:33:09.628Z] Error reading or processing Modbus registers: no connection to modbus server
[2024-11-29T08:33:09.628Z] Error writing to Modbus register: no connection to modbus server
[2024-11-29T08:33:10.641Z] Error reading register 6507 for IP 10.30.4.128: no connection to modbus server
[2024-11-29T08:33:10.641Z] Error reading or processing Modbus registers: no connection to modbus server
[2024-11-29T08:33:10.641Z] Error writing to Modbus register: no connection to modbus server
[2024-11-29T08:33:11.655Z] Error reading register 6507 for IP 10.30.4.128: no connection to modbus server
[2024-11-29T08:33:11.655Z] Error reading or processing Modbus registers: no connection to modbus server
[2024-11-29T08:33:11.655Z] Error writing to Modbus register: no connection to modbus server
[2024-11-29T08:33:12.669Z] Error reading register 6507 for IP 10.30.4.128: no connection to modbus server
[2024-11-29T08:33:12.670Z] Error writing to Modbus register: no connection to modbus server
[2024-11-29T08:33:12.669Z] Error reading or processing Modbus registers: no connection to modbus server
[2024-11-29T08:33:13.670Z] Error reading register 6507 for IP 10.30.4.128: no connection to modbus server
[2024-11-29T08:33:13.670Z] Error reading or processing Modbus registers: no connection to modbus server
[2024-11-29T08:33:13.671Z] Error writing to Modbus register: no connection to modbus server
[2024-11-29T08:33:14.671Z] Error reading register 6507 for IP 10.30.4.128: no connection to modbus server
[2024-11-29T08:33:14.672Z] Error reading or processing Modbus registers: no connection to modbus server
[2024-11-29T08:33:14.672Z] Error writing to Modbus register: no connection to modbus server
[2024-11-29T08:33:15.673Z] Error reading register 6507 for IP 10.30.4.128: no connection to modbus server
[2024-11-29T08:33:15.673Z] Error reading or processing Modbus registers: no connection to modbus server
[2024-11-29T08:33:15.673Z] Error writing to Modbus register: no connection to modbus server
[2024-11-29T08:33:16.687Z] Error reading register 6507 for IP 10.30.4.128: no connection to modbus server
[2024-11-29T08:33:16.687Z] Error reading or processing Modbus registers: no connection to modbus server
[2024-11-29T08:33:16.687Z] Error writing to Modbus register: no connection to modbus server
[2024-11-29T08:33:17.702Z] Error reading register 6507 for IP 10.30.4.128: no connection to modbus server
[2024-11-29T08:33:17.702Z] Error reading or processing Modbus registers: no connection to modbus server
[2024-11-29T08:33:17.702Z] Error writing to Modbus register: no connection to modbus server
[2024-11-29T08:33:18.715Z] Error reading register 6507 for IP 10.30.4.128: no connection to modbus server
[2024-11-29T08:33:18.715Z] Error writing to Modbus register: no connection to modbus server
[2024-11-29T08:33:18.715Z] Error reading or processing Modbus registers: no connection to modbus server
[2024-11-29T08:33:19.728Z] Error reading register 6507 for IP 10.30.4.128: no connection to modbus server
[2024-11-29T08:33:19.729Z] Error reading or processing Modbus registers: no connection to modbus server
[2024-11-29T08:33:19.729Z] Error writing to Modbus register: no connection to modbus server
[2024-11-29T08:33:20.761Z] Error reading register 6507 for IP 10.30.4.128: no connection to modbus server
[2024-11-29T08:33:20.761Z] Error reading or processing Modbus registers: no connection to modbus server
[2024-11-29T08:33:20.761Z] Error writing to Modbus register: no connection to modbus server
[2024-11-29T08:33:21.769Z] Error reading register 6507 for IP 10.30.4.128: no connection to modbus server
[2024-11-29T08:33:21.769Z] Error reading or processing Modbus registers: no connection to modbus server
[2024-11-29T08:33:21.771Z] Error writing to Modbus register: no connection to modbus server
[2024-11-29T08:33:22.776Z] Error reading register 6507 for IP 10.30.4.128: no connection to modbus server
[2024-11-29T08:33:22.776Z] Error reading or processing Modbus registers: no connection to modbus server
[2024-11-29T08:33:22.776Z] Error writing to Modbus register: no connection to modbus server
[2024-11-29T08:33:23.778Z] Error reading register 6507 for IP 10.30.4.128: no connection to modbus server
[2024-11-29T08:33:23.778Z] Error reading or processing Modbus registers: no connection to modbus server
[2024-11-29T08:33:23.778Z] Error writing to Modbus register: no connection to modbus server
[2024-11-29T08:33:24.791Z] Error reading register 6507 for IP 10.30.4.128: no connection to modbus server
[2024-11-29T08:33:24.792Z] Error reading or processing Modbus registers: no connection to modbus server
[2024-11-29T08:33:24.792Z] Error writing to Modbus register: no connection to modbus server
[2024-11-29T08:33:25.791Z] Error reading register 6507 for IP 10.30.4.128: no connection to modbus server
[2024-11-29T08:33:25.791Z] Error reading or processing Modbus registers: no connection to modbus server
[2024-11-29T08:33:25.791Z] Error writing to Modbus register: no connection to modbus server
[2024-11-29T08:33:26.792Z] Error reading register 6507 for IP 10.30.4.128: no connection to modbus server
[2024-11-29T08:33:26.792Z] Error reading or processing Modbus registers: no connection to modbus server
[2024-11-29T08:33:26.792Z] Error writing to Modbus register: no connection to modbus server
[2024-11-29T08:33:27.794Z] Error reading register 6507 for IP 10.30.4.128: no connection to modbus server
[2024-11-29T08:33:27.794Z] Error reading or processing Modbus registers: no connection to modbus server
[2024-11-29T08:33:27.794Z] Error writing to Modbus register: no connection to modbus server
[2024-11-29T08:33:28.795Z] Error reading register 6507 for IP 10.30.4.128: no connection to modbus server
[2024-11-29T08:33:28.795Z] Error reading or processing Modbus registers: no connection to modbus server
[2024-11-29T08:33:28.796Z] Error writing to Modbus register: no connection to modbus server
[2024-11-29T08:33:29.797Z] Error reading register 6507 for IP 10.30.4.128: no connection to modbus server
[2024-11-29T08:33:29.797Z] Error reading or processing Modbus registers: no connection to modbus server
[2024-11-29T08:33:29.798Z] Error writing to Modbus register: no connection to modbus server
[2024-11-29T08:33:30.799Z] Error reading register 6507 for IP 10.30.4.128: no connection to modbus server
[2024-11-29T08:33:30.799Z] Error reading or processing Modbus registers: no connection to modbus server
[2024-11-29T08:33:30.799Z] Error writing to Modbus register: no connection to modbus server
[2024-11-29T08:33:31.805Z] Error reading register 6507 for IP 10.30.4.128: no connection to modbus server
[2024-11-29T08:33:31.805Z] Error reading or processing Modbus registers: no connection to modbus server
[2024-11-29T08:33:31.806Z] Error writing to Modbus register: no connection to modbus server
[2024-11-29T08:33:32.818Z] Error reading register 6507 for IP 10.30.4.128: no connection to modbus server
[2024-11-29T08:33:32.818Z] Error reading or processing Modbus registers: no connection to modbus server
[2024-11-29T08:33:32.818Z] Error writing to Modbus register: no connection to modbus server
[2024-11-29T08:33:33.832Z] Error reading register 6507 for IP 10.30.4.128: no connection to modbus server
[2024-11-29T08:33:33.832Z] Error writing to Modbus register: no connection to modbus server
[2024-11-29T08:33:33.832Z] Error reading or processing Modbus registers: no connection to modbus server
[2024-11-29T08:33:34.847Z] Error reading register 6507 for IP 10.30.4.128: no connection to modbus server
[2024-11-29T08:33:34.847Z] Error writing to Modbus register: no connection to modbus server
[2024-11-29T08:33:34.847Z] Error reading or processing Modbus registers: no connection to modbus server
[2024-11-29T08:33:35.862Z] Error reading register 6507 for IP 10.30.4.128: no connection to modbus server
[2024-11-29T08:33:35.862Z] Error reading or processing Modbus registers: no connection to modbus server
[2024-11-29T08:33:35.862Z] Error writing to Modbus register: no connection to modbus server
[2024-11-29T08:33:36.876Z] Error reading register 6507 for IP 10.30.4.128: no connection to modbus server
[2024-11-29T08:33:36.877Z] Error reading or processing Modbus registers: no connection to modbus server
[2024-11-29T08:33:36.877Z] Error writing to Modbus register: no connection to modbus server
[2024-11-29T08:33:37.879Z] Error reading register 6507 for IP 10.30.4.128: no connection to modbus server
[2024-11-29T08:33:37.879Z] Error reading or processing Modbus registers: no connection to modbus server
[2024-11-29T08:33:37.880Z] Error writing to Modbus register: no connection to modbus server
[2024-11-29T08:33:38.879Z] Error reading register 6507 for IP 10.30.4.128: no connection to modbus server
[2024-11-29T08:33:38.879Z] Error reading or processing Modbus registers: no connection to modbus server
[2024-11-29T08:33:38.880Z] Error writing to Modbus register: no connection to modbus server
[2024-11-29T08:33:39.889Z] Error reading register 6507 for IP 10.30.4.128: no connection to modbus server
[2024-11-29T08:33:39.889Z] Error writing to Modbus register: no connection to modbus server
[2024-11-29T08:33:39.889Z] Error reading or processing Modbus registers: no connection to modbus server
[2024-11-29T08:33:40.893Z] Error reading register 6507 for IP 10.30.4.128: no connection to modbus server
[2024-11-29T08:33:40.894Z] Error reading or processing Modbus registers: no connection to modbus server
[2024-11-29T08:33:40.894Z] Error writing to Modbus register: no connection to modbus server
[2024-11-29T08:33:41.904Z] Error reading register 6507 for IP 10.30.4.128: no connection to modbus server
[2024-11-29T08:33:41.904Z] Error reading or processing Modbus registers: no connection to modbus server
[2024-11-29T08:33:41.904Z] Error writing to Modbus register: no connection to modbus server
[2024-11-29T08:33:42.919Z] Error reading register 6507 for IP 10.30.4.128: no connection to modbus server
[2024-11-29T08:33:42.920Z] Error reading or processing Modbus registers: no connection to modbus server
[2024-11-29T08:33:42.920Z] Error writing to Modbus register: no connection to modbus server
[2024-11-29T08:33:43.920Z] Error reading register 6507 for IP 10.30.4.128: no connection to modbus server
[2024-11-29T08:33:43.920Z] Error reading or processing Modbus registers: no connection to modbus server
[2024-11-29T08:33:43.920Z] Error writing to Modbus register: no connection to modbus server
[2024-11-29T08:33:44.932Z] Error reading register 6507 for IP 10.30.4.128: no connection to modbus server
[2024-11-29T08:33:44.932Z] Error reading or processing Modbus registers: no connection to modbus server
[2024-11-29T08:33:44.933Z] Error writing to Modbus register: no connection to modbus server
[2024-11-29T08:33:45.933Z] Error reading register 6507 for IP 10.30.4.128: no connection to modbus server
[2024-11-29T08:33:45.933Z] Error reading or processing Modbus registers: no connection to modbus server
[2024-11-29T08:33:45.933Z] Error writing to Modbus register: no connection to modbus server
[2024-11-29T08:33:46.948Z] Error reading register 6507 for IP 10.30.4.128: no connection to modbus server
[2024-11-29T08:33:46.948Z] Error reading or processing Modbus registers: no connection to modbus server
[2024-11-29T08:33:46.949Z] Error writing to Modbus register: no connection to modbus server
[2024-11-29T08:33:47.951Z] Error reading register 6507 for IP 10.30.4.128: no connection to modbus server
[2024-11-29T08:33:47.951Z] Error reading or processing Modbus registers: no connection to modbus server
[2024-11-29T08:33:47.952Z] Error writing to Modbus register: no connection to modbus server
[2024-11-29T08:33:48.962Z] Error reading register 6507 for IP 10.30.4.128: no connection to modbus server
[2024-11-29T08:33:48.963Z] Error writing to Modbus register: no connection to modbus server
[2024-11-29T08:33:48.962Z] Error reading or processing Modbus registers: no connection to modbus server
[2024-11-29T08:33:49.975Z] Error reading register 6507 for IP 10.30.4.128: no connection to modbus server
[2024-11-29T08:33:49.975Z] Error reading or processing Modbus registers: no connection to modbus server
[2024-11-29T08:33:49.976Z] Error writing to Modbus register: no connection to modbus server
[2024-11-29T08:33:50.978Z] Error reading register 6507 for IP 10.30.4.128: no connection to modbus server
[2024-11-29T08:33:50.978Z] Error reading or processing Modbus registers: no connection to modbus server
[2024-11-29T08:33:50.979Z] Error writing to Modbus register: no connection to modbus server
[2024-11-29T08:33:51.993Z] Error reading register 6507 for IP 10.30.4.128: no connection to modbus server
[2024-11-29T08:33:51.993Z] Error reading or processing Modbus registers: no connection to modbus server
[2024-11-29T08:33:51.993Z] Error writing to Modbus register: no connection to modbus server
[2024-11-29T08:33:53.003Z] Error reading register 6507 for IP 10.30.4.128: no connection to modbus server
[2024-11-29T08:33:53.003Z] Error reading or processing Modbus registers: no connection to modbus server
[2024-11-29T08:33:53.004Z] Error writing to Modbus register: no connection to modbus server
[2024-11-29T08:33:54.018Z] Error reading register 6507 for IP 10.30.4.128: no connection to modbus server
[2024-11-29T08:33:54.018Z] Error writing to Modbus register: no connection to modbus server
[2024-11-29T08:33:54.018Z] Error reading or processing Modbus registers: no connection to modbus server
[2024-11-29T08:33:55.031Z] Error reading register 6507 for IP 10.30.4.128: no connection to modbus server
[2024-11-29T08:33:55.031Z] Error reading or processing Modbus registers: no connection to modbus server
[2024-11-29T08:33:55.032Z] Error writing to Modbus register: no connection to modbus server
[2024-11-29T08:33:56.045Z] Error reading register 6507 for IP 10.30.4.128: no connection to modbus server
[2024-11-29T08:33:56.045Z] Error reading or processing Modbus registers: no connection to modbus server
[2024-11-29T08:33:56.045Z] Error writing to Modbus register: no connection to modbus server
[2024-11-29T08:33:57.060Z] Error reading register 6507 for IP 10.30.4.128: no connection to modbus server
[2024-11-29T08:33:57.060Z] Error reading or processing Modbus registers: no connection to modbus server
[2024-11-29T08:33:57.061Z] Error writing to Modbus register: no connection to modbus server
[2024-11-29T08:33:58.060Z] Error reading register 6507 for IP 10.30.4.128: no connection to modbus server
[2024-11-29T08:33:58.060Z] Error reading or processing Modbus registers: no connection to modbus server
[2024-11-29T08:33:58.075Z] Error writing to Modbus register: no connection to modbus server
[2024-11-29T08:33:59.072Z] Error reading register 6507 for IP 10.30.4.128: no connection to modbus server
[2024-11-29T08:33:59.072Z] Error reading or processing Modbus registers: no connection to modbus server
[2024-11-29T08:33:59.087Z] Error writing to Modbus register: no connection to modbus server
[2024-11-29T08:34:00.074Z] Error reading register 6507 for IP 10.30.4.128: no connection to modbus server
[2024-11-29T08:34:00.074Z] Error reading or processing Modbus registers: no connection to modbus server
[2024-11-29T08:34:00.090Z] Error writing to Modbus register: no connection to modbus server
[2024-11-29T08:34:01.075Z] Error reading register 6507 for IP 10.30.4.128: no connection to modbus server
[2024-11-29T08:34:01.075Z] Error reading or processing Modbus registers: no connection to modbus server
[2024-11-29T08:34:01.091Z] Error writing to Modbus register: no connection to modbus server
[2024-11-29T08:34:02.076Z] Error reading register 6507 for IP 10.30.4.128: no connection to modbus server
[2024-11-29T08:34:02.076Z] Error reading or processing Modbus registers: no connection to modbus server
[2024-11-29T08:34:02.092Z] Error writing to Modbus register: no connection to modbus server
[2024-11-29T08:34:03.082Z] Error reading register 6507 for IP 10.30.4.128: no connection to modbus server
[2024-11-29T08:34:03.082Z] Error reading or processing Modbus registers: no connection to modbus server
[2024-11-29T08:34:03.097Z] Error writing to Modbus register: no connection to modbus server
[2024-11-29T08:34:04.097Z] Error reading register 6507 for IP 10.30.4.128: no connection to modbus server
[2024-11-29T08:34:04.097Z] Error reading or processing Modbus registers: no connection to modbus server
[2024-11-29T08:34:04.098Z] Error writing to Modbus register: no connection to modbus server
[2024-11-29T08:34:05.110Z] Error reading register 6507 for IP 10.30.4.128: no connection to modbus server
[2024-11-29T08:34:05.110Z] Error reading or processing Modbus registers: no connection to modbus server
[2024-11-29T08:34:05.110Z] Error writing to Modbus register: no connection to modbus server
[2024-11-29T08:34:06.122Z] Error reading register 6507 for IP 10.30.4.128: no connection to modbus server
[2024-11-29T08:34:06.122Z] Error reading or processing Modbus registers: no connection to modbus server
[2024-11-29T08:34:06.122Z] Error writing to Modbus register: no connection to modbus server
[2024-11-29T08:34:07.135Z] Error reading register 6507 for IP 10.30.4.128: no connection to modbus server
[2024-11-29T08:34:07.135Z] Error reading or processing Modbus registers: no connection to modbus server
[2024-11-29T08:34:07.136Z] Error writing to Modbus register: no connection to modbus server
[2024-11-29T08:34:08.149Z] Error reading register 6507 for IP 10.30.4.128: no connection to modbus server
[2024-11-29T08:34:08.150Z] Error reading or processing Modbus registers: no connection to modbus server
[2024-11-29T08:34:08.150Z] Error writing to Modbus register: no connection to modbus server
[2024-11-29T08:34:09.163Z] Error reading register 6507 for IP 10.30.4.128: no connection to modbus server
[2024-11-29T08:34:09.163Z] Error reading or processing Modbus registers: no connection to modbus server
[2024-11-29T08:34:09.164Z] Error writing to Modbus register: no connection to modbus server
[2024-11-29T08:34:10.175Z] Error reading register 6507 for IP 10.30.4.128: no connection to modbus server
[2024-11-29T08:34:10.176Z] Error writing to Modbus register: no connection to modbus server
[2024-11-29T08:34:10.175Z] Error reading or processing Modbus registers: no connection to modbus server
[2024-11-29T08:34:11.188Z] Error reading register 6507 for IP 10.30.4.128: no connection to modbus server
[2024-11-29T08:34:11.189Z] Error reading or processing Modbus registers: no connection to modbus server
[2024-11-29T08:34:11.189Z] Error writing to Modbus register: no connection to modbus server
[2024-11-29T08:34:12.193Z] Error reading register 6507 for IP 10.30.4.128: no connection to modbus server
[2024-11-29T08:34:12.193Z] Error writing to Modbus register: no connection to modbus server
[2024-11-29T08:34:12.193Z] Error reading or processing Modbus registers: no connection to modbus server
[2024-11-29T08:34:13.207Z] Error reading register 6507 for IP 10.30.4.128: no connection to modbus server
[2024-11-29T08:34:13.208Z] Error reading or processing Modbus registers: no connection to modbus server
[2024-11-29T08:34:13.208Z] Error writing to Modbus register: no connection to modbus server
[2024-11-29T08:34:14.219Z] Error reading register 6507 for IP 10.30.4.128: no connection to modbus server
[2024-11-29T08:34:14.219Z] Error reading or processing Modbus registers: no connection to modbus server
[2024-11-29T08:34:14.219Z] Error writing to Modbus register: no connection to modbus server
[2024-11-29T08:34:15.231Z] Error reading register 6507 for IP 10.30.4.128: no connection to modbus server
[2024-11-29T08:34:15.231Z] Error reading or processing Modbus registers: no connection to modbus server
[2024-11-29T08:34:15.231Z] Error writing to Modbus register: no connection to modbus server
[2024-11-29T08:34:16.244Z] Error reading register 6507 for IP 10.30.4.128: no connection to modbus server
[2024-11-29T08:34:16.244Z] Error reading or processing Modbus registers: no connection to modbus server
[2024-11-29T08:34:16.244Z] Error writing to Modbus register: no connection to modbus server
[2024-11-29T08:34:17.247Z] Error reading register 6507 for IP 10.30.4.128: no connection to modbus server
[2024-11-29T08:34:17.247Z] Error reading or processing Modbus registers: no connection to modbus server
[2024-11-29T08:34:17.247Z] Error writing to Modbus register: no connection to modbus server
[2024-11-29T08:34:18.261Z] Error reading register 6507 for IP 10.30.4.128: no connection to modbus server
[2024-11-29T08:34:18.261Z] Error reading or processing Modbus registers: no connection to modbus server
[2024-11-29T08:34:18.262Z] Error writing to Modbus register: no connection to modbus server
[2024-11-29T08:34:19.275Z] Error reading register 6507 for IP 10.30.4.128: no connection to modbus server
[2024-11-29T08:34:19.275Z] Error reading or processing Modbus registers: no connection to modbus server
[2024-11-29T08:34:19.275Z] Error writing to Modbus register: no connection to modbus server
[2024-11-29T08:34:20.286Z] Error reading register 6507 for IP 10.30.4.128: no connection to modbus server
[2024-11-29T08:34:20.286Z] Error reading or processing Modbus registers: no connection to modbus server
[2024-11-29T08:34:20.286Z] Error writing to Modbus register: no connection to modbus server
[2024-11-29T08:34:21.313Z] Error reading register 6507 for IP 10.30.4.128: no connection to modbus server
[2024-11-29T08:34:21.313Z] Error reading or processing Modbus registers: no connection to modbus server
[2024-11-29T08:34:21.313Z] Error writing to Modbus register: no connection to modbus server
[2024-11-29T08:34:22.328Z] Error reading register 6507 for IP 10.30.4.128: no connection to modbus server
[2024-11-29T08:34:22.328Z] Error reading or processing Modbus registers: no connection to modbus server
[2024-11-29T08:34:22.328Z] Error writing to Modbus register: no connection to modbus server
[2024-11-29T08:34:23.343Z] Error reading register 6507 for IP 10.30.4.128: no connection to modbus server
[2024-11-29T08:34:23.344Z] Error writing to Modbus register: no connection to modbus server
[2024-11-29T08:34:23.343Z] Error reading or processing Modbus registers: no connection to modbus server
[2024-11-29T08:34:24.347Z] Error reading register 6507 for IP 10.30.4.128: no connection to modbus server
[2024-11-29T08:34:24.347Z] Error reading or processing Modbus registers: no connection to modbus server
[2024-11-29T08:34:24.347Z] Error writing to Modbus register: no connection to modbus server
[2024-11-29T08:34:25.361Z] Error reading register 6507 for IP 10.30.4.128: no connection to modbus server
[2024-11-29T08:34:25.361Z] Error reading or processing Modbus registers: no connection to modbus server
[2024-11-29T08:34:25.362Z] Error writing to Modbus register: no connection to modbus server
[2024-11-29T08:34:26.374Z] Error reading register 6507 for IP 10.30.4.128: no connection to modbus server
[2024-11-29T08:34:26.374Z] Error reading or processing Modbus registers: no connection to modbus server
[2024-11-29T08:34:26.375Z] Error writing to Modbus register: no connection to modbus server
[2024-11-29T08:34:27.380Z] Error reading register 6507 for IP 10.30.4.128: no connection to modbus server
[2024-11-29T08:34:27.380Z] Error reading or processing Modbus registers: no connection to modbus server
[2024-11-29T08:34:27.380Z] Error writing to Modbus register: no connection to modbus server
[2024-11-29T08:34:28.394Z] Error reading register 6507 for IP 10.30.4.128: no connection to modbus server
[2024-11-29T08:34:28.394Z] Error reading or processing Modbus registers: no connection to modbus server
[2024-11-29T08:34:28.394Z] Error writing to Modbus register: no connection to modbus server
[2024-11-29T08:34:29.408Z] Error reading register 6507 for IP 10.30.4.128: no connection to modbus server
[2024-11-29T08:34:29.409Z] Error writing to Modbus register: no connection to modbus server
[2024-11-29T08:34:29.408Z] Error reading or processing Modbus registers: no connection to modbus server
[2024-11-29T08:34:30.410Z] Error reading register 6507 for IP 10.30.4.128: no connection to modbus server
[2024-11-29T08:34:30.410Z] Error reading or processing Modbus registers: no connection to modbus server
[2024-11-29T08:34:30.411Z] Error writing to Modbus register: no connection to modbus server
[2024-11-29T08:34:31.424Z] Error reading register 6507 for IP 10.30.4.128: no connection to modbus server
[2024-11-29T08:34:31.425Z] Error reading or processing Modbus registers: no connection to modbus server
[2024-11-29T08:34:31.425Z] Error writing to Modbus register: no connection to modbus server
[2024-11-29T08:34:32.430Z] Error reading register 6507 for IP 10.30.4.128: no connection to modbus server
[2024-11-29T08:34:32.430Z] Error reading or processing Modbus registers: no connection to modbus server
[2024-11-29T08:34:32.430Z] Error writing to Modbus register: no connection to modbus server
[2024-11-29T08:34:33.433Z] Error reading register 6507 for IP 10.30.4.128: no connection to modbus server
[2024-11-29T08:34:33.434Z] Error reading or processing Modbus registers: no connection to modbus server
[2024-11-29T08:34:33.434Z] Error writing to Modbus register: no connection to modbus server
[2024-11-29T08:34:34.448Z] Error reading register 6507 for IP 10.30.4.128: no connection to modbus server
[2024-11-29T08:34:34.448Z] Error writing to Modbus register: no connection to modbus server
[2024-11-29T08:34:34.448Z] Error reading or processing Modbus registers: no connection to modbus server
[2024-11-29T08:34:35.460Z] Error reading register 6507 for IP 10.30.4.128: no connection to modbus server
[2024-11-29T08:34:35.460Z] Error reading or processing Modbus registers: no connection to modbus server
[2024-11-29T08:34:35.460Z] Error writing to Modbus register: no connection to modbus server
[2024-11-29T08:34:36.471Z] Error reading register 6507 for IP 10.30.4.128: no connection to modbus server
[2024-11-29T08:34:36.471Z] Error reading or processing Modbus registers: no connection to modbus server
[2024-11-29T08:34:36.471Z] Error writing to Modbus register: no connection to modbus server
[2024-11-29T08:34:37.472Z] Error reading register 6507 for IP 10.30.4.128: no connection to modbus server
[2024-11-29T08:34:37.472Z] Error reading or processing Modbus registers: no connection to modbus server
[2024-11-29T08:34:37.472Z] Error writing to Modbus register: no connection to modbus server
[2024-11-29T08:34:38.474Z] Error reading register 6507 for IP 10.30.4.128: no connection to modbus server
[2024-11-29T08:34:38.475Z] Error reading or processing Modbus registers: no connection to modbus server
[2024-11-29T08:34:38.475Z] Error writing to Modbus register: no connection to modbus server
[2024-11-29T08:34:39.475Z] Error reading register 6507 for IP 10.30.4.128: no connection to modbus server
[2024-11-29T08:34:39.475Z] Error reading or processing Modbus registers: no connection to modbus server
[2024-11-29T08:34:39.475Z] Error writing to Modbus register: no connection to modbus server
[2024-11-29T08:34:40.488Z] Error reading register 6507 for IP 10.30.4.128: no connection to modbus server
[2024-11-29T08:34:40.488Z] Error reading or processing Modbus registers: no connection to modbus server
[2024-11-29T08:34:40.488Z] Error writing to Modbus register: no connection to modbus server
[2024-11-29T08:34:41.489Z] Error reading register 6507 for IP 10.30.4.128: no connection to modbus server
[2024-11-29T08:34:41.490Z] Error reading or processing Modbus registers: no connection to modbus server
[2024-11-29T08:34:41.490Z] Error writing to Modbus register: no connection to modbus server
[2024-11-29T08:34:42.502Z] Error reading register 6507 for IP 10.30.4.128: no connection to modbus server
[2024-11-29T08:34:42.502Z] Error reading or processing Modbus registers: no connection to modbus server
[2024-11-29T08:34:42.502Z] Error writing to Modbus register: no connection to modbus server
[2024-11-29T08:34:43.514Z] Error reading register 6507 for IP 10.30.4.128: no connection to modbus server
[2024-11-29T08:34:43.514Z] Error reading or processing Modbus registers: no connection to modbus server
[2024-11-29T08:34:43.514Z] Error writing to Modbus register: no connection to modbus server
[2024-11-29T08:34:44.529Z] Error reading register 6507 for IP 10.30.4.128: no connection to modbus server
[2024-11-29T08:34:44.529Z] Error reading or processing Modbus registers: no connection to modbus server
[2024-11-29T08:34:44.529Z] Error writing to Modbus register: no connection to modbus server
[2024-11-29T08:34:45.539Z] Error reading register 6507 for IP 10.30.4.128: no connection to modbus server
[2024-11-29T08:34:45.539Z] Error reading or processing Modbus registers: no connection to modbus server
[2024-11-29T08:34:45.539Z] Error writing to Modbus register: no connection to modbus server
[2024-11-29T08:34:46.554Z] Error reading register 6507 for IP 10.30.4.128: no connection to modbus server
[2024-11-29T08:34:46.554Z] Error reading or processing Modbus registers: no connection to modbus server
[2024-11-29T08:34:46.555Z] Error writing to Modbus register: no connection to modbus server
[2024-11-29T08:34:47.562Z] Error reading register 6507 for IP 10.30.4.128: no connection to modbus server
[2024-11-29T08:34:47.563Z] Error reading or processing Modbus registers: no connection to modbus server
[2024-11-29T08:34:47.563Z] Error writing to Modbus register: no connection to modbus server
[2024-11-29T08:34:48.562Z] Error reading register 6507 for IP 10.30.4.128: no connection to modbus server
[2024-11-29T08:34:48.563Z] Error reading or processing Modbus registers: no connection to modbus server
[2024-11-29T08:34:48.564Z] Error writing to Modbus register: no connection to modbus server
[2024-11-29T08:34:49.563Z] Error reading register 6507 for IP 10.30.4.128: no connection to modbus server
[2024-11-29T08:34:49.563Z] Error reading or processing Modbus registers: no connection to modbus server
[2024-11-29T08:34:49.563Z] Error writing to Modbus register: no connection to modbus server
[2024-11-29T08:34:50.576Z] Error reading register 6507 for IP 10.30.4.128: no connection to modbus server
[2024-11-29T08:34:50.576Z] Error reading or processing Modbus registers: no connection to modbus server
[2024-11-29T08:34:50.576Z] Error writing to Modbus register: no connection to modbus server
[2024-11-29T08:34:51.576Z] Error reading register 6507 for IP 10.30.4.128: no connection to modbus server
[2024-11-29T08:34:51.576Z] Error reading or processing Modbus registers: no connection to modbus server
[2024-11-29T08:34:51.577Z] Error writing to Modbus register: no connection to modbus server
[2024-11-29T08:34:52.588Z] Error reading register 6507 for IP 10.30.4.128: no connection to modbus server
[2024-11-29T08:34:52.588Z] Error reading or processing Modbus registers: no connection to modbus server
[2024-11-29T08:34:52.589Z] Error writing to Modbus register: no connection to modbus server
[2024-11-29T08:34:53.603Z] Error reading register 6507 for IP 10.30.4.128: no connection to modbus server
[2024-11-29T08:34:53.603Z] Error reading or processing Modbus registers: no connection to modbus server
[2024-11-29T08:34:53.604Z] Error writing to Modbus register: no connection to modbus server
[2024-11-29T08:34:54.607Z] Error reading register 6507 for IP 10.30.4.128: no connection to modbus server
[2024-11-29T08:34:54.607Z] Error reading or processing Modbus registers: no connection to modbus server
[2024-11-29T08:34:54.607Z] Error writing to Modbus register: no connection to modbus server
[2024-11-29T08:34:55.609Z] Error reading register 6507 for IP 10.30.4.128: no connection to modbus server
[2024-11-29T08:34:55.610Z] Error writing to Modbus register: no connection to modbus server
[2024-11-29T08:34:55.610Z] Error reading or processing Modbus registers: no connection to modbus server
[2024-11-29T08:34:56.612Z] Error reading register 6507 for IP 10.30.4.128: no connection to modbus server
[2024-11-29T08:34:56.612Z] Error writing to Modbus register: no connection to modbus server
[2024-11-29T08:34:56.612Z] Error reading or processing Modbus registers: no connection to modbus server
[2024-11-29T08:34:57.627Z] Error reading register 6507 for IP 10.30.4.128: no connection to modbus server
[2024-11-29T08:34:57.627Z] Error reading or processing Modbus registers: no connection to modbus server
[2024-11-29T08:34:57.627Z] Error writing to Modbus register: no connection to modbus server
[2024-11-29T08:34:58.632Z] Error reading register 6507 for IP 10.30.4.128: no connection to modbus server
[2024-11-29T08:34:58.632Z] Error reading or processing Modbus registers: no connection to modbus server
[2024-11-29T08:34:58.632Z] Error writing to Modbus register: no connection to modbus server
[2024-11-29T08:34:59.645Z] Error reading register 6507 for IP 10.30.4.128: no connection to modbus server
[2024-11-29T08:34:59.645Z] Error reading or processing Modbus registers: no connection to modbus server
[2024-11-29T08:34:59.646Z] Error writing to Modbus register: no connection to modbus server
[2024-11-29T08:35:00.646Z] Error reading register 6507 for IP 10.30.4.128: no connection to modbus server
[2024-11-29T08:35:00.646Z] Error reading or processing Modbus registers: no connection to modbus server
[2024-11-29T08:35:00.646Z] Error writing to Modbus register: no connection to modbus server
[2024-11-29T08:35:01.650Z] Error reading register 6507 for IP 10.30.4.128: no connection to modbus server
[2024-11-29T08:35:01.650Z] Error reading or processing Modbus registers: no connection to modbus server
[2024-11-29T08:35:01.652Z] Error writing to Modbus register: no connection to modbus server
[2024-11-29T08:35:02.652Z] Error reading register 6507 for IP 10.30.4.128: no connection to modbus server
[2024-11-29T08:35:02.652Z] Error reading or processing Modbus registers: no connection to modbus server
[2024-11-29T08:35:02.652Z] Error writing to Modbus register: no connection to modbus server
[2024-11-29T08:35:03.653Z] Error reading register 6507 for IP 10.30.4.128: no connection to modbus server
[2024-11-29T08:35:03.653Z] Error reading or processing Modbus registers: no connection to modbus server
[2024-11-29T08:35:03.653Z] Error writing to Modbus register: no connection to modbus server
[2024-11-29T08:35:04.665Z] Error reading register 6507 for IP 10.30.4.128: no connection to modbus server
[2024-11-29T08:35:04.665Z] Error reading or processing Modbus registers: no connection to modbus server
[2024-11-29T08:35:04.666Z] Error writing to Modbus register: no connection to modbus server
[2024-11-29T08:35:05.665Z] Error reading register 6507 for IP 10.30.4.128: no connection to modbus server
[2024-11-29T08:35:05.665Z] Error reading or processing Modbus registers: no connection to modbus server
[2024-11-29T08:35:05.680Z] Error writing to Modbus register: no connection to modbus server
[2024-11-29T08:35:06.677Z] Error reading register 6507 for IP 10.30.4.128: no connection to modbus server
[2024-11-29T08:35:06.677Z] Error reading or processing Modbus registers: no connection to modbus server
[2024-11-29T08:35:06.692Z] Error writing to Modbus register: no connection to modbus server
[2024-11-29T08:35:07.682Z] Error reading register 6507 for IP 10.30.4.128: no connection to modbus server
[2024-11-29T08:35:07.682Z] Error reading or processing Modbus registers: no connection to modbus server
[2024-11-29T08:35:07.698Z] Error writing to Modbus register: no connection to modbus server
[2024-11-29T08:35:08.685Z] Error reading register 6507 for IP 10.30.4.128: no connection to modbus server
[2024-11-29T08:35:08.686Z] Error reading or processing Modbus registers: no connection to modbus server
[2024-11-29T08:35:08.700Z] Error writing to Modbus register: no connection to modbus server
[2024-11-29T08:35:09.697Z] Error reading register 6507 for IP 10.30.4.128: no connection to modbus server
[2024-11-29T08:35:09.697Z] Error reading or processing Modbus registers: no connection to modbus server
[2024-11-29T08:35:09.713Z] Error writing to Modbus register: no connection to modbus server
[2024-11-29T08:35:10.698Z] Error reading register 6507 for IP 10.30.4.128: no connection to modbus server
[2024-11-29T08:35:10.699Z] Error reading or processing Modbus registers: no connection to modbus server
[2024-11-29T08:35:10.714Z] Error writing to Modbus register: no connection to modbus server
[2024-11-29T08:35:11.698Z] Error reading register 6507 for IP 10.30.4.128: no connection to modbus server
[2024-11-29T08:35:11.699Z] Error reading or processing Modbus registers: no connection to modbus server
[2024-11-29T08:35:11.729Z] Error writing to Modbus register: no connection to modbus server
[2024-11-29T08:35:12.713Z] Error reading register 6507 for IP 10.30.4.128: no connection to modbus server
[2024-11-29T08:35:12.713Z] Error reading or processing Modbus registers: no connection to modbus server
[2024-11-29T08:35:12.743Z] Error writing to Modbus register: no connection to modbus server
[2024-11-29T08:35:13.726Z] Error reading register 6507 for IP 10.30.4.128: no connection to modbus server
[2024-11-29T08:35:13.727Z] Error reading or processing Modbus registers: no connection to modbus server
[2024-11-29T08:35:13.756Z] Error writing to Modbus register: no connection to modbus server
[2024-11-29T08:35:14.728Z] Error reading register 6507 for IP 10.30.4.128: no connection to modbus server
[2024-11-29T08:35:14.728Z] Error reading or processing Modbus registers: no connection to modbus server
[2024-11-29T08:35:14.759Z] Error writing to Modbus register: no connection to modbus server
[2024-11-29T08:35:15.742Z] Error reading register 6507 for IP 10.30.4.128: no connection to modbus server
[2024-11-29T08:35:15.742Z] Error reading or processing Modbus registers: no connection to modbus server
[2024-11-29T08:35:15.772Z] Error writing to Modbus register: no connection to modbus server
[2024-11-29T08:35:16.743Z] Error reading register 6507 for IP 10.30.4.128: no connection to modbus server
[2024-11-29T08:35:16.744Z] Error reading or processing Modbus registers: no connection to modbus server
[2024-11-29T08:35:16.774Z] Error writing to Modbus register: no connection to modbus server
[2024-11-29T08:35:17.743Z] Error reading register 6507 for IP 10.30.4.128: no connection to modbus server
[2024-11-29T08:35:17.743Z] Error reading or processing Modbus registers: no connection to modbus server
[2024-11-29T08:35:17.789Z] Error writing to Modbus register: no connection to modbus server
[2024-11-29T08:35:18.756Z] Error reading register 6507 for IP 10.30.4.128: no connection to modbus server
[2024-11-29T08:35:18.756Z] Error reading or processing Modbus registers: no connection to modbus server
[2024-11-29T08:35:18.803Z] Error writing to Modbus register: no connection to modbus server
[2024-11-29T08:35:19.756Z] Error reading register 6507 for IP 10.30.4.128: no connection to modbus server
[2024-11-29T08:35:19.756Z] Error reading or processing Modbus registers: no connection to modbus server
[2024-11-29T08:35:19.818Z] Error writing to Modbus register: no connection to modbus server
[2024-11-29T08:35:20.767Z] Error reading register 6507 for IP 10.30.4.128: no connection to modbus server
[2024-11-29T08:35:20.768Z] Error reading or processing Modbus registers: no connection to modbus server
[2024-11-29T08:35:20.828Z] Error writing to Modbus register: no connection to modbus server
[2024-11-29T08:35:21.782Z] Error reading register 6507 for IP 10.30.4.128: no connection to modbus server
[2024-11-29T08:35:21.782Z] Error reading or processing Modbus registers: no connection to modbus server
[2024-11-29T08:35:21.843Z] Error writing to Modbus register: no connection to modbus server
[2024-11-29T08:35:22.795Z] Error reading register 6507 for IP 10.30.4.128: no connection to modbus server
[2024-11-29T08:35:22.795Z] Error reading or processing Modbus registers: no connection to modbus server
[2024-11-29T08:35:22.857Z] Error writing to Modbus register: no connection to modbus server
[2024-11-29T08:35:23.796Z] Error reading register 6507 for IP 10.30.4.128: no connection to modbus server
[2024-11-29T08:35:23.796Z] Error reading or processing Modbus registers: no connection to modbus server
[2024-11-29T08:35:23.872Z] Error writing to Modbus register: no connection to modbus server
[2024-11-29T08:35:24.807Z] Error reading register 6507 for IP 10.30.4.128: no connection to modbus server
[2024-11-29T08:35:24.807Z] Error reading or processing Modbus registers: no connection to modbus server
[2024-11-29T08:35:24.882Z] Error writing to Modbus register: no connection to modbus server
[2024-11-29T08:35:25.820Z] Error reading register 6507 for IP 10.30.4.128: no connection to modbus server
[2024-11-29T08:35:25.821Z] Error reading or processing Modbus registers: no connection to modbus server
[2024-11-29T08:35:25.882Z] Error writing to Modbus register: no connection to modbus server
[2024-11-29T08:35:26.834Z] Error reading register 6507 for IP 10.30.4.128: no connection to modbus server
[2024-11-29T08:35:26.834Z] Error reading or processing Modbus registers: no connection to modbus server
[2024-11-29T08:35:26.896Z] Error writing to Modbus register: no connection to modbus server
[2024-11-29T08:35:27.848Z] Error reading register 6507 for IP 10.30.4.128: no connection to modbus server
[2024-11-29T08:35:27.848Z] Error reading or processing Modbus registers: no connection to modbus server
[2024-11-29T08:35:27.910Z] Error writing to Modbus register: no connection to modbus server
[2024-11-29T08:35:28.851Z] Error reading register 6507 for IP 10.30.4.128: no connection to modbus server
[2024-11-29T08:35:28.851Z] Error reading or processing Modbus registers: no connection to modbus server
[2024-11-29T08:35:28.913Z] Error writing to Modbus register: no connection to modbus server
[2024-11-29T08:35:29.860Z] Error reading register 6507 for IP 10.30.4.128: no connection to modbus server
[2024-11-29T08:35:29.860Z] Error reading or processing Modbus registers: no connection to modbus server
[2024-11-29T08:35:29.922Z] Error writing to Modbus register: no connection to modbus server
[2024-11-29T08:35:30.861Z] Error reading register 6507 for IP 10.30.4.128: no connection to modbus server
[2024-11-29T08:35:30.861Z] Error reading or processing Modbus registers: no connection to modbus server
[2024-11-29T08:35:30.923Z] Error writing to Modbus register: no connection to modbus server
[2024-11-29T08:35:31.861Z] Error reading register 6507 for IP 10.30.4.128: no connection to modbus server
[2024-11-29T08:35:31.861Z] Error reading or processing Modbus registers: no connection to modbus server
[2024-11-29T08:35:31.923Z] Error writing to Modbus register: no connection to modbus server
[2024-11-29T08:35:32.875Z] Error reading register 6507 for IP 10.30.4.128: no connection to modbus server
[2024-11-29T08:35:32.876Z] Error reading or processing Modbus registers: no connection to modbus server
[2024-11-29T08:35:32.936Z] Error writing to Modbus register: no connection to modbus server
[2024-11-29T08:35:33.887Z] Error reading register 6507 for IP 10.30.4.128: no connection to modbus server
[2024-11-29T08:35:33.887Z] Error reading or processing Modbus registers: no connection to modbus server
[2024-11-29T08:35:33.948Z] Error writing to Modbus register: no connection to modbus server
[2024-11-29T08:35:34.888Z] Error reading register 6507 for IP 10.30.4.128: no connection to modbus server
[2024-11-29T08:35:34.889Z] Error reading or processing Modbus registers: no connection to modbus server
[2024-11-29T08:35:34.950Z] Error writing to Modbus register: no connection to modbus server
[2024-11-29T08:35:35.904Z] Error reading or processing Modbus registers: no connection to modbus server
[2024-11-29T08:35:35.903Z] Error reading register 6507 for IP 10.30.4.128: no connection to modbus server
[2024-11-29T08:35:35.965Z] Error writing to Modbus register: no connection to modbus server
[2024-11-29T08:35:36.918Z] Error reading register 6507 for IP 10.30.4.128: no connection to modbus server
[2024-11-29T08:35:36.918Z] Error reading or processing Modbus registers: no connection to modbus server
[2024-11-29T08:35:36.979Z] Error writing to Modbus register: no connection to modbus server
[2024-11-29T08:35:37.932Z] Error reading register 6507 for IP 10.30.4.128: no connection to modbus server
[2024-11-29T08:35:37.932Z] Error reading or processing Modbus registers: no connection to modbus server
[2024-11-29T08:35:37.993Z] Error writing to Modbus register: no connection to modbus server
[2024-11-29T08:35:38.932Z] Error reading register 6507 for IP 10.30.4.128: no connection to modbus server
[2024-11-29T08:35:38.933Z] Error reading or processing Modbus registers: no connection to modbus server
[2024-11-29T08:35:38.993Z] Error writing to Modbus register: no connection to modbus server
[2024-11-29T08:35:39.947Z] Error reading register 6507 for IP 10.30.4.128: no connection to modbus server
[2024-11-29T08:35:39.947Z] Error reading or processing Modbus registers: no connection to modbus server
[2024-11-29T08:35:39.993Z] Error writing to Modbus register: no connection to modbus server
[2024-11-29T08:35:40.947Z] Error reading register 6507 for IP 10.30.4.128: no connection to modbus server
[2024-11-29T08:35:40.947Z] Error reading or processing Modbus registers: no connection to modbus server
[2024-11-29T08:35:40.993Z] Error writing to Modbus register: no connection to modbus server
[2024-11-29T08:35:41.962Z] Error reading register 6507 for IP 10.30.4.128: no connection to modbus server
[2024-11-29T08:35:41.962Z] Error reading or processing Modbus registers: no connection to modbus server
[2024-11-29T08:35:42.007Z] Error writing to Modbus register: no connection to modbus server
[2024-11-29T08:35:42.973Z] Error reading register 6507 for IP 10.30.4.128: no connection to modbus server
[2024-11-29T08:35:42.973Z] Error reading or processing Modbus registers: no connection to modbus server
[2024-11-29T08:35:43.019Z] Error writing to Modbus register: no connection to modbus server
[2024-11-29T08:35:43.974Z] Error reading register 6507 for IP 10.30.4.128: no connection to modbus server
[2024-11-29T08:35:43.974Z] Error reading or processing Modbus registers: no connection to modbus server
[2024-11-29T08:35:44.020Z] Error writing to Modbus register: no connection to modbus server
[2024-11-29T08:35:44.975Z] Error reading register 6507 for IP 10.30.4.128: no connection to modbus server
[2024-11-29T08:35:44.975Z] Error reading or processing Modbus registers: no connection to modbus server
[2024-11-29T08:35:45.021Z] Error writing to Modbus register: no connection to modbus server
[2024-11-29T08:35:45.989Z] Error reading register 6507 for IP 10.30.4.128: no connection to modbus server
[2024-11-29T08:35:45.989Z] Error reading or processing Modbus registers: no connection to modbus server
[2024-11-29T08:35:46.035Z] Error writing to Modbus register: no connection to modbus server
[2024-11-29T08:35:47.003Z] Error reading register 6507 for IP 10.30.4.128: no connection to modbus server
[2024-11-29T08:35:47.004Z] Error reading or processing Modbus registers: no connection to modbus server
[2024-11-29T08:35:47.048Z] Error writing to Modbus register: no connection to modbus server
[2024-11-29T08:35:48.016Z] Error reading register 6507 for IP 10.30.4.128: no connection to modbus server
[2024-11-29T08:35:48.016Z] Error reading or processing Modbus registers: no connection to modbus server
[2024-11-29T08:35:48.062Z] Error writing to Modbus register: no connection to modbus server
[2024-11-29T08:35:49.028Z] Error reading register 6507 for IP 10.30.4.128: no connection to modbus server
[2024-11-29T08:35:49.029Z] Error reading or processing Modbus registers: no connection to modbus server
[2024-11-29T08:35:49.075Z] Error writing to Modbus register: no connection to modbus server
[2024-11-29T08:35:50.043Z] Error reading register 6507 for IP 10.30.4.128: no connection to modbus server
[2024-11-29T08:35:50.043Z] Error reading or processing Modbus registers: no connection to modbus server
[2024-11-29T08:35:50.089Z] Error writing to Modbus register: no connection to modbus server
[2024-11-29T08:35:51.057Z] Error reading register 6507 for IP 10.30.4.128: no connection to modbus server
[2024-11-29T08:35:51.057Z] Error reading or processing Modbus registers: no connection to modbus server
[2024-11-29T08:35:51.103Z] Error writing to Modbus register: no connection to modbus server
[2024-11-29T08:35:52.070Z] Error reading register 6507 for IP 10.30.4.128: no connection to modbus server
[2024-11-29T08:35:52.071Z] Error reading or processing Modbus registers: no connection to modbus server
[2024-11-29T08:35:52.115Z] Error writing to Modbus register: no connection to modbus server
[2024-11-29T08:35:53.071Z] Error reading register 6507 for IP 10.30.4.128: no connection to modbus server
[2024-11-29T08:35:53.071Z] Error reading or processing Modbus registers: no connection to modbus server
[2024-11-29T08:35:53.117Z] Error writing to Modbus register: no connection to modbus server
[2024-11-29T08:35:54.083Z] Error reading register 6507 for IP 10.30.4.128: no connection to modbus server
[2024-11-29T08:35:54.083Z] Error reading or processing Modbus registers: no connection to modbus server
[2024-11-29T08:35:54.129Z] Error writing to Modbus register: no connection to modbus server
[2024-11-29T08:35:55.093Z] Error reading register 6507 for IP 10.30.4.128: no connection to modbus server
[2024-11-29T08:35:55.093Z] Error reading or processing Modbus registers: no connection to modbus server
[2024-11-29T08:35:55.139Z] Error writing to Modbus register: no connection to modbus server
[2024-11-29T08:35:56.104Z] Error reading register 6507 for IP 10.30.4.128: no connection to modbus server
[2024-11-29T08:35:56.104Z] Error reading or processing Modbus registers: no connection to modbus server
[2024-11-29T08:35:56.149Z] Error writing to Modbus register: no connection to modbus server
[2024-11-29T08:35:57.117Z] Error reading register 6507 for IP 10.30.4.128: no connection to modbus server
[2024-11-29T08:35:57.117Z] Error reading or processing Modbus registers: no connection to modbus server
[2024-11-29T08:35:57.163Z] Error writing to Modbus register: no connection to modbus server
[2024-11-29T08:35:58.132Z] Error reading register 6507 for IP 10.30.4.128: no connection to modbus server
[2024-11-29T08:35:58.132Z] Error reading or processing Modbus registers: no connection to modbus server
[2024-11-29T08:35:58.178Z] Error writing to Modbus register: no connection to modbus server
[2024-11-29T08:35:59.134Z] Error reading register 6507 for IP 10.30.4.128: no connection to modbus server
[2024-11-29T08:35:59.134Z] Error reading or processing Modbus registers: no connection to modbus server
[2024-11-29T08:35:59.179Z] Error writing to Modbus register: no connection to modbus server
[2024-11-29T08:36:00.147Z] Error reading register 6507 for IP 10.30.4.128: no connection to modbus server
[2024-11-29T08:36:00.147Z] Error reading or processing Modbus registers: no connection to modbus server
[2024-11-29T08:36:00.193Z] Error writing to Modbus register: no connection to modbus server
[2024-11-29T08:36:01.147Z] Error reading register 6507 for IP 10.30.4.128: no connection to modbus server
[2024-11-29T08:36:01.147Z] Error reading or processing Modbus registers: no connection to modbus server
[2024-11-29T08:36:01.207Z] Error writing to Modbus register: no connection to modbus server
[2024-11-29T08:36:02.156Z] Error reading register 6507 for IP 10.30.4.128: no connection to modbus server
[2024-11-29T08:36:02.156Z] Error reading or processing Modbus registers: no connection to modbus server
[2024-11-29T08:36:02.218Z] Error writing to Modbus register: no connection to modbus server
[2024-11-29T08:36:03.158Z] Error reading register 6507 for IP 10.30.4.128: no connection to modbus server
[2024-11-29T08:36:03.158Z] Error reading or processing Modbus registers: no connection to modbus server
[2024-11-29T08:36:03.220Z] Error writing to Modbus register: no connection to modbus server
[2024-11-29T08:36:04.160Z] Error reading register 6507 for IP 10.30.4.128: no connection to modbus server
[2024-11-29T08:36:04.160Z] Error reading or processing Modbus registers: no connection to modbus server
[2024-11-29T08:36:04.222Z] Error writing to Modbus register: no connection to modbus server
[2024-11-29T08:36:05.161Z] Error reading register 6507 for IP 10.30.4.128: no connection to modbus server
[2024-11-29T08:36:05.161Z] Error reading or processing Modbus registers: no connection to modbus server
[2024-11-29T08:36:05.222Z] Error writing to Modbus register: no connection to modbus server
[2024-11-29T08:36:06.175Z] Error reading register 6507 for IP 10.30.4.128: no connection to modbus server
[2024-11-29T08:36:06.175Z] Error reading or processing Modbus registers: no connection to modbus server
[2024-11-29T08:36:06.236Z] Error writing to Modbus register: no connection to modbus server
[2024-11-29T08:36:07.187Z] Error reading register 6507 for IP 10.30.4.128: no connection to modbus server
[2024-11-29T08:36:07.187Z] Error reading or processing Modbus registers: no connection to modbus server
[2024-11-29T08:36:07.249Z] Error writing to Modbus register: no connection to modbus server
[2024-11-29T08:36:08.193Z] Error reading register 6507 for IP 10.30.4.128: no connection to modbus server
[2024-11-29T08:36:08.193Z] Error reading or processing Modbus registers: no connection to modbus server
[2024-11-29T08:36:08.255Z] Error writing to Modbus register: no connection to modbus server
[2024-11-29T08:36:09.195Z] Error reading register 6507 for IP 10.30.4.128: no connection to modbus server
[2024-11-29T08:36:09.195Z] Error reading or processing Modbus registers: no connection to modbus server
[2024-11-29T08:36:09.256Z] Error writing to Modbus register: no connection to modbus server
[2024-11-29T08:36:10.208Z] Error reading register 6507 for IP 10.30.4.128: no connection to modbus server
[2024-11-29T08:36:10.208Z] Error reading or processing Modbus registers: no connection to modbus server
[2024-11-29T08:36:10.270Z] Error writing to Modbus register: no connection to modbus server
[2024-11-29T08:36:11.208Z] Error reading register 6507 for IP 10.30.4.128: no connection to modbus server
[2024-11-29T08:36:11.208Z] Error reading or processing Modbus registers: no connection to modbus server
[2024-11-29T08:36:11.270Z] Error writing to Modbus register: no connection to modbus server
[2024-11-29T08:36:12.222Z] Error reading register 6507 for IP 10.30.4.128: no connection to modbus server
[2024-11-29T08:36:12.222Z] Error reading or processing Modbus registers: no connection to modbus server
[2024-11-29T08:36:12.283Z] Error writing to Modbus register: no connection to modbus server
[2024-11-29T08:36:13.232Z] Error reading register 6507 for IP 10.30.4.128: no connection to modbus server
[2024-11-29T08:36:13.232Z] Error reading or processing Modbus registers: no connection to modbus server
[2024-11-29T08:36:13.293Z] Error writing to Modbus register: no connection to modbus server
[2024-11-29T08:36:14.232Z] Error reading register 6507 for IP 10.30.4.128: no connection to modbus server
[2024-11-29T08:36:14.233Z] Error reading or processing Modbus registers: no connection to modbus server
[2024-11-29T08:36:14.294Z] Error writing to Modbus register: no connection to modbus server
[2024-11-29T08:36:15.232Z] Error reading register 6507 for IP 10.30.4.128: no connection to modbus server
[2024-11-29T08:36:15.232Z] Error reading or processing Modbus registers: no connection to modbus server
[2024-11-29T08:36:15.309Z] Error writing to Modbus register: no connection to modbus server
[2024-11-29T08:36:16.243Z] Error reading register 6507 for IP 10.30.4.128: no connection to modbus server
[2024-11-29T08:36:16.243Z] Error reading or processing Modbus registers: no connection to modbus server
[2024-11-29T08:36:16.320Z] Error writing to Modbus register: no connection to modbus server
[2024-11-29T08:36:17.252Z] Error reading register 6507 for IP 10.30.4.128: no connection to modbus server
[2024-11-29T08:36:17.252Z] Error reading or processing Modbus registers: no connection to modbus server
[2024-11-29T08:36:17.328Z] Error writing to Modbus register: no connection to modbus server
[2024-11-29T08:36:18.263Z] Error reading register 6507 for IP 10.30.4.128: no connection to modbus server
[2024-11-29T08:36:18.264Z] Error reading or processing Modbus registers: no connection to modbus server
[2024-11-29T08:36:18.341Z] Error writing to Modbus register: no connection to modbus server
[2024-11-29T08:36:19.266Z] Error reading register 6507 for IP 10.30.4.128: no connection to modbus server
[2024-11-29T08:36:19.266Z] Error reading or processing Modbus registers: no connection to modbus server
[2024-11-29T08:36:19.343Z] Error writing to Modbus register: no connection to modbus server
[2024-11-29T08:36:20.266Z] Error reading register 6507 for IP 10.30.4.128: no connection to modbus server
[2024-11-29T08:36:20.266Z] Error reading or processing Modbus registers: no connection to modbus server
[2024-11-29T08:36:20.344Z] Error writing to Modbus register: no connection to modbus server
[2024-11-29T08:36:21.280Z] Error reading register 6507 for IP 10.30.4.128: no connection to modbus server
[2024-11-29T08:36:21.280Z] Error reading or processing Modbus registers: no connection to modbus server
[2024-11-29T08:36:21.356Z] Error writing to Modbus register: no connection to modbus server
[2024-11-29T08:36:22.294Z] Error reading register 6507 for IP 10.30.4.128: no connection to modbus server
[2024-11-29T08:36:22.294Z] Error reading or processing Modbus registers: no connection to modbus server
[2024-11-29T08:36:22.369Z] Error writing to Modbus register: no connection to modbus server
[2024-11-29T08:36:23.300Z] Error reading register 6507 for IP 10.30.4.128: no connection to modbus server
[2024-11-29T08:36:23.300Z] Error reading or processing Modbus registers: no connection to modbus server
[2024-11-29T08:36:23.376Z] Error writing to Modbus register: no connection to modbus server
[2024-11-29T08:36:24.307Z] Error reading register 6507 for IP 10.30.4.128: no connection to modbus server
[2024-11-29T08:36:24.307Z] Error reading or processing Modbus registers: no connection to modbus server
[2024-11-29T08:36:24.384Z] Error writing to Modbus register: no connection to modbus server
[2024-11-29T08:36:25.321Z] Error reading register 6507 for IP 10.30.4.128: no connection to modbus server
[2024-11-29T08:36:25.321Z] Error reading or processing Modbus registers: no connection to modbus server
[2024-11-29T08:36:25.396Z] Error writing to Modbus register: no connection to modbus server
[2024-11-29T08:36:26.335Z] Error reading register 6507 for IP 10.30.4.128: no connection to modbus server
[2024-11-29T08:36:26.336Z] Error reading or processing Modbus registers: no connection to modbus server
[2024-11-29T08:36:26.396Z] Error writing to Modbus register: no connection to modbus server
[2024-11-29T08:36:27.347Z] Error reading register 6507 for IP 10.30.4.128: no connection to modbus server
[2024-11-29T08:36:27.347Z] Error reading or processing Modbus registers: no connection to modbus server
[2024-11-29T08:36:27.409Z] Error writing to Modbus register: no connection to modbus server
[2024-11-29T08:36:28.363Z] Error reading register 6507 for IP 10.30.4.128: no connection to modbus server
[2024-11-29T08:36:28.364Z] Error reading or processing Modbus registers: no connection to modbus server
[2024-11-29T08:36:28.422Z] Error writing to Modbus register: no connection to modbus server
[2024-11-29T08:36:29.372Z] Error reading register 6507 for IP 10.30.4.128: no connection to modbus server
[2024-11-29T08:36:29.372Z] Error reading or processing Modbus registers: no connection to modbus server
[2024-11-29T08:36:29.433Z] Error writing to Modbus register: no connection to modbus server
[2024-11-29T08:36:30.385Z] Error reading register 6507 for IP 10.30.4.128: no connection to modbus server
[2024-11-29T08:36:30.385Z] Error reading or processing Modbus registers: no connection to modbus server
[2024-11-29T08:36:30.447Z] Error writing to Modbus register: no connection to modbus server
[2024-11-29T08:36:31.386Z] Error reading register 6507 for IP 10.30.4.128: no connection to modbus server
[2024-11-29T08:36:31.386Z] Error reading or processing Modbus registers: no connection to modbus server
[2024-11-29T08:36:31.448Z] Error writing to Modbus register: no connection to modbus server
[2024-11-29T08:36:32.399Z] Error reading register 6507 for IP 10.30.4.128: no connection to modbus server
[2024-11-29T08:36:32.399Z] Error reading or processing Modbus registers: no connection to modbus server
[2024-11-29T08:36:32.460Z] Error writing to Modbus register: no connection to modbus server
[2024-11-29T08:36:33.411Z] Error reading register 6507 for IP 10.30.4.128: no connection to modbus server
[2024-11-29T08:36:33.411Z] Error reading or processing Modbus registers: no connection to modbus server
[2024-11-29T08:36:33.473Z] Error writing to Modbus register: no connection to modbus server
[2024-11-29T08:36:34.425Z] Error reading register 6507 for IP 10.30.4.128: no connection to modbus server
[2024-11-29T08:36:34.425Z] Error reading or processing Modbus registers: no connection to modbus server
[2024-11-29T08:36:34.486Z] Error writing to Modbus register: no connection to modbus server
[2024-11-29T08:36:35.427Z] Error reading register 6507 for IP 10.30.4.128: no connection to modbus server
[2024-11-29T08:36:35.427Z] Error reading or processing Modbus registers: no connection to modbus server
[2024-11-29T08:36:35.487Z] Error writing to Modbus register: no connection to modbus server
[2024-11-29T08:36:36.436Z] Error reading register 6507 for IP 10.30.4.128: no connection to modbus server
[2024-11-29T08:36:36.436Z] Error reading or processing Modbus registers: no connection to modbus server
[2024-11-29T08:36:36.498Z] Error writing to Modbus register: no connection to modbus server
[2024-11-29T08:36:37.439Z] Error reading register 6507 for IP 10.30.4.128: no connection to modbus server
[2024-11-29T08:36:37.439Z] Error reading or processing Modbus registers: no connection to modbus server
[2024-11-29T08:36:37.501Z] Error writing to Modbus register: no connection to modbus server
[2024-11-29T08:36:38.443Z] Error reading register 6507 for IP 10.30.4.128: no connection to modbus server
[2024-11-29T08:36:38.443Z] Error reading or processing Modbus registers: no connection to modbus server
[2024-11-29T08:36:38.505Z] Error writing to Modbus register: no connection to modbus server
[2024-11-29T08:36:39.448Z] Error reading register 6507 for IP 10.30.4.128: no connection to modbus server
[2024-11-29T08:36:39.448Z] Error reading or processing Modbus registers: no connection to modbus server
[2024-11-29T08:36:39.509Z] Error writing to Modbus register: no connection to modbus server
[2024-11-29T08:36:40.461Z] Error reading register 6507 for IP 10.30.4.128: no connection to modbus server
[2024-11-29T08:36:40.461Z] Error reading or processing Modbus registers: no connection to modbus server
[2024-11-29T08:36:40.523Z] Error writing to Modbus register: no connection to modbus server
[2024-11-29T08:36:41.476Z] Error reading register 6507 for IP 10.30.4.128: no connection to modbus server
[2024-11-29T08:36:41.476Z] Error reading or processing Modbus registers: no connection to modbus server
[2024-11-29T08:36:41.536Z] Error writing to Modbus register: no connection to modbus server
[2024-11-29T08:36:42.488Z] Error reading register 6507 for IP 10.30.4.128: no connection to modbus server
[2024-11-29T08:36:42.488Z] Error reading or processing Modbus registers: no connection to modbus server
[2024-11-29T08:36:42.550Z] Error writing to Modbus register: no connection to modbus server
[2024-11-29T08:36:43.503Z] Error reading register 6507 for IP 10.30.4.128: no connection to modbus server
[2024-11-29T08:36:43.503Z] Error reading or processing Modbus registers: no connection to modbus server
[2024-11-29T08:36:43.564Z] Error writing to Modbus register: no connection to modbus server
[2024-11-29T08:36:44.516Z] Error reading register 6507 for IP 10.30.4.128: no connection to modbus server
[2024-11-29T08:36:44.516Z] Error reading or processing Modbus registers: no connection to modbus server
[2024-11-29T08:36:44.578Z] Error writing to Modbus register: no connection to modbus server
[2024-11-29T08:36:45.516Z] Error reading register 6507 for IP 10.30.4.128: no connection to modbus server
[2024-11-29T08:36:45.516Z] Error reading or processing Modbus registers: no connection to modbus server
[2024-11-29T08:36:45.593Z] Error writing to Modbus register: no connection to modbus server
[2024-11-29T08:36:46.518Z] Error reading register 6507 for IP 10.30.4.128: no connection to modbus server
[2024-11-29T08:36:46.518Z] Error reading or processing Modbus registers: no connection to modbus server
[2024-11-29T08:36:46.595Z] Error writing to Modbus register: no connection to modbus server
[2024-11-29T08:36:47.533Z] Error reading register 6507 for IP 10.30.4.128: no connection to modbus server
[2024-11-29T08:36:47.533Z] Error reading or processing Modbus registers: no connection to modbus server
[2024-11-29T08:36:47.608Z] Error writing to Modbus register: no connection to modbus server
[2024-11-29T08:36:48.544Z] Error reading register 6507 for IP 10.30.4.128: no connection to modbus server
[2024-11-29T08:36:48.544Z] Error reading or processing Modbus registers: no connection to modbus server
[2024-11-29T08:36:48.622Z] Error writing to Modbus register: no connection to modbus server
[2024-11-29T08:36:49.546Z] Error reading register 6507 for IP 10.30.4.128: no connection to modbus server
[2024-11-29T08:36:49.546Z] Error reading or processing Modbus registers: no connection to modbus server
[2024-11-29T08:36:49.624Z] Error writing to Modbus register: no connection to modbus server
[2024-11-29T08:36:50.561Z] Error reading register 6507 for IP 10.30.4.128: no connection to modbus server
[2024-11-29T08:36:50.562Z] Error reading or processing Modbus registers: no connection to modbus server
[2024-11-29T08:36:50.638Z] Error writing to Modbus register: no connection to modbus server
[2024-11-29T08:36:51.563Z] Error reading register 6507 for IP 10.30.4.128: no connection to modbus server
[2024-11-29T08:36:51.563Z] Error reading or processing Modbus registers: no connection to modbus server
[2024-11-29T08:36:51.640Z] Error writing to Modbus register: no connection to modbus server
[2024-11-29T08:36:52.577Z] Error reading register 6507 for IP 10.30.4.128: no connection to modbus server
[2024-11-29T08:36:52.577Z] Error reading or processing Modbus registers: no connection to modbus server
[2024-11-29T08:36:52.652Z] Error writing to Modbus register: no connection to modbus server
[2024-11-29T08:36:53.585Z] Error reading register 6507 for IP 10.30.4.128: no connection to modbus server
[2024-11-29T08:36:53.585Z] Error reading or processing Modbus registers: no connection to modbus server
[2024-11-29T08:36:53.662Z] Error writing to Modbus register: no connection to modbus server
[2024-11-29T08:36:54.586Z] Error reading register 6507 for IP 10.30.4.128: no connection to modbus server
[2024-11-29T08:36:54.586Z] Error reading or processing Modbus registers: no connection to modbus server
[2024-11-29T08:36:54.663Z] Error writing to Modbus register: no connection to modbus server
[2024-11-29T08:36:55.599Z] Error reading register 6507 for IP 10.30.4.128: no connection to modbus server
[2024-11-29T08:36:55.599Z] Error reading or processing Modbus registers: no connection to modbus server
[2024-11-29T08:36:55.677Z] Error writing to Modbus register: no connection to modbus server
[2024-11-29T08:36:56.600Z] Error reading register 6507 for IP 10.30.4.128: no connection to modbus server
[2024-11-29T08:36:56.600Z] Error reading or processing Modbus registers: no connection to modbus server
[2024-11-29T08:36:56.692Z] Error writing to Modbus register: no connection to modbus server
[2024-11-29T08:36:57.600Z] Error reading register 6507 for IP 10.30.4.128: no connection to modbus server
[2024-11-29T08:36:57.600Z] Error reading or processing Modbus registers: no connection to modbus server
[2024-11-29T08:36:57.707Z] Error writing to Modbus register: no connection to modbus server
[2024-11-29T08:36:58.614Z] Error reading register 6507 for IP 10.30.4.128: no connection to modbus server
[2024-11-29T08:36:58.614Z] Error reading or processing Modbus registers: no connection to modbus server
[2024-11-29T08:36:58.707Z] Error writing to Modbus register: no connection to modbus server
[2024-11-29T08:36:59.627Z] Error reading register 6507 for IP 10.30.4.128: no connection to modbus server
[2024-11-29T08:36:59.627Z] Error reading or processing Modbus registers: no connection to modbus server
[2024-11-29T08:36:59.720Z] Error writing to Modbus register: no connection to modbus server
[2024-11-29T08:37:00.641Z] Error reading register 6507 for IP 10.30.4.128: no connection to modbus server
[2024-11-29T08:37:00.641Z] Error reading or processing Modbus registers: no connection to modbus server
[2024-11-29T08:37:00.732Z] Error writing to Modbus register: no connection to modbus server
[2024-11-29T08:37:01.651Z] Error reading register 6507 for IP 10.30.4.128: no connection to modbus server
[2024-11-29T08:37:01.651Z] Error reading or processing Modbus registers: no connection to modbus server
[2024-11-29T08:37:01.743Z] Error writing to Modbus register: no connection to modbus server
[2024-11-29T08:37:02.661Z] Error reading register 6507 for IP 10.30.4.128: no connection to modbus server
[2024-11-29T08:37:02.661Z] Error reading or processing Modbus registers: no connection to modbus server
[2024-11-29T08:37:02.754Z] Error writing to Modbus register: no connection to modbus server
[2024-11-29T08:37:03.676Z] Error reading register 6507 for IP 10.30.4.128: no connection to modbus server
[2024-11-29T08:37:03.676Z] Error reading or processing Modbus registers: no connection to modbus server
[2024-11-29T08:37:03.768Z] Error writing to Modbus register: no connection to modbus server
[2024-11-29T08:37:04.688Z] Error reading register 6507 for IP 10.30.4.128: no connection to modbus server
[2024-11-29T08:37:04.688Z] Error reading or processing Modbus registers: no connection to modbus server
[2024-11-29T08:37:04.780Z] Error writing to Modbus register: no connection to modbus server
[2024-11-29T08:37:05.702Z] Error reading register 6507 for IP 10.30.4.128: no connection to modbus server
[2024-11-29T08:37:05.702Z] Error reading or processing Modbus registers: no connection to modbus server
[2024-11-29T08:37:05.794Z] Error writing to Modbus register: no connection to modbus server
[2024-11-29T08:37:06.704Z] Error reading register 6507 for IP 10.30.4.128: no connection to modbus server
[2024-11-29T08:37:06.704Z] Error reading or processing Modbus registers: no connection to modbus server
[2024-11-29T08:37:06.796Z] Error writing to Modbus register: no connection to modbus server
[2024-11-29T08:37:07.719Z] Error reading register 6507 for IP 10.30.4.128: no connection to modbus server
[2024-11-29T08:37:07.719Z] Error reading or processing Modbus registers: no connection to modbus server
[2024-11-29T08:37:07.810Z] Error writing to Modbus register: no connection to modbus server
[2024-11-29T08:37:08.734Z] Error reading register 6507 for IP 10.30.4.128: no connection to modbus server
[2024-11-29T08:37:08.734Z] Error reading or processing Modbus registers: no connection to modbus server
[2024-11-29T08:37:08.811Z] Error writing to Modbus register: no connection to modbus server
[2024-11-29T08:37:09.747Z] Error reading register 6507 for IP 10.30.4.128: no connection to modbus server
[2024-11-29T08:37:09.747Z] Error reading or processing Modbus registers: no connection to modbus server
[2024-11-29T08:37:09.824Z] Error writing to Modbus register: no connection to modbus server
[2024-11-29T08:37:10.761Z] Error reading register 6507 for IP 10.30.4.128: no connection to modbus server
[2024-11-29T08:37:10.762Z] Error reading or processing Modbus registers: no connection to modbus server
[2024-11-29T08:37:10.838Z] Error writing to Modbus register: no connection to modbus server
[2024-11-29T08:37:11.773Z] Error reading register 6507 for IP 10.30.4.128: no connection to modbus server
[2024-11-29T08:37:11.773Z] Error reading or processing Modbus registers: no connection to modbus server
[2024-11-29T08:37:11.850Z] Error writing to Modbus register: no connection to modbus server
[2024-11-29T08:37:12.787Z] Error reading register 6507 for IP 10.30.4.128: no connection to modbus server
[2024-11-29T08:37:12.788Z] Error reading or processing Modbus registers: no connection to modbus server
[2024-11-29T08:37:12.864Z] Error writing to Modbus register: no connection to modbus server
[2024-11-29T08:37:13.800Z] Error reading register 6507 for IP 10.30.4.128: no connection to modbus server
[2024-11-29T08:37:13.800Z] Error reading or processing Modbus registers: no connection to modbus server
[2024-11-29T08:37:13.876Z] Error writing to Modbus register: no connection to modbus server
[2024-11-29T08:37:14.806Z] Error reading register 6507 for IP 10.30.4.128: no connection to modbus server
[2024-11-29T08:37:14.806Z] Error reading or processing Modbus registers: no connection to modbus server
[2024-11-29T08:37:14.883Z] Error writing to Modbus register: no connection to modbus server
[2024-11-29T08:37:15.816Z] Error reading register 6507 for IP 10.30.4.128: no connection to modbus server
[2024-11-29T08:37:15.816Z] Error reading or processing Modbus registers: no connection to modbus server
[2024-11-29T08:37:15.893Z] Error writing to Modbus register: no connection to modbus server
[2024-11-29T08:37:16.830Z] Error reading register 6507 for IP 10.30.4.128: no connection to modbus server
[2024-11-29T08:37:16.830Z] Error reading or processing Modbus registers: no connection to modbus server
[2024-11-29T08:37:16.906Z] Error writing to Modbus register: no connection to modbus server
[2024-11-29T08:37:17.842Z] Error reading register 6507 for IP 10.30.4.128: no connection to modbus server
[2024-11-29T08:37:17.842Z] Error reading or processing Modbus registers: no connection to modbus server
[2024-11-29T08:37:17.918Z] Error writing to Modbus register: no connection to modbus server
[2024-11-29T08:37:18.843Z] Error reading register 6507 for IP 10.30.4.128: no connection to modbus server
[2024-11-29T08:37:18.843Z] Error reading or processing Modbus registers: no connection to modbus server
[2024-11-29T08:37:18.919Z] Error writing to Modbus register: no connection to modbus server
[2024-11-29T08:37:19.856Z] Error reading register 6507 for IP 10.30.4.128: no connection to modbus server
[2024-11-29T08:37:19.857Z] Error reading or processing Modbus registers: no connection to modbus server
[2024-11-29T08:37:19.933Z] Error writing to Modbus register: no connection to modbus server
[2024-11-29T08:37:20.871Z] Error reading register 6507 for IP 10.30.4.128: no connection to modbus server
[2024-11-29T08:37:20.871Z] Error reading or processing Modbus registers: no connection to modbus server
[2024-11-29T08:37:20.933Z] Error writing to Modbus register: no connection to modbus server
[2024-11-29T08:37:21.885Z] Error reading register 6507 for IP 10.30.4.128: no connection to modbus server
[2024-11-29T08:37:21.885Z] Error reading or processing Modbus registers: no connection to modbus server
[2024-11-29T08:37:21.946Z] Error writing to Modbus register: no connection to modbus server
[2024-11-29T08:37:22.900Z] Error reading register 6507 for IP 10.30.4.128: no connection to modbus server
[2024-11-29T08:37:22.900Z] Error reading or processing Modbus registers: no connection to modbus server
[2024-11-29T08:37:22.960Z] Error writing to Modbus register: no connection to modbus server
[2024-11-29T08:37:23.912Z] Error reading register 6507 for IP 10.30.4.128: no connection to modbus server
[2024-11-29T08:37:23.912Z] Error reading or processing Modbus registers: no connection to modbus server
[2024-11-29T08:37:23.974Z] Error writing to Modbus register: no connection to modbus server
[2024-11-29T08:37:24.924Z] Error reading register 6507 for IP 10.30.4.128: no connection to modbus server
[2024-11-29T08:37:24.924Z] Error reading or processing Modbus registers: no connection to modbus server
[2024-11-29T08:37:24.987Z] Error writing to Modbus register: no connection to modbus server
[2024-11-29T08:37:25.929Z] Error reading register 6507 for IP 10.30.4.128: no connection to modbus server
[2024-11-29T08:37:25.929Z] Error reading or processing Modbus registers: no connection to modbus server
[2024-11-29T08:37:25.996Z] Error writing to Modbus register: no connection to modbus server
[2024-11-29T08:37:26.943Z] Error reading register 6507 for IP 10.30.4.128: no connection to modbus server
[2024-11-29T08:37:26.943Z] Error reading or processing Modbus registers: no connection to modbus server
[2024-11-29T08:37:27.004Z] Error writing to Modbus register: no connection to modbus server
[2024-11-29T08:37:27.956Z] Error reading register 6507 for IP 10.30.4.128: no connection to modbus server
[2024-11-29T08:37:27.956Z] Error reading or processing Modbus registers: no connection to modbus server
[2024-11-29T08:37:28.018Z] Error writing to Modbus register: no connection to modbus server
[2024-11-29T08:37:28.968Z] Error reading register 6507 for IP 10.30.4.128: no connection to modbus server
[2024-11-29T08:37:28.968Z] Error reading or processing Modbus registers: no connection to modbus server
[2024-11-29T08:37:29.030Z] Error writing to Modbus register: no connection to modbus server
[2024-11-29T08:37:29.968Z] Error reading register 6507 for IP 10.30.4.128: no connection to modbus server
[2024-11-29T08:37:29.968Z] Error reading or processing Modbus registers: no connection to modbus server
[2024-11-29T08:37:30.044Z] Error writing to Modbus register: no connection to modbus server
[2024-11-29T08:37:30.982Z] Error reading register 6507 for IP 10.30.4.128: no connection to modbus server
[2024-11-29T08:37:30.982Z] Error reading or processing Modbus registers: no connection to modbus server
[2024-11-29T08:37:31.044Z] Error writing to Modbus register: no connection to modbus server
[2024-11-29T08:37:31.983Z] Error reading register 6507 for IP 10.30.4.128: no connection to modbus server
[2024-11-29T08:37:31.983Z] Error reading or processing Modbus registers: no connection to modbus server
[2024-11-29T08:37:32.060Z] Error writing to Modbus register: no connection to modbus server
[2024-11-29T08:37:32.986Z] Error reading register 6507 for IP 10.30.4.128: no connection to modbus server
[2024-11-29T08:37:32.986Z] Error reading or processing Modbus registers: no connection to modbus server
[2024-11-29T08:37:33.064Z] Error writing to Modbus register: no connection to modbus server
[2024-11-29T08:37:34.001Z] Error reading register 6507 for IP 10.30.4.128: no connection to modbus server
[2024-11-29T08:37:34.001Z] Error reading or processing Modbus registers: no connection to modbus server
[2024-11-29T08:37:34.078Z] Error writing to Modbus register: no connection to modbus server
[2024-11-29T08:37:35.004Z] Error reading register 6507 for IP 10.30.4.128: no connection to modbus server
[2024-11-29T08:37:35.004Z] Error reading or processing Modbus registers: no connection to modbus server
[2024-11-29T08:37:35.081Z] Error writing to Modbus register: no connection to modbus server
[2024-11-29T08:37:36.006Z] Error reading register 6507 for IP 10.30.4.128: no connection to modbus server
[2024-11-29T08:37:36.006Z] Error reading or processing Modbus registers: no connection to modbus server
[2024-11-29T08:37:36.082Z] Error writing to Modbus register: no connection to modbus server
[2024-11-29T08:37:37.019Z] Error reading register 6507 for IP 10.30.4.128: no connection to modbus server
[2024-11-29T08:37:37.020Z] Error reading or processing Modbus registers: no connection to modbus server
[2024-11-29T08:37:37.096Z] Error writing to Modbus register: no connection to modbus server
[2024-11-29T08:37:38.029Z] Error reading register 6507 for IP 10.30.4.128: no connection to modbus server
[2024-11-29T08:37:38.029Z] Error reading or processing Modbus registers: no connection to modbus server
[2024-11-29T08:37:38.106Z] Error writing to Modbus register: no connection to modbus server
[2024-11-29T08:37:39.043Z] Error reading register 6507 for IP 10.30.4.128: no connection to modbus server
[2024-11-29T08:37:39.043Z] Error reading or processing Modbus registers: no connection to modbus server
[2024-11-29T08:37:39.118Z] Error writing to Modbus register: no connection to modbus server
[2024-11-29T08:37:40.055Z] Error reading register 6507 for IP 10.30.4.128: no connection to modbus server
[2024-11-29T08:37:40.055Z] Error reading or processing Modbus registers: no connection to modbus server
[2024-11-29T08:37:40.132Z] Error writing to Modbus register: no connection to modbus server
[2024-11-29T08:37:41.057Z] Error reading register 6507 for IP 10.30.4.128: no connection to modbus server
[2024-11-29T08:37:41.057Z] Error reading or processing Modbus registers: no connection to modbus server
[2024-11-29T08:37:41.135Z] Error writing to Modbus register: no connection to modbus server
[2024-11-29T08:37:42.070Z] Error reading register 6507 for IP 10.30.4.128: no connection to modbus server
[2024-11-29T08:37:42.070Z] Error reading or processing Modbus registers: no connection to modbus server
[2024-11-29T08:37:42.147Z] Error writing to Modbus register: no connection to modbus server
[2024-11-29T08:37:43.070Z] Error reading register 6507 for IP 10.30.4.128: no connection to modbus server
[2024-11-29T08:37:43.071Z] Error reading or processing Modbus registers: no connection to modbus server
[2024-11-29T08:37:43.148Z] Error writing to Modbus register: no connection to modbus server
[2024-11-29T08:37:44.086Z] Error reading register 6507 for IP 10.30.4.128: no connection to modbus server
[2024-11-29T08:37:44.086Z] Error reading or processing Modbus registers: no connection to modbus server
[2024-11-29T08:37:44.163Z] Error writing to Modbus register: no connection to modbus server
[2024-11-29T08:37:45.099Z] Error reading register 6507 for IP 10.30.4.128: no connection to modbus server
[2024-11-29T08:37:45.099Z] Error reading or processing Modbus registers: no connection to modbus server
[2024-11-29T08:37:45.178Z] Error writing to Modbus register: no connection to modbus server
[2024-11-29T08:37:46.103Z] Error reading register 6507 for IP 10.30.4.128: no connection to modbus server
[2024-11-29T08:37:46.103Z] Error reading or processing Modbus registers: no connection to modbus server
[2024-11-29T08:37:46.179Z] Error writing to Modbus register: no connection to modbus server
[2024-11-29T08:37:47.103Z] Error reading register 6507 for IP 10.30.4.128: no connection to modbus server
[2024-11-29T08:37:47.103Z] Error reading or processing Modbus registers: no connection to modbus server
[2024-11-29T08:37:47.182Z] Error writing to Modbus register: no connection to modbus server
[2024-11-29T08:37:48.103Z] Error reading register 6507 for IP 10.30.4.128: no connection to modbus server
[2024-11-29T08:37:48.104Z] Error reading or processing Modbus registers: no connection to modbus server
[2024-11-29T08:37:48.195Z] Error writing to Modbus register: no connection to modbus server
[2024-11-29T08:37:49.117Z] Error reading register 6507 for IP 10.30.4.128: no connection to modbus server
[2024-11-29T08:37:49.117Z] Error reading or processing Modbus registers: no connection to modbus server
[2024-11-29T08:37:49.210Z] Error writing to Modbus register: no connection to modbus server
[2024-11-29T08:37:50.131Z] Error reading register 6507 for IP 10.30.4.128: no connection to modbus server
[2024-11-29T08:37:50.132Z] Error reading or processing Modbus registers: no connection to modbus server
[2024-11-29T08:37:50.223Z] Error writing to Modbus register: no connection to modbus server
[2024-11-29T08:37:51.146Z] Error reading register 6507 for IP 10.30.4.128: no connection to modbus server
[2024-11-29T08:37:51.146Z] Error reading or processing Modbus registers: no connection to modbus server
[2024-11-29T08:37:51.237Z] Error writing to Modbus register: no connection to modbus server
[2024-11-29T08:37:52.159Z] Error reading register 6507 for IP 10.30.4.128: no connection to modbus server
[2024-11-29T08:37:52.160Z] Error reading or processing Modbus registers: no connection to modbus server
[2024-11-29T08:37:52.237Z] Error writing to Modbus register: no connection to modbus server
[2024-11-29T08:37:53.172Z] Error reading register 6507 for IP 10.30.4.128: no connection to modbus server
[2024-11-29T08:37:53.172Z] Error reading or processing Modbus registers: no connection to modbus server
[2024-11-29T08:37:53.248Z] Error writing to Modbus register: no connection to modbus server
[2024-11-29T08:37:54.177Z] Error reading register 6507 for IP 10.30.4.128: no connection to modbus server
[2024-11-29T08:37:54.177Z] Error reading or processing Modbus registers: no connection to modbus server
[2024-11-29T08:37:54.254Z] Error writing to Modbus register: no connection to modbus server
[2024-11-29T08:37:55.177Z] Error reading register 6507 for IP 10.30.4.128: no connection to modbus server
[2024-11-29T08:37:55.177Z] Error reading or processing Modbus registers: no connection to modbus server
[2024-11-29T08:37:55.270Z] Error writing to Modbus register: no connection to modbus server
[2024-11-29T08:37:56.190Z] Error reading register 6507 for IP 10.30.4.128: no connection to modbus server
[2024-11-29T08:37:56.190Z] Error reading or processing Modbus registers: no connection to modbus server
[2024-11-29T08:37:56.283Z] Error writing to Modbus register: no connection to modbus server
[2024-11-29T08:37:57.191Z] Error reading register 6507 for IP 10.30.4.128: no connection to modbus server
[2024-11-29T08:37:57.191Z] Error reading or processing Modbus registers: no connection to modbus server
[2024-11-29T08:37:57.284Z] Error writing to Modbus register: no connection to modbus server
[2024-11-29T08:37:58.206Z] Error reading register 6507 for IP 10.30.4.128: no connection to modbus server
[2024-11-29T08:37:58.207Z] Error reading or processing Modbus registers: no connection to modbus server
[2024-11-29T08:37:58.297Z] Error writing to Modbus register: no connection to modbus server
[2024-11-29T08:37:59.213Z] Error reading register 6507 for IP 10.30.4.128: no connection to modbus server
[2024-11-29T08:37:59.214Z] Error reading or processing Modbus registers: no connection to modbus server
[2024-11-29T08:37:59.304Z] Error writing to Modbus register: no connection to modbus server
[2024-11-29T08:38:00.229Z] Error reading register 6507 for IP 10.30.4.128: no connection to modbus server
[2024-11-29T08:38:00.229Z] Error reading or processing Modbus registers: no connection to modbus server
[2024-11-29T08:38:00.306Z] Error writing to Modbus register: no connection to modbus server
[2024-11-29T08:38:01.242Z] Error reading register 6507 for IP 10.30.4.128: no connection to modbus server
[2024-11-29T08:38:01.243Z] Error reading or processing Modbus registers: no connection to modbus server
[2024-11-29T08:38:01.318Z] Error writing to Modbus register: no connection to modbus server
[2024-11-29T08:38:02.243Z] Error reading register 6507 for IP 10.30.4.128: no connection to modbus server
[2024-11-29T08:38:02.244Z] Error reading or processing Modbus registers: no connection to modbus server
[2024-11-29T08:38:02.319Z] Error writing to Modbus register: no connection to modbus server
[2024-11-29T08:38:03.246Z] Error reading register 6507 for IP 10.30.4.128: no connection to modbus server
[2024-11-29T08:38:03.246Z] Error reading or processing Modbus registers: no connection to modbus server
[2024-11-29T08:38:03.323Z] Error writing to Modbus register: no connection to modbus server
[2024-11-29T08:38:04.261Z] Error reading register 6507 for IP 10.30.4.128: no connection to modbus server
[2024-11-29T08:38:04.261Z] Error reading or processing Modbus registers: no connection to modbus server
[2024-11-29T08:38:04.337Z] Error writing to Modbus register: no connection to modbus server
[2024-11-29T08:38:05.271Z] Error reading register 6507 for IP 10.30.4.128: no connection to modbus server
[2024-11-29T08:38:05.271Z] Error reading or processing Modbus registers: no connection to modbus server
[2024-11-29T08:38:05.347Z] Error writing to Modbus register: no connection to modbus server
[2024-11-29T08:38:06.283Z] Error reading register 6507 for IP 10.30.4.128: no connection to modbus server
[2024-11-29T08:38:06.284Z] Error reading or processing Modbus registers: no connection to modbus server
[2024-11-29T08:38:06.361Z] Error writing to Modbus register: no connection to modbus server
[2024-11-29T08:38:07.298Z] Error reading register 6507 for IP 10.30.4.128: no connection to modbus server
[2024-11-29T08:38:07.298Z] Error reading or processing Modbus registers: no connection to modbus server
[2024-11-29T08:38:07.375Z] Error writing to Modbus register: no connection to modbus server
[2024-11-29T08:38:08.311Z] Error reading register 6507 for IP 10.30.4.128: no connection to modbus server
[2024-11-29T08:38:08.311Z] Error reading or processing Modbus registers: no connection to modbus server
[2024-11-29T08:38:08.388Z] Error writing to Modbus register: no connection to modbus server
[2024-11-29T08:38:09.324Z] Error reading register 6507 for IP 10.30.4.128: no connection to modbus server
[2024-11-29T08:38:09.324Z] Error reading or processing Modbus registers: no connection to modbus server
[2024-11-29T08:38:09.402Z] Error writing to Modbus register: no connection to modbus server
[2024-11-29T08:38:10.328Z] Error reading register 6507 for IP 10.30.4.128: no connection to modbus server
[2024-11-29T08:38:10.328Z] Error reading or processing Modbus registers: no connection to modbus server
[2024-11-29T08:38:10.405Z] Error writing to Modbus register: no connection to modbus server
[2024-11-29T08:38:11.341Z] Error reading register 6507 for IP 10.30.4.128: no connection to modbus server
[2024-11-29T08:38:11.341Z] Error reading or processing Modbus registers: no connection to modbus server
[2024-11-29T08:38:11.417Z] Error writing to Modbus register: no connection to modbus server
[2024-11-29T08:38:12.356Z] Error reading register 6507 for IP 10.30.4.128: no connection to modbus server
[2024-11-29T08:38:12.356Z] Error reading or processing Modbus registers: no connection to modbus server
[2024-11-29T08:38:12.418Z] Error writing to Modbus register: no connection to modbus server
[2024-11-29T08:38:13.371Z] Error reading register 6507 for IP 10.30.4.128: no connection to modbus server
[2024-11-29T08:38:13.371Z] Error reading or processing Modbus registers: no connection to modbus server
[2024-11-29T08:38:13.433Z] Error writing to Modbus register: no connection to modbus server
[2024-11-29T08:38:14.371Z] Error reading register 6507 for IP 10.30.4.128: no connection to modbus server
[2024-11-29T08:38:14.371Z] Error reading or processing Modbus registers: no connection to modbus server
[2024-11-29T08:38:14.447Z] Error writing to Modbus register: no connection to modbus server
[2024-11-29T08:38:15.384Z] Error reading register 6507 for IP 10.30.4.128: no connection to modbus server
[2024-11-29T08:38:15.384Z] Error reading or processing Modbus registers: no connection to modbus server
[2024-11-29T08:38:15.461Z] Error writing to Modbus register: no connection to modbus server
[2024-11-29T08:38:16.398Z] Error reading register 6507 for IP 10.30.4.128: no connection to modbus server
[2024-11-29T08:38:16.398Z] Error reading or processing Modbus registers: no connection to modbus server
[2024-11-29T08:38:16.476Z] Error writing to Modbus register: no connection to modbus server
[2024-11-29T08:38:17.410Z] Error reading register 6507 for IP 10.30.4.128: no connection to modbus server
[2024-11-29T08:38:17.410Z] Error reading or processing Modbus registers: no connection to modbus server
[2024-11-29T08:38:17.488Z] Error writing to Modbus register: no connection to modbus server
[2024-11-29T08:38:18.424Z] Error reading register 6507 for IP 10.30.4.128: no connection to modbus server
[2024-11-29T08:38:18.424Z] Error reading or processing Modbus registers: no connection to modbus server
[2024-11-29T08:38:18.501Z] Error writing to Modbus register: no connection to modbus server
[2024-11-29T08:38:19.438Z] Error reading register 6507 for IP 10.30.4.128: no connection to modbus server
[2024-11-29T08:38:19.439Z] Error reading or processing Modbus registers: no connection to modbus server
[2024-11-29T08:38:19.515Z] Error writing to Modbus register: no connection to modbus server
[2024-11-29T08:38:20.440Z] Error reading register 6507 for IP 10.30.4.128: no connection to modbus server
[2024-11-29T08:38:20.440Z] Error reading or processing Modbus registers: no connection to modbus server
[2024-11-29T08:38:20.517Z] Error writing to Modbus register: no connection to modbus server
[2024-11-29T08:38:21.441Z] Error reading register 6507 for IP 10.30.4.128: no connection to modbus server
[2024-11-29T08:38:21.441Z] Error reading or processing Modbus registers: no connection to modbus server
[2024-11-29T08:38:21.518Z] Error writing to Modbus register: no connection to modbus server
[2024-11-29T08:38:22.454Z] Error reading register 6507 for IP 10.30.4.128: no connection to modbus server
[2024-11-29T08:38:22.454Z] Error reading or processing Modbus registers: no connection to modbus server
[2024-11-29T08:38:22.531Z] Error writing to Modbus register: no connection to modbus server
[2024-11-29T08:38:23.468Z] Error reading register 6507 for IP 10.30.4.128: no connection to modbus server
[2024-11-29T08:38:23.468Z] Error reading or processing Modbus registers: no connection to modbus server
[2024-11-29T08:38:23.545Z] Error writing to Modbus register: no connection to modbus server
[2024-11-29T08:38:24.474Z] Error reading register 6507 for IP 10.30.4.128: no connection to modbus server
[2024-11-29T08:38:24.474Z] Error reading or processing Modbus registers: no connection to modbus server
[2024-11-29T08:38:24.549Z] Error writing to Modbus register: no connection to modbus server
[2024-11-29T08:38:25.484Z] Error reading register 6507 for IP 10.30.4.128: no connection to modbus server
[2024-11-29T08:38:25.484Z] Error reading or processing Modbus registers: no connection to modbus server
[2024-11-29T08:38:25.560Z] Error writing to Modbus register: no connection to modbus server
[2024-11-29T08:38:26.483Z] Error reading register 6507 for IP 10.30.4.128: no connection to modbus server
[2024-11-29T08:38:26.484Z] Error reading or processing Modbus registers: no connection to modbus server
[2024-11-29T08:38:26.561Z] Error writing to Modbus register: no connection to modbus server
[2024-11-29T08:38:27.497Z] Error reading register 6507 for IP 10.30.4.128: no connection to modbus server
[2024-11-29T08:38:27.497Z] Error reading or processing Modbus registers: no connection to modbus server
[2024-11-29T08:38:27.576Z] Error writing to Modbus register: no connection to modbus server
[2024-11-29T08:38:28.510Z] Error reading register 6507 for IP 10.30.4.128: no connection to modbus server
[2024-11-29T08:38:28.510Z] Error reading or processing Modbus registers: no connection to modbus server
[2024-11-29T08:38:28.586Z] Error writing to Modbus register: no connection to modbus server
[2024-11-29T08:38:29.513Z] Error reading register 6507 for IP 10.30.4.128: no connection to modbus server
[2024-11-29T08:38:29.513Z] Error reading or processing Modbus registers: no connection to modbus server
[2024-11-29T08:38:29.589Z] Error writing to Modbus register: no connection to modbus server
[2024-11-29T08:38:30.527Z] Error reading register 6507 for IP 10.30.4.128: no connection to modbus server
[2024-11-29T08:38:30.527Z] Error reading or processing Modbus registers: no connection to modbus server
[2024-11-29T08:38:30.604Z] Error writing to Modbus register: no connection to modbus server
[2024-11-29T08:38:31.540Z] Error reading register 6507 for IP 10.30.4.128: no connection to modbus server
[2024-11-29T08:38:31.540Z] Error reading or processing Modbus registers: no connection to modbus server
[2024-11-29T08:38:31.618Z] Error writing to Modbus register: no connection to modbus server
[2024-11-29T08:38:32.554Z] Error reading register 6507 for IP 10.30.4.128: no connection to modbus server
[2024-11-29T08:38:32.554Z] Error reading or processing Modbus registers: no connection to modbus server
[2024-11-29T08:38:32.632Z] Error writing to Modbus register: no connection to modbus server
[2024-11-29T08:38:33.569Z] Error reading register 6507 for IP 10.30.4.128: no connection to modbus server
[2024-11-29T08:38:33.569Z] Error reading or processing Modbus registers: no connection to modbus server
[2024-11-29T08:38:33.646Z] Error writing to Modbus register: no connection to modbus server
[2024-11-29T08:38:34.573Z] Error reading register 6507 for IP 10.30.4.128: no connection to modbus server
[2024-11-29T08:38:34.573Z] Error reading or processing Modbus registers: no connection to modbus server
[2024-11-29T08:38:34.648Z] Error writing to Modbus register: no connection to modbus server
[2024-11-29T08:38:35.583Z] Error reading register 6507 for IP 10.30.4.128: no connection to modbus server
[2024-11-29T08:38:35.584Z] Error reading or processing Modbus registers: no connection to modbus server
[2024-11-29T08:38:35.659Z] Error writing to Modbus register: no connection to modbus server
[2024-11-29T08:38:36.594Z] Error reading register 6507 for IP 10.30.4.128: no connection to modbus server
[2024-11-29T08:38:36.594Z] Error reading or processing Modbus registers: no connection to modbus server
[2024-11-29T08:38:36.670Z] Error writing to Modbus register: no connection to modbus server
[2024-11-29T08:38:37.607Z] Error reading register 6507 for IP 10.30.4.128: no connection to modbus server
[2024-11-29T08:38:37.607Z] Error reading or processing Modbus registers: no connection to modbus server
[2024-11-29T08:38:37.683Z] Error writing to Modbus register: no connection to modbus server
[2024-11-29T08:38:38.609Z] Error reading register 6507 for IP 10.30.4.128: no connection to modbus server
[2024-11-29T08:38:38.611Z] Error reading or processing Modbus registers: no connection to modbus server
[2024-11-29T08:38:38.686Z] Error writing to Modbus register: no connection to modbus server
[2024-11-29T08:38:39.622Z] Error reading register 6507 for IP 10.30.4.128: no connection to modbus server
[2024-11-29T08:38:39.622Z] Error reading or processing Modbus registers: no connection to modbus server
[2024-11-29T08:38:39.698Z] Error writing to Modbus register: no connection to modbus server
[2024-11-29T08:38:40.634Z] Error reading register 6507 for IP 10.30.4.128: no connection to modbus server
[2024-11-29T08:38:40.634Z] Error reading or processing Modbus registers: no connection to modbus server
[2024-11-29T08:38:40.711Z] Error writing to Modbus register: no connection to modbus server
[2024-11-29T08:38:41.647Z] Error reading register 6507 for IP 10.30.4.128: no connection to modbus server
[2024-11-29T08:38:41.647Z] Error reading or processing Modbus registers: no connection to modbus server
[2024-11-29T08:38:41.723Z] Error writing to Modbus register: no connection to modbus server
[2024-11-29T08:38:42.658Z] Error reading register 6507 for IP 10.30.4.128: no connection to modbus server
[2024-11-29T08:38:42.658Z] Error reading or processing Modbus registers: no connection to modbus server
[2024-11-29T08:38:42.736Z] Error writing to Modbus register: no connection to modbus server
[2024-11-29T08:38:43.671Z] Error reading register 6507 for IP 10.30.4.128: no connection to modbus server
[2024-11-29T08:38:43.671Z] Error reading or processing Modbus registers: no connection to modbus server
[2024-11-29T08:38:43.748Z] Error writing to Modbus register: no connection to modbus server
[2024-11-29T08:38:44.671Z] Error reading register 6507 for IP 10.30.4.128: no connection to modbus server
[2024-11-29T08:38:44.672Z] Error reading or processing Modbus registers: no connection to modbus server
[2024-11-29T08:38:44.764Z] Error writing to Modbus register: no connection to modbus server
[2024-11-29T08:38:45.673Z] Error reading register 6507 for IP 10.30.4.128: no connection to modbus server
[2024-11-29T08:38:45.674Z] Error reading or processing Modbus registers: no connection to modbus server
[2024-11-29T08:38:45.764Z] Error writing to Modbus register: no connection to modbus server
[2024-11-29T08:45:45.381Z] Device at [object Object] is not reachable. Skipping connection attempt.
[2024-11-29T08:45:55.357Z] Device at [object Object] is not reachable. Skipping connection attempt.
[2024-11-29T08:46:05.361Z] Device at [object Object] is not reachable. Skipping connection attempt.
[2024-11-29T08:46:30.157Z] Device at [object Object] is not reachable. Skipping connection attempt.
[2024-11-29T08:46:42.510Z] Device at [object Object] is not reachable. Skipping connection attempt.
[2024-11-29T08:47:05.753Z] Device at [object Object] is not reachable. Skipping connection attempt.
[2024-11-29T08:47:15.715Z] Device at [object Object] is not reachable. Skipping connection attempt.
[2024-11-29T08:47:25.669Z] Device at [object Object] is not reachable. Skipping connection attempt.
[2024-11-29T08:47:35.722Z] Device at [object Object] is not reachable. Skipping connection attempt.
[2024-11-29T08:47:45.772Z] Device at [object Object] is not reachable. Skipping connection attempt.
[2024-11-29T08:47:55.695Z] Device at [object Object] is not reachable. Skipping connection attempt.
[2024-11-29T08:48:05.748Z] Device at [object Object] is not reachable. Skipping connection attempt.
[2024-11-29T08:48:15.759Z] Device at [object Object] is not reachable. Skipping connection attempt.
[2024-11-29T08:48:25.772Z] Device at [object Object] is not reachable. Skipping connection attempt.
[2024-11-29T08:48:35.761Z] Device at [object Object] is not reachable. Skipping connection attempt.
[2024-11-29T08:48:45.724Z] Device at [object Object] is not reachable. Skipping connection attempt.
[2024-11-29T08:48:55.787Z] Device at [object Object] is not reachable. Skipping connection attempt.
[2024-11-29T08:49:05.745Z] Device at [object Object] is not reachable. Skipping connection attempt.
[2024-11-29T08:49:15.797Z] Device at [object Object] is not reachable. Skipping connection attempt.
[2024-11-29T08:49:25.813Z] Device at [object Object] is not reachable. Skipping connection attempt.
[2024-11-29T08:49:35.818Z] Device at [object Object] is not reachable. Skipping connection attempt.
[2024-11-29T08:49:45.823Z] Device at [object Object] is not reachable. Skipping connection attempt.
[2024-11-29T08:49:55.831Z] Device at [object Object] is not reachable. Skipping connection attempt.
[2024-11-29T08:50:05.847Z] Device at [object Object] is not reachable. Skipping connection attempt.
[2024-11-29T08:50:15.849Z] Device at [object Object] is not reachable. Skipping connection attempt.
[2024-11-29T09:24:37.957Z] Device at 10.30.4.63 is not reachable. Skipping connection attempt.
[2024-11-29T09:24:47.953Z] Device at 10.30.4.63 is not reachable. Skipping connection attempt.
[2024-11-29T09:24:57.957Z] Device at 10.30.4.63 is not reachable. Skipping connection attempt.
[2024-11-29T09:25:07.954Z] Device at 10.30.4.63 is not reachable. Skipping connection attempt.
[2024-11-29T09:25:17.954Z] Device at 10.30.4.63 is not reachable. Skipping connection attempt.
[2024-11-29T09:25:27.955Z] Device at 10.30.4.63 is not reachable. Skipping connection attempt.
[2024-11-29T09:25:37.954Z] Device at 10.30.4.63 is not reachable. Skipping connection attempt.
[2024-11-29T09:25:47.963Z] Device at 10.30.4.63 is not reachable. Skipping connection attempt.
[2024-11-29T09:25:57.963Z] Device at 10.30.4.63 is not reachable. Skipping connection attempt.
[2024-11-29T09:26:07.955Z] Device at 10.30.4.63 is not reachable. Skipping connection attempt.
[2024-11-29T09:26:17.963Z] Device at 10.30.4.63 is not reachable. Skipping connection attempt.
[2024-11-29T09:26:27.965Z] Device at 10.30.4.63 is not reachable. Skipping connection attempt.
[2024-11-29T09:26:37.961Z] Device at 10.30.4.63 is not reachable. Skipping connection attempt.
[2024-11-29T09:26:47.962Z] Device at 10.30.4.63 is not reachable. Skipping connection attempt.
[2024-11-29T09:26:57.961Z] Device at 10.30.4.63 is not reachable. Skipping connection attempt.
[2024-11-29T09:27:07.963Z] Device at 10.30.4.63 is not reachable. Skipping connection attempt.
[2024-11-29T09:27:17.954Z] Device at 10.30.4.63 is not reachable. Skipping connection attempt.
[2024-11-29T09:27:27.965Z] Device at 10.30.4.63 is not reachable. Skipping connection attempt.
[2024-11-29T09:27:37.956Z] Device at 10.30.4.63 is not reachable. Skipping connection attempt.
[2024-11-29T09:27:47.957Z] Device at 10.30.4.63 is not reachable. Skipping connection attempt.
[2024-11-29T09:27:57.966Z] Device at 10.30.4.63 is not reachable. Skipping connection attempt.
[2024-11-29T09:28:07.973Z] Device at 10.30.4.63 is not reachable. Skipping connection attempt.
[2024-11-29T09:28:17.968Z] Device at 10.30.4.63 is not reachable. Skipping connection attempt.
[2024-11-29T09:28:27.963Z] Device at 10.30.4.63 is not reachable. Skipping connection attempt.
[2024-11-29T09:28:37.966Z] Device at 10.30.4.63 is not reachable. Skipping connection attempt.
[2024-11-29T09:28:47.959Z] Device at 10.30.4.63 is not reachable. Skipping connection attempt.
[2024-11-29T09:28:57.958Z] Device at 10.30.4.63 is not reachable. Skipping connection attempt.
[2024-11-29T09:29:07.964Z] Device at 10.30.4.63 is not reachable. Skipping connection attempt.
[2024-11-29T09:29:17.959Z] Device at 10.30.4.63 is not reachable. Skipping connection attempt.
[2024-11-29T09:29:27.963Z] Device at 10.30.4.63 is not reachable. Skipping connection attempt.
[2024-11-29T09:29:37.956Z] Device at 10.30.4.63 is not reachable. Skipping connection attempt.
[2024-11-29T09:29:47.953Z] Device at 10.30.4.63 is not reachable. Skipping connection attempt.
[2024-11-29T09:29:57.952Z] Device at 10.30.4.63 is not reachable. Skipping connection attempt.
[2024-11-29T09:30:07.959Z] Device at 10.30.4.63 is not reachable. Skipping connection attempt.
[2024-11-29T09:30:17.958Z] Device at 10.30.4.63 is not reachable. Skipping connection attempt.
[2024-11-29T09:30:28.464Z] Device at 10.30.4.63 is not reachable. Skipping connection attempt.
[2024-11-29T09:30:38.462Z] Device at 10.30.4.63 is not reachable. Skipping connection attempt.
[2024-11-29T09:30:48.464Z] Device at 10.30.4.63 is not reachable. Skipping connection attempt.
[2024-11-29T09:30:57.958Z] Device at 10.30.4.63 is not reachable. Skipping connection attempt.
[2024-11-29T09:31:08.458Z] Device at 10.30.4.63 is not reachable. Skipping connection attempt.
[2024-11-29T09:31:18.454Z] Device at 10.30.4.63 is not reachable. Skipping connection attempt.
[2024-11-29T09:31:28.462Z] Device at 10.30.4.63 is not reachable. Skipping connection attempt.
[2024-11-29T09:31:38.458Z] Device at 10.30.4.63 is not reachable. Skipping connection attempt.
[2024-11-29T09:31:47.961Z] Device at 10.30.4.63 is not reachable. Skipping connection attempt.
[2024-11-29T09:31:58.458Z] Device at 10.30.4.63 is not reachable. Skipping connection attempt.
[2024-11-29T09:32:08.466Z] Device at 10.30.4.63 is not reachable. Skipping connection attempt.
[2024-11-29T09:32:18.472Z] Device at 10.30.4.63 is not reachable. Skipping connection attempt.
[2024-11-29T09:32:28.459Z] Device at 10.30.4.63 is not reachable. Skipping connection attempt.
[2024-11-29T09:32:38.458Z] Device at 10.30.4.63 is not reachable. Skipping connection attempt.
[2024-11-29T09:32:48.456Z] Device at 10.30.4.63 is not reachable. Skipping connection attempt.
[2024-11-29T09:32:58.465Z] Device at 10.30.4.63 is not reachable. Skipping connection attempt.
[2024-11-29T09:33:08.464Z] Device at 10.30.4.63 is not reachable. Skipping connection attempt.
[2024-11-29T09:33:18.462Z] Device at 10.30.4.63 is not reachable. Skipping connection attempt.
[2024-11-29T09:33:28.456Z] Device at 10.30.4.63 is not reachable. Skipping connection attempt.
[2024-11-29T09:33:38.459Z] Device at 10.30.4.63 is not reachable. Skipping connection attempt.
[2024-11-29T09:33:48.459Z] Device at 10.30.4.63 is not reachable. Skipping connection attempt.
[2024-11-29T09:33:58.454Z] Device at 10.30.4.63 is not reachable. Skipping connection attempt.
[2024-11-29T09:34:08.456Z] Device at 10.30.4.63 is not reachable. Skipping connection attempt.
[2024-11-29T09:34:18.459Z] Device at 10.30.4.63 is not reachable. Skipping connection attempt.
[2024-11-29T09:34:28.454Z] Device at 10.30.4.63 is not reachable. Skipping connection attempt.
[2024-11-29T09:34:38.462Z] Device at 10.30.4.63 is not reachable. Skipping connection attempt.
[2024-11-29T09:34:48.456Z] Device at 10.30.4.63 is not reachable. Skipping connection attempt.
[2024-11-29T09:34:58.451Z] Device at 10.30.4.63 is not reachable. Skipping connection attempt.
[2024-11-29T09:35:08.460Z] Device at 10.30.4.63 is not reachable. Skipping connection attempt.
[2024-11-29T09:35:18.461Z] Device at 10.30.4.63 is not reachable. Skipping connection attempt.
[2024-11-29T09:35:28.454Z] Device at 10.30.4.63 is not reachable. Skipping connection attempt.
[2024-11-29T09:35:38.455Z] Device at 10.30.4.63 is not reachable. Skipping connection attempt.
[2024-11-29T09:35:48.462Z] Device at 10.30.4.63 is not reachable. Skipping connection attempt.
[2024-11-29T09:35:58.463Z] Device at 10.30.4.63 is not reachable. Skipping connection attempt.
[2024-11-29T09:36:08.458Z] Device at 10.30.4.63 is not reachable. Skipping connection attempt.
[2024-11-29T09:36:18.458Z] Device at 10.30.4.63 is not reachable. Skipping connection attempt.
[2024-11-29T09:36:28.461Z] Device at 10.30.4.63 is not reachable. Skipping connection attempt.
[2024-11-29T09:36:38.462Z] Device at 10.30.4.63 is not reachable. Skipping connection attempt.
[2024-11-29T09:36:48.458Z] Device at 10.30.4.63 is not reachable. Skipping connection attempt.
[2024-11-29T09:36:57.460Z] Device at 10.30.4.128 is not reachable. Skipping connection attempt.
[2024-11-29T09:37:00.458Z] Device at 10.30.4.63 is not reachable. Skipping connection attempt.
[2024-11-29T09:37:05.465Z] Device at 10.30.4.128 is not reachable. Skipping connection attempt.
[2024-11-29T09:37:08.456Z] Device at 10.30.4.63 is not reachable. Skipping connection attempt.
[2024-11-29T09:37:15.452Z] Device at 10.30.4.128 is not reachable. Skipping connection attempt.
[2024-11-29T09:37:18.461Z] Device at 10.30.4.63 is not reachable. Skipping connection attempt.
[2024-11-29T09:37:25.459Z] Device at 10.30.4.128 is not reachable. Skipping connection attempt.
[2024-11-29T09:37:28.457Z] Device at 10.30.4.63 is not reachable. Skipping connection attempt.
[2024-11-29T09:37:35.454Z] Device at 10.30.4.63 is not reachable. Skipping connection attempt.
[2024-11-29T09:37:45.459Z] Device at 10.30.4.63 is not reachable. Skipping connection attempt.
[2024-11-29T09:37:55.453Z] Device at 10.30.4.63 is not reachable. Skipping connection attempt.
[2024-11-29T09:38:05.458Z] Device at 10.30.4.63 is not reachable. Skipping connection attempt.
[2024-11-29T09:38:15.452Z] Device at 10.30.4.63 is not reachable. Skipping connection attempt.
[2024-11-29T09:38:25.457Z] Device at 10.30.4.63 is not reachable. Skipping connection attempt.
[2024-11-29T09:38:35.458Z] Device at 10.30.4.63 is not reachable. Skipping connection attempt.
[2024-11-29T09:38:45.453Z] Device at 10.30.4.63 is not reachable. Skipping connection attempt.
[2024-11-29T09:38:55.464Z] Device at 10.30.4.63 is not reachable. Skipping connection attempt.
[2024-11-29T09:39:05.460Z] Device at 10.30.4.63 is not reachable. Skipping connection attempt.
[2024-11-29T09:39:15.460Z] Device at 10.30.4.63 is not reachable. Skipping connection attempt.
[2024-11-29T09:39:25.458Z] Device at 10.30.4.63 is not reachable. Skipping connection attempt.
[2024-11-29T09:39:35.467Z] Device at 10.30.4.63 is not reachable. Skipping connection attempt.
[2024-11-29T09:39:45.459Z] Device at 10.30.4.63 is not reachable. Skipping connection attempt.
[2024-11-29T09:39:55.456Z] Device at 10.30.4.63 is not reachable. Skipping connection attempt.
[2024-11-29T09:40:05.464Z] Device at 10.30.4.63 is not reachable. Skipping connection attempt.
[2024-11-29T09:40:15.457Z] Device at 10.30.4.63 is not reachable. Skipping connection attempt.
[2024-11-29T09:40:25.957Z] Device at 10.30.4.63 is not reachable. Skipping connection attempt.
[2024-11-29T09:40:35.454Z] Device at 10.30.4.63 is not reachable. Skipping connection attempt.
[2024-11-29T09:40:45.959Z] Device at 10.30.4.63 is not reachable. Skipping connection attempt.
[2024-11-29T09:40:55.459Z] Device at 10.30.4.63 is not reachable. Skipping connection attempt.
[2024-11-29T09:41:05.963Z] Device at 10.30.4.63 is not reachable. Skipping connection attempt.
[2024-11-29T09:41:15.953Z] Device at 10.30.4.63 is not reachable. Skipping connection attempt.
[2024-11-29T09:41:25.963Z] Device at 10.30.4.63 is not reachable. Skipping connection attempt.
[2024-11-29T09:41:35.952Z] Device at 10.30.4.63 is not reachable. Skipping connection attempt.
[2024-11-29T09:41:45.954Z] Device at 10.30.4.63 is not reachable. Skipping connection attempt.
[2024-11-29T09:41:55.964Z] Device at 10.30.4.63 is not reachable. Skipping connection attempt.
[2024-11-29T09:42:05.973Z] Device at 10.30.4.63 is not reachable. Skipping connection attempt.
[2024-11-29T09:42:15.967Z] Device at 10.30.4.63 is not reachable. Skipping connection attempt.
[2024-11-29T09:42:25.955Z] Device at 10.30.4.63 is not reachable. Skipping connection attempt.
[2024-11-29T09:42:35.951Z] Device at 10.30.4.63 is not reachable. Skipping connection attempt.
[2024-11-29T09:42:45.964Z] Device at 10.30.4.63 is not reachable. Skipping connection attempt.
[2024-11-29T09:42:55.949Z] Device at 10.30.4.63 is not reachable. Skipping connection attempt.
[2024-11-29T09:43:05.958Z] Device at 10.30.4.63 is not reachable. Skipping connection attempt.
[2024-11-29T09:43:15.962Z] Device at 10.30.4.63 is not reachable. Skipping connection attempt.
[2024-11-29T09:43:25.955Z] Device at 10.30.4.63 is not reachable. Skipping connection attempt.
[2024-11-29T09:43:35.957Z] Device at 10.30.4.63 is not reachable. Skipping connection attempt.
[2024-11-29T09:43:45.953Z] Device at 10.30.4.63 is not reachable. Skipping connection attempt.
[2024-11-29T09:43:55.971Z] Device at 10.30.4.63 is not reachable. Skipping connection attempt.
[2024-11-29T09:44:05.954Z] Device at 10.30.4.63 is not reachable. Skipping connection attempt.
[2024-11-29T09:44:15.967Z] Device at 10.30.4.63 is not reachable. Skipping connection attempt.
[2024-11-29T09:44:25.955Z] Device at 10.30.4.63 is not reachable. Skipping connection attempt.
[2024-11-29T09:44:35.958Z] Device at 10.30.4.63 is not reachable. Skipping connection attempt.
[2024-11-29T09:44:45.964Z] Device at 10.30.4.63 is not reachable. Skipping connection attempt.
[2024-11-29T09:44:55.951Z] Device at 10.30.4.63 is not reachable. Skipping connection attempt.
[2024-11-29T09:45:05.957Z] Device at 10.30.4.63 is not reachable. Skipping connection attempt.
[2024-11-29T09:45:15.961Z] Device at 10.30.4.63 is not reachable. Skipping connection attempt.
[2024-11-29T09:45:25.953Z] Device at 10.30.4.63 is not reachable. Skipping connection attempt.
[2024-11-29T09:45:35.949Z] Device at 10.30.4.63 is not reachable. Skipping connection attempt.
[2024-11-29T09:45:45.953Z] Device at 10.30.4.63 is not reachable. Skipping connection attempt.
[2024-11-29T09:45:55.949Z] Device at 10.30.4.63 is not reachable. Skipping connection attempt.
[2024-11-29T09:46:05.950Z] Device at 10.30.4.63 is not reachable. Skipping connection attempt.
[2024-11-29T09:46:15.953Z] Device at 10.30.4.63 is not reachable. Skipping connection attempt.
[2024-11-29T09:46:25.959Z] Device at 10.30.4.63 is not reachable. Skipping connection attempt.
[2024-11-29T09:46:35.947Z] Device at 10.30.4.63 is not reachable. Skipping connection attempt.
[2024-11-29T09:46:45.960Z] Device at 10.30.4.63 is not reachable. Skipping connection attempt.
[2024-11-29T09:46:55.955Z] Device at 10.30.4.63 is not reachable. Skipping connection attempt.
[2024-11-29T09:47:05.962Z] Device at 10.30.4.63 is not reachable. Skipping connection attempt.
[2024-11-29T09:47:15.952Z] Device at 10.30.4.63 is not reachable. Skipping connection attempt.
[2024-11-29T09:47:25.953Z] Device at 10.30.4.63 is not reachable. Skipping connection attempt.
[2024-11-29T09:47:35.964Z] Device at 10.30.4.63 is not reachable. Skipping connection attempt.
[2024-11-29T09:47:45.960Z] Device at 10.30.4.63 is not reachable. Skipping connection attempt.
[2024-11-29T09:47:51.850Z] Error reading or processing Modbus registers: Req timed out
[2024-11-29T09:47:57.956Z] Device at 10.30.4.128 is not reachable. Skipping connection attempt.
[2024-11-29T09:48:00.961Z] Device at 10.30.4.63 is not reachable. Skipping connection attempt.
[2024-11-29T09:48:05.952Z] Device at 10.30.4.128 is not reachable. Skipping connection attempt.
[2024-11-29T09:48:06.862Z] Error reading register 6507 for IP 10.30.4.128: Req timed out
[2024-11-29T09:48:08.410Z] Unable to connect to device at 10.30.4.128: read ECONNRESET
[2024-11-29T09:48:08.412Z] Error reading register 6507 for IP 10.30.4.128: rejecting because of earlier OutOfSync error
[2024-11-29T09:48:08.412Z] Error writing to Modbus register: rejecting because of earlier OutOfSync error
[2024-11-29T09:48:08.412Z] Error reading register 6507 for IP 10.30.4.128: rejecting because of earlier OutOfSync error
[2024-11-29T09:48:08.413Z] Error writing to Modbus register: rejecting because of earlier OutOfSync error
[2024-11-29T09:48:08.413Z] Error reading register 6507 for IP 10.30.4.128: rejecting because of earlier OutOfSync error
[2024-11-29T09:48:08.413Z] Error writing to Modbus register: rejecting because of earlier OutOfSync error
[2024-11-29T09:48:08.413Z] Error reading register 6507 for IP 10.30.4.128: rejecting because of earlier OutOfSync error
[2024-11-29T09:48:08.413Z] Error writing to Modbus register: rejecting because of earlier OutOfSync error
[2024-11-29T09:48:08.413Z] Error reading register 6507 for IP 10.30.4.128: rejecting because of earlier OutOfSync error
[2024-11-29T09:48:08.412Z] Error writing to Modbus register: rejecting because of earlier OutOfSync error
[2024-11-29T09:48:08.413Z] Error writing to Modbus register: rejecting because of earlier OutOfSync error
[2024-11-29T09:48:08.413Z] Error reading register 6507 for IP 10.30.4.128: rejecting because of earlier OutOfSync error
[2024-11-29T09:48:08.413Z] Error writing to Modbus register: rejecting because of earlier OutOfSync error
[2024-11-29T09:48:08.413Z] Error reading register 6507 for IP 10.30.4.128: rejecting because of earlier OutOfSync error
[2024-11-29T09:48:08.413Z] Error reading register 6507 for IP 10.30.4.128: rejecting because of earlier OutOfSync error
[2024-11-29T09:48:08.413Z] Error writing to Modbus register: rejecting because of earlier OutOfSync error
[2024-11-29T09:48:08.413Z] Error reading register 6507 for IP 10.30.4.128: rejecting because of earlier OutOfSync error
[2024-11-29T09:48:08.413Z] Error writing to Modbus register: rejecting because of earlier OutOfSync error
[2024-11-29T09:48:08.413Z] Error writing to Modbus register: rejecting because of earlier OutOfSync error
[2024-11-29T09:48:08.413Z] Error reading register 6507 for IP 10.30.4.128: rejecting because of earlier OutOfSync error
[2024-11-29T09:48:08.413Z] Error writing to Modbus register: rejecting because of earlier OutOfSync error
[2024-11-29T09:48:08.413Z] Error reading register 6507 for IP 10.30.4.128: rejecting because of earlier OutOfSync error
[2024-11-29T09:48:08.413Z] Error reading register 6507 for IP 10.30.4.128: rejecting because of earlier OutOfSync error
[2024-11-29T09:48:08.414Z] Error writing to Modbus register: rejecting because of earlier OutOfSync error
[2024-11-29T09:48:08.414Z] Error reading register 6507 for IP 10.30.4.128: rejecting because of earlier OutOfSync error
[2024-11-29T09:48:08.414Z] Error writing to Modbus register: rejecting because of earlier OutOfSync error
[2024-11-29T09:48:08.414Z] Error reading register 6507 for IP 10.30.4.128: rejecting because of earlier OutOfSync error
[2024-11-29T09:48:08.414Z] Error writing to Modbus register: rejecting because of earlier OutOfSync error
[2024-11-29T09:48:08.413Z] Error writing to Modbus register: rejecting because of earlier OutOfSync error
[2024-11-29T09:48:08.414Z] Error writing to Modbus register: rejecting because of earlier OutOfSync error
[2024-11-29T09:48:08.414Z] Error reading register 6507 for IP 10.30.4.128: rejecting because of earlier OutOfSync error
[2024-11-29T09:48:08.414Z] Error reading register 6507 for IP 10.30.4.128: rejecting because of earlier OutOfSync error
[2024-11-29T09:48:08.414Z] Error writing to Modbus register: rejecting because of earlier OutOfSync error
[2024-11-29T09:48:08.414Z] Error reading register 6507 for IP 10.30.4.128: rejecting because of earlier OutOfSync error
[2024-11-29T09:48:08.414Z] Error reading register 6507 for IP 10.30.4.128: rejecting because of earlier OutOfSync error
[2024-11-29T09:48:08.414Z] Error writing to Modbus register: rejecting because of earlier OutOfSync error
[2024-11-29T09:48:08.414Z] Error writing to Modbus register: rejecting because of earlier OutOfSync error
[2024-11-29T09:48:08.414Z] Error reading register 6507 for IP 10.30.4.128: rejecting because of earlier OutOfSync error
[2024-11-29T09:48:08.414Z] Error writing to Modbus register: rejecting because of earlier OutOfSync error
[2024-11-29T09:48:08.414Z] Error writing to Modbus register: rejecting because of earlier OutOfSync error
[2024-11-29T09:48:08.414Z] Error reading register 6507 for IP 10.30.4.128: rejecting because of earlier OutOfSync error
[2024-11-29T09:48:08.414Z] Error writing to Modbus register: rejecting because of earlier OutOfSync error
[2024-11-29T09:48:08.414Z] Error reading register 6507 for IP 10.30.4.128: rejecting because of earlier OutOfSync error
[2024-11-29T09:48:08.414Z] Error reading or processing Modbus registers: rejecting because of earlier OutOfSync error
[2024-11-29T09:48:08.415Z] Error reading or processing Modbus registers: rejecting because of earlier OutOfSync error
[2024-11-29T09:48:08.415Z] Error reading or processing Modbus registers: rejecting because of earlier OutOfSync error
[2024-11-29T09:48:08.415Z] Error reading or processing Modbus registers: rejecting because of earlier OutOfSync error
[2024-11-29T09:48:08.415Z] Error reading or processing Modbus registers: rejecting because of earlier OutOfSync error
[2024-11-29T09:48:08.415Z] Error reading or processing Modbus registers: rejecting because of earlier OutOfSync error
[2024-11-29T09:48:08.415Z] Error reading or processing Modbus registers: rejecting because of earlier OutOfSync error
[2024-11-29T09:48:08.415Z] Error reading or processing Modbus registers: rejecting because of earlier OutOfSync error
[2024-11-29T09:48:08.414Z] Error reading or processing Modbus registers: rejecting because of earlier OutOfSync error
[2024-11-29T09:48:08.415Z] Error reading or processing Modbus registers: rejecting because of earlier OutOfSync error
[2024-11-29T09:48:08.415Z] Error reading or processing Modbus registers: rejecting because of earlier OutOfSync error
[2024-11-29T09:48:08.415Z] Error reading or processing Modbus registers: rejecting because of earlier OutOfSync error
[2024-11-29T09:48:08.415Z] Error reading or processing Modbus registers: rejecting because of earlier OutOfSync error
[2024-11-29T09:48:08.415Z] Error reading or processing Modbus registers: rejecting because of earlier OutOfSync error
[2024-11-29T09:48:08.415Z] Error reading or processing Modbus registers: rejecting because of earlier OutOfSync error
[2024-11-29T09:48:08.415Z] Error reading or processing Modbus registers: rejecting because of earlier OutOfSync error
[2024-11-29T09:48:08.415Z] Error reading or processing Modbus registers: rejecting because of earlier OutOfSync error
[2024-11-29T09:48:08.415Z] Error reading or processing Modbus registers: rejecting because of earlier OutOfSync error
[2024-11-29T09:48:08.415Z] Error reading or processing Modbus registers: rejecting because of earlier OutOfSync error
[2024-11-29T09:48:08.415Z] Error reading or processing Modbus registers: rejecting because of earlier OutOfSync error
[2024-11-29T09:48:08.415Z] Error reading or processing Modbus registers: rejecting because of earlier OutOfSync error
[2024-11-29T09:48:08.961Z] Device at 10.30.4.63 is not reachable. Skipping connection attempt.
[2024-11-29T09:48:09.041Z] Error reading register 6507 for IP 10.30.4.128: no connection to modbus server
[2024-11-29T09:48:09.041Z] Error reading or processing Modbus registers: no connection to modbus server
[2024-11-29T09:48:09.055Z] Error writing to Modbus register: no connection to modbus server
[2024-11-29T09:48:10.052Z] Error reading register 6507 for IP 10.30.4.128: no connection to modbus server
[2024-11-29T09:48:10.052Z] Error reading or processing Modbus registers: no connection to modbus server
[2024-11-29T09:48:10.066Z] Error writing to Modbus register: no connection to modbus server
[2024-11-29T09:48:11.063Z] Error reading register 6507 for IP 10.30.4.128: no connection to modbus server
[2024-11-29T09:48:11.064Z] Error reading or processing Modbus registers: no connection to modbus server
[2024-11-29T09:48:11.078Z] Error writing to Modbus register: no connection to modbus server
[2024-11-29T09:48:12.077Z] Error reading register 6507 for IP 10.30.4.128: no connection to modbus server
[2024-11-29T09:48:12.077Z] Error reading or processing Modbus registers: no connection to modbus server
[2024-11-29T09:48:12.078Z] Error writing to Modbus register: no connection to modbus server
[2024-11-29T09:48:13.087Z] Error reading register 6507 for IP 10.30.4.128: no connection to modbus server
[2024-11-29T09:48:13.087Z] Error reading or processing Modbus registers: no connection to modbus server
[2024-11-29T09:48:13.087Z] Error writing to Modbus register: no connection to modbus server
[2024-11-29T09:48:14.102Z] Error reading register 6507 for IP 10.30.4.128: no connection to modbus server
[2024-11-29T09:48:14.102Z] Error reading or processing Modbus registers: no connection to modbus server
[2024-11-29T09:48:14.103Z] Error writing to Modbus register: no connection to modbus server
[2024-11-29T09:48:15.115Z] Error reading register 6507 for IP 10.30.4.128: no connection to modbus server
[2024-11-29T09:48:15.115Z] Error reading or processing Modbus registers: no connection to modbus server
[2024-11-29T09:48:15.116Z] Error writing to Modbus register: no connection to modbus server
[2024-11-29T09:48:15.964Z] Device at 10.30.4.128 is not reachable. Skipping connection attempt.
[2024-11-29T09:48:16.129Z] Error reading register 6507 for IP 10.30.4.128: no connection to modbus server
[2024-11-29T09:48:16.129Z] Error reading or processing Modbus registers: no connection to modbus server
[2024-11-29T09:48:16.129Z] Error writing to Modbus register: no connection to modbus server
[2024-11-29T09:48:17.145Z] Error reading register 6507 for IP 10.30.4.128: no connection to modbus server
[2024-11-29T09:48:17.146Z] Error reading or processing Modbus registers: no connection to modbus server
[2024-11-29T09:48:17.154Z] Error writing to Modbus register: no connection to modbus server
[2024-11-29T09:48:18.153Z] Error reading register 6507 for IP 10.30.4.128: no connection to modbus server
[2024-11-29T09:48:18.153Z] Error reading or processing Modbus registers: no connection to modbus server
[2024-11-29T09:48:18.153Z] Error writing to Modbus register: no connection to modbus server
[2024-11-29T09:48:32.948Z] Device at 10.30.4.128 is not reachable. Skipping connection attempt.
[2024-11-29T09:48:35.959Z] Device at 10.30.4.63 is not reachable. Skipping connection attempt.
[2024-11-29T09:48:42.960Z] Device at 10.30.4.128 is not reachable. Skipping connection attempt.
[2024-11-29T09:48:45.954Z] Device at 10.30.4.63 is not reachable. Skipping connection attempt.
[2024-11-29T09:48:52.968Z] Device at 10.30.4.128 is not reachable. Skipping connection attempt.
[2024-11-29T09:48:55.952Z] Device at 10.30.4.63 is not reachable. Skipping connection attempt.
[2024-11-29T09:49:02.968Z] Device at 10.30.4.63 is not reachable. Skipping connection attempt.
[2024-11-29T09:49:12.962Z] Device at 10.30.4.63 is not reachable. Skipping connection attempt.
[2024-11-29T09:49:22.962Z] Device at 10.30.4.63 is not reachable. Skipping connection attempt.
[2024-11-29T09:49:32.956Z] Device at 10.30.4.63 is not reachable. Skipping connection attempt.
[2024-11-29T09:49:42.955Z] Device at 10.30.4.63 is not reachable. Skipping connection attempt.
[2024-11-29T09:49:52.961Z] Device at 10.30.4.63 is not reachable. Skipping connection attempt.
[2024-11-29T09:50:02.954Z] Device at 10.30.4.63 is not reachable. Skipping connection attempt.
[2024-11-29T09:50:12.961Z] Device at 10.30.4.63 is not reachable. Skipping connection attempt.
[2024-11-29T09:50:22.949Z] Device at 10.30.4.63 is not reachable. Skipping connection attempt.
[2024-11-29T09:50:32.952Z] Device at 10.30.4.63 is not reachable. Skipping connection attempt.
[2024-11-29T09:50:42.955Z] Device at 10.30.4.63 is not reachable. Skipping connection attempt.
[2024-11-29T09:50:52.948Z] Device at 10.30.4.63 is not reachable. Skipping connection attempt.
[2024-11-29T09:51:02.958Z] Device at 10.30.4.63 is not reachable. Skipping connection attempt.
[2024-11-29T09:51:06.535Z] Error reading or processing Modbus registers: Req timed out
[2024-11-29T09:51:26.953Z] Device at 10.30.4.128 is not reachable. Skipping connection attempt.
[2024-11-29T09:51:29.960Z] Device at 10.30.4.63 is not reachable. Skipping connection attempt.
[2024-11-29T09:51:36.952Z] Device at 10.30.4.128 is not reachable. Skipping connection attempt.
[2024-11-29T09:51:39.957Z] Device at 10.30.4.63 is not reachable. Skipping connection attempt.
[2024-11-29T09:51:46.955Z] Device at 10.30.4.128 is not reachable. Skipping connection attempt.
[2024-11-29T09:51:49.951Z] Device at 10.30.4.63 is not reachable. Skipping connection attempt.
[2024-11-29T09:51:56.958Z] Device at 10.30.4.128 is not reachable. Skipping connection attempt.
[2024-11-29T09:51:59.960Z] Device at 10.30.4.63 is not reachable. Skipping connection attempt.
[2024-11-29T09:52:06.959Z] Device at 10.30.4.128 is not reachable. Skipping connection attempt.
[2024-11-29T09:52:09.953Z] Device at 10.30.4.63 is not reachable. Skipping connection attempt.
[2024-11-29T09:52:16.945Z] Device at 10.30.4.128 is not reachable. Skipping connection attempt.
[2024-11-29T09:52:19.960Z] Device at 10.30.4.63 is not reachable. Skipping connection attempt.
[2024-11-29T09:52:26.948Z] Device at 10.30.4.128 is not reachable. Skipping connection attempt.
[2024-11-29T09:52:29.948Z] Device at 10.30.4.63 is not reachable. Skipping connection attempt.
[2024-11-29T09:52:36.950Z] Device at 10.30.4.63 is not reachable. Skipping connection attempt.
[2024-11-29T09:52:46.956Z] Device at 10.30.4.63 is not reachable. Skipping connection attempt.
[2024-11-29T09:52:56.959Z] Device at 10.30.4.63 is not reachable. Skipping connection attempt.
[2024-11-29T09:53:06.956Z] Device at 10.30.4.63 is not reachable. Skipping connection attempt.
[2024-11-29T09:53:16.952Z] Device at 10.30.4.63 is not reachable. Skipping connection attempt.
[2024-11-29T09:53:26.947Z] Device at 10.30.4.63 is not reachable. Skipping connection attempt.
[2024-11-29T09:53:36.951Z] Device at 10.30.4.63 is not reachable. Skipping connection attempt.
[2024-11-29T09:53:46.955Z] Device at 10.30.4.63 is not reachable. Skipping connection attempt.
[2024-11-29T09:53:56.949Z] Device at 10.30.4.63 is not reachable. Skipping connection attempt.
[2024-11-29T09:54:06.960Z] Device at 10.30.4.63 is not reachable. Skipping connection attempt.
[2024-11-29T09:54:16.957Z] Device at 10.30.4.63 is not reachable. Skipping connection attempt.
[2024-11-29T09:54:26.962Z] Device at 10.30.4.63 is not reachable. Skipping connection attempt.
[2024-11-29T09:54:36.955Z] Device at 10.30.4.63 is not reachable. Skipping connection attempt.
[2024-11-29T09:54:46.949Z] Device at 10.30.4.63 is not reachable. Skipping connection attempt.
[2024-11-29T09:54:56.954Z] Device at 10.30.4.63 is not reachable. Skipping connection attempt.
[2024-11-29T09:55:06.948Z] Device at 10.30.4.63 is not reachable. Skipping connection attempt.
[2024-11-29T09:55:16.959Z] Device at 10.30.4.63 is not reachable. Skipping connection attempt.
[2024-11-29T09:55:26.955Z] Device at 10.30.4.63 is not reachable. Skipping connection attempt.
[2024-11-29T09:55:36.961Z] Device at 10.30.4.63 is not reachable. Skipping connection attempt.
[2024-11-29T09:55:46.953Z] Device at 10.30.4.63 is not reachable. Skipping connection attempt.
[2024-11-29T09:55:56.958Z] Device at 10.30.4.63 is not reachable. Skipping connection attempt.
[2024-11-29T09:56:06.958Z] Device at 10.30.4.63 is not reachable. Skipping connection attempt.
[2024-11-29T09:56:17.451Z] Device at 10.30.4.63 is not reachable. Skipping connection attempt.
[2024-11-29T09:56:26.950Z] Device at 10.30.4.63 is not reachable. Skipping connection attempt.
[2024-11-29T09:56:36.961Z] Device at 10.30.4.63 is not reachable. Skipping connection attempt.
[2024-11-29T09:56:46.960Z] Device at 10.30.4.63 is not reachable. Skipping connection attempt.
[2024-11-29T09:56:56.976Z] Device at 10.30.4.63 is not reachable. Skipping connection attempt.
[2024-11-29T09:57:06.953Z] Device at 10.30.4.63 is not reachable. Skipping connection attempt.
[2024-11-29T09:57:10.954Z] Device at 10.30.4.63 is not reachable. Skipping connection attempt.
[2024-11-29T09:57:20.948Z] Device at 10.30.4.63 is not reachable. Skipping connection attempt.
[2024-11-29T09:57:30.954Z] Device at 10.30.4.63 is not reachable. Skipping connection attempt.
[2024-11-29T09:57:41.610Z] Error reading or processing Modbus registers: Req timed out
[2024-11-29T09:57:42.960Z] Device at 10.30.4.128 is not reachable. Skipping connection attempt.
[2024-11-29T09:57:45.954Z] Device at 10.30.4.63 is not reachable. Skipping connection attempt.
[2024-11-29T09:57:48.954Z] Device at 10.30.4.128 is not reachable. Skipping connection attempt.
[2024-11-29T09:57:51.958Z] Device at 10.30.4.63 is not reachable. Skipping connection attempt.
[2024-11-29T09:57:55.568Z] Unable to connect to device at 10.30.4.128: read ECONNRESET
[2024-11-29T09:57:55.572Z] Error reading register 6507 for IP 10.30.4.128: connection to modbus server closed
[2024-11-29T09:57:55.572Z] Error writing to Modbus register: rejecting because of earlier OutOfSync error
[2024-11-29T09:57:55.573Z] Error reading register 6507 for IP 10.30.4.128: rejecting because of earlier OutOfSync error
[2024-11-29T09:57:55.573Z] Error writing to Modbus register: rejecting because of earlier OutOfSync error
[2024-11-29T09:57:55.573Z] Error reading register 6507 for IP 10.30.4.128: rejecting because of earlier OutOfSync error
[2024-11-29T09:57:55.573Z] Error writing to Modbus register: rejecting because of earlier OutOfSync error
[2024-11-29T09:57:55.573Z] Error reading register 6507 for IP 10.30.4.128: rejecting because of earlier OutOfSync error
[2024-11-29T09:57:55.573Z] Error writing to Modbus register: rejecting because of earlier OutOfSync error
[2024-11-29T09:57:55.573Z] Error reading register 6507 for IP 10.30.4.128: rejecting because of earlier OutOfSync error
[2024-11-29T09:57:55.573Z] Error writing to Modbus register: rejecting because of earlier OutOfSync error
[2024-11-29T09:57:55.574Z] Error reading register 6507 for IP 10.30.4.128: rejecting because of earlier OutOfSync error
[2024-11-29T09:57:55.574Z] Error writing to Modbus register: rejecting because of earlier OutOfSync error
[2024-11-29T09:57:55.574Z] Error reading register 6507 for IP 10.30.4.128: rejecting because of earlier OutOfSync error
[2024-11-29T09:57:55.574Z] Error writing to Modbus register: rejecting because of earlier OutOfSync error
[2024-11-29T09:57:55.574Z] Error reading register 6507 for IP 10.30.4.128: rejecting because of earlier OutOfSync error
[2024-11-29T09:57:55.574Z] Error writing to Modbus register: rejecting because of earlier OutOfSync error
[2024-11-29T09:57:55.574Z] Error reading register 6507 for IP 10.30.4.128: rejecting because of earlier OutOfSync error
[2024-11-29T09:57:55.574Z] Error reading register 6507 for IP 10.30.4.128: rejecting because of earlier OutOfSync error
[2024-11-29T09:57:55.574Z] Error reading register 6507 for IP 10.30.4.128: rejecting because of earlier OutOfSync error
[2024-11-29T09:57:55.574Z] Error writing to Modbus register: rejecting because of earlier OutOfSync error
[2024-11-29T09:57:55.574Z] Error writing to Modbus register: rejecting because of earlier OutOfSync error
[2024-11-29T09:57:55.574Z] Error writing to Modbus register: rejecting because of earlier OutOfSync error
[2024-11-29T09:57:55.574Z] Error reading register 6507 for IP 10.30.4.128: rejecting because of earlier OutOfSync error
[2024-11-29T09:57:55.574Z] Error reading register 6507 for IP 10.30.4.128: rejecting because of earlier OutOfSync error
[2024-11-29T09:57:55.574Z] Error writing to Modbus register: rejecting because of earlier OutOfSync error
[2024-11-29T09:57:55.574Z] Error reading register 6507 for IP 10.30.4.128: rejecting because of earlier OutOfSync error
[2024-11-29T09:57:55.575Z] Error writing to Modbus register: rejecting because of earlier OutOfSync error
[2024-11-29T09:57:55.574Z] Error writing to Modbus register: rejecting because of earlier OutOfSync error
[2024-11-29T09:57:55.575Z] Error reading register 6507 for IP 10.30.4.128: rejecting because of earlier OutOfSync error
[2024-11-29T09:57:55.575Z] Error writing to Modbus register: rejecting because of earlier OutOfSync error
[2024-11-29T09:57:55.575Z] Error reading register 6507 for IP 10.30.4.128: rejecting because of earlier OutOfSync error
[2024-11-29T09:57:55.575Z] Error writing to Modbus register: rejecting because of earlier OutOfSync error
[2024-11-29T09:57:55.575Z] Error reading register 6507 for IP 10.30.4.128: rejecting because of earlier OutOfSync error
[2024-11-29T09:57:55.575Z] Error writing to Modbus register: rejecting because of earlier OutOfSync error
[2024-11-29T09:57:55.575Z] Error reading register 6507 for IP 10.30.4.128: rejecting because of earlier OutOfSync error
[2024-11-29T09:57:55.575Z] Error writing to Modbus register: rejecting because of earlier OutOfSync error
[2024-11-29T09:57:55.575Z] Error reading register 6507 for IP 10.30.4.128: rejecting because of earlier OutOfSync error
[2024-11-29T09:57:55.575Z] Error writing to Modbus register: rejecting because of earlier OutOfSync error
[2024-11-29T09:57:55.575Z] Error reading or processing Modbus registers: rejecting because of earlier OutOfSync error
[2024-11-29T09:57:55.575Z] Error reading or processing Modbus registers: rejecting because of earlier OutOfSync error
[2024-11-29T09:57:55.575Z] Error reading or processing Modbus registers: rejecting because of earlier OutOfSync error
[2024-11-29T09:57:55.575Z] Error reading or processing Modbus registers: rejecting because of earlier OutOfSync error
[2024-11-29T09:57:55.575Z] Error reading or processing Modbus registers: rejecting because of earlier OutOfSync error
[2024-11-29T09:57:55.575Z] Error reading or processing Modbus registers: rejecting because of earlier OutOfSync error
[2024-11-29T09:57:55.575Z] Error reading or processing Modbus registers: rejecting because of earlier OutOfSync error
[2024-11-29T09:57:55.575Z] Error reading or processing Modbus registers: rejecting because of earlier OutOfSync error
[2024-11-29T09:57:55.575Z] Error reading or processing Modbus registers: rejecting because of earlier OutOfSync error
[2024-11-29T09:57:55.576Z] Error reading or processing Modbus registers: rejecting because of earlier OutOfSync error
[2024-11-29T09:57:55.576Z] Error reading or processing Modbus registers: rejecting because of earlier OutOfSync error
[2024-11-29T09:57:55.576Z] Error reading or processing Modbus registers: rejecting because of earlier OutOfSync error
[2024-11-29T09:57:55.576Z] Error reading or processing Modbus registers: rejecting because of earlier OutOfSync error
[2024-11-29T09:57:55.576Z] Error reading or processing Modbus registers: rejecting because of earlier OutOfSync error
[2024-11-29T09:57:55.576Z] Error reading or processing Modbus registers: rejecting because of earlier OutOfSync error
[2024-11-29T09:57:55.576Z] Error reading or processing Modbus registers: rejecting because of earlier OutOfSync error
[2024-11-29T09:57:55.576Z] Error reading or processing Modbus registers: rejecting because of earlier OutOfSync error
[2024-11-29T09:57:55.576Z] Error reading or processing Modbus registers: rejecting because of earlier OutOfSync error
[2024-11-29T09:57:55.828Z] Error reading register 6507 for IP 10.30.4.128: no connection to modbus server
[2024-11-29T09:57:55.829Z] Error reading or processing Modbus registers: no connection to modbus server
[2024-11-29T09:57:55.829Z] Error writing to Modbus register: no connection to modbus server
[2024-11-29T09:57:56.842Z] Error reading register 6507 for IP 10.30.4.128: no connection to modbus server
[2024-11-29T09:57:56.842Z] Error reading or processing Modbus registers: no connection to modbus server
[2024-11-29T09:57:56.842Z] Error writing to Modbus register: no connection to modbus server
[2024-11-29T09:57:57.849Z] Error reading register 6507 for IP 10.30.4.128: no connection to modbus server
[2024-11-29T09:57:57.849Z] Error reading or processing Modbus registers: no connection to modbus server
[2024-11-29T09:57:57.850Z] Error writing to Modbus register: no connection to modbus server
[2024-11-29T09:57:58.461Z] Device at 10.30.4.128 is not reachable. Skipping connection attempt.
[2024-11-29T09:57:58.851Z] Error reading register 6507 for IP 10.30.4.128: no connection to modbus server
[2024-11-29T09:57:58.851Z] Error reading or processing Modbus registers: no connection to modbus server
[2024-11-29T09:57:58.852Z] Error writing to Modbus register: no connection to modbus server
[2024-11-29T09:57:59.864Z] Error reading register 6507 for IP 10.30.4.128: no connection to modbus server
[2024-11-29T09:57:59.864Z] Error reading or processing Modbus registers: no connection to modbus server
[2024-11-29T09:57:59.864Z] Error writing to Modbus register: no connection to modbus server
[2024-11-29T09:58:00.878Z] Error reading register 6507 for IP 10.30.4.128: no connection to modbus server
[2024-11-29T09:58:00.878Z] Error writing to Modbus register: no connection to modbus server
[2024-11-29T09:58:00.878Z] Error reading or processing Modbus registers: no connection to modbus server
[2024-11-29T09:58:01.458Z] Device at 10.30.4.63 is not reachable. Skipping connection attempt.
[2024-11-29T09:58:01.878Z] Error reading register 6507 for IP 10.30.4.128: no connection to modbus server
[2024-11-29T09:58:01.878Z] Error reading or processing Modbus registers: no connection to modbus server
[2024-11-29T09:58:01.878Z] Error writing to Modbus register: no connection to modbus server
[2024-11-29T09:58:02.890Z] Error reading register 6507 for IP 10.30.4.128: no connection to modbus server
[2024-11-29T09:58:02.890Z] Error reading or processing Modbus registers: no connection to modbus server
[2024-11-29T09:58:02.891Z] Error writing to Modbus register: no connection to modbus server
[2024-11-29T09:58:03.904Z] Error reading register 6507 for IP 10.30.4.128: no connection to modbus server
[2024-11-29T09:58:03.904Z] Error reading or processing Modbus registers: no connection to modbus server
[2024-11-29T09:58:03.904Z] Error writing to Modbus register: no connection to modbus server
[2024-11-29T09:58:04.904Z] Error reading register 6507 for IP 10.30.4.128: no connection to modbus server
[2024-11-29T09:58:04.904Z] Error reading or processing Modbus registers: no connection to modbus server
[2024-11-29T09:58:04.905Z] Error writing to Modbus register: no connection to modbus server
[2024-11-29T09:58:05.919Z] Error reading register 6507 for IP 10.30.4.128: no connection to modbus server
[2024-11-29T09:58:05.919Z] Error reading or processing Modbus registers: no connection to modbus server
[2024-11-29T09:58:05.920Z] Error writing to Modbus register: no connection to modbus server
[2024-11-29T09:58:06.933Z] Error reading or processing Modbus registers: no connection to modbus server
[2024-11-29T09:58:06.932Z] Error reading register 6507 for IP 10.30.4.128: no connection to modbus server
[2024-11-29T09:58:06.933Z] Error writing to Modbus register: no connection to modbus server
[2024-11-29T09:58:07.943Z] Error reading register 6507 for IP 10.30.4.128: no connection to modbus server
[2024-11-29T09:58:07.944Z] Error reading or processing Modbus registers: no connection to modbus server
[2024-11-29T09:58:07.944Z] Error writing to Modbus register: no connection to modbus server
[2024-11-29T09:58:08.953Z] Error reading register 6507 for IP 10.30.4.128: no connection to modbus server
[2024-11-29T09:58:08.953Z] Error reading or processing Modbus registers: no connection to modbus server
[2024-11-29T09:58:08.954Z] Error writing to Modbus register: no connection to modbus server
[2024-11-29T09:58:09.966Z] Error reading register 6507 for IP 10.30.4.128: no connection to modbus server
[2024-11-29T09:58:09.966Z] Error reading or processing Modbus registers: no connection to modbus server
[2024-11-29T09:58:09.967Z] Error writing to Modbus register: no connection to modbus server
[2024-11-29T09:58:10.961Z] Device at 10.30.4.63 is not reachable. Skipping connection attempt.
[2024-11-29T09:58:10.980Z] Error reading register 6507 for IP 10.30.4.128: no connection to modbus server
[2024-11-29T09:58:10.980Z] Error reading or processing Modbus registers: no connection to modbus server
[2024-11-29T09:58:10.980Z] Error writing to Modbus register: no connection to modbus server
[2024-11-29T09:58:11.981Z] Error reading register 6507 for IP 10.30.4.128: no connection to modbus server
[2024-11-29T09:58:11.981Z] Error reading or processing Modbus registers: no connection to modbus server
[2024-11-29T09:58:11.982Z] Error writing to Modbus register: no connection to modbus server
[2024-11-29T09:58:12.996Z] Error reading register 6507 for IP 10.30.4.128: no connection to modbus server
[2024-11-29T09:58:12.996Z] Error reading or processing Modbus registers: no connection to modbus server
[2024-11-29T09:58:12.997Z] Error writing to Modbus register: no connection to modbus server
[2024-11-29T09:58:14.009Z] Error reading register 6507 for IP 10.30.4.128: no connection to modbus server
[2024-11-29T09:58:14.009Z] Error reading or processing Modbus registers: no connection to modbus server
[2024-11-29T09:58:14.009Z] Error writing to Modbus register: no connection to modbus server
[2024-11-29T09:58:15.021Z] Error reading register 6507 for IP 10.30.4.128: no connection to modbus server
[2024-11-29T09:58:15.021Z] Error reading or processing Modbus registers: no connection to modbus server
[2024-11-29T09:58:15.022Z] Error writing to Modbus register: no connection to modbus server
[2024-11-29T09:58:16.035Z] Error reading register 6507 for IP 10.30.4.128: no connection to modbus server
[2024-11-29T09:58:16.035Z] Error reading or processing Modbus registers: no connection to modbus server
[2024-11-29T09:58:16.035Z] Error writing to Modbus register: no connection to modbus server
[2024-11-29T09:58:17.036Z] Error reading register 6507 for IP 10.30.4.128: no connection to modbus server
[2024-11-29T09:58:17.036Z] Error reading or processing Modbus registers: no connection to modbus server
[2024-11-29T09:58:17.037Z] Error writing to Modbus register: no connection to modbus server
[2024-11-29T09:58:18.045Z] Error reading register 6507 for IP 10.30.4.128: no connection to modbus server
[2024-11-29T09:58:18.046Z] Error reading or processing Modbus registers: no connection to modbus server
[2024-11-29T09:58:18.046Z] Error writing to Modbus register: no connection to modbus server
[2024-11-29T09:58:19.058Z] Error reading register 6507 for IP 10.30.4.128: no connection to modbus server
[2024-11-29T09:58:19.059Z] Error reading or processing Modbus registers: no connection to modbus server
[2024-11-29T09:58:19.059Z] Error writing to Modbus register: no connection to modbus server
[2024-11-29T09:58:20.074Z] Error reading register 6507 for IP 10.30.4.128: no connection to modbus server
[2024-11-29T09:58:20.074Z] Error reading or processing Modbus registers: no connection to modbus server
[2024-11-29T09:58:20.074Z] Error writing to Modbus register: no connection to modbus server
[2024-11-29T09:58:20.960Z] Device at 10.30.4.63 is not reachable. Skipping connection attempt.
[2024-11-29T09:58:21.087Z] Error reading register 6507 for IP 10.30.4.128: no connection to modbus server
[2024-11-29T09:58:21.087Z] Error reading or processing Modbus registers: no connection to modbus server
[2024-11-29T09:58:21.088Z] Error writing to Modbus register: no connection to modbus server
[2024-11-29T09:58:22.100Z] Error reading register 6507 for IP 10.30.4.128: no connection to modbus server
[2024-11-29T09:58:22.100Z] Error reading or processing Modbus registers: no connection to modbus server
[2024-11-29T09:58:22.100Z] Error writing to Modbus register: no connection to modbus server
[2024-11-29T09:58:23.114Z] Error reading register 6507 for IP 10.30.4.128: no connection to modbus server
[2024-11-29T09:58:23.114Z] Error reading or processing Modbus registers: no connection to modbus server
[2024-11-29T09:58:23.114Z] Error writing to Modbus register: no connection to modbus server
[2024-11-29T09:58:24.114Z] Error reading register 6507 for IP 10.30.4.128: no connection to modbus server
[2024-11-29T09:58:24.114Z] Error reading or processing Modbus registers: no connection to modbus server
[2024-11-29T09:58:24.114Z] Error writing to Modbus register: no connection to modbus server
[2024-11-29T09:58:25.127Z] Error reading register 6507 for IP 10.30.4.128: no connection to modbus server
[2024-11-29T09:58:25.127Z] Error reading or processing Modbus registers: no connection to modbus server
[2024-11-29T09:58:25.128Z] Error writing to Modbus register: no connection to modbus server
[2024-11-29T09:58:26.142Z] Error reading register 6507 for IP 10.30.4.128: no connection to modbus server
[2024-11-29T09:58:26.142Z] Error reading or processing Modbus registers: no connection to modbus server
[2024-11-29T09:58:26.143Z] Error writing to Modbus register: no connection to modbus server
[2024-11-29T09:58:27.144Z] Error reading register 6507 for IP 10.30.4.128: no connection to modbus server
[2024-11-29T09:58:27.144Z] Error reading or processing Modbus registers: no connection to modbus server
[2024-11-29T09:58:27.144Z] Error writing to Modbus register: no connection to modbus server
[2024-11-29T09:58:28.144Z] Error reading register 6507 for IP 10.30.4.128: no connection to modbus server
[2024-11-29T09:58:28.144Z] Error reading or processing Modbus registers: no connection to modbus server
[2024-11-29T09:58:28.145Z] Error writing to Modbus register: no connection to modbus server
[2024-11-29T09:58:34.446Z] Device at 10.30.4.128 is not reachable. Skipping connection attempt.
[2024-11-29T09:58:37.460Z] Device at 10.30.4.63 is not reachable. Skipping connection attempt.
[2024-11-29T09:58:42.459Z] Device at 10.30.4.128 is not reachable. Skipping connection attempt.
[2024-11-29T09:58:45.462Z] Device at 10.30.4.63 is not reachable. Skipping connection attempt.
[2024-11-29T09:58:52.448Z] Device at 10.30.4.128 is not reachable. Skipping connection attempt.
[2024-11-29T09:58:55.456Z] Device at 10.30.4.63 is not reachable. Skipping connection attempt.
[2024-11-29T09:59:02.458Z] Device at 10.30.4.63 is not reachable. Skipping connection attempt.
[2024-11-29T09:59:12.453Z] Device at 10.30.4.63 is not reachable. Skipping connection attempt.
[2024-11-29T09:59:22.452Z] Device at 10.30.4.63 is not reachable. Skipping connection attempt.
[2024-11-29T09:59:32.452Z] Device at 10.30.4.63 is not reachable. Skipping connection attempt.
[2024-11-29T09:59:42.461Z] Device at 10.30.4.63 is not reachable. Skipping connection attempt.
[2024-11-29T09:59:52.450Z] Device at 10.30.4.63 is not reachable. Skipping connection attempt.
[2024-11-29T10:00:02.456Z] Device at 10.30.4.63 is not reachable. Skipping connection attempt.
[2024-11-29T10:00:12.453Z] Device at 10.30.4.63 is not reachable. Skipping connection attempt.
[2024-11-29T10:00:22.447Z] Device at 10.30.4.63 is not reachable. Skipping connection attempt.
[2024-11-29T10:00:32.460Z] Device at 10.30.4.63 is not reachable. Skipping connection attempt.
[2024-11-29T10:00:42.451Z] Device at 10.30.4.63 is not reachable. Skipping connection attempt.
[2024-11-29T10:00:52.457Z] Device at 10.30.4.63 is not reachable. Skipping connection attempt.
[2024-11-29T10:01:02.447Z] Device at 10.30.4.63 is not reachable. Skipping connection attempt.
[2024-11-29T10:01:12.450Z] Device at 10.30.4.63 is not reachable. Skipping connection attempt.
[2024-11-29T10:01:22.452Z] Device at 10.30.4.63 is not reachable. Skipping connection attempt.
[2024-11-29T10:01:32.451Z] Device at 10.30.4.63 is not reachable. Skipping connection attempt.
[2024-11-29T10:14:49.946Z] Device at 10.30.4.63 is not reachable. Skipping connection attempt.
[2024-11-29T10:15:01.459Z] Device at 10.30.4.63 is not reachable. Skipping connection attempt.
[2024-11-29T10:23:59.938Z] Device at 10.30.4.63 is not reachable. Skipping connection attempt.
[2024-11-29T10:24:11.435Z] Device at 10.30.4.63 is not reachable. Skipping connection attempt.
[2024-11-29T10:24:21.434Z] Device at 10.30.4.63 is not reachable. Skipping connection attempt.
[2024-11-29T10:24:31.437Z] Device at 10.30.4.63 is not reachable. Skipping connection attempt.
[2024-11-29T10:24:41.436Z] Device at 10.30.4.63 is not reachable. Skipping connection attempt.
[2024-11-29T10:24:51.439Z] Device at 10.30.4.63 is not reachable. Skipping connection attempt.
[2024-11-29T10:25:01.436Z] Device at 10.30.4.63 is not reachable. Skipping connection attempt.
[2024-11-29T10:25:11.442Z] Device at 10.30.4.63 is not reachable. Skipping connection attempt.
[2024-11-29T10:25:21.450Z] Device at 10.30.4.63 is not reachable. Skipping connection attempt.
[2024-11-29T10:25:31.442Z] Device at 10.30.4.63 is not reachable. Skipping connection attempt.
[2024-11-29T10:25:41.441Z] Device at 10.30.4.63 is not reachable. Skipping connection attempt.
[2024-11-29T10:25:51.441Z] Device at 10.30.4.63 is not reachable. Skipping connection attempt.
[2024-11-29T10:26:01.931Z] Device at 10.30.4.63 is not reachable. Skipping connection attempt.
[2024-11-29T10:26:11.432Z] Device at 10.30.4.63 is not reachable. Skipping connection attempt.
[2024-11-29T10:26:21.429Z] Device at 10.30.4.63 is not reachable. Skipping connection attempt.
[2024-11-29T10:26:31.428Z] Device at 10.30.4.63 is not reachable. Skipping connection attempt.
[2024-11-29T10:26:41.438Z] Device at 10.30.4.63 is not reachable. Skipping connection attempt.
[2024-11-29T10:26:51.945Z] Device at 10.30.4.63 is not reachable. Skipping connection attempt.
[2024-11-29T10:27:01.934Z] Device at 10.30.4.63 is not reachable. Skipping connection attempt.
[2024-11-29T10:27:11.940Z] Device at 10.30.4.63 is not reachable. Skipping connection attempt.
[2024-11-29T10:27:21.937Z] Device at 10.30.4.63 is not reachable. Skipping connection attempt.
[2024-11-29T10:27:31.441Z] Device at 10.30.4.63 is not reachable. Skipping connection attempt.
[2024-11-29T10:27:41.927Z] Device at 10.30.4.63 is not reachable. Skipping connection attempt.
[2024-11-29T10:27:51.937Z] Device at 10.30.4.63 is not reachable. Skipping connection attempt.
[2024-11-29T10:28:01.937Z] Device at 10.30.4.63 is not reachable. Skipping connection attempt.
[2024-11-29T10:28:11.437Z] Device at 10.30.4.63 is not reachable. Skipping connection attempt.
[2024-11-29T10:28:21.931Z] Device at 10.30.4.63 is not reachable. Skipping connection attempt.
[2024-11-29T10:28:31.940Z] Device at 10.30.4.63 is not reachable. Skipping connection attempt.
[2024-11-29T10:28:41.929Z] Device at 10.30.4.63 is not reachable. Skipping connection attempt.
[2024-11-29T10:28:51.935Z] Device at 10.30.4.63 is not reachable. Skipping connection attempt.
[2024-11-29T10:29:01.931Z] Device at 10.30.4.63 is not reachable. Skipping connection attempt.
[2024-11-29T10:29:11.932Z] Device at 10.30.4.63 is not reachable. Skipping connection attempt.
[2024-11-29T10:29:21.942Z] Device at 10.30.4.63 is not reachable. Skipping connection attempt.
[2024-11-29T10:29:31.930Z] Device at 10.30.4.63 is not reachable. Skipping connection attempt.
[2024-11-29T10:29:41.934Z] Device at 10.30.4.63 is not reachable. Skipping connection attempt.
[2024-11-29T10:29:51.938Z] Device at 10.30.4.63 is not reachable. Skipping connection attempt.
[2024-11-29T10:30:01.939Z] Device at 10.30.4.63 is not reachable. Skipping connection attempt.
[2024-11-29T10:30:11.934Z] Device at 10.30.4.63 is not reachable. Skipping connection attempt.
[2024-11-29T10:30:21.935Z] Device at 10.30.4.63 is not reachable. Skipping connection attempt.
[2024-11-29T10:30:31.929Z] Device at 10.30.4.63 is not reachable. Skipping connection attempt.
[2024-11-29T10:30:41.941Z] Device at 10.30.4.63 is not reachable. Skipping connection attempt.
[2024-11-29T10:30:51.932Z] Device at 10.30.4.63 is not reachable. Skipping connection attempt.
[2024-11-29T10:31:01.929Z] Device at 10.30.4.63 is not reachable. Skipping connection attempt.
[2024-11-29T10:31:11.930Z] Device at 10.30.4.63 is not reachable. Skipping connection attempt.
[2024-11-29T10:31:21.938Z] Device at 10.30.4.63 is not reachable. Skipping connection attempt.
[2024-11-29T10:31:31.943Z] Device at 10.30.4.63 is not reachable. Skipping connection attempt.
[2024-11-29T10:31:41.935Z] Device at 10.30.4.63 is not reachable. Skipping connection attempt.
[2024-11-29T10:31:51.935Z] Device at 10.30.4.63 is not reachable. Skipping connection attempt.
[2024-11-29T10:32:01.936Z] Device at 10.30.4.63 is not reachable. Skipping connection attempt.
[2024-11-29T10:32:11.933Z] Device at 10.30.4.63 is not reachable. Skipping connection attempt.
[2024-11-29T10:32:26.941Z] Device at 10.30.4.63 is not reachable. Skipping connection attempt.
[2024-11-29T10:32:36.941Z] Device at 10.30.4.63 is not reachable. Skipping connection attempt.
[2024-11-29T10:32:46.935Z] Device at 10.30.4.63 is not reachable. Skipping connection attempt.
[2024-11-29T10:32:55.435Z] Device at 10.30.4.63 is not reachable. Skipping connection attempt.
[2024-11-29T10:33:05.435Z] Device at 10.30.4.63 is not reachable. Skipping connection attempt.
[2024-11-29T10:33:15.430Z] Device at 10.30.4.63 is not reachable. Skipping connection attempt.
[2024-11-29T10:33:25.440Z] Device at 10.30.4.63 is not reachable. Skipping connection attempt.
[2024-11-29T10:33:35.442Z] Device at 10.30.4.63 is not reachable. Skipping connection attempt.
[2024-11-29T10:33:45.437Z] Device at 10.30.4.63 is not reachable. Skipping connection attempt.
[2024-11-29T10:33:55.434Z] Device at 10.30.4.63 is not reachable. Skipping connection attempt.
[2024-11-29T10:34:05.426Z] Device at 10.30.4.63 is not reachable. Skipping connection attempt.
[2024-11-29T10:34:15.437Z] Device at 10.30.4.63 is not reachable. Skipping connection attempt.
[2024-11-29T10:34:25.430Z] Device at 10.30.4.63 is not reachable. Skipping connection attempt.
[2024-11-29T10:34:35.442Z] Device at 10.30.4.63 is not reachable. Skipping connection attempt.
[2024-11-29T10:34:45.433Z] Device at 10.30.4.63 is not reachable. Skipping connection attempt.
[2024-11-29T10:34:55.437Z] Device at 10.30.4.63 is not reachable. Skipping connection attempt.
[2024-11-29T10:35:05.435Z] Device at 10.30.4.63 is not reachable. Skipping connection attempt.
[2024-11-29T10:35:15.428Z] Device at 10.30.4.63 is not reachable. Skipping connection attempt.
[2024-11-29T10:35:25.425Z] Device at 10.30.4.63 is not reachable. Skipping connection attempt.
[2024-11-29T10:35:35.440Z] Device at 10.30.4.63 is not reachable. Skipping connection attempt.
[2024-11-29T10:35:45.432Z] Device at 10.30.4.63 is not reachable. Skipping connection attempt.
[2024-11-29T10:35:55.440Z] Device at 10.30.4.63 is not reachable. Skipping connection attempt.
[2024-11-29T10:36:05.429Z] Device at 10.30.4.63 is not reachable. Skipping connection attempt.
[2024-11-29T10:36:15.432Z] Device at 10.30.4.63 is not reachable. Skipping connection attempt.
[2024-11-29T10:36:25.439Z] Device at 10.30.4.63 is not reachable. Skipping connection attempt.
[2024-11-29T10:36:35.428Z] Device at 10.30.4.63 is not reachable. Skipping connection attempt.
[2024-11-29T10:36:45.436Z] Device at 10.30.4.63 is not reachable. Skipping connection attempt.
[2024-11-29T10:36:55.435Z] Device at 10.30.4.63 is not reachable. Skipping connection attempt.
[2024-11-29T10:37:05.439Z] Device at 10.30.4.63 is not reachable. Skipping connection attempt.
[2024-11-29T10:37:15.436Z] Device at 10.30.4.63 is not reachable. Skipping connection attempt.
[2024-11-29T10:37:25.437Z] Device at 10.30.4.63 is not reachable. Skipping connection attempt.
[2024-11-29T10:37:35.434Z] Device at 10.30.4.63 is not reachable. Skipping connection attempt.
[2024-11-29T10:37:45.432Z] Device at 10.30.4.63 is not reachable. Skipping connection attempt.
[2024-11-29T10:37:55.426Z] Device at 10.30.4.63 is not reachable. Skipping connection attempt.
[2024-11-29T10:38:05.449Z] Device at 10.30.4.63 is not reachable. Skipping connection attempt.
[2024-11-29T10:38:15.432Z] Device at 10.30.4.63 is not reachable. Skipping connection attempt.
[2024-11-29T10:38:25.431Z] Device at 10.30.4.63 is not reachable. Skipping connection attempt.
[2024-11-29T10:38:35.429Z] Device at 10.30.4.63 is not reachable. Skipping connection attempt.
[2024-11-29T10:38:45.438Z] Device at 10.30.4.63 is not reachable. Skipping connection attempt.
[2024-11-29T10:38:55.444Z] Device at 10.30.4.63 is not reachable. Skipping connection attempt.
[2024-11-29T10:39:05.435Z] Device at 10.30.4.63 is not reachable. Skipping connection attempt.
[2024-11-29T10:39:15.428Z] Device at 10.30.4.63 is not reachable. Skipping connection attempt.
[2024-11-29T10:39:25.433Z] Device at 10.30.4.63 is not reachable. Skipping connection attempt.
[2024-11-29T10:39:35.428Z] Device at 10.30.4.63 is not reachable. Skipping connection attempt.
[2024-11-29T10:39:45.429Z] Device at 10.30.4.63 is not reachable. Skipping connection attempt.
[2024-11-29T10:39:55.434Z] Device at 10.30.4.63 is not reachable. Skipping connection attempt.
[2024-11-29T10:40:05.436Z] Device at 10.30.4.63 is not reachable. Skipping connection attempt.
[2024-11-29T10:40:15.449Z] Device at 10.30.4.63 is not reachable. Skipping connection attempt.
[2024-11-29T10:40:25.427Z] Device at 10.30.4.63 is not reachable. Skipping connection attempt.
[2024-11-29T10:40:35.430Z] Device at 10.30.4.63 is not reachable. Skipping connection attempt.
[2024-11-29T10:40:45.434Z] Device at 10.30.4.63 is not reachable. Skipping connection attempt.
[2024-11-29T10:40:55.437Z] Device at 10.30.4.63 is not reachable. Skipping connection attempt.
[2024-11-29T10:41:05.433Z] Device at 10.30.4.63 is not reachable. Skipping connection attempt.
[2024-11-29T10:41:15.437Z] Device at 10.30.4.63 is not reachable. Skipping connection attempt.
[2024-11-29T10:41:25.439Z] Device at 10.30.4.63 is not reachable. Skipping connection attempt.
[2024-11-29T10:41:35.935Z] Device at 10.30.4.63 is not reachable. Skipping connection attempt.
[2024-11-29T10:41:45.437Z] Device at 10.30.4.63 is not reachable. Skipping connection attempt.
[2024-11-29T10:41:55.938Z] Device at 10.30.4.63 is not reachable. Skipping connection attempt.
[2024-11-29T10:42:05.938Z] Device at 10.30.4.63 is not reachable. Skipping connection attempt.
[2024-11-29T10:42:15.938Z] Device at 10.30.4.63 is not reachable. Skipping connection attempt.
[2024-11-29T10:42:25.939Z] Device at 10.30.4.63 is not reachable. Skipping connection attempt.
[2024-11-29T10:42:35.935Z] Device at 10.30.4.63 is not reachable. Skipping connection attempt.
[2024-11-29T10:42:45.936Z] Device at 10.30.4.63 is not reachable. Skipping connection attempt.
[2024-11-29T10:42:55.939Z] Device at 10.30.4.63 is not reachable. Skipping connection attempt.
[2024-11-29T10:43:05.931Z] Device at 10.30.4.63 is not reachable. Skipping connection attempt.
[2024-11-29T10:43:15.936Z] Device at 10.30.4.63 is not reachable. Skipping connection attempt.
[2024-11-29T10:43:25.937Z] Device at 10.30.4.63 is not reachable. Skipping connection attempt.
[2024-11-29T10:43:35.936Z] Device at 10.30.4.63 is not reachable. Skipping connection attempt.
[2024-11-29T10:43:45.935Z] Device at 10.30.4.63 is not reachable. Skipping connection attempt.
[2024-11-29T10:43:55.937Z] Device at 10.30.4.63 is not reachable. Skipping connection attempt.
[2024-11-29T10:44:05.936Z] Device at 10.30.4.63 is not reachable. Skipping connection attempt.
[2024-11-29T10:44:15.929Z] Device at 10.30.4.63 is not reachable. Skipping connection attempt.
[2024-11-29T10:44:25.935Z] Device at 10.30.4.63 is not reachable. Skipping connection attempt.
[2024-11-29T10:44:35.931Z] Device at 10.30.4.63 is not reachable. Skipping connection attempt.
[2024-11-29T10:44:45.929Z] Device at 10.30.4.63 is not reachable. Skipping connection attempt.
[2024-11-29T10:44:55.939Z] Device at 10.30.4.63 is not reachable. Skipping connection attempt.
[2024-11-29T10:45:05.937Z] Device at 10.30.4.63 is not reachable. Skipping connection attempt.
[2024-11-29T10:45:15.928Z] Device at 10.30.4.63 is not reachable. Skipping connection attempt.
[2024-11-29T10:45:25.924Z] Device at 10.30.4.63 is not reachable. Skipping connection attempt.
[2024-11-29T10:45:35.927Z] Device at 10.30.4.63 is not reachable. Skipping connection attempt.
[2024-11-29T10:45:45.936Z] Device at 10.30.4.63 is not reachable. Skipping connection attempt.
[2024-11-29T10:45:55.928Z] Device at 10.30.4.63 is not reachable. Skipping connection attempt.
[2024-11-29T10:46:05.928Z] Device at 10.30.4.63 is not reachable. Skipping connection attempt.
[2024-11-29T10:46:15.927Z] Device at 10.30.4.63 is not reachable. Skipping connection attempt.
[2024-11-29T10:46:25.938Z] Device at 10.30.4.63 is not reachable. Skipping connection attempt.
[2024-11-29T10:46:35.934Z] Device at 10.30.4.63 is not reachable. Skipping connection attempt.
[2024-11-29T10:46:45.925Z] Device at 10.30.4.63 is not reachable. Skipping connection attempt.
[2024-11-29T10:46:55.938Z] Device at 10.30.4.63 is not reachable. Skipping connection attempt.
[2024-11-29T10:47:05.936Z] Device at 10.30.4.63 is not reachable. Skipping connection attempt.
[2024-11-29T10:47:15.931Z] Device at 10.30.4.63 is not reachable. Skipping connection attempt.
[2024-11-29T10:47:25.925Z] Device at 10.30.4.63 is not reachable. Skipping connection attempt.
[2024-11-29T10:47:35.937Z] Device at 10.30.4.63 is not reachable. Skipping connection attempt.
[2024-11-29T10:47:45.939Z] Device at 10.30.4.63 is not reachable. Skipping connection attempt.
[2024-11-29T10:47:55.935Z] Device at 10.30.4.63 is not reachable. Skipping connection attempt.
[2024-11-29T10:48:05.933Z] Device at 10.30.4.63 is not reachable. Skipping connection attempt.
[2024-11-29T10:48:15.931Z] Device at 10.30.4.63 is not reachable. Skipping connection attempt.
[2024-11-29T10:48:25.942Z] Device at 10.30.4.63 is not reachable. Skipping connection attempt.
[2024-11-29T10:48:35.939Z] Device at 10.30.4.63 is not reachable. Skipping connection attempt.
[2024-11-29T10:48:45.952Z] Device at 10.30.4.63 is not reachable. Skipping connection attempt.
[2024-11-29T10:48:55.929Z] Device at 10.30.4.63 is not reachable. Skipping connection attempt.
[2024-11-29T10:49:05.936Z] Device at 10.30.4.63 is not reachable. Skipping connection attempt.
[2024-11-29T10:49:15.939Z] Device at 10.30.4.63 is not reachable. Skipping connection attempt.
[2024-11-29T10:49:27.439Z] Device at 10.30.4.63 is not reachable. Skipping connection attempt.
[2024-11-29T10:49:37.436Z] Device at 10.30.4.63 is not reachable. Skipping connection attempt.
[2024-11-29T10:49:47.435Z] Device at 10.30.4.63 is not reachable. Skipping connection attempt.
[2024-11-29T10:49:57.437Z] Device at 10.30.4.63 is not reachable. Skipping connection attempt.
[2024-11-29T10:50:07.438Z] Device at 10.30.4.63 is not reachable. Skipping connection attempt.
[2024-11-29T10:50:17.436Z] Device at 10.30.4.63 is not reachable. Skipping connection attempt.
[2024-11-29T10:50:27.430Z] Device at 10.30.4.63 is not reachable. Skipping connection attempt.
[2024-11-29T10:50:37.437Z] Device at 10.30.4.63 is not reachable. Skipping connection attempt.
[2024-11-29T10:50:47.432Z] Device at 10.30.4.63 is not reachable. Skipping connection attempt.
[2024-11-29T10:50:57.438Z] Device at 10.30.4.63 is not reachable. Skipping connection attempt.
[2024-11-29T10:51:07.435Z] Device at 10.30.4.63 is not reachable. Skipping connection attempt.
[2024-11-29T10:51:17.434Z] Device at 10.30.4.63 is not reachable. Skipping connection attempt.
[2024-11-29T10:51:27.435Z] Device at 10.30.4.63 is not reachable. Skipping connection attempt.
[2024-11-29T10:51:37.428Z] Device at 10.30.4.63 is not reachable. Skipping connection attempt.
[2024-11-29T10:51:47.428Z] Device at 10.30.4.63 is not reachable. Skipping connection attempt.
[2024-11-29T10:51:57.427Z] Device at 10.30.4.63 is not reachable. Skipping connection attempt.
[2024-11-29T10:52:07.426Z] Device at 10.30.4.63 is not reachable. Skipping connection attempt.
[2024-11-29T10:52:17.438Z] Device at 10.30.4.63 is not reachable. Skipping connection attempt.
[2024-11-29T10:52:27.430Z] Device at 10.30.4.63 is not reachable. Skipping connection attempt.
[2024-11-29T10:52:37.426Z] Device at 10.30.4.63 is not reachable. Skipping connection attempt.
[2024-11-29T10:52:47.429Z] Device at 10.30.4.63 is not reachable. Skipping connection attempt.
[2024-11-29T10:52:57.923Z] Device at 10.30.4.63 is not reachable. Skipping connection attempt.
[2024-11-29T10:53:07.423Z] Device at 10.30.4.63 is not reachable. Skipping connection attempt.
[2024-11-29T10:53:17.437Z] Device at 10.30.4.63 is not reachable. Skipping connection attempt.
[2024-11-29T10:53:27.928Z] Device at 10.30.4.63 is not reachable. Skipping connection attempt.
[2024-11-29T10:53:37.934Z] Device at 10.30.4.63 is not reachable. Skipping connection attempt.
[2024-11-29T10:53:47.428Z] Device at 10.30.4.63 is not reachable. Skipping connection attempt.
[2024-11-29T10:53:57.932Z] Device at 10.30.4.63 is not reachable. Skipping connection attempt.
[2024-11-29T10:54:07.927Z] Device at 10.30.4.63 is not reachable. Skipping connection attempt.
[2024-11-29T10:54:17.936Z] Device at 10.30.4.63 is not reachable. Skipping connection attempt.
[2024-11-29T10:54:27.928Z] Device at 10.30.4.63 is not reachable. Skipping connection attempt.
[2024-11-29T10:54:37.931Z] Device at 10.30.4.63 is not reachable. Skipping connection attempt.
[2024-11-29T10:54:47.930Z] Device at 10.30.4.63 is not reachable. Skipping connection attempt.
[2024-11-29T10:54:57.929Z] Device at 10.30.4.63 is not reachable. Skipping connection attempt.
[2024-11-29T10:55:07.928Z] Device at 10.30.4.63 is not reachable. Skipping connection attempt.
[2024-11-29T10:55:17.922Z] Device at 10.30.4.63 is not reachable. Skipping connection attempt.
[2024-11-29T10:55:27.935Z] Device at 10.30.4.63 is not reachable. Skipping connection attempt.
[2024-11-29T10:55:37.938Z] Device at 10.30.4.63 is not reachable. Skipping connection attempt.
[2024-11-29T10:55:47.935Z] Device at 10.30.4.63 is not reachable. Skipping connection attempt.
[2024-11-29T10:55:57.933Z] Device at 10.30.4.63 is not reachable. Skipping connection attempt.
[2024-11-29T10:56:07.928Z] Device at 10.30.4.63 is not reachable. Skipping connection attempt.
[2024-11-29T10:56:17.930Z] Device at 10.30.4.63 is not reachable. Skipping connection attempt.
[2024-11-29T10:56:27.929Z] Device at 10.30.4.63 is not reachable. Skipping connection attempt.
[2024-11-29T10:56:37.931Z] Device at 10.30.4.63 is not reachable. Skipping connection attempt.
[2024-11-29T10:56:47.922Z] Device at 10.30.4.63 is not reachable. Skipping connection attempt.
[2024-11-29T10:56:57.929Z] Device at 10.30.4.63 is not reachable. Skipping connection attempt.
[2024-11-29T10:57:07.935Z] Device at 10.30.4.63 is not reachable. Skipping connection attempt.
[2024-11-29T10:57:17.932Z] Device at 10.30.4.63 is not reachable. Skipping connection attempt.
[2024-11-29T10:57:27.922Z] Device at 10.30.4.63 is not reachable. Skipping connection attempt.
[2024-11-30T00:49:40.693Z] Device at 10.30.4.63 is not reachable. Skipping connection attempt.
[2024-11-30T00:49:50.683Z] Device at 10.30.4.63 is not reachable. Skipping connection attempt.
[2024-11-30T00:50:00.682Z] Device at 10.30.4.63 is not reachable. Skipping connection attempt.
[2024-11-30T00:50:10.691Z] Device at 10.30.4.63 is not reachable. Skipping connection attempt.
[2024-11-30T00:50:20.699Z] Device at 10.30.4.63 is not reachable. Skipping connection attempt.
[2024-11-30T00:50:30.697Z] Device at 10.30.4.63 is not reachable. Skipping connection attempt.
[2024-11-30T00:50:40.561Z] Device at 10.30.4.63 is not reachable. Skipping connection attempt.
[2024-11-30T00:50:50.568Z] Device at 10.30.4.63 is not reachable. Skipping connection attempt.
[2024-11-30T00:51:00.571Z] Device at 10.30.4.63 is not reachable. Skipping connection attempt.
[2024-11-30T00:51:10.561Z] Device at 10.30.4.63 is not reachable. Skipping connection attempt.
[2024-11-30T00:51:20.565Z] Device at 10.30.4.63 is not reachable. Skipping connection attempt.
[2024-11-30T00:51:30.558Z] Device at 10.30.4.63 is not reachable. Skipping connection attempt.
[2024-11-30T00:51:40.570Z] Device at 10.30.4.63 is not reachable. Skipping connection attempt.
[2024-11-30T00:51:50.566Z] Device at 10.30.4.63 is not reachable. Skipping connection attempt.
[2024-11-30T00:52:00.558Z] Device at 10.30.4.63 is not reachable. Skipping connection attempt.
[2024-11-30T01:10:10.050Z] Device at 10.30.4.63 is not reachable. Skipping connection attempt.
[2024-11-30T01:10:21.543Z] Device at 10.30.4.63 is not reachable. Skipping connection attempt.
[2024-11-30T01:10:31.533Z] Device at 10.30.4.63 is not reachable. Skipping connection attempt.
[2024-11-30T01:10:41.532Z] Device at 10.30.4.63 is not reachable. Skipping connection attempt.
[2024-11-30T01:10:52.032Z] Device at 10.30.4.63 is not reachable. Skipping connection attempt.
[2024-11-30T01:11:02.038Z] Device at 10.30.4.63 is not reachable. Skipping connection attempt.
[2024-11-30T01:11:12.043Z] Device at 10.30.4.63 is not reachable. Skipping connection attempt.
[2024-11-30T01:11:22.030Z] Device at 10.30.4.63 is not reachable. Skipping connection attempt.
[2024-11-30T01:11:32.040Z] Device at 10.30.4.63 is not reachable. Skipping connection attempt.
[2024-11-30T01:11:42.032Z] Device at 10.30.4.63 is not reachable. Skipping connection attempt.
[2024-11-30T01:11:52.046Z] Device at 10.30.4.63 is not reachable. Skipping connection attempt.
[2024-11-30T01:12:04.037Z] Device at 10.30.4.63 is not reachable. Skipping connection attempt.
[2024-11-30T01:12:14.034Z] Device at 10.30.4.63 is not reachable. Skipping connection attempt.
[2024-11-30T01:12:24.036Z] Device at 10.30.4.63 is not reachable. Skipping connection attempt.
[2024-11-30T01:12:34.042Z] Device at 10.30.4.63 is not reachable. Skipping connection attempt.
[2024-11-30T01:12:44.037Z] Device at 10.30.4.63 is not reachable. Skipping connection attempt.
[2024-11-30T01:12:54.040Z] Device at 10.30.4.63 is not reachable. Skipping connection attempt.
[2024-11-30T01:13:04.046Z] Device at 10.30.4.63 is not reachable. Skipping connection attempt.
[2024-11-30T01:13:14.042Z] Device at 10.30.4.63 is not reachable. Skipping connection attempt.
[2024-11-30T01:13:24.042Z] Device at 10.30.4.63 is not reachable. Skipping connection attempt.
[2024-11-30T01:13:34.034Z] Device at 10.30.4.63 is not reachable. Skipping connection attempt.
[2024-11-30T01:13:44.034Z] Device at 10.30.4.63 is not reachable. Skipping connection attempt.
[2024-11-30T01:13:54.029Z] Device at 10.30.4.63 is not reachable. Skipping connection attempt.
[2024-11-30T01:14:04.048Z] Device at 10.30.4.63 is not reachable. Skipping connection attempt.
[2024-11-30T01:14:14.039Z] Device at 10.30.4.63 is not reachable. Skipping connection attempt.
[2024-11-30T01:14:24.045Z] Device at 10.30.4.63 is not reachable. Skipping connection attempt.
[2024-11-30T01:14:34.031Z] Device at 10.30.4.63 is not reachable. Skipping connection attempt.
[2024-11-30T01:14:44.032Z] Device at 10.30.4.63 is not reachable. Skipping connection attempt.
[2024-11-30T01:14:54.040Z] Device at 10.30.4.63 is not reachable. Skipping connection attempt.
[2024-11-30T01:15:04.042Z] Device at 10.30.4.63 is not reachable. Skipping connection attempt.
[2024-11-30T01:15:14.042Z] Device at 10.30.4.63 is not reachable. Skipping connection attempt.
[2024-11-30T01:15:24.034Z] Device at 10.30.4.63 is not reachable. Skipping connection attempt.
[2024-11-30T01:15:34.046Z] Device at 10.30.4.63 is not reachable. Skipping connection attempt.
[2024-11-30T01:15:44.041Z] Device at 10.30.4.63 is not reachable. Skipping connection attempt.
[2024-11-30T01:15:54.032Z] Device at 10.30.4.63 is not reachable. Skipping connection attempt.
[2024-11-30T01:16:04.033Z] Device at 10.30.4.63 is not reachable. Skipping connection attempt.
[2024-11-30T01:16:14.047Z] Device at 10.30.4.63 is not reachable. Skipping connection attempt.
[2024-11-30T01:16:24.033Z] Device at 10.30.4.63 is not reachable. Skipping connection attempt.
[2024-11-30T01:16:34.036Z] Device at 10.30.4.63 is not reachable. Skipping connection attempt.
[2024-11-30T01:16:44.044Z] Device at 10.30.4.63 is not reachable. Skipping connection attempt.
[2024-11-30T01:16:54.045Z] Device at 10.30.4.63 is not reachable. Skipping connection attempt.
[2024-11-30T01:17:04.035Z] Device at 10.30.4.63 is not reachable. Skipping connection attempt.
[2024-11-30T01:17:14.033Z] Device at 10.30.4.63 is not reachable. Skipping connection attempt.
[2024-11-30T01:17:24.042Z] Device at 10.30.4.63 is not reachable. Skipping connection attempt.
[2024-11-30T01:17:34.044Z] Device at 10.30.4.63 is not reachable. Skipping connection attempt.
[2024-11-30T01:17:44.030Z] Device at 10.30.4.63 is not reachable. Skipping connection attempt.
[2024-11-30T01:17:54.044Z] Device at 10.30.4.63 is not reachable. Skipping connection attempt.
[2024-11-30T01:18:04.037Z] Device at 10.30.4.63 is not reachable. Skipping connection attempt.
[2024-11-30T01:18:14.031Z] Device at 10.30.4.63 is not reachable. Skipping connection attempt.
[2024-11-30T01:18:24.031Z] Device at 10.30.4.63 is not reachable. Skipping connection attempt.
[2024-11-30T01:18:34.038Z] Device at 10.30.4.63 is not reachable. Skipping connection attempt.
[2024-11-30T01:18:44.045Z] Device at 10.30.4.63 is not reachable. Skipping connection attempt.
[2024-11-30T01:18:54.043Z] Device at 10.30.4.63 is not reachable. Skipping connection attempt.
[2024-11-30T01:19:04.036Z] Device at 10.30.4.63 is not reachable. Skipping connection attempt.
[2024-11-30T01:19:14.034Z] Device at 10.30.4.63 is not reachable. Skipping connection attempt.
[2024-11-30T01:19:24.031Z] Device at 10.30.4.63 is not reachable. Skipping connection attempt.
[2024-11-30T01:19:34.030Z] Device at 10.30.4.63 is not reachable. Skipping connection attempt.
[2024-11-30T01:19:44.040Z] Device at 10.30.4.63 is not reachable. Skipping connection attempt.
[2024-11-30T01:19:54.039Z] Device at 10.30.4.63 is not reachable. Skipping connection attempt.
[2024-11-30T01:20:04.044Z] Device at 10.30.4.63 is not reachable. Skipping connection attempt.
[2024-11-30T01:20:14.041Z] Device at 10.30.4.63 is not reachable. Skipping connection attempt.
[2024-11-30T01:20:24.540Z] Device at 10.30.4.63 is not reachable. Skipping connection attempt.
[2024-11-30T01:20:34.531Z] Device at 10.30.4.63 is not reachable. Skipping connection attempt.
[2024-11-30T01:20:44.537Z] Device at 10.30.4.63 is not reachable. Skipping connection attempt.
[2024-11-30T01:20:54.544Z] Device at 10.30.4.63 is not reachable. Skipping connection attempt.
[2024-11-30T01:21:04.538Z] Device at 10.30.4.63 is not reachable. Skipping connection attempt.
[2024-11-30T01:21:14.536Z] Device at 10.30.4.63 is not reachable. Skipping connection attempt.
[2024-11-30T01:21:24.537Z] Device at 10.30.4.63 is not reachable. Skipping connection attempt.
[2024-11-30T01:21:34.538Z] Device at 10.30.4.63 is not reachable. Skipping connection attempt.
[2024-11-30T01:21:44.539Z] Device at 10.30.4.63 is not reachable. Skipping connection attempt.
[2024-11-30T01:21:54.541Z] Device at 10.30.4.63 is not reachable. Skipping connection attempt.
[2024-11-30T01:22:04.551Z] Device at 10.30.4.63 is not reachable. Skipping connection attempt.
[2024-11-30T01:22:14.539Z] Device at 10.30.4.63 is not reachable. Skipping connection attempt.
[2024-11-30T01:22:24.545Z] Device at 10.30.4.63 is not reachable. Skipping connection attempt.
[2024-11-30T01:22:34.540Z] Device at 10.30.4.63 is not reachable. Skipping connection attempt.
[2024-11-30T01:22:44.529Z] Device at 10.30.4.63 is not reachable. Skipping connection attempt.
[2024-11-30T01:22:54.539Z] Device at 10.30.4.63 is not reachable. Skipping connection attempt.
[2024-11-30T01:23:04.544Z] Device at 10.30.4.63 is not reachable. Skipping connection attempt.
[2024-11-30T01:23:14.543Z] Device at 10.30.4.63 is not reachable. Skipping connection attempt.
[2024-11-30T01:23:24.537Z] Device at 10.30.4.63 is not reachable. Skipping connection attempt.
[2024-11-30T01:23:34.539Z] Device at 10.30.4.63 is not reachable. Skipping connection attempt.
[2024-11-30T01:23:44.534Z] Device at 10.30.4.63 is not reachable. Skipping connection attempt.
[2024-11-30T01:23:54.531Z] Device at 10.30.4.63 is not reachable. Skipping connection attempt.
[2024-11-30T01:24:04.534Z] Device at 10.30.4.63 is not reachable. Skipping connection attempt.
[2024-11-30T01:24:14.543Z] Device at 10.30.4.63 is not reachable. Skipping connection attempt.
[2024-11-30T01:24:24.542Z] Device at 10.30.4.63 is not reachable. Skipping connection attempt.
[2024-11-30T01:24:34.534Z] Device at 10.30.4.63 is not reachable. Skipping connection attempt.
[2024-11-30T01:24:44.537Z] Device at 10.30.4.63 is not reachable. Skipping connection attempt.
[2024-11-30T01:24:54.543Z] Device at 10.30.4.63 is not reachable. Skipping connection attempt.
[2024-11-30T01:25:05.053Z] Device at 10.30.4.63 is not reachable. Skipping connection attempt.
[2024-11-30T01:25:15.038Z] Device at 10.30.4.63 is not reachable. Skipping connection attempt.
[2024-11-30T01:25:25.040Z] Device at 10.30.4.63 is not reachable. Skipping connection attempt.
[2024-11-30T01:25:35.046Z] Device at 10.30.4.63 is not reachable. Skipping connection attempt.
[2024-11-30T01:25:45.034Z] Device at 10.30.4.63 is not reachable. Skipping connection attempt.
[2024-11-30T01:25:55.542Z] Device at 10.30.4.63 is not reachable. Skipping connection attempt.
[2024-11-30T01:26:05.531Z] Device at 10.30.4.63 is not reachable. Skipping connection attempt.
[2024-11-30T01:26:15.041Z] Device at 10.30.4.63 is not reachable. Skipping connection attempt.
[2024-11-30T01:26:25.531Z] Device at 10.30.4.63 is not reachable. Skipping connection attempt.
[2024-11-30T01:26:35.538Z] Device at 10.30.4.63 is not reachable. Skipping connection attempt.
[2024-11-30T01:26:45.540Z] Device at 10.30.4.63 is not reachable. Skipping connection attempt.
[2024-11-30T01:26:55.543Z] Device at 10.30.4.63 is not reachable. Skipping connection attempt.
[2024-11-30T01:27:05.534Z] Device at 10.30.4.63 is not reachable. Skipping connection attempt.
[2024-11-30T01:27:15.535Z] Device at 10.30.4.63 is not reachable. Skipping connection attempt.
[2024-11-30T01:27:25.542Z] Device at 10.30.4.63 is not reachable. Skipping connection attempt.
[2024-11-30T01:27:35.539Z] Device at 10.30.4.63 is not reachable. Skipping connection attempt.
[2024-11-30T01:27:45.540Z] Device at 10.30.4.63 is not reachable. Skipping connection attempt.
[2024-11-30T01:27:55.534Z] Device at 10.30.4.63 is not reachable. Skipping connection attempt.
[2024-11-30T01:28:05.537Z] Device at 10.30.4.63 is not reachable. Skipping connection attempt.
[2024-11-30T01:28:15.537Z] Device at 10.30.4.63 is not reachable. Skipping connection attempt.
[2024-11-30T01:28:25.540Z] Device at 10.30.4.63 is not reachable. Skipping connection attempt.
[2024-11-30T01:28:35.543Z] Device at 10.30.4.63 is not reachable. Skipping connection attempt.
[2024-11-30T01:28:45.538Z] Device at 10.30.4.63 is not reachable. Skipping connection attempt.
[2024-11-30T01:28:55.539Z] Device at 10.30.4.63 is not reachable. Skipping connection attempt.
[2024-11-30T01:29:05.531Z] Device at 10.30.4.63 is not reachable. Skipping connection attempt.
[2024-11-30T01:29:15.537Z] Device at 10.30.4.63 is not reachable. Skipping connection attempt.
[2024-11-30T01:29:25.537Z] Device at 10.30.4.63 is not reachable. Skipping connection attempt.
[2024-11-30T01:29:35.537Z] Device at 10.30.4.63 is not reachable. Skipping connection attempt.
[2024-11-30T01:29:45.541Z] Device at 10.30.4.63 is not reachable. Skipping connection attempt.
[2024-11-30T01:29:55.534Z] Device at 10.30.4.63 is not reachable. Skipping connection attempt.
[2024-11-30T01:30:05.536Z] Device at 10.30.4.63 is not reachable. Skipping connection attempt.
[2024-11-30T01:30:15.543Z] Device at 10.30.4.63 is not reachable. Skipping connection attempt.
[2024-11-30T01:30:25.538Z] Device at 10.30.4.63 is not reachable. Skipping connection attempt.
[2024-11-30T01:30:35.540Z] Device at 10.30.4.63 is not reachable. Skipping connection attempt.
[2024-11-30T01:30:45.543Z] Device at 10.30.4.63 is not reachable. Skipping connection attempt.
[2024-11-30T01:30:55.539Z] Device at 10.30.4.63 is not reachable. Skipping connection attempt.
[2024-11-30T01:31:05.537Z] Device at 10.30.4.63 is not reachable. Skipping connection attempt.
[2024-11-30T01:31:15.542Z] Device at 10.30.4.63 is not reachable. Skipping connection attempt.
[2024-11-30T01:31:25.537Z] Device at 10.30.4.63 is not reachable. Skipping connection attempt.
[2024-11-30T01:31:35.532Z] Device at 10.30.4.63 is not reachable. Skipping connection attempt.
[2024-11-30T01:31:45.535Z] Device at 10.30.4.63 is not reachable. Skipping connection attempt.
[2024-11-30T01:31:55.537Z] Device at 10.30.4.63 is not reachable. Skipping connection attempt.
[2024-11-30T01:32:05.533Z] Device at 10.30.4.63 is not reachable. Skipping connection attempt.
[2024-11-30T01:32:15.536Z] Device at 10.30.4.63 is not reachable. Skipping connection attempt.
[2024-11-30T01:32:25.543Z] Device at 10.30.4.63 is not reachable. Skipping connection attempt.
[2024-11-30T01:32:35.541Z] Device at 10.30.4.63 is not reachable. Skipping connection attempt.
[2024-11-30T01:32:45.552Z] Device at 10.30.4.63 is not reachable. Skipping connection attempt.
[2024-11-30T01:32:55.532Z] Device at 10.30.4.63 is not reachable. Skipping connection attempt.
[2024-11-30T01:33:05.546Z] Device at 10.30.4.63 is not reachable. Skipping connection attempt.
[2024-11-30T01:33:15.535Z] Device at 10.30.4.63 is not reachable. Skipping connection attempt.
[2024-11-30T01:33:25.549Z] Device at 10.30.4.63 is not reachable. Skipping connection attempt.
[2024-11-30T01:33:35.549Z] Device at 10.30.4.63 is not reachable. Skipping connection attempt.
[2024-11-30T01:33:45.535Z] Device at 10.30.4.63 is not reachable. Skipping connection attempt.
[2024-11-30T01:33:54.040Z] Device at 10.30.4.63 is not reachable. Skipping connection attempt.
[2024-11-30T01:34:04.051Z] Device at 10.30.4.63 is not reachable. Skipping connection attempt.
[2024-11-30T01:34:14.052Z] Device at 10.30.4.63 is not reachable. Skipping connection attempt.
[2024-11-30T01:34:24.039Z] Device at 10.30.4.63 is not reachable. Skipping connection attempt.
[2024-11-30T01:34:34.046Z] Device at 10.30.4.63 is not reachable. Skipping connection attempt.
[2024-11-30T01:34:44.059Z] Device at 10.30.4.63 is not reachable. Skipping connection attempt.
[2024-11-30T01:34:54.044Z] Device at 10.30.4.63 is not reachable. Skipping connection attempt.
[2024-11-30T01:35:04.040Z] Device at 10.30.4.63 is not reachable. Skipping connection attempt.
[2024-11-30T01:35:14.049Z] Device at 10.30.4.63 is not reachable. Skipping connection attempt.
[2024-11-30T01:35:24.045Z] Device at 10.30.4.63 is not reachable. Skipping connection attempt.
[2024-11-30T01:35:34.045Z] Device at 10.30.4.63 is not reachable. Skipping connection attempt.
[2024-11-30T01:35:44.053Z] Device at 10.30.4.63 is not reachable. Skipping connection attempt.
[2024-11-30T01:35:54.057Z] Device at 10.30.4.63 is not reachable. Skipping connection attempt.
[2024-11-30T01:36:04.052Z] Device at 10.30.4.63 is not reachable. Skipping connection attempt.
[2024-11-30T01:36:14.047Z] Device at 10.30.4.63 is not reachable. Skipping connection attempt.
[2024-11-30T01:36:24.048Z] Device at 10.30.4.63 is not reachable. Skipping connection attempt.
[2024-11-30T01:36:34.045Z] Device at 10.30.4.63 is not reachable. Skipping connection attempt.
[2024-11-30T01:36:44.053Z] Device at 10.30.4.63 is not reachable. Skipping connection attempt.
[2024-11-30T01:36:54.046Z] Device at 10.30.4.63 is not reachable. Skipping connection attempt.
[2024-11-30T01:37:04.045Z] Device at 10.30.4.63 is not reachable. Skipping connection attempt.
[2024-11-30T01:37:14.049Z] Device at 10.30.4.63 is not reachable. Skipping connection attempt.
[2024-11-30T01:37:24.058Z] Device at 10.30.4.63 is not reachable. Skipping connection attempt.
[2024-11-30T01:37:34.057Z] Device at 10.30.4.63 is not reachable. Skipping connection attempt.
[2024-11-30T01:37:44.060Z] Device at 10.30.4.63 is not reachable. Skipping connection attempt.
[2024-11-30T01:37:54.048Z] Device at 10.30.4.63 is not reachable. Skipping connection attempt.
[2024-11-30T01:38:04.048Z] Device at 10.30.4.63 is not reachable. Skipping connection attempt.
[2024-11-30T01:38:14.050Z] Device at 10.30.4.63 is not reachable. Skipping connection attempt.
[2024-11-30T01:38:24.066Z] Device at 10.30.4.63 is not reachable. Skipping connection attempt.
[2024-11-30T01:38:34.063Z] Device at 10.30.4.63 is not reachable. Skipping connection attempt.
[2024-11-30T01:38:44.045Z] Device at 10.30.4.63 is not reachable. Skipping connection attempt.
[2024-11-30T01:38:54.045Z] Device at 10.30.4.63 is not reachable. Skipping connection attempt.
[2024-11-30T01:39:04.052Z] Device at 10.30.4.63 is not reachable. Skipping connection attempt.
[2024-11-30T01:39:14.056Z] Device at 10.30.4.63 is not reachable. Skipping connection attempt.
[2024-11-30T01:39:24.058Z] Device at 10.30.4.63 is not reachable. Skipping connection attempt.
[2024-11-30T01:39:34.049Z] Device at 10.30.4.63 is not reachable. Skipping connection attempt.
[2024-11-30T01:39:44.053Z] Device at 10.30.4.63 is not reachable. Skipping connection attempt.
[2024-11-30T01:39:54.050Z] Device at 10.30.4.63 is not reachable. Skipping connection attempt.
[2024-11-30T01:40:04.060Z] Device at 10.30.4.63 is not reachable. Skipping connection attempt.
[2024-11-30T01:40:14.060Z] Device at 10.30.4.63 is not reachable. Skipping connection attempt.
[2024-11-30T01:40:24.059Z] Device at 10.30.4.63 is not reachable. Skipping connection attempt.
[2024-11-30T01:40:34.048Z] Device at 10.30.4.63 is not reachable. Skipping connection attempt.
[2024-11-30T01:40:44.046Z] Device at 10.30.4.63 is not reachable. Skipping connection attempt.
[2024-11-30T01:40:54.059Z] Device at 10.30.4.63 is not reachable. Skipping connection attempt.
[2024-11-30T01:41:04.045Z] Device at 10.30.4.63 is not reachable. Skipping connection attempt.
[2024-11-30T01:41:14.052Z] Device at 10.30.4.63 is not reachable. Skipping connection attempt.
[2024-11-30T01:41:24.051Z] Device at 10.30.4.63 is not reachable. Skipping connection attempt.
[2024-11-30T01:41:34.049Z] Device at 10.30.4.63 is not reachable. Skipping connection attempt.
[2024-11-30T01:41:44.060Z] Device at 10.30.4.63 is not reachable. Skipping connection attempt.
[2024-11-30T01:41:54.051Z] Device at 10.30.4.63 is not reachable. Skipping connection attempt.
[2024-11-30T01:42:04.059Z] Device at 10.30.4.63 is not reachable. Skipping connection attempt.
[2024-11-30T01:42:14.063Z] Device at 10.30.4.63 is not reachable. Skipping connection attempt.
[2024-11-30T01:42:24.058Z] Device at 10.30.4.63 is not reachable. Skipping connection attempt.
[2024-11-30T01:42:34.055Z] Device at 10.30.4.63 is not reachable. Skipping connection attempt.
[2024-11-30T01:42:44.056Z] Device at 10.30.4.63 is not reachable. Skipping connection attempt.
[2024-11-30T01:42:54.049Z] Device at 10.30.4.63 is not reachable. Skipping connection attempt.
[2024-11-30T01:43:04.055Z] Device at 10.30.4.63 is not reachable. Skipping connection attempt.
[2024-11-30T01:43:14.053Z] Device at 10.30.4.63 is not reachable. Skipping connection attempt.
[2024-11-30T01:43:24.059Z] Device at 10.30.4.63 is not reachable. Skipping connection attempt.
[2024-11-30T01:43:34.047Z] Device at 10.30.4.63 is not reachable. Skipping connection attempt.
[2024-11-30T01:43:44.059Z] Device at 10.30.4.63 is not reachable. Skipping connection attempt.
[2024-11-30T01:43:54.047Z] Device at 10.30.4.63 is not reachable. Skipping connection attempt.
[2024-11-30T01:44:04.061Z] Device at 10.30.4.63 is not reachable. Skipping connection attempt.
[2024-11-30T01:44:14.051Z] Device at 10.30.4.63 is not reachable. Skipping connection attempt.
[2024-11-30T01:44:24.061Z] Device at 10.30.4.63 is not reachable. Skipping connection attempt.
[2024-11-30T01:44:34.052Z] Device at 10.30.4.63 is not reachable. Skipping connection attempt.
[2024-11-30T01:44:44.049Z] Device at 10.30.4.63 is not reachable. Skipping connection attempt.
[2024-11-30T01:44:54.054Z] Device at 10.30.4.63 is not reachable. Skipping connection attempt.
[2024-11-30T01:45:04.060Z] Device at 10.30.4.63 is not reachable. Skipping connection attempt.
[2024-11-30T01:45:14.049Z] Device at 10.30.4.63 is not reachable. Skipping connection attempt.
[2024-11-30T01:45:24.050Z] Device at 10.30.4.63 is not reachable. Skipping connection attempt.
[2024-11-30T01:45:34.050Z] Device at 10.30.4.63 is not reachable. Skipping connection attempt.
[2024-11-30T01:45:44.052Z] Device at 10.30.4.63 is not reachable. Skipping connection attempt.
[2024-11-30T01:45:54.058Z] Device at 10.30.4.63 is not reachable. Skipping connection attempt.
[2024-11-30T01:46:04.050Z] Device at 10.30.4.63 is not reachable. Skipping connection attempt.
[2024-11-30T01:46:14.057Z] Device at 10.30.4.63 is not reachable. Skipping connection attempt.
[2024-11-30T01:46:24.050Z] Device at 10.30.4.63 is not reachable. Skipping connection attempt.
[2024-11-30T01:46:34.050Z] Device at 10.30.4.63 is not reachable. Skipping connection attempt.
[2024-11-30T01:46:44.549Z] Device at 10.30.4.63 is not reachable. Skipping connection attempt.
[2024-11-30T01:46:54.055Z] Device at 10.30.4.63 is not reachable. Skipping connection attempt.
[2024-11-30T01:47:04.050Z] Device at 10.30.4.63 is not reachable. Skipping connection attempt.
[2024-11-30T01:47:14.046Z] Device at 10.30.4.63 is not reachable. Skipping connection attempt.
[2024-11-30T01:47:24.554Z] Device at 10.30.4.63 is not reachable. Skipping connection attempt.
[2024-11-30T01:47:34.052Z] Device at 10.30.4.63 is not reachable. Skipping connection attempt.
[2024-11-30T01:47:44.559Z] Device at 10.30.4.63 is not reachable. Skipping connection attempt.
[2024-11-30T01:47:54.558Z] Device at 10.30.4.63 is not reachable. Skipping connection attempt.
[2024-11-30T01:48:04.554Z] Device at 10.30.4.63 is not reachable. Skipping connection attempt.
[2024-11-30T01:48:14.548Z] Device at 10.30.4.63 is not reachable. Skipping connection attempt.
[2024-11-30T01:48:24.565Z] Device at 10.30.4.63 is not reachable. Skipping connection attempt.
[2024-11-30T01:48:34.556Z] Device at 10.30.4.63 is not reachable. Skipping connection attempt.
[2024-11-30T01:48:44.557Z] Device at 10.30.4.63 is not reachable. Skipping connection attempt.
[2024-11-30T01:48:54.557Z] Device at 10.30.4.63 is not reachable. Skipping connection attempt.
[2024-11-30T01:49:04.565Z] Device at 10.30.4.63 is not reachable. Skipping connection attempt.
[2024-11-30T01:49:14.559Z] Device at 10.30.4.63 is not reachable. Skipping connection attempt.
[2024-11-30T01:49:24.558Z] Device at 10.30.4.63 is not reachable. Skipping connection attempt.
[2024-11-30T01:49:34.561Z] Device at 10.30.4.63 is not reachable. Skipping connection attempt.
[2024-11-30T01:49:44.569Z] Device at 10.30.4.63 is not reachable. Skipping connection attempt.
[2024-11-30T01:49:54.557Z] Device at 10.30.4.63 is not reachable. Skipping connection attempt.
[2024-11-30T01:50:04.555Z] Device at 10.30.4.63 is not reachable. Skipping connection attempt.
[2024-11-30T01:50:14.551Z] Device at 10.30.4.63 is not reachable. Skipping connection attempt.
[2024-11-30T01:50:24.549Z] Device at 10.30.4.63 is not reachable. Skipping connection attempt.
[2024-11-30T01:50:34.543Z] Device at 10.30.4.63 is not reachable. Skipping connection attempt.
[2024-11-30T01:50:44.553Z] Device at 10.30.4.63 is not reachable. Skipping connection attempt.
[2024-11-30T01:50:54.547Z] Device at 10.30.4.63 is not reachable. Skipping connection attempt.
[2024-11-30T01:51:04.551Z] Device at 10.30.4.63 is not reachable. Skipping connection attempt.
[2024-11-30T01:51:14.549Z] Device at 10.30.4.63 is not reachable. Skipping connection attempt.
[2024-11-30T01:51:24.554Z] Device at 10.30.4.63 is not reachable. Skipping connection attempt.
[2024-11-30T01:51:34.547Z] Device at 10.30.4.63 is not reachable. Skipping connection attempt.
[2024-11-30T01:51:44.554Z] Device at 10.30.4.63 is not reachable. Skipping connection attempt.
[2024-11-30T01:51:54.543Z] Device at 10.30.4.63 is not reachable. Skipping connection attempt.
[2024-11-30T01:52:04.548Z] Device at 10.30.4.63 is not reachable. Skipping connection attempt.
[2024-11-30T01:52:14.542Z] Device at 10.30.4.63 is not reachable. Skipping connection attempt.
[2024-11-30T01:52:24.546Z] Device at 10.30.4.63 is not reachable. Skipping connection attempt.
[2024-11-30T01:52:34.552Z] Device at 10.30.4.63 is not reachable. Skipping connection attempt.
[2024-11-30T01:52:44.548Z] Device at 10.30.4.63 is not reachable. Skipping connection attempt.
[2024-11-30T01:52:54.538Z] Device at 10.30.4.63 is not reachable. Skipping connection attempt.
[2024-11-30T01:53:04.542Z] Device at 10.30.4.63 is not reachable. Skipping connection attempt.
[2024-11-30T01:53:14.546Z] Device at 10.30.4.63 is not reachable. Skipping connection attempt.
[2024-11-30T01:53:24.550Z] Device at 10.30.4.63 is not reachable. Skipping connection attempt.
[2024-11-30T01:53:34.539Z] Device at 10.30.4.63 is not reachable. Skipping connection attempt.
[2024-11-30T01:53:44.544Z] Device at 10.30.4.63 is not reachable. Skipping connection attempt.
[2024-11-30T01:53:54.549Z] Device at 10.30.4.63 is not reachable. Skipping connection attempt.
[2024-11-30T01:54:04.543Z] Device at 10.30.4.63 is not reachable. Skipping connection attempt.
[2024-11-30T01:54:14.539Z] Device at 10.30.4.63 is not reachable. Skipping connection attempt.
[2024-11-30T01:54:24.540Z] Device at 10.30.4.63 is not reachable. Skipping connection attempt.
[2024-11-30T01:54:34.537Z] Device at 10.30.4.63 is not reachable. Skipping connection attempt.
[2024-11-30T01:54:44.541Z] Device at 10.30.4.63 is not reachable. Skipping connection attempt.
[2024-11-30T01:54:54.539Z] Device at 10.30.4.63 is not reachable. Skipping connection attempt.
[2024-11-30T01:55:04.552Z] Device at 10.30.4.63 is not reachable. Skipping connection attempt.
[2024-11-30T01:55:14.540Z] Device at 10.30.4.63 is not reachable. Skipping connection attempt.
[2024-11-30T01:55:24.547Z] Device at 10.30.4.63 is not reachable. Skipping connection attempt.
[2024-11-30T01:55:34.543Z] Device at 10.30.4.63 is not reachable. Skipping connection attempt.
[2024-11-30T01:55:44.541Z] Device at 10.30.4.63 is not reachable. Skipping connection attempt.
[2024-11-30T01:55:54.539Z] Device at 10.30.4.63 is not reachable. Skipping connection attempt.
[2024-11-30T01:56:04.546Z] Device at 10.30.4.63 is not reachable. Skipping connection attempt.
[2024-11-30T01:56:14.544Z] Device at 10.30.4.63 is not reachable. Skipping connection attempt.
[2024-11-30T01:56:24.555Z] Device at 10.30.4.63 is not reachable. Skipping connection attempt.
[2024-11-30T01:56:34.540Z] Device at 10.30.4.63 is not reachable. Skipping connection attempt.
[2024-11-30T01:56:44.544Z] Device at 10.30.4.63 is not reachable. Skipping connection attempt.
[2024-11-30T01:56:54.549Z] Device at 10.30.4.63 is not reachable. Skipping connection attempt.
[2024-11-30T01:57:04.553Z] Device at 10.30.4.63 is not reachable. Skipping connection attempt.
[2024-11-30T01:57:14.545Z] Device at 10.30.4.63 is not reachable. Skipping connection attempt.
[2024-11-30T01:57:24.539Z] Device at 10.30.4.63 is not reachable. Skipping connection attempt.
[2024-11-30T01:57:34.536Z] Device at 10.30.4.63 is not reachable. Skipping connection attempt.
[2024-11-30T01:57:44.541Z] Device at 10.30.4.63 is not reachable. Skipping connection attempt.
[2024-11-30T01:57:54.539Z] Device at 10.30.4.63 is not reachable. Skipping connection attempt.
[2024-11-30T01:58:04.535Z] Device at 10.30.4.63 is not reachable. Skipping connection attempt.
[2024-11-30T01:58:14.542Z] Device at 10.30.4.63 is not reachable. Skipping connection attempt.
[2024-11-30T01:58:18.060Z] Lỗi trong quá trình xử lý yêu cầu xóa đơn: No response from client.
[2024-11-30T01:59:38.537Z] Device at 10.30.4.63 is not reachable. Skipping connection attempt.
[2024-11-30T01:59:50.034Z] Device at 10.30.4.63 is not reachable. Skipping connection attempt.
[2024-11-30T02:00:00.036Z] Device at 10.30.4.63 is not reachable. Skipping connection attempt.
[2024-11-30T02:00:10.046Z] Device at 10.30.4.63 is not reachable. Skipping connection attempt.
[2024-11-30T02:00:20.045Z] Device at 10.30.4.63 is not reachable. Skipping connection attempt.
[2024-11-30T02:00:30.042Z] Device at 10.30.4.63 is not reachable. Skipping connection attempt.
[2024-11-30T02:00:40.036Z] Device at 10.30.4.63 is not reachable. Skipping connection attempt.
[2024-11-30T02:00:50.039Z] Device at 10.30.4.63 is not reachable. Skipping connection attempt.
[2024-11-30T02:01:00.035Z] Device at 10.30.4.63 is not reachable. Skipping connection attempt.
[2024-11-30T02:01:10.048Z] Device at 10.30.4.63 is not reachable. Skipping connection attempt.
[2024-11-30T02:01:15.534Z] Device at 10.30.4.63 is not reachable. Skipping connection attempt.
[2024-11-30T02:01:25.536Z] Device at 10.30.4.63 is not reachable. Skipping connection attempt.
[2024-11-30T02:01:35.539Z] Device at 10.30.4.63 is not reachable. Skipping connection attempt.
[2024-11-30T02:01:45.538Z] Device at 10.30.4.63 is not reachable. Skipping connection attempt.
[2024-11-30T02:01:55.537Z] Device at 10.30.4.63 is not reachable. Skipping connection attempt.
[2024-11-30T02:02:05.536Z] Device at 10.30.4.63 is not reachable. Skipping connection attempt.
[2024-11-30T02:02:15.536Z] Device at 10.30.4.63 is not reachable. Skipping connection attempt.
[2024-11-30T02:02:25.547Z] Device at 10.30.4.63 is not reachable. Skipping connection attempt.
[2024-11-30T02:02:35.545Z] Device at 10.30.4.63 is not reachable. Skipping connection attempt.
[2024-11-30T02:02:45.533Z] Device at 10.30.4.63 is not reachable. Skipping connection attempt.
[2024-11-30T02:02:55.546Z] Device at 10.30.4.63 is not reachable. Skipping connection attempt.
[2024-11-30T02:03:05.533Z] Device at 10.30.4.63 is not reachable. Skipping connection attempt.
[2024-11-30T02:05:48.036Z] Device at 10.30.4.63 is not reachable. Skipping connection attempt.
[2024-11-30T02:05:59.536Z] Device at 10.30.4.63 is not reachable. Skipping connection attempt.
[2024-11-30T02:06:09.542Z] Device at 10.30.4.63 is not reachable. Skipping connection attempt.
[2024-11-30T02:06:19.542Z] Device at 10.30.4.63 is not reachable. Skipping connection attempt.
[2024-11-30T02:06:29.553Z] Device at 10.30.4.63 is not reachable. Skipping connection attempt.
[2024-11-30T02:06:35.221Z] Error reading register 6507 for IP 10.30.4.128: delay is not defined
[2024-11-30T02:06:36.231Z] Error reading register 6507 for IP 10.30.4.128: delay is not defined
[2024-11-30T02:06:37.237Z] Error reading register 6507 for IP 10.30.4.128: delay is not defined
[2024-11-30T02:06:38.248Z] Error reading register 6507 for IP 10.30.4.128: delay is not defined
[2024-11-30T02:06:39.252Z] Error reading register 6507 for IP 10.30.4.128: delay is not defined
[2024-11-30T02:06:39.544Z] Device at 10.30.4.63 is not reachable. Skipping connection attempt.
[2024-11-30T02:06:40.270Z] Error reading register 6507 for IP 10.30.4.128: delay is not defined
[2024-11-30T02:06:41.281Z] Error reading register 6507 for IP 10.30.4.128: delay is not defined
[2024-11-30T02:06:42.290Z] Error reading register 6507 for IP 10.30.4.128: delay is not defined
[2024-11-30T02:06:43.303Z] Error reading register 6507 for IP 10.30.4.128: delay is not defined
[2024-11-30T02:06:44.317Z] Error reading register 6507 for IP 10.30.4.128: delay is not defined
[2024-11-30T02:06:45.330Z] Error reading register 6507 for IP 10.30.4.128: delay is not defined
[2024-11-30T02:06:46.335Z] Error reading register 6507 for IP 10.30.4.128: delay is not defined
[2024-11-30T02:06:47.336Z] Error reading register 6507 for IP 10.30.4.128: delay is not defined
[2024-11-30T02:06:48.343Z] Error reading register 6507 for IP 10.30.4.128: delay is not defined
[2024-11-30T02:06:51.181Z] Error reading register 6507 for IP 10.30.4.128: delay is not defined
[2024-11-30T02:06:52.191Z] Error reading register 6507 for IP 10.30.4.128: delay is not defined
[2024-11-30T02:06:53.032Z] Device at 10.30.4.63 is not reachable. Skipping connection attempt.
[2024-11-30T02:06:53.207Z] Error reading register 6507 for IP 10.30.4.128: delay is not defined
[2024-11-30T02:06:54.289Z] Error reading register 6507 for IP 10.30.4.128: delay is not defined
[2024-11-30T02:06:55.226Z] Error reading register 6507 for IP 10.30.4.128: delay is not defined
[2024-11-30T02:07:00.108Z] Error reading register 6507 for IP 10.30.4.128: delay is not defined
[2024-11-30T02:07:01.111Z] Error reading register 6507 for IP 10.30.4.128: delay is not defined
[2024-11-30T02:07:02.045Z] Device at 10.30.4.63 is not reachable. Skipping connection attempt.
[2024-11-30T02:07:02.124Z] Error reading register 6507 for IP 10.30.4.128: delay is not defined
[2024-11-30T02:07:03.141Z] Error reading register 6507 for IP 10.30.4.128: delay is not defined
[2024-11-30T02:07:04.146Z] Error reading register 6507 for IP 10.30.4.128: delay is not defined
[2024-11-30T02:07:05.159Z] Error reading register 6507 for IP 10.30.4.128: delay is not defined
[2024-11-30T02:07:06.169Z] Error reading register 6507 for IP 10.30.4.128: delay is not defined
[2024-11-30T02:07:07.178Z] Error reading register 6507 for IP 10.30.4.128: delay is not defined
[2024-11-30T02:07:08.190Z] Error reading register 6507 for IP 10.30.4.128: delay is not defined
[2024-11-30T02:07:09.200Z] Error reading register 6507 for IP 10.30.4.128: delay is not defined
[2024-11-30T02:07:10.209Z] Error reading register 6507 for IP 10.30.4.128: delay is not defined
[2024-11-30T02:08:17.536Z] Device at 10.30.4.63 is not reachable. Skipping connection attempt.
[2024-11-30T02:08:29.045Z] Device at 10.30.4.63 is not reachable. Skipping connection attempt.
[2024-11-30T02:08:39.042Z] Device at 10.30.4.63 is not reachable. Skipping connection attempt.
[2024-11-30T02:08:44.547Z] Device at 10.30.4.63 is not reachable. Skipping connection attempt.
[2024-11-30T02:08:54.534Z] Device at 10.30.4.63 is not reachable. Skipping connection attempt.
[2024-11-30T02:09:04.533Z] Device at 10.30.4.63 is not reachable. Skipping connection attempt.
[2024-11-30T02:09:14.531Z] Device at 10.30.4.63 is not reachable. Skipping connection attempt.
[2024-11-30T02:09:24.537Z] Device at 10.30.4.63 is not reachable. Skipping connection attempt.
[2024-11-30T02:09:34.532Z] Device at 10.30.4.63 is not reachable. Skipping connection attempt.
[2024-11-30T02:09:44.535Z] Device at 10.30.4.63 is not reachable. Skipping connection attempt.
[2024-11-30T02:09:54.545Z] Device at 10.30.4.63 is not reachable. Skipping connection attempt.
[2024-11-30T02:10:04.540Z] Device at 10.30.4.63 is not reachable. Skipping connection attempt.
[2024-11-30T02:10:14.542Z] Device at 10.30.4.63 is not reachable. Skipping connection attempt.
[2024-11-30T02:10:24.531Z] Device at 10.30.4.63 is not reachable. Skipping connection attempt.
[2024-11-30T02:10:34.540Z] Device at 10.30.4.63 is not reachable. Skipping connection attempt.
[2024-11-30T02:10:44.541Z] Device at 10.30.4.63 is not reachable. Skipping connection attempt.
[2024-11-30T02:10:54.535Z] Device at 10.30.4.63 is not reachable. Skipping connection attempt.
[2024-11-30T02:11:04.539Z] Device at 10.30.4.63 is not reachable. Skipping connection attempt.
[2024-11-30T02:11:14.546Z] Device at 10.30.4.63 is not reachable. Skipping connection attempt.
[2024-11-30T02:11:24.542Z] Device at 10.30.4.63 is not reachable. Skipping connection attempt.
[2024-11-30T02:11:34.535Z] Device at 10.30.4.63 is not reachable. Skipping connection attempt.
[2024-11-30T02:11:44.545Z] Device at 10.30.4.63 is not reachable. Skipping connection attempt.
[2024-11-30T02:11:54.531Z] Device at 10.30.4.63 is not reachable. Skipping connection attempt.
[2024-11-30T02:12:04.544Z] Device at 10.30.4.63 is not reachable. Skipping connection attempt.
[2024-11-30T02:12:14.544Z] Device at 10.30.4.63 is not reachable. Skipping connection attempt.
[2024-11-30T02:12:24.542Z] Device at 10.30.4.63 is not reachable. Skipping connection attempt.
[2024-11-30T02:12:34.548Z] Device at 10.30.4.63 is not reachable. Skipping connection attempt.
[2024-11-30T02:12:44.538Z] Device at 10.30.4.63 is not reachable. Skipping connection attempt.
[2024-11-30T02:12:54.539Z] Device at 10.30.4.63 is not reachable. Skipping connection attempt.
[2024-11-30T02:13:04.542Z] Device at 10.30.4.63 is not reachable. Skipping connection attempt.
[2024-11-30T02:13:14.544Z] Device at 10.30.4.63 is not reachable. Skipping connection attempt.
[2024-11-30T02:13:24.531Z] Device at 10.30.4.63 is not reachable. Skipping connection attempt.
[2024-11-30T02:13:34.542Z] Device at 10.30.4.63 is not reachable. Skipping connection attempt.
[2024-11-30T02:13:44.536Z] Device at 10.30.4.63 is not reachable. Skipping connection attempt.
[2024-11-30T02:13:51.970Z] Lỗi trong quá trình xử lý yêu cầu xóa đơn: No response from client.
[2024-11-30T02:13:55.036Z] Device at 10.30.4.63 is not reachable. Skipping connection attempt.
[2024-11-30T02:14:04.535Z] Device at 10.30.4.63 is not reachable. Skipping connection attempt.
[2024-11-30T02:14:14.542Z] Device at 10.30.4.63 is not reachable. Skipping connection attempt.
[2024-11-30T02:14:24.539Z] Device at 10.30.4.63 is not reachable. Skipping connection attempt.
[2024-11-30T02:14:34.536Z] Device at 10.30.4.63 is not reachable. Skipping connection attempt.
[2024-11-30T02:14:45.032Z] Device at 10.30.4.63 is not reachable. Skipping connection attempt.
[2024-11-30T02:14:55.041Z] Device at 10.30.4.63 is not reachable. Skipping connection attempt.
[2024-11-30T02:15:05.040Z] Device at 10.30.4.63 is not reachable. Skipping connection attempt.
[2024-11-30T02:15:15.031Z] Device at 10.30.4.63 is not reachable. Skipping connection attempt.
[2024-11-30T02:15:25.034Z] Device at 10.30.4.63 is not reachable. Skipping connection attempt.
[2024-11-30T02:15:35.036Z] Device at 10.30.4.63 is not reachable. Skipping connection attempt.
[2024-11-30T02:15:45.033Z] Device at 10.30.4.63 is not reachable. Skipping connection attempt.
[2024-11-30T02:15:55.036Z] Device at 10.30.4.63 is not reachable. Skipping connection attempt.
[2024-11-30T02:16:05.045Z] Device at 10.30.4.63 is not reachable. Skipping connection attempt.
[2024-11-30T02:16:15.047Z] Device at 10.30.4.63 is not reachable. Skipping connection attempt.
[2024-11-30T02:16:25.043Z] Device at 10.30.4.63 is not reachable. Skipping connection attempt.
[2024-11-30T02:16:35.040Z] Device at 10.30.4.63 is not reachable. Skipping connection attempt.
[2024-11-30T02:16:45.035Z] Device at 10.30.4.63 is not reachable. Skipping connection attempt.
[2024-11-30T02:16:55.042Z] Device at 10.30.4.63 is not reachable. Skipping connection attempt.
[2024-11-30T02:17:05.038Z] Device at 10.30.4.63 is not reachable. Skipping connection attempt.
[2024-11-30T02:17:15.046Z] Device at 10.30.4.63 is not reachable. Skipping connection attempt.
[2024-11-30T02:17:25.043Z] Device at 10.30.4.63 is not reachable. Skipping connection attempt.
[2024-11-30T02:17:35.034Z] Device at 10.30.4.63 is not reachable. Skipping connection attempt.
[2024-11-30T02:17:45.037Z] Device at 10.30.4.63 is not reachable. Skipping connection attempt.
[2024-11-30T02:17:55.042Z] Device at 10.30.4.63 is not reachable. Skipping connection attempt.
[2024-11-30T02:18:05.053Z] Device at 10.30.4.63 is not reachable. Skipping connection attempt.
[2024-11-30T02:18:15.031Z] Device at 10.30.4.63 is not reachable. Skipping connection attempt.
[2024-11-30T02:18:25.040Z] Device at 10.30.4.63 is not reachable. Skipping connection attempt.
[2024-11-30T02:18:35.036Z] Device at 10.30.4.63 is not reachable. Skipping connection attempt.
[2024-11-30T02:18:45.045Z] Device at 10.30.4.63 is not reachable. Skipping connection attempt.
[2024-11-30T02:18:55.044Z] Device at 10.30.4.63 is not reachable. Skipping connection attempt.
[2024-11-30T02:19:05.047Z] Device at 10.30.4.63 is not reachable. Skipping connection attempt.
[2024-11-30T02:19:15.039Z] Device at 10.30.4.63 is not reachable. Skipping connection attempt.
[2024-11-30T02:19:25.047Z] Device at 10.30.4.63 is not reachable. Skipping connection attempt.
[2024-11-30T02:19:35.044Z] Device at 10.30.4.63 is not reachable. Skipping connection attempt.
[2024-11-30T02:19:45.033Z] Device at 10.30.4.63 is not reachable. Skipping connection attempt.
[2024-11-30T02:19:55.036Z] Device at 10.30.4.63 is not reachable. Skipping connection attempt.
[2024-11-30T02:20:05.039Z] Device at 10.30.4.63 is not reachable. Skipping connection attempt.
[2024-11-30T02:20:15.040Z] Device at 10.30.4.63 is not reachable. Skipping connection attempt.
[2024-11-30T02:20:25.053Z] Device at 10.30.4.63 is not reachable. Skipping connection attempt.
[2024-11-30T02:20:35.033Z] Device at 10.30.4.63 is not reachable. Skipping connection attempt.
[2024-11-30T02:20:45.037Z] Device at 10.30.4.63 is not reachable. Skipping connection attempt.
[2024-11-30T02:20:55.037Z] Device at 10.30.4.63 is not reachable. Skipping connection attempt.
[2024-11-30T02:21:05.038Z] Device at 10.30.4.63 is not reachable. Skipping connection attempt.
[2024-11-30T02:21:15.032Z] Device at 10.30.4.63 is not reachable. Skipping connection attempt.
[2024-11-30T02:21:25.045Z] Device at 10.30.4.63 is not reachable. Skipping connection attempt.
[2024-11-30T02:21:35.032Z] Device at 10.30.4.63 is not reachable. Skipping connection attempt.
[2024-11-30T02:21:45.038Z] Device at 10.30.4.63 is not reachable. Skipping connection attempt.
[2024-11-30T02:21:55.049Z] Device at 10.30.4.63 is not reachable. Skipping connection attempt.
[2024-11-30T02:22:05.044Z] Device at 10.30.4.63 is not reachable. Skipping connection attempt.
[2024-11-30T02:22:15.041Z] Device at 10.30.4.63 is not reachable. Skipping connection attempt.
[2024-11-30T02:22:25.031Z] Device at 10.30.4.63 is not reachable. Skipping connection attempt.
[2024-11-30T02:22:35.040Z] Device at 10.30.4.63 is not reachable. Skipping connection attempt.
[2024-11-30T02:22:45.044Z] Device at 10.30.4.63 is not reachable. Skipping connection attempt.
[2024-11-30T02:22:55.040Z] Device at 10.30.4.63 is not reachable. Skipping connection attempt.
[2024-11-30T02:23:05.042Z] Device at 10.30.4.63 is not reachable. Skipping connection attempt.
[2024-11-30T02:23:15.044Z] Device at 10.30.4.63 is not reachable. Skipping connection attempt.
[2024-11-30T02:23:25.043Z] Device at 10.30.4.63 is not reachable. Skipping connection attempt.
[2024-11-30T02:23:35.044Z] Device at 10.30.4.63 is not reachable. Skipping connection attempt.
[2024-11-30T02:23:45.032Z] Device at 10.30.4.63 is not reachable. Skipping connection attempt.
[2024-11-30T02:23:55.045Z] Device at 10.30.4.63 is not reachable. Skipping connection attempt.
[2024-11-30T02:24:05.035Z] Device at 10.30.4.63 is not reachable. Skipping connection attempt.
[2024-11-30T02:24:15.041Z] Device at 10.30.4.63 is not reachable. Skipping connection attempt.
[2024-11-30T02:24:25.037Z] Device at 10.30.4.63 is not reachable. Skipping connection attempt.
[2024-11-30T02:24:35.035Z] Device at 10.30.4.63 is not reachable. Skipping connection attempt.
[2024-11-30T02:24:45.035Z] Device at 10.30.4.63 is not reachable. Skipping connection attempt.
[2024-11-30T02:24:55.032Z] Device at 10.30.4.63 is not reachable. Skipping connection attempt.
[2024-11-30T02:25:05.038Z] Device at 10.30.4.63 is not reachable. Skipping connection attempt.
[2024-11-30T02:25:15.033Z] Device at 10.30.4.63 is not reachable. Skipping connection attempt.
[2024-11-30T02:25:25.038Z] Device at 10.30.4.63 is not reachable. Skipping connection attempt.
[2024-11-30T02:25:35.037Z] Device at 10.30.4.63 is not reachable. Skipping connection attempt.
[2024-11-30T02:25:45.039Z] Device at 10.30.4.63 is not reachable. Skipping connection attempt.
[2024-11-30T02:25:55.047Z] Device at 10.30.4.63 is not reachable. Skipping connection attempt.
[2024-11-30T02:26:05.037Z] Device at 10.30.4.63 is not reachable. Skipping connection attempt.
[2024-11-30T02:26:15.045Z] Device at 10.30.4.63 is not reachable. Skipping connection attempt.
[2024-11-30T02:26:25.039Z] Device at 10.30.4.63 is not reachable. Skipping connection attempt.
[2024-11-30T02:26:35.041Z] Device at 10.30.4.63 is not reachable. Skipping connection attempt.
[2024-11-30T02:26:45.045Z] Device at 10.30.4.63 is not reachable. Skipping connection attempt.
[2024-11-30T02:26:55.039Z] Device at 10.30.4.63 is not reachable. Skipping connection attempt.
[2024-11-30T02:27:05.048Z] Device at 10.30.4.63 is not reachable. Skipping connection attempt.
[2024-11-30T02:27:15.038Z] Device at 10.30.4.63 is not reachable. Skipping connection attempt.
[2024-11-30T02:27:25.042Z] Device at 10.30.4.63 is not reachable. Skipping connection attempt.
[2024-11-30T02:27:35.032Z] Device at 10.30.4.63 is not reachable. Skipping connection attempt.
[2024-11-30T02:27:45.039Z] Device at 10.30.4.63 is not reachable. Skipping connection attempt.
[2024-11-30T02:27:55.042Z] Device at 10.30.4.63 is not reachable. Skipping connection attempt.
[2024-11-30T02:28:05.041Z] Device at 10.30.4.63 is not reachable. Skipping connection attempt.
[2024-11-30T02:28:15.043Z] Device at 10.30.4.63 is not reachable. Skipping connection attempt.
[2024-11-30T02:28:25.044Z] Device at 10.30.4.63 is not reachable. Skipping connection attempt.
[2024-11-30T02:28:35.551Z] Device at 10.30.4.63 is not reachable. Skipping connection attempt.
[2024-11-30T02:28:45.543Z] Device at 10.30.4.63 is not reachable. Skipping connection attempt.
[2024-11-30T02:28:55.038Z] Device at 10.30.4.63 is not reachable. Skipping connection attempt.
[2024-11-30T02:29:05.544Z] Device at 10.30.4.63 is not reachable. Skipping connection attempt.
[2024-11-30T02:29:15.546Z] Device at 10.30.4.63 is not reachable. Skipping connection attempt.
[2024-11-30T02:29:25.549Z] Device at 10.30.4.63 is not reachable. Skipping connection attempt.
[2024-11-30T02:29:35.542Z] Device at 10.30.4.63 is not reachable. Skipping connection attempt.
[2024-11-30T02:29:45.542Z] Device at 10.30.4.63 is not reachable. Skipping connection attempt.
[2024-11-30T02:29:55.540Z] Device at 10.30.4.63 is not reachable. Skipping connection attempt.
[2024-11-30T02:30:05.536Z] Device at 10.30.4.63 is not reachable. Skipping connection attempt.
[2024-11-30T02:30:15.540Z] Device at 10.30.4.63 is not reachable. Skipping connection attempt.
[2024-11-30T02:30:25.534Z] Device at 10.30.4.63 is not reachable. Skipping connection attempt.
[2024-11-30T02:30:35.542Z] Device at 10.30.4.63 is not reachable. Skipping connection attempt.
[2024-11-30T02:30:45.547Z] Device at 10.30.4.63 is not reachable. Skipping connection attempt.
[2024-11-30T02:30:55.544Z] Device at 10.30.4.63 is not reachable. Skipping connection attempt.
[2024-11-30T02:31:05.538Z] Device at 10.30.4.63 is not reachable. Skipping connection attempt.
[2024-11-30T02:31:15.541Z] Device at 10.30.4.63 is not reachable. Skipping connection attempt.
[2024-11-30T02:31:25.538Z] Device at 10.30.4.63 is not reachable. Skipping connection attempt.
[2024-11-30T02:31:35.546Z] Device at 10.30.4.63 is not reachable. Skipping connection attempt.
[2024-11-30T02:31:45.535Z] Device at 10.30.4.63 is not reachable. Skipping connection attempt.
[2024-11-30T02:31:55.544Z] Device at 10.30.4.63 is not reachable. Skipping connection attempt.
[2024-11-30T02:32:05.552Z] Device at 10.30.4.63 is not reachable. Skipping connection attempt.
[2024-11-30T02:32:15.543Z] Device at 10.30.4.63 is not reachable. Skipping connection attempt.
[2024-11-30T02:32:25.542Z] Device at 10.30.4.63 is not reachable. Skipping connection attempt.
[2024-11-30T02:32:35.539Z] Device at 10.30.4.63 is not reachable. Skipping connection attempt.
[2024-11-30T02:32:45.545Z] Device at 10.30.4.63 is not reachable. Skipping connection attempt.
[2024-11-30T02:32:55.536Z] Device at 10.30.4.63 is not reachable. Skipping connection attempt.
[2024-11-30T02:33:05.540Z] Device at 10.30.4.63 is not reachable. Skipping connection attempt.
[2024-11-30T02:33:15.544Z] Device at 10.30.4.63 is not reachable. Skipping connection attempt.
[2024-11-30T02:33:25.544Z] Device at 10.30.4.63 is not reachable. Skipping connection attempt.
[2024-11-30T02:33:35.545Z] Device at 10.30.4.63 is not reachable. Skipping connection attempt.
[2024-11-30T02:33:45.537Z] Device at 10.30.4.63 is not reachable. Skipping connection attempt.
[2024-11-30T02:33:55.548Z] Device at 10.30.4.63 is not reachable. Skipping connection attempt.
[2024-11-30T02:34:05.546Z] Device at 10.30.4.63 is not reachable. Skipping connection attempt.
[2024-11-30T02:34:15.551Z] Device at 10.30.4.63 is not reachable. Skipping connection attempt.
[2024-11-30T02:34:25.547Z] Device at 10.30.4.63 is not reachable. Skipping connection attempt.
[2024-11-30T02:34:35.533Z] Device at 10.30.4.63 is not reachable. Skipping connection attempt.
[2024-11-30T02:34:45.542Z] Device at 10.30.4.63 is not reachable. Skipping connection attempt.
[2024-11-30T02:34:55.541Z] Device at 10.30.4.63 is not reachable. Skipping connection attempt.
[2024-11-30T02:35:05.544Z] Device at 10.30.4.63 is not reachable. Skipping connection attempt.
[2024-11-30T02:35:15.536Z] Device at 10.30.4.63 is not reachable. Skipping connection attempt.
[2024-11-30T02:35:25.545Z] Device at 10.30.4.63 is not reachable. Skipping connection attempt.
[2024-11-30T02:35:35.537Z] Device at 10.30.4.63 is not reachable. Skipping connection attempt.
[2024-11-30T02:35:45.551Z] Device at 10.30.4.63 is not reachable. Skipping connection attempt.
[2024-11-30T02:35:55.545Z] Device at 10.30.4.63 is not reachable. Skipping connection attempt.
[2024-11-30T02:36:05.548Z] Device at 10.30.4.63 is not reachable. Skipping connection attempt.
[2024-11-30T02:36:15.535Z] Device at 10.30.4.63 is not reachable. Skipping connection attempt.
[2024-11-30T02:36:25.536Z] Device at 10.30.4.63 is not reachable. Skipping connection attempt.
[2024-11-30T02:36:35.551Z] Device at 10.30.4.63 is not reachable. Skipping connection attempt.
[2024-11-30T02:36:45.549Z] Device at 10.30.4.63 is not reachable. Skipping connection attempt.
[2024-11-30T02:36:55.547Z] Device at 10.30.4.63 is not reachable. Skipping connection attempt.
[2024-11-30T02:37:05.538Z] Device at 10.30.4.63 is not reachable. Skipping connection attempt.
[2024-11-30T02:37:15.541Z] Device at 10.30.4.63 is not reachable. Skipping connection attempt.
[2024-11-30T02:37:25.543Z] Device at 10.30.4.63 is not reachable. Skipping connection attempt.
[2024-11-30T02:37:35.544Z] Device at 10.30.4.63 is not reachable. Skipping connection attempt.
[2024-11-30T02:37:45.535Z] Device at 10.30.4.63 is not reachable. Skipping connection attempt.
[2024-11-30T02:37:55.535Z] Device at 10.30.4.63 is not reachable. Skipping connection attempt.
[2024-11-30T02:38:05.545Z] Device at 10.30.4.63 is not reachable. Skipping connection attempt.
[2024-11-30T02:38:15.553Z] Device at 10.30.4.63 is not reachable. Skipping connection attempt.
[2024-11-30T02:38:25.555Z] Device at 10.30.4.63 is not reachable. Skipping connection attempt.
[2024-11-30T02:38:35.548Z] Device at 10.30.4.63 is not reachable. Skipping connection attempt.
[2024-11-30T02:38:45.546Z] Device at 10.30.4.63 is not reachable. Skipping connection attempt.
[2024-11-30T02:38:55.541Z] Device at 10.30.4.63 is not reachable. Skipping connection attempt.
[2024-11-30T02:39:05.546Z] Device at 10.30.4.63 is not reachable. Skipping connection attempt.
[2024-11-30T02:39:15.549Z] Device at 10.30.4.63 is not reachable. Skipping connection attempt.
[2024-11-30T02:39:25.540Z] Device at 10.30.4.63 is not reachable. Skipping connection attempt.
[2024-11-30T02:39:35.537Z] Device at 10.30.4.63 is not reachable. Skipping connection attempt.
[2024-11-30T02:39:45.551Z] Device at 10.30.4.63 is not reachable. Skipping connection attempt.
[2024-11-30T02:39:55.536Z] Device at 10.30.4.63 is not reachable. Skipping connection attempt.
[2024-11-30T02:40:05.541Z] Device at 10.30.4.63 is not reachable. Skipping connection attempt.
[2024-11-30T02:40:15.548Z] Device at 10.30.4.63 is not reachable. Skipping connection attempt.
[2024-11-30T02:40:25.538Z] Device at 10.30.4.63 is not reachable. Skipping connection attempt.
[2024-11-30T02:40:35.541Z] Device at 10.30.4.63 is not reachable. Skipping connection attempt.
[2024-11-30T03:25:29.084Z] Device at 10.30.4.128 is not reachable. Skipping connection attempt.
[2024-11-30T03:25:32.144Z] Device at 10.30.4.63 is not reachable. Skipping connection attempt.
[2024-11-30T03:25:39.037Z] Device at 10.30.4.128 is not reachable. Skipping connection attempt.
[2024-11-30T03:25:42.091Z] Device at 10.30.4.63 is not reachable. Skipping connection attempt.
[2024-11-30T03:25:49.043Z] Device at 10.30.4.128 is not reachable. Skipping connection attempt.
[2024-11-30T03:25:52.120Z] Device at 10.30.4.63 is not reachable. Skipping connection attempt.
[2024-11-30T03:25:59.051Z] Device at 10.30.4.128 is not reachable. Skipping connection attempt.
[2024-11-30T03:26:02.160Z] Device at 10.30.4.63 is not reachable. Skipping connection attempt.
[2024-11-30T03:46:12.261Z] Lỗi trong quá trình xử lý yêu cầu xóa đơn: No response from client.
[2024-11-30T03:46:21.347Z] Lỗi trong quá trình xử lý yêu cầu xóa đơn: No response from client.
[2024-11-30T08:49:01.017Z] Lỗi trong quá trình xử lý yêu cầu xóa đơn: No response from client.
[2024-12-02T02:01:03.622Z] Error reading or processing Modbus registers: Req timed out
[2024-12-02T02:01:08.703Z] Device at 10.30.28.23 is not reachable. Skipping connection attempt.
[2024-12-02T02:01:16.712Z] Device at 10.30.28.23 is not reachable. Skipping connection attempt.
[2024-12-02T02:01:18.662Z] Error reading register 6507 for IP 10.30.28.23: Req timed out
[2024-12-02T02:01:20.000Z] Unable to connect to device at 10.30.28.23: read ECONNRESET
[2024-12-02T02:01:20.003Z] Error writing to Modbus register: rejecting because of earlier OutOfSync error
[2024-12-02T02:01:20.003Z] Error reading register 6507 for IP 10.30.28.23: rejecting because of earlier OutOfSync error
[2024-12-02T02:01:20.003Z] Error writing to Modbus register: rejecting because of earlier OutOfSync error
[2024-12-02T02:01:20.003Z] Error reading register 6507 for IP 10.30.28.23: rejecting because of earlier OutOfSync error
[2024-12-02T02:01:20.003Z] Error writing to Modbus register: rejecting because of earlier OutOfSync error
[2024-12-02T02:01:20.003Z] Error reading register 6507 for IP 10.30.28.23: rejecting because of earlier OutOfSync error
[2024-12-02T02:01:20.004Z] Error writing to Modbus register: rejecting because of earlier OutOfSync error
[2024-12-02T02:01:20.004Z] Error reading register 6507 for IP 10.30.28.23: rejecting because of earlier OutOfSync error
[2024-12-02T02:01:20.004Z] Error writing to Modbus register: rejecting because of earlier OutOfSync error
[2024-12-02T02:01:20.004Z] Error reading register 6507 for IP 10.30.28.23: rejecting because of earlier OutOfSync error
[2024-12-02T02:01:20.004Z] Error writing to Modbus register: rejecting because of earlier OutOfSync error
[2024-12-02T02:01:20.004Z] Error reading register 6507 for IP 10.30.28.23: rejecting because of earlier OutOfSync error
[2024-12-02T02:01:20.004Z] Error writing to Modbus register: rejecting because of earlier OutOfSync error
[2024-12-02T02:01:20.004Z] Error reading register 6507 for IP 10.30.28.23: rejecting because of earlier OutOfSync error
[2024-12-02T02:01:20.005Z] Error writing to Modbus register: rejecting because of earlier OutOfSync error
[2024-12-02T02:01:20.005Z] Error reading register 6507 for IP 10.30.28.23: rejecting because of earlier OutOfSync error
[2024-12-02T02:01:20.005Z] Error writing to Modbus register: rejecting because of earlier OutOfSync error
[2024-12-02T02:01:20.005Z] Error reading register 6507 for IP 10.30.28.23: rejecting because of earlier OutOfSync error
[2024-12-02T02:01:20.005Z] Error writing to Modbus register: rejecting because of earlier OutOfSync error
[2024-12-02T02:01:20.005Z] Error reading register 6507 for IP 10.30.28.23: rejecting because of earlier OutOfSync error
[2024-12-02T02:01:20.005Z] Error writing to Modbus register: rejecting because of earlier OutOfSync error
[2024-12-02T02:01:20.005Z] Error reading register 6507 for IP 10.30.28.23: rejecting because of earlier OutOfSync error
[2024-12-02T02:01:20.005Z] Error writing to Modbus register: rejecting because of earlier OutOfSync error
[2024-12-02T02:01:20.005Z] Error reading register 6507 for IP 10.30.28.23: rejecting because of earlier OutOfSync error
[2024-12-02T02:01:20.006Z] Error writing to Modbus register: rejecting because of earlier OutOfSync error
[2024-12-02T02:01:20.006Z] Error reading register 6507 for IP 10.30.28.23: rejecting because of earlier OutOfSync error
[2024-12-02T02:01:20.006Z] Error writing to Modbus register: rejecting because of earlier OutOfSync error
[2024-12-02T02:01:20.006Z] Error reading register 6507 for IP 10.30.28.23: rejecting because of earlier OutOfSync error
[2024-12-02T02:01:20.006Z] Error writing to Modbus register: rejecting because of earlier OutOfSync error
[2024-12-02T02:01:20.007Z] Error reading register 6507 for IP 10.30.28.23: rejecting because of earlier OutOfSync error
[2024-12-02T02:01:20.007Z] Error writing to Modbus register: rejecting because of earlier OutOfSync error
[2024-12-02T02:01:20.007Z] Error reading register 6507 for IP 10.30.28.23: rejecting because of earlier OutOfSync error
[2024-12-02T02:01:20.007Z] Error writing to Modbus register: rejecting because of earlier OutOfSync error
[2024-12-02T02:01:20.007Z] Error reading register 6507 for IP 10.30.28.23: rejecting because of earlier OutOfSync error
[2024-12-02T02:01:20.008Z] Error writing to Modbus register: rejecting because of earlier OutOfSync error
[2024-12-02T02:01:20.008Z] Error reading register 6507 for IP 10.30.28.23: rejecting because of earlier OutOfSync error
[2024-12-02T02:01:20.008Z] Error writing to Modbus register: rejecting because of earlier OutOfSync error
[2024-12-02T02:01:20.006Z] Error writing to Modbus register: rejecting because of earlier OutOfSync error
[2024-12-02T02:01:20.008Z] Error reading register 6507 for IP 10.30.28.23: rejecting because of earlier OutOfSync error
[2024-12-02T02:01:20.008Z] Error writing to Modbus register: rejecting because of earlier OutOfSync error
[2024-12-02T02:01:20.006Z] Error reading register 6507 for IP 10.30.28.23: rejecting because of earlier OutOfSync error
[2024-12-02T02:01:20.008Z] Error reading register 6507 for IP 10.30.28.23: rejecting because of earlier OutOfSync error
[2024-12-02T02:01:20.009Z] Error writing to Modbus register: rejecting because of earlier OutOfSync error
[2024-12-02T02:01:20.009Z] Error reading or processing Modbus registers: rejecting because of earlier OutOfSync error
[2024-12-02T02:01:20.009Z] Error reading or processing Modbus registers: rejecting because of earlier OutOfSync error
[2024-12-02T02:01:20.009Z] Error reading or processing Modbus registers: rejecting because of earlier OutOfSync error
[2024-12-02T02:01:20.009Z] Error reading or processing Modbus registers: rejecting because of earlier OutOfSync error
[2024-12-02T02:01:20.009Z] Error reading or processing Modbus registers: rejecting because of earlier OutOfSync error
[2024-12-02T02:01:20.010Z] Error reading or processing Modbus registers: rejecting because of earlier OutOfSync error
[2024-12-02T02:01:20.010Z] Error reading or processing Modbus registers: rejecting because of earlier OutOfSync error
[2024-12-02T02:01:20.010Z] Error reading or processing Modbus registers: rejecting because of earlier OutOfSync error
[2024-12-02T02:01:20.010Z] Error reading or processing Modbus registers: rejecting because of earlier OutOfSync error
[2024-12-02T02:01:20.010Z] Error reading or processing Modbus registers: rejecting because of earlier OutOfSync error
[2024-12-02T02:01:20.010Z] Error reading or processing Modbus registers: rejecting because of earlier OutOfSync error
[2024-12-02T02:01:20.010Z] Error reading or processing Modbus registers: rejecting because of earlier OutOfSync error
[2024-12-02T02:01:20.010Z] Error reading or processing Modbus registers: rejecting because of earlier OutOfSync error
[2024-12-02T02:01:20.010Z] Error reading or processing Modbus registers: rejecting because of earlier OutOfSync error
[2024-12-02T02:01:20.010Z] Error reading or processing Modbus registers: rejecting because of earlier OutOfSync error
[2024-12-02T02:01:20.010Z] Error reading or processing Modbus registers: rejecting because of earlier OutOfSync error
[2024-12-02T02:01:20.011Z] Error reading or processing Modbus registers: rejecting because of earlier OutOfSync error
[2024-12-02T02:01:20.011Z] Error reading or processing Modbus registers: rejecting because of earlier OutOfSync error
[2024-12-02T02:01:20.011Z] Error reading or processing Modbus registers: rejecting because of earlier OutOfSync error
[2024-12-02T02:01:20.011Z] Error reading or processing Modbus registers: rejecting because of earlier OutOfSync error
[2024-12-02T02:01:20.011Z] Error reading or processing Modbus registers: rejecting because of earlier OutOfSync error
[2024-12-02T02:01:20.785Z] Error reading register 6507 for IP 10.30.28.23: no connection to modbus server
[2024-12-02T02:01:20.786Z] Error reading or processing Modbus registers: no connection to modbus server
[2024-12-02T02:01:20.786Z] Error writing to Modbus register: no connection to modbus server
[2024-12-02T02:01:21.800Z] Error reading register 6507 for IP 10.30.28.23: no connection to modbus server
[2024-12-02T02:01:21.800Z] Error reading or processing Modbus registers: no connection to modbus server
[2024-12-02T02:01:21.800Z] Error writing to Modbus register: no connection to modbus server
[2024-12-02T02:01:22.802Z] Error reading register 6507 for IP 10.30.28.23: no connection to modbus server
[2024-12-02T02:01:22.802Z] Error reading or processing Modbus registers: no connection to modbus server
[2024-12-02T02:01:22.802Z] Error writing to Modbus register: no connection to modbus server
[2024-12-02T02:01:23.802Z] Error reading register 6507 for IP 10.30.28.23: no connection to modbus server
[2024-12-02T02:01:23.803Z] Error reading or processing Modbus registers: no connection to modbus server
[2024-12-02T02:01:23.817Z] Error writing to Modbus register: no connection to modbus server
[2024-12-02T02:01:24.801Z] Error reading register 6507 for IP 10.30.28.23: no connection to modbus server
[2024-12-02T02:01:24.802Z] Error reading or processing Modbus registers: no connection to modbus server
[2024-12-02T02:01:24.818Z] Error writing to Modbus register: no connection to modbus server
[2024-12-02T02:01:25.814Z] Error reading register 6507 for IP 10.30.28.23: no connection to modbus server
[2024-12-02T02:01:25.815Z] Error reading or processing Modbus registers: no connection to modbus server
[2024-12-02T02:01:25.829Z] Error writing to Modbus register: no connection to modbus server
[2024-12-02T02:01:26.826Z] Error reading register 6507 for IP 10.30.28.23: no connection to modbus server
[2024-12-02T02:01:26.826Z] Error reading or processing Modbus registers: no connection to modbus server
[2024-12-02T02:01:26.830Z] Error writing to Modbus register: no connection to modbus server
[2024-12-02T02:17:31.208Z] Device at 10.30.28.23 is not reachable. Skipping connection attempt.
[2024-12-02T02:17:39.195Z] Device at 10.30.28.23 is not reachable. Skipping connection attempt.
[2024-12-02T02:17:48.364Z] Error saving size data: Invalid OrderID. It must be a positive integer.
[2024-12-02T02:18:07.872Z] Error saving size data: Invalid OrderID. It must be a positive integer.
[2024-12-02T02:19:16.938Z] Error saving size data: Invalid OrderID. It must be a positive integer.
[2024-12-02T02:19:39.079Z] Error reading or processing Modbus registers: Req timed out
[2024-12-02T02:19:48.698Z] Device at 10.30.28.23 is not reachable. Skipping connection attempt.
[2024-12-02T02:21:55.346Z] Error reading or processing Modbus registers: Req timed out
[2024-12-02T02:22:04.202Z] Device at 10.30.28.23 is not reachable. Skipping connection attempt.
[2024-12-02T02:40:16.430Z] Error saving size data: clientAddress is not defined
[2024-12-02T02:40:17.044Z] Error saving size data: clientAddress is not defined
[2024-12-02T02:45:01.544Z] Error saving size data: clientAddress is not defined
[2024-12-02T02:45:02.134Z] Error saving size data: clientAddress is not defined
[2024-12-02T02:45:32.797Z] Error saving size data: clientAddress is not defined
[2024-12-02T02:45:33.427Z] Error saving size data: clientAddress is not defined
[2024-12-02T02:46:02.350Z] Error saving size data: ipAddress is not defined
[2024-12-02T02:46:02.981Z] Error saving size data: ipAddress is not defined
[2024-12-02T02:50:53.116Z] Error saving size data: Invalid OrderID. It must be a positive integer.
[2024-12-02T02:51:12.254Z] Error saving size data: Invalid OrderID. It must be a positive integer.
[2024-12-02T03:01:32.775Z] Error reading PartName from Modbus: ipAddress is not defined
[2024-12-02T03:01:32.775Z] Error saving size data: ipAddress is not defined
[2024-12-02T03:01:33.523Z] Error reading PartName from Modbus: ipAddress is not defined
[2024-12-02T03:01:33.523Z] Error saving size data: ipAddress is not defined
[2024-12-02T03:06:02.035Z] Error saving size data: Cannot access 'partName' before initialization
[2024-12-02T03:06:02.597Z] Error saving size data: Cannot access 'partName' before initialization
[2024-12-02T03:08:02.442Z] Error saving size data: Invalid OrderID. It must be a positive integer.
[2024-12-02T03:08:02.987Z] Error saving size data: Invalid OrderID. It must be a positive integer.
[2024-12-02T03:23:14.561Z] Error saving size data: Validation failed for parameter 'PartName'. Invalid string.
[2024-12-02T03:23:14.743Z] Error saving size data: Validation failed for parameter 'PartName'. Invalid string.
[2024-12-02T03:24:50.648Z] Error saving size data: Validation failed for parameter 'PartName'. Invalid string.
[2024-12-02T03:25:20.092Z] Error saving size data: Validation failed for parameter 'PartName'. Invalid string.
[2024-12-02T03:26:04.293Z] Error saving size data: Validation failed for parameter 'PartName'. Invalid string.
[2024-12-02T03:26:53.726Z] Error saving size data: Validation failed for parameter 'PartName'. Invalid string.
[2024-12-02T03:27:05.810Z] Error saving size data: Validation failed for parameter 'PartName'. Invalid string.
[2024-12-02T03:28:38.646Z] Error saving size data: Validation failed for parameter 'PartName'. Invalid string.
[2024-12-02T03:32:49.128Z] Error saving size data: Invalid OrderID. It must be a positive integer.
[2024-12-02T03:32:49.394Z] Error saving size data: Invalid OrderID. It must be a positive integer.
[2024-12-02T03:49:18.308Z] Error writing size "3" to registers starting at 168: InvalidValue
[2024-12-02T03:49:18.314Z] Error writing size "5.5" to registers starting at 238: InvalidValue
[2024-12-02T03:50:35.066Z] Error writing size "3" to registers starting at 168: InvalidValue
[2024-12-02T03:50:35.068Z] Error writing size "5.5" to registers starting at 238: InvalidValue
[2024-12-02T03:53:27.585Z] Error writing size "3" to registers starting at 168: InvalidValue
[2024-12-02T03:53:27.588Z] Error writing size "5.5" to registers starting at 238: InvalidValue
[2024-12-02T03:55:51.265Z] Error writing size "3" to registers starting at 168: InvalidValue
[2024-12-02T03:55:51.275Z] Error writing size "5.5" to registers starting at 238: InvalidValue
[2024-12-02T03:56:06.899Z] Error writing size "3" to registers starting at 168: InvalidValue
[2024-12-02T03:56:06.907Z] Error writing size "5.5" to registers starting at 238: InvalidValue
[2024-12-02T03:56:10.905Z] Error writing size "3" to registers starting at 168: InvalidValue
[2024-12-02T03:56:10.908Z] Error writing size "5.5" to registers starting at 238: InvalidValue
[2024-12-02T03:59:01.372Z] Error saving size data: sizeDataMap is not defined
[2024-12-02T03:59:20.512Z] Error saving size data: sizeDataMap is not defined
[2024-12-02T04:00:23.859Z] Error saving size data: sizeToRegisterMapping is not defined
[2024-12-02T04:00:36.953Z] Error saving size data: sizeToRegisterMapping is not defined
[2024-12-02T04:04:14.843Z] Error writing size "3" to registers starting at 168: InvalidValue
[2024-12-02T04:04:14.858Z] Error writing size "5.5" to registers starting at 238: InvalidValue
[2024-12-02T04:05:48.646Z] Error writing size "3" to registers starting at 168: InvalidValue
[2024-12-02T04:05:48.652Z] Error writing size "5.5" to registers starting at 238: InvalidValue
[2024-12-02T04:11:42.769Z] Error writing size "3" to registers starting at 168: InvalidValue
[2024-12-02T04:11:42.775Z] Error writing size "5.5" to registers starting at 238: InvalidValue
[2024-12-02T04:16:17.948Z] Error writing size "3" to registers starting at 168: InvalidValue
[2024-12-02T04:16:17.954Z] Error writing size "5.5" to registers starting at 238: InvalidValue
[2024-12-02T04:20:24.036Z] Error writing size "3" to registers starting at 168: InvalidValue
[2024-12-02T04:20:24.039Z] Error writing size "5.5" to registers starting at 238: InvalidValue
[2024-12-02T07:14:18.454Z] Unable to connect to device at 10.30.28.23: read ECONNRESET
[2024-12-02T07:14:18.456Z] Error reading register 6507 for IP 10.30.28.23: rejecting because of earlier OutOfSync error
[2024-12-02T07:14:18.456Z] Error writing to Modbus register: rejecting because of earlier OutOfSync error
[2024-12-02T07:14:18.456Z] Error reading register 6507 for IP 10.30.28.23: rejecting because of earlier OutOfSync error
[2024-12-02T07:14:18.456Z] Error writing to Modbus register: rejecting because of earlier OutOfSync error
[2024-12-02T07:14:18.456Z] Error reading register 6507 for IP 10.30.28.23: rejecting because of earlier OutOfSync error
[2024-12-02T07:14:18.456Z] Error writing to Modbus register: rejecting because of earlier OutOfSync error
[2024-12-02T07:14:18.457Z] Error reading register 6507 for IP 10.30.28.23: rejecting because of earlier OutOfSync error
[2024-12-02T07:14:18.457Z] Error writing to Modbus register: rejecting because of earlier OutOfSync error
[2024-12-02T07:14:18.457Z] Error reading or processing Modbus registers: connection to modbus server closed
[2024-12-02T07:14:18.457Z] Error reading or processing Modbus registers: rejecting because of earlier OutOfSync error
[2024-12-02T07:14:18.457Z] Error reading or processing Modbus registers: rejecting because of earlier OutOfSync error
[2024-12-02T07:14:18.457Z] Error reading or processing Modbus registers: rejecting because of earlier OutOfSync error
[2024-12-02T07:14:19.297Z] Error reading register 6507 for IP 10.30.28.23: no connection to modbus server
[2024-12-02T07:14:19.297Z] Error reading or processing Modbus registers: no connection to modbus server
[2024-12-02T07:14:19.297Z] Error writing to Modbus register: no connection to modbus server
[2024-12-02T07:14:20.312Z] Error reading register 6507 for IP 10.30.28.23: no connection to modbus server
[2024-12-02T07:14:20.312Z] Error writing to Modbus register: no connection to modbus server
[2024-12-02T07:14:20.312Z] Error reading or processing Modbus registers: no connection to modbus server
[2024-12-02T07:14:21.321Z] Error reading register 6507 for IP 10.30.28.23: no connection to modbus server
[2024-12-02T07:14:21.322Z] Error reading or processing Modbus registers: no connection to modbus server
[2024-12-02T07:14:21.322Z] Error writing to Modbus register: no connection to modbus server
[2024-12-02T07:14:22.334Z] Error reading register 6507 for IP 10.30.28.23: no connection to modbus server
[2024-12-02T07:14:22.334Z] Error reading or processing Modbus registers: no connection to modbus server
[2024-12-02T07:14:22.335Z] Error writing to Modbus register: no connection to modbus server
[2024-12-02T07:14:23.342Z] Error reading register 6507 for IP 10.30.28.23: no connection to modbus server
[2024-12-02T07:14:23.342Z] Error reading or processing Modbus registers: no connection to modbus server
[2024-12-02T07:14:23.343Z] Error writing to Modbus register: no connection to modbus server
[2024-12-02T07:14:24.349Z] Error reading register 6507 for IP 10.30.28.23: no connection to modbus server
[2024-12-02T07:14:24.349Z] Error reading or processing Modbus registers: no connection to modbus server
[2024-12-02T07:14:24.350Z] Error writing to Modbus register: no connection to modbus server
[2024-12-02T07:14:25.361Z] Error reading register 6507 for IP 10.30.28.23: no connection to modbus server
[2024-12-02T07:14:25.361Z] Error reading or processing Modbus registers: no connection to modbus server
[2024-12-02T07:14:25.361Z] Error writing to Modbus register: no connection to modbus server
[2024-12-02T07:14:26.374Z] Error reading register 6507 for IP 10.30.28.23: no connection to modbus server
[2024-12-02T07:14:26.375Z] Error reading or processing Modbus registers: no connection to modbus server
[2024-12-02T07:14:26.375Z] Error writing to Modbus register: no connection to modbus server
[2024-12-02T07:14:27.389Z] Error reading register 6507 for IP 10.30.28.23: no connection to modbus server
[2024-12-02T07:14:27.389Z] Error reading or processing Modbus registers: no connection to modbus server
[2024-12-02T07:14:27.389Z] Error writing to Modbus register: no connection to modbus server
[2024-12-02T07:14:28.400Z] Error reading register 6507 for IP 10.30.28.23: no connection to modbus server
[2024-12-02T07:14:28.400Z] Error reading or processing Modbus registers: no connection to modbus server
[2024-12-02T07:14:28.401Z] Error writing to Modbus register: no connection to modbus server
[2024-12-02T07:14:29.409Z] Error reading register 6507 for IP 10.30.28.23: no connection to modbus server
[2024-12-02T07:14:29.409Z] Error reading or processing Modbus registers: no connection to modbus server
[2024-12-02T07:14:29.409Z] Error writing to Modbus register: no connection to modbus server
[2024-12-02T07:14:30.424Z] Error reading register 6507 for IP 10.30.28.23: no connection to modbus server
[2024-12-02T07:14:30.424Z] Error reading or processing Modbus registers: no connection to modbus server
[2024-12-02T07:14:30.424Z] Error writing to Modbus register: no connection to modbus server
[2024-12-02T07:14:34.515Z] Error writing to Modbus register: OrderID không hợp lệ. Nó phải là số nguyên dương.
[2024-12-02T07:16:32.971Z] Unable to connect to device at 10.30.28.23: read ECONNRESET
[2024-12-02T07:16:32.975Z] Error reading register 6507 for IP 10.30.28.23: rejecting because of earlier OutOfSync error
[2024-12-02T07:16:32.976Z] Error reading register 6507 for IP 10.30.28.23: rejecting because of earlier OutOfSync error
[2024-12-02T07:16:32.976Z] Error writing to Modbus register: rejecting because of earlier OutOfSync error
[2024-12-02T07:16:32.976Z] Error reading register 6507 for IP 10.30.28.23: rejecting because of earlier OutOfSync error
[2024-12-02T07:16:32.977Z] Error reading or processing Modbus registers: rejecting because of earlier OutOfSync error
[2024-12-02T07:16:32.977Z] Error reading or processing Modbus registers: rejecting because of earlier OutOfSync error
[2024-12-02T07:16:32.976Z] Error writing to Modbus register: rejecting because of earlier OutOfSync error
[2024-12-02T07:16:32.976Z] Error writing to Modbus register: rejecting because of earlier OutOfSync error
[2024-12-02T07:16:32.977Z] Error reading or processing Modbus registers: connection to modbus server closed
[2024-12-02T07:16:33.637Z] Error reading register 6507 for IP 10.30.28.23: no connection to modbus server
[2024-12-02T07:16:33.638Z] Error reading or processing Modbus registers: no connection to modbus server
[2024-12-02T07:16:33.638Z] Error writing to Modbus register: no connection to modbus server
[2024-12-02T07:16:34.650Z] Error reading register 6507 for IP 10.30.28.23: no connection to modbus server
[2024-12-02T07:16:34.650Z] Error reading or processing Modbus registers: no connection to modbus server
[2024-12-02T07:16:34.651Z] Error writing to Modbus register: no connection to modbus server
[2024-12-02T07:16:35.663Z] Error reading register 6507 for IP 10.30.28.23: no connection to modbus server
[2024-12-02T07:16:35.663Z] Error reading or processing Modbus registers: no connection to modbus server
[2024-12-02T07:16:35.664Z] Error writing to Modbus register: no connection to modbus server
[2024-12-02T07:16:36.675Z] Error reading register 6507 for IP 10.30.28.23: no connection to modbus server
[2024-12-02T07:16:36.675Z] Error reading or processing Modbus registers: no connection to modbus server
[2024-12-02T07:16:36.676Z] Error writing to Modbus register: no connection to modbus server
[2024-12-02T07:16:37.690Z] Error reading register 6507 for IP 10.30.28.23: no connection to modbus server
[2024-12-02T07:16:37.690Z] Error reading or processing Modbus registers: no connection to modbus server
[2024-12-02T07:16:37.691Z] Error writing to Modbus register: no connection to modbus server
[2024-12-02T07:16:38.697Z] Error reading register 6507 for IP 10.30.28.23: no connection to modbus server
[2024-12-02T07:16:38.698Z] Error reading or processing Modbus registers: no connection to modbus server
[2024-12-02T07:16:38.698Z] Error writing to Modbus register: no connection to modbus server
[2024-12-02T07:16:39.703Z] Error reading register 6507 for IP 10.30.28.23: no connection to modbus server
[2024-12-02T07:16:39.703Z] Error reading or processing Modbus registers: no connection to modbus server
[2024-12-02T07:16:39.704Z] Error writing to Modbus register: no connection to modbus server
[2024-12-02T07:16:40.716Z] Error reading register 6507 for IP 10.30.28.23: no connection to modbus server
[2024-12-02T07:16:40.716Z] Error reading or processing Modbus registers: no connection to modbus server
[2024-12-02T07:16:40.716Z] Error writing to Modbus register: no connection to modbus server
[2024-12-02T07:16:41.728Z] Error reading register 6507 for IP 10.30.28.23: no connection to modbus server
[2024-12-02T07:16:41.728Z] Error reading or processing Modbus registers: no connection to modbus server
[2024-12-02T07:16:41.728Z] Error writing to Modbus register: no connection to modbus server
[2024-12-02T07:16:42.728Z] Error reading register 6507 for IP 10.30.28.23: no connection to modbus server
[2024-12-02T07:16:42.728Z] Error reading or processing Modbus registers: no connection to modbus server
[2024-12-02T07:16:42.729Z] Error writing to Modbus register: no connection to modbus server
[2024-12-02T07:16:43.735Z] Error reading register 6507 for IP 10.30.28.23: no connection to modbus server
[2024-12-02T07:16:43.735Z] Error reading or processing Modbus registers: no connection to modbus server
[2024-12-02T07:16:43.736Z] Error writing to Modbus register: no connection to modbus server
[2024-12-02T07:16:44.747Z] Error reading register 6507 for IP 10.30.28.23: no connection to modbus server
[2024-12-02T07:16:44.747Z] Error reading or processing Modbus registers: no connection to modbus server
[2024-12-02T07:16:44.747Z] Error writing to Modbus register: no connection to modbus server
[2024-12-02T07:16:45.756Z] Error reading register 6507 for IP 10.30.28.23: no connection to modbus server
[2024-12-02T07:16:45.756Z] Error writing to Modbus register: no connection to modbus server
[2024-12-02T07:16:45.756Z] Error reading or processing Modbus registers: no connection to modbus server
[2024-12-02T07:16:46.770Z] Error reading register 6507 for IP 10.30.28.23: no connection to modbus server
[2024-12-02T07:16:46.770Z] Error reading or processing Modbus registers: no connection to modbus server
[2024-12-02T07:16:46.770Z] Error writing to Modbus register: no connection to modbus server
[2024-12-02T07:16:47.782Z] Error reading register 6507 for IP 10.30.28.23: no connection to modbus server
[2024-12-02T07:16:47.782Z] Error reading or processing Modbus registers: no connection to modbus server
[2024-12-02T07:16:47.783Z] Error writing to Modbus register: no connection to modbus server
[2024-12-02T07:16:48.786Z] Error reading register 6507 for IP 10.30.28.23: no connection to modbus server
[2024-12-02T07:16:48.786Z] Error reading or processing Modbus registers: no connection to modbus server
[2024-12-02T07:16:48.786Z] Error writing to Modbus register: no connection to modbus server
[2024-12-02T07:16:49.796Z] Error reading register 6507 for IP 10.30.28.23: no connection to modbus server
[2024-12-02T07:16:49.796Z] Error reading or processing Modbus registers: no connection to modbus server
[2024-12-02T07:16:49.796Z] Error writing to Modbus register: no connection to modbus server
[2024-12-02T07:16:50.805Z] Error reading register 6507 for IP 10.30.28.23: no connection to modbus server
[2024-12-02T07:16:50.805Z] Error reading or processing Modbus registers: no connection to modbus server
[2024-12-02T07:16:50.806Z] Error writing to Modbus register: no connection to modbus server
[2024-12-02T07:16:51.817Z] Error reading register 6507 for IP 10.30.28.23: no connection to modbus server
[2024-12-02T07:16:51.817Z] Error reading or processing Modbus registers: no connection to modbus server
[2024-12-02T07:16:51.817Z] Error writing to Modbus register: no connection to modbus server
[2024-12-02T07:16:52.826Z] Error reading register 6507 for IP 10.30.28.23: no connection to modbus server
[2024-12-02T07:16:52.826Z] Error reading or processing Modbus registers: no connection to modbus server
[2024-12-02T07:16:52.827Z] Error writing to Modbus register: no connection to modbus server
[2024-12-02T07:16:53.837Z] Error reading register 6507 for IP 10.30.28.23: no connection to modbus server
[2024-12-02T07:16:53.837Z] Error reading or processing Modbus registers: no connection to modbus server
[2024-12-02T07:16:53.837Z] Error writing to Modbus register: no connection to modbus server
[2024-12-02T07:16:54.852Z] Error reading register 6507 for IP 10.30.28.23: no connection to modbus server
[2024-12-02T07:16:54.852Z] Error reading or processing Modbus registers: no connection to modbus server
[2024-12-02T07:16:54.852Z] Error writing to Modbus register: no connection to modbus server
[2024-12-02T07:16:55.858Z] Error reading register 6507 for IP 10.30.28.23: no connection to modbus server
[2024-12-02T07:16:55.858Z] Error reading or processing Modbus registers: no connection to modbus server
[2024-12-02T07:16:55.858Z] Error writing to Modbus register: no connection to modbus server
[2024-12-02T07:16:56.859Z] Error reading register 6507 for IP 10.30.28.23: no connection to modbus server
[2024-12-02T07:16:56.859Z] Error reading or processing Modbus registers: no connection to modbus server
[2024-12-02T07:16:56.859Z] Error writing to Modbus register: no connection to modbus server
[2024-12-02T07:16:57.863Z] Error reading register 6507 for IP 10.30.28.23: no connection to modbus server
[2024-12-02T07:16:57.863Z] Error reading or processing Modbus registers: no connection to modbus server
[2024-12-02T07:16:57.864Z] Error writing to Modbus register: no connection to modbus server
[2024-12-02T07:16:58.877Z] Error reading register 6507 for IP 10.30.28.23: no connection to modbus server
[2024-12-02T07:16:58.877Z] Error reading or processing Modbus registers: no connection to modbus server
[2024-12-02T07:16:58.877Z] Error writing to Modbus register: no connection to modbus server
[2024-12-02T07:16:59.887Z] Error reading register 6507 for IP 10.30.28.23: no connection to modbus server
[2024-12-02T07:16:59.888Z] Error reading or processing Modbus registers: no connection to modbus server
[2024-12-02T07:16:59.888Z] Error writing to Modbus register: no connection to modbus server
[2024-12-02T07:17:00.886Z] Error reading register 6507 for IP 10.30.28.23: no connection to modbus server
[2024-12-02T07:17:00.887Z] Error reading or processing Modbus registers: no connection to modbus server
[2024-12-02T07:17:00.901Z] Error writing to Modbus register: no connection to modbus server
[2024-12-02T07:17:01.898Z] Error reading register 6507 for IP 10.30.28.23: no connection to modbus server
[2024-12-02T07:17:01.898Z] Error reading or processing Modbus registers: no connection to modbus server
[2024-12-02T07:17:01.913Z] Error writing to Modbus register: no connection to modbus server
[2024-12-02T07:21:12.113Z] Unable to connect to device at 10.30.28.23: read ECONNRESET
[2024-12-02T07:21:12.118Z] Error reading register 6507 for IP 10.30.28.23: rejecting because of earlier OutOfSync error
[2024-12-02T07:21:12.119Z] Error writing to Modbus register: rejecting because of earlier OutOfSync error
[2024-12-02T07:21:12.119Z] Error reading register 6507 for IP 10.30.28.23: rejecting because of earlier OutOfSync error
[2024-12-02T07:21:12.119Z] Error writing to Modbus register: rejecting because of earlier OutOfSync error
[2024-12-02T07:21:12.119Z] Error reading or processing Modbus registers: connection to modbus server closed
[2024-12-02T07:21:12.119Z] Error reading or processing Modbus registers: rejecting because of earlier OutOfSync error
[2024-12-02T07:21:12.203Z] Error reading register 6507 for IP 10.30.28.23: no connection to modbus server
[2024-12-02T07:21:12.204Z] Error reading or processing Modbus registers: no connection to modbus server
[2024-12-02T07:21:12.204Z] Error writing to Modbus register: no connection to modbus server
[2024-12-02T07:21:13.210Z] Error reading register 6507 for IP 10.30.28.23: no connection to modbus server
[2024-12-02T07:21:13.210Z] Error reading or processing Modbus registers: no connection to modbus server
[2024-12-02T07:21:13.211Z] Error writing to Modbus register: no connection to modbus server
[2024-12-02T07:21:14.216Z] Error reading register 6507 for IP 10.30.28.23: no connection to modbus server
[2024-12-02T07:21:14.216Z] Error reading or processing Modbus registers: no connection to modbus server
[2024-12-02T07:21:14.216Z] Error writing to Modbus register: no connection to modbus server
[2024-12-02T07:21:15.224Z] Error reading register 6507 for IP 10.30.28.23: no connection to modbus server
[2024-12-02T07:21:15.224Z] Error reading or processing Modbus registers: no connection to modbus server
[2024-12-02T07:21:15.224Z] Error writing to Modbus register: no connection to modbus server
[2024-12-02T09:02:11.687Z] Unable to connect to device at 10.30.28.23: read ECONNRESET
[2024-12-02T09:02:11.689Z] Error reading register 6507 for IP 10.30.28.23: rejecting because of earlier OutOfSync error
[2024-12-02T09:02:11.689Z] Error writing to Modbus register: rejecting because of earlier OutOfSync error
[2024-12-02T09:02:11.690Z] Error reading register 6507 for IP 10.30.28.23: rejecting because of earlier OutOfSync error
[2024-12-02T09:02:11.690Z] Error writing to Modbus register: rejecting because of earlier OutOfSync error
[2024-12-02T09:02:11.690Z] Error reading register 6507 for IP 10.30.28.23: rejecting because of earlier OutOfSync error
[2024-12-02T09:02:11.690Z] Error writing to Modbus register: rejecting because of earlier OutOfSync error
[2024-12-02T09:02:11.691Z] Error reading or processing Modbus registers: connection to modbus server closed
[2024-12-02T09:02:11.691Z] Error reading or processing Modbus registers: rejecting because of earlier OutOfSync error
[2024-12-02T09:02:11.691Z] Error reading or processing Modbus registers: rejecting because of earlier OutOfSync error
[2024-12-02T09:02:12.157Z] Error reading register 6507 for IP 10.30.28.23: no connection to modbus server
[2024-12-02T09:02:12.157Z] Error reading or processing Modbus registers: no connection to modbus server
[2024-12-02T09:02:12.157Z] Error writing to Modbus register: no connection to modbus server
[2024-12-02T09:02:13.158Z] Error reading register 6507 for IP 10.30.28.23: no connection to modbus server
[2024-12-02T09:02:13.158Z] Error reading or processing Modbus registers: no connection to modbus server
[2024-12-02T09:02:13.172Z] Error writing to Modbus register: no connection to modbus server
[2024-12-02T09:02:14.172Z] Error reading register 6507 for IP 10.30.28.23: no connection to modbus server
[2024-12-02T09:02:14.173Z] Error reading or processing Modbus registers: no connection to modbus server
[2024-12-02T09:02:14.173Z] Error writing to Modbus register: no connection to modbus server
[2024-12-02T09:02:15.185Z] Error reading register 6507 for IP 10.30.28.23: no connection to modbus server
[2024-12-02T09:02:15.185Z] Error reading or processing Modbus registers: no connection to modbus server
[2024-12-02T09:02:15.186Z] Error writing to Modbus register: no connection to modbus server
[2024-12-02T09:02:16.199Z] Error reading register 6507 for IP 10.30.28.23: no connection to modbus server
[2024-12-02T09:02:16.200Z] Error reading or processing Modbus registers: no connection to modbus server
[2024-12-02T09:02:16.201Z] Error writing to Modbus register: no connection to modbus server
[2024-12-02T09:02:17.206Z] Error reading register 6507 for IP 10.30.28.23: no connection to modbus server
[2024-12-02T09:02:17.206Z] Error reading or processing Modbus registers: no connection to modbus server
[2024-12-02T09:02:17.206Z] Error writing to Modbus register: no connection to modbus server
[2024-12-02T09:02:18.205Z] Error reading register 6507 for IP 10.30.28.23: no connection to modbus server
[2024-12-02T09:02:18.205Z] Error reading or processing Modbus registers: no connection to modbus server
[2024-12-02T09:02:18.205Z] Error writing to Modbus register: no connection to modbus server
[2024-12-02T09:02:19.205Z] Error reading register 6507 for IP 10.30.28.23: no connection to modbus server
[2024-12-02T09:02:19.205Z] Error reading or processing Modbus registers: no connection to modbus server
[2024-12-02T09:02:19.205Z] Error writing to Modbus register: no connection to modbus server
[2024-12-02T09:02:20.205Z] Error reading register 6507 for IP 10.30.28.23: no connection to modbus server
[2024-12-02T09:02:20.205Z] Error reading or processing Modbus registers: no connection to modbus server
[2024-12-02T09:02:20.206Z] Error writing to Modbus register: no connection to modbus server
[2024-12-02T09:02:21.211Z] Error reading register 6507 for IP 10.30.28.23: no connection to modbus server
[2024-12-02T09:02:21.211Z] Error reading or processing Modbus registers: no connection to modbus server
[2024-12-02T09:02:21.211Z] Error writing to Modbus register: no connection to modbus server
[2024-12-02T09:02:22.225Z] Error reading register 6507 for IP 10.30.28.23: no connection to modbus server
[2024-12-02T09:02:22.225Z] Error reading or processing Modbus registers: no connection to modbus server
[2024-12-02T09:02:22.225Z] Error writing to Modbus register: no connection to modbus server
[2024-12-02T09:02:23.226Z] Error reading register 6507 for IP 10.30.28.23: no connection to modbus server
[2024-12-02T09:02:23.227Z] Error reading or processing Modbus registers: no connection to modbus server
[2024-12-02T09:02:23.227Z] Error writing to Modbus register: no connection to modbus server
[2024-12-02T09:02:24.238Z] Error reading register 6507 for IP 10.30.28.23: no connection to modbus server
[2024-12-02T09:02:24.238Z] Error reading or processing Modbus registers: no connection to modbus server
[2024-12-02T09:02:24.238Z] Error writing to Modbus register: no connection to modbus server
[2024-12-02T09:02:25.250Z] Error reading register 6507 for IP 10.30.28.23: no connection to modbus server
[2024-12-02T09:02:25.250Z] Error reading or processing Modbus registers: no connection to modbus server
[2024-12-02T09:02:25.251Z] Error writing to Modbus register: no connection to modbus server
[2024-12-02T09:02:26.257Z] Error reading register 6507 for IP 10.30.28.23: no connection to modbus server
[2024-12-02T09:02:26.257Z] Error reading or processing Modbus registers: no connection to modbus server
[2024-12-02T09:02:26.258Z] Error writing to Modbus register: no connection to modbus server
[2024-12-02T09:02:27.271Z] Error reading register 6507 for IP 10.30.28.23: no connection to modbus server
[2024-12-02T09:02:27.271Z] Error reading or processing Modbus registers: no connection to modbus server
[2024-12-02T09:02:27.271Z] Error writing to Modbus register: no connection to modbus server
[2024-12-02T09:02:28.282Z] Error reading register 6507 for IP 10.30.28.23: no connection to modbus server
[2024-12-02T09:02:28.282Z] Error reading or processing Modbus registers: no connection to modbus server
[2024-12-02T09:02:28.282Z] Error writing to Modbus register: no connection to modbus server
[2024-12-02T09:02:29.293Z] Error reading register 6507 for IP 10.30.28.23: no connection to modbus server
[2024-12-02T09:02:29.294Z] Error reading or processing Modbus registers: no connection to modbus server
[2024-12-02T09:02:29.294Z] Error writing to Modbus register: no connection to modbus server
[2024-12-02T09:02:30.302Z] Error reading register 6507 for IP 10.30.28.23: no connection to modbus server
[2024-12-02T09:02:30.302Z] Error reading or processing Modbus registers: no connection to modbus server
[2024-12-02T09:02:30.302Z] Error writing to Modbus register: no connection to modbus server
[2024-12-02T09:02:31.311Z] Error reading register 6507 for IP 10.30.28.23: no connection to modbus server
[2024-12-02T09:02:31.311Z] Error reading or processing Modbus registers: no connection to modbus server
[2024-12-02T09:02:31.312Z] Error writing to Modbus register: no connection to modbus server
[2024-12-02T09:02:32.316Z] Error reading register 6507 for IP 10.30.28.23: no connection to modbus server
[2024-12-02T09:02:32.317Z] Error reading or processing Modbus registers: no connection to modbus server
[2024-12-02T09:02:32.317Z] Error writing to Modbus register: no connection to modbus server
[2024-12-02T09:02:33.326Z] Error reading register 6507 for IP 10.30.28.23: no connection to modbus server
[2024-12-02T09:02:33.327Z] Error writing to Modbus register: no connection to modbus server
[2024-12-02T09:02:33.327Z] Error reading or processing Modbus registers: no connection to modbus server
[2024-12-02T09:02:34.331Z] Error reading register 6507 for IP 10.30.28.23: no connection to modbus server
[2024-12-02T09:02:34.332Z] Error reading or processing Modbus registers: no connection to modbus server
[2024-12-02T09:02:34.332Z] Error writing to Modbus register: no connection to modbus server
[2024-12-02T09:02:35.341Z] Error reading register 6507 for IP 10.30.28.23: no connection to modbus server
[2024-12-02T09:02:35.341Z] Error reading or processing Modbus registers: no connection to modbus server
[2024-12-02T09:02:35.341Z] Error writing to Modbus register: no connection to modbus server
[2024-12-02T09:02:36.353Z] Error reading register 6507 for IP 10.30.28.23: no connection to modbus server
[2024-12-02T09:02:36.353Z] Error reading or processing Modbus registers: no connection to modbus server
[2024-12-02T09:02:36.353Z] Error writing to Modbus register: no connection to modbus server
[2024-12-02T09:02:37.361Z] Error reading register 6507 for IP 10.30.28.23: no connection to modbus server
[2024-12-02T09:02:37.362Z] Error writing to Modbus register: no connection to modbus server
[2024-12-02T09:02:37.361Z] Error reading or processing Modbus registers: no connection to modbus server
[2024-12-02T09:02:38.371Z] Error reading register 6507 for IP 10.30.28.23: no connection to modbus server
[2024-12-02T09:02:38.371Z] Error reading or processing Modbus registers: no connection to modbus server
[2024-12-02T09:02:38.371Z] Error writing to Modbus register: no connection to modbus server
[2024-12-02T09:02:39.378Z] Error reading register 6507 for IP 10.30.28.23: no connection to modbus server
[2024-12-02T09:02:39.378Z] Error reading or processing Modbus registers: no connection to modbus server
[2024-12-02T09:02:39.378Z] Error writing to Modbus register: no connection to modbus server
[2024-12-02T09:02:40.390Z] Error reading register 6507 for IP 10.30.28.23: no connection to modbus server
[2024-12-02T09:02:40.391Z] Error reading or processing Modbus registers: no connection to modbus server
[2024-12-02T09:02:40.391Z] Error writing to Modbus register: no connection to modbus server
[2024-12-02T09:02:41.396Z] Error reading register 6507 for IP 10.30.28.23: no connection to modbus server
[2024-12-02T09:02:41.397Z] Error reading or processing Modbus registers: no connection to modbus server
[2024-12-02T09:02:41.397Z] Error writing to Modbus register: no connection to modbus server
[2024-12-02T09:02:42.406Z] Error reading register 6507 for IP 10.30.28.23: no connection to modbus server
[2024-12-02T09:02:42.406Z] Error reading or processing Modbus registers: no connection to modbus server
[2024-12-02T09:02:42.406Z] Error writing to Modbus register: no connection to modbus server
[2024-12-02T09:02:43.417Z] Error reading register 6507 for IP 10.30.28.23: no connection to modbus server
[2024-12-02T09:02:43.418Z] Error reading or processing Modbus registers: no connection to modbus server
[2024-12-02T09:02:43.418Z] Error writing to Modbus register: no connection to modbus server
[2024-12-02T09:02:44.431Z] Error reading register 6507 for IP 10.30.28.23: no connection to modbus server
[2024-12-02T09:02:44.431Z] Error reading or processing Modbus registers: no connection to modbus server
[2024-12-02T09:02:44.431Z] Error writing to Modbus register: no connection to modbus server
[2024-12-02T09:02:45.440Z] Error reading register 6507 for IP 10.30.28.23: no connection to modbus server
[2024-12-02T09:02:45.440Z] Error reading or processing Modbus registers: no connection to modbus server
[2024-12-02T09:02:45.441Z] Error writing to Modbus register: no connection to modbus server
[2024-12-02T09:02:46.446Z] Error reading register 6507 for IP 10.30.28.23: no connection to modbus server
[2024-12-02T09:02:46.446Z] Error reading or processing Modbus registers: no connection to modbus server
[2024-12-02T09:02:46.446Z] Error writing to Modbus register: no connection to modbus server
[2024-12-02T09:02:47.461Z] Error reading register 6507 for IP 10.30.28.23: no connection to modbus server
[2024-12-02T09:02:47.461Z] Error reading or processing Modbus registers: no connection to modbus server
[2024-12-02T09:02:47.461Z] Error writing to Modbus register: no connection to modbus server
[2024-12-02T09:02:48.467Z] Error reading register 6507 for IP 10.30.28.23: no connection to modbus server
[2024-12-02T09:02:48.467Z] Error reading or processing Modbus registers: no connection to modbus server
[2024-12-02T09:02:48.467Z] Error writing to Modbus register: no connection to modbus server
[2024-12-02T09:02:49.474Z] Error reading register 6507 for IP 10.30.28.23: no connection to modbus server
[2024-12-02T09:02:49.474Z] Error reading or processing Modbus registers: no connection to modbus server
[2024-12-02T09:02:49.475Z] Error writing to Modbus register: no connection to modbus server
[2024-12-02T09:02:50.476Z] Error reading register 6507 for IP 10.30.28.23: no connection to modbus server
[2024-12-02T09:02:50.476Z] Error reading or processing Modbus registers: no connection to modbus server
[2024-12-02T09:02:50.476Z] Error writing to Modbus register: no connection to modbus server
[2024-12-02T09:02:51.480Z] Error reading register 6507 for IP 10.30.28.23: no connection to modbus server
[2024-12-02T09:02:51.481Z] Error reading or processing Modbus registers: no connection to modbus server
[2024-12-02T09:02:51.481Z] Error writing to Modbus register: no connection to modbus server
[2024-12-02T09:02:52.482Z] Error reading register 6507 for IP 10.30.28.23: no connection to modbus server
[2024-12-02T09:02:52.482Z] Error reading or processing Modbus registers: no connection to modbus server
[2024-12-02T09:02:52.482Z] Error writing to Modbus register: no connection to modbus server
[2024-12-02T09:02:53.493Z] Error reading register 6507 for IP 10.30.28.23: no connection to modbus server
[2024-12-02T09:02:53.494Z] Error reading or processing Modbus registers: no connection to modbus server
[2024-12-02T09:02:53.496Z] Error writing to Modbus register: no connection to modbus server
[2024-12-02T09:02:54.502Z] Error reading register 6507 for IP 10.30.28.23: no connection to modbus server
[2024-12-02T09:02:54.502Z] Error reading or processing Modbus registers: no connection to modbus server
[2024-12-02T09:02:54.502Z] Error writing to Modbus register: no connection to modbus server
[2024-12-02T09:02:55.512Z] Error reading register 6507 for IP 10.30.28.23: no connection to modbus server
[2024-12-02T09:02:55.512Z] Error reading or processing Modbus registers: no connection to modbus server
[2024-12-02T09:02:55.512Z] Error writing to Modbus register: no connection to modbus server
[2024-12-02T09:02:56.515Z] Error reading register 6507 for IP 10.30.28.23: no connection to modbus server
[2024-12-02T09:02:56.515Z] Error reading or processing Modbus registers: no connection to modbus server
[2024-12-02T09:02:56.516Z] Error writing to Modbus register: no connection to modbus server
[2024-12-02T09:02:57.523Z] Error reading register 6507 for IP 10.30.28.23: no connection to modbus server
[2024-12-02T09:02:57.523Z] Error reading or processing Modbus registers: no connection to modbus server
[2024-12-02T09:02:57.523Z] Error writing to Modbus register: no connection to modbus server
[2024-12-02T09:02:58.527Z] Error reading register 6507 for IP 10.30.28.23: no connection to modbus server
[2024-12-02T09:02:58.527Z] Error reading or processing Modbus registers: no connection to modbus server
[2024-12-02T09:02:58.527Z] Error writing to Modbus register: no connection to modbus server
[2024-12-02T09:02:59.532Z] Error reading register 6507 for IP 10.30.28.23: no connection to modbus server
[2024-12-02T09:02:59.532Z] Error reading or processing Modbus registers: no connection to modbus server
[2024-12-02T09:02:59.533Z] Error writing to Modbus register: no connection to modbus server
[2024-12-02T09:03:00.534Z] Error reading register 6507 for IP 10.30.28.23: no connection to modbus server
[2024-12-02T09:03:00.534Z] Error reading or processing Modbus registers: no connection to modbus server
[2024-12-02T09:03:00.534Z] Error writing to Modbus register: no connection to modbus server
[2024-12-02T09:03:01.540Z] Error reading register 6507 for IP 10.30.28.23: no connection to modbus server
[2024-12-02T09:03:01.540Z] Error reading or processing Modbus registers: no connection to modbus server
[2024-12-02T09:03:01.541Z] Error writing to Modbus register: no connection to modbus server
[2024-12-02T09:03:02.547Z] Error reading register 6507 for IP 10.30.28.23: no connection to modbus server
[2024-12-02T09:03:02.547Z] Error reading or processing Modbus registers: no connection to modbus server
[2024-12-02T09:03:02.548Z] Error writing to Modbus register: no connection to modbus server
[2024-12-02T09:03:03.554Z] Error reading register 6507 for IP 10.30.28.23: no connection to modbus server
[2024-12-02T09:03:03.554Z] Error reading or processing Modbus registers: no connection to modbus server
[2024-12-02T09:03:03.554Z] Error writing to Modbus register: no connection to modbus server
[2024-12-02T09:03:04.562Z] Error reading register 6507 for IP 10.30.28.23: no connection to modbus server
[2024-12-02T09:03:04.562Z] Error reading or processing Modbus registers: no connection to modbus server
[2024-12-02T09:03:04.562Z] Error writing to Modbus register: no connection to modbus server
[2024-12-02T09:03:05.571Z] Error reading register 6507 for IP 10.30.28.23: no connection to modbus server
[2024-12-02T09:03:05.571Z] Error reading or processing Modbus registers: no connection to modbus server
[2024-12-02T09:03:05.571Z] Error writing to Modbus register: no connection to modbus server
[2024-12-02T09:03:06.581Z] Error reading register 6507 for IP 10.30.28.23: no connection to modbus server
[2024-12-02T09:03:06.581Z] Error reading or processing Modbus registers: no connection to modbus server
[2024-12-02T09:03:06.582Z] Error writing to Modbus register: no connection to modbus server
[2024-12-02T09:03:07.586Z] Error reading register 6507 for IP 10.30.28.23: no connection to modbus server
[2024-12-02T09:03:07.586Z] Error reading or processing Modbus registers: no connection to modbus server
[2024-12-02T09:03:07.586Z] Error writing to Modbus register: no connection to modbus server
[2024-12-02T09:03:08.590Z] Error reading register 6507 for IP 10.30.28.23: no connection to modbus server
[2024-12-02T09:03:08.591Z] Error reading or processing Modbus registers: no connection to modbus server
[2024-12-02T09:03:08.592Z] Error writing to Modbus register: no connection to modbus server
[2024-12-02T09:03:09.592Z] Error reading register 6507 for IP 10.30.28.23: no connection to modbus server
[2024-12-02T09:03:09.592Z] Error reading or processing Modbus registers: no connection to modbus server
[2024-12-02T09:03:09.593Z] Error writing to Modbus register: no connection to modbus server
[2024-12-02T09:03:10.595Z] Error reading register 6507 for IP 10.30.28.23: no connection to modbus server
[2024-12-02T09:03:10.596Z] Error reading or processing Modbus registers: no connection to modbus server
[2024-12-02T09:03:10.596Z] Error writing to Modbus register: no connection to modbus server
[2024-12-02T09:03:11.602Z] Error reading register 6507 for IP 10.30.28.23: no connection to modbus server
[2024-12-02T09:03:11.602Z] Error reading or processing Modbus registers: no connection to modbus server
[2024-12-02T09:03:11.603Z] Error writing to Modbus register: no connection to modbus server
[2024-12-02T09:03:12.614Z] Error reading register 6507 for IP 10.30.28.23: no connection to modbus server
[2024-12-02T09:03:12.614Z] Error reading or processing Modbus registers: no connection to modbus server
[2024-12-02T09:03:12.614Z] Error writing to Modbus register: no connection to modbus server
[2024-12-02T09:03:13.614Z] Error reading register 6507 for IP 10.30.28.23: no connection to modbus server
[2024-12-02T09:03:13.614Z] Error reading or processing Modbus registers: no connection to modbus server
[2024-12-02T09:03:13.615Z] Error writing to Modbus register: no connection to modbus server
[2024-12-02T09:03:14.622Z] Error reading register 6507 for IP 10.30.28.23: no connection to modbus server
[2024-12-02T09:03:14.622Z] Error reading or processing Modbus registers: no connection to modbus server
[2024-12-02T09:03:14.623Z] Error writing to Modbus register: no connection to modbus server
[2024-12-02T09:03:15.623Z] Error reading register 6507 for IP 10.30.28.23: no connection to modbus server
[2024-12-02T09:03:15.623Z] Error reading or processing Modbus registers: no connection to modbus server
[2024-12-02T09:03:15.623Z] Error writing to Modbus register: no connection to modbus server
[2024-12-02T09:03:16.637Z] Error reading register 6507 for IP 10.30.28.23: no connection to modbus server
[2024-12-02T09:03:16.637Z] Error reading or processing Modbus registers: no connection to modbus server
[2024-12-02T09:03:16.637Z] Error writing to Modbus register: no connection to modbus server
[2024-12-02T09:03:17.648Z] Error reading register 6507 for IP 10.30.28.23: no connection to modbus server
[2024-12-02T09:03:17.649Z] Error reading or processing Modbus registers: no connection to modbus server
[2024-12-02T09:03:17.649Z] Error writing to Modbus register: no connection to modbus server
[2024-12-02T09:03:18.651Z] Error reading register 6507 for IP 10.30.28.23: no connection to modbus server
[2024-12-02T09:03:18.651Z] Error reading or processing Modbus registers: no connection to modbus server
[2024-12-02T09:03:18.651Z] Error writing to Modbus register: no connection to modbus server
[2024-12-02T09:03:19.660Z] Error reading register 6507 for IP 10.30.28.23: no connection to modbus server
[2024-12-02T09:03:19.660Z] Error reading or processing Modbus registers: no connection to modbus server
[2024-12-02T09:03:19.660Z] Error writing to Modbus register: no connection to modbus server
[2024-12-02T09:03:20.671Z] Error reading register 6507 for IP 10.30.28.23: no connection to modbus server
[2024-12-02T09:03:20.671Z] Error reading or processing Modbus registers: no connection to modbus server
[2024-12-02T09:03:20.672Z] Error writing to Modbus register: no connection to modbus server
[2024-12-02T09:03:21.684Z] Error reading register 6507 for IP 10.30.28.23: no connection to modbus server
[2024-12-02T09:03:21.684Z] Error reading or processing Modbus registers: no connection to modbus server
[2024-12-02T09:03:21.684Z] Error writing to Modbus register: no connection to modbus server
[2024-12-02T09:03:22.696Z] Error reading register 6507 for IP 10.30.28.23: no connection to modbus server
[2024-12-02T09:03:22.696Z] Error reading or processing Modbus registers: no connection to modbus server
[2024-12-02T09:03:22.697Z] Error writing to Modbus register: no connection to modbus server
[2024-12-02T09:03:23.702Z] Error reading register 6507 for IP 10.30.28.23: no connection to modbus server
[2024-12-02T09:03:23.702Z] Error reading or processing Modbus registers: no connection to modbus server
[2024-12-02T09:03:23.702Z] Error writing to Modbus register: no connection to modbus server
[2024-12-02T09:03:24.712Z] Error reading register 6507 for IP 10.30.28.23: no connection to modbus server
[2024-12-02T09:03:24.712Z] Error reading or processing Modbus registers: no connection to modbus server
[2024-12-02T09:03:24.712Z] Error writing to Modbus register: no connection to modbus server
[2024-12-02T09:03:25.716Z] Error reading register 6507 for IP 10.30.28.23: no connection to modbus server
[2024-12-02T09:03:25.717Z] Error reading or processing Modbus registers: no connection to modbus server
[2024-12-02T09:03:25.717Z] Error writing to Modbus register: no connection to modbus server
[2024-12-02T09:03:26.722Z] Error reading or processing Modbus registers: no connection to modbus server
[2024-12-02T09:03:26.722Z] Error reading register 6507 for IP 10.30.28.23: no connection to modbus server
[2024-12-02T09:03:26.723Z] Error writing to Modbus register: no connection to modbus server
[2024-12-02T09:03:27.725Z] Error reading register 6507 for IP 10.30.28.23: no connection to modbus server
[2024-12-02T09:03:27.725Z] Error reading or processing Modbus registers: no connection to modbus server
[2024-12-02T09:03:27.726Z] Error writing to Modbus register: no connection to modbus server
[2024-12-02T09:03:28.733Z] Error reading register 6507 for IP 10.30.28.23: no connection to modbus server
[2024-12-02T09:03:28.733Z] Error reading or processing Modbus registers: no connection to modbus server
[2024-12-02T09:03:28.733Z] Error writing to Modbus register: no connection to modbus server
[2024-12-02T09:03:29.744Z] Error reading register 6507 for IP 10.30.28.23: no connection to modbus server
[2024-12-02T09:03:29.745Z] Error reading or processing Modbus registers: no connection to modbus server
[2024-12-02T09:03:29.745Z] Error writing to Modbus register: no connection to modbus server
[2024-12-02T09:03:30.757Z] Error reading register 6507 for IP 10.30.28.23: no connection to modbus server
[2024-12-02T09:03:30.757Z] Error reading or processing Modbus registers: no connection to modbus server
[2024-12-02T09:03:30.758Z] Error writing to Modbus register: no connection to modbus server
[2024-12-02T09:03:31.757Z] Error reading register 6507 for IP 10.30.28.23: no connection to modbus server
[2024-12-02T09:03:31.757Z] Error reading or processing Modbus registers: no connection to modbus server
[2024-12-02T09:03:31.758Z] Error writing to Modbus register: no connection to modbus server
[2024-12-02T09:03:32.770Z] Error reading register 6507 for IP 10.30.28.23: no connection to modbus server
[2024-12-02T09:03:32.771Z] Error reading or processing Modbus registers: no connection to modbus server
[2024-12-02T09:03:32.771Z] Error writing to Modbus register: no connection to modbus server
[2024-12-02T09:03:33.781Z] Error reading register 6507 for IP 10.30.28.23: no connection to modbus server
[2024-12-02T09:03:33.781Z] Error reading or processing Modbus registers: no connection to modbus server
[2024-12-02T09:03:33.781Z] Error writing to Modbus register: no connection to modbus server
[2024-12-02T09:03:34.791Z] Error reading register 6507 for IP 10.30.28.23: no connection to modbus server
[2024-12-02T09:03:34.791Z] Error reading or processing Modbus registers: no connection to modbus server
[2024-12-02T09:03:34.792Z] Error writing to Modbus register: no connection to modbus server
[2024-12-02T09:03:35.797Z] Error reading register 6507 for IP 10.30.28.23: no connection to modbus server
[2024-12-02T09:03:35.797Z] Error writing to Modbus register: no connection to modbus server
[2024-12-02T09:03:35.797Z] Error reading or processing Modbus registers: no connection to modbus server
[2024-12-02T09:03:36.811Z] Error reading register 6507 for IP 10.30.28.23: no connection to modbus server
[2024-12-02T09:03:36.811Z] Error reading or processing Modbus registers: no connection to modbus server
[2024-12-02T09:03:36.811Z] Error writing to Modbus register: no connection to modbus server
[2024-12-02T09:03:37.816Z] Error reading register 6507 for IP 10.30.28.23: no connection to modbus server
[2024-12-02T09:03:37.816Z] Error reading or processing Modbus registers: no connection to modbus server
[2024-12-02T09:03:37.816Z] Error writing to Modbus register: no connection to modbus server
[2024-12-02T09:03:38.821Z] Error reading register 6507 for IP 10.30.28.23: no connection to modbus server
[2024-12-02T09:03:38.821Z] Error reading or processing Modbus registers: no connection to modbus server
[2024-12-02T09:03:38.821Z] Error writing to Modbus register: no connection to modbus server
[2024-12-02T09:03:39.832Z] Error reading register 6507 for IP 10.30.28.23: no connection to modbus server
[2024-12-02T09:03:39.832Z] Error reading or processing Modbus registers: no connection to modbus server
[2024-12-02T09:03:39.832Z] Error writing to Modbus register: no connection to modbus server
[2024-12-02T09:03:40.841Z] Error reading register 6507 for IP 10.30.28.23: no connection to modbus server
[2024-12-02T09:03:40.841Z] Error reading or processing Modbus registers: no connection to modbus server
[2024-12-02T09:03:40.842Z] Error writing to Modbus register: no connection to modbus server
[2024-12-02T09:03:41.849Z] Error reading register 6507 for IP 10.30.28.23: no connection to modbus server
[2024-12-02T09:03:41.850Z] Error reading or processing Modbus registers: no connection to modbus server
[2024-12-02T09:03:41.851Z] Error writing to Modbus register: no connection to modbus server
[2024-12-02T09:03:42.857Z] Error reading register 6507 for IP 10.30.28.23: no connection to modbus server
[2024-12-02T09:03:42.857Z] Error reading or processing Modbus registers: no connection to modbus server
[2024-12-02T09:03:42.857Z] Error writing to Modbus register: no connection to modbus server
[2024-12-02T09:03:43.869Z] Error reading register 6507 for IP 10.30.28.23: no connection to modbus server
[2024-12-02T09:03:43.870Z] Error reading or processing Modbus registers: no connection to modbus server
[2024-12-02T09:03:43.870Z] Error writing to Modbus register: no connection to modbus server
[2024-12-02T09:03:44.871Z] Error reading register 6507 for IP 10.30.28.23: no connection to modbus server
[2024-12-02T09:03:44.872Z] Error reading or processing Modbus registers: no connection to modbus server
[2024-12-02T09:03:44.872Z] Error writing to Modbus register: no connection to modbus server
[2024-12-02T09:03:45.886Z] Error reading register 6507 for IP 10.30.28.23: no connection to modbus server
[2024-12-02T09:03:45.886Z] Error reading or processing Modbus registers: no connection to modbus server
[2024-12-02T09:03:45.886Z] Error writing to Modbus register: no connection to modbus server
[2024-12-02T09:03:46.887Z] Error reading register 6507 for IP 10.30.28.23: no connection to modbus server
[2024-12-02T09:03:46.887Z] Error reading or processing Modbus registers: no connection to modbus server
[2024-12-02T09:03:46.887Z] Error writing to Modbus register: no connection to modbus server
[2024-12-02T09:03:47.896Z] Error reading register 6507 for IP 10.30.28.23: no connection to modbus server
[2024-12-02T09:03:47.897Z] Error reading or processing Modbus registers: no connection to modbus server
[2024-12-02T09:03:47.897Z] Error writing to Modbus register: no connection to modbus server
[2024-12-02T09:03:48.903Z] Error reading register 6507 for IP 10.30.28.23: no connection to modbus server
[2024-12-02T09:03:48.903Z] Error reading or processing Modbus registers: no connection to modbus server
[2024-12-02T09:03:48.904Z] Error writing to Modbus register: no connection to modbus server
[2024-12-02T09:03:49.915Z] Error reading register 6507 for IP 10.30.28.23: no connection to modbus server
[2024-12-02T09:03:49.915Z] Error reading or processing Modbus registers: no connection to modbus server
[2024-12-02T09:03:49.916Z] Error writing to Modbus register: no connection to modbus server
[2024-12-02T09:03:50.925Z] Error reading register 6507 for IP 10.30.28.23: no connection to modbus server
[2024-12-02T09:03:50.925Z] Error reading or processing Modbus registers: no connection to modbus server
[2024-12-02T09:03:50.926Z] Error writing to Modbus register: no connection to modbus server
[2024-12-02T09:03:51.936Z] Error reading register 6507 for IP 10.30.28.23: no connection to modbus server
[2024-12-02T09:03:51.936Z] Error reading or processing Modbus registers: no connection to modbus server
[2024-12-02T09:03:51.936Z] Error writing to Modbus register: no connection to modbus server
[2024-12-02T09:03:52.946Z] Error reading register 6507 for IP 10.30.28.23: no connection to modbus server
[2024-12-02T09:03:52.946Z] Error reading or processing Modbus registers: no connection to modbus server
[2024-12-02T09:03:52.947Z] Error writing to Modbus register: no connection to modbus server
[2024-12-02T09:03:53.960Z] Error reading register 6507 for IP 10.30.28.23: no connection to modbus server
[2024-12-02T09:03:53.961Z] Error reading or processing Modbus registers: no connection to modbus server
[2024-12-02T09:03:53.961Z] Error writing to Modbus register: no connection to modbus server
[2024-12-02T09:03:54.968Z] Error reading register 6507 for IP 10.30.28.23: no connection to modbus server
[2024-12-02T09:03:54.969Z] Error reading or processing Modbus registers: no connection to modbus server
[2024-12-02T09:03:54.969Z] Error writing to Modbus register: no connection to modbus server
[2024-12-02T09:03:55.982Z] Error reading register 6507 for IP 10.30.28.23: no connection to modbus server
[2024-12-02T09:03:55.982Z] Error reading or processing Modbus registers: no connection to modbus server
[2024-12-02T09:03:55.983Z] Error writing to Modbus register: no connection to modbus server
[2024-12-02T09:03:56.992Z] Error reading register 6507 for IP 10.30.28.23: no connection to modbus server
[2024-12-02T09:03:56.992Z] Error reading or processing Modbus registers: no connection to modbus server
[2024-12-02T09:03:56.993Z] Error writing to Modbus register: no connection to modbus server
[2024-12-02T09:03:58.001Z] Error reading register 6507 for IP 10.30.28.23: no connection to modbus server
[2024-12-02T09:03:58.002Z] Error reading or processing Modbus registers: no connection to modbus server
[2024-12-02T09:03:58.002Z] Error writing to Modbus register: no connection to modbus server
[2024-12-02T09:03:59.012Z] Error reading register 6507 for IP 10.30.28.23: no connection to modbus server
[2024-12-02T09:03:59.012Z] Error reading or processing Modbus registers: no connection to modbus server
[2024-12-02T09:03:59.012Z] Error writing to Modbus register: no connection to modbus server
[2024-12-02T09:04:00.013Z] Error reading register 6507 for IP 10.30.28.23: no connection to modbus server
[2024-12-02T09:04:00.014Z] Error reading or processing Modbus registers: no connection to modbus server
[2024-12-02T09:04:00.014Z] Error writing to Modbus register: no connection to modbus server
[2024-12-02T09:04:01.027Z] Error reading register 6507 for IP 10.30.28.23: no connection to modbus server
[2024-12-02T09:04:01.027Z] Error reading or processing Modbus registers: no connection to modbus server
[2024-12-02T09:04:01.028Z] Error writing to Modbus register: no connection to modbus server
[2024-12-02T09:04:02.033Z] Error reading register 6507 for IP 10.30.28.23: no connection to modbus server
[2024-12-02T09:04:02.033Z] Error reading or processing Modbus registers: no connection to modbus server
[2024-12-02T09:04:02.033Z] Error writing to Modbus register: no connection to modbus server
[2024-12-02T09:04:03.041Z] Error reading register 6507 for IP 10.30.28.23: no connection to modbus server
[2024-12-02T09:04:03.042Z] Error reading or processing Modbus registers: no connection to modbus server
[2024-12-02T09:04:03.042Z] Error writing to Modbus register: no connection to modbus server
[2024-12-02T09:04:04.046Z] Error reading register 6507 for IP 10.30.28.23: no connection to modbus server
[2024-12-02T09:04:04.047Z] Error reading or processing Modbus registers: no connection to modbus server
[2024-12-02T09:04:04.047Z] Error writing to Modbus register: no connection to modbus server
[2024-12-02T09:04:05.051Z] Error reading register 6507 for IP 10.30.28.23: no connection to modbus server
[2024-12-02T09:04:05.051Z] Error reading or processing Modbus registers: no connection to modbus server
[2024-12-02T09:04:05.051Z] Error writing to Modbus register: no connection to modbus server
[2024-12-02T09:04:06.059Z] Error reading register 6507 for IP 10.30.28.23: no connection to modbus server
[2024-12-02T09:04:06.060Z] Error reading or processing Modbus registers: no connection to modbus server
[2024-12-02T09:04:06.060Z] Error writing to Modbus register: no connection to modbus server
[2024-12-02T09:04:07.072Z] Error reading register 6507 for IP 10.30.28.23: no connection to modbus server
[2024-12-02T09:04:07.072Z] Error reading or processing Modbus registers: no connection to modbus server
[2024-12-02T09:04:07.073Z] Error writing to Modbus register: no connection to modbus server
[2024-12-02T09:04:08.085Z] Error reading register 6507 for IP 10.30.28.23: no connection to modbus server
[2024-12-02T09:04:08.086Z] Error reading or processing Modbus registers: no connection to modbus server
[2024-12-02T09:04:08.086Z] Error writing to Modbus register: no connection to modbus server
[2024-12-02T09:04:09.097Z] Error reading register 6507 for IP 10.30.28.23: no connection to modbus server
[2024-12-02T09:04:09.097Z] Error reading or processing Modbus registers: no connection to modbus server
[2024-12-02T09:04:09.097Z] Error writing to Modbus register: no connection to modbus server
[2024-12-02T09:04:10.106Z] Error reading register 6507 for IP 10.30.28.23: no connection to modbus server
[2024-12-02T09:04:10.106Z] Error writing to Modbus register: no connection to modbus server
[2024-12-02T09:04:10.106Z] Error reading or processing Modbus registers: no connection to modbus server
[2024-12-02T09:04:11.119Z] Error reading register 6507 for IP 10.30.28.23: no connection to modbus server
[2024-12-02T09:04:11.119Z] Error reading or processing Modbus registers: no connection to modbus server
[2024-12-02T09:04:11.119Z] Error writing to Modbus register: no connection to modbus server
[2024-12-02T09:04:12.126Z] Error reading register 6507 for IP 10.30.28.23: no connection to modbus server
[2024-12-02T09:04:12.127Z] Error reading or processing Modbus registers: no connection to modbus server
[2024-12-02T09:04:12.127Z] Error writing to Modbus register: no connection to modbus server
[2024-12-02T09:04:13.136Z] Error reading register 6507 for IP 10.30.28.23: no connection to modbus server
[2024-12-02T09:04:13.136Z] Error reading or processing Modbus registers: no connection to modbus server
[2024-12-02T09:04:13.136Z] Error writing to Modbus register: no connection to modbus server
[2024-12-02T09:04:14.146Z] Error reading register 6507 for IP 10.30.28.23: no connection to modbus server
[2024-12-02T09:04:14.146Z] Error reading or processing Modbus registers: no connection to modbus server
[2024-12-02T09:04:14.146Z] Error writing to Modbus register: no connection to modbus server
[2024-12-02T09:04:15.156Z] Error reading register 6507 for IP 10.30.28.23: no connection to modbus server
[2024-12-02T09:04:15.156Z] Error writing to Modbus register: no connection to modbus server
[2024-12-02T09:04:15.156Z] Error reading or processing Modbus registers: no connection to modbus server
[2024-12-02T09:04:16.163Z] Error reading register 6507 for IP 10.30.28.23: no connection to modbus server
[2024-12-02T09:04:16.163Z] Error reading or processing Modbus registers: no connection to modbus server
[2024-12-02T09:04:16.164Z] Error writing to Modbus register: no connection to modbus server
[2024-12-02T09:04:17.172Z] Error reading register 6507 for IP 10.30.28.23: no connection to modbus server
[2024-12-02T09:04:17.172Z] Error reading or processing Modbus registers: no connection to modbus server
[2024-12-02T09:04:17.172Z] Error writing to Modbus register: no connection to modbus server
[2024-12-02T09:04:18.178Z] Error reading register 6507 for IP 10.30.28.23: no connection to modbus server
[2024-12-02T09:04:18.179Z] Error reading or processing Modbus registers: no connection to modbus server
[2024-12-02T09:04:18.179Z] Error writing to Modbus register: no connection to modbus server
[2024-12-02T09:04:19.184Z] Error reading register 6507 for IP 10.30.28.23: no connection to modbus server
[2024-12-02T09:04:19.184Z] Error reading or processing Modbus registers: no connection to modbus server
[2024-12-02T09:04:19.184Z] Error writing to Modbus register: no connection to modbus server
[2024-12-02T09:04:20.192Z] Error reading register 6507 for IP 10.30.28.23: no connection to modbus server
[2024-12-02T09:04:20.192Z] Error reading or processing Modbus registers: no connection to modbus server
[2024-12-02T09:04:20.193Z] Error writing to Modbus register: no connection to modbus server
[2024-12-02T09:04:21.207Z] Error reading register 6507 for IP 10.30.28.23: no connection to modbus server
[2024-12-02T09:04:21.207Z] Error reading or processing Modbus registers: no connection to modbus server
[2024-12-02T09:04:21.208Z] Error writing to Modbus register: no connection to modbus server
[2024-12-02T09:04:22.218Z] Error reading register 6507 for IP 10.30.28.23: no connection to modbus server
[2024-12-02T09:04:22.218Z] Error reading or processing Modbus registers: no connection to modbus server
[2024-12-02T09:04:22.218Z] Error writing to Modbus register: no connection to modbus server
[2024-12-02T09:04:23.228Z] Error reading register 6507 for IP 10.30.28.23: no connection to modbus server
[2024-12-02T09:04:23.228Z] Error reading or processing Modbus registers: no connection to modbus server
[2024-12-02T09:04:23.228Z] Error writing to Modbus register: no connection to modbus server
[2024-12-02T09:04:24.234Z] Error reading register 6507 for IP 10.30.28.23: no connection to modbus server
[2024-12-02T09:04:24.234Z] Error reading or processing Modbus registers: no connection to modbus server
[2024-12-02T09:04:24.234Z] Error writing to Modbus register: no connection to modbus server
[2024-12-02T09:04:25.239Z] Error reading register 6507 for IP 10.30.28.23: no connection to modbus server
[2024-12-02T09:04:25.240Z] Error reading or processing Modbus registers: no connection to modbus server
[2024-12-02T09:04:25.240Z] Error writing to Modbus register: no connection to modbus server
[2024-12-02T09:04:26.246Z] Error reading register 6507 for IP 10.30.28.23: no connection to modbus server
[2024-12-02T09:04:26.246Z] Error reading or processing Modbus registers: no connection to modbus server
[2024-12-02T09:04:26.246Z] Error writing to Modbus register: no connection to modbus server
[2024-12-02T09:04:27.251Z] Error reading register 6507 for IP 10.30.28.23: no connection to modbus server
[2024-12-02T09:04:27.252Z] Error reading or processing Modbus registers: no connection to modbus server
[2024-12-02T09:04:27.252Z] Error writing to Modbus register: no connection to modbus server
[2024-12-02T09:04:28.260Z] Error reading register 6507 for IP 10.30.28.23: no connection to modbus server
[2024-12-02T09:04:28.260Z] Error reading or processing Modbus registers: no connection to modbus server
[2024-12-02T09:04:28.260Z] Error writing to Modbus register: no connection to modbus server
[2024-12-02T09:04:29.269Z] Error reading register 6507 for IP 10.30.28.23: no connection to modbus server
[2024-12-02T09:04:29.269Z] Error reading or processing Modbus registers: no connection to modbus server
[2024-12-02T09:04:29.269Z] Error writing to Modbus register: no connection to modbus server
[2024-12-02T09:04:30.272Z] Error reading register 6507 for IP 10.30.28.23: no connection to modbus server
[2024-12-02T09:04:30.272Z] Error reading or processing Modbus registers: no connection to modbus server
[2024-12-02T09:04:30.272Z] Error writing to Modbus register: no connection to modbus server
[2024-12-02T09:04:31.282Z] Error reading register 6507 for IP 10.30.28.23: no connection to modbus server
[2024-12-02T09:04:31.283Z] Error reading or processing Modbus registers: no connection to modbus server
[2024-12-02T09:04:31.284Z] Error writing to Modbus register: no connection to modbus server
[2024-12-02T09:04:32.296Z] Error reading register 6507 for IP 10.30.28.23: no connection to modbus server
[2024-12-02T09:04:32.297Z] Error reading or processing Modbus registers: no connection to modbus server
[2024-12-02T09:04:32.297Z] Error writing to Modbus register: no connection to modbus server
[2024-12-02T09:04:33.305Z] Error reading register 6507 for IP 10.30.28.23: no connection to modbus server
[2024-12-02T09:04:33.305Z] Error reading or processing Modbus registers: no connection to modbus server
[2024-12-02T09:04:33.305Z] Error writing to Modbus register: no connection to modbus server
[2024-12-02T09:04:34.305Z] Error reading register 6507 for IP 10.30.28.23: no connection to modbus server
[2024-12-02T09:04:34.305Z] Error reading or processing Modbus registers: no connection to modbus server
[2024-12-02T09:04:34.306Z] Error writing to Modbus register: no connection to modbus server
[2024-12-02T09:04:35.319Z] Error reading register 6507 for IP 10.30.28.23: no connection to modbus server
[2024-12-02T09:04:35.319Z] Error reading or processing Modbus registers: no connection to modbus server
[2024-12-02T09:04:35.319Z] Error writing to Modbus register: no connection to modbus server
[2024-12-02T09:04:36.328Z] Error reading register 6507 for IP 10.30.28.23: no connection to modbus server
[2024-12-02T09:04:36.329Z] Error reading or processing Modbus registers: no connection to modbus server
[2024-12-02T09:04:36.329Z] Error writing to Modbus register: no connection to modbus server
[2024-12-02T09:04:37.331Z] Error reading register 6507 for IP 10.30.28.23: no connection to modbus server
[2024-12-02T09:04:37.331Z] Error reading or processing Modbus registers: no connection to modbus server
[2024-12-02T09:04:37.331Z] Error writing to Modbus register: no connection to modbus server
[2024-12-02T09:04:38.341Z] Error reading register 6507 for IP 10.30.28.23: no connection to modbus server
[2024-12-02T09:04:38.341Z] Error reading or processing Modbus registers: no connection to modbus server
[2024-12-02T09:04:38.341Z] Error writing to Modbus register: no connection to modbus server
[2024-12-02T09:04:39.347Z] Error reading register 6507 for IP 10.30.28.23: no connection to modbus server
[2024-12-02T09:04:39.347Z] Error reading or processing Modbus registers: no connection to modbus server
[2024-12-02T09:04:39.347Z] Error writing to Modbus register: no connection to modbus server
[2024-12-02T09:04:40.360Z] Error reading register 6507 for IP 10.30.28.23: no connection to modbus server
[2024-12-02T09:04:40.360Z] Error reading or processing Modbus registers: no connection to modbus server
[2024-12-02T09:04:40.360Z] Error writing to Modbus register: no connection to modbus server
[2024-12-02T09:04:41.373Z] Error reading register 6507 for IP 10.30.28.23: no connection to modbus server
[2024-12-02T09:04:41.373Z] Error reading or processing Modbus registers: no connection to modbus server
[2024-12-02T09:04:41.373Z] Error writing to Modbus register: no connection to modbus server
[2024-12-02T09:04:42.388Z] Error reading register 6507 for IP 10.30.28.23: no connection to modbus server
[2024-12-02T09:04:42.388Z] Error reading or processing Modbus registers: no connection to modbus server
[2024-12-02T09:04:42.389Z] Error writing to Modbus register: no connection to modbus server
[2024-12-02T09:04:43.389Z] Error reading register 6507 for IP 10.30.28.23: no connection to modbus server
[2024-12-02T09:04:43.389Z] Error reading or processing Modbus registers: no connection to modbus server
[2024-12-02T09:04:43.389Z] Error writing to Modbus register: no connection to modbus server
[2024-12-02T09:04:44.397Z] Error reading register 6507 for IP 10.30.28.23: no connection to modbus server
[2024-12-02T09:04:44.397Z] Error reading or processing Modbus registers: no connection to modbus server
[2024-12-02T09:04:44.398Z] Error writing to Modbus register: no connection to modbus server
[2024-12-02T09:04:45.405Z] Error reading register 6507 for IP 10.30.28.23: no connection to modbus server
[2024-12-02T09:04:45.406Z] Error reading or processing Modbus registers: no connection to modbus server
[2024-12-02T09:04:45.406Z] Error writing to Modbus register: no connection to modbus server
[2024-12-02T09:04:46.412Z] Error reading register 6507 for IP 10.30.28.23: no connection to modbus server
[2024-12-02T09:04:46.412Z] Error reading or processing Modbus registers: no connection to modbus server
[2024-12-02T09:04:46.412Z] Error writing to Modbus register: no connection to modbus server
[2024-12-02T09:04:47.416Z] Error reading register 6507 for IP 10.30.28.23: no connection to modbus server
[2024-12-02T09:04:47.416Z] Error reading or processing Modbus registers: no connection to modbus server
[2024-12-02T09:04:47.416Z] Error writing to Modbus register: no connection to modbus server
[2024-12-02T09:04:48.423Z] Error reading register 6507 for IP 10.30.28.23: no connection to modbus server
[2024-12-02T09:04:48.423Z] Error reading or processing Modbus registers: no connection to modbus server
[2024-12-02T09:04:48.423Z] Error writing to Modbus register: no connection to modbus server
[2024-12-02T09:04:49.432Z] Error reading register 6507 for IP 10.30.28.23: no connection to modbus server
[2024-12-02T09:04:49.433Z] Error writing to Modbus register: no connection to modbus server
[2024-12-02T09:04:49.432Z] Error reading or processing Modbus registers: no connection to modbus server
[2024-12-02T09:04:50.439Z] Error reading register 6507 for IP 10.30.28.23: no connection to modbus server
[2024-12-02T09:04:50.439Z] Error writing to Modbus register: no connection to modbus server
[2024-12-02T09:04:50.439Z] Error reading or processing Modbus registers: no connection to modbus server
[2024-12-02T09:04:51.445Z] Error reading register 6507 for IP 10.30.28.23: no connection to modbus server
[2024-12-02T09:04:51.445Z] Error reading or processing Modbus registers: no connection to modbus server
[2024-12-02T09:04:51.445Z] Error writing to Modbus register: no connection to modbus server
[2024-12-02T09:04:52.453Z] Error reading register 6507 for IP 10.30.28.23: no connection to modbus server
[2024-12-02T09:04:52.453Z] Error reading or processing Modbus registers: no connection to modbus server
[2024-12-02T09:04:52.453Z] Error writing to Modbus register: no connection to modbus server
[2024-12-02T09:04:53.458Z] Error reading register 6507 for IP 10.30.28.23: no connection to modbus server
[2024-12-02T09:04:53.458Z] Error reading or processing Modbus registers: no connection to modbus server
[2024-12-02T09:04:53.458Z] Error writing to Modbus register: no connection to modbus server
[2024-12-02T09:04:54.463Z] Error reading register 6507 for IP 10.30.28.23: no connection to modbus server
[2024-12-02T09:04:54.463Z] Error reading or processing Modbus registers: no connection to modbus server
[2024-12-02T09:04:54.464Z] Error writing to Modbus register: no connection to modbus server
[2024-12-02T09:04:55.469Z] Error reading register 6507 for IP 10.30.28.23: no connection to modbus server
[2024-12-02T09:04:55.469Z] Error reading or processing Modbus registers: no connection to modbus server
[2024-12-02T09:04:55.469Z] Error writing to Modbus register: no connection to modbus server
[2024-12-02T09:04:56.479Z] Error reading register 6507 for IP 10.30.28.23: no connection to modbus server
[2024-12-02T09:04:56.479Z] Error reading or processing Modbus registers: no connection to modbus server
[2024-12-02T09:04:56.479Z] Error writing to Modbus register: no connection to modbus server
[2024-12-02T09:04:57.491Z] Error reading or processing Modbus registers: no connection to modbus server
[2024-12-02T09:04:57.491Z] Error reading register 6507 for IP 10.30.28.23: no connection to modbus server
[2024-12-02T09:04:57.491Z] Error writing to Modbus register: no connection to modbus server
[2024-12-02T09:04:58.503Z] Error reading register 6507 for IP 10.30.28.23: no connection to modbus server
[2024-12-02T09:04:58.503Z] Error reading or processing Modbus registers: no connection to modbus server
[2024-12-02T09:04:58.503Z] Error writing to Modbus register: no connection to modbus server
[2024-12-02T09:04:59.517Z] Error reading register 6507 for IP 10.30.28.23: no connection to modbus server
[2024-12-02T09:04:59.517Z] Error reading or processing Modbus registers: no connection to modbus server
[2024-12-02T09:04:59.518Z] Error writing to Modbus register: no connection to modbus server
[2024-12-02T09:05:00.523Z] Error reading register 6507 for IP 10.30.28.23: no connection to modbus server
[2024-12-02T09:05:00.523Z] Error reading or processing Modbus registers: no connection to modbus server
[2024-12-02T09:05:00.523Z] Error writing to Modbus register: no connection to modbus server
[2024-12-02T09:05:01.527Z] Error reading register 6507 for IP 10.30.28.23: no connection to modbus server
[2024-12-02T09:05:01.528Z] Error reading or processing Modbus registers: no connection to modbus server
[2024-12-02T09:05:01.528Z] Error writing to Modbus register: no connection to modbus server
[2024-12-02T09:05:02.541Z] Error reading register 6507 for IP 10.30.28.23: no connection to modbus server
[2024-12-02T09:05:02.541Z] Error reading or processing Modbus registers: no connection to modbus server
[2024-12-02T09:05:02.541Z] Error writing to Modbus register: no connection to modbus server
[2024-12-02T09:05:03.553Z] Error reading register 6507 for IP 10.30.28.23: no connection to modbus server
[2024-12-02T09:05:03.553Z] Error reading or processing Modbus registers: no connection to modbus server
[2024-12-02T09:05:03.554Z] Error writing to Modbus register: no connection to modbus server
[2024-12-02T09:05:04.562Z] Error reading register 6507 for IP 10.30.28.23: no connection to modbus server
[2024-12-02T09:05:04.562Z] Error reading or processing Modbus registers: no connection to modbus server
[2024-12-02T09:05:04.563Z] Error writing to Modbus register: no connection to modbus server
[2024-12-02T09:05:05.572Z] Error reading register 6507 for IP 10.30.28.23: no connection to modbus server
[2024-12-02T09:05:05.572Z] Error reading or processing Modbus registers: no connection to modbus server
[2024-12-02T09:05:05.573Z] Error writing to Modbus register: no connection to modbus server
[2024-12-02T09:05:06.584Z] Error reading register 6507 for IP 10.30.28.23: no connection to modbus server
[2024-12-02T09:05:06.585Z] Error reading or processing Modbus registers: no connection to modbus server
[2024-12-02T09:05:06.585Z] Error writing to Modbus register: no connection to modbus server
[2024-12-02T09:05:07.590Z] Error reading register 6507 for IP 10.30.28.23: no connection to modbus server
[2024-12-02T09:05:07.591Z] Error reading or processing Modbus registers: no connection to modbus server
[2024-12-02T09:05:07.591Z] Error writing to Modbus register: no connection to modbus server
[2024-12-02T09:05:08.597Z] Error reading register 6507 for IP 10.30.28.23: no connection to modbus server
[2024-12-02T09:05:08.597Z] Error reading or processing Modbus registers: no connection to modbus server
[2024-12-02T09:05:08.598Z] Error writing to Modbus register: no connection to modbus server
[2024-12-02T09:05:09.605Z] Error reading register 6507 for IP 10.30.28.23: no connection to modbus server
[2024-12-02T09:05:09.605Z] Error reading or processing Modbus registers: no connection to modbus server
[2024-12-02T09:05:09.606Z] Error writing to Modbus register: no connection to modbus server
[2024-12-02T09:05:10.618Z] Error reading register 6507 for IP 10.30.28.23: no connection to modbus server
[2024-12-02T09:05:10.618Z] Error reading or processing Modbus registers: no connection to modbus server
[2024-12-02T09:05:10.619Z] Error writing to Modbus register: no connection to modbus server
[2024-12-02T09:05:11.630Z] Error reading register 6507 for IP 10.30.28.23: no connection to modbus server
[2024-12-02T09:05:11.630Z] Error reading or processing Modbus registers: no connection to modbus server
[2024-12-02T09:05:11.631Z] Error writing to Modbus register: no connection to modbus server
[2024-12-02T09:05:12.640Z] Error reading register 6507 for IP 10.30.28.23: no connection to modbus server
[2024-12-02T09:05:12.640Z] Error reading or processing Modbus registers: no connection to modbus server
[2024-12-02T09:05:12.641Z] Error writing to Modbus register: no connection to modbus server
[2024-12-02T09:05:13.649Z] Error reading register 6507 for IP 10.30.28.23: no connection to modbus server
[2024-12-02T09:05:13.649Z] Error reading or processing Modbus registers: no connection to modbus server
[2024-12-02T09:05:13.649Z] Error writing to Modbus register: no connection to modbus server
[2024-12-02T09:05:14.658Z] Error reading register 6507 for IP 10.30.28.23: no connection to modbus server
[2024-12-02T09:05:14.658Z] Error reading or processing Modbus registers: no connection to modbus server
[2024-12-02T09:05:14.658Z] Error writing to Modbus register: no connection to modbus server
[2024-12-02T09:05:15.668Z] Error reading register 6507 for IP 10.30.28.23: no connection to modbus server
[2024-12-02T09:05:15.669Z] Error reading or processing Modbus registers: no connection to modbus server
[2024-12-02T09:05:15.669Z] Error writing to Modbus register: no connection to modbus server
[2024-12-02T09:05:16.671Z] Error reading register 6507 for IP 10.30.28.23: no connection to modbus server
[2024-12-02T09:05:16.671Z] Error reading or processing Modbus registers: no connection to modbus server
[2024-12-02T09:05:16.671Z] Error writing to Modbus register: no connection to modbus server
[2024-12-02T09:05:17.673Z] Error reading register 6507 for IP 10.30.28.23: no connection to modbus server
[2024-12-02T09:05:17.674Z] Error reading or processing Modbus registers: no connection to modbus server
[2024-12-02T09:05:17.674Z] Error writing to Modbus register: no connection to modbus server
[2024-12-02T09:05:18.683Z] Error reading register 6507 for IP 10.30.28.23: no connection to modbus server
[2024-12-02T09:05:18.684Z] Error writing to Modbus register: no connection to modbus server
[2024-12-02T09:05:18.683Z] Error reading or processing Modbus registers: no connection to modbus server
[2024-12-02T09:05:19.691Z] Error reading register 6507 for IP 10.30.28.23: no connection to modbus server
[2024-12-02T09:05:19.691Z] Error reading or processing Modbus registers: no connection to modbus server
[2024-12-02T09:05:19.692Z] Error writing to Modbus register: no connection to modbus server
[2024-12-02T09:05:20.701Z] Error reading register 6507 for IP 10.30.28.23: no connection to modbus server
[2024-12-02T09:05:20.702Z] Error reading or processing Modbus registers: no connection to modbus server
[2024-12-02T09:05:20.702Z] Error writing to Modbus register: no connection to modbus server
[2024-12-02T09:05:21.708Z] Error reading register 6507 for IP 10.30.28.23: no connection to modbus server
[2024-12-02T09:05:21.708Z] Error reading or processing Modbus registers: no connection to modbus server
[2024-12-02T09:05:21.709Z] Error writing to Modbus register: no connection to modbus server
[2024-12-02T09:05:22.715Z] Error reading register 6507 for IP 10.30.28.23: no connection to modbus server
[2024-12-02T09:05:22.715Z] Error reading or processing Modbus registers: no connection to modbus server
[2024-12-02T09:05:22.715Z] Error writing to Modbus register: no connection to modbus server
[2024-12-02T09:05:23.724Z] Error reading register 6507 for IP 10.30.28.23: no connection to modbus server
[2024-12-02T09:05:23.725Z] Error reading or processing Modbus registers: no connection to modbus server
[2024-12-02T09:05:23.725Z] Error writing to Modbus register: no connection to modbus server
[2024-12-02T09:05:24.735Z] Error reading register 6507 for IP 10.30.28.23: no connection to modbus server
[2024-12-02T09:05:24.736Z] Error writing to Modbus register: no connection to modbus server
[2024-12-02T09:05:24.735Z] Error reading or processing Modbus registers: no connection to modbus server
[2024-12-02T09:05:25.744Z] Error reading register 6507 for IP 10.30.28.23: no connection to modbus server
[2024-12-02T09:05:25.744Z] Error reading or processing Modbus registers: no connection to modbus server
[2024-12-02T09:05:25.744Z] Error writing to Modbus register: no connection to modbus server
[2024-12-02T09:05:26.753Z] Error reading register 6507 for IP 10.30.28.23: no connection to modbus server
[2024-12-02T09:05:26.753Z] Error reading or processing Modbus registers: no connection to modbus server
[2024-12-02T09:05:26.753Z] Error writing to Modbus register: no connection to modbus server
[2024-12-02T09:05:27.767Z] Error reading register 6507 for IP 10.30.28.23: no connection to modbus server
[2024-12-02T09:05:27.767Z] Error reading or processing Modbus registers: no connection to modbus server
[2024-12-02T09:05:27.768Z] Error writing to Modbus register: no connection to modbus server
[2024-12-02T09:05:28.779Z] Error reading register 6507 for IP 10.30.28.23: no connection to modbus server
[2024-12-02T09:05:28.779Z] Error reading or processing Modbus registers: no connection to modbus server
[2024-12-02T09:05:28.779Z] Error writing to Modbus register: no connection to modbus server
[2024-12-02T09:05:29.780Z] Error reading register 6507 for IP 10.30.28.23: no connection to modbus server
[2024-12-02T09:05:29.781Z] Error writing to Modbus register: no connection to modbus server
[2024-12-02T09:05:29.780Z] Error reading or processing Modbus registers: no connection to modbus server
[2024-12-02T09:05:30.790Z] Error reading register 6507 for IP 10.30.28.23: no connection to modbus server
[2024-12-02T09:05:30.790Z] Error writing to Modbus register: no connection to modbus server
[2024-12-02T09:05:30.790Z] Error reading or processing Modbus registers: no connection to modbus server
[2024-12-02T09:05:31.802Z] Error reading register 6507 for IP 10.30.28.23: no connection to modbus server
[2024-12-02T09:05:31.802Z] Error reading or processing Modbus registers: no connection to modbus server
[2024-12-02T09:05:31.802Z] Error writing to Modbus register: no connection to modbus server
[2024-12-02T09:05:32.802Z] Error reading register 6507 for IP 10.30.28.23: no connection to modbus server
[2024-12-02T09:05:32.802Z] Error reading or processing Modbus registers: no connection to modbus server
[2024-12-02T09:05:32.803Z] Error writing to Modbus register: no connection to modbus server
[2024-12-02T09:05:33.813Z] Error reading register 6507 for IP 10.30.28.23: no connection to modbus server
[2024-12-02T09:05:33.813Z] Error reading or processing Modbus registers: no connection to modbus server
[2024-12-02T09:05:33.813Z] Error writing to Modbus register: no connection to modbus server
[2024-12-02T09:05:34.824Z] Error reading register 6507 for IP 10.30.28.23: no connection to modbus server
[2024-12-02T09:05:34.824Z] Error reading or processing Modbus registers: no connection to modbus server
[2024-12-02T09:05:34.824Z] Error writing to Modbus register: no connection to modbus server
[2024-12-02T09:05:35.826Z] Error reading register 6507 for IP 10.30.28.23: no connection to modbus server
[2024-12-02T09:05:35.826Z] Error reading or processing Modbus registers: no connection to modbus server
[2024-12-02T09:05:35.826Z] Error writing to Modbus register: no connection to modbus server
[2024-12-02T09:05:36.839Z] Error reading register 6507 for IP 10.30.28.23: no connection to modbus server
[2024-12-02T09:05:36.839Z] Error reading or processing Modbus registers: no connection to modbus server
[2024-12-02T09:05:36.840Z] Error writing to Modbus register: no connection to modbus server
[2024-12-02T09:05:37.850Z] Error reading register 6507 for IP 10.30.28.23: no connection to modbus server
[2024-12-02T09:05:37.850Z] Error reading or processing Modbus registers: no connection to modbus server
[2024-12-02T09:05:37.850Z] Error writing to Modbus register: no connection to modbus server
[2024-12-02T09:05:38.850Z] Error reading register 6507 for IP 10.30.28.23: no connection to modbus server
[2024-12-02T09:05:38.850Z] Error reading or processing Modbus registers: no connection to modbus server
[2024-12-02T09:05:38.851Z] Error writing to Modbus register: no connection to modbus server
[2024-12-02T09:05:39.851Z] Error reading register 6507 for IP 10.30.28.23: no connection to modbus server
[2024-12-02T09:05:39.851Z] Error reading or processing Modbus registers: no connection to modbus server
[2024-12-02T09:05:39.852Z] Error writing to Modbus register: no connection to modbus server
[2024-12-02T09:05:40.863Z] Error reading register 6507 for IP 10.30.28.23: no connection to modbus server
[2024-12-02T09:05:40.864Z] Error reading or processing Modbus registers: no connection to modbus server
[2024-12-02T09:05:40.864Z] Error writing to Modbus register: no connection to modbus server
[2024-12-02T09:05:41.873Z] Error reading register 6507 for IP 10.30.28.23: no connection to modbus server
[2024-12-02T09:05:41.873Z] Error reading or processing Modbus registers: no connection to modbus server
[2024-12-02T09:05:41.873Z] Error writing to Modbus register: no connection to modbus server
[2024-12-02T09:05:42.885Z] Error reading register 6507 for IP 10.30.28.23: no connection to modbus server
[2024-12-02T09:05:42.885Z] Error reading or processing Modbus registers: no connection to modbus server
[2024-12-02T09:05:42.885Z] Error writing to Modbus register: no connection to modbus server
[2024-12-02T09:05:43.894Z] Error reading register 6507 for IP 10.30.28.23: no connection to modbus server
[2024-12-02T09:05:43.894Z] Error reading or processing Modbus registers: no connection to modbus server
[2024-12-02T09:05:43.894Z] Error writing to Modbus register: no connection to modbus server
[2024-12-02T09:05:44.901Z] Error reading register 6507 for IP 10.30.28.23: no connection to modbus server
[2024-12-02T09:05:44.901Z] Error reading or processing Modbus registers: no connection to modbus server
[2024-12-02T09:05:44.901Z] Error writing to Modbus register: no connection to modbus server
[2024-12-02T09:05:45.913Z] Error reading register 6507 for IP 10.30.28.23: no connection to modbus server
[2024-12-02T09:05:45.914Z] Error reading or processing Modbus registers: no connection to modbus server
[2024-12-02T09:05:45.914Z] Error writing to Modbus register: no connection to modbus server
[2024-12-02T09:05:46.921Z] Error reading register 6507 for IP 10.30.28.23: no connection to modbus server
[2024-12-02T09:05:46.922Z] Error reading or processing Modbus registers: no connection to modbus server
[2024-12-02T09:05:46.922Z] Error writing to Modbus register: no connection to modbus server
[2024-12-02T09:05:47.931Z] Error reading register 6507 for IP 10.30.28.23: no connection to modbus server
[2024-12-02T09:05:47.931Z] Error reading or processing Modbus registers: no connection to modbus server
[2024-12-02T09:05:47.932Z] Error writing to Modbus register: no connection to modbus server
[2024-12-02T09:05:48.940Z] Error reading register 6507 for IP 10.30.28.23: no connection to modbus server
[2024-12-02T09:05:48.940Z] Error reading or processing Modbus registers: no connection to modbus server
[2024-12-02T09:05:48.941Z] Error writing to Modbus register: no connection to modbus server
[2024-12-02T09:05:49.946Z] Error reading register 6507 for IP 10.30.28.23: no connection to modbus server
[2024-12-02T09:05:49.947Z] Error reading or processing Modbus registers: no connection to modbus server
[2024-12-02T09:05:49.947Z] Error writing to Modbus register: no connection to modbus server
[2024-12-02T09:05:50.958Z] Error reading register 6507 for IP 10.30.28.23: no connection to modbus server
[2024-12-02T09:05:50.958Z] Error reading or processing Modbus registers: no connection to modbus server
[2024-12-02T09:05:50.959Z] Error writing to Modbus register: no connection to modbus server
[2024-12-02T09:05:51.963Z] Error reading register 6507 for IP 10.30.28.23: no connection to modbus server
[2024-12-02T09:05:51.963Z] Error reading or processing Modbus registers: no connection to modbus server
[2024-12-02T09:05:51.963Z] Error writing to Modbus register: no connection to modbus server
[2024-12-02T09:05:52.977Z] Error reading register 6507 for IP 10.30.28.23: no connection to modbus server
[2024-12-02T09:05:52.978Z] Error reading or processing Modbus registers: no connection to modbus server
[2024-12-02T09:05:52.978Z] Error writing to Modbus register: no connection to modbus server
[2024-12-02T09:05:53.989Z] Error reading register 6507 for IP 10.30.28.23: no connection to modbus server
[2024-12-02T09:05:53.989Z] Error reading or processing Modbus registers: no connection to modbus server
[2024-12-02T09:05:53.989Z] Error writing to Modbus register: no connection to modbus server
[2024-12-02T09:05:54.998Z] Error reading register 6507 for IP 10.30.28.23: no connection to modbus server
[2024-12-02T09:05:54.999Z] Error reading or processing Modbus registers: no connection to modbus server
[2024-12-02T09:05:54.999Z] Error writing to Modbus register: no connection to modbus server
[2024-12-02T09:05:56.007Z] Error reading register 6507 for IP 10.30.28.23: no connection to modbus server
[2024-12-02T09:05:56.007Z] Error reading or processing Modbus registers: no connection to modbus server
[2024-12-02T09:05:56.008Z] Error writing to Modbus register: no connection to modbus server
[2024-12-02T09:05:57.014Z] Error reading register 6507 for IP 10.30.28.23: no connection to modbus server
[2024-12-02T09:05:57.014Z] Error reading or processing Modbus registers: no connection to modbus server
[2024-12-02T09:05:57.015Z] Error writing to Modbus register: no connection to modbus server
[2024-12-02T09:05:58.021Z] Error reading register 6507 for IP 10.30.28.23: no connection to modbus server
[2024-12-02T09:05:58.021Z] Error reading or processing Modbus registers: no connection to modbus server
[2024-12-02T09:05:58.022Z] Error writing to Modbus register: no connection to modbus server
[2024-12-02T09:05:59.031Z] Error reading register 6507 for IP 10.30.28.23: no connection to modbus server
[2024-12-02T09:05:59.031Z] Error reading or processing Modbus registers: no connection to modbus server
[2024-12-02T09:05:59.032Z] Error writing to Modbus register: no connection to modbus server
[2024-12-02T09:06:00.042Z] Error reading register 6507 for IP 10.30.28.23: no connection to modbus server
[2024-12-02T09:06:00.042Z] Error reading or processing Modbus registers: no connection to modbus server
[2024-12-02T09:06:00.042Z] Error writing to Modbus register: no connection to modbus server
[2024-12-02T09:06:01.054Z] Error reading register 6507 for IP 10.30.28.23: no connection to modbus server
[2024-12-02T09:06:01.055Z] Error reading or processing Modbus registers: no connection to modbus server
[2024-12-02T09:06:01.055Z] Error writing to Modbus register: no connection to modbus server
[2024-12-02T09:06:02.066Z] Error reading register 6507 for IP 10.30.28.23: no connection to modbus server
[2024-12-02T09:06:02.066Z] Error reading or processing Modbus registers: no connection to modbus server
[2024-12-02T09:06:02.066Z] Error writing to Modbus register: no connection to modbus server
[2024-12-02T09:06:03.073Z] Error reading register 6507 for IP 10.30.28.23: no connection to modbus server
[2024-12-02T09:06:03.073Z] Error reading or processing Modbus registers: no connection to modbus server
[2024-12-02T09:06:03.073Z] Error writing to Modbus register: no connection to modbus server
[2024-12-02T09:06:04.078Z] Error reading register 6507 for IP 10.30.28.23: no connection to modbus server
[2024-12-02T09:06:04.078Z] Error reading or processing Modbus registers: no connection to modbus server
[2024-12-02T09:06:04.078Z] Error writing to Modbus register: no connection to modbus server
[2024-12-02T09:06:05.079Z] Error reading register 6507 for IP 10.30.28.23: no connection to modbus server
[2024-12-02T09:06:05.079Z] Error reading or processing Modbus registers: no connection to modbus server
[2024-12-02T09:06:05.079Z] Error writing to Modbus register: no connection to modbus server
[2024-12-02T09:06:06.086Z] Error reading register 6507 for IP 10.30.28.23: no connection to modbus server
[2024-12-02T09:06:06.087Z] Error reading or processing Modbus registers: no connection to modbus server
[2024-12-02T09:06:06.087Z] Error writing to Modbus register: no connection to modbus server
[2024-12-02T09:06:07.098Z] Error reading register 6507 for IP 10.30.28.23: no connection to modbus server
[2024-12-02T09:06:07.099Z] Error reading or processing Modbus registers: no connection to modbus server
[2024-12-02T09:06:07.099Z] Error writing to Modbus register: no connection to modbus server
[2024-12-02T09:06:08.109Z] Error reading register 6507 for IP 10.30.28.23: no connection to modbus server
[2024-12-02T09:06:08.109Z] Error reading or processing Modbus registers: no connection to modbus server
[2024-12-02T09:06:08.109Z] Error writing to Modbus register: no connection to modbus server
[2024-12-02T09:06:09.120Z] Error reading register 6507 for IP 10.30.28.23: no connection to modbus server
[2024-12-02T09:06:09.120Z] Error reading or processing Modbus registers: no connection to modbus server
[2024-12-02T09:06:09.120Z] Error writing to Modbus register: no connection to modbus server
[2024-12-02T09:06:10.124Z] Error reading register 6507 for IP 10.30.28.23: no connection to modbus server
[2024-12-02T09:06:10.124Z] Error reading or processing Modbus registers: no connection to modbus server
[2024-12-02T09:06:10.124Z] Error writing to Modbus register: no connection to modbus server
[2024-12-02T09:06:11.134Z] Error reading register 6507 for IP 10.30.28.23: no connection to modbus server
[2024-12-02T09:06:11.134Z] Error reading or processing Modbus registers: no connection to modbus server
[2024-12-02T09:06:11.134Z] Error writing to Modbus register: no connection to modbus server
[2024-12-02T09:06:12.139Z] Error reading register 6507 for IP 10.30.28.23: no connection to modbus server
[2024-12-02T09:06:12.139Z] Error writing to Modbus register: no connection to modbus server
[2024-12-02T09:06:12.139Z] Error reading or processing Modbus registers: no connection to modbus server
[2024-12-02T09:06:13.154Z] Error reading register 6507 for IP 10.30.28.23: no connection to modbus server
[2024-12-02T09:06:13.154Z] Error reading or processing Modbus registers: no connection to modbus server
[2024-12-02T09:06:13.155Z] Error writing to Modbus register: no connection to modbus server
[2024-12-02T09:06:14.164Z] Error reading register 6507 for IP 10.30.28.23: no connection to modbus server
[2024-12-02T09:06:14.164Z] Error reading or processing Modbus registers: no connection to modbus server
[2024-12-02T09:06:14.164Z] Error writing to Modbus register: no connection to modbus server
[2024-12-02T09:06:15.177Z] Error reading register 6507 for IP 10.30.28.23: no connection to modbus server
[2024-12-02T09:06:15.177Z] Error reading or processing Modbus registers: no connection to modbus server
[2024-12-02T09:06:15.178Z] Error writing to Modbus register: no connection to modbus server
[2024-12-02T09:06:16.188Z] Error reading register 6507 for IP 10.30.28.23: no connection to modbus server
[2024-12-02T09:06:16.188Z] Error reading or processing Modbus registers: no connection to modbus server
[2024-12-02T09:06:16.189Z] Error writing to Modbus register: no connection to modbus server
[2024-12-02T09:06:17.199Z] Error reading register 6507 for IP 10.30.28.23: no connection to modbus server
[2024-12-02T09:06:17.199Z] Error reading or processing Modbus registers: no connection to modbus server
[2024-12-02T09:06:17.200Z] Error writing to Modbus register: no connection to modbus server
[2024-12-02T09:06:18.206Z] Error reading register 6507 for IP 10.30.28.23: no connection to modbus server
[2024-12-02T09:06:18.207Z] Error reading or processing Modbus registers: no connection to modbus server
[2024-12-02T09:06:18.207Z] Error writing to Modbus register: no connection to modbus server
[2024-12-02T09:06:19.216Z] Error reading register 6507 for IP 10.30.28.23: no connection to modbus server
[2024-12-02T09:06:19.216Z] Error reading or processing Modbus registers: no connection to modbus server
[2024-12-02T09:06:19.217Z] Error writing to Modbus register: no connection to modbus server
[2024-12-02T09:06:20.224Z] Error reading register 6507 for IP 10.30.28.23: no connection to modbus server
[2024-12-02T09:06:20.224Z] Error reading or processing Modbus registers: no connection to modbus server
[2024-12-02T09:06:20.224Z] Error writing to Modbus register: no connection to modbus server
[2024-12-02T09:06:21.235Z] Error reading register 6507 for IP 10.30.28.23: no connection to modbus server
[2024-12-02T09:06:21.236Z] Error reading or processing Modbus registers: no connection to modbus server
[2024-12-02T09:06:21.236Z] Error writing to Modbus register: no connection to modbus server
[2024-12-02T09:06:22.248Z] Error reading register 6507 for IP 10.30.28.23: no connection to modbus server
[2024-12-02T09:06:22.249Z] Error reading or processing Modbus registers: no connection to modbus server
[2024-12-02T09:06:22.249Z] Error writing to Modbus register: no connection to modbus server
[2024-12-02T09:06:23.260Z] Error reading register 6507 for IP 10.30.28.23: no connection to modbus server
[2024-12-02T09:06:23.261Z] Error reading or processing Modbus registers: no connection to modbus server
[2024-12-02T09:06:23.262Z] Error writing to Modbus register: no connection to modbus server
[2024-12-02T09:06:24.270Z] Error reading register 6507 for IP 10.30.28.23: no connection to modbus server
[2024-12-02T09:06:24.270Z] Error reading or processing Modbus registers: no connection to modbus server
[2024-12-02T09:06:24.270Z] Error writing to Modbus register: no connection to modbus server
[2024-12-02T09:06:25.277Z] Error reading register 6507 for IP 10.30.28.23: no connection to modbus server
[2024-12-02T09:06:25.278Z] Error reading or processing Modbus registers: no connection to modbus server
[2024-12-02T09:06:25.279Z] Error writing to Modbus register: no connection to modbus server
[2024-12-02T09:06:26.290Z] Error reading register 6507 for IP 10.30.28.23: no connection to modbus server
[2024-12-02T09:06:26.290Z] Error reading or processing Modbus registers: no connection to modbus server
[2024-12-02T09:06:26.290Z] Error writing to Modbus register: no connection to modbus server
[2024-12-02T09:06:27.301Z] Error reading register 6507 for IP 10.30.28.23: no connection to modbus server
[2024-12-02T09:06:27.301Z] Error reading or processing Modbus registers: no connection to modbus server
[2024-12-02T09:06:27.302Z] Error writing to Modbus register: no connection to modbus server
[2024-12-02T09:06:28.301Z] Error reading register 6507 for IP 10.30.28.23: no connection to modbus server
[2024-12-02T09:06:28.301Z] Error reading or processing Modbus registers: no connection to modbus server
[2024-12-02T09:06:28.302Z] Error writing to Modbus register: no connection to modbus server
[2024-12-02T09:06:29.313Z] Error reading register 6507 for IP 10.30.28.23: no connection to modbus server
[2024-12-02T09:06:29.314Z] Error reading or processing Modbus registers: no connection to modbus server
[2024-12-02T09:06:29.314Z] Error writing to Modbus register: no connection to modbus server
[2024-12-02T09:06:30.324Z] Error reading register 6507 for IP 10.30.28.23: no connection to modbus server
[2024-12-02T09:06:30.324Z] Error reading or processing Modbus registers: no connection to modbus server
[2024-12-02T09:06:30.325Z] Error writing to Modbus register: no connection to modbus server
[2024-12-02T09:06:31.338Z] Error reading register 6507 for IP 10.30.28.23: no connection to modbus server
[2024-12-02T09:06:31.339Z] Error writing to Modbus register: no connection to modbus server
[2024-12-02T09:06:31.338Z] Error reading or processing Modbus registers: no connection to modbus server
[2024-12-02T09:06:32.346Z] Error reading register 6507 for IP 10.30.28.23: no connection to modbus server
[2024-12-02T09:06:32.347Z] Error reading or processing Modbus registers: no connection to modbus server
[2024-12-02T09:06:32.347Z] Error writing to Modbus register: no connection to modbus server
[2024-12-02T09:06:33.351Z] Error reading register 6507 for IP 10.30.28.23: no connection to modbus server
[2024-12-02T09:06:33.351Z] Error reading or processing Modbus registers: no connection to modbus server
[2024-12-02T09:06:33.352Z] Error writing to Modbus register: no connection to modbus server
[2024-12-02T09:06:34.361Z] Error reading register 6507 for IP 10.30.28.23: no connection to modbus server
[2024-12-02T09:06:34.361Z] Error reading or processing Modbus registers: no connection to modbus server
[2024-12-02T09:06:34.361Z] Error writing to Modbus register: no connection to modbus server
[2024-12-02T09:06:35.371Z] Error reading register 6507 for IP 10.30.28.23: no connection to modbus server
[2024-12-02T09:06:35.371Z] Error reading or processing Modbus registers: no connection to modbus server
[2024-12-02T09:06:35.371Z] Error writing to Modbus register: no connection to modbus server
[2024-12-02T09:06:36.379Z] Error reading register 6507 for IP 10.30.28.23: no connection to modbus server
[2024-12-02T09:06:36.379Z] Error reading or processing Modbus registers: no connection to modbus server
[2024-12-02T09:06:36.379Z] Error writing to Modbus register: no connection to modbus server
[2024-12-02T09:06:37.392Z] Error reading register 6507 for IP 10.30.28.23: no connection to modbus server
[2024-12-02T09:06:37.392Z] Error reading or processing Modbus registers: no connection to modbus server
[2024-12-02T09:06:37.392Z] Error writing to Modbus register: no connection to modbus server
[2024-12-02T09:06:38.397Z] Error reading register 6507 for IP 10.30.28.23: no connection to modbus server
[2024-12-02T09:06:38.397Z] Error reading or processing Modbus registers: no connection to modbus server
[2024-12-02T09:06:38.398Z] Error writing to Modbus register: no connection to modbus server
[2024-12-02T09:06:39.402Z] Error reading register 6507 for IP 10.30.28.23: no connection to modbus server
[2024-12-02T09:06:39.402Z] Error reading or processing Modbus registers: no connection to modbus server
[2024-12-02T09:06:39.403Z] Error writing to Modbus register: no connection to modbus server
[2024-12-02T09:06:40.403Z] Error reading register 6507 for IP 10.30.28.23: no connection to modbus server
[2024-12-02T09:06:40.403Z] Error reading or processing Modbus registers: no connection to modbus server
[2024-12-02T09:06:40.403Z] Error writing to Modbus register: no connection to modbus server
[2024-12-02T09:06:41.414Z] Error reading register 6507 for IP 10.30.28.23: no connection to modbus server
[2024-12-02T09:06:41.414Z] Error reading or processing Modbus registers: no connection to modbus server
[2024-12-02T09:06:41.414Z] Error writing to Modbus register: no connection to modbus server
[2024-12-02T09:06:42.429Z] Error reading register 6507 for IP 10.30.28.23: no connection to modbus server
[2024-12-02T09:06:42.430Z] Error reading or processing Modbus registers: no connection to modbus server
[2024-12-02T09:06:42.430Z] Error writing to Modbus register: no connection to modbus server
[2024-12-02T09:06:43.441Z] Error reading register 6507 for IP 10.30.28.23: no connection to modbus server
[2024-12-02T09:06:43.441Z] Error writing to Modbus register: no connection to modbus server
[2024-12-02T09:06:43.441Z] Error reading or processing Modbus registers: no connection to modbus server
[2024-12-02T09:06:44.450Z] Error reading register 6507 for IP 10.30.28.23: no connection to modbus server
[2024-12-02T09:06:44.450Z] Error reading or processing Modbus registers: no connection to modbus server
[2024-12-02T09:06:44.450Z] Error writing to Modbus register: no connection to modbus server
[2024-12-02T09:06:45.457Z] Error reading register 6507 for IP 10.30.28.23: no connection to modbus server
[2024-12-02T09:06:45.457Z] Error reading or processing Modbus registers: no connection to modbus server
[2024-12-02T09:06:45.457Z] Error writing to Modbus register: no connection to modbus server
[2024-12-02T09:06:46.469Z] Error reading register 6507 for IP 10.30.28.23: no connection to modbus server
[2024-12-02T09:06:46.469Z] Error reading or processing Modbus registers: no connection to modbus server
[2024-12-02T09:06:46.469Z] Error writing to Modbus register: no connection to modbus server
[2024-12-02T09:06:47.469Z] Error reading register 6507 for IP 10.30.28.23: no connection to modbus server
[2024-12-02T09:06:47.469Z] Error reading or processing Modbus registers: no connection to modbus server
[2024-12-02T09:06:47.469Z] Error writing to Modbus register: no connection to modbus server
[2024-12-02T09:06:48.473Z] Error reading register 6507 for IP 10.30.28.23: no connection to modbus server
[2024-12-02T09:06:48.473Z] Error reading or processing Modbus registers: no connection to modbus server
[2024-12-02T09:06:48.473Z] Error writing to Modbus register: no connection to modbus server
[2024-12-02T09:06:49.478Z] Error reading register 6507 for IP 10.30.28.23: no connection to modbus server
[2024-12-02T09:06:49.478Z] Error reading or processing Modbus registers: no connection to modbus server
[2024-12-02T09:06:49.479Z] Error writing to Modbus register: no connection to modbus server
[2024-12-02T09:06:50.482Z] Error reading register 6507 for IP 10.30.28.23: no connection to modbus server
[2024-12-02T09:06:50.482Z] Error reading or processing Modbus registers: no connection to modbus server
[2024-12-02T09:06:50.483Z] Error writing to Modbus register: no connection to modbus server
[2024-12-02T09:06:51.497Z] Error reading register 6507 for IP 10.30.28.23: no connection to modbus server
[2024-12-02T09:06:51.497Z] Error reading or processing Modbus registers: no connection to modbus server
[2024-12-02T09:06:51.498Z] Error writing to Modbus register: no connection to modbus server
[2024-12-02T09:06:52.501Z] Error reading register 6507 for IP 10.30.28.23: no connection to modbus server
[2024-12-02T09:06:52.501Z] Error reading or processing Modbus registers: no connection to modbus server
[2024-12-02T09:06:52.501Z] Error writing to Modbus register: no connection to modbus server
[2024-12-02T09:06:53.503Z] Error reading register 6507 for IP 10.30.28.23: no connection to modbus server
[2024-12-02T09:06:53.503Z] Error reading or processing Modbus registers: no connection to modbus server
[2024-12-02T09:06:53.503Z] Error writing to Modbus register: no connection to modbus server
[2024-12-02T09:06:54.511Z] Error reading register 6507 for IP 10.30.28.23: no connection to modbus server
[2024-12-02T09:06:54.511Z] Error reading or processing Modbus registers: no connection to modbus server
[2024-12-02T09:06:54.511Z] Error writing to Modbus register: no connection to modbus server
[2024-12-02T09:06:55.525Z] Error reading register 6507 for IP 10.30.28.23: no connection to modbus server
[2024-12-02T09:06:55.526Z] Error reading or processing Modbus registers: no connection to modbus server
[2024-12-02T09:06:55.526Z] Error writing to Modbus register: no connection to modbus server
[2024-12-02T09:06:56.532Z] Error reading register 6507 for IP 10.30.28.23: no connection to modbus server
[2024-12-02T09:06:56.532Z] Error reading or processing Modbus registers: no connection to modbus server
[2024-12-02T09:06:56.532Z] Error writing to Modbus register: no connection to modbus server
[2024-12-02T09:06:57.539Z] Error reading register 6507 for IP 10.30.28.23: no connection to modbus server
[2024-12-02T09:06:57.541Z] Error writing to Modbus register: no connection to modbus server
[2024-12-02T09:06:57.539Z] Error reading or processing Modbus registers: no connection to modbus server
[2024-12-02T09:06:58.544Z] Error reading register 6507 for IP 10.30.28.23: no connection to modbus server
[2024-12-02T09:06:58.544Z] Error reading or processing Modbus registers: no connection to modbus server
[2024-12-02T09:06:58.544Z] Error writing to Modbus register: no connection to modbus server
[2024-12-02T09:06:59.554Z] Error reading register 6507 for IP 10.30.28.23: no connection to modbus server
[2024-12-02T09:06:59.554Z] Error reading or processing Modbus registers: no connection to modbus server
[2024-12-02T09:06:59.555Z] Error writing to Modbus register: no connection to modbus server
[2024-12-02T09:07:00.558Z] Error reading register 6507 for IP 10.30.28.23: no connection to modbus server
[2024-12-02T09:07:00.558Z] Error reading or processing Modbus registers: no connection to modbus server
[2024-12-02T09:07:00.558Z] Error writing to Modbus register: no connection to modbus server
[2024-12-02T09:07:01.571Z] Error reading register 6507 for IP 10.30.28.23: no connection to modbus server
[2024-12-02T09:07:01.571Z] Error reading or processing Modbus registers: no connection to modbus server
[2024-12-02T09:07:01.571Z] Error writing to Modbus register: no connection to modbus server
[2024-12-02T09:07:02.575Z] Error reading register 6507 for IP 10.30.28.23: no connection to modbus server
[2024-12-02T09:07:02.575Z] Error reading or processing Modbus registers: no connection to modbus server
[2024-12-02T09:07:02.575Z] Error writing to Modbus register: no connection to modbus server
[2024-12-02T09:07:03.581Z] Error reading register 6507 for IP 10.30.28.23: no connection to modbus server
[2024-12-02T09:07:03.582Z] Error reading or processing Modbus registers: no connection to modbus server
[2024-12-02T09:07:03.582Z] Error writing to Modbus register: no connection to modbus server
[2024-12-02T09:07:04.590Z] Error reading register 6507 for IP 10.30.28.23: no connection to modbus server
[2024-12-02T09:07:04.590Z] Error reading or processing Modbus registers: no connection to modbus server
[2024-12-02T09:07:04.590Z] Error writing to Modbus register: no connection to modbus server
[2024-12-02T09:07:05.600Z] Error reading register 6507 for IP 10.30.28.23: no connection to modbus server
[2024-12-02T09:07:05.600Z] Error reading or processing Modbus registers: no connection to modbus server
[2024-12-02T09:07:05.600Z] Error writing to Modbus register: no connection to modbus server
[2024-12-02T09:07:06.608Z] Error reading register 6507 for IP 10.30.28.23: no connection to modbus server
[2024-12-02T09:07:06.608Z] Error reading or processing Modbus registers: no connection to modbus server
[2024-12-02T09:07:06.608Z] Error writing to Modbus register: no connection to modbus server
[2024-12-02T09:07:07.614Z] Error reading register 6507 for IP 10.30.28.23: no connection to modbus server
[2024-12-02T09:07:07.615Z] Error reading or processing Modbus registers: no connection to modbus server
[2024-12-02T09:07:07.615Z] Error writing to Modbus register: no connection to modbus server
[2024-12-02T09:07:08.623Z] Error reading register 6507 for IP 10.30.28.23: no connection to modbus server
[2024-12-02T09:07:08.624Z] Error reading or processing Modbus registers: no connection to modbus server
[2024-12-02T09:07:08.624Z] Error writing to Modbus register: no connection to modbus server
[2024-12-02T09:07:09.631Z] Error reading register 6507 for IP 10.30.28.23: no connection to modbus server
[2024-12-02T09:07:09.631Z] Error reading or processing Modbus registers: no connection to modbus server
[2024-12-02T09:07:09.631Z] Error writing to Modbus register: no connection to modbus server
[2024-12-02T09:07:10.645Z] Error reading register 6507 for IP 10.30.28.23: no connection to modbus server
[2024-12-02T09:07:10.646Z] Error writing to Modbus register: no connection to modbus server
[2024-12-02T09:07:10.645Z] Error reading or processing Modbus registers: no connection to modbus server
[2024-12-02T09:07:11.647Z] Error reading register 6507 for IP 10.30.28.23: no connection to modbus server
[2024-12-02T09:07:11.647Z] Error reading or processing Modbus registers: no connection to modbus server
[2024-12-02T09:07:11.647Z] Error writing to Modbus register: no connection to modbus server
[2024-12-02T09:07:12.659Z] Error reading register 6507 for IP 10.30.28.23: no connection to modbus server
[2024-12-02T09:07:12.659Z] Error writing to Modbus register: no connection to modbus server
[2024-12-02T09:07:12.659Z] Error reading or processing Modbus registers: no connection to modbus server
[2024-12-02T09:07:13.665Z] Error reading register 6507 for IP 10.30.28.23: no connection to modbus server
[2024-12-02T09:07:13.665Z] Error reading or processing Modbus registers: no connection to modbus server
[2024-12-02T09:07:13.665Z] Error writing to Modbus register: no connection to modbus server
[2024-12-02T09:07:14.673Z] Error reading register 6507 for IP 10.30.28.23: no connection to modbus server
[2024-12-02T09:07:14.674Z] Error reading or processing Modbus registers: no connection to modbus server
[2024-12-02T09:07:14.674Z] Error writing to Modbus register: no connection to modbus server
[2024-12-02T09:07:15.683Z] Error reading register 6507 for IP 10.30.28.23: no connection to modbus server
[2024-12-02T09:07:15.684Z] Error reading or processing Modbus registers: no connection to modbus server
[2024-12-02T09:07:15.684Z] Error writing to Modbus register: no connection to modbus server
[2024-12-02T09:07:16.685Z] Error reading register 6507 for IP 10.30.28.23: no connection to modbus server
[2024-12-02T09:07:16.686Z] Error reading or processing Modbus registers: no connection to modbus server
[2024-12-02T09:07:16.686Z] Error writing to Modbus register: no connection to modbus server
[2024-12-02T09:07:17.693Z] Error reading register 6507 for IP 10.30.28.23: no connection to modbus server
[2024-12-02T09:07:17.694Z] Error reading or processing Modbus registers: no connection to modbus server
[2024-12-02T09:07:17.694Z] Error writing to Modbus register: no connection to modbus server
[2024-12-02T09:07:18.695Z] Error reading register 6507 for IP 10.30.28.23: no connection to modbus server
[2024-12-02T09:07:18.695Z] Error reading or processing Modbus registers: no connection to modbus server
[2024-12-02T09:07:18.696Z] Error writing to Modbus register: no connection to modbus server
[2024-12-02T09:07:19.698Z] Error reading register 6507 for IP 10.30.28.23: no connection to modbus server
[2024-12-02T09:07:19.698Z] Error writing to Modbus register: no connection to modbus server
[2024-12-02T09:07:19.698Z] Error reading or processing Modbus registers: no connection to modbus server
[2024-12-02T09:07:20.704Z] Error reading register 6507 for IP 10.30.28.23: no connection to modbus server
[2024-12-02T09:07:20.704Z] Error writing to Modbus register: no connection to modbus server
[2024-12-02T09:07:20.704Z] Error reading or processing Modbus registers: no connection to modbus server
[2024-12-02T09:07:21.707Z] Error reading register 6507 for IP 10.30.28.23: no connection to modbus server
[2024-12-02T09:07:21.707Z] Error reading or processing Modbus registers: no connection to modbus server
[2024-12-02T09:07:21.707Z] Error writing to Modbus register: no connection to modbus server
[2024-12-02T09:07:22.711Z] Error reading register 6507 for IP 10.30.28.23: no connection to modbus server
[2024-12-02T09:07:22.711Z] Error reading or processing Modbus registers: no connection to modbus server
[2024-12-02T09:07:22.712Z] Error writing to Modbus register: no connection to modbus server
[2024-12-02T09:07:23.718Z] Error reading register 6507 for IP 10.30.28.23: no connection to modbus server
[2024-12-02T09:07:23.719Z] Error reading or processing Modbus registers: no connection to modbus server
[2024-12-02T09:07:23.719Z] Error writing to Modbus register: no connection to modbus server
[2024-12-02T09:07:24.727Z] Error reading register 6507 for IP 10.30.28.23: no connection to modbus server
[2024-12-02T09:07:24.727Z] Error reading or processing Modbus registers: no connection to modbus server
[2024-12-02T09:07:24.727Z] Error writing to Modbus register: no connection to modbus server
[2024-12-02T09:07:25.731Z] Error reading register 6507 for IP 10.30.28.23: no connection to modbus server
[2024-12-02T09:07:25.732Z] Error reading or processing Modbus registers: no connection to modbus server
[2024-12-02T09:07:25.732Z] Error writing to Modbus register: no connection to modbus server
[2024-12-02T09:07:26.738Z] Error reading or processing Modbus registers: no connection to modbus server
[2024-12-02T09:07:26.738Z] Error writing to Modbus register: no connection to modbus server
[2024-12-02T09:07:26.737Z] Error reading register 6507 for IP 10.30.28.23: no connection to modbus server
[2024-12-02T09:07:27.744Z] Error reading register 6507 for IP 10.30.28.23: no connection to modbus server
[2024-12-02T09:07:27.744Z] Error reading or processing Modbus registers: no connection to modbus server
[2024-12-02T09:07:27.745Z] Error writing to Modbus register: no connection to modbus server
[2024-12-02T09:07:28.759Z] Error reading register 6507 for IP 10.30.28.23: no connection to modbus server
[2024-12-02T09:07:28.759Z] Error reading or processing Modbus registers: no connection to modbus server
[2024-12-02T09:07:28.759Z] Error writing to Modbus register: no connection to modbus server
[2024-12-02T09:07:29.767Z] Error reading register 6507 for IP 10.30.28.23: no connection to modbus server
[2024-12-02T09:07:29.767Z] Error reading or processing Modbus registers: no connection to modbus server
[2024-12-02T09:07:29.767Z] Error writing to Modbus register: no connection to modbus server
[2024-12-02T09:07:30.767Z] Error reading register 6507 for IP 10.30.28.23: no connection to modbus server
[2024-12-02T09:07:30.767Z] Error reading or processing Modbus registers: no connection to modbus server
[2024-12-02T09:07:30.767Z] Error writing to Modbus register: no connection to modbus server
[2024-12-02T09:07:31.781Z] Error reading or processing Modbus registers: no connection to modbus server
[2024-12-02T09:07:31.781Z] Error reading register 6507 for IP 10.30.28.23: no connection to modbus server
[2024-12-02T09:07:31.782Z] Error writing to Modbus register: no connection to modbus server
[2024-12-02T09:07:32.799Z] Error reading register 6507 for IP 10.30.28.23: no connection to modbus server
[2024-12-02T09:07:32.799Z] Error reading or processing Modbus registers: no connection to modbus server
[2024-12-02T09:07:32.800Z] Error writing to Modbus register: no connection to modbus server
[2024-12-02T09:07:33.804Z] Error reading register 6507 for IP 10.30.28.23: no connection to modbus server
[2024-12-02T09:07:33.804Z] Error reading or processing Modbus registers: no connection to modbus server
[2024-12-02T09:07:33.805Z] Error writing to Modbus register: no connection to modbus server
[2024-12-02T09:07:34.804Z] Error reading register 6507 for IP 10.30.28.23: no connection to modbus server
[2024-12-02T09:07:34.804Z] Error reading or processing Modbus registers: no connection to modbus server
[2024-12-02T09:07:34.805Z] Error writing to Modbus register: no connection to modbus server
[2024-12-02T09:07:35.819Z] Error reading register 6507 for IP 10.30.28.23: no connection to modbus server
[2024-12-02T09:07:35.819Z] Error reading or processing Modbus registers: no connection to modbus server
[2024-12-02T09:07:35.819Z] Error writing to Modbus register: no connection to modbus server
[2024-12-02T09:07:36.826Z] Error reading register 6507 for IP 10.30.28.23: no connection to modbus server
[2024-12-02T09:07:36.827Z] Error reading or processing Modbus registers: no connection to modbus server
[2024-12-02T09:07:36.827Z] Error writing to Modbus register: no connection to modbus server
[2024-12-02T09:07:37.837Z] Error reading register 6507 for IP 10.30.28.23: no connection to modbus server
[2024-12-02T09:07:37.837Z] Error reading or processing Modbus registers: no connection to modbus server
[2024-12-02T09:07:37.837Z] Error writing to Modbus register: no connection to modbus server
[2024-12-02T09:07:38.848Z] Error reading register 6507 for IP 10.30.28.23: no connection to modbus server
[2024-12-02T09:07:38.848Z] Error reading or processing Modbus registers: no connection to modbus server
[2024-12-02T09:07:38.848Z] Error writing to Modbus register: no connection to modbus server
[2024-12-02T09:07:39.857Z] Error reading register 6507 for IP 10.30.28.23: no connection to modbus server
[2024-12-02T09:07:39.858Z] Error reading or processing Modbus registers: no connection to modbus server
[2024-12-02T09:07:39.858Z] Error writing to Modbus register: no connection to modbus server
[2024-12-02T09:07:40.863Z] Error reading register 6507 for IP 10.30.28.23: no connection to modbus server
[2024-12-02T09:07:40.863Z] Error reading or processing Modbus registers: no connection to modbus server
[2024-12-02T09:07:40.864Z] Error writing to Modbus register: no connection to modbus server
[2024-12-02T09:07:41.874Z] Error reading register 6507 for IP 10.30.28.23: no connection to modbus server
[2024-12-02T09:07:41.874Z] Error reading or processing Modbus registers: no connection to modbus server
[2024-12-02T09:07:41.875Z] Error writing to Modbus register: no connection to modbus server
[2024-12-02T09:07:42.886Z] Error reading register 6507 for IP 10.30.28.23: no connection to modbus server
[2024-12-02T09:07:42.886Z] Error reading or processing Modbus registers: no connection to modbus server
[2024-12-02T09:07:42.886Z] Error writing to Modbus register: no connection to modbus server
[2024-12-02T09:07:43.896Z] Error reading register 6507 for IP 10.30.28.23: no connection to modbus server
[2024-12-02T09:07:43.897Z] Error reading or processing Modbus registers: no connection to modbus server
[2024-12-02T09:07:43.897Z] Error writing to Modbus register: no connection to modbus server
[2024-12-02T09:07:44.905Z] Error reading register 6507 for IP 10.30.28.23: no connection to modbus server
[2024-12-02T09:07:44.905Z] Error reading or processing Modbus registers: no connection to modbus server
[2024-12-02T09:07:44.905Z] Error writing to Modbus register: no connection to modbus server
[2024-12-02T09:07:45.919Z] Error reading register 6507 for IP 10.30.28.23: no connection to modbus server
[2024-12-02T09:07:45.919Z] Error reading or processing Modbus registers: no connection to modbus server
[2024-12-02T09:07:45.920Z] Error writing to Modbus register: no connection to modbus server
[2024-12-02T09:07:46.929Z] Error reading register 6507 for IP 10.30.28.23: no connection to modbus server
[2024-12-02T09:07:46.929Z] Error reading or processing Modbus registers: no connection to modbus server
[2024-12-02T09:07:46.929Z] Error writing to Modbus register: no connection to modbus server
[2024-12-02T09:07:47.938Z] Error reading register 6507 for IP 10.30.28.23: no connection to modbus server
[2024-12-02T09:07:47.938Z] Error reading or processing Modbus registers: no connection to modbus server
[2024-12-02T09:07:47.938Z] Error writing to Modbus register: no connection to modbus server
[2024-12-02T09:07:48.950Z] Error reading register 6507 for IP 10.30.28.23: no connection to modbus server
[2024-12-02T09:07:48.950Z] Error reading or processing Modbus registers: no connection to modbus server
[2024-12-02T09:07:48.950Z] Error writing to Modbus register: no connection to modbus server
[2024-12-02T09:07:49.964Z] Error reading register 6507 for IP 10.30.28.23: no connection to modbus server
[2024-12-02T09:07:49.964Z] Error reading or processing Modbus registers: no connection to modbus server
[2024-12-02T09:07:49.964Z] Error writing to Modbus register: no connection to modbus server
[2024-12-02T09:07:50.975Z] Error reading register 6507 for IP 10.30.28.23: no connection to modbus server
[2024-12-02T09:07:50.975Z] Error reading or processing Modbus registers: no connection to modbus server
[2024-12-02T09:07:50.975Z] Error writing to Modbus register: no connection to modbus server
[2024-12-02T09:07:51.986Z] Error reading register 6507 for IP 10.30.28.23: no connection to modbus server
[2024-12-02T09:07:51.986Z] Error reading or processing Modbus registers: no connection to modbus server
[2024-12-02T09:07:51.986Z] Error writing to Modbus register: no connection to modbus server
[2024-12-02T09:07:52.998Z] Error reading register 6507 for IP 10.30.28.23: no connection to modbus server
[2024-12-02T09:07:52.998Z] Error reading or processing Modbus registers: no connection to modbus server
[2024-12-02T09:07:52.999Z] Error writing to Modbus register: no connection to modbus server
[2024-12-02T09:07:53.999Z] Error reading register 6507 for IP 10.30.28.23: no connection to modbus server
[2024-12-02T09:07:53.999Z] Error reading or processing Modbus registers: no connection to modbus server
[2024-12-02T09:07:54.000Z] Error writing to Modbus register: no connection to modbus server
[2024-12-02T09:07:55.010Z] Error reading register 6507 for IP 10.30.28.23: no connection to modbus server
[2024-12-02T09:07:55.010Z] Error reading or processing Modbus registers: no connection to modbus server
[2024-12-02T09:07:55.010Z] Error writing to Modbus register: no connection to modbus server
[2024-12-02T09:07:56.017Z] Error reading register 6507 for IP 10.30.28.23: no connection to modbus server
[2024-12-02T09:07:56.017Z] Error reading or processing Modbus registers: no connection to modbus server
[2024-12-02T09:07:56.017Z] Error writing to Modbus register: no connection to modbus server
[2024-12-02T09:07:57.026Z] Error reading register 6507 for IP 10.30.28.23: no connection to modbus server
[2024-12-02T09:07:57.026Z] Error reading or processing Modbus registers: no connection to modbus server
[2024-12-02T09:07:57.027Z] Error writing to Modbus register: no connection to modbus server
[2024-12-02T09:07:58.036Z] Error reading register 6507 for IP 10.30.28.23: no connection to modbus server
[2024-12-02T09:07:58.036Z] Error reading or processing Modbus registers: no connection to modbus server
[2024-12-02T09:07:58.036Z] Error writing to Modbus register: no connection to modbus server
[2024-12-02T09:07:59.037Z] Error reading register 6507 for IP 10.30.28.23: no connection to modbus server
[2024-12-02T09:07:59.038Z] Error writing to Modbus register: no connection to modbus server
[2024-12-02T09:07:59.037Z] Error reading or processing Modbus registers: no connection to modbus server
[2024-12-02T09:08:00.040Z] Error reading register 6507 for IP 10.30.28.23: no connection to modbus server
[2024-12-02T09:08:00.041Z] Error reading or processing Modbus registers: no connection to modbus server
[2024-12-02T09:08:00.041Z] Error writing to Modbus register: no connection to modbus server
[2024-12-02T09:08:01.047Z] Error reading register 6507 for IP 10.30.28.23: no connection to modbus server
[2024-12-02T09:08:01.047Z] Error reading or processing Modbus registers: no connection to modbus server
[2024-12-02T09:08:01.047Z] Error writing to Modbus register: no connection to modbus server
[2024-12-02T09:08:02.054Z] Error reading register 6507 for IP 10.30.28.23: no connection to modbus server
[2024-12-02T09:08:02.055Z] Error reading or processing Modbus registers: no connection to modbus server
[2024-12-02T09:08:02.055Z] Error writing to Modbus register: no connection to modbus server
[2024-12-02T09:08:03.063Z] Error reading register 6507 for IP 10.30.28.23: no connection to modbus server
[2024-12-02T09:08:03.063Z] Error reading or processing Modbus registers: no connection to modbus server
[2024-12-02T09:08:03.063Z] Error writing to Modbus register: no connection to modbus server
[2024-12-02T09:08:04.068Z] Error reading register 6507 for IP 10.30.28.23: no connection to modbus server
[2024-12-02T09:08:04.068Z] Error reading or processing Modbus registers: no connection to modbus server
[2024-12-02T09:08:04.068Z] Error writing to Modbus register: no connection to modbus server
[2024-12-02T09:08:05.071Z] Error reading register 6507 for IP 10.30.28.23: no connection to modbus server
[2024-12-02T09:08:05.071Z] Error reading or processing Modbus registers: no connection to modbus server
[2024-12-02T09:08:05.072Z] Error writing to Modbus register: no connection to modbus server
[2024-12-02T09:08:06.077Z] Error reading register 6507 for IP 10.30.28.23: no connection to modbus server
[2024-12-02T09:08:06.077Z] Error reading or processing Modbus registers: no connection to modbus server
[2024-12-02T09:08:06.078Z] Error writing to Modbus register: no connection to modbus server
[2024-12-02T09:08:07.090Z] Error reading register 6507 for IP 10.30.28.23: no connection to modbus server
[2024-12-02T09:08:07.090Z] Error reading or processing Modbus registers: no connection to modbus server
[2024-12-02T09:08:07.090Z] Error writing to Modbus register: no connection to modbus server
[2024-12-02T09:08:08.102Z] Error reading register 6507 for IP 10.30.28.23: no connection to modbus server
[2024-12-02T09:08:08.103Z] Error reading or processing Modbus registers: no connection to modbus server
[2024-12-02T09:08:08.103Z] Error writing to Modbus register: no connection to modbus server
[2024-12-02T09:08:09.110Z] Error reading register 6507 for IP 10.30.28.23: no connection to modbus server
[2024-12-02T09:08:09.110Z] Error reading or processing Modbus registers: no connection to modbus server
[2024-12-02T09:08:09.110Z] Error writing to Modbus register: no connection to modbus server
[2024-12-02T09:08:10.119Z] Error reading register 6507 for IP 10.30.28.23: no connection to modbus server
[2024-12-02T09:08:10.120Z] Error reading or processing Modbus registers: no connection to modbus server
[2024-12-02T09:08:10.120Z] Error writing to Modbus register: no connection to modbus server
[2024-12-02T09:08:11.128Z] Error reading register 6507 for IP 10.30.28.23: no connection to modbus server
[2024-12-02T09:08:11.129Z] Error reading or processing Modbus registers: no connection to modbus server
[2024-12-02T09:08:11.129Z] Error writing to Modbus register: no connection to modbus server
[2024-12-02T09:08:12.142Z] Error reading register 6507 for IP 10.30.28.23: no connection to modbus server
[2024-12-02T09:08:12.143Z] Error reading or processing Modbus registers: no connection to modbus server
[2024-12-02T09:08:12.143Z] Error writing to Modbus register: no connection to modbus server
[2024-12-02T09:08:13.151Z] Error reading register 6507 for IP 10.30.28.23: no connection to modbus server
[2024-12-02T09:08:13.151Z] Error reading or processing Modbus registers: no connection to modbus server
[2024-12-02T09:08:13.152Z] Error writing to Modbus register: no connection to modbus server
[2024-12-02T09:08:14.164Z] Error reading register 6507 for IP 10.30.28.23: no connection to modbus server
[2024-12-02T09:08:14.164Z] Error reading or processing Modbus registers: no connection to modbus server
[2024-12-02T09:08:14.165Z] Error writing to Modbus register: no connection to modbus server
[2024-12-02T09:08:15.177Z] Error reading register 6507 for IP 10.30.28.23: no connection to modbus server
[2024-12-02T09:08:15.177Z] Error reading or processing Modbus registers: no connection to modbus server
[2024-12-02T09:08:15.177Z] Error writing to Modbus register: no connection to modbus server
[2024-12-02T09:08:16.186Z] Error reading register 6507 for IP 10.30.28.23: no connection to modbus server
[2024-12-02T09:08:16.186Z] Error reading or processing Modbus registers: no connection to modbus server
[2024-12-02T09:08:16.186Z] Error writing to Modbus register: no connection to modbus server
[2024-12-02T09:08:17.195Z] Error reading register 6507 for IP 10.30.28.23: no connection to modbus server
[2024-12-02T09:08:17.195Z] Error reading or processing Modbus registers: no connection to modbus server
[2024-12-02T09:08:17.196Z] Error writing to Modbus register: no connection to modbus server
[2024-12-02T09:08:18.200Z] Error reading register 6507 for IP 10.30.28.23: no connection to modbus server
[2024-12-02T09:08:18.200Z] Error reading or processing Modbus registers: no connection to modbus server
[2024-12-02T09:08:18.200Z] Error writing to Modbus register: no connection to modbus server
[2024-12-02T09:08:19.208Z] Error reading register 6507 for IP 10.30.28.23: no connection to modbus server
[2024-12-02T09:08:19.208Z] Error reading or processing Modbus registers: no connection to modbus server
[2024-12-02T09:08:19.209Z] Error writing to Modbus register: no connection to modbus server
[2024-12-02T09:08:20.217Z] Error reading register 6507 for IP 10.30.28.23: no connection to modbus server
[2024-12-02T09:08:20.217Z] Error reading or processing Modbus registers: no connection to modbus server
[2024-12-02T09:08:20.217Z] Error writing to Modbus register: no connection to modbus server
[2024-12-02T09:08:21.226Z] Error reading register 6507 for IP 10.30.28.23: no connection to modbus server
[2024-12-02T09:08:21.226Z] Error reading or processing Modbus registers: no connection to modbus server
[2024-12-02T09:08:21.226Z] Error writing to Modbus register: no connection to modbus server
[2024-12-02T09:08:22.235Z] Error reading register 6507 for IP 10.30.28.23: no connection to modbus server
[2024-12-02T09:08:22.235Z] Error reading or processing Modbus registers: no connection to modbus server
[2024-12-02T09:08:22.235Z] Error writing to Modbus register: no connection to modbus server
[2024-12-02T09:08:23.239Z] Error reading register 6507 for IP 10.30.28.23: no connection to modbus server
[2024-12-02T09:08:23.239Z] Error writing to Modbus register: no connection to modbus server
[2024-12-02T09:08:23.239Z] Error reading or processing Modbus registers: no connection to modbus server
[2024-12-02T09:08:24.243Z] Error reading register 6507 for IP 10.30.28.23: no connection to modbus server
[2024-12-02T09:08:24.244Z] Error reading or processing Modbus registers: no connection to modbus server
[2024-12-02T09:08:24.244Z] Error writing to Modbus register: no connection to modbus server
[2024-12-02T09:08:25.246Z] Error reading register 6507 for IP 10.30.28.23: no connection to modbus server
[2024-12-02T09:08:25.247Z] Error reading or processing Modbus registers: no connection to modbus server
[2024-12-02T09:08:25.247Z] Error writing to Modbus register: no connection to modbus server
[2024-12-02T09:08:26.255Z] Error reading register 6507 for IP 10.30.28.23: no connection to modbus server
[2024-12-02T09:08:26.255Z] Error reading or processing Modbus registers: no connection to modbus server
[2024-12-02T09:08:26.255Z] Error writing to Modbus register: no connection to modbus server
[2024-12-02T09:08:27.264Z] Error reading register 6507 for IP 10.30.28.23: no connection to modbus server
[2024-12-02T09:08:27.264Z] Error reading or processing Modbus registers: no connection to modbus server
[2024-12-02T09:08:27.265Z] Error writing to Modbus register: no connection to modbus server
[2024-12-02T09:08:28.270Z] Error reading register 6507 for IP 10.30.28.23: no connection to modbus server
[2024-12-02T09:08:28.270Z] Error reading or processing Modbus registers: no connection to modbus server
[2024-12-02T09:08:28.270Z] Error writing to Modbus register: no connection to modbus server
[2024-12-02T09:08:29.278Z] Error reading register 6507 for IP 10.30.28.23: no connection to modbus server
[2024-12-02T09:08:29.278Z] Error reading or processing Modbus registers: no connection to modbus server
[2024-12-02T09:08:29.279Z] Error writing to Modbus register: no connection to modbus server
[2024-12-02T09:08:30.284Z] Error reading register 6507 for IP 10.30.28.23: no connection to modbus server
[2024-12-02T09:08:30.284Z] Error reading or processing Modbus registers: no connection to modbus server
[2024-12-02T09:08:30.284Z] Error writing to Modbus register: no connection to modbus server
[2024-12-02T09:08:31.288Z] Error reading register 6507 for IP 10.30.28.23: no connection to modbus server
[2024-12-02T09:08:31.288Z] Error reading or processing Modbus registers: no connection to modbus server
[2024-12-02T09:08:31.288Z] Error writing to Modbus register: no connection to modbus server
[2024-12-02T09:08:32.297Z] Error reading register 6507 for IP 10.30.28.23: no connection to modbus server
[2024-12-02T09:08:32.298Z] Error reading or processing Modbus registers: no connection to modbus server
[2024-12-02T09:08:32.298Z] Error writing to Modbus register: no connection to modbus server
[2024-12-02T09:08:33.305Z] Error reading register 6507 for IP 10.30.28.23: no connection to modbus server
[2024-12-02T09:08:33.305Z] Error reading or processing Modbus registers: no connection to modbus server
[2024-12-02T09:08:33.306Z] Error writing to Modbus register: no connection to modbus server
[2024-12-02T09:08:34.307Z] Error reading register 6507 for IP 10.30.28.23: no connection to modbus server
[2024-12-02T09:08:34.307Z] Error reading or processing Modbus registers: no connection to modbus server
[2024-12-02T09:08:34.307Z] Error writing to Modbus register: no connection to modbus server
[2024-12-02T09:08:35.315Z] Error reading register 6507 for IP 10.30.28.23: no connection to modbus server
[2024-12-02T09:08:35.316Z] Error reading or processing Modbus registers: no connection to modbus server
[2024-12-02T09:08:35.316Z] Error writing to Modbus register: no connection to modbus server
[2024-12-02T09:08:36.329Z] Error reading register 6507 for IP 10.30.28.23: no connection to modbus server
[2024-12-02T09:08:36.329Z] Error reading or processing Modbus registers: no connection to modbus server
[2024-12-02T09:08:36.329Z] Error writing to Modbus register: no connection to modbus server
[2024-12-02T09:08:37.343Z] Error reading register 6507 for IP 10.30.28.23: no connection to modbus server
[2024-12-02T09:08:37.343Z] Error reading or processing Modbus registers: no connection to modbus server
[2024-12-02T09:08:37.343Z] Error writing to Modbus register: no connection to modbus server
[2024-12-02T09:08:38.348Z] Error reading register 6507 for IP 10.30.28.23: no connection to modbus server
[2024-12-02T09:08:38.348Z] Error reading or processing Modbus registers: no connection to modbus server
[2024-12-02T09:08:38.348Z] Error writing to Modbus register: no connection to modbus server
[2024-12-02T09:08:39.355Z] Error reading register 6507 for IP 10.30.28.23: no connection to modbus server
[2024-12-02T09:08:39.355Z] Error reading or processing Modbus registers: no connection to modbus server
[2024-12-02T09:08:39.356Z] Error writing to Modbus register: no connection to modbus server
[2024-12-02T09:08:40.364Z] Error reading register 6507 for IP 10.30.28.23: no connection to modbus server
[2024-12-02T09:08:40.364Z] Error reading or processing Modbus registers: no connection to modbus server
[2024-12-02T09:08:40.364Z] Error writing to Modbus register: no connection to modbus server
[2024-12-02T09:08:41.377Z] Error reading register 6507 for IP 10.30.28.23: no connection to modbus server
[2024-12-02T09:08:41.377Z] Error reading or processing Modbus registers: no connection to modbus server
[2024-12-02T09:08:41.378Z] Error writing to Modbus register: no connection to modbus server
[2024-12-02T09:08:42.387Z] Error reading register 6507 for IP 10.30.28.23: no connection to modbus server
[2024-12-02T09:08:42.387Z] Error reading or processing Modbus registers: no connection to modbus server
[2024-12-02T09:08:42.388Z] Error writing to Modbus register: no connection to modbus server
[2024-12-02T09:08:43.395Z] Error reading register 6507 for IP 10.30.28.23: no connection to modbus server
[2024-12-02T09:08:43.395Z] Error reading or processing Modbus registers: no connection to modbus server
[2024-12-02T09:08:43.396Z] Error writing to Modbus register: no connection to modbus server
[2024-12-02T09:08:44.405Z] Error reading register 6507 for IP 10.30.28.23: no connection to modbus server
[2024-12-02T09:08:44.405Z] Error reading or processing Modbus registers: no connection to modbus server
[2024-12-02T09:08:44.405Z] Error writing to Modbus register: no connection to modbus server
[2024-12-02T09:08:45.417Z] Error reading register 6507 for IP 10.30.28.23: no connection to modbus server
[2024-12-02T09:08:45.418Z] Error writing to Modbus register: no connection to modbus server
[2024-12-02T09:08:45.418Z] Error reading or processing Modbus registers: no connection to modbus server
[2024-12-02T09:08:46.428Z] Error reading register 6507 for IP 10.30.28.23: no connection to modbus server
[2024-12-02T09:08:46.428Z] Error reading or processing Modbus registers: no connection to modbus server
[2024-12-02T09:08:46.429Z] Error writing to Modbus register: no connection to modbus server
[2024-12-02T09:08:47.443Z] Error reading register 6507 for IP 10.30.28.23: no connection to modbus server
[2024-12-02T09:08:47.444Z] Error reading or processing Modbus registers: no connection to modbus server
[2024-12-02T09:08:47.444Z] Error writing to Modbus register: no connection to modbus server
[2024-12-02T09:08:48.443Z] Error reading register 6507 for IP 10.30.28.23: no connection to modbus server
[2024-12-02T09:08:48.444Z] Error writing to Modbus register: no connection to modbus server
[2024-12-02T09:08:48.443Z] Error reading or processing Modbus registers: no connection to modbus server
[2024-12-02T09:08:49.454Z] Error reading register 6507 for IP 10.30.28.23: no connection to modbus server
[2024-12-02T09:08:49.454Z] Error reading or processing Modbus registers: no connection to modbus server
[2024-12-02T09:08:49.454Z] Error writing to Modbus register: no connection to modbus server
[2024-12-02T09:08:50.468Z] Error reading register 6507 for IP 10.30.28.23: no connection to modbus server
[2024-12-02T09:08:50.468Z] Error reading or processing Modbus registers: no connection to modbus server
[2024-12-02T09:08:50.468Z] Error writing to Modbus register: no connection to modbus server
[2024-12-02T09:08:51.481Z] Error reading register 6507 for IP 10.30.28.23: no connection to modbus server
[2024-12-02T09:08:51.481Z] Error reading or processing Modbus registers: no connection to modbus server
[2024-12-02T09:08:51.481Z] Error writing to Modbus register: no connection to modbus server
[2024-12-02T09:08:52.493Z] Error reading register 6507 for IP 10.30.28.23: no connection to modbus server
[2024-12-02T09:08:52.493Z] Error reading or processing Modbus registers: no connection to modbus server
[2024-12-02T09:08:52.493Z] Error writing to Modbus register: no connection to modbus server
[2024-12-02T09:08:53.503Z] Error reading register 6507 for IP 10.30.28.23: no connection to modbus server
[2024-12-02T09:08:53.504Z] Error reading or processing Modbus registers: no connection to modbus server
[2024-12-02T09:08:53.504Z] Error writing to Modbus register: no connection to modbus server
[2024-12-02T09:08:54.517Z] Error reading register 6507 for IP 10.30.28.23: no connection to modbus server
[2024-12-02T09:08:54.517Z] Error reading or processing Modbus registers: no connection to modbus server
[2024-12-02T09:08:54.517Z] Error writing to Modbus register: no connection to modbus server
[2024-12-02T09:08:55.527Z] Error reading register 6507 for IP 10.30.28.23: no connection to modbus server
[2024-12-02T09:08:55.527Z] Error reading or processing Modbus registers: no connection to modbus server
[2024-12-02T09:08:55.527Z] Error writing to Modbus register: no connection to modbus server
[2024-12-02T09:08:56.540Z] Error reading register 6507 for IP 10.30.28.23: no connection to modbus server
[2024-12-02T09:08:56.540Z] Error reading or processing Modbus registers: no connection to modbus server
[2024-12-02T09:08:56.540Z] Error writing to Modbus register: no connection to modbus server
[2024-12-02T09:08:57.548Z] Error reading register 6507 for IP 10.30.28.23: no connection to modbus server
[2024-12-02T09:08:57.548Z] Error reading or processing Modbus registers: no connection to modbus server
[2024-12-02T09:08:57.548Z] Error writing to Modbus register: no connection to modbus server
[2024-12-02T09:08:58.559Z] Error reading register 6507 for IP 10.30.28.23: no connection to modbus server
[2024-12-02T09:08:58.559Z] Error reading or processing Modbus registers: no connection to modbus server
[2024-12-02T09:08:58.559Z] Error writing to Modbus register: no connection to modbus server
[2024-12-02T09:08:59.568Z] Error reading register 6507 for IP 10.30.28.23: no connection to modbus server
[2024-12-02T09:08:59.569Z] Error reading or processing Modbus registers: no connection to modbus server
[2024-12-02T09:08:59.569Z] Error writing to Modbus register: no connection to modbus server
[2024-12-02T09:09:00.578Z] Error reading register 6507 for IP 10.30.28.23: no connection to modbus server
[2024-12-02T09:09:00.579Z] Error reading or processing Modbus registers: no connection to modbus server
[2024-12-02T09:09:00.579Z] Error writing to Modbus register: no connection to modbus server
[2024-12-02T09:09:01.588Z] Error reading register 6507 for IP 10.30.28.23: no connection to modbus server
[2024-12-02T09:09:01.588Z] Error reading or processing Modbus registers: no connection to modbus server
[2024-12-02T09:09:01.588Z] Error writing to Modbus register: no connection to modbus server
[2024-12-02T09:09:02.596Z] Error reading register 6507 for IP 10.30.28.23: no connection to modbus server
[2024-12-02T09:09:02.596Z] Error reading or processing Modbus registers: no connection to modbus server
[2024-12-02T09:09:02.596Z] Error writing to Modbus register: no connection to modbus server
[2024-12-02T09:09:03.607Z] Error reading register 6507 for IP 10.30.28.23: no connection to modbus server
[2024-12-02T09:09:03.607Z] Error reading or processing Modbus registers: no connection to modbus server
[2024-12-02T09:09:03.607Z] Error writing to Modbus register: no connection to modbus server
[2024-12-02T09:09:04.618Z] Error reading register 6507 for IP 10.30.28.23: no connection to modbus server
[2024-12-02T09:09:04.618Z] Error reading or processing Modbus registers: no connection to modbus server
[2024-12-02T09:09:04.618Z] Error writing to Modbus register: no connection to modbus server
[2024-12-02T09:09:05.634Z] Error reading register 6507 for IP 10.30.28.23: no connection to modbus server
[2024-12-02T09:09:05.634Z] Error reading or processing Modbus registers: no connection to modbus server
[2024-12-02T09:09:05.634Z] Error writing to Modbus register: no connection to modbus server
[2024-12-02T09:09:06.644Z] Error reading register 6507 for IP 10.30.28.23: no connection to modbus server
[2024-12-02T09:09:06.644Z] Error reading or processing Modbus registers: no connection to modbus server
[2024-12-02T09:09:06.644Z] Error writing to Modbus register: no connection to modbus server
[2024-12-02T09:09:07.659Z] Error reading register 6507 for IP 10.30.28.23: no connection to modbus server
[2024-12-02T09:09:07.659Z] Error reading or processing Modbus registers: no connection to modbus server
[2024-12-02T09:09:07.659Z] Error writing to Modbus register: no connection to modbus server
[2024-12-02T09:09:08.668Z] Error reading register 6507 for IP 10.30.28.23: no connection to modbus server
[2024-12-02T09:09:08.668Z] Error reading or processing Modbus registers: no connection to modbus server
[2024-12-02T09:09:08.668Z] Error writing to Modbus register: no connection to modbus server
[2024-12-02T09:09:09.679Z] Error reading register 6507 for IP 10.30.28.23: no connection to modbus server
[2024-12-02T09:09:09.679Z] Error reading or processing Modbus registers: no connection to modbus server
[2024-12-02T09:09:09.679Z] Error writing to Modbus register: no connection to modbus server
[2024-12-02T09:09:10.692Z] Error reading register 6507 for IP 10.30.28.23: no connection to modbus server
[2024-12-02T09:09:10.692Z] Error writing to Modbus register: no connection to modbus server
[2024-12-02T09:09:10.692Z] Error reading or processing Modbus registers: no connection to modbus server
[2024-12-02T09:09:11.698Z] Error reading register 6507 for IP 10.30.28.23: no connection to modbus server
[2024-12-02T09:09:11.699Z] Error reading or processing Modbus registers: no connection to modbus server
[2024-12-02T09:09:11.699Z] Error writing to Modbus register: no connection to modbus server
[2024-12-02T09:09:12.705Z] Error reading register 6507 for IP 10.30.28.23: no connection to modbus server
[2024-12-02T09:09:12.705Z] Error reading or processing Modbus registers: no connection to modbus server
[2024-12-02T09:09:12.706Z] Error writing to Modbus register: no connection to modbus server
[2024-12-02T09:09:13.720Z] Error reading register 6507 for IP 10.30.28.23: no connection to modbus server
[2024-12-02T09:09:13.720Z] Error reading or processing Modbus registers: no connection to modbus server
[2024-12-02T09:09:13.720Z] Error writing to Modbus register: no connection to modbus server
[2024-12-02T09:09:14.734Z] Error reading register 6507 for IP 10.30.28.23: no connection to modbus server
[2024-12-02T09:09:14.734Z] Error reading or processing Modbus registers: no connection to modbus server
[2024-12-02T09:09:14.734Z] Error writing to Modbus register: no connection to modbus server
[2024-12-02T09:09:15.735Z] Error reading register 6507 for IP 10.30.28.23: no connection to modbus server
[2024-12-02T09:09:15.735Z] Error reading or processing Modbus registers: no connection to modbus server
[2024-12-02T09:09:15.735Z] Error writing to Modbus register: no connection to modbus server
[2024-12-02T09:09:16.742Z] Error reading register 6507 for IP 10.30.28.23: no connection to modbus server
[2024-12-02T09:09:16.742Z] Error reading or processing Modbus registers: no connection to modbus server
[2024-12-02T09:09:16.743Z] Error writing to Modbus register: no connection to modbus server
[2024-12-02T09:09:17.749Z] Error reading register 6507 for IP 10.30.28.23: no connection to modbus server
[2024-12-02T09:09:17.749Z] Error reading or processing Modbus registers: no connection to modbus server
[2024-12-02T09:09:17.750Z] Error writing to Modbus register: no connection to modbus server
[2024-12-02T09:09:18.759Z] Error reading register 6507 for IP 10.30.28.23: no connection to modbus server
[2024-12-02T09:09:18.760Z] Error reading or processing Modbus registers: no connection to modbus server
[2024-12-02T09:09:18.760Z] Error writing to Modbus register: no connection to modbus server
[2024-12-02T09:09:19.773Z] Error reading register 6507 for IP 10.30.28.23: no connection to modbus server
[2024-12-02T09:09:19.773Z] Error reading or processing Modbus registers: no connection to modbus server
[2024-12-02T09:09:19.774Z] Error writing to Modbus register: no connection to modbus server
[2024-12-02T09:09:20.784Z] Error reading or processing Modbus registers: no connection to modbus server
[2024-12-02T09:09:20.784Z] Error reading register 6507 for IP 10.30.28.23: no connection to modbus server
[2024-12-02T09:09:20.784Z] Error writing to Modbus register: no connection to modbus server
[2024-12-02T09:09:21.795Z] Error reading register 6507 for IP 10.30.28.23: no connection to modbus server
[2024-12-02T09:09:21.795Z] Error reading or processing Modbus registers: no connection to modbus server
[2024-12-02T09:09:21.795Z] Error writing to Modbus register: no connection to modbus server
[2024-12-02T09:09:22.806Z] Error reading register 6507 for IP 10.30.28.23: no connection to modbus server
[2024-12-02T09:09:22.806Z] Error reading or processing Modbus registers: no connection to modbus server
[2024-12-02T09:09:22.806Z] Error writing to Modbus register: no connection to modbus server
[2024-12-02T09:09:23.817Z] Error reading register 6507 for IP 10.30.28.23: no connection to modbus server
[2024-12-02T09:09:23.818Z] Error reading or processing Modbus registers: no connection to modbus server
[2024-12-02T09:09:23.818Z] Error writing to Modbus register: no connection to modbus server
[2024-12-02T09:09:24.827Z] Error reading register 6507 for IP 10.30.28.23: no connection to modbus server
[2024-12-02T09:09:24.827Z] Error reading or processing Modbus registers: no connection to modbus server
[2024-12-02T09:09:24.827Z] Error writing to Modbus register: no connection to modbus server
[2024-12-02T09:09:25.828Z] Error reading register 6507 for IP 10.30.28.23: no connection to modbus server
[2024-12-02T09:09:25.828Z] Error reading or processing Modbus registers: no connection to modbus server
[2024-12-02T09:09:25.828Z] Error writing to Modbus register: no connection to modbus server
[2024-12-02T09:09:26.839Z] Error reading register 6507 for IP 10.30.28.23: no connection to modbus server
[2024-12-02T09:09:26.839Z] Error reading or processing Modbus registers: no connection to modbus server
[2024-12-02T09:09:26.840Z] Error writing to Modbus register: no connection to modbus server
[2024-12-02T09:09:27.853Z] Error reading register 6507 for IP 10.30.28.23: no connection to modbus server
[2024-12-02T09:09:27.853Z] Error reading or processing Modbus registers: no connection to modbus server
[2024-12-02T09:09:27.853Z] Error writing to Modbus register: no connection to modbus server
[2024-12-02T09:09:28.859Z] Error reading register 6507 for IP 10.30.28.23: no connection to modbus server
[2024-12-02T09:09:28.860Z] Error writing to Modbus register: no connection to modbus server
[2024-12-02T09:09:28.859Z] Error reading or processing Modbus registers: no connection to modbus server
[2024-12-02T09:09:29.866Z] Error reading register 6507 for IP 10.30.28.23: no connection to modbus server
[2024-12-02T09:09:29.867Z] Error reading or processing Modbus registers: no connection to modbus server
[2024-12-02T09:09:29.867Z] Error writing to Modbus register: no connection to modbus server
[2024-12-02T09:09:30.874Z] Error reading register 6507 for IP 10.30.28.23: no connection to modbus server
[2024-12-02T09:09:30.874Z] Error reading or processing Modbus registers: no connection to modbus server
[2024-12-02T09:09:30.874Z] Error writing to Modbus register: no connection to modbus server
[2024-12-02T09:09:31.876Z] Error reading register 6507 for IP 10.30.28.23: no connection to modbus server
[2024-12-02T09:09:31.876Z] Error reading or processing Modbus registers: no connection to modbus server
[2024-12-02T09:09:31.876Z] Error writing to Modbus register: no connection to modbus server
[2024-12-02T09:09:32.884Z] Error reading register 6507 for IP 10.30.28.23: no connection to modbus server
[2024-12-02T09:09:32.884Z] Error reading or processing Modbus registers: no connection to modbus server
[2024-12-02T09:09:32.885Z] Error writing to Modbus register: no connection to modbus server
[2024-12-02T09:09:33.894Z] Error reading register 6507 for IP 10.30.28.23: no connection to modbus server
[2024-12-02T09:09:33.894Z] Error reading or processing Modbus registers: no connection to modbus server
[2024-12-02T09:09:33.895Z] Error writing to Modbus register: no connection to modbus server
[2024-12-02T09:09:34.897Z] Error reading register 6507 for IP 10.30.28.23: no connection to modbus server
[2024-12-02T09:09:34.897Z] Error reading or processing Modbus registers: no connection to modbus server
[2024-12-02T09:09:34.898Z] Error writing to Modbus register: no connection to modbus server
[2024-12-02T09:09:35.906Z] Error reading register 6507 for IP 10.30.28.23: no connection to modbus server
[2024-12-02T09:09:35.906Z] Error reading or processing Modbus registers: no connection to modbus server
[2024-12-02T09:09:35.906Z] Error writing to Modbus register: no connection to modbus server
[2024-12-02T09:09:36.920Z] Error reading register 6507 for IP 10.30.28.23: no connection to modbus server
[2024-12-02T09:09:36.920Z] Error reading or processing Modbus registers: no connection to modbus server
[2024-12-02T09:09:36.920Z] Error writing to Modbus register: no connection to modbus server
[2024-12-02T09:09:37.931Z] Error reading register 6507 for IP 10.30.28.23: no connection to modbus server
[2024-12-02T09:09:37.931Z] Error reading or processing Modbus registers: no connection to modbus server
[2024-12-02T09:09:37.931Z] Error writing to Modbus register: no connection to modbus server
[2024-12-02T09:09:38.944Z] Error reading register 6507 for IP 10.30.28.23: no connection to modbus server
[2024-12-02T09:09:38.944Z] Error reading or processing Modbus registers: no connection to modbus server
[2024-12-02T09:09:38.944Z] Error writing to Modbus register: no connection to modbus server
[2024-12-02T09:09:39.945Z] Error reading register 6507 for IP 10.30.28.23: no connection to modbus server
[2024-12-02T09:09:39.946Z] Error reading or processing Modbus registers: no connection to modbus server
[2024-12-02T09:09:39.947Z] Error writing to Modbus register: no connection to modbus server
[2024-12-02T09:09:40.956Z] Error reading register 6507 for IP 10.30.28.23: no connection to modbus server
[2024-12-02T09:09:40.956Z] Error reading or processing Modbus registers: no connection to modbus server
[2024-12-02T09:09:40.957Z] Error writing to Modbus register: no connection to modbus server
[2024-12-02T09:09:41.970Z] Error reading register 6507 for IP 10.30.28.23: no connection to modbus server
[2024-12-02T09:09:41.970Z] Error writing to Modbus register: no connection to modbus server
[2024-12-02T09:09:41.970Z] Error reading or processing Modbus registers: no connection to modbus server
[2024-12-02T09:09:42.981Z] Error reading register 6507 for IP 10.30.28.23: no connection to modbus server
[2024-12-02T09:09:42.981Z] Error reading or processing Modbus registers: no connection to modbus server
[2024-12-02T09:09:42.981Z] Error writing to Modbus register: no connection to modbus server
[2024-12-02T09:09:43.991Z] Error reading register 6507 for IP 10.30.28.23: no connection to modbus server
[2024-12-02T09:09:43.991Z] Error reading or processing Modbus registers: no connection to modbus server
[2024-12-02T09:09:43.992Z] Error writing to Modbus register: no connection to modbus server
[2024-12-02T09:09:45.005Z] Error reading register 6507 for IP 10.30.28.23: no connection to modbus server
[2024-12-02T09:09:45.006Z] Error reading or processing Modbus registers: no connection to modbus server
[2024-12-02T09:09:45.006Z] Error writing to Modbus register: no connection to modbus server
[2024-12-02T09:09:46.019Z] Error reading register 6507 for IP 10.30.28.23: no connection to modbus server
[2024-12-02T09:09:46.020Z] Error writing to Modbus register: no connection to modbus server
[2024-12-02T09:09:46.019Z] Error reading or processing Modbus registers: no connection to modbus server
[2024-12-02T09:09:47.032Z] Error reading register 6507 for IP 10.30.28.23: no connection to modbus server
[2024-12-02T09:09:47.032Z] Error reading or processing Modbus registers: no connection to modbus server
[2024-12-02T09:09:47.032Z] Error writing to Modbus register: no connection to modbus server
[2024-12-02T09:09:48.044Z] Error reading register 6507 for IP 10.30.28.23: no connection to modbus server
[2024-12-02T09:09:48.045Z] Error reading or processing Modbus registers: no connection to modbus server
[2024-12-02T09:09:48.045Z] Error writing to Modbus register: no connection to modbus server
[2024-12-02T09:09:49.059Z] Error reading register 6507 for IP 10.30.28.23: no connection to modbus server
[2024-12-02T09:09:49.059Z] Error reading or processing Modbus registers: no connection to modbus server
[2024-12-02T09:09:49.059Z] Error writing to Modbus register: no connection to modbus server
[2024-12-02T09:09:50.070Z] Error reading register 6507 for IP 10.30.28.23: no connection to modbus server
[2024-12-02T09:09:50.070Z] Error reading or processing Modbus registers: no connection to modbus server
[2024-12-02T09:09:50.070Z] Error writing to Modbus register: no connection to modbus server
[2024-12-02T09:09:51.079Z] Error reading register 6507 for IP 10.30.28.23: no connection to modbus server
[2024-12-02T09:09:51.079Z] Error reading or processing Modbus registers: no connection to modbus server
[2024-12-02T09:09:51.079Z] Error writing to Modbus register: no connection to modbus server
[2024-12-02T09:09:52.086Z] Error reading register 6507 for IP 10.30.28.23: no connection to modbus server
[2024-12-02T09:09:52.086Z] Error reading or processing Modbus registers: no connection to modbus server
[2024-12-02T09:09:52.086Z] Error writing to Modbus register: no connection to modbus server
[2024-12-02T09:09:53.096Z] Error reading register 6507 for IP 10.30.28.23: no connection to modbus server
[2024-12-02T09:09:53.096Z] Error reading or processing Modbus registers: no connection to modbus server
[2024-12-02T09:09:53.096Z] Error writing to Modbus register: no connection to modbus server
[2024-12-02T09:09:54.105Z] Error reading register 6507 for IP 10.30.28.23: no connection to modbus server
[2024-12-02T09:09:54.105Z] Error reading or processing Modbus registers: no connection to modbus server
[2024-12-02T09:09:54.105Z] Error writing to Modbus register: no connection to modbus server
[2024-12-02T09:09:55.118Z] Error reading register 6507 for IP 10.30.28.23: no connection to modbus server
[2024-12-02T09:09:55.118Z] Error reading or processing Modbus registers: no connection to modbus server
[2024-12-02T09:09:55.118Z] Error writing to Modbus register: no connection to modbus server
[2024-12-02T09:09:56.131Z] Error reading register 6507 for IP 10.30.28.23: no connection to modbus server
[2024-12-02T09:09:56.131Z] Error reading or processing Modbus registers: no connection to modbus server
[2024-12-02T09:09:56.131Z] Error writing to Modbus register: no connection to modbus server
[2024-12-02T09:09:57.145Z] Error reading register 6507 for IP 10.30.28.23: no connection to modbus server
[2024-12-02T09:09:57.146Z] Error reading or processing Modbus registers: no connection to modbus server
[2024-12-02T09:09:57.146Z] Error writing to Modbus register: no connection to modbus server
[2024-12-02T09:09:58.155Z] Error reading register 6507 for IP 10.30.28.23: no connection to modbus server
[2024-12-02T09:09:58.155Z] Error reading or processing Modbus registers: no connection to modbus server
[2024-12-02T09:09:58.156Z] Error writing to Modbus register: no connection to modbus server
[2024-12-02T09:09:59.159Z] Error reading register 6507 for IP 10.30.28.23: no connection to modbus server
[2024-12-02T09:09:59.159Z] Error reading or processing Modbus registers: no connection to modbus server
[2024-12-02T09:09:59.160Z] Error writing to Modbus register: no connection to modbus server
[2024-12-02T09:10:00.167Z] Error reading register 6507 for IP 10.30.28.23: no connection to modbus server
[2024-12-02T09:10:00.167Z] Error reading or processing Modbus registers: no connection to modbus server
[2024-12-02T09:10:00.167Z] Error writing to Modbus register: no connection to modbus server
[2024-12-02T09:10:01.171Z] Error reading register 6507 for IP 10.30.28.23: no connection to modbus server
[2024-12-02T09:10:01.171Z] Error reading or processing Modbus registers: no connection to modbus server
[2024-12-02T09:10:01.171Z] Error writing to Modbus register: no connection to modbus server
[2024-12-02T09:10:02.181Z] Error reading register 6507 for IP 10.30.28.23: no connection to modbus server
[2024-12-02T09:10:02.181Z] Error reading or processing Modbus registers: no connection to modbus server
[2024-12-02T09:10:02.181Z] Error writing to Modbus register: no connection to modbus server
[2024-12-02T09:10:03.194Z] Error reading register 6507 for IP 10.30.28.23: no connection to modbus server
[2024-12-02T09:10:03.195Z] Error reading or processing Modbus registers: no connection to modbus server
[2024-12-02T09:10:03.195Z] Error writing to Modbus register: no connection to modbus server
[2024-12-02T09:10:04.207Z] Error reading register 6507 for IP 10.30.28.23: no connection to modbus server
[2024-12-02T09:10:04.207Z] Error reading or processing Modbus registers: no connection to modbus server
[2024-12-02T09:10:04.207Z] Error writing to Modbus register: no connection to modbus server
[2024-12-02T09:10:05.221Z] Error reading register 6507 for IP 10.30.28.23: no connection to modbus server
[2024-12-02T09:10:05.222Z] Error reading or processing Modbus registers: no connection to modbus server
[2024-12-02T09:10:05.222Z] Error writing to Modbus register: no connection to modbus server
[2024-12-02T09:10:06.234Z] Error reading register 6507 for IP 10.30.28.23: no connection to modbus server
[2024-12-02T09:10:06.235Z] Error reading or processing Modbus registers: no connection to modbus server
[2024-12-02T09:10:06.235Z] Error writing to Modbus register: no connection to modbus server
[2024-12-02T09:10:07.247Z] Error reading register 6507 for IP 10.30.28.23: no connection to modbus server
[2024-12-02T09:10:07.247Z] Error reading or processing Modbus registers: no connection to modbus server
[2024-12-02T09:10:07.247Z] Error writing to Modbus register: no connection to modbus server
[2024-12-02T09:10:08.258Z] Error reading register 6507 for IP 10.30.28.23: no connection to modbus server
[2024-12-02T09:10:08.258Z] Error reading or processing Modbus registers: no connection to modbus server
[2024-12-02T09:10:08.258Z] Error writing to Modbus register: no connection to modbus server
[2024-12-02T09:10:09.273Z] Error reading register 6507 for IP 10.30.28.23: no connection to modbus server
[2024-12-02T09:10:09.274Z] Error reading or processing Modbus registers: no connection to modbus server
[2024-12-02T09:10:09.274Z] Error writing to Modbus register: no connection to modbus server
[2024-12-02T09:10:10.287Z] Error reading register 6507 for IP 10.30.28.23: no connection to modbus server
[2024-12-02T09:10:10.287Z] Error reading or processing Modbus registers: no connection to modbus server
[2024-12-02T09:10:10.287Z] Error writing to Modbus register: no connection to modbus server
[2024-12-02T09:10:11.299Z] Error reading register 6507 for IP 10.30.28.23: no connection to modbus server
[2024-12-02T09:10:11.300Z] Error reading or processing Modbus registers: no connection to modbus server
[2024-12-02T09:10:11.300Z] Error writing to Modbus register: no connection to modbus server
[2024-12-02T09:10:12.309Z] Error reading register 6507 for IP 10.30.28.23: no connection to modbus server
[2024-12-02T09:10:12.309Z] Error reading or processing Modbus registers: no connection to modbus server
[2024-12-02T09:10:12.309Z] Error writing to Modbus register: no connection to modbus server
[2024-12-02T09:10:13.320Z] Error reading register 6507 for IP 10.30.28.23: no connection to modbus server
[2024-12-02T09:10:13.320Z] Error reading or processing Modbus registers: no connection to modbus server
[2024-12-02T09:10:13.320Z] Error writing to Modbus register: no connection to modbus server
[2024-12-02T09:10:14.321Z] Error reading register 6507 for IP 10.30.28.23: no connection to modbus server
[2024-12-02T09:10:14.321Z] Error reading or processing Modbus registers: no connection to modbus server
[2024-12-02T09:10:14.321Z] Error writing to Modbus register: no connection to modbus server
[2024-12-02T09:10:15.335Z] Error reading register 6507 for IP 10.30.28.23: no connection to modbus server
[2024-12-02T09:10:15.335Z] Error reading or processing Modbus registers: no connection to modbus server
[2024-12-02T09:10:15.335Z] Error writing to Modbus register: no connection to modbus server
[2024-12-02T09:10:16.345Z] Error reading register 6507 for IP 10.30.28.23: no connection to modbus server
[2024-12-02T09:10:16.345Z] Error reading or processing Modbus registers: no connection to modbus server
[2024-12-02T09:10:16.346Z] Error writing to Modbus register: no connection to modbus server
[2024-12-02T09:10:17.349Z] Error reading register 6507 for IP 10.30.28.23: no connection to modbus server
[2024-12-02T09:10:17.349Z] Error reading or processing Modbus registers: no connection to modbus server
[2024-12-02T09:10:17.350Z] Error writing to Modbus register: no connection to modbus server
[2024-12-02T09:10:18.361Z] Error reading register 6507 for IP 10.30.28.23: no connection to modbus server
[2024-12-02T09:10:18.361Z] Error reading or processing Modbus registers: no connection to modbus server
[2024-12-02T09:10:18.361Z] Error writing to Modbus register: no connection to modbus server
[2024-12-02T09:10:19.372Z] Error reading register 6507 for IP 10.30.28.23: no connection to modbus server
[2024-12-02T09:10:19.372Z] Error reading or processing Modbus registers: no connection to modbus server
[2024-12-02T09:10:19.372Z] Error writing to Modbus register: no connection to modbus server
[2024-12-02T09:10:20.381Z] Error reading register 6507 for IP 10.30.28.23: no connection to modbus server
[2024-12-02T09:10:20.381Z] Error reading or processing Modbus registers: no connection to modbus server
[2024-12-02T09:10:20.381Z] Error writing to Modbus register: no connection to modbus server
[2024-12-02T09:10:21.382Z] Error reading register 6507 for IP 10.30.28.23: no connection to modbus server
[2024-12-02T09:10:21.382Z] Error reading or processing Modbus registers: no connection to modbus server
[2024-12-02T09:10:21.382Z] Error writing to Modbus register: no connection to modbus server
[2024-12-02T09:10:22.397Z] Error reading register 6507 for IP 10.30.28.23: no connection to modbus server
[2024-12-02T09:10:22.398Z] Error reading or processing Modbus registers: no connection to modbus server
[2024-12-02T09:10:22.398Z] Error writing to Modbus register: no connection to modbus server
[2024-12-02T09:10:23.405Z] Error reading register 6507 for IP 10.30.28.23: no connection to modbus server
[2024-12-02T09:10:23.405Z] Error reading or processing Modbus registers: no connection to modbus server
[2024-12-02T09:10:23.405Z] Error writing to Modbus register: no connection to modbus server
[2024-12-02T09:10:24.414Z] Error reading register 6507 for IP 10.30.28.23: no connection to modbus server
[2024-12-02T09:10:24.414Z] Error reading or processing Modbus registers: no connection to modbus server
[2024-12-02T09:10:24.414Z] Error writing to Modbus register: no connection to modbus server
[2024-12-02T09:10:25.421Z] Error reading register 6507 for IP 10.30.28.23: no connection to modbus server
[2024-12-02T09:10:25.421Z] Error reading or processing Modbus registers: no connection to modbus server
[2024-12-02T09:10:25.421Z] Error writing to Modbus register: no connection to modbus server
[2024-12-02T09:10:26.423Z] Error reading register 6507 for IP 10.30.28.23: no connection to modbus server
[2024-12-02T09:10:26.423Z] Error reading or processing Modbus registers: no connection to modbus server
[2024-12-02T09:10:26.423Z] Error writing to Modbus register: no connection to modbus server
[2024-12-02T09:10:27.431Z] Error reading register 6507 for IP 10.30.28.23: no connection to modbus server
[2024-12-02T09:10:27.432Z] Error reading or processing Modbus registers: no connection to modbus server
[2024-12-02T09:10:27.432Z] Error writing to Modbus register: no connection to modbus server
[2024-12-02T09:10:28.443Z] Error reading register 6507 for IP 10.30.28.23: no connection to modbus server
[2024-12-02T09:10:28.443Z] Error reading or processing Modbus registers: no connection to modbus server
[2024-12-02T09:10:28.444Z] Error writing to Modbus register: no connection to modbus server
[2024-12-02T09:10:29.453Z] Error reading register 6507 for IP 10.30.28.23: no connection to modbus server
[2024-12-02T09:10:29.453Z] Error reading or processing Modbus registers: no connection to modbus server
[2024-12-02T09:10:29.453Z] Error writing to Modbus register: no connection to modbus server
[2024-12-02T09:10:30.462Z] Error reading register 6507 for IP 10.30.28.23: no connection to modbus server
[2024-12-02T09:10:30.462Z] Error reading or processing Modbus registers: no connection to modbus server
[2024-12-02T09:10:30.462Z] Error writing to Modbus register: no connection to modbus server
[2024-12-02T09:10:31.474Z] Error reading register 6507 for IP 10.30.28.23: no connection to modbus server
[2024-12-02T09:10:31.474Z] Error reading or processing Modbus registers: no connection to modbus server
[2024-12-02T09:10:31.475Z] Error writing to Modbus register: no connection to modbus server
[2024-12-02T09:10:32.481Z] Error reading register 6507 for IP 10.30.28.23: no connection to modbus server
[2024-12-02T09:10:32.481Z] Error reading or processing Modbus registers: no connection to modbus server
[2024-12-02T09:10:32.482Z] Error writing to Modbus register: no connection to modbus server
[2024-12-02T09:10:33.487Z] Error reading register 6507 for IP 10.30.28.23: no connection to modbus server
[2024-12-02T09:10:33.488Z] Error reading or processing Modbus registers: no connection to modbus server
[2024-12-02T09:10:33.488Z] Error writing to Modbus register: no connection to modbus server
[2024-12-02T09:10:34.498Z] Error reading register 6507 for IP 10.30.28.23: no connection to modbus server
[2024-12-02T09:10:34.498Z] Error reading or processing Modbus registers: no connection to modbus server
[2024-12-02T09:10:34.498Z] Error writing to Modbus register: no connection to modbus server
[2024-12-02T09:10:35.507Z] Error reading register 6507 for IP 10.30.28.23: no connection to modbus server
[2024-12-02T09:10:35.507Z] Error reading or processing Modbus registers: no connection to modbus server
[2024-12-02T09:10:35.507Z] Error writing to Modbus register: no connection to modbus server
[2024-12-02T09:10:36.515Z] Error reading register 6507 for IP 10.30.28.23: no connection to modbus server
[2024-12-02T09:10:36.515Z] Error reading or processing Modbus registers: no connection to modbus server
[2024-12-02T09:10:36.515Z] Error writing to Modbus register: no connection to modbus server
[2024-12-02T09:10:37.520Z] Error reading register 6507 for IP 10.30.28.23: no connection to modbus server
[2024-12-02T09:10:37.520Z] Error reading or processing Modbus registers: no connection to modbus server
[2024-12-02T09:10:37.521Z] Error writing to Modbus register: no connection to modbus server
[2024-12-02T09:10:38.529Z] Error reading register 6507 for IP 10.30.28.23: no connection to modbus server
[2024-12-02T09:10:38.529Z] Error reading or processing Modbus registers: no connection to modbus server
[2024-12-02T09:10:38.530Z] Error writing to Modbus register: no connection to modbus server
[2024-12-02T09:10:39.537Z] Error reading register 6507 for IP 10.30.28.23: no connection to modbus server
[2024-12-02T09:10:39.537Z] Error reading or processing Modbus registers: no connection to modbus server
[2024-12-02T09:10:39.537Z] Error writing to Modbus register: no connection to modbus server
[2024-12-02T09:10:40.546Z] Error reading register 6507 for IP 10.30.28.23: no connection to modbus server
[2024-12-02T09:10:40.546Z] Error reading or processing Modbus registers: no connection to modbus server
[2024-12-02T09:10:40.547Z] Error writing to Modbus register: no connection to modbus server
[2024-12-03T02:00:49.176Z] Error reading actual data: Không tìm thấy PartName cho client tại 10.30.28.23
[2024-12-03T02:02:14.385Z] Error reading actual data: Không tìm thấy PartName cho client tại 10.30.28.23
[2024-12-03T02:02:14.400Z] Error saving size data: Không tìm thấy PartName cho client tại 10.30.28.23
[2024-12-03T02:03:38.969Z] Error reading actual data: Không tìm thấy PartName cho client tại 10.30.28.23
[2024-12-03T02:03:38.971Z] Error saving size data: Không tìm thấy PartName cho client tại 10.30.28.23
[2024-12-03T02:05:50.912Z] Error reading actual data: PartName không hợp lệ
[2024-12-03T02:11:09.865Z] Error reading actual data: PartName không hợp lệ
[2024-12-03T02:23:01.434Z] Error reading actual data: PartName không hợp lệ
[2024-12-03T02:31:37.935Z] Error reading actual data: PartName không hợp lệ
[2024-12-03T02:38:41.884Z] Error reading actual data: PartName không hợp lệ
[2024-12-03T02:39:44.544Z] Error reading actual data: PartName không hợp lệ
[2024-12-03T08:24:19.150Z] Error reading or processing Modbus registers: Req timed out
[2024-12-03T08:24:24.876Z] Device at 10.30.28.23 is not reachable. Skipping connection attempt.
[2024-12-04T01:50:37.466Z] Device at 10.30.28.23 is not reachable. Skipping connection attempt.
[2024-12-04T01:50:47.435Z] Device at 10.30.28.23 is not reachable. Skipping connection attempt.
[2024-12-04T01:50:57.441Z] Device at 10.30.28.23 is not reachable. Skipping connection attempt.
[2024-12-04T01:51:07.464Z] Device at 10.30.28.23 is not reachable. Skipping connection attempt.
[2024-12-04T01:51:11.403Z] Device at 10.30.28.23 is not reachable. Skipping connection attempt.
[2024-12-04T01:51:21.379Z] Device at 10.30.28.23 is not reachable. Skipping connection attempt.
[2024-12-04T01:51:31.375Z] Device at 10.30.28.23 is not reachable. Skipping connection attempt.
[2024-12-04T01:51:41.387Z] Device at 10.30.28.23 is not reachable. Skipping connection attempt.
[2024-12-04T01:51:51.428Z] Device at 10.30.28.23 is not reachable. Skipping connection attempt.
[2024-12-04T01:52:06.260Z] Device at 10.30.28.23 is not reachable. Skipping connection attempt.
[2024-12-04T01:52:16.231Z] Device at 10.30.28.23 is not reachable. Skipping connection attempt.
[2024-12-04T01:52:26.235Z] Device at 10.30.28.23 is not reachable. Skipping connection attempt.
[2024-12-04T01:52:36.253Z] Device at 10.30.28.23 is not reachable. Skipping connection attempt.
[2024-12-04T01:52:46.250Z] Device at 10.30.28.23 is not reachable. Skipping connection attempt.
[2024-12-04T01:52:56.261Z] Device at 10.30.28.23 is not reachable. Skipping connection attempt.
[2024-12-04T01:53:06.262Z] Device at 10.30.28.23 is not reachable. Skipping connection attempt.
[2024-12-04T01:53:16.285Z] Device at 10.30.28.23 is not reachable. Skipping connection attempt.
[2024-12-04T01:53:26.287Z] Device at 10.30.28.23 is not reachable. Skipping connection attempt.
[2024-12-04T01:53:36.293Z] Device at 10.30.28.23 is not reachable. Skipping connection attempt.
[2024-12-04T01:53:46.332Z] Device at 10.30.28.23 is not reachable. Skipping connection attempt.
[2024-12-04T01:53:56.308Z] Device at 10.30.28.23 is not reachable. Skipping connection attempt.
[2024-12-04T01:54:06.312Z] Device at 10.30.28.23 is not reachable. Skipping connection attempt.
[2024-12-04T01:54:16.287Z] Device at 10.30.28.23 is not reachable. Skipping connection attempt.
[2024-12-04T01:54:26.307Z] Device at 10.30.28.23 is not reachable. Skipping connection attempt.
[2024-12-04T01:54:36.331Z] Device at 10.30.28.23 is not reachable. Skipping connection attempt.
[2024-12-04T01:54:46.359Z] Device at 10.30.28.23 is not reachable. Skipping connection attempt.
[2024-12-04T01:54:56.364Z] Device at 10.30.28.23 is not reachable. Skipping connection attempt.
[2024-12-04T01:55:06.369Z] Device at 10.30.28.23 is not reachable. Skipping connection attempt.
[2024-12-04T01:55:16.368Z] Device at 10.30.28.23 is not reachable. Skipping connection attempt.
[2024-12-04T01:55:26.384Z] Device at 10.30.28.23 is not reachable. Skipping connection attempt.
[2024-12-04T01:55:36.389Z] Device at 10.30.28.23 is not reachable. Skipping connection attempt.
[2024-12-04T01:55:46.397Z] Device at 10.30.28.23 is not reachable. Skipping connection attempt.
[2024-12-04T01:55:56.413Z] Device at 10.30.28.23 is not reachable. Skipping connection attempt.
[2024-12-04T01:56:06.421Z] Device at 10.30.28.23 is not reachable. Skipping connection attempt.
[2024-12-04T01:56:16.438Z] Device at 10.30.28.23 is not reachable. Skipping connection attempt.
[2024-12-04T01:56:26.451Z] Device at 10.30.28.23 is not reachable. Skipping connection attempt.
[2024-12-04T01:56:36.449Z] Device at 10.30.28.23 is not reachable. Skipping connection attempt.
[2024-12-04T01:56:46.445Z] Device at 10.30.28.23 is not reachable. Skipping connection attempt.
[2024-12-04T01:56:56.454Z] Device at 10.30.28.23 is not reachable. Skipping connection attempt.
[2024-12-04T01:57:06.457Z] Device at 10.30.28.23 is not reachable. Skipping connection attempt.
[2024-12-04T01:57:16.484Z] Device at 10.30.28.23 is not reachable. Skipping connection attempt.
[2024-12-04T01:57:26.472Z] Device at 10.30.28.23 is not reachable. Skipping connection attempt.
[2024-12-04T01:57:36.491Z] Device at 10.30.28.23 is not reachable. Skipping connection attempt.
[2024-12-04T01:57:46.483Z] Device at 10.30.28.23 is not reachable. Skipping connection attempt.
[2024-12-04T01:57:56.496Z] Device at 10.30.28.23 is not reachable. Skipping connection attempt.
[2024-12-04T01:58:06.501Z] Device at 10.30.28.23 is not reachable. Skipping connection attempt.
[2024-12-04T01:58:16.504Z] Device at 10.30.28.23 is not reachable. Skipping connection attempt.
[2024-12-04T01:58:26.499Z] Device at 10.30.28.23 is not reachable. Skipping connection attempt.
[2024-12-04T01:58:36.505Z] Device at 10.30.28.23 is not reachable. Skipping connection attempt.
[2024-12-04T01:58:46.524Z] Device at 10.30.28.23 is not reachable. Skipping connection attempt.
[2024-12-04T01:58:56.531Z] Device at 10.30.28.23 is not reachable. Skipping connection attempt.
[2024-12-04T01:59:06.541Z] Device at 10.30.28.23 is not reachable. Skipping connection attempt.
[2024-12-04T01:59:16.539Z] Device at 10.30.28.23 is not reachable. Skipping connection attempt.
[2024-12-04T01:59:26.539Z] Device at 10.30.28.23 is not reachable. Skipping connection attempt.
[2024-12-04T01:59:36.540Z] Device at 10.30.28.23 is not reachable. Skipping connection attempt.
[2024-12-04T01:59:46.545Z] Device at 10.30.28.23 is not reachable. Skipping connection attempt.
[2024-12-04T01:59:56.549Z] Device at 10.30.28.23 is not reachable. Skipping connection attempt.
[2024-12-04T02:00:06.557Z] Device at 10.30.28.23 is not reachable. Skipping connection attempt.
[2024-12-04T02:00:16.545Z] Device at 10.30.28.23 is not reachable. Skipping connection attempt.
[2024-12-04T02:00:26.568Z] Device at 10.30.28.23 is not reachable. Skipping connection attempt.
[2024-12-04T02:00:36.556Z] Device at 10.30.28.23 is not reachable. Skipping connection attempt.
[2024-12-04T02:00:46.584Z] Device at 10.30.28.23 is not reachable. Skipping connection attempt.
[2024-12-04T02:00:56.594Z] Device at 10.30.28.23 is not reachable. Skipping connection attempt.
[2024-12-04T02:01:06.598Z] Device at 10.30.28.23 is not reachable. Skipping connection attempt.
[2024-12-04T02:01:16.600Z] Device at 10.30.28.23 is not reachable. Skipping connection attempt.
[2024-12-04T02:01:26.579Z] Device at 10.30.28.23 is not reachable. Skipping connection attempt.
[2024-12-04T02:01:36.613Z] Device at 10.30.28.23 is not reachable. Skipping connection attempt.
[2024-12-04T02:01:46.632Z] Device at 10.30.28.23 is not reachable. Skipping connection attempt.
[2024-12-04T02:01:56.635Z] Device at 10.30.28.23 is not reachable. Skipping connection attempt.
[2024-12-04T02:02:06.629Z] Device at 10.30.28.23 is not reachable. Skipping connection attempt.
[2024-12-04T02:02:16.651Z] Device at 10.30.28.23 is not reachable. Skipping connection attempt.
[2024-12-04T02:02:26.670Z] Device at 10.30.28.23 is not reachable. Skipping connection attempt.
[2024-12-04T02:02:36.665Z] Device at 10.30.28.23 is not reachable. Skipping connection attempt.
[2024-12-04T02:02:46.675Z] Device at 10.30.28.23 is not reachable. Skipping connection attempt.
[2024-12-04T02:02:56.688Z] Device at 10.30.28.23 is not reachable. Skipping connection attempt.
[2024-12-04T02:03:06.683Z] Device at 10.30.28.23 is not reachable. Skipping connection attempt.
[2024-12-04T02:03:16.701Z] Device at 10.30.28.23 is not reachable. Skipping connection attempt.
[2024-12-04T02:03:26.717Z] Device at 10.30.28.23 is not reachable. Skipping connection attempt.
[2024-12-04T02:03:36.727Z] Device at 10.30.28.23 is not reachable. Skipping connection attempt.
[2024-12-04T02:03:46.720Z] Device at 10.30.28.23 is not reachable. Skipping connection attempt.
[2024-12-04T02:03:59.308Z] Device at 10.30.28.23 is not reachable. Skipping connection attempt.
[2024-12-04T02:04:09.313Z] Device at 10.30.28.23 is not reachable. Skipping connection attempt.
[2024-12-04T02:04:19.324Z] Device at 10.30.28.23 is not reachable. Skipping connection attempt.
[2024-12-04T02:04:29.322Z] Device at 10.30.28.23 is not reachable. Skipping connection attempt.
[2024-12-04T02:04:39.332Z] Device at 10.30.28.23 is not reachable. Skipping connection attempt.
[2024-12-04T02:04:49.352Z] Device at 10.30.28.23 is not reachable. Skipping connection attempt.
[2024-12-04T02:04:59.353Z] Device at 10.30.28.23 is not reachable. Skipping connection attempt.
[2024-12-04T02:05:09.337Z] Device at 10.30.28.23 is not reachable. Skipping connection attempt.
[2024-12-04T02:05:19.358Z] Device at 10.30.28.23 is not reachable. Skipping connection attempt.
[2024-12-04T02:05:29.361Z] Device at 10.30.28.23 is not reachable. Skipping connection attempt.
[2024-12-04T02:05:39.384Z] Device at 10.30.28.23 is not reachable. Skipping connection attempt.
[2024-12-04T02:05:49.376Z] Device at 10.30.28.23 is not reachable. Skipping connection attempt.
[2024-12-04T02:05:59.392Z] Device at 10.30.28.23 is not reachable. Skipping connection attempt.
[2024-12-04T02:06:09.400Z] Device at 10.30.28.23 is not reachable. Skipping connection attempt.
[2024-12-04T02:06:19.402Z] Device at 10.30.28.23 is not reachable. Skipping connection attempt.
[2024-12-04T02:06:29.416Z] Device at 10.30.28.23 is not reachable. Skipping connection attempt.
[2024-12-04T02:06:39.407Z] Device at 10.30.28.23 is not reachable. Skipping connection attempt.
[2024-12-04T02:06:49.410Z] Device at 10.30.28.23 is not reachable. Skipping connection attempt.
[2024-12-04T02:06:59.427Z] Device at 10.30.28.23 is not reachable. Skipping connection attempt.
[2024-12-04T02:07:09.444Z] Device at 10.30.28.23 is not reachable. Skipping connection attempt.
[2024-12-04T02:07:19.441Z] Device at 10.30.28.23 is not reachable. Skipping connection attempt.
[2024-12-04T02:07:29.447Z] Device at 10.30.28.23 is not reachable. Skipping connection attempt.
[2024-12-04T02:07:39.456Z] Device at 10.30.28.23 is not reachable. Skipping connection attempt.
[2024-12-04T02:07:49.466Z] Device at 10.30.28.23 is not reachable. Skipping connection attempt.
[2024-12-04T02:07:59.463Z] Device at 10.30.28.23 is not reachable. Skipping connection attempt.
[2024-12-04T02:08:09.469Z] Device at 10.30.28.23 is not reachable. Skipping connection attempt.
[2024-12-04T02:08:19.479Z] Device at 10.30.28.23 is not reachable. Skipping connection attempt.
[2024-12-04T02:08:29.483Z] Device at 10.30.28.23 is not reachable. Skipping connection attempt.
[2024-12-04T02:08:39.490Z] Device at 10.30.28.23 is not reachable. Skipping connection attempt.
[2024-12-04T02:08:49.511Z] Device at 10.30.28.23 is not reachable. Skipping connection attempt.
[2024-12-04T02:08:59.501Z] Device at 10.30.28.23 is not reachable. Skipping connection attempt.
[2024-12-04T02:09:09.522Z] Device at 10.30.28.23 is not reachable. Skipping connection attempt.
[2024-12-04T02:09:19.513Z] Device at 10.30.28.23 is not reachable. Skipping connection attempt.
[2024-12-04T02:09:29.532Z] Device at 10.30.28.23 is not reachable. Skipping connection attempt.
[2024-12-04T02:09:39.547Z] Device at 10.30.28.23 is not reachable. Skipping connection attempt.
[2024-12-04T02:09:49.556Z] Device at 10.30.28.23 is not reachable. Skipping connection attempt.
[2024-12-04T02:09:59.561Z] Device at 10.30.28.23 is not reachable. Skipping connection attempt.
[2024-12-04T02:10:09.563Z] Device at 10.30.28.23 is not reachable. Skipping connection attempt.
[2024-12-04T02:10:19.590Z] Device at 10.30.28.23 is not reachable. Skipping connection attempt.
[2024-12-04T02:10:29.566Z] Device at 10.30.28.23 is not reachable. Skipping connection attempt.
[2024-12-04T02:10:39.584Z] Device at 10.30.28.23 is not reachable. Skipping connection attempt.
[2024-12-04T02:10:49.590Z] Device at 10.30.28.23 is not reachable. Skipping connection attempt.
[2024-12-04T02:10:59.565Z] Device at 10.30.28.23 is not reachable. Skipping connection attempt.
[2024-12-04T02:11:09.592Z] Device at 10.30.28.23 is not reachable. Skipping connection attempt.
[2024-12-04T02:11:19.598Z] Device at 10.30.28.23 is not reachable. Skipping connection attempt.
[2024-12-04T02:11:29.607Z] Device at 10.30.28.23 is not reachable. Skipping connection attempt.
[2024-12-04T02:11:39.612Z] Device at 10.30.28.23 is not reachable. Skipping connection attempt.
[2024-12-04T02:11:49.618Z] Device at 10.30.28.23 is not reachable. Skipping connection attempt.
[2024-12-04T02:11:59.624Z] Device at 10.30.28.23 is not reachable. Skipping connection attempt.
[2024-12-04T02:12:09.629Z] Device at 10.30.28.23 is not reachable. Skipping connection attempt.
[2024-12-04T02:12:19.627Z] Device at 10.30.28.23 is not reachable. Skipping connection attempt.
[2024-12-04T02:12:29.633Z] Device at 10.30.28.23 is not reachable. Skipping connection attempt.
[2024-12-04T02:12:39.639Z] Device at 10.30.28.23 is not reachable. Skipping connection attempt.
[2024-12-04T02:12:49.654Z] Device at 10.30.28.23 is not reachable. Skipping connection attempt.
[2024-12-04T02:12:59.647Z] Device at 10.30.28.23 is not reachable. Skipping connection attempt.
[2024-12-04T02:13:09.665Z] Device at 10.30.28.23 is not reachable. Skipping connection attempt.
[2024-12-04T02:13:19.643Z] Device at 10.30.28.23 is not reachable. Skipping connection attempt.
[2024-12-04T02:13:29.672Z] Device at 10.30.28.23 is not reachable. Skipping connection attempt.
[2024-12-04T02:13:39.679Z] Device at 10.30.28.23 is not reachable. Skipping connection attempt.
[2024-12-04T02:13:49.679Z] Device at 10.30.28.23 is not reachable. Skipping connection attempt.
[2024-12-04T02:13:59.689Z] Device at 10.30.28.23 is not reachable. Skipping connection attempt.
[2024-12-04T02:14:09.694Z] Device at 10.30.28.23 is not reachable. Skipping connection attempt.
[2024-12-04T02:14:19.714Z] Device at 10.30.28.23 is not reachable. Skipping connection attempt.
[2024-12-04T02:14:29.717Z] Device at 10.30.28.23 is not reachable. Skipping connection attempt.
[2024-12-04T02:14:39.750Z] Device at 10.30.28.23 is not reachable. Skipping connection attempt.
[2024-12-04T02:14:49.748Z] Device at 10.30.28.23 is not reachable. Skipping connection attempt.
[2024-12-04T02:14:59.757Z] Device at 10.30.28.23 is not reachable. Skipping connection attempt.
[2024-12-04T02:15:09.772Z] Device at 10.30.28.23 is not reachable. Skipping connection attempt.
[2024-12-04T02:15:19.787Z] Device at 10.30.28.23 is not reachable. Skipping connection attempt.
[2024-12-04T02:15:29.810Z] Device at 10.30.28.23 is not reachable. Skipping connection attempt.
[2024-12-04T02:15:39.810Z] Device at 10.30.28.23 is not reachable. Skipping connection attempt.
[2024-12-04T02:15:49.815Z] Device at 10.30.28.23 is not reachable. Skipping connection attempt.
[2024-12-04T02:15:59.823Z] Device at 10.30.28.23 is not reachable. Skipping connection attempt.
[2024-12-04T02:16:09.829Z] Device at 10.30.28.23 is not reachable. Skipping connection attempt.
[2024-12-04T02:16:19.823Z] Device at 10.30.28.23 is not reachable. Skipping connection attempt.
[2024-12-04T02:16:29.821Z] Device at 10.30.28.23 is not reachable. Skipping connection attempt.
[2024-12-04T02:16:39.839Z] Device at 10.30.28.23 is not reachable. Skipping connection attempt.
[2024-12-04T02:16:49.834Z] Device at 10.30.28.23 is not reachable. Skipping connection attempt.
[2024-12-04T02:16:59.852Z] Device at 10.30.28.23 is not reachable. Skipping connection attempt.
[2024-12-04T02:17:09.862Z] Device at 10.30.28.23 is not reachable. Skipping connection attempt.
[2024-12-04T02:17:19.875Z] Device at 10.30.28.23 is not reachable. Skipping connection attempt.
[2024-12-04T02:17:29.881Z] Device at 10.30.28.23 is not reachable. Skipping connection attempt.
[2024-12-04T02:17:39.887Z] Device at 10.30.28.23 is not reachable. Skipping connection attempt.
[2024-12-04T02:17:49.893Z] Device at 10.30.28.23 is not reachable. Skipping connection attempt.
[2024-12-04T02:17:59.893Z] Device at 10.30.28.23 is not reachable. Skipping connection attempt.
[2024-12-04T02:18:09.919Z] Device at 10.30.28.23 is not reachable. Skipping connection attempt.
[2024-12-04T02:18:19.922Z] Device at 10.30.28.23 is not reachable. Skipping connection attempt.
[2024-12-04T02:18:29.921Z] Device at 10.30.28.23 is not reachable. Skipping connection attempt.
[2024-12-04T02:18:39.925Z] Device at 10.30.28.23 is not reachable. Skipping connection attempt.
[2024-12-04T02:18:49.940Z] Device at 10.30.28.23 is not reachable. Skipping connection attempt.
[2024-12-04T02:18:59.937Z] Device at 10.30.28.23 is not reachable. Skipping connection attempt.
[2024-12-04T02:19:09.944Z] Device at 10.30.28.23 is not reachable. Skipping connection attempt.
[2024-12-04T02:19:19.949Z] Device at 10.30.28.23 is not reachable. Skipping connection attempt.
[2024-12-04T02:19:29.945Z] Device at 10.30.28.23 is not reachable. Skipping connection attempt.
[2024-12-04T02:19:39.965Z] Device at 10.30.28.23 is not reachable. Skipping connection attempt.
[2024-12-04T02:19:49.972Z] Device at 10.30.28.23 is not reachable. Skipping connection attempt.
[2024-12-04T02:19:59.988Z] Device at 10.30.28.23 is not reachable. Skipping connection attempt.
[2024-12-04T02:20:09.982Z] Device at 10.30.28.23 is not reachable. Skipping connection attempt.
[2024-12-04T02:20:21.739Z] Device at 10.30.28.23 is not reachable. Skipping connection attempt.
[2024-12-04T07:14:52.188Z] Device at 10.30.28.23 is not reachable. Skipping connection attempt.
[2024-12-04T07:15:02.147Z] Device at 10.30.28.23 is not reachable. Skipping connection attempt.
[2024-12-04T07:15:12.142Z] Device at 10.30.28.23 is not reachable. Skipping connection attempt.
[2024-12-04T07:15:22.150Z] Device at 10.30.28.23 is not reachable. Skipping connection attempt.
[2024-12-04T07:15:32.156Z] Device at 10.30.28.23 is not reachable. Skipping connection attempt.
[2024-12-04T07:15:42.164Z] Device at 10.30.28.23 is not reachable. Skipping connection attempt.
[2024-12-04T07:15:49.636Z] Device at 10.30.4.63 is not reachable. Skipping connection attempt.
[2024-12-04T07:15:59.634Z] Device at 10.30.4.63 is not reachable. Skipping connection attempt.
[2024-12-04T07:16:09.631Z] Device at 10.30.4.63 is not reachable. Skipping connection attempt.
[2024-12-04T07:16:19.641Z] Device at 10.30.4.63 is not reachable. Skipping connection attempt.
[2024-12-04T07:16:29.638Z] Device at 10.30.4.63 is not reachable. Skipping connection attempt.
[2024-12-04T07:16:39.632Z] Device at 10.30.4.63 is not reachable. Skipping connection attempt.
[2024-12-04T07:16:49.652Z] Device at 10.30.4.63 is not reachable. Skipping connection attempt.
[2024-12-04T07:17:01.131Z] Device at 10.30.4.63 is not reachable. Skipping connection attempt.
[2024-12-04T07:17:11.132Z] Device at 10.30.4.63 is not reachable. Skipping connection attempt.
[2024-12-04T07:17:21.129Z] Device at 10.30.4.63 is not reachable. Skipping connection attempt.
[2024-12-04T07:17:31.143Z] Device at 10.30.4.63 is not reachable. Skipping connection attempt.
[2024-12-04T07:17:41.139Z] Device at 10.30.4.63 is not reachable. Skipping connection attempt.
[2024-12-04T07:17:51.136Z] Device at 10.30.4.63 is not reachable. Skipping connection attempt.
[2024-12-04T07:18:01.126Z] Device at 10.30.4.63 is not reachable. Skipping connection attempt.
[2024-12-04T07:18:11.132Z] Device at 10.30.4.63 is not reachable. Skipping connection attempt.
[2024-12-04T07:18:21.125Z] Device at 10.30.4.63 is not reachable. Skipping connection attempt.
[2024-12-04T07:18:31.133Z] Device at 10.30.4.63 is not reachable. Skipping connection attempt.
[2024-12-04T07:18:41.133Z] Device at 10.30.4.63 is not reachable. Skipping connection attempt.
[2024-12-04T07:18:51.129Z] Device at 10.30.4.63 is not reachable. Skipping connection attempt.
[2024-12-04T07:19:01.129Z] Device at 10.30.4.63 is not reachable. Skipping connection attempt.
[2024-12-04T07:19:11.140Z] Device at 10.30.4.63 is not reachable. Skipping connection attempt.
[2024-12-04T07:19:21.128Z] Device at 10.30.4.63 is not reachable. Skipping connection attempt.
[2024-12-04T07:19:31.132Z] Device at 10.30.4.63 is not reachable. Skipping connection attempt.
[2024-12-04T07:19:41.132Z] Device at 10.30.4.63 is not reachable. Skipping connection attempt.
[2024-12-04T07:19:51.126Z] Device at 10.30.4.63 is not reachable. Skipping connection attempt.
[2024-12-04T07:20:01.124Z] Device at 10.30.4.63 is not reachable. Skipping connection attempt.
[2024-12-04T07:20:11.123Z] Device at 10.30.4.63 is not reachable. Skipping connection attempt.
[2024-12-04T07:20:21.125Z] Device at 10.30.4.63 is not reachable. Skipping connection attempt.
[2024-12-04T07:20:31.133Z] Device at 10.30.4.63 is not reachable. Skipping connection attempt.
[2024-12-04T07:20:41.132Z] Device at 10.30.4.63 is not reachable. Skipping connection attempt.
[2024-12-04T07:20:51.130Z] Device at 10.30.4.63 is not reachable. Skipping connection attempt.
[2024-12-04T07:21:01.128Z] Device at 10.30.4.63 is not reachable. Skipping connection attempt.
[2024-12-04T07:21:11.127Z] Device at 10.30.4.63 is not reachable. Skipping connection attempt.
[2024-12-04T07:21:21.132Z] Device at 10.30.4.63 is not reachable. Skipping connection attempt.
[2024-12-04T07:21:31.128Z] Device at 10.30.4.63 is not reachable. Skipping connection attempt.
[2024-12-04T07:21:41.129Z] Device at 10.30.4.63 is not reachable. Skipping connection attempt.
[2024-12-04T07:21:51.140Z] Device at 10.30.4.63 is not reachable. Skipping connection attempt.
[2024-12-04T07:22:01.122Z] Device at 10.30.4.63 is not reachable. Skipping connection attempt.
[2024-12-04T07:22:11.125Z] Device at 10.30.4.63 is not reachable. Skipping connection attempt.
[2024-12-04T07:22:21.139Z] Device at 10.30.4.63 is not reachable. Skipping connection attempt.
[2024-12-04T07:22:31.133Z] Device at 10.30.4.63 is not reachable. Skipping connection attempt.
[2024-12-04T07:22:41.138Z] Device at 10.30.4.63 is not reachable. Skipping connection attempt.
[2024-12-04T07:22:51.119Z] Device at 10.30.4.63 is not reachable. Skipping connection attempt.
[2024-12-04T07:23:01.127Z] Device at 10.30.4.63 is not reachable. Skipping connection attempt.
[2024-12-04T07:23:11.129Z] Device at 10.30.4.63 is not reachable. Skipping connection attempt.
[2024-12-04T07:23:21.124Z] Device at 10.30.4.63 is not reachable. Skipping connection attempt.
[2024-12-04T07:23:31.130Z] Device at 10.30.4.63 is not reachable. Skipping connection attempt.
[2024-12-04T07:23:41.135Z] Device at 10.30.4.63 is not reachable. Skipping connection attempt.
[2024-12-04T07:23:51.121Z] Device at 10.30.4.63 is not reachable. Skipping connection attempt.
[2024-12-04T07:24:01.123Z] Device at 10.30.4.63 is not reachable. Skipping connection attempt.
[2024-12-04T07:24:11.129Z] Device at 10.30.4.63 is not reachable. Skipping connection attempt.
[2024-12-04T07:24:21.126Z] Device at 10.30.4.63 is not reachable. Skipping connection attempt.
[2024-12-04T07:24:31.125Z] Device at 10.30.4.63 is not reachable. Skipping connection attempt.
[2024-12-04T07:24:41.129Z] Device at 10.30.4.63 is not reachable. Skipping connection attempt.
[2024-12-04T07:24:51.627Z] Device at 10.30.4.63 is not reachable. Skipping connection attempt.
[2024-12-04T07:25:01.631Z] Device at 10.30.4.63 is not reachable. Skipping connection attempt.
[2024-12-04T07:25:11.627Z] Device at 10.30.4.63 is not reachable. Skipping connection attempt.
[2024-12-04T07:25:21.631Z] Device at 10.30.4.63 is not reachable. Skipping connection attempt.
[2024-12-04T07:25:31.633Z] Device at 10.30.4.63 is not reachable. Skipping connection attempt.
[2024-12-04T07:25:41.619Z] Device at 10.30.4.63 is not reachable. Skipping connection attempt.
[2024-12-04T07:25:51.626Z] Device at 10.30.4.63 is not reachable. Skipping connection attempt.
[2024-12-04T07:26:01.629Z] Device at 10.30.4.63 is not reachable. Skipping connection attempt.
[2024-12-04T07:26:11.635Z] Device at 10.30.4.63 is not reachable. Skipping connection attempt.
[2024-12-04T07:26:21.624Z] Device at 10.30.4.63 is not reachable. Skipping connection attempt.
[2024-12-04T07:26:31.622Z] Device at 10.30.4.63 is not reachable. Skipping connection attempt.
[2024-12-04T07:26:41.627Z] Device at 10.30.4.63 is not reachable. Skipping connection attempt.
[2024-12-04T07:26:51.617Z] Device at 10.30.4.63 is not reachable. Skipping connection attempt.
[2024-12-04T07:27:01.623Z] Device at 10.30.4.63 is not reachable. Skipping connection attempt.
[2024-12-04T07:27:11.624Z] Device at 10.30.4.63 is not reachable. Skipping connection attempt.
[2024-12-04T07:27:21.623Z] Device at 10.30.4.63 is not reachable. Skipping connection attempt.
[2024-12-04T07:27:31.615Z] Device at 10.30.4.63 is not reachable. Skipping connection attempt.
[2024-12-04T07:27:41.628Z] Device at 10.30.4.63 is not reachable. Skipping connection attempt.
[2024-12-04T07:27:51.629Z] Device at 10.30.4.63 is not reachable. Skipping connection attempt.
[2024-12-04T07:28:01.621Z] Device at 10.30.4.63 is not reachable. Skipping connection attempt.
[2024-12-04T07:28:11.629Z] Device at 10.30.4.63 is not reachable. Skipping connection attempt.
[2024-12-04T07:28:21.618Z] Device at 10.30.4.63 is not reachable. Skipping connection attempt.
[2024-12-04T07:28:31.622Z] Device at 10.30.4.63 is not reachable. Skipping connection attempt.
[2024-12-04T07:28:41.627Z] Device at 10.30.4.63 is not reachable. Skipping connection attempt.
[2024-12-04T07:28:51.617Z] Device at 10.30.4.63 is not reachable. Skipping connection attempt.
[2024-12-04T07:29:01.622Z] Device at 10.30.4.63 is not reachable. Skipping connection attempt.
[2024-12-04T07:29:11.620Z] Device at 10.30.4.63 is not reachable. Skipping connection attempt.
[2024-12-04T07:29:21.623Z] Device at 10.30.4.63 is not reachable. Skipping connection attempt.
[2024-12-04T07:29:31.625Z] Device at 10.30.4.63 is not reachable. Skipping connection attempt.
[2024-12-04T07:29:41.630Z] Device at 10.30.4.63 is not reachable. Skipping connection attempt.
[2024-12-04T07:29:51.622Z] Device at 10.30.4.63 is not reachable. Skipping connection attempt.
[2024-12-04T07:30:01.621Z] Device at 10.30.4.63 is not reachable. Skipping connection attempt.
[2024-12-04T07:30:11.628Z] Device at 10.30.4.63 is not reachable. Skipping connection attempt.
[2024-12-04T07:30:21.618Z] Device at 10.30.4.63 is not reachable. Skipping connection attempt.
[2024-12-04T07:30:31.630Z] Device at 10.30.4.63 is not reachable. Skipping connection attempt.
[2024-12-04T07:30:41.628Z] Device at 10.30.4.63 is not reachable. Skipping connection attempt.
[2024-12-04T07:30:51.627Z] Device at 10.30.4.63 is not reachable. Skipping connection attempt.
[2024-12-04T07:31:01.615Z] Device at 10.30.4.63 is not reachable. Skipping connection attempt.
[2024-12-04T07:31:11.628Z] Device at 10.30.4.63 is not reachable. Skipping connection attempt.
[2024-12-04T07:31:21.628Z] Device at 10.30.4.63 is not reachable. Skipping connection attempt.
[2024-12-04T07:31:31.626Z] Device at 10.30.4.63 is not reachable. Skipping connection attempt.
[2024-12-04T07:31:41.617Z] Device at 10.30.4.63 is not reachable. Skipping connection attempt.
[2024-12-04T07:31:51.625Z] Device at 10.30.4.63 is not reachable. Skipping connection attempt.
[2024-12-04T07:32:01.628Z] Device at 10.30.4.63 is not reachable. Skipping connection attempt.
[2024-12-04T07:32:11.631Z] Device at 10.30.4.63 is not reachable. Skipping connection attempt.
[2024-12-04T07:32:21.630Z] Device at 10.30.4.63 is not reachable. Skipping connection attempt.
[2024-12-04T07:32:31.617Z] Device at 10.30.4.63 is not reachable. Skipping connection attempt.
[2024-12-04T07:32:41.625Z] Device at 10.30.4.63 is not reachable. Skipping connection attempt.
[2024-12-04T07:32:51.617Z] Device at 10.30.4.63 is not reachable. Skipping connection attempt.
[2024-12-04T07:33:01.613Z] Device at 10.30.4.63 is not reachable. Skipping connection attempt.
[2024-12-04T07:33:11.638Z] Device at 10.30.4.63 is not reachable. Skipping connection attempt.
[2024-12-04T07:33:21.627Z] Device at 10.30.4.63 is not reachable. Skipping connection attempt.
[2024-12-04T07:33:31.618Z] Device at 10.30.4.63 is not reachable. Skipping connection attempt.
[2024-12-04T07:33:41.620Z] Device at 10.30.4.63 is not reachable. Skipping connection attempt.
[2024-12-04T07:33:51.625Z] Device at 10.30.4.63 is not reachable. Skipping connection attempt.
[2024-12-04T07:34:01.617Z] Device at 10.30.4.63 is not reachable. Skipping connection attempt.
[2024-12-04T07:34:11.619Z] Device at 10.30.4.63 is not reachable. Skipping connection attempt.
[2024-12-04T07:34:21.623Z] Device at 10.30.4.63 is not reachable. Skipping connection attempt.
[2024-12-04T07:34:31.619Z] Device at 10.30.4.63 is not reachable. Skipping connection attempt.
[2024-12-04T07:34:41.621Z] Device at 10.30.4.63 is not reachable. Skipping connection attempt.
[2024-12-04T07:34:51.621Z] Device at 10.30.4.63 is not reachable. Skipping connection attempt.
[2024-12-04T07:35:01.623Z] Device at 10.30.4.63 is not reachable. Skipping connection attempt.
[2024-12-04T07:35:11.616Z] Device at 10.30.4.63 is not reachable. Skipping connection attempt.
[2024-12-04T07:35:22.117Z] Device at 10.30.4.63 is not reachable. Skipping connection attempt.
[2024-12-04T07:35:32.116Z] Device at 10.30.4.63 is not reachable. Skipping connection attempt.
[2024-12-04T07:35:42.115Z] Device at 10.30.4.63 is not reachable. Skipping connection attempt.
[2024-12-04T07:35:52.124Z] Device at 10.30.4.63 is not reachable. Skipping connection attempt.
[2024-12-04T07:36:02.134Z] Device at 10.30.4.63 is not reachable. Skipping connection attempt.
[2024-12-04T07:36:12.119Z] Device at 10.30.4.63 is not reachable. Skipping connection attempt.
[2024-12-04T07:36:22.121Z] Device at 10.30.4.63 is not reachable. Skipping connection attempt.
[2024-12-04T07:36:32.114Z] Device at 10.30.4.63 is not reachable. Skipping connection attempt.
[2024-12-04T07:36:42.118Z] Device at 10.30.4.63 is not reachable. Skipping connection attempt.
[2024-12-04T07:36:52.126Z] Device at 10.30.4.63 is not reachable. Skipping connection attempt.
[2024-12-04T07:37:02.120Z] Device at 10.30.4.63 is not reachable. Skipping connection attempt.
[2024-12-04T07:37:12.117Z] Device at 10.30.4.63 is not reachable. Skipping connection attempt.
[2024-12-04T07:37:22.123Z] Device at 10.30.4.63 is not reachable. Skipping connection attempt.
[2024-12-04T07:37:32.121Z] Device at 10.30.4.63 is not reachable. Skipping connection attempt.
[2024-12-04T07:37:42.125Z] Device at 10.30.4.63 is not reachable. Skipping connection attempt.
[2024-12-04T07:37:52.112Z] Device at 10.30.4.63 is not reachable. Skipping connection attempt.
[2024-12-04T07:38:02.125Z] Device at 10.30.4.63 is not reachable. Skipping connection attempt.
[2024-12-04T07:38:12.119Z] Device at 10.30.4.63 is not reachable. Skipping connection attempt.
[2024-12-04T07:38:22.117Z] Device at 10.30.4.63 is not reachable. Skipping connection attempt.
[2024-12-04T07:38:32.116Z] Device at 10.30.4.63 is not reachable. Skipping connection attempt.
[2024-12-04T07:38:42.118Z] Device at 10.30.4.63 is not reachable. Skipping connection attempt.
[2024-12-04T07:38:52.115Z] Device at 10.30.4.63 is not reachable. Skipping connection attempt.
[2024-12-04T07:39:02.122Z] Device at 10.30.4.63 is not reachable. Skipping connection attempt.
[2024-12-04T07:39:12.110Z] Device at 10.30.4.63 is not reachable. Skipping connection attempt.
[2024-12-04T07:39:22.110Z] Device at 10.30.4.63 is not reachable. Skipping connection attempt.
[2024-12-04T07:39:32.126Z] Device at 10.30.4.63 is not reachable. Skipping connection attempt.
[2024-12-04T07:39:42.113Z] Device at 10.30.4.63 is not reachable. Skipping connection attempt.
[2024-12-04T07:39:52.125Z] Device at 10.30.4.63 is not reachable. Skipping connection attempt.
[2024-12-04T07:40:02.116Z] Device at 10.30.4.63 is not reachable. Skipping connection attempt.
[2024-12-04T07:40:12.121Z] Device at 10.30.4.63 is not reachable. Skipping connection attempt.
[2024-12-04T07:40:22.120Z] Device at 10.30.4.63 is not reachable. Skipping connection attempt.
[2024-12-04T07:40:32.120Z] Device at 10.30.4.63 is not reachable. Skipping connection attempt.
[2024-12-04T07:40:42.116Z] Device at 10.30.4.63 is not reachable. Skipping connection attempt.
[2024-12-04T07:40:52.118Z] Device at 10.30.4.63 is not reachable. Skipping connection attempt.
[2024-12-04T07:41:02.120Z] Device at 10.30.4.63 is not reachable. Skipping connection attempt.
[2024-12-04T07:41:12.111Z] Device at 10.30.4.63 is not reachable. Skipping connection attempt.
[2024-12-04T07:41:22.112Z] Device at 10.30.4.63 is not reachable. Skipping connection attempt.
[2024-12-04T07:41:32.125Z] Device at 10.30.4.63 is not reachable. Skipping connection attempt.
[2024-12-04T07:41:42.125Z] Device at 10.30.4.63 is not reachable. Skipping connection attempt.
[2024-12-04T07:41:52.115Z] Device at 10.30.4.63 is not reachable. Skipping connection attempt.
[2024-12-04T07:42:02.120Z] Device at 10.30.4.63 is not reachable. Skipping connection attempt.
[2024-12-04T07:42:12.113Z] Device at 10.30.4.63 is not reachable. Skipping connection attempt.
[2024-12-04T07:42:22.125Z] Device at 10.30.4.63 is not reachable. Skipping connection attempt.
[2024-12-04T07:42:32.117Z] Device at 10.30.4.63 is not reachable. Skipping connection attempt.
[2024-12-04T07:42:42.112Z] Device at 10.30.4.63 is not reachable. Skipping connection attempt.
[2024-12-04T07:42:52.109Z] Device at 10.30.4.63 is not reachable. Skipping connection attempt.
[2024-12-04T07:43:02.117Z] Device at 10.30.4.63 is not reachable. Skipping connection attempt.
[2024-12-04T07:43:12.127Z] Device at 10.30.4.63 is not reachable. Skipping connection attempt.
[2024-12-04T07:43:22.115Z] Device at 10.30.4.63 is not reachable. Skipping connection attempt.
[2024-12-04T07:43:32.117Z] Device at 10.30.4.63 is not reachable. Skipping connection attempt.
[2024-12-04T07:43:42.117Z] Device at 10.30.4.63 is not reachable. Skipping connection attempt.
[2024-12-04T07:43:52.111Z] Device at 10.30.4.63 is not reachable. Skipping connection attempt.
[2024-12-04T07:44:02.113Z] Device at 10.30.4.63 is not reachable. Skipping connection attempt.
[2024-12-04T07:44:12.122Z] Device at 10.30.4.63 is not reachable. Skipping connection attempt.
[2024-12-04T07:44:22.120Z] Device at 10.30.4.63 is not reachable. Skipping connection attempt.
[2024-12-04T07:44:32.119Z] Device at 10.30.4.63 is not reachable. Skipping connection attempt.
[2024-12-04T07:44:42.111Z] Device at 10.30.4.63 is not reachable. Skipping connection attempt.
[2024-12-04T07:44:52.121Z] Device at 10.30.4.63 is not reachable. Skipping connection attempt.
[2024-12-04T07:45:02.115Z] Device at 10.30.4.63 is not reachable. Skipping connection attempt.
[2024-12-04T07:45:12.120Z] Device at 10.30.4.63 is not reachable. Skipping connection attempt.
[2024-12-04T07:45:22.116Z] Device at 10.30.4.63 is not reachable. Skipping connection attempt.
[2024-12-04T07:45:32.121Z] Device at 10.30.4.63 is not reachable. Skipping connection attempt.
[2024-12-04T07:45:42.120Z] Device at 10.30.4.63 is not reachable. Skipping connection attempt.
[2024-12-04T07:45:52.111Z] Device at 10.30.4.63 is not reachable. Skipping connection attempt.
[2024-12-04T07:46:02.625Z] Device at 10.30.4.63 is not reachable. Skipping connection attempt.
[2024-12-04T07:46:12.610Z] Device at 10.30.4.63 is not reachable. Skipping connection attempt.
[2024-12-04T07:46:22.620Z] Device at 10.30.4.63 is not reachable. Skipping connection attempt.
[2024-12-04T07:46:32.616Z] Device at 10.30.4.63 is not reachable. Skipping connection attempt.
[2024-12-04T07:46:42.629Z] Device at 10.30.4.63 is not reachable. Skipping connection attempt.
[2024-12-04T07:46:52.616Z] Device at 10.30.4.63 is not reachable. Skipping connection attempt.
[2024-12-04T07:47:02.620Z] Device at 10.30.4.63 is not reachable. Skipping connection attempt.
[2024-12-04T07:47:12.617Z] Device at 10.30.4.63 is not reachable. Skipping connection attempt.
[2024-12-04T07:47:22.622Z] Device at 10.30.4.63 is not reachable. Skipping connection attempt.
[2024-12-04T07:47:32.623Z] Device at 10.30.4.63 is not reachable. Skipping connection attempt.
[2024-12-04T07:47:42.622Z] Device at 10.30.4.63 is not reachable. Skipping connection attempt.
[2024-12-04T07:47:52.610Z] Device at 10.30.4.63 is not reachable. Skipping connection attempt.
[2024-12-04T07:48:02.609Z] Device at 10.30.4.63 is not reachable. Skipping connection attempt.
[2024-12-04T07:48:12.616Z] Device at 10.30.4.63 is not reachable. Skipping connection attempt.
[2024-12-04T07:48:22.611Z] Device at 10.30.4.63 is not reachable. Skipping connection attempt.
[2024-12-04T07:48:32.627Z] Device at 10.30.4.63 is not reachable. Skipping connection attempt.
[2024-12-04T07:48:42.625Z] Device at 10.30.4.63 is not reachable. Skipping connection attempt.
[2024-12-04T07:48:52.616Z] Device at 10.30.4.63 is not reachable. Skipping connection attempt.
[2024-12-04T07:49:02.615Z] Device at 10.30.4.63 is not reachable. Skipping connection attempt.
[2024-12-04T07:49:12.620Z] Device at 10.30.4.63 is not reachable. Skipping connection attempt.
[2024-12-04T07:49:22.622Z] Device at 10.30.4.63 is not reachable. Skipping connection attempt.
[2024-12-04T07:49:32.618Z] Device at 10.30.4.63 is not reachable. Skipping connection attempt.
[2024-12-04T07:49:42.612Z] Device at 10.30.4.63 is not reachable. Skipping connection attempt.
[2024-12-04T07:49:52.623Z] Device at 10.30.4.63 is not reachable. Skipping connection attempt.
[2024-12-04T07:50:02.616Z] Device at 10.30.4.63 is not reachable. Skipping connection attempt.
[2024-12-04T07:50:12.623Z] Device at 10.30.4.63 is not reachable. Skipping connection attempt.
[2024-12-04T07:50:22.617Z] Device at 10.30.4.63 is not reachable. Skipping connection attempt.
[2024-12-04T07:50:32.612Z] Device at 10.30.4.63 is not reachable. Skipping connection attempt.
[2024-12-04T07:50:42.618Z] Device at 10.30.4.63 is not reachable. Skipping connection attempt.
[2024-12-04T07:50:52.617Z] Device at 10.30.4.63 is not reachable. Skipping connection attempt.
[2024-12-04T07:51:02.627Z] Device at 10.30.4.63 is not reachable. Skipping connection attempt.
[2024-12-04T07:51:12.613Z] Device at 10.30.4.63 is not reachable. Skipping connection attempt.
[2024-12-04T07:51:22.616Z] Device at 10.30.4.63 is not reachable. Skipping connection attempt.
[2024-12-04T07:51:32.618Z] Device at 10.30.4.63 is not reachable. Skipping connection attempt.
[2024-12-04T07:51:42.625Z] Device at 10.30.4.63 is not reachable. Skipping connection attempt.
[2024-12-04T07:51:52.620Z] Device at 10.30.4.63 is not reachable. Skipping connection attempt.
[2024-12-04T07:52:02.610Z] Device at 10.30.4.63 is not reachable. Skipping connection attempt.
[2024-12-04T07:52:12.619Z] Device at 10.30.4.63 is not reachable. Skipping connection attempt.
[2024-12-04T07:52:22.623Z] Device at 10.30.4.63 is not reachable. Skipping connection attempt.
[2024-12-04T07:52:32.617Z] Device at 10.30.4.63 is not reachable. Skipping connection attempt.
[2024-12-04T07:52:42.615Z] Device at 10.30.4.63 is not reachable. Skipping connection attempt.
[2024-12-04T07:52:52.621Z] Device at 10.30.4.63 is not reachable. Skipping connection attempt.
[2024-12-04T07:53:02.621Z] Device at 10.30.4.63 is not reachable. Skipping connection attempt.
[2024-12-04T07:53:12.617Z] Device at 10.30.4.63 is not reachable. Skipping connection attempt.
[2024-12-04T07:53:22.616Z] Device at 10.30.4.63 is not reachable. Skipping connection attempt.
[2024-12-04T07:53:32.618Z] Device at 10.30.4.63 is not reachable. Skipping connection attempt.
[2024-12-04T07:53:42.625Z] Device at 10.30.4.63 is not reachable. Skipping connection attempt.
[2024-12-04T07:53:52.619Z] Device at 10.30.4.63 is not reachable. Skipping connection attempt.
[2024-12-04T07:54:02.615Z] Device at 10.30.4.63 is not reachable. Skipping connection attempt.
[2024-12-04T07:54:12.617Z] Device at 10.30.4.63 is not reachable. Skipping connection attempt.
[2024-12-04T07:54:22.620Z] Device at 10.30.4.63 is not reachable. Skipping connection attempt.
[2024-12-04T07:54:32.613Z] Device at 10.30.4.63 is not reachable. Skipping connection attempt.
[2024-12-04T07:54:42.610Z] Device at 10.30.4.63 is not reachable. Skipping connection attempt.
[2024-12-04T07:54:52.625Z] Device at 10.30.4.63 is not reachable. Skipping connection attempt.
[2024-12-04T07:55:02.620Z] Device at 10.30.4.63 is not reachable. Skipping connection attempt.
[2024-12-04T07:55:12.622Z] Device at 10.30.4.63 is not reachable. Skipping connection attempt.
[2024-12-04T07:55:22.628Z] Device at 10.30.4.63 is not reachable. Skipping connection attempt.
[2024-12-04T07:55:32.611Z] Device at 10.30.4.63 is not reachable. Skipping connection attempt.
[2024-12-04T07:55:42.621Z] Device at 10.30.4.63 is not reachable. Skipping connection attempt.
[2024-12-04T07:55:52.608Z] Device at 10.30.4.63 is not reachable. Skipping connection attempt.
[2024-12-04T07:56:02.616Z] Device at 10.30.4.63 is not reachable. Skipping connection attempt.
[2024-12-04T07:56:12.611Z] Device at 10.30.4.63 is not reachable. Skipping connection attempt.
[2024-12-04T07:56:22.611Z] Device at 10.30.4.63 is not reachable. Skipping connection attempt.
[2024-12-04T07:56:32.621Z] Device at 10.30.4.63 is not reachable. Skipping connection attempt.
[2024-12-04T07:56:42.620Z] Device at 10.30.4.63 is not reachable. Skipping connection attempt.
[2024-12-04T07:56:52.622Z] Device at 10.30.4.63 is not reachable. Skipping connection attempt.
[2024-12-04T07:57:02.611Z] Device at 10.30.4.63 is not reachable. Skipping connection attempt.
[2024-12-04T07:57:12.611Z] Device at 10.30.4.63 is not reachable. Skipping connection attempt.
[2024-12-04T07:57:23.115Z] Device at 10.30.4.63 is not reachable. Skipping connection attempt.
[2024-12-04T07:57:33.116Z] Device at 10.30.4.63 is not reachable. Skipping connection attempt.
[2024-12-04T07:57:43.118Z] Device at 10.30.4.63 is not reachable. Skipping connection attempt.
[2024-12-04T07:57:53.123Z] Device at 10.30.4.63 is not reachable. Skipping connection attempt.
[2024-12-04T07:58:03.122Z] Device at 10.30.4.63 is not reachable. Skipping connection attempt.
[2024-12-04T07:58:13.114Z] Device at 10.30.4.63 is not reachable. Skipping connection attempt.
[2024-12-04T07:58:23.116Z] Device at 10.30.4.63 is not reachable. Skipping connection attempt.
[2024-12-04T07:58:33.119Z] Device at 10.30.4.63 is not reachable. Skipping connection attempt.
[2024-12-04T07:58:43.115Z] Device at 10.30.4.63 is not reachable. Skipping connection attempt.
[2024-12-04T07:58:53.118Z] Device at 10.30.4.63 is not reachable. Skipping connection attempt.
[2024-12-04T07:59:03.122Z] Device at 10.30.4.63 is not reachable. Skipping connection attempt.
[2024-12-04T07:59:13.118Z] Device at 10.30.4.63 is not reachable. Skipping connection attempt.
[2024-12-04T07:59:23.120Z] Device at 10.30.4.63 is not reachable. Skipping connection attempt.
[2024-12-04T07:59:33.109Z] Device at 10.30.4.63 is not reachable. Skipping connection attempt.
[2024-12-04T07:59:43.109Z] Device at 10.30.4.63 is not reachable. Skipping connection attempt.
[2024-12-04T07:59:53.108Z] Device at 10.30.4.63 is not reachable. Skipping connection attempt.
[2024-12-04T08:00:03.119Z] Device at 10.30.4.63 is not reachable. Skipping connection attempt.
[2024-12-04T08:00:13.116Z] Device at 10.30.4.63 is not reachable. Skipping connection attempt.
[2024-12-04T08:00:23.108Z] Device at 10.30.4.63 is not reachable. Skipping connection attempt.
[2024-12-04T08:00:33.117Z] Device at 10.30.4.63 is not reachable. Skipping connection attempt.
[2024-12-04T08:00:43.119Z] Device at 10.30.4.63 is not reachable. Skipping connection attempt.
[2024-12-04T08:00:53.116Z] Device at 10.30.4.63 is not reachable. Skipping connection attempt.
[2024-12-04T08:01:03.122Z] Device at 10.30.4.63 is not reachable. Skipping connection attempt.
[2024-12-04T08:01:13.122Z] Device at 10.30.4.63 is not reachable. Skipping connection attempt.
[2024-12-04T08:01:23.120Z] Device at 10.30.4.63 is not reachable. Skipping connection attempt.
[2024-12-04T08:01:33.115Z] Device at 10.30.4.63 is not reachable. Skipping connection attempt.
[2024-12-04T08:01:43.110Z] Device at 10.30.4.63 is not reachable. Skipping connection attempt.
[2024-12-04T08:01:53.118Z] Device at 10.30.4.63 is not reachable. Skipping connection attempt.
[2024-12-04T08:02:03.117Z] Device at 10.30.4.63 is not reachable. Skipping connection attempt.
[2024-12-04T08:02:13.117Z] Device at 10.30.4.63 is not reachable. Skipping connection attempt.
[2024-12-04T08:02:23.115Z] Device at 10.30.4.63 is not reachable. Skipping connection attempt.
[2024-12-04T08:02:33.109Z] Device at 10.30.4.63 is not reachable. Skipping connection attempt.
[2024-12-04T08:02:43.116Z] Device at 10.30.4.63 is not reachable. Skipping connection attempt.
[2024-12-04T08:02:53.122Z] Device at 10.30.4.63 is not reachable. Skipping connection attempt.
[2024-12-04T08:03:03.123Z] Device at 10.30.4.63 is not reachable. Skipping connection attempt.
[2024-12-04T08:03:13.115Z] Device at 10.30.4.63 is not reachable. Skipping connection attempt.
[2024-12-04T08:03:23.124Z] Device at 10.30.4.63 is not reachable. Skipping connection attempt.
[2024-12-04T08:03:33.119Z] Device at 10.30.4.63 is not reachable. Skipping connection attempt.
[2024-12-04T08:03:43.109Z] Device at 10.30.4.63 is not reachable. Skipping connection attempt.
[2024-12-04T08:03:53.122Z] Device at 10.30.4.63 is not reachable. Skipping connection attempt.
[2024-12-04T08:04:03.128Z] Device at 10.30.4.63 is not reachable. Skipping connection attempt.
[2024-12-04T08:04:13.110Z] Device at 10.30.4.63 is not reachable. Skipping connection attempt.
[2024-12-04T08:04:23.111Z] Device at 10.30.4.63 is not reachable. Skipping connection attempt.
[2024-12-04T08:04:33.108Z] Device at 10.30.4.63 is not reachable. Skipping connection attempt.
[2024-12-04T08:04:43.114Z] Device at 10.30.4.63 is not reachable. Skipping connection attempt.
[2024-12-04T08:04:53.123Z] Device at 10.30.4.63 is not reachable. Skipping connection attempt.
[2024-12-04T08:05:03.115Z] Device at 10.30.4.63 is not reachable. Skipping connection attempt.
[2024-12-04T08:05:13.123Z] Device at 10.30.4.63 is not reachable. Skipping connection attempt.
[2024-12-04T08:05:23.110Z] Device at 10.30.4.63 is not reachable. Skipping connection attempt.
[2024-12-04T08:05:33.117Z] Device at 10.30.4.63 is not reachable. Skipping connection attempt.
[2024-12-04T08:05:43.118Z] Device at 10.30.4.63 is not reachable. Skipping connection attempt.
[2024-12-04T08:05:53.117Z] Device at 10.30.4.63 is not reachable. Skipping connection attempt.
[2024-12-04T08:06:03.117Z] Device at 10.30.4.63 is not reachable. Skipping connection attempt.
[2024-12-04T08:06:13.124Z] Device at 10.30.4.63 is not reachable. Skipping connection attempt.
[2024-12-04T08:06:23.121Z] Device at 10.30.4.63 is not reachable. Skipping connection attempt.
[2024-12-04T08:06:33.123Z] Device at 10.30.4.63 is not reachable. Skipping connection attempt.
[2024-12-04T08:06:43.114Z] Device at 10.30.4.63 is not reachable. Skipping connection attempt.
[2024-12-04T08:06:53.112Z] Device at 10.30.4.63 is not reachable. Skipping connection attempt.
[2024-12-04T08:07:03.123Z] Device at 10.30.4.63 is not reachable. Skipping connection attempt.
[2024-12-04T08:07:13.124Z] Device at 10.30.4.63 is not reachable. Skipping connection attempt.
[2024-12-04T08:07:23.616Z] Device at 10.30.4.63 is not reachable. Skipping connection attempt.
[2024-12-04T08:07:33.615Z] Device at 10.30.4.63 is not reachable. Skipping connection attempt.
[2024-12-04T08:07:43.612Z] Device at 10.30.4.63 is not reachable. Skipping connection attempt.
[2024-12-04T08:07:53.621Z] Device at 10.30.4.63 is not reachable. Skipping connection attempt.
[2024-12-04T08:08:03.616Z] Device at 10.30.4.63 is not reachable. Skipping connection attempt.
[2024-12-04T08:08:13.619Z] Device at 10.30.4.63 is not reachable. Skipping connection attempt.
[2024-12-04T08:08:23.618Z] Device at 10.30.4.63 is not reachable. Skipping connection attempt.
[2024-12-04T08:08:33.614Z] Device at 10.30.4.63 is not reachable. Skipping connection attempt.
[2024-12-04T08:08:43.621Z] Device at 10.30.4.63 is not reachable. Skipping connection attempt.
[2024-12-04T08:08:53.627Z] Device at 10.30.4.63 is not reachable. Skipping connection attempt.
[2024-12-04T08:09:03.619Z] Device at 10.30.4.63 is not reachable. Skipping connection attempt.
[2024-12-04T08:09:13.619Z] Device at 10.30.4.63 is not reachable. Skipping connection attempt.
[2024-12-04T08:09:23.615Z] Device at 10.30.4.63 is not reachable. Skipping connection attempt.
[2024-12-04T08:09:33.615Z] Device at 10.30.4.63 is not reachable. Skipping connection attempt.
[2024-12-04T08:09:43.629Z] Device at 10.30.4.63 is not reachable. Skipping connection attempt.
[2024-12-04T08:09:53.612Z] Device at 10.30.4.63 is not reachable. Skipping connection attempt.
[2024-12-04T08:10:03.618Z] Device at 10.30.4.63 is not reachable. Skipping connection attempt.
[2024-12-04T08:10:13.615Z] Device at 10.30.4.63 is not reachable. Skipping connection attempt.
[2024-12-04T08:10:23.619Z] Device at 10.30.4.63 is not reachable. Skipping connection attempt.
[2024-12-04T08:10:33.613Z] Device at 10.30.4.63 is not reachable. Skipping connection attempt.
[2024-12-04T08:10:43.621Z] Device at 10.30.4.63 is not reachable. Skipping connection attempt.
[2024-12-04T08:10:53.619Z] Device at 10.30.4.63 is not reachable. Skipping connection attempt.
[2024-12-04T08:11:03.616Z] Device at 10.30.4.63 is not reachable. Skipping connection attempt.
[2024-12-04T08:11:13.615Z] Device at 10.30.4.63 is not reachable. Skipping connection attempt.
[2024-12-04T08:11:23.619Z] Device at 10.30.4.63 is not reachable. Skipping connection attempt.
[2024-12-04T08:11:33.615Z] Device at 10.30.4.63 is not reachable. Skipping connection attempt.
[2024-12-04T08:11:43.616Z] Device at 10.30.4.63 is not reachable. Skipping connection attempt.
[2024-12-04T08:11:53.610Z] Device at 10.30.4.63 is not reachable. Skipping connection attempt.
[2024-12-04T08:12:03.612Z] Device at 10.30.4.63 is not reachable. Skipping connection attempt.
[2024-12-04T08:12:13.621Z] Device at 10.30.4.63 is not reachable. Skipping connection attempt.
[2024-12-04T08:12:23.608Z] Device at 10.30.4.63 is not reachable. Skipping connection attempt.
[2024-12-04T08:12:33.619Z] Device at 10.30.4.63 is not reachable. Skipping connection attempt.
[2024-12-04T08:12:43.611Z] Device at 10.30.4.63 is not reachable. Skipping connection attempt.
[2024-12-04T08:12:53.608Z] Device at 10.30.4.63 is not reachable. Skipping connection attempt.
[2024-12-04T08:13:03.611Z] Device at 10.30.4.63 is not reachable. Skipping connection attempt.
[2024-12-04T08:13:13.619Z] Device at 10.30.4.63 is not reachable. Skipping connection attempt.
[2024-12-04T08:13:23.607Z] Device at 10.30.4.63 is not reachable. Skipping connection attempt.
[2024-12-04T08:13:33.607Z] Device at 10.30.4.63 is not reachable. Skipping connection attempt.
[2024-12-04T08:13:43.610Z] Device at 10.30.4.63 is not reachable. Skipping connection attempt.
[2024-12-04T08:13:53.614Z] Device at 10.30.4.63 is not reachable. Skipping connection attempt.
[2024-12-04T08:14:03.624Z] Device at 10.30.4.63 is not reachable. Skipping connection attempt.
[2024-12-04T08:14:13.614Z] Device at 10.30.4.63 is not reachable. Skipping connection attempt.
[2024-12-04T08:14:23.617Z] Device at 10.30.4.63 is not reachable. Skipping connection attempt.
[2024-12-04T08:14:33.610Z] Device at 10.30.4.63 is not reachable. Skipping connection attempt.
[2024-12-04T08:14:43.611Z] Device at 10.30.4.63 is not reachable. Skipping connection attempt.
[2024-12-04T08:14:53.614Z] Device at 10.30.4.63 is not reachable. Skipping connection attempt.
[2024-12-04T08:15:03.611Z] Device at 10.30.4.63 is not reachable. Skipping connection attempt.
[2024-12-04T08:15:13.614Z] Device at 10.30.4.63 is not reachable. Skipping connection attempt.
[2024-12-04T08:15:23.611Z] Device at 10.30.4.63 is not reachable. Skipping connection attempt.
[2024-12-04T08:15:33.621Z] Device at 10.30.4.63 is not reachable. Skipping connection attempt.
[2024-12-04T08:15:43.617Z] Device at 10.30.4.63 is not reachable. Skipping connection attempt.
[2024-12-04T08:15:53.614Z] Device at 10.30.4.63 is not reachable. Skipping connection attempt.
[2024-12-04T08:16:03.613Z] Device at 10.30.4.63 is not reachable. Skipping connection attempt.
[2024-12-04T08:16:13.614Z] Device at 10.30.4.63 is not reachable. Skipping connection attempt.
[2024-12-04T08:16:23.609Z] Device at 10.30.4.63 is not reachable. Skipping connection attempt.
[2024-12-04T08:16:33.621Z] Device at 10.30.4.63 is not reachable. Skipping connection attempt.
[2024-12-04T08:16:43.606Z] Device at 10.30.4.63 is not reachable. Skipping connection attempt.
[2024-12-04T08:16:53.616Z] Device at 10.30.4.63 is not reachable. Skipping connection attempt.
[2024-12-04T08:17:03.615Z] Device at 10.30.4.63 is not reachable. Skipping connection attempt.
[2024-12-04T08:17:13.615Z] Device at 10.30.4.63 is not reachable. Skipping connection attempt.
[2024-12-04T08:17:23.611Z] Device at 10.30.4.63 is not reachable. Skipping connection attempt.
[2024-12-04T08:17:33.616Z] Device at 10.30.4.63 is not reachable. Skipping connection attempt.
[2024-12-04T08:17:43.614Z] Device at 10.30.4.63 is not reachable. Skipping connection attempt.
[2024-12-04T08:17:53.622Z] Device at 10.30.4.63 is not reachable. Skipping connection attempt.
[2024-12-04T08:18:03.611Z] Device at 10.30.4.63 is not reachable. Skipping connection attempt.
[2024-12-04T08:18:13.620Z] Device at 10.30.4.63 is not reachable. Skipping connection attempt.
[2024-12-04T08:18:23.620Z] Device at 10.30.4.63 is not reachable. Skipping connection attempt.
[2024-12-04T08:18:33.620Z] Device at 10.30.4.63 is not reachable. Skipping connection attempt.
[2024-12-04T08:18:44.119Z] Device at 10.30.4.63 is not reachable. Skipping connection attempt.
[2024-12-04T08:18:54.116Z] Device at 10.30.4.63 is not reachable. Skipping connection attempt.
[2024-12-04T08:19:04.118Z] Device at 10.30.4.63 is not reachable. Skipping connection attempt.
[2024-12-04T08:19:14.112Z] Device at 10.30.4.63 is not reachable. Skipping connection attempt.
[2024-12-04T08:19:24.118Z] Device at 10.30.4.63 is not reachable. Skipping connection attempt.
[2024-12-04T08:19:34.114Z] Device at 10.30.4.63 is not reachable. Skipping connection attempt.
[2024-12-04T08:19:44.117Z] Device at 10.30.4.63 is not reachable. Skipping connection attempt.
[2024-12-04T08:19:54.109Z] Device at 10.30.4.63 is not reachable. Skipping connection attempt.
[2024-12-04T08:20:04.116Z] Device at 10.30.4.63 is not reachable. Skipping connection attempt.
[2024-12-04T08:20:14.115Z] Device at 10.30.4.63 is not reachable. Skipping connection attempt.
[2024-12-04T08:20:24.119Z] Device at 10.30.4.63 is not reachable. Skipping connection attempt.
[2024-12-04T08:20:34.117Z] Device at 10.30.4.63 is not reachable. Skipping connection attempt.
[2024-12-04T08:20:44.109Z] Device at 10.30.4.63 is not reachable. Skipping connection attempt.
[2024-12-04T08:20:54.110Z] Device at 10.30.4.63 is not reachable. Skipping connection attempt.
[2024-12-04T08:21:04.108Z] Device at 10.30.4.63 is not reachable. Skipping connection attempt.
[2024-12-04T08:21:14.117Z] Device at 10.30.4.63 is not reachable. Skipping connection attempt.
[2024-12-04T08:21:24.118Z] Device at 10.30.4.63 is not reachable. Skipping connection attempt.
[2024-12-04T08:21:34.107Z] Device at 10.30.4.63 is not reachable. Skipping connection attempt.
[2024-12-04T08:21:44.117Z] Device at 10.30.4.63 is not reachable. Skipping connection attempt.
[2024-12-04T08:21:54.111Z] Device at 10.30.4.63 is not reachable. Skipping connection attempt.
[2024-12-04T08:22:04.111Z] Device at 10.30.4.63 is not reachable. Skipping connection attempt.
[2024-12-04T08:22:14.122Z] Device at 10.30.4.63 is not reachable. Skipping connection attempt.
[2024-12-04T08:22:24.120Z] Device at 10.30.4.63 is not reachable. Skipping connection attempt.
[2024-12-04T08:22:34.115Z] Device at 10.30.4.63 is not reachable. Skipping connection attempt.
[2024-12-04T08:22:44.111Z] Device at 10.30.4.63 is not reachable. Skipping connection attempt.
[2024-12-04T08:22:54.120Z] Device at 10.30.4.63 is not reachable. Skipping connection attempt.
[2024-12-04T08:23:04.110Z] Device at 10.30.4.63 is not reachable. Skipping connection attempt.
[2024-12-04T08:23:14.105Z] Device at 10.30.4.63 is not reachable. Skipping connection attempt.
[2024-12-04T08:23:24.118Z] Device at 10.30.4.63 is not reachable. Skipping connection attempt.
[2024-12-04T08:23:34.110Z] Device at 10.30.4.63 is not reachable. Skipping connection attempt.
[2024-12-04T08:23:44.116Z] Device at 10.30.4.63 is not reachable. Skipping connection attempt.
[2024-12-04T08:23:54.111Z] Device at 10.30.4.63 is not reachable. Skipping connection attempt.
[2024-12-04T08:24:04.118Z] Device at 10.30.4.63 is not reachable. Skipping connection attempt.
[2024-12-04T08:24:14.110Z] Device at 10.30.4.63 is not reachable. Skipping connection attempt.
[2024-12-04T08:24:24.115Z] Device at 10.30.4.63 is not reachable. Skipping connection attempt.
[2024-12-04T08:24:34.120Z] Device at 10.30.4.63 is not reachable. Skipping connection attempt.
[2024-12-04T08:24:44.108Z] Device at 10.30.4.63 is not reachable. Skipping connection attempt.
[2024-12-04T08:24:54.116Z] Device at 10.30.4.63 is not reachable. Skipping connection attempt.
[2024-12-04T08:25:04.113Z] Device at 10.30.4.63 is not reachable. Skipping connection attempt.
[2024-12-04T08:25:14.119Z] Device at 10.30.4.63 is not reachable. Skipping connection attempt.
[2024-12-04T08:25:24.116Z] Device at 10.30.4.63 is not reachable. Skipping connection attempt.
[2024-12-04T08:25:34.116Z] Device at 10.30.4.63 is not reachable. Skipping connection attempt.
[2024-12-04T08:25:44.123Z] Device at 10.30.4.63 is not reachable. Skipping connection attempt.
[2024-12-04T08:25:54.120Z] Device at 10.30.4.63 is not reachable. Skipping connection attempt.
[2024-12-04T08:26:04.110Z] Device at 10.30.4.63 is not reachable. Skipping connection attempt.
[2024-12-04T08:26:14.115Z] Device at 10.30.4.63 is not reachable. Skipping connection attempt.
[2024-12-04T08:26:24.109Z] Device at 10.30.4.63 is not reachable. Skipping connection attempt.
[2024-12-04T08:26:34.118Z] Device at 10.30.4.63 is not reachable. Skipping connection attempt.
[2024-12-04T08:26:44.109Z] Device at 10.30.4.63 is not reachable. Skipping connection attempt.
[2024-12-04T08:26:54.110Z] Device at 10.30.4.63 is not reachable. Skipping connection attempt.
[2024-12-04T08:27:04.109Z] Device at 10.30.4.63 is not reachable. Skipping connection attempt.
[2024-12-04T08:27:14.114Z] Device at 10.30.4.63 is not reachable. Skipping connection attempt.
[2024-12-04T08:27:24.102Z] Device at 10.30.4.63 is not reachable. Skipping connection attempt.
[2024-12-04T08:27:34.103Z] Device at 10.30.4.63 is not reachable. Skipping connection attempt.
[2024-12-04T08:27:44.110Z] Device at 10.30.4.63 is not reachable. Skipping connection attempt.
[2024-12-04T08:27:54.105Z] Device at 10.30.4.63 is not reachable. Skipping connection attempt.
[2024-12-04T08:28:04.114Z] Device at 10.30.4.63 is not reachable. Skipping connection attempt.
[2024-12-04T08:28:14.114Z] Device at 10.30.4.63 is not reachable. Skipping connection attempt.
[2024-12-04T08:28:24.106Z] Device at 10.30.4.63 is not reachable. Skipping connection attempt.
[2024-12-04T08:28:34.115Z] Device at 10.30.4.63 is not reachable. Skipping connection attempt.
[2024-12-04T08:28:44.116Z] Device at 10.30.4.63 is not reachable. Skipping connection attempt.
[2024-12-04T08:28:54.105Z] Device at 10.30.4.63 is not reachable. Skipping connection attempt.
[2024-12-04T08:29:04.102Z] Device at 10.30.4.63 is not reachable. Skipping connection attempt.
[2024-12-04T08:29:14.106Z] Device at 10.30.4.63 is not reachable. Skipping connection attempt.
[2024-12-04T08:29:24.113Z] Device at 10.30.4.63 is not reachable. Skipping connection attempt.
[2024-12-04T08:29:34.112Z] Device at 10.30.4.63 is not reachable. Skipping connection attempt.
[2024-12-04T08:29:44.107Z] Device at 10.30.4.63 is not reachable. Skipping connection attempt.
[2024-12-04T08:29:54.110Z] Device at 10.30.4.63 is not reachable. Skipping connection attempt.
[2024-12-04T08:30:04.110Z] Device at 10.30.4.63 is not reachable. Skipping connection attempt.
[2024-12-04T08:30:14.098Z] Device at 10.30.4.63 is not reachable. Skipping connection attempt.
[2024-12-04T08:30:24.605Z] Device at 10.30.4.63 is not reachable. Skipping connection attempt.
[2024-12-04T08:30:34.599Z] Device at 10.30.4.63 is not reachable. Skipping connection attempt.
[2024-12-04T08:30:44.098Z] Device at 10.30.4.63 is not reachable. Skipping connection attempt.
[2024-12-04T08:30:54.102Z] Device at 10.30.4.63 is not reachable. Skipping connection attempt.
[2024-12-04T08:31:04.594Z] Device at 10.30.4.63 is not reachable. Skipping connection attempt.
[2024-12-04T08:31:14.598Z] Device at 10.30.4.63 is not reachable. Skipping connection attempt.
[2024-12-04T08:31:24.604Z] Device at 10.30.4.63 is not reachable. Skipping connection attempt.
[2024-12-04T08:31:34.593Z] Device at 10.30.4.63 is not reachable. Skipping connection attempt.
[2024-12-04T08:31:44.600Z] Device at 10.30.4.63 is not reachable. Skipping connection attempt.
[2024-12-04T08:31:54.596Z] Device at 10.30.4.63 is not reachable. Skipping connection attempt.
[2024-12-04T08:32:04.593Z] Device at 10.30.4.63 is not reachable. Skipping connection attempt.
[2024-12-04T08:32:14.605Z] Device at 10.30.4.63 is not reachable. Skipping connection attempt.
[2024-12-04T08:32:24.594Z] Device at 10.30.4.63 is not reachable. Skipping connection attempt.
[2024-12-04T08:32:34.598Z] Device at 10.30.4.63 is not reachable. Skipping connection attempt.
[2024-12-04T08:32:44.596Z] Device at 10.30.4.63 is not reachable. Skipping connection attempt.
[2024-12-04T08:32:54.601Z] Device at 10.30.4.63 is not reachable. Skipping connection attempt.
[2024-12-04T08:33:04.595Z] Device at 10.30.4.63 is not reachable. Skipping connection attempt.
[2024-12-04T08:33:14.593Z] Device at 10.30.4.63 is not reachable. Skipping connection attempt.
[2024-12-04T08:33:24.595Z] Device at 10.30.4.63 is not reachable. Skipping connection attempt.
[2024-12-04T08:33:34.613Z] Device at 10.30.4.63 is not reachable. Skipping connection attempt.
[2024-12-04T08:33:44.595Z] Device at 10.30.4.63 is not reachable. Skipping connection attempt.
[2024-12-04T08:33:54.593Z] Device at 10.30.4.63 is not reachable. Skipping connection attempt.
[2024-12-04T08:34:04.597Z] Device at 10.30.4.63 is not reachable. Skipping connection attempt.
[2024-12-04T08:34:14.596Z] Device at 10.30.4.63 is not reachable. Skipping connection attempt.
[2024-12-04T08:34:24.589Z] Device at 10.30.4.63 is not reachable. Skipping connection attempt.
[2024-12-04T08:34:34.593Z] Device at 10.30.4.63 is not reachable. Skipping connection attempt.
[2024-12-04T08:34:44.600Z] Device at 10.30.4.63 is not reachable. Skipping connection attempt.
[2024-12-04T08:34:54.600Z] Device at 10.30.4.63 is not reachable. Skipping connection attempt.
[2024-12-04T08:35:04.600Z] Device at 10.30.4.63 is not reachable. Skipping connection attempt.
[2024-12-04T08:35:14.597Z] Device at 10.30.4.63 is not reachable. Skipping connection attempt.
[2024-12-04T08:35:24.606Z] Device at 10.30.4.63 is not reachable. Skipping connection attempt.
[2024-12-04T08:35:34.600Z] Device at 10.30.4.63 is not reachable. Skipping connection attempt.
[2024-12-04T08:35:44.589Z] Device at 10.30.4.63 is not reachable. Skipping connection attempt.
[2024-12-04T08:35:54.605Z] Device at 10.30.4.63 is not reachable. Skipping connection attempt.
[2024-12-04T08:36:04.600Z] Device at 10.30.4.63 is not reachable. Skipping connection attempt.
[2024-12-04T08:36:14.603Z] Device at 10.30.4.63 is not reachable. Skipping connection attempt.
[2024-12-04T08:36:24.603Z] Device at 10.30.4.63 is not reachable. Skipping connection attempt.
[2024-12-04T08:36:34.597Z] Device at 10.30.4.63 is not reachable. Skipping connection attempt.
[2024-12-04T08:36:44.600Z] Device at 10.30.4.63 is not reachable. Skipping connection attempt.
[2024-12-04T08:36:54.600Z] Device at 10.30.4.63 is not reachable. Skipping connection attempt.
[2024-12-04T08:37:04.594Z] Device at 10.30.4.63 is not reachable. Skipping connection attempt.
[2024-12-04T08:37:14.586Z] Device at 10.30.4.63 is not reachable. Skipping connection attempt.
[2024-12-04T08:37:24.586Z] Device at 10.30.4.63 is not reachable. Skipping connection attempt.
[2024-12-04T08:37:34.585Z] Device at 10.30.4.63 is not reachable. Skipping connection attempt.
[2024-12-04T08:37:44.592Z] Device at 10.30.4.63 is not reachable. Skipping connection attempt.
[2024-12-04T08:37:54.599Z] Device at 10.30.4.63 is not reachable. Skipping connection attempt.
[2024-12-04T08:38:04.594Z] Device at 10.30.4.63 is not reachable. Skipping connection attempt.
[2024-12-04T08:38:14.591Z] Device at 10.30.4.63 is not reachable. Skipping connection attempt.
[2024-12-04T08:38:24.590Z] Device at 10.30.4.63 is not reachable. Skipping connection attempt.
[2024-12-04T08:38:34.587Z] Device at 10.30.4.63 is not reachable. Skipping connection attempt.
[2024-12-04T08:38:44.596Z] Device at 10.30.4.63 is not reachable. Skipping connection attempt.
[2024-12-04T08:38:54.587Z] Device at 10.30.4.63 is not reachable. Skipping connection attempt.
[2024-12-04T08:39:04.585Z] Device at 10.30.4.63 is not reachable. Skipping connection attempt.
[2024-12-04T08:39:14.583Z] Device at 10.30.4.63 is not reachable. Skipping connection attempt.
[2024-12-04T08:39:24.588Z] Device at 10.30.4.63 is not reachable. Skipping connection attempt.
[2024-12-04T08:39:34.586Z] Device at 10.30.4.63 is not reachable. Skipping connection attempt.
[2024-12-04T08:39:44.597Z] Device at 10.30.4.63 is not reachable. Skipping connection attempt.
[2024-12-04T08:39:54.587Z] Device at 10.30.4.63 is not reachable. Skipping connection attempt.
[2024-12-04T08:40:04.594Z] Device at 10.30.4.63 is not reachable. Skipping connection attempt.
[2024-12-04T08:40:14.592Z] Device at 10.30.4.63 is not reachable. Skipping connection attempt.
[2024-12-04T08:40:24.594Z] Device at 10.30.4.63 is not reachable. Skipping connection attempt.
[2024-12-04T08:40:34.594Z] Device at 10.30.4.63 is not reachable. Skipping connection attempt.
[2024-12-04T08:40:44.581Z] Device at 10.30.4.63 is not reachable. Skipping connection attempt.
[2024-12-04T08:40:55.092Z] Device at 10.30.4.63 is not reachable. Skipping connection attempt.
[2024-12-04T08:41:05.087Z] Device at 10.30.4.63 is not reachable. Skipping connection attempt.
[2024-12-04T08:41:15.082Z] Device at 10.30.4.63 is not reachable. Skipping connection attempt.
[2024-12-04T08:41:25.090Z] Device at 10.30.4.63 is not reachable. Skipping connection attempt.
[2024-12-04T08:41:35.085Z] Device at 10.30.4.63 is not reachable. Skipping connection attempt.
[2024-12-04T08:41:45.085Z] Device at 10.30.4.63 is not reachable. Skipping connection attempt.
[2024-12-04T08:41:55.092Z] Device at 10.30.4.63 is not reachable. Skipping connection attempt.
[2024-12-04T08:42:05.094Z] Device at 10.30.4.63 is not reachable. Skipping connection attempt.
[2024-12-04T08:42:15.097Z] Device at 10.30.4.63 is not reachable. Skipping connection attempt.
[2024-12-04T08:42:25.095Z] Device at 10.30.4.63 is not reachable. Skipping connection attempt.
[2024-12-04T08:42:35.091Z] Device at 10.30.4.63 is not reachable. Skipping connection attempt.
[2024-12-04T08:42:45.095Z] Device at 10.30.4.63 is not reachable. Skipping connection attempt.
[2024-12-04T08:42:55.084Z] Device at 10.30.4.63 is not reachable. Skipping connection attempt.
[2024-12-04T08:43:05.090Z] Device at 10.30.4.63 is not reachable. Skipping connection attempt.
[2024-12-04T08:43:15.079Z] Device at 10.30.4.63 is not reachable. Skipping connection attempt.
[2024-12-04T08:43:25.081Z] Device at 10.30.4.63 is not reachable. Skipping connection attempt.
[2024-12-04T08:43:35.081Z] Device at 10.30.4.63 is not reachable. Skipping connection attempt.
[2024-12-04T08:43:45.090Z] Device at 10.30.4.63 is not reachable. Skipping connection attempt.
[2024-12-04T08:43:55.077Z] Device at 10.30.4.63 is not reachable. Skipping connection attempt.
[2024-12-04T08:44:05.089Z] Device at 10.30.4.63 is not reachable. Skipping connection attempt.
[2024-12-04T08:44:15.085Z] Device at 10.30.4.63 is not reachable. Skipping connection attempt.
[2024-12-04T08:44:25.088Z] Device at 10.30.4.63 is not reachable. Skipping connection attempt.
[2024-12-04T08:44:35.089Z] Device at 10.30.4.63 is not reachable. Skipping connection attempt.
[2024-12-04T08:44:45.086Z] Device at 10.30.4.63 is not reachable. Skipping connection attempt.
[2024-12-04T08:44:55.084Z] Device at 10.30.4.63 is not reachable. Skipping connection attempt.
[2024-12-04T08:45:05.077Z] Device at 10.30.4.63 is not reachable. Skipping connection attempt.
[2024-12-04T08:45:15.081Z] Device at 10.30.4.63 is not reachable. Skipping connection attempt.
[2024-12-04T08:45:25.082Z] Device at 10.30.4.63 is not reachable. Skipping connection attempt.
[2024-12-04T08:45:35.087Z] Device at 10.30.4.63 is not reachable. Skipping connection attempt.
[2024-12-04T08:45:45.077Z] Device at 10.30.4.63 is not reachable. Skipping connection attempt.
[2024-12-04T08:45:55.079Z] Device at 10.30.4.63 is not reachable. Skipping connection attempt.
[2024-12-04T08:46:05.087Z] Device at 10.30.4.63 is not reachable. Skipping connection attempt.
[2024-12-04T08:46:15.084Z] Device at 10.30.4.63 is not reachable. Skipping connection attempt.
[2024-12-04T08:46:25.085Z] Device at 10.30.4.63 is not reachable. Skipping connection attempt.
[2024-12-04T08:46:35.089Z] Device at 10.30.4.63 is not reachable. Skipping connection attempt.
[2024-12-04T08:46:45.081Z] Device at 10.30.4.63 is not reachable. Skipping connection attempt.
[2024-12-04T08:46:55.087Z] Device at 10.30.4.63 is not reachable. Skipping connection attempt.
[2024-12-04T08:47:05.076Z] Device at 10.30.4.63 is not reachable. Skipping connection attempt.
[2024-12-04T08:47:15.090Z] Device at 10.30.4.63 is not reachable. Skipping connection attempt.
[2024-12-04T08:47:25.089Z] Device at 10.30.4.63 is not reachable. Skipping connection attempt.
[2024-12-04T08:47:35.076Z] Device at 10.30.4.63 is not reachable. Skipping connection attempt.
[2024-12-04T08:47:45.088Z] Device at 10.30.4.63 is not reachable. Skipping connection attempt.
[2024-12-04T08:47:55.089Z] Device at 10.30.4.63 is not reachable. Skipping connection attempt.
[2024-12-04T08:48:05.087Z] Device at 10.30.4.63 is not reachable. Skipping connection attempt.
[2024-12-04T08:48:15.082Z] Device at 10.30.4.63 is not reachable. Skipping connection attempt.
[2024-12-04T08:48:25.079Z] Device at 10.30.4.63 is not reachable. Skipping connection attempt.
[2024-12-04T08:48:35.083Z] Device at 10.30.4.63 is not reachable. Skipping connection attempt.
[2024-12-04T08:48:45.083Z] Device at 10.30.4.63 is not reachable. Skipping connection attempt.
[2024-12-04T08:48:55.087Z] Device at 10.30.4.63 is not reachable. Skipping connection attempt.
[2024-12-04T08:49:05.084Z] Device at 10.30.4.63 is not reachable. Skipping connection attempt.
[2024-12-04T08:49:15.085Z] Device at 10.30.4.63 is not reachable. Skipping connection attempt.
[2024-12-04T08:49:25.084Z] Device at 10.30.4.63 is not reachable. Skipping connection attempt.
[2024-12-04T08:49:35.073Z] Device at 10.30.4.63 is not reachable. Skipping connection attempt.
[2024-12-04T08:49:45.081Z] Device at 10.30.4.63 is not reachable. Skipping connection attempt.
[2024-12-04T08:49:55.074Z] Device at 10.30.4.63 is not reachable. Skipping connection attempt.
[2024-12-04T08:50:05.078Z] Device at 10.30.4.63 is not reachable. Skipping connection attempt.
[2024-12-04T08:50:15.086Z] Device at 10.30.4.63 is not reachable. Skipping connection attempt.
[2024-12-04T08:50:25.083Z] Device at 10.30.4.63 is not reachable. Skipping connection attempt.
[2024-12-04T08:50:35.083Z] Device at 10.30.4.63 is not reachable. Skipping connection attempt.
[2024-12-04T08:50:45.074Z] Device at 10.30.4.63 is not reachable. Skipping connection attempt.
[2024-12-04T08:50:55.082Z] Device at 10.30.4.63 is not reachable. Skipping connection attempt.
[2024-12-04T08:51:05.088Z] Device at 10.30.4.63 is not reachable. Skipping connection attempt.
[2024-12-04T08:51:15.087Z] Device at 10.30.4.63 is not reachable. Skipping connection attempt.
[2024-12-04T08:51:25.081Z] Device at 10.30.4.63 is not reachable. Skipping connection attempt.
[2024-12-04T08:51:35.080Z] Device at 10.30.4.63 is not reachable. Skipping connection attempt.
[2024-12-04T08:51:45.074Z] Device at 10.30.4.63 is not reachable. Skipping connection attempt.
[2024-12-04T08:51:55.084Z] Device at 10.30.4.63 is not reachable. Skipping connection attempt.
[2024-12-04T08:52:05.079Z] Device at 10.30.4.63 is not reachable. Skipping connection attempt.
[2024-12-04T08:52:15.082Z] Device at 10.30.4.63 is not reachable. Skipping connection attempt.
[2024-12-04T08:52:25.583Z] Device at 10.30.4.63 is not reachable. Skipping connection attempt.
[2024-12-04T08:52:35.590Z] Device at 10.30.4.63 is not reachable. Skipping connection attempt.
[2024-12-04T08:52:45.585Z] Device at 10.30.4.63 is not reachable. Skipping connection attempt.
[2024-12-04T08:52:55.584Z] Device at 10.30.4.63 is not reachable. Skipping connection attempt.
[2024-12-04T08:53:05.582Z] Device at 10.30.4.63 is not reachable. Skipping connection attempt.
[2024-12-04T08:53:15.586Z] Device at 10.30.4.63 is not reachable. Skipping connection attempt.
[2024-12-04T08:53:25.579Z] Device at 10.30.4.63 is not reachable. Skipping connection attempt.
[2024-12-04T08:53:35.580Z] Device at 10.30.4.63 is not reachable. Skipping connection attempt.
[2024-12-04T08:53:45.579Z] Device at 10.30.4.63 is not reachable. Skipping connection attempt.
[2024-12-04T08:53:55.591Z] Device at 10.30.4.63 is not reachable. Skipping connection attempt.
[2024-12-04T08:54:05.574Z] Device at 10.30.4.63 is not reachable. Skipping connection attempt.
[2024-12-04T08:54:15.581Z] Device at 10.30.4.63 is not reachable. Skipping connection attempt.
[2024-12-04T08:54:25.573Z] Device at 10.30.4.63 is not reachable. Skipping connection attempt.
[2024-12-04T08:54:35.573Z] Device at 10.30.4.63 is not reachable. Skipping connection attempt.
[2024-12-04T08:54:45.577Z] Device at 10.30.4.63 is not reachable. Skipping connection attempt.
[2024-12-04T08:54:55.579Z] Device at 10.30.4.63 is not reachable. Skipping connection attempt.
[2024-12-04T08:55:05.583Z] Device at 10.30.4.63 is not reachable. Skipping connection attempt.
[2024-12-04T08:55:15.585Z] Device at 10.30.4.63 is not reachable. Skipping connection attempt.
[2024-12-04T08:55:25.575Z] Device at 10.30.4.63 is not reachable. Skipping connection attempt.
[2024-12-04T08:55:35.583Z] Device at 10.30.4.63 is not reachable. Skipping connection attempt.
[2024-12-04T08:55:45.573Z] Device at 10.30.4.63 is not reachable. Skipping connection attempt.
[2024-12-04T08:55:55.576Z] Device at 10.30.4.63 is not reachable. Skipping connection attempt.
[2024-12-04T08:56:05.578Z] Device at 10.30.4.63 is not reachable. Skipping connection attempt.
[2024-12-04T08:56:15.585Z] Device at 10.30.4.63 is not reachable. Skipping connection attempt.
[2024-12-04T08:56:25.574Z] Device at 10.30.4.63 is not reachable. Skipping connection attempt.
[2024-12-04T08:56:35.588Z] Device at 10.30.4.63 is not reachable. Skipping connection attempt.
[2024-12-04T08:56:45.580Z] Device at 10.30.4.63 is not reachable. Skipping connection attempt.
[2024-12-04T08:56:55.584Z] Device at 10.30.4.63 is not reachable. Skipping connection attempt.
[2024-12-04T08:57:05.574Z] Device at 10.30.4.63 is not reachable. Skipping connection attempt.
[2024-12-04T08:57:15.587Z] Device at 10.30.4.63 is not reachable. Skipping connection attempt.
[2024-12-04T08:57:25.575Z] Device at 10.30.4.63 is not reachable. Skipping connection attempt.
[2024-12-04T08:57:35.582Z] Device at 10.30.4.63 is not reachable. Skipping connection attempt.
[2024-12-04T08:57:45.586Z] Device at 10.30.4.63 is not reachable. Skipping connection attempt.
[2024-12-04T08:57:55.573Z] Device at 10.30.4.63 is not reachable. Skipping connection attempt.
[2024-12-04T08:58:05.572Z] Device at 10.30.4.63 is not reachable. Skipping connection attempt.
[2024-12-04T08:58:15.582Z] Device at 10.30.4.63 is not reachable. Skipping connection attempt.
[2024-12-04T08:58:25.583Z] Device at 10.30.4.63 is not reachable. Skipping connection attempt.
[2024-12-04T08:58:35.579Z] Device at 10.30.4.63 is not reachable. Skipping connection attempt.
[2024-12-04T08:58:45.586Z] Device at 10.30.4.63 is not reachable. Skipping connection attempt.
[2024-12-04T08:58:55.573Z] Device at 10.30.4.63 is not reachable. Skipping connection attempt.
[2024-12-04T08:59:05.575Z] Device at 10.30.4.63 is not reachable. Skipping connection attempt.
[2024-12-04T08:59:15.578Z] Device at 10.30.4.63 is not reachable. Skipping connection attempt.
[2024-12-04T08:59:25.583Z] Device at 10.30.4.63 is not reachable. Skipping connection attempt.
[2024-12-04T08:59:35.577Z] Device at 10.30.4.63 is not reachable. Skipping connection attempt.
[2024-12-04T08:59:45.580Z] Device at 10.30.4.63 is not reachable. Skipping connection attempt.
[2024-12-04T08:59:55.582Z] Device at 10.30.4.63 is not reachable. Skipping connection attempt.
[2024-12-04T09:00:05.583Z] Device at 10.30.4.63 is not reachable. Skipping connection attempt.
[2024-12-04T09:00:15.581Z] Device at 10.30.4.63 is not reachable. Skipping connection attempt.
[2024-12-04T09:00:25.578Z] Device at 10.30.4.63 is not reachable. Skipping connection attempt.
[2024-12-04T09:00:35.581Z] Device at 10.30.4.63 is not reachable. Skipping connection attempt.
[2024-12-04T09:00:45.581Z] Device at 10.30.4.63 is not reachable. Skipping connection attempt.
[2024-12-04T09:00:55.575Z] Device at 10.30.4.63 is not reachable. Skipping connection attempt.
[2024-12-04T09:01:05.580Z] Device at 10.30.4.63 is not reachable. Skipping connection attempt.
[2024-12-04T09:01:15.576Z] Device at 10.30.4.63 is not reachable. Skipping connection attempt.
[2024-12-04T09:01:25.576Z] Device at 10.30.4.63 is not reachable. Skipping connection attempt.
[2024-12-04T09:01:35.582Z] Device at 10.30.4.63 is not reachable. Skipping connection attempt.
[2024-12-04T09:01:45.578Z] Device at 10.30.4.63 is not reachable. Skipping connection attempt.
[2024-12-04T09:01:55.582Z] Device at 10.30.4.63 is not reachable. Skipping connection attempt.
[2024-12-04T09:02:05.579Z] Device at 10.30.4.63 is not reachable. Skipping connection attempt.
[2024-12-04T09:02:15.576Z] Device at 10.30.4.63 is not reachable. Skipping connection attempt.
[2024-12-04T09:02:25.577Z] Device at 10.30.4.63 is not reachable. Skipping connection attempt.
[2024-12-04T09:02:35.576Z] Device at 10.30.4.63 is not reachable. Skipping connection attempt.
[2024-12-04T09:02:45.582Z] Device at 10.30.4.63 is not reachable. Skipping connection attempt.
[2024-12-04T09:02:56.079Z] Device at 10.30.4.63 is not reachable. Skipping connection attempt.
[2024-12-04T09:03:06.072Z] Device at 10.30.4.63 is not reachable. Skipping connection attempt.
[2024-12-04T09:03:16.082Z] Device at 10.30.4.63 is not reachable. Skipping connection attempt.
[2024-12-04T09:03:26.084Z] Device at 10.30.4.63 is not reachable. Skipping connection attempt.
[2024-12-04T09:03:36.072Z] Device at 10.30.4.63 is not reachable. Skipping connection attempt.
[2024-12-04T09:03:46.073Z] Device at 10.30.4.63 is not reachable. Skipping connection attempt.
[2024-12-04T09:03:56.084Z] Device at 10.30.4.63 is not reachable. Skipping connection attempt.
[2024-12-04T09:04:06.079Z] Device at 10.30.4.63 is not reachable. Skipping connection attempt.
[2024-12-04T09:04:16.071Z] Device at 10.30.4.63 is not reachable. Skipping connection attempt.
[2024-12-04T09:04:26.081Z] Device at 10.30.4.63 is not reachable. Skipping connection attempt.
[2024-12-04T09:04:36.083Z] Device at 10.30.4.63 is not reachable. Skipping connection attempt.
[2024-12-04T09:04:46.081Z] Device at 10.30.4.63 is not reachable. Skipping connection attempt.
[2024-12-04T09:04:56.079Z] Device at 10.30.4.63 is not reachable. Skipping connection attempt.
[2024-12-04T09:05:06.073Z] Device at 10.30.4.63 is not reachable. Skipping connection attempt.
[2024-12-04T09:05:16.085Z] Device at 10.30.4.63 is not reachable. Skipping connection attempt.
[2024-12-04T09:05:26.085Z] Device at 10.30.4.63 is not reachable. Skipping connection attempt.
[2024-12-04T09:05:36.079Z] Device at 10.30.4.63 is not reachable. Skipping connection attempt.
[2024-12-04T09:05:46.079Z] Device at 10.30.4.63 is not reachable. Skipping connection attempt.
[2024-12-04T09:05:56.077Z] Device at 10.30.4.63 is not reachable. Skipping connection attempt.
[2024-12-04T09:06:06.071Z] Device at 10.30.4.63 is not reachable. Skipping connection attempt.
[2024-12-04T09:06:16.083Z] Device at 10.30.4.63 is not reachable. Skipping connection attempt.
[2024-12-04T09:06:26.070Z] Device at 10.30.4.63 is not reachable. Skipping connection attempt.
[2024-12-04T09:06:36.084Z] Device at 10.30.4.63 is not reachable. Skipping connection attempt.
[2024-12-04T09:06:46.069Z] Device at 10.30.4.63 is not reachable. Skipping connection attempt.
[2024-12-04T09:06:56.084Z] Device at 10.30.4.63 is not reachable. Skipping connection attempt.
[2024-12-04T09:07:06.084Z] Device at 10.30.4.63 is not reachable. Skipping connection attempt.
[2024-12-04T09:07:16.080Z] Device at 10.30.4.63 is not reachable. Skipping connection attempt.
[2024-12-04T09:07:26.077Z] Device at 10.30.4.63 is not reachable. Skipping connection attempt.
[2024-12-04T09:07:36.073Z] Device at 10.30.4.63 is not reachable. Skipping connection attempt.
[2024-12-04T09:07:46.072Z] Device at 10.30.4.63 is not reachable. Skipping connection attempt.
[2024-12-04T09:07:56.068Z] Device at 10.30.4.63 is not reachable. Skipping connection attempt.
[2024-12-04T09:08:06.079Z] Device at 10.30.4.63 is not reachable. Skipping connection attempt.
[2024-12-04T09:08:16.069Z] Device at 10.30.4.63 is not reachable. Skipping connection attempt.
[2024-12-04T09:08:26.090Z] Device at 10.30.4.63 is not reachable. Skipping connection attempt.
[2024-12-04T09:08:36.071Z] Device at 10.30.4.63 is not reachable. Skipping connection attempt.
[2024-12-04T09:08:46.083Z] Device at 10.30.4.63 is not reachable. Skipping connection attempt.
[2024-12-04T09:08:56.071Z] Device at 10.30.4.63 is not reachable. Skipping connection attempt.
[2024-12-04T09:09:06.073Z] Device at 10.30.4.63 is not reachable. Skipping connection attempt.
[2024-12-04T09:09:16.080Z] Device at 10.30.4.63 is not reachable. Skipping connection attempt.
[2024-12-04T09:09:26.079Z] Device at 10.30.4.63 is not reachable. Skipping connection attempt.
[2024-12-04T09:09:36.085Z] Device at 10.30.4.63 is not reachable. Skipping connection attempt.
[2024-12-04T09:09:46.082Z] Device at 10.30.4.63 is not reachable. Skipping connection attempt.
[2024-12-04T09:09:56.078Z] Device at 10.30.4.63 is not reachable. Skipping connection attempt.
[2024-12-04T09:10:06.081Z] Device at 10.30.4.63 is not reachable. Skipping connection attempt.
[2024-12-04T09:10:16.078Z] Device at 10.30.4.63 is not reachable. Skipping connection attempt.
[2024-12-04T09:10:26.082Z] Device at 10.30.4.63 is not reachable. Skipping connection attempt.
[2024-12-04T09:10:36.072Z] Device at 10.30.4.63 is not reachable. Skipping connection attempt.
[2024-12-04T09:10:46.074Z] Device at 10.30.4.63 is not reachable. Skipping connection attempt.
[2024-12-04T09:10:56.078Z] Device at 10.30.4.63 is not reachable. Skipping connection attempt.
[2024-12-04T09:11:06.076Z] Device at 10.30.4.63 is not reachable. Skipping connection attempt.
[2024-12-04T09:11:16.072Z] Device at 10.30.4.63 is not reachable. Skipping connection attempt.
[2024-12-04T09:11:26.069Z] Device at 10.30.4.63 is not reachable. Skipping connection attempt.
[2024-12-04T09:11:36.077Z] Device at 10.30.4.63 is not reachable. Skipping connection attempt.
[2024-12-04T09:11:46.073Z] Device at 10.30.4.63 is not reachable. Skipping connection attempt.
[2024-12-04T09:11:56.071Z] Device at 10.30.4.63 is not reachable. Skipping connection attempt.
[2024-12-04T09:12:06.074Z] Device at 10.30.4.63 is not reachable. Skipping connection attempt.
[2024-12-04T09:12:16.073Z] Device at 10.30.4.63 is not reachable. Skipping connection attempt.
[2024-12-04T09:12:26.080Z] Device at 10.30.4.63 is not reachable. Skipping connection attempt.
[2024-12-04T09:12:36.574Z] Device at 10.30.4.63 is not reachable. Skipping connection attempt.
[2024-12-04T09:12:46.573Z] Device at 10.30.4.63 is not reachable. Skipping connection attempt.
[2024-12-04T09:12:56.578Z] Device at 10.30.4.63 is not reachable. Skipping connection attempt.
[2024-12-04T09:13:06.082Z] Device at 10.30.4.63 is not reachable. Skipping connection attempt.
[2024-12-04T09:13:16.569Z] Device at 10.30.4.63 is not reachable. Skipping connection attempt.
[2024-12-04T09:13:26.580Z] Device at 10.30.4.63 is not reachable. Skipping connection attempt.
[2024-12-04T09:13:36.577Z] Device at 10.30.4.63 is not reachable. Skipping connection attempt.
[2024-12-04T09:13:46.581Z] Device at 10.30.4.63 is not reachable. Skipping connection attempt.
[2024-12-04T09:13:56.585Z] Device at 10.30.4.63 is not reachable. Skipping connection attempt.
[2024-12-04T09:14:06.573Z] Device at 10.30.4.63 is not reachable. Skipping connection attempt.
[2024-12-04T09:14:16.582Z] Device at 10.30.4.63 is not reachable. Skipping connection attempt.
[2024-12-04T09:14:26.570Z] Device at 10.30.4.63 is not reachable. Skipping connection attempt.
[2024-12-04T09:14:36.570Z] Device at 10.30.4.63 is not reachable. Skipping connection attempt.
[2024-12-04T09:14:46.580Z] Device at 10.30.4.63 is not reachable. Skipping connection attempt.
[2024-12-04T09:14:56.574Z] Device at 10.30.4.63 is not reachable. Skipping connection attempt.
[2024-12-04T09:15:06.574Z] Device at 10.30.4.63 is not reachable. Skipping connection attempt.
[2024-12-04T09:15:16.574Z] Device at 10.30.4.63 is not reachable. Skipping connection attempt.
[2024-12-04T09:15:26.574Z] Device at 10.30.4.63 is not reachable. Skipping connection attempt.
[2024-12-04T09:15:36.579Z] Device at 10.30.4.63 is not reachable. Skipping connection attempt.
[2024-12-04T09:15:46.575Z] Device at 10.30.4.63 is not reachable. Skipping connection attempt.
[2024-12-04T09:15:56.575Z] Device at 10.30.4.63 is not reachable. Skipping connection attempt.
[2024-12-04T09:16:06.574Z] Device at 10.30.4.63 is not reachable. Skipping connection attempt.
[2024-12-04T09:16:16.574Z] Device at 10.30.4.63 is not reachable. Skipping connection attempt.
[2024-12-04T09:16:26.573Z] Device at 10.30.4.63 is not reachable. Skipping connection attempt.
[2024-12-04T09:16:36.582Z] Device at 10.30.4.63 is not reachable. Skipping connection attempt.
[2024-12-04T09:16:46.584Z] Device at 10.30.4.63 is not reachable. Skipping connection attempt.
[2024-12-04T09:16:56.581Z] Device at 10.30.4.63 is not reachable. Skipping connection attempt.
[2024-12-04T09:17:06.570Z] Device at 10.30.4.63 is not reachable. Skipping connection attempt.
[2024-12-04T09:17:16.590Z] Device at 10.30.4.63 is not reachable. Skipping connection attempt.
[2024-12-04T09:17:26.574Z] Device at 10.30.4.63 is not reachable. Skipping connection attempt.
[2024-12-04T09:17:36.575Z] Device at 10.30.4.63 is not reachable. Skipping connection attempt.
[2024-12-04T09:17:46.570Z] Device at 10.30.4.63 is not reachable. Skipping connection attempt.
[2024-12-04T09:17:56.584Z] Device at 10.30.4.63 is not reachable. Skipping connection attempt.
[2024-12-04T09:18:06.573Z] Device at 10.30.4.63 is not reachable. Skipping connection attempt.
[2024-12-04T09:18:16.574Z] Device at 10.30.4.63 is not reachable. Skipping connection attempt.
[2024-12-04T09:18:26.572Z] Device at 10.30.4.63 is not reachable. Skipping connection attempt.
[2024-12-04T09:18:36.596Z] Device at 10.30.4.63 is not reachable. Skipping connection attempt.
[2024-12-04T09:18:46.575Z] Device at 10.30.4.63 is not reachable. Skipping connection attempt.
[2024-12-04T09:18:56.570Z] Device at 10.30.4.63 is not reachable. Skipping connection attempt.
[2024-12-04T09:19:06.577Z] Device at 10.30.4.63 is not reachable. Skipping connection attempt.
[2024-12-04T09:19:16.579Z] Device at 10.30.4.63 is not reachable. Skipping connection attempt.
[2024-12-04T09:19:26.579Z] Device at 10.30.4.63 is not reachable. Skipping connection attempt.
[2024-12-04T09:19:36.576Z] Device at 10.30.4.63 is not reachable. Skipping connection attempt.
[2024-12-04T09:19:46.569Z] Device at 10.30.4.63 is not reachable. Skipping connection attempt.
[2024-12-04T09:19:56.581Z] Device at 10.30.4.63 is not reachable. Skipping connection attempt.
[2024-12-04T09:20:06.584Z] Device at 10.30.4.63 is not reachable. Skipping connection attempt.
[2024-12-04T09:20:16.583Z] Device at 10.30.4.63 is not reachable. Skipping connection attempt.
[2024-12-04T09:20:26.581Z] Device at 10.30.4.63 is not reachable. Skipping connection attempt.
[2024-12-04T09:20:36.582Z] Device at 10.30.4.63 is not reachable. Skipping connection attempt.
[2024-12-04T09:20:46.584Z] Device at 10.30.4.63 is not reachable. Skipping connection attempt.
[2024-12-04T09:20:56.581Z] Device at 10.30.4.63 is not reachable. Skipping connection attempt.
[2024-12-04T09:21:06.571Z] Device at 10.30.4.63 is not reachable. Skipping connection attempt.
[2024-12-04T09:21:16.581Z] Device at 10.30.4.63 is not reachable. Skipping connection attempt.
[2024-12-04T09:21:26.577Z] Device at 10.30.4.63 is not reachable. Skipping connection attempt.
[2024-12-04T09:21:36.572Z] Device at 10.30.4.63 is not reachable. Skipping connection attempt.
[2024-12-04T09:21:46.582Z] Device at 10.30.4.63 is not reachable. Skipping connection attempt.
[2024-12-04T09:21:56.576Z] Device at 10.30.4.63 is not reachable. Skipping connection attempt.
[2024-12-04T09:22:06.570Z] Device at 10.30.4.63 is not reachable. Skipping connection attempt.
[2024-12-04T09:22:16.575Z] Device at 10.30.4.63 is not reachable. Skipping connection attempt.
[2024-12-04T09:22:26.578Z] Device at 10.30.4.63 is not reachable. Skipping connection attempt.
[2024-12-04T09:22:36.574Z] Device at 10.30.4.63 is not reachable. Skipping connection attempt.
[2024-12-04T09:22:46.581Z] Device at 10.30.4.63 is not reachable. Skipping connection attempt.
[2024-12-04T09:22:57.075Z] Device at 10.30.4.63 is not reachable. Skipping connection attempt.
[2024-12-04T09:23:06.574Z] Device at 10.30.4.63 is not reachable. Skipping connection attempt.
[2024-12-04T09:23:17.070Z] Device at 10.30.4.63 is not reachable. Skipping connection attempt.
[2024-12-04T09:23:27.085Z] Device at 10.30.4.63 is not reachable. Skipping connection attempt.
[2024-12-04T09:23:36.572Z] Device at 10.30.4.63 is not reachable. Skipping connection attempt.
[2024-12-04T09:23:47.071Z] Device at 10.30.4.63 is not reachable. Skipping connection attempt.
[2024-12-04T09:23:57.073Z] Device at 10.30.4.63 is not reachable. Skipping connection attempt.
[2024-12-04T09:24:07.069Z] Device at 10.30.4.63 is not reachable. Skipping connection attempt.
[2024-12-04T09:24:17.082Z] Device at 10.30.4.63 is not reachable. Skipping connection attempt.
[2024-12-04T09:24:27.071Z] Device at 10.30.4.63 is not reachable. Skipping connection attempt.
[2024-12-04T09:24:37.080Z] Device at 10.30.4.63 is not reachable. Skipping connection attempt.
[2024-12-04T09:24:47.082Z] Device at 10.30.4.63 is not reachable. Skipping connection attempt.
[2024-12-04T09:24:57.078Z] Device at 10.30.4.63 is not reachable. Skipping connection attempt.
[2024-12-04T09:25:07.074Z] Device at 10.30.4.63 is not reachable. Skipping connection attempt.
[2024-12-04T09:25:17.081Z] Device at 10.30.4.63 is not reachable. Skipping connection attempt.
[2024-12-04T09:25:27.075Z] Device at 10.30.4.63 is not reachable. Skipping connection attempt.
[2024-12-04T09:25:37.076Z] Device at 10.30.4.63 is not reachable. Skipping connection attempt.
[2024-12-04T09:25:47.073Z] Device at 10.30.4.63 is not reachable. Skipping connection attempt.
[2024-12-04T09:25:57.072Z] Device at 10.30.4.63 is not reachable. Skipping connection attempt.
[2024-12-04T09:26:07.073Z] Device at 10.30.4.63 is not reachable. Skipping connection attempt.
[2024-12-04T09:26:17.068Z] Device at 10.30.4.63 is not reachable. Skipping connection attempt.
[2024-12-04T09:26:27.067Z] Device at 10.30.4.63 is not reachable. Skipping connection attempt.
[2024-12-04T09:26:37.076Z] Device at 10.30.4.63 is not reachable. Skipping connection attempt.
[2024-12-04T09:26:47.073Z] Device at 10.30.4.63 is not reachable. Skipping connection attempt.
[2024-12-04T09:26:57.068Z] Device at 10.30.4.63 is not reachable. Skipping connection attempt.
[2024-12-04T09:27:07.074Z] Device at 10.30.4.63 is not reachable. Skipping connection attempt.
[2024-12-04T09:27:17.073Z] Device at 10.30.4.63 is not reachable. Skipping connection attempt.
[2024-12-04T09:27:27.083Z] Device at 10.30.4.63 is not reachable. Skipping connection attempt.
[2024-12-04T09:27:37.089Z] Device at 10.30.4.63 is not reachable. Skipping connection attempt.
[2024-12-04T09:27:47.077Z] Device at 10.30.4.63 is not reachable. Skipping connection attempt.
[2024-12-04T09:27:57.081Z] Device at 10.30.4.63 is not reachable. Skipping connection attempt.
[2024-12-04T09:28:07.078Z] Device at 10.30.4.63 is not reachable. Skipping connection attempt.
[2024-12-04T09:28:17.080Z] Device at 10.30.4.63 is not reachable. Skipping connection attempt.
[2024-12-04T09:28:27.081Z] Device at 10.30.4.63 is not reachable. Skipping connection attempt.
[2024-12-04T09:28:37.073Z] Device at 10.30.4.63 is not reachable. Skipping connection attempt.
[2024-12-04T09:28:47.075Z] Device at 10.30.4.63 is not reachable. Skipping connection attempt.
[2024-12-04T09:28:57.067Z] Device at 10.30.4.63 is not reachable. Skipping connection attempt.
[2024-12-04T09:29:07.080Z] Device at 10.30.4.63 is not reachable. Skipping connection attempt.
[2024-12-04T09:29:17.079Z] Device at 10.30.4.63 is not reachable. Skipping connection attempt.
[2024-12-04T09:29:27.072Z] Device at 10.30.4.63 is not reachable. Skipping connection attempt.
[2024-12-04T09:29:37.079Z] Device at 10.30.4.63 is not reachable. Skipping connection attempt.
[2024-12-04T09:29:47.069Z] Device at 10.30.4.63 is not reachable. Skipping connection attempt.
[2024-12-04T09:29:57.067Z] Device at 10.30.4.63 is not reachable. Skipping connection attempt.
[2024-12-04T09:30:07.067Z] Device at 10.30.4.63 is not reachable. Skipping connection attempt.
[2024-12-04T09:30:17.073Z] Device at 10.30.4.63 is not reachable. Skipping connection attempt.
[2024-12-05T02:10:46.677Z] Device at 10.30.4.63 is not reachable. Skipping connection attempt.
[2024-12-05T02:10:56.679Z] Device at 10.30.4.63 is not reachable. Skipping connection attempt.
[2024-12-05T02:11:06.684Z] Device at 10.30.4.63 is not reachable. Skipping connection attempt.
[2024-12-05T02:11:16.681Z] Device at 10.30.4.63 is not reachable. Skipping connection attempt.
[2024-12-05T02:11:26.687Z] Device at 10.30.4.63 is not reachable. Skipping connection attempt.
[2024-12-05T02:11:36.676Z] Device at 10.30.4.63 is not reachable. Skipping connection attempt.
[2024-12-05T02:11:46.703Z] Device at 10.30.4.63 is not reachable. Skipping connection attempt.
[2024-12-05T02:11:56.684Z] Device at 10.30.4.63 is not reachable. Skipping connection attempt.
[2024-12-05T02:12:06.674Z] Device at 10.30.4.63 is not reachable. Skipping connection attempt.
[2024-12-05T02:12:16.677Z] Device at 10.30.4.63 is not reachable. Skipping connection attempt.
[2024-12-05T02:12:26.679Z] Device at 10.30.4.63 is not reachable. Skipping connection attempt.
[2024-12-05T02:12:36.682Z] Device at 10.30.4.63 is not reachable. Skipping connection attempt.
[2024-12-05T02:12:46.679Z] Device at 10.30.4.63 is not reachable. Skipping connection attempt.
[2024-12-05T02:12:56.700Z] Device at 10.30.4.63 is not reachable. Skipping connection attempt.
[2024-12-05T02:13:07.178Z] Device at 10.30.4.63 is not reachable. Skipping connection attempt.
[2024-12-05T02:13:17.184Z] Device at 10.30.4.63 is not reachable. Skipping connection attempt.
[2024-12-05T02:13:27.187Z] Device at 10.30.4.63 is not reachable. Skipping connection attempt.
[2024-12-05T02:13:37.175Z] Device at 10.30.4.63 is not reachable. Skipping connection attempt.
[2024-12-05T02:13:47.196Z] Device at 10.30.4.63 is not reachable. Skipping connection attempt.
[2024-12-05T02:13:57.171Z] Device at 10.30.4.63 is not reachable. Skipping connection attempt.
[2024-12-05T02:14:07.180Z] Device at 10.30.4.63 is not reachable. Skipping connection attempt.
[2024-12-05T02:14:17.178Z] Device at 10.30.4.63 is not reachable. Skipping connection attempt.
[2024-12-05T02:14:27.177Z] Device at 10.30.4.63 is not reachable. Skipping connection attempt.
[2024-12-05T02:14:37.173Z] Device at 10.30.4.63 is not reachable. Skipping connection attempt.
[2024-12-05T02:14:47.180Z] Device at 10.30.4.63 is not reachable. Skipping connection attempt.
[2024-12-05T02:14:57.182Z] Device at 10.30.4.63 is not reachable. Skipping connection attempt.
[2024-12-05T02:15:07.177Z] Device at 10.30.4.63 is not reachable. Skipping connection attempt.
[2024-12-05T02:15:17.180Z] Device at 10.30.4.63 is not reachable. Skipping connection attempt.
[2024-12-05T02:15:27.178Z] Device at 10.30.4.63 is not reachable. Skipping connection attempt.
[2024-12-05T02:15:37.183Z] Device at 10.30.4.63 is not reachable. Skipping connection attempt.
[2024-12-05T02:15:47.181Z] Device at 10.30.4.63 is not reachable. Skipping connection attempt.
[2024-12-05T02:15:57.172Z] Device at 10.30.4.63 is not reachable. Skipping connection attempt.
[2024-12-05T02:16:07.179Z] Device at 10.30.4.63 is not reachable. Skipping connection attempt.
[2024-12-05T02:16:17.184Z] Device at 10.30.4.63 is not reachable. Skipping connection attempt.
[2024-12-05T02:16:27.169Z] Device at 10.30.4.63 is not reachable. Skipping connection attempt.
[2024-12-05T02:16:37.178Z] Device at 10.30.4.63 is not reachable. Skipping connection attempt.
[2024-12-05T02:16:47.181Z] Device at 10.30.4.63 is not reachable. Skipping connection attempt.
[2024-12-05T02:16:57.175Z] Device at 10.30.4.63 is not reachable. Skipping connection attempt.
[2024-12-05T02:17:07.183Z] Device at 10.30.4.63 is not reachable. Skipping connection attempt.
[2024-12-05T02:17:17.179Z] Device at 10.30.4.63 is not reachable. Skipping connection attempt.
[2024-12-05T02:17:27.176Z] Device at 10.30.4.63 is not reachable. Skipping connection attempt.
[2024-12-05T02:17:37.176Z] Device at 10.30.4.63 is not reachable. Skipping connection attempt.
[2024-12-05T02:17:47.174Z] Device at 10.30.4.63 is not reachable. Skipping connection attempt.
[2024-12-05T02:17:57.174Z] Device at 10.30.4.63 is not reachable. Skipping connection attempt.
[2024-12-05T02:18:07.185Z] Device at 10.30.4.63 is not reachable. Skipping connection attempt.
[2024-12-05T02:18:17.187Z] Device at 10.30.4.63 is not reachable. Skipping connection attempt.
[2024-12-05T02:18:27.172Z] Device at 10.30.4.63 is not reachable. Skipping connection attempt.
[2024-12-05T02:18:37.176Z] Device at 10.30.4.63 is not reachable. Skipping connection attempt.
[2024-12-05T02:18:47.170Z] Device at 10.30.4.63 is not reachable. Skipping connection attempt.
[2024-12-05T02:18:57.171Z] Device at 10.30.4.63 is not reachable. Skipping connection attempt.
[2024-12-05T02:19:07.199Z] Device at 10.30.4.63 is not reachable. Skipping connection attempt.
[2024-12-05T02:19:17.184Z] Device at 10.30.4.63 is not reachable. Skipping connection attempt.
[2024-12-05T02:19:27.181Z] Device at 10.30.4.63 is not reachable. Skipping connection attempt.
[2024-12-05T02:19:37.177Z] Device at 10.30.4.63 is not reachable. Skipping connection attempt.
[2024-12-05T02:19:47.168Z] Device at 10.30.4.63 is not reachable. Skipping connection attempt.
[2024-12-05T02:19:57.178Z] Device at 10.30.4.63 is not reachable. Skipping connection attempt.
[2024-12-05T02:20:07.174Z] Device at 10.30.4.63 is not reachable. Skipping connection attempt.
[2024-12-05T02:20:17.163Z] Device at 10.30.4.63 is not reachable. Skipping connection attempt.
[2024-12-05T02:20:27.166Z] Device at 10.30.4.63 is not reachable. Skipping connection attempt.
[2024-12-05T02:20:37.173Z] Device at 10.30.4.63 is not reachable. Skipping connection attempt.
[2024-12-05T02:20:47.180Z] Device at 10.30.4.63 is not reachable. Skipping connection attempt.
[2024-12-05T02:20:57.178Z] Device at 10.30.4.63 is not reachable. Skipping connection attempt.
[2024-12-05T02:21:07.171Z] Device at 10.30.4.63 is not reachable. Skipping connection attempt.
[2024-12-05T02:21:17.173Z] Device at 10.30.4.63 is not reachable. Skipping connection attempt.
[2024-12-05T02:21:27.170Z] Device at 10.30.4.63 is not reachable. Skipping connection attempt.
[2024-12-05T02:21:37.175Z] Device at 10.30.4.63 is not reachable. Skipping connection attempt.
[2024-12-05T02:21:47.179Z] Device at 10.30.4.63 is not reachable. Skipping connection attempt.
[2024-12-05T02:21:57.177Z] Device at 10.30.4.63 is not reachable. Skipping connection attempt.
[2024-12-05T02:22:07.177Z] Device at 10.30.4.63 is not reachable. Skipping connection attempt.
[2024-12-05T02:22:17.175Z] Device at 10.30.4.63 is not reachable. Skipping connection attempt.
[2024-12-05T02:22:27.167Z] Device at 10.30.4.63 is not reachable. Skipping connection attempt.
[2024-12-05T02:22:37.184Z] Device at 10.30.4.63 is not reachable. Skipping connection attempt.
[2024-12-05T02:22:47.183Z] Device at 10.30.4.63 is not reachable. Skipping connection attempt.
[2024-12-05T02:22:57.164Z] Device at 10.30.4.63 is not reachable. Skipping connection attempt.
[2024-12-05T02:23:07.197Z] Device at 10.30.4.63 is not reachable. Skipping connection attempt.
[2024-12-05T02:23:17.174Z] Device at 10.30.4.63 is not reachable. Skipping connection attempt.
[2024-12-05T02:23:27.178Z] Device at 10.30.4.63 is not reachable. Skipping connection attempt.
[2024-12-05T02:23:37.172Z] Device at 10.30.4.63 is not reachable. Skipping connection attempt.
[2024-12-05T02:23:47.167Z] Device at 10.30.4.63 is not reachable. Skipping connection attempt.
[2024-12-05T02:23:57.166Z] Device at 10.30.4.63 is not reachable. Skipping connection attempt.
[2024-12-05T02:24:07.169Z] Device at 10.30.4.63 is not reachable. Skipping connection attempt.
[2024-12-05T02:24:17.188Z] Device at 10.30.4.63 is not reachable. Skipping connection attempt.
[2024-12-05T02:24:27.672Z] Device at 10.30.4.63 is not reachable. Skipping connection attempt.
[2024-12-05T02:24:37.170Z] Device at 10.30.4.63 is not reachable. Skipping connection attempt.
[2024-12-05T02:24:47.191Z] Device at 10.30.4.63 is not reachable. Skipping connection attempt.
[2024-12-05T02:24:57.165Z] Device at 10.30.4.63 is not reachable. Skipping connection attempt.
[2024-12-05T02:25:07.167Z] Device at 10.30.4.63 is not reachable. Skipping connection attempt.
[2024-12-05T02:25:17.173Z] Device at 10.30.4.63 is not reachable. Skipping connection attempt.
[2024-12-05T02:25:27.680Z] Device at 10.30.4.63 is not reachable. Skipping connection attempt.
[2024-12-05T02:25:37.667Z] Device at 10.30.4.63 is not reachable. Skipping connection attempt.
[2024-12-05T02:25:47.666Z] Device at 10.30.4.63 is not reachable. Skipping connection attempt.
[2024-12-05T02:25:57.693Z] Device at 10.30.4.63 is not reachable. Skipping connection attempt.
[2024-12-05T02:26:07.676Z] Device at 10.30.4.63 is not reachable. Skipping connection attempt.
[2024-12-05T02:26:17.672Z] Device at 10.30.4.63 is not reachable. Skipping connection attempt.
[2024-12-05T02:26:27.678Z] Device at 10.30.4.63 is not reachable. Skipping connection attempt.
[2024-12-05T02:26:37.666Z] Device at 10.30.4.63 is not reachable. Skipping connection attempt.
[2024-12-05T02:26:47.676Z] Device at 10.30.4.63 is not reachable. Skipping connection attempt.
[2024-12-05T02:26:57.681Z] Device at 10.30.4.63 is not reachable. Skipping connection attempt.
[2024-12-05T02:27:07.668Z] Device at 10.30.4.63 is not reachable. Skipping connection attempt.
[2024-12-05T02:27:17.673Z] Device at 10.30.4.63 is not reachable. Skipping connection attempt.
[2024-12-05T02:27:27.665Z] Device at 10.30.4.63 is not reachable. Skipping connection attempt.
[2024-12-05T02:27:37.674Z] Device at 10.30.4.63 is not reachable. Skipping connection attempt.
[2024-12-05T02:27:47.680Z] Device at 10.30.4.63 is not reachable. Skipping connection attempt.
[2024-12-05T02:27:57.665Z] Device at 10.30.4.63 is not reachable. Skipping connection attempt.
[2024-12-05T02:28:07.675Z] Device at 10.30.4.63 is not reachable. Skipping connection attempt.
[2024-12-05T02:28:17.668Z] Device at 10.30.4.63 is not reachable. Skipping connection attempt.
[2024-12-05T02:28:27.668Z] Device at 10.30.4.63 is not reachable. Skipping connection attempt.
[2024-12-05T02:28:37.671Z] Device at 10.30.4.63 is not reachable. Skipping connection attempt.
[2024-12-05T02:28:47.689Z] Device at 10.30.4.63 is not reachable. Skipping connection attempt.
[2024-12-05T02:28:57.665Z] Device at 10.30.4.63 is not reachable. Skipping connection attempt.
[2024-12-05T02:29:07.676Z] Device at 10.30.4.63 is not reachable. Skipping connection attempt.
[2024-12-05T02:29:17.674Z] Device at 10.30.4.63 is not reachable. Skipping connection attempt.
[2024-12-05T02:29:27.676Z] Device at 10.30.4.63 is not reachable. Skipping connection attempt.
[2024-12-05T02:29:37.686Z] Device at 10.30.4.63 is not reachable. Skipping connection attempt.
[2024-12-05T02:29:47.686Z] Device at 10.30.4.63 is not reachable. Skipping connection attempt.
[2024-12-05T02:29:57.663Z] Device at 10.30.4.63 is not reachable. Skipping connection attempt.
[2024-12-05T02:30:07.664Z] Device at 10.30.4.63 is not reachable. Skipping connection attempt.
[2024-12-05T02:30:17.669Z] Device at 10.30.4.63 is not reachable. Skipping connection attempt.
[2024-12-05T02:30:27.672Z] Device at 10.30.4.63 is not reachable. Skipping connection attempt.
[2024-12-05T02:30:37.675Z] Device at 10.30.4.63 is not reachable. Skipping connection attempt.
[2024-12-05T02:30:47.669Z] Device at 10.30.4.63 is not reachable. Skipping connection attempt.
[2024-12-05T02:30:57.671Z] Device at 10.30.4.63 is not reachable. Skipping connection attempt.
[2024-12-05T02:31:07.668Z] Device at 10.30.4.63 is not reachable. Skipping connection attempt.
[2024-12-05T02:31:17.670Z] Device at 10.30.4.63 is not reachable. Skipping connection attempt.
[2024-12-05T02:31:27.667Z] Device at 10.30.4.63 is not reachable. Skipping connection attempt.
[2024-12-05T02:31:37.684Z] Device at 10.30.4.63 is not reachable. Skipping connection attempt.
[2024-12-05T02:31:47.667Z] Device at 10.30.4.63 is not reachable. Skipping connection attempt.
[2024-12-05T02:31:57.668Z] Device at 10.30.4.63 is not reachable. Skipping connection attempt.
[2024-12-05T02:32:07.670Z] Device at 10.30.4.63 is not reachable. Skipping connection attempt.
[2024-12-05T02:32:17.675Z] Device at 10.30.4.63 is not reachable. Skipping connection attempt.
[2024-12-05T02:32:27.676Z] Device at 10.30.4.63 is not reachable. Skipping connection attempt.
[2024-12-05T02:32:37.679Z] Device at 10.30.4.63 is not reachable. Skipping connection attempt.
[2024-12-05T02:32:47.673Z] Device at 10.30.4.63 is not reachable. Skipping connection attempt.
[2024-12-05T02:32:57.678Z] Device at 10.30.4.63 is not reachable. Skipping connection attempt.
[2024-12-05T02:33:07.677Z] Device at 10.30.4.63 is not reachable. Skipping connection attempt.
[2024-12-05T02:33:17.666Z] Device at 10.30.4.63 is not reachable. Skipping connection attempt.
[2024-12-05T02:33:27.666Z] Device at 10.30.4.63 is not reachable. Skipping connection attempt.
[2024-12-05T02:33:37.672Z] Device at 10.30.4.63 is not reachable. Skipping connection attempt.
[2024-12-05T02:33:47.673Z] Device at 10.30.4.63 is not reachable. Skipping connection attempt.
[2024-12-05T02:33:57.678Z] Device at 10.30.4.63 is not reachable. Skipping connection attempt.
[2024-12-05T02:34:07.682Z] Device at 10.30.4.63 is not reachable. Skipping connection attempt.
[2024-12-05T02:34:17.672Z] Device at 10.30.4.63 is not reachable. Skipping connection attempt.
[2024-12-05T02:34:27.667Z] Device at 10.30.4.63 is not reachable. Skipping connection attempt.
[2024-12-05T02:34:37.699Z] Device at 10.30.4.63 is not reachable. Skipping connection attempt.
[2024-12-05T02:34:47.672Z] Device at 10.30.4.63 is not reachable. Skipping connection attempt.
[2024-12-05T02:34:57.686Z] Device at 10.30.4.63 is not reachable. Skipping connection attempt.
[2024-12-05T02:35:07.683Z] Device at 10.30.4.63 is not reachable. Skipping connection attempt.
[2024-12-05T02:35:17.678Z] Device at 10.30.4.63 is not reachable. Skipping connection attempt.
[2024-12-05T02:35:27.677Z] Device at 10.30.4.63 is not reachable. Skipping connection attempt.
[2024-12-05T02:35:37.673Z] Device at 10.30.4.63 is not reachable. Skipping connection attempt.
[2024-12-05T02:35:47.670Z] Device at 10.30.4.63 is not reachable. Skipping connection attempt.
[2024-12-05T02:35:57.672Z] Device at 10.30.4.63 is not reachable. Skipping connection attempt.
[2024-12-05T02:36:07.671Z] Device at 10.30.4.63 is not reachable. Skipping connection attempt.
[2024-12-05T02:36:17.670Z] Device at 10.30.4.63 is not reachable. Skipping connection attempt.
[2024-12-05T02:36:27.680Z] Device at 10.30.4.63 is not reachable. Skipping connection attempt.
[2024-12-05T02:36:37.672Z] Device at 10.30.4.63 is not reachable. Skipping connection attempt.
[2024-12-05T02:36:47.675Z] Device at 10.30.4.63 is not reachable. Skipping connection attempt.
[2024-12-05T02:36:58.181Z] Device at 10.30.4.63 is not reachable. Skipping connection attempt.
[2024-12-05T02:37:08.179Z] Device at 10.30.4.63 is not reachable. Skipping connection attempt.
[2024-12-05T02:37:18.169Z] Device at 10.30.4.63 is not reachable. Skipping connection attempt.
[2024-12-05T02:37:28.182Z] Device at 10.30.4.63 is not reachable. Skipping connection attempt.
[2024-12-05T02:37:38.173Z] Device at 10.30.4.63 is not reachable. Skipping connection attempt.
[2024-12-05T02:37:48.181Z] Device at 10.30.4.63 is not reachable. Skipping connection attempt.
[2024-12-05T02:37:58.181Z] Device at 10.30.4.63 is not reachable. Skipping connection attempt.
[2024-12-05T02:38:08.178Z] Device at 10.30.4.63 is not reachable. Skipping connection attempt.
[2024-12-05T02:38:18.171Z] Device at 10.30.4.63 is not reachable. Skipping connection attempt.
[2024-12-05T02:38:28.189Z] Device at 10.30.4.63 is not reachable. Skipping connection attempt.
[2024-12-05T02:38:38.185Z] Device at 10.30.4.63 is not reachable. Skipping connection attempt.
[2024-12-05T02:38:48.176Z] Device at 10.30.4.63 is not reachable. Skipping connection attempt.
[2024-12-05T02:38:58.174Z] Device at 10.30.4.63 is not reachable. Skipping connection attempt.
[2024-12-05T02:39:08.191Z] Device at 10.30.4.63 is not reachable. Skipping connection attempt.
[2024-12-05T02:39:18.183Z] Device at 10.30.4.63 is not reachable. Skipping connection attempt.
[2024-12-05T02:39:28.179Z] Device at 10.30.4.63 is not reachable. Skipping connection attempt.
[2024-12-05T02:39:38.176Z] Device at 10.30.4.63 is not reachable. Skipping connection attempt.
[2024-12-05T02:39:48.175Z] Device at 10.30.4.63 is not reachable. Skipping connection attempt.
[2024-12-05T02:39:58.175Z] Device at 10.30.4.63 is not reachable. Skipping connection attempt.
[2024-12-05T02:40:08.173Z] Device at 10.30.4.63 is not reachable. Skipping connection attempt.
[2024-12-05T02:40:18.184Z] Device at 10.30.4.63 is not reachable. Skipping connection attempt.
[2024-12-05T02:40:28.179Z] Device at 10.30.4.63 is not reachable. Skipping connection attempt.
[2024-12-05T02:40:38.190Z] Device at 10.30.4.63 is not reachable. Skipping connection attempt.
[2024-12-05T02:40:48.185Z] Device at 10.30.4.63 is not reachable. Skipping connection attempt.
[2024-12-05T02:40:58.182Z] Device at 10.30.4.63 is not reachable. Skipping connection attempt.
[2024-12-05T02:41:08.183Z] Device at 10.30.4.63 is not reachable. Skipping connection attempt.
[2024-12-05T02:41:18.178Z] Device at 10.30.4.63 is not reachable. Skipping connection attempt.
[2024-12-05T02:41:28.180Z] Device at 10.30.4.63 is not reachable. Skipping connection attempt.
[2024-12-05T02:41:38.172Z] Device at 10.30.4.63 is not reachable. Skipping connection attempt.
[2024-12-05T02:41:48.176Z] Device at 10.30.4.63 is not reachable. Skipping connection attempt.
[2024-12-05T02:41:58.198Z] Device at 10.30.4.63 is not reachable. Skipping connection attempt.
[2024-12-05T02:42:08.184Z] Device at 10.30.4.63 is not reachable. Skipping connection attempt.
[2024-12-05T02:42:18.776Z] Device at 10.30.4.63 is not reachable. Skipping connection attempt.
[2024-12-05T02:42:35.144Z] Device at 10.30.4.63 is not reachable. Skipping connection attempt.
[2024-12-05T02:42:48.320Z] Device at 10.30.4.63 is not reachable. Skipping connection attempt.
[2024-12-05T02:42:58.253Z] Device at 10.30.4.63 is not reachable. Skipping connection attempt.
[2024-12-05T02:43:01.939Z] Device at 10.30.4.63 is not reachable. Skipping connection attempt.
[2024-12-05T02:43:09.156Z] Device at 10.30.4.63 is not reachable. Skipping connection attempt.
[2024-12-05T02:43:19.160Z] Device at 10.30.4.63 is not reachable. Skipping connection attempt.
[2024-12-05T02:43:29.159Z] Device at 10.30.4.63 is not reachable. Skipping connection attempt.
[2024-12-05T02:43:39.158Z] Device at 10.30.4.63 is not reachable. Skipping connection attempt.
[2024-12-05T02:43:49.159Z] Device at 10.30.4.63 is not reachable. Skipping connection attempt.
[2024-12-05T02:43:59.152Z] Device at 10.30.4.63 is not reachable. Skipping connection attempt.
[2024-12-05T02:44:09.156Z] Device at 10.30.4.63 is not reachable. Skipping connection attempt.
[2024-12-05T02:44:19.150Z] Device at 10.30.4.63 is not reachable. Skipping connection attempt.
[2024-12-05T02:44:29.167Z] Device at 10.30.4.63 is not reachable. Skipping connection attempt.
[2024-12-05T02:44:39.157Z] Device at 10.30.4.63 is not reachable. Skipping connection attempt.
[2024-12-05T02:44:49.149Z] Device at 10.30.4.63 is not reachable. Skipping connection attempt.
[2024-12-05T02:44:59.159Z] Device at 10.30.4.63 is not reachable. Skipping connection attempt.
[2024-12-05T02:45:09.153Z] Device at 10.30.4.63 is not reachable. Skipping connection attempt.
[2024-12-05T02:45:19.165Z] Device at 10.30.4.63 is not reachable. Skipping connection attempt.
[2024-12-05T02:45:29.160Z] Device at 10.30.4.63 is not reachable. Skipping connection attempt.
[2024-12-05T02:45:39.157Z] Device at 10.30.4.63 is not reachable. Skipping connection attempt.
[2024-12-05T02:45:49.158Z] Device at 10.30.4.63 is not reachable. Skipping connection attempt.
[2024-12-05T02:45:59.154Z] Device at 10.30.4.63 is not reachable. Skipping connection attempt.
[2024-12-05T02:46:09.150Z] Device at 10.30.4.63 is not reachable. Skipping connection attempt.
[2024-12-05T02:46:19.159Z] Device at 10.30.4.63 is not reachable. Skipping connection attempt.
[2024-12-05T02:46:29.149Z] Device at 10.30.4.63 is not reachable. Skipping connection attempt.
[2024-12-05T02:46:39.151Z] Device at 10.30.4.63 is not reachable. Skipping connection attempt.
[2024-12-05T02:46:49.158Z] Device at 10.30.4.63 is not reachable. Skipping connection attempt.
[2024-12-05T02:46:59.172Z] Device at 10.30.4.63 is not reachable. Skipping connection attempt.
[2024-12-05T02:47:09.151Z] Device at 10.30.4.63 is not reachable. Skipping connection attempt.
[2024-12-05T02:47:19.162Z] Device at 10.30.4.63 is not reachable. Skipping connection attempt.
[2024-12-05T02:47:29.155Z] Device at 10.30.4.63 is not reachable. Skipping connection attempt.
[2024-12-05T02:47:39.162Z] Device at 10.30.4.63 is not reachable. Skipping connection attempt.
[2024-12-05T02:47:49.157Z] Device at 10.30.4.63 is not reachable. Skipping connection attempt.
[2024-12-05T02:47:59.163Z] Device at 10.30.4.63 is not reachable. Skipping connection attempt.
[2024-12-05T02:48:09.163Z] Device at 10.30.4.63 is not reachable. Skipping connection attempt.
[2024-12-05T02:48:19.652Z] Device at 10.30.4.63 is not reachable. Skipping connection attempt.
[2024-12-05T02:48:29.655Z] Device at 10.30.4.63 is not reachable. Skipping connection attempt.
[2024-12-05T02:48:39.662Z] Device at 10.30.4.63 is not reachable. Skipping connection attempt.
[2024-12-05T02:48:49.651Z] Device at 10.30.4.63 is not reachable. Skipping connection attempt.
[2024-12-05T02:48:59.668Z] Device at 10.30.4.63 is not reachable. Skipping connection attempt.
[2024-12-05T02:49:09.667Z] Device at 10.30.4.63 is not reachable. Skipping connection attempt.
[2024-12-05T02:49:19.658Z] Device at 10.30.4.63 is not reachable. Skipping connection attempt.
[2024-12-05T02:49:29.662Z] Device at 10.30.4.63 is not reachable. Skipping connection attempt.
[2024-12-05T02:49:39.654Z] Device at 10.30.4.63 is not reachable. Skipping connection attempt.
[2024-12-05T02:49:49.663Z] Device at 10.30.4.63 is not reachable. Skipping connection attempt.
[2024-12-05T02:49:59.664Z] Device at 10.30.4.63 is not reachable. Skipping connection attempt.
[2024-12-05T02:50:09.665Z] Device at 10.30.4.63 is not reachable. Skipping connection attempt.
[2024-12-05T02:50:19.662Z] Device at 10.30.4.63 is not reachable. Skipping connection attempt.
[2024-12-05T02:50:29.669Z] Device at 10.30.4.63 is not reachable. Skipping connection attempt.
[2024-12-05T02:50:39.662Z] Device at 10.30.4.63 is not reachable. Skipping connection attempt.
[2024-12-05T02:50:49.655Z] Device at 10.30.4.63 is not reachable. Skipping connection attempt.
[2024-12-05T02:50:59.664Z] Device at 10.30.4.63 is not reachable. Skipping connection attempt.
[2024-12-05T02:51:09.657Z] Device at 10.30.4.63 is not reachable. Skipping connection attempt.
[2024-12-05T02:51:19.662Z] Device at 10.30.4.63 is not reachable. Skipping connection attempt.
[2024-12-05T02:51:29.662Z] Device at 10.30.4.63 is not reachable. Skipping connection attempt.
[2024-12-05T02:51:39.659Z] Device at 10.30.4.63 is not reachable. Skipping connection attempt.
[2024-12-05T02:51:49.664Z] Device at 10.30.4.63 is not reachable. Skipping connection attempt.
[2024-12-05T02:51:59.667Z] Device at 10.30.4.63 is not reachable. Skipping connection attempt.
[2024-12-05T02:52:09.654Z] Device at 10.30.4.63 is not reachable. Skipping connection attempt.
[2024-12-05T02:52:19.658Z] Device at 10.30.4.63 is not reachable. Skipping connection attempt.
[2024-12-05T02:52:29.660Z] Device at 10.30.4.63 is not reachable. Skipping connection attempt.
[2024-12-05T02:52:39.659Z] Device at 10.30.4.63 is not reachable. Skipping connection attempt.
[2024-12-05T02:52:49.658Z] Device at 10.30.4.63 is not reachable. Skipping connection attempt.
[2024-12-05T02:52:59.656Z] Device at 10.30.4.63 is not reachable. Skipping connection attempt.
[2024-12-05T02:53:09.664Z] Device at 10.30.4.63 is not reachable. Skipping connection attempt.
[2024-12-05T02:53:19.657Z] Device at 10.30.4.63 is not reachable. Skipping connection attempt.
[2024-12-05T02:53:29.665Z] Device at 10.30.4.63 is not reachable. Skipping connection attempt.
[2024-12-05T02:53:39.654Z] Device at 10.30.4.63 is not reachable. Skipping connection attempt.
[2024-12-05T02:53:49.658Z] Device at 10.30.4.63 is not reachable. Skipping connection attempt.
[2024-12-05T02:53:59.653Z] Device at 10.30.4.63 is not reachable. Skipping connection attempt.
[2024-12-05T02:54:09.662Z] Device at 10.30.4.63 is not reachable. Skipping connection attempt.
[2024-12-05T02:54:19.649Z] Device at 10.30.4.63 is not reachable. Skipping connection attempt.
[2024-12-05T02:54:29.657Z] Device at 10.30.4.63 is not reachable. Skipping connection attempt.
[2024-12-05T02:54:39.651Z] Device at 10.30.4.63 is not reachable. Skipping connection attempt.
[2024-12-05T02:54:49.649Z] Device at 10.30.4.63 is not reachable. Skipping connection attempt.
[2024-12-05T02:54:59.649Z] Device at 10.30.4.63 is not reachable. Skipping connection attempt.
[2024-12-05T02:55:09.660Z] Device at 10.30.4.63 is not reachable. Skipping connection attempt.
[2024-12-05T02:55:19.655Z] Device at 10.30.4.63 is not reachable. Skipping connection attempt.
[2024-12-05T02:55:29.665Z] Device at 10.30.4.63 is not reachable. Skipping connection attempt.
[2024-12-05T02:55:39.647Z] Device at 10.30.4.63 is not reachable. Skipping connection attempt.
[2024-12-05T02:55:49.658Z] Device at 10.30.4.63 is not reachable. Skipping connection attempt.
[2024-12-05T02:55:59.661Z] Device at 10.30.4.63 is not reachable. Skipping connection attempt.
[2024-12-05T02:56:09.647Z] Device at 10.30.4.63 is not reachable. Skipping connection attempt.
[2024-12-05T02:56:19.647Z] Device at 10.30.4.63 is not reachable. Skipping connection attempt.
[2024-12-05T02:56:29.648Z] Device at 10.30.4.63 is not reachable. Skipping connection attempt.
[2024-12-05T02:56:39.659Z] Device at 10.30.4.63 is not reachable. Skipping connection attempt.
[2024-12-05T02:56:49.653Z] Device at 10.30.4.63 is not reachable. Skipping connection attempt.
[2024-12-05T02:56:59.657Z] Device at 10.30.4.63 is not reachable. Skipping connection attempt.
[2024-12-05T02:57:09.648Z] Device at 10.30.4.63 is not reachable. Skipping connection attempt.
[2024-12-05T02:57:19.662Z] Device at 10.30.4.63 is not reachable. Skipping connection attempt.
[2024-12-05T02:57:29.658Z] Device at 10.30.4.63 is not reachable. Skipping connection attempt.
[2024-12-05T02:57:39.669Z] Device at 10.30.4.63 is not reachable. Skipping connection attempt.
[2024-12-05T02:57:49.654Z] Device at 10.30.4.63 is not reachable. Skipping connection attempt.
[2024-12-05T02:57:59.656Z] Device at 10.30.4.63 is not reachable. Skipping connection attempt.
[2024-12-05T02:58:09.654Z] Device at 10.30.4.63 is not reachable. Skipping connection attempt.
[2024-12-05T02:58:20.166Z] Device at 10.30.4.63 is not reachable. Skipping connection attempt.
[2024-12-05T02:58:29.659Z] Device at 10.30.4.63 is not reachable. Skipping connection attempt.
[2024-12-05T02:58:39.652Z] Device at 10.30.4.63 is not reachable. Skipping connection attempt.
[2024-12-05T02:58:49.656Z] Device at 10.30.4.63 is not reachable. Skipping connection attempt.
[2024-12-05T02:59:00.156Z] Device at 10.30.4.63 is not reachable. Skipping connection attempt.
[2024-12-05T02:59:10.163Z] Device at 10.30.4.63 is not reachable. Skipping connection attempt.
[2024-12-05T02:59:20.158Z] Device at 10.30.4.63 is not reachable. Skipping connection attempt.
[2024-12-05T02:59:30.150Z] Device at 10.30.4.63 is not reachable. Skipping connection attempt.
[2024-12-05T02:59:40.161Z] Device at 10.30.4.63 is not reachable. Skipping connection attempt.
[2024-12-05T02:59:50.148Z] Device at 10.30.4.63 is not reachable. Skipping connection attempt.
[2024-12-05T03:00:00.147Z] Device at 10.30.4.63 is not reachable. Skipping connection attempt.
[2024-12-05T03:00:10.153Z] Device at 10.30.4.63 is not reachable. Skipping connection attempt.
[2024-12-05T03:00:20.155Z] Device at 10.30.4.63 is not reachable. Skipping connection attempt.
[2024-12-05T03:00:30.161Z] Device at 10.30.4.63 is not reachable. Skipping connection attempt.
[2024-12-05T03:00:40.148Z] Device at 10.30.4.63 is not reachable. Skipping connection attempt.
[2024-12-05T03:00:50.151Z] Device at 10.30.4.63 is not reachable. Skipping connection attempt.
[2024-12-05T03:01:00.153Z] Device at 10.30.4.63 is not reachable. Skipping connection attempt.
[2024-12-05T03:01:10.152Z] Device at 10.30.4.63 is not reachable. Skipping connection attempt.
[2024-12-05T03:01:20.152Z] Device at 10.30.4.63 is not reachable. Skipping connection attempt.
[2024-12-05T03:01:30.152Z] Device at 10.30.4.63 is not reachable. Skipping connection attempt.
[2024-12-05T03:01:40.157Z] Device at 10.30.4.63 is not reachable. Skipping connection attempt.
[2024-12-05T03:01:50.160Z] Device at 10.30.4.63 is not reachable. Skipping connection attempt.
[2024-12-05T03:02:00.149Z] Device at 10.30.4.63 is not reachable. Skipping connection attempt.
[2024-12-05T03:02:10.147Z] Device at 10.30.4.63 is not reachable. Skipping connection attempt.
[2024-12-05T03:02:20.157Z] Device at 10.30.4.63 is not reachable. Skipping connection attempt.
[2024-12-05T03:02:30.166Z] Device at 10.30.4.63 is not reachable. Skipping connection attempt.
[2024-12-05T03:02:40.155Z] Device at 10.30.4.63 is not reachable. Skipping connection attempt.
[2024-12-05T03:02:50.154Z] Device at 10.30.4.63 is not reachable. Skipping connection attempt.
[2024-12-05T03:03:00.157Z] Device at 10.30.4.63 is not reachable. Skipping connection attempt.
[2024-12-05T03:03:10.155Z] Device at 10.30.4.63 is not reachable. Skipping connection attempt.
[2024-12-05T03:03:20.170Z] Device at 10.30.4.63 is not reachable. Skipping connection attempt.
[2024-12-05T03:03:30.150Z] Device at 10.30.4.63 is not reachable. Skipping connection attempt.
[2024-12-05T03:03:40.148Z] Device at 10.30.4.63 is not reachable. Skipping connection attempt.
[2024-12-05T03:03:50.155Z] Device at 10.30.4.63 is not reachable. Skipping connection attempt.
[2024-12-05T03:04:00.150Z] Device at 10.30.4.63 is not reachable. Skipping connection attempt.
[2024-12-05T03:04:10.145Z] Device at 10.30.4.63 is not reachable. Skipping connection attempt.
[2024-12-05T03:04:20.159Z] Device at 10.30.4.63 is not reachable. Skipping connection attempt.
[2024-12-05T03:04:30.151Z] Device at 10.30.4.63 is not reachable. Skipping connection attempt.
[2024-12-05T03:04:40.145Z] Device at 10.30.4.63 is not reachable. Skipping connection attempt.
[2024-12-05T03:04:50.164Z] Device at 10.30.4.63 is not reachable. Skipping connection attempt.
[2024-12-05T03:05:00.157Z] Device at 10.30.4.63 is not reachable. Skipping connection attempt.
[2024-12-05T03:05:10.153Z] Device at 10.30.4.63 is not reachable. Skipping connection attempt.
[2024-12-05T03:05:20.151Z] Device at 10.30.4.63 is not reachable. Skipping connection attempt.
[2024-12-05T03:05:30.152Z] Device at 10.30.4.63 is not reachable. Skipping connection attempt.
[2024-12-05T03:05:40.158Z] Device at 10.30.4.63 is not reachable. Skipping connection attempt.
[2024-12-05T03:05:50.156Z] Device at 10.30.4.63 is not reachable. Skipping connection attempt.
[2024-12-05T03:06:00.154Z] Device at 10.30.4.63 is not reachable. Skipping connection attempt.
[2024-12-05T03:06:10.156Z] Device at 10.30.4.63 is not reachable. Skipping connection attempt.
[2024-12-05T03:06:20.152Z] Device at 10.30.4.63 is not reachable. Skipping connection attempt.
[2024-12-05T03:06:30.149Z] Device at 10.30.4.63 is not reachable. Skipping connection attempt.
[2024-12-05T03:06:40.147Z] Device at 10.30.4.63 is not reachable. Skipping connection attempt.
[2024-12-05T03:06:50.144Z] Device at 10.30.4.63 is not reachable. Skipping connection attempt.
[2024-12-05T03:07:00.154Z] Device at 10.30.4.63 is not reachable. Skipping connection attempt.
[2024-12-05T03:07:10.151Z] Device at 10.30.4.63 is not reachable. Skipping connection attempt.
[2024-12-05T03:07:20.152Z] Device at 10.30.4.63 is not reachable. Skipping connection attempt.
[2024-12-05T03:07:30.156Z] Device at 10.30.4.63 is not reachable. Skipping connection attempt.
[2024-12-05T03:07:40.157Z] Device at 10.30.4.63 is not reachable. Skipping connection attempt.
[2024-12-05T03:07:50.145Z] Device at 10.30.4.63 is not reachable. Skipping connection attempt.
[2024-12-05T03:08:00.143Z] Device at 10.30.4.63 is not reachable. Skipping connection attempt.
[2024-12-05T03:08:10.158Z] Device at 10.30.4.63 is not reachable. Skipping connection attempt.
[2024-12-05T03:08:20.156Z] Device at 10.30.4.63 is not reachable. Skipping connection attempt.
[2024-12-05T03:08:30.156Z] Device at 10.30.4.63 is not reachable. Skipping connection attempt.
[2024-12-05T03:08:40.152Z] Device at 10.30.4.63 is not reachable. Skipping connection attempt.
[2024-12-05T03:08:50.162Z] Device at 10.30.4.63 is not reachable. Skipping connection attempt.
[2024-12-05T03:09:00.146Z] Device at 10.30.4.63 is not reachable. Skipping connection attempt.
[2024-12-05T03:09:10.145Z] Device at 10.30.4.63 is not reachable. Skipping connection attempt.
[2024-12-05T03:09:20.143Z] Device at 10.30.4.63 is not reachable. Skipping connection attempt.
[2024-12-05T03:09:30.647Z] Device at 10.30.4.63 is not reachable. Skipping connection attempt.
[2024-12-05T03:09:40.659Z] Device at 10.30.4.63 is not reachable. Skipping connection attempt.
[2024-12-05T03:09:50.645Z] Device at 10.30.4.63 is not reachable. Skipping connection attempt.
[2024-12-05T03:10:00.647Z] Device at 10.30.4.63 is not reachable. Skipping connection attempt.
[2024-12-05T03:10:10.639Z] Device at 10.30.4.63 is not reachable. Skipping connection attempt.
[2024-12-05T03:10:20.643Z] Device at 10.30.4.63 is not reachable. Skipping connection attempt.
[2024-12-05T03:10:30.647Z] Device at 10.30.4.63 is not reachable. Skipping connection attempt.
[2024-12-05T03:10:40.641Z] Device at 10.30.4.63 is not reachable. Skipping connection attempt.
[2024-12-05T03:10:50.654Z] Device at 10.30.4.63 is not reachable. Skipping connection attempt.
[2024-12-05T03:11:00.643Z] Device at 10.30.4.63 is not reachable. Skipping connection attempt.
[2024-12-05T03:11:10.643Z] Device at 10.30.4.63 is not reachable. Skipping connection attempt.
[2024-12-05T03:11:20.640Z] Device at 10.30.4.63 is not reachable. Skipping connection attempt.
[2024-12-05T03:11:30.651Z] Device at 10.30.4.63 is not reachable. Skipping connection attempt.
[2024-12-05T03:11:40.642Z] Device at 10.30.4.63 is not reachable. Skipping connection attempt.
[2024-12-05T03:11:50.642Z] Device at 10.30.4.63 is not reachable. Skipping connection attempt.
[2024-12-05T03:12:00.635Z] Device at 10.30.4.63 is not reachable. Skipping connection attempt.
[2024-12-05T03:12:10.646Z] Device at 10.30.4.63 is not reachable. Skipping connection attempt.
[2024-12-05T03:12:20.651Z] Device at 10.30.4.63 is not reachable. Skipping connection attempt.
[2024-12-05T03:12:30.640Z] Device at 10.30.4.63 is not reachable. Skipping connection attempt.
[2024-12-05T03:12:40.647Z] Device at 10.30.4.63 is not reachable. Skipping connection attempt.
[2024-12-05T03:12:50.641Z] Device at 10.30.4.63 is not reachable. Skipping connection attempt.
[2024-12-05T03:13:00.650Z] Device at 10.30.4.63 is not reachable. Skipping connection attempt.
[2024-12-05T03:13:10.653Z] Device at 10.30.4.63 is not reachable. Skipping connection attempt.
[2024-12-05T03:13:20.645Z] Device at 10.30.4.63 is not reachable. Skipping connection attempt.
[2024-12-05T03:13:30.641Z] Device at 10.30.4.63 is not reachable. Skipping connection attempt.
[2024-12-05T03:13:40.656Z] Device at 10.30.4.63 is not reachable. Skipping connection attempt.
[2024-12-05T03:13:50.639Z] Device at 10.30.4.63 is not reachable. Skipping connection attempt.
[2024-12-05T03:14:00.647Z] Device at 10.30.4.63 is not reachable. Skipping connection attempt.
[2024-12-05T03:14:10.651Z] Device at 10.30.4.63 is not reachable. Skipping connection attempt.
[2024-12-05T03:14:20.636Z] Device at 10.30.4.63 is not reachable. Skipping connection attempt.
[2024-12-05T03:14:30.645Z] Device at 10.30.4.63 is not reachable. Skipping connection attempt.
[2024-12-05T03:14:40.648Z] Device at 10.30.4.63 is not reachable. Skipping connection attempt.
[2024-12-05T03:14:50.645Z] Device at 10.30.4.63 is not reachable. Skipping connection attempt.
[2024-12-05T03:15:00.641Z] Device at 10.30.4.63 is not reachable. Skipping connection attempt.
[2024-12-05T03:15:10.655Z] Device at 10.30.4.63 is not reachable. Skipping connection attempt.
[2024-12-05T03:15:20.644Z] Device at 10.30.4.63 is not reachable. Skipping connection attempt.
[2024-12-05T03:15:30.645Z] Device at 10.30.4.63 is not reachable. Skipping connection attempt.
[2024-12-05T03:15:40.639Z] Device at 10.30.4.63 is not reachable. Skipping connection attempt.
[2024-12-05T03:15:50.639Z] Device at 10.30.4.63 is not reachable. Skipping connection attempt.
[2024-12-05T03:16:00.637Z] Device at 10.30.4.63 is not reachable. Skipping connection attempt.
[2024-12-05T03:16:10.644Z] Device at 10.30.4.63 is not reachable. Skipping connection attempt.
[2024-12-05T03:16:20.640Z] Device at 10.30.4.63 is not reachable. Skipping connection attempt.
[2024-12-05T03:16:30.635Z] Device at 10.30.4.63 is not reachable. Skipping connection attempt.
[2024-12-05T03:16:40.645Z] Device at 10.30.4.63 is not reachable. Skipping connection attempt.
[2024-12-05T03:16:50.635Z] Device at 10.30.4.63 is not reachable. Skipping connection attempt.
[2024-12-05T03:17:00.635Z] Device at 10.30.4.63 is not reachable. Skipping connection attempt.
[2024-12-05T03:17:10.641Z] Device at 10.30.4.63 is not reachable. Skipping connection attempt.
[2024-12-05T03:17:20.650Z] Device at 10.30.4.63 is not reachable. Skipping connection attempt.
[2024-12-05T03:17:30.636Z] Device at 10.30.4.63 is not reachable. Skipping connection attempt.
[2024-12-05T03:17:40.639Z] Device at 10.30.4.63 is not reachable. Skipping connection attempt.
[2024-12-05T03:17:50.638Z] Device at 10.30.4.63 is not reachable. Skipping connection attempt.
[2024-12-05T03:18:00.639Z] Device at 10.30.4.63 is not reachable. Skipping connection attempt.
[2024-12-05T03:18:10.644Z] Device at 10.30.4.63 is not reachable. Skipping connection attempt.
[2024-12-05T03:18:20.650Z] Device at 10.30.4.63 is not reachable. Skipping connection attempt.
[2024-12-05T03:18:30.646Z] Device at 10.30.4.63 is not reachable. Skipping connection attempt.
[2024-12-05T03:18:40.643Z] Device at 10.30.4.63 is not reachable. Skipping connection attempt.
[2024-12-05T03:18:50.650Z] Device at 10.30.4.63 is not reachable. Skipping connection attempt.
[2024-12-05T03:19:00.634Z] Device at 10.30.4.63 is not reachable. Skipping connection attempt.
[2024-12-05T03:19:10.640Z] Device at 10.30.4.63 is not reachable. Skipping connection attempt.
[2024-12-05T03:19:20.636Z] Device at 10.30.4.63 is not reachable. Skipping connection attempt.
[2024-12-05T03:19:30.644Z] Device at 10.30.4.63 is not reachable. Skipping connection attempt.
[2024-12-05T03:19:40.631Z] Device at 10.30.4.63 is not reachable. Skipping connection attempt.
[2024-12-05T03:19:50.649Z] Device at 10.30.4.63 is not reachable. Skipping connection attempt.
[2024-12-05T03:20:00.632Z] Device at 10.30.4.63 is not reachable. Skipping connection attempt.
[2024-12-05T03:20:10.643Z] Device at 10.30.4.63 is not reachable. Skipping connection attempt.
[2024-12-05T03:20:21.135Z] Device at 10.30.4.63 is not reachable. Skipping connection attempt.
[2024-12-05T03:20:31.146Z] Device at 10.30.4.63 is not reachable. Skipping connection attempt.
[2024-12-05T03:20:41.144Z] Device at 10.30.4.63 is not reachable. Skipping connection attempt.
[2024-12-05T03:20:51.143Z] Device at 10.30.4.63 is not reachable. Skipping connection attempt.
[2024-12-05T03:21:01.146Z] Device at 10.30.4.63 is not reachable. Skipping connection attempt.
[2024-12-05T03:21:11.139Z] Device at 10.30.4.63 is not reachable. Skipping connection attempt.
[2024-12-05T03:21:21.146Z] Device at 10.30.4.63 is not reachable. Skipping connection attempt.
[2024-12-05T03:21:31.138Z] Device at 10.30.4.63 is not reachable. Skipping connection attempt.
[2024-12-05T03:21:41.143Z] Device at 10.30.4.63 is not reachable. Skipping connection attempt.
[2024-12-05T03:21:51.142Z] Device at 10.30.4.63 is not reachable. Skipping connection attempt.
[2024-12-05T03:22:01.137Z] Device at 10.30.4.63 is not reachable. Skipping connection attempt.
[2024-12-05T03:22:11.139Z] Device at 10.30.4.63 is not reachable. Skipping connection attempt.
[2024-12-05T03:22:21.138Z] Device at 10.30.4.63 is not reachable. Skipping connection attempt.
[2024-12-05T03:22:31.142Z] Device at 10.30.4.63 is not reachable. Skipping connection attempt.
[2024-12-05T03:22:41.131Z] Device at 10.30.4.63 is not reachable. Skipping connection attempt.
[2024-12-05T03:22:51.130Z] Device at 10.30.4.63 is not reachable. Skipping connection attempt.
[2024-12-05T03:23:01.137Z] Device at 10.30.4.63 is not reachable. Skipping connection attempt.
[2024-12-05T03:23:11.132Z] Device at 10.30.4.63 is not reachable. Skipping connection attempt.
[2024-12-05T03:23:21.135Z] Device at 10.30.4.63 is not reachable. Skipping connection attempt.
[2024-12-05T03:23:31.137Z] Device at 10.30.4.63 is not reachable. Skipping connection attempt.
[2024-12-05T03:23:41.132Z] Device at 10.30.4.63 is not reachable. Skipping connection attempt.
[2024-12-05T03:23:51.142Z] Device at 10.30.4.63 is not reachable. Skipping connection attempt.
[2024-12-05T03:24:01.146Z] Device at 10.30.4.63 is not reachable. Skipping connection attempt.
[2024-12-05T03:24:11.141Z] Device at 10.30.4.63 is not reachable. Skipping connection attempt.
[2024-12-05T03:24:21.135Z] Device at 10.30.4.63 is not reachable. Skipping connection attempt.
[2024-12-05T03:24:31.138Z] Device at 10.30.4.63 is not reachable. Skipping connection attempt.
[2024-12-05T03:24:41.141Z] Device at 10.30.4.63 is not reachable. Skipping connection attempt.
[2024-12-05T03:24:51.136Z] Device at 10.30.4.63 is not reachable. Skipping connection attempt.
[2024-12-05T03:25:01.134Z] Device at 10.30.4.63 is not reachable. Skipping connection attempt.
[2024-12-05T03:25:11.141Z] Device at 10.30.4.63 is not reachable. Skipping connection attempt.
[2024-12-05T03:25:21.146Z] Device at 10.30.4.63 is not reachable. Skipping connection attempt.
[2024-12-05T03:25:31.137Z] Device at 10.30.4.63 is not reachable. Skipping connection attempt.
[2024-12-05T03:25:41.138Z] Device at 10.30.4.63 is not reachable. Skipping connection attempt.
[2024-12-05T03:25:51.142Z] Device at 10.30.4.63 is not reachable. Skipping connection attempt.
[2024-12-05T03:26:01.151Z] Device at 10.30.4.63 is not reachable. Skipping connection attempt.
[2024-12-05T03:26:11.144Z] Device at 10.30.4.63 is not reachable. Skipping connection attempt.
[2024-12-05T03:26:21.139Z] Device at 10.30.4.63 is not reachable. Skipping connection attempt.
[2024-12-05T03:26:31.139Z] Device at 10.30.4.63 is not reachable. Skipping connection attempt.
[2024-12-05T03:26:41.139Z] Device at 10.30.4.63 is not reachable. Skipping connection attempt.
[2024-12-05T03:26:51.144Z] Device at 10.30.4.63 is not reachable. Skipping connection attempt.
[2024-12-05T03:27:01.139Z] Device at 10.30.4.63 is not reachable. Skipping connection attempt.
[2024-12-05T03:27:11.145Z] Device at 10.30.4.63 is not reachable. Skipping connection attempt.
[2024-12-05T03:27:21.147Z] Device at 10.30.4.63 is not reachable. Skipping connection attempt.
[2024-12-05T03:27:31.142Z] Device at 10.30.4.63 is not reachable. Skipping connection attempt.
[2024-12-05T03:27:41.148Z] Device at 10.30.4.63 is not reachable. Skipping connection attempt.
[2024-12-05T03:27:51.146Z] Device at 10.30.4.63 is not reachable. Skipping connection attempt.
[2024-12-05T03:28:01.137Z] Device at 10.30.4.63 is not reachable. Skipping connection attempt.
[2024-12-05T03:28:11.137Z] Device at 10.30.4.63 is not reachable. Skipping connection attempt.
[2024-12-05T03:28:21.134Z] Device at 10.30.4.63 is not reachable. Skipping connection attempt.
[2024-12-05T03:28:31.135Z] Device at 10.30.4.63 is not reachable. Skipping connection attempt.
[2024-12-05T03:28:41.144Z] Device at 10.30.4.63 is not reachable. Skipping connection attempt.
[2024-12-05T03:28:51.148Z] Device at 10.30.4.63 is not reachable. Skipping connection attempt.
[2024-12-05T03:29:01.145Z] Device at 10.30.4.63 is not reachable. Skipping connection attempt.
[2024-12-05T03:29:11.142Z] Device at 10.30.4.63 is not reachable. Skipping connection attempt.
[2024-12-05T03:29:21.143Z] Device at 10.30.4.63 is not reachable. Skipping connection attempt.
[2024-12-05T03:29:31.145Z] Device at 10.30.4.63 is not reachable. Skipping connection attempt.
[2024-12-05T03:29:41.149Z] Device at 10.30.4.63 is not reachable. Skipping connection attempt.
[2024-12-05T03:29:51.153Z] Device at 10.30.4.63 is not reachable. Skipping connection attempt.
[2024-12-05T03:30:01.139Z] Device at 10.30.4.63 is not reachable. Skipping connection attempt.
[2024-12-05T03:30:11.143Z] Device at 10.30.4.63 is not reachable. Skipping connection attempt.
[2024-12-05T03:30:21.145Z] Device at 10.30.4.63 is not reachable. Skipping connection attempt.
[2024-12-05T03:30:31.151Z] Device at 10.30.4.63 is not reachable. Skipping connection attempt.
[2024-12-05T03:30:41.148Z] Device at 10.30.4.63 is not reachable. Skipping connection attempt.
[2024-12-05T03:30:51.141Z] Device at 10.30.4.63 is not reachable. Skipping connection attempt.
[2024-12-05T03:31:01.151Z] Device at 10.30.4.63 is not reachable. Skipping connection attempt.
[2024-12-05T03:31:11.144Z] Device at 10.30.4.63 is not reachable. Skipping connection attempt.
[2024-12-05T03:31:21.135Z] Device at 10.30.4.63 is not reachable. Skipping connection attempt.
[2024-12-05T03:31:31.154Z] Device at 10.30.4.63 is not reachable. Skipping connection attempt.
[2024-12-05T03:31:41.141Z] Device at 10.30.4.63 is not reachable. Skipping connection attempt.
[2024-12-05T03:31:51.152Z] Device at 10.30.4.63 is not reachable. Skipping connection attempt.
[2024-12-05T03:32:01.645Z] Device at 10.30.4.63 is not reachable. Skipping connection attempt.
[2024-12-05T03:32:11.639Z] Device at 10.30.4.63 is not reachable. Skipping connection attempt.
[2024-12-05T03:32:21.641Z] Device at 10.30.4.63 is not reachable. Skipping connection attempt.
[2024-12-05T03:32:31.651Z] Device at 10.30.4.63 is not reachable. Skipping connection attempt.
[2024-12-05T03:32:41.648Z] Device at 10.30.4.63 is not reachable. Skipping connection attempt.
[2024-12-05T03:32:51.642Z] Device at 10.30.4.63 is not reachable. Skipping connection attempt.
[2024-12-05T03:33:01.648Z] Device at 10.30.4.63 is not reachable. Skipping connection attempt.
[2024-12-05T03:33:11.637Z] Device at 10.30.4.63 is not reachable. Skipping connection attempt.
[2024-12-05T03:33:21.647Z] Device at 10.30.4.63 is not reachable. Skipping connection attempt.
[2024-12-05T03:33:31.648Z] Device at 10.30.4.63 is not reachable. Skipping connection attempt.
[2024-12-05T03:33:41.650Z] Device at 10.30.4.63 is not reachable. Skipping connection attempt.
[2024-12-05T03:33:51.646Z] Device at 10.30.4.63 is not reachable. Skipping connection attempt.
[2024-12-05T03:34:01.648Z] Device at 10.30.4.63 is not reachable. Skipping connection attempt.
[2024-12-05T03:34:11.642Z] Device at 10.30.4.63 is not reachable. Skipping connection attempt.
[2024-12-05T03:34:21.644Z] Device at 10.30.4.63 is not reachable. Skipping connection attempt.
[2024-12-05T03:34:31.646Z] Device at 10.30.4.63 is not reachable. Skipping connection attempt.
[2024-12-05T03:34:41.638Z] Device at 10.30.4.63 is not reachable. Skipping connection attempt.
[2024-12-05T03:34:51.639Z] Device at 10.30.4.63 is not reachable. Skipping connection attempt.
[2024-12-05T03:35:01.642Z] Device at 10.30.4.63 is not reachable. Skipping connection attempt.
[2024-12-05T03:35:11.644Z] Device at 10.30.4.63 is not reachable. Skipping connection attempt.
[2024-12-05T03:35:21.643Z] Device at 10.30.4.63 is not reachable. Skipping connection attempt.
[2024-12-05T03:35:31.642Z] Device at 10.30.4.63 is not reachable. Skipping connection attempt.
[2024-12-05T03:35:41.646Z] Device at 10.30.4.63 is not reachable. Skipping connection attempt.
[2024-12-05T03:35:51.653Z] Device at 10.30.4.63 is not reachable. Skipping connection attempt.
[2024-12-05T03:36:01.641Z] Device at 10.30.4.63 is not reachable. Skipping connection attempt.
[2024-12-05T03:36:11.648Z] Device at 10.30.4.63 is not reachable. Skipping connection attempt.
[2024-12-05T03:36:21.652Z] Device at 10.30.4.63 is not reachable. Skipping connection attempt.
[2024-12-05T03:36:31.645Z] Device at 10.30.4.63 is not reachable. Skipping connection attempt.
[2024-12-05T03:36:41.646Z] Device at 10.30.4.63 is not reachable. Skipping connection attempt.
[2024-12-05T03:36:51.646Z] Device at 10.30.4.63 is not reachable. Skipping connection attempt.
[2024-12-05T03:37:01.644Z] Device at 10.30.4.63 is not reachable. Skipping connection attempt.
[2024-12-05T03:37:11.643Z] Device at 10.30.4.63 is not reachable. Skipping connection attempt.
[2024-12-05T03:37:21.640Z] Device at 10.30.4.63 is not reachable. Skipping connection attempt.
[2024-12-05T03:37:31.647Z] Device at 10.30.4.63 is not reachable. Skipping connection attempt.
[2024-12-05T03:37:41.649Z] Device at 10.30.4.63 is not reachable. Skipping connection attempt.
[2024-12-05T03:37:51.650Z] Device at 10.30.4.63 is not reachable. Skipping connection attempt.
[2024-12-05T03:38:01.639Z] Device at 10.30.4.63 is not reachable. Skipping connection attempt.
[2024-12-05T03:38:11.653Z] Device at 10.30.4.63 is not reachable. Skipping connection attempt.
[2024-12-05T03:38:21.642Z] Device at 10.30.4.63 is not reachable. Skipping connection attempt.
[2024-12-05T03:38:31.639Z] Device at 10.30.4.63 is not reachable. Skipping connection attempt.
[2024-12-05T03:38:41.652Z] Device at 10.30.4.63 is not reachable. Skipping connection attempt.
[2024-12-05T03:38:51.646Z] Device at 10.30.4.63 is not reachable. Skipping connection attempt.
[2024-12-05T03:39:01.641Z] Device at 10.30.4.63 is not reachable. Skipping connection attempt.
[2024-12-05T03:39:11.652Z] Device at 10.30.4.63 is not reachable. Skipping connection attempt.
[2024-12-05T03:39:21.640Z] Device at 10.30.4.63 is not reachable. Skipping connection attempt.
[2024-12-05T03:39:31.648Z] Device at 10.30.4.63 is not reachable. Skipping connection attempt.
[2024-12-05T03:39:41.636Z] Device at 10.30.4.63 is not reachable. Skipping connection attempt.
[2024-12-05T03:39:51.641Z] Device at 10.30.4.63 is not reachable. Skipping connection attempt.
[2024-12-05T03:40:01.639Z] Device at 10.30.4.63 is not reachable. Skipping connection attempt.
[2024-12-05T03:40:11.648Z] Device at 10.30.4.63 is not reachable. Skipping connection attempt.
[2024-12-05T03:40:21.652Z] Device at 10.30.4.63 is not reachable. Skipping connection attempt.
[2024-12-05T03:40:31.636Z] Device at 10.30.4.63 is not reachable. Skipping connection attempt.
[2024-12-05T03:40:41.648Z] Device at 10.30.4.63 is not reachable. Skipping connection attempt.
[2024-12-05T03:40:51.654Z] Device at 10.30.4.63 is not reachable. Skipping connection attempt.
[2024-12-05T03:41:01.643Z] Device at 10.30.4.63 is not reachable. Skipping connection attempt.
[2024-12-05T03:41:11.645Z] Device at 10.30.4.63 is not reachable. Skipping connection attempt.
[2024-12-05T03:41:21.643Z] Device at 10.30.4.63 is not reachable. Skipping connection attempt.
[2024-12-05T03:41:31.645Z] Device at 10.30.4.63 is not reachable. Skipping connection attempt.
[2024-12-05T03:41:41.646Z] Device at 10.30.4.63 is not reachable. Skipping connection attempt.
[2024-12-05T03:41:51.651Z] Device at 10.30.4.63 is not reachable. Skipping connection attempt.
[2024-12-05T03:42:01.646Z] Device at 10.30.4.63 is not reachable. Skipping connection attempt.
[2024-12-05T03:42:11.643Z] Device at 10.30.4.63 is not reachable. Skipping connection attempt.
[2024-12-05T03:42:21.638Z] Device at 10.30.4.63 is not reachable. Skipping connection attempt.
[2024-12-05T03:42:31.649Z] Device at 10.30.4.63 is not reachable. Skipping connection attempt.
[2024-12-05T03:42:41.639Z] Device at 10.30.4.63 is not reachable. Skipping connection attempt.
[2024-12-05T03:42:52.146Z] Device at 10.30.4.63 is not reachable. Skipping connection attempt.
[2024-12-05T03:43:02.140Z] Device at 10.30.4.63 is not reachable. Skipping connection attempt.
[2024-12-05T03:43:12.150Z] Device at 10.30.4.63 is not reachable. Skipping connection attempt.
[2024-12-05T03:43:22.151Z] Device at 10.30.4.63 is not reachable. Skipping connection attempt.
[2024-12-05T03:43:32.152Z] Device at 10.30.4.63 is not reachable. Skipping connection attempt.
[2024-12-05T03:43:42.149Z] Device at 10.30.4.63 is not reachable. Skipping connection attempt.
[2024-12-05T03:43:52.145Z] Device at 10.30.4.63 is not reachable. Skipping connection attempt.
[2024-12-05T03:44:02.148Z] Device at 10.30.4.63 is not reachable. Skipping connection attempt.
[2024-12-05T03:44:12.136Z] Device at 10.30.4.63 is not reachable. Skipping connection attempt.
[2024-12-05T03:44:22.143Z] Device at 10.30.4.63 is not reachable. Skipping connection attempt.
[2024-12-05T03:44:32.136Z] Device at 10.30.4.63 is not reachable. Skipping connection attempt.
[2024-12-05T03:44:42.147Z] Device at 10.30.4.63 is not reachable. Skipping connection attempt.
[2024-12-05T03:44:52.149Z] Device at 10.30.4.63 is not reachable. Skipping connection attempt.
[2024-12-05T03:45:02.137Z] Device at 10.30.4.63 is not reachable. Skipping connection attempt.
[2024-12-05T03:45:12.137Z] Device at 10.30.4.63 is not reachable. Skipping connection attempt.
[2024-12-05T03:45:22.146Z] Device at 10.30.4.63 is not reachable. Skipping connection attempt.
[2024-12-05T03:45:32.149Z] Device at 10.30.4.63 is not reachable. Skipping connection attempt.
[2024-12-05T03:45:42.148Z] Device at 10.30.4.63 is not reachable. Skipping connection attempt.
[2024-12-05T03:45:52.139Z] Device at 10.30.4.63 is not reachable. Skipping connection attempt.
[2024-12-05T03:46:02.136Z] Device at 10.30.4.63 is not reachable. Skipping connection attempt.
[2024-12-05T03:46:12.149Z] Device at 10.30.4.63 is not reachable. Skipping connection attempt.
[2024-12-05T03:46:22.143Z] Device at 10.30.4.63 is not reachable. Skipping connection attempt.
[2024-12-05T03:46:32.150Z] Device at 10.30.4.63 is not reachable. Skipping connection attempt.
[2024-12-05T03:46:42.148Z] Device at 10.30.4.63 is not reachable. Skipping connection attempt.
[2024-12-05T03:46:52.146Z] Device at 10.30.4.63 is not reachable. Skipping connection attempt.
[2024-12-05T03:47:02.144Z] Device at 10.30.4.63 is not reachable. Skipping connection attempt.
[2024-12-05T03:47:12.158Z] Device at 10.30.4.63 is not reachable. Skipping connection attempt.
[2024-12-05T03:47:22.152Z] Device at 10.30.4.63 is not reachable. Skipping connection attempt.
[2024-12-05T03:47:32.137Z] Device at 10.30.4.63 is not reachable. Skipping connection attempt.
[2024-12-05T03:47:42.139Z] Device at 10.30.4.63 is not reachable. Skipping connection attempt.
[2024-12-05T03:47:52.147Z] Device at 10.30.4.63 is not reachable. Skipping connection attempt.
[2024-12-05T03:48:02.146Z] Device at 10.30.4.63 is not reachable. Skipping connection attempt.
[2024-12-05T03:48:12.135Z] Device at 10.30.4.63 is not reachable. Skipping connection attempt.
[2024-12-05T03:48:22.145Z] Device at 10.30.4.63 is not reachable. Skipping connection attempt.
[2024-12-05T03:48:32.139Z] Device at 10.30.4.63 is not reachable. Skipping connection attempt.
[2024-12-05T03:48:42.141Z] Device at 10.30.4.63 is not reachable. Skipping connection attempt.
[2024-12-05T03:48:52.140Z] Device at 10.30.4.63 is not reachable. Skipping connection attempt.
[2024-12-05T03:49:02.141Z] Device at 10.30.4.63 is not reachable. Skipping connection attempt.
[2024-12-05T03:49:12.151Z] Device at 10.30.4.63 is not reachable. Skipping connection attempt.
[2024-12-05T03:49:22.136Z] Device at 10.30.4.63 is not reachable. Skipping connection attempt.
[2024-12-05T03:49:32.138Z] Device at 10.30.4.63 is not reachable. Skipping connection attempt.
[2024-12-05T03:49:42.142Z] Device at 10.30.4.63 is not reachable. Skipping connection attempt.
[2024-12-05T03:49:52.139Z] Device at 10.30.4.63 is not reachable. Skipping connection attempt.
[2024-12-05T03:50:02.145Z] Device at 10.30.4.63 is not reachable. Skipping connection attempt.
[2024-12-05T03:50:12.153Z] Device at 10.30.4.63 is not reachable. Skipping connection attempt.
[2024-12-05T03:50:22.133Z] Device at 10.30.4.63 is not reachable. Skipping connection attempt.
[2024-12-05T03:50:32.135Z] Device at 10.30.4.63 is not reachable. Skipping connection attempt.
[2024-12-05T03:50:42.150Z] Device at 10.30.4.63 is not reachable. Skipping connection attempt.
[2024-12-05T03:50:52.145Z] Device at 10.30.4.63 is not reachable. Skipping connection attempt.
[2024-12-05T03:51:02.145Z] Device at 10.30.4.63 is not reachable. Skipping connection attempt.
[2024-12-05T03:51:12.134Z] Device at 10.30.4.63 is not reachable. Skipping connection attempt.
[2024-12-05T03:51:22.140Z] Device at 10.30.4.63 is not reachable. Skipping connection attempt.
[2024-12-05T03:51:32.142Z] Device at 10.30.4.63 is not reachable. Skipping connection attempt.
[2024-12-05T03:51:42.144Z] Device at 10.30.4.63 is not reachable. Skipping connection attempt.
[2024-12-05T03:51:52.144Z] Device at 10.30.4.63 is not reachable. Skipping connection attempt.
[2024-12-05T03:52:02.141Z] Device at 10.30.4.63 is not reachable. Skipping connection attempt.
[2024-12-05T03:52:12.138Z] Device at 10.30.4.63 is not reachable. Skipping connection attempt.
[2024-12-05T03:52:22.139Z] Device at 10.30.4.63 is not reachable. Skipping connection attempt.
[2024-12-05T03:52:32.150Z] Device at 10.30.4.63 is not reachable. Skipping connection attempt.
[2024-12-05T03:52:42.147Z] Device at 10.30.4.63 is not reachable. Skipping connection attempt.
[2024-12-05T03:52:52.143Z] Device at 10.30.4.63 is not reachable. Skipping connection attempt.
[2024-12-05T03:53:02.142Z] Device at 10.30.4.63 is not reachable. Skipping connection attempt.
[2024-12-05T03:53:12.139Z] Device at 10.30.4.63 is not reachable. Skipping connection attempt.
[2024-12-05T03:53:22.648Z] Device at 10.30.4.63 is not reachable. Skipping connection attempt.
[2024-12-05T03:53:32.640Z] Device at 10.30.4.63 is not reachable. Skipping connection attempt.
[2024-12-05T03:53:42.644Z] Device at 10.30.4.63 is not reachable. Skipping connection attempt.
[2024-12-05T03:53:52.634Z] Device at 10.30.4.63 is not reachable. Skipping connection attempt.
[2024-12-05T03:54:02.638Z] Device at 10.30.4.63 is not reachable. Skipping connection attempt.
[2024-12-05T03:54:12.645Z] Device at 10.30.4.63 is not reachable. Skipping connection attempt.
[2024-12-05T03:54:22.638Z] Device at 10.30.4.63 is not reachable. Skipping connection attempt.
[2024-12-05T03:54:32.637Z] Device at 10.30.4.63 is not reachable. Skipping connection attempt.
[2024-12-05T03:54:42.646Z] Device at 10.30.4.63 is not reachable. Skipping connection attempt.
[2024-12-05T03:54:52.639Z] Device at 10.30.4.63 is not reachable. Skipping connection attempt.
[2024-12-05T03:55:02.642Z] Device at 10.30.4.63 is not reachable. Skipping connection attempt.
[2024-12-05T03:55:12.642Z] Device at 10.30.4.63 is not reachable. Skipping connection attempt.
[2024-12-05T03:55:22.647Z] Device at 10.30.4.63 is not reachable. Skipping connection attempt.
[2024-12-05T03:55:32.639Z] Device at 10.30.4.63 is not reachable. Skipping connection attempt.
[2024-12-05T03:55:42.639Z] Device at 10.30.4.63 is not reachable. Skipping connection attempt.
[2024-12-05T03:55:52.639Z] Device at 10.30.4.63 is not reachable. Skipping connection attempt.
[2024-12-05T03:56:02.645Z] Device at 10.30.4.63 is not reachable. Skipping connection attempt.
[2024-12-05T03:56:12.639Z] Device at 10.30.4.63 is not reachable. Skipping connection attempt.
[2024-12-05T03:56:22.647Z] Device at 10.30.4.63 is not reachable. Skipping connection attempt.
[2024-12-05T03:56:32.645Z] Device at 10.30.4.63 is not reachable. Skipping connection attempt.
[2024-12-05T03:56:42.631Z] Device at 10.30.4.63 is not reachable. Skipping connection attempt.
[2024-12-05T03:56:52.646Z] Device at 10.30.4.63 is not reachable. Skipping connection attempt.
[2024-12-05T03:57:02.647Z] Device at 10.30.4.63 is not reachable. Skipping connection attempt.
[2024-12-05T03:57:12.635Z] Device at 10.30.4.63 is not reachable. Skipping connection attempt.
[2024-12-05T03:57:22.638Z] Device at 10.30.4.63 is not reachable. Skipping connection attempt.
[2024-12-05T03:57:32.637Z] Device at 10.30.4.63 is not reachable. Skipping connection attempt.
[2024-12-05T03:57:42.635Z] Device at 10.30.4.63 is not reachable. Skipping connection attempt.
[2024-12-05T03:57:52.634Z] Device at 10.30.4.63 is not reachable. Skipping connection attempt.
[2024-12-05T03:58:02.638Z] Device at 10.30.4.63 is not reachable. Skipping connection attempt.
[2024-12-05T03:58:12.644Z] Device at 10.30.4.63 is not reachable. Skipping connection attempt.
[2024-12-05T03:58:22.638Z] Device at 10.30.4.63 is not reachable. Skipping connection attempt.
[2024-12-05T03:58:32.637Z] Device at 10.30.4.63 is not reachable. Skipping connection attempt.
[2024-12-05T03:58:42.635Z] Device at 10.30.4.63 is not reachable. Skipping connection attempt.
[2024-12-05T03:58:52.636Z] Device at 10.30.4.63 is not reachable. Skipping connection attempt.
[2024-12-05T03:59:02.637Z] Device at 10.30.4.63 is not reachable. Skipping connection attempt.
[2024-12-05T03:59:12.647Z] Device at 10.30.4.63 is not reachable. Skipping connection attempt.
[2024-12-05T03:59:22.638Z] Device at 10.30.4.63 is not reachable. Skipping connection attempt.
[2024-12-05T03:59:32.641Z] Device at 10.30.4.63 is not reachable. Skipping connection attempt.
[2024-12-05T03:59:42.633Z] Device at 10.30.4.63 is not reachable. Skipping connection attempt.
[2024-12-05T03:59:52.633Z] Device at 10.30.4.63 is not reachable. Skipping connection attempt.
[2024-12-05T04:00:02.645Z] Device at 10.30.4.63 is not reachable. Skipping connection attempt.
[2024-12-05T04:00:12.632Z] Device at 10.30.4.63 is not reachable. Skipping connection attempt.
[2024-12-05T04:00:22.635Z] Device at 10.30.4.63 is not reachable. Skipping connection attempt.
[2024-12-05T04:00:32.640Z] Device at 10.30.4.63 is not reachable. Skipping connection attempt.
[2024-12-05T04:00:42.635Z] Device at 10.30.4.63 is not reachable. Skipping connection attempt.
[2024-12-05T04:00:52.635Z] Device at 10.30.4.63 is not reachable. Skipping connection attempt.
[2024-12-05T04:01:02.641Z] Device at 10.30.4.63 is not reachable. Skipping connection attempt.
[2024-12-05T04:01:12.639Z] Device at 10.30.4.63 is not reachable. Skipping connection attempt.
[2024-12-05T04:01:22.639Z] Device at 10.30.4.63 is not reachable. Skipping connection attempt.
[2024-12-05T04:01:32.640Z] Device at 10.30.4.63 is not reachable. Skipping connection attempt.
[2024-12-05T04:01:42.635Z] Device at 10.30.4.63 is not reachable. Skipping connection attempt.
[2024-12-05T04:01:52.633Z] Device at 10.30.4.63 is not reachable. Skipping connection attempt.
[2024-12-05T04:02:02.638Z] Device at 10.30.4.63 is not reachable. Skipping connection attempt.
[2024-12-05T04:02:12.633Z] Device at 10.30.4.63 is not reachable. Skipping connection attempt.
[2024-12-05T04:02:22.640Z] Device at 10.30.4.63 is not reachable. Skipping connection attempt.
[2024-12-05T04:02:32.642Z] Device at 10.30.4.63 is not reachable. Skipping connection attempt.
[2024-12-05T04:02:42.631Z] Device at 10.30.4.63 is not reachable. Skipping connection attempt.
[2024-12-05T04:02:52.640Z] Device at 10.30.4.63 is not reachable. Skipping connection attempt.
[2024-12-05T04:03:02.644Z] Device at 10.30.4.63 is not reachable. Skipping connection attempt.
[2024-12-05T04:03:12.636Z] Device at 10.30.4.63 is not reachable. Skipping connection attempt.
[2024-12-05T04:03:22.644Z] Device at 10.30.4.63 is not reachable. Skipping connection attempt.
[2024-12-05T04:03:32.632Z] Device at 10.30.4.63 is not reachable. Skipping connection attempt.
[2024-12-05T04:03:42.631Z] Device at 10.30.4.63 is not reachable. Skipping connection attempt.
[2024-12-05T04:03:53.141Z] Device at 10.30.4.63 is not reachable. Skipping connection attempt.
[2024-12-05T04:04:03.141Z] Device at 10.30.4.63 is not reachable. Skipping connection attempt.
[2024-12-05T04:04:13.133Z] Device at 10.30.4.63 is not reachable. Skipping connection attempt.
[2024-12-05T04:04:23.135Z] Device at 10.30.4.63 is not reachable. Skipping connection attempt.
[2024-12-05T04:04:33.143Z] Device at 10.30.4.63 is not reachable. Skipping connection attempt.
[2024-12-05T04:04:43.143Z] Device at 10.30.4.63 is not reachable. Skipping connection attempt.
[2024-12-05T04:04:53.137Z] Device at 10.30.4.63 is not reachable. Skipping connection attempt.
[2024-12-05T04:05:03.148Z] Device at 10.30.4.63 is not reachable. Skipping connection attempt.
[2024-12-05T04:05:13.140Z] Device at 10.30.4.63 is not reachable. Skipping connection attempt.
[2024-12-05T04:05:23.141Z] Device at 10.30.4.63 is not reachable. Skipping connection attempt.
[2024-12-05T04:05:33.149Z] Device at 10.30.4.63 is not reachable. Skipping connection attempt.
[2024-12-05T04:05:43.142Z] Device at 10.30.4.63 is not reachable. Skipping connection attempt.
[2024-12-05T04:05:53.138Z] Device at 10.30.4.63 is not reachable. Skipping connection attempt.
[2024-12-05T04:06:03.136Z] Device at 10.30.4.63 is not reachable. Skipping connection attempt.
[2024-12-05T04:06:13.141Z] Device at 10.30.4.63 is not reachable. Skipping connection attempt.
[2024-12-05T04:06:23.134Z] Device at 10.30.4.63 is not reachable. Skipping connection attempt.
[2024-12-05T04:06:33.143Z] Device at 10.30.4.63 is not reachable. Skipping connection attempt.
[2024-12-05T04:06:43.135Z] Device at 10.30.4.63 is not reachable. Skipping connection attempt.
[2024-12-05T04:06:53.137Z] Device at 10.30.4.63 is not reachable. Skipping connection attempt.
[2024-12-05T04:07:03.138Z] Device at 10.30.4.63 is not reachable. Skipping connection attempt.
[2024-12-05T04:07:13.135Z] Device at 10.30.4.63 is not reachable. Skipping connection attempt.
[2024-12-05T04:07:23.146Z] Device at 10.30.4.63 is not reachable. Skipping connection attempt.
[2024-12-05T04:07:33.140Z] Device at 10.30.4.63 is not reachable. Skipping connection attempt.
[2024-12-05T04:07:43.138Z] Device at 10.30.4.63 is not reachable. Skipping connection attempt.
[2024-12-05T04:07:53.136Z] Device at 10.30.4.63 is not reachable. Skipping connection attempt.
[2024-12-05T04:08:03.138Z] Device at 10.30.4.63 is not reachable. Skipping connection attempt.
[2024-12-05T04:08:09.144Z] Device at 10.30.4.63 is not reachable. Skipping connection attempt.
[2024-12-05T04:08:19.141Z] Device at 10.30.4.63 is not reachable. Skipping connection attempt.
[2024-12-05T04:08:29.133Z] Device at 10.30.4.63 is not reachable. Skipping connection attempt.
[2024-12-05T04:08:39.147Z] Device at 10.30.4.63 is not reachable. Skipping connection attempt.
[2024-12-05T04:08:49.138Z] Device at 10.30.4.63 is not reachable. Skipping connection attempt.
[2024-12-05T04:08:59.151Z] Device at 10.30.4.63 is not reachable. Skipping connection attempt.
[2024-12-05T04:09:09.140Z] Device at 10.30.4.63 is not reachable. Skipping connection attempt.
[2024-12-05T04:09:19.146Z] Device at 10.30.4.63 is not reachable. Skipping connection attempt.
[2024-12-05T04:09:29.138Z] Device at 10.30.4.63 is not reachable. Skipping connection attempt.
[2024-12-05T04:09:39.135Z] Device at 10.30.4.63 is not reachable. Skipping connection attempt.
[2024-12-05T04:09:49.141Z] Device at 10.30.4.63 is not reachable. Skipping connection attempt.
[2024-12-05T04:09:59.140Z] Device at 10.30.4.63 is not reachable. Skipping connection attempt.
[2024-12-05T04:10:09.132Z] Device at 10.30.4.63 is not reachable. Skipping connection attempt.
[2024-12-05T04:10:19.146Z] Device at 10.30.4.63 is not reachable. Skipping connection attempt.
[2024-12-05T04:10:29.131Z] Device at 10.30.4.63 is not reachable. Skipping connection attempt.
[2024-12-05T04:10:39.139Z] Device at 10.30.4.63 is not reachable. Skipping connection attempt.
[2024-12-05T04:10:49.138Z] Device at 10.30.4.63 is not reachable. Skipping connection attempt.
[2024-12-05T04:10:59.135Z] Device at 10.30.4.63 is not reachable. Skipping connection attempt.
[2024-12-05T04:11:09.140Z] Device at 10.30.4.63 is not reachable. Skipping connection attempt.
[2024-12-05T04:11:19.132Z] Device at 10.30.4.63 is not reachable. Skipping connection attempt.
[2024-12-05T04:11:29.135Z] Device at 10.30.4.63 is not reachable. Skipping connection attempt.
[2024-12-05T04:11:39.134Z] Device at 10.30.4.63 is not reachable. Skipping connection attempt.
[2024-12-05T04:11:49.135Z] Device at 10.30.4.63 is not reachable. Skipping connection attempt.
[2024-12-05T04:11:59.150Z] Device at 10.30.4.63 is not reachable. Skipping connection attempt.
[2024-12-05T04:12:09.141Z] Device at 10.30.4.63 is not reachable. Skipping connection attempt.
[2024-12-05T04:12:19.135Z] Device at 10.30.4.63 is not reachable. Skipping connection attempt.
[2024-12-05T04:12:29.141Z] Device at 10.30.4.63 is not reachable. Skipping connection attempt.
[2024-12-05T04:12:39.127Z] Device at 10.30.4.63 is not reachable. Skipping connection attempt.
[2024-12-05T04:12:49.140Z] Device at 10.30.4.63 is not reachable. Skipping connection attempt.
[2024-12-05T04:12:59.142Z] Device at 10.30.4.63 is not reachable. Skipping connection attempt.
[2024-12-05T04:13:09.130Z] Device at 10.30.4.63 is not reachable. Skipping connection attempt.
[2024-12-05T04:13:19.625Z] Device at 10.30.4.63 is not reachable. Skipping connection attempt.
[2024-12-05T04:13:29.626Z] Device at 10.30.4.63 is not reachable. Skipping connection attempt.
[2024-12-05T04:13:39.637Z] Device at 10.30.4.63 is not reachable. Skipping connection attempt.
[2024-12-05T04:13:49.634Z] Device at 10.30.4.63 is not reachable. Skipping connection attempt.
[2024-12-05T04:13:59.626Z] Device at 10.30.4.63 is not reachable. Skipping connection attempt.
[2024-12-05T04:14:09.631Z] Device at 10.30.4.63 is not reachable. Skipping connection attempt.
[2024-12-05T04:14:19.624Z] Device at 10.30.4.63 is not reachable. Skipping connection attempt.
[2024-12-05T04:14:29.637Z] Device at 10.30.4.63 is not reachable. Skipping connection attempt.
[2024-12-05T04:14:39.631Z] Device at 10.30.4.63 is not reachable. Skipping connection attempt.
[2024-12-05T04:14:49.629Z] Device at 10.30.4.63 is not reachable. Skipping connection attempt.
[2024-12-05T04:14:59.632Z] Device at 10.30.4.63 is not reachable. Skipping connection attempt.
[2024-12-05T04:15:09.624Z] Device at 10.30.4.63 is not reachable. Skipping connection attempt.
[2024-12-05T04:15:19.627Z] Device at 10.30.4.63 is not reachable. Skipping connection attempt.
[2024-12-05T04:15:29.634Z] Device at 10.30.4.63 is not reachable. Skipping connection attempt.
[2024-12-05T04:15:39.635Z] Device at 10.30.4.63 is not reachable. Skipping connection attempt.
[2024-12-05T04:15:59.628Z] Device at 10.30.4.63 is not reachable. Skipping connection attempt.
[2024-12-05T04:16:09.634Z] Device at 10.30.4.63 is not reachable. Skipping connection attempt.
[2024-12-05T04:16:19.636Z] Device at 10.30.4.63 is not reachable. Skipping connection attempt.
[2024-12-05T04:16:29.628Z] Device at 10.30.4.63 is not reachable. Skipping connection attempt.
[2024-12-05T04:16:39.636Z] Device at 10.30.4.63 is not reachable. Skipping connection attempt.
[2024-12-05T04:16:49.628Z] Device at 10.30.4.63 is not reachable. Skipping connection attempt.
[2024-12-05T04:16:59.635Z] Device at 10.30.4.63 is not reachable. Skipping connection attempt.
[2024-12-05T04:17:09.621Z] Device at 10.30.4.63 is not reachable. Skipping connection attempt.
[2024-12-05T04:17:19.630Z] Device at 10.30.4.63 is not reachable. Skipping connection attempt.
[2024-12-05T04:17:29.638Z] Device at 10.30.4.63 is not reachable. Skipping connection attempt.
[2024-12-05T04:17:39.628Z] Device at 10.30.4.63 is not reachable. Skipping connection attempt.
[2024-12-05T04:17:49.635Z] Device at 10.30.4.63 is not reachable. Skipping connection attempt.
[2024-12-05T04:17:59.632Z] Device at 10.30.4.63 is not reachable. Skipping connection attempt.
[2024-12-05T04:18:09.635Z] Device at 10.30.4.63 is not reachable. Skipping connection attempt.
[2024-12-05T04:18:19.626Z] Device at 10.30.4.63 is not reachable. Skipping connection attempt.
[2024-12-05T04:18:29.624Z] Device at 10.30.4.63 is not reachable. Skipping connection attempt.
[2024-12-05T04:18:39.631Z] Device at 10.30.4.63 is not reachable. Skipping connection attempt.
[2024-12-05T04:18:49.636Z] Device at 10.30.4.63 is not reachable. Skipping connection attempt.
[2024-12-05T04:18:59.622Z] Device at 10.30.4.63 is not reachable. Skipping connection attempt.
[2024-12-05T04:19:09.628Z] Device at 10.30.4.63 is not reachable. Skipping connection attempt.
[2024-12-05T04:19:19.635Z] Device at 10.30.4.63 is not reachable. Skipping connection attempt.
[2024-12-05T04:19:29.625Z] Device at 10.30.4.63 is not reachable. Skipping connection attempt.
[2024-12-05T04:19:39.631Z] Device at 10.30.4.63 is not reachable. Skipping connection attempt.
[2024-12-05T04:19:49.618Z] Device at 10.30.4.63 is not reachable. Skipping connection attempt.
[2024-12-05T04:19:59.618Z] Device at 10.30.4.63 is not reachable. Skipping connection attempt.
[2024-12-05T04:20:08.637Z] Device at 10.30.4.63 is not reachable. Skipping connection attempt.
[2024-12-05T04:20:18.626Z] Device at 10.30.4.63 is not reachable. Skipping connection attempt.
[2024-12-05T04:20:28.625Z] Device at 10.30.4.63 is not reachable. Skipping connection attempt.
[2024-12-05T04:20:38.624Z] Device at 10.30.4.63 is not reachable. Skipping connection attempt.
[2024-12-05T04:20:48.627Z] Device at 10.30.4.63 is not reachable. Skipping connection attempt.
[2024-12-05T04:20:58.624Z] Device at 10.30.4.63 is not reachable. Skipping connection attempt.
[2024-12-05T08:59:35.088Z] Error reading or processing Modbus registers: Req timed out
[2024-12-05T08:59:39.422Z] Error reading register 6507 for IP 10.30.4.128: rejecting because of earlier OutOfSync error
[2024-12-05T08:59:39.422Z] Error writing to Modbus register: rejecting because of earlier OutOfSync error
[2024-12-05T08:59:39.422Z] Error reading register 6507 for IP 10.30.4.128: rejecting because of earlier OutOfSync error
[2024-12-05T08:59:39.422Z] Error reading actual data: rejecting because of earlier OutOfSync error
[2024-12-05T08:59:39.422Z] Error reading actual data: rejecting because of earlier OutOfSync error
[2024-12-05T08:59:39.422Z] Error writing to Modbus register: rejecting because of earlier OutOfSync error
[2024-12-05T08:59:39.422Z] Error reading register 6507 for IP 10.30.4.128: rejecting because of earlier OutOfSync error
[2024-12-05T08:59:39.422Z] Error reading actual data: rejecting because of earlier OutOfSync error
[2024-12-05T08:59:39.422Z] Error writing to Modbus register: rejecting because of earlier OutOfSync error
[2024-12-05T08:59:39.422Z] Error reading register 6507 for IP 10.30.4.128: rejecting because of earlier OutOfSync error
[2024-12-05T08:59:39.423Z] Error reading actual data: rejecting because of earlier OutOfSync error
[2024-12-05T08:59:39.423Z] Error writing to Modbus register: rejecting because of earlier OutOfSync error
[2024-12-05T08:59:39.423Z] Error reading register 6507 for IP 10.30.4.128: rejecting because of earlier OutOfSync error
[2024-12-05T08:59:39.423Z] Error reading actual data: rejecting because of earlier OutOfSync error
[2024-12-05T08:59:39.423Z] Error writing to Modbus register: rejecting because of earlier OutOfSync error
[2024-12-05T08:59:39.423Z] Error reading register 6507 for IP 10.30.4.128: rejecting because of earlier OutOfSync error
[2024-12-05T08:59:39.423Z] Error reading actual data: rejecting because of earlier OutOfSync error
[2024-12-05T08:59:39.423Z] Error writing to Modbus register: rejecting because of earlier OutOfSync error
[2024-12-05T08:59:39.423Z] Error reading register 6507 for IP 10.30.4.128: rejecting because of earlier OutOfSync error
[2024-12-05T08:59:39.423Z] Error reading actual data: rejecting because of earlier OutOfSync error
[2024-12-05T08:59:39.423Z] Error writing to Modbus register: rejecting because of earlier OutOfSync error
[2024-12-05T08:59:39.423Z] Error reading register 6507 for IP 10.30.4.128: rejecting because of earlier OutOfSync error
[2024-12-05T08:59:39.423Z] Error reading actual data: rejecting because of earlier OutOfSync error
[2024-12-05T08:59:39.423Z] Error writing to Modbus register: rejecting because of earlier OutOfSync error
[2024-12-05T08:59:39.423Z] Error reading register 6507 for IP 10.30.4.128: rejecting because of earlier OutOfSync error
[2024-12-05T08:59:39.423Z] Error reading actual data: rejecting because of earlier OutOfSync error
[2024-12-05T08:59:39.423Z] Error writing to Modbus register: rejecting because of earlier OutOfSync error
[2024-12-05T08:59:39.423Z] Error reading register 6507 for IP 10.30.4.128: rejecting because of earlier OutOfSync error
[2024-12-05T08:59:39.423Z] Error reading actual data: rejecting because of earlier OutOfSync error
[2024-12-05T08:59:39.423Z] Error writing to Modbus register: rejecting because of earlier OutOfSync error
[2024-12-05T08:59:39.424Z] Error reading or processing Modbus registers: rejecting because of earlier OutOfSync error
[2024-12-05T08:59:39.424Z] Error reading or processing Modbus registers: rejecting because of earlier OutOfSync error
[2024-12-05T08:59:39.424Z] Error reading or processing Modbus registers: rejecting because of earlier OutOfSync error
[2024-12-05T08:59:39.424Z] Error reading or processing Modbus registers: rejecting because of earlier OutOfSync error
[2024-12-05T08:59:39.424Z] Error reading or processing Modbus registers: rejecting because of earlier OutOfSync error
[2024-12-05T08:59:39.424Z] Error reading or processing Modbus registers: rejecting because of earlier OutOfSync error
[2024-12-05T08:59:39.424Z] Error reading or processing Modbus registers: rejecting because of earlier OutOfSync error
[2024-12-05T08:59:39.424Z] Error reading or processing Modbus registers: rejecting because of earlier OutOfSync error
[2024-12-05T08:59:39.424Z] Error reading or processing Modbus registers: rejecting because of earlier OutOfSync error
[2024-12-10T03:47:58.030Z] Error reading or processing Modbus registers: A Modbus Exception Occurred - See Response Body
[2024-12-10T03:47:58.032Z] Error reading register 6507 for IP 10.30.4.128: A Modbus Exception Occurred - See Response Body
[2024-12-10T03:47:58.032Z] Error reading actual data: A Modbus Exception Occurred - See Response Body
[2024-12-10T03:47:58.033Z] Error writing to Modbus register: A Modbus Exception Occurred - See Response Body
[2024-12-10T03:47:59.027Z] Error reading or processing Modbus registers: A Modbus Exception Occurred - See Response Body
[2024-12-10T03:47:59.030Z] Error reading register 6507 for IP 10.30.4.128: A Modbus Exception Occurred - See Response Body
[2024-12-10T03:47:59.030Z] Error reading actual data: A Modbus Exception Occurred - See Response Body
[2024-12-10T03:47:59.031Z] Error writing to Modbus register: A Modbus Exception Occurred - See Response Body
[2024-12-10T03:48:00.032Z] Error reading or processing Modbus registers: A Modbus Exception Occurred - See Response Body
[2024-12-10T03:48:00.034Z] Error reading register 6507 for IP 10.30.4.128: A Modbus Exception Occurred - See Response Body
[2024-12-10T03:48:00.034Z] Error reading actual data: A Modbus Exception Occurred - See Response Body
[2024-12-10T03:48:00.035Z] Error writing to Modbus register: A Modbus Exception Occurred - See Response Body
[2024-12-10T03:48:01.033Z] Error reading or processing Modbus registers: A Modbus Exception Occurred - See Response Body
[2024-12-10T03:48:01.035Z] Error reading register 6507 for IP 10.30.4.128: A Modbus Exception Occurred - See Response Body
[2024-12-10T03:48:01.036Z] Error reading actual data: A Modbus Exception Occurred - See Response Body
[2024-12-10T03:48:01.036Z] Error writing to Modbus register: A Modbus Exception Occurred - See Response Body
[2024-12-10T03:48:02.046Z] Error reading or processing Modbus registers: A Modbus Exception Occurred - See Response Body
[2024-12-10T03:48:02.049Z] Error reading register 6507 for IP 10.30.4.128: A Modbus Exception Occurred - See Response Body
[2024-12-10T03:48:02.049Z] Error reading actual data: A Modbus Exception Occurred - See Response Body
[2024-12-10T03:48:02.051Z] Error writing to Modbus register: A Modbus Exception Occurred - See Response Body
[2024-12-10T03:48:03.056Z] Error reading or processing Modbus registers: A Modbus Exception Occurred - See Response Body
[2024-12-10T03:48:03.059Z] Error reading register 6507 for IP 10.30.4.128: A Modbus Exception Occurred - See Response Body
[2024-12-10T03:48:03.060Z] Error reading actual data: A Modbus Exception Occurred - See Response Body
[2024-12-10T03:48:03.060Z] Error writing to Modbus register: A Modbus Exception Occurred - See Response Body
[2024-12-10T03:48:04.068Z] Error reading or processing Modbus registers: A Modbus Exception Occurred - See Response Body
[2024-12-10T03:48:04.071Z] Error reading register 6507 for IP 10.30.4.128: A Modbus Exception Occurred - See Response Body
[2024-12-10T03:48:04.072Z] Error reading actual data: A Modbus Exception Occurred - See Response Body
[2024-12-10T03:48:04.073Z] Error writing to Modbus register: A Modbus Exception Occurred - See Response Body
[2024-12-10T03:48:05.076Z] Error reading or processing Modbus registers: A Modbus Exception Occurred - See Response Body
[2024-12-10T03:48:05.078Z] Error reading register 6507 for IP 10.30.4.128: A Modbus Exception Occurred - See Response Body
[2024-12-10T03:48:05.079Z] Error reading actual data: A Modbus Exception Occurred - See Response Body
[2024-12-10T03:48:05.079Z] Error writing to Modbus register: A Modbus Exception Occurred - See Response Body
[2024-12-10T03:48:06.088Z] Error reading or processing Modbus registers: A Modbus Exception Occurred - See Response Body
[2024-12-10T03:48:06.090Z] Error reading register 6507 for IP 10.30.4.128: A Modbus Exception Occurred - See Response Body
[2024-12-10T03:48:06.091Z] Error reading actual data: A Modbus Exception Occurred - See Response Body
[2024-12-10T03:48:06.091Z] Error writing to Modbus register: A Modbus Exception Occurred - See Response Body
[2024-12-10T03:48:07.099Z] Error reading or processing Modbus registers: A Modbus Exception Occurred - See Response Body
[2024-12-10T03:48:07.102Z] Error reading register 6507 for IP 10.30.4.128: A Modbus Exception Occurred - See Response Body
[2024-12-10T03:48:07.102Z] Error reading actual data: A Modbus Exception Occurred - See Response Body
[2024-12-10T03:48:07.103Z] Error writing to Modbus register: A Modbus Exception Occurred - See Response Body
[2024-12-10T03:48:08.111Z] Error reading or processing Modbus registers: A Modbus Exception Occurred - See Response Body
[2024-12-10T03:48:08.113Z] Error reading register 6507 for IP 10.30.4.128: A Modbus Exception Occurred - See Response Body
[2024-12-10T03:48:08.114Z] Error reading actual data: A Modbus Exception Occurred - See Response Body
[2024-12-10T03:48:08.114Z] Error writing to Modbus register: A Modbus Exception Occurred - See Response Body
[2024-12-10T03:48:09.120Z] Error reading or processing Modbus registers: A Modbus Exception Occurred - See Response Body
[2024-12-10T03:48:09.122Z] Error reading register 6507 for IP 10.30.4.128: A Modbus Exception Occurred - See Response Body
[2024-12-10T03:48:09.123Z] Error reading actual data: A Modbus Exception Occurred - See Response Body
[2024-12-10T03:48:09.124Z] Error writing to Modbus register: A Modbus Exception Occurred - See Response Body
[2024-12-10T03:48:10.134Z] Error reading or processing Modbus registers: A Modbus Exception Occurred - See Response Body
[2024-12-10T03:48:10.136Z] Error reading register 6507 for IP 10.30.4.128: A Modbus Exception Occurred - See Response Body
[2024-12-10T03:48:10.137Z] Error reading actual data: A Modbus Exception Occurred - See Response Body
[2024-12-10T03:48:10.137Z] Error writing to Modbus register: A Modbus Exception Occurred - See Response Body
[2024-12-10T03:48:11.148Z] Error reading or processing Modbus registers: A Modbus Exception Occurred - See Response Body
[2024-12-10T03:48:11.150Z] Error reading register 6507 for IP 10.30.4.128: A Modbus Exception Occurred - See Response Body
[2024-12-10T03:48:11.151Z] Error reading actual data: A Modbus Exception Occurred - See Response Body
[2024-12-10T03:48:11.151Z] Error writing to Modbus register: A Modbus Exception Occurred - See Response Body
[2024-12-10T03:48:12.156Z] Error reading or processing Modbus registers: A Modbus Exception Occurred - See Response Body
[2024-12-10T03:48:12.158Z] Error reading register 6507 for IP 10.30.4.128: A Modbus Exception Occurred - See Response Body
[2024-12-10T03:48:12.158Z] Error reading actual data: A Modbus Exception Occurred - See Response Body
[2024-12-10T03:48:12.162Z] Error writing to Modbus register: A Modbus Exception Occurred - See Response Body
[2024-12-10T03:48:13.168Z] Error reading or processing Modbus registers: A Modbus Exception Occurred - See Response Body
[2024-12-10T03:48:13.170Z] Error reading register 6507 for IP 10.30.4.128: A Modbus Exception Occurred - See Response Body
[2024-12-10T03:48:13.171Z] Error reading actual data: A Modbus Exception Occurred - See Response Body
[2024-12-10T03:48:13.172Z] Error writing to Modbus register: A Modbus Exception Occurred - See Response Body
[2024-12-10T03:48:14.180Z] Error reading or processing Modbus registers: A Modbus Exception Occurred - See Response Body
[2024-12-10T03:48:14.182Z] Error reading register 6507 for IP 10.30.4.128: A Modbus Exception Occurred - See Response Body
[2024-12-10T03:48:14.183Z] Error reading actual data: A Modbus Exception Occurred - See Response Body
[2024-12-10T03:48:14.183Z] Error writing to Modbus register: A Modbus Exception Occurred - See Response Body
[2024-12-10T03:48:15.193Z] Error reading or processing Modbus registers: A Modbus Exception Occurred - See Response Body
[2024-12-10T03:48:15.196Z] Error reading register 6507 for IP 10.30.4.128: A Modbus Exception Occurred - See Response Body
[2024-12-10T03:48:15.197Z] Error reading actual data: A Modbus Exception Occurred - See Response Body
[2024-12-10T03:48:15.197Z] Error writing to Modbus register: A Modbus Exception Occurred - See Response Body
[2024-12-10T03:48:16.208Z] Error reading or processing Modbus registers: A Modbus Exception Occurred - See Response Body
[2024-12-10T03:48:16.210Z] Error reading register 6507 for IP 10.30.4.128: A Modbus Exception Occurred - See Response Body
[2024-12-10T03:48:16.211Z] Error reading actual data: A Modbus Exception Occurred - See Response Body
[2024-12-10T03:48:16.211Z] Error writing to Modbus register: A Modbus Exception Occurred - See Response Body
[2024-12-10T03:48:17.221Z] Error reading or processing Modbus registers: A Modbus Exception Occurred - See Response Body
[2024-12-10T03:48:17.224Z] Error reading register 6507 for IP 10.30.4.128: A Modbus Exception Occurred - See Response Body
[2024-12-10T03:48:17.224Z] Error reading actual data: A Modbus Exception Occurred - See Response Body
[2024-12-10T03:48:17.225Z] Error writing to Modbus register: A Modbus Exception Occurred - See Response Body
[2024-12-10T03:48:18.235Z] Error reading or processing Modbus registers: A Modbus Exception Occurred - See Response Body
[2024-12-10T03:48:18.237Z] Error reading register 6507 for IP 10.30.4.128: A Modbus Exception Occurred - See Response Body
[2024-12-10T03:48:18.237Z] Error reading actual data: A Modbus Exception Occurred - See Response Body
[2024-12-10T03:48:18.238Z] Error writing to Modbus register: A Modbus Exception Occurred - See Response Body
[2024-12-10T03:48:19.249Z] Error reading or processing Modbus registers: A Modbus Exception Occurred - See Response Body
[2024-12-10T03:48:19.251Z] Error reading register 6507 for IP 10.30.4.128: A Modbus Exception Occurred - See Response Body
[2024-12-10T03:48:19.252Z] Error reading actual data: A Modbus Exception Occurred - See Response Body
[2024-12-10T03:48:19.252Z] Error writing to Modbus register: A Modbus Exception Occurred - See Response Body
[2024-12-10T03:48:20.261Z] Error reading or processing Modbus registers: A Modbus Exception Occurred - See Response Body
[2024-12-10T03:48:20.263Z] Error reading register 6507 for IP 10.30.4.128: A Modbus Exception Occurred - See Response Body
[2024-12-10T03:48:20.264Z] Error reading actual data: A Modbus Exception Occurred - See Response Body
[2024-12-10T03:48:20.264Z] Error writing to Modbus register: A Modbus Exception Occurred - See Response Body
[2024-12-10T03:48:21.277Z] Error reading or processing Modbus registers: A Modbus Exception Occurred - See Response Body
[2024-12-10T03:48:21.280Z] Error reading register 6507 for IP 10.30.4.128: A Modbus Exception Occurred - See Response Body
[2024-12-10T03:48:21.280Z] Error reading actual data: A Modbus Exception Occurred - See Response Body
[2024-12-10T03:48:21.281Z] Error writing to Modbus register: A Modbus Exception Occurred - See Response Body
[2024-12-10T03:48:22.291Z] Error reading or processing Modbus registers: A Modbus Exception Occurred - See Response Body
[2024-12-10T03:48:22.294Z] Error reading register 6507 for IP 10.30.4.128: A Modbus Exception Occurred - See Response Body
[2024-12-10T03:48:22.294Z] Error reading actual data: A Modbus Exception Occurred - See Response Body
[2024-12-10T03:48:22.295Z] Error writing to Modbus register: A Modbus Exception Occurred - See Response Body
[2024-12-10T03:48:23.305Z] Error reading or processing Modbus registers: A Modbus Exception Occurred - See Response Body
[2024-12-10T03:48:23.307Z] Error reading register 6507 for IP 10.30.4.128: A Modbus Exception Occurred - See Response Body
[2024-12-10T03:48:23.308Z] Error reading actual data: A Modbus Exception Occurred - See Response Body
[2024-12-10T03:48:23.309Z] Error writing to Modbus register: A Modbus Exception Occurred - See Response Body
[2024-12-10T03:48:24.318Z] Error reading or processing Modbus registers: A Modbus Exception Occurred - See Response Body
[2024-12-10T03:48:24.321Z] Error reading register 6507 for IP 10.30.4.128: A Modbus Exception Occurred - See Response Body
[2024-12-10T03:48:24.321Z] Error reading actual data: A Modbus Exception Occurred - See Response Body
[2024-12-10T03:48:24.322Z] Error writing to Modbus register: A Modbus Exception Occurred - See Response Body
[2024-12-10T03:48:25.330Z] Error reading or processing Modbus registers: A Modbus Exception Occurred - See Response Body
[2024-12-10T03:48:25.332Z] Error reading register 6507 for IP 10.30.4.128: A Modbus Exception Occurred - See Response Body
[2024-12-10T03:48:25.333Z] Error reading actual data: A Modbus Exception Occurred - See Response Body
[2024-12-10T03:48:25.334Z] Error writing to Modbus register: A Modbus Exception Occurred - See Response Body
[2024-12-10T03:48:26.331Z] Error reading or processing Modbus registers: A Modbus Exception Occurred - See Response Body
[2024-12-10T03:48:26.333Z] Error reading register 6507 for IP 10.30.4.128: A Modbus Exception Occurred - See Response Body
[2024-12-10T03:48:26.334Z] Error reading actual data: A Modbus Exception Occurred - See Response Body
[2024-12-10T03:48:26.334Z] Error writing to Modbus register: A Modbus Exception Occurred - See Response Body
[2024-12-10T03:48:27.344Z] Error reading or processing Modbus registers: A Modbus Exception Occurred - See Response Body
[2024-12-10T03:48:27.346Z] Error reading register 6507 for IP 10.30.4.128: A Modbus Exception Occurred - See Response Body
[2024-12-10T03:48:27.347Z] Error reading actual data: A Modbus Exception Occurred - See Response Body
[2024-12-10T03:48:27.348Z] Error writing to Modbus register: A Modbus Exception Occurred - See Response Body
[2024-12-10T03:48:28.356Z] Error reading or processing Modbus registers: A Modbus Exception Occurred - See Response Body
[2024-12-10T03:48:28.358Z] Error reading register 6507 for IP 10.30.4.128: A Modbus Exception Occurred - See Response Body
[2024-12-10T03:48:28.359Z] Error reading actual data: A Modbus Exception Occurred - See Response Body
[2024-12-10T03:48:28.360Z] Error writing to Modbus register: A Modbus Exception Occurred - See Response Body
[2024-12-10T03:48:29.368Z] Error reading or processing Modbus registers: A Modbus Exception Occurred - See Response Body
[2024-12-10T03:48:29.371Z] Error reading register 6507 for IP 10.30.4.128: A Modbus Exception Occurred - See Response Body
[2024-12-10T03:48:29.372Z] Error reading actual data: A Modbus Exception Occurred - See Response Body
[2024-12-10T03:48:29.373Z] Error writing to Modbus register: A Modbus Exception Occurred - See Response Body
[2024-12-10T03:48:30.382Z] Error reading or processing Modbus registers: A Modbus Exception Occurred - See Response Body
[2024-12-10T03:48:30.384Z] Error reading register 6507 for IP 10.30.4.128: A Modbus Exception Occurred - See Response Body
[2024-12-10T03:48:30.384Z] Error reading actual data: A Modbus Exception Occurred - See Response Body
[2024-12-10T03:48:30.385Z] Error writing to Modbus register: A Modbus Exception Occurred - See Response Body
[2024-12-10T03:48:31.390Z] Error reading or processing Modbus registers: A Modbus Exception Occurred - See Response Body
[2024-12-10T03:48:31.392Z] Error reading register 6507 for IP 10.30.4.128: A Modbus Exception Occurred - See Response Body
[2024-12-10T03:48:31.393Z] Error reading actual data: A Modbus Exception Occurred - See Response Body
[2024-12-10T03:48:31.393Z] Error writing to Modbus register: A Modbus Exception Occurred - See Response Body
[2024-12-10T03:48:32.402Z] Error reading or processing Modbus registers: A Modbus Exception Occurred - See Response Body
[2024-12-10T03:48:32.405Z] Error reading actual data: A Modbus Exception Occurred - See Response Body
[2024-12-10T03:48:32.404Z] Error reading register 6507 for IP 10.30.4.128: A Modbus Exception Occurred - See Response Body
[2024-12-10T03:48:32.406Z] Error writing to Modbus register: A Modbus Exception Occurred - See Response Body
[2024-12-10T03:48:33.404Z] Error reading or processing Modbus registers: A Modbus Exception Occurred - See Response Body
[2024-12-10T03:48:33.406Z] Error reading register 6507 for IP 10.30.4.128: A Modbus Exception Occurred - See Response Body
[2024-12-10T03:48:33.409Z] Error reading actual data: A Modbus Exception Occurred - See Response Body
[2024-12-10T03:48:33.410Z] Error writing to Modbus register: A Modbus Exception Occurred - See Response Body
[2024-12-10T03:48:34.414Z] Error reading or processing Modbus registers: A Modbus Exception Occurred - See Response Body
[2024-12-10T03:48:34.416Z] Error reading register 6507 for IP 10.30.4.128: A Modbus Exception Occurred - See Response Body
[2024-12-10T03:48:34.417Z] Error reading actual data: A Modbus Exception Occurred - See Response Body
[2024-12-10T03:48:34.417Z] Error writing to Modbus register: A Modbus Exception Occurred - See Response Body
[2024-12-10T03:48:35.428Z] Error reading or processing Modbus registers: A Modbus Exception Occurred - See Response Body
[2024-12-10T03:48:35.431Z] Error reading register 6507 for IP 10.30.4.128: A Modbus Exception Occurred - See Response Body
[2024-12-10T03:48:35.431Z] Error reading actual data: A Modbus Exception Occurred - See Response Body
[2024-12-10T03:48:35.432Z] Error writing to Modbus register: A Modbus Exception Occurred - See Response Body
[2024-12-10T03:48:36.442Z] Error reading or processing Modbus registers: A Modbus Exception Occurred - See Response Body
[2024-12-10T03:48:36.446Z] Error reading register 6507 for IP 10.30.4.128: A Modbus Exception Occurred - See Response Body
[2024-12-10T03:48:36.447Z] Error reading actual data: A Modbus Exception Occurred - See Response Body
[2024-12-10T03:48:36.448Z] Error writing to Modbus register: A Modbus Exception Occurred - See Response Body
[2024-12-10T03:48:37.456Z] Error reading or processing Modbus registers: A Modbus Exception Occurred - See Response Body
[2024-12-10T03:48:37.457Z] Error reading register 6507 for IP 10.30.4.128: A Modbus Exception Occurred - See Response Body
[2024-12-10T03:48:37.458Z] Error reading actual data: A Modbus Exception Occurred - See Response Body
[2024-12-10T03:48:37.458Z] Error writing to Modbus register: A Modbus Exception Occurred - See Response Body
[2024-12-10T03:48:38.469Z] Error reading or processing Modbus registers: A Modbus Exception Occurred - See Response Body
[2024-12-10T03:48:38.471Z] Error reading register 6507 for IP 10.30.4.128: A Modbus Exception Occurred - See Response Body
[2024-12-10T03:48:38.472Z] Error reading actual data: A Modbus Exception Occurred - See Response Body
[2024-12-10T03:48:38.472Z] Error writing to Modbus register: A Modbus Exception Occurred - See Response Body
[2024-12-10T03:48:39.480Z] Error reading or processing Modbus registers: A Modbus Exception Occurred - See Response Body
[2024-12-10T03:48:39.482Z] Error reading register 6507 for IP 10.30.4.128: A Modbus Exception Occurred - See Response Body
[2024-12-10T03:48:39.482Z] Error reading actual data: A Modbus Exception Occurred - See Response Body
[2024-12-10T03:48:39.483Z] Error writing to Modbus register: A Modbus Exception Occurred - See Response Body
[2024-12-10T03:48:40.494Z] Error reading or processing Modbus registers: A Modbus Exception Occurred - See Response Body
[2024-12-10T03:48:40.496Z] Error reading register 6507 for IP 10.30.4.128: A Modbus Exception Occurred - See Response Body
[2024-12-10T03:48:40.497Z] Error reading actual data: A Modbus Exception Occurred - See Response Body
[2024-12-10T03:48:40.497Z] Error writing to Modbus register: A Modbus Exception Occurred - See Response Body
[2024-12-10T03:48:41.506Z] Error reading or processing Modbus registers: A Modbus Exception Occurred - See Response Body
[2024-12-10T03:48:41.508Z] Error reading register 6507 for IP 10.30.4.128: A Modbus Exception Occurred - See Response Body
[2024-12-10T03:48:41.509Z] Error reading actual data: A Modbus Exception Occurred - See Response Body
[2024-12-10T03:48:41.509Z] Error writing to Modbus register: A Modbus Exception Occurred - See Response Body
[2024-12-10T03:48:42.515Z] Error reading or processing Modbus registers: A Modbus Exception Occurred - See Response Body
[2024-12-10T03:48:42.518Z] Error reading register 6507 for IP 10.30.4.128: A Modbus Exception Occurred - See Response Body
[2024-12-10T03:48:42.518Z] Error reading actual data: A Modbus Exception Occurred - See Response Body
[2024-12-10T03:48:42.519Z] Error writing to Modbus register: A Modbus Exception Occurred - See Response Body
[2024-12-10T03:48:43.525Z] Error reading or processing Modbus registers: A Modbus Exception Occurred - See Response Body
[2024-12-10T03:48:43.527Z] Error reading register 6507 for IP 10.30.4.128: A Modbus Exception Occurred - See Response Body
[2024-12-10T03:48:43.528Z] Error reading actual data: A Modbus Exception Occurred - See Response Body
[2024-12-10T03:48:43.529Z] Error writing to Modbus register: A Modbus Exception Occurred - See Response Body
[2024-12-10T03:48:44.533Z] Error reading or processing Modbus registers: A Modbus Exception Occurred - See Response Body
[2024-12-10T03:48:44.535Z] Error reading register 6507 for IP 10.30.4.128: A Modbus Exception Occurred - See Response Body
[2024-12-10T03:48:44.536Z] Error reading actual data: A Modbus Exception Occurred - See Response Body
[2024-12-10T03:48:44.537Z] Error writing to Modbus register: A Modbus Exception Occurred - See Response Body
[2024-12-10T03:48:45.541Z] Error reading or processing Modbus registers: A Modbus Exception Occurred - See Response Body
[2024-12-10T03:48:45.543Z] Error reading register 6507 for IP 10.30.4.128: A Modbus Exception Occurred - See Response Body
[2024-12-10T03:48:45.544Z] Error reading actual data: A Modbus Exception Occurred - See Response Body
[2024-12-10T03:48:45.544Z] Error writing to Modbus register: A Modbus Exception Occurred - See Response Body
[2024-12-10T03:48:46.548Z] Error reading or processing Modbus registers: A Modbus Exception Occurred - See Response Body
[2024-12-10T03:48:46.551Z] Error reading register 6507 for IP 10.30.4.128: A Modbus Exception Occurred - See Response Body
[2024-12-10T03:48:46.552Z] Error reading actual data: A Modbus Exception Occurred - See Response Body
[2024-12-10T03:48:46.552Z] Error writing to Modbus register: A Modbus Exception Occurred - See Response Body
[2024-12-10T03:48:47.557Z] Error reading or processing Modbus registers: A Modbus Exception Occurred - See Response Body
[2024-12-10T03:48:47.560Z] Error reading register 6507 for IP 10.30.4.128: A Modbus Exception Occurred - See Response Body
[2024-12-10T03:48:47.560Z] Error reading actual data: A Modbus Exception Occurred - See Response Body
[2024-12-10T03:48:47.561Z] Error writing to Modbus register: A Modbus Exception Occurred - See Response Body
[2024-12-10T03:48:48.567Z] Error reading or processing Modbus registers: A Modbus Exception Occurred - See Response Body
[2024-12-10T03:48:48.571Z] Error reading register 6507 for IP 10.30.4.128: A Modbus Exception Occurred - See Response Body
[2024-12-10T03:48:48.572Z] Error reading actual data: A Modbus Exception Occurred - See Response Body
[2024-12-10T03:48:48.573Z] Error writing to Modbus register: A Modbus Exception Occurred - See Response Body
[2024-12-10T03:48:49.577Z] Error reading or processing Modbus registers: A Modbus Exception Occurred - See Response Body
[2024-12-10T03:48:49.579Z] Error reading register 6507 for IP 10.30.4.128: A Modbus Exception Occurred - See Response Body
[2024-12-10T03:48:49.580Z] Error reading actual data: A Modbus Exception Occurred - See Response Body
[2024-12-10T03:48:49.580Z] Error writing to Modbus register: A Modbus Exception Occurred - See Response Body
[2024-12-10T03:48:50.592Z] Error reading or processing Modbus registers: A Modbus Exception Occurred - See Response Body
[2024-12-10T03:48:50.594Z] Error reading register 6507 for IP 10.30.4.128: A Modbus Exception Occurred - See Response Body
[2024-12-10T03:48:50.595Z] Error reading actual data: A Modbus Exception Occurred - See Response Body
[2024-12-10T03:48:50.595Z] Error writing to Modbus register: A Modbus Exception Occurred - See Response Body
[2024-12-10T03:48:51.593Z] Error reading or processing Modbus registers: A Modbus Exception Occurred - See Response Body
[2024-12-10T03:48:51.595Z] Error reading register 6507 for IP 10.30.4.128: A Modbus Exception Occurred - See Response Body
[2024-12-10T03:48:51.596Z] Error reading actual data: A Modbus Exception Occurred - See Response Body
[2024-12-10T03:48:51.596Z] Error writing to Modbus register: A Modbus Exception Occurred - See Response Body
[2024-12-10T03:48:52.600Z] Error reading or processing Modbus registers: A Modbus Exception Occurred - See Response Body
[2024-12-10T03:48:52.602Z] Error reading register 6507 for IP 10.30.4.128: A Modbus Exception Occurred - See Response Body
[2024-12-10T03:48:52.603Z] Error reading actual data: A Modbus Exception Occurred - See Response Body
[2024-12-10T03:48:52.603Z] Error writing to Modbus register: A Modbus Exception Occurred - See Response Body
[2024-12-10T03:48:53.613Z] Error reading or processing Modbus registers: A Modbus Exception Occurred - See Response Body
[2024-12-10T03:48:53.615Z] Error reading register 6507 for IP 10.30.4.128: A Modbus Exception Occurred - See Response Body
[2024-12-10T03:48:53.616Z] Error reading actual data: A Modbus Exception Occurred - See Response Body
[2024-12-10T03:48:53.616Z] Error writing to Modbus register: A Modbus Exception Occurred - See Response Body
[2024-12-10T03:48:54.622Z] Error reading or processing Modbus registers: A Modbus Exception Occurred - See Response Body
[2024-12-10T03:48:54.625Z] Error reading register 6507 for IP 10.30.4.128: A Modbus Exception Occurred - See Response Body
[2024-12-10T03:48:54.625Z] Error reading actual data: A Modbus Exception Occurred - See Response Body
[2024-12-10T03:48:54.626Z] Error writing to Modbus register: A Modbus Exception Occurred - See Response Body
[2024-12-10T03:48:55.635Z] Error reading or processing Modbus registers: A Modbus Exception Occurred - See Response Body
[2024-12-10T03:48:55.637Z] Error reading register 6507 for IP 10.30.4.128: A Modbus Exception Occurred - See Response Body
[2024-12-10T03:48:55.637Z] Error reading actual data: A Modbus Exception Occurred - See Response Body
[2024-12-10T03:48:55.638Z] Error writing to Modbus register: A Modbus Exception Occurred - See Response Body
[2024-12-10T03:48:56.647Z] Error reading or processing Modbus registers: A Modbus Exception Occurred - See Response Body
[2024-12-10T03:48:56.649Z] Error reading register 6507 for IP 10.30.4.128: A Modbus Exception Occurred - See Response Body
[2024-12-10T03:48:56.650Z] Error writing to Modbus register: A Modbus Exception Occurred - See Response Body
[2024-12-10T03:48:56.650Z] Error reading actual data: A Modbus Exception Occurred - See Response Body
[2024-12-10T03:48:57.660Z] Error reading or processing Modbus registers: A Modbus Exception Occurred - See Response Body
[2024-12-10T03:48:57.663Z] Error reading register 6507 for IP 10.30.4.128: A Modbus Exception Occurred - See Response Body
[2024-12-10T03:48:57.664Z] Error reading actual data: A Modbus Exception Occurred - See Response Body
[2024-12-10T03:48:57.665Z] Error writing to Modbus register: A Modbus Exception Occurred - See Response Body
[2024-12-10T03:48:58.672Z] Error reading or processing Modbus registers: A Modbus Exception Occurred - See Response Body
[2024-12-10T03:48:58.674Z] Error reading register 6507 for IP 10.30.4.128: A Modbus Exception Occurred - See Response Body
[2024-12-10T03:48:58.675Z] Error reading actual data: A Modbus Exception Occurred - See Response Body
[2024-12-10T03:48:58.675Z] Error writing to Modbus register: A Modbus Exception Occurred - See Response Body
[2024-12-10T03:48:59.682Z] Error reading or processing Modbus registers: A Modbus Exception Occurred - See Response Body
[2024-12-10T03:48:59.685Z] Error reading register 6507 for IP 10.30.4.128: A Modbus Exception Occurred - See Response Body
[2024-12-10T03:48:59.685Z] Error reading actual data: A Modbus Exception Occurred - See Response Body
[2024-12-10T03:48:59.686Z] Error writing to Modbus register: A Modbus Exception Occurred - See Response Body
[2024-12-10T03:49:00.694Z] Error reading or processing Modbus registers: A Modbus Exception Occurred - See Response Body
[2024-12-10T03:49:00.697Z] Error reading register 6507 for IP 10.30.4.128: A Modbus Exception Occurred - See Response Body
[2024-12-10T03:49:00.697Z] Error reading actual data: A Modbus Exception Occurred - See Response Body
[2024-12-10T03:49:00.698Z] Error writing to Modbus register: A Modbus Exception Occurred - See Response Body
[2024-12-10T03:49:01.707Z] Error reading or processing Modbus registers: A Modbus Exception Occurred - See Response Body
[2024-12-10T03:49:01.710Z] Error reading register 6507 for IP 10.30.4.128: A Modbus Exception Occurred - See Response Body
[2024-12-10T03:49:01.711Z] Error reading actual data: A Modbus Exception Occurred - See Response Body
[2024-12-10T03:49:01.711Z] Error writing to Modbus register: A Modbus Exception Occurred - See Response Body
[2024-12-10T03:49:02.720Z] Error reading or processing Modbus registers: A Modbus Exception Occurred - See Response Body
[2024-12-10T03:49:02.722Z] Error reading register 6507 for IP 10.30.4.128: A Modbus Exception Occurred - See Response Body
[2024-12-10T03:49:02.723Z] Error reading actual data: A Modbus Exception Occurred - See Response Body
[2024-12-10T03:49:02.724Z] Error writing to Modbus register: A Modbus Exception Occurred - See Response Body
[2024-12-10T03:49:03.729Z] Error reading or processing Modbus registers: A Modbus Exception Occurred - See Response Body
[2024-12-10T03:49:03.731Z] Error reading register 6507 for IP 10.30.4.128: A Modbus Exception Occurred - See Response Body
[2024-12-10T03:49:03.732Z] Error reading actual data: A Modbus Exception Occurred - See Response Body
[2024-12-10T03:49:03.732Z] Error writing to Modbus register: A Modbus Exception Occurred - See Response Body
[2024-12-10T03:49:04.729Z] Error reading or processing Modbus registers: A Modbus Exception Occurred - See Response Body
[2024-12-10T03:49:04.731Z] Error reading register 6507 for IP 10.30.4.128: A Modbus Exception Occurred - See Response Body
[2024-12-10T03:49:04.732Z] Error reading actual data: A Modbus Exception Occurred - See Response Body
[2024-12-10T03:49:04.733Z] Error writing to Modbus register: A Modbus Exception Occurred - See Response Body
[2024-12-10T03:49:05.744Z] Error reading or processing Modbus registers: A Modbus Exception Occurred - See Response Body
[2024-12-10T03:49:05.746Z] Error reading register 6507 for IP 10.30.4.128: A Modbus Exception Occurred - See Response Body
[2024-12-10T03:49:05.747Z] Error reading actual data: A Modbus Exception Occurred - See Response Body
[2024-12-10T03:49:05.748Z] Error writing to Modbus register: A Modbus Exception Occurred - See Response Body
[2024-12-10T03:49:06.755Z] Error reading or processing Modbus registers: A Modbus Exception Occurred - See Response Body
[2024-12-10T03:49:06.757Z] Error reading register 6507 for IP 10.30.4.128: A Modbus Exception Occurred - See Response Body
[2024-12-10T03:49:06.761Z] Error reading actual data: A Modbus Exception Occurred - See Response Body
[2024-12-10T03:49:06.762Z] Error writing to Modbus register: A Modbus Exception Occurred - See Response Body
[2024-12-10T03:49:07.767Z] Error reading or processing Modbus registers: A Modbus Exception Occurred - See Response Body
[2024-12-10T03:49:07.769Z] Error reading register 6507 for IP 10.30.4.128: A Modbus Exception Occurred - See Response Body
[2024-12-10T03:49:07.770Z] Error reading actual data: A Modbus Exception Occurred - See Response Body
[2024-12-10T03:49:07.771Z] Error writing to Modbus register: A Modbus Exception Occurred - See Response Body
[2024-12-10T03:49:08.778Z] Error reading or processing Modbus registers: A Modbus Exception Occurred - See Response Body
[2024-12-10T03:49:08.780Z] Error reading register 6507 for IP 10.30.4.128: A Modbus Exception Occurred - See Response Body
[2024-12-10T03:49:08.780Z] Error reading actual data: A Modbus Exception Occurred - See Response Body
[2024-12-10T03:49:08.781Z] Error writing to Modbus register: A Modbus Exception Occurred - See Response Body
[2024-12-10T03:49:09.790Z] Error reading or processing Modbus registers: A Modbus Exception Occurred - See Response Body
[2024-12-10T03:49:09.793Z] Error reading register 6507 for IP 10.30.4.128: A Modbus Exception Occurred - See Response Body
[2024-12-10T03:49:09.793Z] Error reading actual data: A Modbus Exception Occurred - See Response Body
[2024-12-10T03:49:09.794Z] Error writing to Modbus register: A Modbus Exception Occurred - See Response Body
[2024-12-10T03:49:10.803Z] Error reading or processing Modbus registers: A Modbus Exception Occurred - See Response Body
[2024-12-10T03:49:10.805Z] Error reading register 6507 for IP 10.30.4.128: A Modbus Exception Occurred - See Response Body
[2024-12-10T03:49:10.806Z] Error reading actual data: A Modbus Exception Occurred - See Response Body
[2024-12-10T03:49:10.807Z] Error writing to Modbus register: A Modbus Exception Occurred - See Response Body
[2024-12-10T03:49:11.818Z] Error reading or processing Modbus registers: A Modbus Exception Occurred - See Response Body
[2024-12-10T03:49:11.820Z] Error reading register 6507 for IP 10.30.4.128: A Modbus Exception Occurred - See Response Body
[2024-12-10T03:49:11.821Z] Error reading actual data: A Modbus Exception Occurred - See Response Body
[2024-12-10T03:49:11.822Z] Error writing to Modbus register: A Modbus Exception Occurred - See Response Body
[2024-12-10T03:49:12.820Z] Error reading or processing Modbus registers: A Modbus Exception Occurred - See Response Body
[2024-12-10T03:49:12.822Z] Error reading register 6507 for IP 10.30.4.128: A Modbus Exception Occurred - See Response Body
[2024-12-10T03:49:12.822Z] Error reading actual data: A Modbus Exception Occurred - See Response Body
[2024-12-10T03:49:12.823Z] Error writing to Modbus register: A Modbus Exception Occurred - See Response Body
[2024-12-10T03:49:13.832Z] Error reading or processing Modbus registers: A Modbus Exception Occurred - See Response Body
[2024-12-10T03:49:13.834Z] Error reading register 6507 for IP 10.30.4.128: A Modbus Exception Occurred - See Response Body
[2024-12-10T03:49:13.835Z] Error reading actual data: A Modbus Exception Occurred - See Response Body
[2024-12-10T03:49:13.835Z] Error writing to Modbus register: A Modbus Exception Occurred - See Response Body
[2024-12-10T03:49:14.847Z] Error reading or processing Modbus registers: A Modbus Exception Occurred - See Response Body
[2024-12-10T03:49:14.850Z] Error reading register 6507 for IP 10.30.4.128: A Modbus Exception Occurred - See Response Body
[2024-12-10T03:49:14.850Z] Error reading actual data: A Modbus Exception Occurred - See Response Body
[2024-12-10T03:49:14.851Z] Error writing to Modbus register: A Modbus Exception Occurred - See Response Body
[2024-12-10T03:49:15.862Z] Error reading or processing Modbus registers: A Modbus Exception Occurred - See Response Body
[2024-12-10T03:49:15.864Z] Error reading register 6507 for IP 10.30.4.128: A Modbus Exception Occurred - See Response Body
[2024-12-10T03:49:15.865Z] Error reading actual data: A Modbus Exception Occurred - See Response Body
[2024-12-10T03:49:15.866Z] Error writing to Modbus register: A Modbus Exception Occurred - See Response Body
[2024-12-10T03:49:16.863Z] Error reading or processing Modbus registers: A Modbus Exception Occurred - See Response Body
[2024-12-10T03:49:16.865Z] Error reading register 6507 for IP 10.30.4.128: A Modbus Exception Occurred - See Response Body
[2024-12-10T03:49:16.866Z] Error reading actual data: A Modbus Exception Occurred - See Response Body
[2024-12-10T03:49:16.866Z] Error writing to Modbus register: A Modbus Exception Occurred - See Response Body
[2024-12-10T03:49:17.876Z] Error reading or processing Modbus registers: A Modbus Exception Occurred - See Response Body
[2024-12-10T03:49:17.879Z] Error reading register 6507 for IP 10.30.4.128: A Modbus Exception Occurred - See Response Body
[2024-12-10T03:49:17.880Z] Error reading actual data: A Modbus Exception Occurred - See Response Body
[2024-12-10T03:49:17.880Z] Error writing to Modbus register: A Modbus Exception Occurred - See Response Body
[2024-12-10T03:49:18.890Z] Error reading or processing Modbus registers: A Modbus Exception Occurred - See Response Body
[2024-12-10T03:49:18.893Z] Error reading register 6507 for IP 10.30.4.128: A Modbus Exception Occurred - See Response Body
[2024-12-10T03:49:18.893Z] Error reading actual data: A Modbus Exception Occurred - See Response Body
[2024-12-10T03:49:18.894Z] Error writing to Modbus register: A Modbus Exception Occurred - See Response Body
[2024-12-10T03:49:19.902Z] Error reading or processing Modbus registers: A Modbus Exception Occurred - See Response Body
[2024-12-10T03:49:19.904Z] Error reading register 6507 for IP 10.30.4.128: A Modbus Exception Occurred - See Response Body
[2024-12-10T03:49:19.905Z] Error reading actual data: A Modbus Exception Occurred - See Response Body
[2024-12-10T03:49:19.906Z] Error writing to Modbus register: A Modbus Exception Occurred - See Response Body
[2024-12-10T03:49:20.917Z] Error reading or processing Modbus registers: A Modbus Exception Occurred - See Response Body
[2024-12-10T03:49:20.919Z] Error reading register 6507 for IP 10.30.4.128: A Modbus Exception Occurred - See Response Body
[2024-12-10T03:49:20.920Z] Error reading actual data: A Modbus Exception Occurred - See Response Body
[2024-12-10T03:49:20.921Z] Error writing to Modbus register: A Modbus Exception Occurred - See Response Body
[2024-12-10T03:49:21.929Z] Error reading or processing Modbus registers: A Modbus Exception Occurred - See Response Body
[2024-12-10T03:49:21.931Z] Error reading register 6507 for IP 10.30.4.128: A Modbus Exception Occurred - See Response Body
[2024-12-10T03:49:21.932Z] Error reading actual data: A Modbus Exception Occurred - See Response Body
[2024-12-10T03:49:21.932Z] Error writing to Modbus register: A Modbus Exception Occurred - See Response Body
[2024-12-10T03:49:22.942Z] Error reading or processing Modbus registers: A Modbus Exception Occurred - See Response Body
[2024-12-10T03:49:22.944Z] Error reading register 6507 for IP 10.30.4.128: A Modbus Exception Occurred - See Response Body
[2024-12-10T03:49:22.945Z] Error reading actual data: A Modbus Exception Occurred - See Response Body
[2024-12-10T03:49:22.945Z] Error writing to Modbus register: A Modbus Exception Occurred - See Response Body
[2024-12-10T03:49:23.953Z] Error reading or processing Modbus registers: A Modbus Exception Occurred - See Response Body
[2024-12-10T03:49:23.955Z] Error reading register 6507 for IP 10.30.4.128: A Modbus Exception Occurred - See Response Body
[2024-12-10T03:49:23.956Z] Error reading actual data: A Modbus Exception Occurred - See Response Body
[2024-12-10T03:49:23.956Z] Error writing to Modbus register: A Modbus Exception Occurred - See Response Body
[2024-12-10T03:49:24.955Z] Error reading or processing Modbus registers: A Modbus Exception Occurred - See Response Body
[2024-12-10T03:49:24.957Z] Error reading register 6507 for IP 10.30.4.128: A Modbus Exception Occurred - See Response Body
[2024-12-10T03:49:24.958Z] Error reading actual data: A Modbus Exception Occurred - See Response Body
[2024-12-10T03:49:24.959Z] Error writing to Modbus register: A Modbus Exception Occurred - See Response Body
[2024-12-10T03:49:25.969Z] Error reading or processing Modbus registers: A Modbus Exception Occurred - See Response Body
[2024-12-10T03:49:25.972Z] Error reading register 6507 for IP 10.30.4.128: A Modbus Exception Occurred - See Response Body
[2024-12-10T03:49:25.972Z] Error reading actual data: A Modbus Exception Occurred - See Response Body
[2024-12-10T03:49:25.973Z] Error writing to Modbus register: A Modbus Exception Occurred - See Response Body
[2024-12-10T03:49:26.980Z] Error reading or processing Modbus registers: A Modbus Exception Occurred - See Response Body
[2024-12-10T03:49:26.982Z] Error reading register 6507 for IP 10.30.4.128: A Modbus Exception Occurred - See Response Body
[2024-12-10T03:49:26.982Z] Error reading actual data: A Modbus Exception Occurred - See Response Body
[2024-12-10T03:49:26.982Z] Error writing to Modbus register: A Modbus Exception Occurred - See Response Body
[2024-12-10T03:49:27.992Z] Error reading or processing Modbus registers: A Modbus Exception Occurred - See Response Body
[2024-12-10T03:49:27.994Z] Error reading register 6507 for IP 10.30.4.128: A Modbus Exception Occurred - See Response Body
[2024-12-10T03:49:27.995Z] Error reading actual data: A Modbus Exception Occurred - See Response Body
[2024-12-10T03:49:27.995Z] Error writing to Modbus register: A Modbus Exception Occurred - See Response Body
[2024-12-10T03:49:29.004Z] Error reading or processing Modbus registers: A Modbus Exception Occurred - See Response Body
[2024-12-10T03:49:29.006Z] Error reading register 6507 for IP 10.30.4.128: A Modbus Exception Occurred - See Response Body
[2024-12-10T03:49:29.006Z] Error reading actual data: A Modbus Exception Occurred - See Response Body
[2024-12-10T03:49:29.007Z] Error writing to Modbus register: A Modbus Exception Occurred - See Response Body
[2024-12-10T03:49:30.016Z] Error reading or processing Modbus registers: A Modbus Exception Occurred - See Response Body
[2024-12-10T03:49:30.019Z] Error reading register 6507 for IP 10.30.4.128: A Modbus Exception Occurred - See Response Body
[2024-12-10T03:49:30.019Z] Error reading actual data: A Modbus Exception Occurred - See Response Body
[2024-12-10T03:49:30.020Z] Error writing to Modbus register: A Modbus Exception Occurred - See Response Body
[2024-12-10T03:49:31.032Z] Error reading or processing Modbus registers: A Modbus Exception Occurred - See Response Body
[2024-12-10T03:49:31.035Z] Error reading register 6507 for IP 10.30.4.128: A Modbus Exception Occurred - See Response Body
[2024-12-10T03:49:31.036Z] Error reading actual data: A Modbus Exception Occurred - See Response Body
[2024-12-10T03:49:31.036Z] Error writing to Modbus register: A Modbus Exception Occurred - See Response Body
[2024-12-10T03:49:32.047Z] Error reading or processing Modbus registers: A Modbus Exception Occurred - See Response Body
[2024-12-10T03:49:32.049Z] Error reading register 6507 for IP 10.30.4.128: A Modbus Exception Occurred - See Response Body
[2024-12-10T03:49:32.050Z] Error reading actual data: A Modbus Exception Occurred - See Response Body
[2024-12-10T03:49:32.050Z] Error writing to Modbus register: A Modbus Exception Occurred - See Response Body
[2024-12-10T03:49:33.055Z] Error reading or processing Modbus registers: A Modbus Exception Occurred - See Response Body
[2024-12-10T03:49:33.058Z] Error reading register 6507 for IP 10.30.4.128: A Modbus Exception Occurred - See Response Body
[2024-12-10T03:49:33.059Z] Error reading actual data: A Modbus Exception Occurred - See Response Body
[2024-12-10T03:49:33.059Z] Error writing to Modbus register: A Modbus Exception Occurred - See Response Body
[2024-12-10T03:49:34.056Z] Error reading or processing Modbus registers: A Modbus Exception Occurred - See Response Body
[2024-12-10T03:49:34.058Z] Error reading register 6507 for IP 10.30.4.128: A Modbus Exception Occurred - See Response Body
[2024-12-10T03:49:34.059Z] Error reading actual data: A Modbus Exception Occurred - See Response Body
[2024-12-10T03:49:34.059Z] Error writing to Modbus register: A Modbus Exception Occurred - See Response Body
[2024-12-10T03:49:35.070Z] Error reading or processing Modbus registers: A Modbus Exception Occurred - See Response Body
[2024-12-10T03:49:35.072Z] Error reading register 6507 for IP 10.30.4.128: A Modbus Exception Occurred - See Response Body
[2024-12-10T03:49:35.073Z] Error reading actual data: A Modbus Exception Occurred - See Response Body
[2024-12-10T03:49:35.074Z] Error writing to Modbus register: A Modbus Exception Occurred - See Response Body
[2024-12-10T03:49:36.084Z] Error reading or processing Modbus registers: A Modbus Exception Occurred - See Response Body
[2024-12-10T03:49:36.086Z] Error reading register 6507 for IP 10.30.4.128: A Modbus Exception Occurred - See Response Body
[2024-12-10T03:49:36.087Z] Error reading actual data: A Modbus Exception Occurred - See Response Body
[2024-12-10T03:49:36.087Z] Error writing to Modbus register: A Modbus Exception Occurred - See Response Body
[2024-12-10T03:49:37.084Z] Error reading or processing Modbus registers: A Modbus Exception Occurred - See Response Body
[2024-12-10T03:49:37.087Z] Error reading register 6507 for IP 10.30.4.128: A Modbus Exception Occurred - See Response Body
[2024-12-10T03:49:37.088Z] Error reading actual data: A Modbus Exception Occurred - See Response Body
[2024-12-10T03:49:37.088Z] Error writing to Modbus register: A Modbus Exception Occurred - See Response Body
[2024-12-10T03:49:38.099Z] Error reading or processing Modbus registers: A Modbus Exception Occurred - See Response Body
[2024-12-10T03:49:38.102Z] Error reading register 6507 for IP 10.30.4.128: A Modbus Exception Occurred - See Response Body
[2024-12-10T03:49:38.103Z] Error reading actual data: A Modbus Exception Occurred - See Response Body
[2024-12-10T03:49:38.103Z] Error writing to Modbus register: A Modbus Exception Occurred - See Response Body
[2024-12-10T03:49:39.111Z] Error reading or processing Modbus registers: A Modbus Exception Occurred - See Response Body
[2024-12-10T03:49:39.115Z] Error reading register 6507 for IP 10.30.4.128: A Modbus Exception Occurred - See Response Body
[2024-12-10T03:49:39.116Z] Error reading actual data: A Modbus Exception Occurred - See Response Body
[2024-12-10T03:49:39.117Z] Error writing to Modbus register: A Modbus Exception Occurred - See Response Body
[2024-12-10T03:49:40.125Z] Error reading or processing Modbus registers: A Modbus Exception Occurred - See Response Body
[2024-12-10T03:49:40.127Z] Error reading register 6507 for IP 10.30.4.128: A Modbus Exception Occurred - See Response Body
[2024-12-10T03:49:40.127Z] Error reading actual data: A Modbus Exception Occurred - See Response Body
[2024-12-10T03:49:40.128Z] Error writing to Modbus register: A Modbus Exception Occurred - See Response Body
[2024-12-10T03:49:41.138Z] Error reading or processing Modbus registers: A Modbus Exception Occurred - See Response Body
[2024-12-10T03:49:41.140Z] Error reading register 6507 for IP 10.30.4.128: A Modbus Exception Occurred - See Response Body
[2024-12-10T03:49:41.141Z] Error reading actual data: A Modbus Exception Occurred - See Response Body
[2024-12-10T03:49:41.142Z] Error writing to Modbus register: A Modbus Exception Occurred - See Response Body
[2024-12-10T03:49:42.152Z] Error reading or processing Modbus registers: A Modbus Exception Occurred - See Response Body
[2024-12-10T03:49:42.154Z] Error reading register 6507 for IP 10.30.4.128: A Modbus Exception Occurred - See Response Body
[2024-12-10T03:49:42.155Z] Error reading actual data: A Modbus Exception Occurred - See Response Body
[2024-12-10T03:49:42.155Z] Error writing to Modbus register: A Modbus Exception Occurred - See Response Body
[2024-12-10T03:49:43.161Z] Error reading or processing Modbus registers: A Modbus Exception Occurred - See Response Body
[2024-12-10T03:49:43.163Z] Error reading register 6507 for IP 10.30.4.128: A Modbus Exception Occurred - See Response Body
[2024-12-10T03:49:43.163Z] Error reading actual data: A Modbus Exception Occurred - See Response Body
[2024-12-10T03:49:43.164Z] Error writing to Modbus register: A Modbus Exception Occurred - See Response Body
[2024-12-10T03:49:44.161Z] Error reading or processing Modbus registers: A Modbus Exception Occurred - See Response Body
[2024-12-10T03:49:44.163Z] Error reading register 6507 for IP 10.30.4.128: A Modbus Exception Occurred - See Response Body
[2024-12-10T03:49:44.164Z] Error reading actual data: A Modbus Exception Occurred - See Response Body
[2024-12-10T03:49:44.165Z] Error writing to Modbus register: A Modbus Exception Occurred - See Response Body
[2024-12-10T03:49:45.171Z] Error reading or processing Modbus registers: A Modbus Exception Occurred - See Response Body
[2024-12-10T03:49:45.175Z] Error reading register 6507 for IP 10.30.4.128: A Modbus Exception Occurred - See Response Body
[2024-12-10T03:49:45.175Z] Error reading actual data: A Modbus Exception Occurred - See Response Body
[2024-12-10T03:49:45.176Z] Error writing to Modbus register: A Modbus Exception Occurred - See Response Body
[2024-12-10T03:49:46.183Z] Error reading or processing Modbus registers: A Modbus Exception Occurred - See Response Body
[2024-12-10T03:49:46.184Z] Error reading register 6507 for IP 10.30.4.128: A Modbus Exception Occurred - See Response Body
[2024-12-10T03:49:46.185Z] Error reading actual data: A Modbus Exception Occurred - See Response Body
[2024-12-10T03:49:46.185Z] Error writing to Modbus register: A Modbus Exception Occurred - See Response Body
[2024-12-10T03:49:47.195Z] Error reading or processing Modbus registers: A Modbus Exception Occurred - See Response Body
[2024-12-10T03:49:47.197Z] Error reading register 6507 for IP 10.30.4.128: A Modbus Exception Occurred - See Response Body
[2024-12-10T03:49:47.197Z] Error reading actual data: A Modbus Exception Occurred - See Response Body
[2024-12-10T03:49:47.198Z] Error writing to Modbus register: A Modbus Exception Occurred - See Response Body
[2024-12-10T03:49:48.207Z] Error reading or processing Modbus registers: A Modbus Exception Occurred - See Response Body
[2024-12-10T03:49:48.209Z] Error reading register 6507 for IP 10.30.4.128: A Modbus Exception Occurred - See Response Body
[2024-12-10T03:49:48.210Z] Error reading actual data: A Modbus Exception Occurred - See Response Body
[2024-12-10T03:49:48.211Z] Error writing to Modbus register: A Modbus Exception Occurred - See Response Body
[2024-12-10T03:49:49.221Z] Error reading or processing Modbus registers: A Modbus Exception Occurred - See Response Body
[2024-12-10T03:49:49.223Z] Error reading register 6507 for IP 10.30.4.128: A Modbus Exception Occurred - See Response Body
[2024-12-10T03:49:49.224Z] Error reading actual data: A Modbus Exception Occurred - See Response Body
[2024-12-10T03:49:49.224Z] Error writing to Modbus register: A Modbus Exception Occurred - See Response Body
[2024-12-10T03:49:50.236Z] Error reading or processing Modbus registers: A Modbus Exception Occurred - See Response Body
[2024-12-10T03:49:50.238Z] Error reading register 6507 for IP 10.30.4.128: A Modbus Exception Occurred - See Response Body
[2024-12-10T03:49:50.239Z] Error reading actual data: A Modbus Exception Occurred - See Response Body
[2024-12-10T03:49:50.240Z] Error writing to Modbus register: A Modbus Exception Occurred - See Response Body
[2024-12-10T03:49:51.250Z] Error reading or processing Modbus registers: A Modbus Exception Occurred - See Response Body
[2024-12-10T03:49:51.253Z] Error reading register 6507 for IP 10.30.4.128: A Modbus Exception Occurred - See Response Body
[2024-12-10T03:49:51.254Z] Error reading actual data: A Modbus Exception Occurred - See Response Body
[2024-12-10T03:49:51.254Z] Error writing to Modbus register: A Modbus Exception Occurred - See Response Body
[2024-12-10T03:49:52.265Z] Error reading or processing Modbus registers: A Modbus Exception Occurred - See Response Body
[2024-12-10T03:49:52.268Z] Error reading register 6507 for IP 10.30.4.128: A Modbus Exception Occurred - See Response Body
[2024-12-10T03:49:52.268Z] Error reading actual data: A Modbus Exception Occurred - See Response Body
[2024-12-10T03:49:52.269Z] Error writing to Modbus register: A Modbus Exception Occurred - See Response Body
[2024-12-10T03:49:53.275Z] Error reading or processing Modbus registers: A Modbus Exception Occurred - See Response Body
[2024-12-10T03:49:53.278Z] Error reading register 6507 for IP 10.30.4.128: A Modbus Exception Occurred - See Response Body
[2024-12-10T03:49:53.279Z] Error reading actual data: A Modbus Exception Occurred - See Response Body
[2024-12-10T03:49:53.279Z] Error writing to Modbus register: A Modbus Exception Occurred - See Response Body
[2024-12-10T03:49:54.287Z] Error reading or processing Modbus registers: A Modbus Exception Occurred - See Response Body
[2024-12-10T03:49:54.290Z] Error reading register 6507 for IP 10.30.4.128: A Modbus Exception Occurred - See Response Body
[2024-12-10T03:49:54.290Z] Error reading actual data: A Modbus Exception Occurred - See Response Body
[2024-12-10T03:49:54.291Z] Error writing to Modbus register: A Modbus Exception Occurred - See Response Body
[2024-12-10T03:49:55.287Z] Error reading or processing Modbus registers: A Modbus Exception Occurred - See Response Body
[2024-12-10T03:49:55.290Z] Error reading register 6507 for IP 10.30.4.128: A Modbus Exception Occurred - See Response Body
[2024-12-10T03:49:55.290Z] Error reading actual data: A Modbus Exception Occurred - See Response Body
[2024-12-10T03:49:55.291Z] Error writing to Modbus register: A Modbus Exception Occurred - See Response Body
[2024-12-10T03:49:56.300Z] Error reading or processing Modbus registers: A Modbus Exception Occurred - See Response Body
[2024-12-10T03:49:56.302Z] Error reading register 6507 for IP 10.30.4.128: A Modbus Exception Occurred - See Response Body
[2024-12-10T03:49:56.303Z] Error reading actual data: A Modbus Exception Occurred - See Response Body
[2024-12-10T03:49:56.306Z] Error writing to Modbus register: A Modbus Exception Occurred - See Response Body
[2024-12-10T03:49:57.313Z] Error reading or processing Modbus registers: A Modbus Exception Occurred - See Response Body
[2024-12-10T03:49:57.319Z] Error reading register 6507 for IP 10.30.4.128: A Modbus Exception Occurred - See Response Body
[2024-12-10T03:49:57.320Z] Error reading actual data: A Modbus Exception Occurred - See Response Body
[2024-12-10T03:49:57.320Z] Error writing to Modbus register: A Modbus Exception Occurred - See Response Body
[2024-12-10T03:49:58.326Z] Error reading or processing Modbus registers: A Modbus Exception Occurred - See Response Body
[2024-12-10T03:49:58.328Z] Error reading register 6507 for IP 10.30.4.128: A Modbus Exception Occurred - See Response Body
[2024-12-10T03:49:58.329Z] Error reading actual data: A Modbus Exception Occurred - See Response Body
[2024-12-10T03:49:58.329Z] Error writing to Modbus register: A Modbus Exception Occurred - See Response Body
[2024-12-10T03:49:59.339Z] Error reading or processing Modbus registers: A Modbus Exception Occurred - See Response Body
[2024-12-10T03:49:59.341Z] Error reading register 6507 for IP 10.30.4.128: A Modbus Exception Occurred - See Response Body
[2024-12-10T03:49:59.342Z] Error reading actual data: A Modbus Exception Occurred - See Response Body
[2024-12-10T03:49:59.343Z] Error writing to Modbus register: A Modbus Exception Occurred - See Response Body
[2024-12-10T03:50:00.353Z] Error reading or processing Modbus registers: A Modbus Exception Occurred - See Response Body
[2024-12-10T03:50:00.355Z] Error reading register 6507 for IP 10.30.4.128: A Modbus Exception Occurred - See Response Body
[2024-12-10T03:50:00.355Z] Error reading actual data: A Modbus Exception Occurred - See Response Body
[2024-12-10T03:50:00.356Z] Error writing to Modbus register: A Modbus Exception Occurred - See Response Body
[2024-12-10T03:50:01.368Z] Error reading or processing Modbus registers: A Modbus Exception Occurred - See Response Body
[2024-12-10T03:50:01.372Z] Error reading register 6507 for IP 10.30.4.128: A Modbus Exception Occurred - See Response Body
[2024-12-10T03:50:01.373Z] Error reading actual data: A Modbus Exception Occurred - See Response Body
[2024-12-10T03:50:01.374Z] Error writing to Modbus register: A Modbus Exception Occurred - See Response Body
[2024-12-10T03:50:02.380Z] Error reading or processing Modbus registers: A Modbus Exception Occurred - See Response Body
[2024-12-10T03:50:02.382Z] Error reading register 6507 for IP 10.30.4.128: A Modbus Exception Occurred - See Response Body
[2024-12-10T03:50:02.382Z] Error reading actual data: A Modbus Exception Occurred - See Response Body
[2024-12-10T03:50:02.383Z] Error writing to Modbus register: A Modbus Exception Occurred - See Response Body
[2024-12-10T03:50:03.393Z] Error reading or processing Modbus registers: A Modbus Exception Occurred - See Response Body
[2024-12-10T03:50:03.396Z] Error reading register 6507 for IP 10.30.4.128: A Modbus Exception Occurred - See Response Body
[2024-12-10T03:50:03.397Z] Error reading actual data: A Modbus Exception Occurred - See Response Body
[2024-12-10T03:50:03.397Z] Error writing to Modbus register: A Modbus Exception Occurred - See Response Body
[2024-12-10T03:50:04.405Z] Error reading or processing Modbus registers: A Modbus Exception Occurred - See Response Body
[2024-12-10T03:50:04.408Z] Error reading register 6507 for IP 10.30.4.128: A Modbus Exception Occurred - See Response Body
[2024-12-10T03:50:04.409Z] Error reading actual data: A Modbus Exception Occurred - See Response Body
[2024-12-10T03:50:04.409Z] Error writing to Modbus register: A Modbus Exception Occurred - See Response Body
[2024-12-10T03:50:05.416Z] Error reading or processing Modbus registers: A Modbus Exception Occurred - See Response Body
[2024-12-10T03:50:05.418Z] Error reading register 6507 for IP 10.30.4.128: A Modbus Exception Occurred - See Response Body
[2024-12-10T03:50:05.419Z] Error reading actual data: A Modbus Exception Occurred - See Response Body
[2024-12-10T03:50:05.420Z] Error writing to Modbus register: A Modbus Exception Occurred - See Response Body
[2024-12-10T03:50:06.431Z] Error reading or processing Modbus registers: A Modbus Exception Occurred - See Response Body
[2024-12-10T03:50:06.433Z] Error reading register 6507 for IP 10.30.4.128: A Modbus Exception Occurred - See Response Body
[2024-12-10T03:50:06.434Z] Error reading actual data: A Modbus Exception Occurred - See Response Body
[2024-12-10T03:50:06.434Z] Error writing to Modbus register: A Modbus Exception Occurred - See Response Body
[2024-12-10T03:50:07.446Z] Error reading or processing Modbus registers: A Modbus Exception Occurred - See Response Body
[2024-12-10T03:50:07.448Z] Error reading register 6507 for IP 10.30.4.128: A Modbus Exception Occurred - See Response Body
[2024-12-10T03:50:07.448Z] Error reading actual data: A Modbus Exception Occurred - See Response Body
[2024-12-10T03:50:07.449Z] Error writing to Modbus register: A Modbus Exception Occurred - See Response Body
[2024-12-10T03:50:08.458Z] Error reading or processing Modbus registers: A Modbus Exception Occurred - See Response Body
[2024-12-10T03:50:08.461Z] Error reading register 6507 for IP 10.30.4.128: A Modbus Exception Occurred - See Response Body
[2024-12-10T03:50:08.461Z] Error reading actual data: A Modbus Exception Occurred - See Response Body
[2024-12-10T03:50:08.462Z] Error writing to Modbus register: A Modbus Exception Occurred - See Response Body
[2024-12-10T03:50:09.474Z] Error reading or processing Modbus registers: A Modbus Exception Occurred - See Response Body
[2024-12-10T03:50:09.476Z] Error reading register 6507 for IP 10.30.4.128: A Modbus Exception Occurred - See Response Body
[2024-12-10T03:50:09.477Z] Error reading actual data: A Modbus Exception Occurred - See Response Body
[2024-12-10T03:50:09.477Z] Error writing to Modbus register: A Modbus Exception Occurred - See Response Body
[2024-12-10T03:50:10.486Z] Error reading or processing Modbus registers: A Modbus Exception Occurred - See Response Body
[2024-12-10T03:50:10.488Z] Error reading register 6507 for IP 10.30.4.128: A Modbus Exception Occurred - See Response Body
[2024-12-10T03:50:10.489Z] Error reading actual data: A Modbus Exception Occurred - See Response Body
[2024-12-10T03:50:10.489Z] Error writing to Modbus register: A Modbus Exception Occurred - See Response Body
[2024-12-10T03:50:11.498Z] Error reading or processing Modbus registers: A Modbus Exception Occurred - See Response Body
[2024-12-10T03:50:11.500Z] Error reading register 6507 for IP 10.30.4.128: A Modbus Exception Occurred - See Response Body
[2024-12-10T03:50:11.501Z] Error reading actual data: A Modbus Exception Occurred - See Response Body
[2024-12-10T03:50:11.502Z] Error writing to Modbus register: A Modbus Exception Occurred - See Response Body
[2024-12-10T03:50:12.511Z] Error reading or processing Modbus registers: A Modbus Exception Occurred - See Response Body
[2024-12-10T03:50:12.513Z] Error reading register 6507 for IP 10.30.4.128: A Modbus Exception Occurred - See Response Body
[2024-12-10T03:50:12.514Z] Error reading actual data: A Modbus Exception Occurred - See Response Body
[2024-12-10T03:50:12.514Z] Error writing to Modbus register: A Modbus Exception Occurred - See Response Body
[2024-12-10T03:50:13.523Z] Error reading or processing Modbus registers: A Modbus Exception Occurred - See Response Body
[2024-12-10T03:50:13.525Z] Error reading register 6507 for IP 10.30.4.128: A Modbus Exception Occurred - See Response Body
[2024-12-10T03:50:13.525Z] Error reading actual data: A Modbus Exception Occurred - See Response Body
[2024-12-10T03:50:13.526Z] Error writing to Modbus register: A Modbus Exception Occurred - See Response Body
[2024-12-10T03:50:14.536Z] Error reading or processing Modbus registers: A Modbus Exception Occurred - See Response Body
[2024-12-10T03:50:14.538Z] Error reading register 6507 for IP 10.30.4.128: A Modbus Exception Occurred - See Response Body
[2024-12-10T03:50:14.540Z] Error reading actual data: A Modbus Exception Occurred - See Response Body
[2024-12-10T03:50:14.540Z] Error writing to Modbus register: A Modbus Exception Occurred - See Response Body
[2024-12-10T03:50:15.549Z] Error reading or processing Modbus registers: A Modbus Exception Occurred - See Response Body
[2024-12-10T03:50:15.551Z] Error reading register 6507 for IP 10.30.4.128: A Modbus Exception Occurred - See Response Body
[2024-12-10T03:50:15.552Z] Error reading actual data: A Modbus Exception Occurred - See Response Body
[2024-12-10T03:50:15.553Z] Error writing to Modbus register: A Modbus Exception Occurred - See Response Body
[2024-12-10T03:50:16.562Z] Error reading or processing Modbus registers: A Modbus Exception Occurred - See Response Body
[2024-12-10T03:50:16.564Z] Error reading register 6507 for IP 10.30.4.128: A Modbus Exception Occurred - See Response Body
[2024-12-10T03:50:16.565Z] Error reading actual data: A Modbus Exception Occurred - See Response Body
[2024-12-10T03:50:16.565Z] Error writing to Modbus register: A Modbus Exception Occurred - See Response Body
[2024-12-10T03:50:17.577Z] Error reading or processing Modbus registers: A Modbus Exception Occurred - See Response Body
[2024-12-10T03:50:17.580Z] Error reading register 6507 for IP 10.30.4.128: A Modbus Exception Occurred - See Response Body
[2024-12-10T03:50:17.580Z] Error reading actual data: A Modbus Exception Occurred - See Response Body
[2024-12-10T03:50:17.581Z] Error writing to Modbus register: A Modbus Exception Occurred - See Response Body
[2024-12-10T03:50:18.588Z] Error reading or processing Modbus registers: A Modbus Exception Occurred - See Response Body
[2024-12-10T03:50:18.590Z] Error reading register 6507 for IP 10.30.4.128: A Modbus Exception Occurred - See Response Body
[2024-12-10T03:50:18.591Z] Error reading actual data: A Modbus Exception Occurred - See Response Body
[2024-12-10T03:50:18.592Z] Error writing to Modbus register: A Modbus Exception Occurred - See Response Body
[2024-12-10T03:50:19.603Z] Error reading or processing Modbus registers: A Modbus Exception Occurred - See Response Body
[2024-12-10T03:50:19.606Z] Error reading register 6507 for IP 10.30.4.128: A Modbus Exception Occurred - See Response Body
[2024-12-10T03:50:19.606Z] Error reading actual data: A Modbus Exception Occurred - See Response Body
[2024-12-10T03:50:19.607Z] Error writing to Modbus register: A Modbus Exception Occurred - See Response Body
[2024-12-10T03:50:20.614Z] Error reading or processing Modbus registers: A Modbus Exception Occurred - See Response Body
[2024-12-10T03:50:20.617Z] Error reading register 6507 for IP 10.30.4.128: A Modbus Exception Occurred - See Response Body
[2024-12-10T03:50:20.617Z] Error reading actual data: A Modbus Exception Occurred - See Response Body
[2024-12-10T03:50:20.618Z] Error writing to Modbus register: A Modbus Exception Occurred - See Response Body
[2024-12-10T03:50:21.629Z] Error reading or processing Modbus registers: A Modbus Exception Occurred - See Response Body
[2024-12-10T03:50:21.631Z] Error reading register 6507 for IP 10.30.4.128: A Modbus Exception Occurred - See Response Body
[2024-12-10T03:50:21.632Z] Error reading actual data: A Modbus Exception Occurred - See Response Body
[2024-12-10T03:50:21.633Z] Error writing to Modbus register: A Modbus Exception Occurred - See Response Body
[2024-12-10T03:50:22.641Z] Error reading or processing Modbus registers: A Modbus Exception Occurred - See Response Body
[2024-12-10T03:50:22.644Z] Error reading register 6507 for IP 10.30.4.128: A Modbus Exception Occurred - See Response Body
[2024-12-10T03:50:22.645Z] Error reading actual data: A Modbus Exception Occurred - See Response Body
[2024-12-10T03:50:22.645Z] Error writing to Modbus register: A Modbus Exception Occurred - See Response Body
[2024-12-10T03:50:23.655Z] Error reading or processing Modbus registers: A Modbus Exception Occurred - See Response Body
[2024-12-10T03:50:23.657Z] Error reading register 6507 for IP 10.30.4.128: A Modbus Exception Occurred - See Response Body
[2024-12-10T03:50:23.658Z] Error reading actual data: A Modbus Exception Occurred - See Response Body
[2024-12-10T03:50:23.659Z] Error writing to Modbus register: A Modbus Exception Occurred - See Response Body
[2024-12-10T03:50:24.657Z] Error reading or processing Modbus registers: A Modbus Exception Occurred - See Response Body
[2024-12-10T03:50:24.660Z] Error reading register 6507 for IP 10.30.4.128: A Modbus Exception Occurred - See Response Body
[2024-12-10T03:50:24.660Z] Error reading actual data: A Modbus Exception Occurred - See Response Body
[2024-12-10T03:50:24.662Z] Error writing to Modbus register: A Modbus Exception Occurred - See Response Body
[2024-12-10T03:50:25.670Z] Error reading or processing Modbus registers: A Modbus Exception Occurred - See Response Body
[2024-12-10T03:50:25.673Z] Error reading register 6507 for IP 10.30.4.128: A Modbus Exception Occurred - See Response Body
[2024-12-10T03:50:25.673Z] Error reading actual data: A Modbus Exception Occurred - See Response Body
[2024-12-10T03:50:25.674Z] Error writing to Modbus register: A Modbus Exception Occurred - See Response Body
[2024-12-10T03:50:26.682Z] Error reading or processing Modbus registers: A Modbus Exception Occurred - See Response Body
[2024-12-10T03:50:26.684Z] Error reading register 6507 for IP 10.30.4.128: A Modbus Exception Occurred - See Response Body
[2024-12-10T03:50:26.685Z] Error reading actual data: A Modbus Exception Occurred - See Response Body
[2024-12-10T03:50:26.685Z] Error writing to Modbus register: A Modbus Exception Occurred - See Response Body
[2024-12-10T03:50:27.696Z] Error reading or processing Modbus registers: A Modbus Exception Occurred - See Response Body
[2024-12-10T03:50:27.699Z] Error reading register 6507 for IP 10.30.4.128: A Modbus Exception Occurred - See Response Body
[2024-12-10T03:50:27.700Z] Error reading actual data: A Modbus Exception Occurred - See Response Body
[2024-12-10T03:50:27.700Z] Error writing to Modbus register: A Modbus Exception Occurred - See Response Body
[2024-12-10T03:50:28.712Z] Error reading or processing Modbus registers: A Modbus Exception Occurred - See Response Body
[2024-12-10T03:50:28.713Z] Error reading register 6507 for IP 10.30.4.128: A Modbus Exception Occurred - See Response Body
[2024-12-10T03:50:28.714Z] Error reading actual data: A Modbus Exception Occurred - See Response Body
[2024-12-10T03:50:28.715Z] Error writing to Modbus register: A Modbus Exception Occurred - See Response Body
[2024-12-10T03:50:29.724Z] Error reading or processing Modbus registers: A Modbus Exception Occurred - See Response Body
[2024-12-10T03:50:29.726Z] Error reading register 6507 for IP 10.30.4.128: A Modbus Exception Occurred - See Response Body
[2024-12-10T03:50:29.727Z] Error reading actual data: A Modbus Exception Occurred - See Response Body
[2024-12-10T03:50:29.727Z] Error writing to Modbus register: A Modbus Exception Occurred - See Response Body
[2024-12-10T03:50:30.737Z] Error reading or processing Modbus registers: A Modbus Exception Occurred - See Response Body
[2024-12-10T03:50:30.740Z] Error reading register 6507 for IP 10.30.4.128: A Modbus Exception Occurred - See Response Body
[2024-12-10T03:50:30.741Z] Error reading actual data: A Modbus Exception Occurred - See Response Body
[2024-12-10T03:50:30.742Z] Error writing to Modbus register: A Modbus Exception Occurred - See Response Body
[2024-12-10T03:50:31.737Z] Error reading or processing Modbus registers: A Modbus Exception Occurred - See Response Body
[2024-12-10T03:50:31.740Z] Error reading register 6507 for IP 10.30.4.128: A Modbus Exception Occurred - See Response Body
[2024-12-10T03:50:31.741Z] Error reading actual data: A Modbus Exception Occurred - See Response Body
[2024-12-10T03:50:31.741Z] Error writing to Modbus register: A Modbus Exception Occurred - See Response Body
[2024-12-10T03:50:32.752Z] Error reading or processing Modbus registers: A Modbus Exception Occurred - See Response Body
[2024-12-10T03:50:32.754Z] Error reading register 6507 for IP 10.30.4.128: A Modbus Exception Occurred - See Response Body
[2024-12-10T03:50:32.754Z] Error reading actual data: A Modbus Exception Occurred - See Response Body
[2024-12-10T03:50:32.755Z] Error writing to Modbus register: A Modbus Exception Occurred - See Response Body
[2024-12-10T03:50:33.766Z] Error reading or processing Modbus registers: A Modbus Exception Occurred - See Response Body
[2024-12-10T03:50:33.768Z] Error reading register 6507 for IP 10.30.4.128: A Modbus Exception Occurred - See Response Body
[2024-12-10T03:50:33.769Z] Error reading actual data: A Modbus Exception Occurred - See Response Body
[2024-12-10T03:50:33.770Z] Error writing to Modbus register: A Modbus Exception Occurred - See Response Body
[2024-12-10T03:50:34.766Z] Error reading or processing Modbus registers: A Modbus Exception Occurred - See Response Body
[2024-12-10T03:50:34.768Z] Error reading register 6507 for IP 10.30.4.128: A Modbus Exception Occurred - See Response Body
[2024-12-10T03:50:34.768Z] Error reading actual data: A Modbus Exception Occurred - See Response Body
[2024-12-10T03:50:34.769Z] Error writing to Modbus register: A Modbus Exception Occurred - See Response Body
[2024-12-10T03:50:35.779Z] Error reading or processing Modbus registers: A Modbus Exception Occurred - See Response Body
[2024-12-10T03:50:35.781Z] Error reading register 6507 for IP 10.30.4.128: A Modbus Exception Occurred - See Response Body
[2024-12-10T03:50:35.782Z] Error reading actual data: A Modbus Exception Occurred - See Response Body
[2024-12-10T03:50:35.782Z] Error writing to Modbus register: A Modbus Exception Occurred - See Response Body
[2024-12-10T03:50:36.794Z] Error reading or processing Modbus registers: A Modbus Exception Occurred - See Response Body
[2024-12-10T03:50:36.796Z] Error reading register 6507 for IP 10.30.4.128: A Modbus Exception Occurred - See Response Body
[2024-12-10T03:50:36.797Z] Error reading actual data: A Modbus Exception Occurred - See Response Body
[2024-12-10T03:50:36.798Z] Error writing to Modbus register: A Modbus Exception Occurred - See Response Body
[2024-12-10T03:50:37.807Z] Error reading or processing Modbus registers: A Modbus Exception Occurred - See Response Body
[2024-12-10T03:50:37.810Z] Error reading register 6507 for IP 10.30.4.128: A Modbus Exception Occurred - See Response Body
[2024-12-10T03:50:37.811Z] Error reading actual data: A Modbus Exception Occurred - See Response Body
[2024-12-10T03:50:37.811Z] Error writing to Modbus register: A Modbus Exception Occurred - See Response Body
[2024-12-10T03:50:38.821Z] Error reading or processing Modbus registers: A Modbus Exception Occurred - See Response Body
[2024-12-10T03:50:38.824Z] Error reading register 6507 for IP 10.30.4.128: A Modbus Exception Occurred - See Response Body
[2024-12-10T03:50:38.824Z] Error reading actual data: A Modbus Exception Occurred - See Response Body
[2024-12-10T03:50:38.825Z] Error writing to Modbus register: A Modbus Exception Occurred - See Response Body
[2024-12-10T03:50:39.832Z] Error reading or processing Modbus registers: A Modbus Exception Occurred - See Response Body
[2024-12-10T03:50:39.834Z] Error reading register 6507 for IP 10.30.4.128: A Modbus Exception Occurred - See Response Body
[2024-12-10T03:50:39.835Z] Error reading actual data: A Modbus Exception Occurred - See Response Body
[2024-12-10T03:50:39.836Z] Error writing to Modbus register: A Modbus Exception Occurred - See Response Body
[2024-12-10T03:50:40.844Z] Error reading or processing Modbus registers: A Modbus Exception Occurred - See Response Body
[2024-12-10T03:50:40.846Z] Error reading register 6507 for IP 10.30.4.128: A Modbus Exception Occurred - See Response Body
[2024-12-10T03:50:40.847Z] Error reading actual data: A Modbus Exception Occurred - See Response Body
[2024-12-10T03:50:40.847Z] Error writing to Modbus register: A Modbus Exception Occurred - See Response Body
[2024-12-10T03:50:41.857Z] Error reading or processing Modbus registers: A Modbus Exception Occurred - See Response Body
[2024-12-10T03:50:41.859Z] Error reading register 6507 for IP 10.30.4.128: A Modbus Exception Occurred - See Response Body
[2024-12-10T03:50:41.860Z] Error reading actual data: A Modbus Exception Occurred - See Response Body
[2024-12-10T03:50:41.860Z] Error writing to Modbus register: A Modbus Exception Occurred - See Response Body
[2024-12-10T03:50:42.870Z] Error reading or processing Modbus registers: A Modbus Exception Occurred - See Response Body
[2024-12-10T03:50:42.871Z] Error reading register 6507 for IP 10.30.4.128: A Modbus Exception Occurred - See Response Body
[2024-12-10T03:50:42.872Z] Error reading actual data: A Modbus Exception Occurred - See Response Body
[2024-12-10T03:50:42.872Z] Error writing to Modbus register: A Modbus Exception Occurred - See Response Body
[2024-12-10T03:50:43.882Z] Error reading or processing Modbus registers: A Modbus Exception Occurred - See Response Body
[2024-12-10T03:50:43.884Z] Error reading register 6507 for IP 10.30.4.128: A Modbus Exception Occurred - See Response Body
[2024-12-10T03:50:43.884Z] Error reading actual data: A Modbus Exception Occurred - See Response Body
[2024-12-10T03:50:43.885Z] Error writing to Modbus register: A Modbus Exception Occurred - See Response Body
[2024-12-10T03:50:44.883Z] Error reading or processing Modbus registers: A Modbus Exception Occurred - See Response Body
[2024-12-10T03:50:44.885Z] Error reading register 6507 for IP 10.30.4.128: A Modbus Exception Occurred - See Response Body
[2024-12-10T03:50:44.886Z] Error reading actual data: A Modbus Exception Occurred - See Response Body
[2024-12-10T03:50:44.886Z] Error writing to Modbus register: A Modbus Exception Occurred - See Response Body
[2024-12-10T03:50:45.898Z] Error reading or processing Modbus registers: A Modbus Exception Occurred - See Response Body
[2024-12-10T03:50:45.900Z] Error reading register 6507 for IP 10.30.4.128: A Modbus Exception Occurred - See Response Body
[2024-12-10T03:50:45.901Z] Error reading actual data: A Modbus Exception Occurred - See Response Body
[2024-12-10T03:50:45.901Z] Error writing to Modbus register: A Modbus Exception Occurred - See Response Body
[2024-12-10T03:50:46.911Z] Error reading or processing Modbus registers: A Modbus Exception Occurred - See Response Body
[2024-12-10T03:50:46.913Z] Error reading register 6507 for IP 10.30.4.128: A Modbus Exception Occurred - See Response Body
[2024-12-10T03:50:46.914Z] Error reading actual data: A Modbus Exception Occurred - See Response Body
[2024-12-10T03:50:46.914Z] Error writing to Modbus register: A Modbus Exception Occurred - See Response Body
[2024-12-10T03:50:47.926Z] Error reading or processing Modbus registers: A Modbus Exception Occurred - See Response Body
[2024-12-10T03:50:47.928Z] Error reading register 6507 for IP 10.30.4.128: A Modbus Exception Occurred - See Response Body
[2024-12-10T03:50:47.929Z] Error reading actual data: A Modbus Exception Occurred - See Response Body
[2024-12-10T03:50:47.929Z] Error writing to Modbus register: A Modbus Exception Occurred - See Response Body
[2024-12-10T03:50:48.938Z] Error reading or processing Modbus registers: A Modbus Exception Occurred - See Response Body
[2024-12-10T03:50:48.941Z] Error reading register 6507 for IP 10.30.4.128: A Modbus Exception Occurred - See Response Body
[2024-12-10T03:50:48.941Z] Error reading actual data: A Modbus Exception Occurred - See Response Body
[2024-12-10T03:50:48.942Z] Error writing to Modbus register: A Modbus Exception Occurred - See Response Body
[2024-12-10T03:50:49.946Z] Error reading or processing Modbus registers: A Modbus Exception Occurred - See Response Body
[2024-12-10T03:50:49.948Z] Error reading register 6507 for IP 10.30.4.128: A Modbus Exception Occurred - See Response Body
[2024-12-10T03:50:49.949Z] Error reading actual data: A Modbus Exception Occurred - See Response Body
[2024-12-10T03:50:49.950Z] Error writing to Modbus register: A Modbus Exception Occurred - See Response Body
[2024-12-10T03:50:50.948Z] Error reading or processing Modbus registers: A Modbus Exception Occurred - See Response Body
[2024-12-10T03:50:50.950Z] Error reading register 6507 for IP 10.30.4.128: A Modbus Exception Occurred - See Response Body
[2024-12-10T03:50:50.951Z] Error reading actual data: A Modbus Exception Occurred - See Response Body
[2024-12-10T03:50:50.951Z] Error writing to Modbus register: A Modbus Exception Occurred - See Response Body
[2024-12-10T03:50:51.961Z] Error reading or processing Modbus registers: A Modbus Exception Occurred - See Response Body
[2024-12-10T03:50:51.963Z] Error reading register 6507 for IP 10.30.4.128: A Modbus Exception Occurred - See Response Body
[2024-12-10T03:50:51.964Z] Error reading actual data: A Modbus Exception Occurred - See Response Body
[2024-12-10T03:50:51.965Z] Error writing to Modbus register: A Modbus Exception Occurred - See Response Body
[2024-12-10T03:50:52.975Z] Error reading or processing Modbus registers: A Modbus Exception Occurred - See Response Body
[2024-12-10T03:50:52.977Z] Error reading register 6507 for IP 10.30.4.128: A Modbus Exception Occurred - See Response Body
[2024-12-10T03:50:52.978Z] Error reading actual data: A Modbus Exception Occurred - See Response Body
[2024-12-10T03:50:52.978Z] Error writing to Modbus register: A Modbus Exception Occurred - See Response Body
[2024-12-10T03:50:53.988Z] Error reading or processing Modbus registers: A Modbus Exception Occurred - See Response Body
[2024-12-10T03:50:53.991Z] Error reading register 6507 for IP 10.30.4.128: A Modbus Exception Occurred - See Response Body
[2024-12-10T03:50:53.992Z] Error reading actual data: A Modbus Exception Occurred - See Response Body
[2024-12-10T03:50:53.992Z] Error writing to Modbus register: A Modbus Exception Occurred - See Response Body
[2024-12-10T03:50:55.000Z] Error reading or processing Modbus registers: A Modbus Exception Occurred - See Response Body
[2024-12-10T03:50:55.002Z] Error reading register 6507 for IP 10.30.4.128: A Modbus Exception Occurred - See Response Body
[2024-12-10T03:50:55.004Z] Error reading actual data: A Modbus Exception Occurred - See Response Body
[2024-12-10T03:50:55.004Z] Error writing to Modbus register: A Modbus Exception Occurred - See Response Body
[2024-12-10T03:50:56.014Z] Error reading or processing Modbus registers: A Modbus Exception Occurred - See Response Body
[2024-12-10T03:50:56.017Z] Error reading register 6507 for IP 10.30.4.128: A Modbus Exception Occurred - See Response Body
[2024-12-10T03:50:56.018Z] Error reading actual data: A Modbus Exception Occurred - See Response Body
[2024-12-10T03:50:56.018Z] Error writing to Modbus register: A Modbus Exception Occurred - See Response Body
[2024-12-10T03:50:57.028Z] Error reading or processing Modbus registers: A Modbus Exception Occurred - See Response Body
[2024-12-10T03:50:57.031Z] Error reading register 6507 for IP 10.30.4.128: A Modbus Exception Occurred - See Response Body
[2024-12-10T03:50:57.032Z] Error reading actual data: A Modbus Exception Occurred - See Response Body
[2024-12-10T03:50:57.032Z] Error writing to Modbus register: A Modbus Exception Occurred - See Response Body
[2024-12-10T03:50:58.042Z] Error reading or processing Modbus registers: A Modbus Exception Occurred - See Response Body
[2024-12-10T03:50:58.044Z] Error reading register 6507 for IP 10.30.4.128: A Modbus Exception Occurred - See Response Body
[2024-12-10T03:50:58.045Z] Error reading actual data: A Modbus Exception Occurred - See Response Body
[2024-12-10T03:50:58.046Z] Error writing to Modbus register: A Modbus Exception Occurred - See Response Body
[2024-12-10T03:50:59.056Z] Error reading or processing Modbus registers: A Modbus Exception Occurred - See Response Body
[2024-12-10T03:50:59.058Z] Error reading register 6507 for IP 10.30.4.128: A Modbus Exception Occurred - See Response Body
[2024-12-10T03:50:59.059Z] Error reading actual data: A Modbus Exception Occurred - See Response Body
[2024-12-10T03:50:59.059Z] Error writing to Modbus register: A Modbus Exception Occurred - See Response Body
[2024-12-10T03:51:00.069Z] Error reading or processing Modbus registers: A Modbus Exception Occurred - See Response Body
[2024-12-10T03:51:00.071Z] Error reading register 6507 for IP 10.30.4.128: A Modbus Exception Occurred - See Response Body
[2024-12-10T03:51:00.072Z] Error reading actual data: A Modbus Exception Occurred - See Response Body
[2024-12-10T03:51:00.072Z] Error writing to Modbus register: A Modbus Exception Occurred - See Response Body
[2024-12-10T03:51:01.084Z] Error reading or processing Modbus registers: A Modbus Exception Occurred - See Response Body
[2024-12-10T03:51:01.086Z] Error reading register 6507 for IP 10.30.4.128: A Modbus Exception Occurred - See Response Body
[2024-12-10T03:51:01.087Z] Error reading actual data: A Modbus Exception Occurred - See Response Body
[2024-12-10T03:51:01.087Z] Error writing to Modbus register: A Modbus Exception Occurred - See Response Body
[2024-12-10T03:51:02.094Z] Error reading or processing Modbus registers: A Modbus Exception Occurred - See Response Body
[2024-12-10T03:51:02.096Z] Error reading register 6507 for IP 10.30.4.128: A Modbus Exception Occurred - See Response Body
[2024-12-10T03:51:02.097Z] Error reading actual data: A Modbus Exception Occurred - See Response Body
[2024-12-10T03:51:02.097Z] Error writing to Modbus register: A Modbus Exception Occurred - See Response Body
[2024-12-10T03:51:03.108Z] Error reading or processing Modbus registers: A Modbus Exception Occurred - See Response Body
[2024-12-10T03:51:03.111Z] Error reading register 6507 for IP 10.30.4.128: A Modbus Exception Occurred - See Response Body
[2024-12-10T03:51:03.112Z] Error reading actual data: A Modbus Exception Occurred - See Response Body
[2024-12-10T03:51:03.112Z] Error writing to Modbus register: A Modbus Exception Occurred - See Response Body
[2024-12-10T03:51:04.121Z] Error reading or processing Modbus registers: A Modbus Exception Occurred - See Response Body
[2024-12-10T03:51:04.124Z] Error reading register 6507 for IP 10.30.4.128: A Modbus Exception Occurred - See Response Body
[2024-12-10T03:51:04.124Z] Error reading actual data: A Modbus Exception Occurred - See Response Body
[2024-12-10T03:51:04.125Z] Error writing to Modbus register: A Modbus Exception Occurred - See Response Body
[2024-12-10T03:51:05.134Z] Error reading or processing Modbus registers: A Modbus Exception Occurred - See Response Body
[2024-12-10T03:51:05.136Z] Error reading register 6507 for IP 10.30.4.128: A Modbus Exception Occurred - See Response Body
[2024-12-10T03:51:05.137Z] Error reading actual data: A Modbus Exception Occurred - See Response Body
[2024-12-10T03:51:05.137Z] Error writing to Modbus register: A Modbus Exception Occurred - See Response Body
[2024-12-10T03:51:06.145Z] Error reading or processing Modbus registers: A Modbus Exception Occurred - See Response Body
[2024-12-10T03:51:06.148Z] Error reading register 6507 for IP 10.30.4.128: A Modbus Exception Occurred - See Response Body
[2024-12-10T03:51:06.149Z] Error reading actual data: A Modbus Exception Occurred - See Response Body
[2024-12-10T03:51:06.149Z] Error writing to Modbus register: A Modbus Exception Occurred - See Response Body
[2024-12-10T03:51:07.158Z] Error reading or processing Modbus registers: A Modbus Exception Occurred - See Response Body
[2024-12-10T03:51:07.161Z] Error reading register 6507 for IP 10.30.4.128: A Modbus Exception Occurred - See Response Body
[2024-12-10T03:51:07.161Z] Error reading actual data: A Modbus Exception Occurred - See Response Body
[2024-12-10T03:51:07.162Z] Error writing to Modbus register: A Modbus Exception Occurred - See Response Body
[2024-12-10T03:51:08.160Z] Error reading or processing Modbus registers: A Modbus Exception Occurred - See Response Body
[2024-12-10T03:51:08.163Z] Error reading register 6507 for IP 10.30.4.128: A Modbus Exception Occurred - See Response Body
[2024-12-10T03:51:08.163Z] Error reading actual data: A Modbus Exception Occurred - See Response Body
[2024-12-10T03:51:08.164Z] Error writing to Modbus register: A Modbus Exception Occurred - See Response Body
[2024-12-10T03:51:09.174Z] Error reading or processing Modbus registers: A Modbus Exception Occurred - See Response Body
[2024-12-10T03:51:09.177Z] Error reading register 6507 for IP 10.30.4.128: A Modbus Exception Occurred - See Response Body
[2024-12-10T03:51:09.177Z] Error reading actual data: A Modbus Exception Occurred - See Response Body
[2024-12-10T03:51:09.178Z] Error writing to Modbus register: A Modbus Exception Occurred - See Response Body
[2024-12-10T03:51:10.187Z] Error reading or processing Modbus registers: A Modbus Exception Occurred - See Response Body
[2024-12-10T03:51:10.190Z] Error reading register 6507 for IP 10.30.4.128: A Modbus Exception Occurred - See Response Body
[2024-12-10T03:51:10.190Z] Error reading actual data: A Modbus Exception Occurred - See Response Body
[2024-12-10T03:51:10.191Z] Error writing to Modbus register: A Modbus Exception Occurred - See Response Body
[2024-12-10T03:51:11.204Z] Error reading or processing Modbus registers: A Modbus Exception Occurred - See Response Body
[2024-12-10T03:51:11.206Z] Error reading register 6507 for IP 10.30.4.128: A Modbus Exception Occurred - See Response Body
[2024-12-10T03:51:11.207Z] Error reading actual data: A Modbus Exception Occurred - See Response Body
[2024-12-10T03:51:11.208Z] Error writing to Modbus register: A Modbus Exception Occurred - See Response Body
[2024-12-10T03:51:12.207Z] Error reading or processing Modbus registers: A Modbus Exception Occurred - See Response Body
[2024-12-10T03:51:12.210Z] Error reading register 6507 for IP 10.30.4.128: A Modbus Exception Occurred - See Response Body
[2024-12-10T03:51:12.211Z] Error reading actual data: A Modbus Exception Occurred - See Response Body
[2024-12-10T03:51:12.211Z] Error writing to Modbus register: A Modbus Exception Occurred - See Response Body
[2024-12-10T03:51:13.222Z] Error reading or processing Modbus registers: A Modbus Exception Occurred - See Response Body
[2024-12-10T03:51:13.224Z] Error reading register 6507 for IP 10.30.4.128: A Modbus Exception Occurred - See Response Body
[2024-12-10T03:51:13.225Z] Error reading actual data: A Modbus Exception Occurred - See Response Body
[2024-12-10T03:51:13.225Z] Error writing to Modbus register: A Modbus Exception Occurred - See Response Body
[2024-12-10T03:51:14.221Z] Error reading or processing Modbus registers: A Modbus Exception Occurred - See Response Body
[2024-12-10T03:51:14.222Z] Error reading register 6507 for IP 10.30.4.128: A Modbus Exception Occurred - See Response Body
[2024-12-10T03:51:14.223Z] Error reading actual data: A Modbus Exception Occurred - See Response Body
[2024-12-10T03:51:14.223Z] Error writing to Modbus register: A Modbus Exception Occurred - See Response Body
[2024-12-10T03:51:15.233Z] Error reading or processing Modbus registers: A Modbus Exception Occurred - See Response Body
[2024-12-10T03:51:15.235Z] Error reading register 6507 for IP 10.30.4.128: A Modbus Exception Occurred - See Response Body
[2024-12-10T03:51:15.236Z] Error reading actual data: A Modbus Exception Occurred - See Response Body
[2024-12-10T03:51:15.236Z] Error writing to Modbus register: A Modbus Exception Occurred - See Response Body
[2024-12-10T03:51:16.245Z] Error reading or processing Modbus registers: A Modbus Exception Occurred - See Response Body
[2024-12-10T03:51:16.247Z] Error reading register 6507 for IP 10.30.4.128: A Modbus Exception Occurred - See Response Body
[2024-12-10T03:51:16.248Z] Error reading actual data: A Modbus Exception Occurred - See Response Body
[2024-12-10T03:51:16.248Z] Error writing to Modbus register: A Modbus Exception Occurred - See Response Body
[2024-12-10T03:51:17.257Z] Error reading or processing Modbus registers: A Modbus Exception Occurred - See Response Body
[2024-12-10T03:51:17.260Z] Error reading register 6507 for IP 10.30.4.128: A Modbus Exception Occurred - See Response Body
[2024-12-10T03:51:17.260Z] Error reading actual data: A Modbus Exception Occurred - See Response Body
[2024-12-10T03:51:17.261Z] Error writing to Modbus register: A Modbus Exception Occurred - See Response Body
[2024-12-10T03:51:18.269Z] Error reading or processing Modbus registers: A Modbus Exception Occurred - See Response Body
[2024-12-10T03:51:18.271Z] Error reading register 6507 for IP 10.30.4.128: A Modbus Exception Occurred - See Response Body
[2024-12-10T03:51:18.272Z] Error reading actual data: A Modbus Exception Occurred - See Response Body
[2024-12-10T03:51:18.272Z] Error writing to Modbus register: A Modbus Exception Occurred - See Response Body
[2024-12-10T03:51:19.285Z] Error reading or processing Modbus registers: A Modbus Exception Occurred - See Response Body
[2024-12-10T03:51:19.287Z] Error reading register 6507 for IP 10.30.4.128: A Modbus Exception Occurred - See Response Body
[2024-12-10T03:51:19.288Z] Error reading actual data: A Modbus Exception Occurred - See Response Body
[2024-12-10T03:51:19.289Z] Error writing to Modbus register: A Modbus Exception Occurred - See Response Body
[2024-12-10T03:51:20.300Z] Error reading or processing Modbus registers: A Modbus Exception Occurred - See Response Body
[2024-12-10T03:51:20.302Z] Error reading register 6507 for IP 10.30.4.128: A Modbus Exception Occurred - See Response Body
[2024-12-10T03:51:20.303Z] Error reading actual data: A Modbus Exception Occurred - See Response Body
[2024-12-10T03:51:20.304Z] Error writing to Modbus register: A Modbus Exception Occurred - See Response Body
[2024-12-10T03:51:21.312Z] Error reading or processing Modbus registers: A Modbus Exception Occurred - See Response Body
[2024-12-10T03:51:21.314Z] Error reading register 6507 for IP 10.30.4.128: A Modbus Exception Occurred - See Response Body
[2024-12-10T03:51:21.315Z] Error reading actual data: A Modbus Exception Occurred - See Response Body
[2024-12-10T03:51:21.316Z] Error writing to Modbus register: A Modbus Exception Occurred - See Response Body
[2024-12-10T03:51:22.321Z] Error reading or processing Modbus registers: A Modbus Exception Occurred - See Response Body
[2024-12-10T03:51:22.323Z] Error reading register 6507 for IP 10.30.4.128: A Modbus Exception Occurred - See Response Body
[2024-12-10T03:51:22.323Z] Error reading actual data: A Modbus Exception Occurred - See Response Body
[2024-12-10T03:51:22.324Z] Error writing to Modbus register: A Modbus Exception Occurred - See Response Body
[2024-12-10T03:51:23.335Z] Error reading or processing Modbus registers: A Modbus Exception Occurred - See Response Body
[2024-12-10T03:51:23.338Z] Error reading register 6507 for IP 10.30.4.128: A Modbus Exception Occurred - See Response Body
[2024-12-10T03:51:23.338Z] Error reading actual data: A Modbus Exception Occurred - See Response Body
[2024-12-10T03:51:23.339Z] Error writing to Modbus register: A Modbus Exception Occurred - See Response Body
[2024-12-10T03:51:24.337Z] Error reading or processing Modbus registers: A Modbus Exception Occurred - See Response Body
[2024-12-10T03:51:24.339Z] Error reading register 6507 for IP 10.30.4.128: A Modbus Exception Occurred - See Response Body
[2024-12-10T03:51:24.340Z] Error reading actual data: A Modbus Exception Occurred - See Response Body
[2024-12-10T03:51:24.341Z] Error writing to Modbus register: A Modbus Exception Occurred - See Response Body
[2024-12-10T03:51:25.348Z] Error reading or processing Modbus registers: A Modbus Exception Occurred - See Response Body
[2024-12-10T03:51:25.351Z] Error reading register 6507 for IP 10.30.4.128: A Modbus Exception Occurred - See Response Body
[2024-12-10T03:51:25.351Z] Error reading actual data: A Modbus Exception Occurred - See Response Body
[2024-12-10T03:51:25.352Z] Error writing to Modbus register: A Modbus Exception Occurred - See Response Body
[2024-12-10T03:51:26.361Z] Error reading or processing Modbus registers: A Modbus Exception Occurred - See Response Body
[2024-12-10T03:51:26.363Z] Error reading register 6507 for IP 10.30.4.128: A Modbus Exception Occurred - See Response Body
[2024-12-10T03:51:26.364Z] Error reading actual data: A Modbus Exception Occurred - See Response Body
[2024-12-10T03:51:26.364Z] Error writing to Modbus register: A Modbus Exception Occurred - See Response Body
[2024-12-10T03:51:27.371Z] Error reading or processing Modbus registers: A Modbus Exception Occurred - See Response Body
[2024-12-10T03:51:27.374Z] Error reading register 6507 for IP 10.30.4.128: A Modbus Exception Occurred - See Response Body
[2024-12-10T03:51:27.375Z] Error reading actual data: A Modbus Exception Occurred - See Response Body
[2024-12-10T03:51:27.375Z] Error writing to Modbus register: A Modbus Exception Occurred - See Response Body
[2024-12-10T03:51:28.384Z] Error reading or processing Modbus registers: A Modbus Exception Occurred - See Response Body
[2024-12-10T03:51:28.387Z] Error reading register 6507 for IP 10.30.4.128: A Modbus Exception Occurred - See Response Body
[2024-12-10T03:51:28.387Z] Error reading actual data: A Modbus Exception Occurred - See Response Body
[2024-12-10T03:51:28.388Z] Error writing to Modbus register: A Modbus Exception Occurred - See Response Body
[2024-12-10T03:51:29.398Z] Error reading or processing Modbus registers: A Modbus Exception Occurred - See Response Body
[2024-12-10T03:51:29.400Z] Error reading register 6507 for IP 10.30.4.128: A Modbus Exception Occurred - See Response Body
[2024-12-10T03:51:29.401Z] Error reading actual data: A Modbus Exception Occurred - See Response Body
[2024-12-10T03:51:29.401Z] Error writing to Modbus register: A Modbus Exception Occurred - See Response Body
[2024-12-10T03:51:30.410Z] Error reading or processing Modbus registers: A Modbus Exception Occurred - See Response Body
[2024-12-10T03:51:30.412Z] Error reading register 6507 for IP 10.30.4.128: A Modbus Exception Occurred - See Response Body
[2024-12-10T03:51:30.412Z] Error reading actual data: A Modbus Exception Occurred - See Response Body
[2024-12-10T03:51:30.413Z] Error writing to Modbus register: A Modbus Exception Occurred - See Response Body
[2024-12-10T03:51:31.424Z] Error reading or processing Modbus registers: A Modbus Exception Occurred - See Response Body
[2024-12-10T03:51:31.425Z] Error reading register 6507 for IP 10.30.4.128: A Modbus Exception Occurred - See Response Body
[2024-12-10T03:51:31.426Z] Error reading actual data: A Modbus Exception Occurred - See Response Body
[2024-12-10T03:51:31.427Z] Error writing to Modbus register: A Modbus Exception Occurred - See Response Body
[2024-12-10T03:51:32.437Z] Error reading or processing Modbus registers: A Modbus Exception Occurred - See Response Body
[2024-12-10T03:51:32.440Z] Error reading register 6507 for IP 10.30.4.128: A Modbus Exception Occurred - See Response Body
[2024-12-10T03:51:32.440Z] Error reading actual data: A Modbus Exception Occurred - See Response Body
[2024-12-10T03:51:32.441Z] Error writing to Modbus register: A Modbus Exception Occurred - See Response Body
[2024-12-10T03:51:33.438Z] Error reading or processing Modbus registers: A Modbus Exception Occurred - See Response Body
[2024-12-10T03:51:33.440Z] Error reading register 6507 for IP 10.30.4.128: A Modbus Exception Occurred - See Response Body
[2024-12-10T03:51:33.441Z] Error reading actual data: A Modbus Exception Occurred - See Response Body
[2024-12-10T03:51:33.441Z] Error writing to Modbus register: A Modbus Exception Occurred - See Response Body
[2024-12-10T03:51:34.448Z] Error reading or processing Modbus registers: A Modbus Exception Occurred - See Response Body
[2024-12-10T03:51:34.450Z] Error reading register 6507 for IP 10.30.4.128: A Modbus Exception Occurred - See Response Body
[2024-12-10T03:51:34.450Z] Error reading actual data: A Modbus Exception Occurred - See Response Body
[2024-12-10T03:51:34.451Z] Error writing to Modbus register: A Modbus Exception Occurred - See Response Body
[2024-12-10T03:51:35.458Z] Error reading or processing Modbus registers: A Modbus Exception Occurred - See Response Body
[2024-12-10T03:51:35.462Z] Error reading register 6507 for IP 10.30.4.128: A Modbus Exception Occurred - See Response Body
[2024-12-10T03:51:35.462Z] Error reading actual data: A Modbus Exception Occurred - See Response Body
[2024-12-10T03:51:35.463Z] Error writing to Modbus register: A Modbus Exception Occurred - See Response Body
[2024-12-10T03:51:36.470Z] Error reading or processing Modbus registers: A Modbus Exception Occurred - See Response Body
[2024-12-10T03:51:36.472Z] Error reading register 6507 for IP 10.30.4.128: A Modbus Exception Occurred - See Response Body
[2024-12-10T03:51:36.473Z] Error reading actual data: A Modbus Exception Occurred - See Response Body
[2024-12-10T03:51:36.474Z] Error writing to Modbus register: A Modbus Exception Occurred - See Response Body
[2024-12-10T03:51:37.484Z] Error reading or processing Modbus registers: A Modbus Exception Occurred - See Response Body
[2024-12-10T03:51:37.486Z] Error reading register 6507 for IP 10.30.4.128: A Modbus Exception Occurred - See Response Body
[2024-12-10T03:51:37.487Z] Error reading actual data: A Modbus Exception Occurred - See Response Body
[2024-12-10T03:51:37.487Z] Error writing to Modbus register: A Modbus Exception Occurred - See Response Body
[2024-12-10T03:51:38.498Z] Error reading or processing Modbus registers: A Modbus Exception Occurred - See Response Body
[2024-12-10T03:51:38.500Z] Error reading register 6507 for IP 10.30.4.128: A Modbus Exception Occurred - See Response Body
[2024-12-10T03:51:38.501Z] Error reading actual data: A Modbus Exception Occurred - See Response Body
[2024-12-10T03:51:38.501Z] Error writing to Modbus register: A Modbus Exception Occurred - See Response Body
[2024-12-10T03:51:39.513Z] Error reading or processing Modbus registers: A Modbus Exception Occurred - See Response Body
[2024-12-10T03:51:39.515Z] Error reading register 6507 for IP 10.30.4.128: A Modbus Exception Occurred - See Response Body
[2024-12-10T03:51:39.516Z] Error reading actual data: A Modbus Exception Occurred - See Response Body
[2024-12-10T03:51:39.516Z] Error writing to Modbus register: A Modbus Exception Occurred - See Response Body
[2024-12-10T03:51:40.526Z] Error reading or processing Modbus registers: A Modbus Exception Occurred - See Response Body
[2024-12-10T03:51:40.528Z] Error reading register 6507 for IP 10.30.4.128: A Modbus Exception Occurred - See Response Body
[2024-12-10T03:51:40.529Z] Error reading actual data: A Modbus Exception Occurred - See Response Body
[2024-12-10T03:51:40.529Z] Error writing to Modbus register: A Modbus Exception Occurred - See Response Body
[2024-12-10T03:51:41.543Z] Error reading or processing Modbus registers: A Modbus Exception Occurred - See Response Body
[2024-12-10T03:51:41.545Z] Error reading register 6507 for IP 10.30.4.128: A Modbus Exception Occurred - See Response Body
[2024-12-10T03:51:41.546Z] Error reading actual data: A Modbus Exception Occurred - See Response Body
[2024-12-10T03:51:41.547Z] Error writing to Modbus register: A Modbus Exception Occurred - See Response Body
[2024-12-10T03:51:42.556Z] Error reading or processing Modbus registers: A Modbus Exception Occurred - See Response Body
[2024-12-10T03:51:42.558Z] Error reading register 6507 for IP 10.30.4.128: A Modbus Exception Occurred - See Response Body
[2024-12-10T03:51:42.559Z] Error reading actual data: A Modbus Exception Occurred - See Response Body
[2024-12-10T03:51:42.559Z] Error writing to Modbus register: A Modbus Exception Occurred - See Response Body
[2024-12-10T03:51:43.566Z] Error reading or processing Modbus registers: A Modbus Exception Occurred - See Response Body
[2024-12-10T03:51:43.568Z] Error reading register 6507 for IP 10.30.4.128: A Modbus Exception Occurred - See Response Body
[2024-12-10T03:51:43.570Z] Error reading actual data: A Modbus Exception Occurred - See Response Body
[2024-12-10T03:51:43.570Z] Error writing to Modbus register: A Modbus Exception Occurred - See Response Body
[2024-12-10T03:51:44.577Z] Error reading or processing Modbus registers: A Modbus Exception Occurred - See Response Body
[2024-12-10T03:51:44.580Z] Error reading register 6507 for IP 10.30.4.128: A Modbus Exception Occurred - See Response Body
[2024-12-10T03:51:44.580Z] Error reading actual data: A Modbus Exception Occurred - See Response Body
[2024-12-10T03:51:44.581Z] Error writing to Modbus register: A Modbus Exception Occurred - See Response Body
[2024-12-10T03:51:45.587Z] Error reading or processing Modbus registers: A Modbus Exception Occurred - See Response Body
[2024-12-10T03:51:45.592Z] Error reading register 6507 for IP 10.30.4.128: A Modbus Exception Occurred - See Response Body
[2024-12-10T03:51:45.592Z] Error reading actual data: A Modbus Exception Occurred - See Response Body
[2024-12-10T03:51:45.593Z] Error writing to Modbus register: A Modbus Exception Occurred - See Response Body
[2024-12-10T03:51:46.599Z] Error reading or processing Modbus registers: A Modbus Exception Occurred - See Response Body
[2024-12-10T03:51:46.601Z] Error reading register 6507 for IP 10.30.4.128: A Modbus Exception Occurred - See Response Body
[2024-12-10T03:51:46.602Z] Error reading actual data: A Modbus Exception Occurred - See Response Body
[2024-12-10T03:51:46.602Z] Error writing to Modbus register: A Modbus Exception Occurred - See Response Body
[2024-12-10T03:51:47.612Z] Error reading or processing Modbus registers: A Modbus Exception Occurred - See Response Body
[2024-12-10T03:51:47.614Z] Error reading register 6507 for IP 10.30.4.128: A Modbus Exception Occurred - See Response Body
[2024-12-10T03:51:47.615Z] Error reading actual data: A Modbus Exception Occurred - See Response Body
[2024-12-10T03:51:47.616Z] Error writing to Modbus register: A Modbus Exception Occurred - See Response Body
[2024-12-10T03:51:48.626Z] Error reading or processing Modbus registers: A Modbus Exception Occurred - See Response Body
[2024-12-10T03:51:48.628Z] Error reading register 6507 for IP 10.30.4.128: A Modbus Exception Occurred - See Response Body
[2024-12-10T03:51:48.628Z] Error reading actual data: A Modbus Exception Occurred - See Response Body
[2024-12-10T03:51:48.629Z] Error writing to Modbus register: A Modbus Exception Occurred - See Response Body
[2024-12-10T03:51:49.637Z] Error reading or processing Modbus registers: A Modbus Exception Occurred - See Response Body
[2024-12-10T03:51:49.640Z] Error reading register 6507 for IP 10.30.4.128: A Modbus Exception Occurred - See Response Body
[2024-12-10T03:51:49.640Z] Error reading actual data: A Modbus Exception Occurred - See Response Body
[2024-12-10T03:51:49.641Z] Error writing to Modbus register: A Modbus Exception Occurred - See Response Body
[2024-12-10T03:51:50.638Z] Error reading or processing Modbus registers: A Modbus Exception Occurred - See Response Body
[2024-12-10T03:51:50.640Z] Error reading register 6507 for IP 10.30.4.128: A Modbus Exception Occurred - See Response Body
[2024-12-10T03:51:50.641Z] Error reading actual data: A Modbus Exception Occurred - See Response Body
[2024-12-10T03:51:50.641Z] Error writing to Modbus register: A Modbus Exception Occurred - See Response Body
[2024-12-10T03:51:51.652Z] Error reading or processing Modbus registers: A Modbus Exception Occurred - See Response Body
[2024-12-10T03:51:51.654Z] Error reading register 6507 for IP 10.30.4.128: A Modbus Exception Occurred - See Response Body
[2024-12-10T03:51:51.655Z] Error reading actual data: A Modbus Exception Occurred - See Response Body
[2024-12-10T03:51:51.655Z] Error writing to Modbus register: A Modbus Exception Occurred - See Response Body
[2024-12-10T03:51:52.653Z] Error reading or processing Modbus registers: A Modbus Exception Occurred - See Response Body
[2024-12-10T03:51:52.655Z] Error reading register 6507 for IP 10.30.4.128: A Modbus Exception Occurred - See Response Body
[2024-12-10T03:51:52.656Z] Error reading actual data: A Modbus Exception Occurred - See Response Body
[2024-12-10T03:51:52.656Z] Error writing to Modbus register: A Modbus Exception Occurred - See Response Body
[2024-12-10T03:51:53.667Z] Error reading or processing Modbus registers: A Modbus Exception Occurred - See Response Body
[2024-12-10T03:51:53.669Z] Error reading register 6507 for IP 10.30.4.128: A Modbus Exception Occurred - See Response Body
[2024-12-10T03:51:53.670Z] Error reading actual data: A Modbus Exception Occurred - See Response Body
[2024-12-10T03:51:53.671Z] Error writing to Modbus register: A Modbus Exception Occurred - See Response Body
[2024-12-10T03:51:54.678Z] Error reading or processing Modbus registers: A Modbus Exception Occurred - See Response Body
[2024-12-10T03:51:54.681Z] Error reading register 6507 for IP 10.30.4.128: A Modbus Exception Occurred - See Response Body
[2024-12-10T03:51:54.682Z] Error reading actual data: A Modbus Exception Occurred - See Response Body
[2024-12-10T03:51:54.683Z] Error writing to Modbus register: A Modbus Exception Occurred - See Response Body
[2024-12-10T03:51:55.680Z] Error reading or processing Modbus registers: A Modbus Exception Occurred - See Response Body
[2024-12-10T03:51:55.682Z] Error reading register 6507 for IP 10.30.4.128: A Modbus Exception Occurred - See Response Body
[2024-12-10T03:51:55.683Z] Error reading actual data: A Modbus Exception Occurred - See Response Body
[2024-12-10T03:51:55.684Z] Error writing to Modbus register: A Modbus Exception Occurred - See Response Body
[2024-12-10T03:51:56.695Z] Error reading or processing Modbus registers: A Modbus Exception Occurred - See Response Body
[2024-12-10T03:51:56.697Z] Error reading register 6507 for IP 10.30.4.128: A Modbus Exception Occurred - See Response Body
[2024-12-10T03:51:56.698Z] Error reading actual data: A Modbus Exception Occurred - See Response Body
[2024-12-10T03:51:56.698Z] Error writing to Modbus register: A Modbus Exception Occurred - See Response Body
[2024-12-10T03:51:57.707Z] Error reading or processing Modbus registers: A Modbus Exception Occurred - See Response Body
[2024-12-10T03:51:57.710Z] Error reading register 6507 for IP 10.30.4.128: A Modbus Exception Occurred - See Response Body
[2024-12-10T03:51:57.711Z] Error reading actual data: A Modbus Exception Occurred - See Response Body
[2024-12-10T03:51:57.711Z] Error writing to Modbus register: A Modbus Exception Occurred - See Response Body
[2024-12-10T03:51:58.714Z] Error reading or processing Modbus registers: A Modbus Exception Occurred - See Response Body
[2024-12-10T03:51:58.716Z] Error reading register 6507 for IP 10.30.4.128: A Modbus Exception Occurred - See Response Body
[2024-12-10T03:51:58.717Z] Error reading actual data: A Modbus Exception Occurred - See Response Body
[2024-12-10T03:51:58.718Z] Error writing to Modbus register: A Modbus Exception Occurred - See Response Body
[2024-12-10T03:51:59.729Z] Error reading or processing Modbus registers: A Modbus Exception Occurred - See Response Body
[2024-12-10T03:51:59.731Z] Error reading register 6507 for IP 10.30.4.128: A Modbus Exception Occurred - See Response Body
[2024-12-10T03:51:59.732Z] Error reading actual data: A Modbus Exception Occurred - See Response Body
[2024-12-10T03:51:59.732Z] Error writing to Modbus register: A Modbus Exception Occurred - See Response Body
[2024-12-10T03:52:00.743Z] Error reading or processing Modbus registers: A Modbus Exception Occurred - See Response Body
[2024-12-10T03:52:00.745Z] Error reading register 6507 for IP 10.30.4.128: A Modbus Exception Occurred - See Response Body
[2024-12-10T03:52:00.746Z] Error reading actual data: A Modbus Exception Occurred - See Response Body
[2024-12-10T03:52:00.747Z] Error writing to Modbus register: A Modbus Exception Occurred - See Response Body
[2024-12-10T03:52:01.756Z] Error reading or processing Modbus registers: A Modbus Exception Occurred - See Response Body
[2024-12-10T03:52:01.758Z] Error reading register 6507 for IP 10.30.4.128: A Modbus Exception Occurred - See Response Body
[2024-12-10T03:52:01.759Z] Error reading actual data: A Modbus Exception Occurred - See Response Body
[2024-12-10T03:52:01.762Z] Error writing to Modbus register: A Modbus Exception Occurred - See Response Body
[2024-12-10T03:52:02.768Z] Error reading or processing Modbus registers: A Modbus Exception Occurred - See Response Body
[2024-12-10T03:52:02.771Z] Error reading register 6507 for IP 10.30.4.128: A Modbus Exception Occurred - See Response Body
[2024-12-10T03:52:02.771Z] Error reading actual data: A Modbus Exception Occurred - See Response Body
[2024-12-10T03:52:02.772Z] Error writing to Modbus register: A Modbus Exception Occurred - See Response Body
[2024-12-10T03:52:03.780Z] Error reading or processing Modbus registers: A Modbus Exception Occurred - See Response Body
[2024-12-10T03:52:03.782Z] Error reading register 6507 for IP 10.30.4.128: A Modbus Exception Occurred - See Response Body
[2024-12-10T03:52:03.782Z] Error reading actual data: A Modbus Exception Occurred - See Response Body
[2024-12-10T03:52:03.783Z] Error writing to Modbus register: A Modbus Exception Occurred - See Response Body
[2024-12-10T03:52:04.792Z] Error reading or processing Modbus registers: A Modbus Exception Occurred - See Response Body
[2024-12-10T03:52:04.794Z] Error reading register 6507 for IP 10.30.4.128: A Modbus Exception Occurred - See Response Body
[2024-12-10T03:52:04.795Z] Error reading actual data: A Modbus Exception Occurred - See Response Body
[2024-12-10T03:52:04.795Z] Error writing to Modbus register: A Modbus Exception Occurred - See Response Body
[2024-12-10T03:52:05.806Z] Error reading or processing Modbus registers: A Modbus Exception Occurred - See Response Body
[2024-12-10T03:52:05.809Z] Error reading register 6507 for IP 10.30.4.128: A Modbus Exception Occurred - See Response Body
[2024-12-10T03:52:05.809Z] Error writing to Modbus register: A Modbus Exception Occurred - See Response Body
[2024-12-10T03:52:05.809Z] Error reading actual data: A Modbus Exception Occurred - See Response Body
[2024-12-10T03:52:06.822Z] Error reading or processing Modbus registers: A Modbus Exception Occurred - See Response Body
[2024-12-10T03:52:06.824Z] Error reading register 6507 for IP 10.30.4.128: A Modbus Exception Occurred - See Response Body
[2024-12-10T03:52:06.825Z] Error reading actual data: A Modbus Exception Occurred - See Response Body
[2024-12-10T03:52:06.825Z] Error writing to Modbus register: A Modbus Exception Occurred - See Response Body
[2024-12-10T03:52:07.835Z] Error reading or processing Modbus registers: A Modbus Exception Occurred - See Response Body
[2024-12-10T03:52:07.837Z] Error reading register 6507 for IP 10.30.4.128: A Modbus Exception Occurred - See Response Body
[2024-12-10T03:52:07.837Z] Error reading actual data: A Modbus Exception Occurred - See Response Body
[2024-12-10T03:52:07.838Z] Error writing to Modbus register: A Modbus Exception Occurred - See Response Body
[2024-12-10T03:52:08.841Z] Error reading or processing Modbus registers: A Modbus Exception Occurred - See Response Body
[2024-12-10T03:52:08.843Z] Error reading register 6507 for IP 10.30.4.128: A Modbus Exception Occurred - See Response Body
[2024-12-10T03:52:08.843Z] Error reading actual data: A Modbus Exception Occurred - See Response Body
[2024-12-10T03:52:08.844Z] Error writing to Modbus register: A Modbus Exception Occurred - See Response Body
[2024-12-10T03:52:09.855Z] Error reading or processing Modbus registers: A Modbus Exception Occurred - See Response Body
[2024-12-10T03:52:09.858Z] Error reading register 6507 for IP 10.30.4.128: A Modbus Exception Occurred - See Response Body
[2024-12-10T03:52:09.858Z] Error reading actual data: A Modbus Exception Occurred - See Response Body
[2024-12-10T03:52:09.859Z] Error writing to Modbus register: A Modbus Exception Occurred - See Response Body
[2024-12-10T03:52:10.868Z] Error reading or processing Modbus registers: A Modbus Exception Occurred - See Response Body
[2024-12-10T03:52:10.871Z] Error reading register 6507 for IP 10.30.4.128: A Modbus Exception Occurred - See Response Body
[2024-12-10T03:52:10.872Z] Error reading actual data: A Modbus Exception Occurred - See Response Body
[2024-12-10T03:52:10.873Z] Error writing to Modbus register: A Modbus Exception Occurred - See Response Body
[2024-12-10T03:52:11.868Z] Error reading or processing Modbus registers: A Modbus Exception Occurred - See Response Body
[2024-12-10T03:52:11.872Z] Error reading register 6507 for IP 10.30.4.128: A Modbus Exception Occurred - See Response Body
[2024-12-10T03:52:11.872Z] Error reading actual data: A Modbus Exception Occurred - See Response Body
[2024-12-10T03:52:11.873Z] Error writing to Modbus register: A Modbus Exception Occurred - See Response Body
[2024-12-10T03:52:12.882Z] Error reading or processing Modbus registers: A Modbus Exception Occurred - See Response Body
[2024-12-10T03:52:12.884Z] Error reading register 6507 for IP 10.30.4.128: A Modbus Exception Occurred - See Response Body
[2024-12-10T03:52:12.885Z] Error reading actual data: A Modbus Exception Occurred - See Response Body
[2024-12-10T03:52:12.885Z] Error writing to Modbus register: A Modbus Exception Occurred - See Response Body
[2024-12-10T03:52:13.896Z] Error reading or processing Modbus registers: A Modbus Exception Occurred - See Response Body
[2024-12-10T03:52:13.898Z] Error reading register 6507 for IP 10.30.4.128: A Modbus Exception Occurred - See Response Body
[2024-12-10T03:52:13.899Z] Error reading actual data: A Modbus Exception Occurred - See Response Body
[2024-12-10T03:52:13.899Z] Error writing to Modbus register: A Modbus Exception Occurred - See Response Body
[2024-12-10T03:52:14.908Z] Error reading or processing Modbus registers: A Modbus Exception Occurred - See Response Body
[2024-12-10T03:52:14.910Z] Error reading register 6507 for IP 10.30.4.128: A Modbus Exception Occurred - See Response Body
[2024-12-10T03:52:14.911Z] Error reading actual data: A Modbus Exception Occurred - See Response Body
[2024-12-10T03:52:14.911Z] Error writing to Modbus register: A Modbus Exception Occurred - See Response Body
[2024-12-10T03:52:15.908Z] Error reading or processing Modbus registers: A Modbus Exception Occurred - See Response Body
[2024-12-10T03:52:15.911Z] Error reading register 6507 for IP 10.30.4.128: A Modbus Exception Occurred - See Response Body
[2024-12-10T03:52:15.912Z] Error reading actual data: A Modbus Exception Occurred - See Response Body
[2024-12-10T03:52:15.913Z] Error writing to Modbus register: A Modbus Exception Occurred - See Response Body
[2024-12-10T03:52:16.922Z] Error reading or processing Modbus registers: A Modbus Exception Occurred - See Response Body
[2024-12-10T03:52:16.924Z] Error reading register 6507 for IP 10.30.4.128: A Modbus Exception Occurred - See Response Body
[2024-12-10T03:52:16.925Z] Error reading actual data: A Modbus Exception Occurred - See Response Body
[2024-12-10T03:52:16.925Z] Error writing to Modbus register: A Modbus Exception Occurred - See Response Body
[2024-12-10T03:52:17.936Z] Error reading or processing Modbus registers: A Modbus Exception Occurred - See Response Body
[2024-12-10T03:52:17.938Z] Error reading register 6507 for IP 10.30.4.128: A Modbus Exception Occurred - See Response Body
[2024-12-10T03:52:17.939Z] Error reading actual data: A Modbus Exception Occurred - See Response Body
[2024-12-10T03:52:17.942Z] Error writing to Modbus register: A Modbus Exception Occurred - See Response Body
[2024-12-10T03:52:18.948Z] Error reading or processing Modbus registers: A Modbus Exception Occurred - See Response Body
[2024-12-10T03:52:18.950Z] Error reading register 6507 for IP 10.30.4.128: A Modbus Exception Occurred - See Response Body
[2024-12-10T03:52:18.951Z] Error reading actual data: A Modbus Exception Occurred - See Response Body
[2024-12-10T03:52:18.951Z] Error writing to Modbus register: A Modbus Exception Occurred - See Response Body
[2024-12-10T03:52:19.962Z] Error reading or processing Modbus registers: A Modbus Exception Occurred - See Response Body
[2024-12-10T03:52:19.964Z] Error reading register 6507 for IP 10.30.4.128: A Modbus Exception Occurred - See Response Body
[2024-12-10T03:52:19.964Z] Error reading actual data: A Modbus Exception Occurred - See Response Body
[2024-12-10T03:52:19.965Z] Error writing to Modbus register: A Modbus Exception Occurred - See Response Body
[2024-12-10T03:52:20.974Z] Error reading or processing Modbus registers: A Modbus Exception Occurred - See Response Body
[2024-12-10T03:52:20.977Z] Error reading register 6507 for IP 10.30.4.128: A Modbus Exception Occurred - See Response Body
[2024-12-10T03:52:20.977Z] Error reading actual data: A Modbus Exception Occurred - See Response Body
[2024-12-10T03:52:20.978Z] Error writing to Modbus register: A Modbus Exception Occurred - See Response Body
[2024-12-10T03:52:21.986Z] Error reading or processing Modbus registers: A Modbus Exception Occurred - See Response Body
[2024-12-10T03:52:21.988Z] Error reading register 6507 for IP 10.30.4.128: A Modbus Exception Occurred - See Response Body
[2024-12-10T03:52:21.988Z] Error reading actual data: A Modbus Exception Occurred - See Response Body
[2024-12-10T03:52:21.989Z] Error writing to Modbus register: A Modbus Exception Occurred - See Response Body
[2024-12-10T03:52:22.999Z] Error reading or processing Modbus registers: A Modbus Exception Occurred - See Response Body
[2024-12-10T03:52:23.001Z] Error reading register 6507 for IP 10.30.4.128: A Modbus Exception Occurred - See Response Body
[2024-12-10T03:52:23.002Z] Error reading actual data: A Modbus Exception Occurred - See Response Body
[2024-12-10T03:52:23.002Z] Error writing to Modbus register: A Modbus Exception Occurred - See Response Body
[2024-12-10T03:52:24.008Z] Error reading or processing Modbus registers: A Modbus Exception Occurred - See Response Body
[2024-12-10T03:52:24.010Z] Error reading register 6507 for IP 10.30.4.128: A Modbus Exception Occurred - See Response Body
[2024-12-10T03:52:24.011Z] Error reading actual data: A Modbus Exception Occurred - See Response Body
[2024-12-10T03:52:24.012Z] Error writing to Modbus register: A Modbus Exception Occurred - See Response Body
[2024-12-10T03:52:25.020Z] Error reading or processing Modbus registers: A Modbus Exception Occurred - See Response Body
[2024-12-10T03:52:25.022Z] Error reading register 6507 for IP 10.30.4.128: A Modbus Exception Occurred - See Response Body
[2024-12-10T03:52:25.022Z] Error reading actual data: A Modbus Exception Occurred - See Response Body
[2024-12-10T03:52:25.023Z] Error writing to Modbus register: A Modbus Exception Occurred - See Response Body
[2024-12-10T03:52:26.030Z] Error reading or processing Modbus registers: A Modbus Exception Occurred - See Response Body
[2024-12-10T03:52:26.032Z] Error reading register 6507 for IP 10.30.4.128: A Modbus Exception Occurred - See Response Body
[2024-12-10T03:52:26.033Z] Error reading actual data: A Modbus Exception Occurred - See Response Body
[2024-12-10T03:52:26.033Z] Error writing to Modbus register: A Modbus Exception Occurred - See Response Body
[2024-12-10T03:52:27.042Z] Error reading or processing Modbus registers: A Modbus Exception Occurred - See Response Body
[2024-12-10T03:52:27.044Z] Error reading register 6507 for IP 10.30.4.128: A Modbus Exception Occurred - See Response Body
[2024-12-10T03:52:27.045Z] Error reading actual data: A Modbus Exception Occurred - See Response Body
[2024-12-10T03:52:27.045Z] Error writing to Modbus register: A Modbus Exception Occurred - See Response Body
[2024-12-10T03:52:28.055Z] Error reading or processing Modbus registers: A Modbus Exception Occurred - See Response Body
[2024-12-10T03:52:28.057Z] Error reading register 6507 for IP 10.30.4.128: A Modbus Exception Occurred - See Response Body
[2024-12-10T03:52:28.058Z] Error reading actual data: A Modbus Exception Occurred - See Response Body
[2024-12-10T03:52:28.059Z] Error writing to Modbus register: A Modbus Exception Occurred - See Response Body
[2024-12-10T03:52:29.067Z] Error reading or processing Modbus registers: A Modbus Exception Occurred - See Response Body
[2024-12-10T03:52:29.070Z] Error reading register 6507 for IP 10.30.4.128: A Modbus Exception Occurred - See Response Body
[2024-12-10T03:52:29.071Z] Error reading actual data: A Modbus Exception Occurred - See Response Body
[2024-12-10T03:52:29.072Z] Error writing to Modbus register: A Modbus Exception Occurred - See Response Body
[2024-12-10T03:52:30.068Z] Error reading or processing Modbus registers: A Modbus Exception Occurred - See Response Body
[2024-12-10T03:52:30.070Z] Error reading register 6507 for IP 10.30.4.128: A Modbus Exception Occurred - See Response Body
[2024-12-10T03:52:30.071Z] Error reading actual data: A Modbus Exception Occurred - See Response Body
[2024-12-10T03:52:30.072Z] Error writing to Modbus register: A Modbus Exception Occurred - See Response Body
[2024-12-10T03:52:31.081Z] Error reading or processing Modbus registers: A Modbus Exception Occurred - See Response Body
[2024-12-10T03:52:31.083Z] Error reading register 6507 for IP 10.30.4.128: A Modbus Exception Occurred - See Response Body
[2024-12-10T03:52:31.084Z] Error reading actual data: A Modbus Exception Occurred - See Response Body
[2024-12-10T03:52:31.085Z] Error writing to Modbus register: A Modbus Exception Occurred - See Response Body
[2024-12-10T03:52:32.092Z] Error reading or processing Modbus registers: A Modbus Exception Occurred - See Response Body
[2024-12-10T03:52:32.095Z] Error reading register 6507 for IP 10.30.4.128: A Modbus Exception Occurred - See Response Body
[2024-12-10T03:52:32.096Z] Error reading actual data: A Modbus Exception Occurred - See Response Body
[2024-12-10T03:52:32.097Z] Error writing to Modbus register: A Modbus Exception Occurred - See Response Body
[2024-12-10T03:52:33.104Z] Error reading or processing Modbus registers: A Modbus Exception Occurred - See Response Body
[2024-12-10T03:52:33.106Z] Error reading register 6507 for IP 10.30.4.128: A Modbus Exception Occurred - See Response Body
[2024-12-10T03:52:33.107Z] Error reading actual data: A Modbus Exception Occurred - See Response Body
[2024-12-10T03:52:33.108Z] Error writing to Modbus register: A Modbus Exception Occurred - See Response Body
[2024-12-10T03:52:34.118Z] Error reading or processing Modbus registers: A Modbus Exception Occurred - See Response Body
[2024-12-10T03:52:34.120Z] Error reading register 6507 for IP 10.30.4.128: A Modbus Exception Occurred - See Response Body
[2024-12-10T03:52:34.121Z] Error reading actual data: A Modbus Exception Occurred - See Response Body
[2024-12-10T03:52:34.121Z] Error writing to Modbus register: A Modbus Exception Occurred - See Response Body
[2024-12-10T03:52:35.130Z] Error reading or processing Modbus registers: A Modbus Exception Occurred - See Response Body
[2024-12-10T03:52:35.133Z] Error reading register 6507 for IP 10.30.4.128: A Modbus Exception Occurred - See Response Body
[2024-12-10T03:52:35.134Z] Error reading actual data: A Modbus Exception Occurred - See Response Body
[2024-12-10T03:52:35.134Z] Error writing to Modbus register: A Modbus Exception Occurred - See Response Body
[2024-12-10T03:52:36.132Z] Error reading or processing Modbus registers: A Modbus Exception Occurred - See Response Body
[2024-12-10T03:52:36.134Z] Error reading register 6507 for IP 10.30.4.128: A Modbus Exception Occurred - See Response Body
[2024-12-10T03:52:36.135Z] Error reading actual data: A Modbus Exception Occurred - See Response Body
[2024-12-10T03:52:36.136Z] Error writing to Modbus register: A Modbus Exception Occurred - See Response Body
[2024-12-10T03:52:37.143Z] Error reading or processing Modbus registers: A Modbus Exception Occurred - See Response Body
[2024-12-10T03:52:37.158Z] Error reading register 6507 for IP 10.30.4.128: A Modbus Exception Occurred - See Response Body
[2024-12-10T03:52:37.159Z] Error reading actual data: A Modbus Exception Occurred - See Response Body
[2024-12-10T03:52:37.159Z] Error writing to Modbus register: A Modbus Exception Occurred - See Response Body
[2024-12-10T03:52:38.156Z] Error reading or processing Modbus registers: A Modbus Exception Occurred - See Response Body
[2024-12-10T03:52:38.159Z] Error reading register 6507 for IP 10.30.4.128: A Modbus Exception Occurred - See Response Body
[2024-12-10T03:52:38.159Z] Error reading actual data: A Modbus Exception Occurred - See Response Body
[2024-12-10T03:52:38.160Z] Error writing to Modbus register: A Modbus Exception Occurred - See Response Body
[2024-12-10T03:52:39.155Z] Error reading or processing Modbus registers: A Modbus Exception Occurred - See Response Body
[2024-12-10T03:52:39.157Z] Error reading register 6507 for IP 10.30.4.128: A Modbus Exception Occurred - See Response Body
[2024-12-10T03:52:39.158Z] Error reading actual data: A Modbus Exception Occurred - See Response Body
[2024-12-10T03:52:39.158Z] Error writing to Modbus register: A Modbus Exception Occurred - See Response Body
[2024-12-10T03:52:40.156Z] Error reading or processing Modbus registers: A Modbus Exception Occurred - See Response Body
[2024-12-10T03:52:40.158Z] Error reading register 6507 for IP 10.30.4.128: A Modbus Exception Occurred - See Response Body
[2024-12-10T03:52:40.158Z] Error reading actual data: A Modbus Exception Occurred - See Response Body
[2024-12-10T03:52:40.159Z] Error writing to Modbus register: A Modbus Exception Occurred - See Response Body
[2024-12-10T03:52:41.168Z] Error reading or processing Modbus registers: A Modbus Exception Occurred - See Response Body
[2024-12-10T03:52:41.170Z] Error reading register 6507 for IP 10.30.4.128: A Modbus Exception Occurred - See Response Body
[2024-12-10T03:52:41.170Z] Error reading actual data: A Modbus Exception Occurred - See Response Body
[2024-12-10T03:52:41.171Z] Error writing to Modbus register: A Modbus Exception Occurred - See Response Body
[2024-12-10T03:52:42.180Z] Error reading or processing Modbus registers: A Modbus Exception Occurred - See Response Body
[2024-12-10T03:52:42.182Z] Error reading register 6507 for IP 10.30.4.128: A Modbus Exception Occurred - See Response Body
[2024-12-10T03:52:42.183Z] Error reading actual data: A Modbus Exception Occurred - See Response Body
[2024-12-10T03:52:42.183Z] Error writing to Modbus register: A Modbus Exception Occurred - See Response Body
[2024-12-10T03:52:43.192Z] Error reading or processing Modbus registers: A Modbus Exception Occurred - See Response Body
[2024-12-10T03:52:43.193Z] Error reading register 6507 for IP 10.30.4.128: A Modbus Exception Occurred - See Response Body
[2024-12-10T03:52:43.194Z] Error reading actual data: A Modbus Exception Occurred - See Response Body
[2024-12-10T03:52:43.195Z] Error writing to Modbus register: A Modbus Exception Occurred - See Response Body
[2024-12-10T03:52:44.206Z] Error reading or processing Modbus registers: A Modbus Exception Occurred - See Response Body
[2024-12-10T03:52:44.208Z] Error reading register 6507 for IP 10.30.4.128: A Modbus Exception Occurred - See Response Body
[2024-12-10T03:52:44.209Z] Error reading actual data: A Modbus Exception Occurred - See Response Body
[2024-12-10T03:52:44.209Z] Error writing to Modbus register: A Modbus Exception Occurred - See Response Body
[2024-12-10T03:52:45.216Z] Error reading or processing Modbus registers: A Modbus Exception Occurred - See Response Body
[2024-12-10T03:52:45.219Z] Error reading register 6507 for IP 10.30.4.128: A Modbus Exception Occurred - See Response Body
[2024-12-10T03:52:45.220Z] Error reading actual data: A Modbus Exception Occurred - See Response Body
[2024-12-10T03:52:45.221Z] Error writing to Modbus register: A Modbus Exception Occurred - See Response Body
[2024-12-10T03:52:46.218Z] Error reading or processing Modbus registers: A Modbus Exception Occurred - See Response Body
[2024-12-10T03:52:46.220Z] Error reading register 6507 for IP 10.30.4.128: A Modbus Exception Occurred - See Response Body
[2024-12-10T03:52:46.221Z] Error reading actual data: A Modbus Exception Occurred - See Response Body
[2024-12-10T03:52:46.221Z] Error writing to Modbus register: A Modbus Exception Occurred - See Response Body
[2024-12-10T03:52:47.230Z] Error reading or processing Modbus registers: A Modbus Exception Occurred - See Response Body
[2024-12-10T03:52:47.232Z] Error reading register 6507 for IP 10.30.4.128: A Modbus Exception Occurred - See Response Body
[2024-12-10T03:52:47.232Z] Error reading actual data: A Modbus Exception Occurred - See Response Body
[2024-12-10T03:52:47.233Z] Error writing to Modbus register: A Modbus Exception Occurred - See Response Body
[2024-12-10T03:52:48.231Z] Error reading or processing Modbus registers: A Modbus Exception Occurred - See Response Body
[2024-12-10T03:52:48.233Z] Error reading register 6507 for IP 10.30.4.128: A Modbus Exception Occurred - See Response Body
[2024-12-10T03:52:48.234Z] Error reading actual data: A Modbus Exception Occurred - See Response Body
[2024-12-10T03:52:48.234Z] Error writing to Modbus register: A Modbus Exception Occurred - See Response Body
[2024-12-10T03:52:49.242Z] Error reading or processing Modbus registers: A Modbus Exception Occurred - See Response Body
[2024-12-10T03:52:49.244Z] Error reading register 6507 for IP 10.30.4.128: A Modbus Exception Occurred - See Response Body
[2024-12-10T03:52:49.245Z] Error reading actual data: A Modbus Exception Occurred - See Response Body
[2024-12-10T03:52:49.246Z] Error writing to Modbus register: A Modbus Exception Occurred - See Response Body
[2024-12-10T03:52:50.247Z] Error reading or processing Modbus registers: A Modbus Exception Occurred - See Response Body
[2024-12-10T03:52:50.249Z] Error reading register 6507 for IP 10.30.4.128: A Modbus Exception Occurred - See Response Body
[2024-12-10T03:52:50.249Z] Error reading actual data: A Modbus Exception Occurred - See Response Body
[2024-12-10T03:52:50.250Z] Error writing to Modbus register: A Modbus Exception Occurred - See Response Body
[2024-12-10T03:52:51.261Z] Error reading or processing Modbus registers: A Modbus Exception Occurred - See Response Body
[2024-12-10T03:52:51.263Z] Error reading register 6507 for IP 10.30.4.128: A Modbus Exception Occurred - See Response Body
[2024-12-10T03:52:51.264Z] Error reading actual data: A Modbus Exception Occurred - See Response Body
[2024-12-10T03:52:51.265Z] Error writing to Modbus register: A Modbus Exception Occurred - See Response Body
[2024-12-10T03:52:52.262Z] Error reading or processing Modbus registers: A Modbus Exception Occurred - See Response Body
[2024-12-10T03:52:52.264Z] Error reading register 6507 for IP 10.30.4.128: A Modbus Exception Occurred - See Response Body
[2024-12-10T03:52:52.265Z] Error reading actual data: A Modbus Exception Occurred - See Response Body
[2024-12-10T03:52:52.265Z] Error writing to Modbus register: A Modbus Exception Occurred - See Response Body
[2024-12-10T03:52:53.274Z] Error reading or processing Modbus registers: A Modbus Exception Occurred - See Response Body
[2024-12-10T03:52:53.277Z] Error reading register 6507 for IP 10.30.4.128: A Modbus Exception Occurred - See Response Body
[2024-12-10T03:52:53.277Z] Error reading actual data: A Modbus Exception Occurred - See Response Body
[2024-12-10T03:52:53.278Z] Error writing to Modbus register: A Modbus Exception Occurred - See Response Body
[2024-12-10T03:52:54.288Z] Error reading or processing Modbus registers: A Modbus Exception Occurred - See Response Body
[2024-12-10T03:52:54.290Z] Error reading register 6507 for IP 10.30.4.128: A Modbus Exception Occurred - See Response Body
[2024-12-10T03:52:54.291Z] Error reading actual data: A Modbus Exception Occurred - See Response Body
[2024-12-10T03:52:54.292Z] Error writing to Modbus register: A Modbus Exception Occurred - See Response Body
[2024-12-10T03:52:55.303Z] Error reading or processing Modbus registers: A Modbus Exception Occurred - See Response Body
[2024-12-10T03:52:55.305Z] Error reading register 6507 for IP 10.30.4.128: A Modbus Exception Occurred - See Response Body
[2024-12-10T03:52:55.306Z] Error reading actual data: A Modbus Exception Occurred - See Response Body
[2024-12-10T03:52:55.307Z] Error writing to Modbus register: A Modbus Exception Occurred - See Response Body
[2024-12-10T03:52:56.318Z] Error reading or processing Modbus registers: A Modbus Exception Occurred - See Response Body
[2024-12-10T03:52:56.321Z] Error reading register 6507 for IP 10.30.4.128: A Modbus Exception Occurred - See Response Body
[2024-12-10T03:52:56.322Z] Error reading actual data: A Modbus Exception Occurred - See Response Body
[2024-12-10T03:52:56.322Z] Error writing to Modbus register: A Modbus Exception Occurred - See Response Body
[2024-12-10T03:52:57.330Z] Error reading or processing Modbus registers: A Modbus Exception Occurred - See Response Body
[2024-12-10T03:52:57.333Z] Error reading register 6507 for IP 10.30.4.128: A Modbus Exception Occurred - See Response Body
[2024-12-10T03:52:57.334Z] Error reading actual data: A Modbus Exception Occurred - See Response Body
[2024-12-10T03:52:57.334Z] Error writing to Modbus register: A Modbus Exception Occurred - See Response Body
[2024-12-10T03:52:58.335Z] Error reading or processing Modbus registers: A Modbus Exception Occurred - See Response Body
[2024-12-10T03:52:58.337Z] Error reading register 6507 for IP 10.30.4.128: A Modbus Exception Occurred - See Response Body
[2024-12-10T03:52:58.338Z] Error reading actual data: A Modbus Exception Occurred - See Response Body
[2024-12-10T03:52:58.338Z] Error writing to Modbus register: A Modbus Exception Occurred - See Response Body
[2024-12-10T03:52:59.348Z] Error reading or processing Modbus registers: A Modbus Exception Occurred - See Response Body
[2024-12-10T03:52:59.351Z] Error reading register 6507 for IP 10.30.4.128: A Modbus Exception Occurred - See Response Body
[2024-12-10T03:52:59.354Z] Error reading actual data: A Modbus Exception Occurred - See Response Body
[2024-12-10T03:52:59.354Z] Error writing to Modbus register: A Modbus Exception Occurred - See Response Body
[2024-12-10T03:53:00.349Z] Error reading or processing Modbus registers: A Modbus Exception Occurred - See Response Body
[2024-12-10T03:53:00.351Z] Error reading register 6507 for IP 10.30.4.128: A Modbus Exception Occurred - See Response Body
[2024-12-10T03:53:00.352Z] Error reading actual data: A Modbus Exception Occurred - See Response Body
[2024-12-10T03:53:00.352Z] Error writing to Modbus register: A Modbus Exception Occurred - See Response Body
[2024-12-10T03:53:01.351Z] Error reading or processing Modbus registers: A Modbus Exception Occurred - See Response Body
[2024-12-10T03:53:01.353Z] Error reading register 6507 for IP 10.30.4.128: A Modbus Exception Occurred - See Response Body
[2024-12-10T03:53:01.354Z] Error reading actual data: A Modbus Exception Occurred - See Response Body
[2024-12-10T03:53:01.354Z] Error writing to Modbus register: A Modbus Exception Occurred - See Response Body
[2024-12-10T03:53:02.363Z] Error reading or processing Modbus registers: A Modbus Exception Occurred - See Response Body
[2024-12-10T03:53:02.365Z] Error reading register 6507 for IP 10.30.4.128: A Modbus Exception Occurred - See Response Body
[2024-12-10T03:53:02.366Z] Error reading actual data: A Modbus Exception Occurred - See Response Body
[2024-12-10T03:53:02.366Z] Error writing to Modbus register: A Modbus Exception Occurred - See Response Body
[2024-12-10T03:53:03.373Z] Error reading or processing Modbus registers: A Modbus Exception Occurred - See Response Body
[2024-12-10T03:53:03.375Z] Error reading register 6507 for IP 10.30.4.128: A Modbus Exception Occurred - See Response Body
[2024-12-10T03:53:03.376Z] Error reading actual data: A Modbus Exception Occurred - See Response Body
[2024-12-10T03:53:03.376Z] Error writing to Modbus register: A Modbus Exception Occurred - See Response Body
[2024-12-10T03:53:04.387Z] Error reading or processing Modbus registers: A Modbus Exception Occurred - See Response Body
[2024-12-10T03:53:04.389Z] Error reading register 6507 for IP 10.30.4.128: A Modbus Exception Occurred - See Response Body
[2024-12-10T03:53:04.389Z] Error reading actual data: A Modbus Exception Occurred - See Response Body
[2024-12-10T03:53:04.390Z] Error writing to Modbus register: A Modbus Exception Occurred - See Response Body
[2024-12-10T03:53:05.390Z] Error reading or processing Modbus registers: A Modbus Exception Occurred - See Response Body
[2024-12-10T03:53:05.392Z] Error reading register 6507 for IP 10.30.4.128: A Modbus Exception Occurred - See Response Body
[2024-12-10T03:53:05.393Z] Error reading actual data: A Modbus Exception Occurred - See Response Body
[2024-12-10T03:53:05.393Z] Error writing to Modbus register: A Modbus Exception Occurred - See Response Body
[2024-12-10T03:53:06.392Z] Error reading or processing Modbus registers: A Modbus Exception Occurred - See Response Body
[2024-12-10T03:53:06.394Z] Error reading register 6507 for IP 10.30.4.128: A Modbus Exception Occurred - See Response Body
[2024-12-10T03:53:06.395Z] Error reading actual data: A Modbus Exception Occurred - See Response Body
[2024-12-10T03:53:06.395Z] Error writing to Modbus register: A Modbus Exception Occurred - See Response Body
[2024-12-10T03:53:07.403Z] Error reading or processing Modbus registers: A Modbus Exception Occurred - See Response Body
[2024-12-10T03:53:07.405Z] Error reading register 6507 for IP 10.30.4.128: A Modbus Exception Occurred - See Response Body
[2024-12-10T03:53:07.405Z] Error reading actual data: A Modbus Exception Occurred - See Response Body
[2024-12-10T03:53:07.406Z] Error writing to Modbus register: A Modbus Exception Occurred - See Response Body
[2024-12-10T03:53:08.403Z] Error reading or processing Modbus registers: A Modbus Exception Occurred - See Response Body
[2024-12-10T03:53:08.406Z] Error reading register 6507 for IP 10.30.4.128: A Modbus Exception Occurred - See Response Body
[2024-12-10T03:53:08.407Z] Error reading actual data: A Modbus Exception Occurred - See Response Body
[2024-12-10T03:53:08.407Z] Error writing to Modbus register: A Modbus Exception Occurred - See Response Body
[2024-12-10T03:53:09.404Z] Error reading or processing Modbus registers: A Modbus Exception Occurred - See Response Body
[2024-12-10T03:53:09.406Z] Error reading register 6507 for IP 10.30.4.128: A Modbus Exception Occurred - See Response Body
[2024-12-10T03:53:09.407Z] Error reading actual data: A Modbus Exception Occurred - See Response Body
[2024-12-10T03:53:09.407Z] Error writing to Modbus register: A Modbus Exception Occurred - See Response Body
[2024-12-10T03:53:10.409Z] Error reading or processing Modbus registers: A Modbus Exception Occurred - See Response Body
[2024-12-10T03:53:10.411Z] Error reading register 6507 for IP 10.30.4.128: A Modbus Exception Occurred - See Response Body
[2024-12-10T03:53:10.411Z] Error reading actual data: A Modbus Exception Occurred - See Response Body
[2024-12-10T03:53:10.412Z] Error writing to Modbus register: A Modbus Exception Occurred - See Response Body
[2024-12-10T03:53:11.418Z] Error reading or processing Modbus registers: A Modbus Exception Occurred - See Response Body
[2024-12-10T03:53:11.420Z] Error reading register 6507 for IP 10.30.4.128: A Modbus Exception Occurred - See Response Body
[2024-12-10T03:53:11.420Z] Error reading actual data: A Modbus Exception Occurred - See Response Body
[2024-12-10T03:53:11.421Z] Error writing to Modbus register: A Modbus Exception Occurred - See Response Body
[2024-12-10T03:53:12.433Z] Error reading or processing Modbus registers: A Modbus Exception Occurred - See Response Body
[2024-12-10T03:53:12.435Z] Error reading register 6507 for IP 10.30.4.128: A Modbus Exception Occurred - See Response Body
[2024-12-10T03:53:12.436Z] Error reading actual data: A Modbus Exception Occurred - See Response Body
[2024-12-10T03:53:12.436Z] Error writing to Modbus register: A Modbus Exception Occurred - See Response Body
[2024-12-10T03:53:13.436Z] Error reading or processing Modbus registers: A Modbus Exception Occurred - See Response Body
[2024-12-10T03:53:13.438Z] Error reading register 6507 for IP 10.30.4.128: A Modbus Exception Occurred - See Response Body
[2024-12-10T03:53:13.438Z] Error reading actual data: A Modbus Exception Occurred - See Response Body
[2024-12-10T03:53:13.439Z] Error writing to Modbus register: A Modbus Exception Occurred - See Response Body
[2024-12-10T03:53:14.440Z] Error reading or processing Modbus registers: A Modbus Exception Occurred - See Response Body
[2024-12-10T03:53:14.442Z] Error reading register 6507 for IP 10.30.4.128: A Modbus Exception Occurred - See Response Body
[2024-12-10T03:53:14.443Z] Error reading actual data: A Modbus Exception Occurred - See Response Body
[2024-12-10T03:53:14.443Z] Error writing to Modbus register: A Modbus Exception Occurred - See Response Body
[2024-12-10T03:53:15.444Z] Error reading or processing Modbus registers: A Modbus Exception Occurred - See Response Body
[2024-12-10T03:53:15.446Z] Error reading register 6507 for IP 10.30.4.128: A Modbus Exception Occurred - See Response Body
[2024-12-10T03:53:15.446Z] Error reading actual data: A Modbus Exception Occurred - See Response Body
[2024-12-10T03:53:15.447Z] Error writing to Modbus register: A Modbus Exception Occurred - See Response Body
[2024-12-10T03:53:16.455Z] Error reading or processing Modbus registers: A Modbus Exception Occurred - See Response Body
[2024-12-10T03:53:16.459Z] Error reading register 6507 for IP 10.30.4.128: A Modbus Exception Occurred - See Response Body
[2024-12-10T03:53:16.460Z] Error reading actual data: A Modbus Exception Occurred - See Response Body
[2024-12-10T03:53:16.460Z] Error writing to Modbus register: A Modbus Exception Occurred - See Response Body
[2024-12-10T03:53:17.467Z] Error reading or processing Modbus registers: A Modbus Exception Occurred - See Response Body
[2024-12-10T03:53:17.469Z] Error reading register 6507 for IP 10.30.4.128: A Modbus Exception Occurred - See Response Body
[2024-12-10T03:53:17.470Z] Error reading actual data: A Modbus Exception Occurred - See Response Body
[2024-12-10T03:53:17.471Z] Error writing to Modbus register: A Modbus Exception Occurred - See Response Body
[2024-12-10T03:53:18.473Z] Error reading or processing Modbus registers: A Modbus Exception Occurred - See Response Body
[2024-12-10T03:53:18.476Z] Error reading register 6507 for IP 10.30.4.128: A Modbus Exception Occurred - See Response Body
[2024-12-10T03:53:18.477Z] Error reading actual data: A Modbus Exception Occurred - See Response Body
[2024-12-10T03:53:18.477Z] Error writing to Modbus register: A Modbus Exception Occurred - See Response Body
[2024-12-10T03:53:19.474Z] Error reading or processing Modbus registers: A Modbus Exception Occurred - See Response Body
[2024-12-10T03:53:19.477Z] Error reading register 6507 for IP 10.30.4.128: A Modbus Exception Occurred - See Response Body
[2024-12-10T03:53:19.478Z] Error reading actual data: A Modbus Exception Occurred - See Response Body
[2024-12-10T03:53:19.478Z] Error writing to Modbus register: A Modbus Exception Occurred - See Response Body
[2024-12-10T03:53:20.475Z] Error reading or processing Modbus registers: A Modbus Exception Occurred - See Response Body
[2024-12-10T03:53:20.477Z] Error reading register 6507 for IP 10.30.4.128: A Modbus Exception Occurred - See Response Body
[2024-12-10T03:53:20.478Z] Error reading actual data: A Modbus Exception Occurred - See Response Body
[2024-12-10T03:53:20.479Z] Error writing to Modbus register: A Modbus Exception Occurred - See Response Body
[2024-12-10T03:53:21.490Z] Error reading or processing Modbus registers: A Modbus Exception Occurred - See Response Body
[2024-12-10T03:53:21.492Z] Error reading register 6507 for IP 10.30.4.128: A Modbus Exception Occurred - See Response Body
[2024-12-10T03:53:21.492Z] Error reading actual data: A Modbus Exception Occurred - See Response Body
[2024-12-10T03:53:21.493Z] Error writing to Modbus register: A Modbus Exception Occurred - See Response Body
[2024-12-10T03:53:22.504Z] Error reading or processing Modbus registers: A Modbus Exception Occurred - See Response Body
[2024-12-10T03:53:22.506Z] Error reading register 6507 for IP 10.30.4.128: A Modbus Exception Occurred - See Response Body
[2024-12-10T03:53:22.507Z] Error reading actual data: A Modbus Exception Occurred - See Response Body
[2024-12-10T03:53:22.507Z] Error writing to Modbus register: A Modbus Exception Occurred - See Response Body
[2024-12-10T03:53:23.516Z] Error reading or processing Modbus registers: A Modbus Exception Occurred - See Response Body
[2024-12-10T03:53:23.519Z] Error reading register 6507 for IP 10.30.4.128: A Modbus Exception Occurred - See Response Body
[2024-12-10T03:53:23.519Z] Error reading actual data: A Modbus Exception Occurred - See Response Body
[2024-12-10T03:53:23.520Z] Error writing to Modbus register: A Modbus Exception Occurred - See Response Body
[2024-12-10T03:53:24.530Z] Error reading or processing Modbus registers: A Modbus Exception Occurred - See Response Body
[2024-12-10T03:53:24.533Z] Error reading register 6507 for IP 10.30.4.128: A Modbus Exception Occurred - See Response Body
[2024-12-10T03:53:24.534Z] Error reading actual data: A Modbus Exception Occurred - See Response Body
[2024-12-10T03:53:24.534Z] Error writing to Modbus register: A Modbus Exception Occurred - See Response Body
[2024-12-10T03:53:25.544Z] Error reading or processing Modbus registers: A Modbus Exception Occurred - See Response Body
[2024-12-10T03:53:25.547Z] Error reading register 6507 for IP 10.30.4.128: A Modbus Exception Occurred - See Response Body
[2024-12-10T03:53:25.547Z] Error reading actual data: A Modbus Exception Occurred - See Response Body
[2024-12-10T03:53:25.548Z] Error writing to Modbus register: A Modbus Exception Occurred - See Response Body
[2024-12-10T03:53:26.558Z] Error reading or processing Modbus registers: A Modbus Exception Occurred - See Response Body
[2024-12-10T03:53:26.560Z] Error reading register 6507 for IP 10.30.4.128: A Modbus Exception Occurred - See Response Body
[2024-12-10T03:53:26.560Z] Error reading actual data: A Modbus Exception Occurred - See Response Body
[2024-12-10T03:53:26.561Z] Error writing to Modbus register: A Modbus Exception Occurred - See Response Body
[2024-12-10T03:53:27.572Z] Error reading or processing Modbus registers: A Modbus Exception Occurred - See Response Body
[2024-12-10T03:53:27.574Z] Error reading register 6507 for IP 10.30.4.128: A Modbus Exception Occurred - See Response Body
[2024-12-10T03:53:27.574Z] Error reading actual data: A Modbus Exception Occurred - See Response Body
[2024-12-10T03:53:27.575Z] Error writing to Modbus register: A Modbus Exception Occurred - See Response Body
[2024-12-10T03:53:28.585Z] Error reading or processing Modbus registers: A Modbus Exception Occurred - See Response Body
[2024-12-10T03:53:28.587Z] Error reading register 6507 for IP 10.30.4.128: A Modbus Exception Occurred - See Response Body
[2024-12-10T03:53:28.587Z] Error reading actual data: A Modbus Exception Occurred - See Response Body
[2024-12-10T03:53:28.588Z] Error writing to Modbus register: A Modbus Exception Occurred - See Response Body
[2024-12-10T03:53:29.586Z] Error reading or processing Modbus registers: A Modbus Exception Occurred - See Response Body
[2024-12-10T03:53:29.588Z] Error reading register 6507 for IP 10.30.4.128: A Modbus Exception Occurred - See Response Body
[2024-12-10T03:53:29.589Z] Error reading actual data: A Modbus Exception Occurred - See Response Body
[2024-12-10T03:53:29.589Z] Error writing to Modbus register: A Modbus Exception Occurred - See Response Body
[2024-12-10T03:53:30.598Z] Error reading or processing Modbus registers: A Modbus Exception Occurred - See Response Body
[2024-12-10T03:53:30.600Z] Error reading register 6507 for IP 10.30.4.128: A Modbus Exception Occurred - See Response Body
[2024-12-10T03:53:30.601Z] Error reading actual data: A Modbus Exception Occurred - See Response Body
[2024-12-10T03:53:30.602Z] Error writing to Modbus register: A Modbus Exception Occurred - See Response Body
[2024-12-10T03:53:31.602Z] Error reading or processing Modbus registers: A Modbus Exception Occurred - See Response Body
[2024-12-10T03:53:31.604Z] Error reading register 6507 for IP 10.30.4.128: A Modbus Exception Occurred - See Response Body
[2024-12-10T03:53:31.605Z] Error reading actual data: A Modbus Exception Occurred - See Response Body
[2024-12-10T03:53:31.605Z] Error writing to Modbus register: A Modbus Exception Occurred - See Response Body
[2024-12-10T03:53:32.616Z] Error reading or processing Modbus registers: A Modbus Exception Occurred - See Response Body
[2024-12-10T03:53:32.618Z] Error reading register 6507 for IP 10.30.4.128: A Modbus Exception Occurred - See Response Body
[2024-12-10T03:53:32.618Z] Error reading actual data: A Modbus Exception Occurred - See Response Body
[2024-12-10T03:53:32.619Z] Error writing to Modbus register: A Modbus Exception Occurred - See Response Body
[2024-12-10T03:53:33.618Z] Error reading or processing Modbus registers: A Modbus Exception Occurred - See Response Body
[2024-12-10T03:53:33.621Z] Error reading register 6507 for IP 10.30.4.128: A Modbus Exception Occurred - See Response Body
[2024-12-10T03:53:33.622Z] Error reading actual data: A Modbus Exception Occurred - See Response Body
[2024-12-10T03:53:33.622Z] Error writing to Modbus register: A Modbus Exception Occurred - See Response Body
[2024-12-10T03:53:34.632Z] Error reading or processing Modbus registers: A Modbus Exception Occurred - See Response Body
[2024-12-10T03:53:34.635Z] Error reading register 6507 for IP 10.30.4.128: A Modbus Exception Occurred - See Response Body
[2024-12-10T03:53:34.635Z] Error reading actual data: A Modbus Exception Occurred - See Response Body
[2024-12-10T03:53:34.636Z] Error writing to Modbus register: A Modbus Exception Occurred - See Response Body
[2024-12-10T03:53:35.646Z] Error reading or processing Modbus registers: A Modbus Exception Occurred - See Response Body
[2024-12-10T03:53:35.648Z] Error reading register 6507 for IP 10.30.4.128: A Modbus Exception Occurred - See Response Body
[2024-12-10T03:53:35.649Z] Error reading actual data: A Modbus Exception Occurred - See Response Body
[2024-12-10T03:53:35.649Z] Error writing to Modbus register: A Modbus Exception Occurred - See Response Body
[2024-12-10T03:53:36.648Z] Error reading or processing Modbus registers: A Modbus Exception Occurred - See Response Body
[2024-12-10T03:53:36.651Z] Error reading register 6507 for IP 10.30.4.128: A Modbus Exception Occurred - See Response Body
[2024-12-10T03:53:36.652Z] Error reading actual data: A Modbus Exception Occurred - See Response Body
[2024-12-10T03:53:36.652Z] Error writing to Modbus register: A Modbus Exception Occurred - See Response Body
[2024-12-10T03:53:37.650Z] Error reading or processing Modbus registers: A Modbus Exception Occurred - See Response Body
[2024-12-10T03:53:37.652Z] Error reading register 6507 for IP 10.30.4.128: A Modbus Exception Occurred - See Response Body
[2024-12-10T03:53:37.653Z] Error reading actual data: A Modbus Exception Occurred - See Response Body
[2024-12-10T03:53:37.653Z] Error writing to Modbus register: A Modbus Exception Occurred - See Response Body
[2024-12-10T03:53:38.651Z] Error reading or processing Modbus registers: A Modbus Exception Occurred - See Response Body
[2024-12-10T03:53:38.653Z] Error reading register 6507 for IP 10.30.4.128: A Modbus Exception Occurred - See Response Body
[2024-12-10T03:53:38.654Z] Error reading actual data: A Modbus Exception Occurred - See Response Body
[2024-12-10T03:53:38.654Z] Error writing to Modbus register: A Modbus Exception Occurred - See Response Body
[2024-12-10T03:53:39.664Z] Error reading or processing Modbus registers: A Modbus Exception Occurred - See Response Body
[2024-12-10T03:53:39.667Z] Error reading register 6507 for IP 10.30.4.128: A Modbus Exception Occurred - See Response Body
[2024-12-10T03:53:39.667Z] Error reading actual data: A Modbus Exception Occurred - See Response Body
[2024-12-10T03:53:39.668Z] Error writing to Modbus register: A Modbus Exception Occurred - See Response Body
[2024-12-10T03:53:40.668Z] Error reading or processing Modbus registers: A Modbus Exception Occurred - See Response Body
[2024-12-10T03:53:40.670Z] Error reading register 6507 for IP 10.30.4.128: A Modbus Exception Occurred - See Response Body
[2024-12-10T03:53:40.671Z] Error reading actual data: A Modbus Exception Occurred - See Response Body
[2024-12-10T03:53:40.672Z] Error writing to Modbus register: A Modbus Exception Occurred - See Response Body
[2024-12-10T03:53:41.670Z] Error reading or processing Modbus registers: A Modbus Exception Occurred - See Response Body
[2024-12-10T03:53:41.673Z] Error reading register 6507 for IP 10.30.4.128: A Modbus Exception Occurred - See Response Body
[2024-12-10T03:53:41.673Z] Error reading actual data: A Modbus Exception Occurred - See Response Body
[2024-12-10T03:53:41.674Z] Error writing to Modbus register: A Modbus Exception Occurred - See Response Body
[2024-12-10T03:53:42.682Z] Error reading or processing Modbus registers: A Modbus Exception Occurred - See Response Body
[2024-12-10T03:53:42.685Z] Error reading register 6507 for IP 10.30.4.128: A Modbus Exception Occurred - See Response Body
[2024-12-10T03:53:42.685Z] Error reading actual data: A Modbus Exception Occurred - See Response Body
[2024-12-10T03:53:42.686Z] Error writing to Modbus register: A Modbus Exception Occurred - See Response Body
[2024-12-10T03:53:43.694Z] Error reading or processing Modbus registers: A Modbus Exception Occurred - See Response Body
[2024-12-10T03:53:43.696Z] Error reading register 6507 for IP 10.30.4.128: A Modbus Exception Occurred - See Response Body
[2024-12-10T03:53:43.697Z] Error reading actual data: A Modbus Exception Occurred - See Response Body
[2024-12-10T03:53:43.697Z] Error writing to Modbus register: A Modbus Exception Occurred - See Response Body
[2024-12-10T03:53:44.699Z] Error reading or processing Modbus registers: A Modbus Exception Occurred - See Response Body
[2024-12-10T03:53:44.703Z] Error reading register 6507 for IP 10.30.4.128: A Modbus Exception Occurred - See Response Body
[2024-12-10T03:53:44.704Z] Error reading actual data: A Modbus Exception Occurred - See Response Body
[2024-12-10T03:53:44.704Z] Error writing to Modbus register: A Modbus Exception Occurred - See Response Body
[2024-12-10T03:53:45.701Z] Error reading or processing Modbus registers: A Modbus Exception Occurred - See Response Body
[2024-12-10T03:53:45.704Z] Error reading register 6507 for IP 10.30.4.128: A Modbus Exception Occurred - See Response Body
[2024-12-10T03:53:45.705Z] Error reading actual data: A Modbus Exception Occurred - See Response Body
[2024-12-10T03:53:45.705Z] Error writing to Modbus register: A Modbus Exception Occurred - See Response Body
[2024-12-10T03:53:46.715Z] Error reading or processing Modbus registers: A Modbus Exception Occurred - See Response Body
[2024-12-10T03:53:46.717Z] Error reading register 6507 for IP 10.30.4.128: A Modbus Exception Occurred - See Response Body
[2024-12-10T03:53:46.718Z] Error reading actual data: A Modbus Exception Occurred - See Response Body
[2024-12-10T03:53:46.718Z] Error writing to Modbus register: A Modbus Exception Occurred - See Response Body
[2024-12-10T03:53:47.728Z] Error reading or processing Modbus registers: A Modbus Exception Occurred - See Response Body
[2024-12-10T03:53:47.731Z] Error reading register 6507 for IP 10.30.4.128: A Modbus Exception Occurred - See Response Body
[2024-12-10T03:53:47.732Z] Error reading actual data: A Modbus Exception Occurred - See Response Body
[2024-12-10T03:53:47.732Z] Error writing to Modbus register: A Modbus Exception Occurred - See Response Body
[2024-12-10T03:53:48.742Z] Error reading or processing Modbus registers: A Modbus Exception Occurred - See Response Body
[2024-12-10T03:53:48.744Z] Error reading register 6507 for IP 10.30.4.128: A Modbus Exception Occurred - See Response Body
[2024-12-10T03:53:48.745Z] Error reading actual data: A Modbus Exception Occurred - See Response Body
[2024-12-10T03:53:48.746Z] Error writing to Modbus register: A Modbus Exception Occurred - See Response Body
[2024-12-10T03:53:49.744Z] Error reading or processing Modbus registers: A Modbus Exception Occurred - See Response Body
[2024-12-10T03:53:49.746Z] Error reading register 6507 for IP 10.30.4.128: A Modbus Exception Occurred - See Response Body
[2024-12-10T03:53:49.747Z] Error reading actual data: A Modbus Exception Occurred - See Response Body
[2024-12-10T03:53:49.747Z] Error writing to Modbus register: A Modbus Exception Occurred - See Response Body
[2024-12-10T03:53:50.746Z] Error reading or processing Modbus registers: A Modbus Exception Occurred - See Response Body
[2024-12-10T03:53:50.748Z] Error reading register 6507 for IP 10.30.4.128: A Modbus Exception Occurred - See Response Body
[2024-12-10T03:53:50.749Z] Error reading actual data: A Modbus Exception Occurred - See Response Body
[2024-12-10T03:53:50.749Z] Error writing to Modbus register: A Modbus Exception Occurred - See Response Body
[2024-12-10T03:53:51.745Z] Error reading or processing Modbus registers: A Modbus Exception Occurred - See Response Body
[2024-12-10T03:53:51.747Z] Error reading register 6507 for IP 10.30.4.128: A Modbus Exception Occurred - See Response Body
[2024-12-10T03:53:51.748Z] Error reading actual data: A Modbus Exception Occurred - See Response Body
[2024-12-10T03:53:51.748Z] Error writing to Modbus register: A Modbus Exception Occurred - See Response Body
[2024-12-10T03:53:52.750Z] Error reading or processing Modbus registers: A Modbus Exception Occurred - See Response Body
[2024-12-10T03:53:52.752Z] Error reading register 6507 for IP 10.30.4.128: A Modbus Exception Occurred - See Response Body
[2024-12-10T03:53:52.753Z] Error reading actual data: A Modbus Exception Occurred - See Response Body
[2024-12-10T03:53:52.753Z] Error writing to Modbus register: A Modbus Exception Occurred - See Response Body
[2024-12-10T03:53:53.763Z] Error reading or processing Modbus registers: A Modbus Exception Occurred - See Response Body
[2024-12-10T03:53:53.765Z] Error reading register 6507 for IP 10.30.4.128: A Modbus Exception Occurred - See Response Body
[2024-12-10T03:53:53.766Z] Error reading actual data: A Modbus Exception Occurred - See Response Body
[2024-12-10T03:53:53.766Z] Error writing to Modbus register: A Modbus Exception Occurred - See Response Body
[2024-12-10T03:53:54.765Z] Error reading or processing Modbus registers: A Modbus Exception Occurred - See Response Body
[2024-12-10T03:53:54.767Z] Error reading register 6507 for IP 10.30.4.128: A Modbus Exception Occurred - See Response Body
[2024-12-10T03:53:54.768Z] Error reading actual data: A Modbus Exception Occurred - See Response Body
[2024-12-10T03:53:54.768Z] Error writing to Modbus register: A Modbus Exception Occurred - See Response Body
[2024-12-10T03:53:55.778Z] Error reading or processing Modbus registers: A Modbus Exception Occurred - See Response Body
[2024-12-10T03:53:55.780Z] Error reading register 6507 for IP 10.30.4.128: A Modbus Exception Occurred - See Response Body
[2024-12-10T03:53:55.781Z] Error reading actual data: A Modbus Exception Occurred - See Response Body
[2024-12-10T03:53:55.781Z] Error writing to Modbus register: A Modbus Exception Occurred - See Response Body
[2024-12-10T03:53:56.779Z] Error reading or processing Modbus registers: A Modbus Exception Occurred - See Response Body
[2024-12-10T03:53:56.781Z] Error reading register 6507 for IP 10.30.4.128: A Modbus Exception Occurred - See Response Body
[2024-12-10T03:53:56.782Z] Error reading actual data: A Modbus Exception Occurred - See Response Body
[2024-12-10T03:53:56.782Z] Error writing to Modbus register: A Modbus Exception Occurred - See Response Body
[2024-12-10T03:53:57.793Z] Error reading or processing Modbus registers: A Modbus Exception Occurred - See Response Body
[2024-12-10T03:53:57.795Z] Error reading register 6507 for IP 10.30.4.128: A Modbus Exception Occurred - See Response Body
[2024-12-10T03:53:57.796Z] Error reading actual data: A Modbus Exception Occurred - See Response Body
[2024-12-10T03:53:57.796Z] Error writing to Modbus register: A Modbus Exception Occurred - See Response Body
[2024-12-10T03:53:58.797Z] Error reading or processing Modbus registers: A Modbus Exception Occurred - See Response Body
[2024-12-10T03:53:58.799Z] Error reading register 6507 for IP 10.30.4.128: A Modbus Exception Occurred - See Response Body
[2024-12-10T03:53:58.800Z] Error reading actual data: A Modbus Exception Occurred - See Response Body
[2024-12-10T03:53:58.800Z] Error writing to Modbus register: A Modbus Exception Occurred - See Response Body
[2024-12-10T03:53:59.802Z] Error reading or processing Modbus registers: A Modbus Exception Occurred - See Response Body
[2024-12-10T03:53:59.804Z] Error reading register 6507 for IP 10.30.4.128: A Modbus Exception Occurred - See Response Body
[2024-12-10T03:53:59.805Z] Error reading actual data: A Modbus Exception Occurred - See Response Body
[2024-12-10T03:53:59.806Z] Error writing to Modbus register: A Modbus Exception Occurred - See Response Body
[2024-12-10T03:54:00.817Z] Error reading or processing Modbus registers: A Modbus Exception Occurred - See Response Body
[2024-12-10T03:54:00.819Z] Error reading register 6507 for IP 10.30.4.128: A Modbus Exception Occurred - See Response Body
[2024-12-10T03:54:00.820Z] Error reading actual data: A Modbus Exception Occurred - See Response Body
[2024-12-10T03:54:00.820Z] Error writing to Modbus register: A Modbus Exception Occurred - See Response Body
[2024-12-10T03:54:01.831Z] Error reading or processing Modbus registers: A Modbus Exception Occurred - See Response Body
[2024-12-10T03:54:01.833Z] Error reading register 6507 for IP 10.30.4.128: A Modbus Exception Occurred - See Response Body
[2024-12-10T03:54:01.833Z] Error reading actual data: A Modbus Exception Occurred - See Response Body
[2024-12-10T03:54:01.834Z] Error writing to Modbus register: A Modbus Exception Occurred - See Response Body
[2024-12-10T03:54:02.830Z] Error reading or processing Modbus registers: A Modbus Exception Occurred - See Response Body
[2024-12-10T03:54:02.832Z] Error reading register 6507 for IP 10.30.4.128: A Modbus Exception Occurred - See Response Body
[2024-12-10T03:54:02.833Z] Error reading actual data: A Modbus Exception Occurred - See Response Body
[2024-12-10T03:54:02.834Z] Error writing to Modbus register: A Modbus Exception Occurred - See Response Body
[2024-12-10T03:54:03.831Z] Error reading or processing Modbus registers: A Modbus Exception Occurred - See Response Body
[2024-12-10T03:54:03.833Z] Error reading register 6507 for IP 10.30.4.128: A Modbus Exception Occurred - See Response Body
[2024-12-10T03:54:03.834Z] Error reading actual data: A Modbus Exception Occurred - See Response Body
[2024-12-10T03:54:03.834Z] Error writing to Modbus register: A Modbus Exception Occurred - See Response Body
[2024-12-10T03:54:04.834Z] Error reading or processing Modbus registers: A Modbus Exception Occurred - See Response Body
[2024-12-10T03:54:04.837Z] Error reading register 6507 for IP 10.30.4.128: A Modbus Exception Occurred - See Response Body
[2024-12-10T03:54:04.838Z] Error reading actual data: A Modbus Exception Occurred - See Response Body
[2024-12-10T03:54:04.839Z] Error writing to Modbus register: A Modbus Exception Occurred - See Response Body
[2024-12-10T03:54:05.846Z] Error reading or processing Modbus registers: A Modbus Exception Occurred - See Response Body
[2024-12-10T03:54:05.848Z] Error reading register 6507 for IP 10.30.4.128: A Modbus Exception Occurred - See Response Body
[2024-12-10T03:54:05.848Z] Error reading actual data: A Modbus Exception Occurred - See Response Body
[2024-12-10T03:54:05.849Z] Error writing to Modbus register: A Modbus Exception Occurred - See Response Body
[2024-12-10T03:54:06.860Z] Error reading or processing Modbus registers: A Modbus Exception Occurred - See Response Body
[2024-12-10T03:54:06.862Z] Error reading register 6507 for IP 10.30.4.128: A Modbus Exception Occurred - See Response Body
[2024-12-10T03:54:06.863Z] Error reading actual data: A Modbus Exception Occurred - See Response Body
[2024-12-10T03:54:06.864Z] Error writing to Modbus register: A Modbus Exception Occurred - See Response Body
[2024-12-10T03:54:07.873Z] Error reading or processing Modbus registers: A Modbus Exception Occurred - See Response Body
[2024-12-10T03:54:07.875Z] Error reading register 6507 for IP 10.30.4.128: A Modbus Exception Occurred - See Response Body
[2024-12-10T03:54:07.876Z] Error reading actual data: A Modbus Exception Occurred - See Response Body
[2024-12-10T03:54:07.877Z] Error writing to Modbus register: A Modbus Exception Occurred - See Response Body
[2024-12-10T03:54:08.887Z] Error reading or processing Modbus registers: A Modbus Exception Occurred - See Response Body
[2024-12-10T03:54:08.889Z] Error reading register 6507 for IP 10.30.4.128: A Modbus Exception Occurred - See Response Body
[2024-12-10T03:54:08.890Z] Error reading actual data: A Modbus Exception Occurred - See Response Body
[2024-12-10T03:54:08.891Z] Error writing to Modbus register: A Modbus Exception Occurred - See Response Body
[2024-12-10T03:54:09.890Z] Error reading or processing Modbus registers: A Modbus Exception Occurred - See Response Body
[2024-12-10T03:54:09.892Z] Error reading register 6507 for IP 10.30.4.128: A Modbus Exception Occurred - See Response Body
[2024-12-10T03:54:09.892Z] Error reading actual data: A Modbus Exception Occurred - See Response Body
[2024-12-10T03:54:09.893Z] Error writing to Modbus register: A Modbus Exception Occurred - See Response Body
[2024-12-10T03:54:10.892Z] Error reading or processing Modbus registers: A Modbus Exception Occurred - See Response Body
[2024-12-10T03:54:10.894Z] Error reading register 6507 for IP 10.30.4.128: A Modbus Exception Occurred - See Response Body
[2024-12-10T03:54:10.894Z] Error reading actual data: A Modbus Exception Occurred - See Response Body
[2024-12-10T03:54:10.895Z] Error writing to Modbus register: A Modbus Exception Occurred - See Response Body
[2024-12-10T03:54:11.898Z] Error reading or processing Modbus registers: A Modbus Exception Occurred - See Response Body
[2024-12-10T03:54:11.900Z] Error reading register 6507 for IP 10.30.4.128: A Modbus Exception Occurred - See Response Body
[2024-12-10T03:54:11.901Z] Error reading actual data: A Modbus Exception Occurred - See Response Body
[2024-12-10T03:54:11.902Z] Error writing to Modbus register: A Modbus Exception Occurred - See Response Body
[2024-12-10T03:54:12.913Z] Error reading or processing Modbus registers: A Modbus Exception Occurred - See Response Body
[2024-12-10T03:54:12.915Z] Error reading register 6507 for IP 10.30.4.128: A Modbus Exception Occurred - See Response Body
[2024-12-10T03:54:12.916Z] Error reading actual data: A Modbus Exception Occurred - See Response Body
[2024-12-10T03:54:12.916Z] Error writing to Modbus register: A Modbus Exception Occurred - See Response Body
[2024-12-10T03:54:13.926Z] Error reading or processing Modbus registers: A Modbus Exception Occurred - See Response Body
[2024-12-10T03:54:13.929Z] Error reading register 6507 for IP 10.30.4.128: A Modbus Exception Occurred - See Response Body
[2024-12-10T03:54:13.930Z] Error reading actual data: A Modbus Exception Occurred - See Response Body
[2024-12-10T03:54:13.930Z] Error writing to Modbus register: A Modbus Exception Occurred - See Response Body
[2024-12-10T03:54:14.929Z] Error reading or processing Modbus registers: A Modbus Exception Occurred - See Response Body
[2024-12-10T03:54:14.932Z] Error reading register 6507 for IP 10.30.4.128: A Modbus Exception Occurred - See Response Body
[2024-12-10T03:54:14.933Z] Error reading actual data: A Modbus Exception Occurred - See Response Body
[2024-12-10T03:54:14.933Z] Error writing to Modbus register: A Modbus Exception Occurred - See Response Body
[2024-12-10T03:54:15.944Z] Error reading or processing Modbus registers: A Modbus Exception Occurred - See Response Body
[2024-12-10T03:54:15.946Z] Error reading register 6507 for IP 10.30.4.128: A Modbus Exception Occurred - See Response Body
[2024-12-10T03:54:15.947Z] Error reading actual data: A Modbus Exception Occurred - See Response Body
[2024-12-10T03:54:15.947Z] Error writing to Modbus register: A Modbus Exception Occurred - See Response Body
[2024-12-10T03:54:16.955Z] Error reading or processing Modbus registers: A Modbus Exception Occurred - See Response Body
[2024-12-10T03:54:16.957Z] Error reading register 6507 for IP 10.30.4.128: A Modbus Exception Occurred - See Response Body
[2024-12-10T03:54:16.958Z] Error reading actual data: A Modbus Exception Occurred - See Response Body
[2024-12-10T03:54:16.958Z] Error writing to Modbus register: A Modbus Exception Occurred - See Response Body
[2024-12-10T03:54:17.970Z] Error reading or processing Modbus registers: A Modbus Exception Occurred - See Response Body
[2024-12-10T03:54:17.972Z] Error reading register 6507 for IP 10.30.4.128: A Modbus Exception Occurred - See Response Body
[2024-12-10T03:54:17.973Z] Error reading actual data: A Modbus Exception Occurred - See Response Body
[2024-12-10T03:54:17.973Z] Error writing to Modbus register: A Modbus Exception Occurred - See Response Body
[2024-12-10T03:54:18.982Z] Error reading or processing Modbus registers: A Modbus Exception Occurred - See Response Body
[2024-12-10T03:54:18.984Z] Error reading register 6507 for IP 10.30.4.128: A Modbus Exception Occurred - See Response Body
[2024-12-10T03:54:18.985Z] Error reading actual data: A Modbus Exception Occurred - See Response Body
[2024-12-10T03:54:18.985Z] Error writing to Modbus register: A Modbus Exception Occurred - See Response Body
[2024-12-10T03:54:19.986Z] Error reading or processing Modbus registers: A Modbus Exception Occurred - See Response Body
[2024-12-10T03:54:19.988Z] Error reading register 6507 for IP 10.30.4.128: A Modbus Exception Occurred - See Response Body
[2024-12-10T03:54:19.989Z] Error reading actual data: A Modbus Exception Occurred - See Response Body
[2024-12-10T03:54:19.989Z] Error writing to Modbus register: A Modbus Exception Occurred - See Response Body
[2024-12-10T03:54:20.999Z] Error reading or processing Modbus registers: A Modbus Exception Occurred - See Response Body
[2024-12-10T03:54:21.001Z] Error reading register 6507 for IP 10.30.4.128: A Modbus Exception Occurred - See Response Body
[2024-12-10T03:54:21.001Z] Error reading actual data: A Modbus Exception Occurred - See Response Body
[2024-12-10T03:54:21.002Z] Error writing to Modbus register: A Modbus Exception Occurred - See Response Body
[2024-12-10T03:54:22.011Z] Error reading or processing Modbus registers: A Modbus Exception Occurred - See Response Body
[2024-12-10T03:54:22.013Z] Error reading register 6507 for IP 10.30.4.128: A Modbus Exception Occurred - See Response Body
[2024-12-10T03:54:22.014Z] Error reading actual data: A Modbus Exception Occurred - See Response Body
[2024-12-10T03:54:22.014Z] Error writing to Modbus register: A Modbus Exception Occurred - See Response Body
[2024-12-10T03:54:23.023Z] Error reading or processing Modbus registers: A Modbus Exception Occurred - See Response Body
[2024-12-10T03:54:23.025Z] Error reading register 6507 for IP 10.30.4.128: A Modbus Exception Occurred - See Response Body
[2024-12-10T03:54:23.026Z] Error reading actual data: A Modbus Exception Occurred - See Response Body
[2024-12-10T03:54:23.026Z] Error writing to Modbus register: A Modbus Exception Occurred - See Response Body
[2024-12-10T03:54:24.034Z] Error reading or processing Modbus registers: A Modbus Exception Occurred - See Response Body
[2024-12-10T03:54:24.037Z] Error reading register 6507 for IP 10.30.4.128: A Modbus Exception Occurred - See Response Body
[2024-12-10T03:54:24.037Z] Error reading actual data: A Modbus Exception Occurred - See Response Body
[2024-12-10T03:54:24.038Z] Error writing to Modbus register: A Modbus Exception Occurred - See Response Body
[2024-12-10T03:54:25.045Z] Error reading or processing Modbus registers: A Modbus Exception Occurred - See Response Body
[2024-12-10T03:54:25.048Z] Error reading register 6507 for IP 10.30.4.128: A Modbus Exception Occurred - See Response Body
[2024-12-10T03:54:25.049Z] Error reading actual data: A Modbus Exception Occurred - See Response Body
[2024-12-10T03:54:25.049Z] Error writing to Modbus register: A Modbus Exception Occurred - See Response Body
[2024-12-10T03:54:26.061Z] Error reading or processing Modbus registers: A Modbus Exception Occurred - See Response Body
[2024-12-10T03:54:26.063Z] Error reading register 6507 for IP 10.30.4.128: A Modbus Exception Occurred - See Response Body
[2024-12-10T03:54:26.064Z] Error reading actual data: A Modbus Exception Occurred - See Response Body
[2024-12-10T03:54:26.065Z] Error writing to Modbus register: A Modbus Exception Occurred - See Response Body
[2024-12-10T03:54:27.073Z] Error reading or processing Modbus registers: A Modbus Exception Occurred - See Response Body
[2024-12-10T03:54:27.076Z] Error reading register 6507 for IP 10.30.4.128: A Modbus Exception Occurred - See Response Body
[2024-12-10T03:54:27.076Z] Error reading actual data: A Modbus Exception Occurred - See Response Body
[2024-12-10T03:54:27.077Z] Error writing to Modbus register: A Modbus Exception Occurred - See Response Body
[2024-12-10T03:54:28.083Z] Error reading or processing Modbus registers: A Modbus Exception Occurred - See Response Body
[2024-12-10T03:54:28.086Z] Error reading register 6507 for IP 10.30.4.128: A Modbus Exception Occurred - See Response Body
[2024-12-10T03:54:28.086Z] Error reading actual data: A Modbus Exception Occurred - See Response Body
[2024-12-10T03:54:28.087Z] Error writing to Modbus register: A Modbus Exception Occurred - See Response Body
[2024-12-10T03:54:29.098Z] Error reading or processing Modbus registers: A Modbus Exception Occurred - See Response Body
[2024-12-10T03:54:29.100Z] Error reading register 6507 for IP 10.30.4.128: A Modbus Exception Occurred - See Response Body
[2024-12-10T03:54:29.101Z] Error reading actual data: A Modbus Exception Occurred - See Response Body
[2024-12-10T03:54:29.101Z] Error writing to Modbus register: A Modbus Exception Occurred - See Response Body
[2024-12-10T03:54:30.106Z] Error reading or processing Modbus registers: A Modbus Exception Occurred - See Response Body
[2024-12-10T03:54:30.109Z] Error reading register 6507 for IP 10.30.4.128: A Modbus Exception Occurred - See Response Body
[2024-12-10T03:54:30.110Z] Error reading actual data: A Modbus Exception Occurred - See Response Body
[2024-12-10T03:54:30.111Z] Error writing to Modbus register: A Modbus Exception Occurred - See Response Body
[2024-12-10T03:54:31.120Z] Error reading or processing Modbus registers: A Modbus Exception Occurred - See Response Body
[2024-12-10T03:54:31.123Z] Error reading register 6507 for IP 10.30.4.128: A Modbus Exception Occurred - See Response Body
[2024-12-10T03:54:31.124Z] Error reading actual data: A Modbus Exception Occurred - See Response Body
[2024-12-10T03:54:31.124Z] Error writing to Modbus register: A Modbus Exception Occurred - See Response Body
[2024-12-10T03:54:32.129Z] Error reading or processing Modbus registers: A Modbus Exception Occurred - See Response Body
[2024-12-10T03:54:32.131Z] Error reading register 6507 for IP 10.30.4.128: A Modbus Exception Occurred - See Response Body
[2024-12-10T03:54:32.132Z] Error reading actual data: A Modbus Exception Occurred - See Response Body
[2024-12-10T03:54:32.132Z] Error writing to Modbus register: A Modbus Exception Occurred - See Response Body
[2024-12-10T03:54:33.142Z] Error reading or processing Modbus registers: A Modbus Exception Occurred - See Response Body
[2024-12-10T03:54:33.144Z] Error reading register 6507 for IP 10.30.4.128: A Modbus Exception Occurred - See Response Body
[2024-12-10T03:54:33.145Z] Error reading actual data: A Modbus Exception Occurred - See Response Body
[2024-12-10T03:54:33.145Z] Error writing to Modbus register: A Modbus Exception Occurred - See Response Body
[2024-12-10T03:54:34.153Z] Error reading or processing Modbus registers: A Modbus Exception Occurred - See Response Body
[2024-12-10T03:54:34.155Z] Error reading register 6507 for IP 10.30.4.128: A Modbus Exception Occurred - See Response Body
[2024-12-10T03:54:34.156Z] Error reading actual data: A Modbus Exception Occurred - See Response Body
[2024-12-10T03:54:34.157Z] Error writing to Modbus register: A Modbus Exception Occurred - See Response Body
[2024-12-10T03:54:35.166Z] Error reading or processing Modbus registers: A Modbus Exception Occurred - See Response Body
[2024-12-10T03:54:35.169Z] Error reading register 6507 for IP 10.30.4.128: A Modbus Exception Occurred - See Response Body
[2024-12-10T03:54:35.170Z] Error reading actual data: A Modbus Exception Occurred - See Response Body
[2024-12-10T03:54:35.170Z] Error writing to Modbus register: A Modbus Exception Occurred - See Response Body
[2024-12-10T03:54:36.181Z] Error reading or processing Modbus registers: A Modbus Exception Occurred - See Response Body
[2024-12-10T03:54:36.183Z] Error reading register 6507 for IP 10.30.4.128: A Modbus Exception Occurred - See Response Body
[2024-12-10T03:54:36.184Z] Error reading actual data: A Modbus Exception Occurred - See Response Body
[2024-12-10T03:54:36.184Z] Error writing to Modbus register: A Modbus Exception Occurred - See Response Body
[2024-12-10T03:54:37.196Z] Error reading or processing Modbus registers: A Modbus Exception Occurred - See Response Body
[2024-12-10T03:54:37.198Z] Error reading register 6507 for IP 10.30.4.128: A Modbus Exception Occurred - See Response Body
[2024-12-10T03:54:37.199Z] Error reading actual data: A Modbus Exception Occurred - See Response Body
[2024-12-10T03:54:37.200Z] Error writing to Modbus register: A Modbus Exception Occurred - See Response Body
[2024-12-10T03:54:38.209Z] Error reading or processing Modbus registers: A Modbus Exception Occurred - See Response Body
[2024-12-10T03:54:38.212Z] Error reading register 6507 for IP 10.30.4.128: A Modbus Exception Occurred - See Response Body
[2024-12-10T03:54:38.212Z] Error reading actual data: A Modbus Exception Occurred - See Response Body
[2024-12-10T03:54:38.213Z] Error writing to Modbus register: A Modbus Exception Occurred - See Response Body
[2024-12-10T03:54:39.223Z] Error reading or processing Modbus registers: A Modbus Exception Occurred - See Response Body
[2024-12-10T03:54:39.225Z] Error reading register 6507 for IP 10.30.4.128: A Modbus Exception Occurred - See Response Body
[2024-12-10T03:54:39.225Z] Error reading actual data: A Modbus Exception Occurred - See Response Body
[2024-12-10T03:54:39.226Z] Error writing to Modbus register: A Modbus Exception Occurred - See Response Body
[2024-12-10T03:54:40.223Z] Error reading or processing Modbus registers: A Modbus Exception Occurred - See Response Body
[2024-12-10T03:54:40.225Z] Error reading register 6507 for IP 10.30.4.128: A Modbus Exception Occurred - See Response Body
[2024-12-10T03:54:40.226Z] Error reading actual data: A Modbus Exception Occurred - See Response Body
[2024-12-10T03:54:40.226Z] Error writing to Modbus register: A Modbus Exception Occurred - See Response Body
[2024-12-10T03:54:41.236Z] Error reading or processing Modbus registers: A Modbus Exception Occurred - See Response Body
[2024-12-10T03:54:41.238Z] Error reading register 6507 for IP 10.30.4.128: A Modbus Exception Occurred - See Response Body
[2024-12-10T03:54:41.239Z] Error reading actual data: A Modbus Exception Occurred - See Response Body
[2024-12-10T03:54:41.239Z] Error writing to Modbus register: A Modbus Exception Occurred - See Response Body
[2024-12-10T03:54:42.249Z] Error reading or processing Modbus registers: A Modbus Exception Occurred - See Response Body
[2024-12-10T03:54:42.251Z] Error reading register 6507 for IP 10.30.4.128: A Modbus Exception Occurred - See Response Body
[2024-12-10T03:54:42.252Z] Error reading actual data: A Modbus Exception Occurred - See Response Body
[2024-12-10T03:54:42.252Z] Error writing to Modbus register: A Modbus Exception Occurred - See Response Body
[2024-12-10T03:54:43.261Z] Error reading or processing Modbus registers: A Modbus Exception Occurred - See Response Body
[2024-12-10T03:54:43.263Z] Error reading register 6507 for IP 10.30.4.128: A Modbus Exception Occurred - See Response Body
[2024-12-10T03:54:43.263Z] Error reading actual data: A Modbus Exception Occurred - See Response Body
[2024-12-10T03:54:43.264Z] Error writing to Modbus register: A Modbus Exception Occurred - See Response Body
[2024-12-10T03:54:44.274Z] Error reading or processing Modbus registers: A Modbus Exception Occurred - See Response Body
[2024-12-10T03:54:44.276Z] Error reading register 6507 for IP 10.30.4.128: A Modbus Exception Occurred - See Response Body
[2024-12-10T03:54:44.276Z] Error reading actual data: A Modbus Exception Occurred - See Response Body
[2024-12-10T03:54:44.277Z] Error writing to Modbus register: A Modbus Exception Occurred - See Response Body
[2024-12-10T03:54:45.287Z] Error reading or processing Modbus registers: A Modbus Exception Occurred - See Response Body
[2024-12-10T03:54:45.290Z] Error reading register 6507 for IP 10.30.4.128: A Modbus Exception Occurred - See Response Body
[2024-12-10T03:54:45.290Z] Error reading actual data: A Modbus Exception Occurred - See Response Body
[2024-12-10T03:54:45.291Z] Error writing to Modbus register: A Modbus Exception Occurred - See Response Body
[2024-12-10T03:54:46.301Z] Error reading or processing Modbus registers: A Modbus Exception Occurred - See Response Body
[2024-12-10T03:54:46.304Z] Error reading register 6507 for IP 10.30.4.128: A Modbus Exception Occurred - See Response Body
[2024-12-10T03:54:46.305Z] Error reading actual data: A Modbus Exception Occurred - See Response Body
[2024-12-10T03:54:46.305Z] Error writing to Modbus register: A Modbus Exception Occurred - See Response Body
[2024-12-10T03:54:47.302Z] Error reading or processing Modbus registers: A Modbus Exception Occurred - See Response Body
[2024-12-10T03:54:47.305Z] Error reading register 6507 for IP 10.30.4.128: A Modbus Exception Occurred - See Response Body
[2024-12-10T03:54:47.306Z] Error reading actual data: A Modbus Exception Occurred - See Response Body
[2024-12-10T03:54:47.306Z] Error writing to Modbus register: A Modbus Exception Occurred - See Response Body
[2024-12-10T03:54:48.313Z] Error reading or processing Modbus registers: A Modbus Exception Occurred - See Response Body
[2024-12-10T03:54:48.315Z] Error reading register 6507 for IP 10.30.4.128: A Modbus Exception Occurred - See Response Body
[2024-12-10T03:54:48.316Z] Error reading actual data: A Modbus Exception Occurred - See Response Body
[2024-12-10T03:54:48.316Z] Error writing to Modbus register: A Modbus Exception Occurred - See Response Body
[2024-12-10T03:54:49.321Z] Error reading or processing Modbus registers: A Modbus Exception Occurred - See Response Body
[2024-12-10T03:54:49.325Z] Error reading register 6507 for IP 10.30.4.128: A Modbus Exception Occurred - See Response Body
[2024-12-10T03:54:49.325Z] Error reading actual data: A Modbus Exception Occurred - See Response Body
[2024-12-10T03:54:49.326Z] Error writing to Modbus register: A Modbus Exception Occurred - See Response Body
[2024-12-10T03:54:50.323Z] Error reading or processing Modbus registers: A Modbus Exception Occurred - See Response Body
[2024-12-10T03:54:50.325Z] Error reading register 6507 for IP 10.30.4.128: A Modbus Exception Occurred - See Response Body
[2024-12-10T03:54:50.326Z] Error reading actual data: A Modbus Exception Occurred - See Response Body
[2024-12-10T03:54:50.327Z] Error writing to Modbus register: A Modbus Exception Occurred - See Response Body
[2024-12-10T03:54:51.336Z] Error reading or processing Modbus registers: A Modbus Exception Occurred - See Response Body
[2024-12-10T03:54:51.338Z] Error reading register 6507 for IP 10.30.4.128: A Modbus Exception Occurred - See Response Body
[2024-12-10T03:54:51.339Z] Error reading actual data: A Modbus Exception Occurred - See Response Body
[2024-12-10T03:54:51.340Z] Error writing to Modbus register: A Modbus Exception Occurred - See Response Body
[2024-12-10T03:54:52.347Z] Error reading or processing Modbus registers: A Modbus Exception Occurred - See Response Body
[2024-12-10T03:54:52.349Z] Error reading register 6507 for IP 10.30.4.128: A Modbus Exception Occurred - See Response Body
[2024-12-10T03:54:52.350Z] Error reading actual data: A Modbus Exception Occurred - See Response Body
[2024-12-10T03:54:52.350Z] Error writing to Modbus register: A Modbus Exception Occurred - See Response Body
[2024-12-10T03:54:53.359Z] Error reading or processing Modbus registers: A Modbus Exception Occurred - See Response Body
[2024-12-10T03:54:53.361Z] Error reading register 6507 for IP 10.30.4.128: A Modbus Exception Occurred - See Response Body
[2024-12-10T03:54:53.362Z] Error reading actual data: A Modbus Exception Occurred - See Response Body
[2024-12-10T03:54:53.362Z] Error writing to Modbus register: A Modbus Exception Occurred - See Response Body
[2024-12-10T03:54:54.372Z] Error reading or processing Modbus registers: A Modbus Exception Occurred - See Response Body
[2024-12-10T03:54:54.375Z] Error reading register 6507 for IP 10.30.4.128: A Modbus Exception Occurred - See Response Body
[2024-12-10T03:54:54.375Z] Error reading actual data: A Modbus Exception Occurred - See Response Body
[2024-12-10T03:54:54.376Z] Error writing to Modbus register: A Modbus Exception Occurred - See Response Body
[2024-12-10T03:54:55.386Z] Error reading or processing Modbus registers: A Modbus Exception Occurred - See Response Body
[2024-12-10T03:54:55.388Z] Error reading register 6507 for IP 10.30.4.128: A Modbus Exception Occurred - See Response Body
[2024-12-10T03:54:55.389Z] Error reading actual data: A Modbus Exception Occurred - See Response Body
[2024-12-10T03:54:55.389Z] Error writing to Modbus register: A Modbus Exception Occurred - See Response Body
[2024-12-10T03:54:56.398Z] Error reading or processing Modbus registers: A Modbus Exception Occurred - See Response Body
[2024-12-10T03:54:56.400Z] Error reading register 6507 for IP 10.30.4.128: A Modbus Exception Occurred - See Response Body
[2024-12-10T03:54:56.401Z] Error reading actual data: A Modbus Exception Occurred - See Response Body
[2024-12-10T03:54:56.401Z] Error writing to Modbus register: A Modbus Exception Occurred - See Response Body
[2024-12-10T03:54:57.412Z] Error reading or processing Modbus registers: A Modbus Exception Occurred - See Response Body
[2024-12-10T03:54:57.414Z] Error reading register 6507 for IP 10.30.4.128: A Modbus Exception Occurred - See Response Body
[2024-12-10T03:54:57.414Z] Error reading actual data: A Modbus Exception Occurred - See Response Body
[2024-12-10T03:54:57.415Z] Error writing to Modbus register: A Modbus Exception Occurred - See Response Body
[2024-12-10T03:54:58.424Z] Error reading or processing Modbus registers: A Modbus Exception Occurred - See Response Body
[2024-12-10T03:54:58.426Z] Error reading register 6507 for IP 10.30.4.128: A Modbus Exception Occurred - See Response Body
[2024-12-10T03:54:58.427Z] Error reading actual data: A Modbus Exception Occurred - See Response Body
[2024-12-10T03:54:58.427Z] Error writing to Modbus register: A Modbus Exception Occurred - See Response Body
[2024-12-10T03:54:59.428Z] Error reading or processing Modbus registers: A Modbus Exception Occurred - See Response Body
[2024-12-10T03:54:59.429Z] Error reading register 6507 for IP 10.30.4.128: A Modbus Exception Occurred - See Response Body
[2024-12-10T03:54:59.430Z] Error reading actual data: A Modbus Exception Occurred - See Response Body
[2024-12-10T03:54:59.430Z] Error writing to Modbus register: A Modbus Exception Occurred - See Response Body
[2024-12-10T03:55:00.443Z] Error reading or processing Modbus registers: A Modbus Exception Occurred - See Response Body
[2024-12-10T03:55:00.445Z] Error reading register 6507 for IP 10.30.4.128: A Modbus Exception Occurred - See Response Body
[2024-12-10T03:55:00.446Z] Error reading actual data: A Modbus Exception Occurred - See Response Body
[2024-12-10T03:55:00.446Z] Error writing to Modbus register: A Modbus Exception Occurred - See Response Body
[2024-12-10T03:55:01.443Z] Error reading or processing Modbus registers: A Modbus Exception Occurred - See Response Body
[2024-12-10T03:55:01.445Z] Error reading register 6507 for IP 10.30.4.128: A Modbus Exception Occurred - See Response Body
[2024-12-10T03:55:01.446Z] Error reading actual data: A Modbus Exception Occurred - See Response Body
[2024-12-10T03:55:01.446Z] Error writing to Modbus register: A Modbus Exception Occurred - See Response Body
[2024-12-10T03:55:02.443Z] Error reading or processing Modbus registers: A Modbus Exception Occurred - See Response Body
[2024-12-10T03:55:02.445Z] Error reading register 6507 for IP 10.30.4.128: A Modbus Exception Occurred - See Response Body
[2024-12-10T03:55:02.446Z] Error reading actual data: A Modbus Exception Occurred - See Response Body
[2024-12-10T03:55:02.446Z] Error writing to Modbus register: A Modbus Exception Occurred - See Response Body
[2024-12-10T03:55:03.456Z] Error reading or processing Modbus registers: A Modbus Exception Occurred - See Response Body
[2024-12-10T03:55:03.457Z] Error reading register 6507 for IP 10.30.4.128: A Modbus Exception Occurred - See Response Body
[2024-12-10T03:55:03.458Z] Error reading actual data: A Modbus Exception Occurred - See Response Body
[2024-12-10T03:55:03.459Z] Error writing to Modbus register: A Modbus Exception Occurred - See Response Body
[2024-12-10T03:55:04.469Z] Error reading or processing Modbus registers: A Modbus Exception Occurred - See Response Body
[2024-12-10T03:55:04.472Z] Error reading register 6507 for IP 10.30.4.128: A Modbus Exception Occurred - See Response Body
[2024-12-10T03:55:04.473Z] Error reading actual data: A Modbus Exception Occurred - See Response Body
[2024-12-10T03:55:04.473Z] Error writing to Modbus register: A Modbus Exception Occurred - See Response Body
[2024-12-10T03:55:05.470Z] Error reading or processing Modbus registers: A Modbus Exception Occurred - See Response Body
[2024-12-10T03:55:05.472Z] Error reading register 6507 for IP 10.30.4.128: A Modbus Exception Occurred - See Response Body
[2024-12-10T03:55:05.473Z] Error reading actual data: A Modbus Exception Occurred - See Response Body
[2024-12-10T03:55:05.473Z] Error writing to Modbus register: A Modbus Exception Occurred - See Response Body
[2024-12-10T03:55:06.471Z] Error reading or processing Modbus registers: A Modbus Exception Occurred - See Response Body
[2024-12-10T03:55:06.473Z] Error reading register 6507 for IP 10.30.4.128: A Modbus Exception Occurred - See Response Body
[2024-12-10T03:55:06.473Z] Error reading actual data: A Modbus Exception Occurred - See Response Body
[2024-12-10T03:55:06.474Z] Error writing to Modbus register: A Modbus Exception Occurred - See Response Body
[2024-12-10T03:55:07.484Z] Error reading or processing Modbus registers: A Modbus Exception Occurred - See Response Body
[2024-12-10T03:55:07.486Z] Error reading register 6507 for IP 10.30.4.128: A Modbus Exception Occurred - See Response Body
[2024-12-10T03:55:07.487Z] Error reading actual data: A Modbus Exception Occurred - See Response Body
[2024-12-10T03:55:07.487Z] Error writing to Modbus register: A Modbus Exception Occurred - See Response Body
[2024-12-10T03:55:08.485Z] Error reading or processing Modbus registers: A Modbus Exception Occurred - See Response Body
[2024-12-10T03:55:08.487Z] Error reading register 6507 for IP 10.30.4.128: A Modbus Exception Occurred - See Response Body
[2024-12-10T03:55:08.488Z] Error reading actual data: A Modbus Exception Occurred - See Response Body
[2024-12-10T03:55:08.489Z] Error writing to Modbus register: A Modbus Exception Occurred - See Response Body
[2024-12-10T03:55:09.499Z] Error reading or processing Modbus registers: A Modbus Exception Occurred - See Response Body
[2024-12-10T03:55:09.501Z] Error reading register 6507 for IP 10.30.4.128: A Modbus Exception Occurred - See Response Body
[2024-12-10T03:55:09.501Z] Error reading actual data: A Modbus Exception Occurred - See Response Body
[2024-12-10T03:55:09.502Z] Error writing to Modbus register: A Modbus Exception Occurred - See Response Body
[2024-12-10T03:55:10.513Z] Error reading or processing Modbus registers: A Modbus Exception Occurred - See Response Body
[2024-12-10T03:55:10.515Z] Error reading register 6507 for IP 10.30.4.128: A Modbus Exception Occurred - See Response Body
[2024-12-10T03:55:10.516Z] Error reading actual data: A Modbus Exception Occurred - See Response Body
[2024-12-10T03:55:10.516Z] Error writing to Modbus register: A Modbus Exception Occurred - See Response Body
[2024-12-10T03:55:11.515Z] Error reading or processing Modbus registers: A Modbus Exception Occurred - See Response Body
[2024-12-10T03:55:11.517Z] Error reading register 6507 for IP 10.30.4.128: A Modbus Exception Occurred - See Response Body
[2024-12-10T03:55:11.518Z] Error reading actual data: A Modbus Exception Occurred - See Response Body
[2024-12-10T03:55:11.518Z] Error writing to Modbus register: A Modbus Exception Occurred - See Response Body
[2024-12-10T03:55:12.517Z] Error reading or processing Modbus registers: A Modbus Exception Occurred - See Response Body
[2024-12-10T03:55:12.520Z] Error reading register 6507 for IP 10.30.4.128: A Modbus Exception Occurred - See Response Body
[2024-12-10T03:55:12.521Z] Error reading actual data: A Modbus Exception Occurred - See Response Body
[2024-12-10T03:55:12.522Z] Error writing to Modbus register: A Modbus Exception Occurred - See Response Body
[2024-12-10T03:55:13.522Z] Error reading or processing Modbus registers: A Modbus Exception Occurred - See Response Body
[2024-12-10T03:55:13.524Z] Error reading register 6507 for IP 10.30.4.128: A Modbus Exception Occurred - See Response Body
[2024-12-10T03:55:13.525Z] Error reading actual data: A Modbus Exception Occurred - See Response Body
[2024-12-10T03:55:13.526Z] Error writing to Modbus register: A Modbus Exception Occurred - See Response Body
[2024-12-10T03:55:14.534Z] Error reading or processing Modbus registers: A Modbus Exception Occurred - See Response Body
[2024-12-10T03:55:14.536Z] Error reading register 6507 for IP 10.30.4.128: A Modbus Exception Occurred - See Response Body
[2024-12-10T03:55:14.537Z] Error reading actual data: A Modbus Exception Occurred - See Response Body
[2024-12-10T03:55:14.537Z] Error writing to Modbus register: A Modbus Exception Occurred - See Response Body
[2024-12-10T03:55:15.548Z] Error reading or processing Modbus registers: A Modbus Exception Occurred - See Response Body
[2024-12-10T03:55:15.550Z] Error reading register 6507 for IP 10.30.4.128: A Modbus Exception Occurred - See Response Body
[2024-12-10T03:55:15.551Z] Error reading actual data: A Modbus Exception Occurred - See Response Body
[2024-12-10T03:55:15.552Z] Error writing to Modbus register: A Modbus Exception Occurred - See Response Body
[2024-12-10T03:55:16.551Z] Error reading or processing Modbus registers: A Modbus Exception Occurred - See Response Body
[2024-12-10T03:55:16.553Z] Error reading register 6507 for IP 10.30.4.128: A Modbus Exception Occurred - See Response Body
[2024-12-10T03:55:16.554Z] Error reading actual data: A Modbus Exception Occurred - See Response Body
[2024-12-10T03:55:16.555Z] Error writing to Modbus register: A Modbus Exception Occurred - See Response Body
[2024-12-10T03:55:17.561Z] Error reading or processing Modbus registers: A Modbus Exception Occurred - See Response Body
[2024-12-10T03:55:17.563Z] Error reading register 6507 for IP 10.30.4.128: A Modbus Exception Occurred - See Response Body
[2024-12-10T03:55:17.564Z] Error reading actual data: A Modbus Exception Occurred - See Response Body
[2024-12-10T03:55:17.564Z] Error writing to Modbus register: A Modbus Exception Occurred - See Response Body
[2024-12-10T03:55:18.564Z] Error reading or processing Modbus registers: A Modbus Exception Occurred - See Response Body
[2024-12-10T03:55:18.566Z] Error reading register 6507 for IP 10.30.4.128: A Modbus Exception Occurred - See Response Body
[2024-12-10T03:55:18.566Z] Error reading actual data: A Modbus Exception Occurred - See Response Body
[2024-12-10T03:55:18.567Z] Error writing to Modbus register: A Modbus Exception Occurred - See Response Body
[2024-12-10T03:55:19.576Z] Error reading or processing Modbus registers: A Modbus Exception Occurred - See Response Body
[2024-12-10T03:55:19.579Z] Error reading register 6507 for IP 10.30.4.128: A Modbus Exception Occurred - See Response Body
[2024-12-10T03:55:19.579Z] Error reading actual data: A Modbus Exception Occurred - See Response Body
[2024-12-10T03:55:19.580Z] Error writing to Modbus register: A Modbus Exception Occurred - See Response Body
[2024-12-10T03:55:20.579Z] Error reading or processing Modbus registers: A Modbus Exception Occurred - See Response Body
[2024-12-10T03:55:20.581Z] Error reading register 6507 for IP 10.30.4.128: A Modbus Exception Occurred - See Response Body
[2024-12-10T03:55:20.582Z] Error reading actual data: A Modbus Exception Occurred - See Response Body
[2024-12-10T03:55:20.582Z] Error writing to Modbus register: A Modbus Exception Occurred - See Response Body
[2024-12-10T03:55:21.581Z] Error reading or processing Modbus registers: A Modbus Exception Occurred - See Response Body
[2024-12-10T03:55:21.583Z] Error reading register 6507 for IP 10.30.4.128: A Modbus Exception Occurred - See Response Body
[2024-12-10T03:55:21.584Z] Error reading actual data: A Modbus Exception Occurred - See Response Body
[2024-12-10T03:55:21.585Z] Error writing to Modbus register: A Modbus Exception Occurred - See Response Body
[2024-12-10T03:55:22.583Z] Error reading or processing Modbus registers: A Modbus Exception Occurred - See Response Body
[2024-12-10T03:55:22.585Z] Error reading register 6507 for IP 10.30.4.128: A Modbus Exception Occurred - See Response Body
[2024-12-10T03:55:22.586Z] Error reading actual data: A Modbus Exception Occurred - See Response Body
[2024-12-10T03:55:22.587Z] Error writing to Modbus register: A Modbus Exception Occurred - See Response Body
[2024-12-10T03:55:23.596Z] Error reading or processing Modbus registers: A Modbus Exception Occurred - See Response Body
[2024-12-10T03:55:23.598Z] Error reading register 6507 for IP 10.30.4.128: A Modbus Exception Occurred - See Response Body
[2024-12-10T03:55:23.599Z] Error reading actual data: A Modbus Exception Occurred - See Response Body
[2024-12-10T03:55:23.602Z] Error writing to Modbus register: A Modbus Exception Occurred - See Response Body
[2024-12-10T03:55:24.609Z] Error reading or processing Modbus registers: A Modbus Exception Occurred - See Response Body
[2024-12-10T03:55:24.612Z] Error reading actual data: A Modbus Exception Occurred - See Response Body
[2024-12-10T03:55:24.612Z] Error reading register 6507 for IP 10.30.4.128: A Modbus Exception Occurred - See Response Body
[2024-12-10T03:55:24.613Z] Error writing to Modbus register: A Modbus Exception Occurred - See Response Body
[2024-12-10T03:55:25.611Z] Error reading or processing Modbus registers: A Modbus Exception Occurred - See Response Body
[2024-12-10T03:55:25.613Z] Error reading register 6507 for IP 10.30.4.128: A Modbus Exception Occurred - See Response Body
[2024-12-10T03:55:25.614Z] Error reading actual data: A Modbus Exception Occurred - See Response Body
[2024-12-10T03:55:25.614Z] Error writing to Modbus register: A Modbus Exception Occurred - See Response Body
[2024-12-10T03:55:26.614Z] Error reading or processing Modbus registers: A Modbus Exception Occurred - See Response Body
[2024-12-10T03:55:26.617Z] Error reading register 6507 for IP 10.30.4.128: A Modbus Exception Occurred - See Response Body
[2024-12-10T03:55:26.617Z] Error reading actual data: A Modbus Exception Occurred - See Response Body
[2024-12-10T03:55:26.618Z] Error writing to Modbus register: A Modbus Exception Occurred - See Response Body
[2024-12-10T03:55:27.629Z] Error reading or processing Modbus registers: A Modbus Exception Occurred - See Response Body
[2024-12-10T03:55:27.632Z] Error reading register 6507 for IP 10.30.4.128: A Modbus Exception Occurred - See Response Body
[2024-12-10T03:55:27.632Z] Error reading actual data: A Modbus Exception Occurred - See Response Body
[2024-12-10T03:55:27.633Z] Error writing to Modbus register: A Modbus Exception Occurred - See Response Body
[2024-12-10T03:55:28.643Z] Error reading or processing Modbus registers: A Modbus Exception Occurred - See Response Body
[2024-12-10T03:55:28.645Z] Error reading register 6507 for IP 10.30.4.128: A Modbus Exception Occurred - See Response Body
[2024-12-10T03:55:28.645Z] Error reading actual data: A Modbus Exception Occurred - See Response Body
[2024-12-10T03:55:28.646Z] Error writing to Modbus register: A Modbus Exception Occurred - See Response Body
[2024-12-10T03:55:29.643Z] Error reading or processing Modbus registers: A Modbus Exception Occurred - See Response Body
[2024-12-10T03:55:29.645Z] Error reading register 6507 for IP 10.30.4.128: A Modbus Exception Occurred - See Response Body
[2024-12-10T03:55:29.646Z] Error reading actual data: A Modbus Exception Occurred - See Response Body
[2024-12-10T03:55:29.647Z] Error writing to Modbus register: A Modbus Exception Occurred - See Response Body
[2024-12-10T03:55:30.658Z] Error reading or processing Modbus registers: A Modbus Exception Occurred - See Response Body
[2024-12-10T03:55:30.661Z] Error reading register 6507 for IP 10.30.4.128: A Modbus Exception Occurred - See Response Body
[2024-12-10T03:55:30.662Z] Error reading actual data: A Modbus Exception Occurred - See Response Body
[2024-12-10T03:55:30.662Z] Error writing to Modbus register: A Modbus Exception Occurred - See Response Body
[2024-12-10T03:55:31.672Z] Error reading or processing Modbus registers: A Modbus Exception Occurred - See Response Body
[2024-12-10T03:55:31.674Z] Error reading register 6507 for IP 10.30.4.128: A Modbus Exception Occurred - See Response Body
[2024-12-10T03:55:31.675Z] Error reading actual data: A Modbus Exception Occurred - See Response Body
[2024-12-10T03:55:31.676Z] Error writing to Modbus register: A Modbus Exception Occurred - See Response Body
[2024-12-10T03:55:32.685Z] Error reading or processing Modbus registers: A Modbus Exception Occurred - See Response Body
[2024-12-10T03:55:32.687Z] Error reading register 6507 for IP 10.30.4.128: A Modbus Exception Occurred - See Response Body
[2024-12-10T03:55:32.688Z] Error reading actual data: A Modbus Exception Occurred - See Response Body
[2024-12-10T03:55:32.688Z] Error writing to Modbus register: A Modbus Exception Occurred - See Response Body
[2024-12-10T03:55:33.695Z] Error reading or processing Modbus registers: A Modbus Exception Occurred - See Response Body
[2024-12-10T03:55:33.698Z] Error reading register 6507 for IP 10.30.4.128: A Modbus Exception Occurred - See Response Body
[2024-12-10T03:55:33.699Z] Error reading actual data: A Modbus Exception Occurred - See Response Body
[2024-12-10T03:55:33.699Z] Error writing to Modbus register: A Modbus Exception Occurred - See Response Body
[2024-12-10T03:55:34.711Z] Error reading or processing Modbus registers: A Modbus Exception Occurred - See Response Body
[2024-12-10T03:55:34.714Z] Error reading register 6507 for IP 10.30.4.128: A Modbus Exception Occurred - See Response Body
[2024-12-10T03:55:34.714Z] Error reading actual data: A Modbus Exception Occurred - See Response Body
[2024-12-10T03:55:34.715Z] Error writing to Modbus register: A Modbus Exception Occurred - See Response Body
[2024-12-10T03:55:35.723Z] Error reading or processing Modbus registers: A Modbus Exception Occurred - See Response Body
[2024-12-10T03:55:35.725Z] Error reading register 6507 for IP 10.30.4.128: A Modbus Exception Occurred - See Response Body
[2024-12-10T03:55:35.726Z] Error reading actual data: A Modbus Exception Occurred - See Response Body
[2024-12-10T03:55:35.726Z] Error writing to Modbus register: A Modbus Exception Occurred - See Response Body
[2024-12-10T03:55:36.725Z] Error reading or processing Modbus registers: A Modbus Exception Occurred - See Response Body
[2024-12-10T03:55:36.727Z] Error reading register 6507 for IP 10.30.4.128: A Modbus Exception Occurred - See Response Body
[2024-12-10T03:55:36.728Z] Error reading actual data: A Modbus Exception Occurred - See Response Body
[2024-12-10T03:55:36.728Z] Error writing to Modbus register: A Modbus Exception Occurred - See Response Body
[2024-12-10T03:55:37.730Z] Error reading or processing Modbus registers: A Modbus Exception Occurred - See Response Body
[2024-12-10T03:55:37.733Z] Error reading register 6507 for IP 10.30.4.128: A Modbus Exception Occurred - See Response Body
[2024-12-10T03:55:37.733Z] Error reading actual data: A Modbus Exception Occurred - See Response Body
[2024-12-10T03:55:37.734Z] Error writing to Modbus register: A Modbus Exception Occurred - See Response Body
[2024-12-10T03:55:38.740Z] Error reading or processing Modbus registers: A Modbus Exception Occurred - See Response Body
[2024-12-10T03:55:38.743Z] Error reading register 6507 for IP 10.30.4.128: A Modbus Exception Occurred - See Response Body
[2024-12-10T03:55:38.743Z] Error reading actual data: A Modbus Exception Occurred - See Response Body
[2024-12-10T03:55:38.744Z] Error writing to Modbus register: A Modbus Exception Occurred - See Response Body
[2024-12-10T03:55:39.752Z] Error reading or processing Modbus registers: A Modbus Exception Occurred - See Response Body
[2024-12-10T03:55:39.755Z] Error reading register 6507 for IP 10.30.4.128: A Modbus Exception Occurred - See Response Body
[2024-12-10T03:55:39.756Z] Error reading actual data: A Modbus Exception Occurred - See Response Body
[2024-12-10T03:55:39.756Z] Error writing to Modbus register: A Modbus Exception Occurred - See Response Body
[2024-12-10T03:55:40.761Z] Error reading or processing Modbus registers: A Modbus Exception Occurred - See Response Body
[2024-12-10T03:55:40.763Z] Error reading register 6507 for IP 10.30.4.128: A Modbus Exception Occurred - See Response Body
[2024-12-10T03:55:40.764Z] Error reading actual data: A Modbus Exception Occurred - See Response Body
[2024-12-10T03:55:40.765Z] Error writing to Modbus register: A Modbus Exception Occurred - See Response Body
[2024-12-10T03:55:41.775Z] Error reading or processing Modbus registers: A Modbus Exception Occurred - See Response Body
[2024-12-10T03:55:41.777Z] Error reading register 6507 for IP 10.30.4.128: A Modbus Exception Occurred - See Response Body
[2024-12-10T03:55:41.778Z] Error reading actual data: A Modbus Exception Occurred - See Response Body
[2024-12-10T03:55:41.779Z] Error writing to Modbus register: A Modbus Exception Occurred - See Response Body
[2024-12-10T03:55:42.790Z] Error reading or processing Modbus registers: A Modbus Exception Occurred - See Response Body
[2024-12-10T03:55:42.793Z] Error reading register 6507 for IP 10.30.4.128: A Modbus Exception Occurred - See Response Body
[2024-12-10T03:55:42.793Z] Error reading actual data: A Modbus Exception Occurred - See Response Body
[2024-12-10T03:55:42.794Z] Error writing to Modbus register: A Modbus Exception Occurred - See Response Body
[2024-12-10T03:55:43.798Z] Error reading or processing Modbus registers: A Modbus Exception Occurred - See Response Body
[2024-12-10T03:55:43.800Z] Error reading register 6507 for IP 10.30.4.128: A Modbus Exception Occurred - See Response Body
[2024-12-10T03:55:43.801Z] Error reading actual data: A Modbus Exception Occurred - See Response Body
[2024-12-10T03:55:43.801Z] Error writing to Modbus register: A Modbus Exception Occurred - See Response Body
[2024-12-10T03:55:44.809Z] Error reading or processing Modbus registers: A Modbus Exception Occurred - See Response Body
[2024-12-10T03:55:44.811Z] Error reading register 6507 for IP 10.30.4.128: A Modbus Exception Occurred - See Response Body
[2024-12-10T03:55:44.812Z] Error reading actual data: A Modbus Exception Occurred - See Response Body
[2024-12-10T03:55:44.812Z] Error writing to Modbus register: A Modbus Exception Occurred - See Response Body
[2024-12-10T03:55:45.821Z] Error reading or processing Modbus registers: A Modbus Exception Occurred - See Response Body
[2024-12-10T03:55:45.823Z] Error reading register 6507 for IP 10.30.4.128: A Modbus Exception Occurred - See Response Body
[2024-12-10T03:55:45.823Z] Error reading actual data: A Modbus Exception Occurred - See Response Body
[2024-12-10T03:55:45.824Z] Error writing to Modbus register: A Modbus Exception Occurred - See Response Body
[2024-12-10T03:55:46.831Z] Error reading or processing Modbus registers: A Modbus Exception Occurred - See Response Body
[2024-12-10T03:55:46.833Z] Error reading register 6507 for IP 10.30.4.128: A Modbus Exception Occurred - See Response Body
[2024-12-10T03:55:46.834Z] Error reading actual data: A Modbus Exception Occurred - See Response Body
[2024-12-10T03:55:46.834Z] Error writing to Modbus register: A Modbus Exception Occurred - See Response Body
[2024-12-10T03:55:47.840Z] Error reading or processing Modbus registers: A Modbus Exception Occurred - See Response Body
[2024-12-10T03:55:47.842Z] Error reading register 6507 for IP 10.30.4.128: A Modbus Exception Occurred - See Response Body
[2024-12-10T03:55:47.843Z] Error reading actual data: A Modbus Exception Occurred - See Response Body
[2024-12-10T03:55:47.843Z] Error writing to Modbus register: A Modbus Exception Occurred - See Response Body
[2024-12-10T03:55:48.856Z] Error reading or processing Modbus registers: A Modbus Exception Occurred - See Response Body
[2024-12-10T03:55:48.859Z] Error reading register 6507 for IP 10.30.4.128: A Modbus Exception Occurred - See Response Body
[2024-12-10T03:55:48.859Z] Error reading actual data: A Modbus Exception Occurred - See Response Body
[2024-12-10T03:55:48.860Z] Error writing to Modbus register: A Modbus Exception Occurred - See Response Body
[2024-12-10T03:55:49.867Z] Error reading or processing Modbus registers: A Modbus Exception Occurred - See Response Body
[2024-12-10T03:55:49.869Z] Error reading register 6507 for IP 10.30.4.128: A Modbus Exception Occurred - See Response Body
[2024-12-10T03:55:49.870Z] Error reading actual data: A Modbus Exception Occurred - See Response Body
[2024-12-10T03:55:49.871Z] Error writing to Modbus register: A Modbus Exception Occurred - See Response Body
[2024-12-10T03:55:50.879Z] Error reading or processing Modbus registers: A Modbus Exception Occurred - See Response Body
[2024-12-10T03:55:50.881Z] Error reading register 6507 for IP 10.30.4.128: A Modbus Exception Occurred - See Response Body
[2024-12-10T03:55:50.881Z] Error reading actual data: A Modbus Exception Occurred - See Response Body
[2024-12-10T03:55:50.881Z] Error writing to Modbus register: A Modbus Exception Occurred - See Response Body
[2024-12-10T03:55:51.892Z] Error reading or processing Modbus registers: A Modbus Exception Occurred - See Response Body
[2024-12-10T03:55:51.894Z] Error reading register 6507 for IP 10.30.4.128: A Modbus Exception Occurred - See Response Body
[2024-12-10T03:55:51.895Z] Error reading actual data: A Modbus Exception Occurred - See Response Body
[2024-12-10T03:55:51.896Z] Error writing to Modbus register: A Modbus Exception Occurred - See Response Body
[2024-12-10T03:55:52.904Z] Error reading or processing Modbus registers: A Modbus Exception Occurred - See Response Body
[2024-12-10T03:55:52.906Z] Error reading register 6507 for IP 10.30.4.128: A Modbus Exception Occurred - See Response Body
[2024-12-10T03:55:52.907Z] Error reading actual data: A Modbus Exception Occurred - See Response Body
[2024-12-10T03:55:52.907Z] Error writing to Modbus register: A Modbus Exception Occurred - See Response Body
[2024-12-10T03:55:53.919Z] Error reading or processing Modbus registers: A Modbus Exception Occurred - See Response Body
[2024-12-10T03:55:53.921Z] Error reading register 6507 for IP 10.30.4.128: A Modbus Exception Occurred - See Response Body
[2024-12-10T03:55:53.922Z] Error reading actual data: A Modbus Exception Occurred - See Response Body
[2024-12-10T03:55:53.923Z] Error writing to Modbus register: A Modbus Exception Occurred - See Response Body
[2024-12-10T03:55:54.933Z] Error reading or processing Modbus registers: A Modbus Exception Occurred - See Response Body
[2024-12-10T03:55:54.936Z] Error reading register 6507 for IP 10.30.4.128: A Modbus Exception Occurred - See Response Body
[2024-12-10T03:55:54.937Z] Error reading actual data: A Modbus Exception Occurred - See Response Body
[2024-12-10T03:55:54.937Z] Error writing to Modbus register: A Modbus Exception Occurred - See Response Body
[2024-12-10T03:55:55.948Z] Error reading or processing Modbus registers: A Modbus Exception Occurred - See Response Body
[2024-12-10T03:55:55.949Z] Error reading register 6507 for IP 10.30.4.128: A Modbus Exception Occurred - See Response Body
[2024-12-10T03:55:55.950Z] Error reading actual data: A Modbus Exception Occurred - See Response Body
[2024-12-10T03:55:55.951Z] Error writing to Modbus register: A Modbus Exception Occurred - See Response Body
[2024-12-10T03:55:56.962Z] Error reading or processing Modbus registers: A Modbus Exception Occurred - See Response Body
[2024-12-10T03:55:56.966Z] Error reading register 6507 for IP 10.30.4.128: A Modbus Exception Occurred - See Response Body
[2024-12-10T03:55:56.967Z] Error reading actual data: A Modbus Exception Occurred - See Response Body
[2024-12-10T03:55:56.968Z] Error writing to Modbus register: A Modbus Exception Occurred - See Response Body
[2024-12-10T03:55:57.974Z] Error reading or processing Modbus registers: A Modbus Exception Occurred - See Response Body
[2024-12-10T03:55:57.975Z] Error reading register 6507 for IP 10.30.4.128: A Modbus Exception Occurred - See Response Body
[2024-12-10T03:55:57.976Z] Error reading actual data: A Modbus Exception Occurred - See Response Body
[2024-12-10T03:55:57.976Z] Error writing to Modbus register: A Modbus Exception Occurred - See Response Body
[2024-12-10T03:55:58.977Z] Error reading or processing Modbus registers: A Modbus Exception Occurred - See Response Body
[2024-12-10T03:55:58.980Z] Error reading register 6507 for IP 10.30.4.128: A Modbus Exception Occurred - See Response Body
[2024-12-10T03:55:58.980Z] Error reading actual data: A Modbus Exception Occurred - See Response Body
[2024-12-10T03:55:58.980Z] Error writing to Modbus register: A Modbus Exception Occurred - See Response Body
[2024-12-10T03:55:59.989Z] Error reading or processing Modbus registers: A Modbus Exception Occurred - See Response Body
[2024-12-10T03:55:59.991Z] Error reading register 6507 for IP 10.30.4.128: A Modbus Exception Occurred - See Response Body
[2024-12-10T03:55:59.991Z] Error reading actual data: A Modbus Exception Occurred - See Response Body
[2024-12-10T03:55:59.992Z] Error writing to Modbus register: A Modbus Exception Occurred - See Response Body
[2024-12-10T03:56:00.997Z] Error reading or processing Modbus registers: A Modbus Exception Occurred - See Response Body
[2024-12-10T03:56:00.999Z] Error reading register 6507 for IP 10.30.4.128: A Modbus Exception Occurred - See Response Body
[2024-12-10T03:56:01.000Z] Error reading actual data: A Modbus Exception Occurred - See Response Body
[2024-12-10T03:56:01.000Z] Error writing to Modbus register: A Modbus Exception Occurred - See Response Body
[2024-12-10T03:56:02.011Z] Error reading or processing Modbus registers: A Modbus Exception Occurred - See Response Body
[2024-12-10T03:56:02.013Z] Error reading register 6507 for IP 10.30.4.128: A Modbus Exception Occurred - See Response Body
[2024-12-10T03:56:02.013Z] Error reading actual data: A Modbus Exception Occurred - See Response Body
[2024-12-10T03:56:02.014Z] Error writing to Modbus register: A Modbus Exception Occurred - See Response Body
[2024-12-10T03:56:03.024Z] Error reading or processing Modbus registers: A Modbus Exception Occurred - See Response Body
[2024-12-10T03:56:03.026Z] Error reading register 6507 for IP 10.30.4.128: A Modbus Exception Occurred - See Response Body
[2024-12-10T03:56:03.027Z] Error reading actual data: A Modbus Exception Occurred - See Response Body
[2024-12-10T03:56:03.027Z] Error writing to Modbus register: A Modbus Exception Occurred - See Response Body
[2024-12-10T03:56:04.036Z] Error reading or processing Modbus registers: A Modbus Exception Occurred - See Response Body
[2024-12-10T03:56:04.039Z] Error reading register 6507 for IP 10.30.4.128: A Modbus Exception Occurred - See Response Body
[2024-12-10T03:56:04.039Z] Error reading actual data: A Modbus Exception Occurred - See Response Body
[2024-12-10T03:56:04.040Z] Error writing to Modbus register: A Modbus Exception Occurred - See Response Body
[2024-12-10T03:56:05.037Z] Error reading or processing Modbus registers: A Modbus Exception Occurred - See Response Body
[2024-12-10T03:56:05.040Z] Error reading register 6507 for IP 10.30.4.128: A Modbus Exception Occurred - See Response Body
[2024-12-10T03:56:05.041Z] Error reading actual data: A Modbus Exception Occurred - See Response Body
[2024-12-10T03:56:05.041Z] Error writing to Modbus register: A Modbus Exception Occurred - See Response Body
[2024-12-10T03:56:06.039Z] Error reading or processing Modbus registers: A Modbus Exception Occurred - See Response Body
[2024-12-10T03:56:06.042Z] Error reading register 6507 for IP 10.30.4.128: A Modbus Exception Occurred - See Response Body
[2024-12-10T03:56:06.043Z] Error reading actual data: A Modbus Exception Occurred - See Response Body
[2024-12-10T03:56:06.043Z] Error writing to Modbus register: A Modbus Exception Occurred - See Response Body
[2024-12-10T03:56:07.054Z] Error reading or processing Modbus registers: A Modbus Exception Occurred - See Response Body
[2024-12-10T03:56:07.057Z] Error reading register 6507 for IP 10.30.4.128: A Modbus Exception Occurred - See Response Body
[2024-12-10T03:56:07.057Z] Error reading actual data: A Modbus Exception Occurred - See Response Body
[2024-12-10T03:56:07.058Z] Error writing to Modbus register: A Modbus Exception Occurred - See Response Body
[2024-12-10T03:56:08.064Z] Error reading or processing Modbus registers: A Modbus Exception Occurred - See Response Body
[2024-12-10T03:56:08.066Z] Error reading register 6507 for IP 10.30.4.128: A Modbus Exception Occurred - See Response Body
[2024-12-10T03:56:08.067Z] Error reading actual data: A Modbus Exception Occurred - See Response Body
[2024-12-10T03:56:08.067Z] Error writing to Modbus register: A Modbus Exception Occurred - See Response Body
[2024-12-10T03:56:09.078Z] Error reading or processing Modbus registers: A Modbus Exception Occurred - See Response Body
[2024-12-10T03:56:09.080Z] Error reading register 6507 for IP 10.30.4.128: A Modbus Exception Occurred - See Response Body
[2024-12-10T03:56:09.081Z] Error reading actual data: A Modbus Exception Occurred - See Response Body
[2024-12-10T03:56:09.081Z] Error writing to Modbus register: A Modbus Exception Occurred - See Response Body
[2024-12-10T03:56:10.078Z] Error reading or processing Modbus registers: A Modbus Exception Occurred - See Response Body
[2024-12-10T03:56:10.080Z] Error reading register 6507 for IP 10.30.4.128: A Modbus Exception Occurred - See Response Body
[2024-12-10T03:56:10.081Z] Error reading actual data: A Modbus Exception Occurred - See Response Body
[2024-12-10T03:56:10.082Z] Error writing to Modbus register: A Modbus Exception Occurred - See Response Body
[2024-12-10T03:56:11.080Z] Error reading or processing Modbus registers: A Modbus Exception Occurred - See Response Body
[2024-12-10T03:56:11.083Z] Error reading register 6507 for IP 10.30.4.128: A Modbus Exception Occurred - See Response Body
[2024-12-10T03:56:11.083Z] Error reading actual data: A Modbus Exception Occurred - See Response Body
[2024-12-10T03:56:11.084Z] Error writing to Modbus register: A Modbus Exception Occurred - See Response Body
[2024-12-10T03:56:12.081Z] Error reading or processing Modbus registers: A Modbus Exception Occurred - See Response Body
[2024-12-10T03:56:12.083Z] Error reading register 6507 for IP 10.30.4.128: A Modbus Exception Occurred - See Response Body
[2024-12-10T03:56:12.084Z] Error reading actual data: A Modbus Exception Occurred - See Response Body
[2024-12-10T03:56:12.085Z] Error writing to Modbus register: A Modbus Exception Occurred - See Response Body
[2024-12-10T03:56:13.083Z] Error reading or processing Modbus registers: A Modbus Exception Occurred - See Response Body
[2024-12-10T03:56:13.086Z] Error reading register 6507 for IP 10.30.4.128: A Modbus Exception Occurred - See Response Body
[2024-12-10T03:56:13.086Z] Error reading actual data: A Modbus Exception Occurred - See Response Body
[2024-12-10T03:56:13.087Z] Error writing to Modbus register: A Modbus Exception Occurred - See Response Body
[2024-12-10T03:56:14.098Z] Error reading or processing Modbus registers: A Modbus Exception Occurred - See Response Body
[2024-12-10T03:56:14.101Z] Error reading register 6507 for IP 10.30.4.128: A Modbus Exception Occurred - See Response Body
[2024-12-10T03:56:14.101Z] Error reading actual data: A Modbus Exception Occurred - See Response Body
[2024-12-10T03:56:14.102Z] Error writing to Modbus register: A Modbus Exception Occurred - See Response Body
[2024-12-10T03:56:15.099Z] Error reading or processing Modbus registers: A Modbus Exception Occurred - See Response Body
[2024-12-10T03:56:15.101Z] Error reading register 6507 for IP 10.30.4.128: A Modbus Exception Occurred - See Response Body
[2024-12-10T03:56:15.101Z] Error reading actual data: A Modbus Exception Occurred - See Response Body
[2024-12-10T03:56:15.102Z] Error writing to Modbus register: A Modbus Exception Occurred - See Response Body
[2024-12-10T03:56:16.102Z] Error reading or processing Modbus registers: A Modbus Exception Occurred - See Response Body
[2024-12-10T03:56:16.105Z] Error reading register 6507 for IP 10.30.4.128: A Modbus Exception Occurred - See Response Body
[2024-12-10T03:56:16.106Z] Error reading actual data: A Modbus Exception Occurred - See Response Body
[2024-12-10T03:56:16.106Z] Error writing to Modbus register: A Modbus Exception Occurred - See Response Body
[2024-12-10T03:56:17.102Z] Error reading or processing Modbus registers: A Modbus Exception Occurred - See Response Body
[2024-12-10T03:56:17.104Z] Error reading register 6507 for IP 10.30.4.128: A Modbus Exception Occurred - See Response Body
[2024-12-10T03:56:17.105Z] Error reading actual data: A Modbus Exception Occurred - See Response Body
[2024-12-10T03:56:17.105Z] Error writing to Modbus register: A Modbus Exception Occurred - See Response Body
[2024-12-10T03:56:18.113Z] Error reading or processing Modbus registers: A Modbus Exception Occurred - See Response Body
[2024-12-10T03:56:18.116Z] Error reading register 6507 for IP 10.30.4.128: A Modbus Exception Occurred - See Response Body
[2024-12-10T03:56:18.116Z] Error reading actual data: A Modbus Exception Occurred - See Response Body
[2024-12-10T03:56:18.117Z] Error writing to Modbus register: A Modbus Exception Occurred - See Response Body
[2024-12-10T03:56:19.127Z] Error reading or processing Modbus registers: A Modbus Exception Occurred - See Response Body
[2024-12-10T03:56:19.129Z] Error reading register 6507 for IP 10.30.4.128: A Modbus Exception Occurred - See Response Body
[2024-12-10T03:56:19.130Z] Error reading actual data: A Modbus Exception Occurred - See Response Body
[2024-12-10T03:56:19.130Z] Error writing to Modbus register: A Modbus Exception Occurred - See Response Body
[2024-12-10T03:56:20.130Z] Error reading or processing Modbus registers: A Modbus Exception Occurred - See Response Body
[2024-12-10T03:56:20.132Z] Error reading register 6507 for IP 10.30.4.128: A Modbus Exception Occurred - See Response Body
[2024-12-10T03:56:20.133Z] Error reading actual data: A Modbus Exception Occurred - See Response Body
[2024-12-10T03:56:20.134Z] Error writing to Modbus register: A Modbus Exception Occurred - See Response Body
[2024-12-10T03:56:21.140Z] Error reading or processing Modbus registers: A Modbus Exception Occurred - See Response Body
[2024-12-10T03:56:21.143Z] Error reading register 6507 for IP 10.30.4.128: A Modbus Exception Occurred - See Response Body
[2024-12-10T03:56:21.143Z] Error reading actual data: A Modbus Exception Occurred - See Response Body
[2024-12-10T03:56:21.144Z] Error writing to Modbus register: A Modbus Exception Occurred - See Response Body
[2024-12-10T03:56:22.143Z] Error reading or processing Modbus registers: A Modbus Exception Occurred - See Response Body
[2024-12-10T03:56:22.146Z] Error reading register 6507 for IP 10.30.4.128: A Modbus Exception Occurred - See Response Body
[2024-12-10T03:56:22.147Z] Error reading actual data: A Modbus Exception Occurred - See Response Body
[2024-12-10T03:56:22.147Z] Error writing to Modbus register: A Modbus Exception Occurred - See Response Body
[2024-12-10T03:56:23.156Z] Error reading or processing Modbus registers: A Modbus Exception Occurred - See Response Body
[2024-12-10T03:56:23.158Z] Error reading register 6507 for IP 10.30.4.128: A Modbus Exception Occurred - See Response Body
[2024-12-10T03:56:23.158Z] Error reading actual data: A Modbus Exception Occurred - See Response Body
[2024-12-10T03:56:23.159Z] Error writing to Modbus register: A Modbus Exception Occurred - See Response Body
[2024-12-10T03:56:24.171Z] Error reading or processing Modbus registers: A Modbus Exception Occurred - See Response Body
[2024-12-10T03:56:24.173Z] Error reading register 6507 for IP 10.30.4.128: A Modbus Exception Occurred - See Response Body
[2024-12-10T03:56:24.174Z] Error reading actual data: A Modbus Exception Occurred - See Response Body
[2024-12-10T03:56:24.174Z] Error writing to Modbus register: A Modbus Exception Occurred - See Response Body
[2024-12-10T03:56:25.173Z] Error reading or processing Modbus registers: A Modbus Exception Occurred - See Response Body
[2024-12-10T03:56:25.175Z] Error reading register 6507 for IP 10.30.4.128: A Modbus Exception Occurred - See Response Body
[2024-12-10T03:56:25.176Z] Error reading actual data: A Modbus Exception Occurred - See Response Body
[2024-12-10T03:56:25.176Z] Error writing to Modbus register: A Modbus Exception Occurred - See Response Body
[2024-12-10T03:56:26.176Z] Error reading or processing Modbus registers: A Modbus Exception Occurred - See Response Body
[2024-12-10T03:56:26.178Z] Error reading register 6507 for IP 10.30.4.128: A Modbus Exception Occurred - See Response Body
[2024-12-10T03:56:26.179Z] Error reading actual data: A Modbus Exception Occurred - See Response Body
[2024-12-10T03:56:26.180Z] Error writing to Modbus register: A Modbus Exception Occurred - See Response Body
[2024-12-10T03:56:27.188Z] Error reading or processing Modbus registers: A Modbus Exception Occurred - See Response Body
[2024-12-10T03:56:27.190Z] Error reading register 6507 for IP 10.30.4.128: A Modbus Exception Occurred - See Response Body
[2024-12-10T03:56:27.191Z] Error reading actual data: A Modbus Exception Occurred - See Response Body
[2024-12-10T03:56:27.191Z] Error writing to Modbus register: A Modbus Exception Occurred - See Response Body
[2024-12-10T03:56:28.202Z] Error reading or processing Modbus registers: A Modbus Exception Occurred - See Response Body
[2024-12-10T03:56:28.204Z] Error reading register 6507 for IP 10.30.4.128: A Modbus Exception Occurred - See Response Body
[2024-12-10T03:56:28.205Z] Error reading actual data: A Modbus Exception Occurred - See Response Body
[2024-12-10T03:56:28.205Z] Error writing to Modbus register: A Modbus Exception Occurred - See Response Body
[2024-12-10T03:56:29.215Z] Error reading or processing Modbus registers: A Modbus Exception Occurred - See Response Body
[2024-12-10T03:56:29.217Z] Error reading register 6507 for IP 10.30.4.128: A Modbus Exception Occurred - See Response Body
[2024-12-10T03:56:29.218Z] Error reading actual data: A Modbus Exception Occurred - See Response Body
[2024-12-10T03:56:29.218Z] Error writing to Modbus register: A Modbus Exception Occurred - See Response Body
[2024-12-10T03:56:30.217Z] Error reading or processing Modbus registers: A Modbus Exception Occurred - See Response Body
[2024-12-10T03:56:30.220Z] Error reading register 6507 for IP 10.30.4.128: A Modbus Exception Occurred - See Response Body
[2024-12-10T03:56:30.221Z] Error reading actual data: A Modbus Exception Occurred - See Response Body
[2024-12-10T03:56:30.222Z] Error writing to Modbus register: A Modbus Exception Occurred - See Response Body
[2024-12-10T03:56:31.231Z] Error reading or processing Modbus registers: A Modbus Exception Occurred - See Response Body
[2024-12-10T03:56:31.232Z] Error reading register 6507 for IP 10.30.4.128: A Modbus Exception Occurred - See Response Body
[2024-12-10T03:56:31.233Z] Error reading actual data: A Modbus Exception Occurred - See Response Body
[2024-12-10T03:56:31.233Z] Error writing to Modbus register: A Modbus Exception Occurred - See Response Body
[2024-12-10T03:56:32.236Z] Error reading or processing Modbus registers: A Modbus Exception Occurred - See Response Body
[2024-12-10T03:56:32.238Z] Error reading register 6507 for IP 10.30.4.128: A Modbus Exception Occurred - See Response Body
[2024-12-10T03:56:32.239Z] Error reading actual data: A Modbus Exception Occurred - See Response Body
[2024-12-10T03:56:32.239Z] Error writing to Modbus register: A Modbus Exception Occurred - See Response Body
[2024-12-10T03:56:33.238Z] Error reading or processing Modbus registers: A Modbus Exception Occurred - See Response Body
[2024-12-10T03:56:33.240Z] Error reading register 6507 for IP 10.30.4.128: A Modbus Exception Occurred - See Response Body
[2024-12-10T03:56:33.241Z] Error reading actual data: A Modbus Exception Occurred - See Response Body
[2024-12-10T03:56:33.241Z] Error writing to Modbus register: A Modbus Exception Occurred - See Response Body
[2024-12-10T03:56:34.252Z] Error reading or processing Modbus registers: A Modbus Exception Occurred - See Response Body
[2024-12-10T03:56:34.254Z] Error reading register 6507 for IP 10.30.4.128: A Modbus Exception Occurred - See Response Body
[2024-12-10T03:56:34.255Z] Error reading actual data: A Modbus Exception Occurred - See Response Body
[2024-12-10T03:56:34.255Z] Error writing to Modbus register: A Modbus Exception Occurred - See Response Body
[2024-12-10T03:56:35.254Z] Error reading or processing Modbus registers: A Modbus Exception Occurred - See Response Body
[2024-12-10T03:56:35.256Z] Error reading register 6507 for IP 10.30.4.128: A Modbus Exception Occurred - See Response Body
[2024-12-10T03:56:35.257Z] Error reading actual data: A Modbus Exception Occurred - See Response Body
[2024-12-10T03:56:35.258Z] Error writing to Modbus register: A Modbus Exception Occurred - See Response Body
[2024-12-10T03:56:36.265Z] Error reading or processing Modbus registers: A Modbus Exception Occurred - See Response Body
[2024-12-10T03:56:36.267Z] Error reading register 6507 for IP 10.30.4.128: A Modbus Exception Occurred - See Response Body
[2024-12-10T03:56:36.268Z] Error reading actual data: A Modbus Exception Occurred - See Response Body
[2024-12-10T03:56:36.269Z] Error writing to Modbus register: A Modbus Exception Occurred - See Response Body
[2024-12-10T03:56:37.269Z] Error reading or processing Modbus registers: A Modbus Exception Occurred - See Response Body
[2024-12-10T03:56:37.272Z] Error reading register 6507 for IP 10.30.4.128: A Modbus Exception Occurred - See Response Body
[2024-12-10T03:56:37.272Z] Error reading actual data: A Modbus Exception Occurred - See Response Body
[2024-12-10T03:56:37.273Z] Error writing to Modbus register: A Modbus Exception Occurred - See Response Body
[2024-12-10T03:56:38.280Z] Error reading or processing Modbus registers: A Modbus Exception Occurred - See Response Body
[2024-12-10T03:56:38.282Z] Error reading register 6507 for IP 10.30.4.128: A Modbus Exception Occurred - See Response Body
[2024-12-10T03:56:38.283Z] Error reading actual data: A Modbus Exception Occurred - See Response Body
[2024-12-10T03:56:38.284Z] Error writing to Modbus register: A Modbus Exception Occurred - See Response Body
[2024-12-10T03:56:39.294Z] Error reading or processing Modbus registers: A Modbus Exception Occurred - See Response Body
[2024-12-10T03:56:39.296Z] Error reading register 6507 for IP 10.30.4.128: A Modbus Exception Occurred - See Response Body
[2024-12-10T03:56:39.297Z] Error reading actual data: A Modbus Exception Occurred - See Response Body
[2024-12-10T03:56:39.298Z] Error writing to Modbus register: A Modbus Exception Occurred - See Response Body
[2024-12-10T03:56:40.298Z] Error reading or processing Modbus registers: A Modbus Exception Occurred - See Response Body
[2024-12-10T03:56:40.300Z] Error reading register 6507 for IP 10.30.4.128: A Modbus Exception Occurred - See Response Body
[2024-12-10T03:56:40.301Z] Error reading actual data: A Modbus Exception Occurred - See Response Body
[2024-12-10T03:56:40.301Z] Error writing to Modbus register: A Modbus Exception Occurred - See Response Body
[2024-12-10T03:56:41.301Z] Error reading or processing Modbus registers: A Modbus Exception Occurred - See Response Body
[2024-12-10T03:56:41.304Z] Error reading register 6507 for IP 10.30.4.128: A Modbus Exception Occurred - See Response Body
[2024-12-10T03:56:41.304Z] Error reading actual data: A Modbus Exception Occurred - See Response Body
[2024-12-10T03:56:41.305Z] Error writing to Modbus register: A Modbus Exception Occurred - See Response Body
[2024-12-10T03:56:42.302Z] Error reading or processing Modbus registers: A Modbus Exception Occurred - See Response Body
[2024-12-10T03:56:42.305Z] Error reading register 6507 for IP 10.30.4.128: A Modbus Exception Occurred - See Response Body
[2024-12-10T03:56:42.306Z] Error reading actual data: A Modbus Exception Occurred - See Response Body
[2024-12-10T03:56:42.306Z] Error writing to Modbus register: A Modbus Exception Occurred - See Response Body
[2024-12-10T03:56:43.303Z] Error reading or processing Modbus registers: A Modbus Exception Occurred - See Response Body
[2024-12-10T03:56:43.306Z] Error reading register 6507 for IP 10.30.4.128: A Modbus Exception Occurred - See Response Body
[2024-12-10T03:56:43.306Z] Error reading actual data: A Modbus Exception Occurred - See Response Body
[2024-12-10T03:56:43.307Z] Error writing to Modbus register: A Modbus Exception Occurred - See Response Body
[2024-12-10T03:56:44.319Z] Error reading or processing Modbus registers: A Modbus Exception Occurred - See Response Body
[2024-12-10T03:56:44.321Z] Error reading register 6507 for IP 10.30.4.128: A Modbus Exception Occurred - See Response Body
[2024-12-10T03:56:44.322Z] Error reading actual data: A Modbus Exception Occurred - See Response Body
[2024-12-10T03:56:44.322Z] Error writing to Modbus register: A Modbus Exception Occurred - See Response Body
[2024-12-10T03:56:45.333Z] Error reading or processing Modbus registers: A Modbus Exception Occurred - See Response Body
[2024-12-10T03:56:45.335Z] Error reading register 6507 for IP 10.30.4.128: A Modbus Exception Occurred - See Response Body
[2024-12-10T03:56:45.336Z] Error reading actual data: A Modbus Exception Occurred - See Response Body
[2024-12-10T03:56:45.336Z] Error writing to Modbus register: A Modbus Exception Occurred - See Response Body
[2024-12-10T03:56:46.348Z] Error reading or processing Modbus registers: A Modbus Exception Occurred - See Response Body
[2024-12-10T03:56:46.350Z] Error reading register 6507 for IP 10.30.4.128: A Modbus Exception Occurred - See Response Body
[2024-12-10T03:56:46.350Z] Error reading actual data: A Modbus Exception Occurred - See Response Body
[2024-12-10T03:56:46.351Z] Error writing to Modbus register: A Modbus Exception Occurred - See Response Body
[2024-12-10T03:56:47.348Z] Error reading or processing Modbus registers: A Modbus Exception Occurred - See Response Body
[2024-12-10T03:56:47.350Z] Error reading register 6507 for IP 10.30.4.128: A Modbus Exception Occurred - See Response Body
[2024-12-10T03:56:47.351Z] Error reading actual data: A Modbus Exception Occurred - See Response Body
[2024-12-10T03:56:47.351Z] Error writing to Modbus register: A Modbus Exception Occurred - See Response Body
[2024-12-10T03:56:48.353Z] Error reading or processing Modbus registers: A Modbus Exception Occurred - See Response Body
[2024-12-10T03:56:48.355Z] Error reading register 6507 for IP 10.30.4.128: A Modbus Exception Occurred - See Response Body
[2024-12-10T03:56:48.356Z] Error reading actual data: A Modbus Exception Occurred - See Response Body
[2024-12-10T03:56:48.357Z] Error writing to Modbus register: A Modbus Exception Occurred - See Response Body
[2024-12-10T03:56:49.352Z] Error reading or processing Modbus registers: A Modbus Exception Occurred - See Response Body
[2024-12-10T03:56:49.355Z] Error reading register 6507 for IP 10.30.4.128: A Modbus Exception Occurred - See Response Body
[2024-12-10T03:56:49.355Z] Error reading actual data: A Modbus Exception Occurred - See Response Body
[2024-12-10T03:56:49.356Z] Error writing to Modbus register: A Modbus Exception Occurred - See Response Body
[2024-12-10T03:56:50.365Z] Error reading or processing Modbus registers: A Modbus Exception Occurred - See Response Body
[2024-12-10T03:56:50.368Z] Error reading register 6507 for IP 10.30.4.128: A Modbus Exception Occurred - See Response Body
[2024-12-10T03:56:50.368Z] Error reading actual data: A Modbus Exception Occurred - See Response Body
[2024-12-10T03:56:50.369Z] Error writing to Modbus register: A Modbus Exception Occurred - See Response Body
[2024-12-10T03:56:51.375Z] Error reading or processing Modbus registers: A Modbus Exception Occurred - See Response Body
[2024-12-10T03:56:51.376Z] Error reading register 6507 for IP 10.30.4.128: A Modbus Exception Occurred - See Response Body
[2024-12-10T03:56:51.377Z] Error reading actual data: A Modbus Exception Occurred - See Response Body
[2024-12-10T03:56:51.378Z] Error writing to Modbus register: A Modbus Exception Occurred - See Response Body
[2024-12-10T03:56:52.378Z] Error reading or processing Modbus registers: A Modbus Exception Occurred - See Response Body
[2024-12-10T03:56:52.379Z] Error reading register 6507 for IP 10.30.4.128: A Modbus Exception Occurred - See Response Body
[2024-12-10T03:56:52.380Z] Error reading actual data: A Modbus Exception Occurred - See Response Body
[2024-12-10T03:56:52.381Z] Error writing to Modbus register: A Modbus Exception Occurred - See Response Body
[2024-12-10T03:56:53.391Z] Error reading or processing Modbus registers: A Modbus Exception Occurred - See Response Body
[2024-12-10T03:56:53.393Z] Error reading register 6507 for IP 10.30.4.128: A Modbus Exception Occurred - See Response Body
[2024-12-10T03:56:53.394Z] Error reading actual data: A Modbus Exception Occurred - See Response Body
[2024-12-10T03:56:53.394Z] Error writing to Modbus register: A Modbus Exception Occurred - See Response Body
[2024-12-10T03:56:54.407Z] Error reading or processing Modbus registers: A Modbus Exception Occurred - See Response Body
[2024-12-10T03:56:54.410Z] Error reading register 6507 for IP 10.30.4.128: A Modbus Exception Occurred - See Response Body
[2024-12-10T03:56:54.411Z] Error reading actual data: A Modbus Exception Occurred - See Response Body
[2024-12-10T03:56:54.411Z] Error writing to Modbus register: A Modbus Exception Occurred - See Response Body
[2024-12-10T03:56:55.408Z] Error reading or processing Modbus registers: A Modbus Exception Occurred - See Response Body
[2024-12-10T03:56:55.410Z] Error reading register 6507 for IP 10.30.4.128: A Modbus Exception Occurred - See Response Body
[2024-12-10T03:56:55.411Z] Error reading actual data: A Modbus Exception Occurred - See Response Body
[2024-12-10T03:56:55.411Z] Error writing to Modbus register: A Modbus Exception Occurred - See Response Body
[2024-12-10T03:56:56.423Z] Error reading or processing Modbus registers: A Modbus Exception Occurred - See Response Body
[2024-12-10T03:56:56.425Z] Error reading register 6507 for IP 10.30.4.128: A Modbus Exception Occurred - See Response Body
[2024-12-10T03:56:56.425Z] Error reading actual data: A Modbus Exception Occurred - See Response Body
[2024-12-10T03:56:56.426Z] Error writing to Modbus register: A Modbus Exception Occurred - See Response Body
[2024-12-10T03:56:57.425Z] Error reading or processing Modbus registers: A Modbus Exception Occurred - See Response Body
[2024-12-10T03:56:57.427Z] Error reading register 6507 for IP 10.30.4.128: A Modbus Exception Occurred - See Response Body
[2024-12-10T03:56:57.428Z] Error reading actual data: A Modbus Exception Occurred - See Response Body
[2024-12-10T03:56:57.428Z] Error writing to Modbus register: A Modbus Exception Occurred - See Response Body
[2024-12-10T03:56:58.436Z] Error reading or processing Modbus registers: A Modbus Exception Occurred - See Response Body
[2024-12-10T03:56:58.438Z] Error reading register 6507 for IP 10.30.4.128: A Modbus Exception Occurred - See Response Body
[2024-12-10T03:56:58.439Z] Error reading actual data: A Modbus Exception Occurred - See Response Body
[2024-12-10T03:56:58.439Z] Error writing to Modbus register: A Modbus Exception Occurred - See Response Body
[2024-12-10T03:56:59.439Z] Error reading or processing Modbus registers: A Modbus Exception Occurred - See Response Body
[2024-12-10T03:56:59.442Z] Error reading register 6507 for IP 10.30.4.128: A Modbus Exception Occurred - See Response Body
[2024-12-10T03:56:59.442Z] Error reading actual data: A Modbus Exception Occurred - See Response Body
[2024-12-10T03:56:59.443Z] Error writing to Modbus register: A Modbus Exception Occurred - See Response Body
[2024-12-10T03:57:00.444Z] Error reading or processing Modbus registers: A Modbus Exception Occurred - See Response Body
[2024-12-10T03:57:00.446Z] Error reading register 6507 for IP 10.30.4.128: A Modbus Exception Occurred - See Response Body
[2024-12-10T03:57:00.446Z] Error reading actual data: A Modbus Exception Occurred - See Response Body
[2024-12-10T03:57:00.447Z] Error writing to Modbus register: A Modbus Exception Occurred - See Response Body
[2024-12-10T03:57:01.458Z] Error reading or processing Modbus registers: A Modbus Exception Occurred - See Response Body
[2024-12-10T03:57:01.461Z] Error reading register 6507 for IP 10.30.4.128: A Modbus Exception Occurred - See Response Body
[2024-12-10T03:57:01.462Z] Error reading actual data: A Modbus Exception Occurred - See Response Body
[2024-12-10T03:57:01.462Z] Error writing to Modbus register: A Modbus Exception Occurred - See Response Body
[2024-12-10T03:57:02.459Z] Error reading or processing Modbus registers: A Modbus Exception Occurred - See Response Body
[2024-12-10T03:57:02.461Z] Error reading register 6507 for IP 10.30.4.128: A Modbus Exception Occurred - See Response Body
[2024-12-10T03:57:02.462Z] Error reading actual data: A Modbus Exception Occurred - See Response Body
[2024-12-10T03:57:02.463Z] Error writing to Modbus register: A Modbus Exception Occurred - See Response Body
[2024-12-10T03:57:03.459Z] Error reading or processing Modbus registers: A Modbus Exception Occurred - See Response Body
[2024-12-10T03:57:03.462Z] Error reading register 6507 for IP 10.30.4.128: A Modbus Exception Occurred - See Response Body
[2024-12-10T03:57:03.462Z] Error reading actual data: A Modbus Exception Occurred - See Response Body
[2024-12-10T03:57:03.463Z] Error writing to Modbus register: A Modbus Exception Occurred - See Response Body
[2024-12-10T03:57:04.463Z] Error reading or processing Modbus registers: A Modbus Exception Occurred - See Response Body
[2024-12-10T03:57:04.466Z] Error reading register 6507 for IP 10.30.4.128: A Modbus Exception Occurred - See Response Body
[2024-12-10T03:57:04.466Z] Error reading actual data: A Modbus Exception Occurred - See Response Body
[2024-12-10T03:57:04.467Z] Error writing to Modbus register: A Modbus Exception Occurred - See Response Body
[2024-12-10T03:57:05.478Z] Error reading or processing Modbus registers: A Modbus Exception Occurred - See Response Body
[2024-12-10T03:57:05.480Z] Error reading register 6507 for IP 10.30.4.128: A Modbus Exception Occurred - See Response Body
[2024-12-10T03:57:05.481Z] Error reading actual data: A Modbus Exception Occurred - See Response Body
[2024-12-10T03:57:05.481Z] Error writing to Modbus register: A Modbus Exception Occurred - See Response Body
[2024-12-10T03:57:06.490Z] Error reading or processing Modbus registers: A Modbus Exception Occurred - See Response Body
[2024-12-10T03:57:06.492Z] Error reading register 6507 for IP 10.30.4.128: A Modbus Exception Occurred - See Response Body
[2024-12-10T03:57:06.493Z] Error reading actual data: A Modbus Exception Occurred - See Response Body
[2024-12-10T03:57:06.494Z] Error writing to Modbus register: A Modbus Exception Occurred - See Response Body
[2024-12-10T03:57:07.491Z] Error reading or processing Modbus registers: A Modbus Exception Occurred - See Response Body
[2024-12-10T03:57:07.493Z] Error reading register 6507 for IP 10.30.4.128: A Modbus Exception Occurred - See Response Body
[2024-12-10T03:57:07.494Z] Error reading actual data: A Modbus Exception Occurred - See Response Body
[2024-12-10T03:57:07.495Z] Error writing to Modbus register: A Modbus Exception Occurred - See Response Body
[2024-12-10T03:57:08.493Z] Error reading or processing Modbus registers: A Modbus Exception Occurred - See Response Body
[2024-12-10T03:57:08.496Z] Error reading register 6507 for IP 10.30.4.128: A Modbus Exception Occurred - See Response Body
[2024-12-10T03:57:08.496Z] Error reading actual data: A Modbus Exception Occurred - See Response Body
[2024-12-10T03:57:08.497Z] Error writing to Modbus register: A Modbus Exception Occurred - See Response Body
[2024-12-10T03:57:09.495Z] Error reading or processing Modbus registers: A Modbus Exception Occurred - See Response Body
[2024-12-10T03:57:09.497Z] Error reading register 6507 for IP 10.30.4.128: A Modbus Exception Occurred - See Response Body
[2024-12-10T03:57:09.498Z] Error reading actual data: A Modbus Exception Occurred - See Response Body
[2024-12-10T03:57:09.499Z] Error writing to Modbus register: A Modbus Exception Occurred - See Response Body
[2024-12-10T03:57:10.499Z] Error reading or processing Modbus registers: A Modbus Exception Occurred - See Response Body
[2024-12-10T03:57:10.501Z] Error reading register 6507 for IP 10.30.4.128: A Modbus Exception Occurred - See Response Body
[2024-12-10T03:57:10.502Z] Error reading actual data: A Modbus Exception Occurred - See Response Body
[2024-12-10T03:57:10.502Z] Error writing to Modbus register: A Modbus Exception Occurred - See Response Body
[2024-12-10T03:57:11.505Z] Error reading or processing Modbus registers: A Modbus Exception Occurred - See Response Body
[2024-12-10T03:57:11.507Z] Error reading register 6507 for IP 10.30.4.128: A Modbus Exception Occurred - See Response Body
[2024-12-10T03:57:11.508Z] Error reading actual data: A Modbus Exception Occurred - See Response Body
[2024-12-10T03:57:11.509Z] Error writing to Modbus register: A Modbus Exception Occurred - See Response Body
[2024-12-10T03:57:12.508Z] Error reading or processing Modbus registers: A Modbus Exception Occurred - See Response Body
[2024-12-10T03:57:12.510Z] Error reading register 6507 for IP 10.30.4.128: A Modbus Exception Occurred - See Response Body
[2024-12-10T03:57:12.511Z] Error reading actual data: A Modbus Exception Occurred - See Response Body
[2024-12-10T03:57:12.511Z] Error writing to Modbus register: A Modbus Exception Occurred - See Response Body
[2024-12-10T03:57:13.509Z] Error reading or processing Modbus registers: A Modbus Exception Occurred - See Response Body
[2024-12-10T03:57:13.511Z] Error reading register 6507 for IP 10.30.4.128: A Modbus Exception Occurred - See Response Body
[2024-12-10T03:57:13.512Z] Error reading actual data: A Modbus Exception Occurred - See Response Body
[2024-12-10T03:57:13.513Z] Error writing to Modbus register: A Modbus Exception Occurred - See Response Body
[2024-12-10T03:57:14.524Z] Error reading or processing Modbus registers: A Modbus Exception Occurred - See Response Body
[2024-12-10T03:57:14.526Z] Error reading register 6507 for IP 10.30.4.128: A Modbus Exception Occurred - See Response Body
[2024-12-10T03:57:14.527Z] Error reading actual data: A Modbus Exception Occurred - See Response Body
[2024-12-10T03:57:14.528Z] Error writing to Modbus register: A Modbus Exception Occurred - See Response Body
[2024-12-10T03:57:15.525Z] Error reading or processing Modbus registers: A Modbus Exception Occurred - See Response Body
[2024-12-10T03:57:15.527Z] Error reading register 6507 for IP 10.30.4.128: A Modbus Exception Occurred - See Response Body
[2024-12-10T03:57:15.528Z] Error reading actual data: A Modbus Exception Occurred - See Response Body
[2024-12-10T03:57:15.529Z] Error writing to Modbus register: A Modbus Exception Occurred - See Response Body
[2024-12-10T03:57:16.528Z] Error reading or processing Modbus registers: A Modbus Exception Occurred - See Response Body
[2024-12-10T03:57:16.530Z] Error reading register 6507 for IP 10.30.4.128: A Modbus Exception Occurred - See Response Body
[2024-12-10T03:57:16.531Z] Error reading actual data: A Modbus Exception Occurred - See Response Body
[2024-12-10T03:57:16.531Z] Error writing to Modbus register: A Modbus Exception Occurred - See Response Body
[2024-12-10T03:57:17.527Z] Error reading or processing Modbus registers: A Modbus Exception Occurred - See Response Body
[2024-12-10T03:57:17.530Z] Error reading register 6507 for IP 10.30.4.128: A Modbus Exception Occurred - See Response Body
[2024-12-10T03:57:17.530Z] Error reading actual data: A Modbus Exception Occurred - See Response Body
[2024-12-10T03:57:17.531Z] Error writing to Modbus register: A Modbus Exception Occurred - See Response Body
[2024-12-10T03:57:18.529Z] Error reading or processing Modbus registers: A Modbus Exception Occurred - See Response Body
[2024-12-10T03:57:18.531Z] Error reading register 6507 for IP 10.30.4.128: A Modbus Exception Occurred - See Response Body
[2024-12-10T03:57:18.532Z] Error reading actual data: A Modbus Exception Occurred - See Response Body
[2024-12-10T03:57:18.532Z] Error writing to Modbus register: A Modbus Exception Occurred - See Response Body
[2024-12-10T03:57:19.529Z] Error reading or processing Modbus registers: A Modbus Exception Occurred - See Response Body
[2024-12-10T03:57:19.530Z] Error reading register 6507 for IP 10.30.4.128: A Modbus Exception Occurred - See Response Body
[2024-12-10T03:57:19.531Z] Error reading actual data: A Modbus Exception Occurred - See Response Body
[2024-12-10T03:57:19.532Z] Error writing to Modbus register: A Modbus Exception Occurred - See Response Body
[2024-12-10T03:57:20.531Z] Error reading or processing Modbus registers: A Modbus Exception Occurred - See Response Body
[2024-12-10T03:57:20.533Z] Error reading register 6507 for IP 10.30.4.128: A Modbus Exception Occurred - See Response Body
[2024-12-10T03:57:20.534Z] Error reading actual data: A Modbus Exception Occurred - See Response Body
[2024-12-10T03:57:20.534Z] Error writing to Modbus register: A Modbus Exception Occurred - See Response Body
[2024-12-10T03:57:21.532Z] Error reading or processing Modbus registers: A Modbus Exception Occurred - See Response Body
[2024-12-10T03:57:21.534Z] Error reading register 6507 for IP 10.30.4.128: A Modbus Exception Occurred - See Response Body
[2024-12-10T03:57:21.535Z] Error reading actual data: A Modbus Exception Occurred - See Response Body
[2024-12-10T03:57:21.536Z] Error writing to Modbus register: A Modbus Exception Occurred - See Response Body
[2024-12-10T03:57:22.539Z] Error reading or processing Modbus registers: A Modbus Exception Occurred - See Response Body
[2024-12-10T03:57:22.541Z] Error reading register 6507 for IP 10.30.4.128: A Modbus Exception Occurred - See Response Body
[2024-12-10T03:57:22.541Z] Error reading actual data: A Modbus Exception Occurred - See Response Body
[2024-12-10T03:57:22.542Z] Error writing to Modbus register: A Modbus Exception Occurred - See Response Body
[2024-12-10T03:57:23.541Z] Error reading or processing Modbus registers: A Modbus Exception Occurred - See Response Body
[2024-12-10T03:57:23.543Z] Error reading register 6507 for IP 10.30.4.128: A Modbus Exception Occurred - See Response Body
[2024-12-10T03:57:23.544Z] Error reading actual data: A Modbus Exception Occurred - See Response Body
[2024-12-10T03:57:23.545Z] Error writing to Modbus register: A Modbus Exception Occurred - See Response Body
[2024-12-10T03:57:24.544Z] Error reading or processing Modbus registers: A Modbus Exception Occurred - See Response Body
[2024-12-10T03:57:24.546Z] Error reading register 6507 for IP 10.30.4.128: A Modbus Exception Occurred - See Response Body
[2024-12-10T03:57:24.547Z] Error reading actual data: A Modbus Exception Occurred - See Response Body
[2024-12-10T03:57:24.548Z] Error writing to Modbus register: A Modbus Exception Occurred - See Response Body
[2024-12-10T03:57:25.556Z] Error reading or processing Modbus registers: A Modbus Exception Occurred - See Response Body
[2024-12-10T03:57:25.558Z] Error reading register 6507 for IP 10.30.4.128: A Modbus Exception Occurred - See Response Body
[2024-12-10T03:57:25.558Z] Error reading actual data: A Modbus Exception Occurred - See Response Body
[2024-12-10T03:57:25.559Z] Error writing to Modbus register: A Modbus Exception Occurred - See Response Body
[2024-12-10T03:57:26.555Z] Error reading or processing Modbus registers: A Modbus Exception Occurred - See Response Body
[2024-12-10T03:57:26.557Z] Error reading register 6507 for IP 10.30.4.128: A Modbus Exception Occurred - See Response Body
[2024-12-10T03:57:26.558Z] Error reading actual data: A Modbus Exception Occurred - See Response Body
[2024-12-10T03:57:26.559Z] Error writing to Modbus register: A Modbus Exception Occurred - See Response Body
[2024-12-10T03:57:27.568Z] Error reading or processing Modbus registers: A Modbus Exception Occurred - See Response Body
[2024-12-10T03:57:27.570Z] Error reading register 6507 for IP 10.30.4.128: A Modbus Exception Occurred - See Response Body
[2024-12-10T03:57:27.571Z] Error reading actual data: A Modbus Exception Occurred - See Response Body
[2024-12-10T03:57:27.571Z] Error writing to Modbus register: A Modbus Exception Occurred - See Response Body
[2024-12-10T03:57:28.583Z] Error reading or processing Modbus registers: A Modbus Exception Occurred - See Response Body
[2024-12-10T03:57:28.585Z] Error reading register 6507 for IP 10.30.4.128: A Modbus Exception Occurred - See Response Body
[2024-12-10T03:57:28.585Z] Error reading actual data: A Modbus Exception Occurred - See Response Body
[2024-12-10T03:57:28.586Z] Error writing to Modbus register: A Modbus Exception Occurred - See Response Body
[2024-12-10T03:57:29.584Z] Error reading or processing Modbus registers: A Modbus Exception Occurred - See Response Body
[2024-12-10T03:57:29.586Z] Error reading register 6507 for IP 10.30.4.128: A Modbus Exception Occurred - See Response Body
[2024-12-10T03:57:29.586Z] Error reading actual data: A Modbus Exception Occurred - See Response Body
[2024-12-10T03:57:29.587Z] Error writing to Modbus register: A Modbus Exception Occurred - See Response Body
[2024-12-10T03:57:30.599Z] Error reading or processing Modbus registers: A Modbus Exception Occurred - See Response Body
[2024-12-10T03:57:30.601Z] Error reading register 6507 for IP 10.30.4.128: A Modbus Exception Occurred - See Response Body
[2024-12-10T03:57:30.602Z] Error reading actual data: A Modbus Exception Occurred - See Response Body
[2024-12-10T03:57:30.602Z] Error writing to Modbus register: A Modbus Exception Occurred - See Response Body
[2024-12-10T03:57:31.613Z] Error reading or processing Modbus registers: A Modbus Exception Occurred - See Response Body
[2024-12-10T03:57:31.615Z] Error reading register 6507 for IP 10.30.4.128: A Modbus Exception Occurred - See Response Body
[2024-12-10T03:57:31.616Z] Error reading actual data: A Modbus Exception Occurred - See Response Body
[2024-12-10T03:57:31.617Z] Error writing to Modbus register: A Modbus Exception Occurred - See Response Body
[2024-12-10T03:57:32.628Z] Error reading or processing Modbus registers: A Modbus Exception Occurred - See Response Body
[2024-12-10T03:57:32.629Z] Error reading register 6507 for IP 10.30.4.128: A Modbus Exception Occurred - See Response Body
[2024-12-10T03:57:32.630Z] Error reading actual data: A Modbus Exception Occurred - See Response Body
[2024-12-10T03:57:32.630Z] Error writing to Modbus register: A Modbus Exception Occurred - See Response Body
[2024-12-10T03:57:33.632Z] Error reading or processing Modbus registers: A Modbus Exception Occurred - See Response Body
[2024-12-10T03:57:33.634Z] Error reading register 6507 for IP 10.30.4.128: A Modbus Exception Occurred - See Response Body
[2024-12-10T03:57:33.635Z] Error reading actual data: A Modbus Exception Occurred - See Response Body
[2024-12-10T03:57:33.635Z] Error writing to Modbus register: A Modbus Exception Occurred - See Response Body
[2024-12-10T03:57:34.633Z] Error reading or processing Modbus registers: A Modbus Exception Occurred - See Response Body
[2024-12-10T03:57:34.635Z] Error reading register 6507 for IP 10.30.4.128: A Modbus Exception Occurred - See Response Body
[2024-12-10T03:57:34.636Z] Error reading actual data: A Modbus Exception Occurred - See Response Body
[2024-12-10T03:57:34.636Z] Error writing to Modbus register: A Modbus Exception Occurred - See Response Body
[2024-12-10T03:57:35.641Z] Error reading or processing Modbus registers: A Modbus Exception Occurred - See Response Body
[2024-12-10T03:57:35.644Z] Error reading register 6507 for IP 10.30.4.128: A Modbus Exception Occurred - See Response Body
[2024-12-10T03:57:35.644Z] Error reading actual data: A Modbus Exception Occurred - See Response Body
[2024-12-10T03:57:35.645Z] Error writing to Modbus register: A Modbus Exception Occurred - See Response Body
[2024-12-10T03:57:36.655Z] Error reading or processing Modbus registers: A Modbus Exception Occurred - See Response Body
[2024-12-10T03:57:36.658Z] Error reading register 6507 for IP 10.30.4.128: A Modbus Exception Occurred - See Response Body
[2024-12-10T03:57:36.659Z] Error reading actual data: A Modbus Exception Occurred - See Response Body
[2024-12-10T03:57:36.659Z] Error writing to Modbus register: A Modbus Exception Occurred - See Response Body
[2024-12-10T03:57:37.656Z] Error reading or processing Modbus registers: A Modbus Exception Occurred - See Response Body
[2024-12-10T03:57:37.658Z] Error reading register 6507 for IP 10.30.4.128: A Modbus Exception Occurred - See Response Body
[2024-12-10T03:57:37.659Z] Error reading actual data: A Modbus Exception Occurred - See Response Body
[2024-12-10T03:57:37.659Z] Error writing to Modbus register: A Modbus Exception Occurred - See Response Body
[2024-12-10T03:57:38.668Z] Error reading or processing Modbus registers: A Modbus Exception Occurred - See Response Body
[2024-12-10T03:57:38.670Z] Error reading register 6507 for IP 10.30.4.128: A Modbus Exception Occurred - See Response Body
[2024-12-10T03:57:38.671Z] Error reading actual data: A Modbus Exception Occurred - See Response Body
[2024-12-10T03:57:38.672Z] Error writing to Modbus register: A Modbus Exception Occurred - See Response Body
[2024-12-10T03:57:39.669Z] Error reading or processing Modbus registers: A Modbus Exception Occurred - See Response Body
[2024-12-10T03:57:39.672Z] Error reading register 6507 for IP 10.30.4.128: A Modbus Exception Occurred - See Response Body
[2024-12-10T03:57:39.673Z] Error reading actual data: A Modbus Exception Occurred - See Response Body
[2024-12-10T03:57:39.673Z] Error writing to Modbus register: A Modbus Exception Occurred - See Response Body
[2024-12-10T03:57:40.681Z] Error reading or processing Modbus registers: A Modbus Exception Occurred - See Response Body
[2024-12-10T03:57:40.683Z] Error reading register 6507 for IP 10.30.4.128: A Modbus Exception Occurred - See Response Body
[2024-12-10T03:57:40.683Z] Error reading actual data: A Modbus Exception Occurred - See Response Body
[2024-12-10T03:57:40.684Z] Error writing to Modbus register: A Modbus Exception Occurred - See Response Body
[2024-12-10T03:57:41.683Z] Error reading or processing Modbus registers: A Modbus Exception Occurred - See Response Body
[2024-12-10T03:57:41.686Z] Error reading register 6507 for IP 10.30.4.128: A Modbus Exception Occurred - See Response Body
[2024-12-10T03:57:41.687Z] Error reading actual data: A Modbus Exception Occurred - See Response Body
[2024-12-10T03:57:41.687Z] Error writing to Modbus register: A Modbus Exception Occurred - See Response Body
[2024-12-10T03:57:42.698Z] Error reading or processing Modbus registers: A Modbus Exception Occurred - See Response Body
[2024-12-10T03:57:42.700Z] Error reading register 6507 for IP 10.30.4.128: A Modbus Exception Occurred - See Response Body
[2024-12-10T03:57:42.701Z] Error reading actual data: A Modbus Exception Occurred - See Response Body
[2024-12-10T03:57:42.702Z] Error writing to Modbus register: A Modbus Exception Occurred - See Response Body
[2024-12-10T03:57:43.711Z] Error reading or processing Modbus registers: A Modbus Exception Occurred - See Response Body
[2024-12-10T03:57:43.714Z] Error reading register 6507 for IP 10.30.4.128: A Modbus Exception Occurred - See Response Body
[2024-12-10T03:57:43.714Z] Error reading actual data: A Modbus Exception Occurred - See Response Body
[2024-12-10T03:57:43.715Z] Error writing to Modbus register: A Modbus Exception Occurred - See Response Body
[2024-12-10T03:57:44.714Z] Error reading or processing Modbus registers: A Modbus Exception Occurred - See Response Body
[2024-12-10T03:57:44.716Z] Error reading register 6507 for IP 10.30.4.128: A Modbus Exception Occurred - See Response Body
[2024-12-10T03:57:44.717Z] Error reading actual data: A Modbus Exception Occurred - See Response Body
[2024-12-10T03:57:44.717Z] Error writing to Modbus register: A Modbus Exception Occurred - See Response Body
[2024-12-10T03:57:45.715Z] Error reading or processing Modbus registers: A Modbus Exception Occurred - See Response Body
[2024-12-10T03:57:45.718Z] Error reading register 6507 for IP 10.30.4.128: A Modbus Exception Occurred - See Response Body
[2024-12-10T03:57:45.718Z] Error reading actual data: A Modbus Exception Occurred - See Response Body
[2024-12-10T03:57:45.719Z] Error writing to Modbus register: A Modbus Exception Occurred - See Response Body
[2024-12-10T03:57:46.716Z] Error reading or processing Modbus registers: A Modbus Exception Occurred - See Response Body
[2024-12-10T03:57:46.719Z] Error reading register 6507 for IP 10.30.4.128: A Modbus Exception Occurred - See Response Body
[2024-12-10T03:57:46.719Z] Error reading actual data: A Modbus Exception Occurred - See Response Body
[2024-12-10T03:57:46.720Z] Error writing to Modbus register: A Modbus Exception Occurred - See Response Body
[2024-12-10T03:57:47.730Z] Error reading or processing Modbus registers: A Modbus Exception Occurred - See Response Body
[2024-12-10T03:57:47.732Z] Error reading register 6507 for IP 10.30.4.128: A Modbus Exception Occurred - See Response Body
[2024-12-10T03:57:47.733Z] Error reading actual data: A Modbus Exception Occurred - See Response Body
[2024-12-10T03:57:47.733Z] Error writing to Modbus register: A Modbus Exception Occurred - See Response Body
[2024-12-10T03:57:48.745Z] Error reading or processing Modbus registers: A Modbus Exception Occurred - See Response Body
[2024-12-10T03:57:48.748Z] Error reading register 6507 for IP 10.30.4.128: A Modbus Exception Occurred - See Response Body
[2024-12-10T03:57:48.748Z] Error reading actual data: A Modbus Exception Occurred - See Response Body
[2024-12-10T03:57:48.749Z] Error writing to Modbus register: A Modbus Exception Occurred - See Response Body
[2024-12-10T03:57:49.757Z] Error reading or processing Modbus registers: A Modbus Exception Occurred - See Response Body
[2024-12-10T03:57:49.759Z] Error reading register 6507 for IP 10.30.4.128: A Modbus Exception Occurred - See Response Body
[2024-12-10T03:57:49.760Z] Error reading actual data: A Modbus Exception Occurred - See Response Body
[2024-12-10T03:57:49.760Z] Error writing to Modbus register: A Modbus Exception Occurred - See Response Body
[2024-12-10T03:57:50.762Z] Error reading or processing Modbus registers: A Modbus Exception Occurred - See Response Body
[2024-12-10T03:57:50.764Z] Error reading register 6507 for IP 10.30.4.128: A Modbus Exception Occurred - See Response Body
[2024-12-10T03:57:50.765Z] Error reading actual data: A Modbus Exception Occurred - See Response Body
[2024-12-10T03:57:50.765Z] Error writing to Modbus register: A Modbus Exception Occurred - See Response Body
[2024-12-10T03:57:51.769Z] Error reading or processing Modbus registers: A Modbus Exception Occurred - See Response Body
[2024-12-10T03:57:51.772Z] Error reading register 6507 for IP 10.30.4.128: A Modbus Exception Occurred - See Response Body
[2024-12-10T03:57:51.772Z] Error reading actual data: A Modbus Exception Occurred - See Response Body
[2024-12-10T03:57:51.773Z] Error writing to Modbus register: A Modbus Exception Occurred - See Response Body
[2024-12-10T03:57:52.770Z] Error reading or processing Modbus registers: A Modbus Exception Occurred - See Response Body
[2024-12-10T03:57:52.772Z] Error reading register 6507 for IP 10.30.4.128: A Modbus Exception Occurred - See Response Body
[2024-12-10T03:57:52.773Z] Error reading actual data: A Modbus Exception Occurred - See Response Body
[2024-12-10T03:57:52.773Z] Error writing to Modbus register: A Modbus Exception Occurred - See Response Body
[2024-12-10T03:57:53.783Z] Error reading or processing Modbus registers: A Modbus Exception Occurred - See Response Body
[2024-12-10T03:57:53.785Z] Error reading register 6507 for IP 10.30.4.128: A Modbus Exception Occurred - See Response Body
[2024-12-10T03:57:53.785Z] Error reading actual data: A Modbus Exception Occurred - See Response Body
[2024-12-10T03:57:53.786Z] Error writing to Modbus register: A Modbus Exception Occurred - See Response Body
[2024-12-10T03:57:54.785Z] Error reading or processing Modbus registers: A Modbus Exception Occurred - See Response Body
[2024-12-10T03:57:54.788Z] Error reading register 6507 for IP 10.30.4.128: A Modbus Exception Occurred - See Response Body
[2024-12-10T03:57:54.788Z] Error reading actual data: A Modbus Exception Occurred - See Response Body
[2024-12-10T03:57:54.788Z] Error writing to Modbus register: A Modbus Exception Occurred - See Response Body
[2024-12-10T03:57:55.798Z] Error reading or processing Modbus registers: A Modbus Exception Occurred - See Response Body
[2024-12-10T03:57:55.799Z] Error reading register 6507 for IP 10.30.4.128: A Modbus Exception Occurred - See Response Body
[2024-12-10T03:57:55.800Z] Error reading actual data: A Modbus Exception Occurred - See Response Body
[2024-12-10T03:57:55.801Z] Error writing to Modbus register: A Modbus Exception Occurred - See Response Body
[2024-12-10T03:57:56.798Z] Error reading or processing Modbus registers: A Modbus Exception Occurred - See Response Body
[2024-12-10T03:57:56.800Z] Error reading register 6507 for IP 10.30.4.128: A Modbus Exception Occurred - See Response Body
[2024-12-10T03:57:56.800Z] Error reading actual data: A Modbus Exception Occurred - See Response Body
[2024-12-10T03:57:56.801Z] Error writing to Modbus register: A Modbus Exception Occurred - See Response Body
[2024-12-10T03:57:57.810Z] Error reading or processing Modbus registers: A Modbus Exception Occurred - See Response Body
[2024-12-10T03:57:57.812Z] Error reading register 6507 for IP 10.30.4.128: A Modbus Exception Occurred - See Response Body
[2024-12-10T03:57:57.813Z] Error reading actual data: A Modbus Exception Occurred - See Response Body
[2024-12-10T03:57:57.813Z] Error writing to Modbus register: A Modbus Exception Occurred - See Response Body
[2024-12-10T03:57:58.825Z] Error reading or processing Modbus registers: A Modbus Exception Occurred - See Response Body
[2024-12-10T03:57:58.827Z] Error reading register 6507 for IP 10.30.4.128: A Modbus Exception Occurred - See Response Body
[2024-12-10T03:57:58.828Z] Error reading actual data: A Modbus Exception Occurred - See Response Body
[2024-12-10T03:57:58.829Z] Error writing to Modbus register: A Modbus Exception Occurred - See Response Body
[2024-12-10T03:57:59.839Z] Error reading or processing Modbus registers: A Modbus Exception Occurred - See Response Body
[2024-12-10T03:57:59.842Z] Error reading register 6507 for IP 10.30.4.128: A Modbus Exception Occurred - See Response Body
[2024-12-10T03:57:59.843Z] Error reading actual data: A Modbus Exception Occurred - See Response Body
[2024-12-10T03:57:59.843Z] Error writing to Modbus register: A Modbus Exception Occurred - See Response Body
[2024-12-10T03:58:00.853Z] Error reading or processing Modbus registers: A Modbus Exception Occurred - See Response Body
[2024-12-10T03:58:00.855Z] Error reading register 6507 for IP 10.30.4.128: A Modbus Exception Occurred - See Response Body
[2024-12-10T03:58:00.856Z] Error reading actual data: A Modbus Exception Occurred - See Response Body
[2024-12-10T03:58:00.857Z] Error writing to Modbus register: A Modbus Exception Occurred - See Response Body
[2024-12-10T03:58:01.855Z] Error reading or processing Modbus registers: A Modbus Exception Occurred - See Response Body
[2024-12-10T03:58:01.857Z] Error reading register 6507 for IP 10.30.4.128: A Modbus Exception Occurred - See Response Body
[2024-12-10T03:58:01.858Z] Error reading actual data: A Modbus Exception Occurred - See Response Body
[2024-12-10T03:58:01.859Z] Error writing to Modbus register: A Modbus Exception Occurred - See Response Body
[2024-12-10T03:58:02.868Z] Error reading or processing Modbus registers: A Modbus Exception Occurred - See Response Body
[2024-12-10T03:58:02.870Z] Error reading register 6507 for IP 10.30.4.128: A Modbus Exception Occurred - See Response Body
[2024-12-10T03:58:02.871Z] Error reading actual data: A Modbus Exception Occurred - See Response Body
[2024-12-10T03:58:02.871Z] Error writing to Modbus register: A Modbus Exception Occurred - See Response Body
[2024-12-10T03:58:03.873Z] Error reading or processing Modbus registers: A Modbus Exception Occurred - See Response Body
[2024-12-10T03:58:03.875Z] Error reading register 6507 for IP 10.30.4.128: A Modbus Exception Occurred - See Response Body
[2024-12-10T03:58:03.876Z] Error reading actual data: A Modbus Exception Occurred - See Response Body
[2024-12-10T03:58:03.877Z] Error writing to Modbus register: A Modbus Exception Occurred - See Response Body
[2024-12-10T03:58:04.886Z] Error reading or processing Modbus registers: A Modbus Exception Occurred - See Response Body
[2024-12-10T03:58:04.888Z] Error reading register 6507 for IP 10.30.4.128: A Modbus Exception Occurred - See Response Body
[2024-12-10T03:58:04.889Z] Error reading actual data: A Modbus Exception Occurred - See Response Body
[2024-12-10T03:58:04.890Z] Error writing to Modbus register: A Modbus Exception Occurred - See Response Body
[2024-12-10T03:58:05.892Z] Error reading or processing Modbus registers: A Modbus Exception Occurred - See Response Body
[2024-12-10T03:58:05.894Z] Error reading register 6507 for IP 10.30.4.128: A Modbus Exception Occurred - See Response Body
[2024-12-10T03:58:05.895Z] Error reading actual data: A Modbus Exception Occurred - See Response Body
[2024-12-10T03:58:05.895Z] Error writing to Modbus register: A Modbus Exception Occurred - See Response Body
[2024-12-10T03:58:06.899Z] Error reading or processing Modbus registers: A Modbus Exception Occurred - See Response Body
[2024-12-10T03:58:06.901Z] Error reading register 6507 for IP 10.30.4.128: A Modbus Exception Occurred - See Response Body
[2024-12-10T03:58:06.902Z] Error reading actual data: A Modbus Exception Occurred - See Response Body
[2024-12-10T03:58:06.903Z] Error writing to Modbus register: A Modbus Exception Occurred - See Response Body
[2024-12-10T03:58:07.912Z] Error reading or processing Modbus registers: A Modbus Exception Occurred - See Response Body
[2024-12-10T03:58:07.914Z] Error reading register 6507 for IP 10.30.4.128: A Modbus Exception Occurred - See Response Body
[2024-12-10T03:58:07.915Z] Error reading actual data: A Modbus Exception Occurred - See Response Body
[2024-12-10T03:58:07.915Z] Error writing to Modbus register: A Modbus Exception Occurred - See Response Body
[2024-12-10T03:58:08.926Z] Error reading or processing Modbus registers: A Modbus Exception Occurred - See Response Body
[2024-12-10T03:58:08.928Z] Error reading register 6507 for IP 10.30.4.128: A Modbus Exception Occurred - See Response Body
[2024-12-10T03:58:08.929Z] Error reading actual data: A Modbus Exception Occurred - See Response Body
[2024-12-10T03:58:08.930Z] Error writing to Modbus register: A Modbus Exception Occurred - See Response Body
[2024-12-10T03:58:09.942Z] Error reading or processing Modbus registers: A Modbus Exception Occurred - See Response Body
[2024-12-10T03:58:09.944Z] Error reading register 6507 for IP 10.30.4.128: A Modbus Exception Occurred - See Response Body
[2024-12-10T03:58:09.944Z] Error reading actual data: A Modbus Exception Occurred - See Response Body
[2024-12-10T03:58:09.945Z] Error writing to Modbus register: A Modbus Exception Occurred - See Response Body
[2024-12-10T03:58:10.945Z] Error reading or processing Modbus registers: A Modbus Exception Occurred - See Response Body
[2024-12-10T03:58:10.947Z] Error reading register 6507 for IP 10.30.4.128: A Modbus Exception Occurred - See Response Body
[2024-12-10T03:58:10.948Z] Error reading actual data: A Modbus Exception Occurred - See Response Body
[2024-12-10T03:58:10.948Z] Error writing to Modbus register: A Modbus Exception Occurred - See Response Body
[2024-12-10T03:58:11.957Z] Error reading or processing Modbus registers: A Modbus Exception Occurred - See Response Body
[2024-12-10T03:58:11.959Z] Error reading register 6507 for IP 10.30.4.128: A Modbus Exception Occurred - See Response Body
[2024-12-10T03:58:11.960Z] Error reading actual data: A Modbus Exception Occurred - See Response Body
[2024-12-10T03:58:11.960Z] Error writing to Modbus register: A Modbus Exception Occurred - See Response Body
[2024-12-10T03:58:12.959Z] Error reading or processing Modbus registers: A Modbus Exception Occurred - See Response Body
[2024-12-10T03:58:12.961Z] Error reading register 6507 for IP 10.30.4.128: A Modbus Exception Occurred - See Response Body
[2024-12-10T03:58:12.962Z] Error reading actual data: A Modbus Exception Occurred - See Response Body
[2024-12-10T03:58:12.962Z] Error writing to Modbus register: A Modbus Exception Occurred - See Response Body
[2024-12-10T03:58:13.974Z] Error reading or processing Modbus registers: A Modbus Exception Occurred - See Response Body
[2024-12-10T03:58:13.976Z] Error reading register 6507 for IP 10.30.4.128: A Modbus Exception Occurred - See Response Body
[2024-12-10T03:58:13.977Z] Error reading actual data: A Modbus Exception Occurred - See Response Body
[2024-12-10T03:58:13.977Z] Error writing to Modbus register: A Modbus Exception Occurred - See Response Body
[2024-12-10T03:58:14.982Z] Error reading or processing Modbus registers: A Modbus Exception Occurred - See Response Body
[2024-12-10T03:58:14.984Z] Error reading register 6507 for IP 10.30.4.128: A Modbus Exception Occurred - See Response Body
[2024-12-10T03:58:14.984Z] Error reading actual data: A Modbus Exception Occurred - See Response Body
[2024-12-10T03:58:14.986Z] Error writing to Modbus register: A Modbus Exception Occurred - See Response Body
[2024-12-10T03:58:15.985Z] Error reading or processing Modbus registers: A Modbus Exception Occurred - See Response Body
[2024-12-10T03:58:15.987Z] Error reading register 6507 for IP 10.30.4.128: A Modbus Exception Occurred - See Response Body
[2024-12-10T03:58:15.988Z] Error reading actual data: A Modbus Exception Occurred - See Response Body
[2024-12-10T03:58:15.989Z] Error writing to Modbus register: A Modbus Exception Occurred - See Response Body
[2024-12-10T03:58:16.986Z] Error reading or processing Modbus registers: A Modbus Exception Occurred - See Response Body
[2024-12-10T03:58:16.990Z] Error reading register 6507 for IP 10.30.4.128: A Modbus Exception Occurred - See Response Body
[2024-12-10T03:58:16.990Z] Error reading actual data: A Modbus Exception Occurred - See Response Body
[2024-12-10T03:58:16.991Z] Error writing to Modbus register: A Modbus Exception Occurred - See Response Body
[2024-12-10T03:58:17.999Z] Error reading or processing Modbus registers: A Modbus Exception Occurred - See Response Body
[2024-12-10T03:58:18.001Z] Error reading register 6507 for IP 10.30.4.128: A Modbus Exception Occurred - See Response Body
[2024-12-10T03:58:18.001Z] Error reading actual data: A Modbus Exception Occurred - See Response Body
[2024-12-10T03:58:18.002Z] Error writing to Modbus register: A Modbus Exception Occurred - See Response Body
[2024-12-10T03:58:19.000Z] Error reading or processing Modbus registers: A Modbus Exception Occurred - See Response Body
[2024-12-10T03:58:19.002Z] Error reading register 6507 for IP 10.30.4.128: A Modbus Exception Occurred - See Response Body
[2024-12-10T03:58:19.003Z] Error reading actual data: A Modbus Exception Occurred - See Response Body
[2024-12-10T03:58:19.003Z] Error writing to Modbus register: A Modbus Exception Occurred - See Response Body
[2024-12-10T03:58:20.003Z] Error reading or processing Modbus registers: A Modbus Exception Occurred - See Response Body
[2024-12-10T03:58:20.006Z] Error reading register 6507 for IP 10.30.4.128: A Modbus Exception Occurred - See Response Body
[2024-12-10T03:58:20.006Z] Error reading actual data: A Modbus Exception Occurred - See Response Body
[2024-12-10T03:58:20.007Z] Error writing to Modbus register: A Modbus Exception Occurred - See Response Body
[2024-12-10T03:58:21.007Z] Error reading or processing Modbus registers: A Modbus Exception Occurred - See Response Body
[2024-12-10T03:58:21.009Z] Error reading register 6507 for IP 10.30.4.128: A Modbus Exception Occurred - See Response Body
[2024-12-10T03:58:21.009Z] Error reading actual data: A Modbus Exception Occurred - See Response Body
[2024-12-10T03:58:21.010Z] Error writing to Modbus register: A Modbus Exception Occurred - See Response Body
[2024-12-10T03:58:22.013Z] Error reading or processing Modbus registers: A Modbus Exception Occurred - See Response Body
[2024-12-10T03:58:22.015Z] Error reading register 6507 for IP 10.30.4.128: A Modbus Exception Occurred - See Response Body
[2024-12-10T03:58:22.015Z] Error reading actual data: A Modbus Exception Occurred - See Response Body
[2024-12-10T03:58:22.016Z] Error writing to Modbus register: A Modbus Exception Occurred - See Response Body
[2024-12-10T03:58:23.015Z] Error reading or processing Modbus registers: A Modbus Exception Occurred - See Response Body
[2024-12-10T03:58:23.018Z] Error reading register 6507 for IP 10.30.4.128: A Modbus Exception Occurred - See Response Body
[2024-12-10T03:58:23.019Z] Error reading actual data: A Modbus Exception Occurred - See Response Body
[2024-12-10T03:58:23.019Z] Error writing to Modbus register: A Modbus Exception Occurred - See Response Body
[2024-12-10T03:58:24.029Z] Error reading or processing Modbus registers: A Modbus Exception Occurred - See Response Body
[2024-12-10T03:58:24.031Z] Error reading register 6507 for IP 10.30.4.128: A Modbus Exception Occurred - See Response Body
[2024-12-10T03:58:24.032Z] Error reading actual data: A Modbus Exception Occurred - See Response Body
[2024-12-10T03:58:24.032Z] Error writing to Modbus register: A Modbus Exception Occurred - See Response Body
[2024-12-10T03:58:25.044Z] Error reading or processing Modbus registers: A Modbus Exception Occurred - See Response Body
[2024-12-10T03:58:25.045Z] Error reading register 6507 for IP 10.30.4.128: A Modbus Exception Occurred - See Response Body
[2024-12-10T03:58:25.047Z] Error reading actual data: A Modbus Exception Occurred - See Response Body
[2024-12-10T03:58:25.047Z] Error writing to Modbus register: A Modbus Exception Occurred - See Response Body
[2024-12-10T03:58:26.043Z] Error reading or processing Modbus registers: A Modbus Exception Occurred - See Response Body
[2024-12-10T03:58:26.045Z] Error reading register 6507 for IP 10.30.4.128: A Modbus Exception Occurred - See Response Body
[2024-12-10T03:58:26.046Z] Error reading actual data: A Modbus Exception Occurred - See Response Body
[2024-12-10T03:58:26.046Z] Error writing to Modbus register: A Modbus Exception Occurred - See Response Body
[2024-12-10T03:58:27.048Z] Error reading or processing Modbus registers: A Modbus Exception Occurred - See Response Body
[2024-12-10T03:58:27.050Z] Error reading register 6507 for IP 10.30.4.128: A Modbus Exception Occurred - See Response Body
[2024-12-10T03:58:27.051Z] Error reading actual data: A Modbus Exception Occurred - See Response Body
[2024-12-10T03:58:27.051Z] Error writing to Modbus register: A Modbus Exception Occurred - See Response Body
[2024-12-10T03:58:28.062Z] Error reading or processing Modbus registers: A Modbus Exception Occurred - See Response Body
[2024-12-10T03:58:28.064Z] Error reading register 6507 for IP 10.30.4.128: A Modbus Exception Occurred - See Response Body
[2024-12-10T03:58:28.065Z] Error reading actual data: A Modbus Exception Occurred - See Response Body
[2024-12-10T03:58:28.066Z] Error writing to Modbus register: A Modbus Exception Occurred - See Response Body
[2024-12-10T03:58:29.063Z] Error reading or processing Modbus registers: A Modbus Exception Occurred - See Response Body
[2024-12-10T03:58:29.066Z] Error reading register 6507 for IP 10.30.4.128: A Modbus Exception Occurred - See Response Body
[2024-12-10T03:58:29.066Z] Error reading actual data: A Modbus Exception Occurred - See Response Body
[2024-12-10T03:58:29.067Z] Error writing to Modbus register: A Modbus Exception Occurred - See Response Body
[2024-12-10T03:58:30.063Z] Error reading or processing Modbus registers: A Modbus Exception Occurred - See Response Body
[2024-12-10T03:58:30.065Z] Error reading register 6507 for IP 10.30.4.128: A Modbus Exception Occurred - See Response Body
[2024-12-10T03:58:30.066Z] Error reading actual data: A Modbus Exception Occurred - See Response Body
[2024-12-10T03:58:30.066Z] Error writing to Modbus register: A Modbus Exception Occurred - See Response Body
[2024-12-10T03:58:31.078Z] Error reading or processing Modbus registers: A Modbus Exception Occurred - See Response Body
[2024-12-10T03:58:31.080Z] Error reading register 6507 for IP 10.30.4.128: A Modbus Exception Occurred - See Response Body
[2024-12-10T03:58:31.080Z] Error reading actual data: A Modbus Exception Occurred - See Response Body
[2024-12-10T03:58:31.081Z] Error writing to Modbus register: A Modbus Exception Occurred - See Response Body
[2024-12-10T03:58:32.091Z] Error reading or processing Modbus registers: A Modbus Exception Occurred - See Response Body
[2024-12-10T03:58:32.093Z] Error reading register 6507 for IP 10.30.4.128: A Modbus Exception Occurred - See Response Body
[2024-12-10T03:58:32.094Z] Error reading actual data: A Modbus Exception Occurred - See Response Body
[2024-12-10T03:58:32.095Z] Error writing to Modbus register: A Modbus Exception Occurred - See Response Body
[2024-12-10T03:58:33.093Z] Error reading or processing Modbus registers: A Modbus Exception Occurred - See Response Body
[2024-12-10T03:58:33.095Z] Error reading register 6507 for IP 10.30.4.128: A Modbus Exception Occurred - See Response Body
[2024-12-10T03:58:33.096Z] Error reading actual data: A Modbus Exception Occurred - See Response Body
[2024-12-10T03:58:33.097Z] Error writing to Modbus register: A Modbus Exception Occurred - See Response Body
[2024-12-10T03:58:34.110Z] Error reading or processing Modbus registers: A Modbus Exception Occurred - See Response Body
[2024-12-10T03:58:34.112Z] Error reading register 6507 for IP 10.30.4.128: A Modbus Exception Occurred - See Response Body
[2024-12-10T03:58:34.112Z] Error reading actual data: A Modbus Exception Occurred - See Response Body
[2024-12-10T03:58:34.113Z] Error writing to Modbus register: A Modbus Exception Occurred - See Response Body
[2024-12-10T03:58:35.122Z] Error reading or processing Modbus registers: A Modbus Exception Occurred - See Response Body
[2024-12-10T03:58:35.124Z] Error reading register 6507 for IP 10.30.4.128: A Modbus Exception Occurred - See Response Body
[2024-12-10T03:58:35.125Z] Error reading actual data: A Modbus Exception Occurred - See Response Body
[2024-12-10T03:58:35.125Z] Error writing to Modbus register: A Modbus Exception Occurred - See Response Body
[2024-12-10T03:58:36.136Z] Error reading or processing Modbus registers: A Modbus Exception Occurred - See Response Body
[2024-12-10T03:58:36.137Z] Error reading register 6507 for IP 10.30.4.128: A Modbus Exception Occurred - See Response Body
[2024-12-10T03:58:36.138Z] Error reading actual data: A Modbus Exception Occurred - See Response Body
[2024-12-10T03:58:36.139Z] Error writing to Modbus register: A Modbus Exception Occurred - See Response Body
[2024-12-10T03:58:37.150Z] Error reading or processing Modbus registers: A Modbus Exception Occurred - See Response Body
[2024-12-10T03:58:37.152Z] Error reading register 6507 for IP 10.30.4.128: A Modbus Exception Occurred - See Response Body
[2024-12-10T03:58:37.153Z] Error reading actual data: A Modbus Exception Occurred - See Response Body
[2024-12-10T03:58:37.153Z] Error writing to Modbus register: A Modbus Exception Occurred - See Response Body
[2024-12-10T03:58:38.163Z] Error reading or processing Modbus registers: A Modbus Exception Occurred - See Response Body
[2024-12-10T03:58:38.166Z] Error reading register 6507 for IP 10.30.4.128: A Modbus Exception Occurred - See Response Body
[2024-12-10T03:58:38.166Z] Error reading actual data: A Modbus Exception Occurred - See Response Body
[2024-12-10T03:58:38.167Z] Error writing to Modbus register: A Modbus Exception Occurred - See Response Body
[2024-12-10T03:58:39.179Z] Error reading or processing Modbus registers: A Modbus Exception Occurred - See Response Body
[2024-12-10T03:58:39.181Z] Error reading register 6507 for IP 10.30.4.128: A Modbus Exception Occurred - See Response Body
[2024-12-10T03:58:39.182Z] Error reading actual data: A Modbus Exception Occurred - See Response Body
[2024-12-10T03:58:39.183Z] Error writing to Modbus register: A Modbus Exception Occurred - See Response Body
[2024-12-10T03:58:40.180Z] Error reading or processing Modbus registers: A Modbus Exception Occurred - See Response Body
[2024-12-10T03:58:40.182Z] Error reading register 6507 for IP 10.30.4.128: A Modbus Exception Occurred - See Response Body
[2024-12-10T03:58:40.183Z] Error reading actual data: A Modbus Exception Occurred - See Response Body
[2024-12-10T03:58:40.183Z] Error writing to Modbus register: A Modbus Exception Occurred - See Response Body
[2024-12-10T03:58:41.183Z] Error reading or processing Modbus registers: A Modbus Exception Occurred - See Response Body
[2024-12-10T03:58:41.184Z] Error reading register 6507 for IP 10.30.4.128: A Modbus Exception Occurred - See Response Body
[2024-12-10T03:58:41.185Z] Error reading actual data: A Modbus Exception Occurred - See Response Body
[2024-12-10T03:58:41.185Z] Error writing to Modbus register: A Modbus Exception Occurred - See Response Body
[2024-12-10T03:58:42.193Z] Error reading or processing Modbus registers: A Modbus Exception Occurred - See Response Body
[2024-12-10T03:58:42.195Z] Error reading register 6507 for IP 10.30.4.128: A Modbus Exception Occurred - See Response Body
[2024-12-10T03:58:42.196Z] Error reading actual data: A Modbus Exception Occurred - See Response Body
[2024-12-10T03:58:42.196Z] Error writing to Modbus register: A Modbus Exception Occurred - See Response Body
[2024-12-10T03:58:43.195Z] Error reading or processing Modbus registers: A Modbus Exception Occurred - See Response Body
[2024-12-10T03:58:43.198Z] Error reading register 6507 for IP 10.30.4.128: A Modbus Exception Occurred - See Response Body
[2024-12-10T03:58:43.199Z] Error reading actual data: A Modbus Exception Occurred - See Response Body
[2024-12-10T03:58:43.199Z] Error writing to Modbus register: A Modbus Exception Occurred - See Response Body
[2024-12-10T03:58:44.198Z] Error reading or processing Modbus registers: A Modbus Exception Occurred - See Response Body
[2024-12-10T03:58:44.200Z] Error reading register 6507 for IP 10.30.4.128: A Modbus Exception Occurred - See Response Body
[2024-12-10T03:58:44.200Z] Error reading actual data: A Modbus Exception Occurred - See Response Body
[2024-12-10T03:58:44.201Z] Error writing to Modbus register: A Modbus Exception Occurred - See Response Body
[2024-12-10T03:58:45.201Z] Error reading or processing Modbus registers: A Modbus Exception Occurred - See Response Body
[2024-12-10T03:58:45.206Z] Error reading register 6507 for IP 10.30.4.128: A Modbus Exception Occurred - See Response Body
[2024-12-10T03:58:45.206Z] Error reading actual data: A Modbus Exception Occurred - See Response Body
[2024-12-10T03:58:45.207Z] Error writing to Modbus register: A Modbus Exception Occurred - See Response Body
[2024-12-10T03:58:46.214Z] Error reading or processing Modbus registers: A Modbus Exception Occurred - See Response Body
[2024-12-10T03:58:46.216Z] Error reading register 6507 for IP 10.30.4.128: A Modbus Exception Occurred - See Response Body
[2024-12-10T03:58:46.216Z] Error reading actual data: A Modbus Exception Occurred - See Response Body
[2024-12-10T03:58:46.217Z] Error writing to Modbus register: A Modbus Exception Occurred - See Response Body
[2024-12-10T03:58:47.217Z] Error reading or processing Modbus registers: A Modbus Exception Occurred - See Response Body
[2024-12-10T03:58:47.219Z] Error reading register 6507 for IP 10.30.4.128: A Modbus Exception Occurred - See Response Body
[2024-12-10T03:58:47.220Z] Error reading actual data: A Modbus Exception Occurred - See Response Body
[2024-12-10T03:58:47.221Z] Error writing to Modbus register: A Modbus Exception Occurred - See Response Body
[2024-12-10T03:58:48.217Z] Error reading or processing Modbus registers: A Modbus Exception Occurred - See Response Body
[2024-12-10T03:58:48.220Z] Error reading register 6507 for IP 10.30.4.128: A Modbus Exception Occurred - See Response Body
[2024-12-10T03:58:48.220Z] Error reading actual data: A Modbus Exception Occurred - See Response Body
[2024-12-10T03:58:48.221Z] Error writing to Modbus register: A Modbus Exception Occurred - See Response Body
[2024-12-10T03:58:49.228Z] Error reading or processing Modbus registers: A Modbus Exception Occurred - See Response Body
[2024-12-10T03:58:49.231Z] Error reading register 6507 for IP 10.30.4.128: A Modbus Exception Occurred - See Response Body
[2024-12-10T03:58:49.232Z] Error reading actual data: A Modbus Exception Occurred - See Response Body
[2024-12-10T03:58:49.232Z] Error writing to Modbus register: A Modbus Exception Occurred - See Response Body
[2024-12-10T03:58:50.228Z] Error reading or processing Modbus registers: A Modbus Exception Occurred - See Response Body
[2024-12-10T03:58:50.231Z] Error reading register 6507 for IP 10.30.4.128: A Modbus Exception Occurred - See Response Body
[2024-12-10T03:58:50.232Z] Error reading actual data: A Modbus Exception Occurred - See Response Body
[2024-12-10T03:58:50.232Z] Error writing to Modbus register: A Modbus Exception Occurred - See Response Body
[2024-12-10T03:58:51.244Z] Error reading or processing Modbus registers: A Modbus Exception Occurred - See Response Body
[2024-12-10T03:58:51.246Z] Error reading register 6507 for IP 10.30.4.128: A Modbus Exception Occurred - See Response Body
[2024-12-10T03:58:51.247Z] Error reading actual data: A Modbus Exception Occurred - See Response Body
[2024-12-10T03:58:51.248Z] Error writing to Modbus register: A Modbus Exception Occurred - See Response Body
[2024-12-10T03:58:52.255Z] Error reading or processing Modbus registers: A Modbus Exception Occurred - See Response Body
[2024-12-10T03:58:52.257Z] Error reading register 6507 for IP 10.30.4.128: A Modbus Exception Occurred - See Response Body
[2024-12-10T03:58:52.258Z] Error reading actual data: A Modbus Exception Occurred - See Response Body
[2024-12-10T03:58:52.259Z] Error writing to Modbus register: A Modbus Exception Occurred - See Response Body
[2024-12-10T03:58:53.257Z] Error reading or processing Modbus registers: A Modbus Exception Occurred - See Response Body
[2024-12-10T03:58:53.259Z] Error reading register 6507 for IP 10.30.4.128: A Modbus Exception Occurred - See Response Body
[2024-12-10T03:58:53.260Z] Error reading actual data: A Modbus Exception Occurred - See Response Body
[2024-12-10T03:58:53.260Z] Error writing to Modbus register: A Modbus Exception Occurred - See Response Body
[2024-12-10T03:58:54.258Z] Error reading or processing Modbus registers: A Modbus Exception Occurred - See Response Body
[2024-12-10T03:58:54.260Z] Error reading register 6507 for IP 10.30.4.128: A Modbus Exception Occurred - See Response Body
[2024-12-10T03:58:54.261Z] Error reading actual data: A Modbus Exception Occurred - See Response Body
[2024-12-10T03:58:54.262Z] Error writing to Modbus register: A Modbus Exception Occurred - See Response Body
[2024-12-10T03:58:55.262Z] Error reading or processing Modbus registers: A Modbus Exception Occurred - See Response Body
[2024-12-10T03:58:55.264Z] Error reading register 6507 for IP 10.30.4.128: A Modbus Exception Occurred - See Response Body
[2024-12-10T03:58:55.265Z] Error reading actual data: A Modbus Exception Occurred - See Response Body
[2024-12-10T03:58:55.266Z] Error writing to Modbus register: A Modbus Exception Occurred - See Response Body
[2024-12-10T03:58:56.265Z] Error reading or processing Modbus registers: A Modbus Exception Occurred - See Response Body
[2024-12-10T03:58:56.268Z] Error reading register 6507 for IP 10.30.4.128: A Modbus Exception Occurred - See Response Body
[2024-12-10T03:58:56.269Z] Error reading actual data: A Modbus Exception Occurred - See Response Body
[2024-12-10T03:58:56.270Z] Error writing to Modbus register: A Modbus Exception Occurred - See Response Body
[2024-12-10T03:58:57.269Z] Error reading or processing Modbus registers: A Modbus Exception Occurred - See Response Body
[2024-12-10T03:58:57.272Z] Error reading register 6507 for IP 10.30.4.128: A Modbus Exception Occurred - See Response Body
[2024-12-10T03:58:57.272Z] Error reading actual data: A Modbus Exception Occurred - See Response Body
[2024-12-10T03:58:57.273Z] Error writing to Modbus register: A Modbus Exception Occurred - See Response Body
[2024-12-10T03:58:58.272Z] Error reading or processing Modbus registers: A Modbus Exception Occurred - See Response Body
[2024-12-10T03:58:58.274Z] Error reading register 6507 for IP 10.30.4.128: A Modbus Exception Occurred - See Response Body
[2024-12-10T03:58:58.275Z] Error reading actual data: A Modbus Exception Occurred - See Response Body
[2024-12-10T03:58:58.276Z] Error writing to Modbus register: A Modbus Exception Occurred - See Response Body
[2024-12-10T03:58:59.284Z] Error reading or processing Modbus registers: A Modbus Exception Occurred - See Response Body
[2024-12-10T03:58:59.286Z] Error reading register 6507 for IP 10.30.4.128: A Modbus Exception Occurred - See Response Body
[2024-12-10T03:58:59.287Z] Error reading actual data: A Modbus Exception Occurred - See Response Body
[2024-12-10T03:58:59.288Z] Error writing to Modbus register: A Modbus Exception Occurred - See Response Body
[2024-12-10T03:59:00.287Z] Error reading or processing Modbus registers: A Modbus Exception Occurred - See Response Body
[2024-12-10T03:59:00.289Z] Error reading register 6507 for IP 10.30.4.128: A Modbus Exception Occurred - See Response Body
[2024-12-10T03:59:00.290Z] Error reading actual data: A Modbus Exception Occurred - See Response Body
[2024-12-10T03:59:00.291Z] Error writing to Modbus register: A Modbus Exception Occurred - See Response Body
[2024-12-10T03:59:01.301Z] Error reading or processing Modbus registers: A Modbus Exception Occurred - See Response Body
[2024-12-10T03:59:01.303Z] Error reading register 6507 for IP 10.30.4.128: A Modbus Exception Occurred - See Response Body
[2024-12-10T03:59:01.304Z] Error reading actual data: A Modbus Exception Occurred - See Response Body
[2024-12-10T03:59:01.305Z] Error writing to Modbus register: A Modbus Exception Occurred - See Response Body
[2024-12-10T03:59:02.300Z] Error reading or processing Modbus registers: A Modbus Exception Occurred - See Response Body
[2024-12-10T03:59:02.302Z] Error reading register 6507 for IP 10.30.4.128: A Modbus Exception Occurred - See Response Body
[2024-12-10T03:59:02.303Z] Error reading actual data: A Modbus Exception Occurred - See Response Body
[2024-12-10T03:59:02.304Z] Error writing to Modbus register: A Modbus Exception Occurred - See Response Body
[2024-12-10T03:59:03.302Z] Error reading or processing Modbus registers: A Modbus Exception Occurred - See Response Body
[2024-12-10T03:59:03.305Z] Error reading register 6507 for IP 10.30.4.128: A Modbus Exception Occurred - See Response Body
[2024-12-10T03:59:03.306Z] Error reading actual data: A Modbus Exception Occurred - See Response Body
[2024-12-10T03:59:03.306Z] Error writing to Modbus register: A Modbus Exception Occurred - See Response Body
[2024-12-10T03:59:04.317Z] Error reading or processing Modbus registers: A Modbus Exception Occurred - See Response Body
[2024-12-10T03:59:04.319Z] Error reading register 6507 for IP 10.30.4.128: A Modbus Exception Occurred - See Response Body
[2024-12-10T03:59:04.319Z] Error reading actual data: A Modbus Exception Occurred - See Response Body
[2024-12-10T03:59:04.319Z] Error writing to Modbus register: A Modbus Exception Occurred - See Response Body
[2024-12-10T03:59:05.330Z] Error reading or processing Modbus registers: A Modbus Exception Occurred - See Response Body
[2024-12-10T03:59:05.332Z] Error reading register 6507 for IP 10.30.4.128: A Modbus Exception Occurred - See Response Body
[2024-12-10T03:59:05.333Z] Error reading actual data: A Modbus Exception Occurred - See Response Body
[2024-12-10T03:59:05.334Z] Error writing to Modbus register: A Modbus Exception Occurred - See Response Body
[2024-12-10T03:59:06.344Z] Error reading or processing Modbus registers: A Modbus Exception Occurred - See Response Body
[2024-12-10T03:59:06.347Z] Error reading register 6507 for IP 10.30.4.128: A Modbus Exception Occurred - See Response Body
[2024-12-10T03:59:06.348Z] Error reading actual data: A Modbus Exception Occurred - See Response Body
[2024-12-10T03:59:06.349Z] Error writing to Modbus register: A Modbus Exception Occurred - See Response Body
[2024-12-10T03:59:07.347Z] Error reading or processing Modbus registers: A Modbus Exception Occurred - See Response Body
[2024-12-10T03:59:07.349Z] Error reading register 6507 for IP 10.30.4.128: A Modbus Exception Occurred - See Response Body
[2024-12-10T03:59:07.349Z] Error reading actual data: A Modbus Exception Occurred - See Response Body
[2024-12-10T03:59:07.350Z] Error writing to Modbus register: A Modbus Exception Occurred - See Response Body
[2024-12-10T03:59:08.349Z] Error reading or processing Modbus registers: A Modbus Exception Occurred - See Response Body
[2024-12-10T03:59:08.352Z] Error reading register 6507 for IP 10.30.4.128: A Modbus Exception Occurred - See Response Body
[2024-12-10T03:59:08.353Z] Error reading actual data: A Modbus Exception Occurred - See Response Body
[2024-12-10T03:59:08.353Z] Error writing to Modbus register: A Modbus Exception Occurred - See Response Body
[2024-12-10T03:59:09.364Z] Error reading or processing Modbus registers: A Modbus Exception Occurred - See Response Body
[2024-12-10T03:59:09.366Z] Error reading register 6507 for IP 10.30.4.128: A Modbus Exception Occurred - See Response Body
[2024-12-10T03:59:09.367Z] Error reading actual data: A Modbus Exception Occurred - See Response Body
[2024-12-10T03:59:09.367Z] Error writing to Modbus register: A Modbus Exception Occurred - See Response Body
[2024-12-10T03:59:10.378Z] Error reading or processing Modbus registers: A Modbus Exception Occurred - See Response Body
[2024-12-10T03:59:10.380Z] Error reading register 6507 for IP 10.30.4.128: A Modbus Exception Occurred - See Response Body
[2024-12-10T03:59:10.381Z] Error reading actual data: A Modbus Exception Occurred - See Response Body
[2024-12-10T03:59:10.381Z] Error writing to Modbus register: A Modbus Exception Occurred - See Response Body
[2024-12-10T03:59:11.394Z] Error reading or processing Modbus registers: A Modbus Exception Occurred - See Response Body
[2024-12-10T03:59:11.396Z] Error reading register 6507 for IP 10.30.4.128: A Modbus Exception Occurred - See Response Body
[2024-12-10T03:59:11.397Z] Error reading actual data: A Modbus Exception Occurred - See Response Body
[2024-12-10T03:59:11.397Z] Error writing to Modbus register: A Modbus Exception Occurred - See Response Body
[2024-12-10T03:59:12.395Z] Error reading or processing Modbus registers: A Modbus Exception Occurred - See Response Body
[2024-12-10T03:59:12.398Z] Error reading register 6507 for IP 10.30.4.128: A Modbus Exception Occurred - See Response Body
[2024-12-10T03:59:12.398Z] Error reading actual data: A Modbus Exception Occurred - See Response Body
[2024-12-10T03:59:12.399Z] Error writing to Modbus register: A Modbus Exception Occurred - See Response Body
[2024-12-10T03:59:13.408Z] Error reading or processing Modbus registers: A Modbus Exception Occurred - See Response Body
[2024-12-10T03:59:13.411Z] Error reading register 6507 for IP 10.30.4.128: A Modbus Exception Occurred - See Response Body
[2024-12-10T03:59:13.412Z] Error reading actual data: A Modbus Exception Occurred - See Response Body
[2024-12-10T03:59:13.413Z] Error writing to Modbus register: A Modbus Exception Occurred - See Response Body
[2024-12-10T03:59:14.422Z] Error reading or processing Modbus registers: A Modbus Exception Occurred - See Response Body
[2024-12-10T03:59:14.424Z] Error reading register 6507 for IP 10.30.4.128: A Modbus Exception Occurred - See Response Body
[2024-12-10T03:59:14.425Z] Error reading actual data: A Modbus Exception Occurred - See Response Body
[2024-12-10T03:59:14.426Z] Error writing to Modbus register: A Modbus Exception Occurred - See Response Body
[2024-12-10T03:59:15.423Z] Error reading or processing Modbus registers: A Modbus Exception Occurred - See Response Body
[2024-12-10T03:59:15.425Z] Error reading register 6507 for IP 10.30.4.128: A Modbus Exception Occurred - See Response Body
[2024-12-10T03:59:15.426Z] Error reading actual data: A Modbus Exception Occurred - See Response Body
[2024-12-10T03:59:15.427Z] Error writing to Modbus register: A Modbus Exception Occurred - See Response Body
[2024-12-10T03:59:16.425Z] Error reading or processing Modbus registers: A Modbus Exception Occurred - See Response Body
[2024-12-10T03:59:16.427Z] Error reading register 6507 for IP 10.30.4.128: A Modbus Exception Occurred - See Response Body
[2024-12-10T03:59:16.428Z] Error reading actual data: A Modbus Exception Occurred - See Response Body
[2024-12-10T03:59:16.428Z] Error writing to Modbus register: A Modbus Exception Occurred - See Response Body
[2024-12-10T03:59:17.428Z] Error reading or processing Modbus registers: A Modbus Exception Occurred - See Response Body
[2024-12-10T03:59:17.443Z] Error reading register 6507 for IP 10.30.4.128: A Modbus Exception Occurred - See Response Body
[2024-12-10T03:59:17.444Z] Error reading actual data: A Modbus Exception Occurred - See Response Body
[2024-12-10T03:59:17.444Z] Error writing to Modbus register: A Modbus Exception Occurred - See Response Body
[2024-12-10T03:59:18.439Z] Error reading or processing Modbus registers: A Modbus Exception Occurred - See Response Body
[2024-12-10T03:59:18.442Z] Error reading register 6507 for IP 10.30.4.128: A Modbus Exception Occurred - See Response Body
[2024-12-10T03:59:18.443Z] Error reading actual data: A Modbus Exception Occurred - See Response Body
[2024-12-10T03:59:18.443Z] Error writing to Modbus register: A Modbus Exception Occurred - See Response Body
[2024-12-10T03:59:19.454Z] Error reading or processing Modbus registers: A Modbus Exception Occurred - See Response Body
[2024-12-10T03:59:19.457Z] Error reading register 6507 for IP 10.30.4.128: A Modbus Exception Occurred - See Response Body
[2024-12-10T03:59:19.458Z] Error reading actual data: A Modbus Exception Occurred - See Response Body
[2024-12-10T03:59:19.458Z] Error writing to Modbus register: A Modbus Exception Occurred - See Response Body
[2024-12-10T03:59:20.470Z] Error reading or processing Modbus registers: A Modbus Exception Occurred - See Response Body
[2024-12-10T03:59:20.472Z] Error reading register 6507 for IP 10.30.4.128: A Modbus Exception Occurred - See Response Body
[2024-12-10T03:59:20.473Z] Error reading actual data: A Modbus Exception Occurred - See Response Body
[2024-12-10T03:59:20.473Z] Error writing to Modbus register: A Modbus Exception Occurred - See Response Body
[2024-12-10T03:59:21.483Z] Error reading or processing Modbus registers: A Modbus Exception Occurred - See Response Body
[2024-12-10T03:59:21.485Z] Error reading register 6507 for IP 10.30.4.128: A Modbus Exception Occurred - See Response Body
[2024-12-10T03:59:21.485Z] Error reading actual data: A Modbus Exception Occurred - See Response Body
[2024-12-10T03:59:21.486Z] Error writing to Modbus register: A Modbus Exception Occurred - See Response Body
[2024-12-10T03:59:22.498Z] Error reading or processing Modbus registers: A Modbus Exception Occurred - See Response Body
[2024-12-10T03:59:22.500Z] Error reading register 6507 for IP 10.30.4.128: A Modbus Exception Occurred - See Response Body
[2024-12-10T03:59:22.501Z] Error reading actual data: A Modbus Exception Occurred - See Response Body
[2024-12-10T03:59:22.501Z] Error writing to Modbus register: A Modbus Exception Occurred - See Response Body
[2024-12-10T03:59:23.498Z] Error reading or processing Modbus registers: A Modbus Exception Occurred - See Response Body
[2024-12-10T03:59:23.500Z] Error reading register 6507 for IP 10.30.4.128: A Modbus Exception Occurred - See Response Body
[2024-12-10T03:59:23.500Z] Error reading actual data: A Modbus Exception Occurred - See Response Body
[2024-12-10T03:59:23.501Z] Error writing to Modbus register: A Modbus Exception Occurred - See Response Body
[2024-12-10T03:59:24.502Z] Error reading or processing Modbus registers: A Modbus Exception Occurred - See Response Body
[2024-12-10T03:59:24.504Z] Error reading register 6507 for IP 10.30.4.128: A Modbus Exception Occurred - See Response Body
[2024-12-10T03:59:24.505Z] Error reading actual data: A Modbus Exception Occurred - See Response Body
[2024-12-10T03:59:24.506Z] Error writing to Modbus register: A Modbus Exception Occurred - See Response Body
[2024-12-10T03:59:25.516Z] Error reading or processing Modbus registers: A Modbus Exception Occurred - See Response Body
[2024-12-10T03:59:25.518Z] Error reading register 6507 for IP 10.30.4.128: A Modbus Exception Occurred - See Response Body
[2024-12-10T03:59:25.518Z] Error reading actual data: A Modbus Exception Occurred - See Response Body
[2024-12-10T03:59:25.519Z] Error writing to Modbus register: A Modbus Exception Occurred - See Response Body
[2024-12-10T03:59:26.528Z] Error reading or processing Modbus registers: A Modbus Exception Occurred - See Response Body
[2024-12-10T03:59:26.530Z] Error reading register 6507 for IP 10.30.4.128: A Modbus Exception Occurred - See Response Body
[2024-12-10T03:59:26.530Z] Error reading actual data: A Modbus Exception Occurred - See Response Body
[2024-12-10T03:59:26.531Z] Error writing to Modbus register: A Modbus Exception Occurred - See Response Body
[2024-12-10T03:59:27.529Z] Error reading or processing Modbus registers: A Modbus Exception Occurred - See Response Body
[2024-12-10T03:59:27.531Z] Error reading register 6507 for IP 10.30.4.128: A Modbus Exception Occurred - See Response Body
[2024-12-10T03:59:27.532Z] Error reading actual data: A Modbus Exception Occurred - See Response Body
[2024-12-10T03:59:27.532Z] Error writing to Modbus register: A Modbus Exception Occurred - See Response Body
[2024-12-10T03:59:28.543Z] Error reading or processing Modbus registers: A Modbus Exception Occurred - See Response Body
[2024-12-10T03:59:28.546Z] Error reading register 6507 for IP 10.30.4.128: A Modbus Exception Occurred - See Response Body
[2024-12-10T03:59:28.547Z] Error reading actual data: A Modbus Exception Occurred - See Response Body
[2024-12-10T03:59:28.547Z] Error writing to Modbus register: A Modbus Exception Occurred - See Response Body
[2024-12-10T03:59:29.547Z] Error reading or processing Modbus registers: A Modbus Exception Occurred - See Response Body
[2024-12-10T03:59:29.549Z] Error reading register 6507 for IP 10.30.4.128: A Modbus Exception Occurred - See Response Body
[2024-12-10T03:59:29.549Z] Error reading actual data: A Modbus Exception Occurred - See Response Body
[2024-12-10T03:59:29.550Z] Error writing to Modbus register: A Modbus Exception Occurred - See Response Body
[2024-12-10T03:59:30.562Z] Error reading or processing Modbus registers: A Modbus Exception Occurred - See Response Body
[2024-12-10T03:59:30.564Z] Error reading register 6507 for IP 10.30.4.128: A Modbus Exception Occurred - See Response Body
[2024-12-10T03:59:30.564Z] Error reading actual data: A Modbus Exception Occurred - See Response Body
[2024-12-10T03:59:30.565Z] Error writing to Modbus register: A Modbus Exception Occurred - See Response Body
[2024-12-10T03:59:31.564Z] Error reading or processing Modbus registers: A Modbus Exception Occurred - See Response Body
[2024-12-10T03:59:31.567Z] Error reading register 6507 for IP 10.30.4.128: A Modbus Exception Occurred - See Response Body
[2024-12-10T03:59:31.567Z] Error reading actual data: A Modbus Exception Occurred - See Response Body
[2024-12-10T03:59:31.568Z] Error writing to Modbus register: A Modbus Exception Occurred - See Response Body
[2024-12-10T03:59:32.576Z] Error reading or processing Modbus registers: A Modbus Exception Occurred - See Response Body
[2024-12-10T03:59:32.579Z] Error reading register 6507 for IP 10.30.4.128: A Modbus Exception Occurred - See Response Body
[2024-12-10T03:59:32.580Z] Error reading actual data: A Modbus Exception Occurred - See Response Body
[2024-12-10T03:59:32.580Z] Error writing to Modbus register: A Modbus Exception Occurred - See Response Body
[2024-12-10T03:59:33.578Z] Error reading or processing Modbus registers: A Modbus Exception Occurred - See Response Body
[2024-12-10T03:59:33.580Z] Error reading register 6507 for IP 10.30.4.128: A Modbus Exception Occurred - See Response Body
[2024-12-10T03:59:33.581Z] Error reading actual data: A Modbus Exception Occurred - See Response Body
[2024-12-10T03:59:33.582Z] Error writing to Modbus register: A Modbus Exception Occurred - See Response Body
[2024-12-10T03:59:34.579Z] Error reading or processing Modbus registers: A Modbus Exception Occurred - See Response Body
[2024-12-10T03:59:34.582Z] Error reading register 6507 for IP 10.30.4.128: A Modbus Exception Occurred - See Response Body
[2024-12-10T03:59:34.582Z] Error reading actual data: A Modbus Exception Occurred - See Response Body
[2024-12-10T03:59:34.583Z] Error writing to Modbus register: A Modbus Exception Occurred - See Response Body
[2024-12-10T03:59:35.580Z] Error reading or processing Modbus registers: A Modbus Exception Occurred - See Response Body
[2024-12-10T03:59:35.582Z] Error reading register 6507 for IP 10.30.4.128: A Modbus Exception Occurred - See Response Body
[2024-12-10T03:59:35.582Z] Error reading actual data: A Modbus Exception Occurred - See Response Body
[2024-12-10T03:59:35.583Z] Error writing to Modbus register: A Modbus Exception Occurred - See Response Body
[2024-12-10T03:59:36.592Z] Error reading or processing Modbus registers: A Modbus Exception Occurred - See Response Body
[2024-12-10T03:59:36.594Z] Error reading register 6507 for IP 10.30.4.128: A Modbus Exception Occurred - See Response Body
[2024-12-10T03:59:36.595Z] Error reading actual data: A Modbus Exception Occurred - See Response Body
[2024-12-10T03:59:36.595Z] Error writing to Modbus register: A Modbus Exception Occurred - See Response Body
[2024-12-10T03:59:37.606Z] Error reading or processing Modbus registers: A Modbus Exception Occurred - See Response Body
[2024-12-10T03:59:37.608Z] Error reading register 6507 for IP 10.30.4.128: A Modbus Exception Occurred - See Response Body
[2024-12-10T03:59:37.609Z] Error reading actual data: A Modbus Exception Occurred - See Response Body
[2024-12-10T03:59:37.610Z] Error writing to Modbus register: A Modbus Exception Occurred - See Response Body
[2024-12-10T03:59:38.609Z] Error reading or processing Modbus registers: A Modbus Exception Occurred - See Response Body
[2024-12-10T03:59:38.611Z] Error reading register 6507 for IP 10.30.4.128: A Modbus Exception Occurred - See Response Body
[2024-12-10T03:59:38.612Z] Error reading actual data: A Modbus Exception Occurred - See Response Body
[2024-12-10T03:59:38.613Z] Error writing to Modbus register: A Modbus Exception Occurred - See Response Body
[2024-12-10T03:59:39.623Z] Error reading or processing Modbus registers: A Modbus Exception Occurred - See Response Body
[2024-12-10T03:59:39.625Z] Error reading register 6507 for IP 10.30.4.128: A Modbus Exception Occurred - See Response Body
[2024-12-10T03:59:39.627Z] Error reading actual data: A Modbus Exception Occurred - See Response Body
[2024-12-10T03:59:39.631Z] Error writing to Modbus register: A Modbus Exception Occurred - See Response Body
[2024-12-10T03:59:40.625Z] Error reading or processing Modbus registers: A Modbus Exception Occurred - See Response Body
[2024-12-10T03:59:40.627Z] Error reading register 6507 for IP 10.30.4.128: A Modbus Exception Occurred - See Response Body
[2024-12-10T03:59:40.628Z] Error reading actual data: A Modbus Exception Occurred - See Response Body
[2024-12-10T03:59:40.629Z] Error writing to Modbus register: A Modbus Exception Occurred - See Response Body
[2024-12-10T03:59:41.639Z] Error reading or processing Modbus registers: A Modbus Exception Occurred - See Response Body
[2024-12-10T03:59:41.641Z] Error reading register 6507 for IP 10.30.4.128: A Modbus Exception Occurred - See Response Body
[2024-12-10T03:59:41.642Z] Error reading actual data: A Modbus Exception Occurred - See Response Body
[2024-12-10T03:59:41.643Z] Error writing to Modbus register: A Modbus Exception Occurred - See Response Body
[2024-12-10T03:59:42.653Z] Error reading or processing Modbus registers: A Modbus Exception Occurred - See Response Body
[2024-12-10T03:59:42.655Z] Error reading register 6507 for IP 10.30.4.128: A Modbus Exception Occurred - See Response Body
[2024-12-10T03:59:42.656Z] Error reading actual data: A Modbus Exception Occurred - See Response Body
[2024-12-10T03:59:42.657Z] Error writing to Modbus register: A Modbus Exception Occurred - See Response Body
[2024-12-10T03:59:43.669Z] Error reading or processing Modbus registers: A Modbus Exception Occurred - See Response Body
[2024-12-10T03:59:43.672Z] Error reading register 6507 for IP 10.30.4.128: A Modbus Exception Occurred - See Response Body
[2024-12-10T03:59:43.672Z] Error reading actual data: A Modbus Exception Occurred - See Response Body
[2024-12-10T03:59:43.673Z] Error writing to Modbus register: A Modbus Exception Occurred - See Response Body
[2024-12-10T03:59:44.680Z] Error reading or processing Modbus registers: A Modbus Exception Occurred - See Response Body
[2024-12-10T03:59:44.682Z] Error reading register 6507 for IP 10.30.4.128: A Modbus Exception Occurred - See Response Body
[2024-12-10T03:59:44.683Z] Error reading actual data: A Modbus Exception Occurred - See Response Body
[2024-12-10T03:59:44.683Z] Error writing to Modbus register: A Modbus Exception Occurred - See Response Body
[2024-12-10T03:59:45.692Z] Error reading or processing Modbus registers: A Modbus Exception Occurred - See Response Body
[2024-12-10T03:59:45.694Z] Error reading register 6507 for IP 10.30.4.128: A Modbus Exception Occurred - See Response Body
[2024-12-10T03:59:45.695Z] Error reading actual data: A Modbus Exception Occurred - See Response Body
[2024-12-10T03:59:45.695Z] Error writing to Modbus register: A Modbus Exception Occurred - See Response Body
[2024-12-10T03:59:46.693Z] Error reading or processing Modbus registers: A Modbus Exception Occurred - See Response Body
[2024-12-10T03:59:46.696Z] Error reading register 6507 for IP 10.30.4.128: A Modbus Exception Occurred - See Response Body
[2024-12-10T03:59:46.696Z] Error reading actual data: A Modbus Exception Occurred - See Response Body
[2024-12-10T03:59:46.697Z] Error writing to Modbus register: A Modbus Exception Occurred - See Response Body
[2024-12-10T03:59:47.706Z] Error reading or processing Modbus registers: A Modbus Exception Occurred - See Response Body
[2024-12-10T03:59:47.708Z] Error reading register 6507 for IP 10.30.4.128: A Modbus Exception Occurred - See Response Body
[2024-12-10T03:59:47.709Z] Error reading actual data: A Modbus Exception Occurred - See Response Body
[2024-12-10T03:59:47.709Z] Error writing to Modbus register: A Modbus Exception Occurred - See Response Body
[2024-12-10T03:59:48.706Z] Error reading or processing Modbus registers: A Modbus Exception Occurred - See Response Body
[2024-12-10T03:59:48.708Z] Error reading register 6507 for IP 10.30.4.128: A Modbus Exception Occurred - See Response Body
[2024-12-10T03:59:48.709Z] Error reading actual data: A Modbus Exception Occurred - See Response Body
[2024-12-10T03:59:48.709Z] Error writing to Modbus register: A Modbus Exception Occurred - See Response Body
[2024-12-10T03:59:49.720Z] Error reading or processing Modbus registers: A Modbus Exception Occurred - See Response Body
[2024-12-10T03:59:49.722Z] Error reading register 6507 for IP 10.30.4.128: A Modbus Exception Occurred - See Response Body
[2024-12-10T03:59:49.723Z] Error reading actual data: A Modbus Exception Occurred - See Response Body
[2024-12-10T03:59:49.723Z] Error writing to Modbus register: A Modbus Exception Occurred - See Response Body
[2024-12-10T03:59:50.722Z] Error reading or processing Modbus registers: A Modbus Exception Occurred - See Response Body
[2024-12-10T03:59:50.724Z] Error reading register 6507 for IP 10.30.4.128: A Modbus Exception Occurred - See Response Body
[2024-12-10T03:59:50.725Z] Error reading actual data: A Modbus Exception Occurred - See Response Body
[2024-12-10T03:59:50.725Z] Error writing to Modbus register: A Modbus Exception Occurred - See Response Body
[2024-12-10T03:59:51.734Z] Error reading or processing Modbus registers: A Modbus Exception Occurred - See Response Body
[2024-12-10T03:59:51.736Z] Error reading register 6507 for IP 10.30.4.128: A Modbus Exception Occurred - See Response Body
[2024-12-10T03:59:51.737Z] Error reading actual data: A Modbus Exception Occurred - See Response Body
[2024-12-10T03:59:51.737Z] Error writing to Modbus register: A Modbus Exception Occurred - See Response Body
[2024-12-10T03:59:52.749Z] Error reading or processing Modbus registers: A Modbus Exception Occurred - See Response Body
[2024-12-10T03:59:52.752Z] Error reading register 6507 for IP 10.30.4.128: A Modbus Exception Occurred - See Response Body
[2024-12-10T03:59:52.753Z] Error reading actual data: A Modbus Exception Occurred - See Response Body
[2024-12-10T03:59:52.753Z] Error writing to Modbus register: A Modbus Exception Occurred - See Response Body
[2024-12-10T03:59:53.751Z] Error reading or processing Modbus registers: A Modbus Exception Occurred - See Response Body
[2024-12-10T03:59:53.754Z] Error reading register 6507 for IP 10.30.4.128: A Modbus Exception Occurred - See Response Body
[2024-12-10T03:59:53.754Z] Error reading actual data: A Modbus Exception Occurred - See Response Body
[2024-12-10T03:59:53.755Z] Error writing to Modbus register: A Modbus Exception Occurred - See Response Body
[2024-12-10T03:59:54.752Z] Error reading or processing Modbus registers: A Modbus Exception Occurred - See Response Body
[2024-12-10T03:59:54.754Z] Error reading register 6507 for IP 10.30.4.128: A Modbus Exception Occurred - See Response Body
[2024-12-10T03:59:54.754Z] Error reading actual data: A Modbus Exception Occurred - See Response Body
[2024-12-10T03:59:54.755Z] Error writing to Modbus register: A Modbus Exception Occurred - See Response Body
[2024-12-10T03:59:55.753Z] Error reading or processing Modbus registers: A Modbus Exception Occurred - See Response Body
[2024-12-10T03:59:55.755Z] Error reading register 6507 for IP 10.30.4.128: A Modbus Exception Occurred - See Response Body
[2024-12-10T03:59:55.756Z] Error reading actual data: A Modbus Exception Occurred - See Response Body
[2024-12-10T03:59:55.757Z] Error writing to Modbus register: A Modbus Exception Occurred - See Response Body
[2024-12-10T03:59:56.755Z] Error reading or processing Modbus registers: A Modbus Exception Occurred - See Response Body
[2024-12-10T03:59:56.757Z] Error reading register 6507 for IP 10.30.4.128: A Modbus Exception Occurred - See Response Body
[2024-12-10T03:59:56.758Z] Error reading actual data: A Modbus Exception Occurred - See Response Body
[2024-12-10T03:59:56.759Z] Error writing to Modbus register: A Modbus Exception Occurred - See Response Body
[2024-12-10T03:59:57.768Z] Error reading or processing Modbus registers: A Modbus Exception Occurred - See Response Body
[2024-12-10T03:59:57.770Z] Error reading register 6507 for IP 10.30.4.128: A Modbus Exception Occurred - See Response Body
[2024-12-10T03:59:57.771Z] Error reading actual data: A Modbus Exception Occurred - See Response Body
[2024-12-10T03:59:57.772Z] Error writing to Modbus register: A Modbus Exception Occurred - See Response Body
[2024-12-10T03:59:58.769Z] Error reading or processing Modbus registers: A Modbus Exception Occurred - See Response Body
[2024-12-10T03:59:58.771Z] Error reading register 6507 for IP 10.30.4.128: A Modbus Exception Occurred - See Response Body
[2024-12-10T03:59:58.772Z] Error reading actual data: A Modbus Exception Occurred - See Response Body
[2024-12-10T03:59:58.772Z] Error writing to Modbus register: A Modbus Exception Occurred - See Response Body
[2024-12-10T03:59:59.782Z] Error reading or processing Modbus registers: A Modbus Exception Occurred - See Response Body
[2024-12-10T03:59:59.785Z] Error reading register 6507 for IP 10.30.4.128: A Modbus Exception Occurred - See Response Body
[2024-12-10T03:59:59.785Z] Error reading actual data: A Modbus Exception Occurred - See Response Body
[2024-12-10T03:59:59.786Z] Error writing to Modbus register: A Modbus Exception Occurred - See Response Body
[2024-12-10T04:00:00.797Z] Error reading or processing Modbus registers: A Modbus Exception Occurred - See Response Body
[2024-12-10T04:00:00.799Z] Error reading register 6507 for IP 10.30.4.128: A Modbus Exception Occurred - See Response Body
[2024-12-10T04:00:00.800Z] Error reading actual data: A Modbus Exception Occurred - See Response Body
[2024-12-10T04:00:00.801Z] Error writing to Modbus register: A Modbus Exception Occurred - See Response Body
[2024-12-10T04:00:01.798Z] Error reading or processing Modbus registers: A Modbus Exception Occurred - See Response Body
[2024-12-10T04:00:01.800Z] Error reading register 6507 for IP 10.30.4.128: A Modbus Exception Occurred - See Response Body
[2024-12-10T04:00:01.801Z] Error reading actual data: A Modbus Exception Occurred - See Response Body
[2024-12-10T04:00:01.802Z] Error writing to Modbus register: A Modbus Exception Occurred - See Response Body
[2024-12-10T04:00:02.801Z] Error reading or processing Modbus registers: A Modbus Exception Occurred - See Response Body
[2024-12-10T04:00:02.803Z] Error reading register 6507 for IP 10.30.4.128: A Modbus Exception Occurred - See Response Body
[2024-12-10T04:00:02.804Z] Error reading actual data: A Modbus Exception Occurred - See Response Body
[2024-12-10T04:00:02.804Z] Error writing to Modbus register: A Modbus Exception Occurred - See Response Body
[2024-12-10T04:00:03.804Z] Error reading or processing Modbus registers: A Modbus Exception Occurred - See Response Body
[2024-12-10T04:00:03.807Z] Error reading register 6507 for IP 10.30.4.128: A Modbus Exception Occurred - See Response Body
[2024-12-10T04:00:03.807Z] Error reading actual data: A Modbus Exception Occurred - See Response Body
[2024-12-10T04:00:03.808Z] Error writing to Modbus register: A Modbus Exception Occurred - See Response Body
[2024-12-10T04:00:04.817Z] Error reading or processing Modbus registers: A Modbus Exception Occurred - See Response Body
[2024-12-10T04:00:04.819Z] Error reading register 6507 for IP 10.30.4.128: A Modbus Exception Occurred - See Response Body
[2024-12-10T04:00:04.820Z] Error reading actual data: A Modbus Exception Occurred - See Response Body
[2024-12-10T04:00:04.821Z] Error writing to Modbus register: A Modbus Exception Occurred - See Response Body
[2024-12-10T04:00:05.817Z] Error reading or processing Modbus registers: A Modbus Exception Occurred - See Response Body
[2024-12-10T04:00:05.820Z] Error reading register 6507 for IP 10.30.4.128: A Modbus Exception Occurred - See Response Body
[2024-12-10T04:00:05.821Z] Error reading actual data: A Modbus Exception Occurred - See Response Body
[2024-12-10T04:00:05.821Z] Error writing to Modbus register: A Modbus Exception Occurred - See Response Body
[2024-12-10T04:00:06.819Z] Error reading or processing Modbus registers: A Modbus Exception Occurred - See Response Body
[2024-12-10T04:00:06.822Z] Error reading register 6507 for IP 10.30.4.128: A Modbus Exception Occurred - See Response Body
[2024-12-10T04:00:06.823Z] Error reading actual data: A Modbus Exception Occurred - See Response Body
[2024-12-10T04:00:06.823Z] Error writing to Modbus register: A Modbus Exception Occurred - See Response Body
[2024-12-10T04:00:07.819Z] Error reading or processing Modbus registers: A Modbus Exception Occurred - See Response Body
[2024-12-10T04:00:07.821Z] Error reading register 6507 for IP 10.30.4.128: A Modbus Exception Occurred - See Response Body
[2024-12-10T04:00:07.822Z] Error reading actual data: A Modbus Exception Occurred - See Response Body
[2024-12-10T04:00:07.823Z] Error writing to Modbus register: A Modbus Exception Occurred - See Response Body
[2024-12-10T04:00:08.830Z] Error reading or processing Modbus registers: A Modbus Exception Occurred - See Response Body
[2024-12-10T04:00:08.832Z] Error reading register 6507 for IP 10.30.4.128: A Modbus Exception Occurred - See Response Body
[2024-12-10T04:00:08.833Z] Error reading actual data: A Modbus Exception Occurred - See Response Body
[2024-12-10T04:00:08.834Z] Error writing to Modbus register: A Modbus Exception Occurred - See Response Body
[2024-12-10T04:00:09.843Z] Error reading or processing Modbus registers: A Modbus Exception Occurred - See Response Body
[2024-12-10T04:00:09.846Z] Error reading register 6507 for IP 10.30.4.128: A Modbus Exception Occurred - See Response Body
[2024-12-10T04:00:09.847Z] Error reading actual data: A Modbus Exception Occurred - See Response Body
[2024-12-10T04:00:09.847Z] Error writing to Modbus register: A Modbus Exception Occurred - See Response Body
[2024-12-10T04:00:10.857Z] Error reading or processing Modbus registers: A Modbus Exception Occurred - See Response Body
[2024-12-10T04:00:10.859Z] Error reading register 6507 for IP 10.30.4.128: A Modbus Exception Occurred - See Response Body
[2024-12-10T04:00:10.860Z] Error reading actual data: A Modbus Exception Occurred - See Response Body
[2024-12-10T04:00:10.860Z] Error writing to Modbus register: A Modbus Exception Occurred - See Response Body
[2024-12-10T04:00:11.870Z] Error reading or processing Modbus registers: A Modbus Exception Occurred - See Response Body
[2024-12-10T04:00:11.872Z] Error reading register 6507 for IP 10.30.4.128: A Modbus Exception Occurred - See Response Body
[2024-12-10T04:00:11.873Z] Error reading actual data: A Modbus Exception Occurred - See Response Body
[2024-12-10T04:00:11.873Z] Error writing to Modbus register: A Modbus Exception Occurred - See Response Body
[2024-12-10T04:00:12.873Z] Error reading or processing Modbus registers: A Modbus Exception Occurred - See Response Body
[2024-12-10T04:00:12.875Z] Error reading register 6507 for IP 10.30.4.128: A Modbus Exception Occurred - See Response Body
[2024-12-10T04:00:12.876Z] Error reading actual data: A Modbus Exception Occurred - See Response Body
[2024-12-10T04:00:12.876Z] Error writing to Modbus register: A Modbus Exception Occurred - See Response Body
[2024-12-10T04:00:13.878Z] Error reading or processing Modbus registers: A Modbus Exception Occurred - See Response Body
[2024-12-10T04:00:13.880Z] Error reading register 6507 for IP 10.30.4.128: A Modbus Exception Occurred - See Response Body
[2024-12-10T04:00:13.880Z] Error reading actual data: A Modbus Exception Occurred - See Response Body
[2024-12-10T04:00:13.881Z] Error writing to Modbus register: A Modbus Exception Occurred - See Response Body
[2024-12-10T04:00:14.890Z] Error reading or processing Modbus registers: A Modbus Exception Occurred - See Response Body
[2024-12-10T04:00:14.892Z] Error reading register 6507 for IP 10.30.4.128: A Modbus Exception Occurred - See Response Body
[2024-12-10T04:00:14.893Z] Error reading actual data: A Modbus Exception Occurred - See Response Body
[2024-12-10T04:00:14.893Z] Error writing to Modbus register: A Modbus Exception Occurred - See Response Body
[2024-12-10T04:00:15.906Z] Error reading or processing Modbus registers: A Modbus Exception Occurred - See Response Body
[2024-12-10T04:00:15.908Z] Error reading register 6507 for IP 10.30.4.128: A Modbus Exception Occurred - See Response Body
[2024-12-10T04:00:15.909Z] Error reading actual data: A Modbus Exception Occurred - See Response Body
[2024-12-10T04:00:15.910Z] Error writing to Modbus register: A Modbus Exception Occurred - See Response Body
[2024-12-10T04:00:16.919Z] Error reading or processing Modbus registers: A Modbus Exception Occurred - See Response Body
[2024-12-10T04:00:16.921Z] Error reading register 6507 for IP 10.30.4.128: A Modbus Exception Occurred - See Response Body
[2024-12-10T04:00:16.922Z] Error reading actual data: A Modbus Exception Occurred - See Response Body
[2024-12-10T04:00:16.922Z] Error writing to Modbus register: A Modbus Exception Occurred - See Response Body
[2024-12-10T04:00:17.933Z] Error reading or processing Modbus registers: A Modbus Exception Occurred - See Response Body
[2024-12-10T04:00:17.935Z] Error reading register 6507 for IP 10.30.4.128: A Modbus Exception Occurred - See Response Body
[2024-12-10T04:00:17.936Z] Error reading actual data: A Modbus Exception Occurred - See Response Body
[2024-12-10T04:00:17.936Z] Error writing to Modbus register: A Modbus Exception Occurred - See Response Body
[2024-12-10T04:00:18.934Z] Error reading or processing Modbus registers: A Modbus Exception Occurred - See Response Body
[2024-12-10T04:00:18.936Z] Error reading register 6507 for IP 10.30.4.128: A Modbus Exception Occurred - See Response Body
[2024-12-10T04:00:18.936Z] Error reading actual data: A Modbus Exception Occurred - See Response Body
[2024-12-10T04:00:18.937Z] Error writing to Modbus register: A Modbus Exception Occurred - See Response Body
[2024-12-10T04:00:19.940Z] Error reading or processing Modbus registers: A Modbus Exception Occurred - See Response Body
[2024-12-10T04:00:19.943Z] Error reading register 6507 for IP 10.30.4.128: A Modbus Exception Occurred - See Response Body
[2024-12-10T04:00:19.943Z] Error reading actual data: A Modbus Exception Occurred - See Response Body
[2024-12-10T04:00:19.944Z] Error writing to Modbus register: A Modbus Exception Occurred - See Response Body
[2024-12-10T04:00:20.944Z] Error reading or processing Modbus registers: A Modbus Exception Occurred - See Response Body
[2024-12-10T04:00:20.946Z] Error reading register 6507 for IP 10.30.4.128: A Modbus Exception Occurred - See Response Body
[2024-12-10T04:00:20.946Z] Error reading actual data: A Modbus Exception Occurred - See Response Body
[2024-12-10T04:00:20.947Z] Error writing to Modbus register: A Modbus Exception Occurred - See Response Body
[2024-12-10T04:00:21.945Z] Error reading or processing Modbus registers: A Modbus Exception Occurred - See Response Body
[2024-12-10T04:00:21.948Z] Error reading register 6507 for IP 10.30.4.128: A Modbus Exception Occurred - See Response Body
[2024-12-10T04:00:21.949Z] Error reading actual data: A Modbus Exception Occurred - See Response Body
[2024-12-10T04:00:21.949Z] Error writing to Modbus register: A Modbus Exception Occurred - See Response Body
[2024-12-10T04:00:22.958Z] Error reading or processing Modbus registers: A Modbus Exception Occurred - See Response Body
[2024-12-10T04:00:22.961Z] Error reading register 6507 for IP 10.30.4.128: A Modbus Exception Occurred - See Response Body
[2024-12-10T04:00:22.961Z] Error reading actual data: A Modbus Exception Occurred - See Response Body
[2024-12-10T04:00:22.962Z] Error writing to Modbus register: A Modbus Exception Occurred - See Response Body
[2024-12-10T04:00:23.974Z] Error reading or processing Modbus registers: A Modbus Exception Occurred - See Response Body
[2024-12-10T04:00:23.977Z] Error reading register 6507 for IP 10.30.4.128: A Modbus Exception Occurred - See Response Body
[2024-12-10T04:00:23.978Z] Error reading actual data: A Modbus Exception Occurred - See Response Body
[2024-12-10T04:00:23.978Z] Error writing to Modbus register: A Modbus Exception Occurred - See Response Body
[2024-12-10T04:00:24.987Z] Error reading or processing Modbus registers: A Modbus Exception Occurred - See Response Body
[2024-12-10T04:00:24.989Z] Error reading register 6507 for IP 10.30.4.128: A Modbus Exception Occurred - See Response Body
[2024-12-10T04:00:24.990Z] Error reading actual data: A Modbus Exception Occurred - See Response Body
[2024-12-10T04:00:24.990Z] Error writing to Modbus register: A Modbus Exception Occurred - See Response Body
[2024-12-10T04:00:26.002Z] Error reading or processing Modbus registers: A Modbus Exception Occurred - See Response Body
[2024-12-10T04:00:26.005Z] Error reading register 6507 for IP 10.30.4.128: A Modbus Exception Occurred - See Response Body
[2024-12-10T04:00:26.005Z] Error reading actual data: A Modbus Exception Occurred - See Response Body
[2024-12-10T04:00:26.006Z] Error writing to Modbus register: A Modbus Exception Occurred - See Response Body
[2024-12-10T04:00:27.017Z] Error reading or processing Modbus registers: A Modbus Exception Occurred - See Response Body
[2024-12-10T04:00:27.019Z] Error reading register 6507 for IP 10.30.4.128: A Modbus Exception Occurred - See Response Body
[2024-12-10T04:00:27.020Z] Error reading actual data: A Modbus Exception Occurred - See Response Body
[2024-12-10T04:00:27.021Z] Error writing to Modbus register: A Modbus Exception Occurred - See Response Body
[2024-12-10T04:00:28.028Z] Error reading or processing Modbus registers: A Modbus Exception Occurred - See Response Body
[2024-12-10T04:00:28.030Z] Error reading register 6507 for IP 10.30.4.128: A Modbus Exception Occurred - See Response Body
[2024-12-10T04:00:28.030Z] Error reading actual data: A Modbus Exception Occurred - See Response Body
[2024-12-10T04:00:28.031Z] Error writing to Modbus register: A Modbus Exception Occurred - See Response Body
[2024-12-10T04:00:29.043Z] Error reading or processing Modbus registers: A Modbus Exception Occurred - See Response Body
[2024-12-10T04:00:29.044Z] Error reading register 6507 for IP 10.30.4.128: A Modbus Exception Occurred - See Response Body
[2024-12-10T04:00:29.045Z] Error reading actual data: A Modbus Exception Occurred - See Response Body
[2024-12-10T04:00:29.046Z] Error writing to Modbus register: A Modbus Exception Occurred - See Response Body
[2024-12-10T04:00:30.046Z] Error reading or processing Modbus registers: A Modbus Exception Occurred - See Response Body
[2024-12-10T04:00:30.048Z] Error reading register 6507 for IP 10.30.4.128: A Modbus Exception Occurred - See Response Body
[2024-12-10T04:00:30.049Z] Error reading actual data: A Modbus Exception Occurred - See Response Body
[2024-12-10T04:00:30.049Z] Error writing to Modbus register: A Modbus Exception Occurred - See Response Body
[2024-12-10T04:00:31.058Z] Error reading or processing Modbus registers: A Modbus Exception Occurred - See Response Body
[2024-12-10T04:00:31.060Z] Error reading register 6507 for IP 10.30.4.128: A Modbus Exception Occurred - See Response Body
[2024-12-10T04:00:31.061Z] Error reading actual data: A Modbus Exception Occurred - See Response Body
[2024-12-10T04:00:31.062Z] Error writing to Modbus register: A Modbus Exception Occurred - See Response Body
[2024-12-10T04:00:32.071Z] Error reading or processing Modbus registers: A Modbus Exception Occurred - See Response Body
[2024-12-10T04:00:32.077Z] Error reading register 6507 for IP 10.30.4.128: A Modbus Exception Occurred - See Response Body
[2024-12-10T04:00:32.085Z] Error writing to Modbus register: A Modbus Exception Occurred - See Response Body
[2024-12-10T04:00:32.084Z] Error reading actual data: A Modbus Exception Occurred - See Response Body
[2024-12-10T04:00:33.086Z] Error reading or processing Modbus registers: A Modbus Exception Occurred - See Response Body
[2024-12-10T04:00:33.087Z] Error reading register 6507 for IP 10.30.4.128: A Modbus Exception Occurred - See Response Body
[2024-12-10T04:00:33.088Z] Error reading actual data: A Modbus Exception Occurred - See Response Body
[2024-12-10T04:00:33.089Z] Error writing to Modbus register: A Modbus Exception Occurred - See Response Body
[2024-12-10T04:00:34.091Z] Error reading or processing Modbus registers: A Modbus Exception Occurred - See Response Body
[2024-12-10T04:00:34.093Z] Error reading register 6507 for IP 10.30.4.128: A Modbus Exception Occurred - See Response Body
[2024-12-10T04:00:34.094Z] Error reading actual data: A Modbus Exception Occurred - See Response Body
[2024-12-10T04:00:34.095Z] Error writing to Modbus register: A Modbus Exception Occurred - See Response Body
[2024-12-10T04:00:35.103Z] Error reading or processing Modbus registers: A Modbus Exception Occurred - See Response Body
[2024-12-10T04:00:35.105Z] Error reading register 6507 for IP 10.30.4.128: A Modbus Exception Occurred - See Response Body
[2024-12-10T04:00:35.106Z] Error reading actual data: A Modbus Exception Occurred - See Response Body
[2024-12-10T04:00:35.107Z] Error writing to Modbus register: A Modbus Exception Occurred - See Response Body
[2024-12-10T04:00:36.106Z] Error reading or processing Modbus registers: A Modbus Exception Occurred - See Response Body
[2024-12-10T04:00:36.108Z] Error reading register 6507 for IP 10.30.4.128: A Modbus Exception Occurred - See Response Body
[2024-12-10T04:00:36.109Z] Error reading actual data: A Modbus Exception Occurred - See Response Body
[2024-12-10T04:00:36.109Z] Error writing to Modbus register: A Modbus Exception Occurred - See Response Body
[2024-12-10T04:00:37.118Z] Error reading or processing Modbus registers: A Modbus Exception Occurred - See Response Body
[2024-12-10T04:00:37.121Z] Error reading register 6507 for IP 10.30.4.128: A Modbus Exception Occurred - See Response Body
[2024-12-10T04:00:37.122Z] Error reading actual data: A Modbus Exception Occurred - See Response Body
[2024-12-10T04:00:37.122Z] Error writing to Modbus register: A Modbus Exception Occurred - See Response Body
[2024-12-10T04:00:38.131Z] Error reading or processing Modbus registers: A Modbus Exception Occurred - See Response Body
[2024-12-10T04:00:38.133Z] Error reading register 6507 for IP 10.30.4.128: A Modbus Exception Occurred - See Response Body
[2024-12-10T04:00:38.133Z] Error reading actual data: A Modbus Exception Occurred - See Response Body
[2024-12-10T04:00:38.134Z] Error writing to Modbus register: A Modbus Exception Occurred - See Response Body
[2024-12-10T04:00:39.135Z] Error reading or processing Modbus registers: A Modbus Exception Occurred - See Response Body
[2024-12-10T04:00:39.137Z] Error reading register 6507 for IP 10.30.4.128: A Modbus Exception Occurred - See Response Body
[2024-12-10T04:00:39.138Z] Error reading actual data: A Modbus Exception Occurred - See Response Body
[2024-12-10T04:00:39.139Z] Error writing to Modbus register: A Modbus Exception Occurred - See Response Body
[2024-12-10T04:00:40.138Z] Error reading or processing Modbus registers: A Modbus Exception Occurred - See Response Body
[2024-12-10T04:00:40.141Z] Error reading register 6507 for IP 10.30.4.128: A Modbus Exception Occurred - See Response Body
[2024-12-10T04:00:40.142Z] Error reading actual data: A Modbus Exception Occurred - See Response Body
[2024-12-10T04:00:40.142Z] Error writing to Modbus register: A Modbus Exception Occurred - See Response Body
[2024-12-10T04:00:41.139Z] Error reading or processing Modbus registers: A Modbus Exception Occurred - See Response Body
[2024-12-10T04:00:41.142Z] Error reading register 6507 for IP 10.30.4.128: A Modbus Exception Occurred - See Response Body
[2024-12-10T04:00:41.143Z] Error reading actual data: A Modbus Exception Occurred - See Response Body
[2024-12-10T04:00:41.143Z] Error writing to Modbus register: A Modbus Exception Occurred - See Response Body
[2024-12-10T04:00:42.143Z] Error reading or processing Modbus registers: A Modbus Exception Occurred - See Response Body
[2024-12-10T04:00:42.146Z] Error reading register 6507 for IP 10.30.4.128: A Modbus Exception Occurred - See Response Body
[2024-12-10T04:00:42.147Z] Error reading actual data: A Modbus Exception Occurred - See Response Body
[2024-12-10T04:00:42.147Z] Error writing to Modbus register: A Modbus Exception Occurred - See Response Body
[2024-12-10T04:00:43.152Z] Error reading or processing Modbus registers: A Modbus Exception Occurred - See Response Body
[2024-12-10T04:00:43.154Z] Error reading register 6507 for IP 10.30.4.128: A Modbus Exception Occurred - See Response Body
[2024-12-10T04:00:43.155Z] Error reading actual data: A Modbus Exception Occurred - See Response Body
[2024-12-10T04:00:43.155Z] Error writing to Modbus register: A Modbus Exception Occurred - See Response Body
[2024-12-10T04:00:44.165Z] Error reading or processing Modbus registers: A Modbus Exception Occurred - See Response Body
[2024-12-10T04:00:44.168Z] Error reading register 6507 for IP 10.30.4.128: A Modbus Exception Occurred - See Response Body
[2024-12-10T04:00:44.168Z] Error reading actual data: A Modbus Exception Occurred - See Response Body
[2024-12-10T04:00:44.169Z] Error writing to Modbus register: A Modbus Exception Occurred - See Response Body
[2024-12-10T04:00:45.182Z] Error reading or processing Modbus registers: A Modbus Exception Occurred - See Response Body
[2024-12-10T04:00:45.184Z] Error reading register 6507 for IP 10.30.4.128: A Modbus Exception Occurred - See Response Body
[2024-12-10T04:00:45.185Z] Error reading actual data: A Modbus Exception Occurred - See Response Body
[2024-12-10T04:00:45.185Z] Error writing to Modbus register: A Modbus Exception Occurred - See Response Body
[2024-12-10T04:00:46.195Z] Error reading or processing Modbus registers: A Modbus Exception Occurred - See Response Body
[2024-12-10T04:00:46.198Z] Error reading register 6507 for IP 10.30.4.128: A Modbus Exception Occurred - See Response Body
[2024-12-10T04:00:46.199Z] Error reading actual data: A Modbus Exception Occurred - See Response Body
[2024-12-10T04:00:46.199Z] Error writing to Modbus register: A Modbus Exception Occurred - See Response Body
[2024-12-10T04:00:47.209Z] Error reading or processing Modbus registers: A Modbus Exception Occurred - See Response Body
[2024-12-10T04:00:47.211Z] Error reading register 6507 for IP 10.30.4.128: A Modbus Exception Occurred - See Response Body
[2024-12-10T04:00:47.212Z] Error reading actual data: A Modbus Exception Occurred - See Response Body
[2024-12-10T04:00:47.212Z] Error writing to Modbus register: A Modbus Exception Occurred - See Response Body
[2024-12-10T04:00:48.212Z] Error reading or processing Modbus registers: A Modbus Exception Occurred - See Response Body
[2024-12-10T04:00:48.214Z] Error reading register 6507 for IP 10.30.4.128: A Modbus Exception Occurred - See Response Body
[2024-12-10T04:00:48.215Z] Error reading actual data: A Modbus Exception Occurred - See Response Body
[2024-12-10T04:00:48.216Z] Error writing to Modbus register: A Modbus Exception Occurred - See Response Body
[2024-12-10T04:00:49.214Z] Error reading or processing Modbus registers: A Modbus Exception Occurred - See Response Body
[2024-12-10T04:00:49.216Z] Error reading register 6507 for IP 10.30.4.128: A Modbus Exception Occurred - See Response Body
[2024-12-10T04:00:49.217Z] Error reading actual data: A Modbus Exception Occurred - See Response Body
[2024-12-10T04:00:49.217Z] Error writing to Modbus register: A Modbus Exception Occurred - See Response Body
[2024-12-10T04:00:50.228Z] Error reading or processing Modbus registers: A Modbus Exception Occurred - See Response Body
[2024-12-10T04:00:50.230Z] Error reading register 6507 for IP 10.30.4.128: A Modbus Exception Occurred - See Response Body
[2024-12-10T04:00:50.230Z] Error reading actual data: A Modbus Exception Occurred - See Response Body
[2024-12-10T04:00:50.231Z] Error writing to Modbus register: A Modbus Exception Occurred - See Response Body
[2024-12-10T04:00:51.230Z] Error reading or processing Modbus registers: A Modbus Exception Occurred - See Response Body
[2024-12-10T04:00:51.231Z] Error reading register 6507 for IP 10.30.4.128: A Modbus Exception Occurred - See Response Body
[2024-12-10T04:00:51.232Z] Error reading actual data: A Modbus Exception Occurred - See Response Body
[2024-12-10T04:00:51.232Z] Error writing to Modbus register: A Modbus Exception Occurred - See Response Body
[2024-12-10T04:00:52.232Z] Error reading or processing Modbus registers: A Modbus Exception Occurred - See Response Body
[2024-12-10T04:00:52.237Z] Error reading register 6507 for IP 10.30.4.128: A Modbus Exception Occurred - See Response Body
[2024-12-10T04:00:52.237Z] Error reading actual data: A Modbus Exception Occurred - See Response Body
[2024-12-10T04:00:52.238Z] Error writing to Modbus register: A Modbus Exception Occurred - See Response Body
[2024-12-10T04:00:53.245Z] Error reading or processing Modbus registers: A Modbus Exception Occurred - See Response Body
[2024-12-10T04:00:53.247Z] Error reading register 6507 for IP 10.30.4.128: A Modbus Exception Occurred - See Response Body
[2024-12-10T04:00:53.248Z] Error reading actual data: A Modbus Exception Occurred - See Response Body
[2024-12-10T04:00:53.249Z] Error writing to Modbus register: A Modbus Exception Occurred - See Response Body
[2024-12-10T04:00:54.247Z] Error reading or processing Modbus registers: A Modbus Exception Occurred - See Response Body
[2024-12-10T04:00:54.249Z] Error reading register 6507 for IP 10.30.4.128: A Modbus Exception Occurred - See Response Body
[2024-12-10T04:00:54.250Z] Error reading actual data: A Modbus Exception Occurred - See Response Body
[2024-12-10T04:00:54.250Z] Error writing to Modbus register: A Modbus Exception Occurred - See Response Body
[2024-12-10T04:00:55.247Z] Error reading or processing Modbus registers: A Modbus Exception Occurred - See Response Body
[2024-12-10T04:00:55.249Z] Error reading register 6507 for IP 10.30.4.128: A Modbus Exception Occurred - See Response Body
[2024-12-10T04:00:55.249Z] Error reading actual data: A Modbus Exception Occurred - See Response Body
[2024-12-10T04:00:55.250Z] Error writing to Modbus register: A Modbus Exception Occurred - See Response Body
[2024-12-10T04:00:56.249Z] Error reading or processing Modbus registers: A Modbus Exception Occurred - See Response Body
[2024-12-10T04:00:56.251Z] Error reading register 6507 for IP 10.30.4.128: A Modbus Exception Occurred - See Response Body
[2024-12-10T04:00:56.252Z] Error reading actual data: A Modbus Exception Occurred - See Response Body
[2024-12-10T04:00:56.252Z] Error writing to Modbus register: A Modbus Exception Occurred - See Response Body
[2024-12-10T04:00:57.250Z] Error reading or processing Modbus registers: A Modbus Exception Occurred - See Response Body
[2024-12-10T04:00:57.252Z] Error reading register 6507 for IP 10.30.4.128: A Modbus Exception Occurred - See Response Body
[2024-12-10T04:00:57.253Z] Error reading actual data: A Modbus Exception Occurred - See Response Body
[2024-12-10T04:00:57.254Z] Error writing to Modbus register: A Modbus Exception Occurred - See Response Body
[2024-12-10T04:00:58.251Z] Error reading or processing Modbus registers: A Modbus Exception Occurred - See Response Body
[2024-12-10T04:00:58.253Z] Error reading register 6507 for IP 10.30.4.128: A Modbus Exception Occurred - See Response Body
[2024-12-10T04:00:58.253Z] Error reading actual data: A Modbus Exception Occurred - See Response Body
[2024-12-10T04:00:58.254Z] Error writing to Modbus register: A Modbus Exception Occurred - See Response Body
[2024-12-10T04:00:59.264Z] Error reading or processing Modbus registers: A Modbus Exception Occurred - See Response Body
[2024-12-10T04:00:59.267Z] Error reading register 6507 for IP 10.30.4.128: A Modbus Exception Occurred - See Response Body
[2024-12-10T04:00:59.267Z] Error reading actual data: A Modbus Exception Occurred - See Response Body
[2024-12-10T04:00:59.268Z] Error writing to Modbus register: A Modbus Exception Occurred - See Response Body
[2024-12-10T04:01:00.269Z] Error reading or processing Modbus registers: A Modbus Exception Occurred - See Response Body
[2024-12-10T04:01:00.271Z] Error reading register 6507 for IP 10.30.4.128: A Modbus Exception Occurred - See Response Body
[2024-12-10T04:01:00.272Z] Error reading actual data: A Modbus Exception Occurred - See Response Body
[2024-12-10T04:01:00.272Z] Error writing to Modbus register: A Modbus Exception Occurred - See Response Body
[2024-12-10T04:01:01.271Z] Error reading or processing Modbus registers: A Modbus Exception Occurred - See Response Body
[2024-12-10T04:01:01.274Z] Error reading register 6507 for IP 10.30.4.128: A Modbus Exception Occurred - See Response Body
[2024-12-10T04:01:01.274Z] Error reading actual data: A Modbus Exception Occurred - See Response Body
[2024-12-10T04:01:01.275Z] Error writing to Modbus register: A Modbus Exception Occurred - See Response Body
[2024-12-10T04:01:02.275Z] Error reading or processing Modbus registers: A Modbus Exception Occurred - See Response Body
[2024-12-10T04:01:02.277Z] Error reading register 6507 for IP 10.30.4.128: A Modbus Exception Occurred - See Response Body
[2024-12-10T04:01:02.277Z] Error reading actual data: A Modbus Exception Occurred - See Response Body
[2024-12-10T04:01:02.278Z] Error writing to Modbus register: A Modbus Exception Occurred - See Response Body
[2024-12-10T04:01:03.277Z] Error reading or processing Modbus registers: A Modbus Exception Occurred - See Response Body
[2024-12-10T04:01:03.279Z] Error reading register 6507 for IP 10.30.4.128: A Modbus Exception Occurred - See Response Body
[2024-12-10T04:01:03.280Z] Error reading actual data: A Modbus Exception Occurred - See Response Body
[2024-12-10T04:01:03.281Z] Error writing to Modbus register: A Modbus Exception Occurred - See Response Body
[2024-12-10T04:01:04.285Z] Error reading or processing Modbus registers: A Modbus Exception Occurred - See Response Body
[2024-12-10T04:01:04.286Z] Error reading register 6507 for IP 10.30.4.128: A Modbus Exception Occurred - See Response Body
[2024-12-10T04:01:04.287Z] Error reading actual data: A Modbus Exception Occurred - See Response Body
[2024-12-10T04:01:04.287Z] Error writing to Modbus register: A Modbus Exception Occurred - See Response Body
[2024-12-10T04:01:05.288Z] Error reading or processing Modbus registers: A Modbus Exception Occurred - See Response Body
[2024-12-10T04:01:05.290Z] Error reading register 6507 for IP 10.30.4.128: A Modbus Exception Occurred - See Response Body
[2024-12-10T04:01:05.291Z] Error reading actual data: A Modbus Exception Occurred - See Response Body
[2024-12-10T04:01:05.291Z] Error writing to Modbus register: A Modbus Exception Occurred - See Response Body
[2024-12-10T04:01:06.289Z] Error reading or processing Modbus registers: A Modbus Exception Occurred - See Response Body
[2024-12-10T04:01:06.291Z] Error reading register 6507 for IP 10.30.4.128: A Modbus Exception Occurred - See Response Body
[2024-12-10T04:01:06.292Z] Error reading actual data: A Modbus Exception Occurred - See Response Body
[2024-12-10T04:01:06.294Z] Error writing to Modbus register: A Modbus Exception Occurred - See Response Body
[2024-12-10T04:01:07.295Z] Error reading or processing Modbus registers: A Modbus Exception Occurred - See Response Body
[2024-12-10T04:01:07.297Z] Error reading register 6507 for IP 10.30.4.128: A Modbus Exception Occurred - See Response Body
[2024-12-10T04:01:07.298Z] Error reading actual data: A Modbus Exception Occurred - See Response Body
[2024-12-10T04:01:07.298Z] Error writing to Modbus register: A Modbus Exception Occurred - See Response Body
[2024-12-10T04:01:08.297Z] Error reading or processing Modbus registers: A Modbus Exception Occurred - See Response Body
[2024-12-10T04:01:08.299Z] Error reading register 6507 for IP 10.30.4.128: A Modbus Exception Occurred - See Response Body
[2024-12-10T04:01:08.299Z] Error reading actual data: A Modbus Exception Occurred - See Response Body
[2024-12-10T04:01:08.300Z] Error writing to Modbus register: A Modbus Exception Occurred - See Response Body
[2024-12-10T04:01:09.299Z] Error reading or processing Modbus registers: A Modbus Exception Occurred - See Response Body
[2024-12-10T04:01:09.301Z] Error reading register 6507 for IP 10.30.4.128: A Modbus Exception Occurred - See Response Body
[2024-12-10T04:01:09.301Z] Error reading actual data: A Modbus Exception Occurred - See Response Body
[2024-12-10T04:01:09.302Z] Error writing to Modbus register: A Modbus Exception Occurred - See Response Body
[2024-12-10T04:01:10.313Z] Error reading or processing Modbus registers: A Modbus Exception Occurred - See Response Body
[2024-12-10T04:01:10.316Z] Error reading register 6507 for IP 10.30.4.128: A Modbus Exception Occurred - See Response Body
[2024-12-10T04:01:10.317Z] Error reading actual data: A Modbus Exception Occurred - See Response Body
[2024-12-10T04:01:10.317Z] Error writing to Modbus register: A Modbus Exception Occurred - See Response Body
[2024-12-10T04:01:11.316Z] Error reading or processing Modbus registers: A Modbus Exception Occurred - See Response Body
[2024-12-10T04:01:11.318Z] Error reading register 6507 for IP 10.30.4.128: A Modbus Exception Occurred - See Response Body
[2024-12-10T04:01:11.319Z] Error reading actual data: A Modbus Exception Occurred - See Response Body
[2024-12-10T04:01:11.320Z] Error writing to Modbus register: A Modbus Exception Occurred - See Response Body
[2024-12-10T04:01:12.331Z] Error reading or processing Modbus registers: A Modbus Exception Occurred - See Response Body
[2024-12-10T04:01:12.334Z] Error reading register 6507 for IP 10.30.4.128: A Modbus Exception Occurred - See Response Body
[2024-12-10T04:01:12.334Z] Error reading actual data: A Modbus Exception Occurred - See Response Body
[2024-12-10T04:01:12.335Z] Error writing to Modbus register: A Modbus Exception Occurred - See Response Body
[2024-12-10T04:01:13.332Z] Error reading or processing Modbus registers: A Modbus Exception Occurred - See Response Body
[2024-12-10T04:01:13.335Z] Error reading register 6507 for IP 10.30.4.128: A Modbus Exception Occurred - See Response Body
[2024-12-10T04:01:13.335Z] Error reading actual data: A Modbus Exception Occurred - See Response Body
[2024-12-10T04:01:13.336Z] Error writing to Modbus register: A Modbus Exception Occurred - See Response Body
[2024-12-10T04:01:14.337Z] Error reading or processing Modbus registers: A Modbus Exception Occurred - See Response Body
[2024-12-10T04:01:14.339Z] Error reading register 6507 for IP 10.30.4.128: A Modbus Exception Occurred - See Response Body
[2024-12-10T04:01:14.340Z] Error reading actual data: A Modbus Exception Occurred - See Response Body
[2024-12-10T04:01:14.341Z] Error writing to Modbus register: A Modbus Exception Occurred - See Response Body
[2024-12-10T04:01:15.341Z] Error reading or processing Modbus registers: A Modbus Exception Occurred - See Response Body
[2024-12-10T04:01:15.343Z] Error reading register 6507 for IP 10.30.4.128: A Modbus Exception Occurred - See Response Body
[2024-12-10T04:01:15.344Z] Error reading actual data: A Modbus Exception Occurred - See Response Body
[2024-12-10T04:01:15.345Z] Error writing to Modbus register: A Modbus Exception Occurred - See Response Body
[2024-12-10T04:01:16.355Z] Error reading or processing Modbus registers: A Modbus Exception Occurred - See Response Body
[2024-12-10T04:01:16.357Z] Error reading register 6507 for IP 10.30.4.128: A Modbus Exception Occurred - See Response Body
[2024-12-10T04:01:16.358Z] Error reading actual data: A Modbus Exception Occurred - See Response Body
[2024-12-10T04:01:16.358Z] Error writing to Modbus register: A Modbus Exception Occurred - See Response Body
[2024-12-10T04:01:17.369Z] Error reading or processing Modbus registers: A Modbus Exception Occurred - See Response Body
[2024-12-10T04:01:17.372Z] Error reading register 6507 for IP 10.30.4.128: A Modbus Exception Occurred - See Response Body
[2024-12-10T04:01:17.373Z] Error reading actual data: A Modbus Exception Occurred - See Response Body
[2024-12-10T04:01:17.373Z] Error writing to Modbus register: A Modbus Exception Occurred - See Response Body
[2024-12-10T04:01:18.384Z] Error reading or processing Modbus registers: A Modbus Exception Occurred - See Response Body
[2024-12-10T04:01:18.386Z] Error reading register 6507 for IP 10.30.4.128: A Modbus Exception Occurred - See Response Body
[2024-12-10T04:01:18.387Z] Error reading actual data: A Modbus Exception Occurred - See Response Body
[2024-12-10T04:01:18.387Z] Error writing to Modbus register: A Modbus Exception Occurred - See Response Body
[2024-12-10T04:01:19.397Z] Error reading or processing Modbus registers: A Modbus Exception Occurred - See Response Body
[2024-12-10T04:01:19.400Z] Error reading register 6507 for IP 10.30.4.128: A Modbus Exception Occurred - See Response Body
[2024-12-10T04:01:19.400Z] Error reading actual data: A Modbus Exception Occurred - See Response Body
[2024-12-10T04:01:19.401Z] Error writing to Modbus register: A Modbus Exception Occurred - See Response Body
[2024-12-10T04:01:20.413Z] Error reading or processing Modbus registers: A Modbus Exception Occurred - See Response Body
[2024-12-10T04:01:20.416Z] Error reading register 6507 for IP 10.30.4.128: A Modbus Exception Occurred - See Response Body
[2024-12-10T04:01:20.416Z] Error reading actual data: A Modbus Exception Occurred - See Response Body
[2024-12-10T04:01:20.417Z] Error writing to Modbus register: A Modbus Exception Occurred - See Response Body
[2024-12-10T04:01:21.427Z] Error reading or processing Modbus registers: A Modbus Exception Occurred - See Response Body
[2024-12-10T04:01:21.430Z] Error reading register 6507 for IP 10.30.4.128: A Modbus Exception Occurred - See Response Body
[2024-12-10T04:01:21.430Z] Error reading actual data: A Modbus Exception Occurred - See Response Body
[2024-12-10T04:01:21.431Z] Error writing to Modbus register: A Modbus Exception Occurred - See Response Body
[2024-12-10T04:01:22.428Z] Error reading or processing Modbus registers: A Modbus Exception Occurred - See Response Body
[2024-12-10T04:01:22.430Z] Error reading register 6507 for IP 10.30.4.128: A Modbus Exception Occurred - See Response Body
[2024-12-10T04:01:22.431Z] Error reading actual data: A Modbus Exception Occurred - See Response Body
[2024-12-10T04:01:22.431Z] Error writing to Modbus register: A Modbus Exception Occurred - See Response Body
[2024-12-10T04:01:23.444Z] Error reading or processing Modbus registers: A Modbus Exception Occurred - See Response Body
[2024-12-10T04:01:23.446Z] Error reading register 6507 for IP 10.30.4.128: A Modbus Exception Occurred - See Response Body
[2024-12-10T04:01:23.447Z] Error reading actual data: A Modbus Exception Occurred - See Response Body
[2024-12-10T04:01:23.447Z] Error writing to Modbus register: A Modbus Exception Occurred - See Response Body
[2024-12-10T04:01:24.459Z] Error reading or processing Modbus registers: A Modbus Exception Occurred - See Response Body
[2024-12-10T04:01:24.462Z] Error reading register 6507 for IP 10.30.4.128: A Modbus Exception Occurred - See Response Body
[2024-12-10T04:01:24.462Z] Error reading actual data: A Modbus Exception Occurred - See Response Body
[2024-12-10T04:01:24.462Z] Error writing to Modbus register: A Modbus Exception Occurred - See Response Body
[2024-12-10T04:01:25.460Z] Error reading or processing Modbus registers: A Modbus Exception Occurred - See Response Body
[2024-12-10T04:01:25.462Z] Error reading register 6507 for IP 10.30.4.128: A Modbus Exception Occurred - See Response Body
[2024-12-10T04:01:25.462Z] Error reading actual data: A Modbus Exception Occurred - See Response Body
[2024-12-10T04:01:25.463Z] Error writing to Modbus register: A Modbus Exception Occurred - See Response Body
[2024-12-10T04:01:26.474Z] Error reading or processing Modbus registers: A Modbus Exception Occurred - See Response Body
[2024-12-10T04:01:26.476Z] Error reading register 6507 for IP 10.30.4.128: A Modbus Exception Occurred - See Response Body
[2024-12-10T04:01:26.477Z] Error reading actual data: A Modbus Exception Occurred - See Response Body
[2024-12-10T04:01:26.477Z] Error writing to Modbus register: A Modbus Exception Occurred - See Response Body
[2024-12-10T04:01:27.489Z] Error reading or processing Modbus registers: A Modbus Exception Occurred - See Response Body
[2024-12-10T04:01:27.491Z] Error reading register 6507 for IP 10.30.4.128: A Modbus Exception Occurred - See Response Body
[2024-12-10T04:01:27.492Z] Error reading actual data: A Modbus Exception Occurred - See Response Body
[2024-12-10T04:01:27.492Z] Error writing to Modbus register: A Modbus Exception Occurred - See Response Body
[2024-12-10T04:01:28.502Z] Error reading or processing Modbus registers: A Modbus Exception Occurred - See Response Body
[2024-12-10T04:01:28.504Z] Error reading register 6507 for IP 10.30.4.128: A Modbus Exception Occurred - See Response Body
[2024-12-10T04:01:28.505Z] Error reading actual data: A Modbus Exception Occurred - See Response Body
[2024-12-10T04:01:28.506Z] Error writing to Modbus register: A Modbus Exception Occurred - See Response Body
[2024-12-10T04:01:29.503Z] Error reading or processing Modbus registers: A Modbus Exception Occurred - See Response Body
[2024-12-10T04:01:29.506Z] Error reading register 6507 for IP 10.30.4.128: A Modbus Exception Occurred - See Response Body
[2024-12-10T04:01:29.507Z] Error reading actual data: A Modbus Exception Occurred - See Response Body
[2024-12-10T04:01:29.507Z] Error writing to Modbus register: A Modbus Exception Occurred - See Response Body
[2024-12-10T04:01:30.505Z] Error reading or processing Modbus registers: A Modbus Exception Occurred - See Response Body
[2024-12-10T04:01:30.507Z] Error reading register 6507 for IP 10.30.4.128: A Modbus Exception Occurred - See Response Body
[2024-12-10T04:01:30.508Z] Error reading actual data: A Modbus Exception Occurred - See Response Body
[2024-12-10T04:01:30.508Z] Error writing to Modbus register: A Modbus Exception Occurred - See Response Body
[2024-12-10T04:01:31.507Z] Error reading or processing Modbus registers: A Modbus Exception Occurred - See Response Body
[2024-12-10T04:01:31.508Z] Error reading register 6507 for IP 10.30.4.128: A Modbus Exception Occurred - See Response Body
[2024-12-10T04:01:31.509Z] Error reading actual data: A Modbus Exception Occurred - See Response Body
[2024-12-10T04:01:31.509Z] Error writing to Modbus register: A Modbus Exception Occurred - See Response Body
[2024-12-10T04:01:32.519Z] Error reading or processing Modbus registers: A Modbus Exception Occurred - See Response Body
[2024-12-10T04:01:32.521Z] Error reading register 6507 for IP 10.30.4.128: A Modbus Exception Occurred - See Response Body
[2024-12-10T04:01:32.522Z] Error reading actual data: A Modbus Exception Occurred - See Response Body
[2024-12-10T04:01:32.522Z] Error writing to Modbus register: A Modbus Exception Occurred - See Response Body
[2024-12-10T04:01:33.535Z] Error reading or processing Modbus registers: A Modbus Exception Occurred - See Response Body
[2024-12-10T04:01:33.537Z] Error reading register 6507 for IP 10.30.4.128: A Modbus Exception Occurred - See Response Body
[2024-12-10T04:01:33.538Z] Error reading actual data: A Modbus Exception Occurred - See Response Body
[2024-12-10T04:01:33.538Z] Error writing to Modbus register: A Modbus Exception Occurred - See Response Body
[2024-12-10T04:01:34.549Z] Error reading or processing Modbus registers: A Modbus Exception Occurred - See Response Body
[2024-12-10T04:01:34.551Z] Error reading register 6507 for IP 10.30.4.128: A Modbus Exception Occurred - See Response Body
[2024-12-10T04:01:34.552Z] Error reading actual data: A Modbus Exception Occurred - See Response Body
[2024-12-10T04:01:34.553Z] Error writing to Modbus register: A Modbus Exception Occurred - See Response Body
[2024-12-10T04:01:35.564Z] Error reading or processing Modbus registers: A Modbus Exception Occurred - See Response Body
[2024-12-10T04:01:35.567Z] Error reading register 6507 for IP 10.30.4.128: A Modbus Exception Occurred - See Response Body
[2024-12-10T04:01:35.567Z] Error reading actual data: A Modbus Exception Occurred - See Response Body
[2024-12-10T04:01:35.568Z] Error writing to Modbus register: A Modbus Exception Occurred - See Response Body
[2024-12-10T04:01:36.564Z] Error reading or processing Modbus registers: A Modbus Exception Occurred - See Response Body
[2024-12-10T04:01:36.566Z] Error reading register 6507 for IP 10.30.4.128: A Modbus Exception Occurred - See Response Body
[2024-12-10T04:01:36.566Z] Error reading actual data: A Modbus Exception Occurred - See Response Body
[2024-12-10T04:01:36.567Z] Error writing to Modbus register: A Modbus Exception Occurred - See Response Body
[2024-12-10T04:01:37.564Z] Error reading or processing Modbus registers: A Modbus Exception Occurred - See Response Body
[2024-12-10T04:01:37.568Z] Error reading register 6507 for IP 10.30.4.128: A Modbus Exception Occurred - See Response Body
[2024-12-10T04:01:37.581Z] Error reading actual data: A Modbus Exception Occurred - See Response Body
[2024-12-10T04:01:37.582Z] Error writing to Modbus register: A Modbus Exception Occurred - See Response Body
[2024-12-10T04:01:38.578Z] Error reading or processing Modbus registers: A Modbus Exception Occurred - See Response Body
[2024-12-10T04:01:38.580Z] Error reading register 6507 for IP 10.30.4.128: A Modbus Exception Occurred - See Response Body
[2024-12-10T04:01:38.580Z] Error reading actual data: A Modbus Exception Occurred - See Response Body
[2024-12-10T04:01:38.581Z] Error writing to Modbus register: A Modbus Exception Occurred - See Response Body
[2024-12-10T04:01:39.592Z] Error reading or processing Modbus registers: A Modbus Exception Occurred - See Response Body
[2024-12-10T04:01:39.594Z] Error reading register 6507 for IP 10.30.4.128: A Modbus Exception Occurred - See Response Body
[2024-12-10T04:01:39.595Z] Error reading actual data: A Modbus Exception Occurred - See Response Body
[2024-12-10T04:01:39.596Z] Error writing to Modbus register: A Modbus Exception Occurred - See Response Body
[2024-12-10T04:01:40.593Z] Error reading or processing Modbus registers: A Modbus Exception Occurred - See Response Body
[2024-12-10T04:01:40.595Z] Error reading register 6507 for IP 10.30.4.128: A Modbus Exception Occurred - See Response Body
[2024-12-10T04:01:40.596Z] Error reading actual data: A Modbus Exception Occurred - See Response Body
[2024-12-10T04:01:40.597Z] Error writing to Modbus register: A Modbus Exception Occurred - See Response Body
[2024-12-10T04:01:41.609Z] Error reading or processing Modbus registers: A Modbus Exception Occurred - See Response Body
[2024-12-10T04:01:41.611Z] Error reading register 6507 for IP 10.30.4.128: A Modbus Exception Occurred - See Response Body
[2024-12-10T04:01:41.612Z] Error reading actual data: A Modbus Exception Occurred - See Response Body
[2024-12-10T04:01:41.613Z] Error writing to Modbus register: A Modbus Exception Occurred - See Response Body
[2024-12-10T04:01:42.622Z] Error reading or processing Modbus registers: A Modbus Exception Occurred - See Response Body
[2024-12-10T04:01:42.625Z] Error reading register 6507 for IP 10.30.4.128: A Modbus Exception Occurred - See Response Body
[2024-12-10T04:01:42.625Z] Error reading actual data: A Modbus Exception Occurred - See Response Body
[2024-12-10T04:01:42.626Z] Error writing to Modbus register: A Modbus Exception Occurred - See Response Body
[2024-12-10T04:01:43.626Z] Error reading or processing Modbus registers: A Modbus Exception Occurred - See Response Body
[2024-12-10T04:01:43.628Z] Error reading register 6507 for IP 10.30.4.128: A Modbus Exception Occurred - See Response Body
[2024-12-10T04:01:43.628Z] Error reading actual data: A Modbus Exception Occurred - See Response Body
[2024-12-10T04:01:43.629Z] Error writing to Modbus register: A Modbus Exception Occurred - See Response Body
[2024-12-10T04:01:44.639Z] Error reading or processing Modbus registers: A Modbus Exception Occurred - See Response Body
[2024-12-10T04:01:44.642Z] Error reading register 6507 for IP 10.30.4.128: A Modbus Exception Occurred - See Response Body
[2024-12-10T04:01:44.642Z] Error reading actual data: A Modbus Exception Occurred - See Response Body
[2024-12-10T04:01:44.643Z] Error writing to Modbus register: A Modbus Exception Occurred - See Response Body
[2024-12-10T04:01:45.643Z] Error reading or processing Modbus registers: A Modbus Exception Occurred - See Response Body
[2024-12-10T04:01:45.645Z] Error reading register 6507 for IP 10.30.4.128: A Modbus Exception Occurred - See Response Body
[2024-12-10T04:01:45.646Z] Error reading actual data: A Modbus Exception Occurred - See Response Body
[2024-12-10T04:01:45.646Z] Error writing to Modbus register: A Modbus Exception Occurred - See Response Body
[2024-12-10T04:01:46.654Z] Error reading or processing Modbus registers: A Modbus Exception Occurred - See Response Body
[2024-12-10T04:01:46.656Z] Error reading register 6507 for IP 10.30.4.128: A Modbus Exception Occurred - See Response Body
[2024-12-10T04:01:46.657Z] Error reading actual data: A Modbus Exception Occurred - See Response Body
[2024-12-10T04:01:46.657Z] Error writing to Modbus register: A Modbus Exception Occurred - See Response Body
[2024-12-10T04:01:47.656Z] Error reading or processing Modbus registers: A Modbus Exception Occurred - See Response Body
[2024-12-10T04:01:47.658Z] Error reading register 6507 for IP 10.30.4.128: A Modbus Exception Occurred - See Response Body
[2024-12-10T04:01:47.659Z] Error reading actual data: A Modbus Exception Occurred - See Response Body
[2024-12-10T04:01:47.659Z] Error writing to Modbus register: A Modbus Exception Occurred - See Response Body
[2024-12-10T04:01:48.667Z] Error reading or processing Modbus registers: A Modbus Exception Occurred - See Response Body
[2024-12-10T04:01:48.670Z] Error reading register 6507 for IP 10.30.4.128: A Modbus Exception Occurred - See Response Body
[2024-12-10T04:01:48.671Z] Error reading actual data: A Modbus Exception Occurred - See Response Body
[2024-12-10T04:01:48.671Z] Error writing to Modbus register: A Modbus Exception Occurred - See Response Body
[2024-12-10T04:01:49.671Z] Error reading or processing Modbus registers: A Modbus Exception Occurred - See Response Body
[2024-12-10T04:01:49.673Z] Error reading register 6507 for IP 10.30.4.128: A Modbus Exception Occurred - See Response Body
[2024-12-10T04:01:49.674Z] Error reading actual data: A Modbus Exception Occurred - See Response Body
[2024-12-10T04:01:49.674Z] Error writing to Modbus register: A Modbus Exception Occurred - See Response Body
[2024-12-10T04:01:50.673Z] Error reading or processing Modbus registers: A Modbus Exception Occurred - See Response Body
[2024-12-10T04:01:50.675Z] Error reading register 6507 for IP 10.30.4.128: A Modbus Exception Occurred - See Response Body
[2024-12-10T04:01:50.676Z] Error reading actual data: A Modbus Exception Occurred - See Response Body
[2024-12-10T04:01:50.676Z] Error writing to Modbus register: A Modbus Exception Occurred - See Response Body
[2024-12-10T04:01:51.687Z] Error reading or processing Modbus registers: A Modbus Exception Occurred - See Response Body
[2024-12-10T04:01:51.688Z] Error reading register 6507 for IP 10.30.4.128: A Modbus Exception Occurred - See Response Body
[2024-12-10T04:01:51.689Z] Error reading actual data: A Modbus Exception Occurred - See Response Body
[2024-12-10T04:01:51.690Z] Error writing to Modbus register: A Modbus Exception Occurred - See Response Body
[2024-12-10T04:01:52.701Z] Error reading or processing Modbus registers: A Modbus Exception Occurred - See Response Body
[2024-12-10T04:01:52.703Z] Error reading register 6507 for IP 10.30.4.128: A Modbus Exception Occurred - See Response Body
[2024-12-10T04:01:52.704Z] Error reading actual data: A Modbus Exception Occurred - See Response Body
[2024-12-10T04:01:52.705Z] Error writing to Modbus register: A Modbus Exception Occurred - See Response Body
[2024-12-10T04:01:53.703Z] Error reading or processing Modbus registers: A Modbus Exception Occurred - See Response Body
[2024-12-10T04:01:53.705Z] Error reading register 6507 for IP 10.30.4.128: A Modbus Exception Occurred - See Response Body
[2024-12-10T04:01:53.705Z] Error reading actual data: A Modbus Exception Occurred - See Response Body
[2024-12-10T04:01:53.706Z] Error writing to Modbus register: A Modbus Exception Occurred - See Response Body
[2024-12-10T04:01:54.705Z] Error reading or processing Modbus registers: A Modbus Exception Occurred - See Response Body
[2024-12-10T04:01:54.707Z] Error reading register 6507 for IP 10.30.4.128: A Modbus Exception Occurred - See Response Body
[2024-12-10T04:01:54.708Z] Error reading actual data: A Modbus Exception Occurred - See Response Body
[2024-12-10T04:01:54.708Z] Error writing to Modbus register: A Modbus Exception Occurred - See Response Body
[2024-12-10T04:01:55.720Z] Error reading or processing Modbus registers: A Modbus Exception Occurred - See Response Body
[2024-12-10T04:01:55.722Z] Error reading register 6507 for IP 10.30.4.128: A Modbus Exception Occurred - See Response Body
[2024-12-10T04:01:55.723Z] Error reading actual data: A Modbus Exception Occurred - See Response Body
[2024-12-10T04:01:55.723Z] Error writing to Modbus register: A Modbus Exception Occurred - See Response Body
[2024-12-10T04:01:56.722Z] Error reading or processing Modbus registers: A Modbus Exception Occurred - See Response Body
[2024-12-10T04:01:56.724Z] Error reading register 6507 for IP 10.30.4.128: A Modbus Exception Occurred - See Response Body
[2024-12-10T04:01:56.725Z] Error reading actual data: A Modbus Exception Occurred - See Response Body
[2024-12-10T04:01:56.726Z] Error writing to Modbus register: A Modbus Exception Occurred - See Response Body
[2024-12-10T04:01:57.727Z] Error reading or processing Modbus registers: A Modbus Exception Occurred - See Response Body
[2024-12-10T04:01:57.730Z] Error reading register 6507 for IP 10.30.4.128: A Modbus Exception Occurred - See Response Body
[2024-12-10T04:01:57.730Z] Error reading actual data: A Modbus Exception Occurred - See Response Body
[2024-12-10T04:01:57.731Z] Error writing to Modbus register: A Modbus Exception Occurred - See Response Body
[2024-12-10T04:01:58.729Z] Error reading or processing Modbus registers: A Modbus Exception Occurred - See Response Body
[2024-12-10T04:01:58.731Z] Error reading register 6507 for IP 10.30.4.128: A Modbus Exception Occurred - See Response Body
[2024-12-10T04:01:58.732Z] Error reading actual data: A Modbus Exception Occurred - See Response Body
[2024-12-10T04:01:58.733Z] Error writing to Modbus register: A Modbus Exception Occurred - See Response Body
[2024-12-10T04:01:59.733Z] Error reading or processing Modbus registers: A Modbus Exception Occurred - See Response Body
[2024-12-10T04:01:59.735Z] Error reading register 6507 for IP 10.30.4.128: A Modbus Exception Occurred - See Response Body
[2024-12-10T04:01:59.736Z] Error reading actual data: A Modbus Exception Occurred - See Response Body
[2024-12-10T04:01:59.737Z] Error writing to Modbus register: A Modbus Exception Occurred - See Response Body
[2024-12-10T04:02:00.736Z] Error reading or processing Modbus registers: A Modbus Exception Occurred - See Response Body
[2024-12-10T04:02:00.739Z] Error reading register 6507 for IP 10.30.4.128: A Modbus Exception Occurred - See Response Body
[2024-12-10T04:02:00.739Z] Error reading actual data: A Modbus Exception Occurred - See Response Body
[2024-12-10T04:02:00.740Z] Error writing to Modbus register: A Modbus Exception Occurred - See Response Body
[2024-12-10T04:02:01.738Z] Error reading or processing Modbus registers: A Modbus Exception Occurred - See Response Body
[2024-12-10T04:02:01.740Z] Error reading register 6507 for IP 10.30.4.128: A Modbus Exception Occurred - See Response Body
[2024-12-10T04:02:01.741Z] Error reading actual data: A Modbus Exception Occurred - See Response Body
[2024-12-10T04:02:01.742Z] Error writing to Modbus register: A Modbus Exception Occurred - See Response Body
[2024-12-10T04:02:02.745Z] Error reading or processing Modbus registers: A Modbus Exception Occurred - See Response Body
[2024-12-10T04:02:02.747Z] Error reading register 6507 for IP 10.30.4.128: A Modbus Exception Occurred - See Response Body
[2024-12-10T04:02:02.748Z] Error reading actual data: A Modbus Exception Occurred - See Response Body
[2024-12-10T04:02:02.748Z] Error writing to Modbus register: A Modbus Exception Occurred - See Response Body
[2024-12-10T04:02:03.748Z] Error reading or processing Modbus registers: A Modbus Exception Occurred - See Response Body
[2024-12-10T04:02:03.750Z] Error reading register 6507 for IP 10.30.4.128: A Modbus Exception Occurred - See Response Body
[2024-12-10T04:02:03.751Z] Error reading actual data: A Modbus Exception Occurred - See Response Body
[2024-12-10T04:02:03.751Z] Error writing to Modbus register: A Modbus Exception Occurred - See Response Body
[2024-12-10T04:02:04.761Z] Error reading or processing Modbus registers: A Modbus Exception Occurred - See Response Body
[2024-12-10T04:02:04.763Z] Error reading register 6507 for IP 10.30.4.128: A Modbus Exception Occurred - See Response Body
[2024-12-10T04:02:04.764Z] Error reading actual data: A Modbus Exception Occurred - See Response Body
[2024-12-10T04:02:04.765Z] Error writing to Modbus register: A Modbus Exception Occurred - See Response Body
[2024-12-10T04:02:05.762Z] Error reading or processing Modbus registers: A Modbus Exception Occurred - See Response Body
[2024-12-10T04:02:05.765Z] Error reading register 6507 for IP 10.30.4.128: A Modbus Exception Occurred - See Response Body
[2024-12-10T04:02:05.765Z] Error reading actual data: A Modbus Exception Occurred - See Response Body
[2024-12-10T04:02:05.766Z] Error writing to Modbus register: A Modbus Exception Occurred - See Response Body
[2024-12-10T04:02:06.774Z] Error reading or processing Modbus registers: A Modbus Exception Occurred - See Response Body
[2024-12-10T04:02:06.777Z] Error reading register 6507 for IP 10.30.4.128: A Modbus Exception Occurred - See Response Body
[2024-12-10T04:02:06.777Z] Error reading actual data: A Modbus Exception Occurred - See Response Body
[2024-12-10T04:02:06.778Z] Error writing to Modbus register: A Modbus Exception Occurred - See Response Body
[2024-12-10T04:02:07.790Z] Error reading or processing Modbus registers: A Modbus Exception Occurred - See Response Body
[2024-12-10T04:02:07.792Z] Error reading register 6507 for IP 10.30.4.128: A Modbus Exception Occurred - See Response Body
[2024-12-10T04:02:07.793Z] Error reading actual data: A Modbus Exception Occurred - See Response Body
[2024-12-10T04:02:07.794Z] Error writing to Modbus register: A Modbus Exception Occurred - See Response Body
[2024-12-10T04:02:08.805Z] Error reading or processing Modbus registers: A Modbus Exception Occurred - See Response Body
[2024-12-10T04:02:08.808Z] Error reading register 6507 for IP 10.30.4.128: A Modbus Exception Occurred - See Response Body
[2024-12-10T04:02:08.808Z] Error reading actual data: A Modbus Exception Occurred - See Response Body
[2024-12-10T04:02:08.809Z] Error writing to Modbus register: A Modbus Exception Occurred - See Response Body
[2024-12-10T04:02:09.819Z] Error reading or processing Modbus registers: A Modbus Exception Occurred - See Response Body
[2024-12-10T04:02:09.821Z] Error reading register 6507 for IP 10.30.4.128: A Modbus Exception Occurred - See Response Body
[2024-12-10T04:02:09.822Z] Error reading actual data: A Modbus Exception Occurred - See Response Body
[2024-12-10T04:02:09.822Z] Error writing to Modbus register: A Modbus Exception Occurred - See Response Body
[2024-12-10T04:02:10.825Z] Error reading or processing Modbus registers: A Modbus Exception Occurred - See Response Body
[2024-12-10T04:02:10.828Z] Error reading register 6507 for IP 10.30.4.128: A Modbus Exception Occurred - See Response Body
[2024-12-10T04:02:10.829Z] Error reading actual data: A Modbus Exception Occurred - See Response Body
[2024-12-10T04:02:10.829Z] Error writing to Modbus register: A Modbus Exception Occurred - See Response Body
[2024-12-10T04:02:11.827Z] Error reading or processing Modbus registers: A Modbus Exception Occurred - See Response Body
[2024-12-10T04:02:11.829Z] Error reading register 6507 for IP 10.30.4.128: A Modbus Exception Occurred - See Response Body
[2024-12-10T04:02:11.829Z] Error reading actual data: A Modbus Exception Occurred - See Response Body
[2024-12-10T04:02:11.830Z] Error writing to Modbus register: A Modbus Exception Occurred - See Response Body
[2024-12-10T04:02:12.828Z] Error reading or processing Modbus registers: A Modbus Exception Occurred - See Response Body
[2024-12-10T04:02:12.830Z] Error reading register 6507 for IP 10.30.4.128: A Modbus Exception Occurred - See Response Body
[2024-12-10T04:02:12.831Z] Error reading actual data: A Modbus Exception Occurred - See Response Body
[2024-12-10T04:02:12.832Z] Error writing to Modbus register: A Modbus Exception Occurred - See Response Body
[2024-12-10T04:02:13.843Z] Error reading or processing Modbus registers: A Modbus Exception Occurred - See Response Body
[2024-12-10T04:02:13.845Z] Error reading register 6507 for IP 10.30.4.128: A Modbus Exception Occurred - See Response Body
[2024-12-10T04:02:13.845Z] Error reading actual data: A Modbus Exception Occurred - See Response Body
[2024-12-10T04:02:13.846Z] Error writing to Modbus register: A Modbus Exception Occurred - See Response Body
[2024-12-10T04:02:14.844Z] Error reading or processing Modbus registers: A Modbus Exception Occurred - See Response Body
[2024-12-10T04:02:14.846Z] Error reading register 6507 for IP 10.30.4.128: A Modbus Exception Occurred - See Response Body
[2024-12-10T04:02:14.846Z] Error reading actual data: A Modbus Exception Occurred - See Response Body
[2024-12-10T04:02:14.847Z] Error writing to Modbus register: A Modbus Exception Occurred - See Response Body
[2024-12-10T04:02:15.858Z] Error reading or processing Modbus registers: A Modbus Exception Occurred - See Response Body
[2024-12-10T04:02:15.859Z] Error reading register 6507 for IP 10.30.4.128: A Modbus Exception Occurred - See Response Body
[2024-12-10T04:02:15.860Z] Error reading actual data: A Modbus Exception Occurred - See Response Body
[2024-12-10T04:02:15.860Z] Error writing to Modbus register: A Modbus Exception Occurred - See Response Body
[2024-12-10T04:02:16.859Z] Error reading or processing Modbus registers: A Modbus Exception Occurred - See Response Body
[2024-12-10T04:02:16.861Z] Error reading register 6507 for IP 10.30.4.128: A Modbus Exception Occurred - See Response Body
[2024-12-10T04:02:16.862Z] Error reading actual data: A Modbus Exception Occurred - See Response Body
[2024-12-10T04:02:16.863Z] Error writing to Modbus register: A Modbus Exception Occurred - See Response Body
[2024-12-10T04:02:17.872Z] Error reading or processing Modbus registers: A Modbus Exception Occurred - See Response Body
[2024-12-10T04:02:17.874Z] Error reading register 6507 for IP 10.30.4.128: A Modbus Exception Occurred - See Response Body
[2024-12-10T04:02:17.874Z] Error reading actual data: A Modbus Exception Occurred - See Response Body
[2024-12-10T04:02:17.875Z] Error writing to Modbus register: A Modbus Exception Occurred - See Response Body
[2024-12-10T04:02:18.874Z] Error reading or processing Modbus registers: A Modbus Exception Occurred - See Response Body
[2024-12-10T04:02:18.876Z] Error reading register 6507 for IP 10.30.4.128: A Modbus Exception Occurred - See Response Body
[2024-12-10T04:02:18.877Z] Error reading actual data: A Modbus Exception Occurred - See Response Body
[2024-12-10T04:02:18.878Z] Error writing to Modbus register: A Modbus Exception Occurred - See Response Body
[2024-12-10T04:02:19.878Z] Error reading or processing Modbus registers: A Modbus Exception Occurred - See Response Body
[2024-12-10T04:02:19.880Z] Error reading register 6507 for IP 10.30.4.128: A Modbus Exception Occurred - See Response Body
[2024-12-10T04:02:19.880Z] Error reading actual data: A Modbus Exception Occurred - See Response Body
[2024-12-10T04:02:19.881Z] Error writing to Modbus register: A Modbus Exception Occurred - See Response Body
[2024-12-10T04:02:20.892Z] Error reading or processing Modbus registers: A Modbus Exception Occurred - See Response Body
[2024-12-10T04:02:20.894Z] Error reading register 6507 for IP 10.30.4.128: A Modbus Exception Occurred - See Response Body
[2024-12-10T04:02:20.895Z] Error reading actual data: A Modbus Exception Occurred - See Response Body
[2024-12-10T04:02:20.895Z] Error writing to Modbus register: A Modbus Exception Occurred - See Response Body
[2024-12-10T04:02:21.908Z] Error reading or processing Modbus registers: A Modbus Exception Occurred - See Response Body
[2024-12-10T04:02:21.910Z] Error reading register 6507 for IP 10.30.4.128: A Modbus Exception Occurred - See Response Body
[2024-12-10T04:02:21.910Z] Error reading actual data: A Modbus Exception Occurred - See Response Body
[2024-12-10T04:02:21.911Z] Error writing to Modbus register: A Modbus Exception Occurred - See Response Body
[2024-12-10T04:02:22.923Z] Error reading or processing Modbus registers: A Modbus Exception Occurred - See Response Body
[2024-12-10T04:02:22.926Z] Error reading register 6507 for IP 10.30.4.128: A Modbus Exception Occurred - See Response Body
[2024-12-10T04:02:22.927Z] Error reading actual data: A Modbus Exception Occurred - See Response Body
[2024-12-10T04:02:22.928Z] Error writing to Modbus register: A Modbus Exception Occurred - See Response Body
[2024-12-10T04:02:23.937Z] Error reading or processing Modbus registers: A Modbus Exception Occurred - See Response Body
[2024-12-10T04:02:23.939Z] Error reading register 6507 for IP 10.30.4.128: A Modbus Exception Occurred - See Response Body
[2024-12-10T04:02:23.940Z] Error reading actual data: A Modbus Exception Occurred - See Response Body
[2024-12-10T04:02:23.941Z] Error writing to Modbus register: A Modbus Exception Occurred - See Response Body
[2024-12-10T04:02:24.950Z] Error reading or processing Modbus registers: A Modbus Exception Occurred - See Response Body
[2024-12-10T04:02:24.952Z] Error reading register 6507 for IP 10.30.4.128: A Modbus Exception Occurred - See Response Body
[2024-12-10T04:02:24.953Z] Error reading actual data: A Modbus Exception Occurred - See Response Body
[2024-12-10T04:02:24.953Z] Error writing to Modbus register: A Modbus Exception Occurred - See Response Body
[2024-12-10T04:02:25.964Z] Error reading or processing Modbus registers: A Modbus Exception Occurred - See Response Body
[2024-12-10T04:02:25.967Z] Error reading register 6507 for IP 10.30.4.128: A Modbus Exception Occurred - See Response Body
[2024-12-10T04:02:25.967Z] Error reading actual data: A Modbus Exception Occurred - See Response Body
[2024-12-10T04:02:25.968Z] Error writing to Modbus register: A Modbus Exception Occurred - See Response Body
[2024-12-10T04:02:26.979Z] Error reading or processing Modbus registers: A Modbus Exception Occurred - See Response Body
[2024-12-10T04:02:26.981Z] Error reading register 6507 for IP 10.30.4.128: A Modbus Exception Occurred - See Response Body
[2024-12-10T04:02:26.982Z] Error reading actual data: A Modbus Exception Occurred - See Response Body
[2024-12-10T04:02:26.982Z] Error writing to Modbus register: A Modbus Exception Occurred - See Response Body
[2024-12-10T04:02:27.979Z] Error reading or processing Modbus registers: A Modbus Exception Occurred - See Response Body
[2024-12-10T04:02:27.981Z] Error reading register 6507 for IP 10.30.4.128: A Modbus Exception Occurred - See Response Body
[2024-12-10T04:02:27.981Z] Error reading actual data: A Modbus Exception Occurred - See Response Body
[2024-12-10T04:02:27.982Z] Error writing to Modbus register: A Modbus Exception Occurred - See Response Body
[2024-12-10T04:02:28.979Z] Error reading or processing Modbus registers: A Modbus Exception Occurred - See Response Body
[2024-12-10T04:02:28.981Z] Error reading register 6507 for IP 10.30.4.128: A Modbus Exception Occurred - See Response Body
[2024-12-10T04:02:28.982Z] Error reading actual data: A Modbus Exception Occurred - See Response Body
[2024-12-10T04:02:28.982Z] Error writing to Modbus register: A Modbus Exception Occurred - See Response Body
[2024-12-10T04:02:29.993Z] Error reading or processing Modbus registers: A Modbus Exception Occurred - See Response Body
[2024-12-10T04:02:29.995Z] Error reading register 6507 for IP 10.30.4.128: A Modbus Exception Occurred - See Response Body
[2024-12-10T04:02:29.996Z] Error reading actual data: A Modbus Exception Occurred - See Response Body
[2024-12-10T04:02:29.996Z] Error writing to Modbus register: A Modbus Exception Occurred - See Response Body
[2024-12-10T04:02:31.008Z] Error reading or processing Modbus registers: A Modbus Exception Occurred - See Response Body
[2024-12-10T04:02:31.010Z] Error reading register 6507 for IP 10.30.4.128: A Modbus Exception Occurred - See Response Body
[2024-12-10T04:02:31.010Z] Error reading actual data: A Modbus Exception Occurred - See Response Body
[2024-12-10T04:02:31.011Z] Error writing to Modbus register: A Modbus Exception Occurred - See Response Body
[2024-12-10T04:02:32.019Z] Error reading or processing Modbus registers: A Modbus Exception Occurred - See Response Body
[2024-12-10T04:02:32.021Z] Error reading register 6507 for IP 10.30.4.128: A Modbus Exception Occurred - See Response Body
[2024-12-10T04:02:32.022Z] Error reading actual data: A Modbus Exception Occurred - See Response Body
[2024-12-10T04:02:32.023Z] Error writing to Modbus register: A Modbus Exception Occurred - See Response Body
[2024-12-10T04:02:33.033Z] Error reading or processing Modbus registers: A Modbus Exception Occurred - See Response Body
[2024-12-10T04:02:33.035Z] Error reading register 6507 for IP 10.30.4.128: A Modbus Exception Occurred - See Response Body
[2024-12-10T04:02:33.036Z] Error reading actual data: A Modbus Exception Occurred - See Response Body
[2024-12-10T04:02:33.036Z] Error writing to Modbus register: A Modbus Exception Occurred - See Response Body
[2024-12-10T04:02:34.036Z] Error reading or processing Modbus registers: A Modbus Exception Occurred - See Response Body
[2024-12-10T04:02:34.039Z] Error reading register 6507 for IP 10.30.4.128: A Modbus Exception Occurred - See Response Body
[2024-12-10T04:02:34.039Z] Error reading actual data: A Modbus Exception Occurred - See Response Body
[2024-12-10T04:02:34.040Z] Error writing to Modbus register: A Modbus Exception Occurred - See Response Body
[2024-12-10T04:02:35.042Z] Error reading or processing Modbus registers: A Modbus Exception Occurred - See Response Body
[2024-12-10T04:02:35.044Z] Error reading register 6507 for IP 10.30.4.128: A Modbus Exception Occurred - See Response Body
[2024-12-10T04:02:35.045Z] Error reading actual data: A Modbus Exception Occurred - See Response Body
[2024-12-10T04:02:35.045Z] Error writing to Modbus register: A Modbus Exception Occurred - See Response Body
[2024-12-10T04:02:36.043Z] Error reading or processing Modbus registers: A Modbus Exception Occurred - See Response Body
[2024-12-10T04:02:36.045Z] Error reading register 6507 for IP 10.30.4.128: A Modbus Exception Occurred - See Response Body
[2024-12-10T04:02:36.046Z] Error reading actual data: A Modbus Exception Occurred - See Response Body
[2024-12-10T04:02:36.046Z] Error writing to Modbus register: A Modbus Exception Occurred - See Response Body
[2024-12-10T04:02:37.045Z] Error reading or processing Modbus registers: A Modbus Exception Occurred - See Response Body
[2024-12-10T04:02:37.047Z] Error reading register 6507 for IP 10.30.4.128: A Modbus Exception Occurred - See Response Body
[2024-12-10T04:02:37.047Z] Error reading actual data: A Modbus Exception Occurred - See Response Body
[2024-12-10T04:02:37.048Z] Error writing to Modbus register: A Modbus Exception Occurred - See Response Body
[2024-12-10T04:02:38.047Z] Error reading or processing Modbus registers: A Modbus Exception Occurred - See Response Body
[2024-12-10T04:02:38.048Z] Error reading register 6507 for IP 10.30.4.128: A Modbus Exception Occurred - See Response Body
[2024-12-10T04:02:38.049Z] Error reading actual data: A Modbus Exception Occurred - See Response Body
[2024-12-10T04:02:38.049Z] Error writing to Modbus register: A Modbus Exception Occurred - See Response Body
[2024-12-10T04:02:39.050Z] Error reading or processing Modbus registers: A Modbus Exception Occurred - See Response Body
[2024-12-10T04:02:39.052Z] Error reading register 6507 for IP 10.30.4.128: A Modbus Exception Occurred - See Response Body
[2024-12-10T04:02:39.052Z] Error reading actual data: A Modbus Exception Occurred - See Response Body
[2024-12-10T04:02:39.053Z] Error writing to Modbus register: A Modbus Exception Occurred - See Response Body
[2024-12-10T04:02:40.062Z] Error reading or processing Modbus registers: A Modbus Exception Occurred - See Response Body
[2024-12-10T04:02:40.064Z] Error reading register 6507 for IP 10.30.4.128: A Modbus Exception Occurred - See Response Body
[2024-12-10T04:02:40.065Z] Error reading actual data: A Modbus Exception Occurred - See Response Body
[2024-12-10T04:02:40.066Z] Error writing to Modbus register: A Modbus Exception Occurred - See Response Body
[2024-12-10T04:02:41.064Z] Error reading or processing Modbus registers: A Modbus Exception Occurred - See Response Body
[2024-12-10T04:02:41.066Z] Error reading register 6507 for IP 10.30.4.128: A Modbus Exception Occurred - See Response Body
[2024-12-10T04:02:41.066Z] Error reading actual data: A Modbus Exception Occurred - See Response Body
[2024-12-10T04:02:41.067Z] Error writing to Modbus register: A Modbus Exception Occurred - See Response Body
[2024-12-10T04:02:42.075Z] Error reading or processing Modbus registers: A Modbus Exception Occurred - See Response Body
[2024-12-10T04:02:42.077Z] Error reading register 6507 for IP 10.30.4.128: A Modbus Exception Occurred - See Response Body
[2024-12-10T04:02:42.077Z] Error reading actual data: A Modbus Exception Occurred - See Response Body
[2024-12-10T04:02:42.078Z] Error writing to Modbus register: A Modbus Exception Occurred - See Response Body
[2024-12-10T04:02:43.077Z] Error reading or processing Modbus registers: A Modbus Exception Occurred - See Response Body
[2024-12-10T04:02:43.079Z] Error reading register 6507 for IP 10.30.4.128: A Modbus Exception Occurred - See Response Body
[2024-12-10T04:02:43.080Z] Error reading actual data: A Modbus Exception Occurred - See Response Body
[2024-12-10T04:02:43.080Z] Error writing to Modbus register: A Modbus Exception Occurred - See Response Body
[2024-12-10T04:02:44.093Z] Error reading or processing Modbus registers: A Modbus Exception Occurred - See Response Body
[2024-12-10T04:02:44.096Z] Error reading register 6507 for IP 10.30.4.128: A Modbus Exception Occurred - See Response Body
[2024-12-10T04:02:44.096Z] Error reading actual data: A Modbus Exception Occurred - See Response Body
[2024-12-10T04:02:44.097Z] Error writing to Modbus register: A Modbus Exception Occurred - See Response Body
[2024-12-10T04:02:45.106Z] Error reading or processing Modbus registers: A Modbus Exception Occurred - See Response Body
[2024-12-10T04:02:45.108Z] Error reading register 6507 for IP 10.30.4.128: A Modbus Exception Occurred - See Response Body
[2024-12-10T04:02:45.109Z] Error reading actual data: A Modbus Exception Occurred - See Response Body
[2024-12-10T04:02:45.110Z] Error writing to Modbus register: A Modbus Exception Occurred - See Response Body
[2024-12-10T04:02:46.120Z] Error reading or processing Modbus registers: A Modbus Exception Occurred - See Response Body
[2024-12-10T04:02:46.122Z] Error reading register 6507 for IP 10.30.4.128: A Modbus Exception Occurred - See Response Body
[2024-12-10T04:02:46.123Z] Error reading actual data: A Modbus Exception Occurred - See Response Body
[2024-12-10T04:02:46.123Z] Error writing to Modbus register: A Modbus Exception Occurred - See Response Body
[2024-12-10T04:02:47.134Z] Error reading or processing Modbus registers: A Modbus Exception Occurred - See Response Body
[2024-12-10T04:02:47.138Z] Error reading register 6507 for IP 10.30.4.128: A Modbus Exception Occurred - See Response Body
[2024-12-10T04:02:47.138Z] Error reading actual data: A Modbus Exception Occurred - See Response Body
[2024-12-10T04:02:47.139Z] Error writing to Modbus register: A Modbus Exception Occurred - See Response Body
[2024-12-10T04:02:48.148Z] Error reading or processing Modbus registers: A Modbus Exception Occurred - See Response Body
[2024-12-10T04:02:48.150Z] Error reading register 6507 for IP 10.30.4.128: A Modbus Exception Occurred - See Response Body
[2024-12-10T04:02:48.150Z] Error reading actual data: A Modbus Exception Occurred - See Response Body
[2024-12-10T04:02:48.151Z] Error writing to Modbus register: A Modbus Exception Occurred - See Response Body
[2024-12-10T04:02:49.149Z] Error reading or processing Modbus registers: A Modbus Exception Occurred - See Response Body
[2024-12-10T04:02:49.151Z] Error reading register 6507 for IP 10.30.4.128: A Modbus Exception Occurred - See Response Body
[2024-12-10T04:02:49.152Z] Error reading actual data: A Modbus Exception Occurred - See Response Body
[2024-12-10T04:02:49.153Z] Error writing to Modbus register: A Modbus Exception Occurred - See Response Body
[2024-12-10T04:02:50.164Z] Error reading or processing Modbus registers: A Modbus Exception Occurred - See Response Body
[2024-12-10T04:02:50.166Z] Error reading register 6507 for IP 10.30.4.128: A Modbus Exception Occurred - See Response Body
[2024-12-10T04:02:50.167Z] Error reading actual data: A Modbus Exception Occurred - See Response Body
[2024-12-10T04:02:50.168Z] Error writing to Modbus register: A Modbus Exception Occurred - See Response Body
[2024-12-10T04:02:51.167Z] Error reading or processing Modbus registers: A Modbus Exception Occurred - See Response Body
[2024-12-10T04:02:51.170Z] Error reading register 6507 for IP 10.30.4.128: A Modbus Exception Occurred - See Response Body
[2024-12-10T04:02:51.171Z] Error reading actual data: A Modbus Exception Occurred - See Response Body
[2024-12-10T04:02:51.171Z] Error writing to Modbus register: A Modbus Exception Occurred - See Response Body
[2024-12-10T04:02:52.180Z] Error reading or processing Modbus registers: A Modbus Exception Occurred - See Response Body
[2024-12-10T04:02:52.183Z] Error reading register 6507 for IP 10.30.4.128: A Modbus Exception Occurred - See Response Body
[2024-12-10T04:02:52.183Z] Error reading actual data: A Modbus Exception Occurred - See Response Body
[2024-12-10T04:02:52.184Z] Error writing to Modbus register: A Modbus Exception Occurred - See Response Body
[2024-12-10T04:02:53.184Z] Error reading or processing Modbus registers: A Modbus Exception Occurred - See Response Body
[2024-12-10T04:02:53.186Z] Error reading register 6507 for IP 10.30.4.128: A Modbus Exception Occurred - See Response Body
[2024-12-10T04:02:53.187Z] Error reading actual data: A Modbus Exception Occurred - See Response Body
[2024-12-10T04:02:53.187Z] Error writing to Modbus register: A Modbus Exception Occurred - See Response Body
[2024-12-10T04:02:54.197Z] Error reading or processing Modbus registers: A Modbus Exception Occurred - See Response Body
[2024-12-10T04:02:54.199Z] Error reading register 6507 for IP 10.30.4.128: A Modbus Exception Occurred - See Response Body
[2024-12-10T04:02:54.200Z] Error reading actual data: A Modbus Exception Occurred - See Response Body
[2024-12-10T04:02:54.200Z] Error writing to Modbus register: A Modbus Exception Occurred - See Response Body
[2024-12-10T04:02:55.198Z] Error reading or processing Modbus registers: A Modbus Exception Occurred - See Response Body
[2024-12-10T04:02:55.200Z] Error reading register 6507 for IP 10.30.4.128: A Modbus Exception Occurred - See Response Body
[2024-12-10T04:02:55.201Z] Error reading actual data: A Modbus Exception Occurred - See Response Body
[2024-12-10T04:02:55.202Z] Error writing to Modbus register: A Modbus Exception Occurred - See Response Body
[2024-12-10T04:02:56.210Z] Error reading or processing Modbus registers: A Modbus Exception Occurred - See Response Body
[2024-12-10T04:02:56.212Z] Error reading register 6507 for IP 10.30.4.128: A Modbus Exception Occurred - See Response Body
[2024-12-10T04:02:56.212Z] Error reading actual data: A Modbus Exception Occurred - See Response Body
[2024-12-10T04:02:56.213Z] Error writing to Modbus register: A Modbus Exception Occurred - See Response Body
[2024-12-10T04:02:57.212Z] Error reading or processing Modbus registers: A Modbus Exception Occurred - See Response Body
[2024-12-10T04:02:57.214Z] Error reading register 6507 for IP 10.30.4.128: A Modbus Exception Occurred - See Response Body
[2024-12-10T04:02:57.214Z] Error reading actual data: A Modbus Exception Occurred - See Response Body
[2024-12-10T04:02:57.215Z] Error writing to Modbus register: A Modbus Exception Occurred - See Response Body
[2024-12-10T04:02:58.216Z] Error reading or processing Modbus registers: A Modbus Exception Occurred - See Response Body
[2024-12-10T04:02:58.218Z] Error reading register 6507 for IP 10.30.4.128: A Modbus Exception Occurred - See Response Body
[2024-12-10T04:02:58.218Z] Error reading actual data: A Modbus Exception Occurred - See Response Body
[2024-12-10T04:02:58.219Z] Error writing to Modbus register: A Modbus Exception Occurred - See Response Body
[2024-12-10T04:02:59.217Z] Error reading or processing Modbus registers: A Modbus Exception Occurred - See Response Body
[2024-12-10T04:02:59.219Z] Error reading register 6507 for IP 10.30.4.128: A Modbus Exception Occurred - See Response Body
[2024-12-10T04:02:59.219Z] Error reading actual data: A Modbus Exception Occurred - See Response Body
[2024-12-10T04:02:59.220Z] Error writing to Modbus register: A Modbus Exception Occurred - See Response Body
[2024-12-10T04:03:00.231Z] Error reading or processing Modbus registers: A Modbus Exception Occurred - See Response Body
[2024-12-10T04:03:00.233Z] Error reading register 6507 for IP 10.30.4.128: A Modbus Exception Occurred - See Response Body
[2024-12-10T04:03:00.233Z] Error reading actual data: A Modbus Exception Occurred - See Response Body
[2024-12-10T04:03:00.234Z] Error writing to Modbus register: A Modbus Exception Occurred - See Response Body
[2024-12-10T04:03:01.246Z] Error reading or processing Modbus registers: A Modbus Exception Occurred - See Response Body
[2024-12-10T04:03:01.248Z] Error reading register 6507 for IP 10.30.4.128: A Modbus Exception Occurred - See Response Body
[2024-12-10T04:03:01.248Z] Error reading actual data: A Modbus Exception Occurred - See Response Body
[2024-12-10T04:03:01.249Z] Error writing to Modbus register: A Modbus Exception Occurred - See Response Body
[2024-12-10T04:03:02.260Z] Error reading or processing Modbus registers: A Modbus Exception Occurred - See Response Body
[2024-12-10T04:03:02.262Z] Error reading register 6507 for IP 10.30.4.128: A Modbus Exception Occurred - See Response Body
[2024-12-10T04:03:02.262Z] Error reading actual data: A Modbus Exception Occurred - See Response Body
[2024-12-10T04:03:02.263Z] Error writing to Modbus register: A Modbus Exception Occurred - See Response Body
[2024-12-10T04:03:03.260Z] Error reading or processing Modbus registers: A Modbus Exception Occurred - See Response Body
[2024-12-10T04:03:03.263Z] Error reading register 6507 for IP 10.30.4.128: A Modbus Exception Occurred - See Response Body
[2024-12-10T04:03:03.263Z] Error reading actual data: A Modbus Exception Occurred - See Response Body
[2024-12-10T04:03:03.264Z] Error writing to Modbus register: A Modbus Exception Occurred - See Response Body
[2024-12-10T04:03:04.278Z] Error reading or processing Modbus registers: A Modbus Exception Occurred - See Response Body
[2024-12-10T04:03:04.280Z] Error reading register 6507 for IP 10.30.4.128: A Modbus Exception Occurred - See Response Body
[2024-12-10T04:03:04.281Z] Error reading actual data: A Modbus Exception Occurred - See Response Body
[2024-12-10T04:03:04.282Z] Error writing to Modbus register: A Modbus Exception Occurred - See Response Body
[2024-12-10T04:03:05.288Z] Error reading or processing Modbus registers: A Modbus Exception Occurred - See Response Body
[2024-12-10T04:03:05.290Z] Error reading register 6507 for IP 10.30.4.128: A Modbus Exception Occurred - See Response Body
[2024-12-10T04:03:05.291Z] Error reading actual data: A Modbus Exception Occurred - See Response Body
[2024-12-10T04:03:05.291Z] Error writing to Modbus register: A Modbus Exception Occurred - See Response Body
[2024-12-10T04:03:06.303Z] Error reading or processing Modbus registers: A Modbus Exception Occurred - See Response Body
[2024-12-10T04:03:06.305Z] Error reading register 6507 for IP 10.30.4.128: A Modbus Exception Occurred - See Response Body
[2024-12-10T04:03:06.306Z] Error reading actual data: A Modbus Exception Occurred - See Response Body
[2024-12-10T04:03:06.306Z] Error writing to Modbus register: A Modbus Exception Occurred - See Response Body
[2024-12-10T04:03:07.316Z] Error reading or processing Modbus registers: A Modbus Exception Occurred - See Response Body
[2024-12-10T04:03:07.318Z] Error reading register 6507 for IP 10.30.4.128: A Modbus Exception Occurred - See Response Body
[2024-12-10T04:03:07.319Z] Error reading actual data: A Modbus Exception Occurred - See Response Body
[2024-12-10T04:03:07.319Z] Error writing to Modbus register: A Modbus Exception Occurred - See Response Body
[2024-12-10T04:03:08.316Z] Error reading or processing Modbus registers: A Modbus Exception Occurred - See Response Body
[2024-12-10T04:03:08.319Z] Error reading register 6507 for IP 10.30.4.128: A Modbus Exception Occurred - See Response Body
[2024-12-10T04:03:08.319Z] Error reading actual data: A Modbus Exception Occurred - See Response Body
[2024-12-10T04:03:08.320Z] Error writing to Modbus register: A Modbus Exception Occurred - See Response Body
[2024-12-10T04:03:09.320Z] Error reading or processing Modbus registers: A Modbus Exception Occurred - See Response Body
[2024-12-10T04:03:09.322Z] Error reading register 6507 for IP 10.30.4.128: A Modbus Exception Occurred - See Response Body
[2024-12-10T04:03:09.322Z] Error reading actual data: A Modbus Exception Occurred - See Response Body
[2024-12-10T04:03:09.323Z] Error writing to Modbus register: A Modbus Exception Occurred - See Response Body
[2024-12-10T04:03:10.319Z] Error reading or processing Modbus registers: A Modbus Exception Occurred - See Response Body
[2024-12-10T04:03:10.322Z] Error reading register 6507 for IP 10.30.4.128: A Modbus Exception Occurred - See Response Body
[2024-12-10T04:03:10.322Z] Error reading actual data: A Modbus Exception Occurred - See Response Body
[2024-12-10T04:03:10.323Z] Error writing to Modbus register: A Modbus Exception Occurred - See Response Body
[2024-12-10T04:03:11.323Z] Error reading or processing Modbus registers: A Modbus Exception Occurred - See Response Body
[2024-12-10T04:03:11.325Z] Error reading register 6507 for IP 10.30.4.128: A Modbus Exception Occurred - See Response Body
[2024-12-10T04:03:11.326Z] Error reading actual data: A Modbus Exception Occurred - See Response Body
[2024-12-10T04:03:11.327Z] Error writing to Modbus register: A Modbus Exception Occurred - See Response Body
[2024-12-10T04:03:12.323Z] Error reading or processing Modbus registers: A Modbus Exception Occurred - See Response Body
[2024-12-10T04:03:12.325Z] Error reading register 6507 for IP 10.30.4.128: A Modbus Exception Occurred - See Response Body
[2024-12-10T04:03:12.326Z] Error reading actual data: A Modbus Exception Occurred - See Response Body
[2024-12-10T04:03:12.327Z] Error writing to Modbus register: A Modbus Exception Occurred - See Response Body
[2024-12-10T04:03:13.335Z] Error reading or processing Modbus registers: A Modbus Exception Occurred - See Response Body
[2024-12-10T04:03:13.337Z] Error reading register 6507 for IP 10.30.4.128: A Modbus Exception Occurred - See Response Body
[2024-12-10T04:03:13.338Z] Error reading actual data: A Modbus Exception Occurred - See Response Body
[2024-12-10T04:03:13.339Z] Error writing to Modbus register: A Modbus Exception Occurred - See Response Body
[2024-12-10T04:03:14.350Z] Error reading or processing Modbus registers: A Modbus Exception Occurred - See Response Body
[2024-12-10T04:03:14.352Z] Error reading register 6507 for IP 10.30.4.128: A Modbus Exception Occurred - See Response Body
[2024-12-10T04:03:14.353Z] Error reading actual data: A Modbus Exception Occurred - See Response Body
[2024-12-10T04:03:14.353Z] Error writing to Modbus register: A Modbus Exception Occurred - See Response Body
[2024-12-10T04:03:15.365Z] Error reading or processing Modbus registers: A Modbus Exception Occurred - See Response Body
[2024-12-10T04:03:15.367Z] Error reading register 6507 for IP 10.30.4.128: A Modbus Exception Occurred - See Response Body
[2024-12-10T04:03:15.367Z] Error reading actual data: A Modbus Exception Occurred - See Response Body
[2024-12-10T04:03:15.368Z] Error writing to Modbus register: A Modbus Exception Occurred - See Response Body
[2024-12-10T04:03:16.379Z] Error reading or processing Modbus registers: A Modbus Exception Occurred - See Response Body
[2024-12-10T04:03:16.382Z] Error reading register 6507 for IP 10.30.4.128: A Modbus Exception Occurred - See Response Body
[2024-12-10T04:03:16.382Z] Error reading actual data: A Modbus Exception Occurred - See Response Body
[2024-12-10T04:03:16.383Z] Error writing to Modbus register: A Modbus Exception Occurred - See Response Body
[2024-12-10T04:03:17.392Z] Error reading or processing Modbus registers: A Modbus Exception Occurred - See Response Body
[2024-12-10T04:03:17.394Z] Error reading register 6507 for IP 10.30.4.128: A Modbus Exception Occurred - See Response Body
[2024-12-10T04:03:17.395Z] Error reading actual data: A Modbus Exception Occurred - See Response Body
[2024-12-10T04:03:17.395Z] Error writing to Modbus register: A Modbus Exception Occurred - See Response Body
[2024-12-10T04:03:18.405Z] Error reading or processing Modbus registers: A Modbus Exception Occurred - See Response Body
[2024-12-10T04:03:18.407Z] Error reading register 6507 for IP 10.30.4.128: A Modbus Exception Occurred - See Response Body
[2024-12-10T04:03:18.407Z] Error reading actual data: A Modbus Exception Occurred - See Response Body
[2024-12-10T04:03:18.408Z] Error writing to Modbus register: A Modbus Exception Occurred - See Response Body
[2024-12-10T04:03:19.406Z] Error reading or processing Modbus registers: A Modbus Exception Occurred - See Response Body
[2024-12-10T04:03:19.408Z] Error reading register 6507 for IP 10.30.4.128: A Modbus Exception Occurred - See Response Body
[2024-12-10T04:03:19.408Z] Error reading actual data: A Modbus Exception Occurred - See Response Body
[2024-12-10T04:03:19.409Z] Error writing to Modbus register: A Modbus Exception Occurred - See Response Body
[2024-12-10T04:03:20.407Z] Error reading or processing Modbus registers: A Modbus Exception Occurred - See Response Body
[2024-12-10T04:03:20.408Z] Error reading register 6507 for IP 10.30.4.128: A Modbus Exception Occurred - See Response Body
[2024-12-10T04:03:20.409Z] Error reading actual data: A Modbus Exception Occurred - See Response Body
[2024-12-10T04:03:20.409Z] Error writing to Modbus register: A Modbus Exception Occurred - See Response Body
[2024-12-10T04:03:21.421Z] Error reading or processing Modbus registers: A Modbus Exception Occurred - See Response Body
[2024-12-10T04:03:21.422Z] Error reading register 6507 for IP 10.30.4.128: A Modbus Exception Occurred - See Response Body
[2024-12-10T04:03:21.423Z] Error reading actual data: A Modbus Exception Occurred - See Response Body
[2024-12-10T04:03:21.423Z] Error writing to Modbus register: A Modbus Exception Occurred - See Response Body
[2024-12-10T04:03:22.422Z] Error reading or processing Modbus registers: A Modbus Exception Occurred - See Response Body
[2024-12-10T04:03:22.424Z] Error reading register 6507 for IP 10.30.4.128: A Modbus Exception Occurred - See Response Body
[2024-12-10T04:03:22.424Z] Error reading actual data: A Modbus Exception Occurred - See Response Body
[2024-12-10T04:03:22.425Z] Error writing to Modbus register: A Modbus Exception Occurred - See Response Body
[2024-12-10T04:03:23.426Z] Error reading or processing Modbus registers: A Modbus Exception Occurred - See Response Body
[2024-12-10T04:03:23.428Z] Error reading register 6507 for IP 10.30.4.128: A Modbus Exception Occurred - See Response Body
[2024-12-10T04:03:23.429Z] Error reading actual data: A Modbus Exception Occurred - See Response Body
[2024-12-10T04:03:23.429Z] Error writing to Modbus register: A Modbus Exception Occurred - See Response Body
[2024-12-10T04:03:24.440Z] Error reading or processing Modbus registers: A Modbus Exception Occurred - See Response Body
[2024-12-10T04:03:24.444Z] Error reading register 6507 for IP 10.30.4.128: A Modbus Exception Occurred - See Response Body
[2024-12-10T04:03:24.445Z] Error reading actual data: A Modbus Exception Occurred - See Response Body
[2024-12-10T04:03:24.446Z] Error writing to Modbus register: A Modbus Exception Occurred - See Response Body
[2024-12-10T04:03:25.441Z] Error reading or processing Modbus registers: A Modbus Exception Occurred - See Response Body
[2024-12-10T04:03:25.443Z] Error reading register 6507 for IP 10.30.4.128: A Modbus Exception Occurred - See Response Body
[2024-12-10T04:03:25.443Z] Error reading actual data: A Modbus Exception Occurred - See Response Body
[2024-12-10T04:03:25.444Z] Error writing to Modbus register: A Modbus Exception Occurred - See Response Body
[2024-12-10T04:03:26.441Z] Error reading or processing Modbus registers: A Modbus Exception Occurred - See Response Body
[2024-12-10T04:03:26.443Z] Error reading register 6507 for IP 10.30.4.128: A Modbus Exception Occurred - See Response Body
[2024-12-10T04:03:26.444Z] Error reading actual data: A Modbus Exception Occurred - See Response Body
[2024-12-10T04:03:26.444Z] Error writing to Modbus register: A Modbus Exception Occurred - See Response Body
[2024-12-10T04:03:27.456Z] Error reading or processing Modbus registers: A Modbus Exception Occurred - See Response Body
[2024-12-10T04:03:27.458Z] Error reading register 6507 for IP 10.30.4.128: A Modbus Exception Occurred - See Response Body
[2024-12-10T04:03:27.459Z] Error reading actual data: A Modbus Exception Occurred - See Response Body
[2024-12-10T04:03:27.460Z] Error writing to Modbus register: A Modbus Exception Occurred - See Response Body
[2024-12-10T04:03:28.460Z] Error reading or processing Modbus registers: A Modbus Exception Occurred - See Response Body
[2024-12-10T04:03:28.462Z] Error reading register 6507 for IP 10.30.4.128: A Modbus Exception Occurred - See Response Body
[2024-12-10T04:03:28.463Z] Error reading actual data: A Modbus Exception Occurred - See Response Body
[2024-12-10T04:03:28.463Z] Error writing to Modbus register: A Modbus Exception Occurred - See Response Body
[2024-12-10T04:03:29.465Z] Error reading or processing Modbus registers: A Modbus Exception Occurred - See Response Body
[2024-12-10T04:03:29.467Z] Error reading register 6507 for IP 10.30.4.128: A Modbus Exception Occurred - See Response Body
[2024-12-10T04:03:29.467Z] Error reading actual data: A Modbus Exception Occurred - See Response Body
[2024-12-10T04:03:29.468Z] Error writing to Modbus register: A Modbus Exception Occurred - See Response Body
[2024-12-10T04:03:30.465Z] Error reading or processing Modbus registers: A Modbus Exception Occurred - See Response Body
[2024-12-10T04:03:30.467Z] Error reading register 6507 for IP 10.30.4.128: A Modbus Exception Occurred - See Response Body
[2024-12-10T04:03:30.468Z] Error reading actual data: A Modbus Exception Occurred - See Response Body
[2024-12-10T04:03:30.468Z] Error writing to Modbus register: A Modbus Exception Occurred - See Response Body
[2024-12-10T04:03:31.467Z] Error reading or processing Modbus registers: A Modbus Exception Occurred - See Response Body
[2024-12-10T04:03:31.469Z] Error reading register 6507 for IP 10.30.4.128: A Modbus Exception Occurred - See Response Body
[2024-12-10T04:03:31.470Z] Error reading actual data: A Modbus Exception Occurred - See Response Body
[2024-12-10T04:03:31.470Z] Error writing to Modbus register: A Modbus Exception Occurred - See Response Body
[2024-12-10T04:03:32.481Z] Error reading or processing Modbus registers: A Modbus Exception Occurred - See Response Body
[2024-12-10T04:03:32.482Z] Error reading register 6507 for IP 10.30.4.128: A Modbus Exception Occurred - See Response Body
[2024-12-10T04:03:32.483Z] Error reading actual data: A Modbus Exception Occurred - See Response Body
[2024-12-10T04:03:32.484Z] Error writing to Modbus register: A Modbus Exception Occurred - See Response Body
[2024-12-10T04:03:33.486Z] Error reading actual data: A Modbus Exception Occurred - See Response Body
[2024-12-10T04:03:33.485Z] Error reading register 6507 for IP 10.30.4.128: A Modbus Exception Occurred - See Response Body
[2024-12-10T04:03:33.483Z] Error reading or processing Modbus registers: A Modbus Exception Occurred - See Response Body
[2024-12-10T04:03:33.487Z] Error writing to Modbus register: A Modbus Exception Occurred - See Response Body
[2024-12-10T04:03:34.485Z] Error reading or processing Modbus registers: A Modbus Exception Occurred - See Response Body
[2024-12-10T04:03:34.487Z] Error reading register 6507 for IP 10.30.4.128: A Modbus Exception Occurred - See Response Body
[2024-12-10T04:03:34.488Z] Error reading actual data: A Modbus Exception Occurred - See Response Body
[2024-12-10T04:03:34.488Z] Error writing to Modbus register: A Modbus Exception Occurred - See Response Body
[2024-12-10T04:03:35.486Z] Error reading or processing Modbus registers: A Modbus Exception Occurred - See Response Body
[2024-12-10T04:03:35.489Z] Error reading register 6507 for IP 10.30.4.128: A Modbus Exception Occurred - See Response Body
[2024-12-10T04:03:35.489Z] Error reading actual data: A Modbus Exception Occurred - See Response Body
[2024-12-10T04:03:35.490Z] Error writing to Modbus register: A Modbus Exception Occurred - See Response Body
[2024-12-10T04:03:36.489Z] Error reading or processing Modbus registers: A Modbus Exception Occurred - See Response Body
[2024-12-10T04:03:36.491Z] Error reading register 6507 for IP 10.30.4.128: A Modbus Exception Occurred - See Response Body
[2024-12-10T04:03:36.492Z] Error reading actual data: A Modbus Exception Occurred - See Response Body
[2024-12-10T04:03:36.492Z] Error writing to Modbus register: A Modbus Exception Occurred - See Response Body
[2024-12-10T04:03:37.502Z] Error reading or processing Modbus registers: A Modbus Exception Occurred - See Response Body
[2024-12-10T04:03:37.505Z] Error reading register 6507 for IP 10.30.4.128: A Modbus Exception Occurred - See Response Body
[2024-12-10T04:03:37.505Z] Error reading actual data: A Modbus Exception Occurred - See Response Body
[2024-12-10T04:03:37.506Z] Error writing to Modbus register: A Modbus Exception Occurred - See Response Body
[2024-12-10T04:03:38.503Z] Error reading or processing Modbus registers: A Modbus Exception Occurred - See Response Body
[2024-12-10T04:03:38.506Z] Error reading register 6507 for IP 10.30.4.128: A Modbus Exception Occurred - See Response Body
[2024-12-10T04:03:38.507Z] Error reading actual data: A Modbus Exception Occurred - See Response Body
[2024-12-10T04:03:38.507Z] Error writing to Modbus register: A Modbus Exception Occurred - See Response Body
[2024-12-10T04:03:39.516Z] Error reading or processing Modbus registers: A Modbus Exception Occurred - See Response Body
[2024-12-10T04:03:39.519Z] Error reading register 6507 for IP 10.30.4.128: A Modbus Exception Occurred - See Response Body
[2024-12-10T04:03:39.519Z] Error reading actual data: A Modbus Exception Occurred - See Response Body
[2024-12-10T04:03:39.520Z] Error writing to Modbus register: A Modbus Exception Occurred - See Response Body
[2024-12-10T04:03:40.530Z] Error reading or processing Modbus registers: A Modbus Exception Occurred - See Response Body
[2024-12-10T04:03:40.533Z] Error reading register 6507 for IP 10.30.4.128: A Modbus Exception Occurred - See Response Body
[2024-12-10T04:03:40.534Z] Error reading actual data: A Modbus Exception Occurred - See Response Body
[2024-12-10T04:03:40.534Z] Error writing to Modbus register: A Modbus Exception Occurred - See Response Body
[2024-12-10T04:03:41.532Z] Error reading or processing Modbus registers: A Modbus Exception Occurred - See Response Body
[2024-12-10T04:03:41.534Z] Error reading register 6507 for IP 10.30.4.128: A Modbus Exception Occurred - See Response Body
[2024-12-10T04:03:41.535Z] Error reading actual data: A Modbus Exception Occurred - See Response Body
[2024-12-10T04:03:41.536Z] Error writing to Modbus register: A Modbus Exception Occurred - See Response Body
[2024-12-10T04:03:42.547Z] Error reading or processing Modbus registers: A Modbus Exception Occurred - See Response Body
[2024-12-10T04:03:42.550Z] Error reading register 6507 for IP 10.30.4.128: A Modbus Exception Occurred - See Response Body
[2024-12-10T04:03:42.551Z] Error reading actual data: A Modbus Exception Occurred - See Response Body
[2024-12-10T04:03:42.551Z] Error writing to Modbus register: A Modbus Exception Occurred - See Response Body
[2024-12-10T04:03:43.552Z] Error reading or processing Modbus registers: A Modbus Exception Occurred - See Response Body
[2024-12-10T04:03:43.554Z] Error reading register 6507 for IP 10.30.4.128: A Modbus Exception Occurred - See Response Body
[2024-12-10T04:03:43.555Z] Error reading actual data: A Modbus Exception Occurred - See Response Body
[2024-12-10T04:03:43.556Z] Error writing to Modbus register: A Modbus Exception Occurred - See Response Body
[2024-12-10T04:03:44.553Z] Error reading or processing Modbus registers: A Modbus Exception Occurred - See Response Body
[2024-12-10T04:03:44.555Z] Error reading register 6507 for IP 10.30.4.128: A Modbus Exception Occurred - See Response Body
[2024-12-10T04:03:44.556Z] Error reading actual data: A Modbus Exception Occurred - See Response Body
[2024-12-10T04:03:44.557Z] Error writing to Modbus register: A Modbus Exception Occurred - See Response Body
[2024-12-10T04:03:45.567Z] Error reading or processing Modbus registers: A Modbus Exception Occurred - See Response Body
[2024-12-10T04:03:45.570Z] Error reading register 6507 for IP 10.30.4.128: A Modbus Exception Occurred - See Response Body
[2024-12-10T04:03:45.570Z] Error reading actual data: A Modbus Exception Occurred - See Response Body
[2024-12-10T04:03:45.571Z] Error writing to Modbus register: A Modbus Exception Occurred - See Response Body
[2024-12-10T04:03:46.582Z] Error reading or processing Modbus registers: A Modbus Exception Occurred - See Response Body
[2024-12-10T04:03:46.584Z] Error reading register 6507 for IP 10.30.4.128: A Modbus Exception Occurred - See Response Body
[2024-12-10T04:03:46.585Z] Error reading actual data: A Modbus Exception Occurred - See Response Body
[2024-12-10T04:03:46.585Z] Error writing to Modbus register: A Modbus Exception Occurred - See Response Body
[2024-12-10T04:03:47.583Z] Error reading or processing Modbus registers: A Modbus Exception Occurred - See Response Body
[2024-12-10T04:03:47.585Z] Error reading register 6507 for IP 10.30.4.128: A Modbus Exception Occurred - See Response Body
[2024-12-10T04:03:47.585Z] Error reading actual data: A Modbus Exception Occurred - See Response Body
[2024-12-10T04:03:47.586Z] Error writing to Modbus register: A Modbus Exception Occurred - See Response Body
[2024-12-10T04:03:48.595Z] Error reading or processing Modbus registers: A Modbus Exception Occurred - See Response Body
[2024-12-10T04:03:48.597Z] Error reading register 6507 for IP 10.30.4.128: A Modbus Exception Occurred - See Response Body
[2024-12-10T04:03:48.598Z] Error reading actual data: A Modbus Exception Occurred - See Response Body
[2024-12-10T04:03:48.598Z] Error writing to Modbus register: A Modbus Exception Occurred - See Response Body
[2024-12-10T04:03:49.597Z] Error reading or processing Modbus registers: A Modbus Exception Occurred - See Response Body
[2024-12-10T04:03:49.599Z] Error reading register 6507 for IP 10.30.4.128: A Modbus Exception Occurred - See Response Body
[2024-12-10T04:03:49.599Z] Error reading actual data: A Modbus Exception Occurred - See Response Body
[2024-12-10T04:03:49.600Z] Error writing to Modbus register: A Modbus Exception Occurred - See Response Body
[2024-12-10T04:03:50.598Z] Error reading or processing Modbus registers: A Modbus Exception Occurred - See Response Body
[2024-12-10T04:03:50.600Z] Error reading register 6507 for IP 10.30.4.128: A Modbus Exception Occurred - See Response Body
[2024-12-10T04:03:50.601Z] Error reading actual data: A Modbus Exception Occurred - See Response Body
[2024-12-10T04:03:50.601Z] Error writing to Modbus register: A Modbus Exception Occurred - See Response Body
[2024-12-10T04:03:51.600Z] Error reading or processing Modbus registers: A Modbus Exception Occurred - See Response Body
[2024-12-10T04:03:51.602Z] Error reading register 6507 for IP 10.30.4.128: A Modbus Exception Occurred - See Response Body
[2024-12-10T04:03:51.603Z] Error reading actual data: A Modbus Exception Occurred - See Response Body
[2024-12-10T04:03:51.603Z] Error writing to Modbus register: A Modbus Exception Occurred - See Response Body
[2024-12-10T04:03:52.601Z] Error reading or processing Modbus registers: A Modbus Exception Occurred - See Response Body
[2024-12-10T04:03:52.604Z] Error reading register 6507 for IP 10.30.4.128: A Modbus Exception Occurred - See Response Body
[2024-12-10T04:03:52.604Z] Error reading actual data: A Modbus Exception Occurred - See Response Body
[2024-12-10T04:03:52.605Z] Error writing to Modbus register: A Modbus Exception Occurred - See Response Body
[2024-12-10T04:03:53.615Z] Error reading or processing Modbus registers: A Modbus Exception Occurred - See Response Body
[2024-12-10T04:03:53.618Z] Error reading register 6507 for IP 10.30.4.128: A Modbus Exception Occurred - See Response Body
[2024-12-10T04:03:53.618Z] Error reading actual data: A Modbus Exception Occurred - See Response Body
[2024-12-10T04:03:53.619Z] Error writing to Modbus register: A Modbus Exception Occurred - See Response Body
[2024-12-10T04:03:54.618Z] Error reading or processing Modbus registers: A Modbus Exception Occurred - See Response Body
[2024-12-10T04:03:54.620Z] Error reading register 6507 for IP 10.30.4.128: A Modbus Exception Occurred - See Response Body
[2024-12-10T04:03:54.620Z] Error reading actual data: A Modbus Exception Occurred - See Response Body
[2024-12-10T04:03:54.621Z] Error writing to Modbus register: A Modbus Exception Occurred - See Response Body
[2024-12-10T04:03:55.621Z] Error reading or processing Modbus registers: A Modbus Exception Occurred - See Response Body
[2024-12-10T04:03:55.624Z] Error reading register 6507 for IP 10.30.4.128: A Modbus Exception Occurred - See Response Body
[2024-12-10T04:03:55.624Z] Error reading actual data: A Modbus Exception Occurred - See Response Body
[2024-12-10T04:03:55.625Z] Error writing to Modbus register: A Modbus Exception Occurred - See Response Body
[2024-12-10T04:03:56.623Z] Error reading or processing Modbus registers: A Modbus Exception Occurred - See Response Body
[2024-12-10T04:03:56.625Z] Error reading register 6507 for IP 10.30.4.128: A Modbus Exception Occurred - See Response Body
[2024-12-10T04:03:56.626Z] Error reading actual data: A Modbus Exception Occurred - See Response Body
[2024-12-10T04:03:56.626Z] Error writing to Modbus register: A Modbus Exception Occurred - See Response Body
[2024-12-10T04:03:57.623Z] Error reading or processing Modbus registers: A Modbus Exception Occurred - See Response Body
[2024-12-10T04:03:57.625Z] Error reading register 6507 for IP 10.30.4.128: A Modbus Exception Occurred - See Response Body
[2024-12-10T04:03:57.626Z] Error reading actual data: A Modbus Exception Occurred - See Response Body
[2024-12-10T04:03:57.626Z] Error writing to Modbus register: A Modbus Exception Occurred - See Response Body
[2024-12-10T04:03:58.638Z] Error reading or processing Modbus registers: A Modbus Exception Occurred - See Response Body
[2024-12-10T04:03:58.640Z] Error reading register 6507 for IP 10.30.4.128: A Modbus Exception Occurred - See Response Body
[2024-12-10T04:03:58.641Z] Error reading actual data: A Modbus Exception Occurred - See Response Body
[2024-12-10T04:03:58.641Z] Error writing to Modbus register: A Modbus Exception Occurred - See Response Body
[2024-12-10T04:03:59.641Z] Error reading or processing Modbus registers: A Modbus Exception Occurred - See Response Body
[2024-12-10T04:03:59.643Z] Error reading register 6507 for IP 10.30.4.128: A Modbus Exception Occurred - See Response Body
[2024-12-10T04:03:59.644Z] Error reading actual data: A Modbus Exception Occurred - See Response Body
[2024-12-10T04:03:59.645Z] Error writing to Modbus register: A Modbus Exception Occurred - See Response Body
[2024-12-10T04:04:00.642Z] Error reading or processing Modbus registers: A Modbus Exception Occurred - See Response Body
[2024-12-10T04:04:00.644Z] Error reading register 6507 for IP 10.30.4.128: A Modbus Exception Occurred - See Response Body
[2024-12-10T04:04:00.645Z] Error reading actual data: A Modbus Exception Occurred - See Response Body
[2024-12-10T04:04:00.646Z] Error writing to Modbus register: A Modbus Exception Occurred - See Response Body
[2024-12-10T04:04:01.657Z] Error reading or processing Modbus registers: A Modbus Exception Occurred - See Response Body
[2024-12-10T04:04:01.658Z] Error reading register 6507 for IP 10.30.4.128: A Modbus Exception Occurred - See Response Body
[2024-12-10T04:04:01.659Z] Error reading actual data: A Modbus Exception Occurred - See Response Body
[2024-12-10T04:04:01.659Z] Error writing to Modbus register: A Modbus Exception Occurred - See Response Body
[2024-12-10T04:04:02.670Z] Error reading or processing Modbus registers: A Modbus Exception Occurred - See Response Body
[2024-12-10T04:04:02.672Z] Error reading register 6507 for IP 10.30.4.128: A Modbus Exception Occurred - See Response Body
[2024-12-10T04:04:02.672Z] Error reading actual data: A Modbus Exception Occurred - See Response Body
[2024-12-10T04:04:02.673Z] Error writing to Modbus register: A Modbus Exception Occurred - See Response Body
[2024-12-10T04:04:03.671Z] Error reading or processing Modbus registers: A Modbus Exception Occurred - See Response Body
[2024-12-10T04:04:03.673Z] Error reading register 6507 for IP 10.30.4.128: A Modbus Exception Occurred - See Response Body
[2024-12-10T04:04:03.674Z] Error reading actual data: A Modbus Exception Occurred - See Response Body
[2024-12-10T04:04:03.674Z] Error writing to Modbus register: A Modbus Exception Occurred - See Response Body
[2024-12-10T04:04:04.684Z] Error reading or processing Modbus registers: A Modbus Exception Occurred - See Response Body
[2024-12-10T04:04:04.686Z] Error reading register 6507 for IP 10.30.4.128: A Modbus Exception Occurred - See Response Body
[2024-12-10T04:04:04.687Z] Error reading actual data: A Modbus Exception Occurred - See Response Body
[2024-12-10T04:04:04.688Z] Error writing to Modbus register: A Modbus Exception Occurred - See Response Body
[2024-12-10T04:04:05.699Z] Error reading or processing Modbus registers: A Modbus Exception Occurred - See Response Body
[2024-12-10T04:04:05.702Z] Error reading register 6507 for IP 10.30.4.128: A Modbus Exception Occurred - See Response Body
[2024-12-10T04:04:05.703Z] Error reading actual data: A Modbus Exception Occurred - See Response Body
[2024-12-10T04:04:05.704Z] Error writing to Modbus register: A Modbus Exception Occurred - See Response Body
[2024-12-10T04:04:06.713Z] Error reading or processing Modbus registers: A Modbus Exception Occurred - See Response Body
[2024-12-10T04:04:06.715Z] Error reading register 6507 for IP 10.30.4.128: A Modbus Exception Occurred - See Response Body
[2024-12-10T04:04:06.716Z] Error reading actual data: A Modbus Exception Occurred - See Response Body
[2024-12-10T04:04:06.717Z] Error writing to Modbus register: A Modbus Exception Occurred - See Response Body
[2024-12-10T04:04:07.728Z] Error reading or processing Modbus registers: A Modbus Exception Occurred - See Response Body
[2024-12-10T04:04:07.730Z] Error reading register 6507 for IP 10.30.4.128: A Modbus Exception Occurred - See Response Body
[2024-12-10T04:04:07.730Z] Error reading actual data: A Modbus Exception Occurred - See Response Body
[2024-12-10T04:04:07.731Z] Error writing to Modbus register: A Modbus Exception Occurred - See Response Body
[2024-12-10T04:04:08.741Z] Error reading or processing Modbus registers: A Modbus Exception Occurred - See Response Body
[2024-12-10T04:04:08.743Z] Error reading register 6507 for IP 10.30.4.128: A Modbus Exception Occurred - See Response Body
[2024-12-10T04:04:08.744Z] Error reading actual data: A Modbus Exception Occurred - See Response Body
[2024-12-10T04:04:08.745Z] Error writing to Modbus register: A Modbus Exception Occurred - See Response Body
[2024-12-10T04:04:09.755Z] Error reading or processing Modbus registers: A Modbus Exception Occurred - See Response Body
[2024-12-10T04:04:09.757Z] Error reading register 6507 for IP 10.30.4.128: A Modbus Exception Occurred - See Response Body
[2024-12-10T04:04:09.757Z] Error reading actual data: A Modbus Exception Occurred - See Response Body
[2024-12-10T04:04:09.758Z] Error writing to Modbus register: A Modbus Exception Occurred - See Response Body
[2024-12-10T04:04:10.755Z] Error reading or processing Modbus registers: A Modbus Exception Occurred - See Response Body
[2024-12-10T04:04:10.757Z] Error reading register 6507 for IP 10.30.4.128: A Modbus Exception Occurred - See Response Body
[2024-12-10T04:04:10.758Z] Error reading actual data: A Modbus Exception Occurred - See Response Body
[2024-12-10T04:04:10.758Z] Error writing to Modbus register: A Modbus Exception Occurred - See Response Body
[2024-12-10T04:04:11.756Z] Error reading or processing Modbus registers: A Modbus Exception Occurred - See Response Body
[2024-12-10T04:04:11.759Z] Error reading register 6507 for IP 10.30.4.128: A Modbus Exception Occurred - See Response Body
[2024-12-10T04:04:11.759Z] Error reading actual data: A Modbus Exception Occurred - See Response Body
[2024-12-10T04:04:11.760Z] Error writing to Modbus register: A Modbus Exception Occurred - See Response Body
[2024-12-10T04:04:12.759Z] Error reading or processing Modbus registers: A Modbus Exception Occurred - See Response Body
[2024-12-10T04:04:12.762Z] Error reading register 6507 for IP 10.30.4.128: A Modbus Exception Occurred - See Response Body
[2024-12-10T04:04:12.762Z] Error reading actual data: A Modbus Exception Occurred - See Response Body
[2024-12-10T04:04:12.763Z] Error writing to Modbus register: A Modbus Exception Occurred - See Response Body
[2024-12-10T04:04:13.761Z] Error reading or processing Modbus registers: A Modbus Exception Occurred - See Response Body
[2024-12-10T04:04:13.763Z] Error reading register 6507 for IP 10.30.4.128: A Modbus Exception Occurred - See Response Body
[2024-12-10T04:04:13.764Z] Error reading actual data: A Modbus Exception Occurred - See Response Body
[2024-12-10T04:04:13.764Z] Error writing to Modbus register: A Modbus Exception Occurred - See Response Body
[2024-12-10T04:04:14.763Z] Error reading or processing Modbus registers: A Modbus Exception Occurred - See Response Body
[2024-12-10T04:04:14.766Z] Error reading register 6507 for IP 10.30.4.128: A Modbus Exception Occurred - See Response Body
[2024-12-10T04:04:14.767Z] Error reading actual data: A Modbus Exception Occurred - See Response Body
[2024-12-10T04:04:14.767Z] Error writing to Modbus register: A Modbus Exception Occurred - See Response Body
[2024-12-10T04:04:15.766Z] Error reading or processing Modbus registers: A Modbus Exception Occurred - See Response Body
[2024-12-10T04:04:15.768Z] Error reading register 6507 for IP 10.30.4.128: A Modbus Exception Occurred - See Response Body
[2024-12-10T04:04:15.769Z] Error reading actual data: A Modbus Exception Occurred - See Response Body
[2024-12-10T04:04:15.769Z] Error writing to Modbus register: A Modbus Exception Occurred - See Response Body
[2024-12-10T04:04:16.781Z] Error reading or processing Modbus registers: A Modbus Exception Occurred - See Response Body
[2024-12-10T04:04:16.783Z] Error reading register 6507 for IP 10.30.4.128: A Modbus Exception Occurred - See Response Body
[2024-12-10T04:04:16.784Z] Error reading actual data: A Modbus Exception Occurred - See Response Body
[2024-12-10T04:04:16.785Z] Error writing to Modbus register: A Modbus Exception Occurred - See Response Body
[2024-12-10T04:04:17.783Z] Error reading or processing Modbus registers: A Modbus Exception Occurred - See Response Body
[2024-12-10T04:04:17.785Z] Error reading register 6507 for IP 10.30.4.128: A Modbus Exception Occurred - See Response Body
[2024-12-10T04:04:17.786Z] Error reading actual data: A Modbus Exception Occurred - See Response Body
[2024-12-10T04:04:17.787Z] Error writing to Modbus register: A Modbus Exception Occurred - See Response Body
[2024-12-10T04:04:18.793Z] Error reading or processing Modbus registers: A Modbus Exception Occurred - See Response Body
[2024-12-10T04:04:18.798Z] Error reading register 6507 for IP 10.30.4.128: A Modbus Exception Occurred - See Response Body
[2024-12-10T04:04:18.799Z] Error reading actual data: A Modbus Exception Occurred - See Response Body
[2024-12-10T04:04:18.799Z] Error writing to Modbus register: A Modbus Exception Occurred - See Response Body
[2024-12-10T04:04:19.794Z] Error reading or processing Modbus registers: A Modbus Exception Occurred - See Response Body
[2024-12-10T04:04:19.796Z] Error reading register 6507 for IP 10.30.4.128: A Modbus Exception Occurred - See Response Body
[2024-12-10T04:04:19.797Z] Error reading actual data: A Modbus Exception Occurred - See Response Body
[2024-12-10T04:04:19.798Z] Error writing to Modbus register: A Modbus Exception Occurred - See Response Body
[2024-12-10T04:04:20.797Z] Error reading or processing Modbus registers: A Modbus Exception Occurred - See Response Body
[2024-12-10T04:04:20.800Z] Error reading register 6507 for IP 10.30.4.128: A Modbus Exception Occurred - See Response Body
[2024-12-10T04:04:20.800Z] Error reading actual data: A Modbus Exception Occurred - See Response Body
[2024-12-10T04:04:20.801Z] Error writing to Modbus register: A Modbus Exception Occurred - See Response Body
[2024-12-10T04:04:21.809Z] Error reading or processing Modbus registers: A Modbus Exception Occurred - See Response Body
[2024-12-10T04:04:21.811Z] Error reading register 6507 for IP 10.30.4.128: A Modbus Exception Occurred - See Response Body
[2024-12-10T04:04:21.811Z] Error reading actual data: A Modbus Exception Occurred - See Response Body
[2024-12-10T04:04:21.812Z] Error writing to Modbus register: A Modbus Exception Occurred - See Response Body
[2024-12-10T04:04:22.824Z] Error reading or processing Modbus registers: A Modbus Exception Occurred - See Response Body
[2024-12-10T04:04:22.826Z] Error reading register 6507 for IP 10.30.4.128: A Modbus Exception Occurred - See Response Body
[2024-12-10T04:04:22.827Z] Error reading actual data: A Modbus Exception Occurred - See Response Body
[2024-12-10T04:04:22.827Z] Error writing to Modbus register: A Modbus Exception Occurred - See Response Body
[2024-12-10T04:04:23.839Z] Error reading or processing Modbus registers: A Modbus Exception Occurred - See Response Body
[2024-12-10T04:04:23.841Z] Error reading register 6507 for IP 10.30.4.128: A Modbus Exception Occurred - See Response Body
[2024-12-10T04:04:23.842Z] Error reading actual data: A Modbus Exception Occurred - See Response Body
[2024-12-10T04:04:23.842Z] Error writing to Modbus register: A Modbus Exception Occurred - See Response Body
[2024-12-10T04:04:24.840Z] Error reading or processing Modbus registers: A Modbus Exception Occurred - See Response Body
[2024-12-10T04:04:24.843Z] Error reading register 6507 for IP 10.30.4.128: A Modbus Exception Occurred - See Response Body
[2024-12-10T04:04:24.843Z] Error reading actual data: A Modbus Exception Occurred - See Response Body
[2024-12-10T04:04:24.844Z] Error writing to Modbus register: A Modbus Exception Occurred - See Response Body
[2024-12-10T04:04:25.842Z] Error reading or processing Modbus registers: A Modbus Exception Occurred - See Response Body
[2024-12-10T04:04:25.843Z] Error reading register 6507 for IP 10.30.4.128: A Modbus Exception Occurred - See Response Body
[2024-12-10T04:04:25.844Z] Error reading actual data: A Modbus Exception Occurred - See Response Body
[2024-12-10T04:04:25.845Z] Error writing to Modbus register: A Modbus Exception Occurred - See Response Body
[2024-12-10T04:04:26.843Z] Error reading or processing Modbus registers: A Modbus Exception Occurred - See Response Body
[2024-12-10T04:04:26.846Z] Error reading register 6507 for IP 10.30.4.128: A Modbus Exception Occurred - See Response Body
[2024-12-10T04:04:26.846Z] Error reading actual data: A Modbus Exception Occurred - See Response Body
[2024-12-10T04:04:26.847Z] Error writing to Modbus register: A Modbus Exception Occurred - See Response Body
[2024-12-10T04:04:27.857Z] Error reading or processing Modbus registers: A Modbus Exception Occurred - See Response Body
[2024-12-10T04:04:27.859Z] Error reading register 6507 for IP 10.30.4.128: A Modbus Exception Occurred - See Response Body
[2024-12-10T04:04:27.860Z] Error reading actual data: A Modbus Exception Occurred - See Response Body
[2024-12-10T04:04:27.862Z] Error writing to Modbus register: A Modbus Exception Occurred - See Response Body
[2024-12-10T04:04:28.871Z] Error reading or processing Modbus registers: A Modbus Exception Occurred - See Response Body
[2024-12-10T04:04:28.873Z] Error reading register 6507 for IP 10.30.4.128: A Modbus Exception Occurred - See Response Body
[2024-12-10T04:04:28.874Z] Error reading actual data: A Modbus Exception Occurred - See Response Body
[2024-12-10T04:04:28.874Z] Error writing to Modbus register: A Modbus Exception Occurred - See Response Body
[2024-12-10T04:04:29.882Z] Error reading or processing Modbus registers: A Modbus Exception Occurred - See Response Body
[2024-12-10T04:04:29.884Z] Error reading register 6507 for IP 10.30.4.128: A Modbus Exception Occurred - See Response Body
[2024-12-10T04:04:29.885Z] Error reading actual data: A Modbus Exception Occurred - See Response Body
[2024-12-10T04:04:29.886Z] Error writing to Modbus register: A Modbus Exception Occurred - See Response Body
[2024-12-10T04:04:30.885Z] Error reading or processing Modbus registers: A Modbus Exception Occurred - See Response Body
[2024-12-10T04:04:30.887Z] Error reading register 6507 for IP 10.30.4.128: A Modbus Exception Occurred - See Response Body
[2024-12-10T04:04:30.888Z] Error reading actual data: A Modbus Exception Occurred - See Response Body
[2024-12-10T04:04:30.888Z] Error writing to Modbus register: A Modbus Exception Occurred - See Response Body
[2024-12-10T04:04:31.889Z] Error reading or processing Modbus registers: A Modbus Exception Occurred - See Response Body
[2024-12-10T04:04:31.891Z] Error reading register 6507 for IP 10.30.4.128: A Modbus Exception Occurred - See Response Body
[2024-12-10T04:04:31.891Z] Error reading actual data: A Modbus Exception Occurred - See Response Body
[2024-12-10T04:04:31.892Z] Error writing to Modbus register: A Modbus Exception Occurred - See Response Body
[2024-12-10T04:04:32.890Z] Error reading or processing Modbus registers: A Modbus Exception Occurred - See Response Body
[2024-12-10T04:04:32.892Z] Error reading register 6507 for IP 10.30.4.128: A Modbus Exception Occurred - See Response Body
[2024-12-10T04:04:32.893Z] Error reading actual data: A Modbus Exception Occurred - See Response Body
[2024-12-10T04:04:32.894Z] Error writing to Modbus register: A Modbus Exception Occurred - See Response Body
[2024-12-10T04:04:33.906Z] Error reading or processing Modbus registers: A Modbus Exception Occurred - See Response Body
[2024-12-10T04:04:33.908Z] Error reading register 6507 for IP 10.30.4.128: A Modbus Exception Occurred - See Response Body
[2024-12-10T04:04:33.909Z] Error reading actual data: A Modbus Exception Occurred - See Response Body
[2024-12-10T04:04:33.909Z] Error writing to Modbus register: A Modbus Exception Occurred - See Response Body
[2024-12-10T04:04:34.917Z] Error reading or processing Modbus registers: A Modbus Exception Occurred - See Response Body
[2024-12-10T04:04:34.920Z] Error reading register 6507 for IP 10.30.4.128: A Modbus Exception Occurred - See Response Body
[2024-12-10T04:04:34.921Z] Error reading actual data: A Modbus Exception Occurred - See Response Body
[2024-12-10T04:04:34.922Z] Error writing to Modbus register: A Modbus Exception Occurred - See Response Body
[2024-12-10T04:04:35.918Z] Error reading or processing Modbus registers: A Modbus Exception Occurred - See Response Body
[2024-12-10T04:04:35.921Z] Error reading register 6507 for IP 10.30.4.128: A Modbus Exception Occurred - See Response Body
[2024-12-10T04:04:35.922Z] Error reading actual data: A Modbus Exception Occurred - See Response Body
[2024-12-10T04:04:35.922Z] Error writing to Modbus register: A Modbus Exception Occurred - See Response Body
[2024-12-10T04:04:36.930Z] Error reading or processing Modbus registers: A Modbus Exception Occurred - See Response Body
[2024-12-10T04:04:36.932Z] Error reading register 6507 for IP 10.30.4.128: A Modbus Exception Occurred - See Response Body
[2024-12-10T04:04:36.933Z] Error reading actual data: A Modbus Exception Occurred - See Response Body
[2024-12-10T04:04:36.933Z] Error writing to Modbus register: A Modbus Exception Occurred - See Response Body
[2024-12-10T04:04:37.945Z] Error reading or processing Modbus registers: A Modbus Exception Occurred - See Response Body
[2024-12-10T04:04:37.947Z] Error reading register 6507 for IP 10.30.4.128: A Modbus Exception Occurred - See Response Body
[2024-12-10T04:04:37.948Z] Error reading actual data: A Modbus Exception Occurred - See Response Body
[2024-12-10T04:04:37.948Z] Error writing to Modbus register: A Modbus Exception Occurred - See Response Body
[2024-12-10T04:04:38.958Z] Error reading or processing Modbus registers: A Modbus Exception Occurred - See Response Body
[2024-12-10T04:04:38.960Z] Error reading register 6507 for IP 10.30.4.128: A Modbus Exception Occurred - See Response Body
[2024-12-10T04:04:38.960Z] Error reading actual data: A Modbus Exception Occurred - See Response Body
[2024-12-10T04:04:38.961Z] Error writing to Modbus register: A Modbus Exception Occurred - See Response Body
[2024-12-10T04:04:39.974Z] Error reading or processing Modbus registers: A Modbus Exception Occurred - See Response Body
[2024-12-10T04:04:39.975Z] Error reading register 6507 for IP 10.30.4.128: A Modbus Exception Occurred - See Response Body
[2024-12-10T04:04:39.976Z] Error reading actual data: A Modbus Exception Occurred - See Response Body
[2024-12-10T04:04:39.977Z] Error writing to Modbus register: A Modbus Exception Occurred - See Response Body
[2024-12-10T04:04:40.985Z] Error reading or processing Modbus registers: A Modbus Exception Occurred - See Response Body
[2024-12-10T04:04:40.987Z] Error reading register 6507 for IP 10.30.4.128: A Modbus Exception Occurred - See Response Body
[2024-12-10T04:04:40.988Z] Error reading actual data: A Modbus Exception Occurred - See Response Body
[2024-12-10T04:04:40.988Z] Error writing to Modbus register: A Modbus Exception Occurred - See Response Body
[2024-12-10T04:04:42.000Z] Error reading or processing Modbus registers: A Modbus Exception Occurred - See Response Body
[2024-12-10T04:04:42.002Z] Error reading register 6507 for IP 10.30.4.128: A Modbus Exception Occurred - See Response Body
[2024-12-10T04:04:42.003Z] Error reading actual data: A Modbus Exception Occurred - See Response Body
[2024-12-10T04:04:42.003Z] Error writing to Modbus register: A Modbus Exception Occurred - See Response Body
[2024-12-10T04:04:43.016Z] Error reading or processing Modbus registers: A Modbus Exception Occurred - See Response Body
[2024-12-10T04:04:43.018Z] Error reading register 6507 for IP 10.30.4.128: A Modbus Exception Occurred - See Response Body
[2024-12-10T04:04:43.019Z] Error reading actual data: A Modbus Exception Occurred - See Response Body
[2024-12-10T04:04:43.019Z] Error writing to Modbus register: A Modbus Exception Occurred - See Response Body
[2024-12-10T04:04:44.016Z] Error reading or processing Modbus registers: A Modbus Exception Occurred - See Response Body
[2024-12-10T04:04:44.017Z] Error reading register 6507 for IP 10.30.4.128: A Modbus Exception Occurred - See Response Body
[2024-12-10T04:04:44.018Z] Error reading actual data: A Modbus Exception Occurred - See Response Body
[2024-12-10T04:04:44.018Z] Error writing to Modbus register: A Modbus Exception Occurred - See Response Body
[2024-12-10T04:04:45.027Z] Error reading or processing Modbus registers: A Modbus Exception Occurred - See Response Body
[2024-12-10T04:04:45.028Z] Error reading register 6507 for IP 10.30.4.128: A Modbus Exception Occurred - See Response Body
[2024-12-10T04:04:45.029Z] Error reading actual data: A Modbus Exception Occurred - See Response Body
[2024-12-10T04:04:45.030Z] Error writing to Modbus register: A Modbus Exception Occurred - See Response Body
[2024-12-10T04:04:46.030Z] Error reading or processing Modbus registers: A Modbus Exception Occurred - See Response Body
[2024-12-10T04:04:46.031Z] Error reading register 6507 for IP 10.30.4.128: A Modbus Exception Occurred - See Response Body
[2024-12-10T04:04:46.032Z] Error reading actual data: A Modbus Exception Occurred - See Response Body
[2024-12-10T04:04:46.032Z] Error writing to Modbus register: A Modbus Exception Occurred - See Response Body
[2024-12-10T04:04:47.042Z] Error reading or processing Modbus registers: A Modbus Exception Occurred - See Response Body
[2024-12-10T04:04:47.044Z] Error reading register 6507 for IP 10.30.4.128: A Modbus Exception Occurred - See Response Body
[2024-12-10T04:04:47.045Z] Error reading actual data: A Modbus Exception Occurred - See Response Body
[2024-12-10T04:04:47.045Z] Error writing to Modbus register: A Modbus Exception Occurred - See Response Body
[2024-12-10T04:04:48.055Z] Error reading or processing Modbus registers: A Modbus Exception Occurred - See Response Body
[2024-12-10T04:04:48.057Z] Error reading register 6507 for IP 10.30.4.128: A Modbus Exception Occurred - See Response Body
[2024-12-10T04:04:48.058Z] Error reading actual data: A Modbus Exception Occurred - See Response Body
[2024-12-10T04:04:48.058Z] Error writing to Modbus register: A Modbus Exception Occurred - See Response Body
[2024-12-10T04:04:49.068Z] Error reading or processing Modbus registers: A Modbus Exception Occurred - See Response Body
[2024-12-10T04:04:49.070Z] Error reading register 6507 for IP 10.30.4.128: A Modbus Exception Occurred - See Response Body
[2024-12-10T04:04:49.071Z] Error reading actual data: A Modbus Exception Occurred - See Response Body
[2024-12-10T04:04:49.071Z] Error writing to Modbus register: A Modbus Exception Occurred - See Response Body
[2024-12-10T04:04:50.081Z] Error reading or processing Modbus registers: A Modbus Exception Occurred - See Response Body
[2024-12-10T04:04:50.085Z] Error reading register 6507 for IP 10.30.4.128: A Modbus Exception Occurred - See Response Body
[2024-12-10T04:04:50.085Z] Error reading actual data: A Modbus Exception Occurred - See Response Body
[2024-12-10T04:04:50.086Z] Error writing to Modbus register: A Modbus Exception Occurred - See Response Body
[2024-12-10T04:04:51.092Z] Error reading or processing Modbus registers: A Modbus Exception Occurred - See Response Body
[2024-12-10T04:04:51.094Z] Error reading register 6507 for IP 10.30.4.128: A Modbus Exception Occurred - See Response Body
[2024-12-10T04:04:51.095Z] Error reading actual data: A Modbus Exception Occurred - See Response Body
[2024-12-10T04:04:51.095Z] Error writing to Modbus register: A Modbus Exception Occurred - See Response Body
[2024-12-10T04:04:52.106Z] Error reading or processing Modbus registers: A Modbus Exception Occurred - See Response Body
[2024-12-10T04:04:52.109Z] Error reading register 6507 for IP 10.30.4.128: A Modbus Exception Occurred - See Response Body
[2024-12-10T04:04:52.109Z] Error reading actual data: A Modbus Exception Occurred - See Response Body
[2024-12-10T04:04:52.110Z] Error writing to Modbus register: A Modbus Exception Occurred - See Response Body
[2024-12-10T04:04:53.121Z] Error reading or processing Modbus registers: A Modbus Exception Occurred - See Response Body
[2024-12-10T04:04:53.123Z] Error reading register 6507 for IP 10.30.4.128: A Modbus Exception Occurred - See Response Body
[2024-12-10T04:04:53.124Z] Error reading actual data: A Modbus Exception Occurred - See Response Body
[2024-12-10T04:04:53.125Z] Error writing to Modbus register: A Modbus Exception Occurred - See Response Body
[2024-12-10T04:04:54.136Z] Error reading or processing Modbus registers: A Modbus Exception Occurred - See Response Body
[2024-12-10T04:04:54.139Z] Error reading register 6507 for IP 10.30.4.128: A Modbus Exception Occurred - See Response Body
[2024-12-10T04:04:54.139Z] Error reading actual data: A Modbus Exception Occurred - See Response Body
[2024-12-10T04:04:54.140Z] Error writing to Modbus register: A Modbus Exception Occurred - See Response Body
[2024-12-10T04:04:55.150Z] Error reading or processing Modbus registers: A Modbus Exception Occurred - See Response Body
[2024-12-10T04:04:55.152Z] Error reading register 6507 for IP 10.30.4.128: A Modbus Exception Occurred - See Response Body
[2024-12-10T04:04:55.153Z] Error reading actual data: A Modbus Exception Occurred - See Response Body
[2024-12-10T04:04:55.153Z] Error writing to Modbus register: A Modbus Exception Occurred - See Response Body
[2024-12-10T04:04:56.155Z] Error reading or processing Modbus registers: A Modbus Exception Occurred - See Response Body
[2024-12-10T04:04:56.157Z] Error reading register 6507 for IP 10.30.4.128: A Modbus Exception Occurred - See Response Body
[2024-12-10T04:04:56.158Z] Error reading actual data: A Modbus Exception Occurred - See Response Body
[2024-12-10T04:04:56.158Z] Error writing to Modbus register: A Modbus Exception Occurred - See Response Body
[2024-12-10T04:04:57.160Z] Error reading or processing Modbus registers: A Modbus Exception Occurred - See Response Body
[2024-12-10T04:04:57.162Z] Error reading register 6507 for IP 10.30.4.128: A Modbus Exception Occurred - See Response Body
[2024-12-10T04:04:57.162Z] Error reading actual data: A Modbus Exception Occurred - See Response Body
[2024-12-10T04:04:57.163Z] Error writing to Modbus register: A Modbus Exception Occurred - See Response Body
[2024-12-10T04:04:58.159Z] Error reading or processing Modbus registers: A Modbus Exception Occurred - See Response Body
[2024-12-10T04:04:58.161Z] Error reading register 6507 for IP 10.30.4.128: A Modbus Exception Occurred - See Response Body
[2024-12-10T04:04:58.161Z] Error reading actual data: A Modbus Exception Occurred - See Response Body
[2024-12-10T04:04:58.162Z] Error writing to Modbus register: A Modbus Exception Occurred - See Response Body
[2024-12-10T04:04:59.174Z] Error reading or processing Modbus registers: A Modbus Exception Occurred - See Response Body
[2024-12-10T04:04:59.177Z] Error reading register 6507 for IP 10.30.4.128: A Modbus Exception Occurred - See Response Body
[2024-12-10T04:04:59.177Z] Error reading actual data: A Modbus Exception Occurred - See Response Body
[2024-12-10T04:04:59.178Z] Error writing to Modbus register: A Modbus Exception Occurred - See Response Body
[2024-12-10T04:05:00.186Z] Error reading or processing Modbus registers: A Modbus Exception Occurred - See Response Body
[2024-12-10T04:05:00.188Z] Error reading register 6507 for IP 10.30.4.128: A Modbus Exception Occurred - See Response Body
[2024-12-10T04:05:00.189Z] Error reading actual data: A Modbus Exception Occurred - See Response Body
[2024-12-10T04:05:00.189Z] Error writing to Modbus register: A Modbus Exception Occurred - See Response Body
[2024-12-10T04:05:01.200Z] Error reading or processing Modbus registers: A Modbus Exception Occurred - See Response Body
[2024-12-10T04:05:01.202Z] Error reading register 6507 for IP 10.30.4.128: A Modbus Exception Occurred - See Response Body
[2024-12-10T04:05:01.203Z] Error reading actual data: A Modbus Exception Occurred - See Response Body
[2024-12-10T04:05:01.203Z] Error writing to Modbus register: A Modbus Exception Occurred - See Response Body
[2024-12-10T04:05:02.212Z] Error reading or processing Modbus registers: A Modbus Exception Occurred - See Response Body
[2024-12-10T04:05:02.214Z] Error reading register 6507 for IP 10.30.4.128: A Modbus Exception Occurred - See Response Body
[2024-12-10T04:05:02.214Z] Error reading actual data: A Modbus Exception Occurred - See Response Body
[2024-12-10T04:05:02.215Z] Error writing to Modbus register: A Modbus Exception Occurred - See Response Body
[2024-12-10T04:05:03.212Z] Error reading or processing Modbus registers: A Modbus Exception Occurred - See Response Body
[2024-12-10T04:05:03.214Z] Error reading register 6507 for IP 10.30.4.128: A Modbus Exception Occurred - See Response Body
[2024-12-10T04:05:03.215Z] Error reading actual data: A Modbus Exception Occurred - See Response Body
[2024-12-10T04:05:03.215Z] Error writing to Modbus register: A Modbus Exception Occurred - See Response Body
[2024-12-10T04:05:04.228Z] Error reading or processing Modbus registers: A Modbus Exception Occurred - See Response Body
[2024-12-10T04:05:04.230Z] Error reading register 6507 for IP 10.30.4.128: A Modbus Exception Occurred - See Response Body
[2024-12-10T04:05:04.230Z] Error reading actual data: A Modbus Exception Occurred - See Response Body
[2024-12-10T04:05:04.231Z] Error writing to Modbus register: A Modbus Exception Occurred - See Response Body
[2024-12-10T04:05:05.228Z] Error reading or processing Modbus registers: A Modbus Exception Occurred - See Response Body
[2024-12-10T04:05:05.230Z] Error reading register 6507 for IP 10.30.4.128: A Modbus Exception Occurred - See Response Body
[2024-12-10T04:05:05.231Z] Error reading actual data: A Modbus Exception Occurred - See Response Body
[2024-12-10T04:05:05.231Z] Error writing to Modbus register: A Modbus Exception Occurred - See Response Body
[2024-12-10T04:05:06.241Z] Error reading or processing Modbus registers: A Modbus Exception Occurred - See Response Body
[2024-12-10T04:05:06.243Z] Error reading register 6507 for IP 10.30.4.128: A Modbus Exception Occurred - See Response Body
[2024-12-10T04:05:06.244Z] Error reading actual data: A Modbus Exception Occurred - See Response Body
[2024-12-10T04:05:06.245Z] Error writing to Modbus register: A Modbus Exception Occurred - See Response Body
[2024-12-10T04:05:07.242Z] Error reading or processing Modbus registers: A Modbus Exception Occurred - See Response Body
[2024-12-10T04:05:07.244Z] Error reading register 6507 for IP 10.30.4.128: A Modbus Exception Occurred - See Response Body
[2024-12-10T04:05:07.244Z] Error reading actual data: A Modbus Exception Occurred - See Response Body
[2024-12-10T04:05:07.245Z] Error writing to Modbus register: A Modbus Exception Occurred - See Response Body
[2024-12-10T04:05:08.252Z] Error reading or processing Modbus registers: A Modbus Exception Occurred - See Response Body
[2024-12-10T04:05:08.255Z] Error reading register 6507 for IP 10.30.4.128: A Modbus Exception Occurred - See Response Body
[2024-12-10T04:05:08.256Z] Error reading actual data: A Modbus Exception Occurred - See Response Body
[2024-12-10T04:05:08.256Z] Error writing to Modbus register: A Modbus Exception Occurred - See Response Body
[2024-12-10T04:05:09.264Z] Error reading or processing Modbus registers: A Modbus Exception Occurred - See Response Body
[2024-12-10T04:05:09.266Z] Error reading register 6507 for IP 10.30.4.128: A Modbus Exception Occurred - See Response Body
[2024-12-10T04:05:09.267Z] Error reading actual data: A Modbus Exception Occurred - See Response Body
[2024-12-10T04:05:09.267Z] Error writing to Modbus register: A Modbus Exception Occurred - See Response Body
[2024-12-10T04:05:10.280Z] Error reading or processing Modbus registers: A Modbus Exception Occurred - See Response Body
[2024-12-10T04:05:10.283Z] Error reading register 6507 for IP 10.30.4.128: A Modbus Exception Occurred - See Response Body
[2024-12-10T04:05:10.283Z] Error reading actual data: A Modbus Exception Occurred - See Response Body
[2024-12-10T04:05:10.284Z] Error writing to Modbus register: A Modbus Exception Occurred - See Response Body
[2024-12-10T04:05:11.292Z] Error reading or processing Modbus registers: A Modbus Exception Occurred - See Response Body
[2024-12-10T04:05:11.294Z] Error reading register 6507 for IP 10.30.4.128: A Modbus Exception Occurred - See Response Body
[2024-12-10T04:05:11.295Z] Error reading actual data: A Modbus Exception Occurred - See Response Body
[2024-12-10T04:05:11.296Z] Error writing to Modbus register: A Modbus Exception Occurred - See Response Body
[2024-12-10T04:05:12.307Z] Error reading or processing Modbus registers: A Modbus Exception Occurred - See Response Body
[2024-12-10T04:05:12.309Z] Error reading register 6507 for IP 10.30.4.128: A Modbus Exception Occurred - See Response Body
[2024-12-10T04:05:12.310Z] Error reading actual data: A Modbus Exception Occurred - See Response Body
[2024-12-10T04:05:12.311Z] Error writing to Modbus register: A Modbus Exception Occurred - See Response Body
[2024-12-10T04:05:13.309Z] Error reading or processing Modbus registers: A Modbus Exception Occurred - See Response Body
[2024-12-10T04:05:13.312Z] Error reading register 6507 for IP 10.30.4.128: A Modbus Exception Occurred - See Response Body
[2024-12-10T04:05:13.313Z] Error reading actual data: A Modbus Exception Occurred - See Response Body
[2024-12-10T04:05:13.313Z] Error writing to Modbus register: A Modbus Exception Occurred - See Response Body
[2024-12-10T04:05:14.309Z] Error reading or processing Modbus registers: A Modbus Exception Occurred - See Response Body
[2024-12-10T04:05:14.311Z] Error reading register 6507 for IP 10.30.4.128: A Modbus Exception Occurred - See Response Body
[2024-12-10T04:05:14.312Z] Error reading actual data: A Modbus Exception Occurred - See Response Body
[2024-12-10T04:05:14.313Z] Error writing to Modbus register: A Modbus Exception Occurred - See Response Body
[2024-12-10T04:05:15.321Z] Error reading or processing Modbus registers: A Modbus Exception Occurred - See Response Body
[2024-12-10T04:05:15.324Z] Error reading register 6507 for IP 10.30.4.128: A Modbus Exception Occurred - See Response Body
[2024-12-10T04:05:15.325Z] Error reading actual data: A Modbus Exception Occurred - See Response Body
[2024-12-10T04:05:15.325Z] Error writing to Modbus register: A Modbus Exception Occurred - See Response Body
[2024-12-10T04:05:16.337Z] Error reading or processing Modbus registers: A Modbus Exception Occurred - See Response Body
[2024-12-10T04:05:16.339Z] Error reading register 6507 for IP 10.30.4.128: A Modbus Exception Occurred - See Response Body
[2024-12-10T04:05:16.340Z] Error reading actual data: A Modbus Exception Occurred - See Response Body
[2024-12-10T04:05:16.340Z] Error writing to Modbus register: A Modbus Exception Occurred - See Response Body
[2024-12-10T04:05:17.348Z] Error reading or processing Modbus registers: A Modbus Exception Occurred - See Response Body
[2024-12-10T04:05:17.349Z] Error reading register 6507 for IP 10.30.4.128: A Modbus Exception Occurred - See Response Body
[2024-12-10T04:05:17.350Z] Error reading actual data: A Modbus Exception Occurred - See Response Body
[2024-12-10T04:05:17.351Z] Error writing to Modbus register: A Modbus Exception Occurred - See Response Body
[2024-12-10T04:05:18.363Z] Error reading or processing Modbus registers: A Modbus Exception Occurred - See Response Body
[2024-12-10T04:05:18.365Z] Error reading register 6507 for IP 10.30.4.128: A Modbus Exception Occurred - See Response Body
[2024-12-10T04:05:18.365Z] Error reading actual data: A Modbus Exception Occurred - See Response Body
[2024-12-10T04:05:18.366Z] Error writing to Modbus register: A Modbus Exception Occurred - See Response Body
[2024-12-10T04:05:19.364Z] Error reading or processing Modbus registers: A Modbus Exception Occurred - See Response Body
[2024-12-10T04:05:19.366Z] Error reading register 6507 for IP 10.30.4.128: A Modbus Exception Occurred - See Response Body
[2024-12-10T04:05:19.367Z] Error reading actual data: A Modbus Exception Occurred - See Response Body
[2024-12-10T04:05:19.368Z] Error writing to Modbus register: A Modbus Exception Occurred - See Response Body
[2024-12-10T04:05:20.377Z] Error reading or processing Modbus registers: A Modbus Exception Occurred - See Response Body
[2024-12-10T04:05:20.379Z] Error reading register 6507 for IP 10.30.4.128: A Modbus Exception Occurred - See Response Body
[2024-12-10T04:05:20.379Z] Error reading actual data: A Modbus Exception Occurred - See Response Body
[2024-12-10T04:05:20.380Z] Error writing to Modbus register: A Modbus Exception Occurred - See Response Body
[2024-12-10T04:05:21.391Z] Error reading or processing Modbus registers: A Modbus Exception Occurred - See Response Body
[2024-12-10T04:05:21.393Z] Error reading register 6507 for IP 10.30.4.128: A Modbus Exception Occurred - See Response Body
[2024-12-10T04:05:21.394Z] Error reading actual data: A Modbus Exception Occurred - See Response Body
[2024-12-10T04:05:21.394Z] Error writing to Modbus register: A Modbus Exception Occurred - See Response Body
[2024-12-10T04:05:22.392Z] Error reading or processing Modbus registers: A Modbus Exception Occurred - See Response Body
[2024-12-10T04:05:22.395Z] Error reading register 6507 for IP 10.30.4.128: A Modbus Exception Occurred - See Response Body
[2024-12-10T04:05:22.395Z] Error reading actual data: A Modbus Exception Occurred - See Response Body
[2024-12-10T04:05:22.396Z] Error writing to Modbus register: A Modbus Exception Occurred - See Response Body
[2024-12-10T04:05:23.406Z] Error reading or processing Modbus registers: A Modbus Exception Occurred - See Response Body
[2024-12-10T04:05:23.407Z] Error reading register 6507 for IP 10.30.4.128: A Modbus Exception Occurred - See Response Body
[2024-12-10T04:05:23.408Z] Error reading actual data: A Modbus Exception Occurred - See Response Body
[2024-12-10T04:05:23.409Z] Error writing to Modbus register: A Modbus Exception Occurred - See Response Body
[2024-12-10T04:05:24.415Z] Error reading or processing Modbus registers: A Modbus Exception Occurred - See Response Body
[2024-12-10T04:05:24.417Z] Error reading register 6507 for IP 10.30.4.128: A Modbus Exception Occurred - See Response Body
[2024-12-10T04:05:24.418Z] Error reading actual data: A Modbus Exception Occurred - See Response Body
[2024-12-10T04:05:24.418Z] Error writing to Modbus register: A Modbus Exception Occurred - See Response Body
[2024-12-10T04:05:25.429Z] Error reading or processing Modbus registers: A Modbus Exception Occurred - See Response Body
[2024-12-10T04:05:25.431Z] Error reading register 6507 for IP 10.30.4.128: A Modbus Exception Occurred - See Response Body
[2024-12-10T04:05:25.432Z] Error reading actual data: A Modbus Exception Occurred - See Response Body
[2024-12-10T04:05:25.432Z] Error writing to Modbus register: A Modbus Exception Occurred - See Response Body
[2024-12-10T04:05:26.442Z] Error reading or processing Modbus registers: A Modbus Exception Occurred - See Response Body
[2024-12-10T04:05:26.444Z] Error reading register 6507 for IP 10.30.4.128: A Modbus Exception Occurred - See Response Body
[2024-12-10T04:05:26.445Z] Error reading actual data: A Modbus Exception Occurred - See Response Body
[2024-12-10T04:05:26.445Z] Error writing to Modbus register: A Modbus Exception Occurred - See Response Body
[2024-12-10T04:05:27.454Z] Error reading or processing Modbus registers: A Modbus Exception Occurred - See Response Body
[2024-12-10T04:05:27.456Z] Error reading register 6507 for IP 10.30.4.128: A Modbus Exception Occurred - See Response Body
[2024-12-10T04:05:27.457Z] Error reading actual data: A Modbus Exception Occurred - See Response Body
[2024-12-10T04:05:27.458Z] Error writing to Modbus register: A Modbus Exception Occurred - See Response Body
[2024-12-10T04:05:28.457Z] Error reading or processing Modbus registers: A Modbus Exception Occurred - See Response Body
[2024-12-10T04:05:28.460Z] Error reading register 6507 for IP 10.30.4.128: A Modbus Exception Occurred - See Response Body
[2024-12-10T04:05:28.461Z] Error reading actual data: A Modbus Exception Occurred - See Response Body
[2024-12-10T04:05:28.462Z] Error writing to Modbus register: A Modbus Exception Occurred - See Response Body
[2024-12-10T04:05:29.468Z] Error reading or processing Modbus registers: A Modbus Exception Occurred - See Response Body
[2024-12-10T04:05:29.469Z] Error reading register 6507 for IP 10.30.4.128: A Modbus Exception Occurred - See Response Body
[2024-12-10T04:05:29.470Z] Error reading actual data: A Modbus Exception Occurred - See Response Body
[2024-12-10T04:05:29.471Z] Error writing to Modbus register: A Modbus Exception Occurred - See Response Body
[2024-12-10T04:05:30.480Z] Error reading or processing Modbus registers: A Modbus Exception Occurred - See Response Body
[2024-12-10T04:05:30.482Z] Error reading register 6507 for IP 10.30.4.128: A Modbus Exception Occurred - See Response Body
[2024-12-10T04:05:30.483Z] Error reading actual data: A Modbus Exception Occurred - See Response Body
[2024-12-10T04:05:30.483Z] Error writing to Modbus register: A Modbus Exception Occurred - See Response Body
[2024-12-10T04:05:31.486Z] Error reading or processing Modbus registers: A Modbus Exception Occurred - See Response Body
[2024-12-10T04:05:31.488Z] Error reading register 6507 for IP 10.30.4.128: A Modbus Exception Occurred - See Response Body
[2024-12-10T04:05:31.489Z] Error reading actual data: A Modbus Exception Occurred - See Response Body
[2024-12-10T04:05:31.490Z] Error writing to Modbus register: A Modbus Exception Occurred - See Response Body
[2024-12-10T04:05:32.497Z] Error reading or processing Modbus registers: A Modbus Exception Occurred - See Response Body
[2024-12-10T04:05:32.499Z] Error reading register 6507 for IP 10.30.4.128: A Modbus Exception Occurred - See Response Body
[2024-12-10T04:05:32.500Z] Error reading actual data: A Modbus Exception Occurred - See Response Body
[2024-12-10T04:05:32.500Z] Error writing to Modbus register: A Modbus Exception Occurred - See Response Body
[2024-12-10T04:05:33.505Z] Error reading or processing Modbus registers: A Modbus Exception Occurred - See Response Body
[2024-12-10T04:05:33.507Z] Error reading register 6507 for IP 10.30.4.128: A Modbus Exception Occurred - See Response Body
[2024-12-10T04:05:33.508Z] Error reading actual data: A Modbus Exception Occurred - See Response Body
[2024-12-10T04:05:33.508Z] Error writing to Modbus register: A Modbus Exception Occurred - See Response Body
[2024-12-10T04:05:34.515Z] Error reading or processing Modbus registers: A Modbus Exception Occurred - See Response Body
[2024-12-10T04:05:34.517Z] Error reading register 6507 for IP 10.30.4.128: A Modbus Exception Occurred - See Response Body
[2024-12-10T04:05:34.518Z] Error reading actual data: A Modbus Exception Occurred - See Response Body
[2024-12-10T04:05:34.519Z] Error writing to Modbus register: A Modbus Exception Occurred - See Response Body
[2024-12-10T04:05:35.519Z] Error reading or processing Modbus registers: A Modbus Exception Occurred - See Response Body
[2024-12-10T04:05:35.521Z] Error reading register 6507 for IP 10.30.4.128: A Modbus Exception Occurred - See Response Body
[2024-12-10T04:05:35.522Z] Error reading actual data: A Modbus Exception Occurred - See Response Body
[2024-12-10T04:05:35.523Z] Error writing to Modbus register: A Modbus Exception Occurred - See Response Body
[2024-12-10T04:05:36.533Z] Error reading or processing Modbus registers: A Modbus Exception Occurred - See Response Body
[2024-12-10T04:05:36.536Z] Error reading register 6507 for IP 10.30.4.128: A Modbus Exception Occurred - See Response Body
[2024-12-10T04:05:36.537Z] Error reading actual data: A Modbus Exception Occurred - See Response Body
[2024-12-10T04:05:36.538Z] Error writing to Modbus register: A Modbus Exception Occurred - See Response Body
[2024-12-10T04:05:37.539Z] Error reading or processing Modbus registers: A Modbus Exception Occurred - See Response Body
[2024-12-10T04:05:37.542Z] Error reading register 6507 for IP 10.30.4.128: A Modbus Exception Occurred - See Response Body
[2024-12-10T04:05:37.542Z] Error reading actual data: A Modbus Exception Occurred - See Response Body
[2024-12-10T04:05:37.543Z] Error writing to Modbus register: A Modbus Exception Occurred - See Response Body
[2024-12-10T04:05:38.547Z] Error reading or processing Modbus registers: A Modbus Exception Occurred - See Response Body
[2024-12-10T04:05:38.550Z] Error reading register 6507 for IP 10.30.4.128: A Modbus Exception Occurred - See Response Body
[2024-12-10T04:05:38.550Z] Error reading actual data: A Modbus Exception Occurred - See Response Body
[2024-12-10T04:05:38.551Z] Error writing to Modbus register: A Modbus Exception Occurred - See Response Body
[2024-12-10T04:05:39.554Z] Error reading or processing Modbus registers: A Modbus Exception Occurred - See Response Body
[2024-12-10T04:05:39.556Z] Error reading register 6507 for IP 10.30.4.128: A Modbus Exception Occurred - See Response Body
[2024-12-10T04:05:39.557Z] Error reading actual data: A Modbus Exception Occurred - See Response Body
[2024-12-10T04:05:39.557Z] Error writing to Modbus register: A Modbus Exception Occurred - See Response Body
[2024-12-10T04:05:40.561Z] Error reading or processing Modbus registers: A Modbus Exception Occurred - See Response Body
[2024-12-10T04:05:40.566Z] Error reading register 6507 for IP 10.30.4.128: A Modbus Exception Occurred - See Response Body
[2024-12-10T04:05:40.567Z] Error reading actual data: A Modbus Exception Occurred - See Response Body
[2024-12-10T04:05:40.568Z] Error writing to Modbus register: A Modbus Exception Occurred - See Response Body
[2024-12-10T04:05:41.568Z] Error reading or processing Modbus registers: A Modbus Exception Occurred - See Response Body
[2024-12-10T04:05:41.570Z] Error reading register 6507 for IP 10.30.4.128: A Modbus Exception Occurred - See Response Body
[2024-12-10T04:05:41.571Z] Error reading actual data: A Modbus Exception Occurred - See Response Body
[2024-12-10T04:05:41.571Z] Error writing to Modbus register: A Modbus Exception Occurred - See Response Body
[2024-12-10T04:05:42.573Z] Error reading or processing Modbus registers: A Modbus Exception Occurred - See Response Body
[2024-12-10T04:05:42.578Z] Error reading register 6507 for IP 10.30.4.128: A Modbus Exception Occurred - See Response Body
[2024-12-10T04:05:42.578Z] Error reading actual data: A Modbus Exception Occurred - See Response Body
[2024-12-10T04:05:42.579Z] Error writing to Modbus register: A Modbus Exception Occurred - See Response Body
[2024-12-10T04:05:43.583Z] Error reading or processing Modbus registers: A Modbus Exception Occurred - See Response Body
[2024-12-10T04:05:43.585Z] Error reading register 6507 for IP 10.30.4.128: A Modbus Exception Occurred - See Response Body
[2024-12-10T04:05:43.586Z] Error reading actual data: A Modbus Exception Occurred - See Response Body
[2024-12-10T04:05:43.586Z] Error writing to Modbus register: A Modbus Exception Occurred - See Response Body
[2024-12-10T04:05:44.585Z] Error reading or processing Modbus registers: A Modbus Exception Occurred - See Response Body
[2024-12-10T04:05:44.587Z] Error reading register 6507 for IP 10.30.4.128: A Modbus Exception Occurred - See Response Body
[2024-12-10T04:05:44.588Z] Error reading actual data: A Modbus Exception Occurred - See Response Body
[2024-12-10T04:05:44.588Z] Error writing to Modbus register: A Modbus Exception Occurred - See Response Body
[2024-12-10T04:05:45.586Z] Error reading or processing Modbus registers: A Modbus Exception Occurred - See Response Body
[2024-12-10T04:05:45.588Z] Error reading register 6507 for IP 10.30.4.128: A Modbus Exception Occurred - See Response Body
[2024-12-10T04:05:45.589Z] Error reading actual data: A Modbus Exception Occurred - See Response Body
[2024-12-10T04:05:45.589Z] Error writing to Modbus register: A Modbus Exception Occurred - See Response Body
[2024-12-10T04:05:46.588Z] Error reading or processing Modbus registers: A Modbus Exception Occurred - See Response Body
[2024-12-10T04:05:46.590Z] Error reading register 6507 for IP 10.30.4.128: A Modbus Exception Occurred - See Response Body
[2024-12-10T04:05:46.591Z] Error reading actual data: A Modbus Exception Occurred - See Response Body
[2024-12-10T04:05:46.591Z] Error writing to Modbus register: A Modbus Exception Occurred - See Response Body
[2024-12-10T04:05:47.591Z] Error reading or processing Modbus registers: A Modbus Exception Occurred - See Response Body
[2024-12-10T04:05:47.593Z] Error reading register 6507 for IP 10.30.4.128: A Modbus Exception Occurred - See Response Body
[2024-12-10T04:05:47.594Z] Error reading actual data: A Modbus Exception Occurred - See Response Body
[2024-12-10T04:05:47.595Z] Error writing to Modbus register: A Modbus Exception Occurred - See Response Body
[2024-12-10T04:05:48.594Z] Error reading or processing Modbus registers: A Modbus Exception Occurred - See Response Body
[2024-12-10T04:05:48.596Z] Error reading register 6507 for IP 10.30.4.128: A Modbus Exception Occurred - See Response Body
[2024-12-10T04:05:48.598Z] Error reading actual data: A Modbus Exception Occurred - See Response Body
[2024-12-10T04:05:48.598Z] Error writing to Modbus register: A Modbus Exception Occurred - See Response Body
[2024-12-10T04:05:49.595Z] Error reading or processing Modbus registers: A Modbus Exception Occurred - See Response Body
[2024-12-10T04:05:49.597Z] Error reading register 6507 for IP 10.30.4.128: A Modbus Exception Occurred - See Response Body
[2024-12-10T04:05:49.598Z] Error reading actual data: A Modbus Exception Occurred - See Response Body
[2024-12-10T04:05:49.598Z] Error writing to Modbus register: A Modbus Exception Occurred - See Response Body
[2024-12-10T04:05:50.608Z] Error reading or processing Modbus registers: A Modbus Exception Occurred - See Response Body
[2024-12-10T04:05:50.610Z] Error reading register 6507 for IP 10.30.4.128: A Modbus Exception Occurred - See Response Body
[2024-12-10T04:05:50.611Z] Error reading actual data: A Modbus Exception Occurred - See Response Body
[2024-12-10T04:05:50.611Z] Error writing to Modbus register: A Modbus Exception Occurred - See Response Body
[2024-12-10T04:05:51.620Z] Error reading or processing Modbus registers: A Modbus Exception Occurred - See Response Body
[2024-12-10T04:05:51.622Z] Error reading register 6507 for IP 10.30.4.128: A Modbus Exception Occurred - See Response Body
[2024-12-10T04:05:51.623Z] Error reading actual data: A Modbus Exception Occurred - See Response Body
[2024-12-10T04:05:51.623Z] Error writing to Modbus register: A Modbus Exception Occurred - See Response Body
[2024-12-10T04:05:52.622Z] Error reading or processing Modbus registers: A Modbus Exception Occurred - See Response Body
[2024-12-10T04:05:52.624Z] Error reading register 6507 for IP 10.30.4.128: A Modbus Exception Occurred - See Response Body
[2024-12-10T04:05:52.625Z] Error reading actual data: A Modbus Exception Occurred - See Response Body
[2024-12-10T04:05:52.626Z] Error writing to Modbus register: A Modbus Exception Occurred - See Response Body
[2024-12-10T04:05:53.623Z] Error reading or processing Modbus registers: A Modbus Exception Occurred - See Response Body
[2024-12-10T04:05:53.625Z] Error reading register 6507 for IP 10.30.4.128: A Modbus Exception Occurred - See Response Body
[2024-12-10T04:05:53.625Z] Error reading actual data: A Modbus Exception Occurred - See Response Body
[2024-12-10T04:05:53.626Z] Error writing to Modbus register: A Modbus Exception Occurred - See Response Body
[2024-12-10T04:05:54.637Z] Error reading or processing Modbus registers: A Modbus Exception Occurred - See Response Body
[2024-12-10T04:05:54.639Z] Error reading register 6507 for IP 10.30.4.128: A Modbus Exception Occurred - See Response Body
[2024-12-10T04:05:54.640Z] Error reading actual data: A Modbus Exception Occurred - See Response Body
[2024-12-10T04:05:54.641Z] Error writing to Modbus register: A Modbus Exception Occurred - See Response Body
[2024-12-10T04:05:55.644Z] Error reading or processing Modbus registers: A Modbus Exception Occurred - See Response Body
[2024-12-10T04:05:55.646Z] Error reading register 6507 for IP 10.30.4.128: A Modbus Exception Occurred - See Response Body
[2024-12-10T04:05:55.647Z] Error reading actual data: A Modbus Exception Occurred - See Response Body
[2024-12-10T04:05:55.647Z] Error writing to Modbus register: A Modbus Exception Occurred - See Response Body
[2024-12-10T04:05:56.652Z] Error reading or processing Modbus registers: A Modbus Exception Occurred - See Response Body
[2024-12-10T04:05:56.654Z] Error reading register 6507 for IP 10.30.4.128: A Modbus Exception Occurred - See Response Body
[2024-12-10T04:05:56.655Z] Error reading actual data: A Modbus Exception Occurred - See Response Body
[2024-12-10T04:05:56.655Z] Error writing to Modbus register: A Modbus Exception Occurred - See Response Body
[2024-12-10T04:05:57.660Z] Error reading or processing Modbus registers: A Modbus Exception Occurred - See Response Body
[2024-12-10T04:05:57.662Z] Error reading register 6507 for IP 10.30.4.128: A Modbus Exception Occurred - See Response Body
[2024-12-10T04:05:57.663Z] Error reading actual data: A Modbus Exception Occurred - See Response Body
[2024-12-10T04:05:57.663Z] Error writing to Modbus register: A Modbus Exception Occurred - See Response Body
[2024-12-10T04:05:58.669Z] Error reading or processing Modbus registers: A Modbus Exception Occurred - See Response Body
[2024-12-10T04:05:58.673Z] Error reading register 6507 for IP 10.30.4.128: A Modbus Exception Occurred - See Response Body
[2024-12-10T04:05:58.673Z] Error reading actual data: A Modbus Exception Occurred - See Response Body
[2024-12-10T04:05:58.674Z] Error writing to Modbus register: A Modbus Exception Occurred - See Response Body
[2024-12-10T04:05:59.675Z] Error reading or processing Modbus registers: A Modbus Exception Occurred - See Response Body
[2024-12-10T04:05:59.677Z] Error reading register 6507 for IP 10.30.4.128: A Modbus Exception Occurred - See Response Body
[2024-12-10T04:05:59.678Z] Error reading actual data: A Modbus Exception Occurred - See Response Body
[2024-12-10T04:05:59.679Z] Error writing to Modbus register: A Modbus Exception Occurred - See Response Body
[2024-12-10T04:06:00.684Z] Error reading or processing Modbus registers: A Modbus Exception Occurred - See Response Body
[2024-12-10T04:06:00.686Z] Error reading register 6507 for IP 10.30.4.128: A Modbus Exception Occurred - See Response Body
[2024-12-10T04:06:00.687Z] Error reading actual data: A Modbus Exception Occurred - See Response Body
[2024-12-10T04:06:00.687Z] Error writing to Modbus register: A Modbus Exception Occurred - See Response Body
[2024-12-10T04:06:01.698Z] Error reading or processing Modbus registers: A Modbus Exception Occurred - See Response Body
[2024-12-10T04:06:01.700Z] Error reading register 6507 for IP 10.30.4.128: A Modbus Exception Occurred - See Response Body
[2024-12-10T04:06:01.701Z] Error reading actual data: A Modbus Exception Occurred - See Response Body
[2024-12-10T04:06:01.702Z] Error writing to Modbus register: A Modbus Exception Occurred - See Response Body
[2024-12-10T04:06:02.705Z] Error reading or processing Modbus registers: A Modbus Exception Occurred - See Response Body
[2024-12-10T04:06:02.708Z] Error reading register 6507 for IP 10.30.4.128: A Modbus Exception Occurred - See Response Body
[2024-12-10T04:06:02.709Z] Error reading actual data: A Modbus Exception Occurred - See Response Body
[2024-12-10T04:06:02.709Z] Error writing to Modbus register: A Modbus Exception Occurred - See Response Body
[2024-12-10T04:06:03.711Z] Error reading or processing Modbus registers: A Modbus Exception Occurred - See Response Body
[2024-12-10T04:06:03.713Z] Error reading register 6507 for IP 10.30.4.128: A Modbus Exception Occurred - See Response Body
[2024-12-10T04:06:03.714Z] Error reading actual data: A Modbus Exception Occurred - See Response Body
[2024-12-10T04:06:03.715Z] Error writing to Modbus register: A Modbus Exception Occurred - See Response Body
[2024-12-10T04:06:04.718Z] Error reading or processing Modbus registers: A Modbus Exception Occurred - See Response Body
[2024-12-10T04:06:04.721Z] Error reading register 6507 for IP 10.30.4.128: A Modbus Exception Occurred - See Response Body
[2024-12-10T04:06:04.722Z] Error reading actual data: A Modbus Exception Occurred - See Response Body
[2024-12-10T04:06:04.722Z] Error writing to Modbus register: A Modbus Exception Occurred - See Response Body
[2024-12-10T04:06:05.726Z] Error reading or processing Modbus registers: A Modbus Exception Occurred - See Response Body
[2024-12-10T04:06:05.728Z] Error reading register 6507 for IP 10.30.4.128: A Modbus Exception Occurred - See Response Body
[2024-12-10T04:06:05.729Z] Error reading actual data: A Modbus Exception Occurred - See Response Body
[2024-12-10T04:06:05.729Z] Error writing to Modbus register: A Modbus Exception Occurred - See Response Body
[2024-12-10T04:06:06.728Z] Error reading or processing Modbus registers: A Modbus Exception Occurred - See Response Body
[2024-12-10T04:06:06.730Z] Error reading register 6507 for IP 10.30.4.128: A Modbus Exception Occurred - See Response Body
[2024-12-10T04:06:06.731Z] Error reading actual data: A Modbus Exception Occurred - See Response Body
[2024-12-10T04:06:06.731Z] Error writing to Modbus register: A Modbus Exception Occurred - See Response Body
[2024-12-10T04:06:07.733Z] Error reading or processing Modbus registers: A Modbus Exception Occurred - See Response Body
[2024-12-10T04:06:07.736Z] Error reading register 6507 for IP 10.30.4.128: A Modbus Exception Occurred - See Response Body
[2024-12-10T04:06:07.736Z] Error reading actual data: A Modbus Exception Occurred - See Response Body
[2024-12-10T04:06:07.737Z] Error writing to Modbus register: A Modbus Exception Occurred - See Response Body
[2024-12-10T04:06:08.740Z] Error reading or processing Modbus registers: A Modbus Exception Occurred - See Response Body
[2024-12-10T04:06:08.742Z] Error reading register 6507 for IP 10.30.4.128: A Modbus Exception Occurred - See Response Body
[2024-12-10T04:06:08.743Z] Error reading actual data: A Modbus Exception Occurred - See Response Body
[2024-12-10T04:06:08.744Z] Error writing to Modbus register: A Modbus Exception Occurred - See Response Body
[2024-12-10T04:06:09.745Z] Error reading or processing Modbus registers: A Modbus Exception Occurred - See Response Body
[2024-12-10T04:06:09.747Z] Error reading register 6507 for IP 10.30.4.128: A Modbus Exception Occurred - See Response Body
[2024-12-10T04:06:09.748Z] Error reading actual data: A Modbus Exception Occurred - See Response Body
[2024-12-10T04:06:09.749Z] Error writing to Modbus register: A Modbus Exception Occurred - See Response Body
[2024-12-10T04:06:10.749Z] Error reading or processing Modbus registers: A Modbus Exception Occurred - See Response Body
[2024-12-10T04:06:10.751Z] Error reading register 6507 for IP 10.30.4.128: A Modbus Exception Occurred - See Response Body
[2024-12-10T04:06:10.752Z] Error reading actual data: A Modbus Exception Occurred - See Response Body
[2024-12-10T04:06:10.752Z] Error writing to Modbus register: A Modbus Exception Occurred - See Response Body
[2024-12-10T04:06:11.758Z] Error reading or processing Modbus registers: A Modbus Exception Occurred - See Response Body
[2024-12-10T04:06:11.760Z] Error reading register 6507 for IP 10.30.4.128: A Modbus Exception Occurred - See Response Body
[2024-12-10T04:06:11.761Z] Error reading actual data: A Modbus Exception Occurred - See Response Body
[2024-12-10T04:06:11.762Z] Error writing to Modbus register: A Modbus Exception Occurred - See Response Body
[2024-12-10T04:06:12.766Z] Error reading or processing Modbus registers: A Modbus Exception Occurred - See Response Body
[2024-12-10T04:06:12.768Z] Error reading register 6507 for IP 10.30.4.128: A Modbus Exception Occurred - See Response Body
[2024-12-10T04:06:12.769Z] Error reading actual data: A Modbus Exception Occurred - See Response Body
[2024-12-10T04:06:12.770Z] Error writing to Modbus register: A Modbus Exception Occurred - See Response Body
[2024-12-10T04:06:13.779Z] Error reading or processing Modbus registers: A Modbus Exception Occurred - See Response Body
[2024-12-10T04:06:13.781Z] Error reading register 6507 for IP 10.30.4.128: A Modbus Exception Occurred - See Response Body
[2024-12-10T04:06:13.782Z] Error reading actual data: A Modbus Exception Occurred - See Response Body
[2024-12-10T04:06:13.782Z] Error writing to Modbus register: A Modbus Exception Occurred - See Response Body
[2024-12-10T04:06:14.792Z] Error reading or processing Modbus registers: A Modbus Exception Occurred - See Response Body
[2024-12-10T04:06:14.794Z] Error reading register 6507 for IP 10.30.4.128: A Modbus Exception Occurred - See Response Body
[2024-12-10T04:06:14.794Z] Error reading actual data: A Modbus Exception Occurred - See Response Body
[2024-12-10T04:06:14.795Z] Error writing to Modbus register: A Modbus Exception Occurred - See Response Body
[2024-12-10T04:06:15.806Z] Error reading or processing Modbus registers: A Modbus Exception Occurred - See Response Body
[2024-12-10T04:06:15.807Z] Error reading register 6507 for IP 10.30.4.128: A Modbus Exception Occurred - See Response Body
[2024-12-10T04:06:15.808Z] Error reading actual data: A Modbus Exception Occurred - See Response Body
[2024-12-10T04:06:15.809Z] Error writing to Modbus register: A Modbus Exception Occurred - See Response Body
[2024-12-10T04:06:16.821Z] Error reading or processing Modbus registers: A Modbus Exception Occurred - See Response Body
[2024-12-10T04:06:16.823Z] Error reading register 6507 for IP 10.30.4.128: A Modbus Exception Occurred - See Response Body
[2024-12-10T04:06:16.823Z] Error reading actual data: A Modbus Exception Occurred - See Response Body
[2024-12-10T04:06:16.824Z] Error writing to Modbus register: A Modbus Exception Occurred - See Response Body
[2024-12-10T04:06:17.822Z] Error reading or processing Modbus registers: A Modbus Exception Occurred - See Response Body
[2024-12-10T04:06:17.824Z] Error reading register 6507 for IP 10.30.4.128: A Modbus Exception Occurred - See Response Body
[2024-12-10T04:06:17.825Z] Error reading actual data: A Modbus Exception Occurred - See Response Body
[2024-12-10T04:06:17.825Z] Error writing to Modbus register: A Modbus Exception Occurred - See Response Body
[2024-12-10T04:06:18.833Z] Error reading or processing Modbus registers: A Modbus Exception Occurred - See Response Body
[2024-12-10T04:06:18.835Z] Error reading register 6507 for IP 10.30.4.128: A Modbus Exception Occurred - See Response Body
[2024-12-10T04:06:18.836Z] Error reading actual data: A Modbus Exception Occurred - See Response Body
[2024-12-10T04:06:18.837Z] Error writing to Modbus register: A Modbus Exception Occurred - See Response Body
[2024-12-10T04:06:19.835Z] Error reading or processing Modbus registers: A Modbus Exception Occurred - See Response Body
[2024-12-10T04:06:19.837Z] Error reading register 6507 for IP 10.30.4.128: A Modbus Exception Occurred - See Response Body
[2024-12-10T04:06:19.839Z] Error reading actual data: A Modbus Exception Occurred - See Response Body
[2024-12-10T04:06:19.839Z] Error writing to Modbus register: A Modbus Exception Occurred - See Response Body
[2024-12-10T04:06:20.847Z] Error reading or processing Modbus registers: A Modbus Exception Occurred - See Response Body
[2024-12-10T04:06:20.849Z] Error reading register 6507 for IP 10.30.4.128: A Modbus Exception Occurred - See Response Body
[2024-12-10T04:06:20.850Z] Error reading actual data: A Modbus Exception Occurred - See Response Body
[2024-12-10T04:06:20.850Z] Error writing to Modbus register: A Modbus Exception Occurred - See Response Body
[2024-12-10T04:06:21.849Z] Error reading or processing Modbus registers: A Modbus Exception Occurred - See Response Body
[2024-12-10T04:06:21.851Z] Error reading register 6507 for IP 10.30.4.128: A Modbus Exception Occurred - See Response Body
[2024-12-10T04:06:21.851Z] Error reading actual data: A Modbus Exception Occurred - See Response Body
[2024-12-10T04:06:21.852Z] Error writing to Modbus register: A Modbus Exception Occurred - See Response Body
[2024-12-10T04:06:22.859Z] Error reading or processing Modbus registers: A Modbus Exception Occurred - See Response Body
[2024-12-10T04:06:22.862Z] Error reading register 6507 for IP 10.30.4.128: A Modbus Exception Occurred - See Response Body
[2024-12-10T04:06:22.862Z] Error reading actual data: A Modbus Exception Occurred - See Response Body
[2024-12-10T04:06:22.863Z] Error writing to Modbus register: A Modbus Exception Occurred - See Response Body
[2024-12-10T04:06:23.874Z] Error reading or processing Modbus registers: A Modbus Exception Occurred - See Response Body
[2024-12-10T04:06:23.876Z] Error reading register 6507 for IP 10.30.4.128: A Modbus Exception Occurred - See Response Body
[2024-12-10T04:06:23.877Z] Error reading actual data: A Modbus Exception Occurred - See Response Body
[2024-12-10T04:06:23.878Z] Error writing to Modbus register: A Modbus Exception Occurred - See Response Body
[2024-12-10T04:06:24.878Z] Error reading or processing Modbus registers: A Modbus Exception Occurred - See Response Body
[2024-12-10T04:06:24.880Z] Error reading register 6507 for IP 10.30.4.128: A Modbus Exception Occurred - See Response Body
[2024-12-10T04:06:24.880Z] Error reading actual data: A Modbus Exception Occurred - See Response Body
[2024-12-10T04:06:24.881Z] Error writing to Modbus register: A Modbus Exception Occurred - See Response Body
[2024-12-10T04:06:25.883Z] Error reading or processing Modbus registers: A Modbus Exception Occurred - See Response Body
[2024-12-10T04:06:25.885Z] Error reading register 6507 for IP 10.30.4.128: A Modbus Exception Occurred - See Response Body
[2024-12-10T04:06:25.886Z] Error reading actual data: A Modbus Exception Occurred - See Response Body
[2024-12-10T04:06:25.887Z] Error writing to Modbus register: A Modbus Exception Occurred - See Response Body
[2024-12-10T04:06:26.885Z] Error reading or processing Modbus registers: A Modbus Exception Occurred - See Response Body
[2024-12-10T04:06:26.887Z] Error reading register 6507 for IP 10.30.4.128: A Modbus Exception Occurred - See Response Body
[2024-12-10T04:06:26.887Z] Error reading actual data: A Modbus Exception Occurred - See Response Body
[2024-12-10T04:06:26.888Z] Error writing to Modbus register: A Modbus Exception Occurred - See Response Body
[2024-12-10T04:06:27.899Z] Error reading or processing Modbus registers: A Modbus Exception Occurred - See Response Body
[2024-12-10T04:06:27.901Z] Error reading register 6507 for IP 10.30.4.128: A Modbus Exception Occurred - See Response Body
[2024-12-10T04:06:27.902Z] Error reading actual data: A Modbus Exception Occurred - See Response Body
[2024-12-10T04:06:27.902Z] Error writing to Modbus register: A Modbus Exception Occurred - See Response Body
[2024-12-10T04:06:28.910Z] Error reading or processing Modbus registers: A Modbus Exception Occurred - See Response Body
[2024-12-10T04:06:28.912Z] Error reading register 6507 for IP 10.30.4.128: A Modbus Exception Occurred - See Response Body
[2024-12-10T04:06:28.913Z] Error reading actual data: A Modbus Exception Occurred - See Response Body
[2024-12-10T04:06:28.913Z] Error writing to Modbus register: A Modbus Exception Occurred - See Response Body
[2024-12-10T04:06:29.912Z] Error reading or processing Modbus registers: A Modbus Exception Occurred - See Response Body
[2024-12-10T04:06:29.914Z] Error reading register 6507 for IP 10.30.4.128: A Modbus Exception Occurred - See Response Body
[2024-12-10T04:06:29.915Z] Error reading actual data: A Modbus Exception Occurred - See Response Body
[2024-12-10T04:06:29.916Z] Error writing to Modbus register: A Modbus Exception Occurred - See Response Body
[2024-12-10T04:06:30.914Z] Error reading or processing Modbus registers: A Modbus Exception Occurred - See Response Body
[2024-12-10T04:06:30.916Z] Error reading register 6507 for IP 10.30.4.128: A Modbus Exception Occurred - See Response Body
[2024-12-10T04:06:30.916Z] Error reading actual data: A Modbus Exception Occurred - See Response Body
[2024-12-10T04:06:30.917Z] Error writing to Modbus register: A Modbus Exception Occurred - See Response Body
[2024-12-10T04:06:31.928Z] Error reading or processing Modbus registers: A Modbus Exception Occurred - See Response Body
[2024-12-10T04:06:31.930Z] Error reading register 6507 for IP 10.30.4.128: A Modbus Exception Occurred - See Response Body
[2024-12-10T04:06:31.931Z] Error reading actual data: A Modbus Exception Occurred - See Response Body
[2024-12-10T04:06:31.932Z] Error writing to Modbus register: A Modbus Exception Occurred - See Response Body
[2024-12-10T04:06:32.942Z] Error reading or processing Modbus registers: A Modbus Exception Occurred - See Response Body
[2024-12-10T04:06:32.944Z] Error reading register 6507 for IP 10.30.4.128: A Modbus Exception Occurred - See Response Body
[2024-12-10T04:06:32.945Z] Error reading actual data: A Modbus Exception Occurred - See Response Body
[2024-12-10T04:06:32.945Z] Error writing to Modbus register: A Modbus Exception Occurred - See Response Body
[2024-12-10T04:06:33.947Z] Error reading or processing Modbus registers: A Modbus Exception Occurred - See Response Body
[2024-12-10T04:06:33.949Z] Error reading register 6507 for IP 10.30.4.128: A Modbus Exception Occurred - See Response Body
[2024-12-10T04:06:33.950Z] Error reading actual data: A Modbus Exception Occurred - See Response Body
[2024-12-10T04:06:33.951Z] Error writing to Modbus register: A Modbus Exception Occurred - See Response Body
[2024-12-10T04:06:34.950Z] Error reading or processing Modbus registers: A Modbus Exception Occurred - See Response Body
[2024-12-10T04:06:34.953Z] Error reading register 6507 for IP 10.30.4.128: A Modbus Exception Occurred - See Response Body
[2024-12-10T04:06:34.954Z] Error reading actual data: A Modbus Exception Occurred - See Response Body
[2024-12-10T04:06:34.954Z] Error writing to Modbus register: A Modbus Exception Occurred - See Response Body
[2024-12-10T04:06:35.965Z] Error reading or processing Modbus registers: A Modbus Exception Occurred - See Response Body
[2024-12-10T04:06:35.967Z] Error reading register 6507 for IP 10.30.4.128: A Modbus Exception Occurred - See Response Body
[2024-12-10T04:06:35.967Z] Error reading actual data: A Modbus Exception Occurred - See Response Body
[2024-12-10T04:06:35.968Z] Error writing to Modbus register: A Modbus Exception Occurred - See Response Body
[2024-12-10T04:06:36.964Z] Error reading or processing Modbus registers: A Modbus Exception Occurred - See Response Body
[2024-12-10T04:06:36.966Z] Error reading register 6507 for IP 10.30.4.128: A Modbus Exception Occurred - See Response Body
[2024-12-10T04:06:36.967Z] Error reading actual data: A Modbus Exception Occurred - See Response Body
[2024-12-10T04:06:36.968Z] Error writing to Modbus register: A Modbus Exception Occurred - See Response Body
[2024-12-10T04:06:37.977Z] Error reading or processing Modbus registers: A Modbus Exception Occurred - See Response Body
[2024-12-10T04:06:37.980Z] Error reading register 6507 for IP 10.30.4.128: A Modbus Exception Occurred - See Response Body
[2024-12-10T04:06:37.980Z] Error reading actual data: A Modbus Exception Occurred - See Response Body
[2024-12-10T04:06:37.981Z] Error writing to Modbus register: A Modbus Exception Occurred - See Response Body
[2024-12-10T04:06:38.978Z] Error reading or processing Modbus registers: A Modbus Exception Occurred - See Response Body
[2024-12-10T04:06:38.980Z] Error reading register 6507 for IP 10.30.4.128: A Modbus Exception Occurred - See Response Body
[2024-12-10T04:06:38.980Z] Error reading actual data: A Modbus Exception Occurred - See Response Body
[2024-12-10T04:06:38.981Z] Error writing to Modbus register: A Modbus Exception Occurred - See Response Body
[2024-12-10T04:06:39.979Z] Error reading or processing Modbus registers: A Modbus Exception Occurred - See Response Body
[2024-12-10T04:06:39.981Z] Error reading register 6507 for IP 10.30.4.128: A Modbus Exception Occurred - See Response Body
[2024-12-10T04:06:39.982Z] Error reading actual data: A Modbus Exception Occurred - See Response Body
[2024-12-10T04:06:39.983Z] Error writing to Modbus register: A Modbus Exception Occurred - See Response Body
[2024-12-10T04:06:40.981Z] Error reading or processing Modbus registers: A Modbus Exception Occurred - See Response Body
[2024-12-10T04:06:40.982Z] Error reading register 6507 for IP 10.30.4.128: A Modbus Exception Occurred - See Response Body
[2024-12-10T04:06:40.983Z] Error reading actual data: A Modbus Exception Occurred - See Response Body
[2024-12-10T04:06:40.984Z] Error writing to Modbus register: A Modbus Exception Occurred - See Response Body
[2024-12-10T04:06:41.982Z] Error reading or processing Modbus registers: A Modbus Exception Occurred - See Response Body
[2024-12-10T04:06:41.985Z] Error reading register 6507 for IP 10.30.4.128: A Modbus Exception Occurred - See Response Body
[2024-12-10T04:06:41.986Z] Error reading actual data: A Modbus Exception Occurred - See Response Body
[2024-12-10T04:06:41.986Z] Error writing to Modbus register: A Modbus Exception Occurred - See Response Body
[2024-12-10T04:06:42.995Z] Error reading or processing Modbus registers: A Modbus Exception Occurred - See Response Body
[2024-12-10T04:06:42.997Z] Error reading register 6507 for IP 10.30.4.128: A Modbus Exception Occurred - See Response Body
[2024-12-10T04:06:42.997Z] Error reading actual data: A Modbus Exception Occurred - See Response Body
[2024-12-10T04:06:42.998Z] Error writing to Modbus register: A Modbus Exception Occurred - See Response Body
[2024-12-10T04:06:43.997Z] Error reading or processing Modbus registers: A Modbus Exception Occurred - See Response Body
[2024-12-10T04:06:44.005Z] Error reading register 6507 for IP 10.30.4.128: A Modbus Exception Occurred - See Response Body
[2024-12-10T04:06:44.011Z] Error reading actual data: A Modbus Exception Occurred - See Response Body
[2024-12-10T04:06:44.011Z] Error writing to Modbus register: A Modbus Exception Occurred - See Response Body
[2024-12-10T04:06:45.008Z] Error reading or processing Modbus registers: A Modbus Exception Occurred - See Response Body
[2024-12-10T04:06:45.010Z] Error reading register 6507 for IP 10.30.4.128: A Modbus Exception Occurred - See Response Body
[2024-12-10T04:06:45.010Z] Error reading actual data: A Modbus Exception Occurred - See Response Body
[2024-12-10T04:06:45.011Z] Error writing to Modbus register: A Modbus Exception Occurred - See Response Body
[2024-12-10T04:06:46.009Z] Error reading or processing Modbus registers: A Modbus Exception Occurred - See Response Body
[2024-12-10T04:06:46.011Z] Error reading register 6507 for IP 10.30.4.128: A Modbus Exception Occurred - See Response Body
[2024-12-10T04:06:46.012Z] Error reading actual data: A Modbus Exception Occurred - See Response Body
[2024-12-10T04:06:46.012Z] Error writing to Modbus register: A Modbus Exception Occurred - See Response Body
[2024-12-10T04:06:47.024Z] Error reading or processing Modbus registers: A Modbus Exception Occurred - See Response Body
[2024-12-10T04:06:47.026Z] Error reading register 6507 for IP 10.30.4.128: A Modbus Exception Occurred - See Response Body
[2024-12-10T04:06:47.027Z] Error reading actual data: A Modbus Exception Occurred - See Response Body
[2024-12-10T04:06:47.027Z] Error writing to Modbus register: A Modbus Exception Occurred - See Response Body
[2024-12-10T04:06:48.037Z] Error reading or processing Modbus registers: A Modbus Exception Occurred - See Response Body
[2024-12-10T04:06:48.039Z] Error reading register 6507 for IP 10.30.4.128: A Modbus Exception Occurred - See Response Body
[2024-12-10T04:06:48.040Z] Error reading actual data: A Modbus Exception Occurred - See Response Body
[2024-12-10T04:06:48.041Z] Error writing to Modbus register: A Modbus Exception Occurred - See Response Body
[2024-12-10T04:06:49.040Z] Error reading or processing Modbus registers: A Modbus Exception Occurred - See Response Body
[2024-12-10T04:06:49.043Z] Error reading register 6507 for IP 10.30.4.128: A Modbus Exception Occurred - See Response Body
[2024-12-10T04:06:49.044Z] Error reading actual data: A Modbus Exception Occurred - See Response Body
[2024-12-10T04:06:49.044Z] Error writing to Modbus register: A Modbus Exception Occurred - See Response Body
[2024-12-10T04:06:50.048Z] Error reading or processing Modbus registers: A Modbus Exception Occurred - See Response Body
[2024-12-10T04:06:50.051Z] Error reading register 6507 for IP 10.30.4.128: A Modbus Exception Occurred - See Response Body
[2024-12-10T04:06:50.051Z] Error reading actual data: A Modbus Exception Occurred - See Response Body
[2024-12-10T04:06:50.052Z] Error writing to Modbus register: A Modbus Exception Occurred - See Response Body
[2024-12-10T04:06:51.051Z] Error reading or processing Modbus registers: A Modbus Exception Occurred - See Response Body
[2024-12-10T04:06:51.053Z] Error reading register 6507 for IP 10.30.4.128: A Modbus Exception Occurred - See Response Body
[2024-12-10T04:06:51.054Z] Error reading actual data: A Modbus Exception Occurred - See Response Body
[2024-12-10T04:06:51.055Z] Error writing to Modbus register: A Modbus Exception Occurred - See Response Body
[2024-12-10T04:06:52.055Z] Error reading or processing Modbus registers: A Modbus Exception Occurred - See Response Body
[2024-12-10T04:06:52.057Z] Error reading register 6507 for IP 10.30.4.128: A Modbus Exception Occurred - See Response Body
[2024-12-10T04:06:52.058Z] Error reading actual data: A Modbus Exception Occurred - See Response Body
[2024-12-10T04:06:52.058Z] Error writing to Modbus register: A Modbus Exception Occurred - See Response Body
[2024-12-10T04:06:53.070Z] Error reading or processing Modbus registers: A Modbus Exception Occurred - See Response Body
[2024-12-10T04:06:53.072Z] Error reading register 6507 for IP 10.30.4.128: A Modbus Exception Occurred - See Response Body
[2024-12-10T04:06:53.073Z] Error reading actual data: A Modbus Exception Occurred - See Response Body
[2024-12-10T04:06:53.074Z] Error writing to Modbus register: A Modbus Exception Occurred - See Response Body
[2024-12-10T04:06:54.083Z] Error reading or processing Modbus registers: A Modbus Exception Occurred - See Response Body
[2024-12-10T04:06:54.086Z] Error reading register 6507 for IP 10.30.4.128: A Modbus Exception Occurred - See Response Body
[2024-12-10T04:06:54.087Z] Error reading actual data: A Modbus Exception Occurred - See Response Body
[2024-12-10T04:06:54.087Z] Error writing to Modbus register: A Modbus Exception Occurred - See Response Body
[2024-12-10T04:06:55.095Z] Error reading or processing Modbus registers: A Modbus Exception Occurred - See Response Body
[2024-12-10T04:06:55.097Z] Error reading register 6507 for IP 10.30.4.128: A Modbus Exception Occurred - See Response Body
[2024-12-10T04:06:55.098Z] Error reading actual data: A Modbus Exception Occurred - See Response Body
[2024-12-10T04:06:55.098Z] Error writing to Modbus register: A Modbus Exception Occurred - See Response Body
[2024-12-10T04:06:56.096Z] Error reading or processing Modbus registers: A Modbus Exception Occurred - See Response Body
[2024-12-10T04:06:56.098Z] Error reading register 6507 for IP 10.30.4.128: A Modbus Exception Occurred - See Response Body
[2024-12-10T04:06:56.099Z] Error reading actual data: A Modbus Exception Occurred - See Response Body
[2024-12-10T04:06:56.099Z] Error writing to Modbus register: A Modbus Exception Occurred - See Response Body
[2024-12-10T04:06:57.097Z] Error reading or processing Modbus registers: A Modbus Exception Occurred - See Response Body
[2024-12-10T04:06:57.099Z] Error reading register 6507 for IP 10.30.4.128: A Modbus Exception Occurred - See Response Body
[2024-12-10T04:06:57.100Z] Error reading actual data: A Modbus Exception Occurred - See Response Body
[2024-12-10T04:06:57.101Z] Error writing to Modbus register: A Modbus Exception Occurred - See Response Body
[2024-12-10T04:06:58.099Z] Error reading or processing Modbus registers: A Modbus Exception Occurred - See Response Body
[2024-12-10T04:06:58.101Z] Error reading register 6507 for IP 10.30.4.128: A Modbus Exception Occurred - See Response Body
[2024-12-10T04:06:58.102Z] Error reading actual data: A Modbus Exception Occurred - See Response Body
[2024-12-10T04:06:58.102Z] Error writing to Modbus register: A Modbus Exception Occurred - See Response Body
[2024-12-10T04:06:59.100Z] Error reading or processing Modbus registers: A Modbus Exception Occurred - See Response Body
[2024-12-10T04:06:59.102Z] Error reading register 6507 for IP 10.30.4.128: A Modbus Exception Occurred - See Response Body
[2024-12-10T04:06:59.103Z] Error reading actual data: A Modbus Exception Occurred - See Response Body
[2024-12-10T04:06:59.103Z] Error writing to Modbus register: A Modbus Exception Occurred - See Response Body
[2024-12-10T04:07:00.101Z] Error reading or processing Modbus registers: A Modbus Exception Occurred - See Response Body
[2024-12-10T04:07:00.103Z] Error reading register 6507 for IP 10.30.4.128: A Modbus Exception Occurred - See Response Body
[2024-12-10T04:07:00.104Z] Error reading actual data: A Modbus Exception Occurred - See Response Body
[2024-12-10T04:07:00.105Z] Error writing to Modbus register: A Modbus Exception Occurred - See Response Body
[2024-12-10T04:07:01.115Z] Error reading or processing Modbus registers: A Modbus Exception Occurred - See Response Body
[2024-12-10T04:07:01.117Z] Error reading register 6507 for IP 10.30.4.128: A Modbus Exception Occurred - See Response Body
[2024-12-10T04:07:01.118Z] Error reading actual data: A Modbus Exception Occurred - See Response Body
[2024-12-10T04:07:01.118Z] Error writing to Modbus register: A Modbus Exception Occurred - See Response Body
[2024-12-10T04:07:02.128Z] Error reading or processing Modbus registers: A Modbus Exception Occurred - See Response Body
[2024-12-10T04:07:02.131Z] Error reading register 6507 for IP 10.30.4.128: A Modbus Exception Occurred - See Response Body
[2024-12-10T04:07:02.131Z] Error reading actual data: A Modbus Exception Occurred - See Response Body
[2024-12-10T04:07:02.132Z] Error writing to Modbus register: A Modbus Exception Occurred - See Response Body
[2024-12-10T04:07:03.144Z] Error reading or processing Modbus registers: A Modbus Exception Occurred - See Response Body
[2024-12-10T04:07:03.147Z] Error reading register 6507 for IP 10.30.4.128: A Modbus Exception Occurred - See Response Body
[2024-12-10T04:07:03.148Z] Error reading actual data: A Modbus Exception Occurred - See Response Body
[2024-12-10T04:07:03.148Z] Error writing to Modbus register: A Modbus Exception Occurred - See Response Body
[2024-12-10T04:07:04.157Z] Error reading or processing Modbus registers: A Modbus Exception Occurred - See Response Body
[2024-12-10T04:07:04.160Z] Error reading register 6507 for IP 10.30.4.128: A Modbus Exception Occurred - See Response Body
[2024-12-10T04:07:04.160Z] Error reading actual data: A Modbus Exception Occurred - See Response Body
[2024-12-10T04:07:04.161Z] Error writing to Modbus register: A Modbus Exception Occurred - See Response Body
[2024-12-10T04:07:05.171Z] Error reading or processing Modbus registers: A Modbus Exception Occurred - See Response Body
[2024-12-10T04:07:05.173Z] Error reading register 6507 for IP 10.30.4.128: A Modbus Exception Occurred - See Response Body
[2024-12-10T04:07:05.173Z] Error reading actual data: A Modbus Exception Occurred - See Response Body
[2024-12-10T04:07:05.174Z] Error writing to Modbus register: A Modbus Exception Occurred - See Response Body
[2024-12-10T04:07:06.175Z] Error reading or processing Modbus registers: A Modbus Exception Occurred - See Response Body
[2024-12-10T04:07:06.177Z] Error reading register 6507 for IP 10.30.4.128: A Modbus Exception Occurred - See Response Body
[2024-12-10T04:07:06.178Z] Error reading actual data: A Modbus Exception Occurred - See Response Body
[2024-12-10T04:07:06.178Z] Error writing to Modbus register: A Modbus Exception Occurred - See Response Body
[2024-12-10T04:07:07.188Z] Error reading or processing Modbus registers: A Modbus Exception Occurred - See Response Body
[2024-12-10T04:07:07.190Z] Error reading register 6507 for IP 10.30.4.128: A Modbus Exception Occurred - See Response Body
[2024-12-10T04:07:07.190Z] Error reading actual data: A Modbus Exception Occurred - See Response Body
[2024-12-10T04:07:07.191Z] Error writing to Modbus register: A Modbus Exception Occurred - See Response Body
[2024-12-10T04:07:08.199Z] Error reading or processing Modbus registers: A Modbus Exception Occurred - See Response Body
[2024-12-10T04:07:08.201Z] Error reading register 6507 for IP 10.30.4.128: A Modbus Exception Occurred - See Response Body
[2024-12-10T04:07:08.201Z] Error reading actual data: A Modbus Exception Occurred - See Response Body
[2024-12-10T04:07:08.202Z] Error writing to Modbus register: A Modbus Exception Occurred - See Response Body
[2024-12-10T04:07:09.202Z] Error reading or processing Modbus registers: A Modbus Exception Occurred - See Response Body
[2024-12-10T04:07:09.204Z] Error reading register 6507 for IP 10.30.4.128: A Modbus Exception Occurred - See Response Body
[2024-12-10T04:07:09.205Z] Error reading actual data: A Modbus Exception Occurred - See Response Body
[2024-12-10T04:07:09.205Z] Error writing to Modbus register: A Modbus Exception Occurred - See Response Body
[2024-12-10T04:07:10.215Z] Error reading or processing Modbus registers: A Modbus Exception Occurred - See Response Body
[2024-12-10T04:07:10.219Z] Error reading register 6507 for IP 10.30.4.128: A Modbus Exception Occurred - See Response Body
[2024-12-10T04:07:10.220Z] Error reading actual data: A Modbus Exception Occurred - See Response Body
[2024-12-10T04:07:10.220Z] Error writing to Modbus register: A Modbus Exception Occurred - See Response Body
[2024-12-10T04:07:11.220Z] Error reading or processing Modbus registers: A Modbus Exception Occurred - See Response Body
[2024-12-10T04:07:11.222Z] Error reading register 6507 for IP 10.30.4.128: A Modbus Exception Occurred - See Response Body
[2024-12-10T04:07:11.223Z] Error reading actual data: A Modbus Exception Occurred - See Response Body
[2024-12-10T04:07:11.223Z] Error writing to Modbus register: A Modbus Exception Occurred - See Response Body
[2024-12-10T04:07:12.234Z] Error reading or processing Modbus registers: A Modbus Exception Occurred - See Response Body
[2024-12-10T04:07:12.236Z] Error reading register 6507 for IP 10.30.4.128: A Modbus Exception Occurred - See Response Body
[2024-12-10T04:07:12.237Z] Error reading actual data: A Modbus Exception Occurred - See Response Body
[2024-12-10T04:07:12.237Z] Error writing to Modbus register: A Modbus Exception Occurred - See Response Body
[2024-12-10T04:07:13.250Z] Error reading or processing Modbus registers: A Modbus Exception Occurred - See Response Body
[2024-12-10T04:07:13.252Z] Error reading register 6507 for IP 10.30.4.128: A Modbus Exception Occurred - See Response Body
[2024-12-10T04:07:13.253Z] Error reading actual data: A Modbus Exception Occurred - See Response Body
[2024-12-10T04:07:13.253Z] Error writing to Modbus register: A Modbus Exception Occurred - See Response Body
[2024-12-10T04:07:14.249Z] Error reading or processing Modbus registers: A Modbus Exception Occurred - See Response Body
[2024-12-10T04:07:14.252Z] Error reading register 6507 for IP 10.30.4.128: A Modbus Exception Occurred - See Response Body
[2024-12-10T04:07:14.252Z] Error reading actual data: A Modbus Exception Occurred - See Response Body
[2024-12-10T04:07:14.253Z] Error writing to Modbus register: A Modbus Exception Occurred - See Response Body
[2024-12-10T04:07:15.263Z] Error reading or processing Modbus registers: A Modbus Exception Occurred - See Response Body
[2024-12-10T04:07:15.265Z] Error reading register 6507 for IP 10.30.4.128: A Modbus Exception Occurred - See Response Body
[2024-12-10T04:07:15.265Z] Error reading actual data: A Modbus Exception Occurred - See Response Body
[2024-12-10T04:07:15.266Z] Error writing to Modbus register: A Modbus Exception Occurred - See Response Body
[2024-12-10T04:07:16.264Z] Error reading or processing Modbus registers: A Modbus Exception Occurred - See Response Body
[2024-12-10T04:07:16.266Z] Error reading register 6507 for IP 10.30.4.128: A Modbus Exception Occurred - See Response Body
[2024-12-10T04:07:16.267Z] Error reading actual data: A Modbus Exception Occurred - See Response Body
[2024-12-10T04:07:16.268Z] Error writing to Modbus register: A Modbus Exception Occurred - See Response Body
[2024-12-10T04:07:17.266Z] Error reading or processing Modbus registers: A Modbus Exception Occurred - See Response Body
[2024-12-10T04:07:17.269Z] Error reading register 6507 for IP 10.30.4.128: A Modbus Exception Occurred - See Response Body
[2024-12-10T04:07:17.270Z] Error reading actual data: A Modbus Exception Occurred - See Response Body
[2024-12-10T04:07:17.270Z] Error writing to Modbus register: A Modbus Exception Occurred - See Response Body
[2024-12-10T04:07:18.279Z] Error reading or processing Modbus registers: A Modbus Exception Occurred - See Response Body
[2024-12-10T04:07:18.281Z] Error reading register 6507 for IP 10.30.4.128: A Modbus Exception Occurred - See Response Body
[2024-12-10T04:07:18.281Z] Error reading actual data: A Modbus Exception Occurred - See Response Body
[2024-12-10T04:07:18.282Z] Error writing to Modbus register: A Modbus Exception Occurred - See Response Body
[2024-12-10T04:07:19.281Z] Error reading or processing Modbus registers: A Modbus Exception Occurred - See Response Body
[2024-12-10T04:07:19.283Z] Error reading register 6507 for IP 10.30.4.128: A Modbus Exception Occurred - See Response Body
[2024-12-10T04:07:19.284Z] Error reading actual data: A Modbus Exception Occurred - See Response Body
[2024-12-10T04:07:19.284Z] Error writing to Modbus register: A Modbus Exception Occurred - See Response Body
[2024-12-10T04:07:20.284Z] Error reading or processing Modbus registers: A Modbus Exception Occurred - See Response Body
[2024-12-10T04:07:20.287Z] Error reading register 6507 for IP 10.30.4.128: A Modbus Exception Occurred - See Response Body
[2024-12-10T04:07:20.287Z] Error reading actual data: A Modbus Exception Occurred - See Response Body
[2024-12-10T04:07:20.288Z] Error writing to Modbus register: A Modbus Exception Occurred - See Response Body
[2024-12-10T04:07:21.288Z] Error reading or processing Modbus registers: A Modbus Exception Occurred - See Response Body
[2024-12-10T04:07:21.290Z] Error reading register 6507 for IP 10.30.4.128: A Modbus Exception Occurred - See Response Body
[2024-12-10T04:07:21.291Z] Error reading actual data: A Modbus Exception Occurred - See Response Body
[2024-12-10T04:07:21.292Z] Error writing to Modbus register: A Modbus Exception Occurred - See Response Body
[2024-12-10T04:07:22.293Z] Error reading or processing Modbus registers: A Modbus Exception Occurred - See Response Body
[2024-12-10T04:07:22.296Z] Error reading register 6507 for IP 10.30.4.128: A Modbus Exception Occurred - See Response Body
[2024-12-10T04:07:22.297Z] Error reading actual data: A Modbus Exception Occurred - See Response Body
[2024-12-10T04:07:22.298Z] Error writing to Modbus register: A Modbus Exception Occurred - See Response Body
[2024-12-10T04:07:23.294Z] Error reading or processing Modbus registers: A Modbus Exception Occurred - See Response Body
[2024-12-10T04:07:23.296Z] Error reading register 6507 for IP 10.30.4.128: A Modbus Exception Occurred - See Response Body
[2024-12-10T04:07:23.297Z] Error reading actual data: A Modbus Exception Occurred - See Response Body
[2024-12-10T04:07:23.297Z] Error writing to Modbus register: A Modbus Exception Occurred - See Response Body
[2024-12-10T04:07:24.308Z] Error reading or processing Modbus registers: A Modbus Exception Occurred - See Response Body
[2024-12-10T04:07:24.310Z] Error reading register 6507 for IP 10.30.4.128: A Modbus Exception Occurred - See Response Body
[2024-12-10T04:07:24.311Z] Error reading actual data: A Modbus Exception Occurred - See Response Body
[2024-12-10T04:07:24.312Z] Error writing to Modbus register: A Modbus Exception Occurred - See Response Body
[2024-12-10T04:07:25.311Z] Error reading or processing Modbus registers: A Modbus Exception Occurred - See Response Body
[2024-12-10T04:07:25.313Z] Error reading register 6507 for IP 10.30.4.128: A Modbus Exception Occurred - See Response Body
[2024-12-10T04:07:25.314Z] Error reading actual data: A Modbus Exception Occurred - See Response Body
[2024-12-10T04:07:25.315Z] Error writing to Modbus register: A Modbus Exception Occurred - See Response Body
[2024-12-10T04:07:26.313Z] Error reading or processing Modbus registers: A Modbus Exception Occurred - See Response Body
[2024-12-10T04:07:26.315Z] Error reading register 6507 for IP 10.30.4.128: A Modbus Exception Occurred - See Response Body
[2024-12-10T04:07:26.316Z] Error reading actual data: A Modbus Exception Occurred - See Response Body
[2024-12-10T04:07:26.316Z] Error writing to Modbus register: A Modbus Exception Occurred - See Response Body
[2024-12-10T04:07:27.316Z] Error reading or processing Modbus registers: A Modbus Exception Occurred - See Response Body
[2024-12-10T04:07:27.319Z] Error reading register 6507 for IP 10.30.4.128: A Modbus Exception Occurred - See Response Body
[2024-12-10T04:07:27.319Z] Error reading actual data: A Modbus Exception Occurred - See Response Body
[2024-12-10T04:07:27.320Z] Error writing to Modbus register: A Modbus Exception Occurred - See Response Body
[2024-12-10T04:07:28.319Z] Error reading or processing Modbus registers: A Modbus Exception Occurred - See Response Body
[2024-12-10T04:07:28.321Z] Error reading register 6507 for IP 10.30.4.128: A Modbus Exception Occurred - See Response Body
[2024-12-10T04:07:28.321Z] Error reading actual data: A Modbus Exception Occurred - See Response Body
[2024-12-10T04:07:28.322Z] Error writing to Modbus register: A Modbus Exception Occurred - See Response Body
[2024-12-10T04:07:29.322Z] Error reading or processing Modbus registers: A Modbus Exception Occurred - See Response Body
[2024-12-10T04:07:29.323Z] Error reading register 6507 for IP 10.30.4.128: A Modbus Exception Occurred - See Response Body
[2024-12-10T04:07:29.324Z] Error reading actual data: A Modbus Exception Occurred - See Response Body
[2024-12-10T04:07:29.324Z] Error writing to Modbus register: A Modbus Exception Occurred - See Response Body
[2024-12-10T04:07:30.324Z] Error reading or processing Modbus registers: A Modbus Exception Occurred - See Response Body
[2024-12-10T04:07:30.326Z] Error reading register 6507 for IP 10.30.4.128: A Modbus Exception Occurred - See Response Body
[2024-12-10T04:07:30.327Z] Error reading actual data: A Modbus Exception Occurred - See Response Body
[2024-12-10T04:07:30.328Z] Error writing to Modbus register: A Modbus Exception Occurred - See Response Body
[2024-12-10T04:07:31.325Z] Error reading or processing Modbus registers: A Modbus Exception Occurred - See Response Body
[2024-12-10T04:07:31.327Z] Error reading register 6507 for IP 10.30.4.128: A Modbus Exception Occurred - See Response Body
[2024-12-10T04:07:31.328Z] Error reading actual data: A Modbus Exception Occurred - See Response Body
[2024-12-10T04:07:31.328Z] Error writing to Modbus register: A Modbus Exception Occurred - See Response Body
[2024-12-10T04:07:32.328Z] Error reading or processing Modbus registers: A Modbus Exception Occurred - See Response Body
[2024-12-10T04:07:32.331Z] Error reading register 6507 for IP 10.30.4.128: A Modbus Exception Occurred - See Response Body
[2024-12-10T04:07:32.335Z] Error reading actual data: A Modbus Exception Occurred - See Response Body
[2024-12-10T04:07:32.336Z] Error writing to Modbus register: A Modbus Exception Occurred - See Response Body
[2024-12-10T04:07:33.332Z] Error reading or processing Modbus registers: A Modbus Exception Occurred - See Response Body
[2024-12-10T04:07:33.336Z] Error reading register 6507 for IP 10.30.4.128: A Modbus Exception Occurred - See Response Body
[2024-12-10T04:07:33.337Z] Error reading actual data: A Modbus Exception Occurred - See Response Body
[2024-12-10T04:07:33.338Z] Error writing to Modbus register: A Modbus Exception Occurred - See Response Body
[2024-12-10T04:07:34.334Z] Error reading or processing Modbus registers: A Modbus Exception Occurred - See Response Body
[2024-12-10T04:07:34.336Z] Error reading register 6507 for IP 10.30.4.128: A Modbus Exception Occurred - See Response Body
[2024-12-10T04:07:34.337Z] Error reading actual data: A Modbus Exception Occurred - See Response Body
[2024-12-10T04:07:34.337Z] Error writing to Modbus register: A Modbus Exception Occurred - See Response Body
[2024-12-10T04:07:35.333Z] Error reading or processing Modbus registers: A Modbus Exception Occurred - See Response Body
[2024-12-10T04:07:35.335Z] Error reading register 6507 for IP 10.30.4.128: A Modbus Exception Occurred - See Response Body
[2024-12-10T04:07:35.336Z] Error reading actual data: A Modbus Exception Occurred - See Response Body
[2024-12-10T04:07:35.337Z] Error writing to Modbus register: A Modbus Exception Occurred - See Response Body
[2024-12-10T04:07:36.347Z] Error reading or processing Modbus registers: A Modbus Exception Occurred - See Response Body
[2024-12-10T04:07:36.349Z] Error reading register 6507 for IP 10.30.4.128: A Modbus Exception Occurred - See Response Body
[2024-12-10T04:07:36.350Z] Error reading actual data: A Modbus Exception Occurred - See Response Body
[2024-12-10T04:07:36.350Z] Error writing to Modbus register: A Modbus Exception Occurred - See Response Body
[2024-12-10T04:07:37.361Z] Error reading or processing Modbus registers: A Modbus Exception Occurred - See Response Body
[2024-12-10T04:07:37.362Z] Error reading register 6507 for IP 10.30.4.128: A Modbus Exception Occurred - See Response Body
[2024-12-10T04:07:37.363Z] Error reading actual data: A Modbus Exception Occurred - See Response Body
[2024-12-10T04:07:37.363Z] Error writing to Modbus register: A Modbus Exception Occurred - See Response Body
[2024-12-10T04:07:38.376Z] Error reading or processing Modbus registers: A Modbus Exception Occurred - See Response Body
[2024-12-10T04:07:38.379Z] Error reading register 6507 for IP 10.30.4.128: A Modbus Exception Occurred - See Response Body
[2024-12-10T04:07:38.380Z] Error reading actual data: A Modbus Exception Occurred - See Response Body
[2024-12-10T04:07:38.380Z] Error writing to Modbus register: A Modbus Exception Occurred - See Response Body
[2024-12-10T04:07:39.383Z] Error reading or processing Modbus registers: A Modbus Exception Occurred - See Response Body
[2024-12-10T04:07:39.385Z] Error reading register 6507 for IP 10.30.4.128: A Modbus Exception Occurred - See Response Body
[2024-12-10T04:07:39.385Z] Error reading actual data: A Modbus Exception Occurred - See Response Body
[2024-12-10T04:07:39.386Z] Error writing to Modbus register: A Modbus Exception Occurred - See Response Body
[2024-12-10T04:07:40.385Z] Error reading or processing Modbus registers: A Modbus Exception Occurred - See Response Body
[2024-12-10T04:07:40.388Z] Error reading register 6507 for IP 10.30.4.128: A Modbus Exception Occurred - See Response Body
[2024-12-10T04:07:40.388Z] Error reading actual data: A Modbus Exception Occurred - See Response Body
[2024-12-10T04:07:40.389Z] Error writing to Modbus register: A Modbus Exception Occurred - See Response Body
[2024-12-10T04:07:41.401Z] Error reading or processing Modbus registers: A Modbus Exception Occurred - See Response Body
[2024-12-10T04:07:41.403Z] Error reading register 6507 for IP 10.30.4.128: A Modbus Exception Occurred - See Response Body
[2024-12-10T04:07:41.406Z] Error reading actual data: A Modbus Exception Occurred - See Response Body
[2024-12-10T04:07:41.406Z] Error writing to Modbus register: A Modbus Exception Occurred - See Response Body
[2024-12-10T04:07:42.408Z] Error reading or processing Modbus registers: A Modbus Exception Occurred - See Response Body
[2024-12-10T04:07:42.411Z] Error reading register 6507 for IP 10.30.4.128: A Modbus Exception Occurred - See Response Body
[2024-12-10T04:07:42.411Z] Error reading actual data: A Modbus Exception Occurred - See Response Body
[2024-12-10T04:07:42.412Z] Error writing to Modbus register: A Modbus Exception Occurred - See Response Body
[2024-12-10T04:07:43.414Z] Error reading or processing Modbus registers: A Modbus Exception Occurred - See Response Body
[2024-12-10T04:07:43.416Z] Error reading register 6507 for IP 10.30.4.128: A Modbus Exception Occurred - See Response Body
[2024-12-10T04:07:43.417Z] Error reading actual data: A Modbus Exception Occurred - See Response Body
[2024-12-10T04:07:43.417Z] Error writing to Modbus register: A Modbus Exception Occurred - See Response Body
[2024-12-10T04:07:44.429Z] Error reading or processing Modbus registers: A Modbus Exception Occurred - See Response Body
[2024-12-10T04:07:44.431Z] Error reading register 6507 for IP 10.30.4.128: A Modbus Exception Occurred - See Response Body
[2024-12-10T04:07:44.432Z] Error reading actual data: A Modbus Exception Occurred - See Response Body
[2024-12-10T04:07:44.433Z] Error writing to Modbus register: A Modbus Exception Occurred - See Response Body
[2024-12-10T04:07:45.430Z] Error reading or processing Modbus registers: A Modbus Exception Occurred - See Response Body
[2024-12-10T04:07:45.432Z] Error reading register 6507 for IP 10.30.4.128: A Modbus Exception Occurred - See Response Body
[2024-12-10T04:07:45.433Z] Error reading actual data: A Modbus Exception Occurred - See Response Body
[2024-12-10T04:07:45.433Z] Error writing to Modbus register: A Modbus Exception Occurred - See Response Body
[2024-12-10T04:07:46.446Z] Error reading or processing Modbus registers: A Modbus Exception Occurred - See Response Body
[2024-12-10T04:07:46.448Z] Error reading register 6507 for IP 10.30.4.128: A Modbus Exception Occurred - See Response Body
[2024-12-10T04:07:46.448Z] Error reading actual data: A Modbus Exception Occurred - See Response Body
[2024-12-10T04:07:46.449Z] Error writing to Modbus register: A Modbus Exception Occurred - See Response Body
[2024-12-10T04:07:47.457Z] Error reading or processing Modbus registers: A Modbus Exception Occurred - See Response Body
[2024-12-10T04:07:47.460Z] Error reading register 6507 for IP 10.30.4.128: A Modbus Exception Occurred - See Response Body
[2024-12-10T04:07:47.460Z] Error reading actual data: A Modbus Exception Occurred - See Response Body
[2024-12-10T04:07:47.461Z] Error writing to Modbus register: A Modbus Exception Occurred - See Response Body
[2024-12-10T04:07:48.472Z] Error reading or processing Modbus registers: A Modbus Exception Occurred - See Response Body
[2024-12-10T04:07:48.474Z] Error reading register 6507 for IP 10.30.4.128: A Modbus Exception Occurred - See Response Body
[2024-12-10T04:07:48.475Z] Error reading actual data: A Modbus Exception Occurred - See Response Body
[2024-12-10T04:07:48.475Z] Error writing to Modbus register: A Modbus Exception Occurred - See Response Body
[2024-12-10T04:07:49.474Z] Error reading or processing Modbus registers: A Modbus Exception Occurred - See Response Body
[2024-12-10T04:07:49.476Z] Error reading register 6507 for IP 10.30.4.128: A Modbus Exception Occurred - See Response Body
[2024-12-10T04:07:49.476Z] Error reading actual data: A Modbus Exception Occurred - See Response Body
[2024-12-10T04:07:49.477Z] Error writing to Modbus register: A Modbus Exception Occurred - See Response Body
[2024-12-10T04:07:50.488Z] Error reading or processing Modbus registers: A Modbus Exception Occurred - See Response Body
[2024-12-10T04:07:50.491Z] Error reading register 6507 for IP 10.30.4.128: A Modbus Exception Occurred - See Response Body
[2024-12-10T04:07:50.492Z] Error reading actual data: A Modbus Exception Occurred - See Response Body
[2024-12-10T04:07:50.492Z] Error writing to Modbus register: A Modbus Exception Occurred - See Response Body
[2024-12-10T04:07:51.503Z] Error reading or processing Modbus registers: A Modbus Exception Occurred - See Response Body
[2024-12-10T04:07:51.506Z] Error reading register 6507 for IP 10.30.4.128: A Modbus Exception Occurred - See Response Body
[2024-12-10T04:07:51.507Z] Error reading actual data: A Modbus Exception Occurred - See Response Body
[2024-12-10T04:07:51.508Z] Error writing to Modbus register: A Modbus Exception Occurred - See Response Body
[2024-12-10T04:07:52.505Z] Error reading or processing Modbus registers: A Modbus Exception Occurred - See Response Body
[2024-12-10T04:07:52.507Z] Error reading register 6507 for IP 10.30.4.128: A Modbus Exception Occurred - See Response Body
[2024-12-10T04:07:52.508Z] Error reading actual data: A Modbus Exception Occurred - See Response Body
[2024-12-10T04:07:52.509Z] Error writing to Modbus register: A Modbus Exception Occurred - See Response Body
[2024-12-10T04:07:53.508Z] Error reading or processing Modbus registers: A Modbus Exception Occurred - See Response Body
[2024-12-10T04:07:53.511Z] Error reading register 6507 for IP 10.30.4.128: A Modbus Exception Occurred - See Response Body
[2024-12-10T04:07:53.512Z] Error reading actual data: A Modbus Exception Occurred - See Response Body
[2024-12-10T04:07:53.513Z] Error writing to Modbus register: A Modbus Exception Occurred - See Response Body
[2024-12-10T04:07:54.522Z] Error reading or processing Modbus registers: A Modbus Exception Occurred - See Response Body
[2024-12-10T04:07:54.524Z] Error reading register 6507 for IP 10.30.4.128: A Modbus Exception Occurred - See Response Body
[2024-12-10T04:07:54.525Z] Error reading actual data: A Modbus Exception Occurred - See Response Body
[2024-12-10T04:07:54.525Z] Error writing to Modbus register: A Modbus Exception Occurred - See Response Body
[2024-12-10T04:07:55.523Z] Error reading or processing Modbus registers: A Modbus Exception Occurred - See Response Body
[2024-12-10T04:07:55.525Z] Error reading register 6507 for IP 10.30.4.128: A Modbus Exception Occurred - See Response Body
[2024-12-10T04:07:55.526Z] Error reading actual data: A Modbus Exception Occurred - See Response Body
[2024-12-10T04:07:55.526Z] Error writing to Modbus register: A Modbus Exception Occurred - See Response Body
[2024-12-10T04:07:56.526Z] Error reading or processing Modbus registers: A Modbus Exception Occurred - See Response Body
[2024-12-10T04:07:56.528Z] Error reading register 6507 for IP 10.30.4.128: A Modbus Exception Occurred - See Response Body
[2024-12-10T04:07:56.529Z] Error reading actual data: A Modbus Exception Occurred - See Response Body
[2024-12-10T04:07:56.529Z] Error writing to Modbus register: A Modbus Exception Occurred - See Response Body
[2024-12-10T04:07:57.528Z] Error reading or processing Modbus registers: A Modbus Exception Occurred - See Response Body
[2024-12-10T04:07:57.530Z] Error reading register 6507 for IP 10.30.4.128: A Modbus Exception Occurred - See Response Body
[2024-12-10T04:07:57.530Z] Error reading actual data: A Modbus Exception Occurred - See Response Body
[2024-12-10T04:07:57.531Z] Error writing to Modbus register: A Modbus Exception Occurred - See Response Body
[2024-12-10T04:07:58.539Z] Error reading or processing Modbus registers: A Modbus Exception Occurred - See Response Body
[2024-12-10T04:07:58.541Z] Error reading register 6507 for IP 10.30.4.128: A Modbus Exception Occurred - See Response Body
[2024-12-10T04:07:58.542Z] Error reading actual data: A Modbus Exception Occurred - See Response Body
[2024-12-10T04:07:58.543Z] Error writing to Modbus register: A Modbus Exception Occurred - See Response Body
[2024-12-10T04:07:59.541Z] Error reading or processing Modbus registers: A Modbus Exception Occurred - See Response Body
[2024-12-10T04:07:59.543Z] Error reading register 6507 for IP 10.30.4.128: A Modbus Exception Occurred - See Response Body
[2024-12-10T04:07:59.544Z] Error reading actual data: A Modbus Exception Occurred - See Response Body
[2024-12-10T04:07:59.544Z] Error writing to Modbus register: A Modbus Exception Occurred - See Response Body
[2024-12-10T04:08:00.557Z] Error reading or processing Modbus registers: A Modbus Exception Occurred - See Response Body
[2024-12-10T04:08:00.559Z] Error reading register 6507 for IP 10.30.4.128: A Modbus Exception Occurred - See Response Body
[2024-12-10T04:08:00.560Z] Error reading actual data: A Modbus Exception Occurred - See Response Body
[2024-12-10T04:08:00.560Z] Error writing to Modbus register: A Modbus Exception Occurred - See Response Body
[2024-12-10T04:08:01.571Z] Error reading or processing Modbus registers: A Modbus Exception Occurred - See Response Body
[2024-12-10T04:08:01.573Z] Error reading register 6507 for IP 10.30.4.128: A Modbus Exception Occurred - See Response Body
[2024-12-10T04:08:01.574Z] Error reading actual data: A Modbus Exception Occurred - See Response Body
[2024-12-10T04:08:01.575Z] Error writing to Modbus register: A Modbus Exception Occurred - See Response Body
[2024-12-10T04:08:02.572Z] Error reading or processing Modbus registers: A Modbus Exception Occurred - See Response Body
[2024-12-10T04:08:02.574Z] Error reading register 6507 for IP 10.30.4.128: A Modbus Exception Occurred - See Response Body
[2024-12-10T04:08:02.575Z] Error reading actual data: A Modbus Exception Occurred - See Response Body
[2024-12-10T04:08:02.575Z] Error writing to Modbus register: A Modbus Exception Occurred - See Response Body
[2024-12-10T04:08:03.586Z] Error reading or processing Modbus registers: A Modbus Exception Occurred - See Response Body
[2024-12-10T04:08:03.588Z] Error reading register 6507 for IP 10.30.4.128: A Modbus Exception Occurred - See Response Body
[2024-12-10T04:08:03.589Z] Error reading actual data: A Modbus Exception Occurred - See Response Body
[2024-12-10T04:08:03.590Z] Error writing to Modbus register: A Modbus Exception Occurred - See Response Body
[2024-12-10T04:08:04.599Z] Error reading or processing Modbus registers: A Modbus Exception Occurred - See Response Body
[2024-12-10T04:08:04.600Z] Error reading register 6507 for IP 10.30.4.128: A Modbus Exception Occurred - See Response Body
[2024-12-10T04:08:04.601Z] Error reading actual data: A Modbus Exception Occurred - See Response Body
[2024-12-10T04:08:04.601Z] Error writing to Modbus register: A Modbus Exception Occurred - See Response Body
[2024-12-10T04:08:05.603Z] Error reading or processing Modbus registers: A Modbus Exception Occurred - See Response Body
[2024-12-10T04:08:05.605Z] Error reading register 6507 for IP 10.30.4.128: A Modbus Exception Occurred - See Response Body
[2024-12-10T04:08:05.606Z] Error reading actual data: A Modbus Exception Occurred - See Response Body
[2024-12-10T04:08:05.606Z] Error writing to Modbus register: A Modbus Exception Occurred - See Response Body
[2024-12-10T04:08:06.615Z] Error reading or processing Modbus registers: A Modbus Exception Occurred - See Response Body
[2024-12-10T04:08:06.618Z] Error reading register 6507 for IP 10.30.4.128: A Modbus Exception Occurred - See Response Body
[2024-12-10T04:08:06.619Z] Error reading actual data: A Modbus Exception Occurred - See Response Body
[2024-12-10T04:08:06.619Z] Error writing to Modbus register: A Modbus Exception Occurred - See Response Body
[2024-12-10T04:08:07.631Z] Error reading or processing Modbus registers: A Modbus Exception Occurred - See Response Body
[2024-12-10T04:08:07.633Z] Error reading register 6507 for IP 10.30.4.128: A Modbus Exception Occurred - See Response Body
[2024-12-10T04:08:07.634Z] Error reading actual data: A Modbus Exception Occurred - See Response Body
[2024-12-10T04:08:07.634Z] Error writing to Modbus register: A Modbus Exception Occurred - See Response Body
[2024-12-10T04:08:08.632Z] Error reading or processing Modbus registers: A Modbus Exception Occurred - See Response Body
[2024-12-10T04:08:08.634Z] Error reading register 6507 for IP 10.30.4.128: A Modbus Exception Occurred - See Response Body
[2024-12-10T04:08:08.634Z] Error reading actual data: A Modbus Exception Occurred - See Response Body
[2024-12-10T04:08:08.635Z] Error writing to Modbus register: A Modbus Exception Occurred - See Response Body
[2024-12-10T04:08:09.645Z] Error reading or processing Modbus registers: A Modbus Exception Occurred - See Response Body
[2024-12-10T04:08:09.647Z] Error reading register 6507 for IP 10.30.4.128: A Modbus Exception Occurred - See Response Body
[2024-12-10T04:08:09.647Z] Error reading actual data: A Modbus Exception Occurred - See Response Body
[2024-12-10T04:08:09.648Z] Error writing to Modbus register: A Modbus Exception Occurred - See Response Body
[2024-12-10T04:08:10.645Z] Error reading or processing Modbus registers: A Modbus Exception Occurred - See Response Body
[2024-12-10T04:08:10.647Z] Error reading register 6507 for IP 10.30.4.128: A Modbus Exception Occurred - See Response Body
[2024-12-10T04:08:10.648Z] Error reading actual data: A Modbus Exception Occurred - See Response Body
[2024-12-10T04:08:10.648Z] Error writing to Modbus register: A Modbus Exception Occurred - See Response Body
[2024-12-10T04:08:11.659Z] Error reading or processing Modbus registers: A Modbus Exception Occurred - See Response Body
[2024-12-10T04:08:11.661Z] Error reading register 6507 for IP 10.30.4.128: A Modbus Exception Occurred - See Response Body
[2024-12-10T04:08:11.662Z] Error reading actual data: A Modbus Exception Occurred - See Response Body
[2024-12-10T04:08:11.663Z] Error writing to Modbus register: A Modbus Exception Occurred - See Response Body
[2024-12-10T04:08:12.662Z] Error reading or processing Modbus registers: A Modbus Exception Occurred - See Response Body
[2024-12-10T04:08:12.664Z] Error reading register 6507 for IP 10.30.4.128: A Modbus Exception Occurred - See Response Body
[2024-12-10T04:08:12.665Z] Error reading actual data: A Modbus Exception Occurred - See Response Body
[2024-12-10T04:08:12.666Z] Error writing to Modbus register: A Modbus Exception Occurred - See Response Body
[2024-12-10T04:08:13.664Z] Error reading or processing Modbus registers: A Modbus Exception Occurred - See Response Body
[2024-12-10T04:08:13.666Z] Error reading register 6507 for IP 10.30.4.128: A Modbus Exception Occurred - See Response Body
[2024-12-10T04:08:13.667Z] Error reading actual data: A Modbus Exception Occurred - See Response Body
[2024-12-10T04:08:13.667Z] Error writing to Modbus register: A Modbus Exception Occurred - See Response Body
[2024-12-10T04:08:14.667Z] Error reading or processing Modbus registers: A Modbus Exception Occurred - See Response Body
[2024-12-10T04:08:14.670Z] Error reading register 6507 for IP 10.30.4.128: A Modbus Exception Occurred - See Response Body
[2024-12-10T04:08:14.671Z] Error reading actual data: A Modbus Exception Occurred - See Response Body
[2024-12-10T04:08:14.671Z] Error writing to Modbus register: A Modbus Exception Occurred - See Response Body
[2024-12-10T04:08:15.669Z] Error reading or processing Modbus registers: A Modbus Exception Occurred - See Response Body
[2024-12-10T04:08:15.672Z] Error reading register 6507 for IP 10.30.4.128: A Modbus Exception Occurred - See Response Body
[2024-12-10T04:08:15.673Z] Error reading actual data: A Modbus Exception Occurred - See Response Body
[2024-12-10T04:08:15.673Z] Error writing to Modbus register: A Modbus Exception Occurred - See Response Body
[2024-12-10T04:08:16.680Z] Error reading or processing Modbus registers: A Modbus Exception Occurred - See Response Body
[2024-12-10T04:08:16.683Z] Error reading register 6507 for IP 10.30.4.128: A Modbus Exception Occurred - See Response Body
[2024-12-10T04:08:16.683Z] Error reading actual data: A Modbus Exception Occurred - See Response Body
[2024-12-10T04:08:16.684Z] Error writing to Modbus register: A Modbus Exception Occurred - See Response Body
[2024-12-10T04:08:17.682Z] Error reading or processing Modbus registers: A Modbus Exception Occurred - See Response Body
[2024-12-10T04:08:17.684Z] Error reading register 6507 for IP 10.30.4.128: A Modbus Exception Occurred - See Response Body
[2024-12-10T04:08:17.685Z] Error reading actual data: A Modbus Exception Occurred - See Response Body
[2024-12-10T04:08:17.685Z] Error writing to Modbus register: A Modbus Exception Occurred - See Response Body
[2024-12-10T04:08:18.686Z] Error reading or processing Modbus registers: A Modbus Exception Occurred - See Response Body
[2024-12-10T04:08:18.688Z] Error reading register 6507 for IP 10.30.4.128: A Modbus Exception Occurred - See Response Body
[2024-12-10T04:08:18.689Z] Error reading actual data: A Modbus Exception Occurred - See Response Body
[2024-12-10T04:08:18.690Z] Error writing to Modbus register: A Modbus Exception Occurred - See Response Body
[2024-12-10T04:08:19.700Z] Error reading or processing Modbus registers: A Modbus Exception Occurred - See Response Body
[2024-12-10T04:08:19.705Z] Error reading register 6507 for IP 10.30.4.128: A Modbus Exception Occurred - See Response Body
[2024-12-10T04:08:19.705Z] Error reading actual data: A Modbus Exception Occurred - See Response Body
[2024-12-10T04:08:19.706Z] Error writing to Modbus register: A Modbus Exception Occurred - See Response Body
[2024-12-10T04:08:20.704Z] Error reading or processing Modbus registers: A Modbus Exception Occurred - See Response Body
[2024-12-10T04:08:20.706Z] Error reading register 6507 for IP 10.30.4.128: A Modbus Exception Occurred - See Response Body
[2024-12-10T04:08:20.707Z] Error reading actual data: A Modbus Exception Occurred - See Response Body
[2024-12-10T04:08:20.707Z] Error writing to Modbus register: A Modbus Exception Occurred - See Response Body
[2024-12-10T04:08:21.705Z] Error reading or processing Modbus registers: A Modbus Exception Occurred - See Response Body
[2024-12-10T04:08:21.707Z] Error reading register 6507 for IP 10.30.4.128: A Modbus Exception Occurred - See Response Body
[2024-12-10T04:08:21.708Z] Error reading actual data: A Modbus Exception Occurred - See Response Body
[2024-12-10T04:08:21.708Z] Error writing to Modbus register: A Modbus Exception Occurred - See Response Body
[2024-12-10T04:08:22.707Z] Error reading or processing Modbus registers: A Modbus Exception Occurred - See Response Body
[2024-12-10T04:08:22.709Z] Error reading register 6507 for IP 10.30.4.128: A Modbus Exception Occurred - See Response Body
[2024-12-10T04:08:22.709Z] Error reading actual data: A Modbus Exception Occurred - See Response Body
[2024-12-10T04:08:22.710Z] Error writing to Modbus register: A Modbus Exception Occurred - See Response Body
[2024-12-10T04:08:23.721Z] Error reading or processing Modbus registers: A Modbus Exception Occurred - See Response Body
[2024-12-10T04:08:23.722Z] Error reading register 6507 for IP 10.30.4.128: A Modbus Exception Occurred - See Response Body
[2024-12-10T04:08:23.723Z] Error reading actual data: A Modbus Exception Occurred - See Response Body
[2024-12-10T04:08:23.723Z] Error writing to Modbus register: A Modbus Exception Occurred - See Response Body
[2024-12-10T04:08:24.725Z] Error reading or processing Modbus registers: A Modbus Exception Occurred - See Response Body
[2024-12-10T04:08:24.727Z] Error reading register 6507 for IP 10.30.4.128: A Modbus Exception Occurred - See Response Body
[2024-12-10T04:08:24.727Z] Error reading actual data: A Modbus Exception Occurred - See Response Body
[2024-12-10T04:08:24.728Z] Error writing to Modbus register: A Modbus Exception Occurred - See Response Body
[2024-12-10T04:08:25.728Z] Error reading or processing Modbus registers: A Modbus Exception Occurred - See Response Body
[2024-12-10T04:08:25.730Z] Error reading register 6507 for IP 10.30.4.128: A Modbus Exception Occurred - See Response Body
[2024-12-10T04:08:25.731Z] Error reading actual data: A Modbus Exception Occurred - See Response Body
[2024-12-10T04:08:25.731Z] Error writing to Modbus register: A Modbus Exception Occurred - See Response Body
[2024-12-10T04:08:26.730Z] Error reading or processing Modbus registers: A Modbus Exception Occurred - See Response Body
[2024-12-10T04:08:26.731Z] Error reading register 6507 for IP 10.30.4.128: A Modbus Exception Occurred - See Response Body
[2024-12-10T04:08:26.732Z] Error reading actual data: A Modbus Exception Occurred - See Response Body
[2024-12-10T04:08:26.732Z] Error writing to Modbus register: A Modbus Exception Occurred - See Response Body
[2024-12-10T04:08:27.742Z] Error reading or processing Modbus registers: A Modbus Exception Occurred - See Response Body
[2024-12-10T04:08:27.744Z] Error reading register 6507 for IP 10.30.4.128: A Modbus Exception Occurred - See Response Body
[2024-12-10T04:08:27.745Z] Error reading actual data: A Modbus Exception Occurred - See Response Body
[2024-12-10T04:08:27.746Z] Error writing to Modbus register: A Modbus Exception Occurred - See Response Body
[2024-12-10T04:08:28.755Z] Error reading or processing Modbus registers: A Modbus Exception Occurred - See Response Body
[2024-12-10T04:08:28.757Z] Error reading register 6507 for IP 10.30.4.128: A Modbus Exception Occurred - See Response Body
[2024-12-10T04:08:28.757Z] Error reading actual data: A Modbus Exception Occurred - See Response Body
[2024-12-10T04:08:28.758Z] Error writing to Modbus register: A Modbus Exception Occurred - See Response Body
[2024-12-10T04:08:29.758Z] Error reading or processing Modbus registers: A Modbus Exception Occurred - See Response Body
[2024-12-10T04:08:29.760Z] Error reading register 6507 for IP 10.30.4.128: A Modbus Exception Occurred - See Response Body
[2024-12-10T04:08:29.761Z] Error reading actual data: A Modbus Exception Occurred - See Response Body
[2024-12-10T04:08:29.762Z] Error writing to Modbus register: A Modbus Exception Occurred - See Response Body
[2024-12-10T04:08:30.758Z] Error reading or processing Modbus registers: A Modbus Exception Occurred - See Response Body
[2024-12-10T04:08:30.761Z] Error reading register 6507 for IP 10.30.4.128: A Modbus Exception Occurred - See Response Body
[2024-12-10T04:08:30.761Z] Error reading actual data: A Modbus Exception Occurred - See Response Body
[2024-12-10T04:08:30.762Z] Error writing to Modbus register: A Modbus Exception Occurred - See Response Body
[2024-12-10T04:08:31.760Z] Error reading or processing Modbus registers: A Modbus Exception Occurred - See Response Body
[2024-12-10T04:08:31.763Z] Error reading register 6507 for IP 10.30.4.128: A Modbus Exception Occurred - See Response Body
[2024-12-10T04:08:31.763Z] Error reading actual data: A Modbus Exception Occurred - See Response Body
[2024-12-10T04:08:31.765Z] Error writing to Modbus register: A Modbus Exception Occurred - See Response Body
[2024-12-10T04:08:32.762Z] Error reading or processing Modbus registers: A Modbus Exception Occurred - See Response Body
[2024-12-10T04:08:32.766Z] Error reading register 6507 for IP 10.30.4.128: A Modbus Exception Occurred - See Response Body
[2024-12-10T04:08:32.767Z] Error reading actual data: A Modbus Exception Occurred - See Response Body
[2024-12-10T04:08:32.768Z] Error writing to Modbus register: A Modbus Exception Occurred - See Response Body
[2024-12-10T04:08:33.765Z] Error reading or processing Modbus registers: A Modbus Exception Occurred - See Response Body
[2024-12-10T04:08:33.767Z] Error reading register 6507 for IP 10.30.4.128: A Modbus Exception Occurred - See Response Body
[2024-12-10T04:08:33.768Z] Error reading actual data: A Modbus Exception Occurred - See Response Body
[2024-12-10T04:08:33.768Z] Error writing to Modbus register: A Modbus Exception Occurred - See Response Body
[2024-12-10T04:08:34.768Z] Error reading or processing Modbus registers: A Modbus Exception Occurred - See Response Body
[2024-12-10T04:08:34.769Z] Error reading register 6507 for IP 10.30.4.128: A Modbus Exception Occurred - See Response Body
[2024-12-10T04:08:34.770Z] Error reading actual data: A Modbus Exception Occurred - See Response Body
[2024-12-10T04:08:34.770Z] Error writing to Modbus register: A Modbus Exception Occurred - See Response Body
[2024-12-10T04:08:35.768Z] Error reading or processing Modbus registers: A Modbus Exception Occurred - See Response Body
[2024-12-10T04:08:35.770Z] Error reading register 6507 for IP 10.30.4.128: A Modbus Exception Occurred - See Response Body
[2024-12-10T04:08:35.771Z] Error reading actual data: A Modbus Exception Occurred - See Response Body
[2024-12-10T04:08:35.771Z] Error writing to Modbus register: A Modbus Exception Occurred - See Response Body
[2024-12-10T04:08:36.782Z] Error reading or processing Modbus registers: A Modbus Exception Occurred - See Response Body
[2024-12-10T04:08:36.784Z] Error reading register 6507 for IP 10.30.4.128: A Modbus Exception Occurred - See Response Body
[2024-12-10T04:08:36.785Z] Error reading actual data: A Modbus Exception Occurred - See Response Body
[2024-12-10T04:08:36.785Z] Error writing to Modbus register: A Modbus Exception Occurred - See Response Body
[2024-12-10T04:08:37.797Z] Error reading or processing Modbus registers: A Modbus Exception Occurred - See Response Body
[2024-12-10T04:08:37.800Z] Error reading register 6507 for IP 10.30.4.128: A Modbus Exception Occurred - See Response Body
[2024-12-10T04:08:37.800Z] Error reading actual data: A Modbus Exception Occurred - See Response Body
[2024-12-10T04:08:37.801Z] Error writing to Modbus register: A Modbus Exception Occurred - See Response Body
[2024-12-10T04:08:38.800Z] Error reading or processing Modbus registers: A Modbus Exception Occurred - See Response Body
[2024-12-10T04:08:38.802Z] Error reading register 6507 for IP 10.30.4.128: A Modbus Exception Occurred - See Response Body
[2024-12-10T04:08:38.803Z] Error reading actual data: A Modbus Exception Occurred - See Response Body
[2024-12-10T04:08:38.804Z] Error writing to Modbus register: A Modbus Exception Occurred - See Response Body
[2024-12-10T04:08:39.800Z] Error reading or processing Modbus registers: A Modbus Exception Occurred - See Response Body
[2024-12-10T04:08:39.802Z] Error reading register 6507 for IP 10.30.4.128: A Modbus Exception Occurred - See Response Body
[2024-12-10T04:08:39.803Z] Error reading actual data: A Modbus Exception Occurred - See Response Body
[2024-12-10T04:08:39.804Z] Error writing to Modbus register: A Modbus Exception Occurred - See Response Body
[2024-12-10T04:08:40.816Z] Error reading or processing Modbus registers: A Modbus Exception Occurred - See Response Body
[2024-12-10T04:08:40.818Z] Error reading register 6507 for IP 10.30.4.128: A Modbus Exception Occurred - See Response Body
[2024-12-10T04:08:40.819Z] Error reading actual data: A Modbus Exception Occurred - See Response Body
[2024-12-10T04:08:40.819Z] Error writing to Modbus register: A Modbus Exception Occurred - See Response Body
[2024-12-10T04:08:41.816Z] Error reading or processing Modbus registers: A Modbus Exception Occurred - See Response Body
[2024-12-10T04:08:41.818Z] Error reading register 6507 for IP 10.30.4.128: A Modbus Exception Occurred - See Response Body
[2024-12-10T04:08:41.819Z] Error reading actual data: A Modbus Exception Occurred - See Response Body
[2024-12-10T04:08:41.819Z] Error writing to Modbus register: A Modbus Exception Occurred - See Response Body
[2024-12-10T04:08:42.818Z] Error reading or processing Modbus registers: A Modbus Exception Occurred - See Response Body
[2024-12-10T04:08:42.821Z] Error reading register 6507 for IP 10.30.4.128: A Modbus Exception Occurred - See Response Body
[2024-12-10T04:08:42.821Z] Error reading actual data: A Modbus Exception Occurred - See Response Body
[2024-12-10T04:08:42.822Z] Error writing to Modbus register: A Modbus Exception Occurred - See Response Body
[2024-12-10T04:08:43.822Z] Error reading or processing Modbus registers: A Modbus Exception Occurred - See Response Body
[2024-12-10T04:08:43.824Z] Error reading register 6507 for IP 10.30.4.128: A Modbus Exception Occurred - See Response Body
[2024-12-10T04:08:43.825Z] Error reading actual data: A Modbus Exception Occurred - See Response Body
[2024-12-10T04:08:43.826Z] Error writing to Modbus register: A Modbus Exception Occurred - See Response Body
[2024-12-10T04:08:44.823Z] Error reading or processing Modbus registers: A Modbus Exception Occurred - See Response Body
[2024-12-10T04:08:44.826Z] Error reading register 6507 for IP 10.30.4.128: A Modbus Exception Occurred - See Response Body
[2024-12-10T04:08:44.826Z] Error reading actual data: A Modbus Exception Occurred - See Response Body
[2024-12-10T04:08:44.827Z] Error writing to Modbus register: A Modbus Exception Occurred - See Response Body
[2024-12-10T04:08:45.837Z] Error reading or processing Modbus registers: A Modbus Exception Occurred - See Response Body
[2024-12-10T04:08:45.839Z] Error reading register 6507 for IP 10.30.4.128: A Modbus Exception Occurred - See Response Body
[2024-12-10T04:08:45.840Z] Error reading actual data: A Modbus Exception Occurred - See Response Body
[2024-12-10T04:08:45.840Z] Error writing to Modbus register: A Modbus Exception Occurred - See Response Body
[2024-12-10T04:08:46.851Z] Error reading or processing Modbus registers: A Modbus Exception Occurred - See Response Body
[2024-12-10T04:08:46.853Z] Error reading register 6507 for IP 10.30.4.128: A Modbus Exception Occurred - See Response Body
[2024-12-10T04:08:46.854Z] Error reading actual data: A Modbus Exception Occurred - See Response Body
[2024-12-10T04:08:46.854Z] Error writing to Modbus register: A Modbus Exception Occurred - See Response Body
[2024-12-10T04:08:47.853Z] Error reading or processing Modbus registers: A Modbus Exception Occurred - See Response Body
[2024-12-10T04:08:47.855Z] Error reading register 6507 for IP 10.30.4.128: A Modbus Exception Occurred - See Response Body
[2024-12-10T04:08:47.856Z] Error reading actual data: A Modbus Exception Occurred - See Response Body
[2024-12-10T04:08:47.857Z] Error writing to Modbus register: A Modbus Exception Occurred - See Response Body
[2024-12-10T04:08:48.865Z] Error reading or processing Modbus registers: A Modbus Exception Occurred - See Response Body
[2024-12-10T04:08:48.867Z] Error reading register 6507 for IP 10.30.4.128: A Modbus Exception Occurred - See Response Body
[2024-12-10T04:08:48.867Z] Error reading actual data: A Modbus Exception Occurred - See Response Body
[2024-12-10T04:08:48.868Z] Error writing to Modbus register: A Modbus Exception Occurred - See Response Body
[2024-12-10T04:08:49.880Z] Error reading or processing Modbus registers: A Modbus Exception Occurred - See Response Body
[2024-12-10T04:08:49.881Z] Error reading register 6507 for IP 10.30.4.128: A Modbus Exception Occurred - See Response Body
[2024-12-10T04:08:49.882Z] Error reading actual data: A Modbus Exception Occurred - See Response Body
[2024-12-10T04:08:49.883Z] Error writing to Modbus register: A Modbus Exception Occurred - See Response Body
[2024-12-10T04:08:50.881Z] Error reading or processing Modbus registers: A Modbus Exception Occurred - See Response Body
[2024-12-10T04:08:50.883Z] Error reading register 6507 for IP 10.30.4.128: A Modbus Exception Occurred - See Response Body
[2024-12-10T04:08:50.884Z] Error reading actual data: A Modbus Exception Occurred - See Response Body
[2024-12-10T04:08:50.884Z] Error writing to Modbus register: A Modbus Exception Occurred - See Response Body
[2024-12-10T04:08:51.892Z] Error reading or processing Modbus registers: A Modbus Exception Occurred - See Response Body
[2024-12-10T04:08:51.894Z] Error reading register 6507 for IP 10.30.4.128: A Modbus Exception Occurred - See Response Body
[2024-12-10T04:08:51.894Z] Error reading actual data: A Modbus Exception Occurred - See Response Body
[2024-12-10T04:08:51.895Z] Error writing to Modbus register: A Modbus Exception Occurred - See Response Body
[2024-12-10T04:08:52.892Z] Error reading or processing Modbus registers: A Modbus Exception Occurred - See Response Body
[2024-12-10T04:08:52.894Z] Error reading register 6507 for IP 10.30.4.128: A Modbus Exception Occurred - See Response Body
[2024-12-10T04:08:52.895Z] Error reading actual data: A Modbus Exception Occurred - See Response Body
[2024-12-10T04:08:52.895Z] Error writing to Modbus register: A Modbus Exception Occurred - See Response Body
[2024-12-10T04:08:53.902Z] Error reading or processing Modbus registers: A Modbus Exception Occurred - See Response Body
[2024-12-10T04:08:53.904Z] Error reading register 6507 for IP 10.30.4.128: A Modbus Exception Occurred - See Response Body
[2024-12-10T04:08:53.904Z] Error reading actual data: A Modbus Exception Occurred - See Response Body
[2024-12-10T04:08:53.905Z] Error writing to Modbus register: A Modbus Exception Occurred - See Response Body
[2024-12-10T04:08:54.915Z] Error reading or processing Modbus registers: A Modbus Exception Occurred - See Response Body
[2024-12-10T04:08:54.917Z] Error reading register 6507 for IP 10.30.4.128: A Modbus Exception Occurred - See Response Body
[2024-12-10T04:08:54.918Z] Error reading actual data: A Modbus Exception Occurred - See Response Body
[2024-12-10T04:08:54.918Z] Error writing to Modbus register: A Modbus Exception Occurred - See Response Body
[2024-12-10T04:08:55.925Z] Error reading or processing Modbus registers: A Modbus Exception Occurred - See Response Body
[2024-12-10T04:08:55.927Z] Error reading register 6507 for IP 10.30.4.128: A Modbus Exception Occurred - See Response Body
[2024-12-10T04:08:55.928Z] Error reading actual data: A Modbus Exception Occurred - See Response Body
[2024-12-10T04:08:55.928Z] Error writing to Modbus register: A Modbus Exception Occurred - See Response Body
[2024-12-10T04:08:56.938Z] Error reading or processing Modbus registers: A Modbus Exception Occurred - See Response Body
[2024-12-10T04:08:56.940Z] Error reading register 6507 for IP 10.30.4.128: A Modbus Exception Occurred - See Response Body
[2024-12-10T04:08:56.941Z] Error reading actual data: A Modbus Exception Occurred - See Response Body
[2024-12-10T04:08:56.941Z] Error writing to Modbus register: A Modbus Exception Occurred - See Response Body
[2024-12-10T04:08:57.939Z] Error reading or processing Modbus registers: A Modbus Exception Occurred - See Response Body
[2024-12-10T04:08:57.941Z] Error reading register 6507 for IP 10.30.4.128: A Modbus Exception Occurred - See Response Body
[2024-12-10T04:08:57.942Z] Error reading actual data: A Modbus Exception Occurred - See Response Body
[2024-12-10T04:08:57.942Z] Error writing to Modbus register: A Modbus Exception Occurred - See Response Body
[2024-12-10T04:08:58.951Z] Error reading or processing Modbus registers: A Modbus Exception Occurred - See Response Body
[2024-12-10T04:08:58.953Z] Error reading register 6507 for IP 10.30.4.128: A Modbus Exception Occurred - See Response Body
[2024-12-10T04:08:58.953Z] Error reading actual data: A Modbus Exception Occurred - See Response Body
[2024-12-10T04:08:58.954Z] Error writing to Modbus register: A Modbus Exception Occurred - See Response Body
[2024-12-10T04:08:59.966Z] Error reading or processing Modbus registers: A Modbus Exception Occurred - See Response Body
[2024-12-10T04:08:59.968Z] Error reading register 6507 for IP 10.30.4.128: A Modbus Exception Occurred - See Response Body
[2024-12-10T04:08:59.968Z] Error reading actual data: A Modbus Exception Occurred - See Response Body
[2024-12-10T04:08:59.969Z] Error writing to Modbus register: A Modbus Exception Occurred - See Response Body
[2024-12-10T04:09:00.964Z] Error reading or processing Modbus registers: A Modbus Exception Occurred - See Response Body
[2024-12-10T04:09:00.968Z] Error reading register 6507 for IP 10.30.4.128: A Modbus Exception Occurred - See Response Body
[2024-12-10T04:09:00.969Z] Error reading actual data: A Modbus Exception Occurred - See Response Body
[2024-12-10T04:09:00.969Z] Error writing to Modbus register: A Modbus Exception Occurred - See Response Body
[2024-12-10T04:09:01.976Z] Error reading or processing Modbus registers: A Modbus Exception Occurred - See Response Body
[2024-12-10T04:09:01.978Z] Error reading register 6507 for IP 10.30.4.128: A Modbus Exception Occurred - See Response Body
[2024-12-10T04:09:01.979Z] Error reading actual data: A Modbus Exception Occurred - See Response Body
[2024-12-10T04:09:01.979Z] Error writing to Modbus register: A Modbus Exception Occurred - See Response Body
[2024-12-10T04:09:02.989Z] Error reading or processing Modbus registers: A Modbus Exception Occurred - See Response Body
[2024-12-10T04:09:02.991Z] Error reading register 6507 for IP 10.30.4.128: A Modbus Exception Occurred - See Response Body
[2024-12-10T04:09:02.992Z] Error reading actual data: A Modbus Exception Occurred - See Response Body
[2024-12-10T04:09:02.992Z] Error writing to Modbus register: A Modbus Exception Occurred - See Response Body
[2024-12-10T04:09:04.001Z] Error reading or processing Modbus registers: A Modbus Exception Occurred - See Response Body
[2024-12-10T04:09:04.004Z] Error reading register 6507 for IP 10.30.4.128: A Modbus Exception Occurred - See Response Body
[2024-12-10T04:09:04.005Z] Error reading actual data: A Modbus Exception Occurred - See Response Body
[2024-12-10T04:09:04.006Z] Error writing to Modbus register: A Modbus Exception Occurred - See Response Body
[2024-12-10T04:09:05.014Z] Error reading or processing Modbus registers: A Modbus Exception Occurred - See Response Body
[2024-12-10T04:09:05.017Z] Error reading register 6507 for IP 10.30.4.128: A Modbus Exception Occurred - See Response Body
[2024-12-10T04:09:05.017Z] Error reading actual data: A Modbus Exception Occurred - See Response Body
[2024-12-10T04:09:05.018Z] Error writing to Modbus register: A Modbus Exception Occurred - See Response Body
[2024-12-10T04:09:06.026Z] Error reading or processing Modbus registers: A Modbus Exception Occurred - See Response Body
[2024-12-10T04:09:06.028Z] Error reading register 6507 for IP 10.30.4.128: A Modbus Exception Occurred - See Response Body
[2024-12-10T04:09:06.029Z] Error reading actual data: A Modbus Exception Occurred - See Response Body
[2024-12-10T04:09:06.029Z] Error writing to Modbus register: A Modbus Exception Occurred - See Response Body
[2024-12-10T04:09:07.039Z] Error reading or processing Modbus registers: A Modbus Exception Occurred - See Response Body
[2024-12-10T04:09:07.042Z] Error reading register 6507 for IP 10.30.4.128: A Modbus Exception Occurred - See Response Body
[2024-12-10T04:09:07.043Z] Error reading actual data: A Modbus Exception Occurred - See Response Body
[2024-12-10T04:09:07.043Z] Error writing to Modbus register: A Modbus Exception Occurred - See Response Body
[2024-12-10T04:09:08.050Z] Error reading or processing Modbus registers: A Modbus Exception Occurred - See Response Body
[2024-12-10T04:09:08.052Z] Error reading register 6507 for IP 10.30.4.128: A Modbus Exception Occurred - See Response Body
[2024-12-10T04:09:08.052Z] Error reading actual data: A Modbus Exception Occurred - See Response Body
[2024-12-10T04:09:08.053Z] Error writing to Modbus register: A Modbus Exception Occurred - See Response Body
[2024-12-10T04:09:09.065Z] Error reading or processing Modbus registers: A Modbus Exception Occurred - See Response Body
[2024-12-10T04:09:09.068Z] Error reading register 6507 for IP 10.30.4.128: A Modbus Exception Occurred - See Response Body
[2024-12-10T04:09:09.068Z] Error reading actual data: A Modbus Exception Occurred - See Response Body
[2024-12-10T04:09:09.069Z] Error writing to Modbus register: A Modbus Exception Occurred - See Response Body
[2024-12-10T04:09:10.077Z] Error reading or processing Modbus registers: A Modbus Exception Occurred - See Response Body
[2024-12-10T04:09:10.080Z] Error reading register 6507 for IP 10.30.4.128: A Modbus Exception Occurred - See Response Body
[2024-12-10T04:09:10.080Z] Error reading actual data: A Modbus Exception Occurred - See Response Body
[2024-12-10T04:09:10.081Z] Error writing to Modbus register: A Modbus Exception Occurred - See Response Body
[2024-12-10T04:09:11.085Z] Error reading or processing Modbus registers: A Modbus Exception Occurred - See Response Body
[2024-12-10T04:09:11.087Z] Error reading register 6507 for IP 10.30.4.128: A Modbus Exception Occurred - See Response Body
[2024-12-10T04:09:11.088Z] Error reading actual data: A Modbus Exception Occurred - See Response Body
[2024-12-10T04:09:11.088Z] Error writing to Modbus register: A Modbus Exception Occurred - See Response Body
[2024-12-10T04:09:12.096Z] Error reading or processing Modbus registers: A Modbus Exception Occurred - See Response Body
[2024-12-10T04:09:12.098Z] Error reading register 6507 for IP 10.30.4.128: A Modbus Exception Occurred - See Response Body
[2024-12-10T04:09:12.098Z] Error reading actual data: A Modbus Exception Occurred - See Response Body
[2024-12-10T04:09:12.099Z] Error writing to Modbus register: A Modbus Exception Occurred - See Response Body
[2024-12-10T04:09:13.106Z] Error reading or processing Modbus registers: A Modbus Exception Occurred - See Response Body
[2024-12-10T04:09:13.108Z] Error reading register 6507 for IP 10.30.4.128: A Modbus Exception Occurred - See Response Body
[2024-12-10T04:09:13.109Z] Error reading actual data: A Modbus Exception Occurred - See Response Body
[2024-12-10T04:09:13.109Z] Error writing to Modbus register: A Modbus Exception Occurred - See Response Body
[2024-12-10T04:09:14.120Z] Error reading or processing Modbus registers: A Modbus Exception Occurred - See Response Body
[2024-12-10T04:09:14.122Z] Error reading register 6507 for IP 10.30.4.128: A Modbus Exception Occurred - See Response Body
[2024-12-10T04:09:14.123Z] Error reading actual data: A Modbus Exception Occurred - See Response Body
[2024-12-10T04:09:14.124Z] Error writing to Modbus register: A Modbus Exception Occurred - See Response Body
[2024-12-10T04:09:15.132Z] Error reading or processing Modbus registers: A Modbus Exception Occurred - See Response Body
[2024-12-10T04:09:15.134Z] Error reading register 6507 for IP 10.30.4.128: A Modbus Exception Occurred - See Response Body
[2024-12-10T04:09:15.135Z] Error reading actual data: A Modbus Exception Occurred - See Response Body
[2024-12-10T04:09:15.136Z] Error writing to Modbus register: A Modbus Exception Occurred - See Response Body
[2024-12-10T04:09:16.147Z] Error reading or processing Modbus registers: A Modbus Exception Occurred - See Response Body
[2024-12-10T04:09:16.149Z] Error reading register 6507 for IP 10.30.4.128: A Modbus Exception Occurred - See Response Body
[2024-12-10T04:09:16.149Z] Error reading actual data: A Modbus Exception Occurred - See Response Body
[2024-12-10T04:09:16.150Z] Error writing to Modbus register: A Modbus Exception Occurred - See Response Body
[2024-12-10T04:09:17.155Z] Error reading or processing Modbus registers: A Modbus Exception Occurred - See Response Body
[2024-12-10T04:09:17.157Z] Error reading register 6507 for IP 10.30.4.128: A Modbus Exception Occurred - See Response Body
[2024-12-10T04:09:17.158Z] Error reading actual data: A Modbus Exception Occurred - See Response Body
[2024-12-10T04:09:17.158Z] Error writing to Modbus register: A Modbus Exception Occurred - See Response Body
[2024-12-10T04:09:18.166Z] Error reading or processing Modbus registers: A Modbus Exception Occurred - See Response Body
[2024-12-10T04:09:18.168Z] Error reading register 6507 for IP 10.30.4.128: A Modbus Exception Occurred - See Response Body
[2024-12-10T04:09:18.169Z] Error reading actual data: A Modbus Exception Occurred - See Response Body
[2024-12-10T04:09:18.169Z] Error writing to Modbus register: A Modbus Exception Occurred - See Response Body
[2024-12-10T04:09:19.180Z] Error reading or processing Modbus registers: A Modbus Exception Occurred - See Response Body
[2024-12-10T04:09:19.182Z] Error reading register 6507 for IP 10.30.4.128: A Modbus Exception Occurred - See Response Body
[2024-12-10T04:09:19.183Z] Error reading actual data: A Modbus Exception Occurred - See Response Body
[2024-12-10T04:09:19.183Z] Error writing to Modbus register: A Modbus Exception Occurred - See Response Body
[2024-12-10T04:09:20.192Z] Error reading or processing Modbus registers: A Modbus Exception Occurred - See Response Body
[2024-12-10T04:09:20.194Z] Error reading register 6507 for IP 10.30.4.128: A Modbus Exception Occurred - See Response Body
[2024-12-10T04:09:20.195Z] Error reading actual data: A Modbus Exception Occurred - See Response Body
[2024-12-10T04:09:20.196Z] Error writing to Modbus register: A Modbus Exception Occurred - See Response Body
[2024-12-10T04:09:21.203Z] Error reading or processing Modbus registers: A Modbus Exception Occurred - See Response Body
[2024-12-10T04:09:21.206Z] Error reading register 6507 for IP 10.30.4.128: A Modbus Exception Occurred - See Response Body
[2024-12-10T04:09:21.207Z] Error reading actual data: A Modbus Exception Occurred - See Response Body
[2024-12-10T04:09:21.207Z] Error writing to Modbus register: A Modbus Exception Occurred - See Response Body
[2024-12-10T04:09:22.218Z] Error reading or processing Modbus registers: A Modbus Exception Occurred - See Response Body
[2024-12-10T04:09:22.220Z] Error reading register 6507 for IP 10.30.4.128: A Modbus Exception Occurred - See Response Body
[2024-12-10T04:09:22.220Z] Error reading actual data: A Modbus Exception Occurred - See Response Body
[2024-12-10T04:09:22.221Z] Error writing to Modbus register: A Modbus Exception Occurred - See Response Body
[2024-12-10T04:09:23.230Z] Error reading or processing Modbus registers: A Modbus Exception Occurred - See Response Body
[2024-12-10T04:09:23.233Z] Error reading register 6507 for IP 10.30.4.128: A Modbus Exception Occurred - See Response Body
[2024-12-10T04:09:23.234Z] Error reading actual data: A Modbus Exception Occurred - See Response Body
[2024-12-10T04:09:23.234Z] Error writing to Modbus register: A Modbus Exception Occurred - See Response Body
[2024-12-10T04:09:24.242Z] Error reading or processing Modbus registers: A Modbus Exception Occurred - See Response Body
[2024-12-10T04:09:24.245Z] Error reading register 6507 for IP 10.30.4.128: A Modbus Exception Occurred - See Response Body
[2024-12-10T04:09:24.246Z] Error reading actual data: A Modbus Exception Occurred - See Response Body
[2024-12-10T04:09:24.246Z] Error writing to Modbus register: A Modbus Exception Occurred - See Response Body
[2024-12-10T04:09:25.243Z] Error reading or processing Modbus registers: A Modbus Exception Occurred - See Response Body
[2024-12-10T04:09:25.246Z] Error reading register 6507 for IP 10.30.4.128: A Modbus Exception Occurred - See Response Body
[2024-12-10T04:09:25.247Z] Error reading actual data: A Modbus Exception Occurred - See Response Body
[2024-12-10T04:09:25.248Z] Error writing to Modbus register: A Modbus Exception Occurred - See Response Body
[2024-12-10T04:09:26.257Z] Error reading or processing Modbus registers: A Modbus Exception Occurred - See Response Body
[2024-12-10T04:09:26.259Z] Error reading register 6507 for IP 10.30.4.128: A Modbus Exception Occurred - See Response Body
[2024-12-10T04:09:26.259Z] Error reading actual data: A Modbus Exception Occurred - See Response Body
[2024-12-10T04:09:26.260Z] Error writing to Modbus register: A Modbus Exception Occurred - See Response Body
[2024-12-10T04:09:27.271Z] Error reading or processing Modbus registers: A Modbus Exception Occurred - See Response Body
[2024-12-10T04:09:27.276Z] Error reading register 6507 for IP 10.30.4.128: A Modbus Exception Occurred - See Response Body
[2024-12-10T04:09:27.277Z] Error reading actual data: A Modbus Exception Occurred - See Response Body
[2024-12-10T04:09:27.277Z] Error writing to Modbus register: A Modbus Exception Occurred - See Response Body
[2024-12-10T04:09:28.284Z] Error reading or processing Modbus registers: A Modbus Exception Occurred - See Response Body
[2024-12-10T04:09:28.287Z] Error reading register 6507 for IP 10.30.4.128: A Modbus Exception Occurred - See Response Body
[2024-12-10T04:09:28.287Z] Error reading actual data: A Modbus Exception Occurred - See Response Body
[2024-12-10T04:09:28.288Z] Error writing to Modbus register: A Modbus Exception Occurred - See Response Body
[2024-12-10T04:09:29.284Z] Error reading or processing Modbus registers: A Modbus Exception Occurred - See Response Body
[2024-12-10T04:09:29.286Z] Error reading register 6507 for IP 10.30.4.128: A Modbus Exception Occurred - See Response Body
[2024-12-10T04:09:29.287Z] Error reading actual data: A Modbus Exception Occurred - See Response Body
[2024-12-10T04:09:29.287Z] Error writing to Modbus register: A Modbus Exception Occurred - See Response Body
[2024-12-10T04:09:30.285Z] Error reading or processing Modbus registers: A Modbus Exception Occurred - See Response Body
[2024-12-10T04:09:30.288Z] Error reading register 6507 for IP 10.30.4.128: A Modbus Exception Occurred - See Response Body
[2024-12-10T04:09:30.288Z] Error reading actual data: A Modbus Exception Occurred - See Response Body
[2024-12-10T04:09:30.289Z] Error writing to Modbus register: A Modbus Exception Occurred - See Response Body
[2024-12-10T04:09:31.300Z] Error reading or processing Modbus registers: A Modbus Exception Occurred - See Response Body
[2024-12-10T04:09:31.303Z] Error reading register 6507 for IP 10.30.4.128: A Modbus Exception Occurred - See Response Body
[2024-12-10T04:09:31.303Z] Error reading actual data: A Modbus Exception Occurred - See Response Body
[2024-12-10T04:09:31.304Z] Error writing to Modbus register: A Modbus Exception Occurred - See Response Body
[2024-12-10T04:09:32.316Z] Error reading or processing Modbus registers: A Modbus Exception Occurred - See Response Body
[2024-12-10T04:09:32.318Z] Error reading register 6507 for IP 10.30.4.128: A Modbus Exception Occurred - See Response Body
[2024-12-10T04:09:32.318Z] Error reading actual data: A Modbus Exception Occurred - See Response Body
[2024-12-10T04:09:32.319Z] Error writing to Modbus register: A Modbus Exception Occurred - See Response Body
[2024-12-10T04:09:33.328Z] Error reading or processing Modbus registers: A Modbus Exception Occurred - See Response Body
[2024-12-10T04:09:33.330Z] Error reading register 6507 for IP 10.30.4.128: A Modbus Exception Occurred - See Response Body
[2024-12-10T04:09:33.330Z] Error reading actual data: A Modbus Exception Occurred - See Response Body
[2024-12-10T04:09:33.331Z] Error writing to Modbus register: A Modbus Exception Occurred - See Response Body
[2024-12-10T04:09:34.328Z] Error reading or processing Modbus registers: A Modbus Exception Occurred - See Response Body
[2024-12-10T04:09:34.330Z] Error reading register 6507 for IP 10.30.4.128: A Modbus Exception Occurred - See Response Body
[2024-12-10T04:09:34.330Z] Error reading actual data: A Modbus Exception Occurred - See Response Body
[2024-12-10T04:09:34.331Z] Error writing to Modbus register: A Modbus Exception Occurred - See Response Body
[2024-12-10T04:09:35.339Z] Error reading or processing Modbus registers: A Modbus Exception Occurred - See Response Body
[2024-12-10T04:09:35.341Z] Error reading register 6507 for IP 10.30.4.128: A Modbus Exception Occurred - See Response Body
[2024-12-10T04:09:35.342Z] Error reading actual data: A Modbus Exception Occurred - See Response Body
[2024-12-10T04:09:35.342Z] Error writing to Modbus register: A Modbus Exception Occurred - See Response Body
[2024-12-10T04:09:36.351Z] Error reading or processing Modbus registers: A Modbus Exception Occurred - See Response Body
[2024-12-10T04:09:36.353Z] Error reading register 6507 for IP 10.30.4.128: A Modbus Exception Occurred - See Response Body
[2024-12-10T04:09:36.354Z] Error reading actual data: A Modbus Exception Occurred - See Response Body
[2024-12-10T04:09:36.355Z] Error writing to Modbus register: A Modbus Exception Occurred - See Response Body
[2024-12-10T04:09:37.363Z] Error reading or processing Modbus registers: A Modbus Exception Occurred - See Response Body
[2024-12-10T04:09:37.365Z] Error reading register 6507 for IP 10.30.4.128: A Modbus Exception Occurred - See Response Body
[2024-12-10T04:09:37.366Z] Error reading actual data: A Modbus Exception Occurred - See Response Body
[2024-12-10T04:09:37.366Z] Error writing to Modbus register: A Modbus Exception Occurred - See Response Body
[2024-12-10T04:09:38.364Z] Error reading or processing Modbus registers: A Modbus Exception Occurred - See Response Body
[2024-12-10T04:09:38.366Z] Error reading register 6507 for IP 10.30.4.128: A Modbus Exception Occurred - See Response Body
[2024-12-10T04:09:38.367Z] Error reading actual data: A Modbus Exception Occurred - See Response Body
[2024-12-10T04:09:38.368Z] Error writing to Modbus register: A Modbus Exception Occurred - See Response Body
[2024-12-10T04:09:39.377Z] Error reading or processing Modbus registers: A Modbus Exception Occurred - See Response Body
[2024-12-10T04:09:39.379Z] Error reading register 6507 for IP 10.30.4.128: A Modbus Exception Occurred - See Response Body
[2024-12-10T04:09:39.380Z] Error reading actual data: A Modbus Exception Occurred - See Response Body
[2024-12-10T04:09:39.380Z] Error writing to Modbus register: A Modbus Exception Occurred - See Response Body
[2024-12-10T04:09:40.388Z] Error reading or processing Modbus registers: A Modbus Exception Occurred - See Response Body
[2024-12-10T04:09:40.390Z] Error reading register 6507 for IP 10.30.4.128: A Modbus Exception Occurred - See Response Body
[2024-12-10T04:09:40.391Z] Error reading actual data: A Modbus Exception Occurred - See Response Body
[2024-12-10T04:09:40.391Z] Error writing to Modbus register: A Modbus Exception Occurred - See Response Body
[2024-12-10T04:09:41.403Z] Error reading or processing Modbus registers: A Modbus Exception Occurred - See Response Body
[2024-12-10T04:09:41.405Z] Error reading register 6507 for IP 10.30.4.128: A Modbus Exception Occurred - See Response Body
[2024-12-10T04:09:41.406Z] Error reading actual data: A Modbus Exception Occurred - See Response Body
[2024-12-10T04:09:41.407Z] Error writing to Modbus register: A Modbus Exception Occurred - See Response Body
[2024-12-10T04:09:42.415Z] Error reading or processing Modbus registers: A Modbus Exception Occurred - See Response Body
[2024-12-10T04:09:42.418Z] Error reading register 6507 for IP 10.30.4.128: A Modbus Exception Occurred - See Response Body
[2024-12-10T04:09:42.418Z] Error reading actual data: A Modbus Exception Occurred - See Response Body
[2024-12-10T04:09:42.419Z] Error writing to Modbus register: A Modbus Exception Occurred - See Response Body
[2024-12-10T04:09:43.429Z] Error reading or processing Modbus registers: A Modbus Exception Occurred - See Response Body
[2024-12-10T04:09:43.431Z] Error reading register 6507 for IP 10.30.4.128: A Modbus Exception Occurred - See Response Body
[2024-12-10T04:09:43.431Z] Error reading actual data: A Modbus Exception Occurred - See Response Body
[2024-12-10T04:09:43.432Z] Error writing to Modbus register: A Modbus Exception Occurred - See Response Body
[2024-12-10T04:09:44.444Z] Error reading or processing Modbus registers: A Modbus Exception Occurred - See Response Body
[2024-12-10T04:09:44.446Z] Error reading register 6507 for IP 10.30.4.128: A Modbus Exception Occurred - See Response Body
[2024-12-10T04:09:44.447Z] Error reading actual data: A Modbus Exception Occurred - See Response Body
[2024-12-10T04:09:44.448Z] Error writing to Modbus register: A Modbus Exception Occurred - See Response Body
[2024-12-10T04:09:45.456Z] Error reading or processing Modbus registers: A Modbus Exception Occurred - See Response Body
[2024-12-10T04:09:45.458Z] Error reading register 6507 for IP 10.30.4.128: A Modbus Exception Occurred - See Response Body
[2024-12-10T04:09:45.459Z] Error reading actual data: A Modbus Exception Occurred - See Response Body
[2024-12-10T04:09:45.459Z] Error writing to Modbus register: A Modbus Exception Occurred - See Response Body
[2024-12-10T04:09:46.468Z] Error reading or processing Modbus registers: A Modbus Exception Occurred - See Response Body
[2024-12-10T04:09:46.470Z] Error reading register 6507 for IP 10.30.4.128: A Modbus Exception Occurred - See Response Body
[2024-12-10T04:09:46.471Z] Error reading actual data: A Modbus Exception Occurred - See Response Body
[2024-12-10T04:09:46.471Z] Error writing to Modbus register: A Modbus Exception Occurred - See Response Body
[2024-12-10T04:09:47.481Z] Error reading or processing Modbus registers: A Modbus Exception Occurred - See Response Body
[2024-12-10T04:09:47.483Z] Error reading register 6507 for IP 10.30.4.128: A Modbus Exception Occurred - See Response Body
[2024-12-10T04:09:47.484Z] Error reading actual data: A Modbus Exception Occurred - See Response Body
[2024-12-10T04:09:47.485Z] Error writing to Modbus register: A Modbus Exception Occurred - See Response Body
[2024-12-10T04:09:48.481Z] Error reading or processing Modbus registers: A Modbus Exception Occurred - See Response Body
[2024-12-10T04:09:48.483Z] Error reading register 6507 for IP 10.30.4.128: A Modbus Exception Occurred - See Response Body
[2024-12-10T04:09:48.484Z] Error reading actual data: A Modbus Exception Occurred - See Response Body
[2024-12-10T04:09:48.485Z] Error writing to Modbus register: A Modbus Exception Occurred - See Response Body
[2024-12-10T04:09:49.491Z] Error reading or processing Modbus registers: A Modbus Exception Occurred - See Response Body
[2024-12-10T04:09:49.496Z] Error reading register 6507 for IP 10.30.4.128: A Modbus Exception Occurred - See Response Body
[2024-12-10T04:09:49.496Z] Error reading actual data: A Modbus Exception Occurred - See Response Body
[2024-12-10T04:09:49.497Z] Error writing to Modbus register: A Modbus Exception Occurred - See Response Body
[2024-12-10T04:09:50.505Z] Error reading or processing Modbus registers: A Modbus Exception Occurred - See Response Body
[2024-12-10T04:09:50.507Z] Error reading register 6507 for IP 10.30.4.128: A Modbus Exception Occurred - See Response Body
[2024-12-10T04:09:50.507Z] Error reading actual data: A Modbus Exception Occurred - See Response Body
[2024-12-10T04:09:50.508Z] Error writing to Modbus register: A Modbus Exception Occurred - See Response Body
[2024-12-10T04:09:51.517Z] Error reading or processing Modbus registers: A Modbus Exception Occurred - See Response Body
[2024-12-10T04:09:51.519Z] Error reading register 6507 for IP 10.30.4.128: A Modbus Exception Occurred - See Response Body
[2024-12-10T04:09:51.520Z] Error reading actual data: A Modbus Exception Occurred - See Response Body
[2024-12-10T04:09:51.520Z] Error writing to Modbus register: A Modbus Exception Occurred - See Response Body
[2024-12-10T04:09:52.526Z] Error reading or processing Modbus registers: A Modbus Exception Occurred - See Response Body
[2024-12-10T04:09:52.528Z] Error reading register 6507 for IP 10.30.4.128: A Modbus Exception Occurred - See Response Body
[2024-12-10T04:09:52.528Z] Error reading actual data: A Modbus Exception Occurred - See Response Body
[2024-12-10T04:09:52.529Z] Error writing to Modbus register: A Modbus Exception Occurred - See Response Body
[2024-12-10T04:09:53.540Z] Error reading or processing Modbus registers: A Modbus Exception Occurred - See Response Body
[2024-12-10T04:09:53.541Z] Error reading register 6507 for IP 10.30.4.128: A Modbus Exception Occurred - See Response Body
[2024-12-10T04:09:53.542Z] Error reading actual data: A Modbus Exception Occurred - See Response Body
[2024-12-10T04:09:53.542Z] Error writing to Modbus register: A Modbus Exception Occurred - See Response Body
[2024-12-10T04:09:54.554Z] Error reading or processing Modbus registers: A Modbus Exception Occurred - See Response Body
[2024-12-10T04:09:54.556Z] Error reading register 6507 for IP 10.30.4.128: A Modbus Exception Occurred - See Response Body
[2024-12-10T04:09:54.556Z] Error reading actual data: A Modbus Exception Occurred - See Response Body
[2024-12-10T04:09:54.557Z] Error writing to Modbus register: A Modbus Exception Occurred - See Response Body
[2024-12-10T04:09:55.556Z] Error reading or processing Modbus registers: A Modbus Exception Occurred - See Response Body
[2024-12-10T04:09:55.559Z] Error reading register 6507 for IP 10.30.4.128: A Modbus Exception Occurred - See Response Body
[2024-12-10T04:09:55.559Z] Error reading actual data: A Modbus Exception Occurred - See Response Body
[2024-12-10T04:09:55.559Z] Error writing to Modbus register: A Modbus Exception Occurred - See Response Body
[2024-12-10T04:09:56.556Z] Error reading or processing Modbus registers: A Modbus Exception Occurred - See Response Body
[2024-12-10T04:09:56.559Z] Error reading register 6507 for IP 10.30.4.128: A Modbus Exception Occurred - See Response Body
[2024-12-10T04:09:56.559Z] Error reading actual data: A Modbus Exception Occurred - See Response Body
[2024-12-10T04:09:56.560Z] Error writing to Modbus register: A Modbus Exception Occurred - See Response Body
[2024-12-10T04:09:57.569Z] Error reading or processing Modbus registers: A Modbus Exception Occurred - See Response Body
[2024-12-10T04:09:57.571Z] Error reading register 6507 for IP 10.30.4.128: A Modbus Exception Occurred - See Response Body
[2024-12-10T04:09:57.572Z] Error reading actual data: A Modbus Exception Occurred - See Response Body
[2024-12-10T04:09:57.572Z] Error writing to Modbus register: A Modbus Exception Occurred - See Response Body
[2024-12-10T04:09:58.583Z] Error reading or processing Modbus registers: A Modbus Exception Occurred - See Response Body
[2024-12-10T04:09:58.585Z] Error reading register 6507 for IP 10.30.4.128: A Modbus Exception Occurred - See Response Body
[2024-12-10T04:09:58.585Z] Error reading actual data: A Modbus Exception Occurred - See Response Body
[2024-12-10T04:09:58.586Z] Error writing to Modbus register: A Modbus Exception Occurred - See Response Body
[2024-12-10T04:09:59.593Z] Error reading or processing Modbus registers: A Modbus Exception Occurred - See Response Body
[2024-12-10T04:09:59.595Z] Error reading register 6507 for IP 10.30.4.128: A Modbus Exception Occurred - See Response Body
[2024-12-10T04:09:59.595Z] Error reading actual data: A Modbus Exception Occurred - See Response Body
[2024-12-10T04:09:59.596Z] Error writing to Modbus register: A Modbus Exception Occurred - See Response Body
[2024-12-10T04:10:00.595Z] Error reading or processing Modbus registers: A Modbus Exception Occurred - See Response Body
[2024-12-10T04:10:00.597Z] Error reading register 6507 for IP 10.30.4.128: A Modbus Exception Occurred - See Response Body
[2024-12-10T04:10:00.598Z] Error reading actual data: A Modbus Exception Occurred - See Response Body
[2024-12-10T04:10:00.598Z] Error writing to Modbus register: A Modbus Exception Occurred - See Response Body
[2024-12-10T04:10:01.611Z] Error reading or processing Modbus registers: A Modbus Exception Occurred - See Response Body
[2024-12-10T04:10:01.614Z] Error reading register 6507 for IP 10.30.4.128: A Modbus Exception Occurred - See Response Body
[2024-12-10T04:10:01.615Z] Error reading actual data: A Modbus Exception Occurred - See Response Body
[2024-12-10T04:10:01.615Z] Error writing to Modbus register: A Modbus Exception Occurred - See Response Body
[2024-12-10T04:10:02.623Z] Error reading or processing Modbus registers: A Modbus Exception Occurred - See Response Body
[2024-12-10T04:10:02.625Z] Error reading register 6507 for IP 10.30.4.128: A Modbus Exception Occurred - See Response Body
[2024-12-10T04:10:02.626Z] Error reading actual data: A Modbus Exception Occurred - See Response Body
[2024-12-10T04:10:02.627Z] Error writing to Modbus register: A Modbus Exception Occurred - See Response Body
[2024-12-10T04:10:03.638Z] Error reading or processing Modbus registers: A Modbus Exception Occurred - See Response Body
[2024-12-10T04:10:03.640Z] Error reading register 6507 for IP 10.30.4.128: A Modbus Exception Occurred - See Response Body
[2024-12-10T04:10:03.641Z] Error reading actual data: A Modbus Exception Occurred - See Response Body
[2024-12-10T04:10:03.642Z] Error writing to Modbus register: A Modbus Exception Occurred - See Response Body
[2024-12-10T04:10:04.640Z] Error reading or processing Modbus registers: A Modbus Exception Occurred - See Response Body
[2024-12-10T04:10:04.642Z] Error reading register 6507 for IP 10.30.4.128: A Modbus Exception Occurred - See Response Body
[2024-12-10T04:10:04.642Z] Error reading actual data: A Modbus Exception Occurred - See Response Body
[2024-12-10T04:10:04.643Z] Error writing to Modbus register: A Modbus Exception Occurred - See Response Body
[2024-12-10T04:10:05.646Z] Error reading or processing Modbus registers: A Modbus Exception Occurred - See Response Body
[2024-12-10T04:10:05.648Z] Error reading register 6507 for IP 10.30.4.128: A Modbus Exception Occurred - See Response Body
[2024-12-10T04:10:05.649Z] Error reading actual data: A Modbus Exception Occurred - See Response Body
[2024-12-10T04:10:05.649Z] Error writing to Modbus register: A Modbus Exception Occurred - See Response Body
[2024-12-10T04:10:06.646Z] Error reading or processing Modbus registers: A Modbus Exception Occurred - See Response Body
[2024-12-10T04:10:06.648Z] Error reading register 6507 for IP 10.30.4.128: A Modbus Exception Occurred - See Response Body
[2024-12-10T04:10:06.649Z] Error reading actual data: A Modbus Exception Occurred - See Response Body
[2024-12-10T04:10:06.649Z] Error writing to Modbus register: A Modbus Exception Occurred - See Response Body
[2024-12-10T04:10:07.658Z] Error reading or processing Modbus registers: A Modbus Exception Occurred - See Response Body
[2024-12-10T04:10:07.660Z] Error reading register 6507 for IP 10.30.4.128: A Modbus Exception Occurred - See Response Body
[2024-12-10T04:10:07.661Z] Error reading actual data: A Modbus Exception Occurred - See Response Body
[2024-12-10T04:10:07.662Z] Error writing to Modbus register: A Modbus Exception Occurred - See Response Body
[2024-12-10T04:10:08.669Z] Error reading or processing Modbus registers: A Modbus Exception Occurred - See Response Body
[2024-12-10T04:10:08.672Z] Error reading register 6507 for IP 10.30.4.128: A Modbus Exception Occurred - See Response Body
[2024-12-10T04:10:08.673Z] Error reading actual data: A Modbus Exception Occurred - See Response Body
[2024-12-10T04:10:08.673Z] Error writing to Modbus register: A Modbus Exception Occurred - See Response Body
[2024-12-10T04:10:09.679Z] Error reading or processing Modbus registers: A Modbus Exception Occurred - See Response Body
[2024-12-10T04:10:09.682Z] Error reading register 6507 for IP 10.30.4.128: A Modbus Exception Occurred - See Response Body
[2024-12-10T04:10:09.682Z] Error reading actual data: A Modbus Exception Occurred - See Response Body
[2024-12-10T04:10:09.683Z] Error writing to Modbus register: A Modbus Exception Occurred - See Response Body
[2024-12-10T04:10:10.695Z] Error reading or processing Modbus registers: A Modbus Exception Occurred - See Response Body
[2024-12-10T04:10:10.697Z] Error reading register 6507 for IP 10.30.4.128: A Modbus Exception Occurred - See Response Body
[2024-12-10T04:10:10.698Z] Error reading actual data: A Modbus Exception Occurred - See Response Body
[2024-12-10T04:10:10.698Z] Error writing to Modbus register: A Modbus Exception Occurred - See Response Body
[2024-12-10T04:10:11.706Z] Error reading or processing Modbus registers: A Modbus Exception Occurred - See Response Body
[2024-12-10T04:10:11.712Z] Error reading register 6507 for IP 10.30.4.128: A Modbus Exception Occurred - See Response Body
[2024-12-10T04:10:11.712Z] Error reading actual data: A Modbus Exception Occurred - See Response Body
[2024-12-10T04:10:11.713Z] Error writing to Modbus register: A Modbus Exception Occurred - See Response Body
[2024-12-10T04:10:12.720Z] Error reading or processing Modbus registers: A Modbus Exception Occurred - See Response Body
[2024-12-10T04:10:12.722Z] Error reading register 6507 for IP 10.30.4.128: A Modbus Exception Occurred - See Response Body
[2024-12-10T04:10:12.723Z] Error reading actual data: A Modbus Exception Occurred - See Response Body
[2024-12-10T04:10:12.724Z] Error writing to Modbus register: A Modbus Exception Occurred - See Response Body
[2024-12-10T04:10:13.735Z] Error reading or processing Modbus registers: A Modbus Exception Occurred - See Response Body
[2024-12-10T04:10:13.738Z] Error reading register 6507 for IP 10.30.4.128: A Modbus Exception Occurred - See Response Body
[2024-12-10T04:10:13.738Z] Error reading actual data: A Modbus Exception Occurred - See Response Body
[2024-12-10T04:10:13.739Z] Error writing to Modbus register: A Modbus Exception Occurred - See Response Body
[2024-12-10T04:10:14.748Z] Error reading or processing Modbus registers: A Modbus Exception Occurred - See Response Body
[2024-12-10T04:10:14.751Z] Error reading register 6507 for IP 10.30.4.128: A Modbus Exception Occurred - See Response Body
[2024-12-10T04:10:14.752Z] Error reading actual data: A Modbus Exception Occurred - See Response Body
[2024-12-10T04:10:14.752Z] Error writing to Modbus register: A Modbus Exception Occurred - See Response Body
[2024-12-10T04:10:15.749Z] Error reading or processing Modbus registers: A Modbus Exception Occurred - See Response Body
[2024-12-10T04:10:15.751Z] Error reading register 6507 for IP 10.30.4.128: A Modbus Exception Occurred - See Response Body
[2024-12-10T04:10:15.751Z] Error reading actual data: A Modbus Exception Occurred - See Response Body
[2024-12-10T04:10:15.751Z] Error writing to Modbus register: A Modbus Exception Occurred - See Response Body
[2024-12-10T04:10:16.750Z] Error reading or processing Modbus registers: A Modbus Exception Occurred - See Response Body
[2024-12-10T04:10:16.752Z] Error reading register 6507 for IP 10.30.4.128: A Modbus Exception Occurred - See Response Body
[2024-12-10T04:10:16.753Z] Error reading actual data: A Modbus Exception Occurred - See Response Body
[2024-12-10T04:10:16.753Z] Error writing to Modbus register: A Modbus Exception Occurred - See Response Body
[2024-12-10T04:10:17.761Z] Error reading or processing Modbus registers: A Modbus Exception Occurred - See Response Body
[2024-12-10T04:10:17.762Z] Error reading register 6507 for IP 10.30.4.128: A Modbus Exception Occurred - See Response Body
[2024-12-10T04:10:17.763Z] Error reading actual data: A Modbus Exception Occurred - See Response Body
[2024-12-10T04:10:17.763Z] Error writing to Modbus register: A Modbus Exception Occurred - See Response Body
[2024-12-10T04:10:18.771Z] Error reading or processing Modbus registers: A Modbus Exception Occurred - See Response Body
[2024-12-10T04:10:18.773Z] Error reading register 6507 for IP 10.30.4.128: A Modbus Exception Occurred - See Response Body
[2024-12-10T04:10:18.774Z] Error reading actual data: A Modbus Exception Occurred - See Response Body
[2024-12-10T04:10:18.775Z] Error writing to Modbus register: A Modbus Exception Occurred - See Response Body
[2024-12-10T04:10:19.770Z] Error reading or processing Modbus registers: A Modbus Exception Occurred - See Response Body
[2024-12-10T04:10:19.773Z] Error reading register 6507 for IP 10.30.4.128: A Modbus Exception Occurred - See Response Body
[2024-12-10T04:10:19.773Z] Error reading actual data: A Modbus Exception Occurred - See Response Body
[2024-12-10T04:10:19.774Z] Error writing to Modbus register: A Modbus Exception Occurred - See Response Body
[2024-12-10T04:10:20.781Z] Error reading or processing Modbus registers: A Modbus Exception Occurred - See Response Body
[2024-12-10T04:10:20.783Z] Error reading register 6507 for IP 10.30.4.128: A Modbus Exception Occurred - See Response Body
[2024-12-10T04:10:20.784Z] Error reading actual data: A Modbus Exception Occurred - See Response Body
[2024-12-10T04:10:20.785Z] Error writing to Modbus register: A Modbus Exception Occurred - See Response Body
[2024-12-10T04:10:21.796Z] Error reading or processing Modbus registers: A Modbus Exception Occurred - See Response Body
[2024-12-10T04:10:21.798Z] Error reading register 6507 for IP 10.30.4.128: A Modbus Exception Occurred - See Response Body
[2024-12-10T04:10:21.798Z] Error reading actual data: A Modbus Exception Occurred - See Response Body
[2024-12-10T04:10:21.799Z] Error writing to Modbus register: A Modbus Exception Occurred - See Response Body
[2024-12-10T04:10:22.797Z] Error reading or processing Modbus registers: A Modbus Exception Occurred - See Response Body
[2024-12-10T04:10:22.799Z] Error reading register 6507 for IP 10.30.4.128: A Modbus Exception Occurred - See Response Body
[2024-12-10T04:10:22.800Z] Error reading actual data: A Modbus Exception Occurred - See Response Body
[2024-12-10T04:10:22.801Z] Error writing to Modbus register: A Modbus Exception Occurred - See Response Body
[2024-12-10T04:10:23.806Z] Error reading or processing Modbus registers: A Modbus Exception Occurred - See Response Body
[2024-12-10T04:10:23.808Z] Error reading register 6507 for IP 10.30.4.128: A Modbus Exception Occurred - See Response Body
[2024-12-10T04:10:23.809Z] Error reading actual data: A Modbus Exception Occurred - See Response Body
[2024-12-10T04:10:23.809Z] Error writing to Modbus register: A Modbus Exception Occurred - See Response Body
[2024-12-10T04:10:24.817Z] Error reading or processing Modbus registers: A Modbus Exception Occurred - See Response Body
[2024-12-10T04:10:24.819Z] Error reading register 6507 for IP 10.30.4.128: A Modbus Exception Occurred - See Response Body
[2024-12-10T04:10:24.820Z] Error reading actual data: A Modbus Exception Occurred - See Response Body
[2024-12-10T04:10:24.821Z] Error writing to Modbus register: A Modbus Exception Occurred - See Response Body
[2024-12-10T04:10:25.829Z] Error reading or processing Modbus registers: A Modbus Exception Occurred - See Response Body
[2024-12-10T04:10:25.831Z] Error reading register 6507 for IP 10.30.4.128: A Modbus Exception Occurred - See Response Body
[2024-12-10T04:10:25.832Z] Error reading actual data: A Modbus Exception Occurred - See Response Body
[2024-12-10T04:10:25.832Z] Error writing to Modbus register: A Modbus Exception Occurred - See Response Body
[2024-12-10T04:10:26.845Z] Error reading or processing Modbus registers: A Modbus Exception Occurred - See Response Body
[2024-12-10T04:10:26.847Z] Error reading register 6507 for IP 10.30.4.128: A Modbus Exception Occurred - See Response Body
[2024-12-10T04:10:26.848Z] Error reading actual data: A Modbus Exception Occurred - See Response Body
[2024-12-10T04:10:26.849Z] Error writing to Modbus register: A Modbus Exception Occurred - See Response Body
[2024-12-10T04:10:27.847Z] Error reading or processing Modbus registers: A Modbus Exception Occurred - See Response Body
[2024-12-10T04:10:27.849Z] Error reading register 6507 for IP 10.30.4.128: A Modbus Exception Occurred - See Response Body
[2024-12-10T04:10:27.850Z] Error reading actual data: A Modbus Exception Occurred - See Response Body
[2024-12-10T04:10:27.851Z] Error writing to Modbus register: A Modbus Exception Occurred - See Response Body
[2024-12-10T04:10:28.857Z] Error reading or processing Modbus registers: A Modbus Exception Occurred - See Response Body
[2024-12-10T04:10:28.860Z] Error reading register 6507 for IP 10.30.4.128: A Modbus Exception Occurred - See Response Body
[2024-12-10T04:10:28.860Z] Error reading actual data: A Modbus Exception Occurred - See Response Body
[2024-12-10T04:10:28.861Z] Error writing to Modbus register: A Modbus Exception Occurred - See Response Body
[2024-12-10T04:10:29.872Z] Error reading or processing Modbus registers: A Modbus Exception Occurred - See Response Body
[2024-12-10T04:10:29.875Z] Error reading register 6507 for IP 10.30.4.128: A Modbus Exception Occurred - See Response Body
[2024-12-10T04:10:29.876Z] Error reading actual data: A Modbus Exception Occurred - See Response Body
[2024-12-10T04:10:29.876Z] Error writing to Modbus register: A Modbus Exception Occurred - See Response Body
[2024-12-10T04:10:30.885Z] Error reading or processing Modbus registers: A Modbus Exception Occurred - See Response Body
[2024-12-10T04:10:30.887Z] Error reading register 6507 for IP 10.30.4.128: A Modbus Exception Occurred - See Response Body
[2024-12-10T04:10:30.888Z] Error reading actual data: A Modbus Exception Occurred - See Response Body
[2024-12-10T04:10:30.889Z] Error writing to Modbus register: A Modbus Exception Occurred - See Response Body
[2024-12-10T04:10:31.895Z] Error reading or processing Modbus registers: A Modbus Exception Occurred - See Response Body
[2024-12-10T04:10:31.900Z] Error reading register 6507 for IP 10.30.4.128: A Modbus Exception Occurred - See Response Body
[2024-12-10T04:10:31.901Z] Error reading actual data: A Modbus Exception Occurred - See Response Body
[2024-12-10T04:10:31.901Z] Error writing to Modbus register: A Modbus Exception Occurred - See Response Body
[2024-12-10T04:10:32.909Z] Error reading or processing Modbus registers: A Modbus Exception Occurred - See Response Body
[2024-12-10T04:10:32.911Z] Error reading register 6507 for IP 10.30.4.128: A Modbus Exception Occurred - See Response Body
[2024-12-10T04:10:32.911Z] Error reading actual data: A Modbus Exception Occurred - See Response Body
[2024-12-10T04:10:32.912Z] Error writing to Modbus register: A Modbus Exception Occurred - See Response Body
[2024-12-10T04:10:33.910Z] Error reading or processing Modbus registers: A Modbus Exception Occurred - See Response Body
[2024-12-10T04:10:33.912Z] Error reading register 6507 for IP 10.30.4.128: A Modbus Exception Occurred - See Response Body
[2024-12-10T04:10:33.913Z] Error reading actual data: A Modbus Exception Occurred - See Response Body
[2024-12-10T04:10:33.913Z] Error writing to Modbus register: A Modbus Exception Occurred - See Response Body
[2024-12-10T04:10:34.922Z] Error reading or processing Modbus registers: A Modbus Exception Occurred - See Response Body
[2024-12-10T04:10:34.924Z] Error reading register 6507 for IP 10.30.4.128: A Modbus Exception Occurred - See Response Body
[2024-12-10T04:10:34.925Z] Error reading actual data: A Modbus Exception Occurred - See Response Body
[2024-12-10T04:10:34.926Z] Error writing to Modbus register: A Modbus Exception Occurred - See Response Body
[2024-12-10T04:10:35.937Z] Error reading or processing Modbus registers: A Modbus Exception Occurred - See Response Body
[2024-12-10T04:10:35.939Z] Error reading register 6507 for IP 10.30.4.128: A Modbus Exception Occurred - See Response Body
[2024-12-10T04:10:35.940Z] Error reading actual data: A Modbus Exception Occurred - See Response Body
[2024-12-10T04:10:35.940Z] Error writing to Modbus register: A Modbus Exception Occurred - See Response Body
[2024-12-10T04:10:36.950Z] Error reading or processing Modbus registers: A Modbus Exception Occurred - See Response Body
[2024-12-10T04:10:36.952Z] Error reading register 6507 for IP 10.30.4.128: A Modbus Exception Occurred - See Response Body
[2024-12-10T04:10:36.953Z] Error reading actual data: A Modbus Exception Occurred - See Response Body
[2024-12-10T04:10:36.953Z] Error writing to Modbus register: A Modbus Exception Occurred - See Response Body
[2024-12-10T04:10:37.952Z] Error reading or processing Modbus registers: A Modbus Exception Occurred - See Response Body
[2024-12-10T04:10:37.954Z] Error reading register 6507 for IP 10.30.4.128: A Modbus Exception Occurred - See Response Body
[2024-12-10T04:10:37.954Z] Error reading actual data: A Modbus Exception Occurred - See Response Body
[2024-12-10T04:10:37.955Z] Error writing to Modbus register: A Modbus Exception Occurred - See Response Body
[2024-12-10T04:10:38.962Z] Error reading or processing Modbus registers: A Modbus Exception Occurred - See Response Body
[2024-12-10T04:10:38.966Z] Error reading register 6507 for IP 10.30.4.128: A Modbus Exception Occurred - See Response Body
[2024-12-10T04:10:38.967Z] Error reading actual data: A Modbus Exception Occurred - See Response Body
[2024-12-10T04:10:38.967Z] Error writing to Modbus register: A Modbus Exception Occurred - See Response Body
[2024-12-10T04:10:39.975Z] Error reading or processing Modbus registers: A Modbus Exception Occurred - See Response Body
[2024-12-10T04:10:39.977Z] Error reading register 6507 for IP 10.30.4.128: A Modbus Exception Occurred - See Response Body
[2024-12-10T04:10:39.978Z] Error reading actual data: A Modbus Exception Occurred - See Response Body
[2024-12-10T04:10:39.978Z] Error writing to Modbus register: A Modbus Exception Occurred - See Response Body
[2024-12-10T04:10:40.988Z] Error reading or processing Modbus registers: A Modbus Exception Occurred - See Response Body
[2024-12-10T04:10:40.990Z] Error reading register 6507 for IP 10.30.4.128: A Modbus Exception Occurred - See Response Body
[2024-12-10T04:10:40.991Z] Error reading actual data: A Modbus Exception Occurred - See Response Body
[2024-12-10T04:10:40.991Z] Error writing to Modbus register: A Modbus Exception Occurred - See Response Body
[2024-12-10T04:10:41.989Z] Error reading or processing Modbus registers: A Modbus Exception Occurred - See Response Body
[2024-12-10T04:10:41.991Z] Error reading register 6507 for IP 10.30.4.128: A Modbus Exception Occurred - See Response Body
[2024-12-10T04:10:41.992Z] Error reading actual data: A Modbus Exception Occurred - See Response Body
[2024-12-10T04:10:41.992Z] Error writing to Modbus register: A Modbus Exception Occurred - See Response Body
[2024-12-10T04:10:43.002Z] Error reading or processing Modbus registers: A Modbus Exception Occurred - See Response Body
[2024-12-10T04:10:43.004Z] Error reading register 6507 for IP 10.30.4.128: A Modbus Exception Occurred - See Response Body
[2024-12-10T04:10:43.005Z] Error reading actual data: A Modbus Exception Occurred - See Response Body
[2024-12-10T04:10:43.005Z] Error writing to Modbus register: A Modbus Exception Occurred - See Response Body
[2024-12-10T04:10:44.003Z] Error reading or processing Modbus registers: A Modbus Exception Occurred - See Response Body
[2024-12-10T04:10:44.006Z] Error reading register 6507 for IP 10.30.4.128: A Modbus Exception Occurred - See Response Body
[2024-12-10T04:10:44.007Z] Error reading actual data: A Modbus Exception Occurred - See Response Body
[2024-12-10T04:10:44.008Z] Error writing to Modbus register: A Modbus Exception Occurred - See Response Body
[2024-12-10T04:10:45.004Z] Error reading or processing Modbus registers: A Modbus Exception Occurred - See Response Body
[2024-12-10T04:10:45.007Z] Error reading register 6507 for IP 10.30.4.128: A Modbus Exception Occurred - See Response Body
[2024-12-10T04:10:45.007Z] Error reading actual data: A Modbus Exception Occurred - See Response Body
[2024-12-10T04:10:45.008Z] Error writing to Modbus register: A Modbus Exception Occurred - See Response Body
[2024-12-10T04:10:46.005Z] Error reading or processing Modbus registers: A Modbus Exception Occurred - See Response Body
[2024-12-10T04:10:46.008Z] Error reading register 6507 for IP 10.30.4.128: A Modbus Exception Occurred - See Response Body
[2024-12-10T04:10:46.009Z] Error reading actual data: A Modbus Exception Occurred - See Response Body
[2024-12-10T04:10:46.009Z] Error writing to Modbus register: A Modbus Exception Occurred - See Response Body
[2024-12-10T04:10:47.004Z] Error reading or processing Modbus registers: A Modbus Exception Occurred - See Response Body
[2024-12-10T04:10:47.007Z] Error reading register 6507 for IP 10.30.4.128: A Modbus Exception Occurred - See Response Body
[2024-12-10T04:10:47.008Z] Error reading actual data: A Modbus Exception Occurred - See Response Body
[2024-12-10T04:10:47.008Z] Error writing to Modbus register: A Modbus Exception Occurred - See Response Body
[2024-12-10T04:10:48.017Z] Error reading or processing Modbus registers: A Modbus Exception Occurred - See Response Body
[2024-12-10T04:10:48.019Z] Error reading register 6507 for IP 10.30.4.128: A Modbus Exception Occurred - See Response Body
[2024-12-10T04:10:48.020Z] Error reading actual data: A Modbus Exception Occurred - See Response Body
[2024-12-10T04:10:48.020Z] Error writing to Modbus register: A Modbus Exception Occurred - See Response Body
[2024-12-10T04:10:49.032Z] Error reading or processing Modbus registers: A Modbus Exception Occurred - See Response Body
[2024-12-10T04:10:49.034Z] Error reading register 6507 for IP 10.30.4.128: A Modbus Exception Occurred - See Response Body
[2024-12-10T04:10:49.035Z] Error reading actual data: A Modbus Exception Occurred - See Response Body
[2024-12-10T04:10:49.035Z] Error writing to Modbus register: A Modbus Exception Occurred - See Response Body
[2024-12-10T04:10:50.041Z] Error reading or processing Modbus registers: A Modbus Exception Occurred - See Response Body
[2024-12-10T04:10:50.043Z] Error reading register 6507 for IP 10.30.4.128: A Modbus Exception Occurred - See Response Body
[2024-12-10T04:10:50.045Z] Error reading actual data: A Modbus Exception Occurred - See Response Body
[2024-12-10T04:10:50.045Z] Error writing to Modbus register: A Modbus Exception Occurred - See Response Body
[2024-12-10T04:10:51.042Z] Error reading or processing Modbus registers: A Modbus Exception Occurred - See Response Body
[2024-12-10T04:10:51.045Z] Error reading register 6507 for IP 10.30.4.128: A Modbus Exception Occurred - See Response Body
[2024-12-10T04:10:51.046Z] Error reading actual data: A Modbus Exception Occurred - See Response Body
[2024-12-10T04:10:51.046Z] Error writing to Modbus register: A Modbus Exception Occurred - See Response Body
[2024-12-10T04:10:52.057Z] Error reading or processing Modbus registers: A Modbus Exception Occurred - See Response Body
[2024-12-10T04:10:52.059Z] Error reading register 6507 for IP 10.30.4.128: A Modbus Exception Occurred - See Response Body
[2024-12-10T04:10:52.059Z] Error reading actual data: A Modbus Exception Occurred - See Response Body
[2024-12-10T04:10:52.060Z] Error writing to Modbus register: A Modbus Exception Occurred - See Response Body
[2024-12-10T04:10:53.068Z] Error reading or processing Modbus registers: A Modbus Exception Occurred - See Response Body
[2024-12-10T04:10:53.071Z] Error reading register 6507 for IP 10.30.4.128: A Modbus Exception Occurred - See Response Body
[2024-12-10T04:10:53.071Z] Error reading actual data: A Modbus Exception Occurred - See Response Body
[2024-12-10T04:10:53.072Z] Error writing to Modbus register: A Modbus Exception Occurred - See Response Body
[2024-12-10T04:10:54.080Z] Error reading or processing Modbus registers: A Modbus Exception Occurred - See Response Body
[2024-12-10T04:10:54.083Z] Error reading register 6507 for IP 10.30.4.128: A Modbus Exception Occurred - See Response Body
[2024-12-10T04:10:54.083Z] Error reading actual data: A Modbus Exception Occurred - See Response Body
[2024-12-10T04:10:54.084Z] Error writing to Modbus register: A Modbus Exception Occurred - See Response Body
[2024-12-10T04:10:55.082Z] Error reading or processing Modbus registers: A Modbus Exception Occurred - See Response Body
[2024-12-10T04:10:55.084Z] Error reading register 6507 for IP 10.30.4.128: A Modbus Exception Occurred - See Response Body
[2024-12-10T04:10:55.084Z] Error reading actual data: A Modbus Exception Occurred - See Response Body
[2024-12-10T04:10:55.085Z] Error writing to Modbus register: A Modbus Exception Occurred - See Response Body
[2024-12-10T04:10:56.096Z] Error reading or processing Modbus registers: A Modbus Exception Occurred - See Response Body
[2024-12-10T04:10:56.098Z] Error reading register 6507 for IP 10.30.4.128: A Modbus Exception Occurred - See Response Body
[2024-12-10T04:10:56.099Z] Error reading actual data: A Modbus Exception Occurred - See Response Body
[2024-12-10T04:10:56.099Z] Error writing to Modbus register: A Modbus Exception Occurred - See Response Body
[2024-12-10T04:10:57.111Z] Error reading or processing Modbus registers: A Modbus Exception Occurred - See Response Body
[2024-12-10T04:10:57.114Z] Error reading register 6507 for IP 10.30.4.128: A Modbus Exception Occurred - See Response Body
[2024-12-10T04:10:57.114Z] Error reading actual data: A Modbus Exception Occurred - See Response Body
[2024-12-10T04:10:57.115Z] Error writing to Modbus register: A Modbus Exception Occurred - See Response Body
[2024-12-10T04:10:58.126Z] Error reading or processing Modbus registers: A Modbus Exception Occurred - See Response Body
[2024-12-10T04:10:58.128Z] Error reading register 6507 for IP 10.30.4.128: A Modbus Exception Occurred - See Response Body
[2024-12-10T04:10:58.129Z] Error reading actual data: A Modbus Exception Occurred - See Response Body
[2024-12-10T04:10:58.129Z] Error writing to Modbus register: A Modbus Exception Occurred - See Response Body
[2024-12-10T04:10:59.134Z] Error reading or processing Modbus registers: A Modbus Exception Occurred - See Response Body
[2024-12-10T04:10:59.136Z] Error reading register 6507 for IP 10.30.4.128: A Modbus Exception Occurred - See Response Body
[2024-12-10T04:10:59.137Z] Error reading actual data: A Modbus Exception Occurred - See Response Body
[2024-12-10T04:10:59.138Z] Error writing to Modbus register: A Modbus Exception Occurred - See Response Body
[2024-12-10T04:11:00.144Z] Error reading or processing Modbus registers: A Modbus Exception Occurred - See Response Body
[2024-12-10T04:11:00.146Z] Error reading register 6507 for IP 10.30.4.128: A Modbus Exception Occurred - See Response Body
[2024-12-10T04:11:00.147Z] Error reading actual data: A Modbus Exception Occurred - See Response Body
[2024-12-10T04:11:00.147Z] Error writing to Modbus register: A Modbus Exception Occurred - See Response Body
[2024-12-10T04:11:01.154Z] Error reading or processing Modbus registers: A Modbus Exception Occurred - See Response Body
[2024-12-10T04:11:01.156Z] Error reading register 6507 for IP 10.30.4.128: A Modbus Exception Occurred - See Response Body
[2024-12-10T04:11:01.157Z] Error reading actual data: A Modbus Exception Occurred - See Response Body
[2024-12-10T04:11:01.157Z] Error writing to Modbus register: A Modbus Exception Occurred - See Response Body
[2024-12-10T04:11:02.161Z] Error reading or processing Modbus registers: A Modbus Exception Occurred - See Response Body
[2024-12-10T04:11:02.163Z] Error reading register 6507 for IP 10.30.4.128: A Modbus Exception Occurred - See Response Body
[2024-12-10T04:11:02.163Z] Error reading actual data: A Modbus Exception Occurred - See Response Body
[2024-12-10T04:11:02.164Z] Error writing to Modbus register: A Modbus Exception Occurred - See Response Body
[2024-12-10T04:11:03.172Z] Error reading or processing Modbus registers: A Modbus Exception Occurred - See Response Body
[2024-12-10T04:11:03.175Z] Error reading register 6507 for IP 10.30.4.128: A Modbus Exception Occurred - See Response Body
[2024-12-10T04:11:03.176Z] Error reading actual data: A Modbus Exception Occurred - See Response Body
[2024-12-10T04:11:03.176Z] Error writing to Modbus register: A Modbus Exception Occurred - See Response Body
[2024-12-10T04:11:04.173Z] Error reading or processing Modbus registers: A Modbus Exception Occurred - See Response Body
[2024-12-10T04:11:04.175Z] Error reading register 6507 for IP 10.30.4.128: A Modbus Exception Occurred - See Response Body
[2024-12-10T04:11:04.176Z] Error reading actual data: A Modbus Exception Occurred - See Response Body
[2024-12-10T04:11:04.176Z] Error writing to Modbus register: A Modbus Exception Occurred - See Response Body
[2024-12-10T04:11:05.186Z] Error reading or processing Modbus registers: A Modbus Exception Occurred - See Response Body
[2024-12-10T04:11:05.188Z] Error reading register 6507 for IP 10.30.4.128: A Modbus Exception Occurred - See Response Body
[2024-12-10T04:11:05.189Z] Error reading actual data: A Modbus Exception Occurred - See Response Body
[2024-12-10T04:11:05.189Z] Error writing to Modbus register: A Modbus Exception Occurred - See Response Body
[2024-12-10T04:11:06.200Z] Error reading or processing Modbus registers: A Modbus Exception Occurred - See Response Body
[2024-12-10T04:11:06.202Z] Error reading register 6507 for IP 10.30.4.128: A Modbus Exception Occurred - See Response Body
[2024-12-10T04:11:06.204Z] Error reading actual data: A Modbus Exception Occurred - See Response Body
[2024-12-10T04:11:06.204Z] Error writing to Modbus register: A Modbus Exception Occurred - See Response Body
[2024-12-10T04:11:07.214Z] Error reading or processing Modbus registers: A Modbus Exception Occurred - See Response Body
[2024-12-10T04:11:07.217Z] Error reading register 6507 for IP 10.30.4.128: A Modbus Exception Occurred - See Response Body
[2024-12-10T04:11:07.217Z] Error reading actual data: A Modbus Exception Occurred - See Response Body
[2024-12-10T04:11:07.218Z] Error writing to Modbus register: A Modbus Exception Occurred - See Response Body
[2024-12-10T04:11:08.223Z] Error reading or processing Modbus registers: A Modbus Exception Occurred - See Response Body
[2024-12-10T04:11:08.225Z] Error reading register 6507 for IP 10.30.4.128: A Modbus Exception Occurred - See Response Body
[2024-12-10T04:11:08.226Z] Error reading actual data: A Modbus Exception Occurred - See Response Body
[2024-12-10T04:11:08.227Z] Error writing to Modbus register: A Modbus Exception Occurred - See Response Body
[2024-12-10T04:11:09.233Z] Error reading or processing Modbus registers: A Modbus Exception Occurred - See Response Body
[2024-12-10T04:11:09.236Z] Error reading register 6507 for IP 10.30.4.128: A Modbus Exception Occurred - See Response Body
[2024-12-10T04:11:09.236Z] Error reading actual data: A Modbus Exception Occurred - See Response Body
[2024-12-10T04:11:09.237Z] Error writing to Modbus register: A Modbus Exception Occurred - See Response Body
[2024-12-10T04:11:10.242Z] Error reading or processing Modbus registers: A Modbus Exception Occurred - See Response Body
[2024-12-10T04:11:10.245Z] Error reading register 6507 for IP 10.30.4.128: A Modbus Exception Occurred - See Response Body
[2024-12-10T04:11:10.246Z] Error reading actual data: A Modbus Exception Occurred - See Response Body
[2024-12-10T04:11:10.246Z] Error writing to Modbus register: A Modbus Exception Occurred - See Response Body
[2024-12-10T04:11:11.257Z] Error reading or processing Modbus registers: A Modbus Exception Occurred - See Response Body
[2024-12-10T04:11:11.260Z] Error reading register 6507 for IP 10.30.4.128: A Modbus Exception Occurred - See Response Body
[2024-12-10T04:11:11.260Z] Error reading actual data: A Modbus Exception Occurred - See Response Body
[2024-12-10T04:11:11.261Z] Error writing to Modbus register: A Modbus Exception Occurred - See Response Body
[2024-12-10T04:11:12.269Z] Error reading or processing Modbus registers: A Modbus Exception Occurred - See Response Body
[2024-12-10T04:11:12.272Z] Error reading register 6507 for IP 10.30.4.128: A Modbus Exception Occurred - See Response Body
[2024-12-10T04:11:12.273Z] Error reading actual data: A Modbus Exception Occurred - See Response Body
[2024-12-10T04:11:12.274Z] Error writing to Modbus register: A Modbus Exception Occurred - See Response Body
[2024-12-10T04:11:13.281Z] Error reading or processing Modbus registers: A Modbus Exception Occurred - See Response Body
[2024-12-10T04:11:13.283Z] Error reading register 6507 for IP 10.30.4.128: A Modbus Exception Occurred - See Response Body
[2024-12-10T04:11:13.284Z] Error reading actual data: A Modbus Exception Occurred - See Response Body
[2024-12-10T04:11:13.287Z] Error writing to Modbus register: A Modbus Exception Occurred - See Response Body
[2024-12-10T04:11:14.294Z] Error reading or processing Modbus registers: A Modbus Exception Occurred - See Response Body
[2024-12-10T04:11:14.296Z] Error reading register 6507 for IP 10.30.4.128: A Modbus Exception Occurred - See Response Body
[2024-12-10T04:11:14.296Z] Error reading actual data: A Modbus Exception Occurred - See Response Body
[2024-12-10T04:11:14.297Z] Error writing to Modbus register: A Modbus Exception Occurred - See Response Body
[2024-12-10T04:11:15.308Z] Error reading or processing Modbus registers: A Modbus Exception Occurred - See Response Body
[2024-12-10T04:11:15.310Z] Error reading register 6507 for IP 10.30.4.128: A Modbus Exception Occurred - See Response Body
[2024-12-10T04:11:15.310Z] Error reading actual data: A Modbus Exception Occurred - See Response Body
[2024-12-10T04:11:15.311Z] Error writing to Modbus register: A Modbus Exception Occurred - See Response Body
[2024-12-10T04:11:16.319Z] Error reading or processing Modbus registers: A Modbus Exception Occurred - See Response Body
[2024-12-10T04:11:16.321Z] Error reading register 6507 for IP 10.30.4.128: A Modbus Exception Occurred - See Response Body
[2024-12-10T04:11:16.322Z] Error reading actual data: A Modbus Exception Occurred - See Response Body
[2024-12-10T04:11:16.322Z] Error writing to Modbus register: A Modbus Exception Occurred - See Response Body
[2024-12-10T04:11:17.332Z] Error reading or processing Modbus registers: A Modbus Exception Occurred - See Response Body
[2024-12-10T04:11:17.334Z] Error reading register 6507 for IP 10.30.4.128: A Modbus Exception Occurred - See Response Body
[2024-12-10T04:11:17.335Z] Error reading actual data: A Modbus Exception Occurred - See Response Body
[2024-12-10T04:11:17.335Z] Error writing to Modbus register: A Modbus Exception Occurred - See Response Body
[2024-12-10T04:11:18.344Z] Error reading or processing Modbus registers: A Modbus Exception Occurred - See Response Body
[2024-12-10T04:11:18.346Z] Error reading register 6507 for IP 10.30.4.128: A Modbus Exception Occurred - See Response Body
[2024-12-10T04:11:18.347Z] Error reading actual data: A Modbus Exception Occurred - See Response Body
[2024-12-10T04:11:18.349Z] Error writing to Modbus register: A Modbus Exception Occurred - See Response Body
[2024-12-10T04:11:19.355Z] Error reading or processing Modbus registers: A Modbus Exception Occurred - See Response Body
[2024-12-10T04:11:19.357Z] Error reading register 6507 for IP 10.30.4.128: A Modbus Exception Occurred - See Response Body
[2024-12-10T04:11:19.357Z] Error reading actual data: A Modbus Exception Occurred - See Response Body
[2024-12-10T04:11:19.358Z] Error writing to Modbus register: A Modbus Exception Occurred - See Response Body
[2024-12-10T04:11:20.369Z] Error reading or processing Modbus registers: A Modbus Exception Occurred - See Response Body
[2024-12-10T04:11:20.371Z] Error reading register 6507 for IP 10.30.4.128: A Modbus Exception Occurred - See Response Body
[2024-12-10T04:11:20.372Z] Error reading actual data: A Modbus Exception Occurred - See Response Body
[2024-12-10T04:11:20.372Z] Error writing to Modbus register: A Modbus Exception Occurred - See Response Body
[2024-12-10T04:11:21.382Z] Error reading or processing Modbus registers: A Modbus Exception Occurred - See Response Body
[2024-12-10T04:11:21.384Z] Error reading register 6507 for IP 10.30.4.128: A Modbus Exception Occurred - See Response Body
[2024-12-10T04:11:21.384Z] Error reading actual data: A Modbus Exception Occurred - See Response Body
[2024-12-10T04:11:21.385Z] Error writing to Modbus register: A Modbus Exception Occurred - See Response Body
[2024-12-10T04:11:22.393Z] Error reading or processing Modbus registers: A Modbus Exception Occurred - See Response Body
[2024-12-10T04:11:22.395Z] Error reading register 6507 for IP 10.30.4.128: A Modbus Exception Occurred - See Response Body
[2024-12-10T04:11:22.396Z] Error reading actual data: A Modbus Exception Occurred - See Response Body
[2024-12-10T04:11:22.397Z] Error writing to Modbus register: A Modbus Exception Occurred - See Response Body
[2024-12-10T04:11:23.405Z] Error reading or processing Modbus registers: A Modbus Exception Occurred - See Response Body
[2024-12-10T04:11:23.407Z] Error reading register 6507 for IP 10.30.4.128: A Modbus Exception Occurred - See Response Body
[2024-12-10T04:11:23.408Z] Error reading actual data: A Modbus Exception Occurred - See Response Body
[2024-12-10T04:11:23.408Z] Error writing to Modbus register: A Modbus Exception Occurred - See Response Body
[2024-12-10T04:11:24.420Z] Error reading or processing Modbus registers: A Modbus Exception Occurred - See Response Body
[2024-12-10T04:11:24.422Z] Error reading register 6507 for IP 10.30.4.128: A Modbus Exception Occurred - See Response Body
[2024-12-10T04:11:24.423Z] Error reading actual data: A Modbus Exception Occurred - See Response Body
[2024-12-10T04:11:24.423Z] Error writing to Modbus register: A Modbus Exception Occurred - See Response Body
[2024-12-10T04:11:25.433Z] Error reading or processing Modbus registers: A Modbus Exception Occurred - See Response Body
[2024-12-10T04:11:25.435Z] Error reading register 6507 for IP 10.30.4.128: A Modbus Exception Occurred - See Response Body
[2024-12-10T04:11:25.436Z] Error reading actual data: A Modbus Exception Occurred - See Response Body
[2024-12-10T04:11:25.436Z] Error writing to Modbus register: A Modbus Exception Occurred - See Response Body
[2024-12-10T04:11:26.432Z] Error reading or processing Modbus registers: A Modbus Exception Occurred - See Response Body
[2024-12-10T04:11:26.435Z] Error reading register 6507 for IP 10.30.4.128: A Modbus Exception Occurred - See Response Body
[2024-12-10T04:11:26.436Z] Error reading actual data: A Modbus Exception Occurred - See Response Body
[2024-12-10T04:11:26.437Z] Error writing to Modbus register: A Modbus Exception Occurred - See Response Body
[2024-12-10T04:11:27.432Z] Error reading or processing Modbus registers: A Modbus Exception Occurred - See Response Body
[2024-12-10T04:11:27.434Z] Error reading register 6507 for IP 10.30.4.128: A Modbus Exception Occurred - See Response Body
[2024-12-10T04:11:27.435Z] Error reading actual data: A Modbus Exception Occurred - See Response Body
[2024-12-10T04:11:27.436Z] Error writing to Modbus register: A Modbus Exception Occurred - See Response Body
[2024-12-10T04:11:28.445Z] Error reading or processing Modbus registers: A Modbus Exception Occurred - See Response Body
[2024-12-10T04:11:28.448Z] Error reading register 6507 for IP 10.30.4.128: A Modbus Exception Occurred - See Response Body
[2024-12-10T04:11:28.448Z] Error reading actual data: A Modbus Exception Occurred - See Response Body
[2024-12-10T04:11:28.449Z] Error writing to Modbus register: A Modbus Exception Occurred - See Response Body
[2024-12-10T04:11:29.458Z] Error reading or processing Modbus registers: A Modbus Exception Occurred - See Response Body
[2024-12-10T04:11:29.460Z] Error reading register 6507 for IP 10.30.4.128: A Modbus Exception Occurred - See Response Body
[2024-12-10T04:11:29.461Z] Error reading actual data: A Modbus Exception Occurred - See Response Body
[2024-12-10T04:11:29.462Z] Error writing to Modbus register: A Modbus Exception Occurred - See Response Body
[2024-12-10T04:11:30.472Z] Error reading or processing Modbus registers: A Modbus Exception Occurred - See Response Body
[2024-12-10T04:11:30.475Z] Error reading register 6507 for IP 10.30.4.128: A Modbus Exception Occurred - See Response Body
[2024-12-10T04:11:30.476Z] Error reading actual data: A Modbus Exception Occurred - See Response Body
[2024-12-10T04:11:30.476Z] Error writing to Modbus register: A Modbus Exception Occurred - See Response Body
[2024-12-10T04:11:31.481Z] Error reading or processing Modbus registers: A Modbus Exception Occurred - See Response Body
[2024-12-10T04:11:31.482Z] Error reading register 6507 for IP 10.30.4.128: A Modbus Exception Occurred - See Response Body
[2024-12-10T04:11:31.483Z] Error reading actual data: A Modbus Exception Occurred - See Response Body
[2024-12-10T04:11:31.483Z] Error writing to Modbus register: A Modbus Exception Occurred - See Response Body
[2024-12-10T04:11:32.494Z] Error reading or processing Modbus registers: A Modbus Exception Occurred - See Response Body
[2024-12-10T04:11:32.496Z] Error reading register 6507 for IP 10.30.4.128: A Modbus Exception Occurred - See Response Body
[2024-12-10T04:11:32.497Z] Error reading actual data: A Modbus Exception Occurred - See Response Body
[2024-12-10T04:11:32.497Z] Error writing to Modbus register: A Modbus Exception Occurred - See Response Body
[2024-12-10T04:11:33.495Z] Error reading or processing Modbus registers: A Modbus Exception Occurred - See Response Body
[2024-12-10T04:11:33.497Z] Error reading register 6507 for IP 10.30.4.128: A Modbus Exception Occurred - See Response Body
[2024-12-10T04:11:33.498Z] Error reading actual data: A Modbus Exception Occurred - See Response Body
[2024-12-10T04:11:33.498Z] Error writing to Modbus register: A Modbus Exception Occurred - See Response Body
[2024-12-10T04:11:34.509Z] Error reading or processing Modbus registers: A Modbus Exception Occurred - See Response Body
[2024-12-10T04:11:34.511Z] Error reading register 6507 for IP 10.30.4.128: A Modbus Exception Occurred - See Response Body
[2024-12-10T04:11:34.512Z] Error reading actual data: A Modbus Exception Occurred - See Response Body
[2024-12-10T04:11:34.512Z] Error writing to Modbus register: A Modbus Exception Occurred - See Response Body
[2024-12-10T04:11:35.524Z] Error reading or processing Modbus registers: A Modbus Exception Occurred - See Response Body
[2024-12-10T04:11:35.526Z] Error reading register 6507 for IP 10.30.4.128: A Modbus Exception Occurred - See Response Body
[2024-12-10T04:11:35.527Z] Error reading actual data: A Modbus Exception Occurred - See Response Body
[2024-12-10T04:11:35.528Z] Error writing to Modbus register: A Modbus Exception Occurred - See Response Body
[2024-12-10T04:11:36.538Z] Error reading or processing Modbus registers: A Modbus Exception Occurred - See Response Body
[2024-12-10T04:11:36.541Z] Error reading register 6507 for IP 10.30.4.128: A Modbus Exception Occurred - See Response Body
[2024-12-10T04:11:36.541Z] Error reading actual data: A Modbus Exception Occurred - See Response Body
[2024-12-10T04:11:36.542Z] Error writing to Modbus register: A Modbus Exception Occurred - See Response Body
[2024-12-10T04:11:37.539Z] Error reading or processing Modbus registers: A Modbus Exception Occurred - See Response Body
[2024-12-10T04:11:37.541Z] Error reading register 6507 for IP 10.30.4.128: A Modbus Exception Occurred - See Response Body
[2024-12-10T04:11:37.542Z] Error reading actual data: A Modbus Exception Occurred - See Response Body
[2024-12-10T04:11:37.542Z] Error writing to Modbus register: A Modbus Exception Occurred - See Response Body
[2024-12-10T04:11:38.538Z] Error reading or processing Modbus registers: A Modbus Exception Occurred - See Response Body
[2024-12-10T04:11:38.540Z] Error reading register 6507 for IP 10.30.4.128: A Modbus Exception Occurred - See Response Body
[2024-12-10T04:11:38.540Z] Error reading actual data: A Modbus Exception Occurred - See Response Body
[2024-12-10T04:11:38.541Z] Error writing to Modbus register: A Modbus Exception Occurred - See Response Body
[2024-12-10T04:11:39.549Z] Error reading or processing Modbus registers: A Modbus Exception Occurred - See Response Body
[2024-12-10T04:11:39.551Z] Error reading register 6507 for IP 10.30.4.128: A Modbus Exception Occurred - See Response Body
[2024-12-10T04:11:39.551Z] Error reading actual data: A Modbus Exception Occurred - See Response Body
[2024-12-10T04:11:39.552Z] Error writing to Modbus register: A Modbus Exception Occurred - See Response Body
[2024-12-10T04:11:40.560Z] Error reading or processing Modbus registers: A Modbus Exception Occurred - See Response Body
[2024-12-10T04:11:40.562Z] Error reading register 6507 for IP 10.30.4.128: A Modbus Exception Occurred - See Response Body
[2024-12-10T04:11:40.563Z] Error reading actual data: A Modbus Exception Occurred - See Response Body
[2024-12-10T04:11:40.563Z] Error writing to Modbus register: A Modbus Exception Occurred - See Response Body
[2024-12-10T04:11:41.574Z] Error reading or processing Modbus registers: A Modbus Exception Occurred - See Response Body
[2024-12-10T04:11:41.576Z] Error reading register 6507 for IP 10.30.4.128: A Modbus Exception Occurred - See Response Body
[2024-12-10T04:11:41.577Z] Error reading actual data: A Modbus Exception Occurred - See Response Body
[2024-12-10T04:11:41.578Z] Error writing to Modbus register: A Modbus Exception Occurred - See Response Body
[2024-12-10T04:11:42.588Z] Error reading or processing Modbus registers: A Modbus Exception Occurred - See Response Body
[2024-12-10T04:11:42.591Z] Error reading register 6507 for IP 10.30.4.128: A Modbus Exception Occurred - See Response Body
[2024-12-10T04:11:42.592Z] Error reading actual data: A Modbus Exception Occurred - See Response Body
[2024-12-10T04:11:42.593Z] Error writing to Modbus register: A Modbus Exception Occurred - See Response Body
[2024-12-10T04:11:43.588Z] Error reading or processing Modbus registers: A Modbus Exception Occurred - See Response Body
[2024-12-10T04:11:43.590Z] Error reading register 6507 for IP 10.30.4.128: A Modbus Exception Occurred - See Response Body
[2024-12-10T04:11:43.591Z] Error reading actual data: A Modbus Exception Occurred - See Response Body
[2024-12-10T04:11:43.592Z] Error writing to Modbus register: A Modbus Exception Occurred - See Response Body
[2024-12-10T04:11:44.603Z] Error reading or processing Modbus registers: A Modbus Exception Occurred - See Response Body
[2024-12-10T04:11:44.605Z] Error reading register 6507 for IP 10.30.4.128: A Modbus Exception Occurred - See Response Body
[2024-12-10T04:11:44.606Z] Error reading actual data: A Modbus Exception Occurred - See Response Body
[2024-12-10T04:11:44.606Z] Error writing to Modbus register: A Modbus Exception Occurred - See Response Body
[2024-12-10T04:11:45.616Z] Error reading or processing Modbus registers: A Modbus Exception Occurred - See Response Body
[2024-12-10T04:11:45.618Z] Error reading register 6507 for IP 10.30.4.128: A Modbus Exception Occurred - See Response Body
[2024-12-10T04:11:45.619Z] Error reading actual data: A Modbus Exception Occurred - See Response Body
[2024-12-10T04:11:45.620Z] Error writing to Modbus register: A Modbus Exception Occurred - See Response Body
[2024-12-10T04:11:46.627Z] Error reading or processing Modbus registers: A Modbus Exception Occurred - See Response Body
[2024-12-10T04:11:46.630Z] Error reading register 6507 for IP 10.30.4.128: A Modbus Exception Occurred - See Response Body
[2024-12-10T04:11:46.631Z] Error reading actual data: A Modbus Exception Occurred - See Response Body
[2024-12-10T04:11:46.631Z] Error writing to Modbus register: A Modbus Exception Occurred - See Response Body
[2024-12-10T04:11:47.643Z] Error reading or processing Modbus registers: A Modbus Exception Occurred - See Response Body
[2024-12-10T04:11:47.645Z] Error reading register 6507 for IP 10.30.4.128: A Modbus Exception Occurred - See Response Body
[2024-12-10T04:11:47.646Z] Error reading actual data: A Modbus Exception Occurred - See Response Body
[2024-12-10T04:11:47.646Z] Error writing to Modbus register: A Modbus Exception Occurred - See Response Body
[2024-12-10T04:11:48.645Z] Error reading or processing Modbus registers: A Modbus Exception Occurred - See Response Body
[2024-12-10T04:11:48.647Z] Error reading register 6507 for IP 10.30.4.128: A Modbus Exception Occurred - See Response Body
[2024-12-10T04:11:48.648Z] Error reading actual data: A Modbus Exception Occurred - See Response Body
[2024-12-10T04:11:48.648Z] Error writing to Modbus register: A Modbus Exception Occurred - See Response Body
[2024-12-10T04:11:49.645Z] Error reading or processing Modbus registers: A Modbus Exception Occurred - See Response Body
[2024-12-10T04:11:49.647Z] Error reading register 6507 for IP 10.30.4.128: A Modbus Exception Occurred - See Response Body
[2024-12-10T04:11:49.648Z] Error reading actual data: A Modbus Exception Occurred - See Response Body
[2024-12-10T04:11:49.648Z] Error writing to Modbus register: A Modbus Exception Occurred - See Response Body
[2024-12-10T04:11:50.653Z] Error reading or processing Modbus registers: A Modbus Exception Occurred - See Response Body
[2024-12-10T04:11:50.656Z] Error reading register 6507 for IP 10.30.4.128: A Modbus Exception Occurred - See Response Body
[2024-12-10T04:11:50.657Z] Error reading actual data: A Modbus Exception Occurred - See Response Body
[2024-12-10T04:11:50.657Z] Error writing to Modbus register: A Modbus Exception Occurred - See Response Body
[2024-12-10T04:11:51.654Z] Error reading or processing Modbus registers: A Modbus Exception Occurred - See Response Body
[2024-12-10T04:11:51.656Z] Error reading register 6507 for IP 10.30.4.128: A Modbus Exception Occurred - See Response Body
[2024-12-10T04:11:51.656Z] Error reading actual data: A Modbus Exception Occurred - See Response Body
[2024-12-10T04:11:51.657Z] Error writing to Modbus register: A Modbus Exception Occurred - See Response Body
[2024-12-10T04:11:52.667Z] Error reading or processing Modbus registers: A Modbus Exception Occurred - See Response Body
[2024-12-10T04:11:52.669Z] Error reading register 6507 for IP 10.30.4.128: A Modbus Exception Occurred - See Response Body
[2024-12-10T04:11:52.669Z] Error reading actual data: A Modbus Exception Occurred - See Response Body
[2024-12-10T04:11:52.670Z] Error writing to Modbus register: A Modbus Exception Occurred - See Response Body
[2024-12-10T04:11:53.668Z] Error reading or processing Modbus registers: A Modbus Exception Occurred - See Response Body
[2024-12-10T04:11:53.670Z] Error reading register 6507 for IP 10.30.4.128: A Modbus Exception Occurred - See Response Body
[2024-12-10T04:11:53.671Z] Error reading actual data: A Modbus Exception Occurred - See Response Body
[2024-12-10T04:11:53.671Z] Error writing to Modbus register: A Modbus Exception Occurred - See Response Body
[2024-12-10T04:11:54.680Z] Error reading or processing Modbus registers: A Modbus Exception Occurred - See Response Body
[2024-12-10T04:11:54.682Z] Error reading register 6507 for IP 10.30.4.128: A Modbus Exception Occurred - See Response Body
[2024-12-10T04:11:54.683Z] Error reading actual data: A Modbus Exception Occurred - See Response Body
[2024-12-10T04:11:54.683Z] Error writing to Modbus register: A Modbus Exception Occurred - See Response Body
[2024-12-10T04:11:55.691Z] Error reading or processing Modbus registers: A Modbus Exception Occurred - See Response Body
[2024-12-10T04:11:55.694Z] Error reading register 6507 for IP 10.30.4.128: A Modbus Exception Occurred - See Response Body
[2024-12-10T04:11:55.695Z] Error reading actual data: A Modbus Exception Occurred - See Response Body
[2024-12-10T04:11:55.696Z] Error writing to Modbus register: A Modbus Exception Occurred - See Response Body
[2024-12-10T04:11:56.693Z] Error reading or processing Modbus registers: A Modbus Exception Occurred - See Response Body
[2024-12-10T04:11:56.695Z] Error reading register 6507 for IP 10.30.4.128: A Modbus Exception Occurred - See Response Body
[2024-12-10T04:11:56.696Z] Error writing to Modbus register: A Modbus Exception Occurred - See Response Body
[2024-12-10T04:11:56.695Z] Error reading actual data: A Modbus Exception Occurred - See Response Body
[2024-12-10T04:11:57.706Z] Error reading or processing Modbus registers: A Modbus Exception Occurred - See Response Body
[2024-12-10T04:11:57.709Z] Error reading register 6507 for IP 10.30.4.128: A Modbus Exception Occurred - See Response Body
[2024-12-10T04:11:57.709Z] Error reading actual data: A Modbus Exception Occurred - See Response Body
[2024-12-10T04:11:57.710Z] Error writing to Modbus register: A Modbus Exception Occurred - See Response Body
[2024-12-10T04:11:58.719Z] Error reading or processing Modbus registers: A Modbus Exception Occurred - See Response Body
[2024-12-10T04:11:58.721Z] Error reading register 6507 for IP 10.30.4.128: A Modbus Exception Occurred - See Response Body
[2024-12-10T04:11:58.722Z] Error reading actual data: A Modbus Exception Occurred - See Response Body
[2024-12-10T04:11:58.722Z] Error writing to Modbus register: A Modbus Exception Occurred - See Response Body
[2024-12-10T04:11:59.730Z] Error reading or processing Modbus registers: A Modbus Exception Occurred - See Response Body
[2024-12-10T04:11:59.732Z] Error reading register 6507 for IP 10.30.4.128: A Modbus Exception Occurred - See Response Body
[2024-12-10T04:11:59.733Z] Error reading actual data: A Modbus Exception Occurred - See Response Body
[2024-12-10T04:11:59.733Z] Error writing to Modbus register: A Modbus Exception Occurred - See Response Body
[2024-12-10T04:12:00.731Z] Error reading or processing Modbus registers: A Modbus Exception Occurred - See Response Body
[2024-12-10T04:12:00.733Z] Error reading register 6507 for IP 10.30.4.128: A Modbus Exception Occurred - See Response Body
[2024-12-10T04:12:00.734Z] Error reading actual data: A Modbus Exception Occurred - See Response Body
[2024-12-10T04:12:00.735Z] Error writing to Modbus register: A Modbus Exception Occurred - See Response Body
[2024-12-10T04:12:01.741Z] Error reading or processing Modbus registers: A Modbus Exception Occurred - See Response Body
[2024-12-10T04:12:01.743Z] Error reading register 6507 for IP 10.30.4.128: A Modbus Exception Occurred - See Response Body
[2024-12-10T04:12:01.744Z] Error reading actual data: A Modbus Exception Occurred - See Response Body
[2024-12-10T04:12:01.745Z] Error writing to Modbus register: A Modbus Exception Occurred - See Response Body
[2024-12-10T04:12:02.755Z] Error reading or processing Modbus registers: A Modbus Exception Occurred - See Response Body
[2024-12-10T04:12:02.757Z] Error reading register 6507 for IP 10.30.4.128: A Modbus Exception Occurred - See Response Body
[2024-12-10T04:12:02.758Z] Error reading actual data: A Modbus Exception Occurred - See Response Body
[2024-12-10T04:12:02.758Z] Error writing to Modbus register: A Modbus Exception Occurred - See Response Body
[2024-12-10T04:12:03.769Z] Error reading or processing Modbus registers: A Modbus Exception Occurred - See Response Body
[2024-12-10T04:12:03.771Z] Error reading register 6507 for IP 10.30.4.128: A Modbus Exception Occurred - See Response Body
[2024-12-10T04:12:03.772Z] Error reading actual data: A Modbus Exception Occurred - See Response Body
[2024-12-10T04:12:03.773Z] Error writing to Modbus register: A Modbus Exception Occurred - See Response Body
[2024-12-10T04:12:04.784Z] Error reading or processing Modbus registers: A Modbus Exception Occurred - See Response Body
[2024-12-10T04:12:04.787Z] Error reading register 6507 for IP 10.30.4.128: A Modbus Exception Occurred - See Response Body
[2024-12-10T04:12:04.788Z] Error reading actual data: A Modbus Exception Occurred - See Response Body
[2024-12-10T04:12:04.789Z] Error writing to Modbus register: A Modbus Exception Occurred - See Response Body
[2024-12-10T04:12:05.798Z] Error reading or processing Modbus registers: A Modbus Exception Occurred - See Response Body
[2024-12-10T04:12:05.800Z] Error reading register 6507 for IP 10.30.4.128: A Modbus Exception Occurred - See Response Body
[2024-12-10T04:12:05.801Z] Error reading actual data: A Modbus Exception Occurred - See Response Body
[2024-12-10T04:12:05.802Z] Error writing to Modbus register: A Modbus Exception Occurred - See Response Body
[2024-12-10T04:12:06.800Z] Error reading or processing Modbus registers: A Modbus Exception Occurred - See Response Body
[2024-12-10T04:12:06.802Z] Error reading register 6507 for IP 10.30.4.128: A Modbus Exception Occurred - See Response Body
[2024-12-10T04:12:06.803Z] Error reading actual data: A Modbus Exception Occurred - See Response Body
[2024-12-10T04:12:06.803Z] Error writing to Modbus register: A Modbus Exception Occurred - See Response Body
[2024-12-10T04:12:07.813Z] Error reading or processing Modbus registers: A Modbus Exception Occurred - See Response Body
[2024-12-10T04:12:07.816Z] Error reading register 6507 for IP 10.30.4.128: A Modbus Exception Occurred - See Response Body
[2024-12-10T04:12:07.816Z] Error reading actual data: A Modbus Exception Occurred - See Response Body
[2024-12-10T04:12:07.817Z] Error writing to Modbus register: A Modbus Exception Occurred - See Response Body
[2024-12-10T04:12:08.828Z] Error reading or processing Modbus registers: A Modbus Exception Occurred - See Response Body
[2024-12-10T04:12:08.830Z] Error reading register 6507 for IP 10.30.4.128: A Modbus Exception Occurred - See Response Body
[2024-12-10T04:12:08.831Z] Error reading actual data: A Modbus Exception Occurred - See Response Body
[2024-12-10T04:12:08.831Z] Error writing to Modbus register: A Modbus Exception Occurred - See Response Body
[2024-12-10T04:12:09.829Z] Error reading or processing Modbus registers: A Modbus Exception Occurred - See Response Body
[2024-12-10T04:12:09.831Z] Error reading register 6507 for IP 10.30.4.128: A Modbus Exception Occurred - See Response Body
[2024-12-10T04:12:09.832Z] Error reading actual data: A Modbus Exception Occurred - See Response Body
[2024-12-10T04:12:09.832Z] Error writing to Modbus register: A Modbus Exception Occurred - See Response Body
[2024-12-10T04:12:10.842Z] Error reading or processing Modbus registers: A Modbus Exception Occurred - See Response Body
[2024-12-10T04:12:10.844Z] Error reading register 6507 for IP 10.30.4.128: A Modbus Exception Occurred - See Response Body
[2024-12-10T04:12:10.844Z] Error reading actual data: A Modbus Exception Occurred - See Response Body
[2024-12-10T04:12:10.845Z] Error writing to Modbus register: A Modbus Exception Occurred - See Response Body
[2024-12-10T04:12:11.852Z] Error reading or processing Modbus registers: A Modbus Exception Occurred - See Response Body
[2024-12-10T04:12:11.855Z] Error reading register 6507 for IP 10.30.4.128: A Modbus Exception Occurred - See Response Body
[2024-12-10T04:12:11.855Z] Error reading actual data: A Modbus Exception Occurred - See Response Body
[2024-12-10T04:12:11.856Z] Error writing to Modbus register: A Modbus Exception Occurred - See Response Body
[2024-12-10T04:12:12.865Z] Error reading or processing Modbus registers: A Modbus Exception Occurred - See Response Body
[2024-12-10T04:12:12.867Z] Error reading register 6507 for IP 10.30.4.128: A Modbus Exception Occurred - See Response Body
[2024-12-10T04:12:12.867Z] Error reading actual data: A Modbus Exception Occurred - See Response Body
[2024-12-10T04:12:12.868Z] Error writing to Modbus register: A Modbus Exception Occurred - See Response Body
[2024-12-10T04:12:13.880Z] Error reading or processing Modbus registers: A Modbus Exception Occurred - See Response Body
[2024-12-10T04:12:13.882Z] Error reading register 6507 for IP 10.30.4.128: A Modbus Exception Occurred - See Response Body
[2024-12-10T04:12:13.883Z] Error reading actual data: A Modbus Exception Occurred - See Response Body
[2024-12-10T04:12:13.884Z] Error writing to Modbus register: A Modbus Exception Occurred - See Response Body
[2024-12-10T04:12:14.888Z] Error reading or processing Modbus registers: A Modbus Exception Occurred - See Response Body
[2024-12-10T04:12:14.891Z] Error reading register 6507 for IP 10.30.4.128: A Modbus Exception Occurred - See Response Body
[2024-12-10T04:12:14.892Z] Error reading actual data: A Modbus Exception Occurred - See Response Body
[2024-12-10T04:12:14.892Z] Error writing to Modbus register: A Modbus Exception Occurred - See Response Body
[2024-12-10T04:12:15.903Z] Error reading or processing Modbus registers: A Modbus Exception Occurred - See Response Body
[2024-12-10T04:12:15.905Z] Error reading register 6507 for IP 10.30.4.128: A Modbus Exception Occurred - See Response Body
[2024-12-10T04:12:15.905Z] Error reading actual data: A Modbus Exception Occurred - See Response Body
[2024-12-10T04:12:15.906Z] Error writing to Modbus register: A Modbus Exception Occurred - See Response Body
[2024-12-10T04:12:16.918Z] Error reading or processing Modbus registers: A Modbus Exception Occurred - See Response Body
[2024-12-10T04:12:16.921Z] Error reading register 6507 for IP 10.30.4.128: A Modbus Exception Occurred - See Response Body
[2024-12-10T04:12:16.921Z] Error reading actual data: A Modbus Exception Occurred - See Response Body
[2024-12-10T04:12:16.922Z] Error writing to Modbus register: A Modbus Exception Occurred - See Response Body
[2024-12-10T04:12:17.926Z] Error reading or processing Modbus registers: A Modbus Exception Occurred - See Response Body
[2024-12-10T04:12:17.929Z] Error reading register 6507 for IP 10.30.4.128: A Modbus Exception Occurred - See Response Body
[2024-12-10T04:12:17.930Z] Error reading actual data: A Modbus Exception Occurred - See Response Body
[2024-12-10T04:12:17.930Z] Error writing to Modbus register: A Modbus Exception Occurred - See Response Body
[2024-12-10T04:12:18.926Z] Error reading or processing Modbus registers: A Modbus Exception Occurred - See Response Body
[2024-12-10T04:12:18.929Z] Error reading register 6507 for IP 10.30.4.128: A Modbus Exception Occurred - See Response Body
[2024-12-10T04:12:18.929Z] Error reading actual data: A Modbus Exception Occurred - See Response Body
[2024-12-10T04:12:18.930Z] Error writing to Modbus register: A Modbus Exception Occurred - See Response Body
[2024-12-10T04:12:19.926Z] Error reading or processing Modbus registers: A Modbus Exception Occurred - See Response Body
[2024-12-10T04:12:19.928Z] Error reading register 6507 for IP 10.30.4.128: A Modbus Exception Occurred - See Response Body
[2024-12-10T04:12:19.929Z] Error reading actual data: A Modbus Exception Occurred - See Response Body
[2024-12-10T04:12:19.929Z] Error writing to Modbus register: A Modbus Exception Occurred - See Response Body
[2024-12-10T04:12:20.940Z] Error reading or processing Modbus registers: A Modbus Exception Occurred - See Response Body
[2024-12-10T04:12:20.943Z] Error reading register 6507 for IP 10.30.4.128: A Modbus Exception Occurred - See Response Body
[2024-12-10T04:12:20.943Z] Error reading actual data: A Modbus Exception Occurred - See Response Body
[2024-12-10T04:12:20.944Z] Error writing to Modbus register: A Modbus Exception Occurred - See Response Body
[2024-12-10T04:12:21.956Z] Error reading or processing Modbus registers: A Modbus Exception Occurred - See Response Body
[2024-12-10T04:12:21.958Z] Error reading register 6507 for IP 10.30.4.128: A Modbus Exception Occurred - See Response Body
[2024-12-10T04:12:21.959Z] Error reading actual data: A Modbus Exception Occurred - See Response Body
[2024-12-10T04:12:21.959Z] Error writing to Modbus register: A Modbus Exception Occurred - See Response Body
[2024-12-10T04:12:22.969Z] Error reading or processing Modbus registers: A Modbus Exception Occurred - See Response Body
[2024-12-10T04:12:22.971Z] Error reading register 6507 for IP 10.30.4.128: A Modbus Exception Occurred - See Response Body
[2024-12-10T04:12:22.972Z] Error reading actual data: A Modbus Exception Occurred - See Response Body
[2024-12-10T04:12:22.972Z] Error writing to Modbus register: A Modbus Exception Occurred - See Response Body
[2024-12-10T04:12:23.983Z] Error reading or processing Modbus registers: A Modbus Exception Occurred - See Response Body
[2024-12-10T04:12:23.986Z] Error reading register 6507 for IP 10.30.4.128: A Modbus Exception Occurred - See Response Body
[2024-12-10T04:12:23.987Z] Error reading actual data: A Modbus Exception Occurred - See Response Body
[2024-12-10T04:12:23.987Z] Error writing to Modbus register: A Modbus Exception Occurred - See Response Body
[2024-12-10T04:12:24.996Z] Error reading or processing Modbus registers: A Modbus Exception Occurred - See Response Body
[2024-12-10T04:12:24.998Z] Error reading register 6507 for IP 10.30.4.128: A Modbus Exception Occurred - See Response Body
[2024-12-10T04:12:24.999Z] Error reading actual data: A Modbus Exception Occurred - See Response Body
[2024-12-10T04:12:25.000Z] Error writing to Modbus register: A Modbus Exception Occurred - See Response Body
[2024-12-10T04:12:26.009Z] Error reading or processing Modbus registers: A Modbus Exception Occurred - See Response Body
[2024-12-10T04:12:26.011Z] Error reading register 6507 for IP 10.30.4.128: A Modbus Exception Occurred - See Response Body
[2024-12-10T04:12:26.012Z] Error reading actual data: A Modbus Exception Occurred - See Response Body
[2024-12-10T04:12:26.012Z] Error writing to Modbus register: A Modbus Exception Occurred - See Response Body
[2024-12-10T04:12:27.023Z] Error reading or processing Modbus registers: A Modbus Exception Occurred - See Response Body
[2024-12-10T04:12:27.025Z] Error reading register 6507 for IP 10.30.4.128: A Modbus Exception Occurred - See Response Body
[2024-12-10T04:12:27.025Z] Error reading actual data: A Modbus Exception Occurred - See Response Body
[2024-12-10T04:12:27.026Z] Error writing to Modbus register: A Modbus Exception Occurred - See Response Body
[2024-12-10T04:12:28.037Z] Error reading or processing Modbus registers: A Modbus Exception Occurred - See Response Body
[2024-12-10T04:12:28.039Z] Error reading register 6507 for IP 10.30.4.128: A Modbus Exception Occurred - See Response Body
[2024-12-10T04:12:28.040Z] Error reading actual data: A Modbus Exception Occurred - See Response Body
[2024-12-10T04:12:28.040Z] Error writing to Modbus register: A Modbus Exception Occurred - See Response Body
[2024-12-10T04:12:29.047Z] Error reading or processing Modbus registers: A Modbus Exception Occurred - See Response Body
[2024-12-10T04:12:29.049Z] Error reading register 6507 for IP 10.30.4.128: A Modbus Exception Occurred - See Response Body
[2024-12-10T04:12:29.050Z] Error reading actual data: A Modbus Exception Occurred - See Response Body
[2024-12-10T04:12:29.051Z] Error writing to Modbus register: A Modbus Exception Occurred - See Response Body
[2024-12-10T04:12:30.061Z] Error reading or processing Modbus registers: A Modbus Exception Occurred - See Response Body
[2024-12-10T04:12:30.063Z] Error reading register 6507 for IP 10.30.4.128: A Modbus Exception Occurred - See Response Body
[2024-12-10T04:12:30.063Z] Error reading actual data: A Modbus Exception Occurred - See Response Body
[2024-12-10T04:12:30.064Z] Error writing to Modbus register: A Modbus Exception Occurred - See Response Body
[2024-12-10T04:12:31.070Z] Error reading or processing Modbus registers: A Modbus Exception Occurred - See Response Body
[2024-12-10T04:12:31.072Z] Error reading register 6507 for IP 10.30.4.128: A Modbus Exception Occurred - See Response Body
[2024-12-10T04:12:31.073Z] Error reading actual data: A Modbus Exception Occurred - See Response Body
[2024-12-10T04:12:31.073Z] Error writing to Modbus register: A Modbus Exception Occurred - See Response Body
[2024-12-10T04:12:32.085Z] Error reading or processing Modbus registers: A Modbus Exception Occurred - See Response Body
[2024-12-10T04:12:32.087Z] Error reading register 6507 for IP 10.30.4.128: A Modbus Exception Occurred - See Response Body
[2024-12-10T04:12:32.087Z] Error reading actual data: A Modbus Exception Occurred - See Response Body
[2024-12-10T04:12:32.088Z] Error writing to Modbus register: A Modbus Exception Occurred - See Response Body
[2024-12-10T04:12:33.097Z] Error reading or processing Modbus registers: A Modbus Exception Occurred - See Response Body
[2024-12-10T04:12:33.099Z] Error reading register 6507 for IP 10.30.4.128: A Modbus Exception Occurred - See Response Body
[2024-12-10T04:12:33.100Z] Error reading actual data: A Modbus Exception Occurred - See Response Body
[2024-12-10T04:12:33.101Z] Error writing to Modbus register: A Modbus Exception Occurred - See Response Body
[2024-12-10T04:12:34.111Z] Error reading or processing Modbus registers: A Modbus Exception Occurred - See Response Body
[2024-12-10T04:12:34.113Z] Error reading register 6507 for IP 10.30.4.128: A Modbus Exception Occurred - See Response Body
[2024-12-10T04:12:34.114Z] Error reading actual data: A Modbus Exception Occurred - See Response Body
[2024-12-10T04:12:34.114Z] Error writing to Modbus register: A Modbus Exception Occurred - See Response Body
[2024-12-10T04:12:35.125Z] Error reading or processing Modbus registers: A Modbus Exception Occurred - See Response Body
[2024-12-10T04:12:35.127Z] Error reading register 6507 for IP 10.30.4.128: A Modbus Exception Occurred - See Response Body
[2024-12-10T04:12:35.128Z] Error reading actual data: A Modbus Exception Occurred - See Response Body
[2024-12-10T04:12:35.129Z] Error writing to Modbus register: A Modbus Exception Occurred - See Response Body
[2024-12-10T04:12:36.138Z] Error reading or processing Modbus registers: A Modbus Exception Occurred - See Response Body
[2024-12-10T04:12:36.141Z] Error reading register 6507 for IP 10.30.4.128: A Modbus Exception Occurred - See Response Body
[2024-12-10T04:12:36.142Z] Error reading actual data: A Modbus Exception Occurred - See Response Body
[2024-12-10T04:12:36.142Z] Error writing to Modbus register: A Modbus Exception Occurred - See Response Body
[2024-12-10T04:12:37.151Z] Error reading or processing Modbus registers: A Modbus Exception Occurred - See Response Body
[2024-12-10T04:12:37.153Z] Error reading register 6507 for IP 10.30.4.128: A Modbus Exception Occurred - See Response Body
[2024-12-10T04:12:37.154Z] Error reading actual data: A Modbus Exception Occurred - See Response Body
[2024-12-10T04:12:37.154Z] Error writing to Modbus register: A Modbus Exception Occurred - See Response Body
[2024-12-10T04:12:38.164Z] Error reading or processing Modbus registers: A Modbus Exception Occurred - See Response Body
[2024-12-10T04:12:38.167Z] Error reading register 6507 for IP 10.30.4.128: A Modbus Exception Occurred - See Response Body
[2024-12-10T04:12:38.167Z] Error reading actual data: A Modbus Exception Occurred - See Response Body
[2024-12-10T04:12:38.168Z] Error writing to Modbus register: A Modbus Exception Occurred - See Response Body
[2024-12-10T04:12:39.179Z] Error reading or processing Modbus registers: A Modbus Exception Occurred - See Response Body
[2024-12-10T04:12:39.181Z] Error reading register 6507 for IP 10.30.4.128: A Modbus Exception Occurred - See Response Body
[2024-12-10T04:12:39.182Z] Error reading actual data: A Modbus Exception Occurred - See Response Body
[2024-12-10T04:12:39.183Z] Error writing to Modbus register: A Modbus Exception Occurred - See Response Body
[2024-12-10T04:12:40.188Z] Error reading or processing Modbus registers: A Modbus Exception Occurred - See Response Body
[2024-12-10T04:12:40.190Z] Error reading register 6507 for IP 10.30.4.128: A Modbus Exception Occurred - See Response Body
[2024-12-10T04:12:40.191Z] Error reading actual data: A Modbus Exception Occurred - See Response Body
[2024-12-10T04:12:40.192Z] Error writing to Modbus register: A Modbus Exception Occurred - See Response Body
[2024-12-10T04:12:41.203Z] Error reading or processing Modbus registers: A Modbus Exception Occurred - See Response Body
[2024-12-10T04:12:41.205Z] Error reading register 6507 for IP 10.30.4.128: A Modbus Exception Occurred - See Response Body
[2024-12-10T04:12:41.206Z] Error reading actual data: A Modbus Exception Occurred - See Response Body
[2024-12-10T04:12:41.207Z] Error writing to Modbus register: A Modbus Exception Occurred - See Response Body
[2024-12-10T04:12:42.216Z] Error reading or processing Modbus registers: A Modbus Exception Occurred - See Response Body
[2024-12-10T04:12:42.218Z] Error reading register 6507 for IP 10.30.4.128: A Modbus Exception Occurred - See Response Body
[2024-12-10T04:12:42.218Z] Error reading actual data: A Modbus Exception Occurred - See Response Body
[2024-12-10T04:12:42.219Z] Error writing to Modbus register: A Modbus Exception Occurred - See Response Body
[2024-12-10T04:12:43.228Z] Error reading or processing Modbus registers: A Modbus Exception Occurred - See Response Body
[2024-12-10T04:12:43.230Z] Error reading register 6507 for IP 10.30.4.128: A Modbus Exception Occurred - See Response Body
[2024-12-10T04:12:43.230Z] Error reading actual data: A Modbus Exception Occurred - See Response Body
[2024-12-10T04:12:43.231Z] Error writing to Modbus register: A Modbus Exception Occurred - See Response Body
[2024-12-10T04:12:44.243Z] Error reading or processing Modbus registers: A Modbus Exception Occurred - See Response Body
[2024-12-10T04:12:44.244Z] Error reading register 6507 for IP 10.30.4.128: A Modbus Exception Occurred - See Response Body
[2024-12-10T04:12:44.245Z] Error reading actual data: A Modbus Exception Occurred - See Response Body
[2024-12-10T04:12:44.245Z] Error writing to Modbus register: A Modbus Exception Occurred - See Response Body
[2024-12-10T04:12:45.257Z] Error reading or processing Modbus registers: A Modbus Exception Occurred - See Response Body
[2024-12-10T04:12:45.259Z] Error reading register 6507 for IP 10.30.4.128: A Modbus Exception Occurred - See Response Body
[2024-12-10T04:12:45.260Z] Error reading actual data: A Modbus Exception Occurred - See Response Body
[2024-12-10T04:12:45.261Z] Error writing to Modbus register: A Modbus Exception Occurred - See Response Body
[2024-12-10T04:12:46.264Z] Error reading or processing Modbus registers: A Modbus Exception Occurred - See Response Body
[2024-12-10T04:12:46.266Z] Error reading register 6507 for IP 10.30.4.128: A Modbus Exception Occurred - See Response Body
[2024-12-10T04:12:46.267Z] Error reading actual data: A Modbus Exception Occurred - See Response Body
[2024-12-10T04:12:46.267Z] Error writing to Modbus register: A Modbus Exception Occurred - See Response Body
[2024-12-10T04:12:47.266Z] Error reading or processing Modbus registers: A Modbus Exception Occurred - See Response Body
[2024-12-10T04:12:47.268Z] Error reading register 6507 for IP 10.30.4.128: A Modbus Exception Occurred - See Response Body
[2024-12-10T04:12:47.269Z] Error reading actual data: A Modbus Exception Occurred - See Response Body
[2024-12-10T04:12:47.269Z] Error writing to Modbus register: A Modbus Exception Occurred - See Response Body
[2024-12-10T04:12:48.274Z] Error reading or processing Modbus registers: A Modbus Exception Occurred - See Response Body
[2024-12-10T04:12:48.277Z] Error reading register 6507 for IP 10.30.4.128: A Modbus Exception Occurred - See Response Body
[2024-12-10T04:12:48.278Z] Error reading actual data: A Modbus Exception Occurred - See Response Body
[2024-12-10T04:12:48.278Z] Error writing to Modbus register: A Modbus Exception Occurred - See Response Body
[2024-12-10T04:12:49.277Z] Error reading or processing Modbus registers: A Modbus Exception Occurred - See Response Body
[2024-12-10T04:12:49.279Z] Error reading register 6507 for IP 10.30.4.128: A Modbus Exception Occurred - See Response Body
[2024-12-10T04:12:49.280Z] Error reading actual data: A Modbus Exception Occurred - See Response Body
[2024-12-10T04:12:49.281Z] Error writing to Modbus register: A Modbus Exception Occurred - See Response Body
[2024-12-10T04:12:50.289Z] Error reading or processing Modbus registers: A Modbus Exception Occurred - See Response Body
[2024-12-10T04:12:50.291Z] Error reading register 6507 for IP 10.30.4.128: A Modbus Exception Occurred - See Response Body
[2024-12-10T04:12:50.291Z] Error reading actual data: A Modbus Exception Occurred - See Response Body
[2024-12-10T04:12:50.292Z] Error writing to Modbus register: A Modbus Exception Occurred - See Response Body
[2024-12-10T04:12:51.302Z] Error reading or processing Modbus registers: A Modbus Exception Occurred - See Response Body
[2024-12-10T04:12:51.303Z] Error reading register 6507 for IP 10.30.4.128: A Modbus Exception Occurred - See Response Body
[2024-12-10T04:12:51.304Z] Error reading actual data: A Modbus Exception Occurred - See Response Body
[2024-12-10T04:12:51.304Z] Error writing to Modbus register: A Modbus Exception Occurred - See Response Body
[2024-12-10T04:12:52.315Z] Error reading or processing Modbus registers: A Modbus Exception Occurred - See Response Body
[2024-12-10T04:12:52.318Z] Error reading register 6507 for IP 10.30.4.128: A Modbus Exception Occurred - See Response Body
[2024-12-10T04:12:52.318Z] Error reading actual data: A Modbus Exception Occurred - See Response Body
[2024-12-10T04:12:52.319Z] Error writing to Modbus register: A Modbus Exception Occurred - See Response Body
[2024-12-10T04:12:53.328Z] Error reading or processing Modbus registers: A Modbus Exception Occurred - See Response Body
[2024-12-10T04:12:53.330Z] Error reading register 6507 for IP 10.30.4.128: A Modbus Exception Occurred - See Response Body
[2024-12-10T04:12:53.331Z] Error reading actual data: A Modbus Exception Occurred - See Response Body
[2024-12-10T04:12:53.332Z] Error writing to Modbus register: A Modbus Exception Occurred - See Response Body
[2024-12-10T04:12:54.340Z] Error reading or processing Modbus registers: A Modbus Exception Occurred - See Response Body
[2024-12-10T04:12:54.342Z] Error reading register 6507 for IP 10.30.4.128: A Modbus Exception Occurred - See Response Body
[2024-12-10T04:12:54.343Z] Error reading actual data: A Modbus Exception Occurred - See Response Body
[2024-12-10T04:12:54.344Z] Error writing to Modbus register: A Modbus Exception Occurred - See Response Body
[2024-12-10T04:12:55.350Z] Error reading or processing Modbus registers: A Modbus Exception Occurred - See Response Body
[2024-12-10T04:12:55.352Z] Error reading register 6507 for IP 10.30.4.128: A Modbus Exception Occurred - See Response Body
[2024-12-10T04:12:55.353Z] Error reading actual data: A Modbus Exception Occurred - See Response Body
[2024-12-10T04:12:55.353Z] Error writing to Modbus register: A Modbus Exception Occurred - See Response Body
[2024-12-10T04:12:56.351Z] Error reading or processing Modbus registers: A Modbus Exception Occurred - See Response Body
[2024-12-10T04:12:56.354Z] Error reading register 6507 for IP 10.30.4.128: A Modbus Exception Occurred - See Response Body
[2024-12-10T04:12:56.354Z] Error reading actual data: A Modbus Exception Occurred - See Response Body
[2024-12-10T04:12:56.355Z] Error writing to Modbus register: A Modbus Exception Occurred - See Response Body
[2024-12-10T04:12:57.360Z] Error reading or processing Modbus registers: A Modbus Exception Occurred - See Response Body
[2024-12-10T04:12:57.363Z] Error reading register 6507 for IP 10.30.4.128: A Modbus Exception Occurred - See Response Body
[2024-12-10T04:12:57.364Z] Error reading actual data: A Modbus Exception Occurred - See Response Body
[2024-12-10T04:12:57.364Z] Error writing to Modbus register: A Modbus Exception Occurred - See Response Body
[2024-12-10T04:12:58.359Z] Error reading or processing Modbus registers: A Modbus Exception Occurred - See Response Body
[2024-12-10T04:12:58.362Z] Error reading register 6507 for IP 10.30.4.128: A Modbus Exception Occurred - See Response Body
[2024-12-10T04:12:58.362Z] Error reading actual data: A Modbus Exception Occurred - See Response Body
[2024-12-10T04:12:58.363Z] Error writing to Modbus register: A Modbus Exception Occurred - See Response Body
[2024-12-10T04:12:59.370Z] Error reading or processing Modbus registers: A Modbus Exception Occurred - See Response Body
[2024-12-10T04:12:59.372Z] Error reading register 6507 for IP 10.30.4.128: A Modbus Exception Occurred - See Response Body
[2024-12-10T04:12:59.373Z] Error reading actual data: A Modbus Exception Occurred - See Response Body
[2024-12-10T04:12:59.373Z] Error writing to Modbus register: A Modbus Exception Occurred - See Response Body
[2024-12-10T04:13:00.384Z] Error reading or processing Modbus registers: A Modbus Exception Occurred - See Response Body
[2024-12-10T04:13:00.387Z] Error reading register 6507 for IP 10.30.4.128: A Modbus Exception Occurred - See Response Body
[2024-12-10T04:13:00.388Z] Error reading actual data: A Modbus Exception Occurred - See Response Body
[2024-12-10T04:13:00.388Z] Error writing to Modbus register: A Modbus Exception Occurred - See Response Body
[2024-12-10T04:13:01.395Z] Error reading or processing Modbus registers: A Modbus Exception Occurred - See Response Body
[2024-12-10T04:13:01.397Z] Error reading register 6507 for IP 10.30.4.128: A Modbus Exception Occurred - See Response Body
[2024-12-10T04:13:01.401Z] Error reading actual data: A Modbus Exception Occurred - See Response Body
[2024-12-10T04:13:01.401Z] Error writing to Modbus register: A Modbus Exception Occurred - See Response Body
[2024-12-10T04:13:02.406Z] Error reading or processing Modbus registers: A Modbus Exception Occurred - See Response Body
[2024-12-10T04:13:02.408Z] Error reading register 6507 for IP 10.30.4.128: A Modbus Exception Occurred - See Response Body
[2024-12-10T04:13:02.408Z] Error reading actual data: A Modbus Exception Occurred - See Response Body
[2024-12-10T04:13:02.409Z] Error writing to Modbus register: A Modbus Exception Occurred - See Response Body
[2024-12-10T04:13:03.419Z] Error reading or processing Modbus registers: A Modbus Exception Occurred - See Response Body
[2024-12-10T04:13:03.421Z] Error reading register 6507 for IP 10.30.4.128: A Modbus Exception Occurred - See Response Body
[2024-12-10T04:13:03.422Z] Error reading actual data: A Modbus Exception Occurred - See Response Body
[2024-12-10T04:13:03.422Z] Error writing to Modbus register: A Modbus Exception Occurred - See Response Body
[2024-12-10T04:13:04.420Z] Error reading or processing Modbus registers: A Modbus Exception Occurred - See Response Body
[2024-12-10T04:13:04.421Z] Error reading register 6507 for IP 10.30.4.128: A Modbus Exception Occurred - See Response Body
[2024-12-10T04:13:04.422Z] Error reading actual data: A Modbus Exception Occurred - See Response Body
[2024-12-10T04:13:04.422Z] Error writing to Modbus register: A Modbus Exception Occurred - See Response Body
[2024-12-10T04:13:05.433Z] Error reading or processing Modbus registers: A Modbus Exception Occurred - See Response Body
[2024-12-10T04:13:05.435Z] Error reading register 6507 for IP 10.30.4.128: A Modbus Exception Occurred - See Response Body
[2024-12-10T04:13:05.435Z] Error reading actual data: A Modbus Exception Occurred - See Response Body
[2024-12-10T04:13:05.436Z] Error writing to Modbus register: A Modbus Exception Occurred - See Response Body
[2024-12-10T04:13:06.447Z] Error reading or processing Modbus registers: A Modbus Exception Occurred - See Response Body
[2024-12-10T04:13:06.449Z] Error reading register 6507 for IP 10.30.4.128: A Modbus Exception Occurred - See Response Body
[2024-12-10T04:13:06.449Z] Error reading actual data: A Modbus Exception Occurred - See Response Body
[2024-12-10T04:13:06.450Z] Error writing to Modbus register: A Modbus Exception Occurred - See Response Body
[2024-12-10T04:13:07.458Z] Error reading or processing Modbus registers: A Modbus Exception Occurred - See Response Body
[2024-12-10T04:13:07.460Z] Error reading register 6507 for IP 10.30.4.128: A Modbus Exception Occurred - See Response Body
[2024-12-10T04:13:07.461Z] Error reading actual data: A Modbus Exception Occurred - See Response Body
[2024-12-10T04:13:07.461Z] Error writing to Modbus register: A Modbus Exception Occurred - See Response Body
[2024-12-10T04:13:08.468Z] Error reading or processing Modbus registers: A Modbus Exception Occurred - See Response Body
[2024-12-10T04:13:08.472Z] Error reading register 6507 for IP 10.30.4.128: A Modbus Exception Occurred - See Response Body
[2024-12-10T04:13:08.472Z] Error reading actual data: A Modbus Exception Occurred - See Response Body
[2024-12-10T04:13:08.473Z] Error writing to Modbus register: A Modbus Exception Occurred - See Response Body
[2024-12-10T04:13:09.479Z] Error reading or processing Modbus registers: A Modbus Exception Occurred - See Response Body
[2024-12-10T04:13:09.481Z] Error reading register 6507 for IP 10.30.4.128: A Modbus Exception Occurred - See Response Body
[2024-12-10T04:13:09.482Z] Error reading actual data: A Modbus Exception Occurred - See Response Body
[2024-12-10T04:13:09.483Z] Error writing to Modbus register: A Modbus Exception Occurred - See Response Body
[2024-12-10T04:13:10.479Z] Error reading or processing Modbus registers: A Modbus Exception Occurred - See Response Body
[2024-12-10T04:13:10.481Z] Error reading register 6507 for IP 10.30.4.128: A Modbus Exception Occurred - See Response Body
[2024-12-10T04:13:10.482Z] Error reading actual data: A Modbus Exception Occurred - See Response Body
[2024-12-10T04:13:10.483Z] Error writing to Modbus register: A Modbus Exception Occurred - See Response Body
[2024-12-10T04:13:11.489Z] Error reading or processing Modbus registers: A Modbus Exception Occurred - See Response Body
[2024-12-10T04:13:11.490Z] Error reading register 6507 for IP 10.30.4.128: A Modbus Exception Occurred - See Response Body
[2024-12-10T04:13:11.491Z] Error reading actual data: A Modbus Exception Occurred - See Response Body
[2024-12-10T04:13:11.492Z] Error writing to Modbus register: A Modbus Exception Occurred - See Response Body
[2024-12-10T04:13:12.501Z] Error reading or processing Modbus registers: A Modbus Exception Occurred - See Response Body
[2024-12-10T04:13:12.503Z] Error reading register 6507 for IP 10.30.4.128: A Modbus Exception Occurred - See Response Body
[2024-12-10T04:13:12.504Z] Error reading actual data: A Modbus Exception Occurred - See Response Body
[2024-12-10T04:13:12.504Z] Error writing to Modbus register: A Modbus Exception Occurred - See Response Body
[2024-12-10T04:13:13.511Z] Error reading or processing Modbus registers: A Modbus Exception Occurred - See Response Body
[2024-12-10T04:13:13.513Z] Error reading register 6507 for IP 10.30.4.128: A Modbus Exception Occurred - See Response Body
[2024-12-10T04:13:13.513Z] Error reading actual data: A Modbus Exception Occurred - See Response Body
[2024-12-10T04:13:13.514Z] Error writing to Modbus register: A Modbus Exception Occurred - See Response Body
[2024-12-10T04:13:14.525Z] Error reading or processing Modbus registers: A Modbus Exception Occurred - See Response Body
[2024-12-10T04:13:14.528Z] Error reading register 6507 for IP 10.30.4.128: A Modbus Exception Occurred - See Response Body
[2024-12-10T04:13:14.528Z] Error reading actual data: A Modbus Exception Occurred - See Response Body
[2024-12-10T04:13:14.529Z] Error writing to Modbus register: A Modbus Exception Occurred - See Response Body
[2024-12-10T04:13:15.532Z] Error reading or processing Modbus registers: A Modbus Exception Occurred - See Response Body
[2024-12-10T04:13:15.534Z] Error reading register 6507 for IP 10.30.4.128: A Modbus Exception Occurred - See Response Body
[2024-12-10T04:13:15.535Z] Error reading actual data: A Modbus Exception Occurred - See Response Body
[2024-12-10T04:13:15.536Z] Error writing to Modbus register: A Modbus Exception Occurred - See Response Body
[2024-12-10T04:13:16.544Z] Error reading or processing Modbus registers: A Modbus Exception Occurred - See Response Body
[2024-12-10T04:13:16.547Z] Error reading register 6507 for IP 10.30.4.128: A Modbus Exception Occurred - See Response Body
[2024-12-10T04:13:16.547Z] Error reading actual data: A Modbus Exception Occurred - See Response Body
[2024-12-10T04:13:16.548Z] Error writing to Modbus register: A Modbus Exception Occurred - See Response Body
[2024-12-10T04:13:17.558Z] Error reading or processing Modbus registers: A Modbus Exception Occurred - See Response Body
[2024-12-10T04:13:17.560Z] Error reading register 6507 for IP 10.30.4.128: A Modbus Exception Occurred - See Response Body
[2024-12-10T04:13:17.561Z] Error reading actual data: A Modbus Exception Occurred - See Response Body
[2024-12-10T04:13:17.562Z] Error writing to Modbus register: A Modbus Exception Occurred - See Response Body
[2024-12-10T04:13:18.566Z] Error reading or processing Modbus registers: A Modbus Exception Occurred - See Response Body
[2024-12-10T04:13:18.569Z] Error reading register 6507 for IP 10.30.4.128: A Modbus Exception Occurred - See Response Body
[2024-12-10T04:13:18.569Z] Error reading actual data: A Modbus Exception Occurred - See Response Body
[2024-12-10T04:13:18.570Z] Error writing to Modbus register: A Modbus Exception Occurred - See Response Body
[2024-12-10T04:13:19.577Z] Error reading or processing Modbus registers: A Modbus Exception Occurred - See Response Body
[2024-12-10T04:13:19.579Z] Error reading register 6507 for IP 10.30.4.128: A Modbus Exception Occurred - See Response Body
[2024-12-10T04:13:19.580Z] Error reading actual data: A Modbus Exception Occurred - See Response Body
[2024-12-10T04:13:19.581Z] Error writing to Modbus register: A Modbus Exception Occurred - See Response Body
[2024-12-10T04:13:20.590Z] Error reading or processing Modbus registers: A Modbus Exception Occurred - See Response Body
[2024-12-10T04:13:20.592Z] Error reading register 6507 for IP 10.30.4.128: A Modbus Exception Occurred - See Response Body
[2024-12-10T04:13:20.593Z] Error reading actual data: A Modbus Exception Occurred - See Response Body
[2024-12-10T04:13:20.593Z] Error writing to Modbus register: A Modbus Exception Occurred - See Response Body
[2024-12-10T04:13:21.605Z] Error reading or processing Modbus registers: A Modbus Exception Occurred - See Response Body
[2024-12-10T04:13:21.607Z] Error reading register 6507 for IP 10.30.4.128: A Modbus Exception Occurred - See Response Body
[2024-12-10T04:13:21.608Z] Error reading actual data: A Modbus Exception Occurred - See Response Body
[2024-12-10T04:13:21.608Z] Error writing to Modbus register: A Modbus Exception Occurred - See Response Body
[2024-12-10T04:13:22.619Z] Error reading or processing Modbus registers: A Modbus Exception Occurred - See Response Body
[2024-12-10T04:13:22.621Z] Error reading register 6507 for IP 10.30.4.128: A Modbus Exception Occurred - See Response Body
[2024-12-10T04:13:22.622Z] Error reading actual data: A Modbus Exception Occurred - See Response Body
[2024-12-10T04:13:22.622Z] Error writing to Modbus register: A Modbus Exception Occurred - See Response Body
[2024-12-10T04:13:23.621Z] Error reading or processing Modbus registers: A Modbus Exception Occurred - See Response Body
[2024-12-10T04:13:23.623Z] Error reading register 6507 for IP 10.30.4.128: A Modbus Exception Occurred - See Response Body
[2024-12-10T04:13:23.624Z] Error reading actual data: A Modbus Exception Occurred - See Response Body
[2024-12-10T04:13:23.625Z] Error writing to Modbus register: A Modbus Exception Occurred - See Response Body
[2024-12-10T04:13:24.635Z] Error reading or processing Modbus registers: A Modbus Exception Occurred - See Response Body
[2024-12-10T04:13:24.638Z] Error reading register 6507 for IP 10.30.4.128: A Modbus Exception Occurred - See Response Body
[2024-12-10T04:13:24.638Z] Error reading actual data: A Modbus Exception Occurred - See Response Body
[2024-12-10T04:13:24.639Z] Error writing to Modbus register: A Modbus Exception Occurred - See Response Body
[2024-12-10T04:13:25.650Z] Error reading or processing Modbus registers: A Modbus Exception Occurred - See Response Body
[2024-12-10T04:13:25.652Z] Error reading register 6507 for IP 10.30.4.128: A Modbus Exception Occurred - See Response Body
[2024-12-10T04:13:25.652Z] Error reading actual data: A Modbus Exception Occurred - See Response Body
[2024-12-10T04:13:25.653Z] Error writing to Modbus register: A Modbus Exception Occurred - See Response Body
[2024-12-10T04:13:26.652Z] Error reading or processing Modbus registers: A Modbus Exception Occurred - See Response Body
[2024-12-10T04:13:26.655Z] Error reading register 6507 for IP 10.30.4.128: A Modbus Exception Occurred - See Response Body
[2024-12-10T04:13:26.655Z] Error reading actual data: A Modbus Exception Occurred - See Response Body
[2024-12-10T04:13:26.658Z] Error writing to Modbus register: A Modbus Exception Occurred - See Response Body
[2024-12-10T04:13:27.656Z] Error reading or processing Modbus registers: A Modbus Exception Occurred - See Response Body
[2024-12-10T04:13:27.658Z] Error reading register 6507 for IP 10.30.4.128: A Modbus Exception Occurred - See Response Body
[2024-12-10T04:13:27.659Z] Error reading actual data: A Modbus Exception Occurred - See Response Body
[2024-12-10T04:13:27.659Z] Error writing to Modbus register: A Modbus Exception Occurred - See Response Body
[2024-12-10T04:13:28.658Z] Error reading or processing Modbus registers: A Modbus Exception Occurred - See Response Body
[2024-12-10T04:13:28.662Z] Error reading register 6507 for IP 10.30.4.128: A Modbus Exception Occurred - See Response Body
[2024-12-10T04:13:28.662Z] Error reading actual data: A Modbus Exception Occurred - See Response Body
[2024-12-10T04:13:28.663Z] Error writing to Modbus register: A Modbus Exception Occurred - See Response Body
[2024-12-10T04:13:29.661Z] Error reading or processing Modbus registers: A Modbus Exception Occurred - See Response Body
[2024-12-10T04:13:29.663Z] Error reading register 6507 for IP 10.30.4.128: A Modbus Exception Occurred - See Response Body
[2024-12-10T04:13:29.663Z] Error reading actual data: A Modbus Exception Occurred - See Response Body
[2024-12-10T04:13:29.664Z] Error writing to Modbus register: A Modbus Exception Occurred - See Response Body
[2024-12-10T04:13:30.675Z] Error reading or processing Modbus registers: A Modbus Exception Occurred - See Response Body
[2024-12-10T04:13:30.678Z] Error reading register 6507 for IP 10.30.4.128: A Modbus Exception Occurred - See Response Body
[2024-12-10T04:13:30.678Z] Error reading actual data: A Modbus Exception Occurred - See Response Body
[2024-12-10T04:13:30.679Z] Error writing to Modbus register: A Modbus Exception Occurred - See Response Body
[2024-12-10T04:13:31.677Z] Error reading or processing Modbus registers: A Modbus Exception Occurred - See Response Body
[2024-12-10T04:13:31.678Z] Error reading register 6507 for IP 10.30.4.128: A Modbus Exception Occurred - See Response Body
[2024-12-10T04:13:31.679Z] Error reading actual data: A Modbus Exception Occurred - See Response Body
[2024-12-10T04:13:31.679Z] Error writing to Modbus register: A Modbus Exception Occurred - See Response Body
[2024-12-10T04:13:32.690Z] Error reading or processing Modbus registers: A Modbus Exception Occurred - See Response Body
[2024-12-10T04:13:32.692Z] Error reading register 6507 for IP 10.30.4.128: A Modbus Exception Occurred - See Response Body
[2024-12-10T04:13:32.693Z] Error reading actual data: A Modbus Exception Occurred - See Response Body
[2024-12-10T04:13:32.693Z] Error writing to Modbus register: A Modbus Exception Occurred - See Response Body
[2024-12-10T04:13:33.692Z] Error reading or processing Modbus registers: A Modbus Exception Occurred - See Response Body
[2024-12-10T04:13:33.693Z] Error reading register 6507 for IP 10.30.4.128: A Modbus Exception Occurred - See Response Body
[2024-12-10T04:13:33.694Z] Error reading actual data: A Modbus Exception Occurred - See Response Body
[2024-12-10T04:13:33.695Z] Error writing to Modbus register: A Modbus Exception Occurred - See Response Body
[2024-12-10T04:13:34.693Z] Error reading or processing Modbus registers: A Modbus Exception Occurred - See Response Body
[2024-12-10T04:13:34.695Z] Error reading register 6507 for IP 10.30.4.128: A Modbus Exception Occurred - See Response Body
[2024-12-10T04:13:34.696Z] Error reading actual data: A Modbus Exception Occurred - See Response Body
[2024-12-10T04:13:34.696Z] Error writing to Modbus register: A Modbus Exception Occurred - See Response Body
[2024-12-10T04:13:35.696Z] Error reading or processing Modbus registers: A Modbus Exception Occurred - See Response Body
[2024-12-10T04:13:35.698Z] Error reading register 6507 for IP 10.30.4.128: A Modbus Exception Occurred - See Response Body
[2024-12-10T04:13:35.699Z] Error reading actual data: A Modbus Exception Occurred - See Response Body
[2024-12-10T04:13:35.700Z] Error writing to Modbus register: A Modbus Exception Occurred - See Response Body
[2024-12-10T04:13:36.696Z] Error reading or processing Modbus registers: A Modbus Exception Occurred - See Response Body
[2024-12-10T04:13:36.698Z] Error reading register 6507 for IP 10.30.4.128: A Modbus Exception Occurred - See Response Body
[2024-12-10T04:13:36.699Z] Error reading actual data: A Modbus Exception Occurred - See Response Body
[2024-12-10T04:13:36.700Z] Error writing to Modbus register: A Modbus Exception Occurred - See Response Body
[2024-12-10T04:13:37.698Z] Error reading or processing Modbus registers: A Modbus Exception Occurred - See Response Body
[2024-12-10T04:13:37.701Z] Error reading register 6507 for IP 10.30.4.128: A Modbus Exception Occurred - See Response Body
[2024-12-10T04:13:37.702Z] Error reading actual data: A Modbus Exception Occurred - See Response Body
[2024-12-10T04:13:37.702Z] Error writing to Modbus register: A Modbus Exception Occurred - See Response Body
[2024-12-10T04:13:38.711Z] Error reading or processing Modbus registers: A Modbus Exception Occurred - See Response Body
[2024-12-10T04:13:38.713Z] Error reading register 6507 for IP 10.30.4.128: A Modbus Exception Occurred - See Response Body
[2024-12-10T04:13:38.714Z] Error reading actual data: A Modbus Exception Occurred - See Response Body
[2024-12-10T04:13:38.714Z] Error writing to Modbus register: A Modbus Exception Occurred - See Response Body
[2024-12-10T04:13:39.725Z] Error reading or processing Modbus registers: A Modbus Exception Occurred - See Response Body
[2024-12-10T04:13:39.727Z] Error reading register 6507 for IP 10.30.4.128: A Modbus Exception Occurred - See Response Body
[2024-12-10T04:13:39.728Z] Error reading actual data: A Modbus Exception Occurred - See Response Body
[2024-12-10T04:13:39.729Z] Error writing to Modbus register: A Modbus Exception Occurred - See Response Body
[2024-12-10T04:13:40.739Z] Error reading or processing Modbus registers: A Modbus Exception Occurred - See Response Body
[2024-12-10T04:13:40.742Z] Error reading register 6507 for IP 10.30.4.128: A Modbus Exception Occurred - See Response Body
[2024-12-10T04:13:40.742Z] Error reading actual data: A Modbus Exception Occurred - See Response Body
[2024-12-10T04:13:40.743Z] Error writing to Modbus register: A Modbus Exception Occurred - See Response Body
[2024-12-10T04:13:41.752Z] Error reading or processing Modbus registers: A Modbus Exception Occurred - See Response Body
[2024-12-10T04:13:41.755Z] Error reading register 6507 for IP 10.30.4.128: A Modbus Exception Occurred - See Response Body
[2024-12-10T04:13:41.756Z] Error reading actual data: A Modbus Exception Occurred - See Response Body
[2024-12-10T04:13:41.756Z] Error writing to Modbus register: A Modbus Exception Occurred - See Response Body
[2024-12-10T04:13:42.753Z] Error reading or processing Modbus registers: A Modbus Exception Occurred - See Response Body
[2024-12-10T04:13:42.756Z] Error reading register 6507 for IP 10.30.4.128: A Modbus Exception Occurred - See Response Body
[2024-12-10T04:13:42.756Z] Error reading actual data: A Modbus Exception Occurred - See Response Body
[2024-12-10T04:13:42.757Z] Error writing to Modbus register: A Modbus Exception Occurred - See Response Body
[2024-12-10T04:13:43.767Z] Error reading or processing Modbus registers: A Modbus Exception Occurred - See Response Body
[2024-12-10T04:13:43.769Z] Error reading register 6507 for IP 10.30.4.128: A Modbus Exception Occurred - See Response Body
[2024-12-10T04:13:43.770Z] Error reading actual data: A Modbus Exception Occurred - See Response Body
[2024-12-10T04:13:43.770Z] Error writing to Modbus register: A Modbus Exception Occurred - See Response Body
[2024-12-10T04:13:44.781Z] Error reading or processing Modbus registers: A Modbus Exception Occurred - See Response Body
[2024-12-10T04:13:44.783Z] Error reading register 6507 for IP 10.30.4.128: A Modbus Exception Occurred - See Response Body
[2024-12-10T04:13:44.784Z] Error reading actual data: A Modbus Exception Occurred - See Response Body
[2024-12-10T04:13:44.785Z] Error writing to Modbus register: A Modbus Exception Occurred - See Response Body
[2024-12-10T04:13:45.783Z] Error reading or processing Modbus registers: A Modbus Exception Occurred - See Response Body
[2024-12-10T04:13:45.785Z] Error reading register 6507 for IP 10.30.4.128: A Modbus Exception Occurred - See Response Body
[2024-12-10T04:13:45.785Z] Error reading actual data: A Modbus Exception Occurred - See Response Body
[2024-12-10T04:13:45.786Z] Error writing to Modbus register: A Modbus Exception Occurred - See Response Body
[2024-12-10T04:13:46.798Z] Error reading or processing Modbus registers: A Modbus Exception Occurred - See Response Body
[2024-12-10T04:13:46.800Z] Error reading register 6507 for IP 10.30.4.128: A Modbus Exception Occurred - See Response Body
[2024-12-10T04:13:46.801Z] Error reading actual data: A Modbus Exception Occurred - See Response Body
[2024-12-10T04:13:46.801Z] Error writing to Modbus register: A Modbus Exception Occurred - See Response Body
[2024-12-10T04:13:47.811Z] Error reading or processing Modbus registers: A Modbus Exception Occurred - See Response Body
[2024-12-10T04:13:47.814Z] Error reading register 6507 for IP 10.30.4.128: A Modbus Exception Occurred - See Response Body
[2024-12-10T04:13:47.814Z] Error reading actual data: A Modbus Exception Occurred - See Response Body
[2024-12-10T04:13:47.815Z] Error writing to Modbus register: A Modbus Exception Occurred - See Response Body
[2024-12-10T04:13:48.824Z] Error reading or processing Modbus registers: A Modbus Exception Occurred - See Response Body
[2024-12-10T04:13:48.826Z] Error reading register 6507 for IP 10.30.4.128: A Modbus Exception Occurred - See Response Body
[2024-12-10T04:13:48.827Z] Error reading actual data: A Modbus Exception Occurred - See Response Body
[2024-12-10T04:13:48.827Z] Error writing to Modbus register: A Modbus Exception Occurred - See Response Body
[2024-12-10T04:13:49.839Z] Error reading or processing Modbus registers: A Modbus Exception Occurred - See Response Body
[2024-12-10T04:13:49.841Z] Error reading register 6507 for IP 10.30.4.128: A Modbus Exception Occurred - See Response Body
[2024-12-10T04:13:49.842Z] Error reading actual data: A Modbus Exception Occurred - See Response Body
[2024-12-10T04:13:49.842Z] Error writing to Modbus register: A Modbus Exception Occurred - See Response Body
[2024-12-10T04:13:50.854Z] Error reading or processing Modbus registers: A Modbus Exception Occurred - See Response Body
[2024-12-10T04:13:50.856Z] Error reading register 6507 for IP 10.30.4.128: A Modbus Exception Occurred - See Response Body
[2024-12-10T04:13:50.857Z] Error reading actual data: A Modbus Exception Occurred - See Response Body
[2024-12-10T04:13:50.857Z] Error writing to Modbus register: A Modbus Exception Occurred - See Response Body
[2024-12-10T04:13:51.867Z] Error reading or processing Modbus registers: A Modbus Exception Occurred - See Response Body
[2024-12-10T04:13:51.870Z] Error reading register 6507 for IP 10.30.4.128: A Modbus Exception Occurred - See Response Body
[2024-12-10T04:13:51.871Z] Error reading actual data: A Modbus Exception Occurred - See Response Body
[2024-12-10T04:13:51.871Z] Error writing to Modbus register: A Modbus Exception Occurred - See Response Body
[2024-12-10T04:13:52.869Z] Error reading or processing Modbus registers: A Modbus Exception Occurred - See Response Body
[2024-12-10T04:13:52.873Z] Error reading register 6507 for IP 10.30.4.128: A Modbus Exception Occurred - See Response Body
[2024-12-10T04:13:52.874Z] Error reading actual data: A Modbus Exception Occurred - See Response Body
[2024-12-10T04:13:52.874Z] Error writing to Modbus register: A Modbus Exception Occurred - See Response Body
[2024-12-10T04:13:53.881Z] Error reading or processing Modbus registers: A Modbus Exception Occurred - See Response Body
[2024-12-10T04:13:53.883Z] Error reading register 6507 for IP 10.30.4.128: A Modbus Exception Occurred - See Response Body
[2024-12-10T04:13:53.884Z] Error reading actual data: A Modbus Exception Occurred - See Response Body
[2024-12-10T04:13:53.885Z] Error writing to Modbus register: A Modbus Exception Occurred - See Response Body
[2024-12-10T04:13:54.883Z] Error reading or processing Modbus registers: A Modbus Exception Occurred - See Response Body
[2024-12-10T04:13:54.885Z] Error reading register 6507 for IP 10.30.4.128: A Modbus Exception Occurred - See Response Body
[2024-12-10T04:13:54.886Z] Error reading actual data: A Modbus Exception Occurred - See Response Body
[2024-12-10T04:13:54.887Z] Error writing to Modbus register: A Modbus Exception Occurred - See Response Body
[2024-12-10T04:13:55.888Z] Error reading or processing Modbus registers: A Modbus Exception Occurred - See Response Body
[2024-12-10T04:13:55.890Z] Error reading register 6507 for IP 10.30.4.128: A Modbus Exception Occurred - See Response Body
[2024-12-10T04:13:55.891Z] Error reading actual data: A Modbus Exception Occurred - See Response Body
[2024-12-10T04:13:55.892Z] Error writing to Modbus register: A Modbus Exception Occurred - See Response Body
[2024-12-10T04:13:56.890Z] Error reading or processing Modbus registers: A Modbus Exception Occurred - See Response Body
[2024-12-10T04:13:56.893Z] Error reading register 6507 for IP 10.30.4.128: A Modbus Exception Occurred - See Response Body
[2024-12-10T04:13:56.893Z] Error reading actual data: A Modbus Exception Occurred - See Response Body
[2024-12-10T04:13:56.894Z] Error writing to Modbus register: A Modbus Exception Occurred - See Response Body
[2024-12-10T04:13:57.895Z] Error reading or processing Modbus registers: A Modbus Exception Occurred - See Response Body
[2024-12-10T04:13:57.898Z] Error reading register 6507 for IP 10.30.4.128: A Modbus Exception Occurred - See Response Body
[2024-12-10T04:13:57.898Z] Error reading actual data: A Modbus Exception Occurred - See Response Body
[2024-12-10T04:13:57.899Z] Error writing to Modbus register: A Modbus Exception Occurred - See Response Body
[2024-12-10T04:13:58.910Z] Error reading or processing Modbus registers: A Modbus Exception Occurred - See Response Body
[2024-12-10T04:13:58.912Z] Error reading register 6507 for IP 10.30.4.128: A Modbus Exception Occurred - See Response Body
[2024-12-10T04:13:58.913Z] Error reading actual data: A Modbus Exception Occurred - See Response Body
[2024-12-10T04:13:58.913Z] Error writing to Modbus register: A Modbus Exception Occurred - See Response Body
[2024-12-10T04:13:59.924Z] Error reading or processing Modbus registers: A Modbus Exception Occurred - See Response Body
[2024-12-10T04:13:59.926Z] Error reading register 6507 for IP 10.30.4.128: A Modbus Exception Occurred - See Response Body
[2024-12-10T04:13:59.926Z] Error reading actual data: A Modbus Exception Occurred - See Response Body
[2024-12-10T04:13:59.927Z] Error writing to Modbus register: A Modbus Exception Occurred - See Response Body
[2024-12-10T04:14:00.928Z] Error reading or processing Modbus registers: A Modbus Exception Occurred - See Response Body
[2024-12-10T04:14:00.931Z] Error reading register 6507 for IP 10.30.4.128: A Modbus Exception Occurred - See Response Body
[2024-12-10T04:14:00.932Z] Error reading actual data: A Modbus Exception Occurred - See Response Body
[2024-12-10T04:14:00.932Z] Error writing to Modbus register: A Modbus Exception Occurred - See Response Body
[2024-12-10T04:14:01.930Z] Error reading or processing Modbus registers: A Modbus Exception Occurred - See Response Body
[2024-12-10T04:14:01.932Z] Error reading register 6507 for IP 10.30.4.128: A Modbus Exception Occurred - See Response Body
[2024-12-10T04:14:01.933Z] Error reading actual data: A Modbus Exception Occurred - See Response Body
[2024-12-10T04:14:01.934Z] Error writing to Modbus register: A Modbus Exception Occurred - See Response Body
[2024-12-10T04:14:02.934Z] Error reading or processing Modbus registers: A Modbus Exception Occurred - See Response Body
[2024-12-10T04:14:02.936Z] Error reading register 6507 for IP 10.30.4.128: A Modbus Exception Occurred - See Response Body
[2024-12-10T04:14:02.937Z] Error reading actual data: A Modbus Exception Occurred - See Response Body
[2024-12-10T04:14:02.938Z] Error writing to Modbus register: A Modbus Exception Occurred - See Response Body
[2024-12-10T04:14:03.936Z] Error reading or processing Modbus registers: A Modbus Exception Occurred - See Response Body
[2024-12-10T04:14:03.938Z] Error reading register 6507 for IP 10.30.4.128: A Modbus Exception Occurred - See Response Body
[2024-12-10T04:14:03.939Z] Error reading actual data: A Modbus Exception Occurred - See Response Body
[2024-12-10T04:14:03.940Z] Error writing to Modbus register: A Modbus Exception Occurred - See Response Body
[2024-12-10T04:14:04.949Z] Error reading or processing Modbus registers: A Modbus Exception Occurred - See Response Body
[2024-12-10T04:14:04.951Z] Error reading register 6507 for IP 10.30.4.128: A Modbus Exception Occurred - See Response Body
[2024-12-10T04:14:04.952Z] Error reading actual data: A Modbus Exception Occurred - See Response Body
[2024-12-10T04:14:04.952Z] Error writing to Modbus register: A Modbus Exception Occurred - See Response Body
[2024-12-10T04:14:05.963Z] Error reading or processing Modbus registers: A Modbus Exception Occurred - See Response Body
[2024-12-10T04:14:05.966Z] Error reading register 6507 for IP 10.30.4.128: A Modbus Exception Occurred - See Response Body
[2024-12-10T04:14:05.966Z] Error reading actual data: A Modbus Exception Occurred - See Response Body
[2024-12-10T04:14:05.967Z] Error writing to Modbus register: A Modbus Exception Occurred - See Response Body
[2024-12-10T04:14:06.979Z] Error reading or processing Modbus registers: A Modbus Exception Occurred - See Response Body
[2024-12-10T04:14:06.981Z] Error reading register 6507 for IP 10.30.4.128: A Modbus Exception Occurred - See Response Body
[2024-12-10T04:14:06.981Z] Error reading actual data: A Modbus Exception Occurred - See Response Body
[2024-12-10T04:14:06.982Z] Error writing to Modbus register: A Modbus Exception Occurred - See Response Body
[2024-12-10T04:14:07.980Z] Error reading or processing Modbus registers: A Modbus Exception Occurred - See Response Body
[2024-12-10T04:14:07.982Z] Error reading register 6507 for IP 10.30.4.128: A Modbus Exception Occurred - See Response Body
[2024-12-10T04:14:07.983Z] Error reading actual data: A Modbus Exception Occurred - See Response Body
[2024-12-10T04:14:07.983Z] Error writing to Modbus register: A Modbus Exception Occurred - See Response Body
[2024-12-10T04:14:08.980Z] Error reading or processing Modbus registers: A Modbus Exception Occurred - See Response Body
[2024-12-10T04:14:08.982Z] Error reading register 6507 for IP 10.30.4.128: A Modbus Exception Occurred - See Response Body
[2024-12-10T04:14:08.983Z] Error reading actual data: A Modbus Exception Occurred - See Response Body
[2024-12-10T04:14:08.983Z] Error writing to Modbus register: A Modbus Exception Occurred - See Response Body
[2024-12-10T04:14:09.995Z] Error reading or processing Modbus registers: A Modbus Exception Occurred - See Response Body
[2024-12-10T04:14:09.997Z] Error reading register 6507 for IP 10.30.4.128: A Modbus Exception Occurred - See Response Body
[2024-12-10T04:14:09.997Z] Error reading actual data: A Modbus Exception Occurred - See Response Body
[2024-12-10T04:14:09.998Z] Error writing to Modbus register: A Modbus Exception Occurred - See Response Body
[2024-12-10T04:14:11.010Z] Error reading or processing Modbus registers: A Modbus Exception Occurred - See Response Body
[2024-12-10T04:14:11.012Z] Error reading register 6507 for IP 10.30.4.128: A Modbus Exception Occurred - See Response Body
[2024-12-10T04:14:11.012Z] Error reading actual data: A Modbus Exception Occurred - See Response Body
[2024-12-10T04:14:11.013Z] Error writing to Modbus register: A Modbus Exception Occurred - See Response Body
[2024-12-10T04:14:12.022Z] Error reading or processing Modbus registers: A Modbus Exception Occurred - See Response Body
[2024-12-10T04:14:12.024Z] Error reading register 6507 for IP 10.30.4.128: A Modbus Exception Occurred - See Response Body
[2024-12-10T04:14:12.024Z] Error reading actual data: A Modbus Exception Occurred - See Response Body
[2024-12-10T04:14:12.025Z] Error writing to Modbus register: A Modbus Exception Occurred - See Response Body
[2024-12-10T04:14:13.037Z] Error reading or processing Modbus registers: A Modbus Exception Occurred - See Response Body
[2024-12-10T04:14:13.039Z] Error reading register 6507 for IP 10.30.4.128: A Modbus Exception Occurred - See Response Body
[2024-12-10T04:14:13.039Z] Error reading actual data: A Modbus Exception Occurred - See Response Body
[2024-12-10T04:14:13.040Z] Error writing to Modbus register: A Modbus Exception Occurred - See Response Body
[2024-12-10T04:14:14.041Z] Error reading or processing Modbus registers: A Modbus Exception Occurred - See Response Body
[2024-12-10T04:14:14.044Z] Error reading register 6507 for IP 10.30.4.128: A Modbus Exception Occurred - See Response Body
[2024-12-10T04:14:14.044Z] Error reading actual data: A Modbus Exception Occurred - See Response Body
[2024-12-10T04:14:14.045Z] Error writing to Modbus register: A Modbus Exception Occurred - See Response Body
[2024-12-10T04:14:15.055Z] Error reading or processing Modbus registers: A Modbus Exception Occurred - See Response Body
[2024-12-10T04:14:15.057Z] Error reading register 6507 for IP 10.30.4.128: A Modbus Exception Occurred - See Response Body
[2024-12-10T04:14:15.058Z] Error reading actual data: A Modbus Exception Occurred - See Response Body
[2024-12-10T04:14:15.058Z] Error writing to Modbus register: A Modbus Exception Occurred - See Response Body
[2024-12-10T04:14:16.056Z] Error reading or processing Modbus registers: A Modbus Exception Occurred - See Response Body
[2024-12-10T04:14:16.060Z] Error reading register 6507 for IP 10.30.4.128: A Modbus Exception Occurred - See Response Body
[2024-12-10T04:14:16.061Z] Error reading actual data: A Modbus Exception Occurred - See Response Body
[2024-12-10T04:14:16.061Z] Error writing to Modbus register: A Modbus Exception Occurred - See Response Body
[2024-12-10T04:14:17.058Z] Error reading or processing Modbus registers: A Modbus Exception Occurred - See Response Body
[2024-12-10T04:14:17.061Z] Error reading register 6507 for IP 10.30.4.128: A Modbus Exception Occurred - See Response Body
[2024-12-10T04:14:17.062Z] Error reading actual data: A Modbus Exception Occurred - See Response Body
[2024-12-10T04:14:17.063Z] Error writing to Modbus register: A Modbus Exception Occurred - See Response Body
[2024-12-10T04:14:18.059Z] Error reading or processing Modbus registers: A Modbus Exception Occurred - See Response Body
[2024-12-10T04:14:18.062Z] Error reading register 6507 for IP 10.30.4.128: A Modbus Exception Occurred - See Response Body
[2024-12-10T04:14:18.062Z] Error reading actual data: A Modbus Exception Occurred - See Response Body
[2024-12-10T04:14:18.063Z] Error writing to Modbus register: A Modbus Exception Occurred - See Response Body
[2024-12-10T04:14:19.071Z] Error reading or processing Modbus registers: A Modbus Exception Occurred - See Response Body
[2024-12-10T04:14:19.073Z] Error reading register 6507 for IP 10.30.4.128: A Modbus Exception Occurred - See Response Body
[2024-12-10T04:14:19.074Z] Error reading actual data: A Modbus Exception Occurred - See Response Body
[2024-12-10T04:14:19.074Z] Error writing to Modbus register: A Modbus Exception Occurred - See Response Body
[2024-12-10T04:14:20.086Z] Error reading or processing Modbus registers: A Modbus Exception Occurred - See Response Body
[2024-12-10T04:14:20.089Z] Error reading register 6507 for IP 10.30.4.128: A Modbus Exception Occurred - See Response Body
[2024-12-10T04:14:20.090Z] Error reading actual data: A Modbus Exception Occurred - See Response Body
[2024-12-10T04:14:20.090Z] Error writing to Modbus register: A Modbus Exception Occurred - See Response Body
[2024-12-10T04:14:21.087Z] Error reading or processing Modbus registers: A Modbus Exception Occurred - See Response Body
[2024-12-10T04:14:21.089Z] Error reading register 6507 for IP 10.30.4.128: A Modbus Exception Occurred - See Response Body
[2024-12-10T04:14:21.090Z] Error reading actual data: A Modbus Exception Occurred - See Response Body
[2024-12-10T04:14:21.091Z] Error writing to Modbus register: A Modbus Exception Occurred - See Response Body
[2024-12-10T04:14:22.088Z] Error reading or processing Modbus registers: A Modbus Exception Occurred - See Response Body
[2024-12-10T04:14:22.090Z] Error reading register 6507 for IP 10.30.4.128: A Modbus Exception Occurred - See Response Body
[2024-12-10T04:14:22.091Z] Error reading actual data: A Modbus Exception Occurred - See Response Body
[2024-12-10T04:14:22.091Z] Error writing to Modbus register: A Modbus Exception Occurred - See Response Body
[2024-12-10T04:14:23.092Z] Error reading or processing Modbus registers: A Modbus Exception Occurred - See Response Body
[2024-12-10T04:14:23.094Z] Error reading register 6507 for IP 10.30.4.128: A Modbus Exception Occurred - See Response Body
[2024-12-10T04:14:23.095Z] Error reading actual data: A Modbus Exception Occurred - See Response Body
[2024-12-10T04:14:23.095Z] Error writing to Modbus register: A Modbus Exception Occurred - See Response Body
[2024-12-10T04:14:24.106Z] Error reading or processing Modbus registers: A Modbus Exception Occurred - See Response Body
[2024-12-10T04:14:24.109Z] Error reading register 6507 for IP 10.30.4.128: A Modbus Exception Occurred - See Response Body
[2024-12-10T04:14:24.110Z] Error reading actual data: A Modbus Exception Occurred - See Response Body
[2024-12-10T04:14:24.110Z] Error writing to Modbus register: A Modbus Exception Occurred - See Response Body
[2024-12-10T04:14:25.117Z] Error reading or processing Modbus registers: A Modbus Exception Occurred - See Response Body
[2024-12-10T04:14:25.120Z] Error reading register 6507 for IP 10.30.4.128: A Modbus Exception Occurred - See Response Body
[2024-12-10T04:14:25.120Z] Error reading actual data: A Modbus Exception Occurred - See Response Body
[2024-12-10T04:14:25.121Z] Error writing to Modbus register: A Modbus Exception Occurred - See Response Body
[2024-12-10T04:14:26.120Z] Error reading or processing Modbus registers: A Modbus Exception Occurred - See Response Body
[2024-12-10T04:14:26.123Z] Error reading register 6507 for IP 10.30.4.128: A Modbus Exception Occurred - See Response Body
[2024-12-10T04:14:26.123Z] Error reading actual data: A Modbus Exception Occurred - See Response Body
[2024-12-10T04:14:26.124Z] Error writing to Modbus register: A Modbus Exception Occurred - See Response Body
[2024-12-10T04:14:27.136Z] Error reading or processing Modbus registers: A Modbus Exception Occurred - See Response Body
[2024-12-10T04:14:27.139Z] Error reading register 6507 for IP 10.30.4.128: A Modbus Exception Occurred - See Response Body
[2024-12-10T04:14:27.139Z] Error reading actual data: A Modbus Exception Occurred - See Response Body
[2024-12-10T04:14:27.140Z] Error writing to Modbus register: A Modbus Exception Occurred - See Response Body
[2024-12-10T04:14:28.149Z] Error reading or processing Modbus registers: A Modbus Exception Occurred - See Response Body
[2024-12-10T04:14:28.151Z] Error reading register 6507 for IP 10.30.4.128: A Modbus Exception Occurred - See Response Body
[2024-12-10T04:14:28.152Z] Error reading actual data: A Modbus Exception Occurred - See Response Body
[2024-12-10T04:14:28.152Z] Error writing to Modbus register: A Modbus Exception Occurred - See Response Body
[2024-12-10T04:14:29.150Z] Error reading or processing Modbus registers: A Modbus Exception Occurred - See Response Body
[2024-12-10T04:14:29.153Z] Error reading register 6507 for IP 10.30.4.128: A Modbus Exception Occurred - See Response Body
[2024-12-10T04:14:29.153Z] Error reading actual data: A Modbus Exception Occurred - See Response Body
[2024-12-10T04:14:29.154Z] Error writing to Modbus register: A Modbus Exception Occurred - See Response Body
[2024-12-10T04:14:30.151Z] Error reading or processing Modbus registers: A Modbus Exception Occurred - See Response Body
[2024-12-10T04:14:30.153Z] Error reading register 6507 for IP 10.30.4.128: A Modbus Exception Occurred - See Response Body
[2024-12-10T04:14:30.154Z] Error reading actual data: A Modbus Exception Occurred - See Response Body
[2024-12-10T04:14:30.154Z] Error writing to Modbus register: A Modbus Exception Occurred - See Response Body
[2024-12-10T04:14:31.151Z] Error reading or processing Modbus registers: A Modbus Exception Occurred - See Response Body
[2024-12-10T04:14:31.153Z] Error reading register 6507 for IP 10.30.4.128: A Modbus Exception Occurred - See Response Body
[2024-12-10T04:14:31.154Z] Error reading actual data: A Modbus Exception Occurred - See Response Body
[2024-12-10T04:14:31.155Z] Error writing to Modbus register: A Modbus Exception Occurred - See Response Body
[2024-12-10T04:14:32.154Z] Error reading or processing Modbus registers: A Modbus Exception Occurred - See Response Body
[2024-12-10T04:14:32.156Z] Error reading register 6507 for IP 10.30.4.128: A Modbus Exception Occurred - See Response Body
[2024-12-10T04:14:32.157Z] Error reading actual data: A Modbus Exception Occurred - See Response Body
[2024-12-10T04:14:32.157Z] Error writing to Modbus register: A Modbus Exception Occurred - See Response Body
[2024-12-10T04:14:33.156Z] Error reading or processing Modbus registers: A Modbus Exception Occurred - See Response Body
[2024-12-10T04:14:33.158Z] Error reading register 6507 for IP 10.30.4.128: A Modbus Exception Occurred - See Response Body
[2024-12-10T04:14:33.159Z] Error reading actual data: A Modbus Exception Occurred - See Response Body
[2024-12-10T04:14:33.160Z] Error writing to Modbus register: A Modbus Exception Occurred - See Response Body
[2024-12-10T04:14:34.161Z] Error reading or processing Modbus registers: A Modbus Exception Occurred - See Response Body
[2024-12-10T04:14:34.163Z] Error reading register 6507 for IP 10.30.4.128: A Modbus Exception Occurred - See Response Body
[2024-12-10T04:14:34.164Z] Error reading actual data: A Modbus Exception Occurred - See Response Body
[2024-12-10T04:14:34.165Z] Error writing to Modbus register: A Modbus Exception Occurred - See Response Body
[2024-12-10T04:14:35.176Z] Error reading or processing Modbus registers: A Modbus Exception Occurred - See Response Body
[2024-12-10T04:14:35.178Z] Error reading register 6507 for IP 10.30.4.128: A Modbus Exception Occurred - See Response Body
[2024-12-10T04:14:35.179Z] Error reading actual data: A Modbus Exception Occurred - See Response Body
[2024-12-10T04:14:35.180Z] Error writing to Modbus register: A Modbus Exception Occurred - See Response Body
[2024-12-10T04:14:36.187Z] Error reading or processing Modbus registers: A Modbus Exception Occurred - See Response Body
[2024-12-10T04:14:36.189Z] Error reading register 6507 for IP 10.30.4.128: A Modbus Exception Occurred - See Response Body
[2024-12-10T04:14:36.189Z] Error reading actual data: A Modbus Exception Occurred - See Response Body
[2024-12-10T04:14:36.190Z] Error writing to Modbus register: A Modbus Exception Occurred - See Response Body
[2024-12-10T04:14:37.187Z] Error reading or processing Modbus registers: A Modbus Exception Occurred - See Response Body
[2024-12-10T04:14:37.189Z] Error reading register 6507 for IP 10.30.4.128: A Modbus Exception Occurred - See Response Body
[2024-12-10T04:14:37.190Z] Error reading actual data: A Modbus Exception Occurred - See Response Body
[2024-12-10T04:14:37.190Z] Error writing to Modbus register: A Modbus Exception Occurred - See Response Body
[2024-12-10T04:14:38.186Z] Error reading or processing Modbus registers: A Modbus Exception Occurred - See Response Body
[2024-12-10T04:14:38.188Z] Error reading register 6507 for IP 10.30.4.128: A Modbus Exception Occurred - See Response Body
[2024-12-10T04:14:38.188Z] Error reading actual data: A Modbus Exception Occurred - See Response Body
[2024-12-10T04:14:38.189Z] Error writing to Modbus register: A Modbus Exception Occurred - See Response Body
[2024-12-10T04:14:39.188Z] Error reading or processing Modbus registers: A Modbus Exception Occurred - See Response Body
[2024-12-10T04:14:39.190Z] Error reading register 6507 for IP 10.30.4.128: A Modbus Exception Occurred - See Response Body
[2024-12-10T04:14:39.190Z] Error reading actual data: A Modbus Exception Occurred - See Response Body
[2024-12-10T04:14:39.191Z] Error writing to Modbus register: A Modbus Exception Occurred - See Response Body
[2024-12-10T04:14:40.189Z] Error reading or processing Modbus registers: A Modbus Exception Occurred - See Response Body
[2024-12-10T04:14:40.191Z] Error reading register 6507 for IP 10.30.4.128: A Modbus Exception Occurred - See Response Body
[2024-12-10T04:14:40.191Z] Error reading actual data: A Modbus Exception Occurred - See Response Body
[2024-12-10T04:14:40.192Z] Error writing to Modbus register: A Modbus Exception Occurred - See Response Body
[2024-12-10T04:14:41.190Z] Error reading or processing Modbus registers: A Modbus Exception Occurred - See Response Body
[2024-12-10T04:14:41.192Z] Error reading register 6507 for IP 10.30.4.128: A Modbus Exception Occurred - See Response Body
[2024-12-10T04:14:41.193Z] Error reading actual data: A Modbus Exception Occurred - See Response Body
[2024-12-10T04:14:41.193Z] Error writing to Modbus register: A Modbus Exception Occurred - See Response Body
[2024-12-10T04:14:42.190Z] Error reading or processing Modbus registers: A Modbus Exception Occurred - See Response Body
[2024-12-10T04:14:42.192Z] Error reading register 6507 for IP 10.30.4.128: A Modbus Exception Occurred - See Response Body
[2024-12-10T04:14:42.193Z] Error reading actual data: A Modbus Exception Occurred - See Response Body
[2024-12-10T04:14:42.193Z] Error writing to Modbus register: A Modbus Exception Occurred - See Response Body
[2024-12-10T04:14:43.205Z] Error reading or processing Modbus registers: A Modbus Exception Occurred - See Response Body
[2024-12-10T04:14:43.208Z] Error reading register 6507 for IP 10.30.4.128: A Modbus Exception Occurred - See Response Body
[2024-12-10T04:14:43.208Z] Error reading actual data: A Modbus Exception Occurred - See Response Body
[2024-12-10T04:14:43.209Z] Error writing to Modbus register: A Modbus Exception Occurred - See Response Body
[2024-12-10T04:14:44.218Z] Error reading or processing Modbus registers: A Modbus Exception Occurred - See Response Body
[2024-12-10T04:14:44.220Z] Error reading register 6507 for IP 10.30.4.128: A Modbus Exception Occurred - See Response Body
[2024-12-10T04:14:44.220Z] Error reading actual data: A Modbus Exception Occurred - See Response Body
[2024-12-10T04:14:44.221Z] Error writing to Modbus register: A Modbus Exception Occurred - See Response Body
[2024-12-10T04:14:45.219Z] Error reading or processing Modbus registers: A Modbus Exception Occurred - See Response Body
[2024-12-10T04:14:45.221Z] Error reading register 6507 for IP 10.30.4.128: A Modbus Exception Occurred - See Response Body
[2024-12-10T04:14:45.222Z] Error reading actual data: A Modbus Exception Occurred - See Response Body
[2024-12-10T04:14:45.223Z] Error writing to Modbus register: A Modbus Exception Occurred - See Response Body
[2024-12-10T04:14:46.221Z] Error reading or processing Modbus registers: A Modbus Exception Occurred - See Response Body
[2024-12-10T04:14:46.223Z] Error reading register 6507 for IP 10.30.4.128: A Modbus Exception Occurred - See Response Body
[2024-12-10T04:14:46.224Z] Error reading actual data: A Modbus Exception Occurred - See Response Body
[2024-12-10T04:14:46.225Z] Error writing to Modbus register: A Modbus Exception Occurred - See Response Body
[2024-12-10T04:14:47.233Z] Error reading or processing Modbus registers: A Modbus Exception Occurred - See Response Body
[2024-12-10T04:14:47.235Z] Error reading register 6507 for IP 10.30.4.128: A Modbus Exception Occurred - See Response Body
[2024-12-10T04:14:47.236Z] Error reading actual data: A Modbus Exception Occurred - See Response Body
[2024-12-10T04:14:47.236Z] Error writing to Modbus register: A Modbus Exception Occurred - See Response Body
[2024-12-10T04:14:48.237Z] Error reading or processing Modbus registers: A Modbus Exception Occurred - See Response Body
[2024-12-10T04:14:48.240Z] Error reading register 6507 for IP 10.30.4.128: A Modbus Exception Occurred - See Response Body
[2024-12-10T04:14:48.241Z] Error reading actual data: A Modbus Exception Occurred - See Response Body
[2024-12-10T04:14:48.241Z] Error writing to Modbus register: A Modbus Exception Occurred - See Response Body
[2024-12-10T04:14:49.242Z] Error reading or processing Modbus registers: A Modbus Exception Occurred - See Response Body
[2024-12-10T04:14:49.244Z] Error reading register 6507 for IP 10.30.4.128: A Modbus Exception Occurred - See Response Body
[2024-12-10T04:14:49.244Z] Error reading actual data: A Modbus Exception Occurred - See Response Body
[2024-12-10T04:14:49.245Z] Error writing to Modbus register: A Modbus Exception Occurred - See Response Body
[2024-12-10T04:14:50.246Z] Error reading or processing Modbus registers: A Modbus Exception Occurred - See Response Body
[2024-12-10T04:14:50.248Z] Error reading register 6507 for IP 10.30.4.128: A Modbus Exception Occurred - See Response Body
[2024-12-10T04:14:50.250Z] Error reading actual data: A Modbus Exception Occurred - See Response Body
[2024-12-10T04:14:50.250Z] Error writing to Modbus register: A Modbus Exception Occurred - See Response Body
[2024-12-10T04:14:51.260Z] Error reading or processing Modbus registers: A Modbus Exception Occurred - See Response Body
[2024-12-10T04:14:51.262Z] Error reading register 6507 for IP 10.30.4.128: A Modbus Exception Occurred - See Response Body
[2024-12-10T04:14:51.263Z] Error reading actual data: A Modbus Exception Occurred - See Response Body
[2024-12-10T04:14:51.263Z] Error writing to Modbus register: A Modbus Exception Occurred - See Response Body
[2024-12-10T04:14:52.263Z] Error reading or processing Modbus registers: A Modbus Exception Occurred - See Response Body
[2024-12-10T04:14:52.265Z] Error reading register 6507 for IP 10.30.4.128: A Modbus Exception Occurred - See Response Body
[2024-12-10T04:14:52.266Z] Error reading actual data: A Modbus Exception Occurred - See Response Body
[2024-12-10T04:14:52.266Z] Error writing to Modbus register: A Modbus Exception Occurred - See Response Body
[2024-12-10T04:14:53.265Z] Error reading or processing Modbus registers: A Modbus Exception Occurred - See Response Body
[2024-12-10T04:14:53.267Z] Error reading register 6507 for IP 10.30.4.128: A Modbus Exception Occurred - See Response Body
[2024-12-10T04:14:53.267Z] Error reading actual data: A Modbus Exception Occurred - See Response Body
[2024-12-10T04:14:53.268Z] Error writing to Modbus register: A Modbus Exception Occurred - See Response Body
[2024-12-10T04:14:54.280Z] Error reading or processing Modbus registers: A Modbus Exception Occurred - See Response Body
[2024-12-10T04:14:54.283Z] Error reading register 6507 for IP 10.30.4.128: A Modbus Exception Occurred - See Response Body
[2024-12-10T04:14:54.284Z] Error reading actual data: A Modbus Exception Occurred - See Response Body
[2024-12-10T04:14:54.284Z] Error writing to Modbus register: A Modbus Exception Occurred - See Response Body
[2024-12-10T04:14:55.281Z] Error reading or processing Modbus registers: A Modbus Exception Occurred - See Response Body
[2024-12-10T04:14:55.284Z] Error reading register 6507 for IP 10.30.4.128: A Modbus Exception Occurred - See Response Body
[2024-12-10T04:14:55.285Z] Error reading actual data: A Modbus Exception Occurred - See Response Body
[2024-12-10T04:14:55.285Z] Error writing to Modbus register: A Modbus Exception Occurred - See Response Body
[2024-12-10T04:14:56.295Z] Error reading or processing Modbus registers: A Modbus Exception Occurred - See Response Body
[2024-12-10T04:14:56.297Z] Error reading register 6507 for IP 10.30.4.128: A Modbus Exception Occurred - See Response Body
[2024-12-10T04:14:56.298Z] Error reading actual data: A Modbus Exception Occurred - See Response Body
[2024-12-10T04:14:56.299Z] Error writing to Modbus register: A Modbus Exception Occurred - See Response Body
[2024-12-10T04:14:57.310Z] Error reading or processing Modbus registers: A Modbus Exception Occurred - See Response Body
[2024-12-10T04:14:57.312Z] Error reading register 6507 for IP 10.30.4.128: A Modbus Exception Occurred - See Response Body
[2024-12-10T04:14:57.313Z] Error reading actual data: A Modbus Exception Occurred - See Response Body
[2024-12-10T04:14:57.314Z] Error writing to Modbus register: A Modbus Exception Occurred - See Response Body
[2024-12-10T04:14:58.322Z] Error reading or processing Modbus registers: A Modbus Exception Occurred - See Response Body
[2024-12-10T04:14:58.324Z] Error reading register 6507 for IP 10.30.4.128: A Modbus Exception Occurred - See Response Body
[2024-12-10T04:14:58.325Z] Error reading actual data: A Modbus Exception Occurred - See Response Body
[2024-12-10T04:14:58.325Z] Error writing to Modbus register: A Modbus Exception Occurred - See Response Body
[2024-12-10T04:14:59.323Z] Error reading or processing Modbus registers: A Modbus Exception Occurred - See Response Body
[2024-12-10T04:14:59.325Z] Error reading register 6507 for IP 10.30.4.128: A Modbus Exception Occurred - See Response Body
[2024-12-10T04:14:59.326Z] Error reading actual data: A Modbus Exception Occurred - See Response Body
[2024-12-10T04:14:59.327Z] Error writing to Modbus register: A Modbus Exception Occurred - See Response Body
[2024-12-10T04:15:00.325Z] Error reading or processing Modbus registers: A Modbus Exception Occurred - See Response Body
[2024-12-10T04:15:00.327Z] Error reading register 6507 for IP 10.30.4.128: A Modbus Exception Occurred - See Response Body
[2024-12-10T04:15:00.328Z] Error reading actual data: A Modbus Exception Occurred - See Response Body
[2024-12-10T04:15:00.328Z] Error writing to Modbus register: A Modbus Exception Occurred - See Response Body
[2024-12-10T04:15:01.329Z] Error reading or processing Modbus registers: A Modbus Exception Occurred - See Response Body
[2024-12-10T04:15:01.331Z] Error reading register 6507 for IP 10.30.4.128: A Modbus Exception Occurred - See Response Body
[2024-12-10T04:15:01.332Z] Error reading actual data: A Modbus Exception Occurred - See Response Body
[2024-12-10T04:15:01.333Z] Error writing to Modbus register: A Modbus Exception Occurred - See Response Body
[2024-12-10T04:15:02.336Z] Error reading or processing Modbus registers: A Modbus Exception Occurred - See Response Body
[2024-12-10T04:15:02.339Z] Error reading register 6507 for IP 10.30.4.128: A Modbus Exception Occurred - See Response Body
[2024-12-10T04:15:02.339Z] Error reading actual data: A Modbus Exception Occurred - See Response Body
[2024-12-10T04:15:02.340Z] Error writing to Modbus register: A Modbus Exception Occurred - See Response Body
[2024-12-10T04:15:03.338Z] Error reading or processing Modbus registers: A Modbus Exception Occurred - See Response Body
[2024-12-10T04:15:03.340Z] Error reading register 6507 for IP 10.30.4.128: A Modbus Exception Occurred - See Response Body
[2024-12-10T04:15:03.341Z] Error reading actual data: A Modbus Exception Occurred - See Response Body
[2024-12-10T04:15:03.342Z] Error writing to Modbus register: A Modbus Exception Occurred - See Response Body
[2024-12-10T04:15:04.351Z] Error reading or processing Modbus registers: A Modbus Exception Occurred - See Response Body
[2024-12-10T04:15:04.354Z] Error reading register 6507 for IP 10.30.4.128: A Modbus Exception Occurred - See Response Body
[2024-12-10T04:15:04.354Z] Error reading actual data: A Modbus Exception Occurred - See Response Body
[2024-12-10T04:15:04.355Z] Error writing to Modbus register: A Modbus Exception Occurred - See Response Body
[2024-12-10T04:15:05.356Z] Error reading or processing Modbus registers: A Modbus Exception Occurred - See Response Body
[2024-12-10T04:15:05.359Z] Error reading register 6507 for IP 10.30.4.128: A Modbus Exception Occurred - See Response Body
[2024-12-10T04:15:05.359Z] Error reading actual data: A Modbus Exception Occurred - See Response Body
[2024-12-10T04:15:05.360Z] Error writing to Modbus register: A Modbus Exception Occurred - See Response Body
[2024-12-10T04:15:06.357Z] Error reading or processing Modbus registers: A Modbus Exception Occurred - See Response Body
[2024-12-10T04:15:06.359Z] Error reading register 6507 for IP 10.30.4.128: A Modbus Exception Occurred - See Response Body
[2024-12-10T04:15:06.360Z] Error reading actual data: A Modbus Exception Occurred - See Response Body
[2024-12-10T04:15:06.360Z] Error writing to Modbus register: A Modbus Exception Occurred - See Response Body
[2024-12-10T04:15:07.371Z] Error reading or processing Modbus registers: A Modbus Exception Occurred - See Response Body
[2024-12-10T04:15:07.374Z] Error reading register 6507 for IP 10.30.4.128: A Modbus Exception Occurred - See Response Body
[2024-12-10T04:15:07.377Z] Error reading actual data: A Modbus Exception Occurred - See Response Body
[2024-12-10T04:15:07.377Z] Error writing to Modbus register: A Modbus Exception Occurred - See Response Body
[2024-12-10T04:15:08.385Z] Error reading or processing Modbus registers: A Modbus Exception Occurred - See Response Body
[2024-12-10T04:15:08.387Z] Error reading register 6507 for IP 10.30.4.128: A Modbus Exception Occurred - See Response Body
[2024-12-10T04:15:08.388Z] Error reading actual data: A Modbus Exception Occurred - See Response Body
[2024-12-10T04:15:08.388Z] Error writing to Modbus register: A Modbus Exception Occurred - See Response Body
[2024-12-10T04:15:09.389Z] Error reading or processing Modbus registers: A Modbus Exception Occurred - See Response Body
[2024-12-10T04:15:09.390Z] Error reading register 6507 for IP 10.30.4.128: A Modbus Exception Occurred - See Response Body
[2024-12-10T04:15:09.391Z] Error reading actual data: A Modbus Exception Occurred - See Response Body
[2024-12-10T04:15:09.391Z] Error writing to Modbus register: A Modbus Exception Occurred - See Response Body
[2024-12-10T04:15:10.392Z] Error reading or processing Modbus registers: A Modbus Exception Occurred - See Response Body
[2024-12-10T04:15:10.393Z] Error reading register 6507 for IP 10.30.4.128: A Modbus Exception Occurred - See Response Body
[2024-12-10T04:15:10.394Z] Error reading actual data: A Modbus Exception Occurred - See Response Body
[2024-12-10T04:15:10.394Z] Error writing to Modbus register: A Modbus Exception Occurred - See Response Body
[2024-12-10T04:15:11.392Z] Error reading or processing Modbus registers: A Modbus Exception Occurred - See Response Body
[2024-12-10T04:15:11.394Z] Error reading register 6507 for IP 10.30.4.128: A Modbus Exception Occurred - See Response Body
[2024-12-10T04:15:11.394Z] Error reading actual data: A Modbus Exception Occurred - See Response Body
[2024-12-10T04:15:11.395Z] Error writing to Modbus register: A Modbus Exception Occurred - See Response Body
[2024-12-10T04:15:12.393Z] Error reading or processing Modbus registers: A Modbus Exception Occurred - See Response Body
[2024-12-10T04:15:12.395Z] Error reading register 6507 for IP 10.30.4.128: A Modbus Exception Occurred - See Response Body
[2024-12-10T04:15:12.395Z] Error reading actual data: A Modbus Exception Occurred - See Response Body
[2024-12-10T04:15:12.396Z] Error writing to Modbus register: A Modbus Exception Occurred - See Response Body
[2024-12-10T04:15:13.393Z] Error reading or processing Modbus registers: A Modbus Exception Occurred - See Response Body
[2024-12-10T04:15:13.395Z] Error reading register 6507 for IP 10.30.4.128: A Modbus Exception Occurred - See Response Body
[2024-12-10T04:15:13.396Z] Error reading actual data: A Modbus Exception Occurred - See Response Body
[2024-12-10T04:15:13.396Z] Error writing to Modbus register: A Modbus Exception Occurred - See Response Body
[2024-12-10T04:15:14.398Z] Error reading or processing Modbus registers: A Modbus Exception Occurred - See Response Body
[2024-12-10T04:15:14.400Z] Error reading register 6507 for IP 10.30.4.128: A Modbus Exception Occurred - See Response Body
[2024-12-10T04:15:14.400Z] Error reading actual data: A Modbus Exception Occurred - See Response Body
[2024-12-10T04:15:14.401Z] Error writing to Modbus register: A Modbus Exception Occurred - See Response Body
[2024-12-10T04:15:15.413Z] Error reading or processing Modbus registers: A Modbus Exception Occurred - See Response Body
[2024-12-10T04:15:15.415Z] Error reading register 6507 for IP 10.30.4.128: A Modbus Exception Occurred - See Response Body
[2024-12-10T04:15:15.416Z] Error reading actual data: A Modbus Exception Occurred - See Response Body
[2024-12-10T04:15:15.416Z] Error writing to Modbus register: A Modbus Exception Occurred - See Response Body
[2024-12-10T04:15:16.427Z] Error reading or processing Modbus registers: A Modbus Exception Occurred - See Response Body
[2024-12-10T04:15:16.430Z] Error reading register 6507 for IP 10.30.4.128: A Modbus Exception Occurred - See Response Body
[2024-12-10T04:15:16.430Z] Error reading actual data: A Modbus Exception Occurred - See Response Body
[2024-12-10T04:15:16.431Z] Error writing to Modbus register: A Modbus Exception Occurred - See Response Body
[2024-12-10T04:15:17.443Z] Error reading or processing Modbus registers: A Modbus Exception Occurred - See Response Body
[2024-12-10T04:15:17.445Z] Error reading register 6507 for IP 10.30.4.128: A Modbus Exception Occurred - See Response Body
[2024-12-10T04:15:17.445Z] Error reading actual data: A Modbus Exception Occurred - See Response Body
[2024-12-10T04:15:17.446Z] Error writing to Modbus register: A Modbus Exception Occurred - See Response Body
[2024-12-10T04:15:18.454Z] Error reading or processing Modbus registers: A Modbus Exception Occurred - See Response Body
[2024-12-10T04:15:18.456Z] Error reading register 6507 for IP 10.30.4.128: A Modbus Exception Occurred - See Response Body
[2024-12-10T04:15:18.457Z] Error reading actual data: A Modbus Exception Occurred - See Response Body
[2024-12-10T04:15:18.458Z] Error writing to Modbus register: A Modbus Exception Occurred - See Response Body
[2024-12-10T04:15:19.458Z] Error reading or processing Modbus registers: A Modbus Exception Occurred - See Response Body
[2024-12-10T04:15:19.461Z] Error reading register 6507 for IP 10.30.4.128: A Modbus Exception Occurred - See Response Body
[2024-12-10T04:15:19.461Z] Error reading actual data: A Modbus Exception Occurred - See Response Body
[2024-12-10T04:15:19.461Z] Error writing to Modbus register: A Modbus Exception Occurred - See Response Body
[2024-12-10T04:15:20.459Z] Error reading or processing Modbus registers: A Modbus Exception Occurred - See Response Body
[2024-12-10T04:15:20.463Z] Error reading register 6507 for IP 10.30.4.128: A Modbus Exception Occurred - See Response Body
[2024-12-10T04:15:20.464Z] Error reading actual data: A Modbus Exception Occurred - See Response Body
[2024-12-10T04:15:20.464Z] Error writing to Modbus register: A Modbus Exception Occurred - See Response Body
[2024-12-10T04:15:21.459Z] Error reading or processing Modbus registers: A Modbus Exception Occurred - See Response Body
[2024-12-10T04:15:21.462Z] Error reading register 6507 for IP 10.30.4.128: A Modbus Exception Occurred - See Response Body
[2024-12-10T04:15:21.463Z] Error reading actual data: A Modbus Exception Occurred - See Response Body
[2024-12-10T04:15:21.463Z] Error writing to Modbus register: A Modbus Exception Occurred - See Response Body
[2024-12-10T04:15:22.476Z] Error reading or processing Modbus registers: A Modbus Exception Occurred - See Response Body
[2024-12-10T04:15:22.478Z] Error reading register 6507 for IP 10.30.4.128: A Modbus Exception Occurred - See Response Body
[2024-12-10T04:15:22.478Z] Error reading actual data: A Modbus Exception Occurred - See Response Body
[2024-12-10T04:15:22.479Z] Error writing to Modbus register: A Modbus Exception Occurred - See Response Body
[2024-12-10T04:15:23.491Z] Error reading or processing Modbus registers: A Modbus Exception Occurred - See Response Body
[2024-12-10T04:15:23.493Z] Error reading register 6507 for IP 10.30.4.128: A Modbus Exception Occurred - See Response Body
[2024-12-10T04:15:23.494Z] Error reading actual data: A Modbus Exception Occurred - See Response Body
[2024-12-10T04:15:23.494Z] Error writing to Modbus register: A Modbus Exception Occurred - See Response Body
[2024-12-10T04:15:24.493Z] Error reading or processing Modbus registers: A Modbus Exception Occurred - See Response Body
[2024-12-10T04:15:24.495Z] Error reading register 6507 for IP 10.30.4.128: A Modbus Exception Occurred - See Response Body
[2024-12-10T04:15:24.496Z] Error reading actual data: A Modbus Exception Occurred - See Response Body
[2024-12-10T04:15:24.496Z] Error writing to Modbus register: A Modbus Exception Occurred - See Response Body
[2024-12-10T04:15:25.498Z] Error reading or processing Modbus registers: A Modbus Exception Occurred - See Response Body
[2024-12-10T04:15:25.501Z] Error reading register 6507 for IP 10.30.4.128: A Modbus Exception Occurred - See Response Body
[2024-12-10T04:15:25.501Z] Error reading actual data: A Modbus Exception Occurred - See Response Body
[2024-12-10T04:15:25.502Z] Error writing to Modbus register: A Modbus Exception Occurred - See Response Body
[2024-12-10T04:15:26.500Z] Error reading or processing Modbus registers: A Modbus Exception Occurred - See Response Body
[2024-12-10T04:15:26.502Z] Error reading register 6507 for IP 10.30.4.128: A Modbus Exception Occurred - See Response Body
[2024-12-10T04:15:26.503Z] Error reading actual data: A Modbus Exception Occurred - See Response Body
[2024-12-10T04:15:26.504Z] Error writing to Modbus register: A Modbus Exception Occurred - See Response Body
[2024-12-10T04:15:27.505Z] Error reading or processing Modbus registers: A Modbus Exception Occurred - See Response Body
[2024-12-10T04:15:27.508Z] Error reading register 6507 for IP 10.30.4.128: A Modbus Exception Occurred - See Response Body
[2024-12-10T04:15:27.508Z] Error reading actual data: A Modbus Exception Occurred - See Response Body
[2024-12-10T04:15:27.509Z] Error writing to Modbus register: A Modbus Exception Occurred - See Response Body
[2024-12-10T04:15:28.515Z] Error reading or processing Modbus registers: A Modbus Exception Occurred - See Response Body
[2024-12-10T04:15:28.517Z] Error reading register 6507 for IP 10.30.4.128: A Modbus Exception Occurred - See Response Body
[2024-12-10T04:15:28.518Z] Error reading actual data: A Modbus Exception Occurred - See Response Body
[2024-12-10T04:15:28.519Z] Error writing to Modbus register: A Modbus Exception Occurred - See Response Body
[2024-12-10T04:15:29.529Z] Error reading or processing Modbus registers: A Modbus Exception Occurred - See Response Body
[2024-12-10T04:15:29.531Z] Error reading register 6507 for IP 10.30.4.128: A Modbus Exception Occurred - See Response Body
[2024-12-10T04:15:29.531Z] Error reading actual data: A Modbus Exception Occurred - See Response Body
[2024-12-10T04:15:29.532Z] Error writing to Modbus register: A Modbus Exception Occurred - See Response Body
[2024-12-10T04:15:30.530Z] Error reading or processing Modbus registers: A Modbus Exception Occurred - See Response Body
[2024-12-10T04:15:30.532Z] Error reading register 6507 for IP 10.30.4.128: A Modbus Exception Occurred - See Response Body
[2024-12-10T04:15:30.533Z] Error reading actual data: A Modbus Exception Occurred - See Response Body
[2024-12-10T04:15:30.533Z] Error writing to Modbus register: A Modbus Exception Occurred - See Response Body
[2024-12-10T04:15:31.542Z] Error reading or processing Modbus registers: A Modbus Exception Occurred - See Response Body
[2024-12-10T04:15:31.545Z] Error reading register 6507 for IP 10.30.4.128: A Modbus Exception Occurred - See Response Body
[2024-12-10T04:15:31.545Z] Error reading actual data: A Modbus Exception Occurred - See Response Body
[2024-12-10T04:15:31.546Z] Error writing to Modbus register: A Modbus Exception Occurred - See Response Body
[2024-12-10T04:15:32.543Z] Error reading or processing Modbus registers: A Modbus Exception Occurred - See Response Body
[2024-12-10T04:15:32.546Z] Error reading register 6507 for IP 10.30.4.128: A Modbus Exception Occurred - See Response Body
[2024-12-10T04:15:32.547Z] Error reading actual data: A Modbus Exception Occurred - See Response Body
[2024-12-10T04:15:32.548Z] Error writing to Modbus register: A Modbus Exception Occurred - See Response Body
[2024-12-10T04:15:33.545Z] Error reading or processing Modbus registers: A Modbus Exception Occurred - See Response Body
[2024-12-10T04:15:33.547Z] Error reading register 6507 for IP 10.30.4.128: A Modbus Exception Occurred - See Response Body
[2024-12-10T04:15:33.548Z] Error reading actual data: A Modbus Exception Occurred - See Response Body
[2024-12-10T04:15:33.549Z] Error writing to Modbus register: A Modbus Exception Occurred - See Response Body
[2024-12-10T04:15:34.546Z] Error reading or processing Modbus registers: A Modbus Exception Occurred - See Response Body
[2024-12-10T04:15:34.548Z] Error reading register 6507 for IP 10.30.4.128: A Modbus Exception Occurred - See Response Body
[2024-12-10T04:15:34.549Z] Error reading actual data: A Modbus Exception Occurred - See Response Body
[2024-12-10T04:15:34.550Z] Error writing to Modbus register: A Modbus Exception Occurred - See Response Body
[2024-12-10T04:15:35.547Z] Error reading or processing Modbus registers: A Modbus Exception Occurred - See Response Body
[2024-12-10T04:15:35.549Z] Error reading register 6507 for IP 10.30.4.128: A Modbus Exception Occurred - See Response Body
[2024-12-10T04:15:35.550Z] Error reading actual data: A Modbus Exception Occurred - See Response Body
[2024-12-10T04:15:35.551Z] Error writing to Modbus register: A Modbus Exception Occurred - See Response Body
[2024-12-10T04:15:36.561Z] Error reading or processing Modbus registers: A Modbus Exception Occurred - See Response Body
[2024-12-10T04:15:36.563Z] Error reading register 6507 for IP 10.30.4.128: A Modbus Exception Occurred - See Response Body
[2024-12-10T04:15:36.564Z] Error reading actual data: A Modbus Exception Occurred - See Response Body
[2024-12-10T04:15:36.565Z] Error writing to Modbus register: A Modbus Exception Occurred - See Response Body
[2024-12-10T04:15:37.576Z] Error reading or processing Modbus registers: A Modbus Exception Occurred - See Response Body
[2024-12-10T04:15:37.578Z] Error reading register 6507 for IP 10.30.4.128: A Modbus Exception Occurred - See Response Body
[2024-12-10T04:15:37.579Z] Error reading actual data: A Modbus Exception Occurred - See Response Body
[2024-12-10T04:15:37.580Z] Error writing to Modbus register: A Modbus Exception Occurred - See Response Body
[2024-12-10T04:15:38.591Z] Error reading or processing Modbus registers: A Modbus Exception Occurred - See Response Body
[2024-12-10T04:15:38.593Z] Error reading register 6507 for IP 10.30.4.128: A Modbus Exception Occurred - See Response Body
[2024-12-10T04:15:38.594Z] Error reading actual data: A Modbus Exception Occurred - See Response Body
[2024-12-10T04:15:38.594Z] Error writing to Modbus register: A Modbus Exception Occurred - See Response Body
[2024-12-10T04:15:39.603Z] Error reading or processing Modbus registers: A Modbus Exception Occurred - See Response Body
[2024-12-10T04:15:39.606Z] Error reading register 6507 for IP 10.30.4.128: A Modbus Exception Occurred - See Response Body
[2024-12-10T04:15:39.606Z] Error reading actual data: A Modbus Exception Occurred - See Response Body
[2024-12-10T04:15:39.607Z] Error writing to Modbus register: A Modbus Exception Occurred - See Response Body
[2024-12-10T04:15:40.607Z] Error reading or processing Modbus registers: A Modbus Exception Occurred - See Response Body
[2024-12-10T04:15:40.609Z] Error reading register 6507 for IP 10.30.4.128: A Modbus Exception Occurred - See Response Body
[2024-12-10T04:15:40.610Z] Error reading actual data: A Modbus Exception Occurred - See Response Body
[2024-12-10T04:15:40.610Z] Error writing to Modbus register: A Modbus Exception Occurred - See Response Body
[2024-12-10T04:15:41.620Z] Error reading or processing Modbus registers: A Modbus Exception Occurred - See Response Body
[2024-12-10T04:15:41.622Z] Error reading register 6507 for IP 10.30.4.128: A Modbus Exception Occurred - See Response Body
[2024-12-10T04:15:41.622Z] Error reading actual data: A Modbus Exception Occurred - See Response Body
[2024-12-10T04:15:41.623Z] Error writing to Modbus register: A Modbus Exception Occurred - See Response Body
[2024-12-10T04:15:42.623Z] Error reading or processing Modbus registers: A Modbus Exception Occurred - See Response Body
[2024-12-10T04:15:42.625Z] Error reading register 6507 for IP 10.30.4.128: A Modbus Exception Occurred - See Response Body
[2024-12-10T04:15:42.626Z] Error reading actual data: A Modbus Exception Occurred - See Response Body
[2024-12-10T04:15:42.626Z] Error writing to Modbus register: A Modbus Exception Occurred - See Response Body
[2024-12-10T04:15:43.639Z] Error reading or processing Modbus registers: A Modbus Exception Occurred - See Response Body
[2024-12-10T04:15:43.641Z] Error reading register 6507 for IP 10.30.4.128: A Modbus Exception Occurred - See Response Body
[2024-12-10T04:15:43.642Z] Error reading actual data: A Modbus Exception Occurred - See Response Body
[2024-12-10T04:15:43.642Z] Error writing to Modbus register: A Modbus Exception Occurred - See Response Body
[2024-12-10T04:15:44.652Z] Error reading or processing Modbus registers: A Modbus Exception Occurred - See Response Body
[2024-12-10T04:15:44.654Z] Error reading register 6507 for IP 10.30.4.128: A Modbus Exception Occurred - See Response Body
[2024-12-10T04:15:44.654Z] Error reading actual data: A Modbus Exception Occurred - See Response Body
[2024-12-10T04:15:44.655Z] Error writing to Modbus register: A Modbus Exception Occurred - See Response Body
[2024-12-10T04:15:45.652Z] Error reading or processing Modbus registers: A Modbus Exception Occurred - See Response Body
[2024-12-10T04:15:45.654Z] Error reading register 6507 for IP 10.30.4.128: A Modbus Exception Occurred - See Response Body
[2024-12-10T04:15:45.654Z] Error reading actual data: A Modbus Exception Occurred - See Response Body
[2024-12-10T04:15:45.655Z] Error writing to Modbus register: A Modbus Exception Occurred - See Response Body
[2024-12-10T04:15:46.653Z] Error reading or processing Modbus registers: A Modbus Exception Occurred - See Response Body
[2024-12-10T04:15:46.655Z] Error reading register 6507 for IP 10.30.4.128: A Modbus Exception Occurred - See Response Body
[2024-12-10T04:15:46.656Z] Error reading actual data: A Modbus Exception Occurred - See Response Body
[2024-12-10T04:15:46.656Z] Error writing to Modbus register: A Modbus Exception Occurred - See Response Body
[2024-12-10T04:15:47.657Z] Error reading or processing Modbus registers: A Modbus Exception Occurred - See Response Body
[2024-12-10T04:15:47.659Z] Error reading register 6507 for IP 10.30.4.128: A Modbus Exception Occurred - See Response Body
[2024-12-10T04:15:47.660Z] Error reading actual data: A Modbus Exception Occurred - See Response Body
[2024-12-10T04:15:47.660Z] Error writing to Modbus register: A Modbus Exception Occurred - See Response Body
[2024-12-10T04:15:48.669Z] Error reading or processing Modbus registers: A Modbus Exception Occurred - See Response Body
[2024-12-10T04:15:48.672Z] Error reading register 6507 for IP 10.30.4.128: A Modbus Exception Occurred - See Response Body
[2024-12-10T04:15:48.673Z] Error reading actual data: A Modbus Exception Occurred - See Response Body
[2024-12-10T04:15:48.674Z] Error writing to Modbus register: A Modbus Exception Occurred - See Response Body
[2024-12-10T04:15:49.675Z] Error reading or processing Modbus registers: A Modbus Exception Occurred - See Response Body
[2024-12-10T04:15:49.677Z] Error reading register 6507 for IP 10.30.4.128: A Modbus Exception Occurred - See Response Body
[2024-12-10T04:15:49.678Z] Error reading actual data: A Modbus Exception Occurred - See Response Body
[2024-12-10T04:15:49.679Z] Error writing to Modbus register: A Modbus Exception Occurred - See Response Body
[2024-12-10T04:15:50.675Z] Error reading or processing Modbus registers: A Modbus Exception Occurred - See Response Body
[2024-12-10T04:15:50.678Z] Error reading register 6507 for IP 10.30.4.128: A Modbus Exception Occurred - See Response Body
[2024-12-10T04:15:50.679Z] Error reading actual data: A Modbus Exception Occurred - See Response Body
[2024-12-10T04:15:50.679Z] Error writing to Modbus register: A Modbus Exception Occurred - See Response Body
[2024-12-10T04:15:51.689Z] Error reading or processing Modbus registers: A Modbus Exception Occurred - See Response Body
[2024-12-10T04:15:51.691Z] Error reading register 6507 for IP 10.30.4.128: A Modbus Exception Occurred - See Response Body
[2024-12-10T04:15:51.692Z] Error reading actual data: A Modbus Exception Occurred - See Response Body
[2024-12-10T04:15:51.692Z] Error writing to Modbus register: A Modbus Exception Occurred - See Response Body
[2024-12-10T04:15:52.689Z] Error reading or processing Modbus registers: A Modbus Exception Occurred - See Response Body
[2024-12-10T04:15:52.691Z] Error reading register 6507 for IP 10.30.4.128: A Modbus Exception Occurred - See Response Body
[2024-12-10T04:15:52.692Z] Error reading actual data: A Modbus Exception Occurred - See Response Body
[2024-12-10T04:15:52.692Z] Error writing to Modbus register: A Modbus Exception Occurred - See Response Body
[2024-12-10T04:15:53.689Z] Error reading or processing Modbus registers: A Modbus Exception Occurred - See Response Body
[2024-12-10T04:15:53.691Z] Error reading register 6507 for IP 10.30.4.128: A Modbus Exception Occurred - See Response Body
[2024-12-10T04:15:53.692Z] Error reading actual data: A Modbus Exception Occurred - See Response Body
[2024-12-10T04:15:53.692Z] Error writing to Modbus register: A Modbus Exception Occurred - See Response Body
[2024-12-10T04:15:54.689Z] Error reading or processing Modbus registers: A Modbus Exception Occurred - See Response Body
[2024-12-10T04:15:54.691Z] Error reading register 6507 for IP 10.30.4.128: A Modbus Exception Occurred - See Response Body
[2024-12-10T04:15:54.691Z] Error reading actual data: A Modbus Exception Occurred - See Response Body
[2024-12-10T04:15:54.692Z] Error writing to Modbus register: A Modbus Exception Occurred - See Response Body
[2024-12-10T04:15:55.704Z] Error reading or processing Modbus registers: A Modbus Exception Occurred - See Response Body
[2024-12-10T04:15:55.706Z] Error reading register 6507 for IP 10.30.4.128: A Modbus Exception Occurred - See Response Body
[2024-12-10T04:15:55.707Z] Error reading actual data: A Modbus Exception Occurred - See Response Body
[2024-12-10T04:15:55.707Z] Error writing to Modbus register: A Modbus Exception Occurred - See Response Body
[2024-12-10T04:15:56.705Z] Error reading or processing Modbus registers: A Modbus Exception Occurred - See Response Body
[2024-12-10T04:15:56.707Z] Error reading register 6507 for IP 10.30.4.128: A Modbus Exception Occurred - See Response Body
[2024-12-10T04:15:56.708Z] Error reading actual data: A Modbus Exception Occurred - See Response Body
[2024-12-10T04:15:56.708Z] Error writing to Modbus register: A Modbus Exception Occurred - See Response Body
[2024-12-10T04:15:57.707Z] Error reading or processing Modbus registers: A Modbus Exception Occurred - See Response Body
[2024-12-10T04:15:57.710Z] Error reading register 6507 for IP 10.30.4.128: A Modbus Exception Occurred - See Response Body
[2024-12-10T04:15:57.710Z] Error reading actual data: A Modbus Exception Occurred - See Response Body
[2024-12-10T04:15:57.711Z] Error writing to Modbus register: A Modbus Exception Occurred - See Response Body
[2024-12-10T04:15:58.710Z] Error reading or processing Modbus registers: A Modbus Exception Occurred - See Response Body
[2024-12-10T04:15:58.712Z] Error reading register 6507 for IP 10.30.4.128: A Modbus Exception Occurred - See Response Body
[2024-12-10T04:15:58.713Z] Error reading actual data: A Modbus Exception Occurred - See Response Body
[2024-12-10T04:15:58.713Z] Error writing to Modbus register: A Modbus Exception Occurred - See Response Body
[2024-12-10T04:15:59.710Z] Error reading or processing Modbus registers: A Modbus Exception Occurred - See Response Body
[2024-12-10T04:15:59.712Z] Error reading register 6507 for IP 10.30.4.128: A Modbus Exception Occurred - See Response Body
[2024-12-10T04:15:59.713Z] Error reading actual data: A Modbus Exception Occurred - See Response Body
[2024-12-10T04:15:59.713Z] Error writing to Modbus register: A Modbus Exception Occurred - See Response Body
[2024-12-10T04:16:00.724Z] Error reading or processing Modbus registers: A Modbus Exception Occurred - See Response Body
[2024-12-10T04:16:00.727Z] Error reading register 6507 for IP 10.30.4.128: A Modbus Exception Occurred - See Response Body
[2024-12-10T04:16:00.728Z] Error reading actual data: A Modbus Exception Occurred - See Response Body
[2024-12-10T04:16:00.728Z] Error writing to Modbus register: A Modbus Exception Occurred - See Response Body
[2024-12-10T04:16:01.738Z] Error reading or processing Modbus registers: A Modbus Exception Occurred - See Response Body
[2024-12-10T04:16:01.741Z] Error reading register 6507 for IP 10.30.4.128: A Modbus Exception Occurred - See Response Body
[2024-12-10T04:16:01.741Z] Error reading actual data: A Modbus Exception Occurred - See Response Body
[2024-12-10T04:16:01.742Z] Error writing to Modbus register: A Modbus Exception Occurred - See Response Body
[2024-12-10T04:16:02.739Z] Error reading or processing Modbus registers: A Modbus Exception Occurred - See Response Body
[2024-12-10T04:16:02.741Z] Error reading register 6507 for IP 10.30.4.128: A Modbus Exception Occurred - See Response Body
[2024-12-10T04:16:02.742Z] Error reading actual data: A Modbus Exception Occurred - See Response Body
[2024-12-10T04:16:02.742Z] Error writing to Modbus register: A Modbus Exception Occurred - See Response Body
[2024-12-10T04:16:03.752Z] Error reading or processing Modbus registers: A Modbus Exception Occurred - See Response Body
[2024-12-10T04:16:03.754Z] Error reading register 6507 for IP 10.30.4.128: A Modbus Exception Occurred - See Response Body
[2024-12-10T04:16:03.755Z] Error reading actual data: A Modbus Exception Occurred - See Response Body
[2024-12-10T04:16:03.756Z] Error writing to Modbus register: A Modbus Exception Occurred - See Response Body
[2024-12-10T04:16:04.766Z] Error reading or processing Modbus registers: A Modbus Exception Occurred - See Response Body
[2024-12-10T04:16:04.769Z] Error reading register 6507 for IP 10.30.4.128: A Modbus Exception Occurred - See Response Body
[2024-12-10T04:16:04.770Z] Error reading actual data: A Modbus Exception Occurred - See Response Body
[2024-12-10T04:16:04.770Z] Error writing to Modbus register: A Modbus Exception Occurred - See Response Body
[2024-12-10T04:16:05.779Z] Error reading or processing Modbus registers: A Modbus Exception Occurred - See Response Body
[2024-12-10T04:16:05.782Z] Error reading register 6507 for IP 10.30.4.128: A Modbus Exception Occurred - See Response Body
[2024-12-10T04:16:05.783Z] Error reading actual data: A Modbus Exception Occurred - See Response Body
[2024-12-10T04:16:05.783Z] Error writing to Modbus register: A Modbus Exception Occurred - See Response Body
[2024-12-10T04:16:06.789Z] Error reading or processing Modbus registers: A Modbus Exception Occurred - See Response Body
[2024-12-10T04:16:06.791Z] Error reading register 6507 for IP 10.30.4.128: A Modbus Exception Occurred - See Response Body
[2024-12-10T04:16:06.792Z] Error reading actual data: A Modbus Exception Occurred - See Response Body
[2024-12-10T04:16:06.793Z] Error writing to Modbus register: A Modbus Exception Occurred - See Response Body
[2024-12-10T04:16:07.789Z] Error reading or processing Modbus registers: A Modbus Exception Occurred - See Response Body
[2024-12-10T04:16:07.792Z] Error reading register 6507 for IP 10.30.4.128: A Modbus Exception Occurred - See Response Body
[2024-12-10T04:16:07.793Z] Error reading actual data: A Modbus Exception Occurred - See Response Body
[2024-12-10T04:16:07.793Z] Error writing to Modbus register: A Modbus Exception Occurred - See Response Body
[2024-12-10T04:16:08.797Z] Error reading or processing Modbus registers: A Modbus Exception Occurred - See Response Body
[2024-12-10T04:16:08.799Z] Error reading register 6507 for IP 10.30.4.128: A Modbus Exception Occurred - See Response Body
[2024-12-10T04:16:08.799Z] Error reading actual data: A Modbus Exception Occurred - See Response Body
[2024-12-10T04:16:08.800Z] Error writing to Modbus register: A Modbus Exception Occurred - See Response Body
[2024-12-10T04:16:09.797Z] Error reading or processing Modbus registers: A Modbus Exception Occurred - See Response Body
[2024-12-10T04:16:09.799Z] Error reading register 6507 for IP 10.30.4.128: A Modbus Exception Occurred - See Response Body
[2024-12-10T04:16:09.800Z] Error reading actual data: A Modbus Exception Occurred - See Response Body
[2024-12-10T04:16:09.801Z] Error writing to Modbus register: A Modbus Exception Occurred - See Response Body
[2024-12-10T04:16:10.809Z] Error reading or processing Modbus registers: A Modbus Exception Occurred - See Response Body
[2024-12-10T04:16:10.814Z] Error reading register 6507 for IP 10.30.4.128: A Modbus Exception Occurred - See Response Body
[2024-12-10T04:16:10.815Z] Error reading actual data: A Modbus Exception Occurred - See Response Body
[2024-12-10T04:16:10.815Z] Error writing to Modbus register: A Modbus Exception Occurred - See Response Body
[2024-12-10T04:16:11.810Z] Error reading or processing Modbus registers: A Modbus Exception Occurred - See Response Body
[2024-12-10T04:16:11.814Z] Error reading register 6507 for IP 10.30.4.128: A Modbus Exception Occurred - See Response Body
[2024-12-10T04:16:11.814Z] Error reading actual data: A Modbus Exception Occurred - See Response Body
[2024-12-10T04:16:11.815Z] Error writing to Modbus register: A Modbus Exception Occurred - See Response Body
[2024-12-10T04:16:12.820Z] Error reading or processing Modbus registers: A Modbus Exception Occurred - See Response Body
[2024-12-10T04:16:12.822Z] Error reading register 6507 for IP 10.30.4.128: A Modbus Exception Occurred - See Response Body
[2024-12-10T04:16:12.822Z] Error reading actual data: A Modbus Exception Occurred - See Response Body
[2024-12-10T04:16:12.823Z] Error writing to Modbus register: A Modbus Exception Occurred - See Response Body
[2024-12-10T04:16:13.834Z] Error reading or processing Modbus registers: A Modbus Exception Occurred - See Response Body
[2024-12-10T04:16:13.836Z] Error reading register 6507 for IP 10.30.4.128: A Modbus Exception Occurred - See Response Body
[2024-12-10T04:16:13.836Z] Error reading actual data: A Modbus Exception Occurred - See Response Body
[2024-12-10T04:16:13.837Z] Error writing to Modbus register: A Modbus Exception Occurred - See Response Body
[2024-12-10T04:16:14.846Z] Error reading or processing Modbus registers: A Modbus Exception Occurred - See Response Body
[2024-12-10T04:16:14.848Z] Error reading register 6507 for IP 10.30.4.128: A Modbus Exception Occurred - See Response Body
[2024-12-10T04:16:14.848Z] Error reading actual data: A Modbus Exception Occurred - See Response Body
[2024-12-10T04:16:14.849Z] Error writing to Modbus register: A Modbus Exception Occurred - See Response Body
[2024-12-10T04:16:15.861Z] Error reading or processing Modbus registers: A Modbus Exception Occurred - See Response Body
[2024-12-10T04:16:15.863Z] Error reading register 6507 for IP 10.30.4.128: A Modbus Exception Occurred - See Response Body
[2024-12-10T04:16:15.864Z] Error reading actual data: A Modbus Exception Occurred - See Response Body
[2024-12-10T04:16:15.864Z] Error writing to Modbus register: A Modbus Exception Occurred - See Response Body
[2024-12-10T04:16:16.873Z] Error reading or processing Modbus registers: A Modbus Exception Occurred - See Response Body
[2024-12-10T04:16:16.875Z] Error reading register 6507 for IP 10.30.4.128: A Modbus Exception Occurred - See Response Body
[2024-12-10T04:16:16.877Z] Error reading actual data: A Modbus Exception Occurred - See Response Body
[2024-12-10T04:16:16.878Z] Error writing to Modbus register: A Modbus Exception Occurred - See Response Body
[2024-12-10T04:16:17.874Z] Error reading or processing Modbus registers: A Modbus Exception Occurred - See Response Body
[2024-12-10T04:16:17.875Z] Error reading register 6507 for IP 10.30.4.128: A Modbus Exception Occurred - See Response Body
[2024-12-10T04:16:17.876Z] Error reading actual data: A Modbus Exception Occurred - See Response Body
[2024-12-10T04:16:17.877Z] Error writing to Modbus register: A Modbus Exception Occurred - See Response Body
[2024-12-10T04:16:18.887Z] Error reading or processing Modbus registers: A Modbus Exception Occurred - See Response Body
[2024-12-10T04:16:18.888Z] Error reading register 6507 for IP 10.30.4.128: A Modbus Exception Occurred - See Response Body
[2024-12-10T04:16:18.889Z] Error reading actual data: A Modbus Exception Occurred - See Response Body
[2024-12-10T04:16:18.889Z] Error writing to Modbus register: A Modbus Exception Occurred - See Response Body
[2024-12-10T04:16:19.900Z] Error reading or processing Modbus registers: A Modbus Exception Occurred - See Response Body
[2024-12-10T04:16:19.901Z] Error reading register 6507 for IP 10.30.4.128: A Modbus Exception Occurred - See Response Body
[2024-12-10T04:16:19.902Z] Error reading actual data: A Modbus Exception Occurred - See Response Body
[2024-12-10T04:16:19.902Z] Error writing to Modbus register: A Modbus Exception Occurred - See Response Body
[2024-12-10T04:16:20.912Z] Error reading or processing Modbus registers: A Modbus Exception Occurred - See Response Body
[2024-12-10T04:16:20.915Z] Error reading register 6507 for IP 10.30.4.128: A Modbus Exception Occurred - See Response Body
[2024-12-10T04:16:20.915Z] Error reading actual data: A Modbus Exception Occurred - See Response Body
[2024-12-10T04:16:20.916Z] Error writing to Modbus register: A Modbus Exception Occurred - See Response Body
[2024-12-10T04:16:21.927Z] Error reading or processing Modbus registers: A Modbus Exception Occurred - See Response Body
[2024-12-10T04:16:21.929Z] Error reading register 6507 for IP 10.30.4.128: A Modbus Exception Occurred - See Response Body
[2024-12-10T04:16:21.930Z] Error reading actual data: A Modbus Exception Occurred - See Response Body
[2024-12-10T04:16:21.931Z] Error writing to Modbus register: A Modbus Exception Occurred - See Response Body
[2024-12-10T04:16:22.941Z] Error reading or processing Modbus registers: A Modbus Exception Occurred - See Response Body
[2024-12-10T04:16:22.944Z] Error reading register 6507 for IP 10.30.4.128: A Modbus Exception Occurred - See Response Body
[2024-12-10T04:16:22.944Z] Error reading actual data: A Modbus Exception Occurred - See Response Body
[2024-12-10T04:16:22.945Z] Error writing to Modbus register: A Modbus Exception Occurred - See Response Body
[2024-12-10T04:16:23.951Z] Error reading or processing Modbus registers: A Modbus Exception Occurred - See Response Body
[2024-12-10T04:16:23.954Z] Error reading register 6507 for IP 10.30.4.128: A Modbus Exception Occurred - See Response Body
[2024-12-10T04:16:23.955Z] Error reading actual data: A Modbus Exception Occurred - See Response Body
[2024-12-10T04:16:23.955Z] Error writing to Modbus register: A Modbus Exception Occurred - See Response Body
[2024-12-10T04:16:24.952Z] Error reading or processing Modbus registers: A Modbus Exception Occurred - See Response Body
[2024-12-10T04:16:24.954Z] Error reading register 6507 for IP 10.30.4.128: A Modbus Exception Occurred - See Response Body
[2024-12-10T04:16:24.955Z] Error reading actual data: A Modbus Exception Occurred - See Response Body
[2024-12-10T04:16:24.956Z] Error writing to Modbus register: A Modbus Exception Occurred - See Response Body
[2024-12-10T04:16:25.962Z] Error reading or processing Modbus registers: A Modbus Exception Occurred - See Response Body
[2024-12-10T04:16:25.964Z] Error reading register 6507 for IP 10.30.4.128: A Modbus Exception Occurred - See Response Body
[2024-12-10T04:16:25.965Z] Error reading actual data: A Modbus Exception Occurred - See Response Body
[2024-12-10T04:16:25.966Z] Error writing to Modbus register: A Modbus Exception Occurred - See Response Body
[2024-12-10T04:16:26.974Z] Error reading or processing Modbus registers: A Modbus Exception Occurred - See Response Body
[2024-12-10T04:16:26.976Z] Error reading register 6507 for IP 10.30.4.128: A Modbus Exception Occurred - See Response Body
[2024-12-10T04:16:26.976Z] Error reading actual data: A Modbus Exception Occurred - See Response Body
[2024-12-10T04:16:26.977Z] Error writing to Modbus register: A Modbus Exception Occurred - See Response Body
[2024-12-10T04:16:27.983Z] Error reading or processing Modbus registers: A Modbus Exception Occurred - See Response Body
[2024-12-10T04:16:27.985Z] Error reading register 6507 for IP 10.30.4.128: A Modbus Exception Occurred - See Response Body
[2024-12-10T04:16:27.986Z] Error reading actual data: A Modbus Exception Occurred - See Response Body
[2024-12-10T04:16:27.987Z] Error writing to Modbus register: A Modbus Exception Occurred - See Response Body
[2024-12-10T04:16:28.996Z] Error reading or processing Modbus registers: A Modbus Exception Occurred - See Response Body
[2024-12-10T04:16:28.999Z] Error reading register 6507 for IP 10.30.4.128: A Modbus Exception Occurred - See Response Body
[2024-12-10T04:16:28.999Z] Error reading actual data: A Modbus Exception Occurred - See Response Body
[2024-12-10T04:16:29.000Z] Error writing to Modbus register: A Modbus Exception Occurred - See Response Body
[2024-12-10T04:16:30.011Z] Error reading or processing Modbus registers: A Modbus Exception Occurred - See Response Body
[2024-12-10T04:16:30.014Z] Error reading register 6507 for IP 10.30.4.128: A Modbus Exception Occurred - See Response Body
[2024-12-10T04:16:30.014Z] Error reading actual data: A Modbus Exception Occurred - See Response Body
[2024-12-10T04:16:30.015Z] Error writing to Modbus register: A Modbus Exception Occurred - See Response Body
[2024-12-10T04:16:31.021Z] Error reading or processing Modbus registers: A Modbus Exception Occurred - See Response Body
[2024-12-10T04:16:31.022Z] Error reading register 6507 for IP 10.30.4.128: A Modbus Exception Occurred - See Response Body
[2024-12-10T04:16:31.023Z] Error reading actual data: A Modbus Exception Occurred - See Response Body
[2024-12-10T04:16:31.023Z] Error writing to Modbus register: A Modbus Exception Occurred - See Response Body
[2024-12-10T04:16:32.033Z] Error reading or processing Modbus registers: A Modbus Exception Occurred - See Response Body
[2024-12-10T04:16:32.034Z] Error reading register 6507 for IP 10.30.4.128: A Modbus Exception Occurred - See Response Body
[2024-12-10T04:16:32.035Z] Error reading actual data: A Modbus Exception Occurred - See Response Body
[2024-12-10T04:16:32.035Z] Error writing to Modbus register: A Modbus Exception Occurred - See Response Body
[2024-12-10T04:16:33.045Z] Error reading or processing Modbus registers: A Modbus Exception Occurred - See Response Body
[2024-12-10T04:16:33.047Z] Error reading register 6507 for IP 10.30.4.128: A Modbus Exception Occurred - See Response Body
[2024-12-10T04:16:33.048Z] Error reading actual data: A Modbus Exception Occurred - See Response Body
[2024-12-10T04:16:33.048Z] Error writing to Modbus register: A Modbus Exception Occurred - See Response Body
[2024-12-10T04:16:34.055Z] Error reading or processing Modbus registers: A Modbus Exception Occurred - See Response Body
[2024-12-10T04:16:34.058Z] Error reading register 6507 for IP 10.30.4.128: A Modbus Exception Occurred - See Response Body
[2024-12-10T04:16:34.058Z] Error reading actual data: A Modbus Exception Occurred - See Response Body
[2024-12-10T04:16:34.059Z] Error writing to Modbus register: A Modbus Exception Occurred - See Response Body
[2024-12-10T04:16:35.067Z] Error reading or processing Modbus registers: A Modbus Exception Occurred - See Response Body
[2024-12-10T04:16:35.069Z] Error reading register 6507 for IP 10.30.4.128: A Modbus Exception Occurred - See Response Body
[2024-12-10T04:16:35.070Z] Error reading actual data: A Modbus Exception Occurred - See Response Body
[2024-12-10T04:16:35.070Z] Error writing to Modbus register: A Modbus Exception Occurred - See Response Body
[2024-12-10T04:16:36.079Z] Error reading or processing Modbus registers: A Modbus Exception Occurred - See Response Body
[2024-12-10T04:16:36.081Z] Error reading register 6507 for IP 10.30.4.128: A Modbus Exception Occurred - See Response Body
[2024-12-10T04:16:36.081Z] Error reading actual data: A Modbus Exception Occurred - See Response Body
[2024-12-10T04:16:36.082Z] Error writing to Modbus register: A Modbus Exception Occurred - See Response Body
[2024-12-10T04:16:37.091Z] Error reading or processing Modbus registers: A Modbus Exception Occurred - See Response Body
[2024-12-10T04:16:37.095Z] Error reading register 6507 for IP 10.30.4.128: A Modbus Exception Occurred - See Response Body
[2024-12-10T04:16:37.096Z] Error reading actual data: A Modbus Exception Occurred - See Response Body
[2024-12-10T04:16:37.096Z] Error writing to Modbus register: A Modbus Exception Occurred - See Response Body
[2024-12-10T04:16:38.104Z] Error reading or processing Modbus registers: A Modbus Exception Occurred - See Response Body
[2024-12-10T04:16:38.106Z] Error reading register 6507 for IP 10.30.4.128: A Modbus Exception Occurred - See Response Body
[2024-12-10T04:16:38.107Z] Error reading actual data: A Modbus Exception Occurred - See Response Body
[2024-12-10T04:16:38.107Z] Error writing to Modbus register: A Modbus Exception Occurred - See Response Body
[2024-12-10T04:16:39.117Z] Error reading or processing Modbus registers: A Modbus Exception Occurred - See Response Body
[2024-12-10T04:16:39.119Z] Error reading register 6507 for IP 10.30.4.128: A Modbus Exception Occurred - See Response Body
[2024-12-10T04:16:39.120Z] Error reading actual data: A Modbus Exception Occurred - See Response Body
[2024-12-10T04:16:39.120Z] Error writing to Modbus register: A Modbus Exception Occurred - See Response Body
[2024-12-10T04:16:40.127Z] Error reading or processing Modbus registers: A Modbus Exception Occurred - See Response Body
[2024-12-10T04:16:40.130Z] Error reading register 6507 for IP 10.30.4.128: A Modbus Exception Occurred - See Response Body
[2024-12-10T04:16:40.130Z] Error reading actual data: A Modbus Exception Occurred - See Response Body
[2024-12-10T04:16:40.131Z] Error writing to Modbus register: A Modbus Exception Occurred - See Response Body
[2024-12-10T04:16:41.128Z] Error reading or processing Modbus registers: A Modbus Exception Occurred - See Response Body
[2024-12-10T04:16:41.130Z] Error reading register 6507 for IP 10.30.4.128: A Modbus Exception Occurred - See Response Body
[2024-12-10T04:16:41.131Z] Error reading actual data: A Modbus Exception Occurred - See Response Body
[2024-12-10T04:16:41.132Z] Error writing to Modbus register: A Modbus Exception Occurred - See Response Body
[2024-12-10T04:16:42.142Z] Error reading or processing Modbus registers: A Modbus Exception Occurred - See Response Body
[2024-12-10T04:16:42.144Z] Error reading register 6507 for IP 10.30.4.128: A Modbus Exception Occurred - See Response Body
[2024-12-10T04:16:42.145Z] Error reading actual data: A Modbus Exception Occurred - See Response Body
[2024-12-10T04:16:42.145Z] Error writing to Modbus register: A Modbus Exception Occurred - See Response Body
[2024-12-10T04:16:43.151Z] Error reading or processing Modbus registers: A Modbus Exception Occurred - See Response Body
[2024-12-10T04:16:43.153Z] Error reading register 6507 for IP 10.30.4.128: A Modbus Exception Occurred - See Response Body
[2024-12-10T04:16:43.153Z] Error reading actual data: A Modbus Exception Occurred - See Response Body
[2024-12-10T04:16:43.154Z] Error writing to Modbus register: A Modbus Exception Occurred - See Response Body
[2024-12-10T04:16:44.163Z] Error reading or processing Modbus registers: A Modbus Exception Occurred - See Response Body
[2024-12-10T04:16:44.165Z] Error reading register 6507 for IP 10.30.4.128: A Modbus Exception Occurred - See Response Body
[2024-12-10T04:16:44.166Z] Error reading actual data: A Modbus Exception Occurred - See Response Body
[2024-12-10T04:16:44.167Z] Error writing to Modbus register: A Modbus Exception Occurred - See Response Body
[2024-12-10T04:16:45.172Z] Error reading or processing Modbus registers: A Modbus Exception Occurred - See Response Body
[2024-12-10T04:16:45.175Z] Error reading register 6507 for IP 10.30.4.128: A Modbus Exception Occurred - See Response Body
[2024-12-10T04:16:45.175Z] Error reading actual data: A Modbus Exception Occurred - See Response Body
[2024-12-10T04:16:45.176Z] Error writing to Modbus register: A Modbus Exception Occurred - See Response Body
[2024-12-10T04:16:46.184Z] Error reading or processing Modbus registers: A Modbus Exception Occurred - See Response Body
[2024-12-10T04:16:46.187Z] Error reading register 6507 for IP 10.30.4.128: A Modbus Exception Occurred - See Response Body
[2024-12-10T04:16:46.187Z] Error reading actual data: A Modbus Exception Occurred - See Response Body
[2024-12-10T04:16:46.188Z] Error writing to Modbus register: A Modbus Exception Occurred - See Response Body
[2024-12-10T04:16:47.196Z] Error reading or processing Modbus registers: A Modbus Exception Occurred - See Response Body
[2024-12-10T04:16:47.199Z] Error reading register 6507 for IP 10.30.4.128: A Modbus Exception Occurred - See Response Body
[2024-12-10T04:16:47.200Z] Error reading actual data: A Modbus Exception Occurred - See Response Body
[2024-12-10T04:16:47.200Z] Error writing to Modbus register: A Modbus Exception Occurred - See Response Body
[2024-12-10T04:16:48.209Z] Error reading or processing Modbus registers: A Modbus Exception Occurred - See Response Body
[2024-12-10T04:16:48.212Z] Error reading register 6507 for IP 10.30.4.128: A Modbus Exception Occurred - See Response Body
[2024-12-10T04:16:48.213Z] Error reading actual data: A Modbus Exception Occurred - See Response Body
[2024-12-10T04:16:48.213Z] Error writing to Modbus register: A Modbus Exception Occurred - See Response Body
[2024-12-10T04:16:49.220Z] Error reading or processing Modbus registers: A Modbus Exception Occurred - See Response Body
[2024-12-10T04:16:49.223Z] Error reading register 6507 for IP 10.30.4.128: A Modbus Exception Occurred - See Response Body
[2024-12-10T04:16:49.224Z] Error reading actual data: A Modbus Exception Occurred - See Response Body
[2024-12-10T04:16:49.224Z] Error writing to Modbus register: A Modbus Exception Occurred - See Response Body
[2024-12-10T04:16:50.234Z] Error reading or processing Modbus registers: A Modbus Exception Occurred - See Response Body
[2024-12-10T04:16:50.251Z] Error reading register 6507 for IP 10.30.4.128: A Modbus Exception Occurred - See Response Body
[2024-12-10T04:16:50.252Z] Error reading actual data: A Modbus Exception Occurred - See Response Body
[2024-12-10T04:16:50.252Z] Error writing to Modbus register: A Modbus Exception Occurred - See Response Body
[2024-12-10T04:16:51.245Z] Error reading or processing Modbus registers: A Modbus Exception Occurred - See Response Body
[2024-12-10T04:16:51.247Z] Error reading register 6507 for IP 10.30.4.128: A Modbus Exception Occurred - See Response Body
[2024-12-10T04:16:51.248Z] Error reading actual data: A Modbus Exception Occurred - See Response Body
[2024-12-10T04:16:51.248Z] Error writing to Modbus register: A Modbus Exception Occurred - See Response Body
[2024-12-10T04:16:52.259Z] Error reading or processing Modbus registers: A Modbus Exception Occurred - See Response Body
[2024-12-10T04:16:52.261Z] Error reading register 6507 for IP 10.30.4.128: A Modbus Exception Occurred - See Response Body
[2024-12-10T04:16:52.262Z] Error reading actual data: A Modbus Exception Occurred - See Response Body
[2024-12-10T04:16:52.262Z] Error writing to Modbus register: A Modbus Exception Occurred - See Response Body
[2024-12-10T04:16:53.270Z] Error reading or processing Modbus registers: A Modbus Exception Occurred - See Response Body
[2024-12-10T04:16:53.273Z] Error reading register 6507 for IP 10.30.4.128: A Modbus Exception Occurred - See Response Body
[2024-12-10T04:16:53.273Z] Error reading actual data: A Modbus Exception Occurred - See Response Body
[2024-12-10T04:16:53.274Z] Error writing to Modbus register: A Modbus Exception Occurred - See Response Body
[2024-12-10T04:16:54.273Z] Error reading or processing Modbus registers: A Modbus Exception Occurred - See Response Body
[2024-12-10T04:16:54.275Z] Error reading register 6507 for IP 10.30.4.128: A Modbus Exception Occurred - See Response Body
[2024-12-10T04:16:54.275Z] Error reading actual data: A Modbus Exception Occurred - See Response Body
[2024-12-10T04:16:54.276Z] Error writing to Modbus register: A Modbus Exception Occurred - See Response Body
[2024-12-10T04:16:55.284Z] Error reading or processing Modbus registers: A Modbus Exception Occurred - See Response Body
[2024-12-10T04:16:55.286Z] Error reading register 6507 for IP 10.30.4.128: A Modbus Exception Occurred - See Response Body
[2024-12-10T04:16:55.287Z] Error reading actual data: A Modbus Exception Occurred - See Response Body
[2024-12-10T04:16:55.287Z] Error writing to Modbus register: A Modbus Exception Occurred - See Response Body
[2024-12-10T04:16:56.297Z] Error reading or processing Modbus registers: A Modbus Exception Occurred - See Response Body
[2024-12-10T04:16:56.299Z] Error reading register 6507 for IP 10.30.4.128: A Modbus Exception Occurred - See Response Body
[2024-12-10T04:16:56.300Z] Error reading actual data: A Modbus Exception Occurred - See Response Body
[2024-12-10T04:16:56.300Z] Error writing to Modbus register: A Modbus Exception Occurred - See Response Body
[2024-12-10T04:16:57.312Z] Error reading or processing Modbus registers: A Modbus Exception Occurred - See Response Body
[2024-12-10T04:16:57.314Z] Error reading register 6507 for IP 10.30.4.128: A Modbus Exception Occurred - See Response Body
[2024-12-10T04:16:57.314Z] Error reading actual data: A Modbus Exception Occurred - See Response Body
[2024-12-10T04:16:57.315Z] Error writing to Modbus register: A Modbus Exception Occurred - See Response Body
[2024-12-10T04:16:58.314Z] Error reading or processing Modbus registers: A Modbus Exception Occurred - See Response Body
[2024-12-10T04:16:58.316Z] Error reading register 6507 for IP 10.30.4.128: A Modbus Exception Occurred - See Response Body
[2024-12-10T04:16:58.317Z] Error writing to Modbus register: A Modbus Exception Occurred - See Response Body
[2024-12-10T04:16:58.317Z] Error reading actual data: A Modbus Exception Occurred - See Response Body
[2024-12-10T04:16:59.320Z] Error reading or processing Modbus registers: A Modbus Exception Occurred - See Response Body
[2024-12-10T04:16:59.323Z] Error reading register 6507 for IP 10.30.4.128: A Modbus Exception Occurred - See Response Body
[2024-12-10T04:16:59.323Z] Error reading actual data: A Modbus Exception Occurred - See Response Body
[2024-12-10T04:16:59.324Z] Error writing to Modbus register: A Modbus Exception Occurred - See Response Body
[2024-12-10T04:17:00.333Z] Error reading or processing Modbus registers: A Modbus Exception Occurred - See Response Body
[2024-12-10T04:17:00.335Z] Error reading register 6507 for IP 10.30.4.128: A Modbus Exception Occurred - See Response Body
[2024-12-10T04:17:00.336Z] Error reading actual data: A Modbus Exception Occurred - See Response Body
[2024-12-10T04:17:00.337Z] Error writing to Modbus register: A Modbus Exception Occurred - See Response Body
[2024-12-10T04:17:01.333Z] Error reading or processing Modbus registers: A Modbus Exception Occurred - See Response Body
[2024-12-10T04:17:01.335Z] Error reading register 6507 for IP 10.30.4.128: A Modbus Exception Occurred - See Response Body
[2024-12-10T04:17:01.336Z] Error reading actual data: A Modbus Exception Occurred - See Response Body
[2024-12-10T04:17:01.337Z] Error writing to Modbus register: A Modbus Exception Occurred - See Response Body
[2024-12-10T04:17:02.335Z] Error reading or processing Modbus registers: A Modbus Exception Occurred - See Response Body
[2024-12-10T04:17:02.337Z] Error reading register 6507 for IP 10.30.4.128: A Modbus Exception Occurred - See Response Body
[2024-12-10T04:17:02.337Z] Error reading actual data: A Modbus Exception Occurred - See Response Body
[2024-12-10T04:17:02.338Z] Error writing to Modbus register: A Modbus Exception Occurred - See Response Body
[2024-12-10T04:17:03.350Z] Error reading or processing Modbus registers: A Modbus Exception Occurred - See Response Body
[2024-12-10T04:17:03.352Z] Error reading register 6507 for IP 10.30.4.128: A Modbus Exception Occurred - See Response Body
[2024-12-10T04:17:03.353Z] Error reading actual data: A Modbus Exception Occurred - See Response Body
[2024-12-10T04:17:03.353Z] Error writing to Modbus register: A Modbus Exception Occurred - See Response Body
[2024-12-10T04:17:04.363Z] Error reading or processing Modbus registers: A Modbus Exception Occurred - See Response Body
[2024-12-10T04:17:04.365Z] Error reading register 6507 for IP 10.30.4.128: A Modbus Exception Occurred - See Response Body
[2024-12-10T04:17:04.366Z] Error reading actual data: A Modbus Exception Occurred - See Response Body
[2024-12-10T04:17:04.367Z] Error writing to Modbus register: A Modbus Exception Occurred - See Response Body
[2024-12-10T04:17:05.364Z] Error reading or processing Modbus registers: A Modbus Exception Occurred - See Response Body
[2024-12-10T04:17:05.366Z] Error reading register 6507 for IP 10.30.4.128: A Modbus Exception Occurred - See Response Body
[2024-12-10T04:17:05.367Z] Error reading actual data: A Modbus Exception Occurred - See Response Body
[2024-12-10T04:17:05.368Z] Error writing to Modbus register: A Modbus Exception Occurred - See Response Body
[2024-12-10T04:17:06.375Z] Error reading or processing Modbus registers: A Modbus Exception Occurred - See Response Body
[2024-12-10T04:17:06.378Z] Error reading register 6507 for IP 10.30.4.128: A Modbus Exception Occurred - See Response Body
[2024-12-10T04:17:06.378Z] Error reading actual data: A Modbus Exception Occurred - See Response Body
[2024-12-10T04:17:06.379Z] Error writing to Modbus register: A Modbus Exception Occurred - See Response Body
[2024-12-10T04:17:07.390Z] Error reading or processing Modbus registers: A Modbus Exception Occurred - See Response Body
[2024-12-10T04:17:07.392Z] Error reading register 6507 for IP 10.30.4.128: A Modbus Exception Occurred - See Response Body
[2024-12-10T04:17:07.393Z] Error reading actual data: A Modbus Exception Occurred - See Response Body
[2024-12-10T04:17:07.393Z] Error writing to Modbus register: A Modbus Exception Occurred - See Response Body
[2024-12-10T04:17:08.405Z] Error reading or processing Modbus registers: A Modbus Exception Occurred - See Response Body
[2024-12-10T04:17:08.407Z] Error reading register 6507 for IP 10.30.4.128: A Modbus Exception Occurred - See Response Body
[2024-12-10T04:17:08.408Z] Error reading actual data: A Modbus Exception Occurred - See Response Body
[2024-12-10T04:17:08.408Z] Error writing to Modbus register: A Modbus Exception Occurred - See Response Body
[2024-12-10T04:17:09.420Z] Error reading or processing Modbus registers: A Modbus Exception Occurred - See Response Body
[2024-12-10T04:17:09.422Z] Error reading register 6507 for IP 10.30.4.128: A Modbus Exception Occurred - See Response Body
[2024-12-10T04:17:09.426Z] Error reading actual data: A Modbus Exception Occurred - See Response Body
[2024-12-10T04:17:09.426Z] Error writing to Modbus register: A Modbus Exception Occurred - See Response Body
[2024-12-10T04:17:10.429Z] Error reading or processing Modbus registers: A Modbus Exception Occurred - See Response Body
[2024-12-10T04:17:10.431Z] Error reading register 6507 for IP 10.30.4.128: A Modbus Exception Occurred - See Response Body
[2024-12-10T04:17:10.432Z] Error reading actual data: A Modbus Exception Occurred - See Response Body
[2024-12-10T04:17:10.433Z] Error writing to Modbus register: A Modbus Exception Occurred - See Response Body
[2024-12-10T04:17:11.445Z] Error reading or processing Modbus registers: A Modbus Exception Occurred - See Response Body
[2024-12-10T04:17:11.447Z] Error reading register 6507 for IP 10.30.4.128: A Modbus Exception Occurred - See Response Body
[2024-12-10T04:17:11.448Z] Error reading actual data: A Modbus Exception Occurred - See Response Body
[2024-12-10T04:17:11.448Z] Error writing to Modbus register: A Modbus Exception Occurred - See Response Body
[2024-12-10T04:17:12.458Z] Error reading or processing Modbus registers: A Modbus Exception Occurred - See Response Body
[2024-12-10T04:17:12.460Z] Error reading register 6507 for IP 10.30.4.128: A Modbus Exception Occurred - See Response Body
[2024-12-10T04:17:12.461Z] Error reading actual data: A Modbus Exception Occurred - See Response Body
[2024-12-10T04:17:12.461Z] Error writing to Modbus register: A Modbus Exception Occurred - See Response Body
[2024-12-10T04:17:13.472Z] Error reading or processing Modbus registers: A Modbus Exception Occurred - See Response Body
[2024-12-10T04:17:13.474Z] Error reading register 6507 for IP 10.30.4.128: A Modbus Exception Occurred - See Response Body
[2024-12-10T04:17:13.475Z] Error reading actual data: A Modbus Exception Occurred - See Response Body
[2024-12-10T04:17:13.475Z] Error writing to Modbus register: A Modbus Exception Occurred - See Response Body
[2024-12-10T04:17:14.472Z] Error reading or processing Modbus registers: A Modbus Exception Occurred - See Response Body
[2024-12-10T04:17:14.474Z] Error reading register 6507 for IP 10.30.4.128: A Modbus Exception Occurred - See Response Body
[2024-12-10T04:17:14.474Z] Error reading actual data: A Modbus Exception Occurred - See Response Body
[2024-12-10T04:17:14.475Z] Error writing to Modbus register: A Modbus Exception Occurred - See Response Body
[2024-12-10T04:17:15.484Z] Error reading or processing Modbus registers: A Modbus Exception Occurred - See Response Body
[2024-12-10T04:17:15.487Z] Error reading register 6507 for IP 10.30.4.128: A Modbus Exception Occurred - See Response Body
[2024-12-10T04:17:15.487Z] Error reading actual data: A Modbus Exception Occurred - See Response Body
[2024-12-10T04:17:15.488Z] Error writing to Modbus register: A Modbus Exception Occurred - See Response Body
[2024-12-10T04:17:16.497Z] Error reading or processing Modbus registers: A Modbus Exception Occurred - See Response Body
[2024-12-10T04:17:16.499Z] Error reading register 6507 for IP 10.30.4.128: A Modbus Exception Occurred - See Response Body
[2024-12-10T04:17:16.500Z] Error reading actual data: A Modbus Exception Occurred - See Response Body
[2024-12-10T04:17:16.500Z] Error writing to Modbus register: A Modbus Exception Occurred - See Response Body
[2024-12-10T04:17:17.510Z] Error reading or processing Modbus registers: A Modbus Exception Occurred - See Response Body
[2024-12-10T04:17:17.513Z] Error reading register 6507 for IP 10.30.4.128: A Modbus Exception Occurred - See Response Body
[2024-12-10T04:17:17.513Z] Error reading actual data: A Modbus Exception Occurred - See Response Body
[2024-12-10T04:17:17.514Z] Error writing to Modbus register: A Modbus Exception Occurred - See Response Body
[2024-12-10T04:17:18.514Z] Error reading or processing Modbus registers: A Modbus Exception Occurred - See Response Body
[2024-12-10T04:17:18.517Z] Error reading register 6507 for IP 10.30.4.128: A Modbus Exception Occurred - See Response Body
[2024-12-10T04:17:18.517Z] Error reading actual data: A Modbus Exception Occurred - See Response Body
[2024-12-10T04:17:18.518Z] Error writing to Modbus register: A Modbus Exception Occurred - See Response Body
[2024-12-10T04:17:19.526Z] Error reading or processing Modbus registers: A Modbus Exception Occurred - See Response Body
[2024-12-10T04:17:19.529Z] Error reading register 6507 for IP 10.30.4.128: A Modbus Exception Occurred - See Response Body
[2024-12-10T04:17:19.529Z] Error reading actual data: A Modbus Exception Occurred - See Response Body
[2024-12-10T04:17:19.530Z] Error writing to Modbus register: A Modbus Exception Occurred - See Response Body
[2024-12-10T04:17:20.527Z] Error reading or processing Modbus registers: A Modbus Exception Occurred - See Response Body
[2024-12-10T04:17:20.529Z] Error reading register 6507 for IP 10.30.4.128: A Modbus Exception Occurred - See Response Body
[2024-12-10T04:17:20.530Z] Error reading actual data: A Modbus Exception Occurred - See Response Body
[2024-12-10T04:17:20.530Z] Error writing to Modbus register: A Modbus Exception Occurred - See Response Body
[2024-12-10T04:17:21.539Z] Error reading or processing Modbus registers: A Modbus Exception Occurred - See Response Body
[2024-12-10T04:17:21.541Z] Error reading register 6507 for IP 10.30.4.128: A Modbus Exception Occurred - See Response Body
[2024-12-10T04:17:21.542Z] Error reading actual data: A Modbus Exception Occurred - See Response Body
[2024-12-10T04:17:21.543Z] Error writing to Modbus register: A Modbus Exception Occurred - See Response Body
[2024-12-10T04:17:22.549Z] Error reading or processing Modbus registers: A Modbus Exception Occurred - See Response Body
[2024-12-10T04:17:22.551Z] Error reading register 6507 for IP 10.30.4.128: A Modbus Exception Occurred - See Response Body
[2024-12-10T04:17:22.552Z] Error reading actual data: A Modbus Exception Occurred - See Response Body
[2024-12-10T04:17:22.553Z] Error writing to Modbus register: A Modbus Exception Occurred - See Response Body
[2024-12-10T04:17:23.564Z] Error reading or processing Modbus registers: A Modbus Exception Occurred - See Response Body
[2024-12-10T04:17:23.566Z] Error reading register 6507 for IP 10.30.4.128: A Modbus Exception Occurred - See Response Body
[2024-12-10T04:17:23.566Z] Error reading actual data: A Modbus Exception Occurred - See Response Body
[2024-12-10T04:17:23.568Z] Error writing to Modbus register: A Modbus Exception Occurred - See Response Body
[2024-12-10T04:17:24.574Z] Error reading or processing Modbus registers: A Modbus Exception Occurred - See Response Body
[2024-12-10T04:17:24.577Z] Error reading register 6507 for IP 10.30.4.128: A Modbus Exception Occurred - See Response Body
[2024-12-10T04:17:24.577Z] Error reading actual data: A Modbus Exception Occurred - See Response Body
[2024-12-10T04:17:24.578Z] Error writing to Modbus register: A Modbus Exception Occurred - See Response Body
[2024-12-10T04:17:25.582Z] Error reading or processing Modbus registers: A Modbus Exception Occurred - See Response Body
[2024-12-10T04:17:25.584Z] Error reading register 6507 for IP 10.30.4.128: A Modbus Exception Occurred - See Response Body
[2024-12-10T04:17:25.585Z] Error reading actual data: A Modbus Exception Occurred - See Response Body
[2024-12-10T04:17:25.585Z] Error writing to Modbus register: A Modbus Exception Occurred - See Response Body
[2024-12-10T04:17:26.595Z] Error reading or processing Modbus registers: A Modbus Exception Occurred - See Response Body
[2024-12-10T04:17:26.597Z] Error reading register 6507 for IP 10.30.4.128: A Modbus Exception Occurred - See Response Body
[2024-12-10T04:17:26.598Z] Error reading actual data: A Modbus Exception Occurred - See Response Body
[2024-12-10T04:17:26.599Z] Error writing to Modbus register: A Modbus Exception Occurred - See Response Body
[2024-12-10T04:17:27.608Z] Error reading or processing Modbus registers: A Modbus Exception Occurred - See Response Body
[2024-12-10T04:17:27.610Z] Error reading register 6507 for IP 10.30.4.128: A Modbus Exception Occurred - See Response Body
[2024-12-10T04:17:27.610Z] Error reading actual data: A Modbus Exception Occurred - See Response Body
[2024-12-10T04:17:27.611Z] Error writing to Modbus register: A Modbus Exception Occurred - See Response Body
[2024-12-10T04:17:28.611Z] Error reading or processing Modbus registers: A Modbus Exception Occurred - See Response Body
[2024-12-10T04:17:28.613Z] Error reading register 6507 for IP 10.30.4.128: A Modbus Exception Occurred - See Response Body
[2024-12-10T04:17:28.614Z] Error reading actual data: A Modbus Exception Occurred - See Response Body
[2024-12-10T04:17:28.614Z] Error writing to Modbus register: A Modbus Exception Occurred - See Response Body
[2024-12-10T04:17:29.623Z] Error reading or processing Modbus registers: A Modbus Exception Occurred - See Response Body
[2024-12-10T04:17:29.625Z] Error reading register 6507 for IP 10.30.4.128: A Modbus Exception Occurred - See Response Body
[2024-12-10T04:17:29.626Z] Error reading actual data: A Modbus Exception Occurred - See Response Body
[2024-12-10T04:17:29.626Z] Error writing to Modbus register: A Modbus Exception Occurred - See Response Body
[2024-12-10T04:17:30.631Z] Error reading or processing Modbus registers: A Modbus Exception Occurred - See Response Body
[2024-12-10T04:17:30.633Z] Error reading register 6507 for IP 10.30.4.128: A Modbus Exception Occurred - See Response Body
[2024-12-10T04:17:30.634Z] Error reading actual data: A Modbus Exception Occurred - See Response Body
[2024-12-10T04:17:30.634Z] Error writing to Modbus register: A Modbus Exception Occurred - See Response Body
[2024-12-10T04:17:31.643Z] Error reading or processing Modbus registers: A Modbus Exception Occurred - See Response Body
[2024-12-10T04:17:31.645Z] Error reading register 6507 for IP 10.30.4.128: A Modbus Exception Occurred - See Response Body
[2024-12-10T04:17:31.645Z] Error reading actual data: A Modbus Exception Occurred - See Response Body
[2024-12-10T04:17:31.646Z] Error writing to Modbus register: A Modbus Exception Occurred - See Response Body
[2024-12-10T04:17:32.657Z] Error reading or processing Modbus registers: A Modbus Exception Occurred - See Response Body
[2024-12-10T04:17:32.659Z] Error reading register 6507 for IP 10.30.4.128: A Modbus Exception Occurred - See Response Body
[2024-12-10T04:17:32.660Z] Error reading actual data: A Modbus Exception Occurred - See Response Body
[2024-12-10T04:17:32.660Z] Error writing to Modbus register: A Modbus Exception Occurred - See Response Body
[2024-12-10T04:17:33.670Z] Error reading or processing Modbus registers: A Modbus Exception Occurred - See Response Body
[2024-12-10T04:17:33.673Z] Error reading register 6507 for IP 10.30.4.128: A Modbus Exception Occurred - See Response Body
[2024-12-10T04:17:33.674Z] Error reading actual data: A Modbus Exception Occurred - See Response Body
[2024-12-10T04:17:33.674Z] Error writing to Modbus register: A Modbus Exception Occurred - See Response Body
[2024-12-10T04:17:34.680Z] Error reading or processing Modbus registers: A Modbus Exception Occurred - See Response Body
[2024-12-10T04:17:34.683Z] Error reading register 6507 for IP 10.30.4.128: A Modbus Exception Occurred - See Response Body
[2024-12-10T04:17:34.684Z] Error reading actual data: A Modbus Exception Occurred - See Response Body
[2024-12-10T04:17:34.684Z] Error writing to Modbus register: A Modbus Exception Occurred - See Response Body
[2024-12-10T04:17:35.689Z] Error reading or processing Modbus registers: A Modbus Exception Occurred - See Response Body
[2024-12-10T04:17:35.691Z] Error reading register 6507 for IP 10.30.4.128: A Modbus Exception Occurred - See Response Body
[2024-12-10T04:17:35.691Z] Error reading actual data: A Modbus Exception Occurred - See Response Body
[2024-12-10T04:17:35.692Z] Error writing to Modbus register: A Modbus Exception Occurred - See Response Body
[2024-12-10T04:17:36.704Z] Error reading or processing Modbus registers: A Modbus Exception Occurred - See Response Body
[2024-12-10T04:17:36.706Z] Error reading register 6507 for IP 10.30.4.128: A Modbus Exception Occurred - See Response Body
[2024-12-10T04:17:36.707Z] Error reading actual data: A Modbus Exception Occurred - See Response Body
[2024-12-10T04:17:36.707Z] Error writing to Modbus register: A Modbus Exception Occurred - See Response Body
[2024-12-10T04:17:37.713Z] Error reading or processing Modbus registers: A Modbus Exception Occurred - See Response Body
[2024-12-10T04:17:37.716Z] Error reading register 6507 for IP 10.30.4.128: A Modbus Exception Occurred - See Response Body
[2024-12-10T04:17:37.717Z] Error reading actual data: A Modbus Exception Occurred - See Response Body
[2024-12-10T04:17:37.718Z] Error writing to Modbus register: A Modbus Exception Occurred - See Response Body
[2024-12-10T04:17:38.728Z] Error reading or processing Modbus registers: A Modbus Exception Occurred - See Response Body
[2024-12-10T04:17:38.730Z] Error reading register 6507 for IP 10.30.4.128: A Modbus Exception Occurred - See Response Body
[2024-12-10T04:17:38.731Z] Error reading actual data: A Modbus Exception Occurred - See Response Body
[2024-12-10T04:17:38.731Z] Error writing to Modbus register: A Modbus Exception Occurred - See Response Body
[2024-12-10T04:17:39.740Z] Error reading or processing Modbus registers: A Modbus Exception Occurred - See Response Body
[2024-12-10T04:17:39.743Z] Error reading register 6507 for IP 10.30.4.128: A Modbus Exception Occurred - See Response Body
[2024-12-10T04:17:39.743Z] Error reading actual data: A Modbus Exception Occurred - See Response Body
[2024-12-10T04:17:39.743Z] Error writing to Modbus register: A Modbus Exception Occurred - See Response Body
[2024-12-10T04:17:40.755Z] Error reading or processing Modbus registers: A Modbus Exception Occurred - See Response Body
[2024-12-10T04:17:40.757Z] Error reading register 6507 for IP 10.30.4.128: A Modbus Exception Occurred - See Response Body
[2024-12-10T04:17:40.758Z] Error reading actual data: A Modbus Exception Occurred - See Response Body
[2024-12-10T04:17:40.759Z] Error writing to Modbus register: A Modbus Exception Occurred - See Response Body
[2024-12-10T04:17:41.770Z] Error reading or processing Modbus registers: A Modbus Exception Occurred - See Response Body
[2024-12-10T04:17:41.772Z] Error reading register 6507 for IP 10.30.4.128: A Modbus Exception Occurred - See Response Body
[2024-12-10T04:17:41.773Z] Error reading actual data: A Modbus Exception Occurred - See Response Body
[2024-12-10T04:17:41.774Z] Error writing to Modbus register: A Modbus Exception Occurred - See Response Body
[2024-12-10T04:17:42.783Z] Error reading or processing Modbus registers: A Modbus Exception Occurred - See Response Body
[2024-12-10T04:17:42.785Z] Error reading register 6507 for IP 10.30.4.128: A Modbus Exception Occurred - See Response Body
[2024-12-10T04:17:42.786Z] Error reading actual data: A Modbus Exception Occurred - See Response Body
[2024-12-10T04:17:42.787Z] Error writing to Modbus register: A Modbus Exception Occurred - See Response Body
[2024-12-10T04:17:43.794Z] Error reading or processing Modbus registers: A Modbus Exception Occurred - See Response Body
[2024-12-10T04:17:43.796Z] Error reading register 6507 for IP 10.30.4.128: A Modbus Exception Occurred - See Response Body
[2024-12-10T04:17:43.797Z] Error reading actual data: A Modbus Exception Occurred - See Response Body
[2024-12-10T04:17:43.798Z] Error writing to Modbus register: A Modbus Exception Occurred - See Response Body
[2024-12-10T04:17:44.794Z] Error reading or processing Modbus registers: A Modbus Exception Occurred - See Response Body
[2024-12-10T04:17:44.796Z] Error reading register 6507 for IP 10.30.4.128: A Modbus Exception Occurred - See Response Body
[2024-12-10T04:17:44.797Z] Error reading actual data: A Modbus Exception Occurred - See Response Body
[2024-12-10T04:17:44.798Z] Error writing to Modbus register: A Modbus Exception Occurred - See Response Body
[2024-12-10T04:17:45.796Z] Error reading or processing Modbus registers: A Modbus Exception Occurred - See Response Body
[2024-12-10T04:17:45.798Z] Error reading register 6507 for IP 10.30.4.128: A Modbus Exception Occurred - See Response Body
[2024-12-10T04:17:45.799Z] Error reading actual data: A Modbus Exception Occurred - See Response Body
[2024-12-10T04:17:45.800Z] Error writing to Modbus register: A Modbus Exception Occurred - See Response Body
[2024-12-10T04:17:46.804Z] Error reading or processing Modbus registers: A Modbus Exception Occurred - See Response Body
[2024-12-10T04:17:46.806Z] Error reading register 6507 for IP 10.30.4.128: A Modbus Exception Occurred - See Response Body
[2024-12-10T04:17:46.806Z] Error reading actual data: A Modbus Exception Occurred - See Response Body
[2024-12-10T04:17:46.807Z] Error writing to Modbus register: A Modbus Exception Occurred - See Response Body
[2024-12-10T04:17:47.819Z] Error reading or processing Modbus registers: A Modbus Exception Occurred - See Response Body
[2024-12-10T04:17:47.821Z] Error reading register 6507 for IP 10.30.4.128: A Modbus Exception Occurred - See Response Body
[2024-12-10T04:17:47.822Z] Error reading actual data: A Modbus Exception Occurred - See Response Body
[2024-12-10T04:17:47.823Z] Error writing to Modbus register: A Modbus Exception Occurred - See Response Body
[2024-12-10T04:17:48.833Z] Error reading or processing Modbus registers: A Modbus Exception Occurred - See Response Body
[2024-12-10T04:17:48.835Z] Error reading register 6507 for IP 10.30.4.128: A Modbus Exception Occurred - See Response Body
[2024-12-10T04:17:48.835Z] Error reading actual data: A Modbus Exception Occurred - See Response Body
[2024-12-10T04:17:48.836Z] Error writing to Modbus register: A Modbus Exception Occurred - See Response Body
[2024-12-10T04:17:49.845Z] Error reading or processing Modbus registers: A Modbus Exception Occurred - See Response Body
[2024-12-10T04:17:49.848Z] Error reading register 6507 for IP 10.30.4.128: A Modbus Exception Occurred - See Response Body
[2024-12-10T04:17:49.848Z] Error reading actual data: A Modbus Exception Occurred - See Response Body
[2024-12-10T04:17:49.849Z] Error writing to Modbus register: A Modbus Exception Occurred - See Response Body
[2024-12-10T04:17:50.854Z] Error reading or processing Modbus registers: A Modbus Exception Occurred - See Response Body
[2024-12-10T04:17:50.856Z] Error reading register 6507 for IP 10.30.4.128: A Modbus Exception Occurred - See Response Body
[2024-12-10T04:17:50.857Z] Error reading actual data: A Modbus Exception Occurred - See Response Body
[2024-12-10T04:17:50.857Z] Error writing to Modbus register: A Modbus Exception Occurred - See Response Body
[2024-12-10T04:17:51.862Z] Error reading or processing Modbus registers: A Modbus Exception Occurred - See Response Body
[2024-12-10T04:17:51.864Z] Error reading register 6507 for IP 10.30.4.128: A Modbus Exception Occurred - See Response Body
[2024-12-10T04:17:51.865Z] Error reading actual data: A Modbus Exception Occurred - See Response Body
[2024-12-10T04:17:51.865Z] Error writing to Modbus register: A Modbus Exception Occurred - See Response Body
[2024-12-10T04:17:52.875Z] Error reading or processing Modbus registers: A Modbus Exception Occurred - See Response Body
[2024-12-10T04:17:52.878Z] Error reading register 6507 for IP 10.30.4.128: A Modbus Exception Occurred - See Response Body
[2024-12-10T04:17:52.878Z] Error reading actual data: A Modbus Exception Occurred - See Response Body
[2024-12-10T04:17:52.879Z] Error writing to Modbus register: A Modbus Exception Occurred - See Response Body
[2024-12-10T04:17:53.888Z] Error reading or processing Modbus registers: A Modbus Exception Occurred - See Response Body
[2024-12-10T04:17:53.890Z] Error reading register 6507 for IP 10.30.4.128: A Modbus Exception Occurred - See Response Body
[2024-12-10T04:17:53.891Z] Error reading actual data: A Modbus Exception Occurred - See Response Body
[2024-12-10T04:17:53.891Z] Error writing to Modbus register: A Modbus Exception Occurred - See Response Body
[2024-12-10T04:17:54.902Z] Error reading or processing Modbus registers: A Modbus Exception Occurred - See Response Body
[2024-12-10T04:17:54.904Z] Error reading register 6507 for IP 10.30.4.128: A Modbus Exception Occurred - See Response Body
[2024-12-10T04:17:54.905Z] Error reading actual data: A Modbus Exception Occurred - See Response Body
[2024-12-10T04:17:54.906Z] Error writing to Modbus register: A Modbus Exception Occurred - See Response Body
[2024-12-10T04:17:55.913Z] Error reading or processing Modbus registers: A Modbus Exception Occurred - See Response Body
[2024-12-10T04:17:55.915Z] Error reading register 6507 for IP 10.30.4.128: A Modbus Exception Occurred - See Response Body
[2024-12-10T04:17:55.916Z] Error reading actual data: A Modbus Exception Occurred - See Response Body
[2024-12-10T04:17:55.916Z] Error writing to Modbus register: A Modbus Exception Occurred - See Response Body
[2024-12-10T04:17:56.926Z] Error reading or processing Modbus registers: A Modbus Exception Occurred - See Response Body
[2024-12-10T04:17:56.928Z] Error reading register 6507 for IP 10.30.4.128: A Modbus Exception Occurred - See Response Body
[2024-12-10T04:17:56.929Z] Error reading actual data: A Modbus Exception Occurred - See Response Body
[2024-12-10T04:17:56.929Z] Error writing to Modbus register: A Modbus Exception Occurred - See Response Body
[2024-12-10T04:17:57.940Z] Error reading or processing Modbus registers: A Modbus Exception Occurred - See Response Body
[2024-12-10T04:17:57.943Z] Error reading register 6507 for IP 10.30.4.128: A Modbus Exception Occurred - See Response Body
[2024-12-10T04:17:57.944Z] Error reading actual data: A Modbus Exception Occurred - See Response Body
[2024-12-10T04:17:57.944Z] Error writing to Modbus register: A Modbus Exception Occurred - See Response Body
[2024-12-10T04:17:58.949Z] Error reading or processing Modbus registers: A Modbus Exception Occurred - See Response Body
[2024-12-10T04:17:58.951Z] Error reading register 6507 for IP 10.30.4.128: A Modbus Exception Occurred - See Response Body
[2024-12-10T04:17:58.951Z] Error reading actual data: A Modbus Exception Occurred - See Response Body
[2024-12-10T04:17:58.952Z] Error writing to Modbus register: A Modbus Exception Occurred - See Response Body
[2024-12-10T04:17:59.959Z] Error reading or processing Modbus registers: A Modbus Exception Occurred - See Response Body
[2024-12-10T04:17:59.962Z] Error reading register 6507 for IP 10.30.4.128: A Modbus Exception Occurred - See Response Body
[2024-12-10T04:17:59.963Z] Error reading actual data: A Modbus Exception Occurred - See Response Body
[2024-12-10T04:17:59.963Z] Error writing to Modbus register: A Modbus Exception Occurred - See Response Body
[2024-12-10T04:18:00.973Z] Error reading or processing Modbus registers: A Modbus Exception Occurred - See Response Body
[2024-12-10T04:18:00.976Z] Error reading register 6507 for IP 10.30.4.128: A Modbus Exception Occurred - See Response Body
[2024-12-10T04:18:00.976Z] Error reading actual data: A Modbus Exception Occurred - See Response Body
[2024-12-10T04:18:00.979Z] Error writing to Modbus register: A Modbus Exception Occurred - See Response Body
[2024-12-10T04:18:01.985Z] Error reading or processing Modbus registers: A Modbus Exception Occurred - See Response Body
[2024-12-10T04:18:01.987Z] Error reading register 6507 for IP 10.30.4.128: A Modbus Exception Occurred - See Response Body
[2024-12-10T04:18:01.988Z] Error reading actual data: A Modbus Exception Occurred - See Response Body
[2024-12-10T04:18:01.989Z] Error writing to Modbus register: A Modbus Exception Occurred - See Response Body
[2024-12-10T04:18:02.999Z] Error reading or processing Modbus registers: A Modbus Exception Occurred - See Response Body
[2024-12-10T04:18:03.001Z] Error reading register 6507 for IP 10.30.4.128: A Modbus Exception Occurred - See Response Body
[2024-12-10T04:18:03.002Z] Error reading actual data: A Modbus Exception Occurred - See Response Body
[2024-12-10T04:18:03.002Z] Error writing to Modbus register: A Modbus Exception Occurred - See Response Body
[2024-12-10T04:18:04.010Z] Error reading or processing Modbus registers: A Modbus Exception Occurred - See Response Body
[2024-12-10T04:18:04.012Z] Error reading register 6507 for IP 10.30.4.128: A Modbus Exception Occurred - See Response Body
[2024-12-10T04:18:04.012Z] Error reading actual data: A Modbus Exception Occurred - See Response Body
[2024-12-10T04:18:04.013Z] Error writing to Modbus register: A Modbus Exception Occurred - See Response Body
[2024-12-10T04:18:05.024Z] Error reading or processing Modbus registers: A Modbus Exception Occurred - See Response Body
[2024-12-10T04:18:05.026Z] Error reading register 6507 for IP 10.30.4.128: A Modbus Exception Occurred - See Response Body
[2024-12-10T04:18:05.026Z] Error reading actual data: A Modbus Exception Occurred - See Response Body
[2024-12-10T04:18:05.027Z] Error writing to Modbus register: A Modbus Exception Occurred - See Response Body
[2024-12-10T04:18:06.035Z] Error reading or processing Modbus registers: A Modbus Exception Occurred - See Response Body
[2024-12-10T04:18:06.037Z] Error reading register 6507 for IP 10.30.4.128: A Modbus Exception Occurred - See Response Body
[2024-12-10T04:18:06.038Z] Error reading actual data: A Modbus Exception Occurred - See Response Body
[2024-12-10T04:18:06.039Z] Error writing to Modbus register: A Modbus Exception Occurred - See Response Body
[2024-12-10T04:18:07.045Z] Error reading or processing Modbus registers: A Modbus Exception Occurred - See Response Body
[2024-12-10T04:18:07.047Z] Error reading register 6507 for IP 10.30.4.128: A Modbus Exception Occurred - See Response Body
[2024-12-10T04:18:07.048Z] Error reading actual data: A Modbus Exception Occurred - See Response Body
[2024-12-10T04:18:07.049Z] Error writing to Modbus register: A Modbus Exception Occurred - See Response Body
[2024-12-10T04:18:08.059Z] Error reading or processing Modbus registers: A Modbus Exception Occurred - See Response Body
[2024-12-10T04:18:08.062Z] Error reading register 6507 for IP 10.30.4.128: A Modbus Exception Occurred - See Response Body
[2024-12-10T04:18:08.062Z] Error reading actual data: A Modbus Exception Occurred - See Response Body
[2024-12-10T04:18:08.063Z] Error writing to Modbus register: A Modbus Exception Occurred - See Response Body
[2024-12-10T04:18:09.072Z] Error reading or processing Modbus registers: A Modbus Exception Occurred - See Response Body
[2024-12-10T04:18:09.075Z] Error reading register 6507 for IP 10.30.4.128: A Modbus Exception Occurred - See Response Body
[2024-12-10T04:18:09.075Z] Error reading actual data: A Modbus Exception Occurred - See Response Body
[2024-12-10T04:18:09.076Z] Error writing to Modbus register: A Modbus Exception Occurred - See Response Body
[2024-12-10T04:18:10.084Z] Error reading or processing Modbus registers: A Modbus Exception Occurred - See Response Body
[2024-12-10T04:18:10.087Z] Error reading register 6507 for IP 10.30.4.128: A Modbus Exception Occurred - See Response Body
[2024-12-10T04:18:10.087Z] Error reading actual data: A Modbus Exception Occurred - See Response Body
[2024-12-10T04:18:10.088Z] Error writing to Modbus register: A Modbus Exception Occurred - See Response Body
[2024-12-10T04:18:11.099Z] Error reading or processing Modbus registers: A Modbus Exception Occurred - See Response Body
[2024-12-10T04:18:11.102Z] Error reading register 6507 for IP 10.30.4.128: A Modbus Exception Occurred - See Response Body
[2024-12-10T04:18:11.102Z] Error reading actual data: A Modbus Exception Occurred - See Response Body
[2024-12-10T04:18:11.103Z] Error writing to Modbus register: A Modbus Exception Occurred - See Response Body
[2024-12-10T04:18:12.112Z] Error reading or processing Modbus registers: A Modbus Exception Occurred - See Response Body
[2024-12-10T04:18:12.114Z] Error reading register 6507 for IP 10.30.4.128: A Modbus Exception Occurred - See Response Body
[2024-12-10T04:18:12.115Z] Error reading actual data: A Modbus Exception Occurred - See Response Body
[2024-12-10T04:18:12.115Z] Error writing to Modbus register: A Modbus Exception Occurred - See Response Body
[2024-12-10T04:18:13.113Z] Error reading or processing Modbus registers: A Modbus Exception Occurred - See Response Body
[2024-12-10T04:18:13.115Z] Error reading register 6507 for IP 10.30.4.128: A Modbus Exception Occurred - See Response Body
[2024-12-10T04:18:13.116Z] Error reading actual data: A Modbus Exception Occurred - See Response Body
[2024-12-10T04:18:13.117Z] Error writing to Modbus register: A Modbus Exception Occurred - See Response Body
[2024-12-10T04:18:14.124Z] Error reading or processing Modbus registers: A Modbus Exception Occurred - See Response Body
[2024-12-10T04:18:14.126Z] Error reading register 6507 for IP 10.30.4.128: A Modbus Exception Occurred - See Response Body
[2024-12-10T04:18:14.127Z] Error reading actual data: A Modbus Exception Occurred - See Response Body
[2024-12-10T04:18:14.128Z] Error writing to Modbus register: A Modbus Exception Occurred - See Response Body
[2024-12-10T04:18:15.136Z] Error reading or processing Modbus registers: A Modbus Exception Occurred - See Response Body
[2024-12-10T04:18:15.138Z] Error reading register 6507 for IP 10.30.4.128: A Modbus Exception Occurred - See Response Body
[2024-12-10T04:18:15.139Z] Error reading actual data: A Modbus Exception Occurred - See Response Body
[2024-12-10T04:18:15.139Z] Error writing to Modbus register: A Modbus Exception Occurred - See Response Body
[2024-12-10T04:18:16.150Z] Error reading or processing Modbus registers: A Modbus Exception Occurred - See Response Body
[2024-12-10T04:18:16.152Z] Error reading register 6507 for IP 10.30.4.128: A Modbus Exception Occurred - See Response Body
[2024-12-10T04:18:16.153Z] Error reading actual data: A Modbus Exception Occurred - See Response Body
[2024-12-10T04:18:16.154Z] Error writing to Modbus register: A Modbus Exception Occurred - See Response Body
[2024-12-10T04:18:17.162Z] Error reading or processing Modbus registers: A Modbus Exception Occurred - See Response Body
[2024-12-10T04:18:17.164Z] Error reading register 6507 for IP 10.30.4.128: A Modbus Exception Occurred - See Response Body
[2024-12-10T04:18:17.164Z] Error reading actual data: A Modbus Exception Occurred - See Response Body
[2024-12-10T04:18:17.165Z] Error writing to Modbus register: A Modbus Exception Occurred - See Response Body
[2024-12-10T04:18:18.177Z] Error reading or processing Modbus registers: A Modbus Exception Occurred - See Response Body
[2024-12-10T04:18:18.182Z] Error reading register 6507 for IP 10.30.4.128: A Modbus Exception Occurred - See Response Body
[2024-12-10T04:18:18.183Z] Error reading actual data: A Modbus Exception Occurred - See Response Body
[2024-12-10T04:18:18.183Z] Error writing to Modbus register: A Modbus Exception Occurred - See Response Body
[2024-12-10T04:18:19.190Z] Error reading or processing Modbus registers: A Modbus Exception Occurred - See Response Body
[2024-12-10T04:18:19.192Z] Error reading register 6507 for IP 10.30.4.128: A Modbus Exception Occurred - See Response Body
[2024-12-10T04:18:19.193Z] Error reading actual data: A Modbus Exception Occurred - See Response Body
[2024-12-10T04:18:19.193Z] Error writing to Modbus register: A Modbus Exception Occurred - See Response Body
[2024-12-10T04:18:20.200Z] Error reading or processing Modbus registers: A Modbus Exception Occurred - See Response Body
[2024-12-10T04:18:20.202Z] Error reading register 6507 for IP 10.30.4.128: A Modbus Exception Occurred - See Response Body
[2024-12-10T04:18:20.203Z] Error reading actual data: A Modbus Exception Occurred - See Response Body
[2024-12-10T04:18:20.203Z] Error writing to Modbus register: A Modbus Exception Occurred - See Response Body
[2024-12-10T04:18:21.200Z] Error reading or processing Modbus registers: A Modbus Exception Occurred - See Response Body
[2024-12-10T04:18:21.203Z] Error reading register 6507 for IP 10.30.4.128: A Modbus Exception Occurred - See Response Body
[2024-12-10T04:18:21.204Z] Error reading actual data: A Modbus Exception Occurred - See Response Body
[2024-12-10T04:18:21.204Z] Error writing to Modbus register: A Modbus Exception Occurred - See Response Body
[2024-12-10T04:18:22.212Z] Error reading or processing Modbus registers: A Modbus Exception Occurred - See Response Body
[2024-12-10T04:18:22.214Z] Error reading register 6507 for IP 10.30.4.128: A Modbus Exception Occurred - See Response Body
[2024-12-10T04:18:22.215Z] Error reading actual data: A Modbus Exception Occurred - See Response Body
[2024-12-10T04:18:22.215Z] Error writing to Modbus register: A Modbus Exception Occurred - See Response Body
[2024-12-10T04:18:23.226Z] Error reading or processing Modbus registers: A Modbus Exception Occurred - See Response Body
[2024-12-10T04:18:23.228Z] Error reading register 6507 for IP 10.30.4.128: A Modbus Exception Occurred - See Response Body
[2024-12-10T04:18:23.229Z] Error reading actual data: A Modbus Exception Occurred - See Response Body
[2024-12-10T04:18:23.229Z] Error writing to Modbus register: A Modbus Exception Occurred - See Response Body
[2024-12-10T04:18:24.238Z] Error reading or processing Modbus registers: A Modbus Exception Occurred - See Response Body
[2024-12-10T04:18:24.240Z] Error reading register 6507 for IP 10.30.4.128: A Modbus Exception Occurred - See Response Body
[2024-12-10T04:18:24.241Z] Error reading actual data: A Modbus Exception Occurred - See Response Body
[2024-12-10T04:18:24.241Z] Error writing to Modbus register: A Modbus Exception Occurred - See Response Body
[2024-12-10T04:18:25.252Z] Error reading or processing Modbus registers: A Modbus Exception Occurred - See Response Body
[2024-12-10T04:18:25.254Z] Error reading register 6507 for IP 10.30.4.128: A Modbus Exception Occurred - See Response Body
[2024-12-10T04:18:25.255Z] Error reading actual data: A Modbus Exception Occurred - See Response Body
[2024-12-10T04:18:25.255Z] Error writing to Modbus register: A Modbus Exception Occurred - See Response Body
[2024-12-10T04:18:26.263Z] Error reading or processing Modbus registers: A Modbus Exception Occurred - See Response Body
[2024-12-10T04:18:26.265Z] Error reading register 6507 for IP 10.30.4.128: A Modbus Exception Occurred - See Response Body
[2024-12-10T04:18:26.266Z] Error reading actual data: A Modbus Exception Occurred - See Response Body
[2024-12-10T04:18:26.266Z] Error writing to Modbus register: A Modbus Exception Occurred - See Response Body
[2024-12-10T04:18:27.277Z] Error reading or processing Modbus registers: A Modbus Exception Occurred - See Response Body
[2024-12-10T04:18:27.280Z] Error reading register 6507 for IP 10.30.4.128: A Modbus Exception Occurred - See Response Body
[2024-12-10T04:18:27.280Z] Error reading actual data: A Modbus Exception Occurred - See Response Body
[2024-12-10T04:18:27.281Z] Error writing to Modbus register: A Modbus Exception Occurred - See Response Body
[2024-12-10T04:18:28.289Z] Error reading or processing Modbus registers: A Modbus Exception Occurred - See Response Body
[2024-12-10T04:18:28.291Z] Error reading register 6507 for IP 10.30.4.128: A Modbus Exception Occurred - See Response Body
[2024-12-10T04:18:28.291Z] Error reading actual data: A Modbus Exception Occurred - See Response Body
[2024-12-10T04:18:28.292Z] Error writing to Modbus register: A Modbus Exception Occurred - See Response Body
[2024-12-10T04:18:29.303Z] Error reading or processing Modbus registers: A Modbus Exception Occurred - See Response Body
[2024-12-10T04:18:29.305Z] Error reading register 6507 for IP 10.30.4.128: A Modbus Exception Occurred - See Response Body
[2024-12-10T04:18:29.306Z] Error reading actual data: A Modbus Exception Occurred - See Response Body
[2024-12-10T04:18:29.307Z] Error writing to Modbus register: A Modbus Exception Occurred - See Response Body
[2024-12-10T04:18:30.314Z] Error reading or processing Modbus registers: A Modbus Exception Occurred - See Response Body
[2024-12-10T04:18:30.316Z] Error reading register 6507 for IP 10.30.4.128: A Modbus Exception Occurred - See Response Body
[2024-12-10T04:18:30.317Z] Error reading actual data: A Modbus Exception Occurred - See Response Body
[2024-12-10T04:18:30.318Z] Error writing to Modbus register: A Modbus Exception Occurred - See Response Body
[2024-12-10T04:18:31.323Z] Error reading or processing Modbus registers: A Modbus Exception Occurred - See Response Body
[2024-12-10T04:18:31.326Z] Error reading register 6507 for IP 10.30.4.128: A Modbus Exception Occurred - See Response Body
[2024-12-10T04:18:31.326Z] Error reading actual data: A Modbus Exception Occurred - See Response Body
[2024-12-10T04:18:31.327Z] Error writing to Modbus register: A Modbus Exception Occurred - See Response Body
[2024-12-10T04:18:32.331Z] Error reading or processing Modbus registers: A Modbus Exception Occurred - See Response Body
[2024-12-10T04:18:32.333Z] Error reading register 6507 for IP 10.30.4.128: A Modbus Exception Occurred - See Response Body
[2024-12-10T04:18:32.334Z] Error reading actual data: A Modbus Exception Occurred - See Response Body
[2024-12-10T04:18:32.335Z] Error writing to Modbus register: A Modbus Exception Occurred - See Response Body
[2024-12-10T04:18:33.343Z] Error reading or processing Modbus registers: A Modbus Exception Occurred - See Response Body
[2024-12-10T04:18:33.346Z] Error reading register 6507 for IP 10.30.4.128: A Modbus Exception Occurred - See Response Body
[2024-12-10T04:18:33.347Z] Error reading actual data: A Modbus Exception Occurred - See Response Body
[2024-12-10T04:18:33.348Z] Error writing to Modbus register: A Modbus Exception Occurred - See Response Body
[2024-12-10T04:18:34.356Z] Error reading or processing Modbus registers: A Modbus Exception Occurred - See Response Body
[2024-12-10T04:18:34.360Z] Error reading register 6507 for IP 10.30.4.128: A Modbus Exception Occurred - See Response Body
[2024-12-10T04:18:34.361Z] Error reading actual data: A Modbus Exception Occurred - See Response Body
[2024-12-10T04:18:34.362Z] Error writing to Modbus register: A Modbus Exception Occurred - See Response Body
[2024-12-10T04:18:35.369Z] Error reading or processing Modbus registers: A Modbus Exception Occurred - See Response Body
[2024-12-10T04:18:35.371Z] Error reading register 6507 for IP 10.30.4.128: A Modbus Exception Occurred - See Response Body
[2024-12-10T04:18:35.372Z] Error reading actual data: A Modbus Exception Occurred - See Response Body
[2024-12-10T04:18:35.372Z] Error writing to Modbus register: A Modbus Exception Occurred - See Response Body
[2024-12-10T04:18:36.382Z] Error reading or processing Modbus registers: A Modbus Exception Occurred - See Response Body
[2024-12-10T04:18:36.384Z] Error reading register 6507 for IP 10.30.4.128: A Modbus Exception Occurred - See Response Body
[2024-12-10T04:18:36.384Z] Error reading actual data: A Modbus Exception Occurred - See Response Body
[2024-12-10T04:18:36.385Z] Error writing to Modbus register: A Modbus Exception Occurred - See Response Body
[2024-12-10T04:18:37.395Z] Error reading or processing Modbus registers: A Modbus Exception Occurred - See Response Body
[2024-12-10T04:18:37.397Z] Error reading register 6507 for IP 10.30.4.128: A Modbus Exception Occurred - See Response Body
[2024-12-10T04:18:37.398Z] Error reading actual data: A Modbus Exception Occurred - See Response Body
[2024-12-10T04:18:37.398Z] Error writing to Modbus register: A Modbus Exception Occurred - See Response Body
[2024-12-10T04:18:38.407Z] Error reading or processing Modbus registers: A Modbus Exception Occurred - See Response Body
[2024-12-10T04:18:38.410Z] Error reading register 6507 for IP 10.30.4.128: A Modbus Exception Occurred - See Response Body
[2024-12-10T04:18:38.410Z] Error reading actual data: A Modbus Exception Occurred - See Response Body
[2024-12-10T04:18:38.411Z] Error writing to Modbus register: A Modbus Exception Occurred - See Response Body
[2024-12-10T04:18:39.418Z] Error reading or processing Modbus registers: A Modbus Exception Occurred - See Response Body
[2024-12-10T04:18:39.420Z] Error reading register 6507 for IP 10.30.4.128: A Modbus Exception Occurred - See Response Body
[2024-12-10T04:18:39.420Z] Error reading actual data: A Modbus Exception Occurred - See Response Body
[2024-12-10T04:18:39.421Z] Error writing to Modbus register: A Modbus Exception Occurred - See Response Body
[2024-12-10T04:18:40.431Z] Error reading or processing Modbus registers: A Modbus Exception Occurred - See Response Body
[2024-12-10T04:18:40.433Z] Error reading register 6507 for IP 10.30.4.128: A Modbus Exception Occurred - See Response Body
[2024-12-10T04:18:40.434Z] Error reading actual data: A Modbus Exception Occurred - See Response Body
[2024-12-10T04:18:40.434Z] Error writing to Modbus register: A Modbus Exception Occurred - See Response Body
[2024-12-10T04:18:41.445Z] Error reading or processing Modbus registers: A Modbus Exception Occurred - See Response Body
[2024-12-10T04:18:41.447Z] Error reading register 6507 for IP 10.30.4.128: A Modbus Exception Occurred - See Response Body
[2024-12-10T04:18:41.448Z] Error reading actual data: A Modbus Exception Occurred - See Response Body
[2024-12-10T04:18:41.448Z] Error writing to Modbus register: A Modbus Exception Occurred - See Response Body
[2024-12-10T04:18:42.459Z] Error reading or processing Modbus registers: A Modbus Exception Occurred - See Response Body
[2024-12-10T04:18:42.461Z] Error reading register 6507 for IP 10.30.4.128: A Modbus Exception Occurred - See Response Body
[2024-12-10T04:18:42.461Z] Error reading actual data: A Modbus Exception Occurred - See Response Body
[2024-12-10T04:18:42.462Z] Error writing to Modbus register: A Modbus Exception Occurred - See Response Body
[2024-12-10T04:18:43.471Z] Error reading or processing Modbus registers: A Modbus Exception Occurred - See Response Body
[2024-12-10T04:18:43.474Z] Error reading register 6507 for IP 10.30.4.128: A Modbus Exception Occurred - See Response Body
[2024-12-10T04:18:43.474Z] Error reading actual data: A Modbus Exception Occurred - See Response Body
[2024-12-10T04:18:43.475Z] Error writing to Modbus register: A Modbus Exception Occurred - See Response Body
[2024-12-10T04:18:44.481Z] Error reading or processing Modbus registers: A Modbus Exception Occurred - See Response Body
[2024-12-10T04:18:44.484Z] Error reading register 6507 for IP 10.30.4.128: A Modbus Exception Occurred - See Response Body
[2024-12-10T04:18:44.484Z] Error reading actual data: A Modbus Exception Occurred - See Response Body
[2024-12-10T04:18:44.485Z] Error writing to Modbus register: A Modbus Exception Occurred - See Response Body
[2024-12-10T04:18:45.494Z] Error reading or processing Modbus registers: A Modbus Exception Occurred - See Response Body
[2024-12-10T04:18:45.496Z] Error reading register 6507 for IP 10.30.4.128: A Modbus Exception Occurred - See Response Body
[2024-12-10T04:18:45.497Z] Error reading actual data: A Modbus Exception Occurred - See Response Body
[2024-12-10T04:18:45.498Z] Error writing to Modbus register: A Modbus Exception Occurred - See Response Body
[2024-12-10T04:18:46.506Z] Error reading or processing Modbus registers: A Modbus Exception Occurred - See Response Body
[2024-12-10T04:18:46.509Z] Error reading register 6507 for IP 10.30.4.128: A Modbus Exception Occurred - See Response Body
[2024-12-10T04:18:46.509Z] Error reading actual data: A Modbus Exception Occurred - See Response Body
[2024-12-10T04:18:46.510Z] Error writing to Modbus register: A Modbus Exception Occurred - See Response Body
[2024-12-10T04:18:47.520Z] Error reading or processing Modbus registers: A Modbus Exception Occurred - See Response Body
[2024-12-10T04:18:47.522Z] Error reading register 6507 for IP 10.30.4.128: A Modbus Exception Occurred - See Response Body
[2024-12-10T04:18:47.523Z] Error reading actual data: A Modbus Exception Occurred - See Response Body
[2024-12-10T04:18:47.523Z] Error writing to Modbus register: A Modbus Exception Occurred - See Response Body
[2024-12-10T04:18:48.533Z] Error reading or processing Modbus registers: A Modbus Exception Occurred - See Response Body
[2024-12-10T04:18:48.535Z] Error reading register 6507 for IP 10.30.4.128: A Modbus Exception Occurred - See Response Body
[2024-12-10T04:18:48.536Z] Error reading actual data: A Modbus Exception Occurred - See Response Body
[2024-12-10T04:18:48.537Z] Error writing to Modbus register: A Modbus Exception Occurred - See Response Body
[2024-12-10T04:18:49.545Z] Error reading or processing Modbus registers: A Modbus Exception Occurred - See Response Body
[2024-12-10T04:18:49.547Z] Error reading register 6507 for IP 10.30.4.128: A Modbus Exception Occurred - See Response Body
[2024-12-10T04:18:49.548Z] Error reading actual data: A Modbus Exception Occurred - See Response Body
[2024-12-10T04:18:49.548Z] Error writing to Modbus register: A Modbus Exception Occurred - See Response Body
[2024-12-10T04:18:50.560Z] Error reading or processing Modbus registers: A Modbus Exception Occurred - See Response Body
[2024-12-10T04:18:50.562Z] Error reading register 6507 for IP 10.30.4.128: A Modbus Exception Occurred - See Response Body
[2024-12-10T04:18:50.563Z] Error reading actual data: A Modbus Exception Occurred - See Response Body
[2024-12-10T04:18:50.563Z] Error writing to Modbus register: A Modbus Exception Occurred - See Response Body
[2024-12-10T04:18:51.573Z] Error reading or processing Modbus registers: A Modbus Exception Occurred - See Response Body
[2024-12-10T04:18:51.575Z] Error reading register 6507 for IP 10.30.4.128: A Modbus Exception Occurred - See Response Body
[2024-12-10T04:18:51.576Z] Error reading actual data: A Modbus Exception Occurred - See Response Body
[2024-12-10T04:18:51.576Z] Error writing to Modbus register: A Modbus Exception Occurred - See Response Body
[2024-12-10T04:18:52.574Z] Error reading or processing Modbus registers: A Modbus Exception Occurred - See Response Body
[2024-12-10T04:18:52.576Z] Error reading register 6507 for IP 10.30.4.128: A Modbus Exception Occurred - See Response Body
[2024-12-10T04:18:52.577Z] Error reading actual data: A Modbus Exception Occurred - See Response Body
[2024-12-10T04:18:52.577Z] Error writing to Modbus register: A Modbus Exception Occurred - See Response Body
[2024-12-10T04:18:53.588Z] Error reading or processing Modbus registers: A Modbus Exception Occurred - See Response Body
[2024-12-10T04:18:53.589Z] Error reading register 6507 for IP 10.30.4.128: A Modbus Exception Occurred - See Response Body
[2024-12-10T04:18:53.590Z] Error reading actual data: A Modbus Exception Occurred - See Response Body
[2024-12-10T04:18:53.590Z] Error writing to Modbus register: A Modbus Exception Occurred - See Response Body
[2024-12-10T04:18:54.603Z] Error reading or processing Modbus registers: A Modbus Exception Occurred - See Response Body
[2024-12-10T04:18:54.605Z] Error reading register 6507 for IP 10.30.4.128: A Modbus Exception Occurred - See Response Body
[2024-12-10T04:18:54.605Z] Error reading actual data: A Modbus Exception Occurred - See Response Body
[2024-12-10T04:18:54.606Z] Error writing to Modbus register: A Modbus Exception Occurred - See Response Body
[2024-12-10T04:18:55.615Z] Error reading or processing Modbus registers: A Modbus Exception Occurred - See Response Body
[2024-12-10T04:18:55.619Z] Error reading register 6507 for IP 10.30.4.128: A Modbus Exception Occurred - See Response Body
[2024-12-10T04:18:55.620Z] Error reading actual data: A Modbus Exception Occurred - See Response Body
[2024-12-10T04:18:55.621Z] Error writing to Modbus register: A Modbus Exception Occurred - See Response Body
[2024-12-10T04:18:56.629Z] Error reading or processing Modbus registers: A Modbus Exception Occurred - See Response Body
[2024-12-10T04:18:56.632Z] Error reading register 6507 for IP 10.30.4.128: A Modbus Exception Occurred - See Response Body
[2024-12-10T04:18:56.632Z] Error reading actual data: A Modbus Exception Occurred - See Response Body
[2024-12-10T04:18:56.633Z] Error writing to Modbus register: A Modbus Exception Occurred - See Response Body
[2024-12-10T04:18:57.640Z] Error reading or processing Modbus registers: A Modbus Exception Occurred - See Response Body
[2024-12-10T04:18:57.643Z] Error reading register 6507 for IP 10.30.4.128: A Modbus Exception Occurred - See Response Body
[2024-12-10T04:18:57.643Z] Error reading actual data: A Modbus Exception Occurred - See Response Body
[2024-12-10T04:18:57.644Z] Error writing to Modbus register: A Modbus Exception Occurred - See Response Body
[2024-12-10T04:18:58.651Z] Error reading or processing Modbus registers: A Modbus Exception Occurred - See Response Body
[2024-12-10T04:18:58.654Z] Error reading register 6507 for IP 10.30.4.128: A Modbus Exception Occurred - See Response Body
[2024-12-10T04:18:58.655Z] Error reading actual data: A Modbus Exception Occurred - See Response Body
[2024-12-10T04:18:58.655Z] Error writing to Modbus register: A Modbus Exception Occurred - See Response Body
[2024-12-10T04:18:59.663Z] Error reading or processing Modbus registers: A Modbus Exception Occurred - See Response Body
[2024-12-10T04:18:59.665Z] Error reading register 6507 for IP 10.30.4.128: A Modbus Exception Occurred - See Response Body
[2024-12-10T04:18:59.666Z] Error reading actual data: A Modbus Exception Occurred - See Response Body
[2024-12-10T04:18:59.667Z] Error writing to Modbus register: A Modbus Exception Occurred - See Response Body
[2024-12-10T04:19:00.664Z] Error reading or processing Modbus registers: A Modbus Exception Occurred - See Response Body
[2024-12-10T04:19:00.666Z] Error reading register 6507 for IP 10.30.4.128: A Modbus Exception Occurred - See Response Body
[2024-12-10T04:19:00.667Z] Error reading actual data: A Modbus Exception Occurred - See Response Body
[2024-12-10T04:19:00.668Z] Error writing to Modbus register: A Modbus Exception Occurred - See Response Body
[2024-12-10T04:19:01.673Z] Error reading or processing Modbus registers: A Modbus Exception Occurred - See Response Body
[2024-12-10T04:19:01.676Z] Error reading register 6507 for IP 10.30.4.128: A Modbus Exception Occurred - See Response Body
[2024-12-10T04:19:01.676Z] Error reading actual data: A Modbus Exception Occurred - See Response Body
[2024-12-10T04:19:01.677Z] Error writing to Modbus register: A Modbus Exception Occurred - See Response Body
[2024-12-10T04:19:02.673Z] Error reading or processing Modbus registers: A Modbus Exception Occurred - See Response Body
[2024-12-10T04:19:02.675Z] Error reading register 6507 for IP 10.30.4.128: A Modbus Exception Occurred - See Response Body
[2024-12-10T04:19:02.676Z] Error reading actual data: A Modbus Exception Occurred - See Response Body
[2024-12-10T04:19:02.677Z] Error writing to Modbus register: A Modbus Exception Occurred - See Response Body
[2024-12-10T04:19:03.686Z] Error reading or processing Modbus registers: A Modbus Exception Occurred - See Response Body
[2024-12-10T04:19:03.689Z] Error reading register 6507 for IP 10.30.4.128: A Modbus Exception Occurred - See Response Body
[2024-12-10T04:19:03.689Z] Error reading actual data: A Modbus Exception Occurred - See Response Body
[2024-12-10T04:19:03.690Z] Error writing to Modbus register: A Modbus Exception Occurred - See Response Body
[2024-12-10T04:19:04.698Z] Error reading or processing Modbus registers: A Modbus Exception Occurred - See Response Body
[2024-12-10T04:19:04.700Z] Error reading register 6507 for IP 10.30.4.128: A Modbus Exception Occurred - See Response Body
[2024-12-10T04:19:04.701Z] Error reading actual data: A Modbus Exception Occurred - See Response Body
[2024-12-10T04:19:04.701Z] Error writing to Modbus register: A Modbus Exception Occurred - See Response Body
[2024-12-10T04:19:05.711Z] Error reading or processing Modbus registers: A Modbus Exception Occurred - See Response Body
[2024-12-10T04:19:05.714Z] Error reading register 6507 for IP 10.30.4.128: A Modbus Exception Occurred - See Response Body
[2024-12-10T04:19:05.715Z] Error reading actual data: A Modbus Exception Occurred - See Response Body
[2024-12-10T04:19:05.715Z] Error writing to Modbus register: A Modbus Exception Occurred - See Response Body
[2024-12-10T04:19:06.726Z] Error reading or processing Modbus registers: A Modbus Exception Occurred - See Response Body
[2024-12-10T04:19:06.728Z] Error reading register 6507 for IP 10.30.4.128: A Modbus Exception Occurred - See Response Body
[2024-12-10T04:19:06.729Z] Error reading actual data: A Modbus Exception Occurred - See Response Body
[2024-12-10T04:19:06.729Z] Error writing to Modbus register: A Modbus Exception Occurred - See Response Body
[2024-12-10T04:19:07.742Z] Error reading or processing Modbus registers: A Modbus Exception Occurred - See Response Body
[2024-12-10T04:19:07.744Z] Error reading register 6507 for IP 10.30.4.128: A Modbus Exception Occurred - See Response Body
[2024-12-10T04:19:07.745Z] Error reading actual data: A Modbus Exception Occurred - See Response Body
[2024-12-10T04:19:07.745Z] Error writing to Modbus register: A Modbus Exception Occurred - See Response Body
[2024-12-10T04:19:08.756Z] Error reading or processing Modbus registers: A Modbus Exception Occurred - See Response Body
[2024-12-10T04:19:08.758Z] Error reading register 6507 for IP 10.30.4.128: A Modbus Exception Occurred - See Response Body
[2024-12-10T04:19:08.759Z] Error reading actual data: A Modbus Exception Occurred - See Response Body
[2024-12-10T04:19:08.759Z] Error writing to Modbus register: A Modbus Exception Occurred - See Response Body
[2024-12-10T04:19:09.771Z] Error reading or processing Modbus registers: A Modbus Exception Occurred - See Response Body
[2024-12-10T04:19:09.773Z] Error reading register 6507 for IP 10.30.4.128: A Modbus Exception Occurred - See Response Body
[2024-12-10T04:19:09.773Z] Error reading actual data: A Modbus Exception Occurred - See Response Body
[2024-12-10T04:19:09.774Z] Error writing to Modbus register: A Modbus Exception Occurred - See Response Body
[2024-12-10T04:19:10.783Z] Error reading or processing Modbus registers: A Modbus Exception Occurred - See Response Body
[2024-12-10T04:19:10.785Z] Error reading register 6507 for IP 10.30.4.128: A Modbus Exception Occurred - See Response Body
[2024-12-10T04:19:10.785Z] Error reading actual data: A Modbus Exception Occurred - See Response Body
[2024-12-10T04:19:10.786Z] Error writing to Modbus register: A Modbus Exception Occurred - See Response Body
[2024-12-10T04:19:11.793Z] Error reading or processing Modbus registers: A Modbus Exception Occurred - See Response Body
[2024-12-10T04:19:11.795Z] Error reading register 6507 for IP 10.30.4.128: A Modbus Exception Occurred - See Response Body
[2024-12-10T04:19:11.796Z] Error reading actual data: A Modbus Exception Occurred - See Response Body
[2024-12-10T04:19:11.796Z] Error writing to Modbus register: A Modbus Exception Occurred - See Response Body
[2024-12-10T04:19:12.804Z] Error reading or processing Modbus registers: A Modbus Exception Occurred - See Response Body
[2024-12-10T04:19:12.806Z] Error reading register 6507 for IP 10.30.4.128: A Modbus Exception Occurred - See Response Body
[2024-12-10T04:19:12.807Z] Error reading actual data: A Modbus Exception Occurred - See Response Body
[2024-12-10T04:19:12.808Z] Error writing to Modbus register: A Modbus Exception Occurred - See Response Body
[2024-12-10T04:19:13.812Z] Error reading or processing Modbus registers: A Modbus Exception Occurred - See Response Body
[2024-12-10T04:19:13.815Z] Error reading register 6507 for IP 10.30.4.128: A Modbus Exception Occurred - See Response Body
[2024-12-10T04:19:13.816Z] Error reading actual data: A Modbus Exception Occurred - See Response Body
[2024-12-10T04:19:13.816Z] Error writing to Modbus register: A Modbus Exception Occurred - See Response Body
[2024-12-10T04:19:14.820Z] Error reading or processing Modbus registers: A Modbus Exception Occurred - See Response Body
[2024-12-10T04:19:14.822Z] Error reading register 6507 for IP 10.30.4.128: A Modbus Exception Occurred - See Response Body
[2024-12-10T04:19:14.822Z] Error reading actual data: A Modbus Exception Occurred - See Response Body
[2024-12-10T04:19:14.823Z] Error writing to Modbus register: A Modbus Exception Occurred - See Response Body
[2024-12-10T04:19:15.829Z] Error reading or processing Modbus registers: A Modbus Exception Occurred - See Response Body
[2024-12-10T04:19:15.831Z] Error reading register 6507 for IP 10.30.4.128: A Modbus Exception Occurred - See Response Body
[2024-12-10T04:19:15.832Z] Error reading actual data: A Modbus Exception Occurred - See Response Body
[2024-12-10T04:19:15.832Z] Error writing to Modbus register: A Modbus Exception Occurred - See Response Body
[2024-12-10T04:19:16.842Z] Error reading or processing Modbus registers: A Modbus Exception Occurred - See Response Body
[2024-12-10T04:19:16.844Z] Error reading register 6507 for IP 10.30.4.128: A Modbus Exception Occurred - See Response Body
[2024-12-10T04:19:16.844Z] Error reading actual data: A Modbus Exception Occurred - See Response Body
[2024-12-10T04:19:16.845Z] Error writing to Modbus register: A Modbus Exception Occurred - See Response Body
[2024-12-10T04:19:17.851Z] Error reading or processing Modbus registers: A Modbus Exception Occurred - See Response Body
[2024-12-10T04:19:17.853Z] Error reading register 6507 for IP 10.30.4.128: A Modbus Exception Occurred - See Response Body
[2024-12-10T04:19:17.853Z] Error reading actual data: A Modbus Exception Occurred - See Response Body
[2024-12-10T04:19:17.854Z] Error writing to Modbus register: A Modbus Exception Occurred - See Response Body
[2024-12-10T04:19:18.858Z] Error reading or processing Modbus registers: A Modbus Exception Occurred - See Response Body
[2024-12-10T04:19:18.861Z] Error reading register 6507 for IP 10.30.4.128: A Modbus Exception Occurred - See Response Body
[2024-12-10T04:19:18.861Z] Error reading actual data: A Modbus Exception Occurred - See Response Body
[2024-12-10T04:19:18.862Z] Error writing to Modbus register: A Modbus Exception Occurred - See Response Body
[2024-12-10T04:19:19.868Z] Error reading or processing Modbus registers: A Modbus Exception Occurred - See Response Body
[2024-12-10T04:19:19.871Z] Error reading register 6507 for IP 10.30.4.128: A Modbus Exception Occurred - See Response Body
[2024-12-10T04:19:19.872Z] Error reading actual data: A Modbus Exception Occurred - See Response Body
[2024-12-10T04:19:19.872Z] Error writing to Modbus register: A Modbus Exception Occurred - See Response Body
[2024-12-10T04:19:20.881Z] Error reading or processing Modbus registers: A Modbus Exception Occurred - See Response Body
[2024-12-10T04:19:20.883Z] Error reading register 6507 for IP 10.30.4.128: A Modbus Exception Occurred - See Response Body
[2024-12-10T04:19:20.883Z] Error reading actual data: A Modbus Exception Occurred - See Response Body
[2024-12-10T04:19:20.884Z] Error writing to Modbus register: A Modbus Exception Occurred - See Response Body
[2024-12-10T04:19:21.892Z] Error reading or processing Modbus registers: A Modbus Exception Occurred - See Response Body
[2024-12-10T04:19:21.894Z] Error reading register 6507 for IP 10.30.4.128: A Modbus Exception Occurred - See Response Body
[2024-12-10T04:19:21.895Z] Error reading actual data: A Modbus Exception Occurred - See Response Body
[2024-12-10T04:19:21.895Z] Error writing to Modbus register: A Modbus Exception Occurred - See Response Body
[2024-12-10T04:19:22.903Z] Error reading or processing Modbus registers: A Modbus Exception Occurred - See Response Body
[2024-12-10T04:19:22.905Z] Error reading register 6507 for IP 10.30.4.128: A Modbus Exception Occurred - See Response Body
[2024-12-10T04:19:22.906Z] Error reading actual data: A Modbus Exception Occurred - See Response Body
[2024-12-10T04:19:22.906Z] Error writing to Modbus register: A Modbus Exception Occurred - See Response Body
[2024-12-10T04:19:23.912Z] Error reading or processing Modbus registers: A Modbus Exception Occurred - See Response Body
[2024-12-10T04:19:23.915Z] Error reading register 6507 for IP 10.30.4.128: A Modbus Exception Occurred - See Response Body
[2024-12-10T04:19:23.915Z] Error reading actual data: A Modbus Exception Occurred - See Response Body
[2024-12-10T04:19:23.916Z] Error writing to Modbus register: A Modbus Exception Occurred - See Response Body
[2024-12-10T04:19:24.926Z] Error reading or processing Modbus registers: A Modbus Exception Occurred - See Response Body
[2024-12-10T04:19:24.928Z] Error reading register 6507 for IP 10.30.4.128: A Modbus Exception Occurred - See Response Body
[2024-12-10T04:19:24.928Z] Error reading actual data: A Modbus Exception Occurred - See Response Body
[2024-12-10T04:19:24.929Z] Error writing to Modbus register: A Modbus Exception Occurred - See Response Body
[2024-12-10T04:19:25.936Z] Error reading or processing Modbus registers: A Modbus Exception Occurred - See Response Body
[2024-12-10T04:19:25.939Z] Error reading register 6507 for IP 10.30.4.128: A Modbus Exception Occurred - See Response Body
[2024-12-10T04:19:25.939Z] Error reading actual data: A Modbus Exception Occurred - See Response Body
[2024-12-10T04:19:25.940Z] Error writing to Modbus register: A Modbus Exception Occurred - See Response Body
[2024-12-10T04:19:26.945Z] Error reading or processing Modbus registers: A Modbus Exception Occurred - See Response Body
[2024-12-10T04:19:26.947Z] Error reading register 6507 for IP 10.30.4.128: A Modbus Exception Occurred - See Response Body
[2024-12-10T04:19:26.948Z] Error reading actual data: A Modbus Exception Occurred - See Response Body
[2024-12-10T04:19:26.951Z] Error writing to Modbus register: A Modbus Exception Occurred - See Response Body
[2024-12-10T04:19:27.954Z] Error reading or processing Modbus registers: A Modbus Exception Occurred - See Response Body
[2024-12-10T04:19:27.956Z] Error reading register 6507 for IP 10.30.4.128: A Modbus Exception Occurred - See Response Body
[2024-12-10T04:19:27.957Z] Error reading actual data: A Modbus Exception Occurred - See Response Body
[2024-12-10T04:19:27.957Z] Error writing to Modbus register: A Modbus Exception Occurred - See Response Body
[2024-12-10T04:19:28.955Z] Error reading or processing Modbus registers: A Modbus Exception Occurred - See Response Body
[2024-12-10T04:19:28.957Z] Error reading register 6507 for IP 10.30.4.128: A Modbus Exception Occurred - See Response Body
[2024-12-10T04:19:28.957Z] Error reading actual data: A Modbus Exception Occurred - See Response Body
[2024-12-10T04:19:28.958Z] Error writing to Modbus register: A Modbus Exception Occurred - See Response Body
[2024-12-10T04:19:29.966Z] Error reading or processing Modbus registers: A Modbus Exception Occurred - See Response Body
[2024-12-10T04:19:29.968Z] Error reading register 6507 for IP 10.30.4.128: A Modbus Exception Occurred - See Response Body
[2024-12-10T04:19:29.969Z] Error reading actual data: A Modbus Exception Occurred - See Response Body
[2024-12-10T04:19:29.969Z] Error writing to Modbus register: A Modbus Exception Occurred - See Response Body
[2024-12-10T04:19:30.976Z] Error reading or processing Modbus registers: A Modbus Exception Occurred - See Response Body
[2024-12-10T04:19:30.978Z] Error reading register 6507 for IP 10.30.4.128: A Modbus Exception Occurred - See Response Body
[2024-12-10T04:19:30.979Z] Error reading actual data: A Modbus Exception Occurred - See Response Body
[2024-12-10T04:19:30.979Z] Error writing to Modbus register: A Modbus Exception Occurred - See Response Body
[2024-12-10T04:19:31.988Z] Error reading or processing Modbus registers: A Modbus Exception Occurred - See Response Body
[2024-12-10T04:19:31.990Z] Error reading register 6507 for IP 10.30.4.128: A Modbus Exception Occurred - See Response Body
[2024-12-10T04:19:31.991Z] Error reading actual data: A Modbus Exception Occurred - See Response Body
[2024-12-10T04:19:31.991Z] Error writing to Modbus register: A Modbus Exception Occurred - See Response Body
[2024-12-10T04:19:32.998Z] Error reading or processing Modbus registers: A Modbus Exception Occurred - See Response Body
[2024-12-10T04:19:33.000Z] Error reading register 6507 for IP 10.30.4.128: A Modbus Exception Occurred - See Response Body
[2024-12-10T04:19:33.001Z] Error reading actual data: A Modbus Exception Occurred - See Response Body
[2024-12-10T04:19:33.001Z] Error writing to Modbus register: A Modbus Exception Occurred - See Response Body
[2024-12-10T04:19:34.005Z] Error reading or processing Modbus registers: A Modbus Exception Occurred - See Response Body
[2024-12-10T04:19:34.007Z] Error reading register 6507 for IP 10.30.4.128: A Modbus Exception Occurred - See Response Body
[2024-12-10T04:19:34.008Z] Error reading actual data: A Modbus Exception Occurred - See Response Body
[2024-12-10T04:19:34.008Z] Error writing to Modbus register: A Modbus Exception Occurred - See Response Body
[2024-12-10T04:19:35.012Z] Error reading or processing Modbus registers: A Modbus Exception Occurred - See Response Body
[2024-12-10T04:19:35.014Z] Error reading register 6507 for IP 10.30.4.128: A Modbus Exception Occurred - See Response Body
[2024-12-10T04:19:35.015Z] Error reading actual data: A Modbus Exception Occurred - See Response Body
[2024-12-10T04:19:35.015Z] Error writing to Modbus register: A Modbus Exception Occurred - See Response Body
[2024-12-10T04:19:36.020Z] Error reading or processing Modbus registers: A Modbus Exception Occurred - See Response Body
[2024-12-10T04:19:36.021Z] Error reading register 6507 for IP 10.30.4.128: A Modbus Exception Occurred - See Response Body
[2024-12-10T04:19:36.022Z] Error reading actual data: A Modbus Exception Occurred - See Response Body
[2024-12-10T04:19:36.023Z] Error writing to Modbus register: A Modbus Exception Occurred - See Response Body
[2024-12-10T04:19:37.033Z] Error reading or processing Modbus registers: A Modbus Exception Occurred - See Response Body
[2024-12-10T04:19:37.035Z] Error reading register 6507 for IP 10.30.4.128: A Modbus Exception Occurred - See Response Body
[2024-12-10T04:19:37.035Z] Error reading actual data: A Modbus Exception Occurred - See Response Body
[2024-12-10T04:19:37.036Z] Error writing to Modbus register: A Modbus Exception Occurred - See Response Body
[2024-12-10T04:19:38.046Z] Error reading or processing Modbus registers: A Modbus Exception Occurred - See Response Body
[2024-12-10T04:19:38.048Z] Error reading register 6507 for IP 10.30.4.128: A Modbus Exception Occurred - See Response Body
[2024-12-10T04:19:38.049Z] Error reading actual data: A Modbus Exception Occurred - See Response Body
[2024-12-10T04:19:38.049Z] Error writing to Modbus register: A Modbus Exception Occurred - See Response Body
[2024-12-10T04:19:39.051Z] Error reading or processing Modbus registers: A Modbus Exception Occurred - See Response Body
[2024-12-10T04:19:39.054Z] Error reading register 6507 for IP 10.30.4.128: A Modbus Exception Occurred - See Response Body
[2024-12-10T04:19:39.055Z] Error reading actual data: A Modbus Exception Occurred - See Response Body
[2024-12-10T04:19:39.055Z] Error writing to Modbus register: A Modbus Exception Occurred - See Response Body
[2024-12-10T04:19:40.066Z] Error reading or processing Modbus registers: A Modbus Exception Occurred - See Response Body
[2024-12-10T04:19:40.069Z] Error reading register 6507 for IP 10.30.4.128: A Modbus Exception Occurred - See Response Body
[2024-12-10T04:19:40.070Z] Error reading actual data: A Modbus Exception Occurred - See Response Body
[2024-12-10T04:19:40.071Z] Error writing to Modbus register: A Modbus Exception Occurred - See Response Body
[2024-12-10T04:19:41.080Z] Error reading or processing Modbus registers: A Modbus Exception Occurred - See Response Body
[2024-12-10T04:19:41.083Z] Error reading register 6507 for IP 10.30.4.128: A Modbus Exception Occurred - See Response Body
[2024-12-10T04:19:41.083Z] Error reading actual data: A Modbus Exception Occurred - See Response Body
[2024-12-10T04:19:41.084Z] Error writing to Modbus register: A Modbus Exception Occurred - See Response Body
[2024-12-10T04:19:42.082Z] Error reading or processing Modbus registers: A Modbus Exception Occurred - See Response Body
[2024-12-10T04:19:42.084Z] Error reading register 6507 for IP 10.30.4.128: A Modbus Exception Occurred - See Response Body
[2024-12-10T04:19:42.085Z] Error reading actual data: A Modbus Exception Occurred - See Response Body
[2024-12-10T04:19:42.085Z] Error writing to Modbus register: A Modbus Exception Occurred - See Response Body
[2024-12-10T04:19:43.096Z] Error reading or processing Modbus registers: A Modbus Exception Occurred - See Response Body
[2024-12-10T04:19:43.099Z] Error reading register 6507 for IP 10.30.4.128: A Modbus Exception Occurred - See Response Body
[2024-12-10T04:19:43.100Z] Error reading actual data: A Modbus Exception Occurred - See Response Body
[2024-12-10T04:19:43.100Z] Error writing to Modbus register: A Modbus Exception Occurred - See Response Body
[2024-12-10T04:19:44.098Z] Error reading or processing Modbus registers: A Modbus Exception Occurred - See Response Body
[2024-12-10T04:19:44.101Z] Error reading register 6507 for IP 10.30.4.128: A Modbus Exception Occurred - See Response Body
[2024-12-10T04:19:44.102Z] Error reading actual data: A Modbus Exception Occurred - See Response Body
[2024-12-10T04:19:44.102Z] Error writing to Modbus register: A Modbus Exception Occurred - See Response Body
[2024-12-10T04:19:45.099Z] Error reading or processing Modbus registers: A Modbus Exception Occurred - See Response Body
[2024-12-10T04:19:45.102Z] Error reading register 6507 for IP 10.30.4.128: A Modbus Exception Occurred - See Response Body
[2024-12-10T04:19:45.103Z] Error reading actual data: A Modbus Exception Occurred - See Response Body
[2024-12-10T04:19:45.103Z] Error writing to Modbus register: A Modbus Exception Occurred - See Response Body
[2024-12-10T04:19:46.113Z] Error reading or processing Modbus registers: A Modbus Exception Occurred - See Response Body
[2024-12-10T04:19:46.115Z] Error reading register 6507 for IP 10.30.4.128: A Modbus Exception Occurred - See Response Body
[2024-12-10T04:19:46.116Z] Error reading actual data: A Modbus Exception Occurred - See Response Body
[2024-12-10T04:19:46.117Z] Error writing to Modbus register: A Modbus Exception Occurred - See Response Body
[2024-12-10T04:19:47.126Z] Error reading or processing Modbus registers: A Modbus Exception Occurred - See Response Body
[2024-12-10T04:19:47.129Z] Error reading register 6507 for IP 10.30.4.128: A Modbus Exception Occurred - See Response Body
[2024-12-10T04:19:47.130Z] Error reading actual data: A Modbus Exception Occurred - See Response Body
[2024-12-10T04:19:47.130Z] Error writing to Modbus register: A Modbus Exception Occurred - See Response Body
[2024-12-10T04:19:48.134Z] Error reading or processing Modbus registers: A Modbus Exception Occurred - See Response Body
[2024-12-10T04:19:48.136Z] Error reading register 6507 for IP 10.30.4.128: A Modbus Exception Occurred - See Response Body
[2024-12-10T04:19:48.137Z] Error reading actual data: A Modbus Exception Occurred - See Response Body
[2024-12-10T04:19:48.138Z] Error writing to Modbus register: A Modbus Exception Occurred - See Response Body
[2024-12-10T04:19:49.148Z] Error reading or processing Modbus registers: A Modbus Exception Occurred - See Response Body
[2024-12-10T04:19:49.152Z] Error reading register 6507 for IP 10.30.4.128: A Modbus Exception Occurred - See Response Body
[2024-12-10T04:19:49.153Z] Error reading actual data: A Modbus Exception Occurred - See Response Body
[2024-12-10T04:19:49.154Z] Error writing to Modbus register: A Modbus Exception Occurred - See Response Body
[2024-12-10T04:19:50.160Z] Error reading or processing Modbus registers: A Modbus Exception Occurred - See Response Body
[2024-12-10T04:19:50.162Z] Error reading register 6507 for IP 10.30.4.128: A Modbus Exception Occurred - See Response Body
[2024-12-10T04:19:50.163Z] Error reading actual data: A Modbus Exception Occurred - See Response Body
[2024-12-10T04:19:50.163Z] Error writing to Modbus register: A Modbus Exception Occurred - See Response Body
[2024-12-10T04:19:51.172Z] Error reading or processing Modbus registers: A Modbus Exception Occurred - See Response Body
[2024-12-10T04:19:51.174Z] Error reading register 6507 for IP 10.30.4.128: A Modbus Exception Occurred - See Response Body
[2024-12-10T04:19:51.175Z] Error reading actual data: A Modbus Exception Occurred - See Response Body
[2024-12-10T04:19:51.176Z] Error writing to Modbus register: A Modbus Exception Occurred - See Response Body
[2024-12-10T04:19:52.174Z] Error reading or processing Modbus registers: A Modbus Exception Occurred - See Response Body
[2024-12-10T04:19:52.176Z] Error reading register 6507 for IP 10.30.4.128: A Modbus Exception Occurred - See Response Body
[2024-12-10T04:19:52.176Z] Error reading actual data: A Modbus Exception Occurred - See Response Body
[2024-12-10T04:19:52.177Z] Error writing to Modbus register: A Modbus Exception Occurred - See Response Body
[2024-12-10T04:19:53.188Z] Error reading or processing Modbus registers: A Modbus Exception Occurred - See Response Body
[2024-12-10T04:19:53.190Z] Error reading register 6507 for IP 10.30.4.128: A Modbus Exception Occurred - See Response Body
[2024-12-10T04:19:53.191Z] Error reading actual data: A Modbus Exception Occurred - See Response Body
[2024-12-10T04:19:53.191Z] Error writing to Modbus register: A Modbus Exception Occurred - See Response Body
[2024-12-10T04:19:54.197Z] Error reading or processing Modbus registers: A Modbus Exception Occurred - See Response Body
[2024-12-10T04:19:54.200Z] Error reading register 6507 for IP 10.30.4.128: A Modbus Exception Occurred - See Response Body
[2024-12-10T04:19:54.200Z] Error reading actual data: A Modbus Exception Occurred - See Response Body
[2024-12-10T04:19:54.201Z] Error writing to Modbus register: A Modbus Exception Occurred - See Response Body
[2024-12-10T04:19:55.211Z] Error reading or processing Modbus registers: A Modbus Exception Occurred - See Response Body
[2024-12-10T04:19:55.213Z] Error reading register 6507 for IP 10.30.4.128: A Modbus Exception Occurred - See Response Body
[2024-12-10T04:19:55.213Z] Error reading actual data: A Modbus Exception Occurred - See Response Body
[2024-12-10T04:19:55.214Z] Error writing to Modbus register: A Modbus Exception Occurred - See Response Body
[2024-12-10T04:19:56.221Z] Error reading or processing Modbus registers: A Modbus Exception Occurred - See Response Body
[2024-12-10T04:19:56.223Z] Error reading register 6507 for IP 10.30.4.128: A Modbus Exception Occurred - See Response Body
[2024-12-10T04:19:56.223Z] Error reading actual data: A Modbus Exception Occurred - See Response Body
[2024-12-10T04:19:56.224Z] Error writing to Modbus register: A Modbus Exception Occurred - See Response Body
[2024-12-10T04:19:57.235Z] Error reading or processing Modbus registers: A Modbus Exception Occurred - See Response Body
[2024-12-10T04:19:57.237Z] Error reading register 6507 for IP 10.30.4.128: A Modbus Exception Occurred - See Response Body
[2024-12-10T04:19:57.238Z] Error reading actual data: A Modbus Exception Occurred - See Response Body
[2024-12-10T04:19:57.239Z] Error writing to Modbus register: A Modbus Exception Occurred - See Response Body
[2024-12-10T04:19:58.249Z] Error reading or processing Modbus registers: A Modbus Exception Occurred - See Response Body
[2024-12-10T04:19:58.252Z] Error reading register 6507 for IP 10.30.4.128: A Modbus Exception Occurred - See Response Body
[2024-12-10T04:19:58.253Z] Error reading actual data: A Modbus Exception Occurred - See Response Body
[2024-12-10T04:19:58.254Z] Error writing to Modbus register: A Modbus Exception Occurred - See Response Body
[2024-12-10T04:19:59.249Z] Error reading or processing Modbus registers: A Modbus Exception Occurred - See Response Body
[2024-12-10T04:19:59.251Z] Error reading register 6507 for IP 10.30.4.128: A Modbus Exception Occurred - See Response Body
[2024-12-10T04:19:59.252Z] Error reading actual data: A Modbus Exception Occurred - See Response Body
[2024-12-10T04:19:59.253Z] Error writing to Modbus register: A Modbus Exception Occurred - See Response Body
[2024-12-10T04:20:00.261Z] Error reading or processing Modbus registers: A Modbus Exception Occurred - See Response Body
[2024-12-10T04:20:00.263Z] Error reading register 6507 for IP 10.30.4.128: A Modbus Exception Occurred - See Response Body
[2024-12-10T04:20:00.264Z] Error reading actual data: A Modbus Exception Occurred - See Response Body
[2024-12-10T04:20:00.264Z] Error writing to Modbus register: A Modbus Exception Occurred - See Response Body
[2024-12-10T04:20:01.273Z] Error reading or processing Modbus registers: A Modbus Exception Occurred - See Response Body
[2024-12-10T04:20:01.275Z] Error reading register 6507 for IP 10.30.4.128: A Modbus Exception Occurred - See Response Body
[2024-12-10T04:20:01.276Z] Error reading actual data: A Modbus Exception Occurred - See Response Body
[2024-12-10T04:20:01.277Z] Error writing to Modbus register: A Modbus Exception Occurred - See Response Body
[2024-12-10T04:20:02.285Z] Error reading or processing Modbus registers: A Modbus Exception Occurred - See Response Body
[2024-12-10T04:20:02.287Z] Error reading register 6507 for IP 10.30.4.128: A Modbus Exception Occurred - See Response Body
[2024-12-10T04:20:02.288Z] Error reading actual data: A Modbus Exception Occurred - See Response Body
[2024-12-10T04:20:02.289Z] Error writing to Modbus register: A Modbus Exception Occurred - See Response Body
[2024-12-10T04:20:03.296Z] Error reading or processing Modbus registers: A Modbus Exception Occurred - See Response Body
[2024-12-10T04:20:03.299Z] Error reading register 6507 for IP 10.30.4.128: A Modbus Exception Occurred - See Response Body
[2024-12-10T04:20:03.299Z] Error reading actual data: A Modbus Exception Occurred - See Response Body
[2024-12-10T04:20:03.300Z] Error writing to Modbus register: A Modbus Exception Occurred - See Response Body
[2024-12-10T04:20:04.303Z] Error reading or processing Modbus registers: A Modbus Exception Occurred - See Response Body
[2024-12-10T04:20:04.306Z] Error reading register 6507 for IP 10.30.4.128: A Modbus Exception Occurred - See Response Body
[2024-12-10T04:20:04.306Z] Error reading actual data: A Modbus Exception Occurred - See Response Body
[2024-12-10T04:20:04.307Z] Error writing to Modbus register: A Modbus Exception Occurred - See Response Body
[2024-12-10T04:20:05.315Z] Error reading or processing Modbus registers: A Modbus Exception Occurred - See Response Body
[2024-12-10T04:20:05.318Z] Error reading register 6507 for IP 10.30.4.128: A Modbus Exception Occurred - See Response Body
[2024-12-10T04:20:05.319Z] Error reading actual data: A Modbus Exception Occurred - See Response Body
[2024-12-10T04:20:05.320Z] Error writing to Modbus register: A Modbus Exception Occurred - See Response Body
[2024-12-10T04:20:06.327Z] Error reading or processing Modbus registers: A Modbus Exception Occurred - See Response Body
[2024-12-10T04:20:06.330Z] Error reading register 6507 for IP 10.30.4.128: A Modbus Exception Occurred - See Response Body
[2024-12-10T04:20:06.331Z] Error reading actual data: A Modbus Exception Occurred - See Response Body
[2024-12-10T04:20:06.332Z] Error writing to Modbus register: A Modbus Exception Occurred - See Response Body
[2024-12-10T04:20:07.341Z] Error reading or processing Modbus registers: A Modbus Exception Occurred - See Response Body
[2024-12-10T04:20:07.344Z] Error reading register 6507 for IP 10.30.4.128: A Modbus Exception Occurred - See Response Body
[2024-12-10T04:20:07.345Z] Error reading actual data: A Modbus Exception Occurred - See Response Body
[2024-12-10T04:20:07.345Z] Error writing to Modbus register: A Modbus Exception Occurred - See Response Body
[2024-12-10T04:20:08.347Z] Error reading or processing Modbus registers: A Modbus Exception Occurred - See Response Body
[2024-12-10T04:20:08.349Z] Error reading register 6507 for IP 10.30.4.128: A Modbus Exception Occurred - See Response Body
[2024-12-10T04:20:08.350Z] Error reading actual data: A Modbus Exception Occurred - See Response Body
[2024-12-10T04:20:08.351Z] Error writing to Modbus register: A Modbus Exception Occurred - See Response Body
[2024-12-10T04:20:09.352Z] Error reading or processing Modbus registers: A Modbus Exception Occurred - See Response Body
[2024-12-10T04:20:09.355Z] Error reading register 6507 for IP 10.30.4.128: A Modbus Exception Occurred - See Response Body
[2024-12-10T04:20:09.355Z] Error reading actual data: A Modbus Exception Occurred - See Response Body
[2024-12-10T04:20:09.356Z] Error writing to Modbus register: A Modbus Exception Occurred - See Response Body
[2024-12-10T04:20:10.362Z] Error reading or processing Modbus registers: A Modbus Exception Occurred - See Response Body
[2024-12-10T04:20:10.364Z] Error reading register 6507 for IP 10.30.4.128: A Modbus Exception Occurred - See Response Body
[2024-12-10T04:20:10.365Z] Error reading actual data: A Modbus Exception Occurred - See Response Body
[2024-12-10T04:20:10.366Z] Error writing to Modbus register: A Modbus Exception Occurred - See Response Body
[2024-12-10T04:20:11.371Z] Error reading or processing Modbus registers: A Modbus Exception Occurred - See Response Body
[2024-12-10T04:20:11.373Z] Error reading register 6507 for IP 10.30.4.128: A Modbus Exception Occurred - See Response Body
[2024-12-10T04:20:11.374Z] Error reading actual data: A Modbus Exception Occurred - See Response Body
[2024-12-10T04:20:11.374Z] Error writing to Modbus register: A Modbus Exception Occurred - See Response Body
[2024-12-10T04:20:12.381Z] Error reading or processing Modbus registers: A Modbus Exception Occurred - See Response Body
[2024-12-10T04:20:12.383Z] Error reading register 6507 for IP 10.30.4.128: A Modbus Exception Occurred - See Response Body
[2024-12-10T04:20:12.384Z] Error reading actual data: A Modbus Exception Occurred - See Response Body
[2024-12-10T04:20:12.384Z] Error writing to Modbus register: A Modbus Exception Occurred - See Response Body
[2024-12-10T04:20:13.394Z] Error reading or processing Modbus registers: A Modbus Exception Occurred - See Response Body
[2024-12-10T04:20:13.396Z] Error reading register 6507 for IP 10.30.4.128: A Modbus Exception Occurred - See Response Body
[2024-12-10T04:20:13.396Z] Error reading actual data: A Modbus Exception Occurred - See Response Body
[2024-12-10T04:20:13.397Z] Error writing to Modbus register: A Modbus Exception Occurred - See Response Body
[2024-12-10T04:20:14.395Z] Error reading or processing Modbus registers: A Modbus Exception Occurred - See Response Body
[2024-12-10T04:20:14.397Z] Error reading register 6507 for IP 10.30.4.128: A Modbus Exception Occurred - See Response Body
[2024-12-10T04:20:14.397Z] Error reading actual data: A Modbus Exception Occurred - See Response Body
[2024-12-10T04:20:14.398Z] Error writing to Modbus register: A Modbus Exception Occurred - See Response Body
[2024-12-10T04:20:15.405Z] Error reading or processing Modbus registers: A Modbus Exception Occurred - See Response Body
[2024-12-10T04:20:15.407Z] Error reading register 6507 for IP 10.30.4.128: A Modbus Exception Occurred - See Response Body
[2024-12-10T04:20:15.408Z] Error reading actual data: A Modbus Exception Occurred - See Response Body
[2024-12-10T04:20:15.408Z] Error writing to Modbus register: A Modbus Exception Occurred - See Response Body
[2024-12-10T04:20:16.417Z] Error reading or processing Modbus registers: A Modbus Exception Occurred - See Response Body
[2024-12-10T04:20:16.419Z] Error reading register 6507 for IP 10.30.4.128: A Modbus Exception Occurred - See Response Body
[2024-12-10T04:20:16.419Z] Error reading actual data: A Modbus Exception Occurred - See Response Body
[2024-12-10T04:20:16.420Z] Error writing to Modbus register: A Modbus Exception Occurred - See Response Body
[2024-12-10T04:20:17.426Z] Error reading or processing Modbus registers: A Modbus Exception Occurred - See Response Body
[2024-12-10T04:20:17.428Z] Error reading register 6507 for IP 10.30.4.128: A Modbus Exception Occurred - See Response Body
[2024-12-10T04:20:17.429Z] Error reading actual data: A Modbus Exception Occurred - See Response Body
[2024-12-10T04:20:17.429Z] Error writing to Modbus register: A Modbus Exception Occurred - See Response Body
[2024-12-10T04:20:18.438Z] Error reading or processing Modbus registers: A Modbus Exception Occurred - See Response Body
[2024-12-10T04:20:18.455Z] Error reading register 6507 for IP 10.30.4.128: A Modbus Exception Occurred - See Response Body
[2024-12-10T04:20:18.456Z] Error reading actual data: A Modbus Exception Occurred - See Response Body
[2024-12-10T04:20:18.456Z] Error writing to Modbus register: A Modbus Exception Occurred - See Response Body
[2024-12-10T04:20:19.451Z] Error reading or processing Modbus registers: A Modbus Exception Occurred - See Response Body
[2024-12-10T04:20:19.453Z] Error reading register 6507 for IP 10.30.4.128: A Modbus Exception Occurred - See Response Body
[2024-12-10T04:20:19.454Z] Error reading actual data: A Modbus Exception Occurred - See Response Body
[2024-12-10T04:20:19.456Z] Error writing to Modbus register: A Modbus Exception Occurred - See Response Body
[2024-12-10T04:20:20.463Z] Error reading or processing Modbus registers: A Modbus Exception Occurred - See Response Body
[2024-12-10T04:20:20.465Z] Error reading register 6507 for IP 10.30.4.128: A Modbus Exception Occurred - See Response Body
[2024-12-10T04:20:20.466Z] Error reading actual data: A Modbus Exception Occurred - See Response Body
[2024-12-10T04:20:20.466Z] Error writing to Modbus register: A Modbus Exception Occurred - See Response Body
[2024-12-10T04:20:21.472Z] Error reading or processing Modbus registers: A Modbus Exception Occurred - See Response Body
[2024-12-10T04:20:21.474Z] Error reading register 6507 for IP 10.30.4.128: A Modbus Exception Occurred - See Response Body
[2024-12-10T04:20:21.474Z] Error reading actual data: A Modbus Exception Occurred - See Response Body
[2024-12-10T04:20:21.475Z] Error writing to Modbus register: A Modbus Exception Occurred - See Response Body
[2024-12-10T04:20:22.484Z] Error reading or processing Modbus registers: A Modbus Exception Occurred - See Response Body
[2024-12-10T04:20:22.487Z] Error reading register 6507 for IP 10.30.4.128: A Modbus Exception Occurred - See Response Body
[2024-12-10T04:20:22.489Z] Error reading actual data: A Modbus Exception Occurred - See Response Body
[2024-12-10T04:20:22.489Z] Error writing to Modbus register: A Modbus Exception Occurred - See Response Body
[2024-12-10T04:20:23.498Z] Error reading or processing Modbus registers: A Modbus Exception Occurred - See Response Body
[2024-12-10T04:20:23.500Z] Error reading register 6507 for IP 10.30.4.128: A Modbus Exception Occurred - See Response Body
[2024-12-10T04:20:23.501Z] Error reading actual data: A Modbus Exception Occurred - See Response Body
[2024-12-10T04:20:23.501Z] Error writing to Modbus register: A Modbus Exception Occurred - See Response Body
[2024-12-10T04:20:24.505Z] Error reading or processing Modbus registers: A Modbus Exception Occurred - See Response Body
[2024-12-10T04:20:24.507Z] Error reading register 6507 for IP 10.30.4.128: A Modbus Exception Occurred - See Response Body
[2024-12-10T04:20:24.508Z] Error reading actual data: A Modbus Exception Occurred - See Response Body
[2024-12-10T04:20:24.508Z] Error writing to Modbus register: A Modbus Exception Occurred - See Response Body
[2024-12-10T04:20:25.515Z] Error reading or processing Modbus registers: A Modbus Exception Occurred - See Response Body
[2024-12-10T04:20:25.518Z] Error reading register 6507 for IP 10.30.4.128: A Modbus Exception Occurred - See Response Body
[2024-12-10T04:20:25.518Z] Error reading actual data: A Modbus Exception Occurred - See Response Body
[2024-12-10T04:20:25.519Z] Error writing to Modbus register: A Modbus Exception Occurred - See Response Body
[2024-12-10T04:20:26.529Z] Error reading or processing Modbus registers: A Modbus Exception Occurred - See Response Body
[2024-12-10T04:20:26.532Z] Error reading register 6507 for IP 10.30.4.128: A Modbus Exception Occurred - See Response Body
[2024-12-10T04:20:26.533Z] Error reading actual data: A Modbus Exception Occurred - See Response Body
[2024-12-10T04:20:26.534Z] Error writing to Modbus register: A Modbus Exception Occurred - See Response Body
[2024-12-10T04:20:27.540Z] Error reading or processing Modbus registers: A Modbus Exception Occurred - See Response Body
[2024-12-10T04:20:27.543Z] Error reading register 6507 for IP 10.30.4.128: A Modbus Exception Occurred - See Response Body
[2024-12-10T04:20:27.543Z] Error reading actual data: A Modbus Exception Occurred - See Response Body
[2024-12-10T04:20:27.544Z] Error writing to Modbus register: A Modbus Exception Occurred - See Response Body
[2024-12-10T04:20:28.550Z] Error reading or processing Modbus registers: A Modbus Exception Occurred - See Response Body
[2024-12-10T04:20:28.552Z] Error reading register 6507 for IP 10.30.4.128: A Modbus Exception Occurred - See Response Body
[2024-12-10T04:20:28.553Z] Error reading actual data: A Modbus Exception Occurred - See Response Body
[2024-12-10T04:20:28.553Z] Error writing to Modbus register: A Modbus Exception Occurred - See Response Body
[2024-12-10T04:20:29.559Z] Error reading or processing Modbus registers: A Modbus Exception Occurred - See Response Body
[2024-12-10T04:20:29.562Z] Error reading register 6507 for IP 10.30.4.128: A Modbus Exception Occurred - See Response Body
[2024-12-10T04:20:29.562Z] Error reading actual data: A Modbus Exception Occurred - See Response Body
[2024-12-10T04:20:29.563Z] Error writing to Modbus register: A Modbus Exception Occurred - See Response Body
[2024-12-10T04:20:30.568Z] Error reading or processing Modbus registers: A Modbus Exception Occurred - See Response Body
[2024-12-10T04:20:30.572Z] Error reading register 6507 for IP 10.30.4.128: A Modbus Exception Occurred - See Response Body
[2024-12-10T04:20:30.573Z] Error reading actual data: A Modbus Exception Occurred - See Response Body
[2024-12-10T04:20:30.573Z] Error writing to Modbus register: A Modbus Exception Occurred - See Response Body
[2024-12-10T04:20:31.579Z] Error reading or processing Modbus registers: A Modbus Exception Occurred - See Response Body
[2024-12-10T04:20:31.582Z] Error reading register 6507 for IP 10.30.4.128: A Modbus Exception Occurred - See Response Body
[2024-12-10T04:20:31.582Z] Error reading actual data: A Modbus Exception Occurred - See Response Body
[2024-12-10T04:20:31.583Z] Error writing to Modbus register: A Modbus Exception Occurred - See Response Body
[2024-12-10T04:20:32.591Z] Error reading or processing Modbus registers: A Modbus Exception Occurred - See Response Body
[2024-12-10T04:20:32.593Z] Error reading register 6507 for IP 10.30.4.128: A Modbus Exception Occurred - See Response Body
[2024-12-10T04:20:32.593Z] Error reading actual data: A Modbus Exception Occurred - See Response Body
[2024-12-10T04:20:32.594Z] Error writing to Modbus register: A Modbus Exception Occurred - See Response Body
[2024-12-10T04:20:33.606Z] Error reading or processing Modbus registers: A Modbus Exception Occurred - See Response Body
[2024-12-10T04:20:33.608Z] Error reading register 6507 for IP 10.30.4.128: A Modbus Exception Occurred - See Response Body
[2024-12-10T04:20:33.609Z] Error reading actual data: A Modbus Exception Occurred - See Response Body
[2024-12-10T04:20:33.609Z] Error writing to Modbus register: A Modbus Exception Occurred - See Response Body
[2024-12-10T04:20:34.619Z] Error reading or processing Modbus registers: A Modbus Exception Occurred - See Response Body
[2024-12-10T04:20:34.621Z] Error reading register 6507 for IP 10.30.4.128: A Modbus Exception Occurred - See Response Body
[2024-12-10T04:20:34.622Z] Error reading actual data: A Modbus Exception Occurred - See Response Body
[2024-12-10T04:20:34.622Z] Error writing to Modbus register: A Modbus Exception Occurred - See Response Body
[2024-12-10T04:20:35.632Z] Error reading or processing Modbus registers: A Modbus Exception Occurred - See Response Body
[2024-12-10T04:20:35.634Z] Error reading register 6507 for IP 10.30.4.128: A Modbus Exception Occurred - See Response Body
[2024-12-10T04:20:35.634Z] Error reading actual data: A Modbus Exception Occurred - See Response Body
[2024-12-10T04:20:35.635Z] Error writing to Modbus register: A Modbus Exception Occurred - See Response Body
[2024-12-10T04:20:36.644Z] Error reading or processing Modbus registers: A Modbus Exception Occurred - See Response Body
[2024-12-10T04:20:36.646Z] Error reading register 6507 for IP 10.30.4.128: A Modbus Exception Occurred - See Response Body
[2024-12-10T04:20:36.646Z] Error reading actual data: A Modbus Exception Occurred - See Response Body
[2024-12-10T04:20:36.647Z] Error writing to Modbus register: A Modbus Exception Occurred - See Response Body
[2024-12-10T04:20:37.659Z] Error reading or processing Modbus registers: A Modbus Exception Occurred - See Response Body
[2024-12-10T04:20:37.661Z] Error reading register 6507 for IP 10.30.4.128: A Modbus Exception Occurred - See Response Body
[2024-12-10T04:20:37.661Z] Error reading actual data: A Modbus Exception Occurred - See Response Body
[2024-12-10T04:20:37.662Z] Error writing to Modbus register: A Modbus Exception Occurred - See Response Body
[2024-12-10T04:20:38.671Z] Error reading or processing Modbus registers: A Modbus Exception Occurred - See Response Body
[2024-12-10T04:20:38.673Z] Error reading register 6507 for IP 10.30.4.128: A Modbus Exception Occurred - See Response Body
[2024-12-10T04:20:38.674Z] Error reading actual data: A Modbus Exception Occurred - See Response Body
[2024-12-10T04:20:38.675Z] Error writing to Modbus register: A Modbus Exception Occurred - See Response Body
[2024-12-10T04:20:39.684Z] Error reading or processing Modbus registers: A Modbus Exception Occurred - See Response Body
[2024-12-10T04:20:39.686Z] Error reading register 6507 for IP 10.30.4.128: A Modbus Exception Occurred - See Response Body
[2024-12-10T04:20:39.686Z] Error reading actual data: A Modbus Exception Occurred - See Response Body
[2024-12-10T04:20:39.687Z] Error writing to Modbus register: A Modbus Exception Occurred - See Response Body
[2024-12-10T04:20:40.694Z] Error reading or processing Modbus registers: A Modbus Exception Occurred - See Response Body
[2024-12-10T04:20:40.697Z] Error reading register 6507 for IP 10.30.4.128: A Modbus Exception Occurred - See Response Body
[2024-12-10T04:20:40.698Z] Error reading actual data: A Modbus Exception Occurred - See Response Body
[2024-12-10T04:20:40.698Z] Error writing to Modbus register: A Modbus Exception Occurred - See Response Body
[2024-12-10T04:20:41.705Z] Error reading or processing Modbus registers: A Modbus Exception Occurred - See Response Body
[2024-12-10T04:20:41.708Z] Error reading register 6507 for IP 10.30.4.128: A Modbus Exception Occurred - See Response Body
[2024-12-10T04:20:41.708Z] Error reading actual data: A Modbus Exception Occurred - See Response Body
[2024-12-10T04:20:41.709Z] Error writing to Modbus register: A Modbus Exception Occurred - See Response Body
[2024-12-10T04:20:42.721Z] Error reading or processing Modbus registers: A Modbus Exception Occurred - See Response Body
[2024-12-10T04:20:42.723Z] Error reading register 6507 for IP 10.30.4.128: A Modbus Exception Occurred - See Response Body
[2024-12-10T04:20:42.724Z] Error reading actual data: A Modbus Exception Occurred - See Response Body
[2024-12-10T04:20:42.725Z] Error writing to Modbus register: A Modbus Exception Occurred - See Response Body
[2024-12-10T04:20:43.721Z] Error reading or processing Modbus registers: A Modbus Exception Occurred - See Response Body
[2024-12-10T04:20:43.723Z] Error reading register 6507 for IP 10.30.4.128: A Modbus Exception Occurred - See Response Body
[2024-12-10T04:20:43.723Z] Error reading actual data: A Modbus Exception Occurred - See Response Body
[2024-12-10T04:20:43.724Z] Error writing to Modbus register: A Modbus Exception Occurred - See Response Body
[2024-12-10T04:20:44.733Z] Error reading or processing Modbus registers: A Modbus Exception Occurred - See Response Body
[2024-12-10T04:20:44.735Z] Error reading register 6507 for IP 10.30.4.128: A Modbus Exception Occurred - See Response Body
[2024-12-10T04:20:44.736Z] Error reading actual data: A Modbus Exception Occurred - See Response Body
[2024-12-10T04:20:44.736Z] Error writing to Modbus register: A Modbus Exception Occurred - See Response Body
[2024-12-10T04:20:45.745Z] Error reading or processing Modbus registers: A Modbus Exception Occurred - See Response Body
[2024-12-10T04:20:45.747Z] Error reading register 6507 for IP 10.30.4.128: A Modbus Exception Occurred - See Response Body
[2024-12-10T04:20:45.748Z] Error reading actual data: A Modbus Exception Occurred - See Response Body
[2024-12-10T04:20:45.748Z] Error writing to Modbus register: A Modbus Exception Occurred - See Response Body
[2024-12-10T04:20:46.759Z] Error reading or processing Modbus registers: A Modbus Exception Occurred - See Response Body
[2024-12-10T04:20:46.760Z] Error reading register 6507 for IP 10.30.4.128: A Modbus Exception Occurred - See Response Body
[2024-12-10T04:20:46.761Z] Error reading actual data: A Modbus Exception Occurred - See Response Body
[2024-12-10T04:20:46.761Z] Error writing to Modbus register: A Modbus Exception Occurred - See Response Body
[2024-12-10T04:20:47.772Z] Error reading or processing Modbus registers: A Modbus Exception Occurred - See Response Body
[2024-12-10T04:20:47.774Z] Error reading register 6507 for IP 10.30.4.128: A Modbus Exception Occurred - See Response Body
[2024-12-10T04:20:47.775Z] Error reading actual data: A Modbus Exception Occurred - See Response Body
[2024-12-10T04:20:47.775Z] Error writing to Modbus register: A Modbus Exception Occurred - See Response Body
[2024-12-10T04:20:48.784Z] Error reading or processing Modbus registers: A Modbus Exception Occurred - See Response Body
[2024-12-10T04:20:48.785Z] Error reading register 6507 for IP 10.30.4.128: A Modbus Exception Occurred - See Response Body
[2024-12-10T04:20:48.786Z] Error reading actual data: A Modbus Exception Occurred - See Response Body
[2024-12-10T04:20:48.787Z] Error writing to Modbus register: A Modbus Exception Occurred - See Response Body
[2024-12-10T04:20:49.795Z] Error reading or processing Modbus registers: A Modbus Exception Occurred - See Response Body
[2024-12-10T04:20:49.797Z] Error reading register 6507 for IP 10.30.4.128: A Modbus Exception Occurred - See Response Body
[2024-12-10T04:20:49.798Z] Error reading actual data: A Modbus Exception Occurred - See Response Body
[2024-12-10T04:20:49.798Z] Error writing to Modbus register: A Modbus Exception Occurred - See Response Body
[2024-12-10T04:20:50.806Z] Error reading or processing Modbus registers: A Modbus Exception Occurred - See Response Body
[2024-12-10T04:20:50.808Z] Error reading register 6507 for IP 10.30.4.128: A Modbus Exception Occurred - See Response Body
[2024-12-10T04:20:50.809Z] Error reading actual data: A Modbus Exception Occurred - See Response Body
[2024-12-10T04:20:50.809Z] Error writing to Modbus register: A Modbus Exception Occurred - See Response Body
[2024-12-10T04:20:51.820Z] Error reading or processing Modbus registers: A Modbus Exception Occurred - See Response Body
[2024-12-10T04:20:51.822Z] Error reading register 6507 for IP 10.30.4.128: A Modbus Exception Occurred - See Response Body
[2024-12-10T04:20:51.823Z] Error reading actual data: A Modbus Exception Occurred - See Response Body
[2024-12-10T04:20:51.823Z] Error writing to Modbus register: A Modbus Exception Occurred - See Response Body
[2024-12-10T04:20:52.823Z] Error reading or processing Modbus registers: A Modbus Exception Occurred - See Response Body
[2024-12-10T04:20:52.826Z] Error reading register 6507 for IP 10.30.4.128: A Modbus Exception Occurred - See Response Body
[2024-12-10T04:20:52.827Z] Error reading actual data: A Modbus Exception Occurred - See Response Body
[2024-12-10T04:20:52.827Z] Error writing to Modbus register: A Modbus Exception Occurred - See Response Body
[2024-12-10T04:20:53.835Z] Error reading or processing Modbus registers: A Modbus Exception Occurred - See Response Body
[2024-12-10T04:20:53.836Z] Error reading register 6507 for IP 10.30.4.128: A Modbus Exception Occurred - See Response Body
[2024-12-10T04:20:53.837Z] Error reading actual data: A Modbus Exception Occurred - See Response Body
[2024-12-10T04:20:53.838Z] Error writing to Modbus register: A Modbus Exception Occurred - See Response Body
[2024-12-10T04:20:54.849Z] Error reading or processing Modbus registers: A Modbus Exception Occurred - See Response Body
[2024-12-10T04:20:54.851Z] Error reading register 6507 for IP 10.30.4.128: A Modbus Exception Occurred - See Response Body
[2024-12-10T04:20:54.852Z] Error reading actual data: A Modbus Exception Occurred - See Response Body
[2024-12-10T04:20:54.852Z] Error writing to Modbus register: A Modbus Exception Occurred - See Response Body
[2024-12-10T04:20:55.860Z] Error reading or processing Modbus registers: A Modbus Exception Occurred - See Response Body
[2024-12-10T04:20:55.862Z] Error reading register 6507 for IP 10.30.4.128: A Modbus Exception Occurred - See Response Body
[2024-12-10T04:20:55.863Z] Error reading actual data: A Modbus Exception Occurred - See Response Body
[2024-12-10T04:20:55.864Z] Error writing to Modbus register: A Modbus Exception Occurred - See Response Body
[2024-12-10T04:20:56.864Z] Error reading or processing Modbus registers: A Modbus Exception Occurred - See Response Body
[2024-12-10T04:20:56.866Z] Error reading register 6507 for IP 10.30.4.128: A Modbus Exception Occurred - See Response Body
[2024-12-10T04:20:56.867Z] Error reading actual data: A Modbus Exception Occurred - See Response Body
[2024-12-10T04:20:56.868Z] Error writing to Modbus register: A Modbus Exception Occurred - See Response Body
[2024-12-10T04:20:57.876Z] Error reading or processing Modbus registers: A Modbus Exception Occurred - See Response Body
[2024-12-10T04:20:57.879Z] Error reading register 6507 for IP 10.30.4.128: A Modbus Exception Occurred - See Response Body
[2024-12-10T04:20:57.879Z] Error reading actual data: A Modbus Exception Occurred - See Response Body
[2024-12-10T04:20:57.880Z] Error writing to Modbus register: A Modbus Exception Occurred - See Response Body
[2024-12-10T04:20:58.887Z] Error reading or processing Modbus registers: A Modbus Exception Occurred - See Response Body
[2024-12-10T04:20:58.889Z] Error reading register 6507 for IP 10.30.4.128: A Modbus Exception Occurred - See Response Body
[2024-12-10T04:20:58.890Z] Error reading actual data: A Modbus Exception Occurred - See Response Body
[2024-12-10T04:20:58.891Z] Error writing to Modbus register: A Modbus Exception Occurred - See Response Body
[2024-12-10T04:20:59.900Z] Error reading or processing Modbus registers: A Modbus Exception Occurred - See Response Body
[2024-12-10T04:20:59.902Z] Error reading register 6507 for IP 10.30.4.128: A Modbus Exception Occurred - See Response Body
[2024-12-10T04:20:59.903Z] Error reading actual data: A Modbus Exception Occurred - See Response Body
[2024-12-10T04:20:59.904Z] Error writing to Modbus register: A Modbus Exception Occurred - See Response Body
[2024-12-10T04:21:00.915Z] Error reading or processing Modbus registers: A Modbus Exception Occurred - See Response Body
[2024-12-10T04:21:00.917Z] Error reading register 6507 for IP 10.30.4.128: A Modbus Exception Occurred - See Response Body
[2024-12-10T04:21:00.918Z] Error reading actual data: A Modbus Exception Occurred - See Response Body
[2024-12-10T04:21:00.919Z] Error writing to Modbus register: A Modbus Exception Occurred - See Response Body
[2024-12-10T04:21:01.915Z] Error reading or processing Modbus registers: A Modbus Exception Occurred - See Response Body
[2024-12-10T04:21:01.918Z] Error reading register 6507 for IP 10.30.4.128: A Modbus Exception Occurred - See Response Body
[2024-12-10T04:21:01.918Z] Error reading actual data: A Modbus Exception Occurred - See Response Body
[2024-12-10T04:21:01.919Z] Error writing to Modbus register: A Modbus Exception Occurred - See Response Body
[2024-12-10T04:21:02.918Z] Error reading or processing Modbus registers: A Modbus Exception Occurred - See Response Body
[2024-12-10T04:21:02.920Z] Error reading register 6507 for IP 10.30.4.128: A Modbus Exception Occurred - See Response Body
[2024-12-10T04:21:02.921Z] Error reading actual data: A Modbus Exception Occurred - See Response Body
[2024-12-10T04:21:02.922Z] Error writing to Modbus register: A Modbus Exception Occurred - See Response Body
[2024-12-10T04:21:03.929Z] Error reading or processing Modbus registers: A Modbus Exception Occurred - See Response Body
[2024-12-10T04:21:03.931Z] Error reading register 6507 for IP 10.30.4.128: A Modbus Exception Occurred - See Response Body
[2024-12-10T04:21:03.932Z] Error reading actual data: A Modbus Exception Occurred - See Response Body
[2024-12-10T04:21:03.932Z] Error writing to Modbus register: A Modbus Exception Occurred - See Response Body
[2024-12-10T04:21:04.943Z] Error reading or processing Modbus registers: A Modbus Exception Occurred - See Response Body
[2024-12-10T04:21:04.945Z] Error reading register 6507 for IP 10.30.4.128: A Modbus Exception Occurred - See Response Body
[2024-12-10T04:21:04.946Z] Error reading actual data: A Modbus Exception Occurred - See Response Body
[2024-12-10T04:21:04.946Z] Error writing to Modbus register: A Modbus Exception Occurred - See Response Body
[2024-12-10T04:21:05.955Z] Error reading or processing Modbus registers: A Modbus Exception Occurred - See Response Body
[2024-12-10T04:21:05.957Z] Error reading register 6507 for IP 10.30.4.128: A Modbus Exception Occurred - See Response Body
[2024-12-10T04:21:05.957Z] Error reading actual data: A Modbus Exception Occurred - See Response Body
[2024-12-10T04:21:05.958Z] Error writing to Modbus register: A Modbus Exception Occurred - See Response Body
[2024-12-10T04:21:06.967Z] Error reading or processing Modbus registers: A Modbus Exception Occurred - See Response Body
[2024-12-10T04:21:06.970Z] Error reading register 6507 for IP 10.30.4.128: A Modbus Exception Occurred - See Response Body
[2024-12-10T04:21:06.970Z] Error reading actual data: A Modbus Exception Occurred - See Response Body
[2024-12-10T04:21:06.971Z] Error writing to Modbus register: A Modbus Exception Occurred - See Response Body
[2024-12-10T04:21:07.982Z] Error reading or processing Modbus registers: A Modbus Exception Occurred - See Response Body
[2024-12-10T04:21:07.984Z] Error reading register 6507 for IP 10.30.4.128: A Modbus Exception Occurred - See Response Body
[2024-12-10T04:21:07.984Z] Error reading actual data: A Modbus Exception Occurred - See Response Body
[2024-12-10T04:21:07.985Z] Error writing to Modbus register: A Modbus Exception Occurred - See Response Body
[2024-12-10T04:21:08.990Z] Error reading or processing Modbus registers: A Modbus Exception Occurred - See Response Body
[2024-12-10T04:21:08.993Z] Error reading register 6507 for IP 10.30.4.128: A Modbus Exception Occurred - See Response Body
[2024-12-10T04:21:08.993Z] Error reading actual data: A Modbus Exception Occurred - See Response Body
[2024-12-10T04:21:08.994Z] Error writing to Modbus register: A Modbus Exception Occurred - See Response Body
[2024-12-10T04:21:10.006Z] Error reading or processing Modbus registers: A Modbus Exception Occurred - See Response Body
[2024-12-10T04:21:10.010Z] Error reading register 6507 for IP 10.30.4.128: A Modbus Exception Occurred - See Response Body
[2024-12-10T04:21:10.010Z] Error reading actual data: A Modbus Exception Occurred - See Response Body
[2024-12-10T04:21:10.011Z] Error writing to Modbus register: A Modbus Exception Occurred - See Response Body
[2024-12-10T04:21:11.020Z] Error reading or processing Modbus registers: A Modbus Exception Occurred - See Response Body
[2024-12-10T04:21:11.022Z] Error reading register 6507 for IP 10.30.4.128: A Modbus Exception Occurred - See Response Body
[2024-12-10T04:21:11.023Z] Error reading actual data: A Modbus Exception Occurred - See Response Body
[2024-12-10T04:21:11.023Z] Error writing to Modbus register: A Modbus Exception Occurred - See Response Body
[2024-12-10T04:21:12.032Z] Error reading or processing Modbus registers: A Modbus Exception Occurred - See Response Body
[2024-12-10T04:21:12.035Z] Error reading register 6507 for IP 10.30.4.128: A Modbus Exception Occurred - See Response Body
[2024-12-10T04:21:12.036Z] Error reading actual data: A Modbus Exception Occurred - See Response Body
[2024-12-10T04:21:12.036Z] Error writing to Modbus register: A Modbus Exception Occurred - See Response Body
[2024-12-10T04:21:13.042Z] Error reading or processing Modbus registers: A Modbus Exception Occurred - See Response Body
[2024-12-10T04:21:13.045Z] Error reading register 6507 for IP 10.30.4.128: A Modbus Exception Occurred - See Response Body
[2024-12-10T04:21:13.045Z] Error reading actual data: A Modbus Exception Occurred - See Response Body
[2024-12-10T04:21:13.046Z] Error writing to Modbus register: A Modbus Exception Occurred - See Response Body
[2024-12-10T04:21:14.045Z] Error reading or processing Modbus registers: A Modbus Exception Occurred - See Response Body
[2024-12-10T04:21:14.048Z] Error reading register 6507 for IP 10.30.4.128: A Modbus Exception Occurred - See Response Body
[2024-12-10T04:21:14.048Z] Error reading actual data: A Modbus Exception Occurred - See Response Body
[2024-12-10T04:21:14.049Z] Error writing to Modbus register: A Modbus Exception Occurred - See Response Body
[2024-12-10T04:21:15.060Z] Error reading or processing Modbus registers: A Modbus Exception Occurred - See Response Body
[2024-12-10T04:21:15.062Z] Error reading register 6507 for IP 10.30.4.128: A Modbus Exception Occurred - See Response Body
[2024-12-10T04:21:15.063Z] Error reading actual data: A Modbus Exception Occurred - See Response Body
[2024-12-10T04:21:15.063Z] Error writing to Modbus register: A Modbus Exception Occurred - See Response Body
[2024-12-10T04:21:16.071Z] Error reading or processing Modbus registers: A Modbus Exception Occurred - See Response Body
[2024-12-10T04:21:16.074Z] Error reading register 6507 for IP 10.30.4.128: A Modbus Exception Occurred - See Response Body
[2024-12-10T04:21:16.074Z] Error reading actual data: A Modbus Exception Occurred - See Response Body
[2024-12-10T04:21:16.075Z] Error writing to Modbus register: A Modbus Exception Occurred - See Response Body
[2024-12-10T04:21:17.084Z] Error reading or processing Modbus registers: A Modbus Exception Occurred - See Response Body
[2024-12-10T04:21:17.087Z] Error reading register 6507 for IP 10.30.4.128: A Modbus Exception Occurred - See Response Body
[2024-12-10T04:21:17.087Z] Error reading actual data: A Modbus Exception Occurred - See Response Body
[2024-12-10T04:21:17.088Z] Error writing to Modbus register: A Modbus Exception Occurred - See Response Body
[2024-12-10T04:21:18.094Z] Error reading or processing Modbus registers: A Modbus Exception Occurred - See Response Body
[2024-12-10T04:21:18.097Z] Error reading register 6507 for IP 10.30.4.128: A Modbus Exception Occurred - See Response Body
[2024-12-10T04:21:18.097Z] Error reading actual data: A Modbus Exception Occurred - See Response Body
[2024-12-10T04:21:18.098Z] Error writing to Modbus register: A Modbus Exception Occurred - See Response Body
[2024-12-10T04:21:19.104Z] Error reading or processing Modbus registers: A Modbus Exception Occurred - See Response Body
[2024-12-10T04:21:19.106Z] Error reading register 6507 for IP 10.30.4.128: A Modbus Exception Occurred - See Response Body
[2024-12-10T04:21:19.107Z] Error reading actual data: A Modbus Exception Occurred - See Response Body
[2024-12-10T04:21:19.107Z] Error writing to Modbus register: A Modbus Exception Occurred - See Response Body
[2024-12-10T04:21:20.118Z] Error reading or processing Modbus registers: A Modbus Exception Occurred - See Response Body
[2024-12-10T04:21:20.121Z] Error reading register 6507 for IP 10.30.4.128: A Modbus Exception Occurred - See Response Body
[2024-12-10T04:21:20.121Z] Error reading actual data: A Modbus Exception Occurred - See Response Body
[2024-12-10T04:21:20.122Z] Error writing to Modbus register: A Modbus Exception Occurred - See Response Body
[2024-12-10T04:21:21.128Z] Error reading or processing Modbus registers: A Modbus Exception Occurred - See Response Body
[2024-12-10T04:21:21.130Z] Error reading register 6507 for IP 10.30.4.128: A Modbus Exception Occurred - See Response Body
[2024-12-10T04:21:21.131Z] Error reading actual data: A Modbus Exception Occurred - See Response Body
[2024-12-10T04:21:21.132Z] Error writing to Modbus register: A Modbus Exception Occurred - See Response Body
[2024-12-10T04:21:22.130Z] Error reading or processing Modbus registers: A Modbus Exception Occurred - See Response Body
[2024-12-10T04:21:22.132Z] Error reading register 6507 for IP 10.30.4.128: A Modbus Exception Occurred - See Response Body
[2024-12-10T04:21:22.133Z] Error reading actual data: A Modbus Exception Occurred - See Response Body
[2024-12-10T04:21:22.133Z] Error writing to Modbus register: A Modbus Exception Occurred - See Response Body
[2024-12-10T04:21:23.141Z] Error reading or processing Modbus registers: A Modbus Exception Occurred - See Response Body
[2024-12-10T04:21:23.145Z] Error reading register 6507 for IP 10.30.4.128: A Modbus Exception Occurred - See Response Body
[2024-12-10T04:21:23.146Z] Error reading actual data: A Modbus Exception Occurred - See Response Body
[2024-12-10T04:21:23.146Z] Error writing to Modbus register: A Modbus Exception Occurred - See Response Body
[2024-12-10T04:21:24.154Z] Error reading or processing Modbus registers: A Modbus Exception Occurred - See Response Body
[2024-12-10T04:21:24.156Z] Error reading register 6507 for IP 10.30.4.128: A Modbus Exception Occurred - See Response Body
[2024-12-10T04:21:24.157Z] Error reading actual data: A Modbus Exception Occurred - See Response Body
[2024-12-10T04:21:24.157Z] Error writing to Modbus register: A Modbus Exception Occurred - See Response Body
[2024-12-10T04:21:25.164Z] Error reading or processing Modbus registers: A Modbus Exception Occurred - See Response Body
[2024-12-10T04:21:25.166Z] Error reading register 6507 for IP 10.30.4.128: A Modbus Exception Occurred - See Response Body
[2024-12-10T04:21:25.167Z] Error reading actual data: A Modbus Exception Occurred - See Response Body
[2024-12-10T04:21:25.167Z] Error writing to Modbus register: A Modbus Exception Occurred - See Response Body
[2024-12-10T04:21:26.176Z] Error reading or processing Modbus registers: A Modbus Exception Occurred - See Response Body
[2024-12-10T04:21:26.178Z] Error reading register 6507 for IP 10.30.4.128: A Modbus Exception Occurred - See Response Body
[2024-12-10T04:21:26.178Z] Error reading actual data: A Modbus Exception Occurred - See Response Body
[2024-12-10T04:21:26.179Z] Error writing to Modbus register: A Modbus Exception Occurred - See Response Body
[2024-12-10T04:21:27.189Z] Error reading or processing Modbus registers: A Modbus Exception Occurred - See Response Body
[2024-12-10T04:21:27.190Z] Error reading register 6507 for IP 10.30.4.128: A Modbus Exception Occurred - See Response Body
[2024-12-10T04:21:27.191Z] Error reading actual data: A Modbus Exception Occurred - See Response Body
[2024-12-10T04:21:27.192Z] Error writing to Modbus register: A Modbus Exception Occurred - See Response Body
[2024-12-10T04:21:28.197Z] Error reading or processing Modbus registers: A Modbus Exception Occurred - See Response Body
[2024-12-10T04:21:28.200Z] Error reading register 6507 for IP 10.30.4.128: A Modbus Exception Occurred - See Response Body
[2024-12-10T04:21:28.200Z] Error reading actual data: A Modbus Exception Occurred - See Response Body
[2024-12-10T04:21:28.201Z] Error writing to Modbus register: A Modbus Exception Occurred - See Response Body
[2024-12-10T04:21:29.210Z] Error reading or processing Modbus registers: A Modbus Exception Occurred - See Response Body
[2024-12-10T04:21:29.211Z] Error reading register 6507 for IP 10.30.4.128: A Modbus Exception Occurred - See Response Body
[2024-12-10T04:21:29.212Z] Error reading actual data: A Modbus Exception Occurred - See Response Body
[2024-12-10T04:21:29.212Z] Error writing to Modbus register: A Modbus Exception Occurred - See Response Body
[2024-12-10T04:21:30.219Z] Error reading or processing Modbus registers: A Modbus Exception Occurred - See Response Body
[2024-12-10T04:21:30.221Z] Error reading register 6507 for IP 10.30.4.128: A Modbus Exception Occurred - See Response Body
[2024-12-10T04:21:30.222Z] Error reading actual data: A Modbus Exception Occurred - See Response Body
[2024-12-10T04:21:30.222Z] Error writing to Modbus register: A Modbus Exception Occurred - See Response Body
[2024-12-10T04:21:31.220Z] Error reading or processing Modbus registers: A Modbus Exception Occurred - See Response Body
[2024-12-10T04:21:31.223Z] Error reading register 6507 for IP 10.30.4.128: A Modbus Exception Occurred - See Response Body
[2024-12-10T04:21:31.223Z] Error reading actual data: A Modbus Exception Occurred - See Response Body
[2024-12-10T04:21:31.224Z] Error writing to Modbus register: A Modbus Exception Occurred - See Response Body
[2024-12-10T04:21:32.231Z] Error reading or processing Modbus registers: A Modbus Exception Occurred - See Response Body
[2024-12-10T04:21:32.234Z] Error reading register 6507 for IP 10.30.4.128: A Modbus Exception Occurred - See Response Body
[2024-12-10T04:21:32.234Z] Error reading actual data: A Modbus Exception Occurred - See Response Body
[2024-12-10T04:21:32.235Z] Error writing to Modbus register: A Modbus Exception Occurred - See Response Body
[2024-12-10T04:21:33.244Z] Error reading or processing Modbus registers: A Modbus Exception Occurred - See Response Body
[2024-12-10T04:21:33.246Z] Error reading register 6507 for IP 10.30.4.128: A Modbus Exception Occurred - See Response Body
[2024-12-10T04:21:33.247Z] Error reading actual data: A Modbus Exception Occurred - See Response Body
[2024-12-10T04:21:33.248Z] Error writing to Modbus register: A Modbus Exception Occurred - See Response Body
[2024-12-10T04:21:34.258Z] Error reading or processing Modbus registers: A Modbus Exception Occurred - See Response Body
[2024-12-10T04:21:34.260Z] Error reading register 6507 for IP 10.30.4.128: A Modbus Exception Occurred - See Response Body
[2024-12-10T04:21:34.261Z] Error reading actual data: A Modbus Exception Occurred - See Response Body
[2024-12-10T04:21:34.262Z] Error writing to Modbus register: A Modbus Exception Occurred - See Response Body
[2024-12-10T04:21:35.269Z] Error reading or processing Modbus registers: A Modbus Exception Occurred - See Response Body
[2024-12-10T04:21:35.271Z] Error reading register 6507 for IP 10.30.4.128: A Modbus Exception Occurred - See Response Body
[2024-12-10T04:21:35.272Z] Error reading actual data: A Modbus Exception Occurred - See Response Body
[2024-12-10T04:21:35.273Z] Error writing to Modbus register: A Modbus Exception Occurred - See Response Body
[2024-12-10T04:21:36.270Z] Error reading or processing Modbus registers: A Modbus Exception Occurred - See Response Body
[2024-12-10T04:21:36.272Z] Error reading register 6507 for IP 10.30.4.128: A Modbus Exception Occurred - See Response Body
[2024-12-10T04:21:36.273Z] Error reading actual data: A Modbus Exception Occurred - See Response Body
[2024-12-10T04:21:36.274Z] Error writing to Modbus register: A Modbus Exception Occurred - See Response Body
[2024-12-10T04:21:37.269Z] Error reading or processing Modbus registers: A Modbus Exception Occurred - See Response Body
[2024-12-10T04:21:37.271Z] Error reading register 6507 for IP 10.30.4.128: A Modbus Exception Occurred - See Response Body
[2024-12-10T04:21:37.272Z] Error reading actual data: A Modbus Exception Occurred - See Response Body
[2024-12-10T04:21:37.273Z] Error writing to Modbus register: A Modbus Exception Occurred - See Response Body
[2024-12-10T04:21:38.283Z] Error reading or processing Modbus registers: A Modbus Exception Occurred - See Response Body
[2024-12-10T04:21:38.286Z] Error reading register 6507 for IP 10.30.4.128: A Modbus Exception Occurred - See Response Body
[2024-12-10T04:21:38.287Z] Error reading actual data: A Modbus Exception Occurred - See Response Body
[2024-12-10T04:21:38.287Z] Error writing to Modbus register: A Modbus Exception Occurred - See Response Body
[2024-12-10T04:21:39.292Z] Error reading or processing Modbus registers: A Modbus Exception Occurred - See Response Body
[2024-12-10T04:21:39.295Z] Error reading register 6507 for IP 10.30.4.128: A Modbus Exception Occurred - See Response Body
[2024-12-10T04:21:39.295Z] Error reading actual data: A Modbus Exception Occurred - See Response Body
[2024-12-10T04:21:39.296Z] Error writing to Modbus register: A Modbus Exception Occurred - See Response Body
[2024-12-10T04:21:40.306Z] Error reading or processing Modbus registers: A Modbus Exception Occurred - See Response Body
[2024-12-10T04:21:40.308Z] Error reading register 6507 for IP 10.30.4.128: A Modbus Exception Occurred - See Response Body
[2024-12-10T04:21:40.309Z] Error reading actual data: A Modbus Exception Occurred - See Response Body
[2024-12-10T04:21:40.309Z] Error writing to Modbus register: A Modbus Exception Occurred - See Response Body
[2024-12-10T04:21:41.306Z] Error reading or processing Modbus registers: A Modbus Exception Occurred - See Response Body
[2024-12-10T04:21:41.309Z] Error reading register 6507 for IP 10.30.4.128: A Modbus Exception Occurred - See Response Body
[2024-12-10T04:21:41.310Z] Error reading actual data: A Modbus Exception Occurred - See Response Body
[2024-12-10T04:21:41.310Z] Error writing to Modbus register: A Modbus Exception Occurred - See Response Body
[2024-12-10T04:21:42.320Z] Error reading or processing Modbus registers: A Modbus Exception Occurred - See Response Body
[2024-12-10T04:21:42.322Z] Error reading register 6507 for IP 10.30.4.128: A Modbus Exception Occurred - See Response Body
[2024-12-10T04:21:42.322Z] Error reading actual data: A Modbus Exception Occurred - See Response Body
[2024-12-10T04:21:42.323Z] Error writing to Modbus register: A Modbus Exception Occurred - See Response Body
[2024-12-10T04:21:43.320Z] Error reading or processing Modbus registers: A Modbus Exception Occurred - See Response Body
[2024-12-10T04:21:43.323Z] Error reading register 6507 for IP 10.30.4.128: A Modbus Exception Occurred - See Response Body
[2024-12-10T04:21:43.323Z] Error reading actual data: A Modbus Exception Occurred - See Response Body
[2024-12-10T04:21:43.324Z] Error writing to Modbus register: A Modbus Exception Occurred - See Response Body
[2024-12-10T04:21:44.335Z] Error reading or processing Modbus registers: A Modbus Exception Occurred - See Response Body
[2024-12-10T04:21:44.338Z] Error reading register 6507 for IP 10.30.4.128: A Modbus Exception Occurred - See Response Body
[2024-12-10T04:21:44.339Z] Error reading actual data: A Modbus Exception Occurred - See Response Body
[2024-12-10T04:21:44.340Z] Error writing to Modbus register: A Modbus Exception Occurred - See Response Body
[2024-12-10T04:21:45.346Z] Error reading or processing Modbus registers: A Modbus Exception Occurred - See Response Body
[2024-12-10T04:21:45.349Z] Error reading register 6507 for IP 10.30.4.128: A Modbus Exception Occurred - See Response Body
[2024-12-10T04:21:45.349Z] Error reading actual data: A Modbus Exception Occurred - See Response Body
[2024-12-10T04:21:45.350Z] Error writing to Modbus register: A Modbus Exception Occurred - See Response Body
[2024-12-10T04:21:46.359Z] Error reading or processing Modbus registers: A Modbus Exception Occurred - See Response Body
[2024-12-10T04:21:46.361Z] Error reading register 6507 for IP 10.30.4.128: A Modbus Exception Occurred - See Response Body
[2024-12-10T04:21:46.362Z] Error reading actual data: A Modbus Exception Occurred - See Response Body
[2024-12-10T04:21:46.362Z] Error writing to Modbus register: A Modbus Exception Occurred - See Response Body
[2024-12-10T04:21:47.374Z] Error reading or processing Modbus registers: A Modbus Exception Occurred - See Response Body
[2024-12-10T04:21:47.376Z] Error reading register 6507 for IP 10.30.4.128: A Modbus Exception Occurred - See Response Body
[2024-12-10T04:21:47.377Z] Error reading actual data: A Modbus Exception Occurred - See Response Body
[2024-12-10T04:21:47.377Z] Error writing to Modbus register: A Modbus Exception Occurred - See Response Body
[2024-12-10T04:21:48.389Z] Error reading or processing Modbus registers: A Modbus Exception Occurred - See Response Body
[2024-12-10T04:21:48.391Z] Error reading register 6507 for IP 10.30.4.128: A Modbus Exception Occurred - See Response Body
[2024-12-10T04:21:48.392Z] Error reading actual data: A Modbus Exception Occurred - See Response Body
[2024-12-10T04:21:48.392Z] Error writing to Modbus register: A Modbus Exception Occurred - See Response Body
[2024-12-10T04:21:49.398Z] Error reading or processing Modbus registers: A Modbus Exception Occurred - See Response Body
[2024-12-10T04:21:49.400Z] Error reading register 6507 for IP 10.30.4.128: A Modbus Exception Occurred - See Response Body
[2024-12-10T04:21:49.401Z] Error reading actual data: A Modbus Exception Occurred - See Response Body
[2024-12-10T04:21:49.401Z] Error writing to Modbus register: A Modbus Exception Occurred - See Response Body
[2024-12-10T04:21:50.411Z] Error reading or processing Modbus registers: A Modbus Exception Occurred - See Response Body
[2024-12-10T04:21:50.415Z] Error reading register 6507 for IP 10.30.4.128: A Modbus Exception Occurred - See Response Body
[2024-12-10T04:21:50.416Z] Error reading actual data: A Modbus Exception Occurred - See Response Body
[2024-12-10T04:21:50.416Z] Error writing to Modbus register: A Modbus Exception Occurred - See Response Body
[2024-12-10T04:21:51.425Z] Error reading or processing Modbus registers: A Modbus Exception Occurred - See Response Body
[2024-12-10T04:21:51.427Z] Error reading register 6507 for IP 10.30.4.128: A Modbus Exception Occurred - See Response Body
[2024-12-10T04:21:51.427Z] Error reading actual data: A Modbus Exception Occurred - See Response Body
[2024-12-10T04:21:51.428Z] Error writing to Modbus register: A Modbus Exception Occurred - See Response Body
[2024-12-10T04:21:52.437Z] Error reading or processing Modbus registers: A Modbus Exception Occurred - See Response Body
[2024-12-10T04:21:52.440Z] Error reading register 6507 for IP 10.30.4.128: A Modbus Exception Occurred - See Response Body
[2024-12-10T04:21:52.441Z] Error reading actual data: A Modbus Exception Occurred - See Response Body
[2024-12-10T04:21:52.441Z] Error writing to Modbus register: A Modbus Exception Occurred - See Response Body
[2024-12-10T04:21:53.453Z] Error reading or processing Modbus registers: A Modbus Exception Occurred - See Response Body
[2024-12-10T04:21:53.455Z] Error reading register 6507 for IP 10.30.4.128: A Modbus Exception Occurred - See Response Body
[2024-12-10T04:21:53.456Z] Error reading actual data: A Modbus Exception Occurred - See Response Body
[2024-12-10T04:21:53.456Z] Error writing to Modbus register: A Modbus Exception Occurred - See Response Body
[2024-12-10T04:21:54.466Z] Error reading or processing Modbus registers: A Modbus Exception Occurred - See Response Body
[2024-12-10T04:21:54.469Z] Error reading register 6507 for IP 10.30.4.128: A Modbus Exception Occurred - See Response Body
[2024-12-10T04:21:54.470Z] Error reading actual data: A Modbus Exception Occurred - See Response Body
[2024-12-10T04:21:54.470Z] Error writing to Modbus register: A Modbus Exception Occurred - See Response Body
[2024-12-10T04:21:55.479Z] Error reading or processing Modbus registers: A Modbus Exception Occurred - See Response Body
[2024-12-10T04:21:55.482Z] Error reading register 6507 for IP 10.30.4.128: A Modbus Exception Occurred - See Response Body
[2024-12-10T04:21:55.482Z] Error reading actual data: A Modbus Exception Occurred - See Response Body
[2024-12-10T04:21:55.483Z] Error writing to Modbus register: A Modbus Exception Occurred - See Response Body
[2024-12-10T04:21:56.493Z] Error reading or processing Modbus registers: A Modbus Exception Occurred - See Response Body
[2024-12-10T04:21:56.495Z] Error reading register 6507 for IP 10.30.4.128: A Modbus Exception Occurred - See Response Body
[2024-12-10T04:21:56.495Z] Error reading actual data: A Modbus Exception Occurred - See Response Body
[2024-12-10T04:21:56.496Z] Error writing to Modbus register: A Modbus Exception Occurred - See Response Body
[2024-12-10T04:21:57.506Z] Error reading or processing Modbus registers: A Modbus Exception Occurred - See Response Body
[2024-12-10T04:21:57.508Z] Error reading register 6507 for IP 10.30.4.128: A Modbus Exception Occurred - See Response Body
[2024-12-10T04:21:57.509Z] Error reading actual data: A Modbus Exception Occurred - See Response Body
[2024-12-10T04:21:57.510Z] Error writing to Modbus register: A Modbus Exception Occurred - See Response Body
[2024-12-10T04:21:58.520Z] Error reading or processing Modbus registers: A Modbus Exception Occurred - See Response Body
[2024-12-10T04:21:58.522Z] Error reading register 6507 for IP 10.30.4.128: A Modbus Exception Occurred - See Response Body
[2024-12-10T04:21:58.523Z] Error reading actual data: A Modbus Exception Occurred - See Response Body
[2024-12-10T04:21:58.524Z] Error writing to Modbus register: A Modbus Exception Occurred - See Response Body
[2024-12-10T04:21:59.527Z] Error reading or processing Modbus registers: A Modbus Exception Occurred - See Response Body
[2024-12-10T04:21:59.530Z] Error reading register 6507 for IP 10.30.4.128: A Modbus Exception Occurred - See Response Body
[2024-12-10T04:21:59.530Z] Error reading actual data: A Modbus Exception Occurred - See Response Body
[2024-12-10T04:21:59.531Z] Error writing to Modbus register: A Modbus Exception Occurred - See Response Body
[2024-12-10T04:22:00.541Z] Error reading or processing Modbus registers: A Modbus Exception Occurred - See Response Body
[2024-12-10T04:22:00.544Z] Error reading register 6507 for IP 10.30.4.128: A Modbus Exception Occurred - See Response Body
[2024-12-10T04:22:00.545Z] Error reading actual data: A Modbus Exception Occurred - See Response Body
[2024-12-10T04:22:00.545Z] Error writing to Modbus register: A Modbus Exception Occurred - See Response Body
[2024-12-10T04:22:01.554Z] Error reading or processing Modbus registers: A Modbus Exception Occurred - See Response Body
[2024-12-10T04:22:01.556Z] Error reading register 6507 for IP 10.30.4.128: A Modbus Exception Occurred - See Response Body
[2024-12-10T04:22:01.556Z] Error reading actual data: A Modbus Exception Occurred - See Response Body
[2024-12-10T04:22:01.557Z] Error writing to Modbus register: A Modbus Exception Occurred - See Response Body
[2024-12-10T04:22:02.561Z] Error reading or processing Modbus registers: A Modbus Exception Occurred - See Response Body
[2024-12-10T04:22:02.563Z] Error reading register 6507 for IP 10.30.4.128: A Modbus Exception Occurred - See Response Body
[2024-12-10T04:22:02.564Z] Error reading actual data: A Modbus Exception Occurred - See Response Body
[2024-12-10T04:22:02.564Z] Error writing to Modbus register: A Modbus Exception Occurred - See Response Body
[2024-12-10T04:22:03.562Z] Error reading or processing Modbus registers: A Modbus Exception Occurred - See Response Body
[2024-12-10T04:22:03.564Z] Error reading register 6507 for IP 10.30.4.128: A Modbus Exception Occurred - See Response Body
[2024-12-10T04:22:03.565Z] Error reading actual data: A Modbus Exception Occurred - See Response Body
[2024-12-10T04:22:03.566Z] Error writing to Modbus register: A Modbus Exception Occurred - See Response Body
[2024-12-10T04:22:04.576Z] Error reading or processing Modbus registers: A Modbus Exception Occurred - See Response Body
[2024-12-10T04:22:04.579Z] Error reading register 6507 for IP 10.30.4.128: A Modbus Exception Occurred - See Response Body
[2024-12-10T04:22:04.579Z] Error reading actual data: A Modbus Exception Occurred - See Response Body
[2024-12-10T04:22:04.580Z] Error writing to Modbus register: A Modbus Exception Occurred - See Response Body
[2024-12-10T04:22:05.590Z] Error reading or processing Modbus registers: A Modbus Exception Occurred - See Response Body
[2024-12-10T04:22:05.592Z] Error reading register 6507 for IP 10.30.4.128: A Modbus Exception Occurred - See Response Body
[2024-12-10T04:22:05.593Z] Error reading actual data: A Modbus Exception Occurred - See Response Body
[2024-12-10T04:22:05.593Z] Error writing to Modbus register: A Modbus Exception Occurred - See Response Body
[2024-12-10T04:22:06.602Z] Error reading or processing Modbus registers: A Modbus Exception Occurred - See Response Body
[2024-12-10T04:22:06.604Z] Error reading register 6507 for IP 10.30.4.128: A Modbus Exception Occurred - See Response Body
[2024-12-10T04:22:06.604Z] Error reading actual data: A Modbus Exception Occurred - See Response Body
[2024-12-10T04:22:06.605Z] Error writing to Modbus register: A Modbus Exception Occurred - See Response Body
[2024-12-10T04:22:07.613Z] Error reading or processing Modbus registers: A Modbus Exception Occurred - See Response Body
[2024-12-10T04:22:07.615Z] Error reading register 6507 for IP 10.30.4.128: A Modbus Exception Occurred - See Response Body
[2024-12-10T04:22:07.615Z] Error reading actual data: A Modbus Exception Occurred - See Response Body
[2024-12-10T04:22:07.616Z] Error writing to Modbus register: A Modbus Exception Occurred - See Response Body
[2024-12-10T04:22:08.624Z] Error reading or processing Modbus registers: A Modbus Exception Occurred - See Response Body
[2024-12-10T04:22:08.627Z] Error reading register 6507 for IP 10.30.4.128: A Modbus Exception Occurred - See Response Body
[2024-12-10T04:22:08.628Z] Error reading actual data: A Modbus Exception Occurred - See Response Body
[2024-12-10T04:22:08.628Z] Error writing to Modbus register: A Modbus Exception Occurred - See Response Body
[2024-12-10T04:22:09.632Z] Error reading or processing Modbus registers: A Modbus Exception Occurred - See Response Body
[2024-12-10T04:22:09.635Z] Error reading register 6507 for IP 10.30.4.128: A Modbus Exception Occurred - See Response Body
[2024-12-10T04:22:09.636Z] Error reading actual data: A Modbus Exception Occurred - See Response Body
[2024-12-10T04:22:09.636Z] Error writing to Modbus register: A Modbus Exception Occurred - See Response Body
[2024-12-10T04:22:10.646Z] Error reading or processing Modbus registers: A Modbus Exception Occurred - See Response Body
[2024-12-10T04:22:10.648Z] Error reading register 6507 for IP 10.30.4.128: A Modbus Exception Occurred - See Response Body
[2024-12-10T04:22:10.648Z] Error reading actual data: A Modbus Exception Occurred - See Response Body
[2024-12-10T04:22:10.649Z] Error writing to Modbus register: A Modbus Exception Occurred - See Response Body
[2024-12-10T04:22:11.659Z] Error reading or processing Modbus registers: A Modbus Exception Occurred - See Response Body
[2024-12-10T04:22:11.662Z] Error reading register 6507 for IP 10.30.4.128: A Modbus Exception Occurred - See Response Body
[2024-12-10T04:22:11.662Z] Error reading actual data: A Modbus Exception Occurred - See Response Body
[2024-12-10T04:22:11.663Z] Error writing to Modbus register: A Modbus Exception Occurred - See Response Body
[2024-12-10T04:22:12.671Z] Error reading or processing Modbus registers: A Modbus Exception Occurred - See Response Body
[2024-12-10T04:22:12.674Z] Error reading register 6507 for IP 10.30.4.128: A Modbus Exception Occurred - See Response Body
[2024-12-10T04:22:12.674Z] Error reading actual data: A Modbus Exception Occurred - See Response Body
[2024-12-10T04:22:12.675Z] Error writing to Modbus register: A Modbus Exception Occurred - See Response Body
[2024-12-10T04:22:13.682Z] Error reading or processing Modbus registers: A Modbus Exception Occurred - See Response Body
[2024-12-10T04:22:13.684Z] Error reading register 6507 for IP 10.30.4.128: A Modbus Exception Occurred - See Response Body
[2024-12-10T04:22:13.684Z] Error reading actual data: A Modbus Exception Occurred - See Response Body
[2024-12-10T04:22:13.685Z] Error writing to Modbus register: A Modbus Exception Occurred - See Response Body
[2024-12-10T04:22:14.684Z] Error reading or processing Modbus registers: A Modbus Exception Occurred - See Response Body
[2024-12-10T04:22:14.686Z] Error reading register 6507 for IP 10.30.4.128: A Modbus Exception Occurred - See Response Body
[2024-12-10T04:22:14.687Z] Error reading actual data: A Modbus Exception Occurred - See Response Body
[2024-12-10T04:22:14.687Z] Error writing to Modbus register: A Modbus Exception Occurred - See Response Body
[2024-12-10T04:22:15.697Z] Error reading or processing Modbus registers: A Modbus Exception Occurred - See Response Body
[2024-12-10T04:22:15.700Z] Error reading register 6507 for IP 10.30.4.128: A Modbus Exception Occurred - See Response Body
[2024-12-10T04:22:15.701Z] Error reading actual data: A Modbus Exception Occurred - See Response Body
[2024-12-10T04:22:15.701Z] Error writing to Modbus register: A Modbus Exception Occurred - See Response Body
[2024-12-10T04:22:16.709Z] Error reading or processing Modbus registers: A Modbus Exception Occurred - See Response Body
[2024-12-10T04:22:16.711Z] Error reading register 6507 for IP 10.30.4.128: A Modbus Exception Occurred - See Response Body
[2024-12-10T04:22:16.711Z] Error reading actual data: A Modbus Exception Occurred - See Response Body
[2024-12-10T04:22:16.712Z] Error writing to Modbus register: A Modbus Exception Occurred - See Response Body
[2024-12-10T04:22:17.723Z] Error reading or processing Modbus registers: A Modbus Exception Occurred - See Response Body
[2024-12-10T04:22:17.726Z] Error reading register 6507 for IP 10.30.4.128: A Modbus Exception Occurred - See Response Body
[2024-12-10T04:22:17.726Z] Error reading actual data: A Modbus Exception Occurred - See Response Body
[2024-12-10T04:22:17.727Z] Error writing to Modbus register: A Modbus Exception Occurred - See Response Body
[2024-12-10T04:22:18.736Z] Error reading or processing Modbus registers: A Modbus Exception Occurred - See Response Body
[2024-12-10T04:22:18.738Z] Error reading register 6507 for IP 10.30.4.128: A Modbus Exception Occurred - See Response Body
[2024-12-10T04:22:18.738Z] Error reading actual data: A Modbus Exception Occurred - See Response Body
[2024-12-10T04:22:18.739Z] Error writing to Modbus register: A Modbus Exception Occurred - See Response Body
[2024-12-10T04:22:19.735Z] Error reading or processing Modbus registers: A Modbus Exception Occurred - See Response Body
[2024-12-10T04:22:19.738Z] Error reading register 6507 for IP 10.30.4.128: A Modbus Exception Occurred - See Response Body
[2024-12-10T04:22:19.739Z] Error reading actual data: A Modbus Exception Occurred - See Response Body
[2024-12-10T04:22:19.739Z] Error writing to Modbus register: A Modbus Exception Occurred - See Response Body
[2024-12-10T04:22:20.750Z] Error reading or processing Modbus registers: A Modbus Exception Occurred - See Response Body
[2024-12-10T04:22:20.752Z] Error reading register 6507 for IP 10.30.4.128: A Modbus Exception Occurred - See Response Body
[2024-12-10T04:22:20.753Z] Error reading actual data: A Modbus Exception Occurred - See Response Body
[2024-12-10T04:22:20.753Z] Error writing to Modbus register: A Modbus Exception Occurred - See Response Body
[2024-12-10T04:22:21.752Z] Error reading or processing Modbus registers: A Modbus Exception Occurred - See Response Body
[2024-12-10T04:22:21.754Z] Error reading register 6507 for IP 10.30.4.128: A Modbus Exception Occurred - See Response Body
[2024-12-10T04:22:21.755Z] Error reading actual data: A Modbus Exception Occurred - See Response Body
[2024-12-10T04:22:21.756Z] Error writing to Modbus register: A Modbus Exception Occurred - See Response Body
[2024-12-10T04:22:22.765Z] Error reading or processing Modbus registers: A Modbus Exception Occurred - See Response Body
[2024-12-10T04:22:22.767Z] Error reading register 6507 for IP 10.30.4.128: A Modbus Exception Occurred - See Response Body
[2024-12-10T04:22:22.767Z] Error reading actual data: A Modbus Exception Occurred - See Response Body
[2024-12-10T04:22:22.768Z] Error writing to Modbus register: A Modbus Exception Occurred - See Response Body
[2024-12-10T04:22:23.774Z] Error reading or processing Modbus registers: A Modbus Exception Occurred - See Response Body
[2024-12-10T04:22:23.776Z] Error reading register 6507 for IP 10.30.4.128: A Modbus Exception Occurred - See Response Body
[2024-12-10T04:22:23.776Z] Error reading actual data: A Modbus Exception Occurred - See Response Body
[2024-12-10T04:22:23.777Z] Error writing to Modbus register: A Modbus Exception Occurred - See Response Body
[2024-12-10T04:22:24.787Z] Error reading or processing Modbus registers: A Modbus Exception Occurred - See Response Body
[2024-12-10T04:22:24.789Z] Error reading register 6507 for IP 10.30.4.128: A Modbus Exception Occurred - See Response Body
[2024-12-10T04:22:24.790Z] Error reading actual data: A Modbus Exception Occurred - See Response Body
[2024-12-10T04:22:24.790Z] Error writing to Modbus register: A Modbus Exception Occurred - See Response Body
[2024-12-10T04:22:25.801Z] Error reading or processing Modbus registers: A Modbus Exception Occurred - See Response Body
[2024-12-10T04:22:25.803Z] Error reading register 6507 for IP 10.30.4.128: A Modbus Exception Occurred - See Response Body
[2024-12-10T04:22:25.804Z] Error reading actual data: A Modbus Exception Occurred - See Response Body
[2024-12-10T04:22:25.804Z] Error writing to Modbus register: A Modbus Exception Occurred - See Response Body
[2024-12-10T04:22:26.813Z] Error reading or processing Modbus registers: A Modbus Exception Occurred - See Response Body
[2024-12-10T04:22:26.817Z] Error reading register 6507 for IP 10.30.4.128: A Modbus Exception Occurred - See Response Body
[2024-12-10T04:22:26.817Z] Error reading actual data: A Modbus Exception Occurred - See Response Body
[2024-12-10T04:22:26.818Z] Error writing to Modbus register: A Modbus Exception Occurred - See Response Body
[2024-12-10T04:22:27.814Z] Error reading or processing Modbus registers: A Modbus Exception Occurred - See Response Body
[2024-12-10T04:22:27.815Z] Error reading register 6507 for IP 10.30.4.128: A Modbus Exception Occurred - See Response Body
[2024-12-10T04:22:27.816Z] Error reading actual data: A Modbus Exception Occurred - See Response Body
[2024-12-10T04:22:27.817Z] Error writing to Modbus register: A Modbus Exception Occurred - See Response Body
[2024-12-10T04:22:28.828Z] Error reading or processing Modbus registers: A Modbus Exception Occurred - See Response Body
[2024-12-10T04:22:28.830Z] Error reading register 6507 for IP 10.30.4.128: A Modbus Exception Occurred - See Response Body
[2024-12-10T04:22:28.831Z] Error reading actual data: A Modbus Exception Occurred - See Response Body
[2024-12-10T04:22:28.831Z] Error writing to Modbus register: A Modbus Exception Occurred - See Response Body
[2024-12-10T04:22:29.836Z] Error reading or processing Modbus registers: A Modbus Exception Occurred - See Response Body
[2024-12-10T04:22:29.837Z] Error reading register 6507 for IP 10.30.4.128: A Modbus Exception Occurred - See Response Body
[2024-12-10T04:22:29.838Z] Error reading actual data: A Modbus Exception Occurred - See Response Body
[2024-12-10T04:22:29.839Z] Error writing to Modbus register: A Modbus Exception Occurred - See Response Body
[2024-12-10T04:22:30.837Z] Error reading or processing Modbus registers: A Modbus Exception Occurred - See Response Body
[2024-12-10T04:22:30.839Z] Error reading register 6507 for IP 10.30.4.128: A Modbus Exception Occurred - See Response Body
[2024-12-10T04:22:30.839Z] Error reading actual data: A Modbus Exception Occurred - See Response Body
[2024-12-10T04:22:30.840Z] Error writing to Modbus register: A Modbus Exception Occurred - See Response Body
[2024-12-10T04:22:31.837Z] Error reading or processing Modbus registers: A Modbus Exception Occurred - See Response Body
[2024-12-10T04:22:31.840Z] Error reading register 6507 for IP 10.30.4.128: A Modbus Exception Occurred - See Response Body
[2024-12-10T04:22:31.840Z] Error reading actual data: A Modbus Exception Occurred - See Response Body
[2024-12-10T04:22:31.841Z] Error writing to Modbus register: A Modbus Exception Occurred - See Response Body
[2024-12-10T04:22:32.850Z] Error reading or processing Modbus registers: A Modbus Exception Occurred - See Response Body
[2024-12-10T04:22:32.852Z] Error reading register 6507 for IP 10.30.4.128: A Modbus Exception Occurred - See Response Body
[2024-12-10T04:22:32.853Z] Error reading actual data: A Modbus Exception Occurred - See Response Body
[2024-12-10T04:22:32.853Z] Error writing to Modbus register: A Modbus Exception Occurred - See Response Body
[2024-12-10T04:22:33.865Z] Error reading or processing Modbus registers: A Modbus Exception Occurred - See Response Body
[2024-12-10T04:22:33.867Z] Error reading register 6507 for IP 10.30.4.128: A Modbus Exception Occurred - See Response Body
[2024-12-10T04:22:33.868Z] Error reading actual data: A Modbus Exception Occurred - See Response Body
[2024-12-10T04:22:33.868Z] Error writing to Modbus register: A Modbus Exception Occurred - See Response Body
[2024-12-10T04:22:34.865Z] Error reading or processing Modbus registers: A Modbus Exception Occurred - See Response Body
[2024-12-10T04:22:34.867Z] Error reading register 6507 for IP 10.30.4.128: A Modbus Exception Occurred - See Response Body
[2024-12-10T04:22:34.868Z] Error reading actual data: A Modbus Exception Occurred - See Response Body
[2024-12-10T04:22:34.869Z] Error writing to Modbus register: A Modbus Exception Occurred - See Response Body
[2024-12-10T04:22:35.877Z] Error reading or processing Modbus registers: A Modbus Exception Occurred - See Response Body
[2024-12-10T04:22:35.880Z] Error reading register 6507 for IP 10.30.4.128: A Modbus Exception Occurred - See Response Body
[2024-12-10T04:22:35.881Z] Error reading actual data: A Modbus Exception Occurred - See Response Body
[2024-12-10T04:22:35.881Z] Error writing to Modbus register: A Modbus Exception Occurred - See Response Body
[2024-12-10T04:22:36.882Z] Error reading or processing Modbus registers: A Modbus Exception Occurred - See Response Body
[2024-12-10T04:22:36.884Z] Error reading register 6507 for IP 10.30.4.128: A Modbus Exception Occurred - See Response Body
[2024-12-10T04:22:36.884Z] Error reading actual data: A Modbus Exception Occurred - See Response Body
[2024-12-10T04:22:36.885Z] Error writing to Modbus register: A Modbus Exception Occurred - See Response Body
[2024-12-10T04:22:37.892Z] Error reading or processing Modbus registers: A Modbus Exception Occurred - See Response Body
[2024-12-10T04:22:37.894Z] Error reading register 6507 for IP 10.30.4.128: A Modbus Exception Occurred - See Response Body
[2024-12-10T04:22:37.895Z] Error reading actual data: A Modbus Exception Occurred - See Response Body
[2024-12-10T04:22:37.895Z] Error writing to Modbus register: A Modbus Exception Occurred - See Response Body
[2024-12-10T04:22:38.892Z] Error reading or processing Modbus registers: A Modbus Exception Occurred - See Response Body
[2024-12-10T04:22:38.894Z] Error reading register 6507 for IP 10.30.4.128: A Modbus Exception Occurred - See Response Body
[2024-12-10T04:22:38.895Z] Error reading actual data: A Modbus Exception Occurred - See Response Body
[2024-12-10T04:22:38.895Z] Error writing to Modbus register: A Modbus Exception Occurred - See Response Body
[2024-12-10T04:22:39.906Z] Error reading or processing Modbus registers: A Modbus Exception Occurred - See Response Body
[2024-12-10T04:22:39.908Z] Error reading register 6507 for IP 10.30.4.128: A Modbus Exception Occurred - See Response Body
[2024-12-10T04:22:39.909Z] Error reading actual data: A Modbus Exception Occurred - See Response Body
[2024-12-10T04:22:39.909Z] Error writing to Modbus register: A Modbus Exception Occurred - See Response Body
[2024-12-10T04:22:40.920Z] Error reading or processing Modbus registers: A Modbus Exception Occurred - See Response Body
[2024-12-10T04:22:40.923Z] Error reading register 6507 for IP 10.30.4.128: A Modbus Exception Occurred - See Response Body
[2024-12-10T04:22:40.924Z] Error reading actual data: A Modbus Exception Occurred - See Response Body
[2024-12-10T04:22:40.924Z] Error writing to Modbus register: A Modbus Exception Occurred - See Response Body
[2024-12-10T04:22:41.934Z] Error reading or processing Modbus registers: A Modbus Exception Occurred - See Response Body
[2024-12-10T04:22:41.936Z] Error reading register 6507 for IP 10.30.4.128: A Modbus Exception Occurred - See Response Body
[2024-12-10T04:22:41.937Z] Error reading actual data: A Modbus Exception Occurred - See Response Body
[2024-12-10T04:22:41.938Z] Error writing to Modbus register: A Modbus Exception Occurred - See Response Body
[2024-12-10T04:22:42.947Z] Error reading or processing Modbus registers: A Modbus Exception Occurred - See Response Body
[2024-12-10T04:22:42.952Z] Error reading register 6507 for IP 10.30.4.128: A Modbus Exception Occurred - See Response Body
[2024-12-10T04:22:42.953Z] Error reading actual data: A Modbus Exception Occurred - See Response Body
[2024-12-10T04:22:42.953Z] Error writing to Modbus register: A Modbus Exception Occurred - See Response Body
[2024-12-10T04:22:43.960Z] Error reading or processing Modbus registers: A Modbus Exception Occurred - See Response Body
[2024-12-10T04:22:43.962Z] Error reading register 6507 for IP 10.30.4.128: A Modbus Exception Occurred - See Response Body
[2024-12-10T04:22:43.962Z] Error reading actual data: A Modbus Exception Occurred - See Response Body
[2024-12-10T04:22:43.963Z] Error writing to Modbus register: A Modbus Exception Occurred - See Response Body
[2024-12-10T04:22:44.974Z] Error reading or processing Modbus registers: A Modbus Exception Occurred - See Response Body
[2024-12-10T04:22:44.976Z] Error reading register 6507 for IP 10.30.4.128: A Modbus Exception Occurred - See Response Body
[2024-12-10T04:22:44.976Z] Error reading actual data: A Modbus Exception Occurred - See Response Body
[2024-12-10T04:22:44.977Z] Error writing to Modbus register: A Modbus Exception Occurred - See Response Body
[2024-12-10T04:22:45.974Z] Error reading or processing Modbus registers: A Modbus Exception Occurred - See Response Body
[2024-12-10T04:22:45.976Z] Error reading register 6507 for IP 10.30.4.128: A Modbus Exception Occurred - See Response Body
[2024-12-10T04:22:45.976Z] Error reading actual data: A Modbus Exception Occurred - See Response Body
[2024-12-10T04:22:45.977Z] Error writing to Modbus register: A Modbus Exception Occurred - See Response Body
[2024-12-10T04:22:46.989Z] Error reading or processing Modbus registers: A Modbus Exception Occurred - See Response Body
[2024-12-10T04:22:46.991Z] Error reading register 6507 for IP 10.30.4.128: A Modbus Exception Occurred - See Response Body
[2024-12-10T04:22:46.992Z] Error reading actual data: A Modbus Exception Occurred - See Response Body
[2024-12-10T04:22:46.992Z] Error writing to Modbus register: A Modbus Exception Occurred - See Response Body
[2024-12-10T04:22:48.000Z] Error reading or processing Modbus registers: A Modbus Exception Occurred - See Response Body
[2024-12-10T04:22:48.002Z] Error reading register 6507 for IP 10.30.4.128: A Modbus Exception Occurred - See Response Body
[2024-12-10T04:22:48.003Z] Error reading actual data: A Modbus Exception Occurred - See Response Body
[2024-12-10T04:22:48.003Z] Error writing to Modbus register: A Modbus Exception Occurred - See Response Body
[2024-12-10T04:22:49.014Z] Error reading or processing Modbus registers: A Modbus Exception Occurred - See Response Body
[2024-12-10T04:22:49.017Z] Error reading register 6507 for IP 10.30.4.128: A Modbus Exception Occurred - See Response Body
[2024-12-10T04:22:49.018Z] Error reading actual data: A Modbus Exception Occurred - See Response Body
[2024-12-10T04:22:49.019Z] Error writing to Modbus register: A Modbus Exception Occurred - See Response Body
[2024-12-10T04:22:50.037Z] Error reading or processing Modbus registers: A Modbus Exception Occurred - See Response Body
[2024-12-10T04:22:50.040Z] Error reading register 6507 for IP 10.30.4.128: A Modbus Exception Occurred - See Response Body
[2024-12-10T04:22:50.041Z] Error reading actual data: A Modbus Exception Occurred - See Response Body
[2024-12-10T04:22:50.041Z] Error writing to Modbus register: A Modbus Exception Occurred - See Response Body
[2024-12-10T04:22:51.040Z] Error reading or processing Modbus registers: A Modbus Exception Occurred - See Response Body
[2024-12-10T04:22:51.042Z] Error reading register 6507 for IP 10.30.4.128: A Modbus Exception Occurred - See Response Body
[2024-12-10T04:22:51.042Z] Error reading actual data: A Modbus Exception Occurred - See Response Body
[2024-12-10T04:22:51.043Z] Error writing to Modbus register: A Modbus Exception Occurred - See Response Body
[2024-12-10T04:22:52.050Z] Error reading or processing Modbus registers: A Modbus Exception Occurred - See Response Body
[2024-12-10T04:22:52.052Z] Error reading register 6507 for IP 10.30.4.128: A Modbus Exception Occurred - See Response Body
[2024-12-10T04:22:52.053Z] Error reading actual data: A Modbus Exception Occurred - See Response Body
[2024-12-10T04:22:52.053Z] Error writing to Modbus register: A Modbus Exception Occurred - See Response Body
[2024-12-10T04:22:53.060Z] Error reading or processing Modbus registers: A Modbus Exception Occurred - See Response Body
[2024-12-10T04:22:53.061Z] Error reading register 6507 for IP 10.30.4.128: A Modbus Exception Occurred - See Response Body
[2024-12-10T04:22:53.062Z] Error reading actual data: A Modbus Exception Occurred - See Response Body
[2024-12-10T04:22:53.063Z] Error writing to Modbus register: A Modbus Exception Occurred - See Response Body
[2024-12-10T04:22:54.061Z] Error reading or processing Modbus registers: A Modbus Exception Occurred - See Response Body
[2024-12-10T04:22:54.063Z] Error reading register 6507 for IP 10.30.4.128: A Modbus Exception Occurred - See Response Body
[2024-12-10T04:22:54.064Z] Error reading actual data: A Modbus Exception Occurred - See Response Body
[2024-12-10T04:22:54.065Z] Error writing to Modbus register: A Modbus Exception Occurred - See Response Body
[2024-12-10T04:22:55.075Z] Error reading or processing Modbus registers: A Modbus Exception Occurred - See Response Body
[2024-12-10T04:22:55.077Z] Error reading register 6507 for IP 10.30.4.128: A Modbus Exception Occurred - See Response Body
[2024-12-10T04:22:55.077Z] Error reading actual data: A Modbus Exception Occurred - See Response Body
[2024-12-10T04:22:55.078Z] Error writing to Modbus register: A Modbus Exception Occurred - See Response Body
[2024-12-10T04:22:56.085Z] Error reading or processing Modbus registers: A Modbus Exception Occurred - See Response Body
[2024-12-10T04:22:56.087Z] Error reading register 6507 for IP 10.30.4.128: A Modbus Exception Occurred - See Response Body
[2024-12-10T04:22:56.088Z] Error reading actual data: A Modbus Exception Occurred - See Response Body
[2024-12-10T04:22:56.088Z] Error writing to Modbus register: A Modbus Exception Occurred - See Response Body
[2024-12-10T04:22:57.098Z] Error reading or processing Modbus registers: A Modbus Exception Occurred - See Response Body
[2024-12-10T04:22:57.100Z] Error reading register 6507 for IP 10.30.4.128: A Modbus Exception Occurred - See Response Body
[2024-12-10T04:22:57.101Z] Error reading actual data: A Modbus Exception Occurred - See Response Body
[2024-12-10T04:22:57.102Z] Error writing to Modbus register: A Modbus Exception Occurred - See Response Body
[2024-12-10T04:22:58.110Z] Error reading or processing Modbus registers: A Modbus Exception Occurred - See Response Body
[2024-12-10T04:22:58.112Z] Error reading register 6507 for IP 10.30.4.128: A Modbus Exception Occurred - See Response Body
[2024-12-10T04:22:58.113Z] Error reading actual data: A Modbus Exception Occurred - See Response Body
[2024-12-10T04:22:58.114Z] Error writing to Modbus register: A Modbus Exception Occurred - See Response Body
[2024-12-10T04:22:59.122Z] Error reading or processing Modbus registers: A Modbus Exception Occurred - See Response Body
[2024-12-10T04:22:59.125Z] Error reading register 6507 for IP 10.30.4.128: A Modbus Exception Occurred - See Response Body
[2024-12-10T04:22:59.126Z] Error reading actual data: A Modbus Exception Occurred - See Response Body
[2024-12-10T04:22:59.126Z] Error writing to Modbus register: A Modbus Exception Occurred - See Response Body
[2024-12-10T04:23:00.123Z] Error reading or processing Modbus registers: A Modbus Exception Occurred - See Response Body
[2024-12-10T04:23:00.125Z] Error reading register 6507 for IP 10.30.4.128: A Modbus Exception Occurred - See Response Body
[2024-12-10T04:23:00.126Z] Error reading actual data: A Modbus Exception Occurred - See Response Body
[2024-12-10T04:23:00.126Z] Error writing to Modbus register: A Modbus Exception Occurred - See Response Body
[2024-12-10T04:23:01.136Z] Error reading or processing Modbus registers: A Modbus Exception Occurred - See Response Body
[2024-12-10T04:23:01.138Z] Error reading register 6507 for IP 10.30.4.128: A Modbus Exception Occurred - See Response Body
[2024-12-10T04:23:01.139Z] Error reading actual data: A Modbus Exception Occurred - See Response Body
[2024-12-10T04:23:01.140Z] Error writing to Modbus register: A Modbus Exception Occurred - See Response Body
[2024-12-10T04:23:02.149Z] Error reading or processing Modbus registers: A Modbus Exception Occurred - See Response Body
[2024-12-10T04:23:02.151Z] Error reading register 6507 for IP 10.30.4.128: A Modbus Exception Occurred - See Response Body
[2024-12-10T04:23:02.152Z] Error reading actual data: A Modbus Exception Occurred - See Response Body
[2024-12-10T04:23:02.153Z] Error writing to Modbus register: A Modbus Exception Occurred - See Response Body
[2024-12-10T04:23:03.161Z] Error reading or processing Modbus registers: A Modbus Exception Occurred - See Response Body
[2024-12-10T04:23:03.163Z] Error reading register 6507 for IP 10.30.4.128: A Modbus Exception Occurred - See Response Body
[2024-12-10T04:23:03.164Z] Error reading actual data: A Modbus Exception Occurred - See Response Body
[2024-12-10T04:23:03.165Z] Error writing to Modbus register: A Modbus Exception Occurred - See Response Body
[2024-12-10T04:23:04.175Z] Error reading or processing Modbus registers: A Modbus Exception Occurred - See Response Body
[2024-12-10T04:23:04.177Z] Error reading register 6507 for IP 10.30.4.128: A Modbus Exception Occurred - See Response Body
[2024-12-10T04:23:04.178Z] Error reading actual data: A Modbus Exception Occurred - See Response Body
[2024-12-10T04:23:04.179Z] Error writing to Modbus register: A Modbus Exception Occurred - See Response Body
[2024-12-10T04:23:05.185Z] Error reading or processing Modbus registers: A Modbus Exception Occurred - See Response Body
[2024-12-10T04:23:05.187Z] Error reading register 6507 for IP 10.30.4.128: A Modbus Exception Occurred - See Response Body
[2024-12-10T04:23:05.188Z] Error reading actual data: A Modbus Exception Occurred - See Response Body
[2024-12-10T04:23:05.188Z] Error writing to Modbus register: A Modbus Exception Occurred - See Response Body
[2024-12-10T04:23:06.201Z] Error reading or processing Modbus registers: A Modbus Exception Occurred - See Response Body
[2024-12-10T04:23:06.203Z] Error reading register 6507 for IP 10.30.4.128: A Modbus Exception Occurred - See Response Body
[2024-12-10T04:23:06.204Z] Error reading actual data: A Modbus Exception Occurred - See Response Body
[2024-12-10T04:23:06.205Z] Error writing to Modbus register: A Modbus Exception Occurred - See Response Body
[2024-12-10T04:23:07.214Z] Error reading or processing Modbus registers: A Modbus Exception Occurred - See Response Body
[2024-12-10T04:23:07.217Z] Error reading register 6507 for IP 10.30.4.128: A Modbus Exception Occurred - See Response Body
[2024-12-10T04:23:07.218Z] Error reading actual data: A Modbus Exception Occurred - See Response Body
[2024-12-10T04:23:07.219Z] Error writing to Modbus register: A Modbus Exception Occurred - See Response Body
[2024-12-10T04:23:08.225Z] Error reading or processing Modbus registers: A Modbus Exception Occurred - See Response Body
[2024-12-10T04:23:08.227Z] Error reading register 6507 for IP 10.30.4.128: A Modbus Exception Occurred - See Response Body
[2024-12-10T04:23:08.228Z] Error reading actual data: A Modbus Exception Occurred - See Response Body
[2024-12-10T04:23:08.228Z] Error writing to Modbus register: A Modbus Exception Occurred - See Response Body
[2024-12-10T04:23:09.239Z] Error reading or processing Modbus registers: A Modbus Exception Occurred - See Response Body
[2024-12-10T04:23:09.241Z] Error reading register 6507 for IP 10.30.4.128: A Modbus Exception Occurred - See Response Body
[2024-12-10T04:23:09.242Z] Error reading actual data: A Modbus Exception Occurred - See Response Body
[2024-12-10T04:23:09.242Z] Error writing to Modbus register: A Modbus Exception Occurred - See Response Body
[2024-12-10T04:23:10.252Z] Error reading or processing Modbus registers: A Modbus Exception Occurred - See Response Body
[2024-12-10T04:23:10.255Z] Error reading register 6507 for IP 10.30.4.128: A Modbus Exception Occurred - See Response Body
[2024-12-10T04:23:10.256Z] Error reading actual data: A Modbus Exception Occurred - See Response Body
[2024-12-10T04:23:10.257Z] Error writing to Modbus register: A Modbus Exception Occurred - See Response Body
[2024-12-10T04:23:11.265Z] Error reading or processing Modbus registers: A Modbus Exception Occurred - See Response Body
[2024-12-10T04:23:11.267Z] Error reading register 6507 for IP 10.30.4.128: A Modbus Exception Occurred - See Response Body
[2024-12-10T04:23:11.268Z] Error reading actual data: A Modbus Exception Occurred - See Response Body
[2024-12-10T04:23:11.268Z] Error writing to Modbus register: A Modbus Exception Occurred - See Response Body
[2024-12-10T04:23:12.266Z] Error reading or processing Modbus registers: A Modbus Exception Occurred - See Response Body
[2024-12-10T04:23:12.269Z] Error reading register 6507 for IP 10.30.4.128: A Modbus Exception Occurred - See Response Body
[2024-12-10T04:23:12.270Z] Error reading actual data: A Modbus Exception Occurred - See Response Body
[2024-12-10T04:23:12.270Z] Error writing to Modbus register: A Modbus Exception Occurred - See Response Body
[2024-12-10T04:23:13.281Z] Error reading or processing Modbus registers: A Modbus Exception Occurred - See Response Body
[2024-12-10T04:23:13.283Z] Error reading register 6507 for IP 10.30.4.128: A Modbus Exception Occurred - See Response Body
[2024-12-10T04:23:13.284Z] Error reading actual data: A Modbus Exception Occurred - See Response Body
[2024-12-10T04:23:13.284Z] Error writing to Modbus register: A Modbus Exception Occurred - See Response Body
[2024-12-10T04:23:14.292Z] Error reading or processing Modbus registers: A Modbus Exception Occurred - See Response Body
[2024-12-10T04:23:14.294Z] Error reading register 6507 for IP 10.30.4.128: A Modbus Exception Occurred - See Response Body
[2024-12-10T04:23:14.295Z] Error reading actual data: A Modbus Exception Occurred - See Response Body
[2024-12-10T04:23:14.295Z] Error writing to Modbus register: A Modbus Exception Occurred - See Response Body
[2024-12-10T04:23:15.303Z] Error reading or processing Modbus registers: A Modbus Exception Occurred - See Response Body
[2024-12-10T04:23:15.305Z] Error reading register 6507 for IP 10.30.4.128: A Modbus Exception Occurred - See Response Body
[2024-12-10T04:23:15.306Z] Error reading actual data: A Modbus Exception Occurred - See Response Body
[2024-12-10T04:23:15.307Z] Error writing to Modbus register: A Modbus Exception Occurred - See Response Body
[2024-12-10T04:23:16.312Z] Error reading or processing Modbus registers: A Modbus Exception Occurred - See Response Body
[2024-12-10T04:23:16.315Z] Error reading register 6507 for IP 10.30.4.128: A Modbus Exception Occurred - See Response Body
[2024-12-10T04:23:16.315Z] Error reading actual data: A Modbus Exception Occurred - See Response Body
[2024-12-10T04:23:16.316Z] Error writing to Modbus register: A Modbus Exception Occurred - See Response Body
[2024-12-10T04:23:17.322Z] Error reading or processing Modbus registers: A Modbus Exception Occurred - See Response Body
[2024-12-10T04:23:17.324Z] Error reading register 6507 for IP 10.30.4.128: A Modbus Exception Occurred - See Response Body
[2024-12-10T04:23:17.325Z] Error reading actual data: A Modbus Exception Occurred - See Response Body
[2024-12-10T04:23:17.326Z] Error writing to Modbus register: A Modbus Exception Occurred - See Response Body
[2024-12-10T04:23:18.333Z] Error reading or processing Modbus registers: A Modbus Exception Occurred - See Response Body
[2024-12-10T04:23:18.336Z] Error reading register 6507 for IP 10.30.4.128: A Modbus Exception Occurred - See Response Body
[2024-12-10T04:23:18.337Z] Error reading actual data: A Modbus Exception Occurred - See Response Body
[2024-12-10T04:23:18.337Z] Error writing to Modbus register: A Modbus Exception Occurred - See Response Body
[2024-12-10T04:23:19.344Z] Error reading or processing Modbus registers: A Modbus Exception Occurred - See Response Body
[2024-12-10T04:23:19.346Z] Error reading register 6507 for IP 10.30.4.128: A Modbus Exception Occurred - See Response Body
[2024-12-10T04:23:19.347Z] Error reading actual data: A Modbus Exception Occurred - See Response Body
[2024-12-10T04:23:19.347Z] Error writing to Modbus register: A Modbus Exception Occurred - See Response Body
[2024-12-10T04:23:20.359Z] Error reading or processing Modbus registers: A Modbus Exception Occurred - See Response Body
[2024-12-10T04:23:20.361Z] Error reading register 6507 for IP 10.30.4.128: A Modbus Exception Occurred - See Response Body
[2024-12-10T04:23:20.362Z] Error reading actual data: A Modbus Exception Occurred - See Response Body
[2024-12-10T04:23:20.362Z] Error writing to Modbus register: A Modbus Exception Occurred - See Response Body
[2024-12-10T04:23:21.373Z] Error reading or processing Modbus registers: A Modbus Exception Occurred - See Response Body
[2024-12-10T04:23:21.375Z] Error reading register 6507 for IP 10.30.4.128: A Modbus Exception Occurred - See Response Body
[2024-12-10T04:23:21.375Z] Error reading actual data: A Modbus Exception Occurred - See Response Body
[2024-12-10T04:23:21.376Z] Error writing to Modbus register: A Modbus Exception Occurred - See Response Body
[2024-12-10T04:23:22.386Z] Error reading or processing Modbus registers: A Modbus Exception Occurred - See Response Body
[2024-12-10T04:23:22.388Z] Error reading register 6507 for IP 10.30.4.128: A Modbus Exception Occurred - See Response Body
[2024-12-10T04:23:22.389Z] Error reading actual data: A Modbus Exception Occurred - See Response Body
[2024-12-10T04:23:22.389Z] Error writing to Modbus register: A Modbus Exception Occurred - See Response Body
[2024-12-10T04:23:23.398Z] Error reading or processing Modbus registers: A Modbus Exception Occurred - See Response Body
[2024-12-10T04:23:23.401Z] Error reading register 6507 for IP 10.30.4.128: A Modbus Exception Occurred - See Response Body
[2024-12-10T04:23:23.401Z] Error reading actual data: A Modbus Exception Occurred - See Response Body
[2024-12-10T04:23:23.402Z] Error writing to Modbus register: A Modbus Exception Occurred - See Response Body
[2024-12-10T04:23:24.412Z] Error reading or processing Modbus registers: A Modbus Exception Occurred - See Response Body
[2024-12-10T04:23:24.414Z] Error reading register 6507 for IP 10.30.4.128: A Modbus Exception Occurred - See Response Body
[2024-12-10T04:23:24.415Z] Error reading actual data: A Modbus Exception Occurred - See Response Body
[2024-12-10T04:23:24.415Z] Error writing to Modbus register: A Modbus Exception Occurred - See Response Body
[2024-12-10T04:23:25.423Z] Error reading or processing Modbus registers: A Modbus Exception Occurred - See Response Body
[2024-12-10T04:23:25.425Z] Error reading register 6507 for IP 10.30.4.128: A Modbus Exception Occurred - See Response Body
[2024-12-10T04:23:25.426Z] Error reading actual data: A Modbus Exception Occurred - See Response Body
[2024-12-10T04:23:25.426Z] Error writing to Modbus register: A Modbus Exception Occurred - See Response Body
[2024-12-10T04:23:26.435Z] Error reading or processing Modbus registers: A Modbus Exception Occurred - See Response Body
[2024-12-10T04:23:26.437Z] Error reading register 6507 for IP 10.30.4.128: A Modbus Exception Occurred - See Response Body
[2024-12-10T04:23:26.437Z] Error reading actual data: A Modbus Exception Occurred - See Response Body
[2024-12-10T04:23:26.438Z] Error writing to Modbus register: A Modbus Exception Occurred - See Response Body
[2024-12-10T04:23:27.447Z] Error reading or processing Modbus registers: A Modbus Exception Occurred - See Response Body
[2024-12-10T04:23:27.450Z] Error reading register 6507 for IP 10.30.4.128: A Modbus Exception Occurred - See Response Body
[2024-12-10T04:23:27.450Z] Error reading actual data: A Modbus Exception Occurred - See Response Body
[2024-12-10T04:23:27.451Z] Error writing to Modbus register: A Modbus Exception Occurred - See Response Body
[2024-12-10T04:23:28.448Z] Error reading or processing Modbus registers: A Modbus Exception Occurred - See Response Body
[2024-12-10T04:23:28.450Z] Error reading register 6507 for IP 10.30.4.128: A Modbus Exception Occurred - See Response Body
[2024-12-10T04:23:28.451Z] Error reading actual data: A Modbus Exception Occurred - See Response Body
[2024-12-10T04:23:28.452Z] Error writing to Modbus register: A Modbus Exception Occurred - See Response Body
[2024-12-10T04:23:29.458Z] Error reading or processing Modbus registers: A Modbus Exception Occurred - See Response Body
[2024-12-10T04:23:29.460Z] Error reading register 6507 for IP 10.30.4.128: A Modbus Exception Occurred - See Response Body
[2024-12-10T04:23:29.461Z] Error reading actual data: A Modbus Exception Occurred - See Response Body
[2024-12-10T04:23:29.461Z] Error writing to Modbus register: A Modbus Exception Occurred - See Response Body
[2024-12-10T04:23:30.472Z] Error reading or processing Modbus registers: A Modbus Exception Occurred - See Response Body
[2024-12-10T04:23:30.474Z] Error reading register 6507 for IP 10.30.4.128: A Modbus Exception Occurred - See Response Body
[2024-12-10T04:23:30.474Z] Error reading actual data: A Modbus Exception Occurred - See Response Body
[2024-12-10T04:23:30.475Z] Error writing to Modbus register: A Modbus Exception Occurred - See Response Body
[2024-12-10T04:23:31.481Z] Error reading or processing Modbus registers: A Modbus Exception Occurred - See Response Body
[2024-12-10T04:23:31.483Z] Error reading register 6507 for IP 10.30.4.128: A Modbus Exception Occurred - See Response Body
[2024-12-10T04:23:31.484Z] Error reading actual data: A Modbus Exception Occurred - See Response Body
[2024-12-10T04:23:31.485Z] Error writing to Modbus register: A Modbus Exception Occurred - See Response Body
[2024-12-10T04:23:32.494Z] Error reading or processing Modbus registers: A Modbus Exception Occurred - See Response Body
[2024-12-10T04:23:32.497Z] Error reading register 6507 for IP 10.30.4.128: A Modbus Exception Occurred - See Response Body
[2024-12-10T04:23:32.497Z] Error reading actual data: A Modbus Exception Occurred - See Response Body
[2024-12-10T04:23:32.498Z] Error writing to Modbus register: A Modbus Exception Occurred - See Response Body
[2024-12-10T04:23:33.505Z] Error reading or processing Modbus registers: A Modbus Exception Occurred - See Response Body
[2024-12-10T04:23:33.507Z] Error reading register 6507 for IP 10.30.4.128: A Modbus Exception Occurred - See Response Body
[2024-12-10T04:23:33.508Z] Error reading actual data: A Modbus Exception Occurred - See Response Body
[2024-12-10T04:23:33.509Z] Error writing to Modbus register: A Modbus Exception Occurred - See Response Body
[2024-12-10T04:23:34.521Z] Error reading or processing Modbus registers: A Modbus Exception Occurred - See Response Body
[2024-12-10T04:23:34.523Z] Error reading register 6507 for IP 10.30.4.128: A Modbus Exception Occurred - See Response Body
[2024-12-10T04:23:34.523Z] Error reading actual data: A Modbus Exception Occurred - See Response Body
[2024-12-10T04:23:34.524Z] Error writing to Modbus register: A Modbus Exception Occurred - See Response Body
[2024-12-10T04:23:35.534Z] Error reading or processing Modbus registers: A Modbus Exception Occurred - See Response Body
[2024-12-10T04:23:35.536Z] Error reading register 6507 for IP 10.30.4.128: A Modbus Exception Occurred - See Response Body
[2024-12-10T04:23:35.536Z] Error reading actual data: A Modbus Exception Occurred - See Response Body
[2024-12-10T04:23:35.537Z] Error writing to Modbus register: A Modbus Exception Occurred - See Response Body
[2024-12-10T04:23:36.547Z] Error reading or processing Modbus registers: A Modbus Exception Occurred - See Response Body
[2024-12-10T04:23:36.549Z] Error reading register 6507 for IP 10.30.4.128: A Modbus Exception Occurred - See Response Body
[2024-12-10T04:23:36.550Z] Error reading actual data: A Modbus Exception Occurred - See Response Body
[2024-12-10T04:23:36.550Z] Error writing to Modbus register: A Modbus Exception Occurred - See Response Body
[2024-12-10T04:23:37.562Z] Error reading or processing Modbus registers: A Modbus Exception Occurred - See Response Body
[2024-12-10T04:23:37.564Z] Error reading register 6507 for IP 10.30.4.128: A Modbus Exception Occurred - See Response Body
[2024-12-10T04:23:37.565Z] Error reading actual data: A Modbus Exception Occurred - See Response Body
[2024-12-10T04:23:37.565Z] Error writing to Modbus register: A Modbus Exception Occurred - See Response Body
[2024-12-10T04:23:38.575Z] Error reading or processing Modbus registers: A Modbus Exception Occurred - See Response Body
[2024-12-10T04:23:38.577Z] Error reading register 6507 for IP 10.30.4.128: A Modbus Exception Occurred - See Response Body
[2024-12-10T04:23:38.578Z] Error reading actual data: A Modbus Exception Occurred - See Response Body
[2024-12-10T04:23:38.578Z] Error writing to Modbus register: A Modbus Exception Occurred - See Response Body
[2024-12-10T04:23:39.584Z] Error reading or processing Modbus registers: A Modbus Exception Occurred - See Response Body
[2024-12-10T04:23:39.586Z] Error reading register 6507 for IP 10.30.4.128: A Modbus Exception Occurred - See Response Body
[2024-12-10T04:23:39.587Z] Error reading actual data: A Modbus Exception Occurred - See Response Body
[2024-12-10T04:23:39.587Z] Error writing to Modbus register: A Modbus Exception Occurred - See Response Body
[2024-12-10T04:23:40.596Z] Error reading or processing Modbus registers: A Modbus Exception Occurred - See Response Body
[2024-12-10T04:23:40.599Z] Error reading register 6507 for IP 10.30.4.128: A Modbus Exception Occurred - See Response Body
[2024-12-10T04:23:40.600Z] Error reading actual data: A Modbus Exception Occurred - See Response Body
[2024-12-10T04:23:40.600Z] Error writing to Modbus register: A Modbus Exception Occurred - See Response Body
[2024-12-10T04:23:41.610Z] Error reading or processing Modbus registers: A Modbus Exception Occurred - See Response Body
[2024-12-10T04:23:41.611Z] Error reading register 6507 for IP 10.30.4.128: A Modbus Exception Occurred - See Response Body
[2024-12-10T04:23:41.612Z] Error reading actual data: A Modbus Exception Occurred - See Response Body
[2024-12-10T04:23:41.613Z] Error writing to Modbus register: A Modbus Exception Occurred - See Response Body
[2024-12-10T04:23:42.621Z] Error reading or processing Modbus registers: A Modbus Exception Occurred - See Response Body
[2024-12-10T04:23:42.623Z] Error reading register 6507 for IP 10.30.4.128: A Modbus Exception Occurred - See Response Body
[2024-12-10T04:23:42.624Z] Error reading actual data: A Modbus Exception Occurred - See Response Body
[2024-12-10T04:23:42.625Z] Error writing to Modbus register: A Modbus Exception Occurred - See Response Body
[2024-12-10T04:23:43.636Z] Error reading or processing Modbus registers: A Modbus Exception Occurred - See Response Body
[2024-12-10T04:23:43.638Z] Error reading register 6507 for IP 10.30.4.128: A Modbus Exception Occurred - See Response Body
[2024-12-10T04:23:43.639Z] Error reading actual data: A Modbus Exception Occurred - See Response Body
[2024-12-10T04:23:43.640Z] Error writing to Modbus register: A Modbus Exception Occurred - See Response Body
[2024-12-10T04:23:44.647Z] Error reading or processing Modbus registers: A Modbus Exception Occurred - See Response Body
[2024-12-10T04:23:44.649Z] Error reading register 6507 for IP 10.30.4.128: A Modbus Exception Occurred - See Response Body
[2024-12-10T04:23:44.650Z] Error reading actual data: A Modbus Exception Occurred - See Response Body
[2024-12-10T04:23:44.650Z] Error writing to Modbus register: A Modbus Exception Occurred - See Response Body
[2024-12-10T04:23:45.659Z] Error reading or processing Modbus registers: A Modbus Exception Occurred - See Response Body
[2024-12-10T04:23:45.661Z] Error reading register 6507 for IP 10.30.4.128: A Modbus Exception Occurred - See Response Body
[2024-12-10T04:23:45.662Z] Error reading actual data: A Modbus Exception Occurred - See Response Body
[2024-12-10T04:23:45.663Z] Error writing to Modbus register: A Modbus Exception Occurred - See Response Body
[2024-12-10T04:23:46.666Z] Error reading or processing Modbus registers: A Modbus Exception Occurred - See Response Body
[2024-12-10T04:23:46.668Z] Error reading register 6507 for IP 10.30.4.128: A Modbus Exception Occurred - See Response Body
[2024-12-10T04:23:46.668Z] Error reading actual data: A Modbus Exception Occurred - See Response Body
[2024-12-10T04:23:46.669Z] Error writing to Modbus register: A Modbus Exception Occurred - See Response Body
[2024-12-10T04:23:47.666Z] Error reading or processing Modbus registers: A Modbus Exception Occurred - See Response Body
[2024-12-10T04:23:47.668Z] Error reading register 6507 for IP 10.30.4.128: A Modbus Exception Occurred - See Response Body
[2024-12-10T04:23:47.669Z] Error reading actual data: A Modbus Exception Occurred - See Response Body
[2024-12-10T04:23:47.669Z] Error writing to Modbus register: A Modbus Exception Occurred - See Response Body
[2024-12-10T04:23:48.679Z] Error reading or processing Modbus registers: A Modbus Exception Occurred - See Response Body
[2024-12-10T04:23:48.681Z] Error reading register 6507 for IP 10.30.4.128: A Modbus Exception Occurred - See Response Body
[2024-12-10T04:23:48.682Z] Error reading actual data: A Modbus Exception Occurred - See Response Body
[2024-12-10T04:23:48.682Z] Error writing to Modbus register: A Modbus Exception Occurred - See Response Body
[2024-12-10T04:23:49.687Z] Error reading or processing Modbus registers: A Modbus Exception Occurred - See Response Body
[2024-12-10T04:23:49.690Z] Error reading register 6507 for IP 10.30.4.128: A Modbus Exception Occurred - See Response Body
[2024-12-10T04:23:49.690Z] Error reading actual data: A Modbus Exception Occurred - See Response Body
[2024-12-10T04:23:49.691Z] Error writing to Modbus register: A Modbus Exception Occurred - See Response Body
[2024-12-10T04:23:50.702Z] Error reading or processing Modbus registers: A Modbus Exception Occurred - See Response Body
[2024-12-10T04:23:50.705Z] Error reading register 6507 for IP 10.30.4.128: A Modbus Exception Occurred - See Response Body
[2024-12-10T04:23:50.705Z] Error reading actual data: A Modbus Exception Occurred - See Response Body
[2024-12-10T04:23:50.706Z] Error writing to Modbus register: A Modbus Exception Occurred - See Response Body
[2024-12-10T04:23:51.712Z] Error reading or processing Modbus registers: A Modbus Exception Occurred - See Response Body
[2024-12-10T04:23:51.714Z] Error reading register 6507 for IP 10.30.4.128: A Modbus Exception Occurred - See Response Body
[2024-12-10T04:23:51.715Z] Error reading actual data: A Modbus Exception Occurred - See Response Body
[2024-12-10T04:23:51.715Z] Error writing to Modbus register: A Modbus Exception Occurred - See Response Body
[2024-12-10T04:23:52.724Z] Error reading or processing Modbus registers: A Modbus Exception Occurred - See Response Body
[2024-12-10T04:23:52.726Z] Error reading register 6507 for IP 10.30.4.128: A Modbus Exception Occurred - See Response Body
[2024-12-10T04:23:52.726Z] Error reading actual data: A Modbus Exception Occurred - See Response Body
[2024-12-10T04:23:52.727Z] Error writing to Modbus register: A Modbus Exception Occurred - See Response Body
[2024-12-10T04:23:53.734Z] Error reading or processing Modbus registers: A Modbus Exception Occurred - See Response Body
[2024-12-10T04:23:53.736Z] Error reading register 6507 for IP 10.30.4.128: A Modbus Exception Occurred - See Response Body
[2024-12-10T04:23:53.736Z] Error reading actual data: A Modbus Exception Occurred - See Response Body
[2024-12-10T04:23:53.737Z] Error writing to Modbus register: A Modbus Exception Occurred - See Response Body
[2024-12-10T04:23:54.745Z] Error reading or processing Modbus registers: A Modbus Exception Occurred - See Response Body
[2024-12-10T04:23:54.747Z] Error reading register 6507 for IP 10.30.4.128: A Modbus Exception Occurred - See Response Body
[2024-12-10T04:23:54.748Z] Error reading actual data: A Modbus Exception Occurred - See Response Body
[2024-12-10T04:23:54.748Z] Error writing to Modbus register: A Modbus Exception Occurred - See Response Body
[2024-12-10T04:23:55.760Z] Error reading or processing Modbus registers: A Modbus Exception Occurred - See Response Body
[2024-12-10T04:23:55.762Z] Error reading register 6507 for IP 10.30.4.128: A Modbus Exception Occurred - See Response Body
[2024-12-10T04:23:55.762Z] Error reading actual data: A Modbus Exception Occurred - See Response Body
[2024-12-10T04:23:55.763Z] Error writing to Modbus register: A Modbus Exception Occurred - See Response Body
[2024-12-10T04:23:56.773Z] Error reading or processing Modbus registers: A Modbus Exception Occurred - See Response Body
[2024-12-10T04:23:56.776Z] Error reading register 6507 for IP 10.30.4.128: A Modbus Exception Occurred - See Response Body
[2024-12-10T04:23:56.777Z] Error reading actual data: A Modbus Exception Occurred - See Response Body
[2024-12-10T04:23:56.777Z] Error writing to Modbus register: A Modbus Exception Occurred - See Response Body
[2024-12-10T04:23:57.785Z] Error reading or processing Modbus registers: A Modbus Exception Occurred - See Response Body
[2024-12-10T04:23:57.787Z] Error reading register 6507 for IP 10.30.4.128: A Modbus Exception Occurred - See Response Body
[2024-12-10T04:23:57.788Z] Error reading actual data: A Modbus Exception Occurred - See Response Body
[2024-12-10T04:23:57.788Z] Error writing to Modbus register: A Modbus Exception Occurred - See Response Body
[2024-12-10T04:23:58.800Z] Error reading or processing Modbus registers: A Modbus Exception Occurred - See Response Body
[2024-12-10T04:23:58.802Z] Error reading register 6507 for IP 10.30.4.128: A Modbus Exception Occurred - See Response Body
[2024-12-10T04:23:58.803Z] Error reading actual data: A Modbus Exception Occurred - See Response Body
[2024-12-10T04:23:58.803Z] Error writing to Modbus register: A Modbus Exception Occurred - See Response Body
[2024-12-10T04:23:59.810Z] Error reading or processing Modbus registers: A Modbus Exception Occurred - See Response Body
[2024-12-10T04:23:59.812Z] Error reading register 6507 for IP 10.30.4.128: A Modbus Exception Occurred - See Response Body
[2024-12-10T04:23:59.813Z] Error reading actual data: A Modbus Exception Occurred - See Response Body
[2024-12-10T04:23:59.813Z] Error writing to Modbus register: A Modbus Exception Occurred - See Response Body
[2024-12-10T04:24:00.821Z] Error reading or processing Modbus registers: A Modbus Exception Occurred - See Response Body
[2024-12-10T04:24:00.823Z] Error reading register 6507 for IP 10.30.4.128: A Modbus Exception Occurred - See Response Body
[2024-12-10T04:24:00.824Z] Error reading actual data: A Modbus Exception Occurred - See Response Body
[2024-12-10T04:24:00.824Z] Error writing to Modbus register: A Modbus Exception Occurred - See Response Body
[2024-12-10T04:24:01.832Z] Error reading or processing Modbus registers: A Modbus Exception Occurred - See Response Body
[2024-12-10T04:24:01.835Z] Error reading register 6507 for IP 10.30.4.128: A Modbus Exception Occurred - See Response Body
[2024-12-10T04:24:01.835Z] Error reading actual data: A Modbus Exception Occurred - See Response Body
[2024-12-10T04:24:01.836Z] Error writing to Modbus register: A Modbus Exception Occurred - See Response Body
[2024-12-10T04:24:02.834Z] Error reading or processing Modbus registers: A Modbus Exception Occurred - See Response Body
[2024-12-10T04:24:02.837Z] Error reading register 6507 for IP 10.30.4.128: A Modbus Exception Occurred - See Response Body
[2024-12-10T04:24:02.837Z] Error reading actual data: A Modbus Exception Occurred - See Response Body
[2024-12-10T04:24:02.838Z] Error writing to Modbus register: A Modbus Exception Occurred - See Response Body
[2024-12-10T04:24:03.845Z] Error reading or processing Modbus registers: A Modbus Exception Occurred - See Response Body
[2024-12-10T04:24:03.847Z] Error reading register 6507 for IP 10.30.4.128: A Modbus Exception Occurred - See Response Body
[2024-12-10T04:24:03.848Z] Error reading actual data: A Modbus Exception Occurred - See Response Body
[2024-12-10T04:24:03.848Z] Error writing to Modbus register: A Modbus Exception Occurred - See Response Body
[2024-12-10T04:24:04.857Z] Error reading or processing Modbus registers: A Modbus Exception Occurred - See Response Body
[2024-12-10T04:24:04.860Z] Error reading register 6507 for IP 10.30.4.128: A Modbus Exception Occurred - See Response Body
[2024-12-10T04:24:04.860Z] Error reading actual data: A Modbus Exception Occurred - See Response Body
[2024-12-10T04:24:04.861Z] Error writing to Modbus register: A Modbus Exception Occurred - See Response Body
[2024-12-10T04:24:05.871Z] Error reading or processing Modbus registers: A Modbus Exception Occurred - See Response Body
[2024-12-10T04:24:05.875Z] Error reading register 6507 for IP 10.30.4.128: A Modbus Exception Occurred - See Response Body
[2024-12-10T04:24:05.875Z] Error reading actual data: A Modbus Exception Occurred - See Response Body
[2024-12-10T04:24:05.876Z] Error writing to Modbus register: A Modbus Exception Occurred - See Response Body
[2024-12-10T04:24:06.885Z] Error reading or processing Modbus registers: A Modbus Exception Occurred - See Response Body
[2024-12-10T04:24:06.891Z] Error reading register 6507 for IP 10.30.4.128: A Modbus Exception Occurred - See Response Body
[2024-12-10T04:24:06.891Z] Error reading actual data: A Modbus Exception Occurred - See Response Body
[2024-12-10T04:24:06.892Z] Error writing to Modbus register: A Modbus Exception Occurred - See Response Body
[2024-12-10T04:24:07.901Z] Error reading or processing Modbus registers: A Modbus Exception Occurred - See Response Body
[2024-12-10T04:24:07.903Z] Error reading register 6507 for IP 10.30.4.128: A Modbus Exception Occurred - See Response Body
[2024-12-10T04:24:07.904Z] Error reading actual data: A Modbus Exception Occurred - See Response Body
[2024-12-10T04:24:07.904Z] Error writing to Modbus register: A Modbus Exception Occurred - See Response Body
[2024-12-10T04:24:08.914Z] Error reading or processing Modbus registers: A Modbus Exception Occurred - See Response Body
[2024-12-10T04:24:08.916Z] Error reading register 6507 for IP 10.30.4.128: A Modbus Exception Occurred - See Response Body
[2024-12-10T04:24:08.916Z] Error reading actual data: A Modbus Exception Occurred - See Response Body
[2024-12-10T04:24:08.917Z] Error writing to Modbus register: A Modbus Exception Occurred - See Response Body
[2024-12-10T04:24:09.927Z] Error reading or processing Modbus registers: A Modbus Exception Occurred - See Response Body
[2024-12-10T04:24:09.929Z] Error reading register 6507 for IP 10.30.4.128: A Modbus Exception Occurred - See Response Body
[2024-12-10T04:24:09.930Z] Error reading actual data: A Modbus Exception Occurred - See Response Body
[2024-12-10T04:24:09.930Z] Error writing to Modbus register: A Modbus Exception Occurred - See Response Body
[2024-12-10T04:24:10.941Z] Error reading or processing Modbus registers: A Modbus Exception Occurred - See Response Body
[2024-12-10T04:24:10.943Z] Error reading register 6507 for IP 10.30.4.128: A Modbus Exception Occurred - See Response Body
[2024-12-10T04:24:10.944Z] Error reading actual data: A Modbus Exception Occurred - See Response Body
[2024-12-10T04:24:10.944Z] Error writing to Modbus register: A Modbus Exception Occurred - See Response Body
[2024-12-10T04:24:11.952Z] Error reading or processing Modbus registers: A Modbus Exception Occurred - See Response Body
[2024-12-10T04:24:11.955Z] Error reading register 6507 for IP 10.30.4.128: A Modbus Exception Occurred - See Response Body
[2024-12-10T04:24:11.955Z] Error reading actual data: A Modbus Exception Occurred - See Response Body
[2024-12-10T04:24:11.956Z] Error writing to Modbus register: A Modbus Exception Occurred - See Response Body
[2024-12-10T04:24:12.967Z] Error reading or processing Modbus registers: A Modbus Exception Occurred - See Response Body
[2024-12-10T04:24:12.970Z] Error reading register 6507 for IP 10.30.4.128: A Modbus Exception Occurred - See Response Body
[2024-12-10T04:24:12.970Z] Error reading actual data: A Modbus Exception Occurred - See Response Body
[2024-12-10T04:24:12.971Z] Error writing to Modbus register: A Modbus Exception Occurred - See Response Body
[2024-12-10T04:24:13.978Z] Error reading or processing Modbus registers: A Modbus Exception Occurred - See Response Body
[2024-12-10T04:24:13.980Z] Error reading register 6507 for IP 10.30.4.128: A Modbus Exception Occurred - See Response Body
[2024-12-10T04:24:13.981Z] Error reading actual data: A Modbus Exception Occurred - See Response Body
[2024-12-10T04:24:13.981Z] Error writing to Modbus register: A Modbus Exception Occurred - See Response Body
[2024-12-10T04:24:14.989Z] Error reading or processing Modbus registers: A Modbus Exception Occurred - See Response Body
[2024-12-10T04:24:14.991Z] Error reading register 6507 for IP 10.30.4.128: A Modbus Exception Occurred - See Response Body
[2024-12-10T04:24:14.992Z] Error reading actual data: A Modbus Exception Occurred - See Response Body
[2024-12-10T04:24:14.992Z] Error writing to Modbus register: A Modbus Exception Occurred - See Response Body
[2024-12-10T04:24:16.002Z] Error reading or processing Modbus registers: A Modbus Exception Occurred - See Response Body
[2024-12-10T04:24:16.004Z] Error reading register 6507 for IP 10.30.4.128: A Modbus Exception Occurred - See Response Body
[2024-12-10T04:24:16.005Z] Error reading actual data: A Modbus Exception Occurred - See Response Body
[2024-12-10T04:24:16.005Z] Error writing to Modbus register: A Modbus Exception Occurred - See Response Body
[2024-12-10T04:24:17.013Z] Error reading or processing Modbus registers: A Modbus Exception Occurred - See Response Body
[2024-12-10T04:24:17.014Z] Error reading register 6507 for IP 10.30.4.128: A Modbus Exception Occurred - See Response Body
[2024-12-10T04:24:17.015Z] Error reading actual data: A Modbus Exception Occurred - See Response Body
[2024-12-10T04:24:17.016Z] Error writing to Modbus register: A Modbus Exception Occurred - See Response Body
[2024-12-10T04:24:18.024Z] Error reading or processing Modbus registers: A Modbus Exception Occurred - See Response Body
[2024-12-10T04:24:18.026Z] Error reading register 6507 for IP 10.30.4.128: A Modbus Exception Occurred - See Response Body
[2024-12-10T04:24:18.026Z] Error reading actual data: A Modbus Exception Occurred - See Response Body
[2024-12-10T04:24:18.027Z] Error writing to Modbus register: A Modbus Exception Occurred - See Response Body
[2024-12-10T04:24:19.025Z] Error reading or processing Modbus registers: A Modbus Exception Occurred - See Response Body
[2024-12-10T04:24:19.028Z] Error reading register 6507 for IP 10.30.4.128: A Modbus Exception Occurred - See Response Body
[2024-12-10T04:24:19.028Z] Error reading actual data: A Modbus Exception Occurred - See Response Body
[2024-12-10T04:24:19.029Z] Error writing to Modbus register: A Modbus Exception Occurred - See Response Body
[2024-12-10T04:24:20.036Z] Error reading or processing Modbus registers: A Modbus Exception Occurred - See Response Body
[2024-12-10T04:24:20.038Z] Error reading register 6507 for IP 10.30.4.128: A Modbus Exception Occurred - See Response Body
[2024-12-10T04:24:20.038Z] Error reading actual data: A Modbus Exception Occurred - See Response Body
[2024-12-10T04:24:20.039Z] Error writing to Modbus register: A Modbus Exception Occurred - See Response Body
[2024-12-10T04:24:21.046Z] Error reading or processing Modbus registers: A Modbus Exception Occurred - See Response Body
[2024-12-10T04:24:21.049Z] Error reading register 6507 for IP 10.30.4.128: A Modbus Exception Occurred - See Response Body
[2024-12-10T04:24:21.050Z] Error reading actual data: A Modbus Exception Occurred - See Response Body
[2024-12-10T04:24:21.050Z] Error writing to Modbus register: A Modbus Exception Occurred - See Response Body
[2024-12-10T04:24:22.061Z] Error reading or processing Modbus registers: A Modbus Exception Occurred - See Response Body
[2024-12-10T04:24:22.063Z] Error reading register 6507 for IP 10.30.4.128: A Modbus Exception Occurred - See Response Body
[2024-12-10T04:24:22.063Z] Error reading actual data: A Modbus Exception Occurred - See Response Body
[2024-12-10T04:24:22.064Z] Error writing to Modbus register: A Modbus Exception Occurred - See Response Body
[2024-12-10T04:24:23.073Z] Error reading or processing Modbus registers: A Modbus Exception Occurred - See Response Body
[2024-12-10T04:24:23.076Z] Error reading register 6507 for IP 10.30.4.128: A Modbus Exception Occurred - See Response Body
[2024-12-10T04:24:23.080Z] Error reading actual data: A Modbus Exception Occurred - See Response Body
[2024-12-10T04:24:23.080Z] Error writing to Modbus register: A Modbus Exception Occurred - See Response Body
[2024-12-10T04:24:24.083Z] Error reading or processing Modbus registers: A Modbus Exception Occurred - See Response Body
[2024-12-10T04:24:24.084Z] Error reading register 6507 for IP 10.30.4.128: A Modbus Exception Occurred - See Response Body
[2024-12-10T04:24:24.085Z] Error reading actual data: A Modbus Exception Occurred - See Response Body
[2024-12-10T04:24:24.085Z] Error writing to Modbus register: A Modbus Exception Occurred - See Response Body
[2024-12-10T04:24:25.083Z] Error reading or processing Modbus registers: A Modbus Exception Occurred - See Response Body
[2024-12-10T04:24:25.085Z] Error reading register 6507 for IP 10.30.4.128: A Modbus Exception Occurred - See Response Body
[2024-12-10T04:24:25.085Z] Error reading actual data: A Modbus Exception Occurred - See Response Body
[2024-12-10T04:24:25.086Z] Error writing to Modbus register: A Modbus Exception Occurred - See Response Body
[2024-12-10T04:24:26.095Z] Error reading or processing Modbus registers: A Modbus Exception Occurred - See Response Body
[2024-12-10T04:24:26.097Z] Error reading register 6507 for IP 10.30.4.128: A Modbus Exception Occurred - See Response Body
[2024-12-10T04:24:26.097Z] Error reading actual data: A Modbus Exception Occurred - See Response Body
[2024-12-10T04:24:26.097Z] Error writing to Modbus register: A Modbus Exception Occurred - See Response Body
[2024-12-10T04:24:27.110Z] Error reading or processing Modbus registers: A Modbus Exception Occurred - See Response Body
[2024-12-10T04:24:27.112Z] Error reading register 6507 for IP 10.30.4.128: A Modbus Exception Occurred - See Response Body
[2024-12-10T04:24:27.112Z] Error reading actual data: A Modbus Exception Occurred - See Response Body
[2024-12-10T04:24:27.113Z] Error writing to Modbus register: A Modbus Exception Occurred - See Response Body
[2024-12-10T04:24:28.123Z] Error reading or processing Modbus registers: A Modbus Exception Occurred - See Response Body
[2024-12-10T04:24:28.125Z] Error reading register 6507 for IP 10.30.4.128: A Modbus Exception Occurred - See Response Body
[2024-12-10T04:24:28.125Z] Error reading actual data: A Modbus Exception Occurred - See Response Body
[2024-12-10T04:24:28.126Z] Error writing to Modbus register: A Modbus Exception Occurred - See Response Body
[2024-12-10T04:24:29.136Z] Error reading or processing Modbus registers: A Modbus Exception Occurred - See Response Body
[2024-12-10T04:24:29.138Z] Error reading register 6507 for IP 10.30.4.128: A Modbus Exception Occurred - See Response Body
[2024-12-10T04:24:29.139Z] Error reading actual data: A Modbus Exception Occurred - See Response Body
[2024-12-10T04:24:29.139Z] Error writing to Modbus register: A Modbus Exception Occurred - See Response Body
[2024-12-10T04:24:30.139Z] Error reading or processing Modbus registers: A Modbus Exception Occurred - See Response Body
[2024-12-10T04:24:30.142Z] Error reading register 6507 for IP 10.30.4.128: A Modbus Exception Occurred - See Response Body
[2024-12-10T04:24:30.142Z] Error reading actual data: A Modbus Exception Occurred - See Response Body
[2024-12-10T04:24:30.143Z] Error writing to Modbus register: A Modbus Exception Occurred - See Response Body
[2024-12-10T04:24:31.154Z] Error reading or processing Modbus registers: A Modbus Exception Occurred - See Response Body
[2024-12-10T04:24:31.156Z] Error reading register 6507 for IP 10.30.4.128: A Modbus Exception Occurred - See Response Body
[2024-12-10T04:24:31.157Z] Error reading actual data: A Modbus Exception Occurred - See Response Body
[2024-12-10T04:24:31.158Z] Error writing to Modbus register: A Modbus Exception Occurred - See Response Body
[2024-12-10T04:24:32.168Z] Error reading or processing Modbus registers: A Modbus Exception Occurred - See Response Body
[2024-12-10T04:24:32.170Z] Error reading register 6507 for IP 10.30.4.128: A Modbus Exception Occurred - See Response Body
[2024-12-10T04:24:32.171Z] Error reading actual data: A Modbus Exception Occurred - See Response Body
[2024-12-10T04:24:32.171Z] Error writing to Modbus register: A Modbus Exception Occurred - See Response Body
[2024-12-10T04:24:33.180Z] Error reading or processing Modbus registers: A Modbus Exception Occurred - See Response Body
[2024-12-10T04:24:33.182Z] Error reading register 6507 for IP 10.30.4.128: A Modbus Exception Occurred - See Response Body
[2024-12-10T04:24:33.182Z] Error reading actual data: A Modbus Exception Occurred - See Response Body
[2024-12-10T04:24:33.183Z] Error writing to Modbus register: A Modbus Exception Occurred - See Response Body
[2024-12-10T04:24:34.182Z] Error reading or processing Modbus registers: A Modbus Exception Occurred - See Response Body
[2024-12-10T04:24:34.184Z] Error reading register 6507 for IP 10.30.4.128: A Modbus Exception Occurred - See Response Body
[2024-12-10T04:24:34.185Z] Error reading actual data: A Modbus Exception Occurred - See Response Body
[2024-12-10T04:24:34.186Z] Error writing to Modbus register: A Modbus Exception Occurred - See Response Body
[2024-12-10T04:24:35.188Z] Error reading or processing Modbus registers: A Modbus Exception Occurred - See Response Body
[2024-12-10T04:24:35.190Z] Error reading register 6507 for IP 10.30.4.128: A Modbus Exception Occurred - See Response Body
[2024-12-10T04:24:35.191Z] Error reading actual data: A Modbus Exception Occurred - See Response Body
[2024-12-10T04:24:35.191Z] Error writing to Modbus register: A Modbus Exception Occurred - See Response Body
[2024-12-10T04:24:36.202Z] Error reading or processing Modbus registers: A Modbus Exception Occurred - See Response Body
[2024-12-10T04:24:36.205Z] Error reading register 6507 for IP 10.30.4.128: A Modbus Exception Occurred - See Response Body
[2024-12-10T04:24:36.205Z] Error reading actual data: A Modbus Exception Occurred - See Response Body
[2024-12-10T04:24:36.206Z] Error writing to Modbus register: A Modbus Exception Occurred - See Response Body
[2024-12-10T04:24:37.217Z] Error reading or processing Modbus registers: A Modbus Exception Occurred - See Response Body
[2024-12-10T04:24:37.219Z] Error reading register 6507 for IP 10.30.4.128: A Modbus Exception Occurred - See Response Body
[2024-12-10T04:24:37.220Z] Error reading actual data: A Modbus Exception Occurred - See Response Body
[2024-12-10T04:24:37.220Z] Error writing to Modbus register: A Modbus Exception Occurred - See Response Body
[2024-12-10T04:24:38.218Z] Error reading or processing Modbus registers: A Modbus Exception Occurred - See Response Body
[2024-12-10T04:24:38.220Z] Error reading register 6507 for IP 10.30.4.128: A Modbus Exception Occurred - See Response Body
[2024-12-10T04:24:38.221Z] Error reading actual data: A Modbus Exception Occurred - See Response Body
[2024-12-10T04:24:38.222Z] Error writing to Modbus register: A Modbus Exception Occurred - See Response Body
[2024-12-10T04:24:39.230Z] Error reading or processing Modbus registers: A Modbus Exception Occurred - See Response Body
[2024-12-10T04:24:39.232Z] Error reading register 6507 for IP 10.30.4.128: A Modbus Exception Occurred - See Response Body
[2024-12-10T04:24:39.233Z] Error reading actual data: A Modbus Exception Occurred - See Response Body
[2024-12-10T04:24:39.233Z] Error writing to Modbus register: A Modbus Exception Occurred - See Response Body
[2024-12-10T04:24:40.245Z] Error reading or processing Modbus registers: A Modbus Exception Occurred - See Response Body
[2024-12-10T04:24:40.248Z] Error reading register 6507 for IP 10.30.4.128: A Modbus Exception Occurred - See Response Body
[2024-12-10T04:24:40.248Z] Error reading actual data: A Modbus Exception Occurred - See Response Body
[2024-12-10T04:24:40.249Z] Error writing to Modbus register: A Modbus Exception Occurred - See Response Body
[2024-12-10T04:24:41.249Z] Error reading or processing Modbus registers: A Modbus Exception Occurred - See Response Body
[2024-12-10T04:24:41.251Z] Error reading register 6507 for IP 10.30.4.128: A Modbus Exception Occurred - See Response Body
[2024-12-10T04:24:41.252Z] Error reading actual data: A Modbus Exception Occurred - See Response Body
[2024-12-10T04:24:41.252Z] Error writing to Modbus register: A Modbus Exception Occurred - See Response Body
[2024-12-10T04:24:42.263Z] Error reading or processing Modbus registers: A Modbus Exception Occurred - See Response Body
[2024-12-10T04:24:42.266Z] Error reading register 6507 for IP 10.30.4.128: A Modbus Exception Occurred - See Response Body
[2024-12-10T04:24:42.266Z] Error reading actual data: A Modbus Exception Occurred - See Response Body
[2024-12-10T04:24:42.267Z] Error writing to Modbus register: A Modbus Exception Occurred - See Response Body
[2024-12-10T04:24:43.265Z] Error reading or processing Modbus registers: A Modbus Exception Occurred - See Response Body
[2024-12-10T04:24:43.270Z] Error reading register 6507 for IP 10.30.4.128: A Modbus Exception Occurred - See Response Body
[2024-12-10T04:24:43.270Z] Error reading actual data: A Modbus Exception Occurred - See Response Body
[2024-12-10T04:24:43.271Z] Error writing to Modbus register: A Modbus Exception Occurred - See Response Body
[2024-12-10T04:24:44.267Z] Error reading or processing Modbus registers: A Modbus Exception Occurred - See Response Body
[2024-12-10T04:24:44.270Z] Error reading register 6507 for IP 10.30.4.128: A Modbus Exception Occurred - See Response Body
[2024-12-10T04:24:44.271Z] Error reading actual data: A Modbus Exception Occurred - See Response Body
[2024-12-10T04:24:44.271Z] Error writing to Modbus register: A Modbus Exception Occurred - See Response Body
[2024-12-10T04:24:45.279Z] Error reading or processing Modbus registers: A Modbus Exception Occurred - See Response Body
[2024-12-10T04:24:45.281Z] Error reading register 6507 for IP 10.30.4.128: A Modbus Exception Occurred - See Response Body
[2024-12-10T04:24:45.282Z] Error reading actual data: A Modbus Exception Occurred - See Response Body
[2024-12-10T04:24:45.282Z] Error writing to Modbus register: A Modbus Exception Occurred - See Response Body
[2024-12-10T04:24:46.292Z] Error reading or processing Modbus registers: A Modbus Exception Occurred - See Response Body
[2024-12-10T04:24:46.294Z] Error reading register 6507 for IP 10.30.4.128: A Modbus Exception Occurred - See Response Body
[2024-12-10T04:24:46.295Z] Error reading actual data: A Modbus Exception Occurred - See Response Body
[2024-12-10T04:24:46.295Z] Error writing to Modbus register: A Modbus Exception Occurred - See Response Body
[2024-12-10T04:24:47.307Z] Error reading or processing Modbus registers: A Modbus Exception Occurred - See Response Body
[2024-12-10T04:24:47.310Z] Error reading register 6507 for IP 10.30.4.128: A Modbus Exception Occurred - See Response Body
[2024-12-10T04:24:47.310Z] Error reading actual data: A Modbus Exception Occurred - See Response Body
[2024-12-10T04:24:47.311Z] Error writing to Modbus register: A Modbus Exception Occurred - See Response Body
[2024-12-10T04:24:48.309Z] Error reading or processing Modbus registers: A Modbus Exception Occurred - See Response Body
[2024-12-10T04:24:48.311Z] Error reading register 6507 for IP 10.30.4.128: A Modbus Exception Occurred - See Response Body
[2024-12-10T04:24:48.312Z] Error reading actual data: A Modbus Exception Occurred - See Response Body
[2024-12-10T04:24:48.312Z] Error writing to Modbus register: A Modbus Exception Occurred - See Response Body
[2024-12-10T04:24:49.323Z] Error reading or processing Modbus registers: A Modbus Exception Occurred - See Response Body
[2024-12-10T04:24:49.325Z] Error reading register 6507 for IP 10.30.4.128: A Modbus Exception Occurred - See Response Body
[2024-12-10T04:24:49.325Z] Error reading actual data: A Modbus Exception Occurred - See Response Body
[2024-12-10T04:24:49.326Z] Error writing to Modbus register: A Modbus Exception Occurred - See Response Body
[2024-12-10T04:24:50.324Z] Error reading or processing Modbus registers: A Modbus Exception Occurred - See Response Body
[2024-12-10T04:24:50.327Z] Error reading register 6507 for IP 10.30.4.128: A Modbus Exception Occurred - See Response Body
[2024-12-10T04:24:50.327Z] Error reading actual data: A Modbus Exception Occurred - See Response Body
[2024-12-10T04:24:50.328Z] Error writing to Modbus register: A Modbus Exception Occurred - See Response Body
[2024-12-10T04:24:51.329Z] Error reading or processing Modbus registers: A Modbus Exception Occurred - See Response Body
[2024-12-10T04:24:51.330Z] Error reading register 6507 for IP 10.30.4.128: A Modbus Exception Occurred - See Response Body
[2024-12-10T04:24:51.333Z] Error reading actual data: A Modbus Exception Occurred - See Response Body
[2024-12-10T04:24:51.333Z] Error writing to Modbus register: A Modbus Exception Occurred - See Response Body
[2024-12-10T04:24:52.330Z] Error reading or processing Modbus registers: A Modbus Exception Occurred - See Response Body
[2024-12-10T04:24:52.333Z] Error reading register 6507 for IP 10.30.4.128: A Modbus Exception Occurred - See Response Body
[2024-12-10T04:24:52.334Z] Error reading actual data: A Modbus Exception Occurred - See Response Body
[2024-12-10T04:24:52.334Z] Error writing to Modbus register: A Modbus Exception Occurred - See Response Body
[2024-12-10T04:24:53.345Z] Error reading or processing Modbus registers: A Modbus Exception Occurred - See Response Body
[2024-12-10T04:24:53.347Z] Error reading register 6507 for IP 10.30.4.128: A Modbus Exception Occurred - See Response Body
[2024-12-10T04:24:53.347Z] Error reading actual data: A Modbus Exception Occurred - See Response Body
[2024-12-10T04:24:53.348Z] Error writing to Modbus register: A Modbus Exception Occurred - See Response Body
[2024-12-10T04:24:54.359Z] Error reading or processing Modbus registers: A Modbus Exception Occurred - See Response Body
[2024-12-10T04:24:54.361Z] Error reading register 6507 for IP 10.30.4.128: A Modbus Exception Occurred - See Response Body
[2024-12-10T04:24:54.363Z] Error reading actual data: A Modbus Exception Occurred - See Response Body
[2024-12-10T04:24:54.363Z] Error writing to Modbus register: A Modbus Exception Occurred - See Response Body
[2024-12-10T04:24:55.372Z] Error reading or processing Modbus registers: A Modbus Exception Occurred - See Response Body
[2024-12-10T04:24:55.375Z] Error reading register 6507 for IP 10.30.4.128: A Modbus Exception Occurred - See Response Body
[2024-12-10T04:24:55.376Z] Error reading actual data: A Modbus Exception Occurred - See Response Body
[2024-12-10T04:24:55.376Z] Error writing to Modbus register: A Modbus Exception Occurred - See Response Body
[2024-12-10T04:24:56.386Z] Error reading or processing Modbus registers: A Modbus Exception Occurred - See Response Body
[2024-12-10T04:24:56.388Z] Error reading register 6507 for IP 10.30.4.128: A Modbus Exception Occurred - See Response Body
[2024-12-10T04:24:56.389Z] Error reading actual data: A Modbus Exception Occurred - See Response Body
[2024-12-10T04:24:56.390Z] Error writing to Modbus register: A Modbus Exception Occurred - See Response Body
[2024-12-10T04:24:57.389Z] Error reading or processing Modbus registers: A Modbus Exception Occurred - See Response Body
[2024-12-10T04:24:57.392Z] Error reading register 6507 for IP 10.30.4.128: A Modbus Exception Occurred - See Response Body
[2024-12-10T04:24:57.393Z] Error reading actual data: A Modbus Exception Occurred - See Response Body
[2024-12-10T04:24:57.393Z] Error writing to Modbus register: A Modbus Exception Occurred - See Response Body
[2024-12-10T04:24:58.403Z] Error reading or processing Modbus registers: A Modbus Exception Occurred - See Response Body
[2024-12-10T04:24:58.406Z] Error reading register 6507 for IP 10.30.4.128: A Modbus Exception Occurred - See Response Body
[2024-12-10T04:24:58.406Z] Error reading actual data: A Modbus Exception Occurred - See Response Body
[2024-12-10T04:24:58.407Z] Error writing to Modbus register: A Modbus Exception Occurred - See Response Body
[2024-12-10T04:24:59.404Z] Error reading or processing Modbus registers: A Modbus Exception Occurred - See Response Body
[2024-12-10T04:24:59.406Z] Error reading register 6507 for IP 10.30.4.128: A Modbus Exception Occurred - See Response Body
[2024-12-10T04:24:59.407Z] Error reading actual data: A Modbus Exception Occurred - See Response Body
[2024-12-10T04:24:59.408Z] Error writing to Modbus register: A Modbus Exception Occurred - See Response Body
[2024-12-10T04:25:00.416Z] Error reading or processing Modbus registers: A Modbus Exception Occurred - See Response Body
[2024-12-10T04:25:00.418Z] Error reading register 6507 for IP 10.30.4.128: A Modbus Exception Occurred - See Response Body
[2024-12-10T04:25:00.419Z] Error reading actual data: A Modbus Exception Occurred - See Response Body
[2024-12-10T04:25:00.419Z] Error writing to Modbus register: A Modbus Exception Occurred - See Response Body
[2024-12-10T04:25:01.418Z] Error reading or processing Modbus registers: A Modbus Exception Occurred - See Response Body
[2024-12-10T04:25:01.420Z] Error reading register 6507 for IP 10.30.4.128: A Modbus Exception Occurred - See Response Body
[2024-12-10T04:25:01.421Z] Error reading actual data: A Modbus Exception Occurred - See Response Body
[2024-12-10T04:25:01.422Z] Error writing to Modbus register: A Modbus Exception Occurred - See Response Body
[2024-12-10T04:25:02.432Z] Error reading or processing Modbus registers: A Modbus Exception Occurred - See Response Body
[2024-12-10T04:25:02.435Z] Error reading register 6507 for IP 10.30.4.128: A Modbus Exception Occurred - See Response Body
[2024-12-10T04:25:02.436Z] Error reading actual data: A Modbus Exception Occurred - See Response Body
[2024-12-10T04:25:02.437Z] Error writing to Modbus register: A Modbus Exception Occurred - See Response Body
[2024-12-10T04:25:03.450Z] Error reading or processing Modbus registers: A Modbus Exception Occurred - See Response Body
[2024-12-10T04:25:03.452Z] Error reading register 6507 for IP 10.30.4.128: A Modbus Exception Occurred - See Response Body
[2024-12-10T04:25:03.453Z] Error reading actual data: A Modbus Exception Occurred - See Response Body
[2024-12-10T04:25:03.454Z] Error writing to Modbus register: A Modbus Exception Occurred - See Response Body
[2024-12-10T04:25:04.462Z] Error reading or processing Modbus registers: A Modbus Exception Occurred - See Response Body
[2024-12-10T04:25:04.464Z] Error reading register 6507 for IP 10.30.4.128: A Modbus Exception Occurred - See Response Body
[2024-12-10T04:25:04.465Z] Error reading actual data: A Modbus Exception Occurred - See Response Body
[2024-12-10T04:25:04.465Z] Error writing to Modbus register: A Modbus Exception Occurred - See Response Body
[2024-12-10T04:25:05.477Z] Error reading or processing Modbus registers: A Modbus Exception Occurred - See Response Body
[2024-12-10T04:25:05.479Z] Error reading register 6507 for IP 10.30.4.128: A Modbus Exception Occurred - See Response Body
[2024-12-10T04:25:05.480Z] Error reading actual data: A Modbus Exception Occurred - See Response Body
[2024-12-10T04:25:05.480Z] Error writing to Modbus register: A Modbus Exception Occurred - See Response Body
[2024-12-10T04:25:06.480Z] Error reading or processing Modbus registers: A Modbus Exception Occurred - See Response Body
[2024-12-10T04:25:06.482Z] Error reading register 6507 for IP 10.30.4.128: A Modbus Exception Occurred - See Response Body
[2024-12-10T04:25:06.483Z] Error reading actual data: A Modbus Exception Occurred - See Response Body
[2024-12-10T04:25:06.483Z] Error writing to Modbus register: A Modbus Exception Occurred - See Response Body
[2024-12-10T04:25:07.494Z] Error reading or processing Modbus registers: A Modbus Exception Occurred - See Response Body
[2024-12-10T04:25:07.495Z] Error reading register 6507 for IP 10.30.4.128: A Modbus Exception Occurred - See Response Body
[2024-12-10T04:25:07.496Z] Error reading actual data: A Modbus Exception Occurred - See Response Body
[2024-12-10T04:25:07.497Z] Error writing to Modbus register: A Modbus Exception Occurred - See Response Body
[2024-12-10T04:25:08.494Z] Error reading or processing Modbus registers: A Modbus Exception Occurred - See Response Body
[2024-12-10T04:25:08.496Z] Error reading register 6507 for IP 10.30.4.128: A Modbus Exception Occurred - See Response Body
[2024-12-10T04:25:08.497Z] Error reading actual data: A Modbus Exception Occurred - See Response Body
[2024-12-10T04:25:08.497Z] Error writing to Modbus register: A Modbus Exception Occurred - See Response Body
[2024-12-10T04:25:09.494Z] Error reading or processing Modbus registers: A Modbus Exception Occurred - See Response Body
[2024-12-10T04:25:09.496Z] Error reading register 6507 for IP 10.30.4.128: A Modbus Exception Occurred - See Response Body
[2024-12-10T04:25:09.497Z] Error reading actual data: A Modbus Exception Occurred - See Response Body
[2024-12-10T04:25:09.498Z] Error writing to Modbus register: A Modbus Exception Occurred - See Response Body
[2024-12-10T04:25:10.507Z] Error reading or processing Modbus registers: A Modbus Exception Occurred - See Response Body
[2024-12-10T04:25:10.509Z] Error reading register 6507 for IP 10.30.4.128: A Modbus Exception Occurred - See Response Body
[2024-12-10T04:25:10.510Z] Error reading actual data: A Modbus Exception Occurred - See Response Body
[2024-12-10T04:25:10.510Z] Error writing to Modbus register: A Modbus Exception Occurred - See Response Body
[2024-12-10T04:25:11.511Z] Error reading or processing Modbus registers: A Modbus Exception Occurred - See Response Body
[2024-12-10T04:25:11.512Z] Error reading register 6507 for IP 10.30.4.128: A Modbus Exception Occurred - See Response Body
[2024-12-10T04:25:11.513Z] Error reading actual data: A Modbus Exception Occurred - See Response Body
[2024-12-10T04:25:11.513Z] Error writing to Modbus register: A Modbus Exception Occurred - See Response Body
[2024-12-10T04:25:12.525Z] Error reading or processing Modbus registers: A Modbus Exception Occurred - See Response Body
[2024-12-10T04:25:12.527Z] Error reading register 6507 for IP 10.30.4.128: A Modbus Exception Occurred - See Response Body
[2024-12-10T04:25:12.528Z] Error reading actual data: A Modbus Exception Occurred - See Response Body
[2024-12-10T04:25:12.528Z] Error writing to Modbus register: A Modbus Exception Occurred - See Response Body
[2024-12-10T04:25:13.541Z] Error reading or processing Modbus registers: A Modbus Exception Occurred - See Response Body
[2024-12-10T04:25:13.543Z] Error reading register 6507 for IP 10.30.4.128: A Modbus Exception Occurred - See Response Body
[2024-12-10T04:25:13.544Z] Error reading actual data: A Modbus Exception Occurred - See Response Body
[2024-12-10T04:25:13.545Z] Error writing to Modbus register: A Modbus Exception Occurred - See Response Body
[2024-12-10T04:25:14.553Z] Error reading or processing Modbus registers: A Modbus Exception Occurred - See Response Body
[2024-12-10T04:25:14.556Z] Error reading register 6507 for IP 10.30.4.128: A Modbus Exception Occurred - See Response Body
[2024-12-10T04:25:14.556Z] Error reading actual data: A Modbus Exception Occurred - See Response Body
[2024-12-10T04:25:14.557Z] Error writing to Modbus register: A Modbus Exception Occurred - See Response Body
[2024-12-10T04:25:15.553Z] Error reading or processing Modbus registers: A Modbus Exception Occurred - See Response Body
[2024-12-10T04:25:15.556Z] Error reading register 6507 for IP 10.30.4.128: A Modbus Exception Occurred - See Response Body
[2024-12-10T04:25:15.557Z] Error reading actual data: A Modbus Exception Occurred - See Response Body
[2024-12-10T04:25:15.558Z] Error writing to Modbus register: A Modbus Exception Occurred - See Response Body
[2024-12-10T04:25:16.554Z] Error reading or processing Modbus registers: A Modbus Exception Occurred - See Response Body
[2024-12-10T04:25:16.556Z] Error reading register 6507 for IP 10.30.4.128: A Modbus Exception Occurred - See Response Body
[2024-12-10T04:25:16.556Z] Error reading actual data: A Modbus Exception Occurred - See Response Body
[2024-12-10T04:25:16.557Z] Error writing to Modbus register: A Modbus Exception Occurred - See Response Body
[2024-12-10T04:25:17.567Z] Error reading or processing Modbus registers: A Modbus Exception Occurred - See Response Body
[2024-12-10T04:25:17.569Z] Error reading register 6507 for IP 10.30.4.128: A Modbus Exception Occurred - See Response Body
[2024-12-10T04:25:17.570Z] Error reading actual data: A Modbus Exception Occurred - See Response Body
[2024-12-10T04:25:17.571Z] Error writing to Modbus register: A Modbus Exception Occurred - See Response Body
[2024-12-10T04:25:18.570Z] Error reading or processing Modbus registers: A Modbus Exception Occurred - See Response Body
[2024-12-10T04:25:18.572Z] Error reading register 6507 for IP 10.30.4.128: A Modbus Exception Occurred - See Response Body
[2024-12-10T04:25:18.573Z] Error reading actual data: A Modbus Exception Occurred - See Response Body
[2024-12-10T04:25:18.573Z] Error writing to Modbus register: A Modbus Exception Occurred - See Response Body
[2024-12-10T04:25:19.573Z] Error reading or processing Modbus registers: A Modbus Exception Occurred - See Response Body
[2024-12-10T04:25:19.575Z] Error reading register 6507 for IP 10.30.4.128: A Modbus Exception Occurred - See Response Body
[2024-12-10T04:25:19.576Z] Error reading actual data: A Modbus Exception Occurred - See Response Body
[2024-12-10T04:25:19.577Z] Error writing to Modbus register: A Modbus Exception Occurred - See Response Body
[2024-12-10T04:25:20.575Z] Error reading or processing Modbus registers: A Modbus Exception Occurred - See Response Body
[2024-12-10T04:25:20.577Z] Error reading register 6507 for IP 10.30.4.128: A Modbus Exception Occurred - See Response Body
[2024-12-10T04:25:20.578Z] Error reading actual data: A Modbus Exception Occurred - See Response Body
[2024-12-10T04:25:20.579Z] Error writing to Modbus register: A Modbus Exception Occurred - See Response Body
[2024-12-10T04:25:21.590Z] Error reading or processing Modbus registers: A Modbus Exception Occurred - See Response Body
[2024-12-10T04:25:21.592Z] Error reading register 6507 for IP 10.30.4.128: A Modbus Exception Occurred - See Response Body
[2024-12-10T04:25:21.593Z] Error reading actual data: A Modbus Exception Occurred - See Response Body
[2024-12-10T04:25:21.594Z] Error writing to Modbus register: A Modbus Exception Occurred - See Response Body
[2024-12-10T04:25:22.605Z] Error reading or processing Modbus registers: A Modbus Exception Occurred - See Response Body
[2024-12-10T04:25:22.607Z] Error reading register 6507 for IP 10.30.4.128: A Modbus Exception Occurred - See Response Body
[2024-12-10T04:25:22.608Z] Error reading actual data: A Modbus Exception Occurred - See Response Body
[2024-12-10T04:25:22.609Z] Error writing to Modbus register: A Modbus Exception Occurred - See Response Body
[2024-12-10T04:25:23.617Z] Error reading or processing Modbus registers: A Modbus Exception Occurred - See Response Body
[2024-12-10T04:25:23.619Z] Error reading register 6507 for IP 10.30.4.128: A Modbus Exception Occurred - See Response Body
[2024-12-10T04:25:23.620Z] Error reading actual data: A Modbus Exception Occurred - See Response Body
[2024-12-10T04:25:23.620Z] Error writing to Modbus register: A Modbus Exception Occurred - See Response Body
[2024-12-10T04:25:24.622Z] Error reading or processing Modbus registers: A Modbus Exception Occurred - See Response Body
[2024-12-10T04:25:24.623Z] Error reading register 6507 for IP 10.30.4.128: A Modbus Exception Occurred - See Response Body
[2024-12-10T04:25:24.624Z] Error reading actual data: A Modbus Exception Occurred - See Response Body
[2024-12-10T04:25:24.624Z] Error writing to Modbus register: A Modbus Exception Occurred - See Response Body
[2024-12-10T04:25:25.621Z] Error reading or processing Modbus registers: A Modbus Exception Occurred - See Response Body
[2024-12-10T04:25:25.624Z] Error reading register 6507 for IP 10.30.4.128: A Modbus Exception Occurred - See Response Body
[2024-12-10T04:25:25.624Z] Error reading actual data: A Modbus Exception Occurred - See Response Body
[2024-12-10T04:25:25.625Z] Error writing to Modbus register: A Modbus Exception Occurred - See Response Body
[2024-12-10T04:25:26.636Z] Error reading or processing Modbus registers: A Modbus Exception Occurred - See Response Body
[2024-12-10T04:25:26.639Z] Error reading register 6507 for IP 10.30.4.128: A Modbus Exception Occurred - See Response Body
[2024-12-10T04:25:26.639Z] Error reading actual data: A Modbus Exception Occurred - See Response Body
[2024-12-10T04:25:26.640Z] Error writing to Modbus register: A Modbus Exception Occurred - See Response Body
[2024-12-10T04:25:27.642Z] Error reading or processing Modbus registers: A Modbus Exception Occurred - See Response Body
[2024-12-10T04:25:27.644Z] Error reading register 6507 for IP 10.30.4.128: A Modbus Exception Occurred - See Response Body
[2024-12-10T04:25:27.645Z] Error reading actual data: A Modbus Exception Occurred - See Response Body
[2024-12-10T04:25:27.645Z] Error writing to Modbus register: A Modbus Exception Occurred - See Response Body
[2024-12-10T04:25:28.645Z] Error reading or processing Modbus registers: A Modbus Exception Occurred - See Response Body
[2024-12-10T04:25:28.646Z] Error reading register 6507 for IP 10.30.4.128: A Modbus Exception Occurred - See Response Body
[2024-12-10T04:25:28.647Z] Error reading actual data: A Modbus Exception Occurred - See Response Body
[2024-12-10T04:25:28.647Z] Error writing to Modbus register: A Modbus Exception Occurred - See Response Body
[2024-12-10T04:25:29.648Z] Error reading or processing Modbus registers: A Modbus Exception Occurred - See Response Body
[2024-12-10T04:25:29.650Z] Error reading register 6507 for IP 10.30.4.128: A Modbus Exception Occurred - See Response Body
[2024-12-10T04:25:29.651Z] Error reading actual data: A Modbus Exception Occurred - See Response Body
[2024-12-10T04:25:29.651Z] Error writing to Modbus register: A Modbus Exception Occurred - See Response Body
[2024-12-10T04:25:30.663Z] Error reading or processing Modbus registers: A Modbus Exception Occurred - See Response Body
[2024-12-10T04:25:30.665Z] Error reading register 6507 for IP 10.30.4.128: A Modbus Exception Occurred - See Response Body
[2024-12-10T04:25:30.666Z] Error reading actual data: A Modbus Exception Occurred - See Response Body
[2024-12-10T04:25:30.666Z] Error writing to Modbus register: A Modbus Exception Occurred - See Response Body
[2024-12-10T04:25:31.677Z] Error reading or processing Modbus registers: A Modbus Exception Occurred - See Response Body
[2024-12-10T04:25:31.680Z] Error reading register 6507 for IP 10.30.4.128: A Modbus Exception Occurred - See Response Body
[2024-12-10T04:25:31.680Z] Error reading actual data: A Modbus Exception Occurred - See Response Body
[2024-12-10T04:25:31.681Z] Error writing to Modbus register: A Modbus Exception Occurred - See Response Body
[2024-12-10T04:25:32.679Z] Error reading or processing Modbus registers: A Modbus Exception Occurred - See Response Body
[2024-12-10T04:25:32.681Z] Error reading register 6507 for IP 10.30.4.128: A Modbus Exception Occurred - See Response Body
[2024-12-10T04:25:32.682Z] Error reading actual data: A Modbus Exception Occurred - See Response Body
[2024-12-10T04:25:32.682Z] Error writing to Modbus register: A Modbus Exception Occurred - See Response Body
[2024-12-10T04:25:33.681Z] Error reading or processing Modbus registers: A Modbus Exception Occurred - See Response Body
[2024-12-10T04:25:33.683Z] Error reading register 6507 for IP 10.30.4.128: A Modbus Exception Occurred - See Response Body
[2024-12-10T04:25:33.684Z] Error reading actual data: A Modbus Exception Occurred - See Response Body
[2024-12-10T04:25:33.684Z] Error writing to Modbus register: A Modbus Exception Occurred - See Response Body
[2024-12-10T04:25:34.694Z] Error reading or processing Modbus registers: A Modbus Exception Occurred - See Response Body
[2024-12-10T04:25:34.696Z] Error reading register 6507 for IP 10.30.4.128: A Modbus Exception Occurred - See Response Body
[2024-12-10T04:25:34.696Z] Error reading actual data: A Modbus Exception Occurred - See Response Body
[2024-12-10T04:25:34.697Z] Error writing to Modbus register: A Modbus Exception Occurred - See Response Body
[2024-12-10T04:25:35.709Z] Error reading or processing Modbus registers: A Modbus Exception Occurred - See Response Body
[2024-12-10T04:25:35.711Z] Error reading register 6507 for IP 10.30.4.128: A Modbus Exception Occurred - See Response Body
[2024-12-10T04:25:35.712Z] Error reading actual data: A Modbus Exception Occurred - See Response Body
[2024-12-10T04:25:35.713Z] Error writing to Modbus register: A Modbus Exception Occurred - See Response Body
[2024-12-10T04:25:36.721Z] Error reading or processing Modbus registers: A Modbus Exception Occurred - See Response Body
[2024-12-10T04:25:36.723Z] Error reading register 6507 for IP 10.30.4.128: A Modbus Exception Occurred - See Response Body
[2024-12-10T04:25:36.724Z] Error reading actual data: A Modbus Exception Occurred - See Response Body
[2024-12-10T04:25:36.725Z] Error writing to Modbus register: A Modbus Exception Occurred - See Response Body
[2024-12-10T04:25:37.736Z] Error reading or processing Modbus registers: A Modbus Exception Occurred - See Response Body
[2024-12-10T04:25:37.738Z] Error reading register 6507 for IP 10.30.4.128: A Modbus Exception Occurred - See Response Body
[2024-12-10T04:25:37.739Z] Error reading actual data: A Modbus Exception Occurred - See Response Body
[2024-12-10T04:25:37.740Z] Error writing to Modbus register: A Modbus Exception Occurred - See Response Body
[2024-12-10T04:25:38.751Z] Error reading or processing Modbus registers: A Modbus Exception Occurred - See Response Body
[2024-12-10T04:25:38.753Z] Error reading register 6507 for IP 10.30.4.128: A Modbus Exception Occurred - See Response Body
[2024-12-10T04:25:38.753Z] Error reading actual data: A Modbus Exception Occurred - See Response Body
[2024-12-10T04:25:38.754Z] Error writing to Modbus register: A Modbus Exception Occurred - See Response Body
[2024-12-10T04:25:39.750Z] Error reading or processing Modbus registers: A Modbus Exception Occurred - See Response Body
[2024-12-10T04:25:39.753Z] Error reading register 6507 for IP 10.30.4.128: A Modbus Exception Occurred - See Response Body
[2024-12-10T04:25:39.754Z] Error reading actual data: A Modbus Exception Occurred - See Response Body
[2024-12-10T04:25:39.754Z] Error writing to Modbus register: A Modbus Exception Occurred - See Response Body
[2024-12-10T04:25:40.752Z] Error reading or processing Modbus registers: A Modbus Exception Occurred - See Response Body
[2024-12-10T04:25:40.755Z] Error reading register 6507 for IP 10.30.4.128: A Modbus Exception Occurred - See Response Body
[2024-12-10T04:25:40.755Z] Error reading actual data: A Modbus Exception Occurred - See Response Body
[2024-12-10T04:25:40.756Z] Error writing to Modbus register: A Modbus Exception Occurred - See Response Body
[2024-12-10T04:25:41.755Z] Error reading or processing Modbus registers: A Modbus Exception Occurred - See Response Body
[2024-12-10T04:25:41.758Z] Error reading register 6507 for IP 10.30.4.128: A Modbus Exception Occurred - See Response Body
[2024-12-10T04:25:41.758Z] Error reading actual data: A Modbus Exception Occurred - See Response Body
[2024-12-10T04:25:41.759Z] Error writing to Modbus register: A Modbus Exception Occurred - See Response Body
[2024-12-10T04:25:42.769Z] Error reading or processing Modbus registers: A Modbus Exception Occurred - See Response Body
[2024-12-10T04:25:42.771Z] Error reading register 6507 for IP 10.30.4.128: A Modbus Exception Occurred - See Response Body
[2024-12-10T04:25:42.771Z] Error reading actual data: A Modbus Exception Occurred - See Response Body
[2024-12-10T04:25:42.772Z] Error writing to Modbus register: A Modbus Exception Occurred - See Response Body
[2024-12-10T04:25:43.772Z] Error reading or processing Modbus registers: A Modbus Exception Occurred - See Response Body
[2024-12-10T04:25:43.774Z] Error reading register 6507 for IP 10.30.4.128: A Modbus Exception Occurred - See Response Body
[2024-12-10T04:25:43.774Z] Error reading actual data: A Modbus Exception Occurred - See Response Body
[2024-12-10T04:25:43.775Z] Error writing to Modbus register: A Modbus Exception Occurred - See Response Body
[2024-12-10T04:25:44.784Z] Error reading or processing Modbus registers: A Modbus Exception Occurred - See Response Body
[2024-12-10T04:25:44.787Z] Error reading register 6507 for IP 10.30.4.128: A Modbus Exception Occurred - See Response Body
[2024-12-10T04:25:44.787Z] Error reading actual data: A Modbus Exception Occurred - See Response Body
[2024-12-10T04:25:44.788Z] Error writing to Modbus register: A Modbus Exception Occurred - See Response Body
[2024-12-10T04:25:45.798Z] Error reading or processing Modbus registers: A Modbus Exception Occurred - See Response Body
[2024-12-10T04:25:45.801Z] Error reading register 6507 for IP 10.30.4.128: A Modbus Exception Occurred - See Response Body
[2024-12-10T04:25:45.801Z] Error reading actual data: A Modbus Exception Occurred - See Response Body
[2024-12-10T04:25:45.802Z] Error writing to Modbus register: A Modbus Exception Occurred - See Response Body
[2024-12-10T04:25:46.802Z] Error reading or processing Modbus registers: A Modbus Exception Occurred - See Response Body
[2024-12-10T04:25:46.805Z] Error reading register 6507 for IP 10.30.4.128: A Modbus Exception Occurred - See Response Body
[2024-12-10T04:25:46.806Z] Error reading actual data: A Modbus Exception Occurred - See Response Body
[2024-12-10T04:25:46.806Z] Error writing to Modbus register: A Modbus Exception Occurred - See Response Body
[2024-12-10T04:25:47.805Z] Error reading or processing Modbus registers: A Modbus Exception Occurred - See Response Body
[2024-12-10T04:25:47.808Z] Error reading register 6507 for IP 10.30.4.128: A Modbus Exception Occurred - See Response Body
[2024-12-10T04:25:47.809Z] Error reading actual data: A Modbus Exception Occurred - See Response Body
[2024-12-10T04:25:47.809Z] Error writing to Modbus register: A Modbus Exception Occurred - See Response Body
[2024-12-10T04:25:48.818Z] Error reading or processing Modbus registers: A Modbus Exception Occurred - See Response Body
[2024-12-10T04:25:48.820Z] Error reading register 6507 for IP 10.30.4.128: A Modbus Exception Occurred - See Response Body
[2024-12-10T04:25:48.821Z] Error reading actual data: A Modbus Exception Occurred - See Response Body
[2024-12-10T04:25:48.822Z] Error writing to Modbus register: A Modbus Exception Occurred - See Response Body
[2024-12-10T04:25:49.833Z] Error reading or processing Modbus registers: A Modbus Exception Occurred - See Response Body
[2024-12-10T04:25:49.836Z] Error reading register 6507 for IP 10.30.4.128: A Modbus Exception Occurred - See Response Body
[2024-12-10T04:25:49.836Z] Error reading actual data: A Modbus Exception Occurred - See Response Body
[2024-12-10T04:25:49.837Z] Error writing to Modbus register: A Modbus Exception Occurred - See Response Body
[2024-12-10T04:25:50.847Z] Error reading or processing Modbus registers: A Modbus Exception Occurred - See Response Body
[2024-12-10T04:25:50.849Z] Error reading register 6507 for IP 10.30.4.128: A Modbus Exception Occurred - See Response Body
[2024-12-10T04:25:50.850Z] Error reading actual data: A Modbus Exception Occurred - See Response Body
[2024-12-10T04:25:50.850Z] Error writing to Modbus register: A Modbus Exception Occurred - See Response Body
[2024-12-10T04:25:51.849Z] Error reading or processing Modbus registers: A Modbus Exception Occurred - See Response Body
[2024-12-10T04:25:51.851Z] Error reading register 6507 for IP 10.30.4.128: A Modbus Exception Occurred - See Response Body
[2024-12-10T04:25:51.852Z] Error reading actual data: A Modbus Exception Occurred - See Response Body
[2024-12-10T04:25:51.853Z] Error writing to Modbus register: A Modbus Exception Occurred - See Response Body
[2024-12-10T04:25:52.862Z] Error reading or processing Modbus registers: A Modbus Exception Occurred - See Response Body
[2024-12-10T04:25:52.864Z] Error reading register 6507 for IP 10.30.4.128: A Modbus Exception Occurred - See Response Body
[2024-12-10T04:25:52.865Z] Error reading actual data: A Modbus Exception Occurred - See Response Body
[2024-12-10T04:25:52.865Z] Error writing to Modbus register: A Modbus Exception Occurred - See Response Body
[2024-12-10T04:25:53.878Z] Error reading or processing Modbus registers: A Modbus Exception Occurred - See Response Body
[2024-12-10T04:25:53.880Z] Error reading register 6507 for IP 10.30.4.128: A Modbus Exception Occurred - See Response Body
[2024-12-10T04:25:53.881Z] Error reading actual data: A Modbus Exception Occurred - See Response Body
[2024-12-10T04:25:53.882Z] Error writing to Modbus register: A Modbus Exception Occurred - See Response Body
[2024-12-10T04:25:54.891Z] Error reading or processing Modbus registers: A Modbus Exception Occurred - See Response Body
[2024-12-10T04:25:54.893Z] Error reading register 6507 for IP 10.30.4.128: A Modbus Exception Occurred - See Response Body
[2024-12-10T04:25:54.895Z] Error reading actual data: A Modbus Exception Occurred - See Response Body
[2024-12-10T04:25:54.895Z] Error writing to Modbus register: A Modbus Exception Occurred - See Response Body
[2024-12-10T04:25:55.891Z] Error reading or processing Modbus registers: A Modbus Exception Occurred - See Response Body
[2024-12-10T04:25:55.893Z] Error reading register 6507 for IP 10.30.4.128: A Modbus Exception Occurred - See Response Body
[2024-12-10T04:25:55.894Z] Error reading actual data: A Modbus Exception Occurred - See Response Body
[2024-12-10T04:25:55.894Z] Error writing to Modbus register: A Modbus Exception Occurred - See Response Body
[2024-12-10T04:25:56.891Z] Error reading or processing Modbus registers: A Modbus Exception Occurred - See Response Body
[2024-12-10T04:25:56.893Z] Error reading register 6507 for IP 10.30.4.128: A Modbus Exception Occurred - See Response Body
[2024-12-10T04:25:56.894Z] Error reading actual data: A Modbus Exception Occurred - See Response Body
[2024-12-10T04:25:56.894Z] Error writing to Modbus register: A Modbus Exception Occurred - See Response Body
[2024-12-10T04:25:57.906Z] Error reading or processing Modbus registers: A Modbus Exception Occurred - See Response Body
[2024-12-10T04:25:57.909Z] Error reading register 6507 for IP 10.30.4.128: A Modbus Exception Occurred - See Response Body
[2024-12-10T04:25:57.909Z] Error reading actual data: A Modbus Exception Occurred - See Response Body
[2024-12-10T04:25:57.910Z] Error writing to Modbus register: A Modbus Exception Occurred - See Response Body
[2024-12-10T04:25:58.920Z] Error reading or processing Modbus registers: A Modbus Exception Occurred - See Response Body
[2024-12-10T04:25:58.923Z] Error reading register 6507 for IP 10.30.4.128: A Modbus Exception Occurred - See Response Body
[2024-12-10T04:25:58.924Z] Error reading actual data: A Modbus Exception Occurred - See Response Body
[2024-12-10T04:25:58.924Z] Error writing to Modbus register: A Modbus Exception Occurred - See Response Body
[2024-12-10T04:25:59.935Z] Error reading or processing Modbus registers: A Modbus Exception Occurred - See Response Body
[2024-12-10T04:25:59.937Z] Error reading register 6507 for IP 10.30.4.128: A Modbus Exception Occurred - See Response Body
[2024-12-10T04:25:59.938Z] Error reading actual data: A Modbus Exception Occurred - See Response Body
[2024-12-10T04:25:59.939Z] Error writing to Modbus register: A Modbus Exception Occurred - See Response Body
[2024-12-10T04:26:00.950Z] Error reading or processing Modbus registers: A Modbus Exception Occurred - See Response Body
[2024-12-10T04:26:00.952Z] Error reading register 6507 for IP 10.30.4.128: A Modbus Exception Occurred - See Response Body
[2024-12-10T04:26:00.953Z] Error reading actual data: A Modbus Exception Occurred - See Response Body
[2024-12-10T04:26:00.954Z] Error writing to Modbus register: A Modbus Exception Occurred - See Response Body
[2024-12-10T04:26:01.963Z] Error reading or processing Modbus registers: A Modbus Exception Occurred - See Response Body
[2024-12-10T04:26:01.965Z] Error reading register 6507 for IP 10.30.4.128: A Modbus Exception Occurred - See Response Body
[2024-12-10T04:26:01.966Z] Error reading actual data: A Modbus Exception Occurred - See Response Body
[2024-12-10T04:26:01.967Z] Error writing to Modbus register: A Modbus Exception Occurred - See Response Body
[2024-12-10T04:26:02.977Z] Error reading or processing Modbus registers: A Modbus Exception Occurred - See Response Body
[2024-12-10T04:26:02.979Z] Error reading register 6507 for IP 10.30.4.128: A Modbus Exception Occurred - See Response Body
[2024-12-10T04:26:02.980Z] Error reading actual data: A Modbus Exception Occurred - See Response Body
[2024-12-10T04:26:02.981Z] Error writing to Modbus register: A Modbus Exception Occurred - See Response Body
[2024-12-10T04:26:03.981Z] Error reading or processing Modbus registers: A Modbus Exception Occurred - See Response Body
[2024-12-10T04:26:03.983Z] Error reading register 6507 for IP 10.30.4.128: A Modbus Exception Occurred - See Response Body
[2024-12-10T04:26:03.984Z] Error reading actual data: A Modbus Exception Occurred - See Response Body
[2024-12-10T04:26:03.985Z] Error writing to Modbus register: A Modbus Exception Occurred - See Response Body
[2024-12-10T04:26:04.985Z] Error reading or processing Modbus registers: A Modbus Exception Occurred - See Response Body
[2024-12-10T04:26:04.987Z] Error reading register 6507 for IP 10.30.4.128: A Modbus Exception Occurred - See Response Body
[2024-12-10T04:26:04.988Z] Error reading actual data: A Modbus Exception Occurred - See Response Body
[2024-12-10T04:26:04.988Z] Error writing to Modbus register: A Modbus Exception Occurred - See Response Body
[2024-12-10T04:26:05.986Z] Error reading or processing Modbus registers: A Modbus Exception Occurred - See Response Body
[2024-12-10T04:26:05.988Z] Error reading register 6507 for IP 10.30.4.128: A Modbus Exception Occurred - See Response Body
[2024-12-10T04:26:05.989Z] Error reading actual data: A Modbus Exception Occurred - See Response Body
[2024-12-10T04:26:05.990Z] Error writing to Modbus register: A Modbus Exception Occurred - See Response Body
[2024-12-10T04:26:06.991Z] Error reading or processing Modbus registers: A Modbus Exception Occurred - See Response Body
[2024-12-10T04:26:06.993Z] Error reading register 6507 for IP 10.30.4.128: A Modbus Exception Occurred - See Response Body
[2024-12-10T04:26:06.994Z] Error reading actual data: A Modbus Exception Occurred - See Response Body
[2024-12-10T04:26:06.995Z] Error writing to Modbus register: A Modbus Exception Occurred - See Response Body
[2024-12-10T04:26:08.005Z] Error reading or processing Modbus registers: A Modbus Exception Occurred - See Response Body
[2024-12-10T04:26:08.009Z] Error reading register 6507 for IP 10.30.4.128: A Modbus Exception Occurred - See Response Body
[2024-12-10T04:26:08.010Z] Error reading actual data: A Modbus Exception Occurred - See Response Body
[2024-12-10T04:26:08.010Z] Error writing to Modbus register: A Modbus Exception Occurred - See Response Body
[2024-12-10T04:26:09.018Z] Error reading or processing Modbus registers: A Modbus Exception Occurred - See Response Body
[2024-12-10T04:26:09.020Z] Error reading register 6507 for IP 10.30.4.128: A Modbus Exception Occurred - See Response Body
[2024-12-10T04:26:09.021Z] Error reading actual data: A Modbus Exception Occurred - See Response Body
[2024-12-10T04:26:09.021Z] Error writing to Modbus register: A Modbus Exception Occurred - See Response Body
[2024-12-10T04:26:10.019Z] Error reading or processing Modbus registers: A Modbus Exception Occurred - See Response Body
[2024-12-10T04:26:10.021Z] Error reading register 6507 for IP 10.30.4.128: A Modbus Exception Occurred - See Response Body
[2024-12-10T04:26:10.022Z] Error reading actual data: A Modbus Exception Occurred - See Response Body
[2024-12-10T04:26:10.022Z] Error writing to Modbus register: A Modbus Exception Occurred - See Response Body
[2024-12-10T04:26:11.019Z] Error reading or processing Modbus registers: A Modbus Exception Occurred - See Response Body
[2024-12-10T04:26:11.022Z] Error reading register 6507 for IP 10.30.4.128: A Modbus Exception Occurred - See Response Body
[2024-12-10T04:26:11.022Z] Error reading actual data: A Modbus Exception Occurred - See Response Body
[2024-12-10T04:26:11.023Z] Error writing to Modbus register: A Modbus Exception Occurred - See Response Body
[2024-12-10T04:26:12.023Z] Error reading or processing Modbus registers: A Modbus Exception Occurred - See Response Body
[2024-12-10T04:26:12.025Z] Error reading register 6507 for IP 10.30.4.128: A Modbus Exception Occurred - See Response Body
[2024-12-10T04:26:12.025Z] Error reading actual data: A Modbus Exception Occurred - See Response Body
[2024-12-10T04:26:12.026Z] Error writing to Modbus register: A Modbus Exception Occurred - See Response Body
[2024-12-10T04:26:13.024Z] Error reading or processing Modbus registers: A Modbus Exception Occurred - See Response Body
[2024-12-10T04:26:13.025Z] Error reading register 6507 for IP 10.30.4.128: A Modbus Exception Occurred - See Response Body
[2024-12-10T04:26:13.026Z] Error reading actual data: A Modbus Exception Occurred - See Response Body
[2024-12-10T04:26:13.026Z] Error writing to Modbus register: A Modbus Exception Occurred - See Response Body
[2024-12-10T04:26:14.026Z] Error reading or processing Modbus registers: A Modbus Exception Occurred - See Response Body
[2024-12-10T04:26:14.028Z] Error reading register 6507 for IP 10.30.4.128: A Modbus Exception Occurred - See Response Body
[2024-12-10T04:26:14.029Z] Error reading actual data: A Modbus Exception Occurred - See Response Body
[2024-12-10T04:26:14.029Z] Error writing to Modbus register: A Modbus Exception Occurred - See Response Body
[2024-12-10T04:26:15.026Z] Error reading or processing Modbus registers: A Modbus Exception Occurred - See Response Body
[2024-12-10T04:26:15.028Z] Error reading register 6507 for IP 10.30.4.128: A Modbus Exception Occurred - See Response Body
[2024-12-10T04:26:15.029Z] Error reading actual data: A Modbus Exception Occurred - See Response Body
[2024-12-10T04:26:15.029Z] Error writing to Modbus register: A Modbus Exception Occurred - See Response Body
[2024-12-10T04:26:16.031Z] Error reading or processing Modbus registers: A Modbus Exception Occurred - See Response Body
[2024-12-10T04:26:16.033Z] Error reading register 6507 for IP 10.30.4.128: A Modbus Exception Occurred - See Response Body
[2024-12-10T04:26:16.034Z] Error reading actual data: A Modbus Exception Occurred - See Response Body
[2024-12-10T04:26:16.034Z] Error writing to Modbus register: A Modbus Exception Occurred - See Response Body
[2024-12-10T04:26:17.045Z] Error reading or processing Modbus registers: A Modbus Exception Occurred - See Response Body
[2024-12-10T04:26:17.047Z] Error reading register 6507 for IP 10.30.4.128: A Modbus Exception Occurred - See Response Body
[2024-12-10T04:26:17.047Z] Error reading actual data: A Modbus Exception Occurred - See Response Body
[2024-12-10T04:26:17.048Z] Error writing to Modbus register: A Modbus Exception Occurred - See Response Body
[2024-12-10T04:26:18.059Z] Error reading or processing Modbus registers: A Modbus Exception Occurred - See Response Body
[2024-12-10T04:26:18.061Z] Error reading register 6507 for IP 10.30.4.128: A Modbus Exception Occurred - See Response Body
[2024-12-10T04:26:18.062Z] Error reading actual data: A Modbus Exception Occurred - See Response Body
[2024-12-10T04:26:18.062Z] Error writing to Modbus register: A Modbus Exception Occurred - See Response Body
[2024-12-10T04:26:19.060Z] Error reading or processing Modbus registers: A Modbus Exception Occurred - See Response Body
[2024-12-10T04:26:19.062Z] Error reading register 6507 for IP 10.30.4.128: A Modbus Exception Occurred - See Response Body
[2024-12-10T04:26:19.063Z] Error reading actual data: A Modbus Exception Occurred - See Response Body
[2024-12-10T04:26:19.063Z] Error writing to Modbus register: A Modbus Exception Occurred - See Response Body
[2024-12-10T04:26:20.075Z] Error reading or processing Modbus registers: A Modbus Exception Occurred - See Response Body
[2024-12-10T04:26:20.078Z] Error reading register 6507 for IP 10.30.4.128: A Modbus Exception Occurred - See Response Body
[2024-12-10T04:26:20.079Z] Error reading actual data: A Modbus Exception Occurred - See Response Body
[2024-12-10T04:26:20.079Z] Error writing to Modbus register: A Modbus Exception Occurred - See Response Body
[2024-12-10T04:26:21.076Z] Error reading or processing Modbus registers: A Modbus Exception Occurred - See Response Body
[2024-12-10T04:26:21.078Z] Error reading register 6507 for IP 10.30.4.128: A Modbus Exception Occurred - See Response Body
[2024-12-10T04:26:21.079Z] Error reading actual data: A Modbus Exception Occurred - See Response Body
[2024-12-10T04:26:21.080Z] Error writing to Modbus register: A Modbus Exception Occurred - See Response Body
[2024-12-10T04:26:22.080Z] Error reading or processing Modbus registers: A Modbus Exception Occurred - See Response Body
[2024-12-10T04:26:22.082Z] Error reading register 6507 for IP 10.30.4.128: A Modbus Exception Occurred - See Response Body
[2024-12-10T04:26:22.083Z] Error reading actual data: A Modbus Exception Occurred - See Response Body
[2024-12-10T04:26:22.083Z] Error writing to Modbus register: A Modbus Exception Occurred - See Response Body
[2024-12-10T04:26:23.081Z] Error reading or processing Modbus registers: A Modbus Exception Occurred - See Response Body
[2024-12-10T04:26:23.083Z] Error reading register 6507 for IP 10.30.4.128: A Modbus Exception Occurred - See Response Body
[2024-12-10T04:26:23.084Z] Error reading actual data: A Modbus Exception Occurred - See Response Body
[2024-12-10T04:26:23.084Z] Error writing to Modbus register: A Modbus Exception Occurred - See Response Body
[2024-12-10T04:26:24.095Z] Error reading or processing Modbus registers: A Modbus Exception Occurred - See Response Body
[2024-12-10T04:26:24.097Z] Error reading register 6507 for IP 10.30.4.128: A Modbus Exception Occurred - See Response Body
[2024-12-10T04:26:24.097Z] Error reading actual data: A Modbus Exception Occurred - See Response Body
[2024-12-10T04:26:24.098Z] Error writing to Modbus register: A Modbus Exception Occurred - See Response Body
[2024-12-10T04:26:25.095Z] Error reading or processing Modbus registers: A Modbus Exception Occurred - See Response Body
[2024-12-10T04:26:25.097Z] Error reading register 6507 for IP 10.30.4.128: A Modbus Exception Occurred - See Response Body
[2024-12-10T04:26:25.098Z] Error reading actual data: A Modbus Exception Occurred - See Response Body
[2024-12-10T04:26:25.098Z] Error writing to Modbus register: A Modbus Exception Occurred - See Response Body
[2024-12-10T04:26:26.096Z] Error reading or processing Modbus registers: A Modbus Exception Occurred - See Response Body
[2024-12-10T04:26:26.098Z] Error reading register 6507 for IP 10.30.4.128: A Modbus Exception Occurred - See Response Body
[2024-12-10T04:26:26.099Z] Error reading actual data: A Modbus Exception Occurred - See Response Body
[2024-12-10T04:26:26.099Z] Error writing to Modbus register: A Modbus Exception Occurred - See Response Body
[2024-12-10T04:26:27.109Z] Error reading or processing Modbus registers: A Modbus Exception Occurred - See Response Body
[2024-12-10T04:26:27.111Z] Error reading register 6507 for IP 10.30.4.128: A Modbus Exception Occurred - See Response Body
[2024-12-10T04:26:27.112Z] Error reading actual data: A Modbus Exception Occurred - See Response Body
[2024-12-10T04:26:27.112Z] Error writing to Modbus register: A Modbus Exception Occurred - See Response Body
[2024-12-10T04:26:28.124Z] Error reading or processing Modbus registers: A Modbus Exception Occurred - See Response Body
[2024-12-10T04:26:28.126Z] Error reading register 6507 for IP 10.30.4.128: A Modbus Exception Occurred - See Response Body
[2024-12-10T04:26:28.127Z] Error reading actual data: A Modbus Exception Occurred - See Response Body
[2024-12-10T04:26:28.128Z] Error writing to Modbus register: A Modbus Exception Occurred - See Response Body
[2024-12-10T04:26:29.129Z] Error reading or processing Modbus registers: A Modbus Exception Occurred - See Response Body
[2024-12-10T04:26:29.131Z] Error reading register 6507 for IP 10.30.4.128: A Modbus Exception Occurred - See Response Body
[2024-12-10T04:26:29.132Z] Error reading actual data: A Modbus Exception Occurred - See Response Body
[2024-12-10T04:26:29.132Z] Error writing to Modbus register: A Modbus Exception Occurred - See Response Body
[2024-12-10T04:26:30.133Z] Error reading or processing Modbus registers: A Modbus Exception Occurred - See Response Body
[2024-12-10T04:26:30.137Z] Error reading register 6507 for IP 10.30.4.128: A Modbus Exception Occurred - See Response Body
[2024-12-10T04:26:30.138Z] Error reading actual data: A Modbus Exception Occurred - See Response Body
[2024-12-10T04:26:30.138Z] Error writing to Modbus register: A Modbus Exception Occurred - See Response Body
[2024-12-10T04:26:31.134Z] Error reading or processing Modbus registers: A Modbus Exception Occurred - See Response Body
[2024-12-10T04:26:31.136Z] Error reading register 6507 for IP 10.30.4.128: A Modbus Exception Occurred - See Response Body
[2024-12-10T04:26:31.137Z] Error reading actual data: A Modbus Exception Occurred - See Response Body
[2024-12-10T04:26:31.138Z] Error writing to Modbus register: A Modbus Exception Occurred - See Response Body
[2024-12-10T04:26:32.140Z] Error reading or processing Modbus registers: A Modbus Exception Occurred - See Response Body
[2024-12-10T04:26:32.142Z] Error reading register 6507 for IP 10.30.4.128: A Modbus Exception Occurred - See Response Body
[2024-12-10T04:26:32.143Z] Error reading actual data: A Modbus Exception Occurred - See Response Body
[2024-12-10T04:26:32.143Z] Error writing to Modbus register: A Modbus Exception Occurred - See Response Body
[2024-12-10T04:26:33.144Z] Error reading or processing Modbus registers: A Modbus Exception Occurred - See Response Body
[2024-12-10T04:26:33.146Z] Error reading register 6507 for IP 10.30.4.128: A Modbus Exception Occurred - See Response Body
[2024-12-10T04:26:33.147Z] Error reading actual data: A Modbus Exception Occurred - See Response Body
[2024-12-10T04:26:33.147Z] Error writing to Modbus register: A Modbus Exception Occurred - See Response Body
[2024-12-10T04:26:34.157Z] Error reading or processing Modbus registers: A Modbus Exception Occurred - See Response Body
[2024-12-10T04:26:34.159Z] Error reading register 6507 for IP 10.30.4.128: A Modbus Exception Occurred - See Response Body
[2024-12-10T04:26:34.159Z] Error reading actual data: A Modbus Exception Occurred - See Response Body
[2024-12-10T04:26:34.160Z] Error writing to Modbus register: A Modbus Exception Occurred - See Response Body
[2024-12-10T04:26:35.158Z] Error reading or processing Modbus registers: A Modbus Exception Occurred - See Response Body
[2024-12-10T04:26:35.160Z] Error reading register 6507 for IP 10.30.4.128: A Modbus Exception Occurred - See Response Body
[2024-12-10T04:26:35.161Z] Error reading actual data: A Modbus Exception Occurred - See Response Body
[2024-12-10T04:26:35.162Z] Error writing to Modbus register: A Modbus Exception Occurred - See Response Body
[2024-12-10T04:26:36.159Z] Error reading or processing Modbus registers: A Modbus Exception Occurred - See Response Body
[2024-12-10T04:26:36.161Z] Error reading register 6507 for IP 10.30.4.128: A Modbus Exception Occurred - See Response Body
[2024-12-10T04:26:36.161Z] Error reading actual data: A Modbus Exception Occurred - See Response Body
[2024-12-10T04:26:36.162Z] Error writing to Modbus register: A Modbus Exception Occurred - See Response Body
[2024-12-10T04:26:37.159Z] Error reading or processing Modbus registers: A Modbus Exception Occurred - See Response Body
[2024-12-10T04:26:37.162Z] Error reading register 6507 for IP 10.30.4.128: A Modbus Exception Occurred - See Response Body
[2024-12-10T04:26:37.162Z] Error reading actual data: A Modbus Exception Occurred - See Response Body
[2024-12-10T04:26:37.163Z] Error writing to Modbus register: A Modbus Exception Occurred - See Response Body
[2024-12-10T04:26:38.164Z] Error reading or processing Modbus registers: A Modbus Exception Occurred - See Response Body
[2024-12-10T04:26:38.166Z] Error reading register 6507 for IP 10.30.4.128: A Modbus Exception Occurred - See Response Body
[2024-12-10T04:26:38.167Z] Error reading actual data: A Modbus Exception Occurred - See Response Body
[2024-12-10T04:26:38.167Z] Error writing to Modbus register: A Modbus Exception Occurred - See Response Body
[2024-12-10T04:26:39.178Z] Error reading or processing Modbus registers: A Modbus Exception Occurred - See Response Body
[2024-12-10T04:26:39.181Z] Error reading register 6507 for IP 10.30.4.128: A Modbus Exception Occurred - See Response Body
[2024-12-10T04:26:39.182Z] Error reading actual data: A Modbus Exception Occurred - See Response Body
[2024-12-10T04:26:39.182Z] Error writing to Modbus register: A Modbus Exception Occurred - See Response Body
[2024-12-10T04:26:40.178Z] Error reading or processing Modbus registers: A Modbus Exception Occurred - See Response Body
[2024-12-10T04:26:40.181Z] Error reading register 6507 for IP 10.30.4.128: A Modbus Exception Occurred - See Response Body
[2024-12-10T04:26:40.181Z] Error reading actual data: A Modbus Exception Occurred - See Response Body
[2024-12-10T04:26:40.182Z] Error writing to Modbus register: A Modbus Exception Occurred - See Response Body
[2024-12-10T04:26:41.182Z] Error reading or processing Modbus registers: A Modbus Exception Occurred - See Response Body
[2024-12-10T04:26:41.184Z] Error reading register 6507 for IP 10.30.4.128: A Modbus Exception Occurred - See Response Body
[2024-12-10T04:26:41.185Z] Error reading actual data: A Modbus Exception Occurred - See Response Body
[2024-12-10T04:26:41.186Z] Error writing to Modbus register: A Modbus Exception Occurred - See Response Body
[2024-12-10T04:26:42.193Z] Error reading or processing Modbus registers: A Modbus Exception Occurred - See Response Body
[2024-12-10T04:26:42.195Z] Error reading register 6507 for IP 10.30.4.128: A Modbus Exception Occurred - See Response Body
[2024-12-10T04:26:42.196Z] Error reading actual data: A Modbus Exception Occurred - See Response Body
[2024-12-10T04:26:42.197Z] Error writing to Modbus register: A Modbus Exception Occurred - See Response Body
[2024-12-10T04:26:43.206Z] Error reading or processing Modbus registers: A Modbus Exception Occurred - See Response Body
[2024-12-10T04:26:43.209Z] Error reading register 6507 for IP 10.30.4.128: A Modbus Exception Occurred - See Response Body
[2024-12-10T04:26:43.209Z] Error reading actual data: A Modbus Exception Occurred - See Response Body
[2024-12-10T04:26:43.210Z] Error writing to Modbus register: A Modbus Exception Occurred - See Response Body
[2024-12-10T04:26:44.221Z] Error reading or processing Modbus registers: A Modbus Exception Occurred - See Response Body
[2024-12-10T04:26:44.223Z] Error reading register 6507 for IP 10.30.4.128: A Modbus Exception Occurred - See Response Body
[2024-12-10T04:26:44.224Z] Error reading actual data: A Modbus Exception Occurred - See Response Body
[2024-12-10T04:26:44.225Z] Error writing to Modbus register: A Modbus Exception Occurred - See Response Body
[2024-12-10T04:26:45.236Z] Error reading or processing Modbus registers: A Modbus Exception Occurred - See Response Body
[2024-12-10T04:26:45.238Z] Error reading register 6507 for IP 10.30.4.128: A Modbus Exception Occurred - See Response Body
[2024-12-10T04:26:45.239Z] Error reading actual data: A Modbus Exception Occurred - See Response Body
[2024-12-10T04:26:45.239Z] Error writing to Modbus register: A Modbus Exception Occurred - See Response Body
[2024-12-10T04:26:46.250Z] Error reading or processing Modbus registers: A Modbus Exception Occurred - See Response Body
[2024-12-10T04:26:46.251Z] Error reading register 6507 for IP 10.30.4.128: A Modbus Exception Occurred - See Response Body
[2024-12-10T04:26:46.252Z] Error reading actual data: A Modbus Exception Occurred - See Response Body
[2024-12-10T04:26:46.252Z] Error writing to Modbus register: A Modbus Exception Occurred - See Response Body
[2024-12-10T04:26:47.262Z] Error reading or processing Modbus registers: A Modbus Exception Occurred - See Response Body
[2024-12-10T04:26:47.264Z] Error reading register 6507 for IP 10.30.4.128: A Modbus Exception Occurred - See Response Body
[2024-12-10T04:26:47.265Z] Error reading actual data: A Modbus Exception Occurred - See Response Body
[2024-12-10T04:26:47.265Z] Error writing to Modbus register: A Modbus Exception Occurred - See Response Body
[2024-12-10T04:26:48.276Z] Error reading or processing Modbus registers: A Modbus Exception Occurred - See Response Body
[2024-12-10T04:26:48.278Z] Error reading register 6507 for IP 10.30.4.128: A Modbus Exception Occurred - See Response Body
[2024-12-10T04:26:48.279Z] Error reading actual data: A Modbus Exception Occurred - See Response Body
[2024-12-10T04:26:48.279Z] Error writing to Modbus register: A Modbus Exception Occurred - See Response Body
[2024-12-10T04:26:49.285Z] Error reading or processing Modbus registers: A Modbus Exception Occurred - See Response Body
[2024-12-10T04:26:49.287Z] Error reading register 6507 for IP 10.30.4.128: A Modbus Exception Occurred - See Response Body
[2024-12-10T04:26:49.287Z] Error reading actual data: A Modbus Exception Occurred - See Response Body
[2024-12-10T04:26:49.288Z] Error writing to Modbus register: A Modbus Exception Occurred - See Response Body
[2024-12-10T04:26:50.284Z] Error reading or processing Modbus registers: A Modbus Exception Occurred - See Response Body
[2024-12-10T04:26:50.287Z] Error reading register 6507 for IP 10.30.4.128: A Modbus Exception Occurred - See Response Body
[2024-12-10T04:26:50.287Z] Error reading actual data: A Modbus Exception Occurred - See Response Body
[2024-12-10T04:26:50.288Z] Error writing to Modbus register: A Modbus Exception Occurred - See Response Body
[2024-12-10T04:26:51.295Z] Error reading or processing Modbus registers: A Modbus Exception Occurred - See Response Body
[2024-12-10T04:26:51.297Z] Error reading register 6507 for IP 10.30.4.128: A Modbus Exception Occurred - See Response Body
[2024-12-10T04:26:51.298Z] Error reading actual data: A Modbus Exception Occurred - See Response Body
[2024-12-10T04:26:51.298Z] Error writing to Modbus register: A Modbus Exception Occurred - See Response Body
[2024-12-10T04:26:52.296Z] Error reading or processing Modbus registers: A Modbus Exception Occurred - See Response Body
[2024-12-10T04:26:52.298Z] Error reading register 6507 for IP 10.30.4.128: A Modbus Exception Occurred - See Response Body
[2024-12-10T04:26:52.299Z] Error reading actual data: A Modbus Exception Occurred - See Response Body
[2024-12-10T04:26:52.299Z] Error writing to Modbus register: A Modbus Exception Occurred - See Response Body
[2024-12-10T04:26:53.309Z] Error reading or processing Modbus registers: A Modbus Exception Occurred - See Response Body
[2024-12-10T04:26:53.312Z] Error reading register 6507 for IP 10.30.4.128: A Modbus Exception Occurred - See Response Body
[2024-12-10T04:26:53.313Z] Error reading actual data: A Modbus Exception Occurred - See Response Body
[2024-12-10T04:26:53.313Z] Error writing to Modbus register: A Modbus Exception Occurred - See Response Body
[2024-12-10T04:26:54.310Z] Error reading or processing Modbus registers: A Modbus Exception Occurred - See Response Body
[2024-12-10T04:26:54.313Z] Error reading register 6507 for IP 10.30.4.128: A Modbus Exception Occurred - See Response Body
[2024-12-10T04:26:54.314Z] Error reading actual data: A Modbus Exception Occurred - See Response Body
[2024-12-10T04:26:54.314Z] Error writing to Modbus register: A Modbus Exception Occurred - See Response Body
[2024-12-10T04:26:55.321Z] Error reading or processing Modbus registers: A Modbus Exception Occurred - See Response Body
[2024-12-10T04:26:55.322Z] Error reading register 6507 for IP 10.30.4.128: A Modbus Exception Occurred - See Response Body
[2024-12-10T04:26:55.323Z] Error reading actual data: A Modbus Exception Occurred - See Response Body
[2024-12-10T04:26:55.323Z] Error writing to Modbus register: A Modbus Exception Occurred - See Response Body
[2024-12-10T04:26:56.320Z] Error reading or processing Modbus registers: A Modbus Exception Occurred - See Response Body
[2024-12-10T04:26:56.323Z] Error reading register 6507 for IP 10.30.4.128: A Modbus Exception Occurred - See Response Body
[2024-12-10T04:26:56.323Z] Error reading actual data: A Modbus Exception Occurred - See Response Body
[2024-12-10T04:26:56.324Z] Error writing to Modbus register: A Modbus Exception Occurred - See Response Body
[2024-12-10T04:26:57.332Z] Error reading or processing Modbus registers: A Modbus Exception Occurred - See Response Body
[2024-12-10T04:26:57.334Z] Error reading register 6507 for IP 10.30.4.128: A Modbus Exception Occurred - See Response Body
[2024-12-10T04:26:57.335Z] Error reading actual data: A Modbus Exception Occurred - See Response Body
[2024-12-10T04:26:57.335Z] Error writing to Modbus register: A Modbus Exception Occurred - See Response Body
[2024-12-10T04:26:58.345Z] Error reading or processing Modbus registers: A Modbus Exception Occurred - See Response Body
[2024-12-10T04:26:58.348Z] Error reading register 6507 for IP 10.30.4.128: A Modbus Exception Occurred - See Response Body
[2024-12-10T04:26:58.348Z] Error reading actual data: A Modbus Exception Occurred - See Response Body
[2024-12-10T04:26:58.349Z] Error writing to Modbus register: A Modbus Exception Occurred - See Response Body
[2024-12-10T04:26:59.357Z] Error reading or processing Modbus registers: A Modbus Exception Occurred - See Response Body
[2024-12-10T04:26:59.359Z] Error reading register 6507 for IP 10.30.4.128: A Modbus Exception Occurred - See Response Body
[2024-12-10T04:26:59.360Z] Error reading actual data: A Modbus Exception Occurred - See Response Body
[2024-12-10T04:26:59.360Z] Error writing to Modbus register: A Modbus Exception Occurred - See Response Body
[2024-12-10T04:27:00.366Z] Error reading or processing Modbus registers: A Modbus Exception Occurred - See Response Body
[2024-12-10T04:27:00.368Z] Error reading register 6507 for IP 10.30.4.128: A Modbus Exception Occurred - See Response Body
[2024-12-10T04:27:00.369Z] Error reading actual data: A Modbus Exception Occurred - See Response Body
[2024-12-10T04:27:00.369Z] Error writing to Modbus register: A Modbus Exception Occurred - See Response Body
[2024-12-10T04:27:01.381Z] Error reading or processing Modbus registers: A Modbus Exception Occurred - See Response Body
[2024-12-10T04:27:01.382Z] Error reading register 6507 for IP 10.30.4.128: A Modbus Exception Occurred - See Response Body
[2024-12-10T04:27:01.383Z] Error reading actual data: A Modbus Exception Occurred - See Response Body
[2024-12-10T04:27:01.384Z] Error writing to Modbus register: A Modbus Exception Occurred - See Response Body
[2024-12-10T04:27:02.392Z] Error reading or processing Modbus registers: A Modbus Exception Occurred - See Response Body
[2024-12-10T04:27:02.397Z] Error reading register 6507 for IP 10.30.4.128: A Modbus Exception Occurred - See Response Body
[2024-12-10T04:27:02.398Z] Error reading actual data: A Modbus Exception Occurred - See Response Body
[2024-12-10T04:27:02.398Z] Error writing to Modbus register: A Modbus Exception Occurred - See Response Body
[2024-12-10T04:27:03.404Z] Error reading or processing Modbus registers: A Modbus Exception Occurred - See Response Body
[2024-12-10T04:27:03.406Z] Error reading register 6507 for IP 10.30.4.128: A Modbus Exception Occurred - See Response Body
[2024-12-10T04:27:03.407Z] Error reading actual data: A Modbus Exception Occurred - See Response Body
[2024-12-10T04:27:03.407Z] Error writing to Modbus register: A Modbus Exception Occurred - See Response Body
[2024-12-10T04:27:04.410Z] Error reading or processing Modbus registers: A Modbus Exception Occurred - See Response Body
[2024-12-10T04:27:04.412Z] Error reading register 6507 for IP 10.30.4.128: A Modbus Exception Occurred - See Response Body
[2024-12-10T04:27:04.413Z] Error reading actual data: A Modbus Exception Occurred - See Response Body
[2024-12-10T04:27:04.413Z] Error writing to Modbus register: A Modbus Exception Occurred - See Response Body
[2024-12-10T04:27:05.411Z] Error reading or processing Modbus registers: A Modbus Exception Occurred - See Response Body
[2024-12-10T04:27:05.414Z] Error reading register 6507 for IP 10.30.4.128: A Modbus Exception Occurred - See Response Body
[2024-12-10T04:27:05.414Z] Error reading actual data: A Modbus Exception Occurred - See Response Body
[2024-12-10T04:27:05.415Z] Error writing to Modbus register: A Modbus Exception Occurred - See Response Body
[2024-12-10T04:27:06.413Z] Error reading or processing Modbus registers: A Modbus Exception Occurred - See Response Body
[2024-12-10T04:27:06.415Z] Error reading register 6507 for IP 10.30.4.128: A Modbus Exception Occurred - See Response Body
[2024-12-10T04:27:06.416Z] Error reading actual data: A Modbus Exception Occurred - See Response Body
[2024-12-10T04:27:06.416Z] Error writing to Modbus register: A Modbus Exception Occurred - See Response Body
[2024-12-10T04:27:07.417Z] Error reading or processing Modbus registers: A Modbus Exception Occurred - See Response Body
[2024-12-10T04:27:07.419Z] Error reading register 6507 for IP 10.30.4.128: A Modbus Exception Occurred - See Response Body
[2024-12-10T04:27:07.419Z] Error reading actual data: A Modbus Exception Occurred - See Response Body
[2024-12-10T04:27:07.420Z] Error writing to Modbus register: A Modbus Exception Occurred - See Response Body
[2024-12-10T04:27:08.430Z] Error reading or processing Modbus registers: A Modbus Exception Occurred - See Response Body
[2024-12-10T04:27:08.432Z] Error reading register 6507 for IP 10.30.4.128: A Modbus Exception Occurred - See Response Body
[2024-12-10T04:27:08.432Z] Error reading actual data: A Modbus Exception Occurred - See Response Body
[2024-12-10T04:27:08.433Z] Error writing to Modbus register: A Modbus Exception Occurred - See Response Body
[2024-12-10T04:27:09.443Z] Error reading or processing Modbus registers: A Modbus Exception Occurred - See Response Body
[2024-12-10T04:27:09.445Z] Error reading register 6507 for IP 10.30.4.128: A Modbus Exception Occurred - See Response Body
[2024-12-10T04:27:09.446Z] Error reading actual data: A Modbus Exception Occurred - See Response Body
[2024-12-10T04:27:09.446Z] Error writing to Modbus register: A Modbus Exception Occurred - See Response Body
[2024-12-10T04:27:10.459Z] Error reading or processing Modbus registers: A Modbus Exception Occurred - See Response Body
[2024-12-10T04:27:10.461Z] Error reading register 6507 for IP 10.30.4.128: A Modbus Exception Occurred - See Response Body
[2024-12-10T04:27:10.462Z] Error reading actual data: A Modbus Exception Occurred - See Response Body
[2024-12-10T04:27:10.463Z] Error writing to Modbus register: A Modbus Exception Occurred - See Response Body
[2024-12-10T04:27:11.475Z] Error reading or processing Modbus registers: A Modbus Exception Occurred - See Response Body
[2024-12-10T04:27:11.477Z] Error reading register 6507 for IP 10.30.4.128: A Modbus Exception Occurred - See Response Body
[2024-12-10T04:27:11.477Z] Error reading actual data: A Modbus Exception Occurred - See Response Body
[2024-12-10T04:27:11.478Z] Error writing to Modbus register: A Modbus Exception Occurred - See Response Body
[2024-12-10T04:27:12.489Z] Error reading or processing Modbus registers: A Modbus Exception Occurred - See Response Body
[2024-12-10T04:27:12.491Z] Error reading register 6507 for IP 10.30.4.128: A Modbus Exception Occurred - See Response Body
[2024-12-10T04:27:12.492Z] Error reading actual data: A Modbus Exception Occurred - See Response Body
[2024-12-10T04:27:12.493Z] Error writing to Modbus register: A Modbus Exception Occurred - See Response Body
[2024-12-10T04:27:13.489Z] Error reading or processing Modbus registers: A Modbus Exception Occurred - See Response Body
[2024-12-10T04:27:13.492Z] Error reading register 6507 for IP 10.30.4.128: A Modbus Exception Occurred - See Response Body
[2024-12-10T04:27:13.493Z] Error reading actual data: A Modbus Exception Occurred - See Response Body
[2024-12-10T04:27:13.493Z] Error writing to Modbus register: A Modbus Exception Occurred - See Response Body
[2024-12-10T04:27:14.504Z] Error reading or processing Modbus registers: A Modbus Exception Occurred - See Response Body
[2024-12-10T04:27:14.507Z] Error reading register 6507 for IP 10.30.4.128: A Modbus Exception Occurred - See Response Body
[2024-12-10T04:27:14.508Z] Error reading actual data: A Modbus Exception Occurred - See Response Body
[2024-12-10T04:27:14.508Z] Error writing to Modbus register: A Modbus Exception Occurred - See Response Body
[2024-12-10T04:27:15.517Z] Error reading or processing Modbus registers: A Modbus Exception Occurred - See Response Body
[2024-12-10T04:27:15.519Z] Error reading register 6507 for IP 10.30.4.128: A Modbus Exception Occurred - See Response Body
[2024-12-10T04:27:15.520Z] Error reading actual data: A Modbus Exception Occurred - See Response Body
[2024-12-10T04:27:15.521Z] Error writing to Modbus register: A Modbus Exception Occurred - See Response Body
[2024-12-10T04:27:16.532Z] Error reading or processing Modbus registers: A Modbus Exception Occurred - See Response Body
[2024-12-10T04:27:16.534Z] Error reading register 6507 for IP 10.30.4.128: A Modbus Exception Occurred - See Response Body
[2024-12-10T04:27:16.535Z] Error reading actual data: A Modbus Exception Occurred - See Response Body
[2024-12-10T04:27:16.536Z] Error writing to Modbus register: A Modbus Exception Occurred - See Response Body
[2024-12-10T04:27:17.546Z] Error reading or processing Modbus registers: A Modbus Exception Occurred - See Response Body
[2024-12-10T04:27:17.548Z] Error reading register 6507 for IP 10.30.4.128: A Modbus Exception Occurred - See Response Body
[2024-12-10T04:27:17.549Z] Error reading actual data: A Modbus Exception Occurred - See Response Body
[2024-12-10T04:27:17.550Z] Error writing to Modbus register: A Modbus Exception Occurred - See Response Body
[2024-12-10T04:27:18.549Z] Error reading or processing Modbus registers: A Modbus Exception Occurred - See Response Body
[2024-12-10T04:27:18.551Z] Error reading register 6507 for IP 10.30.4.128: A Modbus Exception Occurred - See Response Body
[2024-12-10T04:27:18.553Z] Error reading actual data: A Modbus Exception Occurred - See Response Body
[2024-12-10T04:27:18.553Z] Error writing to Modbus register: A Modbus Exception Occurred - See Response Body
[2024-12-10T04:27:19.564Z] Error reading or processing Modbus registers: A Modbus Exception Occurred - See Response Body
[2024-12-10T04:27:19.567Z] Error reading register 6507 for IP 10.30.4.128: A Modbus Exception Occurred - See Response Body
[2024-12-10T04:27:19.568Z] Error reading actual data: A Modbus Exception Occurred - See Response Body
[2024-12-10T04:27:19.568Z] Error writing to Modbus register: A Modbus Exception Occurred - See Response Body
[2024-12-10T04:27:20.567Z] Error reading or processing Modbus registers: A Modbus Exception Occurred - See Response Body
[2024-12-10T04:27:20.569Z] Error reading register 6507 for IP 10.30.4.128: A Modbus Exception Occurred - See Response Body
[2024-12-10T04:27:20.570Z] Error reading actual data: A Modbus Exception Occurred - See Response Body
[2024-12-10T04:27:20.570Z] Error writing to Modbus register: A Modbus Exception Occurred - See Response Body
[2024-12-10T04:27:21.568Z] Error reading or processing Modbus registers: A Modbus Exception Occurred - See Response Body
[2024-12-10T04:27:21.570Z] Error reading register 6507 for IP 10.30.4.128: A Modbus Exception Occurred - See Response Body
[2024-12-10T04:27:21.571Z] Error reading actual data: A Modbus Exception Occurred - See Response Body
[2024-12-10T04:27:21.571Z] Error writing to Modbus register: A Modbus Exception Occurred - See Response Body
[2024-12-10T04:27:22.568Z] Error reading or processing Modbus registers: A Modbus Exception Occurred - See Response Body
[2024-12-10T04:27:22.571Z] Error reading register 6507 for IP 10.30.4.128: A Modbus Exception Occurred - See Response Body
[2024-12-10T04:27:22.571Z] Error reading actual data: A Modbus Exception Occurred - See Response Body
[2024-12-10T04:27:22.572Z] Error writing to Modbus register: A Modbus Exception Occurred - See Response Body
[2024-12-10T04:27:23.583Z] Error reading or processing Modbus registers: A Modbus Exception Occurred - See Response Body
[2024-12-10T04:27:23.586Z] Error reading register 6507 for IP 10.30.4.128: A Modbus Exception Occurred - See Response Body
[2024-12-10T04:27:23.586Z] Error reading actual data: A Modbus Exception Occurred - See Response Body
[2024-12-10T04:27:23.587Z] Error writing to Modbus register: A Modbus Exception Occurred - See Response Body
[2024-12-10T04:27:24.588Z] Error reading or processing Modbus registers: A Modbus Exception Occurred - See Response Body
[2024-12-10T04:27:24.590Z] Error reading register 6507 for IP 10.30.4.128: A Modbus Exception Occurred - See Response Body
[2024-12-10T04:27:24.591Z] Error reading actual data: A Modbus Exception Occurred - See Response Body
[2024-12-10T04:27:24.592Z] Error writing to Modbus register: A Modbus Exception Occurred - See Response Body
[2024-12-10T04:27:25.602Z] Error reading or processing Modbus registers: A Modbus Exception Occurred - See Response Body
[2024-12-10T04:27:25.608Z] Error reading register 6507 for IP 10.30.4.128: A Modbus Exception Occurred - See Response Body
[2024-12-10T04:27:25.609Z] Error reading actual data: A Modbus Exception Occurred - See Response Body
[2024-12-10T04:27:25.609Z] Error writing to Modbus register: A Modbus Exception Occurred - See Response Body
[2024-12-10T04:27:26.615Z] Error reading or processing Modbus registers: A Modbus Exception Occurred - See Response Body
[2024-12-10T04:27:26.618Z] Error reading register 6507 for IP 10.30.4.128: A Modbus Exception Occurred - See Response Body
[2024-12-10T04:27:26.618Z] Error reading actual data: A Modbus Exception Occurred - See Response Body
[2024-12-10T04:27:26.619Z] Error writing to Modbus register: A Modbus Exception Occurred - See Response Body
[2024-12-10T04:27:27.618Z] Error reading or processing Modbus registers: A Modbus Exception Occurred - See Response Body
[2024-12-10T04:27:27.621Z] Error reading register 6507 for IP 10.30.4.128: A Modbus Exception Occurred - See Response Body
[2024-12-10T04:27:27.621Z] Error reading actual data: A Modbus Exception Occurred - See Response Body
[2024-12-10T04:27:27.622Z] Error writing to Modbus register: A Modbus Exception Occurred - See Response Body
[2024-12-10T04:27:28.620Z] Error reading or processing Modbus registers: A Modbus Exception Occurred - See Response Body
[2024-12-10T04:27:28.623Z] Error reading register 6507 for IP 10.30.4.128: A Modbus Exception Occurred - See Response Body
[2024-12-10T04:27:28.623Z] Error reading actual data: A Modbus Exception Occurred - See Response Body
[2024-12-10T04:27:28.624Z] Error writing to Modbus register: A Modbus Exception Occurred - See Response Body
[2024-12-10T04:27:29.623Z] Error reading or processing Modbus registers: A Modbus Exception Occurred - See Response Body
[2024-12-10T04:27:29.625Z] Error reading register 6507 for IP 10.30.4.128: A Modbus Exception Occurred - See Response Body
[2024-12-10T04:27:29.626Z] Error reading actual data: A Modbus Exception Occurred - See Response Body
[2024-12-10T04:27:29.626Z] Error writing to Modbus register: A Modbus Exception Occurred - See Response Body
[2024-12-10T04:27:30.638Z] Error reading or processing Modbus registers: A Modbus Exception Occurred - See Response Body
[2024-12-10T04:27:30.641Z] Error reading register 6507 for IP 10.30.4.128: A Modbus Exception Occurred - See Response Body
[2024-12-10T04:27:30.641Z] Error reading actual data: A Modbus Exception Occurred - See Response Body
[2024-12-10T04:27:30.642Z] Error writing to Modbus register: A Modbus Exception Occurred - See Response Body
[2024-12-10T04:27:31.641Z] Error reading or processing Modbus registers: A Modbus Exception Occurred - See Response Body
[2024-12-10T04:27:31.644Z] Error reading register 6507 for IP 10.30.4.128: A Modbus Exception Occurred - See Response Body
[2024-12-10T04:27:31.644Z] Error reading actual data: A Modbus Exception Occurred - See Response Body
[2024-12-10T04:27:31.645Z] Error writing to Modbus register: A Modbus Exception Occurred - See Response Body
[2024-12-10T04:27:32.642Z] Error reading or processing Modbus registers: A Modbus Exception Occurred - See Response Body
[2024-12-10T04:27:32.644Z] Error reading register 6507 for IP 10.30.4.128: A Modbus Exception Occurred - See Response Body
[2024-12-10T04:27:32.644Z] Error reading actual data: A Modbus Exception Occurred - See Response Body
[2024-12-10T04:27:32.645Z] Error writing to Modbus register: A Modbus Exception Occurred - See Response Body
[2024-12-10T04:27:33.642Z] Error reading or processing Modbus registers: A Modbus Exception Occurred - See Response Body
[2024-12-10T04:27:33.644Z] Error reading register 6507 for IP 10.30.4.128: A Modbus Exception Occurred - See Response Body
[2024-12-10T04:27:33.645Z] Error reading actual data: A Modbus Exception Occurred - See Response Body
[2024-12-10T04:27:33.645Z] Error writing to Modbus register: A Modbus Exception Occurred - See Response Body
[2024-12-10T04:27:34.645Z] Error reading or processing Modbus registers: A Modbus Exception Occurred - See Response Body
[2024-12-10T04:27:34.647Z] Error reading register 6507 for IP 10.30.4.128: A Modbus Exception Occurred - See Response Body
[2024-12-10T04:27:34.648Z] Error reading actual data: A Modbus Exception Occurred - See Response Body
[2024-12-10T04:27:34.648Z] Error writing to Modbus register: A Modbus Exception Occurred - See Response Body
[2024-12-10T04:27:35.659Z] Error reading or processing Modbus registers: A Modbus Exception Occurred - See Response Body
[2024-12-10T04:27:35.661Z] Error reading register 6507 for IP 10.30.4.128: A Modbus Exception Occurred - See Response Body
[2024-12-10T04:27:35.661Z] Error reading actual data: A Modbus Exception Occurred - See Response Body
[2024-12-10T04:27:35.662Z] Error writing to Modbus register: A Modbus Exception Occurred - See Response Body
[2024-12-10T04:27:36.673Z] Error reading or processing Modbus registers: A Modbus Exception Occurred - See Response Body
[2024-12-10T04:27:36.676Z] Error reading register 6507 for IP 10.30.4.128: A Modbus Exception Occurred - See Response Body
[2024-12-10T04:27:36.677Z] Error reading actual data: A Modbus Exception Occurred - See Response Body
[2024-12-10T04:27:36.678Z] Error writing to Modbus register: A Modbus Exception Occurred - See Response Body
[2024-12-10T04:27:37.673Z] Error reading or processing Modbus registers: A Modbus Exception Occurred - See Response Body
[2024-12-10T04:27:37.677Z] Error reading register 6507 for IP 10.30.4.128: A Modbus Exception Occurred - See Response Body
[2024-12-10T04:27:37.678Z] Error reading actual data: A Modbus Exception Occurred - See Response Body
[2024-12-10T04:27:37.678Z] Error writing to Modbus register: A Modbus Exception Occurred - See Response Body
[2024-12-10T04:27:38.676Z] Error reading or processing Modbus registers: A Modbus Exception Occurred - See Response Body
[2024-12-10T04:27:38.677Z] Error reading register 6507 for IP 10.30.4.128: A Modbus Exception Occurred - See Response Body
[2024-12-10T04:27:38.678Z] Error reading actual data: A Modbus Exception Occurred - See Response Body
[2024-12-10T04:27:38.678Z] Error writing to Modbus register: A Modbus Exception Occurred - See Response Body
[2024-12-10T04:27:39.690Z] Error reading or processing Modbus registers: A Modbus Exception Occurred - See Response Body
[2024-12-10T04:27:39.692Z] Error reading register 6507 for IP 10.30.4.128: A Modbus Exception Occurred - See Response Body
[2024-12-10T04:27:39.692Z] Error reading actual data: A Modbus Exception Occurred - See Response Body
[2024-12-10T04:27:39.693Z] Error writing to Modbus register: A Modbus Exception Occurred - See Response Body
[2024-12-10T04:27:40.689Z] Error reading or processing Modbus registers: A Modbus Exception Occurred - See Response Body
[2024-12-10T04:27:40.691Z] Error reading register 6507 for IP 10.30.4.128: A Modbus Exception Occurred - See Response Body
[2024-12-10T04:27:40.692Z] Error reading actual data: A Modbus Exception Occurred - See Response Body
[2024-12-10T04:27:40.692Z] Error writing to Modbus register: A Modbus Exception Occurred - See Response Body
[2024-12-10T04:27:41.704Z] Error reading or processing Modbus registers: A Modbus Exception Occurred - See Response Body
[2024-12-10T04:27:41.707Z] Error reading register 6507 for IP 10.30.4.128: A Modbus Exception Occurred - See Response Body
[2024-12-10T04:27:41.708Z] Error reading actual data: A Modbus Exception Occurred - See Response Body
[2024-12-10T04:27:41.708Z] Error writing to Modbus register: A Modbus Exception Occurred - See Response Body
[2024-12-10T04:27:42.716Z] Error reading or processing Modbus registers: A Modbus Exception Occurred - See Response Body
[2024-12-10T04:27:42.719Z] Error reading register 6507 for IP 10.30.4.128: A Modbus Exception Occurred - See Response Body
[2024-12-10T04:27:42.720Z] Error reading actual data: A Modbus Exception Occurred - See Response Body
[2024-12-10T04:27:42.721Z] Error writing to Modbus register: A Modbus Exception Occurred - See Response Body
[2024-12-10T04:27:43.732Z] Error reading or processing Modbus registers: A Modbus Exception Occurred - See Response Body
[2024-12-10T04:27:43.734Z] Error reading register 6507 for IP 10.30.4.128: A Modbus Exception Occurred - See Response Body
[2024-12-10T04:27:43.734Z] Error reading actual data: A Modbus Exception Occurred - See Response Body
[2024-12-10T04:27:43.735Z] Error writing to Modbus register: A Modbus Exception Occurred - See Response Body
[2024-12-10T04:27:44.734Z] Error reading or processing Modbus registers: A Modbus Exception Occurred - See Response Body
[2024-12-10T04:27:44.736Z] Error reading register 6507 for IP 10.30.4.128: A Modbus Exception Occurred - See Response Body
[2024-12-10T04:27:44.737Z] Error reading actual data: A Modbus Exception Occurred - See Response Body
[2024-12-10T04:27:44.738Z] Error writing to Modbus register: A Modbus Exception Occurred - See Response Body
[2024-12-10T04:27:45.734Z] Error reading or processing Modbus registers: A Modbus Exception Occurred - See Response Body
[2024-12-10T04:27:45.736Z] Error reading register 6507 for IP 10.30.4.128: A Modbus Exception Occurred - See Response Body
[2024-12-10T04:27:45.737Z] Error reading actual data: A Modbus Exception Occurred - See Response Body
[2024-12-10T04:27:45.738Z] Error writing to Modbus register: A Modbus Exception Occurred - See Response Body
[2024-12-10T04:27:46.746Z] Error reading or processing Modbus registers: A Modbus Exception Occurred - See Response Body
[2024-12-10T04:27:46.748Z] Error reading register 6507 for IP 10.30.4.128: A Modbus Exception Occurred - See Response Body
[2024-12-10T04:27:46.749Z] Error reading actual data: A Modbus Exception Occurred - See Response Body
[2024-12-10T04:27:46.749Z] Error writing to Modbus register: A Modbus Exception Occurred - See Response Body
[2024-12-10T04:27:47.760Z] Error reading or processing Modbus registers: A Modbus Exception Occurred - See Response Body
[2024-12-10T04:27:47.762Z] Error reading register 6507 for IP 10.30.4.128: A Modbus Exception Occurred - See Response Body
[2024-12-10T04:27:47.763Z] Error reading actual data: A Modbus Exception Occurred - See Response Body
[2024-12-10T04:27:47.764Z] Error writing to Modbus register: A Modbus Exception Occurred - See Response Body
[2024-12-10T04:27:48.767Z] Error reading or processing Modbus registers: A Modbus Exception Occurred - See Response Body
[2024-12-10T04:27:48.769Z] Error reading register 6507 for IP 10.30.4.128: A Modbus Exception Occurred - See Response Body
[2024-12-10T04:27:48.770Z] Error reading actual data: A Modbus Exception Occurred - See Response Body
[2024-12-10T04:27:48.770Z] Error writing to Modbus register: A Modbus Exception Occurred - See Response Body
[2024-12-10T04:27:49.777Z] Error reading or processing Modbus registers: A Modbus Exception Occurred - See Response Body
[2024-12-10T04:27:49.779Z] Error reading register 6507 for IP 10.30.4.128: A Modbus Exception Occurred - See Response Body
[2024-12-10T04:27:49.779Z] Error reading actual data: A Modbus Exception Occurred - See Response Body
[2024-12-10T04:27:49.780Z] Error writing to Modbus register: A Modbus Exception Occurred - See Response Body
[2024-12-10T04:27:50.780Z] Error reading or processing Modbus registers: A Modbus Exception Occurred - See Response Body
[2024-12-10T04:27:50.783Z] Error reading register 6507 for IP 10.30.4.128: A Modbus Exception Occurred - See Response Body
[2024-12-10T04:27:50.785Z] Error reading actual data: A Modbus Exception Occurred - See Response Body
[2024-12-10T04:27:50.786Z] Error writing to Modbus register: A Modbus Exception Occurred - See Response Body
[2024-12-10T04:27:51.787Z] Error reading or processing Modbus registers: A Modbus Exception Occurred - See Response Body
[2024-12-10T04:27:51.789Z] Error reading register 6507 for IP 10.30.4.128: A Modbus Exception Occurred - See Response Body
[2024-12-10T04:27:51.790Z] Error reading actual data: A Modbus Exception Occurred - See Response Body
[2024-12-10T04:27:51.790Z] Error writing to Modbus register: A Modbus Exception Occurred - See Response Body
[2024-12-10T04:27:52.800Z] Error reading or processing Modbus registers: A Modbus Exception Occurred - See Response Body
[2024-12-10T04:27:52.802Z] Error reading register 6507 for IP 10.30.4.128: A Modbus Exception Occurred - See Response Body
[2024-12-10T04:27:52.803Z] Error reading actual data: A Modbus Exception Occurred - See Response Body
[2024-12-10T04:27:52.803Z] Error writing to Modbus register: A Modbus Exception Occurred - See Response Body
[2024-12-10T04:27:53.815Z] Error reading or processing Modbus registers: A Modbus Exception Occurred - See Response Body
[2024-12-10T04:27:53.817Z] Error reading register 6507 for IP 10.30.4.128: A Modbus Exception Occurred - See Response Body
[2024-12-10T04:27:53.818Z] Error reading actual data: A Modbus Exception Occurred - See Response Body
[2024-12-10T04:27:53.819Z] Error writing to Modbus register: A Modbus Exception Occurred - See Response Body
[2024-12-10T04:27:54.829Z] Error reading or processing Modbus registers: A Modbus Exception Occurred - See Response Body
[2024-12-10T04:27:54.831Z] Error reading register 6507 for IP 10.30.4.128: A Modbus Exception Occurred - See Response Body
[2024-12-10T04:27:54.831Z] Error reading actual data: A Modbus Exception Occurred - See Response Body
[2024-12-10T04:27:54.832Z] Error writing to Modbus register: A Modbus Exception Occurred - See Response Body
[2024-12-10T04:27:55.830Z] Error reading or processing Modbus registers: A Modbus Exception Occurred - See Response Body
[2024-12-10T04:27:55.832Z] Error reading register 6507 for IP 10.30.4.128: A Modbus Exception Occurred - See Response Body
[2024-12-10T04:27:55.833Z] Error reading actual data: A Modbus Exception Occurred - See Response Body
[2024-12-10T04:27:55.833Z] Error writing to Modbus register: A Modbus Exception Occurred - See Response Body
[2024-12-10T04:27:56.845Z] Error reading or processing Modbus registers: A Modbus Exception Occurred - See Response Body
[2024-12-10T04:27:56.847Z] Error reading register 6507 for IP 10.30.4.128: A Modbus Exception Occurred - See Response Body
[2024-12-10T04:27:56.847Z] Error reading actual data: A Modbus Exception Occurred - See Response Body
[2024-12-10T04:27:56.848Z] Error writing to Modbus register: A Modbus Exception Occurred - See Response Body
[2024-12-10T04:27:57.847Z] Error reading or processing Modbus registers: A Modbus Exception Occurred - See Response Body
[2024-12-10T04:27:57.849Z] Error reading register 6507 for IP 10.30.4.128: A Modbus Exception Occurred - See Response Body
[2024-12-10T04:27:57.850Z] Error reading actual data: A Modbus Exception Occurred - See Response Body
[2024-12-10T04:27:57.850Z] Error writing to Modbus register: A Modbus Exception Occurred - See Response Body
[2024-12-10T04:27:58.846Z] Error reading or processing Modbus registers: A Modbus Exception Occurred - See Response Body
[2024-12-10T04:27:58.848Z] Error reading register 6507 for IP 10.30.4.128: A Modbus Exception Occurred - See Response Body
[2024-12-10T04:27:58.848Z] Error reading actual data: A Modbus Exception Occurred - See Response Body
[2024-12-10T04:27:58.849Z] Error writing to Modbus register: A Modbus Exception Occurred - See Response Body
[2024-12-10T04:27:59.853Z] Error reading or processing Modbus registers: A Modbus Exception Occurred - See Response Body
[2024-12-10T04:27:59.855Z] Error reading register 6507 for IP 10.30.4.128: A Modbus Exception Occurred - See Response Body
[2024-12-10T04:27:59.856Z] Error reading actual data: A Modbus Exception Occurred - See Response Body
[2024-12-10T04:27:59.857Z] Error writing to Modbus register: A Modbus Exception Occurred - See Response Body
[2024-12-10T04:28:00.854Z] Error reading or processing Modbus registers: A Modbus Exception Occurred - See Response Body
[2024-12-10T04:28:00.856Z] Error reading register 6507 for IP 10.30.4.128: A Modbus Exception Occurred - See Response Body
[2024-12-10T04:28:00.857Z] Error reading actual data: A Modbus Exception Occurred - See Response Body
[2024-12-10T04:28:00.857Z] Error writing to Modbus register: A Modbus Exception Occurred - See Response Body
[2024-12-10T04:28:01.854Z] Error reading or processing Modbus registers: A Modbus Exception Occurred - See Response Body
[2024-12-10T04:28:01.856Z] Error reading register 6507 for IP 10.30.4.128: A Modbus Exception Occurred - See Response Body
[2024-12-10T04:28:01.857Z] Error reading actual data: A Modbus Exception Occurred - See Response Body
[2024-12-10T04:28:01.857Z] Error writing to Modbus register: A Modbus Exception Occurred - See Response Body
[2024-12-10T04:28:02.858Z] Error reading or processing Modbus registers: A Modbus Exception Occurred - See Response Body
[2024-12-10T04:28:02.860Z] Error reading register 6507 for IP 10.30.4.128: A Modbus Exception Occurred - See Response Body
[2024-12-10T04:28:02.861Z] Error reading actual data: A Modbus Exception Occurred - See Response Body
[2024-12-10T04:28:02.862Z] Error writing to Modbus register: A Modbus Exception Occurred - See Response Body
[2024-12-10T04:28:03.869Z] Error reading or processing Modbus registers: A Modbus Exception Occurred - See Response Body
[2024-12-10T04:28:03.872Z] Error reading register 6507 for IP 10.30.4.128: A Modbus Exception Occurred - See Response Body
[2024-12-10T04:28:03.873Z] Error reading actual data: A Modbus Exception Occurred - See Response Body
[2024-12-10T04:28:03.874Z] Error writing to Modbus register: A Modbus Exception Occurred - See Response Body
[2024-12-10T04:28:04.876Z] Error reading or processing Modbus registers: A Modbus Exception Occurred - See Response Body
[2024-12-10T04:28:04.878Z] Error reading register 6507 for IP 10.30.4.128: A Modbus Exception Occurred - See Response Body
[2024-12-10T04:28:04.878Z] Error reading actual data: A Modbus Exception Occurred - See Response Body
[2024-12-10T04:28:04.879Z] Error writing to Modbus register: A Modbus Exception Occurred - See Response Body
[2024-12-10T04:28:05.876Z] Error reading or processing Modbus registers: A Modbus Exception Occurred - See Response Body
[2024-12-10T04:28:05.878Z] Error reading register 6507 for IP 10.30.4.128: A Modbus Exception Occurred - See Response Body
[2024-12-10T04:28:05.879Z] Error reading actual data: A Modbus Exception Occurred - See Response Body
[2024-12-10T04:28:05.880Z] Error writing to Modbus register: A Modbus Exception Occurred - See Response Body
[2024-12-10T04:28:06.879Z] Error reading or processing Modbus registers: A Modbus Exception Occurred - See Response Body
[2024-12-10T04:28:06.881Z] Error reading register 6507 for IP 10.30.4.128: A Modbus Exception Occurred - See Response Body
[2024-12-10T04:28:06.882Z] Error reading actual data: A Modbus Exception Occurred - See Response Body
[2024-12-10T04:28:06.882Z] Error writing to Modbus register: A Modbus Exception Occurred - See Response Body
[2024-12-10T04:28:07.892Z] Error reading or processing Modbus registers: A Modbus Exception Occurred - See Response Body
[2024-12-10T04:28:07.894Z] Error reading register 6507 for IP 10.30.4.128: A Modbus Exception Occurred - See Response Body
[2024-12-10T04:28:07.894Z] Error reading actual data: A Modbus Exception Occurred - See Response Body
[2024-12-10T04:28:07.895Z] Error writing to Modbus register: A Modbus Exception Occurred - See Response Body
[2024-12-10T04:28:08.906Z] Error reading or processing Modbus registers: A Modbus Exception Occurred - See Response Body
[2024-12-10T04:28:08.909Z] Error reading register 6507 for IP 10.30.4.128: A Modbus Exception Occurred - See Response Body
[2024-12-10T04:28:08.909Z] Error reading actual data: A Modbus Exception Occurred - See Response Body
[2024-12-10T04:28:08.910Z] Error writing to Modbus register: A Modbus Exception Occurred - See Response Body
[2024-12-10T04:28:09.907Z] Error reading or processing Modbus registers: A Modbus Exception Occurred - See Response Body
[2024-12-10T04:28:09.909Z] Error reading register 6507 for IP 10.30.4.128: A Modbus Exception Occurred - See Response Body
[2024-12-10T04:28:09.910Z] Error reading actual data: A Modbus Exception Occurred - See Response Body
[2024-12-10T04:28:09.910Z] Error writing to Modbus register: A Modbus Exception Occurred - See Response Body
[2024-12-10T04:28:10.907Z] Error reading or processing Modbus registers: A Modbus Exception Occurred - See Response Body
[2024-12-10T04:28:10.909Z] Error reading register 6507 for IP 10.30.4.128: A Modbus Exception Occurred - See Response Body
[2024-12-10T04:28:10.910Z] Error reading actual data: A Modbus Exception Occurred - See Response Body
[2024-12-10T04:28:10.910Z] Error writing to Modbus register: A Modbus Exception Occurred - See Response Body
[2024-12-10T04:28:11.917Z] Error reading or processing Modbus registers: A Modbus Exception Occurred - See Response Body
[2024-12-10T04:28:11.920Z] Error reading register 6507 for IP 10.30.4.128: A Modbus Exception Occurred - See Response Body
[2024-12-10T04:28:11.920Z] Error reading actual data: A Modbus Exception Occurred - See Response Body
[2024-12-10T04:28:11.921Z] Error writing to Modbus register: A Modbus Exception Occurred - See Response Body
[2024-12-10T04:28:12.919Z] Error reading or processing Modbus registers: A Modbus Exception Occurred - See Response Body
[2024-12-10T04:28:12.922Z] Error reading register 6507 for IP 10.30.4.128: A Modbus Exception Occurred - See Response Body
[2024-12-10T04:28:12.922Z] Error reading actual data: A Modbus Exception Occurred - See Response Body
[2024-12-10T04:28:12.923Z] Error writing to Modbus register: A Modbus Exception Occurred - See Response Body
[2024-12-10T04:28:13.919Z] Error reading or processing Modbus registers: A Modbus Exception Occurred - See Response Body
[2024-12-10T04:28:13.921Z] Error reading register 6507 for IP 10.30.4.128: A Modbus Exception Occurred - See Response Body
[2024-12-10T04:28:13.922Z] Error reading actual data: A Modbus Exception Occurred - See Response Body
[2024-12-10T04:28:13.922Z] Error writing to Modbus register: A Modbus Exception Occurred - See Response Body
[2024-12-10T04:28:14.921Z] Error reading or processing Modbus registers: A Modbus Exception Occurred - See Response Body
[2024-12-10T04:28:14.924Z] Error reading register 6507 for IP 10.30.4.128: A Modbus Exception Occurred - See Response Body
[2024-12-10T04:28:14.924Z] Error reading actual data: A Modbus Exception Occurred - See Response Body
[2024-12-10T04:28:14.925Z] Error writing to Modbus register: A Modbus Exception Occurred - See Response Body
[2024-12-10T04:28:15.924Z] Error reading or processing Modbus registers: A Modbus Exception Occurred - See Response Body
[2024-12-10T04:28:15.926Z] Error reading register 6507 for IP 10.30.4.128: A Modbus Exception Occurred - See Response Body
[2024-12-10T04:28:15.927Z] Error reading actual data: A Modbus Exception Occurred - See Response Body
[2024-12-10T04:28:15.927Z] Error writing to Modbus register: A Modbus Exception Occurred - See Response Body
[2024-12-10T04:28:16.927Z] Error reading or processing Modbus registers: A Modbus Exception Occurred - See Response Body
[2024-12-10T04:28:16.930Z] Error reading register 6507 for IP 10.30.4.128: A Modbus Exception Occurred - See Response Body
[2024-12-10T04:28:16.930Z] Error reading actual data: A Modbus Exception Occurred - See Response Body
[2024-12-10T04:28:16.931Z] Error writing to Modbus register: A Modbus Exception Occurred - See Response Body
[2024-12-10T04:28:17.928Z] Error reading or processing Modbus registers: A Modbus Exception Occurred - See Response Body
[2024-12-10T04:28:17.930Z] Error reading register 6507 for IP 10.30.4.128: A Modbus Exception Occurred - See Response Body
[2024-12-10T04:28:17.931Z] Error reading actual data: A Modbus Exception Occurred - See Response Body
[2024-12-10T04:28:17.932Z] Error writing to Modbus register: A Modbus Exception Occurred - See Response Body
[2024-12-10T04:28:18.942Z] Error reading or processing Modbus registers: A Modbus Exception Occurred - See Response Body
[2024-12-10T04:28:18.944Z] Error reading register 6507 for IP 10.30.4.128: A Modbus Exception Occurred - See Response Body
[2024-12-10T04:28:18.945Z] Error reading actual data: A Modbus Exception Occurred - See Response Body
[2024-12-10T04:28:18.945Z] Error writing to Modbus register: A Modbus Exception Occurred - See Response Body
[2024-12-10T04:28:19.954Z] Error reading or processing Modbus registers: A Modbus Exception Occurred - See Response Body
[2024-12-10T04:28:19.957Z] Error reading register 6507 for IP 10.30.4.128: A Modbus Exception Occurred - See Response Body
[2024-12-10T04:28:19.958Z] Error reading actual data: A Modbus Exception Occurred - See Response Body
[2024-12-10T04:28:19.958Z] Error writing to Modbus register: A Modbus Exception Occurred - See Response Body
[2024-12-10T04:28:20.969Z] Error reading or processing Modbus registers: A Modbus Exception Occurred - See Response Body
[2024-12-10T04:28:20.971Z] Error reading register 6507 for IP 10.30.4.128: A Modbus Exception Occurred - See Response Body
[2024-12-10T04:28:20.972Z] Error reading actual data: A Modbus Exception Occurred - See Response Body
[2024-12-10T04:28:20.972Z] Error writing to Modbus register: A Modbus Exception Occurred - See Response Body
[2024-12-10T04:28:21.983Z] Error reading or processing Modbus registers: A Modbus Exception Occurred - See Response Body
[2024-12-10T04:28:21.988Z] Error reading register 6507 for IP 10.30.4.128: A Modbus Exception Occurred - See Response Body
[2024-12-10T04:28:21.988Z] Error reading actual data: A Modbus Exception Occurred - See Response Body
[2024-12-10T04:28:21.989Z] Error writing to Modbus register: A Modbus Exception Occurred - See Response Body
[2024-12-10T04:28:22.997Z] Error reading or processing Modbus registers: A Modbus Exception Occurred - See Response Body
[2024-12-10T04:28:22.999Z] Error reading register 6507 for IP 10.30.4.128: A Modbus Exception Occurred - See Response Body
[2024-12-10T04:28:23.000Z] Error reading actual data: A Modbus Exception Occurred - See Response Body
[2024-12-10T04:28:23.001Z] Error writing to Modbus register: A Modbus Exception Occurred - See Response Body
[2024-12-10T04:28:24.010Z] Error reading or processing Modbus registers: A Modbus Exception Occurred - See Response Body
[2024-12-10T04:28:24.012Z] Error reading register 6507 for IP 10.30.4.128: A Modbus Exception Occurred - See Response Body
[2024-12-10T04:28:24.013Z] Error reading actual data: A Modbus Exception Occurred - See Response Body
[2024-12-10T04:28:24.013Z] Error writing to Modbus register: A Modbus Exception Occurred - See Response Body
[2024-12-10T04:28:25.012Z] Error reading or processing Modbus registers: A Modbus Exception Occurred - See Response Body
[2024-12-10T04:28:25.013Z] Error reading register 6507 for IP 10.30.4.128: A Modbus Exception Occurred - See Response Body
[2024-12-10T04:28:25.014Z] Error reading actual data: A Modbus Exception Occurred - See Response Body
[2024-12-10T04:28:25.015Z] Error writing to Modbus register: A Modbus Exception Occurred - See Response Body
[2024-12-10T04:28:26.013Z] Error reading or processing Modbus registers: A Modbus Exception Occurred - See Response Body
[2024-12-10T04:28:26.015Z] Error reading register 6507 for IP 10.30.4.128: A Modbus Exception Occurred - See Response Body
[2024-12-10T04:28:26.015Z] Error reading actual data: A Modbus Exception Occurred - See Response Body
[2024-12-10T04:28:26.016Z] Error writing to Modbus register: A Modbus Exception Occurred - See Response Body
[2024-12-10T04:28:27.025Z] Error reading or processing Modbus registers: A Modbus Exception Occurred - See Response Body
[2024-12-10T04:28:27.027Z] Error reading register 6507 for IP 10.30.4.128: A Modbus Exception Occurred - See Response Body
[2024-12-10T04:28:27.028Z] Error reading actual data: A Modbus Exception Occurred - See Response Body
[2024-12-10T04:28:27.028Z] Error writing to Modbus register: A Modbus Exception Occurred - See Response Body
[2024-12-10T04:28:28.044Z] Error reading or processing Modbus registers: A Modbus Exception Occurred - See Response Body
[2024-12-10T04:28:28.046Z] Error reading register 6507 for IP 10.30.4.128: A Modbus Exception Occurred - See Response Body
[2024-12-10T04:28:28.046Z] Error reading actual data: A Modbus Exception Occurred - See Response Body
[2024-12-10T04:28:28.047Z] Error writing to Modbus register: A Modbus Exception Occurred - See Response Body
[2024-12-10T04:28:29.041Z] Error reading or processing Modbus registers: A Modbus Exception Occurred - See Response Body
[2024-12-10T04:28:29.043Z] Error reading register 6507 for IP 10.30.4.128: A Modbus Exception Occurred - See Response Body
[2024-12-10T04:28:29.044Z] Error reading actual data: A Modbus Exception Occurred - See Response Body
[2024-12-10T04:28:29.044Z] Error writing to Modbus register: A Modbus Exception Occurred - See Response Body
[2024-12-10T04:28:30.056Z] Error reading or processing Modbus registers: A Modbus Exception Occurred - See Response Body
[2024-12-10T04:28:30.058Z] Error reading register 6507 for IP 10.30.4.128: A Modbus Exception Occurred - See Response Body
[2024-12-10T04:28:30.059Z] Error reading actual data: A Modbus Exception Occurred - See Response Body
[2024-12-10T04:28:30.060Z] Error writing to Modbus register: A Modbus Exception Occurred - See Response Body
[2024-12-10T04:28:31.062Z] Error reading or processing Modbus registers: A Modbus Exception Occurred - See Response Body
[2024-12-10T04:28:31.066Z] Error reading register 6507 for IP 10.30.4.128: A Modbus Exception Occurred - See Response Body
[2024-12-10T04:28:31.067Z] Error reading actual data: A Modbus Exception Occurred - See Response Body
[2024-12-10T04:28:31.067Z] Error writing to Modbus register: A Modbus Exception Occurred - See Response Body
[2024-12-10T04:28:32.065Z] Error reading or processing Modbus registers: A Modbus Exception Occurred - See Response Body
[2024-12-10T04:28:32.068Z] Error reading register 6507 for IP 10.30.4.128: A Modbus Exception Occurred - See Response Body
[2024-12-10T04:28:32.068Z] Error reading actual data: A Modbus Exception Occurred - See Response Body
[2024-12-10T04:28:32.069Z] Error writing to Modbus register: A Modbus Exception Occurred - See Response Body
[2024-12-10T04:28:33.081Z] Error reading or processing Modbus registers: A Modbus Exception Occurred - See Response Body
[2024-12-10T04:28:33.083Z] Error reading register 6507 for IP 10.30.4.128: A Modbus Exception Occurred - See Response Body
[2024-12-10T04:28:33.084Z] Error reading actual data: A Modbus Exception Occurred - See Response Body
[2024-12-10T04:28:33.085Z] Error writing to Modbus register: A Modbus Exception Occurred - See Response Body
[2024-12-10T04:28:34.095Z] Error reading or processing Modbus registers: A Modbus Exception Occurred - See Response Body
[2024-12-10T04:28:34.097Z] Error reading register 6507 for IP 10.30.4.128: A Modbus Exception Occurred - See Response Body
[2024-12-10T04:28:34.097Z] Error reading actual data: A Modbus Exception Occurred - See Response Body
[2024-12-10T04:28:34.098Z] Error writing to Modbus register: A Modbus Exception Occurred - See Response Body
[2024-12-10T04:28:35.098Z] Error reading or processing Modbus registers: A Modbus Exception Occurred - See Response Body
[2024-12-10T04:28:35.100Z] Error reading register 6507 for IP 10.30.4.128: A Modbus Exception Occurred - See Response Body
[2024-12-10T04:28:35.101Z] Error reading actual data: A Modbus Exception Occurred - See Response Body
[2024-12-10T04:28:35.102Z] Error writing to Modbus register: A Modbus Exception Occurred - See Response Body
[2024-12-10T04:28:36.101Z] Error reading or processing Modbus registers: A Modbus Exception Occurred - See Response Body
[2024-12-10T04:28:36.103Z] Error reading register 6507 for IP 10.30.4.128: A Modbus Exception Occurred - See Response Body
[2024-12-10T04:28:36.104Z] Error reading actual data: A Modbus Exception Occurred - See Response Body
[2024-12-10T04:28:36.105Z] Error writing to Modbus register: A Modbus Exception Occurred - See Response Body
[2024-12-10T04:28:37.110Z] Error reading or processing Modbus registers: A Modbus Exception Occurred - See Response Body
[2024-12-10T04:28:37.112Z] Error reading register 6507 for IP 10.30.4.128: A Modbus Exception Occurred - See Response Body
[2024-12-10T04:28:37.113Z] Error reading actual data: A Modbus Exception Occurred - See Response Body
[2024-12-10T04:28:37.113Z] Error writing to Modbus register: A Modbus Exception Occurred - See Response Body
[2024-12-10T04:28:38.122Z] Error reading or processing Modbus registers: A Modbus Exception Occurred - See Response Body
[2024-12-10T04:28:38.124Z] Error reading register 6507 for IP 10.30.4.128: A Modbus Exception Occurred - See Response Body
[2024-12-10T04:28:38.125Z] Error reading actual data: A Modbus Exception Occurred - See Response Body
[2024-12-10T04:28:38.126Z] Error writing to Modbus register: A Modbus Exception Occurred - See Response Body
[2024-12-10T04:28:39.135Z] Error reading or processing Modbus registers: A Modbus Exception Occurred - See Response Body
[2024-12-10T04:28:39.138Z] Error reading register 6507 for IP 10.30.4.128: A Modbus Exception Occurred - See Response Body
[2024-12-10T04:28:39.138Z] Error reading actual data: A Modbus Exception Occurred - See Response Body
[2024-12-10T04:28:39.139Z] Error writing to Modbus register: A Modbus Exception Occurred - See Response Body
[2024-12-10T04:28:40.150Z] Error reading or processing Modbus registers: A Modbus Exception Occurred - See Response Body
[2024-12-10T04:28:40.152Z] Error reading register 6507 for IP 10.30.4.128: A Modbus Exception Occurred - See Response Body
[2024-12-10T04:28:40.153Z] Error reading actual data: A Modbus Exception Occurred - See Response Body
[2024-12-10T04:28:40.154Z] Error writing to Modbus register: A Modbus Exception Occurred - See Response Body
[2024-12-10T04:28:41.164Z] Error reading or processing Modbus registers: A Modbus Exception Occurred - See Response Body
[2024-12-10T04:28:41.166Z] Error reading register 6507 for IP 10.30.4.128: A Modbus Exception Occurred - See Response Body
[2024-12-10T04:28:41.167Z] Error reading actual data: A Modbus Exception Occurred - See Response Body
[2024-12-10T04:28:41.167Z] Error writing to Modbus register: A Modbus Exception Occurred - See Response Body
[2024-12-10T04:28:42.176Z] Error reading or processing Modbus registers: A Modbus Exception Occurred - See Response Body
[2024-12-10T04:28:42.178Z] Error reading register 6507 for IP 10.30.4.128: A Modbus Exception Occurred - See Response Body
[2024-12-10T04:28:42.179Z] Error reading actual data: A Modbus Exception Occurred - See Response Body
[2024-12-10T04:28:42.180Z] Error writing to Modbus register: A Modbus Exception Occurred - See Response Body
[2024-12-10T04:28:43.176Z] Error reading or processing Modbus registers: A Modbus Exception Occurred - See Response Body
[2024-12-10T04:28:43.179Z] Error reading register 6507 for IP 10.30.4.128: A Modbus Exception Occurred - See Response Body
[2024-12-10T04:28:43.179Z] Error reading actual data: A Modbus Exception Occurred - See Response Body
[2024-12-10T04:28:43.180Z] Error writing to Modbus register: A Modbus Exception Occurred - See Response Body
[2024-12-10T04:28:44.190Z] Error reading or processing Modbus registers: A Modbus Exception Occurred - See Response Body
[2024-12-10T04:28:44.192Z] Error reading register 6507 for IP 10.30.4.128: A Modbus Exception Occurred - See Response Body
[2024-12-10T04:28:44.192Z] Error reading actual data: A Modbus Exception Occurred - See Response Body
[2024-12-10T04:28:44.193Z] Error writing to Modbus register: A Modbus Exception Occurred - See Response Body
[2024-12-10T04:28:45.201Z] Error reading or processing Modbus registers: A Modbus Exception Occurred - See Response Body
[2024-12-10T04:28:45.206Z] Error reading register 6507 for IP 10.30.4.128: A Modbus Exception Occurred - See Response Body
[2024-12-10T04:28:45.207Z] Error reading actual data: A Modbus Exception Occurred - See Response Body
[2024-12-10T04:28:45.207Z] Error writing to Modbus register: A Modbus Exception Occurred - See Response Body
[2024-12-10T04:28:46.215Z] Error reading or processing Modbus registers: A Modbus Exception Occurred - See Response Body
[2024-12-10T04:28:46.217Z] Error reading register 6507 for IP 10.30.4.128: A Modbus Exception Occurred - See Response Body
[2024-12-10T04:28:46.218Z] Error reading actual data: A Modbus Exception Occurred - See Response Body
[2024-12-10T04:28:46.219Z] Error writing to Modbus register: A Modbus Exception Occurred - See Response Body
[2024-12-10T04:28:47.231Z] Error reading or processing Modbus registers: A Modbus Exception Occurred - See Response Body
[2024-12-10T04:28:47.233Z] Error reading register 6507 for IP 10.30.4.128: A Modbus Exception Occurred - See Response Body
[2024-12-10T04:28:47.233Z] Error reading actual data: A Modbus Exception Occurred - See Response Body
[2024-12-10T04:28:47.234Z] Error writing to Modbus register: A Modbus Exception Occurred - See Response Body
[2024-12-10T04:28:48.243Z] Error reading or processing Modbus registers: A Modbus Exception Occurred - See Response Body
[2024-12-10T04:28:48.246Z] Error reading register 6507 for IP 10.30.4.128: A Modbus Exception Occurred - See Response Body
[2024-12-10T04:28:48.246Z] Error reading actual data: A Modbus Exception Occurred - See Response Body
[2024-12-10T04:28:48.247Z] Error writing to Modbus register: A Modbus Exception Occurred - See Response Body
[2024-12-10T04:28:49.255Z] Error reading or processing Modbus registers: A Modbus Exception Occurred - See Response Body
[2024-12-10T04:28:49.257Z] Error reading register 6507 for IP 10.30.4.128: A Modbus Exception Occurred - See Response Body
[2024-12-10T04:28:49.258Z] Error reading actual data: A Modbus Exception Occurred - See Response Body
[2024-12-10T04:28:49.259Z] Error writing to Modbus register: A Modbus Exception Occurred - See Response Body
[2024-12-10T04:28:50.269Z] Error reading or processing Modbus registers: A Modbus Exception Occurred - See Response Body
[2024-12-10T04:28:50.271Z] Error reading register 6507 for IP 10.30.4.128: A Modbus Exception Occurred - See Response Body
[2024-12-10T04:28:50.272Z] Error reading actual data: A Modbus Exception Occurred - See Response Body
[2024-12-10T04:28:50.274Z] Error writing to Modbus register: A Modbus Exception Occurred - See Response Body
[2024-12-10T04:28:51.281Z] Error reading or processing Modbus registers: A Modbus Exception Occurred - See Response Body
[2024-12-10T04:28:51.283Z] Error reading register 6507 for IP 10.30.4.128: A Modbus Exception Occurred - See Response Body
[2024-12-10T04:28:51.283Z] Error reading actual data: A Modbus Exception Occurred - See Response Body
[2024-12-10T04:28:51.284Z] Error writing to Modbus register: A Modbus Exception Occurred - See Response Body
[2024-12-10T04:28:52.291Z] Error reading or processing Modbus registers: A Modbus Exception Occurred - See Response Body
[2024-12-10T04:28:52.292Z] Error reading register 6507 for IP 10.30.4.128: A Modbus Exception Occurred - See Response Body
[2024-12-10T04:28:52.293Z] Error reading actual data: A Modbus Exception Occurred - See Response Body
[2024-12-10T04:28:52.293Z] Error writing to Modbus register: A Modbus Exception Occurred - See Response Body
[2024-12-10T04:28:53.305Z] Error reading or processing Modbus registers: A Modbus Exception Occurred - See Response Body
[2024-12-10T04:28:53.307Z] Error reading register 6507 for IP 10.30.4.128: A Modbus Exception Occurred - See Response Body
[2024-12-10T04:28:53.308Z] Error reading actual data: A Modbus Exception Occurred - See Response Body
[2024-12-10T04:28:53.309Z] Error writing to Modbus register: A Modbus Exception Occurred - See Response Body
[2024-12-10T04:28:54.319Z] Error reading or processing Modbus registers: A Modbus Exception Occurred - See Response Body
[2024-12-10T04:28:54.321Z] Error reading register 6507 for IP 10.30.4.128: A Modbus Exception Occurred - See Response Body
[2024-12-10T04:28:54.322Z] Error reading actual data: A Modbus Exception Occurred - See Response Body
[2024-12-10T04:28:54.323Z] Error writing to Modbus register: A Modbus Exception Occurred - See Response Body
[2024-12-10T04:28:55.328Z] Error reading or processing Modbus registers: A Modbus Exception Occurred - See Response Body
[2024-12-10T04:28:55.331Z] Error reading register 6507 for IP 10.30.4.128: A Modbus Exception Occurred - See Response Body
[2024-12-10T04:28:55.331Z] Error reading actual data: A Modbus Exception Occurred - See Response Body
[2024-12-10T04:28:55.332Z] Error writing to Modbus register: A Modbus Exception Occurred - See Response Body
[2024-12-10T04:28:56.339Z] Error reading or processing Modbus registers: A Modbus Exception Occurred - See Response Body
[2024-12-10T04:28:56.341Z] Error reading register 6507 for IP 10.30.4.128: A Modbus Exception Occurred - See Response Body
[2024-12-10T04:28:56.342Z] Error reading actual data: A Modbus Exception Occurred - See Response Body
[2024-12-10T04:28:56.342Z] Error writing to Modbus register: A Modbus Exception Occurred - See Response Body
[2024-12-10T04:28:57.345Z] Error reading or processing Modbus registers: A Modbus Exception Occurred - See Response Body
[2024-12-10T04:28:57.347Z] Error reading register 6507 for IP 10.30.4.128: A Modbus Exception Occurred - See Response Body
[2024-12-10T04:28:57.348Z] Error reading actual data: A Modbus Exception Occurred - See Response Body
[2024-12-10T04:28:57.348Z] Error writing to Modbus register: A Modbus Exception Occurred - See Response Body
[2024-12-10T04:28:58.356Z] Error reading or processing Modbus registers: A Modbus Exception Occurred - See Response Body
[2024-12-10T04:28:58.358Z] Error reading register 6507 for IP 10.30.4.128: A Modbus Exception Occurred - See Response Body
[2024-12-10T04:28:58.359Z] Error reading actual data: A Modbus Exception Occurred - See Response Body
[2024-12-10T04:28:58.360Z] Error writing to Modbus register: A Modbus Exception Occurred - See Response Body
[2024-12-10T04:28:59.366Z] Error reading or processing Modbus registers: A Modbus Exception Occurred - See Response Body
[2024-12-10T04:28:59.369Z] Error reading register 6507 for IP 10.30.4.128: A Modbus Exception Occurred - See Response Body
[2024-12-10T04:28:59.370Z] Error reading actual data: A Modbus Exception Occurred - See Response Body
[2024-12-10T04:28:59.370Z] Error writing to Modbus register: A Modbus Exception Occurred - See Response Body
[2024-12-10T04:29:00.382Z] Error reading or processing Modbus registers: A Modbus Exception Occurred - See Response Body
[2024-12-10T04:29:00.384Z] Error reading register 6507 for IP 10.30.4.128: A Modbus Exception Occurred - See Response Body
[2024-12-10T04:29:00.385Z] Error reading actual data: A Modbus Exception Occurred - See Response Body
[2024-12-10T04:29:00.385Z] Error writing to Modbus register: A Modbus Exception Occurred - See Response Body
[2024-12-10T04:29:01.382Z] Error reading or processing Modbus registers: A Modbus Exception Occurred - See Response Body
[2024-12-10T04:29:01.385Z] Error reading register 6507 for IP 10.30.4.128: A Modbus Exception Occurred - See Response Body
[2024-12-10T04:29:01.385Z] Error reading actual data: A Modbus Exception Occurred - See Response Body
[2024-12-10T04:29:01.386Z] Error writing to Modbus register: A Modbus Exception Occurred - See Response Body
[2024-12-10T04:29:02.395Z] Error reading or processing Modbus registers: A Modbus Exception Occurred - See Response Body
[2024-12-10T04:29:02.397Z] Error reading register 6507 for IP 10.30.4.128: A Modbus Exception Occurred - See Response Body
[2024-12-10T04:29:02.397Z] Error reading actual data: A Modbus Exception Occurred - See Response Body
[2024-12-10T04:29:02.398Z] Error writing to Modbus register: A Modbus Exception Occurred - See Response Body
[2024-12-10T04:29:03.405Z] Error reading or processing Modbus registers: A Modbus Exception Occurred - See Response Body
[2024-12-10T04:29:03.407Z] Error reading register 6507 for IP 10.30.4.128: A Modbus Exception Occurred - See Response Body
[2024-12-10T04:29:03.408Z] Error reading actual data: A Modbus Exception Occurred - See Response Body
[2024-12-10T04:29:03.408Z] Error writing to Modbus register: A Modbus Exception Occurred - See Response Body
[2024-12-10T04:29:04.417Z] Error reading or processing Modbus registers: A Modbus Exception Occurred - See Response Body
[2024-12-10T04:29:04.419Z] Error reading register 6507 for IP 10.30.4.128: A Modbus Exception Occurred - See Response Body
[2024-12-10T04:29:04.420Z] Error reading actual data: A Modbus Exception Occurred - See Response Body
[2024-12-10T04:29:04.420Z] Error writing to Modbus register: A Modbus Exception Occurred - See Response Body
[2024-12-10T04:29:05.429Z] Error reading or processing Modbus registers: A Modbus Exception Occurred - See Response Body
[2024-12-10T04:29:05.431Z] Error reading register 6507 for IP 10.30.4.128: A Modbus Exception Occurred - See Response Body
[2024-12-10T04:29:05.432Z] Error reading actual data: A Modbus Exception Occurred - See Response Body
[2024-12-10T04:29:05.432Z] Error writing to Modbus register: A Modbus Exception Occurred - See Response Body
[2024-12-10T04:29:06.443Z] Error reading or processing Modbus registers: A Modbus Exception Occurred - See Response Body
[2024-12-10T04:29:06.445Z] Error reading register 6507 for IP 10.30.4.128: A Modbus Exception Occurred - See Response Body
[2024-12-10T04:29:06.446Z] Error reading actual data: A Modbus Exception Occurred - See Response Body
[2024-12-10T04:29:06.446Z] Error writing to Modbus register: A Modbus Exception Occurred - See Response Body
[2024-12-10T04:29:07.456Z] Error reading or processing Modbus registers: A Modbus Exception Occurred - See Response Body
[2024-12-10T04:29:07.458Z] Error reading register 6507 for IP 10.30.4.128: A Modbus Exception Occurred - See Response Body
[2024-12-10T04:29:07.459Z] Error reading actual data: A Modbus Exception Occurred - See Response Body
[2024-12-10T04:29:07.460Z] Error writing to Modbus register: A Modbus Exception Occurred - See Response Body
[2024-12-10T04:29:08.469Z] Error reading or processing Modbus registers: A Modbus Exception Occurred - See Response Body
[2024-12-10T04:29:08.471Z] Error reading register 6507 for IP 10.30.4.128: A Modbus Exception Occurred - See Response Body
[2024-12-10T04:29:08.472Z] Error reading actual data: A Modbus Exception Occurred - See Response Body
[2024-12-10T04:29:08.472Z] Error writing to Modbus register: A Modbus Exception Occurred - See Response Body
[2024-12-10T04:29:09.482Z] Error reading or processing Modbus registers: A Modbus Exception Occurred - See Response Body
[2024-12-10T04:29:09.484Z] Error reading register 6507 for IP 10.30.4.128: A Modbus Exception Occurred - See Response Body
[2024-12-10T04:29:09.484Z] Error reading actual data: A Modbus Exception Occurred - See Response Body
[2024-12-10T04:29:09.485Z] Error writing to Modbus register: A Modbus Exception Occurred - See Response Body
[2024-12-10T04:29:10.483Z] Error reading or processing Modbus registers: A Modbus Exception Occurred - See Response Body
[2024-12-10T04:29:10.485Z] Error reading register 6507 for IP 10.30.4.128: A Modbus Exception Occurred - See Response Body
[2024-12-10T04:29:10.485Z] Error reading actual data: A Modbus Exception Occurred - See Response Body
[2024-12-10T04:29:10.486Z] Error writing to Modbus register: A Modbus Exception Occurred - See Response Body
[2024-12-10T04:29:11.496Z] Error reading or processing Modbus registers: A Modbus Exception Occurred - See Response Body
[2024-12-10T04:29:11.499Z] Error reading register 6507 for IP 10.30.4.128: A Modbus Exception Occurred - See Response Body
[2024-12-10T04:29:11.500Z] Error reading actual data: A Modbus Exception Occurred - See Response Body
[2024-12-10T04:29:11.500Z] Error writing to Modbus register: A Modbus Exception Occurred - See Response Body
[2024-12-10T04:29:12.498Z] Error reading or processing Modbus registers: A Modbus Exception Occurred - See Response Body
[2024-12-10T04:29:12.501Z] Error reading register 6507 for IP 10.30.4.128: A Modbus Exception Occurred - See Response Body
[2024-12-10T04:29:12.501Z] Error reading actual data: A Modbus Exception Occurred - See Response Body
[2024-12-10T04:29:12.502Z] Error writing to Modbus register: A Modbus Exception Occurred - See Response Body
[2024-12-10T04:29:13.511Z] Error reading or processing Modbus registers: A Modbus Exception Occurred - See Response Body
[2024-12-10T04:29:13.513Z] Error reading register 6507 for IP 10.30.4.128: A Modbus Exception Occurred - See Response Body
[2024-12-10T04:29:13.514Z] Error reading actual data: A Modbus Exception Occurred - See Response Body
[2024-12-10T04:29:13.514Z] Error writing to Modbus register: A Modbus Exception Occurred - See Response Body
[2024-12-10T04:29:14.522Z] Error reading or processing Modbus registers: A Modbus Exception Occurred - See Response Body
[2024-12-10T04:29:14.524Z] Error reading register 6507 for IP 10.30.4.128: A Modbus Exception Occurred - See Response Body
[2024-12-10T04:29:14.524Z] Error reading actual data: A Modbus Exception Occurred - See Response Body
[2024-12-10T04:29:14.525Z] Error writing to Modbus register: A Modbus Exception Occurred - See Response Body
[2024-12-10T04:29:15.536Z] Error reading or processing Modbus registers: A Modbus Exception Occurred - See Response Body
[2024-12-10T04:29:15.538Z] Error reading register 6507 for IP 10.30.4.128: A Modbus Exception Occurred - See Response Body
[2024-12-10T04:29:15.538Z] Error reading actual data: A Modbus Exception Occurred - See Response Body
[2024-12-10T04:29:15.539Z] Error writing to Modbus register: A Modbus Exception Occurred - See Response Body
[2024-12-10T04:29:16.547Z] Error reading or processing Modbus registers: A Modbus Exception Occurred - See Response Body
[2024-12-10T04:29:16.549Z] Error reading register 6507 for IP 10.30.4.128: A Modbus Exception Occurred - See Response Body
[2024-12-10T04:29:16.550Z] Error reading actual data: A Modbus Exception Occurred - See Response Body
[2024-12-10T04:29:16.550Z] Error writing to Modbus register: A Modbus Exception Occurred - See Response Body
[2024-12-10T04:29:17.559Z] Error reading or processing Modbus registers: A Modbus Exception Occurred - See Response Body
[2024-12-10T04:29:17.562Z] Error reading register 6507 for IP 10.30.4.128: A Modbus Exception Occurred - See Response Body
[2024-12-10T04:29:17.562Z] Error reading actual data: A Modbus Exception Occurred - See Response Body
[2024-12-10T04:29:17.563Z] Error writing to Modbus register: A Modbus Exception Occurred - See Response Body
[2024-12-10T04:29:18.571Z] Error reading or processing Modbus registers: A Modbus Exception Occurred - See Response Body
[2024-12-10T04:29:18.573Z] Error reading register 6507 for IP 10.30.4.128: A Modbus Exception Occurred - See Response Body
[2024-12-10T04:29:18.574Z] Error reading actual data: A Modbus Exception Occurred - See Response Body
[2024-12-10T04:29:18.575Z] Error writing to Modbus register: A Modbus Exception Occurred - See Response Body
[2024-12-10T04:29:19.585Z] Error reading or processing Modbus registers: A Modbus Exception Occurred - See Response Body
[2024-12-10T04:29:19.587Z] Error reading register 6507 for IP 10.30.4.128: A Modbus Exception Occurred - See Response Body
[2024-12-10T04:29:19.587Z] Error reading actual data: A Modbus Exception Occurred - See Response Body
[2024-12-10T04:29:19.588Z] Error writing to Modbus register: A Modbus Exception Occurred - See Response Body
[2024-12-10T04:29:20.598Z] Error reading or processing Modbus registers: A Modbus Exception Occurred - See Response Body
[2024-12-10T04:29:20.600Z] Error reading register 6507 for IP 10.30.4.128: A Modbus Exception Occurred - See Response Body
[2024-12-10T04:29:20.601Z] Error reading actual data: A Modbus Exception Occurred - See Response Body
[2024-12-10T04:29:20.601Z] Error writing to Modbus register: A Modbus Exception Occurred - See Response Body
[2024-12-10T04:29:21.598Z] Error reading or processing Modbus registers: A Modbus Exception Occurred - See Response Body
[2024-12-10T04:29:21.600Z] Error reading register 6507 for IP 10.30.4.128: A Modbus Exception Occurred - See Response Body
[2024-12-10T04:29:21.601Z] Error reading actual data: A Modbus Exception Occurred - See Response Body
[2024-12-10T04:29:21.601Z] Error writing to Modbus register: A Modbus Exception Occurred - See Response Body
[2024-12-10T04:29:22.600Z] Error reading or processing Modbus registers: A Modbus Exception Occurred - See Response Body
[2024-12-10T04:29:22.603Z] Error reading register 6507 for IP 10.30.4.128: A Modbus Exception Occurred - See Response Body
[2024-12-10T04:29:22.604Z] Error reading actual data: A Modbus Exception Occurred - See Response Body
[2024-12-10T04:29:22.604Z] Error writing to Modbus register: A Modbus Exception Occurred - See Response Body
[2024-12-10T04:29:23.613Z] Error reading or processing Modbus registers: A Modbus Exception Occurred - See Response Body
[2024-12-10T04:29:23.615Z] Error reading register 6507 for IP 10.30.4.128: A Modbus Exception Occurred - See Response Body
[2024-12-10T04:29:23.616Z] Error reading actual data: A Modbus Exception Occurred - See Response Body
[2024-12-10T04:29:23.616Z] Error writing to Modbus register: A Modbus Exception Occurred - See Response Body
[2024-12-10T04:29:24.626Z] Error reading or processing Modbus registers: A Modbus Exception Occurred - See Response Body
[2024-12-10T04:29:24.628Z] Error reading register 6507 for IP 10.30.4.128: A Modbus Exception Occurred - See Response Body
[2024-12-10T04:29:24.629Z] Error reading actual data: A Modbus Exception Occurred - See Response Body
[2024-12-10T04:29:24.630Z] Error writing to Modbus register: A Modbus Exception Occurred - See Response Body
[2024-12-10T04:29:25.639Z] Error reading or processing Modbus registers: A Modbus Exception Occurred - See Response Body
[2024-12-10T04:29:25.642Z] Error reading register 6507 for IP 10.30.4.128: A Modbus Exception Occurred - See Response Body
[2024-12-10T04:29:25.642Z] Error reading actual data: A Modbus Exception Occurred - See Response Body
[2024-12-10T04:29:25.643Z] Error writing to Modbus register: A Modbus Exception Occurred - See Response Body
[2024-12-10T04:29:26.654Z] Error reading or processing Modbus registers: A Modbus Exception Occurred - See Response Body
[2024-12-10T04:29:26.655Z] Error reading register 6507 for IP 10.30.4.128: A Modbus Exception Occurred - See Response Body
[2024-12-10T04:29:26.656Z] Error reading actual data: A Modbus Exception Occurred - See Response Body
[2024-12-10T04:29:26.656Z] Error writing to Modbus register: A Modbus Exception Occurred - See Response Body
[2024-12-10T04:29:27.665Z] Error reading or processing Modbus registers: A Modbus Exception Occurred - See Response Body
[2024-12-10T04:29:27.669Z] Error reading register 6507 for IP 10.30.4.128: A Modbus Exception Occurred - See Response Body
[2024-12-10T04:29:27.669Z] Error reading actual data: A Modbus Exception Occurred - See Response Body
[2024-12-10T04:29:27.670Z] Error writing to Modbus register: A Modbus Exception Occurred - See Response Body
[2024-12-10T04:29:28.678Z] Error reading or processing Modbus registers: A Modbus Exception Occurred - See Response Body
[2024-12-10T04:29:28.680Z] Error reading register 6507 for IP 10.30.4.128: A Modbus Exception Occurred - See Response Body
[2024-12-10T04:29:28.681Z] Error reading actual data: A Modbus Exception Occurred - See Response Body
[2024-12-10T04:29:28.681Z] Error writing to Modbus register: A Modbus Exception Occurred - See Response Body
[2024-12-10T04:29:29.685Z] Error reading or processing Modbus registers: A Modbus Exception Occurred - See Response Body
[2024-12-10T04:29:29.687Z] Error reading register 6507 for IP 10.30.4.128: A Modbus Exception Occurred - See Response Body
[2024-12-10T04:29:29.688Z] Error reading actual data: A Modbus Exception Occurred - See Response Body
[2024-12-10T04:29:29.688Z] Error writing to Modbus register: A Modbus Exception Occurred - See Response Body
[2024-12-10T04:29:30.693Z] Error reading or processing Modbus registers: A Modbus Exception Occurred - See Response Body
[2024-12-10T04:29:30.695Z] Error reading register 6507 for IP 10.30.4.128: A Modbus Exception Occurred - See Response Body
[2024-12-10T04:29:30.696Z] Error reading actual data: A Modbus Exception Occurred - See Response Body
[2024-12-10T04:29:30.696Z] Error writing to Modbus register: A Modbus Exception Occurred - See Response Body
[2024-12-10T04:29:31.702Z] Error reading or processing Modbus registers: A Modbus Exception Occurred - See Response Body
[2024-12-10T04:29:31.705Z] Error reading register 6507 for IP 10.30.4.128: A Modbus Exception Occurred - See Response Body
[2024-12-10T04:29:31.705Z] Error reading actual data: A Modbus Exception Occurred - See Response Body
[2024-12-10T04:29:31.706Z] Error writing to Modbus register: A Modbus Exception Occurred - See Response Body
[2024-12-10T04:29:32.715Z] Error reading or processing Modbus registers: A Modbus Exception Occurred - See Response Body
[2024-12-10T04:29:32.718Z] Error reading register 6507 for IP 10.30.4.128: A Modbus Exception Occurred - See Response Body
[2024-12-10T04:29:32.719Z] Error reading actual data: A Modbus Exception Occurred - See Response Body
[2024-12-10T04:29:32.719Z] Error writing to Modbus register: A Modbus Exception Occurred - See Response Body
[2024-12-10T04:29:33.726Z] Error reading or processing Modbus registers: A Modbus Exception Occurred - See Response Body
[2024-12-10T04:29:33.728Z] Error reading register 6507 for IP 10.30.4.128: A Modbus Exception Occurred - See Response Body
[2024-12-10T04:29:33.729Z] Error reading actual data: A Modbus Exception Occurred - See Response Body
[2024-12-10T04:29:33.730Z] Error writing to Modbus register: A Modbus Exception Occurred - See Response Body
[2024-12-10T04:29:34.738Z] Error reading or processing Modbus registers: A Modbus Exception Occurred - See Response Body
[2024-12-10T04:29:34.740Z] Error reading register 6507 for IP 10.30.4.128: A Modbus Exception Occurred - See Response Body
[2024-12-10T04:29:34.740Z] Error reading actual data: A Modbus Exception Occurred - See Response Body
[2024-12-10T04:29:34.741Z] Error writing to Modbus register: A Modbus Exception Occurred - See Response Body
[2024-12-10T04:29:35.751Z] Error reading or processing Modbus registers: A Modbus Exception Occurred - See Response Body
[2024-12-10T04:29:35.753Z] Error reading register 6507 for IP 10.30.4.128: A Modbus Exception Occurred - See Response Body
[2024-12-10T04:29:35.754Z] Error reading actual data: A Modbus Exception Occurred - See Response Body
[2024-12-10T04:29:35.754Z] Error writing to Modbus register: A Modbus Exception Occurred - See Response Body
[2024-12-10T04:29:36.761Z] Error reading or processing Modbus registers: A Modbus Exception Occurred - See Response Body
[2024-12-10T04:29:36.763Z] Error reading register 6507 for IP 10.30.4.128: A Modbus Exception Occurred - See Response Body
[2024-12-10T04:29:36.764Z] Error reading actual data: A Modbus Exception Occurred - See Response Body
[2024-12-10T04:29:36.765Z] Error writing to Modbus register: A Modbus Exception Occurred - See Response Body
[2024-12-10T04:29:37.761Z] Error reading or processing Modbus registers: A Modbus Exception Occurred - See Response Body
[2024-12-10T04:29:37.763Z] Error reading register 6507 for IP 10.30.4.128: A Modbus Exception Occurred - See Response Body
[2024-12-10T04:29:37.764Z] Error reading actual data: A Modbus Exception Occurred - See Response Body
[2024-12-10T04:29:37.765Z] Error writing to Modbus register: A Modbus Exception Occurred - See Response Body
[2024-12-10T04:29:38.775Z] Error reading or processing Modbus registers: A Modbus Exception Occurred - See Response Body
[2024-12-10T04:29:38.777Z] Error reading register 6507 for IP 10.30.4.128: A Modbus Exception Occurred - See Response Body
[2024-12-10T04:29:38.777Z] Error reading actual data: A Modbus Exception Occurred - See Response Body
[2024-12-10T04:29:38.778Z] Error writing to Modbus register: A Modbus Exception Occurred - See Response Body
[2024-12-10T04:29:39.787Z] Error reading or processing Modbus registers: A Modbus Exception Occurred - See Response Body
[2024-12-10T04:29:39.789Z] Error reading register 6507 for IP 10.30.4.128: A Modbus Exception Occurred - See Response Body
[2024-12-10T04:29:39.790Z] Error reading actual data: A Modbus Exception Occurred - See Response Body
[2024-12-10T04:29:39.791Z] Error writing to Modbus register: A Modbus Exception Occurred - See Response Body
[2024-12-10T04:29:40.797Z] Error reading or processing Modbus registers: A Modbus Exception Occurred - See Response Body
[2024-12-10T04:29:40.799Z] Error reading register 6507 for IP 10.30.4.128: A Modbus Exception Occurred - See Response Body
[2024-12-10T04:29:40.800Z] Error reading actual data: A Modbus Exception Occurred - See Response Body
[2024-12-10T04:29:40.801Z] Error writing to Modbus register: A Modbus Exception Occurred - See Response Body
[2024-12-10T04:29:41.809Z] Error reading or processing Modbus registers: A Modbus Exception Occurred - See Response Body
[2024-12-10T04:29:41.815Z] Error reading register 6507 for IP 10.30.4.128: A Modbus Exception Occurred - See Response Body
[2024-12-10T04:29:41.816Z] Error reading actual data: A Modbus Exception Occurred - See Response Body
[2024-12-10T04:29:41.816Z] Error writing to Modbus register: A Modbus Exception Occurred - See Response Body
[2024-12-10T04:29:42.819Z] Error reading or processing Modbus registers: A Modbus Exception Occurred - See Response Body
[2024-12-10T04:29:42.821Z] Error reading register 6507 for IP 10.30.4.128: A Modbus Exception Occurred - See Response Body
[2024-12-10T04:29:42.821Z] Error reading actual data: A Modbus Exception Occurred - See Response Body
[2024-12-10T04:29:42.822Z] Error writing to Modbus register: A Modbus Exception Occurred - See Response Body
[2024-12-10T04:29:43.829Z] Error reading or processing Modbus registers: A Modbus Exception Occurred - See Response Body
[2024-12-10T04:29:43.831Z] Error reading register 6507 for IP 10.30.4.128: A Modbus Exception Occurred - See Response Body
[2024-12-10T04:29:43.832Z] Error reading actual data: A Modbus Exception Occurred - See Response Body
[2024-12-10T04:29:43.832Z] Error writing to Modbus register: A Modbus Exception Occurred - See Response Body
[2024-12-10T04:29:44.838Z] Error reading or processing Modbus registers: A Modbus Exception Occurred - See Response Body
[2024-12-10T04:29:44.840Z] Error reading register 6507 for IP 10.30.4.128: A Modbus Exception Occurred - See Response Body
[2024-12-10T04:29:44.841Z] Error reading actual data: A Modbus Exception Occurred - See Response Body
[2024-12-10T04:29:44.842Z] Error writing to Modbus register: A Modbus Exception Occurred - See Response Body
[2024-12-10T04:29:45.848Z] Error reading or processing Modbus registers: A Modbus Exception Occurred - See Response Body
[2024-12-10T04:29:45.850Z] Error reading register 6507 for IP 10.30.4.128: A Modbus Exception Occurred - See Response Body
[2024-12-10T04:29:45.851Z] Error reading actual data: A Modbus Exception Occurred - See Response Body
[2024-12-10T04:29:45.851Z] Error writing to Modbus register: A Modbus Exception Occurred - See Response Body
[2024-12-10T04:29:46.861Z] Error reading or processing Modbus registers: A Modbus Exception Occurred - See Response Body
[2024-12-10T04:29:46.863Z] Error reading register 6507 for IP 10.30.4.128: A Modbus Exception Occurred - See Response Body
[2024-12-10T04:29:46.864Z] Error reading actual data: A Modbus Exception Occurred - See Response Body
[2024-12-10T04:29:46.865Z] Error writing to Modbus register: A Modbus Exception Occurred - See Response Body
[2024-12-10T04:29:47.876Z] Error reading or processing Modbus registers: A Modbus Exception Occurred - See Response Body
[2024-12-10T04:29:47.878Z] Error reading register 6507 for IP 10.30.4.128: A Modbus Exception Occurred - See Response Body
[2024-12-10T04:29:47.879Z] Error reading actual data: A Modbus Exception Occurred - See Response Body
[2024-12-10T04:29:47.879Z] Error writing to Modbus register: A Modbus Exception Occurred - See Response Body
[2024-12-10T04:29:48.888Z] Error reading or processing Modbus registers: A Modbus Exception Occurred - See Response Body
[2024-12-10T04:29:48.890Z] Error reading register 6507 for IP 10.30.4.128: A Modbus Exception Occurred - See Response Body
[2024-12-10T04:29:48.891Z] Error reading actual data: A Modbus Exception Occurred - See Response Body
[2024-12-10T04:29:48.891Z] Error writing to Modbus register: A Modbus Exception Occurred - See Response Body
[2024-12-10T04:29:49.900Z] Error reading or processing Modbus registers: A Modbus Exception Occurred - See Response Body
[2024-12-10T04:29:49.903Z] Error reading register 6507 for IP 10.30.4.128: A Modbus Exception Occurred - See Response Body
[2024-12-10T04:29:49.904Z] Error reading actual data: A Modbus Exception Occurred - See Response Body
[2024-12-10T04:29:49.904Z] Error writing to Modbus register: A Modbus Exception Occurred - See Response Body
[2024-12-10T04:29:50.911Z] Error reading or processing Modbus registers: A Modbus Exception Occurred - See Response Body
[2024-12-10T04:29:50.913Z] Error reading register 6507 for IP 10.30.4.128: A Modbus Exception Occurred - See Response Body
[2024-12-10T04:29:50.913Z] Error reading actual data: A Modbus Exception Occurred - See Response Body
[2024-12-10T04:29:50.914Z] Error writing to Modbus register: A Modbus Exception Occurred - See Response Body
[2024-12-10T04:29:51.922Z] Error reading or processing Modbus registers: A Modbus Exception Occurred - See Response Body
[2024-12-10T04:29:51.925Z] Error reading register 6507 for IP 10.30.4.128: A Modbus Exception Occurred - See Response Body
[2024-12-10T04:29:51.925Z] Error reading actual data: A Modbus Exception Occurred - See Response Body
[2024-12-10T04:29:51.926Z] Error writing to Modbus register: A Modbus Exception Occurred - See Response Body
[2024-12-10T04:29:52.936Z] Error reading or processing Modbus registers: A Modbus Exception Occurred - See Response Body
[2024-12-10T04:29:52.938Z] Error reading register 6507 for IP 10.30.4.128: A Modbus Exception Occurred - See Response Body
[2024-12-10T04:29:52.939Z] Error reading actual data: A Modbus Exception Occurred - See Response Body
[2024-12-10T04:29:52.940Z] Error writing to Modbus register: A Modbus Exception Occurred - See Response Body
[2024-12-10T04:29:53.950Z] Error reading or processing Modbus registers: A Modbus Exception Occurred - See Response Body
[2024-12-10T04:29:53.952Z] Error reading register 6507 for IP 10.30.4.128: A Modbus Exception Occurred - See Response Body
[2024-12-10T04:29:53.952Z] Error reading actual data: A Modbus Exception Occurred - See Response Body
[2024-12-10T04:29:53.953Z] Error writing to Modbus register: A Modbus Exception Occurred - See Response Body
[2024-12-10T04:29:54.964Z] Error reading or processing Modbus registers: A Modbus Exception Occurred - See Response Body
[2024-12-10T04:29:54.966Z] Error reading register 6507 for IP 10.30.4.128: A Modbus Exception Occurred - See Response Body
[2024-12-10T04:29:54.966Z] Error reading actual data: A Modbus Exception Occurred - See Response Body
[2024-12-10T04:29:54.967Z] Error writing to Modbus register: A Modbus Exception Occurred - See Response Body
[2024-12-10T04:29:55.973Z] Error reading or processing Modbus registers: A Modbus Exception Occurred - See Response Body
[2024-12-10T04:29:55.976Z] Error reading register 6507 for IP 10.30.4.128: A Modbus Exception Occurred - See Response Body
[2024-12-10T04:29:55.977Z] Error reading actual data: A Modbus Exception Occurred - See Response Body
[2024-12-10T04:29:55.977Z] Error writing to Modbus register: A Modbus Exception Occurred - See Response Body
[2024-12-10T04:29:56.988Z] Error reading or processing Modbus registers: A Modbus Exception Occurred - See Response Body
[2024-12-10T04:29:56.990Z] Error reading register 6507 for IP 10.30.4.128: A Modbus Exception Occurred - See Response Body
[2024-12-10T04:29:56.991Z] Error reading actual data: A Modbus Exception Occurred - See Response Body
[2024-12-10T04:29:56.992Z] Error writing to Modbus register: A Modbus Exception Occurred - See Response Body
[2024-12-10T04:29:58.000Z] Error reading or processing Modbus registers: A Modbus Exception Occurred - See Response Body
[2024-12-10T04:29:58.003Z] Error reading register 6507 for IP 10.30.4.128: A Modbus Exception Occurred - See Response Body
[2024-12-10T04:29:58.004Z] Error writing to Modbus register: A Modbus Exception Occurred - See Response Body
[2024-12-10T04:29:58.003Z] Error reading actual data: A Modbus Exception Occurred - See Response Body
[2024-12-10T04:29:59.012Z] Error reading or processing Modbus registers: A Modbus Exception Occurred - See Response Body
[2024-12-10T04:29:59.017Z] Error reading register 6507 for IP 10.30.4.128: A Modbus Exception Occurred - See Response Body
[2024-12-10T04:29:59.018Z] Error reading actual data: A Modbus Exception Occurred - See Response Body
[2024-12-10T04:29:59.018Z] Error writing to Modbus register: A Modbus Exception Occurred - See Response Body
[2024-12-10T04:30:00.026Z] Error reading or processing Modbus registers: A Modbus Exception Occurred - See Response Body
[2024-12-10T04:30:00.028Z] Error reading register 6507 for IP 10.30.4.128: A Modbus Exception Occurred - See Response Body
[2024-12-10T04:30:00.028Z] Error reading actual data: A Modbus Exception Occurred - See Response Body
[2024-12-10T04:30:00.029Z] Error writing to Modbus register: A Modbus Exception Occurred - See Response Body
[2024-12-10T04:30:01.037Z] Error reading or processing Modbus registers: A Modbus Exception Occurred - See Response Body
[2024-12-10T04:30:01.039Z] Error reading register 6507 for IP 10.30.4.128: A Modbus Exception Occurred - See Response Body
[2024-12-10T04:30:01.040Z] Error reading actual data: A Modbus Exception Occurred - See Response Body
[2024-12-10T04:30:01.040Z] Error writing to Modbus register: A Modbus Exception Occurred - See Response Body
[2024-12-10T04:30:02.047Z] Error reading or processing Modbus registers: A Modbus Exception Occurred - See Response Body
[2024-12-10T04:30:02.050Z] Error reading register 6507 for IP 10.30.4.128: A Modbus Exception Occurred - See Response Body
[2024-12-10T04:30:02.050Z] Error reading actual data: A Modbus Exception Occurred - See Response Body
[2024-12-10T04:30:02.051Z] Error writing to Modbus register: A Modbus Exception Occurred - See Response Body
[2024-12-10T04:30:03.059Z] Error reading or processing Modbus registers: A Modbus Exception Occurred - See Response Body
[2024-12-10T04:30:03.061Z] Error reading register 6507 for IP 10.30.4.128: A Modbus Exception Occurred - See Response Body
[2024-12-10T04:30:03.062Z] Error reading actual data: A Modbus Exception Occurred - See Response Body
[2024-12-10T04:30:03.062Z] Error writing to Modbus register: A Modbus Exception Occurred - See Response Body
[2024-12-10T04:30:04.071Z] Error reading or processing Modbus registers: A Modbus Exception Occurred - See Response Body
[2024-12-10T04:30:04.073Z] Error reading register 6507 for IP 10.30.4.128: A Modbus Exception Occurred - See Response Body
[2024-12-10T04:30:04.074Z] Error reading actual data: A Modbus Exception Occurred - See Response Body
[2024-12-10T04:30:04.074Z] Error writing to Modbus register: A Modbus Exception Occurred - See Response Body
[2024-12-10T04:30:05.085Z] Error reading or processing Modbus registers: A Modbus Exception Occurred - See Response Body
[2024-12-10T04:30:05.087Z] Error reading register 6507 for IP 10.30.4.128: A Modbus Exception Occurred - See Response Body
[2024-12-10T04:30:05.087Z] Error reading actual data: A Modbus Exception Occurred - See Response Body
[2024-12-10T04:30:05.088Z] Error writing to Modbus register: A Modbus Exception Occurred - See Response Body
[2024-12-10T04:30:06.098Z] Error reading or processing Modbus registers: A Modbus Exception Occurred - See Response Body
[2024-12-10T04:30:06.100Z] Error reading register 6507 for IP 10.30.4.128: A Modbus Exception Occurred - See Response Body
[2024-12-10T04:30:06.101Z] Error reading actual data: A Modbus Exception Occurred - See Response Body
[2024-12-10T04:30:06.101Z] Error writing to Modbus register: A Modbus Exception Occurred - See Response Body
[2024-12-10T04:30:07.113Z] Error reading or processing Modbus registers: A Modbus Exception Occurred - See Response Body
[2024-12-10T04:30:07.115Z] Error reading register 6507 for IP 10.30.4.128: A Modbus Exception Occurred - See Response Body
[2024-12-10T04:30:07.116Z] Error reading actual data: A Modbus Exception Occurred - See Response Body
[2024-12-10T04:30:07.117Z] Error writing to Modbus register: A Modbus Exception Occurred - See Response Body
[2024-12-10T04:30:08.124Z] Error reading or processing Modbus registers: A Modbus Exception Occurred - See Response Body
[2024-12-10T04:30:08.126Z] Error reading register 6507 for IP 10.30.4.128: A Modbus Exception Occurred - See Response Body
[2024-12-10T04:30:08.127Z] Error reading actual data: A Modbus Exception Occurred - See Response Body
[2024-12-10T04:30:08.127Z] Error writing to Modbus register: A Modbus Exception Occurred - See Response Body
[2024-12-10T04:30:09.133Z] Error reading or processing Modbus registers: A Modbus Exception Occurred - See Response Body
[2024-12-10T04:30:09.136Z] Error reading register 6507 for IP 10.30.4.128: A Modbus Exception Occurred - See Response Body
[2024-12-10T04:30:09.136Z] Error reading actual data: A Modbus Exception Occurred - See Response Body
[2024-12-10T04:30:09.137Z] Error writing to Modbus register: A Modbus Exception Occurred - See Response Body
[2024-12-10T04:30:10.145Z] Error reading or processing Modbus registers: A Modbus Exception Occurred - See Response Body
[2024-12-10T04:30:10.148Z] Error reading register 6507 for IP 10.30.4.128: A Modbus Exception Occurred - See Response Body
[2024-12-10T04:30:10.148Z] Error reading actual data: A Modbus Exception Occurred - See Response Body
[2024-12-10T04:30:10.149Z] Error writing to Modbus register: A Modbus Exception Occurred - See Response Body
[2024-12-10T04:30:11.160Z] Error reading or processing Modbus registers: A Modbus Exception Occurred - See Response Body
[2024-12-10T04:30:11.163Z] Error reading register 6507 for IP 10.30.4.128: A Modbus Exception Occurred - See Response Body
[2024-12-10T04:30:11.164Z] Error reading actual data: A Modbus Exception Occurred - See Response Body
[2024-12-10T04:30:11.164Z] Error writing to Modbus register: A Modbus Exception Occurred - See Response Body
[2024-12-10T04:30:12.170Z] Error reading or processing Modbus registers: A Modbus Exception Occurred - See Response Body
[2024-12-10T04:30:12.172Z] Error reading register 6507 for IP 10.30.4.128: A Modbus Exception Occurred - See Response Body
[2024-12-10T04:30:12.173Z] Error reading actual data: A Modbus Exception Occurred - See Response Body
[2024-12-10T04:30:12.174Z] Error writing to Modbus register: A Modbus Exception Occurred - See Response Body
[2024-12-10T04:30:13.182Z] Error reading or processing Modbus registers: A Modbus Exception Occurred - See Response Body
[2024-12-10T04:30:13.184Z] Error reading register 6507 for IP 10.30.4.128: A Modbus Exception Occurred - See Response Body
[2024-12-10T04:30:13.185Z] Error reading actual data: A Modbus Exception Occurred - See Response Body
[2024-12-10T04:30:13.186Z] Error writing to Modbus register: A Modbus Exception Occurred - See Response Body
[2024-12-10T04:30:14.193Z] Error reading or processing Modbus registers: A Modbus Exception Occurred - See Response Body
[2024-12-10T04:30:14.195Z] Error reading register 6507 for IP 10.30.4.128: A Modbus Exception Occurred - See Response Body
[2024-12-10T04:30:14.196Z] Error reading actual data: A Modbus Exception Occurred - See Response Body
[2024-12-10T04:30:14.197Z] Error writing to Modbus register: A Modbus Exception Occurred - See Response Body
[2024-12-10T04:30:15.206Z] Error reading or processing Modbus registers: A Modbus Exception Occurred - See Response Body
[2024-12-10T04:30:15.208Z] Error reading register 6507 for IP 10.30.4.128: A Modbus Exception Occurred - See Response Body
[2024-12-10T04:30:15.209Z] Error reading actual data: A Modbus Exception Occurred - See Response Body
[2024-12-10T04:30:15.210Z] Error writing to Modbus register: A Modbus Exception Occurred - See Response Body
[2024-12-10T04:30:16.207Z] Error reading or processing Modbus registers: A Modbus Exception Occurred - See Response Body
[2024-12-10T04:30:16.210Z] Error reading register 6507 for IP 10.30.4.128: A Modbus Exception Occurred - See Response Body
[2024-12-10T04:30:16.210Z] Error reading actual data: A Modbus Exception Occurred - See Response Body
[2024-12-10T04:30:16.211Z] Error writing to Modbus register: A Modbus Exception Occurred - See Response Body
[2024-12-10T04:30:17.222Z] Error reading or processing Modbus registers: A Modbus Exception Occurred - See Response Body
[2024-12-10T04:30:17.224Z] Error reading register 6507 for IP 10.30.4.128: A Modbus Exception Occurred - See Response Body
[2024-12-10T04:30:17.224Z] Error reading actual data: A Modbus Exception Occurred - See Response Body
[2024-12-10T04:30:17.225Z] Error writing to Modbus register: A Modbus Exception Occurred - See Response Body
[2024-12-10T04:30:18.236Z] Error reading or processing Modbus registers: A Modbus Exception Occurred - See Response Body
[2024-12-10T04:30:18.238Z] Error reading register 6507 for IP 10.30.4.128: A Modbus Exception Occurred - See Response Body
[2024-12-10T04:30:18.239Z] Error reading actual data: A Modbus Exception Occurred - See Response Body
[2024-12-10T04:30:18.239Z] Error writing to Modbus register: A Modbus Exception Occurred - See Response Body
[2024-12-10T04:30:19.247Z] Error reading or processing Modbus registers: A Modbus Exception Occurred - See Response Body
[2024-12-10T04:30:19.249Z] Error reading register 6507 for IP 10.30.4.128: A Modbus Exception Occurred - See Response Body
[2024-12-10T04:30:19.249Z] Error reading actual data: A Modbus Exception Occurred - See Response Body
[2024-12-10T04:30:19.250Z] Error writing to Modbus register: A Modbus Exception Occurred - See Response Body
[2024-12-10T04:30:20.258Z] Error reading or processing Modbus registers: A Modbus Exception Occurred - See Response Body
[2024-12-10T04:30:20.260Z] Error reading register 6507 for IP 10.30.4.128: A Modbus Exception Occurred - See Response Body
[2024-12-10T04:30:20.261Z] Error reading actual data: A Modbus Exception Occurred - See Response Body
[2024-12-10T04:30:20.261Z] Error writing to Modbus register: A Modbus Exception Occurred - See Response Body
[2024-12-10T04:30:21.272Z] Error reading or processing Modbus registers: A Modbus Exception Occurred - See Response Body
[2024-12-10T04:30:21.274Z] Error reading register 6507 for IP 10.30.4.128: A Modbus Exception Occurred - See Response Body
[2024-12-10T04:30:21.275Z] Error reading actual data: A Modbus Exception Occurred - See Response Body
[2024-12-10T04:30:21.275Z] Error writing to Modbus register: A Modbus Exception Occurred - See Response Body
[2024-12-10T04:30:22.286Z] Error reading or processing Modbus registers: A Modbus Exception Occurred - See Response Body
[2024-12-10T04:30:22.287Z] Error reading register 6507 for IP 10.30.4.128: A Modbus Exception Occurred - See Response Body
[2024-12-10T04:30:22.288Z] Error reading actual data: A Modbus Exception Occurred - See Response Body
[2024-12-10T04:30:22.288Z] Error writing to Modbus register: A Modbus Exception Occurred - See Response Body
[2024-12-10T04:30:23.299Z] Error reading or processing Modbus registers: A Modbus Exception Occurred - See Response Body
[2024-12-10T04:30:23.301Z] Error reading register 6507 for IP 10.30.4.128: A Modbus Exception Occurred - See Response Body
[2024-12-10T04:30:23.302Z] Error reading actual data: A Modbus Exception Occurred - See Response Body
[2024-12-10T04:30:23.303Z] Error writing to Modbus register: A Modbus Exception Occurred - See Response Body
[2024-12-10T04:30:24.312Z] Error reading or processing Modbus registers: A Modbus Exception Occurred - See Response Body
[2024-12-10T04:30:24.315Z] Error reading register 6507 for IP 10.30.4.128: A Modbus Exception Occurred - See Response Body
[2024-12-10T04:30:24.315Z] Error reading actual data: A Modbus Exception Occurred - See Response Body
[2024-12-10T04:30:24.316Z] Error writing to Modbus register: A Modbus Exception Occurred - See Response Body
[2024-12-10T04:30:25.323Z] Error reading or processing Modbus registers: A Modbus Exception Occurred - See Response Body
[2024-12-10T04:30:25.325Z] Error reading register 6507 for IP 10.30.4.128: A Modbus Exception Occurred - See Response Body
[2024-12-10T04:30:25.326Z] Error reading actual data: A Modbus Exception Occurred - See Response Body
[2024-12-10T04:30:25.327Z] Error writing to Modbus register: A Modbus Exception Occurred - See Response Body
[2024-12-10T04:30:26.337Z] Error reading or processing Modbus registers: A Modbus Exception Occurred - See Response Body
[2024-12-10T04:30:26.340Z] Error reading register 6507 for IP 10.30.4.128: A Modbus Exception Occurred - See Response Body
[2024-12-10T04:30:26.340Z] Error reading actual data: A Modbus Exception Occurred - See Response Body
[2024-12-10T04:30:26.341Z] Error writing to Modbus register: A Modbus Exception Occurred - See Response Body
[2024-12-10T04:30:27.350Z] Error reading or processing Modbus registers: A Modbus Exception Occurred - See Response Body
[2024-12-10T04:30:27.352Z] Error reading register 6507 for IP 10.30.4.128: A Modbus Exception Occurred - See Response Body
[2024-12-10T04:30:27.352Z] Error reading actual data: A Modbus Exception Occurred - See Response Body
[2024-12-10T04:30:27.353Z] Error writing to Modbus register: A Modbus Exception Occurred - See Response Body
[2024-12-10T04:30:28.363Z] Error reading or processing Modbus registers: A Modbus Exception Occurred - See Response Body
[2024-12-10T04:30:28.366Z] Error reading register 6507 for IP 10.30.4.128: A Modbus Exception Occurred - See Response Body
[2024-12-10T04:30:28.366Z] Error reading actual data: A Modbus Exception Occurred - See Response Body
[2024-12-10T04:30:28.367Z] Error writing to Modbus register: A Modbus Exception Occurred - See Response Body
[2024-12-10T04:30:29.375Z] Error reading or processing Modbus registers: A Modbus Exception Occurred - See Response Body
[2024-12-10T04:30:29.377Z] Error reading register 6507 for IP 10.30.4.128: A Modbus Exception Occurred - See Response Body
[2024-12-10T04:30:29.378Z] Error reading actual data: A Modbus Exception Occurred - See Response Body
[2024-12-10T04:30:29.378Z] Error writing to Modbus register: A Modbus Exception Occurred - See Response Body
[2024-12-10T04:30:30.390Z] Error reading or processing Modbus registers: A Modbus Exception Occurred - See Response Body
[2024-12-10T04:30:30.392Z] Error reading register 6507 for IP 10.30.4.128: A Modbus Exception Occurred - See Response Body
[2024-12-10T04:30:30.393Z] Error reading actual data: A Modbus Exception Occurred - See Response Body
[2024-12-10T04:30:30.394Z] Error writing to Modbus register: A Modbus Exception Occurred - See Response Body
[2024-12-10T04:30:31.406Z] Error reading or processing Modbus registers: A Modbus Exception Occurred - See Response Body
[2024-12-10T04:30:31.408Z] Error reading register 6507 for IP 10.30.4.128: A Modbus Exception Occurred - See Response Body
[2024-12-10T04:30:31.409Z] Error reading actual data: A Modbus Exception Occurred - See Response Body
[2024-12-10T04:30:31.409Z] Error writing to Modbus register: A Modbus Exception Occurred - See Response Body
[2024-12-10T04:30:32.416Z] Error reading or processing Modbus registers: A Modbus Exception Occurred - See Response Body
[2024-12-10T04:30:32.418Z] Error reading register 6507 for IP 10.30.4.128: A Modbus Exception Occurred - See Response Body
[2024-12-10T04:30:32.418Z] Error reading actual data: A Modbus Exception Occurred - See Response Body
[2024-12-10T04:30:32.419Z] Error writing to Modbus register: A Modbus Exception Occurred - See Response Body
[2024-12-10T04:30:33.427Z] Error reading or processing Modbus registers: A Modbus Exception Occurred - See Response Body
[2024-12-10T04:30:33.429Z] Error reading register 6507 for IP 10.30.4.128: A Modbus Exception Occurred - See Response Body
[2024-12-10T04:30:33.429Z] Error reading actual data: A Modbus Exception Occurred - See Response Body
[2024-12-10T04:30:33.430Z] Error writing to Modbus register: A Modbus Exception Occurred - See Response Body
[2024-12-10T04:30:34.435Z] Error reading or processing Modbus registers: A Modbus Exception Occurred - See Response Body
[2024-12-10T04:30:34.437Z] Error reading register 6507 for IP 10.30.4.128: A Modbus Exception Occurred - See Response Body
[2024-12-10T04:30:34.438Z] Error reading actual data: A Modbus Exception Occurred - See Response Body
[2024-12-10T04:30:34.438Z] Error writing to Modbus register: A Modbus Exception Occurred - See Response Body
[2024-12-10T04:30:35.446Z] Error reading or processing Modbus registers: A Modbus Exception Occurred - See Response Body
[2024-12-10T04:30:35.448Z] Error reading register 6507 for IP 10.30.4.128: A Modbus Exception Occurred - See Response Body
[2024-12-10T04:30:35.449Z] Error reading actual data: A Modbus Exception Occurred - See Response Body
[2024-12-10T04:30:35.449Z] Error writing to Modbus register: A Modbus Exception Occurred - See Response Body
[2024-12-10T04:30:36.446Z] Error reading or processing Modbus registers: A Modbus Exception Occurred - See Response Body
[2024-12-10T04:30:36.448Z] Error reading register 6507 for IP 10.30.4.128: A Modbus Exception Occurred - See Response Body
[2024-12-10T04:30:36.449Z] Error reading actual data: A Modbus Exception Occurred - See Response Body
[2024-12-10T04:30:36.449Z] Error writing to Modbus register: A Modbus Exception Occurred - See Response Body
[2024-12-10T04:30:37.457Z] Error reading or processing Modbus registers: A Modbus Exception Occurred - See Response Body
[2024-12-10T04:30:37.459Z] Error reading register 6507 for IP 10.30.4.128: A Modbus Exception Occurred - See Response Body
[2024-12-10T04:30:37.460Z] Error reading actual data: A Modbus Exception Occurred - See Response Body
[2024-12-10T04:30:37.460Z] Error writing to Modbus register: A Modbus Exception Occurred - See Response Body
[2024-12-10T04:30:38.469Z] Error reading or processing Modbus registers: A Modbus Exception Occurred - See Response Body
[2024-12-10T04:30:38.472Z] Error reading register 6507 for IP 10.30.4.128: A Modbus Exception Occurred - See Response Body
[2024-12-10T04:30:38.472Z] Error reading actual data: A Modbus Exception Occurred - See Response Body
[2024-12-10T04:30:38.473Z] Error writing to Modbus register: A Modbus Exception Occurred - See Response Body
[2024-12-10T04:30:39.470Z] Error reading or processing Modbus registers: A Modbus Exception Occurred - See Response Body
[2024-12-10T04:30:39.472Z] Error reading register 6507 for IP 10.30.4.128: A Modbus Exception Occurred - See Response Body
[2024-12-10T04:30:39.473Z] Error reading actual data: A Modbus Exception Occurred - See Response Body
[2024-12-10T04:30:39.473Z] Error writing to Modbus register: A Modbus Exception Occurred - See Response Body
[2024-12-10T04:30:40.485Z] Error reading or processing Modbus registers: A Modbus Exception Occurred - See Response Body
[2024-12-10T04:30:40.487Z] Error reading register 6507 for IP 10.30.4.128: A Modbus Exception Occurred - See Response Body
[2024-12-10T04:30:40.487Z] Error reading actual data: A Modbus Exception Occurred - See Response Body
[2024-12-10T04:30:40.488Z] Error writing to Modbus register: A Modbus Exception Occurred - See Response Body
[2024-12-10T04:30:41.499Z] Error reading or processing Modbus registers: A Modbus Exception Occurred - See Response Body
[2024-12-10T04:30:41.501Z] Error reading register 6507 for IP 10.30.4.128: A Modbus Exception Occurred - See Response Body
[2024-12-10T04:30:41.501Z] Error reading actual data: A Modbus Exception Occurred - See Response Body
[2024-12-10T04:30:41.502Z] Error writing to Modbus register: A Modbus Exception Occurred - See Response Body
[2024-12-10T04:30:42.514Z] Error reading or processing Modbus registers: A Modbus Exception Occurred - See Response Body
[2024-12-10T04:30:42.516Z] Error reading register 6507 for IP 10.30.4.128: A Modbus Exception Occurred - See Response Body
[2024-12-10T04:30:42.516Z] Error reading actual data: A Modbus Exception Occurred - See Response Body
[2024-12-10T04:30:42.517Z] Error writing to Modbus register: A Modbus Exception Occurred - See Response Body
[2024-12-10T04:30:43.526Z] Error reading or processing Modbus registers: A Modbus Exception Occurred - See Response Body
[2024-12-10T04:30:43.528Z] Error reading register 6507 for IP 10.30.4.128: A Modbus Exception Occurred - See Response Body
[2024-12-10T04:30:43.529Z] Error reading actual data: A Modbus Exception Occurred - See Response Body
[2024-12-10T04:30:43.530Z] Error writing to Modbus register: A Modbus Exception Occurred - See Response Body
[2024-12-10T04:30:44.537Z] Error reading or processing Modbus registers: A Modbus Exception Occurred - See Response Body
[2024-12-10T04:30:44.539Z] Error reading register 6507 for IP 10.30.4.128: A Modbus Exception Occurred - See Response Body
[2024-12-10T04:30:44.540Z] Error reading actual data: A Modbus Exception Occurred - See Response Body
[2024-12-10T04:30:44.540Z] Error writing to Modbus register: A Modbus Exception Occurred - See Response Body
[2024-12-10T04:30:45.549Z] Error reading or processing Modbus registers: A Modbus Exception Occurred - See Response Body
[2024-12-10T04:30:45.551Z] Error reading register 6507 for IP 10.30.4.128: A Modbus Exception Occurred - See Response Body
[2024-12-10T04:30:45.552Z] Error reading actual data: A Modbus Exception Occurred - See Response Body
[2024-12-10T04:30:45.553Z] Error writing to Modbus register: A Modbus Exception Occurred - See Response Body
[2024-12-10T04:30:46.561Z] Error reading or processing Modbus registers: A Modbus Exception Occurred - See Response Body
[2024-12-10T04:30:46.564Z] Error reading register 6507 for IP 10.30.4.128: A Modbus Exception Occurred - See Response Body
[2024-12-10T04:30:46.564Z] Error reading actual data: A Modbus Exception Occurred - See Response Body
[2024-12-10T04:30:46.565Z] Error writing to Modbus register: A Modbus Exception Occurred - See Response Body
[2024-12-10T04:30:47.576Z] Error reading or processing Modbus registers: A Modbus Exception Occurred - See Response Body
[2024-12-10T04:30:47.578Z] Error reading register 6507 for IP 10.30.4.128: A Modbus Exception Occurred - See Response Body
[2024-12-10T04:30:47.579Z] Error reading actual data: A Modbus Exception Occurred - See Response Body
[2024-12-10T04:30:47.580Z] Error writing to Modbus register: A Modbus Exception Occurred - See Response Body
[2024-12-10T04:30:48.590Z] Error reading or processing Modbus registers: A Modbus Exception Occurred - See Response Body
[2024-12-10T04:30:48.593Z] Error reading register 6507 for IP 10.30.4.128: A Modbus Exception Occurred - See Response Body
[2024-12-10T04:30:48.594Z] Error reading actual data: A Modbus Exception Occurred - See Response Body
[2024-12-10T04:30:48.594Z] Error writing to Modbus register: A Modbus Exception Occurred - See Response Body
[2024-12-10T04:30:49.601Z] Error reading or processing Modbus registers: A Modbus Exception Occurred - See Response Body
[2024-12-10T04:30:49.604Z] Error reading register 6507 for IP 10.30.4.128: A Modbus Exception Occurred - See Response Body
[2024-12-10T04:30:49.604Z] Error reading actual data: A Modbus Exception Occurred - See Response Body
[2024-12-10T04:30:49.605Z] Error writing to Modbus register: A Modbus Exception Occurred - See Response Body
[2024-12-10T04:30:50.601Z] Error reading or processing Modbus registers: A Modbus Exception Occurred - See Response Body
[2024-12-10T04:30:50.605Z] Error reading register 6507 for IP 10.30.4.128: A Modbus Exception Occurred - See Response Body
[2024-12-10T04:30:50.606Z] Error reading actual data: A Modbus Exception Occurred - See Response Body
[2024-12-10T04:30:50.607Z] Error writing to Modbus register: A Modbus Exception Occurred - See Response Body
[2024-12-10T04:30:51.614Z] Error reading or processing Modbus registers: A Modbus Exception Occurred - See Response Body
[2024-12-10T04:30:51.617Z] Error reading register 6507 for IP 10.30.4.128: A Modbus Exception Occurred - See Response Body
[2024-12-10T04:30:51.617Z] Error reading actual data: A Modbus Exception Occurred - See Response Body
[2024-12-10T04:30:51.618Z] Error writing to Modbus register: A Modbus Exception Occurred - See Response Body
[2024-12-10T04:30:52.623Z] Error reading or processing Modbus registers: A Modbus Exception Occurred - See Response Body
[2024-12-10T04:30:52.625Z] Error reading register 6507 for IP 10.30.4.128: A Modbus Exception Occurred - See Response Body
[2024-12-10T04:30:52.625Z] Error reading actual data: A Modbus Exception Occurred - See Response Body
[2024-12-10T04:30:52.626Z] Error writing to Modbus register: A Modbus Exception Occurred - See Response Body
[2024-12-10T04:30:53.635Z] Error reading or processing Modbus registers: A Modbus Exception Occurred - See Response Body
[2024-12-10T04:30:53.637Z] Error reading register 6507 for IP 10.30.4.128: A Modbus Exception Occurred - See Response Body
[2024-12-10T04:30:53.638Z] Error reading actual data: A Modbus Exception Occurred - See Response Body
[2024-12-10T04:30:53.638Z] Error writing to Modbus register: A Modbus Exception Occurred - See Response Body
[2024-12-10T04:30:54.647Z] Error reading or processing Modbus registers: A Modbus Exception Occurred - See Response Body
[2024-12-10T04:30:54.649Z] Error reading register 6507 for IP 10.30.4.128: A Modbus Exception Occurred - See Response Body
[2024-12-10T04:30:54.650Z] Error reading actual data: A Modbus Exception Occurred - See Response Body
[2024-12-10T04:30:54.650Z] Error writing to Modbus register: A Modbus Exception Occurred - See Response Body
[2024-12-10T04:30:55.656Z] Error reading or processing Modbus registers: A Modbus Exception Occurred - See Response Body
[2024-12-10T04:30:55.659Z] Error reading register 6507 for IP 10.30.4.128: A Modbus Exception Occurred - See Response Body
[2024-12-10T04:30:55.659Z] Error reading actual data: A Modbus Exception Occurred - See Response Body
[2024-12-10T04:30:55.660Z] Error writing to Modbus register: A Modbus Exception Occurred - See Response Body
[2024-12-10T04:30:56.671Z] Error reading or processing Modbus registers: A Modbus Exception Occurred - See Response Body
[2024-12-10T04:30:56.674Z] Error reading register 6507 for IP 10.30.4.128: A Modbus Exception Occurred - See Response Body
[2024-12-10T04:30:56.674Z] Error reading actual data: A Modbus Exception Occurred - See Response Body
[2024-12-10T04:30:56.675Z] Error writing to Modbus register: A Modbus Exception Occurred - See Response Body
[2024-12-10T04:30:57.683Z] Error reading or processing Modbus registers: A Modbus Exception Occurred - See Response Body
[2024-12-10T04:30:57.685Z] Error reading register 6507 for IP 10.30.4.128: A Modbus Exception Occurred - See Response Body
[2024-12-10T04:30:57.686Z] Error reading actual data: A Modbus Exception Occurred - See Response Body
[2024-12-10T04:30:57.687Z] Error writing to Modbus register: A Modbus Exception Occurred - See Response Body
[2024-12-10T04:30:58.696Z] Error reading or processing Modbus registers: A Modbus Exception Occurred - See Response Body
[2024-12-10T04:30:58.699Z] Error reading register 6507 for IP 10.30.4.128: A Modbus Exception Occurred - See Response Body
[2024-12-10T04:30:58.700Z] Error reading actual data: A Modbus Exception Occurred - See Response Body
[2024-12-10T04:30:58.700Z] Error writing to Modbus register: A Modbus Exception Occurred - See Response Body
[2024-12-10T04:30:59.709Z] Error reading or processing Modbus registers: A Modbus Exception Occurred - See Response Body
[2024-12-10T04:30:59.711Z] Error reading register 6507 for IP 10.30.4.128: A Modbus Exception Occurred - See Response Body
[2024-12-10T04:30:59.712Z] Error reading actual data: A Modbus Exception Occurred - See Response Body
[2024-12-10T04:30:59.712Z] Error writing to Modbus register: A Modbus Exception Occurred - See Response Body
[2024-12-10T04:31:00.720Z] Error reading or processing Modbus registers: A Modbus Exception Occurred - See Response Body
[2024-12-10T04:31:00.722Z] Error reading register 6507 for IP 10.30.4.128: A Modbus Exception Occurred - See Response Body
[2024-12-10T04:31:00.723Z] Error reading actual data: A Modbus Exception Occurred - See Response Body
[2024-12-10T04:31:00.724Z] Error writing to Modbus register: A Modbus Exception Occurred - See Response Body
[2024-12-10T04:31:01.733Z] Error reading or processing Modbus registers: A Modbus Exception Occurred - See Response Body
[2024-12-10T04:31:01.736Z] Error reading register 6507 for IP 10.30.4.128: A Modbus Exception Occurred - See Response Body
[2024-12-10T04:31:01.736Z] Error reading actual data: A Modbus Exception Occurred - See Response Body
[2024-12-10T04:31:01.737Z] Error writing to Modbus register: A Modbus Exception Occurred - See Response Body
[2024-12-10T04:31:02.745Z] Error reading or processing Modbus registers: A Modbus Exception Occurred - See Response Body
[2024-12-10T04:31:02.747Z] Error reading register 6507 for IP 10.30.4.128: A Modbus Exception Occurred - See Response Body
[2024-12-10T04:31:02.748Z] Error reading actual data: A Modbus Exception Occurred - See Response Body
[2024-12-10T04:31:02.748Z] Error writing to Modbus register: A Modbus Exception Occurred - See Response Body
[2024-12-10T04:31:03.760Z] Error reading or processing Modbus registers: A Modbus Exception Occurred - See Response Body
[2024-12-10T04:31:03.762Z] Error reading register 6507 for IP 10.30.4.128: A Modbus Exception Occurred - See Response Body
[2024-12-10T04:31:03.763Z] Error reading actual data: A Modbus Exception Occurred - See Response Body
[2024-12-10T04:31:03.763Z] Error writing to Modbus register: A Modbus Exception Occurred - See Response Body
[2024-12-10T04:31:04.774Z] Error reading or processing Modbus registers: A Modbus Exception Occurred - See Response Body
[2024-12-10T04:31:04.777Z] Error reading register 6507 for IP 10.30.4.128: A Modbus Exception Occurred - See Response Body
[2024-12-10T04:31:04.778Z] Error reading actual data: A Modbus Exception Occurred - See Response Body
[2024-12-10T04:31:04.778Z] Error writing to Modbus register: A Modbus Exception Occurred - See Response Body
[2024-12-10T04:31:05.783Z] Error reading or processing Modbus registers: A Modbus Exception Occurred - See Response Body
[2024-12-10T04:31:05.785Z] Error reading register 6507 for IP 10.30.4.128: A Modbus Exception Occurred - See Response Body
[2024-12-10T04:31:05.786Z] Error reading actual data: A Modbus Exception Occurred - See Response Body
[2024-12-10T04:31:05.787Z] Error writing to Modbus register: A Modbus Exception Occurred - See Response Body
[2024-12-10T04:31:06.794Z] Error reading or processing Modbus registers: A Modbus Exception Occurred - See Response Body
[2024-12-10T04:31:06.796Z] Error reading register 6507 for IP 10.30.4.128: A Modbus Exception Occurred - See Response Body
[2024-12-10T04:31:06.797Z] Error reading actual data: A Modbus Exception Occurred - See Response Body
[2024-12-10T04:31:06.797Z] Error writing to Modbus register: A Modbus Exception Occurred - See Response Body
[2024-12-10T04:31:07.808Z] Error reading or processing Modbus registers: A Modbus Exception Occurred - See Response Body
[2024-12-10T04:31:07.810Z] Error reading register 6507 for IP 10.30.4.128: A Modbus Exception Occurred - See Response Body
[2024-12-10T04:31:07.811Z] Error reading actual data: A Modbus Exception Occurred - See Response Body
[2024-12-10T04:31:07.811Z] Error writing to Modbus register: A Modbus Exception Occurred - See Response Body
[2024-12-10T04:31:08.812Z] Error reading or processing Modbus registers: A Modbus Exception Occurred - See Response Body
[2024-12-10T04:31:08.814Z] Error reading register 6507 for IP 10.30.4.128: A Modbus Exception Occurred - See Response Body
[2024-12-10T04:31:08.814Z] Error reading actual data: A Modbus Exception Occurred - See Response Body
[2024-12-10T04:31:08.815Z] Error writing to Modbus register: A Modbus Exception Occurred - See Response Body
[2024-12-10T04:31:09.821Z] Error reading or processing Modbus registers: A Modbus Exception Occurred - See Response Body
[2024-12-10T04:31:09.823Z] Error reading register 6507 for IP 10.30.4.128: A Modbus Exception Occurred - See Response Body
[2024-12-10T04:31:09.823Z] Error reading actual data: A Modbus Exception Occurred - See Response Body
[2024-12-10T04:31:09.824Z] Error writing to Modbus register: A Modbus Exception Occurred - See Response Body
[2024-12-10T04:31:10.830Z] Error reading or processing Modbus registers: A Modbus Exception Occurred - See Response Body
[2024-12-10T04:31:10.833Z] Error reading register 6507 for IP 10.30.4.128: A Modbus Exception Occurred - See Response Body
[2024-12-10T04:31:10.834Z] Error reading actual data: A Modbus Exception Occurred - See Response Body
[2024-12-10T04:31:10.834Z] Error writing to Modbus register: A Modbus Exception Occurred - See Response Body
[2024-12-10T04:31:11.844Z] Error reading or processing Modbus registers: A Modbus Exception Occurred - See Response Body
[2024-12-10T04:31:11.847Z] Error reading register 6507 for IP 10.30.4.128: A Modbus Exception Occurred - See Response Body
[2024-12-10T04:31:11.847Z] Error reading actual data: A Modbus Exception Occurred - See Response Body
[2024-12-10T04:31:11.848Z] Error writing to Modbus register: A Modbus Exception Occurred - See Response Body
[2024-12-10T04:31:12.853Z] Error reading or processing Modbus registers: A Modbus Exception Occurred - See Response Body
[2024-12-10T04:31:12.855Z] Error reading register 6507 for IP 10.30.4.128: A Modbus Exception Occurred - See Response Body
[2024-12-10T04:31:12.856Z] Error reading actual data: A Modbus Exception Occurred - See Response Body
[2024-12-10T04:31:12.857Z] Error writing to Modbus register: A Modbus Exception Occurred - See Response Body
[2024-12-10T04:31:13.867Z] Error reading or processing Modbus registers: A Modbus Exception Occurred - See Response Body
[2024-12-10T04:31:13.869Z] Error reading register 6507 for IP 10.30.4.128: A Modbus Exception Occurred - See Response Body
[2024-12-10T04:31:13.869Z] Error reading actual data: A Modbus Exception Occurred - See Response Body
[2024-12-10T04:31:13.870Z] Error writing to Modbus register: A Modbus Exception Occurred - See Response Body
[2024-12-10T04:31:14.868Z] Error reading or processing Modbus registers: A Modbus Exception Occurred - See Response Body
[2024-12-10T04:31:14.870Z] Error reading register 6507 for IP 10.30.4.128: A Modbus Exception Occurred - See Response Body
[2024-12-10T04:31:14.871Z] Error reading actual data: A Modbus Exception Occurred - See Response Body
[2024-12-10T04:31:14.872Z] Error writing to Modbus register: A Modbus Exception Occurred - See Response Body
[2024-12-10T04:31:15.882Z] Error reading or processing Modbus registers: A Modbus Exception Occurred - See Response Body
[2024-12-10T04:31:15.886Z] Error reading register 6507 for IP 10.30.4.128: A Modbus Exception Occurred - See Response Body
[2024-12-10T04:31:15.886Z] Error reading actual data: A Modbus Exception Occurred - See Response Body
[2024-12-10T04:31:15.887Z] Error writing to Modbus register: A Modbus Exception Occurred - See Response Body
[2024-12-10T04:31:16.885Z] Error reading or processing Modbus registers: A Modbus Exception Occurred - See Response Body
[2024-12-10T04:31:16.886Z] Error reading register 6507 for IP 10.30.4.128: A Modbus Exception Occurred - See Response Body
[2024-12-10T04:31:16.887Z] Error reading actual data: A Modbus Exception Occurred - See Response Body
[2024-12-10T04:31:16.887Z] Error writing to Modbus register: A Modbus Exception Occurred - See Response Body
[2024-12-10T04:31:17.898Z] Error reading or processing Modbus registers: A Modbus Exception Occurred - See Response Body
[2024-12-10T04:31:17.900Z] Error reading register 6507 for IP 10.30.4.128: A Modbus Exception Occurred - See Response Body
[2024-12-10T04:31:17.901Z] Error reading actual data: A Modbus Exception Occurred - See Response Body
[2024-12-10T04:31:17.901Z] Error writing to Modbus register: A Modbus Exception Occurred - See Response Body
[2024-12-10T04:31:18.911Z] Error reading or processing Modbus registers: A Modbus Exception Occurred - See Response Body
[2024-12-10T04:31:18.913Z] Error reading register 6507 for IP 10.30.4.128: A Modbus Exception Occurred - See Response Body
[2024-12-10T04:31:18.914Z] Error reading actual data: A Modbus Exception Occurred - See Response Body
[2024-12-10T04:31:18.914Z] Error writing to Modbus register: A Modbus Exception Occurred - See Response Body
[2024-12-10T04:31:19.925Z] Error reading or processing Modbus registers: A Modbus Exception Occurred - See Response Body
[2024-12-10T04:31:19.928Z] Error reading register 6507 for IP 10.30.4.128: A Modbus Exception Occurred - See Response Body
[2024-12-10T04:31:19.928Z] Error reading actual data: A Modbus Exception Occurred - See Response Body
[2024-12-10T04:31:19.929Z] Error writing to Modbus register: A Modbus Exception Occurred - See Response Body
[2024-12-10T04:31:20.939Z] Error reading or processing Modbus registers: A Modbus Exception Occurred - See Response Body
[2024-12-10T04:31:20.941Z] Error reading register 6507 for IP 10.30.4.128: A Modbus Exception Occurred - See Response Body
[2024-12-10T04:31:20.942Z] Error reading actual data: A Modbus Exception Occurred - See Response Body
[2024-12-10T04:31:20.942Z] Error writing to Modbus register: A Modbus Exception Occurred - See Response Body
[2024-12-10T04:31:21.954Z] Error reading or processing Modbus registers: A Modbus Exception Occurred - See Response Body
[2024-12-10T04:31:21.956Z] Error reading register 6507 for IP 10.30.4.128: A Modbus Exception Occurred - See Response Body
[2024-12-10T04:31:21.956Z] Error reading actual data: A Modbus Exception Occurred - See Response Body
[2024-12-10T04:31:21.957Z] Error writing to Modbus register: A Modbus Exception Occurred - See Response Body
[2024-12-10T04:31:22.967Z] Error reading or processing Modbus registers: A Modbus Exception Occurred - See Response Body
[2024-12-10T04:31:22.969Z] Error reading register 6507 for IP 10.30.4.128: A Modbus Exception Occurred - See Response Body
[2024-12-10T04:31:22.970Z] Error reading actual data: A Modbus Exception Occurred - See Response Body
[2024-12-10T04:31:22.970Z] Error writing to Modbus register: A Modbus Exception Occurred - See Response Body
[2024-12-10T04:31:23.979Z] Error reading or processing Modbus registers: A Modbus Exception Occurred - See Response Body
[2024-12-10T04:31:23.982Z] Error reading register 6507 for IP 10.30.4.128: A Modbus Exception Occurred - See Response Body
[2024-12-10T04:31:23.982Z] Error reading actual data: A Modbus Exception Occurred - See Response Body
[2024-12-10T04:31:23.983Z] Error writing to Modbus register: A Modbus Exception Occurred - See Response Body
[2024-12-10T04:31:24.980Z] Error reading or processing Modbus registers: A Modbus Exception Occurred - See Response Body
[2024-12-10T04:31:24.983Z] Error reading register 6507 for IP 10.30.4.128: A Modbus Exception Occurred - See Response Body
[2024-12-10T04:31:24.983Z] Error reading actual data: A Modbus Exception Occurred - See Response Body
[2024-12-10T04:31:24.984Z] Error writing to Modbus register: A Modbus Exception Occurred - See Response Body
[2024-12-10T04:31:25.993Z] Error reading or processing Modbus registers: A Modbus Exception Occurred - See Response Body
[2024-12-10T04:31:25.995Z] Error reading register 6507 for IP 10.30.4.128: A Modbus Exception Occurred - See Response Body
[2024-12-10T04:31:25.996Z] Error reading actual data: A Modbus Exception Occurred - See Response Body
[2024-12-10T04:31:25.996Z] Error writing to Modbus register: A Modbus Exception Occurred - See Response Body
[2024-12-10T04:31:27.006Z] Error reading or processing Modbus registers: A Modbus Exception Occurred - See Response Body
[2024-12-10T04:31:27.008Z] Error reading register 6507 for IP 10.30.4.128: A Modbus Exception Occurred - See Response Body
[2024-12-10T04:31:27.009Z] Error reading actual data: A Modbus Exception Occurred - See Response Body
[2024-12-10T04:31:27.010Z] Error writing to Modbus register: A Modbus Exception Occurred - See Response Body
[2024-12-10T04:31:28.008Z] Error reading or processing Modbus registers: A Modbus Exception Occurred - See Response Body
[2024-12-10T04:31:28.011Z] Error reading register 6507 for IP 10.30.4.128: A Modbus Exception Occurred - See Response Body
[2024-12-10T04:31:28.012Z] Error reading actual data: A Modbus Exception Occurred - See Response Body
[2024-12-10T04:31:28.012Z] Error writing to Modbus register: A Modbus Exception Occurred - See Response Body
[2024-12-10T04:31:29.022Z] Error reading or processing Modbus registers: A Modbus Exception Occurred - See Response Body
[2024-12-10T04:31:29.024Z] Error reading register 6507 for IP 10.30.4.128: A Modbus Exception Occurred - See Response Body
[2024-12-10T04:31:29.025Z] Error reading actual data: A Modbus Exception Occurred - See Response Body
[2024-12-10T04:31:29.025Z] Error writing to Modbus register: A Modbus Exception Occurred - See Response Body
[2024-12-10T04:31:30.036Z] Error reading or processing Modbus registers: A Modbus Exception Occurred - See Response Body
[2024-12-10T04:31:30.038Z] Error reading register 6507 for IP 10.30.4.128: A Modbus Exception Occurred - See Response Body
[2024-12-10T04:31:30.039Z] Error reading actual data: A Modbus Exception Occurred - See Response Body
[2024-12-10T04:31:30.040Z] Error writing to Modbus register: A Modbus Exception Occurred - See Response Body
[2024-12-10T04:31:31.051Z] Error reading or processing Modbus registers: A Modbus Exception Occurred - See Response Body
[2024-12-10T04:31:31.053Z] Error reading register 6507 for IP 10.30.4.128: A Modbus Exception Occurred - See Response Body
[2024-12-10T04:31:31.054Z] Error reading actual data: A Modbus Exception Occurred - See Response Body
[2024-12-10T04:31:31.054Z] Error writing to Modbus register: A Modbus Exception Occurred - See Response Body
[2024-12-10T04:31:32.062Z] Error reading or processing Modbus registers: A Modbus Exception Occurred - See Response Body
[2024-12-10T04:31:32.064Z] Error reading register 6507 for IP 10.30.4.128: A Modbus Exception Occurred - See Response Body
[2024-12-10T04:31:32.065Z] Error reading actual data: A Modbus Exception Occurred - See Response Body
[2024-12-10T04:31:32.065Z] Error writing to Modbus register: A Modbus Exception Occurred - See Response Body
[2024-12-10T04:31:33.063Z] Error reading or processing Modbus registers: A Modbus Exception Occurred - See Response Body
[2024-12-10T04:31:33.066Z] Error reading register 6507 for IP 10.30.4.128: A Modbus Exception Occurred - See Response Body
[2024-12-10T04:31:33.066Z] Error reading actual data: A Modbus Exception Occurred - See Response Body
[2024-12-10T04:31:33.067Z] Error writing to Modbus register: A Modbus Exception Occurred - See Response Body
[2024-12-10T04:31:34.079Z] Error reading or processing Modbus registers: A Modbus Exception Occurred - See Response Body
[2024-12-10T04:31:34.081Z] Error reading register 6507 for IP 10.30.4.128: A Modbus Exception Occurred - See Response Body
[2024-12-10T04:31:34.081Z] Error reading actual data: A Modbus Exception Occurred - See Response Body
[2024-12-10T04:31:34.082Z] Error writing to Modbus register: A Modbus Exception Occurred - See Response Body
[2024-12-10T04:31:35.093Z] Error reading or processing Modbus registers: A Modbus Exception Occurred - See Response Body
[2024-12-10T04:31:35.095Z] Error reading register 6507 for IP 10.30.4.128: A Modbus Exception Occurred - See Response Body
[2024-12-10T04:31:35.096Z] Error reading actual data: A Modbus Exception Occurred - See Response Body
[2024-12-10T04:31:35.096Z] Error writing to Modbus register: A Modbus Exception Occurred - See Response Body
[2024-12-10T04:31:36.108Z] Error reading or processing Modbus registers: A Modbus Exception Occurred - See Response Body
[2024-12-10T04:31:36.110Z] Error reading register 6507 for IP 10.30.4.128: A Modbus Exception Occurred - See Response Body
[2024-12-10T04:31:36.111Z] Error reading actual data: A Modbus Exception Occurred - See Response Body
[2024-12-10T04:31:36.112Z] Error writing to Modbus register: A Modbus Exception Occurred - See Response Body
[2024-12-10T04:31:37.120Z] Error reading or processing Modbus registers: A Modbus Exception Occurred - See Response Body
[2024-12-10T04:31:37.123Z] Error reading register 6507 for IP 10.30.4.128: A Modbus Exception Occurred - See Response Body
[2024-12-10T04:31:37.123Z] Error reading actual data: A Modbus Exception Occurred - See Response Body
[2024-12-10T04:31:37.124Z] Error writing to Modbus register: A Modbus Exception Occurred - See Response Body
[2024-12-10T04:31:38.135Z] Error reading or processing Modbus registers: A Modbus Exception Occurred - See Response Body
[2024-12-10T04:31:38.137Z] Error reading register 6507 for IP 10.30.4.128: A Modbus Exception Occurred - See Response Body
[2024-12-10T04:31:38.138Z] Error reading actual data: A Modbus Exception Occurred - See Response Body
[2024-12-10T04:31:38.139Z] Error writing to Modbus register: A Modbus Exception Occurred - See Response Body
[2024-12-10T04:31:39.148Z] Error reading or processing Modbus registers: A Modbus Exception Occurred - See Response Body
[2024-12-10T04:31:39.150Z] Error reading register 6507 for IP 10.30.4.128: A Modbus Exception Occurred - See Response Body
[2024-12-10T04:31:39.151Z] Error reading actual data: A Modbus Exception Occurred - See Response Body
[2024-12-10T04:31:39.152Z] Error writing to Modbus register: A Modbus Exception Occurred - See Response Body
[2024-12-10T04:31:40.163Z] Error reading or processing Modbus registers: A Modbus Exception Occurred - See Response Body
[2024-12-10T04:31:40.166Z] Error reading register 6507 for IP 10.30.4.128: A Modbus Exception Occurred - See Response Body
[2024-12-10T04:31:40.167Z] Error reading actual data: A Modbus Exception Occurred - See Response Body
[2024-12-10T04:31:40.167Z] Error writing to Modbus register: A Modbus Exception Occurred - See Response Body
[2024-12-10T04:31:41.175Z] Error reading or processing Modbus registers: A Modbus Exception Occurred - See Response Body
[2024-12-10T04:31:41.177Z] Error reading register 6507 for IP 10.30.4.128: A Modbus Exception Occurred - See Response Body
[2024-12-10T04:31:41.179Z] Error reading actual data: A Modbus Exception Occurred - See Response Body
[2024-12-10T04:31:41.179Z] Error writing to Modbus register: A Modbus Exception Occurred - See Response Body
[2024-12-10T04:31:42.187Z] Error reading or processing Modbus registers: A Modbus Exception Occurred - See Response Body
[2024-12-10T04:31:42.189Z] Error reading register 6507 for IP 10.30.4.128: A Modbus Exception Occurred - See Response Body
[2024-12-10T04:31:42.190Z] Error reading actual data: A Modbus Exception Occurred - See Response Body
[2024-12-10T04:31:42.191Z] Error writing to Modbus register: A Modbus Exception Occurred - See Response Body
[2024-12-10T04:31:43.201Z] Error reading or processing Modbus registers: A Modbus Exception Occurred - See Response Body
[2024-12-10T04:31:43.204Z] Error reading register 6507 for IP 10.30.4.128: A Modbus Exception Occurred - See Response Body
[2024-12-10T04:31:43.204Z] Error reading actual data: A Modbus Exception Occurred - See Response Body
[2024-12-10T04:31:43.205Z] Error writing to Modbus register: A Modbus Exception Occurred - See Response Body
[2024-12-10T04:31:44.208Z] Error reading or processing Modbus registers: A Modbus Exception Occurred - See Response Body
[2024-12-10T04:31:44.210Z] Error reading register 6507 for IP 10.30.4.128: A Modbus Exception Occurred - See Response Body
[2024-12-10T04:31:44.211Z] Error reading actual data: A Modbus Exception Occurred - See Response Body
[2024-12-10T04:31:44.214Z] Error writing to Modbus register: A Modbus Exception Occurred - See Response Body
[2024-12-10T04:31:45.222Z] Error reading or processing Modbus registers: A Modbus Exception Occurred - See Response Body
[2024-12-10T04:31:45.224Z] Error reading register 6507 for IP 10.30.4.128: A Modbus Exception Occurred - See Response Body
[2024-12-10T04:31:45.224Z] Error reading actual data: A Modbus Exception Occurred - See Response Body
[2024-12-10T04:31:45.224Z] Error writing to Modbus register: A Modbus Exception Occurred - See Response Body
[2024-12-10T04:31:46.224Z] Error reading or processing Modbus registers: A Modbus Exception Occurred - See Response Body
[2024-12-10T04:31:46.226Z] Error reading register 6507 for IP 10.30.4.128: A Modbus Exception Occurred - See Response Body
[2024-12-10T04:31:46.226Z] Error reading actual data: A Modbus Exception Occurred - See Response Body
[2024-12-10T04:31:46.227Z] Error writing to Modbus register: A Modbus Exception Occurred - See Response Body
[2024-12-10T04:31:47.235Z] Error reading or processing Modbus registers: A Modbus Exception Occurred - See Response Body
[2024-12-10T04:31:47.237Z] Error reading register 6507 for IP 10.30.4.128: A Modbus Exception Occurred - See Response Body
[2024-12-10T04:31:47.238Z] Error reading actual data: A Modbus Exception Occurred - See Response Body
[2024-12-10T04:31:47.239Z] Error writing to Modbus register: A Modbus Exception Occurred - See Response Body
[2024-12-10T04:31:48.245Z] Error reading or processing Modbus registers: A Modbus Exception Occurred - See Response Body
[2024-12-10T04:31:48.247Z] Error reading register 6507 for IP 10.30.4.128: A Modbus Exception Occurred - See Response Body
[2024-12-10T04:31:48.248Z] Error reading actual data: A Modbus Exception Occurred - See Response Body
[2024-12-10T04:31:48.248Z] Error writing to Modbus register: A Modbus Exception Occurred - See Response Body
[2024-12-10T04:31:49.245Z] Error reading or processing Modbus registers: A Modbus Exception Occurred - See Response Body
[2024-12-10T04:31:49.247Z] Error reading register 6507 for IP 10.30.4.128: A Modbus Exception Occurred - See Response Body
[2024-12-10T04:31:49.247Z] Error reading actual data: A Modbus Exception Occurred - See Response Body
[2024-12-10T04:31:49.248Z] Error writing to Modbus register: A Modbus Exception Occurred - See Response Body
[2024-12-10T04:31:50.258Z] Error reading or processing Modbus registers: A Modbus Exception Occurred - See Response Body
[2024-12-10T04:31:50.260Z] Error reading register 6507 for IP 10.30.4.128: A Modbus Exception Occurred - See Response Body
[2024-12-10T04:31:50.260Z] Error reading actual data: A Modbus Exception Occurred - See Response Body
[2024-12-10T04:31:50.261Z] Error writing to Modbus register: A Modbus Exception Occurred - See Response Body
[2024-12-10T04:31:51.260Z] Error reading or processing Modbus registers: A Modbus Exception Occurred - See Response Body
[2024-12-10T04:31:51.262Z] Error reading register 6507 for IP 10.30.4.128: A Modbus Exception Occurred - See Response Body
[2024-12-10T04:31:51.263Z] Error reading actual data: A Modbus Exception Occurred - See Response Body
[2024-12-10T04:31:51.263Z] Error writing to Modbus register: A Modbus Exception Occurred - See Response Body
[2024-12-10T04:31:52.273Z] Error reading or processing Modbus registers: A Modbus Exception Occurred - See Response Body
[2024-12-10T04:31:52.275Z] Error reading register 6507 for IP 10.30.4.128: A Modbus Exception Occurred - See Response Body
[2024-12-10T04:31:52.276Z] Error reading actual data: A Modbus Exception Occurred - See Response Body
[2024-12-10T04:31:52.276Z] Error writing to Modbus register: A Modbus Exception Occurred - See Response Body
[2024-12-10T04:31:53.273Z] Error reading or processing Modbus registers: A Modbus Exception Occurred - See Response Body
[2024-12-10T04:31:53.275Z] Error reading register 6507 for IP 10.30.4.128: A Modbus Exception Occurred - See Response Body
[2024-12-10T04:31:53.276Z] Error reading actual data: A Modbus Exception Occurred - See Response Body
[2024-12-10T04:31:53.276Z] Error writing to Modbus register: A Modbus Exception Occurred - See Response Body
[2024-12-10T04:31:54.286Z] Error reading or processing Modbus registers: A Modbus Exception Occurred - See Response Body
[2024-12-10T04:31:54.288Z] Error reading register 6507 for IP 10.30.4.128: A Modbus Exception Occurred - See Response Body
[2024-12-10T04:31:54.290Z] Error reading actual data: A Modbus Exception Occurred - See Response Body
[2024-12-10T04:31:54.291Z] Error writing to Modbus register: A Modbus Exception Occurred - See Response Body
[2024-12-10T04:31:55.300Z] Error reading or processing Modbus registers: A Modbus Exception Occurred - See Response Body
[2024-12-10T04:31:55.303Z] Error reading register 6507 for IP 10.30.4.128: A Modbus Exception Occurred - See Response Body
[2024-12-10T04:31:55.303Z] Error reading actual data: A Modbus Exception Occurred - See Response Body
[2024-12-10T04:31:55.304Z] Error writing to Modbus register: A Modbus Exception Occurred - See Response Body
[2024-12-10T04:31:56.313Z] Error reading or processing Modbus registers: A Modbus Exception Occurred - See Response Body
[2024-12-10T04:31:56.315Z] Error reading register 6507 for IP 10.30.4.128: A Modbus Exception Occurred - See Response Body
[2024-12-10T04:31:56.316Z] Error reading actual data: A Modbus Exception Occurred - See Response Body
[2024-12-10T04:31:56.317Z] Error writing to Modbus register: A Modbus Exception Occurred - See Response Body
[2024-12-10T04:31:57.325Z] Error reading or processing Modbus registers: A Modbus Exception Occurred - See Response Body
[2024-12-10T04:31:57.327Z] Error reading register 6507 for IP 10.30.4.128: A Modbus Exception Occurred - See Response Body
[2024-12-10T04:31:57.328Z] Error reading actual data: A Modbus Exception Occurred - See Response Body
[2024-12-10T04:31:57.329Z] Error writing to Modbus register: A Modbus Exception Occurred - See Response Body
[2024-12-10T04:31:58.338Z] Error reading or processing Modbus registers: A Modbus Exception Occurred - See Response Body
[2024-12-10T04:31:58.340Z] Error reading register 6507 for IP 10.30.4.128: A Modbus Exception Occurred - See Response Body
[2024-12-10T04:31:58.340Z] Error reading actual data: A Modbus Exception Occurred - See Response Body
[2024-12-10T04:31:58.341Z] Error writing to Modbus register: A Modbus Exception Occurred - See Response Body
[2024-12-10T04:31:59.349Z] Error reading or processing Modbus registers: A Modbus Exception Occurred - See Response Body
[2024-12-10T04:31:59.351Z] Error reading register 6507 for IP 10.30.4.128: A Modbus Exception Occurred - See Response Body
[2024-12-10T04:31:59.352Z] Error reading actual data: A Modbus Exception Occurred - See Response Body
[2024-12-10T04:31:59.352Z] Error writing to Modbus register: A Modbus Exception Occurred - See Response Body
[2024-12-10T04:32:00.360Z] Error reading or processing Modbus registers: A Modbus Exception Occurred - See Response Body
[2024-12-10T04:32:00.362Z] Error reading register 6507 for IP 10.30.4.128: A Modbus Exception Occurred - See Response Body
[2024-12-10T04:32:00.363Z] Error reading actual data: A Modbus Exception Occurred - See Response Body
[2024-12-10T04:32:00.363Z] Error writing to Modbus register: A Modbus Exception Occurred - See Response Body
[2024-12-10T04:32:01.375Z] Error reading or processing Modbus registers: A Modbus Exception Occurred - See Response Body
[2024-12-10T04:32:01.377Z] Error reading register 6507 for IP 10.30.4.128: A Modbus Exception Occurred - See Response Body
[2024-12-10T04:32:01.377Z] Error reading actual data: A Modbus Exception Occurred - See Response Body
[2024-12-10T04:32:01.378Z] Error writing to Modbus register: A Modbus Exception Occurred - See Response Body
[2024-12-10T04:32:02.375Z] Error reading or processing Modbus registers: A Modbus Exception Occurred - See Response Body
[2024-12-10T04:32:02.378Z] Error reading register 6507 for IP 10.30.4.128: A Modbus Exception Occurred - See Response Body
[2024-12-10T04:32:02.379Z] Error reading actual data: A Modbus Exception Occurred - See Response Body
[2024-12-10T04:32:02.379Z] Error writing to Modbus register: A Modbus Exception Occurred - See Response Body
[2024-12-10T04:32:03.388Z] Error reading or processing Modbus registers: A Modbus Exception Occurred - See Response Body
[2024-12-10T04:32:03.391Z] Error reading register 6507 for IP 10.30.4.128: A Modbus Exception Occurred - See Response Body
[2024-12-10T04:32:03.391Z] Error reading actual data: A Modbus Exception Occurred - See Response Body
[2024-12-10T04:32:03.392Z] Error writing to Modbus register: A Modbus Exception Occurred - See Response Body
[2024-12-10T04:32:04.404Z] Error reading or processing Modbus registers: A Modbus Exception Occurred - See Response Body
[2024-12-10T04:32:04.407Z] Error reading register 6507 for IP 10.30.4.128: A Modbus Exception Occurred - See Response Body
[2024-12-10T04:32:04.408Z] Error reading actual data: A Modbus Exception Occurred - See Response Body
[2024-12-10T04:32:04.408Z] Error writing to Modbus register: A Modbus Exception Occurred - See Response Body
[2024-12-10T04:32:05.417Z] Error reading or processing Modbus registers: A Modbus Exception Occurred - See Response Body
[2024-12-10T04:32:05.422Z] Error reading register 6507 for IP 10.30.4.128: A Modbus Exception Occurred - See Response Body
[2024-12-10T04:32:05.422Z] Error reading actual data: A Modbus Exception Occurred - See Response Body
[2024-12-10T04:32:05.423Z] Error writing to Modbus register: A Modbus Exception Occurred - See Response Body
[2024-12-10T04:32:06.431Z] Error reading or processing Modbus registers: A Modbus Exception Occurred - See Response Body
[2024-12-10T04:32:06.433Z] Error reading register 6507 for IP 10.30.4.128: A Modbus Exception Occurred - See Response Body
[2024-12-10T04:32:06.433Z] Error reading actual data: A Modbus Exception Occurred - See Response Body
[2024-12-10T04:32:06.434Z] Error writing to Modbus register: A Modbus Exception Occurred - See Response Body
[2024-12-10T04:32:07.444Z] Error reading or processing Modbus registers: A Modbus Exception Occurred - See Response Body
[2024-12-10T04:32:07.446Z] Error reading register 6507 for IP 10.30.4.128: A Modbus Exception Occurred - See Response Body
[2024-12-10T04:32:07.447Z] Error reading actual data: A Modbus Exception Occurred - See Response Body
[2024-12-10T04:32:07.447Z] Error writing to Modbus register: A Modbus Exception Occurred - See Response Body
[2024-12-10T04:32:08.455Z] Error reading or processing Modbus registers: A Modbus Exception Occurred - See Response Body
[2024-12-10T04:32:08.457Z] Error reading register 6507 for IP 10.30.4.128: A Modbus Exception Occurred - See Response Body
[2024-12-10T04:32:08.458Z] Error reading actual data: A Modbus Exception Occurred - See Response Body
[2024-12-10T04:32:08.458Z] Error writing to Modbus register: A Modbus Exception Occurred - See Response Body
[2024-12-10T04:32:09.469Z] Error reading or processing Modbus registers: A Modbus Exception Occurred - See Response Body
[2024-12-10T04:32:09.472Z] Error reading register 6507 for IP 10.30.4.128: A Modbus Exception Occurred - See Response Body
[2024-12-10T04:32:09.472Z] Error reading actual data: A Modbus Exception Occurred - See Response Body
[2024-12-10T04:32:09.473Z] Error writing to Modbus register: A Modbus Exception Occurred - See Response Body
[2024-12-10T04:32:10.483Z] Error reading or processing Modbus registers: A Modbus Exception Occurred - See Response Body
[2024-12-10T04:32:10.484Z] Error reading register 6507 for IP 10.30.4.128: A Modbus Exception Occurred - See Response Body
[2024-12-10T04:32:10.485Z] Error reading actual data: A Modbus Exception Occurred - See Response Body
[2024-12-10T04:32:10.485Z] Error writing to Modbus register: A Modbus Exception Occurred - See Response Body
[2024-12-10T04:32:11.496Z] Error reading or processing Modbus registers: A Modbus Exception Occurred - See Response Body
[2024-12-10T04:32:11.498Z] Error reading register 6507 for IP 10.30.4.128: A Modbus Exception Occurred - See Response Body
[2024-12-10T04:32:11.499Z] Error reading actual data: A Modbus Exception Occurred - See Response Body
[2024-12-10T04:32:11.499Z] Error writing to Modbus register: A Modbus Exception Occurred - See Response Body
[2024-12-10T04:32:12.497Z] Error reading or processing Modbus registers: A Modbus Exception Occurred - See Response Body
[2024-12-10T04:32:12.499Z] Error reading register 6507 for IP 10.30.4.128: A Modbus Exception Occurred - See Response Body
[2024-12-10T04:32:12.499Z] Error reading actual data: A Modbus Exception Occurred - See Response Body
[2024-12-10T04:32:12.500Z] Error writing to Modbus register: A Modbus Exception Occurred - See Response Body
[2024-12-10T04:32:13.508Z] Error reading or processing Modbus registers: A Modbus Exception Occurred - See Response Body
[2024-12-10T04:32:13.511Z] Error reading register 6507 for IP 10.30.4.128: A Modbus Exception Occurred - See Response Body
[2024-12-10T04:32:13.511Z] Error reading actual data: A Modbus Exception Occurred - See Response Body
[2024-12-10T04:32:13.512Z] Error writing to Modbus register: A Modbus Exception Occurred - See Response Body
[2024-12-10T04:32:14.523Z] Error reading or processing Modbus registers: A Modbus Exception Occurred - See Response Body
[2024-12-10T04:32:14.526Z] Error reading register 6507 for IP 10.30.4.128: A Modbus Exception Occurred - See Response Body
[2024-12-10T04:32:14.526Z] Error reading actual data: A Modbus Exception Occurred - See Response Body
[2024-12-10T04:32:14.527Z] Error writing to Modbus register: A Modbus Exception Occurred - See Response Body
[2024-12-10T04:32:15.538Z] Error reading or processing Modbus registers: A Modbus Exception Occurred - See Response Body
[2024-12-10T04:32:15.541Z] Error reading register 6507 for IP 10.30.4.128: A Modbus Exception Occurred - See Response Body
[2024-12-10T04:32:15.541Z] Error reading actual data: A Modbus Exception Occurred - See Response Body
[2024-12-10T04:32:15.542Z] Error writing to Modbus register: A Modbus Exception Occurred - See Response Body
[2024-12-10T04:32:16.539Z] Error reading or processing Modbus registers: A Modbus Exception Occurred - See Response Body
[2024-12-10T04:32:16.541Z] Error reading register 6507 for IP 10.30.4.128: A Modbus Exception Occurred - See Response Body
[2024-12-10T04:32:16.542Z] Error reading actual data: A Modbus Exception Occurred - See Response Body
[2024-12-10T04:32:16.543Z] Error writing to Modbus register: A Modbus Exception Occurred - See Response Body
[2024-12-10T04:32:17.553Z] Error reading or processing Modbus registers: A Modbus Exception Occurred - See Response Body
[2024-12-10T04:32:17.555Z] Error reading register 6507 for IP 10.30.4.128: A Modbus Exception Occurred - See Response Body
[2024-12-10T04:32:17.556Z] Error reading actual data: A Modbus Exception Occurred - See Response Body
[2024-12-10T04:32:17.557Z] Error writing to Modbus register: A Modbus Exception Occurred - See Response Body
[2024-12-10T04:32:18.565Z] Error reading or processing Modbus registers: A Modbus Exception Occurred - See Response Body
[2024-12-10T04:32:18.567Z] Error reading register 6507 for IP 10.30.4.128: A Modbus Exception Occurred - See Response Body
[2024-12-10T04:32:18.567Z] Error reading actual data: A Modbus Exception Occurred - See Response Body
[2024-12-10T04:32:18.568Z] Error writing to Modbus register: A Modbus Exception Occurred - See Response Body
[2024-12-10T04:32:19.567Z] Error reading or processing Modbus registers: A Modbus Exception Occurred - See Response Body
[2024-12-10T04:32:19.569Z] Error reading register 6507 for IP 10.30.4.128: A Modbus Exception Occurred - See Response Body
[2024-12-10T04:32:19.570Z] Error reading actual data: A Modbus Exception Occurred - See Response Body
[2024-12-10T04:32:19.571Z] Error writing to Modbus register: A Modbus Exception Occurred - See Response Body
[2024-12-10T04:32:20.571Z] Error reading or processing Modbus registers: A Modbus Exception Occurred - See Response Body
[2024-12-10T04:32:20.574Z] Error reading register 6507 for IP 10.30.4.128: A Modbus Exception Occurred - See Response Body
[2024-12-10T04:32:20.575Z] Error reading actual data: A Modbus Exception Occurred - See Response Body
[2024-12-10T04:32:20.575Z] Error writing to Modbus register: A Modbus Exception Occurred - See Response Body
[2024-12-10T04:32:21.582Z] Error reading or processing Modbus registers: A Modbus Exception Occurred - See Response Body
[2024-12-10T04:32:21.584Z] Error reading register 6507 for IP 10.30.4.128: A Modbus Exception Occurred - See Response Body
[2024-12-10T04:32:21.585Z] Error reading actual data: A Modbus Exception Occurred - See Response Body
[2024-12-10T04:32:21.586Z] Error writing to Modbus register: A Modbus Exception Occurred - See Response Body
[2024-12-10T04:32:22.596Z] Error reading or processing Modbus registers: A Modbus Exception Occurred - See Response Body
[2024-12-10T04:32:22.598Z] Error reading register 6507 for IP 10.30.4.128: A Modbus Exception Occurred - See Response Body
[2024-12-10T04:32:22.599Z] Error reading actual data: A Modbus Exception Occurred - See Response Body
[2024-12-10T04:32:22.599Z] Error writing to Modbus register: A Modbus Exception Occurred - See Response Body
[2024-12-10T04:32:23.616Z] Error reading or processing Modbus registers: A Modbus Exception Occurred - See Response Body
[2024-12-10T04:32:23.619Z] Error reading register 6507 for IP 10.30.4.128: A Modbus Exception Occurred - See Response Body
[2024-12-10T04:32:23.619Z] Error reading actual data: A Modbus Exception Occurred - See Response Body
[2024-12-10T04:32:23.620Z] Error writing to Modbus register: A Modbus Exception Occurred - See Response Body
[2024-12-10T04:32:24.624Z] Error reading or processing Modbus registers: A Modbus Exception Occurred - See Response Body
[2024-12-10T04:32:24.626Z] Error reading register 6507 for IP 10.30.4.128: A Modbus Exception Occurred - See Response Body
[2024-12-10T04:32:24.627Z] Error reading actual data: A Modbus Exception Occurred - See Response Body
[2024-12-10T04:32:24.628Z] Error writing to Modbus register: A Modbus Exception Occurred - See Response Body
[2024-12-10T04:32:25.637Z] Error reading or processing Modbus registers: A Modbus Exception Occurred - See Response Body
[2024-12-10T04:32:25.639Z] Error reading register 6507 for IP 10.30.4.128: A Modbus Exception Occurred - See Response Body
[2024-12-10T04:32:25.639Z] Error reading actual data: A Modbus Exception Occurred - See Response Body
[2024-12-10T04:32:25.640Z] Error writing to Modbus register: A Modbus Exception Occurred - See Response Body
[2024-12-10T04:32:26.647Z] Error reading or processing Modbus registers: A Modbus Exception Occurred - See Response Body
[2024-12-10T04:32:26.649Z] Error reading register 6507 for IP 10.30.4.128: A Modbus Exception Occurred - See Response Body
[2024-12-10T04:32:26.649Z] Error reading actual data: A Modbus Exception Occurred - See Response Body
[2024-12-10T04:32:26.650Z] Error writing to Modbus register: A Modbus Exception Occurred - See Response Body
[2024-12-10T04:32:27.659Z] Error reading or processing Modbus registers: A Modbus Exception Occurred - See Response Body
[2024-12-10T04:32:27.661Z] Error reading register 6507 for IP 10.30.4.128: A Modbus Exception Occurred - See Response Body
[2024-12-10T04:32:27.662Z] Error reading actual data: A Modbus Exception Occurred - See Response Body
[2024-12-10T04:32:27.662Z] Error writing to Modbus register: A Modbus Exception Occurred - See Response Body
[2024-12-10T04:32:28.659Z] Error reading or processing Modbus registers: A Modbus Exception Occurred - See Response Body
[2024-12-10T04:32:28.661Z] Error reading register 6507 for IP 10.30.4.128: A Modbus Exception Occurred - See Response Body
[2024-12-10T04:32:28.662Z] Error reading actual data: A Modbus Exception Occurred - See Response Body
[2024-12-10T04:32:28.662Z] Error writing to Modbus register: A Modbus Exception Occurred - See Response Body
[2024-12-10T04:32:29.673Z] Error reading or processing Modbus registers: A Modbus Exception Occurred - See Response Body
[2024-12-10T04:32:29.675Z] Error reading register 6507 for IP 10.30.4.128: A Modbus Exception Occurred - See Response Body
[2024-12-10T04:32:29.676Z] Error reading actual data: A Modbus Exception Occurred - See Response Body
[2024-12-10T04:32:29.676Z] Error writing to Modbus register: A Modbus Exception Occurred - See Response Body
[2024-12-10T04:32:30.689Z] Error reading or processing Modbus registers: A Modbus Exception Occurred - See Response Body
[2024-12-10T04:32:30.691Z] Error reading register 6507 for IP 10.30.4.128: A Modbus Exception Occurred - See Response Body
[2024-12-10T04:32:30.692Z] Error reading actual data: A Modbus Exception Occurred - See Response Body
[2024-12-10T04:32:30.692Z] Error writing to Modbus register: A Modbus Exception Occurred - See Response Body
[2024-12-10T04:32:31.699Z] Error reading or processing Modbus registers: A Modbus Exception Occurred - See Response Body
[2024-12-10T04:32:31.702Z] Error reading register 6507 for IP 10.30.4.128: A Modbus Exception Occurred - See Response Body
[2024-12-10T04:32:31.703Z] Error reading actual data: A Modbus Exception Occurred - See Response Body
[2024-12-10T04:32:31.703Z] Error writing to Modbus register: A Modbus Exception Occurred - See Response Body
[2024-12-10T04:32:32.714Z] Error reading or processing Modbus registers: A Modbus Exception Occurred - See Response Body
[2024-12-10T04:32:32.717Z] Error reading register 6507 for IP 10.30.4.128: A Modbus Exception Occurred - See Response Body
[2024-12-10T04:32:32.717Z] Error reading actual data: A Modbus Exception Occurred - See Response Body
[2024-12-10T04:32:32.718Z] Error writing to Modbus register: A Modbus Exception Occurred - See Response Body
[2024-12-10T04:32:33.716Z] Error reading or processing Modbus registers: A Modbus Exception Occurred - See Response Body
[2024-12-10T04:32:33.718Z] Error reading register 6507 for IP 10.30.4.128: A Modbus Exception Occurred - See Response Body
[2024-12-10T04:32:33.719Z] Error reading actual data: A Modbus Exception Occurred - See Response Body
[2024-12-10T04:32:33.720Z] Error writing to Modbus register: A Modbus Exception Occurred - See Response Body
[2024-12-10T04:32:34.729Z] Error reading or processing Modbus registers: A Modbus Exception Occurred - See Response Body
[2024-12-10T04:32:34.732Z] Error reading register 6507 for IP 10.30.4.128: A Modbus Exception Occurred - See Response Body
[2024-12-10T04:32:34.733Z] Error reading actual data: A Modbus Exception Occurred - See Response Body
[2024-12-10T04:32:34.733Z] Error writing to Modbus register: A Modbus Exception Occurred - See Response Body
[2024-12-10T04:32:35.741Z] Error reading or processing Modbus registers: A Modbus Exception Occurred - See Response Body
[2024-12-10T04:32:35.743Z] Error reading register 6507 for IP 10.30.4.128: A Modbus Exception Occurred - See Response Body
[2024-12-10T04:32:35.744Z] Error reading actual data: A Modbus Exception Occurred - See Response Body
[2024-12-10T04:32:35.745Z] Error writing to Modbus register: A Modbus Exception Occurred - See Response Body
[2024-12-10T04:32:36.743Z] Error reading or processing Modbus registers: A Modbus Exception Occurred - See Response Body
[2024-12-10T04:32:36.745Z] Error reading register 6507 for IP 10.30.4.128: A Modbus Exception Occurred - See Response Body
[2024-12-10T04:32:36.745Z] Error reading actual data: A Modbus Exception Occurred - See Response Body
[2024-12-10T04:32:36.746Z] Error writing to Modbus register: A Modbus Exception Occurred - See Response Body
[2024-12-10T04:32:37.754Z] Error reading or processing Modbus registers: A Modbus Exception Occurred - See Response Body
[2024-12-10T04:32:37.756Z] Error reading register 6507 for IP 10.30.4.128: A Modbus Exception Occurred - See Response Body
[2024-12-10T04:32:37.757Z] Error reading actual data: A Modbus Exception Occurred - See Response Body
[2024-12-10T04:32:37.757Z] Error writing to Modbus register: A Modbus Exception Occurred - See Response Body
[2024-12-10T04:32:38.760Z] Error reading or processing Modbus registers: A Modbus Exception Occurred - See Response Body
[2024-12-10T04:32:38.763Z] Error reading register 6507 for IP 10.30.4.128: A Modbus Exception Occurred - See Response Body
[2024-12-10T04:32:38.763Z] Error reading actual data: A Modbus Exception Occurred - See Response Body
[2024-12-10T04:32:38.764Z] Error writing to Modbus register: A Modbus Exception Occurred - See Response Body
[2024-12-10T04:32:39.773Z] Error reading or processing Modbus registers: A Modbus Exception Occurred - See Response Body
[2024-12-10T04:32:39.776Z] Error reading register 6507 for IP 10.30.4.128: A Modbus Exception Occurred - See Response Body
[2024-12-10T04:32:39.776Z] Error reading actual data: A Modbus Exception Occurred - See Response Body
[2024-12-10T04:32:39.777Z] Error writing to Modbus register: A Modbus Exception Occurred - See Response Body
[2024-12-10T04:32:40.786Z] Error reading or processing Modbus registers: A Modbus Exception Occurred - See Response Body
[2024-12-10T04:32:40.788Z] Error reading register 6507 for IP 10.30.4.128: A Modbus Exception Occurred - See Response Body
[2024-12-10T04:32:40.788Z] Error reading actual data: A Modbus Exception Occurred - See Response Body
[2024-12-10T04:32:40.789Z] Error writing to Modbus register: A Modbus Exception Occurred - See Response Body
[2024-12-10T04:32:41.801Z] Error reading or processing Modbus registers: A Modbus Exception Occurred - See Response Body
[2024-12-10T04:32:41.803Z] Error reading register 6507 for IP 10.30.4.128: A Modbus Exception Occurred - See Response Body
[2024-12-10T04:32:41.804Z] Error reading actual data: A Modbus Exception Occurred - See Response Body
[2024-12-10T04:32:41.804Z] Error writing to Modbus register: A Modbus Exception Occurred - See Response Body
[2024-12-10T04:32:42.801Z] Error reading or processing Modbus registers: A Modbus Exception Occurred - See Response Body
[2024-12-10T04:32:42.803Z] Error reading register 6507 for IP 10.30.4.128: A Modbus Exception Occurred - See Response Body
[2024-12-10T04:32:42.804Z] Error reading actual data: A Modbus Exception Occurred - See Response Body
[2024-12-10T04:32:42.804Z] Error writing to Modbus register: A Modbus Exception Occurred - See Response Body
[2024-12-10T04:32:43.814Z] Error reading or processing Modbus registers: A Modbus Exception Occurred - See Response Body
[2024-12-10T04:32:43.816Z] Error reading register 6507 for IP 10.30.4.128: A Modbus Exception Occurred - See Response Body
[2024-12-10T04:32:43.816Z] Error reading actual data: A Modbus Exception Occurred - See Response Body
[2024-12-10T04:32:43.817Z] Error writing to Modbus register: A Modbus Exception Occurred - See Response Body
[2024-12-10T04:32:44.828Z] Error reading or processing Modbus registers: A Modbus Exception Occurred - See Response Body
[2024-12-10T04:32:44.831Z] Error reading register 6507 for IP 10.30.4.128: A Modbus Exception Occurred - See Response Body
[2024-12-10T04:32:44.832Z] Error reading actual data: A Modbus Exception Occurred - See Response Body
[2024-12-10T04:32:44.832Z] Error writing to Modbus register: A Modbus Exception Occurred - See Response Body
[2024-12-10T04:32:45.840Z] Error reading or processing Modbus registers: A Modbus Exception Occurred - See Response Body
[2024-12-10T04:32:45.843Z] Error reading register 6507 for IP 10.30.4.128: A Modbus Exception Occurred - See Response Body
[2024-12-10T04:32:45.845Z] Error reading actual data: A Modbus Exception Occurred - See Response Body
[2024-12-10T04:32:45.845Z] Error writing to Modbus register: A Modbus Exception Occurred - See Response Body
[2024-12-10T04:32:46.855Z] Error reading or processing Modbus registers: A Modbus Exception Occurred - See Response Body
[2024-12-10T04:32:46.857Z] Error reading register 6507 for IP 10.30.4.128: A Modbus Exception Occurred - See Response Body
[2024-12-10T04:32:46.858Z] Error reading actual data: A Modbus Exception Occurred - See Response Body
[2024-12-10T04:32:46.859Z] Error writing to Modbus register: A Modbus Exception Occurred - See Response Body
[2024-12-10T04:32:47.864Z] Error reading or processing Modbus registers: A Modbus Exception Occurred - See Response Body
[2024-12-10T04:32:47.866Z] Error reading register 6507 for IP 10.30.4.128: A Modbus Exception Occurred - See Response Body
[2024-12-10T04:32:47.867Z] Error reading actual data: A Modbus Exception Occurred - See Response Body
[2024-12-10T04:32:47.867Z] Error writing to Modbus register: A Modbus Exception Occurred - See Response Body
[2024-12-10T04:32:48.864Z] Error reading or processing Modbus registers: A Modbus Exception Occurred - See Response Body
[2024-12-10T04:32:48.866Z] Error reading register 6507 for IP 10.30.4.128: A Modbus Exception Occurred - See Response Body
[2024-12-10T04:32:48.867Z] Error reading actual data: A Modbus Exception Occurred - See Response Body
[2024-12-10T04:32:48.867Z] Error writing to Modbus register: A Modbus Exception Occurred - See Response Body
[2024-12-10T04:32:49.876Z] Error reading or processing Modbus registers: A Modbus Exception Occurred - See Response Body
[2024-12-10T04:32:49.879Z] Error reading register 6507 for IP 10.30.4.128: A Modbus Exception Occurred - See Response Body
[2024-12-10T04:32:49.880Z] Error reading actual data: A Modbus Exception Occurred - See Response Body
[2024-12-10T04:32:49.880Z] Error writing to Modbus register: A Modbus Exception Occurred - See Response Body
[2024-12-10T04:32:50.890Z] Error reading or processing Modbus registers: A Modbus Exception Occurred - See Response Body
[2024-12-10T04:32:50.893Z] Error reading register 6507 for IP 10.30.4.128: A Modbus Exception Occurred - See Response Body
[2024-12-10T04:32:50.894Z] Error reading actual data: A Modbus Exception Occurred - See Response Body
[2024-12-10T04:32:50.894Z] Error writing to Modbus register: A Modbus Exception Occurred - See Response Body
[2024-12-10T04:32:51.903Z] Error reading or processing Modbus registers: A Modbus Exception Occurred - See Response Body
[2024-12-10T04:32:51.905Z] Error reading register 6507 for IP 10.30.4.128: A Modbus Exception Occurred - See Response Body
[2024-12-10T04:32:51.906Z] Error reading actual data: A Modbus Exception Occurred - See Response Body
[2024-12-10T04:32:51.907Z] Error writing to Modbus register: A Modbus Exception Occurred - See Response Body
[2024-12-10T04:32:52.914Z] Error reading or processing Modbus registers: A Modbus Exception Occurred - See Response Body
[2024-12-10T04:32:52.917Z] Error reading register 6507 for IP 10.30.4.128: A Modbus Exception Occurred - See Response Body
[2024-12-10T04:32:52.918Z] Error reading actual data: A Modbus Exception Occurred - See Response Body
[2024-12-10T04:32:52.918Z] Error writing to Modbus register: A Modbus Exception Occurred - See Response Body
[2024-12-10T04:32:53.914Z] Error reading or processing Modbus registers: A Modbus Exception Occurred - See Response Body
[2024-12-10T04:32:53.916Z] Error reading register 6507 for IP 10.30.4.128: A Modbus Exception Occurred - See Response Body
[2024-12-10T04:32:53.917Z] Error reading actual data: A Modbus Exception Occurred - See Response Body
[2024-12-10T04:32:53.917Z] Error writing to Modbus register: A Modbus Exception Occurred - See Response Body
[2024-12-10T04:32:54.927Z] Error reading or processing Modbus registers: A Modbus Exception Occurred - See Response Body
[2024-12-10T04:32:54.929Z] Error reading register 6507 for IP 10.30.4.128: A Modbus Exception Occurred - See Response Body
[2024-12-10T04:32:54.929Z] Error reading actual data: A Modbus Exception Occurred - See Response Body
[2024-12-10T04:32:54.930Z] Error writing to Modbus register: A Modbus Exception Occurred - See Response Body
[2024-12-10T04:32:55.927Z] Error reading or processing Modbus registers: A Modbus Exception Occurred - See Response Body
[2024-12-10T04:32:55.930Z] Error reading register 6507 for IP 10.30.4.128: A Modbus Exception Occurred - See Response Body
[2024-12-10T04:32:55.930Z] Error reading actual data: A Modbus Exception Occurred - See Response Body
[2024-12-10T04:32:55.931Z] Error writing to Modbus register: A Modbus Exception Occurred - See Response Body
[2024-12-10T04:32:56.939Z] Error reading or processing Modbus registers: A Modbus Exception Occurred - See Response Body
[2024-12-10T04:32:56.941Z] Error reading register 6507 for IP 10.30.4.128: A Modbus Exception Occurred - See Response Body
[2024-12-10T04:32:56.942Z] Error reading actual data: A Modbus Exception Occurred - See Response Body
[2024-12-10T04:32:56.943Z] Error writing to Modbus register: A Modbus Exception Occurred - See Response Body
[2024-12-10T04:32:57.952Z] Error reading or processing Modbus registers: A Modbus Exception Occurred - See Response Body
[2024-12-10T04:32:57.954Z] Error reading register 6507 for IP 10.30.4.128: A Modbus Exception Occurred - See Response Body
[2024-12-10T04:32:57.955Z] Error reading actual data: A Modbus Exception Occurred - See Response Body
[2024-12-10T04:32:57.955Z] Error writing to Modbus register: A Modbus Exception Occurred - See Response Body
[2024-12-10T04:32:58.964Z] Error reading or processing Modbus registers: A Modbus Exception Occurred - See Response Body
[2024-12-10T04:32:58.966Z] Error reading register 6507 for IP 10.30.4.128: A Modbus Exception Occurred - See Response Body
[2024-12-10T04:32:58.967Z] Error reading actual data: A Modbus Exception Occurred - See Response Body
[2024-12-10T04:32:58.968Z] Error writing to Modbus register: A Modbus Exception Occurred - See Response Body
[2024-12-10T04:32:59.976Z] Error reading or processing Modbus registers: A Modbus Exception Occurred - See Response Body
[2024-12-10T04:32:59.979Z] Error reading register 6507 for IP 10.30.4.128: A Modbus Exception Occurred - See Response Body
[2024-12-10T04:32:59.979Z] Error reading actual data: A Modbus Exception Occurred - See Response Body
[2024-12-10T04:32:59.980Z] Error writing to Modbus register: A Modbus Exception Occurred - See Response Body
[2024-12-10T04:33:00.988Z] Error reading or processing Modbus registers: A Modbus Exception Occurred - See Response Body
[2024-12-10T04:33:00.989Z] Error reading register 6507 for IP 10.30.4.128: A Modbus Exception Occurred - See Response Body
[2024-12-10T04:33:00.990Z] Error reading actual data: A Modbus Exception Occurred - See Response Body
[2024-12-10T04:33:00.991Z] Error writing to Modbus register: A Modbus Exception Occurred - See Response Body
[2024-12-10T04:33:02.001Z] Error reading or processing Modbus registers: A Modbus Exception Occurred - See Response Body
[2024-12-10T04:33:02.003Z] Error reading register 6507 for IP 10.30.4.128: A Modbus Exception Occurred - See Response Body
[2024-12-10T04:33:02.004Z] Error reading actual data: A Modbus Exception Occurred - See Response Body
[2024-12-10T04:33:02.005Z] Error writing to Modbus register: A Modbus Exception Occurred - See Response Body
[2024-12-10T04:33:03.014Z] Error reading or processing Modbus registers: A Modbus Exception Occurred - See Response Body
[2024-12-10T04:33:03.016Z] Error reading register 6507 for IP 10.30.4.128: A Modbus Exception Occurred - See Response Body
[2024-12-10T04:33:03.017Z] Error reading actual data: A Modbus Exception Occurred - See Response Body
[2024-12-10T04:33:03.017Z] Error writing to Modbus register: A Modbus Exception Occurred - See Response Body
[2024-12-10T04:33:04.016Z] Error reading or processing Modbus registers: A Modbus Exception Occurred - See Response Body
[2024-12-10T04:33:04.018Z] Error reading register 6507 for IP 10.30.4.128: A Modbus Exception Occurred - See Response Body
[2024-12-10T04:33:04.018Z] Error reading actual data: A Modbus Exception Occurred - See Response Body
[2024-12-10T04:33:04.019Z] Error writing to Modbus register: A Modbus Exception Occurred - See Response Body
[2024-12-10T04:33:05.030Z] Error reading or processing Modbus registers: A Modbus Exception Occurred - See Response Body
[2024-12-10T04:33:05.032Z] Error reading register 6507 for IP 10.30.4.128: A Modbus Exception Occurred - See Response Body
[2024-12-10T04:33:05.033Z] Error reading actual data: A Modbus Exception Occurred - See Response Body
[2024-12-10T04:33:05.033Z] Error writing to Modbus register: A Modbus Exception Occurred - See Response Body
[2024-12-10T04:33:06.043Z] Error reading or processing Modbus registers: A Modbus Exception Occurred - See Response Body
[2024-12-10T04:33:06.046Z] Error reading register 6507 for IP 10.30.4.128: A Modbus Exception Occurred - See Response Body
[2024-12-10T04:33:06.047Z] Error reading actual data: A Modbus Exception Occurred - See Response Body
[2024-12-10T04:33:06.047Z] Error writing to Modbus register: A Modbus Exception Occurred - See Response Body
[2024-12-10T04:33:07.052Z] Error reading or processing Modbus registers: A Modbus Exception Occurred - See Response Body
[2024-12-10T04:33:07.054Z] Error reading register 6507 for IP 10.30.4.128: A Modbus Exception Occurred - See Response Body
[2024-12-10T04:33:07.055Z] Error reading actual data: A Modbus Exception Occurred - See Response Body
[2024-12-10T04:33:07.055Z] Error writing to Modbus register: A Modbus Exception Occurred - See Response Body
[2024-12-10T04:33:08.054Z] Error reading or processing Modbus registers: A Modbus Exception Occurred - See Response Body
[2024-12-10T04:33:08.056Z] Error reading register 6507 for IP 10.30.4.128: A Modbus Exception Occurred - See Response Body
[2024-12-10T04:33:08.057Z] Error reading actual data: A Modbus Exception Occurred - See Response Body
[2024-12-10T04:33:08.058Z] Error writing to Modbus register: A Modbus Exception Occurred - See Response Body
[2024-12-10T04:33:09.063Z] Error reading or processing Modbus registers: A Modbus Exception Occurred - See Response Body
[2024-12-10T04:33:09.065Z] Error reading register 6507 for IP 10.30.4.128: A Modbus Exception Occurred - See Response Body
[2024-12-10T04:33:09.065Z] Error reading actual data: A Modbus Exception Occurred - See Response Body
[2024-12-10T04:33:09.066Z] Error writing to Modbus register: A Modbus Exception Occurred - See Response Body
[2024-12-10T04:33:10.073Z] Error reading or processing Modbus registers: A Modbus Exception Occurred - See Response Body
[2024-12-10T04:33:10.075Z] Error reading register 6507 for IP 10.30.4.128: A Modbus Exception Occurred - See Response Body
[2024-12-10T04:33:10.076Z] Error reading actual data: A Modbus Exception Occurred - See Response Body
[2024-12-10T04:33:10.077Z] Error writing to Modbus register: A Modbus Exception Occurred - See Response Body
[2024-12-10T04:33:11.086Z] Error reading or processing Modbus registers: A Modbus Exception Occurred - See Response Body
[2024-12-10T04:33:11.088Z] Error reading register 6507 for IP 10.30.4.128: A Modbus Exception Occurred - See Response Body
[2024-12-10T04:33:11.088Z] Error reading actual data: A Modbus Exception Occurred - See Response Body
[2024-12-10T04:33:11.089Z] Error writing to Modbus register: A Modbus Exception Occurred - See Response Body
[2024-12-10T04:33:12.097Z] Error reading or processing Modbus registers: A Modbus Exception Occurred - See Response Body
[2024-12-10T04:33:12.099Z] Error reading register 6507 for IP 10.30.4.128: A Modbus Exception Occurred - See Response Body
[2024-12-10T04:33:12.100Z] Error reading actual data: A Modbus Exception Occurred - See Response Body
[2024-12-10T04:33:12.100Z] Error writing to Modbus register: A Modbus Exception Occurred - See Response Body
[2024-12-10T04:33:13.110Z] Error reading or processing Modbus registers: A Modbus Exception Occurred - See Response Body
[2024-12-10T04:33:13.112Z] Error reading register 6507 for IP 10.30.4.128: A Modbus Exception Occurred - See Response Body
[2024-12-10T04:33:13.113Z] Error reading actual data: A Modbus Exception Occurred - See Response Body
[2024-12-10T04:33:13.114Z] Error writing to Modbus register: A Modbus Exception Occurred - See Response Body
[2024-12-10T04:33:14.125Z] Error reading or processing Modbus registers: A Modbus Exception Occurred - See Response Body
[2024-12-10T04:33:14.127Z] Error reading register 6507 for IP 10.30.4.128: A Modbus Exception Occurred - See Response Body
[2024-12-10T04:33:14.127Z] Error reading actual data: A Modbus Exception Occurred - See Response Body
[2024-12-10T04:33:14.128Z] Error writing to Modbus register: A Modbus Exception Occurred - See Response Body
[2024-12-10T04:33:15.137Z] Error reading or processing Modbus registers: A Modbus Exception Occurred - See Response Body
[2024-12-10T04:33:15.139Z] Error reading register 6507 for IP 10.30.4.128: A Modbus Exception Occurred - See Response Body
[2024-12-10T04:33:15.140Z] Error reading actual data: A Modbus Exception Occurred - See Response Body
[2024-12-10T04:33:15.141Z] Error writing to Modbus register: A Modbus Exception Occurred - See Response Body
[2024-12-10T04:33:16.148Z] Error reading or processing Modbus registers: A Modbus Exception Occurred - See Response Body
[2024-12-10T04:33:16.150Z] Error reading register 6507 for IP 10.30.4.128: A Modbus Exception Occurred - See Response Body
[2024-12-10T04:33:16.150Z] Error reading actual data: A Modbus Exception Occurred - See Response Body
[2024-12-10T04:33:16.151Z] Error writing to Modbus register: A Modbus Exception Occurred - See Response Body
[2024-12-10T04:33:17.161Z] Error reading or processing Modbus registers: A Modbus Exception Occurred - See Response Body
[2024-12-10T04:33:17.164Z] Error reading register 6507 for IP 10.30.4.128: A Modbus Exception Occurred - See Response Body
[2024-12-10T04:33:17.164Z] Error reading actual data: A Modbus Exception Occurred - See Response Body
[2024-12-10T04:33:17.165Z] Error writing to Modbus register: A Modbus Exception Occurred - See Response Body
[2024-12-10T04:33:18.175Z] Error reading or processing Modbus registers: A Modbus Exception Occurred - See Response Body
[2024-12-10T04:33:18.178Z] Error reading register 6507 for IP 10.30.4.128: A Modbus Exception Occurred - See Response Body
[2024-12-10T04:33:18.178Z] Error reading actual data: A Modbus Exception Occurred - See Response Body
[2024-12-10T04:33:18.179Z] Error writing to Modbus register: A Modbus Exception Occurred - See Response Body
[2024-12-10T04:33:19.190Z] Error reading or processing Modbus registers: A Modbus Exception Occurred - See Response Body
[2024-12-10T04:33:19.192Z] Error reading register 6507 for IP 10.30.4.128: A Modbus Exception Occurred - See Response Body
[2024-12-10T04:33:19.193Z] Error reading actual data: A Modbus Exception Occurred - See Response Body
[2024-12-10T04:33:19.193Z] Error writing to Modbus register: A Modbus Exception Occurred - See Response Body
[2024-12-10T04:33:20.201Z] Error reading or processing Modbus registers: A Modbus Exception Occurred - See Response Body
[2024-12-10T04:33:20.203Z] Error reading register 6507 for IP 10.30.4.128: A Modbus Exception Occurred - See Response Body
[2024-12-10T04:33:20.204Z] Error reading actual data: A Modbus Exception Occurred - See Response Body
[2024-12-10T04:33:20.204Z] Error writing to Modbus register: A Modbus Exception Occurred - See Response Body
[2024-12-10T04:33:21.202Z] Error reading or processing Modbus registers: A Modbus Exception Occurred - See Response Body
[2024-12-10T04:33:21.204Z] Error reading register 6507 for IP 10.30.4.128: A Modbus Exception Occurred - See Response Body
[2024-12-10T04:33:21.205Z] Error reading actual data: A Modbus Exception Occurred - See Response Body
[2024-12-10T04:33:21.206Z] Error writing to Modbus register: A Modbus Exception Occurred - See Response Body
[2024-12-10T04:33:22.216Z] Error reading or processing Modbus registers: A Modbus Exception Occurred - See Response Body
[2024-12-10T04:33:22.218Z] Error reading register 6507 for IP 10.30.4.128: A Modbus Exception Occurred - See Response Body
[2024-12-10T04:33:22.219Z] Error reading actual data: A Modbus Exception Occurred - See Response Body
[2024-12-10T04:33:22.219Z] Error writing to Modbus register: A Modbus Exception Occurred - See Response Body
[2024-12-10T04:33:23.230Z] Error reading or processing Modbus registers: A Modbus Exception Occurred - See Response Body
[2024-12-10T04:33:23.232Z] Error reading register 6507 for IP 10.30.4.128: A Modbus Exception Occurred - See Response Body
[2024-12-10T04:33:23.233Z] Error reading actual data: A Modbus Exception Occurred - See Response Body
[2024-12-10T04:33:23.233Z] Error writing to Modbus register: A Modbus Exception Occurred - See Response Body
[2024-12-10T04:33:24.230Z] Error reading or processing Modbus registers: A Modbus Exception Occurred - See Response Body
[2024-12-10T04:33:24.232Z] Error reading register 6507 for IP 10.30.4.128: A Modbus Exception Occurred - See Response Body
[2024-12-10T04:33:24.233Z] Error reading actual data: A Modbus Exception Occurred - See Response Body
[2024-12-10T04:33:24.233Z] Error writing to Modbus register: A Modbus Exception Occurred - See Response Body
[2024-12-10T04:33:25.245Z] Error reading or processing Modbus registers: A Modbus Exception Occurred - See Response Body
[2024-12-10T04:33:25.247Z] Error reading register 6507 for IP 10.30.4.128: A Modbus Exception Occurred - See Response Body
[2024-12-10T04:33:25.248Z] Error reading actual data: A Modbus Exception Occurred - See Response Body
[2024-12-10T04:33:25.249Z] Error writing to Modbus register: A Modbus Exception Occurred - See Response Body
[2024-12-10T04:33:26.246Z] Error reading or processing Modbus registers: A Modbus Exception Occurred - See Response Body
[2024-12-10T04:33:26.248Z] Error reading register 6507 for IP 10.30.4.128: A Modbus Exception Occurred - See Response Body
[2024-12-10T04:33:26.248Z] Error reading actual data: A Modbus Exception Occurred - See Response Body
[2024-12-10T04:33:26.249Z] Error writing to Modbus register: A Modbus Exception Occurred - See Response Body
[2024-12-10T04:33:27.248Z] Error reading or processing Modbus registers: A Modbus Exception Occurred - See Response Body
[2024-12-10T04:33:27.250Z] Error reading register 6507 for IP 10.30.4.128: A Modbus Exception Occurred - See Response Body
[2024-12-10T04:33:27.251Z] Error reading actual data: A Modbus Exception Occurred - See Response Body
[2024-12-10T04:33:27.251Z] Error writing to Modbus register: A Modbus Exception Occurred - See Response Body
[2024-12-10T04:33:28.259Z] Error reading or processing Modbus registers: A Modbus Exception Occurred - See Response Body
[2024-12-10T04:33:28.261Z] Error reading register 6507 for IP 10.30.4.128: A Modbus Exception Occurred - See Response Body
[2024-12-10T04:33:28.262Z] Error reading actual data: A Modbus Exception Occurred - See Response Body
[2024-12-10T04:33:28.263Z] Error writing to Modbus register: A Modbus Exception Occurred - See Response Body
[2024-12-10T04:33:29.262Z] Error reading or processing Modbus registers: A Modbus Exception Occurred - See Response Body
[2024-12-10T04:33:29.264Z] Error reading register 6507 for IP 10.30.4.128: A Modbus Exception Occurred - See Response Body
[2024-12-10T04:33:29.265Z] Error reading actual data: A Modbus Exception Occurred - See Response Body
[2024-12-10T04:33:29.265Z] Error writing to Modbus register: A Modbus Exception Occurred - See Response Body
[2024-12-10T04:33:30.277Z] Error reading or processing Modbus registers: A Modbus Exception Occurred - See Response Body
[2024-12-10T04:33:30.280Z] Error reading register 6507 for IP 10.30.4.128: A Modbus Exception Occurred - See Response Body
[2024-12-10T04:33:30.281Z] Error reading actual data: A Modbus Exception Occurred - See Response Body
[2024-12-10T04:33:30.281Z] Error writing to Modbus register: A Modbus Exception Occurred - See Response Body
[2024-12-10T04:33:31.292Z] Error reading or processing Modbus registers: A Modbus Exception Occurred - See Response Body
[2024-12-10T04:33:31.294Z] Error reading register 6507 for IP 10.30.4.128: A Modbus Exception Occurred - See Response Body
[2024-12-10T04:33:31.295Z] Error reading actual data: A Modbus Exception Occurred - See Response Body
[2024-12-10T04:33:31.295Z] Error writing to Modbus register: A Modbus Exception Occurred - See Response Body
[2024-12-10T04:33:32.307Z] Error reading or processing Modbus registers: A Modbus Exception Occurred - See Response Body
[2024-12-10T04:33:32.309Z] Error reading register 6507 for IP 10.30.4.128: A Modbus Exception Occurred - See Response Body
[2024-12-10T04:33:32.309Z] Error reading actual data: A Modbus Exception Occurred - See Response Body
[2024-12-10T04:33:32.310Z] Error writing to Modbus register: A Modbus Exception Occurred - See Response Body
[2024-12-10T04:33:33.319Z] Error reading or processing Modbus registers: A Modbus Exception Occurred - See Response Body
[2024-12-10T04:33:33.321Z] Error reading register 6507 for IP 10.30.4.128: A Modbus Exception Occurred - See Response Body
[2024-12-10T04:33:33.322Z] Error reading actual data: A Modbus Exception Occurred - See Response Body
[2024-12-10T04:33:33.322Z] Error writing to Modbus register: A Modbus Exception Occurred - See Response Body
[2024-12-10T04:33:34.322Z] Error reading or processing Modbus registers: A Modbus Exception Occurred - See Response Body
[2024-12-10T04:33:34.324Z] Error reading register 6507 for IP 10.30.4.128: A Modbus Exception Occurred - See Response Body
[2024-12-10T04:33:34.325Z] Error reading actual data: A Modbus Exception Occurred - See Response Body
[2024-12-10T04:33:34.325Z] Error writing to Modbus register: A Modbus Exception Occurred - See Response Body
[2024-12-10T04:33:35.323Z] Error reading or processing Modbus registers: A Modbus Exception Occurred - See Response Body
[2024-12-10T04:33:35.325Z] Error reading register 6507 for IP 10.30.4.128: A Modbus Exception Occurred - See Response Body
[2024-12-10T04:33:35.326Z] Error reading actual data: A Modbus Exception Occurred - See Response Body
[2024-12-10T04:33:35.327Z] Error writing to Modbus register: A Modbus Exception Occurred - See Response Body
[2024-12-10T04:33:36.326Z] Error reading or processing Modbus registers: A Modbus Exception Occurred - See Response Body
[2024-12-10T04:33:36.329Z] Error reading register 6507 for IP 10.30.4.128: A Modbus Exception Occurred - See Response Body
[2024-12-10T04:33:36.329Z] Error reading actual data: A Modbus Exception Occurred - See Response Body
[2024-12-10T04:33:36.330Z] Error writing to Modbus register: A Modbus Exception Occurred - See Response Body
[2024-12-10T04:33:37.328Z] Error reading or processing Modbus registers: A Modbus Exception Occurred - See Response Body
[2024-12-10T04:33:37.331Z] Error reading register 6507 for IP 10.30.4.128: A Modbus Exception Occurred - See Response Body
[2024-12-10T04:33:37.331Z] Error reading actual data: A Modbus Exception Occurred - See Response Body
[2024-12-10T04:33:37.332Z] Error writing to Modbus register: A Modbus Exception Occurred - See Response Body
[2024-12-10T04:33:38.340Z] Error reading or processing Modbus registers: A Modbus Exception Occurred - See Response Body
[2024-12-10T04:33:38.345Z] Error reading register 6507 for IP 10.30.4.128: A Modbus Exception Occurred - See Response Body
[2024-12-10T04:33:38.346Z] Error reading actual data: A Modbus Exception Occurred - See Response Body
[2024-12-10T04:33:38.346Z] Error writing to Modbus register: A Modbus Exception Occurred - See Response Body
[2024-12-10T04:33:39.354Z] Error reading or processing Modbus registers: A Modbus Exception Occurred - See Response Body
[2024-12-10T04:33:39.356Z] Error reading register 6507 for IP 10.30.4.128: A Modbus Exception Occurred - See Response Body
[2024-12-10T04:33:39.356Z] Error reading actual data: A Modbus Exception Occurred - See Response Body
[2024-12-10T04:33:39.357Z] Error writing to Modbus register: A Modbus Exception Occurred - See Response Body
[2024-12-10T04:33:40.357Z] Error reading or processing Modbus registers: A Modbus Exception Occurred - See Response Body
[2024-12-10T04:33:40.359Z] Error reading register 6507 for IP 10.30.4.128: A Modbus Exception Occurred - See Response Body
[2024-12-10T04:33:40.359Z] Error reading actual data: A Modbus Exception Occurred - See Response Body
[2024-12-10T04:33:40.360Z] Error writing to Modbus register: A Modbus Exception Occurred - See Response Body
[2024-12-10T04:33:41.369Z] Error reading or processing Modbus registers: A Modbus Exception Occurred - See Response Body
[2024-12-10T04:33:41.372Z] Error reading register 6507 for IP 10.30.4.128: A Modbus Exception Occurred - See Response Body
[2024-12-10T04:33:41.372Z] Error reading actual data: A Modbus Exception Occurred - See Response Body
[2024-12-10T04:33:41.372Z] Error writing to Modbus register: A Modbus Exception Occurred - See Response Body
[2024-12-10T04:33:42.372Z] Error reading or processing Modbus registers: A Modbus Exception Occurred - See Response Body
[2024-12-10T04:33:42.375Z] Error reading register 6507 for IP 10.30.4.128: A Modbus Exception Occurred - See Response Body
[2024-12-10T04:33:42.375Z] Error reading actual data: A Modbus Exception Occurred - See Response Body
[2024-12-10T04:33:42.376Z] Error writing to Modbus register: A Modbus Exception Occurred - See Response Body
[2024-12-10T04:33:43.384Z] Error reading or processing Modbus registers: A Modbus Exception Occurred - See Response Body
[2024-12-10T04:33:43.385Z] Error reading register 6507 for IP 10.30.4.128: A Modbus Exception Occurred - See Response Body
[2024-12-10T04:33:43.386Z] Error reading actual data: A Modbus Exception Occurred - See Response Body
[2024-12-10T04:33:43.386Z] Error writing to Modbus register: A Modbus Exception Occurred - See Response Body
[2024-12-10T04:33:44.385Z] Error reading or processing Modbus registers: A Modbus Exception Occurred - See Response Body
[2024-12-10T04:33:44.388Z] Error reading register 6507 for IP 10.30.4.128: A Modbus Exception Occurred - See Response Body
[2024-12-10T04:33:44.388Z] Error reading actual data: A Modbus Exception Occurred - See Response Body
[2024-12-10T04:33:44.388Z] Error writing to Modbus register: A Modbus Exception Occurred - See Response Body
[2024-12-10T04:33:45.388Z] Error reading or processing Modbus registers: A Modbus Exception Occurred - See Response Body
[2024-12-10T04:33:45.390Z] Error reading register 6507 for IP 10.30.4.128: A Modbus Exception Occurred - See Response Body
[2024-12-10T04:33:45.391Z] Error reading actual data: A Modbus Exception Occurred - See Response Body
[2024-12-10T04:33:45.391Z] Error writing to Modbus register: A Modbus Exception Occurred - See Response Body
[2024-12-10T04:33:46.391Z] Error reading or processing Modbus registers: A Modbus Exception Occurred - See Response Body
[2024-12-10T04:33:46.393Z] Error reading register 6507 for IP 10.30.4.128: A Modbus Exception Occurred - See Response Body
[2024-12-10T04:33:46.393Z] Error reading actual data: A Modbus Exception Occurred - See Response Body
[2024-12-10T04:33:46.394Z] Error writing to Modbus register: A Modbus Exception Occurred - See Response Body
[2024-12-10T04:33:47.391Z] Error reading or processing Modbus registers: A Modbus Exception Occurred - See Response Body
[2024-12-10T04:33:47.393Z] Error reading register 6507 for IP 10.30.4.128: A Modbus Exception Occurred - See Response Body
[2024-12-10T04:33:47.394Z] Error reading actual data: A Modbus Exception Occurred - See Response Body
[2024-12-10T04:33:47.394Z] Error writing to Modbus register: A Modbus Exception Occurred - See Response Body
[2024-12-10T04:33:48.392Z] Error reading or processing Modbus registers: A Modbus Exception Occurred - See Response Body
[2024-12-10T04:33:48.395Z] Error reading register 6507 for IP 10.30.4.128: A Modbus Exception Occurred - See Response Body
[2024-12-10T04:33:48.396Z] Error reading actual data: A Modbus Exception Occurred - See Response Body
[2024-12-10T04:33:48.397Z] Error writing to Modbus register: A Modbus Exception Occurred - See Response Body
[2024-12-10T04:33:49.401Z] Error reading or processing Modbus registers: A Modbus Exception Occurred - See Response Body
[2024-12-10T04:33:49.403Z] Error reading register 6507 for IP 10.30.4.128: A Modbus Exception Occurred - See Response Body
[2024-12-10T04:33:49.404Z] Error reading actual data: A Modbus Exception Occurred - See Response Body
[2024-12-10T04:33:49.404Z] Error writing to Modbus register: A Modbus Exception Occurred - See Response Body
[2024-12-10T04:33:50.416Z] Error reading or processing Modbus registers: A Modbus Exception Occurred - See Response Body
[2024-12-10T04:33:50.418Z] Error reading register 6507 for IP 10.30.4.128: A Modbus Exception Occurred - See Response Body
[2024-12-10T04:33:50.419Z] Error reading actual data: A Modbus Exception Occurred - See Response Body
[2024-12-10T04:33:50.419Z] Error writing to Modbus register: A Modbus Exception Occurred - See Response Body
[2024-12-10T04:33:51.416Z] Error reading or processing Modbus registers: A Modbus Exception Occurred - See Response Body
[2024-12-10T04:33:51.418Z] Error reading register 6507 for IP 10.30.4.128: A Modbus Exception Occurred - See Response Body
[2024-12-10T04:33:51.419Z] Error reading actual data: A Modbus Exception Occurred - See Response Body
[2024-12-10T04:33:51.419Z] Error writing to Modbus register: A Modbus Exception Occurred - See Response Body
[2024-12-10T04:33:52.430Z] Error reading or processing Modbus registers: A Modbus Exception Occurred - See Response Body
[2024-12-10T04:33:52.432Z] Error reading register 6507 for IP 10.30.4.128: A Modbus Exception Occurred - See Response Body
[2024-12-10T04:33:52.433Z] Error reading actual data: A Modbus Exception Occurred - See Response Body
[2024-12-10T04:33:52.434Z] Error writing to Modbus register: A Modbus Exception Occurred - See Response Body
[2024-12-10T04:33:53.431Z] Error reading or processing Modbus registers: A Modbus Exception Occurred - See Response Body
[2024-12-10T04:33:53.433Z] Error reading register 6507 for IP 10.30.4.128: A Modbus Exception Occurred - See Response Body
[2024-12-10T04:33:53.434Z] Error reading actual data: A Modbus Exception Occurred - See Response Body
[2024-12-10T04:33:53.435Z] Error writing to Modbus register: A Modbus Exception Occurred - See Response Body
[2024-12-10T04:33:54.445Z] Error reading or processing Modbus registers: A Modbus Exception Occurred - See Response Body
[2024-12-10T04:33:54.448Z] Error reading register 6507 for IP 10.30.4.128: A Modbus Exception Occurred - See Response Body
[2024-12-10T04:33:54.449Z] Error reading actual data: A Modbus Exception Occurred - See Response Body
[2024-12-10T04:33:54.450Z] Error writing to Modbus register: A Modbus Exception Occurred - See Response Body
[2024-12-10T04:33:55.447Z] Error reading or processing Modbus registers: A Modbus Exception Occurred - See Response Body
[2024-12-10T04:33:55.450Z] Error reading register 6507 for IP 10.30.4.128: A Modbus Exception Occurred - See Response Body
[2024-12-10T04:33:55.450Z] Error reading actual data: A Modbus Exception Occurred - See Response Body
[2024-12-10T04:33:55.451Z] Error writing to Modbus register: A Modbus Exception Occurred - See Response Body
[2024-12-10T04:33:56.454Z] Error reading or processing Modbus registers: A Modbus Exception Occurred - See Response Body
[2024-12-10T04:33:56.456Z] Error reading register 6507 for IP 10.30.4.128: A Modbus Exception Occurred - See Response Body
[2024-12-10T04:33:56.457Z] Error reading actual data: A Modbus Exception Occurred - See Response Body
[2024-12-10T04:33:56.457Z] Error writing to Modbus register: A Modbus Exception Occurred - See Response Body
[2024-12-10T04:33:57.455Z] Error reading or processing Modbus registers: A Modbus Exception Occurred - See Response Body
[2024-12-10T04:33:57.457Z] Error reading register 6507 for IP 10.30.4.128: A Modbus Exception Occurred - See Response Body
[2024-12-10T04:33:57.458Z] Error reading actual data: A Modbus Exception Occurred - See Response Body
[2024-12-10T04:33:57.459Z] Error writing to Modbus register: A Modbus Exception Occurred - See Response Body
[2024-12-10T04:33:58.467Z] Error reading or processing Modbus registers: A Modbus Exception Occurred - See Response Body
[2024-12-10T04:33:58.470Z] Error reading register 6507 for IP 10.30.4.128: A Modbus Exception Occurred - See Response Body
[2024-12-10T04:33:58.471Z] Error reading actual data: A Modbus Exception Occurred - See Response Body
[2024-12-10T04:33:58.471Z] Error writing to Modbus register: A Modbus Exception Occurred - See Response Body
[2024-12-10T04:33:59.482Z] Error reading or processing Modbus registers: A Modbus Exception Occurred - See Response Body
[2024-12-10T04:33:59.484Z] Error reading register 6507 for IP 10.30.4.128: A Modbus Exception Occurred - See Response Body
[2024-12-10T04:33:59.485Z] Error reading actual data: A Modbus Exception Occurred - See Response Body
[2024-12-10T04:33:59.486Z] Error writing to Modbus register: A Modbus Exception Occurred - See Response Body
[2024-12-10T04:34:00.494Z] Error reading or processing Modbus registers: A Modbus Exception Occurred - See Response Body
[2024-12-10T04:34:00.497Z] Error reading register 6507 for IP 10.30.4.128: A Modbus Exception Occurred - See Response Body
[2024-12-10T04:34:00.497Z] Error reading actual data: A Modbus Exception Occurred - See Response Body
[2024-12-10T04:34:00.499Z] Error writing to Modbus register: A Modbus Exception Occurred - See Response Body
[2024-12-10T04:34:01.509Z] Error reading or processing Modbus registers: A Modbus Exception Occurred - See Response Body
[2024-12-10T04:34:01.511Z] Error reading register 6507 for IP 10.30.4.128: A Modbus Exception Occurred - See Response Body
[2024-12-10T04:34:01.512Z] Error reading actual data: A Modbus Exception Occurred - See Response Body
[2024-12-10T04:34:01.512Z] Error writing to Modbus register: A Modbus Exception Occurred - See Response Body
[2024-12-10T04:34:02.522Z] Error reading or processing Modbus registers: A Modbus Exception Occurred - See Response Body
[2024-12-10T04:34:02.524Z] Error reading register 6507 for IP 10.30.4.128: A Modbus Exception Occurred - See Response Body
[2024-12-10T04:34:02.525Z] Error reading actual data: A Modbus Exception Occurred - See Response Body
[2024-12-10T04:34:02.526Z] Error writing to Modbus register: A Modbus Exception Occurred - See Response Body
[2024-12-10T04:34:03.538Z] Error reading or processing Modbus registers: A Modbus Exception Occurred - See Response Body
[2024-12-10T04:34:03.540Z] Error reading register 6507 for IP 10.30.4.128: A Modbus Exception Occurred - See Response Body
[2024-12-10T04:34:03.542Z] Error reading actual data: A Modbus Exception Occurred - See Response Body
[2024-12-10T04:34:03.543Z] Error writing to Modbus register: A Modbus Exception Occurred - See Response Body
[2024-12-10T04:34:04.552Z] Error reading or processing Modbus registers: A Modbus Exception Occurred - See Response Body
[2024-12-10T04:34:04.554Z] Error reading register 6507 for IP 10.30.4.128: A Modbus Exception Occurred - See Response Body
[2024-12-10T04:34:04.555Z] Error reading actual data: A Modbus Exception Occurred - See Response Body
[2024-12-10T04:34:04.555Z] Error writing to Modbus register: A Modbus Exception Occurred - See Response Body
[2024-12-10T04:34:05.553Z] Error reading or processing Modbus registers: A Modbus Exception Occurred - See Response Body
[2024-12-10T04:34:05.555Z] Error reading register 6507 for IP 10.30.4.128: A Modbus Exception Occurred - See Response Body
[2024-12-10T04:34:05.555Z] Error reading actual data: A Modbus Exception Occurred - See Response Body
[2024-12-10T04:34:05.556Z] Error writing to Modbus register: A Modbus Exception Occurred - See Response Body
[2024-12-10T04:34:06.556Z] Error reading or processing Modbus registers: A Modbus Exception Occurred - See Response Body
[2024-12-10T04:34:06.557Z] Error reading register 6507 for IP 10.30.4.128: A Modbus Exception Occurred - See Response Body
[2024-12-10T04:34:06.558Z] Error reading actual data: A Modbus Exception Occurred - See Response Body
[2024-12-10T04:34:06.559Z] Error writing to Modbus register: A Modbus Exception Occurred - See Response Body
[2024-12-10T04:34:07.571Z] Error reading or processing Modbus registers: A Modbus Exception Occurred - See Response Body
[2024-12-10T04:34:07.574Z] Error reading register 6507 for IP 10.30.4.128: A Modbus Exception Occurred - See Response Body
[2024-12-10T04:34:07.575Z] Error reading actual data: A Modbus Exception Occurred - See Response Body
[2024-12-10T04:34:07.575Z] Error writing to Modbus register: A Modbus Exception Occurred - See Response Body
[2024-12-10T04:34:08.571Z] Error reading or processing Modbus registers: A Modbus Exception Occurred - See Response Body
[2024-12-10T04:34:08.574Z] Error reading register 6507 for IP 10.30.4.128: A Modbus Exception Occurred - See Response Body
[2024-12-10T04:34:08.575Z] Error reading actual data: A Modbus Exception Occurred - See Response Body
[2024-12-10T04:34:08.576Z] Error writing to Modbus register: A Modbus Exception Occurred - See Response Body
[2024-12-10T04:34:09.582Z] Error reading or processing Modbus registers: A Modbus Exception Occurred - See Response Body
[2024-12-10T04:34:09.584Z] Error reading register 6507 for IP 10.30.4.128: A Modbus Exception Occurred - See Response Body
[2024-12-10T04:34:09.585Z] Error reading actual data: A Modbus Exception Occurred - See Response Body
[2024-12-10T04:34:09.585Z] Error writing to Modbus register: A Modbus Exception Occurred - See Response Body
[2024-12-10T04:34:10.598Z] Error reading or processing Modbus registers: A Modbus Exception Occurred - See Response Body
[2024-12-10T04:34:10.600Z] Error reading register 6507 for IP 10.30.4.128: A Modbus Exception Occurred - See Response Body
[2024-12-10T04:34:10.600Z] Error reading actual data: A Modbus Exception Occurred - See Response Body
[2024-12-10T04:34:10.601Z] Error writing to Modbus register: A Modbus Exception Occurred - See Response Body
[2024-12-10T04:34:11.598Z] Error reading or processing Modbus registers: A Modbus Exception Occurred - See Response Body
[2024-12-10T04:34:11.600Z] Error reading register 6507 for IP 10.30.4.128: A Modbus Exception Occurred - See Response Body
[2024-12-10T04:34:11.601Z] Error reading actual data: A Modbus Exception Occurred - See Response Body
[2024-12-10T04:34:11.602Z] Error writing to Modbus register: A Modbus Exception Occurred - See Response Body
[2024-12-10T04:34:12.609Z] Error reading or processing Modbus registers: A Modbus Exception Occurred - See Response Body
[2024-12-10T04:34:12.612Z] Error reading register 6507 for IP 10.30.4.128: A Modbus Exception Occurred - See Response Body
[2024-12-10T04:34:12.612Z] Error reading actual data: A Modbus Exception Occurred - See Response Body
[2024-12-10T04:34:12.614Z] Error writing to Modbus register: A Modbus Exception Occurred - See Response Body
[2024-12-10T04:34:13.611Z] Error reading or processing Modbus registers: A Modbus Exception Occurred - See Response Body
[2024-12-10T04:34:13.613Z] Error reading register 6507 for IP 10.30.4.128: A Modbus Exception Occurred - See Response Body
[2024-12-10T04:34:13.614Z] Error reading actual data: A Modbus Exception Occurred - See Response Body
[2024-12-10T04:34:13.614Z] Error writing to Modbus register: A Modbus Exception Occurred - See Response Body
[2024-12-10T04:34:14.625Z] Error reading or processing Modbus registers: A Modbus Exception Occurred - See Response Body
[2024-12-10T04:34:14.628Z] Error reading register 6507 for IP 10.30.4.128: A Modbus Exception Occurred - See Response Body
[2024-12-10T04:34:14.628Z] Error reading actual data: A Modbus Exception Occurred - See Response Body
[2024-12-10T04:34:14.629Z] Error writing to Modbus register: A Modbus Exception Occurred - See Response Body
[2024-12-10T04:34:15.639Z] Error reading or processing Modbus registers: A Modbus Exception Occurred - See Response Body
[2024-12-10T04:34:15.642Z] Error reading register 6507 for IP 10.30.4.128: A Modbus Exception Occurred - See Response Body
[2024-12-10T04:34:15.643Z] Error reading actual data: A Modbus Exception Occurred - See Response Body
[2024-12-10T04:34:15.644Z] Error writing to Modbus register: A Modbus Exception Occurred - See Response Body
[2024-12-10T04:34:16.655Z] Error reading or processing Modbus registers: A Modbus Exception Occurred - See Response Body
[2024-12-10T04:34:16.657Z] Error reading register 6507 for IP 10.30.4.128: A Modbus Exception Occurred - See Response Body
[2024-12-10T04:34:16.658Z] Error reading actual data: A Modbus Exception Occurred - See Response Body
[2024-12-10T04:34:16.659Z] Error writing to Modbus register: A Modbus Exception Occurred - See Response Body
[2024-12-10T04:34:17.670Z] Error reading or processing Modbus registers: A Modbus Exception Occurred - See Response Body
[2024-12-10T04:34:17.673Z] Error reading register 6507 for IP 10.30.4.128: A Modbus Exception Occurred - See Response Body
[2024-12-10T04:34:17.673Z] Error reading actual data: A Modbus Exception Occurred - See Response Body
[2024-12-10T04:34:17.674Z] Error writing to Modbus register: A Modbus Exception Occurred - See Response Body
[2024-12-10T04:34:18.670Z] Error reading or processing Modbus registers: A Modbus Exception Occurred - See Response Body
[2024-12-10T04:34:18.672Z] Error reading register 6507 for IP 10.30.4.128: A Modbus Exception Occurred - See Response Body
[2024-12-10T04:34:18.674Z] Error reading actual data: A Modbus Exception Occurred - See Response Body
[2024-12-10T04:34:18.674Z] Error writing to Modbus register: A Modbus Exception Occurred - See Response Body
[2024-12-10T04:34:19.683Z] Error reading or processing Modbus registers: A Modbus Exception Occurred - See Response Body
[2024-12-10T04:34:19.687Z] Error reading register 6507 for IP 10.30.4.128: A Modbus Exception Occurred - See Response Body
[2024-12-10T04:34:19.688Z] Error reading actual data: A Modbus Exception Occurred - See Response Body
[2024-12-10T04:34:19.688Z] Error writing to Modbus register: A Modbus Exception Occurred - See Response Body
[2024-12-10T04:34:20.697Z] Error reading or processing Modbus registers: A Modbus Exception Occurred - See Response Body
[2024-12-10T04:34:20.700Z] Error reading register 6507 for IP 10.30.4.128: A Modbus Exception Occurred - See Response Body
[2024-12-10T04:34:20.701Z] Error reading actual data: A Modbus Exception Occurred - See Response Body
[2024-12-10T04:34:20.701Z] Error writing to Modbus register: A Modbus Exception Occurred - See Response Body
[2024-12-10T04:34:21.699Z] Error reading or processing Modbus registers: A Modbus Exception Occurred - See Response Body
[2024-12-10T04:34:21.700Z] Error reading register 6507 for IP 10.30.4.128: A Modbus Exception Occurred - See Response Body
[2024-12-10T04:34:21.701Z] Error reading actual data: A Modbus Exception Occurred - See Response Body
[2024-12-10T04:34:21.702Z] Error writing to Modbus register: A Modbus Exception Occurred - See Response Body
[2024-12-10T04:34:22.700Z] Error reading or processing Modbus registers: A Modbus Exception Occurred - See Response Body
[2024-12-10T04:34:22.702Z] Error reading register 6507 for IP 10.30.4.128: A Modbus Exception Occurred - See Response Body
[2024-12-10T04:34:22.703Z] Error reading actual data: A Modbus Exception Occurred - See Response Body
[2024-12-10T04:34:22.703Z] Error writing to Modbus register: A Modbus Exception Occurred - See Response Body
[2024-12-10T04:34:23.712Z] Error reading or processing Modbus registers: A Modbus Exception Occurred - See Response Body
[2024-12-10T04:34:23.714Z] Error reading register 6507 for IP 10.30.4.128: A Modbus Exception Occurred - See Response Body
[2024-12-10T04:34:23.714Z] Error reading actual data: A Modbus Exception Occurred - See Response Body
[2024-12-10T04:34:23.715Z] Error writing to Modbus register: A Modbus Exception Occurred - See Response Body
[2024-12-10T04:34:24.719Z] Error reading or processing Modbus registers: A Modbus Exception Occurred - See Response Body
[2024-12-10T04:34:24.721Z] Error reading register 6507 for IP 10.30.4.128: A Modbus Exception Occurred - See Response Body
[2024-12-10T04:34:24.722Z] Error reading actual data: A Modbus Exception Occurred - See Response Body
[2024-12-10T04:34:24.722Z] Error writing to Modbus register: A Modbus Exception Occurred - See Response Body
[2024-12-10T04:34:25.733Z] Error reading or processing Modbus registers: A Modbus Exception Occurred - See Response Body
[2024-12-10T04:34:25.735Z] Error reading register 6507 for IP 10.30.4.128: A Modbus Exception Occurred - See Response Body
[2024-12-10T04:34:25.736Z] Error reading actual data: A Modbus Exception Occurred - See Response Body
[2024-12-10T04:34:25.736Z] Error writing to Modbus register: A Modbus Exception Occurred - See Response Body
[2024-12-10T04:34:26.736Z] Error reading or processing Modbus registers: A Modbus Exception Occurred - See Response Body
[2024-12-10T04:34:26.737Z] Error reading register 6507 for IP 10.30.4.128: A Modbus Exception Occurred - See Response Body
[2024-12-10T04:34:26.738Z] Error reading actual data: A Modbus Exception Occurred - See Response Body
[2024-12-10T04:34:26.738Z] Error writing to Modbus register: A Modbus Exception Occurred - See Response Body
[2024-12-10T04:34:27.740Z] Error reading or processing Modbus registers: A Modbus Exception Occurred - See Response Body
[2024-12-10T04:34:27.742Z] Error reading register 6507 for IP 10.30.4.128: A Modbus Exception Occurred - See Response Body
[2024-12-10T04:34:27.743Z] Error reading actual data: A Modbus Exception Occurred - See Response Body
[2024-12-10T04:34:27.744Z] Error writing to Modbus register: A Modbus Exception Occurred - See Response Body
[2024-12-10T04:34:28.741Z] Error reading or processing Modbus registers: A Modbus Exception Occurred - See Response Body
[2024-12-10T04:34:28.743Z] Error reading register 6507 for IP 10.30.4.128: A Modbus Exception Occurred - See Response Body
[2024-12-10T04:34:28.744Z] Error reading actual data: A Modbus Exception Occurred - See Response Body
[2024-12-10T04:34:28.744Z] Error writing to Modbus register: A Modbus Exception Occurred - See Response Body
[2024-12-10T04:34:29.751Z] Error reading or processing Modbus registers: A Modbus Exception Occurred - See Response Body
[2024-12-10T04:34:29.754Z] Error reading register 6507 for IP 10.30.4.128: A Modbus Exception Occurred - See Response Body
[2024-12-10T04:34:29.755Z] Error reading actual data: A Modbus Exception Occurred - See Response Body
[2024-12-10T04:34:29.755Z] Error writing to Modbus register: A Modbus Exception Occurred - See Response Body
[2024-12-10T04:34:30.765Z] Error reading or processing Modbus registers: A Modbus Exception Occurred - See Response Body
[2024-12-10T04:34:30.768Z] Error reading register 6507 for IP 10.30.4.128: A Modbus Exception Occurred - See Response Body
[2024-12-10T04:34:30.768Z] Error reading actual data: A Modbus Exception Occurred - See Response Body
[2024-12-10T04:34:30.769Z] Error writing to Modbus register: A Modbus Exception Occurred - See Response Body
[2024-12-10T04:34:31.766Z] Error reading or processing Modbus registers: A Modbus Exception Occurred - See Response Body
[2024-12-10T04:34:31.768Z] Error reading register 6507 for IP 10.30.4.128: A Modbus Exception Occurred - See Response Body
[2024-12-10T04:34:31.769Z] Error reading actual data: A Modbus Exception Occurred - See Response Body
[2024-12-10T04:34:31.769Z] Error writing to Modbus register: A Modbus Exception Occurred - See Response Body
[2024-12-10T04:34:32.766Z] Error reading or processing Modbus registers: A Modbus Exception Occurred - See Response Body
[2024-12-10T04:34:32.769Z] Error reading register 6507 for IP 10.30.4.128: A Modbus Exception Occurred - See Response Body
[2024-12-10T04:34:32.769Z] Error reading actual data: A Modbus Exception Occurred - See Response Body
[2024-12-10T04:34:32.770Z] Error writing to Modbus register: A Modbus Exception Occurred - See Response Body
[2024-12-10T04:34:33.781Z] Error reading or processing Modbus registers: A Modbus Exception Occurred - See Response Body
[2024-12-10T04:34:33.784Z] Error reading register 6507 for IP 10.30.4.128: A Modbus Exception Occurred - See Response Body
[2024-12-10T04:34:33.785Z] Error reading actual data: A Modbus Exception Occurred - See Response Body
[2024-12-10T04:34:33.785Z] Error writing to Modbus register: A Modbus Exception Occurred - See Response Body
[2024-12-10T04:34:34.794Z] Error reading or processing Modbus registers: A Modbus Exception Occurred - See Response Body
[2024-12-10T04:34:34.797Z] Error reading register 6507 for IP 10.30.4.128: A Modbus Exception Occurred - See Response Body
[2024-12-10T04:34:34.798Z] Error reading actual data: A Modbus Exception Occurred - See Response Body
[2024-12-10T04:34:34.798Z] Error writing to Modbus register: A Modbus Exception Occurred - See Response Body
[2024-12-10T04:34:35.795Z] Error reading or processing Modbus registers: A Modbus Exception Occurred - See Response Body
[2024-12-10T04:34:35.797Z] Error reading register 6507 for IP 10.30.4.128: A Modbus Exception Occurred - See Response Body
[2024-12-10T04:34:35.798Z] Error reading actual data: A Modbus Exception Occurred - See Response Body
[2024-12-10T04:34:35.798Z] Error writing to Modbus register: A Modbus Exception Occurred - See Response Body
[2024-12-10T04:34:36.798Z] Error reading or processing Modbus registers: A Modbus Exception Occurred - See Response Body
[2024-12-10T04:34:36.800Z] Error reading register 6507 for IP 10.30.4.128: A Modbus Exception Occurred - See Response Body
[2024-12-10T04:34:36.801Z] Error reading actual data: A Modbus Exception Occurred - See Response Body
[2024-12-10T04:34:36.801Z] Error writing to Modbus register: A Modbus Exception Occurred - See Response Body
[2024-12-10T04:34:37.800Z] Error reading or processing Modbus registers: A Modbus Exception Occurred - See Response Body
[2024-12-10T04:34:37.803Z] Error reading register 6507 for IP 10.30.4.128: A Modbus Exception Occurred - See Response Body
[2024-12-10T04:34:37.804Z] Error reading actual data: A Modbus Exception Occurred - See Response Body
[2024-12-10T04:34:37.804Z] Error writing to Modbus register: A Modbus Exception Occurred - See Response Body
[2024-12-10T04:34:38.804Z] Error reading or processing Modbus registers: A Modbus Exception Occurred - See Response Body
[2024-12-10T04:34:38.806Z] Error reading register 6507 for IP 10.30.4.128: A Modbus Exception Occurred - See Response Body
[2024-12-10T04:34:38.807Z] Error reading actual data: A Modbus Exception Occurred - See Response Body
[2024-12-10T04:34:38.808Z] Error writing to Modbus register: A Modbus Exception Occurred - See Response Body
[2024-12-10T04:34:39.817Z] Error reading or processing Modbus registers: A Modbus Exception Occurred - See Response Body
[2024-12-10T04:34:39.819Z] Error reading register 6507 for IP 10.30.4.128: A Modbus Exception Occurred - See Response Body
[2024-12-10T04:34:39.820Z] Error reading actual data: A Modbus Exception Occurred - See Response Body
[2024-12-10T04:34:39.821Z] Error writing to Modbus register: A Modbus Exception Occurred - See Response Body
[2024-12-10T04:34:40.832Z] Error reading or processing Modbus registers: A Modbus Exception Occurred - See Response Body
[2024-12-10T04:34:40.834Z] Error reading register 6507 for IP 10.30.4.128: A Modbus Exception Occurred - See Response Body
[2024-12-10T04:34:40.835Z] Error reading actual data: A Modbus Exception Occurred - See Response Body
[2024-12-10T04:34:40.836Z] Error writing to Modbus register: A Modbus Exception Occurred - See Response Body
[2024-12-10T04:34:41.846Z] Error reading or processing Modbus registers: A Modbus Exception Occurred - See Response Body
[2024-12-10T04:34:41.848Z] Error reading register 6507 for IP 10.30.4.128: A Modbus Exception Occurred - See Response Body
[2024-12-10T04:34:41.848Z] Error reading actual data: A Modbus Exception Occurred - See Response Body
[2024-12-10T04:34:41.849Z] Error writing to Modbus register: A Modbus Exception Occurred - See Response Body
[2024-12-10T04:34:42.859Z] Error reading or processing Modbus registers: A Modbus Exception Occurred - See Response Body
[2024-12-10T04:34:42.862Z] Error reading register 6507 for IP 10.30.4.128: A Modbus Exception Occurred - See Response Body
[2024-12-10T04:34:42.862Z] Error reading actual data: A Modbus Exception Occurred - See Response Body
[2024-12-10T04:34:42.863Z] Error writing to Modbus register: A Modbus Exception Occurred - See Response Body
[2024-12-10T04:34:43.862Z] Error reading or processing Modbus registers: A Modbus Exception Occurred - See Response Body
[2024-12-10T04:34:43.864Z] Error reading register 6507 for IP 10.30.4.128: A Modbus Exception Occurred - See Response Body
[2024-12-10T04:34:43.865Z] Error reading actual data: A Modbus Exception Occurred - See Response Body
[2024-12-10T04:34:43.865Z] Error writing to Modbus register: A Modbus Exception Occurred - See Response Body
[2024-12-10T04:34:44.875Z] Error reading or processing Modbus registers: A Modbus Exception Occurred - See Response Body
[2024-12-10T04:34:44.877Z] Error reading register 6507 for IP 10.30.4.128: A Modbus Exception Occurred - See Response Body
[2024-12-10T04:34:44.878Z] Error reading actual data: A Modbus Exception Occurred - See Response Body
[2024-12-10T04:34:44.878Z] Error writing to Modbus register: A Modbus Exception Occurred - See Response Body
[2024-12-10T04:34:45.877Z] Error reading or processing Modbus registers: A Modbus Exception Occurred - See Response Body
[2024-12-10T04:34:45.879Z] Error reading register 6507 for IP 10.30.4.128: A Modbus Exception Occurred - See Response Body
[2024-12-10T04:34:45.880Z] Error reading actual data: A Modbus Exception Occurred - See Response Body
[2024-12-10T04:34:45.880Z] Error writing to Modbus register: A Modbus Exception Occurred - See Response Body
[2024-12-10T04:34:46.888Z] Error reading or processing Modbus registers: A Modbus Exception Occurred - See Response Body
[2024-12-10T04:34:46.893Z] Error reading register 6507 for IP 10.30.4.128: A Modbus Exception Occurred - See Response Body
[2024-12-10T04:34:46.894Z] Error reading actual data: A Modbus Exception Occurred - See Response Body
[2024-12-10T04:34:46.894Z] Error writing to Modbus register: A Modbus Exception Occurred - See Response Body
[2024-12-10T04:34:47.903Z] Error reading or processing Modbus registers: A Modbus Exception Occurred - See Response Body
[2024-12-10T04:34:47.904Z] Error reading register 6507 for IP 10.30.4.128: A Modbus Exception Occurred - See Response Body
[2024-12-10T04:34:47.905Z] Error reading actual data: A Modbus Exception Occurred - See Response Body
[2024-12-10T04:34:47.906Z] Error writing to Modbus register: A Modbus Exception Occurred - See Response Body
[2024-12-10T04:34:48.917Z] Error reading or processing Modbus registers: A Modbus Exception Occurred - See Response Body
[2024-12-10T04:34:48.919Z] Error reading register 6507 for IP 10.30.4.128: A Modbus Exception Occurred - See Response Body
[2024-12-10T04:34:48.920Z] Error reading actual data: A Modbus Exception Occurred - See Response Body
[2024-12-10T04:34:48.920Z] Error writing to Modbus register: A Modbus Exception Occurred - See Response Body
[2024-12-10T04:34:49.917Z] Error reading or processing Modbus registers: A Modbus Exception Occurred - See Response Body
[2024-12-10T04:34:49.919Z] Error reading register 6507 for IP 10.30.4.128: A Modbus Exception Occurred - See Response Body
[2024-12-10T04:34:49.919Z] Error reading actual data: A Modbus Exception Occurred - See Response Body
[2024-12-10T04:34:49.920Z] Error writing to Modbus register: A Modbus Exception Occurred - See Response Body
[2024-12-10T04:34:50.919Z] Error reading or processing Modbus registers: A Modbus Exception Occurred - See Response Body
[2024-12-10T04:34:50.922Z] Error reading register 6507 for IP 10.30.4.128: A Modbus Exception Occurred - See Response Body
[2024-12-10T04:34:50.922Z] Error reading actual data: A Modbus Exception Occurred - See Response Body
[2024-12-10T04:34:50.923Z] Error writing to Modbus register: A Modbus Exception Occurred - See Response Body
[2024-12-10T04:34:51.924Z] Error reading or processing Modbus registers: A Modbus Exception Occurred - See Response Body
[2024-12-10T04:34:51.926Z] Error reading register 6507 for IP 10.30.4.128: A Modbus Exception Occurred - See Response Body
[2024-12-10T04:34:51.926Z] Error reading actual data: A Modbus Exception Occurred - See Response Body
[2024-12-10T04:34:51.927Z] Error writing to Modbus register: A Modbus Exception Occurred - See Response Body
[2024-12-10T04:34:52.940Z] Error reading or processing Modbus registers: A Modbus Exception Occurred - See Response Body
[2024-12-10T04:34:52.942Z] Error reading register 6507 for IP 10.30.4.128: A Modbus Exception Occurred - See Response Body
[2024-12-10T04:34:52.942Z] Error reading actual data: A Modbus Exception Occurred - See Response Body
[2024-12-10T04:34:52.943Z] Error writing to Modbus register: A Modbus Exception Occurred - See Response Body
[2024-12-10T04:34:53.942Z] Error reading or processing Modbus registers: A Modbus Exception Occurred - See Response Body
[2024-12-10T04:34:53.944Z] Error reading register 6507 for IP 10.30.4.128: A Modbus Exception Occurred - See Response Body
[2024-12-10T04:34:53.944Z] Error reading actual data: A Modbus Exception Occurred - See Response Body
[2024-12-10T04:34:53.944Z] Error writing to Modbus register: A Modbus Exception Occurred - See Response Body
[2024-12-10T04:34:54.942Z] Error reading or processing Modbus registers: A Modbus Exception Occurred - See Response Body
[2024-12-10T04:34:54.944Z] Error reading register 6507 for IP 10.30.4.128: A Modbus Exception Occurred - See Response Body
[2024-12-10T04:34:54.945Z] Error reading actual data: A Modbus Exception Occurred - See Response Body
[2024-12-10T04:34:54.946Z] Error writing to Modbus register: A Modbus Exception Occurred - See Response Body
[2024-12-10T04:34:55.956Z] Error reading or processing Modbus registers: A Modbus Exception Occurred - See Response Body
[2024-12-10T04:34:55.958Z] Error reading register 6507 for IP 10.30.4.128: A Modbus Exception Occurred - See Response Body
[2024-12-10T04:34:55.959Z] Error reading actual data: A Modbus Exception Occurred - See Response Body
[2024-12-10T04:34:55.959Z] Error writing to Modbus register: A Modbus Exception Occurred - See Response Body
[2024-12-10T04:34:56.960Z] Error reading or processing Modbus registers: A Modbus Exception Occurred - See Response Body
[2024-12-10T04:34:56.962Z] Error reading register 6507 for IP 10.30.4.128: A Modbus Exception Occurred - See Response Body
[2024-12-10T04:34:56.962Z] Error reading actual data: A Modbus Exception Occurred - See Response Body
[2024-12-10T04:34:56.962Z] Error writing to Modbus register: A Modbus Exception Occurred - See Response Body
[2024-12-10T04:34:57.964Z] Error reading or processing Modbus registers: A Modbus Exception Occurred - See Response Body
[2024-12-10T04:34:57.966Z] Error reading register 6507 for IP 10.30.4.128: A Modbus Exception Occurred - See Response Body
[2024-12-10T04:34:57.966Z] Error reading actual data: A Modbus Exception Occurred - See Response Body
[2024-12-10T04:34:57.967Z] Error writing to Modbus register: A Modbus Exception Occurred - See Response Body
[2024-12-10T04:34:58.968Z] Error reading or processing Modbus registers: A Modbus Exception Occurred - See Response Body
[2024-12-10T04:34:58.970Z] Error reading register 6507 for IP 10.30.4.128: A Modbus Exception Occurred - See Response Body
[2024-12-10T04:34:58.970Z] Error reading actual data: A Modbus Exception Occurred - See Response Body
[2024-12-10T04:34:58.971Z] Error writing to Modbus register: A Modbus Exception Occurred - See Response Body
[2024-12-10T04:34:59.980Z] Error reading or processing Modbus registers: A Modbus Exception Occurred - See Response Body
[2024-12-10T04:34:59.982Z] Error reading register 6507 for IP 10.30.4.128: A Modbus Exception Occurred - See Response Body
[2024-12-10T04:34:59.982Z] Error reading actual data: A Modbus Exception Occurred - See Response Body
[2024-12-10T04:34:59.983Z] Error writing to Modbus register: A Modbus Exception Occurred - See Response Body
[2024-12-10T04:35:00.981Z] Error reading or processing Modbus registers: A Modbus Exception Occurred - See Response Body
[2024-12-10T04:35:00.983Z] Error reading register 6507 for IP 10.30.4.128: A Modbus Exception Occurred - See Response Body
[2024-12-10T04:35:00.984Z] Error reading actual data: A Modbus Exception Occurred - See Response Body
[2024-12-10T04:35:00.985Z] Error writing to Modbus register: A Modbus Exception Occurred - See Response Body
[2024-12-10T04:35:01.994Z] Error reading or processing Modbus registers: A Modbus Exception Occurred - See Response Body
[2024-12-10T04:35:01.996Z] Error reading register 6507 for IP 10.30.4.128: A Modbus Exception Occurred - See Response Body
[2024-12-10T04:35:01.997Z] Error reading actual data: A Modbus Exception Occurred - See Response Body
[2024-12-10T04:35:01.998Z] Error writing to Modbus register: A Modbus Exception Occurred - See Response Body
[2024-12-10T04:35:02.994Z] Error reading or processing Modbus registers: A Modbus Exception Occurred - See Response Body
[2024-12-10T04:35:02.996Z] Error reading register 6507 for IP 10.30.4.128: A Modbus Exception Occurred - See Response Body
[2024-12-10T04:35:02.996Z] Error reading actual data: A Modbus Exception Occurred - See Response Body
[2024-12-10T04:35:02.997Z] Error writing to Modbus register: A Modbus Exception Occurred - See Response Body
[2024-12-10T04:35:04.008Z] Error reading or processing Modbus registers: A Modbus Exception Occurred - See Response Body
[2024-12-10T04:35:04.010Z] Error reading register 6507 for IP 10.30.4.128: A Modbus Exception Occurred - See Response Body
[2024-12-10T04:35:04.011Z] Error reading actual data: A Modbus Exception Occurred - See Response Body
[2024-12-10T04:35:04.012Z] Error writing to Modbus register: A Modbus Exception Occurred - See Response Body
[2024-12-10T04:35:05.008Z] Error reading or processing Modbus registers: A Modbus Exception Occurred - See Response Body
[2024-12-10T04:35:05.011Z] Error reading register 6507 for IP 10.30.4.128: A Modbus Exception Occurred - See Response Body
[2024-12-10T04:35:05.011Z] Error reading actual data: A Modbus Exception Occurred - See Response Body
[2024-12-10T04:35:05.012Z] Error writing to Modbus register: A Modbus Exception Occurred - See Response Body
[2024-12-10T04:35:06.009Z] Error reading or processing Modbus registers: A Modbus Exception Occurred - See Response Body
[2024-12-10T04:35:06.011Z] Error reading register 6507 for IP 10.30.4.128: A Modbus Exception Occurred - See Response Body
[2024-12-10T04:35:06.012Z] Error reading actual data: A Modbus Exception Occurred - See Response Body
[2024-12-10T04:35:06.012Z] Error writing to Modbus register: A Modbus Exception Occurred - See Response Body
[2024-12-10T04:35:07.021Z] Error reading or processing Modbus registers: A Modbus Exception Occurred - See Response Body
[2024-12-10T04:35:07.024Z] Error reading register 6507 for IP 10.30.4.128: A Modbus Exception Occurred - See Response Body
[2024-12-10T04:35:07.025Z] Error reading actual data: A Modbus Exception Occurred - See Response Body
[2024-12-10T04:35:07.026Z] Error writing to Modbus register: A Modbus Exception Occurred - See Response Body
[2024-12-10T04:35:08.037Z] Error reading or processing Modbus registers: A Modbus Exception Occurred - See Response Body
[2024-12-10T04:35:08.039Z] Error reading register 6507 for IP 10.30.4.128: A Modbus Exception Occurred - See Response Body
[2024-12-10T04:35:08.040Z] Error reading actual data: A Modbus Exception Occurred - See Response Body
[2024-12-10T04:35:08.040Z] Error writing to Modbus register: A Modbus Exception Occurred - See Response Body
[2024-12-10T04:35:09.044Z] Error reading or processing Modbus registers: A Modbus Exception Occurred - See Response Body
[2024-12-10T04:35:09.047Z] Error reading register 6507 for IP 10.30.4.128: A Modbus Exception Occurred - See Response Body
[2024-12-10T04:35:09.047Z] Error reading actual data: A Modbus Exception Occurred - See Response Body
[2024-12-10T04:35:09.048Z] Error writing to Modbus register: A Modbus Exception Occurred - See Response Body
[2024-12-10T04:35:10.058Z] Error reading or processing Modbus registers: A Modbus Exception Occurred - See Response Body
[2024-12-10T04:35:10.060Z] Error reading register 6507 for IP 10.30.4.128: A Modbus Exception Occurred - See Response Body
[2024-12-10T04:35:10.061Z] Error reading actual data: A Modbus Exception Occurred - See Response Body
[2024-12-10T04:35:10.061Z] Error writing to Modbus register: A Modbus Exception Occurred - See Response Body
[2024-12-10T04:35:11.069Z] Error reading or processing Modbus registers: A Modbus Exception Occurred - See Response Body
[2024-12-10T04:35:11.071Z] Error reading register 6507 for IP 10.30.4.128: A Modbus Exception Occurred - See Response Body
[2024-12-10T04:35:11.072Z] Error reading actual data: A Modbus Exception Occurred - See Response Body
[2024-12-10T04:35:11.073Z] Error writing to Modbus register: A Modbus Exception Occurred - See Response Body
[2024-12-10T04:35:12.069Z] Error reading or processing Modbus registers: A Modbus Exception Occurred - See Response Body
[2024-12-10T04:35:12.072Z] Error reading register 6507 for IP 10.30.4.128: A Modbus Exception Occurred - See Response Body
[2024-12-10T04:35:12.072Z] Error reading actual data: A Modbus Exception Occurred - See Response Body
[2024-12-10T04:35:12.073Z] Error writing to Modbus register: A Modbus Exception Occurred - See Response Body
[2024-12-10T04:35:13.083Z] Error reading or processing Modbus registers: A Modbus Exception Occurred - See Response Body
[2024-12-10T04:35:13.086Z] Error reading register 6507 for IP 10.30.4.128: A Modbus Exception Occurred - See Response Body
[2024-12-10T04:35:13.087Z] Error reading actual data: A Modbus Exception Occurred - See Response Body
[2024-12-10T04:35:13.087Z] Error writing to Modbus register: A Modbus Exception Occurred - See Response Body
[2024-12-10T04:35:14.086Z] Error reading or processing Modbus registers: A Modbus Exception Occurred - See Response Body
[2024-12-10T04:35:14.089Z] Error reading register 6507 for IP 10.30.4.128: A Modbus Exception Occurred - See Response Body
[2024-12-10T04:35:14.089Z] Error reading actual data: A Modbus Exception Occurred - See Response Body
[2024-12-10T04:35:14.090Z] Error writing to Modbus register: A Modbus Exception Occurred - See Response Body
[2024-12-10T04:35:15.086Z] Error reading or processing Modbus registers: A Modbus Exception Occurred - See Response Body
[2024-12-10T04:35:15.090Z] Error reading register 6507 for IP 10.30.4.128: A Modbus Exception Occurred - See Response Body
[2024-12-10T04:35:15.091Z] Error reading actual data: A Modbus Exception Occurred - See Response Body
[2024-12-10T04:35:15.092Z] Error writing to Modbus register: A Modbus Exception Occurred - See Response Body
[2024-12-10T04:35:16.088Z] Error reading or processing Modbus registers: A Modbus Exception Occurred - See Response Body
[2024-12-10T04:35:16.092Z] Error reading register 6507 for IP 10.30.4.128: A Modbus Exception Occurred - See Response Body
[2024-12-10T04:35:16.093Z] Error reading actual data: A Modbus Exception Occurred - See Response Body
[2024-12-10T04:35:16.093Z] Error writing to Modbus register: A Modbus Exception Occurred - See Response Body
[2024-12-10T04:35:17.090Z] Error reading or processing Modbus registers: A Modbus Exception Occurred - See Response Body
[2024-12-10T04:35:17.093Z] Error reading register 6507 for IP 10.30.4.128: A Modbus Exception Occurred - See Response Body
[2024-12-10T04:35:17.093Z] Error reading actual data: A Modbus Exception Occurred - See Response Body
[2024-12-10T04:35:17.094Z] Error writing to Modbus register: A Modbus Exception Occurred - See Response Body
[2024-12-10T04:35:18.102Z] Error reading or processing Modbus registers: A Modbus Exception Occurred - See Response Body
[2024-12-10T04:35:18.103Z] Error reading register 6507 for IP 10.30.4.128: A Modbus Exception Occurred - See Response Body
[2024-12-10T04:35:18.104Z] Error reading actual data: A Modbus Exception Occurred - See Response Body
[2024-12-10T04:35:18.105Z] Error writing to Modbus register: A Modbus Exception Occurred - See Response Body
[2024-12-10T04:35:19.113Z] Error reading or processing Modbus registers: A Modbus Exception Occurred - See Response Body
[2024-12-10T04:35:19.115Z] Error reading register 6507 for IP 10.30.4.128: A Modbus Exception Occurred - See Response Body
[2024-12-10T04:35:19.116Z] Error reading actual data: A Modbus Exception Occurred - See Response Body
[2024-12-10T04:35:19.116Z] Error writing to Modbus register: A Modbus Exception Occurred - See Response Body
[2024-12-10T04:35:20.125Z] Error reading or processing Modbus registers: A Modbus Exception Occurred - See Response Body
[2024-12-10T04:35:20.127Z] Error reading register 6507 for IP 10.30.4.128: A Modbus Exception Occurred - See Response Body
[2024-12-10T04:35:20.128Z] Error reading actual data: A Modbus Exception Occurred - See Response Body
[2024-12-10T04:35:20.128Z] Error writing to Modbus register: A Modbus Exception Occurred - See Response Body
[2024-12-10T04:35:21.139Z] Error reading or processing Modbus registers: A Modbus Exception Occurred - See Response Body
[2024-12-10T04:35:21.141Z] Error reading register 6507 for IP 10.30.4.128: A Modbus Exception Occurred - See Response Body
[2024-12-10T04:35:21.141Z] Error reading actual data: A Modbus Exception Occurred - See Response Body
[2024-12-10T04:35:21.142Z] Error writing to Modbus register: A Modbus Exception Occurred - See Response Body
[2024-12-10T04:35:22.153Z] Error reading or processing Modbus registers: A Modbus Exception Occurred - See Response Body
[2024-12-10T04:35:22.155Z] Error reading register 6507 for IP 10.30.4.128: A Modbus Exception Occurred - See Response Body
[2024-12-10T04:35:22.156Z] Error reading actual data: A Modbus Exception Occurred - See Response Body
[2024-12-10T04:35:22.156Z] Error writing to Modbus register: A Modbus Exception Occurred - See Response Body
[2024-12-10T04:35:23.154Z] Error reading or processing Modbus registers: A Modbus Exception Occurred - See Response Body
[2024-12-10T04:35:23.156Z] Error reading register 6507 for IP 10.30.4.128: A Modbus Exception Occurred - See Response Body
[2024-12-10T04:35:23.157Z] Error reading actual data: A Modbus Exception Occurred - See Response Body
[2024-12-10T04:35:23.157Z] Error writing to Modbus register: A Modbus Exception Occurred - See Response Body
[2024-12-10T04:35:24.168Z] Error reading or processing Modbus registers: A Modbus Exception Occurred - See Response Body
[2024-12-10T04:35:24.170Z] Error reading register 6507 for IP 10.30.4.128: A Modbus Exception Occurred - See Response Body
[2024-12-10T04:35:24.171Z] Error reading actual data: A Modbus Exception Occurred - See Response Body
[2024-12-10T04:35:24.171Z] Error writing to Modbus register: A Modbus Exception Occurred - See Response Body
[2024-12-10T04:35:25.182Z] Error reading or processing Modbus registers: A Modbus Exception Occurred - See Response Body
[2024-12-10T04:35:25.184Z] Error reading register 6507 for IP 10.30.4.128: A Modbus Exception Occurred - See Response Body
[2024-12-10T04:35:25.185Z] Error reading actual data: A Modbus Exception Occurred - See Response Body
[2024-12-10T04:35:25.185Z] Error writing to Modbus register: A Modbus Exception Occurred - See Response Body
[2024-12-10T04:35:26.184Z] Error reading or processing Modbus registers: A Modbus Exception Occurred - See Response Body
[2024-12-10T04:35:26.185Z] Error reading register 6507 for IP 10.30.4.128: A Modbus Exception Occurred - See Response Body
[2024-12-10T04:35:26.186Z] Error reading actual data: A Modbus Exception Occurred - See Response Body
[2024-12-10T04:35:26.187Z] Error writing to Modbus register: A Modbus Exception Occurred - See Response Body
[2024-12-10T04:35:27.196Z] Error reading or processing Modbus registers: A Modbus Exception Occurred - See Response Body
[2024-12-10T04:35:27.198Z] Error reading register 6507 for IP 10.30.4.128: A Modbus Exception Occurred - See Response Body
[2024-12-10T04:35:27.199Z] Error reading actual data: A Modbus Exception Occurred - See Response Body
[2024-12-10T04:35:27.200Z] Error writing to Modbus register: A Modbus Exception Occurred - See Response Body
[2024-12-10T04:35:28.199Z] Error reading or processing Modbus registers: A Modbus Exception Occurred - See Response Body
[2024-12-10T04:35:28.201Z] Error reading register 6507 for IP 10.30.4.128: A Modbus Exception Occurred - See Response Body
[2024-12-10T04:35:28.202Z] Error reading actual data: A Modbus Exception Occurred - See Response Body
[2024-12-10T04:35:28.203Z] Error writing to Modbus register: A Modbus Exception Occurred - See Response Body
[2024-12-10T04:35:29.210Z] Error reading or processing Modbus registers: A Modbus Exception Occurred - See Response Body
[2024-12-10T04:35:29.212Z] Error reading register 6507 for IP 10.30.4.128: A Modbus Exception Occurred - See Response Body
[2024-12-10T04:35:29.213Z] Error reading actual data: A Modbus Exception Occurred - See Response Body
[2024-12-10T04:35:29.213Z] Error writing to Modbus register: A Modbus Exception Occurred - See Response Body
[2024-12-10T04:35:30.222Z] Error reading or processing Modbus registers: A Modbus Exception Occurred - See Response Body
[2024-12-10T04:35:30.224Z] Error reading register 6507 for IP 10.30.4.128: A Modbus Exception Occurred - See Response Body
[2024-12-10T04:35:30.225Z] Error reading actual data: A Modbus Exception Occurred - See Response Body
[2024-12-10T04:35:30.225Z] Error writing to Modbus register: A Modbus Exception Occurred - See Response Body
[2024-12-10T04:35:31.236Z] Error reading or processing Modbus registers: A Modbus Exception Occurred - See Response Body
[2024-12-10T04:35:31.238Z] Error reading register 6507 for IP 10.30.4.128: A Modbus Exception Occurred - See Response Body
[2024-12-10T04:35:31.239Z] Error reading actual data: A Modbus Exception Occurred - See Response Body
[2024-12-10T04:35:31.239Z] Error writing to Modbus register: A Modbus Exception Occurred - See Response Body
[2024-12-10T04:35:32.238Z] Error reading or processing Modbus registers: A Modbus Exception Occurred - See Response Body
[2024-12-10T04:35:32.240Z] Error reading register 6507 for IP 10.30.4.128: A Modbus Exception Occurred - See Response Body
[2024-12-10T04:35:32.241Z] Error reading actual data: A Modbus Exception Occurred - See Response Body
[2024-12-10T04:35:32.241Z] Error writing to Modbus register: A Modbus Exception Occurred - See Response Body
[2024-12-10T04:35:33.249Z] Error reading or processing Modbus registers: A Modbus Exception Occurred - See Response Body
[2024-12-10T04:35:33.252Z] Error reading register 6507 for IP 10.30.4.128: A Modbus Exception Occurred - See Response Body
[2024-12-10T04:35:33.252Z] Error reading actual data: A Modbus Exception Occurred - See Response Body
[2024-12-10T04:35:33.253Z] Error writing to Modbus register: A Modbus Exception Occurred - See Response Body
[2024-12-10T04:35:34.251Z] Error reading or processing Modbus registers: A Modbus Exception Occurred - See Response Body
[2024-12-10T04:35:34.253Z] Error reading register 6507 for IP 10.30.4.128: A Modbus Exception Occurred - See Response Body
[2024-12-10T04:35:34.254Z] Error reading actual data: A Modbus Exception Occurred - See Response Body
[2024-12-10T04:35:34.254Z] Error writing to Modbus register: A Modbus Exception Occurred - See Response Body
[2024-12-10T04:35:35.254Z] Error reading or processing Modbus registers: A Modbus Exception Occurred - See Response Body
[2024-12-10T04:35:35.256Z] Error reading register 6507 for IP 10.30.4.128: A Modbus Exception Occurred - See Response Body
[2024-12-10T04:35:35.258Z] Error reading actual data: A Modbus Exception Occurred - See Response Body
[2024-12-10T04:35:35.258Z] Error writing to Modbus register: A Modbus Exception Occurred - See Response Body
[2024-12-10T04:35:36.260Z] Error reading or processing Modbus registers: A Modbus Exception Occurred - See Response Body
[2024-12-10T04:35:36.262Z] Error reading register 6507 for IP 10.30.4.128: A Modbus Exception Occurred - See Response Body
[2024-12-10T04:35:36.263Z] Error reading actual data: A Modbus Exception Occurred - See Response Body
[2024-12-10T04:35:36.263Z] Error writing to Modbus register: A Modbus Exception Occurred - See Response Body
[2024-12-10T04:35:37.262Z] Error reading or processing Modbus registers: A Modbus Exception Occurred - See Response Body
[2024-12-10T04:35:37.264Z] Error reading register 6507 for IP 10.30.4.128: A Modbus Exception Occurred - See Response Body
[2024-12-10T04:35:37.265Z] Error reading actual data: A Modbus Exception Occurred - See Response Body
[2024-12-10T04:35:37.266Z] Error writing to Modbus register: A Modbus Exception Occurred - See Response Body
[2024-12-10T04:35:38.262Z] Error reading or processing Modbus registers: A Modbus Exception Occurred - See Response Body
[2024-12-10T04:35:38.264Z] Error reading register 6507 for IP 10.30.4.128: A Modbus Exception Occurred - See Response Body
[2024-12-10T04:35:38.264Z] Error reading actual data: A Modbus Exception Occurred - See Response Body
[2024-12-10T04:35:38.265Z] Error writing to Modbus register: A Modbus Exception Occurred - See Response Body
[2024-12-10T04:35:39.274Z] Error reading or processing Modbus registers: A Modbus Exception Occurred - See Response Body
[2024-12-10T04:35:39.276Z] Error reading register 6507 for IP 10.30.4.128: A Modbus Exception Occurred - See Response Body
[2024-12-10T04:35:39.277Z] Error reading actual data: A Modbus Exception Occurred - See Response Body
[2024-12-10T04:35:39.278Z] Error writing to Modbus register: A Modbus Exception Occurred - See Response Body
[2024-12-10T04:35:40.288Z] Error reading or processing Modbus registers: A Modbus Exception Occurred - See Response Body
[2024-12-10T04:35:40.291Z] Error reading register 6507 for IP 10.30.4.128: A Modbus Exception Occurred - See Response Body
[2024-12-10T04:35:40.291Z] Error reading actual data: A Modbus Exception Occurred - See Response Body
[2024-12-10T04:35:40.292Z] Error writing to Modbus register: A Modbus Exception Occurred - See Response Body
[2024-12-10T04:35:41.288Z] Error reading or processing Modbus registers: A Modbus Exception Occurred - See Response Body
[2024-12-10T04:35:41.290Z] Error reading register 6507 for IP 10.30.4.128: A Modbus Exception Occurred - See Response Body
[2024-12-10T04:35:41.291Z] Error reading actual data: A Modbus Exception Occurred - See Response Body
[2024-12-10T04:35:41.292Z] Error writing to Modbus register: A Modbus Exception Occurred - See Response Body
[2024-12-10T04:35:42.302Z] Error reading or processing Modbus registers: A Modbus Exception Occurred - See Response Body
[2024-12-10T04:35:42.304Z] Error reading register 6507 for IP 10.30.4.128: A Modbus Exception Occurred - See Response Body
[2024-12-10T04:35:42.305Z] Error reading actual data: A Modbus Exception Occurred - See Response Body
[2024-12-10T04:35:42.305Z] Error writing to Modbus register: A Modbus Exception Occurred - See Response Body
[2024-12-10T04:35:43.302Z] Error reading or processing Modbus registers: A Modbus Exception Occurred - See Response Body
[2024-12-10T04:35:43.305Z] Error reading register 6507 for IP 10.30.4.128: A Modbus Exception Occurred - See Response Body
[2024-12-10T04:35:43.305Z] Error reading actual data: A Modbus Exception Occurred - See Response Body
[2024-12-10T04:35:43.306Z] Error writing to Modbus register: A Modbus Exception Occurred - See Response Body
[2024-12-10T04:35:44.316Z] Error reading or processing Modbus registers: A Modbus Exception Occurred - See Response Body
[2024-12-10T04:35:44.319Z] Error reading register 6507 for IP 10.30.4.128: A Modbus Exception Occurred - See Response Body
[2024-12-10T04:35:44.320Z] Error reading actual data: A Modbus Exception Occurred - See Response Body
[2024-12-10T04:35:44.320Z] Error writing to Modbus register: A Modbus Exception Occurred - See Response Body
[2024-12-10T04:35:45.316Z] Error reading or processing Modbus registers: A Modbus Exception Occurred - See Response Body
[2024-12-10T04:35:45.318Z] Error reading register 6507 for IP 10.30.4.128: A Modbus Exception Occurred - See Response Body
[2024-12-10T04:35:45.319Z] Error reading actual data: A Modbus Exception Occurred - See Response Body
[2024-12-10T04:35:45.319Z] Error writing to Modbus register: A Modbus Exception Occurred - See Response Body
[2024-12-10T04:35:46.329Z] Error reading or processing Modbus registers: A Modbus Exception Occurred - See Response Body
[2024-12-10T04:35:46.331Z] Error reading register 6507 for IP 10.30.4.128: A Modbus Exception Occurred - See Response Body
[2024-12-10T04:35:46.332Z] Error reading actual data: A Modbus Exception Occurred - See Response Body
[2024-12-10T04:35:46.333Z] Error writing to Modbus register: A Modbus Exception Occurred - See Response Body
[2024-12-10T04:35:47.329Z] Error reading or processing Modbus registers: A Modbus Exception Occurred - See Response Body
[2024-12-10T04:35:47.331Z] Error reading register 6507 for IP 10.30.4.128: A Modbus Exception Occurred - See Response Body
[2024-12-10T04:35:47.331Z] Error reading actual data: A Modbus Exception Occurred - See Response Body
[2024-12-10T04:35:47.332Z] Error writing to Modbus register: A Modbus Exception Occurred - See Response Body
[2024-12-10T04:35:48.329Z] Error reading or processing Modbus registers: A Modbus Exception Occurred - See Response Body
[2024-12-10T04:35:48.331Z] Error reading register 6507 for IP 10.30.4.128: A Modbus Exception Occurred - See Response Body
[2024-12-10T04:35:48.332Z] Error reading actual data: A Modbus Exception Occurred - See Response Body
[2024-12-10T04:35:48.333Z] Error writing to Modbus register: A Modbus Exception Occurred - See Response Body
[2024-12-10T04:35:49.331Z] Error reading or processing Modbus registers: A Modbus Exception Occurred - See Response Body
[2024-12-10T04:35:49.333Z] Error reading register 6507 for IP 10.30.4.128: A Modbus Exception Occurred - See Response Body
[2024-12-10T04:35:49.333Z] Error reading actual data: A Modbus Exception Occurred - See Response Body
[2024-12-10T04:35:49.334Z] Error writing to Modbus register: A Modbus Exception Occurred - See Response Body
[2024-12-10T04:35:50.337Z] Error reading or processing Modbus registers: A Modbus Exception Occurred - See Response Body
[2024-12-10T04:35:50.339Z] Error reading register 6507 for IP 10.30.4.128: A Modbus Exception Occurred - See Response Body
[2024-12-10T04:35:50.340Z] Error reading actual data: A Modbus Exception Occurred - See Response Body
[2024-12-10T04:35:50.340Z] Error writing to Modbus register: A Modbus Exception Occurred - See Response Body
[2024-12-10T04:35:51.339Z] Error reading or processing Modbus registers: A Modbus Exception Occurred - See Response Body
[2024-12-10T04:35:51.341Z] Error reading register 6507 for IP 10.30.4.128: A Modbus Exception Occurred - See Response Body
[2024-12-10T04:35:51.341Z] Error reading actual data: A Modbus Exception Occurred - See Response Body
[2024-12-10T04:35:51.342Z] Error writing to Modbus register: A Modbus Exception Occurred - See Response Body
[2024-12-10T04:35:52.340Z] Error reading or processing Modbus registers: A Modbus Exception Occurred - See Response Body
[2024-12-10T04:35:52.343Z] Error reading register 6507 for IP 10.30.4.128: A Modbus Exception Occurred - See Response Body
[2024-12-10T04:35:52.343Z] Error reading actual data: A Modbus Exception Occurred - See Response Body
[2024-12-10T04:35:52.344Z] Error writing to Modbus register: A Modbus Exception Occurred - See Response Body
[2024-12-10T04:35:53.342Z] Error reading or processing Modbus registers: A Modbus Exception Occurred - See Response Body
[2024-12-10T04:35:53.344Z] Error reading register 6507 for IP 10.30.4.128: A Modbus Exception Occurred - See Response Body
[2024-12-10T04:35:53.344Z] Error reading actual data: A Modbus Exception Occurred - See Response Body
[2024-12-10T04:35:53.345Z] Error writing to Modbus register: A Modbus Exception Occurred - See Response Body
[2024-12-10T04:35:54.352Z] Error reading or processing Modbus registers: A Modbus Exception Occurred - See Response Body
[2024-12-10T04:35:54.354Z] Error reading register 6507 for IP 10.30.4.128: A Modbus Exception Occurred - See Response Body
[2024-12-10T04:35:54.355Z] Error reading actual data: A Modbus Exception Occurred - See Response Body
[2024-12-10T04:35:54.356Z] Error writing to Modbus register: A Modbus Exception Occurred - See Response Body
[2024-12-10T04:35:55.366Z] Error reading or processing Modbus registers: A Modbus Exception Occurred - See Response Body
[2024-12-10T04:35:55.368Z] Error reading register 6507 for IP 10.30.4.128: A Modbus Exception Occurred - See Response Body
[2024-12-10T04:35:55.369Z] Error reading actual data: A Modbus Exception Occurred - See Response Body
[2024-12-10T04:35:55.370Z] Error writing to Modbus register: A Modbus Exception Occurred - See Response Body
[2024-12-10T04:35:56.369Z] Error reading or processing Modbus registers: A Modbus Exception Occurred - See Response Body
[2024-12-10T04:35:56.371Z] Error reading register 6507 for IP 10.30.4.128: A Modbus Exception Occurred - See Response Body
[2024-12-10T04:35:56.372Z] Error reading actual data: A Modbus Exception Occurred - See Response Body
[2024-12-10T04:35:56.373Z] Error writing to Modbus register: A Modbus Exception Occurred - See Response Body
[2024-12-10T04:35:57.368Z] Error reading or processing Modbus registers: A Modbus Exception Occurred - See Response Body
[2024-12-10T04:35:57.370Z] Error reading register 6507 for IP 10.30.4.128: A Modbus Exception Occurred - See Response Body
[2024-12-10T04:35:57.371Z] Error reading actual data: A Modbus Exception Occurred - See Response Body
[2024-12-10T04:35:57.371Z] Error writing to Modbus register: A Modbus Exception Occurred - See Response Body
[2024-12-10T04:35:58.380Z] Error reading or processing Modbus registers: A Modbus Exception Occurred - See Response Body
[2024-12-10T04:35:58.382Z] Error reading register 6507 for IP 10.30.4.128: A Modbus Exception Occurred - See Response Body
[2024-12-10T04:35:58.382Z] Error reading actual data: A Modbus Exception Occurred - See Response Body
[2024-12-10T04:35:58.383Z] Error writing to Modbus register: A Modbus Exception Occurred - See Response Body
[2024-12-10T04:35:59.380Z] Error reading or processing Modbus registers: A Modbus Exception Occurred - See Response Body
[2024-12-10T04:35:59.382Z] Error reading register 6507 for IP 10.30.4.128: A Modbus Exception Occurred - See Response Body
[2024-12-10T04:35:59.383Z] Error reading actual data: A Modbus Exception Occurred - See Response Body
[2024-12-10T04:35:59.383Z] Error writing to Modbus register: A Modbus Exception Occurred - See Response Body
[2024-12-10T04:36:00.393Z] Error reading or processing Modbus registers: A Modbus Exception Occurred - See Response Body
[2024-12-10T04:36:00.395Z] Error reading register 6507 for IP 10.30.4.128: A Modbus Exception Occurred - See Response Body
[2024-12-10T04:36:00.396Z] Error reading actual data: A Modbus Exception Occurred - See Response Body
[2024-12-10T04:36:00.396Z] Error writing to Modbus register: A Modbus Exception Occurred - See Response Body
[2024-12-10T04:36:01.394Z] Error reading or processing Modbus registers: A Modbus Exception Occurred - See Response Body
[2024-12-10T04:36:01.396Z] Error reading register 6507 for IP 10.30.4.128: A Modbus Exception Occurred - See Response Body
[2024-12-10T04:36:01.397Z] Error reading actual data: A Modbus Exception Occurred - See Response Body
[2024-12-10T04:36:01.398Z] Error writing to Modbus register: A Modbus Exception Occurred - See Response Body
[2024-12-10T04:36:02.409Z] Error reading or processing Modbus registers: A Modbus Exception Occurred - See Response Body
[2024-12-10T04:36:02.411Z] Error reading register 6507 for IP 10.30.4.128: A Modbus Exception Occurred - See Response Body
[2024-12-10T04:36:02.413Z] Error reading actual data: A Modbus Exception Occurred - See Response Body
[2024-12-10T04:36:02.413Z] Error writing to Modbus register: A Modbus Exception Occurred - See Response Body
[2024-12-10T04:36:03.410Z] Error reading or processing Modbus registers: A Modbus Exception Occurred - See Response Body
[2024-12-10T04:36:03.413Z] Error reading register 6507 for IP 10.30.4.128: A Modbus Exception Occurred - See Response Body
[2024-12-10T04:36:03.413Z] Error reading actual data: A Modbus Exception Occurred - See Response Body
[2024-12-10T04:36:03.414Z] Error writing to Modbus register: A Modbus Exception Occurred - See Response Body
[2024-12-10T04:36:04.423Z] Error reading or processing Modbus registers: A Modbus Exception Occurred - See Response Body
[2024-12-10T04:36:04.425Z] Error reading register 6507 for IP 10.30.4.128: A Modbus Exception Occurred - See Response Body
[2024-12-10T04:36:04.426Z] Error reading actual data: A Modbus Exception Occurred - See Response Body
[2024-12-10T04:36:04.426Z] Error writing to Modbus register: A Modbus Exception Occurred - See Response Body
[2024-12-10T04:36:05.437Z] Error reading or processing Modbus registers: A Modbus Exception Occurred - See Response Body
[2024-12-10T04:36:05.439Z] Error reading register 6507 for IP 10.30.4.128: A Modbus Exception Occurred - See Response Body
[2024-12-10T04:36:05.440Z] Error reading actual data: A Modbus Exception Occurred - See Response Body
[2024-12-10T04:36:05.440Z] Error writing to Modbus register: A Modbus Exception Occurred - See Response Body
[2024-12-10T04:36:06.450Z] Error reading or processing Modbus registers: A Modbus Exception Occurred - See Response Body
[2024-12-10T04:36:06.453Z] Error reading register 6507 for IP 10.30.4.128: A Modbus Exception Occurred - See Response Body
[2024-12-10T04:36:06.453Z] Error reading actual data: A Modbus Exception Occurred - See Response Body
[2024-12-10T04:36:06.455Z] Error writing to Modbus register: A Modbus Exception Occurred - See Response Body
[2024-12-10T04:36:07.457Z] Error reading or processing Modbus registers: A Modbus Exception Occurred - See Response Body
[2024-12-10T04:36:07.459Z] Error reading register 6507 for IP 10.30.4.128: A Modbus Exception Occurred - See Response Body
[2024-12-10T04:36:07.460Z] Error reading actual data: A Modbus Exception Occurred - See Response Body
[2024-12-10T04:36:07.461Z] Error writing to Modbus register: A Modbus Exception Occurred - See Response Body
[2024-12-10T04:36:08.458Z] Error reading or processing Modbus registers: A Modbus Exception Occurred - See Response Body
[2024-12-10T04:36:08.461Z] Error reading register 6507 for IP 10.30.4.128: A Modbus Exception Occurred - See Response Body
[2024-12-10T04:36:08.462Z] Error reading actual data: A Modbus Exception Occurred - See Response Body
[2024-12-10T04:36:08.462Z] Error writing to Modbus register: A Modbus Exception Occurred - See Response Body
[2024-12-10T04:36:09.469Z] Error reading or processing Modbus registers: A Modbus Exception Occurred - See Response Body
[2024-12-10T04:36:09.472Z] Error reading register 6507 for IP 10.30.4.128: A Modbus Exception Occurred - See Response Body
[2024-12-10T04:36:09.473Z] Error reading actual data: A Modbus Exception Occurred - See Response Body
[2024-12-10T04:36:09.474Z] Error writing to Modbus register: A Modbus Exception Occurred - See Response Body
[2024-12-10T04:36:10.482Z] Error reading or processing Modbus registers: A Modbus Exception Occurred - See Response Body
[2024-12-10T04:36:10.484Z] Error reading register 6507 for IP 10.30.4.128: A Modbus Exception Occurred - See Response Body
[2024-12-10T04:36:10.485Z] Error reading actual data: A Modbus Exception Occurred - See Response Body
[2024-12-10T04:36:10.485Z] Error writing to Modbus register: A Modbus Exception Occurred - See Response Body
[2024-12-10T04:36:11.497Z] Error reading or processing Modbus registers: A Modbus Exception Occurred - See Response Body
[2024-12-10T04:36:11.499Z] Error reading register 6507 for IP 10.30.4.128: A Modbus Exception Occurred - See Response Body
[2024-12-10T04:36:11.500Z] Error reading actual data: A Modbus Exception Occurred - See Response Body
[2024-12-10T04:36:11.500Z] Error writing to Modbus register: A Modbus Exception Occurred - See Response Body
[2024-12-10T04:36:12.498Z] Error reading or processing Modbus registers: A Modbus Exception Occurred - See Response Body
[2024-12-10T04:36:12.500Z] Error reading register 6507 for IP 10.30.4.128: A Modbus Exception Occurred - See Response Body
[2024-12-10T04:36:12.501Z] Error reading actual data: A Modbus Exception Occurred - See Response Body
[2024-12-10T04:36:12.502Z] Error writing to Modbus register: A Modbus Exception Occurred - See Response Body
[2024-12-10T04:36:13.513Z] Error reading or processing Modbus registers: A Modbus Exception Occurred - See Response Body
[2024-12-10T04:36:13.515Z] Error reading register 6507 for IP 10.30.4.128: A Modbus Exception Occurred - See Response Body
[2024-12-10T04:36:13.515Z] Error reading actual data: A Modbus Exception Occurred - See Response Body
[2024-12-10T04:36:13.516Z] Error writing to Modbus register: A Modbus Exception Occurred - See Response Body
[2024-12-10T04:36:14.527Z] Error reading or processing Modbus registers: A Modbus Exception Occurred - See Response Body
[2024-12-10T04:36:14.528Z] Error reading register 6507 for IP 10.30.4.128: A Modbus Exception Occurred - See Response Body
[2024-12-10T04:36:14.529Z] Error reading actual data: A Modbus Exception Occurred - See Response Body
[2024-12-10T04:36:14.529Z] Error writing to Modbus register: A Modbus Exception Occurred - See Response Body
[2024-12-10T04:36:15.527Z] Error reading or processing Modbus registers: A Modbus Exception Occurred - See Response Body
[2024-12-10T04:36:15.528Z] Error reading register 6507 for IP 10.30.4.128: A Modbus Exception Occurred - See Response Body
[2024-12-10T04:36:15.530Z] Error reading actual data: A Modbus Exception Occurred - See Response Body
[2024-12-10T04:36:15.530Z] Error writing to Modbus register: A Modbus Exception Occurred - See Response Body
[2024-12-10T04:36:16.528Z] Error reading or processing Modbus registers: A Modbus Exception Occurred - See Response Body
[2024-12-10T04:36:16.531Z] Error reading register 6507 for IP 10.30.4.128: A Modbus Exception Occurred - See Response Body
[2024-12-10T04:36:16.531Z] Error reading actual data: A Modbus Exception Occurred - See Response Body
[2024-12-10T04:36:16.532Z] Error writing to Modbus register: A Modbus Exception Occurred - See Response Body
[2024-12-10T04:36:17.544Z] Error reading or processing Modbus registers: A Modbus Exception Occurred - See Response Body
[2024-12-10T04:36:17.546Z] Error reading register 6507 for IP 10.30.4.128: A Modbus Exception Occurred - See Response Body
[2024-12-10T04:36:17.546Z] Error reading actual data: A Modbus Exception Occurred - See Response Body
[2024-12-10T04:36:17.547Z] Error writing to Modbus register: A Modbus Exception Occurred - See Response Body
[2024-12-10T04:36:18.558Z] Error reading or processing Modbus registers: A Modbus Exception Occurred - See Response Body
[2024-12-10T04:36:18.560Z] Error reading register 6507 for IP 10.30.4.128: A Modbus Exception Occurred - See Response Body
[2024-12-10T04:36:18.561Z] Error reading actual data: A Modbus Exception Occurred - See Response Body
[2024-12-10T04:36:18.561Z] Error writing to Modbus register: A Modbus Exception Occurred - See Response Body
[2024-12-10T04:36:19.573Z] Error reading or processing Modbus registers: A Modbus Exception Occurred - See Response Body
[2024-12-10T04:36:19.576Z] Error reading register 6507 for IP 10.30.4.128: A Modbus Exception Occurred - See Response Body
[2024-12-10T04:36:19.577Z] Error reading actual data: A Modbus Exception Occurred - See Response Body
[2024-12-10T04:36:19.577Z] Error writing to Modbus register: A Modbus Exception Occurred - See Response Body
[2024-12-10T04:36:20.586Z] Error reading or processing Modbus registers: A Modbus Exception Occurred - See Response Body
[2024-12-10T04:36:20.589Z] Error reading register 6507 for IP 10.30.4.128: A Modbus Exception Occurred - See Response Body
[2024-12-10T04:36:20.589Z] Error reading actual data: A Modbus Exception Occurred - See Response Body
[2024-12-10T04:36:20.590Z] Error writing to Modbus register: A Modbus Exception Occurred - See Response Body
[2024-12-10T04:36:21.589Z] Error reading or processing Modbus registers: A Modbus Exception Occurred - See Response Body
[2024-12-10T04:36:21.592Z] Error reading register 6507 for IP 10.30.4.128: A Modbus Exception Occurred - See Response Body
[2024-12-10T04:36:21.593Z] Error writing to Modbus register: A Modbus Exception Occurred - See Response Body
[2024-12-10T04:36:21.593Z] Error reading actual data: A Modbus Exception Occurred - See Response Body
[2024-12-10T04:36:22.592Z] Error reading or processing Modbus registers: A Modbus Exception Occurred - See Response Body
[2024-12-10T04:36:22.594Z] Error reading register 6507 for IP 10.30.4.128: A Modbus Exception Occurred - See Response Body
[2024-12-10T04:36:22.595Z] Error reading actual data: A Modbus Exception Occurred - See Response Body
[2024-12-10T04:36:22.595Z] Error writing to Modbus register: A Modbus Exception Occurred - See Response Body
[2024-12-10T04:36:23.597Z] Error reading or processing Modbus registers: A Modbus Exception Occurred - See Response Body
[2024-12-10T04:36:23.600Z] Error reading register 6507 for IP 10.30.4.128: A Modbus Exception Occurred - See Response Body
[2024-12-10T04:36:23.600Z] Error reading actual data: A Modbus Exception Occurred - See Response Body
[2024-12-10T04:36:23.601Z] Error writing to Modbus register: A Modbus Exception Occurred - See Response Body
[2024-12-10T04:36:24.613Z] Error reading or processing Modbus registers: A Modbus Exception Occurred - See Response Body
[2024-12-10T04:36:24.615Z] Error reading register 6507 for IP 10.30.4.128: A Modbus Exception Occurred - See Response Body
[2024-12-10T04:36:24.616Z] Error reading actual data: A Modbus Exception Occurred - See Response Body
[2024-12-10T04:36:24.616Z] Error writing to Modbus register: A Modbus Exception Occurred - See Response Body
[2024-12-10T04:36:25.626Z] Error reading or processing Modbus registers: A Modbus Exception Occurred - See Response Body
[2024-12-10T04:36:25.628Z] Error reading register 6507 for IP 10.30.4.128: A Modbus Exception Occurred - See Response Body
[2024-12-10T04:36:25.629Z] Error reading actual data: A Modbus Exception Occurred - See Response Body
[2024-12-10T04:36:25.630Z] Error writing to Modbus register: A Modbus Exception Occurred - See Response Body
[2024-12-10T04:36:26.641Z] Error reading or processing Modbus registers: A Modbus Exception Occurred - See Response Body
[2024-12-10T04:36:26.643Z] Error reading register 6507 for IP 10.30.4.128: A Modbus Exception Occurred - See Response Body
[2024-12-10T04:36:26.644Z] Error reading actual data: A Modbus Exception Occurred - See Response Body
[2024-12-10T04:36:26.645Z] Error writing to Modbus register: A Modbus Exception Occurred - See Response Body
[2024-12-10T04:36:27.646Z] Error reading or processing Modbus registers: A Modbus Exception Occurred - See Response Body
[2024-12-10T04:36:27.649Z] Error reading register 6507 for IP 10.30.4.128: A Modbus Exception Occurred - See Response Body
[2024-12-10T04:36:27.650Z] Error reading actual data: A Modbus Exception Occurred - See Response Body
[2024-12-10T04:36:27.650Z] Error writing to Modbus register: A Modbus Exception Occurred - See Response Body
[2024-12-10T04:36:28.652Z] Error reading or processing Modbus registers: A Modbus Exception Occurred - See Response Body
[2024-12-10T04:36:28.654Z] Error reading register 6507 for IP 10.30.4.128: A Modbus Exception Occurred - See Response Body
[2024-12-10T04:36:28.655Z] Error reading actual data: A Modbus Exception Occurred - See Response Body
[2024-12-10T04:36:28.655Z] Error writing to Modbus register: A Modbus Exception Occurred - See Response Body
[2024-12-10T04:36:29.656Z] Error reading or processing Modbus registers: A Modbus Exception Occurred - See Response Body
[2024-12-10T04:36:29.658Z] Error reading register 6507 for IP 10.30.4.128: A Modbus Exception Occurred - See Response Body
[2024-12-10T04:36:29.659Z] Error reading actual data: A Modbus Exception Occurred - See Response Body
[2024-12-10T04:36:29.659Z] Error writing to Modbus register: A Modbus Exception Occurred - See Response Body
[2024-12-10T04:36:30.656Z] Error reading or processing Modbus registers: A Modbus Exception Occurred - See Response Body
[2024-12-10T04:36:30.659Z] Error reading register 6507 for IP 10.30.4.128: A Modbus Exception Occurred - See Response Body
[2024-12-10T04:36:30.659Z] Error reading actual data: A Modbus Exception Occurred - See Response Body
[2024-12-10T04:36:30.662Z] Error writing to Modbus register: A Modbus Exception Occurred - See Response Body
[2024-12-10T04:36:31.669Z] Error reading or processing Modbus registers: A Modbus Exception Occurred - See Response Body
[2024-12-10T04:36:31.672Z] Error reading register 6507 for IP 10.30.4.128: A Modbus Exception Occurred - See Response Body
[2024-12-10T04:36:31.672Z] Error reading actual data: A Modbus Exception Occurred - See Response Body
[2024-12-10T04:36:31.673Z] Error writing to Modbus register: A Modbus Exception Occurred - See Response Body
[2024-12-10T04:36:32.683Z] Error reading or processing Modbus registers: A Modbus Exception Occurred - See Response Body
[2024-12-10T04:36:32.685Z] Error reading register 6507 for IP 10.30.4.128: A Modbus Exception Occurred - See Response Body
[2024-12-10T04:36:32.686Z] Error reading actual data: A Modbus Exception Occurred - See Response Body
[2024-12-10T04:36:32.687Z] Error writing to Modbus register: A Modbus Exception Occurred - See Response Body
[2024-12-10T04:36:33.686Z] Error reading or processing Modbus registers: A Modbus Exception Occurred - See Response Body
[2024-12-10T04:36:33.689Z] Error reading register 6507 for IP 10.30.4.128: A Modbus Exception Occurred - See Response Body
[2024-12-10T04:36:33.689Z] Error reading actual data: A Modbus Exception Occurred - See Response Body
[2024-12-10T04:36:33.690Z] Error writing to Modbus register: A Modbus Exception Occurred - See Response Body
[2024-12-10T04:36:34.688Z] Error reading or processing Modbus registers: A Modbus Exception Occurred - See Response Body
[2024-12-10T04:36:34.690Z] Error reading register 6507 for IP 10.30.4.128: A Modbus Exception Occurred - See Response Body
[2024-12-10T04:36:34.691Z] Error reading actual data: A Modbus Exception Occurred - See Response Body
[2024-12-10T04:36:34.691Z] Error writing to Modbus register: A Modbus Exception Occurred - See Response Body
[2024-12-10T04:36:35.702Z] Error reading or processing Modbus registers: A Modbus Exception Occurred - See Response Body
[2024-12-10T04:36:35.704Z] Error reading register 6507 for IP 10.30.4.128: A Modbus Exception Occurred - See Response Body
[2024-12-10T04:36:35.705Z] Error reading actual data: A Modbus Exception Occurred - See Response Body
[2024-12-10T04:36:35.706Z] Error writing to Modbus register: A Modbus Exception Occurred - See Response Body
[2024-12-10T04:36:36.705Z] Error reading or processing Modbus registers: A Modbus Exception Occurred - See Response Body
[2024-12-10T04:36:36.708Z] Error reading register 6507 for IP 10.30.4.128: A Modbus Exception Occurred - See Response Body
[2024-12-10T04:36:36.708Z] Error reading actual data: A Modbus Exception Occurred - See Response Body
[2024-12-10T04:36:36.709Z] Error writing to Modbus register: A Modbus Exception Occurred - See Response Body
[2024-12-10T04:36:37.705Z] Error reading or processing Modbus registers: A Modbus Exception Occurred - See Response Body
[2024-12-10T04:36:37.708Z] Error reading register 6507 for IP 10.30.4.128: A Modbus Exception Occurred - See Response Body
[2024-12-10T04:36:37.708Z] Error reading actual data: A Modbus Exception Occurred - See Response Body
[2024-12-10T04:36:37.709Z] Error writing to Modbus register: A Modbus Exception Occurred - See Response Body
[2024-12-10T04:36:38.720Z] Error reading or processing Modbus registers: A Modbus Exception Occurred - See Response Body
[2024-12-10T04:36:38.722Z] Error reading register 6507 for IP 10.30.4.128: A Modbus Exception Occurred - See Response Body
[2024-12-10T04:36:38.723Z] Error reading actual data: A Modbus Exception Occurred - See Response Body
[2024-12-10T04:36:38.724Z] Error writing to Modbus register: A Modbus Exception Occurred - See Response Body
[2024-12-10T04:36:39.720Z] Error reading or processing Modbus registers: A Modbus Exception Occurred - See Response Body
[2024-12-10T04:36:39.722Z] Error reading register 6507 for IP 10.30.4.128: A Modbus Exception Occurred - See Response Body
[2024-12-10T04:36:39.723Z] Error reading actual data: A Modbus Exception Occurred - See Response Body
[2024-12-10T04:36:39.723Z] Error writing to Modbus register: A Modbus Exception Occurred - See Response Body
[2024-12-10T04:36:40.735Z] Error reading or processing Modbus registers: A Modbus Exception Occurred - See Response Body
[2024-12-10T04:36:40.737Z] Error reading register 6507 for IP 10.30.4.128: A Modbus Exception Occurred - See Response Body
[2024-12-10T04:36:40.739Z] Error reading actual data: A Modbus Exception Occurred - See Response Body
[2024-12-10T04:36:40.740Z] Error writing to Modbus register: A Modbus Exception Occurred - See Response Body
[2024-12-10T04:36:41.736Z] Error reading or processing Modbus registers: A Modbus Exception Occurred - See Response Body
[2024-12-10T04:36:41.739Z] Error reading register 6507 for IP 10.30.4.128: A Modbus Exception Occurred - See Response Body
[2024-12-10T04:36:41.740Z] Error reading actual data: A Modbus Exception Occurred - See Response Body
[2024-12-10T04:36:41.740Z] Error writing to Modbus register: A Modbus Exception Occurred - See Response Body
[2024-12-10T04:36:42.743Z] Error reading or processing Modbus registers: A Modbus Exception Occurred - See Response Body
[2024-12-10T04:36:42.745Z] Error reading register 6507 for IP 10.30.4.128: A Modbus Exception Occurred - See Response Body
[2024-12-10T04:36:42.746Z] Error reading actual data: A Modbus Exception Occurred - See Response Body
[2024-12-10T04:36:42.746Z] Error writing to Modbus register: A Modbus Exception Occurred - See Response Body
[2024-12-10T04:36:43.746Z] Error reading or processing Modbus registers: A Modbus Exception Occurred - See Response Body
[2024-12-10T04:36:43.749Z] Error reading register 6507 for IP 10.30.4.128: A Modbus Exception Occurred - See Response Body
[2024-12-10T04:36:43.749Z] Error reading actual data: A Modbus Exception Occurred - See Response Body
[2024-12-10T04:36:43.750Z] Error writing to Modbus register: A Modbus Exception Occurred - See Response Body
[2024-12-10T04:36:44.760Z] Error reading or processing Modbus registers: A Modbus Exception Occurred - See Response Body
[2024-12-10T04:36:44.763Z] Error reading register 6507 for IP 10.30.4.128: A Modbus Exception Occurred - See Response Body
[2024-12-10T04:36:44.763Z] Error reading actual data: A Modbus Exception Occurred - See Response Body
[2024-12-10T04:36:44.764Z] Error writing to Modbus register: A Modbus Exception Occurred - See Response Body
[2024-12-10T04:36:45.760Z] Error reading or processing Modbus registers: A Modbus Exception Occurred - See Response Body
[2024-12-10T04:36:45.762Z] Error reading register 6507 for IP 10.30.4.128: A Modbus Exception Occurred - See Response Body
[2024-12-10T04:36:45.763Z] Error reading actual data: A Modbus Exception Occurred - See Response Body
[2024-12-10T04:36:45.763Z] Error writing to Modbus register: A Modbus Exception Occurred - See Response Body
[2024-12-10T04:36:46.761Z] Error reading or processing Modbus registers: A Modbus Exception Occurred - See Response Body
[2024-12-10T04:36:46.764Z] Error reading register 6507 for IP 10.30.4.128: A Modbus Exception Occurred - See Response Body
[2024-12-10T04:36:46.764Z] Error reading actual data: A Modbus Exception Occurred - See Response Body
[2024-12-10T04:36:46.765Z] Error writing to Modbus register: A Modbus Exception Occurred - See Response Body
[2024-12-10T04:36:47.775Z] Error reading or processing Modbus registers: A Modbus Exception Occurred - See Response Body
[2024-12-10T04:36:47.777Z] Error reading register 6507 for IP 10.30.4.128: A Modbus Exception Occurred - See Response Body
[2024-12-10T04:36:47.778Z] Error reading actual data: A Modbus Exception Occurred - See Response Body
[2024-12-10T04:36:47.778Z] Error writing to Modbus register: A Modbus Exception Occurred - See Response Body
[2024-12-10T04:36:48.776Z] Error reading or processing Modbus registers: A Modbus Exception Occurred - See Response Body
[2024-12-10T04:36:48.778Z] Error reading register 6507 for IP 10.30.4.128: A Modbus Exception Occurred - See Response Body
[2024-12-10T04:36:48.779Z] Error reading actual data: A Modbus Exception Occurred - See Response Body
[2024-12-10T04:36:48.780Z] Error writing to Modbus register: A Modbus Exception Occurred - See Response Body
[2024-12-10T04:36:49.786Z] Error reading or processing Modbus registers: A Modbus Exception Occurred - See Response Body
[2024-12-10T04:36:49.788Z] Error reading register 6507 for IP 10.30.4.128: A Modbus Exception Occurred - See Response Body
[2024-12-10T04:36:49.789Z] Error reading actual data: A Modbus Exception Occurred - See Response Body
[2024-12-10T04:36:49.789Z] Error writing to Modbus register: A Modbus Exception Occurred - See Response Body
[2024-12-10T04:36:50.792Z] Error reading or processing Modbus registers: A Modbus Exception Occurred - See Response Body
[2024-12-10T04:36:50.794Z] Error reading register 6507 for IP 10.30.4.128: A Modbus Exception Occurred - See Response Body
[2024-12-10T04:36:50.795Z] Error reading actual data: A Modbus Exception Occurred - See Response Body
[2024-12-10T04:36:50.796Z] Error writing to Modbus register: A Modbus Exception Occurred - See Response Body
[2024-12-10T04:36:51.793Z] Error reading or processing Modbus registers: A Modbus Exception Occurred - See Response Body
[2024-12-10T04:36:51.795Z] Error reading register 6507 for IP 10.30.4.128: A Modbus Exception Occurred - See Response Body
[2024-12-10T04:36:51.796Z] Error reading actual data: A Modbus Exception Occurred - See Response Body
[2024-12-10T04:36:51.797Z] Error writing to Modbus register: A Modbus Exception Occurred - See Response Body
[2024-12-10T04:36:52.808Z] Error reading or processing Modbus registers: A Modbus Exception Occurred - See Response Body
[2024-12-10T04:36:52.811Z] Error reading register 6507 for IP 10.30.4.128: A Modbus Exception Occurred - See Response Body
[2024-12-10T04:36:52.811Z] Error reading actual data: A Modbus Exception Occurred - See Response Body
[2024-12-10T04:36:52.812Z] Error writing to Modbus register: A Modbus Exception Occurred - See Response Body
[2024-12-10T04:36:53.811Z] Error reading or processing Modbus registers: A Modbus Exception Occurred - See Response Body
[2024-12-10T04:36:53.813Z] Error reading register 6507 for IP 10.30.4.128: A Modbus Exception Occurred - See Response Body
[2024-12-10T04:36:53.814Z] Error reading actual data: A Modbus Exception Occurred - See Response Body
[2024-12-10T04:36:53.815Z] Error writing to Modbus register: A Modbus Exception Occurred - See Response Body
[2024-12-10T04:36:54.813Z] Error reading or processing Modbus registers: A Modbus Exception Occurred - See Response Body
[2024-12-10T04:36:54.816Z] Error reading register 6507 for IP 10.30.4.128: A Modbus Exception Occurred - See Response Body
[2024-12-10T04:36:54.816Z] Error reading actual data: A Modbus Exception Occurred - See Response Body
[2024-12-10T04:36:54.817Z] Error writing to Modbus register: A Modbus Exception Occurred - See Response Body
[2024-12-10T04:36:55.825Z] Error reading or processing Modbus registers: A Modbus Exception Occurred - See Response Body
[2024-12-10T04:36:55.828Z] Error reading register 6507 for IP 10.30.4.128: A Modbus Exception Occurred - See Response Body
[2024-12-10T04:36:55.829Z] Error reading actual data: A Modbus Exception Occurred - See Response Body
[2024-12-10T04:36:55.830Z] Error writing to Modbus register: A Modbus Exception Occurred - See Response Body
[2024-12-10T04:36:56.832Z] Error reading or processing Modbus registers: A Modbus Exception Occurred - See Response Body
[2024-12-10T04:36:56.834Z] Error reading register 6507 for IP 10.30.4.128: A Modbus Exception Occurred - See Response Body
[2024-12-10T04:36:56.834Z] Error reading actual data: A Modbus Exception Occurred - See Response Body
[2024-12-10T04:36:56.835Z] Error writing to Modbus register: A Modbus Exception Occurred - See Response Body
[2024-12-10T04:36:57.845Z] Error reading or processing Modbus registers: A Modbus Exception Occurred - See Response Body
[2024-12-10T04:36:57.847Z] Error reading register 6507 for IP 10.30.4.128: A Modbus Exception Occurred - See Response Body
[2024-12-10T04:36:57.848Z] Error reading actual data: A Modbus Exception Occurred - See Response Body
[2024-12-10T04:36:57.848Z] Error writing to Modbus register: A Modbus Exception Occurred - See Response Body
[2024-12-10T04:36:58.846Z] Error reading or processing Modbus registers: A Modbus Exception Occurred - See Response Body
[2024-12-10T04:36:58.849Z] Error reading register 6507 for IP 10.30.4.128: A Modbus Exception Occurred - See Response Body
[2024-12-10T04:36:58.850Z] Error reading actual data: A Modbus Exception Occurred - See Response Body
[2024-12-10T04:36:58.850Z] Error writing to Modbus register: A Modbus Exception Occurred - See Response Body
[2024-12-10T04:36:59.860Z] Error reading or processing Modbus registers: A Modbus Exception Occurred - See Response Body
[2024-12-10T04:36:59.862Z] Error reading register 6507 for IP 10.30.4.128: A Modbus Exception Occurred - See Response Body
[2024-12-10T04:36:59.862Z] Error reading actual data: A Modbus Exception Occurred - See Response Body
[2024-12-10T04:36:59.863Z] Error writing to Modbus register: A Modbus Exception Occurred - See Response Body
[2024-12-10T04:37:00.872Z] Error reading or processing Modbus registers: A Modbus Exception Occurred - See Response Body
[2024-12-10T04:37:00.874Z] Error reading register 6507 for IP 10.30.4.128: A Modbus Exception Occurred - See Response Body
[2024-12-10T04:37:00.875Z] Error reading actual data: A Modbus Exception Occurred - See Response Body
[2024-12-10T04:37:00.875Z] Error writing to Modbus register: A Modbus Exception Occurred - See Response Body
[2024-12-10T04:37:01.879Z] Error reading or processing Modbus registers: A Modbus Exception Occurred - See Response Body
[2024-12-10T04:37:01.881Z] Error reading register 6507 for IP 10.30.4.128: A Modbus Exception Occurred - See Response Body
[2024-12-10T04:37:01.882Z] Error reading actual data: A Modbus Exception Occurred - See Response Body
[2024-12-10T04:37:01.882Z] Error writing to Modbus register: A Modbus Exception Occurred - See Response Body
[2024-12-10T04:37:02.885Z] Error reading or processing Modbus registers: A Modbus Exception Occurred - See Response Body
[2024-12-10T04:37:02.887Z] Error reading register 6507 for IP 10.30.4.128: A Modbus Exception Occurred - See Response Body
[2024-12-10T04:37:02.887Z] Error reading actual data: A Modbus Exception Occurred - See Response Body
[2024-12-10T04:37:02.888Z] Error writing to Modbus register: A Modbus Exception Occurred - See Response Body
[2024-12-10T04:37:03.898Z] Error reading or processing Modbus registers: A Modbus Exception Occurred - See Response Body
[2024-12-10T04:37:03.900Z] Error reading register 6507 for IP 10.30.4.128: A Modbus Exception Occurred - See Response Body
[2024-12-10T04:37:03.901Z] Error reading actual data: A Modbus Exception Occurred - See Response Body
[2024-12-10T04:37:03.901Z] Error writing to Modbus register: A Modbus Exception Occurred - See Response Body
[2024-12-10T04:37:04.909Z] Error reading or processing Modbus registers: A Modbus Exception Occurred - See Response Body
[2024-12-10T04:37:04.911Z] Error reading register 6507 for IP 10.30.4.128: A Modbus Exception Occurred - See Response Body
[2024-12-10T04:37:04.912Z] Error reading actual data: A Modbus Exception Occurred - See Response Body
[2024-12-10T04:37:04.912Z] Error writing to Modbus register: A Modbus Exception Occurred - See Response Body
[2024-12-10T04:37:05.923Z] Error reading or processing Modbus registers: A Modbus Exception Occurred - See Response Body
[2024-12-10T04:37:05.925Z] Error reading register 6507 for IP 10.30.4.128: A Modbus Exception Occurred - See Response Body
[2024-12-10T04:37:05.925Z] Error reading actual data: A Modbus Exception Occurred - See Response Body
[2024-12-10T04:37:05.926Z] Error writing to Modbus register: A Modbus Exception Occurred - See Response Body
[2024-12-10T04:37:06.929Z] Error reading or processing Modbus registers: A Modbus Exception Occurred - See Response Body
[2024-12-10T04:37:06.931Z] Error reading register 6507 for IP 10.30.4.128: A Modbus Exception Occurred - See Response Body
[2024-12-10T04:37:06.931Z] Error reading actual data: A Modbus Exception Occurred - See Response Body
[2024-12-10T04:37:06.932Z] Error writing to Modbus register: A Modbus Exception Occurred - See Response Body
[2024-12-10T04:37:07.930Z] Error reading or processing Modbus registers: A Modbus Exception Occurred - See Response Body
[2024-12-10T04:37:07.932Z] Error reading register 6507 for IP 10.30.4.128: A Modbus Exception Occurred - See Response Body
[2024-12-10T04:37:07.933Z] Error reading actual data: A Modbus Exception Occurred - See Response Body
[2024-12-10T04:37:07.933Z] Error writing to Modbus register: A Modbus Exception Occurred - See Response Body
[2024-12-10T04:37:08.934Z] Error reading or processing Modbus registers: A Modbus Exception Occurred - See Response Body
[2024-12-10T04:37:08.937Z] Error reading register 6507 for IP 10.30.4.128: A Modbus Exception Occurred - See Response Body
[2024-12-10T04:37:08.938Z] Error reading actual data: A Modbus Exception Occurred - See Response Body
[2024-12-10T04:37:08.938Z] Error writing to Modbus register: A Modbus Exception Occurred - See Response Body
[2024-12-10T04:37:09.950Z] Error reading or processing Modbus registers: A Modbus Exception Occurred - See Response Body
[2024-12-10T04:37:09.952Z] Error reading register 6507 for IP 10.30.4.128: A Modbus Exception Occurred - See Response Body
[2024-12-10T04:37:09.952Z] Error reading actual data: A Modbus Exception Occurred - See Response Body
[2024-12-10T04:37:09.953Z] Error writing to Modbus register: A Modbus Exception Occurred - See Response Body
[2024-12-10T04:37:10.965Z] Error reading or processing Modbus registers: A Modbus Exception Occurred - See Response Body
[2024-12-10T04:37:10.967Z] Error reading register 6507 for IP 10.30.4.128: A Modbus Exception Occurred - See Response Body
[2024-12-10T04:37:10.968Z] Error reading actual data: A Modbus Exception Occurred - See Response Body
[2024-12-10T04:37:10.968Z] Error writing to Modbus register: A Modbus Exception Occurred - See Response Body
[2024-12-10T04:37:11.979Z] Error reading or processing Modbus registers: A Modbus Exception Occurred - See Response Body
[2024-12-10T04:37:11.982Z] Error reading register 6507 for IP 10.30.4.128: A Modbus Exception Occurred - See Response Body
[2024-12-10T04:37:11.983Z] Error reading actual data: A Modbus Exception Occurred - See Response Body
[2024-12-10T04:37:11.983Z] Error writing to Modbus register: A Modbus Exception Occurred - See Response Body
[2024-12-10T04:37:12.991Z] Error reading or processing Modbus registers: A Modbus Exception Occurred - See Response Body
[2024-12-10T04:37:12.993Z] Error reading register 6507 for IP 10.30.4.128: A Modbus Exception Occurred - See Response Body
[2024-12-10T04:37:12.994Z] Error reading actual data: A Modbus Exception Occurred - See Response Body
[2024-12-10T04:37:12.994Z] Error writing to Modbus register: A Modbus Exception Occurred - See Response Body
[2024-12-10T04:37:14.004Z] Error reading or processing Modbus registers: A Modbus Exception Occurred - See Response Body
[2024-12-10T04:37:14.006Z] Error reading register 6507 for IP 10.30.4.128: A Modbus Exception Occurred - See Response Body
[2024-12-10T04:37:14.007Z] Error reading actual data: A Modbus Exception Occurred - See Response Body
[2024-12-10T04:37:14.008Z] Error writing to Modbus register: A Modbus Exception Occurred - See Response Body
[2024-12-10T04:37:15.019Z] Error reading or processing Modbus registers: A Modbus Exception Occurred - See Response Body
[2024-12-10T04:37:15.021Z] Error reading register 6507 for IP 10.30.4.128: A Modbus Exception Occurred - See Response Body
[2024-12-10T04:37:15.021Z] Error reading actual data: A Modbus Exception Occurred - See Response Body
[2024-12-10T04:37:15.022Z] Error writing to Modbus register: A Modbus Exception Occurred - See Response Body
[2024-12-10T04:37:16.024Z] Error reading or processing Modbus registers: A Modbus Exception Occurred - See Response Body
[2024-12-10T04:37:16.026Z] Error reading register 6507 for IP 10.30.4.128: A Modbus Exception Occurred - See Response Body
[2024-12-10T04:37:16.027Z] Error reading actual data: A Modbus Exception Occurred - See Response Body
[2024-12-10T04:37:16.028Z] Error writing to Modbus register: A Modbus Exception Occurred - See Response Body
[2024-12-10T04:37:17.040Z] Error reading or processing Modbus registers: A Modbus Exception Occurred - See Response Body
[2024-12-10T04:37:17.044Z] Error reading register 6507 for IP 10.30.4.128: A Modbus Exception Occurred - See Response Body
[2024-12-10T04:37:17.045Z] Error reading actual data: A Modbus Exception Occurred - See Response Body
[2024-12-10T04:37:17.045Z] Error writing to Modbus register: A Modbus Exception Occurred - See Response Body
[2024-12-10T04:37:18.043Z] Error reading or processing Modbus registers: A Modbus Exception Occurred - See Response Body
[2024-12-10T04:37:18.045Z] Error reading register 6507 for IP 10.30.4.128: A Modbus Exception Occurred - See Response Body
[2024-12-10T04:37:18.046Z] Error reading actual data: A Modbus Exception Occurred - See Response Body
[2024-12-10T04:37:18.046Z] Error writing to Modbus register: A Modbus Exception Occurred - See Response Body
[2024-12-10T04:37:19.057Z] Error reading or processing Modbus registers: A Modbus Exception Occurred - See Response Body
[2024-12-10T04:37:19.059Z] Error reading register 6507 for IP 10.30.4.128: A Modbus Exception Occurred - See Response Body
[2024-12-10T04:37:19.059Z] Error reading actual data: A Modbus Exception Occurred - See Response Body
[2024-12-10T04:37:19.060Z] Error writing to Modbus register: A Modbus Exception Occurred - See Response Body
[2024-12-10T04:37:20.070Z] Error reading or processing Modbus registers: A Modbus Exception Occurred - See Response Body
[2024-12-10T04:37:20.072Z] Error reading register 6507 for IP 10.30.4.128: A Modbus Exception Occurred - See Response Body
[2024-12-10T04:37:20.073Z] Error reading actual data: A Modbus Exception Occurred - See Response Body
[2024-12-10T04:37:20.074Z] Error writing to Modbus register: A Modbus Exception Occurred - See Response Body
[2024-12-10T04:37:21.073Z] Error reading or processing Modbus registers: A Modbus Exception Occurred - See Response Body
[2024-12-10T04:37:21.076Z] Error reading register 6507 for IP 10.30.4.128: A Modbus Exception Occurred - See Response Body
[2024-12-10T04:37:21.076Z] Error reading actual data: A Modbus Exception Occurred - See Response Body
[2024-12-10T04:37:21.077Z] Error writing to Modbus register: A Modbus Exception Occurred - See Response Body
[2024-12-10T04:37:22.089Z] Error reading or processing Modbus registers: A Modbus Exception Occurred - See Response Body
[2024-12-10T04:37:22.090Z] Error reading register 6507 for IP 10.30.4.128: A Modbus Exception Occurred - See Response Body
[2024-12-10T04:37:22.091Z] Error reading actual data: A Modbus Exception Occurred - See Response Body
[2024-12-10T04:37:22.092Z] Error writing to Modbus register: A Modbus Exception Occurred - See Response Body
[2024-12-10T04:37:23.091Z] Error reading or processing Modbus registers: A Modbus Exception Occurred - See Response Body
[2024-12-10T04:37:23.093Z] Error reading register 6507 for IP 10.30.4.128: A Modbus Exception Occurred - See Response Body
[2024-12-10T04:37:23.094Z] Error reading actual data: A Modbus Exception Occurred - See Response Body
[2024-12-10T04:37:23.095Z] Error writing to Modbus register: A Modbus Exception Occurred - See Response Body
[2024-12-10T04:37:24.104Z] Error reading or processing Modbus registers: A Modbus Exception Occurred - See Response Body
[2024-12-10T04:37:24.107Z] Error reading register 6507 for IP 10.30.4.128: A Modbus Exception Occurred - See Response Body
[2024-12-10T04:37:24.107Z] Error reading actual data: A Modbus Exception Occurred - See Response Body
[2024-12-10T04:37:24.108Z] Error writing to Modbus register: A Modbus Exception Occurred - See Response Body
[2024-12-10T04:37:25.119Z] Error reading or processing Modbus registers: A Modbus Exception Occurred - See Response Body
[2024-12-10T04:37:25.121Z] Error reading register 6507 for IP 10.30.4.128: A Modbus Exception Occurred - See Response Body
[2024-12-10T04:37:25.122Z] Error reading actual data: A Modbus Exception Occurred - See Response Body
[2024-12-10T04:37:25.122Z] Error writing to Modbus register: A Modbus Exception Occurred - See Response Body
[2024-12-10T04:37:26.132Z] Error reading or processing Modbus registers: A Modbus Exception Occurred - See Response Body
[2024-12-10T04:37:26.135Z] Error reading register 6507 for IP 10.30.4.128: A Modbus Exception Occurred - See Response Body
[2024-12-10T04:37:26.136Z] Error reading actual data: A Modbus Exception Occurred - See Response Body
[2024-12-10T04:37:26.136Z] Error writing to Modbus register: A Modbus Exception Occurred - See Response Body
[2024-12-10T04:37:27.134Z] Error reading or processing Modbus registers: A Modbus Exception Occurred - See Response Body
[2024-12-10T04:37:27.136Z] Error reading register 6507 for IP 10.30.4.128: A Modbus Exception Occurred - See Response Body
[2024-12-10T04:37:27.137Z] Error reading actual data: A Modbus Exception Occurred - See Response Body
[2024-12-10T04:37:27.137Z] Error writing to Modbus register: A Modbus Exception Occurred - See Response Body
[2024-12-10T04:37:28.135Z] Error reading or processing Modbus registers: A Modbus Exception Occurred - See Response Body
[2024-12-10T04:37:28.137Z] Error reading register 6507 for IP 10.30.4.128: A Modbus Exception Occurred - See Response Body
[2024-12-10T04:37:28.138Z] Error reading actual data: A Modbus Exception Occurred - See Response Body
[2024-12-10T04:37:28.139Z] Error writing to Modbus register: A Modbus Exception Occurred - See Response Body
[2024-12-10T04:37:29.137Z] Error reading or processing Modbus registers: A Modbus Exception Occurred - See Response Body
[2024-12-10T04:37:29.139Z] Error reading register 6507 for IP 10.30.4.128: A Modbus Exception Occurred - See Response Body
[2024-12-10T04:37:29.140Z] Error reading actual data: A Modbus Exception Occurred - See Response Body
[2024-12-10T04:37:29.141Z] Error writing to Modbus register: A Modbus Exception Occurred - See Response Body
[2024-12-10T04:37:30.146Z] Error reading or processing Modbus registers: A Modbus Exception Occurred - See Response Body
[2024-12-10T04:37:30.148Z] Error reading register 6507 for IP 10.30.4.128: A Modbus Exception Occurred - See Response Body
[2024-12-10T04:37:30.148Z] Error reading actual data: A Modbus Exception Occurred - See Response Body
[2024-12-10T04:37:30.149Z] Error writing to Modbus register: A Modbus Exception Occurred - See Response Body
[2024-12-10T04:37:31.148Z] Error reading or processing Modbus registers: A Modbus Exception Occurred - See Response Body
[2024-12-10T04:37:31.150Z] Error reading register 6507 for IP 10.30.4.128: A Modbus Exception Occurred - See Response Body
[2024-12-10T04:37:31.151Z] Error reading actual data: A Modbus Exception Occurred - See Response Body
[2024-12-10T04:37:31.152Z] Error writing to Modbus register: A Modbus Exception Occurred - See Response Body
[2024-12-10T04:37:32.149Z] Error reading or processing Modbus registers: A Modbus Exception Occurred - See Response Body
[2024-12-10T04:37:32.151Z] Error reading register 6507 for IP 10.30.4.128: A Modbus Exception Occurred - See Response Body
[2024-12-10T04:37:32.152Z] Error reading actual data: A Modbus Exception Occurred - See Response Body
[2024-12-10T04:37:32.152Z] Error writing to Modbus register: A Modbus Exception Occurred - See Response Body
[2024-12-10T04:37:33.160Z] Error reading or processing Modbus registers: A Modbus Exception Occurred - See Response Body
[2024-12-10T04:37:33.162Z] Error reading register 6507 for IP 10.30.4.128: A Modbus Exception Occurred - See Response Body
[2024-12-10T04:37:33.163Z] Error reading actual data: A Modbus Exception Occurred - See Response Body
[2024-12-10T04:37:33.164Z] Error writing to Modbus register: A Modbus Exception Occurred - See Response Body
[2024-12-10T04:37:34.174Z] Error reading or processing Modbus registers: A Modbus Exception Occurred - See Response Body
[2024-12-10T04:37:34.176Z] Error reading register 6507 for IP 10.30.4.128: A Modbus Exception Occurred - See Response Body
[2024-12-10T04:37:34.177Z] Error reading actual data: A Modbus Exception Occurred - See Response Body
[2024-12-10T04:37:34.178Z] Error writing to Modbus register: A Modbus Exception Occurred - See Response Body
[2024-12-10T04:37:35.187Z] Error reading or processing Modbus registers: A Modbus Exception Occurred - See Response Body
[2024-12-10T04:37:35.189Z] Error reading register 6507 for IP 10.30.4.128: A Modbus Exception Occurred - See Response Body
[2024-12-10T04:37:35.189Z] Error reading actual data: A Modbus Exception Occurred - See Response Body
[2024-12-10T04:37:35.190Z] Error writing to Modbus register: A Modbus Exception Occurred - See Response Body
[2024-12-10T04:37:36.187Z] Error reading or processing Modbus registers: A Modbus Exception Occurred - See Response Body
[2024-12-10T04:37:36.189Z] Error reading register 6507 for IP 10.30.4.128: A Modbus Exception Occurred - See Response Body
[2024-12-10T04:37:36.190Z] Error reading actual data: A Modbus Exception Occurred - See Response Body
[2024-12-10T04:37:36.190Z] Error writing to Modbus register: A Modbus Exception Occurred - See Response Body
[2024-12-10T04:37:37.202Z] Error reading or processing Modbus registers: A Modbus Exception Occurred - See Response Body
[2024-12-10T04:37:37.205Z] Error reading register 6507 for IP 10.30.4.128: A Modbus Exception Occurred - See Response Body
[2024-12-10T04:37:37.205Z] Error reading actual data: A Modbus Exception Occurred - See Response Body
[2024-12-10T04:37:37.206Z] Error writing to Modbus register: A Modbus Exception Occurred - See Response Body
[2024-12-10T04:37:38.203Z] Error reading or processing Modbus registers: A Modbus Exception Occurred - See Response Body
[2024-12-10T04:37:38.205Z] Error reading register 6507 for IP 10.30.4.128: A Modbus Exception Occurred - See Response Body
[2024-12-10T04:37:38.206Z] Error reading actual data: A Modbus Exception Occurred - See Response Body
[2024-12-10T04:37:38.206Z] Error writing to Modbus register: A Modbus Exception Occurred - See Response Body
[2024-12-10T04:37:39.203Z] Error reading or processing Modbus registers: A Modbus Exception Occurred - See Response Body
[2024-12-10T04:37:39.217Z] Error reading register 6507 for IP 10.30.4.128: A Modbus Exception Occurred - See Response Body
[2024-12-10T04:37:39.218Z] Error reading actual data: A Modbus Exception Occurred - See Response Body
[2024-12-10T04:37:39.218Z] Error writing to Modbus register: A Modbus Exception Occurred - See Response Body
[2024-12-10T04:37:40.212Z] Error reading or processing Modbus registers: A Modbus Exception Occurred - See Response Body
[2024-12-10T04:37:40.214Z] Error reading register 6507 for IP 10.30.4.128: A Modbus Exception Occurred - See Response Body
[2024-12-10T04:37:40.215Z] Error reading actual data: A Modbus Exception Occurred - See Response Body
[2024-12-10T04:37:40.215Z] Error writing to Modbus register: A Modbus Exception Occurred - See Response Body
[2024-12-10T04:37:41.219Z] Error reading or processing Modbus registers: A Modbus Exception Occurred - See Response Body
[2024-12-10T04:37:41.221Z] Error reading register 6507 for IP 10.30.4.128: A Modbus Exception Occurred - See Response Body
[2024-12-10T04:37:41.221Z] Error reading actual data: A Modbus Exception Occurred - See Response Body
[2024-12-10T04:37:41.222Z] Error writing to Modbus register: A Modbus Exception Occurred - See Response Body
[2024-12-10T04:37:42.233Z] Error reading or processing Modbus registers: A Modbus Exception Occurred - See Response Body
[2024-12-10T04:37:42.235Z] Error reading register 6507 for IP 10.30.4.128: A Modbus Exception Occurred - See Response Body
[2024-12-10T04:37:42.235Z] Error reading actual data: A Modbus Exception Occurred - See Response Body
[2024-12-10T04:37:42.236Z] Error writing to Modbus register: A Modbus Exception Occurred - See Response Body
[2024-12-10T04:37:43.234Z] Error reading or processing Modbus registers: A Modbus Exception Occurred - See Response Body
[2024-12-10T04:37:43.236Z] Error reading register 6507 for IP 10.30.4.128: A Modbus Exception Occurred - See Response Body
[2024-12-10T04:37:43.237Z] Error reading actual data: A Modbus Exception Occurred - See Response Body
[2024-12-10T04:37:43.238Z] Error writing to Modbus register: A Modbus Exception Occurred - See Response Body
[2024-12-10T04:37:44.234Z] Error reading or processing Modbus registers: A Modbus Exception Occurred - See Response Body
[2024-12-10T04:37:44.236Z] Error reading register 6507 for IP 10.30.4.128: A Modbus Exception Occurred - See Response Body
[2024-12-10T04:37:44.237Z] Error reading actual data: A Modbus Exception Occurred - See Response Body
[2024-12-10T04:37:44.237Z] Error writing to Modbus register: A Modbus Exception Occurred - See Response Body
[2024-12-10T04:37:45.246Z] Error reading or processing Modbus registers: A Modbus Exception Occurred - See Response Body
[2024-12-10T04:37:45.248Z] Error reading register 6507 for IP 10.30.4.128: A Modbus Exception Occurred - See Response Body
[2024-12-10T04:37:45.248Z] Error reading actual data: A Modbus Exception Occurred - See Response Body
[2024-12-10T04:37:45.249Z] Error writing to Modbus register: A Modbus Exception Occurred - See Response Body
[2024-12-10T04:37:46.246Z] Error reading or processing Modbus registers: A Modbus Exception Occurred - See Response Body
[2024-12-10T04:37:46.248Z] Error reading register 6507 for IP 10.30.4.128: A Modbus Exception Occurred - See Response Body
[2024-12-10T04:37:46.249Z] Error reading actual data: A Modbus Exception Occurred - See Response Body
[2024-12-10T04:37:46.249Z] Error writing to Modbus register: A Modbus Exception Occurred - See Response Body
[2024-12-10T04:37:47.261Z] Error reading or processing Modbus registers: A Modbus Exception Occurred - See Response Body
[2024-12-10T04:37:47.263Z] Error reading register 6507 for IP 10.30.4.128: A Modbus Exception Occurred - See Response Body
[2024-12-10T04:37:47.263Z] Error reading actual data: A Modbus Exception Occurred - See Response Body
[2024-12-10T04:37:47.264Z] Error writing to Modbus register: A Modbus Exception Occurred - See Response Body
[2024-12-10T04:37:48.272Z] Error reading or processing Modbus registers: A Modbus Exception Occurred - See Response Body
[2024-12-10T04:37:48.274Z] Error reading register 6507 for IP 10.30.4.128: A Modbus Exception Occurred - See Response Body
[2024-12-10T04:37:48.275Z] Error reading actual data: A Modbus Exception Occurred - See Response Body
[2024-12-10T04:37:48.275Z] Error writing to Modbus register: A Modbus Exception Occurred - See Response Body
[2024-12-10T04:37:49.277Z] Error reading or processing Modbus registers: A Modbus Exception Occurred - See Response Body
[2024-12-10T04:37:49.279Z] Error reading register 6507 for IP 10.30.4.128: A Modbus Exception Occurred - See Response Body
[2024-12-10T04:37:49.279Z] Error reading actual data: A Modbus Exception Occurred - See Response Body
[2024-12-10T04:37:49.280Z] Error writing to Modbus register: A Modbus Exception Occurred - See Response Body
[2024-12-10T04:37:50.289Z] Error reading or processing Modbus registers: A Modbus Exception Occurred - See Response Body
[2024-12-10T04:37:50.291Z] Error reading register 6507 for IP 10.30.4.128: A Modbus Exception Occurred - See Response Body
[2024-12-10T04:37:50.292Z] Error reading actual data: A Modbus Exception Occurred - See Response Body
[2024-12-10T04:37:50.292Z] Error writing to Modbus register: A Modbus Exception Occurred - See Response Body
[2024-12-10T04:37:51.303Z] Error reading or processing Modbus registers: A Modbus Exception Occurred - See Response Body
[2024-12-10T04:37:51.305Z] Error reading register 6507 for IP 10.30.4.128: A Modbus Exception Occurred - See Response Body
[2024-12-10T04:37:51.305Z] Error reading actual data: A Modbus Exception Occurred - See Response Body
[2024-12-10T04:37:51.306Z] Error writing to Modbus register: A Modbus Exception Occurred - See Response Body
[2024-12-10T04:37:52.318Z] Error reading or processing Modbus registers: A Modbus Exception Occurred - See Response Body
[2024-12-10T04:37:52.320Z] Error reading register 6507 for IP 10.30.4.128: A Modbus Exception Occurred - See Response Body
[2024-12-10T04:37:52.321Z] Error reading actual data: A Modbus Exception Occurred - See Response Body
[2024-12-10T04:37:52.321Z] Error writing to Modbus register: A Modbus Exception Occurred - See Response Body
[2024-12-10T04:37:53.329Z] Error reading or processing Modbus registers: A Modbus Exception Occurred - See Response Body
[2024-12-10T04:37:53.332Z] Error reading register 6507 for IP 10.30.4.128: A Modbus Exception Occurred - See Response Body
[2024-12-10T04:37:53.332Z] Error reading actual data: A Modbus Exception Occurred - See Response Body
[2024-12-10T04:37:53.333Z] Error writing to Modbus register: A Modbus Exception Occurred - See Response Body
[2024-12-10T04:37:54.333Z] Error reading or processing Modbus registers: A Modbus Exception Occurred - See Response Body
[2024-12-10T04:37:54.335Z] Error reading register 6507 for IP 10.30.4.128: A Modbus Exception Occurred - See Response Body
[2024-12-10T04:37:54.335Z] Error reading actual data: A Modbus Exception Occurred - See Response Body
[2024-12-10T04:37:54.336Z] Error writing to Modbus register: A Modbus Exception Occurred - See Response Body
[2024-12-10T04:37:55.333Z] Error reading or processing Modbus registers: A Modbus Exception Occurred - See Response Body
[2024-12-10T04:37:55.336Z] Error reading register 6507 for IP 10.30.4.128: A Modbus Exception Occurred - See Response Body
[2024-12-10T04:37:55.336Z] Error reading actual data: A Modbus Exception Occurred - See Response Body
[2024-12-10T04:37:55.337Z] Error writing to Modbus register: A Modbus Exception Occurred - See Response Body
[2024-12-10T04:37:56.332Z] Error reading or processing Modbus registers: A Modbus Exception Occurred - See Response Body
[2024-12-10T04:37:56.335Z] Error reading register 6507 for IP 10.30.4.128: A Modbus Exception Occurred - See Response Body
[2024-12-10T04:37:56.336Z] Error reading actual data: A Modbus Exception Occurred - See Response Body
[2024-12-10T04:37:56.336Z] Error writing to Modbus register: A Modbus Exception Occurred - See Response Body
[2024-12-10T04:37:57.344Z] Error reading or processing Modbus registers: A Modbus Exception Occurred - See Response Body
[2024-12-10T04:37:57.346Z] Error reading register 6507 for IP 10.30.4.128: A Modbus Exception Occurred - See Response Body
[2024-12-10T04:37:57.347Z] Error reading actual data: A Modbus Exception Occurred - See Response Body
[2024-12-10T04:37:57.348Z] Error writing to Modbus register: A Modbus Exception Occurred - See Response Body
[2024-12-10T04:37:58.348Z] Error reading or processing Modbus registers: A Modbus Exception Occurred - See Response Body
[2024-12-10T04:37:58.351Z] Error reading register 6507 for IP 10.30.4.128: A Modbus Exception Occurred - See Response Body
[2024-12-10T04:37:58.352Z] Error reading actual data: A Modbus Exception Occurred - See Response Body
[2024-12-10T04:37:58.352Z] Error writing to Modbus register: A Modbus Exception Occurred - See Response Body
[2024-12-10T04:37:59.350Z] Error reading or processing Modbus registers: A Modbus Exception Occurred - See Response Body
[2024-12-10T04:37:59.352Z] Error reading register 6507 for IP 10.30.4.128: A Modbus Exception Occurred - See Response Body
[2024-12-10T04:37:59.353Z] Error reading actual data: A Modbus Exception Occurred - See Response Body
[2024-12-10T04:37:59.353Z] Error writing to Modbus register: A Modbus Exception Occurred - See Response Body
[2024-12-10T04:38:00.364Z] Error reading or processing Modbus registers: A Modbus Exception Occurred - See Response Body
[2024-12-10T04:38:00.367Z] Error reading register 6507 for IP 10.30.4.128: A Modbus Exception Occurred - See Response Body
[2024-12-10T04:38:00.368Z] Error reading actual data: A Modbus Exception Occurred - See Response Body
[2024-12-10T04:38:00.368Z] Error writing to Modbus register: A Modbus Exception Occurred - See Response Body
[2024-12-10T04:38:01.364Z] Error reading or processing Modbus registers: A Modbus Exception Occurred - See Response Body
[2024-12-10T04:38:01.367Z] Error reading register 6507 for IP 10.30.4.128: A Modbus Exception Occurred - See Response Body
[2024-12-10T04:38:01.367Z] Error reading actual data: A Modbus Exception Occurred - See Response Body
[2024-12-10T04:38:01.368Z] Error writing to Modbus register: A Modbus Exception Occurred - See Response Body
[2024-12-10T04:38:02.369Z] Error reading or processing Modbus registers: A Modbus Exception Occurred - See Response Body
[2024-12-10T04:38:02.372Z] Error reading register 6507 for IP 10.30.4.128: A Modbus Exception Occurred - See Response Body
[2024-12-10T04:38:02.373Z] Error reading actual data: A Modbus Exception Occurred - See Response Body
[2024-12-10T04:38:02.373Z] Error writing to Modbus register: A Modbus Exception Occurred - See Response Body
[2024-12-10T04:38:03.371Z] Error reading or processing Modbus registers: A Modbus Exception Occurred - See Response Body
[2024-12-10T04:38:03.373Z] Error reading register 6507 for IP 10.30.4.128: A Modbus Exception Occurred - See Response Body
[2024-12-10T04:38:03.374Z] Error reading actual data: A Modbus Exception Occurred - See Response Body
[2024-12-10T04:38:03.375Z] Error writing to Modbus register: A Modbus Exception Occurred - See Response Body
[2024-12-10T04:38:04.380Z] Error reading or processing Modbus registers: A Modbus Exception Occurred - See Response Body
[2024-12-10T04:38:04.382Z] Error reading register 6507 for IP 10.30.4.128: A Modbus Exception Occurred - See Response Body
[2024-12-10T04:38:04.383Z] Error reading actual data: A Modbus Exception Occurred - See Response Body
[2024-12-10T04:38:04.384Z] Error writing to Modbus register: A Modbus Exception Occurred - See Response Body
[2024-12-10T04:38:05.379Z] Error reading or processing Modbus registers: A Modbus Exception Occurred - See Response Body
[2024-12-10T04:38:05.382Z] Error reading register 6507 for IP 10.30.4.128: A Modbus Exception Occurred - See Response Body
[2024-12-10T04:38:05.382Z] Error reading actual data: A Modbus Exception Occurred - See Response Body
[2024-12-10T04:38:05.383Z] Error writing to Modbus register: A Modbus Exception Occurred - See Response Body
[2024-12-10T04:38:06.381Z] Error reading or processing Modbus registers: A Modbus Exception Occurred - See Response Body
[2024-12-10T04:38:06.384Z] Error reading register 6507 for IP 10.30.4.128: A Modbus Exception Occurred - See Response Body
[2024-12-10T04:38:06.384Z] Error reading actual data: A Modbus Exception Occurred - See Response Body
[2024-12-10T04:38:06.385Z] Error writing to Modbus register: A Modbus Exception Occurred - See Response Body
[2024-12-10T04:38:07.395Z] Error reading or processing Modbus registers: A Modbus Exception Occurred - See Response Body
[2024-12-10T04:38:07.398Z] Error reading register 6507 for IP 10.30.4.128: A Modbus Exception Occurred - See Response Body
[2024-12-10T04:38:07.399Z] Error reading actual data: A Modbus Exception Occurred - See Response Body
[2024-12-10T04:38:07.399Z] Error writing to Modbus register: A Modbus Exception Occurred - See Response Body
[2024-12-10T04:38:08.397Z] Error reading or processing Modbus registers: A Modbus Exception Occurred - See Response Body
[2024-12-10T04:38:08.399Z] Error reading register 6507 for IP 10.30.4.128: A Modbus Exception Occurred - See Response Body
[2024-12-10T04:38:08.400Z] Error reading actual data: A Modbus Exception Occurred - See Response Body
[2024-12-10T04:38:08.401Z] Error writing to Modbus register: A Modbus Exception Occurred - See Response Body
[2024-12-10T04:38:09.408Z] Error reading or processing Modbus registers: A Modbus Exception Occurred - See Response Body
[2024-12-10T04:38:09.410Z] Error reading register 6507 for IP 10.30.4.128: A Modbus Exception Occurred - See Response Body
[2024-12-10T04:38:09.411Z] Error reading actual data: A Modbus Exception Occurred - See Response Body
[2024-12-10T04:38:09.412Z] Error writing to Modbus register: A Modbus Exception Occurred - See Response Body
[2024-12-10T04:38:10.410Z] Error reading or processing Modbus registers: A Modbus Exception Occurred - See Response Body
[2024-12-10T04:38:10.413Z] Error reading register 6507 for IP 10.30.4.128: A Modbus Exception Occurred - See Response Body
[2024-12-10T04:38:10.414Z] Error reading actual data: A Modbus Exception Occurred - See Response Body
[2024-12-10T04:38:10.414Z] Error writing to Modbus register: A Modbus Exception Occurred - See Response Body
[2024-12-10T04:38:11.423Z] Error reading or processing Modbus registers: A Modbus Exception Occurred - See Response Body
[2024-12-10T04:38:11.425Z] Error reading register 6507 for IP 10.30.4.128: A Modbus Exception Occurred - See Response Body
[2024-12-10T04:38:11.426Z] Error reading actual data: A Modbus Exception Occurred - See Response Body
[2024-12-10T04:38:11.427Z] Error writing to Modbus register: A Modbus Exception Occurred - See Response Body
[2024-12-10T04:38:12.433Z] Error reading or processing Modbus registers: A Modbus Exception Occurred - See Response Body
[2024-12-10T04:38:12.435Z] Error reading register 6507 for IP 10.30.4.128: A Modbus Exception Occurred - See Response Body
[2024-12-10T04:38:12.438Z] Error reading actual data: A Modbus Exception Occurred - See Response Body
[2024-12-10T04:38:12.439Z] Error writing to Modbus register: A Modbus Exception Occurred - See Response Body
[2024-12-10T04:38:13.435Z] Error reading or processing Modbus registers: A Modbus Exception Occurred - See Response Body
[2024-12-10T04:38:13.437Z] Error reading register 6507 for IP 10.30.4.128: A Modbus Exception Occurred - See Response Body
[2024-12-10T04:38:13.438Z] Error reading actual data: A Modbus Exception Occurred - See Response Body
[2024-12-10T04:38:13.438Z] Error writing to Modbus register: A Modbus Exception Occurred - See Response Body
[2024-12-10T04:38:14.436Z] Error reading or processing Modbus registers: A Modbus Exception Occurred - See Response Body
[2024-12-10T04:38:14.438Z] Error reading register 6507 for IP 10.30.4.128: A Modbus Exception Occurred - See Response Body
[2024-12-10T04:38:14.439Z] Error reading actual data: A Modbus Exception Occurred - See Response Body
[2024-12-10T04:38:14.439Z] Error writing to Modbus register: A Modbus Exception Occurred - See Response Body
[2024-12-10T04:38:15.448Z] Error reading or processing Modbus registers: A Modbus Exception Occurred - See Response Body
[2024-12-10T04:38:15.450Z] Error reading register 6507 for IP 10.30.4.128: A Modbus Exception Occurred - See Response Body
[2024-12-10T04:38:15.450Z] Error reading actual data: A Modbus Exception Occurred - See Response Body
[2024-12-10T04:38:15.451Z] Error writing to Modbus register: A Modbus Exception Occurred - See Response Body
[2024-12-10T04:38:16.461Z] Error reading or processing Modbus registers: A Modbus Exception Occurred - See Response Body
[2024-12-10T04:38:16.463Z] Error reading register 6507 for IP 10.30.4.128: A Modbus Exception Occurred - See Response Body
[2024-12-10T04:38:16.463Z] Error reading actual data: A Modbus Exception Occurred - See Response Body
[2024-12-10T04:38:16.464Z] Error writing to Modbus register: A Modbus Exception Occurred - See Response Body
[2024-12-10T04:38:17.463Z] Error reading or processing Modbus registers: A Modbus Exception Occurred - See Response Body
[2024-12-10T04:38:17.465Z] Error reading register 6507 for IP 10.30.4.128: A Modbus Exception Occurred - See Response Body
[2024-12-10T04:38:17.465Z] Error reading actual data: A Modbus Exception Occurred - See Response Body
[2024-12-10T04:38:17.466Z] Error writing to Modbus register: A Modbus Exception Occurred - See Response Body
[2024-12-10T04:38:18.474Z] Error reading or processing Modbus registers: A Modbus Exception Occurred - See Response Body
[2024-12-10T04:38:18.476Z] Error reading register 6507 for IP 10.30.4.128: A Modbus Exception Occurred - See Response Body
[2024-12-10T04:38:18.476Z] Error reading actual data: A Modbus Exception Occurred - See Response Body
[2024-12-10T04:38:18.477Z] Error writing to Modbus register: A Modbus Exception Occurred - See Response Body
[2024-12-10T04:38:19.477Z] Error reading or processing Modbus registers: A Modbus Exception Occurred - See Response Body
[2024-12-10T04:38:19.478Z] Error reading register 6507 for IP 10.30.4.128: A Modbus Exception Occurred - See Response Body
[2024-12-10T04:38:19.479Z] Error reading actual data: A Modbus Exception Occurred - See Response Body
[2024-12-10T04:38:19.479Z] Error writing to Modbus register: A Modbus Exception Occurred - See Response Body
[2024-12-10T04:38:20.488Z] Error reading or processing Modbus registers: A Modbus Exception Occurred - See Response Body
[2024-12-10T04:38:20.492Z] Error reading register 6507 for IP 10.30.4.128: A Modbus Exception Occurred - See Response Body
[2024-12-10T04:38:20.493Z] Error reading actual data: A Modbus Exception Occurred - See Response Body
[2024-12-10T04:38:20.493Z] Error writing to Modbus register: A Modbus Exception Occurred - See Response Body
[2024-12-10T04:38:21.500Z] Error reading or processing Modbus registers: A Modbus Exception Occurred - See Response Body
[2024-12-10T04:38:21.502Z] Error reading register 6507 for IP 10.30.4.128: A Modbus Exception Occurred - See Response Body
[2024-12-10T04:38:21.502Z] Error reading actual data: A Modbus Exception Occurred - See Response Body
[2024-12-10T04:38:21.503Z] Error writing to Modbus register: A Modbus Exception Occurred - See Response Body
[2024-12-10T04:38:22.500Z] Error reading or processing Modbus registers: A Modbus Exception Occurred - See Response Body
[2024-12-10T04:38:22.502Z] Error reading register 6507 for IP 10.30.4.128: A Modbus Exception Occurred - See Response Body
[2024-12-10T04:38:22.503Z] Error reading actual data: A Modbus Exception Occurred - See Response Body
[2024-12-10T04:38:22.503Z] Error writing to Modbus register: A Modbus Exception Occurred - See Response Body
[2024-12-10T04:38:23.503Z] Error reading or processing Modbus registers: A Modbus Exception Occurred - See Response Body
[2024-12-10T04:38:23.505Z] Error reading register 6507 for IP 10.30.4.128: A Modbus Exception Occurred - See Response Body
[2024-12-10T04:38:23.506Z] Error reading actual data: A Modbus Exception Occurred - See Response Body
[2024-12-10T04:38:23.506Z] Error writing to Modbus register: A Modbus Exception Occurred - See Response Body
[2024-12-10T04:38:24.505Z] Error reading or processing Modbus registers: A Modbus Exception Occurred - See Response Body
[2024-12-10T04:38:24.508Z] Error reading register 6507 for IP 10.30.4.128: A Modbus Exception Occurred - See Response Body
[2024-12-10T04:38:24.508Z] Error reading actual data: A Modbus Exception Occurred - See Response Body
[2024-12-10T04:38:24.509Z] Error writing to Modbus register: A Modbus Exception Occurred - See Response Body
[2024-12-10T04:38:25.517Z] Error reading or processing Modbus registers: A Modbus Exception Occurred - See Response Body
[2024-12-10T04:38:25.519Z] Error reading register 6507 for IP 10.30.4.128: A Modbus Exception Occurred - See Response Body
[2024-12-10T04:38:25.520Z] Error reading actual data: A Modbus Exception Occurred - See Response Body
[2024-12-10T04:38:25.520Z] Error writing to Modbus register: A Modbus Exception Occurred - See Response Body
[2024-12-10T04:38:26.517Z] Error reading or processing Modbus registers: A Modbus Exception Occurred - See Response Body
[2024-12-10T04:38:26.519Z] Error reading register 6507 for IP 10.30.4.128: A Modbus Exception Occurred - See Response Body
[2024-12-10T04:38:26.519Z] Error reading actual data: A Modbus Exception Occurred - See Response Body
[2024-12-10T04:38:26.520Z] Error writing to Modbus register: A Modbus Exception Occurred - See Response Body
[2024-12-10T04:38:27.517Z] Error reading or processing Modbus registers: A Modbus Exception Occurred - See Response Body
[2024-12-10T04:38:27.519Z] Error reading register 6507 for IP 10.30.4.128: A Modbus Exception Occurred - See Response Body
[2024-12-10T04:38:27.520Z] Error reading actual data: A Modbus Exception Occurred - See Response Body
[2024-12-10T04:38:27.520Z] Error writing to Modbus register: A Modbus Exception Occurred - See Response Body
[2024-12-10T04:38:28.532Z] Error reading or processing Modbus registers: A Modbus Exception Occurred - See Response Body
[2024-12-10T04:38:28.534Z] Error reading register 6507 for IP 10.30.4.128: A Modbus Exception Occurred - See Response Body
[2024-12-10T04:38:28.535Z] Error reading actual data: A Modbus Exception Occurred - See Response Body
[2024-12-10T04:38:28.536Z] Error writing to Modbus register: A Modbus Exception Occurred - See Response Body
[2024-12-10T04:38:29.544Z] Error reading or processing Modbus registers: A Modbus Exception Occurred - See Response Body
[2024-12-10T04:38:29.547Z] Error reading register 6507 for IP 10.30.4.128: A Modbus Exception Occurred - See Response Body
[2024-12-10T04:38:29.547Z] Error reading actual data: A Modbus Exception Occurred - See Response Body
[2024-12-10T04:38:29.548Z] Error writing to Modbus register: A Modbus Exception Occurred - See Response Body
[2024-12-10T04:38:30.559Z] Error reading or processing Modbus registers: A Modbus Exception Occurred - See Response Body
[2024-12-10T04:38:30.561Z] Error reading register 6507 for IP 10.30.4.128: A Modbus Exception Occurred - See Response Body
[2024-12-10T04:38:30.562Z] Error reading actual data: A Modbus Exception Occurred - See Response Body
[2024-12-10T04:38:30.562Z] Error writing to Modbus register: A Modbus Exception Occurred - See Response Body
[2024-12-10T04:38:31.561Z] Error reading or processing Modbus registers: A Modbus Exception Occurred - See Response Body
[2024-12-10T04:38:31.563Z] Error reading register 6507 for IP 10.30.4.128: A Modbus Exception Occurred - See Response Body
[2024-12-10T04:38:31.564Z] Error reading actual data: A Modbus Exception Occurred - See Response Body
[2024-12-10T04:38:31.564Z] Error writing to Modbus register: A Modbus Exception Occurred - See Response Body
[2024-12-10T04:38:32.561Z] Error reading or processing Modbus registers: A Modbus Exception Occurred - See Response Body
[2024-12-10T04:38:32.563Z] Error reading register 6507 for IP 10.30.4.128: A Modbus Exception Occurred - See Response Body
[2024-12-10T04:38:32.564Z] Error reading actual data: A Modbus Exception Occurred - See Response Body
[2024-12-10T04:38:32.564Z] Error writing to Modbus register: A Modbus Exception Occurred - See Response Body
[2024-12-10T04:38:33.567Z] Error reading or processing Modbus registers: A Modbus Exception Occurred - See Response Body
[2024-12-10T04:38:33.570Z] Error reading register 6507 for IP 10.30.4.128: A Modbus Exception Occurred - See Response Body
[2024-12-10T04:38:33.570Z] Error reading actual data: A Modbus Exception Occurred - See Response Body
[2024-12-10T04:38:33.571Z] Error writing to Modbus register: A Modbus Exception Occurred - See Response Body
[2024-12-10T04:38:34.569Z] Error reading or processing Modbus registers: A Modbus Exception Occurred - See Response Body
[2024-12-10T04:38:34.571Z] Error reading register 6507 for IP 10.30.4.128: A Modbus Exception Occurred - See Response Body
[2024-12-10T04:38:34.572Z] Error reading actual data: A Modbus Exception Occurred - See Response Body
[2024-12-10T04:38:34.573Z] Error writing to Modbus register: A Modbus Exception Occurred - See Response Body
[2024-12-10T04:38:35.581Z] Error reading or processing Modbus registers: A Modbus Exception Occurred - See Response Body
[2024-12-10T04:38:35.583Z] Error reading register 6507 for IP 10.30.4.128: A Modbus Exception Occurred - See Response Body
[2024-12-10T04:38:35.584Z] Error reading actual data: A Modbus Exception Occurred - See Response Body
[2024-12-10T04:38:35.584Z] Error writing to Modbus register: A Modbus Exception Occurred - See Response Body
[2024-12-10T04:38:36.595Z] Error reading or processing Modbus registers: A Modbus Exception Occurred - See Response Body
[2024-12-10T04:38:36.596Z] Error reading register 6507 for IP 10.30.4.128: A Modbus Exception Occurred - See Response Body
[2024-12-10T04:38:36.597Z] Error reading actual data: A Modbus Exception Occurred - See Response Body
[2024-12-10T04:38:36.597Z] Error writing to Modbus register: A Modbus Exception Occurred - See Response Body
[2024-12-10T04:38:37.610Z] Error reading or processing Modbus registers: A Modbus Exception Occurred - See Response Body
[2024-12-10T04:38:37.612Z] Error reading register 6507 for IP 10.30.4.128: A Modbus Exception Occurred - See Response Body
[2024-12-10T04:38:37.612Z] Error reading actual data: A Modbus Exception Occurred - See Response Body
[2024-12-10T04:38:37.613Z] Error writing to Modbus register: A Modbus Exception Occurred - See Response Body
[2024-12-10T04:38:38.610Z] Error reading or processing Modbus registers: A Modbus Exception Occurred - See Response Body
[2024-12-10T04:38:38.611Z] Error reading register 6507 for IP 10.30.4.128: A Modbus Exception Occurred - See Response Body
[2024-12-10T04:38:38.612Z] Error reading actual data: A Modbus Exception Occurred - See Response Body
[2024-12-10T04:38:38.612Z] Error writing to Modbus register: A Modbus Exception Occurred - See Response Body
[2024-12-10T04:38:39.613Z] Error reading or processing Modbus registers: A Modbus Exception Occurred - See Response Body
[2024-12-10T04:38:39.616Z] Error reading register 6507 for IP 10.30.4.128: A Modbus Exception Occurred - See Response Body
[2024-12-10T04:38:39.616Z] Error reading actual data: A Modbus Exception Occurred - See Response Body
[2024-12-10T04:38:39.617Z] Error writing to Modbus register: A Modbus Exception Occurred - See Response Body
[2024-12-10T04:38:40.626Z] Error reading or processing Modbus registers: A Modbus Exception Occurred - See Response Body
[2024-12-10T04:38:40.628Z] Error reading register 6507 for IP 10.30.4.128: A Modbus Exception Occurred - See Response Body
[2024-12-10T04:38:40.629Z] Error reading actual data: A Modbus Exception Occurred - See Response Body
[2024-12-10T04:38:40.629Z] Error writing to Modbus register: A Modbus Exception Occurred - See Response Body
[2024-12-10T04:38:41.626Z] Error reading or processing Modbus registers: A Modbus Exception Occurred - See Response Body
[2024-12-10T04:38:41.627Z] Error reading register 6507 for IP 10.30.4.128: A Modbus Exception Occurred - See Response Body
[2024-12-10T04:38:41.628Z] Error reading actual data: A Modbus Exception Occurred - See Response Body
[2024-12-10T04:38:41.629Z] Error writing to Modbus register: A Modbus Exception Occurred - See Response Body
[2024-12-10T04:38:42.625Z] Error reading or processing Modbus registers: A Modbus Exception Occurred - See Response Body
[2024-12-10T04:38:42.628Z] Error reading register 6507 for IP 10.30.4.128: A Modbus Exception Occurred - See Response Body
[2024-12-10T04:38:42.628Z] Error reading actual data: A Modbus Exception Occurred - See Response Body
[2024-12-10T04:38:42.628Z] Error writing to Modbus register: A Modbus Exception Occurred - See Response Body
[2024-12-10T04:38:43.638Z] Error reading or processing Modbus registers: A Modbus Exception Occurred - See Response Body
[2024-12-10T04:38:43.640Z] Error reading register 6507 for IP 10.30.4.128: A Modbus Exception Occurred - See Response Body
[2024-12-10T04:38:43.641Z] Error reading actual data: A Modbus Exception Occurred - See Response Body
[2024-12-10T04:38:43.641Z] Error writing to Modbus register: A Modbus Exception Occurred - See Response Body
[2024-12-10T04:38:44.638Z] Error reading or processing Modbus registers: A Modbus Exception Occurred - See Response Body
[2024-12-10T04:38:44.641Z] Error reading register 6507 for IP 10.30.4.128: A Modbus Exception Occurred - See Response Body
[2024-12-10T04:38:44.642Z] Error reading actual data: A Modbus Exception Occurred - See Response Body
[2024-12-10T04:38:44.642Z] Error writing to Modbus register: A Modbus Exception Occurred - See Response Body
[2024-12-10T04:38:45.652Z] Error reading or processing Modbus registers: A Modbus Exception Occurred - See Response Body
[2024-12-10T04:38:45.654Z] Error reading register 6507 for IP 10.30.4.128: A Modbus Exception Occurred - See Response Body
[2024-12-10T04:38:45.655Z] Error reading actual data: A Modbus Exception Occurred - See Response Body
[2024-12-10T04:38:45.655Z] Error writing to Modbus register: A Modbus Exception Occurred - See Response Body
[2024-12-10T04:38:46.667Z] Error reading or processing Modbus registers: A Modbus Exception Occurred - See Response Body
[2024-12-10T04:38:46.670Z] Error reading register 6507 for IP 10.30.4.128: A Modbus Exception Occurred - See Response Body
[2024-12-10T04:38:46.671Z] Error reading actual data: A Modbus Exception Occurred - See Response Body
[2024-12-10T04:38:46.671Z] Error writing to Modbus register: A Modbus Exception Occurred - See Response Body
[2024-12-10T04:38:47.669Z] Error reading or processing Modbus registers: A Modbus Exception Occurred - See Response Body
[2024-12-10T04:38:47.673Z] Error reading register 6507 for IP 10.30.4.128: A Modbus Exception Occurred - See Response Body
[2024-12-10T04:38:47.674Z] Error reading actual data: A Modbus Exception Occurred - See Response Body
[2024-12-10T04:38:47.674Z] Error writing to Modbus register: A Modbus Exception Occurred - See Response Body
[2024-12-10T04:38:48.668Z] Error reading or processing Modbus registers: A Modbus Exception Occurred - See Response Body
[2024-12-10T04:38:48.670Z] Error reading register 6507 for IP 10.30.4.128: A Modbus Exception Occurred - See Response Body
[2024-12-10T04:38:48.671Z] Error reading actual data: A Modbus Exception Occurred - See Response Body
[2024-12-10T04:38:48.671Z] Error writing to Modbus register: A Modbus Exception Occurred - See Response Body
[2024-12-10T04:38:49.682Z] Error reading or processing Modbus registers: A Modbus Exception Occurred - See Response Body
[2024-12-10T04:38:49.684Z] Error reading register 6507 for IP 10.30.4.128: A Modbus Exception Occurred - See Response Body
[2024-12-10T04:38:49.685Z] Error reading actual data: A Modbus Exception Occurred - See Response Body
[2024-12-10T04:38:49.685Z] Error writing to Modbus register: A Modbus Exception Occurred - See Response Body
[2024-12-10T04:38:50.684Z] Error reading or processing Modbus registers: A Modbus Exception Occurred - See Response Body
[2024-12-10T04:38:50.686Z] Error reading register 6507 for IP 10.30.4.128: A Modbus Exception Occurred - See Response Body
[2024-12-10T04:38:50.687Z] Error reading actual data: A Modbus Exception Occurred - See Response Body
[2024-12-10T04:38:50.687Z] Error writing to Modbus register: A Modbus Exception Occurred - See Response Body
[2024-12-10T04:38:51.686Z] Error reading or processing Modbus registers: A Modbus Exception Occurred - See Response Body
[2024-12-10T04:38:51.688Z] Error reading register 6507 for IP 10.30.4.128: A Modbus Exception Occurred - See Response Body
[2024-12-10T04:38:51.689Z] Error reading actual data: A Modbus Exception Occurred - See Response Body
[2024-12-10T04:38:51.689Z] Error writing to Modbus register: A Modbus Exception Occurred - See Response Body
[2024-12-10T04:38:52.702Z] Error reading or processing Modbus registers: A Modbus Exception Occurred - See Response Body
[2024-12-10T04:38:52.704Z] Error reading register 6507 for IP 10.30.4.128: A Modbus Exception Occurred - See Response Body
[2024-12-10T04:38:52.705Z] Error reading actual data: A Modbus Exception Occurred - See Response Body
[2024-12-10T04:38:52.705Z] Error writing to Modbus register: A Modbus Exception Occurred - See Response Body
[2024-12-10T04:38:53.716Z] Error reading or processing Modbus registers: A Modbus Exception Occurred - See Response Body
[2024-12-10T04:38:53.718Z] Error reading register 6507 for IP 10.30.4.128: A Modbus Exception Occurred - See Response Body
[2024-12-10T04:38:53.719Z] Error reading actual data: A Modbus Exception Occurred - See Response Body
[2024-12-10T04:38:53.720Z] Error writing to Modbus register: A Modbus Exception Occurred - See Response Body
[2024-12-10T04:38:54.718Z] Error reading or processing Modbus registers: A Modbus Exception Occurred - See Response Body
[2024-12-10T04:38:54.720Z] Error reading register 6507 for IP 10.30.4.128: A Modbus Exception Occurred - See Response Body
[2024-12-10T04:38:54.721Z] Error reading actual data: A Modbus Exception Occurred - See Response Body
[2024-12-10T04:38:54.722Z] Error writing to Modbus register: A Modbus Exception Occurred - See Response Body
[2024-12-10T04:38:55.731Z] Error reading or processing Modbus registers: A Modbus Exception Occurred - See Response Body
[2024-12-10T04:38:55.733Z] Error reading register 6507 for IP 10.30.4.128: A Modbus Exception Occurred - See Response Body
[2024-12-10T04:38:55.734Z] Error reading actual data: A Modbus Exception Occurred - See Response Body
[2024-12-10T04:38:55.734Z] Error writing to Modbus register: A Modbus Exception Occurred - See Response Body
[2024-12-10T04:38:56.734Z] Error reading or processing Modbus registers: A Modbus Exception Occurred - See Response Body
[2024-12-10T04:38:56.736Z] Error reading register 6507 for IP 10.30.4.128: A Modbus Exception Occurred - See Response Body
[2024-12-10T04:38:56.737Z] Error reading actual data: A Modbus Exception Occurred - See Response Body
[2024-12-10T04:38:56.738Z] Error writing to Modbus register: A Modbus Exception Occurred - See Response Body
[2024-12-10T04:38:57.745Z] Error reading or processing Modbus registers: A Modbus Exception Occurred - See Response Body
[2024-12-10T04:38:57.747Z] Error reading register 6507 for IP 10.30.4.128: A Modbus Exception Occurred - See Response Body
[2024-12-10T04:38:57.748Z] Error reading actual data: A Modbus Exception Occurred - See Response Body
[2024-12-10T04:38:57.748Z] Error writing to Modbus register: A Modbus Exception Occurred - See Response Body
[2024-12-10T04:38:58.758Z] Error reading or processing Modbus registers: A Modbus Exception Occurred - See Response Body
[2024-12-10T04:38:58.760Z] Error reading register 6507 for IP 10.30.4.128: A Modbus Exception Occurred - See Response Body
[2024-12-10T04:38:58.761Z] Error reading actual data: A Modbus Exception Occurred - See Response Body
[2024-12-10T04:38:58.761Z] Error writing to Modbus register: A Modbus Exception Occurred - See Response Body
[2024-12-10T04:38:59.762Z] Error reading or processing Modbus registers: A Modbus Exception Occurred - See Response Body
[2024-12-10T04:38:59.765Z] Error reading register 6507 for IP 10.30.4.128: A Modbus Exception Occurred - See Response Body
[2024-12-10T04:38:59.765Z] Error reading actual data: A Modbus Exception Occurred - See Response Body
[2024-12-10T04:38:59.766Z] Error writing to Modbus register: A Modbus Exception Occurred - See Response Body
[2024-12-10T04:39:00.763Z] Error reading or processing Modbus registers: A Modbus Exception Occurred - See Response Body
[2024-12-10T04:39:00.766Z] Error reading register 6507 for IP 10.30.4.128: A Modbus Exception Occurred - See Response Body
[2024-12-10T04:39:00.767Z] Error reading actual data: A Modbus Exception Occurred - See Response Body
[2024-12-10T04:39:00.767Z] Error writing to Modbus register: A Modbus Exception Occurred - See Response Body
[2024-12-10T04:39:01.764Z] Error reading or processing Modbus registers: A Modbus Exception Occurred - See Response Body
[2024-12-10T04:39:01.766Z] Error reading register 6507 for IP 10.30.4.128: A Modbus Exception Occurred - See Response Body
[2024-12-10T04:39:01.767Z] Error reading actual data: A Modbus Exception Occurred - See Response Body
[2024-12-10T04:39:01.767Z] Error writing to Modbus register: A Modbus Exception Occurred - See Response Body
[2024-12-10T04:39:02.778Z] Error reading or processing Modbus registers: A Modbus Exception Occurred - See Response Body
[2024-12-10T04:39:02.780Z] Error reading register 6507 for IP 10.30.4.128: A Modbus Exception Occurred - See Response Body
[2024-12-10T04:39:02.781Z] Error reading actual data: A Modbus Exception Occurred - See Response Body
[2024-12-10T04:39:02.782Z] Error writing to Modbus register: A Modbus Exception Occurred - See Response Body
[2024-12-10T04:39:03.792Z] Error reading or processing Modbus registers: A Modbus Exception Occurred - See Response Body
[2024-12-10T04:39:03.796Z] Error reading register 6507 for IP 10.30.4.128: A Modbus Exception Occurred - See Response Body
[2024-12-10T04:39:03.797Z] Error reading actual data: A Modbus Exception Occurred - See Response Body
[2024-12-10T04:39:03.798Z] Error writing to Modbus register: A Modbus Exception Occurred - See Response Body
[2024-12-10T04:39:04.793Z] Error reading or processing Modbus registers: A Modbus Exception Occurred - See Response Body
[2024-12-10T04:39:04.797Z] Error reading register 6507 for IP 10.30.4.128: A Modbus Exception Occurred - See Response Body
[2024-12-10T04:39:04.798Z] Error reading actual data: A Modbus Exception Occurred - See Response Body
[2024-12-10T04:39:04.798Z] Error writing to Modbus register: A Modbus Exception Occurred - See Response Body
[2024-12-10T04:39:05.793Z] Error reading or processing Modbus registers: A Modbus Exception Occurred - See Response Body
[2024-12-10T04:39:05.798Z] Error reading register 6507 for IP 10.30.4.128: A Modbus Exception Occurred - See Response Body
[2024-12-10T04:39:05.799Z] Error reading actual data: A Modbus Exception Occurred - See Response Body
[2024-12-10T04:39:05.800Z] Error writing to Modbus register: A Modbus Exception Occurred - See Response Body
[2024-12-10T04:39:06.808Z] Error reading or processing Modbus registers: A Modbus Exception Occurred - See Response Body
[2024-12-10T04:39:06.809Z] Error reading register 6507 for IP 10.30.4.128: A Modbus Exception Occurred - See Response Body
[2024-12-10T04:39:06.810Z] Error reading actual data: A Modbus Exception Occurred - See Response Body
[2024-12-10T04:39:06.810Z] Error writing to Modbus register: A Modbus Exception Occurred - See Response Body
[2024-12-10T04:39:07.809Z] Error reading or processing Modbus registers: A Modbus Exception Occurred - See Response Body
[2024-12-10T04:39:07.811Z] Error reading register 6507 for IP 10.30.4.128: A Modbus Exception Occurred - See Response Body
[2024-12-10T04:39:07.812Z] Error reading actual data: A Modbus Exception Occurred - See Response Body
[2024-12-10T04:39:07.813Z] Error writing to Modbus register: A Modbus Exception Occurred - See Response Body
[2024-12-10T04:39:08.812Z] Error reading or processing Modbus registers: A Modbus Exception Occurred - See Response Body
[2024-12-10T04:39:08.814Z] Error reading register 6507 for IP 10.30.4.128: A Modbus Exception Occurred - See Response Body
[2024-12-10T04:39:08.814Z] Error reading actual data: A Modbus Exception Occurred - See Response Body
[2024-12-10T04:39:08.815Z] Error writing to Modbus register: A Modbus Exception Occurred - See Response Body
[2024-12-10T04:39:09.823Z] Error reading or processing Modbus registers: A Modbus Exception Occurred - See Response Body
[2024-12-10T04:39:09.825Z] Error reading register 6507 for IP 10.30.4.128: A Modbus Exception Occurred - See Response Body
[2024-12-10T04:39:09.826Z] Error reading actual data: A Modbus Exception Occurred - See Response Body
[2024-12-10T04:39:09.826Z] Error writing to Modbus register: A Modbus Exception Occurred - See Response Body
[2024-12-10T04:39:10.838Z] Error reading or processing Modbus registers: A Modbus Exception Occurred - See Response Body
[2024-12-10T04:39:10.840Z] Error reading register 6507 for IP 10.30.4.128: A Modbus Exception Occurred - See Response Body
[2024-12-10T04:39:10.841Z] Error reading actual data: A Modbus Exception Occurred - See Response Body
[2024-12-10T04:39:10.841Z] Error writing to Modbus register: A Modbus Exception Occurred - See Response Body
[2024-12-10T04:39:11.852Z] Error reading or processing Modbus registers: A Modbus Exception Occurred - See Response Body
[2024-12-10T04:39:11.855Z] Error reading register 6507 for IP 10.30.4.128: A Modbus Exception Occurred - See Response Body
[2024-12-10T04:39:11.855Z] Error reading actual data: A Modbus Exception Occurred - See Response Body
[2024-12-10T04:39:11.856Z] Error writing to Modbus register: A Modbus Exception Occurred - See Response Body
[2024-12-10T04:39:12.866Z] Error reading or processing Modbus registers: A Modbus Exception Occurred - See Response Body
[2024-12-10T04:39:12.868Z] Error reading register 6507 for IP 10.30.4.128: A Modbus Exception Occurred - See Response Body
[2024-12-10T04:39:12.869Z] Error reading actual data: A Modbus Exception Occurred - See Response Body
[2024-12-10T04:39:12.869Z] Error writing to Modbus register: A Modbus Exception Occurred - See Response Body
[2024-12-10T04:39:13.868Z] Error reading or processing Modbus registers: A Modbus Exception Occurred - See Response Body
[2024-12-10T04:39:13.870Z] Error reading register 6507 for IP 10.30.4.128: A Modbus Exception Occurred - See Response Body
[2024-12-10T04:39:13.871Z] Error reading actual data: A Modbus Exception Occurred - See Response Body
[2024-12-10T04:39:13.871Z] Error writing to Modbus register: A Modbus Exception Occurred - See Response Body
[2024-12-10T04:39:14.877Z] Error reading or processing Modbus registers: A Modbus Exception Occurred - See Response Body
[2024-12-10T04:39:14.879Z] Error reading register 6507 for IP 10.30.4.128: A Modbus Exception Occurred - See Response Body
[2024-12-10T04:39:14.879Z] Error reading actual data: A Modbus Exception Occurred - See Response Body
[2024-12-10T04:39:14.880Z] Error writing to Modbus register: A Modbus Exception Occurred - See Response Body
[2024-12-10T04:39:15.878Z] Error reading or processing Modbus registers: A Modbus Exception Occurred - See Response Body
[2024-12-10T04:39:15.880Z] Error reading register 6507 for IP 10.30.4.128: A Modbus Exception Occurred - See Response Body
[2024-12-10T04:39:15.881Z] Error reading actual data: A Modbus Exception Occurred - See Response Body
[2024-12-10T04:39:15.881Z] Error writing to Modbus register: A Modbus Exception Occurred - See Response Body
[2024-12-10T04:39:16.880Z] Error reading or processing Modbus registers: A Modbus Exception Occurred - See Response Body
[2024-12-10T04:39:16.882Z] Error reading register 6507 for IP 10.30.4.128: A Modbus Exception Occurred - See Response Body
[2024-12-10T04:39:16.883Z] Error reading actual data: A Modbus Exception Occurred - See Response Body
[2024-12-10T04:39:16.883Z] Error writing to Modbus register: A Modbus Exception Occurred - See Response Body
[2024-12-10T04:39:17.895Z] Error reading or processing Modbus registers: A Modbus Exception Occurred - See Response Body
[2024-12-10T04:39:17.897Z] Error reading register 6507 for IP 10.30.4.128: A Modbus Exception Occurred - See Response Body
[2024-12-10T04:39:17.898Z] Error reading actual data: A Modbus Exception Occurred - See Response Body
[2024-12-10T04:39:17.898Z] Error writing to Modbus register: A Modbus Exception Occurred - See Response Body
[2024-12-10T04:39:18.901Z] Error reading or processing Modbus registers: A Modbus Exception Occurred - See Response Body
[2024-12-10T04:39:18.903Z] Error reading register 6507 for IP 10.30.4.128: A Modbus Exception Occurred - See Response Body
[2024-12-10T04:39:18.904Z] Error reading actual data: A Modbus Exception Occurred - See Response Body
[2024-12-10T04:39:18.904Z] Error writing to Modbus register: A Modbus Exception Occurred - See Response Body
[2024-12-10T04:39:19.903Z] Error reading or processing Modbus registers: A Modbus Exception Occurred - See Response Body
[2024-12-10T04:39:19.905Z] Error reading register 6507 for IP 10.30.4.128: A Modbus Exception Occurred - See Response Body
[2024-12-10T04:39:19.906Z] Error reading actual data: A Modbus Exception Occurred - See Response Body
[2024-12-10T04:39:19.906Z] Error writing to Modbus register: A Modbus Exception Occurred - See Response Body
[2024-12-10T04:39:20.906Z] Error reading or processing Modbus registers: A Modbus Exception Occurred - See Response Body
[2024-12-10T04:39:20.909Z] Error reading register 6507 for IP 10.30.4.128: A Modbus Exception Occurred - See Response Body
[2024-12-10T04:39:20.909Z] Error reading actual data: A Modbus Exception Occurred - See Response Body
[2024-12-10T04:39:20.910Z] Error writing to Modbus register: A Modbus Exception Occurred - See Response Body
[2024-12-10T04:39:21.921Z] Error reading or processing Modbus registers: A Modbus Exception Occurred - See Response Body
[2024-12-10T04:39:21.923Z] Error reading register 6507 for IP 10.30.4.128: A Modbus Exception Occurred - See Response Body
[2024-12-10T04:39:21.924Z] Error reading actual data: A Modbus Exception Occurred - See Response Body
[2024-12-10T04:39:21.925Z] Error writing to Modbus register: A Modbus Exception Occurred - See Response Body
[2024-12-10T04:39:22.935Z] Error reading or processing Modbus registers: A Modbus Exception Occurred - See Response Body
[2024-12-10T04:39:22.938Z] Error reading register 6507 for IP 10.30.4.128: A Modbus Exception Occurred - See Response Body
[2024-12-10T04:39:22.939Z] Error reading actual data: A Modbus Exception Occurred - See Response Body
[2024-12-10T04:39:22.940Z] Error writing to Modbus register: A Modbus Exception Occurred - See Response Body
[2024-12-10T04:39:23.949Z] Error reading or processing Modbus registers: A Modbus Exception Occurred - See Response Body
[2024-12-10T04:39:23.951Z] Error reading register 6507 for IP 10.30.4.128: A Modbus Exception Occurred - See Response Body
[2024-12-10T04:39:23.952Z] Error reading actual data: A Modbus Exception Occurred - See Response Body
[2024-12-10T04:39:23.953Z] Error writing to Modbus register: A Modbus Exception Occurred - See Response Body
[2024-12-10T04:39:24.951Z] Error reading or processing Modbus registers: A Modbus Exception Occurred - See Response Body
[2024-12-10T04:39:24.953Z] Error reading register 6507 for IP 10.30.4.128: A Modbus Exception Occurred - See Response Body
[2024-12-10T04:39:24.954Z] Error reading actual data: A Modbus Exception Occurred - See Response Body
[2024-12-10T04:39:24.954Z] Error writing to Modbus register: A Modbus Exception Occurred - See Response Body
[2024-12-10T04:39:25.965Z] Error reading or processing Modbus registers: A Modbus Exception Occurred - See Response Body
[2024-12-10T04:39:25.967Z] Error reading register 6507 for IP 10.30.4.128: A Modbus Exception Occurred - See Response Body
[2024-12-10T04:39:25.968Z] Error reading actual data: A Modbus Exception Occurred - See Response Body
[2024-12-10T04:39:25.969Z] Error writing to Modbus register: A Modbus Exception Occurred - See Response Body
[2024-12-10T04:39:26.979Z] Error reading or processing Modbus registers: A Modbus Exception Occurred - See Response Body
[2024-12-10T04:39:26.981Z] Error reading register 6507 for IP 10.30.4.128: A Modbus Exception Occurred - See Response Body
[2024-12-10T04:39:26.982Z] Error reading actual data: A Modbus Exception Occurred - See Response Body
[2024-12-10T04:39:26.983Z] Error writing to Modbus register: A Modbus Exception Occurred - See Response Body
[2024-12-10T04:39:27.991Z] Error reading or processing Modbus registers: A Modbus Exception Occurred - See Response Body
[2024-12-10T04:39:27.994Z] Error reading register 6507 for IP 10.30.4.128: A Modbus Exception Occurred - See Response Body
[2024-12-10T04:39:27.994Z] Error reading actual data: A Modbus Exception Occurred - See Response Body
[2024-12-10T04:39:27.995Z] Error writing to Modbus register: A Modbus Exception Occurred - See Response Body
[2024-12-10T04:39:29.006Z] Error reading or processing Modbus registers: A Modbus Exception Occurred - See Response Body
[2024-12-10T04:39:29.009Z] Error reading register 6507 for IP 10.30.4.128: A Modbus Exception Occurred - See Response Body
[2024-12-10T04:39:29.010Z] Error reading actual data: A Modbus Exception Occurred - See Response Body
[2024-12-10T04:39:29.010Z] Error writing to Modbus register: A Modbus Exception Occurred - See Response Body
[2024-12-10T04:39:30.020Z] Error reading or processing Modbus registers: A Modbus Exception Occurred - See Response Body
[2024-12-10T04:39:30.022Z] Error reading register 6507 for IP 10.30.4.128: A Modbus Exception Occurred - See Response Body
[2024-12-10T04:39:30.023Z] Error reading actual data: A Modbus Exception Occurred - See Response Body
[2024-12-10T04:39:30.023Z] Error writing to Modbus register: A Modbus Exception Occurred - See Response Body
[2024-12-10T04:39:31.021Z] Error reading or processing Modbus registers: A Modbus Exception Occurred - See Response Body
[2024-12-10T04:39:31.023Z] Error reading register 6507 for IP 10.30.4.128: A Modbus Exception Occurred - See Response Body
[2024-12-10T04:39:31.024Z] Error reading actual data: A Modbus Exception Occurred - See Response Body
[2024-12-10T04:39:31.025Z] Error writing to Modbus register: A Modbus Exception Occurred - See Response Body
[2024-12-10T04:39:32.035Z] Error reading or processing Modbus registers: A Modbus Exception Occurred - See Response Body
[2024-12-10T04:39:32.037Z] Error reading register 6507 for IP 10.30.4.128: A Modbus Exception Occurred - See Response Body
[2024-12-10T04:39:32.038Z] Error reading actual data: A Modbus Exception Occurred - See Response Body
[2024-12-10T04:39:32.038Z] Error writing to Modbus register: A Modbus Exception Occurred - See Response Body
[2024-12-10T04:39:33.049Z] Error reading or processing Modbus registers: A Modbus Exception Occurred - See Response Body
[2024-12-10T04:39:33.050Z] Error reading register 6507 for IP 10.30.4.128: A Modbus Exception Occurred - See Response Body
[2024-12-10T04:39:33.051Z] Error reading actual data: A Modbus Exception Occurred - See Response Body
[2024-12-10T04:39:33.052Z] Error writing to Modbus register: A Modbus Exception Occurred - See Response Body
[2024-12-10T04:39:34.063Z] Error reading or processing Modbus registers: A Modbus Exception Occurred - See Response Body
[2024-12-10T04:39:34.065Z] Error reading register 6507 for IP 10.30.4.128: A Modbus Exception Occurred - See Response Body
[2024-12-10T04:39:34.066Z] Error reading actual data: A Modbus Exception Occurred - See Response Body
[2024-12-10T04:39:34.066Z] Error writing to Modbus register: A Modbus Exception Occurred - See Response Body
[2024-12-10T04:39:35.066Z] Error reading or processing Modbus registers: A Modbus Exception Occurred - See Response Body
[2024-12-10T04:39:35.068Z] Error reading register 6507 for IP 10.30.4.128: A Modbus Exception Occurred - See Response Body
[2024-12-10T04:39:35.069Z] Error reading actual data: A Modbus Exception Occurred - See Response Body
[2024-12-10T04:39:35.070Z] Error writing to Modbus register: A Modbus Exception Occurred - See Response Body
[2024-12-10T04:39:36.070Z] Error reading or processing Modbus registers: A Modbus Exception Occurred - See Response Body
[2024-12-10T04:39:36.072Z] Error reading register 6507 for IP 10.30.4.128: A Modbus Exception Occurred - See Response Body
[2024-12-10T04:39:36.073Z] Error reading actual data: A Modbus Exception Occurred - See Response Body
[2024-12-10T04:39:36.073Z] Error writing to Modbus register: A Modbus Exception Occurred - See Response Body
[2024-12-10T04:39:37.076Z] Error reading or processing Modbus registers: A Modbus Exception Occurred - See Response Body
[2024-12-10T04:39:37.078Z] Error reading register 6507 for IP 10.30.4.128: A Modbus Exception Occurred - See Response Body
[2024-12-10T04:39:37.078Z] Error reading actual data: A Modbus Exception Occurred - See Response Body
[2024-12-10T04:39:37.079Z] Error writing to Modbus register: A Modbus Exception Occurred - See Response Body
[2024-12-10T04:39:38.090Z] Error reading or processing Modbus registers: A Modbus Exception Occurred - See Response Body
[2024-12-10T04:39:38.091Z] Error reading register 6507 for IP 10.30.4.128: A Modbus Exception Occurred - See Response Body
[2024-12-10T04:39:38.092Z] Error reading actual data: A Modbus Exception Occurred - See Response Body
[2024-12-10T04:39:38.093Z] Error writing to Modbus register: A Modbus Exception Occurred - See Response Body
[2024-12-10T04:39:39.092Z] Error reading or processing Modbus registers: A Modbus Exception Occurred - See Response Body
[2024-12-10T04:39:39.094Z] Error reading register 6507 for IP 10.30.4.128: A Modbus Exception Occurred - See Response Body
[2024-12-10T04:39:39.095Z] Error reading actual data: A Modbus Exception Occurred - See Response Body
[2024-12-10T04:39:39.095Z] Error writing to Modbus register: A Modbus Exception Occurred - See Response Body
[2024-12-10T04:39:40.105Z] Error reading or processing Modbus registers: A Modbus Exception Occurred - See Response Body
[2024-12-10T04:39:40.109Z] Error reading register 6507 for IP 10.30.4.128: A Modbus Exception Occurred - See Response Body
[2024-12-10T04:39:40.110Z] Error reading actual data: A Modbus Exception Occurred - See Response Body
[2024-12-10T04:39:40.111Z] Error writing to Modbus register: A Modbus Exception Occurred - See Response Body
[2024-12-10T04:39:41.106Z] Error reading or processing Modbus registers: A Modbus Exception Occurred - See Response Body
[2024-12-10T04:39:41.109Z] Error reading register 6507 for IP 10.30.4.128: A Modbus Exception Occurred - See Response Body
[2024-12-10T04:39:41.110Z] Error reading actual data: A Modbus Exception Occurred - See Response Body
[2024-12-10T04:39:41.110Z] Error writing to Modbus register: A Modbus Exception Occurred - See Response Body
[2024-12-10T04:39:42.110Z] Error reading or processing Modbus registers: A Modbus Exception Occurred - See Response Body
[2024-12-10T04:39:42.112Z] Error reading register 6507 for IP 10.30.4.128: A Modbus Exception Occurred - See Response Body
[2024-12-10T04:39:42.113Z] Error reading actual data: A Modbus Exception Occurred - See Response Body
[2024-12-10T04:39:42.114Z] Error writing to Modbus register: A Modbus Exception Occurred - See Response Body
[2024-12-10T04:39:43.111Z] Error reading or processing Modbus registers: A Modbus Exception Occurred - See Response Body
[2024-12-10T04:39:43.114Z] Error reading register 6507 for IP 10.30.4.128: A Modbus Exception Occurred - See Response Body
[2024-12-10T04:39:43.115Z] Error reading actual data: A Modbus Exception Occurred - See Response Body
[2024-12-10T04:39:43.116Z] Error writing to Modbus register: A Modbus Exception Occurred - See Response Body
[2024-12-10T04:39:44.114Z] Error reading or processing Modbus registers: A Modbus Exception Occurred - See Response Body
[2024-12-10T04:39:44.117Z] Error reading register 6507 for IP 10.30.4.128: A Modbus Exception Occurred - See Response Body
[2024-12-10T04:39:44.118Z] Error reading actual data: A Modbus Exception Occurred - See Response Body
[2024-12-10T04:39:44.119Z] Error writing to Modbus register: A Modbus Exception Occurred - See Response Body
[2024-12-10T04:39:45.114Z] Error reading or processing Modbus registers: A Modbus Exception Occurred - See Response Body
[2024-12-10T04:39:45.117Z] Error reading register 6507 for IP 10.30.4.128: A Modbus Exception Occurred - See Response Body
[2024-12-10T04:39:45.118Z] Error reading actual data: A Modbus Exception Occurred - See Response Body
[2024-12-10T04:39:45.119Z] Error writing to Modbus register: A Modbus Exception Occurred - See Response Body
[2024-12-10T04:39:46.114Z] Error reading or processing Modbus registers: A Modbus Exception Occurred - See Response Body
[2024-12-10T04:39:46.116Z] Error reading register 6507 for IP 10.30.4.128: A Modbus Exception Occurred - See Response Body
[2024-12-10T04:39:46.117Z] Error reading actual data: A Modbus Exception Occurred - See Response Body
[2024-12-10T04:39:46.117Z] Error writing to Modbus register: A Modbus Exception Occurred - See Response Body
[2024-12-10T04:39:47.118Z] Error reading or processing Modbus registers: A Modbus Exception Occurred - See Response Body
[2024-12-10T04:39:47.122Z] Error reading register 6507 for IP 10.30.4.128: A Modbus Exception Occurred - See Response Body
[2024-12-10T04:39:47.123Z] Error reading actual data: A Modbus Exception Occurred - See Response Body
[2024-12-10T04:39:47.123Z] Error writing to Modbus register: A Modbus Exception Occurred - See Response Body
[2024-12-10T04:39:48.133Z] Error reading or processing Modbus registers: A Modbus Exception Occurred - See Response Body
[2024-12-10T04:39:48.136Z] Error reading register 6507 for IP 10.30.4.128: A Modbus Exception Occurred - See Response Body
[2024-12-10T04:39:48.136Z] Error reading actual data: A Modbus Exception Occurred - See Response Body
[2024-12-10T04:39:48.137Z] Error writing to Modbus register: A Modbus Exception Occurred - See Response Body
[2024-12-10T04:39:49.134Z] Error reading or processing Modbus registers: A Modbus Exception Occurred - See Response Body
[2024-12-10T04:39:49.136Z] Error reading register 6507 for IP 10.30.4.128: A Modbus Exception Occurred - See Response Body
[2024-12-10T04:39:49.137Z] Error reading actual data: A Modbus Exception Occurred - See Response Body
[2024-12-10T04:39:49.137Z] Error writing to Modbus register: A Modbus Exception Occurred - See Response Body
[2024-12-10T04:39:50.147Z] Error reading or processing Modbus registers: A Modbus Exception Occurred - See Response Body
[2024-12-10T04:39:50.150Z] Error reading register 6507 for IP 10.30.4.128: A Modbus Exception Occurred - See Response Body
[2024-12-10T04:39:50.150Z] Error reading actual data: A Modbus Exception Occurred - See Response Body
[2024-12-10T04:39:50.151Z] Error writing to Modbus register: A Modbus Exception Occurred - See Response Body
[2024-12-10T04:39:51.149Z] Error reading or processing Modbus registers: A Modbus Exception Occurred - See Response Body
[2024-12-10T04:39:51.151Z] Error reading register 6507 for IP 10.30.4.128: A Modbus Exception Occurred - See Response Body
[2024-12-10T04:39:51.152Z] Error reading actual data: A Modbus Exception Occurred - See Response Body
[2024-12-10T04:39:51.152Z] Error writing to Modbus register: A Modbus Exception Occurred - See Response Body
[2024-12-10T04:39:52.165Z] Error reading or processing Modbus registers: A Modbus Exception Occurred - See Response Body
[2024-12-10T04:39:52.167Z] Error reading register 6507 for IP 10.30.4.128: A Modbus Exception Occurred - See Response Body
[2024-12-10T04:39:52.168Z] Error reading actual data: A Modbus Exception Occurred - See Response Body
[2024-12-10T04:39:52.168Z] Error writing to Modbus register: A Modbus Exception Occurred - See Response Body
[2024-12-10T04:39:53.165Z] Error reading or processing Modbus registers: A Modbus Exception Occurred - See Response Body
[2024-12-10T04:39:53.168Z] Error reading register 6507 for IP 10.30.4.128: A Modbus Exception Occurred - See Response Body
[2024-12-10T04:39:53.168Z] Error reading actual data: A Modbus Exception Occurred - See Response Body
[2024-12-10T04:39:53.169Z] Error writing to Modbus register: A Modbus Exception Occurred - See Response Body
[2024-12-10T04:39:54.180Z] Error reading or processing Modbus registers: A Modbus Exception Occurred - See Response Body
[2024-12-10T04:39:54.182Z] Error reading register 6507 for IP 10.30.4.128: A Modbus Exception Occurred - See Response Body
[2024-12-10T04:39:54.183Z] Error reading actual data: A Modbus Exception Occurred - See Response Body
[2024-12-10T04:39:54.183Z] Error writing to Modbus register: A Modbus Exception Occurred - See Response Body
[2024-12-10T04:39:55.194Z] Error reading or processing Modbus registers: A Modbus Exception Occurred - See Response Body
[2024-12-10T04:39:55.196Z] Error reading register 6507 for IP 10.30.4.128: A Modbus Exception Occurred - See Response Body
[2024-12-10T04:39:55.197Z] Error reading actual data: A Modbus Exception Occurred - See Response Body
[2024-12-10T04:39:55.197Z] Error writing to Modbus register: A Modbus Exception Occurred - See Response Body
[2024-12-10T04:39:56.194Z] Error reading or processing Modbus registers: A Modbus Exception Occurred - See Response Body
[2024-12-10T04:39:56.199Z] Error reading register 6507 for IP 10.30.4.128: A Modbus Exception Occurred - See Response Body
[2024-12-10T04:39:56.200Z] Error reading actual data: A Modbus Exception Occurred - See Response Body
[2024-12-10T04:39:56.200Z] Error writing to Modbus register: A Modbus Exception Occurred - See Response Body
[2024-12-10T04:39:57.206Z] Error reading or processing Modbus registers: A Modbus Exception Occurred - See Response Body
[2024-12-10T04:39:57.209Z] Error reading register 6507 for IP 10.30.4.128: A Modbus Exception Occurred - See Response Body
[2024-12-10T04:39:57.209Z] Error reading actual data: A Modbus Exception Occurred - See Response Body
[2024-12-10T04:39:57.210Z] Error writing to Modbus register: A Modbus Exception Occurred - See Response Body
[2024-12-10T04:39:58.209Z] Error reading or processing Modbus registers: A Modbus Exception Occurred - See Response Body
[2024-12-10T04:39:58.211Z] Error reading register 6507 for IP 10.30.4.128: A Modbus Exception Occurred - See Response Body
[2024-12-10T04:39:58.212Z] Error reading actual data: A Modbus Exception Occurred - See Response Body
[2024-12-10T04:39:58.212Z] Error writing to Modbus register: A Modbus Exception Occurred - See Response Body
[2024-12-10T04:39:59.211Z] Error reading or processing Modbus registers: A Modbus Exception Occurred - See Response Body
[2024-12-10T04:39:59.213Z] Error reading register 6507 for IP 10.30.4.128: A Modbus Exception Occurred - See Response Body
[2024-12-10T04:39:59.214Z] Error reading actual data: A Modbus Exception Occurred - See Response Body
[2024-12-10T04:39:59.214Z] Error writing to Modbus register: A Modbus Exception Occurred - See Response Body
[2024-12-10T04:40:00.212Z] Error reading or processing Modbus registers: A Modbus Exception Occurred - See Response Body
[2024-12-10T04:40:00.214Z] Error reading register 6507 for IP 10.30.4.128: A Modbus Exception Occurred - See Response Body
[2024-12-10T04:40:00.214Z] Error reading actual data: A Modbus Exception Occurred - See Response Body
[2024-12-10T04:40:00.215Z] Error writing to Modbus register: A Modbus Exception Occurred - See Response Body
[2024-12-10T04:40:01.213Z] Error reading or processing Modbus registers: A Modbus Exception Occurred - See Response Body
[2024-12-10T04:40:01.215Z] Error reading register 6507 for IP 10.30.4.128: A Modbus Exception Occurred - See Response Body
[2024-12-10T04:40:01.215Z] Error reading actual data: A Modbus Exception Occurred - See Response Body
[2024-12-10T04:40:01.216Z] Error writing to Modbus register: A Modbus Exception Occurred - See Response Body
[2024-12-10T04:40:02.219Z] Error reading or processing Modbus registers: A Modbus Exception Occurred - See Response Body
[2024-12-10T04:40:02.221Z] Error reading register 6507 for IP 10.30.4.128: A Modbus Exception Occurred - See Response Body
[2024-12-10T04:40:02.221Z] Error reading actual data: A Modbus Exception Occurred - See Response Body
[2024-12-10T04:40:02.222Z] Error writing to Modbus register: A Modbus Exception Occurred - See Response Body
[2024-12-10T04:40:03.221Z] Error reading or processing Modbus registers: A Modbus Exception Occurred - See Response Body
[2024-12-10T04:40:03.223Z] Error reading register 6507 for IP 10.30.4.128: A Modbus Exception Occurred - See Response Body
[2024-12-10T04:40:03.224Z] Error reading actual data: A Modbus Exception Occurred - See Response Body
[2024-12-10T04:40:03.224Z] Error writing to Modbus register: A Modbus Exception Occurred - See Response Body
[2024-12-10T04:40:04.221Z] Error reading or processing Modbus registers: A Modbus Exception Occurred - See Response Body
[2024-12-10T04:40:04.223Z] Error reading register 6507 for IP 10.30.4.128: A Modbus Exception Occurred - See Response Body
[2024-12-10T04:40:04.224Z] Error reading actual data: A Modbus Exception Occurred - See Response Body
[2024-12-10T04:40:04.224Z] Error writing to Modbus register: A Modbus Exception Occurred - See Response Body
[2024-12-10T04:40:05.234Z] Error reading or processing Modbus registers: A Modbus Exception Occurred - See Response Body
[2024-12-10T04:40:05.236Z] Error reading register 6507 for IP 10.30.4.128: A Modbus Exception Occurred - See Response Body
[2024-12-10T04:40:05.237Z] Error reading actual data: A Modbus Exception Occurred - See Response Body
[2024-12-10T04:40:05.237Z] Error writing to Modbus register: A Modbus Exception Occurred - See Response Body
[2024-12-10T04:40:06.237Z] Error reading or processing Modbus registers: A Modbus Exception Occurred - See Response Body
[2024-12-10T04:40:06.239Z] Error reading register 6507 for IP 10.30.4.128: A Modbus Exception Occurred - See Response Body
[2024-12-10T04:40:06.240Z] Error reading actual data: A Modbus Exception Occurred - See Response Body
[2024-12-10T04:40:06.240Z] Error writing to Modbus register: A Modbus Exception Occurred - See Response Body
[2024-12-10T04:40:07.252Z] Error reading or processing Modbus registers: A Modbus Exception Occurred - See Response Body
[2024-12-10T04:40:07.254Z] Error reading register 6507 for IP 10.30.4.128: A Modbus Exception Occurred - See Response Body
[2024-12-10T04:40:07.255Z] Error reading actual data: A Modbus Exception Occurred - See Response Body
[2024-12-10T04:40:07.255Z] Error writing to Modbus register: A Modbus Exception Occurred - See Response Body
[2024-12-10T04:40:08.256Z] Error reading or processing Modbus registers: A Modbus Exception Occurred - See Response Body
[2024-12-10T04:40:08.258Z] Error reading register 6507 for IP 10.30.4.128: A Modbus Exception Occurred - See Response Body
[2024-12-10T04:40:08.259Z] Error reading actual data: A Modbus Exception Occurred - See Response Body
[2024-12-10T04:40:08.259Z] Error writing to Modbus register: A Modbus Exception Occurred - See Response Body
[2024-12-10T04:40:09.271Z] Error reading or processing Modbus registers: A Modbus Exception Occurred - See Response Body
[2024-12-10T04:40:09.273Z] Error reading register 6507 for IP 10.30.4.128: A Modbus Exception Occurred - See Response Body
[2024-12-10T04:40:09.274Z] Error reading actual data: A Modbus Exception Occurred - See Response Body
[2024-12-10T04:40:09.274Z] Error writing to Modbus register: A Modbus Exception Occurred - See Response Body
[2024-12-10T04:40:10.286Z] Error reading or processing Modbus registers: A Modbus Exception Occurred - See Response Body
[2024-12-10T04:40:10.288Z] Error reading register 6507 for IP 10.30.4.128: A Modbus Exception Occurred - See Response Body
[2024-12-10T04:40:10.289Z] Error reading actual data: A Modbus Exception Occurred - See Response Body
[2024-12-10T04:40:10.290Z] Error writing to Modbus register: A Modbus Exception Occurred - See Response Body
[2024-12-10T04:40:11.301Z] Error reading or processing Modbus registers: A Modbus Exception Occurred - See Response Body
[2024-12-10T04:40:11.303Z] Error reading register 6507 for IP 10.30.4.128: A Modbus Exception Occurred - See Response Body
[2024-12-10T04:40:11.304Z] Error reading actual data: A Modbus Exception Occurred - See Response Body
[2024-12-10T04:40:11.304Z] Error writing to Modbus register: A Modbus Exception Occurred - See Response Body
[2024-12-10T04:40:12.315Z] Error reading or processing Modbus registers: A Modbus Exception Occurred - See Response Body
[2024-12-10T04:40:12.318Z] Error reading register 6507 for IP 10.30.4.128: A Modbus Exception Occurred - See Response Body
[2024-12-10T04:40:12.318Z] Error reading actual data: A Modbus Exception Occurred - See Response Body
[2024-12-10T04:40:12.319Z] Error writing to Modbus register: A Modbus Exception Occurred - See Response Body
[2024-12-10T04:40:13.328Z] Error reading or processing Modbus registers: A Modbus Exception Occurred - See Response Body
[2024-12-10T04:40:13.330Z] Error reading register 6507 for IP 10.30.4.128: A Modbus Exception Occurred - See Response Body
[2024-12-10T04:40:13.331Z] Error reading actual data: A Modbus Exception Occurred - See Response Body
[2024-12-10T04:40:13.332Z] Error writing to Modbus register: A Modbus Exception Occurred - See Response Body
[2024-12-10T04:40:14.343Z] Error reading or processing Modbus registers: A Modbus Exception Occurred - See Response Body
[2024-12-10T04:40:14.345Z] Error reading register 6507 for IP 10.30.4.128: A Modbus Exception Occurred - See Response Body
[2024-12-10T04:40:14.346Z] Error reading actual data: A Modbus Exception Occurred - See Response Body
[2024-12-10T04:40:14.347Z] Error writing to Modbus register: A Modbus Exception Occurred - See Response Body
[2024-12-10T04:40:15.344Z] Error reading or processing Modbus registers: A Modbus Exception Occurred - See Response Body
[2024-12-10T04:40:15.346Z] Error reading register 6507 for IP 10.30.4.128: A Modbus Exception Occurred - See Response Body
[2024-12-10T04:40:15.347Z] Error reading actual data: A Modbus Exception Occurred - See Response Body
[2024-12-10T04:40:15.348Z] Error writing to Modbus register: A Modbus Exception Occurred - See Response Body
[2024-12-10T04:40:16.359Z] Error reading or processing Modbus registers: A Modbus Exception Occurred - See Response Body
[2024-12-10T04:40:16.361Z] Error reading register 6507 for IP 10.30.4.128: A Modbus Exception Occurred - See Response Body
[2024-12-10T04:40:16.362Z] Error reading actual data: A Modbus Exception Occurred - See Response Body
[2024-12-10T04:40:16.362Z] Error writing to Modbus register: A Modbus Exception Occurred - See Response Body
[2024-12-10T04:40:17.372Z] Error reading or processing Modbus registers: A Modbus Exception Occurred - See Response Body
[2024-12-10T04:40:17.375Z] Error reading register 6507 for IP 10.30.4.128: A Modbus Exception Occurred - See Response Body
[2024-12-10T04:40:17.375Z] Error reading actual data: A Modbus Exception Occurred - See Response Body
[2024-12-10T04:40:17.376Z] Error writing to Modbus register: A Modbus Exception Occurred - See Response Body
[2024-12-10T04:40:18.374Z] Error reading or processing Modbus registers: A Modbus Exception Occurred - See Response Body
[2024-12-10T04:40:18.377Z] Error reading register 6507 for IP 10.30.4.128: A Modbus Exception Occurred - See Response Body
[2024-12-10T04:40:18.378Z] Error reading actual data: A Modbus Exception Occurred - See Response Body
[2024-12-10T04:40:18.378Z] Error writing to Modbus register: A Modbus Exception Occurred - See Response Body
[2024-12-10T04:40:19.377Z] Error reading or processing Modbus registers: A Modbus Exception Occurred - See Response Body
[2024-12-10T04:40:19.379Z] Error reading register 6507 for IP 10.30.4.128: A Modbus Exception Occurred - See Response Body
[2024-12-10T04:40:19.380Z] Error reading actual data: A Modbus Exception Occurred - See Response Body
[2024-12-10T04:40:19.380Z] Error writing to Modbus register: A Modbus Exception Occurred - See Response Body
[2024-12-10T04:40:20.383Z] Error reading or processing Modbus registers: A Modbus Exception Occurred - See Response Body
[2024-12-10T04:40:20.385Z] Error reading register 6507 for IP 10.30.4.128: A Modbus Exception Occurred - See Response Body
[2024-12-10T04:40:20.386Z] Error reading actual data: A Modbus Exception Occurred - See Response Body
[2024-12-10T04:40:20.386Z] Error writing to Modbus register: A Modbus Exception Occurred - See Response Body
[2024-12-10T04:40:21.385Z] Error reading or processing Modbus registers: A Modbus Exception Occurred - See Response Body
[2024-12-10T04:40:21.388Z] Error reading register 6507 for IP 10.30.4.128: A Modbus Exception Occurred - See Response Body
[2024-12-10T04:40:21.388Z] Error reading actual data: A Modbus Exception Occurred - See Response Body
[2024-12-10T04:40:21.389Z] Error writing to Modbus register: A Modbus Exception Occurred - See Response Body
[2024-12-10T04:40:22.401Z] Error reading or processing Modbus registers: A Modbus Exception Occurred - See Response Body
[2024-12-10T04:40:22.403Z] Error reading register 6507 for IP 10.30.4.128: A Modbus Exception Occurred - See Response Body
[2024-12-10T04:40:22.404Z] Error reading actual data: A Modbus Exception Occurred - See Response Body
[2024-12-10T04:40:22.404Z] Error writing to Modbus register: A Modbus Exception Occurred - See Response Body
[2024-12-10T04:40:23.401Z] Error reading or processing Modbus registers: A Modbus Exception Occurred - See Response Body
[2024-12-10T04:40:23.405Z] Error reading register 6507 for IP 10.30.4.128: A Modbus Exception Occurred - See Response Body
[2024-12-10T04:40:23.405Z] Error reading actual data: A Modbus Exception Occurred - See Response Body
[2024-12-10T04:40:23.408Z] Error writing to Modbus register: A Modbus Exception Occurred - See Response Body
[2024-12-10T04:40:24.403Z] Error reading or processing Modbus registers: A Modbus Exception Occurred - See Response Body
[2024-12-10T04:40:24.407Z] Error reading register 6507 for IP 10.30.4.128: A Modbus Exception Occurred - See Response Body
[2024-12-10T04:40:24.408Z] Error reading actual data: A Modbus Exception Occurred - See Response Body
[2024-12-10T04:40:24.408Z] Error writing to Modbus register: A Modbus Exception Occurred - See Response Body
[2024-12-10T04:40:25.417Z] Error reading or processing Modbus registers: A Modbus Exception Occurred - See Response Body
[2024-12-10T04:40:25.419Z] Error reading register 6507 for IP 10.30.4.128: A Modbus Exception Occurred - See Response Body
[2024-12-10T04:40:25.419Z] Error reading actual data: A Modbus Exception Occurred - See Response Body
[2024-12-10T04:40:25.420Z] Error writing to Modbus register: A Modbus Exception Occurred - See Response Body
[2024-12-10T04:40:26.417Z] Error reading or processing Modbus registers: A Modbus Exception Occurred - See Response Body
[2024-12-10T04:40:26.419Z] Error reading register 6507 for IP 10.30.4.128: A Modbus Exception Occurred - See Response Body
[2024-12-10T04:40:26.419Z] Error reading actual data: A Modbus Exception Occurred - See Response Body
[2024-12-10T04:40:26.420Z] Error writing to Modbus register: A Modbus Exception Occurred - See Response Body
[2024-12-10T04:40:27.422Z] Error reading or processing Modbus registers: A Modbus Exception Occurred - See Response Body
[2024-12-10T04:40:27.424Z] Error reading register 6507 for IP 10.30.4.128: A Modbus Exception Occurred - See Response Body
[2024-12-10T04:40:27.425Z] Error reading actual data: A Modbus Exception Occurred - See Response Body
[2024-12-10T04:40:27.425Z] Error writing to Modbus register: A Modbus Exception Occurred - See Response Body
[2024-12-10T04:40:28.437Z] Error reading or processing Modbus registers: A Modbus Exception Occurred - See Response Body
[2024-12-10T04:40:28.439Z] Error reading register 6507 for IP 10.30.4.128: A Modbus Exception Occurred - See Response Body
[2024-12-10T04:40:28.439Z] Error reading actual data: A Modbus Exception Occurred - See Response Body
[2024-12-10T04:40:28.440Z] Error writing to Modbus register: A Modbus Exception Occurred - See Response Body
[2024-12-10T04:40:29.438Z] Error reading or processing Modbus registers: A Modbus Exception Occurred - See Response Body
[2024-12-10T04:40:29.440Z] Error reading register 6507 for IP 10.30.4.128: A Modbus Exception Occurred - See Response Body
[2024-12-10T04:40:29.440Z] Error reading actual data: A Modbus Exception Occurred - See Response Body
[2024-12-10T04:40:29.441Z] Error writing to Modbus register: A Modbus Exception Occurred - See Response Body
[2024-12-10T04:40:30.449Z] Error reading or processing Modbus registers: A Modbus Exception Occurred - See Response Body
[2024-12-10T04:40:30.451Z] Error reading register 6507 for IP 10.30.4.128: A Modbus Exception Occurred - See Response Body
[2024-12-10T04:40:30.452Z] Error reading actual data: A Modbus Exception Occurred - See Response Body
[2024-12-10T04:40:30.452Z] Error writing to Modbus register: A Modbus Exception Occurred - See Response Body
[2024-12-10T04:40:31.461Z] Error reading or processing Modbus registers: A Modbus Exception Occurred - See Response Body
[2024-12-10T04:40:31.464Z] Error reading register 6507 for IP 10.30.4.128: A Modbus Exception Occurred - See Response Body
[2024-12-10T04:40:31.464Z] Error reading actual data: A Modbus Exception Occurred - See Response Body
[2024-12-10T04:40:31.465Z] Error writing to Modbus register: A Modbus Exception Occurred - See Response Body
[2024-12-10T04:40:32.462Z] Error reading or processing Modbus registers: A Modbus Exception Occurred - See Response Body
[2024-12-10T04:40:32.464Z] Error reading register 6507 for IP 10.30.4.128: A Modbus Exception Occurred - See Response Body
[2024-12-10T04:40:32.465Z] Error reading actual data: A Modbus Exception Occurred - See Response Body
[2024-12-10T04:40:32.465Z] Error writing to Modbus register: A Modbus Exception Occurred - See Response Body
[2024-12-10T04:40:33.477Z] Error reading or processing Modbus registers: A Modbus Exception Occurred - See Response Body
[2024-12-10T04:40:33.479Z] Error reading register 6507 for IP 10.30.4.128: A Modbus Exception Occurred - See Response Body
[2024-12-10T04:40:33.480Z] Error reading actual data: A Modbus Exception Occurred - See Response Body
[2024-12-10T04:40:33.480Z] Error writing to Modbus register: A Modbus Exception Occurred - See Response Body
[2024-12-10T04:40:34.479Z] Error reading or processing Modbus registers: A Modbus Exception Occurred - See Response Body
[2024-12-10T04:40:34.480Z] Error reading register 6507 for IP 10.30.4.128: A Modbus Exception Occurred - See Response Body
[2024-12-10T04:40:34.481Z] Error reading actual data: A Modbus Exception Occurred - See Response Body
[2024-12-10T04:40:34.482Z] Error writing to Modbus register: A Modbus Exception Occurred - See Response Body
[2024-12-10T04:40:35.494Z] Error reading or processing Modbus registers: A Modbus Exception Occurred - See Response Body
[2024-12-10T04:40:35.496Z] Error reading register 6507 for IP 10.30.4.128: A Modbus Exception Occurred - See Response Body
[2024-12-10T04:40:35.497Z] Error reading actual data: A Modbus Exception Occurred - See Response Body
[2024-12-10T04:40:35.497Z] Error writing to Modbus register: A Modbus Exception Occurred - See Response Body
[2024-12-10T04:40:36.509Z] Error reading or processing Modbus registers: A Modbus Exception Occurred - See Response Body
[2024-12-10T04:40:36.511Z] Error reading register 6507 for IP 10.30.4.128: A Modbus Exception Occurred - See Response Body
[2024-12-10T04:40:36.512Z] Error reading actual data: A Modbus Exception Occurred - See Response Body
[2024-12-10T04:40:36.513Z] Error writing to Modbus register: A Modbus Exception Occurred - See Response Body
[2024-12-10T04:40:37.523Z] Error reading or processing Modbus registers: A Modbus Exception Occurred - See Response Body
[2024-12-10T04:40:37.526Z] Error reading register 6507 for IP 10.30.4.128: A Modbus Exception Occurred - See Response Body
[2024-12-10T04:40:37.526Z] Error reading actual data: A Modbus Exception Occurred - See Response Body
[2024-12-10T04:40:37.527Z] Error writing to Modbus register: A Modbus Exception Occurred - See Response Body
[2024-12-10T04:40:38.538Z] Error reading or processing Modbus registers: A Modbus Exception Occurred - See Response Body
[2024-12-10T04:40:38.541Z] Error reading register 6507 for IP 10.30.4.128: A Modbus Exception Occurred - See Response Body
[2024-12-10T04:40:38.542Z] Error reading actual data: A Modbus Exception Occurred - See Response Body
[2024-12-10T04:40:38.542Z] Error writing to Modbus register: A Modbus Exception Occurred - See Response Body
[2024-12-10T04:40:39.553Z] Error reading or processing Modbus registers: A Modbus Exception Occurred - See Response Body
[2024-12-10T04:40:39.556Z] Error reading register 6507 for IP 10.30.4.128: A Modbus Exception Occurred - See Response Body
[2024-12-10T04:40:39.556Z] Error reading actual data: A Modbus Exception Occurred - See Response Body
[2024-12-10T04:40:39.557Z] Error writing to Modbus register: A Modbus Exception Occurred - See Response Body
[2024-12-10T04:40:40.567Z] Error reading or processing Modbus registers: A Modbus Exception Occurred - See Response Body
[2024-12-10T04:40:40.569Z] Error reading register 6507 for IP 10.30.4.128: A Modbus Exception Occurred - See Response Body
[2024-12-10T04:40:40.570Z] Error reading actual data: A Modbus Exception Occurred - See Response Body
[2024-12-10T04:40:40.571Z] Error writing to Modbus register: A Modbus Exception Occurred - See Response Body
[2024-12-10T04:40:41.579Z] Error reading or processing Modbus registers: A Modbus Exception Occurred - See Response Body
[2024-12-10T04:40:41.581Z] Error reading register 6507 for IP 10.30.4.128: A Modbus Exception Occurred - See Response Body
[2024-12-10T04:40:41.582Z] Error reading actual data: A Modbus Exception Occurred - See Response Body
[2024-12-10T04:40:41.583Z] Error writing to Modbus register: A Modbus Exception Occurred - See Response Body
[2024-12-10T04:40:42.583Z] Error reading or processing Modbus registers: A Modbus Exception Occurred - See Response Body
[2024-12-10T04:40:42.585Z] Error reading register 6507 for IP 10.30.4.128: A Modbus Exception Occurred - See Response Body
[2024-12-10T04:40:42.586Z] Error reading actual data: A Modbus Exception Occurred - See Response Body
[2024-12-10T04:40:42.586Z] Error writing to Modbus register: A Modbus Exception Occurred - See Response Body
[2024-12-10T04:40:43.587Z] Error reading or processing Modbus registers: A Modbus Exception Occurred - See Response Body
[2024-12-10T04:40:43.589Z] Error reading register 6507 for IP 10.30.4.128: A Modbus Exception Occurred - See Response Body
[2024-12-10T04:40:43.590Z] Error reading actual data: A Modbus Exception Occurred - See Response Body
[2024-12-10T04:40:43.590Z] Error writing to Modbus register: A Modbus Exception Occurred - See Response Body
[2024-12-10T04:40:44.590Z] Error reading or processing Modbus registers: A Modbus Exception Occurred - See Response Body
[2024-12-10T04:40:44.592Z] Error reading register 6507 for IP 10.30.4.128: A Modbus Exception Occurred - See Response Body
[2024-12-10T04:40:44.593Z] Error reading actual data: A Modbus Exception Occurred - See Response Body
[2024-12-10T04:40:44.594Z] Error writing to Modbus register: A Modbus Exception Occurred - See Response Body
[2024-12-10T04:40:45.591Z] Error reading or processing Modbus registers: A Modbus Exception Occurred - See Response Body
[2024-12-10T04:40:45.593Z] Error reading register 6507 for IP 10.30.4.128: A Modbus Exception Occurred - See Response Body
[2024-12-10T04:40:45.594Z] Error reading actual data: A Modbus Exception Occurred - See Response Body
[2024-12-10T04:40:45.595Z] Error writing to Modbus register: A Modbus Exception Occurred - See Response Body
[2024-12-10T04:40:46.594Z] Error reading or processing Modbus registers: A Modbus Exception Occurred - See Response Body
[2024-12-10T04:40:46.596Z] Error reading register 6507 for IP 10.30.4.128: A Modbus Exception Occurred - See Response Body
[2024-12-10T04:40:46.597Z] Error reading actual data: A Modbus Exception Occurred - See Response Body
[2024-12-10T04:40:46.597Z] Error writing to Modbus register: A Modbus Exception Occurred - See Response Body
[2024-12-10T04:40:47.609Z] Error reading or processing Modbus registers: A Modbus Exception Occurred - See Response Body
[2024-12-10T04:40:47.611Z] Error reading register 6507 for IP 10.30.4.128: A Modbus Exception Occurred - See Response Body
[2024-12-10T04:40:47.612Z] Error reading actual data: A Modbus Exception Occurred - See Response Body
[2024-12-10T04:40:47.613Z] Error writing to Modbus register: A Modbus Exception Occurred - See Response Body
[2024-12-10T04:40:48.612Z] Error reading or processing Modbus registers: A Modbus Exception Occurred - See Response Body
[2024-12-10T04:40:48.614Z] Error reading register 6507 for IP 10.30.4.128: A Modbus Exception Occurred - See Response Body
[2024-12-10T04:40:48.615Z] Error reading actual data: A Modbus Exception Occurred - See Response Body
[2024-12-10T04:40:48.615Z] Error writing to Modbus register: A Modbus Exception Occurred - See Response Body
[2024-12-10T04:40:49.625Z] Error reading or processing Modbus registers: A Modbus Exception Occurred - See Response Body
[2024-12-10T04:40:49.628Z] Error reading register 6507 for IP 10.30.4.128: A Modbus Exception Occurred - See Response Body
[2024-12-10T04:40:49.629Z] Error reading actual data: A Modbus Exception Occurred - See Response Body
[2024-12-10T04:40:49.629Z] Error writing to Modbus register: A Modbus Exception Occurred - See Response Body
[2024-12-10T04:40:50.629Z] Error reading or processing Modbus registers: A Modbus Exception Occurred - See Response Body
[2024-12-10T04:40:50.630Z] Error reading register 6507 for IP 10.30.4.128: A Modbus Exception Occurred - See Response Body
[2024-12-10T04:40:50.631Z] Error reading actual data: A Modbus Exception Occurred - See Response Body
[2024-12-10T04:40:50.632Z] Error writing to Modbus register: A Modbus Exception Occurred - See Response Body
[2024-12-10T04:40:51.642Z] Error reading or processing Modbus registers: A Modbus Exception Occurred - See Response Body
[2024-12-10T04:40:51.644Z] Error reading register 6507 for IP 10.30.4.128: A Modbus Exception Occurred - See Response Body
[2024-12-10T04:40:51.645Z] Error reading actual data: A Modbus Exception Occurred - See Response Body
[2024-12-10T04:40:51.645Z] Error writing to Modbus register: A Modbus Exception Occurred - See Response Body
[2024-12-10T04:40:52.645Z] Error reading or processing Modbus registers: A Modbus Exception Occurred - See Response Body
[2024-12-10T04:40:52.647Z] Error reading register 6507 for IP 10.30.4.128: A Modbus Exception Occurred - See Response Body
[2024-12-10T04:40:52.648Z] Error reading actual data: A Modbus Exception Occurred - See Response Body
[2024-12-10T04:40:52.648Z] Error writing to Modbus register: A Modbus Exception Occurred - See Response Body
[2024-12-10T04:40:53.654Z] Error reading or processing Modbus registers: A Modbus Exception Occurred - See Response Body
[2024-12-10T04:40:53.656Z] Error reading register 6507 for IP 10.30.4.128: A Modbus Exception Occurred - See Response Body
[2024-12-10T04:40:53.656Z] Error reading actual data: A Modbus Exception Occurred - See Response Body
[2024-12-10T04:40:53.657Z] Error writing to Modbus register: A Modbus Exception Occurred - See Response Body
[2024-12-10T04:40:54.655Z] Error reading or processing Modbus registers: A Modbus Exception Occurred - See Response Body
[2024-12-10T04:40:54.657Z] Error reading register 6507 for IP 10.30.4.128: A Modbus Exception Occurred - See Response Body
[2024-12-10T04:40:54.658Z] Error reading actual data: A Modbus Exception Occurred - See Response Body
[2024-12-10T04:40:54.658Z] Error writing to Modbus register: A Modbus Exception Occurred - See Response Body
[2024-12-10T04:40:55.656Z] Error reading or processing Modbus registers: A Modbus Exception Occurred - See Response Body
[2024-12-10T04:40:55.659Z] Error reading register 6507 for IP 10.30.4.128: A Modbus Exception Occurred - See Response Body
[2024-12-10T04:40:55.660Z] Error reading actual data: A Modbus Exception Occurred - See Response Body
[2024-12-10T04:40:55.660Z] Error writing to Modbus register: A Modbus Exception Occurred - See Response Body
[2024-12-10T04:40:56.672Z] Error reading or processing Modbus registers: A Modbus Exception Occurred - See Response Body
[2024-12-10T04:40:56.674Z] Error reading register 6507 for IP 10.30.4.128: A Modbus Exception Occurred - See Response Body
[2024-12-10T04:40:56.675Z] Error reading actual data: A Modbus Exception Occurred - See Response Body
[2024-12-10T04:40:56.675Z] Error writing to Modbus register: A Modbus Exception Occurred - See Response Body
[2024-12-10T04:40:57.687Z] Error reading or processing Modbus registers: A Modbus Exception Occurred - See Response Body
[2024-12-10T04:40:57.689Z] Error reading register 6507 for IP 10.30.4.128: A Modbus Exception Occurred - See Response Body
[2024-12-10T04:40:57.690Z] Error reading actual data: A Modbus Exception Occurred - See Response Body
[2024-12-10T04:40:57.690Z] Error writing to Modbus register: A Modbus Exception Occurred - See Response Body
[2024-12-10T04:40:58.687Z] Error reading or processing Modbus registers: A Modbus Exception Occurred - See Response Body
[2024-12-10T04:40:58.690Z] Error reading register 6507 for IP 10.30.4.128: A Modbus Exception Occurred - See Response Body
[2024-12-10T04:40:58.690Z] Error reading actual data: A Modbus Exception Occurred - See Response Body
[2024-12-10T04:40:58.691Z] Error writing to Modbus register: A Modbus Exception Occurred - See Response Body
[2024-12-10T04:40:59.700Z] Error reading or processing Modbus registers: A Modbus Exception Occurred - See Response Body
[2024-12-10T04:40:59.703Z] Error reading register 6507 for IP 10.30.4.128: A Modbus Exception Occurred - See Response Body
[2024-12-10T04:40:59.704Z] Error reading actual data: A Modbus Exception Occurred - See Response Body
[2024-12-10T04:40:59.704Z] Error writing to Modbus register: A Modbus Exception Occurred - See Response Body
[2024-12-10T04:41:00.701Z] Error reading or processing Modbus registers: A Modbus Exception Occurred - See Response Body
[2024-12-10T04:41:00.703Z] Error reading register 6507 for IP 10.30.4.128: A Modbus Exception Occurred - See Response Body
[2024-12-10T04:41:00.704Z] Error reading actual data: A Modbus Exception Occurred - See Response Body
[2024-12-10T04:41:00.704Z] Error writing to Modbus register: A Modbus Exception Occurred - See Response Body
[2024-12-10T04:41:01.702Z] Error reading or processing Modbus registers: A Modbus Exception Occurred - See Response Body
[2024-12-10T04:41:01.705Z] Error reading register 6507 for IP 10.30.4.128: A Modbus Exception Occurred - See Response Body
[2024-12-10T04:41:01.705Z] Error reading actual data: A Modbus Exception Occurred - See Response Body
[2024-12-10T04:41:01.706Z] Error writing to Modbus register: A Modbus Exception Occurred - See Response Body
[2024-12-10T04:41:02.702Z] Error reading or processing Modbus registers: A Modbus Exception Occurred - See Response Body
[2024-12-10T04:41:02.705Z] Error reading register 6507 for IP 10.30.4.128: A Modbus Exception Occurred - See Response Body
[2024-12-10T04:41:02.706Z] Error reading actual data: A Modbus Exception Occurred - See Response Body
[2024-12-10T04:41:02.706Z] Error writing to Modbus register: A Modbus Exception Occurred - See Response Body
[2024-12-10T04:41:03.716Z] Error reading or processing Modbus registers: A Modbus Exception Occurred - See Response Body
[2024-12-10T04:41:03.718Z] Error reading register 6507 for IP 10.30.4.128: A Modbus Exception Occurred - See Response Body
[2024-12-10T04:41:03.718Z] Error reading actual data: A Modbus Exception Occurred - See Response Body
[2024-12-10T04:41:03.719Z] Error writing to Modbus register: A Modbus Exception Occurred - See Response Body
[2024-12-10T04:41:04.730Z] Error reading or processing Modbus registers: A Modbus Exception Occurred - See Response Body
[2024-12-10T04:41:04.732Z] Error reading register 6507 for IP 10.30.4.128: A Modbus Exception Occurred - See Response Body
[2024-12-10T04:41:04.733Z] Error reading actual data: A Modbus Exception Occurred - See Response Body
[2024-12-10T04:41:04.734Z] Error writing to Modbus register: A Modbus Exception Occurred - See Response Body
[2024-12-10T04:41:05.746Z] Error reading or processing Modbus registers: A Modbus Exception Occurred - See Response Body
[2024-12-10T04:41:05.749Z] Error reading register 6507 for IP 10.30.4.128: A Modbus Exception Occurred - See Response Body
[2024-12-10T04:41:05.750Z] Error reading actual data: A Modbus Exception Occurred - See Response Body
[2024-12-10T04:41:05.751Z] Error writing to Modbus register: A Modbus Exception Occurred - See Response Body
[2024-12-10T04:41:06.747Z] Error reading or processing Modbus registers: A Modbus Exception Occurred - See Response Body
[2024-12-10T04:41:06.749Z] Error reading register 6507 for IP 10.30.4.128: A Modbus Exception Occurred - See Response Body
[2024-12-10T04:41:06.750Z] Error reading actual data: A Modbus Exception Occurred - See Response Body
[2024-12-10T04:41:06.750Z] Error writing to Modbus register: A Modbus Exception Occurred - See Response Body
[2024-12-10T04:41:07.753Z] Error reading or processing Modbus registers: A Modbus Exception Occurred - See Response Body
[2024-12-10T04:41:07.755Z] Error reading register 6507 for IP 10.30.4.128: A Modbus Exception Occurred - See Response Body
[2024-12-10T04:41:07.755Z] Error reading actual data: A Modbus Exception Occurred - See Response Body
[2024-12-10T04:41:07.756Z] Error writing to Modbus register: A Modbus Exception Occurred - See Response Body
[2024-12-10T04:41:08.766Z] Error reading or processing Modbus registers: A Modbus Exception Occurred - See Response Body
[2024-12-10T04:41:08.768Z] Error reading register 6507 for IP 10.30.4.128: A Modbus Exception Occurred - See Response Body
[2024-12-10T04:41:08.769Z] Error reading actual data: A Modbus Exception Occurred - See Response Body
[2024-12-10T04:41:08.769Z] Error writing to Modbus register: A Modbus Exception Occurred - See Response Body
[2024-12-10T04:41:09.767Z] Error reading or processing Modbus registers: A Modbus Exception Occurred - See Response Body
[2024-12-10T04:41:09.770Z] Error reading register 6507 for IP 10.30.4.128: A Modbus Exception Occurred - See Response Body
[2024-12-10T04:41:09.771Z] Error reading actual data: A Modbus Exception Occurred - See Response Body
[2024-12-10T04:41:09.771Z] Error writing to Modbus register: A Modbus Exception Occurred - See Response Body
[2024-12-10T04:41:10.781Z] Error reading or processing Modbus registers: A Modbus Exception Occurred - See Response Body
[2024-12-10T04:41:10.783Z] Error reading register 6507 for IP 10.30.4.128: A Modbus Exception Occurred - See Response Body
[2024-12-10T04:41:10.784Z] Error reading actual data: A Modbus Exception Occurred - See Response Body
[2024-12-10T04:41:10.784Z] Error writing to Modbus register: A Modbus Exception Occurred - See Response Body
[2024-12-10T04:41:11.793Z] Error reading or processing Modbus registers: A Modbus Exception Occurred - See Response Body
[2024-12-10T04:41:11.795Z] Error reading register 6507 for IP 10.30.4.128: A Modbus Exception Occurred - See Response Body
[2024-12-10T04:41:11.795Z] Error reading actual data: A Modbus Exception Occurred - See Response Body
[2024-12-10T04:41:11.796Z] Error writing to Modbus register: A Modbus Exception Occurred - See Response Body
[2024-12-10T04:41:12.797Z] Error reading or processing Modbus registers: A Modbus Exception Occurred - See Response Body
[2024-12-10T04:41:12.799Z] Error reading register 6507 for IP 10.30.4.128: A Modbus Exception Occurred - See Response Body
[2024-12-10T04:41:12.800Z] Error reading actual data: A Modbus Exception Occurred - See Response Body
[2024-12-10T04:41:12.801Z] Error writing to Modbus register: A Modbus Exception Occurred - See Response Body
[2024-12-10T04:41:13.811Z] Error reading or processing Modbus registers: A Modbus Exception Occurred - See Response Body
[2024-12-10T04:41:13.813Z] Error reading register 6507 for IP 10.30.4.128: A Modbus Exception Occurred - See Response Body
[2024-12-10T04:41:13.814Z] Error reading actual data: A Modbus Exception Occurred - See Response Body
[2024-12-10T04:41:13.814Z] Error writing to Modbus register: A Modbus Exception Occurred - See Response Body
[2024-12-10T04:41:14.813Z] Error reading or processing Modbus registers: A Modbus Exception Occurred - See Response Body
[2024-12-10T04:41:14.815Z] Error reading register 6507 for IP 10.30.4.128: A Modbus Exception Occurred - See Response Body
[2024-12-10T04:41:14.815Z] Error reading actual data: A Modbus Exception Occurred - See Response Body
[2024-12-10T04:41:14.816Z] Error writing to Modbus register: A Modbus Exception Occurred - See Response Body
[2024-12-10T04:41:15.813Z] Error reading or processing Modbus registers: A Modbus Exception Occurred - See Response Body
[2024-12-10T04:41:15.815Z] Error reading register 6507 for IP 10.30.4.128: A Modbus Exception Occurred - See Response Body
[2024-12-10T04:41:15.816Z] Error reading actual data: A Modbus Exception Occurred - See Response Body
[2024-12-10T04:41:15.816Z] Error writing to Modbus register: A Modbus Exception Occurred - See Response Body
[2024-12-10T04:41:16.824Z] Error reading or processing Modbus registers: A Modbus Exception Occurred - See Response Body
[2024-12-10T04:41:16.827Z] Error reading register 6507 for IP 10.30.4.128: A Modbus Exception Occurred - See Response Body
[2024-12-10T04:41:16.827Z] Error reading actual data: A Modbus Exception Occurred - See Response Body
[2024-12-10T04:41:16.828Z] Error writing to Modbus register: A Modbus Exception Occurred - See Response Body
[2024-12-10T04:41:17.840Z] Error reading or processing Modbus registers: A Modbus Exception Occurred - See Response Body
[2024-12-10T04:41:17.842Z] Error reading register 6507 for IP 10.30.4.128: A Modbus Exception Occurred - See Response Body
[2024-12-10T04:41:17.843Z] Error reading actual data: A Modbus Exception Occurred - See Response Body
[2024-12-10T04:41:17.843Z] Error writing to Modbus register: A Modbus Exception Occurred - See Response Body
[2024-12-10T04:41:18.854Z] Error reading or processing Modbus registers: A Modbus Exception Occurred - See Response Body
[2024-12-10T04:41:18.856Z] Error reading register 6507 for IP 10.30.4.128: A Modbus Exception Occurred - See Response Body
[2024-12-10T04:41:18.856Z] Error reading actual data: A Modbus Exception Occurred - See Response Body
[2024-12-10T04:41:18.857Z] Error writing to Modbus register: A Modbus Exception Occurred - See Response Body
[2024-12-10T04:41:19.867Z] Error reading or processing Modbus registers: A Modbus Exception Occurred - See Response Body
[2024-12-10T04:41:19.869Z] Error reading register 6507 for IP 10.30.4.128: A Modbus Exception Occurred - See Response Body
[2024-12-10T04:41:19.870Z] Error reading actual data: A Modbus Exception Occurred - See Response Body
[2024-12-10T04:41:19.870Z] Error writing to Modbus register: A Modbus Exception Occurred - See Response Body
[2024-12-10T04:41:20.867Z] Error reading or processing Modbus registers: A Modbus Exception Occurred - See Response Body
[2024-12-10T04:41:20.870Z] Error reading register 6507 for IP 10.30.4.128: A Modbus Exception Occurred - See Response Body
[2024-12-10T04:41:20.871Z] Error reading actual data: A Modbus Exception Occurred - See Response Body
[2024-12-10T04:41:20.872Z] Error writing to Modbus register: A Modbus Exception Occurred - See Response Body
[2024-12-10T04:41:21.882Z] Error reading or processing Modbus registers: A Modbus Exception Occurred - See Response Body
[2024-12-10T04:41:21.885Z] Error reading register 6507 for IP 10.30.4.128: A Modbus Exception Occurred - See Response Body
[2024-12-10T04:41:21.886Z] Error reading actual data: A Modbus Exception Occurred - See Response Body
[2024-12-10T04:41:21.886Z] Error writing to Modbus register: A Modbus Exception Occurred - See Response Body
[2024-12-10T04:41:22.895Z] Error reading or processing Modbus registers: A Modbus Exception Occurred - See Response Body
[2024-12-10T04:41:22.898Z] Error reading register 6507 for IP 10.30.4.128: A Modbus Exception Occurred - See Response Body
[2024-12-10T04:41:22.899Z] Error reading actual data: A Modbus Exception Occurred - See Response Body
[2024-12-10T04:41:22.899Z] Error writing to Modbus register: A Modbus Exception Occurred - See Response Body
[2024-12-10T04:41:23.895Z] Error reading or processing Modbus registers: A Modbus Exception Occurred - See Response Body
[2024-12-10T04:41:23.897Z] Error reading register 6507 for IP 10.30.4.128: A Modbus Exception Occurred - See Response Body
[2024-12-10T04:41:23.898Z] Error reading actual data: A Modbus Exception Occurred - See Response Body
[2024-12-10T04:41:23.898Z] Error writing to Modbus register: A Modbus Exception Occurred - See Response Body
[2024-12-10T04:41:24.911Z] Error reading or processing Modbus registers: A Modbus Exception Occurred - See Response Body
[2024-12-10T04:41:24.914Z] Error reading register 6507 for IP 10.30.4.128: A Modbus Exception Occurred - See Response Body
[2024-12-10T04:41:24.914Z] Error reading actual data: A Modbus Exception Occurred - See Response Body
[2024-12-10T04:41:24.915Z] Error writing to Modbus register: A Modbus Exception Occurred - See Response Body
[2024-12-10T04:41:25.912Z] Error reading or processing Modbus registers: A Modbus Exception Occurred - See Response Body
[2024-12-10T04:41:25.915Z] Error reading register 6507 for IP 10.30.4.128: A Modbus Exception Occurred - See Response Body
[2024-12-10T04:41:25.916Z] Error reading actual data: A Modbus Exception Occurred - See Response Body
[2024-12-10T04:41:25.916Z] Error writing to Modbus register: A Modbus Exception Occurred - See Response Body
[2024-12-10T04:41:26.912Z] Error reading or processing Modbus registers: A Modbus Exception Occurred - See Response Body
[2024-12-10T04:41:26.915Z] Error reading register 6507 for IP 10.30.4.128: A Modbus Exception Occurred - See Response Body
[2024-12-10T04:41:26.916Z] Error reading actual data: A Modbus Exception Occurred - See Response Body
[2024-12-10T04:41:26.916Z] Error writing to Modbus register: A Modbus Exception Occurred - See Response Body
[2024-12-10T04:41:27.912Z] Error reading or processing Modbus registers: A Modbus Exception Occurred - See Response Body
[2024-12-10T04:41:27.914Z] Error reading register 6507 for IP 10.30.4.128: A Modbus Exception Occurred - See Response Body
[2024-12-10T04:41:27.915Z] Error reading actual data: A Modbus Exception Occurred - See Response Body
[2024-12-10T04:41:27.916Z] Error writing to Modbus register: A Modbus Exception Occurred - See Response Body
[2024-12-10T04:41:28.926Z] Error reading or processing Modbus registers: A Modbus Exception Occurred - See Response Body
[2024-12-10T04:41:28.928Z] Error reading register 6507 for IP 10.30.4.128: A Modbus Exception Occurred - See Response Body
[2024-12-10T04:41:28.929Z] Error reading actual data: A Modbus Exception Occurred - See Response Body
[2024-12-10T04:41:28.929Z] Error writing to Modbus register: A Modbus Exception Occurred - See Response Body
[2024-12-10T04:41:29.941Z] Error reading or processing Modbus registers: A Modbus Exception Occurred - See Response Body
[2024-12-10T04:41:29.943Z] Error reading register 6507 for IP 10.30.4.128: A Modbus Exception Occurred - See Response Body
[2024-12-10T04:41:29.944Z] Error reading actual data: A Modbus Exception Occurred - See Response Body
[2024-12-10T04:41:29.945Z] Error writing to Modbus register: A Modbus Exception Occurred - See Response Body
[2024-12-10T04:41:30.943Z] Error reading or processing Modbus registers: A Modbus Exception Occurred - See Response Body
[2024-12-10T04:41:30.945Z] Error reading register 6507 for IP 10.30.4.128: A Modbus Exception Occurred - See Response Body
[2024-12-10T04:41:30.945Z] Error reading actual data: A Modbus Exception Occurred - See Response Body
[2024-12-10T04:41:30.946Z] Error writing to Modbus register: A Modbus Exception Occurred - See Response Body
[2024-12-10T04:41:31.943Z] Error reading or processing Modbus registers: A Modbus Exception Occurred - See Response Body
[2024-12-10T04:41:31.945Z] Error reading register 6507 for IP 10.30.4.128: A Modbus Exception Occurred - See Response Body
[2024-12-10T04:41:31.946Z] Error reading actual data: A Modbus Exception Occurred - See Response Body
[2024-12-10T04:41:31.946Z] Error writing to Modbus register: A Modbus Exception Occurred - See Response Body
[2024-12-10T04:41:32.945Z] Error reading or processing Modbus registers: A Modbus Exception Occurred - See Response Body
[2024-12-10T04:41:32.947Z] Error reading register 6507 for IP 10.30.4.128: A Modbus Exception Occurred - See Response Body
[2024-12-10T04:41:32.948Z] Error reading actual data: A Modbus Exception Occurred - See Response Body
[2024-12-10T04:41:32.949Z] Error writing to Modbus register: A Modbus Exception Occurred - See Response Body
[2024-12-10T04:41:33.958Z] Error reading or processing Modbus registers: A Modbus Exception Occurred - See Response Body
[2024-12-10T04:41:33.959Z] Error reading register 6507 for IP 10.30.4.128: A Modbus Exception Occurred - See Response Body
[2024-12-10T04:41:33.960Z] Error reading actual data: A Modbus Exception Occurred - See Response Body
[2024-12-10T04:41:33.961Z] Error writing to Modbus register: A Modbus Exception Occurred - See Response Body
[2024-12-10T04:41:34.959Z] Error reading or processing Modbus registers: A Modbus Exception Occurred - See Response Body
[2024-12-10T04:41:34.961Z] Error reading register 6507 for IP 10.30.4.128: A Modbus Exception Occurred - See Response Body
[2024-12-10T04:41:34.962Z] Error reading actual data: A Modbus Exception Occurred - See Response Body
[2024-12-10T04:41:34.962Z] Error writing to Modbus register: A Modbus Exception Occurred - See Response Body
[2024-12-10T04:41:35.961Z] Error reading or processing Modbus registers: A Modbus Exception Occurred - See Response Body
[2024-12-10T04:41:35.963Z] Error reading register 6507 for IP 10.30.4.128: A Modbus Exception Occurred - See Response Body
[2024-12-10T04:41:35.963Z] Error reading actual data: A Modbus Exception Occurred - See Response Body
[2024-12-10T04:41:35.964Z] Error writing to Modbus register: A Modbus Exception Occurred - See Response Body
[2024-12-10T04:41:36.974Z] Error reading or processing Modbus registers: A Modbus Exception Occurred - See Response Body
[2024-12-10T04:41:36.976Z] Error reading register 6507 for IP 10.30.4.128: A Modbus Exception Occurred - See Response Body
[2024-12-10T04:41:36.977Z] Error reading actual data: A Modbus Exception Occurred - See Response Body
[2024-12-10T04:41:36.978Z] Error writing to Modbus register: A Modbus Exception Occurred - See Response Body
[2024-12-10T04:41:37.977Z] Error reading or processing Modbus registers: A Modbus Exception Occurred - See Response Body
[2024-12-10T04:41:37.979Z] Error reading register 6507 for IP 10.30.4.128: A Modbus Exception Occurred - See Response Body
[2024-12-10T04:41:37.979Z] Error reading actual data: A Modbus Exception Occurred - See Response Body
[2024-12-10T04:41:37.980Z] Error writing to Modbus register: A Modbus Exception Occurred - See Response Body
[2024-12-10T04:41:38.991Z] Error reading or processing Modbus registers: A Modbus Exception Occurred - See Response Body
[2024-12-10T04:41:38.993Z] Error reading register 6507 for IP 10.30.4.128: A Modbus Exception Occurred - See Response Body
[2024-12-10T04:41:38.994Z] Error reading actual data: A Modbus Exception Occurred - See Response Body
[2024-12-10T04:41:38.994Z] Error writing to Modbus register: A Modbus Exception Occurred - See Response Body
[2024-12-10T04:41:40.006Z] Error reading or processing Modbus registers: A Modbus Exception Occurred - See Response Body
[2024-12-10T04:41:40.008Z] Error reading register 6507 for IP 10.30.4.128: A Modbus Exception Occurred - See Response Body
[2024-12-10T04:41:40.009Z] Error reading actual data: A Modbus Exception Occurred - See Response Body
[2024-12-10T04:41:40.009Z] Error writing to Modbus register: A Modbus Exception Occurred - See Response Body
[2024-12-10T04:41:41.020Z] Error reading or processing Modbus registers: A Modbus Exception Occurred - See Response Body
[2024-12-10T04:41:41.022Z] Error reading register 6507 for IP 10.30.4.128: A Modbus Exception Occurred - See Response Body
[2024-12-10T04:41:41.023Z] Error reading actual data: A Modbus Exception Occurred - See Response Body
[2024-12-10T04:41:41.023Z] Error writing to Modbus register: A Modbus Exception Occurred - See Response Body
[2024-12-10T04:41:42.033Z] Error reading or processing Modbus registers: A Modbus Exception Occurred - See Response Body
[2024-12-10T04:41:42.035Z] Error reading register 6507 for IP 10.30.4.128: A Modbus Exception Occurred - See Response Body
[2024-12-10T04:41:42.036Z] Error reading actual data: A Modbus Exception Occurred - See Response Body
[2024-12-10T04:41:42.037Z] Error writing to Modbus register: A Modbus Exception Occurred - See Response Body
[2024-12-10T04:41:43.035Z] Error reading or processing Modbus registers: A Modbus Exception Occurred - See Response Body
[2024-12-10T04:41:43.037Z] Error reading register 6507 for IP 10.30.4.128: A Modbus Exception Occurred - See Response Body
[2024-12-10T04:41:43.038Z] Error reading actual data: A Modbus Exception Occurred - See Response Body
[2024-12-10T04:41:43.039Z] Error writing to Modbus register: A Modbus Exception Occurred - See Response Body
[2024-12-10T04:41:44.038Z] Error reading or processing Modbus registers: A Modbus Exception Occurred - See Response Body
[2024-12-10T04:41:44.041Z] Error reading register 6507 for IP 10.30.4.128: A Modbus Exception Occurred - See Response Body
[2024-12-10T04:41:44.041Z] Error reading actual data: A Modbus Exception Occurred - See Response Body
[2024-12-10T04:41:44.042Z] Error writing to Modbus register: A Modbus Exception Occurred - See Response Body
[2024-12-10T04:41:45.040Z] Error reading or processing Modbus registers: A Modbus Exception Occurred - See Response Body
[2024-12-10T04:41:45.042Z] Error reading register 6507 for IP 10.30.4.128: A Modbus Exception Occurred - See Response Body
[2024-12-10T04:41:45.043Z] Error reading actual data: A Modbus Exception Occurred - See Response Body
[2024-12-10T04:41:45.044Z] Error writing to Modbus register: A Modbus Exception Occurred - See Response Body
[2024-12-10T04:41:46.053Z] Error reading or processing Modbus registers: A Modbus Exception Occurred - See Response Body
[2024-12-10T04:41:46.056Z] Error reading register 6507 for IP 10.30.4.128: A Modbus Exception Occurred - See Response Body
[2024-12-10T04:41:46.057Z] Error reading actual data: A Modbus Exception Occurred - See Response Body
[2024-12-10T04:41:46.057Z] Error writing to Modbus register: A Modbus Exception Occurred - See Response Body
[2024-12-10T04:41:47.058Z] Error reading or processing Modbus registers: A Modbus Exception Occurred - See Response Body
[2024-12-10T04:41:47.060Z] Error reading register 6507 for IP 10.30.4.128: A Modbus Exception Occurred - See Response Body
[2024-12-10T04:41:47.061Z] Error reading actual data: A Modbus Exception Occurred - See Response Body
[2024-12-10T04:41:47.061Z] Error writing to Modbus register: A Modbus Exception Occurred - See Response Body
[2024-12-10T04:41:48.060Z] Error reading or processing Modbus registers: A Modbus Exception Occurred - See Response Body
[2024-12-10T04:41:48.062Z] Error reading register 6507 for IP 10.30.4.128: A Modbus Exception Occurred - See Response Body
[2024-12-10T04:41:48.062Z] Error reading actual data: A Modbus Exception Occurred - See Response Body
[2024-12-10T04:41:48.063Z] Error writing to Modbus register: A Modbus Exception Occurred - See Response Body
[2024-12-10T04:41:49.064Z] Error reading or processing Modbus registers: A Modbus Exception Occurred - See Response Body
[2024-12-10T04:41:49.065Z] Error reading register 6507 for IP 10.30.4.128: A Modbus Exception Occurred - See Response Body
[2024-12-10T04:41:49.066Z] Error reading actual data: A Modbus Exception Occurred - See Response Body
[2024-12-10T04:41:49.067Z] Error writing to Modbus register: A Modbus Exception Occurred - See Response Body
[2024-12-10T04:41:50.078Z] Error reading or processing Modbus registers: A Modbus Exception Occurred - See Response Body
[2024-12-10T04:41:50.080Z] Error reading register 6507 for IP 10.30.4.128: A Modbus Exception Occurred - See Response Body
[2024-12-10T04:41:50.080Z] Error reading actual data: A Modbus Exception Occurred - See Response Body
[2024-12-10T04:41:50.081Z] Error writing to Modbus register: A Modbus Exception Occurred - See Response Body
[2024-12-10T04:41:51.079Z] Error reading or processing Modbus registers: A Modbus Exception Occurred - See Response Body
[2024-12-10T04:41:51.082Z] Error reading register 6507 for IP 10.30.4.128: A Modbus Exception Occurred - See Response Body
[2024-12-10T04:41:51.082Z] Error reading actual data: A Modbus Exception Occurred - See Response Body
[2024-12-10T04:41:51.083Z] Error writing to Modbus register: A Modbus Exception Occurred - See Response Body
[2024-12-10T04:41:52.086Z] Error reading or processing Modbus registers: A Modbus Exception Occurred - See Response Body
[2024-12-10T04:41:52.088Z] Error reading register 6507 for IP 10.30.4.128: A Modbus Exception Occurred - See Response Body
[2024-12-10T04:41:52.089Z] Error reading actual data: A Modbus Exception Occurred - See Response Body
[2024-12-10T04:41:52.089Z] Error writing to Modbus register: A Modbus Exception Occurred - See Response Body
[2024-12-10T04:41:53.089Z] Error reading or processing Modbus registers: A Modbus Exception Occurred - See Response Body
[2024-12-10T04:41:53.091Z] Error reading register 6507 for IP 10.30.4.128: A Modbus Exception Occurred - See Response Body
[2024-12-10T04:41:53.092Z] Error reading actual data: A Modbus Exception Occurred - See Response Body
[2024-12-10T04:41:53.092Z] Error writing to Modbus register: A Modbus Exception Occurred - See Response Body
[2024-12-10T04:41:54.089Z] Error reading or processing Modbus registers: A Modbus Exception Occurred - See Response Body
[2024-12-10T04:41:54.091Z] Error reading register 6507 for IP 10.30.4.128: A Modbus Exception Occurred - See Response Body
[2024-12-10T04:41:54.091Z] Error reading actual data: A Modbus Exception Occurred - See Response Body
[2024-12-10T04:41:54.092Z] Error writing to Modbus register: A Modbus Exception Occurred - See Response Body
[2024-12-10T04:41:55.104Z] Error reading or processing Modbus registers: A Modbus Exception Occurred - See Response Body
[2024-12-10T04:41:55.107Z] Error reading register 6507 for IP 10.30.4.128: A Modbus Exception Occurred - See Response Body
[2024-12-10T04:41:55.107Z] Error reading actual data: A Modbus Exception Occurred - See Response Body
[2024-12-10T04:41:55.108Z] Error writing to Modbus register: A Modbus Exception Occurred - See Response Body
[2024-12-10T04:41:56.117Z] Error reading or processing Modbus registers: A Modbus Exception Occurred - See Response Body
[2024-12-10T04:41:56.119Z] Error reading register 6507 for IP 10.30.4.128: A Modbus Exception Occurred - See Response Body
[2024-12-10T04:41:56.120Z] Error reading actual data: A Modbus Exception Occurred - See Response Body
[2024-12-10T04:41:56.120Z] Error writing to Modbus register: A Modbus Exception Occurred - See Response Body
[2024-12-10T04:41:57.131Z] Error reading or processing Modbus registers: A Modbus Exception Occurred - See Response Body
[2024-12-10T04:41:57.133Z] Error reading register 6507 for IP 10.30.4.128: A Modbus Exception Occurred - See Response Body
[2024-12-10T04:41:57.133Z] Error reading actual data: A Modbus Exception Occurred - See Response Body
[2024-12-10T04:41:57.134Z] Error writing to Modbus register: A Modbus Exception Occurred - See Response Body
[2024-12-10T04:41:58.134Z] Error reading or processing Modbus registers: A Modbus Exception Occurred - See Response Body
[2024-12-10T04:41:58.136Z] Error reading register 6507 for IP 10.30.4.128: A Modbus Exception Occurred - See Response Body
[2024-12-10T04:41:58.136Z] Error reading actual data: A Modbus Exception Occurred - See Response Body
[2024-12-10T04:41:58.137Z] Error writing to Modbus register: A Modbus Exception Occurred - See Response Body
[2024-12-10T04:41:59.137Z] Error reading or processing Modbus registers: A Modbus Exception Occurred - See Response Body
[2024-12-10T04:41:59.139Z] Error reading register 6507 for IP 10.30.4.128: A Modbus Exception Occurred - See Response Body
[2024-12-10T04:41:59.139Z] Error reading actual data: A Modbus Exception Occurred - See Response Body
[2024-12-10T04:41:59.140Z] Error writing to Modbus register: A Modbus Exception Occurred - See Response Body
[2024-12-10T04:42:00.139Z] Error reading or processing Modbus registers: A Modbus Exception Occurred - See Response Body
[2024-12-10T04:42:00.141Z] Error reading register 6507 for IP 10.30.4.128: A Modbus Exception Occurred - See Response Body
[2024-12-10T04:42:00.141Z] Error reading actual data: A Modbus Exception Occurred - See Response Body
[2024-12-10T04:42:00.142Z] Error writing to Modbus register: A Modbus Exception Occurred - See Response Body
[2024-12-10T04:42:01.141Z] Error reading or processing Modbus registers: A Modbus Exception Occurred - See Response Body
[2024-12-10T04:42:01.142Z] Error reading register 6507 for IP 10.30.4.128: A Modbus Exception Occurred - See Response Body
[2024-12-10T04:42:01.143Z] Error reading actual data: A Modbus Exception Occurred - See Response Body
[2024-12-10T04:42:01.143Z] Error writing to Modbus register: A Modbus Exception Occurred - See Response Body
[2024-12-10T04:42:02.154Z] Error reading or processing Modbus registers: A Modbus Exception Occurred - See Response Body
[2024-12-10T04:42:02.156Z] Error reading register 6507 for IP 10.30.4.128: A Modbus Exception Occurred - See Response Body
[2024-12-10T04:42:02.157Z] Error reading actual data: A Modbus Exception Occurred - See Response Body
[2024-12-10T04:42:02.158Z] Error writing to Modbus register: A Modbus Exception Occurred - See Response Body
[2024-12-10T04:42:03.154Z] Error reading or processing Modbus registers: A Modbus Exception Occurred - See Response Body
[2024-12-10T04:42:03.156Z] Error reading register 6507 for IP 10.30.4.128: A Modbus Exception Occurred - See Response Body
[2024-12-10T04:42:03.157Z] Error reading actual data: A Modbus Exception Occurred - See Response Body
[2024-12-10T04:42:03.157Z] Error writing to Modbus register: A Modbus Exception Occurred - See Response Body
[2024-12-10T04:42:04.167Z] Error reading or processing Modbus registers: A Modbus Exception Occurred - See Response Body
[2024-12-10T04:42:04.169Z] Error reading register 6507 for IP 10.30.4.128: A Modbus Exception Occurred - See Response Body
[2024-12-10T04:42:04.169Z] Error reading actual data: A Modbus Exception Occurred - See Response Body
[2024-12-10T04:42:04.170Z] Error writing to Modbus register: A Modbus Exception Occurred - See Response Body
[2024-12-10T04:42:05.168Z] Error reading or processing Modbus registers: A Modbus Exception Occurred - See Response Body
[2024-12-10T04:42:05.170Z] Error reading register 6507 for IP 10.30.4.128: A Modbus Exception Occurred - See Response Body
[2024-12-10T04:42:05.171Z] Error reading actual data: A Modbus Exception Occurred - See Response Body
[2024-12-10T04:42:05.171Z] Error writing to Modbus register: A Modbus Exception Occurred - See Response Body
[2024-12-10T04:42:06.180Z] Error reading or processing Modbus registers: A Modbus Exception Occurred - See Response Body
[2024-12-10T04:42:06.182Z] Error reading register 6507 for IP 10.30.4.128: A Modbus Exception Occurred - See Response Body
[2024-12-10T04:42:06.183Z] Error reading actual data: A Modbus Exception Occurred - See Response Body
[2024-12-10T04:42:06.183Z] Error writing to Modbus register: A Modbus Exception Occurred - See Response Body
[2024-12-10T04:42:07.181Z] Error reading or processing Modbus registers: A Modbus Exception Occurred - See Response Body
[2024-12-10T04:42:07.183Z] Error reading register 6507 for IP 10.30.4.128: A Modbus Exception Occurred - See Response Body
[2024-12-10T04:42:07.184Z] Error reading actual data: A Modbus Exception Occurred - See Response Body
[2024-12-10T04:42:07.184Z] Error writing to Modbus register: A Modbus Exception Occurred - See Response Body
[2024-12-10T04:42:08.186Z] Error reading or processing Modbus registers: A Modbus Exception Occurred - See Response Body
[2024-12-10T04:42:08.189Z] Error reading register 6507 for IP 10.30.4.128: A Modbus Exception Occurred - See Response Body
[2024-12-10T04:42:08.190Z] Error reading actual data: A Modbus Exception Occurred - See Response Body
[2024-12-10T04:42:08.190Z] Error writing to Modbus register: A Modbus Exception Occurred - See Response Body
[2024-12-10T04:42:09.193Z] Error reading or processing Modbus registers: A Modbus Exception Occurred - See Response Body
[2024-12-10T04:42:09.196Z] Error reading register 6507 for IP 10.30.4.128: A Modbus Exception Occurred - See Response Body
[2024-12-10T04:42:09.196Z] Error reading actual data: A Modbus Exception Occurred - See Response Body
[2024-12-10T04:42:09.197Z] Error writing to Modbus register: A Modbus Exception Occurred - See Response Body
[2024-12-10T04:42:10.205Z] Error reading or processing Modbus registers: A Modbus Exception Occurred - See Response Body
[2024-12-10T04:42:10.207Z] Error reading register 6507 for IP 10.30.4.128: A Modbus Exception Occurred - See Response Body
[2024-12-10T04:42:10.208Z] Error reading actual data: A Modbus Exception Occurred - See Response Body
[2024-12-10T04:42:10.209Z] Error writing to Modbus register: A Modbus Exception Occurred - See Response Body
[2024-12-10T04:42:11.209Z] Error reading or processing Modbus registers: A Modbus Exception Occurred - See Response Body
[2024-12-10T04:42:11.211Z] Error reading register 6507 for IP 10.30.4.128: A Modbus Exception Occurred - See Response Body
[2024-12-10T04:42:11.212Z] Error reading actual data: A Modbus Exception Occurred - See Response Body
[2024-12-10T04:42:11.213Z] Error writing to Modbus register: A Modbus Exception Occurred - See Response Body
[2024-12-10T04:42:12.209Z] Error reading or processing Modbus registers: A Modbus Exception Occurred - See Response Body
[2024-12-10T04:42:12.211Z] Error reading register 6507 for IP 10.30.4.128: A Modbus Exception Occurred - See Response Body
[2024-12-10T04:42:12.212Z] Error reading actual data: A Modbus Exception Occurred - See Response Body
[2024-12-10T04:42:12.213Z] Error writing to Modbus register: A Modbus Exception Occurred - See Response Body
[2024-12-10T04:42:13.222Z] Error reading or processing Modbus registers: A Modbus Exception Occurred - See Response Body
[2024-12-10T04:42:13.224Z] Error reading register 6507 for IP 10.30.4.128: A Modbus Exception Occurred - See Response Body
[2024-12-10T04:42:13.225Z] Error reading actual data: A Modbus Exception Occurred - See Response Body
[2024-12-10T04:42:13.226Z] Error writing to Modbus register: A Modbus Exception Occurred - See Response Body
[2024-12-10T04:42:14.223Z] Error reading or processing Modbus registers: A Modbus Exception Occurred - See Response Body
[2024-12-10T04:42:14.225Z] Error reading register 6507 for IP 10.30.4.128: A Modbus Exception Occurred - See Response Body
[2024-12-10T04:42:14.226Z] Error reading actual data: A Modbus Exception Occurred - See Response Body
[2024-12-10T04:42:14.226Z] Error writing to Modbus register: A Modbus Exception Occurred - See Response Body
[2024-12-10T04:42:15.228Z] Error reading or processing Modbus registers: A Modbus Exception Occurred - See Response Body
[2024-12-10T04:42:15.231Z] Error reading register 6507 for IP 10.30.4.128: A Modbus Exception Occurred - See Response Body
[2024-12-10T04:42:15.231Z] Error reading actual data: A Modbus Exception Occurred - See Response Body
[2024-12-10T04:42:15.232Z] Error writing to Modbus register: A Modbus Exception Occurred - See Response Body
[2024-12-10T04:42:16.241Z] Error reading or processing Modbus registers: A Modbus Exception Occurred - See Response Body
[2024-12-10T04:42:16.243Z] Error reading register 6507 for IP 10.30.4.128: A Modbus Exception Occurred - See Response Body
[2024-12-10T04:42:16.244Z] Error reading actual data: A Modbus Exception Occurred - See Response Body
[2024-12-10T04:42:16.244Z] Error writing to Modbus register: A Modbus Exception Occurred - See Response Body
[2024-12-10T04:42:17.242Z] Error reading or processing Modbus registers: A Modbus Exception Occurred - See Response Body
[2024-12-10T04:42:17.244Z] Error reading register 6507 for IP 10.30.4.128: A Modbus Exception Occurred - See Response Body
[2024-12-10T04:42:17.245Z] Error reading actual data: A Modbus Exception Occurred - See Response Body
[2024-12-10T04:42:17.245Z] Error writing to Modbus register: A Modbus Exception Occurred - See Response Body
[2024-12-10T04:42:18.256Z] Error reading or processing Modbus registers: A Modbus Exception Occurred - See Response Body
[2024-12-10T04:42:18.259Z] Error reading register 6507 for IP 10.30.4.128: A Modbus Exception Occurred - See Response Body
[2024-12-10T04:42:18.259Z] Error reading actual data: A Modbus Exception Occurred - See Response Body
[2024-12-10T04:42:18.260Z] Error writing to Modbus register: A Modbus Exception Occurred - See Response Body
[2024-12-10T04:42:19.260Z] Error reading or processing Modbus registers: A Modbus Exception Occurred - See Response Body
[2024-12-10T04:42:19.262Z] Error reading register 6507 for IP 10.30.4.128: A Modbus Exception Occurred - See Response Body
[2024-12-10T04:42:19.263Z] Error reading actual data: A Modbus Exception Occurred - See Response Body
[2024-12-10T04:42:19.264Z] Error writing to Modbus register: A Modbus Exception Occurred - See Response Body
[2024-12-10T04:42:20.260Z] Error reading or processing Modbus registers: A Modbus Exception Occurred - See Response Body
[2024-12-10T04:42:20.263Z] Error reading register 6507 for IP 10.30.4.128: A Modbus Exception Occurred - See Response Body
[2024-12-10T04:42:20.263Z] Error reading actual data: A Modbus Exception Occurred - See Response Body
[2024-12-10T04:42:20.264Z] Error writing to Modbus register: A Modbus Exception Occurred - See Response Body
[2024-12-10T04:42:21.263Z] Error reading or processing Modbus registers: A Modbus Exception Occurred - See Response Body
[2024-12-10T04:42:21.265Z] Error reading register 6507 for IP 10.30.4.128: A Modbus Exception Occurred - See Response Body
[2024-12-10T04:42:21.266Z] Error reading actual data: A Modbus Exception Occurred - See Response Body
[2024-12-10T04:42:21.266Z] Error writing to Modbus register: A Modbus Exception Occurred - See Response Body
[2024-12-10T04:42:22.277Z] Error reading or processing Modbus registers: A Modbus Exception Occurred - See Response Body
[2024-12-10T04:42:22.280Z] Error reading register 6507 for IP 10.30.4.128: A Modbus Exception Occurred - See Response Body
[2024-12-10T04:42:22.281Z] Error reading actual data: A Modbus Exception Occurred - See Response Body
[2024-12-10T04:42:22.281Z] Error writing to Modbus register: A Modbus Exception Occurred - See Response Body
[2024-12-10T04:42:23.291Z] Error reading or processing Modbus registers: A Modbus Exception Occurred - See Response Body
[2024-12-10T04:42:23.293Z] Error reading register 6507 for IP 10.30.4.128: A Modbus Exception Occurred - See Response Body
[2024-12-10T04:42:23.294Z] Error reading actual data: A Modbus Exception Occurred - See Response Body
[2024-12-10T04:42:23.294Z] Error writing to Modbus register: A Modbus Exception Occurred - See Response Body
[2024-12-10T04:42:24.302Z] Error reading or processing Modbus registers: A Modbus Exception Occurred - See Response Body
[2024-12-10T04:42:24.304Z] Error reading register 6507 for IP 10.30.4.128: A Modbus Exception Occurred - See Response Body
[2024-12-10T04:42:24.305Z] Error reading actual data: A Modbus Exception Occurred - See Response Body
[2024-12-10T04:42:24.305Z] Error writing to Modbus register: A Modbus Exception Occurred - See Response Body
[2024-12-10T04:42:25.308Z] Error reading or processing Modbus registers: A Modbus Exception Occurred - See Response Body
[2024-12-10T04:42:25.310Z] Error reading register 6507 for IP 10.30.4.128: A Modbus Exception Occurred - See Response Body
[2024-12-10T04:42:25.311Z] Error reading actual data: A Modbus Exception Occurred - See Response Body
[2024-12-10T04:42:25.311Z] Error writing to Modbus register: A Modbus Exception Occurred - See Response Body
[2024-12-10T04:42:26.314Z] Error reading or processing Modbus registers: A Modbus Exception Occurred - See Response Body
[2024-12-10T04:42:26.316Z] Error reading register 6507 for IP 10.30.4.128: A Modbus Exception Occurred - See Response Body
[2024-12-10T04:42:26.317Z] Error reading actual data: A Modbus Exception Occurred - See Response Body
[2024-12-10T04:42:26.317Z] Error writing to Modbus register: A Modbus Exception Occurred - See Response Body
[2024-12-10T04:42:27.317Z] Error reading or processing Modbus registers: A Modbus Exception Occurred - See Response Body
[2024-12-10T04:42:27.319Z] Error reading register 6507 for IP 10.30.4.128: A Modbus Exception Occurred - See Response Body
[2024-12-10T04:42:27.320Z] Error reading actual data: A Modbus Exception Occurred - See Response Body
[2024-12-10T04:42:27.320Z] Error writing to Modbus register: A Modbus Exception Occurred - See Response Body
[2024-12-10T04:42:28.333Z] Error reading or processing Modbus registers: A Modbus Exception Occurred - See Response Body
[2024-12-10T04:42:28.336Z] Error reading register 6507 for IP 10.30.4.128: A Modbus Exception Occurred - See Response Body
[2024-12-10T04:42:28.336Z] Error reading actual data: A Modbus Exception Occurred - See Response Body
[2024-12-10T04:42:28.336Z] Error writing to Modbus register: A Modbus Exception Occurred - See Response Body
[2024-12-10T04:42:29.334Z] Error reading or processing Modbus registers: A Modbus Exception Occurred - See Response Body
[2024-12-10T04:42:29.336Z] Error reading register 6507 for IP 10.30.4.128: A Modbus Exception Occurred - See Response Body
[2024-12-10T04:42:29.337Z] Error reading actual data: A Modbus Exception Occurred - See Response Body
[2024-12-10T04:42:29.338Z] Error writing to Modbus register: A Modbus Exception Occurred - See Response Body
[2024-12-10T04:42:30.346Z] Error reading or processing Modbus registers: A Modbus Exception Occurred - See Response Body
[2024-12-10T04:42:30.349Z] Error reading register 6507 for IP 10.30.4.128: A Modbus Exception Occurred - See Response Body
[2024-12-10T04:42:30.350Z] Error reading actual data: A Modbus Exception Occurred - See Response Body
[2024-12-10T04:42:30.350Z] Error writing to Modbus register: A Modbus Exception Occurred - See Response Body
[2024-12-10T04:42:31.349Z] Error reading or processing Modbus registers: A Modbus Exception Occurred - See Response Body
[2024-12-10T04:42:31.351Z] Error reading register 6507 for IP 10.30.4.128: A Modbus Exception Occurred - See Response Body
[2024-12-10T04:42:31.352Z] Error reading actual data: A Modbus Exception Occurred - See Response Body
[2024-12-10T04:42:31.352Z] Error writing to Modbus register: A Modbus Exception Occurred - See Response Body
[2024-12-10T04:42:32.363Z] Error reading or processing Modbus registers: A Modbus Exception Occurred - See Response Body
[2024-12-10T04:42:32.365Z] Error reading register 6507 for IP 10.30.4.128: A Modbus Exception Occurred - See Response Body
[2024-12-10T04:42:32.366Z] Error reading actual data: A Modbus Exception Occurred - See Response Body
[2024-12-10T04:42:32.366Z] Error writing to Modbus register: A Modbus Exception Occurred - See Response Body
[2024-12-10T04:42:33.376Z] Error reading or processing Modbus registers: A Modbus Exception Occurred - See Response Body
[2024-12-10T04:42:33.378Z] Error reading register 6507 for IP 10.30.4.128: A Modbus Exception Occurred - See Response Body
[2024-12-10T04:42:33.379Z] Error reading actual data: A Modbus Exception Occurred - See Response Body
[2024-12-10T04:42:33.379Z] Error writing to Modbus register: A Modbus Exception Occurred - See Response Body
[2024-12-10T04:42:34.378Z] Error reading or processing Modbus registers: A Modbus Exception Occurred - See Response Body
[2024-12-10T04:42:34.380Z] Error reading register 6507 for IP 10.30.4.128: A Modbus Exception Occurred - See Response Body
[2024-12-10T04:42:34.380Z] Error reading actual data: A Modbus Exception Occurred - See Response Body
[2024-12-10T04:42:34.381Z] Error writing to Modbus register: A Modbus Exception Occurred - See Response Body
[2024-12-10T04:42:35.382Z] Error reading or processing Modbus registers: A Modbus Exception Occurred - See Response Body
[2024-12-10T04:42:35.384Z] Error reading register 6507 for IP 10.30.4.128: A Modbus Exception Occurred - See Response Body
[2024-12-10T04:42:35.385Z] Error reading actual data: A Modbus Exception Occurred - See Response Body
[2024-12-10T04:42:35.386Z] Error writing to Modbus register: A Modbus Exception Occurred - See Response Body
[2024-12-10T04:42:36.385Z] Error reading or processing Modbus registers: A Modbus Exception Occurred - See Response Body
[2024-12-10T04:42:36.387Z] Error reading register 6507 for IP 10.30.4.128: A Modbus Exception Occurred - See Response Body
[2024-12-10T04:42:36.388Z] Error reading actual data: A Modbus Exception Occurred - See Response Body
[2024-12-10T04:42:36.389Z] Error writing to Modbus register: A Modbus Exception Occurred - See Response Body
[2024-12-10T04:42:37.395Z] Error reading or processing Modbus registers: A Modbus Exception Occurred - See Response Body
[2024-12-10T04:42:37.397Z] Error reading register 6507 for IP 10.30.4.128: A Modbus Exception Occurred - See Response Body
[2024-12-10T04:42:37.398Z] Error reading actual data: A Modbus Exception Occurred - See Response Body
[2024-12-10T04:42:37.399Z] Error writing to Modbus register: A Modbus Exception Occurred - See Response Body
[2024-12-10T04:42:38.399Z] Error reading or processing Modbus registers: A Modbus Exception Occurred - See Response Body
[2024-12-10T04:42:38.402Z] Error reading register 6507 for IP 10.30.4.128: A Modbus Exception Occurred - See Response Body
[2024-12-10T04:42:38.402Z] Error reading actual data: A Modbus Exception Occurred - See Response Body
[2024-12-10T04:42:38.403Z] Error writing to Modbus register: A Modbus Exception Occurred - See Response Body
[2024-12-10T04:42:39.403Z] Error reading or processing Modbus registers: A Modbus Exception Occurred - See Response Body
[2024-12-10T04:42:39.405Z] Error reading register 6507 for IP 10.30.4.128: A Modbus Exception Occurred - See Response Body
[2024-12-10T04:42:39.406Z] Error reading actual data: A Modbus Exception Occurred - See Response Body
[2024-12-10T04:42:39.406Z] Error writing to Modbus register: A Modbus Exception Occurred - See Response Body
[2024-12-10T04:42:40.404Z] Error reading or processing Modbus registers: A Modbus Exception Occurred - See Response Body
[2024-12-10T04:42:40.406Z] Error reading register 6507 for IP 10.30.4.128: A Modbus Exception Occurred - See Response Body
[2024-12-10T04:42:40.407Z] Error reading actual data: A Modbus Exception Occurred - See Response Body
[2024-12-10T04:42:40.408Z] Error writing to Modbus register: A Modbus Exception Occurred - See Response Body
[2024-12-10T04:42:41.405Z] Error reading or processing Modbus registers: A Modbus Exception Occurred - See Response Body
[2024-12-10T04:42:41.407Z] Error reading register 6507 for IP 10.30.4.128: A Modbus Exception Occurred - See Response Body
[2024-12-10T04:42:41.408Z] Error reading actual data: A Modbus Exception Occurred - See Response Body
[2024-12-10T04:42:41.408Z] Error writing to Modbus register: A Modbus Exception Occurred - See Response Body
[2024-12-10T04:42:42.419Z] Error reading or processing Modbus registers: A Modbus Exception Occurred - See Response Body
[2024-12-10T04:42:42.422Z] Error reading register 6507 for IP 10.30.4.128: A Modbus Exception Occurred - See Response Body
[2024-12-10T04:42:42.422Z] Error reading actual data: A Modbus Exception Occurred - See Response Body
[2024-12-10T04:42:42.423Z] Error writing to Modbus register: A Modbus Exception Occurred - See Response Body
[2024-12-10T04:42:43.422Z] Error reading or processing Modbus registers: A Modbus Exception Occurred - See Response Body
[2024-12-10T04:42:43.424Z] Error reading register 6507 for IP 10.30.4.128: A Modbus Exception Occurred - See Response Body
[2024-12-10T04:42:43.425Z] Error reading actual data: A Modbus Exception Occurred - See Response Body
[2024-12-10T04:42:43.425Z] Error writing to Modbus register: A Modbus Exception Occurred - See Response Body
[2024-12-10T04:42:44.436Z] Error reading or processing Modbus registers: A Modbus Exception Occurred - See Response Body
[2024-12-10T04:42:44.439Z] Error reading register 6507 for IP 10.30.4.128: A Modbus Exception Occurred - See Response Body
[2024-12-10T04:42:44.439Z] Error reading actual data: A Modbus Exception Occurred - See Response Body
[2024-12-10T04:42:44.440Z] Error writing to Modbus register: A Modbus Exception Occurred - See Response Body
[2024-12-10T04:42:45.437Z] Error reading or processing Modbus registers: A Modbus Exception Occurred - See Response Body
[2024-12-10T04:42:45.440Z] Error reading register 6507 for IP 10.30.4.128: A Modbus Exception Occurred - See Response Body
[2024-12-10T04:42:45.441Z] Error reading actual data: A Modbus Exception Occurred - See Response Body
[2024-12-10T04:42:45.441Z] Error writing to Modbus register: A Modbus Exception Occurred - See Response Body
[2024-12-10T04:42:46.451Z] Error reading or processing Modbus registers: A Modbus Exception Occurred - See Response Body
[2024-12-10T04:42:46.453Z] Error reading register 6507 for IP 10.30.4.128: A Modbus Exception Occurred - See Response Body
[2024-12-10T04:42:46.456Z] Error reading actual data: A Modbus Exception Occurred - See Response Body
[2024-12-10T04:42:46.457Z] Error writing to Modbus register: A Modbus Exception Occurred - See Response Body
[2024-12-10T04:42:47.451Z] Error reading or processing Modbus registers: A Modbus Exception Occurred - See Response Body
[2024-12-10T04:42:47.456Z] Error reading register 6507 for IP 10.30.4.128: A Modbus Exception Occurred - See Response Body
[2024-12-10T04:42:47.456Z] Error reading actual data: A Modbus Exception Occurred - See Response Body
[2024-12-10T04:42:47.457Z] Error writing to Modbus register: A Modbus Exception Occurred - See Response Body
[2024-12-10T04:42:48.451Z] Error reading or processing Modbus registers: A Modbus Exception Occurred - See Response Body
[2024-12-10T04:42:48.456Z] Error reading register 6507 for IP 10.30.4.128: A Modbus Exception Occurred - See Response Body
[2024-12-10T04:42:48.457Z] Error reading actual data: A Modbus Exception Occurred - See Response Body
[2024-12-10T04:42:48.457Z] Error writing to Modbus register: A Modbus Exception Occurred - See Response Body
[2024-12-10T04:42:49.466Z] Error reading or processing Modbus registers: A Modbus Exception Occurred - See Response Body
[2024-12-10T04:42:49.468Z] Error reading register 6507 for IP 10.30.4.128: A Modbus Exception Occurred - See Response Body
[2024-12-10T04:42:49.469Z] Error reading actual data: A Modbus Exception Occurred - See Response Body
[2024-12-10T04:42:49.469Z] Error writing to Modbus register: A Modbus Exception Occurred - See Response Body
[2024-12-10T04:42:50.481Z] Error reading or processing Modbus registers: A Modbus Exception Occurred - See Response Body
[2024-12-10T04:42:50.483Z] Error reading register 6507 for IP 10.30.4.128: A Modbus Exception Occurred - See Response Body
[2024-12-10T04:42:50.484Z] Error reading actual data: A Modbus Exception Occurred - See Response Body
[2024-12-10T04:42:50.484Z] Error writing to Modbus register: A Modbus Exception Occurred - See Response Body
[2024-12-10T04:42:51.495Z] Error reading or processing Modbus registers: A Modbus Exception Occurred - See Response Body
[2024-12-10T04:42:51.497Z] Error reading register 6507 for IP 10.30.4.128: A Modbus Exception Occurred - See Response Body
[2024-12-10T04:42:51.498Z] Error reading actual data: A Modbus Exception Occurred - See Response Body
[2024-12-10T04:42:51.498Z] Error writing to Modbus register: A Modbus Exception Occurred - See Response Body
[2024-12-10T04:42:52.508Z] Error reading or processing Modbus registers: A Modbus Exception Occurred - See Response Body
[2024-12-10T04:42:52.510Z] Error reading register 6507 for IP 10.30.4.128: A Modbus Exception Occurred - See Response Body
[2024-12-10T04:42:52.510Z] Error reading actual data: A Modbus Exception Occurred - See Response Body
[2024-12-10T04:42:52.511Z] Error writing to Modbus register: A Modbus Exception Occurred - See Response Body
[2024-12-10T04:42:53.510Z] Error reading or processing Modbus registers: A Modbus Exception Occurred - See Response Body
[2024-12-10T04:42:53.512Z] Error reading register 6507 for IP 10.30.4.128: A Modbus Exception Occurred - See Response Body
[2024-12-10T04:42:53.513Z] Error reading actual data: A Modbus Exception Occurred - See Response Body
[2024-12-10T04:42:53.513Z] Error writing to Modbus register: A Modbus Exception Occurred - See Response Body
[2024-12-10T04:42:54.523Z] Error reading or processing Modbus registers: A Modbus Exception Occurred - See Response Body
[2024-12-10T04:42:54.526Z] Error reading register 6507 for IP 10.30.4.128: A Modbus Exception Occurred - See Response Body
[2024-12-10T04:42:54.526Z] Error reading actual data: A Modbus Exception Occurred - See Response Body
[2024-12-10T04:42:54.528Z] Error writing to Modbus register: A Modbus Exception Occurred - See Response Body
[2024-12-10T04:42:55.538Z] Error reading or processing Modbus registers: A Modbus Exception Occurred - See Response Body
[2024-12-10T04:42:55.540Z] Error reading register 6507 for IP 10.30.4.128: A Modbus Exception Occurred - See Response Body
[2024-12-10T04:42:55.541Z] Error reading actual data: A Modbus Exception Occurred - See Response Body
[2024-12-10T04:42:55.541Z] Error writing to Modbus register: A Modbus Exception Occurred - See Response Body
[2024-12-10T04:42:56.552Z] Error reading or processing Modbus registers: A Modbus Exception Occurred - See Response Body
[2024-12-10T04:42:56.554Z] Error reading register 6507 for IP 10.30.4.128: A Modbus Exception Occurred - See Response Body
[2024-12-10T04:42:56.555Z] Error reading actual data: A Modbus Exception Occurred - See Response Body
[2024-12-10T04:42:56.555Z] Error writing to Modbus register: A Modbus Exception Occurred - See Response Body
[2024-12-10T04:42:57.568Z] Error reading or processing Modbus registers: A Modbus Exception Occurred - See Response Body
[2024-12-10T04:42:57.571Z] Error reading register 6507 for IP 10.30.4.128: A Modbus Exception Occurred - See Response Body
[2024-12-10T04:42:57.572Z] Error reading actual data: A Modbus Exception Occurred - See Response Body
[2024-12-10T04:42:57.572Z] Error writing to Modbus register: A Modbus Exception Occurred - See Response Body
[2024-12-10T04:42:58.582Z] Error reading or processing Modbus registers: A Modbus Exception Occurred - See Response Body
[2024-12-10T04:42:58.584Z] Error reading register 6507 for IP 10.30.4.128: A Modbus Exception Occurred - See Response Body
[2024-12-10T04:42:58.584Z] Error reading actual data: A Modbus Exception Occurred - See Response Body
[2024-12-10T04:42:58.585Z] Error writing to Modbus register: A Modbus Exception Occurred - See Response Body
[2024-12-10T04:42:59.595Z] Error reading or processing Modbus registers: A Modbus Exception Occurred - See Response Body
[2024-12-10T04:42:59.597Z] Error reading register 6507 for IP 10.30.4.128: A Modbus Exception Occurred - See Response Body
[2024-12-10T04:42:59.598Z] Error reading actual data: A Modbus Exception Occurred - See Response Body
[2024-12-10T04:42:59.599Z] Error writing to Modbus register: A Modbus Exception Occurred - See Response Body
[2024-12-10T04:43:00.607Z] Error reading or processing Modbus registers: A Modbus Exception Occurred - See Response Body
[2024-12-10T04:43:00.609Z] Error reading register 6507 for IP 10.30.4.128: A Modbus Exception Occurred - See Response Body
[2024-12-10T04:43:00.610Z] Error reading actual data: A Modbus Exception Occurred - See Response Body
[2024-12-10T04:43:00.611Z] Error writing to Modbus register: A Modbus Exception Occurred - See Response Body
[2024-12-10T04:43:01.621Z] Error reading or processing Modbus registers: A Modbus Exception Occurred - See Response Body
[2024-12-10T04:43:01.624Z] Error reading register 6507 for IP 10.30.4.128: A Modbus Exception Occurred - See Response Body
[2024-12-10T04:43:01.624Z] Error reading actual data: A Modbus Exception Occurred - See Response Body
[2024-12-10T04:43:01.625Z] Error writing to Modbus register: A Modbus Exception Occurred - See Response Body
[2024-12-10T04:43:02.636Z] Error reading or processing Modbus registers: A Modbus Exception Occurred - See Response Body
[2024-12-10T04:43:02.639Z] Error reading register 6507 for IP 10.30.4.128: A Modbus Exception Occurred - See Response Body
[2024-12-10T04:43:02.639Z] Error reading actual data: A Modbus Exception Occurred - See Response Body
[2024-12-10T04:43:02.640Z] Error writing to Modbus register: A Modbus Exception Occurred - See Response Body
[2024-12-10T04:43:03.651Z] Error reading or processing Modbus registers: A Modbus Exception Occurred - See Response Body
[2024-12-10T04:43:03.654Z] Error reading register 6507 for IP 10.30.4.128: A Modbus Exception Occurred - See Response Body
[2024-12-10T04:43:03.655Z] Error reading actual data: A Modbus Exception Occurred - See Response Body
[2024-12-10T04:43:03.655Z] Error writing to Modbus register: A Modbus Exception Occurred - See Response Body
[2024-12-10T04:43:04.665Z] Error reading or processing Modbus registers: A Modbus Exception Occurred - See Response Body
[2024-12-10T04:43:04.667Z] Error reading register 6507 for IP 10.30.4.128: A Modbus Exception Occurred - See Response Body
[2024-12-10T04:43:04.668Z] Error reading actual data: A Modbus Exception Occurred - See Response Body
[2024-12-10T04:43:04.669Z] Error writing to Modbus register: A Modbus Exception Occurred - See Response Body
[2024-12-10T04:43:05.677Z] Error reading or processing Modbus registers: A Modbus Exception Occurred - See Response Body
[2024-12-10T04:43:05.679Z] Error reading register 6507 for IP 10.30.4.128: A Modbus Exception Occurred - See Response Body
[2024-12-10T04:43:05.680Z] Error reading actual data: A Modbus Exception Occurred - See Response Body
[2024-12-10T04:43:05.680Z] Error writing to Modbus register: A Modbus Exception Occurred - See Response Body
[2024-12-10T04:43:06.678Z] Error reading or processing Modbus registers: A Modbus Exception Occurred - See Response Body
[2024-12-10T04:43:06.680Z] Error reading register 6507 for IP 10.30.4.128: A Modbus Exception Occurred - See Response Body
[2024-12-10T04:43:06.681Z] Error reading actual data: A Modbus Exception Occurred - See Response Body
[2024-12-10T04:43:06.681Z] Error writing to Modbus register: A Modbus Exception Occurred - See Response Body
[2024-12-10T04:43:07.691Z] Error reading or processing Modbus registers: A Modbus Exception Occurred - See Response Body
[2024-12-10T04:43:07.693Z] Error reading register 6507 for IP 10.30.4.128: A Modbus Exception Occurred - See Response Body
[2024-12-10T04:43:07.694Z] Error reading actual data: A Modbus Exception Occurred - See Response Body
[2024-12-10T04:43:07.694Z] Error writing to Modbus register: A Modbus Exception Occurred - See Response Body
[2024-12-10T04:43:08.693Z] Error reading or processing Modbus registers: A Modbus Exception Occurred - See Response Body
[2024-12-10T04:43:08.695Z] Error reading register 6507 for IP 10.30.4.128: A Modbus Exception Occurred - See Response Body
[2024-12-10T04:43:08.696Z] Error reading actual data: A Modbus Exception Occurred - See Response Body
[2024-12-10T04:43:08.696Z] Error writing to Modbus register: A Modbus Exception Occurred - See Response Body
[2024-12-10T04:43:09.704Z] Error reading or processing Modbus registers: A Modbus Exception Occurred - See Response Body
[2024-12-10T04:43:09.707Z] Error reading register 6507 for IP 10.30.4.128: A Modbus Exception Occurred - See Response Body
[2024-12-10T04:43:09.707Z] Error reading actual data: A Modbus Exception Occurred - See Response Body
[2024-12-10T04:43:09.708Z] Error writing to Modbus register: A Modbus Exception Occurred - See Response Body
[2024-12-10T04:43:10.706Z] Error reading or processing Modbus registers: A Modbus Exception Occurred - See Response Body
[2024-12-10T04:43:10.708Z] Error reading register 6507 for IP 10.30.4.128: A Modbus Exception Occurred - See Response Body
[2024-12-10T04:43:10.709Z] Error reading actual data: A Modbus Exception Occurred - See Response Body
[2024-12-10T04:43:10.709Z] Error writing to Modbus register: A Modbus Exception Occurred - See Response Body
[2024-12-10T04:43:11.718Z] Error reading or processing Modbus registers: A Modbus Exception Occurred - See Response Body
[2024-12-10T04:43:11.722Z] Error reading register 6507 for IP 10.30.4.128: A Modbus Exception Occurred - See Response Body
[2024-12-10T04:43:11.722Z] Error reading actual data: A Modbus Exception Occurred - See Response Body
[2024-12-10T04:43:11.723Z] Error writing to Modbus register: A Modbus Exception Occurred - See Response Body
[2024-12-10T04:43:12.732Z] Error reading or processing Modbus registers: A Modbus Exception Occurred - See Response Body
[2024-12-10T04:43:12.734Z] Error reading register 6507 for IP 10.30.4.128: A Modbus Exception Occurred - See Response Body
[2024-12-10T04:43:12.734Z] Error reading actual data: A Modbus Exception Occurred - See Response Body
[2024-12-10T04:43:12.735Z] Error writing to Modbus register: A Modbus Exception Occurred - See Response Body
[2024-12-10T04:43:13.743Z] Error reading or processing Modbus registers: A Modbus Exception Occurred - See Response Body
[2024-12-10T04:43:13.745Z] Error reading register 6507 for IP 10.30.4.128: A Modbus Exception Occurred - See Response Body
[2024-12-10T04:43:13.745Z] Error reading actual data: A Modbus Exception Occurred - See Response Body
[2024-12-10T04:43:13.746Z] Error writing to Modbus register: A Modbus Exception Occurred - See Response Body
[2024-12-10T04:43:14.745Z] Error reading or processing Modbus registers: A Modbus Exception Occurred - See Response Body
[2024-12-10T04:43:14.747Z] Error reading register 6507 for IP 10.30.4.128: A Modbus Exception Occurred - See Response Body
[2024-12-10T04:43:14.748Z] Error reading actual data: A Modbus Exception Occurred - See Response Body
[2024-12-10T04:43:14.748Z] Error writing to Modbus register: A Modbus Exception Occurred - See Response Body
[2024-12-10T04:43:15.745Z] Error reading or processing Modbus registers: A Modbus Exception Occurred - See Response Body
[2024-12-10T04:43:15.747Z] Error reading register 6507 for IP 10.30.4.128: A Modbus Exception Occurred - See Response Body
[2024-12-10T04:43:15.747Z] Error reading actual data: A Modbus Exception Occurred - See Response Body
[2024-12-10T04:43:15.748Z] Error writing to Modbus register: A Modbus Exception Occurred - See Response Body
[2024-12-10T04:43:16.745Z] Error reading or processing Modbus registers: A Modbus Exception Occurred - See Response Body
[2024-12-10T04:43:16.747Z] Error reading register 6507 for IP 10.30.4.128: A Modbus Exception Occurred - See Response Body
[2024-12-10T04:43:16.748Z] Error reading actual data: A Modbus Exception Occurred - See Response Body
[2024-12-10T04:43:16.748Z] Error writing to Modbus register: A Modbus Exception Occurred - See Response Body
[2024-12-10T04:43:17.759Z] Error reading or processing Modbus registers: A Modbus Exception Occurred - See Response Body
[2024-12-10T04:43:17.762Z] Error reading register 6507 for IP 10.30.4.128: A Modbus Exception Occurred - See Response Body
[2024-12-10T04:43:17.762Z] Error reading actual data: A Modbus Exception Occurred - See Response Body
[2024-12-10T04:43:17.763Z] Error writing to Modbus register: A Modbus Exception Occurred - See Response Body
[2024-12-10T04:43:18.760Z] Error reading or processing Modbus registers: A Modbus Exception Occurred - See Response Body
[2024-12-10T04:43:18.763Z] Error reading register 6507 for IP 10.30.4.128: A Modbus Exception Occurred - See Response Body
[2024-12-10T04:43:18.763Z] Error reading actual data: A Modbus Exception Occurred - See Response Body
[2024-12-10T04:43:18.764Z] Error writing to Modbus register: A Modbus Exception Occurred - See Response Body
[2024-12-10T04:43:19.761Z] Error reading or processing Modbus registers: A Modbus Exception Occurred - See Response Body
[2024-12-10T04:43:19.764Z] Error reading register 6507 for IP 10.30.4.128: A Modbus Exception Occurred - See Response Body
[2024-12-10T04:43:19.764Z] Error reading actual data: A Modbus Exception Occurred - See Response Body
[2024-12-10T04:43:19.765Z] Error writing to Modbus register: A Modbus Exception Occurred - See Response Body
[2024-12-10T04:43:20.761Z] Error reading or processing Modbus registers: A Modbus Exception Occurred - See Response Body
[2024-12-10T04:43:20.764Z] Error reading register 6507 for IP 10.30.4.128: A Modbus Exception Occurred - See Response Body
[2024-12-10T04:43:20.764Z] Error reading actual data: A Modbus Exception Occurred - See Response Body
[2024-12-10T04:43:20.765Z] Error writing to Modbus register: A Modbus Exception Occurred - See Response Body
[2024-12-10T04:43:21.762Z] Error reading or processing Modbus registers: A Modbus Exception Occurred - See Response Body
[2024-12-10T04:43:21.765Z] Error reading register 6507 for IP 10.30.4.128: A Modbus Exception Occurred - See Response Body
[2024-12-10T04:43:21.766Z] Error writing to Modbus register: A Modbus Exception Occurred - See Response Body
[2024-12-10T04:43:21.765Z] Error reading actual data: A Modbus Exception Occurred - See Response Body
[2024-12-10T04:43:22.776Z] Error reading or processing Modbus registers: A Modbus Exception Occurred - See Response Body
[2024-12-10T04:43:22.778Z] Error reading register 6507 for IP 10.30.4.128: A Modbus Exception Occurred - See Response Body
[2024-12-10T04:43:22.779Z] Error reading actual data: A Modbus Exception Occurred - See Response Body
[2024-12-10T04:43:22.779Z] Error writing to Modbus register: A Modbus Exception Occurred - See Response Body
[2024-12-10T04:43:23.778Z] Error reading or processing Modbus registers: A Modbus Exception Occurred - See Response Body
[2024-12-10T04:43:23.780Z] Error reading register 6507 for IP 10.30.4.128: A Modbus Exception Occurred - See Response Body
[2024-12-10T04:43:23.780Z] Error reading actual data: A Modbus Exception Occurred - See Response Body
[2024-12-10T04:43:23.781Z] Error writing to Modbus register: A Modbus Exception Occurred - See Response Body
[2024-12-10T04:43:24.792Z] Error reading or processing Modbus registers: A Modbus Exception Occurred - See Response Body
[2024-12-10T04:43:24.794Z] Error reading register 6507 for IP 10.30.4.128: A Modbus Exception Occurred - See Response Body
[2024-12-10T04:43:24.795Z] Error reading actual data: A Modbus Exception Occurred - See Response Body
[2024-12-10T04:43:24.795Z] Error writing to Modbus register: A Modbus Exception Occurred - See Response Body
[2024-12-10T04:43:25.803Z] Error reading or processing Modbus registers: A Modbus Exception Occurred - See Response Body
[2024-12-10T04:43:25.805Z] Error reading register 6507 for IP 10.30.4.128: A Modbus Exception Occurred - See Response Body
[2024-12-10T04:43:25.806Z] Error reading actual data: A Modbus Exception Occurred - See Response Body
[2024-12-10T04:43:25.807Z] Error writing to Modbus register: A Modbus Exception Occurred - See Response Body
[2024-12-10T04:43:26.805Z] Error reading or processing Modbus registers: A Modbus Exception Occurred - See Response Body
[2024-12-10T04:43:26.807Z] Error reading register 6507 for IP 10.30.4.128: A Modbus Exception Occurred - See Response Body
[2024-12-10T04:43:26.808Z] Error reading actual data: A Modbus Exception Occurred - See Response Body
[2024-12-10T04:43:26.809Z] Error writing to Modbus register: A Modbus Exception Occurred - See Response Body
[2024-12-10T04:43:27.818Z] Error reading or processing Modbus registers: A Modbus Exception Occurred - See Response Body
[2024-12-10T04:43:27.821Z] Error reading register 6507 for IP 10.30.4.128: A Modbus Exception Occurred - See Response Body
[2024-12-10T04:43:27.821Z] Error reading actual data: A Modbus Exception Occurred - See Response Body
[2024-12-10T04:43:27.822Z] Error writing to Modbus register: A Modbus Exception Occurred - See Response Body
[2024-12-10T04:43:28.819Z] Error reading or processing Modbus registers: A Modbus Exception Occurred - See Response Body
[2024-12-10T04:43:28.821Z] Error reading register 6507 for IP 10.30.4.128: A Modbus Exception Occurred - See Response Body
[2024-12-10T04:43:28.822Z] Error reading actual data: A Modbus Exception Occurred - See Response Body
[2024-12-10T04:43:28.822Z] Error writing to Modbus register: A Modbus Exception Occurred - See Response Body
[2024-12-10T04:43:29.831Z] Error reading or processing Modbus registers: A Modbus Exception Occurred - See Response Body
[2024-12-10T04:43:29.834Z] Error reading register 6507 for IP 10.30.4.128: A Modbus Exception Occurred - See Response Body
[2024-12-10T04:43:29.835Z] Error reading actual data: A Modbus Exception Occurred - See Response Body
[2024-12-10T04:43:29.836Z] Error writing to Modbus register: A Modbus Exception Occurred - See Response Body
[2024-12-10T04:43:30.845Z] Error reading or processing Modbus registers: A Modbus Exception Occurred - See Response Body
[2024-12-10T04:43:30.847Z] Error reading register 6507 for IP 10.30.4.128: A Modbus Exception Occurred - See Response Body
[2024-12-10T04:43:30.848Z] Error reading actual data: A Modbus Exception Occurred - See Response Body
[2024-12-10T04:43:30.848Z] Error writing to Modbus register: A Modbus Exception Occurred - See Response Body
[2024-12-10T04:43:31.846Z] Error reading or processing Modbus registers: A Modbus Exception Occurred - See Response Body
[2024-12-10T04:43:31.848Z] Error reading register 6507 for IP 10.30.4.128: A Modbus Exception Occurred - See Response Body
[2024-12-10T04:43:31.849Z] Error reading actual data: A Modbus Exception Occurred - See Response Body
[2024-12-10T04:43:31.849Z] Error writing to Modbus register: A Modbus Exception Occurred - See Response Body
[2024-12-10T04:43:32.847Z] Error reading or processing Modbus registers: A Modbus Exception Occurred - See Response Body
[2024-12-10T04:43:32.849Z] Error reading register 6507 for IP 10.30.4.128: A Modbus Exception Occurred - See Response Body
[2024-12-10T04:43:32.850Z] Error reading actual data: A Modbus Exception Occurred - See Response Body
[2024-12-10T04:43:32.850Z] Error writing to Modbus register: A Modbus Exception Occurred - See Response Body
[2024-12-10T04:43:33.848Z] Error reading or processing Modbus registers: A Modbus Exception Occurred - See Response Body
[2024-12-10T04:43:33.850Z] Error reading register 6507 for IP 10.30.4.128: A Modbus Exception Occurred - See Response Body
[2024-12-10T04:43:33.851Z] Error reading actual data: A Modbus Exception Occurred - See Response Body
[2024-12-10T04:43:33.851Z] Error writing to Modbus register: A Modbus Exception Occurred - See Response Body
[2024-12-10T04:43:34.849Z] Error reading or processing Modbus registers: A Modbus Exception Occurred - See Response Body
[2024-12-10T04:43:34.852Z] Error reading register 6507 for IP 10.30.4.128: A Modbus Exception Occurred - See Response Body
[2024-12-10T04:43:34.853Z] Error reading actual data: A Modbus Exception Occurred - See Response Body
[2024-12-10T04:43:34.853Z] Error writing to Modbus register: A Modbus Exception Occurred - See Response Body
[2024-12-10T04:43:35.853Z] Error reading or processing Modbus registers: A Modbus Exception Occurred - See Response Body
[2024-12-10T04:43:35.855Z] Error reading register 6507 for IP 10.30.4.128: A Modbus Exception Occurred - See Response Body
[2024-12-10T04:43:35.856Z] Error reading actual data: A Modbus Exception Occurred - See Response Body
[2024-12-10T04:43:35.859Z] Error writing to Modbus register: A Modbus Exception Occurred - See Response Body
[2024-12-10T04:43:36.855Z] Error reading or processing Modbus registers: A Modbus Exception Occurred - See Response Body
[2024-12-10T04:43:36.859Z] Error reading register 6507 for IP 10.30.4.128: A Modbus Exception Occurred - See Response Body
[2024-12-10T04:43:36.860Z] Error reading actual data: A Modbus Exception Occurred - See Response Body
[2024-12-10T04:43:36.860Z] Error writing to Modbus register: A Modbus Exception Occurred - See Response Body
[2024-12-10T04:43:37.868Z] Error reading or processing Modbus registers: A Modbus Exception Occurred - See Response Body
[2024-12-10T04:43:37.870Z] Error reading register 6507 for IP 10.30.4.128: A Modbus Exception Occurred - See Response Body
[2024-12-10T04:43:37.870Z] Error reading actual data: A Modbus Exception Occurred - See Response Body
[2024-12-10T04:43:37.871Z] Error writing to Modbus register: A Modbus Exception Occurred - See Response Body
[2024-12-10T04:43:38.868Z] Error reading or processing Modbus registers: A Modbus Exception Occurred - See Response Body
[2024-12-10T04:43:38.869Z] Error reading register 6507 for IP 10.30.4.128: A Modbus Exception Occurred - See Response Body
[2024-12-10T04:43:38.870Z] Error reading actual data: A Modbus Exception Occurred - See Response Body
[2024-12-10T04:43:38.870Z] Error writing to Modbus register: A Modbus Exception Occurred - See Response Body
[2024-12-10T04:43:39.873Z] Error reading or processing Modbus registers: A Modbus Exception Occurred - See Response Body
[2024-12-10T04:43:39.875Z] Error reading register 6507 for IP 10.30.4.128: A Modbus Exception Occurred - See Response Body
[2024-12-10T04:43:39.876Z] Error reading actual data: A Modbus Exception Occurred - See Response Body
[2024-12-10T04:43:39.876Z] Error writing to Modbus register: A Modbus Exception Occurred - See Response Body
[2024-12-10T04:43:40.875Z] Error reading or processing Modbus registers: A Modbus Exception Occurred - See Response Body
[2024-12-10T04:43:40.877Z] Error reading register 6507 for IP 10.30.4.128: A Modbus Exception Occurred - See Response Body
[2024-12-10T04:43:40.878Z] Error reading actual data: A Modbus Exception Occurred - See Response Body
[2024-12-10T04:43:40.878Z] Error writing to Modbus register: A Modbus Exception Occurred - See Response Body
[2024-12-10T04:43:41.886Z] Error reading or processing Modbus registers: A Modbus Exception Occurred - See Response Body
[2024-12-10T04:43:41.888Z] Error reading register 6507 for IP 10.30.4.128: A Modbus Exception Occurred - See Response Body
[2024-12-10T04:43:41.889Z] Error reading actual data: A Modbus Exception Occurred - See Response Body
[2024-12-10T04:43:41.890Z] Error writing to Modbus register: A Modbus Exception Occurred - See Response Body
[2024-12-10T04:43:42.887Z] Error reading or processing Modbus registers: A Modbus Exception Occurred - See Response Body
[2024-12-10T04:43:42.889Z] Error reading register 6507 for IP 10.30.4.128: A Modbus Exception Occurred - See Response Body
[2024-12-10T04:43:42.889Z] Error reading actual data: A Modbus Exception Occurred - See Response Body
[2024-12-10T04:43:42.890Z] Error writing to Modbus register: A Modbus Exception Occurred - See Response Body
[2024-12-10T04:43:43.901Z] Error reading or processing Modbus registers: A Modbus Exception Occurred - See Response Body
[2024-12-10T04:43:43.903Z] Error reading register 6507 for IP 10.30.4.128: A Modbus Exception Occurred - See Response Body
[2024-12-10T04:43:43.904Z] Error reading actual data: A Modbus Exception Occurred - See Response Body
[2024-12-10T04:43:43.904Z] Error writing to Modbus register: A Modbus Exception Occurred - See Response Body
[2024-12-10T04:43:44.915Z] Error reading or processing Modbus registers: A Modbus Exception Occurred - See Response Body
[2024-12-10T04:43:44.917Z] Error reading register 6507 for IP 10.30.4.128: A Modbus Exception Occurred - See Response Body
[2024-12-10T04:43:44.918Z] Error reading actual data: A Modbus Exception Occurred - See Response Body
[2024-12-10T04:43:44.919Z] Error writing to Modbus register: A Modbus Exception Occurred - See Response Body
[2024-12-10T04:43:45.927Z] Error reading or processing Modbus registers: A Modbus Exception Occurred - See Response Body
[2024-12-10T04:43:45.929Z] Error reading register 6507 for IP 10.30.4.128: A Modbus Exception Occurred - See Response Body
[2024-12-10T04:43:45.930Z] Error reading actual data: A Modbus Exception Occurred - See Response Body
[2024-12-10T04:43:45.930Z] Error writing to Modbus register: A Modbus Exception Occurred - See Response Body
[2024-12-10T04:43:46.942Z] Error reading or processing Modbus registers: A Modbus Exception Occurred - See Response Body
[2024-12-10T04:43:46.946Z] Error reading register 6507 for IP 10.30.4.128: A Modbus Exception Occurred - See Response Body
[2024-12-10T04:43:46.947Z] Error reading actual data: A Modbus Exception Occurred - See Response Body
[2024-12-10T04:43:46.947Z] Error writing to Modbus register: A Modbus Exception Occurred - See Response Body
[2024-12-10T04:43:47.956Z] Error reading or processing Modbus registers: A Modbus Exception Occurred - See Response Body
[2024-12-10T04:43:47.958Z] Error reading register 6507 for IP 10.30.4.128: A Modbus Exception Occurred - See Response Body
[2024-12-10T04:43:47.959Z] Error reading actual data: A Modbus Exception Occurred - See Response Body
[2024-12-10T04:43:47.960Z] Error writing to Modbus register: A Modbus Exception Occurred - See Response Body
[2024-12-10T04:43:48.957Z] Error reading or processing Modbus registers: A Modbus Exception Occurred - See Response Body
[2024-12-10T04:43:48.959Z] Error reading register 6507 for IP 10.30.4.128: A Modbus Exception Occurred - See Response Body
[2024-12-10T04:43:48.959Z] Error reading actual data: A Modbus Exception Occurred - See Response Body
[2024-12-10T04:43:48.960Z] Error writing to Modbus register: A Modbus Exception Occurred - See Response Body
[2024-12-10T04:43:49.969Z] Error reading or processing Modbus registers: A Modbus Exception Occurred - See Response Body
[2024-12-10T04:43:49.971Z] Error reading register 6507 for IP 10.30.4.128: A Modbus Exception Occurred - See Response Body
[2024-12-10T04:43:49.973Z] Error reading actual data: A Modbus Exception Occurred - See Response Body
[2024-12-10T04:43:49.973Z] Error writing to Modbus register: A Modbus Exception Occurred - See Response Body
[2024-12-10T04:43:50.980Z] Error reading or processing Modbus registers: A Modbus Exception Occurred - See Response Body
[2024-12-10T04:43:50.983Z] Error reading register 6507 for IP 10.30.4.128: A Modbus Exception Occurred - See Response Body
[2024-12-10T04:43:50.983Z] Error reading actual data: A Modbus Exception Occurred - See Response Body
[2024-12-10T04:43:50.984Z] Error writing to Modbus register: A Modbus Exception Occurred - See Response Body
[2024-12-10T04:43:51.981Z] Error reading or processing Modbus registers: A Modbus Exception Occurred - See Response Body
[2024-12-10T04:43:51.983Z] Error reading register 6507 for IP 10.30.4.128: A Modbus Exception Occurred - See Response Body
[2024-12-10T04:43:51.984Z] Error reading actual data: A Modbus Exception Occurred - See Response Body
[2024-12-10T04:43:51.985Z] Error writing to Modbus register: A Modbus Exception Occurred - See Response Body
[2024-12-10T04:43:52.983Z] Error reading or processing Modbus registers: A Modbus Exception Occurred - See Response Body
[2024-12-10T04:43:52.986Z] Error reading register 6507 for IP 10.30.4.128: A Modbus Exception Occurred - See Response Body
[2024-12-10T04:43:52.987Z] Error reading actual data: A Modbus Exception Occurred - See Response Body
[2024-12-10T04:43:52.987Z] Error writing to Modbus register: A Modbus Exception Occurred - See Response Body
[2024-12-10T04:43:53.983Z] Error reading or processing Modbus registers: A Modbus Exception Occurred - See Response Body
[2024-12-10T04:43:53.985Z] Error reading register 6507 for IP 10.30.4.128: A Modbus Exception Occurred - See Response Body
[2024-12-10T04:43:53.986Z] Error reading actual data: A Modbus Exception Occurred - See Response Body
[2024-12-10T04:43:53.986Z] Error writing to Modbus register: A Modbus Exception Occurred - See Response Body
[2024-12-10T04:43:54.997Z] Error reading or processing Modbus registers: A Modbus Exception Occurred - See Response Body
[2024-12-10T04:43:54.999Z] Error reading register 6507 for IP 10.30.4.128: A Modbus Exception Occurred - See Response Body
[2024-12-10T04:43:55.000Z] Error reading actual data: A Modbus Exception Occurred - See Response Body
[2024-12-10T04:43:55.000Z] Error writing to Modbus register: A Modbus Exception Occurred - See Response Body
[2024-12-10T04:43:56.007Z] Error reading or processing Modbus registers: A Modbus Exception Occurred - See Response Body
[2024-12-10T04:43:56.009Z] Error reading register 6507 for IP 10.30.4.128: A Modbus Exception Occurred - See Response Body
[2024-12-10T04:43:56.010Z] Error reading actual data: A Modbus Exception Occurred - See Response Body
[2024-12-10T04:43:56.010Z] Error writing to Modbus register: A Modbus Exception Occurred - See Response Body
[2024-12-10T04:43:57.021Z] Error reading or processing Modbus registers: A Modbus Exception Occurred - See Response Body
[2024-12-10T04:43:57.023Z] Error reading register 6507 for IP 10.30.4.128: A Modbus Exception Occurred - See Response Body
[2024-12-10T04:43:57.023Z] Error reading actual data: A Modbus Exception Occurred - See Response Body
[2024-12-10T04:43:57.024Z] Error writing to Modbus register: A Modbus Exception Occurred - See Response Body
[2024-12-10T04:43:58.037Z] Error reading or processing Modbus registers: A Modbus Exception Occurred - See Response Body
[2024-12-10T04:43:58.039Z] Error reading register 6507 for IP 10.30.4.128: A Modbus Exception Occurred - See Response Body
[2024-12-10T04:43:58.040Z] Error reading actual data: A Modbus Exception Occurred - See Response Body
[2024-12-10T04:43:58.040Z] Error writing to Modbus register: A Modbus Exception Occurred - See Response Body
[2024-12-10T04:43:59.039Z] Error reading or processing Modbus registers: A Modbus Exception Occurred - See Response Body
[2024-12-10T04:43:59.042Z] Error reading register 6507 for IP 10.30.4.128: A Modbus Exception Occurred - See Response Body
[2024-12-10T04:43:59.042Z] Error reading actual data: A Modbus Exception Occurred - See Response Body
[2024-12-10T04:43:59.043Z] Error writing to Modbus register: A Modbus Exception Occurred - See Response Body
[2024-12-10T04:44:00.052Z] Error reading or processing Modbus registers: A Modbus Exception Occurred - See Response Body
[2024-12-10T04:44:00.054Z] Error reading register 6507 for IP 10.30.4.128: A Modbus Exception Occurred - See Response Body
[2024-12-10T04:44:00.055Z] Error reading actual data: A Modbus Exception Occurred - See Response Body
[2024-12-10T04:44:00.056Z] Error writing to Modbus register: A Modbus Exception Occurred - See Response Body
[2024-12-10T04:44:01.055Z] Error reading or processing Modbus registers: A Modbus Exception Occurred - See Response Body
[2024-12-10T04:44:01.057Z] Error reading register 6507 for IP 10.30.4.128: A Modbus Exception Occurred - See Response Body
[2024-12-10T04:44:01.057Z] Error reading actual data: A Modbus Exception Occurred - See Response Body
[2024-12-10T04:44:01.058Z] Error writing to Modbus register: A Modbus Exception Occurred - See Response Body
[2024-12-10T04:44:02.070Z] Error reading or processing Modbus registers: A Modbus Exception Occurred - See Response Body
[2024-12-10T04:44:02.072Z] Error reading register 6507 for IP 10.30.4.128: A Modbus Exception Occurred - See Response Body
[2024-12-10T04:44:02.073Z] Error reading actual data: A Modbus Exception Occurred - See Response Body
[2024-12-10T04:44:02.073Z] Error writing to Modbus register: A Modbus Exception Occurred - See Response Body
[2024-12-10T04:44:03.081Z] Error reading or processing Modbus registers: A Modbus Exception Occurred - See Response Body
[2024-12-10T04:44:03.083Z] Error reading register 6507 for IP 10.30.4.128: A Modbus Exception Occurred - See Response Body
[2024-12-10T04:44:03.084Z] Error reading actual data: A Modbus Exception Occurred - See Response Body
[2024-12-10T04:44:03.084Z] Error writing to Modbus register: A Modbus Exception Occurred - See Response Body
[2024-12-10T04:44:04.096Z] Error reading or processing Modbus registers: A Modbus Exception Occurred - See Response Body
[2024-12-10T04:44:04.098Z] Error reading register 6507 for IP 10.30.4.128: A Modbus Exception Occurred - See Response Body
[2024-12-10T04:44:04.098Z] Error reading actual data: A Modbus Exception Occurred - See Response Body
[2024-12-10T04:44:04.099Z] Error writing to Modbus register: A Modbus Exception Occurred - See Response Body
[2024-12-10T04:44:05.095Z] Error reading or processing Modbus registers: A Modbus Exception Occurred - See Response Body
[2024-12-10T04:44:05.097Z] Error reading register 6507 for IP 10.30.4.128: A Modbus Exception Occurred - See Response Body
[2024-12-10T04:44:05.098Z] Error reading actual data: A Modbus Exception Occurred - See Response Body
[2024-12-10T04:44:05.098Z] Error writing to Modbus register: A Modbus Exception Occurred - See Response Body
[2024-12-10T04:44:06.108Z] Error reading or processing Modbus registers: A Modbus Exception Occurred - See Response Body
[2024-12-10T04:44:06.110Z] Error reading register 6507 for IP 10.30.4.128: A Modbus Exception Occurred - See Response Body
[2024-12-10T04:44:06.110Z] Error reading actual data: A Modbus Exception Occurred - See Response Body
[2024-12-10T04:44:06.111Z] Error writing to Modbus register: A Modbus Exception Occurred - See Response Body
[2024-12-10T04:44:07.121Z] Error reading or processing Modbus registers: A Modbus Exception Occurred - See Response Body
[2024-12-10T04:44:07.123Z] Error reading register 6507 for IP 10.30.4.128: A Modbus Exception Occurred - See Response Body
[2024-12-10T04:44:07.123Z] Error reading actual data: A Modbus Exception Occurred - See Response Body
[2024-12-10T04:44:07.124Z] Error writing to Modbus register: A Modbus Exception Occurred - See Response Body
[2024-12-10T04:44:08.136Z] Error reading or processing Modbus registers: A Modbus Exception Occurred - See Response Body
[2024-12-10T04:44:08.138Z] Error reading register 6507 for IP 10.30.4.128: A Modbus Exception Occurred - See Response Body
[2024-12-10T04:44:08.139Z] Error reading actual data: A Modbus Exception Occurred - See Response Body
[2024-12-10T04:44:08.139Z] Error writing to Modbus register: A Modbus Exception Occurred - See Response Body
[2024-12-10T04:44:09.136Z] Error reading or processing Modbus registers: A Modbus Exception Occurred - See Response Body
[2024-12-10T04:44:09.138Z] Error reading register 6507 for IP 10.30.4.128: A Modbus Exception Occurred - See Response Body
[2024-12-10T04:44:09.139Z] Error reading actual data: A Modbus Exception Occurred - See Response Body
[2024-12-10T04:44:09.139Z] Error writing to Modbus register: A Modbus Exception Occurred - See Response Body
[2024-12-10T04:44:10.150Z] Error reading or processing Modbus registers: A Modbus Exception Occurred - See Response Body
[2024-12-10T04:44:10.152Z] Error reading register 6507 for IP 10.30.4.128: A Modbus Exception Occurred - See Response Body
[2024-12-10T04:44:10.153Z] Error reading actual data: A Modbus Exception Occurred - See Response Body
[2024-12-10T04:44:10.153Z] Error writing to Modbus register: A Modbus Exception Occurred - See Response Body
[2024-12-10T04:44:11.165Z] Error reading or processing Modbus registers: A Modbus Exception Occurred - See Response Body
[2024-12-10T04:44:11.168Z] Error reading register 6507 for IP 10.30.4.128: A Modbus Exception Occurred - See Response Body
[2024-12-10T04:44:11.168Z] Error reading actual data: A Modbus Exception Occurred - See Response Body
[2024-12-10T04:44:11.169Z] Error writing to Modbus register: A Modbus Exception Occurred - See Response Body
[2024-12-10T04:44:12.166Z] Error reading or processing Modbus registers: A Modbus Exception Occurred - See Response Body
[2024-12-10T04:44:12.168Z] Error reading register 6507 for IP 10.30.4.128: A Modbus Exception Occurred - See Response Body
[2024-12-10T04:44:12.169Z] Error reading actual data: A Modbus Exception Occurred - See Response Body
[2024-12-10T04:44:12.169Z] Error writing to Modbus register: A Modbus Exception Occurred - See Response Body
[2024-12-10T04:44:13.167Z] Error reading or processing Modbus registers: A Modbus Exception Occurred - See Response Body
[2024-12-10T04:44:13.170Z] Error reading register 6507 for IP 10.30.4.128: A Modbus Exception Occurred - See Response Body
[2024-12-10T04:44:13.170Z] Error reading actual data: A Modbus Exception Occurred - See Response Body
[2024-12-10T04:44:13.171Z] Error writing to Modbus register: A Modbus Exception Occurred - See Response Body
[2024-12-10T04:44:14.168Z] Error reading or processing Modbus registers: A Modbus Exception Occurred - See Response Body
[2024-12-10T04:44:14.171Z] Error reading register 6507 for IP 10.30.4.128: A Modbus Exception Occurred - See Response Body
[2024-12-10T04:44:14.172Z] Error reading actual data: A Modbus Exception Occurred - See Response Body
[2024-12-10T04:44:14.173Z] Error writing to Modbus register: A Modbus Exception Occurred - See Response Body
[2024-12-10T04:44:15.181Z] Error reading or processing Modbus registers: A Modbus Exception Occurred - See Response Body
[2024-12-10T04:44:15.184Z] Error reading register 6507 for IP 10.30.4.128: A Modbus Exception Occurred - See Response Body
[2024-12-10T04:44:15.184Z] Error reading actual data: A Modbus Exception Occurred - See Response Body
[2024-12-10T04:44:15.185Z] Error writing to Modbus register: A Modbus Exception Occurred - See Response Body
[2024-12-10T04:44:16.196Z] Error reading or processing Modbus registers: A Modbus Exception Occurred - See Response Body
[2024-12-10T04:44:16.199Z] Error reading register 6507 for IP 10.30.4.128: A Modbus Exception Occurred - See Response Body
[2024-12-10T04:44:16.199Z] Error reading actual data: A Modbus Exception Occurred - See Response Body
[2024-12-10T04:44:16.200Z] Error writing to Modbus register: A Modbus Exception Occurred - See Response Body
[2024-12-10T04:44:17.197Z] Error reading or processing Modbus registers: A Modbus Exception Occurred - See Response Body
[2024-12-10T04:44:17.199Z] Error reading register 6507 for IP 10.30.4.128: A Modbus Exception Occurred - See Response Body
[2024-12-10T04:44:17.200Z] Error reading actual data: A Modbus Exception Occurred - See Response Body
[2024-12-10T04:44:17.201Z] Error writing to Modbus register: A Modbus Exception Occurred - See Response Body
[2024-12-10T04:44:18.212Z] Error reading or processing Modbus registers: A Modbus Exception Occurred - See Response Body
[2024-12-10T04:44:18.214Z] Error reading register 6507 for IP 10.30.4.128: A Modbus Exception Occurred - See Response Body
[2024-12-10T04:44:18.215Z] Error reading actual data: A Modbus Exception Occurred - See Response Body
[2024-12-10T04:44:18.219Z] Error writing to Modbus register: A Modbus Exception Occurred - See Response Body
[2024-12-10T04:44:19.226Z] Error reading or processing Modbus registers: A Modbus Exception Occurred - See Response Body
[2024-12-10T04:44:19.228Z] Error reading register 6507 for IP 10.30.4.128: A Modbus Exception Occurred - See Response Body
[2024-12-10T04:44:19.228Z] Error reading actual data: A Modbus Exception Occurred - See Response Body
[2024-12-10T04:44:19.229Z] Error writing to Modbus register: A Modbus Exception Occurred - See Response Body
[2024-12-10T04:44:20.228Z] Error reading or processing Modbus registers: A Modbus Exception Occurred - See Response Body
[2024-12-10T04:44:20.230Z] Error reading register 6507 for IP 10.30.4.128: A Modbus Exception Occurred - See Response Body
[2024-12-10T04:44:20.231Z] Error reading actual data: A Modbus Exception Occurred - See Response Body
[2024-12-10T04:44:20.231Z] Error writing to Modbus register: A Modbus Exception Occurred - See Response Body
[2024-12-10T04:44:21.232Z] Error reading or processing Modbus registers: A Modbus Exception Occurred - See Response Body
[2024-12-10T04:44:21.234Z] Error reading register 6507 for IP 10.30.4.128: A Modbus Exception Occurred - See Response Body
[2024-12-10T04:44:21.235Z] Error reading actual data: A Modbus Exception Occurred - See Response Body
[2024-12-10T04:44:21.235Z] Error writing to Modbus register: A Modbus Exception Occurred - See Response Body
[2024-12-10T04:44:22.233Z] Error reading or processing Modbus registers: A Modbus Exception Occurred - See Response Body
[2024-12-10T04:44:22.235Z] Error reading register 6507 for IP 10.30.4.128: A Modbus Exception Occurred - See Response Body
[2024-12-10T04:44:22.235Z] Error reading actual data: A Modbus Exception Occurred - See Response Body
[2024-12-10T04:44:22.236Z] Error writing to Modbus register: A Modbus Exception Occurred - See Response Body
[2024-12-10T04:44:23.235Z] Error reading or processing Modbus registers: A Modbus Exception Occurred - See Response Body
[2024-12-10T04:44:23.237Z] Error reading register 6507 for IP 10.30.4.128: A Modbus Exception Occurred - See Response Body
[2024-12-10T04:44:23.237Z] Error reading actual data: A Modbus Exception Occurred - See Response Body
[2024-12-10T04:44:23.238Z] Error writing to Modbus register: A Modbus Exception Occurred - See Response Body
[2024-12-10T04:44:24.249Z] Error reading or processing Modbus registers: A Modbus Exception Occurred - See Response Body
[2024-12-10T04:44:24.251Z] Error reading register 6507 for IP 10.30.4.128: A Modbus Exception Occurred - See Response Body
[2024-12-10T04:44:24.252Z] Error reading actual data: A Modbus Exception Occurred - See Response Body
[2024-12-10T04:44:24.252Z] Error writing to Modbus register: A Modbus Exception Occurred - See Response Body
[2024-12-10T04:44:25.250Z] Error reading or processing Modbus registers: A Modbus Exception Occurred - See Response Body
[2024-12-10T04:44:25.252Z] Error reading register 6507 for IP 10.30.4.128: A Modbus Exception Occurred - See Response Body
[2024-12-10T04:44:25.253Z] Error reading actual data: A Modbus Exception Occurred - See Response Body
[2024-12-10T04:44:25.253Z] Error writing to Modbus register: A Modbus Exception Occurred - See Response Body
[2024-12-10T04:44:26.254Z] Error reading or processing Modbus registers: A Modbus Exception Occurred - See Response Body
[2024-12-10T04:44:26.256Z] Error reading register 6507 for IP 10.30.4.128: A Modbus Exception Occurred - See Response Body
[2024-12-10T04:44:26.257Z] Error reading actual data: A Modbus Exception Occurred - See Response Body
[2024-12-10T04:44:26.257Z] Error writing to Modbus register: A Modbus Exception Occurred - See Response Body
[2024-12-10T04:44:27.254Z] Error reading or processing Modbus registers: A Modbus Exception Occurred - See Response Body
[2024-12-10T04:44:27.256Z] Error reading register 6507 for IP 10.30.4.128: A Modbus Exception Occurred - See Response Body
[2024-12-10T04:44:27.257Z] Error reading actual data: A Modbus Exception Occurred - See Response Body
[2024-12-10T04:44:27.257Z] Error writing to Modbus register: A Modbus Exception Occurred - See Response Body
[2024-12-10T04:44:28.254Z] Error reading or processing Modbus registers: A Modbus Exception Occurred - See Response Body
[2024-12-10T04:44:28.256Z] Error reading register 6507 for IP 10.30.4.128: A Modbus Exception Occurred - See Response Body
[2024-12-10T04:44:28.256Z] Error reading actual data: A Modbus Exception Occurred - See Response Body
[2024-12-10T04:44:28.257Z] Error writing to Modbus register: A Modbus Exception Occurred - See Response Body
[2024-12-10T04:44:29.269Z] Error reading or processing Modbus registers: A Modbus Exception Occurred - See Response Body
[2024-12-10T04:44:29.271Z] Error reading register 6507 for IP 10.30.4.128: A Modbus Exception Occurred - See Response Body
[2024-12-10T04:44:29.272Z] Error reading actual data: A Modbus Exception Occurred - See Response Body
[2024-12-10T04:44:29.272Z] Error writing to Modbus register: A Modbus Exception Occurred - See Response Body
[2024-12-10T04:44:30.269Z] Error reading or processing Modbus registers: A Modbus Exception Occurred - See Response Body
[2024-12-10T04:44:30.271Z] Error reading register 6507 for IP 10.30.4.128: A Modbus Exception Occurred - See Response Body
[2024-12-10T04:44:30.272Z] Error reading actual data: A Modbus Exception Occurred - See Response Body
[2024-12-10T04:44:30.273Z] Error writing to Modbus register: A Modbus Exception Occurred - See Response Body
[2024-12-10T04:44:31.271Z] Error reading or processing Modbus registers: A Modbus Exception Occurred - See Response Body
[2024-12-10T04:44:31.273Z] Error reading register 6507 for IP 10.30.4.128: A Modbus Exception Occurred - See Response Body
[2024-12-10T04:44:31.274Z] Error reading actual data: A Modbus Exception Occurred - See Response Body
[2024-12-10T04:44:31.274Z] Error writing to Modbus register: A Modbus Exception Occurred - See Response Body
[2024-12-10T04:44:32.285Z] Error reading or processing Modbus registers: A Modbus Exception Occurred - See Response Body
[2024-12-10T04:44:32.287Z] Error reading register 6507 for IP 10.30.4.128: A Modbus Exception Occurred - See Response Body
[2024-12-10T04:44:32.288Z] Error reading actual data: A Modbus Exception Occurred - See Response Body
[2024-12-10T04:44:32.289Z] Error writing to Modbus register: A Modbus Exception Occurred - See Response Body
[2024-12-10T04:44:33.298Z] Error reading or processing Modbus registers: A Modbus Exception Occurred - See Response Body
[2024-12-10T04:44:33.302Z] Error reading register 6507 for IP 10.30.4.128: A Modbus Exception Occurred - See Response Body
[2024-12-10T04:44:33.303Z] Error reading actual data: A Modbus Exception Occurred - See Response Body
[2024-12-10T04:44:33.303Z] Error writing to Modbus register: A Modbus Exception Occurred - See Response Body
[2024-12-10T04:44:34.312Z] Error reading or processing Modbus registers: A Modbus Exception Occurred - See Response Body
[2024-12-10T04:44:34.314Z] Error reading register 6507 for IP 10.30.4.128: A Modbus Exception Occurred - See Response Body
[2024-12-10T04:44:34.315Z] Error reading actual data: A Modbus Exception Occurred - See Response Body
[2024-12-10T04:44:34.316Z] Error writing to Modbus register: A Modbus Exception Occurred - See Response Body
[2024-12-10T04:44:35.316Z] Error reading or processing Modbus registers: A Modbus Exception Occurred - See Response Body
[2024-12-10T04:44:35.318Z] Error reading register 6507 for IP 10.30.4.128: A Modbus Exception Occurred - See Response Body
[2024-12-10T04:44:35.318Z] Error reading actual data: A Modbus Exception Occurred - See Response Body
[2024-12-10T04:44:35.319Z] Error writing to Modbus register: A Modbus Exception Occurred - See Response Body
[2024-12-10T04:44:36.318Z] Error reading or processing Modbus registers: A Modbus Exception Occurred - See Response Body
[2024-12-10T04:44:36.320Z] Error reading register 6507 for IP 10.30.4.128: A Modbus Exception Occurred - See Response Body
[2024-12-10T04:44:36.321Z] Error reading actual data: A Modbus Exception Occurred - See Response Body
[2024-12-10T04:44:36.322Z] Error writing to Modbus register: A Modbus Exception Occurred - See Response Body
[2024-12-10T04:44:37.318Z] Error reading or processing Modbus registers: A Modbus Exception Occurred - See Response Body
[2024-12-10T04:44:37.320Z] Error reading register 6507 for IP 10.30.4.128: A Modbus Exception Occurred - See Response Body
[2024-12-10T04:44:37.321Z] Error reading actual data: A Modbus Exception Occurred - See Response Body
[2024-12-10T04:44:37.321Z] Error writing to Modbus register: A Modbus Exception Occurred - See Response Body
[2024-12-10T04:44:38.333Z] Error reading or processing Modbus registers: A Modbus Exception Occurred - See Response Body
[2024-12-10T04:44:38.335Z] Error reading register 6507 for IP 10.30.4.128: A Modbus Exception Occurred - See Response Body
[2024-12-10T04:44:38.336Z] Error reading actual data: A Modbus Exception Occurred - See Response Body
[2024-12-10T04:44:38.336Z] Error writing to Modbus register: A Modbus Exception Occurred - See Response Body
[2024-12-10T04:44:39.345Z] Error reading or processing Modbus registers: A Modbus Exception Occurred - See Response Body
[2024-12-10T04:44:39.347Z] Error reading register 6507 for IP 10.30.4.128: A Modbus Exception Occurred - See Response Body
[2024-12-10T04:44:39.348Z] Error reading actual data: A Modbus Exception Occurred - See Response Body
[2024-12-10T04:44:39.348Z] Error writing to Modbus register: A Modbus Exception Occurred - See Response Body
[2024-12-10T04:44:40.356Z] Error reading or processing Modbus registers: A Modbus Exception Occurred - See Response Body
[2024-12-10T04:44:40.358Z] Error reading register 6507 for IP 10.30.4.128: A Modbus Exception Occurred - See Response Body
[2024-12-10T04:44:40.359Z] Error reading actual data: A Modbus Exception Occurred - See Response Body
[2024-12-10T04:44:40.360Z] Error writing to Modbus register: A Modbus Exception Occurred - See Response Body
[2024-12-10T04:44:41.363Z] Error reading or processing Modbus registers: A Modbus Exception Occurred - See Response Body
[2024-12-10T04:44:41.365Z] Error reading register 6507 for IP 10.30.4.128: A Modbus Exception Occurred - See Response Body
[2024-12-10T04:44:41.366Z] Error reading actual data: A Modbus Exception Occurred - See Response Body
[2024-12-10T04:44:41.366Z] Error writing to Modbus register: A Modbus Exception Occurred - See Response Body
[2024-12-10T04:44:42.376Z] Error reading or processing Modbus registers: A Modbus Exception Occurred - See Response Body
[2024-12-10T04:44:42.380Z] Error reading register 6507 for IP 10.30.4.128: A Modbus Exception Occurred - See Response Body
[2024-12-10T04:44:42.380Z] Error reading actual data: A Modbus Exception Occurred - See Response Body
[2024-12-10T04:44:42.381Z] Error writing to Modbus register: A Modbus Exception Occurred - See Response Body
[2024-12-10T04:44:43.390Z] Error reading or processing Modbus registers: A Modbus Exception Occurred - See Response Body
[2024-12-10T04:44:43.392Z] Error reading register 6507 for IP 10.30.4.128: A Modbus Exception Occurred - See Response Body
[2024-12-10T04:44:43.392Z] Error reading actual data: A Modbus Exception Occurred - See Response Body
[2024-12-10T04:44:43.393Z] Error writing to Modbus register: A Modbus Exception Occurred - See Response Body
[2024-12-10T04:44:44.399Z] Error reading or processing Modbus registers: A Modbus Exception Occurred - See Response Body
[2024-12-10T04:44:44.402Z] Error reading register 6507 for IP 10.30.4.128: A Modbus Exception Occurred - See Response Body
[2024-12-10T04:44:44.403Z] Error reading actual data: A Modbus Exception Occurred - See Response Body
[2024-12-10T04:44:44.404Z] Error writing to Modbus register: A Modbus Exception Occurred - See Response Body
[2024-12-10T04:44:45.413Z] Error reading or processing Modbus registers: A Modbus Exception Occurred - See Response Body
[2024-12-10T04:44:45.415Z] Error reading register 6507 for IP 10.30.4.128: A Modbus Exception Occurred - See Response Body
[2024-12-10T04:44:45.416Z] Error reading actual data: A Modbus Exception Occurred - See Response Body
[2024-12-10T04:44:45.416Z] Error writing to Modbus register: A Modbus Exception Occurred - See Response Body
[2024-12-10T04:44:46.426Z] Error reading or processing Modbus registers: A Modbus Exception Occurred - See Response Body
[2024-12-10T04:44:46.427Z] Error reading register 6507 for IP 10.30.4.128: A Modbus Exception Occurred - See Response Body
[2024-12-10T04:44:46.428Z] Error reading actual data: A Modbus Exception Occurred - See Response Body
[2024-12-10T04:44:46.428Z] Error writing to Modbus register: A Modbus Exception Occurred - See Response Body
[2024-12-10T04:44:47.440Z] Error reading or processing Modbus registers: A Modbus Exception Occurred - See Response Body
[2024-12-10T04:44:47.442Z] Error reading register 6507 for IP 10.30.4.128: A Modbus Exception Occurred - See Response Body
[2024-12-10T04:44:47.443Z] Error reading actual data: A Modbus Exception Occurred - See Response Body
[2024-12-10T04:44:47.443Z] Error writing to Modbus register: A Modbus Exception Occurred - See Response Body
[2024-12-10T04:44:48.451Z] Error reading or processing Modbus registers: A Modbus Exception Occurred - See Response Body
[2024-12-10T04:44:48.453Z] Error reading register 6507 for IP 10.30.4.128: A Modbus Exception Occurred - See Response Body
[2024-12-10T04:44:48.453Z] Error reading actual data: A Modbus Exception Occurred - See Response Body
[2024-12-10T04:44:48.454Z] Error writing to Modbus register: A Modbus Exception Occurred - See Response Body
[2024-12-10T04:44:49.461Z] Error reading or processing Modbus registers: A Modbus Exception Occurred - See Response Body
[2024-12-10T04:44:49.463Z] Error reading register 6507 for IP 10.30.4.128: A Modbus Exception Occurred - See Response Body
[2024-12-10T04:44:49.464Z] Error reading actual data: A Modbus Exception Occurred - See Response Body
[2024-12-10T04:44:49.464Z] Error writing to Modbus register: A Modbus Exception Occurred - See Response Body
[2024-12-10T04:44:50.474Z] Error reading or processing Modbus registers: A Modbus Exception Occurred - See Response Body
[2024-12-10T04:44:50.477Z] Error reading register 6507 for IP 10.30.4.128: A Modbus Exception Occurred - See Response Body
[2024-12-10T04:44:50.477Z] Error reading actual data: A Modbus Exception Occurred - See Response Body
[2024-12-10T04:44:50.478Z] Error writing to Modbus register: A Modbus Exception Occurred - See Response Body
[2024-12-10T04:44:51.474Z] Error reading or processing Modbus registers: A Modbus Exception Occurred - See Response Body
[2024-12-10T04:44:51.476Z] Error reading register 6507 for IP 10.30.4.128: A Modbus Exception Occurred - See Response Body
[2024-12-10T04:44:51.476Z] Error reading actual data: A Modbus Exception Occurred - See Response Body
[2024-12-10T04:44:51.476Z] Error writing to Modbus register: A Modbus Exception Occurred - See Response Body
[2024-12-10T04:44:52.489Z] Error reading or processing Modbus registers: A Modbus Exception Occurred - See Response Body
[2024-12-10T04:44:52.492Z] Error reading register 6507 for IP 10.30.4.128: A Modbus Exception Occurred - See Response Body
[2024-12-10T04:44:52.494Z] Error reading actual data: A Modbus Exception Occurred - See Response Body
[2024-12-10T04:44:52.495Z] Error writing to Modbus register: A Modbus Exception Occurred - See Response Body
[2024-12-10T04:44:53.501Z] Error reading or processing Modbus registers: A Modbus Exception Occurred - See Response Body
[2024-12-10T04:44:53.503Z] Error reading register 6507 for IP 10.30.4.128: A Modbus Exception Occurred - See Response Body
[2024-12-10T04:44:53.504Z] Error reading actual data: A Modbus Exception Occurred - See Response Body
[2024-12-10T04:44:53.504Z] Error writing to Modbus register: A Modbus Exception Occurred - See Response Body
[2024-12-10T04:44:54.513Z] Error reading or processing Modbus registers: A Modbus Exception Occurred - See Response Body
[2024-12-10T04:44:54.515Z] Error reading register 6507 for IP 10.30.4.128: A Modbus Exception Occurred - See Response Body
[2024-12-10T04:44:54.515Z] Error reading actual data: A Modbus Exception Occurred - See Response Body
[2024-12-10T04:44:54.516Z] Error writing to Modbus register: A Modbus Exception Occurred - See Response Body
[2024-12-10T04:44:55.526Z] Error reading or processing Modbus registers: A Modbus Exception Occurred - See Response Body
[2024-12-10T04:44:55.528Z] Error reading register 6507 for IP 10.30.4.128: A Modbus Exception Occurred - See Response Body
[2024-12-10T04:44:55.528Z] Error reading actual data: A Modbus Exception Occurred - See Response Body
[2024-12-10T04:44:55.529Z] Error writing to Modbus register: A Modbus Exception Occurred - See Response Body
[2024-12-10T04:44:56.526Z] Error reading or processing Modbus registers: A Modbus Exception Occurred - See Response Body
[2024-12-10T04:44:56.528Z] Error reading register 6507 for IP 10.30.4.128: A Modbus Exception Occurred - See Response Body
[2024-12-10T04:44:56.529Z] Error reading actual data: A Modbus Exception Occurred - See Response Body
[2024-12-10T04:44:56.529Z] Error writing to Modbus register: A Modbus Exception Occurred - See Response Body
[2024-12-10T04:44:57.541Z] Error reading or processing Modbus registers: A Modbus Exception Occurred - See Response Body
[2024-12-10T04:44:57.543Z] Error reading register 6507 for IP 10.30.4.128: A Modbus Exception Occurred - See Response Body
[2024-12-10T04:44:57.544Z] Error reading actual data: A Modbus Exception Occurred - See Response Body
[2024-12-10T04:44:57.545Z] Error writing to Modbus register: A Modbus Exception Occurred - See Response Body
[2024-12-10T04:44:58.551Z] Error reading or processing Modbus registers: A Modbus Exception Occurred - See Response Body
[2024-12-10T04:44:58.553Z] Error reading register 6507 for IP 10.30.4.128: A Modbus Exception Occurred - See Response Body
[2024-12-10T04:44:58.554Z] Error reading actual data: A Modbus Exception Occurred - See Response Body
[2024-12-10T04:44:58.554Z] Error writing to Modbus register: A Modbus Exception Occurred - See Response Body
[2024-12-10T04:44:59.562Z] Error reading or processing Modbus registers: A Modbus Exception Occurred - See Response Body
[2024-12-10T04:44:59.564Z] Error reading register 6507 for IP 10.30.4.128: A Modbus Exception Occurred - See Response Body
[2024-12-10T04:44:59.565Z] Error reading actual data: A Modbus Exception Occurred - See Response Body
[2024-12-10T04:44:59.566Z] Error writing to Modbus register: A Modbus Exception Occurred - See Response Body
[2024-12-10T04:45:00.568Z] Error reading or processing Modbus registers: A Modbus Exception Occurred - See Response Body
[2024-12-10T04:45:00.571Z] Error reading register 6507 for IP 10.30.4.128: A Modbus Exception Occurred - See Response Body
[2024-12-10T04:45:00.572Z] Error reading actual data: A Modbus Exception Occurred - See Response Body
[2024-12-10T04:45:00.573Z] Error writing to Modbus register: A Modbus Exception Occurred - See Response Body
[2024-12-10T04:45:01.570Z] Error reading or processing Modbus registers: A Modbus Exception Occurred - See Response Body
[2024-12-10T04:45:01.572Z] Error reading register 6507 for IP 10.30.4.128: A Modbus Exception Occurred - See Response Body
[2024-12-10T04:45:01.573Z] Error reading actual data: A Modbus Exception Occurred - See Response Body
[2024-12-10T04:45:01.574Z] Error writing to Modbus register: A Modbus Exception Occurred - See Response Body
[2024-12-10T04:45:02.584Z] Error reading or processing Modbus registers: A Modbus Exception Occurred - See Response Body
[2024-12-10T04:45:02.586Z] Error reading register 6507 for IP 10.30.4.128: A Modbus Exception Occurred - See Response Body
[2024-12-10T04:45:02.586Z] Error reading actual data: A Modbus Exception Occurred - See Response Body
[2024-12-10T04:45:02.587Z] Error writing to Modbus register: A Modbus Exception Occurred - See Response Body
[2024-12-10T04:45:03.589Z] Error reading or processing Modbus registers: A Modbus Exception Occurred - See Response Body
[2024-12-10T04:45:03.591Z] Error reading register 6507 for IP 10.30.4.128: A Modbus Exception Occurred - See Response Body
[2024-12-10T04:45:03.592Z] Error reading actual data: A Modbus Exception Occurred - See Response Body
[2024-12-10T04:45:03.592Z] Error writing to Modbus register: A Modbus Exception Occurred - See Response Body
[2024-12-10T04:45:04.604Z] Error reading or processing Modbus registers: A Modbus Exception Occurred - See Response Body
[2024-12-10T04:45:04.607Z] Error reading register 6507 for IP 10.30.4.128: A Modbus Exception Occurred - See Response Body
[2024-12-10T04:45:04.607Z] Error reading actual data: A Modbus Exception Occurred - See Response Body
[2024-12-10T04:45:04.608Z] Error writing to Modbus register: A Modbus Exception Occurred - See Response Body
[2024-12-10T04:45:05.605Z] Error reading or processing Modbus registers: A Modbus Exception Occurred - See Response Body
[2024-12-10T04:45:05.607Z] Error reading register 6507 for IP 10.30.4.128: A Modbus Exception Occurred - See Response Body
[2024-12-10T04:45:05.608Z] Error reading actual data: A Modbus Exception Occurred - See Response Body
[2024-12-10T04:45:05.608Z] Error writing to Modbus register: A Modbus Exception Occurred - See Response Body
[2024-12-10T04:45:06.618Z] Error reading or processing Modbus registers: A Modbus Exception Occurred - See Response Body
[2024-12-10T04:45:06.621Z] Error reading register 6507 for IP 10.30.4.128: A Modbus Exception Occurred - See Response Body
[2024-12-10T04:45:06.622Z] Error reading actual data: A Modbus Exception Occurred - See Response Body
[2024-12-10T04:45:06.622Z] Error writing to Modbus register: A Modbus Exception Occurred - See Response Body
[2024-12-10T04:45:07.631Z] Error reading or processing Modbus registers: A Modbus Exception Occurred - See Response Body
[2024-12-10T04:45:07.633Z] Error reading register 6507 for IP 10.30.4.128: A Modbus Exception Occurred - See Response Body
[2024-12-10T04:45:07.634Z] Error reading actual data: A Modbus Exception Occurred - See Response Body
[2024-12-10T04:45:07.634Z] Error writing to Modbus register: A Modbus Exception Occurred - See Response Body
[2024-12-10T04:45:08.630Z] Error reading or processing Modbus registers: A Modbus Exception Occurred - See Response Body
[2024-12-10T04:45:08.633Z] Error reading register 6507 for IP 10.30.4.128: A Modbus Exception Occurred - See Response Body
[2024-12-10T04:45:08.634Z] Error reading actual data: A Modbus Exception Occurred - See Response Body
[2024-12-10T04:45:08.634Z] Error writing to Modbus register: A Modbus Exception Occurred - See Response Body
[2024-12-10T04:45:09.631Z] Error reading or processing Modbus registers: A Modbus Exception Occurred - See Response Body
[2024-12-10T04:45:09.633Z] Error reading register 6507 for IP 10.30.4.128: A Modbus Exception Occurred - See Response Body
[2024-12-10T04:45:09.634Z] Error reading actual data: A Modbus Exception Occurred - See Response Body
[2024-12-10T04:45:09.635Z] Error writing to Modbus register: A Modbus Exception Occurred - See Response Body
[2024-12-10T04:45:10.645Z] Error reading or processing Modbus registers: A Modbus Exception Occurred - See Response Body
[2024-12-10T04:45:10.647Z] Error reading register 6507 for IP 10.30.4.128: A Modbus Exception Occurred - See Response Body
[2024-12-10T04:45:10.648Z] Error reading actual data: A Modbus Exception Occurred - See Response Body
[2024-12-10T04:45:10.648Z] Error writing to Modbus register: A Modbus Exception Occurred - See Response Body
[2024-12-10T04:45:11.656Z] Error reading or processing Modbus registers: A Modbus Exception Occurred - See Response Body
[2024-12-10T04:45:11.658Z] Error reading register 6507 for IP 10.30.4.128: A Modbus Exception Occurred - See Response Body
[2024-12-10T04:45:11.659Z] Error reading actual data: A Modbus Exception Occurred - See Response Body
[2024-12-10T04:45:11.659Z] Error writing to Modbus register: A Modbus Exception Occurred - See Response Body
[2024-12-10T04:45:12.657Z] Error reading or processing Modbus registers: A Modbus Exception Occurred - See Response Body
[2024-12-10T04:45:12.658Z] Error reading register 6507 for IP 10.30.4.128: A Modbus Exception Occurred - See Response Body
[2024-12-10T04:45:12.659Z] Error reading actual data: A Modbus Exception Occurred - See Response Body
[2024-12-10T04:45:12.659Z] Error writing to Modbus register: A Modbus Exception Occurred - See Response Body
[2024-12-10T04:45:13.658Z] Error reading or processing Modbus registers: A Modbus Exception Occurred - See Response Body
[2024-12-10T04:45:13.660Z] Error reading register 6507 for IP 10.30.4.128: A Modbus Exception Occurred - See Response Body
[2024-12-10T04:45:13.661Z] Error reading actual data: A Modbus Exception Occurred - See Response Body
[2024-12-10T04:45:13.661Z] Error writing to Modbus register: A Modbus Exception Occurred - See Response Body
[2024-12-10T04:45:14.663Z] Error reading or processing Modbus registers: A Modbus Exception Occurred - See Response Body
[2024-12-10T04:45:14.664Z] Error reading register 6507 for IP 10.30.4.128: A Modbus Exception Occurred - See Response Body
[2024-12-10T04:45:14.665Z] Error reading actual data: A Modbus Exception Occurred - See Response Body
[2024-12-10T04:45:14.665Z] Error writing to Modbus register: A Modbus Exception Occurred - See Response Body
[2024-12-10T04:45:15.678Z] Error reading or processing Modbus registers: A Modbus Exception Occurred - See Response Body
[2024-12-10T04:45:15.681Z] Error reading register 6507 for IP 10.30.4.128: A Modbus Exception Occurred - See Response Body
[2024-12-10T04:45:15.681Z] Error reading actual data: A Modbus Exception Occurred - See Response Body
[2024-12-10T04:45:15.682Z] Error writing to Modbus register: A Modbus Exception Occurred - See Response Body
[2024-12-10T04:45:16.690Z] Error reading or processing Modbus registers: A Modbus Exception Occurred - See Response Body
[2024-12-10T04:45:16.693Z] Error reading register 6507 for IP 10.30.4.128: A Modbus Exception Occurred - See Response Body
[2024-12-10T04:45:16.693Z] Error reading actual data: A Modbus Exception Occurred - See Response Body
[2024-12-10T04:45:16.694Z] Error writing to Modbus register: A Modbus Exception Occurred - See Response Body
[2024-12-10T04:45:17.691Z] Error reading or processing Modbus registers: A Modbus Exception Occurred - See Response Body
[2024-12-10T04:45:17.693Z] Error reading register 6507 for IP 10.30.4.128: A Modbus Exception Occurred - See Response Body
[2024-12-10T04:45:17.694Z] Error reading actual data: A Modbus Exception Occurred - See Response Body
[2024-12-10T04:45:17.694Z] Error writing to Modbus register: A Modbus Exception Occurred - See Response Body
[2024-12-10T04:45:18.703Z] Error reading or processing Modbus registers: A Modbus Exception Occurred - See Response Body
[2024-12-10T04:45:18.706Z] Error reading register 6507 for IP 10.30.4.128: A Modbus Exception Occurred - See Response Body
[2024-12-10T04:45:18.706Z] Error reading actual data: A Modbus Exception Occurred - See Response Body
[2024-12-10T04:45:18.707Z] Error writing to Modbus register: A Modbus Exception Occurred - See Response Body
[2024-12-10T04:45:19.706Z] Error reading or processing Modbus registers: A Modbus Exception Occurred - See Response Body
[2024-12-10T04:45:19.708Z] Error reading register 6507 for IP 10.30.4.128: A Modbus Exception Occurred - See Response Body
[2024-12-10T04:45:19.709Z] Error reading actual data: A Modbus Exception Occurred - See Response Body
[2024-12-10T04:45:19.710Z] Error writing to Modbus register: A Modbus Exception Occurred - See Response Body
[2024-12-10T04:45:20.711Z] Error reading or processing Modbus registers: A Modbus Exception Occurred - See Response Body
[2024-12-10T04:45:20.714Z] Error reading register 6507 for IP 10.30.4.128: A Modbus Exception Occurred - See Response Body
[2024-12-10T04:45:20.715Z] Error reading actual data: A Modbus Exception Occurred - See Response Body
[2024-12-10T04:45:20.715Z] Error writing to Modbus register: A Modbus Exception Occurred - See Response Body
[2024-12-10T04:45:21.715Z] Error reading or processing Modbus registers: A Modbus Exception Occurred - See Response Body
[2024-12-10T04:45:21.717Z] Error reading register 6507 for IP 10.30.4.128: A Modbus Exception Occurred - See Response Body
[2024-12-10T04:45:21.718Z] Error reading actual data: A Modbus Exception Occurred - See Response Body
[2024-12-10T04:45:21.718Z] Error writing to Modbus register: A Modbus Exception Occurred - See Response Body
[2024-12-10T04:45:22.716Z] Error reading or processing Modbus registers: A Modbus Exception Occurred - See Response Body
[2024-12-10T04:45:22.719Z] Error reading register 6507 for IP 10.30.4.128: A Modbus Exception Occurred - See Response Body
[2024-12-10T04:45:22.719Z] Error reading actual data: A Modbus Exception Occurred - See Response Body
[2024-12-10T04:45:22.720Z] Error writing to Modbus register: A Modbus Exception Occurred - See Response Body
[2024-12-10T04:45:23.729Z] Error reading or processing Modbus registers: A Modbus Exception Occurred - See Response Body
[2024-12-10T04:45:23.731Z] Error reading register 6507 for IP 10.30.4.128: A Modbus Exception Occurred - See Response Body
[2024-12-10T04:45:23.731Z] Error reading actual data: A Modbus Exception Occurred - See Response Body
[2024-12-10T04:45:23.732Z] Error writing to Modbus register: A Modbus Exception Occurred - See Response Body
[2024-12-10T04:45:24.744Z] Error reading or processing Modbus registers: A Modbus Exception Occurred - See Response Body
[2024-12-10T04:45:24.746Z] Error reading register 6507 for IP 10.30.4.128: A Modbus Exception Occurred - See Response Body
[2024-12-10T04:45:24.747Z] Error reading actual data: A Modbus Exception Occurred - See Response Body
[2024-12-10T04:45:24.747Z] Error writing to Modbus register: A Modbus Exception Occurred - See Response Body
[2024-12-10T04:45:25.745Z] Error reading or processing Modbus registers: A Modbus Exception Occurred - See Response Body
[2024-12-10T04:45:25.746Z] Error reading register 6507 for IP 10.30.4.128: A Modbus Exception Occurred - See Response Body
[2024-12-10T04:45:25.747Z] Error reading actual data: A Modbus Exception Occurred - See Response Body
[2024-12-10T04:45:25.747Z] Error writing to Modbus register: A Modbus Exception Occurred - See Response Body
[2024-12-10T04:45:26.757Z] Error reading or processing Modbus registers: A Modbus Exception Occurred - See Response Body
[2024-12-10T04:45:26.760Z] Error reading register 6507 for IP 10.30.4.128: A Modbus Exception Occurred - See Response Body
[2024-12-10T04:45:26.761Z] Error reading actual data: A Modbus Exception Occurred - See Response Body
[2024-12-10T04:45:26.762Z] Error writing to Modbus register: A Modbus Exception Occurred - See Response Body
[2024-12-10T04:45:27.760Z] Error reading or processing Modbus registers: A Modbus Exception Occurred - See Response Body
[2024-12-10T04:45:27.762Z] Error reading register 6507 for IP 10.30.4.128: A Modbus Exception Occurred - See Response Body
[2024-12-10T04:45:27.763Z] Error reading actual data: A Modbus Exception Occurred - See Response Body
[2024-12-10T04:45:27.763Z] Error writing to Modbus register: A Modbus Exception Occurred - See Response Body
[2024-12-10T04:45:28.760Z] Error reading or processing Modbus registers: A Modbus Exception Occurred - See Response Body
[2024-12-10T04:45:28.762Z] Error reading register 6507 for IP 10.30.4.128: A Modbus Exception Occurred - See Response Body
[2024-12-10T04:45:28.763Z] Error reading actual data: A Modbus Exception Occurred - See Response Body
[2024-12-10T04:45:28.764Z] Error writing to Modbus register: A Modbus Exception Occurred - See Response Body
[2024-12-10T04:45:29.771Z] Error reading or processing Modbus registers: A Modbus Exception Occurred - See Response Body
[2024-12-10T04:45:29.773Z] Error reading register 6507 for IP 10.30.4.128: A Modbus Exception Occurred - See Response Body
[2024-12-10T04:45:29.774Z] Error reading actual data: A Modbus Exception Occurred - See Response Body
[2024-12-10T04:45:29.774Z] Error writing to Modbus register: A Modbus Exception Occurred - See Response Body
[2024-12-10T04:45:30.782Z] Error reading or processing Modbus registers: A Modbus Exception Occurred - See Response Body
[2024-12-10T04:45:30.785Z] Error reading register 6507 for IP 10.30.4.128: A Modbus Exception Occurred - See Response Body
[2024-12-10T04:45:30.786Z] Error reading actual data: A Modbus Exception Occurred - See Response Body
[2024-12-10T04:45:30.786Z] Error writing to Modbus register: A Modbus Exception Occurred - See Response Body
[2024-12-10T04:45:31.795Z] Error reading or processing Modbus registers: A Modbus Exception Occurred - See Response Body
[2024-12-10T04:45:31.797Z] Error reading register 6507 for IP 10.30.4.128: A Modbus Exception Occurred - See Response Body
[2024-12-10T04:45:31.798Z] Error reading actual data: A Modbus Exception Occurred - See Response Body
[2024-12-10T04:45:31.799Z] Error writing to Modbus register: A Modbus Exception Occurred - See Response Body
[2024-12-10T04:45:32.810Z] Error reading or processing Modbus registers: A Modbus Exception Occurred - See Response Body
[2024-12-10T04:45:32.812Z] Error reading register 6507 for IP 10.30.4.128: A Modbus Exception Occurred - See Response Body
[2024-12-10T04:45:32.813Z] Error reading actual data: A Modbus Exception Occurred - See Response Body
[2024-12-10T04:45:32.814Z] Error writing to Modbus register: A Modbus Exception Occurred - See Response Body
[2024-12-10T04:45:33.824Z] Error reading or processing Modbus registers: A Modbus Exception Occurred - See Response Body
[2024-12-10T04:45:33.826Z] Error reading register 6507 for IP 10.30.4.128: A Modbus Exception Occurred - See Response Body
[2024-12-10T04:45:33.826Z] Error reading actual data: A Modbus Exception Occurred - See Response Body
[2024-12-10T04:45:33.827Z] Error writing to Modbus register: A Modbus Exception Occurred - See Response Body
[2024-12-10T04:45:34.824Z] Error reading or processing Modbus registers: A Modbus Exception Occurred - See Response Body
[2024-12-10T04:45:34.826Z] Error reading register 6507 for IP 10.30.4.128: A Modbus Exception Occurred - See Response Body
[2024-12-10T04:45:34.827Z] Error reading actual data: A Modbus Exception Occurred - See Response Body
[2024-12-10T04:45:34.827Z] Error writing to Modbus register: A Modbus Exception Occurred - See Response Body
[2024-12-10T04:45:35.838Z] Error reading or processing Modbus registers: A Modbus Exception Occurred - See Response Body
[2024-12-10T04:45:35.840Z] Error reading register 6507 for IP 10.30.4.128: A Modbus Exception Occurred - See Response Body
[2024-12-10T04:45:35.841Z] Error reading actual data: A Modbus Exception Occurred - See Response Body
[2024-12-10T04:45:35.842Z] Error writing to Modbus register: A Modbus Exception Occurred - See Response Body
[2024-12-10T04:45:36.851Z] Error reading or processing Modbus registers: A Modbus Exception Occurred - See Response Body
[2024-12-10T04:45:36.854Z] Error reading register 6507 for IP 10.30.4.128: A Modbus Exception Occurred - See Response Body
[2024-12-10T04:45:36.854Z] Error reading actual data: A Modbus Exception Occurred - See Response Body
[2024-12-10T04:45:36.855Z] Error writing to Modbus register: A Modbus Exception Occurred - See Response Body
[2024-12-10T04:45:37.865Z] Error reading or processing Modbus registers: A Modbus Exception Occurred - See Response Body
[2024-12-10T04:45:37.867Z] Error reading register 6507 for IP 10.30.4.128: A Modbus Exception Occurred - See Response Body
[2024-12-10T04:45:37.868Z] Error reading actual data: A Modbus Exception Occurred - See Response Body
[2024-12-10T04:45:37.868Z] Error writing to Modbus register: A Modbus Exception Occurred - See Response Body
[2024-12-10T04:45:38.870Z] Error reading or processing Modbus registers: A Modbus Exception Occurred - See Response Body
[2024-12-10T04:45:38.872Z] Error reading register 6507 for IP 10.30.4.128: A Modbus Exception Occurred - See Response Body
[2024-12-10T04:45:38.873Z] Error reading actual data: A Modbus Exception Occurred - See Response Body
[2024-12-10T04:45:38.874Z] Error writing to Modbus register: A Modbus Exception Occurred - See Response Body
[2024-12-10T04:45:39.872Z] Error reading or processing Modbus registers: A Modbus Exception Occurred - See Response Body
[2024-12-10T04:45:39.874Z] Error reading register 6507 for IP 10.30.4.128: A Modbus Exception Occurred - See Response Body
[2024-12-10T04:45:39.874Z] Error reading actual data: A Modbus Exception Occurred - See Response Body
[2024-12-10T04:45:39.875Z] Error writing to Modbus register: A Modbus Exception Occurred - See Response Body
[2024-12-10T04:45:40.872Z] Error reading or processing Modbus registers: A Modbus Exception Occurred - See Response Body
[2024-12-10T04:45:40.874Z] Error reading register 6507 for IP 10.30.4.128: A Modbus Exception Occurred - See Response Body
[2024-12-10T04:45:40.875Z] Error reading actual data: A Modbus Exception Occurred - See Response Body
[2024-12-10T04:45:40.875Z] Error writing to Modbus register: A Modbus Exception Occurred - See Response Body
[2024-12-10T04:45:41.878Z] Error reading or processing Modbus registers: A Modbus Exception Occurred - See Response Body
[2024-12-10T04:45:41.880Z] Error reading register 6507 for IP 10.30.4.128: A Modbus Exception Occurred - See Response Body
[2024-12-10T04:45:41.881Z] Error reading actual data: A Modbus Exception Occurred - See Response Body
[2024-12-10T04:45:41.881Z] Error writing to Modbus register: A Modbus Exception Occurred - See Response Body
[2024-12-10T04:45:42.881Z] Error reading or processing Modbus registers: A Modbus Exception Occurred - See Response Body
[2024-12-10T04:45:42.883Z] Error reading register 6507 for IP 10.30.4.128: A Modbus Exception Occurred - See Response Body
[2024-12-10T04:45:42.884Z] Error reading actual data: A Modbus Exception Occurred - See Response Body
[2024-12-10T04:45:42.884Z] Error writing to Modbus register: A Modbus Exception Occurred - See Response Body
[2024-12-10T04:45:43.881Z] Error reading or processing Modbus registers: A Modbus Exception Occurred - See Response Body
[2024-12-10T04:45:43.883Z] Error reading register 6507 for IP 10.30.4.128: A Modbus Exception Occurred - See Response Body
[2024-12-10T04:45:43.883Z] Error reading actual data: A Modbus Exception Occurred - See Response Body
[2024-12-10T04:45:43.884Z] Error writing to Modbus register: A Modbus Exception Occurred - See Response Body
[2024-12-10T04:45:44.881Z] Error reading or processing Modbus registers: A Modbus Exception Occurred - See Response Body
[2024-12-10T04:45:44.883Z] Error reading register 6507 for IP 10.30.4.128: A Modbus Exception Occurred - See Response Body
[2024-12-10T04:45:44.883Z] Error reading actual data: A Modbus Exception Occurred - See Response Body
[2024-12-10T04:45:44.883Z] Error writing to Modbus register: A Modbus Exception Occurred - See Response Body
[2024-12-10T04:45:45.882Z] Error reading or processing Modbus registers: A Modbus Exception Occurred - See Response Body
[2024-12-10T04:45:45.884Z] Error reading register 6507 for IP 10.30.4.128: A Modbus Exception Occurred - See Response Body
[2024-12-10T04:45:45.884Z] Error reading actual data: A Modbus Exception Occurred - See Response Body
[2024-12-10T04:45:45.885Z] Error writing to Modbus register: A Modbus Exception Occurred - See Response Body
[2024-12-10T04:45:46.897Z] Error reading or processing Modbus registers: A Modbus Exception Occurred - See Response Body
[2024-12-10T04:45:46.899Z] Error reading register 6507 for IP 10.30.4.128: A Modbus Exception Occurred - See Response Body
[2024-12-10T04:45:46.900Z] Error reading actual data: A Modbus Exception Occurred - See Response Body
[2024-12-10T04:45:46.901Z] Error writing to Modbus register: A Modbus Exception Occurred - See Response Body
[2024-12-10T04:45:47.912Z] Error reading or processing Modbus registers: A Modbus Exception Occurred - See Response Body
[2024-12-10T04:45:47.914Z] Error reading register 6507 for IP 10.30.4.128: A Modbus Exception Occurred - See Response Body
[2024-12-10T04:45:47.914Z] Error reading actual data: A Modbus Exception Occurred - See Response Body
[2024-12-10T04:45:47.915Z] Error writing to Modbus register: A Modbus Exception Occurred - See Response Body
[2024-12-10T04:45:48.925Z] Error reading or processing Modbus registers: A Modbus Exception Occurred - See Response Body
[2024-12-10T04:45:48.927Z] Error reading register 6507 for IP 10.30.4.128: A Modbus Exception Occurred - See Response Body
[2024-12-10T04:45:48.928Z] Error reading actual data: A Modbus Exception Occurred - See Response Body
[2024-12-10T04:45:48.928Z] Error writing to Modbus register: A Modbus Exception Occurred - See Response Body
[2024-12-10T04:45:49.940Z] Error reading or processing Modbus registers: A Modbus Exception Occurred - See Response Body
[2024-12-10T04:45:49.942Z] Error reading register 6507 for IP 10.30.4.128: A Modbus Exception Occurred - See Response Body
[2024-12-10T04:45:49.943Z] Error reading actual data: A Modbus Exception Occurred - See Response Body
[2024-12-10T04:45:49.944Z] Error writing to Modbus register: A Modbus Exception Occurred - See Response Body
[2024-12-10T04:45:50.954Z] Error reading or processing Modbus registers: A Modbus Exception Occurred - See Response Body
[2024-12-10T04:45:50.956Z] Error reading register 6507 for IP 10.30.4.128: A Modbus Exception Occurred - See Response Body
[2024-12-10T04:45:50.957Z] Error reading actual data: A Modbus Exception Occurred - See Response Body
[2024-12-10T04:45:50.958Z] Error writing to Modbus register: A Modbus Exception Occurred - See Response Body
[2024-12-10T04:45:51.965Z] Error reading or processing Modbus registers: A Modbus Exception Occurred - See Response Body
[2024-12-10T04:45:51.967Z] Error reading register 6507 for IP 10.30.4.128: A Modbus Exception Occurred - See Response Body
[2024-12-10T04:45:51.968Z] Error reading actual data: A Modbus Exception Occurred - See Response Body
[2024-12-10T04:45:51.969Z] Error writing to Modbus register: A Modbus Exception Occurred - See Response Body
[2024-12-10T04:45:52.978Z] Error reading or processing Modbus registers: A Modbus Exception Occurred - See Response Body
[2024-12-10T04:45:52.981Z] Error reading register 6507 for IP 10.30.4.128: A Modbus Exception Occurred - See Response Body
[2024-12-10T04:45:52.981Z] Error reading actual data: A Modbus Exception Occurred - See Response Body
[2024-12-10T04:45:52.982Z] Error writing to Modbus register: A Modbus Exception Occurred - See Response Body
[2024-12-10T04:45:53.993Z] Error reading or processing Modbus registers: A Modbus Exception Occurred - See Response Body
[2024-12-10T04:45:53.996Z] Error reading register 6507 for IP 10.30.4.128: A Modbus Exception Occurred - See Response Body
[2024-12-10T04:45:53.996Z] Error reading actual data: A Modbus Exception Occurred - See Response Body
[2024-12-10T04:45:53.997Z] Error writing to Modbus register: A Modbus Exception Occurred - See Response Body
[2024-12-10T04:45:55.005Z] Error reading or processing Modbus registers: A Modbus Exception Occurred - See Response Body
[2024-12-10T04:45:55.008Z] Error reading register 6507 for IP 10.30.4.128: A Modbus Exception Occurred - See Response Body
[2024-12-10T04:45:55.009Z] Error reading actual data: A Modbus Exception Occurred - See Response Body
[2024-12-10T04:45:55.009Z] Error writing to Modbus register: A Modbus Exception Occurred - See Response Body
[2024-12-10T04:45:56.020Z] Error reading or processing Modbus registers: A Modbus Exception Occurred - See Response Body
[2024-12-10T04:45:56.022Z] Error reading register 6507 for IP 10.30.4.128: A Modbus Exception Occurred - See Response Body
[2024-12-10T04:45:56.023Z] Error reading actual data: A Modbus Exception Occurred - See Response Body
[2024-12-10T04:45:56.023Z] Error writing to Modbus register: A Modbus Exception Occurred - See Response Body
[2024-12-10T04:45:57.026Z] Error reading or processing Modbus registers: A Modbus Exception Occurred - See Response Body
[2024-12-10T04:45:57.028Z] Error reading register 6507 for IP 10.30.4.128: A Modbus Exception Occurred - See Response Body
[2024-12-10T04:45:57.029Z] Error reading actual data: A Modbus Exception Occurred - See Response Body
[2024-12-10T04:45:57.030Z] Error writing to Modbus register: A Modbus Exception Occurred - See Response Body
[2024-12-10T04:45:58.032Z] Error reading or processing Modbus registers: A Modbus Exception Occurred - See Response Body
[2024-12-10T04:45:58.035Z] Error reading register 6507 for IP 10.30.4.128: A Modbus Exception Occurred - See Response Body
[2024-12-10T04:45:58.035Z] Error reading actual data: A Modbus Exception Occurred - See Response Body
[2024-12-10T04:45:58.036Z] Error writing to Modbus register: A Modbus Exception Occurred - See Response Body
[2024-12-10T04:45:59.032Z] Error reading or processing Modbus registers: A Modbus Exception Occurred - See Response Body
[2024-12-10T04:45:59.035Z] Error reading register 6507 for IP 10.30.4.128: A Modbus Exception Occurred - See Response Body
[2024-12-10T04:45:59.038Z] Error reading actual data: A Modbus Exception Occurred - See Response Body
[2024-12-10T04:45:59.038Z] Error writing to Modbus register: A Modbus Exception Occurred - See Response Body
[2024-12-10T04:46:00.044Z] Error reading or processing Modbus registers: A Modbus Exception Occurred - See Response Body
[2024-12-10T04:46:00.047Z] Error reading register 6507 for IP 10.30.4.128: A Modbus Exception Occurred - See Response Body
[2024-12-10T04:46:00.047Z] Error reading actual data: A Modbus Exception Occurred - See Response Body
[2024-12-10T04:46:00.048Z] Error writing to Modbus register: A Modbus Exception Occurred - See Response Body
[2024-12-10T04:46:01.056Z] Error reading or processing Modbus registers: A Modbus Exception Occurred - See Response Body
[2024-12-10T04:46:01.058Z] Error reading register 6507 for IP 10.30.4.128: A Modbus Exception Occurred - See Response Body
[2024-12-10T04:46:01.059Z] Error reading actual data: A Modbus Exception Occurred - See Response Body
[2024-12-10T04:46:01.059Z] Error writing to Modbus register: A Modbus Exception Occurred - See Response Body
[2024-12-10T04:46:02.068Z] Error reading or processing Modbus registers: A Modbus Exception Occurred - See Response Body
[2024-12-10T04:46:02.070Z] Error reading register 6507 for IP 10.30.4.128: A Modbus Exception Occurred - See Response Body
[2024-12-10T04:46:02.072Z] Error reading actual data: A Modbus Exception Occurred - See Response Body
[2024-12-10T04:46:02.072Z] Error writing to Modbus register: A Modbus Exception Occurred - See Response Body
[2024-12-10T04:46:03.071Z] Error reading or processing Modbus registers: A Modbus Exception Occurred - See Response Body
[2024-12-10T04:46:03.074Z] Error reading register 6507 for IP 10.30.4.128: A Modbus Exception Occurred - See Response Body
[2024-12-10T04:46:03.074Z] Error reading actual data: A Modbus Exception Occurred - See Response Body
[2024-12-10T04:46:03.075Z] Error writing to Modbus register: A Modbus Exception Occurred - See Response Body
[2024-12-10T04:46:04.073Z] Error reading or processing Modbus registers: A Modbus Exception Occurred - See Response Body
[2024-12-10T04:46:04.076Z] Error reading register 6507 for IP 10.30.4.128: A Modbus Exception Occurred - See Response Body
[2024-12-10T04:46:04.076Z] Error reading actual data: A Modbus Exception Occurred - See Response Body
[2024-12-10T04:46:04.077Z] Error writing to Modbus register: A Modbus Exception Occurred - See Response Body
[2024-12-10T04:46:05.085Z] Error reading or processing Modbus registers: A Modbus Exception Occurred - See Response Body
[2024-12-10T04:46:05.087Z] Error reading register 6507 for IP 10.30.4.128: A Modbus Exception Occurred - See Response Body
[2024-12-10T04:46:05.087Z] Error reading actual data: A Modbus Exception Occurred - See Response Body
[2024-12-10T04:46:05.088Z] Error writing to Modbus register: A Modbus Exception Occurred - See Response Body
[2024-12-10T04:46:06.086Z] Error reading or processing Modbus registers: A Modbus Exception Occurred - See Response Body
[2024-12-10T04:46:06.088Z] Error reading register 6507 for IP 10.30.4.128: A Modbus Exception Occurred - See Response Body
[2024-12-10T04:46:06.089Z] Error reading actual data: A Modbus Exception Occurred - See Response Body
[2024-12-10T04:46:06.089Z] Error writing to Modbus register: A Modbus Exception Occurred - See Response Body
[2024-12-10T04:46:07.098Z] Error reading or processing Modbus registers: A Modbus Exception Occurred - See Response Body
[2024-12-10T04:46:07.100Z] Error reading register 6507 for IP 10.30.4.128: A Modbus Exception Occurred - See Response Body
[2024-12-10T04:46:07.101Z] Error reading actual data: A Modbus Exception Occurred - See Response Body
[2024-12-10T04:46:07.102Z] Error writing to Modbus register: A Modbus Exception Occurred - See Response Body
[2024-12-10T04:46:08.101Z] Error reading or processing Modbus registers: A Modbus Exception Occurred - See Response Body
[2024-12-10T04:46:08.104Z] Error reading register 6507 for IP 10.30.4.128: A Modbus Exception Occurred - See Response Body
[2024-12-10T04:46:08.104Z] Error reading actual data: A Modbus Exception Occurred - See Response Body
[2024-12-10T04:46:08.105Z] Error writing to Modbus register: A Modbus Exception Occurred - See Response Body
[2024-12-10T04:46:09.108Z] Error reading or processing Modbus registers: A Modbus Exception Occurred - See Response Body
[2024-12-10T04:46:09.110Z] Error reading register 6507 for IP 10.30.4.128: A Modbus Exception Occurred - See Response Body
[2024-12-10T04:46:09.111Z] Error reading actual data: A Modbus Exception Occurred - See Response Body
[2024-12-10T04:46:09.111Z] Error writing to Modbus register: A Modbus Exception Occurred - See Response Body
[2024-12-10T04:46:10.118Z] Error reading or processing Modbus registers: A Modbus Exception Occurred - See Response Body
[2024-12-10T04:46:10.120Z] Error reading register 6507 for IP 10.30.4.128: A Modbus Exception Occurred - See Response Body
[2024-12-10T04:46:10.121Z] Error reading actual data: A Modbus Exception Occurred - See Response Body
[2024-12-10T04:46:10.121Z] Error writing to Modbus register: A Modbus Exception Occurred - See Response Body
[2024-12-10T04:46:11.119Z] Error reading or processing Modbus registers: A Modbus Exception Occurred - See Response Body
[2024-12-10T04:46:11.129Z] Error reading register 6507 for IP 10.30.4.128: A Modbus Exception Occurred - See Response Body
[2024-12-10T04:46:11.130Z] Error reading actual data: A Modbus Exception Occurred - See Response Body
[2024-12-10T04:46:11.131Z] Error writing to Modbus register: A Modbus Exception Occurred - See Response Body
[2024-12-10T04:46:12.134Z] Error reading or processing Modbus registers: A Modbus Exception Occurred - See Response Body
[2024-12-10T04:46:12.136Z] Error reading register 6507 for IP 10.30.4.128: A Modbus Exception Occurred - See Response Body
[2024-12-10T04:46:12.137Z] Error reading actual data: A Modbus Exception Occurred - See Response Body
[2024-12-10T04:46:12.138Z] Error writing to Modbus register: A Modbus Exception Occurred - See Response Body
[2024-12-10T04:46:13.150Z] Error reading or processing Modbus registers: A Modbus Exception Occurred - See Response Body
[2024-12-10T04:46:13.152Z] Error reading register 6507 for IP 10.30.4.128: A Modbus Exception Occurred - See Response Body
[2024-12-10T04:46:13.152Z] Error reading actual data: A Modbus Exception Occurred - See Response Body
[2024-12-10T04:46:13.153Z] Error writing to Modbus register: A Modbus Exception Occurred - See Response Body
[2024-12-10T04:46:14.164Z] Error reading or processing Modbus registers: A Modbus Exception Occurred - See Response Body
[2024-12-10T04:46:14.166Z] Error reading register 6507 for IP 10.30.4.128: A Modbus Exception Occurred - See Response Body
[2024-12-10T04:46:14.167Z] Error reading actual data: A Modbus Exception Occurred - See Response Body
[2024-12-10T04:46:14.167Z] Error writing to Modbus register: A Modbus Exception Occurred - See Response Body
[2024-12-10T04:46:15.176Z] Error reading or processing Modbus registers: A Modbus Exception Occurred - See Response Body
[2024-12-10T04:46:15.178Z] Error reading register 6507 for IP 10.30.4.128: A Modbus Exception Occurred - See Response Body
[2024-12-10T04:46:15.179Z] Error reading actual data: A Modbus Exception Occurred - See Response Body
[2024-12-10T04:46:15.179Z] Error writing to Modbus register: A Modbus Exception Occurred - See Response Body
[2024-12-10T04:46:16.177Z] Error reading or processing Modbus registers: A Modbus Exception Occurred - See Response Body
[2024-12-10T04:46:16.180Z] Error reading register 6507 for IP 10.30.4.128: A Modbus Exception Occurred - See Response Body
[2024-12-10T04:46:16.180Z] Error reading actual data: A Modbus Exception Occurred - See Response Body
[2024-12-10T04:46:16.181Z] Error writing to Modbus register: A Modbus Exception Occurred - See Response Body
[2024-12-10T04:46:17.192Z] Error reading or processing Modbus registers: A Modbus Exception Occurred - See Response Body
[2024-12-10T04:46:17.194Z] Error reading register 6507 for IP 10.30.4.128: A Modbus Exception Occurred - See Response Body
[2024-12-10T04:46:17.195Z] Error reading actual data: A Modbus Exception Occurred - See Response Body
[2024-12-10T04:46:17.195Z] Error writing to Modbus register: A Modbus Exception Occurred - See Response Body
[2024-12-10T04:46:18.207Z] Error reading or processing Modbus registers: A Modbus Exception Occurred - See Response Body
[2024-12-10T04:46:18.209Z] Error reading register 6507 for IP 10.30.4.128: A Modbus Exception Occurred - See Response Body
[2024-12-10T04:46:18.210Z] Error reading actual data: A Modbus Exception Occurred - See Response Body
[2024-12-10T04:46:18.211Z] Error writing to Modbus register: A Modbus Exception Occurred - See Response Body
[2024-12-10T04:46:19.208Z] Error reading or processing Modbus registers: A Modbus Exception Occurred - See Response Body
[2024-12-10T04:46:19.210Z] Error reading register 6507 for IP 10.30.4.128: A Modbus Exception Occurred - See Response Body
[2024-12-10T04:46:19.211Z] Error reading actual data: A Modbus Exception Occurred - See Response Body
[2024-12-10T04:46:19.211Z] Error writing to Modbus register: A Modbus Exception Occurred - See Response Body
[2024-12-10T04:46:20.210Z] Error reading or processing Modbus registers: A Modbus Exception Occurred - See Response Body
[2024-12-10T04:46:20.212Z] Error reading register 6507 for IP 10.30.4.128: A Modbus Exception Occurred - See Response Body
[2024-12-10T04:46:20.213Z] Error reading actual data: A Modbus Exception Occurred - See Response Body
[2024-12-10T04:46:20.213Z] Error writing to Modbus register: A Modbus Exception Occurred - See Response Body
[2024-12-10T04:46:21.212Z] Error reading or processing Modbus registers: A Modbus Exception Occurred - See Response Body
[2024-12-10T04:46:21.214Z] Error reading register 6507 for IP 10.30.4.128: A Modbus Exception Occurred - See Response Body
[2024-12-10T04:46:21.214Z] Error reading actual data: A Modbus Exception Occurred - See Response Body
[2024-12-10T04:46:21.215Z] Error writing to Modbus register: A Modbus Exception Occurred - See Response Body
[2024-12-10T04:46:22.223Z] Error reading or processing Modbus registers: A Modbus Exception Occurred - See Response Body
[2024-12-10T04:46:22.227Z] Error reading register 6507 for IP 10.30.4.128: A Modbus Exception Occurred - See Response Body
[2024-12-10T04:46:22.228Z] Error reading actual data: A Modbus Exception Occurred - See Response Body
[2024-12-10T04:46:22.228Z] Error writing to Modbus register: A Modbus Exception Occurred - See Response Body
[2024-12-10T04:46:23.237Z] Error reading or processing Modbus registers: A Modbus Exception Occurred - See Response Body
[2024-12-10T04:46:23.239Z] Error reading register 6507 for IP 10.30.4.128: A Modbus Exception Occurred - See Response Body
[2024-12-10T04:46:23.240Z] Error reading actual data: A Modbus Exception Occurred - See Response Body
[2024-12-10T04:46:23.240Z] Error writing to Modbus register: A Modbus Exception Occurred - See Response Body
[2024-12-10T04:46:24.253Z] Error reading or processing Modbus registers: A Modbus Exception Occurred - See Response Body
[2024-12-10T04:46:24.255Z] Error reading register 6507 for IP 10.30.4.128: A Modbus Exception Occurred - See Response Body
[2024-12-10T04:46:24.255Z] Error reading actual data: A Modbus Exception Occurred - See Response Body
[2024-12-10T04:46:24.256Z] Error writing to Modbus register: A Modbus Exception Occurred - See Response Body
[2024-12-10T04:46:25.267Z] Error reading or processing Modbus registers: A Modbus Exception Occurred - See Response Body
[2024-12-10T04:46:25.269Z] Error reading register 6507 for IP 10.30.4.128: A Modbus Exception Occurred - See Response Body
[2024-12-10T04:46:25.269Z] Error reading actual data: A Modbus Exception Occurred - See Response Body
[2024-12-10T04:46:25.270Z] Error writing to Modbus register: A Modbus Exception Occurred - See Response Body
[2024-12-10T04:46:26.270Z] Error reading or processing Modbus registers: A Modbus Exception Occurred - See Response Body
[2024-12-10T04:46:26.272Z] Error reading register 6507 for IP 10.30.4.128: A Modbus Exception Occurred - See Response Body
[2024-12-10T04:46:26.273Z] Error reading actual data: A Modbus Exception Occurred - See Response Body
[2024-12-10T04:46:26.273Z] Error writing to Modbus register: A Modbus Exception Occurred - See Response Body
[2024-12-10T04:46:27.274Z] Error reading or processing Modbus registers: A Modbus Exception Occurred - See Response Body
[2024-12-10T04:46:27.275Z] Error reading register 6507 for IP 10.30.4.128: A Modbus Exception Occurred - See Response Body
[2024-12-10T04:46:27.276Z] Error reading actual data: A Modbus Exception Occurred - See Response Body
[2024-12-10T04:46:27.276Z] Error writing to Modbus register: A Modbus Exception Occurred - See Response Body
[2024-12-10T04:46:28.287Z] Error reading or processing Modbus registers: A Modbus Exception Occurred - See Response Body
[2024-12-10T04:46:28.289Z] Error reading register 6507 for IP 10.30.4.128: A Modbus Exception Occurred - See Response Body
[2024-12-10T04:46:28.289Z] Error reading actual data: A Modbus Exception Occurred - See Response Body
[2024-12-10T04:46:28.290Z] Error writing to Modbus register: A Modbus Exception Occurred - See Response Body
[2024-12-10T04:46:29.302Z] Error reading or processing Modbus registers: A Modbus Exception Occurred - See Response Body
[2024-12-10T04:46:29.304Z] Error reading register 6507 for IP 10.30.4.128: A Modbus Exception Occurred - See Response Body
[2024-12-10T04:46:29.305Z] Error reading actual data: A Modbus Exception Occurred - See Response Body
[2024-12-10T04:46:29.305Z] Error writing to Modbus register: A Modbus Exception Occurred - See Response Body
[2024-12-10T04:46:30.311Z] Error reading or processing Modbus registers: A Modbus Exception Occurred - See Response Body
[2024-12-10T04:46:30.313Z] Error reading register 6507 for IP 10.30.4.128: A Modbus Exception Occurred - See Response Body
[2024-12-10T04:46:30.314Z] Error reading actual data: A Modbus Exception Occurred - See Response Body
[2024-12-10T04:46:30.315Z] Error writing to Modbus register: A Modbus Exception Occurred - See Response Body
[2024-12-10T04:46:31.315Z] Error reading or processing Modbus registers: A Modbus Exception Occurred - See Response Body
[2024-12-10T04:46:31.316Z] Error reading register 6507 for IP 10.30.4.128: A Modbus Exception Occurred - See Response Body
[2024-12-10T04:46:31.317Z] Error reading actual data: A Modbus Exception Occurred - See Response Body
[2024-12-10T04:46:31.318Z] Error writing to Modbus register: A Modbus Exception Occurred - See Response Body
[2024-12-10T04:46:32.329Z] Error reading or processing Modbus registers: A Modbus Exception Occurred - See Response Body
[2024-12-10T04:46:32.331Z] Error reading register 6507 for IP 10.30.4.128: A Modbus Exception Occurred - See Response Body
[2024-12-10T04:46:32.331Z] Error reading actual data: A Modbus Exception Occurred - See Response Body
[2024-12-10T04:46:32.332Z] Error writing to Modbus register: A Modbus Exception Occurred - See Response Body
[2024-12-10T04:46:33.343Z] Error reading or processing Modbus registers: A Modbus Exception Occurred - See Response Body
[2024-12-10T04:46:33.345Z] Error reading register 6507 for IP 10.30.4.128: A Modbus Exception Occurred - See Response Body
[2024-12-10T04:46:33.346Z] Error reading actual data: A Modbus Exception Occurred - See Response Body
[2024-12-10T04:46:33.346Z] Error writing to Modbus register: A Modbus Exception Occurred - See Response Body
[2024-12-10T04:46:34.345Z] Error reading or processing Modbus registers: A Modbus Exception Occurred - See Response Body
[2024-12-10T04:46:34.347Z] Error reading register 6507 for IP 10.30.4.128: A Modbus Exception Occurred - See Response Body
[2024-12-10T04:46:34.348Z] Error reading actual data: A Modbus Exception Occurred - See Response Body
[2024-12-10T04:46:34.349Z] Error writing to Modbus register: A Modbus Exception Occurred - See Response Body
[2024-12-10T04:46:35.359Z] Error reading or processing Modbus registers: A Modbus Exception Occurred - See Response Body
[2024-12-10T04:46:35.361Z] Error reading register 6507 for IP 10.30.4.128: A Modbus Exception Occurred - See Response Body
[2024-12-10T04:46:35.361Z] Error reading actual data: A Modbus Exception Occurred - See Response Body
[2024-12-10T04:46:35.362Z] Error writing to Modbus register: A Modbus Exception Occurred - See Response Body
[2024-12-10T04:46:36.358Z] Error reading or processing Modbus registers: A Modbus Exception Occurred - See Response Body
[2024-12-10T04:46:36.360Z] Error reading register 6507 for IP 10.30.4.128: A Modbus Exception Occurred - See Response Body
[2024-12-10T04:46:36.361Z] Error reading actual data: A Modbus Exception Occurred - See Response Body
[2024-12-10T04:46:36.362Z] Error writing to Modbus register: A Modbus Exception Occurred - See Response Body
[2024-12-10T04:46:37.373Z] Error reading or processing Modbus registers: A Modbus Exception Occurred - See Response Body
[2024-12-10T04:46:37.375Z] Error reading register 6507 for IP 10.30.4.128: A Modbus Exception Occurred - See Response Body
[2024-12-10T04:46:37.376Z] Error reading actual data: A Modbus Exception Occurred - See Response Body
[2024-12-10T04:46:37.376Z] Error writing to Modbus register: A Modbus Exception Occurred - See Response Body
[2024-12-10T04:46:38.375Z] Error reading or processing Modbus registers: A Modbus Exception Occurred - See Response Body
[2024-12-10T04:46:38.378Z] Error reading register 6507 for IP 10.30.4.128: A Modbus Exception Occurred - See Response Body
[2024-12-10T04:46:38.379Z] Error reading actual data: A Modbus Exception Occurred - See Response Body
[2024-12-10T04:46:38.379Z] Error writing to Modbus register: A Modbus Exception Occurred - See Response Body
[2024-12-10T04:46:39.379Z] Error reading or processing Modbus registers: A Modbus Exception Occurred - See Response Body
[2024-12-10T04:46:39.381Z] Error reading register 6507 for IP 10.30.4.128: A Modbus Exception Occurred - See Response Body
[2024-12-10T04:46:39.382Z] Error reading actual data: A Modbus Exception Occurred - See Response Body
[2024-12-10T04:46:39.383Z] Error writing to Modbus register: A Modbus Exception Occurred - See Response Body
[2024-12-10T04:46:40.378Z] Error reading or processing Modbus registers: A Modbus Exception Occurred - See Response Body
[2024-12-10T04:46:40.381Z] Error reading register 6507 for IP 10.30.4.128: A Modbus Exception Occurred - See Response Body
[2024-12-10T04:46:40.382Z] Error reading actual data: A Modbus Exception Occurred - See Response Body
[2024-12-10T04:46:40.383Z] Error writing to Modbus register: A Modbus Exception Occurred - See Response Body
[2024-12-10T04:46:41.382Z] Error reading or processing Modbus registers: A Modbus Exception Occurred - See Response Body
[2024-12-10T04:46:41.385Z] Error reading register 6507 for IP 10.30.4.128: A Modbus Exception Occurred - See Response Body
[2024-12-10T04:46:41.385Z] Error reading actual data: A Modbus Exception Occurred - See Response Body
[2024-12-10T04:46:41.386Z] Error writing to Modbus register: A Modbus Exception Occurred - See Response Body
[2024-12-10T04:46:42.388Z] Error reading or processing Modbus registers: A Modbus Exception Occurred - See Response Body
[2024-12-10T04:46:42.390Z] Error reading register 6507 for IP 10.30.4.128: A Modbus Exception Occurred - See Response Body
[2024-12-10T04:46:42.391Z] Error reading actual data: A Modbus Exception Occurred - See Response Body
[2024-12-10T04:46:42.392Z] Error writing to Modbus register: A Modbus Exception Occurred - See Response Body
[2024-12-10T04:46:43.390Z] Error reading or processing Modbus registers: A Modbus Exception Occurred - See Response Body
[2024-12-10T04:46:43.392Z] Error reading register 6507 for IP 10.30.4.128: A Modbus Exception Occurred - See Response Body
[2024-12-10T04:46:43.393Z] Error reading actual data: A Modbus Exception Occurred - See Response Body
[2024-12-10T04:46:43.393Z] Error writing to Modbus register: A Modbus Exception Occurred - See Response Body
[2024-12-10T04:46:44.391Z] Error reading or processing Modbus registers: A Modbus Exception Occurred - See Response Body
[2024-12-10T04:46:44.394Z] Error reading register 6507 for IP 10.30.4.128: A Modbus Exception Occurred - See Response Body
[2024-12-10T04:46:44.394Z] Error reading actual data: A Modbus Exception Occurred - See Response Body
[2024-12-10T04:46:44.395Z] Error writing to Modbus register: A Modbus Exception Occurred - See Response Body
[2024-12-10T04:46:45.405Z] Error reading or processing Modbus registers: A Modbus Exception Occurred - See Response Body
[2024-12-10T04:46:45.408Z] Error reading register 6507 for IP 10.30.4.128: A Modbus Exception Occurred - See Response Body
[2024-12-10T04:46:45.408Z] Error reading actual data: A Modbus Exception Occurred - See Response Body
[2024-12-10T04:46:45.409Z] Error writing to Modbus register: A Modbus Exception Occurred - See Response Body
[2024-12-10T04:46:46.405Z] Error reading or processing Modbus registers: A Modbus Exception Occurred - See Response Body
[2024-12-10T04:46:46.408Z] Error reading register 6507 for IP 10.30.4.128: A Modbus Exception Occurred - See Response Body
[2024-12-10T04:46:46.409Z] Error reading actual data: A Modbus Exception Occurred - See Response Body
[2024-12-10T04:46:46.409Z] Error writing to Modbus register: A Modbus Exception Occurred - See Response Body
[2024-12-10T04:46:47.418Z] Error reading or processing Modbus registers: A Modbus Exception Occurred - See Response Body
[2024-12-10T04:46:47.420Z] Error reading register 6507 for IP 10.30.4.128: A Modbus Exception Occurred - See Response Body
[2024-12-10T04:46:47.421Z] Error reading actual data: A Modbus Exception Occurred - See Response Body
[2024-12-10T04:46:47.421Z] Error writing to Modbus register: A Modbus Exception Occurred - See Response Body
[2024-12-10T04:46:48.420Z] Error reading or processing Modbus registers: A Modbus Exception Occurred - See Response Body
[2024-12-10T04:46:48.422Z] Error reading register 6507 for IP 10.30.4.128: A Modbus Exception Occurred - See Response Body
[2024-12-10T04:46:48.422Z] Error reading actual data: A Modbus Exception Occurred - See Response Body
[2024-12-10T04:46:48.423Z] Error writing to Modbus register: A Modbus Exception Occurred - See Response Body
[2024-12-10T04:46:49.423Z] Error reading or processing Modbus registers: A Modbus Exception Occurred - See Response Body
[2024-12-10T04:46:49.425Z] Error reading register 6507 for IP 10.30.4.128: A Modbus Exception Occurred - See Response Body
[2024-12-10T04:46:49.426Z] Error reading actual data: A Modbus Exception Occurred - See Response Body
[2024-12-10T04:46:49.426Z] Error writing to Modbus register: A Modbus Exception Occurred - See Response Body
[2024-12-10T04:46:50.438Z] Error reading or processing Modbus registers: A Modbus Exception Occurred - See Response Body
[2024-12-10T04:46:50.440Z] Error reading register 6507 for IP 10.30.4.128: A Modbus Exception Occurred - See Response Body
[2024-12-10T04:46:50.441Z] Error reading actual data: A Modbus Exception Occurred - See Response Body
[2024-12-10T04:46:50.441Z] Error writing to Modbus register: A Modbus Exception Occurred - See Response Body
[2024-12-10T04:46:51.440Z] Error reading or processing Modbus registers: A Modbus Exception Occurred - See Response Body
[2024-12-10T04:46:51.442Z] Error reading register 6507 for IP 10.30.4.128: A Modbus Exception Occurred - See Response Body
[2024-12-10T04:46:51.442Z] Error reading actual data: A Modbus Exception Occurred - See Response Body
[2024-12-10T04:46:51.443Z] Error writing to Modbus register: A Modbus Exception Occurred - See Response Body
[2024-12-10T04:46:52.453Z] Error reading or processing Modbus registers: A Modbus Exception Occurred - See Response Body
[2024-12-10T04:46:52.455Z] Error reading register 6507 for IP 10.30.4.128: A Modbus Exception Occurred - See Response Body
[2024-12-10T04:46:52.456Z] Error reading actual data: A Modbus Exception Occurred - See Response Body
[2024-12-10T04:46:52.456Z] Error writing to Modbus register: A Modbus Exception Occurred - See Response Body
[2024-12-10T04:46:53.455Z] Error reading or processing Modbus registers: A Modbus Exception Occurred - See Response Body
[2024-12-10T04:46:53.457Z] Error reading register 6507 for IP 10.30.4.128: A Modbus Exception Occurred - See Response Body
[2024-12-10T04:46:53.458Z] Error reading actual data: A Modbus Exception Occurred - See Response Body
[2024-12-10T04:46:53.458Z] Error writing to Modbus register: A Modbus Exception Occurred - See Response Body
[2024-12-10T04:46:54.456Z] Error reading or processing Modbus registers: A Modbus Exception Occurred - See Response Body
[2024-12-10T04:46:54.458Z] Error reading register 6507 for IP 10.30.4.128: A Modbus Exception Occurred - See Response Body
[2024-12-10T04:46:54.459Z] Error reading actual data: A Modbus Exception Occurred - See Response Body
[2024-12-10T04:46:54.460Z] Error writing to Modbus register: A Modbus Exception Occurred - See Response Body
[2024-12-10T04:46:55.467Z] Error reading or processing Modbus registers: A Modbus Exception Occurred - See Response Body
[2024-12-10T04:46:55.469Z] Error reading register 6507 for IP 10.30.4.128: A Modbus Exception Occurred - See Response Body
[2024-12-10T04:46:55.469Z] Error reading actual data: A Modbus Exception Occurred - See Response Body
[2024-12-10T04:46:55.470Z] Error writing to Modbus register: A Modbus Exception Occurred - See Response Body
[2024-12-10T04:46:56.478Z] Error reading or processing Modbus registers: A Modbus Exception Occurred - See Response Body
[2024-12-10T04:46:56.482Z] Error reading register 6507 for IP 10.30.4.128: A Modbus Exception Occurred - See Response Body
[2024-12-10T04:46:56.482Z] Error reading actual data: A Modbus Exception Occurred - See Response Body
[2024-12-10T04:46:56.483Z] Error writing to Modbus register: A Modbus Exception Occurred - See Response Body
[2024-12-10T04:46:57.492Z] Error reading or processing Modbus registers: A Modbus Exception Occurred - See Response Body
[2024-12-10T04:46:57.494Z] Error reading register 6507 for IP 10.30.4.128: A Modbus Exception Occurred - See Response Body
[2024-12-10T04:46:57.495Z] Error reading actual data: A Modbus Exception Occurred - See Response Body
[2024-12-10T04:46:57.495Z] Error writing to Modbus register: A Modbus Exception Occurred - See Response Body
[2024-12-10T04:46:58.507Z] Error reading or processing Modbus registers: A Modbus Exception Occurred - See Response Body
[2024-12-10T04:46:58.508Z] Error reading register 6507 for IP 10.30.4.128: A Modbus Exception Occurred - See Response Body
[2024-12-10T04:46:58.509Z] Error reading actual data: A Modbus Exception Occurred - See Response Body
[2024-12-10T04:46:58.509Z] Error writing to Modbus register: A Modbus Exception Occurred - See Response Body
[2024-12-10T04:46:59.510Z] Error reading or processing Modbus registers: A Modbus Exception Occurred - See Response Body
[2024-12-10T04:46:59.512Z] Error reading register 6507 for IP 10.30.4.128: A Modbus Exception Occurred - See Response Body
[2024-12-10T04:46:59.513Z] Error reading actual data: A Modbus Exception Occurred - See Response Body
[2024-12-10T04:46:59.514Z] Error writing to Modbus register: A Modbus Exception Occurred - See Response Body
[2024-12-10T04:47:00.524Z] Error reading or processing Modbus registers: A Modbus Exception Occurred - See Response Body
[2024-12-10T04:47:00.526Z] Error reading register 6507 for IP 10.30.4.128: A Modbus Exception Occurred - See Response Body
[2024-12-10T04:47:00.527Z] Error reading actual data: A Modbus Exception Occurred - See Response Body
[2024-12-10T04:47:00.528Z] Error writing to Modbus register: A Modbus Exception Occurred - See Response Body
[2024-12-10T04:47:01.525Z] Error reading or processing Modbus registers: A Modbus Exception Occurred - See Response Body
[2024-12-10T04:47:01.528Z] Error reading register 6507 for IP 10.30.4.128: A Modbus Exception Occurred - See Response Body
[2024-12-10T04:47:01.528Z] Error reading actual data: A Modbus Exception Occurred - See Response Body
[2024-12-10T04:47:01.529Z] Error writing to Modbus register: A Modbus Exception Occurred - See Response Body
[2024-12-10T04:47:02.529Z] Error reading or processing Modbus registers: A Modbus Exception Occurred - See Response Body
[2024-12-10T04:47:02.531Z] Error reading register 6507 for IP 10.30.4.128: A Modbus Exception Occurred - See Response Body
[2024-12-10T04:47:02.532Z] Error reading actual data: A Modbus Exception Occurred - See Response Body
[2024-12-10T04:47:02.532Z] Error writing to Modbus register: A Modbus Exception Occurred - See Response Body
[2024-12-10T04:47:03.531Z] Error reading or processing Modbus registers: A Modbus Exception Occurred - See Response Body
[2024-12-10T04:47:03.533Z] Error reading register 6507 for IP 10.30.4.128: A Modbus Exception Occurred - See Response Body
[2024-12-10T04:47:03.533Z] Error reading actual data: A Modbus Exception Occurred - See Response Body
[2024-12-10T04:47:03.534Z] Error writing to Modbus register: A Modbus Exception Occurred - See Response Body
[2024-12-10T04:47:04.531Z] Error reading or processing Modbus registers: A Modbus Exception Occurred - See Response Body
[2024-12-10T04:47:04.533Z] Error reading register 6507 for IP 10.30.4.128: A Modbus Exception Occurred - See Response Body
[2024-12-10T04:47:04.534Z] Error reading actual data: A Modbus Exception Occurred - See Response Body
[2024-12-10T04:47:04.534Z] Error writing to Modbus register: A Modbus Exception Occurred - See Response Body
[2024-12-10T04:47:05.535Z] Error reading or processing Modbus registers: A Modbus Exception Occurred - See Response Body
[2024-12-10T04:47:05.537Z] Error reading register 6507 for IP 10.30.4.128: A Modbus Exception Occurred - See Response Body
[2024-12-10T04:47:05.538Z] Error reading actual data: A Modbus Exception Occurred - See Response Body
[2024-12-10T04:47:05.538Z] Error writing to Modbus register: A Modbus Exception Occurred - See Response Body
[2024-12-10T04:47:06.536Z] Error reading or processing Modbus registers: A Modbus Exception Occurred - See Response Body
[2024-12-10T04:47:06.539Z] Error reading register 6507 for IP 10.30.4.128: A Modbus Exception Occurred - See Response Body
[2024-12-10T04:47:06.540Z] Error reading actual data: A Modbus Exception Occurred - See Response Body
[2024-12-10T04:47:06.540Z] Error writing to Modbus register: A Modbus Exception Occurred - See Response Body
[2024-12-10T04:47:07.548Z] Error reading or processing Modbus registers: A Modbus Exception Occurred - See Response Body
[2024-12-10T04:47:07.551Z] Error reading register 6507 for IP 10.30.4.128: A Modbus Exception Occurred - See Response Body
[2024-12-10T04:47:07.552Z] Error reading actual data: A Modbus Exception Occurred - See Response Body
[2024-12-10T04:47:07.553Z] Error writing to Modbus register: A Modbus Exception Occurred - See Response Body
[2024-12-10T04:47:08.548Z] Error reading or processing Modbus registers: A Modbus Exception Occurred - See Response Body
[2024-12-10T04:47:08.550Z] Error reading register 6507 for IP 10.30.4.128: A Modbus Exception Occurred - See Response Body
[2024-12-10T04:47:08.551Z] Error reading actual data: A Modbus Exception Occurred - See Response Body
[2024-12-10T04:47:08.552Z] Error writing to Modbus register: A Modbus Exception Occurred - See Response Body
[2024-12-10T04:47:09.549Z] Error reading or processing Modbus registers: A Modbus Exception Occurred - See Response Body
[2024-12-10T04:47:09.551Z] Error reading register 6507 for IP 10.30.4.128: A Modbus Exception Occurred - See Response Body
[2024-12-10T04:47:09.552Z] Error reading actual data: A Modbus Exception Occurred - See Response Body
[2024-12-10T04:47:09.553Z] Error writing to Modbus register: A Modbus Exception Occurred - See Response Body
[2024-12-10T04:47:10.563Z] Error reading or processing Modbus registers: A Modbus Exception Occurred - See Response Body
[2024-12-10T04:47:10.565Z] Error reading register 6507 for IP 10.30.4.128: A Modbus Exception Occurred - See Response Body
[2024-12-10T04:47:10.566Z] Error reading actual data: A Modbus Exception Occurred - See Response Body
[2024-12-10T04:47:10.567Z] Error writing to Modbus register: A Modbus Exception Occurred - See Response Body
[2024-12-10T04:47:11.562Z] Error reading or processing Modbus registers: A Modbus Exception Occurred - See Response Body
[2024-12-10T04:47:11.564Z] Error reading register 6507 for IP 10.30.4.128: A Modbus Exception Occurred - See Response Body
[2024-12-10T04:47:11.565Z] Error reading actual data: A Modbus Exception Occurred - See Response Body
[2024-12-10T04:47:11.566Z] Error writing to Modbus register: A Modbus Exception Occurred - See Response Body
[2024-12-10T04:47:12.573Z] Error reading or processing Modbus registers: A Modbus Exception Occurred - See Response Body
[2024-12-10T04:47:12.575Z] Error reading register 6507 for IP 10.30.4.128: A Modbus Exception Occurred - See Response Body
[2024-12-10T04:47:12.576Z] Error reading actual data: A Modbus Exception Occurred - See Response Body
[2024-12-10T04:47:12.577Z] Error writing to Modbus register: A Modbus Exception Occurred - See Response Body
[2024-12-10T04:47:13.586Z] Error reading or processing Modbus registers: A Modbus Exception Occurred - See Response Body
[2024-12-10T04:47:13.589Z] Error reading register 6507 for IP 10.30.4.128: A Modbus Exception Occurred - See Response Body
[2024-12-10T04:47:13.590Z] Error reading actual data: A Modbus Exception Occurred - See Response Body
[2024-12-10T04:47:13.591Z] Error writing to Modbus register: A Modbus Exception Occurred - See Response Body
[2024-12-10T04:47:14.589Z] Error reading or processing Modbus registers: A Modbus Exception Occurred - See Response Body
[2024-12-10T04:47:14.591Z] Error reading register 6507 for IP 10.30.4.128: A Modbus Exception Occurred - See Response Body
[2024-12-10T04:47:14.592Z] Error reading actual data: A Modbus Exception Occurred - See Response Body
[2024-12-10T04:47:14.592Z] Error writing to Modbus register: A Modbus Exception Occurred - See Response Body
[2024-12-10T04:47:15.591Z] Error reading or processing Modbus registers: A Modbus Exception Occurred - See Response Body
[2024-12-10T04:47:15.593Z] Error reading register 6507 for IP 10.30.4.128: A Modbus Exception Occurred - See Response Body
[2024-12-10T04:47:15.594Z] Error reading actual data: A Modbus Exception Occurred - See Response Body
[2024-12-10T04:47:15.594Z] Error writing to Modbus register: A Modbus Exception Occurred - See Response Body
[2024-12-10T04:47:16.604Z] Error reading or processing Modbus registers: A Modbus Exception Occurred - See Response Body
[2024-12-10T04:47:16.607Z] Error reading register 6507 for IP 10.30.4.128: A Modbus Exception Occurred - See Response Body
[2024-12-10T04:47:16.610Z] Error reading actual data: A Modbus Exception Occurred - See Response Body
[2024-12-10T04:47:16.611Z] Error writing to Modbus register: A Modbus Exception Occurred - See Response Body
[2024-12-10T04:47:17.608Z] Error reading or processing Modbus registers: A Modbus Exception Occurred - See Response Body
[2024-12-10T04:47:17.610Z] Error reading register 6507 for IP 10.30.4.128: A Modbus Exception Occurred - See Response Body
[2024-12-10T04:47:17.610Z] Error reading actual data: A Modbus Exception Occurred - See Response Body
[2024-12-10T04:47:17.611Z] Error writing to Modbus register: A Modbus Exception Occurred - See Response Body
[2024-12-10T04:47:18.621Z] Error reading or processing Modbus registers: A Modbus Exception Occurred - See Response Body
[2024-12-10T04:47:18.623Z] Error reading register 6507 for IP 10.30.4.128: A Modbus Exception Occurred - See Response Body
[2024-12-10T04:47:18.624Z] Error reading actual data: A Modbus Exception Occurred - See Response Body
[2024-12-10T04:47:18.624Z] Error writing to Modbus register: A Modbus Exception Occurred - See Response Body
[2024-12-10T04:47:19.625Z] Error reading or processing Modbus registers: A Modbus Exception Occurred - See Response Body
[2024-12-10T04:47:19.627Z] Error reading register 6507 for IP 10.30.4.128: A Modbus Exception Occurred - See Response Body
[2024-12-10T04:47:19.627Z] Error reading actual data: A Modbus Exception Occurred - See Response Body
[2024-12-10T04:47:19.628Z] Error writing to Modbus register: A Modbus Exception Occurred - See Response Body
[2024-12-10T04:47:20.625Z] Error reading or processing Modbus registers: A Modbus Exception Occurred - See Response Body
[2024-12-10T04:47:20.627Z] Error reading register 6507 for IP 10.30.4.128: A Modbus Exception Occurred - See Response Body
[2024-12-10T04:47:20.628Z] Error reading actual data: A Modbus Exception Occurred - See Response Body
[2024-12-10T04:47:20.628Z] Error writing to Modbus register: A Modbus Exception Occurred - See Response Body
[2024-12-10T04:47:21.639Z] Error reading or processing Modbus registers: A Modbus Exception Occurred - See Response Body
[2024-12-10T04:47:21.641Z] Error reading register 6507 for IP 10.30.4.128: A Modbus Exception Occurred - See Response Body
[2024-12-10T04:47:21.642Z] Error reading actual data: A Modbus Exception Occurred - See Response Body
[2024-12-10T04:47:21.643Z] Error writing to Modbus register: A Modbus Exception Occurred - See Response Body
[2024-12-10T04:47:22.642Z] Error reading or processing Modbus registers: A Modbus Exception Occurred - See Response Body
[2024-12-10T04:47:22.643Z] Error reading register 6507 for IP 10.30.4.128: A Modbus Exception Occurred - See Response Body
[2024-12-10T04:47:22.644Z] Error reading actual data: A Modbus Exception Occurred - See Response Body
[2024-12-10T04:47:22.645Z] Error writing to Modbus register: A Modbus Exception Occurred - See Response Body
[2024-12-10T04:47:23.655Z] Error reading or processing Modbus registers: A Modbus Exception Occurred - See Response Body
[2024-12-10T04:47:23.657Z] Error reading register 6507 for IP 10.30.4.128: A Modbus Exception Occurred - See Response Body
[2024-12-10T04:47:23.658Z] Error reading actual data: A Modbus Exception Occurred - See Response Body
[2024-12-10T04:47:23.658Z] Error writing to Modbus register: A Modbus Exception Occurred - See Response Body
[2024-12-10T04:47:24.667Z] Error reading or processing Modbus registers: A Modbus Exception Occurred - See Response Body
[2024-12-10T04:47:24.669Z] Error reading register 6507 for IP 10.30.4.128: A Modbus Exception Occurred - See Response Body
[2024-12-10T04:47:24.670Z] Error reading actual data: A Modbus Exception Occurred - See Response Body
[2024-12-10T04:47:24.670Z] Error writing to Modbus register: A Modbus Exception Occurred - See Response Body
[2024-12-10T04:47:25.669Z] Error reading or processing Modbus registers: A Modbus Exception Occurred - See Response Body
[2024-12-10T04:47:25.671Z] Error reading register 6507 for IP 10.30.4.128: A Modbus Exception Occurred - See Response Body
[2024-12-10T04:47:25.672Z] Error reading actual data: A Modbus Exception Occurred - See Response Body
[2024-12-10T04:47:25.672Z] Error writing to Modbus register: A Modbus Exception Occurred - See Response Body
[2024-12-10T04:47:26.684Z] Error reading or processing Modbus registers: A Modbus Exception Occurred - See Response Body
[2024-12-10T04:47:26.686Z] Error reading register 6507 for IP 10.30.4.128: A Modbus Exception Occurred - See Response Body
[2024-12-10T04:47:26.687Z] Error reading actual data: A Modbus Exception Occurred - See Response Body
[2024-12-10T04:47:26.687Z] Error writing to Modbus register: A Modbus Exception Occurred - See Response Body
[2024-12-10T04:47:27.687Z] Error reading or processing Modbus registers: A Modbus Exception Occurred - See Response Body
[2024-12-10T04:47:27.688Z] Error reading register 6507 for IP 10.30.4.128: A Modbus Exception Occurred - See Response Body
[2024-12-10T04:47:27.689Z] Error reading actual data: A Modbus Exception Occurred - See Response Body
[2024-12-10T04:47:27.689Z] Error writing to Modbus register: A Modbus Exception Occurred - See Response Body
[2024-12-10T04:47:28.702Z] Error reading or processing Modbus registers: A Modbus Exception Occurred - See Response Body
[2024-12-10T04:47:28.704Z] Error reading register 6507 for IP 10.30.4.128: A Modbus Exception Occurred - See Response Body
[2024-12-10T04:47:28.705Z] Error reading actual data: A Modbus Exception Occurred - See Response Body
[2024-12-10T04:47:28.705Z] Error writing to Modbus register: A Modbus Exception Occurred - See Response Body
[2024-12-10T04:47:29.702Z] Error reading or processing Modbus registers: A Modbus Exception Occurred - See Response Body
[2024-12-10T04:47:29.704Z] Error reading register 6507 for IP 10.30.4.128: A Modbus Exception Occurred - See Response Body
[2024-12-10T04:47:29.705Z] Error reading actual data: A Modbus Exception Occurred - See Response Body
[2024-12-10T04:47:29.705Z] Error writing to Modbus register: A Modbus Exception Occurred - See Response Body
[2024-12-10T04:47:30.702Z] Error reading or processing Modbus registers: A Modbus Exception Occurred - See Response Body
[2024-12-10T04:47:30.705Z] Error reading register 6507 for IP 10.30.4.128: A Modbus Exception Occurred - See Response Body
[2024-12-10T04:47:30.705Z] Error reading actual data: A Modbus Exception Occurred - See Response Body
[2024-12-10T04:47:30.706Z] Error writing to Modbus register: A Modbus Exception Occurred - See Response Body
[2024-12-10T04:47:31.715Z] Error reading or processing Modbus registers: A Modbus Exception Occurred - See Response Body
[2024-12-10T04:47:31.717Z] Error reading register 6507 for IP 10.30.4.128: A Modbus Exception Occurred - See Response Body
[2024-12-10T04:47:31.718Z] Error reading actual data: A Modbus Exception Occurred - See Response Body
[2024-12-10T04:47:31.718Z] Error writing to Modbus register: A Modbus Exception Occurred - See Response Body
[2024-12-10T04:47:32.716Z] Error reading or processing Modbus registers: A Modbus Exception Occurred - See Response Body
[2024-12-10T04:47:32.717Z] Error reading register 6507 for IP 10.30.4.128: A Modbus Exception Occurred - See Response Body
[2024-12-10T04:47:32.718Z] Error reading actual data: A Modbus Exception Occurred - See Response Body
[2024-12-10T04:47:32.719Z] Error writing to Modbus register: A Modbus Exception Occurred - See Response Body
[2024-12-10T04:47:33.729Z] Error reading or processing Modbus registers: A Modbus Exception Occurred - See Response Body
[2024-12-10T04:47:33.731Z] Error reading register 6507 for IP 10.30.4.128: A Modbus Exception Occurred - See Response Body
[2024-12-10T04:47:33.732Z] Error reading actual data: A Modbus Exception Occurred - See Response Body
[2024-12-10T04:47:33.733Z] Error writing to Modbus register: A Modbus Exception Occurred - See Response Body
[2024-12-10T04:47:34.743Z] Error reading or processing Modbus registers: A Modbus Exception Occurred - See Response Body
[2024-12-10T04:47:34.745Z] Error reading register 6507 for IP 10.30.4.128: A Modbus Exception Occurred - See Response Body
[2024-12-10T04:47:34.746Z] Error reading actual data: A Modbus Exception Occurred - See Response Body
[2024-12-10T04:47:34.746Z] Error writing to Modbus register: A Modbus Exception Occurred - See Response Body
[2024-12-10T04:47:35.754Z] Error reading or processing Modbus registers: A Modbus Exception Occurred - See Response Body
[2024-12-10T04:47:35.756Z] Error reading register 6507 for IP 10.30.4.128: A Modbus Exception Occurred - See Response Body
[2024-12-10T04:47:35.757Z] Error reading actual data: A Modbus Exception Occurred - See Response Body
[2024-12-10T04:47:35.758Z] Error writing to Modbus register: A Modbus Exception Occurred - See Response Body
[2024-12-10T04:47:36.758Z] Error reading or processing Modbus registers: A Modbus Exception Occurred - See Response Body
[2024-12-10T04:47:36.760Z] Error reading register 6507 for IP 10.30.4.128: A Modbus Exception Occurred - See Response Body
[2024-12-10T04:47:36.761Z] Error reading actual data: A Modbus Exception Occurred - See Response Body
[2024-12-10T04:47:36.762Z] Error writing to Modbus register: A Modbus Exception Occurred - See Response Body
[2024-12-10T04:47:37.770Z] Error reading or processing Modbus registers: A Modbus Exception Occurred - See Response Body
[2024-12-10T04:47:37.772Z] Error reading register 6507 for IP 10.30.4.128: A Modbus Exception Occurred - See Response Body
[2024-12-10T04:47:37.773Z] Error reading actual data: A Modbus Exception Occurred - See Response Body
[2024-12-10T04:47:37.774Z] Error writing to Modbus register: A Modbus Exception Occurred - See Response Body
[2024-12-10T04:47:38.783Z] Error reading or processing Modbus registers: A Modbus Exception Occurred - See Response Body
[2024-12-10T04:47:38.785Z] Error reading register 6507 for IP 10.30.4.128: A Modbus Exception Occurred - See Response Body
[2024-12-10T04:47:38.786Z] Error reading actual data: A Modbus Exception Occurred - See Response Body
[2024-12-10T04:47:38.786Z] Error writing to Modbus register: A Modbus Exception Occurred - See Response Body
[2024-12-10T04:47:39.785Z] Error reading or processing Modbus registers: A Modbus Exception Occurred - See Response Body
[2024-12-10T04:47:39.787Z] Error reading register 6507 for IP 10.30.4.128: A Modbus Exception Occurred - See Response Body
[2024-12-10T04:47:39.787Z] Error reading actual data: A Modbus Exception Occurred - See Response Body
[2024-12-10T04:47:39.788Z] Error writing to Modbus register: A Modbus Exception Occurred - See Response Body
[2024-12-10T04:47:40.785Z] Error reading or processing Modbus registers: A Modbus Exception Occurred - See Response Body
[2024-12-10T04:47:40.787Z] Error reading register 6507 for IP 10.30.4.128: A Modbus Exception Occurred - See Response Body
[2024-12-10T04:47:40.788Z] Error reading actual data: A Modbus Exception Occurred - See Response Body
[2024-12-10T04:47:40.789Z] Error writing to Modbus register: A Modbus Exception Occurred - See Response Body
[2024-12-10T04:47:41.786Z] Error reading or processing Modbus registers: A Modbus Exception Occurred - See Response Body
[2024-12-10T04:47:41.789Z] Error reading register 6507 for IP 10.30.4.128: A Modbus Exception Occurred - See Response Body
[2024-12-10T04:47:41.789Z] Error reading actual data: A Modbus Exception Occurred - See Response Body
[2024-12-10T04:47:41.790Z] Error writing to Modbus register: A Modbus Exception Occurred - See Response Body
[2024-12-10T04:47:42.800Z] Error reading or processing Modbus registers: A Modbus Exception Occurred - See Response Body
[2024-12-10T04:47:42.802Z] Error reading register 6507 for IP 10.30.4.128: A Modbus Exception Occurred - See Response Body
[2024-12-10T04:47:42.803Z] Error reading actual data: A Modbus Exception Occurred - See Response Body
[2024-12-10T04:47:42.804Z] Error writing to Modbus register: A Modbus Exception Occurred - See Response Body
[2024-12-10T04:47:43.801Z] Error reading or processing Modbus registers: A Modbus Exception Occurred - See Response Body
[2024-12-10T04:47:43.804Z] Error reading register 6507 for IP 10.30.4.128: A Modbus Exception Occurred - See Response Body
[2024-12-10T04:47:43.805Z] Error reading actual data: A Modbus Exception Occurred - See Response Body
[2024-12-10T04:47:43.805Z] Error writing to Modbus register: A Modbus Exception Occurred - See Response Body
[2024-12-10T04:47:44.806Z] Error reading or processing Modbus registers: A Modbus Exception Occurred - See Response Body
[2024-12-10T04:47:44.811Z] Error reading register 6507 for IP 10.30.4.128: A Modbus Exception Occurred - See Response Body
[2024-12-10T04:47:44.812Z] Error reading actual data: A Modbus Exception Occurred - See Response Body
[2024-12-10T04:47:44.813Z] Error writing to Modbus register: A Modbus Exception Occurred - See Response Body
[2024-12-10T04:47:45.808Z] Error reading or processing Modbus registers: A Modbus Exception Occurred - See Response Body
[2024-12-10T04:47:45.810Z] Error reading register 6507 for IP 10.30.4.128: A Modbus Exception Occurred - See Response Body
[2024-12-10T04:47:45.811Z] Error reading actual data: A Modbus Exception Occurred - See Response Body
[2024-12-10T04:47:45.811Z] Error writing to Modbus register: A Modbus Exception Occurred - See Response Body
[2024-12-10T04:47:46.810Z] Error reading or processing Modbus registers: A Modbus Exception Occurred - See Response Body
[2024-12-10T04:47:46.813Z] Error reading register 6507 for IP 10.30.4.128: A Modbus Exception Occurred - See Response Body
[2024-12-10T04:47:46.814Z] Error reading actual data: A Modbus Exception Occurred - See Response Body
[2024-12-10T04:47:46.814Z] Error writing to Modbus register: A Modbus Exception Occurred - See Response Body
[2024-12-10T04:47:47.811Z] Error reading or processing Modbus registers: A Modbus Exception Occurred - See Response Body
[2024-12-10T04:47:47.814Z] Error reading register 6507 for IP 10.30.4.128: A Modbus Exception Occurred - See Response Body
[2024-12-10T04:47:47.815Z] Error reading actual data: A Modbus Exception Occurred - See Response Body
[2024-12-10T04:47:47.815Z] Error writing to Modbus register: A Modbus Exception Occurred - See Response Body
[2024-12-10T04:47:48.812Z] Error reading or processing Modbus registers: A Modbus Exception Occurred - See Response Body
[2024-12-10T04:47:48.814Z] Error reading register 6507 for IP 10.30.4.128: A Modbus Exception Occurred - See Response Body
[2024-12-10T04:47:48.814Z] Error reading actual data: A Modbus Exception Occurred - See Response Body
[2024-12-10T04:47:48.815Z] Error writing to Modbus register: A Modbus Exception Occurred - See Response Body
[2024-12-10T04:47:49.814Z] Error reading or processing Modbus registers: A Modbus Exception Occurred - See Response Body
[2024-12-10T04:47:49.816Z] Error reading register 6507 for IP 10.30.4.128: A Modbus Exception Occurred - See Response Body
[2024-12-10T04:47:49.817Z] Error reading actual data: A Modbus Exception Occurred - See Response Body
[2024-12-10T04:47:49.817Z] Error writing to Modbus register: A Modbus Exception Occurred - See Response Body
[2024-12-10T04:47:50.827Z] Error reading or processing Modbus registers: A Modbus Exception Occurred - See Response Body
[2024-12-10T04:47:50.829Z] Error reading register 6507 for IP 10.30.4.128: A Modbus Exception Occurred - See Response Body
[2024-12-10T04:47:50.830Z] Error reading actual data: A Modbus Exception Occurred - See Response Body
[2024-12-10T04:47:50.830Z] Error writing to Modbus register: A Modbus Exception Occurred - See Response Body
[2024-12-10T04:47:51.828Z] Error reading or processing Modbus registers: A Modbus Exception Occurred - See Response Body
[2024-12-10T04:47:51.831Z] Error reading register 6507 for IP 10.30.4.128: A Modbus Exception Occurred - See Response Body
[2024-12-10T04:47:51.831Z] Error reading actual data: A Modbus Exception Occurred - See Response Body
[2024-12-10T04:47:51.832Z] Error writing to Modbus register: A Modbus Exception Occurred - See Response Body
[2024-12-10T04:47:52.842Z] Error reading or processing Modbus registers: A Modbus Exception Occurred - See Response Body
[2024-12-10T04:47:52.844Z] Error reading register 6507 for IP 10.30.4.128: A Modbus Exception Occurred - See Response Body
[2024-12-10T04:47:52.845Z] Error reading actual data: A Modbus Exception Occurred - See Response Body
[2024-12-10T04:47:52.845Z] Error writing to Modbus register: A Modbus Exception Occurred - See Response Body
[2024-12-10T04:47:53.856Z] Error reading or processing Modbus registers: A Modbus Exception Occurred - See Response Body
[2024-12-10T04:47:53.858Z] Error reading register 6507 for IP 10.30.4.128: A Modbus Exception Occurred - See Response Body
[2024-12-10T04:47:53.858Z] Error reading actual data: A Modbus Exception Occurred - See Response Body
[2024-12-10T04:47:53.859Z] Error writing to Modbus register: A Modbus Exception Occurred - See Response Body
[2024-12-10T04:47:54.857Z] Error reading or processing Modbus registers: A Modbus Exception Occurred - See Response Body
[2024-12-10T04:47:54.859Z] Error reading register 6507 for IP 10.30.4.128: A Modbus Exception Occurred - See Response Body
[2024-12-10T04:47:54.860Z] Error reading actual data: A Modbus Exception Occurred - See Response Body
[2024-12-10T04:47:54.860Z] Error writing to Modbus register: A Modbus Exception Occurred - See Response Body
[2024-12-10T04:47:55.857Z] Error reading or processing Modbus registers: A Modbus Exception Occurred - See Response Body
[2024-12-10T04:47:55.859Z] Error reading register 6507 for IP 10.30.4.128: A Modbus Exception Occurred - See Response Body
[2024-12-10T04:47:55.860Z] Error reading actual data: A Modbus Exception Occurred - See Response Body
[2024-12-10T04:47:55.860Z] Error writing to Modbus register: A Modbus Exception Occurred - See Response Body
[2024-12-10T04:47:56.857Z] Error reading or processing Modbus registers: A Modbus Exception Occurred - See Response Body
[2024-12-10T04:47:56.859Z] Error reading register 6507 for IP 10.30.4.128: A Modbus Exception Occurred - See Response Body
[2024-12-10T04:47:56.860Z] Error reading actual data: A Modbus Exception Occurred - See Response Body
[2024-12-10T04:47:56.860Z] Error writing to Modbus register: A Modbus Exception Occurred - See Response Body
[2024-12-10T04:47:57.861Z] Error reading or processing Modbus registers: A Modbus Exception Occurred - See Response Body
[2024-12-10T04:47:57.864Z] Error reading register 6507 for IP 10.30.4.128: A Modbus Exception Occurred - See Response Body
[2024-12-10T04:47:57.865Z] Error reading actual data: A Modbus Exception Occurred - See Response Body
[2024-12-10T04:47:57.865Z] Error writing to Modbus register: A Modbus Exception Occurred - See Response Body
[2024-12-10T04:47:58.863Z] Error reading or processing Modbus registers: A Modbus Exception Occurred - See Response Body
[2024-12-10T04:47:58.865Z] Error reading register 6507 for IP 10.30.4.128: A Modbus Exception Occurred - See Response Body
[2024-12-10T04:47:58.866Z] Error reading actual data: A Modbus Exception Occurred - See Response Body
[2024-12-10T04:47:58.866Z] Error writing to Modbus register: A Modbus Exception Occurred - See Response Body
[2024-12-10T04:47:59.867Z] Error reading or processing Modbus registers: A Modbus Exception Occurred - See Response Body
[2024-12-10T04:47:59.870Z] Error reading register 6507 for IP 10.30.4.128: A Modbus Exception Occurred - See Response Body
[2024-12-10T04:47:59.870Z] Error reading actual data: A Modbus Exception Occurred - See Response Body
[2024-12-10T04:47:59.871Z] Error writing to Modbus register: A Modbus Exception Occurred - See Response Body
[2024-12-10T04:48:00.882Z] Error reading or processing Modbus registers: A Modbus Exception Occurred - See Response Body
[2024-12-10T04:48:00.884Z] Error reading register 6507 for IP 10.30.4.128: A Modbus Exception Occurred - See Response Body
[2024-12-10T04:48:00.885Z] Error reading actual data: A Modbus Exception Occurred - See Response Body
[2024-12-10T04:48:00.885Z] Error writing to Modbus register: A Modbus Exception Occurred - See Response Body
[2024-12-10T04:48:01.893Z] Error reading or processing Modbus registers: A Modbus Exception Occurred - See Response Body
[2024-12-10T04:48:01.895Z] Error reading register 6507 for IP 10.30.4.128: A Modbus Exception Occurred - See Response Body
[2024-12-10T04:48:01.896Z] Error reading actual data: A Modbus Exception Occurred - See Response Body
[2024-12-10T04:48:01.896Z] Error writing to Modbus register: A Modbus Exception Occurred - See Response Body
[2024-12-10T04:48:02.907Z] Error reading or processing Modbus registers: A Modbus Exception Occurred - See Response Body
[2024-12-10T04:48:02.909Z] Error reading register 6507 for IP 10.30.4.128: A Modbus Exception Occurred - See Response Body
[2024-12-10T04:48:02.910Z] Error reading actual data: A Modbus Exception Occurred - See Response Body
[2024-12-10T04:48:02.910Z] Error writing to Modbus register: A Modbus Exception Occurred - See Response Body
[2024-12-10T04:48:03.907Z] Error reading or processing Modbus registers: A Modbus Exception Occurred - See Response Body
[2024-12-10T04:48:03.910Z] Error reading register 6507 for IP 10.30.4.128: A Modbus Exception Occurred - See Response Body
[2024-12-10T04:48:03.910Z] Error reading actual data: A Modbus Exception Occurred - See Response Body
[2024-12-10T04:48:03.911Z] Error writing to Modbus register: A Modbus Exception Occurred - See Response Body
[2024-12-10T04:48:04.921Z] Error reading or processing Modbus registers: A Modbus Exception Occurred - See Response Body
[2024-12-10T04:48:04.924Z] Error reading register 6507 for IP 10.30.4.128: A Modbus Exception Occurred - See Response Body
[2024-12-10T04:48:04.925Z] Error reading actual data: A Modbus Exception Occurred - See Response Body
[2024-12-10T04:48:04.926Z] Error writing to Modbus register: A Modbus Exception Occurred - See Response Body
[2024-12-10T04:48:05.936Z] Error reading or processing Modbus registers: A Modbus Exception Occurred - See Response Body
[2024-12-10T04:48:05.938Z] Error reading register 6507 for IP 10.30.4.128: A Modbus Exception Occurred - See Response Body
[2024-12-10T04:48:05.939Z] Error reading actual data: A Modbus Exception Occurred - See Response Body
[2024-12-10T04:48:05.940Z] Error writing to Modbus register: A Modbus Exception Occurred - See Response Body
[2024-12-10T04:48:06.951Z] Error reading or processing Modbus registers: A Modbus Exception Occurred - See Response Body
[2024-12-10T04:48:06.952Z] Error reading register 6507 for IP 10.30.4.128: A Modbus Exception Occurred - See Response Body
[2024-12-10T04:48:06.953Z] Error reading actual data: A Modbus Exception Occurred - See Response Body
[2024-12-10T04:48:06.954Z] Error writing to Modbus register: A Modbus Exception Occurred - See Response Body
[2024-12-10T04:48:07.952Z] Error reading or processing Modbus registers: A Modbus Exception Occurred - See Response Body
[2024-12-10T04:48:07.954Z] Error reading register 6507 for IP 10.30.4.128: A Modbus Exception Occurred - See Response Body
[2024-12-10T04:48:07.955Z] Error reading actual data: A Modbus Exception Occurred - See Response Body
[2024-12-10T04:48:07.956Z] Error writing to Modbus register: A Modbus Exception Occurred - See Response Body
[2024-12-10T04:48:08.966Z] Error reading or processing Modbus registers: A Modbus Exception Occurred - See Response Body
[2024-12-10T04:48:08.968Z] Error reading register 6507 for IP 10.30.4.128: A Modbus Exception Occurred - See Response Body
[2024-12-10T04:48:08.969Z] Error reading actual data: A Modbus Exception Occurred - See Response Body
[2024-12-10T04:48:08.969Z] Error writing to Modbus register: A Modbus Exception Occurred - See Response Body
[2024-12-10T04:48:09.977Z] Error reading or processing Modbus registers: A Modbus Exception Occurred - See Response Body
[2024-12-10T04:48:09.979Z] Error reading register 6507 for IP 10.30.4.128: A Modbus Exception Occurred - See Response Body
[2024-12-10T04:48:09.980Z] Error reading actual data: A Modbus Exception Occurred - See Response Body
[2024-12-10T04:48:09.980Z] Error writing to Modbus register: A Modbus Exception Occurred - See Response Body
[2024-12-10T04:48:10.979Z] Error reading or processing Modbus registers: A Modbus Exception Occurred - See Response Body
[2024-12-10T04:48:10.982Z] Error reading register 6507 for IP 10.30.4.128: A Modbus Exception Occurred - See Response Body
[2024-12-10T04:48:10.982Z] Error reading actual data: A Modbus Exception Occurred - See Response Body
[2024-12-10T04:48:10.983Z] Error writing to Modbus register: A Modbus Exception Occurred - See Response Body
[2024-12-10T04:48:11.992Z] Error reading or processing Modbus registers: A Modbus Exception Occurred - See Response Body
[2024-12-10T04:48:11.994Z] Error reading register 6507 for IP 10.30.4.128: A Modbus Exception Occurred - See Response Body
[2024-12-10T04:48:11.995Z] Error reading actual data: A Modbus Exception Occurred - See Response Body
[2024-12-10T04:48:11.996Z] Error writing to Modbus register: A Modbus Exception Occurred - See Response Body
[2024-12-10T04:48:13.004Z] Error reading or processing Modbus registers: A Modbus Exception Occurred - See Response Body
[2024-12-10T04:48:13.007Z] Error reading register 6507 for IP 10.30.4.128: A Modbus Exception Occurred - See Response Body
[2024-12-10T04:48:13.007Z] Error reading actual data: A Modbus Exception Occurred - See Response Body
[2024-12-10T04:48:13.008Z] Error writing to Modbus register: A Modbus Exception Occurred - See Response Body
[2024-12-10T04:48:14.010Z] Error reading or processing Modbus registers: A Modbus Exception Occurred - See Response Body
[2024-12-10T04:48:14.012Z] Error reading register 6507 for IP 10.30.4.128: A Modbus Exception Occurred - See Response Body
[2024-12-10T04:48:14.013Z] Error reading actual data: A Modbus Exception Occurred - See Response Body
[2024-12-10T04:48:14.013Z] Error writing to Modbus register: A Modbus Exception Occurred - See Response Body
[2024-12-10T04:48:15.015Z] Error reading or processing Modbus registers: A Modbus Exception Occurred - See Response Body
[2024-12-10T04:48:15.017Z] Error reading register 6507 for IP 10.30.4.128: A Modbus Exception Occurred - See Response Body
[2024-12-10T04:48:15.018Z] Error reading actual data: A Modbus Exception Occurred - See Response Body
[2024-12-10T04:48:15.018Z] Error writing to Modbus register: A Modbus Exception Occurred - See Response Body
[2024-12-10T04:48:16.018Z] Error reading or processing Modbus registers: A Modbus Exception Occurred - See Response Body
[2024-12-10T04:48:16.020Z] Error reading register 6507 for IP 10.30.4.128: A Modbus Exception Occurred - See Response Body
[2024-12-10T04:48:16.021Z] Error reading actual data: A Modbus Exception Occurred - See Response Body
[2024-12-10T04:48:16.022Z] Error writing to Modbus register: A Modbus Exception Occurred - See Response Body
[2024-12-10T04:48:17.034Z] Error reading or processing Modbus registers: A Modbus Exception Occurred - See Response Body
[2024-12-10T04:48:17.036Z] Error reading register 6507 for IP 10.30.4.128: A Modbus Exception Occurred - See Response Body
[2024-12-10T04:48:17.036Z] Error reading actual data: A Modbus Exception Occurred - See Response Body
[2024-12-10T04:48:17.037Z] Error writing to Modbus register: A Modbus Exception Occurred - See Response Body
[2024-12-10T04:48:18.045Z] Error reading or processing Modbus registers: A Modbus Exception Occurred - See Response Body
[2024-12-10T04:48:18.047Z] Error reading register 6507 for IP 10.30.4.128: A Modbus Exception Occurred - See Response Body
[2024-12-10T04:48:18.048Z] Error reading actual data: A Modbus Exception Occurred - See Response Body
[2024-12-10T04:48:18.049Z] Error writing to Modbus register: A Modbus Exception Occurred - See Response Body
[2024-12-10T04:48:19.046Z] Error reading or processing Modbus registers: A Modbus Exception Occurred - See Response Body
[2024-12-10T04:48:19.048Z] Error reading register 6507 for IP 10.30.4.128: A Modbus Exception Occurred - See Response Body
[2024-12-10T04:48:19.049Z] Error reading actual data: A Modbus Exception Occurred - See Response Body
[2024-12-10T04:48:19.049Z] Error writing to Modbus register: A Modbus Exception Occurred - See Response Body
[2024-12-10T04:48:20.058Z] Error reading or processing Modbus registers: A Modbus Exception Occurred - See Response Body
[2024-12-10T04:48:20.060Z] Error reading register 6507 for IP 10.30.4.128: A Modbus Exception Occurred - See Response Body
[2024-12-10T04:48:20.061Z] Error reading actual data: A Modbus Exception Occurred - See Response Body
[2024-12-10T04:48:20.062Z] Error writing to Modbus register: A Modbus Exception Occurred - See Response Body
[2024-12-10T04:48:21.072Z] Error reading or processing Modbus registers: A Modbus Exception Occurred - See Response Body
[2024-12-10T04:48:21.074Z] Error reading register 6507 for IP 10.30.4.128: A Modbus Exception Occurred - See Response Body
[2024-12-10T04:48:21.075Z] Error reading actual data: A Modbus Exception Occurred - See Response Body
[2024-12-10T04:48:21.076Z] Error writing to Modbus register: A Modbus Exception Occurred - See Response Body
[2024-12-10T04:48:22.084Z] Error reading or processing Modbus registers: A Modbus Exception Occurred - See Response Body
[2024-12-10T04:48:22.086Z] Error reading register 6507 for IP 10.30.4.128: A Modbus Exception Occurred - See Response Body
[2024-12-10T04:48:22.087Z] Error reading actual data: A Modbus Exception Occurred - See Response Body
[2024-12-10T04:48:22.088Z] Error writing to Modbus register: A Modbus Exception Occurred - See Response Body
[2024-12-10T04:48:23.099Z] Error reading or processing Modbus registers: A Modbus Exception Occurred - See Response Body
[2024-12-10T04:48:23.102Z] Error reading register 6507 for IP 10.30.4.128: A Modbus Exception Occurred - See Response Body
[2024-12-10T04:48:23.103Z] Error reading actual data: A Modbus Exception Occurred - See Response Body
[2024-12-10T04:48:23.103Z] Error writing to Modbus register: A Modbus Exception Occurred - See Response Body
[2024-12-10T04:48:24.114Z] Error reading or processing Modbus registers: A Modbus Exception Occurred - See Response Body
[2024-12-10T04:48:24.116Z] Error reading register 6507 for IP 10.30.4.128: A Modbus Exception Occurred - See Response Body
[2024-12-10T04:48:24.118Z] Error reading actual data: A Modbus Exception Occurred - See Response Body
[2024-12-10T04:48:24.118Z] Error writing to Modbus register: A Modbus Exception Occurred - See Response Body
[2024-12-10T04:48:25.126Z] Error reading or processing Modbus registers: A Modbus Exception Occurred - See Response Body
[2024-12-10T04:48:25.129Z] Error reading register 6507 for IP 10.30.4.128: A Modbus Exception Occurred - See Response Body
[2024-12-10T04:48:25.129Z] Error reading actual data: A Modbus Exception Occurred - See Response Body
[2024-12-10T04:48:25.130Z] Error writing to Modbus register: A Modbus Exception Occurred - See Response Body
[2024-12-10T04:48:26.126Z] Error reading or processing Modbus registers: A Modbus Exception Occurred - See Response Body
[2024-12-10T04:48:26.128Z] Error reading register 6507 for IP 10.30.4.128: A Modbus Exception Occurred - See Response Body
[2024-12-10T04:48:26.129Z] Error reading actual data: A Modbus Exception Occurred - See Response Body
[2024-12-10T04:48:26.130Z] Error writing to Modbus register: A Modbus Exception Occurred - See Response Body
[2024-12-10T04:48:27.137Z] Error reading or processing Modbus registers: A Modbus Exception Occurred - See Response Body
[2024-12-10T04:48:27.140Z] Error reading register 6507 for IP 10.30.4.128: A Modbus Exception Occurred - See Response Body
[2024-12-10T04:48:27.141Z] Error reading actual data: A Modbus Exception Occurred - See Response Body
[2024-12-10T04:48:27.141Z] Error writing to Modbus register: A Modbus Exception Occurred - See Response Body
[2024-12-10T04:48:28.152Z] Error reading or processing Modbus registers: A Modbus Exception Occurred - See Response Body
[2024-12-10T04:48:28.154Z] Error reading register 6507 for IP 10.30.4.128: A Modbus Exception Occurred - See Response Body
[2024-12-10T04:48:28.155Z] Error reading actual data: A Modbus Exception Occurred - See Response Body
[2024-12-10T04:48:28.155Z] Error writing to Modbus register: A Modbus Exception Occurred - See Response Body
[2024-12-10T04:48:29.153Z] Error reading or processing Modbus registers: A Modbus Exception Occurred - See Response Body
[2024-12-10T04:48:29.155Z] Error reading register 6507 for IP 10.30.4.128: A Modbus Exception Occurred - See Response Body
[2024-12-10T04:48:29.156Z] Error reading actual data: A Modbus Exception Occurred - See Response Body
[2024-12-10T04:48:29.157Z] Error writing to Modbus register: A Modbus Exception Occurred - See Response Body
[2024-12-10T04:48:30.166Z] Error reading or processing Modbus registers: A Modbus Exception Occurred - See Response Body
[2024-12-10T04:48:30.168Z] Error reading register 6507 for IP 10.30.4.128: A Modbus Exception Occurred - See Response Body
[2024-12-10T04:48:30.169Z] Error reading actual data: A Modbus Exception Occurred - See Response Body
[2024-12-10T04:48:30.169Z] Error writing to Modbus register: A Modbus Exception Occurred - See Response Body
[2024-12-10T04:48:31.179Z] Error reading or processing Modbus registers: A Modbus Exception Occurred - See Response Body
[2024-12-10T04:48:31.181Z] Error reading register 6507 for IP 10.30.4.128: A Modbus Exception Occurred - See Response Body
[2024-12-10T04:48:31.182Z] Error reading actual data: A Modbus Exception Occurred - See Response Body
[2024-12-10T04:48:31.183Z] Error writing to Modbus register: A Modbus Exception Occurred - See Response Body
[2024-12-10T04:48:32.180Z] Error reading or processing Modbus registers: A Modbus Exception Occurred - See Response Body
[2024-12-10T04:48:32.182Z] Error reading register 6507 for IP 10.30.4.128: A Modbus Exception Occurred - See Response Body
[2024-12-10T04:48:32.183Z] Error reading actual data: A Modbus Exception Occurred - See Response Body
[2024-12-10T04:48:32.183Z] Error writing to Modbus register: A Modbus Exception Occurred - See Response Body
[2024-12-10T04:48:33.192Z] Error reading or processing Modbus registers: A Modbus Exception Occurred - See Response Body
[2024-12-10T04:48:33.194Z] Error reading register 6507 for IP 10.30.4.128: A Modbus Exception Occurred - See Response Body
[2024-12-10T04:48:33.195Z] Error reading actual data: A Modbus Exception Occurred - See Response Body
[2024-12-10T04:48:33.196Z] Error writing to Modbus register: A Modbus Exception Occurred - See Response Body
[2024-12-10T04:48:34.194Z] Error reading or processing Modbus registers: A Modbus Exception Occurred - See Response Body
[2024-12-10T04:48:34.196Z] Error reading register 6507 for IP 10.30.4.128: A Modbus Exception Occurred - See Response Body
[2024-12-10T04:48:34.196Z] Error reading actual data: A Modbus Exception Occurred - See Response Body
[2024-12-10T04:48:34.197Z] Error writing to Modbus register: A Modbus Exception Occurred - See Response Body
[2024-12-10T04:48:35.199Z] Error reading or processing Modbus registers: A Modbus Exception Occurred - See Response Body
[2024-12-10T04:48:35.202Z] Error reading register 6507 for IP 10.30.4.128: A Modbus Exception Occurred - See Response Body
[2024-12-10T04:48:35.203Z] Error reading actual data: A Modbus Exception Occurred - See Response Body
[2024-12-10T04:48:35.203Z] Error writing to Modbus register: A Modbus Exception Occurred - See Response Body
[2024-12-10T04:48:36.205Z] Error reading or processing Modbus registers: A Modbus Exception Occurred - See Response Body
[2024-12-10T04:48:36.207Z] Error reading register 6507 for IP 10.30.4.128: A Modbus Exception Occurred - See Response Body
[2024-12-10T04:48:36.208Z] Error reading actual data: A Modbus Exception Occurred - See Response Body
[2024-12-10T04:48:36.208Z] Error writing to Modbus register: A Modbus Exception Occurred - See Response Body
[2024-12-10T04:48:37.221Z] Error reading or processing Modbus registers: A Modbus Exception Occurred - See Response Body
[2024-12-10T04:48:37.223Z] Error reading register 6507 for IP 10.30.4.128: A Modbus Exception Occurred - See Response Body
[2024-12-10T04:48:37.224Z] Error reading actual data: A Modbus Exception Occurred - See Response Body
[2024-12-10T04:48:37.224Z] Error writing to Modbus register: A Modbus Exception Occurred - See Response Body
[2024-12-10T04:48:38.233Z] Error reading or processing Modbus registers: A Modbus Exception Occurred - See Response Body
[2024-12-10T04:48:38.235Z] Error reading register 6507 for IP 10.30.4.128: A Modbus Exception Occurred - See Response Body
[2024-12-10T04:48:38.236Z] Error reading actual data: A Modbus Exception Occurred - See Response Body
[2024-12-10T04:48:38.236Z] Error writing to Modbus register: A Modbus Exception Occurred - See Response Body
[2024-12-10T04:48:39.248Z] Error reading or processing Modbus registers: A Modbus Exception Occurred - See Response Body
[2024-12-10T04:48:39.250Z] Error reading register 6507 for IP 10.30.4.128: A Modbus Exception Occurred - See Response Body
[2024-12-10T04:48:39.251Z] Error reading actual data: A Modbus Exception Occurred - See Response Body
[2024-12-10T04:48:39.251Z] Error writing to Modbus register: A Modbus Exception Occurred - See Response Body
[2024-12-10T04:48:40.248Z] Error reading or processing Modbus registers: A Modbus Exception Occurred - See Response Body
[2024-12-10T04:48:40.251Z] Error reading register 6507 for IP 10.30.4.128: A Modbus Exception Occurred - See Response Body
[2024-12-10T04:48:40.251Z] Error reading actual data: A Modbus Exception Occurred - See Response Body
[2024-12-10T04:48:40.252Z] Error writing to Modbus register: A Modbus Exception Occurred - See Response Body
[2024-12-10T04:48:41.250Z] Error reading or processing Modbus registers: A Modbus Exception Occurred - See Response Body
[2024-12-10T04:48:41.252Z] Error reading register 6507 for IP 10.30.4.128: A Modbus Exception Occurred - See Response Body
[2024-12-10T04:48:41.252Z] Error reading actual data: A Modbus Exception Occurred - See Response Body
[2024-12-10T04:48:41.253Z] Error writing to Modbus register: A Modbus Exception Occurred - See Response Body
[2024-12-10T04:48:42.262Z] Error reading or processing Modbus registers: A Modbus Exception Occurred - See Response Body
[2024-12-10T04:48:42.264Z] Error reading register 6507 for IP 10.30.4.128: A Modbus Exception Occurred - See Response Body
[2024-12-10T04:48:42.265Z] Error reading actual data: A Modbus Exception Occurred - See Response Body
[2024-12-10T04:48:42.265Z] Error writing to Modbus register: A Modbus Exception Occurred - See Response Body
[2024-12-10T04:48:43.276Z] Error reading or processing Modbus registers: A Modbus Exception Occurred - See Response Body
[2024-12-10T04:48:43.278Z] Error reading register 6507 for IP 10.30.4.128: A Modbus Exception Occurred - See Response Body
[2024-12-10T04:48:43.278Z] Error reading actual data: A Modbus Exception Occurred - See Response Body
[2024-12-10T04:48:43.279Z] Error writing to Modbus register: A Modbus Exception Occurred - See Response Body
[2024-12-10T04:48:44.290Z] Error reading or processing Modbus registers: A Modbus Exception Occurred - See Response Body
[2024-12-10T04:48:44.293Z] Error reading register 6507 for IP 10.30.4.128: A Modbus Exception Occurred - See Response Body
[2024-12-10T04:48:44.294Z] Error reading actual data: A Modbus Exception Occurred - See Response Body
[2024-12-10T04:48:44.294Z] Error writing to Modbus register: A Modbus Exception Occurred - See Response Body
[2024-12-10T04:48:45.294Z] Error reading or processing Modbus registers: A Modbus Exception Occurred - See Response Body
[2024-12-10T04:48:45.296Z] Error reading register 6507 for IP 10.30.4.128: A Modbus Exception Occurred - See Response Body
[2024-12-10T04:48:45.297Z] Error reading actual data: A Modbus Exception Occurred - See Response Body
[2024-12-10T04:48:45.297Z] Error writing to Modbus register: A Modbus Exception Occurred - See Response Body
[2024-12-10T04:48:46.308Z] Error reading or processing Modbus registers: A Modbus Exception Occurred - See Response Body
[2024-12-10T04:48:46.310Z] Error reading register 6507 for IP 10.30.4.128: A Modbus Exception Occurred - See Response Body
[2024-12-10T04:48:46.310Z] Error reading actual data: A Modbus Exception Occurred - See Response Body
[2024-12-10T04:48:46.311Z] Error writing to Modbus register: A Modbus Exception Occurred - See Response Body
[2024-12-10T04:48:47.308Z] Error reading or processing Modbus registers: A Modbus Exception Occurred - See Response Body
[2024-12-10T04:48:47.310Z] Error reading register 6507 for IP 10.30.4.128: A Modbus Exception Occurred - See Response Body
[2024-12-10T04:48:47.310Z] Error reading actual data: A Modbus Exception Occurred - See Response Body
[2024-12-10T04:48:47.311Z] Error writing to Modbus register: A Modbus Exception Occurred - See Response Body
[2024-12-10T04:48:48.324Z] Error reading or processing Modbus registers: A Modbus Exception Occurred - See Response Body
[2024-12-10T04:48:48.327Z] Error reading register 6507 for IP 10.30.4.128: A Modbus Exception Occurred - See Response Body
[2024-12-10T04:48:48.327Z] Error reading actual data: A Modbus Exception Occurred - See Response Body
[2024-12-10T04:48:48.328Z] Error writing to Modbus register: A Modbus Exception Occurred - See Response Body
[2024-12-10T04:48:49.324Z] Error reading or processing Modbus registers: A Modbus Exception Occurred - See Response Body
[2024-12-10T04:48:49.326Z] Error reading register 6507 for IP 10.30.4.128: A Modbus Exception Occurred - See Response Body
[2024-12-10T04:48:49.327Z] Error reading actual data: A Modbus Exception Occurred - See Response Body
[2024-12-10T04:48:49.328Z] Error writing to Modbus register: A Modbus Exception Occurred - See Response Body
[2024-12-10T04:48:50.338Z] Error reading or processing Modbus registers: A Modbus Exception Occurred - See Response Body
[2024-12-10T04:48:50.341Z] Error reading register 6507 for IP 10.30.4.128: A Modbus Exception Occurred - See Response Body
[2024-12-10T04:48:50.341Z] Error reading actual data: A Modbus Exception Occurred - See Response Body
[2024-12-10T04:48:50.342Z] Error writing to Modbus register: A Modbus Exception Occurred - See Response Body
[2024-12-10T04:48:51.343Z] Error reading or processing Modbus registers: A Modbus Exception Occurred - See Response Body
[2024-12-10T04:48:51.345Z] Error reading register 6507 for IP 10.30.4.128: A Modbus Exception Occurred - See Response Body
[2024-12-10T04:48:51.346Z] Error reading actual data: A Modbus Exception Occurred - See Response Body
[2024-12-10T04:48:51.346Z] Error writing to Modbus register: A Modbus Exception Occurred - See Response Body
[2024-12-10T04:48:52.344Z] Error reading or processing Modbus registers: A Modbus Exception Occurred - See Response Body
[2024-12-10T04:48:52.346Z] Error reading register 6507 for IP 10.30.4.128: A Modbus Exception Occurred - See Response Body
[2024-12-10T04:48:52.346Z] Error reading actual data: A Modbus Exception Occurred - See Response Body
[2024-12-10T04:48:52.347Z] Error writing to Modbus register: A Modbus Exception Occurred - See Response Body
[2024-12-10T04:48:53.355Z] Error reading or processing Modbus registers: A Modbus Exception Occurred - See Response Body
[2024-12-10T04:48:53.357Z] Error reading register 6507 for IP 10.30.4.128: A Modbus Exception Occurred - See Response Body
[2024-12-10T04:48:53.358Z] Error reading actual data: A Modbus Exception Occurred - See Response Body
[2024-12-10T04:48:53.359Z] Error writing to Modbus register: A Modbus Exception Occurred - See Response Body
[2024-12-10T04:48:54.359Z] Error reading or processing Modbus registers: A Modbus Exception Occurred - See Response Body
[2024-12-10T04:48:54.362Z] Error reading register 6507 for IP 10.30.4.128: A Modbus Exception Occurred - See Response Body
[2024-12-10T04:48:54.362Z] Error reading actual data: A Modbus Exception Occurred - See Response Body
[2024-12-10T04:48:54.363Z] Error writing to Modbus register: A Modbus Exception Occurred - See Response Body
[2024-12-10T04:48:55.361Z] Error reading or processing Modbus registers: A Modbus Exception Occurred - See Response Body
[2024-12-10T04:48:55.363Z] Error reading register 6507 for IP 10.30.4.128: A Modbus Exception Occurred - See Response Body
[2024-12-10T04:48:55.364Z] Error reading actual data: A Modbus Exception Occurred - See Response Body
[2024-12-10T04:48:55.364Z] Error writing to Modbus register: A Modbus Exception Occurred - See Response Body
[2024-12-10T04:48:56.365Z] Error reading or processing Modbus registers: A Modbus Exception Occurred - See Response Body
[2024-12-10T04:48:56.367Z] Error reading register 6507 for IP 10.30.4.128: A Modbus Exception Occurred - See Response Body
[2024-12-10T04:48:56.368Z] Error reading actual data: A Modbus Exception Occurred - See Response Body
[2024-12-10T04:48:56.368Z] Error writing to Modbus register: A Modbus Exception Occurred - See Response Body
[2024-12-10T04:48:57.380Z] Error reading or processing Modbus registers: A Modbus Exception Occurred - See Response Body
[2024-12-10T04:48:57.382Z] Error reading register 6507 for IP 10.30.4.128: A Modbus Exception Occurred - See Response Body
[2024-12-10T04:48:57.383Z] Error reading actual data: A Modbus Exception Occurred - See Response Body
[2024-12-10T04:48:57.383Z] Error writing to Modbus register: A Modbus Exception Occurred - See Response Body
[2024-12-10T04:48:58.395Z] Error reading or processing Modbus registers: A Modbus Exception Occurred - See Response Body
[2024-12-10T04:48:58.397Z] Error reading register 6507 for IP 10.30.4.128: A Modbus Exception Occurred - See Response Body
[2024-12-10T04:48:58.397Z] Error reading actual data: A Modbus Exception Occurred - See Response Body
[2024-12-10T04:48:58.398Z] Error writing to Modbus register: A Modbus Exception Occurred - See Response Body
[2024-12-10T04:48:59.408Z] Error reading or processing Modbus registers: A Modbus Exception Occurred - See Response Body
[2024-12-10T04:48:59.410Z] Error reading register 6507 for IP 10.30.4.128: A Modbus Exception Occurred - See Response Body
[2024-12-10T04:48:59.411Z] Error reading actual data: A Modbus Exception Occurred - See Response Body
[2024-12-10T04:48:59.411Z] Error writing to Modbus register: A Modbus Exception Occurred - See Response Body
[2024-12-10T04:49:00.408Z] Error reading or processing Modbus registers: A Modbus Exception Occurred - See Response Body
[2024-12-10T04:49:00.410Z] Error reading register 6507 for IP 10.30.4.128: A Modbus Exception Occurred - See Response Body
[2024-12-10T04:49:00.411Z] Error reading actual data: A Modbus Exception Occurred - See Response Body
[2024-12-10T04:49:00.411Z] Error writing to Modbus register: A Modbus Exception Occurred - See Response Body
[2024-12-10T04:49:01.408Z] Error reading or processing Modbus registers: A Modbus Exception Occurred - See Response Body
[2024-12-10T04:49:01.411Z] Error reading register 6507 for IP 10.30.4.128: A Modbus Exception Occurred - See Response Body
[2024-12-10T04:49:01.411Z] Error reading actual data: A Modbus Exception Occurred - See Response Body
[2024-12-10T04:49:01.412Z] Error writing to Modbus register: A Modbus Exception Occurred - See Response Body
[2024-12-10T04:49:02.423Z] Error reading or processing Modbus registers: A Modbus Exception Occurred - See Response Body
[2024-12-10T04:49:02.425Z] Error reading register 6507 for IP 10.30.4.128: A Modbus Exception Occurred - See Response Body
[2024-12-10T04:49:02.426Z] Error reading actual data: A Modbus Exception Occurred - See Response Body
[2024-12-10T04:49:02.426Z] Error writing to Modbus register: A Modbus Exception Occurred - See Response Body
[2024-12-10T04:49:03.437Z] Error reading or processing Modbus registers: A Modbus Exception Occurred - See Response Body
[2024-12-10T04:49:03.439Z] Error reading register 6507 for IP 10.30.4.128: A Modbus Exception Occurred - See Response Body
[2024-12-10T04:49:03.440Z] Error reading actual data: A Modbus Exception Occurred - See Response Body
[2024-12-10T04:49:03.440Z] Error writing to Modbus register: A Modbus Exception Occurred - See Response Body
[2024-12-10T04:49:04.440Z] Error reading or processing Modbus registers: A Modbus Exception Occurred - See Response Body
[2024-12-10T04:49:04.442Z] Error reading register 6507 for IP 10.30.4.128: A Modbus Exception Occurred - See Response Body
[2024-12-10T04:49:04.443Z] Error reading actual data: A Modbus Exception Occurred - See Response Body
[2024-12-10T04:49:04.443Z] Error writing to Modbus register: A Modbus Exception Occurred - See Response Body
[2024-12-10T04:49:05.440Z] Error reading or processing Modbus registers: A Modbus Exception Occurred - See Response Body
[2024-12-10T04:49:05.442Z] Error reading register 6507 for IP 10.30.4.128: A Modbus Exception Occurred - See Response Body
[2024-12-10T04:49:05.443Z] Error reading actual data: A Modbus Exception Occurred - See Response Body
[2024-12-10T04:49:05.443Z] Error writing to Modbus register: A Modbus Exception Occurred - See Response Body
[2024-12-10T04:49:06.454Z] Error reading or processing Modbus registers: A Modbus Exception Occurred - See Response Body
[2024-12-10T04:49:06.456Z] Error reading register 6507 for IP 10.30.4.128: A Modbus Exception Occurred - See Response Body
[2024-12-10T04:49:06.457Z] Error reading actual data: A Modbus Exception Occurred - See Response Body
[2024-12-10T04:49:06.457Z] Error writing to Modbus register: A Modbus Exception Occurred - See Response Body
[2024-12-10T04:49:07.468Z] Error reading or processing Modbus registers: A Modbus Exception Occurred - See Response Body
[2024-12-10T04:49:07.471Z] Error reading register 6507 for IP 10.30.4.128: A Modbus Exception Occurred - See Response Body
[2024-12-10T04:49:07.471Z] Error reading actual data: A Modbus Exception Occurred - See Response Body
[2024-12-10T04:49:07.472Z] Error writing to Modbus register: A Modbus Exception Occurred - See Response Body
[2024-12-10T04:49:08.483Z] Error reading or processing Modbus registers: A Modbus Exception Occurred - See Response Body
[2024-12-10T04:49:08.487Z] Error reading register 6507 for IP 10.30.4.128: A Modbus Exception Occurred - See Response Body
[2024-12-10T04:49:08.487Z] Error reading actual data: A Modbus Exception Occurred - See Response Body
[2024-12-10T04:49:08.488Z] Error writing to Modbus register: A Modbus Exception Occurred - See Response Body
[2024-12-10T04:49:09.483Z] Error reading or processing Modbus registers: A Modbus Exception Occurred - See Response Body
[2024-12-10T04:49:09.485Z] Error reading register 6507 for IP 10.30.4.128: A Modbus Exception Occurred - See Response Body
[2024-12-10T04:49:09.486Z] Error reading actual data: A Modbus Exception Occurred - See Response Body
[2024-12-10T04:49:09.486Z] Error writing to Modbus register: A Modbus Exception Occurred - See Response Body
[2024-12-10T04:49:10.498Z] Error reading or processing Modbus registers: A Modbus Exception Occurred - See Response Body
[2024-12-10T04:49:10.500Z] Error reading register 6507 for IP 10.30.4.128: A Modbus Exception Occurred - See Response Body
[2024-12-10T04:49:10.501Z] Error reading actual data: A Modbus Exception Occurred - See Response Body
[2024-12-10T04:49:10.501Z] Error writing to Modbus register: A Modbus Exception Occurred - See Response Body
[2024-12-10T04:49:11.510Z] Error reading or processing Modbus registers: A Modbus Exception Occurred - See Response Body
[2024-12-10T04:49:11.512Z] Error reading register 6507 for IP 10.30.4.128: A Modbus Exception Occurred - See Response Body
[2024-12-10T04:49:11.513Z] Error reading actual data: A Modbus Exception Occurred - See Response Body
[2024-12-10T04:49:11.513Z] Error writing to Modbus register: A Modbus Exception Occurred - See Response Body
[2024-12-10T04:49:12.512Z] Error reading or processing Modbus registers: A Modbus Exception Occurred - See Response Body
[2024-12-10T04:49:12.514Z] Error reading register 6507 for IP 10.30.4.128: A Modbus Exception Occurred - See Response Body
[2024-12-10T04:49:12.515Z] Error reading actual data: A Modbus Exception Occurred - See Response Body
[2024-12-10T04:49:12.515Z] Error writing to Modbus register: A Modbus Exception Occurred - See Response Body
[2024-12-10T04:49:13.524Z] Error reading or processing Modbus registers: A Modbus Exception Occurred - See Response Body
[2024-12-10T04:49:13.526Z] Error reading register 6507 for IP 10.30.4.128: A Modbus Exception Occurred - See Response Body
[2024-12-10T04:49:13.527Z] Error reading actual data: A Modbus Exception Occurred - See Response Body
[2024-12-10T04:49:13.527Z] Error writing to Modbus register: A Modbus Exception Occurred - See Response Body
[2024-12-10T04:49:14.528Z] Error reading or processing Modbus registers: A Modbus Exception Occurred - See Response Body
[2024-12-10T04:49:14.531Z] Error reading register 6507 for IP 10.30.4.128: A Modbus Exception Occurred - See Response Body
[2024-12-10T04:49:14.531Z] Error reading actual data: A Modbus Exception Occurred - See Response Body
[2024-12-10T04:49:14.532Z] Error writing to Modbus register: A Modbus Exception Occurred - See Response Body
[2024-12-10T04:49:15.544Z] Error reading or processing Modbus registers: A Modbus Exception Occurred - See Response Body
[2024-12-10T04:49:15.546Z] Error reading register 6507 for IP 10.30.4.128: A Modbus Exception Occurred - See Response Body
[2024-12-10T04:49:15.547Z] Error reading actual data: A Modbus Exception Occurred - See Response Body
[2024-12-10T04:49:15.547Z] Error writing to Modbus register: A Modbus Exception Occurred - See Response Body
[2024-12-10T04:49:16.549Z] Error reading or processing Modbus registers: A Modbus Exception Occurred - See Response Body
[2024-12-10T04:49:16.552Z] Error reading register 6507 for IP 10.30.4.128: A Modbus Exception Occurred - See Response Body
[2024-12-10T04:49:16.552Z] Error reading actual data: A Modbus Exception Occurred - See Response Body
[2024-12-10T04:49:16.553Z] Error writing to Modbus register: A Modbus Exception Occurred - See Response Body
[2024-12-10T04:49:17.564Z] Error reading or processing Modbus registers: A Modbus Exception Occurred - See Response Body
[2024-12-10T04:49:17.567Z] Error reading register 6507 for IP 10.30.4.128: A Modbus Exception Occurred - See Response Body
[2024-12-10T04:49:17.567Z] Error reading actual data: A Modbus Exception Occurred - See Response Body
[2024-12-10T04:49:17.568Z] Error writing to Modbus register: A Modbus Exception Occurred - See Response Body
[2024-12-10T04:49:18.568Z] Error reading or processing Modbus registers: A Modbus Exception Occurred - See Response Body
[2024-12-10T04:49:18.571Z] Error reading register 6507 for IP 10.30.4.128: A Modbus Exception Occurred - See Response Body
[2024-12-10T04:49:18.571Z] Error reading actual data: A Modbus Exception Occurred - See Response Body
[2024-12-10T04:49:18.572Z] Error writing to Modbus register: A Modbus Exception Occurred - See Response Body
[2024-12-10T04:49:19.571Z] Error reading or processing Modbus registers: A Modbus Exception Occurred - See Response Body
[2024-12-10T04:49:19.574Z] Error reading register 6507 for IP 10.30.4.128: A Modbus Exception Occurred - See Response Body
[2024-12-10T04:49:19.575Z] Error reading actual data: A Modbus Exception Occurred - See Response Body
[2024-12-10T04:49:19.576Z] Error writing to Modbus register: A Modbus Exception Occurred - See Response Body
[2024-12-10T04:49:20.585Z] Error reading or processing Modbus registers: A Modbus Exception Occurred - See Response Body
[2024-12-10T04:49:20.587Z] Error reading register 6507 for IP 10.30.4.128: A Modbus Exception Occurred - See Response Body
[2024-12-10T04:49:20.588Z] Error reading actual data: A Modbus Exception Occurred - See Response Body
[2024-12-10T04:49:20.589Z] Error writing to Modbus register: A Modbus Exception Occurred - See Response Body
[2024-12-10T04:49:21.586Z] Error reading or processing Modbus registers: A Modbus Exception Occurred - See Response Body
[2024-12-10T04:49:21.588Z] Error reading register 6507 for IP 10.30.4.128: A Modbus Exception Occurred - See Response Body
[2024-12-10T04:49:21.589Z] Error reading actual data: A Modbus Exception Occurred - See Response Body
[2024-12-10T04:49:21.590Z] Error writing to Modbus register: A Modbus Exception Occurred - See Response Body
[2024-12-10T04:49:22.600Z] Error reading or processing Modbus registers: A Modbus Exception Occurred - See Response Body
[2024-12-10T04:49:22.602Z] Error reading register 6507 for IP 10.30.4.128: A Modbus Exception Occurred - See Response Body
[2024-12-10T04:49:22.603Z] Error reading actual data: A Modbus Exception Occurred - See Response Body
[2024-12-10T04:49:22.604Z] Error writing to Modbus register: A Modbus Exception Occurred - See Response Body
[2024-12-10T04:49:23.604Z] Error reading or processing Modbus registers: A Modbus Exception Occurred - See Response Body
[2024-12-10T04:49:23.607Z] Error reading register 6507 for IP 10.30.4.128: A Modbus Exception Occurred - See Response Body
[2024-12-10T04:49:23.608Z] Error reading actual data: A Modbus Exception Occurred - See Response Body
[2024-12-10T04:49:23.608Z] Error writing to Modbus register: A Modbus Exception Occurred - See Response Body
[2024-12-10T04:49:24.617Z] Error reading or processing Modbus registers: A Modbus Exception Occurred - See Response Body
[2024-12-10T04:49:24.621Z] Error reading register 6507 for IP 10.30.4.128: A Modbus Exception Occurred - See Response Body
[2024-12-10T04:49:24.622Z] Error reading actual data: A Modbus Exception Occurred - See Response Body
[2024-12-10T04:49:24.622Z] Error writing to Modbus register: A Modbus Exception Occurred - See Response Body
[2024-12-10T04:49:25.619Z] Error reading or processing Modbus registers: A Modbus Exception Occurred - See Response Body
[2024-12-10T04:49:25.623Z] Error reading register 6507 for IP 10.30.4.128: A Modbus Exception Occurred - See Response Body
[2024-12-10T04:49:25.624Z] Error reading actual data: A Modbus Exception Occurred - See Response Body
[2024-12-10T04:49:25.624Z] Error writing to Modbus register: A Modbus Exception Occurred - See Response Body
[2024-12-10T04:49:26.621Z] Error reading or processing Modbus registers: A Modbus Exception Occurred - See Response Body
[2024-12-10T04:49:26.623Z] Error reading register 6507 for IP 10.30.4.128: A Modbus Exception Occurred - See Response Body
[2024-12-10T04:49:26.624Z] Error reading actual data: A Modbus Exception Occurred - See Response Body
[2024-12-10T04:49:26.625Z] Error writing to Modbus register: A Modbus Exception Occurred - See Response Body
[2024-12-10T04:49:27.635Z] Error reading or processing Modbus registers: A Modbus Exception Occurred - See Response Body
[2024-12-10T04:49:27.637Z] Error reading register 6507 for IP 10.30.4.128: A Modbus Exception Occurred - See Response Body
[2024-12-10T04:49:27.638Z] Error reading actual data: A Modbus Exception Occurred - See Response Body
[2024-12-10T04:49:27.638Z] Error writing to Modbus register: A Modbus Exception Occurred - See Response Body
[2024-12-10T04:49:28.637Z] Error reading or processing Modbus registers: A Modbus Exception Occurred - See Response Body
[2024-12-10T04:49:28.639Z] Error reading register 6507 for IP 10.30.4.128: A Modbus Exception Occurred - See Response Body
[2024-12-10T04:49:28.639Z] Error reading actual data: A Modbus Exception Occurred - See Response Body
[2024-12-10T04:49:28.640Z] Error writing to Modbus register: A Modbus Exception Occurred - See Response Body
[2024-12-10T04:49:29.651Z] Error reading or processing Modbus registers: A Modbus Exception Occurred - See Response Body
[2024-12-10T04:49:29.653Z] Error reading register 6507 for IP 10.30.4.128: A Modbus Exception Occurred - See Response Body
[2024-12-10T04:49:29.653Z] Error reading actual data: A Modbus Exception Occurred - See Response Body
[2024-12-10T04:49:29.654Z] Error writing to Modbus register: A Modbus Exception Occurred - See Response Body
[2024-12-10T04:49:30.665Z] Error reading or processing Modbus registers: A Modbus Exception Occurred - See Response Body
[2024-12-10T04:49:30.666Z] Error reading register 6507 for IP 10.30.4.128: A Modbus Exception Occurred - See Response Body
[2024-12-10T04:49:30.667Z] Error reading actual data: A Modbus Exception Occurred - See Response Body
[2024-12-10T04:49:30.667Z] Error writing to Modbus register: A Modbus Exception Occurred - See Response Body
[2024-12-10T04:49:31.681Z] Error reading or processing Modbus registers: A Modbus Exception Occurred - See Response Body
[2024-12-10T04:49:31.684Z] Error reading register 6507 for IP 10.30.4.128: A Modbus Exception Occurred - See Response Body
[2024-12-10T04:49:31.684Z] Error reading actual data: A Modbus Exception Occurred - See Response Body
[2024-12-10T04:49:31.685Z] Error writing to Modbus register: A Modbus Exception Occurred - See Response Body
[2024-12-10T04:49:32.695Z] Error reading or processing Modbus registers: A Modbus Exception Occurred - See Response Body
[2024-12-10T04:49:32.697Z] Error reading register 6507 for IP 10.30.4.128: A Modbus Exception Occurred - See Response Body
[2024-12-10T04:49:32.697Z] Error reading actual data: A Modbus Exception Occurred - See Response Body
[2024-12-10T04:49:32.698Z] Error writing to Modbus register: A Modbus Exception Occurred - See Response Body
[2024-12-10T04:49:33.695Z] Error reading or processing Modbus registers: A Modbus Exception Occurred - See Response Body
[2024-12-10T04:49:33.697Z] Error reading register 6507 for IP 10.30.4.128: A Modbus Exception Occurred - See Response Body
[2024-12-10T04:49:33.698Z] Error reading actual data: A Modbus Exception Occurred - See Response Body
[2024-12-10T04:49:33.699Z] Error writing to Modbus register: A Modbus Exception Occurred - See Response Body
[2024-12-10T04:49:34.697Z] Error reading or processing Modbus registers: A Modbus Exception Occurred - See Response Body
[2024-12-10T04:49:34.699Z] Error reading register 6507 for IP 10.30.4.128: A Modbus Exception Occurred - See Response Body
[2024-12-10T04:49:34.699Z] Error reading actual data: A Modbus Exception Occurred - See Response Body
[2024-12-10T04:49:34.700Z] Error writing to Modbus register: A Modbus Exception Occurred - See Response Body
[2024-12-10T04:49:35.701Z] Error reading or processing Modbus registers: A Modbus Exception Occurred - See Response Body
[2024-12-10T04:49:35.703Z] Error reading register 6507 for IP 10.30.4.128: A Modbus Exception Occurred - See Response Body
[2024-12-10T04:49:35.704Z] Error reading actual data: A Modbus Exception Occurred - See Response Body
[2024-12-10T04:49:35.705Z] Error writing to Modbus register: A Modbus Exception Occurred - See Response Body
[2024-12-10T04:49:36.700Z] Error reading or processing Modbus registers: A Modbus Exception Occurred - See Response Body
[2024-12-10T04:49:36.703Z] Error reading register 6507 for IP 10.30.4.128: A Modbus Exception Occurred - See Response Body
[2024-12-10T04:49:36.703Z] Error reading actual data: A Modbus Exception Occurred - See Response Body
[2024-12-10T04:49:36.704Z] Error writing to Modbus register: A Modbus Exception Occurred - See Response Body
[2024-12-10T04:49:37.713Z] Error reading or processing Modbus registers: A Modbus Exception Occurred - See Response Body
[2024-12-10T04:49:37.715Z] Error reading register 6507 for IP 10.30.4.128: A Modbus Exception Occurred - See Response Body
[2024-12-10T04:49:37.716Z] Error reading actual data: A Modbus Exception Occurred - See Response Body
[2024-12-10T04:49:37.716Z] Error writing to Modbus register: A Modbus Exception Occurred - See Response Body
[2024-12-10T04:49:38.726Z] Error reading or processing Modbus registers: A Modbus Exception Occurred - See Response Body
[2024-12-10T04:49:38.729Z] Error reading register 6507 for IP 10.30.4.128: A Modbus Exception Occurred - See Response Body
[2024-12-10T04:49:38.730Z] Error reading actual data: A Modbus Exception Occurred - See Response Body
[2024-12-10T04:49:38.730Z] Error writing to Modbus register: A Modbus Exception Occurred - See Response Body
[2024-12-10T04:49:39.727Z] Error reading or processing Modbus registers: A Modbus Exception Occurred - See Response Body
[2024-12-10T04:49:39.729Z] Error reading register 6507 for IP 10.30.4.128: A Modbus Exception Occurred - See Response Body
[2024-12-10T04:49:39.730Z] Error reading actual data: A Modbus Exception Occurred - See Response Body
[2024-12-10T04:49:39.731Z] Error writing to Modbus register: A Modbus Exception Occurred - See Response Body
[2024-12-10T04:49:40.742Z] Error reading or processing Modbus registers: A Modbus Exception Occurred - See Response Body
[2024-12-10T04:49:40.744Z] Error reading register 6507 for IP 10.30.4.128: A Modbus Exception Occurred - See Response Body
[2024-12-10T04:49:40.745Z] Error reading actual data: A Modbus Exception Occurred - See Response Body
[2024-12-10T04:49:40.746Z] Error writing to Modbus register: A Modbus Exception Occurred - See Response Body
[2024-12-10T04:49:41.754Z] Error reading or processing Modbus registers: A Modbus Exception Occurred - See Response Body
[2024-12-10T04:49:41.756Z] Error reading register 6507 for IP 10.30.4.128: A Modbus Exception Occurred - See Response Body
[2024-12-10T04:49:41.757Z] Error reading actual data: A Modbus Exception Occurred - See Response Body
[2024-12-10T04:49:41.757Z] Error writing to Modbus register: A Modbus Exception Occurred - See Response Body
[2024-12-10T04:49:42.768Z] Error reading or processing Modbus registers: A Modbus Exception Occurred - See Response Body
[2024-12-10T04:49:42.770Z] Error reading register 6507 for IP 10.30.4.128: A Modbus Exception Occurred - See Response Body
[2024-12-10T04:49:42.771Z] Error reading actual data: A Modbus Exception Occurred - See Response Body
[2024-12-10T04:49:42.771Z] Error writing to Modbus register: A Modbus Exception Occurred - See Response Body
[2024-12-10T04:49:43.783Z] Error reading or processing Modbus registers: A Modbus Exception Occurred - See Response Body
[2024-12-10T04:49:43.785Z] Error reading register 6507 for IP 10.30.4.128: A Modbus Exception Occurred - See Response Body
[2024-12-10T04:49:43.786Z] Error reading actual data: A Modbus Exception Occurred - See Response Body
[2024-12-10T04:49:43.787Z] Error writing to Modbus register: A Modbus Exception Occurred - See Response Body
[2024-12-10T04:49:44.785Z] Error reading or processing Modbus registers: A Modbus Exception Occurred - See Response Body
[2024-12-10T04:49:44.787Z] Error reading register 6507 for IP 10.30.4.128: A Modbus Exception Occurred - See Response Body
[2024-12-10T04:49:44.788Z] Error reading actual data: A Modbus Exception Occurred - See Response Body
[2024-12-10T04:49:44.789Z] Error writing to Modbus register: A Modbus Exception Occurred - See Response Body
[2024-12-10T04:49:45.785Z] Error reading or processing Modbus registers: A Modbus Exception Occurred - See Response Body
[2024-12-10T04:49:45.787Z] Error reading register 6507 for IP 10.30.4.128: A Modbus Exception Occurred - See Response Body
[2024-12-10T04:49:45.788Z] Error reading actual data: A Modbus Exception Occurred - See Response Body
[2024-12-10T04:49:45.789Z] Error writing to Modbus register: A Modbus Exception Occurred - See Response Body
[2024-12-10T04:49:46.787Z] Error reading or processing Modbus registers: A Modbus Exception Occurred - See Response Body
[2024-12-10T04:49:46.789Z] Error reading register 6507 for IP 10.30.4.128: A Modbus Exception Occurred - See Response Body
[2024-12-10T04:49:46.790Z] Error reading actual data: A Modbus Exception Occurred - See Response Body
[2024-12-10T04:49:46.790Z] Error writing to Modbus register: A Modbus Exception Occurred - See Response Body
[2024-12-10T04:49:47.788Z] Error reading or processing Modbus registers: A Modbus Exception Occurred - See Response Body
[2024-12-10T04:49:47.790Z] Error reading register 6507 for IP 10.30.4.128: A Modbus Exception Occurred - See Response Body
[2024-12-10T04:49:47.791Z] Error reading actual data: A Modbus Exception Occurred - See Response Body
[2024-12-10T04:49:47.791Z] Error writing to Modbus register: A Modbus Exception Occurred - See Response Body
[2024-12-10T04:49:48.789Z] Error reading or processing Modbus registers: A Modbus Exception Occurred - See Response Body
[2024-12-10T04:49:48.791Z] Error reading register 6507 for IP 10.30.4.128: A Modbus Exception Occurred - See Response Body
[2024-12-10T04:49:48.792Z] Error reading actual data: A Modbus Exception Occurred - See Response Body
[2024-12-10T04:49:48.792Z] Error writing to Modbus register: A Modbus Exception Occurred - See Response Body
[2024-12-10T04:49:49.794Z] Error reading or processing Modbus registers: A Modbus Exception Occurred - See Response Body
[2024-12-10T04:49:49.812Z] Error reading register 6507 for IP 10.30.4.128: A Modbus Exception Occurred - See Response Body
[2024-12-10T04:49:49.812Z] Error reading actual data: A Modbus Exception Occurred - See Response Body
[2024-12-10T04:49:49.813Z] Error writing to Modbus register: A Modbus Exception Occurred - See Response Body
[2024-12-10T04:49:50.807Z] Error reading or processing Modbus registers: A Modbus Exception Occurred - See Response Body
[2024-12-10T04:49:50.812Z] Error reading register 6507 for IP 10.30.4.128: A Modbus Exception Occurred - See Response Body
[2024-12-10T04:49:50.812Z] Error reading actual data: A Modbus Exception Occurred - See Response Body
[2024-12-10T04:49:50.813Z] Error writing to Modbus register: A Modbus Exception Occurred - See Response Body
[2024-12-10T04:49:51.822Z] Error reading or processing Modbus registers: A Modbus Exception Occurred - See Response Body
[2024-12-10T04:49:51.824Z] Error reading register 6507 for IP 10.30.4.128: A Modbus Exception Occurred - See Response Body
[2024-12-10T04:49:51.825Z] Error reading actual data: A Modbus Exception Occurred - See Response Body
[2024-12-10T04:49:51.825Z] Error writing to Modbus register: A Modbus Exception Occurred - See Response Body
[2024-12-10T04:49:52.837Z] Error reading or processing Modbus registers: A Modbus Exception Occurred - See Response Body
[2024-12-10T04:49:52.839Z] Error reading register 6507 for IP 10.30.4.128: A Modbus Exception Occurred - See Response Body
[2024-12-10T04:49:52.840Z] Error reading actual data: A Modbus Exception Occurred - See Response Body
[2024-12-10T04:49:52.840Z] Error writing to Modbus register: A Modbus Exception Occurred - See Response Body
[2024-12-10T04:49:53.839Z] Error reading or processing Modbus registers: A Modbus Exception Occurred - See Response Body
[2024-12-10T04:49:53.842Z] Error reading register 6507 for IP 10.30.4.128: A Modbus Exception Occurred - See Response Body
[2024-12-10T04:49:53.842Z] Error reading actual data: A Modbus Exception Occurred - See Response Body
[2024-12-10T04:49:53.843Z] Error writing to Modbus register: A Modbus Exception Occurred - See Response Body
[2024-12-10T04:49:54.852Z] Error reading or processing Modbus registers: A Modbus Exception Occurred - See Response Body
[2024-12-10T04:49:54.854Z] Error reading register 6507 for IP 10.30.4.128: A Modbus Exception Occurred - See Response Body
[2024-12-10T04:49:54.854Z] Error reading actual data: A Modbus Exception Occurred - See Response Body
[2024-12-10T04:49:54.855Z] Error writing to Modbus register: A Modbus Exception Occurred - See Response Body
[2024-12-10T04:49:55.853Z] Error reading or processing Modbus registers: A Modbus Exception Occurred - See Response Body
[2024-12-10T04:49:55.856Z] Error reading register 6507 for IP 10.30.4.128: A Modbus Exception Occurred - See Response Body
[2024-12-10T04:49:55.856Z] Error reading actual data: A Modbus Exception Occurred - See Response Body
[2024-12-10T04:49:55.857Z] Error writing to Modbus register: A Modbus Exception Occurred - See Response Body
[2024-12-10T04:49:56.866Z] Error reading or processing Modbus registers: A Modbus Exception Occurred - See Response Body
[2024-12-10T04:49:56.868Z] Error reading register 6507 for IP 10.30.4.128: A Modbus Exception Occurred - See Response Body
[2024-12-10T04:49:56.869Z] Error reading actual data: A Modbus Exception Occurred - See Response Body
[2024-12-10T04:49:56.870Z] Error writing to Modbus register: A Modbus Exception Occurred - See Response Body
[2024-12-10T04:49:57.879Z] Error reading or processing Modbus registers: A Modbus Exception Occurred - See Response Body
[2024-12-10T04:49:57.881Z] Error reading register 6507 for IP 10.30.4.128: A Modbus Exception Occurred - See Response Body
[2024-12-10T04:49:57.882Z] Error reading actual data: A Modbus Exception Occurred - See Response Body
[2024-12-10T04:49:57.883Z] Error writing to Modbus register: A Modbus Exception Occurred - See Response Body
[2024-12-10T04:49:58.894Z] Error reading or processing Modbus registers: A Modbus Exception Occurred - See Response Body
[2024-12-10T04:49:58.897Z] Error reading register 6507 for IP 10.30.4.128: A Modbus Exception Occurred - See Response Body
[2024-12-10T04:49:58.897Z] Error reading actual data: A Modbus Exception Occurred - See Response Body
[2024-12-10T04:49:58.898Z] Error writing to Modbus register: A Modbus Exception Occurred - See Response Body
[2024-12-10T04:49:59.907Z] Error reading or processing Modbus registers: A Modbus Exception Occurred - See Response Body
[2024-12-10T04:49:59.909Z] Error reading register 6507 for IP 10.30.4.128: A Modbus Exception Occurred - See Response Body
[2024-12-10T04:49:59.909Z] Error reading actual data: A Modbus Exception Occurred - See Response Body
[2024-12-10T04:49:59.910Z] Error writing to Modbus register: A Modbus Exception Occurred - See Response Body
[2024-12-10T04:50:00.910Z] Error reading or processing Modbus registers: A Modbus Exception Occurred - See Response Body
[2024-12-10T04:50:00.912Z] Error reading register 6507 for IP 10.30.4.128: A Modbus Exception Occurred - See Response Body
[2024-12-10T04:50:00.913Z] Error reading actual data: A Modbus Exception Occurred - See Response Body
[2024-12-10T04:50:00.913Z] Error writing to Modbus register: A Modbus Exception Occurred - See Response Body
[2024-12-10T04:50:01.910Z] Error reading or processing Modbus registers: A Modbus Exception Occurred - See Response Body
[2024-12-10T04:50:01.912Z] Error reading register 6507 for IP 10.30.4.128: A Modbus Exception Occurred - See Response Body
[2024-12-10T04:50:01.913Z] Error reading actual data: A Modbus Exception Occurred - See Response Body
[2024-12-10T04:50:01.913Z] Error writing to Modbus register: A Modbus Exception Occurred - See Response Body
[2024-12-10T04:50:02.924Z] Error reading or processing Modbus registers: A Modbus Exception Occurred - See Response Body
[2024-12-10T04:50:02.926Z] Error reading register 6507 for IP 10.30.4.128: A Modbus Exception Occurred - See Response Body
[2024-12-10T04:50:02.927Z] Error reading actual data: A Modbus Exception Occurred - See Response Body
[2024-12-10T04:50:02.927Z] Error writing to Modbus register: A Modbus Exception Occurred - See Response Body
[2024-12-10T04:50:03.927Z] Error reading or processing Modbus registers: A Modbus Exception Occurred - See Response Body
[2024-12-10T04:50:03.930Z] Error reading register 6507 for IP 10.30.4.128: A Modbus Exception Occurred - See Response Body
[2024-12-10T04:50:03.930Z] Error reading actual data: A Modbus Exception Occurred - See Response Body
[2024-12-10T04:50:03.931Z] Error writing to Modbus register: A Modbus Exception Occurred - See Response Body
[2024-12-10T04:50:04.941Z] Error reading or processing Modbus registers: A Modbus Exception Occurred - See Response Body
[2024-12-10T04:50:04.944Z] Error reading register 6507 for IP 10.30.4.128: A Modbus Exception Occurred - See Response Body
[2024-12-10T04:50:04.945Z] Error reading actual data: A Modbus Exception Occurred - See Response Body
[2024-12-10T04:50:04.945Z] Error writing to Modbus register: A Modbus Exception Occurred - See Response Body
[2024-12-10T04:50:05.941Z] Error reading or processing Modbus registers: A Modbus Exception Occurred - See Response Body
[2024-12-10T04:50:05.944Z] Error reading register 6507 for IP 10.30.4.128: A Modbus Exception Occurred - See Response Body
[2024-12-10T04:50:05.945Z] Error reading actual data: A Modbus Exception Occurred - See Response Body
[2024-12-10T04:50:05.945Z] Error writing to Modbus register: A Modbus Exception Occurred - See Response Body
[2024-12-10T04:50:06.955Z] Error reading or processing Modbus registers: A Modbus Exception Occurred - See Response Body
[2024-12-10T04:50:06.957Z] Error reading register 6507 for IP 10.30.4.128: A Modbus Exception Occurred - See Response Body
[2024-12-10T04:50:06.958Z] Error reading actual data: A Modbus Exception Occurred - See Response Body
[2024-12-10T04:50:06.959Z] Error writing to Modbus register: A Modbus Exception Occurred - See Response Body
[2024-12-10T04:50:07.956Z] Error reading or processing Modbus registers: A Modbus Exception Occurred - See Response Body
[2024-12-10T04:50:07.959Z] Error reading register 6507 for IP 10.30.4.128: A Modbus Exception Occurred - See Response Body
[2024-12-10T04:50:07.959Z] Error reading actual data: A Modbus Exception Occurred - See Response Body
[2024-12-10T04:50:07.960Z] Error writing to Modbus register: A Modbus Exception Occurred - See Response Body
[2024-12-10T04:50:08.957Z] Error reading or processing Modbus registers: A Modbus Exception Occurred - See Response Body
[2024-12-10T04:50:08.959Z] Error reading register 6507 for IP 10.30.4.128: A Modbus Exception Occurred - See Response Body
[2024-12-10T04:50:08.960Z] Error reading actual data: A Modbus Exception Occurred - See Response Body
[2024-12-10T04:50:08.961Z] Error writing to Modbus register: A Modbus Exception Occurred - See Response Body
[2024-12-10T04:50:09.968Z] Error reading or processing Modbus registers: A Modbus Exception Occurred - See Response Body
[2024-12-10T04:50:09.970Z] Error reading register 6507 for IP 10.30.4.128: A Modbus Exception Occurred - See Response Body
[2024-12-10T04:50:09.971Z] Error reading actual data: A Modbus Exception Occurred - See Response Body
[2024-12-10T04:50:09.972Z] Error writing to Modbus register: A Modbus Exception Occurred - See Response Body
[2024-12-10T04:50:10.981Z] Error reading or processing Modbus registers: A Modbus Exception Occurred - See Response Body
[2024-12-10T04:50:10.983Z] Error reading register 6507 for IP 10.30.4.128: A Modbus Exception Occurred - See Response Body
[2024-12-10T04:50:10.983Z] Error reading actual data: A Modbus Exception Occurred - See Response Body
[2024-12-10T04:50:10.984Z] Error writing to Modbus register: A Modbus Exception Occurred - See Response Body
[2024-12-10T04:50:11.982Z] Error reading or processing Modbus registers: A Modbus Exception Occurred - See Response Body
[2024-12-10T04:50:11.984Z] Error reading register 6507 for IP 10.30.4.128: A Modbus Exception Occurred - See Response Body
[2024-12-10T04:50:11.985Z] Error reading actual data: A Modbus Exception Occurred - See Response Body
[2024-12-10T04:50:11.985Z] Error writing to Modbus register: A Modbus Exception Occurred - See Response Body
[2024-12-10T04:50:12.996Z] Error reading or processing Modbus registers: A Modbus Exception Occurred - See Response Body
[2024-12-10T04:50:12.998Z] Error reading register 6507 for IP 10.30.4.128: A Modbus Exception Occurred - See Response Body
[2024-12-10T04:50:12.999Z] Error reading actual data: A Modbus Exception Occurred - See Response Body
[2024-12-10T04:50:12.999Z] Error writing to Modbus register: A Modbus Exception Occurred - See Response Body
[2024-12-10T04:50:14.010Z] Error reading or processing Modbus registers: A Modbus Exception Occurred - See Response Body
[2024-12-10T04:50:14.012Z] Error reading register 6507 for IP 10.30.4.128: A Modbus Exception Occurred - See Response Body
[2024-12-10T04:50:14.013Z] Error reading actual data: A Modbus Exception Occurred - See Response Body
[2024-12-10T04:50:14.013Z] Error writing to Modbus register: A Modbus Exception Occurred - See Response Body
[2024-12-10T04:50:15.012Z] Error reading or processing Modbus registers: A Modbus Exception Occurred - See Response Body
[2024-12-10T04:50:15.014Z] Error reading register 6507 for IP 10.30.4.128: A Modbus Exception Occurred - See Response Body
[2024-12-10T04:50:15.015Z] Error reading actual data: A Modbus Exception Occurred - See Response Body
[2024-12-10T04:50:15.018Z] Error writing to Modbus register: A Modbus Exception Occurred - See Response Body
[2024-12-10T04:50:16.013Z] Error reading or processing Modbus registers: A Modbus Exception Occurred - See Response Body
[2024-12-10T04:50:16.018Z] Error reading register 6507 for IP 10.30.4.128: A Modbus Exception Occurred - See Response Body
[2024-12-10T04:50:16.018Z] Error reading actual data: A Modbus Exception Occurred - See Response Body
[2024-12-10T04:50:16.019Z] Error writing to Modbus register: A Modbus Exception Occurred - See Response Body
[2024-12-10T04:50:17.014Z] Error reading or processing Modbus registers: A Modbus Exception Occurred - See Response Body
[2024-12-10T04:50:17.016Z] Error reading register 6507 for IP 10.30.4.128: A Modbus Exception Occurred - See Response Body
[2024-12-10T04:50:17.016Z] Error reading actual data: A Modbus Exception Occurred - See Response Body
[2024-12-10T04:50:17.017Z] Error writing to Modbus register: A Modbus Exception Occurred - See Response Body
[2024-12-10T04:50:18.025Z] Error reading or processing Modbus registers: A Modbus Exception Occurred - See Response Body
[2024-12-10T04:50:18.027Z] Error reading register 6507 for IP 10.30.4.128: A Modbus Exception Occurred - See Response Body
[2024-12-10T04:50:18.028Z] Error reading actual data: A Modbus Exception Occurred - See Response Body
[2024-12-10T04:50:18.028Z] Error writing to Modbus register: A Modbus Exception Occurred - See Response Body
[2024-12-10T04:50:19.039Z] Error reading or processing Modbus registers: A Modbus Exception Occurred - See Response Body
[2024-12-10T04:50:19.041Z] Error reading register 6507 for IP 10.30.4.128: A Modbus Exception Occurred - See Response Body
[2024-12-10T04:50:19.042Z] Error reading actual data: A Modbus Exception Occurred - See Response Body
[2024-12-10T04:50:19.042Z] Error writing to Modbus register: A Modbus Exception Occurred - See Response Body
[2024-12-10T04:50:20.049Z] Error reading or processing Modbus registers: A Modbus Exception Occurred - See Response Body
[2024-12-10T04:50:20.051Z] Error reading register 6507 for IP 10.30.4.128: A Modbus Exception Occurred - See Response Body
[2024-12-10T04:50:20.052Z] Error reading actual data: A Modbus Exception Occurred - See Response Body
[2024-12-10T04:50:20.053Z] Error writing to Modbus register: A Modbus Exception Occurred - See Response Body
[2024-12-10T04:50:21.050Z] Error reading or processing Modbus registers: A Modbus Exception Occurred - See Response Body
[2024-12-10T04:50:21.052Z] Error reading register 6507 for IP 10.30.4.128: A Modbus Exception Occurred - See Response Body
[2024-12-10T04:50:21.053Z] Error reading actual data: A Modbus Exception Occurred - See Response Body
[2024-12-10T04:50:21.053Z] Error writing to Modbus register: A Modbus Exception Occurred - See Response Body
[2024-12-10T04:50:22.054Z] Error reading or processing Modbus registers: A Modbus Exception Occurred - See Response Body
[2024-12-10T04:50:22.056Z] Error reading register 6507 for IP 10.30.4.128: A Modbus Exception Occurred - See Response Body
[2024-12-10T04:50:22.057Z] Error reading actual data: A Modbus Exception Occurred - See Response Body
[2024-12-10T04:50:22.057Z] Error writing to Modbus register: A Modbus Exception Occurred - See Response Body
[2024-12-10T04:50:23.066Z] Error reading or processing Modbus registers: A Modbus Exception Occurred - See Response Body
[2024-12-10T04:50:23.068Z] Error reading register 6507 for IP 10.30.4.128: A Modbus Exception Occurred - See Response Body
[2024-12-10T04:50:23.069Z] Error reading actual data: A Modbus Exception Occurred - See Response Body
[2024-12-10T04:50:23.069Z] Error writing to Modbus register: A Modbus Exception Occurred - See Response Body
[2024-12-10T04:50:24.067Z] Error reading or processing Modbus registers: A Modbus Exception Occurred - See Response Body
[2024-12-10T04:50:24.069Z] Error reading register 6507 for IP 10.30.4.128: A Modbus Exception Occurred - See Response Body
[2024-12-10T04:50:24.070Z] Error reading actual data: A Modbus Exception Occurred - See Response Body
[2024-12-10T04:50:24.071Z] Error writing to Modbus register: A Modbus Exception Occurred - See Response Body
[2024-12-10T04:50:25.070Z] Error reading or processing Modbus registers: A Modbus Exception Occurred - See Response Body
[2024-12-10T04:50:25.073Z] Error reading register 6507 for IP 10.30.4.128: A Modbus Exception Occurred - See Response Body
[2024-12-10T04:50:25.073Z] Error reading actual data: A Modbus Exception Occurred - See Response Body
[2024-12-10T04:50:25.074Z] Error writing to Modbus register: A Modbus Exception Occurred - See Response Body
[2024-12-10T04:50:26.085Z] Error reading or processing Modbus registers: A Modbus Exception Occurred - See Response Body
[2024-12-10T04:50:26.087Z] Error reading register 6507 for IP 10.30.4.128: A Modbus Exception Occurred - See Response Body
[2024-12-10T04:50:26.088Z] Error reading actual data: A Modbus Exception Occurred - See Response Body
[2024-12-10T04:50:26.088Z] Error writing to Modbus register: A Modbus Exception Occurred - See Response Body
[2024-12-10T04:50:27.084Z] Error reading or processing Modbus registers: A Modbus Exception Occurred - See Response Body
[2024-12-10T04:50:27.086Z] Error reading register 6507 for IP 10.30.4.128: A Modbus Exception Occurred - See Response Body
[2024-12-10T04:50:27.087Z] Error reading actual data: A Modbus Exception Occurred - See Response Body
[2024-12-10T04:50:27.087Z] Error writing to Modbus register: A Modbus Exception Occurred - See Response Body
[2024-12-10T04:50:28.100Z] Error reading or processing Modbus registers: A Modbus Exception Occurred - See Response Body
[2024-12-10T04:50:28.103Z] Error reading register 6507 for IP 10.30.4.128: A Modbus Exception Occurred - See Response Body
[2024-12-10T04:50:28.104Z] Error reading actual data: A Modbus Exception Occurred - See Response Body
[2024-12-10T04:50:28.104Z] Error writing to Modbus register: A Modbus Exception Occurred - See Response Body
[2024-12-10T04:50:29.114Z] Error reading or processing Modbus registers: A Modbus Exception Occurred - See Response Body
[2024-12-10T04:50:29.116Z] Error reading register 6507 for IP 10.30.4.128: A Modbus Exception Occurred - See Response Body
[2024-12-10T04:50:29.117Z] Error reading actual data: A Modbus Exception Occurred - See Response Body
[2024-12-10T04:50:29.117Z] Error writing to Modbus register: A Modbus Exception Occurred - See Response Body
[2024-12-10T04:50:30.126Z] Error reading or processing Modbus registers: A Modbus Exception Occurred - See Response Body
[2024-12-10T04:50:30.129Z] Error reading register 6507 for IP 10.30.4.128: A Modbus Exception Occurred - See Response Body
[2024-12-10T04:50:30.129Z] Error reading actual data: A Modbus Exception Occurred - See Response Body
[2024-12-10T04:50:30.130Z] Error writing to Modbus register: A Modbus Exception Occurred - See Response Body
[2024-12-10T04:50:31.129Z] Error reading or processing Modbus registers: A Modbus Exception Occurred - See Response Body
[2024-12-10T04:50:31.131Z] Error reading register 6507 for IP 10.30.4.128: A Modbus Exception Occurred - See Response Body
[2024-12-10T04:50:31.132Z] Error reading actual data: A Modbus Exception Occurred - See Response Body
[2024-12-10T04:50:31.133Z] Error writing to Modbus register: A Modbus Exception Occurred - See Response Body
[2024-12-10T04:50:32.144Z] Error reading or processing Modbus registers: A Modbus Exception Occurred - See Response Body
[2024-12-10T04:50:32.148Z] Error reading register 6507 for IP 10.30.4.128: A Modbus Exception Occurred - See Response Body
[2024-12-10T04:50:32.148Z] Error reading actual data: A Modbus Exception Occurred - See Response Body
[2024-12-10T04:50:32.149Z] Error writing to Modbus register: A Modbus Exception Occurred - See Response Body
[2024-12-10T04:50:33.159Z] Error reading or processing Modbus registers: A Modbus Exception Occurred - See Response Body
[2024-12-10T04:50:33.161Z] Error reading register 6507 for IP 10.30.4.128: A Modbus Exception Occurred - See Response Body
[2024-12-10T04:50:33.162Z] Error reading actual data: A Modbus Exception Occurred - See Response Body
[2024-12-10T04:50:33.163Z] Error writing to Modbus register: A Modbus Exception Occurred - See Response Body
[2024-12-10T04:50:34.173Z] Error reading or processing Modbus registers: A Modbus Exception Occurred - See Response Body
[2024-12-10T04:50:34.176Z] Error reading register 6507 for IP 10.30.4.128: A Modbus Exception Occurred - See Response Body
[2024-12-10T04:50:34.176Z] Error reading actual data: A Modbus Exception Occurred - See Response Body
[2024-12-10T04:50:34.177Z] Error writing to Modbus register: A Modbus Exception Occurred - See Response Body
[2024-12-10T04:50:35.174Z] Error reading or processing Modbus registers: A Modbus Exception Occurred - See Response Body
[2024-12-10T04:50:35.177Z] Error reading register 6507 for IP 10.30.4.128: A Modbus Exception Occurred - See Response Body
[2024-12-10T04:50:35.177Z] Error reading actual data: A Modbus Exception Occurred - See Response Body
[2024-12-10T04:50:35.178Z] Error writing to Modbus register: A Modbus Exception Occurred - See Response Body
[2024-12-10T04:50:36.177Z] Error reading or processing Modbus registers: A Modbus Exception Occurred - See Response Body
[2024-12-10T04:50:36.179Z] Error reading register 6507 for IP 10.30.4.128: A Modbus Exception Occurred - See Response Body
[2024-12-10T04:50:36.180Z] Error reading actual data: A Modbus Exception Occurred - See Response Body
[2024-12-10T04:50:36.181Z] Error writing to Modbus register: A Modbus Exception Occurred - See Response Body
[2024-12-10T04:50:37.177Z] Error reading or processing Modbus registers: A Modbus Exception Occurred - See Response Body
[2024-12-10T04:50:37.180Z] Error reading register 6507 for IP 10.30.4.128: A Modbus Exception Occurred - See Response Body
[2024-12-10T04:50:37.181Z] Error reading actual data: A Modbus Exception Occurred - See Response Body
[2024-12-10T04:50:37.181Z] Error writing to Modbus register: A Modbus Exception Occurred - See Response Body
[2024-12-10T04:50:38.193Z] Error reading or processing Modbus registers: A Modbus Exception Occurred - See Response Body
[2024-12-10T04:50:38.195Z] Error reading register 6507 for IP 10.30.4.128: A Modbus Exception Occurred - See Response Body
[2024-12-10T04:50:38.196Z] Error reading actual data: A Modbus Exception Occurred - See Response Body
[2024-12-10T04:50:38.196Z] Error writing to Modbus register: A Modbus Exception Occurred - See Response Body
[2024-12-10T04:50:39.208Z] Error reading or processing Modbus registers: A Modbus Exception Occurred - See Response Body
[2024-12-10T04:50:39.210Z] Error reading register 6507 for IP 10.30.4.128: A Modbus Exception Occurred - See Response Body
[2024-12-10T04:50:39.211Z] Error reading actual data: A Modbus Exception Occurred - See Response Body
[2024-12-10T04:50:39.211Z] Error writing to Modbus register: A Modbus Exception Occurred - See Response Body
[2024-12-10T04:50:40.220Z] Error reading or processing Modbus registers: A Modbus Exception Occurred - See Response Body
[2024-12-10T04:50:40.222Z] Error reading register 6507 for IP 10.30.4.128: A Modbus Exception Occurred - See Response Body
[2024-12-10T04:50:40.222Z] Error reading actual data: A Modbus Exception Occurred - See Response Body
[2024-12-10T04:50:40.223Z] Error writing to Modbus register: A Modbus Exception Occurred - See Response Body
[2024-12-10T04:50:41.223Z] Error reading or processing Modbus registers: A Modbus Exception Occurred - See Response Body
[2024-12-10T04:50:41.225Z] Error reading register 6507 for IP 10.30.4.128: A Modbus Exception Occurred - See Response Body
[2024-12-10T04:50:41.225Z] Error reading actual data: A Modbus Exception Occurred - See Response Body
[2024-12-10T04:50:41.226Z] Error writing to Modbus register: A Modbus Exception Occurred - See Response Body
[2024-12-10T04:50:42.234Z] Error reading or processing Modbus registers: A Modbus Exception Occurred - See Response Body
[2024-12-10T04:50:42.236Z] Error reading register 6507 for IP 10.30.4.128: A Modbus Exception Occurred - See Response Body
[2024-12-10T04:50:42.237Z] Error reading actual data: A Modbus Exception Occurred - See Response Body
[2024-12-10T04:50:42.237Z] Error writing to Modbus register: A Modbus Exception Occurred - See Response Body
[2024-12-10T04:50:43.238Z] Error reading or processing Modbus registers: A Modbus Exception Occurred - See Response Body
[2024-12-10T04:50:43.240Z] Error reading register 6507 for IP 10.30.4.128: A Modbus Exception Occurred - See Response Body
[2024-12-10T04:50:43.241Z] Error reading actual data: A Modbus Exception Occurred - See Response Body
[2024-12-10T04:50:43.241Z] Error writing to Modbus register: A Modbus Exception Occurred - See Response Body
[2024-12-10T04:50:44.238Z] Error reading or processing Modbus registers: A Modbus Exception Occurred - See Response Body
[2024-12-10T04:50:44.240Z] Error reading register 6507 for IP 10.30.4.128: A Modbus Exception Occurred - See Response Body
[2024-12-10T04:50:44.240Z] Error reading actual data: A Modbus Exception Occurred - See Response Body
[2024-12-10T04:50:44.241Z] Error writing to Modbus register: A Modbus Exception Occurred - See Response Body
[2024-12-10T04:50:45.240Z] Error reading or processing Modbus registers: A Modbus Exception Occurred - See Response Body
[2024-12-10T04:50:45.243Z] Error reading register 6507 for IP 10.30.4.128: A Modbus Exception Occurred - See Response Body
[2024-12-10T04:50:45.244Z] Error reading actual data: A Modbus Exception Occurred - See Response Body
[2024-12-10T04:50:45.244Z] Error writing to Modbus register: A Modbus Exception Occurred - See Response Body
[2024-12-10T04:50:46.251Z] Error reading or processing Modbus registers: A Modbus Exception Occurred - See Response Body
[2024-12-10T04:50:46.253Z] Error reading register 6507 for IP 10.30.4.128: A Modbus Exception Occurred - See Response Body
[2024-12-10T04:50:46.253Z] Error reading actual data: A Modbus Exception Occurred - See Response Body
[2024-12-10T04:50:46.254Z] Error writing to Modbus register: A Modbus Exception Occurred - See Response Body
[2024-12-10T04:50:47.251Z] Error reading or processing Modbus registers: A Modbus Exception Occurred - See Response Body
[2024-12-10T04:50:47.253Z] Error reading register 6507 for IP 10.30.4.128: A Modbus Exception Occurred - See Response Body
[2024-12-10T04:50:47.253Z] Error reading actual data: A Modbus Exception Occurred - See Response Body
[2024-12-10T04:50:47.254Z] Error writing to Modbus register: A Modbus Exception Occurred - See Response Body
[2024-12-10T04:50:48.266Z] Error reading or processing Modbus registers: A Modbus Exception Occurred - See Response Body
[2024-12-10T04:50:48.268Z] Error reading register 6507 for IP 10.30.4.128: A Modbus Exception Occurred - See Response Body
[2024-12-10T04:50:48.269Z] Error reading actual data: A Modbus Exception Occurred - See Response Body
[2024-12-10T04:50:48.270Z] Error writing to Modbus register: A Modbus Exception Occurred - See Response Body
[2024-12-10T04:50:49.266Z] Error reading or processing Modbus registers: A Modbus Exception Occurred - See Response Body
[2024-12-10T04:50:49.268Z] Error reading register 6507 for IP 10.30.4.128: A Modbus Exception Occurred - See Response Body
[2024-12-10T04:50:49.269Z] Error reading actual data: A Modbus Exception Occurred - See Response Body
[2024-12-10T04:50:49.270Z] Error writing to Modbus register: A Modbus Exception Occurred - See Response Body
[2024-12-10T04:50:50.278Z] Error reading or processing Modbus registers: A Modbus Exception Occurred - See Response Body
[2024-12-10T04:50:50.280Z] Error reading register 6507 for IP 10.30.4.128: A Modbus Exception Occurred - See Response Body
[2024-12-10T04:50:50.280Z] Error reading actual data: A Modbus Exception Occurred - See Response Body
[2024-12-10T04:50:50.281Z] Error writing to Modbus register: A Modbus Exception Occurred - See Response Body
[2024-12-10T04:50:51.279Z] Error reading or processing Modbus registers: A Modbus Exception Occurred - See Response Body
[2024-12-10T04:50:51.280Z] Error reading register 6507 for IP 10.30.4.128: A Modbus Exception Occurred - See Response Body
[2024-12-10T04:50:51.281Z] Error reading actual data: A Modbus Exception Occurred - See Response Body
[2024-12-10T04:50:51.281Z] Error writing to Modbus register: A Modbus Exception Occurred - See Response Body
[2024-12-10T04:50:52.280Z] Error reading or processing Modbus registers: A Modbus Exception Occurred - See Response Body
[2024-12-10T04:50:52.282Z] Error reading register 6507 for IP 10.30.4.128: A Modbus Exception Occurred - See Response Body
[2024-12-10T04:50:52.282Z] Error reading actual data: A Modbus Exception Occurred - See Response Body
[2024-12-10T04:50:52.283Z] Error writing to Modbus register: A Modbus Exception Occurred - See Response Body
[2024-12-10T04:50:53.294Z] Error reading or processing Modbus registers: A Modbus Exception Occurred - See Response Body
[2024-12-10T04:50:53.299Z] Error reading register 6507 for IP 10.30.4.128: A Modbus Exception Occurred - See Response Body
[2024-12-10T04:50:53.299Z] Error reading actual data: A Modbus Exception Occurred - See Response Body
[2024-12-10T04:50:53.300Z] Error writing to Modbus register: A Modbus Exception Occurred - See Response Body
[2024-12-10T04:50:54.297Z] Error reading or processing Modbus registers: A Modbus Exception Occurred - See Response Body
[2024-12-10T04:50:54.299Z] Error reading register 6507 for IP 10.30.4.128: A Modbus Exception Occurred - See Response Body
[2024-12-10T04:50:54.300Z] Error reading actual data: A Modbus Exception Occurred - See Response Body
[2024-12-10T04:50:54.300Z] Error writing to Modbus register: A Modbus Exception Occurred - See Response Body
[2024-12-10T04:50:55.300Z] Error reading or processing Modbus registers: A Modbus Exception Occurred - See Response Body
[2024-12-10T04:50:55.303Z] Error reading register 6507 for IP 10.30.4.128: A Modbus Exception Occurred - See Response Body
[2024-12-10T04:50:55.304Z] Error reading actual data: A Modbus Exception Occurred - See Response Body
[2024-12-10T04:50:55.304Z] Error writing to Modbus register: A Modbus Exception Occurred - See Response Body
[2024-12-10T04:50:56.303Z] Error reading or processing Modbus registers: A Modbus Exception Occurred - See Response Body
[2024-12-10T04:50:56.306Z] Error reading register 6507 for IP 10.30.4.128: A Modbus Exception Occurred - See Response Body
[2024-12-10T04:50:56.306Z] Error reading actual data: A Modbus Exception Occurred - See Response Body
[2024-12-10T04:50:56.307Z] Error writing to Modbus register: A Modbus Exception Occurred - See Response Body
[2024-12-10T04:50:57.304Z] Error reading or processing Modbus registers: A Modbus Exception Occurred - See Response Body
[2024-12-10T04:50:57.306Z] Error reading register 6507 for IP 10.30.4.128: A Modbus Exception Occurred - See Response Body
[2024-12-10T04:50:57.307Z] Error reading actual data: A Modbus Exception Occurred - See Response Body
[2024-12-10T04:50:57.308Z] Error writing to Modbus register: A Modbus Exception Occurred - See Response Body
[2024-12-10T04:50:58.307Z] Error reading or processing Modbus registers: A Modbus Exception Occurred - See Response Body
[2024-12-10T04:50:58.309Z] Error reading register 6507 for IP 10.30.4.128: A Modbus Exception Occurred - See Response Body
[2024-12-10T04:50:58.310Z] Error reading actual data: A Modbus Exception Occurred - See Response Body
[2024-12-10T04:50:58.311Z] Error writing to Modbus register: A Modbus Exception Occurred - See Response Body
[2024-12-10T04:50:59.322Z] Error reading or processing Modbus registers: A Modbus Exception Occurred - See Response Body
[2024-12-10T04:50:59.325Z] Error reading register 6507 for IP 10.30.4.128: A Modbus Exception Occurred - See Response Body
[2024-12-10T04:50:59.325Z] Error reading actual data: A Modbus Exception Occurred - See Response Body
[2024-12-10T04:50:59.326Z] Error writing to Modbus register: A Modbus Exception Occurred - See Response Body
[2024-12-10T04:51:00.335Z] Error reading or processing Modbus registers: A Modbus Exception Occurred - See Response Body
[2024-12-10T04:51:00.337Z] Error reading register 6507 for IP 10.30.4.128: A Modbus Exception Occurred - See Response Body
[2024-12-10T04:51:00.338Z] Error reading actual data: A Modbus Exception Occurred - See Response Body
[2024-12-10T04:51:00.338Z] Error writing to Modbus register: A Modbus Exception Occurred - See Response Body
[2024-12-10T04:51:01.350Z] Error reading or processing Modbus registers: A Modbus Exception Occurred - See Response Body
[2024-12-10T04:51:01.351Z] Error reading register 6507 for IP 10.30.4.128: A Modbus Exception Occurred - See Response Body
[2024-12-10T04:51:01.352Z] Error reading actual data: A Modbus Exception Occurred - See Response Body
[2024-12-10T04:51:01.353Z] Error writing to Modbus register: A Modbus Exception Occurred - See Response Body
[2024-12-10T04:51:02.351Z] Error reading or processing Modbus registers: A Modbus Exception Occurred - See Response Body
[2024-12-10T04:51:02.353Z] Error reading register 6507 for IP 10.30.4.128: A Modbus Exception Occurred - See Response Body
[2024-12-10T04:51:02.354Z] Error reading actual data: A Modbus Exception Occurred - See Response Body
[2024-12-10T04:51:02.355Z] Error writing to Modbus register: A Modbus Exception Occurred - See Response Body
[2024-12-10T04:51:03.364Z] Error reading or processing Modbus registers: A Modbus Exception Occurred - See Response Body
[2024-12-10T04:51:03.366Z] Error reading register 6507 for IP 10.30.4.128: A Modbus Exception Occurred - See Response Body
[2024-12-10T04:51:03.367Z] Error reading actual data: A Modbus Exception Occurred - See Response Body
[2024-12-10T04:51:03.368Z] Error writing to Modbus register: A Modbus Exception Occurred - See Response Body
[2024-12-10T04:51:04.376Z] Error reading or processing Modbus registers: A Modbus Exception Occurred - See Response Body
[2024-12-10T04:51:04.378Z] Error reading register 6507 for IP 10.30.4.128: A Modbus Exception Occurred - See Response Body
[2024-12-10T04:51:04.379Z] Error reading actual data: A Modbus Exception Occurred - See Response Body
[2024-12-10T04:51:04.380Z] Error writing to Modbus register: A Modbus Exception Occurred - See Response Body
[2024-12-10T04:51:05.376Z] Error reading or processing Modbus registers: A Modbus Exception Occurred - See Response Body
[2024-12-10T04:51:05.379Z] Error reading register 6507 for IP 10.30.4.128: A Modbus Exception Occurred - See Response Body
[2024-12-10T04:51:05.380Z] Error reading actual data: A Modbus Exception Occurred - See Response Body
[2024-12-10T04:51:05.380Z] Error writing to Modbus register: A Modbus Exception Occurred - See Response Body
[2024-12-10T04:51:06.386Z] Error reading or processing Modbus registers: A Modbus Exception Occurred - See Response Body
[2024-12-10T04:51:06.389Z] Error reading register 6507 for IP 10.30.4.128: A Modbus Exception Occurred - See Response Body
[2024-12-10T04:51:06.390Z] Error reading actual data: A Modbus Exception Occurred - See Response Body
[2024-12-10T04:51:06.390Z] Error writing to Modbus register: A Modbus Exception Occurred - See Response Body
[2024-12-10T04:51:07.398Z] Error reading or processing Modbus registers: A Modbus Exception Occurred - See Response Body
[2024-12-10T04:51:07.400Z] Error reading register 6507 for IP 10.30.4.128: A Modbus Exception Occurred - See Response Body
[2024-12-10T04:51:07.401Z] Error reading actual data: A Modbus Exception Occurred - See Response Body
[2024-12-10T04:51:07.401Z] Error writing to Modbus register: A Modbus Exception Occurred - See Response Body
[2024-12-10T04:51:08.413Z] Error reading or processing Modbus registers: A Modbus Exception Occurred - See Response Body
[2024-12-10T04:51:08.415Z] Error reading register 6507 for IP 10.30.4.128: A Modbus Exception Occurred - See Response Body
[2024-12-10T04:51:08.416Z] Error reading actual data: A Modbus Exception Occurred - See Response Body
[2024-12-10T04:51:08.416Z] Error writing to Modbus register: A Modbus Exception Occurred - See Response Body
[2024-12-10T04:51:09.427Z] Error reading or processing Modbus registers: A Modbus Exception Occurred - See Response Body
[2024-12-10T04:51:09.429Z] Error reading register 6507 for IP 10.30.4.128: A Modbus Exception Occurred - See Response Body
[2024-12-10T04:51:09.430Z] Error reading actual data: A Modbus Exception Occurred - See Response Body
[2024-12-10T04:51:09.430Z] Error writing to Modbus register: A Modbus Exception Occurred - See Response Body
[2024-12-10T04:51:10.440Z] Error reading or processing Modbus registers: A Modbus Exception Occurred - See Response Body
[2024-12-10T04:51:10.442Z] Error reading register 6507 for IP 10.30.4.128: A Modbus Exception Occurred - See Response Body
[2024-12-10T04:51:10.442Z] Error reading actual data: A Modbus Exception Occurred - See Response Body
[2024-12-10T04:51:10.443Z] Error writing to Modbus register: A Modbus Exception Occurred - See Response Body
[2024-12-10T04:51:11.440Z] Error reading or processing Modbus registers: A Modbus Exception Occurred - See Response Body
[2024-12-10T04:51:11.443Z] Error reading register 6507 for IP 10.30.4.128: A Modbus Exception Occurred - See Response Body
[2024-12-10T04:51:11.444Z] Error writing to Modbus register: A Modbus Exception Occurred - See Response Body
[2024-12-10T04:51:11.444Z] Error reading actual data: A Modbus Exception Occurred - See Response Body
[2024-12-10T04:51:12.449Z] Error reading or processing Modbus registers: A Modbus Exception Occurred - See Response Body
[2024-12-10T04:51:12.451Z] Error reading register 6507 for IP 10.30.4.128: A Modbus Exception Occurred - See Response Body
[2024-12-10T04:51:12.452Z] Error reading actual data: A Modbus Exception Occurred - See Response Body
[2024-12-10T04:51:12.452Z] Error writing to Modbus register: A Modbus Exception Occurred - See Response Body
[2024-12-10T04:51:13.463Z] Error reading or processing Modbus registers: A Modbus Exception Occurred - See Response Body
[2024-12-10T04:51:13.465Z] Error reading register 6507 for IP 10.30.4.128: A Modbus Exception Occurred - See Response Body
[2024-12-10T04:51:13.466Z] Error reading actual data: A Modbus Exception Occurred - See Response Body
[2024-12-10T04:51:13.466Z] Error writing to Modbus register: A Modbus Exception Occurred - See Response Body
[2024-12-10T04:51:14.465Z] Error reading or processing Modbus registers: A Modbus Exception Occurred - See Response Body
[2024-12-10T04:51:14.467Z] Error reading register 6507 for IP 10.30.4.128: A Modbus Exception Occurred - See Response Body
[2024-12-10T04:51:14.468Z] Error reading actual data: A Modbus Exception Occurred - See Response Body
[2024-12-10T04:51:14.468Z] Error writing to Modbus register: A Modbus Exception Occurred - See Response Body
[2024-12-10T04:51:15.465Z] Error reading or processing Modbus registers: A Modbus Exception Occurred - See Response Body
[2024-12-10T04:51:15.467Z] Error reading register 6507 for IP 10.30.4.128: A Modbus Exception Occurred - See Response Body
[2024-12-10T04:51:15.468Z] Error reading actual data: A Modbus Exception Occurred - See Response Body
[2024-12-10T04:51:15.468Z] Error writing to Modbus register: A Modbus Exception Occurred - See Response Body
[2024-12-10T04:51:16.479Z] Error reading or processing Modbus registers: A Modbus Exception Occurred - See Response Body
[2024-12-10T04:51:16.481Z] Error reading register 6507 for IP 10.30.4.128: A Modbus Exception Occurred - See Response Body
[2024-12-10T04:51:16.482Z] Error reading actual data: A Modbus Exception Occurred - See Response Body
[2024-12-10T04:51:16.482Z] Error writing to Modbus register: A Modbus Exception Occurred - See Response Body
[2024-12-10T04:51:17.492Z] Error reading or processing Modbus registers: A Modbus Exception Occurred - See Response Body
[2024-12-10T04:51:17.495Z] Error reading register 6507 for IP 10.30.4.128: A Modbus Exception Occurred - See Response Body
[2024-12-10T04:51:17.495Z] Error reading actual data: A Modbus Exception Occurred - See Response Body
[2024-12-10T04:51:17.496Z] Error writing to Modbus register: A Modbus Exception Occurred - See Response Body
[2024-12-10T04:51:18.508Z] Error reading or processing Modbus registers: A Modbus Exception Occurred - See Response Body
[2024-12-10T04:51:18.509Z] Error reading register 6507 for IP 10.30.4.128: A Modbus Exception Occurred - See Response Body
[2024-12-10T04:51:18.510Z] Error reading actual data: A Modbus Exception Occurred - See Response Body
[2024-12-10T04:51:18.511Z] Error writing to Modbus register: A Modbus Exception Occurred - See Response Body
[2024-12-10T04:51:19.521Z] Error reading or processing Modbus registers: A Modbus Exception Occurred - See Response Body
[2024-12-10T04:51:19.523Z] Error reading register 6507 for IP 10.30.4.128: A Modbus Exception Occurred - See Response Body
[2024-12-10T04:51:19.524Z] Error reading actual data: A Modbus Exception Occurred - See Response Body
[2024-12-10T04:51:19.524Z] Error writing to Modbus register: A Modbus Exception Occurred - See Response Body
[2024-12-10T04:51:20.535Z] Error reading or processing Modbus registers: A Modbus Exception Occurred - See Response Body
[2024-12-10T04:51:20.538Z] Error reading register 6507 for IP 10.30.4.128: A Modbus Exception Occurred - See Response Body
[2024-12-10T04:51:20.538Z] Error reading actual data: A Modbus Exception Occurred - See Response Body
[2024-12-10T04:51:20.539Z] Error writing to Modbus register: A Modbus Exception Occurred - See Response Body
[2024-12-10T04:51:21.536Z] Error reading or processing Modbus registers: A Modbus Exception Occurred - See Response Body
[2024-12-10T04:51:21.538Z] Error reading register 6507 for IP 10.30.4.128: A Modbus Exception Occurred - See Response Body
[2024-12-10T04:51:21.539Z] Error reading actual data: A Modbus Exception Occurred - See Response Body
[2024-12-10T04:51:21.540Z] Error writing to Modbus register: A Modbus Exception Occurred - See Response Body
[2024-12-10T04:51:22.536Z] Error reading or processing Modbus registers: A Modbus Exception Occurred - See Response Body
[2024-12-10T04:51:22.538Z] Error reading register 6507 for IP 10.30.4.128: A Modbus Exception Occurred - See Response Body
[2024-12-10T04:51:22.539Z] Error reading actual data: A Modbus Exception Occurred - See Response Body
[2024-12-10T04:51:22.539Z] Error writing to Modbus register: A Modbus Exception Occurred - See Response Body
[2024-12-10T04:51:23.538Z] Error reading or processing Modbus registers: A Modbus Exception Occurred - See Response Body
[2024-12-10T04:51:23.541Z] Error reading register 6507 for IP 10.30.4.128: A Modbus Exception Occurred - See Response Body
[2024-12-10T04:51:23.541Z] Error reading actual data: A Modbus Exception Occurred - See Response Body
[2024-12-10T04:51:23.542Z] Error writing to Modbus register: A Modbus Exception Occurred - See Response Body
[2024-12-10T04:51:24.552Z] Error reading or processing Modbus registers: A Modbus Exception Occurred - See Response Body
[2024-12-10T04:51:24.554Z] Error reading register 6507 for IP 10.30.4.128: A Modbus Exception Occurred - See Response Body
[2024-12-10T04:51:24.555Z] Error reading actual data: A Modbus Exception Occurred - See Response Body
[2024-12-10T04:51:24.555Z] Error writing to Modbus register: A Modbus Exception Occurred - See Response Body
[2024-12-10T04:51:25.553Z] Error reading or processing Modbus registers: A Modbus Exception Occurred - See Response Body
[2024-12-10T04:51:25.555Z] Error reading register 6507 for IP 10.30.4.128: A Modbus Exception Occurred - See Response Body
[2024-12-10T04:51:25.556Z] Error reading actual data: A Modbus Exception Occurred - See Response Body
[2024-12-10T04:51:25.556Z] Error writing to Modbus register: A Modbus Exception Occurred - See Response Body
[2024-12-10T04:51:26.554Z] Error reading or processing Modbus registers: A Modbus Exception Occurred - See Response Body
[2024-12-10T04:51:26.556Z] Error reading register 6507 for IP 10.30.4.128: A Modbus Exception Occurred - See Response Body
[2024-12-10T04:51:26.557Z] Error reading actual data: A Modbus Exception Occurred - See Response Body
[2024-12-10T04:51:26.558Z] Error writing to Modbus register: A Modbus Exception Occurred - See Response Body
[2024-12-10T04:51:27.554Z] Error reading or processing Modbus registers: A Modbus Exception Occurred - See Response Body
[2024-12-10T04:51:27.556Z] Error reading register 6507 for IP 10.30.4.128: A Modbus Exception Occurred - See Response Body
[2024-12-10T04:51:27.557Z] Error reading actual data: A Modbus Exception Occurred - See Response Body
[2024-12-10T04:51:27.557Z] Error writing to Modbus register: A Modbus Exception Occurred - See Response Body
[2024-12-10T04:51:28.568Z] Error reading or processing Modbus registers: A Modbus Exception Occurred - See Response Body
[2024-12-10T04:51:28.571Z] Error reading register 6507 for IP 10.30.4.128: A Modbus Exception Occurred - See Response Body
[2024-12-10T04:51:28.571Z] Error reading actual data: A Modbus Exception Occurred - See Response Body
[2024-12-10T04:51:28.572Z] Error writing to Modbus register: A Modbus Exception Occurred - See Response Body
[2024-12-10T04:51:29.569Z] Error reading or processing Modbus registers: A Modbus Exception Occurred - See Response Body
[2024-12-10T04:51:29.572Z] Error reading register 6507 for IP 10.30.4.128: A Modbus Exception Occurred - See Response Body
[2024-12-10T04:51:29.572Z] Error reading actual data: A Modbus Exception Occurred - See Response Body
[2024-12-10T04:51:29.573Z] Error writing to Modbus register: A Modbus Exception Occurred - See Response Body
[2024-12-10T04:51:30.580Z] Error reading or processing Modbus registers: A Modbus Exception Occurred - See Response Body
[2024-12-10T04:51:30.582Z] Error reading register 6507 for IP 10.30.4.128: A Modbus Exception Occurred - See Response Body
[2024-12-10T04:51:30.583Z] Error reading actual data: A Modbus Exception Occurred - See Response Body
[2024-12-10T04:51:30.584Z] Error writing to Modbus register: A Modbus Exception Occurred - See Response Body
[2024-12-10T04:51:31.581Z] Error reading or processing Modbus registers: A Modbus Exception Occurred - See Response Body
[2024-12-10T04:51:31.583Z] Error reading register 6507 for IP 10.30.4.128: A Modbus Exception Occurred - See Response Body
[2024-12-10T04:51:31.584Z] Error reading actual data: A Modbus Exception Occurred - See Response Body
[2024-12-10T04:51:31.585Z] Error writing to Modbus register: A Modbus Exception Occurred - See Response Body
[2024-12-10T04:51:32.593Z] Error reading or processing Modbus registers: A Modbus Exception Occurred - See Response Body
[2024-12-10T04:51:32.595Z] Error reading register 6507 for IP 10.30.4.128: A Modbus Exception Occurred - See Response Body
[2024-12-10T04:51:32.596Z] Error reading actual data: A Modbus Exception Occurred - See Response Body
[2024-12-10T04:51:32.597Z] Error writing to Modbus register: A Modbus Exception Occurred - See Response Body
[2024-12-10T04:51:33.594Z] Error reading or processing Modbus registers: A Modbus Exception Occurred - See Response Body
[2024-12-10T04:51:33.596Z] Error reading register 6507 for IP 10.30.4.128: A Modbus Exception Occurred - See Response Body
[2024-12-10T04:51:33.597Z] Error reading actual data: A Modbus Exception Occurred - See Response Body
[2024-12-10T04:51:33.597Z] Error writing to Modbus register: A Modbus Exception Occurred - See Response Body
[2024-12-10T04:51:34.610Z] Error reading or processing Modbus registers: A Modbus Exception Occurred - See Response Body
[2024-12-10T04:51:34.613Z] Error reading register 6507 for IP 10.30.4.128: A Modbus Exception Occurred - See Response Body
[2024-12-10T04:51:34.613Z] Error reading actual data: A Modbus Exception Occurred - See Response Body
[2024-12-10T04:51:34.614Z] Error writing to Modbus register: A Modbus Exception Occurred - See Response Body
[2024-12-10T04:51:35.622Z] Error reading or processing Modbus registers: A Modbus Exception Occurred - See Response Body
[2024-12-10T04:51:35.624Z] Error reading register 6507 for IP 10.30.4.128: A Modbus Exception Occurred - See Response Body
[2024-12-10T04:51:35.625Z] Error reading actual data: A Modbus Exception Occurred - See Response Body
[2024-12-10T04:51:35.626Z] Error writing to Modbus register: A Modbus Exception Occurred - See Response Body
[2024-12-10T04:51:36.625Z] Error reading or processing Modbus registers: A Modbus Exception Occurred - See Response Body
[2024-12-10T04:51:36.628Z] Error reading register 6507 for IP 10.30.4.128: A Modbus Exception Occurred - See Response Body
[2024-12-10T04:51:36.628Z] Error reading actual data: A Modbus Exception Occurred - See Response Body
[2024-12-10T04:51:36.629Z] Error writing to Modbus register: A Modbus Exception Occurred - See Response Body
[2024-12-10T04:51:37.624Z] Error reading or processing Modbus registers: A Modbus Exception Occurred - See Response Body
[2024-12-10T04:51:37.626Z] Error reading register 6507 for IP 10.30.4.128: A Modbus Exception Occurred - See Response Body
[2024-12-10T04:51:37.627Z] Error reading actual data: A Modbus Exception Occurred - See Response Body
[2024-12-10T04:51:37.630Z] Error writing to Modbus register: A Modbus Exception Occurred - See Response Body
[2024-12-10T04:51:38.639Z] Error reading or processing Modbus registers: A Modbus Exception Occurred - See Response Body
[2024-12-10T04:51:38.641Z] Error reading register 6507 for IP 10.30.4.128: A Modbus Exception Occurred - See Response Body
[2024-12-10T04:51:38.642Z] Error reading actual data: A Modbus Exception Occurred - See Response Body
[2024-12-10T04:51:38.642Z] Error writing to Modbus register: A Modbus Exception Occurred - See Response Body
[2024-12-10T04:51:39.649Z] Error reading or processing Modbus registers: A Modbus Exception Occurred - See Response Body
[2024-12-10T04:51:39.651Z] Error reading register 6507 for IP 10.30.4.128: A Modbus Exception Occurred - See Response Body
[2024-12-10T04:51:39.651Z] Error reading actual data: A Modbus Exception Occurred - See Response Body
[2024-12-10T04:51:39.652Z] Error writing to Modbus register: A Modbus Exception Occurred - See Response Body
[2024-12-10T04:51:40.664Z] Error reading or processing Modbus registers: A Modbus Exception Occurred - See Response Body
[2024-12-10T04:51:40.666Z] Error reading register 6507 for IP 10.30.4.128: A Modbus Exception Occurred - See Response Body
[2024-12-10T04:51:40.667Z] Error reading actual data: A Modbus Exception Occurred - See Response Body
[2024-12-10T04:51:40.667Z] Error writing to Modbus register: A Modbus Exception Occurred - See Response Body
[2024-12-10T04:51:41.664Z] Error reading or processing Modbus registers: A Modbus Exception Occurred - See Response Body
[2024-12-10T04:51:41.666Z] Error reading register 6507 for IP 10.30.4.128: A Modbus Exception Occurred - See Response Body
[2024-12-10T04:51:41.667Z] Error reading actual data: A Modbus Exception Occurred - See Response Body
[2024-12-10T04:51:41.667Z] Error writing to Modbus register: A Modbus Exception Occurred - See Response Body
[2024-12-10T04:51:42.678Z] Error reading or processing Modbus registers: A Modbus Exception Occurred - See Response Body
[2024-12-10T04:51:42.679Z] Error reading register 6507 for IP 10.30.4.128: A Modbus Exception Occurred - See Response Body
[2024-12-10T04:51:42.680Z] Error reading actual data: A Modbus Exception Occurred - See Response Body
[2024-12-10T04:51:42.681Z] Error writing to Modbus register: A Modbus Exception Occurred - See Response Body
[2024-12-10T04:51:43.692Z] Error reading or processing Modbus registers: A Modbus Exception Occurred - See Response Body
[2024-12-10T04:51:43.694Z] Error reading register 6507 for IP 10.30.4.128: A Modbus Exception Occurred - See Response Body
[2024-12-10T04:51:43.695Z] Error reading actual data: A Modbus Exception Occurred - See Response Body
[2024-12-10T04:51:43.695Z] Error writing to Modbus register: A Modbus Exception Occurred - See Response Body
[2024-12-10T04:51:44.707Z] Error reading or processing Modbus registers: A Modbus Exception Occurred - See Response Body
[2024-12-10T04:51:44.709Z] Error reading register 6507 for IP 10.30.4.128: A Modbus Exception Occurred - See Response Body
[2024-12-10T04:51:44.709Z] Error reading actual data: A Modbus Exception Occurred - See Response Body
[2024-12-10T04:51:44.710Z] Error writing to Modbus register: A Modbus Exception Occurred - See Response Body
[2024-12-10T04:51:45.707Z] Error reading or processing Modbus registers: A Modbus Exception Occurred - See Response Body
[2024-12-10T04:51:45.710Z] Error reading register 6507 for IP 10.30.4.128: A Modbus Exception Occurred - See Response Body
[2024-12-10T04:51:45.711Z] Error reading actual data: A Modbus Exception Occurred - See Response Body
[2024-12-10T04:51:45.711Z] Error writing to Modbus register: A Modbus Exception Occurred - See Response Body
[2024-12-10T04:51:46.722Z] Error reading or processing Modbus registers: A Modbus Exception Occurred - See Response Body
[2024-12-10T04:51:46.724Z] Error reading register 6507 for IP 10.30.4.128: A Modbus Exception Occurred - See Response Body
[2024-12-10T04:51:46.724Z] Error reading actual data: A Modbus Exception Occurred - See Response Body
[2024-12-10T04:51:46.725Z] Error writing to Modbus register: A Modbus Exception Occurred - See Response Body
[2024-12-10T04:51:47.724Z] Error reading or processing Modbus registers: A Modbus Exception Occurred - See Response Body
[2024-12-10T04:51:47.726Z] Error reading register 6507 for IP 10.30.4.128: A Modbus Exception Occurred - See Response Body
[2024-12-10T04:51:47.727Z] Error reading actual data: A Modbus Exception Occurred - See Response Body
[2024-12-10T04:51:47.727Z] Error writing to Modbus register: A Modbus Exception Occurred - See Response Body
[2024-12-10T04:51:48.724Z] Error reading or processing Modbus registers: A Modbus Exception Occurred - See Response Body
[2024-12-10T04:51:48.726Z] Error reading register 6507 for IP 10.30.4.128: A Modbus Exception Occurred - See Response Body
[2024-12-10T04:51:48.727Z] Error reading actual data: A Modbus Exception Occurred - See Response Body
[2024-12-10T04:51:48.727Z] Error writing to Modbus register: A Modbus Exception Occurred - See Response Body
[2024-12-10T04:51:49.728Z] Error reading or processing Modbus registers: A Modbus Exception Occurred - See Response Body
[2024-12-10T04:51:49.730Z] Error reading register 6507 for IP 10.30.4.128: A Modbus Exception Occurred - See Response Body
[2024-12-10T04:51:49.731Z] Error reading actual data: A Modbus Exception Occurred - See Response Body
[2024-12-10T04:51:49.731Z] Error writing to Modbus register: A Modbus Exception Occurred - See Response Body
[2024-12-10T04:51:50.731Z] Error reading or processing Modbus registers: A Modbus Exception Occurred - See Response Body
[2024-12-10T04:51:50.733Z] Error reading register 6507 for IP 10.30.4.128: A Modbus Exception Occurred - See Response Body
[2024-12-10T04:51:50.734Z] Error reading actual data: A Modbus Exception Occurred - See Response Body
[2024-12-10T04:51:50.734Z] Error writing to Modbus register: A Modbus Exception Occurred - See Response Body
[2024-12-10T04:51:51.732Z] Error reading or processing Modbus registers: A Modbus Exception Occurred - See Response Body
[2024-12-10T04:51:51.734Z] Error reading register 6507 for IP 10.30.4.128: A Modbus Exception Occurred - See Response Body
[2024-12-10T04:51:51.735Z] Error reading actual data: A Modbus Exception Occurred - See Response Body
[2024-12-10T04:51:51.735Z] Error writing to Modbus register: A Modbus Exception Occurred - See Response Body
[2024-12-10T04:51:52.733Z] Error reading or processing Modbus registers: A Modbus Exception Occurred - See Response Body
[2024-12-10T04:51:52.735Z] Error reading register 6507 for IP 10.30.4.128: A Modbus Exception Occurred - See Response Body
[2024-12-10T04:51:52.736Z] Error reading actual data: A Modbus Exception Occurred - See Response Body
[2024-12-10T04:51:52.736Z] Error writing to Modbus register: A Modbus Exception Occurred - See Response Body
[2024-12-10T04:51:53.735Z] Error reading or processing Modbus registers: A Modbus Exception Occurred - See Response Body
[2024-12-10T04:51:53.737Z] Error reading register 6507 for IP 10.30.4.128: A Modbus Exception Occurred - See Response Body
[2024-12-10T04:51:53.738Z] Error reading actual data: A Modbus Exception Occurred - See Response Body
[2024-12-10T04:51:53.738Z] Error writing to Modbus register: A Modbus Exception Occurred - See Response Body
[2024-12-10T04:51:54.747Z] Error reading or processing Modbus registers: A Modbus Exception Occurred - See Response Body
[2024-12-10T04:51:54.749Z] Error reading register 6507 for IP 10.30.4.128: A Modbus Exception Occurred - See Response Body
[2024-12-10T04:51:54.749Z] Error reading actual data: A Modbus Exception Occurred - See Response Body
[2024-12-10T04:51:54.750Z] Error writing to Modbus register: A Modbus Exception Occurred - See Response Body
[2024-12-10T04:51:55.761Z] Error reading or processing Modbus registers: A Modbus Exception Occurred - See Response Body
[2024-12-10T04:51:55.764Z] Error reading register 6507 for IP 10.30.4.128: A Modbus Exception Occurred - See Response Body
[2024-12-10T04:51:55.765Z] Error reading actual data: A Modbus Exception Occurred - See Response Body
[2024-12-10T04:51:55.765Z] Error writing to Modbus register: A Modbus Exception Occurred - See Response Body
[2024-12-10T04:51:56.764Z] Error reading or processing Modbus registers: A Modbus Exception Occurred - See Response Body
[2024-12-10T04:51:56.766Z] Error reading register 6507 for IP 10.30.4.128: A Modbus Exception Occurred - See Response Body
[2024-12-10T04:51:56.766Z] Error reading actual data: A Modbus Exception Occurred - See Response Body
[2024-12-10T04:51:56.767Z] Error writing to Modbus register: A Modbus Exception Occurred - See Response Body
[2024-12-10T04:51:57.766Z] Error reading or processing Modbus registers: A Modbus Exception Occurred - See Response Body
[2024-12-10T04:51:57.769Z] Error reading register 6507 for IP 10.30.4.128: A Modbus Exception Occurred - See Response Body
[2024-12-10T04:51:57.770Z] Error reading actual data: A Modbus Exception Occurred - See Response Body
[2024-12-10T04:51:57.770Z] Error writing to Modbus register: A Modbus Exception Occurred - See Response Body
[2024-12-10T04:51:58.769Z] Error reading or processing Modbus registers: A Modbus Exception Occurred - See Response Body
[2024-12-10T04:51:58.772Z] Error reading register 6507 for IP 10.30.4.128: A Modbus Exception Occurred - See Response Body
[2024-12-10T04:51:58.773Z] Error reading actual data: A Modbus Exception Occurred - See Response Body
[2024-12-10T04:51:58.773Z] Error writing to Modbus register: A Modbus Exception Occurred - See Response Body
[2024-12-10T04:51:59.771Z] Error reading or processing Modbus registers: A Modbus Exception Occurred - See Response Body
[2024-12-10T04:51:59.773Z] Error reading register 6507 for IP 10.30.4.128: A Modbus Exception Occurred - See Response Body
[2024-12-10T04:51:59.774Z] Error reading actual data: A Modbus Exception Occurred - See Response Body
[2024-12-10T04:51:59.774Z] Error writing to Modbus register: A Modbus Exception Occurred - See Response Body
[2024-12-10T04:52:00.785Z] Error reading or processing Modbus registers: A Modbus Exception Occurred - See Response Body
[2024-12-10T04:52:00.787Z] Error reading register 6507 for IP 10.30.4.128: A Modbus Exception Occurred - See Response Body
[2024-12-10T04:52:00.788Z] Error reading actual data: A Modbus Exception Occurred - See Response Body
[2024-12-10T04:52:00.789Z] Error writing to Modbus register: A Modbus Exception Occurred - See Response Body
[2024-12-10T04:52:01.795Z] Error reading or processing Modbus registers: A Modbus Exception Occurred - See Response Body
[2024-12-10T04:52:01.797Z] Error reading register 6507 for IP 10.30.4.128: A Modbus Exception Occurred - See Response Body
[2024-12-10T04:52:01.798Z] Error reading actual data: A Modbus Exception Occurred - See Response Body
[2024-12-10T04:52:01.799Z] Error writing to Modbus register: A Modbus Exception Occurred - See Response Body
[2024-12-10T04:52:02.811Z] Error reading or processing Modbus registers: A Modbus Exception Occurred - See Response Body
[2024-12-10T04:52:02.812Z] Error reading register 6507 for IP 10.30.4.128: A Modbus Exception Occurred - See Response Body
[2024-12-10T04:52:02.813Z] Error reading actual data: A Modbus Exception Occurred - See Response Body
[2024-12-10T04:52:02.814Z] Error writing to Modbus register: A Modbus Exception Occurred - See Response Body
[2024-12-10T04:52:03.825Z] Error reading or processing Modbus registers: A Modbus Exception Occurred - See Response Body
[2024-12-10T04:52:03.828Z] Error reading register 6507 for IP 10.30.4.128: A Modbus Exception Occurred - See Response Body
[2024-12-10T04:52:03.828Z] Error reading actual data: A Modbus Exception Occurred - See Response Body
[2024-12-10T04:52:03.829Z] Error writing to Modbus register: A Modbus Exception Occurred - See Response Body
[2024-12-10T04:52:04.829Z] Error reading or processing Modbus registers: A Modbus Exception Occurred - See Response Body
[2024-12-10T04:52:04.832Z] Error reading register 6507 for IP 10.30.4.128: A Modbus Exception Occurred - See Response Body
[2024-12-10T04:52:04.832Z] Error reading actual data: A Modbus Exception Occurred - See Response Body
[2024-12-10T04:52:04.833Z] Error writing to Modbus register: A Modbus Exception Occurred - See Response Body
[2024-12-10T04:52:05.832Z] Error reading or processing Modbus registers: A Modbus Exception Occurred - See Response Body
[2024-12-10T04:52:05.834Z] Error reading register 6507 for IP 10.30.4.128: A Modbus Exception Occurred - See Response Body
[2024-12-10T04:52:05.835Z] Error reading actual data: A Modbus Exception Occurred - See Response Body
[2024-12-10T04:52:05.836Z] Error writing to Modbus register: A Modbus Exception Occurred - See Response Body
[2024-12-10T04:52:06.846Z] Error reading or processing Modbus registers: A Modbus Exception Occurred - See Response Body
[2024-12-10T04:52:06.848Z] Error reading register 6507 for IP 10.30.4.128: A Modbus Exception Occurred - See Response Body
[2024-12-10T04:52:06.849Z] Error reading actual data: A Modbus Exception Occurred - See Response Body
[2024-12-10T04:52:06.849Z] Error writing to Modbus register: A Modbus Exception Occurred - See Response Body
[2024-12-10T04:52:07.859Z] Error reading or processing Modbus registers: A Modbus Exception Occurred - See Response Body
[2024-12-10T04:52:07.861Z] Error reading register 6507 for IP 10.30.4.128: A Modbus Exception Occurred - See Response Body
[2024-12-10T04:52:07.862Z] Error reading actual data: A Modbus Exception Occurred - See Response Body
[2024-12-10T04:52:07.862Z] Error writing to Modbus register: A Modbus Exception Occurred - See Response Body
[2024-12-10T04:52:08.860Z] Error reading or processing Modbus registers: A Modbus Exception Occurred - See Response Body
[2024-12-10T04:52:08.862Z] Error reading register 6507 for IP 10.30.4.128: A Modbus Exception Occurred - See Response Body
[2024-12-10T04:52:08.863Z] Error reading actual data: A Modbus Exception Occurred - See Response Body
[2024-12-10T04:52:08.863Z] Error writing to Modbus register: A Modbus Exception Occurred - See Response Body
[2024-12-10T04:52:09.862Z] Error reading or processing Modbus registers: A Modbus Exception Occurred - See Response Body
[2024-12-10T04:52:09.864Z] Error reading register 6507 for IP 10.30.4.128: A Modbus Exception Occurred - See Response Body
[2024-12-10T04:52:09.864Z] Error reading actual data: A Modbus Exception Occurred - See Response Body
[2024-12-10T04:52:09.865Z] Error writing to Modbus register: A Modbus Exception Occurred - See Response Body
[2024-12-10T04:52:10.877Z] Error reading or processing Modbus registers: A Modbus Exception Occurred - See Response Body
[2024-12-10T04:52:10.879Z] Error reading register 6507 for IP 10.30.4.128: A Modbus Exception Occurred - See Response Body
[2024-12-10T04:52:10.880Z] Error reading actual data: A Modbus Exception Occurred - See Response Body
[2024-12-10T04:52:10.881Z] Error writing to Modbus register: A Modbus Exception Occurred - See Response Body
[2024-12-10T04:52:11.879Z] Error reading or processing Modbus registers: A Modbus Exception Occurred - See Response Body
[2024-12-10T04:52:11.881Z] Error reading register 6507 for IP 10.30.4.128: A Modbus Exception Occurred - See Response Body
[2024-12-10T04:52:11.882Z] Error reading actual data: A Modbus Exception Occurred - See Response Body
[2024-12-10T04:52:11.882Z] Error writing to Modbus register: A Modbus Exception Occurred - See Response Body
[2024-12-10T04:52:12.885Z] Error reading or processing Modbus registers: A Modbus Exception Occurred - See Response Body
[2024-12-10T04:52:12.887Z] Error reading register 6507 for IP 10.30.4.128: A Modbus Exception Occurred - See Response Body
[2024-12-10T04:52:12.887Z] Error reading actual data: A Modbus Exception Occurred - See Response Body
[2024-12-10T04:52:12.888Z] Error writing to Modbus register: A Modbus Exception Occurred - See Response Body
[2024-12-10T04:52:13.898Z] Error reading or processing Modbus registers: A Modbus Exception Occurred - See Response Body
[2024-12-10T04:52:13.900Z] Error reading register 6507 for IP 10.30.4.128: A Modbus Exception Occurred - See Response Body
[2024-12-10T04:52:13.901Z] Error reading actual data: A Modbus Exception Occurred - See Response Body
[2024-12-10T04:52:13.901Z] Error writing to Modbus register: A Modbus Exception Occurred - See Response Body
[2024-12-10T04:52:14.912Z] Error reading or processing Modbus registers: A Modbus Exception Occurred - See Response Body
[2024-12-10T04:52:14.916Z] Error reading register 6507 for IP 10.30.4.128: A Modbus Exception Occurred - See Response Body
[2024-12-10T04:52:14.916Z] Error reading actual data: A Modbus Exception Occurred - See Response Body
[2024-12-10T04:52:14.917Z] Error writing to Modbus register: A Modbus Exception Occurred - See Response Body
[2024-12-10T04:52:15.912Z] Error reading or processing Modbus registers: A Modbus Exception Occurred - See Response Body
[2024-12-10T04:52:15.915Z] Error reading register 6507 for IP 10.30.4.128: A Modbus Exception Occurred - See Response Body
[2024-12-10T04:52:15.915Z] Error reading actual data: A Modbus Exception Occurred - See Response Body
[2024-12-10T04:52:15.916Z] Error writing to Modbus register: A Modbus Exception Occurred - See Response Body
[2024-12-10T04:52:16.918Z] Error reading or processing Modbus registers: A Modbus Exception Occurred - See Response Body
[2024-12-10T04:52:16.921Z] Error reading register 6507 for IP 10.30.4.128: A Modbus Exception Occurred - See Response Body
[2024-12-10T04:52:16.921Z] Error reading actual data: A Modbus Exception Occurred - See Response Body
[2024-12-10T04:52:16.922Z] Error writing to Modbus register: A Modbus Exception Occurred - See Response Body
[2024-12-10T04:52:17.933Z] Error reading or processing Modbus registers: A Modbus Exception Occurred - See Response Body
[2024-12-10T04:52:17.936Z] Error reading register 6507 for IP 10.30.4.128: A Modbus Exception Occurred - See Response Body
[2024-12-10T04:52:17.936Z] Error reading actual data: A Modbus Exception Occurred - See Response Body
[2024-12-10T04:52:17.937Z] Error writing to Modbus register: A Modbus Exception Occurred - See Response Body
[2024-12-10T04:52:18.946Z] Error reading or processing Modbus registers: A Modbus Exception Occurred - See Response Body
[2024-12-10T04:52:18.949Z] Error reading register 6507 for IP 10.30.4.128: A Modbus Exception Occurred - See Response Body
[2024-12-10T04:52:18.949Z] Error reading actual data: A Modbus Exception Occurred - See Response Body
[2024-12-10T04:52:18.950Z] Error writing to Modbus register: A Modbus Exception Occurred - See Response Body
[2024-12-10T04:52:19.949Z] Error reading or processing Modbus registers: A Modbus Exception Occurred - See Response Body
[2024-12-10T04:52:19.952Z] Error reading register 6507 for IP 10.30.4.128: A Modbus Exception Occurred - See Response Body
[2024-12-10T04:52:19.953Z] Error reading actual data: A Modbus Exception Occurred - See Response Body
[2024-12-10T04:52:19.954Z] Error writing to Modbus register: A Modbus Exception Occurred - See Response Body
[2024-12-10T04:52:20.963Z] Error reading or processing Modbus registers: A Modbus Exception Occurred - See Response Body
[2024-12-10T04:52:20.965Z] Error reading register 6507 for IP 10.30.4.128: A Modbus Exception Occurred - See Response Body
[2024-12-10T04:52:20.966Z] Error reading actual data: A Modbus Exception Occurred - See Response Body
[2024-12-10T04:52:20.966Z] Error writing to Modbus register: A Modbus Exception Occurred - See Response Body
[2024-12-10T04:52:21.967Z] Error reading or processing Modbus registers: A Modbus Exception Occurred - See Response Body
[2024-12-10T04:52:21.969Z] Error reading register 6507 for IP 10.30.4.128: A Modbus Exception Occurred - See Response Body
[2024-12-10T04:52:21.970Z] Error reading actual data: A Modbus Exception Occurred - See Response Body
[2024-12-10T04:52:21.971Z] Error writing to Modbus register: A Modbus Exception Occurred - See Response Body
[2024-12-10T04:52:22.968Z] Error reading or processing Modbus registers: A Modbus Exception Occurred - See Response Body
[2024-12-10T04:52:22.970Z] Error reading register 6507 for IP 10.30.4.128: A Modbus Exception Occurred - See Response Body
[2024-12-10T04:52:22.971Z] Error reading actual data: A Modbus Exception Occurred - See Response Body
[2024-12-10T04:52:22.972Z] Error writing to Modbus register: A Modbus Exception Occurred - See Response Body
[2024-12-10T04:52:23.970Z] Error reading or processing Modbus registers: A Modbus Exception Occurred - See Response Body
[2024-12-10T04:52:23.972Z] Error reading register 6507 for IP 10.30.4.128: A Modbus Exception Occurred - See Response Body
[2024-12-10T04:52:23.973Z] Error reading actual data: A Modbus Exception Occurred - See Response Body
[2024-12-10T04:52:23.973Z] Error writing to Modbus register: A Modbus Exception Occurred - See Response Body
[2024-12-10T04:52:24.971Z] Error reading or processing Modbus registers: A Modbus Exception Occurred - See Response Body
[2024-12-10T04:52:24.974Z] Error reading register 6507 for IP 10.30.4.128: A Modbus Exception Occurred - See Response Body
[2024-12-10T04:52:24.975Z] Error reading actual data: A Modbus Exception Occurred - See Response Body
[2024-12-10T04:52:24.975Z] Error writing to Modbus register: A Modbus Exception Occurred - See Response Body
[2024-12-10T04:52:25.986Z] Error reading or processing Modbus registers: A Modbus Exception Occurred - See Response Body
[2024-12-10T04:52:25.988Z] Error reading register 6507 for IP 10.30.4.128: A Modbus Exception Occurred - See Response Body
[2024-12-10T04:52:25.989Z] Error reading actual data: A Modbus Exception Occurred - See Response Body
[2024-12-10T04:52:25.989Z] Error writing to Modbus register: A Modbus Exception Occurred - See Response Body
[2024-12-10T04:52:26.988Z] Error reading or processing Modbus registers: A Modbus Exception Occurred - See Response Body
[2024-12-10T04:52:26.991Z] Error reading register 6507 for IP 10.30.4.128: A Modbus Exception Occurred - See Response Body
[2024-12-10T04:52:26.991Z] Error reading actual data: A Modbus Exception Occurred - See Response Body
[2024-12-10T04:52:26.992Z] Error writing to Modbus register: A Modbus Exception Occurred - See Response Body
[2024-12-10T04:52:27.989Z] Error reading or processing Modbus registers: A Modbus Exception Occurred - See Response Body
[2024-12-10T04:52:27.991Z] Error reading register 6507 for IP 10.30.4.128: A Modbus Exception Occurred - See Response Body
[2024-12-10T04:52:27.992Z] Error reading actual data: A Modbus Exception Occurred - See Response Body
[2024-12-10T04:52:27.993Z] Error writing to Modbus register: A Modbus Exception Occurred - See Response Body
[2024-12-10T04:52:29.004Z] Error reading or processing Modbus registers: A Modbus Exception Occurred - See Response Body
[2024-12-10T04:52:29.007Z] Error reading register 6507 for IP 10.30.4.128: A Modbus Exception Occurred - See Response Body
[2024-12-10T04:52:29.007Z] Error reading actual data: A Modbus Exception Occurred - See Response Body
[2024-12-10T04:52:29.008Z] Error writing to Modbus register: A Modbus Exception Occurred - See Response Body
[2024-12-10T04:52:30.017Z] Error reading or processing Modbus registers: A Modbus Exception Occurred - See Response Body
[2024-12-10T04:52:30.019Z] Error reading register 6507 for IP 10.30.4.128: A Modbus Exception Occurred - See Response Body
[2024-12-10T04:52:30.019Z] Error reading actual data: A Modbus Exception Occurred - See Response Body
[2024-12-10T04:52:30.020Z] Error writing to Modbus register: A Modbus Exception Occurred - See Response Body
[2024-12-10T04:52:31.030Z] Error reading or processing Modbus registers: A Modbus Exception Occurred - See Response Body
[2024-12-10T04:52:31.033Z] Error reading register 6507 for IP 10.30.4.128: A Modbus Exception Occurred - See Response Body
[2024-12-10T04:52:31.034Z] Error reading actual data: A Modbus Exception Occurred - See Response Body
[2024-12-10T04:52:31.034Z] Error writing to Modbus register: A Modbus Exception Occurred - See Response Body
[2024-12-10T04:52:32.044Z] Error reading or processing Modbus registers: A Modbus Exception Occurred - See Response Body
[2024-12-10T04:52:32.046Z] Error reading register 6507 for IP 10.30.4.128: A Modbus Exception Occurred - See Response Body
[2024-12-10T04:52:32.047Z] Error reading actual data: A Modbus Exception Occurred - See Response Body
[2024-12-10T04:52:32.047Z] Error writing to Modbus register: A Modbus Exception Occurred - See Response Body
[2024-12-10T04:52:33.058Z] Error reading or processing Modbus registers: A Modbus Exception Occurred - See Response Body
[2024-12-10T04:52:33.060Z] Error reading register 6507 for IP 10.30.4.128: A Modbus Exception Occurred - See Response Body
[2024-12-10T04:52:33.061Z] Error reading actual data: A Modbus Exception Occurred - See Response Body
[2024-12-10T04:52:33.061Z] Error writing to Modbus register: A Modbus Exception Occurred - See Response Body
[2024-12-10T04:52:34.062Z] Error reading or processing Modbus registers: A Modbus Exception Occurred - See Response Body
[2024-12-10T04:52:34.064Z] Error reading register 6507 for IP 10.30.4.128: A Modbus Exception Occurred - See Response Body
[2024-12-10T04:52:34.065Z] Error reading actual data: A Modbus Exception Occurred - See Response Body
[2024-12-10T04:52:34.065Z] Error writing to Modbus register: A Modbus Exception Occurred - See Response Body
[2024-12-10T04:52:35.066Z] Error reading or processing Modbus registers: A Modbus Exception Occurred - See Response Body
[2024-12-10T04:52:35.068Z] Error reading register 6507 for IP 10.30.4.128: A Modbus Exception Occurred - See Response Body
[2024-12-10T04:52:35.069Z] Error reading actual data: A Modbus Exception Occurred - See Response Body
[2024-12-10T04:52:35.070Z] Error writing to Modbus register: A Modbus Exception Occurred - See Response Body
[2024-12-10T04:52:36.079Z] Error reading or processing Modbus registers: A Modbus Exception Occurred - See Response Body
[2024-12-10T04:52:36.081Z] Error reading register 6507 for IP 10.30.4.128: A Modbus Exception Occurred - See Response Body
[2024-12-10T04:52:36.082Z] Error reading actual data: A Modbus Exception Occurred - See Response Body
[2024-12-10T04:52:36.082Z] Error writing to Modbus register: A Modbus Exception Occurred - See Response Body
[2024-12-10T04:52:37.092Z] Error reading or processing Modbus registers: A Modbus Exception Occurred - See Response Body
[2024-12-10T04:52:37.093Z] Error reading register 6507 for IP 10.30.4.128: A Modbus Exception Occurred - See Response Body
[2024-12-10T04:52:37.094Z] Error reading actual data: A Modbus Exception Occurred - See Response Body
[2024-12-10T04:52:37.094Z] Error writing to Modbus register: A Modbus Exception Occurred - See Response Body
[2024-12-10T04:52:38.108Z] Error reading or processing Modbus registers: A Modbus Exception Occurred - See Response Body
[2024-12-10T04:52:38.110Z] Error reading register 6507 for IP 10.30.4.128: A Modbus Exception Occurred - See Response Body
[2024-12-10T04:52:38.111Z] Error reading actual data: A Modbus Exception Occurred - See Response Body
[2024-12-10T04:52:38.111Z] Error writing to Modbus register: A Modbus Exception Occurred - See Response Body
[2024-12-10T04:52:39.121Z] Error reading or processing Modbus registers: A Modbus Exception Occurred - See Response Body
[2024-12-10T04:52:39.123Z] Error reading register 6507 for IP 10.30.4.128: A Modbus Exception Occurred - See Response Body
[2024-12-10T04:52:39.123Z] Error reading actual data: A Modbus Exception Occurred - See Response Body
[2024-12-10T04:52:39.124Z] Error writing to Modbus register: A Modbus Exception Occurred - See Response Body
[2024-12-10T04:52:40.134Z] Error reading or processing Modbus registers: A Modbus Exception Occurred - See Response Body
[2024-12-10T04:52:40.136Z] Error reading register 6507 for IP 10.30.4.128: A Modbus Exception Occurred - See Response Body
[2024-12-10T04:52:40.136Z] Error reading actual data: A Modbus Exception Occurred - See Response Body
[2024-12-10T04:52:40.137Z] Error writing to Modbus register: A Modbus Exception Occurred - See Response Body
[2024-12-10T04:52:41.145Z] Error reading or processing Modbus registers: A Modbus Exception Occurred - See Response Body
[2024-12-10T04:52:41.148Z] Error reading register 6507 for IP 10.30.4.128: A Modbus Exception Occurred - See Response Body
[2024-12-10T04:52:41.149Z] Error reading actual data: A Modbus Exception Occurred - See Response Body
[2024-12-10T04:52:41.149Z] Error writing to Modbus register: A Modbus Exception Occurred - See Response Body
[2024-12-10T04:52:42.150Z] Error reading or processing Modbus registers: A Modbus Exception Occurred - See Response Body
[2024-12-10T04:52:42.152Z] Error reading register 6507 for IP 10.30.4.128: A Modbus Exception Occurred - See Response Body
[2024-12-10T04:52:42.153Z] Error reading actual data: A Modbus Exception Occurred - See Response Body
[2024-12-10T04:52:42.153Z] Error writing to Modbus register: A Modbus Exception Occurred - See Response Body
[2024-12-10T04:52:43.156Z] Error reading or processing Modbus registers: A Modbus Exception Occurred - See Response Body
[2024-12-10T04:52:43.158Z] Error reading register 6507 for IP 10.30.4.128: A Modbus Exception Occurred - See Response Body
[2024-12-10T04:52:43.159Z] Error reading actual data: A Modbus Exception Occurred - See Response Body
[2024-12-10T04:52:43.159Z] Error writing to Modbus register: A Modbus Exception Occurred - See Response Body
[2024-12-10T04:52:44.170Z] Error reading or processing Modbus registers: A Modbus Exception Occurred - See Response Body
[2024-12-10T04:52:44.172Z] Error reading register 6507 for IP 10.30.4.128: A Modbus Exception Occurred - See Response Body
[2024-12-10T04:52:44.174Z] Error reading actual data: A Modbus Exception Occurred - See Response Body
[2024-12-10T04:52:44.175Z] Error writing to Modbus register: A Modbus Exception Occurred - See Response Body
[2024-12-10T04:52:45.183Z] Error reading or processing Modbus registers: A Modbus Exception Occurred - See Response Body
[2024-12-10T04:52:45.185Z] Error reading register 6507 for IP 10.30.4.128: A Modbus Exception Occurred - See Response Body
[2024-12-10T04:52:45.186Z] Error reading actual data: A Modbus Exception Occurred - See Response Body
[2024-12-10T04:52:45.187Z] Error writing to Modbus register: A Modbus Exception Occurred - See Response Body
[2024-12-10T04:52:46.198Z] Error reading or processing Modbus registers: A Modbus Exception Occurred - See Response Body
[2024-12-10T04:52:46.200Z] Error reading register 6507 for IP 10.30.4.128: A Modbus Exception Occurred - See Response Body
[2024-12-10T04:52:46.201Z] Error reading actual data: A Modbus Exception Occurred - See Response Body
[2024-12-10T04:52:46.202Z] Error writing to Modbus register: A Modbus Exception Occurred - See Response Body
[2024-12-10T04:52:47.212Z] Error reading or processing Modbus registers: A Modbus Exception Occurred - See Response Body
[2024-12-10T04:52:47.214Z] Error reading register 6507 for IP 10.30.4.128: A Modbus Exception Occurred - See Response Body
[2024-12-10T04:52:47.215Z] Error reading actual data: A Modbus Exception Occurred - See Response Body
[2024-12-10T04:52:47.216Z] Error writing to Modbus register: A Modbus Exception Occurred - See Response Body
[2024-12-10T04:52:48.213Z] Error reading or processing Modbus registers: A Modbus Exception Occurred - See Response Body
[2024-12-10T04:52:48.215Z] Error reading register 6507 for IP 10.30.4.128: A Modbus Exception Occurred - See Response Body
[2024-12-10T04:52:48.216Z] Error reading actual data: A Modbus Exception Occurred - See Response Body
[2024-12-10T04:52:48.217Z] Error writing to Modbus register: A Modbus Exception Occurred - See Response Body
[2024-12-10T04:52:49.217Z] Error reading or processing Modbus registers: A Modbus Exception Occurred - See Response Body
[2024-12-10T04:52:49.219Z] Error reading register 6507 for IP 10.30.4.128: A Modbus Exception Occurred - See Response Body
[2024-12-10T04:52:49.220Z] Error reading actual data: A Modbus Exception Occurred - See Response Body
[2024-12-10T04:52:49.221Z] Error writing to Modbus register: A Modbus Exception Occurred - See Response Body
[2024-12-10T04:52:50.220Z] Error reading or processing Modbus registers: A Modbus Exception Occurred - See Response Body
[2024-12-10T04:52:50.222Z] Error reading register 6507 for IP 10.30.4.128: A Modbus Exception Occurred - See Response Body
[2024-12-10T04:52:50.223Z] Error reading actual data: A Modbus Exception Occurred - See Response Body
[2024-12-10T04:52:50.223Z] Error writing to Modbus register: A Modbus Exception Occurred - See Response Body
[2024-12-10T04:52:51.222Z] Error reading or processing Modbus registers: A Modbus Exception Occurred - See Response Body
[2024-12-10T04:52:51.224Z] Error reading register 6507 for IP 10.30.4.128: A Modbus Exception Occurred - See Response Body
[2024-12-10T04:52:51.225Z] Error reading actual data: A Modbus Exception Occurred - See Response Body
[2024-12-10T04:52:51.225Z] Error writing to Modbus register: A Modbus Exception Occurred - See Response Body
[2024-12-10T04:52:52.224Z] Error reading or processing Modbus registers: A Modbus Exception Occurred - See Response Body
[2024-12-10T04:52:52.227Z] Error reading register 6507 for IP 10.30.4.128: A Modbus Exception Occurred - See Response Body
[2024-12-10T04:52:52.227Z] Error reading actual data: A Modbus Exception Occurred - See Response Body
[2024-12-10T04:52:52.228Z] Error writing to Modbus register: A Modbus Exception Occurred - See Response Body
[2024-12-10T04:52:53.236Z] Error reading or processing Modbus registers: A Modbus Exception Occurred - See Response Body
[2024-12-10T04:52:53.241Z] Error reading register 6507 for IP 10.30.4.128: A Modbus Exception Occurred - See Response Body
[2024-12-10T04:52:53.241Z] Error reading actual data: A Modbus Exception Occurred - See Response Body
[2024-12-10T04:52:53.242Z] Error writing to Modbus register: A Modbus Exception Occurred - See Response Body
[2024-12-10T04:52:54.249Z] Error reading or processing Modbus registers: A Modbus Exception Occurred - See Response Body
[2024-12-10T04:52:54.251Z] Error reading register 6507 for IP 10.30.4.128: A Modbus Exception Occurred - See Response Body
[2024-12-10T04:52:54.251Z] Error reading actual data: A Modbus Exception Occurred - See Response Body
[2024-12-10T04:52:54.252Z] Error writing to Modbus register: A Modbus Exception Occurred - See Response Body
[2024-12-10T04:52:55.251Z] Error reading or processing Modbus registers: A Modbus Exception Occurred - See Response Body
[2024-12-10T04:52:55.253Z] Error reading register 6507 for IP 10.30.4.128: A Modbus Exception Occurred - See Response Body
[2024-12-10T04:52:55.254Z] Error reading actual data: A Modbus Exception Occurred - See Response Body
[2024-12-10T04:52:55.254Z] Error writing to Modbus register: A Modbus Exception Occurred - See Response Body
[2024-12-10T04:52:56.252Z] Error reading or processing Modbus registers: A Modbus Exception Occurred - See Response Body
[2024-12-10T04:52:56.254Z] Error reading register 6507 for IP 10.30.4.128: A Modbus Exception Occurred - See Response Body
[2024-12-10T04:52:56.255Z] Error reading actual data: A Modbus Exception Occurred - See Response Body
[2024-12-10T04:52:56.255Z] Error writing to Modbus register: A Modbus Exception Occurred - See Response Body
[2024-12-10T04:52:57.265Z] Error reading or processing Modbus registers: A Modbus Exception Occurred - See Response Body
[2024-12-10T04:52:57.267Z] Error reading register 6507 for IP 10.30.4.128: A Modbus Exception Occurred - See Response Body
[2024-12-10T04:52:57.268Z] Error reading actual data: A Modbus Exception Occurred - See Response Body
[2024-12-10T04:52:57.269Z] Error writing to Modbus register: A Modbus Exception Occurred - See Response Body
[2024-12-10T04:52:58.267Z] Error reading or processing Modbus registers: A Modbus Exception Occurred - See Response Body
[2024-12-10T04:52:58.269Z] Error reading register 6507 for IP 10.30.4.128: A Modbus Exception Occurred - See Response Body
[2024-12-10T04:52:58.269Z] Error reading actual data: A Modbus Exception Occurred - See Response Body
[2024-12-10T04:52:58.270Z] Error writing to Modbus register: A Modbus Exception Occurred - See Response Body
[2024-12-10T04:52:59.270Z] Error reading or processing Modbus registers: A Modbus Exception Occurred - See Response Body
[2024-12-10T04:52:59.272Z] Error reading register 6507 for IP 10.30.4.128: A Modbus Exception Occurred - See Response Body
[2024-12-10T04:52:59.272Z] Error reading actual data: A Modbus Exception Occurred - See Response Body
[2024-12-10T04:52:59.273Z] Error writing to Modbus register: A Modbus Exception Occurred - See Response Body
[2024-12-10T04:53:00.282Z] Error reading or processing Modbus registers: A Modbus Exception Occurred - See Response Body
[2024-12-10T04:53:00.283Z] Error reading register 6507 for IP 10.30.4.128: A Modbus Exception Occurred - See Response Body
[2024-12-10T04:53:00.284Z] Error reading actual data: A Modbus Exception Occurred - See Response Body
[2024-12-10T04:53:00.285Z] Error writing to Modbus register: A Modbus Exception Occurred - See Response Body
[2024-12-10T04:53:01.284Z] Error reading or processing Modbus registers: A Modbus Exception Occurred - See Response Body
[2024-12-10T04:53:01.286Z] Error reading register 6507 for IP 10.30.4.128: A Modbus Exception Occurred - See Response Body
[2024-12-10T04:53:01.286Z] Error reading actual data: A Modbus Exception Occurred - See Response Body
[2024-12-10T04:53:01.287Z] Error writing to Modbus register: A Modbus Exception Occurred - See Response Body
[2024-12-10T04:53:02.286Z] Error reading or processing Modbus registers: A Modbus Exception Occurred - See Response Body
[2024-12-10T04:53:02.288Z] Error reading register 6507 for IP 10.30.4.128: A Modbus Exception Occurred - See Response Body
[2024-12-10T04:53:02.289Z] Error reading actual data: A Modbus Exception Occurred - See Response Body
[2024-12-10T04:53:02.289Z] Error writing to Modbus register: A Modbus Exception Occurred - See Response Body
[2024-12-10T04:53:03.302Z] Error reading or processing Modbus registers: A Modbus Exception Occurred - See Response Body
[2024-12-10T04:53:03.304Z] Error reading register 6507 for IP 10.30.4.128: A Modbus Exception Occurred - See Response Body
[2024-12-10T04:53:03.305Z] Error reading actual data: A Modbus Exception Occurred - See Response Body
[2024-12-10T04:53:03.305Z] Error writing to Modbus register: A Modbus Exception Occurred - See Response Body
[2024-12-10T04:53:04.315Z] Error reading or processing Modbus registers: A Modbus Exception Occurred - See Response Body
[2024-12-10T04:53:04.317Z] Error reading register 6507 for IP 10.30.4.128: A Modbus Exception Occurred - See Response Body
[2024-12-10T04:53:04.318Z] Error reading actual data: A Modbus Exception Occurred - See Response Body
[2024-12-10T04:53:04.318Z] Error writing to Modbus register: A Modbus Exception Occurred - See Response Body
[2024-12-10T04:53:05.330Z] Error reading or processing Modbus registers: A Modbus Exception Occurred - See Response Body
[2024-12-10T04:53:05.332Z] Error reading register 6507 for IP 10.30.4.128: A Modbus Exception Occurred - See Response Body
[2024-12-10T04:53:05.333Z] Error reading actual data: A Modbus Exception Occurred - See Response Body
[2024-12-10T04:53:05.334Z] Error writing to Modbus register: A Modbus Exception Occurred - See Response Body
[2024-12-10T04:53:06.331Z] Error reading or processing Modbus registers: A Modbus Exception Occurred - See Response Body
[2024-12-10T04:53:06.333Z] Error reading register 6507 for IP 10.30.4.128: A Modbus Exception Occurred - See Response Body
[2024-12-10T04:53:06.334Z] Error reading actual data: A Modbus Exception Occurred - See Response Body
[2024-12-10T04:53:06.334Z] Error writing to Modbus register: A Modbus Exception Occurred - See Response Body
[2024-12-10T04:53:07.334Z] Error reading or processing Modbus registers: A Modbus Exception Occurred - See Response Body
[2024-12-10T04:53:07.337Z] Error reading register 6507 for IP 10.30.4.128: A Modbus Exception Occurred - See Response Body
[2024-12-10T04:53:07.338Z] Error reading actual data: A Modbus Exception Occurred - See Response Body
[2024-12-10T04:53:07.339Z] Error writing to Modbus register: A Modbus Exception Occurred - See Response Body
[2024-12-10T04:53:08.350Z] Error reading or processing Modbus registers: A Modbus Exception Occurred - See Response Body
[2024-12-10T04:53:08.352Z] Error reading register 6507 for IP 10.30.4.128: A Modbus Exception Occurred - See Response Body
[2024-12-10T04:53:08.353Z] Error reading actual data: A Modbus Exception Occurred - See Response Body
[2024-12-10T04:53:08.354Z] Error writing to Modbus register: A Modbus Exception Occurred - See Response Body
[2024-12-10T04:53:09.350Z] Error reading or processing Modbus registers: A Modbus Exception Occurred - See Response Body
[2024-12-10T04:53:09.352Z] Error reading register 6507 for IP 10.30.4.128: A Modbus Exception Occurred - See Response Body
[2024-12-10T04:53:09.353Z] Error reading actual data: A Modbus Exception Occurred - See Response Body
[2024-12-10T04:53:09.353Z] Error writing to Modbus register: A Modbus Exception Occurred - See Response Body
[2024-12-10T04:53:10.350Z] Error reading or processing Modbus registers: A Modbus Exception Occurred - See Response Body
[2024-12-10T04:53:10.352Z] Error reading register 6507 for IP 10.30.4.128: A Modbus Exception Occurred - See Response Body
[2024-12-10T04:53:10.353Z] Error reading actual data: A Modbus Exception Occurred - See Response Body
[2024-12-10T04:53:10.354Z] Error writing to Modbus register: A Modbus Exception Occurred - See Response Body
[2024-12-10T04:53:11.363Z] Error reading or processing Modbus registers: A Modbus Exception Occurred - See Response Body
[2024-12-10T04:53:11.365Z] Error reading register 6507 for IP 10.30.4.128: A Modbus Exception Occurred - See Response Body
[2024-12-10T04:53:11.366Z] Error reading actual data: A Modbus Exception Occurred - See Response Body
[2024-12-10T04:53:11.367Z] Error writing to Modbus register: A Modbus Exception Occurred - See Response Body
[2024-12-10T04:53:12.377Z] Error reading or processing Modbus registers: A Modbus Exception Occurred - See Response Body
[2024-12-10T04:53:12.379Z] Error reading register 6507 for IP 10.30.4.128: A Modbus Exception Occurred - See Response Body
[2024-12-10T04:53:12.380Z] Error reading actual data: A Modbus Exception Occurred - See Response Body
[2024-12-10T04:53:12.381Z] Error writing to Modbus register: A Modbus Exception Occurred - See Response Body
[2024-12-10T04:53:13.389Z] Error reading or processing Modbus registers: A Modbus Exception Occurred - See Response Body
[2024-12-10T04:53:13.391Z] Error reading register 6507 for IP 10.30.4.128: A Modbus Exception Occurred - See Response Body
[2024-12-10T04:53:13.392Z] Error reading actual data: A Modbus Exception Occurred - See Response Body
[2024-12-10T04:53:13.393Z] Error writing to Modbus register: A Modbus Exception Occurred - See Response Body
[2024-12-10T04:53:14.390Z] Error reading or processing Modbus registers: A Modbus Exception Occurred - See Response Body
[2024-12-10T04:53:14.393Z] Error reading register 6507 for IP 10.30.4.128: A Modbus Exception Occurred - See Response Body
[2024-12-10T04:53:14.393Z] Error reading actual data: A Modbus Exception Occurred - See Response Body
[2024-12-10T04:53:14.394Z] Error writing to Modbus register: A Modbus Exception Occurred - See Response Body
[2024-12-10T04:53:15.401Z] Error reading or processing Modbus registers: A Modbus Exception Occurred - See Response Body
[2024-12-10T04:53:15.403Z] Error reading register 6507 for IP 10.30.4.128: A Modbus Exception Occurred - See Response Body
[2024-12-10T04:53:15.404Z] Error reading actual data: A Modbus Exception Occurred - See Response Body
[2024-12-10T04:53:15.404Z] Error writing to Modbus register: A Modbus Exception Occurred - See Response Body
[2024-12-10T04:53:16.398Z] Error reading or processing Modbus registers: A Modbus Exception Occurred - See Response Body
[2024-12-10T04:53:16.400Z] Error reading register 6507 for IP 10.30.4.128: A Modbus Exception Occurred - See Response Body
[2024-12-10T04:53:16.401Z] Error reading actual data: A Modbus Exception Occurred - See Response Body
[2024-12-10T04:53:16.405Z] Error writing to Modbus register: A Modbus Exception Occurred - See Response Body
[2024-12-10T04:53:17.413Z] Error reading or processing Modbus registers: A Modbus Exception Occurred - See Response Body
[2024-12-10T04:53:17.414Z] Error reading register 6507 for IP 10.30.4.128: A Modbus Exception Occurred - See Response Body
[2024-12-10T04:53:17.415Z] Error reading actual data: A Modbus Exception Occurred - See Response Body
[2024-12-10T04:53:17.416Z] Error writing to Modbus register: A Modbus Exception Occurred - See Response Body
[2024-12-10T04:53:18.426Z] Error reading or processing Modbus registers: A Modbus Exception Occurred - See Response Body
[2024-12-10T04:53:18.428Z] Error reading register 6507 for IP 10.30.4.128: A Modbus Exception Occurred - See Response Body
[2024-12-10T04:53:18.429Z] Error reading actual data: A Modbus Exception Occurred - See Response Body
[2024-12-10T04:53:18.430Z] Error writing to Modbus register: A Modbus Exception Occurred - See Response Body
[2024-12-10T04:53:19.428Z] Error reading or processing Modbus registers: A Modbus Exception Occurred - See Response Body
[2024-12-10T04:53:19.431Z] Error reading register 6507 for IP 10.30.4.128: A Modbus Exception Occurred - See Response Body
[2024-12-10T04:53:19.431Z] Error reading actual data: A Modbus Exception Occurred - See Response Body
[2024-12-10T04:53:19.432Z] Error writing to Modbus register: A Modbus Exception Occurred - See Response Body
[2024-12-10T04:53:20.439Z] Error reading or processing Modbus registers: A Modbus Exception Occurred - See Response Body
[2024-12-10T04:53:20.441Z] Error reading register 6507 for IP 10.30.4.128: A Modbus Exception Occurred - See Response Body
[2024-12-10T04:53:20.441Z] Error reading actual data: A Modbus Exception Occurred - See Response Body
[2024-12-10T04:53:20.442Z] Error writing to Modbus register: A Modbus Exception Occurred - See Response Body
[2024-12-10T04:53:21.440Z] Error reading or processing Modbus registers: A Modbus Exception Occurred - See Response Body
[2024-12-10T04:53:21.442Z] Error reading register 6507 for IP 10.30.4.128: A Modbus Exception Occurred - See Response Body
[2024-12-10T04:53:21.443Z] Error reading actual data: A Modbus Exception Occurred - See Response Body
[2024-12-10T04:53:21.443Z] Error writing to Modbus register: A Modbus Exception Occurred - See Response Body
[2024-12-10T04:53:22.440Z] Error reading or processing Modbus registers: A Modbus Exception Occurred - See Response Body
[2024-12-10T04:53:22.442Z] Error reading register 6507 for IP 10.30.4.128: A Modbus Exception Occurred - See Response Body
[2024-12-10T04:53:22.442Z] Error reading actual data: A Modbus Exception Occurred - See Response Body
[2024-12-10T04:53:22.443Z] Error writing to Modbus register: A Modbus Exception Occurred - See Response Body
[2024-12-10T04:53:23.444Z] Error reading or processing Modbus registers: A Modbus Exception Occurred - See Response Body
[2024-12-10T04:53:23.446Z] Error reading register 6507 for IP 10.30.4.128: A Modbus Exception Occurred - See Response Body
[2024-12-10T04:53:23.447Z] Error reading actual data: A Modbus Exception Occurred - See Response Body
[2024-12-10T04:53:23.447Z] Error writing to Modbus register: A Modbus Exception Occurred - See Response Body
[2024-12-10T04:53:24.458Z] Error reading or processing Modbus registers: A Modbus Exception Occurred - See Response Body
[2024-12-10T04:53:24.460Z] Error reading register 6507 for IP 10.30.4.128: A Modbus Exception Occurred - See Response Body
[2024-12-10T04:53:24.461Z] Error reading actual data: A Modbus Exception Occurred - See Response Body
[2024-12-10T04:53:24.462Z] Error writing to Modbus register: A Modbus Exception Occurred - See Response Body
[2024-12-10T04:53:25.472Z] Error reading or processing Modbus registers: A Modbus Exception Occurred - See Response Body
[2024-12-10T04:53:25.474Z] Error reading register 6507 for IP 10.30.4.128: A Modbus Exception Occurred - See Response Body
[2024-12-10T04:53:25.475Z] Error reading actual data: A Modbus Exception Occurred - See Response Body
[2024-12-10T04:53:25.475Z] Error writing to Modbus register: A Modbus Exception Occurred - See Response Body
[2024-12-10T04:53:26.477Z] Error reading or processing Modbus registers: A Modbus Exception Occurred - See Response Body
[2024-12-10T04:53:26.479Z] Error reading register 6507 for IP 10.30.4.128: A Modbus Exception Occurred - See Response Body
[2024-12-10T04:53:26.479Z] Error reading actual data: A Modbus Exception Occurred - See Response Body
[2024-12-10T04:53:26.480Z] Error writing to Modbus register: A Modbus Exception Occurred - See Response Body
[2024-12-10T04:53:27.480Z] Error reading or processing Modbus registers: A Modbus Exception Occurred - See Response Body
[2024-12-10T04:53:27.482Z] Error reading register 6507 for IP 10.30.4.128: A Modbus Exception Occurred - See Response Body
[2024-12-10T04:53:27.482Z] Error reading actual data: A Modbus Exception Occurred - See Response Body
[2024-12-10T04:53:27.483Z] Error writing to Modbus register: A Modbus Exception Occurred - See Response Body
[2024-12-10T04:53:28.484Z] Error reading or processing Modbus registers: A Modbus Exception Occurred - See Response Body
[2024-12-10T04:53:28.487Z] Error reading register 6507 for IP 10.30.4.128: A Modbus Exception Occurred - See Response Body
[2024-12-10T04:53:28.487Z] Error reading actual data: A Modbus Exception Occurred - See Response Body
[2024-12-10T04:53:28.488Z] Error writing to Modbus register: A Modbus Exception Occurred - See Response Body
[2024-12-10T04:53:29.497Z] Error reading or processing Modbus registers: A Modbus Exception Occurred - See Response Body
[2024-12-10T04:53:29.499Z] Error reading register 6507 for IP 10.30.4.128: A Modbus Exception Occurred - See Response Body
[2024-12-10T04:53:29.500Z] Error reading actual data: A Modbus Exception Occurred - See Response Body
[2024-12-10T04:53:29.501Z] Error writing to Modbus register: A Modbus Exception Occurred - See Response Body
[2024-12-10T04:53:30.497Z] Error reading or processing Modbus registers: A Modbus Exception Occurred - See Response Body
[2024-12-10T04:53:30.500Z] Error reading register 6507 for IP 10.30.4.128: A Modbus Exception Occurred - See Response Body
[2024-12-10T04:53:30.500Z] Error reading actual data: A Modbus Exception Occurred - See Response Body
[2024-12-10T04:53:30.501Z] Error writing to Modbus register: A Modbus Exception Occurred - See Response Body
[2024-12-10T04:53:31.511Z] Error reading or processing Modbus registers: A Modbus Exception Occurred - See Response Body
[2024-12-10T04:53:31.514Z] Error reading register 6507 for IP 10.30.4.128: A Modbus Exception Occurred - See Response Body
[2024-12-10T04:53:31.514Z] Error reading actual data: A Modbus Exception Occurred - See Response Body
[2024-12-10T04:53:31.515Z] Error writing to Modbus register: A Modbus Exception Occurred - See Response Body
[2024-12-10T04:53:32.525Z] Error reading or processing Modbus registers: A Modbus Exception Occurred - See Response Body
[2024-12-10T04:53:32.527Z] Error reading register 6507 for IP 10.30.4.128: A Modbus Exception Occurred - See Response Body
[2024-12-10T04:53:32.528Z] Error reading actual data: A Modbus Exception Occurred - See Response Body
[2024-12-10T04:53:32.529Z] Error writing to Modbus register: A Modbus Exception Occurred - See Response Body
[2024-12-10T04:53:33.529Z] Error reading or processing Modbus registers: A Modbus Exception Occurred - See Response Body
[2024-12-10T04:53:33.531Z] Error reading register 6507 for IP 10.30.4.128: A Modbus Exception Occurred - See Response Body
[2024-12-10T04:53:33.532Z] Error reading actual data: A Modbus Exception Occurred - See Response Body
[2024-12-10T04:53:33.533Z] Error writing to Modbus register: A Modbus Exception Occurred - See Response Body
[2024-12-10T04:53:34.529Z] Error reading or processing Modbus registers: A Modbus Exception Occurred - See Response Body
[2024-12-10T04:53:34.532Z] Error reading register 6507 for IP 10.30.4.128: A Modbus Exception Occurred - See Response Body
[2024-12-10T04:53:34.532Z] Error reading actual data: A Modbus Exception Occurred - See Response Body
[2024-12-10T04:53:34.533Z] Error writing to Modbus register: A Modbus Exception Occurred - See Response Body
[2024-12-10T04:53:35.543Z] Error reading or processing Modbus registers: A Modbus Exception Occurred - See Response Body
[2024-12-10T04:53:35.545Z] Error reading register 6507 for IP 10.30.4.128: A Modbus Exception Occurred - See Response Body
[2024-12-10T04:53:35.545Z] Error reading actual data: A Modbus Exception Occurred - See Response Body
[2024-12-10T04:53:35.546Z] Error writing to Modbus register: A Modbus Exception Occurred - See Response Body
[2024-12-10T04:53:36.556Z] Error reading or processing Modbus registers: A Modbus Exception Occurred - See Response Body
[2024-12-10T04:53:36.559Z] Error reading register 6507 for IP 10.30.4.128: A Modbus Exception Occurred - See Response Body
[2024-12-10T04:53:36.559Z] Error reading actual data: A Modbus Exception Occurred - See Response Body
[2024-12-10T04:53:36.560Z] Error writing to Modbus register: A Modbus Exception Occurred - See Response Body
[2024-12-10T04:53:37.569Z] Error reading or processing Modbus registers: A Modbus Exception Occurred - See Response Body
[2024-12-10T04:53:37.572Z] Error reading register 6507 for IP 10.30.4.128: A Modbus Exception Occurred - See Response Body
[2024-12-10T04:53:37.573Z] Error reading actual data: A Modbus Exception Occurred - See Response Body
[2024-12-10T04:53:37.573Z] Error writing to Modbus register: A Modbus Exception Occurred - See Response Body
[2024-12-10T04:53:38.582Z] Error reading or processing Modbus registers: A Modbus Exception Occurred - See Response Body
[2024-12-10T04:53:38.584Z] Error reading register 6507 for IP 10.30.4.128: A Modbus Exception Occurred - See Response Body
[2024-12-10T04:53:38.584Z] Error reading actual data: A Modbus Exception Occurred - See Response Body
[2024-12-10T04:53:38.585Z] Error writing to Modbus register: A Modbus Exception Occurred - See Response Body
[2024-12-10T04:53:39.583Z] Error reading or processing Modbus registers: A Modbus Exception Occurred - See Response Body
[2024-12-10T04:53:39.585Z] Error reading register 6507 for IP 10.30.4.128: A Modbus Exception Occurred - See Response Body
[2024-12-10T04:53:39.586Z] Error reading actual data: A Modbus Exception Occurred - See Response Body
[2024-12-10T04:53:39.586Z] Error writing to Modbus register: A Modbus Exception Occurred - See Response Body
[2024-12-10T04:53:40.598Z] Error reading or processing Modbus registers: A Modbus Exception Occurred - See Response Body
[2024-12-10T04:53:40.600Z] Error reading register 6507 for IP 10.30.4.128: A Modbus Exception Occurred - See Response Body
[2024-12-10T04:53:40.601Z] Error reading actual data: A Modbus Exception Occurred - See Response Body
[2024-12-10T04:53:40.601Z] Error writing to Modbus register: A Modbus Exception Occurred - See Response Body
[2024-12-10T04:53:41.613Z] Error reading or processing Modbus registers: A Modbus Exception Occurred - See Response Body
[2024-12-10T04:53:41.615Z] Error reading register 6507 for IP 10.30.4.128: A Modbus Exception Occurred - See Response Body
[2024-12-10T04:53:41.616Z] Error reading actual data: A Modbus Exception Occurred - See Response Body
[2024-12-10T04:53:41.616Z] Error writing to Modbus register: A Modbus Exception Occurred - See Response Body
[2024-12-10T04:53:42.613Z] Error reading or processing Modbus registers: A Modbus Exception Occurred - See Response Body
[2024-12-10T04:53:42.615Z] Error reading register 6507 for IP 10.30.4.128: A Modbus Exception Occurred - See Response Body
[2024-12-10T04:53:42.615Z] Error reading actual data: A Modbus Exception Occurred - See Response Body
[2024-12-10T04:53:42.616Z] Error writing to Modbus register: A Modbus Exception Occurred - See Response Body
[2024-12-10T04:53:43.627Z] Error reading or processing Modbus registers: A Modbus Exception Occurred - See Response Body
[2024-12-10T04:53:43.629Z] Error reading register 6507 for IP 10.30.4.128: A Modbus Exception Occurred - See Response Body
[2024-12-10T04:53:43.630Z] Error reading actual data: A Modbus Exception Occurred - See Response Body
[2024-12-10T04:53:43.630Z] Error writing to Modbus register: A Modbus Exception Occurred - See Response Body
[2024-12-10T04:53:44.629Z] Error reading or processing Modbus registers: A Modbus Exception Occurred - See Response Body
[2024-12-10T04:53:44.631Z] Error reading register 6507 for IP 10.30.4.128: A Modbus Exception Occurred - See Response Body
[2024-12-10T04:53:44.632Z] Error reading actual data: A Modbus Exception Occurred - See Response Body
[2024-12-10T04:53:44.632Z] Error writing to Modbus register: A Modbus Exception Occurred - See Response Body
[2024-12-10T04:53:45.642Z] Error reading or processing Modbus registers: A Modbus Exception Occurred - See Response Body
[2024-12-10T04:53:45.644Z] Error reading register 6507 for IP 10.30.4.128: A Modbus Exception Occurred - See Response Body
[2024-12-10T04:53:45.645Z] Error reading actual data: A Modbus Exception Occurred - See Response Body
[2024-12-10T04:53:45.645Z] Error writing to Modbus register: A Modbus Exception Occurred - See Response Body
[2024-12-10T04:53:46.644Z] Error reading or processing Modbus registers: A Modbus Exception Occurred - See Response Body
[2024-12-10T04:53:46.647Z] Error reading register 6507 for IP 10.30.4.128: A Modbus Exception Occurred - See Response Body
[2024-12-10T04:53:46.647Z] Error reading actual data: A Modbus Exception Occurred - See Response Body
[2024-12-10T04:53:46.648Z] Error writing to Modbus register: A Modbus Exception Occurred - See Response Body
[2024-12-10T04:53:47.657Z] Error reading or processing Modbus registers: A Modbus Exception Occurred - See Response Body
[2024-12-10T04:53:47.659Z] Error reading register 6507 for IP 10.30.4.128: A Modbus Exception Occurred - See Response Body
[2024-12-10T04:53:47.659Z] Error reading actual data: A Modbus Exception Occurred - See Response Body
[2024-12-10T04:53:47.660Z] Error writing to Modbus register: A Modbus Exception Occurred - See Response Body
[2024-12-10T04:53:48.658Z] Error reading or processing Modbus registers: A Modbus Exception Occurred - See Response Body
[2024-12-10T04:53:48.660Z] Error reading register 6507 for IP 10.30.4.128: A Modbus Exception Occurred - See Response Body
[2024-12-10T04:53:48.660Z] Error reading actual data: A Modbus Exception Occurred - See Response Body
[2024-12-10T04:53:48.661Z] Error writing to Modbus register: A Modbus Exception Occurred - See Response Body
[2024-12-10T04:53:49.671Z] Error reading or processing Modbus registers: A Modbus Exception Occurred - See Response Body
[2024-12-10T04:53:49.674Z] Error reading register 6507 for IP 10.30.4.128: A Modbus Exception Occurred - See Response Body
[2024-12-10T04:53:49.675Z] Error reading actual data: A Modbus Exception Occurred - See Response Body
[2024-12-10T04:53:49.676Z] Error writing to Modbus register: A Modbus Exception Occurred - See Response Body
[2024-12-10T04:53:50.686Z] Error reading or processing Modbus registers: A Modbus Exception Occurred - See Response Body
[2024-12-10T04:53:50.688Z] Error reading register 6507 for IP 10.30.4.128: A Modbus Exception Occurred - See Response Body
[2024-12-10T04:53:50.689Z] Error reading actual data: A Modbus Exception Occurred - See Response Body
[2024-12-10T04:53:50.689Z] Error writing to Modbus register: A Modbus Exception Occurred - See Response Body
[2024-12-10T04:53:51.686Z] Error reading or processing Modbus registers: A Modbus Exception Occurred - See Response Body
[2024-12-10T04:53:51.688Z] Error reading register 6507 for IP 10.30.4.128: A Modbus Exception Occurred - See Response Body
[2024-12-10T04:53:51.689Z] Error reading actual data: A Modbus Exception Occurred - See Response Body
[2024-12-10T04:53:51.690Z] Error writing to Modbus register: A Modbus Exception Occurred - See Response Body
[2024-12-10T04:53:52.686Z] Error reading or processing Modbus registers: A Modbus Exception Occurred - See Response Body
[2024-12-10T04:53:52.688Z] Error reading register 6507 for IP 10.30.4.128: A Modbus Exception Occurred - See Response Body
[2024-12-10T04:53:52.689Z] Error reading actual data: A Modbus Exception Occurred - See Response Body
[2024-12-10T04:53:52.689Z] Error writing to Modbus register: A Modbus Exception Occurred - See Response Body
[2024-12-10T04:53:53.688Z] Error reading or processing Modbus registers: A Modbus Exception Occurred - See Response Body
[2024-12-10T04:53:53.690Z] Error reading register 6507 for IP 10.30.4.128: A Modbus Exception Occurred - See Response Body
[2024-12-10T04:53:53.691Z] Error reading actual data: A Modbus Exception Occurred - See Response Body
[2024-12-10T04:53:53.691Z] Error writing to Modbus register: A Modbus Exception Occurred - See Response Body
[2024-12-10T04:53:54.690Z] Error reading or processing Modbus registers: A Modbus Exception Occurred - See Response Body
[2024-12-10T04:53:54.692Z] Error reading register 6507 for IP 10.30.4.128: A Modbus Exception Occurred - See Response Body
[2024-12-10T04:53:54.693Z] Error reading actual data: A Modbus Exception Occurred - See Response Body
[2024-12-10T04:53:54.693Z] Error writing to Modbus register: A Modbus Exception Occurred - See Response Body
[2024-12-10T04:53:55.703Z] Error reading or processing Modbus registers: A Modbus Exception Occurred - See Response Body
[2024-12-10T04:53:55.706Z] Error reading register 6507 for IP 10.30.4.128: A Modbus Exception Occurred - See Response Body
[2024-12-10T04:53:55.706Z] Error reading actual data: A Modbus Exception Occurred - See Response Body
[2024-12-10T04:53:55.707Z] Error writing to Modbus register: A Modbus Exception Occurred - See Response Body
[2024-12-10T04:53:56.704Z] Error reading or processing Modbus registers: A Modbus Exception Occurred - See Response Body
[2024-12-10T04:53:56.706Z] Error reading register 6507 for IP 10.30.4.128: A Modbus Exception Occurred - See Response Body
[2024-12-10T04:53:56.707Z] Error reading actual data: A Modbus Exception Occurred - See Response Body
[2024-12-10T04:53:56.707Z] Error writing to Modbus register: A Modbus Exception Occurred - See Response Body
[2024-12-10T04:53:57.719Z] Error reading or processing Modbus registers: A Modbus Exception Occurred - See Response Body
[2024-12-10T04:53:57.721Z] Error reading register 6507 for IP 10.30.4.128: A Modbus Exception Occurred - See Response Body
[2024-12-10T04:53:57.722Z] Error reading actual data: A Modbus Exception Occurred - See Response Body
[2024-12-10T04:53:57.722Z] Error writing to Modbus register: A Modbus Exception Occurred - See Response Body
[2024-12-10T04:53:58.719Z] Error reading or processing Modbus registers: A Modbus Exception Occurred - See Response Body
[2024-12-10T04:53:58.721Z] Error reading register 6507 for IP 10.30.4.128: A Modbus Exception Occurred - See Response Body
[2024-12-10T04:53:58.722Z] Error reading actual data: A Modbus Exception Occurred - See Response Body
[2024-12-10T04:53:58.722Z] Error writing to Modbus register: A Modbus Exception Occurred - See Response Body
[2024-12-10T04:53:59.720Z] Error reading or processing Modbus registers: A Modbus Exception Occurred - See Response Body
[2024-12-10T04:53:59.722Z] Error reading register 6507 for IP 10.30.4.128: A Modbus Exception Occurred - See Response Body
[2024-12-10T04:53:59.722Z] Error reading actual data: A Modbus Exception Occurred - See Response Body
[2024-12-10T04:53:59.723Z] Error writing to Modbus register: A Modbus Exception Occurred - See Response Body
[2024-12-10T04:54:00.734Z] Error reading or processing Modbus registers: A Modbus Exception Occurred - See Response Body
[2024-12-10T04:54:00.737Z] Error reading register 6507 for IP 10.30.4.128: A Modbus Exception Occurred - See Response Body
[2024-12-10T04:54:00.738Z] Error reading actual data: A Modbus Exception Occurred - See Response Body
[2024-12-10T04:54:00.739Z] Error writing to Modbus register: A Modbus Exception Occurred - See Response Body
[2024-12-10T04:54:01.737Z] Error reading or processing Modbus registers: A Modbus Exception Occurred - See Response Body
[2024-12-10T04:54:01.740Z] Error reading register 6507 for IP 10.30.4.128: A Modbus Exception Occurred - See Response Body
[2024-12-10T04:54:01.741Z] Error reading actual data: A Modbus Exception Occurred - See Response Body
[2024-12-10T04:54:01.741Z] Error writing to Modbus register: A Modbus Exception Occurred - See Response Body
[2024-12-10T04:54:02.753Z] Error reading or processing Modbus registers: A Modbus Exception Occurred - See Response Body
[2024-12-10T04:54:02.754Z] Error reading register 6507 for IP 10.30.4.128: A Modbus Exception Occurred - See Response Body
[2024-12-10T04:54:02.755Z] Error reading actual data: A Modbus Exception Occurred - See Response Body
[2024-12-10T04:54:02.755Z] Error writing to Modbus register: A Modbus Exception Occurred - See Response Body
[2024-12-10T04:54:03.766Z] Error reading or processing Modbus registers: A Modbus Exception Occurred - See Response Body
[2024-12-10T04:54:03.769Z] Error reading register 6507 for IP 10.30.4.128: A Modbus Exception Occurred - See Response Body
[2024-12-10T04:54:03.770Z] Error reading actual data: A Modbus Exception Occurred - See Response Body
[2024-12-10T04:54:03.770Z] Error writing to Modbus register: A Modbus Exception Occurred - See Response Body
[2024-12-10T04:54:04.781Z] Error reading or processing Modbus registers: A Modbus Exception Occurred - See Response Body
[2024-12-10T04:54:04.783Z] Error reading register 6507 for IP 10.30.4.128: A Modbus Exception Occurred - See Response Body
[2024-12-10T04:54:04.784Z] Error reading actual data: A Modbus Exception Occurred - See Response Body
[2024-12-10T04:54:04.784Z] Error writing to Modbus register: A Modbus Exception Occurred - See Response Body
[2024-12-10T04:54:05.783Z] Error reading or processing Modbus registers: A Modbus Exception Occurred - See Response Body
[2024-12-10T04:54:05.785Z] Error reading register 6507 for IP 10.30.4.128: A Modbus Exception Occurred - See Response Body
[2024-12-10T04:54:05.786Z] Error reading actual data: A Modbus Exception Occurred - See Response Body
[2024-12-10T04:54:05.786Z] Error writing to Modbus register: A Modbus Exception Occurred - See Response Body
[2024-12-10T04:54:06.785Z] Error reading or processing Modbus registers: A Modbus Exception Occurred - See Response Body
[2024-12-10T04:54:06.787Z] Error reading register 6507 for IP 10.30.4.128: A Modbus Exception Occurred - See Response Body
[2024-12-10T04:54:06.787Z] Error reading actual data: A Modbus Exception Occurred - See Response Body
[2024-12-10T04:54:06.788Z] Error writing to Modbus register: A Modbus Exception Occurred - See Response Body
[2024-12-10T04:54:07.800Z] Error reading or processing Modbus registers: A Modbus Exception Occurred - See Response Body
[2024-12-10T04:54:07.802Z] Error reading register 6507 for IP 10.30.4.128: A Modbus Exception Occurred - See Response Body
[2024-12-10T04:54:07.802Z] Error reading actual data: A Modbus Exception Occurred - See Response Body
[2024-12-10T04:54:07.803Z] Error writing to Modbus register: A Modbus Exception Occurred - See Response Body
[2024-12-10T04:54:08.802Z] Error reading or processing Modbus registers: A Modbus Exception Occurred - See Response Body
[2024-12-10T04:54:08.804Z] Error reading register 6507 for IP 10.30.4.128: A Modbus Exception Occurred - See Response Body
[2024-12-10T04:54:08.805Z] Error reading actual data: A Modbus Exception Occurred - See Response Body
[2024-12-10T04:54:08.805Z] Error writing to Modbus register: A Modbus Exception Occurred - See Response Body
[2024-12-10T04:54:09.808Z] Error reading or processing Modbus registers: A Modbus Exception Occurred - See Response Body
[2024-12-10T04:54:09.810Z] Error reading register 6507 for IP 10.30.4.128: A Modbus Exception Occurred - See Response Body
[2024-12-10T04:54:09.811Z] Error reading actual data: A Modbus Exception Occurred - See Response Body
[2024-12-10T04:54:09.811Z] Error writing to Modbus register: A Modbus Exception Occurred - See Response Body
[2024-12-10T04:54:10.821Z] Error reading or processing Modbus registers: A Modbus Exception Occurred - See Response Body
[2024-12-10T04:54:10.824Z] Error reading register 6507 for IP 10.30.4.128: A Modbus Exception Occurred - See Response Body
[2024-12-10T04:54:10.824Z] Error reading actual data: A Modbus Exception Occurred - See Response Body
[2024-12-10T04:54:10.825Z] Error writing to Modbus register: A Modbus Exception Occurred - See Response Body
[2024-12-10T04:54:11.822Z] Error reading or processing Modbus registers: A Modbus Exception Occurred - See Response Body
[2024-12-10T04:54:11.825Z] Error reading register 6507 for IP 10.30.4.128: A Modbus Exception Occurred - See Response Body
[2024-12-10T04:54:11.825Z] Error reading actual data: A Modbus Exception Occurred - See Response Body
[2024-12-10T04:54:11.826Z] Error writing to Modbus register: A Modbus Exception Occurred - See Response Body
[2024-12-10T04:54:12.837Z] Error reading or processing Modbus registers: A Modbus Exception Occurred - See Response Body
[2024-12-10T04:54:12.839Z] Error reading register 6507 for IP 10.30.4.128: A Modbus Exception Occurred - See Response Body
[2024-12-10T04:54:12.839Z] Error reading actual data: A Modbus Exception Occurred - See Response Body
[2024-12-10T04:54:12.840Z] Error writing to Modbus register: A Modbus Exception Occurred - See Response Body
[2024-12-10T04:54:13.841Z] Error reading or processing Modbus registers: A Modbus Exception Occurred - See Response Body
[2024-12-10T04:54:13.843Z] Error reading register 6507 for IP 10.30.4.128: A Modbus Exception Occurred - See Response Body
[2024-12-10T04:54:13.844Z] Error reading actual data: A Modbus Exception Occurred - See Response Body
[2024-12-10T04:54:13.845Z] Error writing to Modbus register: A Modbus Exception Occurred - See Response Body
[2024-12-10T04:54:14.854Z] Error reading or processing Modbus registers: A Modbus Exception Occurred - See Response Body
[2024-12-10T04:54:14.856Z] Error reading register 6507 for IP 10.30.4.128: A Modbus Exception Occurred - See Response Body
[2024-12-10T04:54:14.857Z] Error reading actual data: A Modbus Exception Occurred - See Response Body
[2024-12-10T04:54:14.857Z] Error writing to Modbus register: A Modbus Exception Occurred - See Response Body
[2024-12-10T04:54:15.857Z] Error reading or processing Modbus registers: A Modbus Exception Occurred - See Response Body
[2024-12-10T04:54:15.859Z] Error reading register 6507 for IP 10.30.4.128: A Modbus Exception Occurred - See Response Body
[2024-12-10T04:54:15.860Z] Error reading actual data: A Modbus Exception Occurred - See Response Body
[2024-12-10T04:54:15.861Z] Error writing to Modbus register: A Modbus Exception Occurred - See Response Body
[2024-12-10T04:54:16.858Z] Error reading or processing Modbus registers: A Modbus Exception Occurred - See Response Body
[2024-12-10T04:54:16.860Z] Error reading register 6507 for IP 10.30.4.128: A Modbus Exception Occurred - See Response Body
[2024-12-10T04:54:16.861Z] Error reading actual data: A Modbus Exception Occurred - See Response Body
[2024-12-10T04:54:16.861Z] Error writing to Modbus register: A Modbus Exception Occurred - See Response Body
[2024-12-10T04:54:17.872Z] Error reading or processing Modbus registers: A Modbus Exception Occurred - See Response Body
[2024-12-10T04:54:17.874Z] Error reading register 6507 for IP 10.30.4.128: A Modbus Exception Occurred - See Response Body
[2024-12-10T04:54:17.875Z] Error reading actual data: A Modbus Exception Occurred - See Response Body
[2024-12-10T04:54:17.876Z] Error writing to Modbus register: A Modbus Exception Occurred - See Response Body
[2024-12-10T04:54:18.877Z] Error reading or processing Modbus registers: A Modbus Exception Occurred - See Response Body
[2024-12-10T04:54:18.879Z] Error reading register 6507 for IP 10.30.4.128: A Modbus Exception Occurred - See Response Body
[2024-12-10T04:54:18.880Z] Error reading actual data: A Modbus Exception Occurred - See Response Body
[2024-12-10T04:54:18.880Z] Error writing to Modbus register: A Modbus Exception Occurred - See Response Body
[2024-12-10T04:54:19.891Z] Error reading or processing Modbus registers: A Modbus Exception Occurred - See Response Body
[2024-12-10T04:54:19.894Z] Error reading register 6507 for IP 10.30.4.128: A Modbus Exception Occurred - See Response Body
[2024-12-10T04:54:19.895Z] Error reading actual data: A Modbus Exception Occurred - See Response Body
[2024-12-10T04:54:19.896Z] Error writing to Modbus register: A Modbus Exception Occurred - See Response Body
[2024-12-10T04:54:20.904Z] Error reading or processing Modbus registers: A Modbus Exception Occurred - See Response Body
[2024-12-10T04:54:20.907Z] Error reading register 6507 for IP 10.30.4.128: A Modbus Exception Occurred - See Response Body
[2024-12-10T04:54:20.908Z] Error reading actual data: A Modbus Exception Occurred - See Response Body
[2024-12-10T04:54:20.909Z] Error writing to Modbus register: A Modbus Exception Occurred - See Response Body
[2024-12-10T04:54:21.909Z] Error reading or processing Modbus registers: A Modbus Exception Occurred - See Response Body
[2024-12-10T04:54:21.912Z] Error reading register 6507 for IP 10.30.4.128: A Modbus Exception Occurred - See Response Body
[2024-12-10T04:54:21.912Z] Error reading actual data: A Modbus Exception Occurred - See Response Body
[2024-12-10T04:54:21.913Z] Error writing to Modbus register: A Modbus Exception Occurred - See Response Body
[2024-12-10T04:54:22.912Z] Error reading or processing Modbus registers: A Modbus Exception Occurred - See Response Body
[2024-12-10T04:54:22.915Z] Error reading register 6507 for IP 10.30.4.128: A Modbus Exception Occurred - See Response Body
[2024-12-10T04:54:22.915Z] Error reading actual data: A Modbus Exception Occurred - See Response Body
[2024-12-10T04:54:22.916Z] Error writing to Modbus register: A Modbus Exception Occurred - See Response Body
[2024-12-10T04:54:23.926Z] Error reading or processing Modbus registers: A Modbus Exception Occurred - See Response Body
[2024-12-10T04:54:23.928Z] Error reading register 6507 for IP 10.30.4.128: A Modbus Exception Occurred - See Response Body
[2024-12-10T04:54:23.929Z] Error reading actual data: A Modbus Exception Occurred - See Response Body
[2024-12-10T04:54:23.929Z] Error writing to Modbus register: A Modbus Exception Occurred - See Response Body
[2024-12-10T04:54:24.927Z] Error reading or processing Modbus registers: A Modbus Exception Occurred - See Response Body
[2024-12-10T04:54:24.929Z] Error reading register 6507 for IP 10.30.4.128: A Modbus Exception Occurred - See Response Body
[2024-12-10T04:54:24.930Z] Error reading actual data: A Modbus Exception Occurred - See Response Body
[2024-12-10T04:54:24.931Z] Error writing to Modbus register: A Modbus Exception Occurred - See Response Body
[2024-12-10T04:54:25.927Z] Error reading or processing Modbus registers: A Modbus Exception Occurred - See Response Body
[2024-12-10T04:54:25.929Z] Error reading register 6507 for IP 10.30.4.128: A Modbus Exception Occurred - See Response Body
[2024-12-10T04:54:25.930Z] Error reading actual data: A Modbus Exception Occurred - See Response Body
[2024-12-10T04:54:25.930Z] Error writing to Modbus register: A Modbus Exception Occurred - See Response Body
[2024-12-10T04:54:26.937Z] Error reading or processing Modbus registers: A Modbus Exception Occurred - See Response Body
[2024-12-10T04:54:26.940Z] Error reading register 6507 for IP 10.30.4.128: A Modbus Exception Occurred - See Response Body
[2024-12-10T04:54:26.941Z] Error reading actual data: A Modbus Exception Occurred - See Response Body
[2024-12-10T04:54:26.942Z] Error writing to Modbus register: A Modbus Exception Occurred - See Response Body
[2024-12-10T04:54:27.941Z] Error reading or processing Modbus registers: A Modbus Exception Occurred - See Response Body
[2024-12-10T04:54:27.943Z] Error reading register 6507 for IP 10.30.4.128: A Modbus Exception Occurred - See Response Body
[2024-12-10T04:54:27.944Z] Error reading actual data: A Modbus Exception Occurred - See Response Body
[2024-12-10T04:54:27.945Z] Error writing to Modbus register: A Modbus Exception Occurred - See Response Body
[2024-12-10T04:54:28.953Z] Error reading or processing Modbus registers: A Modbus Exception Occurred - See Response Body
[2024-12-10T04:54:28.959Z] Error reading register 6507 for IP 10.30.4.128: A Modbus Exception Occurred - See Response Body
[2024-12-10T04:54:28.959Z] Error reading actual data: A Modbus Exception Occurred - See Response Body
[2024-12-10T04:54:28.960Z] Error writing to Modbus register: A Modbus Exception Occurred - See Response Body
[2024-12-10T04:54:29.956Z] Error reading or processing Modbus registers: A Modbus Exception Occurred - See Response Body
[2024-12-10T04:54:29.961Z] Error reading register 6507 for IP 10.30.4.128: A Modbus Exception Occurred - See Response Body
[2024-12-10T04:54:29.961Z] Error reading actual data: A Modbus Exception Occurred - See Response Body
[2024-12-10T04:54:29.962Z] Error writing to Modbus register: A Modbus Exception Occurred - See Response Body
[2024-12-10T04:54:30.960Z] Error reading or processing Modbus registers: A Modbus Exception Occurred - See Response Body
[2024-12-10T04:54:30.962Z] Error reading register 6507 for IP 10.30.4.128: A Modbus Exception Occurred - See Response Body
[2024-12-10T04:54:30.963Z] Error reading actual data: A Modbus Exception Occurred - See Response Body
[2024-12-10T04:54:30.963Z] Error writing to Modbus register: A Modbus Exception Occurred - See Response Body
[2024-12-10T04:54:31.959Z] Error reading or processing Modbus registers: A Modbus Exception Occurred - See Response Body
[2024-12-10T04:54:31.961Z] Error reading register 6507 for IP 10.30.4.128: A Modbus Exception Occurred - See Response Body
[2024-12-10T04:54:31.962Z] Error reading actual data: A Modbus Exception Occurred - See Response Body
[2024-12-10T04:54:31.962Z] Error writing to Modbus register: A Modbus Exception Occurred - See Response Body
[2024-12-10T04:54:32.962Z] Error reading or processing Modbus registers: A Modbus Exception Occurred - See Response Body
[2024-12-10T04:54:32.964Z] Error reading register 6507 for IP 10.30.4.128: A Modbus Exception Occurred - See Response Body
[2024-12-10T04:54:32.965Z] Error reading actual data: A Modbus Exception Occurred - See Response Body
[2024-12-10T04:54:32.965Z] Error writing to Modbus register: A Modbus Exception Occurred - See Response Body
[2024-12-10T04:54:33.976Z] Error reading or processing Modbus registers: A Modbus Exception Occurred - See Response Body
[2024-12-10T04:54:33.978Z] Error reading register 6507 for IP 10.30.4.128: A Modbus Exception Occurred - See Response Body
[2024-12-10T04:54:33.978Z] Error reading actual data: A Modbus Exception Occurred - See Response Body
[2024-12-10T04:54:33.979Z] Error writing to Modbus register: A Modbus Exception Occurred - See Response Body
[2024-12-10T04:54:34.981Z] Error reading or processing Modbus registers: A Modbus Exception Occurred - See Response Body
[2024-12-10T04:54:34.983Z] Error reading register 6507 for IP 10.30.4.128: A Modbus Exception Occurred - See Response Body
[2024-12-10T04:54:34.983Z] Error reading actual data: A Modbus Exception Occurred - See Response Body
[2024-12-10T04:54:34.984Z] Error writing to Modbus register: A Modbus Exception Occurred - See Response Body
[2024-12-10T04:54:35.995Z] Error reading or processing Modbus registers: A Modbus Exception Occurred - See Response Body
[2024-12-10T04:54:35.997Z] Error reading register 6507 for IP 10.30.4.128: A Modbus Exception Occurred - See Response Body
[2024-12-10T04:54:35.998Z] Error reading actual data: A Modbus Exception Occurred - See Response Body
[2024-12-10T04:54:35.998Z] Error writing to Modbus register: A Modbus Exception Occurred - See Response Body
[2024-12-10T04:54:36.997Z] Error reading or processing Modbus registers: A Modbus Exception Occurred - See Response Body
[2024-12-10T04:54:36.999Z] Error reading register 6507 for IP 10.30.4.128: A Modbus Exception Occurred - See Response Body
[2024-12-10T04:54:36.999Z] Error reading actual data: A Modbus Exception Occurred - See Response Body
[2024-12-10T04:54:37.000Z] Error writing to Modbus register: A Modbus Exception Occurred - See Response Body
[2024-12-10T04:54:37.999Z] Error reading or processing Modbus registers: A Modbus Exception Occurred - See Response Body
[2024-12-10T04:54:38.001Z] Error reading register 6507 for IP 10.30.4.128: A Modbus Exception Occurred - See Response Body
[2024-12-10T04:54:38.002Z] Error reading actual data: A Modbus Exception Occurred - See Response Body
[2024-12-10T04:54:38.002Z] Error writing to Modbus register: A Modbus Exception Occurred - See Response Body
[2024-12-10T04:54:39.001Z] Error reading or processing Modbus registers: A Modbus Exception Occurred - See Response Body
[2024-12-10T04:54:39.003Z] Error reading register 6507 for IP 10.30.4.128: A Modbus Exception Occurred - See Response Body
[2024-12-10T04:54:39.004Z] Error reading actual data: A Modbus Exception Occurred - See Response Body
[2024-12-10T04:54:39.005Z] Error writing to Modbus register: A Modbus Exception Occurred - See Response Body
[2024-12-10T04:54:40.010Z] Error reading or processing Modbus registers: A Modbus Exception Occurred - See Response Body
[2024-12-10T04:54:40.012Z] Error reading register 6507 for IP 10.30.4.128: A Modbus Exception Occurred - See Response Body
[2024-12-10T04:54:40.012Z] Error reading actual data: A Modbus Exception Occurred - See Response Body
[2024-12-10T04:54:40.012Z] Error writing to Modbus register: A Modbus Exception Occurred - See Response Body
[2024-12-10T04:54:41.022Z] Error reading or processing Modbus registers: A Modbus Exception Occurred - See Response Body
[2024-12-10T04:54:41.023Z] Error reading register 6507 for IP 10.30.4.128: A Modbus Exception Occurred - See Response Body
[2024-12-10T04:54:41.024Z] Error reading actual data: A Modbus Exception Occurred - See Response Body
[2024-12-10T04:54:41.024Z] Error writing to Modbus register: A Modbus Exception Occurred - See Response Body
[2024-12-10T04:54:42.031Z] Error reading or processing Modbus registers: A Modbus Exception Occurred - See Response Body
[2024-12-10T04:54:42.032Z] Error reading register 6507 for IP 10.30.4.128: A Modbus Exception Occurred - See Response Body
[2024-12-10T04:54:42.033Z] Error reading actual data: A Modbus Exception Occurred - See Response Body
[2024-12-10T04:54:42.033Z] Error writing to Modbus register: A Modbus Exception Occurred - See Response Body
[2024-12-10T04:54:43.034Z] Error reading or processing Modbus registers: A Modbus Exception Occurred - See Response Body
[2024-12-10T04:54:43.038Z] Error reading register 6507 for IP 10.30.4.128: A Modbus Exception Occurred - See Response Body
[2024-12-10T04:54:43.038Z] Error reading actual data: A Modbus Exception Occurred - See Response Body
[2024-12-10T04:54:43.038Z] Error writing to Modbus register: A Modbus Exception Occurred - See Response Body
[2024-12-10T04:54:44.047Z] Error reading or processing Modbus registers: A Modbus Exception Occurred - See Response Body
[2024-12-10T04:54:44.048Z] Error reading register 6507 for IP 10.30.4.128: A Modbus Exception Occurred - See Response Body
[2024-12-10T04:54:44.049Z] Error reading actual data: A Modbus Exception Occurred - See Response Body
[2024-12-10T04:54:44.050Z] Error writing to Modbus register: A Modbus Exception Occurred - See Response Body
[2024-12-10T04:54:45.061Z] Error reading or processing Modbus registers: A Modbus Exception Occurred - See Response Body
[2024-12-10T04:54:45.063Z] Error reading register 6507 for IP 10.30.4.128: A Modbus Exception Occurred - See Response Body
[2024-12-10T04:54:45.064Z] Error reading actual data: A Modbus Exception Occurred - See Response Body
[2024-12-10T04:54:45.065Z] Error writing to Modbus register: A Modbus Exception Occurred - See Response Body
[2024-12-10T04:54:46.073Z] Error reading or processing Modbus registers: A Modbus Exception Occurred - See Response Body
[2024-12-10T04:54:46.075Z] Error reading register 6507 for IP 10.30.4.128: A Modbus Exception Occurred - See Response Body
[2024-12-10T04:54:46.076Z] Error reading actual data: A Modbus Exception Occurred - See Response Body
[2024-12-10T04:54:46.077Z] Error writing to Modbus register: A Modbus Exception Occurred - See Response Body
[2024-12-10T04:54:47.085Z] Error reading or processing Modbus registers: A Modbus Exception Occurred - See Response Body
[2024-12-10T04:54:47.087Z] Error reading register 6507 for IP 10.30.4.128: A Modbus Exception Occurred - See Response Body
[2024-12-10T04:54:47.088Z] Error reading actual data: A Modbus Exception Occurred - See Response Body
[2024-12-10T04:54:47.088Z] Error writing to Modbus register: A Modbus Exception Occurred - See Response Body
[2024-12-10T04:54:48.099Z] Error reading or processing Modbus registers: A Modbus Exception Occurred - See Response Body
[2024-12-10T04:54:48.101Z] Error reading register 6507 for IP 10.30.4.128: A Modbus Exception Occurred - See Response Body
[2024-12-10T04:54:48.102Z] Error reading actual data: A Modbus Exception Occurred - See Response Body
[2024-12-10T04:54:48.103Z] Error writing to Modbus register: A Modbus Exception Occurred - See Response Body
[2024-12-10T04:54:49.106Z] Error reading or processing Modbus registers: A Modbus Exception Occurred - See Response Body
[2024-12-10T04:54:49.109Z] Error reading register 6507 for IP 10.30.4.128: A Modbus Exception Occurred - See Response Body
[2024-12-10T04:54:49.109Z] Error reading actual data: A Modbus Exception Occurred - See Response Body
[2024-12-10T04:54:49.110Z] Error writing to Modbus register: A Modbus Exception Occurred - See Response Body
[2024-12-10T04:54:50.119Z] Error reading or processing Modbus registers: A Modbus Exception Occurred - See Response Body
[2024-12-10T04:54:50.121Z] Error reading register 6507 for IP 10.30.4.128: A Modbus Exception Occurred - See Response Body
[2024-12-10T04:54:50.122Z] Error reading actual data: A Modbus Exception Occurred - See Response Body
[2024-12-10T04:54:50.122Z] Error writing to Modbus register: A Modbus Exception Occurred - See Response Body
[2024-12-10T04:54:51.133Z] Error reading or processing Modbus registers: A Modbus Exception Occurred - See Response Body
[2024-12-10T04:54:51.135Z] Error reading register 6507 for IP 10.30.4.128: A Modbus Exception Occurred - See Response Body
[2024-12-10T04:54:51.136Z] Error reading actual data: A Modbus Exception Occurred - See Response Body
[2024-12-10T04:54:51.137Z] Error writing to Modbus register: A Modbus Exception Occurred - See Response Body
[2024-12-10T04:54:52.144Z] Error reading or processing Modbus registers: A Modbus Exception Occurred - See Response Body
[2024-12-10T04:54:52.146Z] Error reading register 6507 for IP 10.30.4.128: A Modbus Exception Occurred - See Response Body
[2024-12-10T04:54:52.146Z] Error reading actual data: A Modbus Exception Occurred - See Response Body
[2024-12-10T04:54:52.147Z] Error writing to Modbus register: A Modbus Exception Occurred - See Response Body
[2024-12-10T04:54:53.144Z] Error reading or processing Modbus registers: A Modbus Exception Occurred - See Response Body
[2024-12-10T04:54:53.146Z] Error reading register 6507 for IP 10.30.4.128: A Modbus Exception Occurred - See Response Body
[2024-12-10T04:54:53.146Z] Error reading actual data: A Modbus Exception Occurred - See Response Body
[2024-12-10T04:54:53.147Z] Error writing to Modbus register: A Modbus Exception Occurred - See Response Body
[2024-12-10T04:54:54.155Z] Error reading or processing Modbus registers: A Modbus Exception Occurred - See Response Body
[2024-12-10T04:54:54.157Z] Error reading register 6507 for IP 10.30.4.128: A Modbus Exception Occurred - See Response Body
[2024-12-10T04:54:54.158Z] Error reading actual data: A Modbus Exception Occurred - See Response Body
[2024-12-10T04:54:54.158Z] Error writing to Modbus register: A Modbus Exception Occurred - See Response Body
[2024-12-10T04:54:55.170Z] Error reading or processing Modbus registers: A Modbus Exception Occurred - See Response Body
[2024-12-10T04:54:55.172Z] Error reading register 6507 for IP 10.30.4.128: A Modbus Exception Occurred - See Response Body
[2024-12-10T04:54:55.173Z] Error reading actual data: A Modbus Exception Occurred - See Response Body
[2024-12-10T04:54:55.173Z] Error writing to Modbus register: A Modbus Exception Occurred - See Response Body
[2024-12-10T04:54:56.183Z] Error reading or processing Modbus registers: A Modbus Exception Occurred - See Response Body
[2024-12-10T04:54:56.185Z] Error reading register 6507 for IP 10.30.4.128: A Modbus Exception Occurred - See Response Body
[2024-12-10T04:54:56.186Z] Error reading actual data: A Modbus Exception Occurred - See Response Body
[2024-12-10T04:54:56.186Z] Error writing to Modbus register: A Modbus Exception Occurred - See Response Body
[2024-12-10T04:54:57.196Z] Error reading or processing Modbus registers: A Modbus Exception Occurred - See Response Body
[2024-12-10T04:54:57.198Z] Error reading register 6507 for IP 10.30.4.128: A Modbus Exception Occurred - See Response Body
[2024-12-10T04:54:57.199Z] Error reading actual data: A Modbus Exception Occurred - See Response Body
[2024-12-10T04:54:57.199Z] Error writing to Modbus register: A Modbus Exception Occurred - See Response Body
[2024-12-10T04:54:58.210Z] Error reading or processing Modbus registers: A Modbus Exception Occurred - See Response Body
[2024-12-10T04:54:58.212Z] Error reading register 6507 for IP 10.30.4.128: A Modbus Exception Occurred - See Response Body
[2024-12-10T04:54:58.212Z] Error reading actual data: A Modbus Exception Occurred - See Response Body
[2024-12-10T04:54:58.213Z] Error writing to Modbus register: A Modbus Exception Occurred - See Response Body
[2024-12-10T04:54:59.224Z] Error reading or processing Modbus registers: A Modbus Exception Occurred - See Response Body
[2024-12-10T04:54:59.227Z] Error reading register 6507 for IP 10.30.4.128: A Modbus Exception Occurred - See Response Body
[2024-12-10T04:54:59.227Z] Error reading actual data: A Modbus Exception Occurred - See Response Body
[2024-12-10T04:54:59.228Z] Error writing to Modbus register: A Modbus Exception Occurred - See Response Body
[2024-12-10T04:55:00.236Z] Error reading or processing Modbus registers: A Modbus Exception Occurred - See Response Body
[2024-12-10T04:55:00.238Z] Error reading register 6507 for IP 10.30.4.128: A Modbus Exception Occurred - See Response Body
[2024-12-10T04:55:00.239Z] Error reading actual data: A Modbus Exception Occurred - See Response Body
[2024-12-10T04:55:00.240Z] Error writing to Modbus register: A Modbus Exception Occurred - See Response Body
[2024-12-10T04:55:01.251Z] Error reading or processing Modbus registers: A Modbus Exception Occurred - See Response Body
[2024-12-10T04:55:01.253Z] Error reading register 6507 for IP 10.30.4.128: A Modbus Exception Occurred - See Response Body
[2024-12-10T04:55:01.254Z] Error reading actual data: A Modbus Exception Occurred - See Response Body
[2024-12-10T04:55:01.255Z] Error writing to Modbus register: A Modbus Exception Occurred - See Response Body
[2024-12-10T04:55:02.264Z] Error reading or processing Modbus registers: A Modbus Exception Occurred - See Response Body
[2024-12-10T04:55:02.266Z] Error reading register 6507 for IP 10.30.4.128: A Modbus Exception Occurred - See Response Body
[2024-12-10T04:55:02.266Z] Error reading actual data: A Modbus Exception Occurred - See Response Body
[2024-12-10T04:55:02.267Z] Error writing to Modbus register: A Modbus Exception Occurred - See Response Body
[2024-12-10T04:55:03.279Z] Error reading or processing Modbus registers: A Modbus Exception Occurred - See Response Body
[2024-12-10T04:55:03.281Z] Error reading register 6507 for IP 10.30.4.128: A Modbus Exception Occurred - See Response Body
[2024-12-10T04:55:03.282Z] Error reading actual data: A Modbus Exception Occurred - See Response Body
[2024-12-10T04:55:03.282Z] Error writing to Modbus register: A Modbus Exception Occurred - See Response Body
[2024-12-10T04:55:04.280Z] Error reading or processing Modbus registers: A Modbus Exception Occurred - See Response Body
[2024-12-10T04:55:04.282Z] Error reading register 6507 for IP 10.30.4.128: A Modbus Exception Occurred - See Response Body
[2024-12-10T04:55:04.283Z] Error reading actual data: A Modbus Exception Occurred - See Response Body
[2024-12-10T04:55:04.283Z] Error writing to Modbus register: A Modbus Exception Occurred - See Response Body
[2024-12-10T04:55:05.292Z] Error reading or processing Modbus registers: A Modbus Exception Occurred - See Response Body
[2024-12-10T04:55:05.295Z] Error reading register 6507 for IP 10.30.4.128: A Modbus Exception Occurred - See Response Body
[2024-12-10T04:55:05.296Z] Error reading actual data: A Modbus Exception Occurred - See Response Body
[2024-12-10T04:55:05.296Z] Error writing to Modbus register: A Modbus Exception Occurred - See Response Body
[2024-12-10T04:55:06.294Z] Error reading or processing Modbus registers: A Modbus Exception Occurred - See Response Body
[2024-12-10T04:55:06.296Z] Error reading register 6507 for IP 10.30.4.128: A Modbus Exception Occurred - See Response Body
[2024-12-10T04:55:06.297Z] Error reading actual data: A Modbus Exception Occurred - See Response Body
[2024-12-10T04:55:06.297Z] Error writing to Modbus register: A Modbus Exception Occurred - See Response Body
[2024-12-10T04:55:07.295Z] Error reading or processing Modbus registers: A Modbus Exception Occurred - See Response Body
[2024-12-10T04:55:07.298Z] Error reading register 6507 for IP 10.30.4.128: A Modbus Exception Occurred - See Response Body
[2024-12-10T04:55:07.298Z] Error reading actual data: A Modbus Exception Occurred - See Response Body
[2024-12-10T04:55:07.299Z] Error writing to Modbus register: A Modbus Exception Occurred - See Response Body
[2024-12-10T04:55:08.310Z] Error reading or processing Modbus registers: A Modbus Exception Occurred - See Response Body
[2024-12-10T04:55:08.313Z] Error reading register 6507 for IP 10.30.4.128: A Modbus Exception Occurred - See Response Body
[2024-12-10T04:55:08.313Z] Error reading actual data: A Modbus Exception Occurred - See Response Body
[2024-12-10T04:55:08.314Z] Error writing to Modbus register: A Modbus Exception Occurred - See Response Body
[2024-12-10T04:55:09.310Z] Error reading or processing Modbus registers: A Modbus Exception Occurred - See Response Body
[2024-12-10T04:55:09.312Z] Error reading register 6507 for IP 10.30.4.128: A Modbus Exception Occurred - See Response Body
[2024-12-10T04:55:09.313Z] Error reading actual data: A Modbus Exception Occurred - See Response Body
[2024-12-10T04:55:09.314Z] Error writing to Modbus register: A Modbus Exception Occurred - See Response Body
[2024-12-10T04:55:10.323Z] Error reading or processing Modbus registers: A Modbus Exception Occurred - See Response Body
[2024-12-10T04:55:10.325Z] Error reading register 6507 for IP 10.30.4.128: A Modbus Exception Occurred - See Response Body
[2024-12-10T04:55:10.326Z] Error reading actual data: A Modbus Exception Occurred - See Response Body
[2024-12-10T04:55:10.327Z] Error writing to Modbus register: A Modbus Exception Occurred - See Response Body
[2024-12-10T04:55:11.327Z] Error reading or processing Modbus registers: A Modbus Exception Occurred - See Response Body
[2024-12-10T04:55:11.329Z] Error reading register 6507 for IP 10.30.4.128: A Modbus Exception Occurred - See Response Body
[2024-12-10T04:55:11.329Z] Error reading actual data: A Modbus Exception Occurred - See Response Body
[2024-12-10T04:55:11.330Z] Error writing to Modbus register: A Modbus Exception Occurred - See Response Body
[2024-12-10T04:55:12.328Z] Error reading or processing Modbus registers: A Modbus Exception Occurred - See Response Body
[2024-12-10T04:55:12.331Z] Error reading register 6507 for IP 10.30.4.128: A Modbus Exception Occurred - See Response Body
[2024-12-10T04:55:12.331Z] Error reading actual data: A Modbus Exception Occurred - See Response Body
[2024-12-10T04:55:12.332Z] Error writing to Modbus register: A Modbus Exception Occurred - See Response Body
[2024-12-10T04:55:13.332Z] Error reading or processing Modbus registers: A Modbus Exception Occurred - See Response Body
[2024-12-10T04:55:13.334Z] Error reading register 6507 for IP 10.30.4.128: A Modbus Exception Occurred - See Response Body
[2024-12-10T04:55:13.334Z] Error reading actual data: A Modbus Exception Occurred - See Response Body
[2024-12-10T04:55:13.335Z] Error writing to Modbus register: A Modbus Exception Occurred - See Response Body
[2024-12-10T04:55:14.334Z] Error reading or processing Modbus registers: A Modbus Exception Occurred - See Response Body
[2024-12-10T04:55:14.336Z] Error reading register 6507 for IP 10.30.4.128: A Modbus Exception Occurred - See Response Body
[2024-12-10T04:55:14.337Z] Error reading actual data: A Modbus Exception Occurred - See Response Body
[2024-12-10T04:55:14.337Z] Error writing to Modbus register: A Modbus Exception Occurred - See Response Body
[2024-12-10T04:55:15.334Z] Error reading or processing Modbus registers: A Modbus Exception Occurred - See Response Body
[2024-12-10T04:55:15.336Z] Error reading register 6507 for IP 10.30.4.128: A Modbus Exception Occurred - See Response Body
[2024-12-10T04:55:15.337Z] Error reading actual data: A Modbus Exception Occurred - See Response Body
[2024-12-10T04:55:15.338Z] Error writing to Modbus register: A Modbus Exception Occurred - See Response Body
[2024-12-10T04:55:16.336Z] Error reading or processing Modbus registers: A Modbus Exception Occurred - See Response Body
[2024-12-10T04:55:16.337Z] Error reading register 6507 for IP 10.30.4.128: A Modbus Exception Occurred - See Response Body
[2024-12-10T04:55:16.338Z] Error reading actual data: A Modbus Exception Occurred - See Response Body
[2024-12-10T04:55:16.339Z] Error writing to Modbus register: A Modbus Exception Occurred - See Response Body
[2024-12-10T04:55:17.347Z] Error reading or processing Modbus registers: A Modbus Exception Occurred - See Response Body
[2024-12-10T04:55:17.350Z] Error reading register 6507 for IP 10.30.4.128: A Modbus Exception Occurred - See Response Body
[2024-12-10T04:55:17.351Z] Error reading actual data: A Modbus Exception Occurred - See Response Body
[2024-12-10T04:55:17.351Z] Error writing to Modbus register: A Modbus Exception Occurred - See Response Body
[2024-12-10T04:55:18.348Z] Error reading or processing Modbus registers: A Modbus Exception Occurred - See Response Body
[2024-12-10T04:55:18.350Z] Error reading register 6507 for IP 10.30.4.128: A Modbus Exception Occurred - See Response Body
[2024-12-10T04:55:18.350Z] Error reading actual data: A Modbus Exception Occurred - See Response Body
[2024-12-10T04:55:18.351Z] Error writing to Modbus register: A Modbus Exception Occurred - See Response Body
[2024-12-10T04:55:19.362Z] Error reading or processing Modbus registers: A Modbus Exception Occurred - See Response Body
[2024-12-10T04:55:19.364Z] Error reading register 6507 for IP 10.30.4.128: A Modbus Exception Occurred - See Response Body
[2024-12-10T04:55:19.364Z] Error reading actual data: A Modbus Exception Occurred - See Response Body
[2024-12-10T04:55:19.364Z] Error writing to Modbus register: A Modbus Exception Occurred - See Response Body
[2024-12-10T04:55:20.373Z] Error reading or processing Modbus registers: A Modbus Exception Occurred - See Response Body
[2024-12-10T04:55:20.375Z] Error reading register 6507 for IP 10.30.4.128: A Modbus Exception Occurred - See Response Body
[2024-12-10T04:55:20.376Z] Error reading actual data: A Modbus Exception Occurred - See Response Body
[2024-12-10T04:55:20.376Z] Error writing to Modbus register: A Modbus Exception Occurred - See Response Body
[2024-12-10T04:55:21.387Z] Error reading or processing Modbus registers: A Modbus Exception Occurred - See Response Body
[2024-12-10T04:55:21.389Z] Error reading register 6507 for IP 10.30.4.128: A Modbus Exception Occurred - See Response Body
[2024-12-10T04:55:21.389Z] Error reading actual data: A Modbus Exception Occurred - See Response Body
[2024-12-10T04:55:21.390Z] Error writing to Modbus register: A Modbus Exception Occurred - See Response Body
[2024-12-10T04:55:22.387Z] Error reading or processing Modbus registers: A Modbus Exception Occurred - See Response Body
[2024-12-10T04:55:22.389Z] Error reading register 6507 for IP 10.30.4.128: A Modbus Exception Occurred - See Response Body
[2024-12-10T04:55:22.389Z] Error reading actual data: A Modbus Exception Occurred - See Response Body
[2024-12-10T04:55:22.390Z] Error writing to Modbus register: A Modbus Exception Occurred - See Response Body
[2024-12-10T04:55:23.387Z] Error reading or processing Modbus registers: A Modbus Exception Occurred - See Response Body
[2024-12-10T04:55:23.389Z] Error reading register 6507 for IP 10.30.4.128: A Modbus Exception Occurred - See Response Body
[2024-12-10T04:55:23.390Z] Error reading actual data: A Modbus Exception Occurred - See Response Body
[2024-12-10T04:55:23.390Z] Error writing to Modbus register: A Modbus Exception Occurred - See Response Body
[2024-12-10T04:55:24.401Z] Error reading or processing Modbus registers: A Modbus Exception Occurred - See Response Body
[2024-12-10T04:55:24.403Z] Error reading register 6507 for IP 10.30.4.128: A Modbus Exception Occurred - See Response Body
[2024-12-10T04:55:24.404Z] Error reading actual data: A Modbus Exception Occurred - See Response Body
[2024-12-10T04:55:24.404Z] Error writing to Modbus register: A Modbus Exception Occurred - See Response Body
[2024-12-10T04:55:25.402Z] Error reading or processing Modbus registers: A Modbus Exception Occurred - See Response Body
[2024-12-10T04:55:25.405Z] Error reading register 6507 for IP 10.30.4.128: A Modbus Exception Occurred - See Response Body
[2024-12-10T04:55:25.405Z] Error reading actual data: A Modbus Exception Occurred - See Response Body
[2024-12-10T04:55:25.406Z] Error writing to Modbus register: A Modbus Exception Occurred - See Response Body
[2024-12-10T04:55:26.404Z] Error reading or processing Modbus registers: A Modbus Exception Occurred - See Response Body
[2024-12-10T04:55:26.406Z] Error reading register 6507 for IP 10.30.4.128: A Modbus Exception Occurred - See Response Body
[2024-12-10T04:55:26.407Z] Error reading actual data: A Modbus Exception Occurred - See Response Body
[2024-12-10T04:55:26.407Z] Error writing to Modbus register: A Modbus Exception Occurred - See Response Body
[2024-12-10T04:55:27.417Z] Error reading or processing Modbus registers: A Modbus Exception Occurred - See Response Body
[2024-12-10T04:55:27.419Z] Error reading register 6507 for IP 10.30.4.128: A Modbus Exception Occurred - See Response Body
[2024-12-10T04:55:27.420Z] Error reading actual data: A Modbus Exception Occurred - See Response Body
[2024-12-10T04:55:27.420Z] Error writing to Modbus register: A Modbus Exception Occurred - See Response Body
[2024-12-10T04:55:28.418Z] Error reading or processing Modbus registers: A Modbus Exception Occurred - See Response Body
[2024-12-10T04:55:28.420Z] Error reading register 6507 for IP 10.30.4.128: A Modbus Exception Occurred - See Response Body
[2024-12-10T04:55:28.420Z] Error reading actual data: A Modbus Exception Occurred - See Response Body
[2024-12-10T04:55:28.421Z] Error writing to Modbus register: A Modbus Exception Occurred - See Response Body
[2024-12-10T04:55:29.422Z] Error reading or processing Modbus registers: A Modbus Exception Occurred - See Response Body
[2024-12-10T04:55:29.424Z] Error reading register 6507 for IP 10.30.4.128: A Modbus Exception Occurred - See Response Body
[2024-12-10T04:55:29.425Z] Error reading actual data: A Modbus Exception Occurred - See Response Body
[2024-12-10T04:55:29.425Z] Error writing to Modbus register: A Modbus Exception Occurred - See Response Body
[2024-12-10T04:55:30.434Z] Error reading or processing Modbus registers: A Modbus Exception Occurred - See Response Body
[2024-12-10T04:55:30.436Z] Error reading register 6507 for IP 10.30.4.128: A Modbus Exception Occurred - See Response Body
[2024-12-10T04:55:30.436Z] Error reading actual data: A Modbus Exception Occurred - See Response Body
[2024-12-10T04:55:30.437Z] Error writing to Modbus register: A Modbus Exception Occurred - See Response Body
[2024-12-10T04:55:31.449Z] Error reading or processing Modbus registers: A Modbus Exception Occurred - See Response Body
[2024-12-10T04:55:31.451Z] Error reading register 6507 for IP 10.30.4.128: A Modbus Exception Occurred - See Response Body
[2024-12-10T04:55:31.452Z] Error reading actual data: A Modbus Exception Occurred - See Response Body
[2024-12-10T04:55:31.453Z] Error writing to Modbus register: A Modbus Exception Occurred - See Response Body
[2024-12-10T04:55:32.463Z] Error reading or processing Modbus registers: A Modbus Exception Occurred - See Response Body
[2024-12-10T04:55:32.466Z] Error reading register 6507 for IP 10.30.4.128: A Modbus Exception Occurred - See Response Body
[2024-12-10T04:55:32.466Z] Error reading actual data: A Modbus Exception Occurred - See Response Body
[2024-12-10T04:55:32.467Z] Error writing to Modbus register: A Modbus Exception Occurred - See Response Body
[2024-12-10T04:55:33.464Z] Error reading or processing Modbus registers: A Modbus Exception Occurred - See Response Body
[2024-12-10T04:55:33.466Z] Error reading register 6507 for IP 10.30.4.128: A Modbus Exception Occurred - See Response Body
[2024-12-10T04:55:33.467Z] Error reading actual data: A Modbus Exception Occurred - See Response Body
[2024-12-10T04:55:33.467Z] Error writing to Modbus register: A Modbus Exception Occurred - See Response Body
[2024-12-10T04:55:34.477Z] Error reading or processing Modbus registers: A Modbus Exception Occurred - See Response Body
[2024-12-10T04:55:34.480Z] Error reading register 6507 for IP 10.30.4.128: A Modbus Exception Occurred - See Response Body
[2024-12-10T04:55:34.480Z] Error reading actual data: A Modbus Exception Occurred - See Response Body
[2024-12-10T04:55:34.481Z] Error writing to Modbus register: A Modbus Exception Occurred - See Response Body
[2024-12-10T04:55:35.492Z] Error reading or processing Modbus registers: A Modbus Exception Occurred - See Response Body
[2024-12-10T04:55:35.494Z] Error reading register 6507 for IP 10.30.4.128: A Modbus Exception Occurred - See Response Body
[2024-12-10T04:55:35.494Z] Error reading actual data: A Modbus Exception Occurred - See Response Body
[2024-12-10T04:55:35.495Z] Error writing to Modbus register: A Modbus Exception Occurred - See Response Body
[2024-12-10T04:55:36.506Z] Error reading or processing Modbus registers: A Modbus Exception Occurred - See Response Body
[2024-12-10T04:55:36.509Z] Error reading register 6507 for IP 10.30.4.128: A Modbus Exception Occurred - See Response Body
[2024-12-10T04:55:36.509Z] Error reading actual data: A Modbus Exception Occurred - See Response Body
[2024-12-10T04:55:36.509Z] Error writing to Modbus register: A Modbus Exception Occurred - See Response Body
[2024-12-10T04:55:37.507Z] Error reading or processing Modbus registers: A Modbus Exception Occurred - See Response Body
[2024-12-10T04:55:37.509Z] Error reading register 6507 for IP 10.30.4.128: A Modbus Exception Occurred - See Response Body
[2024-12-10T04:55:37.510Z] Error reading actual data: A Modbus Exception Occurred - See Response Body
[2024-12-10T04:55:37.510Z] Error writing to Modbus register: A Modbus Exception Occurred - See Response Body
[2024-12-10T04:55:38.521Z] Error reading or processing Modbus registers: A Modbus Exception Occurred - See Response Body
[2024-12-10T04:55:38.523Z] Error reading register 6507 for IP 10.30.4.128: A Modbus Exception Occurred - See Response Body
[2024-12-10T04:55:38.524Z] Error reading actual data: A Modbus Exception Occurred - See Response Body
[2024-12-10T04:55:38.524Z] Error writing to Modbus register: A Modbus Exception Occurred - See Response Body
[2024-12-10T04:55:39.523Z] Error reading or processing Modbus registers: A Modbus Exception Occurred - See Response Body
[2024-12-10T04:55:39.525Z] Error reading register 6507 for IP 10.30.4.128: A Modbus Exception Occurred - See Response Body
[2024-12-10T04:55:39.526Z] Error reading actual data: A Modbus Exception Occurred - See Response Body
[2024-12-10T04:55:39.526Z] Error writing to Modbus register: A Modbus Exception Occurred - See Response Body
[2024-12-10T04:55:40.536Z] Error reading or processing Modbus registers: A Modbus Exception Occurred - See Response Body
[2024-12-10T04:55:40.540Z] Error reading register 6507 for IP 10.30.4.128: A Modbus Exception Occurred - See Response Body
[2024-12-10T04:55:40.542Z] Error reading actual data: A Modbus Exception Occurred - See Response Body
[2024-12-10T04:55:40.542Z] Error writing to Modbus register: A Modbus Exception Occurred - See Response Body
[2024-12-10T04:55:41.550Z] Error reading or processing Modbus registers: A Modbus Exception Occurred - See Response Body
[2024-12-10T04:55:41.552Z] Error reading register 6507 for IP 10.30.4.128: A Modbus Exception Occurred - See Response Body
[2024-12-10T04:55:41.552Z] Error reading actual data: A Modbus Exception Occurred - See Response Body
[2024-12-10T04:55:41.553Z] Error writing to Modbus register: A Modbus Exception Occurred - See Response Body
[2024-12-10T04:55:42.561Z] Error reading or processing Modbus registers: A Modbus Exception Occurred - See Response Body
[2024-12-10T04:55:42.563Z] Error reading register 6507 for IP 10.30.4.128: A Modbus Exception Occurred - See Response Body
[2024-12-10T04:55:42.564Z] Error reading actual data: A Modbus Exception Occurred - See Response Body
[2024-12-10T04:55:42.564Z] Error writing to Modbus register: A Modbus Exception Occurred - See Response Body
[2024-12-10T04:55:43.576Z] Error reading or processing Modbus registers: A Modbus Exception Occurred - See Response Body
[2024-12-10T04:55:43.578Z] Error reading register 6507 for IP 10.30.4.128: A Modbus Exception Occurred - See Response Body
[2024-12-10T04:55:43.579Z] Error reading actual data: A Modbus Exception Occurred - See Response Body
[2024-12-10T04:55:43.579Z] Error writing to Modbus register: A Modbus Exception Occurred - See Response Body
[2024-12-10T04:55:44.589Z] Error reading or processing Modbus registers: A Modbus Exception Occurred - See Response Body
[2024-12-10T04:55:44.591Z] Error reading register 6507 for IP 10.30.4.128: A Modbus Exception Occurred - See Response Body
[2024-12-10T04:55:44.591Z] Error reading actual data: A Modbus Exception Occurred - See Response Body
[2024-12-10T04:55:44.592Z] Error writing to Modbus register: A Modbus Exception Occurred - See Response Body
[2024-12-10T04:55:45.603Z] Error reading or processing Modbus registers: A Modbus Exception Occurred - See Response Body
[2024-12-10T04:55:45.606Z] Error reading register 6507 for IP 10.30.4.128: A Modbus Exception Occurred - See Response Body
[2024-12-10T04:55:45.606Z] Error reading actual data: A Modbus Exception Occurred - See Response Body
[2024-12-10T04:55:45.607Z] Error writing to Modbus register: A Modbus Exception Occurred - See Response Body
[2024-12-10T04:55:46.616Z] Error reading or processing Modbus registers: A Modbus Exception Occurred - See Response Body
[2024-12-10T04:55:46.619Z] Error reading register 6507 for IP 10.30.4.128: A Modbus Exception Occurred - See Response Body
[2024-12-10T04:55:46.619Z] Error reading actual data: A Modbus Exception Occurred - See Response Body
[2024-12-10T04:55:46.620Z] Error writing to Modbus register: A Modbus Exception Occurred - See Response Body
[2024-12-10T04:55:47.618Z] Error reading or processing Modbus registers: A Modbus Exception Occurred - See Response Body
[2024-12-10T04:55:47.620Z] Error reading register 6507 for IP 10.30.4.128: A Modbus Exception Occurred - See Response Body
[2024-12-10T04:55:47.621Z] Error reading actual data: A Modbus Exception Occurred - See Response Body
[2024-12-10T04:55:47.621Z] Error writing to Modbus register: A Modbus Exception Occurred - See Response Body
[2024-12-10T04:55:48.631Z] Error reading or processing Modbus registers: A Modbus Exception Occurred - See Response Body
[2024-12-10T04:55:48.633Z] Error reading register 6507 for IP 10.30.4.128: A Modbus Exception Occurred - See Response Body
[2024-12-10T04:55:48.634Z] Error reading actual data: A Modbus Exception Occurred - See Response Body
[2024-12-10T04:55:48.634Z] Error writing to Modbus register: A Modbus Exception Occurred - See Response Body
[2024-12-10T04:55:49.645Z] Error reading or processing Modbus registers: A Modbus Exception Occurred - See Response Body
[2024-12-10T04:55:49.648Z] Error reading register 6507 for IP 10.30.4.128: A Modbus Exception Occurred - See Response Body
[2024-12-10T04:55:49.648Z] Error reading actual data: A Modbus Exception Occurred - See Response Body
[2024-12-10T04:55:49.649Z] Error writing to Modbus register: A Modbus Exception Occurred - See Response Body
[2024-12-10T04:55:50.659Z] Error reading or processing Modbus registers: A Modbus Exception Occurred - See Response Body
[2024-12-10T04:55:50.661Z] Error reading register 6507 for IP 10.30.4.128: A Modbus Exception Occurred - See Response Body
[2024-12-10T04:55:50.661Z] Error reading actual data: A Modbus Exception Occurred - See Response Body
[2024-12-10T04:55:50.662Z] Error writing to Modbus register: A Modbus Exception Occurred - See Response Body
[2024-12-10T04:55:51.673Z] Error reading or processing Modbus registers: A Modbus Exception Occurred - See Response Body
[2024-12-10T04:55:51.676Z] Error reading register 6507 for IP 10.30.4.128: A Modbus Exception Occurred - See Response Body
[2024-12-10T04:55:51.677Z] Error reading actual data: A Modbus Exception Occurred - See Response Body
[2024-12-10T04:55:51.677Z] Error writing to Modbus register: A Modbus Exception Occurred - See Response Body
[2024-12-10T04:55:52.678Z] Error reading or processing Modbus registers: A Modbus Exception Occurred - See Response Body
[2024-12-10T04:55:52.680Z] Error reading register 6507 for IP 10.30.4.128: A Modbus Exception Occurred - See Response Body
[2024-12-10T04:55:52.680Z] Error reading actual data: A Modbus Exception Occurred - See Response Body
[2024-12-10T04:55:52.681Z] Error writing to Modbus register: A Modbus Exception Occurred - See Response Body
[2024-12-10T04:55:53.678Z] Error reading or processing Modbus registers: A Modbus Exception Occurred - See Response Body
[2024-12-10T04:55:53.680Z] Error reading register 6507 for IP 10.30.4.128: A Modbus Exception Occurred - See Response Body
[2024-12-10T04:55:53.681Z] Error reading actual data: A Modbus Exception Occurred - See Response Body
[2024-12-10T04:55:53.682Z] Error writing to Modbus register: A Modbus Exception Occurred - See Response Body
[2024-12-10T04:55:54.688Z] Error reading or processing Modbus registers: A Modbus Exception Occurred - See Response Body
[2024-12-10T04:55:54.691Z] Error reading register 6507 for IP 10.30.4.128: A Modbus Exception Occurred - See Response Body
[2024-12-10T04:55:54.692Z] Error reading actual data: A Modbus Exception Occurred - See Response Body
[2024-12-10T04:55:54.692Z] Error writing to Modbus register: A Modbus Exception Occurred - See Response Body
[2024-12-10T04:55:55.689Z] Error reading or processing Modbus registers: A Modbus Exception Occurred - See Response Body
[2024-12-10T04:55:55.692Z] Error reading register 6507 for IP 10.30.4.128: A Modbus Exception Occurred - See Response Body
[2024-12-10T04:55:55.692Z] Error reading actual data: A Modbus Exception Occurred - See Response Body
[2024-12-10T04:55:55.693Z] Error writing to Modbus register: A Modbus Exception Occurred - See Response Body
[2024-12-10T04:55:56.691Z] Error reading or processing Modbus registers: A Modbus Exception Occurred - See Response Body
[2024-12-10T04:55:56.694Z] Error reading register 6507 for IP 10.30.4.128: A Modbus Exception Occurred - See Response Body
[2024-12-10T04:55:56.694Z] Error reading actual data: A Modbus Exception Occurred - See Response Body
[2024-12-10T04:55:56.695Z] Error writing to Modbus register: A Modbus Exception Occurred - See Response Body
[2024-12-10T04:55:57.706Z] Error reading or processing Modbus registers: A Modbus Exception Occurred - See Response Body
[2024-12-10T04:55:57.708Z] Error reading register 6507 for IP 10.30.4.128: A Modbus Exception Occurred - See Response Body
[2024-12-10T04:55:57.709Z] Error reading actual data: A Modbus Exception Occurred - See Response Body
[2024-12-10T04:55:57.709Z] Error writing to Modbus register: A Modbus Exception Occurred - See Response Body
[2024-12-10T04:55:58.707Z] Error reading or processing Modbus registers: A Modbus Exception Occurred - See Response Body
[2024-12-10T04:55:58.710Z] Error reading register 6507 for IP 10.30.4.128: A Modbus Exception Occurred - See Response Body
[2024-12-10T04:55:58.711Z] Error reading actual data: A Modbus Exception Occurred - See Response Body
[2024-12-10T04:55:58.711Z] Error writing to Modbus register: A Modbus Exception Occurred - See Response Body
[2024-12-10T04:55:59.720Z] Error reading or processing Modbus registers: A Modbus Exception Occurred - See Response Body
[2024-12-10T04:55:59.722Z] Error reading register 6507 for IP 10.30.4.128: A Modbus Exception Occurred - See Response Body
[2024-12-10T04:55:59.723Z] Error reading actual data: A Modbus Exception Occurred - See Response Body
[2024-12-10T04:55:59.724Z] Error writing to Modbus register: A Modbus Exception Occurred - See Response Body
[2024-12-10T04:56:00.721Z] Error reading or processing Modbus registers: A Modbus Exception Occurred - See Response Body
[2024-12-10T04:56:00.723Z] Error reading register 6507 for IP 10.30.4.128: A Modbus Exception Occurred - See Response Body
[2024-12-10T04:56:00.724Z] Error reading actual data: A Modbus Exception Occurred - See Response Body
[2024-12-10T04:56:00.724Z] Error writing to Modbus register: A Modbus Exception Occurred - See Response Body
[2024-12-10T04:56:01.721Z] Error reading or processing Modbus registers: A Modbus Exception Occurred - See Response Body
[2024-12-10T04:56:01.724Z] Error reading register 6507 for IP 10.30.4.128: A Modbus Exception Occurred - See Response Body
[2024-12-10T04:56:01.724Z] Error reading actual data: A Modbus Exception Occurred - See Response Body
[2024-12-10T04:56:01.725Z] Error writing to Modbus register: A Modbus Exception Occurred - See Response Body
[2024-12-10T04:56:02.723Z] Error reading or processing Modbus registers: A Modbus Exception Occurred - See Response Body
[2024-12-10T04:56:02.725Z] Error reading register 6507 for IP 10.30.4.128: A Modbus Exception Occurred - See Response Body
[2024-12-10T04:56:02.726Z] Error reading actual data: A Modbus Exception Occurred - See Response Body
[2024-12-10T04:56:02.726Z] Error writing to Modbus register: A Modbus Exception Occurred - See Response Body
[2024-12-10T04:56:03.738Z] Error reading or processing Modbus registers: A Modbus Exception Occurred - See Response Body
[2024-12-10T04:56:03.740Z] Error reading register 6507 for IP 10.30.4.128: A Modbus Exception Occurred - See Response Body
[2024-12-10T04:56:03.741Z] Error reading actual data: A Modbus Exception Occurred - See Response Body
[2024-12-10T04:56:03.741Z] Error writing to Modbus register: A Modbus Exception Occurred - See Response Body
[2024-12-10T04:56:04.742Z] Error reading or processing Modbus registers: A Modbus Exception Occurred - See Response Body
[2024-12-10T04:56:04.744Z] Error reading register 6507 for IP 10.30.4.128: A Modbus Exception Occurred - See Response Body
[2024-12-10T04:56:04.745Z] Error reading actual data: A Modbus Exception Occurred - See Response Body
[2024-12-10T04:56:04.745Z] Error writing to Modbus register: A Modbus Exception Occurred - See Response Body
[2024-12-10T04:56:05.741Z] Error reading or processing Modbus registers: A Modbus Exception Occurred - See Response Body
[2024-12-10T04:56:05.743Z] Error reading register 6507 for IP 10.30.4.128: A Modbus Exception Occurred - See Response Body
[2024-12-10T04:56:05.743Z] Error reading actual data: A Modbus Exception Occurred - See Response Body
[2024-12-10T04:56:05.744Z] Error writing to Modbus register: A Modbus Exception Occurred - See Response Body
[2024-12-10T04:56:06.745Z] Error reading or processing Modbus registers: A Modbus Exception Occurred - See Response Body
[2024-12-10T04:56:06.748Z] Error reading register 6507 for IP 10.30.4.128: A Modbus Exception Occurred - See Response Body
[2024-12-10T04:56:06.748Z] Error reading actual data: A Modbus Exception Occurred - See Response Body
[2024-12-10T04:56:06.749Z] Error writing to Modbus register: A Modbus Exception Occurred - See Response Body
[2024-12-10T04:56:07.760Z] Error reading or processing Modbus registers: A Modbus Exception Occurred - See Response Body
[2024-12-10T04:56:07.762Z] Error reading register 6507 for IP 10.30.4.128: A Modbus Exception Occurred - See Response Body
[2024-12-10T04:56:07.762Z] Error reading actual data: A Modbus Exception Occurred - See Response Body
[2024-12-10T04:56:07.763Z] Error writing to Modbus register: A Modbus Exception Occurred - See Response Body
[2024-12-10T04:56:08.774Z] Error reading or processing Modbus registers: A Modbus Exception Occurred - See Response Body
[2024-12-10T04:56:08.776Z] Error reading register 6507 for IP 10.30.4.128: A Modbus Exception Occurred - See Response Body
[2024-12-10T04:56:08.777Z] Error reading actual data: A Modbus Exception Occurred - See Response Body
[2024-12-10T04:56:08.777Z] Error writing to Modbus register: A Modbus Exception Occurred - See Response Body
[2024-12-10T04:56:09.787Z] Error reading or processing Modbus registers: A Modbus Exception Occurred - See Response Body
[2024-12-10T04:56:09.789Z] Error reading register 6507 for IP 10.30.4.128: A Modbus Exception Occurred - See Response Body
[2024-12-10T04:56:09.790Z] Error reading actual data: A Modbus Exception Occurred - See Response Body
[2024-12-10T04:56:09.791Z] Error writing to Modbus register: A Modbus Exception Occurred - See Response Body
[2024-12-10T04:56:10.797Z] Error reading or processing Modbus registers: A Modbus Exception Occurred - See Response Body
[2024-12-10T04:56:10.799Z] Error reading register 6507 for IP 10.30.4.128: A Modbus Exception Occurred - See Response Body
[2024-12-10T04:56:10.800Z] Error reading actual data: A Modbus Exception Occurred - See Response Body
[2024-12-10T04:56:10.801Z] Error writing to Modbus register: A Modbus Exception Occurred - See Response Body
[2024-12-10T04:56:11.797Z] Error reading or processing Modbus registers: A Modbus Exception Occurred - See Response Body
[2024-12-10T04:56:11.799Z] Error reading register 6507 for IP 10.30.4.128: A Modbus Exception Occurred - See Response Body
[2024-12-10T04:56:11.800Z] Error reading actual data: A Modbus Exception Occurred - See Response Body
[2024-12-10T04:56:11.800Z] Error writing to Modbus register: A Modbus Exception Occurred - See Response Body
[2024-12-10T04:56:12.810Z] Error reading or processing Modbus registers: A Modbus Exception Occurred - See Response Body
[2024-12-10T04:56:12.813Z] Error reading register 6507 for IP 10.30.4.128: A Modbus Exception Occurred - See Response Body
[2024-12-10T04:56:12.813Z] Error reading actual data: A Modbus Exception Occurred - See Response Body
[2024-12-10T04:56:12.815Z] Error writing to Modbus register: A Modbus Exception Occurred - See Response Body
[2024-12-10T04:56:13.815Z] Error reading or processing Modbus registers: A Modbus Exception Occurred - See Response Body
[2024-12-10T04:56:13.818Z] Error reading register 6507 for IP 10.30.4.128: A Modbus Exception Occurred - See Response Body
[2024-12-10T04:56:13.818Z] Error reading actual data: A Modbus Exception Occurred - See Response Body
[2024-12-10T04:56:13.819Z] Error writing to Modbus register: A Modbus Exception Occurred - See Response Body
[2024-12-10T04:56:14.818Z] Error reading or processing Modbus registers: A Modbus Exception Occurred - See Response Body
[2024-12-10T04:56:14.820Z] Error reading register 6507 for IP 10.30.4.128: A Modbus Exception Occurred - See Response Body
[2024-12-10T04:56:14.820Z] Error reading actual data: A Modbus Exception Occurred - See Response Body
[2024-12-10T04:56:14.821Z] Error writing to Modbus register: A Modbus Exception Occurred - See Response Body
[2024-12-10T04:56:15.820Z] Error reading or processing Modbus registers: A Modbus Exception Occurred - See Response Body
[2024-12-10T04:56:15.822Z] Error reading register 6507 for IP 10.30.4.128: A Modbus Exception Occurred - See Response Body
[2024-12-10T04:56:15.823Z] Error reading actual data: A Modbus Exception Occurred - See Response Body
[2024-12-10T04:56:15.823Z] Error writing to Modbus register: A Modbus Exception Occurred - See Response Body
[2024-12-10T04:56:16.835Z] Error reading or processing Modbus registers: A Modbus Exception Occurred - See Response Body
[2024-12-10T04:56:16.837Z] Error reading register 6507 for IP 10.30.4.128: A Modbus Exception Occurred - See Response Body
[2024-12-10T04:56:16.837Z] Error reading actual data: A Modbus Exception Occurred - See Response Body
[2024-12-10T04:56:16.838Z] Error writing to Modbus register: A Modbus Exception Occurred - See Response Body
[2024-12-10T04:56:17.835Z] Error reading or processing Modbus registers: A Modbus Exception Occurred - See Response Body
[2024-12-10T04:56:17.838Z] Error reading register 6507 for IP 10.30.4.128: A Modbus Exception Occurred - See Response Body
[2024-12-10T04:56:17.838Z] Error reading actual data: A Modbus Exception Occurred - See Response Body
[2024-12-10T04:56:17.839Z] Error writing to Modbus register: A Modbus Exception Occurred - See Response Body
[2024-12-10T04:56:18.835Z] Error reading or processing Modbus registers: A Modbus Exception Occurred - See Response Body
[2024-12-10T04:56:18.837Z] Error reading register 6507 for IP 10.30.4.128: A Modbus Exception Occurred - See Response Body
[2024-12-10T04:56:18.838Z] Error reading actual data: A Modbus Exception Occurred - See Response Body
[2024-12-10T04:56:18.838Z] Error writing to Modbus register: A Modbus Exception Occurred - See Response Body
[2024-12-10T04:56:19.850Z] Error reading or processing Modbus registers: A Modbus Exception Occurred - See Response Body
[2024-12-10T04:56:19.852Z] Error reading register 6507 for IP 10.30.4.128: A Modbus Exception Occurred - See Response Body
[2024-12-10T04:56:19.852Z] Error reading actual data: A Modbus Exception Occurred - See Response Body
[2024-12-10T04:56:19.853Z] Error writing to Modbus register: A Modbus Exception Occurred - See Response Body
[2024-12-10T04:56:20.861Z] Error reading or processing Modbus registers: A Modbus Exception Occurred - See Response Body
[2024-12-10T04:56:20.863Z] Error reading register 6507 for IP 10.30.4.128: A Modbus Exception Occurred - See Response Body
[2024-12-10T04:56:20.864Z] Error reading actual data: A Modbus Exception Occurred - See Response Body
[2024-12-10T04:56:20.865Z] Error writing to Modbus register: A Modbus Exception Occurred - See Response Body
[2024-12-10T04:56:21.863Z] Error reading or processing Modbus registers: A Modbus Exception Occurred - See Response Body
[2024-12-10T04:56:21.865Z] Error reading register 6507 for IP 10.30.4.128: A Modbus Exception Occurred - See Response Body
[2024-12-10T04:56:21.866Z] Error reading actual data: A Modbus Exception Occurred - See Response Body
[2024-12-10T04:56:21.866Z] Error writing to Modbus register: A Modbus Exception Occurred - See Response Body
[2024-12-10T04:56:22.877Z] Error reading or processing Modbus registers: A Modbus Exception Occurred - See Response Body
[2024-12-10T04:56:22.879Z] Error reading register 6507 for IP 10.30.4.128: A Modbus Exception Occurred - See Response Body
[2024-12-10T04:56:22.880Z] Error reading actual data: A Modbus Exception Occurred - See Response Body
[2024-12-10T04:56:22.880Z] Error writing to Modbus register: A Modbus Exception Occurred - See Response Body
[2024-12-10T04:56:23.877Z] Error reading or processing Modbus registers: A Modbus Exception Occurred - See Response Body
[2024-12-10T04:56:23.879Z] Error reading register 6507 for IP 10.30.4.128: A Modbus Exception Occurred - See Response Body
[2024-12-10T04:56:23.880Z] Error reading actual data: A Modbus Exception Occurred - See Response Body
[2024-12-10T04:56:23.880Z] Error writing to Modbus register: A Modbus Exception Occurred - See Response Body
[2024-12-10T04:56:24.877Z] Error reading or processing Modbus registers: A Modbus Exception Occurred - See Response Body
[2024-12-10T04:56:24.879Z] Error reading register 6507 for IP 10.30.4.128: A Modbus Exception Occurred - See Response Body
[2024-12-10T04:56:24.880Z] Error reading actual data: A Modbus Exception Occurred - See Response Body
[2024-12-10T04:56:24.881Z] Error writing to Modbus register: A Modbus Exception Occurred - See Response Body
[2024-12-10T04:56:25.892Z] Error reading or processing Modbus registers: A Modbus Exception Occurred - See Response Body
[2024-12-10T04:56:25.894Z] Error reading register 6507 for IP 10.30.4.128: A Modbus Exception Occurred - See Response Body
[2024-12-10T04:56:25.895Z] Error reading actual data: A Modbus Exception Occurred - See Response Body
[2024-12-10T04:56:25.895Z] Error writing to Modbus register: A Modbus Exception Occurred - See Response Body
[2024-12-10T04:56:26.905Z] Error reading or processing Modbus registers: A Modbus Exception Occurred - See Response Body
[2024-12-10T04:56:26.908Z] Error reading register 6507 for IP 10.30.4.128: A Modbus Exception Occurred - See Response Body
[2024-12-10T04:56:26.908Z] Error reading actual data: A Modbus Exception Occurred - See Response Body
[2024-12-10T04:56:26.909Z] Error writing to Modbus register: A Modbus Exception Occurred - See Response Body
[2024-12-10T04:56:27.905Z] Error reading or processing Modbus registers: A Modbus Exception Occurred - See Response Body
[2024-12-10T04:56:27.908Z] Error reading register 6507 for IP 10.30.4.128: A Modbus Exception Occurred - See Response Body
[2024-12-10T04:56:27.909Z] Error reading actual data: A Modbus Exception Occurred - See Response Body
[2024-12-10T04:56:27.909Z] Error writing to Modbus register: A Modbus Exception Occurred - See Response Body
[2024-12-10T04:56:28.907Z] Error reading or processing Modbus registers: A Modbus Exception Occurred - See Response Body
[2024-12-10T04:56:28.910Z] Error reading register 6507 for IP 10.30.4.128: A Modbus Exception Occurred - See Response Body
[2024-12-10T04:56:28.911Z] Error reading actual data: A Modbus Exception Occurred - See Response Body
[2024-12-10T04:56:28.911Z] Error writing to Modbus register: A Modbus Exception Occurred - See Response Body
[2024-12-10T04:56:29.912Z] Error reading or processing Modbus registers: A Modbus Exception Occurred - See Response Body
[2024-12-10T04:56:29.914Z] Error reading register 6507 for IP 10.30.4.128: A Modbus Exception Occurred - See Response Body
[2024-12-10T04:56:29.914Z] Error reading actual data: A Modbus Exception Occurred - See Response Body
[2024-12-10T04:56:29.915Z] Error writing to Modbus register: A Modbus Exception Occurred - See Response Body
[2024-12-10T04:56:30.911Z] Error reading or processing Modbus registers: A Modbus Exception Occurred - See Response Body
[2024-12-10T04:56:30.913Z] Error reading register 6507 for IP 10.30.4.128: A Modbus Exception Occurred - See Response Body
[2024-12-10T04:56:30.913Z] Error reading actual data: A Modbus Exception Occurred - See Response Body
[2024-12-10T04:56:30.914Z] Error writing to Modbus register: A Modbus Exception Occurred - See Response Body
[2024-12-10T04:56:31.921Z] Error reading or processing Modbus registers: A Modbus Exception Occurred - See Response Body
[2024-12-10T04:56:31.923Z] Error reading register 6507 for IP 10.30.4.128: A Modbus Exception Occurred - See Response Body
[2024-12-10T04:56:31.924Z] Error reading actual data: A Modbus Exception Occurred - See Response Body
[2024-12-10T04:56:31.924Z] Error writing to Modbus register: A Modbus Exception Occurred - See Response Body
[2024-12-10T04:56:32.935Z] Error reading or processing Modbus registers: A Modbus Exception Occurred - See Response Body
[2024-12-10T04:56:32.937Z] Error reading register 6507 for IP 10.30.4.128: A Modbus Exception Occurred - See Response Body
[2024-12-10T04:56:32.938Z] Error reading actual data: A Modbus Exception Occurred - See Response Body
[2024-12-10T04:56:32.939Z] Error writing to Modbus register: A Modbus Exception Occurred - See Response Body
[2024-12-10T04:56:33.940Z] Error reading or processing Modbus registers: A Modbus Exception Occurred - See Response Body
[2024-12-10T04:56:33.943Z] Error reading register 6507 for IP 10.30.4.128: A Modbus Exception Occurred - See Response Body
[2024-12-10T04:56:33.943Z] Error reading actual data: A Modbus Exception Occurred - See Response Body
[2024-12-10T04:56:33.944Z] Error writing to Modbus register: A Modbus Exception Occurred - See Response Body
[2024-12-10T04:56:34.955Z] Error reading or processing Modbus registers: A Modbus Exception Occurred - See Response Body
[2024-12-10T04:56:34.959Z] Error reading register 6507 for IP 10.30.4.128: A Modbus Exception Occurred - See Response Body
[2024-12-10T04:56:34.960Z] Error reading actual data: A Modbus Exception Occurred - See Response Body
[2024-12-10T04:56:34.960Z] Error writing to Modbus register: A Modbus Exception Occurred - See Response Body
[2024-12-10T04:56:35.969Z] Error reading or processing Modbus registers: A Modbus Exception Occurred - See Response Body
[2024-12-10T04:56:35.971Z] Error reading register 6507 for IP 10.30.4.128: A Modbus Exception Occurred - See Response Body
[2024-12-10T04:56:35.972Z] Error reading actual data: A Modbus Exception Occurred - See Response Body
[2024-12-10T04:56:35.972Z] Error writing to Modbus register: A Modbus Exception Occurred - See Response Body
[2024-12-10T04:56:36.971Z] Error reading or processing Modbus registers: A Modbus Exception Occurred - See Response Body
[2024-12-10T04:56:36.973Z] Error reading register 6507 for IP 10.30.4.128: A Modbus Exception Occurred - See Response Body
[2024-12-10T04:56:36.974Z] Error reading actual data: A Modbus Exception Occurred - See Response Body
[2024-12-10T04:56:36.974Z] Error writing to Modbus register: A Modbus Exception Occurred - See Response Body
[2024-12-10T04:56:37.984Z] Error reading or processing Modbus registers: A Modbus Exception Occurred - See Response Body
[2024-12-10T04:56:37.986Z] Error reading register 6507 for IP 10.30.4.128: A Modbus Exception Occurred - See Response Body
[2024-12-10T04:56:37.987Z] Error reading actual data: A Modbus Exception Occurred - See Response Body
[2024-12-10T04:56:37.987Z] Error writing to Modbus register: A Modbus Exception Occurred - See Response Body
[2024-12-10T04:56:39.000Z] Error reading or processing Modbus registers: A Modbus Exception Occurred - See Response Body
[2024-12-10T04:56:39.002Z] Error reading register 6507 for IP 10.30.4.128: A Modbus Exception Occurred - See Response Body
[2024-12-10T04:56:39.003Z] Error reading actual data: A Modbus Exception Occurred - See Response Body
[2024-12-10T04:56:39.003Z] Error writing to Modbus register: A Modbus Exception Occurred - See Response Body
[2024-12-10T04:56:40.014Z] Error reading or processing Modbus registers: A Modbus Exception Occurred - See Response Body
[2024-12-10T04:56:40.016Z] Error reading register 6507 for IP 10.30.4.128: A Modbus Exception Occurred - See Response Body
[2024-12-10T04:56:40.017Z] Error reading actual data: A Modbus Exception Occurred - See Response Body
[2024-12-10T04:56:40.017Z] Error writing to Modbus register: A Modbus Exception Occurred - See Response Body
[2024-12-10T04:56:41.015Z] Error reading or processing Modbus registers: A Modbus Exception Occurred - See Response Body
[2024-12-10T04:56:41.017Z] Error reading register 6507 for IP 10.30.4.128: A Modbus Exception Occurred - See Response Body
[2024-12-10T04:56:41.017Z] Error reading actual data: A Modbus Exception Occurred - See Response Body
[2024-12-10T04:56:41.018Z] Error writing to Modbus register: A Modbus Exception Occurred - See Response Body
[2024-12-10T04:56:42.020Z] Error reading or processing Modbus registers: A Modbus Exception Occurred - See Response Body
[2024-12-10T04:56:42.022Z] Error reading register 6507 for IP 10.30.4.128: A Modbus Exception Occurred - See Response Body
[2024-12-10T04:56:42.022Z] Error reading actual data: A Modbus Exception Occurred - See Response Body
[2024-12-10T04:56:42.023Z] Error writing to Modbus register: A Modbus Exception Occurred - See Response Body
[2024-12-10T04:56:43.021Z] Error reading or processing Modbus registers: A Modbus Exception Occurred - See Response Body
[2024-12-10T04:56:43.023Z] Error reading register 6507 for IP 10.30.4.128: A Modbus Exception Occurred - See Response Body
[2024-12-10T04:56:43.023Z] Error reading actual data: A Modbus Exception Occurred - See Response Body
[2024-12-10T04:56:43.024Z] Error writing to Modbus register: A Modbus Exception Occurred - See Response Body
[2024-12-10T04:56:44.035Z] Error reading or processing Modbus registers: A Modbus Exception Occurred - See Response Body
[2024-12-10T04:56:44.037Z] Error reading register 6507 for IP 10.30.4.128: A Modbus Exception Occurred - See Response Body
[2024-12-10T04:56:44.038Z] Error reading actual data: A Modbus Exception Occurred - See Response Body
[2024-12-10T04:56:44.038Z] Error writing to Modbus register: A Modbus Exception Occurred - See Response Body
[2024-12-10T04:56:45.039Z] Error reading or processing Modbus registers: A Modbus Exception Occurred - See Response Body
[2024-12-10T04:56:45.041Z] Error reading register 6507 for IP 10.30.4.128: A Modbus Exception Occurred - See Response Body
[2024-12-10T04:56:45.042Z] Error reading actual data: A Modbus Exception Occurred - See Response Body
[2024-12-10T04:56:45.044Z] Error writing to Modbus register: A Modbus Exception Occurred - See Response Body
[2024-12-10T04:56:46.042Z] Error reading or processing Modbus registers: A Modbus Exception Occurred - See Response Body
[2024-12-10T04:56:46.045Z] Error reading register 6507 for IP 10.30.4.128: A Modbus Exception Occurred - See Response Body
[2024-12-10T04:56:46.046Z] Error reading actual data: A Modbus Exception Occurred - See Response Body
[2024-12-10T04:56:46.046Z] Error writing to Modbus register: A Modbus Exception Occurred - See Response Body
[2024-12-10T04:56:47.056Z] Error reading or processing Modbus registers: A Modbus Exception Occurred - See Response Body
[2024-12-10T04:56:47.058Z] Error reading register 6507 for IP 10.30.4.128: A Modbus Exception Occurred - See Response Body
[2024-12-10T04:56:47.058Z] Error reading actual data: A Modbus Exception Occurred - See Response Body
[2024-12-10T04:56:47.059Z] Error writing to Modbus register: A Modbus Exception Occurred - See Response Body
[2024-12-10T04:56:48.057Z] Error reading or processing Modbus registers: A Modbus Exception Occurred - See Response Body
[2024-12-10T04:56:48.060Z] Error reading register 6507 for IP 10.30.4.128: A Modbus Exception Occurred - See Response Body
[2024-12-10T04:56:48.060Z] Error reading actual data: A Modbus Exception Occurred - See Response Body
[2024-12-10T04:56:48.061Z] Error writing to Modbus register: A Modbus Exception Occurred - See Response Body
[2024-12-10T04:56:49.071Z] Error reading or processing Modbus registers: A Modbus Exception Occurred - See Response Body
[2024-12-10T04:56:49.074Z] Error reading register 6507 for IP 10.30.4.128: A Modbus Exception Occurred - See Response Body
[2024-12-10T04:56:49.075Z] Error reading actual data: A Modbus Exception Occurred - See Response Body
[2024-12-10T04:56:49.075Z] Error writing to Modbus register: A Modbus Exception Occurred - See Response Body
[2024-12-10T04:56:50.071Z] Error reading or processing Modbus registers: A Modbus Exception Occurred - See Response Body
[2024-12-10T04:56:50.074Z] Error reading register 6507 for IP 10.30.4.128: A Modbus Exception Occurred - See Response Body
[2024-12-10T04:56:50.075Z] Error reading actual data: A Modbus Exception Occurred - See Response Body
[2024-12-10T04:56:50.075Z] Error writing to Modbus register: A Modbus Exception Occurred - See Response Body
[2024-12-10T04:56:51.086Z] Error reading or processing Modbus registers: A Modbus Exception Occurred - See Response Body
[2024-12-10T04:56:51.088Z] Error reading register 6507 for IP 10.30.4.128: A Modbus Exception Occurred - See Response Body
[2024-12-10T04:56:51.089Z] Error reading actual data: A Modbus Exception Occurred - See Response Body
[2024-12-10T04:56:51.089Z] Error writing to Modbus register: A Modbus Exception Occurred - See Response Body
[2024-12-10T04:56:52.086Z] Error reading or processing Modbus registers: A Modbus Exception Occurred - See Response Body
[2024-12-10T04:56:52.088Z] Error reading register 6507 for IP 10.30.4.128: A Modbus Exception Occurred - See Response Body
[2024-12-10T04:56:52.089Z] Error reading actual data: A Modbus Exception Occurred - See Response Body
[2024-12-10T04:56:52.090Z] Error writing to Modbus register: A Modbus Exception Occurred - See Response Body
[2024-12-10T04:56:53.101Z] Error reading or processing Modbus registers: A Modbus Exception Occurred - See Response Body
[2024-12-10T04:56:53.103Z] Error reading register 6507 for IP 10.30.4.128: A Modbus Exception Occurred - See Response Body
[2024-12-10T04:56:53.104Z] Error reading actual data: A Modbus Exception Occurred - See Response Body
[2024-12-10T04:56:53.104Z] Error writing to Modbus register: A Modbus Exception Occurred - See Response Body
[2024-12-10T04:56:54.115Z] Error reading or processing Modbus registers: A Modbus Exception Occurred - See Response Body
[2024-12-10T04:56:54.117Z] Error reading register 6507 for IP 10.30.4.128: A Modbus Exception Occurred - See Response Body
[2024-12-10T04:56:54.118Z] Error reading actual data: A Modbus Exception Occurred - See Response Body
[2024-12-10T04:56:54.119Z] Error writing to Modbus register: A Modbus Exception Occurred - See Response Body
[2024-12-10T04:56:55.119Z] Error reading or processing Modbus registers: A Modbus Exception Occurred - See Response Body
[2024-12-10T04:56:55.121Z] Error reading register 6507 for IP 10.30.4.128: A Modbus Exception Occurred - See Response Body
[2024-12-10T04:56:55.122Z] Error reading actual data: A Modbus Exception Occurred - See Response Body
[2024-12-10T04:56:55.122Z] Error writing to Modbus register: A Modbus Exception Occurred - See Response Body
[2024-12-10T04:56:56.131Z] Error reading or processing Modbus registers: A Modbus Exception Occurred - See Response Body
[2024-12-10T04:56:56.133Z] Error reading register 6507 for IP 10.30.4.128: A Modbus Exception Occurred - See Response Body
[2024-12-10T04:56:56.134Z] Error reading actual data: A Modbus Exception Occurred - See Response Body
[2024-12-10T04:56:56.134Z] Error writing to Modbus register: A Modbus Exception Occurred - See Response Body
[2024-12-10T04:56:57.146Z] Error reading or processing Modbus registers: A Modbus Exception Occurred - See Response Body
[2024-12-10T04:56:57.148Z] Error reading register 6507 for IP 10.30.4.128: A Modbus Exception Occurred - See Response Body
[2024-12-10T04:56:57.149Z] Error reading actual data: A Modbus Exception Occurred - See Response Body
[2024-12-10T04:56:57.150Z] Error writing to Modbus register: A Modbus Exception Occurred - See Response Body
[2024-12-10T04:56:58.147Z] Error reading or processing Modbus registers: A Modbus Exception Occurred - See Response Body
[2024-12-10T04:56:58.150Z] Error reading register 6507 for IP 10.30.4.128: A Modbus Exception Occurred - See Response Body
[2024-12-10T04:56:58.150Z] Error reading actual data: A Modbus Exception Occurred - See Response Body
[2024-12-10T04:56:58.151Z] Error writing to Modbus register: A Modbus Exception Occurred - See Response Body
[2024-12-10T04:56:59.147Z] Error reading or processing Modbus registers: A Modbus Exception Occurred - See Response Body
[2024-12-10T04:56:59.149Z] Error reading register 6507 for IP 10.30.4.128: A Modbus Exception Occurred - See Response Body
[2024-12-10T04:56:59.150Z] Error reading actual data: A Modbus Exception Occurred - See Response Body
[2024-12-10T04:56:59.150Z] Error writing to Modbus register: A Modbus Exception Occurred - See Response Body
[2024-12-10T04:57:00.159Z] Error reading or processing Modbus registers: A Modbus Exception Occurred - See Response Body
[2024-12-10T04:57:00.161Z] Error reading register 6507 for IP 10.30.4.128: A Modbus Exception Occurred - See Response Body
[2024-12-10T04:57:00.161Z] Error reading actual data: A Modbus Exception Occurred - See Response Body
[2024-12-10T04:57:00.162Z] Error writing to Modbus register: A Modbus Exception Occurred - See Response Body
[2024-12-10T04:57:01.161Z] Error reading or processing Modbus registers: A Modbus Exception Occurred - See Response Body
[2024-12-10T04:57:01.163Z] Error reading register 6507 for IP 10.30.4.128: A Modbus Exception Occurred - See Response Body
[2024-12-10T04:57:01.164Z] Error reading actual data: A Modbus Exception Occurred - See Response Body
[2024-12-10T04:57:01.164Z] Error writing to Modbus register: A Modbus Exception Occurred - See Response Body
[2024-12-10T04:57:02.162Z] Error reading or processing Modbus registers: A Modbus Exception Occurred - See Response Body
[2024-12-10T04:57:02.165Z] Error reading register 6507 for IP 10.30.4.128: A Modbus Exception Occurred - See Response Body
[2024-12-10T04:57:02.166Z] Error reading actual data: A Modbus Exception Occurred - See Response Body
[2024-12-10T04:57:02.166Z] Error writing to Modbus register: A Modbus Exception Occurred - See Response Body
[2024-12-10T04:57:03.163Z] Error reading or processing Modbus registers: A Modbus Exception Occurred - See Response Body
[2024-12-10T04:57:03.166Z] Error reading register 6507 for IP 10.30.4.128: A Modbus Exception Occurred - See Response Body
[2024-12-10T04:57:03.166Z] Error reading actual data: A Modbus Exception Occurred - See Response Body
[2024-12-10T04:57:03.167Z] Error writing to Modbus register: A Modbus Exception Occurred - See Response Body
[2024-12-10T04:57:04.178Z] Error reading or processing Modbus registers: A Modbus Exception Occurred - See Response Body
[2024-12-10T04:57:04.180Z] Error reading register 6507 for IP 10.30.4.128: A Modbus Exception Occurred - See Response Body
[2024-12-10T04:57:04.180Z] Error reading actual data: A Modbus Exception Occurred - See Response Body
[2024-12-10T04:57:04.181Z] Error writing to Modbus register: A Modbus Exception Occurred - See Response Body
[2024-12-10T04:57:05.192Z] Error reading or processing Modbus registers: A Modbus Exception Occurred - See Response Body
[2024-12-10T04:57:05.194Z] Error reading register 6507 for IP 10.30.4.128: A Modbus Exception Occurred - See Response Body
[2024-12-10T04:57:05.194Z] Error reading actual data: A Modbus Exception Occurred - See Response Body
[2024-12-10T04:57:05.195Z] Error writing to Modbus register: A Modbus Exception Occurred - See Response Body
[2024-12-10T04:57:06.204Z] Error reading or processing Modbus registers: A Modbus Exception Occurred - See Response Body
[2024-12-10T04:57:06.206Z] Error reading register 6507 for IP 10.30.4.128: A Modbus Exception Occurred - See Response Body
[2024-12-10T04:57:06.207Z] Error reading actual data: A Modbus Exception Occurred - See Response Body
[2024-12-10T04:57:06.207Z] Error writing to Modbus register: A Modbus Exception Occurred - See Response Body
[2024-12-10T04:57:07.217Z] Error reading or processing Modbus registers: A Modbus Exception Occurred - See Response Body
[2024-12-10T04:57:07.219Z] Error reading register 6507 for IP 10.30.4.128: A Modbus Exception Occurred - See Response Body
[2024-12-10T04:57:07.219Z] Error reading actual data: A Modbus Exception Occurred - See Response Body
[2024-12-10T04:57:07.220Z] Error writing to Modbus register: A Modbus Exception Occurred - See Response Body
[2024-12-10T04:57:08.231Z] Error reading or processing Modbus registers: A Modbus Exception Occurred - See Response Body
[2024-12-10T04:57:08.233Z] Error reading register 6507 for IP 10.30.4.128: A Modbus Exception Occurred - See Response Body
[2024-12-10T04:57:08.233Z] Error reading actual data: A Modbus Exception Occurred - See Response Body
[2024-12-10T04:57:08.234Z] Error writing to Modbus register: A Modbus Exception Occurred - See Response Body
[2024-12-10T04:57:09.233Z] Error reading or processing Modbus registers: A Modbus Exception Occurred - See Response Body
[2024-12-10T04:57:09.235Z] Error reading register 6507 for IP 10.30.4.128: A Modbus Exception Occurred - See Response Body
[2024-12-10T04:57:09.236Z] Error reading actual data: A Modbus Exception Occurred - See Response Body
[2024-12-10T04:57:09.236Z] Error writing to Modbus register: A Modbus Exception Occurred - See Response Body
[2024-12-10T04:57:10.248Z] Error reading or processing Modbus registers: A Modbus Exception Occurred - See Response Body
[2024-12-10T04:57:10.250Z] Error reading register 6507 for IP 10.30.4.128: A Modbus Exception Occurred - See Response Body
[2024-12-10T04:57:10.250Z] Error reading actual data: A Modbus Exception Occurred - See Response Body
[2024-12-10T04:57:10.251Z] Error writing to Modbus register: A Modbus Exception Occurred - See Response Body
[2024-12-10T04:57:11.259Z] Error reading or processing Modbus registers: A Modbus Exception Occurred - See Response Body
[2024-12-10T04:57:11.261Z] Error reading register 6507 for IP 10.30.4.128: A Modbus Exception Occurred - See Response Body
[2024-12-10T04:57:11.262Z] Error reading actual data: A Modbus Exception Occurred - See Response Body
[2024-12-10T04:57:11.263Z] Error writing to Modbus register: A Modbus Exception Occurred - See Response Body
[2024-12-10T04:57:12.265Z] Error reading or processing Modbus registers: A Modbus Exception Occurred - See Response Body
[2024-12-10T04:57:12.267Z] Error reading register 6507 for IP 10.30.4.128: A Modbus Exception Occurred - See Response Body
[2024-12-10T04:57:12.268Z] Error reading actual data: A Modbus Exception Occurred - See Response Body
[2024-12-10T04:57:12.269Z] Error writing to Modbus register: A Modbus Exception Occurred - See Response Body
[2024-12-10T04:57:13.279Z] Error reading or processing Modbus registers: A Modbus Exception Occurred - See Response Body
[2024-12-10T04:57:13.281Z] Error reading register 6507 for IP 10.30.4.128: A Modbus Exception Occurred - See Response Body
[2024-12-10T04:57:13.282Z] Error reading actual data: A Modbus Exception Occurred - See Response Body
[2024-12-10T04:57:13.283Z] Error writing to Modbus register: A Modbus Exception Occurred - See Response Body
[2024-12-10T04:57:14.279Z] Error reading or processing Modbus registers: A Modbus Exception Occurred - See Response Body
[2024-12-10T04:57:14.281Z] Error reading register 6507 for IP 10.30.4.128: A Modbus Exception Occurred - See Response Body
[2024-12-10T04:57:14.282Z] Error reading actual data: A Modbus Exception Occurred - See Response Body
[2024-12-10T04:57:14.282Z] Error writing to Modbus register: A Modbus Exception Occurred - See Response Body
[2024-12-10T04:57:15.292Z] Error reading or processing Modbus registers: A Modbus Exception Occurred - See Response Body
[2024-12-10T04:57:15.294Z] Error reading register 6507 for IP 10.30.4.128: A Modbus Exception Occurred - See Response Body
[2024-12-10T04:57:15.295Z] Error reading actual data: A Modbus Exception Occurred - See Response Body
[2024-12-10T04:57:15.296Z] Error writing to Modbus register: A Modbus Exception Occurred - See Response Body
[2024-12-10T04:57:16.293Z] Error reading or processing Modbus registers: A Modbus Exception Occurred - See Response Body
[2024-12-10T04:57:16.296Z] Error reading register 6507 for IP 10.30.4.128: A Modbus Exception Occurred - See Response Body
[2024-12-10T04:57:16.296Z] Error reading actual data: A Modbus Exception Occurred - See Response Body
[2024-12-10T04:57:16.297Z] Error writing to Modbus register: A Modbus Exception Occurred - See Response Body
[2024-12-10T04:57:17.307Z] Error reading or processing Modbus registers: A Modbus Exception Occurred - See Response Body
[2024-12-10T04:57:17.310Z] Error reading register 6507 for IP 10.30.4.128: A Modbus Exception Occurred - See Response Body
[2024-12-10T04:57:17.311Z] Error reading actual data: A Modbus Exception Occurred - See Response Body
[2024-12-10T04:57:17.311Z] Error writing to Modbus register: A Modbus Exception Occurred - See Response Body
[2024-12-10T04:57:18.310Z] Error reading or processing Modbus registers: A Modbus Exception Occurred - See Response Body
[2024-12-10T04:57:18.313Z] Error reading register 6507 for IP 10.30.4.128: A Modbus Exception Occurred - See Response Body
[2024-12-10T04:57:18.313Z] Error reading actual data: A Modbus Exception Occurred - See Response Body
[2024-12-10T04:57:18.314Z] Error writing to Modbus register: A Modbus Exception Occurred - See Response Body
[2024-12-10T04:57:19.311Z] Error reading or processing Modbus registers: A Modbus Exception Occurred - See Response Body
[2024-12-10T04:57:19.312Z] Error reading register 6507 for IP 10.30.4.128: A Modbus Exception Occurred - See Response Body
[2024-12-10T04:57:19.313Z] Error reading actual data: A Modbus Exception Occurred - See Response Body
[2024-12-10T04:57:19.314Z] Error writing to Modbus register: A Modbus Exception Occurred - See Response Body
[2024-12-10T04:57:20.324Z] Error reading or processing Modbus registers: A Modbus Exception Occurred - See Response Body
[2024-12-10T04:57:20.326Z] Error reading register 6507 for IP 10.30.4.128: A Modbus Exception Occurred - See Response Body
[2024-12-10T04:57:20.327Z] Error reading actual data: A Modbus Exception Occurred - See Response Body
[2024-12-10T04:57:20.328Z] Error writing to Modbus register: A Modbus Exception Occurred - See Response Body
[2024-12-10T04:57:21.339Z] Error reading or processing Modbus registers: A Modbus Exception Occurred - See Response Body
[2024-12-10T04:57:21.341Z] Error reading register 6507 for IP 10.30.4.128: A Modbus Exception Occurred - See Response Body
[2024-12-10T04:57:21.341Z] Error reading actual data: A Modbus Exception Occurred - See Response Body
[2024-12-10T04:57:21.342Z] Error writing to Modbus register: A Modbus Exception Occurred - See Response Body
[2024-12-10T04:57:22.343Z] Error reading or processing Modbus registers: A Modbus Exception Occurred - See Response Body
[2024-12-10T04:57:22.345Z] Error reading register 6507 for IP 10.30.4.128: A Modbus Exception Occurred - See Response Body
[2024-12-10T04:57:22.348Z] Error reading actual data: A Modbus Exception Occurred - See Response Body
[2024-12-10T04:57:22.349Z] Error writing to Modbus register: A Modbus Exception Occurred - See Response Body
[2024-12-10T04:57:23.356Z] Error reading or processing Modbus registers: A Modbus Exception Occurred - See Response Body
[2024-12-10T04:57:23.358Z] Error reading register 6507 for IP 10.30.4.128: A Modbus Exception Occurred - See Response Body
[2024-12-10T04:57:23.358Z] Error reading actual data: A Modbus Exception Occurred - See Response Body
[2024-12-10T04:57:23.359Z] Error writing to Modbus register: A Modbus Exception Occurred - See Response Body
[2024-12-10T04:57:24.356Z] Error reading or processing Modbus registers: A Modbus Exception Occurred - See Response Body
[2024-12-10T04:57:24.358Z] Error reading register 6507 for IP 10.30.4.128: A Modbus Exception Occurred - See Response Body
[2024-12-10T04:57:24.359Z] Error reading actual data: A Modbus Exception Occurred - See Response Body
[2024-12-10T04:57:24.359Z] Error writing to Modbus register: A Modbus Exception Occurred - See Response Body
[2024-12-10T04:57:25.357Z] Error reading or processing Modbus registers: A Modbus Exception Occurred - See Response Body
[2024-12-10T04:57:25.359Z] Error reading register 6507 for IP 10.30.4.128: A Modbus Exception Occurred - See Response Body
[2024-12-10T04:57:25.359Z] Error reading actual data: A Modbus Exception Occurred - See Response Body
[2024-12-10T04:57:25.360Z] Error writing to Modbus register: A Modbus Exception Occurred - See Response Body
[2024-12-10T04:57:26.371Z] Error reading or processing Modbus registers: A Modbus Exception Occurred - See Response Body
[2024-12-10T04:57:26.374Z] Error reading register 6507 for IP 10.30.4.128: A Modbus Exception Occurred - See Response Body
[2024-12-10T04:57:26.374Z] Error reading actual data: A Modbus Exception Occurred - See Response Body
[2024-12-10T04:57:26.375Z] Error writing to Modbus register: A Modbus Exception Occurred - See Response Body
[2024-12-10T04:57:27.371Z] Error reading or processing Modbus registers: A Modbus Exception Occurred - See Response Body
[2024-12-10T04:57:27.373Z] Error reading register 6507 for IP 10.30.4.128: A Modbus Exception Occurred - See Response Body
[2024-12-10T04:57:27.374Z] Error reading actual data: A Modbus Exception Occurred - See Response Body
[2024-12-10T04:57:27.374Z] Error writing to Modbus register: A Modbus Exception Occurred - See Response Body
[2024-12-10T04:57:28.383Z] Error reading or processing Modbus registers: A Modbus Exception Occurred - See Response Body
[2024-12-10T04:57:28.385Z] Error reading register 6507 for IP 10.30.4.128: A Modbus Exception Occurred - See Response Body
[2024-12-10T04:57:28.386Z] Error reading actual data: A Modbus Exception Occurred - See Response Body
[2024-12-10T04:57:28.386Z] Error writing to Modbus register: A Modbus Exception Occurred - See Response Body
[2024-12-10T04:57:29.398Z] Error reading or processing Modbus registers: A Modbus Exception Occurred - See Response Body
[2024-12-10T04:57:29.401Z] Error reading register 6507 for IP 10.30.4.128: A Modbus Exception Occurred - See Response Body
[2024-12-10T04:57:29.401Z] Error reading actual data: A Modbus Exception Occurred - See Response Body
[2024-12-10T04:57:29.402Z] Error writing to Modbus register: A Modbus Exception Occurred - See Response Body
[2024-12-10T04:57:30.398Z] Error reading or processing Modbus registers: A Modbus Exception Occurred - See Response Body
[2024-12-10T04:57:30.400Z] Error reading register 6507 for IP 10.30.4.128: A Modbus Exception Occurred - See Response Body
[2024-12-10T04:57:30.401Z] Error reading actual data: A Modbus Exception Occurred - See Response Body
[2024-12-10T04:57:30.402Z] Error writing to Modbus register: A Modbus Exception Occurred - See Response Body
[2024-12-10T04:57:31.412Z] Error reading or processing Modbus registers: A Modbus Exception Occurred - See Response Body
[2024-12-10T04:57:31.414Z] Error reading register 6507 for IP 10.30.4.128: A Modbus Exception Occurred - See Response Body
[2024-12-10T04:57:31.415Z] Error reading actual data: A Modbus Exception Occurred - See Response Body
[2024-12-10T04:57:31.415Z] Error writing to Modbus register: A Modbus Exception Occurred - See Response Body
[2024-12-10T04:57:32.413Z] Error reading or processing Modbus registers: A Modbus Exception Occurred - See Response Body
[2024-12-10T04:57:32.415Z] Error reading register 6507 for IP 10.30.4.128: A Modbus Exception Occurred - See Response Body
[2024-12-10T04:57:32.416Z] Error reading actual data: A Modbus Exception Occurred - See Response Body
[2024-12-10T04:57:32.416Z] Error writing to Modbus register: A Modbus Exception Occurred - See Response Body
[2024-12-10T04:57:33.418Z] Error reading or processing Modbus registers: A Modbus Exception Occurred - See Response Body
[2024-12-10T04:57:33.420Z] Error reading register 6507 for IP 10.30.4.128: A Modbus Exception Occurred - See Response Body
[2024-12-10T04:57:33.420Z] Error reading actual data: A Modbus Exception Occurred - See Response Body
[2024-12-10T04:57:33.421Z] Error writing to Modbus register: A Modbus Exception Occurred - See Response Body
[2024-12-10T04:57:34.429Z] Error reading or processing Modbus registers: A Modbus Exception Occurred - See Response Body
[2024-12-10T04:57:34.432Z] Error reading register 6507 for IP 10.30.4.128: A Modbus Exception Occurred - See Response Body
[2024-12-10T04:57:34.432Z] Error reading actual data: A Modbus Exception Occurred - See Response Body
[2024-12-10T04:57:34.433Z] Error writing to Modbus register: A Modbus Exception Occurred - See Response Body
[2024-12-10T04:57:35.434Z] Error reading or processing Modbus registers: A Modbus Exception Occurred - See Response Body
[2024-12-10T04:57:35.436Z] Error reading register 6507 for IP 10.30.4.128: A Modbus Exception Occurred - See Response Body
[2024-12-10T04:57:35.437Z] Error reading actual data: A Modbus Exception Occurred - See Response Body
[2024-12-10T04:57:35.437Z] Error writing to Modbus register: A Modbus Exception Occurred - See Response Body
[2024-12-10T04:57:36.437Z] Error reading or processing Modbus registers: A Modbus Exception Occurred - See Response Body
[2024-12-10T04:57:36.439Z] Error reading register 6507 for IP 10.30.4.128: A Modbus Exception Occurred - See Response Body
[2024-12-10T04:57:36.439Z] Error reading actual data: A Modbus Exception Occurred - See Response Body
[2024-12-10T04:57:36.440Z] Error writing to Modbus register: A Modbus Exception Occurred - See Response Body
[2024-12-10T04:57:37.450Z] Error reading or processing Modbus registers: A Modbus Exception Occurred - See Response Body
[2024-12-10T04:57:37.453Z] Error reading register 6507 for IP 10.30.4.128: A Modbus Exception Occurred - See Response Body
[2024-12-10T04:57:37.453Z] Error reading actual data: A Modbus Exception Occurred - See Response Body
[2024-12-10T04:57:37.454Z] Error writing to Modbus register: A Modbus Exception Occurred - See Response Body
[2024-12-10T04:57:38.464Z] Error reading or processing Modbus registers: A Modbus Exception Occurred - See Response Body
[2024-12-10T04:57:38.466Z] Error reading register 6507 for IP 10.30.4.128: A Modbus Exception Occurred - See Response Body
[2024-12-10T04:57:38.466Z] Error reading actual data: A Modbus Exception Occurred - See Response Body
[2024-12-10T04:57:38.467Z] Error writing to Modbus register: A Modbus Exception Occurred - See Response Body
[2024-12-10T04:57:39.464Z] Error reading or processing Modbus registers: A Modbus Exception Occurred - See Response Body
[2024-12-10T04:57:39.467Z] Error reading register 6507 for IP 10.30.4.128: A Modbus Exception Occurred - See Response Body
[2024-12-10T04:57:39.467Z] Error reading actual data: A Modbus Exception Occurred - See Response Body
[2024-12-10T04:57:39.468Z] Error writing to Modbus register: A Modbus Exception Occurred - See Response Body
[2024-12-10T04:57:40.479Z] Error reading or processing Modbus registers: A Modbus Exception Occurred - See Response Body
[2024-12-10T04:57:40.481Z] Error reading register 6507 for IP 10.30.4.128: A Modbus Exception Occurred - See Response Body
[2024-12-10T04:57:40.481Z] Error reading actual data: A Modbus Exception Occurred - See Response Body
[2024-12-10T04:57:40.482Z] Error writing to Modbus register: A Modbus Exception Occurred - See Response Body
[2024-12-10T04:57:41.480Z] Error reading or processing Modbus registers: A Modbus Exception Occurred - See Response Body
[2024-12-10T04:57:41.483Z] Error reading register 6507 for IP 10.30.4.128: A Modbus Exception Occurred - See Response Body
[2024-12-10T04:57:41.483Z] Error reading actual data: A Modbus Exception Occurred - See Response Body
[2024-12-10T04:57:41.484Z] Error writing to Modbus register: A Modbus Exception Occurred - See Response Body
[2024-12-10T04:57:42.483Z] Error reading or processing Modbus registers: A Modbus Exception Occurred - See Response Body
[2024-12-10T04:57:42.486Z] Error reading register 6507 for IP 10.30.4.128: A Modbus Exception Occurred - See Response Body
[2024-12-10T04:57:42.486Z] Error reading actual data: A Modbus Exception Occurred - See Response Body
[2024-12-10T04:57:42.487Z] Error writing to Modbus register: A Modbus Exception Occurred - See Response Body
[2024-12-10T04:57:43.485Z] Error reading or processing Modbus registers: A Modbus Exception Occurred - See Response Body
[2024-12-10T04:57:43.487Z] Error reading register 6507 for IP 10.30.4.128: A Modbus Exception Occurred - See Response Body
[2024-12-10T04:57:43.487Z] Error reading actual data: A Modbus Exception Occurred - See Response Body
[2024-12-10T04:57:43.488Z] Error writing to Modbus register: A Modbus Exception Occurred - See Response Body
[2024-12-10T04:57:44.497Z] Error reading or processing Modbus registers: A Modbus Exception Occurred - See Response Body
[2024-12-10T04:57:44.500Z] Error reading register 6507 for IP 10.30.4.128: A Modbus Exception Occurred - See Response Body
[2024-12-10T04:57:44.500Z] Error reading actual data: A Modbus Exception Occurred - See Response Body
[2024-12-10T04:57:44.501Z] Error writing to Modbus register: A Modbus Exception Occurred - See Response Body
[2024-12-10T04:57:45.506Z] Error reading or processing Modbus registers: A Modbus Exception Occurred - See Response Body
[2024-12-10T04:57:45.508Z] Error reading register 6507 for IP 10.30.4.128: A Modbus Exception Occurred - See Response Body
[2024-12-10T04:57:45.509Z] Error reading actual data: A Modbus Exception Occurred - See Response Body
[2024-12-10T04:57:45.509Z] Error writing to Modbus register: A Modbus Exception Occurred - See Response Body
[2024-12-10T04:57:46.518Z] Error reading or processing Modbus registers: A Modbus Exception Occurred - See Response Body
[2024-12-10T04:57:46.521Z] Error reading register 6507 for IP 10.30.4.128: A Modbus Exception Occurred - See Response Body
[2024-12-10T04:57:46.522Z] Error reading actual data: A Modbus Exception Occurred - See Response Body
[2024-12-10T04:57:46.525Z] Error writing to Modbus register: A Modbus Exception Occurred - See Response Body
[2024-12-10T04:57:47.528Z] Error reading or processing Modbus registers: A Modbus Exception Occurred - See Response Body
[2024-12-10T04:57:47.531Z] Error reading register 6507 for IP 10.30.4.128: A Modbus Exception Occurred - See Response Body
[2024-12-10T04:57:47.531Z] Error reading actual data: A Modbus Exception Occurred - See Response Body
[2024-12-10T04:57:47.532Z] Error writing to Modbus register: A Modbus Exception Occurred - See Response Body
[2024-12-10T04:57:48.538Z] Error reading or processing Modbus registers: A Modbus Exception Occurred - See Response Body
[2024-12-10T04:57:48.540Z] Error reading register 6507 for IP 10.30.4.128: A Modbus Exception Occurred - See Response Body
[2024-12-10T04:57:48.540Z] Error reading actual data: A Modbus Exception Occurred - See Response Body
[2024-12-10T04:57:48.541Z] Error writing to Modbus register: A Modbus Exception Occurred - See Response Body
[2024-12-10T04:57:49.549Z] Error reading or processing Modbus registers: A Modbus Exception Occurred - See Response Body
[2024-12-10T04:57:49.551Z] Error reading register 6507 for IP 10.30.4.128: A Modbus Exception Occurred - See Response Body
[2024-12-10T04:57:49.551Z] Error reading actual data: A Modbus Exception Occurred - See Response Body
[2024-12-10T04:57:49.552Z] Error writing to Modbus register: A Modbus Exception Occurred - See Response Body
[2024-12-10T04:57:50.558Z] Error reading or processing Modbus registers: A Modbus Exception Occurred - See Response Body
[2024-12-10T04:57:50.560Z] Error reading register 6507 for IP 10.30.4.128: A Modbus Exception Occurred - See Response Body
[2024-12-10T04:57:50.560Z] Error reading actual data: A Modbus Exception Occurred - See Response Body
[2024-12-10T04:57:50.561Z] Error writing to Modbus register: A Modbus Exception Occurred - See Response Body
[2024-12-10T04:57:51.569Z] Error reading or processing Modbus registers: A Modbus Exception Occurred - See Response Body
[2024-12-10T04:57:51.570Z] Error reading register 6507 for IP 10.30.4.128: A Modbus Exception Occurred - See Response Body
[2024-12-10T04:57:51.571Z] Error reading actual data: A Modbus Exception Occurred - See Response Body
[2024-12-10T04:57:51.572Z] Error writing to Modbus register: A Modbus Exception Occurred - See Response Body
[2024-12-10T04:57:52.580Z] Error reading or processing Modbus registers: A Modbus Exception Occurred - See Response Body
[2024-12-10T04:57:52.582Z] Error reading register 6507 for IP 10.30.4.128: A Modbus Exception Occurred - See Response Body
[2024-12-10T04:57:52.582Z] Error reading actual data: A Modbus Exception Occurred - See Response Body
[2024-12-10T04:57:52.583Z] Error writing to Modbus register: A Modbus Exception Occurred - See Response Body
[2024-12-10T04:57:53.593Z] Error reading or processing Modbus registers: A Modbus Exception Occurred - See Response Body
[2024-12-10T04:57:53.594Z] Error reading register 6507 for IP 10.30.4.128: A Modbus Exception Occurred - See Response Body
[2024-12-10T04:57:53.595Z] Error reading actual data: A Modbus Exception Occurred - See Response Body
[2024-12-10T04:57:53.596Z] Error writing to Modbus register: A Modbus Exception Occurred - See Response Body
[2024-12-10T04:57:54.607Z] Error reading or processing Modbus registers: A Modbus Exception Occurred - See Response Body
[2024-12-10T04:57:54.610Z] Error reading register 6507 for IP 10.30.4.128: A Modbus Exception Occurred - See Response Body
[2024-12-10T04:57:54.610Z] Error reading actual data: A Modbus Exception Occurred - See Response Body
[2024-12-10T04:57:54.611Z] Error writing to Modbus register: A Modbus Exception Occurred - See Response Body
[2024-12-10T04:57:55.609Z] Error reading or processing Modbus registers: A Modbus Exception Occurred - See Response Body
[2024-12-10T04:57:55.611Z] Error reading register 6507 for IP 10.30.4.128: A Modbus Exception Occurred - See Response Body
[2024-12-10T04:57:55.611Z] Error reading actual data: A Modbus Exception Occurred - See Response Body
[2024-12-10T04:57:55.612Z] Error writing to Modbus register: A Modbus Exception Occurred - See Response Body
[2024-12-10T04:57:56.623Z] Error reading or processing Modbus registers: A Modbus Exception Occurred - See Response Body
[2024-12-10T04:57:56.625Z] Error reading register 6507 for IP 10.30.4.128: A Modbus Exception Occurred - See Response Body
[2024-12-10T04:57:56.626Z] Error reading actual data: A Modbus Exception Occurred - See Response Body
[2024-12-10T04:57:56.626Z] Error writing to Modbus register: A Modbus Exception Occurred - See Response Body
[2024-12-10T04:57:57.634Z] Error reading or processing Modbus registers: A Modbus Exception Occurred - See Response Body
[2024-12-10T04:57:57.636Z] Error reading register 6507 for IP 10.30.4.128: A Modbus Exception Occurred - See Response Body
[2024-12-10T04:57:57.636Z] Error reading actual data: A Modbus Exception Occurred - See Response Body
[2024-12-10T04:57:57.637Z] Error writing to Modbus register: A Modbus Exception Occurred - See Response Body
[2024-12-10T04:57:58.649Z] Error reading or processing Modbus registers: A Modbus Exception Occurred - See Response Body
[2024-12-10T04:57:58.651Z] Error reading register 6507 for IP 10.30.4.128: A Modbus Exception Occurred - See Response Body
[2024-12-10T04:57:58.652Z] Error reading actual data: A Modbus Exception Occurred - See Response Body
[2024-12-10T04:57:58.653Z] Error writing to Modbus register: A Modbus Exception Occurred - See Response Body
[2024-12-10T04:57:59.658Z] Error reading or processing Modbus registers: A Modbus Exception Occurred - See Response Body
[2024-12-10T04:57:59.661Z] Error reading register 6507 for IP 10.30.4.128: A Modbus Exception Occurred - See Response Body
[2024-12-10T04:57:59.661Z] Error reading actual data: A Modbus Exception Occurred - See Response Body
[2024-12-10T04:57:59.662Z] Error writing to Modbus register: A Modbus Exception Occurred - See Response Body
[2024-12-10T04:58:00.672Z] Error reading or processing Modbus registers: A Modbus Exception Occurred - See Response Body
[2024-12-10T04:58:00.674Z] Error reading register 6507 for IP 10.30.4.128: A Modbus Exception Occurred - See Response Body
[2024-12-10T04:58:00.675Z] Error reading actual data: A Modbus Exception Occurred - See Response Body
[2024-12-10T04:58:00.676Z] Error writing to Modbus register: A Modbus Exception Occurred - See Response Body
[2024-12-10T04:58:01.685Z] Error reading or processing Modbus registers: A Modbus Exception Occurred - See Response Body
[2024-12-10T04:58:01.687Z] Error reading register 6507 for IP 10.30.4.128: A Modbus Exception Occurred - See Response Body
[2024-12-10T04:58:01.687Z] Error reading actual data: A Modbus Exception Occurred - See Response Body
[2024-12-10T04:58:01.688Z] Error writing to Modbus register: A Modbus Exception Occurred - See Response Body
[2024-12-10T04:58:02.696Z] Error reading or processing Modbus registers: A Modbus Exception Occurred - See Response Body
[2024-12-10T04:58:02.698Z] Error reading register 6507 for IP 10.30.4.128: A Modbus Exception Occurred - See Response Body
[2024-12-10T04:58:02.699Z] Error reading actual data: A Modbus Exception Occurred - See Response Body
[2024-12-10T04:58:02.699Z] Error writing to Modbus register: A Modbus Exception Occurred - See Response Body
[2024-12-10T04:58:03.710Z] Error reading or processing Modbus registers: A Modbus Exception Occurred - See Response Body
[2024-12-10T04:58:03.713Z] Error reading register 6507 for IP 10.30.4.128: A Modbus Exception Occurred - See Response Body
[2024-12-10T04:58:03.713Z] Error reading actual data: A Modbus Exception Occurred - See Response Body
[2024-12-10T04:58:03.714Z] Error writing to Modbus register: A Modbus Exception Occurred - See Response Body
[2024-12-10T04:58:04.723Z] Error reading or processing Modbus registers: A Modbus Exception Occurred - See Response Body
[2024-12-10T04:58:04.726Z] Error reading register 6507 for IP 10.30.4.128: A Modbus Exception Occurred - See Response Body
[2024-12-10T04:58:04.727Z] Error reading actual data: A Modbus Exception Occurred - See Response Body
[2024-12-10T04:58:04.727Z] Error writing to Modbus register: A Modbus Exception Occurred - See Response Body
[2024-12-10T04:58:05.726Z] Error reading or processing Modbus registers: A Modbus Exception Occurred - See Response Body
[2024-12-10T04:58:05.728Z] Error reading register 6507 for IP 10.30.4.128: A Modbus Exception Occurred - See Response Body
[2024-12-10T04:58:05.729Z] Error reading actual data: A Modbus Exception Occurred - See Response Body
[2024-12-10T04:58:05.730Z] Error writing to Modbus register: A Modbus Exception Occurred - See Response Body
[2024-12-10T04:58:06.727Z] Error reading or processing Modbus registers: A Modbus Exception Occurred - See Response Body
[2024-12-10T04:58:06.732Z] Error reading register 6507 for IP 10.30.4.128: A Modbus Exception Occurred - See Response Body
[2024-12-10T04:58:06.733Z] Error reading actual data: A Modbus Exception Occurred - See Response Body
[2024-12-10T04:58:06.733Z] Error writing to Modbus register: A Modbus Exception Occurred - See Response Body
[2024-12-10T04:58:07.730Z] Error reading or processing Modbus registers: A Modbus Exception Occurred - See Response Body
[2024-12-10T04:58:07.734Z] Error reading register 6507 for IP 10.30.4.128: A Modbus Exception Occurred - See Response Body
[2024-12-10T04:58:07.735Z] Error reading actual data: A Modbus Exception Occurred - See Response Body
[2024-12-10T04:58:07.735Z] Error writing to Modbus register: A Modbus Exception Occurred - See Response Body
[2024-12-10T04:58:08.742Z] Error reading or processing Modbus registers: A Modbus Exception Occurred - See Response Body
[2024-12-10T04:58:08.745Z] Error reading register 6507 for IP 10.30.4.128: A Modbus Exception Occurred - See Response Body
[2024-12-10T04:58:08.746Z] Error reading actual data: A Modbus Exception Occurred - See Response Body
[2024-12-10T04:58:08.746Z] Error writing to Modbus register: A Modbus Exception Occurred - See Response Body
[2024-12-10T04:58:09.743Z] Error reading or processing Modbus registers: A Modbus Exception Occurred - See Response Body
[2024-12-10T04:58:09.745Z] Error reading register 6507 for IP 10.30.4.128: A Modbus Exception Occurred - See Response Body
[2024-12-10T04:58:09.746Z] Error reading actual data: A Modbus Exception Occurred - See Response Body
[2024-12-10T04:58:09.746Z] Error writing to Modbus register: A Modbus Exception Occurred - See Response Body
[2024-12-10T04:58:10.754Z] Error reading or processing Modbus registers: A Modbus Exception Occurred - See Response Body
[2024-12-10T04:58:10.756Z] Error reading register 6507 for IP 10.30.4.128: A Modbus Exception Occurred - See Response Body
[2024-12-10T04:58:10.756Z] Error reading actual data: A Modbus Exception Occurred - See Response Body
[2024-12-10T04:58:10.757Z] Error writing to Modbus register: A Modbus Exception Occurred - See Response Body
[2024-12-10T04:58:11.753Z] Error reading or processing Modbus registers: A Modbus Exception Occurred - See Response Body
[2024-12-10T04:58:11.755Z] Error reading register 6507 for IP 10.30.4.128: A Modbus Exception Occurred - See Response Body
[2024-12-10T04:58:11.756Z] Error reading actual data: A Modbus Exception Occurred - See Response Body
[2024-12-10T04:58:11.756Z] Error writing to Modbus register: A Modbus Exception Occurred - See Response Body
[2024-12-10T04:58:12.757Z] Error reading or processing Modbus registers: A Modbus Exception Occurred - See Response Body
[2024-12-10T04:58:12.759Z] Error reading register 6507 for IP 10.30.4.128: A Modbus Exception Occurred - See Response Body
[2024-12-10T04:58:12.760Z] Error reading actual data: A Modbus Exception Occurred - See Response Body
[2024-12-10T04:58:12.760Z] Error writing to Modbus register: A Modbus Exception Occurred - See Response Body
[2024-12-10T04:58:13.770Z] Error reading or processing Modbus registers: A Modbus Exception Occurred - See Response Body
[2024-12-10T04:58:13.772Z] Error reading register 6507 for IP 10.30.4.128: A Modbus Exception Occurred - See Response Body
[2024-12-10T04:58:13.772Z] Error reading actual data: A Modbus Exception Occurred - See Response Body
[2024-12-10T04:58:13.773Z] Error writing to Modbus register: A Modbus Exception Occurred - See Response Body
[2024-12-10T04:58:14.776Z] Error reading or processing Modbus registers: A Modbus Exception Occurred - See Response Body
[2024-12-10T04:58:14.778Z] Error reading register 6507 for IP 10.30.4.128: A Modbus Exception Occurred - See Response Body
[2024-12-10T04:58:14.779Z] Error reading actual data: A Modbus Exception Occurred - See Response Body
[2024-12-10T04:58:14.779Z] Error writing to Modbus register: A Modbus Exception Occurred - See Response Body
[2024-12-10T04:58:15.777Z] Error reading or processing Modbus registers: A Modbus Exception Occurred - See Response Body
[2024-12-10T04:58:15.779Z] Error reading register 6507 for IP 10.30.4.128: A Modbus Exception Occurred - See Response Body
[2024-12-10T04:58:15.780Z] Error reading actual data: A Modbus Exception Occurred - See Response Body
[2024-12-10T04:58:15.780Z] Error writing to Modbus register: A Modbus Exception Occurred - See Response Body
[2024-12-10T04:58:16.791Z] Error reading or processing Modbus registers: A Modbus Exception Occurred - See Response Body
[2024-12-10T04:58:16.794Z] Error reading register 6507 for IP 10.30.4.128: A Modbus Exception Occurred - See Response Body
[2024-12-10T04:58:16.795Z] Error reading actual data: A Modbus Exception Occurred - See Response Body
[2024-12-10T04:58:16.796Z] Error writing to Modbus register: A Modbus Exception Occurred - See Response Body
[2024-12-10T04:58:17.792Z] Error reading or processing Modbus registers: A Modbus Exception Occurred - See Response Body
[2024-12-10T04:58:17.794Z] Error reading register 6507 for IP 10.30.4.128: A Modbus Exception Occurred - See Response Body
[2024-12-10T04:58:17.795Z] Error reading actual data: A Modbus Exception Occurred - See Response Body
[2024-12-10T04:58:17.796Z] Error writing to Modbus register: A Modbus Exception Occurred - See Response Body
[2024-12-10T04:58:18.795Z] Error reading or processing Modbus registers: A Modbus Exception Occurred - See Response Body
[2024-12-10T04:58:18.797Z] Error reading register 6507 for IP 10.30.4.128: A Modbus Exception Occurred - See Response Body
[2024-12-10T04:58:18.798Z] Error reading actual data: A Modbus Exception Occurred - See Response Body
[2024-12-10T04:58:18.798Z] Error writing to Modbus register: A Modbus Exception Occurred - See Response Body
[2024-12-10T04:58:19.809Z] Error reading or processing Modbus registers: A Modbus Exception Occurred - See Response Body
[2024-12-10T04:58:19.811Z] Error reading register 6507 for IP 10.30.4.128: A Modbus Exception Occurred - See Response Body
[2024-12-10T04:58:19.812Z] Error reading actual data: A Modbus Exception Occurred - See Response Body
[2024-12-10T04:58:19.813Z] Error writing to Modbus register: A Modbus Exception Occurred - See Response Body
[2024-12-10T04:58:20.811Z] Error reading or processing Modbus registers: A Modbus Exception Occurred - See Response Body
[2024-12-10T04:58:20.813Z] Error reading register 6507 for IP 10.30.4.128: A Modbus Exception Occurred - See Response Body
[2024-12-10T04:58:20.814Z] Error reading actual data: A Modbus Exception Occurred - See Response Body
[2024-12-10T04:58:20.815Z] Error writing to Modbus register: A Modbus Exception Occurred - See Response Body
[2024-12-10T04:58:21.825Z] Error reading or processing Modbus registers: A Modbus Exception Occurred - See Response Body
[2024-12-10T04:58:21.828Z] Error reading register 6507 for IP 10.30.4.128: A Modbus Exception Occurred - See Response Body
[2024-12-10T04:58:21.829Z] Error reading actual data: A Modbus Exception Occurred - See Response Body
[2024-12-10T04:58:21.830Z] Error writing to Modbus register: A Modbus Exception Occurred - See Response Body
[2024-12-10T04:58:22.825Z] Error reading or processing Modbus registers: A Modbus Exception Occurred - See Response Body
[2024-12-10T04:58:22.827Z] Error reading register 6507 for IP 10.30.4.128: A Modbus Exception Occurred - See Response Body
[2024-12-10T04:58:22.828Z] Error reading actual data: A Modbus Exception Occurred - See Response Body
[2024-12-10T04:58:22.828Z] Error writing to Modbus register: A Modbus Exception Occurred - See Response Body
[2024-12-10T04:58:23.840Z] Error reading or processing Modbus registers: A Modbus Exception Occurred - See Response Body
[2024-12-10T04:58:23.842Z] Error reading register 6507 for IP 10.30.4.128: A Modbus Exception Occurred - See Response Body
[2024-12-10T04:58:23.843Z] Error reading actual data: A Modbus Exception Occurred - See Response Body
[2024-12-10T04:58:23.844Z] Error writing to Modbus register: A Modbus Exception Occurred - See Response Body
[2024-12-10T04:58:24.843Z] Error reading or processing Modbus registers: A Modbus Exception Occurred - See Response Body
[2024-12-10T04:58:24.845Z] Error reading register 6507 for IP 10.30.4.128: A Modbus Exception Occurred - See Response Body
[2024-12-10T04:58:24.846Z] Error reading actual data: A Modbus Exception Occurred - See Response Body
[2024-12-10T04:58:24.846Z] Error writing to Modbus register: A Modbus Exception Occurred - See Response Body
[2024-12-10T04:58:25.845Z] Error reading or processing Modbus registers: A Modbus Exception Occurred - See Response Body
[2024-12-10T04:58:25.847Z] Error reading register 6507 for IP 10.30.4.128: A Modbus Exception Occurred - See Response Body
[2024-12-10T04:58:25.848Z] Error reading actual data: A Modbus Exception Occurred - See Response Body
[2024-12-10T04:58:25.849Z] Error writing to Modbus register: A Modbus Exception Occurred - See Response Body
[2024-12-10T04:58:26.845Z] Error reading or processing Modbus registers: A Modbus Exception Occurred - See Response Body
[2024-12-10T04:58:26.848Z] Error reading register 6507 for IP 10.30.4.128: A Modbus Exception Occurred - See Response Body
[2024-12-10T04:58:26.848Z] Error reading actual data: A Modbus Exception Occurred - See Response Body
[2024-12-10T04:58:26.849Z] Error writing to Modbus register: A Modbus Exception Occurred - See Response Body
[2024-12-10T04:58:27.846Z] Error reading or processing Modbus registers: A Modbus Exception Occurred - See Response Body
[2024-12-10T04:58:27.848Z] Error reading register 6507 for IP 10.30.4.128: A Modbus Exception Occurred - See Response Body
[2024-12-10T04:58:27.849Z] Error reading actual data: A Modbus Exception Occurred - See Response Body
[2024-12-10T04:58:27.850Z] Error writing to Modbus register: A Modbus Exception Occurred - See Response Body
[2024-12-10T04:58:28.861Z] Error reading or processing Modbus registers: A Modbus Exception Occurred - See Response Body
[2024-12-10T04:58:28.864Z] Error reading register 6507 for IP 10.30.4.128: A Modbus Exception Occurred - See Response Body
[2024-12-10T04:58:28.864Z] Error reading actual data: A Modbus Exception Occurred - See Response Body
[2024-12-10T04:58:28.865Z] Error writing to Modbus register: A Modbus Exception Occurred - See Response Body
[2024-12-10T04:58:29.877Z] Error reading or processing Modbus registers: A Modbus Exception Occurred - See Response Body
[2024-12-10T04:58:29.879Z] Error reading register 6507 for IP 10.30.4.128: A Modbus Exception Occurred - See Response Body
[2024-12-10T04:58:29.879Z] Error reading actual data: A Modbus Exception Occurred - See Response Body
[2024-12-10T04:58:29.880Z] Error writing to Modbus register: A Modbus Exception Occurred - See Response Body
[2024-12-10T04:58:30.888Z] Error reading or processing Modbus registers: A Modbus Exception Occurred - See Response Body
[2024-12-10T04:58:30.890Z] Error reading register 6507 for IP 10.30.4.128: A Modbus Exception Occurred - See Response Body
[2024-12-10T04:58:30.891Z] Error reading actual data: A Modbus Exception Occurred - See Response Body
[2024-12-10T04:58:30.892Z] Error writing to Modbus register: A Modbus Exception Occurred - See Response Body
[2024-12-10T04:58:31.890Z] Error reading or processing Modbus registers: A Modbus Exception Occurred - See Response Body
[2024-12-10T04:58:31.892Z] Error reading register 6507 for IP 10.30.4.128: A Modbus Exception Occurred - See Response Body
[2024-12-10T04:58:31.893Z] Error reading actual data: A Modbus Exception Occurred - See Response Body
[2024-12-10T04:58:31.894Z] Error writing to Modbus register: A Modbus Exception Occurred - See Response Body
[2024-12-10T04:58:32.890Z] Error reading or processing Modbus registers: A Modbus Exception Occurred - See Response Body
[2024-12-10T04:58:32.892Z] Error reading register 6507 for IP 10.30.4.128: A Modbus Exception Occurred - See Response Body
[2024-12-10T04:58:32.893Z] Error reading actual data: A Modbus Exception Occurred - See Response Body
[2024-12-10T04:58:32.894Z] Error writing to Modbus register: A Modbus Exception Occurred - See Response Body
[2024-12-10T04:58:33.906Z] Error reading or processing Modbus registers: A Modbus Exception Occurred - See Response Body
[2024-12-10T04:58:33.909Z] Error reading register 6507 for IP 10.30.4.128: A Modbus Exception Occurred - See Response Body
[2024-12-10T04:58:33.909Z] Error reading actual data: A Modbus Exception Occurred - See Response Body
[2024-12-10T04:58:33.910Z] Error writing to Modbus register: A Modbus Exception Occurred - See Response Body
[2024-12-10T04:58:34.908Z] Error reading or processing Modbus registers: A Modbus Exception Occurred - See Response Body
[2024-12-10T04:58:34.910Z] Error reading register 6507 for IP 10.30.4.128: A Modbus Exception Occurred - See Response Body
[2024-12-10T04:58:34.911Z] Error reading actual data: A Modbus Exception Occurred - See Response Body
[2024-12-10T04:58:34.912Z] Error writing to Modbus register: A Modbus Exception Occurred - See Response Body
[2024-12-10T04:58:35.921Z] Error reading or processing Modbus registers: A Modbus Exception Occurred - See Response Body
[2024-12-10T04:58:35.924Z] Error reading register 6507 for IP 10.30.4.128: A Modbus Exception Occurred - See Response Body
[2024-12-10T04:58:35.924Z] Error reading actual data: A Modbus Exception Occurred - See Response Body
[2024-12-10T04:58:35.925Z] Error writing to Modbus register: A Modbus Exception Occurred - See Response Body
[2024-12-10T04:58:36.934Z] Error reading or processing Modbus registers: A Modbus Exception Occurred - See Response Body
[2024-12-10T04:58:36.936Z] Error reading register 6507 for IP 10.30.4.128: A Modbus Exception Occurred - See Response Body
[2024-12-10T04:58:36.937Z] Error reading actual data: A Modbus Exception Occurred - See Response Body
[2024-12-10T04:58:36.937Z] Error writing to Modbus register: A Modbus Exception Occurred - See Response Body
[2024-12-10T04:58:37.947Z] Error reading or processing Modbus registers: A Modbus Exception Occurred - See Response Body
[2024-12-10T04:58:37.950Z] Error reading register 6507 for IP 10.30.4.128: A Modbus Exception Occurred - See Response Body
[2024-12-10T04:58:37.950Z] Error reading actual data: A Modbus Exception Occurred - See Response Body
[2024-12-10T04:58:37.951Z] Error writing to Modbus register: A Modbus Exception Occurred - See Response Body
[2024-12-10T04:58:38.960Z] Error reading or processing Modbus registers: A Modbus Exception Occurred - See Response Body
[2024-12-10T04:58:38.962Z] Error reading register 6507 for IP 10.30.4.128: A Modbus Exception Occurred - See Response Body
[2024-12-10T04:58:38.962Z] Error reading actual data: A Modbus Exception Occurred - See Response Body
[2024-12-10T04:58:38.963Z] Error writing to Modbus register: A Modbus Exception Occurred - See Response Body
[2024-12-10T04:58:39.973Z] Error reading or processing Modbus registers: A Modbus Exception Occurred - See Response Body
[2024-12-10T04:58:39.975Z] Error reading register 6507 for IP 10.30.4.128: A Modbus Exception Occurred - See Response Body
[2024-12-10T04:58:39.976Z] Error reading actual data: A Modbus Exception Occurred - See Response Body
[2024-12-10T04:58:39.976Z] Error writing to Modbus register: A Modbus Exception Occurred - See Response Body
[2024-12-10T04:58:40.987Z] Error reading or processing Modbus registers: A Modbus Exception Occurred - See Response Body
[2024-12-10T04:58:40.989Z] Error reading register 6507 for IP 10.30.4.128: A Modbus Exception Occurred - See Response Body
[2024-12-10T04:58:40.990Z] Error reading actual data: A Modbus Exception Occurred - See Response Body
[2024-12-10T04:58:40.991Z] Error writing to Modbus register: A Modbus Exception Occurred - See Response Body
[2024-12-10T04:58:41.999Z] Error reading or processing Modbus registers: A Modbus Exception Occurred - See Response Body
[2024-12-10T04:58:42.001Z] Error reading register 6507 for IP 10.30.4.128: A Modbus Exception Occurred - See Response Body
[2024-12-10T04:58:42.002Z] Error reading actual data: A Modbus Exception Occurred - See Response Body
[2024-12-10T04:58:42.002Z] Error writing to Modbus register: A Modbus Exception Occurred - See Response Body
[2024-12-10T04:58:43.014Z] Error reading or processing Modbus registers: A Modbus Exception Occurred - See Response Body
[2024-12-10T04:58:43.016Z] Error reading register 6507 for IP 10.30.4.128: A Modbus Exception Occurred - See Response Body
[2024-12-10T04:58:43.017Z] Error reading actual data: A Modbus Exception Occurred - See Response Body
[2024-12-10T04:58:43.018Z] Error writing to Modbus register: A Modbus Exception Occurred - See Response Body
[2024-12-10T04:58:44.016Z] Error reading or processing Modbus registers: A Modbus Exception Occurred - See Response Body
[2024-12-10T04:58:44.018Z] Error reading register 6507 for IP 10.30.4.128: A Modbus Exception Occurred - See Response Body
[2024-12-10T04:58:44.019Z] Error reading actual data: A Modbus Exception Occurred - See Response Body
[2024-12-10T04:58:44.019Z] Error writing to Modbus register: A Modbus Exception Occurred - See Response Body
[2024-12-10T04:58:45.030Z] Error reading or processing Modbus registers: A Modbus Exception Occurred - See Response Body
[2024-12-10T04:58:45.032Z] Error reading register 6507 for IP 10.30.4.128: A Modbus Exception Occurred - See Response Body
[2024-12-10T04:58:45.032Z] Error reading actual data: A Modbus Exception Occurred - See Response Body
[2024-12-10T04:58:45.033Z] Error writing to Modbus register: A Modbus Exception Occurred - See Response Body
[2024-12-10T04:58:46.031Z] Error reading or processing Modbus registers: A Modbus Exception Occurred - See Response Body
[2024-12-10T04:58:46.033Z] Error reading register 6507 for IP 10.30.4.128: A Modbus Exception Occurred - See Response Body
[2024-12-10T04:58:46.034Z] Error reading actual data: A Modbus Exception Occurred - See Response Body
[2024-12-10T04:58:46.034Z] Error writing to Modbus register: A Modbus Exception Occurred - See Response Body
[2024-12-10T04:58:47.031Z] Error reading or processing Modbus registers: A Modbus Exception Occurred - See Response Body
[2024-12-10T04:58:47.033Z] Error reading register 6507 for IP 10.30.4.128: A Modbus Exception Occurred - See Response Body
[2024-12-10T04:58:47.033Z] Error reading actual data: A Modbus Exception Occurred - See Response Body
[2024-12-10T04:58:47.034Z] Error writing to Modbus register: A Modbus Exception Occurred - See Response Body
[2024-12-10T04:58:48.035Z] Error reading or processing Modbus registers: A Modbus Exception Occurred - See Response Body
[2024-12-10T04:58:48.037Z] Error reading register 6507 for IP 10.30.4.128: A Modbus Exception Occurred - See Response Body
[2024-12-10T04:58:48.038Z] Error reading actual data: A Modbus Exception Occurred - See Response Body
[2024-12-10T04:58:48.038Z] Error writing to Modbus register: A Modbus Exception Occurred - See Response Body
[2024-12-10T04:58:49.049Z] Error reading or processing Modbus registers: A Modbus Exception Occurred - See Response Body
[2024-12-10T04:58:49.051Z] Error reading register 6507 for IP 10.30.4.128: A Modbus Exception Occurred - See Response Body
[2024-12-10T04:58:49.051Z] Error reading actual data: A Modbus Exception Occurred - See Response Body
[2024-12-10T04:58:49.052Z] Error writing to Modbus register: A Modbus Exception Occurred - See Response Body
[2024-12-10T04:58:50.051Z] Error reading or processing Modbus registers: A Modbus Exception Occurred - See Response Body
[2024-12-10T04:58:50.054Z] Error reading register 6507 for IP 10.30.4.128: A Modbus Exception Occurred - See Response Body
[2024-12-10T04:58:50.054Z] Error reading actual data: A Modbus Exception Occurred - See Response Body
[2024-12-10T04:58:50.055Z] Error writing to Modbus register: A Modbus Exception Occurred - See Response Body
[2024-12-10T04:58:51.051Z] Error reading or processing Modbus registers: A Modbus Exception Occurred - See Response Body
[2024-12-10T04:58:51.053Z] Error reading register 6507 for IP 10.30.4.128: A Modbus Exception Occurred - See Response Body
[2024-12-10T04:58:51.054Z] Error reading actual data: A Modbus Exception Occurred - See Response Body
[2024-12-10T04:58:51.054Z] Error writing to Modbus register: A Modbus Exception Occurred - See Response Body
[2024-12-10T04:58:52.065Z] Error reading or processing Modbus registers: A Modbus Exception Occurred - See Response Body
[2024-12-10T04:58:52.067Z] Error reading register 6507 for IP 10.30.4.128: A Modbus Exception Occurred - See Response Body
[2024-12-10T04:58:52.068Z] Error reading actual data: A Modbus Exception Occurred - See Response Body
[2024-12-10T04:58:52.068Z] Error writing to Modbus register: A Modbus Exception Occurred - See Response Body
[2024-12-10T04:58:53.078Z] Error reading or processing Modbus registers: A Modbus Exception Occurred - See Response Body
[2024-12-10T04:58:53.080Z] Error reading register 6507 for IP 10.30.4.128: A Modbus Exception Occurred - See Response Body
[2024-12-10T04:58:53.081Z] Error reading actual data: A Modbus Exception Occurred - See Response Body
[2024-12-10T04:58:53.081Z] Error writing to Modbus register: A Modbus Exception Occurred - See Response Body
[2024-12-10T04:58:54.077Z] Error reading or processing Modbus registers: A Modbus Exception Occurred - See Response Body
[2024-12-10T04:58:54.079Z] Error reading register 6507 for IP 10.30.4.128: A Modbus Exception Occurred - See Response Body
[2024-12-10T04:58:54.080Z] Error reading actual data: A Modbus Exception Occurred - See Response Body
[2024-12-10T04:58:54.081Z] Error writing to Modbus register: A Modbus Exception Occurred - See Response Body
[2024-12-10T04:58:55.092Z] Error reading or processing Modbus registers: A Modbus Exception Occurred - See Response Body
[2024-12-10T04:58:55.094Z] Error reading register 6507 for IP 10.30.4.128: A Modbus Exception Occurred - See Response Body
[2024-12-10T04:58:55.095Z] Error reading actual data: A Modbus Exception Occurred - See Response Body
[2024-12-10T04:58:55.095Z] Error writing to Modbus register: A Modbus Exception Occurred - See Response Body
[2024-12-10T04:58:56.096Z] Error reading or processing Modbus registers: A Modbus Exception Occurred - See Response Body
[2024-12-10T04:58:56.098Z] Error reading register 6507 for IP 10.30.4.128: A Modbus Exception Occurred - See Response Body
[2024-12-10T04:58:56.099Z] Error reading actual data: A Modbus Exception Occurred - See Response Body
[2024-12-10T04:58:56.099Z] Error writing to Modbus register: A Modbus Exception Occurred - See Response Body
[2024-12-10T04:58:57.096Z] Error reading or processing Modbus registers: A Modbus Exception Occurred - See Response Body
[2024-12-10T04:58:57.099Z] Error reading register 6507 for IP 10.30.4.128: A Modbus Exception Occurred - See Response Body
[2024-12-10T04:58:57.099Z] Error reading actual data: A Modbus Exception Occurred - See Response Body
[2024-12-10T04:58:57.100Z] Error writing to Modbus register: A Modbus Exception Occurred - See Response Body
[2024-12-10T04:58:58.107Z] Error reading or processing Modbus registers: A Modbus Exception Occurred - See Response Body
[2024-12-10T04:58:58.112Z] Error reading register 6507 for IP 10.30.4.128: A Modbus Exception Occurred - See Response Body
[2024-12-10T04:58:58.113Z] Error reading actual data: A Modbus Exception Occurred - See Response Body
[2024-12-10T04:58:58.114Z] Error writing to Modbus register: A Modbus Exception Occurred - See Response Body
[2024-12-10T04:58:59.122Z] Error reading or processing Modbus registers: A Modbus Exception Occurred - See Response Body
[2024-12-10T04:58:59.124Z] Error reading register 6507 for IP 10.30.4.128: A Modbus Exception Occurred - See Response Body
[2024-12-10T04:58:59.125Z] Error reading actual data: A Modbus Exception Occurred - See Response Body
[2024-12-10T04:58:59.125Z] Error writing to Modbus register: A Modbus Exception Occurred - See Response Body
[2024-12-10T04:59:00.125Z] Error reading or processing Modbus registers: A Modbus Exception Occurred - See Response Body
[2024-12-10T04:59:00.127Z] Error reading register 6507 for IP 10.30.4.128: A Modbus Exception Occurred - See Response Body
[2024-12-10T04:59:00.128Z] Error reading actual data: A Modbus Exception Occurred - See Response Body
[2024-12-10T04:59:00.128Z] Error writing to Modbus register: A Modbus Exception Occurred - See Response Body
[2024-12-10T04:59:01.138Z] Error reading or processing Modbus registers: A Modbus Exception Occurred - See Response Body
[2024-12-10T04:59:01.140Z] Error reading register 6507 for IP 10.30.4.128: A Modbus Exception Occurred - See Response Body
[2024-12-10T04:59:01.140Z] Error reading actual data: A Modbus Exception Occurred - See Response Body
[2024-12-10T04:59:01.141Z] Error writing to Modbus register: A Modbus Exception Occurred - See Response Body
[2024-12-10T04:59:02.150Z] Error reading or processing Modbus registers: A Modbus Exception Occurred - See Response Body
[2024-12-10T04:59:02.153Z] Error reading register 6507 for IP 10.30.4.128: A Modbus Exception Occurred - See Response Body
[2024-12-10T04:59:02.154Z] Error reading actual data: A Modbus Exception Occurred - See Response Body
[2024-12-10T04:59:02.154Z] Error writing to Modbus register: A Modbus Exception Occurred - See Response Body
[2024-12-10T04:59:03.165Z] Error reading or processing Modbus registers: A Modbus Exception Occurred - See Response Body
[2024-12-10T04:59:03.168Z] Error reading register 6507 for IP 10.30.4.128: A Modbus Exception Occurred - See Response Body
[2024-12-10T04:59:03.168Z] Error reading actual data: A Modbus Exception Occurred - See Response Body
[2024-12-10T04:59:03.169Z] Error writing to Modbus register: A Modbus Exception Occurred - See Response Body
[2024-12-10T04:59:04.166Z] Error reading or processing Modbus registers: A Modbus Exception Occurred - See Response Body
[2024-12-10T04:59:04.168Z] Error reading register 6507 for IP 10.30.4.128: A Modbus Exception Occurred - See Response Body
[2024-12-10T04:59:04.169Z] Error reading actual data: A Modbus Exception Occurred - See Response Body
[2024-12-10T04:59:04.169Z] Error writing to Modbus register: A Modbus Exception Occurred - See Response Body
[2024-12-10T04:59:05.181Z] Error reading or processing Modbus registers: A Modbus Exception Occurred - See Response Body
[2024-12-10T04:59:05.184Z] Error reading register 6507 for IP 10.30.4.128: A Modbus Exception Occurred - See Response Body
[2024-12-10T04:59:05.185Z] Error reading actual data: A Modbus Exception Occurred - See Response Body
[2024-12-10T04:59:05.186Z] Error writing to Modbus register: A Modbus Exception Occurred - See Response Body
[2024-12-10T04:59:06.194Z] Error reading or processing Modbus registers: A Modbus Exception Occurred - See Response Body
[2024-12-10T04:59:06.196Z] Error reading register 6507 for IP 10.30.4.128: A Modbus Exception Occurred - See Response Body
[2024-12-10T04:59:06.197Z] Error reading actual data: A Modbus Exception Occurred - See Response Body
[2024-12-10T04:59:06.197Z] Error writing to Modbus register: A Modbus Exception Occurred - See Response Body
[2024-12-10T04:59:07.210Z] Error reading or processing Modbus registers: A Modbus Exception Occurred - See Response Body
[2024-12-10T04:59:07.212Z] Error reading register 6507 for IP 10.30.4.128: A Modbus Exception Occurred - See Response Body
[2024-12-10T04:59:07.213Z] Error reading actual data: A Modbus Exception Occurred - See Response Body
[2024-12-10T04:59:07.213Z] Error writing to Modbus register: A Modbus Exception Occurred - See Response Body
[2024-12-10T04:59:08.210Z] Error reading or processing Modbus registers: A Modbus Exception Occurred - See Response Body
[2024-12-10T04:59:08.212Z] Error reading register 6507 for IP 10.30.4.128: A Modbus Exception Occurred - See Response Body
[2024-12-10T04:59:08.212Z] Error reading actual data: A Modbus Exception Occurred - See Response Body
[2024-12-10T04:59:08.213Z] Error writing to Modbus register: A Modbus Exception Occurred - See Response Body
[2024-12-10T04:59:09.213Z] Error reading or processing Modbus registers: A Modbus Exception Occurred - See Response Body
[2024-12-10T04:59:09.215Z] Error reading register 6507 for IP 10.30.4.128: A Modbus Exception Occurred - See Response Body
[2024-12-10T04:59:09.215Z] Error reading actual data: A Modbus Exception Occurred - See Response Body
[2024-12-10T04:59:09.216Z] Error writing to Modbus register: A Modbus Exception Occurred - See Response Body
[2024-12-10T04:59:10.213Z] Error reading or processing Modbus registers: A Modbus Exception Occurred - See Response Body
[2024-12-10T04:59:10.216Z] Error reading register 6507 for IP 10.30.4.128: A Modbus Exception Occurred - See Response Body
[2024-12-10T04:59:10.218Z] Error reading actual data: A Modbus Exception Occurred - See Response Body
[2024-12-10T04:59:10.230Z] Error writing to Modbus register: A Modbus Exception Occurred - See Response Body
[2024-12-10T04:59:11.228Z] Error reading or processing Modbus registers: A Modbus Exception Occurred - See Response Body
[2024-12-10T04:59:11.230Z] Error reading register 6507 for IP 10.30.4.128: A Modbus Exception Occurred - See Response Body
[2024-12-10T04:59:11.231Z] Error reading actual data: A Modbus Exception Occurred - See Response Body
[2024-12-10T04:59:11.231Z] Error writing to Modbus register: A Modbus Exception Occurred - See Response Body
[2024-12-10T04:59:12.239Z] Error reading or processing Modbus registers: A Modbus Exception Occurred - See Response Body
[2024-12-10T04:59:12.241Z] Error reading register 6507 for IP 10.30.4.128: A Modbus Exception Occurred - See Response Body
[2024-12-10T04:59:12.242Z] Error reading actual data: A Modbus Exception Occurred - See Response Body
[2024-12-10T04:59:12.242Z] Error writing to Modbus register: A Modbus Exception Occurred - See Response Body
[2024-12-10T04:59:13.241Z] Error reading or processing Modbus registers: A Modbus Exception Occurred - See Response Body
[2024-12-10T04:59:13.243Z] Error reading register 6507 for IP 10.30.4.128: A Modbus Exception Occurred - See Response Body
[2024-12-10T04:59:13.244Z] Error reading actual data: A Modbus Exception Occurred - See Response Body
[2024-12-10T04:59:13.245Z] Error writing to Modbus register: A Modbus Exception Occurred - See Response Body
[2024-12-10T04:59:14.256Z] Error reading or processing Modbus registers: A Modbus Exception Occurred - See Response Body
[2024-12-10T04:59:14.258Z] Error reading register 6507 for IP 10.30.4.128: A Modbus Exception Occurred - See Response Body
[2024-12-10T04:59:14.259Z] Error reading actual data: A Modbus Exception Occurred - See Response Body
[2024-12-10T04:59:14.259Z] Error writing to Modbus register: A Modbus Exception Occurred - See Response Body
[2024-12-10T04:59:15.256Z] Error reading or processing Modbus registers: A Modbus Exception Occurred - See Response Body
[2024-12-10T04:59:15.258Z] Error reading register 6507 for IP 10.30.4.128: A Modbus Exception Occurred - See Response Body
[2024-12-10T04:59:15.259Z] Error reading actual data: A Modbus Exception Occurred - See Response Body
[2024-12-10T04:59:15.260Z] Error writing to Modbus register: A Modbus Exception Occurred - See Response Body
[2024-12-10T04:59:16.271Z] Error reading or processing Modbus registers: A Modbus Exception Occurred - See Response Body
[2024-12-10T04:59:16.273Z] Error reading register 6507 for IP 10.30.4.128: A Modbus Exception Occurred - See Response Body
[2024-12-10T04:59:16.273Z] Error reading actual data: A Modbus Exception Occurred - See Response Body
[2024-12-10T04:59:16.274Z] Error writing to Modbus register: A Modbus Exception Occurred - See Response Body
[2024-12-10T04:59:17.272Z] Error reading or processing Modbus registers: A Modbus Exception Occurred - See Response Body
[2024-12-10T04:59:17.275Z] Error reading register 6507 for IP 10.30.4.128: A Modbus Exception Occurred - See Response Body
[2024-12-10T04:59:17.276Z] Error reading actual data: A Modbus Exception Occurred - See Response Body
[2024-12-10T04:59:17.276Z] Error writing to Modbus register: A Modbus Exception Occurred - See Response Body
[2024-12-10T04:59:18.273Z] Error reading or processing Modbus registers: A Modbus Exception Occurred - See Response Body
[2024-12-10T04:59:18.275Z] Error reading register 6507 for IP 10.30.4.128: A Modbus Exception Occurred - See Response Body
[2024-12-10T04:59:18.275Z] Error reading actual data: A Modbus Exception Occurred - See Response Body
[2024-12-10T04:59:18.276Z] Error writing to Modbus register: A Modbus Exception Occurred - See Response Body
[2024-12-10T04:59:19.287Z] Error reading or processing Modbus registers: A Modbus Exception Occurred - See Response Body
[2024-12-10T04:59:19.289Z] Error reading register 6507 for IP 10.30.4.128: A Modbus Exception Occurred - See Response Body
[2024-12-10T04:59:19.290Z] Error reading actual data: A Modbus Exception Occurred - See Response Body
[2024-12-10T04:59:19.290Z] Error writing to Modbus register: A Modbus Exception Occurred - See Response Body
[2024-12-10T04:59:20.288Z] Error reading or processing Modbus registers: A Modbus Exception Occurred - See Response Body
[2024-12-10T04:59:20.290Z] Error reading register 6507 for IP 10.30.4.128: A Modbus Exception Occurred - See Response Body
[2024-12-10T04:59:20.291Z] Error reading actual data: A Modbus Exception Occurred - See Response Body
[2024-12-10T04:59:20.291Z] Error writing to Modbus register: A Modbus Exception Occurred - See Response Body
[2024-12-10T04:59:21.290Z] Error reading or processing Modbus registers: A Modbus Exception Occurred - See Response Body
[2024-12-10T04:59:21.293Z] Error reading register 6507 for IP 10.30.4.128: A Modbus Exception Occurred - See Response Body
[2024-12-10T04:59:21.294Z] Error reading actual data: A Modbus Exception Occurred - See Response Body
[2024-12-10T04:59:21.295Z] Error writing to Modbus register: A Modbus Exception Occurred - See Response Body
[2024-12-10T04:59:22.294Z] Error reading or processing Modbus registers: A Modbus Exception Occurred - See Response Body
[2024-12-10T04:59:22.296Z] Error reading register 6507 for IP 10.30.4.128: A Modbus Exception Occurred - See Response Body
[2024-12-10T04:59:22.297Z] Error reading actual data: A Modbus Exception Occurred - See Response Body
[2024-12-10T04:59:22.298Z] Error writing to Modbus register: A Modbus Exception Occurred - See Response Body
[2024-12-10T04:59:23.308Z] Error reading or processing Modbus registers: A Modbus Exception Occurred - See Response Body
[2024-12-10T04:59:23.310Z] Error reading register 6507 for IP 10.30.4.128: A Modbus Exception Occurred - See Response Body
[2024-12-10T04:59:23.310Z] Error reading actual data: A Modbus Exception Occurred - See Response Body
[2024-12-10T04:59:23.311Z] Error writing to Modbus register: A Modbus Exception Occurred - See Response Body
[2024-12-10T04:59:24.309Z] Error reading or processing Modbus registers: A Modbus Exception Occurred - See Response Body
[2024-12-10T04:59:24.311Z] Error reading register 6507 for IP 10.30.4.128: A Modbus Exception Occurred - See Response Body
[2024-12-10T04:59:24.312Z] Error reading actual data: A Modbus Exception Occurred - See Response Body
[2024-12-10T04:59:24.312Z] Error writing to Modbus register: A Modbus Exception Occurred - See Response Body
[2024-12-10T04:59:25.310Z] Error reading or processing Modbus registers: A Modbus Exception Occurred - See Response Body
[2024-12-10T04:59:25.312Z] Error reading register 6507 for IP 10.30.4.128: A Modbus Exception Occurred - See Response Body
[2024-12-10T04:59:25.313Z] Error reading actual data: A Modbus Exception Occurred - See Response Body
[2024-12-10T04:59:25.314Z] Error writing to Modbus register: A Modbus Exception Occurred - See Response Body
[2024-12-10T04:59:26.322Z] Error reading or processing Modbus registers: A Modbus Exception Occurred - See Response Body
[2024-12-10T04:59:26.324Z] Error reading register 6507 for IP 10.30.4.128: A Modbus Exception Occurred - See Response Body
[2024-12-10T04:59:26.325Z] Error reading actual data: A Modbus Exception Occurred - See Response Body
[2024-12-10T04:59:26.326Z] Error writing to Modbus register: A Modbus Exception Occurred - See Response Body
[2024-12-10T04:59:27.335Z] Error reading or processing Modbus registers: A Modbus Exception Occurred - See Response Body
[2024-12-10T04:59:27.337Z] Error reading register 6507 for IP 10.30.4.128: A Modbus Exception Occurred - See Response Body
[2024-12-10T04:59:27.337Z] Error reading actual data: A Modbus Exception Occurred - See Response Body
[2024-12-10T04:59:27.338Z] Error writing to Modbus register: A Modbus Exception Occurred - See Response Body
[2024-12-10T04:59:28.347Z] Error reading or processing Modbus registers: A Modbus Exception Occurred - See Response Body
[2024-12-10T04:59:28.349Z] Error reading register 6507 for IP 10.30.4.128: A Modbus Exception Occurred - See Response Body
[2024-12-10T04:59:28.349Z] Error reading actual data: A Modbus Exception Occurred - See Response Body
[2024-12-10T04:59:28.350Z] Error writing to Modbus register: A Modbus Exception Occurred - See Response Body
[2024-12-10T04:59:29.347Z] Error reading or processing Modbus registers: A Modbus Exception Occurred - See Response Body
[2024-12-10T04:59:29.349Z] Error reading register 6507 for IP 10.30.4.128: A Modbus Exception Occurred - See Response Body
[2024-12-10T04:59:29.350Z] Error reading actual data: A Modbus Exception Occurred - See Response Body
[2024-12-10T04:59:29.350Z] Error writing to Modbus register: A Modbus Exception Occurred - See Response Body
[2024-12-10T04:59:30.348Z] Error reading or processing Modbus registers: A Modbus Exception Occurred - See Response Body
[2024-12-10T04:59:30.350Z] Error reading register 6507 for IP 10.30.4.128: A Modbus Exception Occurred - See Response Body
[2024-12-10T04:59:30.351Z] Error reading actual data: A Modbus Exception Occurred - See Response Body
[2024-12-10T04:59:30.351Z] Error writing to Modbus register: A Modbus Exception Occurred - See Response Body
[2024-12-10T04:59:31.362Z] Error reading or processing Modbus registers: A Modbus Exception Occurred - See Response Body
[2024-12-10T04:59:31.364Z] Error reading register 6507 for IP 10.30.4.128: A Modbus Exception Occurred - See Response Body
[2024-12-10T04:59:31.365Z] Error reading actual data: A Modbus Exception Occurred - See Response Body
[2024-12-10T04:59:31.365Z] Error writing to Modbus register: A Modbus Exception Occurred - See Response Body
[2024-12-10T04:59:32.364Z] Error reading or processing Modbus registers: A Modbus Exception Occurred - See Response Body
[2024-12-10T04:59:32.366Z] Error reading register 6507 for IP 10.30.4.128: A Modbus Exception Occurred - See Response Body
[2024-12-10T04:59:32.367Z] Error reading actual data: A Modbus Exception Occurred - See Response Body
[2024-12-10T04:59:32.368Z] Error writing to Modbus register: A Modbus Exception Occurred - See Response Body
[2024-12-10T04:59:33.369Z] Error reading or processing Modbus registers: A Modbus Exception Occurred - See Response Body
[2024-12-10T04:59:33.371Z] Error reading register 6507 for IP 10.30.4.128: A Modbus Exception Occurred - See Response Body
[2024-12-10T04:59:33.372Z] Error reading actual data: A Modbus Exception Occurred - See Response Body
[2024-12-10T04:59:33.372Z] Error writing to Modbus register: A Modbus Exception Occurred - See Response Body
[2024-12-10T04:59:34.374Z] Error reading or processing Modbus registers: A Modbus Exception Occurred - See Response Body
[2024-12-10T04:59:34.377Z] Error reading register 6507 for IP 10.30.4.128: A Modbus Exception Occurred - See Response Body
[2024-12-10T04:59:34.377Z] Error reading actual data: A Modbus Exception Occurred - See Response Body
[2024-12-10T04:59:34.378Z] Error writing to Modbus register: A Modbus Exception Occurred - See Response Body
[2024-12-10T04:59:35.375Z] Error reading or processing Modbus registers: A Modbus Exception Occurred - See Response Body
[2024-12-10T04:59:35.377Z] Error reading register 6507 for IP 10.30.4.128: A Modbus Exception Occurred - See Response Body
[2024-12-10T04:59:35.378Z] Error reading actual data: A Modbus Exception Occurred - See Response Body
[2024-12-10T04:59:35.378Z] Error writing to Modbus register: A Modbus Exception Occurred - See Response Body
[2024-12-10T04:59:36.377Z] Error reading or processing Modbus registers: A Modbus Exception Occurred - See Response Body
[2024-12-10T04:59:36.379Z] Error reading register 6507 for IP 10.30.4.128: A Modbus Exception Occurred - See Response Body
[2024-12-10T04:59:36.380Z] Error reading actual data: A Modbus Exception Occurred - See Response Body
[2024-12-10T04:59:36.381Z] Error writing to Modbus register: A Modbus Exception Occurred - See Response Body
[2024-12-10T04:59:37.379Z] Error reading or processing Modbus registers: A Modbus Exception Occurred - See Response Body
[2024-12-10T04:59:37.381Z] Error reading register 6507 for IP 10.30.4.128: A Modbus Exception Occurred - See Response Body
[2024-12-10T04:59:37.382Z] Error reading actual data: A Modbus Exception Occurred - See Response Body
[2024-12-10T04:59:37.383Z] Error writing to Modbus register: A Modbus Exception Occurred - See Response Body
[2024-12-10T04:59:38.381Z] Error reading or processing Modbus registers: A Modbus Exception Occurred - See Response Body
[2024-12-10T04:59:38.383Z] Error reading register 6507 for IP 10.30.4.128: A Modbus Exception Occurred - See Response Body
[2024-12-10T04:59:38.384Z] Error reading actual data: A Modbus Exception Occurred - See Response Body
[2024-12-10T04:59:38.384Z] Error writing to Modbus register: A Modbus Exception Occurred - See Response Body
[2024-12-10T04:59:39.380Z] Error reading or processing Modbus registers: A Modbus Exception Occurred - See Response Body
[2024-12-10T04:59:39.382Z] Error reading register 6507 for IP 10.30.4.128: A Modbus Exception Occurred - See Response Body
[2024-12-10T04:59:39.383Z] Error reading actual data: A Modbus Exception Occurred - See Response Body
[2024-12-10T04:59:39.384Z] Error writing to Modbus register: A Modbus Exception Occurred - See Response Body
[2024-12-10T04:59:40.380Z] Error reading or processing Modbus registers: A Modbus Exception Occurred - See Response Body
[2024-12-10T04:59:40.383Z] Error reading register 6507 for IP 10.30.4.128: A Modbus Exception Occurred - See Response Body
[2024-12-10T04:59:40.384Z] Error reading actual data: A Modbus Exception Occurred - See Response Body
[2024-12-10T04:59:40.385Z] Error writing to Modbus register: A Modbus Exception Occurred - See Response Body
[2024-12-10T04:59:41.395Z] Error reading or processing Modbus registers: A Modbus Exception Occurred - See Response Body
[2024-12-10T04:59:41.397Z] Error reading register 6507 for IP 10.30.4.128: A Modbus Exception Occurred - See Response Body
[2024-12-10T04:59:41.398Z] Error reading actual data: A Modbus Exception Occurred - See Response Body
[2024-12-10T04:59:41.398Z] Error writing to Modbus register: A Modbus Exception Occurred - See Response Body
[2024-12-10T04:59:42.407Z] Error reading or processing Modbus registers: A Modbus Exception Occurred - See Response Body
[2024-12-10T04:59:42.410Z] Error reading register 6507 for IP 10.30.4.128: A Modbus Exception Occurred - See Response Body
[2024-12-10T04:59:42.410Z] Error reading actual data: A Modbus Exception Occurred - See Response Body
[2024-12-10T04:59:42.410Z] Error writing to Modbus register: A Modbus Exception Occurred - See Response Body
[2024-12-10T04:59:43.422Z] Error reading or processing Modbus registers: A Modbus Exception Occurred - See Response Body
[2024-12-10T04:59:43.424Z] Error reading register 6507 for IP 10.30.4.128: A Modbus Exception Occurred - See Response Body
[2024-12-10T04:59:43.424Z] Error reading actual data: A Modbus Exception Occurred - See Response Body
[2024-12-10T04:59:43.425Z] Error writing to Modbus register: A Modbus Exception Occurred - See Response Body
[2024-12-10T04:59:44.435Z] Error reading or processing Modbus registers: A Modbus Exception Occurred - See Response Body
[2024-12-10T04:59:44.437Z] Error reading register 6507 for IP 10.30.4.128: A Modbus Exception Occurred - See Response Body
[2024-12-10T04:59:44.438Z] Error reading actual data: A Modbus Exception Occurred - See Response Body
[2024-12-10T04:59:44.438Z] Error writing to Modbus register: A Modbus Exception Occurred - See Response Body
[2024-12-10T04:59:45.447Z] Error reading or processing Modbus registers: A Modbus Exception Occurred - See Response Body
[2024-12-10T04:59:45.450Z] Error reading register 6507 for IP 10.30.4.128: A Modbus Exception Occurred - See Response Body
[2024-12-10T04:59:45.451Z] Error reading actual data: A Modbus Exception Occurred - See Response Body
[2024-12-10T04:59:45.452Z] Error writing to Modbus register: A Modbus Exception Occurred - See Response Body
[2024-12-10T04:59:46.448Z] Error reading or processing Modbus registers: A Modbus Exception Occurred - See Response Body
[2024-12-10T04:59:46.450Z] Error reading register 6507 for IP 10.30.4.128: A Modbus Exception Occurred - See Response Body
[2024-12-10T04:59:46.451Z] Error reading actual data: A Modbus Exception Occurred - See Response Body
[2024-12-10T04:59:46.452Z] Error writing to Modbus register: A Modbus Exception Occurred - See Response Body
[2024-12-10T04:59:47.463Z] Error reading or processing Modbus registers: A Modbus Exception Occurred - See Response Body
[2024-12-10T04:59:47.465Z] Error reading register 6507 for IP 10.30.4.128: A Modbus Exception Occurred - See Response Body
[2024-12-10T04:59:47.466Z] Error reading actual data: A Modbus Exception Occurred - See Response Body
[2024-12-10T04:59:47.466Z] Error writing to Modbus register: A Modbus Exception Occurred - See Response Body
[2024-12-10T04:59:48.478Z] Error reading or processing Modbus registers: A Modbus Exception Occurred - See Response Body
[2024-12-10T04:59:48.480Z] Error reading register 6507 for IP 10.30.4.128: A Modbus Exception Occurred - See Response Body
[2024-12-10T04:59:48.480Z] Error reading actual data: A Modbus Exception Occurred - See Response Body
[2024-12-10T04:59:48.481Z] Error writing to Modbus register: A Modbus Exception Occurred - See Response Body
[2024-12-10T04:59:49.479Z] Error reading or processing Modbus registers: A Modbus Exception Occurred - See Response Body
[2024-12-10T04:59:49.480Z] Error reading register 6507 for IP 10.30.4.128: A Modbus Exception Occurred - See Response Body
[2024-12-10T04:59:49.481Z] Error reading actual data: A Modbus Exception Occurred - See Response Body
[2024-12-10T04:59:49.482Z] Error writing to Modbus register: A Modbus Exception Occurred - See Response Body
[2024-12-10T04:59:50.492Z] Error reading or processing Modbus registers: A Modbus Exception Occurred - See Response Body
[2024-12-10T04:59:50.495Z] Error reading register 6507 for IP 10.30.4.128: A Modbus Exception Occurred - See Response Body
[2024-12-10T04:59:50.496Z] Error reading actual data: A Modbus Exception Occurred - See Response Body
[2024-12-10T04:59:50.496Z] Error writing to Modbus register: A Modbus Exception Occurred - See Response Body
[2024-12-10T04:59:51.496Z] Error reading or processing Modbus registers: A Modbus Exception Occurred - See Response Body
[2024-12-10T04:59:51.498Z] Error reading register 6507 for IP 10.30.4.128: A Modbus Exception Occurred - See Response Body
[2024-12-10T04:59:51.499Z] Error reading actual data: A Modbus Exception Occurred - See Response Body
[2024-12-10T04:59:51.499Z] Error writing to Modbus register: A Modbus Exception Occurred - See Response Body
[2024-12-10T04:59:52.498Z] Error reading or processing Modbus registers: A Modbus Exception Occurred - See Response Body
[2024-12-10T04:59:52.500Z] Error reading register 6507 for IP 10.30.4.128: A Modbus Exception Occurred - See Response Body
[2024-12-10T04:59:52.501Z] Error reading actual data: A Modbus Exception Occurred - See Response Body
[2024-12-10T04:59:52.502Z] Error writing to Modbus register: A Modbus Exception Occurred - See Response Body
[2024-12-10T04:59:53.501Z] Error reading or processing Modbus registers: A Modbus Exception Occurred - See Response Body
[2024-12-10T04:59:53.504Z] Error reading register 6507 for IP 10.30.4.128: A Modbus Exception Occurred - See Response Body
[2024-12-10T04:59:53.505Z] Error reading actual data: A Modbus Exception Occurred - See Response Body
[2024-12-10T04:59:53.505Z] Error writing to Modbus register: A Modbus Exception Occurred - See Response Body
[2024-12-10T04:59:54.500Z] Error reading or processing Modbus registers: A Modbus Exception Occurred - See Response Body
[2024-12-10T04:59:54.502Z] Error reading register 6507 for IP 10.30.4.128: A Modbus Exception Occurred - See Response Body
[2024-12-10T04:59:54.503Z] Error reading actual data: A Modbus Exception Occurred - See Response Body
[2024-12-10T04:59:54.504Z] Error writing to Modbus register: A Modbus Exception Occurred - See Response Body
[2024-12-10T04:59:55.514Z] Error reading or processing Modbus registers: A Modbus Exception Occurred - See Response Body
[2024-12-10T04:59:55.516Z] Error reading register 6507 for IP 10.30.4.128: A Modbus Exception Occurred - See Response Body
[2024-12-10T04:59:55.516Z] Error reading actual data: A Modbus Exception Occurred - See Response Body
[2024-12-10T04:59:55.517Z] Error writing to Modbus register: A Modbus Exception Occurred - See Response Body
[2024-12-10T04:59:56.528Z] Error reading or processing Modbus registers: A Modbus Exception Occurred - See Response Body
[2024-12-10T04:59:56.530Z] Error reading register 6507 for IP 10.30.4.128: A Modbus Exception Occurred - See Response Body
[2024-12-10T04:59:56.530Z] Error reading actual data: A Modbus Exception Occurred - See Response Body
[2024-12-10T04:59:56.531Z] Error writing to Modbus register: A Modbus Exception Occurred - See Response Body
[2024-12-10T04:59:57.530Z] Error reading or processing Modbus registers: A Modbus Exception Occurred - See Response Body
[2024-12-10T04:59:57.532Z] Error reading register 6507 for IP 10.30.4.128: A Modbus Exception Occurred - See Response Body
[2024-12-10T04:59:57.533Z] Error reading actual data: A Modbus Exception Occurred - See Response Body
[2024-12-10T04:59:57.533Z] Error writing to Modbus register: A Modbus Exception Occurred - See Response Body
[2024-12-10T04:59:58.540Z] Error reading or processing Modbus registers: A Modbus Exception Occurred - See Response Body
[2024-12-10T04:59:58.543Z] Error reading register 6507 for IP 10.30.4.128: A Modbus Exception Occurred - See Response Body
[2024-12-10T04:59:58.543Z] Error reading actual data: A Modbus Exception Occurred - See Response Body
[2024-12-10T04:59:58.544Z] Error writing to Modbus register: A Modbus Exception Occurred - See Response Body
[2024-12-10T04:59:59.542Z] Error reading or processing Modbus registers: A Modbus Exception Occurred - See Response Body
[2024-12-10T04:59:59.544Z] Error reading register 6507 for IP 10.30.4.128: A Modbus Exception Occurred - See Response Body
[2024-12-10T04:59:59.545Z] Error reading actual data: A Modbus Exception Occurred - See Response Body
[2024-12-10T04:59:59.546Z] Error writing to Modbus register: A Modbus Exception Occurred - See Response Body
[2024-12-10T05:00:00.552Z] Error reading or processing Modbus registers: A Modbus Exception Occurred - See Response Body
[2024-12-10T05:00:00.554Z] Error reading register 6507 for IP 10.30.4.128: A Modbus Exception Occurred - See Response Body
[2024-12-10T05:00:00.555Z] Error reading actual data: A Modbus Exception Occurred - See Response Body
[2024-12-10T05:00:00.555Z] Error writing to Modbus register: A Modbus Exception Occurred - See Response Body
[2024-12-10T05:00:01.566Z] Error reading or processing Modbus registers: A Modbus Exception Occurred - See Response Body
[2024-12-10T05:00:01.568Z] Error reading register 6507 for IP 10.30.4.128: A Modbus Exception Occurred - See Response Body
[2024-12-10T05:00:01.569Z] Error reading actual data: A Modbus Exception Occurred - See Response Body
[2024-12-10T05:00:01.569Z] Error writing to Modbus register: A Modbus Exception Occurred - See Response Body
[2024-12-10T05:00:02.569Z] Error reading or processing Modbus registers: A Modbus Exception Occurred - See Response Body
[2024-12-10T05:00:02.571Z] Error reading register 6507 for IP 10.30.4.128: A Modbus Exception Occurred - See Response Body
[2024-12-10T05:00:02.572Z] Error reading actual data: A Modbus Exception Occurred - See Response Body
[2024-12-10T05:00:02.573Z] Error writing to Modbus register: A Modbus Exception Occurred - See Response Body
[2024-12-10T05:00:03.581Z] Error reading or processing Modbus registers: A Modbus Exception Occurred - See Response Body
[2024-12-10T05:00:03.583Z] Error reading register 6507 for IP 10.30.4.128: A Modbus Exception Occurred - See Response Body
[2024-12-10T05:00:03.584Z] Error reading actual data: A Modbus Exception Occurred - See Response Body
[2024-12-10T05:00:03.584Z] Error writing to Modbus register: A Modbus Exception Occurred - See Response Body
[2024-12-10T05:00:04.583Z] Error reading or processing Modbus registers: A Modbus Exception Occurred - See Response Body
[2024-12-10T05:00:04.585Z] Error reading register 6507 for IP 10.30.4.128: A Modbus Exception Occurred - See Response Body
[2024-12-10T05:00:04.586Z] Error reading actual data: A Modbus Exception Occurred - See Response Body
[2024-12-10T05:00:04.586Z] Error writing to Modbus register: A Modbus Exception Occurred - See Response Body
[2024-12-10T05:00:05.588Z] Error reading or processing Modbus registers: A Modbus Exception Occurred - See Response Body
[2024-12-10T05:00:05.590Z] Error reading register 6507 for IP 10.30.4.128: A Modbus Exception Occurred - See Response Body
[2024-12-10T05:00:05.590Z] Error reading actual data: A Modbus Exception Occurred - See Response Body
[2024-12-10T05:00:05.591Z] Error writing to Modbus register: A Modbus Exception Occurred - See Response Body
[2024-12-10T05:00:06.601Z] Error reading or processing Modbus registers: A Modbus Exception Occurred - See Response Body
[2024-12-10T05:00:06.604Z] Error reading register 6507 for IP 10.30.4.128: A Modbus Exception Occurred - See Response Body
[2024-12-10T05:00:06.604Z] Error reading actual data: A Modbus Exception Occurred - See Response Body
[2024-12-10T05:00:06.605Z] Error writing to Modbus register: A Modbus Exception Occurred - See Response Body
[2024-12-10T05:00:07.602Z] Error reading or processing Modbus registers: A Modbus Exception Occurred - See Response Body
[2024-12-10T05:00:07.604Z] Error reading register 6507 for IP 10.30.4.128: A Modbus Exception Occurred - See Response Body
[2024-12-10T05:00:07.605Z] Error reading actual data: A Modbus Exception Occurred - See Response Body
[2024-12-10T05:00:07.606Z] Error writing to Modbus register: A Modbus Exception Occurred - See Response Body
[2024-12-10T05:00:08.615Z] Error reading or processing Modbus registers: A Modbus Exception Occurred - See Response Body
[2024-12-10T05:00:08.617Z] Error reading register 6507 for IP 10.30.4.128: A Modbus Exception Occurred - See Response Body
[2024-12-10T05:00:08.618Z] Error reading actual data: A Modbus Exception Occurred - See Response Body
[2024-12-10T05:00:08.618Z] Error writing to Modbus register: A Modbus Exception Occurred - See Response Body
[2024-12-10T05:00:09.629Z] Error reading or processing Modbus registers: A Modbus Exception Occurred - See Response Body
[2024-12-10T05:00:09.632Z] Error reading register 6507 for IP 10.30.4.128: A Modbus Exception Occurred - See Response Body
[2024-12-10T05:00:09.633Z] Error reading actual data: A Modbus Exception Occurred - See Response Body
[2024-12-10T05:00:09.633Z] Error writing to Modbus register: A Modbus Exception Occurred - See Response Body
[2024-12-10T05:00:10.643Z] Error reading or processing Modbus registers: A Modbus Exception Occurred - See Response Body
[2024-12-10T05:00:10.645Z] Error reading register 6507 for IP 10.30.4.128: A Modbus Exception Occurred - See Response Body
[2024-12-10T05:00:10.646Z] Error reading actual data: A Modbus Exception Occurred - See Response Body
[2024-12-10T05:00:10.647Z] Error writing to Modbus register: A Modbus Exception Occurred - See Response Body
[2024-12-10T05:00:11.645Z] Error reading or processing Modbus registers: A Modbus Exception Occurred - See Response Body
[2024-12-10T05:00:11.647Z] Error reading register 6507 for IP 10.30.4.128: A Modbus Exception Occurred - See Response Body
[2024-12-10T05:00:11.648Z] Error reading actual data: A Modbus Exception Occurred - See Response Body
[2024-12-10T05:00:11.649Z] Error writing to Modbus register: A Modbus Exception Occurred - See Response Body
[2024-12-10T05:00:12.656Z] Error reading or processing Modbus registers: A Modbus Exception Occurred - See Response Body
[2024-12-10T05:00:12.658Z] Error reading register 6507 for IP 10.30.4.128: A Modbus Exception Occurred - See Response Body
[2024-12-10T05:00:12.659Z] Error reading actual data: A Modbus Exception Occurred - See Response Body
[2024-12-10T05:00:12.660Z] Error writing to Modbus register: A Modbus Exception Occurred - See Response Body
[2024-12-10T05:00:13.657Z] Error reading or processing Modbus registers: A Modbus Exception Occurred - See Response Body
[2024-12-10T05:00:13.660Z] Error reading register 6507 for IP 10.30.4.128: A Modbus Exception Occurred - See Response Body
[2024-12-10T05:00:13.661Z] Error reading actual data: A Modbus Exception Occurred - See Response Body
[2024-12-10T05:00:13.661Z] Error writing to Modbus register: A Modbus Exception Occurred - See Response Body
[2024-12-10T05:00:14.658Z] Error reading or processing Modbus registers: A Modbus Exception Occurred - See Response Body
[2024-12-10T05:00:14.660Z] Error reading register 6507 for IP 10.30.4.128: A Modbus Exception Occurred - See Response Body
[2024-12-10T05:00:14.661Z] Error reading actual data: A Modbus Exception Occurred - See Response Body
[2024-12-10T05:00:14.662Z] Error writing to Modbus register: A Modbus Exception Occurred - See Response Body
[2024-12-10T05:00:15.672Z] Error reading or processing Modbus registers: A Modbus Exception Occurred - See Response Body
[2024-12-10T05:00:15.674Z] Error reading register 6507 for IP 10.30.4.128: A Modbus Exception Occurred - See Response Body
[2024-12-10T05:00:15.675Z] Error reading actual data: A Modbus Exception Occurred - See Response Body
[2024-12-10T05:00:15.676Z] Error writing to Modbus register: A Modbus Exception Occurred - See Response Body
[2024-12-10T05:00:16.687Z] Error reading or processing Modbus registers: A Modbus Exception Occurred - See Response Body
[2024-12-10T05:00:16.688Z] Error reading register 6507 for IP 10.30.4.128: A Modbus Exception Occurred - See Response Body
[2024-12-10T05:00:16.689Z] Error reading actual data: A Modbus Exception Occurred - See Response Body
[2024-12-10T05:00:16.689Z] Error writing to Modbus register: A Modbus Exception Occurred - See Response Body
[2024-12-10T05:00:17.691Z] Error reading or processing Modbus registers: A Modbus Exception Occurred - See Response Body
[2024-12-10T05:00:17.692Z] Error reading register 6507 for IP 10.30.4.128: A Modbus Exception Occurred - See Response Body
[2024-12-10T05:00:17.693Z] Error reading actual data: A Modbus Exception Occurred - See Response Body
[2024-12-10T05:00:17.693Z] Error writing to Modbus register: A Modbus Exception Occurred - See Response Body
[2024-12-10T05:00:18.692Z] Error reading or processing Modbus registers: A Modbus Exception Occurred - See Response Body
[2024-12-10T05:00:18.694Z] Error reading register 6507 for IP 10.30.4.128: A Modbus Exception Occurred - See Response Body
[2024-12-10T05:00:18.695Z] Error reading actual data: A Modbus Exception Occurred - See Response Body
[2024-12-10T05:00:18.696Z] Error writing to Modbus register: A Modbus Exception Occurred - See Response Body
[2024-12-10T05:00:19.694Z] Error reading or processing Modbus registers: A Modbus Exception Occurred - See Response Body
[2024-12-10T05:00:19.697Z] Error reading register 6507 for IP 10.30.4.128: A Modbus Exception Occurred - See Response Body
[2024-12-10T05:00:19.697Z] Error reading actual data: A Modbus Exception Occurred - See Response Body
[2024-12-10T05:00:19.698Z] Error writing to Modbus register: A Modbus Exception Occurred - See Response Body
[2024-12-10T05:00:20.697Z] Error reading or processing Modbus registers: A Modbus Exception Occurred - See Response Body
[2024-12-10T05:00:20.699Z] Error reading register 6507 for IP 10.30.4.128: A Modbus Exception Occurred - See Response Body
[2024-12-10T05:00:20.700Z] Error reading actual data: A Modbus Exception Occurred - See Response Body
[2024-12-10T05:00:20.700Z] Error writing to Modbus register: A Modbus Exception Occurred - See Response Body
[2024-12-10T05:00:21.698Z] Error reading or processing Modbus registers: A Modbus Exception Occurred - See Response Body
[2024-12-10T05:00:21.700Z] Error reading register 6507 for IP 10.30.4.128: A Modbus Exception Occurred - See Response Body
[2024-12-10T05:00:21.701Z] Error reading actual data: A Modbus Exception Occurred - See Response Body
[2024-12-10T05:00:21.701Z] Error writing to Modbus register: A Modbus Exception Occurred - See Response Body
[2024-12-10T05:00:22.713Z] Error reading or processing Modbus registers: A Modbus Exception Occurred - See Response Body
[2024-12-10T05:00:22.715Z] Error reading register 6507 for IP 10.30.4.128: A Modbus Exception Occurred - See Response Body
[2024-12-10T05:00:22.716Z] Error reading actual data: A Modbus Exception Occurred - See Response Body
[2024-12-10T05:00:22.716Z] Error writing to Modbus register: A Modbus Exception Occurred - See Response Body
[2024-12-10T05:00:23.718Z] Error reading or processing Modbus registers: A Modbus Exception Occurred - See Response Body
[2024-12-10T05:00:23.720Z] Error reading register 6507 for IP 10.30.4.128: A Modbus Exception Occurred - See Response Body
[2024-12-10T05:00:23.720Z] Error reading actual data: A Modbus Exception Occurred - See Response Body
[2024-12-10T05:00:23.721Z] Error writing to Modbus register: A Modbus Exception Occurred - See Response Body
[2024-12-10T05:00:24.738Z] Error reading or processing Modbus registers: A Modbus Exception Occurred - See Response Body
[2024-12-10T05:00:24.740Z] Error reading register 6507 for IP 10.30.4.128: A Modbus Exception Occurred - See Response Body
[2024-12-10T05:00:24.741Z] Error reading actual data: A Modbus Exception Occurred - See Response Body
[2024-12-10T05:00:24.741Z] Error writing to Modbus register: A Modbus Exception Occurred - See Response Body
[2024-12-10T05:00:25.747Z] Error reading or processing Modbus registers: A Modbus Exception Occurred - See Response Body
[2024-12-10T05:00:25.749Z] Error reading register 6507 for IP 10.30.4.128: A Modbus Exception Occurred - See Response Body
[2024-12-10T05:00:25.750Z] Error reading actual data: A Modbus Exception Occurred - See Response Body
[2024-12-10T05:00:25.750Z] Error writing to Modbus register: A Modbus Exception Occurred - See Response Body
[2024-12-10T05:00:26.750Z] Error reading or processing Modbus registers: A Modbus Exception Occurred - See Response Body
[2024-12-10T05:00:26.752Z] Error reading register 6507 for IP 10.30.4.128: A Modbus Exception Occurred - See Response Body
[2024-12-10T05:00:26.752Z] Error reading actual data: A Modbus Exception Occurred - See Response Body
[2024-12-10T05:00:26.753Z] Error writing to Modbus register: A Modbus Exception Occurred - See Response Body
[2024-12-10T05:00:27.764Z] Error reading or processing Modbus registers: A Modbus Exception Occurred - See Response Body
[2024-12-10T05:00:27.765Z] Error reading register 6507 for IP 10.30.4.128: A Modbus Exception Occurred - See Response Body
[2024-12-10T05:00:27.766Z] Error reading actual data: A Modbus Exception Occurred - See Response Body
[2024-12-10T05:00:27.766Z] Error writing to Modbus register: A Modbus Exception Occurred - See Response Body
[2024-12-10T05:00:28.775Z] Error reading or processing Modbus registers: A Modbus Exception Occurred - See Response Body
[2024-12-10T05:00:28.777Z] Error reading register 6507 for IP 10.30.4.128: A Modbus Exception Occurred - See Response Body
[2024-12-10T05:00:28.778Z] Error reading actual data: A Modbus Exception Occurred - See Response Body
[2024-12-10T05:00:28.779Z] Error writing to Modbus register: A Modbus Exception Occurred - See Response Body
[2024-12-10T05:00:29.775Z] Error reading or processing Modbus registers: A Modbus Exception Occurred - See Response Body
[2024-12-10T05:00:29.777Z] Error reading register 6507 for IP 10.30.4.128: A Modbus Exception Occurred - See Response Body
[2024-12-10T05:00:29.778Z] Error reading actual data: A Modbus Exception Occurred - See Response Body
[2024-12-10T05:00:29.778Z] Error writing to Modbus register: A Modbus Exception Occurred - See Response Body
[2024-12-10T05:00:30.790Z] Error reading or processing Modbus registers: A Modbus Exception Occurred - See Response Body
[2024-12-10T05:00:30.792Z] Error reading register 6507 for IP 10.30.4.128: A Modbus Exception Occurred - See Response Body
[2024-12-10T05:00:30.793Z] Error reading actual data: A Modbus Exception Occurred - See Response Body
[2024-12-10T05:00:30.794Z] Error writing to Modbus register: A Modbus Exception Occurred - See Response Body
[2024-12-10T05:00:31.792Z] Error reading or processing Modbus registers: A Modbus Exception Occurred - See Response Body
[2024-12-10T05:00:31.794Z] Error reading register 6507 for IP 10.30.4.128: A Modbus Exception Occurred - See Response Body
[2024-12-10T05:00:31.795Z] Error reading actual data: A Modbus Exception Occurred - See Response Body
[2024-12-10T05:00:31.795Z] Error writing to Modbus register: A Modbus Exception Occurred - See Response Body
[2024-12-10T05:00:32.805Z] Error reading or processing Modbus registers: A Modbus Exception Occurred - See Response Body
[2024-12-10T05:00:32.807Z] Error reading register 6507 for IP 10.30.4.128: A Modbus Exception Occurred - See Response Body
[2024-12-10T05:00:32.808Z] Error reading actual data: A Modbus Exception Occurred - See Response Body
[2024-12-10T05:00:32.809Z] Error writing to Modbus register: A Modbus Exception Occurred - See Response Body
[2024-12-10T05:00:33.808Z] Error reading or processing Modbus registers: A Modbus Exception Occurred - See Response Body
[2024-12-10T05:00:33.811Z] Error reading register 6507 for IP 10.30.4.128: A Modbus Exception Occurred - See Response Body
[2024-12-10T05:00:33.811Z] Error reading actual data: A Modbus Exception Occurred - See Response Body
[2024-12-10T05:00:33.812Z] Error writing to Modbus register: A Modbus Exception Occurred - See Response Body
[2024-12-10T05:00:34.809Z] Error reading or processing Modbus registers: A Modbus Exception Occurred - See Response Body
[2024-12-10T05:00:34.811Z] Error reading register 6507 for IP 10.30.4.128: A Modbus Exception Occurred - See Response Body
[2024-12-10T05:00:34.812Z] Error reading actual data: A Modbus Exception Occurred - See Response Body
[2024-12-10T05:00:34.812Z] Error writing to Modbus register: A Modbus Exception Occurred - See Response Body
[2024-12-10T05:00:35.823Z] Error reading or processing Modbus registers: A Modbus Exception Occurred - See Response Body
[2024-12-10T05:00:35.825Z] Error reading register 6507 for IP 10.30.4.128: A Modbus Exception Occurred - See Response Body
[2024-12-10T05:00:35.825Z] Error reading actual data: A Modbus Exception Occurred - See Response Body
[2024-12-10T05:00:35.826Z] Error writing to Modbus register: A Modbus Exception Occurred - See Response Body
[2024-12-10T05:00:36.835Z] Error reading or processing Modbus registers: A Modbus Exception Occurred - See Response Body
[2024-12-10T05:00:36.837Z] Error reading register 6507 for IP 10.30.4.128: A Modbus Exception Occurred - See Response Body
[2024-12-10T05:00:36.838Z] Error reading actual data: A Modbus Exception Occurred - See Response Body
[2024-12-10T05:00:36.838Z] Error writing to Modbus register: A Modbus Exception Occurred - See Response Body
[2024-12-10T05:00:37.851Z] Error reading or processing Modbus registers: A Modbus Exception Occurred - See Response Body
[2024-12-10T05:00:37.853Z] Error reading register 6507 for IP 10.30.4.128: A Modbus Exception Occurred - See Response Body
[2024-12-10T05:00:37.853Z] Error reading actual data: A Modbus Exception Occurred - See Response Body
[2024-12-10T05:00:37.854Z] Error writing to Modbus register: A Modbus Exception Occurred - See Response Body
[2024-12-10T05:00:38.865Z] Error reading or processing Modbus registers: A Modbus Exception Occurred - See Response Body
[2024-12-10T05:00:38.867Z] Error reading register 6507 for IP 10.30.4.128: A Modbus Exception Occurred - See Response Body
[2024-12-10T05:00:38.868Z] Error reading actual data: A Modbus Exception Occurred - See Response Body
[2024-12-10T05:00:38.868Z] Error writing to Modbus register: A Modbus Exception Occurred - See Response Body
[2024-12-10T05:00:39.871Z] Error reading or processing Modbus registers: A Modbus Exception Occurred - See Response Body
[2024-12-10T05:00:39.873Z] Error reading register 6507 for IP 10.30.4.128: A Modbus Exception Occurred - See Response Body
[2024-12-10T05:00:39.874Z] Error reading actual data: A Modbus Exception Occurred - See Response Body
[2024-12-10T05:00:39.874Z] Error writing to Modbus register: A Modbus Exception Occurred - See Response Body
[2024-12-10T05:00:40.879Z] Error reading or processing Modbus registers: A Modbus Exception Occurred - See Response Body
[2024-12-10T05:00:40.881Z] Error reading register 6507 for IP 10.30.4.128: A Modbus Exception Occurred - See Response Body
[2024-12-10T05:00:40.882Z] Error reading actual data: A Modbus Exception Occurred - See Response Body
[2024-12-10T05:00:40.882Z] Error writing to Modbus register: A Modbus Exception Occurred - See Response Body
[2024-12-10T05:00:41.880Z] Error reading or processing Modbus registers: A Modbus Exception Occurred - See Response Body
[2024-12-10T05:00:41.882Z] Error reading register 6507 for IP 10.30.4.128: A Modbus Exception Occurred - See Response Body
[2024-12-10T05:00:41.882Z] Error reading actual data: A Modbus Exception Occurred - See Response Body
[2024-12-10T05:00:41.883Z] Error writing to Modbus register: A Modbus Exception Occurred - See Response Body
[2024-12-10T05:00:42.880Z] Error reading or processing Modbus registers: A Modbus Exception Occurred - See Response Body
[2024-12-10T05:00:42.882Z] Error reading register 6507 for IP 10.30.4.128: A Modbus Exception Occurred - See Response Body
[2024-12-10T05:00:42.883Z] Error reading actual data: A Modbus Exception Occurred - See Response Body
[2024-12-10T05:00:42.883Z] Error writing to Modbus register: A Modbus Exception Occurred - See Response Body
[2024-12-10T05:00:43.894Z] Error reading or processing Modbus registers: A Modbus Exception Occurred - See Response Body
[2024-12-10T05:00:43.896Z] Error reading register 6507 for IP 10.30.4.128: A Modbus Exception Occurred - See Response Body
[2024-12-10T05:00:43.897Z] Error reading actual data: A Modbus Exception Occurred - See Response Body
[2024-12-10T05:00:43.898Z] Error writing to Modbus register: A Modbus Exception Occurred - See Response Body
[2024-12-10T05:00:44.895Z] Error reading or processing Modbus registers: A Modbus Exception Occurred - See Response Body
[2024-12-10T05:00:44.897Z] Error reading register 6507 for IP 10.30.4.128: A Modbus Exception Occurred - See Response Body
[2024-12-10T05:00:44.898Z] Error reading actual data: A Modbus Exception Occurred - See Response Body
[2024-12-10T05:00:44.899Z] Error writing to Modbus register: A Modbus Exception Occurred - See Response Body
[2024-12-10T05:00:45.909Z] Error reading or processing Modbus registers: A Modbus Exception Occurred - See Response Body
[2024-12-10T05:00:45.912Z] Error reading register 6507 for IP 10.30.4.128: A Modbus Exception Occurred - See Response Body
[2024-12-10T05:00:45.912Z] Error reading actual data: A Modbus Exception Occurred - See Response Body
[2024-12-10T05:00:45.914Z] Error writing to Modbus register: A Modbus Exception Occurred - See Response Body
[2024-12-10T05:00:46.921Z] Error reading or processing Modbus registers: A Modbus Exception Occurred - See Response Body
[2024-12-10T05:00:46.923Z] Error reading register 6507 for IP 10.30.4.128: A Modbus Exception Occurred - See Response Body
[2024-12-10T05:00:46.924Z] Error reading actual data: A Modbus Exception Occurred - See Response Body
[2024-12-10T05:00:46.924Z] Error writing to Modbus register: A Modbus Exception Occurred - See Response Body
[2024-12-10T05:00:47.924Z] Error reading or processing Modbus registers: A Modbus Exception Occurred - See Response Body
[2024-12-10T05:00:47.926Z] Error reading register 6507 for IP 10.30.4.128: A Modbus Exception Occurred - See Response Body
[2024-12-10T05:00:47.927Z] Error reading actual data: A Modbus Exception Occurred - See Response Body
[2024-12-10T05:00:47.927Z] Error writing to Modbus register: A Modbus Exception Occurred - See Response Body
[2024-12-10T05:00:48.929Z] Error reading or processing Modbus registers: A Modbus Exception Occurred - See Response Body
[2024-12-10T05:00:48.932Z] Error reading register 6507 for IP 10.30.4.128: A Modbus Exception Occurred - See Response Body
[2024-12-10T05:00:48.932Z] Error reading actual data: A Modbus Exception Occurred - See Response Body
[2024-12-10T05:00:48.933Z] Error writing to Modbus register: A Modbus Exception Occurred - See Response Body
[2024-12-10T05:00:49.933Z] Error reading or processing Modbus registers: A Modbus Exception Occurred - See Response Body
[2024-12-10T05:00:49.935Z] Error reading register 6507 for IP 10.30.4.128: A Modbus Exception Occurred - See Response Body
[2024-12-10T05:00:49.936Z] Error reading actual data: A Modbus Exception Occurred - See Response Body
[2024-12-10T05:00:49.936Z] Error writing to Modbus register: A Modbus Exception Occurred - See Response Body
[2024-12-10T05:00:50.945Z] Error reading or processing Modbus registers: A Modbus Exception Occurred - See Response Body
[2024-12-10T05:00:50.947Z] Error reading register 6507 for IP 10.30.4.128: A Modbus Exception Occurred - See Response Body
[2024-12-10T05:00:50.948Z] Error reading actual data: A Modbus Exception Occurred - See Response Body
[2024-12-10T05:00:50.949Z] Error writing to Modbus register: A Modbus Exception Occurred - See Response Body
[2024-12-10T05:00:51.954Z] Error reading or processing Modbus registers: A Modbus Exception Occurred - See Response Body
[2024-12-10T05:00:51.956Z] Error reading register 6507 for IP 10.30.4.128: A Modbus Exception Occurred - See Response Body
[2024-12-10T05:00:51.956Z] Error reading actual data: A Modbus Exception Occurred - See Response Body
[2024-12-10T05:00:51.957Z] Error writing to Modbus register: A Modbus Exception Occurred - See Response Body
[2024-12-10T05:00:52.957Z] Error reading or processing Modbus registers: A Modbus Exception Occurred - See Response Body
[2024-12-10T05:00:52.960Z] Error reading register 6507 for IP 10.30.4.128: A Modbus Exception Occurred - See Response Body
[2024-12-10T05:00:52.961Z] Error reading actual data: A Modbus Exception Occurred - See Response Body
[2024-12-10T05:00:52.961Z] Error writing to Modbus register: A Modbus Exception Occurred - See Response Body
[2024-12-10T05:00:53.958Z] Error reading or processing Modbus registers: A Modbus Exception Occurred - See Response Body
[2024-12-10T05:00:53.960Z] Error reading register 6507 for IP 10.30.4.128: A Modbus Exception Occurred - See Response Body
[2024-12-10T05:00:53.961Z] Error reading actual data: A Modbus Exception Occurred - See Response Body
[2024-12-10T05:00:53.962Z] Error writing to Modbus register: A Modbus Exception Occurred - See Response Body
[2024-12-10T05:00:54.962Z] Error reading or processing Modbus registers: A Modbus Exception Occurred - See Response Body
[2024-12-10T05:00:54.965Z] Error reading register 6507 for IP 10.30.4.128: A Modbus Exception Occurred - See Response Body
[2024-12-10T05:00:54.966Z] Error reading actual data: A Modbus Exception Occurred - See Response Body
[2024-12-10T05:00:54.966Z] Error writing to Modbus register: A Modbus Exception Occurred - See Response Body
[2024-12-10T05:00:55.977Z] Error reading or processing Modbus registers: A Modbus Exception Occurred - See Response Body
[2024-12-10T05:00:55.979Z] Error reading register 6507 for IP 10.30.4.128: A Modbus Exception Occurred - See Response Body
[2024-12-10T05:00:55.980Z] Error reading actual data: A Modbus Exception Occurred - See Response Body
[2024-12-10T05:00:55.981Z] Error writing to Modbus register: A Modbus Exception Occurred - See Response Body
[2024-12-10T05:00:56.979Z] Error reading or processing Modbus registers: A Modbus Exception Occurred - See Response Body
[2024-12-10T05:00:56.982Z] Error reading register 6507 for IP 10.30.4.128: A Modbus Exception Occurred - See Response Body
[2024-12-10T05:00:56.982Z] Error reading actual data: A Modbus Exception Occurred - See Response Body
[2024-12-10T05:00:56.983Z] Error writing to Modbus register: A Modbus Exception Occurred - See Response Body
[2024-12-10T05:00:57.995Z] Error reading or processing Modbus registers: A Modbus Exception Occurred - See Response Body
[2024-12-10T05:00:57.996Z] Error reading register 6507 for IP 10.30.4.128: A Modbus Exception Occurred - See Response Body
[2024-12-10T05:00:57.997Z] Error reading actual data: A Modbus Exception Occurred - See Response Body
[2024-12-10T05:00:57.997Z] Error writing to Modbus register: A Modbus Exception Occurred - See Response Body
[2024-12-10T05:00:59.007Z] Error reading or processing Modbus registers: A Modbus Exception Occurred - See Response Body
[2024-12-10T05:00:59.009Z] Error reading register 6507 for IP 10.30.4.128: A Modbus Exception Occurred - See Response Body
[2024-12-10T05:00:59.010Z] Error reading actual data: A Modbus Exception Occurred - See Response Body
[2024-12-10T05:00:59.010Z] Error writing to Modbus register: A Modbus Exception Occurred - See Response Body
[2024-12-10T05:01:00.009Z] Error reading or processing Modbus registers: A Modbus Exception Occurred - See Response Body
[2024-12-10T05:01:00.011Z] Error reading register 6507 for IP 10.30.4.128: A Modbus Exception Occurred - See Response Body
[2024-12-10T05:01:00.013Z] Error writing to Modbus register: A Modbus Exception Occurred - See Response Body
[2024-12-10T05:01:00.012Z] Error reading actual data: A Modbus Exception Occurred - See Response Body
[2024-12-10T05:01:01.011Z] Error reading or processing Modbus registers: A Modbus Exception Occurred - See Response Body
[2024-12-10T05:01:01.013Z] Error reading register 6507 for IP 10.30.4.128: A Modbus Exception Occurred - See Response Body
[2024-12-10T05:01:01.013Z] Error reading actual data: A Modbus Exception Occurred - See Response Body
[2024-12-10T05:01:01.014Z] Error writing to Modbus register: A Modbus Exception Occurred - See Response Body
[2024-12-10T05:01:02.011Z] Error reading or processing Modbus registers: A Modbus Exception Occurred - See Response Body
[2024-12-10T05:01:02.013Z] Error reading register 6507 for IP 10.30.4.128: A Modbus Exception Occurred - See Response Body
[2024-12-10T05:01:02.014Z] Error reading actual data: A Modbus Exception Occurred - See Response Body
[2024-12-10T05:01:02.014Z] Error writing to Modbus register: A Modbus Exception Occurred - See Response Body
[2024-12-10T05:01:03.025Z] Error reading or processing Modbus registers: A Modbus Exception Occurred - See Response Body
[2024-12-10T05:01:03.027Z] Error reading register 6507 for IP 10.30.4.128: A Modbus Exception Occurred - See Response Body
[2024-12-10T05:01:03.027Z] Error reading actual data: A Modbus Exception Occurred - See Response Body
[2024-12-10T05:01:03.028Z] Error writing to Modbus register: A Modbus Exception Occurred - See Response Body
[2024-12-10T05:01:04.038Z] Error reading or processing Modbus registers: A Modbus Exception Occurred - See Response Body
[2024-12-10T05:01:04.040Z] Error reading register 6507 for IP 10.30.4.128: A Modbus Exception Occurred - See Response Body
[2024-12-10T05:01:04.041Z] Error reading actual data: A Modbus Exception Occurred - See Response Body
[2024-12-10T05:01:04.041Z] Error writing to Modbus register: A Modbus Exception Occurred - See Response Body
[2024-12-10T05:01:05.040Z] Error reading or processing Modbus registers: A Modbus Exception Occurred - See Response Body
[2024-12-10T05:01:05.042Z] Error reading register 6507 for IP 10.30.4.128: A Modbus Exception Occurred - See Response Body
[2024-12-10T05:01:05.042Z] Error reading actual data: A Modbus Exception Occurred - See Response Body
[2024-12-10T05:01:05.043Z] Error writing to Modbus register: A Modbus Exception Occurred - See Response Body
[2024-12-10T05:01:06.040Z] Error reading or processing Modbus registers: A Modbus Exception Occurred - See Response Body
[2024-12-10T05:01:06.042Z] Error reading register 6507 for IP 10.30.4.128: A Modbus Exception Occurred - See Response Body
[2024-12-10T05:01:06.042Z] Error reading actual data: A Modbus Exception Occurred - See Response Body
[2024-12-10T05:01:06.043Z] Error writing to Modbus register: A Modbus Exception Occurred - See Response Body
[2024-12-10T05:01:07.055Z] Error reading or processing Modbus registers: A Modbus Exception Occurred - See Response Body
[2024-12-10T05:01:07.057Z] Error reading register 6507 for IP 10.30.4.128: A Modbus Exception Occurred - See Response Body
[2024-12-10T05:01:07.058Z] Error reading actual data: A Modbus Exception Occurred - See Response Body
[2024-12-10T05:01:07.058Z] Error writing to Modbus register: A Modbus Exception Occurred - See Response Body
[2024-12-10T05:01:08.059Z] Error reading or processing Modbus registers: A Modbus Exception Occurred - See Response Body
[2024-12-10T05:01:08.062Z] Error reading register 6507 for IP 10.30.4.128: A Modbus Exception Occurred - See Response Body
[2024-12-10T05:01:08.062Z] Error reading actual data: A Modbus Exception Occurred - See Response Body
[2024-12-10T05:01:08.063Z] Error writing to Modbus register: A Modbus Exception Occurred - See Response Body
[2024-12-10T05:01:09.072Z] Error reading or processing Modbus registers: A Modbus Exception Occurred - See Response Body
[2024-12-10T05:01:09.075Z] Error reading register 6507 for IP 10.30.4.128: A Modbus Exception Occurred - See Response Body
[2024-12-10T05:01:09.076Z] Error reading actual data: A Modbus Exception Occurred - See Response Body
[2024-12-10T05:01:09.076Z] Error writing to Modbus register: A Modbus Exception Occurred - See Response Body
[2024-12-10T05:01:10.086Z] Error reading or processing Modbus registers: A Modbus Exception Occurred - See Response Body
[2024-12-10T05:01:10.088Z] Error reading register 6507 for IP 10.30.4.128: A Modbus Exception Occurred - See Response Body
[2024-12-10T05:01:10.089Z] Error reading actual data: A Modbus Exception Occurred - See Response Body
[2024-12-10T05:01:10.090Z] Error writing to Modbus register: A Modbus Exception Occurred - See Response Body
[2024-12-10T05:01:11.087Z] Error reading or processing Modbus registers: A Modbus Exception Occurred - See Response Body
[2024-12-10T05:01:11.089Z] Error reading register 6507 for IP 10.30.4.128: A Modbus Exception Occurred - See Response Body
[2024-12-10T05:01:11.090Z] Error reading actual data: A Modbus Exception Occurred - See Response Body
[2024-12-10T05:01:11.091Z] Error writing to Modbus register: A Modbus Exception Occurred - See Response Body
[2024-12-10T05:01:12.101Z] Error reading or processing Modbus registers: A Modbus Exception Occurred - See Response Body
[2024-12-10T05:01:12.104Z] Error reading register 6507 for IP 10.30.4.128: A Modbus Exception Occurred - See Response Body
[2024-12-10T05:01:12.105Z] Error reading actual data: A Modbus Exception Occurred - See Response Body
[2024-12-10T05:01:12.105Z] Error writing to Modbus register: A Modbus Exception Occurred - See Response Body
[2024-12-10T05:01:13.110Z] Error reading or processing Modbus registers: A Modbus Exception Occurred - See Response Body
[2024-12-10T05:01:13.112Z] Error reading register 6507 for IP 10.30.4.128: A Modbus Exception Occurred - See Response Body
[2024-12-10T05:01:13.113Z] Error reading actual data: A Modbus Exception Occurred - See Response Body
[2024-12-10T05:01:13.114Z] Error writing to Modbus register: A Modbus Exception Occurred - See Response Body
[2024-12-10T05:01:14.122Z] Error reading or processing Modbus registers: A Modbus Exception Occurred - See Response Body
[2024-12-10T05:01:14.125Z] Error reading register 6507 for IP 10.30.4.128: A Modbus Exception Occurred - See Response Body
[2024-12-10T05:01:14.125Z] Error reading actual data: A Modbus Exception Occurred - See Response Body
[2024-12-10T05:01:14.126Z] Error writing to Modbus register: A Modbus Exception Occurred - See Response Body
[2024-12-10T05:01:15.133Z] Error reading or processing Modbus registers: A Modbus Exception Occurred - See Response Body
[2024-12-10T05:01:15.135Z] Error reading register 6507 for IP 10.30.4.128: A Modbus Exception Occurred - See Response Body
[2024-12-10T05:01:15.136Z] Error reading actual data: A Modbus Exception Occurred - See Response Body
[2024-12-10T05:01:15.137Z] Error writing to Modbus register: A Modbus Exception Occurred - See Response Body
[2024-12-10T05:01:16.146Z] Error reading or processing Modbus registers: A Modbus Exception Occurred - See Response Body
[2024-12-10T05:01:16.148Z] Error reading register 6507 for IP 10.30.4.128: A Modbus Exception Occurred - See Response Body
[2024-12-10T05:01:16.149Z] Error reading actual data: A Modbus Exception Occurred - See Response Body
[2024-12-10T05:01:16.149Z] Error writing to Modbus register: A Modbus Exception Occurred - See Response Body
[2024-12-10T05:01:17.153Z] Error reading or processing Modbus registers: A Modbus Exception Occurred - See Response Body
[2024-12-10T05:01:17.156Z] Error reading register 6507 for IP 10.30.4.128: A Modbus Exception Occurred - See Response Body
[2024-12-10T05:01:17.157Z] Error reading actual data: A Modbus Exception Occurred - See Response Body
[2024-12-10T05:01:17.157Z] Error writing to Modbus register: A Modbus Exception Occurred - See Response Body
[2024-12-10T05:01:18.161Z] Error reading or processing Modbus registers: A Modbus Exception Occurred - See Response Body
[2024-12-10T05:01:18.163Z] Error reading register 6507 for IP 10.30.4.128: A Modbus Exception Occurred - See Response Body
[2024-12-10T05:01:18.164Z] Error reading actual data: A Modbus Exception Occurred - See Response Body
[2024-12-10T05:01:18.165Z] Error writing to Modbus register: A Modbus Exception Occurred - See Response Body
[2024-12-10T05:01:19.176Z] Error reading or processing Modbus registers: A Modbus Exception Occurred - See Response Body
[2024-12-10T05:01:19.178Z] Error reading register 6507 for IP 10.30.4.128: A Modbus Exception Occurred - See Response Body
[2024-12-10T05:01:19.179Z] Error reading actual data: A Modbus Exception Occurred - See Response Body
[2024-12-10T05:01:19.179Z] Error writing to Modbus register: A Modbus Exception Occurred - See Response Body
[2024-12-10T05:01:20.186Z] Error reading or processing Modbus registers: A Modbus Exception Occurred - See Response Body
[2024-12-10T05:01:20.188Z] Error reading register 6507 for IP 10.30.4.128: A Modbus Exception Occurred - See Response Body
[2024-12-10T05:01:20.189Z] Error reading actual data: A Modbus Exception Occurred - See Response Body
[2024-12-10T05:01:20.190Z] Error writing to Modbus register: A Modbus Exception Occurred - See Response Body
[2024-12-10T05:01:21.199Z] Error reading or processing Modbus registers: A Modbus Exception Occurred - See Response Body
[2024-12-10T05:01:21.201Z] Error reading register 6507 for IP 10.30.4.128: A Modbus Exception Occurred - See Response Body
[2024-12-10T05:01:21.202Z] Error reading actual data: A Modbus Exception Occurred - See Response Body
[2024-12-10T05:01:21.203Z] Error writing to Modbus register: A Modbus Exception Occurred - See Response Body
[2024-12-10T05:01:22.211Z] Error reading or processing Modbus registers: A Modbus Exception Occurred - See Response Body
[2024-12-10T05:01:22.214Z] Error reading register 6507 for IP 10.30.4.128: A Modbus Exception Occurred - See Response Body
[2024-12-10T05:01:22.214Z] Error reading actual data: A Modbus Exception Occurred - See Response Body
[2024-12-10T05:01:22.215Z] Error writing to Modbus register: A Modbus Exception Occurred - See Response Body
[2024-12-10T05:01:23.223Z] Error reading or processing Modbus registers: A Modbus Exception Occurred - See Response Body
[2024-12-10T05:01:23.225Z] Error reading register 6507 for IP 10.30.4.128: A Modbus Exception Occurred - See Response Body
[2024-12-10T05:01:23.226Z] Error reading actual data: A Modbus Exception Occurred - See Response Body
[2024-12-10T05:01:23.226Z] Error writing to Modbus register: A Modbus Exception Occurred - See Response Body
[2024-12-10T05:01:24.237Z] Error reading or processing Modbus registers: A Modbus Exception Occurred - See Response Body
[2024-12-10T05:01:24.239Z] Error reading register 6507 for IP 10.30.4.128: A Modbus Exception Occurred - See Response Body
[2024-12-10T05:01:24.240Z] Error reading actual data: A Modbus Exception Occurred - See Response Body
[2024-12-10T05:01:24.240Z] Error writing to Modbus register: A Modbus Exception Occurred - See Response Body
[2024-12-10T05:01:25.240Z] Error reading or processing Modbus registers: A Modbus Exception Occurred - See Response Body
[2024-12-10T05:01:25.242Z] Error reading register 6507 for IP 10.30.4.128: A Modbus Exception Occurred - See Response Body
[2024-12-10T05:01:25.243Z] Error reading actual data: A Modbus Exception Occurred - See Response Body
[2024-12-10T05:01:25.243Z] Error writing to Modbus register: A Modbus Exception Occurred - See Response Body
[2024-12-10T05:01:26.253Z] Error reading or processing Modbus registers: A Modbus Exception Occurred - See Response Body
[2024-12-10T05:01:26.255Z] Error reading register 6507 for IP 10.30.4.128: A Modbus Exception Occurred - See Response Body
[2024-12-10T05:01:26.256Z] Error reading actual data: A Modbus Exception Occurred - See Response Body
[2024-12-10T05:01:26.257Z] Error writing to Modbus register: A Modbus Exception Occurred - See Response Body
[2024-12-10T05:01:27.265Z] Error reading or processing Modbus registers: A Modbus Exception Occurred - See Response Body
[2024-12-10T05:01:27.269Z] Error reading register 6507 for IP 10.30.4.128: A Modbus Exception Occurred - See Response Body
[2024-12-10T05:01:27.270Z] Error reading actual data: A Modbus Exception Occurred - See Response Body
[2024-12-10T05:01:27.270Z] Error writing to Modbus register: A Modbus Exception Occurred - See Response Body
[2024-12-10T05:01:28.278Z] Error reading or processing Modbus registers: A Modbus Exception Occurred - See Response Body
[2024-12-10T05:01:28.280Z] Error reading register 6507 for IP 10.30.4.128: A Modbus Exception Occurred - See Response Body
[2024-12-10T05:01:28.280Z] Error reading actual data: A Modbus Exception Occurred - See Response Body
[2024-12-10T05:01:28.281Z] Error writing to Modbus register: A Modbus Exception Occurred - See Response Body
[2024-12-10T05:01:29.289Z] Error reading or processing Modbus registers: A Modbus Exception Occurred - See Response Body
[2024-12-10T05:01:29.291Z] Error reading register 6507 for IP 10.30.4.128: A Modbus Exception Occurred - See Response Body
[2024-12-10T05:01:29.291Z] Error reading actual data: A Modbus Exception Occurred - See Response Body
[2024-12-10T05:01:29.292Z] Error writing to Modbus register: A Modbus Exception Occurred - See Response Body
[2024-12-10T05:01:30.302Z] Error reading or processing Modbus registers: A Modbus Exception Occurred - See Response Body
[2024-12-10T05:01:30.304Z] Error reading register 6507 for IP 10.30.4.128: A Modbus Exception Occurred - See Response Body
[2024-12-10T05:01:30.305Z] Error reading actual data: A Modbus Exception Occurred - See Response Body
[2024-12-10T05:01:30.305Z] Error writing to Modbus register: A Modbus Exception Occurred - See Response Body
[2024-12-10T05:01:31.290Z] Error reading or processing Modbus registers: A Modbus Exception Occurred - See Response Body
[2024-12-10T05:01:31.291Z] Error reading register 6507 for IP 10.30.4.128: A Modbus Exception Occurred - See Response Body
[2024-12-10T05:01:31.292Z] Error reading actual data: A Modbus Exception Occurred - See Response Body
[2024-12-10T05:01:31.292Z] Error writing to Modbus register: A Modbus Exception Occurred - See Response Body
[2024-12-10T05:01:32.295Z] Error reading or processing Modbus registers: A Modbus Exception Occurred - See Response Body
[2024-12-10T05:01:32.297Z] Error reading register 6507 for IP 10.30.4.128: A Modbus Exception Occurred - See Response Body
[2024-12-10T05:01:32.297Z] Error reading actual data: A Modbus Exception Occurred - See Response Body
[2024-12-10T05:01:32.298Z] Error writing to Modbus register: A Modbus Exception Occurred - See Response Body
[2024-12-10T05:01:33.309Z] Error reading or processing Modbus registers: A Modbus Exception Occurred - See Response Body
[2024-12-10T05:01:33.311Z] Error reading register 6507 for IP 10.30.4.128: A Modbus Exception Occurred - See Response Body
[2024-12-10T05:01:33.312Z] Error reading actual data: A Modbus Exception Occurred - See Response Body
[2024-12-10T05:01:33.313Z] Error writing to Modbus register: A Modbus Exception Occurred - See Response Body
[2024-12-10T05:01:34.322Z] Error reading or processing Modbus registers: A Modbus Exception Occurred - See Response Body
[2024-12-10T05:01:34.324Z] Error reading register 6507 for IP 10.30.4.128: A Modbus Exception Occurred - See Response Body
[2024-12-10T05:01:34.325Z] Error reading actual data: A Modbus Exception Occurred - See Response Body
[2024-12-10T05:01:34.326Z] Error writing to Modbus register: A Modbus Exception Occurred - See Response Body
[2024-12-10T05:01:35.334Z] Error reading or processing Modbus registers: A Modbus Exception Occurred - See Response Body
[2024-12-10T05:01:35.336Z] Error reading register 6507 for IP 10.30.4.128: A Modbus Exception Occurred - See Response Body
[2024-12-10T05:01:35.337Z] Error reading actual data: A Modbus Exception Occurred - See Response Body
[2024-12-10T05:01:35.338Z] Error writing to Modbus register: A Modbus Exception Occurred - See Response Body
[2024-12-10T05:01:36.347Z] Error reading or processing Modbus registers: A Modbus Exception Occurred - See Response Body
[2024-12-10T05:01:36.349Z] Error reading register 6507 for IP 10.30.4.128: A Modbus Exception Occurred - See Response Body
[2024-12-10T05:01:36.350Z] Error reading actual data: A Modbus Exception Occurred - See Response Body
[2024-12-10T05:01:36.350Z] Error writing to Modbus register: A Modbus Exception Occurred - See Response Body
[2024-12-10T05:01:37.360Z] Error reading or processing Modbus registers: A Modbus Exception Occurred - See Response Body
[2024-12-10T05:01:37.363Z] Error reading register 6507 for IP 10.30.4.128: A Modbus Exception Occurred - See Response Body
[2024-12-10T05:01:37.363Z] Error reading actual data: A Modbus Exception Occurred - See Response Body
[2024-12-10T05:01:37.364Z] Error writing to Modbus register: A Modbus Exception Occurred - See Response Body
[2024-12-10T05:01:38.375Z] Error reading or processing Modbus registers: A Modbus Exception Occurred - See Response Body
[2024-12-10T05:01:38.377Z] Error reading register 6507 for IP 10.30.4.128: A Modbus Exception Occurred - See Response Body
[2024-12-10T05:01:38.378Z] Error reading actual data: A Modbus Exception Occurred - See Response Body
[2024-12-10T05:01:38.378Z] Error writing to Modbus register: A Modbus Exception Occurred - See Response Body
[2024-12-10T05:01:39.376Z] Error reading or processing Modbus registers: A Modbus Exception Occurred - See Response Body
[2024-12-10T05:01:39.379Z] Error reading register 6507 for IP 10.30.4.128: A Modbus Exception Occurred - See Response Body
[2024-12-10T05:01:39.379Z] Error reading actual data: A Modbus Exception Occurred - See Response Body
[2024-12-10T05:01:39.380Z] Error writing to Modbus register: A Modbus Exception Occurred - See Response Body
[2024-12-10T05:01:40.379Z] Error reading or processing Modbus registers: A Modbus Exception Occurred - See Response Body
[2024-12-10T05:01:40.381Z] Error reading register 6507 for IP 10.30.4.128: A Modbus Exception Occurred - See Response Body
[2024-12-10T05:01:40.382Z] Error reading actual data: A Modbus Exception Occurred - See Response Body
[2024-12-10T05:01:40.382Z] Error writing to Modbus register: A Modbus Exception Occurred - See Response Body
[2024-12-10T05:01:41.392Z] Error reading or processing Modbus registers: A Modbus Exception Occurred - See Response Body
[2024-12-10T05:01:41.394Z] Error reading register 6507 for IP 10.30.4.128: A Modbus Exception Occurred - See Response Body
[2024-12-10T05:01:41.395Z] Error reading actual data: A Modbus Exception Occurred - See Response Body
[2024-12-10T05:01:41.395Z] Error writing to Modbus register: A Modbus Exception Occurred - See Response Body
[2024-12-10T05:01:42.406Z] Error reading or processing Modbus registers: A Modbus Exception Occurred - See Response Body
[2024-12-10T05:01:42.408Z] Error reading register 6507 for IP 10.30.4.128: A Modbus Exception Occurred - See Response Body
[2024-12-10T05:01:42.410Z] Error reading actual data: A Modbus Exception Occurred - See Response Body
[2024-12-10T05:01:42.410Z] Error writing to Modbus register: A Modbus Exception Occurred - See Response Body
[2024-12-10T05:01:43.405Z] Error reading or processing Modbus registers: A Modbus Exception Occurred - See Response Body
[2024-12-10T05:01:43.407Z] Error reading register 6507 for IP 10.30.4.128: A Modbus Exception Occurred - See Response Body
[2024-12-10T05:01:43.408Z] Error reading actual data: A Modbus Exception Occurred - See Response Body
[2024-12-10T05:01:43.409Z] Error writing to Modbus register: A Modbus Exception Occurred - See Response Body
[2024-12-10T05:01:44.420Z] Error reading or processing Modbus registers: A Modbus Exception Occurred - See Response Body
[2024-12-10T05:01:44.422Z] Error reading register 6507 for IP 10.30.4.128: A Modbus Exception Occurred - See Response Body
[2024-12-10T05:01:44.423Z] Error reading actual data: A Modbus Exception Occurred - See Response Body
[2024-12-10T05:01:44.423Z] Error writing to Modbus register: A Modbus Exception Occurred - See Response Body
[2024-12-10T05:01:45.434Z] Error reading or processing Modbus registers: A Modbus Exception Occurred - See Response Body
[2024-12-10T05:01:45.437Z] Error reading register 6507 for IP 10.30.4.128: A Modbus Exception Occurred - See Response Body
[2024-12-10T05:01:45.437Z] Error reading actual data: A Modbus Exception Occurred - See Response Body
[2024-12-10T05:01:45.438Z] Error writing to Modbus register: A Modbus Exception Occurred - See Response Body
[2024-12-10T05:01:46.437Z] Error reading or processing Modbus registers: A Modbus Exception Occurred - See Response Body
[2024-12-10T05:01:46.440Z] Error reading register 6507 for IP 10.30.4.128: A Modbus Exception Occurred - See Response Body
[2024-12-10T05:01:46.441Z] Error reading actual data: A Modbus Exception Occurred - See Response Body
[2024-12-10T05:01:46.441Z] Error writing to Modbus register: A Modbus Exception Occurred - See Response Body
[2024-12-10T05:01:47.451Z] Error reading or processing Modbus registers: A Modbus Exception Occurred - See Response Body
[2024-12-10T05:01:47.453Z] Error reading register 6507 for IP 10.30.4.128: A Modbus Exception Occurred - See Response Body
[2024-12-10T05:01:47.454Z] Error reading actual data: A Modbus Exception Occurred - See Response Body
[2024-12-10T05:01:47.454Z] Error writing to Modbus register: A Modbus Exception Occurred - See Response Body
[2024-12-10T05:01:48.462Z] Error reading or processing Modbus registers: A Modbus Exception Occurred - See Response Body
[2024-12-10T05:01:48.464Z] Error reading register 6507 for IP 10.30.4.128: A Modbus Exception Occurred - See Response Body
[2024-12-10T05:01:48.465Z] Error reading actual data: A Modbus Exception Occurred - See Response Body
[2024-12-10T05:01:48.465Z] Error writing to Modbus register: A Modbus Exception Occurred - See Response Body
[2024-12-10T05:01:49.462Z] Error reading or processing Modbus registers: A Modbus Exception Occurred - See Response Body
[2024-12-10T05:01:49.464Z] Error reading register 6507 for IP 10.30.4.128: A Modbus Exception Occurred - See Response Body
[2024-12-10T05:01:49.465Z] Error reading actual data: A Modbus Exception Occurred - See Response Body
[2024-12-10T05:01:49.465Z] Error writing to Modbus register: A Modbus Exception Occurred - See Response Body
[2024-12-10T05:01:50.462Z] Error reading or processing Modbus registers: A Modbus Exception Occurred - See Response Body
[2024-12-10T05:01:50.464Z] Error reading register 6507 for IP 10.30.4.128: A Modbus Exception Occurred - See Response Body
[2024-12-10T05:01:50.465Z] Error reading actual data: A Modbus Exception Occurred - See Response Body
[2024-12-10T05:01:50.465Z] Error writing to Modbus register: A Modbus Exception Occurred - See Response Body
[2024-12-10T05:01:51.462Z] Error reading or processing Modbus registers: A Modbus Exception Occurred - See Response Body
[2024-12-10T05:01:51.464Z] Error reading register 6507 for IP 10.30.4.128: A Modbus Exception Occurred - See Response Body
[2024-12-10T05:01:51.464Z] Error reading actual data: A Modbus Exception Occurred - See Response Body
[2024-12-10T05:01:51.465Z] Error writing to Modbus register: A Modbus Exception Occurred - See Response Body
[2024-12-10T05:01:52.463Z] Error reading or processing Modbus registers: A Modbus Exception Occurred - See Response Body
[2024-12-10T05:01:52.464Z] Error reading register 6507 for IP 10.30.4.128: A Modbus Exception Occurred - See Response Body
[2024-12-10T05:01:52.465Z] Error reading actual data: A Modbus Exception Occurred - See Response Body
[2024-12-10T05:01:52.465Z] Error writing to Modbus register: A Modbus Exception Occurred - See Response Body
[2024-12-10T05:01:53.477Z] Error reading or processing Modbus registers: A Modbus Exception Occurred - See Response Body
[2024-12-10T05:01:53.479Z] Error reading register 6507 for IP 10.30.4.128: A Modbus Exception Occurred - See Response Body
[2024-12-10T05:01:53.479Z] Error reading actual data: A Modbus Exception Occurred - See Response Body
[2024-12-10T05:01:53.479Z] Error writing to Modbus register: A Modbus Exception Occurred - See Response Body
[2024-12-10T05:01:54.489Z] Error reading or processing Modbus registers: A Modbus Exception Occurred - See Response Body
[2024-12-10T05:01:54.492Z] Error reading register 6507 for IP 10.30.4.128: A Modbus Exception Occurred - See Response Body
[2024-12-10T05:01:54.492Z] Error reading actual data: A Modbus Exception Occurred - See Response Body
[2024-12-10T05:01:54.493Z] Error writing to Modbus register: A Modbus Exception Occurred - See Response Body
[2024-12-10T05:01:55.490Z] Error reading or processing Modbus registers: A Modbus Exception Occurred - See Response Body
[2024-12-10T05:01:55.492Z] Error reading register 6507 for IP 10.30.4.128: A Modbus Exception Occurred - See Response Body
[2024-12-10T05:01:55.493Z] Error reading actual data: A Modbus Exception Occurred - See Response Body
[2024-12-10T05:01:55.493Z] Error writing to Modbus register: A Modbus Exception Occurred - See Response Body
[2024-12-10T05:01:56.505Z] Error reading or processing Modbus registers: A Modbus Exception Occurred - See Response Body
[2024-12-10T05:01:56.507Z] Error reading register 6507 for IP 10.30.4.128: A Modbus Exception Occurred - See Response Body
[2024-12-10T05:01:56.508Z] Error reading actual data: A Modbus Exception Occurred - See Response Body
[2024-12-10T05:01:56.508Z] Error writing to Modbus register: A Modbus Exception Occurred - See Response Body
[2024-12-10T05:01:57.520Z] Error reading or processing Modbus registers: A Modbus Exception Occurred - See Response Body
[2024-12-10T05:01:57.522Z] Error reading register 6507 for IP 10.30.4.128: A Modbus Exception Occurred - See Response Body
[2024-12-10T05:01:57.523Z] Error reading actual data: A Modbus Exception Occurred - See Response Body
[2024-12-10T05:01:57.523Z] Error writing to Modbus register: A Modbus Exception Occurred - See Response Body
[2024-12-10T05:01:58.532Z] Error reading or processing Modbus registers: A Modbus Exception Occurred - See Response Body
[2024-12-10T05:01:58.535Z] Error reading register 6507 for IP 10.30.4.128: A Modbus Exception Occurred - See Response Body
[2024-12-10T05:01:58.536Z] Error reading actual data: A Modbus Exception Occurred - See Response Body
[2024-12-10T05:01:58.537Z] Error writing to Modbus register: A Modbus Exception Occurred - See Response Body
[2024-12-10T05:01:59.534Z] Error reading or processing Modbus registers: A Modbus Exception Occurred - See Response Body
[2024-12-10T05:01:59.536Z] Error reading register 6507 for IP 10.30.4.128: A Modbus Exception Occurred - See Response Body
[2024-12-10T05:01:59.537Z] Error reading actual data: A Modbus Exception Occurred - See Response Body
[2024-12-10T05:01:59.538Z] Error writing to Modbus register: A Modbus Exception Occurred - See Response Body
[2024-12-10T05:02:00.545Z] Error reading or processing Modbus registers: A Modbus Exception Occurred - See Response Body
[2024-12-10T05:02:00.547Z] Error reading register 6507 for IP 10.30.4.128: A Modbus Exception Occurred - See Response Body
[2024-12-10T05:02:00.548Z] Error reading actual data: A Modbus Exception Occurred - See Response Body
[2024-12-10T05:02:00.548Z] Error writing to Modbus register: A Modbus Exception Occurred - See Response Body
[2024-12-10T05:02:01.558Z] Error reading or processing Modbus registers: A Modbus Exception Occurred - See Response Body
[2024-12-10T05:02:01.560Z] Error reading register 6507 for IP 10.30.4.128: A Modbus Exception Occurred - See Response Body
[2024-12-10T05:02:01.561Z] Error reading actual data: A Modbus Exception Occurred - See Response Body
[2024-12-10T05:02:01.561Z] Error writing to Modbus register: A Modbus Exception Occurred - See Response Body
[2024-12-10T05:02:02.572Z] Error reading or processing Modbus registers: A Modbus Exception Occurred - See Response Body
[2024-12-10T05:02:02.574Z] Error reading register 6507 for IP 10.30.4.128: A Modbus Exception Occurred - See Response Body
[2024-12-10T05:02:02.575Z] Error reading actual data: A Modbus Exception Occurred - See Response Body
[2024-12-10T05:02:02.576Z] Error writing to Modbus register: A Modbus Exception Occurred - See Response Body
[2024-12-10T05:02:03.586Z] Error reading or processing Modbus registers: A Modbus Exception Occurred - See Response Body
[2024-12-10T05:02:03.588Z] Error reading register 6507 for IP 10.30.4.128: A Modbus Exception Occurred - See Response Body
[2024-12-10T05:02:03.589Z] Error reading actual data: A Modbus Exception Occurred - See Response Body
[2024-12-10T05:02:03.589Z] Error writing to Modbus register: A Modbus Exception Occurred - See Response Body
[2024-12-10T05:02:04.601Z] Error reading or processing Modbus registers: A Modbus Exception Occurred - See Response Body
[2024-12-10T05:02:04.602Z] Error reading register 6507 for IP 10.30.4.128: A Modbus Exception Occurred - See Response Body
[2024-12-10T05:02:04.603Z] Error reading actual data: A Modbus Exception Occurred - See Response Body
[2024-12-10T05:02:04.604Z] Error writing to Modbus register: A Modbus Exception Occurred - See Response Body
[2024-12-10T05:02:05.607Z] Error reading or processing Modbus registers: A Modbus Exception Occurred - See Response Body
[2024-12-10T05:02:05.609Z] Error reading register 6507 for IP 10.30.4.128: A Modbus Exception Occurred - See Response Body
[2024-12-10T05:02:05.610Z] Error reading actual data: A Modbus Exception Occurred - See Response Body
[2024-12-10T05:02:05.611Z] Error writing to Modbus register: A Modbus Exception Occurred - See Response Body
[2024-12-10T05:02:06.621Z] Error reading or processing Modbus registers: A Modbus Exception Occurred - See Response Body
[2024-12-10T05:02:06.623Z] Error reading register 6507 for IP 10.30.4.128: A Modbus Exception Occurred - See Response Body
[2024-12-10T05:02:06.624Z] Error reading actual data: A Modbus Exception Occurred - See Response Body
[2024-12-10T05:02:06.624Z] Error writing to Modbus register: A Modbus Exception Occurred - See Response Body
[2024-12-10T05:02:07.635Z] Error reading or processing Modbus registers: A Modbus Exception Occurred - See Response Body
[2024-12-10T05:02:07.637Z] Error reading register 6507 for IP 10.30.4.128: A Modbus Exception Occurred - See Response Body
[2024-12-10T05:02:07.638Z] Error reading actual data: A Modbus Exception Occurred - See Response Body
[2024-12-10T05:02:07.638Z] Error writing to Modbus register: A Modbus Exception Occurred - See Response Body
[2024-12-10T05:02:08.649Z] Error reading or processing Modbus registers: A Modbus Exception Occurred - See Response Body
[2024-12-10T05:02:08.651Z] Error reading register 6507 for IP 10.30.4.128: A Modbus Exception Occurred - See Response Body
[2024-12-10T05:02:08.651Z] Error reading actual data: A Modbus Exception Occurred - See Response Body
[2024-12-10T05:02:08.652Z] Error writing to Modbus register: A Modbus Exception Occurred - See Response Body
[2024-12-10T05:02:09.662Z] Error reading or processing Modbus registers: A Modbus Exception Occurred - See Response Body
[2024-12-10T05:02:09.664Z] Error reading register 6507 for IP 10.30.4.128: A Modbus Exception Occurred - See Response Body
[2024-12-10T05:02:09.664Z] Error reading actual data: A Modbus Exception Occurred - See Response Body
[2024-12-10T05:02:09.665Z] Error writing to Modbus register: A Modbus Exception Occurred - See Response Body
[2024-12-10T05:02:10.677Z] Error reading or processing Modbus registers: A Modbus Exception Occurred - See Response Body
[2024-12-10T05:02:10.678Z] Error reading register 6507 for IP 10.30.4.128: A Modbus Exception Occurred - See Response Body
[2024-12-10T05:02:10.679Z] Error reading actual data: A Modbus Exception Occurred - See Response Body
[2024-12-10T05:02:10.680Z] Error writing to Modbus register: A Modbus Exception Occurred - See Response Body
[2024-12-10T05:02:11.678Z] Error reading or processing Modbus registers: A Modbus Exception Occurred - See Response Body
[2024-12-10T05:02:11.681Z] Error reading register 6507 for IP 10.30.4.128: A Modbus Exception Occurred - See Response Body
[2024-12-10T05:02:11.681Z] Error reading actual data: A Modbus Exception Occurred - See Response Body
[2024-12-10T05:02:11.682Z] Error writing to Modbus register: A Modbus Exception Occurred - See Response Body
[2024-12-10T05:02:12.692Z] Error reading or processing Modbus registers: A Modbus Exception Occurred - See Response Body
[2024-12-10T05:02:12.695Z] Error reading register 6507 for IP 10.30.4.128: A Modbus Exception Occurred - See Response Body
[2024-12-10T05:02:12.695Z] Error reading actual data: A Modbus Exception Occurred - See Response Body
[2024-12-10T05:02:12.696Z] Error writing to Modbus register: A Modbus Exception Occurred - See Response Body
[2024-12-10T05:02:13.707Z] Error reading or processing Modbus registers: A Modbus Exception Occurred - See Response Body
[2024-12-10T05:02:13.710Z] Error reading register 6507 for IP 10.30.4.128: A Modbus Exception Occurred - See Response Body
[2024-12-10T05:02:13.710Z] Error reading actual data: A Modbus Exception Occurred - See Response Body
[2024-12-10T05:02:13.711Z] Error writing to Modbus register: A Modbus Exception Occurred - See Response Body
[2024-12-10T05:02:14.721Z] Error reading or processing Modbus registers: A Modbus Exception Occurred - See Response Body
[2024-12-10T05:02:14.724Z] Error reading register 6507 for IP 10.30.4.128: A Modbus Exception Occurred - See Response Body
[2024-12-10T05:02:14.725Z] Error reading actual data: A Modbus Exception Occurred - See Response Body
[2024-12-10T05:02:14.725Z] Error writing to Modbus register: A Modbus Exception Occurred - See Response Body
[2024-12-10T05:02:15.735Z] Error reading or processing Modbus registers: A Modbus Exception Occurred - See Response Body
[2024-12-10T05:02:15.738Z] Error reading register 6507 for IP 10.30.4.128: A Modbus Exception Occurred - See Response Body
[2024-12-10T05:02:15.738Z] Error reading actual data: A Modbus Exception Occurred - See Response Body
[2024-12-10T05:02:15.739Z] Error writing to Modbus register: A Modbus Exception Occurred - See Response Body
[2024-12-10T05:02:16.738Z] Error reading or processing Modbus registers: A Modbus Exception Occurred - See Response Body
[2024-12-10T05:02:16.740Z] Error reading register 6507 for IP 10.30.4.128: A Modbus Exception Occurred - See Response Body
[2024-12-10T05:02:16.741Z] Error reading actual data: A Modbus Exception Occurred - See Response Body
[2024-12-10T05:02:16.741Z] Error writing to Modbus register: A Modbus Exception Occurred - See Response Body
[2024-12-10T05:02:17.739Z] Error reading or processing Modbus registers: A Modbus Exception Occurred - See Response Body
[2024-12-10T05:02:17.741Z] Error reading register 6507 for IP 10.30.4.128: A Modbus Exception Occurred - See Response Body
[2024-12-10T05:02:17.742Z] Error reading actual data: A Modbus Exception Occurred - See Response Body
[2024-12-10T05:02:17.742Z] Error writing to Modbus register: A Modbus Exception Occurred - See Response Body
[2024-12-10T05:02:18.742Z] Error reading or processing Modbus registers: A Modbus Exception Occurred - See Response Body
[2024-12-10T05:02:18.744Z] Error reading register 6507 for IP 10.30.4.128: A Modbus Exception Occurred - See Response Body
[2024-12-10T05:02:18.745Z] Error reading actual data: A Modbus Exception Occurred - See Response Body
[2024-12-10T05:02:18.745Z] Error writing to Modbus register: A Modbus Exception Occurred - See Response Body
[2024-12-10T05:02:19.744Z] Error reading or processing Modbus registers: A Modbus Exception Occurred - See Response Body
[2024-12-10T05:02:19.746Z] Error reading register 6507 for IP 10.30.4.128: A Modbus Exception Occurred - See Response Body
[2024-12-10T05:02:19.747Z] Error reading actual data: A Modbus Exception Occurred - See Response Body
[2024-12-10T05:02:19.748Z] Error writing to Modbus register: A Modbus Exception Occurred - See Response Body
[2024-12-10T05:02:20.748Z] Error reading or processing Modbus registers: A Modbus Exception Occurred - See Response Body
[2024-12-10T05:02:20.750Z] Error reading register 6507 for IP 10.30.4.128: A Modbus Exception Occurred - See Response Body
[2024-12-10T05:02:20.751Z] Error reading actual data: A Modbus Exception Occurred - See Response Body
[2024-12-10T05:02:20.752Z] Error writing to Modbus register: A Modbus Exception Occurred - See Response Body
[2024-12-10T05:02:21.751Z] Error reading or processing Modbus registers: A Modbus Exception Occurred - See Response Body
[2024-12-10T05:02:21.754Z] Error reading register 6507 for IP 10.30.4.128: A Modbus Exception Occurred - See Response Body
[2024-12-10T05:02:21.755Z] Error reading actual data: A Modbus Exception Occurred - See Response Body
[2024-12-10T05:02:21.755Z] Error writing to Modbus register: A Modbus Exception Occurred - See Response Body
[2024-12-10T05:02:22.752Z] Error reading or processing Modbus registers: A Modbus Exception Occurred - See Response Body
[2024-12-10T05:02:22.755Z] Error reading register 6507 for IP 10.30.4.128: A Modbus Exception Occurred - See Response Body
[2024-12-10T05:02:22.755Z] Error reading actual data: A Modbus Exception Occurred - See Response Body
[2024-12-10T05:02:22.756Z] Error writing to Modbus register: A Modbus Exception Occurred - See Response Body
[2024-12-10T05:02:23.767Z] Error reading or processing Modbus registers: A Modbus Exception Occurred - See Response Body
[2024-12-10T05:02:23.771Z] Error reading register 6507 for IP 10.30.4.128: A Modbus Exception Occurred - See Response Body
[2024-12-10T05:02:23.771Z] Error reading actual data: A Modbus Exception Occurred - See Response Body
[2024-12-10T05:02:23.772Z] Error writing to Modbus register: A Modbus Exception Occurred - See Response Body
[2024-12-10T05:02:24.781Z] Error reading or processing Modbus registers: A Modbus Exception Occurred - See Response Body
[2024-12-10T05:02:24.784Z] Error reading register 6507 for IP 10.30.4.128: A Modbus Exception Occurred - See Response Body
[2024-12-10T05:02:24.785Z] Error reading actual data: A Modbus Exception Occurred - See Response Body
[2024-12-10T05:02:24.785Z] Error writing to Modbus register: A Modbus Exception Occurred - See Response Body
[2024-12-10T05:02:25.780Z] Error reading or processing Modbus registers: A Modbus Exception Occurred - See Response Body
[2024-12-10T05:02:25.784Z] Error reading register 6507 for IP 10.30.4.128: A Modbus Exception Occurred - See Response Body
[2024-12-10T05:02:25.785Z] Error reading actual data: A Modbus Exception Occurred - See Response Body
[2024-12-10T05:02:25.786Z] Error writing to Modbus register: A Modbus Exception Occurred - See Response Body
[2024-12-10T05:02:26.794Z] Error reading or processing Modbus registers: A Modbus Exception Occurred - See Response Body
[2024-12-10T05:02:26.796Z] Error reading register 6507 for IP 10.30.4.128: A Modbus Exception Occurred - See Response Body
[2024-12-10T05:02:26.797Z] Error reading actual data: A Modbus Exception Occurred - See Response Body
[2024-12-10T05:02:26.797Z] Error writing to Modbus register: A Modbus Exception Occurred - See Response Body
[2024-12-10T05:02:27.793Z] Error reading or processing Modbus registers: A Modbus Exception Occurred - See Response Body
[2024-12-10T05:02:27.795Z] Error reading register 6507 for IP 10.30.4.128: A Modbus Exception Occurred - See Response Body
[2024-12-10T05:02:27.796Z] Error reading actual data: A Modbus Exception Occurred - See Response Body
[2024-12-10T05:02:27.796Z] Error writing to Modbus register: A Modbus Exception Occurred - See Response Body
[2024-12-10T05:02:28.797Z] Error reading or processing Modbus registers: A Modbus Exception Occurred - See Response Body
[2024-12-10T05:02:28.799Z] Error reading register 6507 for IP 10.30.4.128: A Modbus Exception Occurred - See Response Body
[2024-12-10T05:02:28.799Z] Error reading actual data: A Modbus Exception Occurred - See Response Body
[2024-12-10T05:02:28.800Z] Error writing to Modbus register: A Modbus Exception Occurred - See Response Body
[2024-12-10T05:02:29.811Z] Error reading or processing Modbus registers: A Modbus Exception Occurred - See Response Body
[2024-12-10T05:02:29.813Z] Error reading register 6507 for IP 10.30.4.128: A Modbus Exception Occurred - See Response Body
[2024-12-10T05:02:29.813Z] Error reading actual data: A Modbus Exception Occurred - See Response Body
[2024-12-10T05:02:29.814Z] Error writing to Modbus register: A Modbus Exception Occurred - See Response Body
[2024-12-10T05:02:30.814Z] Error reading or processing Modbus registers: A Modbus Exception Occurred - See Response Body
[2024-12-10T05:02:30.816Z] Error reading register 6507 for IP 10.30.4.128: A Modbus Exception Occurred - See Response Body
[2024-12-10T05:02:30.817Z] Error reading actual data: A Modbus Exception Occurred - See Response Body
[2024-12-10T05:02:30.818Z] Error writing to Modbus register: A Modbus Exception Occurred - See Response Body
[2024-12-10T05:02:31.829Z] Error reading or processing Modbus registers: A Modbus Exception Occurred - See Response Body
[2024-12-10T05:02:31.832Z] Error reading register 6507 for IP 10.30.4.128: A Modbus Exception Occurred - See Response Body
[2024-12-10T05:02:31.832Z] Error reading actual data: A Modbus Exception Occurred - See Response Body
[2024-12-10T05:02:31.833Z] Error writing to Modbus register: A Modbus Exception Occurred - See Response Body
[2024-12-10T05:02:32.833Z] Error reading or processing Modbus registers: A Modbus Exception Occurred - See Response Body
[2024-12-10T05:02:32.835Z] Error reading register 6507 for IP 10.30.4.128: A Modbus Exception Occurred - See Response Body
[2024-12-10T05:02:32.836Z] Error reading actual data: A Modbus Exception Occurred - See Response Body
[2024-12-10T05:02:32.836Z] Error writing to Modbus register: A Modbus Exception Occurred - See Response Body
[2024-12-10T05:02:33.833Z] Error reading or processing Modbus registers: A Modbus Exception Occurred - See Response Body
[2024-12-10T05:02:33.834Z] Error reading register 6507 for IP 10.30.4.128: A Modbus Exception Occurred - See Response Body
[2024-12-10T05:02:33.835Z] Error reading actual data: A Modbus Exception Occurred - See Response Body
[2024-12-10T05:02:33.835Z] Error writing to Modbus register: A Modbus Exception Occurred - See Response Body
[2024-12-10T05:02:34.846Z] Error reading or processing Modbus registers: A Modbus Exception Occurred - See Response Body
[2024-12-10T05:02:34.849Z] Error reading register 6507 for IP 10.30.4.128: A Modbus Exception Occurred - See Response Body
[2024-12-10T05:02:34.850Z] Error reading actual data: A Modbus Exception Occurred - See Response Body
[2024-12-10T05:02:34.851Z] Error writing to Modbus register: A Modbus Exception Occurred - See Response Body
[2024-12-10T05:02:35.862Z] Error reading or processing Modbus registers: A Modbus Exception Occurred - See Response Body
[2024-12-10T05:02:35.864Z] Error reading register 6507 for IP 10.30.4.128: A Modbus Exception Occurred - See Response Body
[2024-12-10T05:02:35.865Z] Error reading actual data: A Modbus Exception Occurred - See Response Body
[2024-12-10T05:02:35.866Z] Error writing to Modbus register: A Modbus Exception Occurred - See Response Body
[2024-12-10T05:02:36.877Z] Error reading or processing Modbus registers: A Modbus Exception Occurred - See Response Body
[2024-12-10T05:02:36.879Z] Error reading register 6507 for IP 10.30.4.128: A Modbus Exception Occurred - See Response Body
[2024-12-10T05:02:36.880Z] Error reading actual data: A Modbus Exception Occurred - See Response Body
[2024-12-10T05:02:36.880Z] Error writing to Modbus register: A Modbus Exception Occurred - See Response Body
[2024-12-10T05:02:37.890Z] Error reading or processing Modbus registers: A Modbus Exception Occurred - See Response Body
[2024-12-10T05:02:37.892Z] Error reading register 6507 for IP 10.30.4.128: A Modbus Exception Occurred - See Response Body
[2024-12-10T05:02:37.893Z] Error reading actual data: A Modbus Exception Occurred - See Response Body
[2024-12-10T05:02:37.894Z] Error writing to Modbus register: A Modbus Exception Occurred - See Response Body
[2024-12-10T05:02:38.892Z] Error reading or processing Modbus registers: A Modbus Exception Occurred - See Response Body
[2024-12-10T05:02:38.895Z] Error reading register 6507 for IP 10.30.4.128: A Modbus Exception Occurred - See Response Body
[2024-12-10T05:02:38.896Z] Error reading actual data: A Modbus Exception Occurred - See Response Body
[2024-12-10T05:02:38.897Z] Error writing to Modbus register: A Modbus Exception Occurred - See Response Body
[2024-12-10T05:02:39.907Z] Error reading or processing Modbus registers: A Modbus Exception Occurred - See Response Body
[2024-12-10T05:02:39.909Z] Error reading register 6507 for IP 10.30.4.128: A Modbus Exception Occurred - See Response Body
[2024-12-10T05:02:39.910Z] Error reading actual data: A Modbus Exception Occurred - See Response Body
[2024-12-10T05:02:39.910Z] Error writing to Modbus register: A Modbus Exception Occurred - See Response Body
[2024-12-10T05:02:40.907Z] Error reading or processing Modbus registers: A Modbus Exception Occurred - See Response Body
[2024-12-10T05:02:40.909Z] Error reading register 6507 for IP 10.30.4.128: A Modbus Exception Occurred - See Response Body
[2024-12-10T05:02:40.910Z] Error reading actual data: A Modbus Exception Occurred - See Response Body
[2024-12-10T05:02:40.911Z] Error writing to Modbus register: A Modbus Exception Occurred - See Response Body
[2024-12-10T05:02:41.908Z] Error reading or processing Modbus registers: A Modbus Exception Occurred - See Response Body
[2024-12-10T05:02:41.911Z] Error reading register 6507 for IP 10.30.4.128: A Modbus Exception Occurred - See Response Body
[2024-12-10T05:02:41.912Z] Error reading actual data: A Modbus Exception Occurred - See Response Body
[2024-12-10T05:02:41.912Z] Error writing to Modbus register: A Modbus Exception Occurred - See Response Body
[2024-12-10T05:02:42.922Z] Error reading or processing Modbus registers: A Modbus Exception Occurred - See Response Body
[2024-12-10T05:02:42.924Z] Error reading register 6507 for IP 10.30.4.128: A Modbus Exception Occurred - See Response Body
[2024-12-10T05:02:42.924Z] Error reading actual data: A Modbus Exception Occurred - See Response Body
[2024-12-10T05:02:42.925Z] Error writing to Modbus register: A Modbus Exception Occurred - See Response Body
[2024-12-10T05:02:43.933Z] Error reading or processing Modbus registers: A Modbus Exception Occurred - See Response Body
[2024-12-10T05:02:43.935Z] Error reading register 6507 for IP 10.30.4.128: A Modbus Exception Occurred - See Response Body
[2024-12-10T05:02:43.936Z] Error reading actual data: A Modbus Exception Occurred - See Response Body
[2024-12-10T05:02:43.937Z] Error writing to Modbus register: A Modbus Exception Occurred - See Response Body
[2024-12-10T05:02:44.947Z] Error reading or processing Modbus registers: A Modbus Exception Occurred - See Response Body
[2024-12-10T05:02:44.950Z] Error reading register 6507 for IP 10.30.4.128: A Modbus Exception Occurred - See Response Body
[2024-12-10T05:02:44.950Z] Error reading actual data: A Modbus Exception Occurred - See Response Body
[2024-12-10T05:02:44.951Z] Error writing to Modbus register: A Modbus Exception Occurred - See Response Body
[2024-12-10T05:02:45.951Z] Error reading or processing Modbus registers: A Modbus Exception Occurred - See Response Body
[2024-12-10T05:02:45.952Z] Error reading register 6507 for IP 10.30.4.128: A Modbus Exception Occurred - See Response Body
[2024-12-10T05:02:45.953Z] Error reading actual data: A Modbus Exception Occurred - See Response Body
[2024-12-10T05:02:45.953Z] Error writing to Modbus register: A Modbus Exception Occurred - See Response Body
[2024-12-10T05:02:46.963Z] Error reading or processing Modbus registers: A Modbus Exception Occurred - See Response Body
[2024-12-10T05:02:46.965Z] Error reading register 6507 for IP 10.30.4.128: A Modbus Exception Occurred - See Response Body
[2024-12-10T05:02:46.966Z] Error reading actual data: A Modbus Exception Occurred - See Response Body
[2024-12-10T05:02:46.966Z] Error writing to Modbus register: A Modbus Exception Occurred - See Response Body
[2024-12-10T05:02:47.977Z] Error reading or processing Modbus registers: A Modbus Exception Occurred - See Response Body
[2024-12-10T05:02:47.981Z] Error reading register 6507 for IP 10.30.4.128: A Modbus Exception Occurred - See Response Body
[2024-12-10T05:02:47.982Z] Error reading actual data: A Modbus Exception Occurred - See Response Body
[2024-12-10T05:02:47.983Z] Error writing to Modbus register: A Modbus Exception Occurred - See Response Body
[2024-12-10T05:02:48.979Z] Error reading or processing Modbus registers: A Modbus Exception Occurred - See Response Body
[2024-12-10T05:02:48.982Z] Error reading register 6507 for IP 10.30.4.128: A Modbus Exception Occurred - See Response Body
[2024-12-10T05:02:48.983Z] Error reading actual data: A Modbus Exception Occurred - See Response Body
[2024-12-10T05:02:48.984Z] Error writing to Modbus register: A Modbus Exception Occurred - See Response Body
[2024-12-10T05:02:49.979Z] Error reading or processing Modbus registers: A Modbus Exception Occurred - See Response Body
[2024-12-10T05:02:49.981Z] Error reading register 6507 for IP 10.30.4.128: A Modbus Exception Occurred - See Response Body
[2024-12-10T05:02:49.982Z] Error reading actual data: A Modbus Exception Occurred - See Response Body
[2024-12-10T05:02:49.984Z] Error writing to Modbus register: A Modbus Exception Occurred - See Response Body
[2024-12-10T05:02:50.993Z] Error reading or processing Modbus registers: A Modbus Exception Occurred - See Response Body
[2024-12-10T05:02:50.995Z] Error reading register 6507 for IP 10.30.4.128: A Modbus Exception Occurred - See Response Body
[2024-12-10T05:02:50.996Z] Error reading actual data: A Modbus Exception Occurred - See Response Body
[2024-12-10T05:02:50.996Z] Error writing to Modbus register: A Modbus Exception Occurred - See Response Body
[2024-12-10T05:02:51.999Z] Error reading or processing Modbus registers: A Modbus Exception Occurred - See Response Body
[2024-12-10T05:02:52.002Z] Error reading register 6507 for IP 10.30.4.128: A Modbus Exception Occurred - See Response Body
[2024-12-10T05:02:52.002Z] Error reading actual data: A Modbus Exception Occurred - See Response Body
[2024-12-10T05:02:52.003Z] Error writing to Modbus register: A Modbus Exception Occurred - See Response Body
[2024-12-10T05:02:52.999Z] Error reading or processing Modbus registers: A Modbus Exception Occurred - See Response Body
[2024-12-10T05:02:53.001Z] Error reading register 6507 for IP 10.30.4.128: A Modbus Exception Occurred - See Response Body
[2024-12-10T05:02:53.001Z] Error reading actual data: A Modbus Exception Occurred - See Response Body
[2024-12-10T05:02:53.002Z] Error writing to Modbus register: A Modbus Exception Occurred - See Response Body
[2024-12-10T05:02:54.000Z] Error reading or processing Modbus registers: A Modbus Exception Occurred - See Response Body
[2024-12-10T05:02:54.002Z] Error reading register 6507 for IP 10.30.4.128: A Modbus Exception Occurred - See Response Body
[2024-12-10T05:02:54.003Z] Error reading actual data: A Modbus Exception Occurred - See Response Body
[2024-12-10T05:02:54.003Z] Error writing to Modbus register: A Modbus Exception Occurred - See Response Body
[2024-12-10T05:02:55.004Z] Error reading or processing Modbus registers: A Modbus Exception Occurred - See Response Body
[2024-12-10T05:02:55.006Z] Error reading register 6507 for IP 10.30.4.128: A Modbus Exception Occurred - See Response Body
[2024-12-10T05:02:55.007Z] Error reading actual data: A Modbus Exception Occurred - See Response Body
[2024-12-10T05:02:55.007Z] Error writing to Modbus register: A Modbus Exception Occurred - See Response Body
[2024-12-10T05:02:56.018Z] Error reading or processing Modbus registers: A Modbus Exception Occurred - See Response Body
[2024-12-10T05:02:56.021Z] Error reading register 6507 for IP 10.30.4.128: A Modbus Exception Occurred - See Response Body
[2024-12-10T05:02:56.022Z] Error reading actual data: A Modbus Exception Occurred - See Response Body
[2024-12-10T05:02:56.022Z] Error writing to Modbus register: A Modbus Exception Occurred - See Response Body
[2024-12-10T05:02:57.019Z] Error reading or processing Modbus registers: A Modbus Exception Occurred - See Response Body
[2024-12-10T05:02:57.022Z] Error reading register 6507 for IP 10.30.4.128: A Modbus Exception Occurred - See Response Body
[2024-12-10T05:02:57.022Z] Error reading actual data: A Modbus Exception Occurred - See Response Body
[2024-12-10T05:02:57.023Z] Error writing to Modbus register: A Modbus Exception Occurred - See Response Body
[2024-12-10T05:02:58.033Z] Error reading or processing Modbus registers: A Modbus Exception Occurred - See Response Body
[2024-12-10T05:02:58.036Z] Error reading register 6507 for IP 10.30.4.128: A Modbus Exception Occurred - See Response Body
[2024-12-10T05:02:58.036Z] Error reading actual data: A Modbus Exception Occurred - See Response Body
[2024-12-10T05:02:58.037Z] Error writing to Modbus register: A Modbus Exception Occurred - See Response Body
[2024-12-10T05:02:59.045Z] Error reading or processing Modbus registers: A Modbus Exception Occurred - See Response Body
[2024-12-10T05:02:59.048Z] Error reading register 6507 for IP 10.30.4.128: A Modbus Exception Occurred - See Response Body
[2024-12-10T05:02:59.048Z] Error reading actual data: A Modbus Exception Occurred - See Response Body
[2024-12-10T05:02:59.049Z] Error writing to Modbus register: A Modbus Exception Occurred - See Response Body
[2024-12-10T05:03:00.061Z] Error reading or processing Modbus registers: A Modbus Exception Occurred - See Response Body
[2024-12-10T05:03:00.064Z] Error reading register 6507 for IP 10.30.4.128: A Modbus Exception Occurred - See Response Body
[2024-12-10T05:03:00.065Z] Error reading actual data: A Modbus Exception Occurred - See Response Body
[2024-12-10T05:03:00.066Z] Error writing to Modbus register: A Modbus Exception Occurred - See Response Body
[2024-12-10T05:03:01.062Z] Error reading or processing Modbus registers: A Modbus Exception Occurred - See Response Body
[2024-12-10T05:03:01.064Z] Error reading register 6507 for IP 10.30.4.128: A Modbus Exception Occurred - See Response Body
[2024-12-10T05:03:01.065Z] Error reading actual data: A Modbus Exception Occurred - See Response Body
[2024-12-10T05:03:01.066Z] Error writing to Modbus register: A Modbus Exception Occurred - See Response Body
[2024-12-10T05:03:02.076Z] Error reading or processing Modbus registers: A Modbus Exception Occurred - See Response Body
[2024-12-10T05:03:02.078Z] Error reading register 6507 for IP 10.30.4.128: A Modbus Exception Occurred - See Response Body
[2024-12-10T05:03:02.079Z] Error reading actual data: A Modbus Exception Occurred - See Response Body
[2024-12-10T05:03:02.080Z] Error writing to Modbus register: A Modbus Exception Occurred - See Response Body
[2024-12-10T05:03:03.090Z] Error reading or processing Modbus registers: A Modbus Exception Occurred - See Response Body
[2024-12-10T05:03:03.092Z] Error reading register 6507 for IP 10.30.4.128: A Modbus Exception Occurred - See Response Body
[2024-12-10T05:03:03.092Z] Error reading actual data: A Modbus Exception Occurred - See Response Body
[2024-12-10T05:03:03.093Z] Error writing to Modbus register: A Modbus Exception Occurred - See Response Body
[2024-12-10T05:03:04.091Z] Error reading or processing Modbus registers: A Modbus Exception Occurred - See Response Body
[2024-12-10T05:03:04.093Z] Error reading register 6507 for IP 10.30.4.128: A Modbus Exception Occurred - See Response Body
[2024-12-10T05:03:04.094Z] Error reading actual data: A Modbus Exception Occurred - See Response Body
[2024-12-10T05:03:04.094Z] Error writing to Modbus register: A Modbus Exception Occurred - See Response Body
[2024-12-10T05:03:05.105Z] Error reading or processing Modbus registers: A Modbus Exception Occurred - See Response Body
[2024-12-10T05:03:05.107Z] Error reading register 6507 for IP 10.30.4.128: A Modbus Exception Occurred - See Response Body
[2024-12-10T05:03:05.108Z] Error reading actual data: A Modbus Exception Occurred - See Response Body
[2024-12-10T05:03:05.108Z] Error writing to Modbus register: A Modbus Exception Occurred - See Response Body
[2024-12-10T05:03:06.106Z] Error reading or processing Modbus registers: A Modbus Exception Occurred - See Response Body
[2024-12-10T05:03:06.108Z] Error reading register 6507 for IP 10.30.4.128: A Modbus Exception Occurred - See Response Body
[2024-12-10T05:03:06.109Z] Error reading actual data: A Modbus Exception Occurred - See Response Body
[2024-12-10T05:03:06.110Z] Error writing to Modbus register: A Modbus Exception Occurred - See Response Body
[2024-12-10T05:03:07.111Z] Error reading or processing Modbus registers: A Modbus Exception Occurred - See Response Body
[2024-12-10T05:03:07.113Z] Error reading register 6507 for IP 10.30.4.128: A Modbus Exception Occurred - See Response Body
[2024-12-10T05:03:07.113Z] Error reading actual data: A Modbus Exception Occurred - See Response Body
[2024-12-10T05:03:07.114Z] Error writing to Modbus register: A Modbus Exception Occurred - See Response Body
[2024-12-10T05:03:08.113Z] Error reading or processing Modbus registers: A Modbus Exception Occurred - See Response Body
[2024-12-10T05:03:08.115Z] Error reading register 6507 for IP 10.30.4.128: A Modbus Exception Occurred - See Response Body
[2024-12-10T05:03:08.116Z] Error reading actual data: A Modbus Exception Occurred - See Response Body
[2024-12-10T05:03:08.116Z] Error writing to Modbus register: A Modbus Exception Occurred - See Response Body
[2024-12-10T05:03:09.125Z] Error reading or processing Modbus registers: A Modbus Exception Occurred - See Response Body
[2024-12-10T05:03:09.127Z] Error reading register 6507 for IP 10.30.4.128: A Modbus Exception Occurred - See Response Body
[2024-12-10T05:03:09.127Z] Error reading actual data: A Modbus Exception Occurred - See Response Body
[2024-12-10T05:03:09.128Z] Error writing to Modbus register: A Modbus Exception Occurred - See Response Body
[2024-12-10T05:03:10.140Z] Error reading or processing Modbus registers: A Modbus Exception Occurred - See Response Body
[2024-12-10T05:03:10.142Z] Error reading register 6507 for IP 10.30.4.128: A Modbus Exception Occurred - See Response Body
[2024-12-10T05:03:10.142Z] Error reading actual data: A Modbus Exception Occurred - See Response Body
[2024-12-10T05:03:10.143Z] Error writing to Modbus register: A Modbus Exception Occurred - See Response Body
[2024-12-10T05:03:11.151Z] Error reading or processing Modbus registers: A Modbus Exception Occurred - See Response Body
[2024-12-10T05:03:11.153Z] Error reading register 6507 for IP 10.30.4.128: A Modbus Exception Occurred - See Response Body
[2024-12-10T05:03:11.153Z] Error reading actual data: A Modbus Exception Occurred - See Response Body
[2024-12-10T05:03:11.154Z] Error writing to Modbus register: A Modbus Exception Occurred - See Response Body
[2024-12-10T05:03:12.164Z] Error reading or processing Modbus registers: A Modbus Exception Occurred - See Response Body
[2024-12-10T05:03:12.166Z] Error reading register 6507 for IP 10.30.4.128: A Modbus Exception Occurred - See Response Body
[2024-12-10T05:03:12.167Z] Error reading actual data: A Modbus Exception Occurred - See Response Body
[2024-12-10T05:03:12.169Z] Error writing to Modbus register: A Modbus Exception Occurred - See Response Body
[2024-12-10T05:03:13.165Z] Error reading or processing Modbus registers: A Modbus Exception Occurred - See Response Body
[2024-12-10T05:03:13.169Z] Error reading register 6507 for IP 10.30.4.128: A Modbus Exception Occurred - See Response Body
[2024-12-10T05:03:13.169Z] Error reading actual data: A Modbus Exception Occurred - See Response Body
[2024-12-10T05:03:13.170Z] Error writing to Modbus register: A Modbus Exception Occurred - See Response Body
[2024-12-10T05:03:14.178Z] Error reading or processing Modbus registers: A Modbus Exception Occurred - See Response Body
[2024-12-10T05:03:14.180Z] Error reading register 6507 for IP 10.30.4.128: A Modbus Exception Occurred - See Response Body
[2024-12-10T05:03:14.180Z] Error reading actual data: A Modbus Exception Occurred - See Response Body
[2024-12-10T05:03:14.181Z] Error writing to Modbus register: A Modbus Exception Occurred - See Response Body
[2024-12-10T05:03:15.191Z] Error reading or processing Modbus registers: A Modbus Exception Occurred - See Response Body
[2024-12-10T05:03:15.192Z] Error reading register 6507 for IP 10.30.4.128: A Modbus Exception Occurred - See Response Body
[2024-12-10T05:03:15.193Z] Error reading actual data: A Modbus Exception Occurred - See Response Body
[2024-12-10T05:03:15.193Z] Error writing to Modbus register: A Modbus Exception Occurred - See Response Body
[2024-12-10T05:03:16.204Z] Error reading or processing Modbus registers: A Modbus Exception Occurred - See Response Body
[2024-12-10T05:03:16.206Z] Error reading register 6507 for IP 10.30.4.128: A Modbus Exception Occurred - See Response Body
[2024-12-10T05:03:16.207Z] Error reading actual data: A Modbus Exception Occurred - See Response Body
[2024-12-10T05:03:16.207Z] Error writing to Modbus register: A Modbus Exception Occurred - See Response Body
[2024-12-10T05:03:17.217Z] Error reading or processing Modbus registers: A Modbus Exception Occurred - See Response Body
[2024-12-10T05:03:17.219Z] Error reading register 6507 for IP 10.30.4.128: A Modbus Exception Occurred - See Response Body
[2024-12-10T05:03:17.219Z] Error reading actual data: A Modbus Exception Occurred - See Response Body
[2024-12-10T05:03:17.220Z] Error writing to Modbus register: A Modbus Exception Occurred - See Response Body
[2024-12-10T05:03:18.230Z] Error reading or processing Modbus registers: A Modbus Exception Occurred - See Response Body
[2024-12-10T05:03:18.233Z] Error reading register 6507 for IP 10.30.4.128: A Modbus Exception Occurred - See Response Body
[2024-12-10T05:03:18.233Z] Error reading actual data: A Modbus Exception Occurred - See Response Body
[2024-12-10T05:03:18.234Z] Error writing to Modbus register: A Modbus Exception Occurred - See Response Body
[2024-12-10T05:03:19.244Z] Error reading or processing Modbus registers: A Modbus Exception Occurred - See Response Body
[2024-12-10T05:03:19.247Z] Error reading register 6507 for IP 10.30.4.128: A Modbus Exception Occurred - See Response Body
[2024-12-10T05:03:19.247Z] Error reading actual data: A Modbus Exception Occurred - See Response Body
[2024-12-10T05:03:19.248Z] Error writing to Modbus register: A Modbus Exception Occurred - See Response Body
[2024-12-10T05:03:20.256Z] Error reading or processing Modbus registers: A Modbus Exception Occurred - See Response Body
[2024-12-10T05:03:20.258Z] Error reading register 6507 for IP 10.30.4.128: A Modbus Exception Occurred - See Response Body
[2024-12-10T05:03:20.259Z] Error reading actual data: A Modbus Exception Occurred - See Response Body
[2024-12-10T05:03:20.260Z] Error writing to Modbus register: A Modbus Exception Occurred - See Response Body
[2024-12-10T05:03:21.269Z] Error reading or processing Modbus registers: A Modbus Exception Occurred - See Response Body
[2024-12-10T05:03:21.271Z] Error reading register 6507 for IP 10.30.4.128: A Modbus Exception Occurred - See Response Body
[2024-12-10T05:03:21.271Z] Error reading actual data: A Modbus Exception Occurred - See Response Body
[2024-12-10T05:03:21.272Z] Error writing to Modbus register: A Modbus Exception Occurred - See Response Body
[2024-12-10T05:03:22.282Z] Error reading or processing Modbus registers: A Modbus Exception Occurred - See Response Body
[2024-12-10T05:03:22.284Z] Error reading register 6507 for IP 10.30.4.128: A Modbus Exception Occurred - See Response Body
[2024-12-10T05:03:22.285Z] Error reading actual data: A Modbus Exception Occurred - See Response Body
[2024-12-10T05:03:22.285Z] Error writing to Modbus register: A Modbus Exception Occurred - See Response Body
[2024-12-10T05:03:23.297Z] Error reading or processing Modbus registers: A Modbus Exception Occurred - See Response Body
[2024-12-10T05:03:23.299Z] Error reading register 6507 for IP 10.30.4.128: A Modbus Exception Occurred - See Response Body
[2024-12-10T05:03:23.300Z] Error reading actual data: A Modbus Exception Occurred - See Response Body
[2024-12-10T05:03:23.301Z] Error writing to Modbus register: A Modbus Exception Occurred - See Response Body
[2024-12-10T05:03:24.310Z] Error reading or processing Modbus registers: A Modbus Exception Occurred - See Response Body
[2024-12-10T05:03:24.312Z] Error reading register 6507 for IP 10.30.4.128: A Modbus Exception Occurred - See Response Body
[2024-12-10T05:03:24.313Z] Error reading actual data: A Modbus Exception Occurred - See Response Body
[2024-12-10T05:03:24.313Z] Error writing to Modbus register: A Modbus Exception Occurred - See Response Body
[2024-12-10T05:03:25.312Z] Error reading or processing Modbus registers: A Modbus Exception Occurred - See Response Body
[2024-12-10T05:03:25.314Z] Error reading register 6507 for IP 10.30.4.128: A Modbus Exception Occurred - See Response Body
[2024-12-10T05:03:25.315Z] Error reading actual data: A Modbus Exception Occurred - See Response Body
[2024-12-10T05:03:25.315Z] Error writing to Modbus register: A Modbus Exception Occurred - See Response Body
[2024-12-10T05:03:26.325Z] Error reading or processing Modbus registers: A Modbus Exception Occurred - See Response Body
[2024-12-10T05:03:26.327Z] Error reading register 6507 for IP 10.30.4.128: A Modbus Exception Occurred - See Response Body
[2024-12-10T05:03:26.327Z] Error reading actual data: A Modbus Exception Occurred - See Response Body
[2024-12-10T05:03:26.328Z] Error writing to Modbus register: A Modbus Exception Occurred - See Response Body
[2024-12-10T05:03:27.341Z] Error reading or processing Modbus registers: A Modbus Exception Occurred - See Response Body
[2024-12-10T05:03:27.342Z] Error reading register 6507 for IP 10.30.4.128: A Modbus Exception Occurred - See Response Body
[2024-12-10T05:03:27.343Z] Error reading actual data: A Modbus Exception Occurred - See Response Body
[2024-12-10T05:03:27.343Z] Error writing to Modbus register: A Modbus Exception Occurred - See Response Body
[2024-12-10T05:03:28.352Z] Error reading or processing Modbus registers: A Modbus Exception Occurred - See Response Body
[2024-12-10T05:03:28.354Z] Error reading register 6507 for IP 10.30.4.128: A Modbus Exception Occurred - See Response Body
[2024-12-10T05:03:28.355Z] Error reading actual data: A Modbus Exception Occurred - See Response Body
[2024-12-10T05:03:28.355Z] Error writing to Modbus register: A Modbus Exception Occurred - See Response Body
[2024-12-10T05:03:29.355Z] Error reading or processing Modbus registers: A Modbus Exception Occurred - See Response Body
[2024-12-10T05:03:29.357Z] Error reading register 6507 for IP 10.30.4.128: A Modbus Exception Occurred - See Response Body
[2024-12-10T05:03:29.358Z] Error reading actual data: A Modbus Exception Occurred - See Response Body
[2024-12-10T05:03:29.359Z] Error writing to Modbus register: A Modbus Exception Occurred - See Response Body
[2024-12-10T05:03:30.356Z] Error reading or processing Modbus registers: A Modbus Exception Occurred - See Response Body
[2024-12-10T05:03:30.373Z] Error reading register 6507 for IP 10.30.4.128: A Modbus Exception Occurred - See Response Body
[2024-12-10T05:03:30.374Z] Error reading actual data: A Modbus Exception Occurred - See Response Body
[2024-12-10T05:03:30.374Z] Error writing to Modbus register: A Modbus Exception Occurred - See Response Body
[2024-12-10T05:03:31.364Z] Error reading or processing Modbus registers: A Modbus Exception Occurred - See Response Body
[2024-12-10T05:03:31.366Z] Error reading register 6507 for IP 10.30.4.128: A Modbus Exception Occurred - See Response Body
[2024-12-10T05:03:31.367Z] Error reading actual data: A Modbus Exception Occurred - See Response Body
[2024-12-10T05:03:31.367Z] Error writing to Modbus register: A Modbus Exception Occurred - See Response Body
[2024-12-10T05:03:32.377Z] Error reading or processing Modbus registers: A Modbus Exception Occurred - See Response Body
[2024-12-10T05:03:32.381Z] Error reading register 6507 for IP 10.30.4.128: A Modbus Exception Occurred - See Response Body
[2024-12-10T05:03:32.381Z] Error reading actual data: A Modbus Exception Occurred - See Response Body
[2024-12-10T05:03:32.382Z] Error writing to Modbus register: A Modbus Exception Occurred - See Response Body
[2024-12-10T05:03:33.392Z] Error reading or processing Modbus registers: A Modbus Exception Occurred - See Response Body
[2024-12-10T05:03:33.394Z] Error reading register 6507 for IP 10.30.4.128: A Modbus Exception Occurred - See Response Body
[2024-12-10T05:03:33.394Z] Error reading actual data: A Modbus Exception Occurred - See Response Body
[2024-12-10T05:03:33.395Z] Error writing to Modbus register: A Modbus Exception Occurred - See Response Body
[2024-12-10T05:03:34.404Z] Error reading or processing Modbus registers: A Modbus Exception Occurred - See Response Body
[2024-12-10T05:03:34.405Z] Error reading register 6507 for IP 10.30.4.128: A Modbus Exception Occurred - See Response Body
[2024-12-10T05:03:34.406Z] Error reading actual data: A Modbus Exception Occurred - See Response Body
[2024-12-10T05:03:34.406Z] Error writing to Modbus register: A Modbus Exception Occurred - See Response Body
[2024-12-10T05:03:35.414Z] Error reading or processing Modbus registers: A Modbus Exception Occurred - See Response Body
[2024-12-10T05:03:35.416Z] Error reading register 6507 for IP 10.30.4.128: A Modbus Exception Occurred - See Response Body
[2024-12-10T05:03:35.417Z] Error reading actual data: A Modbus Exception Occurred - See Response Body
[2024-12-10T05:03:35.417Z] Error writing to Modbus register: A Modbus Exception Occurred - See Response Body
[2024-12-10T05:03:36.428Z] Error reading or processing Modbus registers: A Modbus Exception Occurred - See Response Body
[2024-12-10T05:03:36.431Z] Error reading register 6507 for IP 10.30.4.128: A Modbus Exception Occurred - See Response Body
[2024-12-10T05:03:36.431Z] Error reading actual data: A Modbus Exception Occurred - See Response Body
[2024-12-10T05:03:36.432Z] Error writing to Modbus register: A Modbus Exception Occurred - See Response Body
[2024-12-10T05:03:37.442Z] Error reading or processing Modbus registers: A Modbus Exception Occurred - See Response Body
[2024-12-10T05:03:37.445Z] Error reading register 6507 for IP 10.30.4.128: A Modbus Exception Occurred - See Response Body
[2024-12-10T05:03:37.446Z] Error reading actual data: A Modbus Exception Occurred - See Response Body
[2024-12-10T05:03:37.447Z] Error writing to Modbus register: A Modbus Exception Occurred - See Response Body
[2024-12-10T05:03:38.443Z] Error reading or processing Modbus registers: A Modbus Exception Occurred - See Response Body
[2024-12-10T05:03:38.446Z] Error reading register 6507 for IP 10.30.4.128: A Modbus Exception Occurred - See Response Body
[2024-12-10T05:03:38.447Z] Error reading actual data: A Modbus Exception Occurred - See Response Body
[2024-12-10T05:03:38.447Z] Error writing to Modbus register: A Modbus Exception Occurred - See Response Body
[2024-12-10T05:03:39.448Z] Error reading or processing Modbus registers: A Modbus Exception Occurred - See Response Body
[2024-12-10T05:03:39.451Z] Error reading register 6507 for IP 10.30.4.128: A Modbus Exception Occurred - See Response Body
[2024-12-10T05:03:39.451Z] Error reading actual data: A Modbus Exception Occurred - See Response Body
[2024-12-10T05:03:39.452Z] Error writing to Modbus register: A Modbus Exception Occurred - See Response Body
[2024-12-10T05:03:40.462Z] Error reading or processing Modbus registers: A Modbus Exception Occurred - See Response Body
[2024-12-10T05:03:40.465Z] Error reading register 6507 for IP 10.30.4.128: A Modbus Exception Occurred - See Response Body
[2024-12-10T05:03:40.466Z] Error reading actual data: A Modbus Exception Occurred - See Response Body
[2024-12-10T05:03:40.467Z] Error writing to Modbus register: A Modbus Exception Occurred - See Response Body
[2024-12-10T05:03:41.465Z] Error reading or processing Modbus registers: A Modbus Exception Occurred - See Response Body
[2024-12-10T05:03:41.467Z] Error reading register 6507 for IP 10.30.4.128: A Modbus Exception Occurred - See Response Body
[2024-12-10T05:03:41.468Z] Error reading actual data: A Modbus Exception Occurred - See Response Body
[2024-12-10T05:03:41.468Z] Error writing to Modbus register: A Modbus Exception Occurred - See Response Body
[2024-12-10T05:03:42.469Z] Error reading or processing Modbus registers: A Modbus Exception Occurred - See Response Body
[2024-12-10T05:03:42.471Z] Error reading register 6507 for IP 10.30.4.128: A Modbus Exception Occurred - See Response Body
[2024-12-10T05:03:42.472Z] Error reading actual data: A Modbus Exception Occurred - See Response Body
[2024-12-10T05:03:42.473Z] Error writing to Modbus register: A Modbus Exception Occurred - See Response Body
[2024-12-10T05:03:43.483Z] Error reading or processing Modbus registers: A Modbus Exception Occurred - See Response Body
[2024-12-10T05:03:43.485Z] Error reading register 6507 for IP 10.30.4.128: A Modbus Exception Occurred - See Response Body
[2024-12-10T05:03:43.486Z] Error reading actual data: A Modbus Exception Occurred - See Response Body
[2024-12-10T05:03:43.487Z] Error writing to Modbus register: A Modbus Exception Occurred - See Response Body
[2024-12-10T05:03:44.484Z] Error reading or processing Modbus registers: A Modbus Exception Occurred - See Response Body
[2024-12-10T05:03:44.486Z] Error reading register 6507 for IP 10.30.4.128: A Modbus Exception Occurred - See Response Body
[2024-12-10T05:03:44.487Z] Error reading actual data: A Modbus Exception Occurred - See Response Body
[2024-12-10T05:03:44.487Z] Error writing to Modbus register: A Modbus Exception Occurred - See Response Body
[2024-12-10T05:03:45.497Z] Error reading or processing Modbus registers: A Modbus Exception Occurred - See Response Body
[2024-12-10T05:03:45.500Z] Error reading register 6507 for IP 10.30.4.128: A Modbus Exception Occurred - See Response Body
[2024-12-10T05:03:45.500Z] Error reading actual data: A Modbus Exception Occurred - See Response Body
[2024-12-10T05:03:45.501Z] Error writing to Modbus register: A Modbus Exception Occurred - See Response Body
[2024-12-10T05:03:46.497Z] Error reading or processing Modbus registers: A Modbus Exception Occurred - See Response Body
[2024-12-10T05:03:46.499Z] Error reading register 6507 for IP 10.30.4.128: A Modbus Exception Occurred - See Response Body
[2024-12-10T05:03:46.499Z] Error reading actual data: A Modbus Exception Occurred - See Response Body
[2024-12-10T05:03:46.500Z] Error writing to Modbus register: A Modbus Exception Occurred - See Response Body
[2024-12-10T05:03:47.501Z] Error reading or processing Modbus registers: A Modbus Exception Occurred - See Response Body
[2024-12-10T05:03:47.504Z] Error reading register 6507 for IP 10.30.4.128: A Modbus Exception Occurred - See Response Body
[2024-12-10T05:03:47.505Z] Error reading actual data: A Modbus Exception Occurred - See Response Body
[2024-12-10T05:03:47.505Z] Error writing to Modbus register: A Modbus Exception Occurred - See Response Body
[2024-12-10T05:03:48.512Z] Error reading or processing Modbus registers: A Modbus Exception Occurred - See Response Body
[2024-12-10T05:03:48.514Z] Error reading register 6507 for IP 10.30.4.128: A Modbus Exception Occurred - See Response Body
[2024-12-10T05:03:48.515Z] Error reading actual data: A Modbus Exception Occurred - See Response Body
[2024-12-10T05:03:48.515Z] Error writing to Modbus register: A Modbus Exception Occurred - See Response Body
[2024-12-10T05:03:49.513Z] Error reading or processing Modbus registers: A Modbus Exception Occurred - See Response Body
[2024-12-10T05:03:49.515Z] Error reading register 6507 for IP 10.30.4.128: A Modbus Exception Occurred - See Response Body
[2024-12-10T05:03:49.516Z] Error reading actual data: A Modbus Exception Occurred - See Response Body
[2024-12-10T05:03:49.517Z] Error writing to Modbus register: A Modbus Exception Occurred - See Response Body
[2024-12-10T05:03:50.525Z] Error reading or processing Modbus registers: A Modbus Exception Occurred - See Response Body
[2024-12-10T05:03:50.527Z] Error reading register 6507 for IP 10.30.4.128: A Modbus Exception Occurred - See Response Body
[2024-12-10T05:03:50.527Z] Error reading actual data: A Modbus Exception Occurred - See Response Body
[2024-12-10T05:03:50.528Z] Error writing to Modbus register: A Modbus Exception Occurred - See Response Body
[2024-12-10T05:03:51.532Z] Error reading or processing Modbus registers: A Modbus Exception Occurred - See Response Body
[2024-12-10T05:03:51.534Z] Error reading register 6507 for IP 10.30.4.128: A Modbus Exception Occurred - See Response Body
[2024-12-10T05:03:51.535Z] Error reading actual data: A Modbus Exception Occurred - See Response Body
[2024-12-10T05:03:51.535Z] Error writing to Modbus register: A Modbus Exception Occurred - See Response Body
[2024-12-10T05:03:52.537Z] Error reading or processing Modbus registers: A Modbus Exception Occurred - See Response Body
[2024-12-10T05:03:52.539Z] Error reading register 6507 for IP 10.30.4.128: A Modbus Exception Occurred - See Response Body
[2024-12-10T05:03:52.540Z] Error reading actual data: A Modbus Exception Occurred - See Response Body
[2024-12-10T05:03:52.540Z] Error writing to Modbus register: A Modbus Exception Occurred - See Response Body
[2024-12-10T05:03:53.551Z] Error reading or processing Modbus registers: A Modbus Exception Occurred - See Response Body
[2024-12-10T05:03:53.553Z] Error reading register 6507 for IP 10.30.4.128: A Modbus Exception Occurred - See Response Body
[2024-12-10T05:03:53.554Z] Error reading actual data: A Modbus Exception Occurred - See Response Body
[2024-12-10T05:03:53.554Z] Error writing to Modbus register: A Modbus Exception Occurred - See Response Body
[2024-12-10T05:03:54.563Z] Error reading or processing Modbus registers: A Modbus Exception Occurred - See Response Body
[2024-12-10T05:03:54.566Z] Error reading register 6507 for IP 10.30.4.128: A Modbus Exception Occurred - See Response Body
[2024-12-10T05:03:54.566Z] Error reading actual data: A Modbus Exception Occurred - See Response Body
[2024-12-10T05:03:54.567Z] Error writing to Modbus register: A Modbus Exception Occurred - See Response Body
[2024-12-10T05:03:55.574Z] Error reading or processing Modbus registers: A Modbus Exception Occurred - See Response Body
[2024-12-10T05:03:55.576Z] Error reading register 6507 for IP 10.30.4.128: A Modbus Exception Occurred - See Response Body
[2024-12-10T05:03:55.576Z] Error reading actual data: A Modbus Exception Occurred - See Response Body
[2024-12-10T05:03:55.577Z] Error writing to Modbus register: A Modbus Exception Occurred - See Response Body
[2024-12-10T05:03:56.584Z] Error reading or processing Modbus registers: A Modbus Exception Occurred - See Response Body
[2024-12-10T05:03:56.586Z] Error reading register 6507 for IP 10.30.4.128: A Modbus Exception Occurred - See Response Body
[2024-12-10T05:03:56.588Z] Error reading actual data: A Modbus Exception Occurred - See Response Body
[2024-12-10T05:03:56.588Z] Error writing to Modbus register: A Modbus Exception Occurred - See Response Body
[2024-12-10T05:03:57.584Z] Error reading or processing Modbus registers: A Modbus Exception Occurred - See Response Body
[2024-12-10T05:03:57.586Z] Error reading register 6507 for IP 10.30.4.128: A Modbus Exception Occurred - See Response Body
[2024-12-10T05:03:57.587Z] Error reading actual data: A Modbus Exception Occurred - See Response Body
[2024-12-10T05:03:57.587Z] Error writing to Modbus register: A Modbus Exception Occurred - See Response Body
[2024-12-10T05:03:58.591Z] Error reading or processing Modbus registers: A Modbus Exception Occurred - See Response Body
[2024-12-10T05:03:58.593Z] Error reading register 6507 for IP 10.30.4.128: A Modbus Exception Occurred - See Response Body
[2024-12-10T05:03:58.595Z] Error reading actual data: A Modbus Exception Occurred - See Response Body
[2024-12-10T05:03:58.596Z] Error writing to Modbus register: A Modbus Exception Occurred - See Response Body
[2024-12-10T05:03:59.599Z] Error reading or processing Modbus registers: A Modbus Exception Occurred - See Response Body
[2024-12-10T05:03:59.601Z] Error reading register 6507 for IP 10.30.4.128: A Modbus Exception Occurred - See Response Body
[2024-12-10T05:03:59.601Z] Error reading actual data: A Modbus Exception Occurred - See Response Body
[2024-12-10T05:03:59.602Z] Error writing to Modbus register: A Modbus Exception Occurred - See Response Body
[2024-12-10T05:04:00.611Z] Error reading or processing Modbus registers: A Modbus Exception Occurred - See Response Body
[2024-12-10T05:04:00.614Z] Error reading register 6507 for IP 10.30.4.128: A Modbus Exception Occurred - See Response Body
[2024-12-10T05:04:00.615Z] Error reading actual data: A Modbus Exception Occurred - See Response Body
[2024-12-10T05:04:00.615Z] Error writing to Modbus register: A Modbus Exception Occurred - See Response Body
[2024-12-10T05:04:01.623Z] Error reading or processing Modbus registers: A Modbus Exception Occurred - See Response Body
[2024-12-10T05:04:01.626Z] Error reading register 6507 for IP 10.30.4.128: A Modbus Exception Occurred - See Response Body
[2024-12-10T05:04:01.626Z] Error reading actual data: A Modbus Exception Occurred - See Response Body
[2024-12-10T05:04:01.627Z] Error writing to Modbus register: A Modbus Exception Occurred - See Response Body
[2024-12-10T05:04:02.630Z] Error reading or processing Modbus registers: A Modbus Exception Occurred - See Response Body
[2024-12-10T05:04:02.633Z] Error reading register 6507 for IP 10.30.4.128: A Modbus Exception Occurred - See Response Body
[2024-12-10T05:04:02.633Z] Error reading actual data: A Modbus Exception Occurred - See Response Body
[2024-12-10T05:04:02.634Z] Error writing to Modbus register: A Modbus Exception Occurred - See Response Body
[2024-12-10T05:04:03.642Z] Error reading or processing Modbus registers: A Modbus Exception Occurred - See Response Body
[2024-12-10T05:04:03.645Z] Error reading register 6507 for IP 10.30.4.128: A Modbus Exception Occurred - See Response Body
[2024-12-10T05:04:03.645Z] Error reading actual data: A Modbus Exception Occurred - See Response Body
[2024-12-10T05:04:03.646Z] Error writing to Modbus register: A Modbus Exception Occurred - See Response Body
[2024-12-10T05:04:04.655Z] Error reading or processing Modbus registers: A Modbus Exception Occurred - See Response Body
[2024-12-10T05:04:04.657Z] Error reading register 6507 for IP 10.30.4.128: A Modbus Exception Occurred - See Response Body
[2024-12-10T05:04:04.658Z] Error reading actual data: A Modbus Exception Occurred - See Response Body
[2024-12-10T05:04:04.658Z] Error writing to Modbus register: A Modbus Exception Occurred - See Response Body
[2024-12-10T05:04:05.667Z] Error reading or processing Modbus registers: A Modbus Exception Occurred - See Response Body
[2024-12-10T05:04:05.670Z] Error reading register 6507 for IP 10.30.4.128: A Modbus Exception Occurred - See Response Body
[2024-12-10T05:04:05.671Z] Error reading actual data: A Modbus Exception Occurred - See Response Body
[2024-12-10T05:04:05.671Z] Error writing to Modbus register: A Modbus Exception Occurred - See Response Body
[2024-12-10T05:04:06.679Z] Error reading or processing Modbus registers: A Modbus Exception Occurred - See Response Body
[2024-12-10T05:04:06.682Z] Error reading register 6507 for IP 10.30.4.128: A Modbus Exception Occurred - See Response Body
[2024-12-10T05:04:06.682Z] Error reading actual data: A Modbus Exception Occurred - See Response Body
[2024-12-10T05:04:06.683Z] Error writing to Modbus register: A Modbus Exception Occurred - See Response Body
[2024-12-10T05:04:07.694Z] Error reading or processing Modbus registers: A Modbus Exception Occurred - See Response Body
[2024-12-10T05:04:07.697Z] Error reading register 6507 for IP 10.30.4.128: A Modbus Exception Occurred - See Response Body
[2024-12-10T05:04:07.697Z] Error reading actual data: A Modbus Exception Occurred - See Response Body
[2024-12-10T05:04:07.698Z] Error writing to Modbus register: A Modbus Exception Occurred - See Response Body
[2024-12-10T05:04:08.707Z] Error reading or processing Modbus registers: A Modbus Exception Occurred - See Response Body
[2024-12-10T05:04:08.709Z] Error reading register 6507 for IP 10.30.4.128: A Modbus Exception Occurred - See Response Body
[2024-12-10T05:04:08.710Z] Error reading actual data: A Modbus Exception Occurred - See Response Body
[2024-12-10T05:04:08.710Z] Error writing to Modbus register: A Modbus Exception Occurred - See Response Body
[2024-12-10T05:04:09.707Z] Error reading or processing Modbus registers: A Modbus Exception Occurred - See Response Body
[2024-12-10T05:04:09.710Z] Error reading register 6507 for IP 10.30.4.128: A Modbus Exception Occurred - See Response Body
[2024-12-10T05:04:09.710Z] Error reading actual data: A Modbus Exception Occurred - See Response Body
[2024-12-10T05:04:09.710Z] Error writing to Modbus register: A Modbus Exception Occurred - See Response Body
[2024-12-10T05:04:10.707Z] Error reading or processing Modbus registers: A Modbus Exception Occurred - See Response Body
[2024-12-10T05:04:10.710Z] Error reading register 6507 for IP 10.30.4.128: A Modbus Exception Occurred - See Response Body
[2024-12-10T05:04:10.710Z] Error reading actual data: A Modbus Exception Occurred - See Response Body
[2024-12-10T05:04:10.711Z] Error writing to Modbus register: A Modbus Exception Occurred - See Response Body
[2024-12-10T05:04:11.722Z] Error reading or processing Modbus registers: A Modbus Exception Occurred - See Response Body
[2024-12-10T05:04:11.724Z] Error reading register 6507 for IP 10.30.4.128: A Modbus Exception Occurred - See Response Body
[2024-12-10T05:04:11.724Z] Error reading actual data: A Modbus Exception Occurred - See Response Body
[2024-12-10T05:04:11.725Z] Error writing to Modbus register: A Modbus Exception Occurred - See Response Body
[2024-12-10T05:04:12.724Z] Error reading or processing Modbus registers: A Modbus Exception Occurred - See Response Body
[2024-12-10T05:04:12.726Z] Error reading register 6507 for IP 10.30.4.128: A Modbus Exception Occurred - See Response Body
[2024-12-10T05:04:12.727Z] Error reading actual data: A Modbus Exception Occurred - See Response Body
[2024-12-10T05:04:12.727Z] Error writing to Modbus register: A Modbus Exception Occurred - See Response Body
[2024-12-10T05:04:13.737Z] Error reading or processing Modbus registers: A Modbus Exception Occurred - See Response Body
[2024-12-10T05:04:13.738Z] Error reading register 6507 for IP 10.30.4.128: A Modbus Exception Occurred - See Response Body
[2024-12-10T05:04:13.739Z] Error reading actual data: A Modbus Exception Occurred - See Response Body
[2024-12-10T05:04:13.739Z] Error writing to Modbus register: A Modbus Exception Occurred - See Response Body
[2024-12-10T05:04:14.741Z] Error reading or processing Modbus registers: A Modbus Exception Occurred - See Response Body
[2024-12-10T05:04:14.743Z] Error reading register 6507 for IP 10.30.4.128: A Modbus Exception Occurred - See Response Body
[2024-12-10T05:04:14.743Z] Error reading actual data: A Modbus Exception Occurred - See Response Body
[2024-12-10T05:04:14.744Z] Error writing to Modbus register: A Modbus Exception Occurred - See Response Body
[2024-12-10T05:04:15.744Z] Error reading or processing Modbus registers: A Modbus Exception Occurred - See Response Body
[2024-12-10T05:04:15.746Z] Error reading register 6507 for IP 10.30.4.128: A Modbus Exception Occurred - See Response Body
[2024-12-10T05:04:15.747Z] Error reading actual data: A Modbus Exception Occurred - See Response Body
[2024-12-10T05:04:15.748Z] Error writing to Modbus register: A Modbus Exception Occurred - See Response Body
[2024-12-10T05:04:16.757Z] Error reading or processing Modbus registers: A Modbus Exception Occurred - See Response Body
[2024-12-10T05:04:16.759Z] Error reading register 6507 for IP 10.30.4.128: A Modbus Exception Occurred - See Response Body
[2024-12-10T05:04:16.760Z] Error reading actual data: A Modbus Exception Occurred - See Response Body
[2024-12-10T05:04:16.760Z] Error writing to Modbus register: A Modbus Exception Occurred - See Response Body
[2024-12-10T05:04:17.758Z] Error reading or processing Modbus registers: A Modbus Exception Occurred - See Response Body
[2024-12-10T05:04:17.760Z] Error reading register 6507 for IP 10.30.4.128: A Modbus Exception Occurred - See Response Body
[2024-12-10T05:04:17.760Z] Error reading actual data: A Modbus Exception Occurred - See Response Body
[2024-12-10T05:04:17.761Z] Error writing to Modbus register: A Modbus Exception Occurred - See Response Body
[2024-12-10T05:04:18.773Z] Error reading or processing Modbus registers: A Modbus Exception Occurred - See Response Body
[2024-12-10T05:04:18.775Z] Error reading register 6507 for IP 10.30.4.128: A Modbus Exception Occurred - See Response Body
[2024-12-10T05:04:18.776Z] Error reading actual data: A Modbus Exception Occurred - See Response Body
[2024-12-10T05:04:18.776Z] Error writing to Modbus register: A Modbus Exception Occurred - See Response Body
[2024-12-10T05:04:19.774Z] Error reading or processing Modbus registers: A Modbus Exception Occurred - See Response Body
[2024-12-10T05:04:19.776Z] Error reading register 6507 for IP 10.30.4.128: A Modbus Exception Occurred - See Response Body
[2024-12-10T05:04:19.778Z] Error reading actual data: A Modbus Exception Occurred - See Response Body
[2024-12-10T05:04:19.779Z] Error writing to Modbus register: A Modbus Exception Occurred - See Response Body
[2024-12-10T05:04:20.786Z] Error reading or processing Modbus registers: A Modbus Exception Occurred - See Response Body
[2024-12-10T05:04:20.788Z] Error reading register 6507 for IP 10.30.4.128: A Modbus Exception Occurred - See Response Body
[2024-12-10T05:04:20.788Z] Error reading actual data: A Modbus Exception Occurred - See Response Body
[2024-12-10T05:04:20.789Z] Error writing to Modbus register: A Modbus Exception Occurred - See Response Body
[2024-12-10T05:04:21.787Z] Error reading or processing Modbus registers: A Modbus Exception Occurred - See Response Body
[2024-12-10T05:04:21.789Z] Error reading register 6507 for IP 10.30.4.128: A Modbus Exception Occurred - See Response Body
[2024-12-10T05:04:21.790Z] Error reading actual data: A Modbus Exception Occurred - See Response Body
[2024-12-10T05:04:21.790Z] Error writing to Modbus register: A Modbus Exception Occurred - See Response Body
[2024-12-10T05:04:22.791Z] Error reading or processing Modbus registers: A Modbus Exception Occurred - See Response Body
[2024-12-10T05:04:22.793Z] Error reading register 6507 for IP 10.30.4.128: A Modbus Exception Occurred - See Response Body
[2024-12-10T05:04:22.794Z] Error reading actual data: A Modbus Exception Occurred - See Response Body
[2024-12-10T05:04:22.795Z] Error writing to Modbus register: A Modbus Exception Occurred - See Response Body
[2024-12-10T05:04:23.805Z] Error reading or processing Modbus registers: A Modbus Exception Occurred - See Response Body
[2024-12-10T05:04:23.807Z] Error reading register 6507 for IP 10.30.4.128: A Modbus Exception Occurred - See Response Body
[2024-12-10T05:04:23.808Z] Error reading actual data: A Modbus Exception Occurred - See Response Body
[2024-12-10T05:04:23.808Z] Error writing to Modbus register: A Modbus Exception Occurred - See Response Body
[2024-12-10T05:04:24.817Z] Error reading or processing Modbus registers: A Modbus Exception Occurred - See Response Body
[2024-12-10T05:04:24.819Z] Error reading register 6507 for IP 10.30.4.128: A Modbus Exception Occurred - See Response Body
[2024-12-10T05:04:24.820Z] Error reading actual data: A Modbus Exception Occurred - See Response Body
[2024-12-10T05:04:24.820Z] Error writing to Modbus register: A Modbus Exception Occurred - See Response Body
[2024-12-10T05:04:25.817Z] Error reading or processing Modbus registers: A Modbus Exception Occurred - See Response Body
[2024-12-10T05:04:25.819Z] Error reading register 6507 for IP 10.30.4.128: A Modbus Exception Occurred - See Response Body
[2024-12-10T05:04:25.820Z] Error reading actual data: A Modbus Exception Occurred - See Response Body
[2024-12-10T05:04:25.820Z] Error writing to Modbus register: A Modbus Exception Occurred - See Response Body
[2024-12-10T05:04:26.833Z] Error reading or processing Modbus registers: A Modbus Exception Occurred - See Response Body
[2024-12-10T05:04:26.836Z] Error reading register 6507 for IP 10.30.4.128: A Modbus Exception Occurred - See Response Body
[2024-12-10T05:04:26.837Z] Error reading actual data: A Modbus Exception Occurred - See Response Body
[2024-12-10T05:04:26.838Z] Error writing to Modbus register: A Modbus Exception Occurred - See Response Body
[2024-12-10T05:04:27.847Z] Error reading or processing Modbus registers: A Modbus Exception Occurred - See Response Body
[2024-12-10T05:04:27.849Z] Error reading register 6507 for IP 10.30.4.128: A Modbus Exception Occurred - See Response Body
[2024-12-10T05:04:27.850Z] Error reading actual data: A Modbus Exception Occurred - See Response Body
[2024-12-10T05:04:27.851Z] Error writing to Modbus register: A Modbus Exception Occurred - See Response Body
[2024-12-10T05:04:28.862Z] Error reading or processing Modbus registers: A Modbus Exception Occurred - See Response Body
[2024-12-10T05:04:28.864Z] Error reading register 6507 for IP 10.30.4.128: A Modbus Exception Occurred - See Response Body
[2024-12-10T05:04:28.865Z] Error reading actual data: A Modbus Exception Occurred - See Response Body
[2024-12-10T05:04:28.866Z] Error writing to Modbus register: A Modbus Exception Occurred - See Response Body
[2024-12-10T05:04:29.863Z] Error reading or processing Modbus registers: A Modbus Exception Occurred - See Response Body
[2024-12-10T05:04:29.865Z] Error reading register 6507 for IP 10.30.4.128: A Modbus Exception Occurred - See Response Body
[2024-12-10T05:04:29.866Z] Error reading actual data: A Modbus Exception Occurred - See Response Body
[2024-12-10T05:04:29.866Z] Error writing to Modbus register: A Modbus Exception Occurred - See Response Body
[2024-12-10T05:04:30.874Z] Error reading or processing Modbus registers: A Modbus Exception Occurred - See Response Body
[2024-12-10T05:04:30.876Z] Error reading register 6507 for IP 10.30.4.128: A Modbus Exception Occurred - See Response Body
[2024-12-10T05:04:30.877Z] Error reading actual data: A Modbus Exception Occurred - See Response Body
[2024-12-10T05:04:30.877Z] Error writing to Modbus register: A Modbus Exception Occurred - See Response Body
[2024-12-10T05:04:31.889Z] Error reading or processing Modbus registers: A Modbus Exception Occurred - See Response Body
[2024-12-10T05:04:31.891Z] Error reading register 6507 for IP 10.30.4.128: A Modbus Exception Occurred - See Response Body
[2024-12-10T05:04:31.892Z] Error reading actual data: A Modbus Exception Occurred - See Response Body
[2024-12-10T05:04:31.892Z] Error writing to Modbus register: A Modbus Exception Occurred - See Response Body
[2024-12-10T05:04:32.904Z] Error reading or processing Modbus registers: A Modbus Exception Occurred - See Response Body
[2024-12-10T05:04:32.906Z] Error reading register 6507 for IP 10.30.4.128: A Modbus Exception Occurred - See Response Body
[2024-12-10T05:04:32.907Z] Error reading actual data: A Modbus Exception Occurred - See Response Body
[2024-12-10T05:04:32.907Z] Error writing to Modbus register: A Modbus Exception Occurred - See Response Body
[2024-12-10T05:04:33.904Z] Error reading or processing Modbus registers: A Modbus Exception Occurred - See Response Body
[2024-12-10T05:04:33.906Z] Error reading register 6507 for IP 10.30.4.128: A Modbus Exception Occurred - See Response Body
[2024-12-10T05:04:33.907Z] Error reading actual data: A Modbus Exception Occurred - See Response Body
[2024-12-10T05:04:33.907Z] Error writing to Modbus register: A Modbus Exception Occurred - See Response Body
[2024-12-10T05:04:34.909Z] Error reading or processing Modbus registers: A Modbus Exception Occurred - See Response Body
[2024-12-10T05:04:34.911Z] Error reading register 6507 for IP 10.30.4.128: A Modbus Exception Occurred - See Response Body
[2024-12-10T05:04:34.912Z] Error reading actual data: A Modbus Exception Occurred - See Response Body
[2024-12-10T05:04:34.913Z] Error writing to Modbus register: A Modbus Exception Occurred - See Response Body
[2024-12-10T05:04:35.923Z] Error reading or processing Modbus registers: A Modbus Exception Occurred - See Response Body
[2024-12-10T05:04:35.925Z] Error reading register 6507 for IP 10.30.4.128: A Modbus Exception Occurred - See Response Body
[2024-12-10T05:04:35.925Z] Error reading actual data: A Modbus Exception Occurred - See Response Body
[2024-12-10T05:04:35.926Z] Error writing to Modbus register: A Modbus Exception Occurred - See Response Body
[2024-12-10T05:04:36.926Z] Error reading or processing Modbus registers: A Modbus Exception Occurred - See Response Body
[2024-12-10T05:04:36.928Z] Error reading register 6507 for IP 10.30.4.128: A Modbus Exception Occurred - See Response Body
[2024-12-10T05:04:36.928Z] Error reading actual data: A Modbus Exception Occurred - See Response Body
[2024-12-10T05:04:36.929Z] Error writing to Modbus register: A Modbus Exception Occurred - See Response Body
[2024-12-10T05:04:37.938Z] Error reading or processing Modbus registers: A Modbus Exception Occurred - See Response Body
[2024-12-10T05:04:37.940Z] Error reading register 6507 for IP 10.30.4.128: A Modbus Exception Occurred - See Response Body
[2024-12-10T05:04:37.941Z] Error reading actual data: A Modbus Exception Occurred - See Response Body
[2024-12-10T05:04:37.941Z] Error writing to Modbus register: A Modbus Exception Occurred - See Response Body
[2024-12-10T05:04:38.939Z] Error reading or processing Modbus registers: A Modbus Exception Occurred - See Response Body
[2024-12-10T05:04:38.941Z] Error reading register 6507 for IP 10.30.4.128: A Modbus Exception Occurred - See Response Body
[2024-12-10T05:04:38.942Z] Error reading actual data: A Modbus Exception Occurred - See Response Body
[2024-12-10T05:04:38.942Z] Error writing to Modbus register: A Modbus Exception Occurred - See Response Body
[2024-12-10T05:04:39.944Z] Error reading or processing Modbus registers: A Modbus Exception Occurred - See Response Body
[2024-12-10T05:04:39.946Z] Error reading register 6507 for IP 10.30.4.128: A Modbus Exception Occurred - See Response Body
[2024-12-10T05:04:39.947Z] Error reading actual data: A Modbus Exception Occurred - See Response Body
[2024-12-10T05:04:39.947Z] Error writing to Modbus register: A Modbus Exception Occurred - See Response Body
[2024-12-10T05:04:40.945Z] Error reading or processing Modbus registers: A Modbus Exception Occurred - See Response Body
[2024-12-10T05:04:40.946Z] Error reading register 6507 for IP 10.30.4.128: A Modbus Exception Occurred - See Response Body
[2024-12-10T05:04:40.947Z] Error reading actual data: A Modbus Exception Occurred - See Response Body
[2024-12-10T05:04:40.947Z] Error writing to Modbus register: A Modbus Exception Occurred - See Response Body
[2024-12-10T05:04:41.955Z] Error reading or processing Modbus registers: A Modbus Exception Occurred - See Response Body
[2024-12-10T05:04:41.957Z] Error reading register 6507 for IP 10.30.4.128: A Modbus Exception Occurred - See Response Body
[2024-12-10T05:04:41.957Z] Error reading actual data: A Modbus Exception Occurred - See Response Body
[2024-12-10T05:04:41.958Z] Error writing to Modbus register: A Modbus Exception Occurred - See Response Body
[2024-12-10T05:04:42.955Z] Error reading or processing Modbus registers: A Modbus Exception Occurred - See Response Body
[2024-12-10T05:04:42.957Z] Error reading register 6507 for IP 10.30.4.128: A Modbus Exception Occurred - See Response Body
[2024-12-10T05:04:42.958Z] Error reading actual data: A Modbus Exception Occurred - See Response Body
[2024-12-10T05:04:42.958Z] Error writing to Modbus register: A Modbus Exception Occurred - See Response Body
[2024-12-10T05:04:43.969Z] Error reading or processing Modbus registers: A Modbus Exception Occurred - See Response Body
[2024-12-10T05:04:43.972Z] Error reading register 6507 for IP 10.30.4.128: A Modbus Exception Occurred - See Response Body
[2024-12-10T05:04:43.972Z] Error reading actual data: A Modbus Exception Occurred - See Response Body
[2024-12-10T05:04:43.973Z] Error writing to Modbus register: A Modbus Exception Occurred - See Response Body
[2024-12-10T05:04:44.984Z] Error reading or processing Modbus registers: A Modbus Exception Occurred - See Response Body
[2024-12-10T05:04:44.986Z] Error reading register 6507 for IP 10.30.4.128: A Modbus Exception Occurred - See Response Body
[2024-12-10T05:04:44.987Z] Error reading actual data: A Modbus Exception Occurred - See Response Body
[2024-12-10T05:04:44.987Z] Error writing to Modbus register: A Modbus Exception Occurred - See Response Body
[2024-12-10T05:04:45.984Z] Error reading or processing Modbus registers: A Modbus Exception Occurred - See Response Body
[2024-12-10T05:04:45.986Z] Error reading register 6507 for IP 10.30.4.128: A Modbus Exception Occurred - See Response Body
[2024-12-10T05:04:45.987Z] Error reading actual data: A Modbus Exception Occurred - See Response Body
[2024-12-10T05:04:45.987Z] Error writing to Modbus register: A Modbus Exception Occurred - See Response Body
[2024-12-10T05:04:46.985Z] Error reading or processing Modbus registers: A Modbus Exception Occurred - See Response Body
[2024-12-10T05:04:46.988Z] Error reading register 6507 for IP 10.30.4.128: A Modbus Exception Occurred - See Response Body
[2024-12-10T05:04:46.988Z] Error reading actual data: A Modbus Exception Occurred - See Response Body
[2024-12-10T05:04:46.989Z] Error writing to Modbus register: A Modbus Exception Occurred - See Response Body
[2024-12-10T05:04:47.988Z] Error reading or processing Modbus registers: A Modbus Exception Occurred - See Response Body
[2024-12-10T05:04:47.990Z] Error reading register 6507 for IP 10.30.4.128: A Modbus Exception Occurred - See Response Body
[2024-12-10T05:04:47.991Z] Error reading actual data: A Modbus Exception Occurred - See Response Body
[2024-12-10T05:04:47.991Z] Error writing to Modbus register: A Modbus Exception Occurred - See Response Body
[2024-12-10T05:04:49.002Z] Error reading or processing Modbus registers: A Modbus Exception Occurred - See Response Body
[2024-12-10T05:04:49.004Z] Error reading register 6507 for IP 10.30.4.128: A Modbus Exception Occurred - See Response Body
[2024-12-10T05:04:49.005Z] Error reading actual data: A Modbus Exception Occurred - See Response Body
[2024-12-10T05:04:49.005Z] Error writing to Modbus register: A Modbus Exception Occurred - See Response Body
[2024-12-10T05:04:50.003Z] Error reading or processing Modbus registers: A Modbus Exception Occurred - See Response Body
[2024-12-10T05:04:50.005Z] Error reading register 6507 for IP 10.30.4.128: A Modbus Exception Occurred - See Response Body
[2024-12-10T05:04:50.006Z] Error reading actual data: A Modbus Exception Occurred - See Response Body
[2024-12-10T05:04:50.006Z] Error writing to Modbus register: A Modbus Exception Occurred - See Response Body
[2024-12-10T05:04:51.004Z] Error reading or processing Modbus registers: A Modbus Exception Occurred - See Response Body
[2024-12-10T05:04:51.006Z] Error reading register 6507 for IP 10.30.4.128: A Modbus Exception Occurred - See Response Body
[2024-12-10T05:04:51.007Z] Error reading actual data: A Modbus Exception Occurred - See Response Body
[2024-12-10T05:04:51.007Z] Error writing to Modbus register: A Modbus Exception Occurred - See Response Body
[2024-12-10T05:04:52.005Z] Error reading or processing Modbus registers: A Modbus Exception Occurred - See Response Body
[2024-12-10T05:04:52.007Z] Error reading register 6507 for IP 10.30.4.128: A Modbus Exception Occurred - See Response Body
[2024-12-10T05:04:52.008Z] Error reading actual data: A Modbus Exception Occurred - See Response Body
[2024-12-10T05:04:52.009Z] Error writing to Modbus register: A Modbus Exception Occurred - See Response Body
[2024-12-10T05:04:53.007Z] Error reading or processing Modbus registers: A Modbus Exception Occurred - See Response Body
[2024-12-10T05:04:53.009Z] Error reading register 6507 for IP 10.30.4.128: A Modbus Exception Occurred - See Response Body
[2024-12-10T05:04:53.010Z] Error reading actual data: A Modbus Exception Occurred - See Response Body
[2024-12-10T05:04:53.010Z] Error writing to Modbus register: A Modbus Exception Occurred - See Response Body
[2024-12-10T05:04:54.023Z] Error reading or processing Modbus registers: A Modbus Exception Occurred - See Response Body
[2024-12-10T05:04:54.026Z] Error reading register 6507 for IP 10.30.4.128: A Modbus Exception Occurred - See Response Body
[2024-12-10T05:04:54.026Z] Error reading actual data: A Modbus Exception Occurred - See Response Body
[2024-12-10T05:04:54.027Z] Error writing to Modbus register: A Modbus Exception Occurred - See Response Body
[2024-12-10T05:04:55.037Z] Error reading or processing Modbus registers: A Modbus Exception Occurred - See Response Body
[2024-12-10T05:04:55.041Z] Error reading register 6507 for IP 10.30.4.128: A Modbus Exception Occurred - See Response Body
[2024-12-10T05:04:55.042Z] Error reading actual data: A Modbus Exception Occurred - See Response Body
[2024-12-10T05:04:55.042Z] Error writing to Modbus register: A Modbus Exception Occurred - See Response Body
[2024-12-10T05:04:56.045Z] Error reading or processing Modbus registers: A Modbus Exception Occurred - See Response Body
[2024-12-10T05:04:56.047Z] Error reading register 6507 for IP 10.30.4.128: A Modbus Exception Occurred - See Response Body
[2024-12-10T05:04:56.048Z] Error reading actual data: A Modbus Exception Occurred - See Response Body
[2024-12-10T05:04:56.049Z] Error writing to Modbus register: A Modbus Exception Occurred - See Response Body
[2024-12-10T05:04:57.046Z] Error reading or processing Modbus registers: A Modbus Exception Occurred - See Response Body
[2024-12-10T05:04:57.049Z] Error reading register 6507 for IP 10.30.4.128: A Modbus Exception Occurred - See Response Body
[2024-12-10T05:04:57.049Z] Error reading actual data: A Modbus Exception Occurred - See Response Body
[2024-12-10T05:04:57.050Z] Error writing to Modbus register: A Modbus Exception Occurred - See Response Body
[2024-12-10T05:04:58.060Z] Error reading or processing Modbus registers: A Modbus Exception Occurred - See Response Body
[2024-12-10T05:04:58.067Z] Error reading register 6507 for IP 10.30.4.128: A Modbus Exception Occurred - See Response Body
[2024-12-10T05:04:58.068Z] Error reading actual data: A Modbus Exception Occurred - See Response Body
[2024-12-10T05:04:58.069Z] Error writing to Modbus register: A Modbus Exception Occurred - See Response Body
[2024-12-10T05:04:59.060Z] Error reading or processing Modbus registers: A Modbus Exception Occurred - See Response Body
[2024-12-10T05:04:59.062Z] Error reading register 6507 for IP 10.30.4.128: A Modbus Exception Occurred - See Response Body
[2024-12-10T05:04:59.063Z] Error reading actual data: A Modbus Exception Occurred - See Response Body
[2024-12-10T05:04:59.064Z] Error writing to Modbus register: A Modbus Exception Occurred - See Response Body
[2024-12-10T05:05:00.063Z] Error reading or processing Modbus registers: A Modbus Exception Occurred - See Response Body
[2024-12-10T05:05:00.066Z] Error reading register 6507 for IP 10.30.4.128: A Modbus Exception Occurred - See Response Body
[2024-12-10T05:05:00.066Z] Error reading actual data: A Modbus Exception Occurred - See Response Body
[2024-12-10T05:05:00.067Z] Error writing to Modbus register: A Modbus Exception Occurred - See Response Body
[2024-12-10T05:05:01.066Z] Error reading or processing Modbus registers: A Modbus Exception Occurred - See Response Body
[2024-12-10T05:05:01.068Z] Error reading register 6507 for IP 10.30.4.128: A Modbus Exception Occurred - See Response Body
[2024-12-10T05:05:01.069Z] Error reading actual data: A Modbus Exception Occurred - See Response Body
[2024-12-10T05:05:01.070Z] Error writing to Modbus register: A Modbus Exception Occurred - See Response Body
[2024-12-10T05:05:02.067Z] Error reading or processing Modbus registers: A Modbus Exception Occurred - See Response Body
[2024-12-10T05:05:02.070Z] Error reading register 6507 for IP 10.30.4.128: A Modbus Exception Occurred - See Response Body
[2024-12-10T05:05:02.070Z] Error reading actual data: A Modbus Exception Occurred - See Response Body
[2024-12-10T05:05:02.071Z] Error writing to Modbus register: A Modbus Exception Occurred - See Response Body
[2024-12-10T05:05:03.081Z] Error reading or processing Modbus registers: A Modbus Exception Occurred - See Response Body
[2024-12-10T05:05:03.084Z] Error reading register 6507 for IP 10.30.4.128: A Modbus Exception Occurred - See Response Body
[2024-12-10T05:05:03.084Z] Error reading actual data: A Modbus Exception Occurred - See Response Body
[2024-12-10T05:05:03.085Z] Error writing to Modbus register: A Modbus Exception Occurred - See Response Body
[2024-12-10T05:05:04.097Z] Error reading or processing Modbus registers: A Modbus Exception Occurred - See Response Body
[2024-12-10T05:05:04.100Z] Error reading register 6507 for IP 10.30.4.128: A Modbus Exception Occurred - See Response Body
[2024-12-10T05:05:04.100Z] Error reading actual data: A Modbus Exception Occurred - See Response Body
[2024-12-10T05:05:04.101Z] Error writing to Modbus register: A Modbus Exception Occurred - See Response Body
[2024-12-10T05:05:05.111Z] Error reading or processing Modbus registers: A Modbus Exception Occurred - See Response Body
[2024-12-10T05:05:05.113Z] Error reading register 6507 for IP 10.30.4.128: A Modbus Exception Occurred - See Response Body
[2024-12-10T05:05:05.114Z] Error reading actual data: A Modbus Exception Occurred - See Response Body
[2024-12-10T05:05:05.114Z] Error writing to Modbus register: A Modbus Exception Occurred - See Response Body
[2024-12-10T05:05:06.112Z] Error reading or processing Modbus registers: A Modbus Exception Occurred - See Response Body
[2024-12-10T05:05:06.114Z] Error reading register 6507 for IP 10.30.4.128: A Modbus Exception Occurred - See Response Body
[2024-12-10T05:05:06.115Z] Error reading actual data: A Modbus Exception Occurred - See Response Body
[2024-12-10T05:05:06.116Z] Error writing to Modbus register: A Modbus Exception Occurred - See Response Body
[2024-12-10T05:05:07.124Z] Error reading or processing Modbus registers: A Modbus Exception Occurred - See Response Body
[2024-12-10T05:05:07.127Z] Error reading register 6507 for IP 10.30.4.128: A Modbus Exception Occurred - See Response Body
[2024-12-10T05:05:07.127Z] Error reading actual data: A Modbus Exception Occurred - See Response Body
[2024-12-10T05:05:07.128Z] Error writing to Modbus register: A Modbus Exception Occurred - See Response Body
[2024-12-10T05:05:08.125Z] Error reading or processing Modbus registers: A Modbus Exception Occurred - See Response Body
[2024-12-10T05:05:08.128Z] Error reading register 6507 for IP 10.30.4.128: A Modbus Exception Occurred - See Response Body
[2024-12-10T05:05:08.129Z] Error reading actual data: A Modbus Exception Occurred - See Response Body
[2024-12-10T05:05:08.129Z] Error writing to Modbus register: A Modbus Exception Occurred - See Response Body
[2024-12-10T05:05:09.139Z] Error reading or processing Modbus registers: A Modbus Exception Occurred - See Response Body
[2024-12-10T05:05:09.141Z] Error reading register 6507 for IP 10.30.4.128: A Modbus Exception Occurred - See Response Body
[2024-12-10T05:05:09.141Z] Error reading actual data: A Modbus Exception Occurred - See Response Body
[2024-12-10T05:05:09.142Z] Error writing to Modbus register: A Modbus Exception Occurred - See Response Body
[2024-12-10T05:05:10.139Z] Error reading or processing Modbus registers: A Modbus Exception Occurred - See Response Body
[2024-12-10T05:05:10.141Z] Error reading register 6507 for IP 10.30.4.128: A Modbus Exception Occurred - See Response Body
[2024-12-10T05:05:10.142Z] Error reading actual data: A Modbus Exception Occurred - See Response Body
[2024-12-10T05:05:10.142Z] Error writing to Modbus register: A Modbus Exception Occurred - See Response Body
[2024-12-10T05:05:11.154Z] Error reading or processing Modbus registers: A Modbus Exception Occurred - See Response Body
[2024-12-10T05:05:11.156Z] Error reading register 6507 for IP 10.30.4.128: A Modbus Exception Occurred - See Response Body
[2024-12-10T05:05:11.156Z] Error reading actual data: A Modbus Exception Occurred - See Response Body
[2024-12-10T05:05:11.157Z] Error writing to Modbus register: A Modbus Exception Occurred - See Response Body
[2024-12-10T05:05:12.155Z] Error reading or processing Modbus registers: A Modbus Exception Occurred - See Response Body
[2024-12-10T05:05:12.157Z] Error reading register 6507 for IP 10.30.4.128: A Modbus Exception Occurred - See Response Body
[2024-12-10T05:05:12.158Z] Error reading actual data: A Modbus Exception Occurred - See Response Body
[2024-12-10T05:05:12.158Z] Error writing to Modbus register: A Modbus Exception Occurred - See Response Body
[2024-12-10T05:05:13.170Z] Error reading or processing Modbus registers: A Modbus Exception Occurred - See Response Body
[2024-12-10T05:05:13.174Z] Error reading register 6507 for IP 10.30.4.128: A Modbus Exception Occurred - See Response Body
[2024-12-10T05:05:13.175Z] Error reading actual data: A Modbus Exception Occurred - See Response Body
[2024-12-10T05:05:13.175Z] Error writing to Modbus register: A Modbus Exception Occurred - See Response Body
[2024-12-10T05:05:14.186Z] Error reading or processing Modbus registers: A Modbus Exception Occurred - See Response Body
[2024-12-10T05:05:14.188Z] Error reading register 6507 for IP 10.30.4.128: A Modbus Exception Occurred - See Response Body
[2024-12-10T05:05:14.188Z] Error reading actual data: A Modbus Exception Occurred - See Response Body
[2024-12-10T05:05:14.189Z] Error writing to Modbus register: A Modbus Exception Occurred - See Response Body
[2024-12-10T05:05:15.186Z] Error reading or processing Modbus registers: A Modbus Exception Occurred - See Response Body
[2024-12-10T05:05:15.188Z] Error reading register 6507 for IP 10.30.4.128: A Modbus Exception Occurred - See Response Body
[2024-12-10T05:05:15.188Z] Error reading actual data: A Modbus Exception Occurred - See Response Body
[2024-12-10T05:05:15.189Z] Error writing to Modbus register: A Modbus Exception Occurred - See Response Body
[2024-12-10T05:05:16.186Z] Error reading or processing Modbus registers: A Modbus Exception Occurred - See Response Body
[2024-12-10T05:05:16.188Z] Error reading register 6507 for IP 10.30.4.128: A Modbus Exception Occurred - See Response Body
[2024-12-10T05:05:16.189Z] Error reading actual data: A Modbus Exception Occurred - See Response Body
[2024-12-10T05:05:16.190Z] Error writing to Modbus register: A Modbus Exception Occurred - See Response Body
[2024-12-10T05:05:17.198Z] Error reading or processing Modbus registers: A Modbus Exception Occurred - See Response Body
[2024-12-10T05:05:17.200Z] Error reading register 6507 for IP 10.30.4.128: A Modbus Exception Occurred - See Response Body
[2024-12-10T05:05:17.201Z] Error reading actual data: A Modbus Exception Occurred - See Response Body
[2024-12-10T05:05:17.201Z] Error writing to Modbus register: A Modbus Exception Occurred - See Response Body
[2024-12-10T05:05:18.213Z] Error reading or processing Modbus registers: A Modbus Exception Occurred - See Response Body
[2024-12-10T05:05:18.215Z] Error reading register 6507 for IP 10.30.4.128: A Modbus Exception Occurred - See Response Body
[2024-12-10T05:05:18.215Z] Error reading actual data: A Modbus Exception Occurred - See Response Body
[2024-12-10T05:05:18.216Z] Error writing to Modbus register: A Modbus Exception Occurred - See Response Body
[2024-12-10T05:05:19.228Z] Error reading or processing Modbus registers: A Modbus Exception Occurred - See Response Body
[2024-12-10T05:05:19.230Z] Error reading register 6507 for IP 10.30.4.128: A Modbus Exception Occurred - See Response Body
[2024-12-10T05:05:19.231Z] Error reading actual data: A Modbus Exception Occurred - See Response Body
[2024-12-10T05:05:19.232Z] Error writing to Modbus register: A Modbus Exception Occurred - See Response Body
[2024-12-10T05:05:20.241Z] Error reading or processing Modbus registers: A Modbus Exception Occurred - See Response Body
[2024-12-10T05:05:20.243Z] Error reading register 6507 for IP 10.30.4.128: A Modbus Exception Occurred - See Response Body
[2024-12-10T05:05:20.243Z] Error reading actual data: A Modbus Exception Occurred - See Response Body
[2024-12-10T05:05:20.244Z] Error writing to Modbus register: A Modbus Exception Occurred - See Response Body
[2024-12-10T05:05:21.254Z] Error reading or processing Modbus registers: A Modbus Exception Occurred - See Response Body
[2024-12-10T05:05:21.256Z] Error reading register 6507 for IP 10.30.4.128: A Modbus Exception Occurred - See Response Body
[2024-12-10T05:05:21.257Z] Error reading actual data: A Modbus Exception Occurred - See Response Body
[2024-12-10T05:05:21.257Z] Error writing to Modbus register: A Modbus Exception Occurred - See Response Body
[2024-12-10T05:05:22.267Z] Error reading or processing Modbus registers: A Modbus Exception Occurred - See Response Body
[2024-12-10T05:05:22.269Z] Error reading register 6507 for IP 10.30.4.128: A Modbus Exception Occurred - See Response Body
[2024-12-10T05:05:22.270Z] Error reading actual data: A Modbus Exception Occurred - See Response Body
[2024-12-10T05:05:22.271Z] Error writing to Modbus register: A Modbus Exception Occurred - See Response Body
[2024-12-10T05:05:23.268Z] Error reading or processing Modbus registers: A Modbus Exception Occurred - See Response Body
[2024-12-10T05:05:23.270Z] Error reading register 6507 for IP 10.30.4.128: A Modbus Exception Occurred - See Response Body
[2024-12-10T05:05:23.271Z] Error reading actual data: A Modbus Exception Occurred - See Response Body
[2024-12-10T05:05:23.271Z] Error writing to Modbus register: A Modbus Exception Occurred - See Response Body
[2024-12-10T05:05:24.283Z] Error reading or processing Modbus registers: A Modbus Exception Occurred - See Response Body
[2024-12-10T05:05:24.285Z] Error reading register 6507 for IP 10.30.4.128: A Modbus Exception Occurred - See Response Body
[2024-12-10T05:05:24.285Z] Error reading actual data: A Modbus Exception Occurred - See Response Body
[2024-12-10T05:05:24.286Z] Error writing to Modbus register: A Modbus Exception Occurred - See Response Body
[2024-12-10T05:05:25.296Z] Error reading or processing Modbus registers: A Modbus Exception Occurred - See Response Body
[2024-12-10T05:05:25.299Z] Error reading register 6507 for IP 10.30.4.128: A Modbus Exception Occurred - See Response Body
[2024-12-10T05:05:25.300Z] Error reading actual data: A Modbus Exception Occurred - See Response Body
[2024-12-10T05:05:25.301Z] Error writing to Modbus register: A Modbus Exception Occurred - See Response Body
[2024-12-10T05:05:26.299Z] Error reading or processing Modbus registers: A Modbus Exception Occurred - See Response Body
[2024-12-10T05:05:26.301Z] Error reading register 6507 for IP 10.30.4.128: A Modbus Exception Occurred - See Response Body
[2024-12-10T05:05:26.302Z] Error reading actual data: A Modbus Exception Occurred - See Response Body
[2024-12-10T05:05:26.303Z] Error writing to Modbus register: A Modbus Exception Occurred - See Response Body
[2024-12-10T05:05:27.300Z] Error reading or processing Modbus registers: A Modbus Exception Occurred - See Response Body
[2024-12-10T05:05:27.302Z] Error reading register 6507 for IP 10.30.4.128: A Modbus Exception Occurred - See Response Body
[2024-12-10T05:05:27.302Z] Error reading actual data: A Modbus Exception Occurred - See Response Body
[2024-12-10T05:05:27.303Z] Error writing to Modbus register: A Modbus Exception Occurred - See Response Body
[2024-12-10T05:05:28.301Z] Error reading or processing Modbus registers: A Modbus Exception Occurred - See Response Body
[2024-12-10T05:05:28.303Z] Error reading register 6507 for IP 10.30.4.128: A Modbus Exception Occurred - See Response Body
[2024-12-10T05:05:28.304Z] Error reading actual data: A Modbus Exception Occurred - See Response Body
[2024-12-10T05:05:28.305Z] Error writing to Modbus register: A Modbus Exception Occurred - See Response Body
[2024-12-10T05:05:29.312Z] Error reading or processing Modbus registers: A Modbus Exception Occurred - See Response Body
[2024-12-10T05:05:29.314Z] Error reading register 6507 for IP 10.30.4.128: A Modbus Exception Occurred - See Response Body
[2024-12-10T05:05:29.315Z] Error reading actual data: A Modbus Exception Occurred - See Response Body
[2024-12-10T05:05:29.315Z] Error writing to Modbus register: A Modbus Exception Occurred - See Response Body
[2024-12-10T05:05:30.325Z] Error reading or processing Modbus registers: A Modbus Exception Occurred - See Response Body
[2024-12-10T05:05:30.327Z] Error reading register 6507 for IP 10.30.4.128: A Modbus Exception Occurred - See Response Body
[2024-12-10T05:05:30.328Z] Error reading actual data: A Modbus Exception Occurred - See Response Body
[2024-12-10T05:05:30.329Z] Error writing to Modbus register: A Modbus Exception Occurred - See Response Body
[2024-12-10T05:05:31.335Z] Error reading or processing Modbus registers: A Modbus Exception Occurred - See Response Body
[2024-12-10T05:05:31.337Z] Error reading register 6507 for IP 10.30.4.128: A Modbus Exception Occurred - See Response Body
[2024-12-10T05:05:31.338Z] Error reading actual data: A Modbus Exception Occurred - See Response Body
[2024-12-10T05:05:31.338Z] Error writing to Modbus register: A Modbus Exception Occurred - See Response Body
[2024-12-10T05:05:32.334Z] Error reading or processing Modbus registers: A Modbus Exception Occurred - See Response Body
[2024-12-10T05:05:32.337Z] Error reading register 6507 for IP 10.30.4.128: A Modbus Exception Occurred - See Response Body
[2024-12-10T05:05:32.338Z] Error reading actual data: A Modbus Exception Occurred - See Response Body
[2024-12-10T05:05:32.338Z] Error writing to Modbus register: A Modbus Exception Occurred - See Response Body
[2024-12-10T05:05:33.338Z] Error reading or processing Modbus registers: A Modbus Exception Occurred - See Response Body
[2024-12-10T05:05:33.340Z] Error reading register 6507 for IP 10.30.4.128: A Modbus Exception Occurred - See Response Body
[2024-12-10T05:05:33.341Z] Error reading actual data: A Modbus Exception Occurred - See Response Body
[2024-12-10T05:05:33.342Z] Error writing to Modbus register: A Modbus Exception Occurred - See Response Body
[2024-12-10T05:05:34.352Z] Error reading or processing Modbus registers: A Modbus Exception Occurred - See Response Body
[2024-12-10T05:05:34.354Z] Error reading register 6507 for IP 10.30.4.128: A Modbus Exception Occurred - See Response Body
[2024-12-10T05:05:34.355Z] Error reading actual data: A Modbus Exception Occurred - See Response Body
[2024-12-10T05:05:34.355Z] Error writing to Modbus register: A Modbus Exception Occurred - See Response Body
[2024-12-10T05:05:35.366Z] Error reading or processing Modbus registers: A Modbus Exception Occurred - See Response Body
[2024-12-10T05:05:35.368Z] Error reading register 6507 for IP 10.30.4.128: A Modbus Exception Occurred - See Response Body
[2024-12-10T05:05:35.368Z] Error reading actual data: A Modbus Exception Occurred - See Response Body
[2024-12-10T05:05:35.368Z] Error writing to Modbus register: A Modbus Exception Occurred - See Response Body
[2024-12-10T05:05:36.368Z] Error reading or processing Modbus registers: A Modbus Exception Occurred - See Response Body
[2024-12-10T05:05:36.370Z] Error reading register 6507 for IP 10.30.4.128: A Modbus Exception Occurred - See Response Body
[2024-12-10T05:05:36.370Z] Error reading actual data: A Modbus Exception Occurred - See Response Body
[2024-12-10T05:05:36.371Z] Error writing to Modbus register: A Modbus Exception Occurred - See Response Body
[2024-12-10T05:05:37.378Z] Error reading or processing Modbus registers: A Modbus Exception Occurred - See Response Body
[2024-12-10T05:05:37.380Z] Error reading register 6507 for IP 10.30.4.128: A Modbus Exception Occurred - See Response Body
[2024-12-10T05:05:37.381Z] Error reading actual data: A Modbus Exception Occurred - See Response Body
[2024-12-10T05:05:37.381Z] Error writing to Modbus register: A Modbus Exception Occurred - See Response Body
[2024-12-10T05:05:38.389Z] Error reading or processing Modbus registers: A Modbus Exception Occurred - See Response Body
[2024-12-10T05:05:38.391Z] Error reading register 6507 for IP 10.30.4.128: A Modbus Exception Occurred - See Response Body
[2024-12-10T05:05:38.392Z] Error reading actual data: A Modbus Exception Occurred - See Response Body
[2024-12-10T05:05:38.394Z] Error writing to Modbus register: A Modbus Exception Occurred - See Response Body
[2024-12-10T05:05:39.401Z] Error reading or processing Modbus registers: A Modbus Exception Occurred - See Response Body
[2024-12-10T05:05:39.403Z] Error reading register 6507 for IP 10.30.4.128: A Modbus Exception Occurred - See Response Body
[2024-12-10T05:05:39.404Z] Error reading actual data: A Modbus Exception Occurred - See Response Body
[2024-12-10T05:05:39.405Z] Error writing to Modbus register: A Modbus Exception Occurred - See Response Body
[2024-12-10T05:05:40.412Z] Error reading or processing Modbus registers: A Modbus Exception Occurred - See Response Body
[2024-12-10T05:05:40.414Z] Error reading register 6507 for IP 10.30.4.128: A Modbus Exception Occurred - See Response Body
[2024-12-10T05:05:40.415Z] Error reading actual data: A Modbus Exception Occurred - See Response Body
[2024-12-10T05:05:40.415Z] Error writing to Modbus register: A Modbus Exception Occurred - See Response Body
[2024-12-10T05:05:41.419Z] Error reading or processing Modbus registers: A Modbus Exception Occurred - See Response Body
[2024-12-10T05:05:41.421Z] Error reading register 6507 for IP 10.30.4.128: A Modbus Exception Occurred - See Response Body
[2024-12-10T05:05:41.421Z] Error reading actual data: A Modbus Exception Occurred - See Response Body
[2024-12-10T05:05:41.422Z] Error writing to Modbus register: A Modbus Exception Occurred - See Response Body
[2024-12-10T05:05:42.429Z] Error reading or processing Modbus registers: A Modbus Exception Occurred - See Response Body
[2024-12-10T05:05:42.432Z] Error reading register 6507 for IP 10.30.4.128: A Modbus Exception Occurred - See Response Body
[2024-12-10T05:05:42.433Z] Error reading actual data: A Modbus Exception Occurred - See Response Body
[2024-12-10T05:05:42.433Z] Error writing to Modbus register: A Modbus Exception Occurred - See Response Body
[2024-12-10T05:05:43.439Z] Error reading or processing Modbus registers: A Modbus Exception Occurred - See Response Body
[2024-12-10T05:05:43.442Z] Error reading register 6507 for IP 10.30.4.128: A Modbus Exception Occurred - See Response Body
[2024-12-10T05:05:43.443Z] Error reading actual data: A Modbus Exception Occurred - See Response Body
[2024-12-10T05:05:43.443Z] Error writing to Modbus register: A Modbus Exception Occurred - See Response Body
[2024-12-10T05:05:44.451Z] Error reading or processing Modbus registers: A Modbus Exception Occurred - See Response Body
[2024-12-10T05:05:44.452Z] Error reading register 6507 for IP 10.30.4.128: A Modbus Exception Occurred - See Response Body
[2024-12-10T05:05:44.453Z] Error reading actual data: A Modbus Exception Occurred - See Response Body
[2024-12-10T05:05:44.453Z] Error writing to Modbus register: A Modbus Exception Occurred - See Response Body
[2024-12-10T05:05:45.462Z] Error reading or processing Modbus registers: A Modbus Exception Occurred - See Response Body
[2024-12-10T05:05:45.464Z] Error reading register 6507 for IP 10.30.4.128: A Modbus Exception Occurred - See Response Body
[2024-12-10T05:05:45.465Z] Error reading actual data: A Modbus Exception Occurred - See Response Body
[2024-12-10T05:05:45.465Z] Error writing to Modbus register: A Modbus Exception Occurred - See Response Body
[2024-12-10T05:05:46.476Z] Error reading or processing Modbus registers: A Modbus Exception Occurred - See Response Body
[2024-12-10T05:05:46.478Z] Error reading register 6507 for IP 10.30.4.128: A Modbus Exception Occurred - See Response Body
[2024-12-10T05:05:46.479Z] Error reading actual data: A Modbus Exception Occurred - See Response Body
[2024-12-10T05:05:46.480Z] Error writing to Modbus register: A Modbus Exception Occurred - See Response Body
[2024-12-10T05:05:47.477Z] Error reading or processing Modbus registers: A Modbus Exception Occurred - See Response Body
[2024-12-10T05:05:47.479Z] Error reading register 6507 for IP 10.30.4.128: A Modbus Exception Occurred - See Response Body
[2024-12-10T05:05:47.480Z] Error reading actual data: A Modbus Exception Occurred - See Response Body
[2024-12-10T05:05:47.480Z] Error writing to Modbus register: A Modbus Exception Occurred - See Response Body
[2024-12-10T05:05:48.489Z] Error reading or processing Modbus registers: A Modbus Exception Occurred - See Response Body
[2024-12-10T05:05:48.491Z] Error reading register 6507 for IP 10.30.4.128: A Modbus Exception Occurred - See Response Body
[2024-12-10T05:05:48.492Z] Error reading actual data: A Modbus Exception Occurred - See Response Body
[2024-12-10T05:05:48.493Z] Error writing to Modbus register: A Modbus Exception Occurred - See Response Body
[2024-12-10T05:05:49.502Z] Error reading or processing Modbus registers: A Modbus Exception Occurred - See Response Body
[2024-12-10T05:05:49.504Z] Error reading register 6507 for IP 10.30.4.128: A Modbus Exception Occurred - See Response Body
[2024-12-10T05:05:49.505Z] Error reading actual data: A Modbus Exception Occurred - See Response Body
[2024-12-10T05:05:49.506Z] Error writing to Modbus register: A Modbus Exception Occurred - See Response Body
[2024-12-10T05:05:50.502Z] Error reading or processing Modbus registers: A Modbus Exception Occurred - See Response Body
[2024-12-10T05:05:50.504Z] Error reading register 6507 for IP 10.30.4.128: A Modbus Exception Occurred - See Response Body
[2024-12-10T05:05:50.505Z] Error reading actual data: A Modbus Exception Occurred - See Response Body
[2024-12-10T05:05:50.506Z] Error writing to Modbus register: A Modbus Exception Occurred - See Response Body
[2024-12-10T05:05:51.514Z] Error reading or processing Modbus registers: A Modbus Exception Occurred - See Response Body
[2024-12-10T05:05:51.516Z] Error reading register 6507 for IP 10.30.4.128: A Modbus Exception Occurred - See Response Body
[2024-12-10T05:05:51.516Z] Error reading actual data: A Modbus Exception Occurred - See Response Body
[2024-12-10T05:05:51.520Z] Error writing to Modbus register: A Modbus Exception Occurred - See Response Body
[2024-12-10T05:05:52.527Z] Error reading or processing Modbus registers: A Modbus Exception Occurred - See Response Body
[2024-12-10T05:05:52.529Z] Error reading register 6507 for IP 10.30.4.128: A Modbus Exception Occurred - See Response Body
[2024-12-10T05:05:52.530Z] Error reading actual data: A Modbus Exception Occurred - See Response Body
[2024-12-10T05:05:52.530Z] Error writing to Modbus register: A Modbus Exception Occurred - See Response Body
[2024-12-10T05:05:53.541Z] Error reading or processing Modbus registers: A Modbus Exception Occurred - See Response Body
[2024-12-10T05:05:53.543Z] Error reading register 6507 for IP 10.30.4.128: A Modbus Exception Occurred - See Response Body
[2024-12-10T05:05:53.543Z] Error reading actual data: A Modbus Exception Occurred - See Response Body
[2024-12-10T05:05:53.544Z] Error writing to Modbus register: A Modbus Exception Occurred - See Response Body
[2024-12-10T05:05:54.542Z] Error reading or processing Modbus registers: A Modbus Exception Occurred - See Response Body
[2024-12-10T05:05:54.544Z] Error reading register 6507 for IP 10.30.4.128: A Modbus Exception Occurred - See Response Body
[2024-12-10T05:05:54.545Z] Error reading actual data: A Modbus Exception Occurred - See Response Body
[2024-12-10T05:05:54.546Z] Error writing to Modbus register: A Modbus Exception Occurred - See Response Body
[2024-12-10T05:05:55.556Z] Error reading or processing Modbus registers: A Modbus Exception Occurred - See Response Body
[2024-12-10T05:05:55.558Z] Error reading register 6507 for IP 10.30.4.128: A Modbus Exception Occurred - See Response Body
[2024-12-10T05:05:55.559Z] Error reading actual data: A Modbus Exception Occurred - See Response Body
[2024-12-10T05:05:55.559Z] Error writing to Modbus register: A Modbus Exception Occurred - See Response Body
[2024-12-10T05:05:56.570Z] Error reading or processing Modbus registers: A Modbus Exception Occurred - See Response Body
[2024-12-10T05:05:56.572Z] Error reading register 6507 for IP 10.30.4.128: A Modbus Exception Occurred - See Response Body
[2024-12-10T05:05:56.572Z] Error reading actual data: A Modbus Exception Occurred - See Response Body
[2024-12-10T05:05:56.573Z] Error writing to Modbus register: A Modbus Exception Occurred - See Response Body
[2024-12-10T05:05:57.582Z] Error reading or processing Modbus registers: A Modbus Exception Occurred - See Response Body
[2024-12-10T05:05:57.584Z] Error reading register 6507 for IP 10.30.4.128: A Modbus Exception Occurred - See Response Body
[2024-12-10T05:05:57.585Z] Error reading actual data: A Modbus Exception Occurred - See Response Body
[2024-12-10T05:05:57.585Z] Error writing to Modbus register: A Modbus Exception Occurred - See Response Body
[2024-12-10T05:05:58.584Z] Error reading or processing Modbus registers: A Modbus Exception Occurred - See Response Body
[2024-12-10T05:05:58.586Z] Error reading register 6507 for IP 10.30.4.128: A Modbus Exception Occurred - See Response Body
[2024-12-10T05:05:58.586Z] Error reading actual data: A Modbus Exception Occurred - See Response Body
[2024-12-10T05:05:58.587Z] Error writing to Modbus register: A Modbus Exception Occurred - See Response Body
[2024-12-10T05:05:59.597Z] Error reading or processing Modbus registers: A Modbus Exception Occurred - See Response Body
[2024-12-10T05:05:59.600Z] Error reading register 6507 for IP 10.30.4.128: A Modbus Exception Occurred - See Response Body
[2024-12-10T05:05:59.600Z] Error reading actual data: A Modbus Exception Occurred - See Response Body
[2024-12-10T05:05:59.601Z] Error writing to Modbus register: A Modbus Exception Occurred - See Response Body
[2024-12-10T05:06:00.611Z] Error reading or processing Modbus registers: A Modbus Exception Occurred - See Response Body
[2024-12-10T05:06:00.613Z] Error reading register 6507 for IP 10.30.4.128: A Modbus Exception Occurred - See Response Body
[2024-12-10T05:06:00.613Z] Error reading actual data: A Modbus Exception Occurred - See Response Body
[2024-12-10T05:06:00.614Z] Error writing to Modbus register: A Modbus Exception Occurred - See Response Body
[2024-12-10T05:06:01.626Z] Error reading or processing Modbus registers: A Modbus Exception Occurred - See Response Body
[2024-12-10T05:06:01.628Z] Error reading register 6507 for IP 10.30.4.128: A Modbus Exception Occurred - See Response Body
[2024-12-10T05:06:01.629Z] Error reading actual data: A Modbus Exception Occurred - See Response Body
[2024-12-10T05:06:01.630Z] Error writing to Modbus register: A Modbus Exception Occurred - See Response Body
[2024-12-10T05:06:02.640Z] Error reading or processing Modbus registers: A Modbus Exception Occurred - See Response Body
[2024-12-10T05:06:02.643Z] Error reading register 6507 for IP 10.30.4.128: A Modbus Exception Occurred - See Response Body
[2024-12-10T05:06:02.643Z] Error reading actual data: A Modbus Exception Occurred - See Response Body
[2024-12-10T05:06:02.644Z] Error writing to Modbus register: A Modbus Exception Occurred - See Response Body
[2024-12-10T05:06:03.652Z] Error reading or processing Modbus registers: A Modbus Exception Occurred - See Response Body
[2024-12-10T05:06:03.654Z] Error reading register 6507 for IP 10.30.4.128: A Modbus Exception Occurred - See Response Body
[2024-12-10T05:06:03.655Z] Error reading actual data: A Modbus Exception Occurred - See Response Body
[2024-12-10T05:06:03.656Z] Error writing to Modbus register: A Modbus Exception Occurred - See Response Body
[2024-12-10T05:06:04.667Z] Error reading or processing Modbus registers: A Modbus Exception Occurred - See Response Body
[2024-12-10T05:06:04.669Z] Error reading register 6507 for IP 10.30.4.128: A Modbus Exception Occurred - See Response Body
[2024-12-10T05:06:04.670Z] Error reading actual data: A Modbus Exception Occurred - See Response Body
[2024-12-10T05:06:04.671Z] Error writing to Modbus register: A Modbus Exception Occurred - See Response Body
[2024-12-10T05:06:05.681Z] Error reading or processing Modbus registers: A Modbus Exception Occurred - See Response Body
[2024-12-10T05:06:05.684Z] Error reading register 6507 for IP 10.30.4.128: A Modbus Exception Occurred - See Response Body
[2024-12-10T05:06:05.684Z] Error reading actual data: A Modbus Exception Occurred - See Response Body
[2024-12-10T05:06:05.685Z] Error writing to Modbus register: A Modbus Exception Occurred - See Response Body
[2024-12-10T05:06:06.684Z] Error reading or processing Modbus registers: A Modbus Exception Occurred - See Response Body
[2024-12-10T05:06:06.686Z] Error reading register 6507 for IP 10.30.4.128: A Modbus Exception Occurred - See Response Body
[2024-12-10T05:06:06.687Z] Error reading actual data: A Modbus Exception Occurred - See Response Body
[2024-12-10T05:06:06.687Z] Error writing to Modbus register: A Modbus Exception Occurred - See Response Body
[2024-12-10T05:06:07.697Z] Error reading or processing Modbus registers: A Modbus Exception Occurred - See Response Body
[2024-12-10T05:06:07.699Z] Error reading register 6507 for IP 10.30.4.128: A Modbus Exception Occurred - See Response Body
[2024-12-10T05:06:07.700Z] Error reading actual data: A Modbus Exception Occurred - See Response Body
[2024-12-10T05:06:07.700Z] Error writing to Modbus register: A Modbus Exception Occurred - See Response Body
[2024-12-10T05:06:08.711Z] Error reading or processing Modbus registers: A Modbus Exception Occurred - See Response Body
[2024-12-10T05:06:08.713Z] Error reading register 6507 for IP 10.30.4.128: A Modbus Exception Occurred - See Response Body
[2024-12-10T05:06:08.714Z] Error reading actual data: A Modbus Exception Occurred - See Response Body
[2024-12-10T05:06:08.714Z] Error writing to Modbus register: A Modbus Exception Occurred - See Response Body
[2024-12-10T05:06:09.726Z] Error reading or processing Modbus registers: A Modbus Exception Occurred - See Response Body
[2024-12-10T05:06:09.728Z] Error reading register 6507 for IP 10.30.4.128: A Modbus Exception Occurred - See Response Body
[2024-12-10T05:06:09.729Z] Error reading actual data: A Modbus Exception Occurred - See Response Body
[2024-12-10T05:06:09.730Z] Error writing to Modbus register: A Modbus Exception Occurred - See Response Body
[2024-12-10T05:06:10.726Z] Error reading or processing Modbus registers: A Modbus Exception Occurred - See Response Body
[2024-12-10T05:06:10.728Z] Error reading register 6507 for IP 10.30.4.128: A Modbus Exception Occurred - See Response Body
[2024-12-10T05:06:10.729Z] Error reading actual data: A Modbus Exception Occurred - See Response Body
[2024-12-10T05:06:10.729Z] Error writing to Modbus register: A Modbus Exception Occurred - See Response Body
[2024-12-10T05:06:11.727Z] Error reading or processing Modbus registers: A Modbus Exception Occurred - See Response Body
[2024-12-10T05:06:11.729Z] Error reading register 6507 for IP 10.30.4.128: A Modbus Exception Occurred - See Response Body
[2024-12-10T05:06:11.730Z] Error reading actual data: A Modbus Exception Occurred - See Response Body
[2024-12-10T05:06:11.730Z] Error writing to Modbus register: A Modbus Exception Occurred - See Response Body
[2024-12-10T05:06:12.739Z] Error reading or processing Modbus registers: A Modbus Exception Occurred - See Response Body
[2024-12-10T05:06:12.741Z] Error reading register 6507 for IP 10.30.4.128: A Modbus Exception Occurred - See Response Body
[2024-12-10T05:06:12.742Z] Error reading actual data: A Modbus Exception Occurred - See Response Body
[2024-12-10T05:06:12.742Z] Error writing to Modbus register: A Modbus Exception Occurred - See Response Body
[2024-12-10T05:06:13.740Z] Error reading or processing Modbus registers: A Modbus Exception Occurred - See Response Body
[2024-12-10T05:06:13.741Z] Error reading register 6507 for IP 10.30.4.128: A Modbus Exception Occurred - See Response Body
[2024-12-10T05:06:13.743Z] Error writing to Modbus register: A Modbus Exception Occurred - See Response Body
[2024-12-10T05:06:13.742Z] Error reading actual data: A Modbus Exception Occurred - See Response Body
[2024-12-10T05:06:14.740Z] Error reading or processing Modbus registers: A Modbus Exception Occurred - See Response Body
[2024-12-10T05:06:14.742Z] Error reading register 6507 for IP 10.30.4.128: A Modbus Exception Occurred - See Response Body
[2024-12-10T05:06:14.742Z] Error reading actual data: A Modbus Exception Occurred - See Response Body
[2024-12-10T05:06:14.742Z] Error writing to Modbus register: A Modbus Exception Occurred - See Response Body
[2024-12-10T05:06:15.749Z] Error reading or processing Modbus registers: A Modbus Exception Occurred - See Response Body
[2024-12-10T05:06:15.751Z] Error reading register 6507 for IP 10.30.4.128: A Modbus Exception Occurred - See Response Body
[2024-12-10T05:06:15.751Z] Error reading actual data: A Modbus Exception Occurred - See Response Body
[2024-12-10T05:06:15.752Z] Error writing to Modbus register: A Modbus Exception Occurred - See Response Body
[2024-12-10T05:06:16.753Z] Error reading or processing Modbus registers: A Modbus Exception Occurred - See Response Body
[2024-12-10T05:06:16.754Z] Error reading register 6507 for IP 10.30.4.128: A Modbus Exception Occurred - See Response Body
[2024-12-10T05:06:16.755Z] Error reading actual data: A Modbus Exception Occurred - See Response Body
[2024-12-10T05:06:16.755Z] Error writing to Modbus register: A Modbus Exception Occurred - See Response Body
[2024-12-10T05:06:17.756Z] Error reading or processing Modbus registers: A Modbus Exception Occurred - See Response Body
[2024-12-10T05:06:17.757Z] Error reading register 6507 for IP 10.30.4.128: A Modbus Exception Occurred - See Response Body
[2024-12-10T05:06:17.758Z] Error reading actual data: A Modbus Exception Occurred - See Response Body
[2024-12-10T05:06:17.758Z] Error writing to Modbus register: A Modbus Exception Occurred - See Response Body
[2024-12-10T05:06:18.770Z] Error reading or processing Modbus registers: A Modbus Exception Occurred - See Response Body
[2024-12-10T05:06:18.772Z] Error reading register 6507 for IP 10.30.4.128: A Modbus Exception Occurred - See Response Body
[2024-12-10T05:06:18.773Z] Error reading actual data: A Modbus Exception Occurred - See Response Body
[2024-12-10T05:06:18.774Z] Error writing to Modbus register: A Modbus Exception Occurred - See Response Body
[2024-12-10T05:06:19.785Z] Error reading or processing Modbus registers: A Modbus Exception Occurred - See Response Body
[2024-12-10T05:06:19.787Z] Error reading register 6507 for IP 10.30.4.128: A Modbus Exception Occurred - See Response Body
[2024-12-10T05:06:19.787Z] Error reading actual data: A Modbus Exception Occurred - See Response Body
[2024-12-10T05:06:19.788Z] Error writing to Modbus register: A Modbus Exception Occurred - See Response Body
[2024-12-10T05:06:20.788Z] Error reading or processing Modbus registers: A Modbus Exception Occurred - See Response Body
[2024-12-10T05:06:20.789Z] Error reading register 6507 for IP 10.30.4.128: A Modbus Exception Occurred - See Response Body
[2024-12-10T05:06:20.790Z] Error reading actual data: A Modbus Exception Occurred - See Response Body
[2024-12-10T05:06:20.790Z] Error writing to Modbus register: A Modbus Exception Occurred - See Response Body
[2024-12-10T05:06:21.789Z] Error reading or processing Modbus registers: A Modbus Exception Occurred - See Response Body
[2024-12-10T05:06:21.791Z] Error reading register 6507 for IP 10.30.4.128: A Modbus Exception Occurred - See Response Body
[2024-12-10T05:06:21.792Z] Error reading actual data: A Modbus Exception Occurred - See Response Body
[2024-12-10T05:06:21.793Z] Error writing to Modbus register: A Modbus Exception Occurred - See Response Body
[2024-12-10T05:06:22.803Z] Error reading or processing Modbus registers: A Modbus Exception Occurred - See Response Body
[2024-12-10T05:06:22.805Z] Error reading register 6507 for IP 10.30.4.128: A Modbus Exception Occurred - See Response Body
[2024-12-10T05:06:22.806Z] Error reading actual data: A Modbus Exception Occurred - See Response Body
[2024-12-10T05:06:22.806Z] Error writing to Modbus register: A Modbus Exception Occurred - See Response Body
[2024-12-10T05:06:23.816Z] Error reading or processing Modbus registers: A Modbus Exception Occurred - See Response Body
[2024-12-10T05:06:23.818Z] Error reading register 6507 for IP 10.30.4.128: A Modbus Exception Occurred - See Response Body
[2024-12-10T05:06:23.819Z] Error reading actual data: A Modbus Exception Occurred - See Response Body
[2024-12-10T05:06:23.819Z] Error writing to Modbus register: A Modbus Exception Occurred - See Response Body
[2024-12-10T05:06:24.831Z] Error reading or processing Modbus registers: A Modbus Exception Occurred - See Response Body
[2024-12-10T05:06:24.834Z] Error reading register 6507 for IP 10.30.4.128: A Modbus Exception Occurred - See Response Body
[2024-12-10T05:06:24.834Z] Error reading actual data: A Modbus Exception Occurred - See Response Body
[2024-12-10T05:06:24.835Z] Error writing to Modbus register: A Modbus Exception Occurred - See Response Body
[2024-12-10T05:06:25.845Z] Error reading or processing Modbus registers: A Modbus Exception Occurred - See Response Body
[2024-12-10T05:06:25.847Z] Error reading register 6507 for IP 10.30.4.128: A Modbus Exception Occurred - See Response Body
[2024-12-10T05:06:25.848Z] Error reading actual data: A Modbus Exception Occurred - See Response Body
[2024-12-10T05:06:25.848Z] Error writing to Modbus register: A Modbus Exception Occurred - See Response Body
[2024-12-10T05:06:26.859Z] Error reading or processing Modbus registers: A Modbus Exception Occurred - See Response Body
[2024-12-10T05:06:26.862Z] Error reading register 6507 for IP 10.30.4.128: A Modbus Exception Occurred - See Response Body
[2024-12-10T05:06:26.863Z] Error reading actual data: A Modbus Exception Occurred - See Response Body
[2024-12-10T05:06:26.863Z] Error writing to Modbus register: A Modbus Exception Occurred - See Response Body
[2024-12-10T05:06:27.860Z] Error reading or processing Modbus registers: A Modbus Exception Occurred - See Response Body
[2024-12-10T05:06:27.862Z] Error reading register 6507 for IP 10.30.4.128: A Modbus Exception Occurred - See Response Body
[2024-12-10T05:06:27.863Z] Error reading actual data: A Modbus Exception Occurred - See Response Body
[2024-12-10T05:06:27.864Z] Error writing to Modbus register: A Modbus Exception Occurred - See Response Body
[2024-12-10T05:06:28.862Z] Error reading or processing Modbus registers: A Modbus Exception Occurred - See Response Body
[2024-12-10T05:06:28.865Z] Error reading register 6507 for IP 10.30.4.128: A Modbus Exception Occurred - See Response Body
[2024-12-10T05:06:28.865Z] Error reading actual data: A Modbus Exception Occurred - See Response Body
[2024-12-10T05:06:28.866Z] Error writing to Modbus register: A Modbus Exception Occurred - See Response Body
[2024-12-10T05:06:29.876Z] Error reading or processing Modbus registers: A Modbus Exception Occurred - See Response Body
[2024-12-10T05:06:29.878Z] Error reading register 6507 for IP 10.30.4.128: A Modbus Exception Occurred - See Response Body
[2024-12-10T05:06:29.878Z] Error reading actual data: A Modbus Exception Occurred - See Response Body
[2024-12-10T05:06:29.879Z] Error writing to Modbus register: A Modbus Exception Occurred - See Response Body
[2024-12-10T05:06:30.876Z] Error reading or processing Modbus registers: A Modbus Exception Occurred - See Response Body
[2024-12-10T05:06:30.878Z] Error reading register 6507 for IP 10.30.4.128: A Modbus Exception Occurred - See Response Body
[2024-12-10T05:06:30.878Z] Error reading actual data: A Modbus Exception Occurred - See Response Body
[2024-12-10T05:06:30.879Z] Error writing to Modbus register: A Modbus Exception Occurred - See Response Body
[2024-12-10T05:06:31.879Z] Error reading or processing Modbus registers: A Modbus Exception Occurred - See Response Body
[2024-12-10T05:06:31.881Z] Error reading register 6507 for IP 10.30.4.128: A Modbus Exception Occurred - See Response Body
[2024-12-10T05:06:31.882Z] Error reading actual data: A Modbus Exception Occurred - See Response Body
[2024-12-10T05:06:31.883Z] Error writing to Modbus register: A Modbus Exception Occurred - See Response Body
[2024-12-10T05:06:32.882Z] Error reading or processing Modbus registers: A Modbus Exception Occurred - See Response Body
[2024-12-10T05:06:32.884Z] Error reading register 6507 for IP 10.30.4.128: A Modbus Exception Occurred - See Response Body
[2024-12-10T05:06:32.885Z] Error reading actual data: A Modbus Exception Occurred - See Response Body
[2024-12-10T05:06:32.885Z] Error writing to Modbus register: A Modbus Exception Occurred - See Response Body
[2024-12-10T05:06:33.885Z] Error reading or processing Modbus registers: A Modbus Exception Occurred - See Response Body
[2024-12-10T05:06:33.888Z] Error reading register 6507 for IP 10.30.4.128: A Modbus Exception Occurred - See Response Body
[2024-12-10T05:06:33.888Z] Error reading actual data: A Modbus Exception Occurred - See Response Body
[2024-12-10T05:06:33.889Z] Error writing to Modbus register: A Modbus Exception Occurred - See Response Body
[2024-12-10T05:06:34.897Z] Error reading or processing Modbus registers: A Modbus Exception Occurred - See Response Body
[2024-12-10T05:06:34.900Z] Error reading register 6507 for IP 10.30.4.128: A Modbus Exception Occurred - See Response Body
[2024-12-10T05:06:34.900Z] Error reading actual data: A Modbus Exception Occurred - See Response Body
[2024-12-10T05:06:34.901Z] Error writing to Modbus register: A Modbus Exception Occurred - See Response Body
[2024-12-10T05:06:35.913Z] Error reading or processing Modbus registers: A Modbus Exception Occurred - See Response Body
[2024-12-10T05:06:35.916Z] Error reading register 6507 for IP 10.30.4.128: A Modbus Exception Occurred - See Response Body
[2024-12-10T05:06:35.916Z] Error reading actual data: A Modbus Exception Occurred - See Response Body
[2024-12-10T05:06:35.917Z] Error writing to Modbus register: A Modbus Exception Occurred - See Response Body
[2024-12-10T05:06:36.924Z] Error reading or processing Modbus registers: A Modbus Exception Occurred - See Response Body
[2024-12-10T05:06:36.927Z] Error reading register 6507 for IP 10.30.4.128: A Modbus Exception Occurred - See Response Body
[2024-12-10T05:06:36.928Z] Error reading actual data: A Modbus Exception Occurred - See Response Body
[2024-12-10T05:06:36.928Z] Error writing to Modbus register: A Modbus Exception Occurred - See Response Body
[2024-12-10T05:06:37.938Z] Error reading or processing Modbus registers: A Modbus Exception Occurred - See Response Body
[2024-12-10T05:06:37.940Z] Error reading register 6507 for IP 10.30.4.128: A Modbus Exception Occurred - See Response Body
[2024-12-10T05:06:37.941Z] Error reading actual data: A Modbus Exception Occurred - See Response Body
[2024-12-10T05:06:37.942Z] Error writing to Modbus register: A Modbus Exception Occurred - See Response Body
[2024-12-10T05:06:38.952Z] Error reading or processing Modbus registers: A Modbus Exception Occurred - See Response Body
[2024-12-10T05:06:38.955Z] Error reading register 6507 for IP 10.30.4.128: A Modbus Exception Occurred - See Response Body
[2024-12-10T05:06:38.956Z] Error reading actual data: A Modbus Exception Occurred - See Response Body
[2024-12-10T05:06:38.956Z] Error writing to Modbus register: A Modbus Exception Occurred - See Response Body
[2024-12-10T05:06:39.965Z] Error reading or processing Modbus registers: A Modbus Exception Occurred - See Response Body
[2024-12-10T05:06:39.968Z] Error reading register 6507 for IP 10.30.4.128: A Modbus Exception Occurred - See Response Body
[2024-12-10T05:06:39.969Z] Error reading actual data: A Modbus Exception Occurred - See Response Body
[2024-12-10T05:06:39.970Z] Error writing to Modbus register: A Modbus Exception Occurred - See Response Body
[2024-12-10T05:06:40.979Z] Error reading or processing Modbus registers: A Modbus Exception Occurred - See Response Body
[2024-12-10T05:06:40.981Z] Error reading register 6507 for IP 10.30.4.128: A Modbus Exception Occurred - See Response Body
[2024-12-10T05:06:40.983Z] Error reading actual data: A Modbus Exception Occurred - See Response Body
[2024-12-10T05:06:40.984Z] Error writing to Modbus register: A Modbus Exception Occurred - See Response Body
[2024-12-10T05:06:41.989Z] Error reading or processing Modbus registers: A Modbus Exception Occurred - See Response Body
[2024-12-10T05:06:41.991Z] Error reading register 6507 for IP 10.30.4.128: A Modbus Exception Occurred - See Response Body
[2024-12-10T05:06:41.992Z] Error reading actual data: A Modbus Exception Occurred - See Response Body
[2024-12-10T05:06:41.992Z] Error writing to Modbus register: A Modbus Exception Occurred - See Response Body
[2024-12-10T05:06:42.995Z] Error reading or processing Modbus registers: A Modbus Exception Occurred - See Response Body
[2024-12-10T05:06:42.997Z] Error reading register 6507 for IP 10.30.4.128: A Modbus Exception Occurred - See Response Body
[2024-12-10T05:06:42.998Z] Error reading actual data: A Modbus Exception Occurred - See Response Body
[2024-12-10T05:06:42.998Z] Error writing to Modbus register: A Modbus Exception Occurred - See Response Body
[2024-12-10T05:06:44.008Z] Error reading or processing Modbus registers: A Modbus Exception Occurred - See Response Body
[2024-12-10T05:06:44.010Z] Error reading register 6507 for IP 10.30.4.128: A Modbus Exception Occurred - See Response Body
[2024-12-10T05:06:44.011Z] Error reading actual data: A Modbus Exception Occurred - See Response Body
[2024-12-10T05:06:44.011Z] Error writing to Modbus register: A Modbus Exception Occurred - See Response Body
[2024-12-10T05:06:45.023Z] Error reading or processing Modbus registers: A Modbus Exception Occurred - See Response Body
[2024-12-10T05:06:45.025Z] Error reading register 6507 for IP 10.30.4.128: A Modbus Exception Occurred - See Response Body
[2024-12-10T05:06:45.026Z] Error reading actual data: A Modbus Exception Occurred - See Response Body
[2024-12-10T05:06:45.027Z] Error writing to Modbus register: A Modbus Exception Occurred - See Response Body
[2024-12-10T05:06:46.037Z] Error reading or processing Modbus registers: A Modbus Exception Occurred - See Response Body
[2024-12-10T05:06:46.039Z] Error reading register 6507 for IP 10.30.4.128: A Modbus Exception Occurred - See Response Body
[2024-12-10T05:06:46.039Z] Error reading actual data: A Modbus Exception Occurred - See Response Body
[2024-12-10T05:06:46.040Z] Error writing to Modbus register: A Modbus Exception Occurred - See Response Body
[2024-12-10T05:06:47.049Z] Error reading or processing Modbus registers: A Modbus Exception Occurred - See Response Body
[2024-12-10T05:06:47.051Z] Error reading register 6507 for IP 10.30.4.128: A Modbus Exception Occurred - See Response Body
[2024-12-10T05:06:47.052Z] Error reading actual data: A Modbus Exception Occurred - See Response Body
[2024-12-10T05:06:47.053Z] Error writing to Modbus register: A Modbus Exception Occurred - See Response Body
[2024-12-10T05:06:48.063Z] Error reading or processing Modbus registers: A Modbus Exception Occurred - See Response Body
[2024-12-10T05:06:48.065Z] Error reading register 6507 for IP 10.30.4.128: A Modbus Exception Occurred - See Response Body
[2024-12-10T05:06:48.066Z] Error reading actual data: A Modbus Exception Occurred - See Response Body
[2024-12-10T05:06:48.067Z] Error writing to Modbus register: A Modbus Exception Occurred - See Response Body
[2024-12-10T05:06:49.077Z] Error reading or processing Modbus registers: A Modbus Exception Occurred - See Response Body
[2024-12-10T05:06:49.079Z] Error reading register 6507 for IP 10.30.4.128: A Modbus Exception Occurred - See Response Body
[2024-12-10T05:06:49.079Z] Error reading actual data: A Modbus Exception Occurred - See Response Body
[2024-12-10T05:06:49.080Z] Error writing to Modbus register: A Modbus Exception Occurred - See Response Body
[2024-12-10T05:06:50.090Z] Error reading or processing Modbus registers: A Modbus Exception Occurred - See Response Body
[2024-12-10T05:06:50.092Z] Error reading register 6507 for IP 10.30.4.128: A Modbus Exception Occurred - See Response Body
[2024-12-10T05:06:50.093Z] Error reading actual data: A Modbus Exception Occurred - See Response Body
[2024-12-10T05:06:50.094Z] Error writing to Modbus register: A Modbus Exception Occurred - See Response Body
[2024-12-10T05:06:51.095Z] Error reading or processing Modbus registers: A Modbus Exception Occurred - See Response Body
[2024-12-10T05:06:51.098Z] Error reading register 6507 for IP 10.30.4.128: A Modbus Exception Occurred - See Response Body
[2024-12-10T05:06:51.099Z] Error reading actual data: A Modbus Exception Occurred - See Response Body
[2024-12-10T05:06:51.100Z] Error writing to Modbus register: A Modbus Exception Occurred - See Response Body
[2024-12-10T05:06:52.107Z] Error reading or processing Modbus registers: A Modbus Exception Occurred - See Response Body
[2024-12-10T05:06:52.109Z] Error reading register 6507 for IP 10.30.4.128: A Modbus Exception Occurred - See Response Body
[2024-12-10T05:06:52.109Z] Error reading actual data: A Modbus Exception Occurred - See Response Body
[2024-12-10T05:06:52.110Z] Error writing to Modbus register: A Modbus Exception Occurred - See Response Body
[2024-12-10T05:06:53.117Z] Error reading or processing Modbus registers: A Modbus Exception Occurred - See Response Body
[2024-12-10T05:06:53.119Z] Error reading register 6507 for IP 10.30.4.128: A Modbus Exception Occurred - See Response Body
[2024-12-10T05:06:53.119Z] Error reading actual data: A Modbus Exception Occurred - See Response Body
[2024-12-10T05:06:53.120Z] Error writing to Modbus register: A Modbus Exception Occurred - See Response Body
[2024-12-10T05:06:54.130Z] Error reading or processing Modbus registers: A Modbus Exception Occurred - See Response Body
[2024-12-10T05:06:54.132Z] Error reading register 6507 for IP 10.30.4.128: A Modbus Exception Occurred - See Response Body
[2024-12-10T05:06:54.133Z] Error reading actual data: A Modbus Exception Occurred - See Response Body
[2024-12-10T05:06:54.133Z] Error writing to Modbus register: A Modbus Exception Occurred - See Response Body
[2024-12-10T05:06:55.141Z] Error reading or processing Modbus registers: A Modbus Exception Occurred - See Response Body
[2024-12-10T05:06:55.144Z] Error reading register 6507 for IP 10.30.4.128: A Modbus Exception Occurred - See Response Body
[2024-12-10T05:06:55.145Z] Error reading actual data: A Modbus Exception Occurred - See Response Body
[2024-12-10T05:06:55.145Z] Error writing to Modbus register: A Modbus Exception Occurred - See Response Body
[2024-12-10T05:06:56.154Z] Error reading or processing Modbus registers: A Modbus Exception Occurred - See Response Body
[2024-12-10T05:06:56.156Z] Error reading register 6507 for IP 10.30.4.128: A Modbus Exception Occurred - See Response Body
[2024-12-10T05:06:56.156Z] Error reading actual data: A Modbus Exception Occurred - See Response Body
[2024-12-10T05:06:56.157Z] Error writing to Modbus register: A Modbus Exception Occurred - See Response Body
[2024-12-10T05:06:57.168Z] Error reading or processing Modbus registers: A Modbus Exception Occurred - See Response Body
[2024-12-10T05:06:57.170Z] Error reading register 6507 for IP 10.30.4.128: A Modbus Exception Occurred - See Response Body
[2024-12-10T05:06:57.171Z] Error reading actual data: A Modbus Exception Occurred - See Response Body
[2024-12-10T05:06:57.171Z] Error writing to Modbus register: A Modbus Exception Occurred - See Response Body
[2024-12-10T05:06:58.179Z] Error reading or processing Modbus registers: A Modbus Exception Occurred - See Response Body
[2024-12-10T05:06:58.181Z] Error reading register 6507 for IP 10.30.4.128: A Modbus Exception Occurred - See Response Body
[2024-12-10T05:06:58.181Z] Error reading actual data: A Modbus Exception Occurred - See Response Body
[2024-12-10T05:06:58.181Z] Error writing to Modbus register: A Modbus Exception Occurred - See Response Body
[2024-12-10T05:06:59.189Z] Error reading or processing Modbus registers: A Modbus Exception Occurred - See Response Body
[2024-12-10T05:06:59.191Z] Error reading register 6507 for IP 10.30.4.128: A Modbus Exception Occurred - See Response Body
[2024-12-10T05:06:59.192Z] Error reading actual data: A Modbus Exception Occurred - See Response Body
[2024-12-10T05:06:59.192Z] Error writing to Modbus register: A Modbus Exception Occurred - See Response Body
[2024-12-10T05:07:00.201Z] Error reading or processing Modbus registers: A Modbus Exception Occurred - See Response Body
[2024-12-10T05:07:00.204Z] Error reading register 6507 for IP 10.30.4.128: A Modbus Exception Occurred - See Response Body
[2024-12-10T05:07:00.204Z] Error reading actual data: A Modbus Exception Occurred - See Response Body
[2024-12-10T05:07:00.205Z] Error writing to Modbus register: A Modbus Exception Occurred - See Response Body
[2024-12-10T05:07:01.211Z] Error reading or processing Modbus registers: A Modbus Exception Occurred - See Response Body
[2024-12-10T05:07:01.213Z] Error reading register 6507 for IP 10.30.4.128: A Modbus Exception Occurred - See Response Body
[2024-12-10T05:07:01.214Z] Error reading actual data: A Modbus Exception Occurred - See Response Body
[2024-12-10T05:07:01.215Z] Error writing to Modbus register: A Modbus Exception Occurred - See Response Body
[2024-12-10T05:07:02.226Z] Error reading or processing Modbus registers: A Modbus Exception Occurred - See Response Body
[2024-12-10T05:07:02.228Z] Error reading register 6507 for IP 10.30.4.128: A Modbus Exception Occurred - See Response Body
[2024-12-10T05:07:02.229Z] Error reading actual data: A Modbus Exception Occurred - See Response Body
[2024-12-10T05:07:02.230Z] Error writing to Modbus register: A Modbus Exception Occurred - See Response Body
[2024-12-10T05:07:03.239Z] Error reading or processing Modbus registers: A Modbus Exception Occurred - See Response Body
[2024-12-10T05:07:03.241Z] Error reading register 6507 for IP 10.30.4.128: A Modbus Exception Occurred - See Response Body
[2024-12-10T05:07:03.242Z] Error reading actual data: A Modbus Exception Occurred - See Response Body
[2024-12-10T05:07:03.242Z] Error writing to Modbus register: A Modbus Exception Occurred - See Response Body
[2024-12-10T05:07:04.245Z] Error reading or processing Modbus registers: A Modbus Exception Occurred - See Response Body
[2024-12-10T05:07:04.247Z] Error reading register 6507 for IP 10.30.4.128: A Modbus Exception Occurred - See Response Body
[2024-12-10T05:07:04.247Z] Error reading actual data: A Modbus Exception Occurred - See Response Body
[2024-12-10T05:07:04.248Z] Error writing to Modbus register: A Modbus Exception Occurred - See Response Body
[2024-12-10T05:07:05.246Z] Error reading or processing Modbus registers: A Modbus Exception Occurred - See Response Body
[2024-12-10T05:07:05.248Z] Error reading register 6507 for IP 10.30.4.128: A Modbus Exception Occurred - See Response Body
[2024-12-10T05:07:05.248Z] Error reading actual data: A Modbus Exception Occurred - See Response Body
[2024-12-10T05:07:05.249Z] Error writing to Modbus register: A Modbus Exception Occurred - See Response Body
[2024-12-10T05:07:06.249Z] Error reading or processing Modbus registers: A Modbus Exception Occurred - See Response Body
[2024-12-10T05:07:06.251Z] Error reading register 6507 for IP 10.30.4.128: A Modbus Exception Occurred - See Response Body
[2024-12-10T05:07:06.251Z] Error reading actual data: A Modbus Exception Occurred - See Response Body
[2024-12-10T05:07:06.252Z] Error writing to Modbus register: A Modbus Exception Occurred - See Response Body
[2024-12-10T05:07:07.250Z] Error reading or processing Modbus registers: A Modbus Exception Occurred - See Response Body
[2024-12-10T05:07:07.252Z] Error reading register 6507 for IP 10.30.4.128: A Modbus Exception Occurred - See Response Body
[2024-12-10T05:07:07.253Z] Error reading actual data: A Modbus Exception Occurred - See Response Body
[2024-12-10T05:07:07.253Z] Error writing to Modbus register: A Modbus Exception Occurred - See Response Body
[2024-12-10T05:07:08.264Z] Error reading or processing Modbus registers: A Modbus Exception Occurred - See Response Body
[2024-12-10T05:07:08.266Z] Error reading register 6507 for IP 10.30.4.128: A Modbus Exception Occurred - See Response Body
[2024-12-10T05:07:08.267Z] Error reading actual data: A Modbus Exception Occurred - See Response Body
[2024-12-10T05:07:08.267Z] Error writing to Modbus register: A Modbus Exception Occurred - See Response Body
[2024-12-10T05:07:09.277Z] Error reading or processing Modbus registers: A Modbus Exception Occurred - See Response Body
[2024-12-10T05:07:09.279Z] Error reading register 6507 for IP 10.30.4.128: A Modbus Exception Occurred - See Response Body
[2024-12-10T05:07:09.280Z] Error reading actual data: A Modbus Exception Occurred - See Response Body
[2024-12-10T05:07:09.280Z] Error writing to Modbus register: A Modbus Exception Occurred - See Response Body
[2024-12-10T05:07:10.281Z] Error reading or processing Modbus registers: A Modbus Exception Occurred - See Response Body
[2024-12-10T05:07:10.283Z] Error reading register 6507 for IP 10.30.4.128: A Modbus Exception Occurred - See Response Body
[2024-12-10T05:07:10.284Z] Error reading actual data: A Modbus Exception Occurred - See Response Body
[2024-12-10T05:07:10.285Z] Error writing to Modbus register: A Modbus Exception Occurred - See Response Body
[2024-12-10T05:07:11.283Z] Error reading or processing Modbus registers: A Modbus Exception Occurred - See Response Body
[2024-12-10T05:07:11.286Z] Error reading register 6507 for IP 10.30.4.128: A Modbus Exception Occurred - See Response Body
[2024-12-10T05:07:11.286Z] Error reading actual data: A Modbus Exception Occurred - See Response Body
[2024-12-10T05:07:11.287Z] Error writing to Modbus register: A Modbus Exception Occurred - See Response Body
[2024-12-10T05:07:12.286Z] Error reading or processing Modbus registers: A Modbus Exception Occurred - See Response Body
[2024-12-10T05:07:12.289Z] Error reading register 6507 for IP 10.30.4.128: A Modbus Exception Occurred - See Response Body
[2024-12-10T05:07:12.290Z] Error reading actual data: A Modbus Exception Occurred - See Response Body
[2024-12-10T05:07:12.290Z] Error writing to Modbus register: A Modbus Exception Occurred - See Response Body
[2024-12-10T05:07:13.289Z] Error reading or processing Modbus registers: A Modbus Exception Occurred - See Response Body
[2024-12-10T05:07:13.292Z] Error reading register 6507 for IP 10.30.4.128: A Modbus Exception Occurred - See Response Body
[2024-12-10T05:07:13.292Z] Error reading actual data: A Modbus Exception Occurred - See Response Body
[2024-12-10T05:07:13.293Z] Error writing to Modbus register: A Modbus Exception Occurred - See Response Body
[2024-12-10T05:07:14.290Z] Error reading or processing Modbus registers: A Modbus Exception Occurred - See Response Body
[2024-12-10T05:07:14.292Z] Error reading register 6507 for IP 10.30.4.128: A Modbus Exception Occurred - See Response Body
[2024-12-10T05:07:14.293Z] Error reading actual data: A Modbus Exception Occurred - See Response Body
[2024-12-10T05:07:14.294Z] Error writing to Modbus register: A Modbus Exception Occurred - See Response Body
[2024-12-10T05:07:15.305Z] Error reading or processing Modbus registers: A Modbus Exception Occurred - See Response Body
[2024-12-10T05:07:15.308Z] Error reading register 6507 for IP 10.30.4.128: A Modbus Exception Occurred - See Response Body
[2024-12-10T05:07:15.309Z] Error reading actual data: A Modbus Exception Occurred - See Response Body
[2024-12-10T05:07:15.309Z] Error writing to Modbus register: A Modbus Exception Occurred - See Response Body
[2024-12-10T05:07:16.310Z] Error reading or processing Modbus registers: A Modbus Exception Occurred - See Response Body
[2024-12-10T05:07:16.312Z] Error reading register 6507 for IP 10.30.4.128: A Modbus Exception Occurred - See Response Body
[2024-12-10T05:07:16.313Z] Error reading actual data: A Modbus Exception Occurred - See Response Body
[2024-12-10T05:07:16.313Z] Error writing to Modbus register: A Modbus Exception Occurred - See Response Body
[2024-12-10T05:07:17.309Z] Error reading or processing Modbus registers: A Modbus Exception Occurred - See Response Body
[2024-12-10T05:07:17.311Z] Error reading register 6507 for IP 10.30.4.128: A Modbus Exception Occurred - See Response Body
[2024-12-10T05:07:17.312Z] Error reading actual data: A Modbus Exception Occurred - See Response Body
[2024-12-10T05:07:17.312Z] Error writing to Modbus register: A Modbus Exception Occurred - See Response Body
[2024-12-10T05:07:18.310Z] Error reading or processing Modbus registers: A Modbus Exception Occurred - See Response Body
[2024-12-10T05:07:18.313Z] Error reading register 6507 for IP 10.30.4.128: A Modbus Exception Occurred - See Response Body
[2024-12-10T05:07:18.313Z] Error reading actual data: A Modbus Exception Occurred - See Response Body
[2024-12-10T05:07:18.314Z] Error writing to Modbus register: A Modbus Exception Occurred - See Response Body
[2024-12-10T05:07:19.310Z] Error reading or processing Modbus registers: A Modbus Exception Occurred - See Response Body
[2024-12-10T05:07:19.312Z] Error reading register 6507 for IP 10.30.4.128: A Modbus Exception Occurred - See Response Body
[2024-12-10T05:07:19.313Z] Error reading actual data: A Modbus Exception Occurred - See Response Body
[2024-12-10T05:07:19.314Z] Error writing to Modbus register: A Modbus Exception Occurred - See Response Body
[2024-12-10T05:07:20.324Z] Error reading or processing Modbus registers: A Modbus Exception Occurred - See Response Body
[2024-12-10T05:07:20.326Z] Error reading register 6507 for IP 10.30.4.128: A Modbus Exception Occurred - See Response Body
[2024-12-10T05:07:20.327Z] Error reading actual data: A Modbus Exception Occurred - See Response Body
[2024-12-10T05:07:20.327Z] Error writing to Modbus register: A Modbus Exception Occurred - See Response Body
[2024-12-10T05:07:21.337Z] Error reading or processing Modbus registers: A Modbus Exception Occurred - See Response Body
[2024-12-10T05:07:21.342Z] Error reading register 6507 for IP 10.30.4.128: A Modbus Exception Occurred - See Response Body
[2024-12-10T05:07:21.342Z] Error reading actual data: A Modbus Exception Occurred - See Response Body
[2024-12-10T05:07:21.343Z] Error writing to Modbus register: A Modbus Exception Occurred - See Response Body
[2024-12-10T05:07:22.352Z] Error reading or processing Modbus registers: A Modbus Exception Occurred - See Response Body
[2024-12-10T05:07:22.354Z] Error reading register 6507 for IP 10.30.4.128: A Modbus Exception Occurred - See Response Body
[2024-12-10T05:07:22.354Z] Error reading actual data: A Modbus Exception Occurred - See Response Body
[2024-12-10T05:07:22.355Z] Error writing to Modbus register: A Modbus Exception Occurred - See Response Body
[2024-12-10T05:07:23.353Z] Error reading or processing Modbus registers: A Modbus Exception Occurred - See Response Body
[2024-12-10T05:07:23.355Z] Error reading register 6507 for IP 10.30.4.128: A Modbus Exception Occurred - See Response Body
[2024-12-10T05:07:23.355Z] Error reading actual data: A Modbus Exception Occurred - See Response Body
[2024-12-10T05:07:23.356Z] Error writing to Modbus register: A Modbus Exception Occurred - See Response Body
[2024-12-10T05:07:24.368Z] Error reading or processing Modbus registers: A Modbus Exception Occurred - See Response Body
[2024-12-10T05:07:24.370Z] Error reading register 6507 for IP 10.30.4.128: A Modbus Exception Occurred - See Response Body
[2024-12-10T05:07:24.371Z] Error reading actual data: A Modbus Exception Occurred - See Response Body
[2024-12-10T05:07:24.371Z] Error writing to Modbus register: A Modbus Exception Occurred - See Response Body
[2024-12-10T05:07:25.371Z] Error reading or processing Modbus registers: A Modbus Exception Occurred - See Response Body
[2024-12-10T05:07:25.373Z] Error reading register 6507 for IP 10.30.4.128: A Modbus Exception Occurred - See Response Body
[2024-12-10T05:07:25.374Z] Error reading actual data: A Modbus Exception Occurred - See Response Body
[2024-12-10T05:07:25.374Z] Error writing to Modbus register: A Modbus Exception Occurred - See Response Body
[2024-12-10T05:07:26.371Z] Error reading or processing Modbus registers: A Modbus Exception Occurred - See Response Body
[2024-12-10T05:07:26.373Z] Error reading register 6507 for IP 10.30.4.128: A Modbus Exception Occurred - See Response Body
[2024-12-10T05:07:26.374Z] Error reading actual data: A Modbus Exception Occurred - See Response Body
[2024-12-10T05:07:26.374Z] Error writing to Modbus register: A Modbus Exception Occurred - See Response Body
[2024-12-10T05:07:27.371Z] Error reading or processing Modbus registers: A Modbus Exception Occurred - See Response Body
[2024-12-10T05:07:27.373Z] Error reading register 6507 for IP 10.30.4.128: A Modbus Exception Occurred - See Response Body
[2024-12-10T05:07:27.374Z] Error reading actual data: A Modbus Exception Occurred - See Response Body
[2024-12-10T05:07:27.374Z] Error writing to Modbus register: A Modbus Exception Occurred - See Response Body
[2024-12-10T05:07:28.385Z] Error reading or processing Modbus registers: A Modbus Exception Occurred - See Response Body
[2024-12-10T05:07:28.387Z] Error reading register 6507 for IP 10.30.4.128: A Modbus Exception Occurred - See Response Body
[2024-12-10T05:07:28.387Z] Error reading actual data: A Modbus Exception Occurred - See Response Body
[2024-12-10T05:07:28.388Z] Error writing to Modbus register: A Modbus Exception Occurred - See Response Body
[2024-12-10T05:07:29.385Z] Error reading or processing Modbus registers: A Modbus Exception Occurred - See Response Body
[2024-12-10T05:07:29.387Z] Error reading register 6507 for IP 10.30.4.128: A Modbus Exception Occurred - See Response Body
[2024-12-10T05:07:29.388Z] Error reading actual data: A Modbus Exception Occurred - See Response Body
[2024-12-10T05:07:29.388Z] Error writing to Modbus register: A Modbus Exception Occurred - See Response Body
[2024-12-10T05:07:30.400Z] Error reading or processing Modbus registers: A Modbus Exception Occurred - See Response Body
[2024-12-10T05:07:30.402Z] Error reading register 6507 for IP 10.30.4.128: A Modbus Exception Occurred - See Response Body
[2024-12-10T05:07:30.402Z] Error reading actual data: A Modbus Exception Occurred - See Response Body
[2024-12-10T05:07:30.403Z] Error writing to Modbus register: A Modbus Exception Occurred - See Response Body
[2024-12-10T05:07:31.410Z] Error reading or processing Modbus registers: A Modbus Exception Occurred - See Response Body
[2024-12-10T05:07:31.412Z] Error reading register 6507 for IP 10.30.4.128: A Modbus Exception Occurred - See Response Body
[2024-12-10T05:07:31.413Z] Error reading actual data: A Modbus Exception Occurred - See Response Body
[2024-12-10T05:07:31.414Z] Error writing to Modbus register: A Modbus Exception Occurred - See Response Body
[2024-12-10T05:07:32.411Z] Error reading or processing Modbus registers: A Modbus Exception Occurred - See Response Body
[2024-12-10T05:07:32.413Z] Error reading register 6507 for IP 10.30.4.128: A Modbus Exception Occurred - See Response Body
[2024-12-10T05:07:32.414Z] Error reading actual data: A Modbus Exception Occurred - See Response Body
[2024-12-10T05:07:32.414Z] Error writing to Modbus register: A Modbus Exception Occurred - See Response Body
[2024-12-10T05:07:33.411Z] Error reading or processing Modbus registers: A Modbus Exception Occurred - See Response Body
[2024-12-10T05:07:33.413Z] Error reading register 6507 for IP 10.30.4.128: A Modbus Exception Occurred - See Response Body
[2024-12-10T05:07:33.414Z] Error reading actual data: A Modbus Exception Occurred - See Response Body
[2024-12-10T05:07:33.414Z] Error writing to Modbus register: A Modbus Exception Occurred - See Response Body
[2024-12-10T05:07:34.411Z] Error reading or processing Modbus registers: A Modbus Exception Occurred - See Response Body
[2024-12-10T05:07:34.413Z] Error reading register 6507 for IP 10.30.4.128: A Modbus Exception Occurred - See Response Body
[2024-12-10T05:07:34.413Z] Error reading actual data: A Modbus Exception Occurred - See Response Body
[2024-12-10T05:07:34.414Z] Error writing to Modbus register: A Modbus Exception Occurred - See Response Body
[2024-12-10T05:07:35.423Z] Error reading or processing Modbus registers: A Modbus Exception Occurred - See Response Body
[2024-12-10T05:07:35.425Z] Error reading register 6507 for IP 10.30.4.128: A Modbus Exception Occurred - See Response Body
[2024-12-10T05:07:35.425Z] Error reading actual data: A Modbus Exception Occurred - See Response Body
[2024-12-10T05:07:35.426Z] Error writing to Modbus register: A Modbus Exception Occurred - See Response Body
[2024-12-10T05:07:36.436Z] Error reading or processing Modbus registers: A Modbus Exception Occurred - See Response Body
[2024-12-10T05:07:36.438Z] Error reading register 6507 for IP 10.30.4.128: A Modbus Exception Occurred - See Response Body
[2024-12-10T05:07:36.439Z] Error reading actual data: A Modbus Exception Occurred - See Response Body
[2024-12-10T05:07:36.439Z] Error writing to Modbus register: A Modbus Exception Occurred - See Response Body
[2024-12-10T05:07:37.449Z] Error reading or processing Modbus registers: A Modbus Exception Occurred - See Response Body
[2024-12-10T05:07:37.452Z] Error reading register 6507 for IP 10.30.4.128: A Modbus Exception Occurred - See Response Body
[2024-12-10T05:07:37.452Z] Error reading actual data: A Modbus Exception Occurred - See Response Body
[2024-12-10T05:07:37.453Z] Error writing to Modbus register: A Modbus Exception Occurred - See Response Body
[2024-12-10T05:07:38.450Z] Error reading or processing Modbus registers: A Modbus Exception Occurred - See Response Body
[2024-12-10T05:07:38.452Z] Error reading register 6507 for IP 10.30.4.128: A Modbus Exception Occurred - See Response Body
[2024-12-10T05:07:38.453Z] Error reading actual data: A Modbus Exception Occurred - See Response Body
[2024-12-10T05:07:38.454Z] Error writing to Modbus register: A Modbus Exception Occurred - See Response Body
[2024-12-10T05:07:39.451Z] Error reading or processing Modbus registers: A Modbus Exception Occurred - See Response Body
[2024-12-10T05:07:39.453Z] Error reading register 6507 for IP 10.30.4.128: A Modbus Exception Occurred - See Response Body
[2024-12-10T05:07:39.454Z] Error reading actual data: A Modbus Exception Occurred - See Response Body
[2024-12-10T05:07:39.455Z] Error writing to Modbus register: A Modbus Exception Occurred - See Response Body
[2024-12-10T05:07:40.464Z] Error reading or processing Modbus registers: A Modbus Exception Occurred - See Response Body
[2024-12-10T05:07:40.466Z] Error reading register 6507 for IP 10.30.4.128: A Modbus Exception Occurred - See Response Body
[2024-12-10T05:07:40.467Z] Error reading actual data: A Modbus Exception Occurred - See Response Body
[2024-12-10T05:07:40.467Z] Error writing to Modbus register: A Modbus Exception Occurred - See Response Body
[2024-12-10T05:07:41.478Z] Error reading or processing Modbus registers: A Modbus Exception Occurred - See Response Body
[2024-12-10T05:07:41.480Z] Error reading register 6507 for IP 10.30.4.128: A Modbus Exception Occurred - See Response Body
[2024-12-10T05:07:41.481Z] Error reading actual data: A Modbus Exception Occurred - See Response Body
[2024-12-10T05:07:41.481Z] Error writing to Modbus register: A Modbus Exception Occurred - See Response Body
[2024-12-10T05:07:42.478Z] Error reading or processing Modbus registers: A Modbus Exception Occurred - See Response Body
[2024-12-10T05:07:42.480Z] Error reading register 6507 for IP 10.30.4.128: A Modbus Exception Occurred - See Response Body
[2024-12-10T05:07:42.480Z] Error reading actual data: A Modbus Exception Occurred - See Response Body
[2024-12-10T05:07:42.481Z] Error writing to Modbus register: A Modbus Exception Occurred - See Response Body
[2024-12-10T05:07:43.492Z] Error reading or processing Modbus registers: A Modbus Exception Occurred - See Response Body
[2024-12-10T05:07:43.494Z] Error reading register 6507 for IP 10.30.4.128: A Modbus Exception Occurred - See Response Body
[2024-12-10T05:07:43.495Z] Error reading actual data: A Modbus Exception Occurred - See Response Body
[2024-12-10T05:07:43.495Z] Error writing to Modbus register: A Modbus Exception Occurred - See Response Body
[2024-12-10T05:07:44.491Z] Error reading or processing Modbus registers: A Modbus Exception Occurred - See Response Body
[2024-12-10T05:07:44.494Z] Error reading register 6507 for IP 10.30.4.128: A Modbus Exception Occurred - See Response Body
[2024-12-10T05:07:44.494Z] Error reading actual data: A Modbus Exception Occurred - See Response Body
[2024-12-10T05:07:44.495Z] Error writing to Modbus register: A Modbus Exception Occurred - See Response Body
[2024-12-10T05:07:45.507Z] Error reading or processing Modbus registers: A Modbus Exception Occurred - See Response Body
[2024-12-10T05:07:45.508Z] Error reading register 6507 for IP 10.30.4.128: A Modbus Exception Occurred - See Response Body
[2024-12-10T05:07:45.509Z] Error reading actual data: A Modbus Exception Occurred - See Response Body
[2024-12-10T05:07:45.510Z] Error writing to Modbus register: A Modbus Exception Occurred - See Response Body
[2024-12-10T05:07:46.521Z] Error reading or processing Modbus registers: A Modbus Exception Occurred - See Response Body
[2024-12-10T05:07:46.523Z] Error reading register 6507 for IP 10.30.4.128: A Modbus Exception Occurred - See Response Body
[2024-12-10T05:07:46.524Z] Error reading actual data: A Modbus Exception Occurred - See Response Body
[2024-12-10T05:07:46.525Z] Error writing to Modbus register: A Modbus Exception Occurred - See Response Body
[2024-12-10T05:07:47.534Z] Error reading or processing Modbus registers: A Modbus Exception Occurred - See Response Body
[2024-12-10T05:07:47.535Z] Error reading register 6507 for IP 10.30.4.128: A Modbus Exception Occurred - See Response Body
[2024-12-10T05:07:47.536Z] Error reading actual data: A Modbus Exception Occurred - See Response Body
[2024-12-10T05:07:47.537Z] Error writing to Modbus register: A Modbus Exception Occurred - See Response Body
[2024-12-10T05:07:48.533Z] Error reading or processing Modbus registers: A Modbus Exception Occurred - See Response Body
[2024-12-10T05:07:48.536Z] Error reading register 6507 for IP 10.30.4.128: A Modbus Exception Occurred - See Response Body
[2024-12-10T05:07:48.536Z] Error reading actual data: A Modbus Exception Occurred - See Response Body
[2024-12-10T05:07:48.537Z] Error writing to Modbus register: A Modbus Exception Occurred - See Response Body
[2024-12-10T05:07:49.536Z] Error reading or processing Modbus registers: A Modbus Exception Occurred - See Response Body
[2024-12-10T05:07:49.538Z] Error reading register 6507 for IP 10.30.4.128: A Modbus Exception Occurred - See Response Body
[2024-12-10T05:07:49.538Z] Error reading actual data: A Modbus Exception Occurred - See Response Body
[2024-12-10T05:07:49.539Z] Error writing to Modbus register: A Modbus Exception Occurred - See Response Body
[2024-12-10T05:07:50.537Z] Error reading or processing Modbus registers: A Modbus Exception Occurred - See Response Body
[2024-12-10T05:07:50.539Z] Error reading register 6507 for IP 10.30.4.128: A Modbus Exception Occurred - See Response Body
[2024-12-10T05:07:50.540Z] Error reading actual data: A Modbus Exception Occurred - See Response Body
[2024-12-10T05:07:50.540Z] Error writing to Modbus register: A Modbus Exception Occurred - See Response Body
[2024-12-10T05:07:51.552Z] Error reading or processing Modbus registers: A Modbus Exception Occurred - See Response Body
[2024-12-10T05:07:51.554Z] Error reading register 6507 for IP 10.30.4.128: A Modbus Exception Occurred - See Response Body
[2024-12-10T05:07:51.554Z] Error reading actual data: A Modbus Exception Occurred - See Response Body
[2024-12-10T05:07:51.555Z] Error writing to Modbus register: A Modbus Exception Occurred - See Response Body
[2024-12-10T05:07:52.566Z] Error reading or processing Modbus registers: A Modbus Exception Occurred - See Response Body
[2024-12-10T05:07:52.568Z] Error reading register 6507 for IP 10.30.4.128: A Modbus Exception Occurred - See Response Body
[2024-12-10T05:07:52.568Z] Error reading actual data: A Modbus Exception Occurred - See Response Body
[2024-12-10T05:07:52.568Z] Error writing to Modbus register: A Modbus Exception Occurred - See Response Body
[2024-12-10T05:07:53.565Z] Error reading or processing Modbus registers: A Modbus Exception Occurred - See Response Body
[2024-12-10T05:07:53.567Z] Error reading register 6507 for IP 10.30.4.128: A Modbus Exception Occurred - See Response Body
[2024-12-10T05:07:53.568Z] Error reading actual data: A Modbus Exception Occurred - See Response Body
[2024-12-10T05:07:53.568Z] Error writing to Modbus register: A Modbus Exception Occurred - See Response Body
[2024-12-10T05:07:54.569Z] Error reading or processing Modbus registers: A Modbus Exception Occurred - See Response Body
[2024-12-10T05:07:54.572Z] Error reading register 6507 for IP 10.30.4.128: A Modbus Exception Occurred - See Response Body
[2024-12-10T05:07:54.573Z] Error reading actual data: A Modbus Exception Occurred - See Response Body
[2024-12-10T05:07:54.573Z] Error writing to Modbus register: A Modbus Exception Occurred - See Response Body
[2024-12-10T05:07:55.578Z] Error reading or processing Modbus registers: A Modbus Exception Occurred - See Response Body
[2024-12-10T05:07:55.580Z] Error reading register 6507 for IP 10.30.4.128: A Modbus Exception Occurred - See Response Body
[2024-12-10T05:07:55.581Z] Error reading actual data: A Modbus Exception Occurred - See Response Body
[2024-12-10T05:07:55.582Z] Error writing to Modbus register: A Modbus Exception Occurred - See Response Body
[2024-12-10T05:07:56.590Z] Error reading or processing Modbus registers: A Modbus Exception Occurred - See Response Body
[2024-12-10T05:07:56.593Z] Error reading register 6507 for IP 10.30.4.128: A Modbus Exception Occurred - See Response Body
[2024-12-10T05:07:56.594Z] Error reading actual data: A Modbus Exception Occurred - See Response Body
[2024-12-10T05:07:56.594Z] Error writing to Modbus register: A Modbus Exception Occurred - See Response Body
[2024-12-10T05:07:57.591Z] Error reading or processing Modbus registers: A Modbus Exception Occurred - See Response Body
[2024-12-10T05:07:57.593Z] Error reading register 6507 for IP 10.30.4.128: A Modbus Exception Occurred - See Response Body
[2024-12-10T05:07:57.594Z] Error reading actual data: A Modbus Exception Occurred - See Response Body
[2024-12-10T05:07:57.594Z] Error writing to Modbus register: A Modbus Exception Occurred - See Response Body
[2024-12-10T05:07:58.606Z] Error reading or processing Modbus registers: A Modbus Exception Occurred - See Response Body
[2024-12-10T05:07:58.608Z] Error reading register 6507 for IP 10.30.4.128: A Modbus Exception Occurred - See Response Body
[2024-12-10T05:07:58.609Z] Error reading actual data: A Modbus Exception Occurred - See Response Body
[2024-12-10T05:07:58.609Z] Error writing to Modbus register: A Modbus Exception Occurred - See Response Body
[2024-12-10T05:07:59.619Z] Error reading or processing Modbus registers: A Modbus Exception Occurred - See Response Body
[2024-12-10T05:07:59.623Z] Error reading register 6507 for IP 10.30.4.128: A Modbus Exception Occurred - See Response Body
[2024-12-10T05:07:59.624Z] Error reading actual data: A Modbus Exception Occurred - See Response Body
[2024-12-10T05:07:59.624Z] Error writing to Modbus register: A Modbus Exception Occurred - See Response Body
[2024-12-10T05:08:00.621Z] Error reading or processing Modbus registers: A Modbus Exception Occurred - See Response Body
[2024-12-10T05:08:00.624Z] Error reading register 6507 for IP 10.30.4.128: A Modbus Exception Occurred - See Response Body
[2024-12-10T05:08:00.625Z] Error reading actual data: A Modbus Exception Occurred - See Response Body
[2024-12-10T05:08:00.625Z] Error writing to Modbus register: A Modbus Exception Occurred - See Response Body
[2024-12-10T05:08:01.632Z] Error reading or processing Modbus registers: A Modbus Exception Occurred - See Response Body
[2024-12-10T05:08:01.634Z] Error reading register 6507 for IP 10.30.4.128: A Modbus Exception Occurred - See Response Body
[2024-12-10T05:08:01.635Z] Error reading actual data: A Modbus Exception Occurred - See Response Body
[2024-12-10T05:08:01.636Z] Error writing to Modbus register: A Modbus Exception Occurred - See Response Body
[2024-12-10T05:08:02.633Z] Error reading or processing Modbus registers: A Modbus Exception Occurred - See Response Body
[2024-12-10T05:08:02.636Z] Error reading register 6507 for IP 10.30.4.128: A Modbus Exception Occurred - See Response Body
[2024-12-10T05:08:02.637Z] Error reading actual data: A Modbus Exception Occurred - See Response Body
[2024-12-10T05:08:02.637Z] Error writing to Modbus register: A Modbus Exception Occurred - See Response Body
[2024-12-10T05:08:03.637Z] Error reading or processing Modbus registers: A Modbus Exception Occurred - See Response Body
[2024-12-10T05:08:03.639Z] Error reading register 6507 for IP 10.30.4.128: A Modbus Exception Occurred - See Response Body
[2024-12-10T05:08:03.640Z] Error reading actual data: A Modbus Exception Occurred - See Response Body
[2024-12-10T05:08:03.640Z] Error writing to Modbus register: A Modbus Exception Occurred - See Response Body
[2024-12-10T05:08:04.651Z] Error reading or processing Modbus registers: A Modbus Exception Occurred - See Response Body
[2024-12-10T05:08:04.653Z] Error reading register 6507 for IP 10.30.4.128: A Modbus Exception Occurred - See Response Body
[2024-12-10T05:08:04.653Z] Error reading actual data: A Modbus Exception Occurred - See Response Body
[2024-12-10T05:08:04.654Z] Error writing to Modbus register: A Modbus Exception Occurred - See Response Body
[2024-12-10T05:08:05.666Z] Error reading or processing Modbus registers: A Modbus Exception Occurred - See Response Body
[2024-12-10T05:08:05.668Z] Error reading register 6507 for IP 10.30.4.128: A Modbus Exception Occurred - See Response Body
[2024-12-10T05:08:05.669Z] Error reading actual data: A Modbus Exception Occurred - See Response Body
[2024-12-10T05:08:05.669Z] Error writing to Modbus register: A Modbus Exception Occurred - See Response Body
[2024-12-10T05:08:06.665Z] Error reading or processing Modbus registers: A Modbus Exception Occurred - See Response Body
[2024-12-10T05:08:06.667Z] Error reading register 6507 for IP 10.30.4.128: A Modbus Exception Occurred - See Response Body
[2024-12-10T05:08:06.668Z] Error reading actual data: A Modbus Exception Occurred - See Response Body
[2024-12-10T05:08:06.669Z] Error writing to Modbus register: A Modbus Exception Occurred - See Response Body
[2024-12-10T05:08:07.678Z] Error reading or processing Modbus registers: A Modbus Exception Occurred - See Response Body
[2024-12-10T05:08:07.681Z] Error reading register 6507 for IP 10.30.4.128: A Modbus Exception Occurred - See Response Body
[2024-12-10T05:08:07.682Z] Error reading actual data: A Modbus Exception Occurred - See Response Body
[2024-12-10T05:08:07.682Z] Error writing to Modbus register: A Modbus Exception Occurred - See Response Body
[2024-12-10T05:08:08.693Z] Error reading or processing Modbus registers: A Modbus Exception Occurred - See Response Body
[2024-12-10T05:08:08.695Z] Error reading register 6507 for IP 10.30.4.128: A Modbus Exception Occurred - See Response Body
[2024-12-10T05:08:08.696Z] Error reading actual data: A Modbus Exception Occurred - See Response Body
[2024-12-10T05:08:08.696Z] Error writing to Modbus register: A Modbus Exception Occurred - See Response Body
[2024-12-10T05:08:09.706Z] Error reading or processing Modbus registers: A Modbus Exception Occurred - See Response Body
[2024-12-10T05:08:09.708Z] Error reading register 6507 for IP 10.30.4.128: A Modbus Exception Occurred - See Response Body
[2024-12-10T05:08:09.709Z] Error reading actual data: A Modbus Exception Occurred - See Response Body
[2024-12-10T05:08:09.709Z] Error writing to Modbus register: A Modbus Exception Occurred - See Response Body
[2024-12-10T05:08:10.718Z] Error reading or processing Modbus registers: A Modbus Exception Occurred - See Response Body
[2024-12-10T05:08:10.720Z] Error reading register 6507 for IP 10.30.4.128: A Modbus Exception Occurred - See Response Body
[2024-12-10T05:08:10.721Z] Error reading actual data: A Modbus Exception Occurred - See Response Body
[2024-12-10T05:08:10.722Z] Error writing to Modbus register: A Modbus Exception Occurred - See Response Body
[2024-12-10T05:08:11.728Z] Error reading or processing Modbus registers: A Modbus Exception Occurred - See Response Body
[2024-12-10T05:08:11.731Z] Error reading register 6507 for IP 10.30.4.128: A Modbus Exception Occurred - See Response Body
[2024-12-10T05:08:11.732Z] Error reading actual data: A Modbus Exception Occurred - See Response Body
[2024-12-10T05:08:11.732Z] Error writing to Modbus register: A Modbus Exception Occurred - See Response Body
[2024-12-10T05:08:12.730Z] Error reading or processing Modbus registers: A Modbus Exception Occurred - See Response Body
[2024-12-10T05:08:12.741Z] Error reading register 6507 for IP 10.30.4.128: A Modbus Exception Occurred - See Response Body
[2024-12-10T05:08:12.742Z] Error reading actual data: A Modbus Exception Occurred - See Response Body
[2024-12-10T05:08:12.743Z] Error writing to Modbus register: A Modbus Exception Occurred - See Response Body
[2024-12-10T05:08:13.734Z] Error reading or processing Modbus registers: A Modbus Exception Occurred - See Response Body
[2024-12-10T05:08:13.737Z] Error reading register 6507 for IP 10.30.4.128: A Modbus Exception Occurred - See Response Body
[2024-12-10T05:08:13.738Z] Error reading actual data: A Modbus Exception Occurred - See Response Body
[2024-12-10T05:08:13.738Z] Error writing to Modbus register: A Modbus Exception Occurred - See Response Body
[2024-12-10T05:08:14.735Z] Error reading or processing Modbus registers: A Modbus Exception Occurred - See Response Body
[2024-12-10T05:08:14.741Z] Error reading register 6507 for IP 10.30.4.128: A Modbus Exception Occurred - See Response Body
[2024-12-10T05:08:14.742Z] Error reading actual data: A Modbus Exception Occurred - See Response Body
[2024-12-10T05:08:14.742Z] Error writing to Modbus register: A Modbus Exception Occurred - See Response Body
[2024-12-10T05:08:15.749Z] Error reading or processing Modbus registers: A Modbus Exception Occurred - See Response Body
[2024-12-10T05:08:15.750Z] Error reading register 6507 for IP 10.30.4.128: A Modbus Exception Occurred - See Response Body
[2024-12-10T05:08:15.751Z] Error reading actual data: A Modbus Exception Occurred - See Response Body
[2024-12-10T05:08:15.751Z] Error writing to Modbus register: A Modbus Exception Occurred - See Response Body
[2024-12-10T05:08:16.758Z] Error reading or processing Modbus registers: A Modbus Exception Occurred - See Response Body
[2024-12-10T05:08:16.760Z] Error reading register 6507 for IP 10.30.4.128: A Modbus Exception Occurred - See Response Body
[2024-12-10T05:08:16.761Z] Error reading actual data: A Modbus Exception Occurred - See Response Body
[2024-12-10T05:08:16.761Z] Error writing to Modbus register: A Modbus Exception Occurred - See Response Body
[2024-12-10T05:08:17.760Z] Error reading or processing Modbus registers: A Modbus Exception Occurred - See Response Body
[2024-12-10T05:08:17.762Z] Error reading register 6507 for IP 10.30.4.128: A Modbus Exception Occurred - See Response Body
[2024-12-10T05:08:17.763Z] Error reading actual data: A Modbus Exception Occurred - See Response Body
[2024-12-10T05:08:17.763Z] Error writing to Modbus register: A Modbus Exception Occurred - See Response Body
[2024-12-10T05:08:18.773Z] Error reading or processing Modbus registers: A Modbus Exception Occurred - See Response Body
[2024-12-10T05:08:18.774Z] Error reading register 6507 for IP 10.30.4.128: A Modbus Exception Occurred - See Response Body
[2024-12-10T05:08:18.775Z] Error reading actual data: A Modbus Exception Occurred - See Response Body
[2024-12-10T05:08:18.776Z] Error writing to Modbus register: A Modbus Exception Occurred - See Response Body
[2024-12-10T05:08:19.776Z] Error reading or processing Modbus registers: A Modbus Exception Occurred - See Response Body
[2024-12-10T05:08:19.778Z] Error reading register 6507 for IP 10.30.4.128: A Modbus Exception Occurred - See Response Body
[2024-12-10T05:08:19.778Z] Error reading actual data: A Modbus Exception Occurred - See Response Body
[2024-12-10T05:08:19.779Z] Error writing to Modbus register: A Modbus Exception Occurred - See Response Body
[2024-12-10T05:08:20.790Z] Error reading or processing Modbus registers: A Modbus Exception Occurred - See Response Body
[2024-12-10T05:08:20.792Z] Error reading register 6507 for IP 10.30.4.128: A Modbus Exception Occurred - See Response Body
[2024-12-10T05:08:20.792Z] Error reading actual data: A Modbus Exception Occurred - See Response Body
[2024-12-10T05:08:20.793Z] Error writing to Modbus register: A Modbus Exception Occurred - See Response Body
[2024-12-10T05:08:21.790Z] Error reading or processing Modbus registers: A Modbus Exception Occurred - See Response Body
[2024-12-10T05:08:21.792Z] Error reading register 6507 for IP 10.30.4.128: A Modbus Exception Occurred - See Response Body
[2024-12-10T05:08:21.793Z] Error reading actual data: A Modbus Exception Occurred - See Response Body
[2024-12-10T05:08:21.793Z] Error writing to Modbus register: A Modbus Exception Occurred - See Response Body
[2024-12-10T05:08:22.791Z] Error reading or processing Modbus registers: A Modbus Exception Occurred - See Response Body
[2024-12-10T05:08:22.793Z] Error reading register 6507 for IP 10.30.4.128: A Modbus Exception Occurred - See Response Body
[2024-12-10T05:08:22.794Z] Error reading actual data: A Modbus Exception Occurred - See Response Body
[2024-12-10T05:08:22.794Z] Error writing to Modbus register: A Modbus Exception Occurred - See Response Body
[2024-12-10T05:08:23.804Z] Error reading or processing Modbus registers: A Modbus Exception Occurred - See Response Body
[2024-12-10T05:08:23.806Z] Error reading register 6507 for IP 10.30.4.128: A Modbus Exception Occurred - See Response Body
[2024-12-10T05:08:23.807Z] Error reading actual data: A Modbus Exception Occurred - See Response Body
[2024-12-10T05:08:23.807Z] Error writing to Modbus register: A Modbus Exception Occurred - See Response Body
[2024-12-10T05:08:24.808Z] Error reading or processing Modbus registers: A Modbus Exception Occurred - See Response Body
[2024-12-10T05:08:24.809Z] Error reading register 6507 for IP 10.30.4.128: A Modbus Exception Occurred - See Response Body
[2024-12-10T05:08:24.810Z] Error reading actual data: A Modbus Exception Occurred - See Response Body
[2024-12-10T05:08:24.810Z] Error writing to Modbus register: A Modbus Exception Occurred - See Response Body
[2024-12-10T05:08:25.820Z] Error reading or processing Modbus registers: A Modbus Exception Occurred - See Response Body
[2024-12-10T05:08:25.822Z] Error reading register 6507 for IP 10.30.4.128: A Modbus Exception Occurred - See Response Body
[2024-12-10T05:08:25.822Z] Error reading actual data: A Modbus Exception Occurred - See Response Body
[2024-12-10T05:08:25.823Z] Error writing to Modbus register: A Modbus Exception Occurred - See Response Body
[2024-12-10T05:08:26.835Z] Error reading or processing Modbus registers: A Modbus Exception Occurred - See Response Body
[2024-12-10T05:08:26.838Z] Error reading register 6507 for IP 10.30.4.128: A Modbus Exception Occurred - See Response Body
[2024-12-10T05:08:26.839Z] Error reading actual data: A Modbus Exception Occurred - See Response Body
[2024-12-10T05:08:26.839Z] Error writing to Modbus register: A Modbus Exception Occurred - See Response Body
[2024-12-10T05:08:27.848Z] Error reading or processing Modbus registers: A Modbus Exception Occurred - See Response Body
[2024-12-10T05:08:27.850Z] Error reading register 6507 for IP 10.30.4.128: A Modbus Exception Occurred - See Response Body
[2024-12-10T05:08:27.851Z] Error reading actual data: A Modbus Exception Occurred - See Response Body
[2024-12-10T05:08:27.852Z] Error writing to Modbus register: A Modbus Exception Occurred - See Response Body
[2024-12-10T05:08:28.860Z] Error reading or processing Modbus registers: A Modbus Exception Occurred - See Response Body
[2024-12-10T05:08:28.861Z] Error reading register 6507 for IP 10.30.4.128: A Modbus Exception Occurred - See Response Body
[2024-12-10T05:08:28.862Z] Error reading actual data: A Modbus Exception Occurred - See Response Body
[2024-12-10T05:08:28.863Z] Error writing to Modbus register: A Modbus Exception Occurred - See Response Body
[2024-12-10T05:08:29.860Z] Error reading or processing Modbus registers: A Modbus Exception Occurred - See Response Body
[2024-12-10T05:08:29.863Z] Error reading register 6507 for IP 10.30.4.128: A Modbus Exception Occurred - See Response Body
[2024-12-10T05:08:29.863Z] Error reading actual data: A Modbus Exception Occurred - See Response Body
[2024-12-10T05:08:29.864Z] Error writing to Modbus register: A Modbus Exception Occurred - See Response Body
[2024-12-10T05:08:30.871Z] Error reading or processing Modbus registers: A Modbus Exception Occurred - See Response Body
[2024-12-10T05:08:30.873Z] Error reading register 6507 for IP 10.30.4.128: A Modbus Exception Occurred - See Response Body
[2024-12-10T05:08:30.874Z] Error reading actual data: A Modbus Exception Occurred - See Response Body
[2024-12-10T05:08:30.875Z] Error writing to Modbus register: A Modbus Exception Occurred - See Response Body
[2024-12-10T05:08:31.871Z] Error reading or processing Modbus registers: A Modbus Exception Occurred - See Response Body
[2024-12-10T05:08:31.873Z] Error reading register 6507 for IP 10.30.4.128: A Modbus Exception Occurred - See Response Body
[2024-12-10T05:08:31.873Z] Error reading actual data: A Modbus Exception Occurred - See Response Body
[2024-12-10T05:08:31.874Z] Error writing to Modbus register: A Modbus Exception Occurred - See Response Body
[2024-12-10T05:08:32.883Z] Error reading or processing Modbus registers: A Modbus Exception Occurred - See Response Body
[2024-12-10T05:08:32.885Z] Error reading register 6507 for IP 10.30.4.128: A Modbus Exception Occurred - See Response Body
[2024-12-10T05:08:32.886Z] Error reading actual data: A Modbus Exception Occurred - See Response Body
[2024-12-10T05:08:32.887Z] Error writing to Modbus register: A Modbus Exception Occurred - See Response Body
[2024-12-10T05:08:33.898Z] Error reading or processing Modbus registers: A Modbus Exception Occurred - See Response Body
[2024-12-10T05:08:33.900Z] Error reading register 6507 for IP 10.30.4.128: A Modbus Exception Occurred - See Response Body
[2024-12-10T05:08:33.901Z] Error reading actual data: A Modbus Exception Occurred - See Response Body
[2024-12-10T05:08:33.902Z] Error writing to Modbus register: A Modbus Exception Occurred - See Response Body
[2024-12-10T05:08:34.899Z] Error reading or processing Modbus registers: A Modbus Exception Occurred - See Response Body
[2024-12-10T05:08:34.901Z] Error reading register 6507 for IP 10.30.4.128: A Modbus Exception Occurred - See Response Body
[2024-12-10T05:08:34.902Z] Error reading actual data: A Modbus Exception Occurred - See Response Body
[2024-12-10T05:08:34.902Z] Error writing to Modbus register: A Modbus Exception Occurred - See Response Body
[2024-12-10T05:08:35.901Z] Error reading or processing Modbus registers: A Modbus Exception Occurred - See Response Body
[2024-12-10T05:08:35.903Z] Error reading register 6507 for IP 10.30.4.128: A Modbus Exception Occurred - See Response Body
[2024-12-10T05:08:35.904Z] Error reading actual data: A Modbus Exception Occurred - See Response Body
[2024-12-10T05:08:35.904Z] Error writing to Modbus register: A Modbus Exception Occurred - See Response Body
[2024-12-10T05:08:36.903Z] Error reading or processing Modbus registers: A Modbus Exception Occurred - See Response Body
[2024-12-10T05:08:36.905Z] Error reading register 6507 for IP 10.30.4.128: A Modbus Exception Occurred - See Response Body
[2024-12-10T05:08:36.906Z] Error reading actual data: A Modbus Exception Occurred - See Response Body
[2024-12-10T05:08:36.907Z] Error writing to Modbus register: A Modbus Exception Occurred - See Response Body
[2024-12-10T05:08:37.905Z] Error reading or processing Modbus registers: A Modbus Exception Occurred - See Response Body
[2024-12-10T05:08:37.907Z] Error reading register 6507 for IP 10.30.4.128: A Modbus Exception Occurred - See Response Body
[2024-12-10T05:08:37.908Z] Error reading actual data: A Modbus Exception Occurred - See Response Body
[2024-12-10T05:08:37.908Z] Error writing to Modbus register: A Modbus Exception Occurred - See Response Body
[2024-12-10T05:08:38.919Z] Error reading or processing Modbus registers: A Modbus Exception Occurred - See Response Body
[2024-12-10T05:08:38.921Z] Error reading register 6507 for IP 10.30.4.128: A Modbus Exception Occurred - See Response Body
[2024-12-10T05:08:38.922Z] Error reading actual data: A Modbus Exception Occurred - See Response Body
[2024-12-10T05:08:38.923Z] Error writing to Modbus register: A Modbus Exception Occurred - See Response Body
[2024-12-10T05:08:39.926Z] Error reading or processing Modbus registers: A Modbus Exception Occurred - See Response Body
[2024-12-10T05:08:39.929Z] Error reading register 6507 for IP 10.30.4.128: A Modbus Exception Occurred - See Response Body
[2024-12-10T05:08:39.930Z] Error reading actual data: A Modbus Exception Occurred - See Response Body
[2024-12-10T05:08:39.930Z] Error writing to Modbus register: A Modbus Exception Occurred - See Response Body
[2024-12-10T05:08:40.940Z] Error reading or processing Modbus registers: A Modbus Exception Occurred - See Response Body
[2024-12-10T05:08:40.942Z] Error reading register 6507 for IP 10.30.4.128: A Modbus Exception Occurred - See Response Body
[2024-12-10T05:08:40.942Z] Error reading actual data: A Modbus Exception Occurred - See Response Body
[2024-12-10T05:08:40.943Z] Error writing to Modbus register: A Modbus Exception Occurred - See Response Body
[2024-12-10T05:08:41.941Z] Error reading or processing Modbus registers: A Modbus Exception Occurred - See Response Body
[2024-12-10T05:08:41.943Z] Error reading register 6507 for IP 10.30.4.128: A Modbus Exception Occurred - See Response Body
[2024-12-10T05:08:41.944Z] Error reading actual data: A Modbus Exception Occurred - See Response Body
[2024-12-10T05:08:41.944Z] Error writing to Modbus register: A Modbus Exception Occurred - See Response Body
[2024-12-10T05:08:42.938Z] Error reading or processing Modbus registers: A Modbus Exception Occurred - See Response Body
[2024-12-10T05:08:42.943Z] Error reading register 6507 for IP 10.30.4.128: A Modbus Exception Occurred - See Response Body
[2024-12-10T05:08:42.944Z] Error reading actual data: A Modbus Exception Occurred - See Response Body
[2024-12-10T05:08:42.944Z] Error writing to Modbus register: A Modbus Exception Occurred - See Response Body
[2024-12-10T05:08:43.952Z] Error reading or processing Modbus registers: A Modbus Exception Occurred - See Response Body
[2024-12-10T05:08:43.954Z] Error reading register 6507 for IP 10.30.4.128: A Modbus Exception Occurred - See Response Body
[2024-12-10T05:08:43.955Z] Error reading actual data: A Modbus Exception Occurred - See Response Body
[2024-12-10T05:08:43.955Z] Error writing to Modbus register: A Modbus Exception Occurred - See Response Body
[2024-12-10T05:08:44.954Z] Error reading or processing Modbus registers: A Modbus Exception Occurred - See Response Body
[2024-12-10T05:08:44.956Z] Error reading register 6507 for IP 10.30.4.128: A Modbus Exception Occurred - See Response Body
[2024-12-10T05:08:44.957Z] Error reading actual data: A Modbus Exception Occurred - See Response Body
[2024-12-10T05:08:44.957Z] Error writing to Modbus register: A Modbus Exception Occurred - See Response Body
[2024-12-10T05:08:45.954Z] Error reading or processing Modbus registers: A Modbus Exception Occurred - See Response Body
[2024-12-10T05:08:45.956Z] Error reading register 6507 for IP 10.30.4.128: A Modbus Exception Occurred - See Response Body
[2024-12-10T05:08:45.957Z] Error reading actual data: A Modbus Exception Occurred - See Response Body
[2024-12-10T05:08:45.957Z] Error writing to Modbus register: A Modbus Exception Occurred - See Response Body
[2024-12-10T05:08:46.955Z] Error reading or processing Modbus registers: A Modbus Exception Occurred - See Response Body
[2024-12-10T05:08:46.957Z] Error reading register 6507 for IP 10.30.4.128: A Modbus Exception Occurred - See Response Body
[2024-12-10T05:08:46.957Z] Error reading actual data: A Modbus Exception Occurred - See Response Body
[2024-12-10T05:08:46.958Z] Error writing to Modbus register: A Modbus Exception Occurred - See Response Body
[2024-12-10T05:08:47.957Z] Error reading or processing Modbus registers: A Modbus Exception Occurred - See Response Body
[2024-12-10T05:08:47.959Z] Error reading register 6507 for IP 10.30.4.128: A Modbus Exception Occurred - See Response Body
[2024-12-10T05:08:47.960Z] Error reading actual data: A Modbus Exception Occurred - See Response Body
[2024-12-10T05:08:47.960Z] Error writing to Modbus register: A Modbus Exception Occurred - See Response Body
[2024-12-10T05:08:48.972Z] Error reading or processing Modbus registers: A Modbus Exception Occurred - See Response Body
[2024-12-10T05:08:48.974Z] Error reading register 6507 for IP 10.30.4.128: A Modbus Exception Occurred - See Response Body
[2024-12-10T05:08:48.975Z] Error reading actual data: A Modbus Exception Occurred - See Response Body
[2024-12-10T05:08:48.976Z] Error writing to Modbus register: A Modbus Exception Occurred - See Response Body
[2024-12-10T05:08:49.976Z] Error reading or processing Modbus registers: A Modbus Exception Occurred - See Response Body
[2024-12-10T05:08:49.978Z] Error reading register 6507 for IP 10.30.4.128: A Modbus Exception Occurred - See Response Body
[2024-12-10T05:08:49.978Z] Error reading actual data: A Modbus Exception Occurred - See Response Body
[2024-12-10T05:08:49.979Z] Error writing to Modbus register: A Modbus Exception Occurred - See Response Body
[2024-12-10T05:08:50.990Z] Error reading or processing Modbus registers: A Modbus Exception Occurred - See Response Body
[2024-12-10T05:08:50.992Z] Error reading register 6507 for IP 10.30.4.128: A Modbus Exception Occurred - See Response Body
[2024-12-10T05:08:50.992Z] Error reading actual data: A Modbus Exception Occurred - See Response Body
[2024-12-10T05:08:50.993Z] Error writing to Modbus register: A Modbus Exception Occurred - See Response Body
[2024-12-10T05:08:51.992Z] Error reading or processing Modbus registers: A Modbus Exception Occurred - See Response Body
[2024-12-10T05:08:51.994Z] Error reading register 6507 for IP 10.30.4.128: A Modbus Exception Occurred - See Response Body
[2024-12-10T05:08:51.995Z] Error reading actual data: A Modbus Exception Occurred - See Response Body
[2024-12-10T05:08:51.995Z] Error writing to Modbus register: A Modbus Exception Occurred - See Response Body
[2024-12-10T05:08:52.995Z] Error reading or processing Modbus registers: A Modbus Exception Occurred - See Response Body
[2024-12-10T05:08:52.997Z] Error reading register 6507 for IP 10.30.4.128: A Modbus Exception Occurred - See Response Body
[2024-12-10T05:08:52.998Z] Error reading actual data: A Modbus Exception Occurred - See Response Body
[2024-12-10T05:08:52.998Z] Error writing to Modbus register: A Modbus Exception Occurred - See Response Body
[2024-12-10T05:08:53.996Z] Error reading or processing Modbus registers: A Modbus Exception Occurred - See Response Body
[2024-12-10T05:08:53.997Z] Error reading register 6507 for IP 10.30.4.128: A Modbus Exception Occurred - See Response Body
[2024-12-10T05:08:53.998Z] Error reading actual data: A Modbus Exception Occurred - See Response Body
[2024-12-10T05:08:53.999Z] Error writing to Modbus register: A Modbus Exception Occurred - See Response Body
[2024-12-10T05:08:54.999Z] Error reading or processing Modbus registers: A Modbus Exception Occurred - See Response Body
[2024-12-10T05:08:55.002Z] Error reading register 6507 for IP 10.30.4.128: A Modbus Exception Occurred - See Response Body
[2024-12-10T05:08:55.002Z] Error reading actual data: A Modbus Exception Occurred - See Response Body
[2024-12-10T05:08:55.003Z] Error writing to Modbus register: A Modbus Exception Occurred - See Response Body
[2024-12-10T05:08:56.009Z] Error reading or processing Modbus registers: A Modbus Exception Occurred - See Response Body
[2024-12-10T05:08:56.011Z] Error reading register 6507 for IP 10.30.4.128: A Modbus Exception Occurred - See Response Body
[2024-12-10T05:08:56.012Z] Error reading actual data: A Modbus Exception Occurred - See Response Body
[2024-12-10T05:08:56.012Z] Error writing to Modbus register: A Modbus Exception Occurred - See Response Body
[2024-12-10T05:08:57.010Z] Error reading or processing Modbus registers: A Modbus Exception Occurred - See Response Body
[2024-12-10T05:08:57.013Z] Error reading register 6507 for IP 10.30.4.128: A Modbus Exception Occurred - See Response Body
[2024-12-10T05:08:57.013Z] Error reading actual data: A Modbus Exception Occurred - See Response Body
[2024-12-10T05:08:57.014Z] Error writing to Modbus register: A Modbus Exception Occurred - See Response Body
[2024-12-10T05:08:58.025Z] Error reading or processing Modbus registers: A Modbus Exception Occurred - See Response Body
[2024-12-10T05:08:58.027Z] Error reading register 6507 for IP 10.30.4.128: A Modbus Exception Occurred - See Response Body
[2024-12-10T05:08:58.028Z] Error reading actual data: A Modbus Exception Occurred - See Response Body
[2024-12-10T05:08:58.028Z] Error writing to Modbus register: A Modbus Exception Occurred - See Response Body
[2024-12-10T05:08:59.028Z] Error reading or processing Modbus registers: A Modbus Exception Occurred - See Response Body
[2024-12-10T05:08:59.030Z] Error reading register 6507 for IP 10.30.4.128: A Modbus Exception Occurred - See Response Body
[2024-12-10T05:08:59.031Z] Error reading actual data: A Modbus Exception Occurred - See Response Body
[2024-12-10T05:08:59.032Z] Error writing to Modbus register: A Modbus Exception Occurred - See Response Body
[2024-12-10T05:09:00.039Z] Error reading or processing Modbus registers: A Modbus Exception Occurred - See Response Body
[2024-12-10T05:09:00.042Z] Error reading register 6507 for IP 10.30.4.128: A Modbus Exception Occurred - See Response Body
[2024-12-10T05:09:00.042Z] Error reading actual data: A Modbus Exception Occurred - See Response Body
[2024-12-10T05:09:00.043Z] Error writing to Modbus register: A Modbus Exception Occurred - See Response Body
[2024-12-10T05:09:01.039Z] Error reading or processing Modbus registers: A Modbus Exception Occurred - See Response Body
[2024-12-10T05:09:01.041Z] Error reading register 6507 for IP 10.30.4.128: A Modbus Exception Occurred - See Response Body
[2024-12-10T05:09:01.042Z] Error reading actual data: A Modbus Exception Occurred - See Response Body
[2024-12-10T05:09:01.043Z] Error writing to Modbus register: A Modbus Exception Occurred - See Response Body
[2024-12-10T05:09:02.050Z] Error reading or processing Modbus registers: A Modbus Exception Occurred - See Response Body
[2024-12-10T05:09:02.052Z] Error reading register 6507 for IP 10.30.4.128: A Modbus Exception Occurred - See Response Body
[2024-12-10T05:09:02.053Z] Error reading actual data: A Modbus Exception Occurred - See Response Body
[2024-12-10T05:09:02.054Z] Error writing to Modbus register: A Modbus Exception Occurred - See Response Body
[2024-12-10T05:09:03.064Z] Error reading or processing Modbus registers: A Modbus Exception Occurred - See Response Body
[2024-12-10T05:09:03.067Z] Error reading register 6507 for IP 10.30.4.128: A Modbus Exception Occurred - See Response Body
[2024-12-10T05:09:03.068Z] Error reading actual data: A Modbus Exception Occurred - See Response Body
[2024-12-10T05:09:03.069Z] Error writing to Modbus register: A Modbus Exception Occurred - See Response Body
[2024-12-10T05:09:04.067Z] Error reading or processing Modbus registers: A Modbus Exception Occurred - See Response Body
[2024-12-10T05:09:04.069Z] Error reading register 6507 for IP 10.30.4.128: A Modbus Exception Occurred - See Response Body
[2024-12-10T05:09:04.069Z] Error reading actual data: A Modbus Exception Occurred - See Response Body
[2024-12-10T05:09:04.070Z] Error writing to Modbus register: A Modbus Exception Occurred - See Response Body
[2024-12-10T05:09:05.068Z] Error reading or processing Modbus registers: A Modbus Exception Occurred - See Response Body
[2024-12-10T05:09:05.070Z] Error reading register 6507 for IP 10.30.4.128: A Modbus Exception Occurred - See Response Body
[2024-12-10T05:09:05.071Z] Error reading actual data: A Modbus Exception Occurred - See Response Body
[2024-12-10T05:09:05.072Z] Error writing to Modbus register: A Modbus Exception Occurred - See Response Body
[2024-12-10T05:09:06.078Z] Error reading or processing Modbus registers: A Modbus Exception Occurred - See Response Body
[2024-12-10T05:09:06.080Z] Error reading register 6507 for IP 10.30.4.128: A Modbus Exception Occurred - See Response Body
[2024-12-10T05:09:06.081Z] Error reading actual data: A Modbus Exception Occurred - See Response Body
[2024-12-10T05:09:06.082Z] Error writing to Modbus register: A Modbus Exception Occurred - See Response Body
[2024-12-10T05:09:07.093Z] Error reading or processing Modbus registers: A Modbus Exception Occurred - See Response Body
[2024-12-10T05:09:07.096Z] Error reading register 6507 for IP 10.30.4.128: A Modbus Exception Occurred - See Response Body
[2024-12-10T05:09:07.096Z] Error reading actual data: A Modbus Exception Occurred - See Response Body
[2024-12-10T05:09:07.097Z] Error writing to Modbus register: A Modbus Exception Occurred - See Response Body
[2024-12-10T05:09:08.108Z] Error reading or processing Modbus registers: A Modbus Exception Occurred - See Response Body
[2024-12-10T05:09:08.110Z] Error reading register 6507 for IP 10.30.4.128: A Modbus Exception Occurred - See Response Body
[2024-12-10T05:09:08.111Z] Error reading actual data: A Modbus Exception Occurred - See Response Body
[2024-12-10T05:09:08.112Z] Error writing to Modbus register: A Modbus Exception Occurred - See Response Body
[2024-12-10T05:09:09.109Z] Error reading or processing Modbus registers: A Modbus Exception Occurred - See Response Body
[2024-12-10T05:09:09.111Z] Error reading register 6507 for IP 10.30.4.128: A Modbus Exception Occurred - See Response Body
[2024-12-10T05:09:09.112Z] Error reading actual data: A Modbus Exception Occurred - See Response Body
[2024-12-10T05:09:09.112Z] Error writing to Modbus register: A Modbus Exception Occurred - See Response Body
[2024-12-10T05:09:10.108Z] Error reading or processing Modbus registers: A Modbus Exception Occurred - See Response Body
[2024-12-10T05:09:10.111Z] Error reading register 6507 for IP 10.30.4.128: A Modbus Exception Occurred - See Response Body
[2024-12-10T05:09:10.112Z] Error reading actual data: A Modbus Exception Occurred - See Response Body
[2024-12-10T05:09:10.112Z] Error writing to Modbus register: A Modbus Exception Occurred - See Response Body
[2024-12-10T05:09:11.123Z] Error reading or processing Modbus registers: A Modbus Exception Occurred - See Response Body
[2024-12-10T05:09:11.128Z] Error reading register 6507 for IP 10.30.4.128: A Modbus Exception Occurred - See Response Body
[2024-12-10T05:09:11.128Z] Error reading actual data: A Modbus Exception Occurred - See Response Body
[2024-12-10T05:09:11.129Z] Error writing to Modbus register: A Modbus Exception Occurred - See Response Body
[2024-12-10T05:09:12.138Z] Error reading or processing Modbus registers: A Modbus Exception Occurred - See Response Body
[2024-12-10T05:09:12.140Z] Error reading register 6507 for IP 10.30.4.128: A Modbus Exception Occurred - See Response Body
[2024-12-10T05:09:12.140Z] Error reading actual data: A Modbus Exception Occurred - See Response Body
[2024-12-10T05:09:12.141Z] Error writing to Modbus register: A Modbus Exception Occurred - See Response Body
[2024-12-10T05:09:13.139Z] Error reading or processing Modbus registers: A Modbus Exception Occurred - See Response Body
[2024-12-10T05:09:13.141Z] Error reading register 6507 for IP 10.30.4.128: A Modbus Exception Occurred - See Response Body
[2024-12-10T05:09:13.141Z] Error reading actual data: A Modbus Exception Occurred - See Response Body
[2024-12-10T05:09:13.142Z] Error writing to Modbus register: A Modbus Exception Occurred - See Response Body
[2024-12-10T05:09:14.143Z] Error reading or processing Modbus registers: A Modbus Exception Occurred - See Response Body
[2024-12-10T05:09:14.145Z] Error reading register 6507 for IP 10.30.4.128: A Modbus Exception Occurred - See Response Body
[2024-12-10T05:09:14.145Z] Error reading actual data: A Modbus Exception Occurred - See Response Body
[2024-12-10T05:09:14.146Z] Error writing to Modbus register: A Modbus Exception Occurred - See Response Body
[2024-12-10T05:09:15.157Z] Error reading or processing Modbus registers: A Modbus Exception Occurred - See Response Body
[2024-12-10T05:09:15.159Z] Error reading register 6507 for IP 10.30.4.128: A Modbus Exception Occurred - See Response Body
[2024-12-10T05:09:15.160Z] Error reading actual data: A Modbus Exception Occurred - See Response Body
[2024-12-10T05:09:15.160Z] Error writing to Modbus register: A Modbus Exception Occurred - See Response Body
[2024-12-10T05:09:16.157Z] Error reading or processing Modbus registers: A Modbus Exception Occurred - See Response Body
[2024-12-10T05:09:16.159Z] Error reading register 6507 for IP 10.30.4.128: A Modbus Exception Occurred - See Response Body
[2024-12-10T05:09:16.159Z] Error reading actual data: A Modbus Exception Occurred - See Response Body
[2024-12-10T05:09:16.160Z] Error writing to Modbus register: A Modbus Exception Occurred - See Response Body
[2024-12-10T05:09:17.170Z] Error reading or processing Modbus registers: A Modbus Exception Occurred - See Response Body
[2024-12-10T05:09:17.173Z] Error reading register 6507 for IP 10.30.4.128: A Modbus Exception Occurred - See Response Body
[2024-12-10T05:09:17.173Z] Error reading actual data: A Modbus Exception Occurred - See Response Body
[2024-12-10T05:09:17.174Z] Error writing to Modbus register: A Modbus Exception Occurred - See Response Body
[2024-12-10T05:09:18.184Z] Error reading or processing Modbus registers: A Modbus Exception Occurred - See Response Body
[2024-12-10T05:09:18.186Z] Error reading register 6507 for IP 10.30.4.128: A Modbus Exception Occurred - See Response Body
[2024-12-10T05:09:18.187Z] Error reading actual data: A Modbus Exception Occurred - See Response Body
[2024-12-10T05:09:18.188Z] Error writing to Modbus register: A Modbus Exception Occurred - See Response Body
[2024-12-10T05:09:19.196Z] Error reading or processing Modbus registers: A Modbus Exception Occurred - See Response Body
[2024-12-10T05:09:19.200Z] Error reading register 6507 for IP 10.30.4.128: A Modbus Exception Occurred - See Response Body
[2024-12-10T05:09:19.200Z] Error reading actual data: A Modbus Exception Occurred - See Response Body
[2024-12-10T05:09:19.201Z] Error writing to Modbus register: A Modbus Exception Occurred - See Response Body
[2024-12-10T05:09:20.211Z] Error reading or processing Modbus registers: A Modbus Exception Occurred - See Response Body
[2024-12-10T05:09:20.213Z] Error reading register 6507 for IP 10.30.4.128: A Modbus Exception Occurred - See Response Body
[2024-12-10T05:09:20.213Z] Error reading actual data: A Modbus Exception Occurred - See Response Body
[2024-12-10T05:09:20.214Z] Error writing to Modbus register: A Modbus Exception Occurred - See Response Body
[2024-12-10T05:09:21.223Z] Error reading or processing Modbus registers: A Modbus Exception Occurred - See Response Body
[2024-12-10T05:09:21.225Z] Error reading register 6507 for IP 10.30.4.128: A Modbus Exception Occurred - See Response Body
[2024-12-10T05:09:21.226Z] Error reading actual data: A Modbus Exception Occurred - See Response Body
[2024-12-10T05:09:21.227Z] Error writing to Modbus register: A Modbus Exception Occurred - See Response Body
[2024-12-10T05:09:22.227Z] Error reading or processing Modbus registers: A Modbus Exception Occurred - See Response Body
[2024-12-10T05:09:22.229Z] Error reading register 6507 for IP 10.30.4.128: A Modbus Exception Occurred - See Response Body
[2024-12-10T05:09:22.230Z] Error reading actual data: A Modbus Exception Occurred - See Response Body
[2024-12-10T05:09:22.230Z] Error writing to Modbus register: A Modbus Exception Occurred - See Response Body
[2024-12-10T05:09:23.228Z] Error reading or processing Modbus registers: A Modbus Exception Occurred - See Response Body
[2024-12-10T05:09:23.230Z] Error reading register 6507 for IP 10.30.4.128: A Modbus Exception Occurred - See Response Body
[2024-12-10T05:09:23.231Z] Error reading actual data: A Modbus Exception Occurred - See Response Body
[2024-12-10T05:09:23.231Z] Error writing to Modbus register: A Modbus Exception Occurred - See Response Body
[2024-12-10T05:09:24.229Z] Error reading or processing Modbus registers: A Modbus Exception Occurred - See Response Body
[2024-12-10T05:09:24.231Z] Error reading register 6507 for IP 10.30.4.128: A Modbus Exception Occurred - See Response Body
[2024-12-10T05:09:24.232Z] Error reading actual data: A Modbus Exception Occurred - See Response Body
[2024-12-10T05:09:24.233Z] Error writing to Modbus register: A Modbus Exception Occurred - See Response Body
[2024-12-10T05:09:25.233Z] Error reading or processing Modbus registers: A Modbus Exception Occurred - See Response Body
[2024-12-10T05:09:25.236Z] Error reading register 6507 for IP 10.30.4.128: A Modbus Exception Occurred - See Response Body
[2024-12-10T05:09:25.236Z] Error reading actual data: A Modbus Exception Occurred - See Response Body
[2024-12-10T05:09:25.237Z] Error writing to Modbus register: A Modbus Exception Occurred - See Response Body
[2024-12-10T05:09:26.234Z] Error reading or processing Modbus registers: A Modbus Exception Occurred - See Response Body
[2024-12-10T05:09:26.237Z] Error reading register 6507 for IP 10.30.4.128: A Modbus Exception Occurred - See Response Body
[2024-12-10T05:09:26.237Z] Error reading actual data: A Modbus Exception Occurred - See Response Body
[2024-12-10T05:09:26.238Z] Error writing to Modbus register: A Modbus Exception Occurred - See Response Body
[2024-12-10T05:09:27.246Z] Error reading or processing Modbus registers: A Modbus Exception Occurred - See Response Body
[2024-12-10T05:09:27.248Z] Error reading register 6507 for IP 10.30.4.128: A Modbus Exception Occurred - See Response Body
[2024-12-10T05:09:27.249Z] Error reading actual data: A Modbus Exception Occurred - See Response Body
[2024-12-10T05:09:27.249Z] Error writing to Modbus register: A Modbus Exception Occurred - See Response Body
[2024-12-10T05:09:28.260Z] Error reading or processing Modbus registers: A Modbus Exception Occurred - See Response Body
[2024-12-10T05:09:28.263Z] Error reading register 6507 for IP 10.30.4.128: A Modbus Exception Occurred - See Response Body
[2024-12-10T05:09:28.264Z] Error reading actual data: A Modbus Exception Occurred - See Response Body
[2024-12-10T05:09:28.264Z] Error writing to Modbus register: A Modbus Exception Occurred - See Response Body
[2024-12-10T05:09:29.272Z] Error reading or processing Modbus registers: A Modbus Exception Occurred - See Response Body
[2024-12-10T05:09:29.274Z] Error reading register 6507 for IP 10.30.4.128: A Modbus Exception Occurred - See Response Body
[2024-12-10T05:09:29.275Z] Error reading actual data: A Modbus Exception Occurred - See Response Body
[2024-12-10T05:09:29.276Z] Error writing to Modbus register: A Modbus Exception Occurred - See Response Body
[2024-12-10T05:09:30.274Z] Error reading or processing Modbus registers: A Modbus Exception Occurred - See Response Body
[2024-12-10T05:09:30.276Z] Error reading register 6507 for IP 10.30.4.128: A Modbus Exception Occurred - See Response Body
[2024-12-10T05:09:30.277Z] Error reading actual data: A Modbus Exception Occurred - See Response Body
[2024-12-10T05:09:30.278Z] Error writing to Modbus register: A Modbus Exception Occurred - See Response Body
[2024-12-10T05:09:31.276Z] Error reading or processing Modbus registers: A Modbus Exception Occurred - See Response Body
[2024-12-10T05:09:31.278Z] Error reading register 6507 for IP 10.30.4.128: A Modbus Exception Occurred - See Response Body
[2024-12-10T05:09:31.279Z] Error reading actual data: A Modbus Exception Occurred - See Response Body
[2024-12-10T05:09:31.279Z] Error writing to Modbus register: A Modbus Exception Occurred - See Response Body
[2024-12-10T05:09:32.279Z] Error reading or processing Modbus registers: A Modbus Exception Occurred - See Response Body
[2024-12-10T05:09:32.281Z] Error reading register 6507 for IP 10.30.4.128: A Modbus Exception Occurred - See Response Body
[2024-12-10T05:09:32.282Z] Error reading actual data: A Modbus Exception Occurred - See Response Body
[2024-12-10T05:09:32.282Z] Error writing to Modbus register: A Modbus Exception Occurred - See Response Body
[2024-12-10T05:09:33.281Z] Error reading or processing Modbus registers: A Modbus Exception Occurred - See Response Body
[2024-12-10T05:09:33.283Z] Error reading register 6507 for IP 10.30.4.128: A Modbus Exception Occurred - See Response Body
[2024-12-10T05:09:33.284Z] Error reading actual data: A Modbus Exception Occurred - See Response Body
[2024-12-10T05:09:33.284Z] Error writing to Modbus register: A Modbus Exception Occurred - See Response Body
[2024-12-10T05:09:34.281Z] Error reading or processing Modbus registers: A Modbus Exception Occurred - See Response Body
[2024-12-10T05:09:34.284Z] Error reading register 6507 for IP 10.30.4.128: A Modbus Exception Occurred - See Response Body
[2024-12-10T05:09:34.285Z] Error reading actual data: A Modbus Exception Occurred - See Response Body
[2024-12-10T05:09:34.285Z] Error writing to Modbus register: A Modbus Exception Occurred - See Response Body
[2024-12-10T05:09:35.293Z] Error reading or processing Modbus registers: A Modbus Exception Occurred - See Response Body
[2024-12-10T05:09:35.295Z] Error reading register 6507 for IP 10.30.4.128: A Modbus Exception Occurred - See Response Body
[2024-12-10T05:09:35.296Z] Error reading actual data: A Modbus Exception Occurred - See Response Body
[2024-12-10T05:09:35.296Z] Error writing to Modbus register: A Modbus Exception Occurred - See Response Body
[2024-12-10T05:09:36.295Z] Error reading or processing Modbus registers: A Modbus Exception Occurred - See Response Body
[2024-12-10T05:09:36.298Z] Error reading register 6507 for IP 10.30.4.128: A Modbus Exception Occurred - See Response Body
[2024-12-10T05:09:36.299Z] Error reading actual data: A Modbus Exception Occurred - See Response Body
[2024-12-10T05:09:36.299Z] Error writing to Modbus register: A Modbus Exception Occurred - See Response Body
[2024-12-10T05:09:37.295Z] Error reading or processing Modbus registers: A Modbus Exception Occurred - See Response Body
[2024-12-10T05:09:37.297Z] Error reading register 6507 for IP 10.30.4.128: A Modbus Exception Occurred - See Response Body
[2024-12-10T05:09:37.298Z] Error reading actual data: A Modbus Exception Occurred - See Response Body
[2024-12-10T05:09:37.299Z] Error writing to Modbus register: A Modbus Exception Occurred - See Response Body
[2024-12-10T05:09:38.301Z] Error reading or processing Modbus registers: A Modbus Exception Occurred - See Response Body
[2024-12-10T05:09:38.303Z] Error reading register 6507 for IP 10.30.4.128: A Modbus Exception Occurred - See Response Body
[2024-12-10T05:09:38.304Z] Error reading actual data: A Modbus Exception Occurred - See Response Body
[2024-12-10T05:09:38.304Z] Error writing to Modbus register: A Modbus Exception Occurred - See Response Body
[2024-12-10T05:09:39.304Z] Error reading or processing Modbus registers: A Modbus Exception Occurred - See Response Body
[2024-12-10T05:09:39.306Z] Error reading register 6507 for IP 10.30.4.128: A Modbus Exception Occurred - See Response Body
[2024-12-10T05:09:39.306Z] Error reading actual data: A Modbus Exception Occurred - See Response Body
[2024-12-10T05:09:39.307Z] Error writing to Modbus register: A Modbus Exception Occurred - See Response Body
[2024-12-10T05:09:40.309Z] Error reading or processing Modbus registers: A Modbus Exception Occurred - See Response Body
[2024-12-10T05:09:40.312Z] Error reading register 6507 for IP 10.30.4.128: A Modbus Exception Occurred - See Response Body
[2024-12-10T05:09:40.313Z] Error reading actual data: A Modbus Exception Occurred - See Response Body
[2024-12-10T05:09:40.313Z] Error writing to Modbus register: A Modbus Exception Occurred - See Response Body
[2024-12-10T05:09:41.324Z] Error reading or processing Modbus registers: A Modbus Exception Occurred - See Response Body
[2024-12-10T05:09:41.326Z] Error reading register 6507 for IP 10.30.4.128: A Modbus Exception Occurred - See Response Body
[2024-12-10T05:09:41.329Z] Error reading actual data: A Modbus Exception Occurred - See Response Body
[2024-12-10T05:09:41.330Z] Error writing to Modbus register: A Modbus Exception Occurred - See Response Body
[2024-12-10T05:09:42.337Z] Error reading or processing Modbus registers: A Modbus Exception Occurred - See Response Body
[2024-12-10T05:09:42.339Z] Error reading register 6507 for IP 10.30.4.128: A Modbus Exception Occurred - See Response Body
[2024-12-10T05:09:42.339Z] Error reading actual data: A Modbus Exception Occurred - See Response Body
[2024-12-10T05:09:42.340Z] Error writing to Modbus register: A Modbus Exception Occurred - See Response Body
[2024-12-10T05:09:43.338Z] Error reading or processing Modbus registers: A Modbus Exception Occurred - See Response Body
[2024-12-10T05:09:43.339Z] Error reading register 6507 for IP 10.30.4.128: A Modbus Exception Occurred - See Response Body
[2024-12-10T05:09:43.340Z] Error reading actual data: A Modbus Exception Occurred - See Response Body
[2024-12-10T05:09:43.340Z] Error writing to Modbus register: A Modbus Exception Occurred - See Response Body
[2024-12-10T05:09:44.352Z] Error reading or processing Modbus registers: A Modbus Exception Occurred - See Response Body
[2024-12-10T05:09:44.355Z] Error reading register 6507 for IP 10.30.4.128: A Modbus Exception Occurred - See Response Body
[2024-12-10T05:09:44.355Z] Error reading actual data: A Modbus Exception Occurred - See Response Body
[2024-12-10T05:09:44.356Z] Error writing to Modbus register: A Modbus Exception Occurred - See Response Body
[2024-12-10T05:09:45.356Z] Error reading or processing Modbus registers: A Modbus Exception Occurred - See Response Body
[2024-12-10T05:09:45.357Z] Error reading register 6507 for IP 10.30.4.128: A Modbus Exception Occurred - See Response Body
[2024-12-10T05:09:45.358Z] Error reading actual data: A Modbus Exception Occurred - See Response Body
[2024-12-10T05:09:45.359Z] Error writing to Modbus register: A Modbus Exception Occurred - See Response Body
[2024-12-10T05:09:46.356Z] Error reading or processing Modbus registers: A Modbus Exception Occurred - See Response Body
[2024-12-10T05:09:46.358Z] Error reading register 6507 for IP 10.30.4.128: A Modbus Exception Occurred - See Response Body
[2024-12-10T05:09:46.359Z] Error reading actual data: A Modbus Exception Occurred - See Response Body
[2024-12-10T05:09:46.359Z] Error writing to Modbus register: A Modbus Exception Occurred - See Response Body
[2024-12-10T05:09:47.359Z] Error reading or processing Modbus registers: A Modbus Exception Occurred - See Response Body
[2024-12-10T05:09:47.361Z] Error reading register 6507 for IP 10.30.4.128: A Modbus Exception Occurred - See Response Body
[2024-12-10T05:09:47.362Z] Error reading actual data: A Modbus Exception Occurred - See Response Body
[2024-12-10T05:09:47.363Z] Error writing to Modbus register: A Modbus Exception Occurred - See Response Body
[2024-12-10T05:09:48.361Z] Error reading or processing Modbus registers: A Modbus Exception Occurred - See Response Body
[2024-12-10T05:09:48.363Z] Error reading register 6507 for IP 10.30.4.128: A Modbus Exception Occurred - See Response Body
[2024-12-10T05:09:48.364Z] Error reading actual data: A Modbus Exception Occurred - See Response Body
[2024-12-10T05:09:48.364Z] Error writing to Modbus register: A Modbus Exception Occurred - See Response Body
[2024-12-10T05:09:49.373Z] Error reading or processing Modbus registers: A Modbus Exception Occurred - See Response Body
[2024-12-10T05:09:49.374Z] Error reading register 6507 for IP 10.30.4.128: A Modbus Exception Occurred - See Response Body
[2024-12-10T05:09:49.375Z] Error reading actual data: A Modbus Exception Occurred - See Response Body
[2024-12-10T05:09:49.375Z] Error writing to Modbus register: A Modbus Exception Occurred - See Response Body
[2024-12-10T05:09:50.386Z] Error reading or processing Modbus registers: A Modbus Exception Occurred - See Response Body
[2024-12-10T05:09:50.388Z] Error reading register 6507 for IP 10.30.4.128: A Modbus Exception Occurred - See Response Body
[2024-12-10T05:09:50.389Z] Error reading actual data: A Modbus Exception Occurred - See Response Body
[2024-12-10T05:09:50.389Z] Error writing to Modbus register: A Modbus Exception Occurred - See Response Body
[2024-12-10T05:09:51.387Z] Error reading or processing Modbus registers: A Modbus Exception Occurred - See Response Body
[2024-12-10T05:09:51.389Z] Error reading register 6507 for IP 10.30.4.128: A Modbus Exception Occurred - See Response Body
[2024-12-10T05:09:51.389Z] Error reading actual data: A Modbus Exception Occurred - See Response Body
[2024-12-10T05:09:51.389Z] Error writing to Modbus register: A Modbus Exception Occurred - See Response Body
[2024-12-10T05:09:52.401Z] Error reading or processing Modbus registers: A Modbus Exception Occurred - See Response Body
[2024-12-10T05:09:52.405Z] Error reading register 6507 for IP 10.30.4.128: A Modbus Exception Occurred - See Response Body
[2024-12-10T05:09:52.406Z] Error reading actual data: A Modbus Exception Occurred - See Response Body
[2024-12-10T05:09:52.406Z] Error writing to Modbus register: A Modbus Exception Occurred - See Response Body
[2024-12-10T05:09:53.413Z] Error reading or processing Modbus registers: A Modbus Exception Occurred - See Response Body
[2024-12-10T05:09:53.415Z] Error reading register 6507 for IP 10.30.4.128: A Modbus Exception Occurred - See Response Body
[2024-12-10T05:09:53.416Z] Error reading actual data: A Modbus Exception Occurred - See Response Body
[2024-12-10T05:09:53.416Z] Error writing to Modbus register: A Modbus Exception Occurred - See Response Body
[2024-12-10T05:09:54.414Z] Error reading or processing Modbus registers: A Modbus Exception Occurred - See Response Body
[2024-12-10T05:09:54.416Z] Error reading register 6507 for IP 10.30.4.128: A Modbus Exception Occurred - See Response Body
[2024-12-10T05:09:54.416Z] Error reading actual data: A Modbus Exception Occurred - See Response Body
[2024-12-10T05:09:54.417Z] Error writing to Modbus register: A Modbus Exception Occurred - See Response Body
[2024-12-10T05:09:55.417Z] Error reading or processing Modbus registers: A Modbus Exception Occurred - See Response Body
[2024-12-10T05:09:55.418Z] Error reading register 6507 for IP 10.30.4.128: A Modbus Exception Occurred - See Response Body
[2024-12-10T05:09:55.419Z] Error reading actual data: A Modbus Exception Occurred - See Response Body
[2024-12-10T05:09:55.419Z] Error writing to Modbus register: A Modbus Exception Occurred - See Response Body
[2024-12-10T05:09:56.428Z] Error reading or processing Modbus registers: A Modbus Exception Occurred - See Response Body
[2024-12-10T05:09:56.431Z] Error reading register 6507 for IP 10.30.4.128: A Modbus Exception Occurred - See Response Body
[2024-12-10T05:09:56.431Z] Error reading actual data: A Modbus Exception Occurred - See Response Body
[2024-12-10T05:09:56.432Z] Error writing to Modbus register: A Modbus Exception Occurred - See Response Body
[2024-12-10T05:09:57.441Z] Error reading or processing Modbus registers: A Modbus Exception Occurred - See Response Body
[2024-12-10T05:09:57.443Z] Error reading register 6507 for IP 10.30.4.128: A Modbus Exception Occurred - See Response Body
[2024-12-10T05:09:57.444Z] Error reading actual data: A Modbus Exception Occurred - See Response Body
[2024-12-10T05:09:57.444Z] Error writing to Modbus register: A Modbus Exception Occurred - See Response Body
[2024-12-10T05:09:58.455Z] Error reading or processing Modbus registers: A Modbus Exception Occurred - See Response Body
[2024-12-10T05:09:58.458Z] Error reading register 6507 for IP 10.30.4.128: A Modbus Exception Occurred - See Response Body
[2024-12-10T05:09:58.459Z] Error reading actual data: A Modbus Exception Occurred - See Response Body
[2024-12-10T05:09:58.460Z] Error writing to Modbus register: A Modbus Exception Occurred - See Response Body
[2024-12-10T05:09:59.457Z] Error reading or processing Modbus registers: A Modbus Exception Occurred - See Response Body
[2024-12-10T05:09:59.460Z] Error reading register 6507 for IP 10.30.4.128: A Modbus Exception Occurred - See Response Body
[2024-12-10T05:09:59.461Z] Error reading actual data: A Modbus Exception Occurred - See Response Body
[2024-12-10T05:09:59.461Z] Error writing to Modbus register: A Modbus Exception Occurred - See Response Body
[2024-12-10T05:10:00.461Z] Error reading or processing Modbus registers: A Modbus Exception Occurred - See Response Body
[2024-12-10T05:10:00.464Z] Error reading register 6507 for IP 10.30.4.128: A Modbus Exception Occurred - See Response Body
[2024-12-10T05:10:00.464Z] Error reading actual data: A Modbus Exception Occurred - See Response Body
[2024-12-10T05:10:00.465Z] Error writing to Modbus register: A Modbus Exception Occurred - See Response Body
[2024-12-10T05:10:01.466Z] Error reading or processing Modbus registers: A Modbus Exception Occurred - See Response Body
[2024-12-10T05:10:01.468Z] Error reading register 6507 for IP 10.30.4.128: A Modbus Exception Occurred - See Response Body
[2024-12-10T05:10:01.469Z] Error reading actual data: A Modbus Exception Occurred - See Response Body
[2024-12-10T05:10:01.469Z] Error writing to Modbus register: A Modbus Exception Occurred - See Response Body
[2024-12-10T05:10:02.471Z] Error reading or processing Modbus registers: A Modbus Exception Occurred - See Response Body
[2024-12-10T05:10:02.473Z] Error reading register 6507 for IP 10.30.4.128: A Modbus Exception Occurred - See Response Body
[2024-12-10T05:10:02.474Z] Error reading actual data: A Modbus Exception Occurred - See Response Body
[2024-12-10T05:10:02.474Z] Error writing to Modbus register: A Modbus Exception Occurred - See Response Body
[2024-12-10T05:10:03.472Z] Error reading or processing Modbus registers: A Modbus Exception Occurred - See Response Body
[2024-12-10T05:10:03.474Z] Error reading register 6507 for IP 10.30.4.128: A Modbus Exception Occurred - See Response Body
[2024-12-10T05:10:03.474Z] Error reading actual data: A Modbus Exception Occurred - See Response Body
[2024-12-10T05:10:03.475Z] Error writing to Modbus register: A Modbus Exception Occurred - See Response Body
[2024-12-10T05:10:04.472Z] Error reading or processing Modbus registers: A Modbus Exception Occurred - See Response Body
[2024-12-10T05:10:04.474Z] Error reading register 6507 for IP 10.30.4.128: A Modbus Exception Occurred - See Response Body
[2024-12-10T05:10:04.475Z] Error reading actual data: A Modbus Exception Occurred - See Response Body
[2024-12-10T05:10:04.476Z] Error writing to Modbus register: A Modbus Exception Occurred - See Response Body
[2024-12-10T05:10:05.474Z] Error reading or processing Modbus registers: A Modbus Exception Occurred - See Response Body
[2024-12-10T05:10:05.476Z] Error reading register 6507 for IP 10.30.4.128: A Modbus Exception Occurred - See Response Body
[2024-12-10T05:10:05.476Z] Error reading actual data: A Modbus Exception Occurred - See Response Body
[2024-12-10T05:10:05.477Z] Error writing to Modbus register: A Modbus Exception Occurred - See Response Body
[2024-12-10T05:10:06.477Z] Error reading or processing Modbus registers: A Modbus Exception Occurred - See Response Body
[2024-12-10T05:10:06.479Z] Error reading register 6507 for IP 10.30.4.128: A Modbus Exception Occurred - See Response Body
[2024-12-10T05:10:06.480Z] Error reading actual data: A Modbus Exception Occurred - See Response Body
[2024-12-10T05:10:06.480Z] Error writing to Modbus register: A Modbus Exception Occurred - See Response Body
[2024-12-10T05:10:07.489Z] Error reading or processing Modbus registers: A Modbus Exception Occurred - See Response Body
[2024-12-10T05:10:07.492Z] Error reading register 6507 for IP 10.30.4.128: A Modbus Exception Occurred - See Response Body
[2024-12-10T05:10:07.492Z] Error reading actual data: A Modbus Exception Occurred - See Response Body
[2024-12-10T05:10:07.493Z] Error writing to Modbus register: A Modbus Exception Occurred - See Response Body
[2024-12-10T05:10:08.504Z] Error reading or processing Modbus registers: A Modbus Exception Occurred - See Response Body
[2024-12-10T05:10:08.507Z] Error reading register 6507 for IP 10.30.4.128: A Modbus Exception Occurred - See Response Body
[2024-12-10T05:10:08.507Z] Error reading actual data: A Modbus Exception Occurred - See Response Body
[2024-12-10T05:10:08.508Z] Error writing to Modbus register: A Modbus Exception Occurred - See Response Body
[2024-12-10T05:10:09.518Z] Error reading or processing Modbus registers: A Modbus Exception Occurred - See Response Body
[2024-12-10T05:10:09.521Z] Error reading register 6507 for IP 10.30.4.128: A Modbus Exception Occurred - See Response Body
[2024-12-10T05:10:09.521Z] Error reading actual data: A Modbus Exception Occurred - See Response Body
[2024-12-10T05:10:09.522Z] Error writing to Modbus register: A Modbus Exception Occurred - See Response Body
[2024-12-10T05:10:10.519Z] Error reading or processing Modbus registers: A Modbus Exception Occurred - See Response Body
[2024-12-10T05:10:10.522Z] Error reading register 6507 for IP 10.30.4.128: A Modbus Exception Occurred - See Response Body
[2024-12-10T05:10:10.522Z] Error reading actual data: A Modbus Exception Occurred - See Response Body
[2024-12-10T05:10:10.523Z] Error writing to Modbus register: A Modbus Exception Occurred - See Response Body
[2024-12-10T05:10:11.534Z] Error reading or processing Modbus registers: A Modbus Exception Occurred - See Response Body
[2024-12-10T05:10:11.536Z] Error reading register 6507 for IP 10.30.4.128: A Modbus Exception Occurred - See Response Body
[2024-12-10T05:10:11.537Z] Error reading actual data: A Modbus Exception Occurred - See Response Body
[2024-12-10T05:10:11.537Z] Error writing to Modbus register: A Modbus Exception Occurred - See Response Body
[2024-12-10T05:10:12.536Z] Error reading or processing Modbus registers: A Modbus Exception Occurred - See Response Body
[2024-12-10T05:10:12.538Z] Error reading register 6507 for IP 10.30.4.128: A Modbus Exception Occurred - See Response Body
[2024-12-10T05:10:12.539Z] Error reading actual data: A Modbus Exception Occurred - See Response Body
[2024-12-10T05:10:12.539Z] Error writing to Modbus register: A Modbus Exception Occurred - See Response Body
[2024-12-10T05:10:13.537Z] Error reading or processing Modbus registers: A Modbus Exception Occurred - See Response Body
[2024-12-10T05:10:13.539Z] Error reading register 6507 for IP 10.30.4.128: A Modbus Exception Occurred - See Response Body
[2024-12-10T05:10:13.539Z] Error reading actual data: A Modbus Exception Occurred - See Response Body
[2024-12-10T05:10:13.540Z] Error writing to Modbus register: A Modbus Exception Occurred - See Response Body
[2024-12-10T05:10:14.538Z] Error reading or processing Modbus registers: A Modbus Exception Occurred - See Response Body
[2024-12-10T05:10:14.540Z] Error reading register 6507 for IP 10.30.4.128: A Modbus Exception Occurred - See Response Body
[2024-12-10T05:10:14.541Z] Error reading actual data: A Modbus Exception Occurred - See Response Body
[2024-12-10T05:10:14.541Z] Error writing to Modbus register: A Modbus Exception Occurred - See Response Body
[2024-12-10T05:10:15.552Z] Error reading or processing Modbus registers: A Modbus Exception Occurred - See Response Body
[2024-12-10T05:10:15.554Z] Error reading register 6507 for IP 10.30.4.128: A Modbus Exception Occurred - See Response Body
[2024-12-10T05:10:15.555Z] Error reading actual data: A Modbus Exception Occurred - See Response Body
[2024-12-10T05:10:15.556Z] Error writing to Modbus register: A Modbus Exception Occurred - See Response Body
[2024-12-10T05:10:16.553Z] Error reading or processing Modbus registers: A Modbus Exception Occurred - See Response Body
[2024-12-10T05:10:16.554Z] Error reading register 6507 for IP 10.30.4.128: A Modbus Exception Occurred - See Response Body
[2024-12-10T05:10:16.555Z] Error reading actual data: A Modbus Exception Occurred - See Response Body
[2024-12-10T05:10:16.556Z] Error writing to Modbus register: A Modbus Exception Occurred - See Response Body
[2024-12-10T05:10:17.553Z] Error reading or processing Modbus registers: A Modbus Exception Occurred - See Response Body
[2024-12-10T05:10:17.554Z] Error reading register 6507 for IP 10.30.4.128: A Modbus Exception Occurred - See Response Body
[2024-12-10T05:10:17.555Z] Error reading actual data: A Modbus Exception Occurred - See Response Body
[2024-12-10T05:10:17.556Z] Error writing to Modbus register: A Modbus Exception Occurred - See Response Body
[2024-12-10T05:10:18.567Z] Error reading or processing Modbus registers: A Modbus Exception Occurred - See Response Body
[2024-12-10T05:10:18.569Z] Error reading register 6507 for IP 10.30.4.128: A Modbus Exception Occurred - See Response Body
[2024-12-10T05:10:18.570Z] Error reading actual data: A Modbus Exception Occurred - See Response Body
[2024-12-10T05:10:18.570Z] Error writing to Modbus register: A Modbus Exception Occurred - See Response Body
[2024-12-10T05:10:19.569Z] Error reading or processing Modbus registers: A Modbus Exception Occurred - See Response Body
[2024-12-10T05:10:19.571Z] Error reading register 6507 for IP 10.30.4.128: A Modbus Exception Occurred - See Response Body
[2024-12-10T05:10:19.571Z] Error reading actual data: A Modbus Exception Occurred - See Response Body
[2024-12-10T05:10:19.572Z] Error writing to Modbus register: A Modbus Exception Occurred - See Response Body
[2024-12-10T05:10:20.572Z] Error reading or processing Modbus registers: A Modbus Exception Occurred - See Response Body
[2024-12-10T05:10:20.574Z] Error reading register 6507 for IP 10.30.4.128: A Modbus Exception Occurred - See Response Body
[2024-12-10T05:10:20.575Z] Error reading actual data: A Modbus Exception Occurred - See Response Body
[2024-12-10T05:10:20.575Z] Error writing to Modbus register: A Modbus Exception Occurred - See Response Body
[2024-12-10T05:10:21.583Z] Error reading or processing Modbus registers: A Modbus Exception Occurred - See Response Body
[2024-12-10T05:10:21.585Z] Error reading register 6507 for IP 10.30.4.128: A Modbus Exception Occurred - See Response Body
[2024-12-10T05:10:21.585Z] Error reading actual data: A Modbus Exception Occurred - See Response Body
[2024-12-10T05:10:21.586Z] Error writing to Modbus register: A Modbus Exception Occurred - See Response Body
[2024-12-10T05:10:22.599Z] Error reading or processing Modbus registers: A Modbus Exception Occurred - See Response Body
[2024-12-10T05:10:22.601Z] Error reading register 6507 for IP 10.30.4.128: A Modbus Exception Occurred - See Response Body
[2024-12-10T05:10:22.601Z] Error reading actual data: A Modbus Exception Occurred - See Response Body
[2024-12-10T05:10:22.602Z] Error writing to Modbus register: A Modbus Exception Occurred - See Response Body
[2024-12-10T05:10:23.606Z] Error reading or processing Modbus registers: A Modbus Exception Occurred - See Response Body
[2024-12-10T05:10:23.608Z] Error reading register 6507 for IP 10.30.4.128: A Modbus Exception Occurred - See Response Body
[2024-12-10T05:10:23.609Z] Error reading actual data: A Modbus Exception Occurred - See Response Body
[2024-12-10T05:10:23.609Z] Error writing to Modbus register: A Modbus Exception Occurred - See Response Body
[2024-12-10T05:10:24.619Z] Error reading or processing Modbus registers: A Modbus Exception Occurred - See Response Body
[2024-12-10T05:10:24.621Z] Error reading register 6507 for IP 10.30.4.128: A Modbus Exception Occurred - See Response Body
[2024-12-10T05:10:24.621Z] Error reading actual data: A Modbus Exception Occurred - See Response Body
[2024-12-10T05:10:24.621Z] Error writing to Modbus register: A Modbus Exception Occurred - See Response Body
[2024-12-10T05:10:25.619Z] Error reading or processing Modbus registers: A Modbus Exception Occurred - See Response Body
[2024-12-10T05:10:25.622Z] Error reading register 6507 for IP 10.30.4.128: A Modbus Exception Occurred - See Response Body
[2024-12-10T05:10:25.622Z] Error reading actual data: A Modbus Exception Occurred - See Response Body
[2024-12-10T05:10:25.623Z] Error writing to Modbus register: A Modbus Exception Occurred - See Response Body
[2024-12-10T05:10:26.635Z] Error reading or processing Modbus registers: A Modbus Exception Occurred - See Response Body
[2024-12-10T05:10:26.637Z] Error reading register 6507 for IP 10.30.4.128: A Modbus Exception Occurred - See Response Body
[2024-12-10T05:10:26.638Z] Error reading actual data: A Modbus Exception Occurred - See Response Body
[2024-12-10T05:10:26.638Z] Error writing to Modbus register: A Modbus Exception Occurred - See Response Body
[2024-12-10T05:10:27.639Z] Error reading or processing Modbus registers: A Modbus Exception Occurred - See Response Body
[2024-12-10T05:10:27.641Z] Error reading register 6507 for IP 10.30.4.128: A Modbus Exception Occurred - See Response Body
[2024-12-10T05:10:27.641Z] Error reading actual data: A Modbus Exception Occurred - See Response Body
[2024-12-10T05:10:27.642Z] Error writing to Modbus register: A Modbus Exception Occurred - See Response Body
[2024-12-10T05:10:28.641Z] Error reading or processing Modbus registers: A Modbus Exception Occurred - See Response Body
[2024-12-10T05:10:28.643Z] Error reading register 6507 for IP 10.30.4.128: A Modbus Exception Occurred - See Response Body
[2024-12-10T05:10:28.644Z] Error reading actual data: A Modbus Exception Occurred - See Response Body
[2024-12-10T05:10:28.645Z] Error writing to Modbus register: A Modbus Exception Occurred - See Response Body
[2024-12-10T05:10:29.656Z] Error reading or processing Modbus registers: A Modbus Exception Occurred - See Response Body
[2024-12-10T05:10:29.659Z] Error reading register 6507 for IP 10.30.4.128: A Modbus Exception Occurred - See Response Body
[2024-12-10T05:10:29.659Z] Error reading actual data: A Modbus Exception Occurred - See Response Body
[2024-12-10T05:10:29.660Z] Error writing to Modbus register: A Modbus Exception Occurred - See Response Body
[2024-12-10T05:10:30.671Z] Error reading or processing Modbus registers: A Modbus Exception Occurred - See Response Body
[2024-12-10T05:10:30.686Z] Error reading register 6507 for IP 10.30.4.128: A Modbus Exception Occurred - See Response Body
[2024-12-10T05:10:30.688Z] Error reading actual data: A Modbus Exception Occurred - See Response Body
[2024-12-10T05:10:30.688Z] Error writing to Modbus register: A Modbus Exception Occurred - See Response Body
[2024-12-10T05:10:31.685Z] Error reading or processing Modbus registers: A Modbus Exception Occurred - See Response Body
[2024-12-10T05:10:31.688Z] Error reading register 6507 for IP 10.30.4.128: A Modbus Exception Occurred - See Response Body
[2024-12-10T05:10:31.689Z] Error reading actual data: A Modbus Exception Occurred - See Response Body
[2024-12-10T05:10:31.689Z] Error writing to Modbus register: A Modbus Exception Occurred - See Response Body
[2024-12-10T05:10:32.688Z] Error reading or processing Modbus registers: A Modbus Exception Occurred - See Response Body
[2024-12-10T05:10:32.691Z] Error reading register 6507 for IP 10.30.4.128: A Modbus Exception Occurred - See Response Body
[2024-12-10T05:10:32.692Z] Error reading actual data: A Modbus Exception Occurred - See Response Body
[2024-12-10T05:10:32.693Z] Error writing to Modbus register: A Modbus Exception Occurred - See Response Body
[2024-12-10T05:10:33.703Z] Error reading or processing Modbus registers: A Modbus Exception Occurred - See Response Body
[2024-12-10T05:10:33.705Z] Error reading register 6507 for IP 10.30.4.128: A Modbus Exception Occurred - See Response Body
[2024-12-10T05:10:33.706Z] Error reading actual data: A Modbus Exception Occurred - See Response Body
[2024-12-10T05:10:33.707Z] Error writing to Modbus register: A Modbus Exception Occurred - See Response Body
[2024-12-10T05:10:34.717Z] Error reading or processing Modbus registers: A Modbus Exception Occurred - See Response Body
[2024-12-10T05:10:34.719Z] Error reading register 6507 for IP 10.30.4.128: A Modbus Exception Occurred - See Response Body
[2024-12-10T05:10:34.719Z] Error reading actual data: A Modbus Exception Occurred - See Response Body
[2024-12-10T05:10:34.720Z] Error writing to Modbus register: A Modbus Exception Occurred - See Response Body
[2024-12-10T05:10:35.722Z] Error reading or processing Modbus registers: A Modbus Exception Occurred - See Response Body
[2024-12-10T05:10:35.725Z] Error reading register 6507 for IP 10.30.4.128: A Modbus Exception Occurred - See Response Body
[2024-12-10T05:10:35.725Z] Error reading actual data: A Modbus Exception Occurred - See Response Body
[2024-12-10T05:10:35.726Z] Error writing to Modbus register: A Modbus Exception Occurred - See Response Body
[2024-12-10T05:10:36.737Z] Error reading or processing Modbus registers: A Modbus Exception Occurred - See Response Body
[2024-12-10T05:10:36.739Z] Error reading register 6507 for IP 10.30.4.128: A Modbus Exception Occurred - See Response Body
[2024-12-10T05:10:36.740Z] Error reading actual data: A Modbus Exception Occurred - See Response Body
[2024-12-10T05:10:36.740Z] Error writing to Modbus register: A Modbus Exception Occurred - See Response Body
[2024-12-10T05:10:37.737Z] Error reading or processing Modbus registers: A Modbus Exception Occurred - See Response Body
[2024-12-10T05:10:37.739Z] Error reading register 6507 for IP 10.30.4.128: A Modbus Exception Occurred - See Response Body
[2024-12-10T05:10:37.740Z] Error reading actual data: A Modbus Exception Occurred - See Response Body
[2024-12-10T05:10:37.741Z] Error writing to Modbus register: A Modbus Exception Occurred - See Response Body
[2024-12-10T05:10:38.738Z] Error reading or processing Modbus registers: A Modbus Exception Occurred - See Response Body
[2024-12-10T05:10:38.741Z] Error reading register 6507 for IP 10.30.4.128: A Modbus Exception Occurred - See Response Body
[2024-12-10T05:10:38.741Z] Error reading actual data: A Modbus Exception Occurred - See Response Body
[2024-12-10T05:10:38.742Z] Error writing to Modbus register: A Modbus Exception Occurred - See Response Body
[2024-12-10T05:10:39.752Z] Error reading or processing Modbus registers: A Modbus Exception Occurred - See Response Body
[2024-12-10T05:10:39.754Z] Error reading register 6507 for IP 10.30.4.128: A Modbus Exception Occurred - See Response Body
[2024-12-10T05:10:39.755Z] Error reading actual data: A Modbus Exception Occurred - See Response Body
[2024-12-10T05:10:39.756Z] Error writing to Modbus register: A Modbus Exception Occurred - See Response Body
[2024-12-10T05:10:40.753Z] Error reading or processing Modbus registers: A Modbus Exception Occurred - See Response Body
[2024-12-10T05:10:40.756Z] Error reading register 6507 for IP 10.30.4.128: A Modbus Exception Occurred - See Response Body
[2024-12-10T05:10:40.756Z] Error reading actual data: A Modbus Exception Occurred - See Response Body
[2024-12-10T05:10:40.757Z] Error writing to Modbus register: A Modbus Exception Occurred - See Response Body
[2024-12-10T05:10:41.764Z] Error reading or processing Modbus registers: A Modbus Exception Occurred - See Response Body
[2024-12-10T05:10:41.766Z] Error reading register 6507 for IP 10.30.4.128: A Modbus Exception Occurred - See Response Body
[2024-12-10T05:10:41.767Z] Error reading actual data: A Modbus Exception Occurred - See Response Body
[2024-12-10T05:10:41.768Z] Error writing to Modbus register: A Modbus Exception Occurred - See Response Body
[2024-12-10T05:10:42.777Z] Error reading or processing Modbus registers: A Modbus Exception Occurred - See Response Body
[2024-12-10T05:10:42.779Z] Error reading register 6507 for IP 10.30.4.128: A Modbus Exception Occurred - See Response Body
[2024-12-10T05:10:42.779Z] Error reading actual data: A Modbus Exception Occurred - See Response Body
[2024-12-10T05:10:42.780Z] Error writing to Modbus register: A Modbus Exception Occurred - See Response Body
[2024-12-10T05:10:43.789Z] Error reading or processing Modbus registers: A Modbus Exception Occurred - See Response Body
[2024-12-10T05:10:43.791Z] Error reading register 6507 for IP 10.30.4.128: A Modbus Exception Occurred - See Response Body
[2024-12-10T05:10:43.791Z] Error reading actual data: A Modbus Exception Occurred - See Response Body
[2024-12-10T05:10:43.792Z] Error writing to Modbus register: A Modbus Exception Occurred - See Response Body
[2024-12-10T05:10:44.790Z] Error reading or processing Modbus registers: A Modbus Exception Occurred - See Response Body
[2024-12-10T05:10:44.792Z] Error reading register 6507 for IP 10.30.4.128: A Modbus Exception Occurred - See Response Body
[2024-12-10T05:10:44.793Z] Error reading actual data: A Modbus Exception Occurred - See Response Body
[2024-12-10T05:10:44.794Z] Error writing to Modbus register: A Modbus Exception Occurred - See Response Body
[2024-12-10T05:10:45.792Z] Error reading or processing Modbus registers: A Modbus Exception Occurred - See Response Body
[2024-12-10T05:10:45.794Z] Error reading register 6507 for IP 10.30.4.128: A Modbus Exception Occurred - See Response Body
[2024-12-10T05:10:45.795Z] Error reading actual data: A Modbus Exception Occurred - See Response Body
[2024-12-10T05:10:45.795Z] Error writing to Modbus register: A Modbus Exception Occurred - See Response Body
[2024-12-10T05:10:46.804Z] Error reading or processing Modbus registers: A Modbus Exception Occurred - See Response Body
[2024-12-10T05:10:46.806Z] Error reading register 6507 for IP 10.30.4.128: A Modbus Exception Occurred - See Response Body
[2024-12-10T05:10:46.807Z] Error reading actual data: A Modbus Exception Occurred - See Response Body
[2024-12-10T05:10:46.807Z] Error writing to Modbus register: A Modbus Exception Occurred - See Response Body
[2024-12-10T05:10:47.803Z] Error reading or processing Modbus registers: A Modbus Exception Occurred - See Response Body
[2024-12-10T05:10:47.805Z] Error reading register 6507 for IP 10.30.4.128: A Modbus Exception Occurred - See Response Body
[2024-12-10T05:10:47.806Z] Error reading actual data: A Modbus Exception Occurred - See Response Body
[2024-12-10T05:10:47.806Z] Error writing to Modbus register: A Modbus Exception Occurred - See Response Body
[2024-12-10T05:10:48.817Z] Error reading or processing Modbus registers: A Modbus Exception Occurred - See Response Body
[2024-12-10T05:10:48.819Z] Error reading register 6507 for IP 10.30.4.128: A Modbus Exception Occurred - See Response Body
[2024-12-10T05:10:48.820Z] Error reading actual data: A Modbus Exception Occurred - See Response Body
[2024-12-10T05:10:48.820Z] Error writing to Modbus register: A Modbus Exception Occurred - See Response Body
[2024-12-10T05:10:49.832Z] Error reading or processing Modbus registers: A Modbus Exception Occurred - See Response Body
[2024-12-10T05:10:49.833Z] Error reading register 6507 for IP 10.30.4.128: A Modbus Exception Occurred - See Response Body
[2024-12-10T05:10:49.834Z] Error reading actual data: A Modbus Exception Occurred - See Response Body
[2024-12-10T05:10:49.835Z] Error writing to Modbus register: A Modbus Exception Occurred - See Response Body
[2024-12-10T05:10:50.846Z] Error reading or processing Modbus registers: A Modbus Exception Occurred - See Response Body
[2024-12-10T05:10:50.848Z] Error reading register 6507 for IP 10.30.4.128: A Modbus Exception Occurred - See Response Body
[2024-12-10T05:10:50.848Z] Error reading actual data: A Modbus Exception Occurred - See Response Body
[2024-12-10T05:10:50.849Z] Error writing to Modbus register: A Modbus Exception Occurred - See Response Body
[2024-12-10T05:10:51.861Z] Error reading or processing Modbus registers: A Modbus Exception Occurred - See Response Body
[2024-12-10T05:10:51.864Z] Error reading register 6507 for IP 10.30.4.128: A Modbus Exception Occurred - See Response Body
[2024-12-10T05:10:51.865Z] Error reading actual data: A Modbus Exception Occurred - See Response Body
[2024-12-10T05:10:51.866Z] Error writing to Modbus register: A Modbus Exception Occurred - See Response Body
[2024-12-10T05:10:52.861Z] Error reading or processing Modbus registers: A Modbus Exception Occurred - See Response Body
[2024-12-10T05:10:52.863Z] Error reading register 6507 for IP 10.30.4.128: A Modbus Exception Occurred - See Response Body
[2024-12-10T05:10:52.864Z] Error reading actual data: A Modbus Exception Occurred - See Response Body
[2024-12-10T05:10:52.865Z] Error writing to Modbus register: A Modbus Exception Occurred - See Response Body
[2024-12-10T05:10:53.876Z] Error reading or processing Modbus registers: A Modbus Exception Occurred - See Response Body
[2024-12-10T05:10:53.878Z] Error reading register 6507 for IP 10.30.4.128: A Modbus Exception Occurred - See Response Body
[2024-12-10T05:10:53.879Z] Error reading actual data: A Modbus Exception Occurred - See Response Body
[2024-12-10T05:10:53.880Z] Error writing to Modbus register: A Modbus Exception Occurred - See Response Body
[2024-12-10T05:10:54.882Z] Error reading or processing Modbus registers: A Modbus Exception Occurred - See Response Body
[2024-12-10T05:10:54.884Z] Error reading register 6507 for IP 10.30.4.128: A Modbus Exception Occurred - See Response Body
[2024-12-10T05:10:54.885Z] Error reading actual data: A Modbus Exception Occurred - See Response Body
[2024-12-10T05:10:54.885Z] Error writing to Modbus register: A Modbus Exception Occurred - See Response Body
[2024-12-10T05:10:55.882Z] Error reading or processing Modbus registers: A Modbus Exception Occurred - See Response Body
[2024-12-10T05:10:55.884Z] Error reading register 6507 for IP 10.30.4.128: A Modbus Exception Occurred - See Response Body
[2024-12-10T05:10:55.885Z] Error reading actual data: A Modbus Exception Occurred - See Response Body
[2024-12-10T05:10:55.886Z] Error writing to Modbus register: A Modbus Exception Occurred - See Response Body
[2024-12-10T05:10:56.886Z] Error reading or processing Modbus registers: A Modbus Exception Occurred - See Response Body
[2024-12-10T05:10:56.888Z] Error reading register 6507 for IP 10.30.4.128: A Modbus Exception Occurred - See Response Body
[2024-12-10T05:10:56.889Z] Error reading actual data: A Modbus Exception Occurred - See Response Body
[2024-12-10T05:10:56.889Z] Error writing to Modbus register: A Modbus Exception Occurred - See Response Body
[2024-12-10T05:10:57.887Z] Error reading or processing Modbus registers: A Modbus Exception Occurred - See Response Body
[2024-12-10T05:10:57.890Z] Error reading register 6507 for IP 10.30.4.128: A Modbus Exception Occurred - See Response Body
[2024-12-10T05:10:57.890Z] Error reading actual data: A Modbus Exception Occurred - See Response Body
[2024-12-10T05:10:57.891Z] Error writing to Modbus register: A Modbus Exception Occurred - See Response Body
[2024-12-10T05:10:58.903Z] Error reading or processing Modbus registers: A Modbus Exception Occurred - See Response Body
[2024-12-10T05:10:58.905Z] Error reading register 6507 for IP 10.30.4.128: A Modbus Exception Occurred - See Response Body
[2024-12-10T05:10:58.906Z] Error reading actual data: A Modbus Exception Occurred - See Response Body
[2024-12-10T05:10:58.906Z] Error writing to Modbus register: A Modbus Exception Occurred - See Response Body
[2024-12-10T05:10:59.905Z] Error reading or processing Modbus registers: A Modbus Exception Occurred - See Response Body
[2024-12-10T05:10:59.907Z] Error reading register 6507 for IP 10.30.4.128: A Modbus Exception Occurred - See Response Body
[2024-12-10T05:10:59.907Z] Error reading actual data: A Modbus Exception Occurred - See Response Body
[2024-12-10T05:10:59.908Z] Error writing to Modbus register: A Modbus Exception Occurred - See Response Body
[2024-12-10T05:11:00.905Z] Error reading or processing Modbus registers: A Modbus Exception Occurred - See Response Body
[2024-12-10T05:11:00.908Z] Error reading register 6507 for IP 10.30.4.128: A Modbus Exception Occurred - See Response Body
[2024-12-10T05:11:00.909Z] Error reading actual data: A Modbus Exception Occurred - See Response Body
[2024-12-10T05:11:00.909Z] Error writing to Modbus register: A Modbus Exception Occurred - See Response Body
[2024-12-10T05:11:01.910Z] Error reading or processing Modbus registers: A Modbus Exception Occurred - See Response Body
[2024-12-10T05:11:01.912Z] Error reading register 6507 for IP 10.30.4.128: A Modbus Exception Occurred - See Response Body
[2024-12-10T05:11:01.913Z] Error reading actual data: A Modbus Exception Occurred - See Response Body
[2024-12-10T05:11:01.913Z] Error writing to Modbus register: A Modbus Exception Occurred - See Response Body
[2024-12-10T05:11:02.924Z] Error reading or processing Modbus registers: A Modbus Exception Occurred - See Response Body
[2024-12-10T05:11:02.927Z] Error reading register 6507 for IP 10.30.4.128: A Modbus Exception Occurred - See Response Body
[2024-12-10T05:11:02.928Z] Error reading actual data: A Modbus Exception Occurred - See Response Body
[2024-12-10T05:11:02.928Z] Error writing to Modbus register: A Modbus Exception Occurred - See Response Body
[2024-12-10T05:11:03.929Z] Error reading or processing Modbus registers: A Modbus Exception Occurred - See Response Body
[2024-12-10T05:11:03.931Z] Error reading register 6507 for IP 10.30.4.128: A Modbus Exception Occurred - See Response Body
[2024-12-10T05:11:03.932Z] Error reading actual data: A Modbus Exception Occurred - See Response Body
[2024-12-10T05:11:03.932Z] Error writing to Modbus register: A Modbus Exception Occurred - See Response Body
[2024-12-10T05:11:04.928Z] Error reading or processing Modbus registers: A Modbus Exception Occurred - See Response Body
[2024-12-10T05:11:04.930Z] Error reading register 6507 for IP 10.30.4.128: A Modbus Exception Occurred - See Response Body
[2024-12-10T05:11:04.930Z] Error reading actual data: A Modbus Exception Occurred - See Response Body
[2024-12-10T05:11:04.931Z] Error writing to Modbus register: A Modbus Exception Occurred - See Response Body
[2024-12-10T05:11:05.931Z] Error reading or processing Modbus registers: A Modbus Exception Occurred - See Response Body
[2024-12-10T05:11:05.933Z] Error reading register 6507 for IP 10.30.4.128: A Modbus Exception Occurred - See Response Body
[2024-12-10T05:11:05.934Z] Error reading actual data: A Modbus Exception Occurred - See Response Body
[2024-12-10T05:11:05.934Z] Error writing to Modbus register: A Modbus Exception Occurred - See Response Body
[2024-12-10T05:11:06.932Z] Error reading or processing Modbus registers: A Modbus Exception Occurred - See Response Body
[2024-12-10T05:11:06.937Z] Error reading register 6507 for IP 10.30.4.128: A Modbus Exception Occurred - See Response Body
[2024-12-10T05:11:06.937Z] Error reading actual data: A Modbus Exception Occurred - See Response Body
[2024-12-10T05:11:06.938Z] Error writing to Modbus register: A Modbus Exception Occurred - See Response Body
[2024-12-10T05:11:07.932Z] Error reading or processing Modbus registers: A Modbus Exception Occurred - See Response Body
[2024-12-10T05:11:07.934Z] Error reading register 6507 for IP 10.30.4.128: A Modbus Exception Occurred - See Response Body
[2024-12-10T05:11:07.935Z] Error reading actual data: A Modbus Exception Occurred - See Response Body
[2024-12-10T05:11:07.936Z] Error writing to Modbus register: A Modbus Exception Occurred - See Response Body
[2024-12-10T05:11:08.934Z] Error reading or processing Modbus registers: A Modbus Exception Occurred - See Response Body
[2024-12-10T05:11:08.936Z] Error reading register 6507 for IP 10.30.4.128: A Modbus Exception Occurred - See Response Body
[2024-12-10T05:11:08.937Z] Error reading actual data: A Modbus Exception Occurred - See Response Body
[2024-12-10T05:11:08.937Z] Error writing to Modbus register: A Modbus Exception Occurred - See Response Body
[2024-12-10T05:11:09.948Z] Error reading or processing Modbus registers: A Modbus Exception Occurred - See Response Body
[2024-12-10T05:11:09.950Z] Error reading register 6507 for IP 10.30.4.128: A Modbus Exception Occurred - See Response Body
[2024-12-10T05:11:09.951Z] Error reading actual data: A Modbus Exception Occurred - See Response Body
[2024-12-10T05:11:09.952Z] Error writing to Modbus register: A Modbus Exception Occurred - See Response Body
[2024-12-10T05:11:10.960Z] Error reading or processing Modbus registers: A Modbus Exception Occurred - See Response Body
[2024-12-10T05:11:10.963Z] Error reading register 6507 for IP 10.30.4.128: A Modbus Exception Occurred - See Response Body
[2024-12-10T05:11:10.963Z] Error reading actual data: A Modbus Exception Occurred - See Response Body
[2024-12-10T05:11:10.964Z] Error writing to Modbus register: A Modbus Exception Occurred - See Response Body
[2024-12-10T05:11:11.972Z] Error reading or processing Modbus registers: A Modbus Exception Occurred - See Response Body
[2024-12-10T05:11:11.974Z] Error reading register 6507 for IP 10.30.4.128: A Modbus Exception Occurred - See Response Body
[2024-12-10T05:11:11.974Z] Error reading actual data: A Modbus Exception Occurred - See Response Body
[2024-12-10T05:11:11.975Z] Error writing to Modbus register: A Modbus Exception Occurred - See Response Body
[2024-12-10T05:11:12.972Z] Error reading or processing Modbus registers: A Modbus Exception Occurred - See Response Body
[2024-12-10T05:11:12.974Z] Error reading register 6507 for IP 10.30.4.128: A Modbus Exception Occurred - See Response Body
[2024-12-10T05:11:12.975Z] Error reading actual data: A Modbus Exception Occurred - See Response Body
[2024-12-10T05:11:12.976Z] Error writing to Modbus register: A Modbus Exception Occurred - See Response Body
[2024-12-10T05:11:13.976Z] Error reading or processing Modbus registers: A Modbus Exception Occurred - See Response Body
[2024-12-10T05:11:13.977Z] Error reading register 6507 for IP 10.30.4.128: A Modbus Exception Occurred - See Response Body
[2024-12-10T05:11:13.978Z] Error reading actual data: A Modbus Exception Occurred - See Response Body
[2024-12-10T05:11:13.978Z] Error writing to Modbus register: A Modbus Exception Occurred - See Response Body
[2024-12-10T05:11:14.979Z] Error reading or processing Modbus registers: A Modbus Exception Occurred - See Response Body
[2024-12-10T05:11:14.981Z] Error reading register 6507 for IP 10.30.4.128: A Modbus Exception Occurred - See Response Body
[2024-12-10T05:11:14.981Z] Error reading actual data: A Modbus Exception Occurred - See Response Body
[2024-12-10T05:11:14.982Z] Error writing to Modbus register: A Modbus Exception Occurred - See Response Body
[2024-12-10T05:11:15.987Z] Error reading or processing Modbus registers: A Modbus Exception Occurred - See Response Body
[2024-12-10T05:11:15.989Z] Error reading register 6507 for IP 10.30.4.128: A Modbus Exception Occurred - See Response Body
[2024-12-10T05:11:15.990Z] Error reading actual data: A Modbus Exception Occurred - See Response Body
[2024-12-10T05:11:15.990Z] Error writing to Modbus register: A Modbus Exception Occurred - See Response Body
[2024-12-10T05:11:17.001Z] Error reading or processing Modbus registers: A Modbus Exception Occurred - See Response Body
[2024-12-10T05:11:17.003Z] Error reading register 6507 for IP 10.30.4.128: A Modbus Exception Occurred - See Response Body
[2024-12-10T05:11:17.004Z] Error reading actual data: A Modbus Exception Occurred - See Response Body
[2024-12-10T05:11:17.004Z] Error writing to Modbus register: A Modbus Exception Occurred - See Response Body
[2024-12-10T05:11:18.004Z] Error reading or processing Modbus registers: A Modbus Exception Occurred - See Response Body
[2024-12-10T05:11:18.006Z] Error reading register 6507 for IP 10.30.4.128: A Modbus Exception Occurred - See Response Body
[2024-12-10T05:11:18.007Z] Error reading actual data: A Modbus Exception Occurred - See Response Body
[2024-12-10T05:11:18.007Z] Error writing to Modbus register: A Modbus Exception Occurred - See Response Body
[2024-12-10T05:11:19.005Z] Error reading or processing Modbus registers: A Modbus Exception Occurred - See Response Body
[2024-12-10T05:11:19.007Z] Error reading register 6507 for IP 10.30.4.128: A Modbus Exception Occurred - See Response Body
[2024-12-10T05:11:19.007Z] Error reading actual data: A Modbus Exception Occurred - See Response Body
[2024-12-10T05:11:19.008Z] Error writing to Modbus register: A Modbus Exception Occurred - See Response Body
[2024-12-10T05:11:20.018Z] Error reading or processing Modbus registers: A Modbus Exception Occurred - See Response Body
[2024-12-10T05:11:20.022Z] Error reading register 6507 for IP 10.30.4.128: A Modbus Exception Occurred - See Response Body
[2024-12-10T05:11:20.023Z] Error reading actual data: A Modbus Exception Occurred - See Response Body
[2024-12-10T05:11:20.024Z] Error writing to Modbus register: A Modbus Exception Occurred - See Response Body
[2024-12-10T05:11:21.020Z] Error reading or processing Modbus registers: A Modbus Exception Occurred - See Response Body
[2024-12-10T05:11:21.023Z] Error reading register 6507 for IP 10.30.4.128: A Modbus Exception Occurred - See Response Body
[2024-12-10T05:11:21.024Z] Error reading actual data: A Modbus Exception Occurred - See Response Body
[2024-12-10T05:11:21.025Z] Error writing to Modbus register: A Modbus Exception Occurred - See Response Body
[2024-12-10T05:11:22.036Z] Error reading or processing Modbus registers: A Modbus Exception Occurred - See Response Body
[2024-12-10T05:11:22.038Z] Error reading register 6507 for IP 10.30.4.128: A Modbus Exception Occurred - See Response Body
[2024-12-10T05:11:22.038Z] Error reading actual data: A Modbus Exception Occurred - See Response Body
[2024-12-10T05:11:22.039Z] Error writing to Modbus register: A Modbus Exception Occurred - See Response Body
[2024-12-10T05:11:23.050Z] Error reading or processing Modbus registers: A Modbus Exception Occurred - See Response Body
[2024-12-10T05:11:23.053Z] Error reading register 6507 for IP 10.30.4.128: A Modbus Exception Occurred - See Response Body
[2024-12-10T05:11:23.054Z] Error reading actual data: A Modbus Exception Occurred - See Response Body
[2024-12-10T05:11:23.054Z] Error writing to Modbus register: A Modbus Exception Occurred - See Response Body
[2024-12-10T05:11:24.065Z] Error reading or processing Modbus registers: A Modbus Exception Occurred - See Response Body
[2024-12-10T05:11:24.067Z] Error reading register 6507 for IP 10.30.4.128: A Modbus Exception Occurred - See Response Body
[2024-12-10T05:11:24.068Z] Error reading actual data: A Modbus Exception Occurred - See Response Body
[2024-12-10T05:11:24.068Z] Error writing to Modbus register: A Modbus Exception Occurred - See Response Body
[2024-12-10T05:11:25.080Z] Error reading or processing Modbus registers: A Modbus Exception Occurred - See Response Body
[2024-12-10T05:11:25.082Z] Error reading register 6507 for IP 10.30.4.128: A Modbus Exception Occurred - See Response Body
[2024-12-10T05:11:25.083Z] Error reading actual data: A Modbus Exception Occurred - See Response Body
[2024-12-10T05:11:25.083Z] Error writing to Modbus register: A Modbus Exception Occurred - See Response Body
[2024-12-10T05:11:26.095Z] Error reading or processing Modbus registers: A Modbus Exception Occurred - See Response Body
[2024-12-10T05:11:26.097Z] Error reading register 6507 for IP 10.30.4.128: A Modbus Exception Occurred - See Response Body
[2024-12-10T05:11:26.098Z] Error reading actual data: A Modbus Exception Occurred - See Response Body
[2024-12-10T05:11:26.099Z] Error writing to Modbus register: A Modbus Exception Occurred - See Response Body
[2024-12-10T05:11:27.096Z] Error reading or processing Modbus registers: A Modbus Exception Occurred - See Response Body
[2024-12-10T05:11:27.099Z] Error reading register 6507 for IP 10.30.4.128: A Modbus Exception Occurred - See Response Body
[2024-12-10T05:11:27.100Z] Error reading actual data: A Modbus Exception Occurred - See Response Body
[2024-12-10T05:11:27.100Z] Error writing to Modbus register: A Modbus Exception Occurred - See Response Body
[2024-12-10T05:11:28.110Z] Error reading or processing Modbus registers: A Modbus Exception Occurred - See Response Body
[2024-12-10T05:11:28.113Z] Error reading register 6507 for IP 10.30.4.128: A Modbus Exception Occurred - See Response Body
[2024-12-10T05:11:28.113Z] Error reading actual data: A Modbus Exception Occurred - See Response Body
[2024-12-10T05:11:28.114Z] Error writing to Modbus register: A Modbus Exception Occurred - See Response Body
[2024-12-10T05:11:29.112Z] Error reading or processing Modbus registers: A Modbus Exception Occurred - See Response Body
[2024-12-10T05:11:29.115Z] Error reading register 6507 for IP 10.30.4.128: A Modbus Exception Occurred - See Response Body
[2024-12-10T05:11:29.116Z] Error reading actual data: A Modbus Exception Occurred - See Response Body
[2024-12-10T05:11:29.116Z] Error writing to Modbus register: A Modbus Exception Occurred - See Response Body
[2024-12-10T05:11:30.113Z] Error reading or processing Modbus registers: A Modbus Exception Occurred - See Response Body
[2024-12-10T05:11:30.115Z] Error reading register 6507 for IP 10.30.4.128: A Modbus Exception Occurred - See Response Body
[2024-12-10T05:11:30.116Z] Error reading actual data: A Modbus Exception Occurred - See Response Body
[2024-12-10T05:11:30.117Z] Error writing to Modbus register: A Modbus Exception Occurred - See Response Body
[2024-12-10T05:11:31.123Z] Error reading or processing Modbus registers: A Modbus Exception Occurred - See Response Body
[2024-12-10T05:11:31.125Z] Error reading register 6507 for IP 10.30.4.128: A Modbus Exception Occurred - See Response Body
[2024-12-10T05:11:31.126Z] Error reading actual data: A Modbus Exception Occurred - See Response Body
[2024-12-10T05:11:31.126Z] Error writing to Modbus register: A Modbus Exception Occurred - See Response Body
[2024-12-10T05:11:32.125Z] Error reading or processing Modbus registers: A Modbus Exception Occurred - See Response Body
[2024-12-10T05:11:32.126Z] Error reading register 6507 for IP 10.30.4.128: A Modbus Exception Occurred - See Response Body
[2024-12-10T05:11:32.128Z] Error reading actual data: A Modbus Exception Occurred - See Response Body
[2024-12-10T05:11:32.129Z] Error writing to Modbus register: A Modbus Exception Occurred - See Response Body
[2024-12-10T05:11:33.137Z] Error reading or processing Modbus registers: A Modbus Exception Occurred - See Response Body
[2024-12-10T05:11:33.139Z] Error reading register 6507 for IP 10.30.4.128: A Modbus Exception Occurred - See Response Body
[2024-12-10T05:11:33.140Z] Error reading actual data: A Modbus Exception Occurred - See Response Body
[2024-12-10T05:11:33.140Z] Error writing to Modbus register: A Modbus Exception Occurred - See Response Body
[2024-12-10T05:11:34.138Z] Error reading or processing Modbus registers: A Modbus Exception Occurred - See Response Body
[2024-12-10T05:11:34.140Z] Error reading register 6507 for IP 10.30.4.128: A Modbus Exception Occurred - See Response Body
[2024-12-10T05:11:34.141Z] Error reading actual data: A Modbus Exception Occurred - See Response Body
[2024-12-10T05:11:34.142Z] Error writing to Modbus register: A Modbus Exception Occurred - See Response Body
[2024-12-10T05:11:35.153Z] Error reading or processing Modbus registers: A Modbus Exception Occurred - See Response Body
[2024-12-10T05:11:35.155Z] Error reading register 6507 for IP 10.30.4.128: A Modbus Exception Occurred - See Response Body
[2024-12-10T05:11:35.155Z] Error reading actual data: A Modbus Exception Occurred - See Response Body
[2024-12-10T05:11:35.156Z] Error writing to Modbus register: A Modbus Exception Occurred - See Response Body
[2024-12-10T05:11:36.156Z] Error reading or processing Modbus registers: A Modbus Exception Occurred - See Response Body
[2024-12-10T05:11:36.159Z] Error reading register 6507 for IP 10.30.4.128: A Modbus Exception Occurred - See Response Body
[2024-12-10T05:11:36.159Z] Error reading actual data: A Modbus Exception Occurred - See Response Body
[2024-12-10T05:11:36.160Z] Error writing to Modbus register: A Modbus Exception Occurred - See Response Body
[2024-12-10T05:11:37.158Z] Error reading or processing Modbus registers: A Modbus Exception Occurred - See Response Body
[2024-12-10T05:11:37.160Z] Error reading register 6507 for IP 10.30.4.128: A Modbus Exception Occurred - See Response Body
[2024-12-10T05:11:37.161Z] Error reading actual data: A Modbus Exception Occurred - See Response Body
[2024-12-10T05:11:37.161Z] Error writing to Modbus register: A Modbus Exception Occurred - See Response Body
[2024-12-10T05:11:38.163Z] Error reading or processing Modbus registers: A Modbus Exception Occurred - See Response Body
[2024-12-10T05:11:38.165Z] Error reading register 6507 for IP 10.30.4.128: A Modbus Exception Occurred - See Response Body
[2024-12-10T05:11:38.166Z] Error reading actual data: A Modbus Exception Occurred - See Response Body
[2024-12-10T05:11:38.167Z] Error writing to Modbus register: A Modbus Exception Occurred - See Response Body
[2024-12-10T05:11:39.165Z] Error reading or processing Modbus registers: A Modbus Exception Occurred - See Response Body
[2024-12-10T05:11:39.166Z] Error reading register 6507 for IP 10.30.4.128: A Modbus Exception Occurred - See Response Body
[2024-12-10T05:11:39.167Z] Error reading actual data: A Modbus Exception Occurred - See Response Body
[2024-12-10T05:11:39.167Z] Error writing to Modbus register: A Modbus Exception Occurred - See Response Body
[2024-12-10T05:11:40.179Z] Error reading or processing Modbus registers: A Modbus Exception Occurred - See Response Body
[2024-12-10T05:11:40.181Z] Error reading register 6507 for IP 10.30.4.128: A Modbus Exception Occurred - See Response Body
[2024-12-10T05:11:40.182Z] Error reading actual data: A Modbus Exception Occurred - See Response Body
[2024-12-10T05:11:40.182Z] Error writing to Modbus register: A Modbus Exception Occurred - See Response Body
[2024-12-10T05:11:41.193Z] Error reading or processing Modbus registers: A Modbus Exception Occurred - See Response Body
[2024-12-10T05:11:41.195Z] Error reading register 6507 for IP 10.30.4.128: A Modbus Exception Occurred - See Response Body
[2024-12-10T05:11:41.196Z] Error reading actual data: A Modbus Exception Occurred - See Response Body
[2024-12-10T05:11:41.196Z] Error writing to Modbus register: A Modbus Exception Occurred - See Response Body
[2024-12-10T05:11:42.194Z] Error reading or processing Modbus registers: A Modbus Exception Occurred - See Response Body
[2024-12-10T05:11:42.196Z] Error reading register 6507 for IP 10.30.4.128: A Modbus Exception Occurred - See Response Body
[2024-12-10T05:11:42.197Z] Error reading actual data: A Modbus Exception Occurred - See Response Body
[2024-12-10T05:11:42.197Z] Error writing to Modbus register: A Modbus Exception Occurred - See Response Body
[2024-12-10T05:11:43.206Z] Error reading or processing Modbus registers: A Modbus Exception Occurred - See Response Body
[2024-12-10T05:11:43.208Z] Error reading register 6507 for IP 10.30.4.128: A Modbus Exception Occurred - See Response Body
[2024-12-10T05:11:43.209Z] Error reading actual data: A Modbus Exception Occurred - See Response Body
[2024-12-10T05:11:43.209Z] Error writing to Modbus register: A Modbus Exception Occurred - See Response Body
[2024-12-10T05:11:44.221Z] Error reading or processing Modbus registers: A Modbus Exception Occurred - See Response Body
[2024-12-10T05:11:44.223Z] Error reading register 6507 for IP 10.30.4.128: A Modbus Exception Occurred - See Response Body
[2024-12-10T05:11:44.224Z] Error reading actual data: A Modbus Exception Occurred - See Response Body
[2024-12-10T05:11:44.225Z] Error writing to Modbus register: A Modbus Exception Occurred - See Response Body
[2024-12-10T05:11:45.223Z] Error reading or processing Modbus registers: A Modbus Exception Occurred - See Response Body
[2024-12-10T05:11:45.225Z] Error reading register 6507 for IP 10.30.4.128: A Modbus Exception Occurred - See Response Body
[2024-12-10T05:11:45.226Z] Error reading actual data: A Modbus Exception Occurred - See Response Body
[2024-12-10T05:11:45.226Z] Error writing to Modbus register: A Modbus Exception Occurred - See Response Body
[2024-12-10T05:11:46.235Z] Error reading or processing Modbus registers: A Modbus Exception Occurred - See Response Body
[2024-12-10T05:11:46.238Z] Error reading register 6507 for IP 10.30.4.128: A Modbus Exception Occurred - See Response Body
[2024-12-10T05:11:46.238Z] Error reading actual data: A Modbus Exception Occurred - See Response Body
[2024-12-10T05:11:46.238Z] Error writing to Modbus register: A Modbus Exception Occurred - See Response Body
[2024-12-10T05:11:47.238Z] Error reading or processing Modbus registers: A Modbus Exception Occurred - See Response Body
[2024-12-10T05:11:47.240Z] Error reading register 6507 for IP 10.30.4.128: A Modbus Exception Occurred - See Response Body
[2024-12-10T05:11:47.240Z] Error reading actual data: A Modbus Exception Occurred - See Response Body
[2024-12-10T05:11:47.241Z] Error writing to Modbus register: A Modbus Exception Occurred - See Response Body
[2024-12-10T05:11:48.249Z] Error reading or processing Modbus registers: A Modbus Exception Occurred - See Response Body
[2024-12-10T05:11:48.251Z] Error reading register 6507 for IP 10.30.4.128: A Modbus Exception Occurred - See Response Body
[2024-12-10T05:11:48.252Z] Error reading actual data: A Modbus Exception Occurred - See Response Body
[2024-12-10T05:11:48.252Z] Error writing to Modbus register: A Modbus Exception Occurred - See Response Body
[2024-12-10T05:11:49.255Z] Error reading or processing Modbus registers: A Modbus Exception Occurred - See Response Body
[2024-12-10T05:11:49.257Z] Error reading register 6507 for IP 10.30.4.128: A Modbus Exception Occurred - See Response Body
[2024-12-10T05:11:49.258Z] Error reading actual data: A Modbus Exception Occurred - See Response Body
[2024-12-10T05:11:49.258Z] Error writing to Modbus register: A Modbus Exception Occurred - See Response Body
[2024-12-10T05:11:50.269Z] Error reading or processing Modbus registers: A Modbus Exception Occurred - See Response Body
[2024-12-10T05:11:50.271Z] Error reading register 6507 for IP 10.30.4.128: A Modbus Exception Occurred - See Response Body
[2024-12-10T05:11:50.271Z] Error reading actual data: A Modbus Exception Occurred - See Response Body
[2024-12-10T05:11:50.272Z] Error writing to Modbus register: A Modbus Exception Occurred - See Response Body
[2024-12-10T05:11:51.283Z] Error reading or processing Modbus registers: A Modbus Exception Occurred - See Response Body
[2024-12-10T05:11:51.286Z] Error reading register 6507 for IP 10.30.4.128: A Modbus Exception Occurred - See Response Body
[2024-12-10T05:11:51.286Z] Error reading actual data: A Modbus Exception Occurred - See Response Body
[2024-12-10T05:11:51.287Z] Error writing to Modbus register: A Modbus Exception Occurred - See Response Body
[2024-12-10T05:11:52.298Z] Error reading or processing Modbus registers: A Modbus Exception Occurred - See Response Body
[2024-12-10T05:11:52.300Z] Error reading register 6507 for IP 10.30.4.128: A Modbus Exception Occurred - See Response Body
[2024-12-10T05:11:52.301Z] Error reading actual data: A Modbus Exception Occurred - See Response Body
[2024-12-10T05:11:52.302Z] Error writing to Modbus register: A Modbus Exception Occurred - See Response Body
[2024-12-10T05:11:53.298Z] Error reading or processing Modbus registers: A Modbus Exception Occurred - See Response Body
[2024-12-10T05:11:53.300Z] Error reading register 6507 for IP 10.30.4.128: A Modbus Exception Occurred - See Response Body
[2024-12-10T05:11:53.300Z] Error reading actual data: A Modbus Exception Occurred - See Response Body
[2024-12-10T05:11:53.301Z] Error writing to Modbus register: A Modbus Exception Occurred - See Response Body
[2024-12-10T05:11:54.312Z] Error reading or processing Modbus registers: A Modbus Exception Occurred - See Response Body
[2024-12-10T05:11:54.314Z] Error reading register 6507 for IP 10.30.4.128: A Modbus Exception Occurred - See Response Body
[2024-12-10T05:11:54.315Z] Error reading actual data: A Modbus Exception Occurred - See Response Body
[2024-12-10T05:11:54.315Z] Error writing to Modbus register: A Modbus Exception Occurred - See Response Body
[2024-12-10T05:11:55.313Z] Error reading or processing Modbus registers: A Modbus Exception Occurred - See Response Body
[2024-12-10T05:11:55.316Z] Error reading register 6507 for IP 10.30.4.128: A Modbus Exception Occurred - See Response Body
[2024-12-10T05:11:55.316Z] Error reading actual data: A Modbus Exception Occurred - See Response Body
[2024-12-10T05:11:55.317Z] Error writing to Modbus register: A Modbus Exception Occurred - See Response Body
[2024-12-10T05:11:56.327Z] Error reading or processing Modbus registers: A Modbus Exception Occurred - See Response Body
[2024-12-10T05:11:56.330Z] Error reading register 6507 for IP 10.30.4.128: A Modbus Exception Occurred - See Response Body
[2024-12-10T05:11:56.331Z] Error reading actual data: A Modbus Exception Occurred - See Response Body
[2024-12-10T05:11:56.331Z] Error writing to Modbus register: A Modbus Exception Occurred - See Response Body
[2024-12-10T05:11:57.326Z] Error reading or processing Modbus registers: A Modbus Exception Occurred - See Response Body
[2024-12-10T05:11:57.329Z] Error reading register 6507 for IP 10.30.4.128: A Modbus Exception Occurred - See Response Body
[2024-12-10T05:11:57.329Z] Error reading actual data: A Modbus Exception Occurred - See Response Body
[2024-12-10T05:11:57.330Z] Error writing to Modbus register: A Modbus Exception Occurred - See Response Body
[2024-12-10T05:11:58.327Z] Error reading or processing Modbus registers: A Modbus Exception Occurred - See Response Body
[2024-12-10T05:11:58.330Z] Error reading register 6507 for IP 10.30.4.128: A Modbus Exception Occurred - See Response Body
[2024-12-10T05:11:58.330Z] Error reading actual data: A Modbus Exception Occurred - See Response Body
[2024-12-10T05:11:58.331Z] Error writing to Modbus register: A Modbus Exception Occurred - See Response Body
[2024-12-10T05:11:59.327Z] Error reading or processing Modbus registers: A Modbus Exception Occurred - See Response Body
[2024-12-10T05:11:59.330Z] Error reading register 6507 for IP 10.30.4.128: A Modbus Exception Occurred - See Response Body
[2024-12-10T05:11:59.330Z] Error reading actual data: A Modbus Exception Occurred - See Response Body
[2024-12-10T05:11:59.331Z] Error writing to Modbus register: A Modbus Exception Occurred - See Response Body
[2024-12-10T05:12:00.330Z] Error reading or processing Modbus registers: A Modbus Exception Occurred - See Response Body
[2024-12-10T05:12:00.332Z] Error reading register 6507 for IP 10.30.4.128: A Modbus Exception Occurred - See Response Body
[2024-12-10T05:12:00.333Z] Error reading actual data: A Modbus Exception Occurred - See Response Body
[2024-12-10T05:12:00.333Z] Error writing to Modbus register: A Modbus Exception Occurred - See Response Body
[2024-12-10T05:12:01.345Z] Error reading or processing Modbus registers: A Modbus Exception Occurred - See Response Body
[2024-12-10T05:12:01.347Z] Error reading register 6507 for IP 10.30.4.128: A Modbus Exception Occurred - See Response Body
[2024-12-10T05:12:01.348Z] Error reading actual data: A Modbus Exception Occurred - See Response Body
[2024-12-10T05:12:01.349Z] Error writing to Modbus register: A Modbus Exception Occurred - See Response Body
[2024-12-10T05:12:02.345Z] Error reading or processing Modbus registers: A Modbus Exception Occurred - See Response Body
[2024-12-10T05:12:02.347Z] Error reading register 6507 for IP 10.30.4.128: A Modbus Exception Occurred - See Response Body
[2024-12-10T05:12:02.348Z] Error reading actual data: A Modbus Exception Occurred - See Response Body
[2024-12-10T05:12:02.348Z] Error writing to Modbus register: A Modbus Exception Occurred - See Response Body
[2024-12-10T05:12:03.344Z] Error reading or processing Modbus registers: A Modbus Exception Occurred - See Response Body
[2024-12-10T05:12:03.347Z] Error reading register 6507 for IP 10.30.4.128: A Modbus Exception Occurred - See Response Body
[2024-12-10T05:12:03.348Z] Error reading actual data: A Modbus Exception Occurred - See Response Body
[2024-12-10T05:12:03.348Z] Error writing to Modbus register: A Modbus Exception Occurred - See Response Body
[2024-12-10T05:12:04.346Z] Error reading or processing Modbus registers: A Modbus Exception Occurred - See Response Body
[2024-12-10T05:12:04.349Z] Error reading register 6507 for IP 10.30.4.128: A Modbus Exception Occurred - See Response Body
[2024-12-10T05:12:04.349Z] Error reading actual data: A Modbus Exception Occurred - See Response Body
[2024-12-10T05:12:04.350Z] Error writing to Modbus register: A Modbus Exception Occurred - See Response Body
[2024-12-10T05:12:05.350Z] Error reading or processing Modbus registers: A Modbus Exception Occurred - See Response Body
[2024-12-10T05:12:05.352Z] Error reading register 6507 for IP 10.30.4.128: A Modbus Exception Occurred - See Response Body
[2024-12-10T05:12:05.353Z] Error reading actual data: A Modbus Exception Occurred - See Response Body
[2024-12-10T05:12:05.353Z] Error writing to Modbus register: A Modbus Exception Occurred - See Response Body
[2024-12-10T05:12:06.350Z] Error reading or processing Modbus registers: A Modbus Exception Occurred - See Response Body
[2024-12-10T05:12:06.352Z] Error reading register 6507 for IP 10.30.4.128: A Modbus Exception Occurred - See Response Body
[2024-12-10T05:12:06.353Z] Error reading actual data: A Modbus Exception Occurred - See Response Body
[2024-12-10T05:12:06.353Z] Error writing to Modbus register: A Modbus Exception Occurred - See Response Body
[2024-12-10T05:12:07.354Z] Error reading or processing Modbus registers: A Modbus Exception Occurred - See Response Body
[2024-12-10T05:12:07.357Z] Error reading register 6507 for IP 10.30.4.128: A Modbus Exception Occurred - See Response Body
[2024-12-10T05:12:07.360Z] Error reading actual data: A Modbus Exception Occurred - See Response Body
[2024-12-10T05:12:07.361Z] Error writing to Modbus register: A Modbus Exception Occurred - See Response Body
[2024-12-10T05:12:08.366Z] Error reading or processing Modbus registers: A Modbus Exception Occurred - See Response Body
[2024-12-10T05:12:08.368Z] Error reading register 6507 for IP 10.30.4.128: A Modbus Exception Occurred - See Response Body
[2024-12-10T05:12:08.369Z] Error reading actual data: A Modbus Exception Occurred - See Response Body
[2024-12-10T05:12:08.370Z] Error writing to Modbus register: A Modbus Exception Occurred - See Response Body
[2024-12-10T05:12:09.366Z] Error reading or processing Modbus registers: A Modbus Exception Occurred - See Response Body
[2024-12-10T05:12:09.369Z] Error reading register 6507 for IP 10.30.4.128: A Modbus Exception Occurred - See Response Body
[2024-12-10T05:12:09.369Z] Error reading actual data: A Modbus Exception Occurred - See Response Body
[2024-12-10T05:12:09.370Z] Error writing to Modbus register: A Modbus Exception Occurred - See Response Body
[2024-12-10T05:12:10.381Z] Error reading or processing Modbus registers: A Modbus Exception Occurred - See Response Body
[2024-12-10T05:12:10.382Z] Error reading register 6507 for IP 10.30.4.128: A Modbus Exception Occurred - See Response Body
[2024-12-10T05:12:10.383Z] Error reading actual data: A Modbus Exception Occurred - See Response Body
[2024-12-10T05:12:10.384Z] Error writing to Modbus register: A Modbus Exception Occurred - See Response Body
[2024-12-10T05:12:11.380Z] Error reading or processing Modbus registers: A Modbus Exception Occurred - See Response Body
[2024-12-10T05:12:11.382Z] Error reading register 6507 for IP 10.30.4.128: A Modbus Exception Occurred - See Response Body
[2024-12-10T05:12:11.383Z] Error reading actual data: A Modbus Exception Occurred - See Response Body
[2024-12-10T05:12:11.384Z] Error writing to Modbus register: A Modbus Exception Occurred - See Response Body
[2024-12-10T05:12:12.395Z] Error reading or processing Modbus registers: A Modbus Exception Occurred - See Response Body
[2024-12-10T05:12:12.397Z] Error reading register 6507 for IP 10.30.4.128: A Modbus Exception Occurred - See Response Body
[2024-12-10T05:12:12.398Z] Error reading actual data: A Modbus Exception Occurred - See Response Body
[2024-12-10T05:12:12.399Z] Error writing to Modbus register: A Modbus Exception Occurred - See Response Body
[2024-12-10T05:12:13.409Z] Error reading or processing Modbus registers: A Modbus Exception Occurred - See Response Body
[2024-12-10T05:12:13.411Z] Error reading register 6507 for IP 10.30.4.128: A Modbus Exception Occurred - See Response Body
[2024-12-10T05:12:13.411Z] Error reading actual data: A Modbus Exception Occurred - See Response Body
[2024-12-10T05:12:13.412Z] Error writing to Modbus register: A Modbus Exception Occurred - See Response Body
[2024-12-10T05:12:14.409Z] Error reading or processing Modbus registers: A Modbus Exception Occurred - See Response Body
[2024-12-10T05:12:14.411Z] Error reading register 6507 for IP 10.30.4.128: A Modbus Exception Occurred - See Response Body
[2024-12-10T05:12:14.412Z] Error reading actual data: A Modbus Exception Occurred - See Response Body
[2024-12-10T05:12:14.412Z] Error writing to Modbus register: A Modbus Exception Occurred - See Response Body
[2024-12-10T05:12:15.412Z] Error reading or processing Modbus registers: A Modbus Exception Occurred - See Response Body
[2024-12-10T05:12:15.414Z] Error reading register 6507 for IP 10.30.4.128: A Modbus Exception Occurred - See Response Body
[2024-12-10T05:12:15.415Z] Error reading actual data: A Modbus Exception Occurred - See Response Body
[2024-12-10T05:12:15.415Z] Error writing to Modbus register: A Modbus Exception Occurred - See Response Body
[2024-12-10T05:12:16.417Z] Error reading or processing Modbus registers: A Modbus Exception Occurred - See Response Body
[2024-12-10T05:12:16.419Z] Error reading register 6507 for IP 10.30.4.128: A Modbus Exception Occurred - See Response Body
[2024-12-10T05:12:16.420Z] Error reading actual data: A Modbus Exception Occurred - See Response Body
[2024-12-10T05:12:16.420Z] Error writing to Modbus register: A Modbus Exception Occurred - See Response Body
[2024-12-10T05:12:17.430Z] Error reading or processing Modbus registers: A Modbus Exception Occurred - See Response Body
[2024-12-10T05:12:17.432Z] Error reading register 6507 for IP 10.30.4.128: A Modbus Exception Occurred - See Response Body
[2024-12-10T05:12:17.433Z] Error reading actual data: A Modbus Exception Occurred - See Response Body
[2024-12-10T05:12:17.433Z] Error writing to Modbus register: A Modbus Exception Occurred - See Response Body
[2024-12-10T05:12:18.431Z] Error reading or processing Modbus registers: A Modbus Exception Occurred - See Response Body
[2024-12-10T05:12:18.433Z] Error reading register 6507 for IP 10.30.4.128: A Modbus Exception Occurred - See Response Body
[2024-12-10T05:12:18.433Z] Error reading actual data: A Modbus Exception Occurred - See Response Body
[2024-12-10T05:12:18.434Z] Error writing to Modbus register: A Modbus Exception Occurred - See Response Body
[2024-12-10T05:12:19.432Z] Error reading or processing Modbus registers: A Modbus Exception Occurred - See Response Body
[2024-12-10T05:12:19.434Z] Error reading register 6507 for IP 10.30.4.128: A Modbus Exception Occurred - See Response Body
[2024-12-10T05:12:19.435Z] Error reading actual data: A Modbus Exception Occurred - See Response Body
[2024-12-10T05:12:19.435Z] Error writing to Modbus register: A Modbus Exception Occurred - See Response Body
[2024-12-10T05:12:20.432Z] Error reading or processing Modbus registers: A Modbus Exception Occurred - See Response Body
[2024-12-10T05:12:20.434Z] Error reading register 6507 for IP 10.30.4.128: A Modbus Exception Occurred - See Response Body
[2024-12-10T05:12:20.435Z] Error reading actual data: A Modbus Exception Occurred - See Response Body
[2024-12-10T05:12:20.435Z] Error writing to Modbus register: A Modbus Exception Occurred - See Response Body
[2024-12-10T05:12:21.443Z] Error reading or processing Modbus registers: A Modbus Exception Occurred - See Response Body
[2024-12-10T05:12:21.446Z] Error reading register 6507 for IP 10.30.4.128: A Modbus Exception Occurred - See Response Body
[2024-12-10T05:12:21.446Z] Error reading actual data: A Modbus Exception Occurred - See Response Body
[2024-12-10T05:12:21.447Z] Error writing to Modbus register: A Modbus Exception Occurred - See Response Body
[2024-12-10T05:12:22.445Z] Error reading or processing Modbus registers: A Modbus Exception Occurred - See Response Body
[2024-12-10T05:12:22.447Z] Error reading register 6507 for IP 10.30.4.128: A Modbus Exception Occurred - See Response Body
[2024-12-10T05:12:22.448Z] Error reading actual data: A Modbus Exception Occurred - See Response Body
[2024-12-10T05:12:22.449Z] Error writing to Modbus register: A Modbus Exception Occurred - See Response Body
[2024-12-10T05:12:23.459Z] Error reading or processing Modbus registers: A Modbus Exception Occurred - See Response Body
[2024-12-10T05:12:23.461Z] Error reading register 6507 for IP 10.30.4.128: A Modbus Exception Occurred - See Response Body
[2024-12-10T05:12:23.462Z] Error reading actual data: A Modbus Exception Occurred - See Response Body
[2024-12-10T05:12:23.462Z] Error writing to Modbus register: A Modbus Exception Occurred - See Response Body
[2024-12-10T05:12:24.460Z] Error reading or processing Modbus registers: A Modbus Exception Occurred - See Response Body
[2024-12-10T05:12:24.463Z] Error reading register 6507 for IP 10.30.4.128: A Modbus Exception Occurred - See Response Body
[2024-12-10T05:12:24.464Z] Error reading actual data: A Modbus Exception Occurred - See Response Body
[2024-12-10T05:12:24.464Z] Error writing to Modbus register: A Modbus Exception Occurred - See Response Body
[2024-12-10T05:12:25.461Z] Error reading or processing Modbus registers: A Modbus Exception Occurred - See Response Body
[2024-12-10T05:12:25.463Z] Error reading register 6507 for IP 10.30.4.128: A Modbus Exception Occurred - See Response Body
[2024-12-10T05:12:25.464Z] Error reading actual data: A Modbus Exception Occurred - See Response Body
[2024-12-10T05:12:25.464Z] Error writing to Modbus register: A Modbus Exception Occurred - See Response Body
[2024-12-10T05:12:26.460Z] Error reading or processing Modbus registers: A Modbus Exception Occurred - See Response Body
[2024-12-10T05:12:26.463Z] Error reading register 6507 for IP 10.30.4.128: A Modbus Exception Occurred - See Response Body
[2024-12-10T05:12:26.464Z] Error reading actual data: A Modbus Exception Occurred - See Response Body
[2024-12-10T05:12:26.464Z] Error writing to Modbus register: A Modbus Exception Occurred - See Response Body
[2024-12-10T05:12:27.463Z] Error reading or processing Modbus registers: A Modbus Exception Occurred - See Response Body
[2024-12-10T05:12:27.466Z] Error reading register 6507 for IP 10.30.4.128: A Modbus Exception Occurred - See Response Body
[2024-12-10T05:12:27.466Z] Error reading actual data: A Modbus Exception Occurred - See Response Body
[2024-12-10T05:12:27.467Z] Error writing to Modbus register: A Modbus Exception Occurred - See Response Body
[2024-12-10T05:12:28.478Z] Error reading or processing Modbus registers: A Modbus Exception Occurred - See Response Body
[2024-12-10T05:12:28.482Z] Error reading register 6507 for IP 10.30.4.128: A Modbus Exception Occurred - See Response Body
[2024-12-10T05:12:28.483Z] Error reading actual data: A Modbus Exception Occurred - See Response Body
[2024-12-10T05:12:28.485Z] Error writing to Modbus register: A Modbus Exception Occurred - See Response Body
[2024-12-10T05:12:29.492Z] Error reading or processing Modbus registers: A Modbus Exception Occurred - See Response Body
[2024-12-10T05:12:29.494Z] Error reading register 6507 for IP 10.30.4.128: A Modbus Exception Occurred - See Response Body
[2024-12-10T05:12:29.495Z] Error reading actual data: A Modbus Exception Occurred - See Response Body
[2024-12-10T05:12:29.495Z] Error writing to Modbus register: A Modbus Exception Occurred - See Response Body
[2024-12-10T05:12:30.502Z] Error reading or processing Modbus registers: A Modbus Exception Occurred - See Response Body
[2024-12-10T05:12:30.504Z] Error reading register 6507 for IP 10.30.4.128: A Modbus Exception Occurred - See Response Body
[2024-12-10T05:12:30.505Z] Error reading actual data: A Modbus Exception Occurred - See Response Body
[2024-12-10T05:12:30.506Z] Error writing to Modbus register: A Modbus Exception Occurred - See Response Body
[2024-12-10T05:12:31.515Z] Error reading or processing Modbus registers: A Modbus Exception Occurred - See Response Body
[2024-12-10T05:12:31.517Z] Error reading register 6507 for IP 10.30.4.128: A Modbus Exception Occurred - See Response Body
[2024-12-10T05:12:31.518Z] Error reading actual data: A Modbus Exception Occurred - See Response Body
[2024-12-10T05:12:31.518Z] Error writing to Modbus register: A Modbus Exception Occurred - See Response Body
[2024-12-10T05:12:32.526Z] Error reading or processing Modbus registers: A Modbus Exception Occurred - See Response Body
[2024-12-10T05:12:32.528Z] Error reading register 6507 for IP 10.30.4.128: A Modbus Exception Occurred - See Response Body
[2024-12-10T05:12:32.529Z] Error reading actual data: A Modbus Exception Occurred - See Response Body
[2024-12-10T05:12:32.529Z] Error writing to Modbus register: A Modbus Exception Occurred - See Response Body
[2024-12-10T05:12:33.539Z] Error reading or processing Modbus registers: A Modbus Exception Occurred - See Response Body
[2024-12-10T05:12:33.541Z] Error reading register 6507 for IP 10.30.4.128: A Modbus Exception Occurred - See Response Body
[2024-12-10T05:12:33.541Z] Error reading actual data: A Modbus Exception Occurred - See Response Body
[2024-12-10T05:12:33.542Z] Error writing to Modbus register: A Modbus Exception Occurred - See Response Body
[2024-12-10T05:12:34.550Z] Error reading or processing Modbus registers: A Modbus Exception Occurred - See Response Body
[2024-12-10T05:12:34.553Z] Error reading register 6507 for IP 10.30.4.128: A Modbus Exception Occurred - See Response Body
[2024-12-10T05:12:34.554Z] Error reading actual data: A Modbus Exception Occurred - See Response Body
[2024-12-10T05:12:34.554Z] Error writing to Modbus register: A Modbus Exception Occurred - See Response Body
[2024-12-10T05:12:35.551Z] Error reading or processing Modbus registers: A Modbus Exception Occurred - See Response Body
[2024-12-10T05:12:35.553Z] Error reading register 6507 for IP 10.30.4.128: A Modbus Exception Occurred - See Response Body
[2024-12-10T05:12:35.554Z] Error reading actual data: A Modbus Exception Occurred - See Response Body
[2024-12-10T05:12:35.554Z] Error writing to Modbus register: A Modbus Exception Occurred - See Response Body
[2024-12-10T05:12:36.565Z] Error reading or processing Modbus registers: A Modbus Exception Occurred - See Response Body
[2024-12-10T05:12:36.567Z] Error reading register 6507 for IP 10.30.4.128: A Modbus Exception Occurred - See Response Body
[2024-12-10T05:12:36.568Z] Error reading actual data: A Modbus Exception Occurred - See Response Body
[2024-12-10T05:12:36.568Z] Error writing to Modbus register: A Modbus Exception Occurred - See Response Body
[2024-12-10T05:12:37.579Z] Error reading or processing Modbus registers: A Modbus Exception Occurred - See Response Body
[2024-12-10T05:12:37.581Z] Error reading register 6507 for IP 10.30.4.128: A Modbus Exception Occurred - See Response Body
[2024-12-10T05:12:37.582Z] Error reading actual data: A Modbus Exception Occurred - See Response Body
[2024-12-10T05:12:37.582Z] Error writing to Modbus register: A Modbus Exception Occurred - See Response Body
[2024-12-10T05:12:38.579Z] Error reading or processing Modbus registers: A Modbus Exception Occurred - See Response Body
[2024-12-10T05:12:38.581Z] Error reading register 6507 for IP 10.30.4.128: A Modbus Exception Occurred - See Response Body
[2024-12-10T05:12:38.582Z] Error reading actual data: A Modbus Exception Occurred - See Response Body
[2024-12-10T05:12:38.582Z] Error writing to Modbus register: A Modbus Exception Occurred - See Response Body
[2024-12-10T05:12:39.589Z] Error reading or processing Modbus registers: A Modbus Exception Occurred - See Response Body
[2024-12-10T05:12:39.591Z] Error reading register 6507 for IP 10.30.4.128: A Modbus Exception Occurred - See Response Body
[2024-12-10T05:12:39.592Z] Error reading actual data: A Modbus Exception Occurred - See Response Body
[2024-12-10T05:12:39.592Z] Error writing to Modbus register: A Modbus Exception Occurred - See Response Body
[2024-12-10T05:12:40.604Z] Error reading or processing Modbus registers: A Modbus Exception Occurred - See Response Body
[2024-12-10T05:12:40.606Z] Error reading register 6507 for IP 10.30.4.128: A Modbus Exception Occurred - See Response Body
[2024-12-10T05:12:40.606Z] Error reading actual data: A Modbus Exception Occurred - See Response Body
[2024-12-10T05:12:40.607Z] Error writing to Modbus register: A Modbus Exception Occurred - See Response Body
[2024-12-10T05:12:41.613Z] Error reading or processing Modbus registers: A Modbus Exception Occurred - See Response Body
[2024-12-10T05:12:41.615Z] Error reading register 6507 for IP 10.30.4.128: A Modbus Exception Occurred - See Response Body
[2024-12-10T05:12:41.616Z] Error reading actual data: A Modbus Exception Occurred - See Response Body
[2024-12-10T05:12:41.616Z] Error writing to Modbus register: A Modbus Exception Occurred - See Response Body
[2024-12-10T05:12:42.628Z] Error reading or processing Modbus registers: A Modbus Exception Occurred - See Response Body
[2024-12-10T05:12:42.630Z] Error reading register 6507 for IP 10.30.4.128: A Modbus Exception Occurred - See Response Body
[2024-12-10T05:12:42.631Z] Error reading actual data: A Modbus Exception Occurred - See Response Body
[2024-12-10T05:12:42.631Z] Error writing to Modbus register: A Modbus Exception Occurred - See Response Body
[2024-12-10T05:12:43.641Z] Error reading or processing Modbus registers: A Modbus Exception Occurred - See Response Body
[2024-12-10T05:12:43.644Z] Error reading register 6507 for IP 10.30.4.128: A Modbus Exception Occurred - See Response Body
[2024-12-10T05:12:43.644Z] Error reading actual data: A Modbus Exception Occurred - See Response Body
[2024-12-10T05:12:43.645Z] Error writing to Modbus register: A Modbus Exception Occurred - See Response Body
[2024-12-10T05:12:44.655Z] Error reading or processing Modbus registers: A Modbus Exception Occurred - See Response Body
[2024-12-10T05:12:44.657Z] Error reading register 6507 for IP 10.30.4.128: A Modbus Exception Occurred - See Response Body
[2024-12-10T05:12:44.658Z] Error reading actual data: A Modbus Exception Occurred - See Response Body
[2024-12-10T05:12:44.658Z] Error writing to Modbus register: A Modbus Exception Occurred - See Response Body
[2024-12-10T05:12:45.656Z] Error reading or processing Modbus registers: A Modbus Exception Occurred - See Response Body
[2024-12-10T05:12:45.658Z] Error reading register 6507 for IP 10.30.4.128: A Modbus Exception Occurred - See Response Body
[2024-12-10T05:12:45.659Z] Error reading actual data: A Modbus Exception Occurred - See Response Body
[2024-12-10T05:12:45.660Z] Error writing to Modbus register: A Modbus Exception Occurred - See Response Body
[2024-12-10T05:12:46.655Z] Error reading or processing Modbus registers: A Modbus Exception Occurred - See Response Body
[2024-12-10T05:12:46.657Z] Error reading register 6507 for IP 10.30.4.128: A Modbus Exception Occurred - See Response Body
[2024-12-10T05:12:46.658Z] Error reading actual data: A Modbus Exception Occurred - See Response Body
[2024-12-10T05:12:46.659Z] Error writing to Modbus register: A Modbus Exception Occurred - See Response Body
[2024-12-10T05:12:47.669Z] Error reading or processing Modbus registers: A Modbus Exception Occurred - See Response Body
[2024-12-10T05:12:47.671Z] Error reading register 6507 for IP 10.30.4.128: A Modbus Exception Occurred - See Response Body
[2024-12-10T05:12:47.672Z] Error reading actual data: A Modbus Exception Occurred - See Response Body
[2024-12-10T05:12:47.673Z] Error writing to Modbus register: A Modbus Exception Occurred - See Response Body
[2024-12-10T05:12:48.683Z] Error reading or processing Modbus registers: A Modbus Exception Occurred - See Response Body
[2024-12-10T05:12:48.685Z] Error reading register 6507 for IP 10.30.4.128: A Modbus Exception Occurred - See Response Body
[2024-12-10T05:12:48.686Z] Error reading actual data: A Modbus Exception Occurred - See Response Body
[2024-12-10T05:12:48.686Z] Error writing to Modbus register: A Modbus Exception Occurred - See Response Body
[2024-12-10T05:12:49.686Z] Error reading or processing Modbus registers: A Modbus Exception Occurred - See Response Body
[2024-12-10T05:12:49.688Z] Error reading register 6507 for IP 10.30.4.128: A Modbus Exception Occurred - See Response Body
[2024-12-10T05:12:49.689Z] Error reading actual data: A Modbus Exception Occurred - See Response Body
[2024-12-10T05:12:49.689Z] Error writing to Modbus register: A Modbus Exception Occurred - See Response Body
[2024-12-10T05:12:50.701Z] Error reading or processing Modbus registers: A Modbus Exception Occurred - See Response Body
[2024-12-10T05:12:50.703Z] Error reading register 6507 for IP 10.30.4.128: A Modbus Exception Occurred - See Response Body
[2024-12-10T05:12:50.704Z] Error reading actual data: A Modbus Exception Occurred - See Response Body
[2024-12-10T05:12:50.705Z] Error writing to Modbus register: A Modbus Exception Occurred - See Response Body
[2024-12-10T05:12:51.704Z] Error reading or processing Modbus registers: A Modbus Exception Occurred - See Response Body
[2024-12-10T05:12:51.706Z] Error reading register 6507 for IP 10.30.4.128: A Modbus Exception Occurred - See Response Body
[2024-12-10T05:12:51.707Z] Error reading actual data: A Modbus Exception Occurred - See Response Body
[2024-12-10T05:12:51.708Z] Error writing to Modbus register: A Modbus Exception Occurred - See Response Body
[2024-12-10T05:12:52.706Z] Error reading or processing Modbus registers: A Modbus Exception Occurred - See Response Body
[2024-12-10T05:12:52.709Z] Error reading register 6507 for IP 10.30.4.128: A Modbus Exception Occurred - See Response Body
[2024-12-10T05:12:52.710Z] Error reading actual data: A Modbus Exception Occurred - See Response Body
[2024-12-10T05:12:52.710Z] Error writing to Modbus register: A Modbus Exception Occurred - See Response Body
[2024-12-10T05:12:53.710Z] Error reading or processing Modbus registers: A Modbus Exception Occurred - See Response Body
[2024-12-10T05:12:53.715Z] Error reading register 6507 for IP 10.30.4.128: A Modbus Exception Occurred - See Response Body
[2024-12-10T05:12:53.715Z] Error reading actual data: A Modbus Exception Occurred - See Response Body
[2024-12-10T05:12:53.716Z] Error writing to Modbus register: A Modbus Exception Occurred - See Response Body
[2024-12-10T05:12:54.710Z] Error reading or processing Modbus registers: A Modbus Exception Occurred - See Response Body
[2024-12-10T05:12:54.715Z] Error reading register 6507 for IP 10.30.4.128: A Modbus Exception Occurred - See Response Body
[2024-12-10T05:12:54.715Z] Error reading actual data: A Modbus Exception Occurred - See Response Body
[2024-12-10T05:12:54.716Z] Error writing to Modbus register: A Modbus Exception Occurred - See Response Body
[2024-12-10T05:12:55.714Z] Error reading or processing Modbus registers: A Modbus Exception Occurred - See Response Body
[2024-12-10T05:12:55.716Z] Error reading register 6507 for IP 10.30.4.128: A Modbus Exception Occurred - See Response Body
[2024-12-10T05:12:55.717Z] Error reading actual data: A Modbus Exception Occurred - See Response Body
[2024-12-10T05:12:55.717Z] Error writing to Modbus register: A Modbus Exception Occurred - See Response Body
[2024-12-10T05:12:56.723Z] Error reading or processing Modbus registers: A Modbus Exception Occurred - See Response Body
[2024-12-10T05:12:56.726Z] Error reading register 6507 for IP 10.30.4.128: A Modbus Exception Occurred - See Response Body
[2024-12-10T05:12:56.726Z] Error reading actual data: A Modbus Exception Occurred - See Response Body
[2024-12-10T05:12:56.727Z] Error writing to Modbus register: A Modbus Exception Occurred - See Response Body
[2024-12-10T05:12:57.725Z] Error reading or processing Modbus registers: A Modbus Exception Occurred - See Response Body
[2024-12-10T05:12:57.727Z] Error reading register 6507 for IP 10.30.4.128: A Modbus Exception Occurred - See Response Body
[2024-12-10T05:12:57.727Z] Error reading actual data: A Modbus Exception Occurred - See Response Body
[2024-12-10T05:12:57.728Z] Error writing to Modbus register: A Modbus Exception Occurred - See Response Body
[2024-12-10T05:12:58.725Z] Error reading or processing Modbus registers: A Modbus Exception Occurred - See Response Body
[2024-12-10T05:12:58.727Z] Error reading register 6507 for IP 10.30.4.128: A Modbus Exception Occurred - See Response Body
[2024-12-10T05:12:58.728Z] Error reading actual data: A Modbus Exception Occurred - See Response Body
[2024-12-10T05:12:58.728Z] Error writing to Modbus register: A Modbus Exception Occurred - See Response Body
[2024-12-10T05:12:59.726Z] Error reading or processing Modbus registers: A Modbus Exception Occurred - See Response Body
[2024-12-10T05:12:59.728Z] Error reading register 6507 for IP 10.30.4.128: A Modbus Exception Occurred - See Response Body
[2024-12-10T05:12:59.729Z] Error reading actual data: A Modbus Exception Occurred - See Response Body
[2024-12-10T05:12:59.729Z] Error writing to Modbus register: A Modbus Exception Occurred - See Response Body
[2024-12-10T05:13:00.739Z] Error reading or processing Modbus registers: A Modbus Exception Occurred - See Response Body
[2024-12-10T05:13:00.741Z] Error reading register 6507 for IP 10.30.4.128: A Modbus Exception Occurred - See Response Body
[2024-12-10T05:13:00.742Z] Error reading actual data: A Modbus Exception Occurred - See Response Body
[2024-12-10T05:13:00.742Z] Error writing to Modbus register: A Modbus Exception Occurred - See Response Body
[2024-12-10T05:13:01.754Z] Error reading or processing Modbus registers: A Modbus Exception Occurred - See Response Body
[2024-12-10T05:13:01.756Z] Error reading register 6507 for IP 10.30.4.128: A Modbus Exception Occurred - See Response Body
[2024-12-10T05:13:01.756Z] Error reading actual data: A Modbus Exception Occurred - See Response Body
[2024-12-10T05:13:01.757Z] Error writing to Modbus register: A Modbus Exception Occurred - See Response Body
[2024-12-10T05:13:02.764Z] Error reading or processing Modbus registers: A Modbus Exception Occurred - See Response Body
[2024-12-10T05:13:02.766Z] Error reading register 6507 for IP 10.30.4.128: A Modbus Exception Occurred - See Response Body
[2024-12-10T05:13:02.767Z] Error reading actual data: A Modbus Exception Occurred - See Response Body
[2024-12-10T05:13:02.767Z] Error writing to Modbus register: A Modbus Exception Occurred - See Response Body
[2024-12-10T05:13:03.768Z] Error reading or processing Modbus registers: A Modbus Exception Occurred - See Response Body
[2024-12-10T05:13:03.770Z] Error reading register 6507 for IP 10.30.4.128: A Modbus Exception Occurred - See Response Body
[2024-12-10T05:13:03.770Z] Error reading actual data: A Modbus Exception Occurred - See Response Body
[2024-12-10T05:13:03.771Z] Error writing to Modbus register: A Modbus Exception Occurred - See Response Body
[2024-12-10T05:13:04.781Z] Error reading or processing Modbus registers: A Modbus Exception Occurred - See Response Body
[2024-12-10T05:13:04.784Z] Error reading register 6507 for IP 10.30.4.128: A Modbus Exception Occurred - See Response Body
[2024-12-10T05:13:04.784Z] Error reading actual data: A Modbus Exception Occurred - See Response Body
[2024-12-10T05:13:04.785Z] Error writing to Modbus register: A Modbus Exception Occurred - See Response Body
[2024-12-10T05:13:05.785Z] Error reading or processing Modbus registers: A Modbus Exception Occurred - See Response Body
[2024-12-10T05:13:05.788Z] Error reading register 6507 for IP 10.30.4.128: A Modbus Exception Occurred - See Response Body
[2024-12-10T05:13:05.788Z] Error reading actual data: A Modbus Exception Occurred - See Response Body
[2024-12-10T05:13:05.789Z] Error writing to Modbus register: A Modbus Exception Occurred - See Response Body
[2024-12-10T05:13:06.787Z] Error reading or processing Modbus registers: A Modbus Exception Occurred - See Response Body
[2024-12-10T05:13:06.789Z] Error reading register 6507 for IP 10.30.4.128: A Modbus Exception Occurred - See Response Body
[2024-12-10T05:13:06.790Z] Error reading actual data: A Modbus Exception Occurred - See Response Body
[2024-12-10T05:13:06.790Z] Error writing to Modbus register: A Modbus Exception Occurred - See Response Body
[2024-12-10T05:13:07.787Z] Error reading or processing Modbus registers: A Modbus Exception Occurred - See Response Body
[2024-12-10T05:13:07.790Z] Error reading register 6507 for IP 10.30.4.128: A Modbus Exception Occurred - See Response Body
[2024-12-10T05:13:07.790Z] Error reading actual data: A Modbus Exception Occurred - See Response Body
[2024-12-10T05:13:07.791Z] Error writing to Modbus register: A Modbus Exception Occurred - See Response Body
[2024-12-10T05:13:08.787Z] Error reading or processing Modbus registers: A Modbus Exception Occurred - See Response Body
[2024-12-10T05:13:08.790Z] Error reading register 6507 for IP 10.30.4.128: A Modbus Exception Occurred - See Response Body
[2024-12-10T05:13:08.790Z] Error reading actual data: A Modbus Exception Occurred - See Response Body
[2024-12-10T05:13:08.791Z] Error writing to Modbus register: A Modbus Exception Occurred - See Response Body
[2024-12-10T05:13:09.798Z] Error reading or processing Modbus registers: A Modbus Exception Occurred - See Response Body
[2024-12-10T05:13:09.800Z] Error reading register 6507 for IP 10.30.4.128: A Modbus Exception Occurred - See Response Body
[2024-12-10T05:13:09.801Z] Error reading actual data: A Modbus Exception Occurred - See Response Body
[2024-12-10T05:13:09.801Z] Error writing to Modbus register: A Modbus Exception Occurred - See Response Body
[2024-12-10T05:13:10.810Z] Error reading or processing Modbus registers: A Modbus Exception Occurred - See Response Body
[2024-12-10T05:13:10.813Z] Error reading register 6507 for IP 10.30.4.128: A Modbus Exception Occurred - See Response Body
[2024-12-10T05:13:10.813Z] Error reading actual data: A Modbus Exception Occurred - See Response Body
[2024-12-10T05:13:10.814Z] Error writing to Modbus register: A Modbus Exception Occurred - See Response Body
[2024-12-10T05:13:11.823Z] Error reading or processing Modbus registers: A Modbus Exception Occurred - See Response Body
[2024-12-10T05:13:11.825Z] Error reading register 6507 for IP 10.30.4.128: A Modbus Exception Occurred - See Response Body
[2024-12-10T05:13:11.826Z] Error reading actual data: A Modbus Exception Occurred - See Response Body
[2024-12-10T05:13:11.826Z] Error writing to Modbus register: A Modbus Exception Occurred - See Response Body
[2024-12-10T05:13:12.837Z] Error reading or processing Modbus registers: A Modbus Exception Occurred - See Response Body
[2024-12-10T05:13:12.839Z] Error reading register 6507 for IP 10.30.4.128: A Modbus Exception Occurred - See Response Body
[2024-12-10T05:13:12.840Z] Error reading actual data: A Modbus Exception Occurred - See Response Body
[2024-12-10T05:13:12.840Z] Error writing to Modbus register: A Modbus Exception Occurred - See Response Body
[2024-12-10T05:13:13.837Z] Error reading or processing Modbus registers: A Modbus Exception Occurred - See Response Body
[2024-12-10T05:13:13.839Z] Error reading register 6507 for IP 10.30.4.128: A Modbus Exception Occurred - See Response Body
[2024-12-10T05:13:13.840Z] Error reading actual data: A Modbus Exception Occurred - See Response Body
[2024-12-10T05:13:13.841Z] Error writing to Modbus register: A Modbus Exception Occurred - See Response Body
[2024-12-10T05:13:14.839Z] Error reading or processing Modbus registers: A Modbus Exception Occurred - See Response Body
[2024-12-10T05:13:14.841Z] Error reading register 6507 for IP 10.30.4.128: A Modbus Exception Occurred - See Response Body
[2024-12-10T05:13:14.842Z] Error reading actual data: A Modbus Exception Occurred - See Response Body
[2024-12-10T05:13:14.842Z] Error writing to Modbus register: A Modbus Exception Occurred - See Response Body
[2024-12-10T05:13:15.849Z] Error reading or processing Modbus registers: A Modbus Exception Occurred - See Response Body
[2024-12-10T05:13:15.851Z] Error reading register 6507 for IP 10.30.4.128: A Modbus Exception Occurred - See Response Body
[2024-12-10T05:13:15.852Z] Error reading actual data: A Modbus Exception Occurred - See Response Body
[2024-12-10T05:13:15.852Z] Error writing to Modbus register: A Modbus Exception Occurred - See Response Body
[2024-12-10T05:13:16.850Z] Error reading or processing Modbus registers: A Modbus Exception Occurred - See Response Body
[2024-12-10T05:13:16.852Z] Error reading register 6507 for IP 10.30.4.128: A Modbus Exception Occurred - See Response Body
[2024-12-10T05:13:16.853Z] Error reading actual data: A Modbus Exception Occurred - See Response Body
[2024-12-10T05:13:16.853Z] Error writing to Modbus register: A Modbus Exception Occurred - See Response Body
[2024-12-10T05:13:17.862Z] Error reading or processing Modbus registers: A Modbus Exception Occurred - See Response Body
[2024-12-10T05:13:17.864Z] Error reading register 6507 for IP 10.30.4.128: A Modbus Exception Occurred - See Response Body
[2024-12-10T05:13:17.865Z] Error reading actual data: A Modbus Exception Occurred - See Response Body
[2024-12-10T05:13:17.866Z] Error writing to Modbus register: A Modbus Exception Occurred - See Response Body
[2024-12-10T05:13:18.875Z] Error reading or processing Modbus registers: A Modbus Exception Occurred - See Response Body
[2024-12-10T05:13:18.877Z] Error reading register 6507 for IP 10.30.4.128: A Modbus Exception Occurred - See Response Body
[2024-12-10T05:13:18.878Z] Error reading actual data: A Modbus Exception Occurred - See Response Body
[2024-12-10T05:13:18.879Z] Error writing to Modbus register: A Modbus Exception Occurred - See Response Body
[2024-12-10T05:13:19.889Z] Error reading or processing Modbus registers: A Modbus Exception Occurred - See Response Body
[2024-12-10T05:13:19.891Z] Error reading register 6507 for IP 10.30.4.128: A Modbus Exception Occurred - See Response Body
[2024-12-10T05:13:19.892Z] Error reading actual data: A Modbus Exception Occurred - See Response Body
[2024-12-10T05:13:19.892Z] Error writing to Modbus register: A Modbus Exception Occurred - See Response Body
[2024-12-10T05:13:20.902Z] Error reading or processing Modbus registers: A Modbus Exception Occurred - See Response Body
[2024-12-10T05:13:20.904Z] Error reading register 6507 for IP 10.30.4.128: A Modbus Exception Occurred - See Response Body
[2024-12-10T05:13:20.907Z] Error reading actual data: A Modbus Exception Occurred - See Response Body
[2024-12-10T05:13:20.907Z] Error writing to Modbus register: A Modbus Exception Occurred - See Response Body
[2024-12-10T05:13:21.916Z] Error reading or processing Modbus registers: A Modbus Exception Occurred - See Response Body
[2024-12-10T05:13:21.918Z] Error reading register 6507 for IP 10.30.4.128: A Modbus Exception Occurred - See Response Body
[2024-12-10T05:13:21.919Z] Error reading actual data: A Modbus Exception Occurred - See Response Body
[2024-12-10T05:13:21.919Z] Error writing to Modbus register: A Modbus Exception Occurred - See Response Body
[2024-12-10T05:13:22.928Z] Error reading or processing Modbus registers: A Modbus Exception Occurred - See Response Body
[2024-12-10T05:13:22.930Z] Error reading register 6507 for IP 10.30.4.128: A Modbus Exception Occurred - See Response Body
[2024-12-10T05:13:22.931Z] Error reading actual data: A Modbus Exception Occurred - See Response Body
[2024-12-10T05:13:22.931Z] Error writing to Modbus register: A Modbus Exception Occurred - See Response Body
[2024-12-10T05:13:23.940Z] Error reading or processing Modbus registers: A Modbus Exception Occurred - See Response Body
[2024-12-10T05:13:23.942Z] Error reading register 6507 for IP 10.30.4.128: A Modbus Exception Occurred - See Response Body
[2024-12-10T05:13:23.943Z] Error reading actual data: A Modbus Exception Occurred - See Response Body
[2024-12-10T05:13:23.943Z] Error writing to Modbus register: A Modbus Exception Occurred - See Response Body
[2024-12-10T05:13:24.956Z] Error reading or processing Modbus registers: A Modbus Exception Occurred - See Response Body
[2024-12-10T05:13:24.958Z] Error reading register 6507 for IP 10.30.4.128: A Modbus Exception Occurred - See Response Body
[2024-12-10T05:13:24.958Z] Error reading actual data: A Modbus Exception Occurred - See Response Body
[2024-12-10T05:13:24.959Z] Error writing to Modbus register: A Modbus Exception Occurred - See Response Body
[2024-12-10T05:13:25.967Z] Error reading or processing Modbus registers: A Modbus Exception Occurred - See Response Body
[2024-12-10T05:13:25.969Z] Error reading register 6507 for IP 10.30.4.128: A Modbus Exception Occurred - See Response Body
[2024-12-10T05:13:25.970Z] Error reading actual data: A Modbus Exception Occurred - See Response Body
[2024-12-10T05:13:25.970Z] Error writing to Modbus register: A Modbus Exception Occurred - See Response Body
[2024-12-10T05:13:26.983Z] Error reading or processing Modbus registers: A Modbus Exception Occurred - See Response Body
[2024-12-10T05:13:26.985Z] Error reading register 6507 for IP 10.30.4.128: A Modbus Exception Occurred - See Response Body
[2024-12-10T05:13:26.986Z] Error reading actual data: A Modbus Exception Occurred - See Response Body
[2024-12-10T05:13:26.986Z] Error writing to Modbus register: A Modbus Exception Occurred - See Response Body
[2024-12-10T05:13:27.997Z] Error reading or processing Modbus registers: A Modbus Exception Occurred - See Response Body
[2024-12-10T05:13:28.000Z] Error reading register 6507 for IP 10.30.4.128: A Modbus Exception Occurred - See Response Body
[2024-12-10T05:13:28.001Z] Error reading actual data: A Modbus Exception Occurred - See Response Body
[2024-12-10T05:13:28.001Z] Error writing to Modbus register: A Modbus Exception Occurred - See Response Body
[2024-12-10T05:13:29.002Z] Error reading or processing Modbus registers: A Modbus Exception Occurred - See Response Body
[2024-12-10T05:13:29.004Z] Error reading register 6507 for IP 10.30.4.128: A Modbus Exception Occurred - See Response Body
[2024-12-10T05:13:29.005Z] Error reading actual data: A Modbus Exception Occurred - See Response Body
[2024-12-10T05:13:29.005Z] Error writing to Modbus register: A Modbus Exception Occurred - See Response Body
[2024-12-10T05:13:30.007Z] Error reading or processing Modbus registers: A Modbus Exception Occurred - See Response Body
[2024-12-10T05:13:30.010Z] Error reading register 6507 for IP 10.30.4.128: A Modbus Exception Occurred - See Response Body
[2024-12-10T05:13:30.010Z] Error reading actual data: A Modbus Exception Occurred - See Response Body
[2024-12-10T05:13:30.011Z] Error writing to Modbus register: A Modbus Exception Occurred - See Response Body
[2024-12-10T05:13:31.008Z] Error reading or processing Modbus registers: A Modbus Exception Occurred - See Response Body
[2024-12-10T05:13:31.010Z] Error reading register 6507 for IP 10.30.4.128: A Modbus Exception Occurred - See Response Body
[2024-12-10T05:13:31.010Z] Error reading actual data: A Modbus Exception Occurred - See Response Body
[2024-12-10T05:13:31.011Z] Error writing to Modbus register: A Modbus Exception Occurred - See Response Body
[2024-12-10T05:13:32.022Z] Error reading or processing Modbus registers: A Modbus Exception Occurred - See Response Body
[2024-12-10T05:13:32.024Z] Error reading register 6507 for IP 10.30.4.128: A Modbus Exception Occurred - See Response Body
[2024-12-10T05:13:32.025Z] Error reading actual data: A Modbus Exception Occurred - See Response Body
[2024-12-10T05:13:32.025Z] Error writing to Modbus register: A Modbus Exception Occurred - See Response Body
[2024-12-10T05:13:33.034Z] Error reading or processing Modbus registers: A Modbus Exception Occurred - See Response Body
[2024-12-10T05:13:33.037Z] Error reading register 6507 for IP 10.30.4.128: A Modbus Exception Occurred - See Response Body
[2024-12-10T05:13:33.037Z] Error reading actual data: A Modbus Exception Occurred - See Response Body
[2024-12-10T05:13:33.038Z] Error writing to Modbus register: A Modbus Exception Occurred - See Response Body
[2024-12-10T05:13:34.034Z] Error reading or processing Modbus registers: A Modbus Exception Occurred - See Response Body
[2024-12-10T05:13:34.036Z] Error reading register 6507 for IP 10.30.4.128: A Modbus Exception Occurred - See Response Body
[2024-12-10T05:13:34.036Z] Error reading actual data: A Modbus Exception Occurred - See Response Body
[2024-12-10T05:13:34.037Z] Error writing to Modbus register: A Modbus Exception Occurred - See Response Body
[2024-12-10T05:13:35.038Z] Error reading or processing Modbus registers: A Modbus Exception Occurred - See Response Body
[2024-12-10T05:13:35.041Z] Error reading register 6507 for IP 10.30.4.128: A Modbus Exception Occurred - See Response Body
[2024-12-10T05:13:35.042Z] Error reading actual data: A Modbus Exception Occurred - See Response Body
[2024-12-10T05:13:35.042Z] Error writing to Modbus register: A Modbus Exception Occurred - See Response Body
[2024-12-10T05:13:36.037Z] Error reading or processing Modbus registers: A Modbus Exception Occurred - See Response Body
[2024-12-10T05:13:36.040Z] Error reading register 6507 for IP 10.30.4.128: A Modbus Exception Occurred - See Response Body
[2024-12-10T05:13:36.040Z] Error reading actual data: A Modbus Exception Occurred - See Response Body
[2024-12-10T05:13:36.041Z] Error writing to Modbus register: A Modbus Exception Occurred - See Response Body
[2024-12-10T05:13:37.051Z] Error reading or processing Modbus registers: A Modbus Exception Occurred - See Response Body
[2024-12-10T05:13:37.053Z] Error reading register 6507 for IP 10.30.4.128: A Modbus Exception Occurred - See Response Body
[2024-12-10T05:13:37.053Z] Error reading actual data: A Modbus Exception Occurred - See Response Body
[2024-12-10T05:13:37.054Z] Error writing to Modbus register: A Modbus Exception Occurred - See Response Body
[2024-12-10T05:13:38.054Z] Error reading or processing Modbus registers: A Modbus Exception Occurred - See Response Body
[2024-12-10T05:13:38.056Z] Error reading register 6507 for IP 10.30.4.128: A Modbus Exception Occurred - See Response Body
[2024-12-10T05:13:38.057Z] Error reading actual data: A Modbus Exception Occurred - See Response Body
[2024-12-10T05:13:38.058Z] Error writing to Modbus register: A Modbus Exception Occurred - See Response Body
[2024-12-10T05:13:39.068Z] Error reading or processing Modbus registers: A Modbus Exception Occurred - See Response Body
[2024-12-10T05:13:39.070Z] Error reading register 6507 for IP 10.30.4.128: A Modbus Exception Occurred - See Response Body
[2024-12-10T05:13:39.071Z] Error reading actual data: A Modbus Exception Occurred - See Response Body
[2024-12-10T05:13:39.071Z] Error writing to Modbus register: A Modbus Exception Occurred - See Response Body
[2024-12-10T05:13:40.082Z] Error reading or processing Modbus registers: A Modbus Exception Occurred - See Response Body
[2024-12-10T05:13:40.085Z] Error reading register 6507 for IP 10.30.4.128: A Modbus Exception Occurred - See Response Body
[2024-12-10T05:13:40.085Z] Error reading actual data: A Modbus Exception Occurred - See Response Body
[2024-12-10T05:13:40.086Z] Error writing to Modbus register: A Modbus Exception Occurred - See Response Body
[2024-12-10T05:13:41.095Z] Error reading or processing Modbus registers: A Modbus Exception Occurred - See Response Body
[2024-12-10T05:13:41.097Z] Error reading register 6507 for IP 10.30.4.128: A Modbus Exception Occurred - See Response Body
[2024-12-10T05:13:41.098Z] Error reading actual data: A Modbus Exception Occurred - See Response Body
[2024-12-10T05:13:41.098Z] Error writing to Modbus register: A Modbus Exception Occurred - See Response Body
[2024-12-10T05:13:42.110Z] Error reading or processing Modbus registers: A Modbus Exception Occurred - See Response Body
[2024-12-10T05:13:42.112Z] Error reading register 6507 for IP 10.30.4.128: A Modbus Exception Occurred - See Response Body
[2024-12-10T05:13:42.112Z] Error reading actual data: A Modbus Exception Occurred - See Response Body
[2024-12-10T05:13:42.113Z] Error writing to Modbus register: A Modbus Exception Occurred - See Response Body
[2024-12-10T05:13:43.122Z] Error reading or processing Modbus registers: A Modbus Exception Occurred - See Response Body
[2024-12-10T05:13:43.124Z] Error reading register 6507 for IP 10.30.4.128: A Modbus Exception Occurred - See Response Body
[2024-12-10T05:13:43.125Z] Error reading actual data: A Modbus Exception Occurred - See Response Body
[2024-12-10T05:13:43.125Z] Error writing to Modbus register: A Modbus Exception Occurred - See Response Body
[2024-12-10T05:13:44.137Z] Error reading or processing Modbus registers: A Modbus Exception Occurred - See Response Body
[2024-12-10T05:13:44.139Z] Error reading register 6507 for IP 10.30.4.128: A Modbus Exception Occurred - See Response Body
[2024-12-10T05:13:44.139Z] Error reading actual data: A Modbus Exception Occurred - See Response Body
[2024-12-10T05:13:44.140Z] Error writing to Modbus register: A Modbus Exception Occurred - See Response Body
[2024-12-10T05:13:45.151Z] Error reading or processing Modbus registers: A Modbus Exception Occurred - See Response Body
[2024-12-10T05:13:45.153Z] Error reading register 6507 for IP 10.30.4.128: A Modbus Exception Occurred - See Response Body
[2024-12-10T05:13:45.154Z] Error reading actual data: A Modbus Exception Occurred - See Response Body
[2024-12-10T05:13:45.155Z] Error writing to Modbus register: A Modbus Exception Occurred - See Response Body
[2024-12-10T05:13:46.166Z] Error reading or processing Modbus registers: A Modbus Exception Occurred - See Response Body
[2024-12-10T05:13:46.168Z] Error reading register 6507 for IP 10.30.4.128: A Modbus Exception Occurred - See Response Body
[2024-12-10T05:13:46.169Z] Error reading actual data: A Modbus Exception Occurred - See Response Body
[2024-12-10T05:13:46.169Z] Error writing to Modbus register: A Modbus Exception Occurred - See Response Body
[2024-12-10T05:13:47.182Z] Error reading or processing Modbus registers: A Modbus Exception Occurred - See Response Body
[2024-12-10T05:13:47.184Z] Error reading register 6507 for IP 10.30.4.128: A Modbus Exception Occurred - See Response Body
[2024-12-10T05:13:47.185Z] Error reading actual data: A Modbus Exception Occurred - See Response Body
[2024-12-10T05:13:47.185Z] Error writing to Modbus register: A Modbus Exception Occurred - See Response Body
[2024-12-10T05:13:48.184Z] Error reading or processing Modbus registers: A Modbus Exception Occurred - See Response Body
[2024-12-10T05:13:48.186Z] Error reading register 6507 for IP 10.30.4.128: A Modbus Exception Occurred - See Response Body
[2024-12-10T05:13:48.187Z] Error reading actual data: A Modbus Exception Occurred - See Response Body
[2024-12-10T05:13:48.188Z] Error writing to Modbus register: A Modbus Exception Occurred - See Response Body
[2024-12-10T05:13:49.193Z] Error reading or processing Modbus registers: A Modbus Exception Occurred - See Response Body
[2024-12-10T05:13:49.196Z] Error reading register 6507 for IP 10.30.4.128: A Modbus Exception Occurred - See Response Body
[2024-12-10T05:13:49.196Z] Error reading actual data: A Modbus Exception Occurred - See Response Body
[2024-12-10T05:13:49.197Z] Error writing to Modbus register: A Modbus Exception Occurred - See Response Body
[2024-12-10T05:13:50.194Z] Error reading or processing Modbus registers: A Modbus Exception Occurred - See Response Body
[2024-12-10T05:13:50.197Z] Error reading register 6507 for IP 10.30.4.128: A Modbus Exception Occurred - See Response Body
[2024-12-10T05:13:50.198Z] Error reading actual data: A Modbus Exception Occurred - See Response Body
[2024-12-10T05:13:50.198Z] Error writing to Modbus register: A Modbus Exception Occurred - See Response Body
[2024-12-10T05:13:51.196Z] Error reading or processing Modbus registers: A Modbus Exception Occurred - See Response Body
[2024-12-10T05:13:51.199Z] Error reading register 6507 for IP 10.30.4.128: A Modbus Exception Occurred - See Response Body
[2024-12-10T05:13:51.200Z] Error reading actual data: A Modbus Exception Occurred - See Response Body
[2024-12-10T05:13:51.201Z] Error writing to Modbus register: A Modbus Exception Occurred - See Response Body
[2024-12-10T05:13:52.197Z] Error reading or processing Modbus registers: A Modbus Exception Occurred - See Response Body
[2024-12-10T05:13:52.199Z] Error reading register 6507 for IP 10.30.4.128: A Modbus Exception Occurred - See Response Body
[2024-12-10T05:13:52.200Z] Error reading actual data: A Modbus Exception Occurred - See Response Body
[2024-12-10T05:13:52.201Z] Error writing to Modbus register: A Modbus Exception Occurred - See Response Body
[2024-12-10T05:13:53.211Z] Error reading or processing Modbus registers: A Modbus Exception Occurred - See Response Body
[2024-12-10T05:13:53.214Z] Error reading register 6507 for IP 10.30.4.128: A Modbus Exception Occurred - See Response Body
[2024-12-10T05:13:53.215Z] Error reading actual data: A Modbus Exception Occurred - See Response Body
[2024-12-10T05:13:53.215Z] Error writing to Modbus register: A Modbus Exception Occurred - See Response Body
[2024-12-10T05:13:54.226Z] Error reading or processing Modbus registers: A Modbus Exception Occurred - See Response Body
[2024-12-10T05:13:54.228Z] Error reading register 6507 for IP 10.30.4.128: A Modbus Exception Occurred - See Response Body
[2024-12-10T05:13:54.229Z] Error reading actual data: A Modbus Exception Occurred - See Response Body
[2024-12-10T05:13:54.230Z] Error writing to Modbus register: A Modbus Exception Occurred - See Response Body
[2024-12-10T05:13:55.238Z] Error reading or processing Modbus registers: A Modbus Exception Occurred - See Response Body
[2024-12-10T05:13:55.240Z] Error reading register 6507 for IP 10.30.4.128: A Modbus Exception Occurred - See Response Body
[2024-12-10T05:13:55.241Z] Error reading actual data: A Modbus Exception Occurred - See Response Body
[2024-12-10T05:13:55.241Z] Error writing to Modbus register: A Modbus Exception Occurred - See Response Body
[2024-12-10T05:13:56.249Z] Error reading or processing Modbus registers: A Modbus Exception Occurred - See Response Body
[2024-12-10T05:13:56.252Z] Error reading register 6507 for IP 10.30.4.128: A Modbus Exception Occurred - See Response Body
[2024-12-10T05:13:56.252Z] Error reading actual data: A Modbus Exception Occurred - See Response Body
[2024-12-10T05:13:56.253Z] Error writing to Modbus register: A Modbus Exception Occurred - See Response Body
[2024-12-10T05:13:57.251Z] Error reading or processing Modbus registers: A Modbus Exception Occurred - See Response Body
[2024-12-10T05:13:57.253Z] Error reading register 6507 for IP 10.30.4.128: A Modbus Exception Occurred - See Response Body
[2024-12-10T05:13:57.254Z] Error reading actual data: A Modbus Exception Occurred - See Response Body
[2024-12-10T05:13:57.255Z] Error writing to Modbus register: A Modbus Exception Occurred - See Response Body
[2024-12-10T05:13:58.256Z] Error reading or processing Modbus registers: A Modbus Exception Occurred - See Response Body
[2024-12-10T05:13:58.258Z] Error reading register 6507 for IP 10.30.4.128: A Modbus Exception Occurred - See Response Body
[2024-12-10T05:13:58.259Z] Error reading actual data: A Modbus Exception Occurred - See Response Body
[2024-12-10T05:13:58.259Z] Error writing to Modbus register: A Modbus Exception Occurred - See Response Body
[2024-12-10T05:13:59.256Z] Error reading or processing Modbus registers: A Modbus Exception Occurred - See Response Body
[2024-12-10T05:13:59.258Z] Error reading register 6507 for IP 10.30.4.128: A Modbus Exception Occurred - See Response Body
[2024-12-10T05:13:59.260Z] Error reading actual data: A Modbus Exception Occurred - See Response Body
[2024-12-10T05:13:59.260Z] Error writing to Modbus register: A Modbus Exception Occurred - See Response Body
[2024-12-10T05:14:00.257Z] Error reading or processing Modbus registers: A Modbus Exception Occurred - See Response Body
[2024-12-10T05:14:00.259Z] Error reading register 6507 for IP 10.30.4.128: A Modbus Exception Occurred - See Response Body
[2024-12-10T05:14:00.260Z] Error reading actual data: A Modbus Exception Occurred - See Response Body
[2024-12-10T05:14:00.260Z] Error writing to Modbus register: A Modbus Exception Occurred - See Response Body
[2024-12-10T05:14:01.270Z] Error reading or processing Modbus registers: A Modbus Exception Occurred - See Response Body
[2024-12-10T05:14:01.273Z] Error reading register 6507 for IP 10.30.4.128: A Modbus Exception Occurred - See Response Body
[2024-12-10T05:14:01.274Z] Error reading actual data: A Modbus Exception Occurred - See Response Body
[2024-12-10T05:14:01.274Z] Error writing to Modbus register: A Modbus Exception Occurred - See Response Body
[2024-12-10T05:14:02.272Z] Error reading or processing Modbus registers: A Modbus Exception Occurred - See Response Body
[2024-12-10T05:14:02.275Z] Error reading register 6507 for IP 10.30.4.128: A Modbus Exception Occurred - See Response Body
[2024-12-10T05:14:02.275Z] Error reading actual data: A Modbus Exception Occurred - See Response Body
[2024-12-10T05:14:02.276Z] Error writing to Modbus register: A Modbus Exception Occurred - See Response Body
[2024-12-10T05:14:03.287Z] Error reading or processing Modbus registers: A Modbus Exception Occurred - See Response Body
[2024-12-10T05:14:03.289Z] Error reading register 6507 for IP 10.30.4.128: A Modbus Exception Occurred - See Response Body
[2024-12-10T05:14:03.290Z] Error reading actual data: A Modbus Exception Occurred - See Response Body
[2024-12-10T05:14:03.290Z] Error writing to Modbus register: A Modbus Exception Occurred - See Response Body
[2024-12-10T05:14:04.288Z] Error reading or processing Modbus registers: A Modbus Exception Occurred - See Response Body
[2024-12-10T05:14:04.290Z] Error reading register 6507 for IP 10.30.4.128: A Modbus Exception Occurred - See Response Body
[2024-12-10T05:14:04.291Z] Error reading actual data: A Modbus Exception Occurred - See Response Body
[2024-12-10T05:14:04.291Z] Error writing to Modbus register: A Modbus Exception Occurred - See Response Body
[2024-12-10T05:14:05.301Z] Error reading or processing Modbus registers: A Modbus Exception Occurred - See Response Body
[2024-12-10T05:14:05.304Z] Error reading register 6507 for IP 10.30.4.128: A Modbus Exception Occurred - See Response Body
[2024-12-10T05:14:05.304Z] Error reading actual data: A Modbus Exception Occurred - See Response Body
[2024-12-10T05:14:05.305Z] Error writing to Modbus register: A Modbus Exception Occurred - See Response Body
[2024-12-10T05:14:06.302Z] Error reading or processing Modbus registers: A Modbus Exception Occurred - See Response Body
[2024-12-10T05:14:06.304Z] Error reading register 6507 for IP 10.30.4.128: A Modbus Exception Occurred - See Response Body
[2024-12-10T05:14:06.305Z] Error reading actual data: A Modbus Exception Occurred - See Response Body
[2024-12-10T05:14:06.305Z] Error writing to Modbus register: A Modbus Exception Occurred - See Response Body
[2024-12-10T05:14:07.318Z] Error reading or processing Modbus registers: A Modbus Exception Occurred - See Response Body
[2024-12-10T05:14:07.320Z] Error reading register 6507 for IP 10.30.4.128: A Modbus Exception Occurred - See Response Body
[2024-12-10T05:14:07.321Z] Error reading actual data: A Modbus Exception Occurred - See Response Body
[2024-12-10T05:14:07.321Z] Error writing to Modbus register: A Modbus Exception Occurred - See Response Body
[2024-12-10T05:14:08.332Z] Error reading or processing Modbus registers: A Modbus Exception Occurred - See Response Body
[2024-12-10T05:14:08.334Z] Error reading register 6507 for IP 10.30.4.128: A Modbus Exception Occurred - See Response Body
[2024-12-10T05:14:08.335Z] Error reading actual data: A Modbus Exception Occurred - See Response Body
[2024-12-10T05:14:08.335Z] Error writing to Modbus register: A Modbus Exception Occurred - See Response Body
[2024-12-10T05:14:09.345Z] Error reading or processing Modbus registers: A Modbus Exception Occurred - See Response Body
[2024-12-10T05:14:09.348Z] Error reading register 6507 for IP 10.30.4.128: A Modbus Exception Occurred - See Response Body
[2024-12-10T05:14:09.349Z] Error reading actual data: A Modbus Exception Occurred - See Response Body
[2024-12-10T05:14:09.350Z] Error writing to Modbus register: A Modbus Exception Occurred - See Response Body
[2024-12-10T05:14:10.360Z] Error reading or processing Modbus registers: A Modbus Exception Occurred - See Response Body
[2024-12-10T05:14:10.362Z] Error reading register 6507 for IP 10.30.4.128: A Modbus Exception Occurred - See Response Body
[2024-12-10T05:14:10.363Z] Error reading actual data: A Modbus Exception Occurred - See Response Body
[2024-12-10T05:14:10.363Z] Error writing to Modbus register: A Modbus Exception Occurred - See Response Body
[2024-12-10T05:14:11.361Z] Error reading or processing Modbus registers: A Modbus Exception Occurred - See Response Body
[2024-12-10T05:14:11.363Z] Error reading register 6507 for IP 10.30.4.128: A Modbus Exception Occurred - See Response Body
[2024-12-10T05:14:11.363Z] Error reading actual data: A Modbus Exception Occurred - See Response Body
[2024-12-10T05:14:11.364Z] Error writing to Modbus register: A Modbus Exception Occurred - See Response Body
[2024-12-10T05:14:12.366Z] Error reading or processing Modbus registers: A Modbus Exception Occurred - See Response Body
[2024-12-10T05:14:12.368Z] Error reading register 6507 for IP 10.30.4.128: A Modbus Exception Occurred - See Response Body
[2024-12-10T05:14:12.369Z] Error reading actual data: A Modbus Exception Occurred - See Response Body
[2024-12-10T05:14:12.370Z] Error writing to Modbus register: A Modbus Exception Occurred - See Response Body
[2024-12-10T05:14:13.366Z] Error reading or processing Modbus registers: A Modbus Exception Occurred - See Response Body
[2024-12-10T05:14:13.368Z] Error reading register 6507 for IP 10.30.4.128: A Modbus Exception Occurred - See Response Body
[2024-12-10T05:14:13.369Z] Error reading actual data: A Modbus Exception Occurred - See Response Body
[2024-12-10T05:14:13.370Z] Error writing to Modbus register: A Modbus Exception Occurred - See Response Body
[2024-12-10T05:14:14.379Z] Error reading or processing Modbus registers: A Modbus Exception Occurred - See Response Body
[2024-12-10T05:14:14.381Z] Error reading register 6507 for IP 10.30.4.128: A Modbus Exception Occurred - See Response Body
[2024-12-10T05:14:14.382Z] Error reading actual data: A Modbus Exception Occurred - See Response Body
[2024-12-10T05:14:14.383Z] Error writing to Modbus register: A Modbus Exception Occurred - See Response Body
[2024-12-10T05:14:15.380Z] Error reading or processing Modbus registers: A Modbus Exception Occurred - See Response Body
[2024-12-10T05:14:15.382Z] Error reading register 6507 for IP 10.30.4.128: A Modbus Exception Occurred - See Response Body
[2024-12-10T05:14:15.383Z] Error reading actual data: A Modbus Exception Occurred - See Response Body
[2024-12-10T05:14:15.383Z] Error writing to Modbus register: A Modbus Exception Occurred - See Response Body
[2024-12-10T05:14:16.392Z] Error reading or processing Modbus registers: A Modbus Exception Occurred - See Response Body
[2024-12-10T05:14:16.396Z] Error reading register 6507 for IP 10.30.4.128: A Modbus Exception Occurred - See Response Body
[2024-12-10T05:14:16.396Z] Error reading actual data: A Modbus Exception Occurred - See Response Body
[2024-12-10T05:14:16.397Z] Error writing to Modbus register: A Modbus Exception Occurred - See Response Body
[2024-12-10T05:14:17.398Z] Error reading or processing Modbus registers: A Modbus Exception Occurred - See Response Body
[2024-12-10T05:14:17.401Z] Error reading register 6507 for IP 10.30.4.128: A Modbus Exception Occurred - See Response Body
[2024-12-10T05:14:17.401Z] Error reading actual data: A Modbus Exception Occurred - See Response Body
[2024-12-10T05:14:17.402Z] Error writing to Modbus register: A Modbus Exception Occurred - See Response Body
[2024-12-10T05:14:18.399Z] Error reading or processing Modbus registers: A Modbus Exception Occurred - See Response Body
[2024-12-10T05:14:18.402Z] Error reading register 6507 for IP 10.30.4.128: A Modbus Exception Occurred - See Response Body
[2024-12-10T05:14:18.402Z] Error reading actual data: A Modbus Exception Occurred - See Response Body
[2024-12-10T05:14:18.403Z] Error writing to Modbus register: A Modbus Exception Occurred - See Response Body
[2024-12-10T05:14:19.399Z] Error reading or processing Modbus registers: A Modbus Exception Occurred - See Response Body
[2024-12-10T05:14:19.401Z] Error reading register 6507 for IP 10.30.4.128: A Modbus Exception Occurred - See Response Body
[2024-12-10T05:14:19.402Z] Error reading actual data: A Modbus Exception Occurred - See Response Body
[2024-12-10T05:14:19.403Z] Error writing to Modbus register: A Modbus Exception Occurred - See Response Body
[2024-12-10T05:14:20.402Z] Error reading or processing Modbus registers: A Modbus Exception Occurred - See Response Body
[2024-12-10T05:14:20.404Z] Error reading register 6507 for IP 10.30.4.128: A Modbus Exception Occurred - See Response Body
[2024-12-10T05:14:20.405Z] Error reading actual data: A Modbus Exception Occurred - See Response Body
[2024-12-10T05:14:20.405Z] Error writing to Modbus register: A Modbus Exception Occurred - See Response Body
[2024-12-10T05:14:21.403Z] Error reading or processing Modbus registers: A Modbus Exception Occurred - See Response Body
[2024-12-10T05:14:21.405Z] Error reading register 6507 for IP 10.30.4.128: A Modbus Exception Occurred - See Response Body
[2024-12-10T05:14:21.406Z] Error reading actual data: A Modbus Exception Occurred - See Response Body
[2024-12-10T05:14:21.407Z] Error writing to Modbus register: A Modbus Exception Occurred - See Response Body
[2024-12-10T05:14:22.417Z] Error reading or processing Modbus registers: A Modbus Exception Occurred - See Response Body
[2024-12-10T05:14:22.419Z] Error reading register 6507 for IP 10.30.4.128: A Modbus Exception Occurred - See Response Body
[2024-12-10T05:14:22.420Z] Error reading actual data: A Modbus Exception Occurred - See Response Body
[2024-12-10T05:14:22.420Z] Error writing to Modbus register: A Modbus Exception Occurred - See Response Body
[2024-12-10T05:14:23.417Z] Error reading or processing Modbus registers: A Modbus Exception Occurred - See Response Body
[2024-12-10T05:14:23.419Z] Error reading register 6507 for IP 10.30.4.128: A Modbus Exception Occurred - See Response Body
[2024-12-10T05:14:23.420Z] Error reading actual data: A Modbus Exception Occurred - See Response Body
[2024-12-10T05:14:23.420Z] Error writing to Modbus register: A Modbus Exception Occurred - See Response Body
[2024-12-10T05:14:24.431Z] Error reading or processing Modbus registers: A Modbus Exception Occurred - See Response Body
[2024-12-10T05:14:24.434Z] Error reading register 6507 for IP 10.30.4.128: A Modbus Exception Occurred - See Response Body
[2024-12-10T05:14:24.434Z] Error reading actual data: A Modbus Exception Occurred - See Response Body
[2024-12-10T05:14:24.435Z] Error writing to Modbus register: A Modbus Exception Occurred - See Response Body
[2024-12-10T05:14:25.433Z] Error reading or processing Modbus registers: A Modbus Exception Occurred - See Response Body
[2024-12-10T05:14:25.436Z] Error reading register 6507 for IP 10.30.4.128: A Modbus Exception Occurred - See Response Body
[2024-12-10T05:14:25.436Z] Error reading actual data: A Modbus Exception Occurred - See Response Body
[2024-12-10T05:14:25.437Z] Error writing to Modbus register: A Modbus Exception Occurred - See Response Body
[2024-12-10T05:14:26.444Z] Error reading or processing Modbus registers: A Modbus Exception Occurred - See Response Body
[2024-12-10T05:14:26.446Z] Error reading register 6507 for IP 10.30.4.128: A Modbus Exception Occurred - See Response Body
[2024-12-10T05:14:26.446Z] Error reading actual data: A Modbus Exception Occurred - See Response Body
[2024-12-10T05:14:26.447Z] Error writing to Modbus register: A Modbus Exception Occurred - See Response Body
[2024-12-10T05:14:27.459Z] Error reading or processing Modbus registers: A Modbus Exception Occurred - See Response Body
[2024-12-10T05:14:27.462Z] Error reading register 6507 for IP 10.30.4.128: A Modbus Exception Occurred - See Response Body
[2024-12-10T05:14:27.462Z] Error reading actual data: A Modbus Exception Occurred - See Response Body
[2024-12-10T05:14:27.463Z] Error writing to Modbus register: A Modbus Exception Occurred - See Response Body
[2024-12-10T05:14:28.470Z] Error reading or processing Modbus registers: A Modbus Exception Occurred - See Response Body
[2024-12-10T05:14:28.472Z] Error reading register 6507 for IP 10.30.4.128: A Modbus Exception Occurred - See Response Body
[2024-12-10T05:14:28.473Z] Error reading actual data: A Modbus Exception Occurred - See Response Body
[2024-12-10T05:14:28.473Z] Error writing to Modbus register: A Modbus Exception Occurred - See Response Body
[2024-12-10T05:14:29.483Z] Error reading or processing Modbus registers: A Modbus Exception Occurred - See Response Body
[2024-12-10T05:14:29.485Z] Error reading register 6507 for IP 10.30.4.128: A Modbus Exception Occurred - See Response Body
[2024-12-10T05:14:29.486Z] Error reading actual data: A Modbus Exception Occurred - See Response Body
[2024-12-10T05:14:29.486Z] Error writing to Modbus register: A Modbus Exception Occurred - See Response Body
[2024-12-10T05:14:30.484Z] Error reading or processing Modbus registers: A Modbus Exception Occurred - See Response Body
[2024-12-10T05:14:30.486Z] Error reading register 6507 for IP 10.30.4.128: A Modbus Exception Occurred - See Response Body
[2024-12-10T05:14:30.487Z] Error reading actual data: A Modbus Exception Occurred - See Response Body
[2024-12-10T05:14:30.487Z] Error writing to Modbus register: A Modbus Exception Occurred - See Response Body
[2024-12-10T05:14:31.498Z] Error reading or processing Modbus registers: A Modbus Exception Occurred - See Response Body
[2024-12-10T05:14:31.500Z] Error reading register 6507 for IP 10.30.4.128: A Modbus Exception Occurred - See Response Body
[2024-12-10T05:14:31.501Z] Error reading actual data: A Modbus Exception Occurred - See Response Body
[2024-12-10T05:14:31.501Z] Error writing to Modbus register: A Modbus Exception Occurred - See Response Body
[2024-12-10T05:14:32.501Z] Error reading or processing Modbus registers: A Modbus Exception Occurred - See Response Body
[2024-12-10T05:14:32.503Z] Error reading register 6507 for IP 10.30.4.128: A Modbus Exception Occurred - See Response Body
[2024-12-10T05:14:32.504Z] Error reading actual data: A Modbus Exception Occurred - See Response Body
[2024-12-10T05:14:32.505Z] Error writing to Modbus register: A Modbus Exception Occurred - See Response Body
[2024-12-10T05:14:33.505Z] Error reading or processing Modbus registers: A Modbus Exception Occurred - See Response Body
[2024-12-10T05:14:33.507Z] Error reading register 6507 for IP 10.30.4.128: A Modbus Exception Occurred - See Response Body
[2024-12-10T05:14:33.508Z] Error reading actual data: A Modbus Exception Occurred - See Response Body
[2024-12-10T05:14:33.508Z] Error writing to Modbus register: A Modbus Exception Occurred - See Response Body
[2024-12-10T05:14:34.508Z] Error reading or processing Modbus registers: A Modbus Exception Occurred - See Response Body
[2024-12-10T05:14:34.510Z] Error reading register 6507 for IP 10.30.4.128: A Modbus Exception Occurred - See Response Body
[2024-12-10T05:14:34.511Z] Error reading actual data: A Modbus Exception Occurred - See Response Body
[2024-12-10T05:14:34.511Z] Error writing to Modbus register: A Modbus Exception Occurred - See Response Body
[2024-12-10T05:14:35.510Z] Error reading or processing Modbus registers: A Modbus Exception Occurred - See Response Body
[2024-12-10T05:14:35.511Z] Error reading register 6507 for IP 10.30.4.128: A Modbus Exception Occurred - See Response Body
[2024-12-10T05:14:35.512Z] Error reading actual data: A Modbus Exception Occurred - See Response Body
[2024-12-10T05:14:35.512Z] Error writing to Modbus register: A Modbus Exception Occurred - See Response Body
[2024-12-10T05:14:36.511Z] Error reading or processing Modbus registers: A Modbus Exception Occurred - See Response Body
[2024-12-10T05:14:36.513Z] Error reading register 6507 for IP 10.30.4.128: A Modbus Exception Occurred - See Response Body
[2024-12-10T05:14:36.514Z] Error reading actual data: A Modbus Exception Occurred - See Response Body
[2024-12-10T05:14:36.515Z] Error writing to Modbus register: A Modbus Exception Occurred - See Response Body
[2024-12-10T05:14:37.526Z] Error reading or processing Modbus registers: A Modbus Exception Occurred - See Response Body
[2024-12-10T05:14:37.529Z] Error reading register 6507 for IP 10.30.4.128: A Modbus Exception Occurred - See Response Body
[2024-12-10T05:14:37.530Z] Error reading actual data: A Modbus Exception Occurred - See Response Body
[2024-12-10T05:14:37.530Z] Error writing to Modbus register: A Modbus Exception Occurred - See Response Body
[2024-12-10T05:14:38.530Z] Error reading or processing Modbus registers: A Modbus Exception Occurred - See Response Body
[2024-12-10T05:14:38.532Z] Error reading register 6507 for IP 10.30.4.128: A Modbus Exception Occurred - See Response Body
[2024-12-10T05:14:38.533Z] Error reading actual data: A Modbus Exception Occurred - See Response Body
[2024-12-10T05:14:38.534Z] Error writing to Modbus register: A Modbus Exception Occurred - See Response Body
[2024-12-10T05:14:39.545Z] Error reading or processing Modbus registers: A Modbus Exception Occurred - See Response Body
[2024-12-10T05:14:39.548Z] Error reading register 6507 for IP 10.30.4.128: A Modbus Exception Occurred - See Response Body
[2024-12-10T05:14:39.548Z] Error reading actual data: A Modbus Exception Occurred - See Response Body
[2024-12-10T05:14:39.549Z] Error writing to Modbus register: A Modbus Exception Occurred - See Response Body
[2024-12-10T05:14:40.547Z] Error reading or processing Modbus registers: A Modbus Exception Occurred - See Response Body
[2024-12-10T05:14:40.549Z] Error reading register 6507 for IP 10.30.4.128: A Modbus Exception Occurred - See Response Body
[2024-12-10T05:14:40.550Z] Error reading actual data: A Modbus Exception Occurred - See Response Body
[2024-12-10T05:14:40.551Z] Error writing to Modbus register: A Modbus Exception Occurred - See Response Body
[2024-12-10T05:14:41.560Z] Error reading or processing Modbus registers: A Modbus Exception Occurred - See Response Body
[2024-12-10T05:14:41.562Z] Error reading register 6507 for IP 10.30.4.128: A Modbus Exception Occurred - See Response Body
[2024-12-10T05:14:41.563Z] Error reading actual data: A Modbus Exception Occurred - See Response Body
[2024-12-10T05:14:41.563Z] Error writing to Modbus register: A Modbus Exception Occurred - See Response Body
[2024-12-10T05:14:42.573Z] Error reading or processing Modbus registers: A Modbus Exception Occurred - See Response Body
[2024-12-10T05:14:42.575Z] Error reading register 6507 for IP 10.30.4.128: A Modbus Exception Occurred - See Response Body
[2024-12-10T05:14:42.575Z] Error reading actual data: A Modbus Exception Occurred - See Response Body
[2024-12-10T05:14:42.576Z] Error writing to Modbus register: A Modbus Exception Occurred - See Response Body
[2024-12-10T05:14:43.574Z] Error reading or processing Modbus registers: A Modbus Exception Occurred - See Response Body
[2024-12-10T05:14:43.577Z] Error reading register 6507 for IP 10.30.4.128: A Modbus Exception Occurred - See Response Body
[2024-12-10T05:14:43.577Z] Error reading actual data: A Modbus Exception Occurred - See Response Body
[2024-12-10T05:14:43.578Z] Error writing to Modbus register: A Modbus Exception Occurred - See Response Body
[2024-12-10T05:14:44.588Z] Error reading or processing Modbus registers: A Modbus Exception Occurred - See Response Body
[2024-12-10T05:14:44.590Z] Error reading register 6507 for IP 10.30.4.128: A Modbus Exception Occurred - See Response Body
[2024-12-10T05:14:44.591Z] Error reading actual data: A Modbus Exception Occurred - See Response Body
[2024-12-10T05:14:44.591Z] Error writing to Modbus register: A Modbus Exception Occurred - See Response Body
[2024-12-10T05:14:45.601Z] Error reading or processing Modbus registers: A Modbus Exception Occurred - See Response Body
[2024-12-10T05:14:45.603Z] Error reading register 6507 for IP 10.30.4.128: A Modbus Exception Occurred - See Response Body
[2024-12-10T05:14:45.604Z] Error reading actual data: A Modbus Exception Occurred - See Response Body
[2024-12-10T05:14:45.604Z] Error writing to Modbus register: A Modbus Exception Occurred - See Response Body
[2024-12-10T05:14:46.614Z] Error reading or processing Modbus registers: A Modbus Exception Occurred - See Response Body
[2024-12-10T05:14:46.617Z] Error reading register 6507 for IP 10.30.4.128: A Modbus Exception Occurred - See Response Body
[2024-12-10T05:14:46.617Z] Error reading actual data: A Modbus Exception Occurred - See Response Body
[2024-12-10T05:14:46.618Z] Error writing to Modbus register: A Modbus Exception Occurred - See Response Body
[2024-12-10T05:14:47.628Z] Error reading or processing Modbus registers: A Modbus Exception Occurred - See Response Body
[2024-12-10T05:14:47.631Z] Error reading register 6507 for IP 10.30.4.128: A Modbus Exception Occurred - See Response Body
[2024-12-10T05:14:47.631Z] Error reading actual data: A Modbus Exception Occurred - See Response Body
[2024-12-10T05:14:47.632Z] Error writing to Modbus register: A Modbus Exception Occurred - See Response Body
[2024-12-10T05:14:48.629Z] Error reading or processing Modbus registers: A Modbus Exception Occurred - See Response Body
[2024-12-10T05:14:48.631Z] Error reading register 6507 for IP 10.30.4.128: A Modbus Exception Occurred - See Response Body
[2024-12-10T05:14:48.631Z] Error reading actual data: A Modbus Exception Occurred - See Response Body
[2024-12-10T05:14:48.632Z] Error writing to Modbus register: A Modbus Exception Occurred - See Response Body
[2024-12-10T05:14:49.646Z] Error reading or processing Modbus registers: A Modbus Exception Occurred - See Response Body
[2024-12-10T05:14:49.648Z] Error reading register 6507 for IP 10.30.4.128: A Modbus Exception Occurred - See Response Body
[2024-12-10T05:14:49.648Z] Error reading actual data: A Modbus Exception Occurred - See Response Body
[2024-12-10T05:14:49.649Z] Error writing to Modbus register: A Modbus Exception Occurred - See Response Body
[2024-12-10T05:14:50.647Z] Error reading or processing Modbus registers: A Modbus Exception Occurred - See Response Body
[2024-12-10T05:14:50.651Z] Error reading register 6507 for IP 10.30.4.128: A Modbus Exception Occurred - See Response Body
[2024-12-10T05:14:50.652Z] Error reading actual data: A Modbus Exception Occurred - See Response Body
[2024-12-10T05:14:50.652Z] Error writing to Modbus register: A Modbus Exception Occurred - See Response Body
[2024-12-10T05:14:51.661Z] Error reading or processing Modbus registers: A Modbus Exception Occurred - See Response Body
[2024-12-10T05:14:51.663Z] Error reading register 6507 for IP 10.30.4.128: A Modbus Exception Occurred - See Response Body
[2024-12-10T05:14:51.664Z] Error reading actual data: A Modbus Exception Occurred - See Response Body
[2024-12-10T05:14:51.665Z] Error writing to Modbus register: A Modbus Exception Occurred - See Response Body
[2024-12-10T05:14:52.664Z] Error reading or processing Modbus registers: A Modbus Exception Occurred - See Response Body
[2024-12-10T05:14:52.666Z] Error reading register 6507 for IP 10.30.4.128: A Modbus Exception Occurred - See Response Body
[2024-12-10T05:14:52.667Z] Error reading actual data: A Modbus Exception Occurred - See Response Body
[2024-12-10T05:14:52.667Z] Error writing to Modbus register: A Modbus Exception Occurred - See Response Body
[2024-12-10T05:14:53.668Z] Error reading or processing Modbus registers: A Modbus Exception Occurred - See Response Body
[2024-12-10T05:14:53.670Z] Error reading register 6507 for IP 10.30.4.128: A Modbus Exception Occurred - See Response Body
[2024-12-10T05:14:53.670Z] Error reading actual data: A Modbus Exception Occurred - See Response Body
[2024-12-10T05:14:53.671Z] Error writing to Modbus register: A Modbus Exception Occurred - See Response Body
[2024-12-10T05:14:54.670Z] Error reading or processing Modbus registers: A Modbus Exception Occurred - See Response Body
[2024-12-10T05:14:54.672Z] Error reading register 6507 for IP 10.30.4.128: A Modbus Exception Occurred - See Response Body
[2024-12-10T05:14:54.673Z] Error reading actual data: A Modbus Exception Occurred - See Response Body
[2024-12-10T05:14:54.673Z] Error writing to Modbus register: A Modbus Exception Occurred - See Response Body
[2024-12-10T05:14:55.683Z] Error reading or processing Modbus registers: A Modbus Exception Occurred - See Response Body
[2024-12-10T05:14:55.685Z] Error reading register 6507 for IP 10.30.4.128: A Modbus Exception Occurred - See Response Body
[2024-12-10T05:14:55.686Z] Error reading actual data: A Modbus Exception Occurred - See Response Body
[2024-12-10T05:14:55.687Z] Error writing to Modbus register: A Modbus Exception Occurred - See Response Body
[2024-12-10T05:14:56.685Z] Error reading or processing Modbus registers: A Modbus Exception Occurred - See Response Body
[2024-12-10T05:14:56.687Z] Error reading register 6507 for IP 10.30.4.128: A Modbus Exception Occurred - See Response Body
[2024-12-10T05:14:56.688Z] Error reading actual data: A Modbus Exception Occurred - See Response Body
[2024-12-10T05:14:56.688Z] Error writing to Modbus register: A Modbus Exception Occurred - See Response Body
[2024-12-10T05:14:57.697Z] Error reading or processing Modbus registers: A Modbus Exception Occurred - See Response Body
[2024-12-10T05:14:57.699Z] Error reading register 6507 for IP 10.30.4.128: A Modbus Exception Occurred - See Response Body
[2024-12-10T05:14:57.699Z] Error reading actual data: A Modbus Exception Occurred - See Response Body
[2024-12-10T05:14:57.700Z] Error writing to Modbus register: A Modbus Exception Occurred - See Response Body
[2024-12-10T05:14:58.712Z] Error reading or processing Modbus registers: A Modbus Exception Occurred - See Response Body
[2024-12-10T05:14:58.714Z] Error reading register 6507 for IP 10.30.4.128: A Modbus Exception Occurred - See Response Body
[2024-12-10T05:14:58.714Z] Error reading actual data: A Modbus Exception Occurred - See Response Body
[2024-12-10T05:14:58.715Z] Error writing to Modbus register: A Modbus Exception Occurred - See Response Body
[2024-12-10T05:14:59.725Z] Error reading or processing Modbus registers: A Modbus Exception Occurred - See Response Body
[2024-12-10T05:14:59.728Z] Error reading register 6507 for IP 10.30.4.128: A Modbus Exception Occurred - See Response Body
[2024-12-10T05:14:59.729Z] Error reading actual data: A Modbus Exception Occurred - See Response Body
[2024-12-10T05:14:59.729Z] Error writing to Modbus register: A Modbus Exception Occurred - See Response Body
[2024-12-10T05:15:00.727Z] Error reading or processing Modbus registers: A Modbus Exception Occurred - See Response Body
[2024-12-10T05:15:00.730Z] Error reading register 6507 for IP 10.30.4.128: A Modbus Exception Occurred - See Response Body
[2024-12-10T05:15:00.731Z] Error reading actual data: A Modbus Exception Occurred - See Response Body
[2024-12-10T05:15:00.731Z] Error writing to Modbus register: A Modbus Exception Occurred - See Response Body
[2024-12-10T05:15:01.741Z] Error reading or processing Modbus registers: A Modbus Exception Occurred - See Response Body
[2024-12-10T05:15:01.744Z] Error reading register 6507 for IP 10.30.4.128: A Modbus Exception Occurred - See Response Body
[2024-12-10T05:15:01.745Z] Error reading actual data: A Modbus Exception Occurred - See Response Body
[2024-12-10T05:15:01.745Z] Error writing to Modbus register: A Modbus Exception Occurred - See Response Body
[2024-12-10T05:15:02.742Z] Error reading or processing Modbus registers: A Modbus Exception Occurred - See Response Body
[2024-12-10T05:15:02.745Z] Error reading register 6507 for IP 10.30.4.128: A Modbus Exception Occurred - See Response Body
[2024-12-10T05:15:02.745Z] Error reading actual data: A Modbus Exception Occurred - See Response Body
[2024-12-10T05:15:02.746Z] Error writing to Modbus register: A Modbus Exception Occurred - See Response Body
[2024-12-10T05:15:03.758Z] Error reading or processing Modbus registers: A Modbus Exception Occurred - See Response Body
[2024-12-10T05:15:03.761Z] Error reading register 6507 for IP 10.30.4.128: A Modbus Exception Occurred - See Response Body
[2024-12-10T05:15:03.762Z] Error reading actual data: A Modbus Exception Occurred - See Response Body
[2024-12-10T05:15:03.762Z] Error writing to Modbus register: A Modbus Exception Occurred - See Response Body
[2024-12-10T05:15:04.759Z] Error reading or processing Modbus registers: A Modbus Exception Occurred - See Response Body
[2024-12-10T05:15:04.762Z] Error reading register 6507 for IP 10.30.4.128: A Modbus Exception Occurred - See Response Body
[2024-12-10T05:15:04.763Z] Error reading actual data: A Modbus Exception Occurred - See Response Body
[2024-12-10T05:15:04.763Z] Error writing to Modbus register: A Modbus Exception Occurred - See Response Body
[2024-12-10T05:15:05.774Z] Error reading or processing Modbus registers: A Modbus Exception Occurred - See Response Body
[2024-12-10T05:15:05.776Z] Error reading register 6507 for IP 10.30.4.128: A Modbus Exception Occurred - See Response Body
[2024-12-10T05:15:05.777Z] Error reading actual data: A Modbus Exception Occurred - See Response Body
[2024-12-10T05:15:05.778Z] Error writing to Modbus register: A Modbus Exception Occurred - See Response Body
[2024-12-10T05:15:06.777Z] Error reading or processing Modbus registers: A Modbus Exception Occurred - See Response Body
[2024-12-10T05:15:06.780Z] Error reading register 6507 for IP 10.30.4.128: A Modbus Exception Occurred - See Response Body
[2024-12-10T05:15:06.780Z] Error reading actual data: A Modbus Exception Occurred - See Response Body
[2024-12-10T05:15:06.781Z] Error writing to Modbus register: A Modbus Exception Occurred - See Response Body
[2024-12-10T05:15:07.781Z] Error reading or processing Modbus registers: A Modbus Exception Occurred - See Response Body
[2024-12-10T05:15:07.783Z] Error reading register 6507 for IP 10.30.4.128: A Modbus Exception Occurred - See Response Body
[2024-12-10T05:15:07.784Z] Error reading actual data: A Modbus Exception Occurred - See Response Body
[2024-12-10T05:15:07.784Z] Error writing to Modbus register: A Modbus Exception Occurred - See Response Body
[2024-12-10T05:15:08.796Z] Error reading or processing Modbus registers: A Modbus Exception Occurred - See Response Body
[2024-12-10T05:15:08.797Z] Error reading register 6507 for IP 10.30.4.128: A Modbus Exception Occurred - See Response Body
[2024-12-10T05:15:08.798Z] Error reading actual data: A Modbus Exception Occurred - See Response Body
[2024-12-10T05:15:08.799Z] Error writing to Modbus register: A Modbus Exception Occurred - See Response Body
[2024-12-10T05:15:09.795Z] Error reading or processing Modbus registers: A Modbus Exception Occurred - See Response Body
[2024-12-10T05:15:09.797Z] Error reading register 6507 for IP 10.30.4.128: A Modbus Exception Occurred - See Response Body
[2024-12-10T05:15:09.798Z] Error reading actual data: A Modbus Exception Occurred - See Response Body
[2024-12-10T05:15:09.798Z] Error writing to Modbus register: A Modbus Exception Occurred - See Response Body
[2024-12-10T05:15:10.809Z] Error reading or processing Modbus registers: A Modbus Exception Occurred - See Response Body
[2024-12-10T05:15:10.811Z] Error reading register 6507 for IP 10.30.4.128: A Modbus Exception Occurred - See Response Body
[2024-12-10T05:15:10.812Z] Error reading actual data: A Modbus Exception Occurred - See Response Body
[2024-12-10T05:15:10.812Z] Error writing to Modbus register: A Modbus Exception Occurred - See Response Body
[2024-12-10T05:15:11.820Z] Error reading or processing Modbus registers: A Modbus Exception Occurred - See Response Body
[2024-12-10T05:15:11.822Z] Error reading register 6507 for IP 10.30.4.128: A Modbus Exception Occurred - See Response Body
[2024-12-10T05:15:11.823Z] Error reading actual data: A Modbus Exception Occurred - See Response Body
[2024-12-10T05:15:11.824Z] Error writing to Modbus register: A Modbus Exception Occurred - See Response Body
[2024-12-10T05:15:12.826Z] Error reading or processing Modbus registers: A Modbus Exception Occurred - See Response Body
[2024-12-10T05:15:12.829Z] Error reading register 6507 for IP 10.30.4.128: A Modbus Exception Occurred - See Response Body
[2024-12-10T05:15:12.829Z] Error reading actual data: A Modbus Exception Occurred - See Response Body
[2024-12-10T05:15:12.830Z] Error writing to Modbus register: A Modbus Exception Occurred - See Response Body
[2024-12-10T05:15:13.829Z] Error reading or processing Modbus registers: A Modbus Exception Occurred - See Response Body
[2024-12-10T05:15:13.831Z] Error reading register 6507 for IP 10.30.4.128: A Modbus Exception Occurred - See Response Body
[2024-12-10T05:15:13.832Z] Error reading actual data: A Modbus Exception Occurred - See Response Body
[2024-12-10T05:15:13.832Z] Error writing to Modbus register: A Modbus Exception Occurred - See Response Body
[2024-12-10T05:15:14.831Z] Error reading or processing Modbus registers: A Modbus Exception Occurred - See Response Body
[2024-12-10T05:15:14.833Z] Error reading register 6507 for IP 10.30.4.128: A Modbus Exception Occurred - See Response Body
[2024-12-10T05:15:14.834Z] Error reading actual data: A Modbus Exception Occurred - See Response Body
[2024-12-10T05:15:14.837Z] Error writing to Modbus register: A Modbus Exception Occurred - See Response Body
[2024-12-10T05:15:15.842Z] Error reading or processing Modbus registers: A Modbus Exception Occurred - See Response Body
[2024-12-10T05:15:15.844Z] Error reading register 6507 for IP 10.30.4.128: A Modbus Exception Occurred - See Response Body
[2024-12-10T05:15:15.845Z] Error reading actual data: A Modbus Exception Occurred - See Response Body
[2024-12-10T05:15:15.845Z] Error writing to Modbus register: A Modbus Exception Occurred - See Response Body
[2024-12-10T05:15:16.857Z] Error reading or processing Modbus registers: A Modbus Exception Occurred - See Response Body
[2024-12-10T05:15:16.859Z] Error reading register 6507 for IP 10.30.4.128: A Modbus Exception Occurred - See Response Body
[2024-12-10T05:15:16.860Z] Error reading actual data: A Modbus Exception Occurred - See Response Body
[2024-12-10T05:15:16.861Z] Error writing to Modbus register: A Modbus Exception Occurred - See Response Body
[2024-12-10T05:15:17.869Z] Error reading or processing Modbus registers: A Modbus Exception Occurred - See Response Body
[2024-12-10T05:15:17.872Z] Error reading register 6507 for IP 10.30.4.128: A Modbus Exception Occurred - See Response Body
[2024-12-10T05:15:17.872Z] Error reading actual data: A Modbus Exception Occurred - See Response Body
[2024-12-10T05:15:17.873Z] Error writing to Modbus register: A Modbus Exception Occurred - See Response Body
[2024-12-10T05:15:18.872Z] Error reading or processing Modbus registers: A Modbus Exception Occurred - See Response Body
[2024-12-10T05:15:18.874Z] Error reading register 6507 for IP 10.30.4.128: A Modbus Exception Occurred - See Response Body
[2024-12-10T05:15:18.875Z] Error reading actual data: A Modbus Exception Occurred - See Response Body
[2024-12-10T05:15:18.875Z] Error writing to Modbus register: A Modbus Exception Occurred - See Response Body
[2024-12-10T05:15:19.874Z] Error reading or processing Modbus registers: A Modbus Exception Occurred - See Response Body
[2024-12-10T05:15:19.876Z] Error reading register 6507 for IP 10.30.4.128: A Modbus Exception Occurred - See Response Body
[2024-12-10T05:15:19.877Z] Error reading actual data: A Modbus Exception Occurred - See Response Body
[2024-12-10T05:15:19.878Z] Error writing to Modbus register: A Modbus Exception Occurred - See Response Body
[2024-12-10T05:15:20.877Z] Error reading or processing Modbus registers: A Modbus Exception Occurred - See Response Body
[2024-12-10T05:15:20.880Z] Error reading register 6507 for IP 10.30.4.128: A Modbus Exception Occurred - See Response Body
[2024-12-10T05:15:20.880Z] Error reading actual data: A Modbus Exception Occurred - See Response Body
[2024-12-10T05:15:20.881Z] Error writing to Modbus register: A Modbus Exception Occurred - See Response Body
[2024-12-10T05:15:21.887Z] Error reading or processing Modbus registers: A Modbus Exception Occurred - See Response Body
[2024-12-10T05:15:21.890Z] Error reading register 6507 for IP 10.30.4.128: A Modbus Exception Occurred - See Response Body
[2024-12-10T05:15:21.890Z] Error reading actual data: A Modbus Exception Occurred - See Response Body
[2024-12-10T05:15:21.891Z] Error writing to Modbus register: A Modbus Exception Occurred - See Response Body
[2024-12-10T05:15:22.901Z] Error reading or processing Modbus registers: A Modbus Exception Occurred - See Response Body
[2024-12-10T05:15:22.903Z] Error reading register 6507 for IP 10.30.4.128: A Modbus Exception Occurred - See Response Body
[2024-12-10T05:15:22.904Z] Error reading actual data: A Modbus Exception Occurred - See Response Body
[2024-12-10T05:15:22.904Z] Error writing to Modbus register: A Modbus Exception Occurred - See Response Body
[2024-12-10T05:15:23.916Z] Error reading or processing Modbus registers: A Modbus Exception Occurred - See Response Body
[2024-12-10T05:15:23.918Z] Error reading register 6507 for IP 10.30.4.128: A Modbus Exception Occurred - See Response Body
[2024-12-10T05:15:23.919Z] Error reading actual data: A Modbus Exception Occurred - See Response Body
[2024-12-10T05:15:23.919Z] Error writing to Modbus register: A Modbus Exception Occurred - See Response Body
[2024-12-10T05:15:24.923Z] Error reading or processing Modbus registers: A Modbus Exception Occurred - See Response Body
[2024-12-10T05:15:24.926Z] Error reading register 6507 for IP 10.30.4.128: A Modbus Exception Occurred - See Response Body
[2024-12-10T05:15:24.926Z] Error reading actual data: A Modbus Exception Occurred - See Response Body
[2024-12-10T05:15:24.927Z] Error writing to Modbus register: A Modbus Exception Occurred - See Response Body
[2024-12-10T05:15:25.925Z] Error reading or processing Modbus registers: A Modbus Exception Occurred - See Response Body
[2024-12-10T05:15:25.927Z] Error reading register 6507 for IP 10.30.4.128: A Modbus Exception Occurred - See Response Body
[2024-12-10T05:15:25.928Z] Error reading actual data: A Modbus Exception Occurred - See Response Body
[2024-12-10T05:15:25.928Z] Error writing to Modbus register: A Modbus Exception Occurred - See Response Body
[2024-12-10T05:15:26.931Z] Error reading or processing Modbus registers: A Modbus Exception Occurred - See Response Body
[2024-12-10T05:15:26.933Z] Error reading register 6507 for IP 10.30.4.128: A Modbus Exception Occurred - See Response Body
[2024-12-10T05:15:26.934Z] Error reading actual data: A Modbus Exception Occurred - See Response Body
[2024-12-10T05:15:26.935Z] Error writing to Modbus register: A Modbus Exception Occurred - See Response Body
[2024-12-10T05:15:27.945Z] Error reading or processing Modbus registers: A Modbus Exception Occurred - See Response Body
[2024-12-10T05:15:27.947Z] Error reading register 6507 for IP 10.30.4.128: A Modbus Exception Occurred - See Response Body
[2024-12-10T05:15:27.947Z] Error reading actual data: A Modbus Exception Occurred - See Response Body
[2024-12-10T05:15:27.948Z] Error writing to Modbus register: A Modbus Exception Occurred - See Response Body
[2024-12-10T05:15:28.958Z] Error reading or processing Modbus registers: A Modbus Exception Occurred - See Response Body
[2024-12-10T05:15:28.961Z] Error reading register 6507 for IP 10.30.4.128: A Modbus Exception Occurred - See Response Body
[2024-12-10T05:15:28.962Z] Error reading actual data: A Modbus Exception Occurred - See Response Body
[2024-12-10T05:15:28.963Z] Error writing to Modbus register: A Modbus Exception Occurred - See Response Body
[2024-12-10T05:15:29.965Z] Error reading or processing Modbus registers: A Modbus Exception Occurred - See Response Body
[2024-12-10T05:15:29.968Z] Error reading register 6507 for IP 10.30.4.128: A Modbus Exception Occurred - See Response Body
[2024-12-10T05:15:29.968Z] Error reading actual data: A Modbus Exception Occurred - See Response Body
[2024-12-10T05:15:29.969Z] Error writing to Modbus register: A Modbus Exception Occurred - See Response Body
[2024-12-10T05:15:30.967Z] Error reading or processing Modbus registers: A Modbus Exception Occurred - See Response Body
[2024-12-10T05:15:30.969Z] Error reading register 6507 for IP 10.30.4.128: A Modbus Exception Occurred - See Response Body
[2024-12-10T05:15:30.970Z] Error reading actual data: A Modbus Exception Occurred - See Response Body
[2024-12-10T05:15:30.971Z] Error writing to Modbus register: A Modbus Exception Occurred - See Response Body
[2024-12-10T05:15:31.970Z] Error reading or processing Modbus registers: A Modbus Exception Occurred - See Response Body
[2024-12-10T05:15:31.972Z] Error reading register 6507 for IP 10.30.4.128: A Modbus Exception Occurred - See Response Body
[2024-12-10T05:15:31.973Z] Error reading actual data: A Modbus Exception Occurred - See Response Body
[2024-12-10T05:15:31.973Z] Error writing to Modbus register: A Modbus Exception Occurred - See Response Body
[2024-12-10T05:15:32.983Z] Error reading or processing Modbus registers: A Modbus Exception Occurred - See Response Body
[2024-12-10T05:15:32.985Z] Error reading register 6507 for IP 10.30.4.128: A Modbus Exception Occurred - See Response Body
[2024-12-10T05:15:32.986Z] Error reading actual data: A Modbus Exception Occurred - See Response Body
[2024-12-10T05:15:32.987Z] Error writing to Modbus register: A Modbus Exception Occurred - See Response Body
[2024-12-10T05:15:33.991Z] Error reading or processing Modbus registers: A Modbus Exception Occurred - See Response Body
[2024-12-10T05:15:33.994Z] Error reading register 6507 for IP 10.30.4.128: A Modbus Exception Occurred - See Response Body
[2024-12-10T05:15:33.994Z] Error reading actual data: A Modbus Exception Occurred - See Response Body
[2024-12-10T05:15:33.995Z] Error writing to Modbus register: A Modbus Exception Occurred - See Response Body
[2024-12-10T05:15:34.993Z] Error reading or processing Modbus registers: A Modbus Exception Occurred - See Response Body
[2024-12-10T05:15:34.996Z] Error reading register 6507 for IP 10.30.4.128: A Modbus Exception Occurred - See Response Body
[2024-12-10T05:15:34.997Z] Error reading actual data: A Modbus Exception Occurred - See Response Body
[2024-12-10T05:15:34.997Z] Error writing to Modbus register: A Modbus Exception Occurred - See Response Body
[2024-12-10T05:15:36.008Z] Error reading or processing Modbus registers: A Modbus Exception Occurred - See Response Body
[2024-12-10T05:15:36.010Z] Error reading register 6507 for IP 10.30.4.128: A Modbus Exception Occurred - See Response Body
[2024-12-10T05:15:36.011Z] Error reading actual data: A Modbus Exception Occurred - See Response Body
[2024-12-10T05:15:36.011Z] Error writing to Modbus register: A Modbus Exception Occurred - See Response Body
[2024-12-10T05:15:37.010Z] Error reading or processing Modbus registers: A Modbus Exception Occurred - See Response Body
[2024-12-10T05:15:37.011Z] Error reading register 6507 for IP 10.30.4.128: A Modbus Exception Occurred - See Response Body
[2024-12-10T05:15:37.012Z] Error reading actual data: A Modbus Exception Occurred - See Response Body
[2024-12-10T05:15:37.012Z] Error writing to Modbus register: A Modbus Exception Occurred - See Response Body
[2024-12-10T05:15:38.010Z] Error reading or processing Modbus registers: A Modbus Exception Occurred - See Response Body
[2024-12-10T05:15:38.012Z] Error reading register 6507 for IP 10.30.4.128: A Modbus Exception Occurred - See Response Body
[2024-12-10T05:15:38.012Z] Error reading actual data: A Modbus Exception Occurred - See Response Body
[2024-12-10T05:15:38.013Z] Error writing to Modbus register: A Modbus Exception Occurred - See Response Body
[2024-12-10T05:15:39.021Z] Error reading or processing Modbus registers: A Modbus Exception Occurred - See Response Body
[2024-12-10T05:15:39.025Z] Error reading register 6507 for IP 10.30.4.128: A Modbus Exception Occurred - See Response Body
[2024-12-10T05:15:39.025Z] Error reading actual data: A Modbus Exception Occurred - See Response Body
[2024-12-10T05:15:39.026Z] Error writing to Modbus register: A Modbus Exception Occurred - See Response Body
[2024-12-10T05:15:40.029Z] Error reading or processing Modbus registers: A Modbus Exception Occurred - See Response Body
[2024-12-10T05:15:40.030Z] Error reading register 6507 for IP 10.30.4.128: A Modbus Exception Occurred - See Response Body
[2024-12-10T05:15:40.031Z] Error reading actual data: A Modbus Exception Occurred - See Response Body
[2024-12-10T05:15:40.032Z] Error writing to Modbus register: A Modbus Exception Occurred - See Response Body
[2024-12-10T05:15:41.031Z] Error reading or processing Modbus registers: A Modbus Exception Occurred - See Response Body
[2024-12-10T05:15:41.034Z] Error reading register 6507 for IP 10.30.4.128: A Modbus Exception Occurred - See Response Body
[2024-12-10T05:15:41.034Z] Error reading actual data: A Modbus Exception Occurred - See Response Body
[2024-12-10T05:15:41.035Z] Error writing to Modbus register: A Modbus Exception Occurred - See Response Body
[2024-12-10T05:15:42.031Z] Error reading or processing Modbus registers: A Modbus Exception Occurred - See Response Body
[2024-12-10T05:15:42.033Z] Error reading register 6507 for IP 10.30.4.128: A Modbus Exception Occurred - See Response Body
[2024-12-10T05:15:42.034Z] Error reading actual data: A Modbus Exception Occurred - See Response Body
[2024-12-10T05:15:42.035Z] Error writing to Modbus register: A Modbus Exception Occurred - See Response Body
[2024-12-10T05:15:43.040Z] Error reading or processing Modbus registers: A Modbus Exception Occurred - See Response Body
[2024-12-10T05:15:43.043Z] Error reading register 6507 for IP 10.30.4.128: A Modbus Exception Occurred - See Response Body
[2024-12-10T05:15:43.043Z] Error reading actual data: A Modbus Exception Occurred - See Response Body
[2024-12-10T05:15:43.044Z] Error writing to Modbus register: A Modbus Exception Occurred - See Response Body
[2024-12-10T05:15:44.051Z] Error reading or processing Modbus registers: A Modbus Exception Occurred - See Response Body
[2024-12-10T05:15:44.053Z] Error reading register 6507 for IP 10.30.4.128: A Modbus Exception Occurred - See Response Body
[2024-12-10T05:15:44.054Z] Error reading actual data: A Modbus Exception Occurred - See Response Body
[2024-12-10T05:15:44.054Z] Error writing to Modbus register: A Modbus Exception Occurred - See Response Body
[2024-12-10T05:15:45.065Z] Error reading or processing Modbus registers: A Modbus Exception Occurred - See Response Body
[2024-12-10T05:15:45.068Z] Error reading register 6507 for IP 10.30.4.128: A Modbus Exception Occurred - See Response Body
[2024-12-10T05:15:45.069Z] Error reading actual data: A Modbus Exception Occurred - See Response Body
[2024-12-10T05:15:45.070Z] Error writing to Modbus register: A Modbus Exception Occurred - See Response Body
[2024-12-10T05:15:46.078Z] Error reading or processing Modbus registers: A Modbus Exception Occurred - See Response Body
[2024-12-10T05:15:46.080Z] Error reading register 6507 for IP 10.30.4.128: A Modbus Exception Occurred - See Response Body
[2024-12-10T05:15:46.081Z] Error reading actual data: A Modbus Exception Occurred - See Response Body
[2024-12-10T05:15:46.082Z] Error writing to Modbus register: A Modbus Exception Occurred - See Response Body
[2024-12-10T05:15:47.090Z] Error reading or processing Modbus registers: A Modbus Exception Occurred - See Response Body
[2024-12-10T05:15:47.092Z] Error reading register 6507 for IP 10.30.4.128: A Modbus Exception Occurred - See Response Body
[2024-12-10T05:15:47.092Z] Error reading actual data: A Modbus Exception Occurred - See Response Body
[2024-12-10T05:15:47.093Z] Error writing to Modbus register: A Modbus Exception Occurred - See Response Body
[2024-12-10T05:15:48.104Z] Error reading or processing Modbus registers: A Modbus Exception Occurred - See Response Body
[2024-12-10T05:15:48.106Z] Error reading register 6507 for IP 10.30.4.128: A Modbus Exception Occurred - See Response Body
[2024-12-10T05:15:48.107Z] Error reading actual data: A Modbus Exception Occurred - See Response Body
[2024-12-10T05:15:48.108Z] Error writing to Modbus register: A Modbus Exception Occurred - See Response Body
[2024-12-10T05:15:49.114Z] Error reading or processing Modbus registers: A Modbus Exception Occurred - See Response Body
[2024-12-10T05:15:49.116Z] Error reading register 6507 for IP 10.30.4.128: A Modbus Exception Occurred - See Response Body
[2024-12-10T05:15:49.116Z] Error reading actual data: A Modbus Exception Occurred - See Response Body
[2024-12-10T05:15:49.117Z] Error writing to Modbus register: A Modbus Exception Occurred - See Response Body
[2024-12-10T05:15:50.113Z] Error reading or processing Modbus registers: A Modbus Exception Occurred - See Response Body
[2024-12-10T05:15:50.116Z] Error reading register 6507 for IP 10.30.4.128: A Modbus Exception Occurred - See Response Body
[2024-12-10T05:15:50.116Z] Error reading actual data: A Modbus Exception Occurred - See Response Body
[2024-12-10T05:15:50.117Z] Error writing to Modbus register: A Modbus Exception Occurred - See Response Body
[2024-12-10T05:15:51.128Z] Error reading or processing Modbus registers: A Modbus Exception Occurred - See Response Body
[2024-12-10T05:15:51.130Z] Error reading register 6507 for IP 10.30.4.128: A Modbus Exception Occurred - See Response Body
[2024-12-10T05:15:51.130Z] Error reading actual data: A Modbus Exception Occurred - See Response Body
[2024-12-10T05:15:51.132Z] Error writing to Modbus register: A Modbus Exception Occurred - See Response Body
[2024-12-10T05:15:52.140Z] Error reading or processing Modbus registers: A Modbus Exception Occurred - See Response Body
[2024-12-10T05:15:52.142Z] Error reading register 6507 for IP 10.30.4.128: A Modbus Exception Occurred - See Response Body
[2024-12-10T05:15:52.143Z] Error reading actual data: A Modbus Exception Occurred - See Response Body
[2024-12-10T05:15:52.143Z] Error writing to Modbus register: A Modbus Exception Occurred - See Response Body
[2024-12-10T05:15:53.153Z] Error reading or processing Modbus registers: A Modbus Exception Occurred - See Response Body
[2024-12-10T05:15:53.156Z] Error reading register 6507 for IP 10.30.4.128: A Modbus Exception Occurred - See Response Body
[2024-12-10T05:15:53.156Z] Error reading actual data: A Modbus Exception Occurred - See Response Body
[2024-12-10T05:15:53.157Z] Error writing to Modbus register: A Modbus Exception Occurred - See Response Body
[2024-12-10T05:15:54.165Z] Error reading or processing Modbus registers: A Modbus Exception Occurred - See Response Body
[2024-12-10T05:15:54.167Z] Error reading register 6507 for IP 10.30.4.128: A Modbus Exception Occurred - See Response Body
[2024-12-10T05:15:54.168Z] Error reading actual data: A Modbus Exception Occurred - See Response Body
[2024-12-10T05:15:54.168Z] Error writing to Modbus register: A Modbus Exception Occurred - See Response Body
[2024-12-10T05:15:55.166Z] Error reading or processing Modbus registers: A Modbus Exception Occurred - See Response Body
[2024-12-10T05:15:55.169Z] Error reading register 6507 for IP 10.30.4.128: A Modbus Exception Occurred - See Response Body
[2024-12-10T05:15:55.170Z] Error reading actual data: A Modbus Exception Occurred - See Response Body
[2024-12-10T05:15:55.170Z] Error writing to Modbus register: A Modbus Exception Occurred - See Response Body
[2024-12-10T05:15:56.171Z] Error reading or processing Modbus registers: A Modbus Exception Occurred - See Response Body
[2024-12-10T05:15:56.173Z] Error reading register 6507 for IP 10.30.4.128: A Modbus Exception Occurred - See Response Body
[2024-12-10T05:15:56.174Z] Error reading actual data: A Modbus Exception Occurred - See Response Body
[2024-12-10T05:15:56.174Z] Error writing to Modbus register: A Modbus Exception Occurred - See Response Body
[2024-12-10T05:15:57.181Z] Error reading or processing Modbus registers: A Modbus Exception Occurred - See Response Body
[2024-12-10T05:15:57.183Z] Error reading register 6507 for IP 10.30.4.128: A Modbus Exception Occurred - See Response Body
[2024-12-10T05:15:57.184Z] Error reading actual data: A Modbus Exception Occurred - See Response Body
[2024-12-10T05:15:57.184Z] Error writing to Modbus register: A Modbus Exception Occurred - See Response Body
[2024-12-10T05:15:58.181Z] Error reading or processing Modbus registers: A Modbus Exception Occurred - See Response Body
[2024-12-10T05:15:58.184Z] Error reading register 6507 for IP 10.30.4.128: A Modbus Exception Occurred - See Response Body
[2024-12-10T05:15:58.185Z] Error reading actual data: A Modbus Exception Occurred - See Response Body
[2024-12-10T05:15:58.185Z] Error writing to Modbus register: A Modbus Exception Occurred - See Response Body
[2024-12-10T05:15:59.193Z] Error reading or processing Modbus registers: A Modbus Exception Occurred - See Response Body
[2024-12-10T05:15:59.196Z] Error reading register 6507 for IP 10.30.4.128: A Modbus Exception Occurred - See Response Body
[2024-12-10T05:15:59.197Z] Error reading actual data: A Modbus Exception Occurred - See Response Body
[2024-12-10T05:15:59.197Z] Error writing to Modbus register: A Modbus Exception Occurred - See Response Body
[2024-12-10T05:16:00.193Z] Error reading or processing Modbus registers: A Modbus Exception Occurred - See Response Body
[2024-12-10T05:16:00.196Z] Error reading register 6507 for IP 10.30.4.128: A Modbus Exception Occurred - See Response Body
[2024-12-10T05:16:00.197Z] Error reading actual data: A Modbus Exception Occurred - See Response Body
[2024-12-10T05:16:00.197Z] Error writing to Modbus register: A Modbus Exception Occurred - See Response Body
[2024-12-10T05:16:01.200Z] Error reading or processing Modbus registers: A Modbus Exception Occurred - See Response Body
[2024-12-10T05:16:01.202Z] Error reading register 6507 for IP 10.30.4.128: A Modbus Exception Occurred - See Response Body
[2024-12-10T05:16:01.203Z] Error reading actual data: A Modbus Exception Occurred - See Response Body
[2024-12-10T05:16:01.204Z] Error writing to Modbus register: A Modbus Exception Occurred - See Response Body
[2024-12-10T05:16:02.214Z] Error reading or processing Modbus registers: A Modbus Exception Occurred - See Response Body
[2024-12-10T05:16:02.216Z] Error reading register 6507 for IP 10.30.4.128: A Modbus Exception Occurred - See Response Body
[2024-12-10T05:16:02.216Z] Error reading actual data: A Modbus Exception Occurred - See Response Body
[2024-12-10T05:16:02.217Z] Error writing to Modbus register: A Modbus Exception Occurred - See Response Body
[2024-12-10T05:16:03.226Z] Error reading or processing Modbus registers: A Modbus Exception Occurred - See Response Body
[2024-12-10T05:16:03.228Z] Error reading register 6507 for IP 10.30.4.128: A Modbus Exception Occurred - See Response Body
[2024-12-10T05:16:03.229Z] Error reading actual data: A Modbus Exception Occurred - See Response Body
[2024-12-10T05:16:03.230Z] Error writing to Modbus register: A Modbus Exception Occurred - See Response Body
[2024-12-10T05:16:04.239Z] Error reading or processing Modbus registers: A Modbus Exception Occurred - See Response Body
[2024-12-10T05:16:04.241Z] Error reading register 6507 for IP 10.30.4.128: A Modbus Exception Occurred - See Response Body
[2024-12-10T05:16:04.242Z] Error reading actual data: A Modbus Exception Occurred - See Response Body
[2024-12-10T05:16:04.242Z] Error writing to Modbus register: A Modbus Exception Occurred - See Response Body
[2024-12-10T05:16:05.254Z] Error reading or processing Modbus registers: A Modbus Exception Occurred - See Response Body
[2024-12-10T05:16:05.256Z] Error reading register 6507 for IP 10.30.4.128: A Modbus Exception Occurred - See Response Body
[2024-12-10T05:16:05.257Z] Error reading actual data: A Modbus Exception Occurred - See Response Body
[2024-12-10T05:16:05.257Z] Error writing to Modbus register: A Modbus Exception Occurred - See Response Body
[2024-12-10T05:16:06.268Z] Error reading or processing Modbus registers: A Modbus Exception Occurred - See Response Body
[2024-12-10T05:16:06.270Z] Error reading register 6507 for IP 10.30.4.128: A Modbus Exception Occurred - See Response Body
[2024-12-10T05:16:06.270Z] Error reading actual data: A Modbus Exception Occurred - See Response Body
[2024-12-10T05:16:06.271Z] Error writing to Modbus register: A Modbus Exception Occurred - See Response Body
[2024-12-10T05:16:07.281Z] Error reading or processing Modbus registers: A Modbus Exception Occurred - See Response Body
[2024-12-10T05:16:07.283Z] Error reading register 6507 for IP 10.30.4.128: A Modbus Exception Occurred - See Response Body
[2024-12-10T05:16:07.284Z] Error reading actual data: A Modbus Exception Occurred - See Response Body
[2024-12-10T05:16:07.284Z] Error writing to Modbus register: A Modbus Exception Occurred - See Response Body
[2024-12-10T05:16:08.281Z] Error reading or processing Modbus registers: A Modbus Exception Occurred - See Response Body
[2024-12-10T05:16:08.283Z] Error reading register 6507 for IP 10.30.4.128: A Modbus Exception Occurred - See Response Body
[2024-12-10T05:16:08.283Z] Error reading actual data: A Modbus Exception Occurred - See Response Body
[2024-12-10T05:16:08.284Z] Error writing to Modbus register: A Modbus Exception Occurred - See Response Body
[2024-12-10T05:16:09.282Z] Error reading or processing Modbus registers: A Modbus Exception Occurred - See Response Body
[2024-12-10T05:16:09.285Z] Error reading register 6507 for IP 10.30.4.128: A Modbus Exception Occurred - See Response Body
[2024-12-10T05:16:09.286Z] Error reading actual data: A Modbus Exception Occurred - See Response Body
[2024-12-10T05:16:09.286Z] Error writing to Modbus register: A Modbus Exception Occurred - See Response Body
[2024-12-10T05:16:10.283Z] Error reading or processing Modbus registers: A Modbus Exception Occurred - See Response Body
[2024-12-10T05:16:10.286Z] Error reading register 6507 for IP 10.30.4.128: A Modbus Exception Occurred - See Response Body
[2024-12-10T05:16:10.286Z] Error reading actual data: A Modbus Exception Occurred - See Response Body
[2024-12-10T05:16:10.287Z] Error writing to Modbus register: A Modbus Exception Occurred - See Response Body
[2024-12-10T05:16:11.284Z] Error reading or processing Modbus registers: A Modbus Exception Occurred - See Response Body
[2024-12-10T05:16:11.286Z] Error reading register 6507 for IP 10.30.4.128: A Modbus Exception Occurred - See Response Body
[2024-12-10T05:16:11.287Z] Error reading actual data: A Modbus Exception Occurred - See Response Body
[2024-12-10T05:16:11.287Z] Error writing to Modbus register: A Modbus Exception Occurred - See Response Body
[2024-12-10T05:16:12.286Z] Error reading or processing Modbus registers: A Modbus Exception Occurred - See Response Body
[2024-12-10T05:16:12.288Z] Error reading register 6507 for IP 10.30.4.128: A Modbus Exception Occurred - See Response Body
[2024-12-10T05:16:12.289Z] Error reading actual data: A Modbus Exception Occurred - See Response Body
[2024-12-10T05:16:12.290Z] Error writing to Modbus register: A Modbus Exception Occurred - See Response Body
[2024-12-10T05:16:13.301Z] Error reading or processing Modbus registers: A Modbus Exception Occurred - See Response Body
[2024-12-10T05:16:13.303Z] Error reading register 6507 for IP 10.30.4.128: A Modbus Exception Occurred - See Response Body
[2024-12-10T05:16:13.304Z] Error reading actual data: A Modbus Exception Occurred - See Response Body
[2024-12-10T05:16:13.304Z] Error writing to Modbus register: A Modbus Exception Occurred - See Response Body
[2024-12-10T05:16:14.314Z] Error reading or processing Modbus registers: A Modbus Exception Occurred - See Response Body
[2024-12-10T05:16:14.316Z] Error reading register 6507 for IP 10.30.4.128: A Modbus Exception Occurred - See Response Body
[2024-12-10T05:16:14.317Z] Error reading actual data: A Modbus Exception Occurred - See Response Body
[2024-12-10T05:16:14.317Z] Error writing to Modbus register: A Modbus Exception Occurred - See Response Body
[2024-12-10T05:16:15.329Z] Error reading or processing Modbus registers: A Modbus Exception Occurred - See Response Body
[2024-12-10T05:16:15.331Z] Error reading register 6507 for IP 10.30.4.128: A Modbus Exception Occurred - See Response Body
[2024-12-10T05:16:15.331Z] Error reading actual data: A Modbus Exception Occurred - See Response Body
[2024-12-10T05:16:15.332Z] Error writing to Modbus register: A Modbus Exception Occurred - See Response Body
[2024-12-10T05:16:16.342Z] Error reading or processing Modbus registers: A Modbus Exception Occurred - See Response Body
[2024-12-10T05:16:16.344Z] Error reading register 6507 for IP 10.30.4.128: A Modbus Exception Occurred - See Response Body
[2024-12-10T05:16:16.345Z] Error reading actual data: A Modbus Exception Occurred - See Response Body
[2024-12-10T05:16:16.346Z] Error writing to Modbus register: A Modbus Exception Occurred - See Response Body
[2024-12-10T05:16:17.342Z] Error reading or processing Modbus registers: A Modbus Exception Occurred - See Response Body
[2024-12-10T05:16:17.344Z] Error reading register 6507 for IP 10.30.4.128: A Modbus Exception Occurred - See Response Body
[2024-12-10T05:16:17.344Z] Error reading actual data: A Modbus Exception Occurred - See Response Body
[2024-12-10T05:16:17.345Z] Error writing to Modbus register: A Modbus Exception Occurred - See Response Body
[2024-12-10T05:16:18.343Z] Error reading or processing Modbus registers: A Modbus Exception Occurred - See Response Body
[2024-12-10T05:16:18.346Z] Error reading register 6507 for IP 10.30.4.128: A Modbus Exception Occurred - See Response Body
[2024-12-10T05:16:18.346Z] Error reading actual data: A Modbus Exception Occurred - See Response Body
[2024-12-10T05:16:18.347Z] Error writing to Modbus register: A Modbus Exception Occurred - See Response Body
[2024-12-10T05:16:19.357Z] Error reading or processing Modbus registers: A Modbus Exception Occurred - See Response Body
[2024-12-10T05:16:19.359Z] Error reading register 6507 for IP 10.30.4.128: A Modbus Exception Occurred - See Response Body
[2024-12-10T05:16:19.360Z] Error reading actual data: A Modbus Exception Occurred - See Response Body
[2024-12-10T05:16:19.361Z] Error writing to Modbus register: A Modbus Exception Occurred - See Response Body
[2024-12-10T05:16:20.357Z] Error reading or processing Modbus registers: A Modbus Exception Occurred - See Response Body
[2024-12-10T05:16:20.360Z] Error reading register 6507 for IP 10.30.4.128: A Modbus Exception Occurred - See Response Body
[2024-12-10T05:16:20.360Z] Error reading actual data: A Modbus Exception Occurred - See Response Body
[2024-12-10T05:16:20.361Z] Error writing to Modbus register: A Modbus Exception Occurred - See Response Body
[2024-12-10T05:16:21.371Z] Error reading or processing Modbus registers: A Modbus Exception Occurred - See Response Body
[2024-12-10T05:16:21.373Z] Error reading register 6507 for IP 10.30.4.128: A Modbus Exception Occurred - See Response Body
[2024-12-10T05:16:21.374Z] Error reading actual data: A Modbus Exception Occurred - See Response Body
[2024-12-10T05:16:21.375Z] Error writing to Modbus register: A Modbus Exception Occurred - See Response Body
[2024-12-10T05:16:22.372Z] Error reading or processing Modbus registers: A Modbus Exception Occurred - See Response Body
[2024-12-10T05:16:22.375Z] Error reading register 6507 for IP 10.30.4.128: A Modbus Exception Occurred - See Response Body
[2024-12-10T05:16:22.375Z] Error reading actual data: A Modbus Exception Occurred - See Response Body
[2024-12-10T05:16:22.376Z] Error writing to Modbus register: A Modbus Exception Occurred - See Response Body
[2024-12-10T05:16:23.374Z] Error reading or processing Modbus registers: A Modbus Exception Occurred - See Response Body
[2024-12-10T05:16:23.376Z] Error reading register 6507 for IP 10.30.4.128: A Modbus Exception Occurred - See Response Body
[2024-12-10T05:16:23.376Z] Error reading actual data: A Modbus Exception Occurred - See Response Body
[2024-12-10T05:16:23.377Z] Error writing to Modbus register: A Modbus Exception Occurred - See Response Body
[2024-12-10T05:16:24.386Z] Error reading or processing Modbus registers: A Modbus Exception Occurred - See Response Body
[2024-12-10T05:16:24.388Z] Error reading register 6507 for IP 10.30.4.128: A Modbus Exception Occurred - See Response Body
[2024-12-10T05:16:24.389Z] Error reading actual data: A Modbus Exception Occurred - See Response Body
[2024-12-10T05:16:24.389Z] Error writing to Modbus register: A Modbus Exception Occurred - See Response Body
[2024-12-10T05:16:25.387Z] Error reading or processing Modbus registers: A Modbus Exception Occurred - See Response Body
[2024-12-10T05:16:25.389Z] Error reading register 6507 for IP 10.30.4.128: A Modbus Exception Occurred - See Response Body
[2024-12-10T05:16:25.390Z] Error reading actual data: A Modbus Exception Occurred - See Response Body
[2024-12-10T05:16:25.390Z] Error writing to Modbus register: A Modbus Exception Occurred - See Response Body
[2024-12-10T05:16:26.399Z] Error reading or processing Modbus registers: A Modbus Exception Occurred - See Response Body
[2024-12-10T05:16:26.401Z] Error reading register 6507 for IP 10.30.4.128: A Modbus Exception Occurred - See Response Body
[2024-12-10T05:16:26.402Z] Error reading actual data: A Modbus Exception Occurred - See Response Body
[2024-12-10T05:16:26.403Z] Error writing to Modbus register: A Modbus Exception Occurred - See Response Body
[2024-12-10T05:16:27.403Z] Error reading or processing Modbus registers: A Modbus Exception Occurred - See Response Body
[2024-12-10T05:16:27.407Z] Error reading register 6507 for IP 10.30.4.128: A Modbus Exception Occurred - See Response Body
[2024-12-10T05:16:27.408Z] Error reading actual data: A Modbus Exception Occurred - See Response Body
[2024-12-10T05:16:27.409Z] Error writing to Modbus register: A Modbus Exception Occurred - See Response Body
[2024-12-10T05:16:28.415Z] Error reading or processing Modbus registers: A Modbus Exception Occurred - See Response Body
[2024-12-10T05:16:28.418Z] Error reading register 6507 for IP 10.30.4.128: A Modbus Exception Occurred - See Response Body
[2024-12-10T05:16:28.419Z] Error reading actual data: A Modbus Exception Occurred - See Response Body
[2024-12-10T05:16:28.419Z] Error writing to Modbus register: A Modbus Exception Occurred - See Response Body
[2024-12-10T05:16:29.416Z] Error reading or processing Modbus registers: A Modbus Exception Occurred - See Response Body
[2024-12-10T05:16:29.418Z] Error reading register 6507 for IP 10.30.4.128: A Modbus Exception Occurred - See Response Body
[2024-12-10T05:16:29.419Z] Error reading actual data: A Modbus Exception Occurred - See Response Body
[2024-12-10T05:16:29.419Z] Error writing to Modbus register: A Modbus Exception Occurred - See Response Body
[2024-12-10T05:16:30.418Z] Error reading or processing Modbus registers: A Modbus Exception Occurred - See Response Body
[2024-12-10T05:16:30.419Z] Error reading register 6507 for IP 10.30.4.128: A Modbus Exception Occurred - See Response Body
[2024-12-10T05:16:30.420Z] Error reading actual data: A Modbus Exception Occurred - See Response Body
[2024-12-10T05:16:30.421Z] Error writing to Modbus register: A Modbus Exception Occurred - See Response Body
[2024-12-10T05:16:31.430Z] Error reading or processing Modbus registers: A Modbus Exception Occurred - See Response Body
[2024-12-10T05:16:31.433Z] Error reading register 6507 for IP 10.30.4.128: A Modbus Exception Occurred - See Response Body
[2024-12-10T05:16:31.434Z] Error reading actual data: A Modbus Exception Occurred - See Response Body
[2024-12-10T05:16:31.434Z] Error writing to Modbus register: A Modbus Exception Occurred - See Response Body
[2024-12-10T05:16:32.444Z] Error reading or processing Modbus registers: A Modbus Exception Occurred - See Response Body
[2024-12-10T05:16:32.445Z] Error reading register 6507 for IP 10.30.4.128: A Modbus Exception Occurred - See Response Body
[2024-12-10T05:16:32.446Z] Error reading actual data: A Modbus Exception Occurred - See Response Body
[2024-12-10T05:16:32.447Z] Error writing to Modbus register: A Modbus Exception Occurred - See Response Body
[2024-12-10T05:16:33.459Z] Error reading or processing Modbus registers: A Modbus Exception Occurred - See Response Body
[2024-12-10T05:16:33.461Z] Error reading register 6507 for IP 10.30.4.128: A Modbus Exception Occurred - See Response Body
[2024-12-10T05:16:33.462Z] Error reading actual data: A Modbus Exception Occurred - See Response Body
[2024-12-10T05:16:33.462Z] Error writing to Modbus register: A Modbus Exception Occurred - See Response Body
[2024-12-10T05:16:34.474Z] Error reading or processing Modbus registers: A Modbus Exception Occurred - See Response Body
[2024-12-10T05:16:34.477Z] Error reading register 6507 for IP 10.30.4.128: A Modbus Exception Occurred - See Response Body
[2024-12-10T05:16:34.478Z] Error reading actual data: A Modbus Exception Occurred - See Response Body
[2024-12-10T05:16:34.479Z] Error writing to Modbus register: A Modbus Exception Occurred - See Response Body
[2024-12-10T05:16:35.489Z] Error reading or processing Modbus registers: A Modbus Exception Occurred - See Response Body
[2024-12-10T05:16:35.492Z] Error reading register 6507 for IP 10.30.4.128: A Modbus Exception Occurred - See Response Body
[2024-12-10T05:16:35.493Z] Error reading actual data: A Modbus Exception Occurred - See Response Body
[2024-12-10T05:16:35.493Z] Error writing to Modbus register: A Modbus Exception Occurred - See Response Body
[2024-12-10T05:16:36.491Z] Error reading or processing Modbus registers: A Modbus Exception Occurred - See Response Body
[2024-12-10T05:16:36.493Z] Error reading register 6507 for IP 10.30.4.128: A Modbus Exception Occurred - See Response Body
[2024-12-10T05:16:36.494Z] Error reading actual data: A Modbus Exception Occurred - See Response Body
[2024-12-10T05:16:36.494Z] Error writing to Modbus register: A Modbus Exception Occurred - See Response Body
[2024-12-10T05:16:37.495Z] Error reading or processing Modbus registers: A Modbus Exception Occurred - See Response Body
[2024-12-10T05:16:37.496Z] Error reading register 6507 for IP 10.30.4.128: A Modbus Exception Occurred - See Response Body
[2024-12-10T05:16:37.497Z] Error reading actual data: A Modbus Exception Occurred - See Response Body
[2024-12-10T05:16:37.497Z] Error writing to Modbus register: A Modbus Exception Occurred - See Response Body
[2024-12-10T05:16:38.497Z] Error reading or processing Modbus registers: A Modbus Exception Occurred - See Response Body
[2024-12-10T05:16:38.499Z] Error reading register 6507 for IP 10.30.4.128: A Modbus Exception Occurred - See Response Body
[2024-12-10T05:16:38.500Z] Error reading actual data: A Modbus Exception Occurred - See Response Body
[2024-12-10T05:16:38.500Z] Error writing to Modbus register: A Modbus Exception Occurred - See Response Body
[2024-12-10T05:16:39.498Z] Error reading or processing Modbus registers: A Modbus Exception Occurred - See Response Body
[2024-12-10T05:16:39.500Z] Error reading register 6507 for IP 10.30.4.128: A Modbus Exception Occurred - See Response Body
[2024-12-10T05:16:39.501Z] Error reading actual data: A Modbus Exception Occurred - See Response Body
[2024-12-10T05:16:39.501Z] Error writing to Modbus register: A Modbus Exception Occurred - See Response Body
[2024-12-10T05:16:40.500Z] Error reading or processing Modbus registers: A Modbus Exception Occurred - See Response Body
[2024-12-10T05:16:40.501Z] Error reading register 6507 for IP 10.30.4.128: A Modbus Exception Occurred - See Response Body
[2024-12-10T05:16:40.503Z] Error reading actual data: A Modbus Exception Occurred - See Response Body
[2024-12-10T05:16:40.503Z] Error writing to Modbus register: A Modbus Exception Occurred - See Response Body
[2024-12-10T05:16:41.511Z] Error reading or processing Modbus registers: A Modbus Exception Occurred - See Response Body
[2024-12-10T05:16:41.513Z] Error reading register 6507 for IP 10.30.4.128: A Modbus Exception Occurred - See Response Body
[2024-12-10T05:16:41.514Z] Error reading actual data: A Modbus Exception Occurred - See Response Body
[2024-12-10T05:16:41.514Z] Error writing to Modbus register: A Modbus Exception Occurred - See Response Body
[2024-12-10T05:16:42.523Z] Error reading or processing Modbus registers: A Modbus Exception Occurred - See Response Body
[2024-12-10T05:16:42.525Z] Error reading register 6507 for IP 10.30.4.128: A Modbus Exception Occurred - See Response Body
[2024-12-10T05:16:42.526Z] Error reading actual data: A Modbus Exception Occurred - See Response Body
[2024-12-10T05:16:42.527Z] Error writing to Modbus register: A Modbus Exception Occurred - See Response Body
[2024-12-10T05:16:43.524Z] Error reading or processing Modbus registers: A Modbus Exception Occurred - See Response Body
[2024-12-10T05:16:43.526Z] Error reading register 6507 for IP 10.30.4.128: A Modbus Exception Occurred - See Response Body
[2024-12-10T05:16:43.526Z] Error reading actual data: A Modbus Exception Occurred - See Response Body
[2024-12-10T05:16:43.527Z] Error writing to Modbus register: A Modbus Exception Occurred - See Response Body
[2024-12-10T05:16:44.538Z] Error reading or processing Modbus registers: A Modbus Exception Occurred - See Response Body
[2024-12-10T05:16:44.540Z] Error reading register 6507 for IP 10.30.4.128: A Modbus Exception Occurred - See Response Body
[2024-12-10T05:16:44.541Z] Error reading actual data: A Modbus Exception Occurred - See Response Body
[2024-12-10T05:16:44.541Z] Error writing to Modbus register: A Modbus Exception Occurred - See Response Body
[2024-12-10T05:16:45.539Z] Error reading or processing Modbus registers: A Modbus Exception Occurred - See Response Body
[2024-12-10T05:16:45.542Z] Error reading register 6507 for IP 10.30.4.128: A Modbus Exception Occurred - See Response Body
[2024-12-10T05:16:45.542Z] Error reading actual data: A Modbus Exception Occurred - See Response Body
[2024-12-10T05:16:45.543Z] Error writing to Modbus register: A Modbus Exception Occurred - See Response Body
[2024-12-10T05:16:46.552Z] Error reading or processing Modbus registers: A Modbus Exception Occurred - See Response Body
[2024-12-10T05:16:46.553Z] Error reading register 6507 for IP 10.30.4.128: A Modbus Exception Occurred - See Response Body
[2024-12-10T05:16:46.554Z] Error reading actual data: A Modbus Exception Occurred - See Response Body
[2024-12-10T05:16:46.555Z] Error writing to Modbus register: A Modbus Exception Occurred - See Response Body
[2024-12-10T05:16:47.558Z] Error reading or processing Modbus registers: A Modbus Exception Occurred - See Response Body
[2024-12-10T05:16:47.560Z] Error reading register 6507 for IP 10.30.4.128: A Modbus Exception Occurred - See Response Body
[2024-12-10T05:16:47.561Z] Error reading actual data: A Modbus Exception Occurred - See Response Body
[2024-12-10T05:16:47.561Z] Error writing to Modbus register: A Modbus Exception Occurred - See Response Body
[2024-12-10T05:16:48.568Z] Error reading or processing Modbus registers: A Modbus Exception Occurred - See Response Body
[2024-12-10T05:16:48.570Z] Error reading register 6507 for IP 10.30.4.128: A Modbus Exception Occurred - See Response Body
[2024-12-10T05:16:48.571Z] Error reading actual data: A Modbus Exception Occurred - See Response Body
[2024-12-10T05:16:48.572Z] Error writing to Modbus register: A Modbus Exception Occurred - See Response Body
[2024-12-10T05:16:49.568Z] Error reading or processing Modbus registers: A Modbus Exception Occurred - See Response Body
[2024-12-10T05:16:49.571Z] Error reading register 6507 for IP 10.30.4.128: A Modbus Exception Occurred - See Response Body
[2024-12-10T05:16:49.571Z] Error reading actual data: A Modbus Exception Occurred - See Response Body
[2024-12-10T05:16:49.572Z] Error writing to Modbus register: A Modbus Exception Occurred - See Response Body
[2024-12-10T05:16:50.568Z] Error reading or processing Modbus registers: A Modbus Exception Occurred - See Response Body
[2024-12-10T05:16:50.571Z] Error reading register 6507 for IP 10.30.4.128: A Modbus Exception Occurred - See Response Body
[2024-12-10T05:16:50.572Z] Error reading actual data: A Modbus Exception Occurred - See Response Body
[2024-12-10T05:16:50.572Z] Error writing to Modbus register: A Modbus Exception Occurred - See Response Body
[2024-12-10T05:16:51.580Z] Error reading or processing Modbus registers: A Modbus Exception Occurred - See Response Body
[2024-12-10T05:16:51.583Z] Error reading register 6507 for IP 10.30.4.128: A Modbus Exception Occurred - See Response Body
[2024-12-10T05:16:51.584Z] Error reading actual data: A Modbus Exception Occurred - See Response Body
[2024-12-10T05:16:51.584Z] Error writing to Modbus register: A Modbus Exception Occurred - See Response Body
[2024-12-10T05:16:52.581Z] Error reading or processing Modbus registers: A Modbus Exception Occurred - See Response Body
[2024-12-10T05:16:52.583Z] Error reading register 6507 for IP 10.30.4.128: A Modbus Exception Occurred - See Response Body
[2024-12-10T05:16:52.584Z] Error reading actual data: A Modbus Exception Occurred - See Response Body
[2024-12-10T05:16:52.584Z] Error writing to Modbus register: A Modbus Exception Occurred - See Response Body
[2024-12-10T05:16:53.595Z] Error reading or processing Modbus registers: A Modbus Exception Occurred - See Response Body
[2024-12-10T05:16:53.600Z] Error reading register 6507 for IP 10.30.4.128: A Modbus Exception Occurred - See Response Body
[2024-12-10T05:16:53.601Z] Error reading actual data: A Modbus Exception Occurred - See Response Body
[2024-12-10T05:16:53.602Z] Error writing to Modbus register: A Modbus Exception Occurred - See Response Body
[2024-12-10T05:16:54.607Z] Error reading or processing Modbus registers: A Modbus Exception Occurred - See Response Body
[2024-12-10T05:16:54.609Z] Error reading register 6507 for IP 10.30.4.128: A Modbus Exception Occurred - See Response Body
[2024-12-10T05:16:54.610Z] Error reading actual data: A Modbus Exception Occurred - See Response Body
[2024-12-10T05:16:54.610Z] Error writing to Modbus register: A Modbus Exception Occurred - See Response Body
[2024-12-10T05:16:55.621Z] Error reading or processing Modbus registers: A Modbus Exception Occurred - See Response Body
[2024-12-10T05:16:55.623Z] Error reading register 6507 for IP 10.30.4.128: A Modbus Exception Occurred - See Response Body
[2024-12-10T05:16:55.624Z] Error reading actual data: A Modbus Exception Occurred - See Response Body
[2024-12-10T05:16:55.624Z] Error writing to Modbus register: A Modbus Exception Occurred - See Response Body
[2024-12-10T05:16:56.623Z] Error reading or processing Modbus registers: A Modbus Exception Occurred - See Response Body
[2024-12-10T05:16:56.625Z] Error reading register 6507 for IP 10.30.4.128: A Modbus Exception Occurred - See Response Body
[2024-12-10T05:16:56.626Z] Error reading actual data: A Modbus Exception Occurred - See Response Body
[2024-12-10T05:16:56.626Z] Error writing to Modbus register: A Modbus Exception Occurred - See Response Body
[2024-12-10T05:16:57.635Z] Error reading or processing Modbus registers: A Modbus Exception Occurred - See Response Body
[2024-12-10T05:16:57.637Z] Error reading register 6507 for IP 10.30.4.128: A Modbus Exception Occurred - See Response Body
[2024-12-10T05:16:57.638Z] Error reading actual data: A Modbus Exception Occurred - See Response Body
[2024-12-10T05:16:57.638Z] Error writing to Modbus register: A Modbus Exception Occurred - See Response Body
[2024-12-10T05:16:58.636Z] Error reading or processing Modbus registers: A Modbus Exception Occurred - See Response Body
[2024-12-10T05:16:58.638Z] Error reading register 6507 for IP 10.30.4.128: A Modbus Exception Occurred - See Response Body
[2024-12-10T05:16:58.638Z] Error reading actual data: A Modbus Exception Occurred - See Response Body
[2024-12-10T05:16:58.639Z] Error writing to Modbus register: A Modbus Exception Occurred - See Response Body
[2024-12-10T05:16:59.637Z] Error reading or processing Modbus registers: A Modbus Exception Occurred - See Response Body
[2024-12-10T05:16:59.639Z] Error reading register 6507 for IP 10.30.4.128: A Modbus Exception Occurred - See Response Body
[2024-12-10T05:16:59.640Z] Error reading actual data: A Modbus Exception Occurred - See Response Body
[2024-12-10T05:16:59.640Z] Error writing to Modbus register: A Modbus Exception Occurred - See Response Body
[2024-12-10T05:17:00.639Z] Error reading or processing Modbus registers: A Modbus Exception Occurred - See Response Body
[2024-12-10T05:17:00.641Z] Error reading register 6507 for IP 10.30.4.128: A Modbus Exception Occurred - See Response Body
[2024-12-10T05:17:00.642Z] Error reading actual data: A Modbus Exception Occurred - See Response Body
[2024-12-10T05:17:00.642Z] Error writing to Modbus register: A Modbus Exception Occurred - See Response Body
[2024-12-10T05:17:01.651Z] Error reading or processing Modbus registers: A Modbus Exception Occurred - See Response Body
[2024-12-10T05:17:01.652Z] Error reading register 6507 for IP 10.30.4.128: A Modbus Exception Occurred - See Response Body
[2024-12-10T05:17:01.653Z] Error reading actual data: A Modbus Exception Occurred - See Response Body
[2024-12-10T05:17:01.653Z] Error writing to Modbus register: A Modbus Exception Occurred - See Response Body
[2024-12-10T05:17:02.652Z] Error reading or processing Modbus registers: A Modbus Exception Occurred - See Response Body
[2024-12-10T05:17:02.654Z] Error reading register 6507 for IP 10.30.4.128: A Modbus Exception Occurred - See Response Body
[2024-12-10T05:17:02.654Z] Error reading actual data: A Modbus Exception Occurred - See Response Body
[2024-12-10T05:17:02.655Z] Error writing to Modbus register: A Modbus Exception Occurred - See Response Body
[2024-12-10T05:17:03.666Z] Error reading or processing Modbus registers: A Modbus Exception Occurred - See Response Body
[2024-12-10T05:17:03.668Z] Error reading register 6507 for IP 10.30.4.128: A Modbus Exception Occurred - See Response Body
[2024-12-10T05:17:03.669Z] Error reading actual data: A Modbus Exception Occurred - See Response Body
[2024-12-10T05:17:03.669Z] Error writing to Modbus register: A Modbus Exception Occurred - See Response Body
[2024-12-10T05:17:04.665Z] Error reading or processing Modbus registers: A Modbus Exception Occurred - See Response Body
[2024-12-10T05:17:04.667Z] Error reading register 6507 for IP 10.30.4.128: A Modbus Exception Occurred - See Response Body
[2024-12-10T05:17:04.668Z] Error reading actual data: A Modbus Exception Occurred - See Response Body
[2024-12-10T05:17:04.669Z] Error writing to Modbus register: A Modbus Exception Occurred - See Response Body
[2024-12-10T05:17:05.679Z] Error reading or processing Modbus registers: A Modbus Exception Occurred - See Response Body
[2024-12-10T05:17:05.681Z] Error reading register 6507 for IP 10.30.4.128: A Modbus Exception Occurred - See Response Body
[2024-12-10T05:17:05.682Z] Error reading actual data: A Modbus Exception Occurred - See Response Body
[2024-12-10T05:17:05.683Z] Error writing to Modbus register: A Modbus Exception Occurred - See Response Body
[2024-12-10T05:17:06.680Z] Error reading or processing Modbus registers: A Modbus Exception Occurred - See Response Body
[2024-12-10T05:17:06.682Z] Error reading register 6507 for IP 10.30.4.128: A Modbus Exception Occurred - See Response Body
[2024-12-10T05:17:06.682Z] Error reading actual data: A Modbus Exception Occurred - See Response Body
[2024-12-10T05:17:06.683Z] Error writing to Modbus register: A Modbus Exception Occurred - See Response Body
[2024-12-10T05:17:07.681Z] Error reading or processing Modbus registers: A Modbus Exception Occurred - See Response Body
[2024-12-10T05:17:07.683Z] Error reading register 6507 for IP 10.30.4.128: A Modbus Exception Occurred - See Response Body
[2024-12-10T05:17:07.684Z] Error reading actual data: A Modbus Exception Occurred - See Response Body
[2024-12-10T05:17:07.684Z] Error writing to Modbus register: A Modbus Exception Occurred - See Response Body
[2024-12-10T05:17:08.684Z] Error reading or processing Modbus registers: A Modbus Exception Occurred - See Response Body
[2024-12-10T05:17:08.686Z] Error reading register 6507 for IP 10.30.4.128: A Modbus Exception Occurred - See Response Body
[2024-12-10T05:17:08.686Z] Error reading actual data: A Modbus Exception Occurred - See Response Body
[2024-12-10T05:17:08.687Z] Error writing to Modbus register: A Modbus Exception Occurred - See Response Body
[2024-12-10T05:17:09.688Z] Error reading or processing Modbus registers: A Modbus Exception Occurred - See Response Body
[2024-12-10T05:17:09.690Z] Error reading register 6507 for IP 10.30.4.128: A Modbus Exception Occurred - See Response Body
[2024-12-10T05:17:09.691Z] Error reading actual data: A Modbus Exception Occurred - See Response Body
[2024-12-10T05:17:09.691Z] Error writing to Modbus register: A Modbus Exception Occurred - See Response Body
[2024-12-10T05:17:10.688Z] Error reading or processing Modbus registers: A Modbus Exception Occurred - See Response Body
[2024-12-10T05:17:10.690Z] Error reading register 6507 for IP 10.30.4.128: A Modbus Exception Occurred - See Response Body
[2024-12-10T05:17:10.690Z] Error reading actual data: A Modbus Exception Occurred - See Response Body
[2024-12-10T05:17:10.691Z] Error writing to Modbus register: A Modbus Exception Occurred - See Response Body
[2024-12-10T05:17:11.700Z] Error reading or processing Modbus registers: A Modbus Exception Occurred - See Response Body
[2024-12-10T05:17:11.702Z] Error reading register 6507 for IP 10.30.4.128: A Modbus Exception Occurred - See Response Body
[2024-12-10T05:17:11.702Z] Error reading actual data: A Modbus Exception Occurred - See Response Body
[2024-12-10T05:17:11.703Z] Error writing to Modbus register: A Modbus Exception Occurred - See Response Body
[2024-12-10T05:17:12.701Z] Error reading or processing Modbus registers: A Modbus Exception Occurred - See Response Body
[2024-12-10T05:17:12.703Z] Error reading register 6507 for IP 10.30.4.128: A Modbus Exception Occurred - See Response Body
[2024-12-10T05:17:12.704Z] Error reading actual data: A Modbus Exception Occurred - See Response Body
[2024-12-10T05:17:12.704Z] Error writing to Modbus register: A Modbus Exception Occurred - See Response Body
[2024-12-10T05:17:13.715Z] Error reading or processing Modbus registers: A Modbus Exception Occurred - See Response Body
[2024-12-10T05:17:13.718Z] Error reading register 6507 for IP 10.30.4.128: A Modbus Exception Occurred - See Response Body
[2024-12-10T05:17:13.718Z] Error reading actual data: A Modbus Exception Occurred - See Response Body
[2024-12-10T05:17:13.719Z] Error writing to Modbus register: A Modbus Exception Occurred - See Response Body
[2024-12-10T05:17:14.730Z] Error reading or processing Modbus registers: A Modbus Exception Occurred - See Response Body
[2024-12-10T05:17:14.735Z] Error reading register 6507 for IP 10.30.4.128: A Modbus Exception Occurred - See Response Body
[2024-12-10T05:17:14.736Z] Error reading actual data: A Modbus Exception Occurred - See Response Body
[2024-12-10T05:17:14.737Z] Error writing to Modbus register: A Modbus Exception Occurred - See Response Body
[2024-12-10T05:17:15.730Z] Error reading or processing Modbus registers: A Modbus Exception Occurred - See Response Body
[2024-12-10T05:17:15.733Z] Error reading register 6507 for IP 10.30.4.128: A Modbus Exception Occurred - See Response Body
[2024-12-10T05:17:15.733Z] Error reading actual data: A Modbus Exception Occurred - See Response Body
[2024-12-10T05:17:15.734Z] Error writing to Modbus register: A Modbus Exception Occurred - See Response Body
[2024-12-10T05:17:16.744Z] Error reading or processing Modbus registers: A Modbus Exception Occurred - See Response Body
[2024-12-10T05:17:16.746Z] Error reading register 6507 for IP 10.30.4.128: A Modbus Exception Occurred - See Response Body
[2024-12-10T05:17:16.747Z] Error reading actual data: A Modbus Exception Occurred - See Response Body
[2024-12-10T05:17:16.747Z] Error writing to Modbus register: A Modbus Exception Occurred - See Response Body
[2024-12-10T05:17:17.759Z] Error reading or processing Modbus registers: A Modbus Exception Occurred - See Response Body
[2024-12-10T05:17:17.762Z] Error reading register 6507 for IP 10.30.4.128: A Modbus Exception Occurred - See Response Body
[2024-12-10T05:17:17.763Z] Error reading actual data: A Modbus Exception Occurred - See Response Body
[2024-12-10T05:17:17.764Z] Error writing to Modbus register: A Modbus Exception Occurred - See Response Body
[2024-12-10T05:17:18.760Z] Error reading or processing Modbus registers: A Modbus Exception Occurred - See Response Body
[2024-12-10T05:17:18.763Z] Error reading register 6507 for IP 10.30.4.128: A Modbus Exception Occurred - See Response Body
[2024-12-10T05:17:18.763Z] Error reading actual data: A Modbus Exception Occurred - See Response Body
[2024-12-10T05:17:18.764Z] Error writing to Modbus register: A Modbus Exception Occurred - See Response Body
[2024-12-10T05:17:19.761Z] Error reading or processing Modbus registers: A Modbus Exception Occurred - See Response Body
[2024-12-10T05:17:19.763Z] Error reading register 6507 for IP 10.30.4.128: A Modbus Exception Occurred - See Response Body
[2024-12-10T05:17:19.764Z] Error reading actual data: A Modbus Exception Occurred - See Response Body
[2024-12-10T05:17:19.765Z] Error writing to Modbus register: A Modbus Exception Occurred - See Response Body
[2024-12-10T05:17:20.764Z] Error reading or processing Modbus registers: A Modbus Exception Occurred - See Response Body
[2024-12-10T05:17:20.766Z] Error reading register 6507 for IP 10.30.4.128: A Modbus Exception Occurred - See Response Body
[2024-12-10T05:17:20.767Z] Error reading actual data: A Modbus Exception Occurred - See Response Body
[2024-12-10T05:17:20.767Z] Error writing to Modbus register: A Modbus Exception Occurred - See Response Body
[2024-12-10T05:17:21.776Z] Error reading or processing Modbus registers: A Modbus Exception Occurred - See Response Body
[2024-12-10T05:17:21.779Z] Error reading register 6507 for IP 10.30.4.128: A Modbus Exception Occurred - See Response Body
[2024-12-10T05:17:21.779Z] Error reading actual data: A Modbus Exception Occurred - See Response Body
[2024-12-10T05:17:21.780Z] Error writing to Modbus register: A Modbus Exception Occurred - See Response Body
[2024-12-10T05:17:22.790Z] Error reading or processing Modbus registers: A Modbus Exception Occurred - See Response Body
[2024-12-10T05:17:22.793Z] Error reading register 6507 for IP 10.30.4.128: A Modbus Exception Occurred - See Response Body
[2024-12-10T05:17:22.793Z] Error reading actual data: A Modbus Exception Occurred - See Response Body
[2024-12-10T05:17:22.794Z] Error writing to Modbus register: A Modbus Exception Occurred - See Response Body
[2024-12-10T05:17:23.805Z] Error reading or processing Modbus registers: A Modbus Exception Occurred - See Response Body
[2024-12-10T05:17:23.807Z] Error reading register 6507 for IP 10.30.4.128: A Modbus Exception Occurred - See Response Body
[2024-12-10T05:17:23.808Z] Error reading actual data: A Modbus Exception Occurred - See Response Body
[2024-12-10T05:17:23.808Z] Error writing to Modbus register: A Modbus Exception Occurred - See Response Body
[2024-12-10T05:17:24.815Z] Error reading or processing Modbus registers: A Modbus Exception Occurred - See Response Body
[2024-12-10T05:17:24.817Z] Error reading register 6507 for IP 10.30.4.128: A Modbus Exception Occurred - See Response Body
[2024-12-10T05:17:24.817Z] Error reading actual data: A Modbus Exception Occurred - See Response Body
[2024-12-10T05:17:24.818Z] Error writing to Modbus register: A Modbus Exception Occurred - See Response Body
[2024-12-10T05:17:25.817Z] Error reading or processing Modbus registers: A Modbus Exception Occurred - See Response Body
[2024-12-10T05:17:25.820Z] Error reading register 6507 for IP 10.30.4.128: A Modbus Exception Occurred - See Response Body
[2024-12-10T05:17:25.821Z] Error reading actual data: A Modbus Exception Occurred - See Response Body
[2024-12-10T05:17:25.821Z] Error writing to Modbus register: A Modbus Exception Occurred - See Response Body
[2024-12-10T05:17:26.822Z] Error reading or processing Modbus registers: A Modbus Exception Occurred - See Response Body
[2024-12-10T05:17:26.824Z] Error reading register 6507 for IP 10.30.4.128: A Modbus Exception Occurred - See Response Body
[2024-12-10T05:17:26.825Z] Error reading actual data: A Modbus Exception Occurred - See Response Body
[2024-12-10T05:17:26.825Z] Error writing to Modbus register: A Modbus Exception Occurred - See Response Body
[2024-12-10T05:17:27.825Z] Error reading or processing Modbus registers: A Modbus Exception Occurred - See Response Body
[2024-12-10T05:17:27.827Z] Error reading register 6507 for IP 10.30.4.128: A Modbus Exception Occurred - See Response Body
[2024-12-10T05:17:27.828Z] Error reading actual data: A Modbus Exception Occurred - See Response Body
[2024-12-10T05:17:27.828Z] Error writing to Modbus register: A Modbus Exception Occurred - See Response Body
[2024-12-10T05:17:28.831Z] Error reading or processing Modbus registers: A Modbus Exception Occurred - See Response Body
[2024-12-10T05:17:28.833Z] Error reading register 6507 for IP 10.30.4.128: A Modbus Exception Occurred - See Response Body
[2024-12-10T05:17:28.834Z] Error reading actual data: A Modbus Exception Occurred - See Response Body
[2024-12-10T05:17:28.834Z] Error writing to Modbus register: A Modbus Exception Occurred - See Response Body
[2024-12-10T05:17:29.833Z] Error reading or processing Modbus registers: A Modbus Exception Occurred - See Response Body
[2024-12-10T05:17:29.835Z] Error reading register 6507 for IP 10.30.4.128: A Modbus Exception Occurred - See Response Body
[2024-12-10T05:17:29.836Z] Error reading actual data: A Modbus Exception Occurred - See Response Body
[2024-12-10T05:17:29.836Z] Error writing to Modbus register: A Modbus Exception Occurred - See Response Body
[2024-12-10T05:17:30.834Z] Error reading or processing Modbus registers: A Modbus Exception Occurred - See Response Body
[2024-12-10T05:17:30.836Z] Error reading register 6507 for IP 10.30.4.128: A Modbus Exception Occurred - See Response Body
[2024-12-10T05:17:30.837Z] Error reading actual data: A Modbus Exception Occurred - See Response Body
[2024-12-10T05:17:30.837Z] Error writing to Modbus register: A Modbus Exception Occurred - See Response Body
[2024-12-10T05:17:31.845Z] Error reading or processing Modbus registers: A Modbus Exception Occurred - See Response Body
[2024-12-10T05:17:31.848Z] Error reading register 6507 for IP 10.30.4.128: A Modbus Exception Occurred - See Response Body
[2024-12-10T05:17:31.848Z] Error reading actual data: A Modbus Exception Occurred - See Response Body
[2024-12-10T05:17:31.849Z] Error writing to Modbus register: A Modbus Exception Occurred - See Response Body
[2024-12-10T05:17:32.846Z] Error reading or processing Modbus registers: A Modbus Exception Occurred - See Response Body
[2024-12-10T05:17:32.848Z] Error reading register 6507 for IP 10.30.4.128: A Modbus Exception Occurred - See Response Body
[2024-12-10T05:17:32.849Z] Error reading actual data: A Modbus Exception Occurred - See Response Body
[2024-12-10T05:17:32.849Z] Error writing to Modbus register: A Modbus Exception Occurred - See Response Body
[2024-12-10T05:17:33.861Z] Error reading or processing Modbus registers: A Modbus Exception Occurred - See Response Body
[2024-12-10T05:17:33.863Z] Error reading register 6507 for IP 10.30.4.128: A Modbus Exception Occurred - See Response Body
[2024-12-10T05:17:33.863Z] Error reading actual data: A Modbus Exception Occurred - See Response Body
[2024-12-10T05:17:33.865Z] Error writing to Modbus register: A Modbus Exception Occurred - See Response Body
[2024-12-10T05:17:34.874Z] Error reading or processing Modbus registers: A Modbus Exception Occurred - See Response Body
[2024-12-10T05:17:34.876Z] Error reading register 6507 for IP 10.30.4.128: A Modbus Exception Occurred - See Response Body
[2024-12-10T05:17:34.876Z] Error reading actual data: A Modbus Exception Occurred - See Response Body
[2024-12-10T05:17:34.877Z] Error writing to Modbus register: A Modbus Exception Occurred - See Response Body
[2024-12-10T05:17:35.878Z] Error reading or processing Modbus registers: A Modbus Exception Occurred - See Response Body
[2024-12-10T05:17:35.880Z] Error reading register 6507 for IP 10.30.4.128: A Modbus Exception Occurred - See Response Body
[2024-12-10T05:17:35.881Z] Error reading actual data: A Modbus Exception Occurred - See Response Body
[2024-12-10T05:17:35.882Z] Error writing to Modbus register: A Modbus Exception Occurred - See Response Body
[2024-12-10T05:17:36.881Z] Error reading or processing Modbus registers: A Modbus Exception Occurred - See Response Body
[2024-12-10T05:17:36.884Z] Error reading register 6507 for IP 10.30.4.128: A Modbus Exception Occurred - See Response Body
[2024-12-10T05:17:36.884Z] Error reading actual data: A Modbus Exception Occurred - See Response Body
[2024-12-10T05:17:36.885Z] Error writing to Modbus register: A Modbus Exception Occurred - See Response Body
[2024-12-10T05:17:37.886Z] Error reading or processing Modbus registers: A Modbus Exception Occurred - See Response Body
[2024-12-10T05:17:37.888Z] Error reading register 6507 for IP 10.30.4.128: A Modbus Exception Occurred - See Response Body
[2024-12-10T05:17:37.889Z] Error reading actual data: A Modbus Exception Occurred - See Response Body
[2024-12-10T05:17:37.889Z] Error writing to Modbus register: A Modbus Exception Occurred - See Response Body
[2024-12-10T05:17:38.891Z] Error reading or processing Modbus registers: A Modbus Exception Occurred - See Response Body
[2024-12-10T05:17:38.893Z] Error reading register 6507 for IP 10.30.4.128: A Modbus Exception Occurred - See Response Body
[2024-12-10T05:17:38.894Z] Error reading actual data: A Modbus Exception Occurred - See Response Body
[2024-12-10T05:17:38.894Z] Error writing to Modbus register: A Modbus Exception Occurred - See Response Body
[2024-12-10T05:17:39.893Z] Error reading or processing Modbus registers: A Modbus Exception Occurred - See Response Body
[2024-12-10T05:17:39.896Z] Error reading register 6507 for IP 10.30.4.128: A Modbus Exception Occurred - See Response Body
[2024-12-10T05:17:39.897Z] Error reading actual data: A Modbus Exception Occurred - See Response Body
[2024-12-10T05:17:39.897Z] Error writing to Modbus register: A Modbus Exception Occurred - See Response Body
[2024-12-10T05:17:40.898Z] Error reading or processing Modbus registers: A Modbus Exception Occurred - See Response Body
[2024-12-10T05:17:40.901Z] Error reading register 6507 for IP 10.30.4.128: A Modbus Exception Occurred - See Response Body
[2024-12-10T05:17:40.901Z] Error reading actual data: A Modbus Exception Occurred - See Response Body
[2024-12-10T05:17:40.902Z] Error writing to Modbus register: A Modbus Exception Occurred - See Response Body
[2024-12-10T05:17:41.911Z] Error reading or processing Modbus registers: A Modbus Exception Occurred - See Response Body
[2024-12-10T05:17:41.913Z] Error reading register 6507 for IP 10.30.4.128: A Modbus Exception Occurred - See Response Body
[2024-12-10T05:17:41.914Z] Error reading actual data: A Modbus Exception Occurred - See Response Body
[2024-12-10T05:17:41.914Z] Error writing to Modbus register: A Modbus Exception Occurred - See Response Body
[2024-12-10T05:17:42.913Z] Error reading or processing Modbus registers: A Modbus Exception Occurred - See Response Body
[2024-12-10T05:17:42.915Z] Error reading register 6507 for IP 10.30.4.128: A Modbus Exception Occurred - See Response Body
[2024-12-10T05:17:42.916Z] Error reading actual data: A Modbus Exception Occurred - See Response Body
[2024-12-10T05:17:42.916Z] Error writing to Modbus register: A Modbus Exception Occurred - See Response Body
[2024-12-10T05:17:43.916Z] Error reading or processing Modbus registers: A Modbus Exception Occurred - See Response Body
[2024-12-10T05:17:43.919Z] Error reading register 6507 for IP 10.30.4.128: A Modbus Exception Occurred - See Response Body
[2024-12-10T05:17:43.920Z] Error reading actual data: A Modbus Exception Occurred - See Response Body
[2024-12-10T05:17:43.921Z] Error writing to Modbus register: A Modbus Exception Occurred - See Response Body
[2024-12-10T05:17:44.920Z] Error reading or processing Modbus registers: A Modbus Exception Occurred - See Response Body
[2024-12-10T05:17:44.922Z] Error reading register 6507 for IP 10.30.4.128: A Modbus Exception Occurred - See Response Body
[2024-12-10T05:17:44.923Z] Error reading actual data: A Modbus Exception Occurred - See Response Body
[2024-12-10T05:17:44.923Z] Error writing to Modbus register: A Modbus Exception Occurred - See Response Body
[2024-12-10T05:17:45.921Z] Error reading or processing Modbus registers: A Modbus Exception Occurred - See Response Body
[2024-12-10T05:17:45.924Z] Error reading register 6507 for IP 10.30.4.128: A Modbus Exception Occurred - See Response Body
[2024-12-10T05:17:45.925Z] Error reading actual data: A Modbus Exception Occurred - See Response Body
[2024-12-10T05:17:45.926Z] Error writing to Modbus register: A Modbus Exception Occurred - See Response Body
[2024-12-10T05:17:46.935Z] Error reading or processing Modbus registers: A Modbus Exception Occurred - See Response Body
[2024-12-10T05:17:46.938Z] Error reading register 6507 for IP 10.30.4.128: A Modbus Exception Occurred - See Response Body
[2024-12-10T05:17:46.938Z] Error reading actual data: A Modbus Exception Occurred - See Response Body
[2024-12-10T05:17:46.939Z] Error writing to Modbus register: A Modbus Exception Occurred - See Response Body
[2024-12-10T05:17:47.938Z] Error reading or processing Modbus registers: A Modbus Exception Occurred - See Response Body
[2024-12-10T05:17:47.941Z] Error reading register 6507 for IP 10.30.4.128: A Modbus Exception Occurred - See Response Body
[2024-12-10T05:17:47.941Z] Error reading actual data: A Modbus Exception Occurred - See Response Body
[2024-12-10T05:17:47.941Z] Error writing to Modbus register: A Modbus Exception Occurred - See Response Body
[2024-12-10T05:17:48.951Z] Error reading or processing Modbus registers: A Modbus Exception Occurred - See Response Body
[2024-12-10T05:17:48.953Z] Error reading register 6507 for IP 10.30.4.128: A Modbus Exception Occurred - See Response Body
[2024-12-10T05:17:48.954Z] Error reading actual data: A Modbus Exception Occurred - See Response Body
[2024-12-10T05:17:48.954Z] Error writing to Modbus register: A Modbus Exception Occurred - See Response Body
[2024-12-10T05:17:49.954Z] Error reading or processing Modbus registers: A Modbus Exception Occurred - See Response Body
[2024-12-10T05:17:49.956Z] Error reading register 6507 for IP 10.30.4.128: A Modbus Exception Occurred - See Response Body
[2024-12-10T05:17:49.957Z] Error reading actual data: A Modbus Exception Occurred - See Response Body
[2024-12-10T05:17:49.957Z] Error writing to Modbus register: A Modbus Exception Occurred - See Response Body
[2024-12-10T05:17:50.969Z] Error reading or processing Modbus registers: A Modbus Exception Occurred - See Response Body
[2024-12-10T05:17:50.984Z] Error reading register 6507 for IP 10.30.4.128: A Modbus Exception Occurred - See Response Body
[2024-12-10T05:17:50.984Z] Error reading actual data: A Modbus Exception Occurred - See Response Body
[2024-12-10T05:17:50.985Z] Error writing to Modbus register: A Modbus Exception Occurred - See Response Body
[2024-12-10T05:17:51.969Z] Error reading or processing Modbus registers: A Modbus Exception Occurred - See Response Body
[2024-12-10T05:17:51.971Z] Error reading register 6507 for IP 10.30.4.128: A Modbus Exception Occurred - See Response Body
[2024-12-10T05:17:51.972Z] Error reading actual data: A Modbus Exception Occurred - See Response Body
[2024-12-10T05:17:51.972Z] Error writing to Modbus register: A Modbus Exception Occurred - See Response Body
[2024-12-10T05:17:52.971Z] Error reading or processing Modbus registers: A Modbus Exception Occurred - See Response Body
[2024-12-10T05:17:52.973Z] Error reading register 6507 for IP 10.30.4.128: A Modbus Exception Occurred - See Response Body
[2024-12-10T05:17:52.974Z] Error reading actual data: A Modbus Exception Occurred - See Response Body
[2024-12-10T05:17:52.974Z] Error writing to Modbus register: A Modbus Exception Occurred - See Response Body
[2024-12-10T05:17:53.984Z] Error reading or processing Modbus registers: A Modbus Exception Occurred - See Response Body
[2024-12-10T05:17:53.986Z] Error reading register 6507 for IP 10.30.4.128: A Modbus Exception Occurred - See Response Body
[2024-12-10T05:17:53.986Z] Error reading actual data: A Modbus Exception Occurred - See Response Body
[2024-12-10T05:17:53.987Z] Error writing to Modbus register: A Modbus Exception Occurred - See Response Body
[2024-12-10T05:17:54.998Z] Error reading or processing Modbus registers: A Modbus Exception Occurred - See Response Body
[2024-12-10T05:17:55.000Z] Error reading register 6507 for IP 10.30.4.128: A Modbus Exception Occurred - See Response Body
[2024-12-10T05:17:55.001Z] Error reading actual data: A Modbus Exception Occurred - See Response Body
[2024-12-10T05:17:55.001Z] Error writing to Modbus register: A Modbus Exception Occurred - See Response Body
[2024-12-10T05:17:56.013Z] Error reading or processing Modbus registers: A Modbus Exception Occurred - See Response Body
[2024-12-10T05:17:56.015Z] Error reading register 6507 for IP 10.30.4.128: A Modbus Exception Occurred - See Response Body
[2024-12-10T05:17:56.015Z] Error reading actual data: A Modbus Exception Occurred - See Response Body
[2024-12-10T05:17:56.016Z] Error writing to Modbus register: A Modbus Exception Occurred - See Response Body
[2024-12-10T05:17:57.028Z] Error reading or processing Modbus registers: A Modbus Exception Occurred - See Response Body
[2024-12-10T05:17:57.030Z] Error reading register 6507 for IP 10.30.4.128: A Modbus Exception Occurred - See Response Body
[2024-12-10T05:17:57.030Z] Error reading actual data: A Modbus Exception Occurred - See Response Body
[2024-12-10T05:17:57.031Z] Error writing to Modbus register: A Modbus Exception Occurred - See Response Body
[2024-12-10T05:17:58.027Z] Error reading or processing Modbus registers: A Modbus Exception Occurred - See Response Body
[2024-12-10T05:17:58.030Z] Error reading register 6507 for IP 10.30.4.128: A Modbus Exception Occurred - See Response Body
[2024-12-10T05:17:58.031Z] Error reading actual data: A Modbus Exception Occurred - See Response Body
[2024-12-10T05:17:58.031Z] Error writing to Modbus register: A Modbus Exception Occurred - See Response Body
[2024-12-10T05:17:59.028Z] Error reading or processing Modbus registers: A Modbus Exception Occurred - See Response Body
[2024-12-10T05:17:59.030Z] Error reading register 6507 for IP 10.30.4.128: A Modbus Exception Occurred - See Response Body
[2024-12-10T05:17:59.030Z] Error reading actual data: A Modbus Exception Occurred - See Response Body
[2024-12-10T05:17:59.031Z] Error writing to Modbus register: A Modbus Exception Occurred - See Response Body
[2024-12-10T05:18:00.042Z] Error reading or processing Modbus registers: A Modbus Exception Occurred - See Response Body
[2024-12-10T05:18:00.044Z] Error reading register 6507 for IP 10.30.4.128: A Modbus Exception Occurred - See Response Body
[2024-12-10T05:18:00.045Z] Error reading actual data: A Modbus Exception Occurred - See Response Body
[2024-12-10T05:18:00.046Z] Error writing to Modbus register: A Modbus Exception Occurred - See Response Body
[2024-12-10T05:18:01.042Z] Error reading or processing Modbus registers: A Modbus Exception Occurred - See Response Body
[2024-12-10T05:18:01.045Z] Error reading register 6507 for IP 10.30.4.128: A Modbus Exception Occurred - See Response Body
[2024-12-10T05:18:01.045Z] Error reading actual data: A Modbus Exception Occurred - See Response Body
[2024-12-10T05:18:01.046Z] Error writing to Modbus register: A Modbus Exception Occurred - See Response Body
[2024-12-10T05:18:02.043Z] Error reading or processing Modbus registers: A Modbus Exception Occurred - See Response Body
[2024-12-10T05:18:02.045Z] Error reading register 6507 for IP 10.30.4.128: A Modbus Exception Occurred - See Response Body
[2024-12-10T05:18:02.046Z] Error reading actual data: A Modbus Exception Occurred - See Response Body
[2024-12-10T05:18:02.046Z] Error writing to Modbus register: A Modbus Exception Occurred - See Response Body
[2024-12-10T05:18:03.044Z] Error reading or processing Modbus registers: A Modbus Exception Occurred - See Response Body
[2024-12-10T05:18:03.046Z] Error reading register 6507 for IP 10.30.4.128: A Modbus Exception Occurred - See Response Body
[2024-12-10T05:18:03.047Z] Error reading actual data: A Modbus Exception Occurred - See Response Body
[2024-12-10T05:18:03.047Z] Error writing to Modbus register: A Modbus Exception Occurred - See Response Body
[2024-12-10T05:18:04.047Z] Error reading or processing Modbus registers: A Modbus Exception Occurred - See Response Body
[2024-12-10T05:18:04.050Z] Error reading register 6507 for IP 10.30.4.128: A Modbus Exception Occurred - See Response Body
[2024-12-10T05:18:04.051Z] Error reading actual data: A Modbus Exception Occurred - See Response Body
[2024-12-10T05:18:04.051Z] Error writing to Modbus register: A Modbus Exception Occurred - See Response Body
[2024-12-10T05:18:05.049Z] Error reading or processing Modbus registers: A Modbus Exception Occurred - See Response Body
[2024-12-10T05:18:05.051Z] Error reading register 6507 for IP 10.30.4.128: A Modbus Exception Occurred - See Response Body
[2024-12-10T05:18:05.052Z] Error reading actual data: A Modbus Exception Occurred - See Response Body
[2024-12-10T05:18:05.053Z] Error writing to Modbus register: A Modbus Exception Occurred - See Response Body
[2024-12-10T05:18:06.063Z] Error reading or processing Modbus registers: A Modbus Exception Occurred - See Response Body
[2024-12-10T05:18:06.065Z] Error reading register 6507 for IP 10.30.4.128: A Modbus Exception Occurred - See Response Body
[2024-12-10T05:18:06.066Z] Error reading actual data: A Modbus Exception Occurred - See Response Body
[2024-12-10T05:18:06.066Z] Error writing to Modbus register: A Modbus Exception Occurred - See Response Body
[2024-12-10T05:18:07.077Z] Error reading or processing Modbus registers: A Modbus Exception Occurred - See Response Body
[2024-12-10T05:18:07.079Z] Error reading register 6507 for IP 10.30.4.128: A Modbus Exception Occurred - See Response Body
[2024-12-10T05:18:07.079Z] Error reading actual data: A Modbus Exception Occurred - See Response Body
[2024-12-10T05:18:07.080Z] Error writing to Modbus register: A Modbus Exception Occurred - See Response Body
[2024-12-10T05:18:08.091Z] Error reading or processing Modbus registers: A Modbus Exception Occurred - See Response Body
[2024-12-10T05:18:08.093Z] Error reading register 6507 for IP 10.30.4.128: A Modbus Exception Occurred - See Response Body
[2024-12-10T05:18:08.094Z] Error reading actual data: A Modbus Exception Occurred - See Response Body
[2024-12-10T05:18:08.094Z] Error writing to Modbus register: A Modbus Exception Occurred - See Response Body
[2024-12-10T05:18:09.105Z] Error reading or processing Modbus registers: A Modbus Exception Occurred - See Response Body
[2024-12-10T05:18:09.107Z] Error reading register 6507 for IP 10.30.4.128: A Modbus Exception Occurred - See Response Body
[2024-12-10T05:18:09.107Z] Error reading actual data: A Modbus Exception Occurred - See Response Body
[2024-12-10T05:18:09.108Z] Error writing to Modbus register: A Modbus Exception Occurred - See Response Body
[2024-12-10T05:18:10.118Z] Error reading or processing Modbus registers: A Modbus Exception Occurred - See Response Body
[2024-12-10T05:18:10.120Z] Error reading register 6507 for IP 10.30.4.128: A Modbus Exception Occurred - See Response Body
[2024-12-10T05:18:10.121Z] Error reading actual data: A Modbus Exception Occurred - See Response Body
[2024-12-10T05:18:10.122Z] Error writing to Modbus register: A Modbus Exception Occurred - See Response Body
[2024-12-10T05:18:11.131Z] Error reading or processing Modbus registers: A Modbus Exception Occurred - See Response Body
[2024-12-10T05:18:11.133Z] Error reading register 6507 for IP 10.30.4.128: A Modbus Exception Occurred - See Response Body
[2024-12-10T05:18:11.134Z] Error reading actual data: A Modbus Exception Occurred - See Response Body
[2024-12-10T05:18:11.135Z] Error writing to Modbus register: A Modbus Exception Occurred - See Response Body
[2024-12-10T05:18:12.144Z] Error reading or processing Modbus registers: A Modbus Exception Occurred - See Response Body
[2024-12-10T05:18:12.146Z] Error reading register 6507 for IP 10.30.4.128: A Modbus Exception Occurred - See Response Body
[2024-12-10T05:18:12.146Z] Error reading actual data: A Modbus Exception Occurred - See Response Body
[2024-12-10T05:18:12.147Z] Error writing to Modbus register: A Modbus Exception Occurred - See Response Body
[2024-12-10T05:18:13.145Z] Error reading or processing Modbus registers: A Modbus Exception Occurred - See Response Body
[2024-12-10T05:18:13.147Z] Error reading register 6507 for IP 10.30.4.128: A Modbus Exception Occurred - See Response Body
[2024-12-10T05:18:13.147Z] Error reading actual data: A Modbus Exception Occurred - See Response Body
[2024-12-10T05:18:13.148Z] Error writing to Modbus register: A Modbus Exception Occurred - See Response Body
[2024-12-10T05:18:14.146Z] Error reading or processing Modbus registers: A Modbus Exception Occurred - See Response Body
[2024-12-10T05:18:14.148Z] Error reading register 6507 for IP 10.30.4.128: A Modbus Exception Occurred - See Response Body
[2024-12-10T05:18:14.148Z] Error reading actual data: A Modbus Exception Occurred - See Response Body
[2024-12-10T05:18:14.149Z] Error writing to Modbus register: A Modbus Exception Occurred - See Response Body
[2024-12-10T05:18:15.148Z] Error reading or processing Modbus registers: A Modbus Exception Occurred - See Response Body
[2024-12-10T05:18:15.149Z] Error reading register 6507 for IP 10.30.4.128: A Modbus Exception Occurred - See Response Body
[2024-12-10T05:18:15.150Z] Error reading actual data: A Modbus Exception Occurred - See Response Body
[2024-12-10T05:18:15.150Z] Error writing to Modbus register: A Modbus Exception Occurred - See Response Body
[2024-12-10T05:18:16.150Z] Error reading or processing Modbus registers: A Modbus Exception Occurred - See Response Body
[2024-12-10T05:18:16.152Z] Error reading register 6507 for IP 10.30.4.128: A Modbus Exception Occurred - See Response Body
[2024-12-10T05:18:16.152Z] Error reading actual data: A Modbus Exception Occurred - See Response Body
[2024-12-10T05:18:16.153Z] Error writing to Modbus register: A Modbus Exception Occurred - See Response Body
[2024-12-10T05:18:17.154Z] Error reading or processing Modbus registers: A Modbus Exception Occurred - See Response Body
[2024-12-10T05:18:17.157Z] Error reading register 6507 for IP 10.30.4.128: A Modbus Exception Occurred - See Response Body
[2024-12-10T05:18:17.157Z] Error reading actual data: A Modbus Exception Occurred - See Response Body
[2024-12-10T05:18:17.158Z] Error writing to Modbus register: A Modbus Exception Occurred - See Response Body
[2024-12-10T05:18:18.155Z] Error reading or processing Modbus registers: A Modbus Exception Occurred - See Response Body
[2024-12-10T05:18:18.158Z] Error reading register 6507 for IP 10.30.4.128: A Modbus Exception Occurred - See Response Body
[2024-12-10T05:18:18.158Z] Error reading actual data: A Modbus Exception Occurred - See Response Body
[2024-12-10T05:18:18.159Z] Error writing to Modbus register: A Modbus Exception Occurred - See Response Body
[2024-12-10T05:18:19.158Z] Error reading or processing Modbus registers: A Modbus Exception Occurred - See Response Body
[2024-12-10T05:18:19.161Z] Error reading register 6507 for IP 10.30.4.128: A Modbus Exception Occurred - See Response Body
[2024-12-10T05:18:19.161Z] Error reading actual data: A Modbus Exception Occurred - See Response Body
[2024-12-10T05:18:19.162Z] Error writing to Modbus register: A Modbus Exception Occurred - See Response Body
[2024-12-10T05:18:20.174Z] Error reading or processing Modbus registers: A Modbus Exception Occurred - See Response Body
[2024-12-10T05:18:20.178Z] Error reading register 6507 for IP 10.30.4.128: A Modbus Exception Occurred - See Response Body
[2024-12-10T05:18:20.178Z] Error reading actual data: A Modbus Exception Occurred - See Response Body
[2024-12-10T05:18:20.179Z] Error writing to Modbus register: A Modbus Exception Occurred - See Response Body
[2024-12-10T05:18:21.176Z] Error reading or processing Modbus registers: A Modbus Exception Occurred - See Response Body
[2024-12-10T05:18:21.177Z] Error reading register 6507 for IP 10.30.4.128: A Modbus Exception Occurred - See Response Body
[2024-12-10T05:18:21.178Z] Error reading actual data: A Modbus Exception Occurred - See Response Body
[2024-12-10T05:18:21.178Z] Error writing to Modbus register: A Modbus Exception Occurred - See Response Body
[2024-12-10T05:18:22.179Z] Error reading or processing Modbus registers: A Modbus Exception Occurred - See Response Body
[2024-12-10T05:18:22.181Z] Error reading register 6507 for IP 10.30.4.128: A Modbus Exception Occurred - See Response Body
[2024-12-10T05:18:22.182Z] Error reading actual data: A Modbus Exception Occurred - See Response Body
[2024-12-10T05:18:22.182Z] Error writing to Modbus register: A Modbus Exception Occurred - See Response Body
[2024-12-10T05:18:23.181Z] Error reading or processing Modbus registers: A Modbus Exception Occurred - See Response Body
[2024-12-10T05:18:23.184Z] Error reading register 6507 for IP 10.30.4.128: A Modbus Exception Occurred - See Response Body
[2024-12-10T05:18:23.184Z] Error reading actual data: A Modbus Exception Occurred - See Response Body
[2024-12-10T05:18:23.185Z] Error writing to Modbus register: A Modbus Exception Occurred - See Response Body
[2024-12-10T05:18:24.197Z] Error reading or processing Modbus registers: A Modbus Exception Occurred - See Response Body
[2024-12-10T05:18:24.199Z] Error reading register 6507 for IP 10.30.4.128: A Modbus Exception Occurred - See Response Body
[2024-12-10T05:18:24.200Z] Error reading actual data: A Modbus Exception Occurred - See Response Body
[2024-12-10T05:18:24.201Z] Error writing to Modbus register: A Modbus Exception Occurred - See Response Body
[2024-12-10T05:18:25.210Z] Error reading or processing Modbus registers: A Modbus Exception Occurred - See Response Body
[2024-12-10T05:18:25.212Z] Error reading register 6507 for IP 10.30.4.128: A Modbus Exception Occurred - See Response Body
[2024-12-10T05:18:25.213Z] Error reading actual data: A Modbus Exception Occurred - See Response Body
[2024-12-10T05:18:25.213Z] Error writing to Modbus register: A Modbus Exception Occurred - See Response Body
[2024-12-10T05:18:26.226Z] Error reading or processing Modbus registers: A Modbus Exception Occurred - See Response Body
[2024-12-10T05:18:26.229Z] Error reading register 6507 for IP 10.30.4.128: A Modbus Exception Occurred - See Response Body
[2024-12-10T05:18:26.229Z] Error reading actual data: A Modbus Exception Occurred - See Response Body
[2024-12-10T05:18:26.230Z] Error writing to Modbus register: A Modbus Exception Occurred - See Response Body
[2024-12-10T05:18:27.238Z] Error reading or processing Modbus registers: A Modbus Exception Occurred - See Response Body
[2024-12-10T05:18:27.240Z] Error reading register 6507 for IP 10.30.4.128: A Modbus Exception Occurred - See Response Body
[2024-12-10T05:18:27.241Z] Error reading actual data: A Modbus Exception Occurred - See Response Body
[2024-12-10T05:18:27.242Z] Error writing to Modbus register: A Modbus Exception Occurred - See Response Body
[2024-12-10T05:18:28.253Z] Error reading or processing Modbus registers: A Modbus Exception Occurred - See Response Body
[2024-12-10T05:18:28.255Z] Error reading register 6507 for IP 10.30.4.128: A Modbus Exception Occurred - See Response Body
[2024-12-10T05:18:28.256Z] Error reading actual data: A Modbus Exception Occurred - See Response Body
[2024-12-10T05:18:28.257Z] Error writing to Modbus register: A Modbus Exception Occurred - See Response Body
[2024-12-10T05:18:29.270Z] Error reading or processing Modbus registers: A Modbus Exception Occurred - See Response Body
[2024-12-10T05:18:29.272Z] Error reading register 6507 for IP 10.30.4.128: A Modbus Exception Occurred - See Response Body
[2024-12-10T05:18:29.273Z] Error reading actual data: A Modbus Exception Occurred - See Response Body
[2024-12-10T05:18:29.274Z] Error writing to Modbus register: A Modbus Exception Occurred - See Response Body
[2024-12-10T05:18:30.283Z] Error reading or processing Modbus registers: A Modbus Exception Occurred - See Response Body
[2024-12-10T05:18:30.285Z] Error reading register 6507 for IP 10.30.4.128: A Modbus Exception Occurred - See Response Body
[2024-12-10T05:18:30.286Z] Error reading actual data: A Modbus Exception Occurred - See Response Body
[2024-12-10T05:18:30.287Z] Error writing to Modbus register: A Modbus Exception Occurred - See Response Body
[2024-12-10T05:18:31.294Z] Error reading or processing Modbus registers: A Modbus Exception Occurred - See Response Body
[2024-12-10T05:18:31.296Z] Error reading register 6507 for IP 10.30.4.128: A Modbus Exception Occurred - See Response Body
[2024-12-10T05:18:31.297Z] Error reading actual data: A Modbus Exception Occurred - See Response Body
[2024-12-10T05:18:31.298Z] Error writing to Modbus register: A Modbus Exception Occurred - See Response Body
[2024-12-10T05:18:32.302Z] Error reading or processing Modbus registers: A Modbus Exception Occurred - See Response Body
[2024-12-10T05:18:32.305Z] Error reading register 6507 for IP 10.30.4.128: A Modbus Exception Occurred - See Response Body
[2024-12-10T05:18:32.305Z] Error reading actual data: A Modbus Exception Occurred - See Response Body
[2024-12-10T05:18:32.306Z] Error writing to Modbus register: A Modbus Exception Occurred - See Response Body
[2024-12-10T05:18:33.306Z] Error reading or processing Modbus registers: A Modbus Exception Occurred - See Response Body
[2024-12-10T05:18:33.310Z] Error reading register 6507 for IP 10.30.4.128: A Modbus Exception Occurred - See Response Body
[2024-12-10T05:18:33.311Z] Error reading actual data: A Modbus Exception Occurred - See Response Body
[2024-12-10T05:18:33.311Z] Error writing to Modbus register: A Modbus Exception Occurred - See Response Body
[2024-12-10T05:18:34.313Z] Error reading or processing Modbus registers: A Modbus Exception Occurred - See Response Body
[2024-12-10T05:18:34.315Z] Error reading register 6507 for IP 10.30.4.128: A Modbus Exception Occurred - See Response Body
[2024-12-10T05:18:34.315Z] Error reading actual data: A Modbus Exception Occurred - See Response Body
[2024-12-10T05:18:34.316Z] Error writing to Modbus register: A Modbus Exception Occurred - See Response Body
[2024-12-10T05:18:35.328Z] Error reading or processing Modbus registers: A Modbus Exception Occurred - See Response Body
[2024-12-10T05:18:35.330Z] Error reading register 6507 for IP 10.30.4.128: A Modbus Exception Occurred - See Response Body
[2024-12-10T05:18:35.330Z] Error reading actual data: A Modbus Exception Occurred - See Response Body
[2024-12-10T05:18:35.331Z] Error writing to Modbus register: A Modbus Exception Occurred - See Response Body
[2024-12-10T05:18:36.328Z] Error reading or processing Modbus registers: A Modbus Exception Occurred - See Response Body
[2024-12-10T05:18:36.330Z] Error reading register 6507 for IP 10.30.4.128: A Modbus Exception Occurred - See Response Body
[2024-12-10T05:18:36.331Z] Error reading actual data: A Modbus Exception Occurred - See Response Body
[2024-12-10T05:18:36.331Z] Error writing to Modbus register: A Modbus Exception Occurred - See Response Body
[2024-12-10T05:18:37.328Z] Error reading or processing Modbus registers: A Modbus Exception Occurred - See Response Body
[2024-12-10T05:18:37.330Z] Error reading register 6507 for IP 10.30.4.128: A Modbus Exception Occurred - See Response Body
[2024-12-10T05:18:37.330Z] Error reading actual data: A Modbus Exception Occurred - See Response Body
[2024-12-10T05:18:37.331Z] Error writing to Modbus register: A Modbus Exception Occurred - See Response Body
[2024-12-10T05:18:38.329Z] Error reading or processing Modbus registers: A Modbus Exception Occurred - See Response Body
[2024-12-10T05:18:38.331Z] Error reading register 6507 for IP 10.30.4.128: A Modbus Exception Occurred - See Response Body
[2024-12-10T05:18:38.332Z] Error reading actual data: A Modbus Exception Occurred - See Response Body
[2024-12-10T05:18:38.332Z] Error writing to Modbus register: A Modbus Exception Occurred - See Response Body
[2024-12-10T05:18:39.344Z] Error reading or processing Modbus registers: A Modbus Exception Occurred - See Response Body
[2024-12-10T05:18:39.346Z] Error reading register 6507 for IP 10.30.4.128: A Modbus Exception Occurred - See Response Body
[2024-12-10T05:18:39.346Z] Error reading actual data: A Modbus Exception Occurred - See Response Body
[2024-12-10T05:18:39.347Z] Error writing to Modbus register: A Modbus Exception Occurred - See Response Body
[2024-12-10T05:18:40.349Z] Error reading or processing Modbus registers: A Modbus Exception Occurred - See Response Body
[2024-12-10T05:18:40.350Z] Error reading register 6507 for IP 10.30.4.128: A Modbus Exception Occurred - See Response Body
[2024-12-10T05:18:40.351Z] Error reading actual data: A Modbus Exception Occurred - See Response Body
[2024-12-10T05:18:40.351Z] Error writing to Modbus register: A Modbus Exception Occurred - See Response Body
[2024-12-10T05:18:41.354Z] Error reading or processing Modbus registers: A Modbus Exception Occurred - See Response Body
[2024-12-10T05:18:41.356Z] Error reading register 6507 for IP 10.30.4.128: A Modbus Exception Occurred - See Response Body
[2024-12-10T05:18:41.356Z] Error reading actual data: A Modbus Exception Occurred - See Response Body
[2024-12-10T05:18:41.357Z] Error writing to Modbus register: A Modbus Exception Occurred - See Response Body
[2024-12-10T05:18:42.354Z] Error reading or processing Modbus registers: A Modbus Exception Occurred - See Response Body
[2024-12-10T05:18:42.356Z] Error reading register 6507 for IP 10.30.4.128: A Modbus Exception Occurred - See Response Body
[2024-12-10T05:18:42.357Z] Error reading actual data: A Modbus Exception Occurred - See Response Body
[2024-12-10T05:18:42.357Z] Error writing to Modbus register: A Modbus Exception Occurred - See Response Body
[2024-12-10T05:18:43.355Z] Error reading or processing Modbus registers: A Modbus Exception Occurred - See Response Body
[2024-12-10T05:18:43.358Z] Error reading register 6507 for IP 10.30.4.128: A Modbus Exception Occurred - See Response Body
[2024-12-10T05:18:43.358Z] Error reading actual data: A Modbus Exception Occurred - See Response Body
[2024-12-10T05:18:43.359Z] Error writing to Modbus register: A Modbus Exception Occurred - See Response Body
[2024-12-10T05:18:44.358Z] Error reading or processing Modbus registers: A Modbus Exception Occurred - See Response Body
[2024-12-10T05:18:44.361Z] Error reading register 6507 for IP 10.30.4.128: A Modbus Exception Occurred - See Response Body
[2024-12-10T05:18:44.361Z] Error reading actual data: A Modbus Exception Occurred - See Response Body
[2024-12-10T05:18:44.362Z] Error writing to Modbus register: A Modbus Exception Occurred - See Response Body
[2024-12-10T05:18:45.361Z] Error reading or processing Modbus registers: A Modbus Exception Occurred - See Response Body
[2024-12-10T05:18:45.363Z] Error reading register 6507 for IP 10.30.4.128: A Modbus Exception Occurred - See Response Body
[2024-12-10T05:18:45.363Z] Error reading actual data: A Modbus Exception Occurred - See Response Body
[2024-12-10T05:18:45.364Z] Error writing to Modbus register: A Modbus Exception Occurred - See Response Body
[2024-12-10T05:18:46.374Z] Error reading or processing Modbus registers: A Modbus Exception Occurred - See Response Body
[2024-12-10T05:18:46.376Z] Error reading register 6507 for IP 10.30.4.128: A Modbus Exception Occurred - See Response Body
[2024-12-10T05:18:46.377Z] Error reading actual data: A Modbus Exception Occurred - See Response Body
[2024-12-10T05:18:46.377Z] Error writing to Modbus register: A Modbus Exception Occurred - See Response Body
[2024-12-10T05:18:47.387Z] Error reading or processing Modbus registers: A Modbus Exception Occurred - See Response Body
[2024-12-10T05:18:47.391Z] Error reading register 6507 for IP 10.30.4.128: A Modbus Exception Occurred - See Response Body
[2024-12-10T05:18:47.392Z] Error reading actual data: A Modbus Exception Occurred - See Response Body
[2024-12-10T05:18:47.392Z] Error writing to Modbus register: A Modbus Exception Occurred - See Response Body
[2024-12-10T05:18:48.402Z] Error reading or processing Modbus registers: A Modbus Exception Occurred - See Response Body
[2024-12-10T05:18:48.404Z] Error reading register 6507 for IP 10.30.4.128: A Modbus Exception Occurred - See Response Body
[2024-12-10T05:18:48.405Z] Error reading actual data: A Modbus Exception Occurred - See Response Body
[2024-12-10T05:18:48.405Z] Error writing to Modbus register: A Modbus Exception Occurred - See Response Body
[2024-12-10T05:18:49.416Z] Error reading or processing Modbus registers: A Modbus Exception Occurred - See Response Body
[2024-12-10T05:18:49.419Z] Error reading register 6507 for IP 10.30.4.128: A Modbus Exception Occurred - See Response Body
[2024-12-10T05:18:49.419Z] Error reading actual data: A Modbus Exception Occurred - See Response Body
[2024-12-10T05:18:49.420Z] Error writing to Modbus register: A Modbus Exception Occurred - See Response Body
[2024-12-10T05:18:50.429Z] Error reading or processing Modbus registers: A Modbus Exception Occurred - See Response Body
[2024-12-10T05:18:50.432Z] Error reading register 6507 for IP 10.30.4.128: A Modbus Exception Occurred - See Response Body
[2024-12-10T05:18:50.432Z] Error reading actual data: A Modbus Exception Occurred - See Response Body
[2024-12-10T05:18:50.433Z] Error writing to Modbus register: A Modbus Exception Occurred - See Response Body
[2024-12-10T05:18:51.442Z] Error reading or processing Modbus registers: A Modbus Exception Occurred - See Response Body
[2024-12-10T05:18:51.444Z] Error reading register 6507 for IP 10.30.4.128: A Modbus Exception Occurred - See Response Body
[2024-12-10T05:18:51.445Z] Error reading actual data: A Modbus Exception Occurred - See Response Body
[2024-12-10T05:18:51.445Z] Error writing to Modbus register: A Modbus Exception Occurred - See Response Body
[2024-12-10T05:18:52.443Z] Error reading or processing Modbus registers: A Modbus Exception Occurred - See Response Body
[2024-12-10T05:18:52.446Z] Error reading register 6507 for IP 10.30.4.128: A Modbus Exception Occurred - See Response Body
[2024-12-10T05:18:52.446Z] Error reading actual data: A Modbus Exception Occurred - See Response Body
[2024-12-10T05:18:52.447Z] Error writing to Modbus register: A Modbus Exception Occurred - See Response Body
[2024-12-10T05:18:53.456Z] Error reading or processing Modbus registers: A Modbus Exception Occurred - See Response Body
[2024-12-10T05:18:53.458Z] Error reading register 6507 for IP 10.30.4.128: A Modbus Exception Occurred - See Response Body
[2024-12-10T05:18:53.459Z] Error reading actual data: A Modbus Exception Occurred - See Response Body
[2024-12-10T05:18:53.460Z] Error writing to Modbus register: A Modbus Exception Occurred - See Response Body
[2024-12-10T05:18:54.464Z] Error reading or processing Modbus registers: A Modbus Exception Occurred - See Response Body
[2024-12-10T05:18:54.467Z] Error reading register 6507 for IP 10.30.4.128: A Modbus Exception Occurred - See Response Body
[2024-12-10T05:18:54.468Z] Error reading actual data: A Modbus Exception Occurred - See Response Body
[2024-12-10T05:18:54.468Z] Error writing to Modbus register: A Modbus Exception Occurred - See Response Body
[2024-12-10T05:18:55.467Z] Error reading or processing Modbus registers: A Modbus Exception Occurred - See Response Body
[2024-12-10T05:18:55.469Z] Error reading register 6507 for IP 10.30.4.128: A Modbus Exception Occurred - See Response Body
[2024-12-10T05:18:55.470Z] Error reading actual data: A Modbus Exception Occurred - See Response Body
[2024-12-10T05:18:55.471Z] Error writing to Modbus register: A Modbus Exception Occurred - See Response Body
[2024-12-10T05:18:56.480Z] Error reading or processing Modbus registers: A Modbus Exception Occurred - See Response Body
[2024-12-10T05:18:56.483Z] Error reading register 6507 for IP 10.30.4.128: A Modbus Exception Occurred - See Response Body
[2024-12-10T05:18:56.483Z] Error reading actual data: A Modbus Exception Occurred - See Response Body
[2024-12-10T05:18:56.484Z] Error writing to Modbus register: A Modbus Exception Occurred - See Response Body
[2024-12-10T05:18:57.495Z] Error reading or processing Modbus registers: A Modbus Exception Occurred - See Response Body
[2024-12-10T05:18:57.497Z] Error reading register 6507 for IP 10.30.4.128: A Modbus Exception Occurred - See Response Body
[2024-12-10T05:18:57.498Z] Error reading actual data: A Modbus Exception Occurred - See Response Body
[2024-12-10T05:18:57.499Z] Error writing to Modbus register: A Modbus Exception Occurred - See Response Body
[2024-12-10T05:18:58.497Z] Error reading or processing Modbus registers: A Modbus Exception Occurred - See Response Body
[2024-12-10T05:18:58.499Z] Error reading register 6507 for IP 10.30.4.128: A Modbus Exception Occurred - See Response Body
[2024-12-10T05:18:58.500Z] Error reading actual data: A Modbus Exception Occurred - See Response Body
[2024-12-10T05:18:58.500Z] Error writing to Modbus register: A Modbus Exception Occurred - See Response Body
[2024-12-10T05:18:59.511Z] Error reading or processing Modbus registers: A Modbus Exception Occurred - See Response Body
[2024-12-10T05:18:59.513Z] Error reading register 6507 for IP 10.30.4.128: A Modbus Exception Occurred - See Response Body
[2024-12-10T05:18:59.513Z] Error reading actual data: A Modbus Exception Occurred - See Response Body
[2024-12-10T05:18:59.514Z] Error writing to Modbus register: A Modbus Exception Occurred - See Response Body
[2024-12-10T05:19:00.512Z] Error reading or processing Modbus registers: A Modbus Exception Occurred - See Response Body
[2024-12-10T05:19:00.514Z] Error reading register 6507 for IP 10.30.4.128: A Modbus Exception Occurred - See Response Body
[2024-12-10T05:19:00.515Z] Error reading actual data: A Modbus Exception Occurred - See Response Body
[2024-12-10T05:19:00.516Z] Error writing to Modbus register: A Modbus Exception Occurred - See Response Body
[2024-12-10T05:19:01.522Z] Error reading or processing Modbus registers: A Modbus Exception Occurred - See Response Body
[2024-12-10T05:19:01.524Z] Error reading register 6507 for IP 10.30.4.128: A Modbus Exception Occurred - See Response Body
[2024-12-10T05:19:01.525Z] Error reading actual data: A Modbus Exception Occurred - See Response Body
[2024-12-10T05:19:01.526Z] Error writing to Modbus register: A Modbus Exception Occurred - See Response Body
[2024-12-10T05:19:02.524Z] Error reading or processing Modbus registers: A Modbus Exception Occurred - See Response Body
[2024-12-10T05:19:02.527Z] Error reading register 6507 for IP 10.30.4.128: A Modbus Exception Occurred - See Response Body
[2024-12-10T05:19:02.527Z] Error reading actual data: A Modbus Exception Occurred - See Response Body
[2024-12-10T05:19:02.528Z] Error writing to Modbus register: A Modbus Exception Occurred - See Response Body
[2024-12-10T05:19:03.525Z] Error reading or processing Modbus registers: A Modbus Exception Occurred - See Response Body
[2024-12-10T05:19:03.527Z] Error reading register 6507 for IP 10.30.4.128: A Modbus Exception Occurred - See Response Body
[2024-12-10T05:19:03.528Z] Error reading actual data: A Modbus Exception Occurred - See Response Body
[2024-12-10T05:19:03.529Z] Error writing to Modbus register: A Modbus Exception Occurred - See Response Body
[2024-12-10T05:19:04.527Z] Error reading or processing Modbus registers: A Modbus Exception Occurred - See Response Body
[2024-12-10T05:19:04.530Z] Error reading register 6507 for IP 10.30.4.128: A Modbus Exception Occurred - See Response Body
[2024-12-10T05:19:04.530Z] Error reading actual data: A Modbus Exception Occurred - See Response Body
[2024-12-10T05:19:04.531Z] Error writing to Modbus register: A Modbus Exception Occurred - See Response Body
[2024-12-10T05:19:05.529Z] Error reading or processing Modbus registers: A Modbus Exception Occurred - See Response Body
[2024-12-10T05:19:05.531Z] Error reading register 6507 for IP 10.30.4.128: A Modbus Exception Occurred - See Response Body
[2024-12-10T05:19:05.532Z] Error reading actual data: A Modbus Exception Occurred - See Response Body
[2024-12-10T05:19:05.533Z] Error writing to Modbus register: A Modbus Exception Occurred - See Response Body
[2024-12-10T05:19:06.529Z] Error reading or processing Modbus registers: A Modbus Exception Occurred - See Response Body
[2024-12-10T05:19:06.532Z] Error reading register 6507 for IP 10.30.4.128: A Modbus Exception Occurred - See Response Body
[2024-12-10T05:19:06.532Z] Error reading actual data: A Modbus Exception Occurred - See Response Body
[2024-12-10T05:19:06.533Z] Error writing to Modbus register: A Modbus Exception Occurred - See Response Body
[2024-12-10T05:19:07.531Z] Error reading or processing Modbus registers: A Modbus Exception Occurred - See Response Body
[2024-12-10T05:19:07.533Z] Error reading register 6507 for IP 10.30.4.128: A Modbus Exception Occurred - See Response Body
[2024-12-10T05:19:07.534Z] Error reading actual data: A Modbus Exception Occurred - See Response Body
[2024-12-10T05:19:07.534Z] Error writing to Modbus register: A Modbus Exception Occurred - See Response Body
[2024-12-10T05:19:08.534Z] Error reading or processing Modbus registers: A Modbus Exception Occurred - See Response Body
[2024-12-10T05:19:08.536Z] Error reading register 6507 for IP 10.30.4.128: A Modbus Exception Occurred - See Response Body
[2024-12-10T05:19:08.537Z] Error reading actual data: A Modbus Exception Occurred - See Response Body
[2024-12-10T05:19:08.540Z] Error writing to Modbus register: A Modbus Exception Occurred - See Response Body
[2024-12-10T05:19:09.537Z] Error reading or processing Modbus registers: A Modbus Exception Occurred - See Response Body
[2024-12-10T05:19:09.539Z] Error reading register 6507 for IP 10.30.4.128: A Modbus Exception Occurred - See Response Body
[2024-12-10T05:19:09.539Z] Error reading actual data: A Modbus Exception Occurred - See Response Body
[2024-12-10T05:19:09.539Z] Error writing to Modbus register: A Modbus Exception Occurred - See Response Body
[2024-12-10T05:19:10.548Z] Error reading or processing Modbus registers: A Modbus Exception Occurred - See Response Body
[2024-12-10T05:19:10.549Z] Error reading register 6507 for IP 10.30.4.128: A Modbus Exception Occurred - See Response Body
[2024-12-10T05:19:10.550Z] Error reading actual data: A Modbus Exception Occurred - See Response Body
[2024-12-10T05:19:10.551Z] Error writing to Modbus register: A Modbus Exception Occurred - See Response Body
[2024-12-10T05:19:11.561Z] Error reading or processing Modbus registers: A Modbus Exception Occurred - See Response Body
[2024-12-10T05:19:11.563Z] Error reading register 6507 for IP 10.30.4.128: A Modbus Exception Occurred - See Response Body
[2024-12-10T05:19:11.564Z] Error reading actual data: A Modbus Exception Occurred - See Response Body
[2024-12-10T05:19:11.564Z] Error writing to Modbus register: A Modbus Exception Occurred - See Response Body
[2024-12-10T05:19:12.574Z] Error reading or processing Modbus registers: A Modbus Exception Occurred - See Response Body
[2024-12-10T05:19:12.576Z] Error reading register 6507 for IP 10.30.4.128: A Modbus Exception Occurred - See Response Body
[2024-12-10T05:19:12.577Z] Error reading actual data: A Modbus Exception Occurred - See Response Body
[2024-12-10T05:19:12.577Z] Error writing to Modbus register: A Modbus Exception Occurred - See Response Body
[2024-12-10T05:19:13.574Z] Error reading or processing Modbus registers: A Modbus Exception Occurred - See Response Body
[2024-12-10T05:19:13.576Z] Error reading register 6507 for IP 10.30.4.128: A Modbus Exception Occurred - See Response Body
[2024-12-10T05:19:13.577Z] Error reading actual data: A Modbus Exception Occurred - See Response Body
[2024-12-10T05:19:13.577Z] Error writing to Modbus register: A Modbus Exception Occurred - See Response Body
[2024-12-10T05:19:14.579Z] Error reading or processing Modbus registers: A Modbus Exception Occurred - See Response Body
[2024-12-10T05:19:14.580Z] Error reading register 6507 for IP 10.30.4.128: A Modbus Exception Occurred - See Response Body
[2024-12-10T05:19:14.581Z] Error reading actual data: A Modbus Exception Occurred - See Response Body
[2024-12-10T05:19:14.582Z] Error writing to Modbus register: A Modbus Exception Occurred - See Response Body
[2024-12-10T05:19:15.580Z] Error reading or processing Modbus registers: A Modbus Exception Occurred - See Response Body
[2024-12-10T05:19:15.582Z] Error reading register 6507 for IP 10.30.4.128: A Modbus Exception Occurred - See Response Body
[2024-12-10T05:19:15.583Z] Error reading actual data: A Modbus Exception Occurred - See Response Body
[2024-12-10T05:19:15.583Z] Error writing to Modbus register: A Modbus Exception Occurred - See Response Body
[2024-12-10T05:19:16.581Z] Error reading or processing Modbus registers: A Modbus Exception Occurred - See Response Body
[2024-12-10T05:19:16.584Z] Error reading register 6507 for IP 10.30.4.128: A Modbus Exception Occurred - See Response Body
[2024-12-10T05:19:16.584Z] Error reading actual data: A Modbus Exception Occurred - See Response Body
[2024-12-10T05:19:16.585Z] Error writing to Modbus register: A Modbus Exception Occurred - See Response Body
[2024-12-10T05:19:17.581Z] Error reading or processing Modbus registers: A Modbus Exception Occurred - See Response Body
[2024-12-10T05:19:17.584Z] Error reading register 6507 for IP 10.30.4.128: A Modbus Exception Occurred - See Response Body
[2024-12-10T05:19:17.584Z] Error reading actual data: A Modbus Exception Occurred - See Response Body
[2024-12-10T05:19:17.585Z] Error writing to Modbus register: A Modbus Exception Occurred - See Response Body
[2024-12-10T05:19:18.584Z] Error reading or processing Modbus registers: A Modbus Exception Occurred - See Response Body
[2024-12-10T05:19:18.586Z] Error reading register 6507 for IP 10.30.4.128: A Modbus Exception Occurred - See Response Body
[2024-12-10T05:19:18.586Z] Error reading actual data: A Modbus Exception Occurred - See Response Body
[2024-12-10T05:19:18.587Z] Error writing to Modbus register: A Modbus Exception Occurred - See Response Body
[2024-12-10T05:19:19.585Z] Error reading or processing Modbus registers: A Modbus Exception Occurred - See Response Body
[2024-12-10T05:19:19.586Z] Error reading register 6507 for IP 10.30.4.128: A Modbus Exception Occurred - See Response Body
[2024-12-10T05:19:19.587Z] Error reading actual data: A Modbus Exception Occurred - See Response Body
[2024-12-10T05:19:19.587Z] Error writing to Modbus register: A Modbus Exception Occurred - See Response Body
[2024-12-10T05:19:20.589Z] Error reading or processing Modbus registers: A Modbus Exception Occurred - See Response Body
[2024-12-10T05:19:20.591Z] Error reading register 6507 for IP 10.30.4.128: A Modbus Exception Occurred - See Response Body
[2024-12-10T05:19:20.592Z] Error reading actual data: A Modbus Exception Occurred - See Response Body
[2024-12-10T05:19:20.592Z] Error writing to Modbus register: A Modbus Exception Occurred - See Response Body
[2024-12-10T05:19:21.603Z] Error reading or processing Modbus registers: A Modbus Exception Occurred - See Response Body
[2024-12-10T05:19:21.605Z] Error reading register 6507 for IP 10.30.4.128: A Modbus Exception Occurred - See Response Body
[2024-12-10T05:19:21.606Z] Error reading actual data: A Modbus Exception Occurred - See Response Body
[2024-12-10T05:19:21.606Z] Error writing to Modbus register: A Modbus Exception Occurred - See Response Body
[2024-12-10T05:19:22.604Z] Error reading or processing Modbus registers: A Modbus Exception Occurred - See Response Body
[2024-12-10T05:19:22.606Z] Error reading register 6507 for IP 10.30.4.128: A Modbus Exception Occurred - See Response Body
[2024-12-10T05:19:22.607Z] Error reading actual data: A Modbus Exception Occurred - See Response Body
[2024-12-10T05:19:22.607Z] Error writing to Modbus register: A Modbus Exception Occurred - See Response Body
[2024-12-10T05:19:23.604Z] Error reading or processing Modbus registers: A Modbus Exception Occurred - See Response Body
[2024-12-10T05:19:23.607Z] Error reading register 6507 for IP 10.30.4.128: A Modbus Exception Occurred - See Response Body
[2024-12-10T05:19:23.607Z] Error reading actual data: A Modbus Exception Occurred - See Response Body
[2024-12-10T05:19:23.608Z] Error writing to Modbus register: A Modbus Exception Occurred - See Response Body
[2024-12-10T05:19:24.617Z] Error reading or processing Modbus registers: A Modbus Exception Occurred - See Response Body
[2024-12-10T05:19:24.618Z] Error reading register 6507 for IP 10.30.4.128: A Modbus Exception Occurred - See Response Body
[2024-12-10T05:19:24.619Z] Error reading actual data: A Modbus Exception Occurred - See Response Body
[2024-12-10T05:19:24.619Z] Error writing to Modbus register: A Modbus Exception Occurred - See Response Body
[2024-12-10T05:19:25.632Z] Error reading or processing Modbus registers: A Modbus Exception Occurred - See Response Body
[2024-12-10T05:19:25.634Z] Error reading register 6507 for IP 10.30.4.128: A Modbus Exception Occurred - See Response Body
[2024-12-10T05:19:25.634Z] Error reading actual data: A Modbus Exception Occurred - See Response Body
[2024-12-10T05:19:25.635Z] Error writing to Modbus register: A Modbus Exception Occurred - See Response Body
[2024-12-10T05:19:26.646Z] Error reading or processing Modbus registers: A Modbus Exception Occurred - See Response Body
[2024-12-10T05:19:26.648Z] Error reading register 6507 for IP 10.30.4.128: A Modbus Exception Occurred - See Response Body
[2024-12-10T05:19:26.648Z] Error reading actual data: A Modbus Exception Occurred - See Response Body
[2024-12-10T05:19:26.649Z] Error writing to Modbus register: A Modbus Exception Occurred - See Response Body
[2024-12-10T05:19:27.646Z] Error reading or processing Modbus registers: A Modbus Exception Occurred - See Response Body
[2024-12-10T05:19:27.648Z] Error reading register 6507 for IP 10.30.4.128: A Modbus Exception Occurred - See Response Body
[2024-12-10T05:19:27.649Z] Error reading actual data: A Modbus Exception Occurred - See Response Body
[2024-12-10T05:19:27.650Z] Error writing to Modbus register: A Modbus Exception Occurred - See Response Body
[2024-12-10T05:19:28.660Z] Error reading or processing Modbus registers: A Modbus Exception Occurred - See Response Body
[2024-12-10T05:19:28.662Z] Error reading register 6507 for IP 10.30.4.128: A Modbus Exception Occurred - See Response Body
[2024-12-10T05:19:28.663Z] Error reading actual data: A Modbus Exception Occurred - See Response Body
[2024-12-10T05:19:28.663Z] Error writing to Modbus register: A Modbus Exception Occurred - See Response Body
[2024-12-10T05:19:29.675Z] Error reading or processing Modbus registers: A Modbus Exception Occurred - See Response Body
[2024-12-10T05:19:29.678Z] Error reading register 6507 for IP 10.30.4.128: A Modbus Exception Occurred - See Response Body
[2024-12-10T05:19:29.678Z] Error reading actual data: A Modbus Exception Occurred - See Response Body
[2024-12-10T05:19:29.679Z] Error writing to Modbus register: A Modbus Exception Occurred - See Response Body
[2024-12-10T05:19:30.690Z] Error reading or processing Modbus registers: A Modbus Exception Occurred - See Response Body
[2024-12-10T05:19:30.692Z] Error reading register 6507 for IP 10.30.4.128: A Modbus Exception Occurred - See Response Body
[2024-12-10T05:19:30.692Z] Error reading actual data: A Modbus Exception Occurred - See Response Body
[2024-12-10T05:19:30.693Z] Error writing to Modbus register: A Modbus Exception Occurred - See Response Body
[2024-12-10T05:19:31.702Z] Error reading or processing Modbus registers: A Modbus Exception Occurred - See Response Body
[2024-12-10T05:19:31.704Z] Error reading register 6507 for IP 10.30.4.128: A Modbus Exception Occurred - See Response Body
[2024-12-10T05:19:31.705Z] Error reading actual data: A Modbus Exception Occurred - See Response Body
[2024-12-10T05:19:31.705Z] Error writing to Modbus register: A Modbus Exception Occurred - See Response Body
[2024-12-10T05:19:32.705Z] Error reading or processing Modbus registers: A Modbus Exception Occurred - See Response Body
[2024-12-10T05:19:32.708Z] Error reading register 6507 for IP 10.30.4.128: A Modbus Exception Occurred - See Response Body
[2024-12-10T05:19:32.708Z] Error reading actual data: A Modbus Exception Occurred - See Response Body
[2024-12-10T05:19:32.709Z] Error writing to Modbus register: A Modbus Exception Occurred - See Response Body
[2024-12-10T05:19:33.708Z] Error reading or processing Modbus registers: A Modbus Exception Occurred - See Response Body
[2024-12-10T05:19:33.710Z] Error reading register 6507 for IP 10.30.4.128: A Modbus Exception Occurred - See Response Body
[2024-12-10T05:19:33.710Z] Error reading actual data: A Modbus Exception Occurred - See Response Body
[2024-12-10T05:19:33.711Z] Error writing to Modbus register: A Modbus Exception Occurred - See Response Body
[2024-12-10T05:19:34.714Z] Error reading or processing Modbus registers: A Modbus Exception Occurred - See Response Body
[2024-12-10T05:19:34.716Z] Error reading register 6507 for IP 10.30.4.128: A Modbus Exception Occurred - See Response Body
[2024-12-10T05:19:34.717Z] Error reading actual data: A Modbus Exception Occurred - See Response Body
[2024-12-10T05:19:34.717Z] Error writing to Modbus register: A Modbus Exception Occurred - See Response Body
[2024-12-10T05:19:35.718Z] Error reading or processing Modbus registers: A Modbus Exception Occurred - See Response Body
[2024-12-10T05:19:35.720Z] Error reading register 6507 for IP 10.30.4.128: A Modbus Exception Occurred - See Response Body
[2024-12-10T05:19:35.720Z] Error reading actual data: A Modbus Exception Occurred - See Response Body
[2024-12-10T05:19:35.721Z] Error writing to Modbus register: A Modbus Exception Occurred - See Response Body
[2024-12-10T05:19:36.718Z] Error reading or processing Modbus registers: A Modbus Exception Occurred - See Response Body
[2024-12-10T05:19:36.720Z] Error reading register 6507 for IP 10.30.4.128: A Modbus Exception Occurred - See Response Body
[2024-12-10T05:19:36.721Z] Error reading actual data: A Modbus Exception Occurred - See Response Body
[2024-12-10T05:19:36.721Z] Error writing to Modbus register: A Modbus Exception Occurred - See Response Body
[2024-12-10T05:19:37.723Z] Error reading or processing Modbus registers: A Modbus Exception Occurred - See Response Body
[2024-12-10T05:19:37.725Z] Error reading register 6507 for IP 10.30.4.128: A Modbus Exception Occurred - See Response Body
[2024-12-10T05:19:37.726Z] Error reading actual data: A Modbus Exception Occurred - See Response Body
[2024-12-10T05:19:37.727Z] Error writing to Modbus register: A Modbus Exception Occurred - See Response Body
[2024-12-10T05:19:38.737Z] Error reading or processing Modbus registers: A Modbus Exception Occurred - See Response Body
[2024-12-10T05:19:38.739Z] Error reading register 6507 for IP 10.30.4.128: A Modbus Exception Occurred - See Response Body
[2024-12-10T05:19:38.740Z] Error reading actual data: A Modbus Exception Occurred - See Response Body
[2024-12-10T05:19:38.740Z] Error writing to Modbus register: A Modbus Exception Occurred - See Response Body
[2024-12-10T05:19:39.738Z] Error reading or processing Modbus registers: A Modbus Exception Occurred - See Response Body
[2024-12-10T05:19:39.740Z] Error reading register 6507 for IP 10.30.4.128: A Modbus Exception Occurred - See Response Body
[2024-12-10T05:19:39.740Z] Error reading actual data: A Modbus Exception Occurred - See Response Body
[2024-12-10T05:19:39.741Z] Error writing to Modbus register: A Modbus Exception Occurred - See Response Body
[2024-12-10T05:19:40.752Z] Error reading or processing Modbus registers: A Modbus Exception Occurred - See Response Body
[2024-12-10T05:19:40.755Z] Error reading register 6507 for IP 10.30.4.128: A Modbus Exception Occurred - See Response Body
[2024-12-10T05:19:40.755Z] Error reading actual data: A Modbus Exception Occurred - See Response Body
[2024-12-10T05:19:40.757Z] Error writing to Modbus register: A Modbus Exception Occurred - See Response Body
[2024-12-10T05:19:41.766Z] Error reading or processing Modbus registers: A Modbus Exception Occurred - See Response Body
[2024-12-10T05:19:41.768Z] Error reading register 6507 for IP 10.30.4.128: A Modbus Exception Occurred - See Response Body
[2024-12-10T05:19:41.769Z] Error reading actual data: A Modbus Exception Occurred - See Response Body
[2024-12-10T05:19:41.769Z] Error writing to Modbus register: A Modbus Exception Occurred - See Response Body
[2024-12-10T05:19:42.770Z] Error reading or processing Modbus registers: A Modbus Exception Occurred - See Response Body
[2024-12-10T05:19:42.772Z] Error reading register 6507 for IP 10.30.4.128: A Modbus Exception Occurred - See Response Body
[2024-12-10T05:19:42.773Z] Error reading actual data: A Modbus Exception Occurred - See Response Body
[2024-12-10T05:19:42.774Z] Error writing to Modbus register: A Modbus Exception Occurred - See Response Body
[2024-12-10T05:19:43.784Z] Error reading or processing Modbus registers: A Modbus Exception Occurred - See Response Body
[2024-12-10T05:19:43.787Z] Error reading register 6507 for IP 10.30.4.128: A Modbus Exception Occurred - See Response Body
[2024-12-10T05:19:43.787Z] Error reading actual data: A Modbus Exception Occurred - See Response Body
[2024-12-10T05:19:43.788Z] Error writing to Modbus register: A Modbus Exception Occurred - See Response Body
[2024-12-10T05:19:44.787Z] Error reading or processing Modbus registers: A Modbus Exception Occurred - See Response Body
[2024-12-10T05:19:44.789Z] Error reading register 6507 for IP 10.30.4.128: A Modbus Exception Occurred - See Response Body
[2024-12-10T05:19:44.790Z] Error reading actual data: A Modbus Exception Occurred - See Response Body
[2024-12-10T05:19:44.790Z] Error writing to Modbus register: A Modbus Exception Occurred - See Response Body
[2024-12-10T05:19:45.789Z] Error reading or processing Modbus registers: A Modbus Exception Occurred - See Response Body
[2024-12-10T05:19:45.792Z] Error reading register 6507 for IP 10.30.4.128: A Modbus Exception Occurred - See Response Body
[2024-12-10T05:19:45.793Z] Error reading actual data: A Modbus Exception Occurred - See Response Body
[2024-12-10T05:19:45.793Z] Error writing to Modbus register: A Modbus Exception Occurred - See Response Body
[2024-12-10T05:19:46.804Z] Error reading or processing Modbus registers: A Modbus Exception Occurred - See Response Body
[2024-12-10T05:19:46.806Z] Error reading register 6507 for IP 10.30.4.128: A Modbus Exception Occurred - See Response Body
[2024-12-10T05:19:46.807Z] Error reading actual data: A Modbus Exception Occurred - See Response Body
[2024-12-10T05:19:46.808Z] Error writing to Modbus register: A Modbus Exception Occurred - See Response Body
[2024-12-10T05:19:47.820Z] Error reading or processing Modbus registers: A Modbus Exception Occurred - See Response Body
[2024-12-10T05:19:47.822Z] Error reading register 6507 for IP 10.30.4.128: A Modbus Exception Occurred - See Response Body
[2024-12-10T05:19:47.823Z] Error reading actual data: A Modbus Exception Occurred - See Response Body
[2024-12-10T05:19:47.824Z] Error writing to Modbus register: A Modbus Exception Occurred - See Response Body
[2024-12-10T05:19:48.834Z] Error reading or processing Modbus registers: A Modbus Exception Occurred - See Response Body
[2024-12-10T05:19:48.836Z] Error reading register 6507 for IP 10.30.4.128: A Modbus Exception Occurred - See Response Body
[2024-12-10T05:19:48.837Z] Error reading actual data: A Modbus Exception Occurred - See Response Body
[2024-12-10T05:19:48.837Z] Error writing to Modbus register: A Modbus Exception Occurred - See Response Body
[2024-12-10T05:19:49.835Z] Error reading or processing Modbus registers: A Modbus Exception Occurred - See Response Body
[2024-12-10T05:19:49.837Z] Error reading register 6507 for IP 10.30.4.128: A Modbus Exception Occurred - See Response Body
[2024-12-10T05:19:49.838Z] Error reading actual data: A Modbus Exception Occurred - See Response Body
[2024-12-10T05:19:49.839Z] Error writing to Modbus register: A Modbus Exception Occurred - See Response Body
[2024-12-10T05:19:50.846Z] Error reading or processing Modbus registers: A Modbus Exception Occurred - See Response Body
[2024-12-10T05:19:50.848Z] Error reading register 6507 for IP 10.30.4.128: A Modbus Exception Occurred - See Response Body
[2024-12-10T05:19:50.849Z] Error reading actual data: A Modbus Exception Occurred - See Response Body
[2024-12-10T05:19:50.849Z] Error writing to Modbus register: A Modbus Exception Occurred - See Response Body
[2024-12-10T05:19:51.857Z] Error reading or processing Modbus registers: A Modbus Exception Occurred - See Response Body
[2024-12-10T05:19:51.859Z] Error reading register 6507 for IP 10.30.4.128: A Modbus Exception Occurred - See Response Body
[2024-12-10T05:19:51.860Z] Error reading actual data: A Modbus Exception Occurred - See Response Body
[2024-12-10T05:19:51.861Z] Error writing to Modbus register: A Modbus Exception Occurred - See Response Body
[2024-12-10T05:19:52.870Z] Error reading or processing Modbus registers: A Modbus Exception Occurred - See Response Body
[2024-12-10T05:19:52.873Z] Error reading register 6507 for IP 10.30.4.128: A Modbus Exception Occurred - See Response Body
[2024-12-10T05:19:52.873Z] Error reading actual data: A Modbus Exception Occurred - See Response Body
[2024-12-10T05:19:52.874Z] Error writing to Modbus register: A Modbus Exception Occurred - See Response Body
[2024-12-10T05:19:53.884Z] Error reading or processing Modbus registers: A Modbus Exception Occurred - See Response Body
[2024-12-10T05:19:53.886Z] Error reading register 6507 for IP 10.30.4.128: A Modbus Exception Occurred - See Response Body
[2024-12-10T05:19:53.887Z] Error reading actual data: A Modbus Exception Occurred - See Response Body
[2024-12-10T05:19:53.888Z] Error writing to Modbus register: A Modbus Exception Occurred - See Response Body
[2024-12-10T05:19:54.898Z] Error reading or processing Modbus registers: A Modbus Exception Occurred - See Response Body
[2024-12-10T05:19:54.900Z] Error reading register 6507 for IP 10.30.4.128: A Modbus Exception Occurred - See Response Body
[2024-12-10T05:19:54.900Z] Error reading actual data: A Modbus Exception Occurred - See Response Body
[2024-12-10T05:19:54.901Z] Error writing to Modbus register: A Modbus Exception Occurred - See Response Body
[2024-12-10T05:19:55.913Z] Error reading or processing Modbus registers: A Modbus Exception Occurred - See Response Body
[2024-12-10T05:19:55.915Z] Error reading register 6507 for IP 10.30.4.128: A Modbus Exception Occurred - See Response Body
[2024-12-10T05:19:55.915Z] Error reading actual data: A Modbus Exception Occurred - See Response Body
[2024-12-10T05:19:55.916Z] Error writing to Modbus register: A Modbus Exception Occurred - See Response Body
[2024-12-10T05:19:56.926Z] Error reading or processing Modbus registers: A Modbus Exception Occurred - See Response Body
[2024-12-10T05:19:56.928Z] Error reading register 6507 for IP 10.30.4.128: A Modbus Exception Occurred - See Response Body
[2024-12-10T05:19:56.929Z] Error reading actual data: A Modbus Exception Occurred - See Response Body
[2024-12-10T05:19:56.929Z] Error writing to Modbus register: A Modbus Exception Occurred - See Response Body
[2024-12-10T05:19:57.936Z] Error reading or processing Modbus registers: A Modbus Exception Occurred - See Response Body
[2024-12-10T05:19:57.938Z] Error reading register 6507 for IP 10.30.4.128: A Modbus Exception Occurred - See Response Body
[2024-12-10T05:19:57.939Z] Error reading actual data: A Modbus Exception Occurred - See Response Body
[2024-12-10T05:19:57.939Z] Error writing to Modbus register: A Modbus Exception Occurred - See Response Body
[2024-12-10T05:19:58.936Z] Error reading or processing Modbus registers: A Modbus Exception Occurred - See Response Body
[2024-12-10T05:19:58.939Z] Error reading register 6507 for IP 10.30.4.128: A Modbus Exception Occurred - See Response Body
[2024-12-10T05:19:58.940Z] Error reading actual data: A Modbus Exception Occurred - See Response Body
[2024-12-10T05:19:58.940Z] Error writing to Modbus register: A Modbus Exception Occurred - See Response Body
[2024-12-10T05:19:59.949Z] Error reading or processing Modbus registers: A Modbus Exception Occurred - See Response Body
[2024-12-10T05:19:59.951Z] Error reading register 6507 for IP 10.30.4.128: A Modbus Exception Occurred - See Response Body
[2024-12-10T05:19:59.952Z] Error reading actual data: A Modbus Exception Occurred - See Response Body
[2024-12-10T05:19:59.952Z] Error writing to Modbus register: A Modbus Exception Occurred - See Response Body
[2024-12-10T05:20:00.953Z] Error reading or processing Modbus registers: A Modbus Exception Occurred - See Response Body
[2024-12-10T05:20:00.955Z] Error reading register 6507 for IP 10.30.4.128: A Modbus Exception Occurred - See Response Body
[2024-12-10T05:20:00.956Z] Error reading actual data: A Modbus Exception Occurred - See Response Body
[2024-12-10T05:20:00.956Z] Error writing to Modbus register: A Modbus Exception Occurred - See Response Body
[2024-12-10T05:20:01.966Z] Error reading or processing Modbus registers: A Modbus Exception Occurred - See Response Body
[2024-12-10T05:20:01.968Z] Error reading register 6507 for IP 10.30.4.128: A Modbus Exception Occurred - See Response Body
[2024-12-10T05:20:01.968Z] Error reading actual data: A Modbus Exception Occurred - See Response Body
[2024-12-10T05:20:01.969Z] Error writing to Modbus register: A Modbus Exception Occurred - See Response Body
[2024-12-10T05:20:02.975Z] Error reading or processing Modbus registers: A Modbus Exception Occurred - See Response Body
[2024-12-10T05:20:02.978Z] Error reading register 6507 for IP 10.30.4.128: A Modbus Exception Occurred - See Response Body
[2024-12-10T05:20:02.979Z] Error reading actual data: A Modbus Exception Occurred - See Response Body
[2024-12-10T05:20:02.980Z] Error writing to Modbus register: A Modbus Exception Occurred - See Response Body
[2024-12-10T05:20:03.989Z] Error reading or processing Modbus registers: A Modbus Exception Occurred - See Response Body
[2024-12-10T05:20:03.991Z] Error reading register 6507 for IP 10.30.4.128: A Modbus Exception Occurred - See Response Body
[2024-12-10T05:20:03.991Z] Error reading actual data: A Modbus Exception Occurred - See Response Body
[2024-12-10T05:20:03.992Z] Error writing to Modbus register: A Modbus Exception Occurred - See Response Body
[2024-12-10T05:20:04.989Z] Error reading or processing Modbus registers: A Modbus Exception Occurred - See Response Body
[2024-12-10T05:20:04.992Z] Error reading register 6507 for IP 10.30.4.128: A Modbus Exception Occurred - See Response Body
[2024-12-10T05:20:04.993Z] Error reading actual data: A Modbus Exception Occurred - See Response Body
[2024-12-10T05:20:04.993Z] Error writing to Modbus register: A Modbus Exception Occurred - See Response Body
[2024-12-10T05:20:05.990Z] Error reading or processing Modbus registers: A Modbus Exception Occurred - See Response Body
[2024-12-10T05:20:05.992Z] Error reading register 6507 for IP 10.30.4.128: A Modbus Exception Occurred - See Response Body
[2024-12-10T05:20:05.993Z] Error reading actual data: A Modbus Exception Occurred - See Response Body
[2024-12-10T05:20:05.994Z] Error writing to Modbus register: A Modbus Exception Occurred - See Response Body
[2024-12-10T05:20:07.003Z] Error reading or processing Modbus registers: A Modbus Exception Occurred - See Response Body
[2024-12-10T05:20:07.005Z] Error reading register 6507 for IP 10.30.4.128: A Modbus Exception Occurred - See Response Body
[2024-12-10T05:20:07.005Z] Error reading actual data: A Modbus Exception Occurred - See Response Body
[2024-12-10T05:20:07.006Z] Error writing to Modbus register: A Modbus Exception Occurred - See Response Body
[2024-12-10T05:20:08.006Z] Error reading or processing Modbus registers: A Modbus Exception Occurred - See Response Body
[2024-12-10T05:20:08.009Z] Error reading register 6507 for IP 10.30.4.128: A Modbus Exception Occurred - See Response Body
[2024-12-10T05:20:08.010Z] Error reading actual data: A Modbus Exception Occurred - See Response Body
[2024-12-10T05:20:08.010Z] Error writing to Modbus register: A Modbus Exception Occurred - See Response Body
[2024-12-10T05:20:09.007Z] Error reading or processing Modbus registers: A Modbus Exception Occurred - See Response Body
[2024-12-10T05:20:09.009Z] Error reading register 6507 for IP 10.30.4.128: A Modbus Exception Occurred - See Response Body
[2024-12-10T05:20:09.010Z] Error reading actual data: A Modbus Exception Occurred - See Response Body
[2024-12-10T05:20:09.010Z] Error writing to Modbus register: A Modbus Exception Occurred - See Response Body
[2024-12-10T05:20:10.020Z] Error reading or processing Modbus registers: A Modbus Exception Occurred - See Response Body
[2024-12-10T05:20:10.023Z] Error reading register 6507 for IP 10.30.4.128: A Modbus Exception Occurred - See Response Body
[2024-12-10T05:20:10.024Z] Error reading actual data: A Modbus Exception Occurred - See Response Body
[2024-12-10T05:20:10.024Z] Error writing to Modbus register: A Modbus Exception Occurred - See Response Body
[2024-12-10T05:20:11.021Z] Error reading or processing Modbus registers: A Modbus Exception Occurred - See Response Body
[2024-12-10T05:20:11.024Z] Error reading register 6507 for IP 10.30.4.128: A Modbus Exception Occurred - See Response Body
[2024-12-10T05:20:11.024Z] Error reading actual data: A Modbus Exception Occurred - See Response Body
[2024-12-10T05:20:11.025Z] Error writing to Modbus register: A Modbus Exception Occurred - See Response Body
[2024-12-10T05:20:12.033Z] Error reading or processing Modbus registers: A Modbus Exception Occurred - See Response Body
[2024-12-10T05:20:12.036Z] Error reading register 6507 for IP 10.30.4.128: A Modbus Exception Occurred - See Response Body
[2024-12-10T05:20:12.036Z] Error reading actual data: A Modbus Exception Occurred - See Response Body
[2024-12-10T05:20:12.037Z] Error writing to Modbus register: A Modbus Exception Occurred - See Response Body
[2024-12-10T05:20:13.034Z] Error reading or processing Modbus registers: A Modbus Exception Occurred - See Response Body
[2024-12-10T05:20:13.036Z] Error reading register 6507 for IP 10.30.4.128: A Modbus Exception Occurred - See Response Body
[2024-12-10T05:20:13.037Z] Error reading actual data: A Modbus Exception Occurred - See Response Body
[2024-12-10T05:20:13.038Z] Error writing to Modbus register: A Modbus Exception Occurred - See Response Body
[2024-12-10T05:20:14.049Z] Error reading or processing Modbus registers: A Modbus Exception Occurred - See Response Body
[2024-12-10T05:20:14.051Z] Error reading register 6507 for IP 10.30.4.128: A Modbus Exception Occurred - See Response Body
[2024-12-10T05:20:14.052Z] Error reading actual data: A Modbus Exception Occurred - See Response Body
[2024-12-10T05:20:14.052Z] Error writing to Modbus register: A Modbus Exception Occurred - See Response Body
[2024-12-10T05:20:15.064Z] Error reading or processing Modbus registers: A Modbus Exception Occurred - See Response Body
[2024-12-10T05:20:15.066Z] Error reading register 6507 for IP 10.30.4.128: A Modbus Exception Occurred - See Response Body
[2024-12-10T05:20:15.067Z] Error reading actual data: A Modbus Exception Occurred - See Response Body
[2024-12-10T05:20:15.067Z] Error writing to Modbus register: A Modbus Exception Occurred - See Response Body
[2024-12-10T05:20:16.077Z] Error reading or processing Modbus registers: A Modbus Exception Occurred - See Response Body
[2024-12-10T05:20:16.079Z] Error reading register 6507 for IP 10.30.4.128: A Modbus Exception Occurred - See Response Body
[2024-12-10T05:20:16.079Z] Error reading actual data: A Modbus Exception Occurred - See Response Body
[2024-12-10T05:20:16.080Z] Error writing to Modbus register: A Modbus Exception Occurred - See Response Body
[2024-12-10T05:20:17.081Z] Error reading or processing Modbus registers: A Modbus Exception Occurred - See Response Body
[2024-12-10T05:20:17.083Z] Error reading register 6507 for IP 10.30.4.128: A Modbus Exception Occurred - See Response Body
[2024-12-10T05:20:17.084Z] Error reading actual data: A Modbus Exception Occurred - See Response Body
[2024-12-10T05:20:17.084Z] Error writing to Modbus register: A Modbus Exception Occurred - See Response Body
[2024-12-10T05:20:18.094Z] Error reading or processing Modbus registers: A Modbus Exception Occurred - See Response Body
[2024-12-10T05:20:18.096Z] Error reading register 6507 for IP 10.30.4.128: A Modbus Exception Occurred - See Response Body
[2024-12-10T05:20:18.097Z] Error reading actual data: A Modbus Exception Occurred - See Response Body
[2024-12-10T05:20:18.097Z] Error writing to Modbus register: A Modbus Exception Occurred - See Response Body
[2024-12-10T05:20:19.097Z] Error reading or processing Modbus registers: A Modbus Exception Occurred - See Response Body
[2024-12-10T05:20:19.099Z] Error reading register 6507 for IP 10.30.4.128: A Modbus Exception Occurred - See Response Body
[2024-12-10T05:20:19.099Z] Error reading actual data: A Modbus Exception Occurred - See Response Body
[2024-12-10T05:20:19.100Z] Error writing to Modbus register: A Modbus Exception Occurred - See Response Body
[2024-12-10T05:20:20.098Z] Error reading or processing Modbus registers: A Modbus Exception Occurred - See Response Body
[2024-12-10T05:20:20.100Z] Error reading register 6507 for IP 10.30.4.128: A Modbus Exception Occurred - See Response Body
[2024-12-10T05:20:20.101Z] Error reading actual data: A Modbus Exception Occurred - See Response Body
[2024-12-10T05:20:20.101Z] Error writing to Modbus register: A Modbus Exception Occurred - See Response Body
[2024-12-10T05:20:21.098Z] Error reading or processing Modbus registers: A Modbus Exception Occurred - See Response Body
[2024-12-10T05:20:21.101Z] Error reading register 6507 for IP 10.30.4.128: A Modbus Exception Occurred - See Response Body
[2024-12-10T05:20:21.101Z] Error reading actual data: A Modbus Exception Occurred - See Response Body
[2024-12-10T05:20:21.102Z] Error writing to Modbus register: A Modbus Exception Occurred - See Response Body
[2024-12-10T05:20:22.101Z] Error reading or processing Modbus registers: A Modbus Exception Occurred - See Response Body
[2024-12-10T05:20:22.103Z] Error reading register 6507 for IP 10.30.4.128: A Modbus Exception Occurred - See Response Body
[2024-12-10T05:20:22.104Z] Error reading actual data: A Modbus Exception Occurred - See Response Body
[2024-12-10T05:20:22.104Z] Error writing to Modbus register: A Modbus Exception Occurred - See Response Body
[2024-12-10T05:20:23.116Z] Error reading or processing Modbus registers: A Modbus Exception Occurred - See Response Body
[2024-12-10T05:20:23.118Z] Error reading register 6507 for IP 10.30.4.128: A Modbus Exception Occurred - See Response Body
[2024-12-10T05:20:23.118Z] Error reading actual data: A Modbus Exception Occurred - See Response Body
[2024-12-10T05:20:23.119Z] Error writing to Modbus register: A Modbus Exception Occurred - See Response Body
[2024-12-10T05:20:24.117Z] Error reading or processing Modbus registers: A Modbus Exception Occurred - See Response Body
[2024-12-10T05:20:24.120Z] Error reading register 6507 for IP 10.30.4.128: A Modbus Exception Occurred - See Response Body
[2024-12-10T05:20:24.120Z] Error reading actual data: A Modbus Exception Occurred - See Response Body
[2024-12-10T05:20:24.121Z] Error writing to Modbus register: A Modbus Exception Occurred - See Response Body
[2024-12-10T05:20:25.118Z] Error reading or processing Modbus registers: A Modbus Exception Occurred - See Response Body
[2024-12-10T05:20:25.121Z] Error reading register 6507 for IP 10.30.4.128: A Modbus Exception Occurred - See Response Body
[2024-12-10T05:20:25.121Z] Error reading actual data: A Modbus Exception Occurred - See Response Body
[2024-12-10T05:20:25.122Z] Error writing to Modbus register: A Modbus Exception Occurred - See Response Body
[2024-12-10T05:20:26.120Z] Error reading or processing Modbus registers: A Modbus Exception Occurred - See Response Body
[2024-12-10T05:20:26.122Z] Error reading register 6507 for IP 10.30.4.128: A Modbus Exception Occurred - See Response Body
[2024-12-10T05:20:26.122Z] Error reading actual data: A Modbus Exception Occurred - See Response Body
[2024-12-10T05:20:26.123Z] Error writing to Modbus register: A Modbus Exception Occurred - See Response Body
[2024-12-10T05:20:27.131Z] Error reading or processing Modbus registers: A Modbus Exception Occurred - See Response Body
[2024-12-10T05:20:27.133Z] Error reading register 6507 for IP 10.30.4.128: A Modbus Exception Occurred - See Response Body
[2024-12-10T05:20:27.134Z] Error reading actual data: A Modbus Exception Occurred - See Response Body
[2024-12-10T05:20:27.134Z] Error writing to Modbus register: A Modbus Exception Occurred - See Response Body
[2024-12-10T05:20:28.131Z] Error reading or processing Modbus registers: A Modbus Exception Occurred - See Response Body
[2024-12-10T05:20:28.133Z] Error reading register 6507 for IP 10.30.4.128: A Modbus Exception Occurred - See Response Body
[2024-12-10T05:20:28.134Z] Error reading actual data: A Modbus Exception Occurred - See Response Body
[2024-12-10T05:20:28.135Z] Error writing to Modbus register: A Modbus Exception Occurred - See Response Body
[2024-12-10T05:20:29.144Z] Error reading or processing Modbus registers: A Modbus Exception Occurred - See Response Body
[2024-12-10T05:20:29.146Z] Error reading register 6507 for IP 10.30.4.128: A Modbus Exception Occurred - See Response Body
[2024-12-10T05:20:29.147Z] Error reading actual data: A Modbus Exception Occurred - See Response Body
[2024-12-10T05:20:29.148Z] Error writing to Modbus register: A Modbus Exception Occurred - See Response Body
[2024-12-10T05:20:30.150Z] Error reading or processing Modbus registers: A Modbus Exception Occurred - See Response Body
[2024-12-10T05:20:30.152Z] Error reading register 6507 for IP 10.30.4.128: A Modbus Exception Occurred - See Response Body
[2024-12-10T05:20:30.153Z] Error reading actual data: A Modbus Exception Occurred - See Response Body
[2024-12-10T05:20:30.153Z] Error writing to Modbus register: A Modbus Exception Occurred - See Response Body
[2024-12-10T05:20:31.151Z] Error reading or processing Modbus registers: A Modbus Exception Occurred - See Response Body
[2024-12-10T05:20:31.153Z] Error reading register 6507 for IP 10.30.4.128: A Modbus Exception Occurred - See Response Body
[2024-12-10T05:20:31.153Z] Error reading actual data: A Modbus Exception Occurred - See Response Body
[2024-12-10T05:20:31.154Z] Error writing to Modbus register: A Modbus Exception Occurred - See Response Body
[2024-12-10T05:20:32.164Z] Error reading or processing Modbus registers: A Modbus Exception Occurred - See Response Body
[2024-12-10T05:20:32.166Z] Error reading register 6507 for IP 10.30.4.128: A Modbus Exception Occurred - See Response Body
[2024-12-10T05:20:32.167Z] Error reading actual data: A Modbus Exception Occurred - See Response Body
[2024-12-10T05:20:32.167Z] Error writing to Modbus register: A Modbus Exception Occurred - See Response Body
[2024-12-10T05:20:33.164Z] Error reading or processing Modbus registers: A Modbus Exception Occurred - See Response Body
[2024-12-10T05:20:33.166Z] Error reading register 6507 for IP 10.30.4.128: A Modbus Exception Occurred - See Response Body
[2024-12-10T05:20:33.166Z] Error reading actual data: A Modbus Exception Occurred - See Response Body
[2024-12-10T05:20:33.166Z] Error writing to Modbus register: A Modbus Exception Occurred - See Response Body
[2024-12-10T05:20:34.164Z] Error reading or processing Modbus registers: A Modbus Exception Occurred - See Response Body
[2024-12-10T05:20:34.166Z] Error reading register 6507 for IP 10.30.4.128: A Modbus Exception Occurred - See Response Body
[2024-12-10T05:20:34.167Z] Error reading actual data: A Modbus Exception Occurred - See Response Body
[2024-12-10T05:20:34.167Z] Error writing to Modbus register: A Modbus Exception Occurred - See Response Body
[2024-12-10T05:20:35.179Z] Error reading or processing Modbus registers: A Modbus Exception Occurred - See Response Body
[2024-12-10T05:20:35.182Z] Error reading register 6507 for IP 10.30.4.128: A Modbus Exception Occurred - See Response Body
[2024-12-10T05:20:35.182Z] Error reading actual data: A Modbus Exception Occurred - See Response Body
[2024-12-10T05:20:35.183Z] Error writing to Modbus register: A Modbus Exception Occurred - See Response Body
[2024-12-10T05:20:36.183Z] Error reading or processing Modbus registers: A Modbus Exception Occurred - See Response Body
[2024-12-10T05:20:36.186Z] Error reading register 6507 for IP 10.30.4.128: A Modbus Exception Occurred - See Response Body
[2024-12-10T05:20:36.186Z] Error reading actual data: A Modbus Exception Occurred - See Response Body
[2024-12-10T05:20:36.187Z] Error writing to Modbus register: A Modbus Exception Occurred - See Response Body
[2024-12-10T05:20:37.187Z] Error reading or processing Modbus registers: A Modbus Exception Occurred - See Response Body
[2024-12-10T05:20:37.190Z] Error reading register 6507 for IP 10.30.4.128: A Modbus Exception Occurred - See Response Body
[2024-12-10T05:20:37.191Z] Error reading actual data: A Modbus Exception Occurred - See Response Body
[2024-12-10T05:20:37.192Z] Error writing to Modbus register: A Modbus Exception Occurred - See Response Body
[2024-12-10T05:20:38.191Z] Error reading or processing Modbus registers: A Modbus Exception Occurred - See Response Body
[2024-12-10T05:20:38.194Z] Error reading register 6507 for IP 10.30.4.128: A Modbus Exception Occurred - See Response Body
[2024-12-10T05:20:38.195Z] Error reading actual data: A Modbus Exception Occurred - See Response Body
[2024-12-10T05:20:38.195Z] Error writing to Modbus register: A Modbus Exception Occurred - See Response Body
[2024-12-10T05:20:39.203Z] Error reading or processing Modbus registers: A Modbus Exception Occurred - See Response Body
[2024-12-10T05:20:39.206Z] Error reading register 6507 for IP 10.30.4.128: A Modbus Exception Occurred - See Response Body
[2024-12-10T05:20:39.206Z] Error reading actual data: A Modbus Exception Occurred - See Response Body
[2024-12-10T05:20:39.207Z] Error writing to Modbus register: A Modbus Exception Occurred - See Response Body
[2024-12-10T05:20:40.216Z] Error reading or processing Modbus registers: A Modbus Exception Occurred - See Response Body
[2024-12-10T05:20:40.218Z] Error reading register 6507 for IP 10.30.4.128: A Modbus Exception Occurred - See Response Body
[2024-12-10T05:20:40.219Z] Error reading actual data: A Modbus Exception Occurred - See Response Body
[2024-12-10T05:20:40.220Z] Error writing to Modbus register: A Modbus Exception Occurred - See Response Body
[2024-12-10T05:20:41.230Z] Error reading or processing Modbus registers: A Modbus Exception Occurred - See Response Body
[2024-12-10T05:20:41.232Z] Error reading register 6507 for IP 10.30.4.128: A Modbus Exception Occurred - See Response Body
[2024-12-10T05:20:41.233Z] Error reading actual data: A Modbus Exception Occurred - See Response Body
[2024-12-10T05:20:41.234Z] Error writing to Modbus register: A Modbus Exception Occurred - See Response Body
[2024-12-10T05:20:42.232Z] Error reading or processing Modbus registers: A Modbus Exception Occurred - See Response Body
[2024-12-10T05:20:42.234Z] Error reading register 6507 for IP 10.30.4.128: A Modbus Exception Occurred - See Response Body
[2024-12-10T05:20:42.235Z] Error reading actual data: A Modbus Exception Occurred - See Response Body
[2024-12-10T05:20:42.235Z] Error writing to Modbus register: A Modbus Exception Occurred - See Response Body
[2024-12-10T05:20:43.246Z] Error reading or processing Modbus registers: A Modbus Exception Occurred - See Response Body
[2024-12-10T05:20:43.249Z] Error reading register 6507 for IP 10.30.4.128: A Modbus Exception Occurred - See Response Body
[2024-12-10T05:20:43.250Z] Error reading actual data: A Modbus Exception Occurred - See Response Body
[2024-12-10T05:20:43.250Z] Error writing to Modbus register: A Modbus Exception Occurred - See Response Body
[2024-12-10T05:20:44.261Z] Error reading or processing Modbus registers: A Modbus Exception Occurred - See Response Body
[2024-12-10T05:20:44.263Z] Error reading register 6507 for IP 10.30.4.128: A Modbus Exception Occurred - See Response Body
[2024-12-10T05:20:44.263Z] Error reading actual data: A Modbus Exception Occurred - See Response Body
[2024-12-10T05:20:44.267Z] Error writing to Modbus register: A Modbus Exception Occurred - See Response Body
[2024-12-10T05:20:45.263Z] Error reading or processing Modbus registers: A Modbus Exception Occurred - See Response Body
[2024-12-10T05:20:45.265Z] Error reading register 6507 for IP 10.30.4.128: A Modbus Exception Occurred - See Response Body
[2024-12-10T05:20:45.265Z] Error reading actual data: A Modbus Exception Occurred - See Response Body
[2024-12-10T05:20:45.266Z] Error writing to Modbus register: A Modbus Exception Occurred - See Response Body
[2024-12-10T05:20:46.266Z] Error reading or processing Modbus registers: A Modbus Exception Occurred - See Response Body
[2024-12-10T05:20:46.268Z] Error reading register 6507 for IP 10.30.4.128: A Modbus Exception Occurred - See Response Body
[2024-12-10T05:20:46.269Z] Error reading actual data: A Modbus Exception Occurred - See Response Body
[2024-12-10T05:20:46.270Z] Error writing to Modbus register: A Modbus Exception Occurred - See Response Body
[2024-12-10T05:20:47.270Z] Error reading or processing Modbus registers: A Modbus Exception Occurred - See Response Body
[2024-12-10T05:20:47.273Z] Error reading register 6507 for IP 10.30.4.128: A Modbus Exception Occurred - See Response Body
[2024-12-10T05:20:47.273Z] Error reading actual data: A Modbus Exception Occurred - See Response Body
[2024-12-10T05:20:47.274Z] Error writing to Modbus register: A Modbus Exception Occurred - See Response Body
[2024-12-10T05:20:48.283Z] Error reading or processing Modbus registers: A Modbus Exception Occurred - See Response Body
[2024-12-10T05:20:48.285Z] Error reading register 6507 for IP 10.30.4.128: A Modbus Exception Occurred - See Response Body
[2024-12-10T05:20:48.286Z] Error reading actual data: A Modbus Exception Occurred - See Response Body
[2024-12-10T05:20:48.287Z] Error writing to Modbus register: A Modbus Exception Occurred - See Response Body
[2024-12-10T05:20:49.298Z] Error reading or processing Modbus registers: A Modbus Exception Occurred - See Response Body
[2024-12-10T05:20:49.299Z] Error reading register 6507 for IP 10.30.4.128: A Modbus Exception Occurred - See Response Body
[2024-12-10T05:20:49.300Z] Error reading actual data: A Modbus Exception Occurred - See Response Body
[2024-12-10T05:20:49.301Z] Error writing to Modbus register: A Modbus Exception Occurred - See Response Body
[2024-12-10T05:20:50.299Z] Error reading or processing Modbus registers: A Modbus Exception Occurred - See Response Body
[2024-12-10T05:20:50.301Z] Error reading register 6507 for IP 10.30.4.128: A Modbus Exception Occurred - See Response Body
[2024-12-10T05:20:50.301Z] Error reading actual data: A Modbus Exception Occurred - See Response Body
[2024-12-10T05:20:50.302Z] Error writing to Modbus register: A Modbus Exception Occurred - See Response Body
[2024-12-10T05:20:51.311Z] Error reading or processing Modbus registers: A Modbus Exception Occurred - See Response Body
[2024-12-10T05:20:51.313Z] Error reading register 6507 for IP 10.30.4.128: A Modbus Exception Occurred - See Response Body
[2024-12-10T05:20:51.314Z] Error reading actual data: A Modbus Exception Occurred - See Response Body
[2024-12-10T05:20:51.314Z] Error writing to Modbus register: A Modbus Exception Occurred - See Response Body
[2024-12-10T05:20:52.313Z] Error reading or processing Modbus registers: A Modbus Exception Occurred - See Response Body
[2024-12-10T05:20:52.315Z] Error reading register 6507 for IP 10.30.4.128: A Modbus Exception Occurred - See Response Body
[2024-12-10T05:20:52.316Z] Error reading actual data: A Modbus Exception Occurred - See Response Body
[2024-12-10T05:20:52.317Z] Error writing to Modbus register: A Modbus Exception Occurred - See Response Body
[2024-12-10T05:20:53.327Z] Error reading or processing Modbus registers: A Modbus Exception Occurred - See Response Body
[2024-12-10T05:20:53.330Z] Error reading register 6507 for IP 10.30.4.128: A Modbus Exception Occurred - See Response Body
[2024-12-10T05:20:53.330Z] Error reading actual data: A Modbus Exception Occurred - See Response Body
[2024-12-10T05:20:53.331Z] Error writing to Modbus register: A Modbus Exception Occurred - See Response Body
[2024-12-10T05:20:54.341Z] Error reading or processing Modbus registers: A Modbus Exception Occurred - See Response Body
[2024-12-10T05:20:54.343Z] Error reading register 6507 for IP 10.30.4.128: A Modbus Exception Occurred - See Response Body
[2024-12-10T05:20:54.343Z] Error reading actual data: A Modbus Exception Occurred - See Response Body
[2024-12-10T05:20:54.344Z] Error writing to Modbus register: A Modbus Exception Occurred - See Response Body
[2024-12-10T05:20:55.346Z] Error reading or processing Modbus registers: A Modbus Exception Occurred - See Response Body
[2024-12-10T05:20:55.348Z] Error reading register 6507 for IP 10.30.4.128: A Modbus Exception Occurred - See Response Body
[2024-12-10T05:20:55.348Z] Error reading actual data: A Modbus Exception Occurred - See Response Body
[2024-12-10T05:20:55.349Z] Error writing to Modbus register: A Modbus Exception Occurred - See Response Body
[2024-12-10T05:20:56.346Z] Error reading or processing Modbus registers: A Modbus Exception Occurred - See Response Body
[2024-12-10T05:20:56.348Z] Error reading register 6507 for IP 10.30.4.128: A Modbus Exception Occurred - See Response Body
[2024-12-10T05:20:56.348Z] Error reading actual data: A Modbus Exception Occurred - See Response Body
[2024-12-10T05:20:56.349Z] Error writing to Modbus register: A Modbus Exception Occurred - See Response Body
[2024-12-10T05:20:57.348Z] Error reading or processing Modbus registers: A Modbus Exception Occurred - See Response Body
[2024-12-10T05:20:57.350Z] Error reading register 6507 for IP 10.30.4.128: A Modbus Exception Occurred - See Response Body
[2024-12-10T05:20:57.351Z] Error reading actual data: A Modbus Exception Occurred - See Response Body
[2024-12-10T05:20:57.351Z] Error writing to Modbus register: A Modbus Exception Occurred - See Response Body
[2024-12-10T05:20:58.363Z] Error reading or processing Modbus registers: A Modbus Exception Occurred - See Response Body
[2024-12-10T05:20:58.364Z] Error reading register 6507 for IP 10.30.4.128: A Modbus Exception Occurred - See Response Body
[2024-12-10T05:20:58.365Z] Error reading actual data: A Modbus Exception Occurred - See Response Body
[2024-12-10T05:20:58.366Z] Error writing to Modbus register: A Modbus Exception Occurred - See Response Body
[2024-12-10T05:20:59.363Z] Error reading or processing Modbus registers: A Modbus Exception Occurred - See Response Body
[2024-12-10T05:20:59.366Z] Error reading register 6507 for IP 10.30.4.128: A Modbus Exception Occurred - See Response Body
[2024-12-10T05:20:59.366Z] Error reading actual data: A Modbus Exception Occurred - See Response Body
[2024-12-10T05:20:59.367Z] Error writing to Modbus register: A Modbus Exception Occurred - See Response Body
[2024-12-10T05:21:00.367Z] Error reading or processing Modbus registers: A Modbus Exception Occurred - See Response Body
[2024-12-10T05:21:00.369Z] Error reading register 6507 for IP 10.30.4.128: A Modbus Exception Occurred - See Response Body
[2024-12-10T05:21:00.369Z] Error reading actual data: A Modbus Exception Occurred - See Response Body
[2024-12-10T05:21:00.370Z] Error writing to Modbus register: A Modbus Exception Occurred - See Response Body
[2024-12-10T05:21:01.367Z] Error reading or processing Modbus registers: A Modbus Exception Occurred - See Response Body
[2024-12-10T05:21:01.369Z] Error reading register 6507 for IP 10.30.4.128: A Modbus Exception Occurred - See Response Body
[2024-12-10T05:21:01.369Z] Error reading actual data: A Modbus Exception Occurred - See Response Body
[2024-12-10T05:21:01.370Z] Error writing to Modbus register: A Modbus Exception Occurred - See Response Body
[2024-12-10T05:21:02.381Z] Error reading or processing Modbus registers: A Modbus Exception Occurred - See Response Body
[2024-12-10T05:21:02.383Z] Error reading register 6507 for IP 10.30.4.128: A Modbus Exception Occurred - See Response Body
[2024-12-10T05:21:02.384Z] Error reading actual data: A Modbus Exception Occurred - See Response Body
[2024-12-10T05:21:02.385Z] Error writing to Modbus register: A Modbus Exception Occurred - See Response Body
[2024-12-10T05:21:03.391Z] Error reading or processing Modbus registers: A Modbus Exception Occurred - See Response Body
[2024-12-10T05:21:03.393Z] Error reading register 6507 for IP 10.30.4.128: A Modbus Exception Occurred - See Response Body
[2024-12-10T05:21:03.393Z] Error reading actual data: A Modbus Exception Occurred - See Response Body
[2024-12-10T05:21:03.394Z] Error writing to Modbus register: A Modbus Exception Occurred - See Response Body
[2024-12-10T05:21:04.405Z] Error reading or processing Modbus registers: A Modbus Exception Occurred - See Response Body
[2024-12-10T05:21:04.407Z] Error reading register 6507 for IP 10.30.4.128: A Modbus Exception Occurred - See Response Body
[2024-12-10T05:21:04.408Z] Error reading actual data: A Modbus Exception Occurred - See Response Body
[2024-12-10T05:21:04.408Z] Error writing to Modbus register: A Modbus Exception Occurred - See Response Body
[2024-12-10T05:21:05.415Z] Error reading or processing Modbus registers: A Modbus Exception Occurred - See Response Body
[2024-12-10T05:21:05.417Z] Error reading register 6507 for IP 10.30.4.128: A Modbus Exception Occurred - See Response Body
[2024-12-10T05:21:05.417Z] Error reading actual data: A Modbus Exception Occurred - See Response Body
[2024-12-10T05:21:05.418Z] Error writing to Modbus register: A Modbus Exception Occurred - See Response Body
[2024-12-10T05:21:06.429Z] Error reading or processing Modbus registers: A Modbus Exception Occurred - See Response Body
[2024-12-10T05:21:06.432Z] Error reading register 6507 for IP 10.30.4.128: A Modbus Exception Occurred - See Response Body
[2024-12-10T05:21:06.433Z] Error reading actual data: A Modbus Exception Occurred - See Response Body
[2024-12-10T05:21:06.433Z] Error writing to Modbus register: A Modbus Exception Occurred - See Response Body
[2024-12-10T05:21:07.432Z] Error reading or processing Modbus registers: A Modbus Exception Occurred - See Response Body
[2024-12-10T05:21:07.434Z] Error reading register 6507 for IP 10.30.4.128: A Modbus Exception Occurred - See Response Body
[2024-12-10T05:21:07.435Z] Error reading actual data: A Modbus Exception Occurred - See Response Body
[2024-12-10T05:21:07.435Z] Error writing to Modbus register: A Modbus Exception Occurred - See Response Body
[2024-12-10T05:21:08.444Z] Error reading or processing Modbus registers: A Modbus Exception Occurred - See Response Body
[2024-12-10T05:21:08.446Z] Error reading register 6507 for IP 10.30.4.128: A Modbus Exception Occurred - See Response Body
[2024-12-10T05:21:08.447Z] Error reading actual data: A Modbus Exception Occurred - See Response Body
[2024-12-10T05:21:08.448Z] Error writing to Modbus register: A Modbus Exception Occurred - See Response Body
[2024-12-10T05:21:09.457Z] Error reading or processing Modbus registers: A Modbus Exception Occurred - See Response Body
[2024-12-10T05:21:09.460Z] Error reading register 6507 for IP 10.30.4.128: A Modbus Exception Occurred - See Response Body
[2024-12-10T05:21:09.461Z] Error reading actual data: A Modbus Exception Occurred - See Response Body
[2024-12-10T05:21:09.461Z] Error writing to Modbus register: A Modbus Exception Occurred - See Response Body
[2024-12-10T05:21:10.471Z] Error reading or processing Modbus registers: A Modbus Exception Occurred - See Response Body
[2024-12-10T05:21:10.474Z] Error reading register 6507 for IP 10.30.4.128: A Modbus Exception Occurred - See Response Body
[2024-12-10T05:21:10.475Z] Error reading actual data: A Modbus Exception Occurred - See Response Body
[2024-12-10T05:21:10.475Z] Error writing to Modbus register: A Modbus Exception Occurred - See Response Body
[2024-12-10T05:21:11.481Z] Error reading or processing Modbus registers: A Modbus Exception Occurred - See Response Body
[2024-12-10T05:21:11.483Z] Error reading register 6507 for IP 10.30.4.128: A Modbus Exception Occurred - See Response Body
[2024-12-10T05:21:11.483Z] Error reading actual data: A Modbus Exception Occurred - See Response Body
[2024-12-10T05:21:11.484Z] Error writing to Modbus register: A Modbus Exception Occurred - See Response Body
[2024-12-10T05:21:12.496Z] Error reading or processing Modbus registers: A Modbus Exception Occurred - See Response Body
[2024-12-10T05:21:12.498Z] Error reading register 6507 for IP 10.30.4.128: A Modbus Exception Occurred - See Response Body
[2024-12-10T05:21:12.498Z] Error reading actual data: A Modbus Exception Occurred - See Response Body
[2024-12-10T05:21:12.499Z] Error writing to Modbus register: A Modbus Exception Occurred - See Response Body
[2024-12-10T05:21:13.510Z] Error reading or processing Modbus registers: A Modbus Exception Occurred - See Response Body
[2024-12-10T05:21:13.512Z] Error reading register 6507 for IP 10.30.4.128: A Modbus Exception Occurred - See Response Body
[2024-12-10T05:21:13.513Z] Error reading actual data: A Modbus Exception Occurred - See Response Body
[2024-12-10T05:21:13.513Z] Error writing to Modbus register: A Modbus Exception Occurred - See Response Body
[2024-12-10T05:21:14.519Z] Error reading or processing Modbus registers: A Modbus Exception Occurred - See Response Body
[2024-12-10T05:21:14.522Z] Error reading register 6507 for IP 10.30.4.128: A Modbus Exception Occurred - See Response Body
[2024-12-10T05:21:14.523Z] Error reading actual data: A Modbus Exception Occurred - See Response Body
[2024-12-10T05:21:14.523Z] Error writing to Modbus register: A Modbus Exception Occurred - See Response Body
[2024-12-10T05:21:15.532Z] Error reading or processing Modbus registers: A Modbus Exception Occurred - See Response Body
[2024-12-10T05:21:15.534Z] Error reading register 6507 for IP 10.30.4.128: A Modbus Exception Occurred - See Response Body
[2024-12-10T05:21:15.535Z] Error reading actual data: A Modbus Exception Occurred - See Response Body
[2024-12-10T05:21:15.535Z] Error writing to Modbus register: A Modbus Exception Occurred - See Response Body
[2024-12-10T05:21:16.531Z] Error reading or processing Modbus registers: A Modbus Exception Occurred - See Response Body
[2024-12-10T05:21:16.533Z] Error reading register 6507 for IP 10.30.4.128: A Modbus Exception Occurred - See Response Body
[2024-12-10T05:21:16.534Z] Error reading actual data: A Modbus Exception Occurred - See Response Body
[2024-12-10T05:21:16.534Z] Error writing to Modbus register: A Modbus Exception Occurred - See Response Body
[2024-12-10T05:21:17.545Z] Error reading or processing Modbus registers: A Modbus Exception Occurred - See Response Body
[2024-12-10T05:21:17.547Z] Error reading register 6507 for IP 10.30.4.128: A Modbus Exception Occurred - See Response Body
[2024-12-10T05:21:17.548Z] Error reading actual data: A Modbus Exception Occurred - See Response Body
[2024-12-10T05:21:17.548Z] Error writing to Modbus register: A Modbus Exception Occurred - See Response Body
[2024-12-10T05:21:18.547Z] Error reading or processing Modbus registers: A Modbus Exception Occurred - See Response Body
[2024-12-10T05:21:18.549Z] Error reading register 6507 for IP 10.30.4.128: A Modbus Exception Occurred - See Response Body
[2024-12-10T05:21:18.550Z] Error reading actual data: A Modbus Exception Occurred - See Response Body
[2024-12-10T05:21:18.550Z] Error writing to Modbus register: A Modbus Exception Occurred - See Response Body
[2024-12-10T05:21:19.562Z] Error reading or processing Modbus registers: A Modbus Exception Occurred - See Response Body
[2024-12-10T05:21:19.564Z] Error reading register 6507 for IP 10.30.4.128: A Modbus Exception Occurred - See Response Body
[2024-12-10T05:21:19.564Z] Error reading actual data: A Modbus Exception Occurred - See Response Body
[2024-12-10T05:21:19.565Z] Error writing to Modbus register: A Modbus Exception Occurred - See Response Body
[2024-12-10T05:21:20.563Z] Error reading or processing Modbus registers: A Modbus Exception Occurred - See Response Body
[2024-12-10T05:21:20.565Z] Error reading register 6507 for IP 10.30.4.128: A Modbus Exception Occurred - See Response Body
[2024-12-10T05:21:20.566Z] Error reading actual data: A Modbus Exception Occurred - See Response Body
[2024-12-10T05:21:20.566Z] Error writing to Modbus register: A Modbus Exception Occurred - See Response Body
[2024-12-10T05:21:21.577Z] Error reading or processing Modbus registers: A Modbus Exception Occurred - See Response Body
[2024-12-10T05:21:21.579Z] Error reading register 6507 for IP 10.30.4.128: A Modbus Exception Occurred - See Response Body
[2024-12-10T05:21:21.580Z] Error reading actual data: A Modbus Exception Occurred - See Response Body
[2024-12-10T05:21:21.580Z] Error writing to Modbus register: A Modbus Exception Occurred - See Response Body
[2024-12-10T05:21:22.578Z] Error reading or processing Modbus registers: A Modbus Exception Occurred - See Response Body
[2024-12-10T05:21:22.580Z] Error reading register 6507 for IP 10.30.4.128: A Modbus Exception Occurred - See Response Body
[2024-12-10T05:21:22.580Z] Error reading actual data: A Modbus Exception Occurred - See Response Body
[2024-12-10T05:21:22.581Z] Error writing to Modbus register: A Modbus Exception Occurred - See Response Body
[2024-12-10T05:21:23.581Z] Error reading or processing Modbus registers: A Modbus Exception Occurred - See Response Body
[2024-12-10T05:21:23.583Z] Error reading register 6507 for IP 10.30.4.128: A Modbus Exception Occurred - See Response Body
[2024-12-10T05:21:23.584Z] Error reading actual data: A Modbus Exception Occurred - See Response Body
[2024-12-10T05:21:23.585Z] Error writing to Modbus register: A Modbus Exception Occurred - See Response Body
[2024-12-10T05:21:24.593Z] Error reading or processing Modbus registers: A Modbus Exception Occurred - See Response Body
[2024-12-10T05:21:24.595Z] Error reading register 6507 for IP 10.30.4.128: A Modbus Exception Occurred - See Response Body
[2024-12-10T05:21:24.596Z] Error reading actual data: A Modbus Exception Occurred - See Response Body
[2024-12-10T05:21:24.596Z] Error writing to Modbus register: A Modbus Exception Occurred - See Response Body
[2024-12-10T05:21:25.598Z] Error reading or processing Modbus registers: A Modbus Exception Occurred - See Response Body
[2024-12-10T05:21:25.600Z] Error reading register 6507 for IP 10.30.4.128: A Modbus Exception Occurred - See Response Body
[2024-12-10T05:21:25.601Z] Error reading actual data: A Modbus Exception Occurred - See Response Body
[2024-12-10T05:21:25.601Z] Error writing to Modbus register: A Modbus Exception Occurred - See Response Body
[2024-12-10T05:21:26.599Z] Error reading or processing Modbus registers: A Modbus Exception Occurred - See Response Body
[2024-12-10T05:21:26.601Z] Error reading register 6507 for IP 10.30.4.128: A Modbus Exception Occurred - See Response Body
[2024-12-10T05:21:26.602Z] Error reading actual data: A Modbus Exception Occurred - See Response Body
[2024-12-10T05:21:26.602Z] Error writing to Modbus register: A Modbus Exception Occurred - See Response Body
[2024-12-10T05:21:27.614Z] Error reading or processing Modbus registers: A Modbus Exception Occurred - See Response Body
[2024-12-10T05:21:27.616Z] Error reading register 6507 for IP 10.30.4.128: A Modbus Exception Occurred - See Response Body
[2024-12-10T05:21:27.616Z] Error reading actual data: A Modbus Exception Occurred - See Response Body
[2024-12-10T05:21:27.617Z] Error writing to Modbus register: A Modbus Exception Occurred - See Response Body
[2024-12-10T05:21:28.623Z] Error reading or processing Modbus registers: A Modbus Exception Occurred - See Response Body
[2024-12-10T05:21:28.625Z] Error reading register 6507 for IP 10.30.4.128: A Modbus Exception Occurred - See Response Body
[2024-12-10T05:21:28.626Z] Error reading actual data: A Modbus Exception Occurred - See Response Body
[2024-12-10T05:21:28.627Z] Error writing to Modbus register: A Modbus Exception Occurred - See Response Body
[2024-12-10T05:21:29.637Z] Error reading or processing Modbus registers: A Modbus Exception Occurred - See Response Body
[2024-12-10T05:21:29.639Z] Error reading register 6507 for IP 10.30.4.128: A Modbus Exception Occurred - See Response Body
[2024-12-10T05:21:29.640Z] Error reading actual data: A Modbus Exception Occurred - See Response Body
[2024-12-10T05:21:29.640Z] Error writing to Modbus register: A Modbus Exception Occurred - See Response Body
[2024-12-10T05:21:30.637Z] Error reading or processing Modbus registers: A Modbus Exception Occurred - See Response Body
[2024-12-10T05:21:30.640Z] Error reading register 6507 for IP 10.30.4.128: A Modbus Exception Occurred - See Response Body
[2024-12-10T05:21:30.640Z] Error reading actual data: A Modbus Exception Occurred - See Response Body
[2024-12-10T05:21:30.641Z] Error writing to Modbus register: A Modbus Exception Occurred - See Response Body
[2024-12-10T05:21:31.650Z] Error reading or processing Modbus registers: A Modbus Exception Occurred - See Response Body
[2024-12-10T05:21:31.652Z] Error reading register 6507 for IP 10.30.4.128: A Modbus Exception Occurred - See Response Body
[2024-12-10T05:21:31.653Z] Error reading actual data: A Modbus Exception Occurred - See Response Body
[2024-12-10T05:21:31.654Z] Error writing to Modbus register: A Modbus Exception Occurred - See Response Body
[2024-12-10T05:21:32.649Z] Error reading or processing Modbus registers: A Modbus Exception Occurred - See Response Body
[2024-12-10T05:21:32.651Z] Error reading register 6507 for IP 10.30.4.128: A Modbus Exception Occurred - See Response Body
[2024-12-10T05:21:32.652Z] Error reading actual data: A Modbus Exception Occurred - See Response Body
[2024-12-10T05:21:32.653Z] Error writing to Modbus register: A Modbus Exception Occurred - See Response Body
[2024-12-10T05:21:33.650Z] Error reading or processing Modbus registers: A Modbus Exception Occurred - See Response Body
[2024-12-10T05:21:33.652Z] Error reading register 6507 for IP 10.30.4.128: A Modbus Exception Occurred - See Response Body
[2024-12-10T05:21:33.653Z] Error reading actual data: A Modbus Exception Occurred - See Response Body
[2024-12-10T05:21:33.654Z] Error writing to Modbus register: A Modbus Exception Occurred - See Response Body
[2024-12-10T05:21:34.660Z] Error reading or processing Modbus registers: A Modbus Exception Occurred - See Response Body
[2024-12-10T05:21:34.663Z] Error reading register 6507 for IP 10.30.4.128: A Modbus Exception Occurred - See Response Body
[2024-12-10T05:21:34.663Z] Error reading actual data: A Modbus Exception Occurred - See Response Body
[2024-12-10T05:21:34.664Z] Error writing to Modbus register: A Modbus Exception Occurred - See Response Body
[2024-12-10T05:21:35.674Z] Error reading or processing Modbus registers: A Modbus Exception Occurred - See Response Body
[2024-12-10T05:21:35.676Z] Error reading register 6507 for IP 10.30.4.128: A Modbus Exception Occurred - See Response Body
[2024-12-10T05:21:35.677Z] Error reading actual data: A Modbus Exception Occurred - See Response Body
[2024-12-10T05:21:35.677Z] Error writing to Modbus register: A Modbus Exception Occurred - See Response Body
[2024-12-10T05:21:36.686Z] Error reading or processing Modbus registers: A Modbus Exception Occurred - See Response Body
[2024-12-10T05:21:36.688Z] Error reading register 6507 for IP 10.30.4.128: A Modbus Exception Occurred - See Response Body
[2024-12-10T05:21:36.689Z] Error reading actual data: A Modbus Exception Occurred - See Response Body
[2024-12-10T05:21:36.693Z] Error writing to Modbus register: A Modbus Exception Occurred - See Response Body
[2024-12-10T05:21:37.700Z] Error reading or processing Modbus registers: A Modbus Exception Occurred - See Response Body
[2024-12-10T05:21:37.702Z] Error reading register 6507 for IP 10.30.4.128: A Modbus Exception Occurred - See Response Body
[2024-12-10T05:21:37.703Z] Error reading actual data: A Modbus Exception Occurred - See Response Body
[2024-12-10T05:21:37.703Z] Error writing to Modbus register: A Modbus Exception Occurred - See Response Body
[2024-12-10T05:21:38.713Z] Error reading or processing Modbus registers: A Modbus Exception Occurred - See Response Body
[2024-12-10T05:21:38.715Z] Error reading register 6507 for IP 10.30.4.128: A Modbus Exception Occurred - See Response Body
[2024-12-10T05:21:38.716Z] Error reading actual data: A Modbus Exception Occurred - See Response Body
[2024-12-10T05:21:38.716Z] Error writing to Modbus register: A Modbus Exception Occurred - See Response Body
[2024-12-10T05:21:39.728Z] Error reading or processing Modbus registers: A Modbus Exception Occurred - See Response Body
[2024-12-10T05:21:39.730Z] Error reading register 6507 for IP 10.30.4.128: A Modbus Exception Occurred - See Response Body
[2024-12-10T05:21:39.731Z] Error reading actual data: A Modbus Exception Occurred - See Response Body
[2024-12-10T05:21:39.731Z] Error writing to Modbus register: A Modbus Exception Occurred - See Response Body
[2024-12-10T05:21:40.740Z] Error reading or processing Modbus registers: A Modbus Exception Occurred - See Response Body
[2024-12-10T05:21:40.742Z] Error reading register 6507 for IP 10.30.4.128: A Modbus Exception Occurred - See Response Body
[2024-12-10T05:21:40.743Z] Error reading actual data: A Modbus Exception Occurred - See Response Body
[2024-12-10T05:21:40.743Z] Error writing to Modbus register: A Modbus Exception Occurred - See Response Body
[2024-12-10T05:21:41.752Z] Error reading or processing Modbus registers: A Modbus Exception Occurred - See Response Body
[2024-12-10T05:21:41.754Z] Error reading register 6507 for IP 10.30.4.128: A Modbus Exception Occurred - See Response Body
[2024-12-10T05:21:41.755Z] Error reading actual data: A Modbus Exception Occurred - See Response Body
[2024-12-10T05:21:41.755Z] Error writing to Modbus register: A Modbus Exception Occurred - See Response Body
[2024-12-10T05:21:42.765Z] Error reading or processing Modbus registers: A Modbus Exception Occurred - See Response Body
[2024-12-10T05:21:42.767Z] Error reading register 6507 for IP 10.30.4.128: A Modbus Exception Occurred - See Response Body
[2024-12-10T05:21:42.768Z] Error reading actual data: A Modbus Exception Occurred - See Response Body
[2024-12-10T05:21:42.768Z] Error writing to Modbus register: A Modbus Exception Occurred - See Response Body
[2024-12-10T05:21:43.779Z] Error reading or processing Modbus registers: A Modbus Exception Occurred - See Response Body
[2024-12-10T05:21:43.782Z] Error reading register 6507 for IP 10.30.4.128: A Modbus Exception Occurred - See Response Body
[2024-12-10T05:21:43.783Z] Error reading actual data: A Modbus Exception Occurred - See Response Body
[2024-12-10T05:21:43.783Z] Error writing to Modbus register: A Modbus Exception Occurred - See Response Body
[2024-12-10T05:21:44.784Z] Error reading or processing Modbus registers: A Modbus Exception Occurred - See Response Body
[2024-12-10T05:21:44.786Z] Error reading register 6507 for IP 10.30.4.128: A Modbus Exception Occurred - See Response Body
[2024-12-10T05:21:44.787Z] Error reading actual data: A Modbus Exception Occurred - See Response Body
[2024-12-10T05:21:44.787Z] Error writing to Modbus register: A Modbus Exception Occurred - See Response Body
[2024-12-10T05:21:45.798Z] Error reading or processing Modbus registers: A Modbus Exception Occurred - See Response Body
[2024-12-10T05:21:45.801Z] Error reading register 6507 for IP 10.30.4.128: A Modbus Exception Occurred - See Response Body
[2024-12-10T05:21:45.801Z] Error reading actual data: A Modbus Exception Occurred - See Response Body
[2024-12-10T05:21:45.802Z] Error writing to Modbus register: A Modbus Exception Occurred - See Response Body
[2024-12-10T05:21:46.809Z] Error reading or processing Modbus registers: A Modbus Exception Occurred - See Response Body
[2024-12-10T05:21:46.812Z] Error reading register 6507 for IP 10.30.4.128: A Modbus Exception Occurred - See Response Body
[2024-12-10T05:21:46.813Z] Error reading actual data: A Modbus Exception Occurred - See Response Body
[2024-12-10T05:21:46.813Z] Error writing to Modbus register: A Modbus Exception Occurred - See Response Body
[2024-12-10T05:21:47.820Z] Error reading or processing Modbus registers: A Modbus Exception Occurred - See Response Body
[2024-12-10T05:21:47.822Z] Error reading register 6507 for IP 10.30.4.128: A Modbus Exception Occurred - See Response Body
[2024-12-10T05:21:47.823Z] Error reading actual data: A Modbus Exception Occurred - See Response Body
[2024-12-10T05:21:47.824Z] Error writing to Modbus register: A Modbus Exception Occurred - See Response Body
[2024-12-10T05:21:48.822Z] Error reading or processing Modbus registers: A Modbus Exception Occurred - See Response Body
[2024-12-10T05:21:48.825Z] Error reading register 6507 for IP 10.30.4.128: A Modbus Exception Occurred - See Response Body
[2024-12-10T05:21:48.826Z] Error reading actual data: A Modbus Exception Occurred - See Response Body
[2024-12-10T05:21:48.826Z] Error writing to Modbus register: A Modbus Exception Occurred - See Response Body
[2024-12-10T05:21:49.835Z] Error reading or processing Modbus registers: A Modbus Exception Occurred - See Response Body
[2024-12-10T05:21:49.838Z] Error reading register 6507 for IP 10.30.4.128: A Modbus Exception Occurred - See Response Body
[2024-12-10T05:21:49.839Z] Error reading actual data: A Modbus Exception Occurred - See Response Body
[2024-12-10T05:21:49.839Z] Error writing to Modbus register: A Modbus Exception Occurred - See Response Body
[2024-12-10T05:21:50.848Z] Error reading or processing Modbus registers: A Modbus Exception Occurred - See Response Body
[2024-12-10T05:21:50.850Z] Error reading register 6507 for IP 10.30.4.128: A Modbus Exception Occurred - See Response Body
[2024-12-10T05:21:50.851Z] Error reading actual data: A Modbus Exception Occurred - See Response Body
[2024-12-10T05:21:50.852Z] Error writing to Modbus register: A Modbus Exception Occurred - See Response Body
[2024-12-10T05:21:51.861Z] Error reading or processing Modbus registers: A Modbus Exception Occurred - See Response Body
[2024-12-10T05:21:51.863Z] Error reading register 6507 for IP 10.30.4.128: A Modbus Exception Occurred - See Response Body
[2024-12-10T05:21:51.864Z] Error reading actual data: A Modbus Exception Occurred - See Response Body
[2024-12-10T05:21:51.864Z] Error writing to Modbus register: A Modbus Exception Occurred - See Response Body
[2024-12-10T05:21:52.862Z] Error reading or processing Modbus registers: A Modbus Exception Occurred - See Response Body
[2024-12-10T05:21:52.866Z] Error reading register 6507 for IP 10.30.4.128: A Modbus Exception Occurred - See Response Body
[2024-12-10T05:21:52.866Z] Error reading actual data: A Modbus Exception Occurred - See Response Body
[2024-12-10T05:21:52.867Z] Error writing to Modbus register: A Modbus Exception Occurred - See Response Body
[2024-12-10T05:21:53.878Z] Error reading or processing Modbus registers: A Modbus Exception Occurred - See Response Body
[2024-12-10T05:21:53.880Z] Error reading register 6507 for IP 10.30.4.128: A Modbus Exception Occurred - See Response Body
[2024-12-10T05:21:53.881Z] Error reading actual data: A Modbus Exception Occurred - See Response Body
[2024-12-10T05:21:53.881Z] Error writing to Modbus register: A Modbus Exception Occurred - See Response Body
[2024-12-10T05:21:54.891Z] Error reading or processing Modbus registers: A Modbus Exception Occurred - See Response Body
[2024-12-10T05:21:54.894Z] Error reading register 6507 for IP 10.30.4.128: A Modbus Exception Occurred - See Response Body
[2024-12-10T05:21:54.895Z] Error reading actual data: A Modbus Exception Occurred - See Response Body
[2024-12-10T05:21:54.896Z] Error writing to Modbus register: A Modbus Exception Occurred - See Response Body
[2024-12-10T05:21:55.903Z] Error reading or processing Modbus registers: A Modbus Exception Occurred - See Response Body
[2024-12-10T05:21:55.905Z] Error reading register 6507 for IP 10.30.4.128: A Modbus Exception Occurred - See Response Body
[2024-12-10T05:21:55.906Z] Error reading actual data: A Modbus Exception Occurred - See Response Body
[2024-12-10T05:21:55.906Z] Error writing to Modbus register: A Modbus Exception Occurred - See Response Body
[2024-12-10T05:21:56.918Z] Error reading or processing Modbus registers: A Modbus Exception Occurred - See Response Body
[2024-12-10T05:21:56.920Z] Error reading register 6507 for IP 10.30.4.128: A Modbus Exception Occurred - See Response Body
[2024-12-10T05:21:56.920Z] Error reading actual data: A Modbus Exception Occurred - See Response Body
[2024-12-10T05:21:56.921Z] Error writing to Modbus register: A Modbus Exception Occurred - See Response Body
[2024-12-10T05:21:57.931Z] Error reading or processing Modbus registers: A Modbus Exception Occurred - See Response Body
[2024-12-10T05:21:57.933Z] Error reading register 6507 for IP 10.30.4.128: A Modbus Exception Occurred - See Response Body
[2024-12-10T05:21:57.934Z] Error reading actual data: A Modbus Exception Occurred - See Response Body
[2024-12-10T05:21:57.934Z] Error writing to Modbus register: A Modbus Exception Occurred - See Response Body
[2024-12-10T05:21:58.944Z] Error reading or processing Modbus registers: A Modbus Exception Occurred - See Response Body
[2024-12-10T05:21:58.946Z] Error reading register 6507 for IP 10.30.4.128: A Modbus Exception Occurred - See Response Body
[2024-12-10T05:21:58.947Z] Error reading actual data: A Modbus Exception Occurred - See Response Body
[2024-12-10T05:21:58.947Z] Error writing to Modbus register: A Modbus Exception Occurred - See Response Body
[2024-12-10T05:21:59.957Z] Error reading or processing Modbus registers: A Modbus Exception Occurred - See Response Body
[2024-12-10T05:21:59.959Z] Error reading register 6507 for IP 10.30.4.128: A Modbus Exception Occurred - See Response Body
[2024-12-10T05:21:59.960Z] Error reading actual data: A Modbus Exception Occurred - See Response Body
[2024-12-10T05:21:59.961Z] Error writing to Modbus register: A Modbus Exception Occurred - See Response Body
[2024-12-10T05:22:00.968Z] Error reading or processing Modbus registers: A Modbus Exception Occurred - See Response Body
[2024-12-10T05:22:00.970Z] Error reading register 6507 for IP 10.30.4.128: A Modbus Exception Occurred - See Response Body
[2024-12-10T05:22:00.970Z] Error reading actual data: A Modbus Exception Occurred - See Response Body
[2024-12-10T05:22:00.971Z] Error writing to Modbus register: A Modbus Exception Occurred - See Response Body
[2024-12-10T05:22:01.980Z] Error reading or processing Modbus registers: A Modbus Exception Occurred - See Response Body
[2024-12-10T05:22:01.982Z] Error reading register 6507 for IP 10.30.4.128: A Modbus Exception Occurred - See Response Body
[2024-12-10T05:22:01.982Z] Error reading actual data: A Modbus Exception Occurred - See Response Body
[2024-12-10T05:22:01.983Z] Error writing to Modbus register: A Modbus Exception Occurred - See Response Body
[2024-12-10T05:22:02.992Z] Error reading or processing Modbus registers: A Modbus Exception Occurred - See Response Body
[2024-12-10T05:22:02.995Z] Error reading register 6507 for IP 10.30.4.128: A Modbus Exception Occurred - See Response Body
[2024-12-10T05:22:02.996Z] Error reading actual data: A Modbus Exception Occurred - See Response Body
[2024-12-10T05:22:02.996Z] Error writing to Modbus register: A Modbus Exception Occurred - See Response Body
[2024-12-10T05:22:03.998Z] Error reading or processing Modbus registers: A Modbus Exception Occurred - See Response Body
[2024-12-10T05:22:04.001Z] Error reading register 6507 for IP 10.30.4.128: A Modbus Exception Occurred - See Response Body
[2024-12-10T05:22:04.001Z] Error reading actual data: A Modbus Exception Occurred - See Response Body
[2024-12-10T05:22:04.002Z] Error writing to Modbus register: A Modbus Exception Occurred - See Response Body
[2024-12-10T05:22:04.997Z] Error reading or processing Modbus registers: A Modbus Exception Occurred - See Response Body
[2024-12-10T05:22:05.000Z] Error reading register 6507 for IP 10.30.4.128: A Modbus Exception Occurred - See Response Body
[2024-12-10T05:22:05.001Z] Error reading actual data: A Modbus Exception Occurred - See Response Body
[2024-12-10T05:22:05.002Z] Error writing to Modbus register: A Modbus Exception Occurred - See Response Body
[2024-12-10T05:22:06.010Z] Error reading or processing Modbus registers: A Modbus Exception Occurred - See Response Body
[2024-12-10T05:22:06.012Z] Error reading register 6507 for IP 10.30.4.128: A Modbus Exception Occurred - See Response Body
[2024-12-10T05:22:06.012Z] Error reading actual data: A Modbus Exception Occurred - See Response Body
[2024-12-10T05:22:06.013Z] Error writing to Modbus register: A Modbus Exception Occurred - See Response Body
[2024-12-10T05:22:07.024Z] Error reading or processing Modbus registers: A Modbus Exception Occurred - See Response Body
[2024-12-10T05:22:07.026Z] Error reading register 6507 for IP 10.30.4.128: A Modbus Exception Occurred - See Response Body
[2024-12-10T05:22:07.027Z] Error reading actual data: A Modbus Exception Occurred - See Response Body
[2024-12-10T05:22:07.028Z] Error writing to Modbus register: A Modbus Exception Occurred - See Response Body
[2024-12-10T05:22:08.027Z] Error reading or processing Modbus registers: A Modbus Exception Occurred - See Response Body
[2024-12-10T05:22:08.029Z] Error reading register 6507 for IP 10.30.4.128: A Modbus Exception Occurred - See Response Body
[2024-12-10T05:22:08.030Z] Error reading actual data: A Modbus Exception Occurred - See Response Body
[2024-12-10T05:22:08.030Z] Error writing to Modbus register: A Modbus Exception Occurred - See Response Body
[2024-12-10T05:22:09.037Z] Error reading or processing Modbus registers: A Modbus Exception Occurred - See Response Body
[2024-12-10T05:22:09.039Z] Error reading register 6507 for IP 10.30.4.128: A Modbus Exception Occurred - See Response Body
[2024-12-10T05:22:09.040Z] Error reading actual data: A Modbus Exception Occurred - See Response Body
[2024-12-10T05:22:09.041Z] Error writing to Modbus register: A Modbus Exception Occurred - See Response Body
[2024-12-10T05:22:10.051Z] Error reading or processing Modbus registers: A Modbus Exception Occurred - See Response Body
[2024-12-10T05:22:10.053Z] Error reading register 6507 for IP 10.30.4.128: A Modbus Exception Occurred - See Response Body
[2024-12-10T05:22:10.054Z] Error reading actual data: A Modbus Exception Occurred - See Response Body
[2024-12-10T05:22:10.054Z] Error writing to Modbus register: A Modbus Exception Occurred - See Response Body
[2024-12-10T05:22:11.064Z] Error reading or processing Modbus registers: A Modbus Exception Occurred - See Response Body
[2024-12-10T05:22:11.067Z] Error reading register 6507 for IP 10.30.4.128: A Modbus Exception Occurred - See Response Body
[2024-12-10T05:22:11.067Z] Error reading actual data: A Modbus Exception Occurred - See Response Body
[2024-12-10T05:22:11.068Z] Error writing to Modbus register: A Modbus Exception Occurred - See Response Body
[2024-12-10T05:22:12.071Z] Error reading or processing Modbus registers: A Modbus Exception Occurred - See Response Body
[2024-12-10T05:22:12.075Z] Error reading register 6507 for IP 10.30.4.128: A Modbus Exception Occurred - See Response Body
[2024-12-10T05:22:12.076Z] Error reading actual data: A Modbus Exception Occurred - See Response Body
[2024-12-10T05:22:12.076Z] Error writing to Modbus register: A Modbus Exception Occurred - See Response Body
[2024-12-10T05:22:13.080Z] Error reading or processing Modbus registers: A Modbus Exception Occurred - See Response Body
[2024-12-10T05:22:13.082Z] Error reading register 6507 for IP 10.30.4.128: A Modbus Exception Occurred - See Response Body
[2024-12-10T05:22:13.083Z] Error reading actual data: A Modbus Exception Occurred - See Response Body
[2024-12-10T05:22:13.083Z] Error writing to Modbus register: A Modbus Exception Occurred - See Response Body
[2024-12-10T05:22:14.094Z] Error reading or processing Modbus registers: A Modbus Exception Occurred - See Response Body
[2024-12-10T05:22:14.096Z] Error reading register 6507 for IP 10.30.4.128: A Modbus Exception Occurred - See Response Body
[2024-12-10T05:22:14.097Z] Error reading actual data: A Modbus Exception Occurred - See Response Body
[2024-12-10T05:22:14.098Z] Error writing to Modbus register: A Modbus Exception Occurred - See Response Body
[2024-12-10T05:22:15.096Z] Error reading or processing Modbus registers: A Modbus Exception Occurred - See Response Body
[2024-12-10T05:22:15.098Z] Error reading register 6507 for IP 10.30.4.128: A Modbus Exception Occurred - See Response Body
[2024-12-10T05:22:15.099Z] Error reading actual data: A Modbus Exception Occurred - See Response Body
[2024-12-10T05:22:15.099Z] Error writing to Modbus register: A Modbus Exception Occurred - See Response Body
[2024-12-10T05:22:16.110Z] Error reading or processing Modbus registers: A Modbus Exception Occurred - See Response Body
[2024-12-10T05:22:16.112Z] Error reading register 6507 for IP 10.30.4.128: A Modbus Exception Occurred - See Response Body
[2024-12-10T05:22:16.113Z] Error reading actual data: A Modbus Exception Occurred - See Response Body
[2024-12-10T05:22:16.114Z] Error writing to Modbus register: A Modbus Exception Occurred - See Response Body
[2024-12-10T05:22:17.118Z] Error reading or processing Modbus registers: A Modbus Exception Occurred - See Response Body
[2024-12-10T05:22:17.121Z] Error reading register 6507 for IP 10.30.4.128: A Modbus Exception Occurred - See Response Body
[2024-12-10T05:22:17.121Z] Error reading actual data: A Modbus Exception Occurred - See Response Body
[2024-12-10T05:22:17.122Z] Error writing to Modbus register: A Modbus Exception Occurred - See Response Body
[2024-12-10T05:22:18.134Z] Error reading or processing Modbus registers: A Modbus Exception Occurred - See Response Body
[2024-12-10T05:22:18.136Z] Error reading register 6507 for IP 10.30.4.128: A Modbus Exception Occurred - See Response Body
[2024-12-10T05:22:18.136Z] Error reading actual data: A Modbus Exception Occurred - See Response Body
[2024-12-10T05:22:18.137Z] Error writing to Modbus register: A Modbus Exception Occurred - See Response Body
[2024-12-10T05:22:19.147Z] Error reading or processing Modbus registers: A Modbus Exception Occurred - See Response Body
[2024-12-10T05:22:19.149Z] Error reading register 6507 for IP 10.30.4.128: A Modbus Exception Occurred - See Response Body
[2024-12-10T05:22:19.150Z] Error reading actual data: A Modbus Exception Occurred - See Response Body
[2024-12-10T05:22:19.150Z] Error writing to Modbus register: A Modbus Exception Occurred - See Response Body
[2024-12-10T05:22:20.157Z] Error reading or processing Modbus registers: A Modbus Exception Occurred - See Response Body
[2024-12-10T05:22:20.159Z] Error reading register 6507 for IP 10.30.4.128: A Modbus Exception Occurred - See Response Body
[2024-12-10T05:22:20.160Z] Error reading actual data: A Modbus Exception Occurred - See Response Body
[2024-12-10T05:22:20.160Z] Error writing to Modbus register: A Modbus Exception Occurred - See Response Body
[2024-12-10T05:22:21.171Z] Error reading or processing Modbus registers: A Modbus Exception Occurred - See Response Body
[2024-12-10T05:22:21.188Z] Error reading register 6507 for IP 10.30.4.128: A Modbus Exception Occurred - See Response Body
[2024-12-10T05:22:21.188Z] Error reading actual data: A Modbus Exception Occurred - See Response Body
[2024-12-10T05:22:21.189Z] Error writing to Modbus register: A Modbus Exception Occurred - See Response Body
[2024-12-10T05:22:22.183Z] Error reading or processing Modbus registers: A Modbus Exception Occurred - See Response Body
[2024-12-10T05:22:22.185Z] Error reading register 6507 for IP 10.30.4.128: A Modbus Exception Occurred - See Response Body
[2024-12-10T05:22:22.186Z] Error reading actual data: A Modbus Exception Occurred - See Response Body
[2024-12-10T05:22:22.187Z] Error writing to Modbus register: A Modbus Exception Occurred - See Response Body
[2024-12-10T05:22:23.197Z] Error reading or processing Modbus registers: A Modbus Exception Occurred - See Response Body
[2024-12-10T05:22:23.199Z] Error reading register 6507 for IP 10.30.4.128: A Modbus Exception Occurred - See Response Body
[2024-12-10T05:22:23.200Z] Error reading actual data: A Modbus Exception Occurred - See Response Body
[2024-12-10T05:22:23.201Z] Error writing to Modbus register: A Modbus Exception Occurred - See Response Body
[2024-12-10T05:22:24.212Z] Error reading or processing Modbus registers: A Modbus Exception Occurred - See Response Body
[2024-12-10T05:22:24.214Z] Error reading register 6507 for IP 10.30.4.128: A Modbus Exception Occurred - See Response Body
[2024-12-10T05:22:24.215Z] Error reading actual data: A Modbus Exception Occurred - See Response Body
[2024-12-10T05:22:24.215Z] Error writing to Modbus register: A Modbus Exception Occurred - See Response Body
[2024-12-10T05:22:25.214Z] Error reading or processing Modbus registers: A Modbus Exception Occurred - See Response Body
[2024-12-10T05:22:25.217Z] Error reading register 6507 for IP 10.30.4.128: A Modbus Exception Occurred - See Response Body
[2024-12-10T05:22:25.217Z] Error reading actual data: A Modbus Exception Occurred - See Response Body
[2024-12-10T05:22:25.218Z] Error writing to Modbus register: A Modbus Exception Occurred - See Response Body
[2024-12-10T05:22:26.217Z] Error reading or processing Modbus registers: A Modbus Exception Occurred - See Response Body
[2024-12-10T05:22:26.219Z] Error reading register 6507 for IP 10.30.4.128: A Modbus Exception Occurred - See Response Body
[2024-12-10T05:22:26.220Z] Error reading actual data: A Modbus Exception Occurred - See Response Body
[2024-12-10T05:22:26.221Z] Error writing to Modbus register: A Modbus Exception Occurred - See Response Body
[2024-12-10T05:22:27.218Z] Error reading or processing Modbus registers: A Modbus Exception Occurred - See Response Body
[2024-12-10T05:22:27.220Z] Error reading register 6507 for IP 10.30.4.128: A Modbus Exception Occurred - See Response Body
[2024-12-10T05:22:27.221Z] Error reading actual data: A Modbus Exception Occurred - See Response Body
[2024-12-10T05:22:27.222Z] Error writing to Modbus register: A Modbus Exception Occurred - See Response Body
[2024-12-10T05:22:28.220Z] Error reading or processing Modbus registers: A Modbus Exception Occurred - See Response Body
[2024-12-10T05:22:28.223Z] Error reading register 6507 for IP 10.30.4.128: A Modbus Exception Occurred - See Response Body
[2024-12-10T05:22:28.223Z] Error reading actual data: A Modbus Exception Occurred - See Response Body
[2024-12-10T05:22:28.224Z] Error writing to Modbus register: A Modbus Exception Occurred - See Response Body
[2024-12-10T05:22:29.235Z] Error reading or processing Modbus registers: A Modbus Exception Occurred - See Response Body
[2024-12-10T05:22:29.237Z] Error reading register 6507 for IP 10.30.4.128: A Modbus Exception Occurred - See Response Body
[2024-12-10T05:22:29.237Z] Error reading actual data: A Modbus Exception Occurred - See Response Body
[2024-12-10T05:22:29.238Z] Error writing to Modbus register: A Modbus Exception Occurred - See Response Body
[2024-12-10T05:22:30.249Z] Error reading or processing Modbus registers: A Modbus Exception Occurred - See Response Body
[2024-12-10T05:22:30.251Z] Error reading register 6507 for IP 10.30.4.128: A Modbus Exception Occurred - See Response Body
[2024-12-10T05:22:30.252Z] Error reading actual data: A Modbus Exception Occurred - See Response Body
[2024-12-10T05:22:30.252Z] Error writing to Modbus register: A Modbus Exception Occurred - See Response Body
[2024-12-10T05:22:31.248Z] Error reading or processing Modbus registers: A Modbus Exception Occurred - See Response Body
[2024-12-10T05:22:31.250Z] Error reading register 6507 for IP 10.30.4.128: A Modbus Exception Occurred - See Response Body
[2024-12-10T05:22:31.251Z] Error reading actual data: A Modbus Exception Occurred - See Response Body
[2024-12-10T05:22:31.251Z] Error writing to Modbus register: A Modbus Exception Occurred - See Response Body
[2024-12-10T05:22:32.257Z] Error reading or processing Modbus registers: A Modbus Exception Occurred - See Response Body
[2024-12-10T05:22:32.259Z] Error reading register 6507 for IP 10.30.4.128: A Modbus Exception Occurred - See Response Body
[2024-12-10T05:22:32.260Z] Error reading actual data: A Modbus Exception Occurred - See Response Body
[2024-12-10T05:22:32.261Z] Error writing to Modbus register: A Modbus Exception Occurred - See Response Body
[2024-12-10T05:22:33.272Z] Error reading or processing Modbus registers: A Modbus Exception Occurred - See Response Body
[2024-12-10T05:22:33.274Z] Error reading register 6507 for IP 10.30.4.128: A Modbus Exception Occurred - See Response Body
[2024-12-10T05:22:33.275Z] Error reading actual data: A Modbus Exception Occurred - See Response Body
[2024-12-10T05:22:33.276Z] Error writing to Modbus register: A Modbus Exception Occurred - See Response Body
[2024-12-10T05:22:34.284Z] Error reading or processing Modbus registers: A Modbus Exception Occurred - See Response Body
[2024-12-10T05:22:34.286Z] Error reading register 6507 for IP 10.30.4.128: A Modbus Exception Occurred - See Response Body
[2024-12-10T05:22:34.287Z] Error reading actual data: A Modbus Exception Occurred - See Response Body
[2024-12-10T05:22:34.287Z] Error writing to Modbus register: A Modbus Exception Occurred - See Response Body
[2024-12-10T05:22:35.285Z] Error reading or processing Modbus registers: A Modbus Exception Occurred - See Response Body
[2024-12-10T05:22:35.287Z] Error reading register 6507 for IP 10.30.4.128: A Modbus Exception Occurred - See Response Body
[2024-12-10T05:22:35.287Z] Error reading actual data: A Modbus Exception Occurred - See Response Body
[2024-12-10T05:22:35.288Z] Error writing to Modbus register: A Modbus Exception Occurred - See Response Body
[2024-12-10T05:22:36.285Z] Error reading or processing Modbus registers: A Modbus Exception Occurred - See Response Body
[2024-12-10T05:22:36.288Z] Error reading register 6507 for IP 10.30.4.128: A Modbus Exception Occurred - See Response Body
[2024-12-10T05:22:36.288Z] Error reading actual data: A Modbus Exception Occurred - See Response Body
[2024-12-10T05:22:36.289Z] Error writing to Modbus register: A Modbus Exception Occurred - See Response Body
[2024-12-10T05:22:37.299Z] Error reading or processing Modbus registers: A Modbus Exception Occurred - See Response Body
[2024-12-10T05:22:37.300Z] Error reading register 6507 for IP 10.30.4.128: A Modbus Exception Occurred - See Response Body
[2024-12-10T05:22:37.301Z] Error reading actual data: A Modbus Exception Occurred - See Response Body
[2024-12-10T05:22:37.301Z] Error writing to Modbus register: A Modbus Exception Occurred - See Response Body
[2024-12-10T05:22:38.312Z] Error reading or processing Modbus registers: A Modbus Exception Occurred - See Response Body
[2024-12-10T05:22:38.314Z] Error reading register 6507 for IP 10.30.4.128: A Modbus Exception Occurred - See Response Body
[2024-12-10T05:22:38.315Z] Error reading actual data: A Modbus Exception Occurred - See Response Body
[2024-12-10T05:22:38.316Z] Error writing to Modbus register: A Modbus Exception Occurred - See Response Body
[2024-12-10T05:22:39.314Z] Error reading or processing Modbus registers: A Modbus Exception Occurred - See Response Body
[2024-12-10T05:22:39.315Z] Error reading register 6507 for IP 10.30.4.128: A Modbus Exception Occurred - See Response Body
[2024-12-10T05:22:39.316Z] Error reading actual data: A Modbus Exception Occurred - See Response Body
[2024-12-10T05:22:39.317Z] Error writing to Modbus register: A Modbus Exception Occurred - See Response Body
[2024-12-10T05:22:40.315Z] Error reading or processing Modbus registers: A Modbus Exception Occurred - See Response Body
[2024-12-10T05:22:40.316Z] Error reading register 6507 for IP 10.30.4.128: A Modbus Exception Occurred - See Response Body
[2024-12-10T05:22:40.317Z] Error reading actual data: A Modbus Exception Occurred - See Response Body
[2024-12-10T05:22:40.317Z] Error writing to Modbus register: A Modbus Exception Occurred - See Response Body
[2024-12-10T05:22:41.331Z] Error reading or processing Modbus registers: A Modbus Exception Occurred - See Response Body
[2024-12-10T05:22:41.333Z] Error reading register 6507 for IP 10.30.4.128: A Modbus Exception Occurred - See Response Body
[2024-12-10T05:22:41.334Z] Error reading actual data: A Modbus Exception Occurred - See Response Body
[2024-12-10T05:22:41.335Z] Error writing to Modbus register: A Modbus Exception Occurred - See Response Body
[2024-12-10T05:22:42.345Z] Error reading or processing Modbus registers: A Modbus Exception Occurred - See Response Body
[2024-12-10T05:22:42.346Z] Error reading register 6507 for IP 10.30.4.128: A Modbus Exception Occurred - See Response Body
[2024-12-10T05:22:42.347Z] Error reading actual data: A Modbus Exception Occurred - See Response Body
[2024-12-10T05:22:42.347Z] Error writing to Modbus register: A Modbus Exception Occurred - See Response Body
[2024-12-10T05:22:43.359Z] Error reading or processing Modbus registers: A Modbus Exception Occurred - See Response Body
[2024-12-10T05:22:43.361Z] Error reading register 6507 for IP 10.30.4.128: A Modbus Exception Occurred - See Response Body
[2024-12-10T05:22:43.362Z] Error reading actual data: A Modbus Exception Occurred - See Response Body
[2024-12-10T05:22:43.362Z] Error writing to Modbus register: A Modbus Exception Occurred - See Response Body
[2024-12-10T05:22:44.359Z] Error reading or processing Modbus registers: A Modbus Exception Occurred - See Response Body
[2024-12-10T05:22:44.362Z] Error reading register 6507 for IP 10.30.4.128: A Modbus Exception Occurred - See Response Body
[2024-12-10T05:22:44.363Z] Error reading actual data: A Modbus Exception Occurred - See Response Body
[2024-12-10T05:22:44.363Z] Error writing to Modbus register: A Modbus Exception Occurred - See Response Body
[2024-12-10T05:22:45.360Z] Error reading or processing Modbus registers: A Modbus Exception Occurred - See Response Body
[2024-12-10T05:22:45.362Z] Error reading register 6507 for IP 10.30.4.128: A Modbus Exception Occurred - See Response Body
[2024-12-10T05:22:45.363Z] Error reading actual data: A Modbus Exception Occurred - See Response Body
[2024-12-10T05:22:45.363Z] Error writing to Modbus register: A Modbus Exception Occurred - See Response Body
[2024-12-10T05:22:46.361Z] Error reading or processing Modbus registers: A Modbus Exception Occurred - See Response Body
[2024-12-10T05:22:46.364Z] Error reading register 6507 for IP 10.30.4.128: A Modbus Exception Occurred - See Response Body
[2024-12-10T05:22:46.364Z] Error reading actual data: A Modbus Exception Occurred - See Response Body
[2024-12-10T05:22:46.365Z] Error writing to Modbus register: A Modbus Exception Occurred - See Response Body
[2024-12-10T05:22:47.362Z] Error reading or processing Modbus registers: A Modbus Exception Occurred - See Response Body
[2024-12-10T05:22:47.364Z] Error reading register 6507 for IP 10.30.4.128: A Modbus Exception Occurred - See Response Body
[2024-12-10T05:22:47.365Z] Error reading actual data: A Modbus Exception Occurred - See Response Body
[2024-12-10T05:22:47.365Z] Error writing to Modbus register: A Modbus Exception Occurred - See Response Body
[2024-12-10T05:22:48.363Z] Error reading or processing Modbus registers: A Modbus Exception Occurred - See Response Body
[2024-12-10T05:22:48.365Z] Error reading register 6507 for IP 10.30.4.128: A Modbus Exception Occurred - See Response Body
[2024-12-10T05:22:48.366Z] Error reading actual data: A Modbus Exception Occurred - See Response Body
[2024-12-10T05:22:48.366Z] Error writing to Modbus register: A Modbus Exception Occurred - See Response Body
[2024-12-10T05:22:49.367Z] Error reading or processing Modbus registers: A Modbus Exception Occurred - See Response Body
[2024-12-10T05:22:49.369Z] Error reading register 6507 for IP 10.30.4.128: A Modbus Exception Occurred - See Response Body
[2024-12-10T05:22:49.370Z] Error reading actual data: A Modbus Exception Occurred - See Response Body
[2024-12-10T05:22:49.370Z] Error writing to Modbus register: A Modbus Exception Occurred - See Response Body
[2024-12-10T05:22:50.371Z] Error reading or processing Modbus registers: A Modbus Exception Occurred - See Response Body
[2024-12-10T05:22:50.373Z] Error reading register 6507 for IP 10.30.4.128: A Modbus Exception Occurred - See Response Body
[2024-12-10T05:22:50.374Z] Error reading actual data: A Modbus Exception Occurred - See Response Body
[2024-12-10T05:22:50.374Z] Error writing to Modbus register: A Modbus Exception Occurred - See Response Body
[2024-12-10T05:22:51.382Z] Error reading or processing Modbus registers: A Modbus Exception Occurred - See Response Body
[2024-12-10T05:22:51.384Z] Error reading register 6507 for IP 10.30.4.128: A Modbus Exception Occurred - See Response Body
[2024-12-10T05:22:51.385Z] Error reading actual data: A Modbus Exception Occurred - See Response Body
[2024-12-10T05:22:51.386Z] Error writing to Modbus register: A Modbus Exception Occurred - See Response Body
[2024-12-10T05:22:52.396Z] Error reading or processing Modbus registers: A Modbus Exception Occurred - See Response Body
[2024-12-10T05:22:52.398Z] Error reading register 6507 for IP 10.30.4.128: A Modbus Exception Occurred - See Response Body
[2024-12-10T05:22:52.399Z] Error reading actual data: A Modbus Exception Occurred - See Response Body
[2024-12-10T05:22:52.400Z] Error writing to Modbus register: A Modbus Exception Occurred - See Response Body
[2024-12-10T05:22:53.401Z] Error reading or processing Modbus registers: A Modbus Exception Occurred - See Response Body
[2024-12-10T05:22:53.404Z] Error reading register 6507 for IP 10.30.4.128: A Modbus Exception Occurred - See Response Body
[2024-12-10T05:22:53.405Z] Error reading actual data: A Modbus Exception Occurred - See Response Body
[2024-12-10T05:22:53.405Z] Error writing to Modbus register: A Modbus Exception Occurred - See Response Body
[2024-12-10T05:22:54.413Z] Error reading or processing Modbus registers: A Modbus Exception Occurred - See Response Body
[2024-12-10T05:22:54.416Z] Error reading register 6507 for IP 10.30.4.128: A Modbus Exception Occurred - See Response Body
[2024-12-10T05:22:54.416Z] Error reading actual data: A Modbus Exception Occurred - See Response Body
[2024-12-10T05:22:54.417Z] Error writing to Modbus register: A Modbus Exception Occurred - See Response Body
[2024-12-10T05:22:55.414Z] Error reading or processing Modbus registers: A Modbus Exception Occurred - See Response Body
[2024-12-10T05:22:55.416Z] Error reading register 6507 for IP 10.30.4.128: A Modbus Exception Occurred - See Response Body
[2024-12-10T05:22:55.417Z] Error reading actual data: A Modbus Exception Occurred - See Response Body
[2024-12-10T05:22:55.417Z] Error writing to Modbus register: A Modbus Exception Occurred - See Response Body
[2024-12-10T05:22:56.413Z] Error reading or processing Modbus registers: A Modbus Exception Occurred - See Response Body
[2024-12-10T05:22:56.416Z] Error reading register 6507 for IP 10.30.4.128: A Modbus Exception Occurred - See Response Body
[2024-12-10T05:22:56.416Z] Error reading actual data: A Modbus Exception Occurred - See Response Body
[2024-12-10T05:22:56.417Z] Error writing to Modbus register: A Modbus Exception Occurred - See Response Body
[2024-12-10T05:22:57.426Z] Error reading or processing Modbus registers: A Modbus Exception Occurred - See Response Body
[2024-12-10T05:22:57.428Z] Error reading register 6507 for IP 10.30.4.128: A Modbus Exception Occurred - See Response Body
[2024-12-10T05:22:57.429Z] Error reading actual data: A Modbus Exception Occurred - See Response Body
[2024-12-10T05:22:57.430Z] Error writing to Modbus register: A Modbus Exception Occurred - See Response Body
[2024-12-10T05:22:58.439Z] Error reading or processing Modbus registers: A Modbus Exception Occurred - See Response Body
[2024-12-10T05:22:58.441Z] Error reading register 6507 for IP 10.30.4.128: A Modbus Exception Occurred - See Response Body
[2024-12-10T05:22:58.442Z] Error reading actual data: A Modbus Exception Occurred - See Response Body
[2024-12-10T05:22:58.443Z] Error writing to Modbus register: A Modbus Exception Occurred - See Response Body
[2024-12-10T05:22:59.455Z] Error reading or processing Modbus registers: A Modbus Exception Occurred - See Response Body
[2024-12-10T05:22:59.456Z] Error reading register 6507 for IP 10.30.4.128: A Modbus Exception Occurred - See Response Body
[2024-12-10T05:22:59.457Z] Error reading actual data: A Modbus Exception Occurred - See Response Body
[2024-12-10T05:22:59.458Z] Error writing to Modbus register: A Modbus Exception Occurred - See Response Body
[2024-12-10T05:23:00.466Z] Error reading or processing Modbus registers: A Modbus Exception Occurred - See Response Body
[2024-12-10T05:23:00.468Z] Error reading register 6507 for IP 10.30.4.128: A Modbus Exception Occurred - See Response Body
[2024-12-10T05:23:00.469Z] Error reading actual data: A Modbus Exception Occurred - See Response Body
[2024-12-10T05:23:00.469Z] Error writing to Modbus register: A Modbus Exception Occurred - See Response Body
[2024-12-10T05:23:01.474Z] Error reading or processing Modbus registers: A Modbus Exception Occurred - See Response Body
[2024-12-10T05:23:01.476Z] Error reading register 6507 for IP 10.30.4.128: A Modbus Exception Occurred - See Response Body
[2024-12-10T05:23:01.477Z] Error reading actual data: A Modbus Exception Occurred - See Response Body
[2024-12-10T05:23:01.477Z] Error writing to Modbus register: A Modbus Exception Occurred - See Response Body
[2024-12-10T05:23:02.489Z] Error reading or processing Modbus registers: A Modbus Exception Occurred - See Response Body
[2024-12-10T05:23:02.491Z] Error reading register 6507 for IP 10.30.4.128: A Modbus Exception Occurred - See Response Body
[2024-12-10T05:23:02.492Z] Error reading actual data: A Modbus Exception Occurred - See Response Body
[2024-12-10T05:23:02.492Z] Error writing to Modbus register: A Modbus Exception Occurred - See Response Body
[2024-12-10T05:23:03.491Z] Error reading or processing Modbus registers: A Modbus Exception Occurred - See Response Body
[2024-12-10T05:23:03.493Z] Error reading register 6507 for IP 10.30.4.128: A Modbus Exception Occurred - See Response Body
[2024-12-10T05:23:03.494Z] Error writing to Modbus register: A Modbus Exception Occurred - See Response Body
[2024-12-10T05:23:03.494Z] Error reading actual data: A Modbus Exception Occurred - See Response Body
[2024-12-10T05:23:04.494Z] Error reading or processing Modbus registers: A Modbus Exception Occurred - See Response Body
[2024-12-10T05:23:04.496Z] Error reading register 6507 for IP 10.30.4.128: A Modbus Exception Occurred - See Response Body
[2024-12-10T05:23:04.496Z] Error reading actual data: A Modbus Exception Occurred - See Response Body
[2024-12-10T05:23:04.497Z] Error writing to Modbus register: A Modbus Exception Occurred - See Response Body
[2024-12-10T05:23:05.496Z] Error reading or processing Modbus registers: A Modbus Exception Occurred - See Response Body
[2024-12-10T05:23:05.498Z] Error reading register 6507 for IP 10.30.4.128: A Modbus Exception Occurred - See Response Body
[2024-12-10T05:23:05.499Z] Error reading actual data: A Modbus Exception Occurred - See Response Body
[2024-12-10T05:23:05.499Z] Error writing to Modbus register: A Modbus Exception Occurred - See Response Body
[2024-12-10T05:23:06.509Z] Error reading or processing Modbus registers: A Modbus Exception Occurred - See Response Body
[2024-12-10T05:23:06.511Z] Error reading register 6507 for IP 10.30.4.128: A Modbus Exception Occurred - See Response Body
[2024-12-10T05:23:06.512Z] Error reading actual data: A Modbus Exception Occurred - See Response Body
[2024-12-10T05:23:06.512Z] Error writing to Modbus register: A Modbus Exception Occurred - See Response Body
[2024-12-10T05:23:07.524Z] Error reading or processing Modbus registers: A Modbus Exception Occurred - See Response Body
[2024-12-10T05:23:07.526Z] Error reading register 6507 for IP 10.30.4.128: A Modbus Exception Occurred - See Response Body
[2024-12-10T05:23:07.527Z] Error reading actual data: A Modbus Exception Occurred - See Response Body
[2024-12-10T05:23:07.527Z] Error writing to Modbus register: A Modbus Exception Occurred - See Response Body
[2024-12-10T05:23:08.526Z] Error reading or processing Modbus registers: A Modbus Exception Occurred - See Response Body
[2024-12-10T05:23:08.528Z] Error reading register 6507 for IP 10.30.4.128: A Modbus Exception Occurred - See Response Body
[2024-12-10T05:23:08.529Z] Error reading actual data: A Modbus Exception Occurred - See Response Body
[2024-12-10T05:23:08.529Z] Error writing to Modbus register: A Modbus Exception Occurred - See Response Body
[2024-12-10T05:23:09.540Z] Error reading or processing Modbus registers: A Modbus Exception Occurred - See Response Body
[2024-12-10T05:23:09.543Z] Error reading register 6507 for IP 10.30.4.128: A Modbus Exception Occurred - See Response Body
[2024-12-10T05:23:09.543Z] Error reading actual data: A Modbus Exception Occurred - See Response Body
[2024-12-10T05:23:09.544Z] Error writing to Modbus register: A Modbus Exception Occurred - See Response Body
[2024-12-10T05:23:10.553Z] Error reading or processing Modbus registers: A Modbus Exception Occurred - See Response Body
[2024-12-10T05:23:10.556Z] Error reading register 6507 for IP 10.30.4.128: A Modbus Exception Occurred - See Response Body
[2024-12-10T05:23:10.557Z] Error reading actual data: A Modbus Exception Occurred - See Response Body
[2024-12-10T05:23:10.557Z] Error writing to Modbus register: A Modbus Exception Occurred - See Response Body
[2024-12-10T05:23:11.553Z] Error reading or processing Modbus registers: A Modbus Exception Occurred - See Response Body
[2024-12-10T05:23:11.556Z] Error reading register 6507 for IP 10.30.4.128: A Modbus Exception Occurred - See Response Body
[2024-12-10T05:23:11.557Z] Error reading actual data: A Modbus Exception Occurred - See Response Body
[2024-12-10T05:23:11.557Z] Error writing to Modbus register: A Modbus Exception Occurred - See Response Body
[2024-12-10T05:23:12.557Z] Error reading or processing Modbus registers: A Modbus Exception Occurred - See Response Body
[2024-12-10T05:23:12.560Z] Error reading register 6507 for IP 10.30.4.128: A Modbus Exception Occurred - See Response Body
[2024-12-10T05:23:12.560Z] Error reading actual data: A Modbus Exception Occurred - See Response Body
[2024-12-10T05:23:12.561Z] Error writing to Modbus register: A Modbus Exception Occurred - See Response Body
[2024-12-10T05:23:13.560Z] Error reading or processing Modbus registers: A Modbus Exception Occurred - See Response Body
[2024-12-10T05:23:13.562Z] Error reading register 6507 for IP 10.30.4.128: A Modbus Exception Occurred - See Response Body
[2024-12-10T05:23:13.563Z] Error reading actual data: A Modbus Exception Occurred - See Response Body
[2024-12-10T05:23:13.564Z] Error writing to Modbus register: A Modbus Exception Occurred - See Response Body
[2024-12-10T05:23:14.564Z] Error reading or processing Modbus registers: A Modbus Exception Occurred - See Response Body
[2024-12-10T05:23:14.566Z] Error reading register 6507 for IP 10.30.4.128: A Modbus Exception Occurred - See Response Body
[2024-12-10T05:23:14.567Z] Error reading actual data: A Modbus Exception Occurred - See Response Body
[2024-12-10T05:23:14.568Z] Error writing to Modbus register: A Modbus Exception Occurred - See Response Body
[2024-12-10T05:23:15.575Z] Error reading or processing Modbus registers: A Modbus Exception Occurred - See Response Body
[2024-12-10T05:23:15.577Z] Error reading register 6507 for IP 10.30.4.128: A Modbus Exception Occurred - See Response Body
[2024-12-10T05:23:15.578Z] Error reading actual data: A Modbus Exception Occurred - See Response Body
[2024-12-10T05:23:15.578Z] Error writing to Modbus register: A Modbus Exception Occurred - See Response Body
[2024-12-10T05:23:16.590Z] Error reading or processing Modbus registers: A Modbus Exception Occurred - See Response Body
[2024-12-10T05:23:16.592Z] Error reading register 6507 for IP 10.30.4.128: A Modbus Exception Occurred - See Response Body
[2024-12-10T05:23:16.592Z] Error reading actual data: A Modbus Exception Occurred - See Response Body
[2024-12-10T05:23:16.593Z] Error writing to Modbus register: A Modbus Exception Occurred - See Response Body
[2024-12-10T05:23:17.592Z] Error reading or processing Modbus registers: A Modbus Exception Occurred - See Response Body
[2024-12-10T05:23:17.595Z] Error reading register 6507 for IP 10.30.4.128: A Modbus Exception Occurred - See Response Body
[2024-12-10T05:23:17.595Z] Error reading actual data: A Modbus Exception Occurred - See Response Body
[2024-12-10T05:23:17.596Z] Error writing to Modbus register: A Modbus Exception Occurred - See Response Body
[2024-12-10T05:23:18.595Z] Error reading or processing Modbus registers: A Modbus Exception Occurred - See Response Body
[2024-12-10T05:23:18.597Z] Error reading register 6507 for IP 10.30.4.128: A Modbus Exception Occurred - See Response Body
[2024-12-10T05:23:18.598Z] Error reading actual data: A Modbus Exception Occurred - See Response Body
[2024-12-10T05:23:18.599Z] Error writing to Modbus register: A Modbus Exception Occurred - See Response Body
[2024-12-10T05:23:19.597Z] Error reading or processing Modbus registers: A Modbus Exception Occurred - See Response Body
[2024-12-10T05:23:19.599Z] Error reading register 6507 for IP 10.30.4.128: A Modbus Exception Occurred - See Response Body
[2024-12-10T05:23:19.600Z] Error reading actual data: A Modbus Exception Occurred - See Response Body
[2024-12-10T05:23:19.601Z] Error writing to Modbus register: A Modbus Exception Occurred - See Response Body
[2024-12-10T05:23:20.608Z] Error reading or processing Modbus registers: A Modbus Exception Occurred - See Response Body
[2024-12-10T05:23:20.610Z] Error reading register 6507 for IP 10.30.4.128: A Modbus Exception Occurred - See Response Body
[2024-12-10T05:23:20.611Z] Error reading actual data: A Modbus Exception Occurred - See Response Body
[2024-12-10T05:23:20.612Z] Error writing to Modbus register: A Modbus Exception Occurred - See Response Body
[2024-12-10T05:23:21.613Z] Error reading or processing Modbus registers: A Modbus Exception Occurred - See Response Body
[2024-12-10T05:23:21.616Z] Error reading register 6507 for IP 10.30.4.128: A Modbus Exception Occurred - See Response Body
[2024-12-10T05:23:21.616Z] Error reading actual data: A Modbus Exception Occurred - See Response Body
[2024-12-10T05:23:21.617Z] Error writing to Modbus register: A Modbus Exception Occurred - See Response Body
[2024-12-10T05:23:22.622Z] Error reading or processing Modbus registers: A Modbus Exception Occurred - See Response Body
[2024-12-10T05:23:22.624Z] Error reading register 6507 for IP 10.30.4.128: A Modbus Exception Occurred - See Response Body
[2024-12-10T05:23:22.625Z] Error reading actual data: A Modbus Exception Occurred - See Response Body
[2024-12-10T05:23:22.626Z] Error writing to Modbus register: A Modbus Exception Occurred - See Response Body
[2024-12-10T05:23:23.637Z] Error reading or processing Modbus registers: A Modbus Exception Occurred - See Response Body
[2024-12-10T05:23:23.639Z] Error reading register 6507 for IP 10.30.4.128: A Modbus Exception Occurred - See Response Body
[2024-12-10T05:23:23.640Z] Error reading actual data: A Modbus Exception Occurred - See Response Body
[2024-12-10T05:23:23.640Z] Error writing to Modbus register: A Modbus Exception Occurred - See Response Body
[2024-12-10T05:23:24.648Z] Error reading or processing Modbus registers: A Modbus Exception Occurred - See Response Body
[2024-12-10T05:23:24.650Z] Error reading register 6507 for IP 10.30.4.128: A Modbus Exception Occurred - See Response Body
[2024-12-10T05:23:24.651Z] Error reading actual data: A Modbus Exception Occurred - See Response Body
[2024-12-10T05:23:24.651Z] Error writing to Modbus register: A Modbus Exception Occurred - See Response Body
[2024-12-10T05:23:25.662Z] Error reading or processing Modbus registers: A Modbus Exception Occurred - See Response Body
[2024-12-10T05:23:25.664Z] Error reading register 6507 for IP 10.30.4.128: A Modbus Exception Occurred - See Response Body
[2024-12-10T05:23:25.665Z] Error reading actual data: A Modbus Exception Occurred - See Response Body
[2024-12-10T05:23:25.665Z] Error writing to Modbus register: A Modbus Exception Occurred - See Response Body
[2024-12-10T05:23:26.662Z] Error reading or processing Modbus registers: A Modbus Exception Occurred - See Response Body
[2024-12-10T05:23:26.664Z] Error reading register 6507 for IP 10.30.4.128: A Modbus Exception Occurred - See Response Body
[2024-12-10T05:23:26.665Z] Error reading actual data: A Modbus Exception Occurred - See Response Body
[2024-12-10T05:23:26.665Z] Error writing to Modbus register: A Modbus Exception Occurred - See Response Body
[2024-12-10T05:23:27.675Z] Error reading or processing Modbus registers: A Modbus Exception Occurred - See Response Body
[2024-12-10T05:23:27.677Z] Error reading register 6507 for IP 10.30.4.128: A Modbus Exception Occurred - See Response Body
[2024-12-10T05:23:27.678Z] Error reading actual data: A Modbus Exception Occurred - See Response Body
[2024-12-10T05:23:27.679Z] Error writing to Modbus register: A Modbus Exception Occurred - See Response Body
[2024-12-10T05:23:28.675Z] Error reading or processing Modbus registers: A Modbus Exception Occurred - See Response Body
[2024-12-10T05:23:28.677Z] Error reading register 6507 for IP 10.30.4.128: A Modbus Exception Occurred - See Response Body
[2024-12-10T05:23:28.678Z] Error reading actual data: A Modbus Exception Occurred - See Response Body
[2024-12-10T05:23:28.678Z] Error writing to Modbus register: A Modbus Exception Occurred - See Response Body
[2024-12-10T05:23:29.685Z] Error reading or processing Modbus registers: A Modbus Exception Occurred - See Response Body
[2024-12-10T05:23:29.687Z] Error reading register 6507 for IP 10.30.4.128: A Modbus Exception Occurred - See Response Body
[2024-12-10T05:23:29.688Z] Error reading actual data: A Modbus Exception Occurred - See Response Body
[2024-12-10T05:23:29.689Z] Error writing to Modbus register: A Modbus Exception Occurred - See Response Body
[2024-12-10T05:23:30.707Z] Error reading or processing Modbus registers: A Modbus Exception Occurred - See Response Body
[2024-12-10T05:23:30.710Z] Error reading register 6507 for IP 10.30.4.128: A Modbus Exception Occurred - See Response Body
[2024-12-10T05:23:30.711Z] Error reading actual data: A Modbus Exception Occurred - See Response Body
[2024-12-10T05:23:30.711Z] Error writing to Modbus register: A Modbus Exception Occurred - See Response Body
[2024-12-10T05:23:31.712Z] Error reading or processing Modbus registers: A Modbus Exception Occurred - See Response Body
[2024-12-10T05:23:31.714Z] Error reading register 6507 for IP 10.30.4.128: A Modbus Exception Occurred - See Response Body
[2024-12-10T05:23:31.714Z] Error reading actual data: A Modbus Exception Occurred - See Response Body
[2024-12-10T05:23:31.715Z] Error writing to Modbus register: A Modbus Exception Occurred - See Response Body
[2024-12-10T05:23:32.725Z] Error reading or processing Modbus registers: A Modbus Exception Occurred - See Response Body
[2024-12-10T05:23:32.727Z] Error reading register 6507 for IP 10.30.4.128: A Modbus Exception Occurred - See Response Body
[2024-12-10T05:23:32.728Z] Error reading actual data: A Modbus Exception Occurred - See Response Body
[2024-12-10T05:23:32.728Z] Error writing to Modbus register: A Modbus Exception Occurred - See Response Body
[2024-12-10T05:23:33.738Z] Error reading or processing Modbus registers: A Modbus Exception Occurred - See Response Body
[2024-12-10T05:23:33.740Z] Error reading register 6507 for IP 10.30.4.128: A Modbus Exception Occurred - See Response Body
[2024-12-10T05:23:33.741Z] Error reading actual data: A Modbus Exception Occurred - See Response Body
[2024-12-10T05:23:33.741Z] Error writing to Modbus register: A Modbus Exception Occurred - See Response Body
[2024-12-10T05:23:34.741Z] Error reading or processing Modbus registers: A Modbus Exception Occurred - See Response Body
[2024-12-10T05:23:34.743Z] Error reading register 6507 for IP 10.30.4.128: A Modbus Exception Occurred - See Response Body
[2024-12-10T05:23:34.744Z] Error reading actual data: A Modbus Exception Occurred - See Response Body
[2024-12-10T05:23:34.744Z] Error writing to Modbus register: A Modbus Exception Occurred - See Response Body
[2024-12-10T05:23:35.755Z] Error reading or processing Modbus registers: A Modbus Exception Occurred - See Response Body
[2024-12-10T05:23:35.758Z] Error reading register 6507 for IP 10.30.4.128: A Modbus Exception Occurred - See Response Body
[2024-12-10T05:23:35.758Z] Error reading actual data: A Modbus Exception Occurred - See Response Body
[2024-12-10T05:23:35.759Z] Error writing to Modbus register: A Modbus Exception Occurred - See Response Body
[2024-12-10T05:23:36.770Z] Error reading or processing Modbus registers: A Modbus Exception Occurred - See Response Body
[2024-12-10T05:23:36.772Z] Error reading register 6507 for IP 10.30.4.128: A Modbus Exception Occurred - See Response Body
[2024-12-10T05:23:36.773Z] Error reading actual data: A Modbus Exception Occurred - See Response Body
[2024-12-10T05:23:36.774Z] Error writing to Modbus register: A Modbus Exception Occurred - See Response Body
[2024-12-10T05:23:37.770Z] Error reading or processing Modbus registers: A Modbus Exception Occurred - See Response Body
[2024-12-10T05:23:37.772Z] Error reading register 6507 for IP 10.30.4.128: A Modbus Exception Occurred - See Response Body
[2024-12-10T05:23:37.773Z] Error reading actual data: A Modbus Exception Occurred - See Response Body
[2024-12-10T05:23:37.774Z] Error writing to Modbus register: A Modbus Exception Occurred - See Response Body
[2024-12-10T05:23:38.774Z] Error reading or processing Modbus registers: A Modbus Exception Occurred - See Response Body
[2024-12-10T05:23:38.776Z] Error reading register 6507 for IP 10.30.4.128: A Modbus Exception Occurred - See Response Body
[2024-12-10T05:23:38.777Z] Error reading actual data: A Modbus Exception Occurred - See Response Body
[2024-12-10T05:23:38.777Z] Error writing to Modbus register: A Modbus Exception Occurred - See Response Body
[2024-12-10T05:23:39.787Z] Error reading or processing Modbus registers: A Modbus Exception Occurred - See Response Body
[2024-12-10T05:23:39.790Z] Error reading register 6507 for IP 10.30.4.128: A Modbus Exception Occurred - See Response Body
[2024-12-10T05:23:39.791Z] Error reading actual data: A Modbus Exception Occurred - See Response Body
[2024-12-10T05:23:39.791Z] Error writing to Modbus register: A Modbus Exception Occurred - See Response Body
[2024-12-10T05:23:40.801Z] Error reading or processing Modbus registers: A Modbus Exception Occurred - See Response Body
[2024-12-10T05:23:40.804Z] Error reading register 6507 for IP 10.30.4.128: A Modbus Exception Occurred - See Response Body
[2024-12-10T05:23:40.804Z] Error reading actual data: A Modbus Exception Occurred - See Response Body
[2024-12-10T05:23:40.805Z] Error writing to Modbus register: A Modbus Exception Occurred - See Response Body
[2024-12-10T05:23:41.810Z] Error reading or processing Modbus registers: A Modbus Exception Occurred - See Response Body
[2024-12-10T05:23:41.813Z] Error reading register 6507 for IP 10.30.4.128: A Modbus Exception Occurred - See Response Body
[2024-12-10T05:23:41.814Z] Error reading actual data: A Modbus Exception Occurred - See Response Body
[2024-12-10T05:23:41.814Z] Error writing to Modbus register: A Modbus Exception Occurred - See Response Body
[2024-12-10T05:23:42.824Z] Error reading or processing Modbus registers: A Modbus Exception Occurred - See Response Body
[2024-12-10T05:23:42.826Z] Error reading register 6507 for IP 10.30.4.128: A Modbus Exception Occurred - See Response Body
[2024-12-10T05:23:42.827Z] Error reading actual data: A Modbus Exception Occurred - See Response Body
[2024-12-10T05:23:42.827Z] Error writing to Modbus register: A Modbus Exception Occurred - See Response Body
[2024-12-10T05:23:43.829Z] Error reading or processing Modbus registers: A Modbus Exception Occurred - See Response Body
[2024-12-10T05:23:43.832Z] Error reading register 6507 for IP 10.30.4.128: A Modbus Exception Occurred - See Response Body
[2024-12-10T05:23:43.833Z] Error reading actual data: A Modbus Exception Occurred - See Response Body
[2024-12-10T05:23:43.833Z] Error writing to Modbus register: A Modbus Exception Occurred - See Response Body
[2024-12-10T05:23:44.839Z] Error reading or processing Modbus registers: A Modbus Exception Occurred - See Response Body
[2024-12-10T05:23:44.844Z] Error reading register 6507 for IP 10.30.4.128: A Modbus Exception Occurred - See Response Body
[2024-12-10T05:23:44.844Z] Error reading actual data: A Modbus Exception Occurred - See Response Body
[2024-12-10T05:23:44.845Z] Error writing to Modbus register: A Modbus Exception Occurred - See Response Body
[2024-12-10T05:23:45.848Z] Error reading or processing Modbus registers: A Modbus Exception Occurred - See Response Body
[2024-12-10T05:23:45.850Z] Error reading register 6507 for IP 10.30.4.128: A Modbus Exception Occurred - See Response Body
[2024-12-10T05:23:45.850Z] Error reading actual data: A Modbus Exception Occurred - See Response Body
[2024-12-10T05:23:45.851Z] Error writing to Modbus register: A Modbus Exception Occurred - See Response Body
[2024-12-10T05:23:46.848Z] Error reading or processing Modbus registers: A Modbus Exception Occurred - See Response Body
[2024-12-10T05:23:46.850Z] Error reading register 6507 for IP 10.30.4.128: A Modbus Exception Occurred - See Response Body
[2024-12-10T05:23:46.850Z] Error reading actual data: A Modbus Exception Occurred - See Response Body
[2024-12-10T05:23:46.851Z] Error writing to Modbus register: A Modbus Exception Occurred - See Response Body
[2024-12-10T05:23:47.848Z] Error reading or processing Modbus registers: A Modbus Exception Occurred - See Response Body
[2024-12-10T05:23:47.850Z] Error reading register 6507 for IP 10.30.4.128: A Modbus Exception Occurred - See Response Body
[2024-12-10T05:23:47.850Z] Error reading actual data: A Modbus Exception Occurred - See Response Body
[2024-12-10T05:23:47.851Z] Error writing to Modbus register: A Modbus Exception Occurred - See Response Body
[2024-12-10T05:23:48.858Z] Error reading or processing Modbus registers: A Modbus Exception Occurred - See Response Body
[2024-12-10T05:23:48.860Z] Error reading register 6507 for IP 10.30.4.128: A Modbus Exception Occurred - See Response Body
[2024-12-10T05:23:48.861Z] Error reading actual data: A Modbus Exception Occurred - See Response Body
[2024-12-10T05:23:48.862Z] Error writing to Modbus register: A Modbus Exception Occurred - See Response Body
[2024-12-10T05:23:49.874Z] Error reading or processing Modbus registers: A Modbus Exception Occurred - See Response Body
[2024-12-10T05:23:49.876Z] Error reading register 6507 for IP 10.30.4.128: A Modbus Exception Occurred - See Response Body
[2024-12-10T05:23:49.876Z] Error reading actual data: A Modbus Exception Occurred - See Response Body
[2024-12-10T05:23:49.877Z] Error writing to Modbus register: A Modbus Exception Occurred - See Response Body
[2024-12-10T05:23:50.890Z] Error reading or processing Modbus registers: A Modbus Exception Occurred - See Response Body
[2024-12-10T05:23:50.894Z] Error reading register 6507 for IP 10.30.4.128: A Modbus Exception Occurred - See Response Body
[2024-12-10T05:23:50.895Z] Error reading actual data: A Modbus Exception Occurred - See Response Body
[2024-12-10T05:23:50.895Z] Error writing to Modbus register: A Modbus Exception Occurred - See Response Body
[2024-12-10T05:23:51.902Z] Error reading or processing Modbus registers: A Modbus Exception Occurred - See Response Body
[2024-12-10T05:23:51.904Z] Error reading register 6507 for IP 10.30.4.128: A Modbus Exception Occurred - See Response Body
[2024-12-10T05:23:51.906Z] Error reading actual data: A Modbus Exception Occurred - See Response Body
[2024-12-10T05:23:51.906Z] Error writing to Modbus register: A Modbus Exception Occurred - See Response Body
[2024-12-10T05:23:52.903Z] Error reading or processing Modbus registers: A Modbus Exception Occurred - See Response Body
[2024-12-10T05:23:52.905Z] Error reading register 6507 for IP 10.30.4.128: A Modbus Exception Occurred - See Response Body
[2024-12-10T05:23:52.906Z] Error reading actual data: A Modbus Exception Occurred - See Response Body
[2024-12-10T05:23:52.907Z] Error writing to Modbus register: A Modbus Exception Occurred - See Response Body
[2024-12-10T05:23:53.915Z] Error reading or processing Modbus registers: A Modbus Exception Occurred - See Response Body
[2024-12-10T05:23:53.917Z] Error reading register 6507 for IP 10.30.4.128: A Modbus Exception Occurred - See Response Body
[2024-12-10T05:23:53.917Z] Error reading actual data: A Modbus Exception Occurred - See Response Body
[2024-12-10T05:23:53.918Z] Error writing to Modbus register: A Modbus Exception Occurred - See Response Body
[2024-12-10T05:23:54.919Z] Error reading or processing Modbus registers: A Modbus Exception Occurred - See Response Body
[2024-12-10T05:23:54.921Z] Error reading register 6507 for IP 10.30.4.128: A Modbus Exception Occurred - See Response Body
[2024-12-10T05:23:54.921Z] Error reading actual data: A Modbus Exception Occurred - See Response Body
[2024-12-10T05:23:54.922Z] Error writing to Modbus register: A Modbus Exception Occurred - See Response Body
[2024-12-10T05:23:55.920Z] Error reading or processing Modbus registers: A Modbus Exception Occurred - See Response Body
[2024-12-10T05:23:55.922Z] Error reading register 6507 for IP 10.30.4.128: A Modbus Exception Occurred - See Response Body
[2024-12-10T05:23:55.923Z] Error reading actual data: A Modbus Exception Occurred - See Response Body
[2024-12-10T05:23:55.924Z] Error writing to Modbus register: A Modbus Exception Occurred - See Response Body
[2024-12-10T05:23:56.931Z] Error reading or processing Modbus registers: A Modbus Exception Occurred - See Response Body
[2024-12-10T05:23:56.934Z] Error reading register 6507 for IP 10.30.4.128: A Modbus Exception Occurred - See Response Body
[2024-12-10T05:23:56.934Z] Error reading actual data: A Modbus Exception Occurred - See Response Body
[2024-12-10T05:23:56.935Z] Error writing to Modbus register: A Modbus Exception Occurred - See Response Body
[2024-12-10T05:23:57.946Z] Error reading or processing Modbus registers: A Modbus Exception Occurred - See Response Body
[2024-12-10T05:23:57.948Z] Error reading register 6507 for IP 10.30.4.128: A Modbus Exception Occurred - See Response Body
[2024-12-10T05:23:57.949Z] Error reading actual data: A Modbus Exception Occurred - See Response Body
[2024-12-10T05:23:57.949Z] Error writing to Modbus register: A Modbus Exception Occurred - See Response Body
[2024-12-10T05:23:58.960Z] Error reading or processing Modbus registers: A Modbus Exception Occurred - See Response Body
[2024-12-10T05:23:58.963Z] Error reading register 6507 for IP 10.30.4.128: A Modbus Exception Occurred - See Response Body
[2024-12-10T05:23:58.963Z] Error reading actual data: A Modbus Exception Occurred - See Response Body
[2024-12-10T05:23:58.964Z] Error writing to Modbus register: A Modbus Exception Occurred - See Response Body
[2024-12-10T05:23:59.963Z] Error reading or processing Modbus registers: A Modbus Exception Occurred - See Response Body
[2024-12-10T05:23:59.965Z] Error reading register 6507 for IP 10.30.4.128: A Modbus Exception Occurred - See Response Body
[2024-12-10T05:23:59.966Z] Error reading actual data: A Modbus Exception Occurred - See Response Body
[2024-12-10T05:23:59.967Z] Error writing to Modbus register: A Modbus Exception Occurred - See Response Body
[2024-12-10T05:24:00.975Z] Error reading or processing Modbus registers: A Modbus Exception Occurred - See Response Body
[2024-12-10T05:24:00.978Z] Error reading register 6507 for IP 10.30.4.128: A Modbus Exception Occurred - See Response Body
[2024-12-10T05:24:00.978Z] Error reading actual data: A Modbus Exception Occurred - See Response Body
[2024-12-10T05:24:00.979Z] Error writing to Modbus register: A Modbus Exception Occurred - See Response Body
[2024-12-10T05:24:01.988Z] Error reading or processing Modbus registers: A Modbus Exception Occurred - See Response Body
[2024-12-10T05:24:01.991Z] Error reading register 6507 for IP 10.30.4.128: A Modbus Exception Occurred - See Response Body
[2024-12-10T05:24:01.992Z] Error reading actual data: A Modbus Exception Occurred - See Response Body
[2024-12-10T05:24:01.993Z] Error writing to Modbus register: A Modbus Exception Occurred - See Response Body
[2024-12-10T05:24:02.991Z] Error reading or processing Modbus registers: A Modbus Exception Occurred - See Response Body
[2024-12-10T05:24:02.993Z] Error reading register 6507 for IP 10.30.4.128: A Modbus Exception Occurred - See Response Body
[2024-12-10T05:24:02.994Z] Error reading actual data: A Modbus Exception Occurred - See Response Body
[2024-12-10T05:24:02.994Z] Error writing to Modbus register: A Modbus Exception Occurred - See Response Body
[2024-12-10T05:24:04.002Z] Error reading or processing Modbus registers: A Modbus Exception Occurred - See Response Body
[2024-12-10T05:24:04.005Z] Error reading register 6507 for IP 10.30.4.128: A Modbus Exception Occurred - See Response Body
[2024-12-10T05:24:04.005Z] Error reading actual data: A Modbus Exception Occurred - See Response Body
[2024-12-10T05:24:04.006Z] Error writing to Modbus register: A Modbus Exception Occurred - See Response Body
[2024-12-10T05:24:05.005Z] Error reading or processing Modbus registers: A Modbus Exception Occurred - See Response Body
[2024-12-10T05:24:05.007Z] Error reading register 6507 for IP 10.30.4.128: A Modbus Exception Occurred - See Response Body
[2024-12-10T05:24:05.008Z] Error reading actual data: A Modbus Exception Occurred - See Response Body
[2024-12-10T05:24:05.008Z] Error writing to Modbus register: A Modbus Exception Occurred - See Response Body
[2024-12-10T05:24:06.020Z] Error reading or processing Modbus registers: A Modbus Exception Occurred - See Response Body
[2024-12-10T05:24:06.022Z] Error reading register 6507 for IP 10.30.4.128: A Modbus Exception Occurred - See Response Body
[2024-12-10T05:24:06.023Z] Error reading actual data: A Modbus Exception Occurred - See Response Body
[2024-12-10T05:24:06.023Z] Error writing to Modbus register: A Modbus Exception Occurred - See Response Body
[2024-12-10T05:24:07.020Z] Error reading or processing Modbus registers: A Modbus Exception Occurred - See Response Body
[2024-12-10T05:24:07.022Z] Error reading register 6507 for IP 10.30.4.128: A Modbus Exception Occurred - See Response Body
[2024-12-10T05:24:07.023Z] Error reading actual data: A Modbus Exception Occurred - See Response Body
[2024-12-10T05:24:07.023Z] Error writing to Modbus register: A Modbus Exception Occurred - See Response Body
[2024-12-10T05:24:08.035Z] Error reading or processing Modbus registers: A Modbus Exception Occurred - See Response Body
[2024-12-10T05:24:08.037Z] Error reading register 6507 for IP 10.30.4.128: A Modbus Exception Occurred - See Response Body
[2024-12-10T05:24:08.038Z] Error reading actual data: A Modbus Exception Occurred - See Response Body
[2024-12-10T05:24:08.038Z] Error writing to Modbus register: A Modbus Exception Occurred - See Response Body
[2024-12-10T05:24:09.048Z] Error reading or processing Modbus registers: A Modbus Exception Occurred - See Response Body
[2024-12-10T05:24:09.051Z] Error reading register 6507 for IP 10.30.4.128: A Modbus Exception Occurred - See Response Body
[2024-12-10T05:24:09.052Z] Error reading actual data: A Modbus Exception Occurred - See Response Body
[2024-12-10T05:24:09.052Z] Error writing to Modbus register: A Modbus Exception Occurred - See Response Body
[2024-12-10T05:24:10.063Z] Error reading or processing Modbus registers: A Modbus Exception Occurred - See Response Body
[2024-12-10T05:24:10.065Z] Error reading register 6507 for IP 10.30.4.128: A Modbus Exception Occurred - See Response Body
[2024-12-10T05:24:10.066Z] Error reading actual data: A Modbus Exception Occurred - See Response Body
[2024-12-10T05:24:10.067Z] Error writing to Modbus register: A Modbus Exception Occurred - See Response Body
[2024-12-10T05:24:11.063Z] Error reading or processing Modbus registers: A Modbus Exception Occurred - See Response Body
[2024-12-10T05:24:11.065Z] Error reading register 6507 for IP 10.30.4.128: A Modbus Exception Occurred - See Response Body
[2024-12-10T05:24:11.065Z] Error reading actual data: A Modbus Exception Occurred - See Response Body
[2024-12-10T05:24:11.066Z] Error writing to Modbus register: A Modbus Exception Occurred - See Response Body
[2024-12-10T05:24:12.077Z] Error reading or processing Modbus registers: A Modbus Exception Occurred - See Response Body
[2024-12-10T05:24:12.079Z] Error reading register 6507 for IP 10.30.4.128: A Modbus Exception Occurred - See Response Body
[2024-12-10T05:24:12.080Z] Error reading actual data: A Modbus Exception Occurred - See Response Body
[2024-12-10T05:24:12.081Z] Error writing to Modbus register: A Modbus Exception Occurred - See Response Body
[2024-12-10T05:24:13.077Z] Error reading or processing Modbus registers: A Modbus Exception Occurred - See Response Body
[2024-12-10T05:24:13.079Z] Error reading register 6507 for IP 10.30.4.128: A Modbus Exception Occurred - See Response Body
[2024-12-10T05:24:13.080Z] Error reading actual data: A Modbus Exception Occurred - See Response Body
[2024-12-10T05:24:13.081Z] Error writing to Modbus register: A Modbus Exception Occurred - See Response Body
[2024-12-10T05:24:14.092Z] Error reading or processing Modbus registers: A Modbus Exception Occurred - See Response Body
[2024-12-10T05:24:14.094Z] Error reading register 6507 for IP 10.30.4.128: A Modbus Exception Occurred - See Response Body
[2024-12-10T05:24:14.095Z] Error writing to Modbus register: A Modbus Exception Occurred - See Response Body
[2024-12-10T05:24:14.095Z] Error reading actual data: A Modbus Exception Occurred - See Response Body
[2024-12-10T05:24:15.104Z] Error reading or processing Modbus registers: A Modbus Exception Occurred - See Response Body
[2024-12-10T05:24:15.106Z] Error reading register 6507 for IP 10.30.4.128: A Modbus Exception Occurred - See Response Body
[2024-12-10T05:24:15.107Z] Error reading actual data: A Modbus Exception Occurred - See Response Body
[2024-12-10T05:24:15.107Z] Error writing to Modbus register: A Modbus Exception Occurred - See Response Body
[2024-12-10T05:24:16.115Z] Error reading or processing Modbus registers: A Modbus Exception Occurred - See Response Body
[2024-12-10T05:24:16.117Z] Error reading register 6507 for IP 10.30.4.128: A Modbus Exception Occurred - See Response Body
[2024-12-10T05:24:16.118Z] Error reading actual data: A Modbus Exception Occurred - See Response Body
[2024-12-10T05:24:16.119Z] Error writing to Modbus register: A Modbus Exception Occurred - See Response Body
[2024-12-10T05:24:17.115Z] Error reading or processing Modbus registers: A Modbus Exception Occurred - See Response Body
[2024-12-10T05:24:17.117Z] Error reading register 6507 for IP 10.30.4.128: A Modbus Exception Occurred - See Response Body
[2024-12-10T05:24:17.118Z] Error reading actual data: A Modbus Exception Occurred - See Response Body
[2024-12-10T05:24:17.118Z] Error writing to Modbus register: A Modbus Exception Occurred - See Response Body
[2024-12-10T05:24:18.116Z] Error reading or processing Modbus registers: A Modbus Exception Occurred - See Response Body
[2024-12-10T05:24:18.118Z] Error reading register 6507 for IP 10.30.4.128: A Modbus Exception Occurred - See Response Body
[2024-12-10T05:24:18.119Z] Error reading actual data: A Modbus Exception Occurred - See Response Body
[2024-12-10T05:24:18.119Z] Error writing to Modbus register: A Modbus Exception Occurred - See Response Body
[2024-12-10T05:24:19.116Z] Error reading or processing Modbus registers: A Modbus Exception Occurred - See Response Body
[2024-12-10T05:24:19.118Z] Error reading register 6507 for IP 10.30.4.128: A Modbus Exception Occurred - See Response Body
[2024-12-10T05:24:19.119Z] Error reading actual data: A Modbus Exception Occurred - See Response Body
[2024-12-10T05:24:19.119Z] Error writing to Modbus register: A Modbus Exception Occurred - See Response Body
[2024-12-10T05:24:20.130Z] Error reading or processing Modbus registers: A Modbus Exception Occurred - See Response Body
[2024-12-10T05:24:20.132Z] Error reading register 6507 for IP 10.30.4.128: A Modbus Exception Occurred - See Response Body
[2024-12-10T05:24:20.132Z] Error reading actual data: A Modbus Exception Occurred - See Response Body
[2024-12-10T05:24:20.133Z] Error writing to Modbus register: A Modbus Exception Occurred - See Response Body
[2024-12-10T05:24:21.143Z] Error reading or processing Modbus registers: A Modbus Exception Occurred - See Response Body
[2024-12-10T05:24:21.146Z] Error reading register 6507 for IP 10.30.4.128: A Modbus Exception Occurred - See Response Body
[2024-12-10T05:24:21.146Z] Error reading actual data: A Modbus Exception Occurred - See Response Body
[2024-12-10T05:24:21.147Z] Error writing to Modbus register: A Modbus Exception Occurred - See Response Body
[2024-12-10T05:24:22.144Z] Error reading or processing Modbus registers: A Modbus Exception Occurred - See Response Body
[2024-12-10T05:24:22.147Z] Error reading register 6507 for IP 10.30.4.128: A Modbus Exception Occurred - See Response Body
[2024-12-10T05:24:22.148Z] Error reading actual data: A Modbus Exception Occurred - See Response Body
[2024-12-10T05:24:22.148Z] Error writing to Modbus register: A Modbus Exception Occurred - See Response Body
[2024-12-10T05:24:23.146Z] Error reading or processing Modbus registers: A Modbus Exception Occurred - See Response Body
[2024-12-10T05:24:23.148Z] Error reading register 6507 for IP 10.30.4.128: A Modbus Exception Occurred - See Response Body
[2024-12-10T05:24:23.149Z] Error reading actual data: A Modbus Exception Occurred - See Response Body
[2024-12-10T05:24:23.149Z] Error writing to Modbus register: A Modbus Exception Occurred - See Response Body
[2024-12-10T05:24:24.146Z] Error reading or processing Modbus registers: A Modbus Exception Occurred - See Response Body
[2024-12-10T05:24:24.149Z] Error reading register 6507 for IP 10.30.4.128: A Modbus Exception Occurred - See Response Body
[2024-12-10T05:24:24.149Z] Error reading actual data: A Modbus Exception Occurred - See Response Body
[2024-12-10T05:24:24.150Z] Error writing to Modbus register: A Modbus Exception Occurred - See Response Body
[2024-12-10T05:24:25.147Z] Error reading or processing Modbus registers: A Modbus Exception Occurred - See Response Body
[2024-12-10T05:24:25.150Z] Error reading register 6507 for IP 10.30.4.128: A Modbus Exception Occurred - See Response Body
[2024-12-10T05:24:25.151Z] Error reading actual data: A Modbus Exception Occurred - See Response Body
[2024-12-10T05:24:25.151Z] Error writing to Modbus register: A Modbus Exception Occurred - See Response Body
[2024-12-10T05:24:26.160Z] Error reading or processing Modbus registers: A Modbus Exception Occurred - See Response Body
[2024-12-10T05:24:26.162Z] Error reading register 6507 for IP 10.30.4.128: A Modbus Exception Occurred - See Response Body
[2024-12-10T05:24:26.162Z] Error reading actual data: A Modbus Exception Occurred - See Response Body
[2024-12-10T05:24:26.163Z] Error writing to Modbus register: A Modbus Exception Occurred - See Response Body
[2024-12-10T05:24:27.160Z] Error reading or processing Modbus registers: A Modbus Exception Occurred - See Response Body
[2024-12-10T05:24:27.163Z] Error reading register 6507 for IP 10.30.4.128: A Modbus Exception Occurred - See Response Body
[2024-12-10T05:24:27.163Z] Error reading actual data: A Modbus Exception Occurred - See Response Body
[2024-12-10T05:24:27.164Z] Error writing to Modbus register: A Modbus Exception Occurred - See Response Body
[2024-12-10T05:24:28.162Z] Error reading or processing Modbus registers: A Modbus Exception Occurred - See Response Body
[2024-12-10T05:24:28.164Z] Error reading register 6507 for IP 10.30.4.128: A Modbus Exception Occurred - See Response Body
[2024-12-10T05:24:28.164Z] Error reading actual data: A Modbus Exception Occurred - See Response Body
[2024-12-10T05:24:28.165Z] Error writing to Modbus register: A Modbus Exception Occurred - See Response Body
[2024-12-10T05:24:29.163Z] Error reading or processing Modbus registers: A Modbus Exception Occurred - See Response Body
[2024-12-10T05:24:29.165Z] Error reading register 6507 for IP 10.30.4.128: A Modbus Exception Occurred - See Response Body
[2024-12-10T05:24:29.165Z] Error reading actual data: A Modbus Exception Occurred - See Response Body
[2024-12-10T05:24:29.166Z] Error writing to Modbus register: A Modbus Exception Occurred - See Response Body
[2024-12-10T05:24:30.167Z] Error reading or processing Modbus registers: A Modbus Exception Occurred - See Response Body
[2024-12-10T05:24:30.169Z] Error reading register 6507 for IP 10.30.4.128: A Modbus Exception Occurred - See Response Body
[2024-12-10T05:24:30.170Z] Error reading actual data: A Modbus Exception Occurred - See Response Body
[2024-12-10T05:24:30.170Z] Error writing to Modbus register: A Modbus Exception Occurred - See Response Body
[2024-12-10T05:24:31.177Z] Error reading or processing Modbus registers: A Modbus Exception Occurred - See Response Body
[2024-12-10T05:24:31.179Z] Error reading register 6507 for IP 10.30.4.128: A Modbus Exception Occurred - See Response Body
[2024-12-10T05:24:31.180Z] Error reading actual data: A Modbus Exception Occurred - See Response Body
[2024-12-10T05:24:31.181Z] Error writing to Modbus register: A Modbus Exception Occurred - See Response Body
[2024-12-10T05:24:32.188Z] Error reading or processing Modbus registers: A Modbus Exception Occurred - See Response Body
[2024-12-10T05:24:32.191Z] Error reading register 6507 for IP 10.30.4.128: A Modbus Exception Occurred - See Response Body
[2024-12-10T05:24:32.191Z] Error reading actual data: A Modbus Exception Occurred - See Response Body
[2024-12-10T05:24:32.192Z] Error writing to Modbus register: A Modbus Exception Occurred - See Response Body
[2024-12-10T05:24:33.201Z] Error reading or processing Modbus registers: A Modbus Exception Occurred - See Response Body
[2024-12-10T05:24:33.204Z] Error reading register 6507 for IP 10.30.4.128: A Modbus Exception Occurred - See Response Body
[2024-12-10T05:24:33.205Z] Error reading actual data: A Modbus Exception Occurred - See Response Body
[2024-12-10T05:24:33.205Z] Error writing to Modbus register: A Modbus Exception Occurred - See Response Body
[2024-12-10T05:24:34.214Z] Error reading or processing Modbus registers: A Modbus Exception Occurred - See Response Body
[2024-12-10T05:24:34.216Z] Error reading register 6507 for IP 10.30.4.128: A Modbus Exception Occurred - See Response Body
[2024-12-10T05:24:34.217Z] Error reading actual data: A Modbus Exception Occurred - See Response Body
[2024-12-10T05:24:34.217Z] Error writing to Modbus register: A Modbus Exception Occurred - See Response Body
[2024-12-10T05:24:35.229Z] Error reading or processing Modbus registers: A Modbus Exception Occurred - See Response Body
[2024-12-10T05:24:35.231Z] Error reading register 6507 for IP 10.30.4.128: A Modbus Exception Occurred - See Response Body
[2024-12-10T05:24:35.232Z] Error reading actual data: A Modbus Exception Occurred - See Response Body
[2024-12-10T05:24:35.232Z] Error writing to Modbus register: A Modbus Exception Occurred - See Response Body
[2024-12-10T05:24:36.237Z] Error reading or processing Modbus registers: A Modbus Exception Occurred - See Response Body
[2024-12-10T05:24:36.239Z] Error reading register 6507 for IP 10.30.4.128: A Modbus Exception Occurred - See Response Body
[2024-12-10T05:24:36.240Z] Error reading actual data: A Modbus Exception Occurred - See Response Body
[2024-12-10T05:24:36.240Z] Error writing to Modbus register: A Modbus Exception Occurred - See Response Body
[2024-12-10T05:24:37.237Z] Error reading or processing Modbus registers: A Modbus Exception Occurred - See Response Body
[2024-12-10T05:24:37.240Z] Error reading register 6507 for IP 10.30.4.128: A Modbus Exception Occurred - See Response Body
[2024-12-10T05:24:37.240Z] Error reading actual data: A Modbus Exception Occurred - See Response Body
[2024-12-10T05:24:37.241Z] Error writing to Modbus register: A Modbus Exception Occurred - See Response Body
[2024-12-10T05:24:38.251Z] Error reading or processing Modbus registers: A Modbus Exception Occurred - See Response Body
[2024-12-10T05:24:38.253Z] Error reading register 6507 for IP 10.30.4.128: A Modbus Exception Occurred - See Response Body
[2024-12-10T05:24:38.254Z] Error reading actual data: A Modbus Exception Occurred - See Response Body
[2024-12-10T05:24:38.255Z] Error writing to Modbus register: A Modbus Exception Occurred - See Response Body
[2024-12-10T05:24:39.263Z] Error reading or processing Modbus registers: A Modbus Exception Occurred - See Response Body
[2024-12-10T05:24:39.266Z] Error reading register 6507 for IP 10.30.4.128: A Modbus Exception Occurred - See Response Body
[2024-12-10T05:24:39.269Z] Error reading actual data: A Modbus Exception Occurred - See Response Body
[2024-12-10T05:24:39.269Z] Error writing to Modbus register: A Modbus Exception Occurred - See Response Body
[2024-12-10T05:24:40.275Z] Error reading or processing Modbus registers: A Modbus Exception Occurred - See Response Body
[2024-12-10T05:24:40.277Z] Error reading register 6507 for IP 10.30.4.128: A Modbus Exception Occurred - See Response Body
[2024-12-10T05:24:40.278Z] Error reading actual data: A Modbus Exception Occurred - See Response Body
[2024-12-10T05:24:40.278Z] Error writing to Modbus register: A Modbus Exception Occurred - See Response Body
[2024-12-10T05:24:41.276Z] Error reading or processing Modbus registers: A Modbus Exception Occurred - See Response Body
[2024-12-10T05:24:41.278Z] Error reading register 6507 for IP 10.30.4.128: A Modbus Exception Occurred - See Response Body
[2024-12-10T05:24:41.279Z] Error reading actual data: A Modbus Exception Occurred - See Response Body
[2024-12-10T05:24:41.279Z] Error writing to Modbus register: A Modbus Exception Occurred - See Response Body
[2024-12-10T05:24:42.284Z] Error reading or processing Modbus registers: A Modbus Exception Occurred - See Response Body
[2024-12-10T05:24:42.286Z] Error reading register 6507 for IP 10.30.4.128: A Modbus Exception Occurred - See Response Body
[2024-12-10T05:24:42.287Z] Error reading actual data: A Modbus Exception Occurred - See Response Body
[2024-12-10T05:24:42.287Z] Error writing to Modbus register: A Modbus Exception Occurred - See Response Body
[2024-12-10T05:24:43.298Z] Error reading or processing Modbus registers: A Modbus Exception Occurred - See Response Body
[2024-12-10T05:24:43.300Z] Error reading register 6507 for IP 10.30.4.128: A Modbus Exception Occurred - See Response Body
[2024-12-10T05:24:43.301Z] Error reading actual data: A Modbus Exception Occurred - See Response Body
[2024-12-10T05:24:43.302Z] Error writing to Modbus register: A Modbus Exception Occurred - See Response Body
[2024-12-10T05:24:44.298Z] Error reading or processing Modbus registers: A Modbus Exception Occurred - See Response Body
[2024-12-10T05:24:44.300Z] Error reading register 6507 for IP 10.30.4.128: A Modbus Exception Occurred - See Response Body
[2024-12-10T05:24:44.300Z] Error reading actual data: A Modbus Exception Occurred - See Response Body
[2024-12-10T05:24:44.301Z] Error writing to Modbus register: A Modbus Exception Occurred - See Response Body
[2024-12-10T05:24:45.310Z] Error reading or processing Modbus registers: A Modbus Exception Occurred - See Response Body
[2024-12-10T05:24:45.312Z] Error reading register 6507 for IP 10.30.4.128: A Modbus Exception Occurred - See Response Body
[2024-12-10T05:24:45.312Z] Error reading actual data: A Modbus Exception Occurred - See Response Body
[2024-12-10T05:24:45.313Z] Error writing to Modbus register: A Modbus Exception Occurred - See Response Body
[2024-12-10T05:24:46.325Z] Error reading or processing Modbus registers: A Modbus Exception Occurred - See Response Body
[2024-12-10T05:24:46.328Z] Error reading register 6507 for IP 10.30.4.128: A Modbus Exception Occurred - See Response Body
[2024-12-10T05:24:46.328Z] Error reading actual data: A Modbus Exception Occurred - See Response Body
[2024-12-10T05:24:46.329Z] Error writing to Modbus register: A Modbus Exception Occurred - See Response Body
[2024-12-10T05:24:47.326Z] Error reading or processing Modbus registers: A Modbus Exception Occurred - See Response Body
[2024-12-10T05:24:47.334Z] Error reading register 6507 for IP 10.30.4.128: A Modbus Exception Occurred - See Response Body
[2024-12-10T05:24:47.335Z] Error reading actual data: A Modbus Exception Occurred - See Response Body
[2024-12-10T05:24:47.337Z] Error writing to Modbus register: A Modbus Exception Occurred - See Response Body
[2024-12-10T05:24:48.341Z] Error reading or processing Modbus registers: A Modbus Exception Occurred - See Response Body
[2024-12-10T05:24:48.343Z] Error reading register 6507 for IP 10.30.4.128: A Modbus Exception Occurred - See Response Body
[2024-12-10T05:24:48.343Z] Error reading actual data: A Modbus Exception Occurred - See Response Body
[2024-12-10T05:24:48.344Z] Error writing to Modbus register: A Modbus Exception Occurred - See Response Body
[2024-12-10T05:24:49.340Z] Error reading or processing Modbus registers: A Modbus Exception Occurred - See Response Body
[2024-12-10T05:24:49.342Z] Error reading register 6507 for IP 10.30.4.128: A Modbus Exception Occurred - See Response Body
[2024-12-10T05:24:49.343Z] Error reading actual data: A Modbus Exception Occurred - See Response Body
[2024-12-10T05:24:49.344Z] Error writing to Modbus register: A Modbus Exception Occurred - See Response Body
[2024-12-10T05:24:50.341Z] Error reading or processing Modbus registers: A Modbus Exception Occurred - See Response Body
[2024-12-10T05:24:50.344Z] Error reading register 6507 for IP 10.30.4.128: A Modbus Exception Occurred - See Response Body
[2024-12-10T05:24:50.345Z] Error reading actual data: A Modbus Exception Occurred - See Response Body
[2024-12-10T05:24:50.346Z] Error writing to Modbus register: A Modbus Exception Occurred - See Response Body
[2024-12-10T05:24:51.355Z] Error reading or processing Modbus registers: A Modbus Exception Occurred - See Response Body
[2024-12-10T05:24:51.357Z] Error reading register 6507 for IP 10.30.4.128: A Modbus Exception Occurred - See Response Body
[2024-12-10T05:24:51.358Z] Error reading actual data: A Modbus Exception Occurred - See Response Body
[2024-12-10T05:24:51.358Z] Error writing to Modbus register: A Modbus Exception Occurred - See Response Body
[2024-12-10T05:24:52.358Z] Error reading or processing Modbus registers: A Modbus Exception Occurred - See Response Body
[2024-12-10T05:24:52.360Z] Error reading register 6507 for IP 10.30.4.128: A Modbus Exception Occurred - See Response Body
[2024-12-10T05:24:52.361Z] Error reading actual data: A Modbus Exception Occurred - See Response Body
[2024-12-10T05:24:52.361Z] Error writing to Modbus register: A Modbus Exception Occurred - See Response Body
[2024-12-10T05:24:53.371Z] Error reading or processing Modbus registers: A Modbus Exception Occurred - See Response Body
[2024-12-10T05:24:53.373Z] Error reading register 6507 for IP 10.30.4.128: A Modbus Exception Occurred - See Response Body
[2024-12-10T05:24:53.374Z] Error reading actual data: A Modbus Exception Occurred - See Response Body
[2024-12-10T05:24:53.375Z] Error writing to Modbus register: A Modbus Exception Occurred - See Response Body
[2024-12-10T05:24:54.384Z] Error reading or processing Modbus registers: A Modbus Exception Occurred - See Response Body
[2024-12-10T05:24:54.387Z] Error reading register 6507 for IP 10.30.4.128: A Modbus Exception Occurred - See Response Body
[2024-12-10T05:24:54.388Z] Error reading actual data: A Modbus Exception Occurred - See Response Body
[2024-12-10T05:24:54.388Z] Error writing to Modbus register: A Modbus Exception Occurred - See Response Body
[2024-12-10T05:24:55.386Z] Error reading or processing Modbus registers: A Modbus Exception Occurred - See Response Body
[2024-12-10T05:24:55.388Z] Error reading register 6507 for IP 10.30.4.128: A Modbus Exception Occurred - See Response Body
[2024-12-10T05:24:55.389Z] Error reading actual data: A Modbus Exception Occurred - See Response Body
[2024-12-10T05:24:55.390Z] Error writing to Modbus register: A Modbus Exception Occurred - See Response Body
[2024-12-10T05:24:56.402Z] Error reading or processing Modbus registers: A Modbus Exception Occurred - See Response Body
[2024-12-10T05:24:56.404Z] Error reading register 6507 for IP 10.30.4.128: A Modbus Exception Occurred - See Response Body
[2024-12-10T05:24:56.405Z] Error reading actual data: A Modbus Exception Occurred - See Response Body
[2024-12-10T05:24:56.406Z] Error writing to Modbus register: A Modbus Exception Occurred - See Response Body
[2024-12-10T05:24:57.415Z] Error reading or processing Modbus registers: A Modbus Exception Occurred - See Response Body
[2024-12-10T05:24:57.417Z] Error reading register 6507 for IP 10.30.4.128: A Modbus Exception Occurred - See Response Body
[2024-12-10T05:24:57.418Z] Error reading actual data: A Modbus Exception Occurred - See Response Body
[2024-12-10T05:24:57.419Z] Error writing to Modbus register: A Modbus Exception Occurred - See Response Body
[2024-12-10T05:24:58.430Z] Error reading or processing Modbus registers: A Modbus Exception Occurred - See Response Body
[2024-12-10T05:24:58.433Z] Error reading register 6507 for IP 10.30.4.128: A Modbus Exception Occurred - See Response Body
[2024-12-10T05:24:58.433Z] Error reading actual data: A Modbus Exception Occurred - See Response Body
[2024-12-10T05:24:58.434Z] Error writing to Modbus register: A Modbus Exception Occurred - See Response Body
[2024-12-10T05:24:59.431Z] Error reading or processing Modbus registers: A Modbus Exception Occurred - See Response Body
[2024-12-10T05:24:59.433Z] Error reading register 6507 for IP 10.30.4.128: A Modbus Exception Occurred - See Response Body
[2024-12-10T05:24:59.434Z] Error reading actual data: A Modbus Exception Occurred - See Response Body
[2024-12-10T05:24:59.434Z] Error writing to Modbus register: A Modbus Exception Occurred - See Response Body
[2024-12-10T05:25:00.454Z] Error reading or processing Modbus registers: A Modbus Exception Occurred - See Response Body
[2024-12-10T05:25:00.456Z] Error reading register 6507 for IP 10.30.4.128: A Modbus Exception Occurred - See Response Body
[2024-12-10T05:25:00.456Z] Error reading actual data: A Modbus Exception Occurred - See Response Body
[2024-12-10T05:25:00.457Z] Error writing to Modbus register: A Modbus Exception Occurred - See Response Body
[2024-12-10T05:25:01.461Z] Error reading or processing Modbus registers: A Modbus Exception Occurred - See Response Body
[2024-12-10T05:25:01.462Z] Error reading register 6507 for IP 10.30.4.128: A Modbus Exception Occurred - See Response Body
[2024-12-10T05:25:01.463Z] Error reading actual data: A Modbus Exception Occurred - See Response Body
[2024-12-10T05:25:01.463Z] Error writing to Modbus register: A Modbus Exception Occurred - See Response Body
[2024-12-10T05:25:02.474Z] Error reading or processing Modbus registers: A Modbus Exception Occurred - See Response Body
[2024-12-10T05:25:02.476Z] Error reading register 6507 for IP 10.30.4.128: A Modbus Exception Occurred - See Response Body
[2024-12-10T05:25:02.477Z] Error reading actual data: A Modbus Exception Occurred - See Response Body
[2024-12-10T05:25:02.477Z] Error writing to Modbus register: A Modbus Exception Occurred - See Response Body
[2024-12-10T05:25:03.489Z] Error reading or processing Modbus registers: A Modbus Exception Occurred - See Response Body
[2024-12-10T05:25:03.491Z] Error reading register 6507 for IP 10.30.4.128: A Modbus Exception Occurred - See Response Body
[2024-12-10T05:25:03.492Z] Error reading actual data: A Modbus Exception Occurred - See Response Body
[2024-12-10T05:25:03.492Z] Error writing to Modbus register: A Modbus Exception Occurred - See Response Body
[2024-12-10T05:25:04.491Z] Error reading or processing Modbus registers: A Modbus Exception Occurred - See Response Body
[2024-12-10T05:25:04.493Z] Error reading register 6507 for IP 10.30.4.128: A Modbus Exception Occurred - See Response Body
[2024-12-10T05:25:04.494Z] Error reading actual data: A Modbus Exception Occurred - See Response Body
[2024-12-10T05:25:04.494Z] Error writing to Modbus register: A Modbus Exception Occurred - See Response Body
[2024-12-10T05:25:05.506Z] Error reading or processing Modbus registers: A Modbus Exception Occurred - See Response Body
[2024-12-10T05:25:05.509Z] Error reading register 6507 for IP 10.30.4.128: A Modbus Exception Occurred - See Response Body
[2024-12-10T05:25:05.509Z] Error reading actual data: A Modbus Exception Occurred - See Response Body
[2024-12-10T05:25:05.510Z] Error writing to Modbus register: A Modbus Exception Occurred - See Response Body
[2024-12-10T05:25:06.509Z] Error reading or processing Modbus registers: A Modbus Exception Occurred - See Response Body
[2024-12-10T05:25:06.511Z] Error reading register 6507 for IP 10.30.4.128: A Modbus Exception Occurred - See Response Body
[2024-12-10T05:25:06.511Z] Error reading actual data: A Modbus Exception Occurred - See Response Body
[2024-12-10T05:25:06.512Z] Error writing to Modbus register: A Modbus Exception Occurred - See Response Body
[2024-12-10T05:25:07.512Z] Error reading or processing Modbus registers: A Modbus Exception Occurred - See Response Body
[2024-12-10T05:25:07.516Z] Error reading register 6507 for IP 10.30.4.128: A Modbus Exception Occurred - See Response Body
[2024-12-10T05:25:07.516Z] Error reading actual data: A Modbus Exception Occurred - See Response Body
[2024-12-10T05:25:07.517Z] Error writing to Modbus register: A Modbus Exception Occurred - See Response Body
[2024-12-10T05:25:08.513Z] Error reading or processing Modbus registers: A Modbus Exception Occurred - See Response Body
[2024-12-10T05:25:08.515Z] Error reading register 6507 for IP 10.30.4.128: A Modbus Exception Occurred - See Response Body
[2024-12-10T05:25:08.516Z] Error reading actual data: A Modbus Exception Occurred - See Response Body
[2024-12-10T05:25:08.516Z] Error writing to Modbus register: A Modbus Exception Occurred - See Response Body
[2024-12-10T05:25:09.527Z] Error reading or processing Modbus registers: A Modbus Exception Occurred - See Response Body
[2024-12-10T05:25:09.529Z] Error reading register 6507 for IP 10.30.4.128: A Modbus Exception Occurred - See Response Body
[2024-12-10T05:25:09.530Z] Error reading actual data: A Modbus Exception Occurred - See Response Body
[2024-12-10T05:25:09.530Z] Error writing to Modbus register: A Modbus Exception Occurred - See Response Body
[2024-12-10T05:25:10.527Z] Error reading or processing Modbus registers: A Modbus Exception Occurred - See Response Body
[2024-12-10T05:25:10.529Z] Error reading register 6507 for IP 10.30.4.128: A Modbus Exception Occurred - See Response Body
[2024-12-10T05:25:10.530Z] Error reading actual data: A Modbus Exception Occurred - See Response Body
[2024-12-10T05:25:10.530Z] Error writing to Modbus register: A Modbus Exception Occurred - See Response Body
[2024-12-10T05:25:11.540Z] Error reading or processing Modbus registers: A Modbus Exception Occurred - See Response Body
[2024-12-10T05:25:11.542Z] Error reading register 6507 for IP 10.30.4.128: A Modbus Exception Occurred - See Response Body
[2024-12-10T05:25:11.543Z] Error reading actual data: A Modbus Exception Occurred - See Response Body
[2024-12-10T05:25:11.544Z] Error writing to Modbus register: A Modbus Exception Occurred - See Response Body
[2024-12-10T05:25:12.556Z] Error reading or processing Modbus registers: A Modbus Exception Occurred - See Response Body
[2024-12-10T05:25:12.558Z] Error reading register 6507 for IP 10.30.4.128: A Modbus Exception Occurred - See Response Body
[2024-12-10T05:25:12.559Z] Error reading actual data: A Modbus Exception Occurred - See Response Body
[2024-12-10T05:25:12.559Z] Error writing to Modbus register: A Modbus Exception Occurred - See Response Body
[2024-12-10T05:25:13.569Z] Error reading or processing Modbus registers: A Modbus Exception Occurred - See Response Body
[2024-12-10T05:25:13.571Z] Error reading register 6507 for IP 10.30.4.128: A Modbus Exception Occurred - See Response Body
[2024-12-10T05:25:13.572Z] Error reading actual data: A Modbus Exception Occurred - See Response Body
[2024-12-10T05:25:13.573Z] Error writing to Modbus register: A Modbus Exception Occurred - See Response Body
[2024-12-10T05:25:14.572Z] Error reading or processing Modbus registers: A Modbus Exception Occurred - See Response Body
[2024-12-10T05:25:14.574Z] Error reading register 6507 for IP 10.30.4.128: A Modbus Exception Occurred - See Response Body
[2024-12-10T05:25:14.575Z] Error reading actual data: A Modbus Exception Occurred - See Response Body
[2024-12-10T05:25:14.576Z] Error writing to Modbus register: A Modbus Exception Occurred - See Response Body
[2024-12-10T05:25:15.586Z] Error reading or processing Modbus registers: A Modbus Exception Occurred - See Response Body
[2024-12-10T05:25:15.588Z] Error reading register 6507 for IP 10.30.4.128: A Modbus Exception Occurred - See Response Body
[2024-12-10T05:25:15.589Z] Error reading actual data: A Modbus Exception Occurred - See Response Body
[2024-12-10T05:25:15.590Z] Error writing to Modbus register: A Modbus Exception Occurred - See Response Body
[2024-12-10T05:25:16.587Z] Error reading or processing Modbus registers: A Modbus Exception Occurred - See Response Body
[2024-12-10T05:25:16.590Z] Error reading register 6507 for IP 10.30.4.128: A Modbus Exception Occurred - See Response Body
[2024-12-10T05:25:16.591Z] Error reading actual data: A Modbus Exception Occurred - See Response Body
[2024-12-10T05:25:16.591Z] Error writing to Modbus register: A Modbus Exception Occurred - See Response Body
[2024-12-10T05:25:17.589Z] Error reading or processing Modbus registers: A Modbus Exception Occurred - See Response Body
[2024-12-10T05:25:17.592Z] Error reading register 6507 for IP 10.30.4.128: A Modbus Exception Occurred - See Response Body
[2024-12-10T05:25:17.592Z] Error reading actual data: A Modbus Exception Occurred - See Response Body
[2024-12-10T05:25:17.593Z] Error writing to Modbus register: A Modbus Exception Occurred - See Response Body
[2024-12-10T05:25:18.603Z] Error reading or processing Modbus registers: A Modbus Exception Occurred - See Response Body
[2024-12-10T05:25:18.606Z] Error reading register 6507 for IP 10.30.4.128: A Modbus Exception Occurred - See Response Body
[2024-12-10T05:25:18.606Z] Error reading actual data: A Modbus Exception Occurred - See Response Body
[2024-12-10T05:25:18.607Z] Error writing to Modbus register: A Modbus Exception Occurred - See Response Body
[2024-12-10T05:25:19.603Z] Error reading or processing Modbus registers: A Modbus Exception Occurred - See Response Body
[2024-12-10T05:25:19.606Z] Error reading register 6507 for IP 10.30.4.128: A Modbus Exception Occurred - See Response Body
[2024-12-10T05:25:19.606Z] Error reading actual data: A Modbus Exception Occurred - See Response Body
[2024-12-10T05:25:19.607Z] Error writing to Modbus register: A Modbus Exception Occurred - See Response Body
[2024-12-10T05:25:20.617Z] Error reading or processing Modbus registers: A Modbus Exception Occurred - See Response Body
[2024-12-10T05:25:20.620Z] Error reading register 6507 for IP 10.30.4.128: A Modbus Exception Occurred - See Response Body
[2024-12-10T05:25:20.621Z] Error reading actual data: A Modbus Exception Occurred - See Response Body
[2024-12-10T05:25:20.621Z] Error writing to Modbus register: A Modbus Exception Occurred - See Response Body
[2024-12-10T05:25:21.621Z] Error reading or processing Modbus registers: A Modbus Exception Occurred - See Response Body
[2024-12-10T05:25:21.623Z] Error reading register 6507 for IP 10.30.4.128: A Modbus Exception Occurred - See Response Body
[2024-12-10T05:25:21.624Z] Error reading actual data: A Modbus Exception Occurred - See Response Body
[2024-12-10T05:25:21.624Z] Error writing to Modbus register: A Modbus Exception Occurred - See Response Body
[2024-12-10T05:25:22.623Z] Error reading or processing Modbus registers: A Modbus Exception Occurred - See Response Body
[2024-12-10T05:25:22.625Z] Error reading register 6507 for IP 10.30.4.128: A Modbus Exception Occurred - See Response Body
[2024-12-10T05:25:22.626Z] Error reading actual data: A Modbus Exception Occurred - See Response Body
[2024-12-10T05:25:22.627Z] Error writing to Modbus register: A Modbus Exception Occurred - See Response Body
[2024-12-10T05:25:23.625Z] Error reading or processing Modbus registers: A Modbus Exception Occurred - See Response Body
[2024-12-10T05:25:23.627Z] Error reading register 6507 for IP 10.30.4.128: A Modbus Exception Occurred - See Response Body
[2024-12-10T05:25:23.628Z] Error reading actual data: A Modbus Exception Occurred - See Response Body
[2024-12-10T05:25:23.628Z] Error writing to Modbus register: A Modbus Exception Occurred - See Response Body
[2024-12-10T05:25:24.629Z] Error reading or processing Modbus registers: A Modbus Exception Occurred - See Response Body
[2024-12-10T05:25:24.631Z] Error reading register 6507 for IP 10.30.4.128: A Modbus Exception Occurred - See Response Body
[2024-12-10T05:25:24.632Z] Error reading actual data: A Modbus Exception Occurred - See Response Body
[2024-12-10T05:25:24.633Z] Error writing to Modbus register: A Modbus Exception Occurred - See Response Body
[2024-12-10T05:25:25.631Z] Error reading or processing Modbus registers: A Modbus Exception Occurred - See Response Body
[2024-12-10T05:25:25.633Z] Error reading register 6507 for IP 10.30.4.128: A Modbus Exception Occurred - See Response Body
[2024-12-10T05:25:25.637Z] Error reading actual data: A Modbus Exception Occurred - See Response Body
[2024-12-10T05:25:25.638Z] Error writing to Modbus register: A Modbus Exception Occurred - See Response Body
[2024-12-10T05:25:26.633Z] Error reading or processing Modbus registers: A Modbus Exception Occurred - See Response Body
[2024-12-10T05:25:26.636Z] Error reading register 6507 for IP 10.30.4.128: A Modbus Exception Occurred - See Response Body
[2024-12-10T05:25:26.637Z] Error reading actual data: A Modbus Exception Occurred - See Response Body
[2024-12-10T05:25:26.637Z] Error writing to Modbus register: A Modbus Exception Occurred - See Response Body
[2024-12-10T05:25:27.634Z] Error reading or processing Modbus registers: A Modbus Exception Occurred - See Response Body
[2024-12-10T05:25:27.638Z] Error reading register 6507 for IP 10.30.4.128: A Modbus Exception Occurred - See Response Body
[2024-12-10T05:25:27.639Z] Error reading actual data: A Modbus Exception Occurred - See Response Body
[2024-12-10T05:25:27.640Z] Error writing to Modbus register: A Modbus Exception Occurred - See Response Body
[2024-12-10T05:25:28.645Z] Error reading or processing Modbus registers: A Modbus Exception Occurred - See Response Body
[2024-12-10T05:25:28.647Z] Error reading register 6507 for IP 10.30.4.128: A Modbus Exception Occurred - See Response Body
[2024-12-10T05:25:28.648Z] Error reading actual data: A Modbus Exception Occurred - See Response Body
[2024-12-10T05:25:28.648Z] Error writing to Modbus register: A Modbus Exception Occurred - See Response Body
[2024-12-10T05:25:29.659Z] Error reading or processing Modbus registers: A Modbus Exception Occurred - See Response Body
[2024-12-10T05:25:29.661Z] Error reading register 6507 for IP 10.30.4.128: A Modbus Exception Occurred - See Response Body
[2024-12-10T05:25:29.661Z] Error reading actual data: A Modbus Exception Occurred - See Response Body
[2024-12-10T05:25:29.662Z] Error writing to Modbus register: A Modbus Exception Occurred - See Response Body
[2024-12-10T05:25:30.661Z] Error reading or processing Modbus registers: A Modbus Exception Occurred - See Response Body
[2024-12-10T05:25:30.663Z] Error reading register 6507 for IP 10.30.4.128: A Modbus Exception Occurred - See Response Body
[2024-12-10T05:25:30.663Z] Error reading actual data: A Modbus Exception Occurred - See Response Body
[2024-12-10T05:25:30.664Z] Error writing to Modbus register: A Modbus Exception Occurred - See Response Body
[2024-12-10T05:25:31.672Z] Error reading or processing Modbus registers: A Modbus Exception Occurred - See Response Body
[2024-12-10T05:25:31.674Z] Error reading register 6507 for IP 10.30.4.128: A Modbus Exception Occurred - See Response Body
[2024-12-10T05:25:31.675Z] Error reading actual data: A Modbus Exception Occurred - See Response Body
[2024-12-10T05:25:31.675Z] Error writing to Modbus register: A Modbus Exception Occurred - See Response Body
[2024-12-10T05:25:32.676Z] Error reading or processing Modbus registers: A Modbus Exception Occurred - See Response Body
[2024-12-10T05:25:32.678Z] Error reading register 6507 for IP 10.30.4.128: A Modbus Exception Occurred - See Response Body
[2024-12-10T05:25:32.678Z] Error reading actual data: A Modbus Exception Occurred - See Response Body
[2024-12-10T05:25:32.679Z] Error writing to Modbus register: A Modbus Exception Occurred - See Response Body
[2024-12-10T05:25:33.677Z] Error reading or processing Modbus registers: A Modbus Exception Occurred - See Response Body
[2024-12-10T05:25:33.679Z] Error reading register 6507 for IP 10.30.4.128: A Modbus Exception Occurred - See Response Body
[2024-12-10T05:25:33.679Z] Error reading actual data: A Modbus Exception Occurred - See Response Body
[2024-12-10T05:25:33.680Z] Error writing to Modbus register: A Modbus Exception Occurred - See Response Body
[2024-12-10T05:25:34.688Z] Error reading or processing Modbus registers: A Modbus Exception Occurred - See Response Body
[2024-12-10T05:25:34.691Z] Error reading register 6507 for IP 10.30.4.128: A Modbus Exception Occurred - See Response Body
[2024-12-10T05:25:34.691Z] Error reading actual data: A Modbus Exception Occurred - See Response Body
[2024-12-10T05:25:34.692Z] Error writing to Modbus register: A Modbus Exception Occurred - See Response Body
[2024-12-10T05:25:35.691Z] Error reading or processing Modbus registers: A Modbus Exception Occurred - See Response Body
[2024-12-10T05:25:35.693Z] Error reading register 6507 for IP 10.30.4.128: A Modbus Exception Occurred - See Response Body
[2024-12-10T05:25:35.694Z] Error reading actual data: A Modbus Exception Occurred - See Response Body
[2024-12-10T05:25:35.694Z] Error writing to Modbus register: A Modbus Exception Occurred - See Response Body
[2024-12-10T05:25:36.703Z] Error reading or processing Modbus registers: A Modbus Exception Occurred - See Response Body
[2024-12-10T05:25:36.705Z] Error reading register 6507 for IP 10.30.4.128: A Modbus Exception Occurred - See Response Body
[2024-12-10T05:25:36.706Z] Error reading actual data: A Modbus Exception Occurred - See Response Body
[2024-12-10T05:25:36.706Z] Error writing to Modbus register: A Modbus Exception Occurred - See Response Body
[2024-12-10T05:25:37.704Z] Error reading or processing Modbus registers: A Modbus Exception Occurred - See Response Body
[2024-12-10T05:25:37.706Z] Error reading register 6507 for IP 10.30.4.128: A Modbus Exception Occurred - See Response Body
[2024-12-10T05:25:37.707Z] Error reading actual data: A Modbus Exception Occurred - See Response Body
[2024-12-10T05:25:37.707Z] Error writing to Modbus register: A Modbus Exception Occurred - See Response Body
[2024-12-10T05:25:38.705Z] Error reading or processing Modbus registers: A Modbus Exception Occurred - See Response Body
[2024-12-10T05:25:38.707Z] Error reading register 6507 for IP 10.30.4.128: A Modbus Exception Occurred - See Response Body
[2024-12-10T05:25:38.707Z] Error reading actual data: A Modbus Exception Occurred - See Response Body
[2024-12-10T05:25:38.708Z] Error writing to Modbus register: A Modbus Exception Occurred - See Response Body
[2024-12-10T05:25:39.718Z] Error reading or processing Modbus registers: A Modbus Exception Occurred - See Response Body
[2024-12-10T05:25:39.720Z] Error reading register 6507 for IP 10.30.4.128: A Modbus Exception Occurred - See Response Body
[2024-12-10T05:25:39.721Z] Error reading actual data: A Modbus Exception Occurred - See Response Body
[2024-12-10T05:25:39.721Z] Error writing to Modbus register: A Modbus Exception Occurred - See Response Body
[2024-12-10T05:25:40.732Z] Error reading or processing Modbus registers: A Modbus Exception Occurred - See Response Body
[2024-12-10T05:25:40.734Z] Error reading register 6507 for IP 10.30.4.128: A Modbus Exception Occurred - See Response Body
[2024-12-10T05:25:40.735Z] Error reading actual data: A Modbus Exception Occurred - See Response Body
[2024-12-10T05:25:40.736Z] Error writing to Modbus register: A Modbus Exception Occurred - See Response Body
[2024-12-10T05:25:41.732Z] Error reading or processing Modbus registers: A Modbus Exception Occurred - See Response Body
[2024-12-10T05:25:41.735Z] Error reading register 6507 for IP 10.30.4.128: A Modbus Exception Occurred - See Response Body
[2024-12-10T05:25:41.736Z] Error reading actual data: A Modbus Exception Occurred - See Response Body
[2024-12-10T05:25:41.736Z] Error writing to Modbus register: A Modbus Exception Occurred - See Response Body
[2024-12-10T05:25:42.745Z] Error reading or processing Modbus registers: A Modbus Exception Occurred - See Response Body
[2024-12-10T05:25:42.747Z] Error reading register 6507 for IP 10.30.4.128: A Modbus Exception Occurred - See Response Body
[2024-12-10T05:25:42.748Z] Error reading actual data: A Modbus Exception Occurred - See Response Body
[2024-12-10T05:25:42.749Z] Error writing to Modbus register: A Modbus Exception Occurred - See Response Body
[2024-12-10T05:25:43.747Z] Error reading or processing Modbus registers: A Modbus Exception Occurred - See Response Body
[2024-12-10T05:25:43.750Z] Error reading register 6507 for IP 10.30.4.128: A Modbus Exception Occurred - See Response Body
[2024-12-10T05:25:43.750Z] Error reading actual data: A Modbus Exception Occurred - See Response Body
[2024-12-10T05:25:43.751Z] Error writing to Modbus register: A Modbus Exception Occurred - See Response Body
[2024-12-10T05:25:44.760Z] Error reading or processing Modbus registers: A Modbus Exception Occurred - See Response Body
[2024-12-10T05:25:44.762Z] Error reading register 6507 for IP 10.30.4.128: A Modbus Exception Occurred - See Response Body
[2024-12-10T05:25:44.763Z] Error reading actual data: A Modbus Exception Occurred - See Response Body
[2024-12-10T05:25:44.764Z] Error writing to Modbus register: A Modbus Exception Occurred - See Response Body
[2024-12-10T05:25:45.771Z] Error reading or processing Modbus registers: A Modbus Exception Occurred - See Response Body
[2024-12-10T05:25:45.773Z] Error reading register 6507 for IP 10.30.4.128: A Modbus Exception Occurred - See Response Body
[2024-12-10T05:25:45.774Z] Error reading actual data: A Modbus Exception Occurred - See Response Body
[2024-12-10T05:25:45.774Z] Error writing to Modbus register: A Modbus Exception Occurred - See Response Body
[2024-12-10T05:25:46.780Z] Error reading or processing Modbus registers: A Modbus Exception Occurred - See Response Body
[2024-12-10T05:25:46.783Z] Error reading register 6507 for IP 10.30.4.128: A Modbus Exception Occurred - See Response Body
[2024-12-10T05:25:46.783Z] Error reading actual data: A Modbus Exception Occurred - See Response Body
[2024-12-10T05:25:46.784Z] Error writing to Modbus register: A Modbus Exception Occurred - See Response Body
[2024-12-10T05:25:47.793Z] Error reading or processing Modbus registers: A Modbus Exception Occurred - See Response Body
[2024-12-10T05:25:47.796Z] Error reading register 6507 for IP 10.30.4.128: A Modbus Exception Occurred - See Response Body
[2024-12-10T05:25:47.797Z] Error reading actual data: A Modbus Exception Occurred - See Response Body
[2024-12-10T05:25:47.797Z] Error writing to Modbus register: A Modbus Exception Occurred - See Response Body
[2024-12-10T05:25:48.793Z] Error reading or processing Modbus registers: A Modbus Exception Occurred - See Response Body
[2024-12-10T05:25:48.796Z] Error reading register 6507 for IP 10.30.4.128: A Modbus Exception Occurred - See Response Body
[2024-12-10T05:25:48.797Z] Error reading actual data: A Modbus Exception Occurred - See Response Body
[2024-12-10T05:25:48.797Z] Error writing to Modbus register: A Modbus Exception Occurred - See Response Body
[2024-12-10T05:25:49.804Z] Error reading or processing Modbus registers: A Modbus Exception Occurred - See Response Body
[2024-12-10T05:25:49.807Z] Error reading register 6507 for IP 10.30.4.128: A Modbus Exception Occurred - See Response Body
[2024-12-10T05:25:49.808Z] Error reading actual data: A Modbus Exception Occurred - See Response Body
[2024-12-10T05:25:49.808Z] Error writing to Modbus register: A Modbus Exception Occurred - See Response Body
[2024-12-10T05:25:50.817Z] Error reading or processing Modbus registers: A Modbus Exception Occurred - See Response Body
[2024-12-10T05:25:50.819Z] Error reading register 6507 for IP 10.30.4.128: A Modbus Exception Occurred - See Response Body
[2024-12-10T05:25:50.820Z] Error reading actual data: A Modbus Exception Occurred - See Response Body
[2024-12-10T05:25:50.820Z] Error writing to Modbus register: A Modbus Exception Occurred - See Response Body
[2024-12-10T05:25:51.824Z] Error reading or processing Modbus registers: A Modbus Exception Occurred - See Response Body
[2024-12-10T05:25:51.827Z] Error reading register 6507 for IP 10.30.4.128: A Modbus Exception Occurred - See Response Body
[2024-12-10T05:25:51.828Z] Error reading actual data: A Modbus Exception Occurred - See Response Body
[2024-12-10T05:25:51.831Z] Error writing to Modbus register: A Modbus Exception Occurred - See Response Body
[2024-12-10T05:25:52.839Z] Error reading or processing Modbus registers: A Modbus Exception Occurred - See Response Body
[2024-12-10T05:25:52.842Z] Error reading register 6507 for IP 10.30.4.128: A Modbus Exception Occurred - See Response Body
[2024-12-10T05:25:52.842Z] Error reading actual data: A Modbus Exception Occurred - See Response Body
[2024-12-10T05:25:52.843Z] Error writing to Modbus register: A Modbus Exception Occurred - See Response Body
[2024-12-10T05:25:53.848Z] Error reading or processing Modbus registers: A Modbus Exception Occurred - See Response Body
[2024-12-10T05:25:53.850Z] Error reading register 6507 for IP 10.30.4.128: A Modbus Exception Occurred - See Response Body
[2024-12-10T05:25:53.851Z] Error reading actual data: A Modbus Exception Occurred - See Response Body
[2024-12-10T05:25:53.851Z] Error writing to Modbus register: A Modbus Exception Occurred - See Response Body
[2024-12-10T05:25:54.860Z] Error reading or processing Modbus registers: A Modbus Exception Occurred - See Response Body
[2024-12-10T05:25:54.862Z] Error reading register 6507 for IP 10.30.4.128: A Modbus Exception Occurred - See Response Body
[2024-12-10T05:25:54.863Z] Error reading actual data: A Modbus Exception Occurred - See Response Body
[2024-12-10T05:25:54.863Z] Error writing to Modbus register: A Modbus Exception Occurred - See Response Body
[2024-12-10T05:25:55.869Z] Error reading or processing Modbus registers: A Modbus Exception Occurred - See Response Body
[2024-12-10T05:25:55.871Z] Error reading register 6507 for IP 10.30.4.128: A Modbus Exception Occurred - See Response Body
[2024-12-10T05:25:55.872Z] Error reading actual data: A Modbus Exception Occurred - See Response Body
[2024-12-10T05:25:55.872Z] Error writing to Modbus register: A Modbus Exception Occurred - See Response Body
[2024-12-10T05:25:56.880Z] Error reading or processing Modbus registers: A Modbus Exception Occurred - See Response Body
[2024-12-10T05:25:56.883Z] Error reading register 6507 for IP 10.30.4.128: A Modbus Exception Occurred - See Response Body
[2024-12-10T05:25:56.884Z] Error reading actual data: A Modbus Exception Occurred - See Response Body
[2024-12-10T05:25:56.885Z] Error writing to Modbus register: A Modbus Exception Occurred - See Response Body
[2024-12-10T05:25:57.889Z] Error reading or processing Modbus registers: A Modbus Exception Occurred - See Response Body
[2024-12-10T05:25:57.892Z] Error reading register 6507 for IP 10.30.4.128: A Modbus Exception Occurred - See Response Body
[2024-12-10T05:25:57.892Z] Error reading actual data: A Modbus Exception Occurred - See Response Body
[2024-12-10T05:25:57.893Z] Error writing to Modbus register: A Modbus Exception Occurred - See Response Body
[2024-12-10T05:25:58.893Z] Error reading or processing Modbus registers: A Modbus Exception Occurred - See Response Body
[2024-12-10T05:25:58.895Z] Error reading register 6507 for IP 10.30.4.128: A Modbus Exception Occurred - See Response Body
[2024-12-10T05:25:58.896Z] Error reading actual data: A Modbus Exception Occurred - See Response Body
[2024-12-10T05:25:58.896Z] Error writing to Modbus register: A Modbus Exception Occurred - See Response Body
[2024-12-10T05:25:59.904Z] Error reading or processing Modbus registers: A Modbus Exception Occurred - See Response Body
[2024-12-10T05:25:59.907Z] Error reading register 6507 for IP 10.30.4.128: A Modbus Exception Occurred - See Response Body
[2024-12-10T05:25:59.907Z] Error reading actual data: A Modbus Exception Occurred - See Response Body
[2024-12-10T05:25:59.908Z] Error writing to Modbus register: A Modbus Exception Occurred - See Response Body
[2024-12-10T05:26:00.920Z] Error reading or processing Modbus registers: A Modbus Exception Occurred - See Response Body
[2024-12-10T05:26:00.922Z] Error reading register 6507 for IP 10.30.4.128: A Modbus Exception Occurred - See Response Body
[2024-12-10T05:26:00.922Z] Error reading actual data: A Modbus Exception Occurred - See Response Body
[2024-12-10T05:26:00.923Z] Error writing to Modbus register: A Modbus Exception Occurred - See Response Body
[2024-12-10T05:26:01.932Z] Error reading or processing Modbus registers: A Modbus Exception Occurred - See Response Body
[2024-12-10T05:26:01.934Z] Error reading register 6507 for IP 10.30.4.128: A Modbus Exception Occurred - See Response Body
[2024-12-10T05:26:01.935Z] Error reading actual data: A Modbus Exception Occurred - See Response Body
[2024-12-10T05:26:01.935Z] Error writing to Modbus register: A Modbus Exception Occurred - See Response Body
[2024-12-10T05:26:02.944Z] Error reading or processing Modbus registers: A Modbus Exception Occurred - See Response Body
[2024-12-10T05:26:02.947Z] Error reading register 6507 for IP 10.30.4.128: A Modbus Exception Occurred - See Response Body
[2024-12-10T05:26:02.947Z] Error reading actual data: A Modbus Exception Occurred - See Response Body
[2024-12-10T05:26:02.948Z] Error writing to Modbus register: A Modbus Exception Occurred - See Response Body
[2024-12-10T05:26:03.957Z] Error reading or processing Modbus registers: A Modbus Exception Occurred - See Response Body
[2024-12-10T05:26:03.959Z] Error reading register 6507 for IP 10.30.4.128: A Modbus Exception Occurred - See Response Body
[2024-12-10T05:26:03.960Z] Error reading actual data: A Modbus Exception Occurred - See Response Body
[2024-12-10T05:26:03.961Z] Error writing to Modbus register: A Modbus Exception Occurred - See Response Body
[2024-12-10T05:26:04.968Z] Error reading or processing Modbus registers: A Modbus Exception Occurred - See Response Body
[2024-12-10T05:26:04.971Z] Error reading register 6507 for IP 10.30.4.128: A Modbus Exception Occurred - See Response Body
[2024-12-10T05:26:04.972Z] Error reading actual data: A Modbus Exception Occurred - See Response Body
[2024-12-10T05:26:04.972Z] Error writing to Modbus register: A Modbus Exception Occurred - See Response Body
[2024-12-10T05:26:05.979Z] Error reading or processing Modbus registers: A Modbus Exception Occurred - See Response Body
[2024-12-10T05:26:05.981Z] Error reading register 6507 for IP 10.30.4.128: A Modbus Exception Occurred - See Response Body
[2024-12-10T05:26:05.982Z] Error reading actual data: A Modbus Exception Occurred - See Response Body
[2024-12-10T05:26:05.982Z] Error writing to Modbus register: A Modbus Exception Occurred - See Response Body
[2024-12-10T05:26:06.994Z] Error reading or processing Modbus registers: A Modbus Exception Occurred - See Response Body
[2024-12-10T05:26:06.996Z] Error reading register 6507 for IP 10.30.4.128: A Modbus Exception Occurred - See Response Body
[2024-12-10T05:26:06.996Z] Error reading actual data: A Modbus Exception Occurred - See Response Body
[2024-12-10T05:26:06.997Z] Error writing to Modbus register: A Modbus Exception Occurred - See Response Body
[2024-12-10T05:26:08.005Z] Error reading or processing Modbus registers: A Modbus Exception Occurred - See Response Body
[2024-12-10T05:26:08.007Z] Error reading register 6507 for IP 10.30.4.128: A Modbus Exception Occurred - See Response Body
[2024-12-10T05:26:08.008Z] Error reading actual data: A Modbus Exception Occurred - See Response Body
[2024-12-10T05:26:08.009Z] Error writing to Modbus register: A Modbus Exception Occurred - See Response Body
[2024-12-10T05:26:09.005Z] Error reading or processing Modbus registers: A Modbus Exception Occurred - See Response Body
[2024-12-10T05:26:09.007Z] Error reading register 6507 for IP 10.30.4.128: A Modbus Exception Occurred - See Response Body
[2024-12-10T05:26:09.008Z] Error reading actual data: A Modbus Exception Occurred - See Response Body
[2024-12-10T05:26:09.008Z] Error writing to Modbus register: A Modbus Exception Occurred - See Response Body
[2024-12-10T05:26:10.019Z] Error reading or processing Modbus registers: A Modbus Exception Occurred - See Response Body
[2024-12-10T05:26:10.021Z] Error reading register 6507 for IP 10.30.4.128: A Modbus Exception Occurred - See Response Body
[2024-12-10T05:26:10.022Z] Error reading actual data: A Modbus Exception Occurred - See Response Body
[2024-12-10T05:26:10.023Z] Error writing to Modbus register: A Modbus Exception Occurred - See Response Body
[2024-12-10T05:26:11.032Z] Error reading or processing Modbus registers: A Modbus Exception Occurred - See Response Body
[2024-12-10T05:26:11.033Z] Error reading register 6507 for IP 10.30.4.128: A Modbus Exception Occurred - See Response Body
[2024-12-10T05:26:11.034Z] Error reading actual data: A Modbus Exception Occurred - See Response Body
[2024-12-10T05:26:11.034Z] Error writing to Modbus register: A Modbus Exception Occurred - See Response Body
[2024-12-10T05:26:12.043Z] Error reading or processing Modbus registers: A Modbus Exception Occurred - See Response Body
[2024-12-10T05:26:12.045Z] Error reading register 6507 for IP 10.30.4.128: A Modbus Exception Occurred - See Response Body
[2024-12-10T05:26:12.046Z] Error reading actual data: A Modbus Exception Occurred - See Response Body
[2024-12-10T05:26:12.046Z] Error writing to Modbus register: A Modbus Exception Occurred - See Response Body
[2024-12-10T05:26:13.056Z] Error reading or processing Modbus registers: A Modbus Exception Occurred - See Response Body
[2024-12-10T05:26:13.059Z] Error reading register 6507 for IP 10.30.4.128: A Modbus Exception Occurred - See Response Body
[2024-12-10T05:26:13.060Z] Error reading actual data: A Modbus Exception Occurred - See Response Body
[2024-12-10T05:26:13.061Z] Error writing to Modbus register: A Modbus Exception Occurred - See Response Body
[2024-12-10T05:26:14.069Z] Error reading or processing Modbus registers: A Modbus Exception Occurred - See Response Body
[2024-12-10T05:26:14.071Z] Error reading register 6507 for IP 10.30.4.128: A Modbus Exception Occurred - See Response Body
[2024-12-10T05:26:14.072Z] Error reading actual data: A Modbus Exception Occurred - See Response Body
[2024-12-10T05:26:14.072Z] Error writing to Modbus register: A Modbus Exception Occurred - See Response Body
[2024-12-10T05:26:15.072Z] Error reading or processing Modbus registers: A Modbus Exception Occurred - See Response Body
[2024-12-10T05:26:15.074Z] Error reading register 6507 for IP 10.30.4.128: A Modbus Exception Occurred - See Response Body
[2024-12-10T05:26:15.074Z] Error reading actual data: A Modbus Exception Occurred - See Response Body
[2024-12-10T05:26:15.075Z] Error writing to Modbus register: A Modbus Exception Occurred - See Response Body
[2024-12-10T05:26:16.073Z] Error reading or processing Modbus registers: A Modbus Exception Occurred - See Response Body
[2024-12-10T05:26:16.074Z] Error reading register 6507 for IP 10.30.4.128: A Modbus Exception Occurred - See Response Body
[2024-12-10T05:26:16.075Z] Error reading actual data: A Modbus Exception Occurred - See Response Body
[2024-12-10T05:26:16.075Z] Error writing to Modbus register: A Modbus Exception Occurred - See Response Body
[2024-12-10T05:26:17.087Z] Error reading or processing Modbus registers: A Modbus Exception Occurred - See Response Body
[2024-12-10T05:26:17.090Z] Error reading register 6507 for IP 10.30.4.128: A Modbus Exception Occurred - See Response Body
[2024-12-10T05:26:17.090Z] Error reading actual data: A Modbus Exception Occurred - See Response Body
[2024-12-10T05:26:17.091Z] Error writing to Modbus register: A Modbus Exception Occurred - See Response Body
[2024-12-10T05:26:18.103Z] Error reading or processing Modbus registers: A Modbus Exception Occurred - See Response Body
[2024-12-10T05:26:18.105Z] Error reading register 6507 for IP 10.30.4.128: A Modbus Exception Occurred - See Response Body
[2024-12-10T05:26:18.106Z] Error reading actual data: A Modbus Exception Occurred - See Response Body
[2024-12-10T05:26:18.107Z] Error writing to Modbus register: A Modbus Exception Occurred - See Response Body
[2024-12-10T05:26:19.117Z] Error reading or processing Modbus registers: A Modbus Exception Occurred - See Response Body
[2024-12-10T05:26:19.119Z] Error reading register 6507 for IP 10.30.4.128: A Modbus Exception Occurred - See Response Body
[2024-12-10T05:26:19.120Z] Error reading actual data: A Modbus Exception Occurred - See Response Body
[2024-12-10T05:26:19.121Z] Error writing to Modbus register: A Modbus Exception Occurred - See Response Body
[2024-12-10T05:26:20.128Z] Error reading or processing Modbus registers: A Modbus Exception Occurred - See Response Body
[2024-12-10T05:26:20.130Z] Error reading register 6507 for IP 10.30.4.128: A Modbus Exception Occurred - See Response Body
[2024-12-10T05:26:20.131Z] Error reading actual data: A Modbus Exception Occurred - See Response Body
[2024-12-10T05:26:20.132Z] Error writing to Modbus register: A Modbus Exception Occurred - See Response Body
[2024-12-10T05:26:21.139Z] Error reading or processing Modbus registers: A Modbus Exception Occurred - See Response Body
[2024-12-10T05:26:21.142Z] Error reading register 6507 for IP 10.30.4.128: A Modbus Exception Occurred - See Response Body
[2024-12-10T05:26:21.143Z] Error reading actual data: A Modbus Exception Occurred - See Response Body
[2024-12-10T05:26:21.143Z] Error writing to Modbus register: A Modbus Exception Occurred - See Response Body
[2024-12-10T05:26:22.150Z] Error reading or processing Modbus registers: A Modbus Exception Occurred - See Response Body
[2024-12-10T05:26:22.153Z] Error reading register 6507 for IP 10.30.4.128: A Modbus Exception Occurred - See Response Body
[2024-12-10T05:26:22.154Z] Error reading actual data: A Modbus Exception Occurred - See Response Body
[2024-12-10T05:26:22.154Z] Error writing to Modbus register: A Modbus Exception Occurred - See Response Body
[2024-12-10T05:26:23.161Z] Error reading or processing Modbus registers: A Modbus Exception Occurred - See Response Body
[2024-12-10T05:26:23.163Z] Error reading register 6507 for IP 10.30.4.128: A Modbus Exception Occurred - See Response Body
[2024-12-10T05:26:23.164Z] Error reading actual data: A Modbus Exception Occurred - See Response Body
[2024-12-10T05:26:23.164Z] Error writing to Modbus register: A Modbus Exception Occurred - See Response Body
[2024-12-10T05:26:24.176Z] Error reading or processing Modbus registers: A Modbus Exception Occurred - See Response Body
[2024-12-10T05:26:24.178Z] Error reading register 6507 for IP 10.30.4.128: A Modbus Exception Occurred - See Response Body
[2024-12-10T05:26:24.178Z] Error reading actual data: A Modbus Exception Occurred - See Response Body
[2024-12-10T05:26:24.179Z] Error writing to Modbus register: A Modbus Exception Occurred - See Response Body
[2024-12-10T05:26:25.189Z] Error reading or processing Modbus registers: A Modbus Exception Occurred - See Response Body
[2024-12-10T05:26:25.191Z] Error reading register 6507 for IP 10.30.4.128: A Modbus Exception Occurred - See Response Body
[2024-12-10T05:26:25.192Z] Error reading actual data: A Modbus Exception Occurred - See Response Body
[2024-12-10T05:26:25.192Z] Error writing to Modbus register: A Modbus Exception Occurred - See Response Body
[2024-12-10T05:26:26.191Z] Error reading or processing Modbus registers: A Modbus Exception Occurred - See Response Body
[2024-12-10T05:26:26.193Z] Error reading register 6507 for IP 10.30.4.128: A Modbus Exception Occurred - See Response Body
[2024-12-10T05:26:26.193Z] Error reading actual data: A Modbus Exception Occurred - See Response Body
[2024-12-10T05:26:26.194Z] Error writing to Modbus register: A Modbus Exception Occurred - See Response Body
[2024-12-10T05:26:27.203Z] Error reading or processing Modbus registers: A Modbus Exception Occurred - See Response Body
[2024-12-10T05:26:27.205Z] Error reading register 6507 for IP 10.30.4.128: A Modbus Exception Occurred - See Response Body
[2024-12-10T05:26:27.205Z] Error reading actual data: A Modbus Exception Occurred - See Response Body
[2024-12-10T05:26:27.206Z] Error writing to Modbus register: A Modbus Exception Occurred - See Response Body
[2024-12-10T05:26:28.217Z] Error reading or processing Modbus registers: A Modbus Exception Occurred - See Response Body
[2024-12-10T05:26:28.219Z] Error reading register 6507 for IP 10.30.4.128: A Modbus Exception Occurred - See Response Body
[2024-12-10T05:26:28.220Z] Error reading actual data: A Modbus Exception Occurred - See Response Body
[2024-12-10T05:26:28.221Z] Error writing to Modbus register: A Modbus Exception Occurred - See Response Body
[2024-12-10T05:26:29.232Z] Error reading or processing Modbus registers: A Modbus Exception Occurred - See Response Body
[2024-12-10T05:26:29.234Z] Error reading register 6507 for IP 10.30.4.128: A Modbus Exception Occurred - See Response Body
[2024-12-10T05:26:29.235Z] Error reading actual data: A Modbus Exception Occurred - See Response Body
[2024-12-10T05:26:29.235Z] Error writing to Modbus register: A Modbus Exception Occurred - See Response Body
[2024-12-10T05:26:30.245Z] Error reading or processing Modbus registers: A Modbus Exception Occurred - See Response Body
[2024-12-10T05:26:30.248Z] Error reading register 6507 for IP 10.30.4.128: A Modbus Exception Occurred - See Response Body
[2024-12-10T05:26:30.248Z] Error reading actual data: A Modbus Exception Occurred - See Response Body
[2024-12-10T05:26:30.249Z] Error writing to Modbus register: A Modbus Exception Occurred - See Response Body
[2024-12-10T05:26:31.259Z] Error reading or processing Modbus registers: A Modbus Exception Occurred - See Response Body
[2024-12-10T05:26:31.261Z] Error reading register 6507 for IP 10.30.4.128: A Modbus Exception Occurred - See Response Body
[2024-12-10T05:26:31.262Z] Error reading actual data: A Modbus Exception Occurred - See Response Body
[2024-12-10T05:26:31.262Z] Error writing to Modbus register: A Modbus Exception Occurred - See Response Body
[2024-12-10T05:26:32.270Z] Error reading or processing Modbus registers: A Modbus Exception Occurred - See Response Body
[2024-12-10T05:26:32.272Z] Error reading register 6507 for IP 10.30.4.128: A Modbus Exception Occurred - See Response Body
[2024-12-10T05:26:32.273Z] Error reading actual data: A Modbus Exception Occurred - See Response Body
[2024-12-10T05:26:32.273Z] Error writing to Modbus register: A Modbus Exception Occurred - See Response Body
[2024-12-10T05:26:33.271Z] Error reading or processing Modbus registers: A Modbus Exception Occurred - See Response Body
[2024-12-10T05:26:33.273Z] Error reading register 6507 for IP 10.30.4.128: A Modbus Exception Occurred - See Response Body
[2024-12-10T05:26:33.274Z] Error reading actual data: A Modbus Exception Occurred - See Response Body
[2024-12-10T05:26:33.274Z] Error writing to Modbus register: A Modbus Exception Occurred - See Response Body
[2024-12-10T05:26:34.285Z] Error reading or processing Modbus registers: A Modbus Exception Occurred - See Response Body
[2024-12-10T05:26:34.288Z] Error reading register 6507 for IP 10.30.4.128: A Modbus Exception Occurred - See Response Body
[2024-12-10T05:26:34.289Z] Error reading actual data: A Modbus Exception Occurred - See Response Body
[2024-12-10T05:26:34.290Z] Error writing to Modbus register: A Modbus Exception Occurred - See Response Body
[2024-12-10T05:26:35.300Z] Error reading or processing Modbus registers: A Modbus Exception Occurred - See Response Body
[2024-12-10T05:26:35.302Z] Error reading register 6507 for IP 10.30.4.128: A Modbus Exception Occurred - See Response Body
[2024-12-10T05:26:35.303Z] Error reading actual data: A Modbus Exception Occurred - See Response Body
[2024-12-10T05:26:35.304Z] Error writing to Modbus register: A Modbus Exception Occurred - See Response Body
[2024-12-10T05:26:36.303Z] Error reading or processing Modbus registers: A Modbus Exception Occurred - See Response Body
[2024-12-10T05:26:36.305Z] Error reading register 6507 for IP 10.30.4.128: A Modbus Exception Occurred - See Response Body
[2024-12-10T05:26:36.306Z] Error reading actual data: A Modbus Exception Occurred - See Response Body
[2024-12-10T05:26:36.306Z] Error writing to Modbus register: A Modbus Exception Occurred - See Response Body
[2024-12-10T05:26:37.316Z] Error reading or processing Modbus registers: A Modbus Exception Occurred - See Response Body
[2024-12-10T05:26:37.318Z] Error reading register 6507 for IP 10.30.4.128: A Modbus Exception Occurred - See Response Body
[2024-12-10T05:26:37.319Z] Error reading actual data: A Modbus Exception Occurred - See Response Body
[2024-12-10T05:26:37.319Z] Error writing to Modbus register: A Modbus Exception Occurred - See Response Body
[2024-12-10T05:26:38.331Z] Error reading or processing Modbus registers: A Modbus Exception Occurred - See Response Body
[2024-12-10T05:26:38.333Z] Error reading register 6507 for IP 10.30.4.128: A Modbus Exception Occurred - See Response Body
[2024-12-10T05:26:38.334Z] Error reading actual data: A Modbus Exception Occurred - See Response Body
[2024-12-10T05:26:38.334Z] Error writing to Modbus register: A Modbus Exception Occurred - See Response Body
[2024-12-10T05:26:39.331Z] Error reading or processing Modbus registers: A Modbus Exception Occurred - See Response Body
[2024-12-10T05:26:39.333Z] Error reading register 6507 for IP 10.30.4.128: A Modbus Exception Occurred - See Response Body
[2024-12-10T05:26:39.333Z] Error reading actual data: A Modbus Exception Occurred - See Response Body
[2024-12-10T05:26:39.334Z] Error writing to Modbus register: A Modbus Exception Occurred - See Response Body
[2024-12-10T05:26:40.333Z] Error reading or processing Modbus registers: A Modbus Exception Occurred - See Response Body
[2024-12-10T05:26:40.335Z] Error reading register 6507 for IP 10.30.4.128: A Modbus Exception Occurred - See Response Body
[2024-12-10T05:26:40.336Z] Error reading actual data: A Modbus Exception Occurred - See Response Body
[2024-12-10T05:26:40.337Z] Error writing to Modbus register: A Modbus Exception Occurred - See Response Body
[2024-12-10T05:26:41.349Z] Error reading or processing Modbus registers: A Modbus Exception Occurred - See Response Body
[2024-12-10T05:26:41.353Z] Error reading register 6507 for IP 10.30.4.128: A Modbus Exception Occurred - See Response Body
[2024-12-10T05:26:41.367Z] Error reading actual data: A Modbus Exception Occurred - See Response Body
[2024-12-10T05:26:41.368Z] Error writing to Modbus register: A Modbus Exception Occurred - See Response Body
[2024-12-10T05:26:42.360Z] Error reading or processing Modbus registers: A Modbus Exception Occurred - See Response Body
[2024-12-10T05:26:42.362Z] Error reading register 6507 for IP 10.30.4.128: A Modbus Exception Occurred - See Response Body
[2024-12-10T05:26:42.363Z] Error reading actual data: A Modbus Exception Occurred - See Response Body
[2024-12-10T05:26:42.364Z] Error writing to Modbus register: A Modbus Exception Occurred - See Response Body
[2024-12-10T05:26:43.361Z] Error reading or processing Modbus registers: A Modbus Exception Occurred - See Response Body
[2024-12-10T05:26:43.363Z] Error reading register 6507 for IP 10.30.4.128: A Modbus Exception Occurred - See Response Body
[2024-12-10T05:26:43.364Z] Error reading actual data: A Modbus Exception Occurred - See Response Body
[2024-12-10T05:26:43.364Z] Error writing to Modbus register: A Modbus Exception Occurred - See Response Body
[2024-12-10T05:26:44.375Z] Error reading or processing Modbus registers: A Modbus Exception Occurred - See Response Body
[2024-12-10T05:26:44.377Z] Error reading register 6507 for IP 10.30.4.128: A Modbus Exception Occurred - See Response Body
[2024-12-10T05:26:44.378Z] Error reading actual data: A Modbus Exception Occurred - See Response Body
[2024-12-10T05:26:44.378Z] Error writing to Modbus register: A Modbus Exception Occurred - See Response Body
[2024-12-10T05:26:45.387Z] Error reading or processing Modbus registers: A Modbus Exception Occurred - See Response Body
[2024-12-10T05:26:45.389Z] Error reading register 6507 for IP 10.30.4.128: A Modbus Exception Occurred - See Response Body
[2024-12-10T05:26:45.390Z] Error reading actual data: A Modbus Exception Occurred - See Response Body
[2024-12-10T05:26:45.390Z] Error writing to Modbus register: A Modbus Exception Occurred - See Response Body
[2024-12-10T05:26:46.402Z] Error reading or processing Modbus registers: A Modbus Exception Occurred - See Response Body
[2024-12-10T05:26:46.404Z] Error reading register 6507 for IP 10.30.4.128: A Modbus Exception Occurred - See Response Body
[2024-12-10T05:26:46.404Z] Error reading actual data: A Modbus Exception Occurred - See Response Body
[2024-12-10T05:26:46.405Z] Error writing to Modbus register: A Modbus Exception Occurred - See Response Body
[2024-12-10T05:26:47.412Z] Error reading or processing Modbus registers: A Modbus Exception Occurred - See Response Body
[2024-12-10T05:26:47.413Z] Error reading register 6507 for IP 10.30.4.128: A Modbus Exception Occurred - See Response Body
[2024-12-10T05:26:47.414Z] Error reading actual data: A Modbus Exception Occurred - See Response Body
[2024-12-10T05:26:47.414Z] Error writing to Modbus register: A Modbus Exception Occurred - See Response Body
[2024-12-10T05:26:48.423Z] Error reading or processing Modbus registers: A Modbus Exception Occurred - See Response Body
[2024-12-10T05:26:48.425Z] Error reading register 6507 for IP 10.30.4.128: A Modbus Exception Occurred - See Response Body
[2024-12-10T05:26:48.426Z] Error reading actual data: A Modbus Exception Occurred - See Response Body
[2024-12-10T05:26:48.427Z] Error writing to Modbus register: A Modbus Exception Occurred - See Response Body
[2024-12-10T05:26:49.438Z] Error reading or processing Modbus registers: A Modbus Exception Occurred - See Response Body
[2024-12-10T05:26:49.440Z] Error reading register 6507 for IP 10.30.4.128: A Modbus Exception Occurred - See Response Body
[2024-12-10T05:26:49.441Z] Error reading actual data: A Modbus Exception Occurred - See Response Body
[2024-12-10T05:26:49.441Z] Error writing to Modbus register: A Modbus Exception Occurred - See Response Body
[2024-12-10T05:26:50.450Z] Error reading or processing Modbus registers: A Modbus Exception Occurred - See Response Body
[2024-12-10T05:26:50.452Z] Error reading register 6507 for IP 10.30.4.128: A Modbus Exception Occurred - See Response Body
[2024-12-10T05:26:50.453Z] Error reading actual data: A Modbus Exception Occurred - See Response Body
[2024-12-10T05:26:50.454Z] Error writing to Modbus register: A Modbus Exception Occurred - See Response Body
[2024-12-10T05:26:51.463Z] Error reading or processing Modbus registers: A Modbus Exception Occurred - See Response Body
[2024-12-10T05:26:51.465Z] Error reading register 6507 for IP 10.30.4.128: A Modbus Exception Occurred - See Response Body
[2024-12-10T05:26:51.466Z] Error reading actual data: A Modbus Exception Occurred - See Response Body
[2024-12-10T05:26:51.466Z] Error writing to Modbus register: A Modbus Exception Occurred - See Response Body
[2024-12-10T05:26:52.463Z] Error reading or processing Modbus registers: A Modbus Exception Occurred - See Response Body
[2024-12-10T05:26:52.465Z] Error reading register 6507 for IP 10.30.4.128: A Modbus Exception Occurred - See Response Body
[2024-12-10T05:26:52.466Z] Error reading actual data: A Modbus Exception Occurred - See Response Body
[2024-12-10T05:26:52.466Z] Error writing to Modbus register: A Modbus Exception Occurred - See Response Body
[2024-12-10T05:26:53.478Z] Error reading or processing Modbus registers: A Modbus Exception Occurred - See Response Body
[2024-12-10T05:26:53.480Z] Error reading register 6507 for IP 10.30.4.128: A Modbus Exception Occurred - See Response Body
[2024-12-10T05:26:53.481Z] Error reading actual data: A Modbus Exception Occurred - See Response Body
[2024-12-10T05:26:53.481Z] Error writing to Modbus register: A Modbus Exception Occurred - See Response Body
[2024-12-10T05:26:54.490Z] Error reading or processing Modbus registers: A Modbus Exception Occurred - See Response Body
[2024-12-10T05:26:54.493Z] Error reading register 6507 for IP 10.30.4.128: A Modbus Exception Occurred - See Response Body
[2024-12-10T05:26:54.493Z] Error reading actual data: A Modbus Exception Occurred - See Response Body
[2024-12-10T05:26:54.494Z] Error writing to Modbus register: A Modbus Exception Occurred - See Response Body
[2024-12-10T05:26:55.500Z] Error reading or processing Modbus registers: A Modbus Exception Occurred - See Response Body
[2024-12-10T05:26:55.502Z] Error reading register 6507 for IP 10.30.4.128: A Modbus Exception Occurred - See Response Body
[2024-12-10T05:26:55.503Z] Error reading actual data: A Modbus Exception Occurred - See Response Body
[2024-12-10T05:26:55.504Z] Error writing to Modbus register: A Modbus Exception Occurred - See Response Body
[2024-12-10T05:26:56.511Z] Error reading or processing Modbus registers: A Modbus Exception Occurred - See Response Body
[2024-12-10T05:26:56.513Z] Error reading register 6507 for IP 10.30.4.128: A Modbus Exception Occurred - See Response Body
[2024-12-10T05:26:56.514Z] Error reading actual data: A Modbus Exception Occurred - See Response Body
[2024-12-10T05:26:56.514Z] Error writing to Modbus register: A Modbus Exception Occurred - See Response Body
[2024-12-10T05:26:57.524Z] Error reading or processing Modbus registers: A Modbus Exception Occurred - See Response Body
[2024-12-10T05:26:57.527Z] Error reading register 6507 for IP 10.30.4.128: A Modbus Exception Occurred - See Response Body
[2024-12-10T05:26:57.527Z] Error reading actual data: A Modbus Exception Occurred - See Response Body
[2024-12-10T05:26:57.528Z] Error writing to Modbus register: A Modbus Exception Occurred - See Response Body
[2024-12-10T05:26:58.538Z] Error reading or processing Modbus registers: A Modbus Exception Occurred - See Response Body
[2024-12-10T05:26:58.540Z] Error reading register 6507 for IP 10.30.4.128: A Modbus Exception Occurred - See Response Body
[2024-12-10T05:26:58.541Z] Error reading actual data: A Modbus Exception Occurred - See Response Body
[2024-12-10T05:26:58.542Z] Error writing to Modbus register: A Modbus Exception Occurred - See Response Body
[2024-12-10T05:26:59.552Z] Error reading or processing Modbus registers: A Modbus Exception Occurred - See Response Body
[2024-12-10T05:26:59.554Z] Error reading register 6507 for IP 10.30.4.128: A Modbus Exception Occurred - See Response Body
[2024-12-10T05:26:59.555Z] Error reading actual data: A Modbus Exception Occurred - See Response Body
[2024-12-10T05:26:59.555Z] Error writing to Modbus register: A Modbus Exception Occurred - See Response Body
[2024-12-10T05:27:00.565Z] Error reading or processing Modbus registers: A Modbus Exception Occurred - See Response Body
[2024-12-10T05:27:00.571Z] Error reading register 6507 for IP 10.30.4.128: A Modbus Exception Occurred - See Response Body
[2024-12-10T05:27:00.572Z] Error reading actual data: A Modbus Exception Occurred - See Response Body
[2024-12-10T05:27:00.572Z] Error writing to Modbus register: A Modbus Exception Occurred - See Response Body
[2024-12-10T05:27:01.581Z] Error reading or processing Modbus registers: A Modbus Exception Occurred - See Response Body
[2024-12-10T05:27:01.583Z] Error reading register 6507 for IP 10.30.4.128: A Modbus Exception Occurred - See Response Body
[2024-12-10T05:27:01.583Z] Error reading actual data: A Modbus Exception Occurred - See Response Body
[2024-12-10T05:27:01.584Z] Error writing to Modbus register: A Modbus Exception Occurred - See Response Body
[2024-12-10T05:27:02.593Z] Error reading or processing Modbus registers: A Modbus Exception Occurred - See Response Body
[2024-12-10T05:27:02.595Z] Error reading register 6507 for IP 10.30.4.128: A Modbus Exception Occurred - See Response Body
[2024-12-10T05:27:02.595Z] Error reading actual data: A Modbus Exception Occurred - See Response Body
[2024-12-10T05:27:02.596Z] Error writing to Modbus register: A Modbus Exception Occurred - See Response Body
[2024-12-10T05:27:03.606Z] Error reading or processing Modbus registers: A Modbus Exception Occurred - See Response Body
[2024-12-10T05:27:03.608Z] Error reading register 6507 for IP 10.30.4.128: A Modbus Exception Occurred - See Response Body
[2024-12-10T05:27:03.609Z] Error reading actual data: A Modbus Exception Occurred - See Response Body
[2024-12-10T05:27:03.609Z] Error writing to Modbus register: A Modbus Exception Occurred - See Response Body
[2024-12-10T05:27:04.610Z] Error reading or processing Modbus registers: A Modbus Exception Occurred - See Response Body
[2024-12-10T05:27:04.612Z] Error reading register 6507 for IP 10.30.4.128: A Modbus Exception Occurred - See Response Body
[2024-12-10T05:27:04.613Z] Error reading actual data: A Modbus Exception Occurred - See Response Body
[2024-12-10T05:27:04.614Z] Error writing to Modbus register: A Modbus Exception Occurred - See Response Body
[2024-12-10T05:27:05.612Z] Error reading or processing Modbus registers: A Modbus Exception Occurred - See Response Body
[2024-12-10T05:27:05.614Z] Error reading register 6507 for IP 10.30.4.128: A Modbus Exception Occurred - See Response Body
[2024-12-10T05:27:05.614Z] Error reading actual data: A Modbus Exception Occurred - See Response Body
[2024-12-10T05:27:05.615Z] Error writing to Modbus register: A Modbus Exception Occurred - See Response Body
[2024-12-10T05:27:06.625Z] Error reading or processing Modbus registers: A Modbus Exception Occurred - See Response Body
[2024-12-10T05:27:06.627Z] Error reading register 6507 for IP 10.30.4.128: A Modbus Exception Occurred - See Response Body
[2024-12-10T05:27:06.628Z] Error reading actual data: A Modbus Exception Occurred - See Response Body
[2024-12-10T05:27:06.629Z] Error writing to Modbus register: A Modbus Exception Occurred - See Response Body
[2024-12-10T05:27:07.640Z] Error reading or processing Modbus registers: A Modbus Exception Occurred - See Response Body
[2024-12-10T05:27:07.642Z] Error reading register 6507 for IP 10.30.4.128: A Modbus Exception Occurred - See Response Body
[2024-12-10T05:27:07.643Z] Error reading actual data: A Modbus Exception Occurred - See Response Body
[2024-12-10T05:27:07.643Z] Error writing to Modbus register: A Modbus Exception Occurred - See Response Body
[2024-12-10T05:27:08.639Z] Error reading or processing Modbus registers: A Modbus Exception Occurred - See Response Body
[2024-12-10T05:27:08.641Z] Error reading register 6507 for IP 10.30.4.128: A Modbus Exception Occurred - See Response Body
[2024-12-10T05:27:08.642Z] Error reading actual data: A Modbus Exception Occurred - See Response Body
[2024-12-10T05:27:08.643Z] Error writing to Modbus register: A Modbus Exception Occurred - See Response Body
[2024-12-10T05:27:09.654Z] Error reading or processing Modbus registers: A Modbus Exception Occurred - See Response Body
[2024-12-10T05:27:09.656Z] Error reading register 6507 for IP 10.30.4.128: A Modbus Exception Occurred - See Response Body
[2024-12-10T05:27:09.657Z] Error reading actual data: A Modbus Exception Occurred - See Response Body
[2024-12-10T05:27:09.657Z] Error writing to Modbus register: A Modbus Exception Occurred - See Response Body
[2024-12-10T05:27:10.668Z] Error reading or processing Modbus registers: A Modbus Exception Occurred - See Response Body
[2024-12-10T05:27:10.671Z] Error reading register 6507 for IP 10.30.4.128: A Modbus Exception Occurred - See Response Body
[2024-12-10T05:27:10.671Z] Error reading actual data: A Modbus Exception Occurred - See Response Body
[2024-12-10T05:27:10.672Z] Error writing to Modbus register: A Modbus Exception Occurred - See Response Body
[2024-12-10T05:27:11.679Z] Error reading or processing Modbus registers: A Modbus Exception Occurred - See Response Body
[2024-12-10T05:27:11.681Z] Error reading register 6507 for IP 10.30.4.128: A Modbus Exception Occurred - See Response Body
[2024-12-10T05:27:11.682Z] Error reading actual data: A Modbus Exception Occurred - See Response Body
[2024-12-10T05:27:11.683Z] Error writing to Modbus register: A Modbus Exception Occurred - See Response Body
[2024-12-10T05:27:12.693Z] Error reading or processing Modbus registers: A Modbus Exception Occurred - See Response Body
[2024-12-10T05:27:12.696Z] Error reading register 6507 for IP 10.30.4.128: A Modbus Exception Occurred - See Response Body
[2024-12-10T05:27:12.697Z] Error reading actual data: A Modbus Exception Occurred - See Response Body
[2024-12-10T05:27:12.697Z] Error writing to Modbus register: A Modbus Exception Occurred - See Response Body
[2024-12-10T05:27:13.694Z] Error reading or processing Modbus registers: A Modbus Exception Occurred - See Response Body
[2024-12-10T05:27:13.697Z] Error reading register 6507 for IP 10.30.4.128: A Modbus Exception Occurred - See Response Body
[2024-12-10T05:27:13.697Z] Error reading actual data: A Modbus Exception Occurred - See Response Body
[2024-12-10T05:27:13.698Z] Error writing to Modbus register: A Modbus Exception Occurred - See Response Body
[2024-12-10T05:27:14.694Z] Error reading or processing Modbus registers: A Modbus Exception Occurred - See Response Body
[2024-12-10T05:27:14.697Z] Error reading register 6507 for IP 10.30.4.128: A Modbus Exception Occurred - See Response Body
[2024-12-10T05:27:14.697Z] Error reading actual data: A Modbus Exception Occurred - See Response Body
[2024-12-10T05:27:14.698Z] Error writing to Modbus register: A Modbus Exception Occurred - See Response Body
[2024-12-10T05:27:15.696Z] Error reading or processing Modbus registers: A Modbus Exception Occurred - See Response Body
[2024-12-10T05:27:15.698Z] Error reading register 6507 for IP 10.30.4.128: A Modbus Exception Occurred - See Response Body
[2024-12-10T05:27:15.698Z] Error reading actual data: A Modbus Exception Occurred - See Response Body
[2024-12-10T05:27:15.699Z] Error writing to Modbus register: A Modbus Exception Occurred - See Response Body
[2024-12-10T05:27:16.710Z] Error reading or processing Modbus registers: A Modbus Exception Occurred - See Response Body
[2024-12-10T05:27:16.712Z] Error reading register 6507 for IP 10.30.4.128: A Modbus Exception Occurred - See Response Body
[2024-12-10T05:27:16.713Z] Error reading actual data: A Modbus Exception Occurred - See Response Body
[2024-12-10T05:27:16.714Z] Error writing to Modbus register: A Modbus Exception Occurred - See Response Body
[2024-12-10T05:27:17.720Z] Error reading or processing Modbus registers: A Modbus Exception Occurred - See Response Body
[2024-12-10T05:27:17.722Z] Error reading register 6507 for IP 10.30.4.128: A Modbus Exception Occurred - See Response Body
[2024-12-10T05:27:17.723Z] Error reading actual data: A Modbus Exception Occurred - See Response Body
[2024-12-10T05:27:17.724Z] Error writing to Modbus register: A Modbus Exception Occurred - See Response Body
[2024-12-10T05:27:18.735Z] Error reading or processing Modbus registers: A Modbus Exception Occurred - See Response Body
[2024-12-10T05:27:18.738Z] Error reading register 6507 for IP 10.30.4.128: A Modbus Exception Occurred - See Response Body
[2024-12-10T05:27:18.738Z] Error reading actual data: A Modbus Exception Occurred - See Response Body
[2024-12-10T05:27:18.739Z] Error writing to Modbus register: A Modbus Exception Occurred - See Response Body
[2024-12-10T05:27:19.748Z] Error reading or processing Modbus registers: A Modbus Exception Occurred - See Response Body
[2024-12-10T05:27:19.750Z] Error reading register 6507 for IP 10.30.4.128: A Modbus Exception Occurred - See Response Body
[2024-12-10T05:27:19.751Z] Error reading actual data: A Modbus Exception Occurred - See Response Body
[2024-12-10T05:27:19.751Z] Error writing to Modbus register: A Modbus Exception Occurred - See Response Body
[2024-12-10T05:27:20.749Z] Error reading or processing Modbus registers: A Modbus Exception Occurred - See Response Body
[2024-12-10T05:27:20.751Z] Error reading register 6507 for IP 10.30.4.128: A Modbus Exception Occurred - See Response Body
[2024-12-10T05:27:20.752Z] Error reading actual data: A Modbus Exception Occurred - See Response Body
[2024-12-10T05:27:20.753Z] Error writing to Modbus register: A Modbus Exception Occurred - See Response Body
[2024-12-10T05:27:21.762Z] Error reading or processing Modbus registers: A Modbus Exception Occurred - See Response Body
[2024-12-10T05:27:21.765Z] Error reading register 6507 for IP 10.30.4.128: A Modbus Exception Occurred - See Response Body
[2024-12-10T05:27:21.766Z] Error reading actual data: A Modbus Exception Occurred - See Response Body
[2024-12-10T05:27:21.767Z] Error writing to Modbus register: A Modbus Exception Occurred - See Response Body
[2024-12-10T05:27:22.777Z] Error reading or processing Modbus registers: A Modbus Exception Occurred - See Response Body
[2024-12-10T05:27:22.779Z] Error reading register 6507 for IP 10.30.4.128: A Modbus Exception Occurred - See Response Body
[2024-12-10T05:27:22.780Z] Error reading actual data: A Modbus Exception Occurred - See Response Body
[2024-12-10T05:27:22.781Z] Error writing to Modbus register: A Modbus Exception Occurred - See Response Body
[2024-12-10T05:27:23.782Z] Error reading or processing Modbus registers: A Modbus Exception Occurred - See Response Body
[2024-12-10T05:27:23.784Z] Error reading register 6507 for IP 10.30.4.128: A Modbus Exception Occurred - See Response Body
[2024-12-10T05:27:23.785Z] Error reading actual data: A Modbus Exception Occurred - See Response Body
[2024-12-10T05:27:23.785Z] Error writing to Modbus register: A Modbus Exception Occurred - See Response Body
[2024-12-10T05:27:24.796Z] Error reading or processing Modbus registers: A Modbus Exception Occurred - See Response Body
[2024-12-10T05:27:24.798Z] Error reading register 6507 for IP 10.30.4.128: A Modbus Exception Occurred - See Response Body
[2024-12-10T05:27:24.799Z] Error reading actual data: A Modbus Exception Occurred - See Response Body
[2024-12-10T05:27:24.802Z] Error writing to Modbus register: A Modbus Exception Occurred - See Response Body
[2024-12-10T05:27:25.811Z] Error reading or processing Modbus registers: A Modbus Exception Occurred - See Response Body
[2024-12-10T05:27:25.813Z] Error reading register 6507 for IP 10.30.4.128: A Modbus Exception Occurred - See Response Body
[2024-12-10T05:27:25.813Z] Error reading actual data: A Modbus Exception Occurred - See Response Body
[2024-12-10T05:27:25.814Z] Error writing to Modbus register: A Modbus Exception Occurred - See Response Body
[2024-12-10T05:27:26.824Z] Error reading or processing Modbus registers: A Modbus Exception Occurred - See Response Body
[2024-12-10T05:27:26.826Z] Error reading register 6507 for IP 10.30.4.128: A Modbus Exception Occurred - See Response Body
[2024-12-10T05:27:26.827Z] Error reading actual data: A Modbus Exception Occurred - See Response Body
[2024-12-10T05:27:26.827Z] Error writing to Modbus register: A Modbus Exception Occurred - See Response Body
[2024-12-10T05:27:27.827Z] Error reading or processing Modbus registers: A Modbus Exception Occurred - See Response Body
[2024-12-10T05:27:27.829Z] Error reading register 6507 for IP 10.30.4.128: A Modbus Exception Occurred - See Response Body
[2024-12-10T05:27:27.829Z] Error reading actual data: A Modbus Exception Occurred - See Response Body
[2024-12-10T05:27:27.830Z] Error writing to Modbus register: A Modbus Exception Occurred - See Response Body
[2024-12-10T05:27:28.842Z] Error reading or processing Modbus registers: A Modbus Exception Occurred - See Response Body
[2024-12-10T05:27:28.844Z] Error reading register 6507 for IP 10.30.4.128: A Modbus Exception Occurred - See Response Body
[2024-12-10T05:27:28.844Z] Error reading actual data: A Modbus Exception Occurred - See Response Body
[2024-12-10T05:27:28.844Z] Error writing to Modbus register: A Modbus Exception Occurred - See Response Body
[2024-12-10T05:27:29.856Z] Error reading or processing Modbus registers: A Modbus Exception Occurred - See Response Body
[2024-12-10T05:27:29.858Z] Error reading register 6507 for IP 10.30.4.128: A Modbus Exception Occurred - See Response Body
[2024-12-10T05:27:29.859Z] Error reading actual data: A Modbus Exception Occurred - See Response Body
[2024-12-10T05:27:29.859Z] Error writing to Modbus register: A Modbus Exception Occurred - See Response Body
[2024-12-10T05:27:30.871Z] Error reading or processing Modbus registers: A Modbus Exception Occurred - See Response Body
[2024-12-10T05:27:30.874Z] Error reading register 6507 for IP 10.30.4.128: A Modbus Exception Occurred - See Response Body
[2024-12-10T05:27:30.875Z] Error reading actual data: A Modbus Exception Occurred - See Response Body
[2024-12-10T05:27:30.875Z] Error writing to Modbus register: A Modbus Exception Occurred - See Response Body
[2024-12-10T05:27:31.885Z] Error reading or processing Modbus registers: A Modbus Exception Occurred - See Response Body
[2024-12-10T05:27:31.887Z] Error reading register 6507 for IP 10.30.4.128: A Modbus Exception Occurred - See Response Body
[2024-12-10T05:27:31.888Z] Error reading actual data: A Modbus Exception Occurred - See Response Body
[2024-12-10T05:27:31.889Z] Error writing to Modbus register: A Modbus Exception Occurred - See Response Body
[2024-12-10T05:27:32.887Z] Error reading or processing Modbus registers: A Modbus Exception Occurred - See Response Body
[2024-12-10T05:27:32.890Z] Error reading register 6507 for IP 10.30.4.128: A Modbus Exception Occurred - See Response Body
[2024-12-10T05:27:32.891Z] Error reading actual data: A Modbus Exception Occurred - See Response Body
[2024-12-10T05:27:32.891Z] Error writing to Modbus register: A Modbus Exception Occurred - See Response Body
[2024-12-10T05:27:33.892Z] Error reading or processing Modbus registers: A Modbus Exception Occurred - See Response Body
[2024-12-10T05:27:33.895Z] Error reading register 6507 for IP 10.30.4.128: A Modbus Exception Occurred - See Response Body
[2024-12-10T05:27:33.896Z] Error reading actual data: A Modbus Exception Occurred - See Response Body
[2024-12-10T05:27:33.896Z] Error writing to Modbus register: A Modbus Exception Occurred - See Response Body
[2024-12-10T05:27:34.904Z] Error reading or processing Modbus registers: A Modbus Exception Occurred - See Response Body
[2024-12-10T05:27:34.906Z] Error reading register 6507 for IP 10.30.4.128: A Modbus Exception Occurred - See Response Body
[2024-12-10T05:27:34.907Z] Error reading actual data: A Modbus Exception Occurred - See Response Body
[2024-12-10T05:27:34.908Z] Error writing to Modbus register: A Modbus Exception Occurred - See Response Body
[2024-12-10T05:27:35.906Z] Error reading or processing Modbus registers: A Modbus Exception Occurred - See Response Body
[2024-12-10T05:27:35.908Z] Error reading register 6507 for IP 10.30.4.128: A Modbus Exception Occurred - See Response Body
[2024-12-10T05:27:35.909Z] Error reading actual data: A Modbus Exception Occurred - See Response Body
[2024-12-10T05:27:35.910Z] Error writing to Modbus register: A Modbus Exception Occurred - See Response Body
[2024-12-10T05:27:36.921Z] Error reading or processing Modbus registers: A Modbus Exception Occurred - See Response Body
[2024-12-10T05:27:36.923Z] Error reading register 6507 for IP 10.30.4.128: A Modbus Exception Occurred - See Response Body
[2024-12-10T05:27:36.924Z] Error reading actual data: A Modbus Exception Occurred - See Response Body
[2024-12-10T05:27:36.925Z] Error writing to Modbus register: A Modbus Exception Occurred - See Response Body
[2024-12-10T05:27:37.924Z] Error reading or processing Modbus registers: A Modbus Exception Occurred - See Response Body
[2024-12-10T05:27:37.927Z] Error reading register 6507 for IP 10.30.4.128: A Modbus Exception Occurred - See Response Body
[2024-12-10T05:27:37.927Z] Error reading actual data: A Modbus Exception Occurred - See Response Body
[2024-12-10T05:27:37.928Z] Error writing to Modbus register: A Modbus Exception Occurred - See Response Body
[2024-12-10T05:27:38.925Z] Error reading or processing Modbus registers: A Modbus Exception Occurred - See Response Body
[2024-12-10T05:27:38.927Z] Error reading register 6507 for IP 10.30.4.128: A Modbus Exception Occurred - See Response Body
[2024-12-10T05:27:38.928Z] Error reading actual data: A Modbus Exception Occurred - See Response Body
[2024-12-10T05:27:38.929Z] Error writing to Modbus register: A Modbus Exception Occurred - See Response Body
[2024-12-10T05:27:39.930Z] Error reading or processing Modbus registers: A Modbus Exception Occurred - See Response Body
[2024-12-10T05:27:39.932Z] Error reading register 6507 for IP 10.30.4.128: A Modbus Exception Occurred - See Response Body
[2024-12-10T05:27:39.933Z] Error reading actual data: A Modbus Exception Occurred - See Response Body
[2024-12-10T05:27:39.933Z] Error writing to Modbus register: A Modbus Exception Occurred - See Response Body
[2024-12-10T05:27:40.935Z] Error reading or processing Modbus registers: A Modbus Exception Occurred - See Response Body
[2024-12-10T05:27:40.938Z] Error reading register 6507 for IP 10.30.4.128: A Modbus Exception Occurred - See Response Body
[2024-12-10T05:27:40.938Z] Error reading actual data: A Modbus Exception Occurred - See Response Body
[2024-12-10T05:27:40.939Z] Error writing to Modbus register: A Modbus Exception Occurred - See Response Body
[2024-12-10T05:27:41.939Z] Error reading or processing Modbus registers: A Modbus Exception Occurred - See Response Body
[2024-12-10T05:27:41.944Z] Error reading register 6507 for IP 10.30.4.128: A Modbus Exception Occurred - See Response Body
[2024-12-10T05:27:41.945Z] Error reading actual data: A Modbus Exception Occurred - See Response Body
[2024-12-10T05:27:41.946Z] Error writing to Modbus register: A Modbus Exception Occurred - See Response Body
[2024-12-10T05:27:42.939Z] Error reading or processing Modbus registers: A Modbus Exception Occurred - See Response Body
[2024-12-10T05:27:42.941Z] Error reading register 6507 for IP 10.30.4.128: A Modbus Exception Occurred - See Response Body
[2024-12-10T05:27:42.942Z] Error reading actual data: A Modbus Exception Occurred - See Response Body
[2024-12-10T05:27:42.943Z] Error writing to Modbus register: A Modbus Exception Occurred - See Response Body
[2024-12-10T05:27:43.954Z] Error reading or processing Modbus registers: A Modbus Exception Occurred - See Response Body
[2024-12-10T05:27:43.956Z] Error reading register 6507 for IP 10.30.4.128: A Modbus Exception Occurred - See Response Body
[2024-12-10T05:27:43.957Z] Error reading actual data: A Modbus Exception Occurred - See Response Body
[2024-12-10T05:27:43.957Z] Error writing to Modbus register: A Modbus Exception Occurred - See Response Body
[2024-12-10T05:27:44.956Z] Error reading or processing Modbus registers: A Modbus Exception Occurred - See Response Body
[2024-12-10T05:27:44.958Z] Error reading register 6507 for IP 10.30.4.128: A Modbus Exception Occurred - See Response Body
[2024-12-10T05:27:44.959Z] Error reading actual data: A Modbus Exception Occurred - See Response Body
[2024-12-10T05:27:44.959Z] Error writing to Modbus register: A Modbus Exception Occurred - See Response Body
[2024-12-10T05:27:45.957Z] Error reading or processing Modbus registers: A Modbus Exception Occurred - See Response Body
[2024-12-10T05:27:45.959Z] Error reading register 6507 for IP 10.30.4.128: A Modbus Exception Occurred - See Response Body
[2024-12-10T05:27:45.960Z] Error reading actual data: A Modbus Exception Occurred - See Response Body
[2024-12-10T05:27:45.960Z] Error writing to Modbus register: A Modbus Exception Occurred - See Response Body
[2024-12-10T05:27:46.970Z] Error reading or processing Modbus registers: A Modbus Exception Occurred - See Response Body
[2024-12-10T05:27:46.972Z] Error reading register 6507 for IP 10.30.4.128: A Modbus Exception Occurred - See Response Body
[2024-12-10T05:27:46.973Z] Error reading actual data: A Modbus Exception Occurred - See Response Body
[2024-12-10T05:27:46.973Z] Error writing to Modbus register: A Modbus Exception Occurred - See Response Body
[2024-12-10T05:27:47.982Z] Error reading or processing Modbus registers: A Modbus Exception Occurred - See Response Body
[2024-12-10T05:27:47.985Z] Error reading register 6507 for IP 10.30.4.128: A Modbus Exception Occurred - See Response Body
[2024-12-10T05:27:47.986Z] Error reading actual data: A Modbus Exception Occurred - See Response Body
[2024-12-10T05:27:47.986Z] Error writing to Modbus register: A Modbus Exception Occurred - See Response Body
[2024-12-10T05:27:48.986Z] Error reading or processing Modbus registers: A Modbus Exception Occurred - See Response Body
[2024-12-10T05:27:48.988Z] Error reading register 6507 for IP 10.30.4.128: A Modbus Exception Occurred - See Response Body
[2024-12-10T05:27:48.989Z] Error reading actual data: A Modbus Exception Occurred - See Response Body
[2024-12-10T05:27:48.989Z] Error writing to Modbus register: A Modbus Exception Occurred - See Response Body
[2024-12-10T05:27:49.999Z] Error reading or processing Modbus registers: A Modbus Exception Occurred - See Response Body
[2024-12-10T05:27:50.001Z] Error reading register 6507 for IP 10.30.4.128: A Modbus Exception Occurred - See Response Body
[2024-12-10T05:27:50.002Z] Error reading actual data: A Modbus Exception Occurred - See Response Body
[2024-12-10T05:27:50.002Z] Error writing to Modbus register: A Modbus Exception Occurred - See Response Body
[2024-12-10T05:27:51.013Z] Error reading or processing Modbus registers: A Modbus Exception Occurred - See Response Body
[2024-12-10T05:27:51.016Z] Error reading register 6507 for IP 10.30.4.128: A Modbus Exception Occurred - See Response Body
[2024-12-10T05:27:51.016Z] Error reading actual data: A Modbus Exception Occurred - See Response Body
[2024-12-10T05:27:51.017Z] Error writing to Modbus register: A Modbus Exception Occurred - See Response Body
[2024-12-10T05:27:52.025Z] Error reading or processing Modbus registers: A Modbus Exception Occurred - See Response Body
[2024-12-10T05:27:52.028Z] Error reading register 6507 for IP 10.30.4.128: A Modbus Exception Occurred - See Response Body
[2024-12-10T05:27:52.028Z] Error reading actual data: A Modbus Exception Occurred - See Response Body
[2024-12-10T05:27:52.029Z] Error writing to Modbus register: A Modbus Exception Occurred - See Response Body
[2024-12-10T05:27:53.027Z] Error reading or processing Modbus registers: A Modbus Exception Occurred - See Response Body
[2024-12-10T05:27:53.029Z] Error reading register 6507 for IP 10.30.4.128: A Modbus Exception Occurred - See Response Body
[2024-12-10T05:27:53.030Z] Error reading actual data: A Modbus Exception Occurred - See Response Body
[2024-12-10T05:27:53.030Z] Error writing to Modbus register: A Modbus Exception Occurred - See Response Body
[2024-12-10T05:27:54.038Z] Error reading or processing Modbus registers: A Modbus Exception Occurred - See Response Body
[2024-12-10T05:27:54.040Z] Error reading register 6507 for IP 10.30.4.128: A Modbus Exception Occurred - See Response Body
[2024-12-10T05:27:54.040Z] Error reading actual data: A Modbus Exception Occurred - See Response Body
[2024-12-10T05:27:54.041Z] Error writing to Modbus register: A Modbus Exception Occurred - See Response Body
[2024-12-10T05:27:55.052Z] Error reading or processing Modbus registers: A Modbus Exception Occurred - See Response Body
[2024-12-10T05:27:55.055Z] Error reading register 6507 for IP 10.30.4.128: A Modbus Exception Occurred - See Response Body
[2024-12-10T05:27:55.055Z] Error reading actual data: A Modbus Exception Occurred - See Response Body
[2024-12-10T05:27:55.056Z] Error writing to Modbus register: A Modbus Exception Occurred - See Response Body
[2024-12-10T05:27:56.064Z] Error reading or processing Modbus registers: A Modbus Exception Occurred - See Response Body
[2024-12-10T05:27:56.067Z] Error reading register 6507 for IP 10.30.4.128: A Modbus Exception Occurred - See Response Body
[2024-12-10T05:27:56.067Z] Error reading actual data: A Modbus Exception Occurred - See Response Body
[2024-12-10T05:27:56.068Z] Error writing to Modbus register: A Modbus Exception Occurred - See Response Body
[2024-12-10T05:27:57.075Z] Error reading or processing Modbus registers: A Modbus Exception Occurred - See Response Body
[2024-12-10T05:27:57.078Z] Error reading register 6507 for IP 10.30.4.128: A Modbus Exception Occurred - See Response Body
[2024-12-10T05:27:57.078Z] Error reading actual data: A Modbus Exception Occurred - See Response Body
[2024-12-10T05:27:57.079Z] Error writing to Modbus register: A Modbus Exception Occurred - See Response Body
[2024-12-10T05:27:58.084Z] Error reading or processing Modbus registers: A Modbus Exception Occurred - See Response Body
[2024-12-10T05:27:58.087Z] Error reading register 6507 for IP 10.30.4.128: A Modbus Exception Occurred - See Response Body
[2024-12-10T05:27:58.088Z] Error reading actual data: A Modbus Exception Occurred - See Response Body
[2024-12-10T05:27:58.089Z] Error writing to Modbus register: A Modbus Exception Occurred - See Response Body
[2024-12-10T05:27:59.098Z] Error reading or processing Modbus registers: A Modbus Exception Occurred - See Response Body
[2024-12-10T05:27:59.100Z] Error reading register 6507 for IP 10.30.4.128: A Modbus Exception Occurred - See Response Body
[2024-12-10T05:27:59.101Z] Error reading actual data: A Modbus Exception Occurred - See Response Body
[2024-12-10T05:27:59.101Z] Error writing to Modbus register: A Modbus Exception Occurred - See Response Body
[2024-12-10T05:28:00.109Z] Error reading or processing Modbus registers: A Modbus Exception Occurred - See Response Body
[2024-12-10T05:28:00.112Z] Error reading register 6507 for IP 10.30.4.128: A Modbus Exception Occurred - See Response Body
[2024-12-10T05:28:00.112Z] Error reading actual data: A Modbus Exception Occurred - See Response Body
[2024-12-10T05:28:00.113Z] Error writing to Modbus register: A Modbus Exception Occurred - See Response Body
[2024-12-10T05:28:01.124Z] Error reading or processing Modbus registers: A Modbus Exception Occurred - See Response Body
[2024-12-10T05:28:01.127Z] Error reading register 6507 for IP 10.30.4.128: A Modbus Exception Occurred - See Response Body
[2024-12-10T05:28:01.127Z] Error reading actual data: A Modbus Exception Occurred - See Response Body
[2024-12-10T05:28:01.128Z] Error writing to Modbus register: A Modbus Exception Occurred - See Response Body
[2024-12-10T05:28:02.124Z] Error reading or processing Modbus registers: A Modbus Exception Occurred - See Response Body
[2024-12-10T05:28:02.126Z] Error reading register 6507 for IP 10.30.4.128: A Modbus Exception Occurred - See Response Body
[2024-12-10T05:28:02.127Z] Error reading actual data: A Modbus Exception Occurred - See Response Body
[2024-12-10T05:28:02.127Z] Error writing to Modbus register: A Modbus Exception Occurred - See Response Body
[2024-12-10T05:28:03.135Z] Error reading or processing Modbus registers: A Modbus Exception Occurred - See Response Body
[2024-12-10T05:28:03.137Z] Error reading register 6507 for IP 10.30.4.128: A Modbus Exception Occurred - See Response Body
[2024-12-10T05:28:03.138Z] Error reading actual data: A Modbus Exception Occurred - See Response Body
[2024-12-10T05:28:03.138Z] Error writing to Modbus register: A Modbus Exception Occurred - See Response Body
[2024-12-10T05:28:04.148Z] Error reading or processing Modbus registers: A Modbus Exception Occurred - See Response Body
[2024-12-10T05:28:04.149Z] Error reading register 6507 for IP 10.30.4.128: A Modbus Exception Occurred - See Response Body
[2024-12-10T05:28:04.150Z] Error reading actual data: A Modbus Exception Occurred - See Response Body
[2024-12-10T05:28:04.150Z] Error writing to Modbus register: A Modbus Exception Occurred - See Response Body
[2024-12-10T05:28:05.150Z] Error reading or processing Modbus registers: A Modbus Exception Occurred - See Response Body
[2024-12-10T05:28:05.152Z] Error reading register 6507 for IP 10.30.4.128: A Modbus Exception Occurred - See Response Body
[2024-12-10T05:28:05.153Z] Error reading actual data: A Modbus Exception Occurred - See Response Body
[2024-12-10T05:28:05.154Z] Error writing to Modbus register: A Modbus Exception Occurred - See Response Body
[2024-12-10T05:28:06.154Z] Error reading or processing Modbus registers: A Modbus Exception Occurred - See Response Body
[2024-12-10T05:28:06.156Z] Error reading register 6507 for IP 10.30.4.128: A Modbus Exception Occurred - See Response Body
[2024-12-10T05:28:06.156Z] Error reading actual data: A Modbus Exception Occurred - See Response Body
[2024-12-10T05:28:06.157Z] Error writing to Modbus register: A Modbus Exception Occurred - See Response Body
[2024-12-10T05:28:07.168Z] Error reading or processing Modbus registers: A Modbus Exception Occurred - See Response Body
[2024-12-10T05:28:07.170Z] Error reading register 6507 for IP 10.30.4.128: A Modbus Exception Occurred - See Response Body
[2024-12-10T05:28:07.171Z] Error reading actual data: A Modbus Exception Occurred - See Response Body
[2024-12-10T05:28:07.171Z] Error writing to Modbus register: A Modbus Exception Occurred - See Response Body
[2024-12-10T05:28:08.179Z] Error reading or processing Modbus registers: A Modbus Exception Occurred - See Response Body
[2024-12-10T05:28:08.181Z] Error reading register 6507 for IP 10.30.4.128: A Modbus Exception Occurred - See Response Body
[2024-12-10T05:28:08.182Z] Error reading actual data: A Modbus Exception Occurred - See Response Body
[2024-12-10T05:28:08.182Z] Error writing to Modbus register: A Modbus Exception Occurred - See Response Body
[2024-12-10T05:28:09.195Z] Error reading or processing Modbus registers: A Modbus Exception Occurred - See Response Body
[2024-12-10T05:28:09.209Z] Error reading register 6507 for IP 10.30.4.128: A Modbus Exception Occurred - See Response Body
[2024-12-10T05:28:09.211Z] Error reading actual data: A Modbus Exception Occurred - See Response Body
[2024-12-10T05:28:09.212Z] Error writing to Modbus register: A Modbus Exception Occurred - See Response Body
[2024-12-10T05:28:10.206Z] Error reading or processing Modbus registers: A Modbus Exception Occurred - See Response Body
[2024-12-10T05:28:10.208Z] Error reading register 6507 for IP 10.30.4.128: A Modbus Exception Occurred - See Response Body
[2024-12-10T05:28:10.209Z] Error reading actual data: A Modbus Exception Occurred - See Response Body
[2024-12-10T05:28:10.209Z] Error writing to Modbus register: A Modbus Exception Occurred - See Response Body
[2024-12-10T05:28:11.219Z] Error reading or processing Modbus registers: A Modbus Exception Occurred - See Response Body
[2024-12-10T05:28:11.221Z] Error reading register 6507 for IP 10.30.4.128: A Modbus Exception Occurred - See Response Body
[2024-12-10T05:28:11.222Z] Error reading actual data: A Modbus Exception Occurred - See Response Body
[2024-12-10T05:28:11.223Z] Error writing to Modbus register: A Modbus Exception Occurred - See Response Body
[2024-12-10T05:28:12.231Z] Error reading or processing Modbus registers: A Modbus Exception Occurred - See Response Body
[2024-12-10T05:28:12.233Z] Error reading register 6507 for IP 10.30.4.128: A Modbus Exception Occurred - See Response Body
[2024-12-10T05:28:12.233Z] Error reading actual data: A Modbus Exception Occurred - See Response Body
[2024-12-10T05:28:12.234Z] Error writing to Modbus register: A Modbus Exception Occurred - See Response Body
[2024-12-10T05:28:13.231Z] Error reading or processing Modbus registers: A Modbus Exception Occurred - See Response Body
[2024-12-10T05:28:13.233Z] Error reading register 6507 for IP 10.30.4.128: A Modbus Exception Occurred - See Response Body
[2024-12-10T05:28:13.234Z] Error reading actual data: A Modbus Exception Occurred - See Response Body
[2024-12-10T05:28:13.234Z] Error writing to Modbus register: A Modbus Exception Occurred - See Response Body
[2024-12-10T05:28:14.230Z] Error reading or processing Modbus registers: A Modbus Exception Occurred - See Response Body
[2024-12-10T05:28:14.233Z] Error reading register 6507 for IP 10.30.4.128: A Modbus Exception Occurred - See Response Body
[2024-12-10T05:28:14.233Z] Error reading actual data: A Modbus Exception Occurred - See Response Body
[2024-12-10T05:28:14.234Z] Error writing to Modbus register: A Modbus Exception Occurred - See Response Body
[2024-12-10T05:28:15.231Z] Error reading or processing Modbus registers: A Modbus Exception Occurred - See Response Body
[2024-12-10T05:28:15.233Z] Error reading register 6507 for IP 10.30.4.128: A Modbus Exception Occurred - See Response Body
[2024-12-10T05:28:15.234Z] Error reading actual data: A Modbus Exception Occurred - See Response Body
[2024-12-10T05:28:15.235Z] Error writing to Modbus register: A Modbus Exception Occurred - See Response Body
[2024-12-10T05:28:16.232Z] Error reading or processing Modbus registers: A Modbus Exception Occurred - See Response Body
[2024-12-10T05:28:16.234Z] Error reading register 6507 for IP 10.30.4.128: A Modbus Exception Occurred - See Response Body
[2024-12-10T05:28:16.235Z] Error reading actual data: A Modbus Exception Occurred - See Response Body
[2024-12-10T05:28:16.236Z] Error writing to Modbus register: A Modbus Exception Occurred - See Response Body
[2024-12-10T05:28:17.245Z] Error reading or processing Modbus registers: A Modbus Exception Occurred - See Response Body
[2024-12-10T05:28:17.248Z] Error reading register 6507 for IP 10.30.4.128: A Modbus Exception Occurred - See Response Body
[2024-12-10T05:28:17.248Z] Error reading actual data: A Modbus Exception Occurred - See Response Body
[2024-12-10T05:28:17.249Z] Error writing to Modbus register: A Modbus Exception Occurred - See Response Body
[2024-12-10T05:28:18.249Z] Error reading or processing Modbus registers: A Modbus Exception Occurred - See Response Body
[2024-12-10T05:28:18.251Z] Error reading register 6507 for IP 10.30.4.128: A Modbus Exception Occurred - See Response Body
[2024-12-10T05:28:18.252Z] Error reading actual data: A Modbus Exception Occurred - See Response Body
[2024-12-10T05:28:18.253Z] Error writing to Modbus register: A Modbus Exception Occurred - See Response Body
[2024-12-10T05:28:19.251Z] Error reading or processing Modbus registers: A Modbus Exception Occurred - See Response Body
[2024-12-10T05:28:19.253Z] Error reading register 6507 for IP 10.30.4.128: A Modbus Exception Occurred - See Response Body
[2024-12-10T05:28:19.254Z] Error reading actual data: A Modbus Exception Occurred - See Response Body
[2024-12-10T05:28:19.254Z] Error writing to Modbus register: A Modbus Exception Occurred - See Response Body
[2024-12-10T05:28:20.264Z] Error reading or processing Modbus registers: A Modbus Exception Occurred - See Response Body
[2024-12-10T05:28:20.266Z] Error reading register 6507 for IP 10.30.4.128: A Modbus Exception Occurred - See Response Body
[2024-12-10T05:28:20.267Z] Error reading actual data: A Modbus Exception Occurred - See Response Body
[2024-12-10T05:28:20.267Z] Error writing to Modbus register: A Modbus Exception Occurred - See Response Body
[2024-12-10T05:28:21.279Z] Error reading or processing Modbus registers: A Modbus Exception Occurred - See Response Body
[2024-12-10T05:28:21.281Z] Error reading register 6507 for IP 10.30.4.128: A Modbus Exception Occurred - See Response Body
[2024-12-10T05:28:21.282Z] Error reading actual data: A Modbus Exception Occurred - See Response Body
[2024-12-10T05:28:21.282Z] Error writing to Modbus register: A Modbus Exception Occurred - See Response Body
[2024-12-10T05:28:22.293Z] Error reading or processing Modbus registers: A Modbus Exception Occurred - See Response Body
[2024-12-10T05:28:22.296Z] Error reading register 6507 for IP 10.30.4.128: A Modbus Exception Occurred - See Response Body
[2024-12-10T05:28:22.297Z] Error reading actual data: A Modbus Exception Occurred - See Response Body
[2024-12-10T05:28:22.297Z] Error writing to Modbus register: A Modbus Exception Occurred - See Response Body
[2024-12-10T05:28:23.309Z] Error reading or processing Modbus registers: A Modbus Exception Occurred - See Response Body
[2024-12-10T05:28:23.311Z] Error reading register 6507 for IP 10.30.4.128: A Modbus Exception Occurred - See Response Body
[2024-12-10T05:28:23.312Z] Error reading actual data: A Modbus Exception Occurred - See Response Body
[2024-12-10T05:28:23.312Z] Error writing to Modbus register: A Modbus Exception Occurred - See Response Body
[2024-12-10T05:28:24.308Z] Error reading or processing Modbus registers: A Modbus Exception Occurred - See Response Body
[2024-12-10T05:28:24.311Z] Error reading register 6507 for IP 10.30.4.128: A Modbus Exception Occurred - See Response Body
[2024-12-10T05:28:24.311Z] Error reading actual data: A Modbus Exception Occurred - See Response Body
[2024-12-10T05:28:24.312Z] Error writing to Modbus register: A Modbus Exception Occurred - See Response Body
[2024-12-10T05:28:25.324Z] Error reading or processing Modbus registers: A Modbus Exception Occurred - See Response Body
[2024-12-10T05:28:25.326Z] Error reading register 6507 for IP 10.30.4.128: A Modbus Exception Occurred - See Response Body
[2024-12-10T05:28:25.326Z] Error reading actual data: A Modbus Exception Occurred - See Response Body
[2024-12-10T05:28:25.327Z] Error writing to Modbus register: A Modbus Exception Occurred - See Response Body
[2024-12-10T05:28:26.339Z] Error reading or processing Modbus registers: A Modbus Exception Occurred - See Response Body
[2024-12-10T05:28:26.341Z] Error reading register 6507 for IP 10.30.4.128: A Modbus Exception Occurred - See Response Body
[2024-12-10T05:28:26.341Z] Error reading actual data: A Modbus Exception Occurred - See Response Body
[2024-12-10T05:28:26.342Z] Error writing to Modbus register: A Modbus Exception Occurred - See Response Body
[2024-12-10T05:28:27.354Z] Error reading or processing Modbus registers: A Modbus Exception Occurred - See Response Body
[2024-12-10T05:28:27.356Z] Error reading register 6507 for IP 10.30.4.128: A Modbus Exception Occurred - See Response Body
[2024-12-10T05:28:27.357Z] Error reading actual data: A Modbus Exception Occurred - See Response Body
[2024-12-10T05:28:27.357Z] Error writing to Modbus register: A Modbus Exception Occurred - See Response Body
[2024-12-10T05:28:28.354Z] Error reading or processing Modbus registers: A Modbus Exception Occurred - See Response Body
[2024-12-10T05:28:28.356Z] Error reading register 6507 for IP 10.30.4.128: A Modbus Exception Occurred - See Response Body
[2024-12-10T05:28:28.357Z] Error reading actual data: A Modbus Exception Occurred - See Response Body
[2024-12-10T05:28:28.357Z] Error writing to Modbus register: A Modbus Exception Occurred - See Response Body
[2024-12-10T05:28:29.355Z] Error reading or processing Modbus registers: A Modbus Exception Occurred - See Response Body
[2024-12-10T05:28:29.357Z] Error reading register 6507 for IP 10.30.4.128: A Modbus Exception Occurred - See Response Body
[2024-12-10T05:28:29.358Z] Error reading actual data: A Modbus Exception Occurred - See Response Body
[2024-12-10T05:28:29.359Z] Error writing to Modbus register: A Modbus Exception Occurred - See Response Body
[2024-12-10T05:28:30.356Z] Error reading or processing Modbus registers: A Modbus Exception Occurred - See Response Body
[2024-12-10T05:28:30.357Z] Error reading register 6507 for IP 10.30.4.128: A Modbus Exception Occurred - See Response Body
[2024-12-10T05:28:30.358Z] Error reading actual data: A Modbus Exception Occurred - See Response Body
[2024-12-10T05:28:30.359Z] Error writing to Modbus register: A Modbus Exception Occurred - See Response Body
[2024-12-10T05:28:31.367Z] Error reading or processing Modbus registers: A Modbus Exception Occurred - See Response Body
[2024-12-10T05:28:31.369Z] Error reading register 6507 for IP 10.30.4.128: A Modbus Exception Occurred - See Response Body
[2024-12-10T05:28:31.369Z] Error reading actual data: A Modbus Exception Occurred - See Response Body
[2024-12-10T05:28:31.370Z] Error writing to Modbus register: A Modbus Exception Occurred - See Response Body
[2024-12-10T05:28:32.380Z] Error reading or processing Modbus registers: A Modbus Exception Occurred - See Response Body
[2024-12-10T05:28:32.382Z] Error reading register 6507 for IP 10.30.4.128: A Modbus Exception Occurred - See Response Body
[2024-12-10T05:28:32.382Z] Error reading actual data: A Modbus Exception Occurred - See Response Body
[2024-12-10T05:28:32.383Z] Error writing to Modbus register: A Modbus Exception Occurred - See Response Body
[2024-12-10T05:28:33.395Z] Error reading or processing Modbus registers: A Modbus Exception Occurred - See Response Body
[2024-12-10T05:28:33.397Z] Error reading register 6507 for IP 10.30.4.128: A Modbus Exception Occurred - See Response Body
[2024-12-10T05:28:33.397Z] Error reading actual data: A Modbus Exception Occurred - See Response Body
[2024-12-10T05:28:33.398Z] Error writing to Modbus register: A Modbus Exception Occurred - See Response Body
[2024-12-10T05:28:34.408Z] Error reading or processing Modbus registers: A Modbus Exception Occurred - See Response Body
[2024-12-10T05:28:34.411Z] Error reading register 6507 for IP 10.30.4.128: A Modbus Exception Occurred - See Response Body
[2024-12-10T05:28:34.411Z] Error reading actual data: A Modbus Exception Occurred - See Response Body
[2024-12-10T05:28:34.412Z] Error writing to Modbus register: A Modbus Exception Occurred - See Response Body
[2024-12-10T05:28:35.421Z] Error reading or processing Modbus registers: A Modbus Exception Occurred - See Response Body
[2024-12-10T05:28:35.424Z] Error reading register 6507 for IP 10.30.4.128: A Modbus Exception Occurred - See Response Body
[2024-12-10T05:28:35.424Z] Error reading actual data: A Modbus Exception Occurred - See Response Body
[2024-12-10T05:28:35.425Z] Error writing to Modbus register: A Modbus Exception Occurred - See Response Body
[2024-12-10T05:28:36.434Z] Error reading or processing Modbus registers: A Modbus Exception Occurred - See Response Body
[2024-12-10T05:28:36.436Z] Error reading register 6507 for IP 10.30.4.128: A Modbus Exception Occurred - See Response Body
[2024-12-10T05:28:36.437Z] Error reading actual data: A Modbus Exception Occurred - See Response Body
[2024-12-10T05:28:36.438Z] Error writing to Modbus register: A Modbus Exception Occurred - See Response Body
[2024-12-10T05:28:37.436Z] Error reading or processing Modbus registers: A Modbus Exception Occurred - See Response Body
[2024-12-10T05:28:37.438Z] Error reading register 6507 for IP 10.30.4.128: A Modbus Exception Occurred - See Response Body
[2024-12-10T05:28:37.439Z] Error reading actual data: A Modbus Exception Occurred - See Response Body
[2024-12-10T05:28:37.439Z] Error writing to Modbus register: A Modbus Exception Occurred - See Response Body
[2024-12-10T05:28:38.436Z] Error reading or processing Modbus registers: A Modbus Exception Occurred - See Response Body
[2024-12-10T05:28:38.438Z] Error reading register 6507 for IP 10.30.4.128: A Modbus Exception Occurred - See Response Body
[2024-12-10T05:28:38.439Z] Error reading actual data: A Modbus Exception Occurred - See Response Body
[2024-12-10T05:28:38.440Z] Error writing to Modbus register: A Modbus Exception Occurred - See Response Body
[2024-12-10T05:28:39.437Z] Error reading or processing Modbus registers: A Modbus Exception Occurred - See Response Body
[2024-12-10T05:28:39.439Z] Error reading register 6507 for IP 10.30.4.128: A Modbus Exception Occurred - See Response Body
[2024-12-10T05:28:39.439Z] Error reading actual data: A Modbus Exception Occurred - See Response Body
[2024-12-10T05:28:39.440Z] Error writing to Modbus register: A Modbus Exception Occurred - See Response Body
[2024-12-10T05:28:40.438Z] Error reading or processing Modbus registers: A Modbus Exception Occurred - See Response Body
[2024-12-10T05:28:40.440Z] Error reading register 6507 for IP 10.30.4.128: A Modbus Exception Occurred - See Response Body
[2024-12-10T05:28:40.441Z] Error reading actual data: A Modbus Exception Occurred - See Response Body
[2024-12-10T05:28:40.442Z] Error writing to Modbus register: A Modbus Exception Occurred - See Response Body
[2024-12-10T05:28:41.440Z] Error reading or processing Modbus registers: A Modbus Exception Occurred - See Response Body
[2024-12-10T05:28:41.458Z] Error reading register 6507 for IP 10.30.4.128: A Modbus Exception Occurred - See Response Body
[2024-12-10T05:28:41.459Z] Error reading actual data: A Modbus Exception Occurred - See Response Body
[2024-12-10T05:28:41.459Z] Error writing to Modbus register: A Modbus Exception Occurred - See Response Body
[2024-12-10T05:28:42.440Z] Error reading or processing Modbus registers: A Modbus Exception Occurred - See Response Body
[2024-12-10T05:28:42.442Z] Error reading register 6507 for IP 10.30.4.128: A Modbus Exception Occurred - See Response Body
[2024-12-10T05:28:42.443Z] Error reading actual data: A Modbus Exception Occurred - See Response Body
[2024-12-10T05:28:42.443Z] Error writing to Modbus register: A Modbus Exception Occurred - See Response Body
[2024-12-10T05:28:43.453Z] Error reading or processing Modbus registers: A Modbus Exception Occurred - See Response Body
[2024-12-10T05:28:43.456Z] Error reading register 6507 for IP 10.30.4.128: A Modbus Exception Occurred - See Response Body
[2024-12-10T05:28:43.457Z] Error reading actual data: A Modbus Exception Occurred - See Response Body
[2024-12-10T05:28:43.458Z] Error writing to Modbus register: A Modbus Exception Occurred - See Response Body
[2024-12-10T05:28:44.453Z] Error reading or processing Modbus registers: A Modbus Exception Occurred - See Response Body
[2024-12-10T05:28:44.456Z] Error reading register 6507 for IP 10.30.4.128: A Modbus Exception Occurred - See Response Body
[2024-12-10T05:28:44.457Z] Error reading actual data: A Modbus Exception Occurred - See Response Body
[2024-12-10T05:28:44.457Z] Error writing to Modbus register: A Modbus Exception Occurred - See Response Body
[2024-12-10T05:28:45.465Z] Error reading or processing Modbus registers: A Modbus Exception Occurred - See Response Body
[2024-12-10T05:28:45.467Z] Error reading register 6507 for IP 10.30.4.128: A Modbus Exception Occurred - See Response Body
[2024-12-10T05:28:45.468Z] Error reading actual data: A Modbus Exception Occurred - See Response Body
[2024-12-10T05:28:45.468Z] Error writing to Modbus register: A Modbus Exception Occurred - See Response Body
[2024-12-10T05:28:46.475Z] Error reading or processing Modbus registers: A Modbus Exception Occurred - See Response Body
[2024-12-10T05:28:46.478Z] Error reading register 6507 for IP 10.30.4.128: A Modbus Exception Occurred - See Response Body
[2024-12-10T05:28:46.479Z] Error reading actual data: A Modbus Exception Occurred - See Response Body
[2024-12-10T05:28:46.480Z] Error writing to Modbus register: A Modbus Exception Occurred - See Response Body
[2024-12-10T05:28:47.487Z] Error reading or processing Modbus registers: A Modbus Exception Occurred - See Response Body
[2024-12-10T05:28:47.489Z] Error reading register 6507 for IP 10.30.4.128: A Modbus Exception Occurred - See Response Body
[2024-12-10T05:28:47.490Z] Error reading actual data: A Modbus Exception Occurred - See Response Body
[2024-12-10T05:28:47.491Z] Error writing to Modbus register: A Modbus Exception Occurred - See Response Body
[2024-12-10T05:28:48.499Z] Error reading or processing Modbus registers: A Modbus Exception Occurred - See Response Body
[2024-12-10T05:28:48.501Z] Error reading register 6507 for IP 10.30.4.128: A Modbus Exception Occurred - See Response Body
[2024-12-10T05:28:48.502Z] Error reading actual data: A Modbus Exception Occurred - See Response Body
[2024-12-10T05:28:48.503Z] Error writing to Modbus register: A Modbus Exception Occurred - See Response Body
[2024-12-10T05:28:49.512Z] Error reading or processing Modbus registers: A Modbus Exception Occurred - See Response Body
[2024-12-10T05:28:49.518Z] Error reading register 6507 for IP 10.30.4.128: A Modbus Exception Occurred - See Response Body
[2024-12-10T05:28:49.518Z] Error reading actual data: A Modbus Exception Occurred - See Response Body
[2024-12-10T05:28:49.519Z] Error writing to Modbus register: A Modbus Exception Occurred - See Response Body
[2024-12-10T05:28:50.526Z] Error reading or processing Modbus registers: A Modbus Exception Occurred - See Response Body
[2024-12-10T05:28:50.529Z] Error reading register 6507 for IP 10.30.4.128: A Modbus Exception Occurred - See Response Body
[2024-12-10T05:28:50.529Z] Error reading actual data: A Modbus Exception Occurred - See Response Body
[2024-12-10T05:28:50.530Z] Error writing to Modbus register: A Modbus Exception Occurred - See Response Body
[2024-12-10T05:28:51.541Z] Error reading or processing Modbus registers: A Modbus Exception Occurred - See Response Body
[2024-12-10T05:28:51.543Z] Error reading register 6507 for IP 10.30.4.128: A Modbus Exception Occurred - See Response Body
[2024-12-10T05:28:51.544Z] Error reading actual data: A Modbus Exception Occurred - See Response Body
[2024-12-10T05:28:51.544Z] Error writing to Modbus register: A Modbus Exception Occurred - See Response Body
[2024-12-10T05:28:52.551Z] Error reading or processing Modbus registers: A Modbus Exception Occurred - See Response Body
[2024-12-10T05:28:52.553Z] Error reading register 6507 for IP 10.30.4.128: A Modbus Exception Occurred - See Response Body
[2024-12-10T05:28:52.554Z] Error reading actual data: A Modbus Exception Occurred - See Response Body
[2024-12-10T05:28:52.554Z] Error writing to Modbus register: A Modbus Exception Occurred - See Response Body
[2024-12-10T05:28:53.565Z] Error reading or processing Modbus registers: A Modbus Exception Occurred - See Response Body
[2024-12-10T05:28:53.567Z] Error reading register 6507 for IP 10.30.4.128: A Modbus Exception Occurred - See Response Body
[2024-12-10T05:28:53.568Z] Error reading actual data: A Modbus Exception Occurred - See Response Body
[2024-12-10T05:28:53.568Z] Error writing to Modbus register: A Modbus Exception Occurred - See Response Body
[2024-12-10T05:28:54.573Z] Error reading or processing Modbus registers: A Modbus Exception Occurred - See Response Body
[2024-12-10T05:28:54.575Z] Error reading register 6507 for IP 10.30.4.128: A Modbus Exception Occurred - See Response Body
[2024-12-10T05:28:54.576Z] Error reading actual data: A Modbus Exception Occurred - See Response Body
[2024-12-10T05:28:54.577Z] Error writing to Modbus register: A Modbus Exception Occurred - See Response Body
[2024-12-10T05:28:55.584Z] Error reading or processing Modbus registers: A Modbus Exception Occurred - See Response Body
[2024-12-10T05:28:55.586Z] Error reading register 6507 for IP 10.30.4.128: A Modbus Exception Occurred - See Response Body
[2024-12-10T05:28:55.588Z] Error reading actual data: A Modbus Exception Occurred - See Response Body
[2024-12-10T05:28:55.589Z] Error writing to Modbus register: A Modbus Exception Occurred - See Response Body
[2024-12-10T05:28:56.597Z] Error reading or processing Modbus registers: A Modbus Exception Occurred - See Response Body
[2024-12-10T05:28:56.599Z] Error reading register 6507 for IP 10.30.4.128: A Modbus Exception Occurred - See Response Body
[2024-12-10T05:28:56.600Z] Error reading actual data: A Modbus Exception Occurred - See Response Body
[2024-12-10T05:28:56.601Z] Error writing to Modbus register: A Modbus Exception Occurred - See Response Body
[2024-12-10T05:28:57.608Z] Error reading or processing Modbus registers: A Modbus Exception Occurred - See Response Body
[2024-12-10T05:28:57.610Z] Error reading register 6507 for IP 10.30.4.128: A Modbus Exception Occurred - See Response Body
[2024-12-10T05:28:57.611Z] Error reading actual data: A Modbus Exception Occurred - See Response Body
[2024-12-10T05:28:57.612Z] Error writing to Modbus register: A Modbus Exception Occurred - See Response Body
[2024-12-10T05:28:58.622Z] Error reading or processing Modbus registers: A Modbus Exception Occurred - See Response Body
[2024-12-10T05:28:58.625Z] Error reading register 6507 for IP 10.30.4.128: A Modbus Exception Occurred - See Response Body
[2024-12-10T05:28:58.626Z] Error reading actual data: A Modbus Exception Occurred - See Response Body
[2024-12-10T05:28:58.626Z] Error writing to Modbus register: A Modbus Exception Occurred - See Response Body
[2024-12-10T05:28:59.634Z] Error reading or processing Modbus registers: A Modbus Exception Occurred - See Response Body
[2024-12-10T05:28:59.636Z] Error reading register 6507 for IP 10.30.4.128: A Modbus Exception Occurred - See Response Body
[2024-12-10T05:28:59.637Z] Error reading actual data: A Modbus Exception Occurred - See Response Body
[2024-12-10T05:28:59.638Z] Error writing to Modbus register: A Modbus Exception Occurred - See Response Body
[2024-12-10T05:29:00.646Z] Error reading or processing Modbus registers: A Modbus Exception Occurred - See Response Body
[2024-12-10T05:29:00.649Z] Error reading register 6507 for IP 10.30.4.128: A Modbus Exception Occurred - See Response Body
[2024-12-10T05:29:00.650Z] Error reading actual data: A Modbus Exception Occurred - See Response Body
[2024-12-10T05:29:00.650Z] Error writing to Modbus register: A Modbus Exception Occurred - See Response Body
[2024-12-10T05:29:01.658Z] Error reading or processing Modbus registers: A Modbus Exception Occurred - See Response Body
[2024-12-10T05:29:01.662Z] Error reading register 6507 for IP 10.30.4.128: A Modbus Exception Occurred - See Response Body
[2024-12-10T05:29:01.662Z] Error reading actual data: A Modbus Exception Occurred - See Response Body
[2024-12-10T05:29:01.663Z] Error writing to Modbus register: A Modbus Exception Occurred - See Response Body
[2024-12-10T05:29:02.665Z] Error reading or processing Modbus registers: A Modbus Exception Occurred - See Response Body
[2024-12-10T05:29:02.667Z] Error reading register 6507 for IP 10.30.4.128: A Modbus Exception Occurred - See Response Body
[2024-12-10T05:29:02.667Z] Error reading actual data: A Modbus Exception Occurred - See Response Body
[2024-12-10T05:29:02.668Z] Error writing to Modbus register: A Modbus Exception Occurred - See Response Body
[2024-12-10T05:29:03.666Z] Error reading or processing Modbus registers: A Modbus Exception Occurred - See Response Body
[2024-12-10T05:29:03.669Z] Error reading register 6507 for IP 10.30.4.128: A Modbus Exception Occurred - See Response Body
[2024-12-10T05:29:03.670Z] Error reading actual data: A Modbus Exception Occurred - See Response Body
[2024-12-10T05:29:03.670Z] Error writing to Modbus register: A Modbus Exception Occurred - See Response Body
[2024-12-10T05:29:04.667Z] Error reading or processing Modbus registers: A Modbus Exception Occurred - See Response Body
[2024-12-10T05:29:04.670Z] Error reading register 6507 for IP 10.30.4.128: A Modbus Exception Occurred - See Response Body
[2024-12-10T05:29:04.670Z] Error reading actual data: A Modbus Exception Occurred - See Response Body
[2024-12-10T05:29:04.671Z] Error writing to Modbus register: A Modbus Exception Occurred - See Response Body
[2024-12-10T05:29:05.679Z] Error reading or processing Modbus registers: A Modbus Exception Occurred - See Response Body
[2024-12-10T05:29:05.681Z] Error reading register 6507 for IP 10.30.4.128: A Modbus Exception Occurred - See Response Body
[2024-12-10T05:29:05.682Z] Error reading actual data: A Modbus Exception Occurred - See Response Body
[2024-12-10T05:29:05.682Z] Error writing to Modbus register: A Modbus Exception Occurred - See Response Body
[2024-12-10T05:29:06.693Z] Error reading or processing Modbus registers: A Modbus Exception Occurred - See Response Body
[2024-12-10T05:29:06.695Z] Error reading register 6507 for IP 10.30.4.128: A Modbus Exception Occurred - See Response Body
[2024-12-10T05:29:06.695Z] Error reading actual data: A Modbus Exception Occurred - See Response Body
[2024-12-10T05:29:06.696Z] Error writing to Modbus register: A Modbus Exception Occurred - See Response Body
[2024-12-10T05:29:07.706Z] Error reading or processing Modbus registers: A Modbus Exception Occurred - See Response Body
[2024-12-10T05:29:07.708Z] Error reading register 6507 for IP 10.30.4.128: A Modbus Exception Occurred - See Response Body
[2024-12-10T05:29:07.708Z] Error reading actual data: A Modbus Exception Occurred - See Response Body
[2024-12-10T05:29:07.709Z] Error writing to Modbus register: A Modbus Exception Occurred - See Response Body
[2024-12-10T05:29:08.718Z] Error reading or processing Modbus registers: A Modbus Exception Occurred - See Response Body
[2024-12-10T05:29:08.720Z] Error reading register 6507 for IP 10.30.4.128: A Modbus Exception Occurred - See Response Body
[2024-12-10T05:29:08.720Z] Error reading actual data: A Modbus Exception Occurred - See Response Body
[2024-12-10T05:29:08.721Z] Error writing to Modbus register: A Modbus Exception Occurred - See Response Body
[2024-12-10T05:29:09.730Z] Error reading or processing Modbus registers: A Modbus Exception Occurred - See Response Body
[2024-12-10T05:29:09.732Z] Error reading register 6507 for IP 10.30.4.128: A Modbus Exception Occurred - See Response Body
[2024-12-10T05:29:09.733Z] Error reading actual data: A Modbus Exception Occurred - See Response Body
[2024-12-10T05:29:09.733Z] Error writing to Modbus register: A Modbus Exception Occurred - See Response Body
[2024-12-10T05:29:10.741Z] Error reading or processing Modbus registers: A Modbus Exception Occurred - See Response Body
[2024-12-10T05:29:10.743Z] Error reading register 6507 for IP 10.30.4.128: A Modbus Exception Occurred - See Response Body
[2024-12-10T05:29:10.744Z] Error reading actual data: A Modbus Exception Occurred - See Response Body
[2024-12-10T05:29:10.745Z] Error writing to Modbus register: A Modbus Exception Occurred - See Response Body
[2024-12-10T05:29:11.748Z] Error reading or processing Modbus registers: A Modbus Exception Occurred - See Response Body
[2024-12-10T05:29:11.750Z] Error reading register 6507 for IP 10.30.4.128: A Modbus Exception Occurred - See Response Body
[2024-12-10T05:29:11.751Z] Error reading actual data: A Modbus Exception Occurred - See Response Body
[2024-12-10T05:29:11.752Z] Error writing to Modbus register: A Modbus Exception Occurred - See Response Body
[2024-12-10T05:29:12.759Z] Error reading or processing Modbus registers: A Modbus Exception Occurred - See Response Body
[2024-12-10T05:29:12.761Z] Error reading register 6507 for IP 10.30.4.128: A Modbus Exception Occurred - See Response Body
[2024-12-10T05:29:12.762Z] Error reading actual data: A Modbus Exception Occurred - See Response Body
[2024-12-10T05:29:12.762Z] Error writing to Modbus register: A Modbus Exception Occurred - See Response Body
[2024-12-10T05:29:13.773Z] Error reading or processing Modbus registers: A Modbus Exception Occurred - See Response Body
[2024-12-10T05:29:13.775Z] Error reading register 6507 for IP 10.30.4.128: A Modbus Exception Occurred - See Response Body
[2024-12-10T05:29:13.776Z] Error reading actual data: A Modbus Exception Occurred - See Response Body
[2024-12-10T05:29:13.776Z] Error writing to Modbus register: A Modbus Exception Occurred - See Response Body
[2024-12-10T05:29:14.786Z] Error reading or processing Modbus registers: A Modbus Exception Occurred - See Response Body
[2024-12-10T05:29:14.803Z] Error reading register 6507 for IP 10.30.4.128: A Modbus Exception Occurred - See Response Body
[2024-12-10T05:29:14.804Z] Error reading actual data: A Modbus Exception Occurred - See Response Body
[2024-12-10T05:29:14.808Z] Error writing to Modbus register: A Modbus Exception Occurred - See Response Body
[2024-12-10T05:29:15.799Z] Error reading or processing Modbus registers: A Modbus Exception Occurred - See Response Body
[2024-12-10T05:29:15.801Z] Error reading register 6507 for IP 10.30.4.128: A Modbus Exception Occurred - See Response Body
[2024-12-10T05:29:15.802Z] Error reading actual data: A Modbus Exception Occurred - See Response Body
[2024-12-10T05:29:15.803Z] Error writing to Modbus register: A Modbus Exception Occurred - See Response Body
[2024-12-10T05:29:16.812Z] Error reading or processing Modbus registers: A Modbus Exception Occurred - See Response Body
[2024-12-10T05:29:16.815Z] Error reading register 6507 for IP 10.30.4.128: A Modbus Exception Occurred - See Response Body
[2024-12-10T05:29:16.815Z] Error reading actual data: A Modbus Exception Occurred - See Response Body
[2024-12-10T05:29:16.816Z] Error writing to Modbus register: A Modbus Exception Occurred - See Response Body
[2024-12-10T05:29:17.826Z] Error reading or processing Modbus registers: A Modbus Exception Occurred - See Response Body
[2024-12-10T05:29:17.829Z] Error reading register 6507 for IP 10.30.4.128: A Modbus Exception Occurred - See Response Body
[2024-12-10T05:29:17.829Z] Error reading actual data: A Modbus Exception Occurred - See Response Body
[2024-12-10T05:29:17.830Z] Error writing to Modbus register: A Modbus Exception Occurred - See Response Body
[2024-12-10T05:29:18.836Z] Error reading or processing Modbus registers: A Modbus Exception Occurred - See Response Body
[2024-12-10T05:29:18.838Z] Error reading register 6507 for IP 10.30.4.128: A Modbus Exception Occurred - See Response Body
[2024-12-10T05:29:18.838Z] Error reading actual data: A Modbus Exception Occurred - See Response Body
[2024-12-10T05:29:18.839Z] Error writing to Modbus register: A Modbus Exception Occurred - See Response Body
[2024-12-10T05:29:19.848Z] Error reading or processing Modbus registers: A Modbus Exception Occurred - See Response Body
[2024-12-10T05:29:19.850Z] Error reading register 6507 for IP 10.30.4.128: A Modbus Exception Occurred - See Response Body
[2024-12-10T05:29:19.851Z] Error reading actual data: A Modbus Exception Occurred - See Response Body
[2024-12-10T05:29:19.851Z] Error writing to Modbus register: A Modbus Exception Occurred - See Response Body
[2024-12-10T05:29:20.848Z] Error reading or processing Modbus registers: A Modbus Exception Occurred - See Response Body
[2024-12-10T05:29:20.851Z] Error reading register 6507 for IP 10.30.4.128: A Modbus Exception Occurred - See Response Body
[2024-12-10T05:29:20.852Z] Error reading actual data: A Modbus Exception Occurred - See Response Body
[2024-12-10T05:29:20.852Z] Error writing to Modbus register: A Modbus Exception Occurred - See Response Body
[2024-12-10T05:29:21.858Z] Error reading or processing Modbus registers: A Modbus Exception Occurred - See Response Body
[2024-12-10T05:29:21.861Z] Error reading register 6507 for IP 10.30.4.128: A Modbus Exception Occurred - See Response Body
[2024-12-10T05:29:21.861Z] Error reading actual data: A Modbus Exception Occurred - See Response Body
[2024-12-10T05:29:21.862Z] Error writing to Modbus register: A Modbus Exception Occurred - See Response Body
[2024-12-10T05:29:22.873Z] Error reading or processing Modbus registers: A Modbus Exception Occurred - See Response Body
[2024-12-10T05:29:22.875Z] Error reading register 6507 for IP 10.30.4.128: A Modbus Exception Occurred - See Response Body
[2024-12-10T05:29:22.876Z] Error reading actual data: A Modbus Exception Occurred - See Response Body
[2024-12-10T05:29:22.877Z] Error writing to Modbus register: A Modbus Exception Occurred - See Response Body
[2024-12-10T05:29:23.885Z] Error reading or processing Modbus registers: A Modbus Exception Occurred - See Response Body
[2024-12-10T05:29:23.889Z] Error reading register 6507 for IP 10.30.4.128: A Modbus Exception Occurred - See Response Body
[2024-12-10T05:29:23.890Z] Error reading actual data: A Modbus Exception Occurred - See Response Body
[2024-12-10T05:29:23.891Z] Error writing to Modbus register: A Modbus Exception Occurred - See Response Body
[2024-12-10T05:29:24.899Z] Error reading or processing Modbus registers: A Modbus Exception Occurred - See Response Body
[2024-12-10T05:29:24.901Z] Error reading register 6507 for IP 10.30.4.128: A Modbus Exception Occurred - See Response Body
[2024-12-10T05:29:24.902Z] Error reading actual data: A Modbus Exception Occurred - See Response Body
[2024-12-10T05:29:24.902Z] Error writing to Modbus register: A Modbus Exception Occurred - See Response Body
[2024-12-10T05:29:25.912Z] Error reading or processing Modbus registers: A Modbus Exception Occurred - See Response Body
[2024-12-10T05:29:25.914Z] Error reading register 6507 for IP 10.30.4.128: A Modbus Exception Occurred - See Response Body
[2024-12-10T05:29:25.915Z] Error reading actual data: A Modbus Exception Occurred - See Response Body
[2024-12-10T05:29:25.915Z] Error writing to Modbus register: A Modbus Exception Occurred - See Response Body
[2024-12-10T05:29:26.912Z] Error reading or processing Modbus registers: A Modbus Exception Occurred - See Response Body
[2024-12-10T05:29:26.915Z] Error reading register 6507 for IP 10.30.4.128: A Modbus Exception Occurred - See Response Body
[2024-12-10T05:29:26.916Z] Error reading actual data: A Modbus Exception Occurred - See Response Body
[2024-12-10T05:29:26.916Z] Error writing to Modbus register: A Modbus Exception Occurred - See Response Body
[2024-12-10T05:29:27.923Z] Error reading or processing Modbus registers: A Modbus Exception Occurred - See Response Body
[2024-12-10T05:29:27.925Z] Error reading register 6507 for IP 10.30.4.128: A Modbus Exception Occurred - See Response Body
[2024-12-10T05:29:27.926Z] Error reading actual data: A Modbus Exception Occurred - See Response Body
[2024-12-10T05:29:27.927Z] Error writing to Modbus register: A Modbus Exception Occurred - See Response Body
[2024-12-10T05:29:28.936Z] Error reading or processing Modbus registers: A Modbus Exception Occurred - See Response Body
[2024-12-10T05:29:28.938Z] Error reading register 6507 for IP 10.30.4.128: A Modbus Exception Occurred - See Response Body
[2024-12-10T05:29:28.939Z] Error reading actual data: A Modbus Exception Occurred - See Response Body
[2024-12-10T05:29:28.939Z] Error writing to Modbus register: A Modbus Exception Occurred - See Response Body
[2024-12-10T05:29:29.950Z] Error reading or processing Modbus registers: A Modbus Exception Occurred - See Response Body
[2024-12-10T05:29:29.952Z] Error reading register 6507 for IP 10.30.4.128: A Modbus Exception Occurred - See Response Body
[2024-12-10T05:29:29.953Z] Error reading actual data: A Modbus Exception Occurred - See Response Body
[2024-12-10T05:29:29.953Z] Error writing to Modbus register: A Modbus Exception Occurred - See Response Body
[2024-12-10T05:29:30.963Z] Error reading or processing Modbus registers: A Modbus Exception Occurred - See Response Body
[2024-12-10T05:29:30.965Z] Error reading register 6507 for IP 10.30.4.128: A Modbus Exception Occurred - See Response Body
[2024-12-10T05:29:30.966Z] Error reading actual data: A Modbus Exception Occurred - See Response Body
[2024-12-10T05:29:30.966Z] Error writing to Modbus register: A Modbus Exception Occurred - See Response Body
[2024-12-10T05:29:31.976Z] Error reading or processing Modbus registers: A Modbus Exception Occurred - See Response Body
[2024-12-10T05:29:31.978Z] Error reading register 6507 for IP 10.30.4.128: A Modbus Exception Occurred - See Response Body
[2024-12-10T05:29:31.979Z] Error reading actual data: A Modbus Exception Occurred - See Response Body
[2024-12-10T05:29:31.979Z] Error writing to Modbus register: A Modbus Exception Occurred - See Response Body
[2024-12-10T05:29:32.989Z] Error reading or processing Modbus registers: A Modbus Exception Occurred - See Response Body
[2024-12-10T05:29:32.991Z] Error reading register 6507 for IP 10.30.4.128: A Modbus Exception Occurred - See Response Body
[2024-12-10T05:29:32.992Z] Error reading actual data: A Modbus Exception Occurred - See Response Body
[2024-12-10T05:29:32.993Z] Error writing to Modbus register: A Modbus Exception Occurred - See Response Body
[2024-12-10T05:29:34.003Z] Error reading or processing Modbus registers: A Modbus Exception Occurred - See Response Body
[2024-12-10T05:29:34.006Z] Error reading register 6507 for IP 10.30.4.128: A Modbus Exception Occurred - See Response Body
[2024-12-10T05:29:34.006Z] Error reading actual data: A Modbus Exception Occurred - See Response Body
[2024-12-10T05:29:34.007Z] Error writing to Modbus register: A Modbus Exception Occurred - See Response Body
[2024-12-10T05:29:35.017Z] Error reading or processing Modbus registers: A Modbus Exception Occurred - See Response Body
[2024-12-10T05:29:35.020Z] Error reading register 6507 for IP 10.30.4.128: A Modbus Exception Occurred - See Response Body
[2024-12-10T05:29:35.020Z] Error reading actual data: A Modbus Exception Occurred - See Response Body
[2024-12-10T05:29:35.021Z] Error writing to Modbus register: A Modbus Exception Occurred - See Response Body
[2024-12-10T05:29:36.032Z] Error reading or processing Modbus registers: A Modbus Exception Occurred - See Response Body
[2024-12-10T05:29:36.034Z] Error reading register 6507 for IP 10.30.4.128: A Modbus Exception Occurred - See Response Body
[2024-12-10T05:29:36.035Z] Error reading actual data: A Modbus Exception Occurred - See Response Body
[2024-12-10T05:29:36.036Z] Error writing to Modbus register: A Modbus Exception Occurred - See Response Body
[2024-12-10T05:29:37.044Z] Error reading or processing Modbus registers: A Modbus Exception Occurred - See Response Body
[2024-12-10T05:29:37.046Z] Error reading register 6507 for IP 10.30.4.128: A Modbus Exception Occurred - See Response Body
[2024-12-10T05:29:37.047Z] Error reading actual data: A Modbus Exception Occurred - See Response Body
[2024-12-10T05:29:37.047Z] Error writing to Modbus register: A Modbus Exception Occurred - See Response Body
[2024-12-10T05:29:38.056Z] Error reading or processing Modbus registers: A Modbus Exception Occurred - See Response Body
[2024-12-10T05:29:38.058Z] Error reading register 6507 for IP 10.30.4.128: A Modbus Exception Occurred - See Response Body
[2024-12-10T05:29:38.059Z] Error reading actual data: A Modbus Exception Occurred - See Response Body
[2024-12-10T05:29:38.060Z] Error writing to Modbus register: A Modbus Exception Occurred - See Response Body
[2024-12-10T05:29:39.071Z] Error reading or processing Modbus registers: A Modbus Exception Occurred - See Response Body
[2024-12-10T05:29:39.073Z] Error reading register 6507 for IP 10.30.4.128: A Modbus Exception Occurred - See Response Body
[2024-12-10T05:29:39.073Z] Error reading actual data: A Modbus Exception Occurred - See Response Body
[2024-12-10T05:29:39.074Z] Error writing to Modbus register: A Modbus Exception Occurred - See Response Body
[2024-12-10T05:29:40.081Z] Error reading or processing Modbus registers: A Modbus Exception Occurred - See Response Body
[2024-12-10T05:29:40.083Z] Error reading register 6507 for IP 10.30.4.128: A Modbus Exception Occurred - See Response Body
[2024-12-10T05:29:40.084Z] Error reading actual data: A Modbus Exception Occurred - See Response Body
[2024-12-10T05:29:40.085Z] Error writing to Modbus register: A Modbus Exception Occurred - See Response Body
[2024-12-10T05:29:41.084Z] Error reading or processing Modbus registers: A Modbus Exception Occurred - See Response Body
[2024-12-10T05:29:41.086Z] Error reading register 6507 for IP 10.30.4.128: A Modbus Exception Occurred - See Response Body
[2024-12-10T05:29:41.086Z] Error reading actual data: A Modbus Exception Occurred - See Response Body
[2024-12-10T05:29:41.087Z] Error writing to Modbus register: A Modbus Exception Occurred - See Response Body
[2024-12-10T05:29:42.093Z] Error reading or processing Modbus registers: A Modbus Exception Occurred - See Response Body
[2024-12-10T05:29:42.095Z] Error reading register 6507 for IP 10.30.4.128: A Modbus Exception Occurred - See Response Body
[2024-12-10T05:29:42.096Z] Error reading actual data: A Modbus Exception Occurred - See Response Body
[2024-12-10T05:29:42.097Z] Error writing to Modbus register: A Modbus Exception Occurred - See Response Body
[2024-12-10T05:29:43.104Z] Error reading or processing Modbus registers: A Modbus Exception Occurred - See Response Body
[2024-12-10T05:29:43.105Z] Error reading register 6507 for IP 10.30.4.128: A Modbus Exception Occurred - See Response Body
[2024-12-10T05:29:43.106Z] Error reading actual data: A Modbus Exception Occurred - See Response Body
[2024-12-10T05:29:43.107Z] Error writing to Modbus register: A Modbus Exception Occurred - See Response Body
[2024-12-10T05:29:44.110Z] Error reading or processing Modbus registers: A Modbus Exception Occurred - See Response Body
[2024-12-10T05:29:44.112Z] Error reading register 6507 for IP 10.30.4.128: A Modbus Exception Occurred - See Response Body
[2024-12-10T05:29:44.112Z] Error reading actual data: A Modbus Exception Occurred - See Response Body
[2024-12-10T05:29:44.113Z] Error writing to Modbus register: A Modbus Exception Occurred - See Response Body
[2024-12-10T05:29:45.110Z] Error reading or processing Modbus registers: A Modbus Exception Occurred - See Response Body
[2024-12-10T05:29:45.112Z] Error reading register 6507 for IP 10.30.4.128: A Modbus Exception Occurred - See Response Body
[2024-12-10T05:29:45.112Z] Error reading actual data: A Modbus Exception Occurred - See Response Body
[2024-12-10T05:29:45.113Z] Error writing to Modbus register: A Modbus Exception Occurred - See Response Body
[2024-12-10T05:29:46.110Z] Error reading or processing Modbus registers: A Modbus Exception Occurred - See Response Body
[2024-12-10T05:29:46.112Z] Error reading register 6507 for IP 10.30.4.128: A Modbus Exception Occurred - See Response Body
[2024-12-10T05:29:46.113Z] Error reading actual data: A Modbus Exception Occurred - See Response Body
[2024-12-10T05:29:46.113Z] Error writing to Modbus register: A Modbus Exception Occurred - See Response Body
[2024-12-10T05:29:47.121Z] Error reading or processing Modbus registers: A Modbus Exception Occurred - See Response Body
[2024-12-10T05:29:47.123Z] Error reading register 6507 for IP 10.30.4.128: A Modbus Exception Occurred - See Response Body
[2024-12-10T05:29:47.124Z] Error reading actual data: A Modbus Exception Occurred - See Response Body
[2024-12-10T05:29:47.124Z] Error writing to Modbus register: A Modbus Exception Occurred - See Response Body
[2024-12-10T05:29:48.122Z] Error reading or processing Modbus registers: A Modbus Exception Occurred - See Response Body
[2024-12-10T05:29:48.125Z] Error reading register 6507 for IP 10.30.4.128: A Modbus Exception Occurred - See Response Body
[2024-12-10T05:29:48.125Z] Error reading actual data: A Modbus Exception Occurred - See Response Body
[2024-12-10T05:29:48.127Z] Error writing to Modbus register: A Modbus Exception Occurred - See Response Body
[2024-12-10T05:29:49.137Z] Error reading or processing Modbus registers: A Modbus Exception Occurred - See Response Body
[2024-12-10T05:29:49.139Z] Error reading register 6507 for IP 10.30.4.128: A Modbus Exception Occurred - See Response Body
[2024-12-10T05:29:49.139Z] Error reading actual data: A Modbus Exception Occurred - See Response Body
[2024-12-10T05:29:49.140Z] Error writing to Modbus register: A Modbus Exception Occurred - See Response Body
[2024-12-10T05:29:50.148Z] Error reading or processing Modbus registers: A Modbus Exception Occurred - See Response Body
[2024-12-10T05:29:50.151Z] Error reading register 6507 for IP 10.30.4.128: A Modbus Exception Occurred - See Response Body
[2024-12-10T05:29:50.151Z] Error reading actual data: A Modbus Exception Occurred - See Response Body
[2024-12-10T05:29:50.152Z] Error writing to Modbus register: A Modbus Exception Occurred - See Response Body
[2024-12-10T05:29:51.150Z] Error reading or processing Modbus registers: A Modbus Exception Occurred - See Response Body
[2024-12-10T05:29:51.152Z] Error reading register 6507 for IP 10.30.4.128: A Modbus Exception Occurred - See Response Body
[2024-12-10T05:29:51.153Z] Error reading actual data: A Modbus Exception Occurred - See Response Body
[2024-12-10T05:29:51.153Z] Error writing to Modbus register: A Modbus Exception Occurred - See Response Body
[2024-12-10T05:29:52.163Z] Error reading or processing Modbus registers: A Modbus Exception Occurred - See Response Body
[2024-12-10T05:29:52.165Z] Error reading register 6507 for IP 10.30.4.128: A Modbus Exception Occurred - See Response Body
[2024-12-10T05:29:52.166Z] Error reading actual data: A Modbus Exception Occurred - See Response Body
[2024-12-10T05:29:52.166Z] Error writing to Modbus register: A Modbus Exception Occurred - See Response Body
[2024-12-10T05:29:53.166Z] Error reading or processing Modbus registers: A Modbus Exception Occurred - See Response Body
[2024-12-10T05:29:53.168Z] Error reading register 6507 for IP 10.30.4.128: A Modbus Exception Occurred - See Response Body
[2024-12-10T05:29:53.169Z] Error reading actual data: A Modbus Exception Occurred - See Response Body
[2024-12-10T05:29:53.169Z] Error writing to Modbus register: A Modbus Exception Occurred - See Response Body
[2024-12-10T05:29:54.169Z] Error reading or processing Modbus registers: A Modbus Exception Occurred - See Response Body
[2024-12-10T05:29:54.171Z] Error reading register 6507 for IP 10.30.4.128: A Modbus Exception Occurred - See Response Body
[2024-12-10T05:29:54.172Z] Error reading actual data: A Modbus Exception Occurred - See Response Body
[2024-12-10T05:29:54.173Z] Error writing to Modbus register: A Modbus Exception Occurred - See Response Body
[2024-12-10T05:29:55.184Z] Error reading or processing Modbus registers: A Modbus Exception Occurred - See Response Body
[2024-12-10T05:29:55.187Z] Error reading register 6507 for IP 10.30.4.128: A Modbus Exception Occurred - See Response Body
[2024-12-10T05:29:55.187Z] Error reading actual data: A Modbus Exception Occurred - See Response Body
[2024-12-10T05:29:55.188Z] Error writing to Modbus register: A Modbus Exception Occurred - See Response Body
[2024-12-10T05:29:56.187Z] Error reading or processing Modbus registers: A Modbus Exception Occurred - See Response Body
[2024-12-10T05:29:56.189Z] Error reading register 6507 for IP 10.30.4.128: A Modbus Exception Occurred - See Response Body
[2024-12-10T05:29:56.190Z] Error reading actual data: A Modbus Exception Occurred - See Response Body
[2024-12-10T05:29:56.191Z] Error writing to Modbus register: A Modbus Exception Occurred - See Response Body
[2024-12-10T05:29:57.187Z] Error reading or processing Modbus registers: A Modbus Exception Occurred - See Response Body
[2024-12-10T05:29:57.190Z] Error reading register 6507 for IP 10.30.4.128: A Modbus Exception Occurred - See Response Body
[2024-12-10T05:29:57.191Z] Error reading actual data: A Modbus Exception Occurred - See Response Body
[2024-12-10T05:29:57.191Z] Error writing to Modbus register: A Modbus Exception Occurred - See Response Body
[2024-12-10T05:29:58.203Z] Error reading or processing Modbus registers: A Modbus Exception Occurred - See Response Body
[2024-12-10T05:29:58.205Z] Error reading register 6507 for IP 10.30.4.128: A Modbus Exception Occurred - See Response Body
[2024-12-10T05:29:58.206Z] Error reading actual data: A Modbus Exception Occurred - See Response Body
[2024-12-10T05:29:58.207Z] Error writing to Modbus register: A Modbus Exception Occurred - See Response Body
[2024-12-10T05:29:59.218Z] Error reading or processing Modbus registers: A Modbus Exception Occurred - See Response Body
[2024-12-10T05:29:59.220Z] Error reading register 6507 for IP 10.30.4.128: A Modbus Exception Occurred - See Response Body
[2024-12-10T05:29:59.221Z] Error reading actual data: A Modbus Exception Occurred - See Response Body
[2024-12-10T05:29:59.221Z] Error writing to Modbus register: A Modbus Exception Occurred - See Response Body
[2024-12-10T05:30:00.231Z] Error reading or processing Modbus registers: A Modbus Exception Occurred - See Response Body
[2024-12-10T05:30:00.233Z] Error reading register 6507 for IP 10.30.4.128: A Modbus Exception Occurred - See Response Body
[2024-12-10T05:30:00.234Z] Error reading actual data: A Modbus Exception Occurred - See Response Body
[2024-12-10T05:30:00.235Z] Error writing to Modbus register: A Modbus Exception Occurred - See Response Body
[2024-12-10T05:30:01.232Z] Error reading or processing Modbus registers: A Modbus Exception Occurred - See Response Body
[2024-12-10T05:30:01.234Z] Error reading register 6507 for IP 10.30.4.128: A Modbus Exception Occurred - See Response Body
[2024-12-10T05:30:01.234Z] Error reading actual data: A Modbus Exception Occurred - See Response Body
[2024-12-10T05:30:01.235Z] Error writing to Modbus register: A Modbus Exception Occurred - See Response Body
[2024-12-10T05:30:02.246Z] Error reading or processing Modbus registers: A Modbus Exception Occurred - See Response Body
[2024-12-10T05:30:02.248Z] Error reading register 6507 for IP 10.30.4.128: A Modbus Exception Occurred - See Response Body
[2024-12-10T05:30:02.249Z] Error reading actual data: A Modbus Exception Occurred - See Response Body
[2024-12-10T05:30:02.249Z] Error writing to Modbus register: A Modbus Exception Occurred - See Response Body
[2024-12-10T05:30:03.261Z] Error reading or processing Modbus registers: A Modbus Exception Occurred - See Response Body
[2024-12-10T05:30:03.263Z] Error reading register 6507 for IP 10.30.4.128: A Modbus Exception Occurred - See Response Body
[2024-12-10T05:30:03.264Z] Error reading actual data: A Modbus Exception Occurred - See Response Body
[2024-12-10T05:30:03.264Z] Error writing to Modbus register: A Modbus Exception Occurred - See Response Body
[2024-12-10T05:30:04.277Z] Error reading or processing Modbus registers: A Modbus Exception Occurred - See Response Body
[2024-12-10T05:30:04.279Z] Error reading register 6507 for IP 10.30.4.128: A Modbus Exception Occurred - See Response Body
[2024-12-10T05:30:04.279Z] Error reading actual data: A Modbus Exception Occurred - See Response Body
[2024-12-10T05:30:04.280Z] Error writing to Modbus register: A Modbus Exception Occurred - See Response Body
[2024-12-10T05:30:05.290Z] Error reading or processing Modbus registers: A Modbus Exception Occurred - See Response Body
[2024-12-10T05:30:05.292Z] Error reading register 6507 for IP 10.30.4.128: A Modbus Exception Occurred - See Response Body
[2024-12-10T05:30:05.292Z] Error reading actual data: A Modbus Exception Occurred - See Response Body
[2024-12-10T05:30:05.293Z] Error writing to Modbus register: A Modbus Exception Occurred - See Response Body
[2024-12-10T05:30:06.292Z] Error reading or processing Modbus registers: A Modbus Exception Occurred - See Response Body
[2024-12-10T05:30:06.294Z] Error reading register 6507 for IP 10.30.4.128: A Modbus Exception Occurred - See Response Body
[2024-12-10T05:30:06.295Z] Error reading actual data: A Modbus Exception Occurred - See Response Body
[2024-12-10T05:30:06.296Z] Error writing to Modbus register: A Modbus Exception Occurred - See Response Body
[2024-12-10T05:30:07.294Z] Error reading or processing Modbus registers: A Modbus Exception Occurred - See Response Body
[2024-12-10T05:30:07.296Z] Error reading register 6507 for IP 10.30.4.128: A Modbus Exception Occurred - See Response Body
[2024-12-10T05:30:07.296Z] Error reading actual data: A Modbus Exception Occurred - See Response Body
[2024-12-10T05:30:07.297Z] Error writing to Modbus register: A Modbus Exception Occurred - See Response Body
[2024-12-10T05:30:08.308Z] Error reading or processing Modbus registers: A Modbus Exception Occurred - See Response Body
[2024-12-10T05:30:08.310Z] Error reading register 6507 for IP 10.30.4.128: A Modbus Exception Occurred - See Response Body
[2024-12-10T05:30:08.312Z] Error reading actual data: A Modbus Exception Occurred - See Response Body
[2024-12-10T05:30:08.313Z] Error writing to Modbus register: A Modbus Exception Occurred - See Response Body
[2024-12-10T05:30:09.322Z] Error reading or processing Modbus registers: A Modbus Exception Occurred - See Response Body
[2024-12-10T05:30:09.325Z] Error reading register 6507 for IP 10.30.4.128: A Modbus Exception Occurred - See Response Body
[2024-12-10T05:30:09.325Z] Error reading actual data: A Modbus Exception Occurred - See Response Body
[2024-12-10T05:30:09.326Z] Error writing to Modbus register: A Modbus Exception Occurred - See Response Body
[2024-12-10T05:30:10.325Z] Error reading or processing Modbus registers: A Modbus Exception Occurred - See Response Body
[2024-12-10T05:30:10.327Z] Error reading register 6507 for IP 10.30.4.128: A Modbus Exception Occurred - See Response Body
[2024-12-10T05:30:10.327Z] Error reading actual data: A Modbus Exception Occurred - See Response Body
[2024-12-10T05:30:10.328Z] Error writing to Modbus register: A Modbus Exception Occurred - See Response Body
[2024-12-10T05:30:11.328Z] Error reading or processing Modbus registers: A Modbus Exception Occurred - See Response Body
[2024-12-10T05:30:11.330Z] Error reading register 6507 for IP 10.30.4.128: A Modbus Exception Occurred - See Response Body
[2024-12-10T05:30:11.331Z] Error reading actual data: A Modbus Exception Occurred - See Response Body
[2024-12-10T05:30:11.331Z] Error writing to Modbus register: A Modbus Exception Occurred - See Response Body
[2024-12-10T05:30:12.331Z] Error reading or processing Modbus registers: A Modbus Exception Occurred - See Response Body
[2024-12-10T05:30:12.333Z] Error reading register 6507 for IP 10.30.4.128: A Modbus Exception Occurred - See Response Body
[2024-12-10T05:30:12.334Z] Error reading actual data: A Modbus Exception Occurred - See Response Body
[2024-12-10T05:30:12.334Z] Error writing to Modbus register: A Modbus Exception Occurred - See Response Body
[2024-12-10T05:30:13.334Z] Error reading or processing Modbus registers: A Modbus Exception Occurred - See Response Body
[2024-12-10T05:30:13.336Z] Error reading register 6507 for IP 10.30.4.128: A Modbus Exception Occurred - See Response Body
[2024-12-10T05:30:13.337Z] Error reading actual data: A Modbus Exception Occurred - See Response Body
[2024-12-10T05:30:13.338Z] Error writing to Modbus register: A Modbus Exception Occurred - See Response Body
[2024-12-10T05:30:14.334Z] Error reading or processing Modbus registers: A Modbus Exception Occurred - See Response Body
[2024-12-10T05:30:14.336Z] Error reading register 6507 for IP 10.30.4.128: A Modbus Exception Occurred - See Response Body
[2024-12-10T05:30:14.337Z] Error reading actual data: A Modbus Exception Occurred - See Response Body
[2024-12-10T05:30:14.337Z] Error writing to Modbus register: A Modbus Exception Occurred - See Response Body
[2024-12-10T05:30:15.336Z] Error reading or processing Modbus registers: A Modbus Exception Occurred - See Response Body
[2024-12-10T05:30:15.338Z] Error reading register 6507 for IP 10.30.4.128: A Modbus Exception Occurred - See Response Body
[2024-12-10T05:30:15.339Z] Error reading actual data: A Modbus Exception Occurred - See Response Body
[2024-12-10T05:30:15.339Z] Error writing to Modbus register: A Modbus Exception Occurred - See Response Body
[2024-12-10T05:30:16.338Z] Error reading or processing Modbus registers: A Modbus Exception Occurred - See Response Body
[2024-12-10T05:30:16.340Z] Error reading register 6507 for IP 10.30.4.128: A Modbus Exception Occurred - See Response Body
[2024-12-10T05:30:16.341Z] Error reading actual data: A Modbus Exception Occurred - See Response Body
[2024-12-10T05:30:16.342Z] Error writing to Modbus register: A Modbus Exception Occurred - See Response Body
[2024-12-10T05:30:17.349Z] Error reading or processing Modbus registers: A Modbus Exception Occurred - See Response Body
[2024-12-10T05:30:17.352Z] Error reading register 6507 for IP 10.30.4.128: A Modbus Exception Occurred - See Response Body
[2024-12-10T05:30:17.352Z] Error reading actual data: A Modbus Exception Occurred - See Response Body
[2024-12-10T05:30:17.353Z] Error writing to Modbus register: A Modbus Exception Occurred - See Response Body
[2024-12-10T05:30:18.352Z] Error reading or processing Modbus registers: A Modbus Exception Occurred - See Response Body
[2024-12-10T05:30:18.354Z] Error reading register 6507 for IP 10.30.4.128: A Modbus Exception Occurred - See Response Body
[2024-12-10T05:30:18.354Z] Error reading actual data: A Modbus Exception Occurred - See Response Body
[2024-12-10T05:30:18.355Z] Error writing to Modbus register: A Modbus Exception Occurred - See Response Body
[2024-12-10T05:30:19.365Z] Error reading or processing Modbus registers: A Modbus Exception Occurred - See Response Body
[2024-12-10T05:30:19.367Z] Error reading register 6507 for IP 10.30.4.128: A Modbus Exception Occurred - See Response Body
[2024-12-10T05:30:19.368Z] Error reading actual data: A Modbus Exception Occurred - See Response Body
[2024-12-10T05:30:19.368Z] Error writing to Modbus register: A Modbus Exception Occurred - See Response Body
[2024-12-10T05:30:20.377Z] Error reading or processing Modbus registers: A Modbus Exception Occurred - See Response Body
[2024-12-10T05:30:20.379Z] Error reading register 6507 for IP 10.30.4.128: A Modbus Exception Occurred - See Response Body
[2024-12-10T05:30:20.380Z] Error reading actual data: A Modbus Exception Occurred - See Response Body
[2024-12-10T05:30:20.380Z] Error writing to Modbus register: A Modbus Exception Occurred - See Response Body
[2024-12-10T05:30:21.392Z] Error reading or processing Modbus registers: A Modbus Exception Occurred - See Response Body
[2024-12-10T05:30:21.394Z] Error reading register 6507 for IP 10.30.4.128: A Modbus Exception Occurred - See Response Body
[2024-12-10T05:30:21.394Z] Error reading actual data: A Modbus Exception Occurred - See Response Body
[2024-12-10T05:30:21.395Z] Error writing to Modbus register: A Modbus Exception Occurred - See Response Body
[2024-12-10T05:30:22.403Z] Error reading or processing Modbus registers: A Modbus Exception Occurred - See Response Body
[2024-12-10T05:30:22.405Z] Error reading register 6507 for IP 10.30.4.128: A Modbus Exception Occurred - See Response Body
[2024-12-10T05:30:22.406Z] Error reading actual data: A Modbus Exception Occurred - See Response Body
[2024-12-10T05:30:22.406Z] Error writing to Modbus register: A Modbus Exception Occurred - See Response Body
[2024-12-10T05:30:23.416Z] Error reading or processing Modbus registers: A Modbus Exception Occurred - See Response Body
[2024-12-10T05:30:23.418Z] Error reading register 6507 for IP 10.30.4.128: A Modbus Exception Occurred - See Response Body
[2024-12-10T05:30:23.419Z] Error reading actual data: A Modbus Exception Occurred - See Response Body
[2024-12-10T05:30:23.419Z] Error writing to Modbus register: A Modbus Exception Occurred - See Response Body
[2024-12-10T05:30:24.417Z] Error reading or processing Modbus registers: A Modbus Exception Occurred - See Response Body
[2024-12-10T05:30:24.419Z] Error reading actual data: A Modbus Exception Occurred - See Response Body
[2024-12-10T05:30:24.419Z] Error reading register 6507 for IP 10.30.4.128: A Modbus Exception Occurred - See Response Body
[2024-12-10T05:30:24.420Z] Error writing to Modbus register: A Modbus Exception Occurred - See Response Body
[2024-12-10T05:30:25.417Z] Error reading or processing Modbus registers: A Modbus Exception Occurred - See Response Body
[2024-12-10T05:30:25.419Z] Error reading register 6507 for IP 10.30.4.128: A Modbus Exception Occurred - See Response Body
[2024-12-10T05:30:25.419Z] Error reading actual data: A Modbus Exception Occurred - See Response Body
[2024-12-10T05:30:25.420Z] Error writing to Modbus register: A Modbus Exception Occurred - See Response Body
[2024-12-10T05:30:26.418Z] Error reading or processing Modbus registers: A Modbus Exception Occurred - See Response Body
[2024-12-10T05:30:26.421Z] Error reading register 6507 for IP 10.30.4.128: A Modbus Exception Occurred - See Response Body
[2024-12-10T05:30:26.421Z] Error reading actual data: A Modbus Exception Occurred - See Response Body
[2024-12-10T05:30:26.422Z] Error writing to Modbus register: A Modbus Exception Occurred - See Response Body
[2024-12-10T05:30:27.419Z] Error reading or processing Modbus registers: A Modbus Exception Occurred - See Response Body
[2024-12-10T05:30:27.422Z] Error reading register 6507 for IP 10.30.4.128: A Modbus Exception Occurred - See Response Body
[2024-12-10T05:30:27.422Z] Error reading actual data: A Modbus Exception Occurred - See Response Body
[2024-12-10T05:30:27.423Z] Error writing to Modbus register: A Modbus Exception Occurred - See Response Body
[2024-12-10T05:30:28.431Z] Error reading or processing Modbus registers: A Modbus Exception Occurred - See Response Body
[2024-12-10T05:30:28.433Z] Error reading register 6507 for IP 10.30.4.128: A Modbus Exception Occurred - See Response Body
[2024-12-10T05:30:28.433Z] Error reading actual data: A Modbus Exception Occurred - See Response Body
[2024-12-10T05:30:28.434Z] Error writing to Modbus register: A Modbus Exception Occurred - See Response Body
[2024-12-10T05:30:29.432Z] Error reading or processing Modbus registers: A Modbus Exception Occurred - See Response Body
[2024-12-10T05:30:29.434Z] Error reading register 6507 for IP 10.30.4.128: A Modbus Exception Occurred - See Response Body
[2024-12-10T05:30:29.434Z] Error reading actual data: A Modbus Exception Occurred - See Response Body
[2024-12-10T05:30:29.435Z] Error writing to Modbus register: A Modbus Exception Occurred - See Response Body
[2024-12-10T05:30:30.434Z] Error reading or processing Modbus registers: A Modbus Exception Occurred - See Response Body
[2024-12-10T05:30:30.436Z] Error reading register 6507 for IP 10.30.4.128: A Modbus Exception Occurred - See Response Body
[2024-12-10T05:30:30.437Z] Error reading actual data: A Modbus Exception Occurred - See Response Body
[2024-12-10T05:30:30.437Z] Error writing to Modbus register: A Modbus Exception Occurred - See Response Body
[2024-12-10T05:30:31.447Z] Error reading or processing Modbus registers: A Modbus Exception Occurred - See Response Body
[2024-12-10T05:30:31.449Z] Error reading register 6507 for IP 10.30.4.128: A Modbus Exception Occurred - See Response Body
[2024-12-10T05:30:31.450Z] Error reading actual data: A Modbus Exception Occurred - See Response Body
[2024-12-10T05:30:31.450Z] Error writing to Modbus register: A Modbus Exception Occurred - See Response Body
[2024-12-10T05:30:32.462Z] Error reading or processing Modbus registers: A Modbus Exception Occurred - See Response Body
[2024-12-10T05:30:32.464Z] Error reading register 6507 for IP 10.30.4.128: A Modbus Exception Occurred - See Response Body
[2024-12-10T05:30:32.464Z] Error reading actual data: A Modbus Exception Occurred - See Response Body
[2024-12-10T05:30:32.465Z] Error writing to Modbus register: A Modbus Exception Occurred - See Response Body
[2024-12-10T05:30:33.463Z] Error reading or processing Modbus registers: A Modbus Exception Occurred - See Response Body
[2024-12-10T05:30:33.465Z] Error reading register 6507 for IP 10.30.4.128: A Modbus Exception Occurred - See Response Body
[2024-12-10T05:30:33.466Z] Error reading actual data: A Modbus Exception Occurred - See Response Body
[2024-12-10T05:30:33.466Z] Error writing to Modbus register: A Modbus Exception Occurred - See Response Body
[2024-12-10T05:30:34.476Z] Error reading or processing Modbus registers: A Modbus Exception Occurred - See Response Body
[2024-12-10T05:30:34.478Z] Error reading register 6507 for IP 10.30.4.128: A Modbus Exception Occurred - See Response Body
[2024-12-10T05:30:34.481Z] Error reading actual data: A Modbus Exception Occurred - See Response Body
[2024-12-10T05:30:34.482Z] Error writing to Modbus register: A Modbus Exception Occurred - See Response Body
[2024-12-10T05:30:35.490Z] Error reading or processing Modbus registers: A Modbus Exception Occurred - See Response Body
[2024-12-10T05:30:35.492Z] Error reading register 6507 for IP 10.30.4.128: A Modbus Exception Occurred - See Response Body
[2024-12-10T05:30:35.493Z] Error reading actual data: A Modbus Exception Occurred - See Response Body
[2024-12-10T05:30:35.493Z] Error writing to Modbus register: A Modbus Exception Occurred - See Response Body
[2024-12-10T05:30:36.505Z] Error reading or processing Modbus registers: A Modbus Exception Occurred - See Response Body
[2024-12-10T05:30:36.508Z] Error reading register 6507 for IP 10.30.4.128: A Modbus Exception Occurred - See Response Body
[2024-12-10T05:30:36.509Z] Error reading actual data: A Modbus Exception Occurred - See Response Body
[2024-12-10T05:30:36.509Z] Error writing to Modbus register: A Modbus Exception Occurred - See Response Body
[2024-12-10T05:30:37.505Z] Error reading or processing Modbus registers: A Modbus Exception Occurred - See Response Body
[2024-12-10T05:30:37.507Z] Error reading register 6507 for IP 10.30.4.128: A Modbus Exception Occurred - See Response Body
[2024-12-10T05:30:37.508Z] Error reading actual data: A Modbus Exception Occurred - See Response Body
[2024-12-10T05:30:37.509Z] Error writing to Modbus register: A Modbus Exception Occurred - See Response Body
[2024-12-10T05:30:38.507Z] Error reading or processing Modbus registers: A Modbus Exception Occurred - See Response Body
[2024-12-10T05:30:38.510Z] Error reading register 6507 for IP 10.30.4.128: A Modbus Exception Occurred - See Response Body
[2024-12-10T05:30:38.511Z] Error reading actual data: A Modbus Exception Occurred - See Response Body
[2024-12-10T05:30:38.512Z] Error writing to Modbus register: A Modbus Exception Occurred - See Response Body
[2024-12-10T05:30:39.511Z] Error reading or processing Modbus registers: A Modbus Exception Occurred - See Response Body
[2024-12-10T05:30:39.514Z] Error reading register 6507 for IP 10.30.4.128: A Modbus Exception Occurred - See Response Body
[2024-12-10T05:30:39.515Z] Error reading actual data: A Modbus Exception Occurred - See Response Body
[2024-12-10T05:30:39.516Z] Error writing to Modbus register: A Modbus Exception Occurred - See Response Body
[2024-12-10T05:30:40.511Z] Error reading or processing Modbus registers: A Modbus Exception Occurred - See Response Body
[2024-12-10T05:30:40.513Z] Error reading register 6507 for IP 10.30.4.128: A Modbus Exception Occurred - See Response Body
[2024-12-10T05:30:40.514Z] Error reading actual data: A Modbus Exception Occurred - See Response Body
[2024-12-10T05:30:40.514Z] Error writing to Modbus register: A Modbus Exception Occurred - See Response Body
[2024-12-10T05:30:41.526Z] Error reading or processing Modbus registers: A Modbus Exception Occurred - See Response Body
[2024-12-10T05:30:41.541Z] Error reading register 6507 for IP 10.30.4.128: A Modbus Exception Occurred - See Response Body
[2024-12-10T05:30:41.541Z] Error reading actual data: A Modbus Exception Occurred - See Response Body
[2024-12-10T05:30:41.542Z] Error writing to Modbus register: A Modbus Exception Occurred - See Response Body
[2024-12-10T05:30:42.538Z] Error reading or processing Modbus registers: A Modbus Exception Occurred - See Response Body
[2024-12-10T05:30:42.541Z] Error reading register 6507 for IP 10.30.4.128: A Modbus Exception Occurred - See Response Body
[2024-12-10T05:30:42.541Z] Error reading actual data: A Modbus Exception Occurred - See Response Body
[2024-12-10T05:30:42.542Z] Error writing to Modbus register: A Modbus Exception Occurred - See Response Body
[2024-12-10T05:30:43.542Z] Error reading or processing Modbus registers: A Modbus Exception Occurred - See Response Body
[2024-12-10T05:30:43.544Z] Error reading register 6507 for IP 10.30.4.128: A Modbus Exception Occurred - See Response Body
[2024-12-10T05:30:43.545Z] Error reading actual data: A Modbus Exception Occurred - See Response Body
[2024-12-10T05:30:43.546Z] Error writing to Modbus register: A Modbus Exception Occurred - See Response Body
[2024-12-10T05:30:44.547Z] Error reading or processing Modbus registers: A Modbus Exception Occurred - See Response Body
[2024-12-10T05:30:44.549Z] Error reading register 6507 for IP 10.30.4.128: A Modbus Exception Occurred - See Response Body
[2024-12-10T05:30:44.550Z] Error reading actual data: A Modbus Exception Occurred - See Response Body
[2024-12-10T05:30:44.550Z] Error writing to Modbus register: A Modbus Exception Occurred - See Response Body
[2024-12-10T05:30:45.561Z] Error reading or processing Modbus registers: A Modbus Exception Occurred - See Response Body
[2024-12-10T05:30:45.564Z] Error reading register 6507 for IP 10.30.4.128: A Modbus Exception Occurred - See Response Body
[2024-12-10T05:30:45.565Z] Error reading actual data: A Modbus Exception Occurred - See Response Body
[2024-12-10T05:30:45.566Z] Error writing to Modbus register: A Modbus Exception Occurred - See Response Body
[2024-12-10T05:30:46.565Z] Error reading or processing Modbus registers: A Modbus Exception Occurred - See Response Body
[2024-12-10T05:30:46.568Z] Error reading register 6507 for IP 10.30.4.128: A Modbus Exception Occurred - See Response Body
[2024-12-10T05:30:46.568Z] Error reading actual data: A Modbus Exception Occurred - See Response Body
[2024-12-10T05:30:46.569Z] Error writing to Modbus register: A Modbus Exception Occurred - See Response Body
[2024-12-10T05:30:47.578Z] Error reading or processing Modbus registers: A Modbus Exception Occurred - See Response Body
[2024-12-10T05:30:47.580Z] Error reading register 6507 for IP 10.30.4.128: A Modbus Exception Occurred - See Response Body
[2024-12-10T05:30:47.581Z] Error reading actual data: A Modbus Exception Occurred - See Response Body
[2024-12-10T05:30:47.582Z] Error writing to Modbus register: A Modbus Exception Occurred - See Response Body
[2024-12-10T05:30:48.593Z] Error reading or processing Modbus registers: A Modbus Exception Occurred - See Response Body
[2024-12-10T05:30:48.595Z] Error reading register 6507 for IP 10.30.4.128: A Modbus Exception Occurred - See Response Body
[2024-12-10T05:30:48.595Z] Error reading actual data: A Modbus Exception Occurred - See Response Body
[2024-12-10T05:30:48.596Z] Error writing to Modbus register: A Modbus Exception Occurred - See Response Body
[2024-12-10T05:30:49.597Z] Error reading or processing Modbus registers: A Modbus Exception Occurred - See Response Body
[2024-12-10T05:30:49.599Z] Error reading register 6507 for IP 10.30.4.128: A Modbus Exception Occurred - See Response Body
[2024-12-10T05:30:49.600Z] Error reading actual data: A Modbus Exception Occurred - See Response Body
[2024-12-10T05:30:49.601Z] Error writing to Modbus register: A Modbus Exception Occurred - See Response Body
[2024-12-10T05:30:50.610Z] Error reading or processing Modbus registers: A Modbus Exception Occurred - See Response Body
[2024-12-10T05:30:50.612Z] Error reading register 6507 for IP 10.30.4.128: A Modbus Exception Occurred - See Response Body
[2024-12-10T05:30:50.613Z] Error reading actual data: A Modbus Exception Occurred - See Response Body
[2024-12-10T05:30:50.613Z] Error writing to Modbus register: A Modbus Exception Occurred - See Response Body
[2024-12-10T05:30:51.612Z] Error reading or processing Modbus registers: A Modbus Exception Occurred - See Response Body
[2024-12-10T05:30:51.614Z] Error reading register 6507 for IP 10.30.4.128: A Modbus Exception Occurred - See Response Body
[2024-12-10T05:30:51.615Z] Error reading actual data: A Modbus Exception Occurred - See Response Body
[2024-12-10T05:30:51.615Z] Error writing to Modbus register: A Modbus Exception Occurred - See Response Body
[2024-12-10T05:30:52.626Z] Error reading or processing Modbus registers: A Modbus Exception Occurred - See Response Body
[2024-12-10T05:30:52.628Z] Error reading register 6507 for IP 10.30.4.128: A Modbus Exception Occurred - See Response Body
[2024-12-10T05:30:52.629Z] Error reading actual data: A Modbus Exception Occurred - See Response Body
[2024-12-10T05:30:52.630Z] Error writing to Modbus register: A Modbus Exception Occurred - See Response Body
[2024-12-10T05:30:53.627Z] Error reading or processing Modbus registers: A Modbus Exception Occurred - See Response Body
[2024-12-10T05:30:53.629Z] Error reading register 6507 for IP 10.30.4.128: A Modbus Exception Occurred - See Response Body
[2024-12-10T05:30:53.629Z] Error reading actual data: A Modbus Exception Occurred - See Response Body
[2024-12-10T05:30:53.630Z] Error writing to Modbus register: A Modbus Exception Occurred - See Response Body
[2024-12-10T05:30:54.641Z] Error reading or processing Modbus registers: A Modbus Exception Occurred - See Response Body
[2024-12-10T05:30:54.643Z] Error reading register 6507 for IP 10.30.4.128: A Modbus Exception Occurred - See Response Body
[2024-12-10T05:30:54.643Z] Error reading actual data: A Modbus Exception Occurred - See Response Body
[2024-12-10T05:30:54.644Z] Error writing to Modbus register: A Modbus Exception Occurred - See Response Body
[2024-12-10T05:30:55.641Z] Error reading or processing Modbus registers: A Modbus Exception Occurred - See Response Body
[2024-12-10T05:30:55.643Z] Error reading register 6507 for IP 10.30.4.128: A Modbus Exception Occurred - See Response Body
[2024-12-10T05:30:55.643Z] Error reading actual data: A Modbus Exception Occurred - See Response Body
[2024-12-10T05:30:55.644Z] Error writing to Modbus register: A Modbus Exception Occurred - See Response Body
[2024-12-10T05:30:56.641Z] Error reading or processing Modbus registers: A Modbus Exception Occurred - See Response Body
[2024-12-10T05:30:56.643Z] Error reading register 6507 for IP 10.30.4.128: A Modbus Exception Occurred - See Response Body
[2024-12-10T05:30:56.644Z] Error reading actual data: A Modbus Exception Occurred - See Response Body
[2024-12-10T05:30:56.645Z] Error writing to Modbus register: A Modbus Exception Occurred - See Response Body
[2024-12-10T05:30:57.642Z] Error reading or processing Modbus registers: A Modbus Exception Occurred - See Response Body
[2024-12-10T05:30:57.644Z] Error reading register 6507 for IP 10.30.4.128: A Modbus Exception Occurred - See Response Body
[2024-12-10T05:30:57.645Z] Error reading actual data: A Modbus Exception Occurred - See Response Body
[2024-12-10T05:30:57.645Z] Error writing to Modbus register: A Modbus Exception Occurred - See Response Body
[2024-12-10T05:30:58.652Z] Error reading or processing Modbus registers: A Modbus Exception Occurred - See Response Body
[2024-12-10T05:30:58.655Z] Error reading register 6507 for IP 10.30.4.128: A Modbus Exception Occurred - See Response Body
[2024-12-10T05:30:58.656Z] Error reading actual data: A Modbus Exception Occurred - See Response Body
[2024-12-10T05:30:58.657Z] Error writing to Modbus register: A Modbus Exception Occurred - See Response Body
[2024-12-10T05:30:59.654Z] Error reading or processing Modbus registers: A Modbus Exception Occurred - See Response Body
[2024-12-10T05:30:59.656Z] Error reading register 6507 for IP 10.30.4.128: A Modbus Exception Occurred - See Response Body
[2024-12-10T05:30:59.657Z] Error reading actual data: A Modbus Exception Occurred - See Response Body
[2024-12-10T05:30:59.658Z] Error writing to Modbus register: A Modbus Exception Occurred - See Response Body
[2024-12-10T05:31:00.666Z] Error reading or processing Modbus registers: A Modbus Exception Occurred - See Response Body
[2024-12-10T05:31:00.668Z] Error reading register 6507 for IP 10.30.4.128: A Modbus Exception Occurred - See Response Body
[2024-12-10T05:31:00.669Z] Error reading actual data: A Modbus Exception Occurred - See Response Body
[2024-12-10T05:31:00.670Z] Error writing to Modbus register: A Modbus Exception Occurred - See Response Body
[2024-12-10T05:31:01.681Z] Error reading or processing Modbus registers: A Modbus Exception Occurred - See Response Body
[2024-12-10T05:31:01.683Z] Error reading register 6507 for IP 10.30.4.128: A Modbus Exception Occurred - See Response Body
[2024-12-10T05:31:01.683Z] Error reading actual data: A Modbus Exception Occurred - See Response Body
[2024-12-10T05:31:01.684Z] Error writing to Modbus register: A Modbus Exception Occurred - See Response Body
[2024-12-10T05:31:02.695Z] Error reading or processing Modbus registers: A Modbus Exception Occurred - See Response Body
[2024-12-10T05:31:02.697Z] Error reading register 6507 for IP 10.30.4.128: A Modbus Exception Occurred - See Response Body
[2024-12-10T05:31:02.698Z] Error reading actual data: A Modbus Exception Occurred - See Response Body
[2024-12-10T05:31:02.699Z] Error writing to Modbus register: A Modbus Exception Occurred - See Response Body
[2024-12-10T05:31:03.697Z] Error reading or processing Modbus registers: A Modbus Exception Occurred - See Response Body
[2024-12-10T05:31:03.699Z] Error reading register 6507 for IP 10.30.4.128: A Modbus Exception Occurred - See Response Body
[2024-12-10T05:31:03.700Z] Error reading actual data: A Modbus Exception Occurred - See Response Body
[2024-12-10T05:31:03.701Z] Error writing to Modbus register: A Modbus Exception Occurred - See Response Body
[2024-12-10T05:31:04.709Z] Error reading or processing Modbus registers: A Modbus Exception Occurred - See Response Body
[2024-12-10T05:31:04.712Z] Error reading register 6507 for IP 10.30.4.128: A Modbus Exception Occurred - See Response Body
[2024-12-10T05:31:04.712Z] Error reading actual data: A Modbus Exception Occurred - See Response Body
[2024-12-10T05:31:04.712Z] Error writing to Modbus register: A Modbus Exception Occurred - See Response Body
[2024-12-10T05:31:05.710Z] Error reading or processing Modbus registers: A Modbus Exception Occurred - See Response Body
[2024-12-10T05:31:05.712Z] Error reading register 6507 for IP 10.30.4.128: A Modbus Exception Occurred - See Response Body
[2024-12-10T05:31:05.713Z] Error reading actual data: A Modbus Exception Occurred - See Response Body
[2024-12-10T05:31:05.713Z] Error writing to Modbus register: A Modbus Exception Occurred - See Response Body
[2024-12-10T05:31:06.710Z] Error reading or processing Modbus registers: A Modbus Exception Occurred - See Response Body
[2024-12-10T05:31:06.712Z] Error reading register 6507 for IP 10.30.4.128: A Modbus Exception Occurred - See Response Body
[2024-12-10T05:31:06.713Z] Error reading actual data: A Modbus Exception Occurred - See Response Body
[2024-12-10T05:31:06.713Z] Error writing to Modbus register: A Modbus Exception Occurred - See Response Body
[2024-12-10T05:31:07.724Z] Error reading or processing Modbus registers: A Modbus Exception Occurred - See Response Body
[2024-12-10T05:31:07.726Z] Error reading register 6507 for IP 10.30.4.128: A Modbus Exception Occurred - See Response Body
[2024-12-10T05:31:07.726Z] Error reading actual data: A Modbus Exception Occurred - See Response Body
[2024-12-10T05:31:07.727Z] Error writing to Modbus register: A Modbus Exception Occurred - See Response Body
[2024-12-10T05:31:08.738Z] Error reading or processing Modbus registers: A Modbus Exception Occurred - See Response Body
[2024-12-10T05:31:08.740Z] Error reading register 6507 for IP 10.30.4.128: A Modbus Exception Occurred - See Response Body
[2024-12-10T05:31:08.741Z] Error reading actual data: A Modbus Exception Occurred - See Response Body
[2024-12-10T05:31:08.742Z] Error writing to Modbus register: A Modbus Exception Occurred - See Response Body
[2024-12-10T05:31:09.752Z] Error reading or processing Modbus registers: A Modbus Exception Occurred - See Response Body
[2024-12-10T05:31:09.754Z] Error reading register 6507 for IP 10.30.4.128: A Modbus Exception Occurred - See Response Body
[2024-12-10T05:31:09.755Z] Error reading actual data: A Modbus Exception Occurred - See Response Body
[2024-12-10T05:31:09.755Z] Error writing to Modbus register: A Modbus Exception Occurred - See Response Body
[2024-12-10T05:31:10.754Z] Error reading or processing Modbus registers: A Modbus Exception Occurred - See Response Body
[2024-12-10T05:31:10.756Z] Error reading register 6507 for IP 10.30.4.128: A Modbus Exception Occurred - See Response Body
[2024-12-10T05:31:10.757Z] Error reading actual data: A Modbus Exception Occurred - See Response Body
[2024-12-10T05:31:10.758Z] Error writing to Modbus register: A Modbus Exception Occurred - See Response Body
[2024-12-10T05:31:11.766Z] Error reading or processing Modbus registers: A Modbus Exception Occurred - See Response Body
[2024-12-10T05:31:11.768Z] Error reading register 6507 for IP 10.30.4.128: A Modbus Exception Occurred - See Response Body
[2024-12-10T05:31:11.769Z] Error reading actual data: A Modbus Exception Occurred - See Response Body
[2024-12-10T05:31:11.769Z] Error writing to Modbus register: A Modbus Exception Occurred - See Response Body
[2024-12-10T05:31:12.766Z] Error reading or processing Modbus registers: A Modbus Exception Occurred - See Response Body
[2024-12-10T05:31:12.768Z] Error reading register 6507 for IP 10.30.4.128: A Modbus Exception Occurred - See Response Body
[2024-12-10T05:31:12.769Z] Error reading actual data: A Modbus Exception Occurred - See Response Body
[2024-12-10T05:31:12.769Z] Error writing to Modbus register: A Modbus Exception Occurred - See Response Body
[2024-12-10T05:31:13.780Z] Error reading or processing Modbus registers: A Modbus Exception Occurred - See Response Body
[2024-12-10T05:31:13.782Z] Error reading register 6507 for IP 10.30.4.128: A Modbus Exception Occurred - See Response Body
[2024-12-10T05:31:13.783Z] Error reading actual data: A Modbus Exception Occurred - See Response Body
[2024-12-10T05:31:13.783Z] Error writing to Modbus register: A Modbus Exception Occurred - See Response Body
[2024-12-10T05:31:14.795Z] Error reading or processing Modbus registers: A Modbus Exception Occurred - See Response Body
[2024-12-10T05:31:14.800Z] Error reading register 6507 for IP 10.30.4.128: A Modbus Exception Occurred - See Response Body
[2024-12-10T05:31:14.800Z] Error reading actual data: A Modbus Exception Occurred - See Response Body
[2024-12-10T05:31:14.801Z] Error writing to Modbus register: A Modbus Exception Occurred - See Response Body
[2024-12-10T05:31:15.796Z] Error reading or processing Modbus registers: A Modbus Exception Occurred - See Response Body
[2024-12-10T05:31:15.798Z] Error reading register 6507 for IP 10.30.4.128: A Modbus Exception Occurred - See Response Body
[2024-12-10T05:31:15.798Z] Error reading actual data: A Modbus Exception Occurred - See Response Body
[2024-12-10T05:31:15.799Z] Error writing to Modbus register: A Modbus Exception Occurred - See Response Body
[2024-12-10T05:31:16.798Z] Error reading or processing Modbus registers: A Modbus Exception Occurred - See Response Body
[2024-12-10T05:31:16.799Z] Error reading register 6507 for IP 10.30.4.128: A Modbus Exception Occurred - See Response Body
[2024-12-10T05:31:16.800Z] Error reading actual data: A Modbus Exception Occurred - See Response Body
[2024-12-10T05:31:16.801Z] Error writing to Modbus register: A Modbus Exception Occurred - See Response Body
[2024-12-10T05:31:17.801Z] Error reading or processing Modbus registers: A Modbus Exception Occurred - See Response Body
[2024-12-10T05:31:17.803Z] Error reading register 6507 for IP 10.30.4.128: A Modbus Exception Occurred - See Response Body
[2024-12-10T05:31:17.804Z] Error reading actual data: A Modbus Exception Occurred - See Response Body
[2024-12-10T05:31:17.804Z] Error writing to Modbus register: A Modbus Exception Occurred - See Response Body
[2024-12-10T05:31:18.801Z] Error reading or processing Modbus registers: A Modbus Exception Occurred - See Response Body
[2024-12-10T05:31:18.803Z] Error reading register 6507 for IP 10.30.4.128: A Modbus Exception Occurred - See Response Body
[2024-12-10T05:31:18.803Z] Error reading actual data: A Modbus Exception Occurred - See Response Body
[2024-12-10T05:31:18.804Z] Error writing to Modbus register: A Modbus Exception Occurred - See Response Body
[2024-12-10T05:31:19.802Z] Error reading or processing Modbus registers: A Modbus Exception Occurred - See Response Body
[2024-12-10T05:31:19.804Z] Error reading register 6507 for IP 10.30.4.128: A Modbus Exception Occurred - See Response Body
[2024-12-10T05:31:19.805Z] Error reading actual data: A Modbus Exception Occurred - See Response Body
[2024-12-10T05:31:19.806Z] Error writing to Modbus register: A Modbus Exception Occurred - See Response Body
[2024-12-10T05:31:20.816Z] Error reading or processing Modbus registers: A Modbus Exception Occurred - See Response Body
[2024-12-10T05:31:20.818Z] Error reading register 6507 for IP 10.30.4.128: A Modbus Exception Occurred - See Response Body
[2024-12-10T05:31:20.818Z] Error reading actual data: A Modbus Exception Occurred - See Response Body
[2024-12-10T05:31:20.819Z] Error writing to Modbus register: A Modbus Exception Occurred - See Response Body
[2024-12-10T05:31:21.828Z] Error reading or processing Modbus registers: A Modbus Exception Occurred - See Response Body
[2024-12-10T05:31:21.830Z] Error reading register 6507 for IP 10.30.4.128: A Modbus Exception Occurred - See Response Body
[2024-12-10T05:31:21.830Z] Error reading actual data: A Modbus Exception Occurred - See Response Body
[2024-12-10T05:31:21.830Z] Error writing to Modbus register: A Modbus Exception Occurred - See Response Body
[2024-12-10T05:31:22.829Z] Error reading or processing Modbus registers: A Modbus Exception Occurred - See Response Body
[2024-12-10T05:31:22.831Z] Error reading register 6507 for IP 10.30.4.128: A Modbus Exception Occurred - See Response Body
[2024-12-10T05:31:22.832Z] Error reading actual data: A Modbus Exception Occurred - See Response Body
[2024-12-10T05:31:22.832Z] Error writing to Modbus register: A Modbus Exception Occurred - See Response Body
[2024-12-10T05:31:23.843Z] Error reading or processing Modbus registers: A Modbus Exception Occurred - See Response Body
[2024-12-10T05:31:23.845Z] Error reading register 6507 for IP 10.30.4.128: A Modbus Exception Occurred - See Response Body
[2024-12-10T05:31:23.846Z] Error reading actual data: A Modbus Exception Occurred - See Response Body
[2024-12-10T05:31:23.847Z] Error writing to Modbus register: A Modbus Exception Occurred - See Response Body
[2024-12-10T05:31:24.856Z] Error reading or processing Modbus registers: A Modbus Exception Occurred - See Response Body
[2024-12-10T05:31:24.858Z] Error reading register 6507 for IP 10.30.4.128: A Modbus Exception Occurred - See Response Body
[2024-12-10T05:31:24.859Z] Error reading actual data: A Modbus Exception Occurred - See Response Body
[2024-12-10T05:31:24.859Z] Error writing to Modbus register: A Modbus Exception Occurred - See Response Body
[2024-12-10T05:31:25.871Z] Error reading or processing Modbus registers: A Modbus Exception Occurred - See Response Body
[2024-12-10T05:31:25.873Z] Error reading register 6507 for IP 10.30.4.128: A Modbus Exception Occurred - See Response Body
[2024-12-10T05:31:25.874Z] Error reading actual data: A Modbus Exception Occurred - See Response Body
[2024-12-10T05:31:25.876Z] Error writing to Modbus register: A Modbus Exception Occurred - See Response Body
[2024-12-10T05:31:26.872Z] Error reading or processing Modbus registers: A Modbus Exception Occurred - See Response Body
[2024-12-10T05:31:26.874Z] Error reading register 6507 for IP 10.30.4.128: A Modbus Exception Occurred - See Response Body
[2024-12-10T05:31:26.875Z] Error reading actual data: A Modbus Exception Occurred - See Response Body
[2024-12-10T05:31:26.875Z] Error writing to Modbus register: A Modbus Exception Occurred - See Response Body
[2024-12-10T05:31:27.887Z] Error reading or processing Modbus registers: A Modbus Exception Occurred - See Response Body
[2024-12-10T05:31:27.889Z] Error reading register 6507 for IP 10.30.4.128: A Modbus Exception Occurred - See Response Body
[2024-12-10T05:31:27.890Z] Error reading actual data: A Modbus Exception Occurred - See Response Body
[2024-12-10T05:31:27.890Z] Error writing to Modbus register: A Modbus Exception Occurred - See Response Body
[2024-12-10T05:31:28.892Z] Error reading or processing Modbus registers: A Modbus Exception Occurred - See Response Body
[2024-12-10T05:31:28.894Z] Error reading register 6507 for IP 10.30.4.128: A Modbus Exception Occurred - See Response Body
[2024-12-10T05:31:28.895Z] Error reading actual data: A Modbus Exception Occurred - See Response Body
[2024-12-10T05:31:28.895Z] Error writing to Modbus register: A Modbus Exception Occurred - See Response Body
[2024-12-10T05:31:29.895Z] Error reading or processing Modbus registers: A Modbus Exception Occurred - See Response Body
[2024-12-10T05:31:29.897Z] Error reading register 6507 for IP 10.30.4.128: A Modbus Exception Occurred - See Response Body
[2024-12-10T05:31:29.898Z] Error reading actual data: A Modbus Exception Occurred - See Response Body
[2024-12-10T05:31:29.898Z] Error writing to Modbus register: A Modbus Exception Occurred - See Response Body
[2024-12-10T05:31:30.895Z] Error reading or processing Modbus registers: A Modbus Exception Occurred - See Response Body
[2024-12-10T05:31:30.897Z] Error reading register 6507 for IP 10.30.4.128: A Modbus Exception Occurred - See Response Body
[2024-12-10T05:31:30.897Z] Error reading actual data: A Modbus Exception Occurred - See Response Body
[2024-12-10T05:31:30.898Z] Error writing to Modbus register: A Modbus Exception Occurred - See Response Body
[2024-12-10T05:31:31.909Z] Error reading or processing Modbus registers: A Modbus Exception Occurred - See Response Body
[2024-12-10T05:31:31.911Z] Error reading register 6507 for IP 10.30.4.128: A Modbus Exception Occurred - See Response Body
[2024-12-10T05:31:31.912Z] Error reading actual data: A Modbus Exception Occurred - See Response Body
[2024-12-10T05:31:31.912Z] Error writing to Modbus register: A Modbus Exception Occurred - See Response Body
[2024-12-10T05:31:32.909Z] Error reading or processing Modbus registers: A Modbus Exception Occurred - See Response Body
[2024-12-10T05:31:32.911Z] Error reading register 6507 for IP 10.30.4.128: A Modbus Exception Occurred - See Response Body
[2024-12-10T05:31:32.912Z] Error reading actual data: A Modbus Exception Occurred - See Response Body
[2024-12-10T05:31:32.913Z] Error writing to Modbus register: A Modbus Exception Occurred - See Response Body
[2024-12-10T05:31:33.909Z] Error reading or processing Modbus registers: A Modbus Exception Occurred - See Response Body
[2024-12-10T05:31:33.911Z] Error reading register 6507 for IP 10.30.4.128: A Modbus Exception Occurred - See Response Body
[2024-12-10T05:31:33.912Z] Error reading actual data: A Modbus Exception Occurred - See Response Body
[2024-12-10T05:31:33.912Z] Error writing to Modbus register: A Modbus Exception Occurred - See Response Body
[2024-12-10T05:31:34.924Z] Error reading or processing Modbus registers: A Modbus Exception Occurred - See Response Body
[2024-12-10T05:31:34.927Z] Error reading register 6507 for IP 10.30.4.128: A Modbus Exception Occurred - See Response Body
[2024-12-10T05:31:34.927Z] Error reading actual data: A Modbus Exception Occurred - See Response Body
[2024-12-10T05:31:34.928Z] Error writing to Modbus register: A Modbus Exception Occurred - See Response Body
[2024-12-10T05:31:35.925Z] Error reading or processing Modbus registers: A Modbus Exception Occurred - See Response Body
[2024-12-10T05:31:35.928Z] Error reading register 6507 for IP 10.30.4.128: A Modbus Exception Occurred - See Response Body
[2024-12-10T05:31:35.928Z] Error reading actual data: A Modbus Exception Occurred - See Response Body
[2024-12-10T05:31:35.929Z] Error writing to Modbus register: A Modbus Exception Occurred - See Response Body
[2024-12-10T05:31:36.940Z] Error reading or processing Modbus registers: A Modbus Exception Occurred - See Response Body
[2024-12-10T05:31:36.942Z] Error reading register 6507 for IP 10.30.4.128: A Modbus Exception Occurred - See Response Body
[2024-12-10T05:31:36.942Z] Error reading actual data: A Modbus Exception Occurred - See Response Body
[2024-12-10T05:31:36.943Z] Error writing to Modbus register: A Modbus Exception Occurred - See Response Body
[2024-12-10T05:31:37.952Z] Error reading or processing Modbus registers: A Modbus Exception Occurred - See Response Body
[2024-12-10T05:31:37.954Z] Error reading register 6507 for IP 10.30.4.128: A Modbus Exception Occurred - See Response Body
[2024-12-10T05:31:37.955Z] Error reading actual data: A Modbus Exception Occurred - See Response Body
[2024-12-10T05:31:37.955Z] Error writing to Modbus register: A Modbus Exception Occurred - See Response Body
[2024-12-10T05:31:38.952Z] Error reading or processing Modbus registers: A Modbus Exception Occurred - See Response Body
[2024-12-10T05:31:38.955Z] Error reading register 6507 for IP 10.30.4.128: A Modbus Exception Occurred - See Response Body
[2024-12-10T05:31:38.956Z] Error reading actual data: A Modbus Exception Occurred - See Response Body
[2024-12-10T05:31:38.956Z] Error writing to Modbus register: A Modbus Exception Occurred - See Response Body
[2024-12-10T05:31:39.968Z] Error reading or processing Modbus registers: A Modbus Exception Occurred - See Response Body
[2024-12-10T05:31:39.970Z] Error reading register 6507 for IP 10.30.4.128: A Modbus Exception Occurred - See Response Body
[2024-12-10T05:31:39.970Z] Error reading actual data: A Modbus Exception Occurred - See Response Body
[2024-12-10T05:31:39.971Z] Error writing to Modbus register: A Modbus Exception Occurred - See Response Body
[2024-12-10T05:31:40.969Z] Error reading or processing Modbus registers: A Modbus Exception Occurred - See Response Body
[2024-12-10T05:31:40.971Z] Error reading register 6507 for IP 10.30.4.128: A Modbus Exception Occurred - See Response Body
[2024-12-10T05:31:40.972Z] Error reading actual data: A Modbus Exception Occurred - See Response Body
[2024-12-10T05:31:40.973Z] Error writing to Modbus register: A Modbus Exception Occurred - See Response Body
[2024-12-10T05:31:41.980Z] Error reading or processing Modbus registers: A Modbus Exception Occurred - See Response Body
[2024-12-10T05:31:41.982Z] Error reading register 6507 for IP 10.30.4.128: A Modbus Exception Occurred - See Response Body
[2024-12-10T05:31:41.983Z] Error reading actual data: A Modbus Exception Occurred - See Response Body
[2024-12-10T05:31:41.984Z] Error writing to Modbus register: A Modbus Exception Occurred - See Response Body
[2024-12-10T05:31:42.994Z] Error reading or processing Modbus registers: A Modbus Exception Occurred - See Response Body
[2024-12-10T05:31:42.996Z] Error reading register 6507 for IP 10.30.4.128: A Modbus Exception Occurred - See Response Body
[2024-12-10T05:31:42.997Z] Error reading actual data: A Modbus Exception Occurred - See Response Body
[2024-12-10T05:31:42.997Z] Error writing to Modbus register: A Modbus Exception Occurred - See Response Body
[2024-12-10T05:31:43.993Z] Error reading or processing Modbus registers: A Modbus Exception Occurred - See Response Body
[2024-12-10T05:31:43.996Z] Error reading register 6507 for IP 10.30.4.128: A Modbus Exception Occurred - See Response Body
[2024-12-10T05:31:43.996Z] Error reading actual data: A Modbus Exception Occurred - See Response Body
[2024-12-10T05:31:43.997Z] Error writing to Modbus register: A Modbus Exception Occurred - See Response Body
[2024-12-10T05:31:44.994Z] Error reading or processing Modbus registers: A Modbus Exception Occurred - See Response Body
[2024-12-10T05:31:44.997Z] Error reading register 6507 for IP 10.30.4.128: A Modbus Exception Occurred - See Response Body
[2024-12-10T05:31:44.997Z] Error reading actual data: A Modbus Exception Occurred - See Response Body
[2024-12-10T05:31:44.998Z] Error writing to Modbus register: A Modbus Exception Occurred - See Response Body
[2024-12-10T05:31:46.007Z] Error reading or processing Modbus registers: A Modbus Exception Occurred - See Response Body
[2024-12-10T05:31:46.009Z] Error reading register 6507 for IP 10.30.4.128: A Modbus Exception Occurred - See Response Body
[2024-12-10T05:31:46.009Z] Error reading actual data: A Modbus Exception Occurred - See Response Body
[2024-12-10T05:31:46.010Z] Error writing to Modbus register: A Modbus Exception Occurred - See Response Body
[2024-12-10T05:31:47.021Z] Error reading or processing Modbus registers: A Modbus Exception Occurred - See Response Body
[2024-12-10T05:31:47.024Z] Error reading register 6507 for IP 10.30.4.128: A Modbus Exception Occurred - See Response Body
[2024-12-10T05:31:47.024Z] Error reading actual data: A Modbus Exception Occurred - See Response Body
[2024-12-10T05:31:47.025Z] Error writing to Modbus register: A Modbus Exception Occurred - See Response Body
[2024-12-10T05:31:48.022Z] Error reading or processing Modbus registers: A Modbus Exception Occurred - See Response Body
[2024-12-10T05:31:48.024Z] Error reading register 6507 for IP 10.30.4.128: A Modbus Exception Occurred - See Response Body
[2024-12-10T05:31:48.024Z] Error reading actual data: A Modbus Exception Occurred - See Response Body
[2024-12-10T05:31:48.025Z] Error writing to Modbus register: A Modbus Exception Occurred - See Response Body
[2024-12-10T05:31:49.024Z] Error reading or processing Modbus registers: A Modbus Exception Occurred - See Response Body
[2024-12-10T05:31:49.026Z] Error reading register 6507 for IP 10.30.4.128: A Modbus Exception Occurred - See Response Body
[2024-12-10T05:31:49.026Z] Error reading actual data: A Modbus Exception Occurred - See Response Body
[2024-12-10T05:31:49.027Z] Error writing to Modbus register: A Modbus Exception Occurred - See Response Body
[2024-12-10T05:31:50.037Z] Error reading or processing Modbus registers: A Modbus Exception Occurred - See Response Body
[2024-12-10T05:31:50.040Z] Error reading register 6507 for IP 10.30.4.128: A Modbus Exception Occurred - See Response Body
[2024-12-10T05:31:50.040Z] Error reading actual data: A Modbus Exception Occurred - See Response Body
[2024-12-10T05:31:50.041Z] Error writing to Modbus register: A Modbus Exception Occurred - See Response Body
[2024-12-10T05:31:51.052Z] Error reading or processing Modbus registers: A Modbus Exception Occurred - See Response Body
[2024-12-10T05:31:51.054Z] Error reading register 6507 for IP 10.30.4.128: A Modbus Exception Occurred - See Response Body
[2024-12-10T05:31:51.055Z] Error reading actual data: A Modbus Exception Occurred - See Response Body
[2024-12-10T05:31:51.055Z] Error writing to Modbus register: A Modbus Exception Occurred - See Response Body
[2024-12-10T05:31:52.053Z] Error reading or processing Modbus registers: A Modbus Exception Occurred - See Response Body
[2024-12-10T05:31:52.055Z] Error reading register 6507 for IP 10.30.4.128: A Modbus Exception Occurred - See Response Body
[2024-12-10T05:31:52.056Z] Error reading actual data: A Modbus Exception Occurred - See Response Body
[2024-12-10T05:31:52.056Z] Error writing to Modbus register: A Modbus Exception Occurred - See Response Body
[2024-12-10T05:31:53.066Z] Error reading or processing Modbus registers: A Modbus Exception Occurred - See Response Body
[2024-12-10T05:31:53.068Z] Error reading register 6507 for IP 10.30.4.128: A Modbus Exception Occurred - See Response Body
[2024-12-10T05:31:53.068Z] Error reading actual data: A Modbus Exception Occurred - See Response Body
[2024-12-10T05:31:53.069Z] Error writing to Modbus register: A Modbus Exception Occurred - See Response Body
[2024-12-10T05:31:54.066Z] Error reading or processing Modbus registers: A Modbus Exception Occurred - See Response Body
[2024-12-10T05:31:54.068Z] Error reading register 6507 for IP 10.30.4.128: A Modbus Exception Occurred - See Response Body
[2024-12-10T05:31:54.068Z] Error reading actual data: A Modbus Exception Occurred - See Response Body
[2024-12-10T05:31:54.069Z] Error writing to Modbus register: A Modbus Exception Occurred - See Response Body
[2024-12-10T05:31:55.080Z] Error reading or processing Modbus registers: A Modbus Exception Occurred - See Response Body
[2024-12-10T05:31:55.083Z] Error reading register 6507 for IP 10.30.4.128: A Modbus Exception Occurred - See Response Body
[2024-12-10T05:31:55.083Z] Error reading actual data: A Modbus Exception Occurred - See Response Body
[2024-12-10T05:31:55.084Z] Error writing to Modbus register: A Modbus Exception Occurred - See Response Body
[2024-12-10T05:31:56.081Z] Error reading or processing Modbus registers: A Modbus Exception Occurred - See Response Body
[2024-12-10T05:31:56.083Z] Error reading register 6507 for IP 10.30.4.128: A Modbus Exception Occurred - See Response Body
[2024-12-10T05:31:56.083Z] Error reading actual data: A Modbus Exception Occurred - See Response Body
[2024-12-10T05:31:56.084Z] Error writing to Modbus register: A Modbus Exception Occurred - See Response Body
[2024-12-10T05:31:57.081Z] Error reading or processing Modbus registers: A Modbus Exception Occurred - See Response Body
[2024-12-10T05:31:57.083Z] Error reading register 6507 for IP 10.30.4.128: A Modbus Exception Occurred - See Response Body
[2024-12-10T05:31:57.084Z] Error reading actual data: A Modbus Exception Occurred - See Response Body
[2024-12-10T05:31:57.084Z] Error writing to Modbus register: A Modbus Exception Occurred - See Response Body
[2024-12-10T05:31:58.094Z] Error reading or processing Modbus registers: A Modbus Exception Occurred - See Response Body
[2024-12-10T05:31:58.097Z] Error reading register 6507 for IP 10.30.4.128: A Modbus Exception Occurred - See Response Body
[2024-12-10T05:31:58.098Z] Error reading actual data: A Modbus Exception Occurred - See Response Body
[2024-12-10T05:31:58.099Z] Error writing to Modbus register: A Modbus Exception Occurred - See Response Body
[2024-12-10T05:31:59.096Z] Error reading or processing Modbus registers: A Modbus Exception Occurred - See Response Body
[2024-12-10T05:31:59.098Z] Error reading register 6507 for IP 10.30.4.128: A Modbus Exception Occurred - See Response Body
[2024-12-10T05:31:59.099Z] Error reading actual data: A Modbus Exception Occurred - See Response Body
[2024-12-10T05:31:59.099Z] Error writing to Modbus register: A Modbus Exception Occurred - See Response Body
[2024-12-10T05:32:00.099Z] Error reading or processing Modbus registers: A Modbus Exception Occurred - See Response Body
[2024-12-10T05:32:00.101Z] Error reading register 6507 for IP 10.30.4.128: A Modbus Exception Occurred - See Response Body
[2024-12-10T05:32:00.102Z] Error reading actual data: A Modbus Exception Occurred - See Response Body
[2024-12-10T05:32:00.102Z] Error writing to Modbus register: A Modbus Exception Occurred - See Response Body
[2024-12-10T05:32:01.099Z] Error reading or processing Modbus registers: A Modbus Exception Occurred - See Response Body
[2024-12-10T05:32:01.101Z] Error reading register 6507 for IP 10.30.4.128: A Modbus Exception Occurred - See Response Body
[2024-12-10T05:32:01.102Z] Error reading actual data: A Modbus Exception Occurred - See Response Body
[2024-12-10T05:32:01.102Z] Error writing to Modbus register: A Modbus Exception Occurred - See Response Body
[2024-12-10T05:32:02.103Z] Error reading or processing Modbus registers: A Modbus Exception Occurred - See Response Body
[2024-12-10T05:32:02.105Z] Error reading register 6507 for IP 10.30.4.128: A Modbus Exception Occurred - See Response Body
[2024-12-10T05:32:02.105Z] Error reading actual data: A Modbus Exception Occurred - See Response Body
[2024-12-10T05:32:02.106Z] Error writing to Modbus register: A Modbus Exception Occurred - See Response Body
[2024-12-10T05:32:03.116Z] Error reading or processing Modbus registers: A Modbus Exception Occurred - See Response Body
[2024-12-10T05:32:03.119Z] Error reading register 6507 for IP 10.30.4.128: A Modbus Exception Occurred - See Response Body
[2024-12-10T05:32:03.120Z] Error reading actual data: A Modbus Exception Occurred - See Response Body
[2024-12-10T05:32:03.121Z] Error writing to Modbus register: A Modbus Exception Occurred - See Response Body
[2024-12-10T05:32:04.129Z] Error reading or processing Modbus registers: A Modbus Exception Occurred - See Response Body
[2024-12-10T05:32:04.131Z] Error reading register 6507 for IP 10.30.4.128: A Modbus Exception Occurred - See Response Body
[2024-12-10T05:32:04.132Z] Error reading actual data: A Modbus Exception Occurred - See Response Body
[2024-12-10T05:32:04.133Z] Error writing to Modbus register: A Modbus Exception Occurred - See Response Body
[2024-12-10T05:32:05.143Z] Error reading or processing Modbus registers: A Modbus Exception Occurred - See Response Body
[2024-12-10T05:32:05.146Z] Error reading register 6507 for IP 10.30.4.128: A Modbus Exception Occurred - See Response Body
[2024-12-10T05:32:05.147Z] Error reading actual data: A Modbus Exception Occurred - See Response Body
[2024-12-10T05:32:05.147Z] Error writing to Modbus register: A Modbus Exception Occurred - See Response Body
[2024-12-10T05:32:06.157Z] Error reading or processing Modbus registers: A Modbus Exception Occurred - See Response Body
[2024-12-10T05:32:06.159Z] Error reading register 6507 for IP 10.30.4.128: A Modbus Exception Occurred - See Response Body
[2024-12-10T05:32:06.160Z] Error reading actual data: A Modbus Exception Occurred - See Response Body
[2024-12-10T05:32:06.160Z] Error writing to Modbus register: A Modbus Exception Occurred - See Response Body
[2024-12-10T05:32:07.167Z] Error reading or processing Modbus registers: A Modbus Exception Occurred - See Response Body
[2024-12-10T05:32:07.170Z] Error reading register 6507 for IP 10.30.4.128: A Modbus Exception Occurred - See Response Body
[2024-12-10T05:32:07.171Z] Error reading actual data: A Modbus Exception Occurred - See Response Body
[2024-12-10T05:32:07.171Z] Error writing to Modbus register: A Modbus Exception Occurred - See Response Body
[2024-12-10T05:32:08.177Z] Error reading or processing Modbus registers: A Modbus Exception Occurred - See Response Body
[2024-12-10T05:32:08.180Z] Error reading register 6507 for IP 10.30.4.128: A Modbus Exception Occurred - See Response Body
[2024-12-10T05:32:08.180Z] Error reading actual data: A Modbus Exception Occurred - See Response Body
[2024-12-10T05:32:08.181Z] Error writing to Modbus register: A Modbus Exception Occurred - See Response Body
[2024-12-10T05:32:09.189Z] Error reading or processing Modbus registers: A Modbus Exception Occurred - See Response Body
[2024-12-10T05:32:09.191Z] Error reading register 6507 for IP 10.30.4.128: A Modbus Exception Occurred - See Response Body
[2024-12-10T05:32:09.192Z] Error reading actual data: A Modbus Exception Occurred - See Response Body
[2024-12-10T05:32:09.193Z] Error writing to Modbus register: A Modbus Exception Occurred - See Response Body
[2024-12-10T05:32:10.202Z] Error reading or processing Modbus registers: A Modbus Exception Occurred - See Response Body
[2024-12-10T05:32:10.204Z] Error reading register 6507 for IP 10.30.4.128: A Modbus Exception Occurred - See Response Body
[2024-12-10T05:32:10.204Z] Error reading actual data: A Modbus Exception Occurred - See Response Body
[2024-12-10T05:32:10.205Z] Error writing to Modbus register: A Modbus Exception Occurred - See Response Body
[2024-12-10T05:32:11.215Z] Error reading or processing Modbus registers: A Modbus Exception Occurred - See Response Body
[2024-12-10T05:32:11.218Z] Error reading register 6507 for IP 10.30.4.128: A Modbus Exception Occurred - See Response Body
[2024-12-10T05:32:11.218Z] Error reading actual data: A Modbus Exception Occurred - See Response Body
[2024-12-10T05:32:11.219Z] Error writing to Modbus register: A Modbus Exception Occurred - See Response Body
[2024-12-10T05:32:12.225Z] Error reading or processing Modbus registers: A Modbus Exception Occurred - See Response Body
[2024-12-10T05:32:12.227Z] Error reading register 6507 for IP 10.30.4.128: A Modbus Exception Occurred - See Response Body
[2024-12-10T05:32:12.227Z] Error reading actual data: A Modbus Exception Occurred - See Response Body
[2024-12-10T05:32:12.228Z] Error writing to Modbus register: A Modbus Exception Occurred - See Response Body
[2024-12-10T05:32:13.234Z] Error reading or processing Modbus registers: A Modbus Exception Occurred - See Response Body
[2024-12-10T05:32:13.236Z] Error reading register 6507 for IP 10.30.4.128: A Modbus Exception Occurred - See Response Body
[2024-12-10T05:32:13.237Z] Error reading actual data: A Modbus Exception Occurred - See Response Body
[2024-12-10T05:32:13.237Z] Error writing to Modbus register: A Modbus Exception Occurred - See Response Body
[2024-12-10T05:32:14.246Z] Error reading or processing Modbus registers: A Modbus Exception Occurred - See Response Body
[2024-12-10T05:32:14.248Z] Error reading register 6507 for IP 10.30.4.128: A Modbus Exception Occurred - See Response Body
[2024-12-10T05:32:14.249Z] Error reading actual data: A Modbus Exception Occurred - See Response Body
[2024-12-10T05:32:14.249Z] Error writing to Modbus register: A Modbus Exception Occurred - See Response Body
[2024-12-10T05:32:15.259Z] Error reading or processing Modbus registers: A Modbus Exception Occurred - See Response Body
[2024-12-10T05:32:15.262Z] Error reading register 6507 for IP 10.30.4.128: A Modbus Exception Occurred - See Response Body
[2024-12-10T05:32:15.262Z] Error reading actual data: A Modbus Exception Occurred - See Response Body
[2024-12-10T05:32:15.263Z] Error writing to Modbus register: A Modbus Exception Occurred - See Response Body
[2024-12-10T05:32:16.273Z] Error reading or processing Modbus registers: A Modbus Exception Occurred - See Response Body
[2024-12-10T05:32:16.275Z] Error reading register 6507 for IP 10.30.4.128: A Modbus Exception Occurred - See Response Body
[2024-12-10T05:32:16.276Z] Error reading actual data: A Modbus Exception Occurred - See Response Body
[2024-12-10T05:32:16.276Z] Error writing to Modbus register: A Modbus Exception Occurred - See Response Body
[2024-12-10T05:32:17.273Z] Error reading or processing Modbus registers: A Modbus Exception Occurred - See Response Body
[2024-12-10T05:32:17.275Z] Error reading register 6507 for IP 10.30.4.128: A Modbus Exception Occurred - See Response Body
[2024-12-10T05:32:17.276Z] Error reading actual data: A Modbus Exception Occurred - See Response Body
[2024-12-10T05:32:17.276Z] Error writing to Modbus register: A Modbus Exception Occurred - See Response Body
[2024-12-10T05:32:18.286Z] Error reading or processing Modbus registers: A Modbus Exception Occurred - See Response Body
[2024-12-10T05:32:18.288Z] Error reading register 6507 for IP 10.30.4.128: A Modbus Exception Occurred - See Response Body
[2024-12-10T05:32:18.288Z] Error reading actual data: A Modbus Exception Occurred - See Response Body
[2024-12-10T05:32:18.289Z] Error writing to Modbus register: A Modbus Exception Occurred - See Response Body
[2024-12-10T05:32:19.300Z] Error reading or processing Modbus registers: A Modbus Exception Occurred - See Response Body
[2024-12-10T05:32:19.302Z] Error reading register 6507 for IP 10.30.4.128: A Modbus Exception Occurred - See Response Body
[2024-12-10T05:32:19.303Z] Error reading actual data: A Modbus Exception Occurred - See Response Body
[2024-12-10T05:32:19.304Z] Error writing to Modbus register: A Modbus Exception Occurred - See Response Body
[2024-12-10T05:32:20.311Z] Error reading or processing Modbus registers: A Modbus Exception Occurred - See Response Body
[2024-12-10T05:32:20.313Z] Error reading register 6507 for IP 10.30.4.128: A Modbus Exception Occurred - See Response Body
[2024-12-10T05:32:20.314Z] Error reading actual data: A Modbus Exception Occurred - See Response Body
[2024-12-10T05:32:20.315Z] Error writing to Modbus register: A Modbus Exception Occurred - See Response Body
[2024-12-10T05:32:21.324Z] Error reading or processing Modbus registers: A Modbus Exception Occurred - See Response Body
[2024-12-10T05:32:21.327Z] Error reading register 6507 for IP 10.30.4.128: A Modbus Exception Occurred - See Response Body
[2024-12-10T05:32:21.327Z] Error reading actual data: A Modbus Exception Occurred - See Response Body
[2024-12-10T05:32:21.328Z] Error writing to Modbus register: A Modbus Exception Occurred - See Response Body
[2024-12-10T05:32:22.333Z] Error reading or processing Modbus registers: A Modbus Exception Occurred - See Response Body
[2024-12-10T05:32:22.335Z] Error reading register 6507 for IP 10.30.4.128: A Modbus Exception Occurred - See Response Body
[2024-12-10T05:32:22.336Z] Error reading actual data: A Modbus Exception Occurred - See Response Body
[2024-12-10T05:32:22.337Z] Error writing to Modbus register: A Modbus Exception Occurred - See Response Body
[2024-12-10T05:32:23.344Z] Error reading or processing Modbus registers: A Modbus Exception Occurred - See Response Body
[2024-12-10T05:32:23.346Z] Error reading register 6507 for IP 10.30.4.128: A Modbus Exception Occurred - See Response Body
[2024-12-10T05:32:23.346Z] Error reading actual data: A Modbus Exception Occurred - See Response Body
[2024-12-10T05:32:23.347Z] Error writing to Modbus register: A Modbus Exception Occurred - See Response Body
[2024-12-10T05:32:24.356Z] Error reading or processing Modbus registers: A Modbus Exception Occurred - See Response Body
[2024-12-10T05:32:24.358Z] Error reading register 6507 for IP 10.30.4.128: A Modbus Exception Occurred - See Response Body
[2024-12-10T05:32:24.359Z] Error reading actual data: A Modbus Exception Occurred - See Response Body
[2024-12-10T05:32:24.360Z] Error writing to Modbus register: A Modbus Exception Occurred - See Response Body
[2024-12-10T05:32:25.372Z] Error reading or processing Modbus registers: A Modbus Exception Occurred - See Response Body
[2024-12-10T05:32:25.374Z] Error reading register 6507 for IP 10.30.4.128: A Modbus Exception Occurred - See Response Body
[2024-12-10T05:32:25.374Z] Error reading actual data: A Modbus Exception Occurred - See Response Body
[2024-12-10T05:32:25.375Z] Error writing to Modbus register: A Modbus Exception Occurred - See Response Body
[2024-12-10T05:32:26.384Z] Error reading or processing Modbus registers: A Modbus Exception Occurred - See Response Body
[2024-12-10T05:32:26.389Z] Error reading register 6507 for IP 10.30.4.128: A Modbus Exception Occurred - See Response Body
[2024-12-10T05:32:26.390Z] Error reading actual data: A Modbus Exception Occurred - See Response Body
[2024-12-10T05:32:26.390Z] Error writing to Modbus register: A Modbus Exception Occurred - See Response Body
[2024-12-10T05:32:27.386Z] Error reading or processing Modbus registers: A Modbus Exception Occurred - See Response Body
[2024-12-10T05:32:27.391Z] Error reading register 6507 for IP 10.30.4.128: A Modbus Exception Occurred - See Response Body
[2024-12-10T05:32:27.392Z] Error reading actual data: A Modbus Exception Occurred - See Response Body
[2024-12-10T05:32:27.393Z] Error writing to Modbus register: A Modbus Exception Occurred - See Response Body
[2024-12-10T05:32:28.388Z] Error reading or processing Modbus registers: A Modbus Exception Occurred - See Response Body
[2024-12-10T05:32:28.392Z] Error reading register 6507 for IP 10.30.4.128: A Modbus Exception Occurred - See Response Body
[2024-12-10T05:32:28.393Z] Error reading actual data: A Modbus Exception Occurred - See Response Body
[2024-12-10T05:32:28.394Z] Error writing to Modbus register: A Modbus Exception Occurred - See Response Body
[2024-12-10T05:32:29.403Z] Error reading or processing Modbus registers: A Modbus Exception Occurred - See Response Body
[2024-12-10T05:32:29.405Z] Error reading register 6507 for IP 10.30.4.128: A Modbus Exception Occurred - See Response Body
[2024-12-10T05:32:29.406Z] Error reading actual data: A Modbus Exception Occurred - See Response Body
[2024-12-10T05:32:29.406Z] Error writing to Modbus register: A Modbus Exception Occurred - See Response Body
[2024-12-10T05:32:30.413Z] Error reading or processing Modbus registers: A Modbus Exception Occurred - See Response Body
[2024-12-10T05:32:30.415Z] Error reading register 6507 for IP 10.30.4.128: A Modbus Exception Occurred - See Response Body
[2024-12-10T05:32:30.415Z] Error reading actual data: A Modbus Exception Occurred - See Response Body
[2024-12-10T05:32:30.416Z] Error writing to Modbus register: A Modbus Exception Occurred - See Response Body
[2024-12-10T05:32:31.423Z] Error reading or processing Modbus registers: A Modbus Exception Occurred - See Response Body
[2024-12-10T05:32:31.425Z] Error reading register 6507 for IP 10.30.4.128: A Modbus Exception Occurred - See Response Body
[2024-12-10T05:32:31.426Z] Error reading actual data: A Modbus Exception Occurred - See Response Body
[2024-12-10T05:32:31.426Z] Error writing to Modbus register: A Modbus Exception Occurred - See Response Body
[2024-12-10T05:32:32.423Z] Error reading or processing Modbus registers: A Modbus Exception Occurred - See Response Body
[2024-12-10T05:32:32.425Z] Error reading register 6507 for IP 10.30.4.128: A Modbus Exception Occurred - See Response Body
[2024-12-10T05:32:32.426Z] Error reading actual data: A Modbus Exception Occurred - See Response Body
[2024-12-10T05:32:32.426Z] Error writing to Modbus register: A Modbus Exception Occurred - See Response Body
[2024-12-10T05:32:33.426Z] Error reading or processing Modbus registers: A Modbus Exception Occurred - See Response Body
[2024-12-10T05:32:33.428Z] Error reading register 6507 for IP 10.30.4.128: A Modbus Exception Occurred - See Response Body
[2024-12-10T05:32:33.428Z] Error reading actual data: A Modbus Exception Occurred - See Response Body
[2024-12-10T05:32:33.429Z] Error writing to Modbus register: A Modbus Exception Occurred - See Response Body
[2024-12-10T05:32:34.426Z] Error reading or processing Modbus registers: A Modbus Exception Occurred - See Response Body
[2024-12-10T05:32:34.428Z] Error reading register 6507 for IP 10.30.4.128: A Modbus Exception Occurred - See Response Body
[2024-12-10T05:32:34.429Z] Error reading actual data: A Modbus Exception Occurred - See Response Body
[2024-12-10T05:32:34.430Z] Error writing to Modbus register: A Modbus Exception Occurred - See Response Body
[2024-12-10T05:32:35.439Z] Error reading or processing Modbus registers: A Modbus Exception Occurred - See Response Body
[2024-12-10T05:32:35.441Z] Error reading register 6507 for IP 10.30.4.128: A Modbus Exception Occurred - See Response Body
[2024-12-10T05:32:35.441Z] Error reading actual data: A Modbus Exception Occurred - See Response Body
[2024-12-10T05:32:35.443Z] Error writing to Modbus register: A Modbus Exception Occurred - See Response Body
[2024-12-10T05:32:36.449Z] Error reading or processing Modbus registers: A Modbus Exception Occurred - See Response Body
[2024-12-10T05:32:36.451Z] Error reading register 6507 for IP 10.30.4.128: A Modbus Exception Occurred - See Response Body
[2024-12-10T05:32:36.452Z] Error reading actual data: A Modbus Exception Occurred - See Response Body
[2024-12-10T05:32:36.453Z] Error writing to Modbus register: A Modbus Exception Occurred - See Response Body
[2024-12-10T05:32:37.463Z] Error reading or processing Modbus registers: A Modbus Exception Occurred - See Response Body
[2024-12-10T05:32:37.465Z] Error reading register 6507 for IP 10.30.4.128: A Modbus Exception Occurred - See Response Body
[2024-12-10T05:32:37.465Z] Error reading actual data: A Modbus Exception Occurred - See Response Body
[2024-12-10T05:32:37.466Z] Error writing to Modbus register: A Modbus Exception Occurred - See Response Body
[2024-12-10T05:32:38.476Z] Error reading or processing Modbus registers: A Modbus Exception Occurred - See Response Body
[2024-12-10T05:32:38.479Z] Error reading register 6507 for IP 10.30.4.128: A Modbus Exception Occurred - See Response Body
[2024-12-10T05:32:38.479Z] Error reading actual data: A Modbus Exception Occurred - See Response Body
[2024-12-10T05:32:38.480Z] Error writing to Modbus register: A Modbus Exception Occurred - See Response Body
[2024-12-10T05:32:39.490Z] Error reading or processing Modbus registers: A Modbus Exception Occurred - See Response Body
[2024-12-10T05:32:39.492Z] Error reading register 6507 for IP 10.30.4.128: A Modbus Exception Occurred - See Response Body
[2024-12-10T05:32:39.493Z] Error reading actual data: A Modbus Exception Occurred - See Response Body
[2024-12-10T05:32:39.493Z] Error writing to Modbus register: A Modbus Exception Occurred - See Response Body
[2024-12-10T05:32:40.501Z] Error reading or processing Modbus registers: A Modbus Exception Occurred - See Response Body
[2024-12-10T05:32:40.503Z] Error reading register 6507 for IP 10.30.4.128: A Modbus Exception Occurred - See Response Body
[2024-12-10T05:32:40.504Z] Error reading actual data: A Modbus Exception Occurred - See Response Body
[2024-12-10T05:32:40.505Z] Error writing to Modbus register: A Modbus Exception Occurred - See Response Body
[2024-12-10T05:32:41.501Z] Error reading or processing Modbus registers: A Modbus Exception Occurred - See Response Body
[2024-12-10T05:32:41.503Z] Error reading register 6507 for IP 10.30.4.128: A Modbus Exception Occurred - See Response Body
[2024-12-10T05:32:41.504Z] Error reading actual data: A Modbus Exception Occurred - See Response Body
[2024-12-10T05:32:41.505Z] Error writing to Modbus register: A Modbus Exception Occurred - See Response Body
[2024-12-10T05:32:42.515Z] Error reading or processing Modbus registers: A Modbus Exception Occurred - See Response Body
[2024-12-10T05:32:42.517Z] Error reading register 6507 for IP 10.30.4.128: A Modbus Exception Occurred - See Response Body
[2024-12-10T05:32:42.518Z] Error reading actual data: A Modbus Exception Occurred - See Response Body
[2024-12-10T05:32:42.518Z] Error writing to Modbus register: A Modbus Exception Occurred - See Response Body
[2024-12-10T05:32:43.527Z] Error reading or processing Modbus registers: A Modbus Exception Occurred - See Response Body
[2024-12-10T05:32:43.530Z] Error reading register 6507 for IP 10.30.4.128: A Modbus Exception Occurred - See Response Body
[2024-12-10T05:32:43.530Z] Error reading actual data: A Modbus Exception Occurred - See Response Body
[2024-12-10T05:32:43.531Z] Error writing to Modbus register: A Modbus Exception Occurred - See Response Body
[2024-12-10T05:32:44.530Z] Error reading or processing Modbus registers: A Modbus Exception Occurred - See Response Body
[2024-12-10T05:32:44.532Z] Error reading register 6507 for IP 10.30.4.128: A Modbus Exception Occurred - See Response Body
[2024-12-10T05:32:44.533Z] Error reading actual data: A Modbus Exception Occurred - See Response Body
[2024-12-10T05:32:44.534Z] Error writing to Modbus register: A Modbus Exception Occurred - See Response Body
[2024-12-10T05:32:45.542Z] Error reading or processing Modbus registers: A Modbus Exception Occurred - See Response Body
[2024-12-10T05:32:45.544Z] Error reading register 6507 for IP 10.30.4.128: A Modbus Exception Occurred - See Response Body
[2024-12-10T05:32:45.545Z] Error reading actual data: A Modbus Exception Occurred - See Response Body
[2024-12-10T05:32:45.546Z] Error writing to Modbus register: A Modbus Exception Occurred - See Response Body
[2024-12-10T05:32:46.556Z] Error reading or processing Modbus registers: A Modbus Exception Occurred - See Response Body
[2024-12-10T05:32:46.559Z] Error reading register 6507 for IP 10.30.4.128: A Modbus Exception Occurred - See Response Body
[2024-12-10T05:32:46.559Z] Error reading actual data: A Modbus Exception Occurred - See Response Body
[2024-12-10T05:32:46.560Z] Error writing to Modbus register: A Modbus Exception Occurred - See Response Body
[2024-12-10T05:32:47.558Z] Error reading or processing Modbus registers: A Modbus Exception Occurred - See Response Body
[2024-12-10T05:32:47.560Z] Error reading register 6507 for IP 10.30.4.128: A Modbus Exception Occurred - See Response Body
[2024-12-10T05:32:47.561Z] Error reading actual data: A Modbus Exception Occurred - See Response Body
[2024-12-10T05:32:47.564Z] Error writing to Modbus register: A Modbus Exception Occurred - See Response Body
[2024-12-10T05:32:48.570Z] Error reading or processing Modbus registers: A Modbus Exception Occurred - See Response Body
[2024-12-10T05:32:48.572Z] Error reading register 6507 for IP 10.30.4.128: A Modbus Exception Occurred - See Response Body
[2024-12-10T05:32:48.572Z] Error reading actual data: A Modbus Exception Occurred - See Response Body
[2024-12-10T05:32:48.573Z] Error writing to Modbus register: A Modbus Exception Occurred - See Response Body
[2024-12-10T05:32:49.585Z] Error reading or processing Modbus registers: A Modbus Exception Occurred - See Response Body
[2024-12-10T05:32:49.587Z] Error reading register 6507 for IP 10.30.4.128: A Modbus Exception Occurred - See Response Body
[2024-12-10T05:32:49.587Z] Error reading actual data: A Modbus Exception Occurred - See Response Body
[2024-12-10T05:32:49.588Z] Error writing to Modbus register: A Modbus Exception Occurred - See Response Body
[2024-12-10T05:32:50.597Z] Error reading or processing Modbus registers: A Modbus Exception Occurred - See Response Body
[2024-12-10T05:32:50.600Z] Error reading register 6507 for IP 10.30.4.128: A Modbus Exception Occurred - See Response Body
[2024-12-10T05:32:50.601Z] Error reading actual data: A Modbus Exception Occurred - See Response Body
[2024-12-10T05:32:50.601Z] Error writing to Modbus register: A Modbus Exception Occurred - See Response Body
[2024-12-10T05:32:51.611Z] Error reading or processing Modbus registers: A Modbus Exception Occurred - See Response Body
[2024-12-10T05:32:51.613Z] Error reading register 6507 for IP 10.30.4.128: A Modbus Exception Occurred - See Response Body
[2024-12-10T05:32:51.613Z] Error reading actual data: A Modbus Exception Occurred - See Response Body
[2024-12-10T05:32:51.614Z] Error writing to Modbus register: A Modbus Exception Occurred - See Response Body
[2024-12-10T05:32:52.616Z] Error reading or processing Modbus registers: A Modbus Exception Occurred - See Response Body
[2024-12-10T05:32:52.620Z] Error reading register 6507 for IP 10.30.4.128: A Modbus Exception Occurred - See Response Body
[2024-12-10T05:32:52.620Z] Error reading actual data: A Modbus Exception Occurred - See Response Body
[2024-12-10T05:32:52.621Z] Error writing to Modbus register: A Modbus Exception Occurred - See Response Body
[2024-12-10T05:32:53.629Z] Error reading or processing Modbus registers: A Modbus Exception Occurred - See Response Body
[2024-12-10T05:32:53.631Z] Error reading register 6507 for IP 10.30.4.128: A Modbus Exception Occurred - See Response Body
[2024-12-10T05:32:53.632Z] Error reading actual data: A Modbus Exception Occurred - See Response Body
[2024-12-10T05:32:53.632Z] Error writing to Modbus register: A Modbus Exception Occurred - See Response Body
[2024-12-10T05:32:54.633Z] Error reading or processing Modbus registers: A Modbus Exception Occurred - See Response Body
[2024-12-10T05:32:54.635Z] Error reading register 6507 for IP 10.30.4.128: A Modbus Exception Occurred - See Response Body
[2024-12-10T05:32:54.636Z] Error reading actual data: A Modbus Exception Occurred - See Response Body
[2024-12-10T05:32:54.636Z] Error writing to Modbus register: A Modbus Exception Occurred - See Response Body
[2024-12-10T05:32:55.643Z] Error reading or processing Modbus registers: A Modbus Exception Occurred - See Response Body
[2024-12-10T05:32:55.645Z] Error reading register 6507 for IP 10.30.4.128: A Modbus Exception Occurred - See Response Body
[2024-12-10T05:32:55.646Z] Error reading actual data: A Modbus Exception Occurred - See Response Body
[2024-12-10T05:32:55.646Z] Error writing to Modbus register: A Modbus Exception Occurred - See Response Body
[2024-12-10T05:32:56.655Z] Error reading or processing Modbus registers: A Modbus Exception Occurred - See Response Body
[2024-12-10T05:32:56.656Z] Error reading register 6507 for IP 10.30.4.128: A Modbus Exception Occurred - See Response Body
[2024-12-10T05:32:56.657Z] Error reading actual data: A Modbus Exception Occurred - See Response Body
[2024-12-10T05:32:56.658Z] Error writing to Modbus register: A Modbus Exception Occurred - See Response Body
[2024-12-10T05:32:57.666Z] Error reading or processing Modbus registers: A Modbus Exception Occurred - See Response Body
[2024-12-10T05:32:57.669Z] Error reading register 6507 for IP 10.30.4.128: A Modbus Exception Occurred - See Response Body
[2024-12-10T05:32:57.670Z] Error reading actual data: A Modbus Exception Occurred - See Response Body
[2024-12-10T05:32:57.670Z] Error writing to Modbus register: A Modbus Exception Occurred - See Response Body
[2024-12-10T05:32:58.681Z] Error reading or processing Modbus registers: A Modbus Exception Occurred - See Response Body
[2024-12-10T05:32:58.683Z] Error reading register 6507 for IP 10.30.4.128: A Modbus Exception Occurred - See Response Body
[2024-12-10T05:32:58.684Z] Error reading actual data: A Modbus Exception Occurred - See Response Body
[2024-12-10T05:32:58.684Z] Error writing to Modbus register: A Modbus Exception Occurred - See Response Body
[2024-12-10T05:32:59.690Z] Error reading or processing Modbus registers: A Modbus Exception Occurred - See Response Body
[2024-12-10T05:32:59.692Z] Error reading register 6507 for IP 10.30.4.128: A Modbus Exception Occurred - See Response Body
[2024-12-10T05:32:59.692Z] Error reading actual data: A Modbus Exception Occurred - See Response Body
[2024-12-10T05:32:59.693Z] Error writing to Modbus register: A Modbus Exception Occurred - See Response Body
[2024-12-10T05:33:00.699Z] Error reading or processing Modbus registers: A Modbus Exception Occurred - See Response Body
[2024-12-10T05:33:00.701Z] Error reading register 6507 for IP 10.30.4.128: A Modbus Exception Occurred - See Response Body
[2024-12-10T05:33:00.702Z] Error reading actual data: A Modbus Exception Occurred - See Response Body
[2024-12-10T05:33:00.702Z] Error writing to Modbus register: A Modbus Exception Occurred - See Response Body
[2024-12-10T05:33:01.712Z] Error reading or processing Modbus registers: A Modbus Exception Occurred - See Response Body
[2024-12-10T05:33:01.715Z] Error reading register 6507 for IP 10.30.4.128: A Modbus Exception Occurred - See Response Body
[2024-12-10T05:33:01.715Z] Error reading actual data: A Modbus Exception Occurred - See Response Body
[2024-12-10T05:33:01.716Z] Error writing to Modbus register: A Modbus Exception Occurred - See Response Body
[2024-12-10T05:33:02.723Z] Error reading or processing Modbus registers: A Modbus Exception Occurred - See Response Body
[2024-12-10T05:33:02.725Z] Error reading register 6507 for IP 10.30.4.128: A Modbus Exception Occurred - See Response Body
[2024-12-10T05:33:02.725Z] Error reading actual data: A Modbus Exception Occurred - See Response Body
[2024-12-10T05:33:02.726Z] Error writing to Modbus register: A Modbus Exception Occurred - See Response Body
[2024-12-10T05:33:03.724Z] Error reading or processing Modbus registers: A Modbus Exception Occurred - See Response Body
[2024-12-10T05:33:03.726Z] Error reading register 6507 for IP 10.30.4.128: A Modbus Exception Occurred - See Response Body
[2024-12-10T05:33:03.727Z] Error reading actual data: A Modbus Exception Occurred - See Response Body
[2024-12-10T05:33:03.727Z] Error writing to Modbus register: A Modbus Exception Occurred - See Response Body
[2024-12-10T05:33:04.734Z] Error reading or processing Modbus registers: A Modbus Exception Occurred - See Response Body
[2024-12-10T05:33:04.739Z] Error reading register 6507 for IP 10.30.4.128: A Modbus Exception Occurred - See Response Body
[2024-12-10T05:33:04.739Z] Error reading actual data: A Modbus Exception Occurred - See Response Body
[2024-12-10T05:33:04.740Z] Error writing to Modbus register: A Modbus Exception Occurred - See Response Body
[2024-12-10T05:33:05.740Z] Error reading or processing Modbus registers: A Modbus Exception Occurred - See Response Body
[2024-12-10T05:33:05.742Z] Error reading register 6507 for IP 10.30.4.128: A Modbus Exception Occurred - See Response Body
[2024-12-10T05:33:05.743Z] Error reading actual data: A Modbus Exception Occurred - See Response Body
[2024-12-10T05:33:05.744Z] Error writing to Modbus register: A Modbus Exception Occurred - See Response Body
[2024-12-10T05:33:06.752Z] Error reading or processing Modbus registers: A Modbus Exception Occurred - See Response Body
[2024-12-10T05:33:06.755Z] Error reading register 6507 for IP 10.30.4.128: A Modbus Exception Occurred - See Response Body
[2024-12-10T05:33:06.756Z] Error reading actual data: A Modbus Exception Occurred - See Response Body
[2024-12-10T05:33:06.756Z] Error writing to Modbus register: A Modbus Exception Occurred - See Response Body
[2024-12-10T05:33:07.765Z] Error reading or processing Modbus registers: A Modbus Exception Occurred - See Response Body
[2024-12-10T05:33:07.767Z] Error reading register 6507 for IP 10.30.4.128: A Modbus Exception Occurred - See Response Body
[2024-12-10T05:33:07.767Z] Error reading actual data: A Modbus Exception Occurred - See Response Body
[2024-12-10T05:33:07.768Z] Error writing to Modbus register: A Modbus Exception Occurred - See Response Body
[2024-12-10T05:33:08.778Z] Error reading or processing Modbus registers: A Modbus Exception Occurred - See Response Body
[2024-12-10T05:33:08.780Z] Error reading register 6507 for IP 10.30.4.128: A Modbus Exception Occurred - See Response Body
[2024-12-10T05:33:08.781Z] Error reading actual data: A Modbus Exception Occurred - See Response Body
[2024-12-10T05:33:08.782Z] Error writing to Modbus register: A Modbus Exception Occurred - See Response Body
[2024-12-10T05:33:09.790Z] Error reading or processing Modbus registers: A Modbus Exception Occurred - See Response Body
[2024-12-10T05:33:09.792Z] Error reading register 6507 for IP 10.30.4.128: A Modbus Exception Occurred - See Response Body
[2024-12-10T05:33:09.795Z] Error reading actual data: A Modbus Exception Occurred - See Response Body
[2024-12-10T05:33:09.795Z] Error writing to Modbus register: A Modbus Exception Occurred - See Response Body
[2024-12-10T05:33:10.804Z] Error reading or processing Modbus registers: A Modbus Exception Occurred - See Response Body
[2024-12-10T05:33:10.806Z] Error reading register 6507 for IP 10.30.4.128: A Modbus Exception Occurred - See Response Body
[2024-12-10T05:33:10.806Z] Error reading actual data: A Modbus Exception Occurred - See Response Body
[2024-12-10T05:33:10.807Z] Error writing to Modbus register: A Modbus Exception Occurred - See Response Body
[2024-12-10T05:33:11.812Z] Error reading or processing Modbus registers: A Modbus Exception Occurred - See Response Body
[2024-12-10T05:33:11.814Z] Error reading register 6507 for IP 10.30.4.128: A Modbus Exception Occurred - See Response Body
[2024-12-10T05:33:11.815Z] Error reading actual data: A Modbus Exception Occurred - See Response Body
[2024-12-10T05:33:11.816Z] Error writing to Modbus register: A Modbus Exception Occurred - See Response Body
[2024-12-10T05:33:12.822Z] Error reading or processing Modbus registers: A Modbus Exception Occurred - See Response Body
[2024-12-10T05:33:12.824Z] Error reading register 6507 for IP 10.30.4.128: A Modbus Exception Occurred - See Response Body
[2024-12-10T05:33:12.825Z] Error reading actual data: A Modbus Exception Occurred - See Response Body
[2024-12-10T05:33:12.826Z] Error writing to Modbus register: A Modbus Exception Occurred - See Response Body
[2024-12-10T05:33:13.831Z] Error reading or processing Modbus registers: A Modbus Exception Occurred - See Response Body
[2024-12-10T05:33:13.833Z] Error reading register 6507 for IP 10.30.4.128: A Modbus Exception Occurred - See Response Body
[2024-12-10T05:33:13.834Z] Error reading actual data: A Modbus Exception Occurred - See Response Body
[2024-12-10T05:33:13.835Z] Error writing to Modbus register: A Modbus Exception Occurred - See Response Body
[2024-12-10T05:33:14.843Z] Error reading or processing Modbus registers: A Modbus Exception Occurred - See Response Body
[2024-12-10T05:33:14.845Z] Error reading register 6507 for IP 10.30.4.128: A Modbus Exception Occurred - See Response Body
[2024-12-10T05:33:14.846Z] Error reading actual data: A Modbus Exception Occurred - See Response Body
[2024-12-10T05:33:14.846Z] Error writing to Modbus register: A Modbus Exception Occurred - See Response Body
[2024-12-10T05:33:15.855Z] Error reading or processing Modbus registers: A Modbus Exception Occurred - See Response Body
[2024-12-10T05:33:15.857Z] Error reading register 6507 for IP 10.30.4.128: A Modbus Exception Occurred - See Response Body
[2024-12-10T05:33:15.857Z] Error reading actual data: A Modbus Exception Occurred - See Response Body
[2024-12-10T05:33:15.858Z] Error writing to Modbus register: A Modbus Exception Occurred - See Response Body
[2024-12-10T05:33:16.869Z] Error reading or processing Modbus registers: A Modbus Exception Occurred - See Response Body
[2024-12-10T05:33:16.871Z] Error reading register 6507 for IP 10.30.4.128: A Modbus Exception Occurred - See Response Body
[2024-12-10T05:33:16.872Z] Error reading actual data: A Modbus Exception Occurred - See Response Body
[2024-12-10T05:33:16.873Z] Error writing to Modbus register: A Modbus Exception Occurred - See Response Body
[2024-12-10T05:33:17.881Z] Error reading or processing Modbus registers: A Modbus Exception Occurred - See Response Body
[2024-12-10T05:33:17.884Z] Error reading register 6507 for IP 10.30.4.128: A Modbus Exception Occurred - See Response Body
[2024-12-10T05:33:17.884Z] Error reading actual data: A Modbus Exception Occurred - See Response Body
[2024-12-10T05:33:17.885Z] Error writing to Modbus register: A Modbus Exception Occurred - See Response Body
[2024-12-10T05:33:18.894Z] Error reading or processing Modbus registers: A Modbus Exception Occurred - See Response Body
[2024-12-10T05:33:18.896Z] Error reading register 6507 for IP 10.30.4.128: A Modbus Exception Occurred - See Response Body
[2024-12-10T05:33:18.896Z] Error reading actual data: A Modbus Exception Occurred - See Response Body
[2024-12-10T05:33:18.897Z] Error writing to Modbus register: A Modbus Exception Occurred - See Response Body
[2024-12-10T05:33:19.908Z] Error reading or processing Modbus registers: A Modbus Exception Occurred - See Response Body
[2024-12-10T05:33:19.910Z] Error reading register 6507 for IP 10.30.4.128: A Modbus Exception Occurred - See Response Body
[2024-12-10T05:33:19.911Z] Error reading actual data: A Modbus Exception Occurred - See Response Body
[2024-12-10T05:33:19.911Z] Error writing to Modbus register: A Modbus Exception Occurred - See Response Body
[2024-12-10T05:33:20.921Z] Error reading or processing Modbus registers: A Modbus Exception Occurred - See Response Body
[2024-12-10T05:33:20.923Z] Error reading register 6507 for IP 10.30.4.128: A Modbus Exception Occurred - See Response Body
[2024-12-10T05:33:20.924Z] Error reading actual data: A Modbus Exception Occurred - See Response Body
[2024-12-10T05:33:20.924Z] Error writing to Modbus register: A Modbus Exception Occurred - See Response Body
[2024-12-10T05:33:21.934Z] Error reading or processing Modbus registers: A Modbus Exception Occurred - See Response Body
[2024-12-10T05:33:21.936Z] Error reading register 6507 for IP 10.30.4.128: A Modbus Exception Occurred - See Response Body
[2024-12-10T05:33:21.937Z] Error reading actual data: A Modbus Exception Occurred - See Response Body
[2024-12-10T05:33:21.938Z] Error writing to Modbus register: A Modbus Exception Occurred - See Response Body
[2024-12-10T05:33:22.943Z] Error reading or processing Modbus registers: A Modbus Exception Occurred - See Response Body
[2024-12-10T05:33:22.945Z] Error reading register 6507 for IP 10.30.4.128: A Modbus Exception Occurred - See Response Body
[2024-12-10T05:33:22.945Z] Error reading actual data: A Modbus Exception Occurred - See Response Body
[2024-12-10T05:33:22.946Z] Error writing to Modbus register: A Modbus Exception Occurred - See Response Body
[2024-12-10T05:33:23.950Z] Error reading or processing Modbus registers: A Modbus Exception Occurred - See Response Body
[2024-12-10T05:33:23.952Z] Error reading register 6507 for IP 10.30.4.128: A Modbus Exception Occurred - See Response Body
[2024-12-10T05:33:23.953Z] Error reading actual data: A Modbus Exception Occurred - See Response Body
[2024-12-10T05:33:23.953Z] Error writing to Modbus register: A Modbus Exception Occurred - See Response Body
[2024-12-10T05:33:24.962Z] Error reading or processing Modbus registers: A Modbus Exception Occurred - See Response Body
[2024-12-10T05:33:24.964Z] Error reading register 6507 for IP 10.30.4.128: A Modbus Exception Occurred - See Response Body
[2024-12-10T05:33:24.965Z] Error reading actual data: A Modbus Exception Occurred - See Response Body
[2024-12-10T05:33:24.965Z] Error writing to Modbus register: A Modbus Exception Occurred - See Response Body
[2024-12-10T05:33:25.976Z] Error reading or processing Modbus registers: A Modbus Exception Occurred - See Response Body
[2024-12-10T05:33:25.979Z] Error reading register 6507 for IP 10.30.4.128: A Modbus Exception Occurred - See Response Body
[2024-12-10T05:33:25.979Z] Error reading actual data: A Modbus Exception Occurred - See Response Body
[2024-12-10T05:33:25.980Z] Error writing to Modbus register: A Modbus Exception Occurred - See Response Body
[2024-12-10T05:33:26.986Z] Error reading or processing Modbus registers: A Modbus Exception Occurred - See Response Body
[2024-12-10T05:33:27.001Z] Error reading register 6507 for IP 10.30.4.128: A Modbus Exception Occurred - See Response Body
[2024-12-10T05:33:27.002Z] Error reading actual data: A Modbus Exception Occurred - See Response Body
[2024-12-10T05:33:27.002Z] Error writing to Modbus register: A Modbus Exception Occurred - See Response Body
[2024-12-10T05:33:28.000Z] Error reading or processing Modbus registers: A Modbus Exception Occurred - See Response Body
[2024-12-10T05:33:28.002Z] Error reading register 6507 for IP 10.30.4.128: A Modbus Exception Occurred - See Response Body
[2024-12-10T05:33:28.002Z] Error reading actual data: A Modbus Exception Occurred - See Response Body
[2024-12-10T05:33:28.003Z] Error writing to Modbus register: A Modbus Exception Occurred - See Response Body
[2024-12-10T05:33:29.011Z] Error reading or processing Modbus registers: A Modbus Exception Occurred - See Response Body
[2024-12-10T05:33:29.013Z] Error reading register 6507 for IP 10.30.4.128: A Modbus Exception Occurred - See Response Body
[2024-12-10T05:33:29.014Z] Error reading actual data: A Modbus Exception Occurred - See Response Body
[2024-12-10T05:33:29.014Z] Error writing to Modbus register: A Modbus Exception Occurred - See Response Body
[2024-12-10T05:33:30.020Z] Error reading or processing Modbus registers: A Modbus Exception Occurred - See Response Body
[2024-12-10T05:33:30.023Z] Error reading register 6507 for IP 10.30.4.128: A Modbus Exception Occurred - See Response Body
[2024-12-10T05:33:30.024Z] Error reading actual data: A Modbus Exception Occurred - See Response Body
[2024-12-10T05:33:30.024Z] Error writing to Modbus register: A Modbus Exception Occurred - See Response Body
[2024-12-10T05:33:31.032Z] Error reading or processing Modbus registers: A Modbus Exception Occurred - See Response Body
[2024-12-10T05:33:31.034Z] Error reading register 6507 for IP 10.30.4.128: A Modbus Exception Occurred - See Response Body
[2024-12-10T05:33:31.034Z] Error reading actual data: A Modbus Exception Occurred - See Response Body
[2024-12-10T05:33:31.035Z] Error writing to Modbus register: A Modbus Exception Occurred - See Response Body
[2024-12-10T05:33:32.036Z] Error reading or processing Modbus registers: A Modbus Exception Occurred - See Response Body
[2024-12-10T05:33:32.052Z] Error reading register 6507 for IP 10.30.4.128: A Modbus Exception Occurred - See Response Body
[2024-12-10T05:33:32.053Z] Error reading actual data: A Modbus Exception Occurred - See Response Body
[2024-12-10T05:33:32.055Z] Error writing to Modbus register: A Modbus Exception Occurred - See Response Body
[2024-12-10T05:33:33.043Z] Error reading or processing Modbus registers: A Modbus Exception Occurred - See Response Body
[2024-12-10T05:33:33.045Z] Error reading register 6507 for IP 10.30.4.128: A Modbus Exception Occurred - See Response Body
[2024-12-10T05:33:33.046Z] Error reading actual data: A Modbus Exception Occurred - See Response Body
[2024-12-10T05:33:33.046Z] Error writing to Modbus register: A Modbus Exception Occurred - See Response Body
[2024-12-10T05:33:34.052Z] Error reading or processing Modbus registers: A Modbus Exception Occurred - See Response Body
[2024-12-10T05:33:34.054Z] Error reading register 6507 for IP 10.30.4.128: A Modbus Exception Occurred - See Response Body
[2024-12-10T05:33:34.055Z] Error reading actual data: A Modbus Exception Occurred - See Response Body
[2024-12-10T05:33:34.055Z] Error writing to Modbus register: A Modbus Exception Occurred - See Response Body
[2024-12-10T05:33:35.054Z] Error reading or processing Modbus registers: A Modbus Exception Occurred - See Response Body
[2024-12-10T05:33:35.056Z] Error reading register 6507 for IP 10.30.4.128: A Modbus Exception Occurred - See Response Body
[2024-12-10T05:33:35.057Z] Error reading actual data: A Modbus Exception Occurred - See Response Body
[2024-12-10T05:33:35.058Z] Error writing to Modbus register: A Modbus Exception Occurred - See Response Body
[2024-12-10T05:33:36.060Z] Error reading or processing Modbus registers: A Modbus Exception Occurred - See Response Body
[2024-12-10T05:33:36.062Z] Error reading register 6507 for IP 10.30.4.128: A Modbus Exception Occurred - See Response Body
[2024-12-10T05:33:36.063Z] Error reading actual data: A Modbus Exception Occurred - See Response Body
[2024-12-10T05:33:36.063Z] Error writing to Modbus register: A Modbus Exception Occurred - See Response Body
[2024-12-10T05:33:37.070Z] Error reading or processing Modbus registers: A Modbus Exception Occurred - See Response Body
[2024-12-10T05:33:37.073Z] Error reading register 6507 for IP 10.30.4.128: A Modbus Exception Occurred - See Response Body
[2024-12-10T05:33:37.074Z] Error reading actual data: A Modbus Exception Occurred - See Response Body
[2024-12-10T05:33:37.074Z] Error writing to Modbus register: A Modbus Exception Occurred - See Response Body
[2024-12-10T05:33:38.080Z] Error reading or processing Modbus registers: A Modbus Exception Occurred - See Response Body
[2024-12-10T05:33:38.083Z] Error reading register 6507 for IP 10.30.4.128: A Modbus Exception Occurred - See Response Body
[2024-12-10T05:33:38.083Z] Error reading actual data: A Modbus Exception Occurred - See Response Body
[2024-12-10T05:33:38.084Z] Error writing to Modbus register: A Modbus Exception Occurred - See Response Body
[2024-12-10T05:33:39.092Z] Error reading or processing Modbus registers: A Modbus Exception Occurred - See Response Body
[2024-12-10T05:33:39.094Z] Error reading register 6507 for IP 10.30.4.128: A Modbus Exception Occurred - See Response Body
[2024-12-10T05:33:39.095Z] Error reading actual data: A Modbus Exception Occurred - See Response Body
[2024-12-10T05:33:39.095Z] Error writing to Modbus register: A Modbus Exception Occurred - See Response Body
[2024-12-10T05:33:40.102Z] Error reading or processing Modbus registers: A Modbus Exception Occurred - See Response Body
[2024-12-10T05:33:40.104Z] Error reading register 6507 for IP 10.30.4.128: A Modbus Exception Occurred - See Response Body
[2024-12-10T05:33:40.104Z] Error reading actual data: A Modbus Exception Occurred - See Response Body
[2024-12-10T05:33:40.105Z] Error writing to Modbus register: A Modbus Exception Occurred - See Response Body
[2024-12-10T05:33:41.110Z] Error reading or processing Modbus registers: A Modbus Exception Occurred - See Response Body
[2024-12-10T05:33:41.112Z] Error reading register 6507 for IP 10.30.4.128: A Modbus Exception Occurred - See Response Body
[2024-12-10T05:33:41.113Z] Error reading actual data: A Modbus Exception Occurred - See Response Body
[2024-12-10T05:33:41.113Z] Error writing to Modbus register: A Modbus Exception Occurred - See Response Body
[2024-12-10T05:33:42.116Z] Error reading or processing Modbus registers: A Modbus Exception Occurred - See Response Body
[2024-12-10T05:33:42.118Z] Error reading register 6507 for IP 10.30.4.128: A Modbus Exception Occurred - See Response Body
[2024-12-10T05:33:42.118Z] Error reading actual data: A Modbus Exception Occurred - See Response Body
[2024-12-10T05:33:42.119Z] Error writing to Modbus register: A Modbus Exception Occurred - See Response Body
[2024-12-10T05:33:43.127Z] Error reading or processing Modbus registers: A Modbus Exception Occurred - See Response Body
[2024-12-10T05:33:43.129Z] Error reading register 6507 for IP 10.30.4.128: A Modbus Exception Occurred - See Response Body
[2024-12-10T05:33:43.130Z] Error reading actual data: A Modbus Exception Occurred - See Response Body
[2024-12-10T05:33:43.130Z] Error writing to Modbus register: A Modbus Exception Occurred - See Response Body
[2024-12-10T05:33:44.140Z] Error reading or processing Modbus registers: A Modbus Exception Occurred - See Response Body
[2024-12-10T05:33:44.141Z] Error reading register 6507 for IP 10.30.4.128: A Modbus Exception Occurred - See Response Body
[2024-12-10T05:33:44.142Z] Error reading actual data: A Modbus Exception Occurred - See Response Body
[2024-12-10T05:33:44.143Z] Error writing to Modbus register: A Modbus Exception Occurred - See Response Body
[2024-12-10T05:33:45.157Z] Error reading or processing Modbus registers: A Modbus Exception Occurred - See Response Body
[2024-12-10T05:33:45.160Z] Error reading register 6507 for IP 10.30.4.128: A Modbus Exception Occurred - See Response Body
[2024-12-10T05:33:45.160Z] Error reading actual data: A Modbus Exception Occurred - See Response Body
[2024-12-10T05:33:45.161Z] Error writing to Modbus register: A Modbus Exception Occurred - See Response Body
[2024-12-10T05:33:46.163Z] Error reading or processing Modbus registers: A Modbus Exception Occurred - See Response Body
[2024-12-10T05:33:46.165Z] Error reading register 6507 for IP 10.30.4.128: A Modbus Exception Occurred - See Response Body
[2024-12-10T05:33:46.166Z] Error reading actual data: A Modbus Exception Occurred - See Response Body
[2024-12-10T05:33:46.168Z] Error writing to Modbus register: A Modbus Exception Occurred - See Response Body
[2024-12-10T05:33:47.173Z] Error reading or processing Modbus registers: A Modbus Exception Occurred - See Response Body
[2024-12-10T05:33:47.175Z] Error reading register 6507 for IP 10.30.4.128: A Modbus Exception Occurred - See Response Body
[2024-12-10T05:33:47.176Z] Error reading actual data: A Modbus Exception Occurred - See Response Body
[2024-12-10T05:33:47.176Z] Error writing to Modbus register: A Modbus Exception Occurred - See Response Body
[2024-12-10T05:33:48.183Z] Error reading or processing Modbus registers: A Modbus Exception Occurred - See Response Body
[2024-12-10T05:33:48.185Z] Error reading register 6507 for IP 10.30.4.128: A Modbus Exception Occurred - See Response Body
[2024-12-10T05:33:48.186Z] Error reading actual data: A Modbus Exception Occurred - See Response Body
[2024-12-10T05:33:48.186Z] Error writing to Modbus register: A Modbus Exception Occurred - See Response Body
[2024-12-10T05:33:49.196Z] Error reading or processing Modbus registers: A Modbus Exception Occurred - See Response Body
[2024-12-10T05:33:49.198Z] Error reading register 6507 for IP 10.30.4.128: A Modbus Exception Occurred - See Response Body
[2024-12-10T05:33:49.199Z] Error reading actual data: A Modbus Exception Occurred - See Response Body
[2024-12-10T05:33:49.199Z] Error writing to Modbus register: A Modbus Exception Occurred - See Response Body
[2024-12-10T05:33:50.201Z] Error reading or processing Modbus registers: A Modbus Exception Occurred - See Response Body
[2024-12-10T05:33:50.203Z] Error reading register 6507 for IP 10.30.4.128: A Modbus Exception Occurred - See Response Body
[2024-12-10T05:33:50.204Z] Error reading actual data: A Modbus Exception Occurred - See Response Body
[2024-12-10T05:33:50.204Z] Error writing to Modbus register: A Modbus Exception Occurred - See Response Body
[2024-12-10T05:33:51.208Z] Error reading or processing Modbus registers: A Modbus Exception Occurred - See Response Body
[2024-12-10T05:33:51.210Z] Error reading register 6507 for IP 10.30.4.128: A Modbus Exception Occurred - See Response Body
[2024-12-10T05:33:51.211Z] Error reading actual data: A Modbus Exception Occurred - See Response Body
[2024-12-10T05:33:51.211Z] Error writing to Modbus register: A Modbus Exception Occurred - See Response Body
[2024-12-10T05:33:52.217Z] Error reading or processing Modbus registers: A Modbus Exception Occurred - See Response Body
[2024-12-10T05:33:52.220Z] Error reading register 6507 for IP 10.30.4.128: A Modbus Exception Occurred - See Response Body
[2024-12-10T05:33:52.221Z] Error reading actual data: A Modbus Exception Occurred - See Response Body
[2024-12-10T05:33:52.221Z] Error writing to Modbus register: A Modbus Exception Occurred - See Response Body
[2024-12-10T05:33:53.231Z] Error reading or processing Modbus registers: A Modbus Exception Occurred - See Response Body
[2024-12-10T05:33:53.233Z] Error reading register 6507 for IP 10.30.4.128: A Modbus Exception Occurred - See Response Body
[2024-12-10T05:33:53.234Z] Error reading actual data: A Modbus Exception Occurred - See Response Body
[2024-12-10T05:33:53.234Z] Error writing to Modbus register: A Modbus Exception Occurred - See Response Body
[2024-12-10T05:33:54.246Z] Error reading or processing Modbus registers: A Modbus Exception Occurred - See Response Body
[2024-12-10T05:33:54.248Z] Error reading register 6507 for IP 10.30.4.128: A Modbus Exception Occurred - See Response Body
[2024-12-10T05:33:54.249Z] Error reading actual data: A Modbus Exception Occurred - See Response Body
[2024-12-10T05:33:54.250Z] Error writing to Modbus register: A Modbus Exception Occurred - See Response Body
[2024-12-10T05:33:55.256Z] Error reading or processing Modbus registers: A Modbus Exception Occurred - See Response Body
[2024-12-10T05:33:55.259Z] Error reading register 6507 for IP 10.30.4.128: A Modbus Exception Occurred - See Response Body
[2024-12-10T05:33:55.262Z] Error reading actual data: A Modbus Exception Occurred - See Response Body
[2024-12-10T05:33:55.263Z] Error writing to Modbus register: A Modbus Exception Occurred - See Response Body
[2024-12-10T05:33:56.273Z] Error reading or processing Modbus registers: A Modbus Exception Occurred - See Response Body
[2024-12-10T05:33:56.275Z] Error reading register 6507 for IP 10.30.4.128: A Modbus Exception Occurred - See Response Body
[2024-12-10T05:33:56.276Z] Error reading actual data: A Modbus Exception Occurred - See Response Body
[2024-12-10T05:33:56.276Z] Error writing to Modbus register: A Modbus Exception Occurred - See Response Body
[2024-12-10T05:33:57.283Z] Error reading or processing Modbus registers: A Modbus Exception Occurred - See Response Body
[2024-12-10T05:33:57.285Z] Error reading register 6507 for IP 10.30.4.128: A Modbus Exception Occurred - See Response Body
[2024-12-10T05:33:57.286Z] Error reading actual data: A Modbus Exception Occurred - See Response Body
[2024-12-10T05:33:57.286Z] Error writing to Modbus register: A Modbus Exception Occurred - See Response Body
[2024-12-10T05:33:58.297Z] Error reading or processing Modbus registers: A Modbus Exception Occurred - See Response Body
[2024-12-10T05:33:58.299Z] Error reading register 6507 for IP 10.30.4.128: A Modbus Exception Occurred - See Response Body
[2024-12-10T05:33:58.300Z] Error reading actual data: A Modbus Exception Occurred - See Response Body
[2024-12-10T05:33:58.300Z] Error writing to Modbus register: A Modbus Exception Occurred - See Response Body
[2024-12-10T05:33:59.305Z] Error reading or processing Modbus registers: A Modbus Exception Occurred - See Response Body
[2024-12-10T05:33:59.307Z] Error reading register 6507 for IP 10.30.4.128: A Modbus Exception Occurred - See Response Body
[2024-12-10T05:33:59.308Z] Error reading actual data: A Modbus Exception Occurred - See Response Body
[2024-12-10T05:33:59.308Z] Error writing to Modbus register: A Modbus Exception Occurred - See Response Body
[2024-12-10T05:34:00.315Z] Error reading or processing Modbus registers: A Modbus Exception Occurred - See Response Body
[2024-12-10T05:34:00.317Z] Error reading register 6507 for IP 10.30.4.128: A Modbus Exception Occurred - See Response Body
[2024-12-10T05:34:00.318Z] Error reading actual data: A Modbus Exception Occurred - See Response Body
[2024-12-10T05:34:00.319Z] Error writing to Modbus register: A Modbus Exception Occurred - See Response Body
[2024-12-10T05:34:01.325Z] Error reading or processing Modbus registers: A Modbus Exception Occurred - See Response Body
[2024-12-10T05:34:01.327Z] Error reading register 6507 for IP 10.30.4.128: A Modbus Exception Occurred - See Response Body
[2024-12-10T05:34:01.328Z] Error reading actual data: A Modbus Exception Occurred - See Response Body
[2024-12-10T05:34:01.329Z] Error writing to Modbus register: A Modbus Exception Occurred - See Response Body
[2024-12-10T05:34:02.335Z] Error reading or processing Modbus registers: A Modbus Exception Occurred - See Response Body
[2024-12-10T05:34:02.338Z] Error reading register 6507 for IP 10.30.4.128: A Modbus Exception Occurred - See Response Body
[2024-12-10T05:34:02.339Z] Error reading actual data: A Modbus Exception Occurred - See Response Body
[2024-12-10T05:34:02.339Z] Error writing to Modbus register: A Modbus Exception Occurred - See Response Body
[2024-12-10T05:34:03.346Z] Error reading or processing Modbus registers: A Modbus Exception Occurred - See Response Body
[2024-12-10T05:34:03.348Z] Error reading register 6507 for IP 10.30.4.128: A Modbus Exception Occurred - See Response Body
[2024-12-10T05:34:03.349Z] Error reading actual data: A Modbus Exception Occurred - See Response Body
[2024-12-10T05:34:03.350Z] Error writing to Modbus register: A Modbus Exception Occurred - See Response Body
[2024-12-10T05:34:04.360Z] Error reading or processing Modbus registers: A Modbus Exception Occurred - See Response Body
[2024-12-10T05:34:04.362Z] Error reading register 6507 for IP 10.30.4.128: A Modbus Exception Occurred - See Response Body
[2024-12-10T05:34:04.362Z] Error reading actual data: A Modbus Exception Occurred - See Response Body
[2024-12-10T05:34:04.363Z] Error writing to Modbus register: A Modbus Exception Occurred - See Response Body
[2024-12-10T05:34:05.365Z] Error reading or processing Modbus registers: A Modbus Exception Occurred - See Response Body
[2024-12-10T05:34:05.366Z] Error reading register 6507 for IP 10.30.4.128: A Modbus Exception Occurred - See Response Body
[2024-12-10T05:34:05.367Z] Error reading actual data: A Modbus Exception Occurred - See Response Body
[2024-12-10T05:34:05.368Z] Error writing to Modbus register: A Modbus Exception Occurred - See Response Body
[2024-12-10T05:34:06.379Z] Error reading or processing Modbus registers: A Modbus Exception Occurred - See Response Body
[2024-12-10T05:34:06.382Z] Error reading register 6507 for IP 10.30.4.128: A Modbus Exception Occurred - See Response Body
[2024-12-10T05:34:06.383Z] Error reading actual data: A Modbus Exception Occurred - See Response Body
[2024-12-10T05:34:06.383Z] Error writing to Modbus register: A Modbus Exception Occurred - See Response Body
[2024-12-10T05:34:07.379Z] Error reading or processing Modbus registers: A Modbus Exception Occurred - See Response Body
[2024-12-10T05:34:07.381Z] Error reading register 6507 for IP 10.30.4.128: A Modbus Exception Occurred - See Response Body
[2024-12-10T05:34:07.382Z] Error reading actual data: A Modbus Exception Occurred - See Response Body
[2024-12-10T05:34:07.383Z] Error writing to Modbus register: A Modbus Exception Occurred - See Response Body
[2024-12-10T05:34:08.391Z] Error reading or processing Modbus registers: A Modbus Exception Occurred - See Response Body
[2024-12-10T05:34:08.393Z] Error reading register 6507 for IP 10.30.4.128: A Modbus Exception Occurred - See Response Body
[2024-12-10T05:34:08.393Z] Error reading actual data: A Modbus Exception Occurred - See Response Body
[2024-12-10T05:34:08.394Z] Error writing to Modbus register: A Modbus Exception Occurred - See Response Body
[2024-12-10T05:34:09.392Z] Error reading or processing Modbus registers: A Modbus Exception Occurred - See Response Body
[2024-12-10T05:34:09.394Z] Error reading register 6507 for IP 10.30.4.128: A Modbus Exception Occurred - See Response Body
[2024-12-10T05:34:09.395Z] Error reading actual data: A Modbus Exception Occurred - See Response Body
[2024-12-10T05:34:09.395Z] Error writing to Modbus register: A Modbus Exception Occurred - See Response Body
[2024-12-10T05:34:10.405Z] Error reading or processing Modbus registers: A Modbus Exception Occurred - See Response Body
[2024-12-10T05:34:10.407Z] Error reading register 6507 for IP 10.30.4.128: A Modbus Exception Occurred - See Response Body
[2024-12-10T05:34:10.408Z] Error reading actual data: A Modbus Exception Occurred - See Response Body
[2024-12-10T05:34:10.409Z] Error writing to Modbus register: A Modbus Exception Occurred - See Response Body
[2024-12-10T05:34:11.405Z] Error reading or processing Modbus registers: A Modbus Exception Occurred - See Response Body
[2024-12-10T05:34:11.407Z] Error reading register 6507 for IP 10.30.4.128: A Modbus Exception Occurred - See Response Body
[2024-12-10T05:34:11.408Z] Error reading actual data: A Modbus Exception Occurred - See Response Body
[2024-12-10T05:34:11.409Z] Error writing to Modbus register: A Modbus Exception Occurred - See Response Body
[2024-12-10T05:34:12.414Z] Error reading or processing Modbus registers: A Modbus Exception Occurred - See Response Body
[2024-12-10T05:34:12.416Z] Error reading register 6507 for IP 10.30.4.128: A Modbus Exception Occurred - See Response Body
[2024-12-10T05:34:12.417Z] Error reading actual data: A Modbus Exception Occurred - See Response Body
[2024-12-10T05:34:12.418Z] Error writing to Modbus register: A Modbus Exception Occurred - See Response Body
[2024-12-10T05:34:13.429Z] Error reading or processing Modbus registers: A Modbus Exception Occurred - See Response Body
[2024-12-10T05:34:13.431Z] Error reading register 6507 for IP 10.30.4.128: A Modbus Exception Occurred - See Response Body
[2024-12-10T05:34:13.432Z] Error reading actual data: A Modbus Exception Occurred - See Response Body
[2024-12-10T05:34:13.432Z] Error writing to Modbus register: A Modbus Exception Occurred - See Response Body
[2024-12-10T05:34:14.440Z] Error reading or processing Modbus registers: A Modbus Exception Occurred - See Response Body
[2024-12-10T05:34:14.442Z] Error reading register 6507 for IP 10.30.4.128: A Modbus Exception Occurred - See Response Body
[2024-12-10T05:34:14.443Z] Error reading actual data: A Modbus Exception Occurred - See Response Body
[2024-12-10T05:34:14.443Z] Error writing to Modbus register: A Modbus Exception Occurred - See Response Body
[2024-12-10T05:34:15.452Z] Error reading or processing Modbus registers: A Modbus Exception Occurred - See Response Body
[2024-12-10T05:34:15.455Z] Error reading register 6507 for IP 10.30.4.128: A Modbus Exception Occurred - See Response Body
[2024-12-10T05:34:15.455Z] Error reading actual data: A Modbus Exception Occurred - See Response Body
[2024-12-10T05:34:15.456Z] Error writing to Modbus register: A Modbus Exception Occurred - See Response Body
[2024-12-10T05:34:16.463Z] Error reading or processing Modbus registers: A Modbus Exception Occurred - See Response Body
[2024-12-10T05:34:16.469Z] Error reading register 6507 for IP 10.30.4.128: A Modbus Exception Occurred - See Response Body
[2024-12-10T05:34:16.469Z] Error reading actual data: A Modbus Exception Occurred - See Response Body
[2024-12-10T05:34:16.470Z] Error writing to Modbus register: A Modbus Exception Occurred - See Response Body
[2024-12-10T05:34:17.476Z] Error reading or processing Modbus registers: A Modbus Exception Occurred - See Response Body
[2024-12-10T05:34:17.478Z] Error reading register 6507 for IP 10.30.4.128: A Modbus Exception Occurred - See Response Body
[2024-12-10T05:34:17.479Z] Error reading actual data: A Modbus Exception Occurred - See Response Body
[2024-12-10T05:34:17.479Z] Error writing to Modbus register: A Modbus Exception Occurred - See Response Body
[2024-12-10T05:34:18.488Z] Error reading or processing Modbus registers: A Modbus Exception Occurred - See Response Body
[2024-12-10T05:34:18.490Z] Error reading register 6507 for IP 10.30.4.128: A Modbus Exception Occurred - See Response Body
[2024-12-10T05:34:18.491Z] Error reading actual data: A Modbus Exception Occurred - See Response Body
[2024-12-10T05:34:18.491Z] Error writing to Modbus register: A Modbus Exception Occurred - See Response Body
[2024-12-10T05:34:19.503Z] Error reading or processing Modbus registers: A Modbus Exception Occurred - See Response Body
[2024-12-10T05:34:19.505Z] Error reading register 6507 for IP 10.30.4.128: A Modbus Exception Occurred - See Response Body
[2024-12-10T05:34:19.506Z] Error reading actual data: A Modbus Exception Occurred - See Response Body
[2024-12-10T05:34:19.506Z] Error writing to Modbus register: A Modbus Exception Occurred - See Response Body
[2024-12-10T05:34:20.514Z] Error reading or processing Modbus registers: A Modbus Exception Occurred - See Response Body
[2024-12-10T05:34:20.516Z] Error reading register 6507 for IP 10.30.4.128: A Modbus Exception Occurred - See Response Body
[2024-12-10T05:34:20.517Z] Error reading actual data: A Modbus Exception Occurred - See Response Body
[2024-12-10T05:34:20.517Z] Error writing to Modbus register: A Modbus Exception Occurred - See Response Body
[2024-12-10T05:34:21.524Z] Error reading or processing Modbus registers: A Modbus Exception Occurred - See Response Body
[2024-12-10T05:34:21.526Z] Error reading register 6507 for IP 10.30.4.128: A Modbus Exception Occurred - See Response Body
[2024-12-10T05:34:21.526Z] Error reading actual data: A Modbus Exception Occurred - See Response Body
[2024-12-10T05:34:21.527Z] Error writing to Modbus register: A Modbus Exception Occurred - See Response Body
[2024-12-10T05:34:22.536Z] Error reading or processing Modbus registers: A Modbus Exception Occurred - See Response Body
[2024-12-10T05:34:22.538Z] Error reading register 6507 for IP 10.30.4.128: A Modbus Exception Occurred - See Response Body
[2024-12-10T05:34:22.539Z] Error reading actual data: A Modbus Exception Occurred - See Response Body
[2024-12-10T05:34:22.539Z] Error writing to Modbus register: A Modbus Exception Occurred - See Response Body
[2024-12-10T05:34:23.548Z] Error reading or processing Modbus registers: A Modbus Exception Occurred - See Response Body
[2024-12-10T05:34:23.550Z] Error reading register 6507 for IP 10.30.4.128: A Modbus Exception Occurred - See Response Body
[2024-12-10T05:34:23.551Z] Error reading actual data: A Modbus Exception Occurred - See Response Body
[2024-12-10T05:34:23.552Z] Error writing to Modbus register: A Modbus Exception Occurred - See Response Body
[2024-12-10T05:34:24.560Z] Error reading or processing Modbus registers: A Modbus Exception Occurred - See Response Body
[2024-12-10T05:34:24.562Z] Error reading register 6507 for IP 10.30.4.128: A Modbus Exception Occurred - See Response Body
[2024-12-10T05:34:24.563Z] Error reading actual data: A Modbus Exception Occurred - See Response Body
[2024-12-10T05:34:24.563Z] Error writing to Modbus register: A Modbus Exception Occurred - See Response Body
[2024-12-10T05:34:25.574Z] Error reading or processing Modbus registers: A Modbus Exception Occurred - See Response Body
[2024-12-10T05:34:25.576Z] Error reading register 6507 for IP 10.30.4.128: A Modbus Exception Occurred - See Response Body
[2024-12-10T05:34:25.577Z] Error reading actual data: A Modbus Exception Occurred - See Response Body
[2024-12-10T05:34:25.577Z] Error writing to Modbus register: A Modbus Exception Occurred - See Response Body
[2024-12-10T05:34:26.577Z] Error reading or processing Modbus registers: A Modbus Exception Occurred - See Response Body
[2024-12-10T05:34:26.580Z] Error reading register 6507 for IP 10.30.4.128: A Modbus Exception Occurred - See Response Body
[2024-12-10T05:34:26.581Z] Error reading actual data: A Modbus Exception Occurred - See Response Body
[2024-12-10T05:34:26.581Z] Error writing to Modbus register: A Modbus Exception Occurred - See Response Body
[2024-12-10T05:34:27.579Z] Error reading or processing Modbus registers: A Modbus Exception Occurred - See Response Body
[2024-12-10T05:34:27.581Z] Error reading register 6507 for IP 10.30.4.128: A Modbus Exception Occurred - See Response Body
[2024-12-10T05:34:27.582Z] Error reading actual data: A Modbus Exception Occurred - See Response Body
[2024-12-10T05:34:27.582Z] Error writing to Modbus register: A Modbus Exception Occurred - See Response Body
[2024-12-10T05:34:28.591Z] Error reading or processing Modbus registers: A Modbus Exception Occurred - See Response Body
[2024-12-10T05:34:28.594Z] Error reading register 6507 for IP 10.30.4.128: A Modbus Exception Occurred - See Response Body
[2024-12-10T05:34:28.594Z] Error reading actual data: A Modbus Exception Occurred - See Response Body
[2024-12-10T05:34:28.595Z] Error writing to Modbus register: A Modbus Exception Occurred - See Response Body
[2024-12-10T05:34:29.604Z] Error reading or processing Modbus registers: A Modbus Exception Occurred - See Response Body
[2024-12-10T05:34:29.606Z] Error reading register 6507 for IP 10.30.4.128: A Modbus Exception Occurred - See Response Body
[2024-12-10T05:34:29.607Z] Error reading actual data: A Modbus Exception Occurred - See Response Body
[2024-12-10T05:34:29.608Z] Error writing to Modbus register: A Modbus Exception Occurred - See Response Body
[2024-12-10T05:34:30.617Z] Error reading or processing Modbus registers: A Modbus Exception Occurred - See Response Body
[2024-12-10T05:34:30.619Z] Error reading register 6507 for IP 10.30.4.128: A Modbus Exception Occurred - See Response Body
[2024-12-10T05:34:30.620Z] Error reading actual data: A Modbus Exception Occurred - See Response Body
[2024-12-10T05:34:30.621Z] Error writing to Modbus register: A Modbus Exception Occurred - See Response Body
[2024-12-10T05:34:31.629Z] Error reading or processing Modbus registers: A Modbus Exception Occurred - See Response Body
[2024-12-10T05:34:31.632Z] Error reading register 6507 for IP 10.30.4.128: A Modbus Exception Occurred - See Response Body
[2024-12-10T05:34:31.632Z] Error reading actual data: A Modbus Exception Occurred - See Response Body
[2024-12-10T05:34:31.633Z] Error writing to Modbus register: A Modbus Exception Occurred - See Response Body
[2024-12-10T05:34:32.629Z] Error reading or processing Modbus registers: A Modbus Exception Occurred - See Response Body
[2024-12-10T05:34:32.632Z] Error reading register 6507 for IP 10.30.4.128: A Modbus Exception Occurred - See Response Body
[2024-12-10T05:34:32.632Z] Error reading actual data: A Modbus Exception Occurred - See Response Body
[2024-12-10T05:34:32.633Z] Error writing to Modbus register: A Modbus Exception Occurred - See Response Body
[2024-12-10T05:34:33.640Z] Error reading or processing Modbus registers: A Modbus Exception Occurred - See Response Body
[2024-12-10T05:34:33.642Z] Error reading register 6507 for IP 10.30.4.128: A Modbus Exception Occurred - See Response Body
[2024-12-10T05:34:33.643Z] Error reading actual data: A Modbus Exception Occurred - See Response Body
[2024-12-10T05:34:33.643Z] Error writing to Modbus register: A Modbus Exception Occurred - See Response Body
[2024-12-10T05:34:34.649Z] Error reading or processing Modbus registers: A Modbus Exception Occurred - See Response Body
[2024-12-10T05:34:34.651Z] Error reading register 6507 for IP 10.30.4.128: A Modbus Exception Occurred - See Response Body
[2024-12-10T05:34:34.652Z] Error reading actual data: A Modbus Exception Occurred - See Response Body
[2024-12-10T05:34:34.653Z] Error writing to Modbus register: A Modbus Exception Occurred - See Response Body
[2024-12-10T05:34:35.660Z] Error reading or processing Modbus registers: A Modbus Exception Occurred - See Response Body
[2024-12-10T05:34:35.662Z] Error reading register 6507 for IP 10.30.4.128: A Modbus Exception Occurred - See Response Body
[2024-12-10T05:34:35.664Z] Error reading actual data: A Modbus Exception Occurred - See Response Body
[2024-12-10T05:34:35.664Z] Error writing to Modbus register: A Modbus Exception Occurred - See Response Body
[2024-12-10T05:34:36.673Z] Error reading or processing Modbus registers: A Modbus Exception Occurred - See Response Body
[2024-12-10T05:34:36.675Z] Error reading register 6507 for IP 10.30.4.128: A Modbus Exception Occurred - See Response Body
[2024-12-10T05:34:36.676Z] Error reading actual data: A Modbus Exception Occurred - See Response Body
[2024-12-10T05:34:36.676Z] Error writing to Modbus register: A Modbus Exception Occurred - See Response Body
[2024-12-10T05:34:37.688Z] Error reading or processing Modbus registers: A Modbus Exception Occurred - See Response Body
[2024-12-10T05:34:37.691Z] Error reading register 6507 for IP 10.30.4.128: A Modbus Exception Occurred - See Response Body
[2024-12-10T05:34:37.692Z] Error reading actual data: A Modbus Exception Occurred - See Response Body
[2024-12-10T05:34:37.692Z] Error writing to Modbus register: A Modbus Exception Occurred - See Response Body
[2024-12-10T05:34:38.703Z] Error reading or processing Modbus registers: A Modbus Exception Occurred - See Response Body
[2024-12-10T05:34:38.705Z] Error reading register 6507 for IP 10.30.4.128: A Modbus Exception Occurred - See Response Body
[2024-12-10T05:34:38.705Z] Error reading actual data: A Modbus Exception Occurred - See Response Body
[2024-12-10T05:34:38.706Z] Error writing to Modbus register: A Modbus Exception Occurred - See Response Body
[2024-12-10T05:34:39.717Z] Error reading or processing Modbus registers: A Modbus Exception Occurred - See Response Body
[2024-12-10T05:34:39.719Z] Error reading register 6507 for IP 10.30.4.128: A Modbus Exception Occurred - See Response Body
[2024-12-10T05:34:39.720Z] Error reading actual data: A Modbus Exception Occurred - See Response Body
[2024-12-10T05:34:39.720Z] Error writing to Modbus register: A Modbus Exception Occurred - See Response Body
[2024-12-10T05:34:40.729Z] Error reading or processing Modbus registers: A Modbus Exception Occurred - See Response Body
[2024-12-10T05:34:40.732Z] Error reading register 6507 for IP 10.30.4.128: A Modbus Exception Occurred - See Response Body
[2024-12-10T05:34:40.732Z] Error reading actual data: A Modbus Exception Occurred - See Response Body
[2024-12-10T05:34:40.732Z] Error writing to Modbus register: A Modbus Exception Occurred - See Response Body
[2024-12-10T05:34:41.741Z] Error reading or processing Modbus registers: A Modbus Exception Occurred - See Response Body
[2024-12-10T05:34:41.743Z] Error reading register 6507 for IP 10.30.4.128: A Modbus Exception Occurred - See Response Body
[2024-12-10T05:34:41.744Z] Error reading actual data: A Modbus Exception Occurred - See Response Body
[2024-12-10T05:34:41.744Z] Error writing to Modbus register: A Modbus Exception Occurred - See Response Body
[2024-12-10T05:34:42.755Z] Error reading or processing Modbus registers: A Modbus Exception Occurred - See Response Body
[2024-12-10T05:34:42.758Z] Error reading register 6507 for IP 10.30.4.128: A Modbus Exception Occurred - See Response Body
[2024-12-10T05:34:42.758Z] Error reading actual data: A Modbus Exception Occurred - See Response Body
[2024-12-10T05:34:42.759Z] Error writing to Modbus register: A Modbus Exception Occurred - See Response Body
[2024-12-10T05:34:43.770Z] Error reading or processing Modbus registers: A Modbus Exception Occurred - See Response Body
[2024-12-10T05:34:43.772Z] Error reading register 6507 for IP 10.30.4.128: A Modbus Exception Occurred - See Response Body
[2024-12-10T05:34:43.773Z] Error reading actual data: A Modbus Exception Occurred - See Response Body
[2024-12-10T05:34:43.773Z] Error writing to Modbus register: A Modbus Exception Occurred - See Response Body
[2024-12-10T05:34:44.785Z] Error reading or processing Modbus registers: A Modbus Exception Occurred - See Response Body
[2024-12-10T05:34:44.787Z] Error reading register 6507 for IP 10.30.4.128: A Modbus Exception Occurred - See Response Body
[2024-12-10T05:34:44.788Z] Error reading actual data: A Modbus Exception Occurred - See Response Body
[2024-12-10T05:34:44.789Z] Error writing to Modbus register: A Modbus Exception Occurred - See Response Body
[2024-12-10T05:34:45.795Z] Error reading or processing Modbus registers: A Modbus Exception Occurred - See Response Body
[2024-12-10T05:34:45.798Z] Error reading register 6507 for IP 10.30.4.128: A Modbus Exception Occurred - See Response Body
[2024-12-10T05:34:45.798Z] Error reading actual data: A Modbus Exception Occurred - See Response Body
[2024-12-10T05:34:45.799Z] Error writing to Modbus register: A Modbus Exception Occurred - See Response Body
[2024-12-10T05:34:46.797Z] Error reading or processing Modbus registers: A Modbus Exception Occurred - See Response Body
[2024-12-10T05:34:46.799Z] Error reading register 6507 for IP 10.30.4.128: A Modbus Exception Occurred - See Response Body
[2024-12-10T05:34:46.800Z] Error reading actual data: A Modbus Exception Occurred - See Response Body
[2024-12-10T05:34:46.800Z] Error writing to Modbus register: A Modbus Exception Occurred - See Response Body
[2024-12-10T05:34:47.812Z] Error reading or processing Modbus registers: A Modbus Exception Occurred - See Response Body
[2024-12-10T05:34:47.815Z] Error reading register 6507 for IP 10.30.4.128: A Modbus Exception Occurred - See Response Body
[2024-12-10T05:34:47.816Z] Error reading actual data: A Modbus Exception Occurred - See Response Body
[2024-12-10T05:34:47.816Z] Error writing to Modbus register: A Modbus Exception Occurred - See Response Body
[2024-12-10T05:34:48.822Z] Error reading or processing Modbus registers: A Modbus Exception Occurred - See Response Body
[2024-12-10T05:34:48.824Z] Error reading register 6507 for IP 10.30.4.128: A Modbus Exception Occurred - See Response Body
[2024-12-10T05:34:48.825Z] Error reading actual data: A Modbus Exception Occurred - See Response Body
[2024-12-10T05:34:48.826Z] Error writing to Modbus register: A Modbus Exception Occurred - See Response Body
[2024-12-10T05:34:49.830Z] Error reading or processing Modbus registers: A Modbus Exception Occurred - See Response Body
[2024-12-10T05:34:49.833Z] Error reading register 6507 for IP 10.30.4.128: A Modbus Exception Occurred - See Response Body
[2024-12-10T05:34:49.833Z] Error reading actual data: A Modbus Exception Occurred - See Response Body
[2024-12-10T05:34:49.834Z] Error writing to Modbus register: A Modbus Exception Occurred - See Response Body
[2024-12-10T05:34:50.840Z] Error reading or processing Modbus registers: A Modbus Exception Occurred - See Response Body
[2024-12-10T05:34:50.843Z] Error reading register 6507 for IP 10.30.4.128: A Modbus Exception Occurred - See Response Body
[2024-12-10T05:34:50.843Z] Error reading actual data: A Modbus Exception Occurred - See Response Body
[2024-12-10T05:34:50.844Z] Error writing to Modbus register: A Modbus Exception Occurred - See Response Body
[2024-12-10T05:34:51.850Z] Error reading or processing Modbus registers: A Modbus Exception Occurred - See Response Body
[2024-12-10T05:34:51.852Z] Error reading register 6507 for IP 10.30.4.128: A Modbus Exception Occurred - See Response Body
[2024-12-10T05:34:51.853Z] Error reading actual data: A Modbus Exception Occurred - See Response Body
[2024-12-10T05:34:51.853Z] Error writing to Modbus register: A Modbus Exception Occurred - See Response Body
[2024-12-10T05:34:52.862Z] Error reading or processing Modbus registers: A Modbus Exception Occurred - See Response Body
[2024-12-10T05:34:52.865Z] Error reading register 6507 for IP 10.30.4.128: A Modbus Exception Occurred - See Response Body
[2024-12-10T05:34:52.865Z] Error reading actual data: A Modbus Exception Occurred - See Response Body
[2024-12-10T05:34:52.866Z] Error writing to Modbus register: A Modbus Exception Occurred - See Response Body
[2024-12-10T05:34:53.875Z] Error reading or processing Modbus registers: A Modbus Exception Occurred - See Response Body
[2024-12-10T05:34:53.877Z] Error reading register 6507 for IP 10.30.4.128: A Modbus Exception Occurred - See Response Body
[2024-12-10T05:34:53.878Z] Error reading actual data: A Modbus Exception Occurred - See Response Body
[2024-12-10T05:34:53.879Z] Error writing to Modbus register: A Modbus Exception Occurred - See Response Body
[2024-12-10T05:34:54.887Z] Error reading or processing Modbus registers: A Modbus Exception Occurred - See Response Body
[2024-12-10T05:34:54.889Z] Error reading register 6507 for IP 10.30.4.128: A Modbus Exception Occurred - See Response Body
[2024-12-10T05:34:54.891Z] Error reading actual data: A Modbus Exception Occurred - See Response Body
[2024-12-10T05:34:54.891Z] Error writing to Modbus register: A Modbus Exception Occurred - See Response Body
[2024-12-10T05:34:55.899Z] Error reading or processing Modbus registers: A Modbus Exception Occurred - See Response Body
[2024-12-10T05:34:55.901Z] Error reading register 6507 for IP 10.30.4.128: A Modbus Exception Occurred - See Response Body
[2024-12-10T05:34:55.901Z] Error reading actual data: A Modbus Exception Occurred - See Response Body
[2024-12-10T05:34:55.902Z] Error writing to Modbus register: A Modbus Exception Occurred - See Response Body
[2024-12-10T05:34:56.910Z] Error reading or processing Modbus registers: A Modbus Exception Occurred - See Response Body
[2024-12-10T05:34:56.912Z] Error reading register 6507 for IP 10.30.4.128: A Modbus Exception Occurred - See Response Body
[2024-12-10T05:34:56.913Z] Error reading actual data: A Modbus Exception Occurred - See Response Body
[2024-12-10T05:34:56.914Z] Error writing to Modbus register: A Modbus Exception Occurred - See Response Body
[2024-12-10T05:34:57.924Z] Error reading or processing Modbus registers: A Modbus Exception Occurred - See Response Body
[2024-12-10T05:34:57.926Z] Error reading register 6507 for IP 10.30.4.128: A Modbus Exception Occurred - See Response Body
[2024-12-10T05:34:57.928Z] Error reading actual data: A Modbus Exception Occurred - See Response Body
[2024-12-10T05:34:57.929Z] Error writing to Modbus register: A Modbus Exception Occurred - See Response Body
[2024-12-10T05:34:58.924Z] Error reading or processing Modbus registers: A Modbus Exception Occurred - See Response Body
[2024-12-10T05:34:58.927Z] Error reading register 6507 for IP 10.30.4.128: A Modbus Exception Occurred - See Response Body
[2024-12-10T05:34:58.927Z] Error reading actual data: A Modbus Exception Occurred - See Response Body
[2024-12-10T05:34:58.928Z] Error writing to Modbus register: A Modbus Exception Occurred - See Response Body
[2024-12-10T05:34:59.939Z] Error reading or processing Modbus registers: A Modbus Exception Occurred - See Response Body
[2024-12-10T05:34:59.941Z] Error reading register 6507 for IP 10.30.4.128: A Modbus Exception Occurred - See Response Body
[2024-12-10T05:34:59.942Z] Error reading actual data: A Modbus Exception Occurred - See Response Body
[2024-12-10T05:34:59.943Z] Error writing to Modbus register: A Modbus Exception Occurred - See Response Body
[2024-12-10T05:35:00.950Z] Error reading or processing Modbus registers: A Modbus Exception Occurred - See Response Body
[2024-12-10T05:35:00.953Z] Error reading register 6507 for IP 10.30.4.128: A Modbus Exception Occurred - See Response Body
[2024-12-10T05:35:00.953Z] Error reading actual data: A Modbus Exception Occurred - See Response Body
[2024-12-10T05:35:00.954Z] Error writing to Modbus register: A Modbus Exception Occurred - See Response Body
[2024-12-10T05:35:01.958Z] Error reading or processing Modbus registers: A Modbus Exception Occurred - See Response Body
[2024-12-10T05:35:01.960Z] Error reading register 6507 for IP 10.30.4.128: A Modbus Exception Occurred - See Response Body
[2024-12-10T05:35:01.960Z] Error reading actual data: A Modbus Exception Occurred - See Response Body
[2024-12-10T05:35:01.961Z] Error writing to Modbus register: A Modbus Exception Occurred - See Response Body
[2024-12-10T05:35:02.971Z] Error reading or processing Modbus registers: A Modbus Exception Occurred - See Response Body
[2024-12-10T05:35:02.974Z] Error reading register 6507 for IP 10.30.4.128: A Modbus Exception Occurred - See Response Body
[2024-12-10T05:35:02.974Z] Error reading actual data: A Modbus Exception Occurred - See Response Body
[2024-12-10T05:35:02.975Z] Error writing to Modbus register: A Modbus Exception Occurred - See Response Body
[2024-12-10T05:35:03.983Z] Error reading or processing Modbus registers: A Modbus Exception Occurred - See Response Body
[2024-12-10T05:35:03.986Z] Error reading register 6507 for IP 10.30.4.128: A Modbus Exception Occurred - See Response Body
[2024-12-10T05:35:03.986Z] Error reading actual data: A Modbus Exception Occurred - See Response Body
[2024-12-10T05:35:03.987Z] Error writing to Modbus register: A Modbus Exception Occurred - See Response Body
[2024-12-10T05:35:04.998Z] Error reading or processing Modbus registers: A Modbus Exception Occurred - See Response Body
[2024-12-10T05:35:05.003Z] Error reading register 6507 for IP 10.30.4.128: A Modbus Exception Occurred - See Response Body
[2024-12-10T05:35:05.003Z] Error reading actual data: A Modbus Exception Occurred - See Response Body
[2024-12-10T05:35:05.004Z] Error writing to Modbus register: A Modbus Exception Occurred - See Response Body
[2024-12-10T05:35:06.011Z] Error reading or processing Modbus registers: A Modbus Exception Occurred - See Response Body
[2024-12-10T05:35:06.013Z] Error reading register 6507 for IP 10.30.4.128: A Modbus Exception Occurred - See Response Body
[2024-12-10T05:35:06.014Z] Error reading actual data: A Modbus Exception Occurred - See Response Body
[2024-12-10T05:35:06.014Z] Error writing to Modbus register: A Modbus Exception Occurred - See Response Body
[2024-12-10T05:35:07.023Z] Error reading or processing Modbus registers: A Modbus Exception Occurred - See Response Body
[2024-12-10T05:35:07.025Z] Error reading register 6507 for IP 10.30.4.128: A Modbus Exception Occurred - See Response Body
[2024-12-10T05:35:07.026Z] Error reading actual data: A Modbus Exception Occurred - See Response Body
[2024-12-10T05:35:07.026Z] Error writing to Modbus register: A Modbus Exception Occurred - See Response Body
[2024-12-10T05:35:08.036Z] Error reading or processing Modbus registers: A Modbus Exception Occurred - See Response Body
[2024-12-10T05:35:08.038Z] Error reading register 6507 for IP 10.30.4.128: A Modbus Exception Occurred - See Response Body
[2024-12-10T05:35:08.039Z] Error reading actual data: A Modbus Exception Occurred - See Response Body
[2024-12-10T05:35:08.039Z] Error writing to Modbus register: A Modbus Exception Occurred - See Response Body
[2024-12-10T05:35:09.049Z] Error reading or processing Modbus registers: A Modbus Exception Occurred - See Response Body
[2024-12-10T05:35:09.051Z] Error reading register 6507 for IP 10.30.4.128: A Modbus Exception Occurred - See Response Body
[2024-12-10T05:35:09.051Z] Error reading actual data: A Modbus Exception Occurred - See Response Body
[2024-12-10T05:35:09.052Z] Error writing to Modbus register: A Modbus Exception Occurred - See Response Body
[2024-12-10T05:35:10.051Z] Error reading or processing Modbus registers: A Modbus Exception Occurred - See Response Body
[2024-12-10T05:35:10.053Z] Error reading register 6507 for IP 10.30.4.128: A Modbus Exception Occurred - See Response Body
[2024-12-10T05:35:10.053Z] Error reading actual data: A Modbus Exception Occurred - See Response Body
[2024-12-10T05:35:10.054Z] Error writing to Modbus register: A Modbus Exception Occurred - See Response Body
[2024-12-10T05:35:11.064Z] Error reading or processing Modbus registers: A Modbus Exception Occurred - See Response Body
[2024-12-10T05:35:11.066Z] Error reading register 6507 for IP 10.30.4.128: A Modbus Exception Occurred - See Response Body
[2024-12-10T05:35:11.066Z] Error reading actual data: A Modbus Exception Occurred - See Response Body
[2024-12-10T05:35:11.067Z] Error writing to Modbus register: A Modbus Exception Occurred - See Response Body
[2024-12-10T05:35:12.078Z] Error reading or processing Modbus registers: A Modbus Exception Occurred - See Response Body
[2024-12-10T05:35:12.080Z] Error reading register 6507 for IP 10.30.4.128: A Modbus Exception Occurred - See Response Body
[2024-12-10T05:35:12.081Z] Error reading actual data: A Modbus Exception Occurred - See Response Body
[2024-12-10T05:35:12.082Z] Error writing to Modbus register: A Modbus Exception Occurred - See Response Body
[2024-12-10T05:35:13.088Z] Error reading or processing Modbus registers: A Modbus Exception Occurred - See Response Body
[2024-12-10T05:35:13.091Z] Error reading register 6507 for IP 10.30.4.128: A Modbus Exception Occurred - See Response Body
[2024-12-10T05:35:13.092Z] Error reading actual data: A Modbus Exception Occurred - See Response Body
[2024-12-10T05:35:13.092Z] Error writing to Modbus register: A Modbus Exception Occurred - See Response Body
[2024-12-10T05:35:14.100Z] Error reading or processing Modbus registers: A Modbus Exception Occurred - See Response Body
[2024-12-10T05:35:14.102Z] Error reading register 6507 for IP 10.30.4.128: A Modbus Exception Occurred - See Response Body
[2024-12-10T05:35:14.102Z] Error reading actual data: A Modbus Exception Occurred - See Response Body
[2024-12-10T05:35:14.103Z] Error writing to Modbus register: A Modbus Exception Occurred - See Response Body
[2024-12-10T05:35:15.109Z] Error reading or processing Modbus registers: A Modbus Exception Occurred - See Response Body
[2024-12-10T05:35:15.112Z] Error reading register 6507 for IP 10.30.4.128: A Modbus Exception Occurred - See Response Body
[2024-12-10T05:35:15.112Z] Error reading actual data: A Modbus Exception Occurred - See Response Body
[2024-12-10T05:35:15.113Z] Error writing to Modbus register: A Modbus Exception Occurred - See Response Body
[2024-12-10T05:35:16.121Z] Error reading or processing Modbus registers: A Modbus Exception Occurred - See Response Body
[2024-12-10T05:35:16.123Z] Error reading register 6507 for IP 10.30.4.128: A Modbus Exception Occurred - See Response Body
[2024-12-10T05:35:16.124Z] Error reading actual data: A Modbus Exception Occurred - See Response Body
[2024-12-10T05:35:16.125Z] Error writing to Modbus register: A Modbus Exception Occurred - See Response Body
[2024-12-10T05:35:17.132Z] Error reading or processing Modbus registers: A Modbus Exception Occurred - See Response Body
[2024-12-10T05:35:17.134Z] Error reading register 6507 for IP 10.30.4.128: A Modbus Exception Occurred - See Response Body
[2024-12-10T05:35:17.135Z] Error reading actual data: A Modbus Exception Occurred - See Response Body
[2024-12-10T05:35:17.135Z] Error writing to Modbus register: A Modbus Exception Occurred - See Response Body
[2024-12-10T05:35:18.143Z] Error reading or processing Modbus registers: A Modbus Exception Occurred - See Response Body
[2024-12-10T05:35:18.146Z] Error reading register 6507 for IP 10.30.4.128: A Modbus Exception Occurred - See Response Body
[2024-12-10T05:35:18.147Z] Error reading actual data: A Modbus Exception Occurred - See Response Body
[2024-12-10T05:35:18.147Z] Error writing to Modbus register: A Modbus Exception Occurred - See Response Body
[2024-12-10T05:35:19.153Z] Error reading or processing Modbus registers: A Modbus Exception Occurred - See Response Body
[2024-12-10T05:35:19.156Z] Error reading register 6507 for IP 10.30.4.128: A Modbus Exception Occurred - See Response Body
[2024-12-10T05:35:19.156Z] Error reading actual data: A Modbus Exception Occurred - See Response Body
[2024-12-10T05:35:19.157Z] Error writing to Modbus register: A Modbus Exception Occurred - See Response Body
[2024-12-10T05:35:20.163Z] Error reading or processing Modbus registers: A Modbus Exception Occurred - See Response Body
[2024-12-10T05:35:20.165Z] Error reading register 6507 for IP 10.30.4.128: A Modbus Exception Occurred - See Response Body
[2024-12-10T05:35:20.166Z] Error reading actual data: A Modbus Exception Occurred - See Response Body
[2024-12-10T05:35:20.167Z] Error writing to Modbus register: A Modbus Exception Occurred - See Response Body
[2024-12-10T05:35:21.174Z] Error reading or processing Modbus registers: A Modbus Exception Occurred - See Response Body
[2024-12-10T05:35:21.177Z] Error reading register 6507 for IP 10.30.4.128: A Modbus Exception Occurred - See Response Body
[2024-12-10T05:35:21.177Z] Error reading actual data: A Modbus Exception Occurred - See Response Body
[2024-12-10T05:35:21.178Z] Error writing to Modbus register: A Modbus Exception Occurred - See Response Body
[2024-12-10T05:35:22.184Z] Error reading or processing Modbus registers: A Modbus Exception Occurred - See Response Body
[2024-12-10T05:35:22.186Z] Error reading register 6507 for IP 10.30.4.128: A Modbus Exception Occurred - See Response Body
[2024-12-10T05:35:22.187Z] Error reading actual data: A Modbus Exception Occurred - See Response Body
[2024-12-10T05:35:22.188Z] Error writing to Modbus register: A Modbus Exception Occurred - See Response Body
[2024-12-10T05:35:23.192Z] Error reading or processing Modbus registers: A Modbus Exception Occurred - See Response Body
[2024-12-10T05:35:23.195Z] Error reading register 6507 for IP 10.30.4.128: A Modbus Exception Occurred - See Response Body
[2024-12-10T05:35:23.196Z] Error reading actual data: A Modbus Exception Occurred - See Response Body
[2024-12-10T05:35:23.196Z] Error writing to Modbus register: A Modbus Exception Occurred - See Response Body
[2024-12-10T05:35:24.206Z] Error reading or processing Modbus registers: A Modbus Exception Occurred - See Response Body
[2024-12-10T05:35:24.208Z] Error reading register 6507 for IP 10.30.4.128: A Modbus Exception Occurred - See Response Body
[2024-12-10T05:35:24.209Z] Error reading actual data: A Modbus Exception Occurred - See Response Body
[2024-12-10T05:35:24.209Z] Error writing to Modbus register: A Modbus Exception Occurred - See Response Body
[2024-12-10T05:35:25.218Z] Error reading or processing Modbus registers: A Modbus Exception Occurred - See Response Body
[2024-12-10T05:35:25.221Z] Error reading register 6507 for IP 10.30.4.128: A Modbus Exception Occurred - See Response Body
[2024-12-10T05:35:25.221Z] Error reading actual data: A Modbus Exception Occurred - See Response Body
[2024-12-10T05:35:25.222Z] Error writing to Modbus register: A Modbus Exception Occurred - See Response Body
[2024-12-10T05:35:26.219Z] Error reading or processing Modbus registers: A Modbus Exception Occurred - See Response Body
[2024-12-10T05:35:26.221Z] Error reading register 6507 for IP 10.30.4.128: A Modbus Exception Occurred - See Response Body
[2024-12-10T05:35:26.221Z] Error reading actual data: A Modbus Exception Occurred - See Response Body
[2024-12-10T05:35:26.222Z] Error writing to Modbus register: A Modbus Exception Occurred - See Response Body
[2024-12-10T05:35:27.229Z] Error reading or processing Modbus registers: A Modbus Exception Occurred - See Response Body
[2024-12-10T05:35:27.232Z] Error reading register 6507 for IP 10.30.4.128: A Modbus Exception Occurred - See Response Body
[2024-12-10T05:35:27.233Z] Error reading actual data: A Modbus Exception Occurred - See Response Body
[2024-12-10T05:35:27.233Z] Error writing to Modbus register: A Modbus Exception Occurred - See Response Body
[2024-12-10T05:35:28.243Z] Error reading or processing Modbus registers: A Modbus Exception Occurred - See Response Body
[2024-12-10T05:35:28.245Z] Error reading register 6507 for IP 10.30.4.128: A Modbus Exception Occurred - See Response Body
[2024-12-10T05:35:28.246Z] Error reading actual data: A Modbus Exception Occurred - See Response Body
[2024-12-10T05:35:28.246Z] Error writing to Modbus register: A Modbus Exception Occurred - See Response Body
[2024-12-10T05:35:29.257Z] Error reading or processing Modbus registers: A Modbus Exception Occurred - See Response Body
[2024-12-10T05:35:29.259Z] Error reading register 6507 for IP 10.30.4.128: A Modbus Exception Occurred - See Response Body
[2024-12-10T05:35:29.260Z] Error reading actual data: A Modbus Exception Occurred - See Response Body
[2024-12-10T05:35:29.261Z] Error writing to Modbus register: A Modbus Exception Occurred - See Response Body
[2024-12-10T05:35:30.269Z] Error reading or processing Modbus registers: A Modbus Exception Occurred - See Response Body
[2024-12-10T05:35:30.272Z] Error reading register 6507 for IP 10.30.4.128: A Modbus Exception Occurred - See Response Body
[2024-12-10T05:35:30.273Z] Error reading actual data: A Modbus Exception Occurred - See Response Body
[2024-12-10T05:35:30.273Z] Error writing to Modbus register: A Modbus Exception Occurred - See Response Body
[2024-12-10T05:35:31.279Z] Error reading or processing Modbus registers: A Modbus Exception Occurred - See Response Body
[2024-12-10T05:35:31.281Z] Error reading register 6507 for IP 10.30.4.128: A Modbus Exception Occurred - See Response Body
[2024-12-10T05:35:31.281Z] Error reading actual data: A Modbus Exception Occurred - See Response Body
[2024-12-10T05:35:31.282Z] Error writing to Modbus register: A Modbus Exception Occurred - See Response Body
[2024-12-10T05:35:32.293Z] Error reading or processing Modbus registers: A Modbus Exception Occurred - See Response Body
[2024-12-10T05:35:32.295Z] Error reading register 6507 for IP 10.30.4.128: A Modbus Exception Occurred - See Response Body
[2024-12-10T05:35:32.296Z] Error reading actual data: A Modbus Exception Occurred - See Response Body
[2024-12-10T05:35:32.296Z] Error writing to Modbus register: A Modbus Exception Occurred - See Response Body
[2024-12-10T05:35:33.293Z] Error reading or processing Modbus registers: A Modbus Exception Occurred - See Response Body
[2024-12-10T05:35:33.295Z] Error reading register 6507 for IP 10.30.4.128: A Modbus Exception Occurred - See Response Body
[2024-12-10T05:35:33.296Z] Error reading actual data: A Modbus Exception Occurred - See Response Body
[2024-12-10T05:35:33.296Z] Error writing to Modbus register: A Modbus Exception Occurred - See Response Body
[2024-12-10T05:35:34.304Z] Error reading or processing Modbus registers: A Modbus Exception Occurred - See Response Body
[2024-12-10T05:35:34.306Z] Error reading register 6507 for IP 10.30.4.128: A Modbus Exception Occurred - See Response Body
[2024-12-10T05:35:34.307Z] Error reading actual data: A Modbus Exception Occurred - See Response Body
[2024-12-10T05:35:34.308Z] Error writing to Modbus register: A Modbus Exception Occurred - See Response Body
[2024-12-10T05:35:35.319Z] Error reading or processing Modbus registers: A Modbus Exception Occurred - See Response Body
[2024-12-10T05:35:35.321Z] Error reading register 6507 for IP 10.30.4.128: A Modbus Exception Occurred - See Response Body
[2024-12-10T05:35:35.322Z] Error reading actual data: A Modbus Exception Occurred - See Response Body
[2024-12-10T05:35:35.323Z] Error writing to Modbus register: A Modbus Exception Occurred - See Response Body
[2024-12-10T05:35:36.319Z] Error reading or processing Modbus registers: A Modbus Exception Occurred - See Response Body
[2024-12-10T05:35:36.322Z] Error reading register 6507 for IP 10.30.4.128: A Modbus Exception Occurred - See Response Body
[2024-12-10T05:35:36.322Z] Error reading actual data: A Modbus Exception Occurred - See Response Body
[2024-12-10T05:35:36.323Z] Error writing to Modbus register: A Modbus Exception Occurred - See Response Body
[2024-12-10T05:35:37.332Z] Error reading or processing Modbus registers: A Modbus Exception Occurred - See Response Body
[2024-12-10T05:35:37.334Z] Error reading register 6507 for IP 10.30.4.128: A Modbus Exception Occurred - See Response Body
[2024-12-10T05:35:37.335Z] Error reading actual data: A Modbus Exception Occurred - See Response Body
[2024-12-10T05:35:37.335Z] Error writing to Modbus register: A Modbus Exception Occurred - See Response Body
[2024-12-10T05:35:38.343Z] Error reading or processing Modbus registers: A Modbus Exception Occurred - See Response Body
[2024-12-10T05:35:38.346Z] Error reading register 6507 for IP 10.30.4.128: A Modbus Exception Occurred - See Response Body
[2024-12-10T05:35:38.347Z] Error reading actual data: A Modbus Exception Occurred - See Response Body
[2024-12-10T05:35:38.347Z] Error writing to Modbus register: A Modbus Exception Occurred - See Response Body
[2024-12-10T05:35:39.355Z] Error reading or processing Modbus registers: A Modbus Exception Occurred - See Response Body
[2024-12-10T05:35:39.358Z] Error reading register 6507 for IP 10.30.4.128: A Modbus Exception Occurred - See Response Body
[2024-12-10T05:35:39.358Z] Error reading actual data: A Modbus Exception Occurred - See Response Body
[2024-12-10T05:35:39.359Z] Error writing to Modbus register: A Modbus Exception Occurred - See Response Body
[2024-12-10T05:35:40.367Z] Error reading or processing Modbus registers: A Modbus Exception Occurred - See Response Body
[2024-12-10T05:35:40.369Z] Error reading register 6507 for IP 10.30.4.128: A Modbus Exception Occurred - See Response Body
[2024-12-10T05:35:40.370Z] Error reading actual data: A Modbus Exception Occurred - See Response Body
[2024-12-10T05:35:40.371Z] Error writing to Modbus register: A Modbus Exception Occurred - See Response Body
[2024-12-10T05:35:41.369Z] Error reading or processing Modbus registers: A Modbus Exception Occurred - See Response Body
[2024-12-10T05:35:41.371Z] Error reading register 6507 for IP 10.30.4.128: A Modbus Exception Occurred - See Response Body
[2024-12-10T05:35:41.372Z] Error reading actual data: A Modbus Exception Occurred - See Response Body
[2024-12-10T05:35:41.373Z] Error writing to Modbus register: A Modbus Exception Occurred - See Response Body
[2024-12-10T05:35:42.379Z] Error reading or processing Modbus registers: A Modbus Exception Occurred - See Response Body
[2024-12-10T05:35:42.381Z] Error reading register 6507 for IP 10.30.4.128: A Modbus Exception Occurred - See Response Body
[2024-12-10T05:35:42.381Z] Error reading actual data: A Modbus Exception Occurred - See Response Body
[2024-12-10T05:35:42.382Z] Error writing to Modbus register: A Modbus Exception Occurred - See Response Body
[2024-12-10T05:35:43.390Z] Error reading or processing Modbus registers: A Modbus Exception Occurred - See Response Body
[2024-12-10T05:35:43.392Z] Error reading register 6507 for IP 10.30.4.128: A Modbus Exception Occurred - See Response Body
[2024-12-10T05:35:43.393Z] Error reading actual data: A Modbus Exception Occurred - See Response Body
[2024-12-10T05:35:43.393Z] Error writing to Modbus register: A Modbus Exception Occurred - See Response Body
[2024-12-10T05:35:44.400Z] Error reading or processing Modbus registers: A Modbus Exception Occurred - See Response Body
[2024-12-10T05:35:44.401Z] Error reading register 6507 for IP 10.30.4.128: A Modbus Exception Occurred - See Response Body
[2024-12-10T05:35:44.402Z] Error reading actual data: A Modbus Exception Occurred - See Response Body
[2024-12-10T05:35:44.403Z] Error writing to Modbus register: A Modbus Exception Occurred - See Response Body
[2024-12-10T05:35:45.414Z] Error reading or processing Modbus registers: A Modbus Exception Occurred - See Response Body
[2024-12-10T05:35:45.416Z] Error reading register 6507 for IP 10.30.4.128: A Modbus Exception Occurred - See Response Body
[2024-12-10T05:35:45.416Z] Error reading actual data: A Modbus Exception Occurred - See Response Body
[2024-12-10T05:35:45.417Z] Error writing to Modbus register: A Modbus Exception Occurred - See Response Body
[2024-12-10T05:35:46.427Z] Error reading or processing Modbus registers: A Modbus Exception Occurred - See Response Body
[2024-12-10T05:35:46.430Z] Error reading register 6507 for IP 10.30.4.128: A Modbus Exception Occurred - See Response Body
[2024-12-10T05:35:46.430Z] Error reading actual data: A Modbus Exception Occurred - See Response Body
[2024-12-10T05:35:46.431Z] Error writing to Modbus register: A Modbus Exception Occurred - See Response Body
[2024-12-10T05:35:47.436Z] Error reading or processing Modbus registers: A Modbus Exception Occurred - See Response Body
[2024-12-10T05:35:47.439Z] Error reading register 6507 for IP 10.30.4.128: A Modbus Exception Occurred - See Response Body
[2024-12-10T05:35:47.440Z] Error reading actual data: A Modbus Exception Occurred - See Response Body
[2024-12-10T05:35:47.440Z] Error writing to Modbus register: A Modbus Exception Occurred - See Response Body
[2024-12-10T05:35:48.449Z] Error reading or processing Modbus registers: A Modbus Exception Occurred - See Response Body
[2024-12-10T05:35:48.451Z] Error reading register 6507 for IP 10.30.4.128: A Modbus Exception Occurred - See Response Body
[2024-12-10T05:35:48.452Z] Error reading actual data: A Modbus Exception Occurred - See Response Body
[2024-12-10T05:35:48.453Z] Error writing to Modbus register: A Modbus Exception Occurred - See Response Body
[2024-12-10T05:35:49.460Z] Error reading or processing Modbus registers: A Modbus Exception Occurred - See Response Body
[2024-12-10T05:35:49.462Z] Error reading register 6507 for IP 10.30.4.128: A Modbus Exception Occurred - See Response Body
[2024-12-10T05:35:49.462Z] Error reading actual data: A Modbus Exception Occurred - See Response Body
[2024-12-10T05:35:49.463Z] Error writing to Modbus register: A Modbus Exception Occurred - See Response Body
[2024-12-10T05:35:50.470Z] Error reading or processing Modbus registers: A Modbus Exception Occurred - See Response Body
[2024-12-10T05:35:50.473Z] Error reading register 6507 for IP 10.30.4.128: A Modbus Exception Occurred - See Response Body
[2024-12-10T05:35:50.473Z] Error reading actual data: A Modbus Exception Occurred - See Response Body
[2024-12-10T05:35:50.474Z] Error writing to Modbus register: A Modbus Exception Occurred - See Response Body
[2024-12-10T05:35:51.482Z] Error reading or processing Modbus registers: A Modbus Exception Occurred - See Response Body
[2024-12-10T05:35:51.484Z] Error reading register 6507 for IP 10.30.4.128: A Modbus Exception Occurred - See Response Body
[2024-12-10T05:35:51.484Z] Error reading actual data: A Modbus Exception Occurred - See Response Body
[2024-12-10T05:35:51.485Z] Error writing to Modbus register: A Modbus Exception Occurred - See Response Body
[2024-12-10T05:35:52.490Z] Error reading or processing Modbus registers: A Modbus Exception Occurred - See Response Body
[2024-12-10T05:35:52.493Z] Error reading register 6507 for IP 10.30.4.128: A Modbus Exception Occurred - See Response Body
[2024-12-10T05:35:52.493Z] Error reading actual data: A Modbus Exception Occurred - See Response Body
[2024-12-10T05:35:52.494Z] Error writing to Modbus register: A Modbus Exception Occurred - See Response Body
[2024-12-10T05:35:53.502Z] Error reading or processing Modbus registers: A Modbus Exception Occurred - See Response Body
[2024-12-10T05:35:53.504Z] Error reading register 6507 for IP 10.30.4.128: A Modbus Exception Occurred - See Response Body
[2024-12-10T05:35:53.505Z] Error reading actual data: A Modbus Exception Occurred - See Response Body
[2024-12-10T05:35:53.506Z] Error writing to Modbus register: A Modbus Exception Occurred - See Response Body
[2024-12-10T05:35:54.510Z] Error reading or processing Modbus registers: A Modbus Exception Occurred - See Response Body
[2024-12-10T05:35:54.512Z] Error reading register 6507 for IP 10.30.4.128: A Modbus Exception Occurred - See Response Body
[2024-12-10T05:35:54.512Z] Error reading actual data: A Modbus Exception Occurred - See Response Body
[2024-12-10T05:35:54.513Z] Error writing to Modbus register: A Modbus Exception Occurred - See Response Body
[2024-12-10T05:35:55.521Z] Error reading or processing Modbus registers: A Modbus Exception Occurred - See Response Body
[2024-12-10T05:35:55.524Z] Error reading register 6507 for IP 10.30.4.128: A Modbus Exception Occurred - See Response Body
[2024-12-10T05:35:55.524Z] Error reading actual data: A Modbus Exception Occurred - See Response Body
[2024-12-10T05:35:55.525Z] Error writing to Modbus register: A Modbus Exception Occurred - See Response Body
[2024-12-10T05:35:56.533Z] Error reading or processing Modbus registers: A Modbus Exception Occurred - See Response Body
[2024-12-10T05:35:56.535Z] Error reading register 6507 for IP 10.30.4.128: A Modbus Exception Occurred - See Response Body
[2024-12-10T05:35:56.536Z] Error reading actual data: A Modbus Exception Occurred - See Response Body
[2024-12-10T05:35:56.537Z] Error writing to Modbus register: A Modbus Exception Occurred - See Response Body
[2024-12-10T05:35:57.548Z] Error reading or processing Modbus registers: A Modbus Exception Occurred - See Response Body
[2024-12-10T05:35:57.551Z] Error reading register 6507 for IP 10.30.4.128: A Modbus Exception Occurred - See Response Body
[2024-12-10T05:35:57.551Z] Error reading actual data: A Modbus Exception Occurred - See Response Body
[2024-12-10T05:35:57.552Z] Error writing to Modbus register: A Modbus Exception Occurred - See Response Body
[2024-12-10T05:35:58.555Z] Error reading or processing Modbus registers: A Modbus Exception Occurred - See Response Body
[2024-12-10T05:35:58.558Z] Error reading register 6507 for IP 10.30.4.128: A Modbus Exception Occurred - See Response Body
[2024-12-10T05:35:58.558Z] Error reading actual data: A Modbus Exception Occurred - See Response Body
[2024-12-10T05:35:58.559Z] Error writing to Modbus register: A Modbus Exception Occurred - See Response Body
[2024-12-10T05:35:59.570Z] Error reading or processing Modbus registers: A Modbus Exception Occurred - See Response Body
[2024-12-10T05:35:59.572Z] Error reading register 6507 for IP 10.30.4.128: A Modbus Exception Occurred - See Response Body
[2024-12-10T05:35:59.573Z] Error reading actual data: A Modbus Exception Occurred - See Response Body
[2024-12-10T05:35:59.573Z] Error writing to Modbus register: A Modbus Exception Occurred - See Response Body
[2024-12-10T05:36:00.583Z] Error reading or processing Modbus registers: A Modbus Exception Occurred - See Response Body
[2024-12-10T05:36:00.585Z] Error reading register 6507 for IP 10.30.4.128: A Modbus Exception Occurred - See Response Body
[2024-12-10T05:36:00.585Z] Error reading actual data: A Modbus Exception Occurred - See Response Body
[2024-12-10T05:36:00.586Z] Error writing to Modbus register: A Modbus Exception Occurred - See Response Body
[2024-12-10T05:36:01.592Z] Error reading or processing Modbus registers: A Modbus Exception Occurred - See Response Body
[2024-12-10T05:36:01.594Z] Error reading register 6507 for IP 10.30.4.128: A Modbus Exception Occurred - See Response Body
[2024-12-10T05:36:01.594Z] Error reading actual data: A Modbus Exception Occurred - See Response Body
[2024-12-10T05:36:01.595Z] Error writing to Modbus register: A Modbus Exception Occurred - See Response Body
[2024-12-10T05:36:02.601Z] Error reading or processing Modbus registers: A Modbus Exception Occurred - See Response Body
[2024-12-10T05:36:02.603Z] Error reading register 6507 for IP 10.30.4.128: A Modbus Exception Occurred - See Response Body
[2024-12-10T05:36:02.603Z] Error reading actual data: A Modbus Exception Occurred - See Response Body
[2024-12-10T05:36:02.604Z] Error writing to Modbus register: A Modbus Exception Occurred - See Response Body
[2024-12-10T05:36:03.611Z] Error reading or processing Modbus registers: A Modbus Exception Occurred - See Response Body
[2024-12-10T05:36:03.612Z] Error reading register 6507 for IP 10.30.4.128: A Modbus Exception Occurred - See Response Body
[2024-12-10T05:36:03.613Z] Error reading actual data: A Modbus Exception Occurred - See Response Body
[2024-12-10T05:36:03.613Z] Error writing to Modbus register: A Modbus Exception Occurred - See Response Body
[2024-12-10T05:36:04.625Z] Error reading or processing Modbus registers: A Modbus Exception Occurred - See Response Body
[2024-12-10T05:36:04.627Z] Error reading register 6507 for IP 10.30.4.128: A Modbus Exception Occurred - See Response Body
[2024-12-10T05:36:04.627Z] Error reading actual data: A Modbus Exception Occurred - See Response Body
[2024-12-10T05:36:04.628Z] Error writing to Modbus register: A Modbus Exception Occurred - See Response Body
[2024-12-10T05:36:05.639Z] Error reading or processing Modbus registers: A Modbus Exception Occurred - See Response Body
[2024-12-10T05:36:05.641Z] Error reading register 6507 for IP 10.30.4.128: A Modbus Exception Occurred - See Response Body
[2024-12-10T05:36:05.642Z] Error reading actual data: A Modbus Exception Occurred - See Response Body
[2024-12-10T05:36:05.642Z] Error writing to Modbus register: A Modbus Exception Occurred - See Response Body
[2024-12-10T05:36:06.651Z] Error reading or processing Modbus registers: A Modbus Exception Occurred - See Response Body
[2024-12-10T05:36:06.654Z] Error reading register 6507 for IP 10.30.4.128: A Modbus Exception Occurred - See Response Body
[2024-12-10T05:36:06.655Z] Error reading actual data: A Modbus Exception Occurred - See Response Body
[2024-12-10T05:36:06.656Z] Error writing to Modbus register: A Modbus Exception Occurred - See Response Body
[2024-12-10T05:36:07.662Z] Error reading or processing Modbus registers: A Modbus Exception Occurred - See Response Body
[2024-12-10T05:36:07.664Z] Error reading register 6507 for IP 10.30.4.128: A Modbus Exception Occurred - See Response Body
[2024-12-10T05:36:07.665Z] Error reading actual data: A Modbus Exception Occurred - See Response Body
[2024-12-10T05:36:07.665Z] Error writing to Modbus register: A Modbus Exception Occurred - See Response Body
[2024-12-10T05:36:08.673Z] Error reading or processing Modbus registers: A Modbus Exception Occurred - See Response Body
[2024-12-10T05:36:08.675Z] Error reading register 6507 for IP 10.30.4.128: A Modbus Exception Occurred - See Response Body
[2024-12-10T05:36:08.676Z] Error reading actual data: A Modbus Exception Occurred - See Response Body
[2024-12-10T05:36:08.677Z] Error writing to Modbus register: A Modbus Exception Occurred - See Response Body
[2024-12-10T05:36:09.685Z] Error reading or processing Modbus registers: A Modbus Exception Occurred - See Response Body
[2024-12-10T05:36:09.687Z] Error reading register 6507 for IP 10.30.4.128: A Modbus Exception Occurred - See Response Body
[2024-12-10T05:36:09.688Z] Error reading actual data: A Modbus Exception Occurred - See Response Body
[2024-12-10T05:36:09.689Z] Error writing to Modbus register: A Modbus Exception Occurred - See Response Body
[2024-12-10T05:36:10.699Z] Error reading or processing Modbus registers: A Modbus Exception Occurred - See Response Body
[2024-12-10T05:36:10.701Z] Error reading register 6507 for IP 10.30.4.128: A Modbus Exception Occurred - See Response Body
[2024-12-10T05:36:10.702Z] Error reading actual data: A Modbus Exception Occurred - See Response Body
[2024-12-10T05:36:10.702Z] Error writing to Modbus register: A Modbus Exception Occurred - See Response Body
[2024-12-10T05:36:11.714Z] Error reading or processing Modbus registers: A Modbus Exception Occurred - See Response Body
[2024-12-10T05:36:11.716Z] Error reading register 6507 for IP 10.30.4.128: A Modbus Exception Occurred - See Response Body
[2024-12-10T05:36:11.716Z] Error reading actual data: A Modbus Exception Occurred - See Response Body
[2024-12-10T05:36:11.717Z] Error writing to Modbus register: A Modbus Exception Occurred - See Response Body
[2024-12-10T05:36:12.724Z] Error reading or processing Modbus registers: A Modbus Exception Occurred - See Response Body
[2024-12-10T05:36:12.726Z] Error reading register 6507 for IP 10.30.4.128: A Modbus Exception Occurred - See Response Body
[2024-12-10T05:36:12.727Z] Error reading actual data: A Modbus Exception Occurred - See Response Body
[2024-12-10T05:36:12.728Z] Error writing to Modbus register: A Modbus Exception Occurred - See Response Body
[2024-12-10T05:36:13.733Z] Error reading or processing Modbus registers: A Modbus Exception Occurred - See Response Body
[2024-12-10T05:36:13.735Z] Error reading register 6507 for IP 10.30.4.128: A Modbus Exception Occurred - See Response Body
[2024-12-10T05:36:13.736Z] Error reading actual data: A Modbus Exception Occurred - See Response Body
[2024-12-10T05:36:13.737Z] Error writing to Modbus register: A Modbus Exception Occurred - See Response Body
[2024-12-10T05:36:14.743Z] Error reading or processing Modbus registers: A Modbus Exception Occurred - See Response Body
[2024-12-10T05:36:14.745Z] Error reading register 6507 for IP 10.30.4.128: A Modbus Exception Occurred - See Response Body
[2024-12-10T05:36:14.746Z] Error reading actual data: A Modbus Exception Occurred - See Response Body
[2024-12-10T05:36:14.746Z] Error writing to Modbus register: A Modbus Exception Occurred - See Response Body
[2024-12-10T05:36:15.755Z] Error reading or processing Modbus registers: A Modbus Exception Occurred - See Response Body
[2024-12-10T05:36:15.757Z] Error reading register 6507 for IP 10.30.4.128: A Modbus Exception Occurred - See Response Body
[2024-12-10T05:36:15.758Z] Error reading actual data: A Modbus Exception Occurred - See Response Body
[2024-12-10T05:36:15.758Z] Error writing to Modbus register: A Modbus Exception Occurred - See Response Body
[2024-12-10T05:36:16.769Z] Error reading or processing Modbus registers: A Modbus Exception Occurred - See Response Body
[2024-12-10T05:36:16.771Z] Error reading register 6507 for IP 10.30.4.128: A Modbus Exception Occurred - See Response Body
[2024-12-10T05:36:16.772Z] Error reading actual data: A Modbus Exception Occurred - See Response Body
[2024-12-10T05:36:16.772Z] Error writing to Modbus register: A Modbus Exception Occurred - See Response Body
[2024-12-10T05:36:17.773Z] Error reading or processing Modbus registers: A Modbus Exception Occurred - See Response Body
[2024-12-10T05:36:17.775Z] Error reading register 6507 for IP 10.30.4.128: A Modbus Exception Occurred - See Response Body
[2024-12-10T05:36:17.776Z] Error reading actual data: A Modbus Exception Occurred - See Response Body
[2024-12-10T05:36:17.776Z] Error writing to Modbus register: A Modbus Exception Occurred - See Response Body
[2024-12-10T05:36:18.788Z] Error reading or processing Modbus registers: A Modbus Exception Occurred - See Response Body
[2024-12-10T05:36:18.791Z] Error reading register 6507 for IP 10.30.4.128: A Modbus Exception Occurred - See Response Body
[2024-12-10T05:36:18.791Z] Error reading actual data: A Modbus Exception Occurred - See Response Body
[2024-12-10T05:36:18.792Z] Error writing to Modbus register: A Modbus Exception Occurred - See Response Body
[2024-12-10T05:36:19.793Z] Error reading or processing Modbus registers: A Modbus Exception Occurred - See Response Body
[2024-12-10T05:36:19.795Z] Error reading register 6507 for IP 10.30.4.128: A Modbus Exception Occurred - See Response Body
[2024-12-10T05:36:19.795Z] Error reading actual data: A Modbus Exception Occurred - See Response Body
[2024-12-10T05:36:19.796Z] Error writing to Modbus register: A Modbus Exception Occurred - See Response Body
[2024-12-10T05:36:20.806Z] Error reading or processing Modbus registers: A Modbus Exception Occurred - See Response Body
[2024-12-10T05:36:20.809Z] Error reading register 6507 for IP 10.30.4.128: A Modbus Exception Occurred - See Response Body
[2024-12-10T05:36:20.809Z] Error reading actual data: A Modbus Exception Occurred - See Response Body
[2024-12-10T05:36:20.810Z] Error writing to Modbus register: A Modbus Exception Occurred - See Response Body
[2024-12-10T05:36:21.817Z] Error reading or processing Modbus registers: A Modbus Exception Occurred - See Response Body
[2024-12-10T05:36:21.819Z] Error reading register 6507 for IP 10.30.4.128: A Modbus Exception Occurred - See Response Body
[2024-12-10T05:36:21.819Z] Error reading actual data: A Modbus Exception Occurred - See Response Body
[2024-12-10T05:36:21.820Z] Error writing to Modbus register: A Modbus Exception Occurred - See Response Body
[2024-12-10T05:36:22.829Z] Error reading or processing Modbus registers: A Modbus Exception Occurred - See Response Body
[2024-12-10T05:36:22.831Z] Error reading register 6507 for IP 10.30.4.128: A Modbus Exception Occurred - See Response Body
[2024-12-10T05:36:22.832Z] Error reading actual data: A Modbus Exception Occurred - See Response Body
[2024-12-10T05:36:22.832Z] Error writing to Modbus register: A Modbus Exception Occurred - See Response Body
[2024-12-10T05:36:23.843Z] Error reading or processing Modbus registers: A Modbus Exception Occurred - See Response Body
[2024-12-10T05:36:23.845Z] Error reading register 6507 for IP 10.30.4.128: A Modbus Exception Occurred - See Response Body
[2024-12-10T05:36:23.846Z] Error reading actual data: A Modbus Exception Occurred - See Response Body
[2024-12-10T05:36:23.846Z] Error writing to Modbus register: A Modbus Exception Occurred - See Response Body
[2024-12-10T05:36:24.858Z] Error reading or processing Modbus registers: A Modbus Exception Occurred - See Response Body
[2024-12-10T05:36:24.861Z] Error reading register 6507 for IP 10.30.4.128: A Modbus Exception Occurred - See Response Body
[2024-12-10T05:36:24.862Z] Error reading actual data: A Modbus Exception Occurred - See Response Body
[2024-12-10T05:36:24.863Z] Error writing to Modbus register: A Modbus Exception Occurred - See Response Body
[2024-12-10T05:36:25.870Z] Error reading or processing Modbus registers: A Modbus Exception Occurred - See Response Body
[2024-12-10T05:36:25.873Z] Error reading register 6507 for IP 10.30.4.128: A Modbus Exception Occurred - See Response Body
[2024-12-10T05:36:25.873Z] Error reading actual data: A Modbus Exception Occurred - See Response Body
[2024-12-10T05:36:25.874Z] Error writing to Modbus register: A Modbus Exception Occurred - See Response Body
[2024-12-10T05:36:26.883Z] Error reading or processing Modbus registers: A Modbus Exception Occurred - See Response Body
[2024-12-10T05:36:26.885Z] Error reading register 6507 for IP 10.30.4.128: A Modbus Exception Occurred - See Response Body
[2024-12-10T05:36:26.886Z] Error reading actual data: A Modbus Exception Occurred - See Response Body
[2024-12-10T05:36:26.887Z] Error writing to Modbus register: A Modbus Exception Occurred - See Response Body
[2024-12-10T05:36:27.898Z] Error reading or processing Modbus registers: A Modbus Exception Occurred - See Response Body
[2024-12-10T05:36:27.900Z] Error reading register 6507 for IP 10.30.4.128: A Modbus Exception Occurred - See Response Body
[2024-12-10T05:36:27.901Z] Error reading actual data: A Modbus Exception Occurred - See Response Body
[2024-12-10T05:36:27.901Z] Error writing to Modbus register: A Modbus Exception Occurred - See Response Body
[2024-12-10T05:36:28.909Z] Error reading or processing Modbus registers: A Modbus Exception Occurred - See Response Body
[2024-12-10T05:36:28.911Z] Error reading register 6507 for IP 10.30.4.128: A Modbus Exception Occurred - See Response Body
[2024-12-10T05:36:28.911Z] Error reading actual data: A Modbus Exception Occurred - See Response Body
[2024-12-10T05:36:28.912Z] Error writing to Modbus register: A Modbus Exception Occurred - See Response Body
[2024-12-10T05:36:29.919Z] Error reading or processing Modbus registers: A Modbus Exception Occurred - See Response Body
[2024-12-10T05:36:29.922Z] Error reading register 6507 for IP 10.30.4.128: A Modbus Exception Occurred - See Response Body
[2024-12-10T05:36:29.923Z] Error reading actual data: A Modbus Exception Occurred - See Response Body
[2024-12-10T05:36:29.923Z] Error writing to Modbus register: A Modbus Exception Occurred - See Response Body
[2024-12-10T05:36:30.928Z] Error reading or processing Modbus registers: A Modbus Exception Occurred - See Response Body
[2024-12-10T05:36:30.930Z] Error reading register 6507 for IP 10.30.4.128: A Modbus Exception Occurred - See Response Body
[2024-12-10T05:36:30.931Z] Error reading actual data: A Modbus Exception Occurred - See Response Body
[2024-12-10T05:36:30.932Z] Error writing to Modbus register: A Modbus Exception Occurred - See Response Body
[2024-12-10T05:36:31.938Z] Error reading or processing Modbus registers: A Modbus Exception Occurred - See Response Body
[2024-12-10T05:36:31.940Z] Error reading register 6507 for IP 10.30.4.128: A Modbus Exception Occurred - See Response Body
[2024-12-10T05:36:31.941Z] Error reading actual data: A Modbus Exception Occurred - See Response Body
[2024-12-10T05:36:31.942Z] Error writing to Modbus register: A Modbus Exception Occurred - See Response Body
[2024-12-10T05:36:32.946Z] Error reading or processing Modbus registers: A Modbus Exception Occurred - See Response Body
[2024-12-10T05:36:32.949Z] Error reading register 6507 for IP 10.30.4.128: A Modbus Exception Occurred - See Response Body
[2024-12-10T05:36:32.952Z] Error reading actual data: A Modbus Exception Occurred - See Response Body
[2024-12-10T05:36:32.953Z] Error writing to Modbus register: A Modbus Exception Occurred - See Response Body
[2024-12-10T05:36:33.954Z] Error reading or processing Modbus registers: A Modbus Exception Occurred - See Response Body
[2024-12-10T05:36:33.956Z] Error reading register 6507 for IP 10.30.4.128: A Modbus Exception Occurred - See Response Body
[2024-12-10T05:36:33.956Z] Error reading actual data: A Modbus Exception Occurred - See Response Body
[2024-12-10T05:36:33.957Z] Error writing to Modbus register: A Modbus Exception Occurred - See Response Body
[2024-12-10T05:36:34.969Z] Error reading or processing Modbus registers: A Modbus Exception Occurred - See Response Body
[2024-12-10T05:36:34.972Z] Error reading register 6507 for IP 10.30.4.128: A Modbus Exception Occurred - See Response Body
[2024-12-10T05:36:34.972Z] Error reading actual data: A Modbus Exception Occurred - See Response Body
[2024-12-10T05:36:34.973Z] Error writing to Modbus register: A Modbus Exception Occurred - See Response Body
[2024-12-10T05:36:35.984Z] Error reading or processing Modbus registers: A Modbus Exception Occurred - See Response Body
[2024-12-10T05:36:35.986Z] Error reading register 6507 for IP 10.30.4.128: A Modbus Exception Occurred - See Response Body
[2024-12-10T05:36:35.987Z] Error reading actual data: A Modbus Exception Occurred - See Response Body
[2024-12-10T05:36:35.987Z] Error writing to Modbus register: A Modbus Exception Occurred - See Response Body
[2024-12-10T05:36:36.999Z] Error reading or processing Modbus registers: A Modbus Exception Occurred - See Response Body
[2024-12-10T05:36:37.001Z] Error reading register 6507 for IP 10.30.4.128: A Modbus Exception Occurred - See Response Body
[2024-12-10T05:36:37.002Z] Error reading actual data: A Modbus Exception Occurred - See Response Body
[2024-12-10T05:36:37.003Z] Error writing to Modbus register: A Modbus Exception Occurred - See Response Body
[2024-12-10T05:36:38.013Z] Error reading or processing Modbus registers: A Modbus Exception Occurred - See Response Body
[2024-12-10T05:36:38.017Z] Error reading register 6507 for IP 10.30.4.128: A Modbus Exception Occurred - See Response Body
[2024-12-10T05:36:38.018Z] Error reading actual data: A Modbus Exception Occurred - See Response Body
[2024-12-10T05:36:38.018Z] Error writing to Modbus register: A Modbus Exception Occurred - See Response Body
[2024-12-10T05:36:39.028Z] Error reading or processing Modbus registers: A Modbus Exception Occurred - See Response Body
[2024-12-10T05:36:39.030Z] Error reading register 6507 for IP 10.30.4.128: A Modbus Exception Occurred - See Response Body
[2024-12-10T05:36:39.030Z] Error reading actual data: A Modbus Exception Occurred - See Response Body
[2024-12-10T05:36:39.031Z] Error writing to Modbus register: A Modbus Exception Occurred - See Response Body
[2024-12-10T05:36:40.039Z] Error reading or processing Modbus registers: A Modbus Exception Occurred - See Response Body
[2024-12-10T05:36:40.041Z] Error reading register 6507 for IP 10.30.4.128: A Modbus Exception Occurred - See Response Body
[2024-12-10T05:36:40.042Z] Error reading actual data: A Modbus Exception Occurred - See Response Body
[2024-12-10T05:36:40.042Z] Error writing to Modbus register: A Modbus Exception Occurred - See Response Body
[2024-12-10T05:36:41.049Z] Error reading or processing Modbus registers: A Modbus Exception Occurred - See Response Body
[2024-12-10T05:36:41.051Z] Error reading register 6507 for IP 10.30.4.128: A Modbus Exception Occurred - See Response Body
[2024-12-10T05:36:41.051Z] Error reading actual data: A Modbus Exception Occurred - See Response Body
[2024-12-10T05:36:41.052Z] Error writing to Modbus register: A Modbus Exception Occurred - See Response Body
[2024-12-10T05:36:42.062Z] Error reading or processing Modbus registers: A Modbus Exception Occurred - See Response Body
[2024-12-10T05:36:42.064Z] Error reading register 6507 for IP 10.30.4.128: A Modbus Exception Occurred - See Response Body
[2024-12-10T05:36:42.065Z] Error reading actual data: A Modbus Exception Occurred - See Response Body
[2024-12-10T05:36:42.065Z] Error writing to Modbus register: A Modbus Exception Occurred - See Response Body
[2024-12-10T05:36:43.076Z] Error reading or processing Modbus registers: A Modbus Exception Occurred - See Response Body
[2024-12-10T05:36:43.078Z] Error reading register 6507 for IP 10.30.4.128: A Modbus Exception Occurred - See Response Body
[2024-12-10T05:36:43.079Z] Error reading actual data: A Modbus Exception Occurred - See Response Body
[2024-12-10T05:36:43.080Z] Error writing to Modbus register: A Modbus Exception Occurred - See Response Body
[2024-12-10T05:36:44.078Z] Error reading or processing Modbus registers: A Modbus Exception Occurred - See Response Body
[2024-12-10T05:36:44.080Z] Error reading register 6507 for IP 10.30.4.128: A Modbus Exception Occurred - See Response Body
[2024-12-10T05:36:44.081Z] Error reading actual data: A Modbus Exception Occurred - See Response Body
[2024-12-10T05:36:44.081Z] Error writing to Modbus register: A Modbus Exception Occurred - See Response Body
[2024-12-10T05:36:45.092Z] Error reading or processing Modbus registers: A Modbus Exception Occurred - See Response Body
[2024-12-10T05:36:45.095Z] Error reading register 6507 for IP 10.30.4.128: A Modbus Exception Occurred - See Response Body
[2024-12-10T05:36:45.096Z] Error reading actual data: A Modbus Exception Occurred - See Response Body
[2024-12-10T05:36:45.096Z] Error writing to Modbus register: A Modbus Exception Occurred - See Response Body
[2024-12-10T05:36:46.100Z] Error reading or processing Modbus registers: A Modbus Exception Occurred - See Response Body
[2024-12-10T05:36:46.102Z] Error reading register 6507 for IP 10.30.4.128: A Modbus Exception Occurred - See Response Body
[2024-12-10T05:36:46.103Z] Error reading actual data: A Modbus Exception Occurred - See Response Body
[2024-12-10T05:36:46.104Z] Error writing to Modbus register: A Modbus Exception Occurred - See Response Body
[2024-12-10T05:36:47.114Z] Error reading or processing Modbus registers: A Modbus Exception Occurred - See Response Body
[2024-12-10T05:36:47.116Z] Error reading register 6507 for IP 10.30.4.128: A Modbus Exception Occurred - See Response Body
[2024-12-10T05:36:47.117Z] Error reading actual data: A Modbus Exception Occurred - See Response Body
[2024-12-10T05:36:47.118Z] Error writing to Modbus register: A Modbus Exception Occurred - See Response Body
[2024-12-10T05:36:48.129Z] Error reading or processing Modbus registers: A Modbus Exception Occurred - See Response Body
[2024-12-10T05:36:48.131Z] Error reading register 6507 for IP 10.30.4.128: A Modbus Exception Occurred - See Response Body
[2024-12-10T05:36:48.132Z] Error reading actual data: A Modbus Exception Occurred - See Response Body
[2024-12-10T05:36:48.132Z] Error writing to Modbus register: A Modbus Exception Occurred - See Response Body
[2024-12-10T05:36:49.142Z] Error reading or processing Modbus registers: A Modbus Exception Occurred - See Response Body
[2024-12-10T05:36:49.147Z] Error reading register 6507 for IP 10.30.4.128: A Modbus Exception Occurred - See Response Body
[2024-12-10T05:36:49.148Z] Error reading actual data: A Modbus Exception Occurred - See Response Body
[2024-12-10T05:36:49.148Z] Error writing to Modbus register: A Modbus Exception Occurred - See Response Body
[2024-12-10T05:36:50.142Z] Error reading or processing Modbus registers: A Modbus Exception Occurred - See Response Body
[2024-12-10T05:36:50.147Z] Error reading register 6507 for IP 10.30.4.128: A Modbus Exception Occurred - See Response Body
[2024-12-10T05:36:50.148Z] Error reading actual data: A Modbus Exception Occurred - See Response Body
[2024-12-10T05:36:50.148Z] Error writing to Modbus register: A Modbus Exception Occurred - See Response Body
[2024-12-10T05:36:51.155Z] Error reading or processing Modbus registers: A Modbus Exception Occurred - See Response Body
[2024-12-10T05:36:51.157Z] Error reading register 6507 for IP 10.30.4.128: A Modbus Exception Occurred - See Response Body
[2024-12-10T05:36:51.158Z] Error reading actual data: A Modbus Exception Occurred - See Response Body
[2024-12-10T05:36:51.158Z] Error writing to Modbus register: A Modbus Exception Occurred - See Response Body
[2024-12-10T05:36:52.167Z] Error reading or processing Modbus registers: A Modbus Exception Occurred - See Response Body
[2024-12-10T05:36:52.169Z] Error reading register 6507 for IP 10.30.4.128: A Modbus Exception Occurred - See Response Body
[2024-12-10T05:36:52.169Z] Error reading actual data: A Modbus Exception Occurred - See Response Body
[2024-12-10T05:36:52.170Z] Error writing to Modbus register: A Modbus Exception Occurred - See Response Body
[2024-12-10T05:36:53.179Z] Error reading or processing Modbus registers: A Modbus Exception Occurred - See Response Body
[2024-12-10T05:36:53.181Z] Error reading register 6507 for IP 10.30.4.128: A Modbus Exception Occurred - See Response Body
[2024-12-10T05:36:53.182Z] Error reading actual data: A Modbus Exception Occurred - See Response Body
[2024-12-10T05:36:53.182Z] Error writing to Modbus register: A Modbus Exception Occurred - See Response Body
[2024-12-10T05:36:54.193Z] Error reading or processing Modbus registers: A Modbus Exception Occurred - See Response Body
[2024-12-10T05:36:54.195Z] Error reading register 6507 for IP 10.30.4.128: A Modbus Exception Occurred - See Response Body
[2024-12-10T05:36:54.196Z] Error reading actual data: A Modbus Exception Occurred - See Response Body
[2024-12-10T05:36:54.197Z] Error writing to Modbus register: A Modbus Exception Occurred - See Response Body
[2024-12-10T05:36:55.204Z] Error reading or processing Modbus registers: A Modbus Exception Occurred - See Response Body
[2024-12-10T05:36:55.206Z] Error reading register 6507 for IP 10.30.4.128: A Modbus Exception Occurred - See Response Body
[2024-12-10T05:36:55.206Z] Error reading actual data: A Modbus Exception Occurred - See Response Body
[2024-12-10T05:36:55.207Z] Error writing to Modbus register: A Modbus Exception Occurred - See Response Body
[2024-12-10T05:36:56.204Z] Error reading or processing Modbus registers: A Modbus Exception Occurred - See Response Body
[2024-12-10T05:36:56.206Z] Error reading register 6507 for IP 10.30.4.128: A Modbus Exception Occurred - See Response Body
[2024-12-10T05:36:56.206Z] Error reading actual data: A Modbus Exception Occurred - See Response Body
[2024-12-10T05:36:56.207Z] Error writing to Modbus register: A Modbus Exception Occurred - See Response Body
[2024-12-10T05:36:57.216Z] Error reading or processing Modbus registers: A Modbus Exception Occurred - See Response Body
[2024-12-10T05:36:57.219Z] Error reading register 6507 for IP 10.30.4.128: A Modbus Exception Occurred - See Response Body
[2024-12-10T05:36:57.219Z] Error reading actual data: A Modbus Exception Occurred - See Response Body
[2024-12-10T05:36:57.220Z] Error writing to Modbus register: A Modbus Exception Occurred - See Response Body
[2024-12-10T05:36:58.228Z] Error reading or processing Modbus registers: A Modbus Exception Occurred - See Response Body
[2024-12-10T05:36:58.230Z] Error reading register 6507 for IP 10.30.4.128: A Modbus Exception Occurred - See Response Body
[2024-12-10T05:36:58.231Z] Error reading actual data: A Modbus Exception Occurred - See Response Body
[2024-12-10T05:36:58.231Z] Error writing to Modbus register: A Modbus Exception Occurred - See Response Body
[2024-12-10T05:36:59.240Z] Error reading or processing Modbus registers: A Modbus Exception Occurred - See Response Body
[2024-12-10T05:36:59.242Z] Error reading register 6507 for IP 10.30.4.128: A Modbus Exception Occurred - See Response Body
[2024-12-10T05:36:59.243Z] Error reading actual data: A Modbus Exception Occurred - See Response Body
[2024-12-10T05:36:59.243Z] Error writing to Modbus register: A Modbus Exception Occurred - See Response Body
[2024-12-10T05:37:00.249Z] Error reading or processing Modbus registers: A Modbus Exception Occurred - See Response Body
[2024-12-10T05:37:00.252Z] Error reading register 6507 for IP 10.30.4.128: A Modbus Exception Occurred - See Response Body
[2024-12-10T05:37:00.252Z] Error reading actual data: A Modbus Exception Occurred - See Response Body
[2024-12-10T05:37:00.253Z] Error writing to Modbus register: A Modbus Exception Occurred - See Response Body
[2024-12-10T05:37:01.264Z] Error reading or processing Modbus registers: A Modbus Exception Occurred - See Response Body
[2024-12-10T05:37:01.266Z] Error reading register 6507 for IP 10.30.4.128: A Modbus Exception Occurred - See Response Body
[2024-12-10T05:37:01.266Z] Error reading actual data: A Modbus Exception Occurred - See Response Body
[2024-12-10T05:37:01.267Z] Error writing to Modbus register: A Modbus Exception Occurred - See Response Body
[2024-12-10T05:37:02.277Z] Error reading or processing Modbus registers: A Modbus Exception Occurred - See Response Body
[2024-12-10T05:37:02.280Z] Error reading register 6507 for IP 10.30.4.128: A Modbus Exception Occurred - See Response Body
[2024-12-10T05:37:02.280Z] Error reading actual data: A Modbus Exception Occurred - See Response Body
[2024-12-10T05:37:02.281Z] Error writing to Modbus register: A Modbus Exception Occurred - See Response Body
[2024-12-10T05:37:03.292Z] Error reading or processing Modbus registers: A Modbus Exception Occurred - See Response Body
[2024-12-10T05:37:03.294Z] Error reading register 6507 for IP 10.30.4.128: A Modbus Exception Occurred - See Response Body
[2024-12-10T05:37:03.295Z] Error reading actual data: A Modbus Exception Occurred - See Response Body
[2024-12-10T05:37:03.296Z] Error writing to Modbus register: A Modbus Exception Occurred - See Response Body
[2024-12-10T05:37:04.305Z] Error reading or processing Modbus registers: A Modbus Exception Occurred - See Response Body
[2024-12-10T05:37:04.307Z] Error reading register 6507 for IP 10.30.4.128: A Modbus Exception Occurred - See Response Body
[2024-12-10T05:37:04.308Z] Error reading actual data: A Modbus Exception Occurred - See Response Body
[2024-12-10T05:37:04.308Z] Error writing to Modbus register: A Modbus Exception Occurred - See Response Body
[2024-12-10T05:37:05.306Z] Error reading or processing Modbus registers: A Modbus Exception Occurred - See Response Body
[2024-12-10T05:37:05.308Z] Error reading register 6507 for IP 10.30.4.128: A Modbus Exception Occurred - See Response Body
[2024-12-10T05:37:05.309Z] Error reading actual data: A Modbus Exception Occurred - See Response Body
[2024-12-10T05:37:05.309Z] Error writing to Modbus register: A Modbus Exception Occurred - See Response Body
[2024-12-10T05:37:06.319Z] Error reading or processing Modbus registers: A Modbus Exception Occurred - See Response Body
[2024-12-10T05:37:06.321Z] Error reading register 6507 for IP 10.30.4.128: A Modbus Exception Occurred - See Response Body
[2024-12-10T05:37:06.322Z] Error reading actual data: A Modbus Exception Occurred - See Response Body
[2024-12-10T05:37:06.323Z] Error writing to Modbus register: A Modbus Exception Occurred - See Response Body
[2024-12-10T05:37:07.334Z] Error reading or processing Modbus registers: A Modbus Exception Occurred - See Response Body
[2024-12-10T05:37:07.336Z] Error reading register 6507 for IP 10.30.4.128: A Modbus Exception Occurred - See Response Body
[2024-12-10T05:37:07.337Z] Error reading actual data: A Modbus Exception Occurred - See Response Body
[2024-12-10T05:37:07.337Z] Error writing to Modbus register: A Modbus Exception Occurred - See Response Body
[2024-12-10T05:37:08.348Z] Error reading or processing Modbus registers: A Modbus Exception Occurred - See Response Body
[2024-12-10T05:37:08.350Z] Error reading register 6507 for IP 10.30.4.128: A Modbus Exception Occurred - See Response Body
[2024-12-10T05:37:08.351Z] Error reading actual data: A Modbus Exception Occurred - See Response Body
[2024-12-10T05:37:08.351Z] Error writing to Modbus register: A Modbus Exception Occurred - See Response Body
[2024-12-10T05:37:09.362Z] Error reading or processing Modbus registers: A Modbus Exception Occurred - See Response Body
[2024-12-10T05:37:09.365Z] Error reading register 6507 for IP 10.30.4.128: A Modbus Exception Occurred - See Response Body
[2024-12-10T05:37:09.366Z] Error reading actual data: A Modbus Exception Occurred - See Response Body
[2024-12-10T05:37:09.366Z] Error writing to Modbus register: A Modbus Exception Occurred - See Response Body
[2024-12-10T05:37:10.375Z] Error reading or processing Modbus registers: A Modbus Exception Occurred - See Response Body
[2024-12-10T05:37:10.377Z] Error reading register 6507 for IP 10.30.4.128: A Modbus Exception Occurred - See Response Body
[2024-12-10T05:37:10.378Z] Error reading actual data: A Modbus Exception Occurred - See Response Body
[2024-12-10T05:37:10.378Z] Error writing to Modbus register: A Modbus Exception Occurred - See Response Body
[2024-12-10T05:37:11.376Z] Error reading or processing Modbus registers: A Modbus Exception Occurred - See Response Body
[2024-12-10T05:37:11.379Z] Error reading register 6507 for IP 10.30.4.128: A Modbus Exception Occurred - See Response Body
[2024-12-10T05:37:11.379Z] Error reading actual data: A Modbus Exception Occurred - See Response Body
[2024-12-10T05:37:11.380Z] Error writing to Modbus register: A Modbus Exception Occurred - See Response Body
[2024-12-10T05:37:12.389Z] Error reading or processing Modbus registers: A Modbus Exception Occurred - See Response Body
[2024-12-10T05:37:12.391Z] Error reading register 6507 for IP 10.30.4.128: A Modbus Exception Occurred - See Response Body
[2024-12-10T05:37:12.391Z] Error reading actual data: A Modbus Exception Occurred - See Response Body
[2024-12-10T05:37:12.391Z] Error writing to Modbus register: A Modbus Exception Occurred - See Response Body
[2024-12-10T05:37:13.399Z] Error reading or processing Modbus registers: A Modbus Exception Occurred - See Response Body
[2024-12-10T05:37:13.401Z] Error reading register 6507 for IP 10.30.4.128: A Modbus Exception Occurred - See Response Body
[2024-12-10T05:37:13.401Z] Error reading actual data: A Modbus Exception Occurred - See Response Body
[2024-12-10T05:37:13.402Z] Error writing to Modbus register: A Modbus Exception Occurred - See Response Body
[2024-12-10T05:37:14.412Z] Error reading or processing Modbus registers: A Modbus Exception Occurred - See Response Body
[2024-12-10T05:37:14.413Z] Error reading register 6507 for IP 10.30.4.128: A Modbus Exception Occurred - See Response Body
[2024-12-10T05:37:14.414Z] Error reading actual data: A Modbus Exception Occurred - See Response Body
[2024-12-10T05:37:14.415Z] Error writing to Modbus register: A Modbus Exception Occurred - See Response Body
[2024-12-10T05:37:15.423Z] Error reading or processing Modbus registers: A Modbus Exception Occurred - See Response Body
[2024-12-10T05:37:15.425Z] Error reading register 6507 for IP 10.30.4.128: A Modbus Exception Occurred - See Response Body
[2024-12-10T05:37:15.426Z] Error reading actual data: A Modbus Exception Occurred - See Response Body
[2024-12-10T05:37:15.426Z] Error writing to Modbus register: A Modbus Exception Occurred - See Response Body
[2024-12-10T05:37:16.424Z] Error reading or processing Modbus registers: A Modbus Exception Occurred - See Response Body
[2024-12-10T05:37:16.426Z] Error reading register 6507 for IP 10.30.4.128: A Modbus Exception Occurred - See Response Body
[2024-12-10T05:37:16.427Z] Error reading actual data: A Modbus Exception Occurred - See Response Body
[2024-12-10T05:37:16.427Z] Error writing to Modbus register: A Modbus Exception Occurred - See Response Body
[2024-12-10T05:37:17.438Z] Error reading or processing Modbus registers: A Modbus Exception Occurred - See Response Body
[2024-12-10T05:37:17.440Z] Error reading register 6507 for IP 10.30.4.128: A Modbus Exception Occurred - See Response Body
[2024-12-10T05:37:17.440Z] Error reading actual data: A Modbus Exception Occurred - See Response Body
[2024-12-10T05:37:17.441Z] Error writing to Modbus register: A Modbus Exception Occurred - See Response Body
[2024-12-10T05:37:18.452Z] Error reading or processing Modbus registers: A Modbus Exception Occurred - See Response Body
[2024-12-10T05:37:18.454Z] Error reading register 6507 for IP 10.30.4.128: A Modbus Exception Occurred - See Response Body
[2024-12-10T05:37:18.455Z] Error reading actual data: A Modbus Exception Occurred - See Response Body
[2024-12-10T05:37:18.455Z] Error writing to Modbus register: A Modbus Exception Occurred - See Response Body
[2024-12-10T05:37:19.465Z] Error reading or processing Modbus registers: A Modbus Exception Occurred - See Response Body
[2024-12-10T05:37:19.467Z] Error reading register 6507 for IP 10.30.4.128: A Modbus Exception Occurred - See Response Body
[2024-12-10T05:37:19.468Z] Error reading actual data: A Modbus Exception Occurred - See Response Body
[2024-12-10T05:37:19.468Z] Error writing to Modbus register: A Modbus Exception Occurred - See Response Body
[2024-12-10T05:37:20.478Z] Error reading or processing Modbus registers: A Modbus Exception Occurred - See Response Body
[2024-12-10T05:37:20.480Z] Error reading register 6507 for IP 10.30.4.128: A Modbus Exception Occurred - See Response Body
[2024-12-10T05:37:20.481Z] Error reading actual data: A Modbus Exception Occurred - See Response Body
[2024-12-10T05:37:20.481Z] Error writing to Modbus register: A Modbus Exception Occurred - See Response Body
[2024-12-10T05:37:21.492Z] Error reading or processing Modbus registers: A Modbus Exception Occurred - See Response Body
[2024-12-10T05:37:21.494Z] Error reading register 6507 for IP 10.30.4.128: A Modbus Exception Occurred - See Response Body
[2024-12-10T05:37:21.495Z] Error reading actual data: A Modbus Exception Occurred - See Response Body
[2024-12-10T05:37:21.495Z] Error writing to Modbus register: A Modbus Exception Occurred - See Response Body
[2024-12-10T05:37:22.503Z] Error reading or processing Modbus registers: A Modbus Exception Occurred - See Response Body
[2024-12-10T05:37:22.505Z] Error reading register 6507 for IP 10.30.4.128: A Modbus Exception Occurred - See Response Body
[2024-12-10T05:37:22.506Z] Error reading actual data: A Modbus Exception Occurred - See Response Body
[2024-12-10T05:37:22.507Z] Error writing to Modbus register: A Modbus Exception Occurred - See Response Body
[2024-12-10T05:37:23.514Z] Error reading or processing Modbus registers: A Modbus Exception Occurred - See Response Body
[2024-12-10T05:37:23.516Z] Error reading register 6507 for IP 10.30.4.128: A Modbus Exception Occurred - See Response Body
[2024-12-10T05:37:23.517Z] Error reading actual data: A Modbus Exception Occurred - See Response Body
[2024-12-10T05:37:23.517Z] Error writing to Modbus register: A Modbus Exception Occurred - See Response Body
[2024-12-10T05:37:24.524Z] Error reading or processing Modbus registers: A Modbus Exception Occurred - See Response Body
[2024-12-10T05:37:24.527Z] Error reading register 6507 for IP 10.30.4.128: A Modbus Exception Occurred - See Response Body
[2024-12-10T05:37:24.528Z] Error reading actual data: A Modbus Exception Occurred - See Response Body
[2024-12-10T05:37:24.528Z] Error writing to Modbus register: A Modbus Exception Occurred - See Response Body
[2024-12-10T05:37:25.537Z] Error reading or processing Modbus registers: A Modbus Exception Occurred - See Response Body
[2024-12-10T05:37:25.539Z] Error reading register 6507 for IP 10.30.4.128: A Modbus Exception Occurred - See Response Body
[2024-12-10T05:37:25.540Z] Error reading actual data: A Modbus Exception Occurred - See Response Body
[2024-12-10T05:37:25.540Z] Error writing to Modbus register: A Modbus Exception Occurred - See Response Body
[2024-12-10T05:37:26.553Z] Error reading or processing Modbus registers: A Modbus Exception Occurred - See Response Body
[2024-12-10T05:37:26.556Z] Error reading register 6507 for IP 10.30.4.128: A Modbus Exception Occurred - See Response Body
[2024-12-10T05:37:26.556Z] Error reading actual data: A Modbus Exception Occurred - See Response Body
[2024-12-10T05:37:26.557Z] Error writing to Modbus register: A Modbus Exception Occurred - See Response Body
[2024-12-10T05:37:27.560Z] Error reading or processing Modbus registers: A Modbus Exception Occurred - See Response Body
[2024-12-10T05:37:27.562Z] Error reading register 6507 for IP 10.30.4.128: A Modbus Exception Occurred - See Response Body
[2024-12-10T05:37:27.563Z] Error reading actual data: A Modbus Exception Occurred - See Response Body
[2024-12-10T05:37:27.563Z] Error writing to Modbus register: A Modbus Exception Occurred - See Response Body
[2024-12-10T05:37:28.569Z] Error reading or processing Modbus registers: A Modbus Exception Occurred - See Response Body
[2024-12-10T05:37:28.571Z] Error reading register 6507 for IP 10.30.4.128: A Modbus Exception Occurred - See Response Body
[2024-12-10T05:37:28.571Z] Error reading actual data: A Modbus Exception Occurred - See Response Body
[2024-12-10T05:37:28.572Z] Error writing to Modbus register: A Modbus Exception Occurred - See Response Body
[2024-12-10T05:37:29.569Z] Error reading or processing Modbus registers: A Modbus Exception Occurred - See Response Body
[2024-12-10T05:37:29.571Z] Error reading register 6507 for IP 10.30.4.128: A Modbus Exception Occurred - See Response Body
[2024-12-10T05:37:29.572Z] Error reading actual data: A Modbus Exception Occurred - See Response Body
[2024-12-10T05:37:29.573Z] Error writing to Modbus register: A Modbus Exception Occurred - See Response Body
[2024-12-10T05:37:30.579Z] Error reading or processing Modbus registers: A Modbus Exception Occurred - See Response Body
[2024-12-10T05:37:30.581Z] Error reading register 6507 for IP 10.30.4.128: A Modbus Exception Occurred - See Response Body
[2024-12-10T05:37:30.582Z] Error reading actual data: A Modbus Exception Occurred - See Response Body
[2024-12-10T05:37:30.582Z] Error writing to Modbus register: A Modbus Exception Occurred - See Response Body
[2024-12-10T05:37:31.579Z] Error reading or processing Modbus registers: A Modbus Exception Occurred - See Response Body
[2024-12-10T05:37:31.581Z] Error reading register 6507 for IP 10.30.4.128: A Modbus Exception Occurred - See Response Body
[2024-12-10T05:37:31.582Z] Error reading actual data: A Modbus Exception Occurred - See Response Body
[2024-12-10T05:37:31.582Z] Error writing to Modbus register: A Modbus Exception Occurred - See Response Body
[2024-12-10T05:37:32.591Z] Error reading or processing Modbus registers: A Modbus Exception Occurred - See Response Body
[2024-12-10T05:37:32.593Z] Error reading register 6507 for IP 10.30.4.128: A Modbus Exception Occurred - See Response Body
[2024-12-10T05:37:32.594Z] Error reading actual data: A Modbus Exception Occurred - See Response Body
[2024-12-10T05:37:32.594Z] Error writing to Modbus register: A Modbus Exception Occurred - See Response Body
[2024-12-10T05:37:33.593Z] Error reading or processing Modbus registers: A Modbus Exception Occurred - See Response Body
[2024-12-10T05:37:33.595Z] Error reading register 6507 for IP 10.30.4.128: A Modbus Exception Occurred - See Response Body
[2024-12-10T05:37:33.596Z] Error reading actual data: A Modbus Exception Occurred - See Response Body
[2024-12-10T05:37:33.596Z] Error writing to Modbus register: A Modbus Exception Occurred - See Response Body
[2024-12-10T05:37:34.605Z] Error reading or processing Modbus registers: A Modbus Exception Occurred - See Response Body
[2024-12-10T05:37:34.607Z] Error reading register 6507 for IP 10.30.4.128: A Modbus Exception Occurred - See Response Body
[2024-12-10T05:37:34.608Z] Error reading actual data: A Modbus Exception Occurred - See Response Body
[2024-12-10T05:37:34.608Z] Error writing to Modbus register: A Modbus Exception Occurred - See Response Body
[2024-12-10T05:37:35.608Z] Error reading or processing Modbus registers: A Modbus Exception Occurred - See Response Body
[2024-12-10T05:37:35.610Z] Error reading register 6507 for IP 10.30.4.128: A Modbus Exception Occurred - See Response Body
[2024-12-10T05:37:35.611Z] Error reading actual data: A Modbus Exception Occurred - See Response Body
[2024-12-10T05:37:35.611Z] Error writing to Modbus register: A Modbus Exception Occurred - See Response Body
[2024-12-10T05:37:36.621Z] Error reading or processing Modbus registers: A Modbus Exception Occurred - See Response Body
[2024-12-10T05:37:36.624Z] Error reading register 6507 for IP 10.30.4.128: A Modbus Exception Occurred - See Response Body
[2024-12-10T05:37:36.625Z] Error reading actual data: A Modbus Exception Occurred - See Response Body
[2024-12-10T05:37:36.625Z] Error writing to Modbus register: A Modbus Exception Occurred - See Response Body
[2024-12-10T05:37:37.638Z] Error reading or processing Modbus registers: A Modbus Exception Occurred - See Response Body
[2024-12-10T05:37:37.639Z] Error reading register 6507 for IP 10.30.4.128: A Modbus Exception Occurred - See Response Body
[2024-12-10T05:37:37.640Z] Error reading actual data: A Modbus Exception Occurred - See Response Body
[2024-12-10T05:37:37.641Z] Error writing to Modbus register: A Modbus Exception Occurred - See Response Body
[2024-12-10T05:37:38.652Z] Error reading or processing Modbus registers: A Modbus Exception Occurred - See Response Body
[2024-12-10T05:37:38.654Z] Error reading register 6507 for IP 10.30.4.128: A Modbus Exception Occurred - See Response Body
[2024-12-10T05:37:38.654Z] Error reading actual data: A Modbus Exception Occurred - See Response Body
[2024-12-10T05:37:38.654Z] Error writing to Modbus register: A Modbus Exception Occurred - See Response Body
[2024-12-10T05:37:39.665Z] Error reading or processing Modbus registers: A Modbus Exception Occurred - See Response Body
[2024-12-10T05:37:39.667Z] Error reading register 6507 for IP 10.30.4.128: A Modbus Exception Occurred - See Response Body
[2024-12-10T05:37:39.668Z] Error reading actual data: A Modbus Exception Occurred - See Response Body
[2024-12-10T05:37:39.669Z] Error writing to Modbus register: A Modbus Exception Occurred - See Response Body
[2024-12-10T05:37:40.670Z] Error reading or processing Modbus registers: A Modbus Exception Occurred - See Response Body
[2024-12-10T05:37:40.672Z] Error reading register 6507 for IP 10.30.4.128: A Modbus Exception Occurred - See Response Body
[2024-12-10T05:37:40.673Z] Error reading actual data: A Modbus Exception Occurred - See Response Body
[2024-12-10T05:37:40.674Z] Error writing to Modbus register: A Modbus Exception Occurred - See Response Body
[2024-12-10T05:37:41.680Z] Error reading or processing Modbus registers: A Modbus Exception Occurred - See Response Body
[2024-12-10T05:37:41.683Z] Error reading register 6507 for IP 10.30.4.128: A Modbus Exception Occurred - See Response Body
[2024-12-10T05:37:41.683Z] Error reading actual data: A Modbus Exception Occurred - See Response Body
[2024-12-10T05:37:41.684Z] Error writing to Modbus register: A Modbus Exception Occurred - See Response Body
[2024-12-10T05:37:42.693Z] Error reading or processing Modbus registers: A Modbus Exception Occurred - See Response Body
[2024-12-10T05:37:42.695Z] Error reading register 6507 for IP 10.30.4.128: A Modbus Exception Occurred - See Response Body
[2024-12-10T05:37:42.696Z] Error reading actual data: A Modbus Exception Occurred - See Response Body
[2024-12-10T05:37:42.696Z] Error writing to Modbus register: A Modbus Exception Occurred - See Response Body
[2024-12-10T05:37:43.704Z] Error reading or processing Modbus registers: A Modbus Exception Occurred - See Response Body
[2024-12-10T05:37:43.706Z] Error reading register 6507 for IP 10.30.4.128: A Modbus Exception Occurred - See Response Body
[2024-12-10T05:37:43.707Z] Error reading actual data: A Modbus Exception Occurred - See Response Body
[2024-12-10T05:37:43.708Z] Error writing to Modbus register: A Modbus Exception Occurred - See Response Body
[2024-12-10T05:37:44.719Z] Error reading or processing Modbus registers: A Modbus Exception Occurred - See Response Body
[2024-12-10T05:37:44.721Z] Error reading register 6507 for IP 10.30.4.128: A Modbus Exception Occurred - See Response Body
[2024-12-10T05:37:44.722Z] Error reading actual data: A Modbus Exception Occurred - See Response Body
[2024-12-10T05:37:44.723Z] Error writing to Modbus register: A Modbus Exception Occurred - See Response Body
[2024-12-10T05:37:45.728Z] Error reading or processing Modbus registers: A Modbus Exception Occurred - See Response Body
[2024-12-10T05:37:45.731Z] Error reading register 6507 for IP 10.30.4.128: A Modbus Exception Occurred - See Response Body
[2024-12-10T05:37:45.732Z] Error reading actual data: A Modbus Exception Occurred - See Response Body
[2024-12-10T05:37:45.732Z] Error writing to Modbus register: A Modbus Exception Occurred - See Response Body
[2024-12-10T05:37:46.743Z] Error reading or processing Modbus registers: A Modbus Exception Occurred - See Response Body
[2024-12-10T05:37:46.745Z] Error reading register 6507 for IP 10.30.4.128: A Modbus Exception Occurred - See Response Body
[2024-12-10T05:37:46.746Z] Error reading actual data: A Modbus Exception Occurred - See Response Body
[2024-12-10T05:37:46.747Z] Error writing to Modbus register: A Modbus Exception Occurred - See Response Body
[2024-12-10T05:37:47.757Z] Error reading or processing Modbus registers: A Modbus Exception Occurred - See Response Body
[2024-12-10T05:37:47.761Z] Error reading register 6507 for IP 10.30.4.128: A Modbus Exception Occurred - See Response Body
[2024-12-10T05:37:47.762Z] Error reading actual data: A Modbus Exception Occurred - See Response Body
[2024-12-10T05:37:47.763Z] Error writing to Modbus register: A Modbus Exception Occurred - See Response Body
[2024-12-10T05:37:48.759Z] Error reading or processing Modbus registers: A Modbus Exception Occurred - See Response Body
[2024-12-10T05:37:48.762Z] Error reading register 6507 for IP 10.30.4.128: A Modbus Exception Occurred - See Response Body
[2024-12-10T05:37:48.762Z] Error reading actual data: A Modbus Exception Occurred - See Response Body
[2024-12-10T05:37:48.763Z] Error writing to Modbus register: A Modbus Exception Occurred - See Response Body
[2024-12-10T05:37:49.760Z] Error reading or processing Modbus registers: A Modbus Exception Occurred - See Response Body
[2024-12-10T05:37:49.762Z] Error reading register 6507 for IP 10.30.4.128: A Modbus Exception Occurred - See Response Body
[2024-12-10T05:37:49.763Z] Error reading actual data: A Modbus Exception Occurred - See Response Body
[2024-12-10T05:37:49.763Z] Error writing to Modbus register: A Modbus Exception Occurred - See Response Body
[2024-12-10T05:37:50.772Z] Error reading or processing Modbus registers: A Modbus Exception Occurred - See Response Body
[2024-12-10T05:37:50.774Z] Error reading register 6507 for IP 10.30.4.128: A Modbus Exception Occurred - See Response Body
[2024-12-10T05:37:50.774Z] Error reading actual data: A Modbus Exception Occurred - See Response Body
[2024-12-10T05:37:50.775Z] Error writing to Modbus register: A Modbus Exception Occurred - See Response Body
[2024-12-10T05:37:51.786Z] Error reading or processing Modbus registers: A Modbus Exception Occurred - See Response Body
[2024-12-10T05:37:51.788Z] Error reading register 6507 for IP 10.30.4.128: A Modbus Exception Occurred - See Response Body
[2024-12-10T05:37:51.789Z] Error reading actual data: A Modbus Exception Occurred - See Response Body
[2024-12-10T05:37:51.789Z] Error writing to Modbus register: A Modbus Exception Occurred - See Response Body
[2024-12-10T05:37:52.800Z] Error reading or processing Modbus registers: A Modbus Exception Occurred - See Response Body
[2024-12-10T05:37:52.802Z] Error reading register 6507 for IP 10.30.4.128: A Modbus Exception Occurred - See Response Body
[2024-12-10T05:37:52.803Z] Error reading actual data: A Modbus Exception Occurred - See Response Body
[2024-12-10T05:37:52.803Z] Error writing to Modbus register: A Modbus Exception Occurred - See Response Body
[2024-12-10T05:37:53.802Z] Error reading or processing Modbus registers: A Modbus Exception Occurred - See Response Body
[2024-12-10T05:37:53.804Z] Error reading register 6507 for IP 10.30.4.128: A Modbus Exception Occurred - See Response Body
[2024-12-10T05:37:53.804Z] Error reading actual data: A Modbus Exception Occurred - See Response Body
[2024-12-10T05:37:53.805Z] Error writing to Modbus register: A Modbus Exception Occurred - See Response Body
[2024-12-10T05:37:54.814Z] Error reading or processing Modbus registers: A Modbus Exception Occurred - See Response Body
[2024-12-10T05:37:54.816Z] Error reading register 6507 for IP 10.30.4.128: A Modbus Exception Occurred - See Response Body
[2024-12-10T05:37:54.817Z] Error reading actual data: A Modbus Exception Occurred - See Response Body
[2024-12-10T05:37:54.818Z] Error writing to Modbus register: A Modbus Exception Occurred - See Response Body
[2024-12-10T05:37:55.828Z] Error reading or processing Modbus registers: A Modbus Exception Occurred - See Response Body
[2024-12-10T05:37:55.831Z] Error reading register 6507 for IP 10.30.4.128: A Modbus Exception Occurred - See Response Body
[2024-12-10T05:37:55.832Z] Error reading actual data: A Modbus Exception Occurred - See Response Body
[2024-12-10T05:37:55.833Z] Error writing to Modbus register: A Modbus Exception Occurred - See Response Body
[2024-12-10T05:37:56.831Z] Error reading or processing Modbus registers: A Modbus Exception Occurred - See Response Body
[2024-12-10T05:37:56.833Z] Error reading register 6507 for IP 10.30.4.128: A Modbus Exception Occurred - See Response Body
[2024-12-10T05:37:56.833Z] Error reading actual data: A Modbus Exception Occurred - See Response Body
[2024-12-10T05:37:56.834Z] Error writing to Modbus register: A Modbus Exception Occurred - See Response Body
[2024-12-10T05:37:57.844Z] Error reading or processing Modbus registers: A Modbus Exception Occurred - See Response Body
[2024-12-10T05:37:57.847Z] Error reading register 6507 for IP 10.30.4.128: A Modbus Exception Occurred - See Response Body
[2024-12-10T05:37:57.848Z] Error reading actual data: A Modbus Exception Occurred - See Response Body
[2024-12-10T05:37:57.848Z] Error writing to Modbus register: A Modbus Exception Occurred - See Response Body
[2024-12-10T05:37:58.846Z] Error reading or processing Modbus registers: A Modbus Exception Occurred - See Response Body
[2024-12-10T05:37:58.850Z] Error reading register 6507 for IP 10.30.4.128: A Modbus Exception Occurred - See Response Body
[2024-12-10T05:37:58.851Z] Error reading actual data: A Modbus Exception Occurred - See Response Body
[2024-12-10T05:37:58.852Z] Error writing to Modbus register: A Modbus Exception Occurred - See Response Body
[2024-12-10T05:37:59.853Z] Error reading or processing Modbus registers: A Modbus Exception Occurred - See Response Body
[2024-12-10T05:37:59.855Z] Error reading register 6507 for IP 10.30.4.128: A Modbus Exception Occurred - See Response Body
[2024-12-10T05:37:59.856Z] Error reading actual data: A Modbus Exception Occurred - See Response Body
[2024-12-10T05:37:59.857Z] Error writing to Modbus register: A Modbus Exception Occurred - See Response Body
[2024-12-10T05:38:00.866Z] Error reading or processing Modbus registers: A Modbus Exception Occurred - See Response Body
[2024-12-10T05:38:00.868Z] Error reading register 6507 for IP 10.30.4.128: A Modbus Exception Occurred - See Response Body
[2024-12-10T05:38:00.868Z] Error reading actual data: A Modbus Exception Occurred - See Response Body
[2024-12-10T05:38:00.869Z] Error writing to Modbus register: A Modbus Exception Occurred - See Response Body
[2024-12-10T05:38:01.868Z] Error reading or processing Modbus registers: A Modbus Exception Occurred - See Response Body
[2024-12-10T05:38:01.870Z] Error reading register 6507 for IP 10.30.4.128: A Modbus Exception Occurred - See Response Body
[2024-12-10T05:38:01.871Z] Error reading actual data: A Modbus Exception Occurred - See Response Body
[2024-12-10T05:38:01.871Z] Error writing to Modbus register: A Modbus Exception Occurred - See Response Body
[2024-12-10T05:38:02.877Z] Error reading or processing Modbus registers: A Modbus Exception Occurred - See Response Body
[2024-12-10T05:38:02.879Z] Error reading register 6507 for IP 10.30.4.128: A Modbus Exception Occurred - See Response Body
[2024-12-10T05:38:02.880Z] Error reading actual data: A Modbus Exception Occurred - See Response Body
[2024-12-10T05:38:02.881Z] Error writing to Modbus register: A Modbus Exception Occurred - See Response Body
[2024-12-10T05:38:03.890Z] Error reading or processing Modbus registers: A Modbus Exception Occurred - See Response Body
[2024-12-10T05:38:03.893Z] Error reading register 6507 for IP 10.30.4.128: A Modbus Exception Occurred - See Response Body
[2024-12-10T05:38:03.894Z] Error reading actual data: A Modbus Exception Occurred - See Response Body
[2024-12-10T05:38:03.895Z] Error writing to Modbus register: A Modbus Exception Occurred - See Response Body
[2024-12-10T05:38:04.893Z] Error reading or processing Modbus registers: A Modbus Exception Occurred - See Response Body
[2024-12-10T05:38:04.895Z] Error reading register 6507 for IP 10.30.4.128: A Modbus Exception Occurred - See Response Body
[2024-12-10T05:38:04.895Z] Error reading actual data: A Modbus Exception Occurred - See Response Body
[2024-12-10T05:38:04.896Z] Error writing to Modbus register: A Modbus Exception Occurred - See Response Body
[2024-12-10T05:38:05.895Z] Error reading or processing Modbus registers: A Modbus Exception Occurred - See Response Body
[2024-12-10T05:38:05.897Z] Error reading register 6507 for IP 10.30.4.128: A Modbus Exception Occurred - See Response Body
[2024-12-10T05:38:05.898Z] Error reading actual data: A Modbus Exception Occurred - See Response Body
[2024-12-10T05:38:05.899Z] Error writing to Modbus register: A Modbus Exception Occurred - See Response Body
[2024-12-10T05:38:06.908Z] Error reading or processing Modbus registers: A Modbus Exception Occurred - See Response Body
[2024-12-10T05:38:06.910Z] Error reading register 6507 for IP 10.30.4.128: A Modbus Exception Occurred - See Response Body
[2024-12-10T05:38:06.911Z] Error reading actual data: A Modbus Exception Occurred - See Response Body
[2024-12-10T05:38:06.911Z] Error writing to Modbus register: A Modbus Exception Occurred - See Response Body
[2024-12-10T05:38:07.910Z] Error reading or processing Modbus registers: A Modbus Exception Occurred - See Response Body
[2024-12-10T05:38:07.913Z] Error reading register 6507 for IP 10.30.4.128: A Modbus Exception Occurred - See Response Body
[2024-12-10T05:38:07.914Z] Error reading actual data: A Modbus Exception Occurred - See Response Body
[2024-12-10T05:38:07.914Z] Error writing to Modbus register: A Modbus Exception Occurred - See Response Body
[2024-12-10T05:38:08.921Z] Error reading or processing Modbus registers: A Modbus Exception Occurred - See Response Body
[2024-12-10T05:38:08.923Z] Error reading register 6507 for IP 10.30.4.128: A Modbus Exception Occurred - See Response Body
[2024-12-10T05:38:08.923Z] Error reading actual data: A Modbus Exception Occurred - See Response Body
[2024-12-10T05:38:08.924Z] Error writing to Modbus register: A Modbus Exception Occurred - See Response Body
[2024-12-10T05:38:09.924Z] Error reading or processing Modbus registers: A Modbus Exception Occurred - See Response Body
[2024-12-10T05:38:09.927Z] Error reading register 6507 for IP 10.30.4.128: A Modbus Exception Occurred - See Response Body
[2024-12-10T05:38:09.927Z] Error reading actual data: A Modbus Exception Occurred - See Response Body
[2024-12-10T05:38:09.928Z] Error writing to Modbus register: A Modbus Exception Occurred - See Response Body
[2024-12-10T05:38:10.939Z] Error reading or processing Modbus registers: A Modbus Exception Occurred - See Response Body
[2024-12-10T05:38:10.941Z] Error reading register 6507 for IP 10.30.4.128: A Modbus Exception Occurred - See Response Body
[2024-12-10T05:38:10.942Z] Error reading actual data: A Modbus Exception Occurred - See Response Body
[2024-12-10T05:38:10.942Z] Error writing to Modbus register: A Modbus Exception Occurred - See Response Body
[2024-12-10T05:38:11.948Z] Error reading or processing Modbus registers: A Modbus Exception Occurred - See Response Body
[2024-12-10T05:38:11.951Z] Error reading register 6507 for IP 10.30.4.128: A Modbus Exception Occurred - See Response Body
[2024-12-10T05:38:11.951Z] Error reading actual data: A Modbus Exception Occurred - See Response Body
[2024-12-10T05:38:11.952Z] Error writing to Modbus register: A Modbus Exception Occurred - See Response Body
[2024-12-10T05:38:12.961Z] Error reading or processing Modbus registers: A Modbus Exception Occurred - See Response Body
[2024-12-10T05:38:12.964Z] Error reading register 6507 for IP 10.30.4.128: A Modbus Exception Occurred - See Response Body
[2024-12-10T05:38:12.964Z] Error reading actual data: A Modbus Exception Occurred - See Response Body
[2024-12-10T05:38:12.965Z] Error writing to Modbus register: A Modbus Exception Occurred - See Response Body
[2024-12-10T05:38:13.973Z] Error reading or processing Modbus registers: A Modbus Exception Occurred - See Response Body
[2024-12-10T05:38:13.975Z] Error reading register 6507 for IP 10.30.4.128: A Modbus Exception Occurred - See Response Body
[2024-12-10T05:38:13.976Z] Error reading actual data: A Modbus Exception Occurred - See Response Body
[2024-12-10T05:38:13.976Z] Error writing to Modbus register: A Modbus Exception Occurred - See Response Body
[2024-12-10T05:38:14.988Z] Error reading or processing Modbus registers: A Modbus Exception Occurred - See Response Body
[2024-12-10T05:38:14.990Z] Error reading actual data: A Modbus Exception Occurred - See Response Body
[2024-12-10T05:38:14.991Z] Error writing to Modbus register: A Modbus Exception Occurred - See Response Body
[2024-12-10T05:38:14.990Z] Error reading register 6507 for IP 10.30.4.128: A Modbus Exception Occurred - See Response Body
[2024-12-10T05:38:15.985Z] Error reading or processing Modbus registers: A Modbus Exception Occurred - See Response Body
[2024-12-10T05:38:15.988Z] Error reading register 6507 for IP 10.30.4.128: A Modbus Exception Occurred - See Response Body
[2024-12-10T05:38:15.988Z] Error reading actual data: A Modbus Exception Occurred - See Response Body
[2024-12-10T05:38:15.989Z] Error writing to Modbus register: A Modbus Exception Occurred - See Response Body
[2024-12-10T05:38:16.987Z] Error reading or processing Modbus registers: A Modbus Exception Occurred - See Response Body
[2024-12-10T05:38:16.989Z] Error reading register 6507 for IP 10.30.4.128: A Modbus Exception Occurred - See Response Body
[2024-12-10T05:38:16.990Z] Error reading actual data: A Modbus Exception Occurred - See Response Body
[2024-12-10T05:38:16.990Z] Error writing to Modbus register: A Modbus Exception Occurred - See Response Body
[2024-12-10T05:38:17.987Z] Error reading or processing Modbus registers: A Modbus Exception Occurred - See Response Body
[2024-12-10T05:38:17.989Z] Error reading register 6507 for IP 10.30.4.128: A Modbus Exception Occurred - See Response Body
[2024-12-10T05:38:17.990Z] Error reading actual data: A Modbus Exception Occurred - See Response Body
[2024-12-10T05:38:17.990Z] Error writing to Modbus register: A Modbus Exception Occurred - See Response Body
[2024-12-10T05:38:19.000Z] Error reading or processing Modbus registers: A Modbus Exception Occurred - See Response Body
[2024-12-10T05:38:19.002Z] Error reading register 6507 for IP 10.30.4.128: A Modbus Exception Occurred - See Response Body
[2024-12-10T05:38:19.002Z] Error reading actual data: A Modbus Exception Occurred - See Response Body
[2024-12-10T05:38:19.003Z] Error writing to Modbus register: A Modbus Exception Occurred - See Response Body
[2024-12-10T05:38:20.000Z] Error reading or processing Modbus registers: A Modbus Exception Occurred - See Response Body
[2024-12-10T05:38:20.001Z] Error reading register 6507 for IP 10.30.4.128: A Modbus Exception Occurred - See Response Body
[2024-12-10T05:38:20.002Z] Error reading actual data: A Modbus Exception Occurred - See Response Body
[2024-12-10T05:38:20.003Z] Error writing to Modbus register: A Modbus Exception Occurred - See Response Body
[2024-12-10T05:38:21.010Z] Error reading or processing Modbus registers: A Modbus Exception Occurred - See Response Body
[2024-12-10T05:38:21.012Z] Error reading register 6507 for IP 10.30.4.128: A Modbus Exception Occurred - See Response Body
[2024-12-10T05:38:21.012Z] Error reading actual data: A Modbus Exception Occurred - See Response Body
[2024-12-10T05:38:21.013Z] Error writing to Modbus register: A Modbus Exception Occurred - See Response Body
[2024-12-10T05:38:22.013Z] Error reading or processing Modbus registers: A Modbus Exception Occurred - See Response Body
[2024-12-10T05:38:22.016Z] Error reading register 6507 for IP 10.30.4.128: A Modbus Exception Occurred - See Response Body
[2024-12-10T05:38:22.016Z] Error reading actual data: A Modbus Exception Occurred - See Response Body
[2024-12-10T05:38:22.017Z] Error writing to Modbus register: A Modbus Exception Occurred - See Response Body
[2024-12-10T05:38:23.024Z] Error reading or processing Modbus registers: A Modbus Exception Occurred - See Response Body
[2024-12-10T05:38:23.026Z] Error reading register 6507 for IP 10.30.4.128: A Modbus Exception Occurred - See Response Body
[2024-12-10T05:38:23.027Z] Error reading actual data: A Modbus Exception Occurred - See Response Body
[2024-12-10T05:38:23.027Z] Error writing to Modbus register: A Modbus Exception Occurred - See Response Body
[2024-12-10T05:38:24.039Z] Error reading or processing Modbus registers: A Modbus Exception Occurred - See Response Body
[2024-12-10T05:38:24.042Z] Error reading register 6507 for IP 10.30.4.128: A Modbus Exception Occurred - See Response Body
[2024-12-10T05:38:24.042Z] Error reading actual data: A Modbus Exception Occurred - See Response Body
[2024-12-10T05:38:24.043Z] Error writing to Modbus register: A Modbus Exception Occurred - See Response Body
[2024-12-10T05:38:25.045Z] Error reading or processing Modbus registers: A Modbus Exception Occurred - See Response Body
[2024-12-10T05:38:25.048Z] Error reading register 6507 for IP 10.30.4.128: A Modbus Exception Occurred - See Response Body
[2024-12-10T05:38:25.048Z] Error reading actual data: A Modbus Exception Occurred - See Response Body
[2024-12-10T05:38:25.049Z] Error writing to Modbus register: A Modbus Exception Occurred - See Response Body
[2024-12-10T05:38:26.061Z] Error reading or processing Modbus registers: A Modbus Exception Occurred - See Response Body
[2024-12-10T05:38:26.064Z] Error reading register 6507 for IP 10.30.4.128: A Modbus Exception Occurred - See Response Body
[2024-12-10T05:38:26.065Z] Error reading actual data: A Modbus Exception Occurred - See Response Body
[2024-12-10T05:38:26.065Z] Error writing to Modbus register: A Modbus Exception Occurred - See Response Body
[2024-12-10T05:38:27.064Z] Error reading or processing Modbus registers: A Modbus Exception Occurred - See Response Body
[2024-12-10T05:38:27.067Z] Error reading register 6507 for IP 10.30.4.128: A Modbus Exception Occurred - See Response Body
[2024-12-10T05:38:27.067Z] Error reading actual data: A Modbus Exception Occurred - See Response Body
[2024-12-10T05:38:27.068Z] Error writing to Modbus register: A Modbus Exception Occurred - See Response Body
[2024-12-10T05:38:28.068Z] Error reading or processing Modbus registers: A Modbus Exception Occurred - See Response Body
[2024-12-10T05:38:28.070Z] Error reading register 6507 for IP 10.30.4.128: A Modbus Exception Occurred - See Response Body
[2024-12-10T05:38:28.071Z] Error reading actual data: A Modbus Exception Occurred - See Response Body
[2024-12-10T05:38:28.071Z] Error writing to Modbus register: A Modbus Exception Occurred - See Response Body
[2024-12-10T05:38:29.070Z] Error reading or processing Modbus registers: A Modbus Exception Occurred - See Response Body
[2024-12-10T05:38:29.073Z] Error reading register 6507 for IP 10.30.4.128: A Modbus Exception Occurred - See Response Body
[2024-12-10T05:38:29.073Z] Error reading actual data: A Modbus Exception Occurred - See Response Body
[2024-12-10T05:38:29.074Z] Error writing to Modbus register: A Modbus Exception Occurred - See Response Body
[2024-12-10T05:38:30.083Z] Error reading or processing Modbus registers: A Modbus Exception Occurred - See Response Body
[2024-12-10T05:38:30.085Z] Error reading register 6507 for IP 10.30.4.128: A Modbus Exception Occurred - See Response Body
[2024-12-10T05:38:30.086Z] Error reading actual data: A Modbus Exception Occurred - See Response Body
[2024-12-10T05:38:30.087Z] Error writing to Modbus register: A Modbus Exception Occurred - See Response Body
[2024-12-10T05:38:31.098Z] Error reading or processing Modbus registers: A Modbus Exception Occurred - See Response Body
[2024-12-10T05:38:31.100Z] Error reading register 6507 for IP 10.30.4.128: A Modbus Exception Occurred - See Response Body
[2024-12-10T05:38:31.101Z] Error reading actual data: A Modbus Exception Occurred - See Response Body
[2024-12-10T05:38:31.101Z] Error writing to Modbus register: A Modbus Exception Occurred - See Response Body
[2024-12-10T05:38:32.099Z] Error reading or processing Modbus registers: A Modbus Exception Occurred - See Response Body
[2024-12-10T05:38:32.101Z] Error reading register 6507 for IP 10.30.4.128: A Modbus Exception Occurred - See Response Body
[2024-12-10T05:38:32.102Z] Error reading actual data: A Modbus Exception Occurred - See Response Body
[2024-12-10T05:38:32.102Z] Error writing to Modbus register: A Modbus Exception Occurred - See Response Body
[2024-12-10T05:38:33.112Z] Error reading or processing Modbus registers: A Modbus Exception Occurred - See Response Body
[2024-12-10T05:38:33.115Z] Error reading register 6507 for IP 10.30.4.128: A Modbus Exception Occurred - See Response Body
[2024-12-10T05:38:33.116Z] Error reading actual data: A Modbus Exception Occurred - See Response Body
[2024-12-10T05:38:33.116Z] Error writing to Modbus register: A Modbus Exception Occurred - See Response Body
[2024-12-10T05:38:34.115Z] Error reading or processing Modbus registers: A Modbus Exception Occurred - See Response Body
[2024-12-10T05:38:34.117Z] Error reading register 6507 for IP 10.30.4.128: A Modbus Exception Occurred - See Response Body
[2024-12-10T05:38:34.117Z] Error reading actual data: A Modbus Exception Occurred - See Response Body
[2024-12-10T05:38:34.118Z] Error writing to Modbus register: A Modbus Exception Occurred - See Response Body
[2024-12-10T05:38:35.116Z] Error reading or processing Modbus registers: A Modbus Exception Occurred - See Response Body
[2024-12-10T05:38:35.118Z] Error reading register 6507 for IP 10.30.4.128: A Modbus Exception Occurred - See Response Body
[2024-12-10T05:38:35.118Z] Error reading actual data: A Modbus Exception Occurred - See Response Body
[2024-12-10T05:38:35.119Z] Error writing to Modbus register: A Modbus Exception Occurred - See Response Body
[2024-12-10T05:38:36.122Z] Error reading or processing Modbus registers: A Modbus Exception Occurred - See Response Body
[2024-12-10T05:38:36.124Z] Error reading register 6507 for IP 10.30.4.128: A Modbus Exception Occurred - See Response Body
[2024-12-10T05:38:36.125Z] Error reading actual data: A Modbus Exception Occurred - See Response Body
[2024-12-10T05:38:36.125Z] Error writing to Modbus register: A Modbus Exception Occurred - See Response Body
[2024-12-10T05:38:37.136Z] Error reading or processing Modbus registers: A Modbus Exception Occurred - See Response Body
[2024-12-10T05:38:37.138Z] Error reading register 6507 for IP 10.30.4.128: A Modbus Exception Occurred - See Response Body
[2024-12-10T05:38:37.139Z] Error reading actual data: A Modbus Exception Occurred - See Response Body
[2024-12-10T05:38:37.139Z] Error writing to Modbus register: A Modbus Exception Occurred - See Response Body
[2024-12-10T05:38:38.138Z] Error reading or processing Modbus registers: A Modbus Exception Occurred - See Response Body
[2024-12-10T05:38:38.140Z] Error reading register 6507 for IP 10.30.4.128: A Modbus Exception Occurred - See Response Body
[2024-12-10T05:38:38.140Z] Error reading actual data: A Modbus Exception Occurred - See Response Body
[2024-12-10T05:38:38.141Z] Error writing to Modbus register: A Modbus Exception Occurred - See Response Body
[2024-12-10T05:38:39.144Z] Error reading or processing Modbus registers: A Modbus Exception Occurred - See Response Body
[2024-12-10T05:38:39.146Z] Error reading register 6507 for IP 10.30.4.128: A Modbus Exception Occurred - See Response Body
[2024-12-10T05:38:39.146Z] Error reading actual data: A Modbus Exception Occurred - See Response Body
[2024-12-10T05:38:39.147Z] Error writing to Modbus register: A Modbus Exception Occurred - See Response Body
[2024-12-10T05:38:40.155Z] Error reading or processing Modbus registers: A Modbus Exception Occurred - See Response Body
[2024-12-10T05:38:40.157Z] Error reading register 6507 for IP 10.30.4.128: A Modbus Exception Occurred - See Response Body
[2024-12-10T05:38:40.158Z] Error reading actual data: A Modbus Exception Occurred - See Response Body
[2024-12-10T05:38:40.158Z] Error writing to Modbus register: A Modbus Exception Occurred - See Response Body
[2024-12-10T05:38:41.159Z] Error reading or processing Modbus registers: A Modbus Exception Occurred - See Response Body
[2024-12-10T05:38:41.161Z] Error reading register 6507 for IP 10.30.4.128: A Modbus Exception Occurred - See Response Body
[2024-12-10T05:38:41.161Z] Error reading actual data: A Modbus Exception Occurred - See Response Body
[2024-12-10T05:38:41.162Z] Error writing to Modbus register: A Modbus Exception Occurred - See Response Body
[2024-12-10T05:38:42.161Z] Error reading or processing Modbus registers: A Modbus Exception Occurred - See Response Body
[2024-12-10T05:38:42.163Z] Error reading register 6507 for IP 10.30.4.128: A Modbus Exception Occurred - See Response Body
[2024-12-10T05:38:42.164Z] Error reading actual data: A Modbus Exception Occurred - See Response Body
[2024-12-10T05:38:42.164Z] Error writing to Modbus register: A Modbus Exception Occurred - See Response Body
[2024-12-10T05:38:43.163Z] Error reading or processing Modbus registers: A Modbus Exception Occurred - See Response Body
[2024-12-10T05:38:43.165Z] Error reading register 6507 for IP 10.30.4.128: A Modbus Exception Occurred - See Response Body
[2024-12-10T05:38:43.165Z] Error reading actual data: A Modbus Exception Occurred - See Response Body
[2024-12-10T05:38:43.166Z] Error writing to Modbus register: A Modbus Exception Occurred - See Response Body
[2024-12-10T05:38:44.177Z] Error reading or processing Modbus registers: A Modbus Exception Occurred - See Response Body
[2024-12-10T05:38:44.179Z] Error reading register 6507 for IP 10.30.4.128: A Modbus Exception Occurred - See Response Body
[2024-12-10T05:38:44.179Z] Error reading actual data: A Modbus Exception Occurred - See Response Body
[2024-12-10T05:38:44.180Z] Error writing to Modbus register: A Modbus Exception Occurred - See Response Body
[2024-12-10T05:38:45.192Z] Error reading or processing Modbus registers: A Modbus Exception Occurred - See Response Body
[2024-12-10T05:38:45.194Z] Error reading register 6507 for IP 10.30.4.128: A Modbus Exception Occurred - See Response Body
[2024-12-10T05:38:45.195Z] Error reading actual data: A Modbus Exception Occurred - See Response Body
[2024-12-10T05:38:45.195Z] Error writing to Modbus register: A Modbus Exception Occurred - See Response Body
[2024-12-10T05:38:46.206Z] Error reading or processing Modbus registers: A Modbus Exception Occurred - See Response Body
[2024-12-10T05:38:46.208Z] Error reading register 6507 for IP 10.30.4.128: A Modbus Exception Occurred - See Response Body
[2024-12-10T05:38:46.208Z] Error reading actual data: A Modbus Exception Occurred - See Response Body
[2024-12-10T05:38:46.209Z] Error writing to Modbus register: A Modbus Exception Occurred - See Response Body
[2024-12-10T05:38:47.220Z] Error reading or processing Modbus registers: A Modbus Exception Occurred - See Response Body
[2024-12-10T05:38:47.222Z] Error reading register 6507 for IP 10.30.4.128: A Modbus Exception Occurred - See Response Body
[2024-12-10T05:38:47.222Z] Error reading actual data: A Modbus Exception Occurred - See Response Body
[2024-12-10T05:38:47.223Z] Error writing to Modbus register: A Modbus Exception Occurred - See Response Body
[2024-12-10T05:38:48.233Z] Error reading or processing Modbus registers: A Modbus Exception Occurred - See Response Body
[2024-12-10T05:38:48.235Z] Error reading register 6507 for IP 10.30.4.128: A Modbus Exception Occurred - See Response Body
[2024-12-10T05:38:48.236Z] Error reading actual data: A Modbus Exception Occurred - See Response Body
[2024-12-10T05:38:48.237Z] Error writing to Modbus register: A Modbus Exception Occurred - See Response Body
[2024-12-10T05:38:49.233Z] Error reading or processing Modbus registers: A Modbus Exception Occurred - See Response Body
[2024-12-10T05:38:49.235Z] Error reading register 6507 for IP 10.30.4.128: A Modbus Exception Occurred - See Response Body
[2024-12-10T05:38:49.236Z] Error reading actual data: A Modbus Exception Occurred - See Response Body
[2024-12-10T05:38:49.237Z] Error writing to Modbus register: A Modbus Exception Occurred - See Response Body
[2024-12-10T05:38:50.234Z] Error reading or processing Modbus registers: A Modbus Exception Occurred - See Response Body
[2024-12-10T05:38:50.236Z] Error reading register 6507 for IP 10.30.4.128: A Modbus Exception Occurred - See Response Body
[2024-12-10T05:38:50.236Z] Error reading actual data: A Modbus Exception Occurred - See Response Body
[2024-12-10T05:38:50.237Z] Error writing to Modbus register: A Modbus Exception Occurred - See Response Body
[2024-12-10T05:38:51.247Z] Error reading or processing Modbus registers: A Modbus Exception Occurred - See Response Body
[2024-12-10T05:38:51.250Z] Error reading register 6507 for IP 10.30.4.128: A Modbus Exception Occurred - See Response Body
[2024-12-10T05:38:51.250Z] Error reading actual data: A Modbus Exception Occurred - See Response Body
[2024-12-10T05:38:51.251Z] Error writing to Modbus register: A Modbus Exception Occurred - See Response Body
[2024-12-10T05:38:52.260Z] Error reading or processing Modbus registers: A Modbus Exception Occurred - See Response Body
[2024-12-10T05:38:52.262Z] Error reading register 6507 for IP 10.30.4.128: A Modbus Exception Occurred - See Response Body
[2024-12-10T05:38:52.263Z] Error reading actual data: A Modbus Exception Occurred - See Response Body
[2024-12-10T05:38:52.264Z] Error writing to Modbus register: A Modbus Exception Occurred - See Response Body
[2024-12-10T05:38:53.259Z] Error reading or processing Modbus registers: A Modbus Exception Occurred - See Response Body
[2024-12-10T05:38:53.262Z] Error reading register 6507 for IP 10.30.4.128: A Modbus Exception Occurred - See Response Body
[2024-12-10T05:38:53.262Z] Error reading actual data: A Modbus Exception Occurred - See Response Body
[2024-12-10T05:38:53.263Z] Error writing to Modbus register: A Modbus Exception Occurred - See Response Body
[2024-12-10T05:38:54.260Z] Error reading or processing Modbus registers: A Modbus Exception Occurred - See Response Body
[2024-12-10T05:38:54.263Z] Error reading register 6507 for IP 10.30.4.128: A Modbus Exception Occurred - See Response Body
[2024-12-10T05:38:54.263Z] Error reading actual data: A Modbus Exception Occurred - See Response Body
[2024-12-10T05:38:54.264Z] Error writing to Modbus register: A Modbus Exception Occurred - See Response Body
[2024-12-10T05:38:55.261Z] Error reading or processing Modbus registers: A Modbus Exception Occurred - See Response Body
[2024-12-10T05:38:55.263Z] Error reading register 6507 for IP 10.30.4.128: A Modbus Exception Occurred - See Response Body
[2024-12-10T05:38:55.264Z] Error reading actual data: A Modbus Exception Occurred - See Response Body
[2024-12-10T05:38:55.265Z] Error writing to Modbus register: A Modbus Exception Occurred - See Response Body
[2024-12-10T05:38:56.273Z] Error reading or processing Modbus registers: A Modbus Exception Occurred - See Response Body
[2024-12-10T05:38:56.276Z] Error reading register 6507 for IP 10.30.4.128: A Modbus Exception Occurred - See Response Body
[2024-12-10T05:38:56.276Z] Error reading actual data: A Modbus Exception Occurred - See Response Body
[2024-12-10T05:38:56.277Z] Error writing to Modbus register: A Modbus Exception Occurred - See Response Body
[2024-12-10T05:38:57.281Z] Error reading or processing Modbus registers: A Modbus Exception Occurred - See Response Body
[2024-12-10T05:38:57.284Z] Error reading register 6507 for IP 10.30.4.128: A Modbus Exception Occurred - See Response Body
[2024-12-10T05:38:57.284Z] Error reading actual data: A Modbus Exception Occurred - See Response Body
[2024-12-10T05:38:57.285Z] Error writing to Modbus register: A Modbus Exception Occurred - See Response Body
[2024-12-10T05:38:58.286Z] Error reading or processing Modbus registers: A Modbus Exception Occurred - See Response Body
[2024-12-10T05:38:58.288Z] Error reading register 6507 for IP 10.30.4.128: A Modbus Exception Occurred - See Response Body
[2024-12-10T05:38:58.289Z] Error reading actual data: A Modbus Exception Occurred - See Response Body
[2024-12-10T05:38:58.289Z] Error writing to Modbus register: A Modbus Exception Occurred - See Response Body
[2024-12-10T05:38:59.287Z] Error reading or processing Modbus registers: A Modbus Exception Occurred - See Response Body
[2024-12-10T05:38:59.289Z] Error reading register 6507 for IP 10.30.4.128: A Modbus Exception Occurred - See Response Body
[2024-12-10T05:38:59.289Z] Error reading actual data: A Modbus Exception Occurred - See Response Body
[2024-12-10T05:38:59.290Z] Error writing to Modbus register: A Modbus Exception Occurred - See Response Body
[2024-12-10T05:39:00.301Z] Error reading or processing Modbus registers: A Modbus Exception Occurred - See Response Body
[2024-12-10T05:39:00.303Z] Error reading register 6507 for IP 10.30.4.128: A Modbus Exception Occurred - See Response Body
[2024-12-10T05:39:00.304Z] Error reading actual data: A Modbus Exception Occurred - See Response Body
[2024-12-10T05:39:00.304Z] Error writing to Modbus register: A Modbus Exception Occurred - See Response Body
[2024-12-10T05:39:01.313Z] Error reading or processing Modbus registers: A Modbus Exception Occurred - See Response Body
[2024-12-10T05:39:01.315Z] Error reading register 6507 for IP 10.30.4.128: A Modbus Exception Occurred - See Response Body
[2024-12-10T05:39:01.316Z] Error reading actual data: A Modbus Exception Occurred - See Response Body
[2024-12-10T05:39:01.317Z] Error writing to Modbus register: A Modbus Exception Occurred - See Response Body
[2024-12-10T05:39:02.312Z] Error reading or processing Modbus registers: A Modbus Exception Occurred - See Response Body
[2024-12-10T05:39:02.315Z] Error reading register 6507 for IP 10.30.4.128: A Modbus Exception Occurred - See Response Body
[2024-12-10T05:39:02.316Z] Error reading actual data: A Modbus Exception Occurred - See Response Body
[2024-12-10T05:39:02.317Z] Error writing to Modbus register: A Modbus Exception Occurred - See Response Body
[2024-12-10T05:39:03.326Z] Error reading or processing Modbus registers: A Modbus Exception Occurred - See Response Body
[2024-12-10T05:39:03.332Z] Error reading register 6507 for IP 10.30.4.128: A Modbus Exception Occurred - See Response Body
[2024-12-10T05:39:03.332Z] Error reading actual data: A Modbus Exception Occurred - See Response Body
[2024-12-10T05:39:03.333Z] Error writing to Modbus register: A Modbus Exception Occurred - See Response Body
[2024-12-10T05:39:04.328Z] Error reading or processing Modbus registers: A Modbus Exception Occurred - See Response Body
[2024-12-10T05:39:04.333Z] Error reading register 6507 for IP 10.30.4.128: A Modbus Exception Occurred - See Response Body
[2024-12-10T05:39:04.333Z] Error reading actual data: A Modbus Exception Occurred - See Response Body
[2024-12-10T05:39:04.334Z] Error writing to Modbus register: A Modbus Exception Occurred - See Response Body
[2024-12-10T05:39:05.343Z] Error reading or processing Modbus registers: A Modbus Exception Occurred - See Response Body
[2024-12-10T05:39:05.345Z] Error reading register 6507 for IP 10.30.4.128: A Modbus Exception Occurred - See Response Body
[2024-12-10T05:39:05.346Z] Error reading actual data: A Modbus Exception Occurred - See Response Body
[2024-12-10T05:39:05.346Z] Error writing to Modbus register: A Modbus Exception Occurred - See Response Body
[2024-12-10T05:39:06.354Z] Error reading or processing Modbus registers: A Modbus Exception Occurred - See Response Body
[2024-12-10T05:39:06.356Z] Error reading register 6507 for IP 10.30.4.128: A Modbus Exception Occurred - See Response Body
[2024-12-10T05:39:06.357Z] Error reading actual data: A Modbus Exception Occurred - See Response Body
[2024-12-10T05:39:06.357Z] Error writing to Modbus register: A Modbus Exception Occurred - See Response Body
[2024-12-10T05:39:07.357Z] Error reading or processing Modbus registers: A Modbus Exception Occurred - See Response Body
[2024-12-10T05:39:07.359Z] Error reading register 6507 for IP 10.30.4.128: A Modbus Exception Occurred - See Response Body
[2024-12-10T05:39:07.359Z] Error reading actual data: A Modbus Exception Occurred - See Response Body
[2024-12-10T05:39:07.360Z] Error writing to Modbus register: A Modbus Exception Occurred - See Response Body
[2024-12-10T05:39:08.370Z] Error reading or processing Modbus registers: A Modbus Exception Occurred - See Response Body
[2024-12-10T05:39:08.372Z] Error reading register 6507 for IP 10.30.4.128: A Modbus Exception Occurred - See Response Body
[2024-12-10T05:39:08.373Z] Error reading actual data: A Modbus Exception Occurred - See Response Body
[2024-12-10T05:39:08.373Z] Error writing to Modbus register: A Modbus Exception Occurred - See Response Body
[2024-12-10T05:39:09.376Z] Error reading or processing Modbus registers: A Modbus Exception Occurred - See Response Body
[2024-12-10T05:39:09.378Z] Error reading register 6507 for IP 10.30.4.128: A Modbus Exception Occurred - See Response Body
[2024-12-10T05:39:09.379Z] Error reading actual data: A Modbus Exception Occurred - See Response Body
[2024-12-10T05:39:09.380Z] Error writing to Modbus register: A Modbus Exception Occurred - See Response Body
[2024-12-10T05:39:10.389Z] Error reading or processing Modbus registers: A Modbus Exception Occurred - See Response Body
[2024-12-10T05:39:10.391Z] Error reading register 6507 for IP 10.30.4.128: A Modbus Exception Occurred - See Response Body
[2024-12-10T05:39:10.391Z] Error reading actual data: A Modbus Exception Occurred - See Response Body
[2024-12-10T05:39:10.392Z] Error writing to Modbus register: A Modbus Exception Occurred - See Response Body
[2024-12-10T05:39:11.394Z] Error reading or processing Modbus registers: A Modbus Exception Occurred - See Response Body
[2024-12-10T05:39:11.396Z] Error reading register 6507 for IP 10.30.4.128: A Modbus Exception Occurred - See Response Body
[2024-12-10T05:39:11.397Z] Error reading actual data: A Modbus Exception Occurred - See Response Body
[2024-12-10T05:39:11.397Z] Error writing to Modbus register: A Modbus Exception Occurred - See Response Body
[2024-12-10T05:39:12.406Z] Error reading or processing Modbus registers: A Modbus Exception Occurred - See Response Body
[2024-12-10T05:39:12.410Z] Error reading register 6507 for IP 10.30.4.128: A Modbus Exception Occurred - See Response Body
[2024-12-10T05:39:12.411Z] Error reading actual data: A Modbus Exception Occurred - See Response Body
[2024-12-10T05:39:12.412Z] Error writing to Modbus register: A Modbus Exception Occurred - See Response Body
[2024-12-10T05:39:13.409Z] Error reading or processing Modbus registers: A Modbus Exception Occurred - See Response Body
[2024-12-10T05:39:13.410Z] Error reading register 6507 for IP 10.30.4.128: A Modbus Exception Occurred - See Response Body
[2024-12-10T05:39:13.411Z] Error reading actual data: A Modbus Exception Occurred - See Response Body
[2024-12-10T05:39:13.412Z] Error writing to Modbus register: A Modbus Exception Occurred - See Response Body
[2024-12-10T05:39:14.423Z] Error reading or processing Modbus registers: A Modbus Exception Occurred - See Response Body
[2024-12-10T05:39:14.425Z] Error reading register 6507 for IP 10.30.4.128: A Modbus Exception Occurred - See Response Body
[2024-12-10T05:39:14.426Z] Error reading actual data: A Modbus Exception Occurred - See Response Body
[2024-12-10T05:39:14.426Z] Error writing to Modbus register: A Modbus Exception Occurred - See Response Body
[2024-12-10T05:39:15.423Z] Error reading or processing Modbus registers: A Modbus Exception Occurred - See Response Body
[2024-12-10T05:39:15.425Z] Error reading register 6507 for IP 10.30.4.128: A Modbus Exception Occurred - See Response Body
[2024-12-10T05:39:15.426Z] Error reading actual data: A Modbus Exception Occurred - See Response Body
[2024-12-10T05:39:15.426Z] Error writing to Modbus register: A Modbus Exception Occurred - See Response Body
[2024-12-10T05:39:16.425Z] Error reading or processing Modbus registers: A Modbus Exception Occurred - See Response Body
[2024-12-10T05:39:16.428Z] Error reading register 6507 for IP 10.30.4.128: A Modbus Exception Occurred - See Response Body
[2024-12-10T05:39:16.428Z] Error reading actual data: A Modbus Exception Occurred - See Response Body
[2024-12-10T05:39:16.429Z] Error writing to Modbus register: A Modbus Exception Occurred - See Response Body
[2024-12-10T05:39:17.428Z] Error reading or processing Modbus registers: A Modbus Exception Occurred - See Response Body
[2024-12-10T05:39:17.430Z] Error reading register 6507 for IP 10.30.4.128: A Modbus Exception Occurred - See Response Body
[2024-12-10T05:39:17.431Z] Error reading actual data: A Modbus Exception Occurred - See Response Body
[2024-12-10T05:39:17.431Z] Error writing to Modbus register: A Modbus Exception Occurred - See Response Body
[2024-12-10T05:39:18.431Z] Error reading or processing Modbus registers: A Modbus Exception Occurred - See Response Body
[2024-12-10T05:39:18.433Z] Error reading register 6507 for IP 10.30.4.128: A Modbus Exception Occurred - See Response Body
[2024-12-10T05:39:18.434Z] Error reading actual data: A Modbus Exception Occurred - See Response Body
[2024-12-10T05:39:18.434Z] Error writing to Modbus register: A Modbus Exception Occurred - See Response Body
[2024-12-10T05:39:19.433Z] Error reading or processing Modbus registers: A Modbus Exception Occurred - See Response Body
[2024-12-10T05:39:19.435Z] Error reading register 6507 for IP 10.30.4.128: A Modbus Exception Occurred - See Response Body
[2024-12-10T05:39:19.436Z] Error reading actual data: A Modbus Exception Occurred - See Response Body
[2024-12-10T05:39:19.436Z] Error writing to Modbus register: A Modbus Exception Occurred - See Response Body
[2024-12-10T05:39:20.434Z] Error reading or processing Modbus registers: A Modbus Exception Occurred - See Response Body
[2024-12-10T05:39:20.436Z] Error reading register 6507 for IP 10.30.4.128: A Modbus Exception Occurred - See Response Body
[2024-12-10T05:39:20.437Z] Error reading actual data: A Modbus Exception Occurred - See Response Body
[2024-12-10T05:39:20.437Z] Error writing to Modbus register: A Modbus Exception Occurred - See Response Body
[2024-12-10T05:39:21.448Z] Error reading or processing Modbus registers: A Modbus Exception Occurred - See Response Body
[2024-12-10T05:39:21.449Z] Error reading register 6507 for IP 10.30.4.128: A Modbus Exception Occurred - See Response Body
[2024-12-10T05:39:21.450Z] Error reading actual data: A Modbus Exception Occurred - See Response Body
[2024-12-10T05:39:21.450Z] Error writing to Modbus register: A Modbus Exception Occurred - See Response Body
[2024-12-10T05:39:22.449Z] Error reading or processing Modbus registers: A Modbus Exception Occurred - See Response Body
[2024-12-10T05:39:22.451Z] Error reading register 6507 for IP 10.30.4.128: A Modbus Exception Occurred - See Response Body
[2024-12-10T05:39:22.452Z] Error reading actual data: A Modbus Exception Occurred - See Response Body
[2024-12-10T05:39:22.453Z] Error writing to Modbus register: A Modbus Exception Occurred - See Response Body
[2024-12-10T05:39:23.465Z] Error reading or processing Modbus registers: A Modbus Exception Occurred - See Response Body
[2024-12-10T05:39:23.467Z] Error reading register 6507 for IP 10.30.4.128: A Modbus Exception Occurred - See Response Body
[2024-12-10T05:39:23.468Z] Error reading actual data: A Modbus Exception Occurred - See Response Body
[2024-12-10T05:39:23.468Z] Error writing to Modbus register: A Modbus Exception Occurred - See Response Body
[2024-12-10T05:39:24.478Z] Error reading or processing Modbus registers: A Modbus Exception Occurred - See Response Body
[2024-12-10T05:39:24.481Z] Error reading register 6507 for IP 10.30.4.128: A Modbus Exception Occurred - See Response Body
[2024-12-10T05:39:24.481Z] Error reading actual data: A Modbus Exception Occurred - See Response Body
[2024-12-10T05:39:24.482Z] Error writing to Modbus register: A Modbus Exception Occurred - See Response Body
[2024-12-10T05:39:25.484Z] Error reading or processing Modbus registers: A Modbus Exception Occurred - See Response Body
[2024-12-10T05:39:25.486Z] Error reading register 6507 for IP 10.30.4.128: A Modbus Exception Occurred - See Response Body
[2024-12-10T05:39:25.487Z] Error reading actual data: A Modbus Exception Occurred - See Response Body
[2024-12-10T05:39:25.488Z] Error writing to Modbus register: A Modbus Exception Occurred - See Response Body
[2024-12-10T05:39:26.497Z] Error reading or processing Modbus registers: A Modbus Exception Occurred - See Response Body
[2024-12-10T05:39:26.499Z] Error reading register 6507 for IP 10.30.4.128: A Modbus Exception Occurred - See Response Body
[2024-12-10T05:39:26.500Z] Error reading actual data: A Modbus Exception Occurred - See Response Body
[2024-12-10T05:39:26.501Z] Error writing to Modbus register: A Modbus Exception Occurred - See Response Body
[2024-12-10T05:39:27.509Z] Error reading or processing Modbus registers: A Modbus Exception Occurred - See Response Body
[2024-12-10T05:39:27.512Z] Error reading register 6507 for IP 10.30.4.128: A Modbus Exception Occurred - See Response Body
[2024-12-10T05:39:27.513Z] Error reading actual data: A Modbus Exception Occurred - See Response Body
[2024-12-10T05:39:27.513Z] Error writing to Modbus register: A Modbus Exception Occurred - See Response Body
[2024-12-10T05:39:28.523Z] Error reading or processing Modbus registers: A Modbus Exception Occurred - See Response Body
[2024-12-10T05:39:28.525Z] Error reading register 6507 for IP 10.30.4.128: A Modbus Exception Occurred - See Response Body
[2024-12-10T05:39:28.525Z] Error reading actual data: A Modbus Exception Occurred - See Response Body
[2024-12-10T05:39:28.527Z] Error writing to Modbus register: A Modbus Exception Occurred - See Response Body
[2024-12-10T05:39:29.536Z] Error reading or processing Modbus registers: A Modbus Exception Occurred - See Response Body
[2024-12-10T05:39:29.538Z] Error reading register 6507 for IP 10.30.4.128: A Modbus Exception Occurred - See Response Body
[2024-12-10T05:39:29.539Z] Error reading actual data: A Modbus Exception Occurred - See Response Body
[2024-12-10T05:39:29.539Z] Error writing to Modbus register: A Modbus Exception Occurred - See Response Body
[2024-12-10T05:39:30.549Z] Error reading or processing Modbus registers: A Modbus Exception Occurred - See Response Body
[2024-12-10T05:39:30.551Z] Error reading register 6507 for IP 10.30.4.128: A Modbus Exception Occurred - See Response Body
[2024-12-10T05:39:30.552Z] Error reading actual data: A Modbus Exception Occurred - See Response Body
[2024-12-10T05:39:30.553Z] Error writing to Modbus register: A Modbus Exception Occurred - See Response Body
[2024-12-10T05:39:31.553Z] Error reading or processing Modbus registers: A Modbus Exception Occurred - See Response Body
[2024-12-10T05:39:31.555Z] Error reading register 6507 for IP 10.30.4.128: A Modbus Exception Occurred - See Response Body
[2024-12-10T05:39:31.555Z] Error reading actual data: A Modbus Exception Occurred - See Response Body
[2024-12-10T05:39:31.556Z] Error writing to Modbus register: A Modbus Exception Occurred - See Response Body
[2024-12-10T05:39:32.555Z] Error reading or processing Modbus registers: A Modbus Exception Occurred - See Response Body
[2024-12-10T05:39:32.557Z] Error reading register 6507 for IP 10.30.4.128: A Modbus Exception Occurred - See Response Body
[2024-12-10T05:39:32.558Z] Error reading actual data: A Modbus Exception Occurred - See Response Body
[2024-12-10T05:39:32.558Z] Error writing to Modbus register: A Modbus Exception Occurred - See Response Body
[2024-12-10T05:39:33.557Z] Error reading or processing Modbus registers: A Modbus Exception Occurred - See Response Body
[2024-12-10T05:39:33.559Z] Error reading register 6507 for IP 10.30.4.128: A Modbus Exception Occurred - See Response Body
[2024-12-10T05:39:33.560Z] Error reading actual data: A Modbus Exception Occurred - See Response Body
[2024-12-10T05:39:33.560Z] Error writing to Modbus register: A Modbus Exception Occurred - See Response Body
[2024-12-10T05:39:34.558Z] Error reading or processing Modbus registers: A Modbus Exception Occurred - See Response Body
[2024-12-10T05:39:34.561Z] Error reading register 6507 for IP 10.30.4.128: A Modbus Exception Occurred - See Response Body
[2024-12-10T05:39:34.561Z] Error reading actual data: A Modbus Exception Occurred - See Response Body
[2024-12-10T05:39:34.562Z] Error writing to Modbus register: A Modbus Exception Occurred - See Response Body
[2024-12-10T05:39:35.560Z] Error reading or processing Modbus registers: A Modbus Exception Occurred - See Response Body
[2024-12-10T05:39:35.562Z] Error reading register 6507 for IP 10.30.4.128: A Modbus Exception Occurred - See Response Body
[2024-12-10T05:39:35.563Z] Error reading actual data: A Modbus Exception Occurred - See Response Body
[2024-12-10T05:39:35.563Z] Error writing to Modbus register: A Modbus Exception Occurred - See Response Body
[2024-12-10T05:39:36.573Z] Error reading or processing Modbus registers: A Modbus Exception Occurred - See Response Body
[2024-12-10T05:39:36.575Z] Error reading register 6507 for IP 10.30.4.128: A Modbus Exception Occurred - See Response Body
[2024-12-10T05:39:36.576Z] Error reading actual data: A Modbus Exception Occurred - See Response Body
[2024-12-10T05:39:36.576Z] Error writing to Modbus register: A Modbus Exception Occurred - See Response Body
[2024-12-10T05:39:37.588Z] Error reading or processing Modbus registers: A Modbus Exception Occurred - See Response Body
[2024-12-10T05:39:37.590Z] Error reading register 6507 for IP 10.30.4.128: A Modbus Exception Occurred - See Response Body
[2024-12-10T05:39:37.590Z] Error reading actual data: A Modbus Exception Occurred - See Response Body
[2024-12-10T05:39:37.591Z] Error writing to Modbus register: A Modbus Exception Occurred - See Response Body
[2024-12-10T05:39:38.590Z] Error reading or processing Modbus registers: A Modbus Exception Occurred - See Response Body
[2024-12-10T05:39:38.592Z] Error reading register 6507 for IP 10.30.4.128: A Modbus Exception Occurred - See Response Body
[2024-12-10T05:39:38.593Z] Error reading actual data: A Modbus Exception Occurred - See Response Body
[2024-12-10T05:39:38.593Z] Error writing to Modbus register: A Modbus Exception Occurred - See Response Body
[2024-12-10T05:39:39.604Z] Error reading or processing Modbus registers: A Modbus Exception Occurred - See Response Body
[2024-12-10T05:39:39.606Z] Error reading register 6507 for IP 10.30.4.128: A Modbus Exception Occurred - See Response Body
[2024-12-10T05:39:39.606Z] Error reading actual data: A Modbus Exception Occurred - See Response Body
[2024-12-10T05:39:39.607Z] Error writing to Modbus register: A Modbus Exception Occurred - See Response Body
[2024-12-10T05:39:40.605Z] Error reading or processing Modbus registers: A Modbus Exception Occurred - See Response Body
[2024-12-10T05:39:40.607Z] Error reading register 6507 for IP 10.30.4.128: A Modbus Exception Occurred - See Response Body
[2024-12-10T05:39:40.608Z] Error reading actual data: A Modbus Exception Occurred - See Response Body
[2024-12-10T05:39:40.609Z] Error writing to Modbus register: A Modbus Exception Occurred - See Response Body
[2024-12-10T05:39:41.621Z] Error reading or processing Modbus registers: A Modbus Exception Occurred - See Response Body
[2024-12-10T05:39:41.623Z] Error reading register 6507 for IP 10.30.4.128: A Modbus Exception Occurred - See Response Body
[2024-12-10T05:39:41.624Z] Error reading actual data: A Modbus Exception Occurred - See Response Body
[2024-12-10T05:39:41.624Z] Error writing to Modbus register: A Modbus Exception Occurred - See Response Body
[2024-12-10T05:39:42.622Z] Error reading or processing Modbus registers: A Modbus Exception Occurred - See Response Body
[2024-12-10T05:39:42.624Z] Error reading register 6507 for IP 10.30.4.128: A Modbus Exception Occurred - See Response Body
[2024-12-10T05:39:42.625Z] Error reading actual data: A Modbus Exception Occurred - See Response Body
[2024-12-10T05:39:42.625Z] Error writing to Modbus register: A Modbus Exception Occurred - See Response Body
[2024-12-10T05:39:43.636Z] Error reading or processing Modbus registers: A Modbus Exception Occurred - See Response Body
[2024-12-10T05:39:43.638Z] Error reading register 6507 for IP 10.30.4.128: A Modbus Exception Occurred - See Response Body
[2024-12-10T05:39:43.639Z] Error reading actual data: A Modbus Exception Occurred - See Response Body
[2024-12-10T05:39:43.639Z] Error writing to Modbus register: A Modbus Exception Occurred - See Response Body
[2024-12-10T05:39:44.650Z] Error reading or processing Modbus registers: A Modbus Exception Occurred - See Response Body
[2024-12-10T05:39:44.653Z] Error reading register 6507 for IP 10.30.4.128: A Modbus Exception Occurred - See Response Body
[2024-12-10T05:39:44.654Z] Error reading actual data: A Modbus Exception Occurred - See Response Body
[2024-12-10T05:39:44.655Z] Error writing to Modbus register: A Modbus Exception Occurred - See Response Body
[2024-12-10T05:39:45.651Z] Error reading or processing Modbus registers: A Modbus Exception Occurred - See Response Body
[2024-12-10T05:39:45.653Z] Error reading register 6507 for IP 10.30.4.128: A Modbus Exception Occurred - See Response Body
[2024-12-10T05:39:45.654Z] Error reading actual data: A Modbus Exception Occurred - See Response Body
[2024-12-10T05:39:45.655Z] Error writing to Modbus register: A Modbus Exception Occurred - See Response Body
[2024-12-10T05:39:46.666Z] Error reading or processing Modbus registers: A Modbus Exception Occurred - See Response Body
[2024-12-10T05:39:46.669Z] Error reading register 6507 for IP 10.30.4.128: A Modbus Exception Occurred - See Response Body
[2024-12-10T05:39:46.670Z] Error reading actual data: A Modbus Exception Occurred - See Response Body
[2024-12-10T05:39:46.670Z] Error writing to Modbus register: A Modbus Exception Occurred - See Response Body
[2024-12-10T05:39:47.678Z] Error reading or processing Modbus registers: A Modbus Exception Occurred - See Response Body
[2024-12-10T05:39:47.681Z] Error reading register 6507 for IP 10.30.4.128: A Modbus Exception Occurred - See Response Body
[2024-12-10T05:39:47.682Z] Error reading actual data: A Modbus Exception Occurred - See Response Body
[2024-12-10T05:39:47.682Z] Error writing to Modbus register: A Modbus Exception Occurred - See Response Body
[2024-12-10T05:39:48.682Z] Error reading or processing Modbus registers: A Modbus Exception Occurred - See Response Body
[2024-12-10T05:39:48.685Z] Error reading register 6507 for IP 10.30.4.128: A Modbus Exception Occurred - See Response Body
[2024-12-10T05:39:48.686Z] Error reading actual data: A Modbus Exception Occurred - See Response Body
[2024-12-10T05:39:48.686Z] Error writing to Modbus register: A Modbus Exception Occurred - See Response Body
[2024-12-10T05:39:49.685Z] Error reading or processing Modbus registers: A Modbus Exception Occurred - See Response Body
[2024-12-10T05:39:49.687Z] Error reading register 6507 for IP 10.30.4.128: A Modbus Exception Occurred - See Response Body
[2024-12-10T05:39:49.688Z] Error reading actual data: A Modbus Exception Occurred - See Response Body
[2024-12-10T05:39:49.689Z] Error writing to Modbus register: A Modbus Exception Occurred - See Response Body
[2024-12-10T05:39:50.690Z] Error reading or processing Modbus registers: A Modbus Exception Occurred - See Response Body
[2024-12-10T05:39:50.692Z] Error reading register 6507 for IP 10.30.4.128: A Modbus Exception Occurred - See Response Body
[2024-12-10T05:39:50.692Z] Error reading actual data: A Modbus Exception Occurred - See Response Body
[2024-12-10T05:39:50.693Z] Error writing to Modbus register: A Modbus Exception Occurred - See Response Body
[2024-12-10T05:39:51.698Z] Error reading or processing Modbus registers: A Modbus Exception Occurred - See Response Body
[2024-12-10T05:39:51.700Z] Error reading register 6507 for IP 10.30.4.128: A Modbus Exception Occurred - See Response Body
[2024-12-10T05:39:51.701Z] Error reading actual data: A Modbus Exception Occurred - See Response Body
[2024-12-10T05:39:51.702Z] Error writing to Modbus register: A Modbus Exception Occurred - See Response Body
[2024-12-10T05:39:52.712Z] Error reading or processing Modbus registers: A Modbus Exception Occurred - See Response Body
[2024-12-10T05:39:52.714Z] Error reading register 6507 for IP 10.30.4.128: A Modbus Exception Occurred - See Response Body
[2024-12-10T05:39:52.715Z] Error reading actual data: A Modbus Exception Occurred - See Response Body
[2024-12-10T05:39:52.715Z] Error writing to Modbus register: A Modbus Exception Occurred - See Response Body
[2024-12-10T05:39:53.712Z] Error reading or processing Modbus registers: A Modbus Exception Occurred - See Response Body
[2024-12-10T05:39:53.714Z] Error reading register 6507 for IP 10.30.4.128: A Modbus Exception Occurred - See Response Body
[2024-12-10T05:39:53.715Z] Error reading actual data: A Modbus Exception Occurred - See Response Body
[2024-12-10T05:39:53.715Z] Error writing to Modbus register: A Modbus Exception Occurred - See Response Body
[2024-12-10T05:39:54.727Z] Error reading or processing Modbus registers: A Modbus Exception Occurred - See Response Body
[2024-12-10T05:39:54.729Z] Error reading register 6507 for IP 10.30.4.128: A Modbus Exception Occurred - See Response Body
[2024-12-10T05:39:54.730Z] Error reading actual data: A Modbus Exception Occurred - See Response Body
[2024-12-10T05:39:54.730Z] Error writing to Modbus register: A Modbus Exception Occurred - See Response Body
[2024-12-10T05:39:55.727Z] Error reading or processing Modbus registers: A Modbus Exception Occurred - See Response Body
[2024-12-10T05:39:55.730Z] Error reading register 6507 for IP 10.30.4.128: A Modbus Exception Occurred - See Response Body
[2024-12-10T05:39:55.730Z] Error reading actual data: A Modbus Exception Occurred - See Response Body
[2024-12-10T05:39:55.731Z] Error writing to Modbus register: A Modbus Exception Occurred - See Response Body
[2024-12-10T05:39:56.740Z] Error reading or processing Modbus registers: A Modbus Exception Occurred - See Response Body
[2024-12-10T05:39:56.742Z] Error reading register 6507 for IP 10.30.4.128: A Modbus Exception Occurred - See Response Body
[2024-12-10T05:39:56.742Z] Error reading actual data: A Modbus Exception Occurred - See Response Body
[2024-12-10T05:39:56.743Z] Error writing to Modbus register: A Modbus Exception Occurred - See Response Body
[2024-12-10T05:39:57.743Z] Error reading or processing Modbus registers: A Modbus Exception Occurred - See Response Body
[2024-12-10T05:39:57.745Z] Error reading register 6507 for IP 10.30.4.128: A Modbus Exception Occurred - See Response Body
[2024-12-10T05:39:57.746Z] Error reading actual data: A Modbus Exception Occurred - See Response Body
[2024-12-10T05:39:57.746Z] Error writing to Modbus register: A Modbus Exception Occurred - See Response Body
[2024-12-10T05:39:58.758Z] Error reading or processing Modbus registers: A Modbus Exception Occurred - See Response Body
[2024-12-10T05:39:58.760Z] Error reading register 6507 for IP 10.30.4.128: A Modbus Exception Occurred - See Response Body
[2024-12-10T05:39:58.760Z] Error reading actual data: A Modbus Exception Occurred - See Response Body
[2024-12-10T05:39:58.761Z] Error writing to Modbus register: A Modbus Exception Occurred - See Response Body
[2024-12-10T05:39:59.771Z] Error reading or processing Modbus registers: A Modbus Exception Occurred - See Response Body
[2024-12-10T05:39:59.773Z] Error reading register 6507 for IP 10.30.4.128: A Modbus Exception Occurred - See Response Body
[2024-12-10T05:39:59.774Z] Error reading actual data: A Modbus Exception Occurred - See Response Body
[2024-12-10T05:39:59.774Z] Error writing to Modbus register: A Modbus Exception Occurred - See Response Body
[2024-12-10T05:40:00.785Z] Error reading or processing Modbus registers: A Modbus Exception Occurred - See Response Body
[2024-12-10T05:40:00.787Z] Error reading register 6507 for IP 10.30.4.128: A Modbus Exception Occurred - See Response Body
[2024-12-10T05:40:00.788Z] Error reading actual data: A Modbus Exception Occurred - See Response Body
[2024-12-10T05:40:00.789Z] Error writing to Modbus register: A Modbus Exception Occurred - See Response Body
[2024-12-10T05:40:01.800Z] Error reading or processing Modbus registers: A Modbus Exception Occurred - See Response Body
[2024-12-10T05:40:01.801Z] Error reading register 6507 for IP 10.30.4.128: A Modbus Exception Occurred - See Response Body
[2024-12-10T05:40:01.802Z] Error reading actual data: A Modbus Exception Occurred - See Response Body
[2024-12-10T05:40:01.802Z] Error writing to Modbus register: A Modbus Exception Occurred - See Response Body
[2024-12-10T05:40:02.799Z] Error reading or processing Modbus registers: A Modbus Exception Occurred - See Response Body
[2024-12-10T05:40:02.800Z] Error reading register 6507 for IP 10.30.4.128: A Modbus Exception Occurred - See Response Body
[2024-12-10T05:40:02.801Z] Error reading actual data: A Modbus Exception Occurred - See Response Body
[2024-12-10T05:40:02.801Z] Error writing to Modbus register: A Modbus Exception Occurred - See Response Body
[2024-12-10T05:40:03.812Z] Error reading or processing Modbus registers: A Modbus Exception Occurred - See Response Body
[2024-12-10T05:40:03.815Z] Error reading register 6507 for IP 10.30.4.128: A Modbus Exception Occurred - See Response Body
[2024-12-10T05:40:03.815Z] Error reading actual data: A Modbus Exception Occurred - See Response Body
[2024-12-10T05:40:03.816Z] Error writing to Modbus register: A Modbus Exception Occurred - See Response Body
[2024-12-10T05:40:04.812Z] Error reading or processing Modbus registers: A Modbus Exception Occurred - See Response Body
[2024-12-10T05:40:04.815Z] Error reading register 6507 for IP 10.30.4.128: A Modbus Exception Occurred - See Response Body
[2024-12-10T05:40:04.815Z] Error reading actual data: A Modbus Exception Occurred - See Response Body
[2024-12-10T05:40:04.816Z] Error writing to Modbus register: A Modbus Exception Occurred - See Response Body
[2024-12-10T05:40:05.823Z] Error reading or processing Modbus registers: A Modbus Exception Occurred - See Response Body
[2024-12-10T05:40:05.825Z] Error reading register 6507 for IP 10.30.4.128: A Modbus Exception Occurred - See Response Body
[2024-12-10T05:40:05.826Z] Error reading actual data: A Modbus Exception Occurred - See Response Body
[2024-12-10T05:40:05.826Z] Error writing to Modbus register: A Modbus Exception Occurred - See Response Body
[2024-12-10T05:40:06.827Z] Error reading or processing Modbus registers: A Modbus Exception Occurred - See Response Body
[2024-12-10T05:40:06.829Z] Error reading register 6507 for IP 10.30.4.128: A Modbus Exception Occurred - See Response Body
[2024-12-10T05:40:06.830Z] Error reading actual data: A Modbus Exception Occurred - See Response Body
[2024-12-10T05:40:06.830Z] Error writing to Modbus register: A Modbus Exception Occurred - See Response Body
[2024-12-10T05:40:07.828Z] Error reading or processing Modbus registers: A Modbus Exception Occurred - See Response Body
[2024-12-10T05:40:07.830Z] Error reading register 6507 for IP 10.30.4.128: A Modbus Exception Occurred - See Response Body
[2024-12-10T05:40:07.831Z] Error reading actual data: A Modbus Exception Occurred - See Response Body
[2024-12-10T05:40:07.831Z] Error writing to Modbus register: A Modbus Exception Occurred - See Response Body
[2024-12-10T05:40:08.842Z] Error reading or processing Modbus registers: A Modbus Exception Occurred - See Response Body
[2024-12-10T05:40:08.844Z] Error reading register 6507 for IP 10.30.4.128: A Modbus Exception Occurred - See Response Body
[2024-12-10T05:40:08.845Z] Error reading actual data: A Modbus Exception Occurred - See Response Body
[2024-12-10T05:40:08.845Z] Error writing to Modbus register: A Modbus Exception Occurred - See Response Body
[2024-12-10T05:40:09.857Z] Error reading or processing Modbus registers: A Modbus Exception Occurred - See Response Body
[2024-12-10T05:40:09.859Z] Error reading register 6507 for IP 10.30.4.128: A Modbus Exception Occurred - See Response Body
[2024-12-10T05:40:09.860Z] Error reading actual data: A Modbus Exception Occurred - See Response Body
[2024-12-10T05:40:09.860Z] Error writing to Modbus register: A Modbus Exception Occurred - See Response Body
[2024-12-10T05:40:10.871Z] Error reading or processing Modbus registers: A Modbus Exception Occurred - See Response Body
[2024-12-10T05:40:10.874Z] Error reading register 6507 for IP 10.30.4.128: A Modbus Exception Occurred - See Response Body
[2024-12-10T05:40:10.875Z] Error reading actual data: A Modbus Exception Occurred - See Response Body
[2024-12-10T05:40:10.875Z] Error writing to Modbus register: A Modbus Exception Occurred - See Response Body
[2024-12-10T05:40:11.885Z] Error reading or processing Modbus registers: A Modbus Exception Occurred - See Response Body
[2024-12-10T05:40:11.887Z] Error reading register 6507 for IP 10.30.4.128: A Modbus Exception Occurred - See Response Body
[2024-12-10T05:40:11.887Z] Error reading actual data: A Modbus Exception Occurred - See Response Body
[2024-12-10T05:40:11.888Z] Error writing to Modbus register: A Modbus Exception Occurred - See Response Body
[2024-12-10T05:40:12.899Z] Error reading or processing Modbus registers: A Modbus Exception Occurred - See Response Body
[2024-12-10T05:40:12.901Z] Error reading register 6507 for IP 10.30.4.128: A Modbus Exception Occurred - See Response Body
[2024-12-10T05:40:12.902Z] Error reading actual data: A Modbus Exception Occurred - See Response Body
[2024-12-10T05:40:12.902Z] Error writing to Modbus register: A Modbus Exception Occurred - See Response Body
[2024-12-10T05:40:13.911Z] Error reading or processing Modbus registers: A Modbus Exception Occurred - See Response Body
[2024-12-10T05:40:13.914Z] Error reading register 6507 for IP 10.30.4.128: A Modbus Exception Occurred - See Response Body
[2024-12-10T05:40:13.915Z] Error reading actual data: A Modbus Exception Occurred - See Response Body
[2024-12-10T05:40:13.916Z] Error writing to Modbus register: A Modbus Exception Occurred - See Response Body
[2024-12-10T05:40:14.924Z] Error reading or processing Modbus registers: A Modbus Exception Occurred - See Response Body
[2024-12-10T05:40:14.926Z] Error reading register 6507 for IP 10.30.4.128: A Modbus Exception Occurred - See Response Body
[2024-12-10T05:40:14.927Z] Error reading actual data: A Modbus Exception Occurred - See Response Body
[2024-12-10T05:40:14.928Z] Error writing to Modbus register: A Modbus Exception Occurred - See Response Body
[2024-12-10T05:40:15.938Z] Error reading or processing Modbus registers: A Modbus Exception Occurred - See Response Body
[2024-12-10T05:40:15.941Z] Error reading register 6507 for IP 10.30.4.128: A Modbus Exception Occurred - See Response Body
[2024-12-10T05:40:15.942Z] Error reading actual data: A Modbus Exception Occurred - See Response Body
[2024-12-10T05:40:15.943Z] Error writing to Modbus register: A Modbus Exception Occurred - See Response Body
[2024-12-10T05:40:16.940Z] Error reading or processing Modbus registers: A Modbus Exception Occurred - See Response Body
[2024-12-10T05:40:16.942Z] Error reading register 6507 for IP 10.30.4.128: A Modbus Exception Occurred - See Response Body
[2024-12-10T05:40:16.943Z] Error reading actual data: A Modbus Exception Occurred - See Response Body
[2024-12-10T05:40:16.944Z] Error writing to Modbus register: A Modbus Exception Occurred - See Response Body
[2024-12-10T05:40:17.953Z] Error reading or processing Modbus registers: A Modbus Exception Occurred - See Response Body
[2024-12-10T05:40:17.955Z] Error reading register 6507 for IP 10.30.4.128: A Modbus Exception Occurred - See Response Body
[2024-12-10T05:40:17.955Z] Error reading actual data: A Modbus Exception Occurred - See Response Body
[2024-12-10T05:40:17.959Z] Error writing to Modbus register: A Modbus Exception Occurred - See Response Body
[2024-12-10T05:40:18.954Z] Error reading or processing Modbus registers: A Modbus Exception Occurred - See Response Body
[2024-12-10T05:40:18.956Z] Error reading register 6507 for IP 10.30.4.128: A Modbus Exception Occurred - See Response Body
[2024-12-10T05:40:18.956Z] Error reading actual data: A Modbus Exception Occurred - See Response Body
[2024-12-10T05:40:18.957Z] Error writing to Modbus register: A Modbus Exception Occurred - See Response Body
[2024-12-10T05:40:19.967Z] Error reading or processing Modbus registers: A Modbus Exception Occurred - See Response Body
[2024-12-10T05:40:19.969Z] Error reading register 6507 for IP 10.30.4.128: A Modbus Exception Occurred - See Response Body
[2024-12-10T05:40:19.970Z] Error reading actual data: A Modbus Exception Occurred - See Response Body
[2024-12-10T05:40:19.970Z] Error writing to Modbus register: A Modbus Exception Occurred - See Response Body
[2024-12-10T05:40:20.982Z] Error reading or processing Modbus registers: A Modbus Exception Occurred - See Response Body
[2024-12-10T05:40:20.984Z] Error reading register 6507 for IP 10.30.4.128: A Modbus Exception Occurred - See Response Body
[2024-12-10T05:40:20.984Z] Error reading actual data: A Modbus Exception Occurred - See Response Body
[2024-12-10T05:40:20.984Z] Error writing to Modbus register: A Modbus Exception Occurred - See Response Body
[2024-12-10T05:40:21.987Z] Error reading or processing Modbus registers: A Modbus Exception Occurred - See Response Body
[2024-12-10T05:40:21.989Z] Error reading register 6507 for IP 10.30.4.128: A Modbus Exception Occurred - See Response Body
[2024-12-10T05:40:21.990Z] Error reading actual data: A Modbus Exception Occurred - See Response Body
[2024-12-10T05:40:21.990Z] Error writing to Modbus register: A Modbus Exception Occurred - See Response Body
[2024-12-10T05:40:22.999Z] Error reading or processing Modbus registers: A Modbus Exception Occurred - See Response Body
[2024-12-10T05:40:23.001Z] Error reading register 6507 for IP 10.30.4.128: A Modbus Exception Occurred - See Response Body
[2024-12-10T05:40:23.001Z] Error reading actual data: A Modbus Exception Occurred - See Response Body
[2024-12-10T05:40:23.002Z] Error writing to Modbus register: A Modbus Exception Occurred - See Response Body
[2024-12-10T05:40:24.013Z] Error reading or processing Modbus registers: A Modbus Exception Occurred - See Response Body
[2024-12-10T05:40:24.015Z] Error reading register 6507 for IP 10.30.4.128: A Modbus Exception Occurred - See Response Body
[2024-12-10T05:40:24.015Z] Error reading actual data: A Modbus Exception Occurred - See Response Body
[2024-12-10T05:40:24.016Z] Error writing to Modbus register: A Modbus Exception Occurred - See Response Body
[2024-12-10T05:40:25.026Z] Error reading or processing Modbus registers: A Modbus Exception Occurred - See Response Body
[2024-12-10T05:40:25.028Z] Error reading register 6507 for IP 10.30.4.128: A Modbus Exception Occurred - See Response Body
[2024-12-10T05:40:25.028Z] Error reading actual data: A Modbus Exception Occurred - See Response Body
[2024-12-10T05:40:25.029Z] Error writing to Modbus register: A Modbus Exception Occurred - See Response Body
[2024-12-10T05:40:26.040Z] Error reading or processing Modbus registers: A Modbus Exception Occurred - See Response Body
[2024-12-10T05:40:26.042Z] Error reading register 6507 for IP 10.30.4.128: A Modbus Exception Occurred - See Response Body
[2024-12-10T05:40:26.042Z] Error reading actual data: A Modbus Exception Occurred - See Response Body
[2024-12-10T05:40:26.043Z] Error writing to Modbus register: A Modbus Exception Occurred - See Response Body
[2024-12-10T05:40:27.046Z] Error reading or processing Modbus registers: A Modbus Exception Occurred - See Response Body
[2024-12-10T05:40:27.048Z] Error reading register 6507 for IP 10.30.4.128: A Modbus Exception Occurred - See Response Body
[2024-12-10T05:40:27.049Z] Error reading actual data: A Modbus Exception Occurred - See Response Body
[2024-12-10T05:40:27.049Z] Error writing to Modbus register: A Modbus Exception Occurred - See Response Body
[2024-12-10T05:40:28.046Z] Error reading or processing Modbus registers: A Modbus Exception Occurred - See Response Body
[2024-12-10T05:40:28.048Z] Error reading register 6507 for IP 10.30.4.128: A Modbus Exception Occurred - See Response Body
[2024-12-10T05:40:28.049Z] Error reading actual data: A Modbus Exception Occurred - See Response Body
[2024-12-10T05:40:28.049Z] Error writing to Modbus register: A Modbus Exception Occurred - See Response Body
[2024-12-10T05:40:29.058Z] Error reading or processing Modbus registers: A Modbus Exception Occurred - See Response Body
[2024-12-10T05:40:29.060Z] Error reading register 6507 for IP 10.30.4.128: A Modbus Exception Occurred - See Response Body
[2024-12-10T05:40:29.061Z] Error reading actual data: A Modbus Exception Occurred - See Response Body
[2024-12-10T05:40:29.062Z] Error writing to Modbus register: A Modbus Exception Occurred - See Response Body
[2024-12-10T05:40:30.058Z] Error reading or processing Modbus registers: A Modbus Exception Occurred - See Response Body
[2024-12-10T05:40:30.060Z] Error reading register 6507 for IP 10.30.4.128: A Modbus Exception Occurred - See Response Body
[2024-12-10T05:40:30.060Z] Error reading actual data: A Modbus Exception Occurred - See Response Body
[2024-12-10T05:40:30.061Z] Error writing to Modbus register: A Modbus Exception Occurred - See Response Body
[2024-12-10T05:40:31.061Z] Error reading or processing Modbus registers: A Modbus Exception Occurred - See Response Body
[2024-12-10T05:40:31.063Z] Error reading register 6507 for IP 10.30.4.128: A Modbus Exception Occurred - See Response Body
[2024-12-10T05:40:31.064Z] Error reading actual data: A Modbus Exception Occurred - See Response Body
[2024-12-10T05:40:31.064Z] Error writing to Modbus register: A Modbus Exception Occurred - See Response Body
[2024-12-10T05:40:32.073Z] Error reading or processing Modbus registers: A Modbus Exception Occurred - See Response Body
[2024-12-10T05:40:32.074Z] Error reading register 6507 for IP 10.30.4.128: A Modbus Exception Occurred - See Response Body
[2024-12-10T05:40:32.075Z] Error reading actual data: A Modbus Exception Occurred - See Response Body
[2024-12-10T05:40:32.076Z] Error writing to Modbus register: A Modbus Exception Occurred - See Response Body
[2024-12-10T05:40:33.087Z] Error reading or processing Modbus registers: A Modbus Exception Occurred - See Response Body
[2024-12-10T05:40:33.089Z] Error reading register 6507 for IP 10.30.4.128: A Modbus Exception Occurred - See Response Body
[2024-12-10T05:40:33.089Z] Error reading actual data: A Modbus Exception Occurred - See Response Body
[2024-12-10T05:40:33.090Z] Error writing to Modbus register: A Modbus Exception Occurred - See Response Body
[2024-12-10T05:40:34.089Z] Error reading or processing Modbus registers: A Modbus Exception Occurred - See Response Body
[2024-12-10T05:40:34.091Z] Error reading register 6507 for IP 10.30.4.128: A Modbus Exception Occurred - See Response Body
[2024-12-10T05:40:34.092Z] Error reading actual data: A Modbus Exception Occurred - See Response Body
[2024-12-10T05:40:34.093Z] Error writing to Modbus register: A Modbus Exception Occurred - See Response Body
[2024-12-10T05:40:35.103Z] Error reading or processing Modbus registers: A Modbus Exception Occurred - See Response Body
[2024-12-10T05:40:35.105Z] Error reading register 6507 for IP 10.30.4.128: A Modbus Exception Occurred - See Response Body
[2024-12-10T05:40:35.106Z] Error reading actual data: A Modbus Exception Occurred - See Response Body
[2024-12-10T05:40:35.107Z] Error writing to Modbus register: A Modbus Exception Occurred - See Response Body
[2024-12-10T05:40:36.118Z] Error reading or processing Modbus registers: A Modbus Exception Occurred - See Response Body
[2024-12-10T05:40:36.120Z] Error reading register 6507 for IP 10.30.4.128: A Modbus Exception Occurred - See Response Body
[2024-12-10T05:40:36.121Z] Error reading actual data: A Modbus Exception Occurred - See Response Body
[2024-12-10T05:40:36.121Z] Error writing to Modbus register: A Modbus Exception Occurred - See Response Body
[2024-12-10T05:40:37.133Z] Error reading or processing Modbus registers: A Modbus Exception Occurred - See Response Body
[2024-12-10T05:40:37.135Z] Error reading register 6507 for IP 10.30.4.128: A Modbus Exception Occurred - See Response Body
[2024-12-10T05:40:37.136Z] Error reading actual data: A Modbus Exception Occurred - See Response Body
[2024-12-10T05:40:37.137Z] Error writing to Modbus register: A Modbus Exception Occurred - See Response Body
[2024-12-10T05:40:38.136Z] Error reading or processing Modbus registers: A Modbus Exception Occurred - See Response Body
[2024-12-10T05:40:38.138Z] Error reading register 6507 for IP 10.30.4.128: A Modbus Exception Occurred - See Response Body
[2024-12-10T05:40:38.138Z] Error reading actual data: A Modbus Exception Occurred - See Response Body
[2024-12-10T05:40:38.139Z] Error writing to Modbus register: A Modbus Exception Occurred - See Response Body
[2024-12-10T05:40:39.148Z] Error reading or processing Modbus registers: A Modbus Exception Occurred - See Response Body
[2024-12-10T05:40:39.150Z] Error reading register 6507 for IP 10.30.4.128: A Modbus Exception Occurred - See Response Body
[2024-12-10T05:40:39.151Z] Error reading actual data: A Modbus Exception Occurred - See Response Body
[2024-12-10T05:40:39.151Z] Error writing to Modbus register: A Modbus Exception Occurred - See Response Body
[2024-12-10T05:40:40.162Z] Error reading or processing Modbus registers: A Modbus Exception Occurred - See Response Body
[2024-12-10T05:40:40.164Z] Error reading register 6507 for IP 10.30.4.128: A Modbus Exception Occurred - See Response Body
[2024-12-10T05:40:40.165Z] Error reading actual data: A Modbus Exception Occurred - See Response Body
[2024-12-10T05:40:40.165Z] Error writing to Modbus register: A Modbus Exception Occurred - See Response Body
[2024-12-10T05:40:41.166Z] Error reading or processing Modbus registers: A Modbus Exception Occurred - See Response Body
[2024-12-10T05:40:41.168Z] Error reading register 6507 for IP 10.30.4.128: A Modbus Exception Occurred - See Response Body
[2024-12-10T05:40:41.169Z] Error reading actual data: A Modbus Exception Occurred - See Response Body
[2024-12-10T05:40:41.169Z] Error writing to Modbus register: A Modbus Exception Occurred - See Response Body
[2024-12-10T05:40:42.177Z] Error reading or processing Modbus registers: A Modbus Exception Occurred - See Response Body
[2024-12-10T05:40:42.179Z] Error reading register 6507 for IP 10.30.4.128: A Modbus Exception Occurred - See Response Body
[2024-12-10T05:40:42.180Z] Error reading actual data: A Modbus Exception Occurred - See Response Body
[2024-12-10T05:40:42.181Z] Error writing to Modbus register: A Modbus Exception Occurred - See Response Body
[2024-12-10T05:40:43.193Z] Error reading or processing Modbus registers: A Modbus Exception Occurred - See Response Body
[2024-12-10T05:40:43.195Z] Error reading register 6507 for IP 10.30.4.128: A Modbus Exception Occurred - See Response Body
[2024-12-10T05:40:43.195Z] Error reading actual data: A Modbus Exception Occurred - See Response Body
[2024-12-10T05:40:43.196Z] Error writing to Modbus register: A Modbus Exception Occurred - See Response Body
[2024-12-10T05:40:44.206Z] Error reading or processing Modbus registers: A Modbus Exception Occurred - See Response Body
[2024-12-10T05:40:44.208Z] Error reading register 6507 for IP 10.30.4.128: A Modbus Exception Occurred - See Response Body
[2024-12-10T05:40:44.209Z] Error reading actual data: A Modbus Exception Occurred - See Response Body
[2024-12-10T05:40:44.209Z] Error writing to Modbus register: A Modbus Exception Occurred - See Response Body
[2024-12-10T05:40:45.207Z] Error reading or processing Modbus registers: A Modbus Exception Occurred - See Response Body
[2024-12-10T05:40:45.209Z] Error reading register 6507 for IP 10.30.4.128: A Modbus Exception Occurred - See Response Body
[2024-12-10T05:40:45.210Z] Error reading actual data: A Modbus Exception Occurred - See Response Body
[2024-12-10T05:40:45.210Z] Error writing to Modbus register: A Modbus Exception Occurred - See Response Body
[2024-12-10T05:40:46.211Z] Error reading or processing Modbus registers: A Modbus Exception Occurred - See Response Body
[2024-12-10T05:40:46.214Z] Error reading register 6507 for IP 10.30.4.128: A Modbus Exception Occurred - See Response Body
[2024-12-10T05:40:46.215Z] Error reading actual data: A Modbus Exception Occurred - See Response Body
[2024-12-10T05:40:46.215Z] Error writing to Modbus register: A Modbus Exception Occurred - See Response Body
[2024-12-10T05:40:47.224Z] Error reading or processing Modbus registers: A Modbus Exception Occurred - See Response Body
[2024-12-10T05:40:47.226Z] Error reading actual data: A Modbus Exception Occurred - See Response Body
[2024-12-10T05:40:47.226Z] Error reading register 6507 for IP 10.30.4.128: A Modbus Exception Occurred - See Response Body
[2024-12-10T05:40:47.227Z] Error writing to Modbus register: A Modbus Exception Occurred - See Response Body
[2024-12-10T05:40:48.227Z] Error reading or processing Modbus registers: A Modbus Exception Occurred - See Response Body
[2024-12-10T05:40:48.229Z] Error reading register 6507 for IP 10.30.4.128: A Modbus Exception Occurred - See Response Body
[2024-12-10T05:40:48.230Z] Error reading actual data: A Modbus Exception Occurred - See Response Body
[2024-12-10T05:40:48.230Z] Error writing to Modbus register: A Modbus Exception Occurred - See Response Body
[2024-12-10T05:40:49.228Z] Error reading or processing Modbus registers: A Modbus Exception Occurred - See Response Body
[2024-12-10T05:40:49.230Z] Error reading register 6507 for IP 10.30.4.128: A Modbus Exception Occurred - See Response Body
[2024-12-10T05:40:49.231Z] Error reading actual data: A Modbus Exception Occurred - See Response Body
[2024-12-10T05:40:49.231Z] Error writing to Modbus register: A Modbus Exception Occurred - See Response Body
[2024-12-10T05:40:50.243Z] Error reading or processing Modbus registers: A Modbus Exception Occurred - See Response Body
[2024-12-10T05:40:50.245Z] Error reading register 6507 for IP 10.30.4.128: A Modbus Exception Occurred - See Response Body
[2024-12-10T05:40:50.245Z] Error reading actual data: A Modbus Exception Occurred - See Response Body
[2024-12-10T05:40:50.246Z] Error writing to Modbus register: A Modbus Exception Occurred - See Response Body
[2024-12-10T05:40:51.242Z] Error reading or processing Modbus registers: A Modbus Exception Occurred - See Response Body
[2024-12-10T05:40:51.244Z] Error reading register 6507 for IP 10.30.4.128: A Modbus Exception Occurred - See Response Body
[2024-12-10T05:40:51.244Z] Error reading actual data: A Modbus Exception Occurred - See Response Body
[2024-12-10T05:40:51.245Z] Error writing to Modbus register: A Modbus Exception Occurred - See Response Body
[2024-12-10T05:40:52.255Z] Error reading or processing Modbus registers: A Modbus Exception Occurred - See Response Body
[2024-12-10T05:40:52.257Z] Error reading register 6507 for IP 10.30.4.128: A Modbus Exception Occurred - See Response Body
[2024-12-10T05:40:52.258Z] Error reading actual data: A Modbus Exception Occurred - See Response Body
[2024-12-10T05:40:52.258Z] Error writing to Modbus register: A Modbus Exception Occurred - See Response Body
[2024-12-10T05:40:53.255Z] Error reading or processing Modbus registers: A Modbus Exception Occurred - See Response Body
[2024-12-10T05:40:53.257Z] Error reading register 6507 for IP 10.30.4.128: A Modbus Exception Occurred - See Response Body
[2024-12-10T05:40:53.257Z] Error reading actual data: A Modbus Exception Occurred - See Response Body
[2024-12-10T05:40:53.258Z] Error writing to Modbus register: A Modbus Exception Occurred - See Response Body
[2024-12-10T05:40:54.259Z] Error reading or processing Modbus registers: A Modbus Exception Occurred - See Response Body
[2024-12-10T05:40:54.261Z] Error reading register 6507 for IP 10.30.4.128: A Modbus Exception Occurred - See Response Body
[2024-12-10T05:40:54.262Z] Error reading actual data: A Modbus Exception Occurred - See Response Body
[2024-12-10T05:40:54.262Z] Error writing to Modbus register: A Modbus Exception Occurred - See Response Body
[2024-12-10T05:40:55.260Z] Error reading or processing Modbus registers: A Modbus Exception Occurred - See Response Body
[2024-12-10T05:40:55.262Z] Error reading register 6507 for IP 10.30.4.128: A Modbus Exception Occurred - See Response Body
[2024-12-10T05:40:55.263Z] Error reading actual data: A Modbus Exception Occurred - See Response Body
[2024-12-10T05:40:55.264Z] Error writing to Modbus register: A Modbus Exception Occurred - See Response Body
[2024-12-10T05:40:56.274Z] Error reading or processing Modbus registers: A Modbus Exception Occurred - See Response Body
[2024-12-10T05:40:56.276Z] Error reading register 6507 for IP 10.30.4.128: A Modbus Exception Occurred - See Response Body
[2024-12-10T05:40:56.277Z] Error reading actual data: A Modbus Exception Occurred - See Response Body
[2024-12-10T05:40:56.277Z] Error writing to Modbus register: A Modbus Exception Occurred - See Response Body
[2024-12-10T05:40:57.289Z] Error reading or processing Modbus registers: A Modbus Exception Occurred - See Response Body
[2024-12-10T05:40:57.291Z] Error reading register 6507 for IP 10.30.4.128: A Modbus Exception Occurred - See Response Body
[2024-12-10T05:40:57.292Z] Error reading actual data: A Modbus Exception Occurred - See Response Body
[2024-12-10T05:40:57.293Z] Error writing to Modbus register: A Modbus Exception Occurred - See Response Body
[2024-12-10T05:40:58.291Z] Error reading or processing Modbus registers: A Modbus Exception Occurred - See Response Body
[2024-12-10T05:40:58.294Z] Error reading register 6507 for IP 10.30.4.128: A Modbus Exception Occurred - See Response Body
[2024-12-10T05:40:58.294Z] Error reading actual data: A Modbus Exception Occurred - See Response Body
[2024-12-10T05:40:58.295Z] Error writing to Modbus register: A Modbus Exception Occurred - See Response Body
[2024-12-10T05:40:59.304Z] Error reading or processing Modbus registers: A Modbus Exception Occurred - See Response Body
[2024-12-10T05:40:59.306Z] Error reading register 6507 for IP 10.30.4.128: A Modbus Exception Occurred - See Response Body
[2024-12-10T05:40:59.307Z] Error reading actual data: A Modbus Exception Occurred - See Response Body
[2024-12-10T05:40:59.308Z] Error writing to Modbus register: A Modbus Exception Occurred - See Response Body
[2024-12-10T05:41:00.319Z] Error reading or processing Modbus registers: A Modbus Exception Occurred - See Response Body
[2024-12-10T05:41:00.321Z] Error reading register 6507 for IP 10.30.4.128: A Modbus Exception Occurred - See Response Body
[2024-12-10T05:41:00.322Z] Error reading actual data: A Modbus Exception Occurred - See Response Body
[2024-12-10T05:41:00.322Z] Error writing to Modbus register: A Modbus Exception Occurred - See Response Body
[2024-12-10T05:41:01.331Z] Error reading or processing Modbus registers: A Modbus Exception Occurred - See Response Body
[2024-12-10T05:41:01.333Z] Error reading register 6507 for IP 10.30.4.128: A Modbus Exception Occurred - See Response Body
[2024-12-10T05:41:01.334Z] Error reading actual data: A Modbus Exception Occurred - See Response Body
[2024-12-10T05:41:01.335Z] Error writing to Modbus register: A Modbus Exception Occurred - See Response Body
[2024-12-10T05:41:02.331Z] Error reading or processing Modbus registers: A Modbus Exception Occurred - See Response Body
[2024-12-10T05:41:02.334Z] Error reading register 6507 for IP 10.30.4.128: A Modbus Exception Occurred - See Response Body
[2024-12-10T05:41:02.334Z] Error reading actual data: A Modbus Exception Occurred - See Response Body
[2024-12-10T05:41:02.335Z] Error writing to Modbus register: A Modbus Exception Occurred - See Response Body
[2024-12-10T05:41:03.347Z] Error reading or processing Modbus registers: A Modbus Exception Occurred - See Response Body
[2024-12-10T05:41:03.349Z] Error reading register 6507 for IP 10.30.4.128: A Modbus Exception Occurred - See Response Body
[2024-12-10T05:41:03.349Z] Error reading actual data: A Modbus Exception Occurred - See Response Body
[2024-12-10T05:41:03.350Z] Error writing to Modbus register: A Modbus Exception Occurred - See Response Body
[2024-12-10T05:41:04.360Z] Error reading or processing Modbus registers: A Modbus Exception Occurred - See Response Body
[2024-12-10T05:41:04.362Z] Error reading register 6507 for IP 10.30.4.128: A Modbus Exception Occurred - See Response Body
[2024-12-10T05:41:04.362Z] Error reading actual data: A Modbus Exception Occurred - See Response Body
[2024-12-10T05:41:04.363Z] Error writing to Modbus register: A Modbus Exception Occurred - See Response Body
[2024-12-10T05:41:05.376Z] Error reading or processing Modbus registers: A Modbus Exception Occurred - See Response Body
[2024-12-10T05:41:05.379Z] Error reading register 6507 for IP 10.30.4.128: A Modbus Exception Occurred - See Response Body
[2024-12-10T05:41:05.380Z] Error reading actual data: A Modbus Exception Occurred - See Response Body
[2024-12-10T05:41:05.380Z] Error writing to Modbus register: A Modbus Exception Occurred - See Response Body
[2024-12-10T05:41:06.387Z] Error reading or processing Modbus registers: A Modbus Exception Occurred - See Response Body
[2024-12-10T05:41:06.389Z] Error reading register 6507 for IP 10.30.4.128: A Modbus Exception Occurred - See Response Body
[2024-12-10T05:41:06.390Z] Error reading actual data: A Modbus Exception Occurred - See Response Body
[2024-12-10T05:41:06.390Z] Error writing to Modbus register: A Modbus Exception Occurred - See Response Body
[2024-12-10T05:41:07.402Z] Error reading or processing Modbus registers: A Modbus Exception Occurred - See Response Body
[2024-12-10T05:41:07.404Z] Error reading register 6507 for IP 10.30.4.128: A Modbus Exception Occurred - See Response Body
[2024-12-10T05:41:07.405Z] Error reading actual data: A Modbus Exception Occurred - See Response Body
[2024-12-10T05:41:07.405Z] Error writing to Modbus register: A Modbus Exception Occurred - See Response Body
[2024-12-10T05:41:08.408Z] Error reading or processing Modbus registers: A Modbus Exception Occurred - See Response Body
[2024-12-10T05:41:08.411Z] Error reading register 6507 for IP 10.30.4.128: A Modbus Exception Occurred - See Response Body
[2024-12-10T05:41:08.412Z] Error reading actual data: A Modbus Exception Occurred - See Response Body
[2024-12-10T05:41:08.412Z] Error writing to Modbus register: A Modbus Exception Occurred - See Response Body
[2024-12-10T05:41:09.409Z] Error reading or processing Modbus registers: A Modbus Exception Occurred - See Response Body
[2024-12-10T05:41:09.413Z] Error reading register 6507 for IP 10.30.4.128: A Modbus Exception Occurred - See Response Body
[2024-12-10T05:41:09.413Z] Error reading actual data: A Modbus Exception Occurred - See Response Body
[2024-12-10T05:41:09.414Z] Error writing to Modbus register: A Modbus Exception Occurred - See Response Body
[2024-12-10T05:41:10.411Z] Error reading or processing Modbus registers: A Modbus Exception Occurred - See Response Body
[2024-12-10T05:41:10.413Z] Error reading register 6507 for IP 10.30.4.128: A Modbus Exception Occurred - See Response Body
[2024-12-10T05:41:10.415Z] Error reading actual data: A Modbus Exception Occurred - See Response Body
[2024-12-10T05:41:10.416Z] Error writing to Modbus register: A Modbus Exception Occurred - See Response Body
[2024-12-10T05:41:11.412Z] Error reading or processing Modbus registers: A Modbus Exception Occurred - See Response Body
[2024-12-10T05:41:11.416Z] Error reading register 6507 for IP 10.30.4.128: A Modbus Exception Occurred - See Response Body
[2024-12-10T05:41:11.416Z] Error reading actual data: A Modbus Exception Occurred - See Response Body
[2024-12-10T05:41:11.417Z] Error writing to Modbus register: A Modbus Exception Occurred - See Response Body
[2024-12-10T05:41:12.424Z] Error reading or processing Modbus registers: A Modbus Exception Occurred - See Response Body
[2024-12-10T05:41:12.426Z] Error reading register 6507 for IP 10.30.4.128: A Modbus Exception Occurred - See Response Body
[2024-12-10T05:41:12.427Z] Error reading actual data: A Modbus Exception Occurred - See Response Body
[2024-12-10T05:41:12.427Z] Error writing to Modbus register: A Modbus Exception Occurred - See Response Body
[2024-12-10T05:41:13.437Z] Error reading or processing Modbus registers: A Modbus Exception Occurred - See Response Body
[2024-12-10T05:41:13.439Z] Error reading register 6507 for IP 10.30.4.128: A Modbus Exception Occurred - See Response Body
[2024-12-10T05:41:13.440Z] Error reading actual data: A Modbus Exception Occurred - See Response Body
[2024-12-10T05:41:13.440Z] Error writing to Modbus register: A Modbus Exception Occurred - See Response Body
[2024-12-10T05:41:14.452Z] Error reading or processing Modbus registers: A Modbus Exception Occurred - See Response Body
[2024-12-10T05:41:14.454Z] Error reading register 6507 for IP 10.30.4.128: A Modbus Exception Occurred - See Response Body
[2024-12-10T05:41:14.454Z] Error reading actual data: A Modbus Exception Occurred - See Response Body
[2024-12-10T05:41:14.455Z] Error writing to Modbus register: A Modbus Exception Occurred - See Response Body
[2024-12-10T05:41:15.464Z] Error reading or processing Modbus registers: A Modbus Exception Occurred - See Response Body
[2024-12-10T05:41:15.466Z] Error reading register 6507 for IP 10.30.4.128: A Modbus Exception Occurred - See Response Body
[2024-12-10T05:41:15.467Z] Error reading actual data: A Modbus Exception Occurred - See Response Body
[2024-12-10T05:41:15.468Z] Error writing to Modbus register: A Modbus Exception Occurred - See Response Body
[2024-12-10T05:41:16.479Z] Error reading or processing Modbus registers: A Modbus Exception Occurred - See Response Body
[2024-12-10T05:41:16.482Z] Error reading register 6507 for IP 10.30.4.128: A Modbus Exception Occurred - See Response Body
[2024-12-10T05:41:16.482Z] Error reading actual data: A Modbus Exception Occurred - See Response Body
[2024-12-10T05:41:16.483Z] Error writing to Modbus register: A Modbus Exception Occurred - See Response Body
[2024-12-10T05:41:17.492Z] Error reading or processing Modbus registers: A Modbus Exception Occurred - See Response Body
[2024-12-10T05:41:17.494Z] Error reading register 6507 for IP 10.30.4.128: A Modbus Exception Occurred - See Response Body
[2024-12-10T05:41:17.495Z] Error reading actual data: A Modbus Exception Occurred - See Response Body
[2024-12-10T05:41:17.495Z] Error writing to Modbus register: A Modbus Exception Occurred - See Response Body
[2024-12-10T05:41:18.492Z] Error reading or processing Modbus registers: A Modbus Exception Occurred - See Response Body
[2024-12-10T05:41:18.494Z] Error reading register 6507 for IP 10.30.4.128: A Modbus Exception Occurred - See Response Body
[2024-12-10T05:41:18.495Z] Error reading actual data: A Modbus Exception Occurred - See Response Body
[2024-12-10T05:41:18.495Z] Error writing to Modbus register: A Modbus Exception Occurred - See Response Body
[2024-12-10T05:41:19.505Z] Error reading or processing Modbus registers: A Modbus Exception Occurred - See Response Body
[2024-12-10T05:41:19.508Z] Error reading register 6507 for IP 10.30.4.128: A Modbus Exception Occurred - See Response Body
[2024-12-10T05:41:19.508Z] Error reading actual data: A Modbus Exception Occurred - See Response Body
[2024-12-10T05:41:19.509Z] Error writing to Modbus register: A Modbus Exception Occurred - See Response Body
[2024-12-10T05:41:20.520Z] Error reading or processing Modbus registers: A Modbus Exception Occurred - See Response Body
[2024-12-10T05:41:20.523Z] Error reading register 6507 for IP 10.30.4.128: A Modbus Exception Occurred - See Response Body
[2024-12-10T05:41:20.524Z] Error reading actual data: A Modbus Exception Occurred - See Response Body
[2024-12-10T05:41:20.524Z] Error writing to Modbus register: A Modbus Exception Occurred - See Response Body
[2024-12-10T05:41:21.524Z] Error reading or processing Modbus registers: A Modbus Exception Occurred - See Response Body
[2024-12-10T05:41:21.527Z] Error reading register 6507 for IP 10.30.4.128: A Modbus Exception Occurred - See Response Body
[2024-12-10T05:41:21.527Z] Error reading actual data: A Modbus Exception Occurred - See Response Body
[2024-12-10T05:41:21.528Z] Error writing to Modbus register: A Modbus Exception Occurred - See Response Body
[2024-12-10T05:41:22.534Z] Error reading or processing Modbus registers: A Modbus Exception Occurred - See Response Body
[2024-12-10T05:41:22.536Z] Error reading register 6507 for IP 10.30.4.128: A Modbus Exception Occurred - See Response Body
[2024-12-10T05:41:22.536Z] Error reading actual data: A Modbus Exception Occurred - See Response Body
[2024-12-10T05:41:22.537Z] Error writing to Modbus register: A Modbus Exception Occurred - See Response Body
[2024-12-10T05:41:23.537Z] Error reading or processing Modbus registers: A Modbus Exception Occurred - See Response Body
[2024-12-10T05:41:23.539Z] Error reading register 6507 for IP 10.30.4.128: A Modbus Exception Occurred - See Response Body
[2024-12-10T05:41:23.539Z] Error reading actual data: A Modbus Exception Occurred - See Response Body
[2024-12-10T05:41:23.540Z] Error writing to Modbus register: A Modbus Exception Occurred - See Response Body
[2024-12-10T05:41:24.552Z] Error reading or processing Modbus registers: A Modbus Exception Occurred - See Response Body
[2024-12-10T05:41:24.554Z] Error reading register 6507 for IP 10.30.4.128: A Modbus Exception Occurred - See Response Body
[2024-12-10T05:41:24.555Z] Error reading actual data: A Modbus Exception Occurred - See Response Body
[2024-12-10T05:41:24.555Z] Error writing to Modbus register: A Modbus Exception Occurred - See Response Body
[2024-12-10T05:41:25.553Z] Error reading or processing Modbus registers: A Modbus Exception Occurred - See Response Body
[2024-12-10T05:41:25.555Z] Error reading register 6507 for IP 10.30.4.128: A Modbus Exception Occurred - See Response Body
[2024-12-10T05:41:25.555Z] Error reading actual data: A Modbus Exception Occurred - See Response Body
[2024-12-10T05:41:25.556Z] Error writing to Modbus register: A Modbus Exception Occurred - See Response Body
[2024-12-10T05:41:26.557Z] Error reading or processing Modbus registers: A Modbus Exception Occurred - See Response Body
[2024-12-10T05:41:26.558Z] Error reading register 6507 for IP 10.30.4.128: A Modbus Exception Occurred - See Response Body
[2024-12-10T05:41:26.559Z] Error reading actual data: A Modbus Exception Occurred - See Response Body
[2024-12-10T05:41:26.560Z] Error writing to Modbus register: A Modbus Exception Occurred - See Response Body
[2024-12-10T05:41:27.560Z] Error reading or processing Modbus registers: A Modbus Exception Occurred - See Response Body
[2024-12-10T05:41:27.562Z] Error reading register 6507 for IP 10.30.4.128: A Modbus Exception Occurred - See Response Body
[2024-12-10T05:41:27.563Z] Error reading actual data: A Modbus Exception Occurred - See Response Body
[2024-12-10T05:41:27.563Z] Error writing to Modbus register: A Modbus Exception Occurred - See Response Body
[2024-12-10T05:41:28.563Z] Error reading or processing Modbus registers: A Modbus Exception Occurred - See Response Body
[2024-12-10T05:41:28.565Z] Error reading register 6507 for IP 10.30.4.128: A Modbus Exception Occurred - See Response Body
[2024-12-10T05:41:28.566Z] Error reading actual data: A Modbus Exception Occurred - See Response Body
[2024-12-10T05:41:28.566Z] Error writing to Modbus register: A Modbus Exception Occurred - See Response Body
[2024-12-10T05:41:29.565Z] Error reading or processing Modbus registers: A Modbus Exception Occurred - See Response Body
[2024-12-10T05:41:29.567Z] Error reading register 6507 for IP 10.30.4.128: A Modbus Exception Occurred - See Response Body
[2024-12-10T05:41:29.567Z] Error reading actual data: A Modbus Exception Occurred - See Response Body
[2024-12-10T05:41:29.568Z] Error writing to Modbus register: A Modbus Exception Occurred - See Response Body
[2024-12-10T05:41:30.567Z] Error reading or processing Modbus registers: A Modbus Exception Occurred - See Response Body
[2024-12-10T05:41:30.569Z] Error reading register 6507 for IP 10.30.4.128: A Modbus Exception Occurred - See Response Body
[2024-12-10T05:41:30.570Z] Error reading actual data: A Modbus Exception Occurred - See Response Body
[2024-12-10T05:41:30.571Z] Error writing to Modbus register: A Modbus Exception Occurred - See Response Body
[2024-12-10T05:41:31.580Z] Error reading or processing Modbus registers: A Modbus Exception Occurred - See Response Body
[2024-12-10T05:41:31.582Z] Error reading register 6507 for IP 10.30.4.128: A Modbus Exception Occurred - See Response Body
[2024-12-10T05:41:31.583Z] Error reading actual data: A Modbus Exception Occurred - See Response Body
[2024-12-10T05:41:31.583Z] Error writing to Modbus register: A Modbus Exception Occurred - See Response Body
[2024-12-10T05:41:32.589Z] Error reading or processing Modbus registers: A Modbus Exception Occurred - See Response Body
[2024-12-10T05:41:32.591Z] Error reading register 6507 for IP 10.30.4.128: A Modbus Exception Occurred - See Response Body
[2024-12-10T05:41:32.592Z] Error reading actual data: A Modbus Exception Occurred - See Response Body
[2024-12-10T05:41:32.592Z] Error writing to Modbus register: A Modbus Exception Occurred - See Response Body
[2024-12-10T05:41:33.603Z] Error reading or processing Modbus registers: A Modbus Exception Occurred - See Response Body
[2024-12-10T05:41:33.605Z] Error reading register 6507 for IP 10.30.4.128: A Modbus Exception Occurred - See Response Body
[2024-12-10T05:41:33.606Z] Error reading actual data: A Modbus Exception Occurred - See Response Body
[2024-12-10T05:41:33.606Z] Error writing to Modbus register: A Modbus Exception Occurred - See Response Body
[2024-12-10T05:41:34.616Z] Error reading or processing Modbus registers: A Modbus Exception Occurred - See Response Body
[2024-12-10T05:41:34.619Z] Error reading register 6507 for IP 10.30.4.128: A Modbus Exception Occurred - See Response Body
[2024-12-10T05:41:34.620Z] Error reading actual data: A Modbus Exception Occurred - See Response Body
[2024-12-10T05:41:34.620Z] Error writing to Modbus register: A Modbus Exception Occurred - See Response Body
[2024-12-10T05:41:35.628Z] Error reading or processing Modbus registers: A Modbus Exception Occurred - See Response Body
[2024-12-10T05:41:35.630Z] Error reading register 6507 for IP 10.30.4.128: A Modbus Exception Occurred - See Response Body
[2024-12-10T05:41:35.631Z] Error reading actual data: A Modbus Exception Occurred - See Response Body
[2024-12-10T05:41:35.632Z] Error writing to Modbus register: A Modbus Exception Occurred - See Response Body
[2024-12-10T05:41:36.642Z] Error reading or processing Modbus registers: A Modbus Exception Occurred - See Response Body
[2024-12-10T05:41:36.644Z] Error reading register 6507 for IP 10.30.4.128: A Modbus Exception Occurred - See Response Body
[2024-12-10T05:41:36.645Z] Error reading actual data: A Modbus Exception Occurred - See Response Body
[2024-12-10T05:41:36.645Z] Error writing to Modbus register: A Modbus Exception Occurred - See Response Body
[2024-12-10T05:41:37.651Z] Error reading or processing Modbus registers: A Modbus Exception Occurred - See Response Body
[2024-12-10T05:41:37.653Z] Error reading register 6507 for IP 10.30.4.128: A Modbus Exception Occurred - See Response Body
[2024-12-10T05:41:37.654Z] Error reading actual data: A Modbus Exception Occurred - See Response Body
[2024-12-10T05:41:37.654Z] Error writing to Modbus register: A Modbus Exception Occurred - See Response Body
[2024-12-10T05:41:38.665Z] Error reading or processing Modbus registers: A Modbus Exception Occurred - See Response Body
[2024-12-10T05:41:38.672Z] Error reading register 6507 for IP 10.30.4.128: A Modbus Exception Occurred - See Response Body
[2024-12-10T05:41:38.672Z] Error reading actual data: A Modbus Exception Occurred - See Response Body
[2024-12-10T05:41:38.673Z] Error writing to Modbus register: A Modbus Exception Occurred - See Response Body
[2024-12-10T05:41:39.678Z] Error reading or processing Modbus registers: A Modbus Exception Occurred - See Response Body
[2024-12-10T05:41:39.681Z] Error reading register 6507 for IP 10.30.4.128: A Modbus Exception Occurred - See Response Body
[2024-12-10T05:41:39.681Z] Error reading actual data: A Modbus Exception Occurred - See Response Body
[2024-12-10T05:41:39.682Z] Error writing to Modbus register: A Modbus Exception Occurred - See Response Body
[2024-12-10T05:41:40.691Z] Error reading or processing Modbus registers: A Modbus Exception Occurred - See Response Body
[2024-12-10T05:41:40.694Z] Error reading register 6507 for IP 10.30.4.128: A Modbus Exception Occurred - See Response Body
[2024-12-10T05:41:40.694Z] Error reading actual data: A Modbus Exception Occurred - See Response Body
[2024-12-10T05:41:40.695Z] Error writing to Modbus register: A Modbus Exception Occurred - See Response Body
[2024-12-10T05:41:41.705Z] Error reading or processing Modbus registers: A Modbus Exception Occurred - See Response Body
[2024-12-10T05:41:41.707Z] Error reading register 6507 for IP 10.30.4.128: A Modbus Exception Occurred - See Response Body
[2024-12-10T05:41:41.708Z] Error reading actual data: A Modbus Exception Occurred - See Response Body
[2024-12-10T05:41:41.712Z] Error writing to Modbus register: A Modbus Exception Occurred - See Response Body
[2024-12-10T05:41:42.713Z] Error reading or processing Modbus registers: A Modbus Exception Occurred - See Response Body
[2024-12-10T05:41:42.715Z] Error reading register 6507 for IP 10.30.4.128: A Modbus Exception Occurred - See Response Body
[2024-12-10T05:41:42.716Z] Error reading actual data: A Modbus Exception Occurred - See Response Body
[2024-12-10T05:41:42.717Z] Error writing to Modbus register: A Modbus Exception Occurred - See Response Body
[2024-12-10T05:41:43.728Z] Error reading or processing Modbus registers: A Modbus Exception Occurred - See Response Body
[2024-12-10T05:41:43.731Z] Error reading register 6507 for IP 10.30.4.128: A Modbus Exception Occurred - See Response Body
[2024-12-10T05:41:43.731Z] Error reading actual data: A Modbus Exception Occurred - See Response Body
[2024-12-10T05:41:43.732Z] Error writing to Modbus register: A Modbus Exception Occurred - See Response Body
[2024-12-10T05:41:44.744Z] Error reading or processing Modbus registers: A Modbus Exception Occurred - See Response Body
[2024-12-10T05:41:44.746Z] Error reading register 6507 for IP 10.30.4.128: A Modbus Exception Occurred - See Response Body
[2024-12-10T05:41:44.747Z] Error reading actual data: A Modbus Exception Occurred - See Response Body
[2024-12-10T05:41:44.747Z] Error writing to Modbus register: A Modbus Exception Occurred - See Response Body
[2024-12-10T05:41:45.745Z] Error reading or processing Modbus registers: A Modbus Exception Occurred - See Response Body
[2024-12-10T05:41:45.747Z] Error reading register 6507 for IP 10.30.4.128: A Modbus Exception Occurred - See Response Body
[2024-12-10T05:41:45.748Z] Error reading actual data: A Modbus Exception Occurred - See Response Body
[2024-12-10T05:41:45.748Z] Error writing to Modbus register: A Modbus Exception Occurred - See Response Body
[2024-12-10T05:41:46.760Z] Error reading or processing Modbus registers: A Modbus Exception Occurred - See Response Body
[2024-12-10T05:41:46.762Z] Error reading register 6507 for IP 10.30.4.128: A Modbus Exception Occurred - See Response Body
[2024-12-10T05:41:46.763Z] Error reading actual data: A Modbus Exception Occurred - See Response Body
[2024-12-10T05:41:46.763Z] Error writing to Modbus register: A Modbus Exception Occurred - See Response Body
[2024-12-10T05:41:47.773Z] Error reading or processing Modbus registers: A Modbus Exception Occurred - See Response Body
[2024-12-10T05:41:47.775Z] Error reading register 6507 for IP 10.30.4.128: A Modbus Exception Occurred - See Response Body
[2024-12-10T05:41:47.776Z] Error reading actual data: A Modbus Exception Occurred - See Response Body
[2024-12-10T05:41:47.776Z] Error writing to Modbus register: A Modbus Exception Occurred - See Response Body
[2024-12-10T05:41:48.787Z] Error reading or processing Modbus registers: A Modbus Exception Occurred - See Response Body
[2024-12-10T05:41:48.789Z] Error reading register 6507 for IP 10.30.4.128: A Modbus Exception Occurred - See Response Body
[2024-12-10T05:41:48.790Z] Error reading actual data: A Modbus Exception Occurred - See Response Body
[2024-12-10T05:41:48.790Z] Error writing to Modbus register: A Modbus Exception Occurred - See Response Body
[2024-12-10T05:41:49.787Z] Error reading or processing Modbus registers: A Modbus Exception Occurred - See Response Body
[2024-12-10T05:41:49.789Z] Error reading register 6507 for IP 10.30.4.128: A Modbus Exception Occurred - See Response Body
[2024-12-10T05:41:49.789Z] Error reading actual data: A Modbus Exception Occurred - See Response Body
[2024-12-10T05:41:49.790Z] Error writing to Modbus register: A Modbus Exception Occurred - See Response Body
[2024-12-10T05:41:50.789Z] Error reading or processing Modbus registers: A Modbus Exception Occurred - See Response Body
[2024-12-10T05:41:50.791Z] Error reading register 6507 for IP 10.30.4.128: A Modbus Exception Occurred - See Response Body
[2024-12-10T05:41:50.792Z] Error reading actual data: A Modbus Exception Occurred - See Response Body
[2024-12-10T05:41:50.792Z] Error writing to Modbus register: A Modbus Exception Occurred - See Response Body
[2024-12-10T05:41:51.802Z] Error reading or processing Modbus registers: A Modbus Exception Occurred - See Response Body
[2024-12-10T05:41:51.804Z] Error reading register 6507 for IP 10.30.4.128: A Modbus Exception Occurred - See Response Body
[2024-12-10T05:41:51.805Z] Error reading actual data: A Modbus Exception Occurred - See Response Body
[2024-12-10T05:41:51.805Z] Error writing to Modbus register: A Modbus Exception Occurred - See Response Body
[2024-12-10T05:41:52.817Z] Error reading or processing Modbus registers: A Modbus Exception Occurred - See Response Body
[2024-12-10T05:41:52.819Z] Error reading register 6507 for IP 10.30.4.128: A Modbus Exception Occurred - See Response Body
[2024-12-10T05:41:52.820Z] Error reading actual data: A Modbus Exception Occurred - See Response Body
[2024-12-10T05:41:52.821Z] Error writing to Modbus register: A Modbus Exception Occurred - See Response Body
[2024-12-10T05:41:53.821Z] Error reading or processing Modbus registers: A Modbus Exception Occurred - See Response Body
[2024-12-10T05:41:53.822Z] Error reading register 6507 for IP 10.30.4.128: A Modbus Exception Occurred - See Response Body
[2024-12-10T05:41:53.823Z] Error reading actual data: A Modbus Exception Occurred - See Response Body
[2024-12-10T05:41:53.823Z] Error writing to Modbus register: A Modbus Exception Occurred - See Response Body
[2024-12-10T05:41:54.822Z] Error reading or processing Modbus registers: A Modbus Exception Occurred - See Response Body
[2024-12-10T05:41:54.825Z] Error reading register 6507 for IP 10.30.4.128: A Modbus Exception Occurred - See Response Body
[2024-12-10T05:41:54.825Z] Error reading actual data: A Modbus Exception Occurred - See Response Body
[2024-12-10T05:41:54.826Z] Error writing to Modbus register: A Modbus Exception Occurred - See Response Body
[2024-12-10T05:41:55.825Z] Error reading or processing Modbus registers: A Modbus Exception Occurred - See Response Body
[2024-12-10T05:41:55.827Z] Error reading register 6507 for IP 10.30.4.128: A Modbus Exception Occurred - See Response Body
[2024-12-10T05:41:55.828Z] Error reading actual data: A Modbus Exception Occurred - See Response Body
[2024-12-10T05:41:55.828Z] Error writing to Modbus register: A Modbus Exception Occurred - See Response Body
[2024-12-10T05:41:56.829Z] Error reading or processing Modbus registers: A Modbus Exception Occurred - See Response Body
[2024-12-10T05:41:56.831Z] Error reading register 6507 for IP 10.30.4.128: A Modbus Exception Occurred - See Response Body
[2024-12-10T05:41:56.832Z] Error reading actual data: A Modbus Exception Occurred - See Response Body
[2024-12-10T05:41:56.833Z] Error writing to Modbus register: A Modbus Exception Occurred - See Response Body
[2024-12-10T05:41:57.843Z] Error reading or processing Modbus registers: A Modbus Exception Occurred - See Response Body
[2024-12-10T05:41:57.846Z] Error reading register 6507 for IP 10.30.4.128: A Modbus Exception Occurred - See Response Body
[2024-12-10T05:41:57.847Z] Error reading actual data: A Modbus Exception Occurred - See Response Body
[2024-12-10T05:41:57.848Z] Error writing to Modbus register: A Modbus Exception Occurred - See Response Body
[2024-12-10T05:41:58.845Z] Error reading or processing Modbus registers: A Modbus Exception Occurred - See Response Body
[2024-12-10T05:41:58.848Z] Error reading register 6507 for IP 10.30.4.128: A Modbus Exception Occurred - See Response Body
[2024-12-10T05:41:58.849Z] Error reading actual data: A Modbus Exception Occurred - See Response Body
[2024-12-10T05:41:58.850Z] Error writing to Modbus register: A Modbus Exception Occurred - See Response Body
[2024-12-10T05:41:59.845Z] Error reading or processing Modbus registers: A Modbus Exception Occurred - See Response Body
[2024-12-10T05:41:59.848Z] Error reading register 6507 for IP 10.30.4.128: A Modbus Exception Occurred - See Response Body
[2024-12-10T05:41:59.849Z] Error reading actual data: A Modbus Exception Occurred - See Response Body
[2024-12-10T05:41:59.849Z] Error writing to Modbus register: A Modbus Exception Occurred - See Response Body
[2024-12-10T05:42:00.860Z] Error reading or processing Modbus registers: A Modbus Exception Occurred - See Response Body
[2024-12-10T05:42:00.862Z] Error reading register 6507 for IP 10.30.4.128: A Modbus Exception Occurred - See Response Body
[2024-12-10T05:42:00.863Z] Error reading actual data: A Modbus Exception Occurred - See Response Body
[2024-12-10T05:42:00.863Z] Error writing to Modbus register: A Modbus Exception Occurred - See Response Body
[2024-12-10T05:42:01.873Z] Error reading or processing Modbus registers: A Modbus Exception Occurred - See Response Body
[2024-12-10T05:42:01.875Z] Error reading register 6507 for IP 10.30.4.128: A Modbus Exception Occurred - See Response Body
[2024-12-10T05:42:01.875Z] Error reading actual data: A Modbus Exception Occurred - See Response Body
[2024-12-10T05:42:01.876Z] Error writing to Modbus register: A Modbus Exception Occurred - See Response Body
[2024-12-10T05:42:02.880Z] Error reading or processing Modbus registers: A Modbus Exception Occurred - See Response Body
[2024-12-10T05:42:02.882Z] Error reading register 6507 for IP 10.30.4.128: A Modbus Exception Occurred - See Response Body
[2024-12-10T05:42:02.882Z] Error reading actual data: A Modbus Exception Occurred - See Response Body
[2024-12-10T05:42:02.883Z] Error writing to Modbus register: A Modbus Exception Occurred - See Response Body
[2024-12-10T05:42:03.888Z] Error reading or processing Modbus registers: A Modbus Exception Occurred - See Response Body
[2024-12-10T05:42:03.891Z] Error reading register 6507 for IP 10.30.4.128: A Modbus Exception Occurred - See Response Body
[2024-12-10T05:42:03.891Z] Error reading actual data: A Modbus Exception Occurred - See Response Body
[2024-12-10T05:42:03.892Z] Error writing to Modbus register: A Modbus Exception Occurred - See Response Body
[2024-12-10T05:42:04.889Z] Error reading or processing Modbus registers: A Modbus Exception Occurred - See Response Body
[2024-12-10T05:42:04.891Z] Error reading register 6507 for IP 10.30.4.128: A Modbus Exception Occurred - See Response Body
[2024-12-10T05:42:04.891Z] Error reading actual data: A Modbus Exception Occurred - See Response Body
[2024-12-10T05:42:04.892Z] Error writing to Modbus register: A Modbus Exception Occurred - See Response Body
[2024-12-10T05:42:05.901Z] Error reading or processing Modbus registers: A Modbus Exception Occurred - See Response Body
[2024-12-10T05:42:05.903Z] Error reading register 6507 for IP 10.30.4.128: A Modbus Exception Occurred - See Response Body
[2024-12-10T05:42:05.904Z] Error reading actual data: A Modbus Exception Occurred - See Response Body
[2024-12-10T05:42:05.904Z] Error writing to Modbus register: A Modbus Exception Occurred - See Response Body
[2024-12-10T05:42:06.911Z] Error reading or processing Modbus registers: A Modbus Exception Occurred - See Response Body
[2024-12-10T05:42:06.913Z] Error reading register 6507 for IP 10.30.4.128: A Modbus Exception Occurred - See Response Body
[2024-12-10T05:42:06.913Z] Error reading actual data: A Modbus Exception Occurred - See Response Body
[2024-12-10T05:42:06.914Z] Error writing to Modbus register: A Modbus Exception Occurred - See Response Body
[2024-12-10T05:42:07.922Z] Error reading or processing Modbus registers: A Modbus Exception Occurred - See Response Body
[2024-12-10T05:42:07.924Z] Error reading register 6507 for IP 10.30.4.128: A Modbus Exception Occurred - See Response Body
[2024-12-10T05:42:07.925Z] Error reading actual data: A Modbus Exception Occurred - See Response Body
[2024-12-10T05:42:07.925Z] Error writing to Modbus register: A Modbus Exception Occurred - See Response Body
[2024-12-10T05:42:08.936Z] Error reading or processing Modbus registers: A Modbus Exception Occurred - See Response Body
[2024-12-10T05:42:08.937Z] Error reading register 6507 for IP 10.30.4.128: A Modbus Exception Occurred - See Response Body
[2024-12-10T05:42:08.938Z] Error reading actual data: A Modbus Exception Occurred - See Response Body
[2024-12-10T05:42:08.938Z] Error writing to Modbus register: A Modbus Exception Occurred - See Response Body
[2024-12-10T05:42:09.950Z] Error reading or processing Modbus registers: A Modbus Exception Occurred - See Response Body
[2024-12-10T05:42:09.952Z] Error reading register 6507 for IP 10.30.4.128: A Modbus Exception Occurred - See Response Body
[2024-12-10T05:42:09.952Z] Error reading actual data: A Modbus Exception Occurred - See Response Body
[2024-12-10T05:42:09.953Z] Error writing to Modbus register: A Modbus Exception Occurred - See Response Body
[2024-12-10T05:42:10.962Z] Error reading or processing Modbus registers: A Modbus Exception Occurred - See Response Body
[2024-12-10T05:42:10.964Z] Error reading register 6507 for IP 10.30.4.128: A Modbus Exception Occurred - See Response Body
[2024-12-10T05:42:10.965Z] Error reading actual data: A Modbus Exception Occurred - See Response Body
[2024-12-10T05:42:10.965Z] Error writing to Modbus register: A Modbus Exception Occurred - See Response Body
[2024-12-10T05:42:11.962Z] Error reading or processing Modbus registers: A Modbus Exception Occurred - See Response Body
[2024-12-10T05:42:11.965Z] Error reading register 6507 for IP 10.30.4.128: A Modbus Exception Occurred - See Response Body
[2024-12-10T05:42:11.965Z] Error reading actual data: A Modbus Exception Occurred - See Response Body
[2024-12-10T05:42:11.966Z] Error writing to Modbus register: A Modbus Exception Occurred - See Response Body
[2024-12-10T05:42:12.970Z] Error reading or processing Modbus registers: A Modbus Exception Occurred - See Response Body
[2024-12-10T05:42:12.972Z] Error reading register 6507 for IP 10.30.4.128: A Modbus Exception Occurred - See Response Body
[2024-12-10T05:42:12.973Z] Error reading actual data: A Modbus Exception Occurred - See Response Body
[2024-12-10T05:42:12.973Z] Error writing to Modbus register: A Modbus Exception Occurred - See Response Body
[2024-12-10T05:42:13.970Z] Error reading or processing Modbus registers: A Modbus Exception Occurred - See Response Body
[2024-12-10T05:42:13.972Z] Error reading register 6507 for IP 10.30.4.128: A Modbus Exception Occurred - See Response Body
[2024-12-10T05:42:13.972Z] Error reading actual data: A Modbus Exception Occurred - See Response Body
[2024-12-10T05:42:13.973Z] Error writing to Modbus register: A Modbus Exception Occurred - See Response Body
[2024-12-10T05:42:14.982Z] Error reading or processing Modbus registers: A Modbus Exception Occurred - See Response Body
[2024-12-10T05:42:14.984Z] Error reading register 6507 for IP 10.30.4.128: A Modbus Exception Occurred - See Response Body
[2024-12-10T05:42:14.985Z] Error reading actual data: A Modbus Exception Occurred - See Response Body
[2024-12-10T05:42:14.985Z] Error writing to Modbus register: A Modbus Exception Occurred - See Response Body
[2024-12-10T05:42:15.994Z] Error reading or processing Modbus registers: A Modbus Exception Occurred - See Response Body
[2024-12-10T05:42:15.996Z] Error reading register 6507 for IP 10.30.4.128: A Modbus Exception Occurred - See Response Body
[2024-12-10T05:42:15.997Z] Error reading actual data: A Modbus Exception Occurred - See Response Body
[2024-12-10T05:42:15.997Z] Error writing to Modbus register: A Modbus Exception Occurred - See Response Body
[2024-12-10T05:42:17.005Z] Error reading or processing Modbus registers: A Modbus Exception Occurred - See Response Body
[2024-12-10T05:42:17.008Z] Error reading register 6507 for IP 10.30.4.128: A Modbus Exception Occurred - See Response Body
[2024-12-10T05:42:17.008Z] Error reading actual data: A Modbus Exception Occurred - See Response Body
[2024-12-10T05:42:17.009Z] Error writing to Modbus register: A Modbus Exception Occurred - See Response Body
[2024-12-10T05:42:18.005Z] Error reading or processing Modbus registers: A Modbus Exception Occurred - See Response Body
[2024-12-10T05:42:18.008Z] Error reading register 6507 for IP 10.30.4.128: A Modbus Exception Occurred - See Response Body
[2024-12-10T05:42:18.008Z] Error reading actual data: A Modbus Exception Occurred - See Response Body
[2024-12-10T05:42:18.009Z] Error writing to Modbus register: A Modbus Exception Occurred - See Response Body
[2024-12-10T05:42:19.021Z] Error reading or processing Modbus registers: A Modbus Exception Occurred - See Response Body
[2024-12-10T05:42:19.024Z] Error reading register 6507 for IP 10.30.4.128: A Modbus Exception Occurred - See Response Body
[2024-12-10T05:42:19.024Z] Error reading actual data: A Modbus Exception Occurred - See Response Body
[2024-12-10T05:42:19.025Z] Error writing to Modbus register: A Modbus Exception Occurred - See Response Body
[2024-12-10T05:42:20.021Z] Error reading or processing Modbus registers: A Modbus Exception Occurred - See Response Body
[2024-12-10T05:42:20.023Z] Error reading register 6507 for IP 10.30.4.128: A Modbus Exception Occurred - See Response Body
[2024-12-10T05:42:20.024Z] Error reading actual data: A Modbus Exception Occurred - See Response Body
[2024-12-10T05:42:20.024Z] Error writing to Modbus register: A Modbus Exception Occurred - See Response Body
[2024-12-10T05:42:21.023Z] Error reading or processing Modbus registers: A Modbus Exception Occurred - See Response Body
[2024-12-10T05:42:21.025Z] Error reading register 6507 for IP 10.30.4.128: A Modbus Exception Occurred - See Response Body
[2024-12-10T05:42:21.025Z] Error reading actual data: A Modbus Exception Occurred - See Response Body
[2024-12-10T05:42:21.026Z] Error writing to Modbus register: A Modbus Exception Occurred - See Response Body
[2024-12-10T05:42:22.037Z] Error reading or processing Modbus registers: A Modbus Exception Occurred - See Response Body
[2024-12-10T05:42:22.053Z] Error reading register 6507 for IP 10.30.4.128: A Modbus Exception Occurred - See Response Body
[2024-12-10T05:42:22.054Z] Error reading actual data: A Modbus Exception Occurred - See Response Body
[2024-12-10T05:42:22.054Z] Error writing to Modbus register: A Modbus Exception Occurred - See Response Body
[2024-12-10T05:42:23.050Z] Error reading or processing Modbus registers: A Modbus Exception Occurred - See Response Body
[2024-12-10T05:42:23.052Z] Error reading register 6507 for IP 10.30.4.128: A Modbus Exception Occurred - See Response Body
[2024-12-10T05:42:23.053Z] Error reading actual data: A Modbus Exception Occurred - See Response Body
[2024-12-10T05:42:23.054Z] Error writing to Modbus register: A Modbus Exception Occurred - See Response Body
[2024-12-10T05:42:24.062Z] Error reading or processing Modbus registers: A Modbus Exception Occurred - See Response Body
[2024-12-10T05:42:24.064Z] Error reading register 6507 for IP 10.30.4.128: A Modbus Exception Occurred - See Response Body
[2024-12-10T05:42:24.065Z] Error reading actual data: A Modbus Exception Occurred - See Response Body
[2024-12-10T05:42:24.066Z] Error writing to Modbus register: A Modbus Exception Occurred - See Response Body
[2024-12-10T05:42:25.063Z] Error reading or processing Modbus registers: A Modbus Exception Occurred - See Response Body
[2024-12-10T05:42:25.065Z] Error reading register 6507 for IP 10.30.4.128: A Modbus Exception Occurred - See Response Body
[2024-12-10T05:42:25.066Z] Error reading actual data: A Modbus Exception Occurred - See Response Body
[2024-12-10T05:42:25.067Z] Error writing to Modbus register: A Modbus Exception Occurred - See Response Body
[2024-12-10T05:42:26.077Z] Error reading or processing Modbus registers: A Modbus Exception Occurred - See Response Body
[2024-12-10T05:42:26.079Z] Error reading register 6507 for IP 10.30.4.128: A Modbus Exception Occurred - See Response Body
[2024-12-10T05:42:26.080Z] Error reading actual data: A Modbus Exception Occurred - See Response Body
[2024-12-10T05:42:26.080Z] Error writing to Modbus register: A Modbus Exception Occurred - See Response Body
[2024-12-10T05:42:27.091Z] Error reading or processing Modbus registers: A Modbus Exception Occurred - See Response Body
[2024-12-10T05:42:27.093Z] Error reading register 6507 for IP 10.30.4.128: A Modbus Exception Occurred - See Response Body
[2024-12-10T05:42:27.093Z] Error reading actual data: A Modbus Exception Occurred - See Response Body
[2024-12-10T05:42:27.094Z] Error writing to Modbus register: A Modbus Exception Occurred - See Response Body
[2024-12-10T05:42:28.103Z] Error reading or processing Modbus registers: A Modbus Exception Occurred - See Response Body
[2024-12-10T05:42:28.105Z] Error reading register 6507 for IP 10.30.4.128: A Modbus Exception Occurred - See Response Body
[2024-12-10T05:42:28.106Z] Error reading actual data: A Modbus Exception Occurred - See Response Body
[2024-12-10T05:42:28.106Z] Error writing to Modbus register: A Modbus Exception Occurred - See Response Body
[2024-12-10T05:42:29.105Z] Error reading or processing Modbus registers: A Modbus Exception Occurred - See Response Body
[2024-12-10T05:42:29.108Z] Error reading register 6507 for IP 10.30.4.128: A Modbus Exception Occurred - See Response Body
[2024-12-10T05:42:29.108Z] Error reading actual data: A Modbus Exception Occurred - See Response Body
[2024-12-10T05:42:29.109Z] Error writing to Modbus register: A Modbus Exception Occurred - See Response Body
[2024-12-10T05:42:30.105Z] Error reading or processing Modbus registers: A Modbus Exception Occurred - See Response Body
[2024-12-10T05:42:30.106Z] Error reading register 6507 for IP 10.30.4.128: A Modbus Exception Occurred - See Response Body
[2024-12-10T05:42:30.107Z] Error reading actual data: A Modbus Exception Occurred - See Response Body
[2024-12-10T05:42:30.108Z] Error writing to Modbus register: A Modbus Exception Occurred - See Response Body
[2024-12-10T05:42:31.116Z] Error reading or processing Modbus registers: A Modbus Exception Occurred - See Response Body
[2024-12-10T05:42:31.119Z] Error reading register 6507 for IP 10.30.4.128: A Modbus Exception Occurred - See Response Body
[2024-12-10T05:42:31.119Z] Error reading actual data: A Modbus Exception Occurred - See Response Body
[2024-12-10T05:42:31.120Z] Error writing to Modbus register: A Modbus Exception Occurred - See Response Body
[2024-12-10T05:42:32.132Z] Error reading or processing Modbus registers: A Modbus Exception Occurred - See Response Body
[2024-12-10T05:42:32.134Z] Error reading register 6507 for IP 10.30.4.128: A Modbus Exception Occurred - See Response Body
[2024-12-10T05:42:32.135Z] Error reading actual data: A Modbus Exception Occurred - See Response Body
[2024-12-10T05:42:32.135Z] Error writing to Modbus register: A Modbus Exception Occurred - See Response Body
[2024-12-10T05:42:33.139Z] Error reading or processing Modbus registers: A Modbus Exception Occurred - See Response Body
[2024-12-10T05:42:33.141Z] Error reading register 6507 for IP 10.30.4.128: A Modbus Exception Occurred - See Response Body
[2024-12-10T05:42:33.141Z] Error reading actual data: A Modbus Exception Occurred - See Response Body
[2024-12-10T05:42:33.142Z] Error writing to Modbus register: A Modbus Exception Occurred - See Response Body
[2024-12-10T05:42:34.150Z] Error reading or processing Modbus registers: A Modbus Exception Occurred - See Response Body
[2024-12-10T05:42:34.152Z] Error reading register 6507 for IP 10.30.4.128: A Modbus Exception Occurred - See Response Body
[2024-12-10T05:42:34.153Z] Error reading actual data: A Modbus Exception Occurred - See Response Body
[2024-12-10T05:42:34.153Z] Error writing to Modbus register: A Modbus Exception Occurred - See Response Body
[2024-12-10T05:42:35.151Z] Error reading or processing Modbus registers: A Modbus Exception Occurred - See Response Body
[2024-12-10T05:42:35.153Z] Error reading register 6507 for IP 10.30.4.128: A Modbus Exception Occurred - See Response Body
[2024-12-10T05:42:35.154Z] Error reading actual data: A Modbus Exception Occurred - See Response Body
[2024-12-10T05:42:35.154Z] Error writing to Modbus register: A Modbus Exception Occurred - See Response Body
[2024-12-10T05:42:36.163Z] Error reading or processing Modbus registers: A Modbus Exception Occurred - See Response Body
[2024-12-10T05:42:36.165Z] Error reading register 6507 for IP 10.30.4.128: A Modbus Exception Occurred - See Response Body
[2024-12-10T05:42:36.166Z] Error reading actual data: A Modbus Exception Occurred - See Response Body
[2024-12-10T05:42:36.166Z] Error writing to Modbus register: A Modbus Exception Occurred - See Response Body
[2024-12-10T05:42:37.177Z] Error reading or processing Modbus registers: A Modbus Exception Occurred - See Response Body
[2024-12-10T05:42:37.179Z] Error reading register 6507 for IP 10.30.4.128: A Modbus Exception Occurred - See Response Body
[2024-12-10T05:42:37.179Z] Error reading actual data: A Modbus Exception Occurred - See Response Body
[2024-12-10T05:42:37.180Z] Error writing to Modbus register: A Modbus Exception Occurred - See Response Body
[2024-12-10T05:42:38.190Z] Error reading or processing Modbus registers: A Modbus Exception Occurred - See Response Body
[2024-12-10T05:42:38.192Z] Error reading register 6507 for IP 10.30.4.128: A Modbus Exception Occurred - See Response Body
[2024-12-10T05:42:38.193Z] Error reading actual data: A Modbus Exception Occurred - See Response Body
[2024-12-10T05:42:38.194Z] Error writing to Modbus register: A Modbus Exception Occurred - See Response Body
[2024-12-10T05:42:39.204Z] Error reading or processing Modbus registers: A Modbus Exception Occurred - See Response Body
[2024-12-10T05:42:39.206Z] Error reading register 6507 for IP 10.30.4.128: A Modbus Exception Occurred - See Response Body
[2024-12-10T05:42:39.207Z] Error reading actual data: A Modbus Exception Occurred - See Response Body
[2024-12-10T05:42:39.207Z] Error writing to Modbus register: A Modbus Exception Occurred - See Response Body
[2024-12-10T05:42:40.217Z] Error reading or processing Modbus registers: A Modbus Exception Occurred - See Response Body
[2024-12-10T05:42:40.219Z] Error reading register 6507 for IP 10.30.4.128: A Modbus Exception Occurred - See Response Body
[2024-12-10T05:42:40.220Z] Error reading actual data: A Modbus Exception Occurred - See Response Body
[2024-12-10T05:42:40.221Z] Error writing to Modbus register: A Modbus Exception Occurred - See Response Body
[2024-12-10T05:42:41.228Z] Error reading or processing Modbus registers: A Modbus Exception Occurred - See Response Body
[2024-12-10T05:42:41.230Z] Error reading register 6507 for IP 10.30.4.128: A Modbus Exception Occurred - See Response Body
[2024-12-10T05:42:41.231Z] Error reading actual data: A Modbus Exception Occurred - See Response Body
[2024-12-10T05:42:41.232Z] Error writing to Modbus register: A Modbus Exception Occurred - See Response Body
[2024-12-10T05:42:42.238Z] Error reading or processing Modbus registers: A Modbus Exception Occurred - See Response Body
[2024-12-10T05:42:42.240Z] Error reading register 6507 for IP 10.30.4.128: A Modbus Exception Occurred - See Response Body
[2024-12-10T05:42:42.241Z] Error reading actual data: A Modbus Exception Occurred - See Response Body
[2024-12-10T05:42:42.242Z] Error writing to Modbus register: A Modbus Exception Occurred - See Response Body
[2024-12-10T05:42:43.247Z] Error reading or processing Modbus registers: A Modbus Exception Occurred - See Response Body
[2024-12-10T05:42:43.250Z] Error reading register 6507 for IP 10.30.4.128: A Modbus Exception Occurred - See Response Body
[2024-12-10T05:42:43.250Z] Error reading actual data: A Modbus Exception Occurred - See Response Body
[2024-12-10T05:42:43.251Z] Error writing to Modbus register: A Modbus Exception Occurred - See Response Body
[2024-12-10T05:42:44.261Z] Error reading or processing Modbus registers: A Modbus Exception Occurred - See Response Body
[2024-12-10T05:42:44.263Z] Error reading register 6507 for IP 10.30.4.128: A Modbus Exception Occurred - See Response Body
[2024-12-10T05:42:44.264Z] Error reading actual data: A Modbus Exception Occurred - See Response Body
[2024-12-10T05:42:44.265Z] Error writing to Modbus register: A Modbus Exception Occurred - See Response Body
[2024-12-10T05:42:45.262Z] Error reading or processing Modbus registers: A Modbus Exception Occurred - See Response Body
[2024-12-10T05:42:45.264Z] Error reading register 6507 for IP 10.30.4.128: A Modbus Exception Occurred - See Response Body
[2024-12-10T05:42:45.265Z] Error reading actual data: A Modbus Exception Occurred - See Response Body
[2024-12-10T05:42:45.266Z] Error writing to Modbus register: A Modbus Exception Occurred - See Response Body
[2024-12-10T05:42:46.273Z] Error reading or processing Modbus registers: A Modbus Exception Occurred - See Response Body
[2024-12-10T05:42:46.275Z] Error reading register 6507 for IP 10.30.4.128: A Modbus Exception Occurred - See Response Body
[2024-12-10T05:42:46.276Z] Error reading actual data: A Modbus Exception Occurred - See Response Body
[2024-12-10T05:42:46.277Z] Error writing to Modbus register: A Modbus Exception Occurred - See Response Body
[2024-12-10T05:42:47.285Z] Error reading or processing Modbus registers: A Modbus Exception Occurred - See Response Body
[2024-12-10T05:42:47.288Z] Error reading register 6507 for IP 10.30.4.128: A Modbus Exception Occurred - See Response Body
[2024-12-10T05:42:47.288Z] Error reading actual data: A Modbus Exception Occurred - See Response Body
[2024-12-10T05:42:47.289Z] Error writing to Modbus register: A Modbus Exception Occurred - See Response Body
[2024-12-10T05:42:48.298Z] Error reading or processing Modbus registers: A Modbus Exception Occurred - See Response Body
[2024-12-10T05:42:48.300Z] Error reading register 6507 for IP 10.30.4.128: A Modbus Exception Occurred - See Response Body
[2024-12-10T05:42:48.301Z] Error reading actual data: A Modbus Exception Occurred - See Response Body
[2024-12-10T05:42:48.301Z] Error writing to Modbus register: A Modbus Exception Occurred - See Response Body
[2024-12-10T05:42:49.311Z] Error reading or processing Modbus registers: A Modbus Exception Occurred - See Response Body
[2024-12-10T05:42:49.313Z] Error reading register 6507 for IP 10.30.4.128: A Modbus Exception Occurred - See Response Body
[2024-12-10T05:42:49.314Z] Error reading actual data: A Modbus Exception Occurred - See Response Body
[2024-12-10T05:42:49.314Z] Error writing to Modbus register: A Modbus Exception Occurred - See Response Body
[2024-12-10T05:42:50.312Z] Error reading or processing Modbus registers: A Modbus Exception Occurred - See Response Body
[2024-12-10T05:42:50.314Z] Error reading register 6507 for IP 10.30.4.128: A Modbus Exception Occurred - See Response Body
[2024-12-10T05:42:50.315Z] Error reading actual data: A Modbus Exception Occurred - See Response Body
[2024-12-10T05:42:50.315Z] Error writing to Modbus register: A Modbus Exception Occurred - See Response Body
[2024-12-10T05:42:51.325Z] Error reading or processing Modbus registers: A Modbus Exception Occurred - See Response Body
[2024-12-10T05:42:51.327Z] Error reading register 6507 for IP 10.30.4.128: A Modbus Exception Occurred - See Response Body
[2024-12-10T05:42:51.328Z] Error reading actual data: A Modbus Exception Occurred - See Response Body
[2024-12-10T05:42:51.328Z] Error writing to Modbus register: A Modbus Exception Occurred - See Response Body
[2024-12-10T05:42:52.338Z] Error reading or processing Modbus registers: A Modbus Exception Occurred - See Response Body
[2024-12-10T05:42:52.343Z] Error reading register 6507 for IP 10.30.4.128: A Modbus Exception Occurred - See Response Body
[2024-12-10T05:42:52.345Z] Error reading actual data: A Modbus Exception Occurred - See Response Body
[2024-12-10T05:42:52.346Z] Error writing to Modbus register: A Modbus Exception Occurred - See Response Body
[2024-12-10T05:42:53.339Z] Error reading or processing Modbus registers: A Modbus Exception Occurred - See Response Body
[2024-12-10T05:42:53.342Z] Error reading register 6507 for IP 10.30.4.128: A Modbus Exception Occurred - See Response Body
[2024-12-10T05:42:53.342Z] Error reading actual data: A Modbus Exception Occurred - See Response Body
[2024-12-10T05:42:53.343Z] Error writing to Modbus register: A Modbus Exception Occurred - See Response Body
[2024-12-10T05:42:54.353Z] Error reading or processing Modbus registers: A Modbus Exception Occurred - See Response Body
[2024-12-10T05:42:54.355Z] Error reading register 6507 for IP 10.30.4.128: A Modbus Exception Occurred - See Response Body
[2024-12-10T05:42:54.356Z] Error reading actual data: A Modbus Exception Occurred - See Response Body
[2024-12-10T05:42:54.356Z] Error writing to Modbus register: A Modbus Exception Occurred - See Response Body
[2024-12-10T05:42:55.353Z] Error reading or processing Modbus registers: A Modbus Exception Occurred - See Response Body
[2024-12-10T05:42:55.355Z] Error reading register 6507 for IP 10.30.4.128: A Modbus Exception Occurred - See Response Body
[2024-12-10T05:42:55.356Z] Error reading actual data: A Modbus Exception Occurred - See Response Body
[2024-12-10T05:42:55.358Z] Error writing to Modbus register: A Modbus Exception Occurred - See Response Body
[2024-12-10T05:42:56.367Z] Error reading or processing Modbus registers: A Modbus Exception Occurred - See Response Body
[2024-12-10T05:42:56.369Z] Error reading register 6507 for IP 10.30.4.128: A Modbus Exception Occurred - See Response Body
[2024-12-10T05:42:56.370Z] Error reading actual data: A Modbus Exception Occurred - See Response Body
[2024-12-10T05:42:56.370Z] Error writing to Modbus register: A Modbus Exception Occurred - See Response Body
[2024-12-10T05:42:57.383Z] Error reading or processing Modbus registers: A Modbus Exception Occurred - See Response Body
[2024-12-10T05:42:57.385Z] Error reading register 6507 for IP 10.30.4.128: A Modbus Exception Occurred - See Response Body
[2024-12-10T05:42:57.386Z] Error reading actual data: A Modbus Exception Occurred - See Response Body
[2024-12-10T05:42:57.386Z] Error writing to Modbus register: A Modbus Exception Occurred - See Response Body
[2024-12-10T05:42:58.394Z] Error reading or processing Modbus registers: A Modbus Exception Occurred - See Response Body
[2024-12-10T05:42:58.396Z] Error reading register 6507 for IP 10.30.4.128: A Modbus Exception Occurred - See Response Body
[2024-12-10T05:42:58.397Z] Error reading actual data: A Modbus Exception Occurred - See Response Body
[2024-12-10T05:42:58.398Z] Error writing to Modbus register: A Modbus Exception Occurred - See Response Body
[2024-12-10T05:42:59.407Z] Error reading or processing Modbus registers: A Modbus Exception Occurred - See Response Body
[2024-12-10T05:42:59.409Z] Error reading register 6507 for IP 10.30.4.128: A Modbus Exception Occurred - See Response Body
[2024-12-10T05:42:59.410Z] Error reading actual data: A Modbus Exception Occurred - See Response Body
[2024-12-10T05:42:59.411Z] Error writing to Modbus register: A Modbus Exception Occurred - See Response Body
[2024-12-10T05:43:00.416Z] Error reading or processing Modbus registers: A Modbus Exception Occurred - See Response Body
[2024-12-10T05:43:00.419Z] Error reading register 6507 for IP 10.30.4.128: A Modbus Exception Occurred - See Response Body
[2024-12-10T05:43:00.420Z] Error reading actual data: A Modbus Exception Occurred - See Response Body
[2024-12-10T05:43:00.420Z] Error writing to Modbus register: A Modbus Exception Occurred - See Response Body
[2024-12-10T05:43:01.419Z] Error reading or processing Modbus registers: A Modbus Exception Occurred - See Response Body
[2024-12-10T05:43:01.421Z] Error reading register 6507 for IP 10.30.4.128: A Modbus Exception Occurred - See Response Body
[2024-12-10T05:43:01.421Z] Error reading actual data: A Modbus Exception Occurred - See Response Body
[2024-12-10T05:43:01.422Z] Error writing to Modbus register: A Modbus Exception Occurred - See Response Body
[2024-12-10T05:43:02.430Z] Error reading or processing Modbus registers: A Modbus Exception Occurred - See Response Body
[2024-12-10T05:43:02.432Z] Error reading register 6507 for IP 10.30.4.128: A Modbus Exception Occurred - See Response Body
[2024-12-10T05:43:02.433Z] Error reading actual data: A Modbus Exception Occurred - See Response Body
[2024-12-10T05:43:02.434Z] Error writing to Modbus register: A Modbus Exception Occurred - See Response Body
[2024-12-10T05:43:03.440Z] Error reading or processing Modbus registers: A Modbus Exception Occurred - See Response Body
[2024-12-10T05:43:03.442Z] Error reading register 6507 for IP 10.30.4.128: A Modbus Exception Occurred - See Response Body
[2024-12-10T05:43:03.443Z] Error reading actual data: A Modbus Exception Occurred - See Response Body
[2024-12-10T05:43:03.443Z] Error writing to Modbus register: A Modbus Exception Occurred - See Response Body
[2024-12-10T05:43:04.454Z] Error reading or processing Modbus registers: A Modbus Exception Occurred - See Response Body
[2024-12-10T05:43:04.456Z] Error reading register 6507 for IP 10.30.4.128: A Modbus Exception Occurred - See Response Body
[2024-12-10T05:43:04.457Z] Error reading actual data: A Modbus Exception Occurred - See Response Body
[2024-12-10T05:43:04.457Z] Error writing to Modbus register: A Modbus Exception Occurred - See Response Body
[2024-12-10T05:43:05.455Z] Error reading or processing Modbus registers: A Modbus Exception Occurred - See Response Body
[2024-12-10T05:43:05.458Z] Error reading register 6507 for IP 10.30.4.128: A Modbus Exception Occurred - See Response Body
[2024-12-10T05:43:05.458Z] Error reading actual data: A Modbus Exception Occurred - See Response Body
[2024-12-10T05:43:05.459Z] Error writing to Modbus register: A Modbus Exception Occurred - See Response Body
[2024-12-10T05:43:06.470Z] Error reading or processing Modbus registers: A Modbus Exception Occurred - See Response Body
[2024-12-10T05:43:06.472Z] Error reading register 6507 for IP 10.30.4.128: A Modbus Exception Occurred - See Response Body
[2024-12-10T05:43:06.472Z] Error reading actual data: A Modbus Exception Occurred - See Response Body
[2024-12-10T05:43:06.473Z] Error writing to Modbus register: A Modbus Exception Occurred - See Response Body
[2024-12-10T05:43:07.485Z] Error reading or processing Modbus registers: A Modbus Exception Occurred - See Response Body
[2024-12-10T05:43:07.488Z] Error reading register 6507 for IP 10.30.4.128: A Modbus Exception Occurred - See Response Body
[2024-12-10T05:43:07.488Z] Error reading actual data: A Modbus Exception Occurred - See Response Body
[2024-12-10T05:43:07.489Z] Error writing to Modbus register: A Modbus Exception Occurred - See Response Body
[2024-12-10T05:43:08.495Z] Error reading or processing Modbus registers: A Modbus Exception Occurred - See Response Body
[2024-12-10T05:43:08.497Z] Error reading register 6507 for IP 10.30.4.128: A Modbus Exception Occurred - See Response Body
[2024-12-10T05:43:08.498Z] Error reading actual data: A Modbus Exception Occurred - See Response Body
[2024-12-10T05:43:08.498Z] Error writing to Modbus register: A Modbus Exception Occurred - See Response Body
[2024-12-10T05:43:09.510Z] Error reading or processing Modbus registers: A Modbus Exception Occurred - See Response Body
[2024-12-10T05:43:09.511Z] Error reading register 6507 for IP 10.30.4.128: A Modbus Exception Occurred - See Response Body
[2024-12-10T05:43:09.512Z] Error reading actual data: A Modbus Exception Occurred - See Response Body
[2024-12-10T05:43:09.513Z] Error writing to Modbus register: A Modbus Exception Occurred - See Response Body
[2024-12-10T05:43:10.521Z] Error reading or processing Modbus registers: A Modbus Exception Occurred - See Response Body
[2024-12-10T05:43:10.523Z] Error reading register 6507 for IP 10.30.4.128: A Modbus Exception Occurred - See Response Body
[2024-12-10T05:43:10.524Z] Error reading actual data: A Modbus Exception Occurred - See Response Body
[2024-12-10T05:43:10.524Z] Error writing to Modbus register: A Modbus Exception Occurred - See Response Body
[2024-12-10T05:43:11.530Z] Error reading or processing Modbus registers: A Modbus Exception Occurred - See Response Body
[2024-12-10T05:43:11.532Z] Error reading register 6507 for IP 10.30.4.128: A Modbus Exception Occurred - See Response Body
[2024-12-10T05:43:11.532Z] Error reading actual data: A Modbus Exception Occurred - See Response Body
[2024-12-10T05:43:11.533Z] Error writing to Modbus register: A Modbus Exception Occurred - See Response Body
[2024-12-10T05:43:12.538Z] Error reading or processing Modbus registers: A Modbus Exception Occurred - See Response Body
[2024-12-10T05:43:12.540Z] Error reading register 6507 for IP 10.30.4.128: A Modbus Exception Occurred - See Response Body
[2024-12-10T05:43:12.541Z] Error reading actual data: A Modbus Exception Occurred - See Response Body
[2024-12-10T05:43:12.542Z] Error writing to Modbus register: A Modbus Exception Occurred - See Response Body
[2024-12-10T05:43:13.552Z] Error reading or processing Modbus registers: A Modbus Exception Occurred - See Response Body
[2024-12-10T05:43:13.554Z] Error reading register 6507 for IP 10.30.4.128: A Modbus Exception Occurred - See Response Body
[2024-12-10T05:43:13.554Z] Error reading actual data: A Modbus Exception Occurred - See Response Body
[2024-12-10T05:43:13.555Z] Error writing to Modbus register: A Modbus Exception Occurred - See Response Body
[2024-12-10T05:43:14.567Z] Error reading or processing Modbus registers: A Modbus Exception Occurred - See Response Body
[2024-12-10T05:43:14.569Z] Error reading register 6507 for IP 10.30.4.128: A Modbus Exception Occurred - See Response Body
[2024-12-10T05:43:14.569Z] Error reading actual data: A Modbus Exception Occurred - See Response Body
[2024-12-10T05:43:14.570Z] Error writing to Modbus register: A Modbus Exception Occurred - See Response Body
[2024-12-10T05:43:15.580Z] Error reading or processing Modbus registers: A Modbus Exception Occurred - See Response Body
[2024-12-10T05:43:15.582Z] Error reading register 6507 for IP 10.30.4.128: A Modbus Exception Occurred - See Response Body
[2024-12-10T05:43:15.583Z] Error reading actual data: A Modbus Exception Occurred - See Response Body
[2024-12-10T05:43:15.584Z] Error writing to Modbus register: A Modbus Exception Occurred - See Response Body
[2024-12-10T05:43:16.592Z] Error reading or processing Modbus registers: A Modbus Exception Occurred - See Response Body
[2024-12-10T05:43:16.594Z] Error reading register 6507 for IP 10.30.4.128: A Modbus Exception Occurred - See Response Body
[2024-12-10T05:43:16.595Z] Error reading actual data: A Modbus Exception Occurred - See Response Body
[2024-12-10T05:43:16.596Z] Error writing to Modbus register: A Modbus Exception Occurred - See Response Body
[2024-12-10T05:43:17.601Z] Error reading or processing Modbus registers: A Modbus Exception Occurred - See Response Body
[2024-12-10T05:43:17.603Z] Error reading register 6507 for IP 10.30.4.128: A Modbus Exception Occurred - See Response Body
[2024-12-10T05:43:17.604Z] Error reading actual data: A Modbus Exception Occurred - See Response Body
[2024-12-10T05:43:17.604Z] Error writing to Modbus register: A Modbus Exception Occurred - See Response Body
[2024-12-10T05:43:18.602Z] Error reading or processing Modbus registers: A Modbus Exception Occurred - See Response Body
[2024-12-10T05:43:18.604Z] Error reading register 6507 for IP 10.30.4.128: A Modbus Exception Occurred - See Response Body
[2024-12-10T05:43:18.605Z] Error reading actual data: A Modbus Exception Occurred - See Response Body
[2024-12-10T05:43:18.605Z] Error writing to Modbus register: A Modbus Exception Occurred - See Response Body
[2024-12-10T05:43:19.612Z] Error reading or processing Modbus registers: A Modbus Exception Occurred - See Response Body
[2024-12-10T05:43:19.615Z] Error reading register 6507 for IP 10.30.4.128: A Modbus Exception Occurred - See Response Body
[2024-12-10T05:43:19.616Z] Error reading actual data: A Modbus Exception Occurred - See Response Body
[2024-12-10T05:43:19.617Z] Error writing to Modbus register: A Modbus Exception Occurred - See Response Body
[2024-12-10T05:43:20.623Z] Error reading or processing Modbus registers: A Modbus Exception Occurred - See Response Body
[2024-12-10T05:43:20.625Z] Error reading register 6507 for IP 10.30.4.128: A Modbus Exception Occurred - See Response Body
[2024-12-10T05:43:20.626Z] Error reading actual data: A Modbus Exception Occurred - See Response Body
[2024-12-10T05:43:20.626Z] Error writing to Modbus register: A Modbus Exception Occurred - See Response Body
[2024-12-10T05:43:21.636Z] Error reading or processing Modbus registers: A Modbus Exception Occurred - See Response Body
[2024-12-10T05:43:21.638Z] Error reading register 6507 for IP 10.30.4.128: A Modbus Exception Occurred - See Response Body
[2024-12-10T05:43:21.639Z] Error reading actual data: A Modbus Exception Occurred - See Response Body
[2024-12-10T05:43:21.640Z] Error writing to Modbus register: A Modbus Exception Occurred - See Response Body
[2024-12-10T05:43:22.642Z] Error reading or processing Modbus registers: A Modbus Exception Occurred - See Response Body
[2024-12-10T05:43:22.644Z] Error reading register 6507 for IP 10.30.4.128: A Modbus Exception Occurred - See Response Body
[2024-12-10T05:43:22.646Z] Error reading actual data: A Modbus Exception Occurred - See Response Body
[2024-12-10T05:43:22.646Z] Error writing to Modbus register: A Modbus Exception Occurred - See Response Body
[2024-12-10T05:43:23.654Z] Error reading or processing Modbus registers: A Modbus Exception Occurred - See Response Body
[2024-12-10T05:43:23.656Z] Error reading register 6507 for IP 10.30.4.128: A Modbus Exception Occurred - See Response Body
[2024-12-10T05:43:23.657Z] Error reading actual data: A Modbus Exception Occurred - See Response Body
[2024-12-10T05:43:23.658Z] Error writing to Modbus register: A Modbus Exception Occurred - See Response Body
[2024-12-10T05:43:24.656Z] Error reading or processing Modbus registers: A Modbus Exception Occurred - See Response Body
[2024-12-10T05:43:24.660Z] Error reading register 6507 for IP 10.30.4.128: A Modbus Exception Occurred - See Response Body
[2024-12-10T05:43:24.661Z] Error reading actual data: A Modbus Exception Occurred - See Response Body
[2024-12-10T05:43:24.662Z] Error writing to Modbus register: A Modbus Exception Occurred - See Response Body
[2024-12-10T05:43:25.665Z] Error reading or processing Modbus registers: A Modbus Exception Occurred - See Response Body
[2024-12-10T05:43:25.667Z] Error reading register 6507 for IP 10.30.4.128: A Modbus Exception Occurred - See Response Body
[2024-12-10T05:43:25.668Z] Error reading actual data: A Modbus Exception Occurred - See Response Body
[2024-12-10T05:43:25.668Z] Error writing to Modbus register: A Modbus Exception Occurred - See Response Body
[2024-12-10T05:43:26.677Z] Error reading or processing Modbus registers: A Modbus Exception Occurred - See Response Body
[2024-12-10T05:43:26.679Z] Error reading register 6507 for IP 10.30.4.128: A Modbus Exception Occurred - See Response Body
[2024-12-10T05:43:26.679Z] Error reading actual data: A Modbus Exception Occurred - See Response Body
[2024-12-10T05:43:26.680Z] Error writing to Modbus register: A Modbus Exception Occurred - See Response Body
[2024-12-10T05:43:27.689Z] Error reading or processing Modbus registers: A Modbus Exception Occurred - See Response Body
[2024-12-10T05:43:27.691Z] Error reading register 6507 for IP 10.30.4.128: A Modbus Exception Occurred - See Response Body
[2024-12-10T05:43:27.692Z] Error reading actual data: A Modbus Exception Occurred - See Response Body
[2024-12-10T05:43:27.692Z] Error writing to Modbus register: A Modbus Exception Occurred - See Response Body
[2024-12-10T05:43:28.700Z] Error reading or processing Modbus registers: A Modbus Exception Occurred - See Response Body
[2024-12-10T05:43:28.702Z] Error reading register 6507 for IP 10.30.4.128: A Modbus Exception Occurred - See Response Body
[2024-12-10T05:43:28.703Z] Error reading actual data: A Modbus Exception Occurred - See Response Body
[2024-12-10T05:43:28.703Z] Error writing to Modbus register: A Modbus Exception Occurred - See Response Body
[2024-12-10T05:43:29.707Z] Error reading or processing Modbus registers: A Modbus Exception Occurred - See Response Body
[2024-12-10T05:43:29.709Z] Error reading register 6507 for IP 10.30.4.128: A Modbus Exception Occurred - See Response Body
[2024-12-10T05:43:29.709Z] Error reading actual data: A Modbus Exception Occurred - See Response Body
[2024-12-10T05:43:29.710Z] Error writing to Modbus register: A Modbus Exception Occurred - See Response Body
[2024-12-10T05:43:30.720Z] Error reading or processing Modbus registers: A Modbus Exception Occurred - See Response Body
[2024-12-10T05:43:30.723Z] Error reading register 6507 for IP 10.30.4.128: A Modbus Exception Occurred - See Response Body
[2024-12-10T05:43:30.724Z] Error reading actual data: A Modbus Exception Occurred - See Response Body
[2024-12-10T05:43:30.724Z] Error writing to Modbus register: A Modbus Exception Occurred - See Response Body
[2024-12-10T05:43:31.732Z] Error reading or processing Modbus registers: A Modbus Exception Occurred - See Response Body
[2024-12-10T05:43:31.734Z] Error reading register 6507 for IP 10.30.4.128: A Modbus Exception Occurred - See Response Body
[2024-12-10T05:43:31.734Z] Error reading actual data: A Modbus Exception Occurred - See Response Body
[2024-12-10T05:43:31.735Z] Error writing to Modbus register: A Modbus Exception Occurred - See Response Body
[2024-12-10T05:43:32.743Z] Error reading or processing Modbus registers: A Modbus Exception Occurred - See Response Body
[2024-12-10T05:43:32.746Z] Error reading register 6507 for IP 10.30.4.128: A Modbus Exception Occurred - See Response Body
[2024-12-10T05:43:32.746Z] Error reading actual data: A Modbus Exception Occurred - See Response Body
[2024-12-10T05:43:32.747Z] Error writing to Modbus register: A Modbus Exception Occurred - See Response Body
[2024-12-10T05:43:33.757Z] Error reading or processing Modbus registers: A Modbus Exception Occurred - See Response Body
[2024-12-10T05:43:33.758Z] Error reading register 6507 for IP 10.30.4.128: A Modbus Exception Occurred - See Response Body
[2024-12-10T05:43:33.759Z] Error reading actual data: A Modbus Exception Occurred - See Response Body
[2024-12-10T05:43:33.760Z] Error writing to Modbus register: A Modbus Exception Occurred - See Response Body
[2024-12-10T05:43:34.769Z] Error reading or processing Modbus registers: A Modbus Exception Occurred - See Response Body
[2024-12-10T05:43:34.772Z] Error reading register 6507 for IP 10.30.4.128: A Modbus Exception Occurred - See Response Body
[2024-12-10T05:43:34.773Z] Error reading actual data: A Modbus Exception Occurred - See Response Body
[2024-12-10T05:43:34.774Z] Error writing to Modbus register: A Modbus Exception Occurred - See Response Body
[2024-12-10T05:43:35.770Z] Error reading or processing Modbus registers: A Modbus Exception Occurred - See Response Body
[2024-12-10T05:43:35.772Z] Error reading register 6507 for IP 10.30.4.128: A Modbus Exception Occurred - See Response Body
[2024-12-10T05:43:35.773Z] Error reading actual data: A Modbus Exception Occurred - See Response Body
[2024-12-10T05:43:35.773Z] Error writing to Modbus register: A Modbus Exception Occurred - See Response Body
[2024-12-10T05:43:36.770Z] Error reading or processing Modbus registers: A Modbus Exception Occurred - See Response Body
[2024-12-10T05:43:36.772Z] Error reading register 6507 for IP 10.30.4.128: A Modbus Exception Occurred - See Response Body
[2024-12-10T05:43:36.772Z] Error reading actual data: A Modbus Exception Occurred - See Response Body
[2024-12-10T05:43:36.773Z] Error writing to Modbus register: A Modbus Exception Occurred - See Response Body
[2024-12-10T05:43:37.785Z] Error reading or processing Modbus registers: A Modbus Exception Occurred - See Response Body
[2024-12-10T05:43:37.787Z] Error reading register 6507 for IP 10.30.4.128: A Modbus Exception Occurred - See Response Body
[2024-12-10T05:43:37.788Z] Error reading actual data: A Modbus Exception Occurred - See Response Body
[2024-12-10T05:43:37.789Z] Error writing to Modbus register: A Modbus Exception Occurred - See Response Body
[2024-12-10T05:43:38.799Z] Error reading or processing Modbus registers: A Modbus Exception Occurred - See Response Body
[2024-12-10T05:43:38.802Z] Error reading register 6507 for IP 10.30.4.128: A Modbus Exception Occurred - See Response Body
[2024-12-10T05:43:38.802Z] Error reading actual data: A Modbus Exception Occurred - See Response Body
[2024-12-10T05:43:38.803Z] Error writing to Modbus register: A Modbus Exception Occurred - See Response Body
[2024-12-10T05:43:39.814Z] Error reading or processing Modbus registers: A Modbus Exception Occurred - See Response Body
[2024-12-10T05:43:39.816Z] Error reading register 6507 for IP 10.30.4.128: A Modbus Exception Occurred - See Response Body
[2024-12-10T05:43:39.817Z] Error reading actual data: A Modbus Exception Occurred - See Response Body
[2024-12-10T05:43:39.818Z] Error writing to Modbus register: A Modbus Exception Occurred - See Response Body
[2024-12-10T05:43:40.814Z] Error reading or processing Modbus registers: A Modbus Exception Occurred - See Response Body
[2024-12-10T05:43:40.817Z] Error reading register 6507 for IP 10.30.4.128: A Modbus Exception Occurred - See Response Body
[2024-12-10T05:43:40.817Z] Error reading actual data: A Modbus Exception Occurred - See Response Body
[2024-12-10T05:43:40.818Z] Error writing to Modbus register: A Modbus Exception Occurred - See Response Body
[2024-12-10T05:43:41.828Z] Error reading or processing Modbus registers: A Modbus Exception Occurred - See Response Body
[2024-12-10T05:43:41.831Z] Error reading register 6507 for IP 10.30.4.128: A Modbus Exception Occurred - See Response Body
[2024-12-10T05:43:41.831Z] Error reading actual data: A Modbus Exception Occurred - See Response Body
[2024-12-10T05:43:41.832Z] Error writing to Modbus register: A Modbus Exception Occurred - See Response Body
[2024-12-10T05:43:42.832Z] Error reading or processing Modbus registers: A Modbus Exception Occurred - See Response Body
[2024-12-10T05:43:42.834Z] Error reading register 6507 for IP 10.30.4.128: A Modbus Exception Occurred - See Response Body
[2024-12-10T05:43:42.835Z] Error reading actual data: A Modbus Exception Occurred - See Response Body
[2024-12-10T05:43:42.835Z] Error writing to Modbus register: A Modbus Exception Occurred - See Response Body
[2024-12-10T05:43:43.835Z] Error reading or processing Modbus registers: A Modbus Exception Occurred - See Response Body
[2024-12-10T05:43:43.837Z] Error reading register 6507 for IP 10.30.4.128: A Modbus Exception Occurred - See Response Body
[2024-12-10T05:43:43.838Z] Error reading actual data: A Modbus Exception Occurred - See Response Body
[2024-12-10T05:43:43.839Z] Error writing to Modbus register: A Modbus Exception Occurred - See Response Body
[2024-12-10T05:43:44.839Z] Error reading or processing Modbus registers: A Modbus Exception Occurred - See Response Body
[2024-12-10T05:43:44.841Z] Error reading register 6507 for IP 10.30.4.128: A Modbus Exception Occurred - See Response Body
[2024-12-10T05:43:44.842Z] Error reading actual data: A Modbus Exception Occurred - See Response Body
[2024-12-10T05:43:44.843Z] Error writing to Modbus register: A Modbus Exception Occurred - See Response Body
[2024-12-10T05:43:45.851Z] Error reading or processing Modbus registers: A Modbus Exception Occurred - See Response Body
[2024-12-10T05:43:45.854Z] Error reading register 6507 for IP 10.30.4.128: A Modbus Exception Occurred - See Response Body
[2024-12-10T05:43:45.854Z] Error reading actual data: A Modbus Exception Occurred - See Response Body
[2024-12-10T05:43:45.855Z] Error writing to Modbus register: A Modbus Exception Occurred - See Response Body
[2024-12-10T05:43:46.864Z] Error reading or processing Modbus registers: A Modbus Exception Occurred - See Response Body
[2024-12-10T05:43:46.866Z] Error reading register 6507 for IP 10.30.4.128: A Modbus Exception Occurred - See Response Body
[2024-12-10T05:43:46.867Z] Error reading actual data: A Modbus Exception Occurred - See Response Body
[2024-12-10T05:43:46.868Z] Error writing to Modbus register: A Modbus Exception Occurred - See Response Body
[2024-12-10T05:43:47.864Z] Error reading or processing Modbus registers: A Modbus Exception Occurred - See Response Body
[2024-12-10T05:43:47.866Z] Error reading register 6507 for IP 10.30.4.128: A Modbus Exception Occurred - See Response Body
[2024-12-10T05:43:47.867Z] Error reading actual data: A Modbus Exception Occurred - See Response Body
[2024-12-10T05:43:47.867Z] Error writing to Modbus register: A Modbus Exception Occurred - See Response Body
[2024-12-10T05:43:48.879Z] Error reading or processing Modbus registers: A Modbus Exception Occurred - See Response Body
[2024-12-10T05:43:48.881Z] Error reading register 6507 for IP 10.30.4.128: A Modbus Exception Occurred - See Response Body
[2024-12-10T05:43:48.882Z] Error reading actual data: A Modbus Exception Occurred - See Response Body
[2024-12-10T05:43:48.882Z] Error writing to Modbus register: A Modbus Exception Occurred - See Response Body
[2024-12-10T05:43:49.881Z] Error reading or processing Modbus registers: A Modbus Exception Occurred - See Response Body
[2024-12-10T05:43:49.883Z] Error reading register 6507 for IP 10.30.4.128: A Modbus Exception Occurred - See Response Body
[2024-12-10T05:43:49.883Z] Error reading actual data: A Modbus Exception Occurred - See Response Body
[2024-12-10T05:43:49.884Z] Error writing to Modbus register: A Modbus Exception Occurred - See Response Body
[2024-12-10T05:43:50.895Z] Error reading or processing Modbus registers: A Modbus Exception Occurred - See Response Body
[2024-12-10T05:43:50.900Z] Error reading register 6507 for IP 10.30.4.128: A Modbus Exception Occurred - See Response Body
[2024-12-10T05:43:50.901Z] Error reading actual data: A Modbus Exception Occurred - See Response Body
[2024-12-10T05:43:50.901Z] Error writing to Modbus register: A Modbus Exception Occurred - See Response Body
[2024-12-10T05:43:51.910Z] Error reading or processing Modbus registers: A Modbus Exception Occurred - See Response Body
[2024-12-10T05:43:51.912Z] Error reading register 6507 for IP 10.30.4.128: A Modbus Exception Occurred - See Response Body
[2024-12-10T05:43:51.912Z] Error reading actual data: A Modbus Exception Occurred - See Response Body
[2024-12-10T05:43:51.913Z] Error writing to Modbus register: A Modbus Exception Occurred - See Response Body
[2024-12-10T05:43:52.921Z] Error reading or processing Modbus registers: A Modbus Exception Occurred - See Response Body
[2024-12-10T05:43:52.923Z] Error reading register 6507 for IP 10.30.4.128: A Modbus Exception Occurred - See Response Body
[2024-12-10T05:43:52.924Z] Error reading actual data: A Modbus Exception Occurred - See Response Body
[2024-12-10T05:43:52.924Z] Error writing to Modbus register: A Modbus Exception Occurred - See Response Body
[2024-12-10T05:43:53.934Z] Error reading or processing Modbus registers: A Modbus Exception Occurred - See Response Body
[2024-12-10T05:43:53.936Z] Error reading register 6507 for IP 10.30.4.128: A Modbus Exception Occurred - See Response Body
[2024-12-10T05:43:53.937Z] Error reading actual data: A Modbus Exception Occurred - See Response Body
[2024-12-10T05:43:53.937Z] Error writing to Modbus register: A Modbus Exception Occurred - See Response Body
[2024-12-10T05:43:54.947Z] Error reading or processing Modbus registers: A Modbus Exception Occurred - See Response Body
[2024-12-10T05:43:54.949Z] Error reading register 6507 for IP 10.30.4.128: A Modbus Exception Occurred - See Response Body
[2024-12-10T05:43:54.950Z] Error reading actual data: A Modbus Exception Occurred - See Response Body
[2024-12-10T05:43:54.950Z] Error writing to Modbus register: A Modbus Exception Occurred - See Response Body
[2024-12-10T05:43:55.947Z] Error reading or processing Modbus registers: A Modbus Exception Occurred - See Response Body
[2024-12-10T05:43:55.949Z] Error reading register 6507 for IP 10.30.4.128: A Modbus Exception Occurred - See Response Body
[2024-12-10T05:43:55.949Z] Error reading actual data: A Modbus Exception Occurred - See Response Body
[2024-12-10T05:43:55.950Z] Error writing to Modbus register: A Modbus Exception Occurred - See Response Body
[2024-12-10T05:43:56.952Z] Error reading or processing Modbus registers: A Modbus Exception Occurred - See Response Body
[2024-12-10T05:43:56.954Z] Error reading register 6507 for IP 10.30.4.128: A Modbus Exception Occurred - See Response Body
[2024-12-10T05:43:56.954Z] Error reading actual data: A Modbus Exception Occurred - See Response Body
[2024-12-10T05:43:56.955Z] Error writing to Modbus register: A Modbus Exception Occurred - See Response Body
[2024-12-10T05:43:57.966Z] Error reading or processing Modbus registers: A Modbus Exception Occurred - See Response Body
[2024-12-10T05:43:57.969Z] Error reading register 6507 for IP 10.30.4.128: A Modbus Exception Occurred - See Response Body
[2024-12-10T05:43:57.970Z] Error reading actual data: A Modbus Exception Occurred - See Response Body
[2024-12-10T05:43:57.971Z] Error writing to Modbus register: A Modbus Exception Occurred - See Response Body
[2024-12-10T05:43:58.968Z] Error reading or processing Modbus registers: A Modbus Exception Occurred - See Response Body
[2024-12-10T05:43:58.970Z] Error reading register 6507 for IP 10.30.4.128: A Modbus Exception Occurred - See Response Body
[2024-12-10T05:43:58.971Z] Error reading actual data: A Modbus Exception Occurred - See Response Body
[2024-12-10T05:43:58.971Z] Error writing to Modbus register: A Modbus Exception Occurred - See Response Body
[2024-12-10T05:43:59.970Z] Error reading or processing Modbus registers: A Modbus Exception Occurred - See Response Body
[2024-12-10T05:43:59.972Z] Error reading register 6507 for IP 10.30.4.128: A Modbus Exception Occurred - See Response Body
[2024-12-10T05:43:59.973Z] Error reading actual data: A Modbus Exception Occurred - See Response Body
[2024-12-10T05:43:59.973Z] Error writing to Modbus register: A Modbus Exception Occurred - See Response Body
[2024-12-10T05:44:00.982Z] Error reading or processing Modbus registers: A Modbus Exception Occurred - See Response Body
[2024-12-10T05:44:00.984Z] Error reading register 6507 for IP 10.30.4.128: A Modbus Exception Occurred - See Response Body
[2024-12-10T05:44:00.984Z] Error reading actual data: A Modbus Exception Occurred - See Response Body
[2024-12-10T05:44:00.985Z] Error writing to Modbus register: A Modbus Exception Occurred - See Response Body
[2024-12-10T05:44:01.983Z] Error reading or processing Modbus registers: A Modbus Exception Occurred - See Response Body
[2024-12-10T05:44:01.985Z] Error reading register 6507 for IP 10.30.4.128: A Modbus Exception Occurred - See Response Body
[2024-12-10T05:44:01.986Z] Error reading actual data: A Modbus Exception Occurred - See Response Body
[2024-12-10T05:44:01.987Z] Error writing to Modbus register: A Modbus Exception Occurred - See Response Body
[2024-12-10T05:44:02.984Z] Error reading or processing Modbus registers: A Modbus Exception Occurred - See Response Body
[2024-12-10T05:44:02.987Z] Error reading register 6507 for IP 10.30.4.128: A Modbus Exception Occurred - See Response Body
[2024-12-10T05:44:02.987Z] Error reading actual data: A Modbus Exception Occurred - See Response Body
[2024-12-10T05:44:02.988Z] Error writing to Modbus register: A Modbus Exception Occurred - See Response Body
[2024-12-10T05:44:03.997Z] Error reading or processing Modbus registers: A Modbus Exception Occurred - See Response Body
[2024-12-10T05:44:03.999Z] Error reading register 6507 for IP 10.30.4.128: A Modbus Exception Occurred - See Response Body
[2024-12-10T05:44:04.000Z] Error reading actual data: A Modbus Exception Occurred - See Response Body
[2024-12-10T05:44:04.000Z] Error writing to Modbus register: A Modbus Exception Occurred - See Response Body
[2024-12-10T05:44:04.998Z] Error reading or processing Modbus registers: A Modbus Exception Occurred - See Response Body
[2024-12-10T05:44:05.001Z] Error reading register 6507 for IP 10.30.4.128: A Modbus Exception Occurred - See Response Body
[2024-12-10T05:44:05.001Z] Error reading actual data: A Modbus Exception Occurred - See Response Body
[2024-12-10T05:44:05.002Z] Error writing to Modbus register: A Modbus Exception Occurred - See Response Body
[2024-12-10T05:44:06.011Z] Error reading or processing Modbus registers: A Modbus Exception Occurred - See Response Body
[2024-12-10T05:44:06.015Z] Error reading register 6507 for IP 10.30.4.128: A Modbus Exception Occurred - See Response Body
[2024-12-10T05:44:06.016Z] Error reading actual data: A Modbus Exception Occurred - See Response Body
[2024-12-10T05:44:06.016Z] Error writing to Modbus register: A Modbus Exception Occurred - See Response Body
[2024-12-10T05:44:07.014Z] Error reading or processing Modbus registers: A Modbus Exception Occurred - See Response Body
[2024-12-10T05:44:07.016Z] Error reading register 6507 for IP 10.30.4.128: A Modbus Exception Occurred - See Response Body
[2024-12-10T05:44:07.017Z] Error reading actual data: A Modbus Exception Occurred - See Response Body
[2024-12-10T05:44:07.018Z] Error writing to Modbus register: A Modbus Exception Occurred - See Response Body
[2024-12-10T05:44:08.015Z] Error reading or processing Modbus registers: A Modbus Exception Occurred - See Response Body
[2024-12-10T05:44:08.018Z] Error reading register 6507 for IP 10.30.4.128: A Modbus Exception Occurred - See Response Body
[2024-12-10T05:44:08.019Z] Error reading actual data: A Modbus Exception Occurred - See Response Body
[2024-12-10T05:44:08.020Z] Error writing to Modbus register: A Modbus Exception Occurred - See Response Body
[2024-12-10T05:44:09.029Z] Error reading or processing Modbus registers: A Modbus Exception Occurred - See Response Body
[2024-12-10T05:44:09.031Z] Error reading register 6507 for IP 10.30.4.128: A Modbus Exception Occurred - See Response Body
[2024-12-10T05:44:09.032Z] Error reading actual data: A Modbus Exception Occurred - See Response Body
[2024-12-10T05:44:09.032Z] Error writing to Modbus register: A Modbus Exception Occurred - See Response Body
[2024-12-10T05:44:10.044Z] Error reading or processing Modbus registers: A Modbus Exception Occurred - See Response Body
[2024-12-10T05:44:10.047Z] Error reading register 6507 for IP 10.30.4.128: A Modbus Exception Occurred - See Response Body
[2024-12-10T05:44:10.048Z] Error reading actual data: A Modbus Exception Occurred - See Response Body
[2024-12-10T05:44:10.048Z] Error writing to Modbus register: A Modbus Exception Occurred - See Response Body
[2024-12-10T05:44:11.058Z] Error reading or processing Modbus registers: A Modbus Exception Occurred - See Response Body
[2024-12-10T05:44:11.060Z] Error reading register 6507 for IP 10.30.4.128: A Modbus Exception Occurred - See Response Body
[2024-12-10T05:44:11.061Z] Error reading actual data: A Modbus Exception Occurred - See Response Body
[2024-12-10T05:44:11.061Z] Error writing to Modbus register: A Modbus Exception Occurred - See Response Body
[2024-12-10T05:44:12.071Z] Error reading or processing Modbus registers: A Modbus Exception Occurred - See Response Body
[2024-12-10T05:44:12.073Z] Error reading register 6507 for IP 10.30.4.128: A Modbus Exception Occurred - See Response Body
[2024-12-10T05:44:12.074Z] Error reading actual data: A Modbus Exception Occurred - See Response Body
[2024-12-10T05:44:12.074Z] Error writing to Modbus register: A Modbus Exception Occurred - See Response Body
[2024-12-10T05:44:13.073Z] Error reading or processing Modbus registers: A Modbus Exception Occurred - See Response Body
[2024-12-10T05:44:13.075Z] Error reading register 6507 for IP 10.30.4.128: A Modbus Exception Occurred - See Response Body
[2024-12-10T05:44:13.075Z] Error reading actual data: A Modbus Exception Occurred - See Response Body
[2024-12-10T05:44:13.076Z] Error writing to Modbus register: A Modbus Exception Occurred - See Response Body
[2024-12-10T05:44:14.087Z] Error reading or processing Modbus registers: A Modbus Exception Occurred - See Response Body
[2024-12-10T05:44:14.089Z] Error reading register 6507 for IP 10.30.4.128: A Modbus Exception Occurred - See Response Body
[2024-12-10T05:44:14.090Z] Error reading actual data: A Modbus Exception Occurred - See Response Body
[2024-12-10T05:44:14.090Z] Error writing to Modbus register: A Modbus Exception Occurred - See Response Body
[2024-12-10T05:44:15.092Z] Error reading or processing Modbus registers: A Modbus Exception Occurred - See Response Body
[2024-12-10T05:44:15.094Z] Error reading register 6507 for IP 10.30.4.128: A Modbus Exception Occurred - See Response Body
[2024-12-10T05:44:15.095Z] Error reading actual data: A Modbus Exception Occurred - See Response Body
[2024-12-10T05:44:15.095Z] Error writing to Modbus register: A Modbus Exception Occurred - See Response Body
[2024-12-10T05:44:16.105Z] Error reading or processing Modbus registers: A Modbus Exception Occurred - See Response Body
[2024-12-10T05:44:16.107Z] Error reading register 6507 for IP 10.30.4.128: A Modbus Exception Occurred - See Response Body
[2024-12-10T05:44:16.108Z] Error reading actual data: A Modbus Exception Occurred - See Response Body
[2024-12-10T05:44:16.108Z] Error writing to Modbus register: A Modbus Exception Occurred - See Response Body
[2024-12-10T05:44:17.121Z] Error reading or processing Modbus registers: A Modbus Exception Occurred - See Response Body
[2024-12-10T05:44:17.123Z] Error reading register 6507 for IP 10.30.4.128: A Modbus Exception Occurred - See Response Body
[2024-12-10T05:44:17.124Z] Error reading actual data: A Modbus Exception Occurred - See Response Body
[2024-12-10T05:44:17.124Z] Error writing to Modbus register: A Modbus Exception Occurred - See Response Body
[2024-12-10T05:44:18.123Z] Error reading or processing Modbus registers: A Modbus Exception Occurred - See Response Body
[2024-12-10T05:44:18.125Z] Error reading register 6507 for IP 10.30.4.128: A Modbus Exception Occurred - See Response Body
[2024-12-10T05:44:18.126Z] Error reading actual data: A Modbus Exception Occurred - See Response Body
[2024-12-10T05:44:18.126Z] Error writing to Modbus register: A Modbus Exception Occurred - See Response Body
[2024-12-10T05:44:19.138Z] Error reading or processing Modbus registers: A Modbus Exception Occurred - See Response Body
[2024-12-10T05:44:19.141Z] Error reading register 6507 for IP 10.30.4.128: A Modbus Exception Occurred - See Response Body
[2024-12-10T05:44:19.142Z] Error reading actual data: A Modbus Exception Occurred - See Response Body
[2024-12-10T05:44:19.142Z] Error writing to Modbus register: A Modbus Exception Occurred - See Response Body
[2024-12-10T05:44:20.151Z] Error reading or processing Modbus registers: A Modbus Exception Occurred - See Response Body
[2024-12-10T05:44:20.153Z] Error reading register 6507 for IP 10.30.4.128: A Modbus Exception Occurred - See Response Body
[2024-12-10T05:44:20.154Z] Error reading actual data: A Modbus Exception Occurred - See Response Body
[2024-12-10T05:44:20.154Z] Error writing to Modbus register: A Modbus Exception Occurred - See Response Body
[2024-12-10T05:44:21.152Z] Error reading or processing Modbus registers: A Modbus Exception Occurred - See Response Body
[2024-12-10T05:44:21.154Z] Error reading register 6507 for IP 10.30.4.128: A Modbus Exception Occurred - See Response Body
[2024-12-10T05:44:21.154Z] Error reading actual data: A Modbus Exception Occurred - See Response Body
[2024-12-10T05:44:21.155Z] Error writing to Modbus register: A Modbus Exception Occurred - See Response Body
[2024-12-10T05:44:22.167Z] Error reading or processing Modbus registers: A Modbus Exception Occurred - See Response Body
[2024-12-10T05:44:22.169Z] Error reading register 6507 for IP 10.30.4.128: A Modbus Exception Occurred - See Response Body
[2024-12-10T05:44:22.170Z] Error reading actual data: A Modbus Exception Occurred - See Response Body
[2024-12-10T05:44:22.171Z] Error writing to Modbus register: A Modbus Exception Occurred - See Response Body
[2024-12-10T05:44:23.168Z] Error reading or processing Modbus registers: A Modbus Exception Occurred - See Response Body
[2024-12-10T05:44:23.170Z] Error reading register 6507 for IP 10.30.4.128: A Modbus Exception Occurred - See Response Body
[2024-12-10T05:44:23.171Z] Error reading actual data: A Modbus Exception Occurred - See Response Body
[2024-12-10T05:44:23.172Z] Error writing to Modbus register: A Modbus Exception Occurred - See Response Body
[2024-12-10T05:44:24.182Z] Error reading or processing Modbus registers: A Modbus Exception Occurred - See Response Body
[2024-12-10T05:44:24.184Z] Error reading register 6507 for IP 10.30.4.128: A Modbus Exception Occurred - See Response Body
[2024-12-10T05:44:24.185Z] Error reading actual data: A Modbus Exception Occurred - See Response Body
[2024-12-10T05:44:24.185Z] Error writing to Modbus register: A Modbus Exception Occurred - See Response Body
[2024-12-10T05:44:25.195Z] Error reading or processing Modbus registers: A Modbus Exception Occurred - See Response Body
[2024-12-10T05:44:25.197Z] Error reading register 6507 for IP 10.30.4.128: A Modbus Exception Occurred - See Response Body
[2024-12-10T05:44:25.198Z] Error reading actual data: A Modbus Exception Occurred - See Response Body
[2024-12-10T05:44:25.199Z] Error writing to Modbus register: A Modbus Exception Occurred - See Response Body
[2024-12-10T05:44:26.208Z] Error reading or processing Modbus registers: A Modbus Exception Occurred - See Response Body
[2024-12-10T05:44:26.211Z] Error reading register 6507 for IP 10.30.4.128: A Modbus Exception Occurred - See Response Body
[2024-12-10T05:44:26.212Z] Error reading actual data: A Modbus Exception Occurred - See Response Body
[2024-12-10T05:44:26.212Z] Error writing to Modbus register: A Modbus Exception Occurred - See Response Body
[2024-12-10T05:44:27.223Z] Error reading or processing Modbus registers: A Modbus Exception Occurred - See Response Body
[2024-12-10T05:44:27.225Z] Error reading register 6507 for IP 10.30.4.128: A Modbus Exception Occurred - See Response Body
[2024-12-10T05:44:27.226Z] Error reading actual data: A Modbus Exception Occurred - See Response Body
[2024-12-10T05:44:27.227Z] Error writing to Modbus register: A Modbus Exception Occurred - See Response Body
[2024-12-10T05:44:28.224Z] Error reading or processing Modbus registers: A Modbus Exception Occurred - See Response Body
[2024-12-10T05:44:28.226Z] Error reading register 6507 for IP 10.30.4.128: A Modbus Exception Occurred - See Response Body
[2024-12-10T05:44:28.227Z] Error reading actual data: A Modbus Exception Occurred - See Response Body
[2024-12-10T05:44:28.228Z] Error writing to Modbus register: A Modbus Exception Occurred - See Response Body
[2024-12-10T05:44:29.224Z] Error reading or processing Modbus registers: A Modbus Exception Occurred - See Response Body
[2024-12-10T05:44:29.226Z] Error reading register 6507 for IP 10.30.4.128: A Modbus Exception Occurred - See Response Body
[2024-12-10T05:44:29.226Z] Error reading actual data: A Modbus Exception Occurred - See Response Body
[2024-12-10T05:44:29.227Z] Error writing to Modbus register: A Modbus Exception Occurred - See Response Body
[2024-12-10T05:44:30.238Z] Error reading or processing Modbus registers: A Modbus Exception Occurred - See Response Body
[2024-12-10T05:44:30.240Z] Error reading register 6507 for IP 10.30.4.128: A Modbus Exception Occurred - See Response Body
[2024-12-10T05:44:30.241Z] Error reading actual data: A Modbus Exception Occurred - See Response Body
[2024-12-10T05:44:30.241Z] Error writing to Modbus register: A Modbus Exception Occurred - See Response Body
[2024-12-10T05:44:31.252Z] Error reading or processing Modbus registers: A Modbus Exception Occurred - See Response Body
[2024-12-10T05:44:31.254Z] Error reading register 6507 for IP 10.30.4.128: A Modbus Exception Occurred - See Response Body
[2024-12-10T05:44:31.255Z] Error reading actual data: A Modbus Exception Occurred - See Response Body
[2024-12-10T05:44:31.256Z] Error writing to Modbus register: A Modbus Exception Occurred - See Response Body
[2024-12-10T05:44:32.266Z] Error reading or processing Modbus registers: A Modbus Exception Occurred - See Response Body
[2024-12-10T05:44:32.268Z] Error reading register 6507 for IP 10.30.4.128: A Modbus Exception Occurred - See Response Body
[2024-12-10T05:44:32.268Z] Error reading actual data: A Modbus Exception Occurred - See Response Body
[2024-12-10T05:44:32.269Z] Error writing to Modbus register: A Modbus Exception Occurred - See Response Body
[2024-12-10T05:44:33.281Z] Error reading or processing Modbus registers: A Modbus Exception Occurred - See Response Body
[2024-12-10T05:44:33.283Z] Error reading register 6507 for IP 10.30.4.128: A Modbus Exception Occurred - See Response Body
[2024-12-10T05:44:33.284Z] Error reading actual data: A Modbus Exception Occurred - See Response Body
[2024-12-10T05:44:33.284Z] Error writing to Modbus register: A Modbus Exception Occurred - See Response Body
[2024-12-10T05:44:34.283Z] Error reading or processing Modbus registers: A Modbus Exception Occurred - See Response Body
[2024-12-10T05:44:34.285Z] Error reading register 6507 for IP 10.30.4.128: A Modbus Exception Occurred - See Response Body
[2024-12-10T05:44:34.286Z] Error reading actual data: A Modbus Exception Occurred - See Response Body
[2024-12-10T05:44:34.287Z] Error writing to Modbus register: A Modbus Exception Occurred - See Response Body
[2024-12-10T05:44:35.298Z] Error reading or processing Modbus registers: A Modbus Exception Occurred - See Response Body
[2024-12-10T05:44:35.300Z] Error reading register 6507 for IP 10.30.4.128: A Modbus Exception Occurred - See Response Body
[2024-12-10T05:44:35.300Z] Error reading actual data: A Modbus Exception Occurred - See Response Body
[2024-12-10T05:44:35.301Z] Error writing to Modbus register: A Modbus Exception Occurred - See Response Body
[2024-12-10T05:44:36.300Z] Error reading or processing Modbus registers: A Modbus Exception Occurred - See Response Body
[2024-12-10T05:44:36.302Z] Error reading register 6507 for IP 10.30.4.128: A Modbus Exception Occurred - See Response Body
[2024-12-10T05:44:36.303Z] Error reading actual data: A Modbus Exception Occurred - See Response Body
[2024-12-10T05:44:36.303Z] Error writing to Modbus register: A Modbus Exception Occurred - See Response Body
[2024-12-10T05:44:37.304Z] Error reading or processing Modbus registers: A Modbus Exception Occurred - See Response Body
[2024-12-10T05:44:37.307Z] Error reading register 6507 for IP 10.30.4.128: A Modbus Exception Occurred - See Response Body
[2024-12-10T05:44:37.307Z] Error reading actual data: A Modbus Exception Occurred - See Response Body
[2024-12-10T05:44:37.308Z] Error writing to Modbus register: A Modbus Exception Occurred - See Response Body
[2024-12-10T05:44:38.320Z] Error reading or processing Modbus registers: A Modbus Exception Occurred - See Response Body
[2024-12-10T05:44:38.323Z] Error reading register 6507 for IP 10.30.4.128: A Modbus Exception Occurred - See Response Body
[2024-12-10T05:44:38.323Z] Error reading actual data: A Modbus Exception Occurred - See Response Body
[2024-12-10T05:44:38.324Z] Error writing to Modbus register: A Modbus Exception Occurred - See Response Body
[2024-12-10T05:44:39.319Z] Error reading or processing Modbus registers: A Modbus Exception Occurred - See Response Body
[2024-12-10T05:44:39.321Z] Error reading register 6507 for IP 10.30.4.128: A Modbus Exception Occurred - See Response Body
[2024-12-10T05:44:39.322Z] Error reading actual data: A Modbus Exception Occurred - See Response Body
[2024-12-10T05:44:39.322Z] Error writing to Modbus register: A Modbus Exception Occurred - See Response Body
[2024-12-10T05:44:40.333Z] Error reading or processing Modbus registers: A Modbus Exception Occurred - See Response Body
[2024-12-10T05:44:40.335Z] Error reading register 6507 for IP 10.30.4.128: A Modbus Exception Occurred - See Response Body
[2024-12-10T05:44:40.336Z] Error reading actual data: A Modbus Exception Occurred - See Response Body
[2024-12-10T05:44:40.337Z] Error writing to Modbus register: A Modbus Exception Occurred - See Response Body
[2024-12-10T05:44:41.337Z] Error reading or processing Modbus registers: A Modbus Exception Occurred - See Response Body
[2024-12-10T05:44:41.339Z] Error reading register 6507 for IP 10.30.4.128: A Modbus Exception Occurred - See Response Body
[2024-12-10T05:44:41.339Z] Error reading actual data: A Modbus Exception Occurred - See Response Body
[2024-12-10T05:44:41.339Z] Error writing to Modbus register: A Modbus Exception Occurred - See Response Body
[2024-12-10T05:44:42.337Z] Error reading or processing Modbus registers: A Modbus Exception Occurred - See Response Body
[2024-12-10T05:44:42.339Z] Error reading register 6507 for IP 10.30.4.128: A Modbus Exception Occurred - See Response Body
[2024-12-10T05:44:42.340Z] Error reading actual data: A Modbus Exception Occurred - See Response Body
[2024-12-10T05:44:42.340Z] Error writing to Modbus register: A Modbus Exception Occurred - See Response Body
[2024-12-10T05:44:43.340Z] Error reading or processing Modbus registers: A Modbus Exception Occurred - See Response Body
[2024-12-10T05:44:43.342Z] Error reading register 6507 for IP 10.30.4.128: A Modbus Exception Occurred - See Response Body
[2024-12-10T05:44:43.343Z] Error reading actual data: A Modbus Exception Occurred - See Response Body
[2024-12-10T05:44:43.343Z] Error writing to Modbus register: A Modbus Exception Occurred - See Response Body
[2024-12-10T05:44:44.342Z] Error reading or processing Modbus registers: A Modbus Exception Occurred - See Response Body
[2024-12-10T05:44:44.344Z] Error reading register 6507 for IP 10.30.4.128: A Modbus Exception Occurred - See Response Body
[2024-12-10T05:44:44.345Z] Error reading actual data: A Modbus Exception Occurred - See Response Body
[2024-12-10T05:44:44.345Z] Error writing to Modbus register: A Modbus Exception Occurred - See Response Body
[2024-12-10T05:44:45.344Z] Error reading or processing Modbus registers: A Modbus Exception Occurred - See Response Body
[2024-12-10T05:44:45.346Z] Error reading register 6507 for IP 10.30.4.128: A Modbus Exception Occurred - See Response Body
[2024-12-10T05:44:45.347Z] Error reading actual data: A Modbus Exception Occurred - See Response Body
[2024-12-10T05:44:45.347Z] Error writing to Modbus register: A Modbus Exception Occurred - See Response Body
[2024-12-10T05:44:46.358Z] Error reading or processing Modbus registers: A Modbus Exception Occurred - See Response Body
[2024-12-10T05:44:46.360Z] Error reading register 6507 for IP 10.30.4.128: A Modbus Exception Occurred - See Response Body
[2024-12-10T05:44:46.361Z] Error reading actual data: A Modbus Exception Occurred - See Response Body
[2024-12-10T05:44:46.362Z] Error writing to Modbus register: A Modbus Exception Occurred - See Response Body
[2024-12-10T05:44:47.358Z] Error reading or processing Modbus registers: A Modbus Exception Occurred - See Response Body
[2024-12-10T05:44:47.360Z] Error reading register 6507 for IP 10.30.4.128: A Modbus Exception Occurred - See Response Body
[2024-12-10T05:44:47.361Z] Error reading actual data: A Modbus Exception Occurred - See Response Body
[2024-12-10T05:44:47.361Z] Error writing to Modbus register: A Modbus Exception Occurred - See Response Body
[2024-12-10T05:44:48.372Z] Error reading or processing Modbus registers: A Modbus Exception Occurred - See Response Body
[2024-12-10T05:44:48.374Z] Error reading register 6507 for IP 10.30.4.128: A Modbus Exception Occurred - See Response Body
[2024-12-10T05:44:48.374Z] Error reading actual data: A Modbus Exception Occurred - See Response Body
[2024-12-10T05:44:48.375Z] Error writing to Modbus register: A Modbus Exception Occurred - See Response Body
[2024-12-10T05:44:49.386Z] Error reading or processing Modbus registers: A Modbus Exception Occurred - See Response Body
[2024-12-10T05:44:49.389Z] Error reading register 6507 for IP 10.30.4.128: A Modbus Exception Occurred - See Response Body
[2024-12-10T05:44:49.390Z] Error reading actual data: A Modbus Exception Occurred - See Response Body
[2024-12-10T05:44:49.390Z] Error writing to Modbus register: A Modbus Exception Occurred - See Response Body
[2024-12-10T05:44:50.387Z] Error reading or processing Modbus registers: A Modbus Exception Occurred - See Response Body
[2024-12-10T05:44:50.389Z] Error reading register 6507 for IP 10.30.4.128: A Modbus Exception Occurred - See Response Body
[2024-12-10T05:44:50.390Z] Error reading actual data: A Modbus Exception Occurred - See Response Body
[2024-12-10T05:44:50.391Z] Error writing to Modbus register: A Modbus Exception Occurred - See Response Body
[2024-12-10T05:44:51.399Z] Error reading or processing Modbus registers: A Modbus Exception Occurred - See Response Body
[2024-12-10T05:44:51.402Z] Error reading register 6507 for IP 10.30.4.128: A Modbus Exception Occurred - See Response Body
[2024-12-10T05:44:51.402Z] Error reading actual data: A Modbus Exception Occurred - See Response Body
[2024-12-10T05:44:51.403Z] Error writing to Modbus register: A Modbus Exception Occurred - See Response Body
[2024-12-10T05:44:52.410Z] Error reading or processing Modbus registers: A Modbus Exception Occurred - See Response Body
[2024-12-10T05:44:52.412Z] Error reading register 6507 for IP 10.30.4.128: A Modbus Exception Occurred - See Response Body
[2024-12-10T05:44:52.413Z] Error reading actual data: A Modbus Exception Occurred - See Response Body
[2024-12-10T05:44:52.413Z] Error writing to Modbus register: A Modbus Exception Occurred - See Response Body
[2024-12-10T05:44:53.424Z] Error reading or processing Modbus registers: A Modbus Exception Occurred - See Response Body
[2024-12-10T05:44:53.426Z] Error reading register 6507 for IP 10.30.4.128: A Modbus Exception Occurred - See Response Body
[2024-12-10T05:44:53.427Z] Error reading actual data: A Modbus Exception Occurred - See Response Body
[2024-12-10T05:44:53.428Z] Error writing to Modbus register: A Modbus Exception Occurred - See Response Body
[2024-12-10T05:44:54.424Z] Error reading or processing Modbus registers: A Modbus Exception Occurred - See Response Body
[2024-12-10T05:44:54.426Z] Error reading register 6507 for IP 10.30.4.128: A Modbus Exception Occurred - See Response Body
[2024-12-10T05:44:54.427Z] Error reading actual data: A Modbus Exception Occurred - See Response Body
[2024-12-10T05:44:54.427Z] Error writing to Modbus register: A Modbus Exception Occurred - See Response Body
[2024-12-10T05:44:55.424Z] Error reading or processing Modbus registers: A Modbus Exception Occurred - See Response Body
[2024-12-10T05:44:55.426Z] Error reading register 6507 for IP 10.30.4.128: A Modbus Exception Occurred - See Response Body
[2024-12-10T05:44:55.427Z] Error reading actual data: A Modbus Exception Occurred - See Response Body
[2024-12-10T05:44:55.427Z] Error writing to Modbus register: A Modbus Exception Occurred - See Response Body
[2024-12-10T05:44:56.438Z] Error reading or processing Modbus registers: A Modbus Exception Occurred - See Response Body
[2024-12-10T05:44:56.441Z] Error reading register 6507 for IP 10.30.4.128: A Modbus Exception Occurred - See Response Body
[2024-12-10T05:44:56.442Z] Error reading actual data: A Modbus Exception Occurred - See Response Body
[2024-12-10T05:44:56.442Z] Error writing to Modbus register: A Modbus Exception Occurred - See Response Body
[2024-12-10T05:44:57.439Z] Error reading or processing Modbus registers: A Modbus Exception Occurred - See Response Body
[2024-12-10T05:44:57.441Z] Error reading register 6507 for IP 10.30.4.128: A Modbus Exception Occurred - See Response Body
[2024-12-10T05:44:57.442Z] Error reading actual data: A Modbus Exception Occurred - See Response Body
[2024-12-10T05:44:57.442Z] Error writing to Modbus register: A Modbus Exception Occurred - See Response Body
[2024-12-10T05:44:58.454Z] Error reading or processing Modbus registers: A Modbus Exception Occurred - See Response Body
[2024-12-10T05:44:58.456Z] Error reading register 6507 for IP 10.30.4.128: A Modbus Exception Occurred - See Response Body
[2024-12-10T05:44:58.457Z] Error reading actual data: A Modbus Exception Occurred - See Response Body
[2024-12-10T05:44:58.458Z] Error writing to Modbus register: A Modbus Exception Occurred - See Response Body
[2024-12-10T05:44:59.465Z] Error reading or processing Modbus registers: A Modbus Exception Occurred - See Response Body
[2024-12-10T05:44:59.470Z] Error reading register 6507 for IP 10.30.4.128: A Modbus Exception Occurred - See Response Body
[2024-12-10T05:44:59.471Z] Error reading actual data: A Modbus Exception Occurred - See Response Body
[2024-12-10T05:44:59.471Z] Error writing to Modbus register: A Modbus Exception Occurred - See Response Body
[2024-12-10T05:45:00.477Z] Error reading or processing Modbus registers: A Modbus Exception Occurred - See Response Body
[2024-12-10T05:45:00.479Z] Error reading register 6507 for IP 10.30.4.128: A Modbus Exception Occurred - See Response Body
[2024-12-10T05:45:00.480Z] Error reading actual data: A Modbus Exception Occurred - See Response Body
[2024-12-10T05:45:00.481Z] Error writing to Modbus register: A Modbus Exception Occurred - See Response Body
[2024-12-10T05:45:01.491Z] Error reading or processing Modbus registers: A Modbus Exception Occurred - See Response Body
[2024-12-10T05:45:01.493Z] Error reading register 6507 for IP 10.30.4.128: A Modbus Exception Occurred - See Response Body
[2024-12-10T05:45:01.493Z] Error reading actual data: A Modbus Exception Occurred - See Response Body
[2024-12-10T05:45:01.494Z] Error writing to Modbus register: A Modbus Exception Occurred - See Response Body
[2024-12-10T05:45:02.501Z] Error reading or processing Modbus registers: A Modbus Exception Occurred - See Response Body
[2024-12-10T05:45:02.503Z] Error reading register 6507 for IP 10.30.4.128: A Modbus Exception Occurred - See Response Body
[2024-12-10T05:45:02.504Z] Error reading actual data: A Modbus Exception Occurred - See Response Body
[2024-12-10T05:45:02.504Z] Error writing to Modbus register: A Modbus Exception Occurred - See Response Body
[2024-12-10T05:45:03.516Z] Error reading or processing Modbus registers: A Modbus Exception Occurred - See Response Body
[2024-12-10T05:45:03.518Z] Error reading register 6507 for IP 10.30.4.128: A Modbus Exception Occurred - See Response Body
[2024-12-10T05:45:03.519Z] Error reading actual data: A Modbus Exception Occurred - See Response Body
[2024-12-10T05:45:03.519Z] Error writing to Modbus register: A Modbus Exception Occurred - See Response Body
[2024-12-10T05:45:04.531Z] Error reading or processing Modbus registers: A Modbus Exception Occurred - See Response Body
[2024-12-10T05:45:04.533Z] Error reading register 6507 for IP 10.30.4.128: A Modbus Exception Occurred - See Response Body
[2024-12-10T05:45:04.534Z] Error reading actual data: A Modbus Exception Occurred - See Response Body
[2024-12-10T05:45:04.534Z] Error writing to Modbus register: A Modbus Exception Occurred - See Response Body
[2024-12-10T05:45:05.546Z] Error reading or processing Modbus registers: A Modbus Exception Occurred - See Response Body
[2024-12-10T05:45:05.548Z] Error reading register 6507 for IP 10.30.4.128: A Modbus Exception Occurred - See Response Body
[2024-12-10T05:45:05.549Z] Error reading actual data: A Modbus Exception Occurred - See Response Body
[2024-12-10T05:45:05.549Z] Error writing to Modbus register: A Modbus Exception Occurred - See Response Body
[2024-12-10T05:45:06.547Z] Error reading or processing Modbus registers: A Modbus Exception Occurred - See Response Body
[2024-12-10T05:45:06.549Z] Error reading register 6507 for IP 10.30.4.128: A Modbus Exception Occurred - See Response Body
[2024-12-10T05:45:06.550Z] Error reading actual data: A Modbus Exception Occurred - See Response Body
[2024-12-10T05:45:06.551Z] Error writing to Modbus register: A Modbus Exception Occurred - See Response Body
[2024-12-10T05:45:07.561Z] Error reading or processing Modbus registers: A Modbus Exception Occurred - See Response Body
[2024-12-10T05:45:07.563Z] Error reading register 6507 for IP 10.30.4.128: A Modbus Exception Occurred - See Response Body
[2024-12-10T05:45:07.564Z] Error reading actual data: A Modbus Exception Occurred - See Response Body
[2024-12-10T05:45:07.564Z] Error writing to Modbus register: A Modbus Exception Occurred - See Response Body
[2024-12-10T05:45:08.576Z] Error reading or processing Modbus registers: A Modbus Exception Occurred - See Response Body
[2024-12-10T05:45:08.579Z] Error reading register 6507 for IP 10.30.4.128: A Modbus Exception Occurred - See Response Body
[2024-12-10T05:45:08.580Z] Error reading actual data: A Modbus Exception Occurred - See Response Body
[2024-12-10T05:45:08.581Z] Error writing to Modbus register: A Modbus Exception Occurred - See Response Body
[2024-12-10T05:45:09.576Z] Error reading or processing Modbus registers: A Modbus Exception Occurred - See Response Body
[2024-12-10T05:45:09.579Z] Error reading register 6507 for IP 10.30.4.128: A Modbus Exception Occurred - See Response Body
[2024-12-10T05:45:09.580Z] Error reading actual data: A Modbus Exception Occurred - See Response Body
[2024-12-10T05:45:09.581Z] Error writing to Modbus register: A Modbus Exception Occurred - See Response Body
[2024-12-10T05:45:10.587Z] Error reading or processing Modbus registers: A Modbus Exception Occurred - See Response Body
[2024-12-10T05:45:10.589Z] Error reading register 6507 for IP 10.30.4.128: A Modbus Exception Occurred - See Response Body
[2024-12-10T05:45:10.590Z] Error reading actual data: A Modbus Exception Occurred - See Response Body
[2024-12-10T05:45:10.590Z] Error writing to Modbus register: A Modbus Exception Occurred - See Response Body
[2024-12-10T05:45:11.602Z] Error reading or processing Modbus registers: A Modbus Exception Occurred - See Response Body
[2024-12-10T05:45:11.604Z] Error reading register 6507 for IP 10.30.4.128: A Modbus Exception Occurred - See Response Body
[2024-12-10T05:45:11.605Z] Error reading actual data: A Modbus Exception Occurred - See Response Body
[2024-12-10T05:45:11.605Z] Error writing to Modbus register: A Modbus Exception Occurred - See Response Body
[2024-12-10T05:45:12.608Z] Error reading or processing Modbus registers: A Modbus Exception Occurred - See Response Body
[2024-12-10T05:45:12.610Z] Error reading register 6507 for IP 10.30.4.128: A Modbus Exception Occurred - See Response Body
[2024-12-10T05:45:12.611Z] Error reading actual data: A Modbus Exception Occurred - See Response Body
[2024-12-10T05:45:12.612Z] Error writing to Modbus register: A Modbus Exception Occurred - See Response Body
[2024-12-10T05:45:13.609Z] Error reading or processing Modbus registers: A Modbus Exception Occurred - See Response Body
[2024-12-10T05:45:13.611Z] Error reading register 6507 for IP 10.30.4.128: A Modbus Exception Occurred - See Response Body
[2024-12-10T05:45:13.612Z] Error reading actual data: A Modbus Exception Occurred - See Response Body
[2024-12-10T05:45:13.613Z] Error writing to Modbus register: A Modbus Exception Occurred - See Response Body
[2024-12-10T05:45:14.621Z] Error reading or processing Modbus registers: A Modbus Exception Occurred - See Response Body
[2024-12-10T05:45:14.623Z] Error reading register 6507 for IP 10.30.4.128: A Modbus Exception Occurred - See Response Body
[2024-12-10T05:45:14.624Z] Error reading actual data: A Modbus Exception Occurred - See Response Body
[2024-12-10T05:45:14.625Z] Error writing to Modbus register: A Modbus Exception Occurred - See Response Body
[2024-12-10T05:45:15.633Z] Error reading or processing Modbus registers: A Modbus Exception Occurred - See Response Body
[2024-12-10T05:45:15.636Z] Error reading register 6507 for IP 10.30.4.128: A Modbus Exception Occurred - See Response Body
[2024-12-10T05:45:15.636Z] Error reading actual data: A Modbus Exception Occurred - See Response Body
[2024-12-10T05:45:15.637Z] Error writing to Modbus register: A Modbus Exception Occurred - See Response Body
[2024-12-10T05:45:16.633Z] Error reading or processing Modbus registers: A Modbus Exception Occurred - See Response Body
[2024-12-10T05:45:16.636Z] Error reading register 6507 for IP 10.30.4.128: A Modbus Exception Occurred - See Response Body
[2024-12-10T05:45:16.636Z] Error reading actual data: A Modbus Exception Occurred - See Response Body
[2024-12-10T05:45:16.637Z] Error writing to Modbus register: A Modbus Exception Occurred - See Response Body
[2024-12-10T05:45:17.647Z] Error reading or processing Modbus registers: A Modbus Exception Occurred - See Response Body
[2024-12-10T05:45:17.649Z] Error reading register 6507 for IP 10.30.4.128: A Modbus Exception Occurred - See Response Body
[2024-12-10T05:45:17.650Z] Error reading actual data: A Modbus Exception Occurred - See Response Body
[2024-12-10T05:45:17.651Z] Error writing to Modbus register: A Modbus Exception Occurred - See Response Body
[2024-12-10T05:45:18.656Z] Error reading or processing Modbus registers: A Modbus Exception Occurred - See Response Body
[2024-12-10T05:45:18.658Z] Error reading register 6507 for IP 10.30.4.128: A Modbus Exception Occurred - See Response Body
[2024-12-10T05:45:18.659Z] Error reading actual data: A Modbus Exception Occurred - See Response Body
[2024-12-10T05:45:18.660Z] Error writing to Modbus register: A Modbus Exception Occurred - See Response Body
[2024-12-10T05:45:19.672Z] Error reading or processing Modbus registers: A Modbus Exception Occurred - See Response Body
[2024-12-10T05:45:19.674Z] Error reading register 6507 for IP 10.30.4.128: A Modbus Exception Occurred - See Response Body
[2024-12-10T05:45:19.675Z] Error reading actual data: A Modbus Exception Occurred - See Response Body
[2024-12-10T05:45:19.675Z] Error writing to Modbus register: A Modbus Exception Occurred - See Response Body
[2024-12-10T05:45:20.684Z] Error reading or processing Modbus registers: A Modbus Exception Occurred - See Response Body
[2024-12-10T05:45:20.686Z] Error reading register 6507 for IP 10.30.4.128: A Modbus Exception Occurred - See Response Body
[2024-12-10T05:45:20.687Z] Error reading actual data: A Modbus Exception Occurred - See Response Body
[2024-12-10T05:45:20.687Z] Error writing to Modbus register: A Modbus Exception Occurred - See Response Body
[2024-12-10T05:45:21.696Z] Error reading or processing Modbus registers: A Modbus Exception Occurred - See Response Body
[2024-12-10T05:45:21.698Z] Error reading register 6507 for IP 10.30.4.128: A Modbus Exception Occurred - See Response Body
[2024-12-10T05:45:21.699Z] Error reading actual data: A Modbus Exception Occurred - See Response Body
[2024-12-10T05:45:21.700Z] Error writing to Modbus register: A Modbus Exception Occurred - See Response Body
[2024-12-10T05:45:22.708Z] Error reading or processing Modbus registers: A Modbus Exception Occurred - See Response Body
[2024-12-10T05:45:22.710Z] Error reading register 6507 for IP 10.30.4.128: A Modbus Exception Occurred - See Response Body
[2024-12-10T05:45:22.710Z] Error reading actual data: A Modbus Exception Occurred - See Response Body
[2024-12-10T05:45:22.711Z] Error writing to Modbus register: A Modbus Exception Occurred - See Response Body
[2024-12-10T05:45:23.722Z] Error reading or processing Modbus registers: A Modbus Exception Occurred - See Response Body
[2024-12-10T05:45:23.724Z] Error reading register 6507 for IP 10.30.4.128: A Modbus Exception Occurred - See Response Body
[2024-12-10T05:45:23.725Z] Error reading actual data: A Modbus Exception Occurred - See Response Body
[2024-12-10T05:45:23.726Z] Error writing to Modbus register: A Modbus Exception Occurred - See Response Body
[2024-12-10T05:45:24.735Z] Error reading or processing Modbus registers: A Modbus Exception Occurred - See Response Body
[2024-12-10T05:45:24.736Z] Error reading register 6507 for IP 10.30.4.128: A Modbus Exception Occurred - See Response Body
[2024-12-10T05:45:24.737Z] Error reading actual data: A Modbus Exception Occurred - See Response Body
[2024-12-10T05:45:24.737Z] Error writing to Modbus register: A Modbus Exception Occurred - See Response Body
[2024-12-10T05:45:25.748Z] Error reading or processing Modbus registers: A Modbus Exception Occurred - See Response Body
[2024-12-10T05:45:25.750Z] Error reading register 6507 for IP 10.30.4.128: A Modbus Exception Occurred - See Response Body
[2024-12-10T05:45:25.751Z] Error reading actual data: A Modbus Exception Occurred - See Response Body
[2024-12-10T05:45:25.752Z] Error writing to Modbus register: A Modbus Exception Occurred - See Response Body
[2024-12-10T05:45:26.757Z] Error reading or processing Modbus registers: A Modbus Exception Occurred - See Response Body
[2024-12-10T05:45:26.759Z] Error reading register 6507 for IP 10.30.4.128: A Modbus Exception Occurred - See Response Body
[2024-12-10T05:45:26.760Z] Error reading actual data: A Modbus Exception Occurred - See Response Body
[2024-12-10T05:45:26.760Z] Error writing to Modbus register: A Modbus Exception Occurred - See Response Body
[2024-12-10T05:45:27.772Z] Error reading or processing Modbus registers: A Modbus Exception Occurred - See Response Body
[2024-12-10T05:45:27.774Z] Error reading register 6507 for IP 10.30.4.128: A Modbus Exception Occurred - See Response Body
[2024-12-10T05:45:27.775Z] Error reading actual data: A Modbus Exception Occurred - See Response Body
[2024-12-10T05:45:27.775Z] Error writing to Modbus register: A Modbus Exception Occurred - See Response Body
[2024-12-10T05:45:28.781Z] Error reading or processing Modbus registers: A Modbus Exception Occurred - See Response Body
[2024-12-10T05:45:28.784Z] Error reading register 6507 for IP 10.30.4.128: A Modbus Exception Occurred - See Response Body
[2024-12-10T05:45:28.785Z] Error reading actual data: A Modbus Exception Occurred - See Response Body
[2024-12-10T05:45:28.785Z] Error writing to Modbus register: A Modbus Exception Occurred - See Response Body
[2024-12-10T05:45:29.796Z] Error reading or processing Modbus registers: A Modbus Exception Occurred - See Response Body
[2024-12-10T05:45:29.798Z] Error reading register 6507 for IP 10.30.4.128: A Modbus Exception Occurred - See Response Body
[2024-12-10T05:45:29.799Z] Error reading actual data: A Modbus Exception Occurred - See Response Body
[2024-12-10T05:45:29.799Z] Error writing to Modbus register: A Modbus Exception Occurred - See Response Body
[2024-12-10T05:45:30.809Z] Error reading or processing Modbus registers: A Modbus Exception Occurred - See Response Body
[2024-12-10T05:45:30.812Z] Error reading register 6507 for IP 10.30.4.128: A Modbus Exception Occurred - See Response Body
[2024-12-10T05:45:30.813Z] Error writing to Modbus register: A Modbus Exception Occurred - See Response Body
[2024-12-10T05:45:30.813Z] Error reading actual data: A Modbus Exception Occurred - See Response Body
[2024-12-10T05:45:31.823Z] Error reading or processing Modbus registers: A Modbus Exception Occurred - See Response Body
[2024-12-10T05:45:31.825Z] Error reading register 6507 for IP 10.30.4.128: A Modbus Exception Occurred - See Response Body
[2024-12-10T05:45:31.826Z] Error reading actual data: A Modbus Exception Occurred - See Response Body
[2024-12-10T05:45:31.826Z] Error writing to Modbus register: A Modbus Exception Occurred - See Response Body
[2024-12-10T05:45:32.833Z] Error reading or processing Modbus registers: A Modbus Exception Occurred - See Response Body
[2024-12-10T05:45:32.835Z] Error reading register 6507 for IP 10.30.4.128: A Modbus Exception Occurred - See Response Body
[2024-12-10T05:45:32.836Z] Error reading actual data: A Modbus Exception Occurred - See Response Body
[2024-12-10T05:45:32.836Z] Error writing to Modbus register: A Modbus Exception Occurred - See Response Body
[2024-12-10T05:45:33.835Z] Error reading or processing Modbus registers: A Modbus Exception Occurred - See Response Body
[2024-12-10T05:45:33.837Z] Error reading register 6507 for IP 10.30.4.128: A Modbus Exception Occurred - See Response Body
[2024-12-10T05:45:33.838Z] Error reading actual data: A Modbus Exception Occurred - See Response Body
[2024-12-10T05:45:33.839Z] Error writing to Modbus register: A Modbus Exception Occurred - See Response Body
[2024-12-10T05:45:34.835Z] Error reading or processing Modbus registers: A Modbus Exception Occurred - See Response Body
[2024-12-10T05:45:34.838Z] Error reading register 6507 for IP 10.30.4.128: A Modbus Exception Occurred - See Response Body
[2024-12-10T05:45:34.838Z] Error reading actual data: A Modbus Exception Occurred - See Response Body
[2024-12-10T05:45:34.839Z] Error writing to Modbus register: A Modbus Exception Occurred - See Response Body
[2024-12-10T05:45:35.847Z] Error reading or processing Modbus registers: A Modbus Exception Occurred - See Response Body
[2024-12-10T05:45:35.850Z] Error reading register 6507 for IP 10.30.4.128: A Modbus Exception Occurred - See Response Body
[2024-12-10T05:45:35.850Z] Error reading actual data: A Modbus Exception Occurred - See Response Body
[2024-12-10T05:45:35.851Z] Error writing to Modbus register: A Modbus Exception Occurred - See Response Body
[2024-12-10T05:45:36.860Z] Error reading or processing Modbus registers: A Modbus Exception Occurred - See Response Body
[2024-12-10T05:45:36.862Z] Error reading register 6507 for IP 10.30.4.128: A Modbus Exception Occurred - See Response Body
[2024-12-10T05:45:36.863Z] Error reading actual data: A Modbus Exception Occurred - See Response Body
[2024-12-10T05:45:36.864Z] Error writing to Modbus register: A Modbus Exception Occurred - See Response Body
[2024-12-10T05:45:37.875Z] Error reading or processing Modbus registers: A Modbus Exception Occurred - See Response Body
[2024-12-10T05:45:37.877Z] Error reading register 6507 for IP 10.30.4.128: A Modbus Exception Occurred - See Response Body
[2024-12-10T05:45:37.878Z] Error reading actual data: A Modbus Exception Occurred - See Response Body
[2024-12-10T05:45:37.879Z] Error writing to Modbus register: A Modbus Exception Occurred - See Response Body
[2024-12-10T05:45:38.875Z] Error reading or processing Modbus registers: A Modbus Exception Occurred - See Response Body
[2024-12-10T05:45:38.877Z] Error reading register 6507 for IP 10.30.4.128: A Modbus Exception Occurred - See Response Body
[2024-12-10T05:45:38.878Z] Error reading actual data: A Modbus Exception Occurred - See Response Body
[2024-12-10T05:45:38.878Z] Error writing to Modbus register: A Modbus Exception Occurred - See Response Body
[2024-12-10T05:45:39.888Z] Error reading or processing Modbus registers: A Modbus Exception Occurred - See Response Body
[2024-12-10T05:45:39.890Z] Error reading register 6507 for IP 10.30.4.128: A Modbus Exception Occurred - See Response Body
[2024-12-10T05:45:39.891Z] Error reading actual data: A Modbus Exception Occurred - See Response Body
[2024-12-10T05:45:39.891Z] Error writing to Modbus register: A Modbus Exception Occurred - See Response Body
[2024-12-10T05:45:40.899Z] Error reading or processing Modbus registers: A Modbus Exception Occurred - See Response Body
[2024-12-10T05:45:40.901Z] Error reading register 6507 for IP 10.30.4.128: A Modbus Exception Occurred - See Response Body
[2024-12-10T05:45:40.901Z] Error reading actual data: A Modbus Exception Occurred - See Response Body
[2024-12-10T05:45:40.902Z] Error writing to Modbus register: A Modbus Exception Occurred - See Response Body
[2024-12-10T05:45:41.911Z] Error reading or processing Modbus registers: A Modbus Exception Occurred - See Response Body
[2024-12-10T05:45:41.913Z] Error reading register 6507 for IP 10.30.4.128: A Modbus Exception Occurred - See Response Body
[2024-12-10T05:45:41.914Z] Error reading actual data: A Modbus Exception Occurred - See Response Body
[2024-12-10T05:45:41.915Z] Error writing to Modbus register: A Modbus Exception Occurred - See Response Body
[2024-12-10T05:45:42.921Z] Error reading or processing Modbus registers: A Modbus Exception Occurred - See Response Body
[2024-12-10T05:45:42.923Z] Error reading register 6507 for IP 10.30.4.128: A Modbus Exception Occurred - See Response Body
[2024-12-10T05:45:42.924Z] Error reading actual data: A Modbus Exception Occurred - See Response Body
[2024-12-10T05:45:42.924Z] Error writing to Modbus register: A Modbus Exception Occurred - See Response Body
[2024-12-10T05:45:43.934Z] Error reading or processing Modbus registers: A Modbus Exception Occurred - See Response Body
[2024-12-10T05:45:43.936Z] Error reading register 6507 for IP 10.30.4.128: A Modbus Exception Occurred - See Response Body
[2024-12-10T05:45:43.937Z] Error reading actual data: A Modbus Exception Occurred - See Response Body
[2024-12-10T05:45:43.937Z] Error writing to Modbus register: A Modbus Exception Occurred - See Response Body
[2024-12-10T05:45:44.934Z] Error reading or processing Modbus registers: A Modbus Exception Occurred - See Response Body
[2024-12-10T05:45:44.936Z] Error reading register 6507 for IP 10.30.4.128: A Modbus Exception Occurred - See Response Body
[2024-12-10T05:45:44.937Z] Error reading actual data: A Modbus Exception Occurred - See Response Body
[2024-12-10T05:45:44.937Z] Error writing to Modbus register: A Modbus Exception Occurred - See Response Body
[2024-12-10T05:45:45.946Z] Error reading or processing Modbus registers: A Modbus Exception Occurred - See Response Body
[2024-12-10T05:45:45.949Z] Error reading register 6507 for IP 10.30.4.128: A Modbus Exception Occurred - See Response Body
[2024-12-10T05:45:45.950Z] Error reading actual data: A Modbus Exception Occurred - See Response Body
[2024-12-10T05:45:45.950Z] Error writing to Modbus register: A Modbus Exception Occurred - See Response Body
[2024-12-10T05:45:46.948Z] Error reading or processing Modbus registers: A Modbus Exception Occurred - See Response Body
[2024-12-10T05:45:46.950Z] Error reading register 6507 for IP 10.30.4.128: A Modbus Exception Occurred - See Response Body
[2024-12-10T05:45:46.951Z] Error reading actual data: A Modbus Exception Occurred - See Response Body
[2024-12-10T05:45:46.951Z] Error writing to Modbus register: A Modbus Exception Occurred - See Response Body
[2024-12-10T05:45:47.949Z] Error reading or processing Modbus registers: A Modbus Exception Occurred - See Response Body
[2024-12-10T05:45:47.952Z] Error reading register 6507 for IP 10.30.4.128: A Modbus Exception Occurred - See Response Body
[2024-12-10T05:45:47.953Z] Error reading actual data: A Modbus Exception Occurred - See Response Body
[2024-12-10T05:45:47.953Z] Error writing to Modbus register: A Modbus Exception Occurred - See Response Body
[2024-12-10T05:45:48.954Z] Error reading or processing Modbus registers: A Modbus Exception Occurred - See Response Body
[2024-12-10T05:45:48.956Z] Error reading register 6507 for IP 10.30.4.128: A Modbus Exception Occurred - See Response Body
[2024-12-10T05:45:48.957Z] Error reading actual data: A Modbus Exception Occurred - See Response Body
[2024-12-10T05:45:48.957Z] Error writing to Modbus register: A Modbus Exception Occurred - See Response Body
[2024-12-10T05:45:49.968Z] Error reading or processing Modbus registers: A Modbus Exception Occurred - See Response Body
[2024-12-10T05:45:49.970Z] Error reading register 6507 for IP 10.30.4.128: A Modbus Exception Occurred - See Response Body
[2024-12-10T05:45:49.971Z] Error reading actual data: A Modbus Exception Occurred - See Response Body
[2024-12-10T05:45:49.971Z] Error writing to Modbus register: A Modbus Exception Occurred - See Response Body
[2024-12-10T05:45:50.974Z] Error reading or processing Modbus registers: A Modbus Exception Occurred - See Response Body
[2024-12-10T05:45:50.976Z] Error reading register 6507 for IP 10.30.4.128: A Modbus Exception Occurred - See Response Body
[2024-12-10T05:45:50.977Z] Error reading actual data: A Modbus Exception Occurred - See Response Body
[2024-12-10T05:45:50.977Z] Error writing to Modbus register: A Modbus Exception Occurred - See Response Body
[2024-12-10T05:45:51.976Z] Error reading or processing Modbus registers: A Modbus Exception Occurred - See Response Body
[2024-12-10T05:45:51.978Z] Error reading register 6507 for IP 10.30.4.128: A Modbus Exception Occurred - See Response Body
[2024-12-10T05:45:51.979Z] Error reading actual data: A Modbus Exception Occurred - See Response Body
[2024-12-10T05:45:51.979Z] Error writing to Modbus register: A Modbus Exception Occurred - See Response Body
[2024-12-10T05:45:52.976Z] Error reading or processing Modbus registers: A Modbus Exception Occurred - See Response Body
[2024-12-10T05:45:52.978Z] Error reading register 6507 for IP 10.30.4.128: A Modbus Exception Occurred - See Response Body
[2024-12-10T05:45:52.979Z] Error reading actual data: A Modbus Exception Occurred - See Response Body
[2024-12-10T05:45:52.979Z] Error writing to Modbus register: A Modbus Exception Occurred - See Response Body
[2024-12-10T05:45:53.990Z] Error reading or processing Modbus registers: A Modbus Exception Occurred - See Response Body
[2024-12-10T05:45:53.992Z] Error reading register 6507 for IP 10.30.4.128: A Modbus Exception Occurred - See Response Body
[2024-12-10T05:45:53.993Z] Error reading actual data: A Modbus Exception Occurred - See Response Body
[2024-12-10T05:45:53.994Z] Error writing to Modbus register: A Modbus Exception Occurred - See Response Body
[2024-12-10T05:45:55.005Z] Error reading or processing Modbus registers: A Modbus Exception Occurred - See Response Body
[2024-12-10T05:45:55.007Z] Error reading register 6507 for IP 10.30.4.128: A Modbus Exception Occurred - See Response Body
[2024-12-10T05:45:55.008Z] Error reading actual data: A Modbus Exception Occurred - See Response Body
[2024-12-10T05:45:55.009Z] Error writing to Modbus register: A Modbus Exception Occurred - See Response Body
[2024-12-10T05:45:56.005Z] Error reading or processing Modbus registers: A Modbus Exception Occurred - See Response Body
[2024-12-10T05:45:56.008Z] Error reading register 6507 for IP 10.30.4.128: A Modbus Exception Occurred - See Response Body
[2024-12-10T05:45:56.009Z] Error reading actual data: A Modbus Exception Occurred - See Response Body
[2024-12-10T05:45:56.009Z] Error writing to Modbus register: A Modbus Exception Occurred - See Response Body
[2024-12-10T05:45:57.007Z] Error reading or processing Modbus registers: A Modbus Exception Occurred - See Response Body
[2024-12-10T05:45:57.010Z] Error reading register 6507 for IP 10.30.4.128: A Modbus Exception Occurred - See Response Body
[2024-12-10T05:45:57.010Z] Error reading actual data: A Modbus Exception Occurred - See Response Body
[2024-12-10T05:45:57.011Z] Error writing to Modbus register: A Modbus Exception Occurred - See Response Body
[2024-12-10T05:45:58.020Z] Error reading or processing Modbus registers: A Modbus Exception Occurred - See Response Body
[2024-12-10T05:45:58.023Z] Error reading register 6507 for IP 10.30.4.128: A Modbus Exception Occurred - See Response Body
[2024-12-10T05:45:58.023Z] Error reading actual data: A Modbus Exception Occurred - See Response Body
[2024-12-10T05:45:58.024Z] Error writing to Modbus register: A Modbus Exception Occurred - See Response Body
[2024-12-10T05:45:59.031Z] Error reading or processing Modbus registers: A Modbus Exception Occurred - See Response Body
[2024-12-10T05:45:59.034Z] Error reading register 6507 for IP 10.30.4.128: A Modbus Exception Occurred - See Response Body
[2024-12-10T05:45:59.034Z] Error reading actual data: A Modbus Exception Occurred - See Response Body
[2024-12-10T05:45:59.035Z] Error writing to Modbus register: A Modbus Exception Occurred - See Response Body
[2024-12-10T05:46:00.045Z] Error reading or processing Modbus registers: A Modbus Exception Occurred - See Response Body
[2024-12-10T05:46:00.047Z] Error reading register 6507 for IP 10.30.4.128: A Modbus Exception Occurred - See Response Body
[2024-12-10T05:46:00.048Z] Error reading actual data: A Modbus Exception Occurred - See Response Body
[2024-12-10T05:46:00.048Z] Error writing to Modbus register: A Modbus Exception Occurred - See Response Body
[2024-12-10T05:46:01.056Z] Error reading or processing Modbus registers: A Modbus Exception Occurred - See Response Body
[2024-12-10T05:46:01.058Z] Error reading register 6507 for IP 10.30.4.128: A Modbus Exception Occurred - See Response Body
[2024-12-10T05:46:01.059Z] Error reading actual data: A Modbus Exception Occurred - See Response Body
[2024-12-10T05:46:01.060Z] Error writing to Modbus register: A Modbus Exception Occurred - See Response Body
[2024-12-10T05:46:02.070Z] Error reading or processing Modbus registers: A Modbus Exception Occurred - See Response Body
[2024-12-10T05:46:02.072Z] Error reading register 6507 for IP 10.30.4.128: A Modbus Exception Occurred - See Response Body
[2024-12-10T05:46:02.072Z] Error reading actual data: A Modbus Exception Occurred - See Response Body
[2024-12-10T05:46:02.073Z] Error writing to Modbus register: A Modbus Exception Occurred - See Response Body
[2024-12-10T05:46:03.083Z] Error reading or processing Modbus registers: A Modbus Exception Occurred - See Response Body
[2024-12-10T05:46:03.085Z] Error reading register 6507 for IP 10.30.4.128: A Modbus Exception Occurred - See Response Body
[2024-12-10T05:46:03.086Z] Error reading actual data: A Modbus Exception Occurred - See Response Body
[2024-12-10T05:46:03.086Z] Error writing to Modbus register: A Modbus Exception Occurred - See Response Body
[2024-12-10T05:46:04.096Z] Error reading or processing Modbus registers: A Modbus Exception Occurred - See Response Body
[2024-12-10T05:46:04.098Z] Error reading register 6507 for IP 10.30.4.128: A Modbus Exception Occurred - See Response Body
[2024-12-10T05:46:04.098Z] Error reading actual data: A Modbus Exception Occurred - See Response Body
[2024-12-10T05:46:04.099Z] Error writing to Modbus register: A Modbus Exception Occurred - See Response Body
[2024-12-10T05:46:05.110Z] Error reading or processing Modbus registers: A Modbus Exception Occurred - See Response Body
[2024-12-10T05:46:05.111Z] Error reading register 6507 for IP 10.30.4.128: A Modbus Exception Occurred - See Response Body
[2024-12-10T05:46:05.112Z] Error reading actual data: A Modbus Exception Occurred - See Response Body
[2024-12-10T05:46:05.112Z] Error writing to Modbus register: A Modbus Exception Occurred - See Response Body
[2024-12-10T05:46:06.110Z] Error reading or processing Modbus registers: A Modbus Exception Occurred - See Response Body
[2024-12-10T05:46:06.112Z] Error reading register 6507 for IP 10.30.4.128: A Modbus Exception Occurred - See Response Body
[2024-12-10T05:46:06.112Z] Error reading actual data: A Modbus Exception Occurred - See Response Body
[2024-12-10T05:46:06.113Z] Error writing to Modbus register: A Modbus Exception Occurred - See Response Body
[2024-12-10T05:46:07.124Z] Error reading or processing Modbus registers: A Modbus Exception Occurred - See Response Body
[2024-12-10T05:46:07.126Z] Error reading register 6507 for IP 10.30.4.128: A Modbus Exception Occurred - See Response Body
[2024-12-10T05:46:07.127Z] Error reading actual data: A Modbus Exception Occurred - See Response Body
[2024-12-10T05:46:07.127Z] Error writing to Modbus register: A Modbus Exception Occurred - See Response Body
[2024-12-10T05:46:08.137Z] Error reading or processing Modbus registers: A Modbus Exception Occurred - See Response Body
[2024-12-10T05:46:08.139Z] Error reading register 6507 for IP 10.30.4.128: A Modbus Exception Occurred - See Response Body
[2024-12-10T05:46:08.139Z] Error reading actual data: A Modbus Exception Occurred - See Response Body
[2024-12-10T05:46:08.140Z] Error writing to Modbus register: A Modbus Exception Occurred - See Response Body
[2024-12-10T05:46:09.138Z] Error reading or processing Modbus registers: A Modbus Exception Occurred - See Response Body
[2024-12-10T05:46:09.140Z] Error reading register 6507 for IP 10.30.4.128: A Modbus Exception Occurred - See Response Body
[2024-12-10T05:46:09.140Z] Error reading actual data: A Modbus Exception Occurred - See Response Body
[2024-12-10T05:46:09.141Z] Error writing to Modbus register: A Modbus Exception Occurred - See Response Body
[2024-12-10T05:46:10.148Z] Error reading or processing Modbus registers: A Modbus Exception Occurred - See Response Body
[2024-12-10T05:46:10.150Z] Error reading register 6507 for IP 10.30.4.128: A Modbus Exception Occurred - See Response Body
[2024-12-10T05:46:10.151Z] Error reading actual data: A Modbus Exception Occurred - See Response Body
[2024-12-10T05:46:10.151Z] Error writing to Modbus register: A Modbus Exception Occurred - See Response Body
[2024-12-10T05:46:11.162Z] Error reading or processing Modbus registers: A Modbus Exception Occurred - See Response Body
[2024-12-10T05:46:11.164Z] Error reading register 6507 for IP 10.30.4.128: A Modbus Exception Occurred - See Response Body
[2024-12-10T05:46:11.165Z] Error reading actual data: A Modbus Exception Occurred - See Response Body
[2024-12-10T05:46:11.166Z] Error writing to Modbus register: A Modbus Exception Occurred - See Response Body
[2024-12-10T05:46:12.177Z] Error reading or processing Modbus registers: A Modbus Exception Occurred - See Response Body
[2024-12-10T05:46:12.193Z] Error reading register 6507 for IP 10.30.4.128: A Modbus Exception Occurred - See Response Body
[2024-12-10T05:46:12.193Z] Error reading actual data: A Modbus Exception Occurred - See Response Body
[2024-12-10T05:46:12.195Z] Error writing to Modbus register: A Modbus Exception Occurred - See Response Body
[2024-12-10T05:46:13.190Z] Error reading or processing Modbus registers: A Modbus Exception Occurred - See Response Body
[2024-12-10T05:46:13.192Z] Error reading register 6507 for IP 10.30.4.128: A Modbus Exception Occurred - See Response Body
[2024-12-10T05:46:13.193Z] Error reading actual data: A Modbus Exception Occurred - See Response Body
[2024-12-10T05:46:13.193Z] Error writing to Modbus register: A Modbus Exception Occurred - See Response Body
[2024-12-10T05:46:14.202Z] Error reading or processing Modbus registers: A Modbus Exception Occurred - See Response Body
[2024-12-10T05:46:14.204Z] Error reading register 6507 for IP 10.30.4.128: A Modbus Exception Occurred - See Response Body
[2024-12-10T05:46:14.205Z] Error reading actual data: A Modbus Exception Occurred - See Response Body
[2024-12-10T05:46:14.206Z] Error writing to Modbus register: A Modbus Exception Occurred - See Response Body
[2024-12-10T05:46:15.202Z] Error reading or processing Modbus registers: A Modbus Exception Occurred - See Response Body
[2024-12-10T05:46:15.204Z] Error reading register 6507 for IP 10.30.4.128: A Modbus Exception Occurred - See Response Body
[2024-12-10T05:46:15.205Z] Error reading actual data: A Modbus Exception Occurred - See Response Body
[2024-12-10T05:46:15.205Z] Error writing to Modbus register: A Modbus Exception Occurred - See Response Body
[2024-12-10T05:46:16.205Z] Error reading or processing Modbus registers: A Modbus Exception Occurred - See Response Body
[2024-12-10T05:46:16.207Z] Error reading register 6507 for IP 10.30.4.128: A Modbus Exception Occurred - See Response Body
[2024-12-10T05:46:16.208Z] Error reading actual data: A Modbus Exception Occurred - See Response Body
[2024-12-10T05:46:16.208Z] Error writing to Modbus register: A Modbus Exception Occurred - See Response Body
[2024-12-10T05:46:17.219Z] Error reading or processing Modbus registers: A Modbus Exception Occurred - See Response Body
[2024-12-10T05:46:17.221Z] Error reading register 6507 for IP 10.30.4.128: A Modbus Exception Occurred - See Response Body
[2024-12-10T05:46:17.222Z] Error reading actual data: A Modbus Exception Occurred - See Response Body
[2024-12-10T05:46:17.223Z] Error writing to Modbus register: A Modbus Exception Occurred - See Response Body
[2024-12-10T05:46:18.220Z] Error reading or processing Modbus registers: A Modbus Exception Occurred - See Response Body
[2024-12-10T05:46:18.223Z] Error reading register 6507 for IP 10.30.4.128: A Modbus Exception Occurred - See Response Body
[2024-12-10T05:46:18.224Z] Error reading actual data: A Modbus Exception Occurred - See Response Body
[2024-12-10T05:46:18.224Z] Error writing to Modbus register: A Modbus Exception Occurred - See Response Body
[2024-12-10T05:46:19.222Z] Error reading or processing Modbus registers: A Modbus Exception Occurred - See Response Body
[2024-12-10T05:46:19.225Z] Error reading register 6507 for IP 10.30.4.128: A Modbus Exception Occurred - See Response Body
[2024-12-10T05:46:19.225Z] Error reading actual data: A Modbus Exception Occurred - See Response Body
[2024-12-10T05:46:19.226Z] Error writing to Modbus register: A Modbus Exception Occurred - See Response Body
[2024-12-10T05:46:20.235Z] Error reading or processing Modbus registers: A Modbus Exception Occurred - See Response Body
[2024-12-10T05:46:20.238Z] Error reading register 6507 for IP 10.30.4.128: A Modbus Exception Occurred - See Response Body
[2024-12-10T05:46:20.239Z] Error reading actual data: A Modbus Exception Occurred - See Response Body
[2024-12-10T05:46:20.239Z] Error writing to Modbus register: A Modbus Exception Occurred - See Response Body
[2024-12-10T05:46:21.237Z] Error reading or processing Modbus registers: A Modbus Exception Occurred - See Response Body
[2024-12-10T05:46:21.240Z] Error reading register 6507 for IP 10.30.4.128: A Modbus Exception Occurred - See Response Body
[2024-12-10T05:46:21.241Z] Error reading actual data: A Modbus Exception Occurred - See Response Body
[2024-12-10T05:46:21.241Z] Error writing to Modbus register: A Modbus Exception Occurred - See Response Body
[2024-12-10T05:46:22.252Z] Error reading or processing Modbus registers: A Modbus Exception Occurred - See Response Body
[2024-12-10T05:46:22.255Z] Error reading register 6507 for IP 10.30.4.128: A Modbus Exception Occurred - See Response Body
[2024-12-10T05:46:22.256Z] Error reading actual data: A Modbus Exception Occurred - See Response Body
[2024-12-10T05:46:22.256Z] Error writing to Modbus register: A Modbus Exception Occurred - See Response Body
[2024-12-10T05:46:23.266Z] Error reading or processing Modbus registers: A Modbus Exception Occurred - See Response Body
[2024-12-10T05:46:23.268Z] Error reading register 6507 for IP 10.30.4.128: A Modbus Exception Occurred - See Response Body
[2024-12-10T05:46:23.269Z] Error reading actual data: A Modbus Exception Occurred - See Response Body
[2024-12-10T05:46:23.269Z] Error writing to Modbus register: A Modbus Exception Occurred - See Response Body
[2024-12-10T05:46:24.270Z] Error reading or processing Modbus registers: A Modbus Exception Occurred - See Response Body
[2024-12-10T05:46:24.273Z] Error reading register 6507 for IP 10.30.4.128: A Modbus Exception Occurred - See Response Body
[2024-12-10T05:46:24.273Z] Error reading actual data: A Modbus Exception Occurred - See Response Body
[2024-12-10T05:46:24.278Z] Error writing to Modbus register: A Modbus Exception Occurred - See Response Body
[2024-12-10T05:46:25.272Z] Error reading or processing Modbus registers: A Modbus Exception Occurred - See Response Body
[2024-12-10T05:46:25.275Z] Error reading register 6507 for IP 10.30.4.128: A Modbus Exception Occurred - See Response Body
[2024-12-10T05:46:25.276Z] Error reading actual data: A Modbus Exception Occurred - See Response Body
[2024-12-10T05:46:25.276Z] Error writing to Modbus register: A Modbus Exception Occurred - See Response Body
[2024-12-10T05:46:26.275Z] Error reading or processing Modbus registers: A Modbus Exception Occurred - See Response Body
[2024-12-10T05:46:26.277Z] Error reading register 6507 for IP 10.30.4.128: A Modbus Exception Occurred - See Response Body
[2024-12-10T05:46:26.279Z] Error reading actual data: A Modbus Exception Occurred - See Response Body
[2024-12-10T05:46:26.279Z] Error writing to Modbus register: A Modbus Exception Occurred - See Response Body
[2024-12-10T05:46:27.280Z] Error reading or processing Modbus registers: A Modbus Exception Occurred - See Response Body
[2024-12-10T05:46:27.282Z] Error reading register 6507 for IP 10.30.4.128: A Modbus Exception Occurred - See Response Body
[2024-12-10T05:46:27.283Z] Error reading actual data: A Modbus Exception Occurred - See Response Body
[2024-12-10T05:46:27.283Z] Error writing to Modbus register: A Modbus Exception Occurred - See Response Body
[2024-12-10T05:46:28.295Z] Error reading or processing Modbus registers: A Modbus Exception Occurred - See Response Body
[2024-12-10T05:46:28.299Z] Error reading register 6507 for IP 10.30.4.128: A Modbus Exception Occurred - See Response Body
[2024-12-10T05:46:28.300Z] Error reading actual data: A Modbus Exception Occurred - See Response Body
[2024-12-10T05:46:28.300Z] Error writing to Modbus register: A Modbus Exception Occurred - See Response Body
[2024-12-10T05:46:29.297Z] Error reading or processing Modbus registers: A Modbus Exception Occurred - See Response Body
[2024-12-10T05:46:29.299Z] Error reading register 6507 for IP 10.30.4.128: A Modbus Exception Occurred - See Response Body
[2024-12-10T05:46:29.299Z] Error reading actual data: A Modbus Exception Occurred - See Response Body
[2024-12-10T05:46:29.300Z] Error writing to Modbus register: A Modbus Exception Occurred - See Response Body
[2024-12-10T05:46:30.302Z] Error reading or processing Modbus registers: A Modbus Exception Occurred - See Response Body
[2024-12-10T05:46:30.305Z] Error reading register 6507 for IP 10.30.4.128: A Modbus Exception Occurred - See Response Body
[2024-12-10T05:46:30.305Z] Error reading actual data: A Modbus Exception Occurred - See Response Body
[2024-12-10T05:46:30.306Z] Error writing to Modbus register: A Modbus Exception Occurred - See Response Body
[2024-12-10T05:46:31.303Z] Error reading or processing Modbus registers: A Modbus Exception Occurred - See Response Body
[2024-12-10T05:46:31.305Z] Error reading register 6507 for IP 10.30.4.128: A Modbus Exception Occurred - See Response Body
[2024-12-10T05:46:31.306Z] Error reading actual data: A Modbus Exception Occurred - See Response Body
[2024-12-10T05:46:31.306Z] Error writing to Modbus register: A Modbus Exception Occurred - See Response Body
[2024-12-10T05:46:32.305Z] Error reading or processing Modbus registers: A Modbus Exception Occurred - See Response Body
[2024-12-10T05:46:32.307Z] Error reading register 6507 for IP 10.30.4.128: A Modbus Exception Occurred - See Response Body
[2024-12-10T05:46:32.308Z] Error reading actual data: A Modbus Exception Occurred - See Response Body
[2024-12-10T05:46:32.308Z] Error writing to Modbus register: A Modbus Exception Occurred - See Response Body
[2024-12-10T05:46:33.311Z] Error reading or processing Modbus registers: A Modbus Exception Occurred - See Response Body
[2024-12-10T05:46:33.313Z] Error reading register 6507 for IP 10.30.4.128: A Modbus Exception Occurred - See Response Body
[2024-12-10T05:46:33.314Z] Error reading actual data: A Modbus Exception Occurred - See Response Body
[2024-12-10T05:46:33.314Z] Error writing to Modbus register: A Modbus Exception Occurred - See Response Body
[2024-12-10T05:46:34.313Z] Error reading or processing Modbus registers: A Modbus Exception Occurred - See Response Body
[2024-12-10T05:46:34.315Z] Error reading register 6507 for IP 10.30.4.128: A Modbus Exception Occurred - See Response Body
[2024-12-10T05:46:34.316Z] Error reading actual data: A Modbus Exception Occurred - See Response Body
[2024-12-10T05:46:34.316Z] Error writing to Modbus register: A Modbus Exception Occurred - See Response Body
[2024-12-10T05:46:35.316Z] Error reading or processing Modbus registers: A Modbus Exception Occurred - See Response Body
[2024-12-10T05:46:35.318Z] Error reading register 6507 for IP 10.30.4.128: A Modbus Exception Occurred - See Response Body
[2024-12-10T05:46:35.319Z] Error reading actual data: A Modbus Exception Occurred - See Response Body
[2024-12-10T05:46:35.319Z] Error writing to Modbus register: A Modbus Exception Occurred - See Response Body
[2024-12-10T05:46:36.317Z] Error reading or processing Modbus registers: A Modbus Exception Occurred - See Response Body
[2024-12-10T05:46:36.319Z] Error reading register 6507 for IP 10.30.4.128: A Modbus Exception Occurred - See Response Body
[2024-12-10T05:46:36.320Z] Error reading actual data: A Modbus Exception Occurred - See Response Body
[2024-12-10T05:46:36.320Z] Error writing to Modbus register: A Modbus Exception Occurred - See Response Body
[2024-12-10T05:46:37.331Z] Error reading or processing Modbus registers: A Modbus Exception Occurred - See Response Body
[2024-12-10T05:46:37.333Z] Error reading register 6507 for IP 10.30.4.128: A Modbus Exception Occurred - See Response Body
[2024-12-10T05:46:37.334Z] Error reading actual data: A Modbus Exception Occurred - See Response Body
[2024-12-10T05:46:37.334Z] Error writing to Modbus register: A Modbus Exception Occurred - See Response Body
[2024-12-10T05:46:38.334Z] Error reading or processing Modbus registers: A Modbus Exception Occurred - See Response Body
[2024-12-10T05:46:38.336Z] Error reading register 6507 for IP 10.30.4.128: A Modbus Exception Occurred - See Response Body
[2024-12-10T05:46:38.337Z] Error reading actual data: A Modbus Exception Occurred - See Response Body
[2024-12-10T05:46:38.337Z] Error writing to Modbus register: A Modbus Exception Occurred - See Response Body
[2024-12-10T05:46:39.347Z] Error reading or processing Modbus registers: A Modbus Exception Occurred - See Response Body
[2024-12-10T05:46:39.349Z] Error reading register 6507 for IP 10.30.4.128: A Modbus Exception Occurred - See Response Body
[2024-12-10T05:46:39.349Z] Error reading actual data: A Modbus Exception Occurred - See Response Body
[2024-12-10T05:46:39.350Z] Error writing to Modbus register: A Modbus Exception Occurred - See Response Body
[2024-12-10T05:46:40.362Z] Error reading or processing Modbus registers: A Modbus Exception Occurred - See Response Body
[2024-12-10T05:46:40.364Z] Error reading register 6507 for IP 10.30.4.128: A Modbus Exception Occurred - See Response Body
[2024-12-10T05:46:40.365Z] Error reading actual data: A Modbus Exception Occurred - See Response Body
[2024-12-10T05:46:40.366Z] Error writing to Modbus register: A Modbus Exception Occurred - See Response Body
[2024-12-10T05:46:41.365Z] Error reading or processing Modbus registers: A Modbus Exception Occurred - See Response Body
[2024-12-10T05:46:41.367Z] Error reading register 6507 for IP 10.30.4.128: A Modbus Exception Occurred - See Response Body
[2024-12-10T05:46:41.368Z] Error reading actual data: A Modbus Exception Occurred - See Response Body
[2024-12-10T05:46:41.369Z] Error writing to Modbus register: A Modbus Exception Occurred - See Response Body
[2024-12-10T05:46:42.366Z] Error reading or processing Modbus registers: A Modbus Exception Occurred - See Response Body
[2024-12-10T05:46:42.368Z] Error reading register 6507 for IP 10.30.4.128: A Modbus Exception Occurred - See Response Body
[2024-12-10T05:46:42.368Z] Error reading actual data: A Modbus Exception Occurred - See Response Body
[2024-12-10T05:46:42.369Z] Error writing to Modbus register: A Modbus Exception Occurred - See Response Body
[2024-12-10T05:46:43.368Z] Error reading or processing Modbus registers: A Modbus Exception Occurred - See Response Body
[2024-12-10T05:46:43.371Z] Error reading register 6507 for IP 10.30.4.128: A Modbus Exception Occurred - See Response Body
[2024-12-10T05:46:43.372Z] Error reading actual data: A Modbus Exception Occurred - See Response Body
[2024-12-10T05:46:43.372Z] Error writing to Modbus register: A Modbus Exception Occurred - See Response Body
[2024-12-10T05:46:44.372Z] Error reading or processing Modbus registers: A Modbus Exception Occurred - See Response Body
[2024-12-10T05:46:44.374Z] Error reading register 6507 for IP 10.30.4.128: A Modbus Exception Occurred - See Response Body
[2024-12-10T05:46:44.375Z] Error reading actual data: A Modbus Exception Occurred - See Response Body
[2024-12-10T05:46:44.375Z] Error writing to Modbus register: A Modbus Exception Occurred - See Response Body
[2024-12-10T05:46:45.386Z] Error reading or processing Modbus registers: A Modbus Exception Occurred - See Response Body
[2024-12-10T05:46:45.388Z] Error reading register 6507 for IP 10.30.4.128: A Modbus Exception Occurred - See Response Body
[2024-12-10T05:46:45.389Z] Error reading actual data: A Modbus Exception Occurred - See Response Body
[2024-12-10T05:46:45.390Z] Error writing to Modbus register: A Modbus Exception Occurred - See Response Body
[2024-12-10T05:46:46.398Z] Error reading or processing Modbus registers: A Modbus Exception Occurred - See Response Body
[2024-12-10T05:46:46.400Z] Error reading register 6507 for IP 10.30.4.128: A Modbus Exception Occurred - See Response Body
[2024-12-10T05:46:46.401Z] Error reading actual data: A Modbus Exception Occurred - See Response Body
[2024-12-10T05:46:46.401Z] Error writing to Modbus register: A Modbus Exception Occurred - See Response Body
[2024-12-10T05:46:47.399Z] Error reading or processing Modbus registers: A Modbus Exception Occurred - See Response Body
[2024-12-10T05:46:47.402Z] Error reading register 6507 for IP 10.30.4.128: A Modbus Exception Occurred - See Response Body
[2024-12-10T05:46:47.402Z] Error reading actual data: A Modbus Exception Occurred - See Response Body
[2024-12-10T05:46:47.403Z] Error writing to Modbus register: A Modbus Exception Occurred - See Response Body
[2024-12-10T05:46:48.402Z] Error reading or processing Modbus registers: A Modbus Exception Occurred - See Response Body
[2024-12-10T05:46:48.404Z] Error reading register 6507 for IP 10.30.4.128: A Modbus Exception Occurred - See Response Body
[2024-12-10T05:46:48.404Z] Error reading actual data: A Modbus Exception Occurred - See Response Body
[2024-12-10T05:46:48.404Z] Error writing to Modbus register: A Modbus Exception Occurred - See Response Body
[2024-12-10T05:46:49.414Z] Error reading or processing Modbus registers: A Modbus Exception Occurred - See Response Body
[2024-12-10T05:46:49.417Z] Error reading register 6507 for IP 10.30.4.128: A Modbus Exception Occurred - See Response Body
[2024-12-10T05:46:49.418Z] Error reading actual data: A Modbus Exception Occurred - See Response Body
[2024-12-10T05:46:49.418Z] Error writing to Modbus register: A Modbus Exception Occurred - See Response Body
[2024-12-10T05:46:50.415Z] Error reading or processing Modbus registers: A Modbus Exception Occurred - See Response Body
[2024-12-10T05:46:50.417Z] Error reading register 6507 for IP 10.30.4.128: A Modbus Exception Occurred - See Response Body
[2024-12-10T05:46:50.418Z] Error reading actual data: A Modbus Exception Occurred - See Response Body
[2024-12-10T05:46:50.419Z] Error writing to Modbus register: A Modbus Exception Occurred - See Response Body
[2024-12-10T05:46:51.416Z] Error reading or processing Modbus registers: A Modbus Exception Occurred - See Response Body
[2024-12-10T05:46:51.418Z] Error reading register 6507 for IP 10.30.4.128: A Modbus Exception Occurred - See Response Body
[2024-12-10T05:46:51.419Z] Error reading actual data: A Modbus Exception Occurred - See Response Body
[2024-12-10T05:46:51.419Z] Error writing to Modbus register: A Modbus Exception Occurred - See Response Body
[2024-12-10T05:46:52.428Z] Error reading or processing Modbus registers: A Modbus Exception Occurred - See Response Body
[2024-12-10T05:46:52.430Z] Error reading register 6507 for IP 10.30.4.128: A Modbus Exception Occurred - See Response Body
[2024-12-10T05:46:52.431Z] Error reading actual data: A Modbus Exception Occurred - See Response Body
[2024-12-10T05:46:52.431Z] Error writing to Modbus register: A Modbus Exception Occurred - See Response Body
[2024-12-10T05:46:53.429Z] Error reading or processing Modbus registers: A Modbus Exception Occurred - See Response Body
[2024-12-10T05:46:53.431Z] Error reading register 6507 for IP 10.30.4.128: A Modbus Exception Occurred - See Response Body
[2024-12-10T05:46:53.432Z] Error reading actual data: A Modbus Exception Occurred - See Response Body
[2024-12-10T05:46:53.433Z] Error writing to Modbus register: A Modbus Exception Occurred - See Response Body
[2024-12-10T05:46:54.445Z] Error reading or processing Modbus registers: A Modbus Exception Occurred - See Response Body
[2024-12-10T05:46:54.448Z] Error reading register 6507 for IP 10.30.4.128: A Modbus Exception Occurred - See Response Body
[2024-12-10T05:46:54.449Z] Error reading actual data: A Modbus Exception Occurred - See Response Body
[2024-12-10T05:46:54.449Z] Error writing to Modbus register: A Modbus Exception Occurred - See Response Body
[2024-12-10T05:46:55.448Z] Error reading or processing Modbus registers: A Modbus Exception Occurred - See Response Body
[2024-12-10T05:46:55.450Z] Error reading register 6507 for IP 10.30.4.128: A Modbus Exception Occurred - See Response Body
[2024-12-10T05:46:55.451Z] Error reading actual data: A Modbus Exception Occurred - See Response Body
[2024-12-10T05:46:55.452Z] Error writing to Modbus register: A Modbus Exception Occurred - See Response Body
[2024-12-10T05:46:56.451Z] Error reading or processing Modbus registers: A Modbus Exception Occurred - See Response Body
[2024-12-10T05:46:56.453Z] Error reading register 6507 for IP 10.30.4.128: A Modbus Exception Occurred - See Response Body
[2024-12-10T05:46:56.453Z] Error reading actual data: A Modbus Exception Occurred - See Response Body
[2024-12-10T05:46:56.454Z] Error writing to Modbus register: A Modbus Exception Occurred - See Response Body
[2024-12-10T05:46:57.451Z] Error reading or processing Modbus registers: A Modbus Exception Occurred - See Response Body
[2024-12-10T05:46:57.453Z] Error reading register 6507 for IP 10.30.4.128: A Modbus Exception Occurred - See Response Body
[2024-12-10T05:46:57.454Z] Error reading actual data: A Modbus Exception Occurred - See Response Body
[2024-12-10T05:46:57.455Z] Error writing to Modbus register: A Modbus Exception Occurred - See Response Body
[2024-12-10T05:46:58.463Z] Error reading or processing Modbus registers: A Modbus Exception Occurred - See Response Body
[2024-12-10T05:46:58.465Z] Error reading register 6507 for IP 10.30.4.128: A Modbus Exception Occurred - See Response Body
[2024-12-10T05:46:58.465Z] Error reading actual data: A Modbus Exception Occurred - See Response Body
[2024-12-10T05:46:58.466Z] Error writing to Modbus register: A Modbus Exception Occurred - See Response Body
[2024-12-10T05:46:59.463Z] Error reading or processing Modbus registers: A Modbus Exception Occurred - See Response Body
[2024-12-10T05:46:59.465Z] Error reading register 6507 for IP 10.30.4.128: A Modbus Exception Occurred - See Response Body
[2024-12-10T05:46:59.466Z] Error reading actual data: A Modbus Exception Occurred - See Response Body
[2024-12-10T05:46:59.467Z] Error writing to Modbus register: A Modbus Exception Occurred - See Response Body
[2024-12-10T05:47:00.471Z] Error reading or processing Modbus registers: A Modbus Exception Occurred - See Response Body
[2024-12-10T05:47:00.473Z] Error reading register 6507 for IP 10.30.4.128: A Modbus Exception Occurred - See Response Body
[2024-12-10T05:47:00.474Z] Error reading actual data: A Modbus Exception Occurred - See Response Body
[2024-12-10T05:47:00.475Z] Error writing to Modbus register: A Modbus Exception Occurred - See Response Body
[2024-12-10T05:47:01.472Z] Error reading or processing Modbus registers: A Modbus Exception Occurred - See Response Body
[2024-12-10T05:47:01.474Z] Error reading register 6507 for IP 10.30.4.128: A Modbus Exception Occurred - See Response Body
[2024-12-10T05:47:01.475Z] Error reading actual data: A Modbus Exception Occurred - See Response Body
[2024-12-10T05:47:01.475Z] Error writing to Modbus register: A Modbus Exception Occurred - See Response Body
[2024-12-10T05:47:02.482Z] Error reading or processing Modbus registers: A Modbus Exception Occurred - See Response Body
[2024-12-10T05:47:02.484Z] Error reading register 6507 for IP 10.30.4.128: A Modbus Exception Occurred - See Response Body
[2024-12-10T05:47:02.485Z] Error reading actual data: A Modbus Exception Occurred - See Response Body
[2024-12-10T05:47:02.485Z] Error writing to Modbus register: A Modbus Exception Occurred - See Response Body
[2024-12-10T05:47:03.487Z] Error reading or processing Modbus registers: A Modbus Exception Occurred - See Response Body
[2024-12-10T05:47:03.489Z] Error reading register 6507 for IP 10.30.4.128: A Modbus Exception Occurred - See Response Body
[2024-12-10T05:47:03.490Z] Error reading actual data: A Modbus Exception Occurred - See Response Body
[2024-12-10T05:47:03.490Z] Error writing to Modbus register: A Modbus Exception Occurred - See Response Body
[2024-12-10T05:47:04.490Z] Error reading or processing Modbus registers: A Modbus Exception Occurred - See Response Body
[2024-12-10T05:47:04.492Z] Error reading register 6507 for IP 10.30.4.128: A Modbus Exception Occurred - See Response Body
[2024-12-10T05:47:04.493Z] Error reading actual data: A Modbus Exception Occurred - See Response Body
[2024-12-10T05:47:04.493Z] Error writing to Modbus register: A Modbus Exception Occurred - See Response Body
[2024-12-10T05:47:05.491Z] Error reading or processing Modbus registers: A Modbus Exception Occurred - See Response Body
[2024-12-10T05:47:05.493Z] Error reading register 6507 for IP 10.30.4.128: A Modbus Exception Occurred - See Response Body
[2024-12-10T05:47:05.494Z] Error reading actual data: A Modbus Exception Occurred - See Response Body
[2024-12-10T05:47:05.494Z] Error writing to Modbus register: A Modbus Exception Occurred - See Response Body
[2024-12-10T05:47:06.490Z] Error reading or processing Modbus registers: A Modbus Exception Occurred - See Response Body
[2024-12-10T05:47:06.492Z] Error reading register 6507 for IP 10.30.4.128: A Modbus Exception Occurred - See Response Body
[2024-12-10T05:47:06.493Z] Error reading actual data: A Modbus Exception Occurred - See Response Body
[2024-12-10T05:47:06.493Z] Error writing to Modbus register: A Modbus Exception Occurred - See Response Body
[2024-12-10T05:47:07.505Z] Error reading or processing Modbus registers: A Modbus Exception Occurred - See Response Body
[2024-12-10T05:47:07.508Z] Error reading register 6507 for IP 10.30.4.128: A Modbus Exception Occurred - See Response Body
[2024-12-10T05:47:07.508Z] Error reading actual data: A Modbus Exception Occurred - See Response Body
[2024-12-10T05:47:07.509Z] Error writing to Modbus register: A Modbus Exception Occurred - See Response Body
[2024-12-10T05:47:08.510Z] Error reading or processing Modbus registers: A Modbus Exception Occurred - See Response Body
[2024-12-10T05:47:08.512Z] Error reading register 6507 for IP 10.30.4.128: A Modbus Exception Occurred - See Response Body
[2024-12-10T05:47:08.512Z] Error reading actual data: A Modbus Exception Occurred - See Response Body
[2024-12-10T05:47:08.513Z] Error writing to Modbus register: A Modbus Exception Occurred - See Response Body
[2024-12-10T05:47:09.511Z] Error reading or processing Modbus registers: A Modbus Exception Occurred - See Response Body
[2024-12-10T05:47:09.514Z] Error reading register 6507 for IP 10.30.4.128: A Modbus Exception Occurred - See Response Body
[2024-12-10T05:47:09.514Z] Error reading actual data: A Modbus Exception Occurred - See Response Body
[2024-12-10T05:47:09.515Z] Error writing to Modbus register: A Modbus Exception Occurred - See Response Body
[2024-12-10T05:47:10.524Z] Error reading or processing Modbus registers: A Modbus Exception Occurred - See Response Body
[2024-12-10T05:47:10.526Z] Error reading register 6507 for IP 10.30.4.128: A Modbus Exception Occurred - See Response Body
[2024-12-10T05:47:10.526Z] Error reading actual data: A Modbus Exception Occurred - See Response Body
[2024-12-10T05:47:10.527Z] Error writing to Modbus register: A Modbus Exception Occurred - See Response Body
[2024-12-10T05:47:11.538Z] Error reading or processing Modbus registers: A Modbus Exception Occurred - See Response Body
[2024-12-10T05:47:11.541Z] Error reading register 6507 for IP 10.30.4.128: A Modbus Exception Occurred - See Response Body
[2024-12-10T05:47:11.541Z] Error reading actual data: A Modbus Exception Occurred - See Response Body
[2024-12-10T05:47:11.542Z] Error writing to Modbus register: A Modbus Exception Occurred - See Response Body
[2024-12-10T05:47:12.550Z] Error reading or processing Modbus registers: A Modbus Exception Occurred - See Response Body
[2024-12-10T05:47:12.551Z] Error reading register 6507 for IP 10.30.4.128: A Modbus Exception Occurred - See Response Body
[2024-12-10T05:47:12.552Z] Error reading actual data: A Modbus Exception Occurred - See Response Body
[2024-12-10T05:47:12.553Z] Error writing to Modbus register: A Modbus Exception Occurred - See Response Body
[2024-12-10T05:47:13.551Z] Error reading or processing Modbus registers: A Modbus Exception Occurred - See Response Body
[2024-12-10T05:47:13.553Z] Error reading register 6507 for IP 10.30.4.128: A Modbus Exception Occurred - See Response Body
[2024-12-10T05:47:13.554Z] Error reading actual data: A Modbus Exception Occurred - See Response Body
[2024-12-10T05:47:13.555Z] Error writing to Modbus register: A Modbus Exception Occurred - See Response Body
[2024-12-10T05:47:14.563Z] Error reading or processing Modbus registers: A Modbus Exception Occurred - See Response Body
[2024-12-10T05:47:14.565Z] Error reading register 6507 for IP 10.30.4.128: A Modbus Exception Occurred - See Response Body
[2024-12-10T05:47:14.566Z] Error reading actual data: A Modbus Exception Occurred - See Response Body
[2024-12-10T05:47:14.566Z] Error writing to Modbus register: A Modbus Exception Occurred - See Response Body
[2024-12-10T05:47:15.567Z] Error reading or processing Modbus registers: A Modbus Exception Occurred - See Response Body
[2024-12-10T05:47:15.569Z] Error reading register 6507 for IP 10.30.4.128: A Modbus Exception Occurred - See Response Body
[2024-12-10T05:47:15.570Z] Error reading actual data: A Modbus Exception Occurred - See Response Body
[2024-12-10T05:47:15.570Z] Error writing to Modbus register: A Modbus Exception Occurred - See Response Body
[2024-12-10T05:47:16.573Z] Error reading or processing Modbus registers: A Modbus Exception Occurred - See Response Body
[2024-12-10T05:47:16.575Z] Error reading register 6507 for IP 10.30.4.128: A Modbus Exception Occurred - See Response Body
[2024-12-10T05:47:16.576Z] Error reading actual data: A Modbus Exception Occurred - See Response Body
[2024-12-10T05:47:16.577Z] Error writing to Modbus register: A Modbus Exception Occurred - See Response Body
[2024-12-10T05:47:17.586Z] Error reading or processing Modbus registers: A Modbus Exception Occurred - See Response Body
[2024-12-10T05:47:17.588Z] Error reading register 6507 for IP 10.30.4.128: A Modbus Exception Occurred - See Response Body
[2024-12-10T05:47:17.589Z] Error reading actual data: A Modbus Exception Occurred - See Response Body
[2024-12-10T05:47:17.589Z] Error writing to Modbus register: A Modbus Exception Occurred - See Response Body
[2024-12-10T05:47:18.598Z] Error reading or processing Modbus registers: A Modbus Exception Occurred - See Response Body
[2024-12-10T05:47:18.601Z] Error reading register 6507 for IP 10.30.4.128: A Modbus Exception Occurred - See Response Body
[2024-12-10T05:47:18.601Z] Error reading actual data: A Modbus Exception Occurred - See Response Body
[2024-12-10T05:47:18.603Z] Error writing to Modbus register: A Modbus Exception Occurred - See Response Body
[2024-12-10T05:47:19.598Z] Error reading or processing Modbus registers: A Modbus Exception Occurred - See Response Body
[2024-12-10T05:47:19.602Z] Error reading register 6507 for IP 10.30.4.128: A Modbus Exception Occurred - See Response Body
[2024-12-10T05:47:19.603Z] Error reading actual data: A Modbus Exception Occurred - See Response Body
[2024-12-10T05:47:19.604Z] Error writing to Modbus register: A Modbus Exception Occurred - See Response Body
[2024-12-10T05:47:20.599Z] Error reading or processing Modbus registers: A Modbus Exception Occurred - See Response Body
[2024-12-10T05:47:20.601Z] Error reading register 6507 for IP 10.30.4.128: A Modbus Exception Occurred - See Response Body
[2024-12-10T05:47:20.602Z] Error reading actual data: A Modbus Exception Occurred - See Response Body
[2024-12-10T05:47:20.602Z] Error writing to Modbus register: A Modbus Exception Occurred - See Response Body
[2024-12-10T05:47:21.613Z] Error reading or processing Modbus registers: A Modbus Exception Occurred - See Response Body
[2024-12-10T05:47:21.615Z] Error reading register 6507 for IP 10.30.4.128: A Modbus Exception Occurred - See Response Body
[2024-12-10T05:47:21.615Z] Error reading actual data: A Modbus Exception Occurred - See Response Body
[2024-12-10T05:47:21.616Z] Error writing to Modbus register: A Modbus Exception Occurred - See Response Body
[2024-12-10T05:47:22.626Z] Error reading or processing Modbus registers: A Modbus Exception Occurred - See Response Body
[2024-12-10T05:47:22.629Z] Error reading register 6507 for IP 10.30.4.128: A Modbus Exception Occurred - See Response Body
[2024-12-10T05:47:22.629Z] Error reading actual data: A Modbus Exception Occurred - See Response Body
[2024-12-10T05:47:22.630Z] Error writing to Modbus register: A Modbus Exception Occurred - See Response Body
[2024-12-10T05:47:23.640Z] Error reading or processing Modbus registers: A Modbus Exception Occurred - See Response Body
[2024-12-10T05:47:23.642Z] Error reading register 6507 for IP 10.30.4.128: A Modbus Exception Occurred - See Response Body
[2024-12-10T05:47:23.643Z] Error reading actual data: A Modbus Exception Occurred - See Response Body
[2024-12-10T05:47:23.644Z] Error writing to Modbus register: A Modbus Exception Occurred - See Response Body
[2024-12-10T05:47:24.642Z] Error reading or processing Modbus registers: A Modbus Exception Occurred - See Response Body
[2024-12-10T05:47:24.644Z] Error reading register 6507 for IP 10.30.4.128: A Modbus Exception Occurred - See Response Body
[2024-12-10T05:47:24.645Z] Error reading actual data: A Modbus Exception Occurred - See Response Body
[2024-12-10T05:47:24.645Z] Error writing to Modbus register: A Modbus Exception Occurred - See Response Body
[2024-12-10T05:47:25.642Z] Error reading or processing Modbus registers: A Modbus Exception Occurred - See Response Body
[2024-12-10T05:47:25.645Z] Error reading register 6507 for IP 10.30.4.128: A Modbus Exception Occurred - See Response Body
[2024-12-10T05:47:25.645Z] Error reading actual data: A Modbus Exception Occurred - See Response Body
[2024-12-10T05:47:25.646Z] Error writing to Modbus register: A Modbus Exception Occurred - See Response Body
[2024-12-10T05:47:26.655Z] Error reading or processing Modbus registers: A Modbus Exception Occurred - See Response Body
[2024-12-10T05:47:26.657Z] Error reading register 6507 for IP 10.30.4.128: A Modbus Exception Occurred - See Response Body
[2024-12-10T05:47:26.658Z] Error reading actual data: A Modbus Exception Occurred - See Response Body
[2024-12-10T05:47:26.658Z] Error writing to Modbus register: A Modbus Exception Occurred - See Response Body
[2024-12-10T05:47:27.670Z] Error reading or processing Modbus registers: A Modbus Exception Occurred - See Response Body
[2024-12-10T05:47:27.673Z] Error reading register 6507 for IP 10.30.4.128: A Modbus Exception Occurred - See Response Body
[2024-12-10T05:47:27.673Z] Error reading actual data: A Modbus Exception Occurred - See Response Body
[2024-12-10T05:47:27.674Z] Error writing to Modbus register: A Modbus Exception Occurred - See Response Body
[2024-12-10T05:47:28.672Z] Error reading or processing Modbus registers: A Modbus Exception Occurred - See Response Body
[2024-12-10T05:47:28.674Z] Error reading register 6507 for IP 10.30.4.128: A Modbus Exception Occurred - See Response Body
[2024-12-10T05:47:28.675Z] Error reading actual data: A Modbus Exception Occurred - See Response Body
[2024-12-10T05:47:28.676Z] Error writing to Modbus register: A Modbus Exception Occurred - See Response Body
[2024-12-10T05:47:29.686Z] Error reading or processing Modbus registers: A Modbus Exception Occurred - See Response Body
[2024-12-10T05:47:29.689Z] Error reading register 6507 for IP 10.30.4.128: A Modbus Exception Occurred - See Response Body
[2024-12-10T05:47:29.689Z] Error reading actual data: A Modbus Exception Occurred - See Response Body
[2024-12-10T05:47:29.690Z] Error writing to Modbus register: A Modbus Exception Occurred - See Response Body
[2024-12-10T05:47:30.701Z] Error reading or processing Modbus registers: A Modbus Exception Occurred - See Response Body
[2024-12-10T05:47:30.703Z] Error reading register 6507 for IP 10.30.4.128: A Modbus Exception Occurred - See Response Body
[2024-12-10T05:47:30.704Z] Error reading actual data: A Modbus Exception Occurred - See Response Body
[2024-12-10T05:47:30.705Z] Error writing to Modbus register: A Modbus Exception Occurred - See Response Body
[2024-12-10T05:47:31.716Z] Error reading or processing Modbus registers: A Modbus Exception Occurred - See Response Body
[2024-12-10T05:47:31.718Z] Error reading register 6507 for IP 10.30.4.128: A Modbus Exception Occurred - See Response Body
[2024-12-10T05:47:31.719Z] Error reading actual data: A Modbus Exception Occurred - See Response Body
[2024-12-10T05:47:31.720Z] Error writing to Modbus register: A Modbus Exception Occurred - See Response Body
[2024-12-10T05:47:32.729Z] Error reading or processing Modbus registers: A Modbus Exception Occurred - See Response Body
[2024-12-10T05:47:32.731Z] Error reading register 6507 for IP 10.30.4.128: A Modbus Exception Occurred - See Response Body
[2024-12-10T05:47:32.732Z] Error reading actual data: A Modbus Exception Occurred - See Response Body
[2024-12-10T05:47:32.733Z] Error writing to Modbus register: A Modbus Exception Occurred - See Response Body
[2024-12-10T05:47:33.731Z] Error reading or processing Modbus registers: A Modbus Exception Occurred - See Response Body
[2024-12-10T05:47:33.733Z] Error reading register 6507 for IP 10.30.4.128: A Modbus Exception Occurred - See Response Body
[2024-12-10T05:47:33.733Z] Error reading actual data: A Modbus Exception Occurred - See Response Body
[2024-12-10T05:47:33.734Z] Error writing to Modbus register: A Modbus Exception Occurred - See Response Body
[2024-12-10T05:47:34.746Z] Error reading or processing Modbus registers: A Modbus Exception Occurred - See Response Body
[2024-12-10T05:47:34.748Z] Error reading register 6507 for IP 10.30.4.128: A Modbus Exception Occurred - See Response Body
[2024-12-10T05:47:34.749Z] Error reading actual data: A Modbus Exception Occurred - See Response Body
[2024-12-10T05:47:34.750Z] Error writing to Modbus register: A Modbus Exception Occurred - See Response Body
[2024-12-10T05:47:35.748Z] Error reading or processing Modbus registers: A Modbus Exception Occurred - See Response Body
[2024-12-10T05:47:35.751Z] Error reading register 6507 for IP 10.30.4.128: A Modbus Exception Occurred - See Response Body
[2024-12-10T05:47:35.752Z] Error reading actual data: A Modbus Exception Occurred - See Response Body
[2024-12-10T05:47:35.752Z] Error writing to Modbus register: A Modbus Exception Occurred - See Response Body
[2024-12-10T05:47:36.751Z] Error reading or processing Modbus registers: A Modbus Exception Occurred - See Response Body
[2024-12-10T05:47:36.754Z] Error reading register 6507 for IP 10.30.4.128: A Modbus Exception Occurred - See Response Body
[2024-12-10T05:47:36.754Z] Error reading actual data: A Modbus Exception Occurred - See Response Body
[2024-12-10T05:47:36.755Z] Error writing to Modbus register: A Modbus Exception Occurred - See Response Body
[2024-12-10T05:47:37.752Z] Error reading or processing Modbus registers: A Modbus Exception Occurred - See Response Body
[2024-12-10T05:47:37.755Z] Error reading register 6507 for IP 10.30.4.128: A Modbus Exception Occurred - See Response Body
[2024-12-10T05:47:37.755Z] Error reading actual data: A Modbus Exception Occurred - See Response Body
[2024-12-10T05:47:37.756Z] Error writing to Modbus register: A Modbus Exception Occurred - See Response Body
[2024-12-10T05:47:38.765Z] Error reading or processing Modbus registers: A Modbus Exception Occurred - See Response Body
[2024-12-10T05:47:38.767Z] Error reading register 6507 for IP 10.30.4.128: A Modbus Exception Occurred - See Response Body
[2024-12-10T05:47:38.768Z] Error reading actual data: A Modbus Exception Occurred - See Response Body
[2024-12-10T05:47:38.768Z] Error writing to Modbus register: A Modbus Exception Occurred - See Response Body
[2024-12-10T05:47:39.769Z] Error reading or processing Modbus registers: A Modbus Exception Occurred - See Response Body
[2024-12-10T05:47:39.771Z] Error reading register 6507 for IP 10.30.4.128: A Modbus Exception Occurred - See Response Body
[2024-12-10T05:47:39.772Z] Error reading actual data: A Modbus Exception Occurred - See Response Body
[2024-12-10T05:47:39.772Z] Error writing to Modbus register: A Modbus Exception Occurred - See Response Body
[2024-12-10T05:47:40.784Z] Error reading or processing Modbus registers: A Modbus Exception Occurred - See Response Body
[2024-12-10T05:47:40.787Z] Error reading register 6507 for IP 10.30.4.128: A Modbus Exception Occurred - See Response Body
[2024-12-10T05:47:40.787Z] Error reading actual data: A Modbus Exception Occurred - See Response Body
[2024-12-10T05:47:40.789Z] Error writing to Modbus register: A Modbus Exception Occurred - See Response Body
[2024-12-10T05:47:41.799Z] Error reading or processing Modbus registers: A Modbus Exception Occurred - See Response Body
[2024-12-10T05:47:41.801Z] Error reading register 6507 for IP 10.30.4.128: A Modbus Exception Occurred - See Response Body
[2024-12-10T05:47:41.801Z] Error reading actual data: A Modbus Exception Occurred - See Response Body
[2024-12-10T05:47:41.802Z] Error writing to Modbus register: A Modbus Exception Occurred - See Response Body
[2024-12-10T05:47:42.800Z] Error reading or processing Modbus registers: A Modbus Exception Occurred - See Response Body
[2024-12-10T05:47:42.803Z] Error reading register 6507 for IP 10.30.4.128: A Modbus Exception Occurred - See Response Body
[2024-12-10T05:47:42.803Z] Error reading actual data: A Modbus Exception Occurred - See Response Body
[2024-12-10T05:47:42.804Z] Error writing to Modbus register: A Modbus Exception Occurred - See Response Body
[2024-12-10T05:47:43.803Z] Error reading or processing Modbus registers: A Modbus Exception Occurred - See Response Body
[2024-12-10T05:47:43.805Z] Error reading register 6507 for IP 10.30.4.128: A Modbus Exception Occurred - See Response Body
[2024-12-10T05:47:43.806Z] Error reading actual data: A Modbus Exception Occurred - See Response Body
[2024-12-10T05:47:43.806Z] Error writing to Modbus register: A Modbus Exception Occurred - See Response Body
[2024-12-10T05:47:44.804Z] Error reading or processing Modbus registers: A Modbus Exception Occurred - See Response Body
[2024-12-10T05:47:44.806Z] Error reading register 6507 for IP 10.30.4.128: A Modbus Exception Occurred - See Response Body
[2024-12-10T05:47:44.806Z] Error reading actual data: A Modbus Exception Occurred - See Response Body
[2024-12-10T05:47:44.807Z] Error writing to Modbus register: A Modbus Exception Occurred - See Response Body
[2024-12-10T05:47:45.805Z] Error reading or processing Modbus registers: A Modbus Exception Occurred - See Response Body
[2024-12-10T05:47:45.807Z] Error reading register 6507 for IP 10.30.4.128: A Modbus Exception Occurred - See Response Body
[2024-12-10T05:47:45.808Z] Error reading actual data: A Modbus Exception Occurred - See Response Body
[2024-12-10T05:47:45.808Z] Error writing to Modbus register: A Modbus Exception Occurred - See Response Body
[2024-12-10T05:47:46.819Z] Error reading or processing Modbus registers: A Modbus Exception Occurred - See Response Body
[2024-12-10T05:47:46.821Z] Error reading register 6507 for IP 10.30.4.128: A Modbus Exception Occurred - See Response Body
[2024-12-10T05:47:46.821Z] Error reading actual data: A Modbus Exception Occurred - See Response Body
[2024-12-10T05:47:46.822Z] Error writing to Modbus register: A Modbus Exception Occurred - See Response Body
[2024-12-10T05:47:47.831Z] Error reading or processing Modbus registers: A Modbus Exception Occurred - See Response Body
[2024-12-10T05:47:47.834Z] Error reading register 6507 for IP 10.30.4.128: A Modbus Exception Occurred - See Response Body
[2024-12-10T05:47:47.834Z] Error reading actual data: A Modbus Exception Occurred - See Response Body
[2024-12-10T05:47:47.835Z] Error writing to Modbus register: A Modbus Exception Occurred - See Response Body
[2024-12-10T05:47:48.833Z] Error reading or processing Modbus registers: A Modbus Exception Occurred - See Response Body
[2024-12-10T05:47:48.836Z] Error reading register 6507 for IP 10.30.4.128: A Modbus Exception Occurred - See Response Body
[2024-12-10T05:47:48.837Z] Error reading actual data: A Modbus Exception Occurred - See Response Body
[2024-12-10T05:47:48.837Z] Error writing to Modbus register: A Modbus Exception Occurred - See Response Body
[2024-12-10T05:47:49.835Z] Error reading or processing Modbus registers: A Modbus Exception Occurred - See Response Body
[2024-12-10T05:47:49.838Z] Error reading register 6507 for IP 10.30.4.128: A Modbus Exception Occurred - See Response Body
[2024-12-10T05:47:49.839Z] Error reading actual data: A Modbus Exception Occurred - See Response Body
[2024-12-10T05:47:49.840Z] Error writing to Modbus register: A Modbus Exception Occurred - See Response Body
[2024-12-10T05:47:50.845Z] Error reading or processing Modbus registers: A Modbus Exception Occurred - See Response Body
[2024-12-10T05:47:50.848Z] Error reading register 6507 for IP 10.30.4.128: A Modbus Exception Occurred - See Response Body
[2024-12-10T05:47:50.848Z] Error reading actual data: A Modbus Exception Occurred - See Response Body
[2024-12-10T05:47:50.849Z] Error writing to Modbus register: A Modbus Exception Occurred - See Response Body
[2024-12-10T05:47:51.860Z] Error reading or processing Modbus registers: A Modbus Exception Occurred - See Response Body
[2024-12-10T05:47:51.863Z] Error reading register 6507 for IP 10.30.4.128: A Modbus Exception Occurred - See Response Body
[2024-12-10T05:47:51.864Z] Error reading actual data: A Modbus Exception Occurred - See Response Body
[2024-12-10T05:47:51.865Z] Error writing to Modbus register: A Modbus Exception Occurred - See Response Body
[2024-12-10T05:47:52.876Z] Error reading or processing Modbus registers: A Modbus Exception Occurred - See Response Body
[2024-12-10T05:47:52.879Z] Error reading register 6507 for IP 10.30.4.128: A Modbus Exception Occurred - See Response Body
[2024-12-10T05:47:52.879Z] Error reading actual data: A Modbus Exception Occurred - See Response Body
[2024-12-10T05:47:52.880Z] Error writing to Modbus register: A Modbus Exception Occurred - See Response Body
[2024-12-10T05:47:53.887Z] Error reading or processing Modbus registers: A Modbus Exception Occurred - See Response Body
[2024-12-10T05:47:53.890Z] Error reading register 6507 for IP 10.30.4.128: A Modbus Exception Occurred - See Response Body
[2024-12-10T05:47:53.890Z] Error reading actual data: A Modbus Exception Occurred - See Response Body
[2024-12-10T05:47:53.891Z] Error writing to Modbus register: A Modbus Exception Occurred - See Response Body
[2024-12-10T05:47:54.900Z] Error reading or processing Modbus registers: A Modbus Exception Occurred - See Response Body
[2024-12-10T05:47:54.903Z] Error reading register 6507 for IP 10.30.4.128: A Modbus Exception Occurred - See Response Body
[2024-12-10T05:47:54.903Z] Error reading actual data: A Modbus Exception Occurred - See Response Body
[2024-12-10T05:47:54.904Z] Error writing to Modbus register: A Modbus Exception Occurred - See Response Body
[2024-12-10T05:47:55.914Z] Error reading or processing Modbus registers: A Modbus Exception Occurred - See Response Body
[2024-12-10T05:47:55.917Z] Error reading register 6507 for IP 10.30.4.128: A Modbus Exception Occurred - See Response Body
[2024-12-10T05:47:55.918Z] Error reading actual data: A Modbus Exception Occurred - See Response Body
[2024-12-10T05:47:55.918Z] Error writing to Modbus register: A Modbus Exception Occurred - See Response Body
[2024-12-10T05:47:56.925Z] Error reading or processing Modbus registers: A Modbus Exception Occurred - See Response Body
[2024-12-10T05:47:56.928Z] Error reading register 6507 for IP 10.30.4.128: A Modbus Exception Occurred - See Response Body
[2024-12-10T05:47:56.929Z] Error reading actual data: A Modbus Exception Occurred - See Response Body
[2024-12-10T05:47:56.929Z] Error writing to Modbus register: A Modbus Exception Occurred - See Response Body
[2024-12-10T05:47:57.928Z] Error reading or processing Modbus registers: A Modbus Exception Occurred - See Response Body
[2024-12-10T05:47:57.931Z] Error reading register 6507 for IP 10.30.4.128: A Modbus Exception Occurred - See Response Body
[2024-12-10T05:47:57.931Z] Error reading actual data: A Modbus Exception Occurred - See Response Body
[2024-12-10T05:47:57.932Z] Error writing to Modbus register: A Modbus Exception Occurred - See Response Body
[2024-12-10T05:47:58.933Z] Error reading or processing Modbus registers: A Modbus Exception Occurred - See Response Body
[2024-12-10T05:47:58.935Z] Error reading register 6507 for IP 10.30.4.128: A Modbus Exception Occurred - See Response Body
[2024-12-10T05:47:58.935Z] Error reading actual data: A Modbus Exception Occurred - See Response Body
[2024-12-10T05:47:58.936Z] Error writing to Modbus register: A Modbus Exception Occurred - See Response Body
[2024-12-10T05:47:59.946Z] Error reading or processing Modbus registers: A Modbus Exception Occurred - See Response Body
[2024-12-10T05:47:59.950Z] Error reading register 6507 for IP 10.30.4.128: A Modbus Exception Occurred - See Response Body
[2024-12-10T05:47:59.951Z] Error reading actual data: A Modbus Exception Occurred - See Response Body
[2024-12-10T05:47:59.951Z] Error writing to Modbus register: A Modbus Exception Occurred - See Response Body
[2024-12-10T05:48:00.960Z] Error reading or processing Modbus registers: A Modbus Exception Occurred - See Response Body
[2024-12-10T05:48:00.962Z] Error reading register 6507 for IP 10.30.4.128: A Modbus Exception Occurred - See Response Body
[2024-12-10T05:48:00.963Z] Error reading actual data: A Modbus Exception Occurred - See Response Body
[2024-12-10T05:48:00.963Z] Error writing to Modbus register: A Modbus Exception Occurred - See Response Body
[2024-12-10T05:48:01.960Z] Error reading or processing Modbus registers: A Modbus Exception Occurred - See Response Body
[2024-12-10T05:48:01.962Z] Error reading register 6507 for IP 10.30.4.128: A Modbus Exception Occurred - See Response Body
[2024-12-10T05:48:01.963Z] Error reading actual data: A Modbus Exception Occurred - See Response Body
[2024-12-10T05:48:01.964Z] Error writing to Modbus register: A Modbus Exception Occurred - See Response Body
[2024-12-10T05:48:02.962Z] Error reading or processing Modbus registers: A Modbus Exception Occurred - See Response Body
[2024-12-10T05:48:02.965Z] Error reading register 6507 for IP 10.30.4.128: A Modbus Exception Occurred - See Response Body
[2024-12-10T05:48:02.966Z] Error reading actual data: A Modbus Exception Occurred - See Response Body
[2024-12-10T05:48:02.966Z] Error writing to Modbus register: A Modbus Exception Occurred - See Response Body
[2024-12-10T05:48:03.965Z] Error reading or processing Modbus registers: A Modbus Exception Occurred - See Response Body
[2024-12-10T05:48:03.967Z] Error reading register 6507 for IP 10.30.4.128: A Modbus Exception Occurred - See Response Body
[2024-12-10T05:48:03.968Z] Error reading actual data: A Modbus Exception Occurred - See Response Body
[2024-12-10T05:48:03.968Z] Error writing to Modbus register: A Modbus Exception Occurred - See Response Body
[2024-12-10T05:48:04.969Z] Error reading or processing Modbus registers: A Modbus Exception Occurred - See Response Body
[2024-12-10T05:48:04.972Z] Error reading register 6507 for IP 10.30.4.128: A Modbus Exception Occurred - See Response Body
[2024-12-10T05:48:04.972Z] Error reading actual data: A Modbus Exception Occurred - See Response Body
[2024-12-10T05:48:04.973Z] Error writing to Modbus register: A Modbus Exception Occurred - See Response Body
[2024-12-10T05:48:05.977Z] Error reading or processing Modbus registers: A Modbus Exception Occurred - See Response Body
[2024-12-10T05:48:05.979Z] Error reading register 6507 for IP 10.30.4.128: A Modbus Exception Occurred - See Response Body
[2024-12-10T05:48:05.979Z] Error reading actual data: A Modbus Exception Occurred - See Response Body
[2024-12-10T05:48:05.980Z] Error writing to Modbus register: A Modbus Exception Occurred - See Response Body
[2024-12-10T05:48:06.977Z] Error reading or processing Modbus registers: A Modbus Exception Occurred - See Response Body
[2024-12-10T05:48:06.980Z] Error reading register 6507 for IP 10.30.4.128: A Modbus Exception Occurred - See Response Body
[2024-12-10T05:48:06.980Z] Error reading actual data: A Modbus Exception Occurred - See Response Body
[2024-12-10T05:48:06.981Z] Error writing to Modbus register: A Modbus Exception Occurred - See Response Body
[2024-12-10T05:48:07.989Z] Error reading or processing Modbus registers: A Modbus Exception Occurred - See Response Body
[2024-12-10T05:48:07.992Z] Error reading register 6507 for IP 10.30.4.128: A Modbus Exception Occurred - See Response Body
[2024-12-10T05:48:07.993Z] Error reading actual data: A Modbus Exception Occurred - See Response Body
[2024-12-10T05:48:07.994Z] Error writing to Modbus register: A Modbus Exception Occurred - See Response Body
[2024-12-10T05:48:09.001Z] Error reading or processing Modbus registers: A Modbus Exception Occurred - See Response Body
[2024-12-10T05:48:09.003Z] Error reading register 6507 for IP 10.30.4.128: A Modbus Exception Occurred - See Response Body
[2024-12-10T05:48:09.003Z] Error reading actual data: A Modbus Exception Occurred - See Response Body
[2024-12-10T05:48:09.004Z] Error writing to Modbus register: A Modbus Exception Occurred - See Response Body
[2024-12-10T05:48:10.001Z] Error reading or processing Modbus registers: A Modbus Exception Occurred - See Response Body
[2024-12-10T05:48:10.003Z] Error reading register 6507 for IP 10.30.4.128: A Modbus Exception Occurred - See Response Body
[2024-12-10T05:48:10.003Z] Error reading actual data: A Modbus Exception Occurred - See Response Body
[2024-12-10T05:48:10.004Z] Error writing to Modbus register: A Modbus Exception Occurred - See Response Body
[2024-12-10T05:48:11.014Z] Error reading or processing Modbus registers: A Modbus Exception Occurred - See Response Body
[2024-12-10T05:48:11.016Z] Error reading register 6507 for IP 10.30.4.128: A Modbus Exception Occurred - See Response Body
[2024-12-10T05:48:11.017Z] Error reading actual data: A Modbus Exception Occurred - See Response Body
[2024-12-10T05:48:11.017Z] Error writing to Modbus register: A Modbus Exception Occurred - See Response Body
[2024-12-10T05:48:12.027Z] Error reading or processing Modbus registers: A Modbus Exception Occurred - See Response Body
[2024-12-10T05:48:12.030Z] Error reading register 6507 for IP 10.30.4.128: A Modbus Exception Occurred - See Response Body
[2024-12-10T05:48:12.030Z] Error reading actual data: A Modbus Exception Occurred - See Response Body
[2024-12-10T05:48:12.031Z] Error writing to Modbus register: A Modbus Exception Occurred - See Response Body
[2024-12-10T05:48:13.028Z] Error reading or processing Modbus registers: A Modbus Exception Occurred - See Response Body
[2024-12-10T05:48:13.030Z] Error reading register 6507 for IP 10.30.4.128: A Modbus Exception Occurred - See Response Body
[2024-12-10T05:48:13.031Z] Error reading actual data: A Modbus Exception Occurred - See Response Body
[2024-12-10T05:48:13.031Z] Error writing to Modbus register: A Modbus Exception Occurred - See Response Body
[2024-12-10T05:48:14.028Z] Error reading or processing Modbus registers: A Modbus Exception Occurred - See Response Body
[2024-12-10T05:48:14.031Z] Error reading register 6507 for IP 10.30.4.128: A Modbus Exception Occurred - See Response Body
[2024-12-10T05:48:14.031Z] Error reading actual data: A Modbus Exception Occurred - See Response Body
[2024-12-10T05:48:14.032Z] Error writing to Modbus register: A Modbus Exception Occurred - See Response Body
[2024-12-10T05:48:15.042Z] Error reading or processing Modbus registers: A Modbus Exception Occurred - See Response Body
[2024-12-10T05:48:15.045Z] Error reading register 6507 for IP 10.30.4.128: A Modbus Exception Occurred - See Response Body
[2024-12-10T05:48:15.045Z] Error reading actual data: A Modbus Exception Occurred - See Response Body
[2024-12-10T05:48:15.046Z] Error writing to Modbus register: A Modbus Exception Occurred - See Response Body
[2024-12-10T05:48:16.045Z] Error reading or processing Modbus registers: A Modbus Exception Occurred - See Response Body
[2024-12-10T05:48:16.048Z] Error reading register 6507 for IP 10.30.4.128: A Modbus Exception Occurred - See Response Body
[2024-12-10T05:48:16.049Z] Error reading actual data: A Modbus Exception Occurred - See Response Body
[2024-12-10T05:48:16.049Z] Error writing to Modbus register: A Modbus Exception Occurred - See Response Body
[2024-12-10T05:48:17.049Z] Error reading or processing Modbus registers: A Modbus Exception Occurred - See Response Body
[2024-12-10T05:48:17.052Z] Error reading register 6507 for IP 10.30.4.128: A Modbus Exception Occurred - See Response Body
[2024-12-10T05:48:17.052Z] Error reading actual data: A Modbus Exception Occurred - See Response Body
[2024-12-10T05:48:17.053Z] Error writing to Modbus register: A Modbus Exception Occurred - See Response Body
[2024-12-10T05:48:18.060Z] Error reading or processing Modbus registers: A Modbus Exception Occurred - See Response Body
[2024-12-10T05:48:18.062Z] Error reading register 6507 for IP 10.30.4.128: A Modbus Exception Occurred - See Response Body
[2024-12-10T05:48:18.063Z] Error reading actual data: A Modbus Exception Occurred - See Response Body
[2024-12-10T05:48:18.064Z] Error writing to Modbus register: A Modbus Exception Occurred - See Response Body
[2024-12-10T05:48:19.069Z] Error reading or processing Modbus registers: A Modbus Exception Occurred - See Response Body
[2024-12-10T05:48:19.071Z] Error reading register 6507 for IP 10.30.4.128: A Modbus Exception Occurred - See Response Body
[2024-12-10T05:48:19.071Z] Error reading actual data: A Modbus Exception Occurred - See Response Body
[2024-12-10T05:48:19.072Z] Error writing to Modbus register: A Modbus Exception Occurred - See Response Body
[2024-12-10T05:48:20.071Z] Error reading or processing Modbus registers: A Modbus Exception Occurred - See Response Body
[2024-12-10T05:48:20.073Z] Error reading register 6507 for IP 10.30.4.128: A Modbus Exception Occurred - See Response Body
[2024-12-10T05:48:20.074Z] Error reading actual data: A Modbus Exception Occurred - See Response Body
[2024-12-10T05:48:20.074Z] Error writing to Modbus register: A Modbus Exception Occurred - See Response Body
[2024-12-10T05:48:21.072Z] Error reading or processing Modbus registers: A Modbus Exception Occurred - See Response Body
[2024-12-10T05:48:21.074Z] Error reading register 6507 for IP 10.30.4.128: A Modbus Exception Occurred - See Response Body
[2024-12-10T05:48:21.075Z] Error reading actual data: A Modbus Exception Occurred - See Response Body
[2024-12-10T05:48:21.076Z] Error writing to Modbus register: A Modbus Exception Occurred - See Response Body
[2024-12-10T05:48:22.084Z] Error reading or processing Modbus registers: A Modbus Exception Occurred - See Response Body
[2024-12-10T05:48:22.087Z] Error reading register 6507 for IP 10.30.4.128: A Modbus Exception Occurred - See Response Body
[2024-12-10T05:48:22.087Z] Error reading actual data: A Modbus Exception Occurred - See Response Body
[2024-12-10T05:48:22.091Z] Error writing to Modbus register: A Modbus Exception Occurred - See Response Body
[2024-12-10T05:48:23.090Z] Error reading or processing Modbus registers: A Modbus Exception Occurred - See Response Body
[2024-12-10T05:48:23.092Z] Error reading register 6507 for IP 10.30.4.128: A Modbus Exception Occurred - See Response Body
[2024-12-10T05:48:23.093Z] Error reading actual data: A Modbus Exception Occurred - See Response Body
[2024-12-10T05:48:23.093Z] Error writing to Modbus register: A Modbus Exception Occurred - See Response Body
[2024-12-10T05:48:24.099Z] Error reading or processing Modbus registers: A Modbus Exception Occurred - See Response Body
[2024-12-10T05:48:24.101Z] Error reading register 6507 for IP 10.30.4.128: A Modbus Exception Occurred - See Response Body
[2024-12-10T05:48:24.102Z] Error reading actual data: A Modbus Exception Occurred - See Response Body
[2024-12-10T05:48:24.102Z] Error writing to Modbus register: A Modbus Exception Occurred - See Response Body
[2024-12-10T05:48:25.100Z] Error reading or processing Modbus registers: A Modbus Exception Occurred - See Response Body
[2024-12-10T05:48:25.102Z] Error reading register 6507 for IP 10.30.4.128: A Modbus Exception Occurred - See Response Body
[2024-12-10T05:48:25.103Z] Error reading actual data: A Modbus Exception Occurred - See Response Body
[2024-12-10T05:48:25.103Z] Error writing to Modbus register: A Modbus Exception Occurred - See Response Body
[2024-12-10T05:48:26.110Z] Error reading or processing Modbus registers: A Modbus Exception Occurred - See Response Body
[2024-12-10T05:48:26.113Z] Error reading register 6507 for IP 10.30.4.128: A Modbus Exception Occurred - See Response Body
[2024-12-10T05:48:26.113Z] Error reading actual data: A Modbus Exception Occurred - See Response Body
[2024-12-10T05:48:26.114Z] Error writing to Modbus register: A Modbus Exception Occurred - See Response Body
[2024-12-10T05:48:27.123Z] Error reading or processing Modbus registers: A Modbus Exception Occurred - See Response Body
[2024-12-10T05:48:27.125Z] Error reading register 6507 for IP 10.30.4.128: A Modbus Exception Occurred - See Response Body
[2024-12-10T05:48:27.126Z] Error reading actual data: A Modbus Exception Occurred - See Response Body
[2024-12-10T05:48:27.126Z] Error writing to Modbus register: A Modbus Exception Occurred - See Response Body
[2024-12-10T05:48:28.137Z] Error reading or processing Modbus registers: A Modbus Exception Occurred - See Response Body
[2024-12-10T05:48:28.139Z] Error reading register 6507 for IP 10.30.4.128: A Modbus Exception Occurred - See Response Body
[2024-12-10T05:48:28.140Z] Error reading actual data: A Modbus Exception Occurred - See Response Body
[2024-12-10T05:48:28.140Z] Error writing to Modbus register: A Modbus Exception Occurred - See Response Body
[2024-12-10T05:48:29.151Z] Error reading or processing Modbus registers: A Modbus Exception Occurred - See Response Body
[2024-12-10T05:48:29.153Z] Error reading register 6507 for IP 10.30.4.128: A Modbus Exception Occurred - See Response Body
[2024-12-10T05:48:29.154Z] Error reading actual data: A Modbus Exception Occurred - See Response Body
[2024-12-10T05:48:29.154Z] Error writing to Modbus register: A Modbus Exception Occurred - See Response Body
[2024-12-10T05:48:30.163Z] Error reading or processing Modbus registers: A Modbus Exception Occurred - See Response Body
[2024-12-10T05:48:30.165Z] Error reading register 6507 for IP 10.30.4.128: A Modbus Exception Occurred - See Response Body
[2024-12-10T05:48:30.166Z] Error reading actual data: A Modbus Exception Occurred - See Response Body
[2024-12-10T05:48:30.168Z] Error writing to Modbus register: A Modbus Exception Occurred - See Response Body
[2024-12-10T05:48:31.162Z] Error reading or processing Modbus registers: A Modbus Exception Occurred - See Response Body
[2024-12-10T05:48:31.166Z] Error reading register 6507 for IP 10.30.4.128: A Modbus Exception Occurred - See Response Body
[2024-12-10T05:48:31.167Z] Error reading actual data: A Modbus Exception Occurred - See Response Body
[2024-12-10T05:48:31.168Z] Error writing to Modbus register: A Modbus Exception Occurred - See Response Body
[2024-12-10T05:48:32.176Z] Error reading or processing Modbus registers: A Modbus Exception Occurred - See Response Body
[2024-12-10T05:48:32.178Z] Error reading register 6507 for IP 10.30.4.128: A Modbus Exception Occurred - See Response Body
[2024-12-10T05:48:32.179Z] Error reading actual data: A Modbus Exception Occurred - See Response Body
[2024-12-10T05:48:32.179Z] Error writing to Modbus register: A Modbus Exception Occurred - See Response Body
[2024-12-10T05:48:33.187Z] Error reading or processing Modbus registers: A Modbus Exception Occurred - See Response Body
[2024-12-10T05:48:33.189Z] Error reading register 6507 for IP 10.30.4.128: A Modbus Exception Occurred - See Response Body
[2024-12-10T05:48:33.190Z] Error reading actual data: A Modbus Exception Occurred - See Response Body
[2024-12-10T05:48:33.190Z] Error writing to Modbus register: A Modbus Exception Occurred - See Response Body
[2024-12-10T05:48:34.199Z] Error reading or processing Modbus registers: A Modbus Exception Occurred - See Response Body
[2024-12-10T05:48:34.202Z] Error reading register 6507 for IP 10.30.4.128: A Modbus Exception Occurred - See Response Body
[2024-12-10T05:48:34.203Z] Error reading actual data: A Modbus Exception Occurred - See Response Body
[2024-12-10T05:48:34.204Z] Error writing to Modbus register: A Modbus Exception Occurred - See Response Body
[2024-12-10T05:48:35.213Z] Error reading or processing Modbus registers: A Modbus Exception Occurred - See Response Body
[2024-12-10T05:48:35.216Z] Error reading register 6507 for IP 10.30.4.128: A Modbus Exception Occurred - See Response Body
[2024-12-10T05:48:35.216Z] Error reading actual data: A Modbus Exception Occurred - See Response Body
[2024-12-10T05:48:35.217Z] Error writing to Modbus register: A Modbus Exception Occurred - See Response Body
[2024-12-10T05:48:36.227Z] Error reading or processing Modbus registers: A Modbus Exception Occurred - See Response Body
[2024-12-10T05:48:36.229Z] Error reading register 6507 for IP 10.30.4.128: A Modbus Exception Occurred - See Response Body
[2024-12-10T05:48:36.229Z] Error reading actual data: A Modbus Exception Occurred - See Response Body
[2024-12-10T05:48:36.230Z] Error writing to Modbus register: A Modbus Exception Occurred - See Response Body
[2024-12-10T05:48:37.228Z] Error reading or processing Modbus registers: A Modbus Exception Occurred - See Response Body
[2024-12-10T05:48:37.230Z] Error reading register 6507 for IP 10.30.4.128: A Modbus Exception Occurred - See Response Body
[2024-12-10T05:48:37.230Z] Error reading actual data: A Modbus Exception Occurred - See Response Body
[2024-12-10T05:48:37.231Z] Error writing to Modbus register: A Modbus Exception Occurred - See Response Body
[2024-12-10T05:48:38.228Z] Error reading or processing Modbus registers: A Modbus Exception Occurred - See Response Body
[2024-12-10T05:48:38.231Z] Error reading register 6507 for IP 10.30.4.128: A Modbus Exception Occurred - See Response Body
[2024-12-10T05:48:38.231Z] Error reading actual data: A Modbus Exception Occurred - See Response Body
[2024-12-10T05:48:38.232Z] Error writing to Modbus register: A Modbus Exception Occurred - See Response Body
[2024-12-10T05:48:39.238Z] Error reading or processing Modbus registers: A Modbus Exception Occurred - See Response Body
[2024-12-10T05:48:39.240Z] Error reading register 6507 for IP 10.30.4.128: A Modbus Exception Occurred - See Response Body
[2024-12-10T05:48:39.241Z] Error reading actual data: A Modbus Exception Occurred - See Response Body
[2024-12-10T05:48:39.241Z] Error writing to Modbus register: A Modbus Exception Occurred - See Response Body
[2024-12-10T05:48:40.238Z] Error reading or processing Modbus registers: A Modbus Exception Occurred - See Response Body
[2024-12-10T05:48:40.240Z] Error reading register 6507 for IP 10.30.4.128: A Modbus Exception Occurred - See Response Body
[2024-12-10T05:48:40.241Z] Error reading actual data: A Modbus Exception Occurred - See Response Body
[2024-12-10T05:48:40.242Z] Error writing to Modbus register: A Modbus Exception Occurred - See Response Body
[2024-12-10T05:48:41.240Z] Error reading or processing Modbus registers: A Modbus Exception Occurred - See Response Body
[2024-12-10T05:48:41.243Z] Error reading register 6507 for IP 10.30.4.128: A Modbus Exception Occurred - See Response Body
[2024-12-10T05:48:41.244Z] Error reading actual data: A Modbus Exception Occurred - See Response Body
[2024-12-10T05:48:41.244Z] Error writing to Modbus register: A Modbus Exception Occurred - See Response Body
[2024-12-10T05:48:42.240Z] Error reading or processing Modbus registers: A Modbus Exception Occurred - See Response Body
[2024-12-10T05:48:42.243Z] Error reading register 6507 for IP 10.30.4.128: A Modbus Exception Occurred - See Response Body
[2024-12-10T05:48:42.243Z] Error reading actual data: A Modbus Exception Occurred - See Response Body
[2024-12-10T05:48:42.244Z] Error writing to Modbus register: A Modbus Exception Occurred - See Response Body
[2024-12-10T05:48:43.243Z] Error reading or processing Modbus registers: A Modbus Exception Occurred - See Response Body
[2024-12-10T05:48:43.245Z] Error reading register 6507 for IP 10.30.4.128: A Modbus Exception Occurred - See Response Body
[2024-12-10T05:48:43.246Z] Error reading actual data: A Modbus Exception Occurred - See Response Body
[2024-12-10T05:48:43.247Z] Error writing to Modbus register: A Modbus Exception Occurred - See Response Body
[2024-12-10T05:48:44.243Z] Error reading or processing Modbus registers: A Modbus Exception Occurred - See Response Body
[2024-12-10T05:48:44.245Z] Error reading register 6507 for IP 10.30.4.128: A Modbus Exception Occurred - See Response Body
[2024-12-10T05:48:44.246Z] Error reading actual data: A Modbus Exception Occurred - See Response Body
[2024-12-10T05:48:44.247Z] Error writing to Modbus register: A Modbus Exception Occurred - See Response Body
[2024-12-10T05:48:45.243Z] Error reading or processing Modbus registers: A Modbus Exception Occurred - See Response Body
[2024-12-10T05:48:45.245Z] Error reading register 6507 for IP 10.30.4.128: A Modbus Exception Occurred - See Response Body
[2024-12-10T05:48:45.247Z] Error reading actual data: A Modbus Exception Occurred - See Response Body
[2024-12-10T05:48:45.247Z] Error writing to Modbus register: A Modbus Exception Occurred - See Response Body
[2024-12-10T05:48:46.246Z] Error reading or processing Modbus registers: A Modbus Exception Occurred - See Response Body
[2024-12-10T05:48:46.249Z] Error reading register 6507 for IP 10.30.4.128: A Modbus Exception Occurred - See Response Body
[2024-12-10T05:48:46.250Z] Error reading actual data: A Modbus Exception Occurred - See Response Body
[2024-12-10T05:48:46.250Z] Error writing to Modbus register: A Modbus Exception Occurred - See Response Body
[2024-12-10T05:48:47.248Z] Error reading or processing Modbus registers: A Modbus Exception Occurred - See Response Body
[2024-12-10T05:48:47.250Z] Error reading register 6507 for IP 10.30.4.128: A Modbus Exception Occurred - See Response Body
[2024-12-10T05:48:47.251Z] Error reading actual data: A Modbus Exception Occurred - See Response Body
[2024-12-10T05:48:47.251Z] Error writing to Modbus register: A Modbus Exception Occurred - See Response Body
[2024-12-10T05:48:48.260Z] Error reading or processing Modbus registers: A Modbus Exception Occurred - See Response Body
[2024-12-10T05:48:48.263Z] Error reading register 6507 for IP 10.30.4.128: A Modbus Exception Occurred - See Response Body
[2024-12-10T05:48:48.263Z] Error reading actual data: A Modbus Exception Occurred - See Response Body
[2024-12-10T05:48:48.264Z] Error writing to Modbus register: A Modbus Exception Occurred - See Response Body
[2024-12-10T05:48:49.274Z] Error reading or processing Modbus registers: A Modbus Exception Occurred - See Response Body
[2024-12-10T05:48:49.277Z] Error reading register 6507 for IP 10.30.4.128: A Modbus Exception Occurred - See Response Body
[2024-12-10T05:48:49.278Z] Error reading actual data: A Modbus Exception Occurred - See Response Body
[2024-12-10T05:48:49.278Z] Error writing to Modbus register: A Modbus Exception Occurred - See Response Body
[2024-12-10T05:48:50.275Z] Error reading or processing Modbus registers: A Modbus Exception Occurred - See Response Body
[2024-12-10T05:48:50.278Z] Error reading register 6507 for IP 10.30.4.128: A Modbus Exception Occurred - See Response Body
[2024-12-10T05:48:50.279Z] Error reading actual data: A Modbus Exception Occurred - See Response Body
[2024-12-10T05:48:50.279Z] Error writing to Modbus register: A Modbus Exception Occurred - See Response Body
[2024-12-10T05:48:51.278Z] Error reading or processing Modbus registers: A Modbus Exception Occurred - See Response Body
[2024-12-10T05:48:51.280Z] Error reading register 6507 for IP 10.30.4.128: A Modbus Exception Occurred - See Response Body
[2024-12-10T05:48:51.280Z] Error reading actual data: A Modbus Exception Occurred - See Response Body
[2024-12-10T05:48:51.281Z] Error writing to Modbus register: A Modbus Exception Occurred - See Response Body
[2024-12-10T05:48:52.282Z] Error reading or processing Modbus registers: A Modbus Exception Occurred - See Response Body
[2024-12-10T05:48:52.284Z] Error reading register 6507 for IP 10.30.4.128: A Modbus Exception Occurred - See Response Body
[2024-12-10T05:48:52.284Z] Error reading actual data: A Modbus Exception Occurred - See Response Body
[2024-12-10T05:48:52.285Z] Error writing to Modbus register: A Modbus Exception Occurred - See Response Body
[2024-12-10T05:48:53.296Z] Error reading or processing Modbus registers: A Modbus Exception Occurred - See Response Body
[2024-12-10T05:48:53.298Z] Error reading register 6507 for IP 10.30.4.128: A Modbus Exception Occurred - See Response Body
[2024-12-10T05:48:53.299Z] Error reading actual data: A Modbus Exception Occurred - See Response Body
[2024-12-10T05:48:53.300Z] Error writing to Modbus register: A Modbus Exception Occurred - See Response Body
[2024-12-10T05:48:54.310Z] Error reading or processing Modbus registers: A Modbus Exception Occurred - See Response Body
[2024-12-10T05:48:54.312Z] Error reading register 6507 for IP 10.30.4.128: A Modbus Exception Occurred - See Response Body
[2024-12-10T05:48:54.312Z] Error reading actual data: A Modbus Exception Occurred - See Response Body
[2024-12-10T05:48:54.313Z] Error writing to Modbus register: A Modbus Exception Occurred - See Response Body
[2024-12-10T05:48:55.310Z] Error reading or processing Modbus registers: A Modbus Exception Occurred - See Response Body
[2024-12-10T05:48:55.312Z] Error reading register 6507 for IP 10.30.4.128: A Modbus Exception Occurred - See Response Body
[2024-12-10T05:48:55.312Z] Error reading actual data: A Modbus Exception Occurred - See Response Body
[2024-12-10T05:48:55.313Z] Error writing to Modbus register: A Modbus Exception Occurred - See Response Body
[2024-12-10T05:48:56.323Z] Error reading or processing Modbus registers: A Modbus Exception Occurred - See Response Body
[2024-12-10T05:48:56.325Z] Error reading register 6507 for IP 10.30.4.128: A Modbus Exception Occurred - See Response Body
[2024-12-10T05:48:56.326Z] Error reading actual data: A Modbus Exception Occurred - See Response Body
[2024-12-10T05:48:56.326Z] Error writing to Modbus register: A Modbus Exception Occurred - See Response Body
[2024-12-10T05:48:57.336Z] Error reading or processing Modbus registers: A Modbus Exception Occurred - See Response Body
[2024-12-10T05:48:57.338Z] Error reading register 6507 for IP 10.30.4.128: A Modbus Exception Occurred - See Response Body
[2024-12-10T05:48:57.339Z] Error reading actual data: A Modbus Exception Occurred - See Response Body
[2024-12-10T05:48:57.339Z] Error writing to Modbus register: A Modbus Exception Occurred - See Response Body
[2024-12-10T05:48:58.339Z] Error reading or processing Modbus registers: A Modbus Exception Occurred - See Response Body
[2024-12-10T05:48:58.340Z] Error reading register 6507 for IP 10.30.4.128: A Modbus Exception Occurred - See Response Body
[2024-12-10T05:48:58.341Z] Error reading actual data: A Modbus Exception Occurred - See Response Body
[2024-12-10T05:48:58.341Z] Error writing to Modbus register: A Modbus Exception Occurred - See Response Body
[2024-12-10T05:48:59.342Z] Error reading or processing Modbus registers: A Modbus Exception Occurred - See Response Body
[2024-12-10T05:48:59.344Z] Error reading register 6507 for IP 10.30.4.128: A Modbus Exception Occurred - See Response Body
[2024-12-10T05:48:59.345Z] Error reading actual data: A Modbus Exception Occurred - See Response Body
[2024-12-10T05:48:59.346Z] Error writing to Modbus register: A Modbus Exception Occurred - See Response Body
[2024-12-10T05:49:00.343Z] Error reading or processing Modbus registers: A Modbus Exception Occurred - See Response Body
[2024-12-10T05:49:00.345Z] Error reading register 6507 for IP 10.30.4.128: A Modbus Exception Occurred - See Response Body
[2024-12-10T05:49:00.346Z] Error reading actual data: A Modbus Exception Occurred - See Response Body
[2024-12-10T05:49:00.346Z] Error writing to Modbus register: A Modbus Exception Occurred - See Response Body
[2024-12-10T05:49:01.344Z] Error reading or processing Modbus registers: A Modbus Exception Occurred - See Response Body
[2024-12-10T05:49:01.346Z] Error reading register 6507 for IP 10.30.4.128: A Modbus Exception Occurred - See Response Body
[2024-12-10T05:49:01.346Z] Error reading actual data: A Modbus Exception Occurred - See Response Body
[2024-12-10T05:49:01.347Z] Error writing to Modbus register: A Modbus Exception Occurred - See Response Body
[2024-12-10T05:49:02.357Z] Error reading or processing Modbus registers: A Modbus Exception Occurred - See Response Body
[2024-12-10T05:49:02.359Z] Error reading register 6507 for IP 10.30.4.128: A Modbus Exception Occurred - See Response Body
[2024-12-10T05:49:02.359Z] Error reading actual data: A Modbus Exception Occurred - See Response Body
[2024-12-10T05:49:02.360Z] Error writing to Modbus register: A Modbus Exception Occurred - See Response Body
[2024-12-10T05:49:03.371Z] Error reading or processing Modbus registers: A Modbus Exception Occurred - See Response Body
[2024-12-10T05:49:03.373Z] Error reading register 6507 for IP 10.30.4.128: A Modbus Exception Occurred - See Response Body
[2024-12-10T05:49:03.374Z] Error reading actual data: A Modbus Exception Occurred - See Response Body
[2024-12-10T05:49:03.375Z] Error writing to Modbus register: A Modbus Exception Occurred - See Response Body
[2024-12-10T05:49:04.374Z] Error reading or processing Modbus registers: A Modbus Exception Occurred - See Response Body
[2024-12-10T05:49:04.376Z] Error reading register 6507 for IP 10.30.4.128: A Modbus Exception Occurred - See Response Body
[2024-12-10T05:49:04.377Z] Error reading actual data: A Modbus Exception Occurred - See Response Body
[2024-12-10T05:49:04.378Z] Error writing to Modbus register: A Modbus Exception Occurred - See Response Body
[2024-12-10T05:49:05.378Z] Error reading or processing Modbus registers: A Modbus Exception Occurred - See Response Body
[2024-12-10T05:49:05.380Z] Error reading register 6507 for IP 10.30.4.128: A Modbus Exception Occurred - See Response Body
[2024-12-10T05:49:05.381Z] Error reading actual data: A Modbus Exception Occurred - See Response Body
[2024-12-10T05:49:05.381Z] Error writing to Modbus register: A Modbus Exception Occurred - See Response Body
[2024-12-10T05:49:06.379Z] Error reading or processing Modbus registers: A Modbus Exception Occurred - See Response Body
[2024-12-10T05:49:06.381Z] Error reading register 6507 for IP 10.30.4.128: A Modbus Exception Occurred - See Response Body
[2024-12-10T05:49:06.382Z] Error reading actual data: A Modbus Exception Occurred - See Response Body
[2024-12-10T05:49:06.383Z] Error writing to Modbus register: A Modbus Exception Occurred - See Response Body
[2024-12-10T05:49:07.393Z] Error reading or processing Modbus registers: A Modbus Exception Occurred - See Response Body
[2024-12-10T05:49:07.395Z] Error reading register 6507 for IP 10.30.4.128: A Modbus Exception Occurred - See Response Body
[2024-12-10T05:49:07.396Z] Error reading actual data: A Modbus Exception Occurred - See Response Body
[2024-12-10T05:49:07.397Z] Error writing to Modbus register: A Modbus Exception Occurred - See Response Body
[2024-12-10T05:49:08.399Z] Error reading or processing Modbus registers: A Modbus Exception Occurred - See Response Body
[2024-12-10T05:49:08.402Z] Error reading register 6507 for IP 10.30.4.128: A Modbus Exception Occurred - See Response Body
[2024-12-10T05:49:08.402Z] Error reading actual data: A Modbus Exception Occurred - See Response Body
[2024-12-10T05:49:08.403Z] Error writing to Modbus register: A Modbus Exception Occurred - See Response Body
[2024-12-10T05:49:09.399Z] Error reading or processing Modbus registers: A Modbus Exception Occurred - See Response Body
[2024-12-10T05:49:09.401Z] Error reading register 6507 for IP 10.30.4.128: A Modbus Exception Occurred - See Response Body
[2024-12-10T05:49:09.402Z] Error reading actual data: A Modbus Exception Occurred - See Response Body
[2024-12-10T05:49:09.403Z] Error writing to Modbus register: A Modbus Exception Occurred - See Response Body
[2024-12-10T05:49:10.400Z] Error reading or processing Modbus registers: A Modbus Exception Occurred - See Response Body
[2024-12-10T05:49:10.402Z] Error reading register 6507 for IP 10.30.4.128: A Modbus Exception Occurred - See Response Body
[2024-12-10T05:49:10.403Z] Error reading actual data: A Modbus Exception Occurred - See Response Body
[2024-12-10T05:49:10.404Z] Error writing to Modbus register: A Modbus Exception Occurred - See Response Body
[2024-12-10T05:49:11.415Z] Error reading or processing Modbus registers: A Modbus Exception Occurred - See Response Body
[2024-12-10T05:49:11.417Z] Error reading register 6507 for IP 10.30.4.128: A Modbus Exception Occurred - See Response Body
[2024-12-10T05:49:11.418Z] Error reading actual data: A Modbus Exception Occurred - See Response Body
[2024-12-10T05:49:11.418Z] Error writing to Modbus register: A Modbus Exception Occurred - See Response Body
[2024-12-10T05:49:12.418Z] Error reading or processing Modbus registers: A Modbus Exception Occurred - See Response Body
[2024-12-10T05:49:12.421Z] Error reading register 6507 for IP 10.30.4.128: A Modbus Exception Occurred - See Response Body
[2024-12-10T05:49:12.421Z] Error reading actual data: A Modbus Exception Occurred - See Response Body
[2024-12-10T05:49:12.422Z] Error writing to Modbus register: A Modbus Exception Occurred - See Response Body
[2024-12-10T05:49:13.434Z] Error reading or processing Modbus registers: A Modbus Exception Occurred - See Response Body
[2024-12-10T05:49:13.436Z] Error reading register 6507 for IP 10.30.4.128: A Modbus Exception Occurred - See Response Body
[2024-12-10T05:49:13.437Z] Error reading actual data: A Modbus Exception Occurred - See Response Body
[2024-12-10T05:49:13.437Z] Error writing to Modbus register: A Modbus Exception Occurred - See Response Body
[2024-12-10T05:49:14.447Z] Error reading or processing Modbus registers: A Modbus Exception Occurred - See Response Body
[2024-12-10T05:49:14.450Z] Error reading register 6507 for IP 10.30.4.128: A Modbus Exception Occurred - See Response Body
[2024-12-10T05:49:14.450Z] Error reading actual data: A Modbus Exception Occurred - See Response Body
[2024-12-10T05:49:14.451Z] Error writing to Modbus register: A Modbus Exception Occurred - See Response Body
[2024-12-10T05:49:15.449Z] Error reading or processing Modbus registers: A Modbus Exception Occurred - See Response Body
[2024-12-10T05:49:15.452Z] Error reading register 6507 for IP 10.30.4.128: A Modbus Exception Occurred - See Response Body
[2024-12-10T05:49:15.453Z] Error reading actual data: A Modbus Exception Occurred - See Response Body
[2024-12-10T05:49:15.453Z] Error writing to Modbus register: A Modbus Exception Occurred - See Response Body
[2024-12-10T05:49:16.450Z] Error reading or processing Modbus registers: A Modbus Exception Occurred - See Response Body
[2024-12-10T05:49:16.452Z] Error reading register 6507 for IP 10.30.4.128: A Modbus Exception Occurred - See Response Body
[2024-12-10T05:49:16.453Z] Error reading actual data: A Modbus Exception Occurred - See Response Body
[2024-12-10T05:49:16.454Z] Error writing to Modbus register: A Modbus Exception Occurred - See Response Body
[2024-12-10T05:49:17.458Z] Error reading or processing Modbus registers: A Modbus Exception Occurred - See Response Body
[2024-12-10T05:49:17.461Z] Error reading register 6507 for IP 10.30.4.128: A Modbus Exception Occurred - See Response Body
[2024-12-10T05:49:17.462Z] Error reading actual data: A Modbus Exception Occurred - See Response Body
[2024-12-10T05:49:17.462Z] Error writing to Modbus register: A Modbus Exception Occurred - See Response Body
[2024-12-10T05:49:18.471Z] Error reading or processing Modbus registers: A Modbus Exception Occurred - See Response Body
[2024-12-10T05:49:18.474Z] Error reading register 6507 for IP 10.30.4.128: A Modbus Exception Occurred - See Response Body
[2024-12-10T05:49:18.474Z] Error reading actual data: A Modbus Exception Occurred - See Response Body
[2024-12-10T05:49:18.475Z] Error writing to Modbus register: A Modbus Exception Occurred - See Response Body
[2024-12-10T05:49:19.474Z] Error reading or processing Modbus registers: A Modbus Exception Occurred - See Response Body
[2024-12-10T05:49:19.476Z] Error reading register 6507 for IP 10.30.4.128: A Modbus Exception Occurred - See Response Body
[2024-12-10T05:49:19.477Z] Error reading actual data: A Modbus Exception Occurred - See Response Body
[2024-12-10T05:49:19.478Z] Error writing to Modbus register: A Modbus Exception Occurred - See Response Body
[2024-12-10T05:49:20.480Z] Error reading or processing Modbus registers: A Modbus Exception Occurred - See Response Body
[2024-12-10T05:49:20.482Z] Error reading register 6507 for IP 10.30.4.128: A Modbus Exception Occurred - See Response Body
[2024-12-10T05:49:20.482Z] Error reading actual data: A Modbus Exception Occurred - See Response Body
[2024-12-10T05:49:20.483Z] Error writing to Modbus register: A Modbus Exception Occurred - See Response Body
[2024-12-10T05:49:21.493Z] Error reading or processing Modbus registers: A Modbus Exception Occurred - See Response Body
[2024-12-10T05:49:21.496Z] Error reading register 6507 for IP 10.30.4.128: A Modbus Exception Occurred - See Response Body
[2024-12-10T05:49:21.496Z] Error reading actual data: A Modbus Exception Occurred - See Response Body
[2024-12-10T05:49:21.499Z] Error writing to Modbus register: A Modbus Exception Occurred - See Response Body
[2024-12-10T05:49:22.508Z] Error reading or processing Modbus registers: A Modbus Exception Occurred - See Response Body
[2024-12-10T05:49:22.510Z] Error reading register 6507 for IP 10.30.4.128: A Modbus Exception Occurred - See Response Body
[2024-12-10T05:49:22.510Z] Error reading actual data: A Modbus Exception Occurred - See Response Body
[2024-12-10T05:49:22.511Z] Error writing to Modbus register: A Modbus Exception Occurred - See Response Body
[2024-12-10T05:49:23.522Z] Error reading or processing Modbus registers: A Modbus Exception Occurred - See Response Body
[2024-12-10T05:49:23.524Z] Error reading register 6507 for IP 10.30.4.128: A Modbus Exception Occurred - See Response Body
[2024-12-10T05:49:23.524Z] Error reading actual data: A Modbus Exception Occurred - See Response Body
[2024-12-10T05:49:23.525Z] Error writing to Modbus register: A Modbus Exception Occurred - See Response Body
[2024-12-10T05:49:24.534Z] Error reading or processing Modbus registers: A Modbus Exception Occurred - See Response Body
[2024-12-10T05:49:24.537Z] Error reading register 6507 for IP 10.30.4.128: A Modbus Exception Occurred - See Response Body
[2024-12-10T05:49:24.537Z] Error reading actual data: A Modbus Exception Occurred - See Response Body
[2024-12-10T05:49:24.538Z] Error writing to Modbus register: A Modbus Exception Occurred - See Response Body
[2024-12-10T05:49:25.535Z] Error reading or processing Modbus registers: A Modbus Exception Occurred - See Response Body
[2024-12-10T05:49:25.537Z] Error reading register 6507 for IP 10.30.4.128: A Modbus Exception Occurred - See Response Body
[2024-12-10T05:49:25.537Z] Error reading actual data: A Modbus Exception Occurred - See Response Body
[2024-12-10T05:49:25.538Z] Error writing to Modbus register: A Modbus Exception Occurred - See Response Body
[2024-12-10T05:49:26.538Z] Error reading or processing Modbus registers: A Modbus Exception Occurred - See Response Body
[2024-12-10T05:49:26.540Z] Error reading register 6507 for IP 10.30.4.128: A Modbus Exception Occurred - See Response Body
[2024-12-10T05:49:26.540Z] Error reading actual data: A Modbus Exception Occurred - See Response Body
[2024-12-10T05:49:26.541Z] Error writing to Modbus register: A Modbus Exception Occurred - See Response Body
[2024-12-10T05:49:27.553Z] Error reading or processing Modbus registers: A Modbus Exception Occurred - See Response Body
[2024-12-10T05:49:27.555Z] Error reading register 6507 for IP 10.30.4.128: A Modbus Exception Occurred - See Response Body
[2024-12-10T05:49:27.556Z] Error reading actual data: A Modbus Exception Occurred - See Response Body
[2024-12-10T05:49:27.557Z] Error writing to Modbus register: A Modbus Exception Occurred - See Response Body
[2024-12-10T05:49:28.554Z] Error reading or processing Modbus registers: A Modbus Exception Occurred - See Response Body
[2024-12-10T05:49:28.557Z] Error reading register 6507 for IP 10.30.4.128: A Modbus Exception Occurred - See Response Body
[2024-12-10T05:49:28.558Z] Error reading actual data: A Modbus Exception Occurred - See Response Body
[2024-12-10T05:49:28.559Z] Error writing to Modbus register: A Modbus Exception Occurred - See Response Body
[2024-12-10T05:49:29.567Z] Error reading or processing Modbus registers: A Modbus Exception Occurred - See Response Body
[2024-12-10T05:49:29.569Z] Error reading register 6507 for IP 10.30.4.128: A Modbus Exception Occurred - See Response Body
[2024-12-10T05:49:29.570Z] Error reading actual data: A Modbus Exception Occurred - See Response Body
[2024-12-10T05:49:29.570Z] Error writing to Modbus register: A Modbus Exception Occurred - See Response Body
[2024-12-10T05:49:30.582Z] Error reading or processing Modbus registers: A Modbus Exception Occurred - See Response Body
[2024-12-10T05:49:30.584Z] Error reading register 6507 for IP 10.30.4.128: A Modbus Exception Occurred - See Response Body
[2024-12-10T05:49:30.585Z] Error reading actual data: A Modbus Exception Occurred - See Response Body
[2024-12-10T05:49:30.585Z] Error writing to Modbus register: A Modbus Exception Occurred - See Response Body
[2024-12-10T05:49:31.582Z] Error reading or processing Modbus registers: A Modbus Exception Occurred - See Response Body
[2024-12-10T05:49:31.584Z] Error reading register 6507 for IP 10.30.4.128: A Modbus Exception Occurred - See Response Body
[2024-12-10T05:49:31.585Z] Error reading actual data: A Modbus Exception Occurred - See Response Body
[2024-12-10T05:49:31.585Z] Error writing to Modbus register: A Modbus Exception Occurred - See Response Body
[2024-12-10T05:49:32.584Z] Error reading or processing Modbus registers: A Modbus Exception Occurred - See Response Body
[2024-12-10T05:49:32.586Z] Error reading register 6507 for IP 10.30.4.128: A Modbus Exception Occurred - See Response Body
[2024-12-10T05:49:32.587Z] Error reading actual data: A Modbus Exception Occurred - See Response Body
[2024-12-10T05:49:32.588Z] Error writing to Modbus register: A Modbus Exception Occurred - See Response Body
[2024-12-10T05:49:33.599Z] Error reading or processing Modbus registers: A Modbus Exception Occurred - See Response Body
[2024-12-10T05:49:33.601Z] Error reading register 6507 for IP 10.30.4.128: A Modbus Exception Occurred - See Response Body
[2024-12-10T05:49:33.602Z] Error reading actual data: A Modbus Exception Occurred - See Response Body
[2024-12-10T05:49:33.602Z] Error writing to Modbus register: A Modbus Exception Occurred - See Response Body
[2024-12-10T05:49:34.598Z] Error reading or processing Modbus registers: A Modbus Exception Occurred - See Response Body
[2024-12-10T05:49:34.601Z] Error reading register 6507 for IP 10.30.4.128: A Modbus Exception Occurred - See Response Body
[2024-12-10T05:49:34.602Z] Error reading actual data: A Modbus Exception Occurred - See Response Body
[2024-12-10T05:49:34.603Z] Error writing to Modbus register: A Modbus Exception Occurred - See Response Body
[2024-12-10T05:49:35.603Z] Error reading or processing Modbus registers: A Modbus Exception Occurred - See Response Body
[2024-12-10T05:49:35.606Z] Error reading register 6507 for IP 10.30.4.128: A Modbus Exception Occurred - See Response Body
[2024-12-10T05:49:35.606Z] Error reading actual data: A Modbus Exception Occurred - See Response Body
[2024-12-10T05:49:35.607Z] Error writing to Modbus register: A Modbus Exception Occurred - See Response Body
[2024-12-10T05:49:36.605Z] Error reading or processing Modbus registers: A Modbus Exception Occurred - See Response Body
[2024-12-10T05:49:36.608Z] Error reading register 6507 for IP 10.30.4.128: A Modbus Exception Occurred - See Response Body
[2024-12-10T05:49:36.609Z] Error reading actual data: A Modbus Exception Occurred - See Response Body
[2024-12-10T05:49:36.609Z] Error writing to Modbus register: A Modbus Exception Occurred - See Response Body
[2024-12-10T05:49:37.619Z] Error reading or processing Modbus registers: A Modbus Exception Occurred - See Response Body
[2024-12-10T05:49:37.621Z] Error reading register 6507 for IP 10.30.4.128: A Modbus Exception Occurred - See Response Body
[2024-12-10T05:49:37.622Z] Error reading actual data: A Modbus Exception Occurred - See Response Body
[2024-12-10T05:49:37.622Z] Error writing to Modbus register: A Modbus Exception Occurred - See Response Body
[2024-12-10T05:49:38.623Z] Error reading or processing Modbus registers: A Modbus Exception Occurred - See Response Body
[2024-12-10T05:49:38.626Z] Error reading register 6507 for IP 10.30.4.128: A Modbus Exception Occurred - See Response Body
[2024-12-10T05:49:38.627Z] Error reading actual data: A Modbus Exception Occurred - See Response Body
[2024-12-10T05:49:38.627Z] Error writing to Modbus register: A Modbus Exception Occurred - See Response Body
[2024-12-10T05:49:39.634Z] Error reading or processing Modbus registers: A Modbus Exception Occurred - See Response Body
[2024-12-10T05:49:39.636Z] Error reading register 6507 for IP 10.30.4.128: A Modbus Exception Occurred - See Response Body
[2024-12-10T05:49:39.637Z] Error reading actual data: A Modbus Exception Occurred - See Response Body
[2024-12-10T05:49:39.638Z] Error writing to Modbus register: A Modbus Exception Occurred - See Response Body
[2024-12-10T05:49:40.638Z] Error reading or processing Modbus registers: A Modbus Exception Occurred - See Response Body
[2024-12-10T05:49:40.640Z] Error reading register 6507 for IP 10.30.4.128: A Modbus Exception Occurred - See Response Body
[2024-12-10T05:49:40.641Z] Error reading actual data: A Modbus Exception Occurred - See Response Body
[2024-12-10T05:49:40.641Z] Error writing to Modbus register: A Modbus Exception Occurred - See Response Body
[2024-12-10T05:49:41.638Z] Error reading or processing Modbus registers: A Modbus Exception Occurred - See Response Body
[2024-12-10T05:49:41.640Z] Error reading register 6507 for IP 10.30.4.128: A Modbus Exception Occurred - See Response Body
[2024-12-10T05:49:41.641Z] Error reading actual data: A Modbus Exception Occurred - See Response Body
[2024-12-10T05:49:41.641Z] Error writing to Modbus register: A Modbus Exception Occurred - See Response Body
[2024-12-10T05:49:42.653Z] Error reading or processing Modbus registers: A Modbus Exception Occurred - See Response Body
[2024-12-10T05:49:42.655Z] Error reading register 6507 for IP 10.30.4.128: A Modbus Exception Occurred - See Response Body
[2024-12-10T05:49:42.656Z] Error reading actual data: A Modbus Exception Occurred - See Response Body
[2024-12-10T05:49:42.657Z] Error writing to Modbus register: A Modbus Exception Occurred - See Response Body
[2024-12-10T05:49:43.666Z] Error reading or processing Modbus registers: A Modbus Exception Occurred - See Response Body
[2024-12-10T05:49:43.669Z] Error reading register 6507 for IP 10.30.4.128: A Modbus Exception Occurred - See Response Body
[2024-12-10T05:49:43.669Z] Error reading actual data: A Modbus Exception Occurred - See Response Body
[2024-12-10T05:49:43.670Z] Error writing to Modbus register: A Modbus Exception Occurred - See Response Body
[2024-12-10T05:49:44.667Z] Error reading or processing Modbus registers: A Modbus Exception Occurred - See Response Body
[2024-12-10T05:49:44.670Z] Error reading register 6507 for IP 10.30.4.128: A Modbus Exception Occurred - See Response Body
[2024-12-10T05:49:44.670Z] Error reading actual data: A Modbus Exception Occurred - See Response Body
[2024-12-10T05:49:44.671Z] Error writing to Modbus register: A Modbus Exception Occurred - See Response Body
[2024-12-10T05:49:45.668Z] Error reading or processing Modbus registers: A Modbus Exception Occurred - See Response Body
[2024-12-10T05:49:45.670Z] Error reading register 6507 for IP 10.30.4.128: A Modbus Exception Occurred - See Response Body
[2024-12-10T05:49:45.671Z] Error reading actual data: A Modbus Exception Occurred - See Response Body
[2024-12-10T05:49:45.672Z] Error writing to Modbus register: A Modbus Exception Occurred - See Response Body
[2024-12-10T05:49:46.670Z] Error reading or processing Modbus registers: A Modbus Exception Occurred - See Response Body
[2024-12-10T05:49:46.672Z] Error reading register 6507 for IP 10.30.4.128: A Modbus Exception Occurred - See Response Body
[2024-12-10T05:49:46.672Z] Error reading actual data: A Modbus Exception Occurred - See Response Body
[2024-12-10T05:49:46.673Z] Error writing to Modbus register: A Modbus Exception Occurred - See Response Body
[2024-12-10T05:49:47.675Z] Error reading or processing Modbus registers: A Modbus Exception Occurred - See Response Body
[2024-12-10T05:49:47.677Z] Error reading register 6507 for IP 10.30.4.128: A Modbus Exception Occurred - See Response Body
[2024-12-10T05:49:47.678Z] Error reading actual data: A Modbus Exception Occurred - See Response Body
[2024-12-10T05:49:47.679Z] Error writing to Modbus register: A Modbus Exception Occurred - See Response Body
[2024-12-10T05:49:48.686Z] Error reading or processing Modbus registers: A Modbus Exception Occurred - See Response Body
[2024-12-10T05:49:48.691Z] Error reading register 6507 for IP 10.30.4.128: A Modbus Exception Occurred - See Response Body
[2024-12-10T05:49:48.691Z] Error reading actual data: A Modbus Exception Occurred - See Response Body
[2024-12-10T05:49:48.692Z] Error writing to Modbus register: A Modbus Exception Occurred - See Response Body
[2024-12-10T05:49:49.692Z] Error reading or processing Modbus registers: A Modbus Exception Occurred - See Response Body
[2024-12-10T05:49:49.694Z] Error reading register 6507 for IP 10.30.4.128: A Modbus Exception Occurred - See Response Body
[2024-12-10T05:49:49.694Z] Error reading actual data: A Modbus Exception Occurred - See Response Body
[2024-12-10T05:49:49.695Z] Error writing to Modbus register: A Modbus Exception Occurred - See Response Body
[2024-12-10T05:49:50.708Z] Error reading or processing Modbus registers: A Modbus Exception Occurred - See Response Body
[2024-12-10T05:49:50.709Z] Error reading register 6507 for IP 10.30.4.128: A Modbus Exception Occurred - See Response Body
[2024-12-10T05:49:50.710Z] Error reading actual data: A Modbus Exception Occurred - See Response Body
[2024-12-10T05:49:50.710Z] Error writing to Modbus register: A Modbus Exception Occurred - See Response Body
[2024-12-10T05:49:51.721Z] Error reading or processing Modbus registers: A Modbus Exception Occurred - See Response Body
[2024-12-10T05:49:51.723Z] Error reading register 6507 for IP 10.30.4.128: A Modbus Exception Occurred - See Response Body
[2024-12-10T05:49:51.724Z] Error reading actual data: A Modbus Exception Occurred - See Response Body
[2024-12-10T05:49:51.725Z] Error writing to Modbus register: A Modbus Exception Occurred - See Response Body
[2024-12-10T05:49:52.736Z] Error reading or processing Modbus registers: A Modbus Exception Occurred - See Response Body
[2024-12-10T05:49:52.739Z] Error reading register 6507 for IP 10.30.4.128: A Modbus Exception Occurred - See Response Body
[2024-12-10T05:49:52.739Z] Error reading actual data: A Modbus Exception Occurred - See Response Body
[2024-12-10T05:49:52.740Z] Error writing to Modbus register: A Modbus Exception Occurred - See Response Body
[2024-12-10T05:49:53.737Z] Error reading or processing Modbus registers: A Modbus Exception Occurred - See Response Body
[2024-12-10T05:49:53.739Z] Error reading register 6507 for IP 10.30.4.128: A Modbus Exception Occurred - See Response Body
[2024-12-10T05:49:53.740Z] Error reading actual data: A Modbus Exception Occurred - See Response Body
[2024-12-10T05:49:53.741Z] Error writing to Modbus register: A Modbus Exception Occurred - See Response Body
[2024-12-10T05:49:54.740Z] Error reading or processing Modbus registers: A Modbus Exception Occurred - See Response Body
[2024-12-10T05:49:54.743Z] Error reading register 6507 for IP 10.30.4.128: A Modbus Exception Occurred - See Response Body
[2024-12-10T05:49:54.743Z] Error reading actual data: A Modbus Exception Occurred - See Response Body
[2024-12-10T05:49:54.744Z] Error writing to Modbus register: A Modbus Exception Occurred - See Response Body
[2024-12-10T05:49:55.754Z] Error reading or processing Modbus registers: A Modbus Exception Occurred - See Response Body
[2024-12-10T05:49:55.756Z] Error reading register 6507 for IP 10.30.4.128: A Modbus Exception Occurred - See Response Body
[2024-12-10T05:49:55.757Z] Error reading actual data: A Modbus Exception Occurred - See Response Body
[2024-12-10T05:49:55.757Z] Error writing to Modbus register: A Modbus Exception Occurred - See Response Body
[2024-12-10T05:49:56.754Z] Error reading or processing Modbus registers: A Modbus Exception Occurred - See Response Body
[2024-12-10T05:49:56.757Z] Error reading register 6507 for IP 10.30.4.128: A Modbus Exception Occurred - See Response Body
[2024-12-10T05:49:56.758Z] Error reading actual data: A Modbus Exception Occurred - See Response Body
[2024-12-10T05:49:56.758Z] Error writing to Modbus register: A Modbus Exception Occurred - See Response Body
[2024-12-10T05:49:57.767Z] Error reading or processing Modbus registers: A Modbus Exception Occurred - See Response Body
[2024-12-10T05:49:57.769Z] Error reading register 6507 for IP 10.30.4.128: A Modbus Exception Occurred - See Response Body
[2024-12-10T05:49:57.770Z] Error reading actual data: A Modbus Exception Occurred - See Response Body
[2024-12-10T05:49:57.770Z] Error writing to Modbus register: A Modbus Exception Occurred - See Response Body
[2024-12-10T05:49:58.769Z] Error reading or processing Modbus registers: A Modbus Exception Occurred - See Response Body
[2024-12-10T05:49:58.770Z] Error reading register 6507 for IP 10.30.4.128: A Modbus Exception Occurred - See Response Body
[2024-12-10T05:49:58.771Z] Error reading actual data: A Modbus Exception Occurred - See Response Body
[2024-12-10T05:49:58.771Z] Error writing to Modbus register: A Modbus Exception Occurred - See Response Body
[2024-12-10T05:49:59.773Z] Error reading or processing Modbus registers: A Modbus Exception Occurred - See Response Body
[2024-12-10T05:49:59.776Z] Error reading register 6507 for IP 10.30.4.128: A Modbus Exception Occurred - See Response Body
[2024-12-10T05:49:59.776Z] Error reading actual data: A Modbus Exception Occurred - See Response Body
[2024-12-10T05:49:59.777Z] Error writing to Modbus register: A Modbus Exception Occurred - See Response Body
[2024-12-10T05:50:00.783Z] Error reading or processing Modbus registers: A Modbus Exception Occurred - See Response Body
[2024-12-10T05:50:00.785Z] Error reading register 6507 for IP 10.30.4.128: A Modbus Exception Occurred - See Response Body
[2024-12-10T05:50:00.785Z] Error reading actual data: A Modbus Exception Occurred - See Response Body
[2024-12-10T05:50:00.786Z] Error writing to Modbus register: A Modbus Exception Occurred - See Response Body
[2024-12-10T05:50:01.797Z] Error reading or processing Modbus registers: A Modbus Exception Occurred - See Response Body
[2024-12-10T05:50:01.800Z] Error reading register 6507 for IP 10.30.4.128: A Modbus Exception Occurred - See Response Body
[2024-12-10T05:50:01.801Z] Error reading actual data: A Modbus Exception Occurred - See Response Body
[2024-12-10T05:50:01.801Z] Error writing to Modbus register: A Modbus Exception Occurred - See Response Body
[2024-12-10T05:50:02.810Z] Error reading or processing Modbus registers: A Modbus Exception Occurred - See Response Body
[2024-12-10T05:50:02.812Z] Error reading register 6507 for IP 10.30.4.128: A Modbus Exception Occurred - See Response Body
[2024-12-10T05:50:02.813Z] Error reading actual data: A Modbus Exception Occurred - See Response Body
[2024-12-10T05:50:02.814Z] Error writing to Modbus register: A Modbus Exception Occurred - See Response Body
[2024-12-10T05:50:03.812Z] Error reading or processing Modbus registers: A Modbus Exception Occurred - See Response Body
[2024-12-10T05:50:03.814Z] Error reading register 6507 for IP 10.30.4.128: A Modbus Exception Occurred - See Response Body
[2024-12-10T05:50:03.814Z] Error reading actual data: A Modbus Exception Occurred - See Response Body
[2024-12-10T05:50:03.815Z] Error writing to Modbus register: A Modbus Exception Occurred - See Response Body
[2024-12-10T05:50:04.825Z] Error reading or processing Modbus registers: A Modbus Exception Occurred - See Response Body
[2024-12-10T05:50:04.828Z] Error reading register 6507 for IP 10.30.4.128: A Modbus Exception Occurred - See Response Body
[2024-12-10T05:50:04.828Z] Error reading actual data: A Modbus Exception Occurred - See Response Body
[2024-12-10T05:50:04.829Z] Error writing to Modbus register: A Modbus Exception Occurred - See Response Body
[2024-12-10T05:50:05.828Z] Error reading or processing Modbus registers: A Modbus Exception Occurred - See Response Body
[2024-12-10T05:50:05.831Z] Error reading register 6507 for IP 10.30.4.128: A Modbus Exception Occurred - See Response Body
[2024-12-10T05:50:05.831Z] Error reading actual data: A Modbus Exception Occurred - See Response Body
[2024-12-10T05:50:05.832Z] Error writing to Modbus register: A Modbus Exception Occurred - See Response Body
[2024-12-10T05:50:06.841Z] Error reading or processing Modbus registers: A Modbus Exception Occurred - See Response Body
[2024-12-10T05:50:06.844Z] Error reading register 6507 for IP 10.30.4.128: A Modbus Exception Occurred - See Response Body
[2024-12-10T05:50:06.845Z] Error reading actual data: A Modbus Exception Occurred - See Response Body
[2024-12-10T05:50:06.846Z] Error writing to Modbus register: A Modbus Exception Occurred - See Response Body
[2024-12-10T05:50:07.855Z] Error reading or processing Modbus registers: A Modbus Exception Occurred - See Response Body
[2024-12-10T05:50:07.857Z] Error reading register 6507 for IP 10.30.4.128: A Modbus Exception Occurred - See Response Body
[2024-12-10T05:50:07.858Z] Error reading actual data: A Modbus Exception Occurred - See Response Body
[2024-12-10T05:50:07.858Z] Error writing to Modbus register: A Modbus Exception Occurred - See Response Body
[2024-12-10T05:50:08.860Z] Error reading or processing Modbus registers: A Modbus Exception Occurred - See Response Body
[2024-12-10T05:50:08.862Z] Error reading register 6507 for IP 10.30.4.128: A Modbus Exception Occurred - See Response Body
[2024-12-10T05:50:08.863Z] Error reading actual data: A Modbus Exception Occurred - See Response Body
[2024-12-10T05:50:08.863Z] Error writing to Modbus register: A Modbus Exception Occurred - See Response Body
[2024-12-10T05:50:09.873Z] Error reading or processing Modbus registers: A Modbus Exception Occurred - See Response Body
[2024-12-10T05:50:09.876Z] Error reading register 6507 for IP 10.30.4.128: A Modbus Exception Occurred - See Response Body
[2024-12-10T05:50:09.876Z] Error reading actual data: A Modbus Exception Occurred - See Response Body
[2024-12-10T05:50:09.877Z] Error writing to Modbus register: A Modbus Exception Occurred - See Response Body
[2024-12-10T05:50:10.884Z] Error reading or processing Modbus registers: A Modbus Exception Occurred - See Response Body
[2024-12-10T05:50:10.886Z] Error reading register 6507 for IP 10.30.4.128: A Modbus Exception Occurred - See Response Body
[2024-12-10T05:50:10.887Z] Error reading actual data: A Modbus Exception Occurred - See Response Body
[2024-12-10T05:50:10.887Z] Error writing to Modbus register: A Modbus Exception Occurred - See Response Body
[2024-12-10T05:50:11.899Z] Error reading or processing Modbus registers: A Modbus Exception Occurred - See Response Body
[2024-12-10T05:50:11.901Z] Error reading register 6507 for IP 10.30.4.128: A Modbus Exception Occurred - See Response Body
[2024-12-10T05:50:11.901Z] Error reading actual data: A Modbus Exception Occurred - See Response Body
[2024-12-10T05:50:11.902Z] Error writing to Modbus register: A Modbus Exception Occurred - See Response Body
[2024-12-10T05:50:12.913Z] Error reading or processing Modbus registers: A Modbus Exception Occurred - See Response Body
[2024-12-10T05:50:12.915Z] Error reading register 6507 for IP 10.30.4.128: A Modbus Exception Occurred - See Response Body
[2024-12-10T05:50:12.916Z] Error reading actual data: A Modbus Exception Occurred - See Response Body
[2024-12-10T05:50:12.918Z] Error writing to Modbus register: A Modbus Exception Occurred - See Response Body
[2024-12-10T05:50:13.913Z] Error reading or processing Modbus registers: A Modbus Exception Occurred - See Response Body
[2024-12-10T05:50:13.915Z] Error reading register 6507 for IP 10.30.4.128: A Modbus Exception Occurred - See Response Body
[2024-12-10T05:50:13.917Z] Error reading actual data: A Modbus Exception Occurred - See Response Body
[2024-12-10T05:50:13.917Z] Error writing to Modbus register: A Modbus Exception Occurred - See Response Body
[2024-12-10T05:50:14.914Z] Error reading or processing Modbus registers: A Modbus Exception Occurred - See Response Body
[2024-12-10T05:50:14.916Z] Error reading register 6507 for IP 10.30.4.128: A Modbus Exception Occurred - See Response Body
[2024-12-10T05:50:14.916Z] Error reading actual data: A Modbus Exception Occurred - See Response Body
[2024-12-10T05:50:14.916Z] Error writing to Modbus register: A Modbus Exception Occurred - See Response Body
[2024-12-10T05:50:15.927Z] Error reading or processing Modbus registers: A Modbus Exception Occurred - See Response Body
[2024-12-10T05:50:15.929Z] Error reading register 6507 for IP 10.30.4.128: A Modbus Exception Occurred - See Response Body
[2024-12-10T05:50:15.930Z] Error reading actual data: A Modbus Exception Occurred - See Response Body
[2024-12-10T05:50:15.930Z] Error writing to Modbus register: A Modbus Exception Occurred - See Response Body
[2024-12-10T05:50:16.930Z] Error reading or processing Modbus registers: A Modbus Exception Occurred - See Response Body
[2024-12-10T05:50:16.932Z] Error reading register 6507 for IP 10.30.4.128: A Modbus Exception Occurred - See Response Body
[2024-12-10T05:50:16.932Z] Error reading actual data: A Modbus Exception Occurred - See Response Body
[2024-12-10T05:50:16.933Z] Error writing to Modbus register: A Modbus Exception Occurred - See Response Body
[2024-12-10T05:50:17.931Z] Error reading or processing Modbus registers: A Modbus Exception Occurred - See Response Body
[2024-12-10T05:50:17.933Z] Error reading register 6507 for IP 10.30.4.128: A Modbus Exception Occurred - See Response Body
[2024-12-10T05:50:17.934Z] Error reading actual data: A Modbus Exception Occurred - See Response Body
[2024-12-10T05:50:17.934Z] Error writing to Modbus register: A Modbus Exception Occurred - See Response Body
[2024-12-10T05:50:18.946Z] Error reading or processing Modbus registers: A Modbus Exception Occurred - See Response Body
[2024-12-10T05:50:18.949Z] Error reading register 6507 for IP 10.30.4.128: A Modbus Exception Occurred - See Response Body
[2024-12-10T05:50:18.949Z] Error reading actual data: A Modbus Exception Occurred - See Response Body
[2024-12-10T05:50:18.950Z] Error writing to Modbus register: A Modbus Exception Occurred - See Response Body
[2024-12-10T05:50:19.947Z] Error reading or processing Modbus registers: A Modbus Exception Occurred - See Response Body
[2024-12-10T05:50:19.950Z] Error reading register 6507 for IP 10.30.4.128: A Modbus Exception Occurred - See Response Body
[2024-12-10T05:50:19.950Z] Error reading actual data: A Modbus Exception Occurred - See Response Body
[2024-12-10T05:50:19.951Z] Error writing to Modbus register: A Modbus Exception Occurred - See Response Body
[2024-12-10T05:50:20.949Z] Error reading or processing Modbus registers: A Modbus Exception Occurred - See Response Body
[2024-12-10T05:50:20.951Z] Error reading register 6507 for IP 10.30.4.128: A Modbus Exception Occurred - See Response Body
[2024-12-10T05:50:20.952Z] Error reading actual data: A Modbus Exception Occurred - See Response Body
[2024-12-10T05:50:20.952Z] Error writing to Modbus register: A Modbus Exception Occurred - See Response Body
[2024-12-10T05:50:21.952Z] Error reading or processing Modbus registers: A Modbus Exception Occurred - See Response Body
[2024-12-10T05:50:21.955Z] Error reading register 6507 for IP 10.30.4.128: A Modbus Exception Occurred - See Response Body
[2024-12-10T05:50:21.956Z] Error reading actual data: A Modbus Exception Occurred - See Response Body
[2024-12-10T05:50:21.956Z] Error writing to Modbus register: A Modbus Exception Occurred - See Response Body
[2024-12-10T05:50:22.967Z] Error reading or processing Modbus registers: A Modbus Exception Occurred - See Response Body
[2024-12-10T05:50:22.970Z] Error reading register 6507 for IP 10.30.4.128: A Modbus Exception Occurred - See Response Body
[2024-12-10T05:50:22.971Z] Error reading actual data: A Modbus Exception Occurred - See Response Body
[2024-12-10T05:50:22.971Z] Error writing to Modbus register: A Modbus Exception Occurred - See Response Body
[2024-12-10T05:50:23.968Z] Error reading or processing Modbus registers: A Modbus Exception Occurred - See Response Body
[2024-12-10T05:50:23.969Z] Error reading register 6507 for IP 10.30.4.128: A Modbus Exception Occurred - See Response Body
[2024-12-10T05:50:23.970Z] Error reading actual data: A Modbus Exception Occurred - See Response Body
[2024-12-10T05:50:23.970Z] Error writing to Modbus register: A Modbus Exception Occurred - See Response Body
[2024-12-10T05:50:24.979Z] Error reading or processing Modbus registers: A Modbus Exception Occurred - See Response Body
[2024-12-10T05:50:24.981Z] Error reading register 6507 for IP 10.30.4.128: A Modbus Exception Occurred - See Response Body
[2024-12-10T05:50:24.982Z] Error reading actual data: A Modbus Exception Occurred - See Response Body
[2024-12-10T05:50:24.983Z] Error writing to Modbus register: A Modbus Exception Occurred - See Response Body
[2024-12-10T05:50:25.979Z] Error reading or processing Modbus registers: A Modbus Exception Occurred - See Response Body
[2024-12-10T05:50:25.982Z] Error reading register 6507 for IP 10.30.4.128: A Modbus Exception Occurred - See Response Body
[2024-12-10T05:50:25.983Z] Error reading actual data: A Modbus Exception Occurred - See Response Body
[2024-12-10T05:50:25.983Z] Error writing to Modbus register: A Modbus Exception Occurred - See Response Body
[2024-12-10T05:50:26.981Z] Error reading or processing Modbus registers: A Modbus Exception Occurred - See Response Body
[2024-12-10T05:50:26.983Z] Error reading register 6507 for IP 10.30.4.128: A Modbus Exception Occurred - See Response Body
[2024-12-10T05:50:26.984Z] Error reading actual data: A Modbus Exception Occurred - See Response Body
[2024-12-10T05:50:26.985Z] Error writing to Modbus register: A Modbus Exception Occurred - See Response Body
[2024-12-10T05:50:27.996Z] Error reading or processing Modbus registers: A Modbus Exception Occurred - See Response Body
[2024-12-10T05:50:27.998Z] Error reading register 6507 for IP 10.30.4.128: A Modbus Exception Occurred - See Response Body
[2024-12-10T05:50:27.999Z] Error reading actual data: A Modbus Exception Occurred - See Response Body
[2024-12-10T05:50:28.000Z] Error writing to Modbus register: A Modbus Exception Occurred - See Response Body
[2024-12-10T05:50:29.010Z] Error reading or processing Modbus registers: A Modbus Exception Occurred - See Response Body
[2024-12-10T05:50:29.012Z] Error reading register 6507 for IP 10.30.4.128: A Modbus Exception Occurred - See Response Body
[2024-12-10T05:50:29.013Z] Error reading actual data: A Modbus Exception Occurred - See Response Body
[2024-12-10T05:50:29.014Z] Error writing to Modbus register: A Modbus Exception Occurred - See Response Body
[2024-12-10T05:50:30.025Z] Error reading or processing Modbus registers: A Modbus Exception Occurred - See Response Body
[2024-12-10T05:50:30.027Z] Error reading register 6507 for IP 10.30.4.128: A Modbus Exception Occurred - See Response Body
[2024-12-10T05:50:30.028Z] Error reading actual data: A Modbus Exception Occurred - See Response Body
[2024-12-10T05:50:30.028Z] Error writing to Modbus register: A Modbus Exception Occurred - See Response Body
[2024-12-10T05:50:31.027Z] Error reading or processing Modbus registers: A Modbus Exception Occurred - See Response Body
[2024-12-10T05:50:31.030Z] Error reading register 6507 for IP 10.30.4.128: A Modbus Exception Occurred - See Response Body
[2024-12-10T05:50:31.030Z] Error reading actual data: A Modbus Exception Occurred - See Response Body
[2024-12-10T05:50:31.030Z] Error writing to Modbus register: A Modbus Exception Occurred - See Response Body
[2024-12-10T05:50:32.028Z] Error reading or processing Modbus registers: A Modbus Exception Occurred - See Response Body
[2024-12-10T05:50:32.030Z] Error reading register 6507 for IP 10.30.4.128: A Modbus Exception Occurred - See Response Body
[2024-12-10T05:50:32.031Z] Error reading actual data: A Modbus Exception Occurred - See Response Body
[2024-12-10T05:50:32.031Z] Error writing to Modbus register: A Modbus Exception Occurred - See Response Body
[2024-12-10T05:50:33.040Z] Error reading or processing Modbus registers: A Modbus Exception Occurred - See Response Body
[2024-12-10T05:50:33.042Z] Error reading register 6507 for IP 10.30.4.128: A Modbus Exception Occurred - See Response Body
[2024-12-10T05:50:33.043Z] Error reading actual data: A Modbus Exception Occurred - See Response Body
[2024-12-10T05:50:33.044Z] Error writing to Modbus register: A Modbus Exception Occurred - See Response Body
[2024-12-10T05:50:34.040Z] Error reading or processing Modbus registers: A Modbus Exception Occurred - See Response Body
[2024-12-10T05:50:34.043Z] Error reading register 6507 for IP 10.30.4.128: A Modbus Exception Occurred - See Response Body
[2024-12-10T05:50:34.044Z] Error reading actual data: A Modbus Exception Occurred - See Response Body
[2024-12-10T05:50:34.044Z] Error writing to Modbus register: A Modbus Exception Occurred - See Response Body
[2024-12-10T05:50:35.055Z] Error reading or processing Modbus registers: A Modbus Exception Occurred - See Response Body
[2024-12-10T05:50:35.057Z] Error reading register 6507 for IP 10.30.4.128: A Modbus Exception Occurred - See Response Body
[2024-12-10T05:50:35.057Z] Error reading actual data: A Modbus Exception Occurred - See Response Body
[2024-12-10T05:50:35.058Z] Error writing to Modbus register: A Modbus Exception Occurred - See Response Body
[2024-12-10T05:50:36.060Z] Error reading or processing Modbus registers: A Modbus Exception Occurred - See Response Body
[2024-12-10T05:50:36.062Z] Error reading register 6507 for IP 10.30.4.128: A Modbus Exception Occurred - See Response Body
[2024-12-10T05:50:36.063Z] Error reading actual data: A Modbus Exception Occurred - See Response Body
[2024-12-10T05:50:36.063Z] Error writing to Modbus register: A Modbus Exception Occurred - See Response Body
[2024-12-10T05:50:37.075Z] Error reading or processing Modbus registers: A Modbus Exception Occurred - See Response Body
[2024-12-10T05:50:37.077Z] Error reading register 6507 for IP 10.30.4.128: A Modbus Exception Occurred - See Response Body
[2024-12-10T05:50:37.078Z] Error reading actual data: A Modbus Exception Occurred - See Response Body
[2024-12-10T05:50:37.078Z] Error writing to Modbus register: A Modbus Exception Occurred - See Response Body
[2024-12-10T05:50:38.089Z] Error reading or processing Modbus registers: A Modbus Exception Occurred - See Response Body
[2024-12-10T05:50:38.091Z] Error reading register 6507 for IP 10.30.4.128: A Modbus Exception Occurred - See Response Body
[2024-12-10T05:50:38.091Z] Error reading actual data: A Modbus Exception Occurred - See Response Body
[2024-12-10T05:50:38.092Z] Error writing to Modbus register: A Modbus Exception Occurred - See Response Body
[2024-12-10T05:50:39.104Z] Error reading or processing Modbus registers: A Modbus Exception Occurred - See Response Body
[2024-12-10T05:50:39.106Z] Error reading register 6507 for IP 10.30.4.128: A Modbus Exception Occurred - See Response Body
[2024-12-10T05:50:39.106Z] Error reading actual data: A Modbus Exception Occurred - See Response Body
[2024-12-10T05:50:39.107Z] Error writing to Modbus register: A Modbus Exception Occurred - See Response Body
[2024-12-10T05:50:40.120Z] Error reading or processing Modbus registers: A Modbus Exception Occurred - See Response Body
[2024-12-10T05:50:40.122Z] Error reading register 6507 for IP 10.30.4.128: A Modbus Exception Occurred - See Response Body
[2024-12-10T05:50:40.122Z] Error reading actual data: A Modbus Exception Occurred - See Response Body
[2024-12-10T05:50:40.123Z] Error writing to Modbus register: A Modbus Exception Occurred - See Response Body
[2024-12-10T05:50:41.132Z] Error reading or processing Modbus registers: A Modbus Exception Occurred - See Response Body
[2024-12-10T05:50:41.134Z] Error reading register 6507 for IP 10.30.4.128: A Modbus Exception Occurred - See Response Body
[2024-12-10T05:50:41.135Z] Error reading actual data: A Modbus Exception Occurred - See Response Body
[2024-12-10T05:50:41.135Z] Error writing to Modbus register: A Modbus Exception Occurred - See Response Body
[2024-12-10T05:50:42.132Z] Error reading or processing Modbus registers: A Modbus Exception Occurred - See Response Body
[2024-12-10T05:50:42.134Z] Error reading register 6507 for IP 10.30.4.128: A Modbus Exception Occurred - See Response Body
[2024-12-10T05:50:42.135Z] Error reading actual data: A Modbus Exception Occurred - See Response Body
[2024-12-10T05:50:42.135Z] Error writing to Modbus register: A Modbus Exception Occurred - See Response Body
[2024-12-10T05:50:43.147Z] Error reading or processing Modbus registers: A Modbus Exception Occurred - See Response Body
[2024-12-10T05:50:43.150Z] Error reading register 6507 for IP 10.30.4.128: A Modbus Exception Occurred - See Response Body
[2024-12-10T05:50:43.150Z] Error reading actual data: A Modbus Exception Occurred - See Response Body
[2024-12-10T05:50:43.151Z] Error writing to Modbus register: A Modbus Exception Occurred - See Response Body
[2024-12-10T05:50:44.146Z] Error reading or processing Modbus registers: A Modbus Exception Occurred - See Response Body
[2024-12-10T05:50:44.148Z] Error reading register 6507 for IP 10.30.4.128: A Modbus Exception Occurred - See Response Body
[2024-12-10T05:50:44.149Z] Error reading actual data: A Modbus Exception Occurred - See Response Body
[2024-12-10T05:50:44.150Z] Error writing to Modbus register: A Modbus Exception Occurred - See Response Body
[2024-12-10T05:50:45.151Z] Error reading or processing Modbus registers: A Modbus Exception Occurred - See Response Body
[2024-12-10T05:50:45.153Z] Error reading register 6507 for IP 10.30.4.128: A Modbus Exception Occurred - See Response Body
[2024-12-10T05:50:45.154Z] Error reading actual data: A Modbus Exception Occurred - See Response Body
[2024-12-10T05:50:45.155Z] Error writing to Modbus register: A Modbus Exception Occurred - See Response Body
[2024-12-10T05:50:46.166Z] Error reading or processing Modbus registers: A Modbus Exception Occurred - See Response Body
[2024-12-10T05:50:46.169Z] Error reading register 6507 for IP 10.30.4.128: A Modbus Exception Occurred - See Response Body
[2024-12-10T05:50:46.169Z] Error reading actual data: A Modbus Exception Occurred - See Response Body
[2024-12-10T05:50:46.170Z] Error writing to Modbus register: A Modbus Exception Occurred - See Response Body
[2024-12-10T05:50:47.168Z] Error reading or processing Modbus registers: A Modbus Exception Occurred - See Response Body
[2024-12-10T05:50:47.170Z] Error reading register 6507 for IP 10.30.4.128: A Modbus Exception Occurred - See Response Body
[2024-12-10T05:50:47.171Z] Error reading actual data: A Modbus Exception Occurred - See Response Body
[2024-12-10T05:50:47.171Z] Error writing to Modbus register: A Modbus Exception Occurred - See Response Body
[2024-12-10T05:50:48.170Z] Error reading or processing Modbus registers: A Modbus Exception Occurred - See Response Body
[2024-12-10T05:50:48.172Z] Error reading register 6507 for IP 10.30.4.128: A Modbus Exception Occurred - See Response Body
[2024-12-10T05:50:48.172Z] Error reading actual data: A Modbus Exception Occurred - See Response Body
[2024-12-10T05:50:48.173Z] Error writing to Modbus register: A Modbus Exception Occurred - See Response Body
[2024-12-10T05:50:49.183Z] Error reading or processing Modbus registers: A Modbus Exception Occurred - See Response Body
[2024-12-10T05:50:49.186Z] Error reading register 6507 for IP 10.30.4.128: A Modbus Exception Occurred - See Response Body
[2024-12-10T05:50:49.187Z] Error reading actual data: A Modbus Exception Occurred - See Response Body
[2024-12-10T05:50:49.187Z] Error writing to Modbus register: A Modbus Exception Occurred - See Response Body
[2024-12-10T05:50:50.185Z] Error reading or processing Modbus registers: A Modbus Exception Occurred - See Response Body
[2024-12-10T05:50:50.187Z] Error reading register 6507 for IP 10.30.4.128: A Modbus Exception Occurred - See Response Body
[2024-12-10T05:50:50.188Z] Error reading actual data: A Modbus Exception Occurred - See Response Body
[2024-12-10T05:50:50.189Z] Error writing to Modbus register: A Modbus Exception Occurred - See Response Body
[2024-12-10T05:50:51.185Z] Error reading or processing Modbus registers: A Modbus Exception Occurred - See Response Body
[2024-12-10T05:50:51.187Z] Error reading register 6507 for IP 10.30.4.128: A Modbus Exception Occurred - See Response Body
[2024-12-10T05:50:51.188Z] Error reading actual data: A Modbus Exception Occurred - See Response Body
[2024-12-10T05:50:51.189Z] Error writing to Modbus register: A Modbus Exception Occurred - See Response Body
[2024-12-10T05:50:52.199Z] Error reading or processing Modbus registers: A Modbus Exception Occurred - See Response Body
[2024-12-10T05:50:52.201Z] Error reading register 6507 for IP 10.30.4.128: A Modbus Exception Occurred - See Response Body
[2024-12-10T05:50:52.202Z] Error reading actual data: A Modbus Exception Occurred - See Response Body
[2024-12-10T05:50:52.203Z] Error writing to Modbus register: A Modbus Exception Occurred - See Response Body
[2024-12-10T05:50:53.200Z] Error reading or processing Modbus registers: A Modbus Exception Occurred - See Response Body
[2024-12-10T05:50:53.202Z] Error reading register 6507 for IP 10.30.4.128: A Modbus Exception Occurred - See Response Body
[2024-12-10T05:50:53.202Z] Error reading actual data: A Modbus Exception Occurred - See Response Body
[2024-12-10T05:50:53.203Z] Error writing to Modbus register: A Modbus Exception Occurred - See Response Body
[2024-12-10T05:50:54.212Z] Error reading or processing Modbus registers: A Modbus Exception Occurred - See Response Body
[2024-12-10T05:50:54.215Z] Error reading register 6507 for IP 10.30.4.128: A Modbus Exception Occurred - See Response Body
[2024-12-10T05:50:54.215Z] Error reading actual data: A Modbus Exception Occurred - See Response Body
[2024-12-10T05:50:54.216Z] Error writing to Modbus register: A Modbus Exception Occurred - See Response Body
[2024-12-10T05:50:55.225Z] Error reading or processing Modbus registers: A Modbus Exception Occurred - See Response Body
[2024-12-10T05:50:55.228Z] Error reading register 6507 for IP 10.30.4.128: A Modbus Exception Occurred - See Response Body
[2024-12-10T05:50:55.228Z] Error reading actual data: A Modbus Exception Occurred - See Response Body
[2024-12-10T05:50:55.229Z] Error writing to Modbus register: A Modbus Exception Occurred - See Response Body
[2024-12-10T05:50:56.225Z] Error reading or processing Modbus registers: A Modbus Exception Occurred - See Response Body
[2024-12-10T05:50:56.230Z] Error reading register 6507 for IP 10.30.4.128: A Modbus Exception Occurred - See Response Body
[2024-12-10T05:50:56.231Z] Error reading actual data: A Modbus Exception Occurred - See Response Body
[2024-12-10T05:50:56.231Z] Error writing to Modbus register: A Modbus Exception Occurred - See Response Body
[2024-12-10T05:50:57.226Z] Error reading or processing Modbus registers: A Modbus Exception Occurred - See Response Body
[2024-12-10T05:50:57.228Z] Error reading register 6507 for IP 10.30.4.128: A Modbus Exception Occurred - See Response Body
[2024-12-10T05:50:57.228Z] Error reading actual data: A Modbus Exception Occurred - See Response Body
[2024-12-10T05:50:57.229Z] Error writing to Modbus register: A Modbus Exception Occurred - See Response Body
[2024-12-10T05:50:58.228Z] Error reading or processing Modbus registers: A Modbus Exception Occurred - See Response Body
[2024-12-10T05:50:58.230Z] Error reading register 6507 for IP 10.30.4.128: A Modbus Exception Occurred - See Response Body
[2024-12-10T05:50:58.234Z] Error reading actual data: A Modbus Exception Occurred - See Response Body
[2024-12-10T05:50:58.234Z] Error writing to Modbus register: A Modbus Exception Occurred - See Response Body
[2024-12-10T05:50:59.241Z] Error reading or processing Modbus registers: A Modbus Exception Occurred - See Response Body
[2024-12-10T05:50:59.244Z] Error reading register 6507 for IP 10.30.4.128: A Modbus Exception Occurred - See Response Body
[2024-12-10T05:50:59.245Z] Error reading actual data: A Modbus Exception Occurred - See Response Body
[2024-12-10T05:50:59.245Z] Error writing to Modbus register: A Modbus Exception Occurred - See Response Body
[2024-12-10T05:51:00.256Z] Error reading or processing Modbus registers: A Modbus Exception Occurred - See Response Body
[2024-12-10T05:51:00.258Z] Error reading register 6507 for IP 10.30.4.128: A Modbus Exception Occurred - See Response Body
[2024-12-10T05:51:00.258Z] Error reading actual data: A Modbus Exception Occurred - See Response Body
[2024-12-10T05:51:00.259Z] Error writing to Modbus register: A Modbus Exception Occurred - See Response Body
[2024-12-10T05:51:01.268Z] Error reading or processing Modbus registers: A Modbus Exception Occurred - See Response Body
[2024-12-10T05:51:01.270Z] Error reading register 6507 for IP 10.30.4.128: A Modbus Exception Occurred - See Response Body
[2024-12-10T05:51:01.271Z] Error reading actual data: A Modbus Exception Occurred - See Response Body
[2024-12-10T05:51:01.271Z] Error writing to Modbus register: A Modbus Exception Occurred - See Response Body
[2024-12-10T05:51:02.270Z] Error reading or processing Modbus registers: A Modbus Exception Occurred - See Response Body
[2024-12-10T05:51:02.272Z] Error reading register 6507 for IP 10.30.4.128: A Modbus Exception Occurred - See Response Body
[2024-12-10T05:51:02.273Z] Error reading actual data: A Modbus Exception Occurred - See Response Body
[2024-12-10T05:51:02.273Z] Error writing to Modbus register: A Modbus Exception Occurred - See Response Body
[2024-12-10T05:51:03.285Z] Error reading or processing Modbus registers: A Modbus Exception Occurred - See Response Body
[2024-12-10T05:51:03.288Z] Error reading register 6507 for IP 10.30.4.128: A Modbus Exception Occurred - See Response Body
[2024-12-10T05:51:03.289Z] Error reading actual data: A Modbus Exception Occurred - See Response Body
[2024-12-10T05:51:03.289Z] Error writing to Modbus register: A Modbus Exception Occurred - See Response Body
[2024-12-10T05:51:04.299Z] Error reading or processing Modbus registers: A Modbus Exception Occurred - See Response Body
[2024-12-10T05:51:04.301Z] Error reading register 6507 for IP 10.30.4.128: A Modbus Exception Occurred - See Response Body
[2024-12-10T05:51:04.301Z] Error reading actual data: A Modbus Exception Occurred - See Response Body
[2024-12-10T05:51:04.302Z] Error writing to Modbus register: A Modbus Exception Occurred - See Response Body
[2024-12-10T05:51:05.299Z] Error reading or processing Modbus registers: A Modbus Exception Occurred - See Response Body
[2024-12-10T05:51:05.303Z] Error reading register 6507 for IP 10.30.4.128: A Modbus Exception Occurred - See Response Body
[2024-12-10T05:51:05.304Z] Error reading actual data: A Modbus Exception Occurred - See Response Body
[2024-12-10T05:51:05.305Z] Error writing to Modbus register: A Modbus Exception Occurred - See Response Body
[2024-12-10T05:51:06.300Z] Error reading or processing Modbus registers: A Modbus Exception Occurred - See Response Body
[2024-12-10T05:51:06.302Z] Error reading register 6507 for IP 10.30.4.128: A Modbus Exception Occurred - See Response Body
[2024-12-10T05:51:06.302Z] Error reading actual data: A Modbus Exception Occurred - See Response Body
[2024-12-10T05:51:06.303Z] Error writing to Modbus register: A Modbus Exception Occurred - See Response Body
[2024-12-10T05:51:07.312Z] Error reading or processing Modbus registers: A Modbus Exception Occurred - See Response Body
[2024-12-10T05:51:07.314Z] Error reading register 6507 for IP 10.30.4.128: A Modbus Exception Occurred - See Response Body
[2024-12-10T05:51:07.315Z] Error reading actual data: A Modbus Exception Occurred - See Response Body
[2024-12-10T05:51:07.315Z] Error writing to Modbus register: A Modbus Exception Occurred - See Response Body
[2024-12-10T05:51:08.316Z] Error reading or processing Modbus registers: A Modbus Exception Occurred - See Response Body
[2024-12-10T05:51:08.317Z] Error reading register 6507 for IP 10.30.4.128: A Modbus Exception Occurred - See Response Body
[2024-12-10T05:51:08.318Z] Error reading actual data: A Modbus Exception Occurred - See Response Body
[2024-12-10T05:51:08.318Z] Error writing to Modbus register: A Modbus Exception Occurred - See Response Body
[2024-12-10T05:51:09.327Z] Error reading or processing Modbus registers: A Modbus Exception Occurred - See Response Body
[2024-12-10T05:51:09.330Z] Error reading register 6507 for IP 10.30.4.128: A Modbus Exception Occurred - See Response Body
[2024-12-10T05:51:09.331Z] Error reading actual data: A Modbus Exception Occurred - See Response Body
[2024-12-10T05:51:09.331Z] Error writing to Modbus register: A Modbus Exception Occurred - See Response Body
[2024-12-10T05:51:10.341Z] Error reading or processing Modbus registers: A Modbus Exception Occurred - See Response Body
[2024-12-10T05:51:10.343Z] Error reading register 6507 for IP 10.30.4.128: A Modbus Exception Occurred - See Response Body
[2024-12-10T05:51:10.344Z] Error reading actual data: A Modbus Exception Occurred - See Response Body
[2024-12-10T05:51:10.344Z] Error writing to Modbus register: A Modbus Exception Occurred - See Response Body
[2024-12-10T05:51:11.341Z] Error reading or processing Modbus registers: A Modbus Exception Occurred - See Response Body
[2024-12-10T05:51:11.344Z] Error reading register 6507 for IP 10.30.4.128: A Modbus Exception Occurred - See Response Body
[2024-12-10T05:51:11.344Z] Error reading actual data: A Modbus Exception Occurred - See Response Body
[2024-12-10T05:51:11.345Z] Error writing to Modbus register: A Modbus Exception Occurred - See Response Body
[2024-12-10T05:51:12.354Z] Error reading or processing Modbus registers: A Modbus Exception Occurred - See Response Body
[2024-12-10T05:51:12.357Z] Error reading register 6507 for IP 10.30.4.128: A Modbus Exception Occurred - See Response Body
[2024-12-10T05:51:12.357Z] Error reading actual data: A Modbus Exception Occurred - See Response Body
[2024-12-10T05:51:12.358Z] Error writing to Modbus register: A Modbus Exception Occurred - See Response Body
[2024-12-10T05:51:13.356Z] Error reading or processing Modbus registers: A Modbus Exception Occurred - See Response Body
[2024-12-10T05:51:13.359Z] Error reading register 6507 for IP 10.30.4.128: A Modbus Exception Occurred - See Response Body
[2024-12-10T05:51:13.359Z] Error reading actual data: A Modbus Exception Occurred - See Response Body
[2024-12-10T05:51:13.360Z] Error writing to Modbus register: A Modbus Exception Occurred - See Response Body
[2024-12-10T05:51:14.357Z] Error reading or processing Modbus registers: A Modbus Exception Occurred - See Response Body
[2024-12-10T05:51:14.359Z] Error reading register 6507 for IP 10.30.4.128: A Modbus Exception Occurred - See Response Body
[2024-12-10T05:51:14.360Z] Error reading actual data: A Modbus Exception Occurred - See Response Body
[2024-12-10T05:51:14.361Z] Error writing to Modbus register: A Modbus Exception Occurred - See Response Body
[2024-12-10T05:51:15.373Z] Error reading or processing Modbus registers: A Modbus Exception Occurred - See Response Body
[2024-12-10T05:51:15.375Z] Error reading register 6507 for IP 10.30.4.128: A Modbus Exception Occurred - See Response Body
[2024-12-10T05:51:15.376Z] Error reading actual data: A Modbus Exception Occurred - See Response Body
[2024-12-10T05:51:15.376Z] Error writing to Modbus register: A Modbus Exception Occurred - See Response Body
[2024-12-10T05:51:16.386Z] Error reading or processing Modbus registers: A Modbus Exception Occurred - See Response Body
[2024-12-10T05:51:16.388Z] Error reading register 6507 for IP 10.30.4.128: A Modbus Exception Occurred - See Response Body
[2024-12-10T05:51:16.389Z] Error reading actual data: A Modbus Exception Occurred - See Response Body
[2024-12-10T05:51:16.389Z] Error writing to Modbus register: A Modbus Exception Occurred - See Response Body
[2024-12-10T05:51:17.400Z] Error reading or processing Modbus registers: A Modbus Exception Occurred - See Response Body
[2024-12-10T05:51:17.402Z] Error reading register 6507 for IP 10.30.4.128: A Modbus Exception Occurred - See Response Body
[2024-12-10T05:51:17.403Z] Error reading actual data: A Modbus Exception Occurred - See Response Body
[2024-12-10T05:51:17.404Z] Error writing to Modbus register: A Modbus Exception Occurred - See Response Body
[2024-12-10T05:51:18.400Z] Error reading or processing Modbus registers: A Modbus Exception Occurred - See Response Body
[2024-12-10T05:51:18.402Z] Error reading register 6507 for IP 10.30.4.128: A Modbus Exception Occurred - See Response Body
[2024-12-10T05:51:18.403Z] Error reading actual data: A Modbus Exception Occurred - See Response Body
[2024-12-10T05:51:18.403Z] Error writing to Modbus register: A Modbus Exception Occurred - See Response Body
[2024-12-10T05:51:19.415Z] Error reading or processing Modbus registers: A Modbus Exception Occurred - See Response Body
[2024-12-10T05:51:19.418Z] Error reading register 6507 for IP 10.30.4.128: A Modbus Exception Occurred - See Response Body
[2024-12-10T05:51:19.419Z] Error reading actual data: A Modbus Exception Occurred - See Response Body
[2024-12-10T05:51:19.419Z] Error writing to Modbus register: A Modbus Exception Occurred - See Response Body
[2024-12-10T05:51:20.430Z] Error reading or processing Modbus registers: A Modbus Exception Occurred - See Response Body
[2024-12-10T05:51:20.432Z] Error reading register 6507 for IP 10.30.4.128: A Modbus Exception Occurred - See Response Body
[2024-12-10T05:51:20.432Z] Error reading actual data: A Modbus Exception Occurred - See Response Body
[2024-12-10T05:51:20.433Z] Error writing to Modbus register: A Modbus Exception Occurred - See Response Body
[2024-12-10T05:51:21.432Z] Error reading or processing Modbus registers: A Modbus Exception Occurred - See Response Body
[2024-12-10T05:51:21.435Z] Error reading register 6507 for IP 10.30.4.128: A Modbus Exception Occurred - See Response Body
[2024-12-10T05:51:21.435Z] Error reading actual data: A Modbus Exception Occurred - See Response Body
[2024-12-10T05:51:21.436Z] Error writing to Modbus register: A Modbus Exception Occurred - See Response Body
[2024-12-10T05:51:22.435Z] Error reading or processing Modbus registers: A Modbus Exception Occurred - See Response Body
[2024-12-10T05:51:22.436Z] Error reading register 6507 for IP 10.30.4.128: A Modbus Exception Occurred - See Response Body
[2024-12-10T05:51:22.437Z] Error reading actual data: A Modbus Exception Occurred - See Response Body
[2024-12-10T05:51:22.437Z] Error writing to Modbus register: A Modbus Exception Occurred - See Response Body
[2024-12-10T05:51:23.450Z] Error reading or processing Modbus registers: A Modbus Exception Occurred - See Response Body
[2024-12-10T05:51:23.452Z] Error reading register 6507 for IP 10.30.4.128: A Modbus Exception Occurred - See Response Body
[2024-12-10T05:51:23.452Z] Error reading actual data: A Modbus Exception Occurred - See Response Body
[2024-12-10T05:51:23.453Z] Error writing to Modbus register: A Modbus Exception Occurred - See Response Body
[2024-12-10T05:51:24.451Z] Error reading or processing Modbus registers: A Modbus Exception Occurred - See Response Body
[2024-12-10T05:51:24.454Z] Error reading register 6507 for IP 10.30.4.128: A Modbus Exception Occurred - See Response Body
[2024-12-10T05:51:24.454Z] Error reading actual data: A Modbus Exception Occurred - See Response Body
[2024-12-10T05:51:24.455Z] Error writing to Modbus register: A Modbus Exception Occurred - See Response Body
[2024-12-10T05:51:25.453Z] Error reading or processing Modbus registers: A Modbus Exception Occurred - See Response Body
[2024-12-10T05:51:25.455Z] Error reading register 6507 for IP 10.30.4.128: A Modbus Exception Occurred - See Response Body
[2024-12-10T05:51:25.455Z] Error reading actual data: A Modbus Exception Occurred - See Response Body
[2024-12-10T05:51:25.456Z] Error writing to Modbus register: A Modbus Exception Occurred - See Response Body
[2024-12-10T05:51:26.455Z] Error reading or processing Modbus registers: A Modbus Exception Occurred - See Response Body
[2024-12-10T05:51:26.457Z] Error reading register 6507 for IP 10.30.4.128: A Modbus Exception Occurred - See Response Body
[2024-12-10T05:51:26.457Z] Error reading actual data: A Modbus Exception Occurred - See Response Body
[2024-12-10T05:51:26.458Z] Error writing to Modbus register: A Modbus Exception Occurred - See Response Body
[2024-12-10T05:51:27.468Z] Error reading or processing Modbus registers: A Modbus Exception Occurred - See Response Body
[2024-12-10T05:51:27.470Z] Error reading register 6507 for IP 10.30.4.128: A Modbus Exception Occurred - See Response Body
[2024-12-10T05:51:27.470Z] Error reading actual data: A Modbus Exception Occurred - See Response Body
[2024-12-10T05:51:27.471Z] Error writing to Modbus register: A Modbus Exception Occurred - See Response Body
[2024-12-10T05:51:28.481Z] Error reading or processing Modbus registers: A Modbus Exception Occurred - See Response Body
[2024-12-10T05:51:28.484Z] Error reading register 6507 for IP 10.30.4.128: A Modbus Exception Occurred - See Response Body
[2024-12-10T05:51:28.485Z] Error reading actual data: A Modbus Exception Occurred - See Response Body
[2024-12-10T05:51:28.485Z] Error writing to Modbus register: A Modbus Exception Occurred - See Response Body
[2024-12-10T05:51:29.485Z] Error reading or processing Modbus registers: A Modbus Exception Occurred - See Response Body
[2024-12-10T05:51:29.487Z] Error reading register 6507 for IP 10.30.4.128: A Modbus Exception Occurred - See Response Body
[2024-12-10T05:51:29.488Z] Error reading actual data: A Modbus Exception Occurred - See Response Body
[2024-12-10T05:51:29.488Z] Error writing to Modbus register: A Modbus Exception Occurred - See Response Body
[2024-12-10T05:51:30.487Z] Error reading or processing Modbus registers: A Modbus Exception Occurred - See Response Body
[2024-12-10T05:51:30.491Z] Error reading register 6507 for IP 10.30.4.128: A Modbus Exception Occurred - See Response Body
[2024-12-10T05:51:30.491Z] Error reading actual data: A Modbus Exception Occurred - See Response Body
[2024-12-10T05:51:30.492Z] Error writing to Modbus register: A Modbus Exception Occurred - See Response Body
[2024-12-10T05:51:31.489Z] Error reading or processing Modbus registers: A Modbus Exception Occurred - See Response Body
[2024-12-10T05:51:31.491Z] Error reading register 6507 for IP 10.30.4.128: A Modbus Exception Occurred - See Response Body
[2024-12-10T05:51:31.492Z] Error reading actual data: A Modbus Exception Occurred - See Response Body
[2024-12-10T05:51:31.494Z] Error writing to Modbus register: A Modbus Exception Occurred - See Response Body
[2024-12-10T05:51:32.490Z] Error reading or processing Modbus registers: A Modbus Exception Occurred - See Response Body
[2024-12-10T05:51:32.492Z] Error reading register 6507 for IP 10.30.4.128: A Modbus Exception Occurred - See Response Body
[2024-12-10T05:51:32.493Z] Error reading actual data: A Modbus Exception Occurred - See Response Body
[2024-12-10T05:51:32.494Z] Error writing to Modbus register: A Modbus Exception Occurred - See Response Body
[2024-12-10T05:51:33.499Z] Error reading or processing Modbus registers: A Modbus Exception Occurred - See Response Body
[2024-12-10T05:51:33.502Z] Error reading register 6507 for IP 10.30.4.128: A Modbus Exception Occurred - See Response Body
[2024-12-10T05:51:33.503Z] Error reading actual data: A Modbus Exception Occurred - See Response Body
[2024-12-10T05:51:33.503Z] Error writing to Modbus register: A Modbus Exception Occurred - See Response Body
[2024-12-10T05:51:34.502Z] Error reading or processing Modbus registers: A Modbus Exception Occurred - See Response Body
[2024-12-10T05:51:34.504Z] Error reading register 6507 for IP 10.30.4.128: A Modbus Exception Occurred - See Response Body
[2024-12-10T05:51:34.505Z] Error reading actual data: A Modbus Exception Occurred - See Response Body
[2024-12-10T05:51:34.505Z] Error writing to Modbus register: A Modbus Exception Occurred - See Response Body
[2024-12-10T05:51:35.516Z] Error reading or processing Modbus registers: A Modbus Exception Occurred - See Response Body
[2024-12-10T05:51:35.518Z] Error reading register 6507 for IP 10.30.4.128: A Modbus Exception Occurred - See Response Body
[2024-12-10T05:51:35.519Z] Error reading actual data: A Modbus Exception Occurred - See Response Body
[2024-12-10T05:51:35.520Z] Error writing to Modbus register: A Modbus Exception Occurred - See Response Body
[2024-12-10T05:51:36.517Z] Error reading or processing Modbus registers: A Modbus Exception Occurred - See Response Body
[2024-12-10T05:51:36.519Z] Error reading register 6507 for IP 10.30.4.128: A Modbus Exception Occurred - See Response Body
[2024-12-10T05:51:36.520Z] Error reading actual data: A Modbus Exception Occurred - See Response Body
[2024-12-10T05:51:36.520Z] Error writing to Modbus register: A Modbus Exception Occurred - See Response Body
[2024-12-10T05:51:37.519Z] Error reading or processing Modbus registers: A Modbus Exception Occurred - See Response Body
[2024-12-10T05:51:37.521Z] Error reading register 6507 for IP 10.30.4.128: A Modbus Exception Occurred - See Response Body
[2024-12-10T05:51:37.521Z] Error reading actual data: A Modbus Exception Occurred - See Response Body
[2024-12-10T05:51:37.522Z] Error writing to Modbus register: A Modbus Exception Occurred - See Response Body
[2024-12-10T05:51:38.532Z] Error reading or processing Modbus registers: A Modbus Exception Occurred - See Response Body
[2024-12-10T05:51:38.534Z] Error reading register 6507 for IP 10.30.4.128: A Modbus Exception Occurred - See Response Body
[2024-12-10T05:51:38.535Z] Error reading actual data: A Modbus Exception Occurred - See Response Body
[2024-12-10T05:51:38.536Z] Error writing to Modbus register: A Modbus Exception Occurred - See Response Body
[2024-12-10T05:51:39.533Z] Error reading or processing Modbus registers: A Modbus Exception Occurred - See Response Body
[2024-12-10T05:51:39.535Z] Error reading register 6507 for IP 10.30.4.128: A Modbus Exception Occurred - See Response Body
[2024-12-10T05:51:39.536Z] Error reading actual data: A Modbus Exception Occurred - See Response Body
[2024-12-10T05:51:39.536Z] Error writing to Modbus register: A Modbus Exception Occurred - See Response Body
[2024-12-10T05:51:40.547Z] Error reading or processing Modbus registers: A Modbus Exception Occurred - See Response Body
[2024-12-10T05:51:40.549Z] Error reading register 6507 for IP 10.30.4.128: A Modbus Exception Occurred - See Response Body
[2024-12-10T05:51:40.550Z] Error reading actual data: A Modbus Exception Occurred - See Response Body
[2024-12-10T05:51:40.551Z] Error writing to Modbus register: A Modbus Exception Occurred - See Response Body
[2024-12-10T05:51:41.547Z] Error reading or processing Modbus registers: A Modbus Exception Occurred - See Response Body
[2024-12-10T05:51:41.550Z] Error reading register 6507 for IP 10.30.4.128: A Modbus Exception Occurred - See Response Body
[2024-12-10T05:51:41.550Z] Error reading actual data: A Modbus Exception Occurred - See Response Body
[2024-12-10T05:51:41.551Z] Error writing to Modbus register: A Modbus Exception Occurred - See Response Body
[2024-12-10T05:51:42.550Z] Error reading or processing Modbus registers: A Modbus Exception Occurred - See Response Body
[2024-12-10T05:51:42.553Z] Error reading register 6507 for IP 10.30.4.128: A Modbus Exception Occurred - See Response Body
[2024-12-10T05:51:42.554Z] Error reading actual data: A Modbus Exception Occurred - See Response Body
[2024-12-10T05:51:42.554Z] Error writing to Modbus register: A Modbus Exception Occurred - See Response Body
[2024-12-10T05:51:43.565Z] Error reading or processing Modbus registers: A Modbus Exception Occurred - See Response Body
[2024-12-10T05:51:43.567Z] Error reading register 6507 for IP 10.30.4.128: A Modbus Exception Occurred - See Response Body
[2024-12-10T05:51:43.568Z] Error reading actual data: A Modbus Exception Occurred - See Response Body
[2024-12-10T05:51:43.569Z] Error writing to Modbus register: A Modbus Exception Occurred - See Response Body
[2024-12-10T05:51:44.581Z] Error reading or processing Modbus registers: A Modbus Exception Occurred - See Response Body
[2024-12-10T05:51:44.583Z] Error reading register 6507 for IP 10.30.4.128: A Modbus Exception Occurred - See Response Body
[2024-12-10T05:51:44.584Z] Error reading actual data: A Modbus Exception Occurred - See Response Body
[2024-12-10T05:51:44.585Z] Error writing to Modbus register: A Modbus Exception Occurred - See Response Body
[2024-12-10T05:51:45.595Z] Error reading or processing Modbus registers: A Modbus Exception Occurred - See Response Body
[2024-12-10T05:51:45.598Z] Error reading register 6507 for IP 10.30.4.128: A Modbus Exception Occurred - See Response Body
[2024-12-10T05:51:45.598Z] Error reading actual data: A Modbus Exception Occurred - See Response Body
[2024-12-10T05:51:45.599Z] Error writing to Modbus register: A Modbus Exception Occurred - See Response Body
[2024-12-10T05:51:46.596Z] Error reading or processing Modbus registers: A Modbus Exception Occurred - See Response Body
[2024-12-10T05:51:46.598Z] Error reading register 6507 for IP 10.30.4.128: A Modbus Exception Occurred - See Response Body
[2024-12-10T05:51:46.598Z] Error reading actual data: A Modbus Exception Occurred - See Response Body
[2024-12-10T05:51:46.599Z] Error writing to Modbus register: A Modbus Exception Occurred - See Response Body
[2024-12-10T05:51:47.609Z] Error reading or processing Modbus registers: A Modbus Exception Occurred - See Response Body
[2024-12-10T05:51:47.612Z] Error reading register 6507 for IP 10.30.4.128: A Modbus Exception Occurred - See Response Body
[2024-12-10T05:51:47.613Z] Error reading actual data: A Modbus Exception Occurred - See Response Body
[2024-12-10T05:51:47.614Z] Error writing to Modbus register: A Modbus Exception Occurred - See Response Body
[2024-12-10T05:51:48.623Z] Error reading or processing Modbus registers: A Modbus Exception Occurred - See Response Body
[2024-12-10T05:51:48.625Z] Error reading register 6507 for IP 10.30.4.128: A Modbus Exception Occurred - See Response Body
[2024-12-10T05:51:48.625Z] Error reading actual data: A Modbus Exception Occurred - See Response Body
[2024-12-10T05:51:48.626Z] Error writing to Modbus register: A Modbus Exception Occurred - See Response Body
[2024-12-10T05:51:49.637Z] Error reading or processing Modbus registers: A Modbus Exception Occurred - See Response Body
[2024-12-10T05:51:49.639Z] Error reading register 6507 for IP 10.30.4.128: A Modbus Exception Occurred - See Response Body
[2024-12-10T05:51:49.640Z] Error reading actual data: A Modbus Exception Occurred - See Response Body
[2024-12-10T05:51:49.640Z] Error writing to Modbus register: A Modbus Exception Occurred - See Response Body
[2024-12-10T05:51:50.651Z] Error reading or processing Modbus registers: A Modbus Exception Occurred - See Response Body
[2024-12-10T05:51:50.654Z] Error reading register 6507 for IP 10.30.4.128: A Modbus Exception Occurred - See Response Body
[2024-12-10T05:51:50.654Z] Error reading actual data: A Modbus Exception Occurred - See Response Body
[2024-12-10T05:51:50.655Z] Error writing to Modbus register: A Modbus Exception Occurred - See Response Body
[2024-12-10T05:51:51.652Z] Error reading or processing Modbus registers: A Modbus Exception Occurred - See Response Body
[2024-12-10T05:51:51.654Z] Error reading register 6507 for IP 10.30.4.128: A Modbus Exception Occurred - See Response Body
[2024-12-10T05:51:51.654Z] Error reading actual data: A Modbus Exception Occurred - See Response Body
[2024-12-10T05:51:51.655Z] Error writing to Modbus register: A Modbus Exception Occurred - See Response Body
[2024-12-10T05:51:52.664Z] Error reading or processing Modbus registers: A Modbus Exception Occurred - See Response Body
[2024-12-10T05:51:52.667Z] Error reading register 6507 for IP 10.30.4.128: A Modbus Exception Occurred - See Response Body
[2024-12-10T05:51:52.667Z] Error reading actual data: A Modbus Exception Occurred - See Response Body
[2024-12-10T05:51:52.668Z] Error writing to Modbus register: A Modbus Exception Occurred - See Response Body
[2024-12-10T05:51:53.677Z] Error reading or processing Modbus registers: A Modbus Exception Occurred - See Response Body
[2024-12-10T05:51:53.679Z] Error reading register 6507 for IP 10.30.4.128: A Modbus Exception Occurred - See Response Body
[2024-12-10T05:51:53.680Z] Error reading actual data: A Modbus Exception Occurred - See Response Body
[2024-12-10T05:51:53.680Z] Error writing to Modbus register: A Modbus Exception Occurred - See Response Body
[2024-12-10T05:51:54.690Z] Error reading or processing Modbus registers: A Modbus Exception Occurred - See Response Body
[2024-12-10T05:51:54.694Z] Error reading register 6507 for IP 10.30.4.128: A Modbus Exception Occurred - See Response Body
[2024-12-10T05:51:54.695Z] Error reading actual data: A Modbus Exception Occurred - See Response Body
[2024-12-10T05:51:54.695Z] Error writing to Modbus register: A Modbus Exception Occurred - See Response Body
[2024-12-10T05:51:55.692Z] Error reading or processing Modbus registers: A Modbus Exception Occurred - See Response Body
[2024-12-10T05:51:55.694Z] Error reading register 6507 for IP 10.30.4.128: A Modbus Exception Occurred - See Response Body
[2024-12-10T05:51:55.695Z] Error reading actual data: A Modbus Exception Occurred - See Response Body
[2024-12-10T05:51:55.696Z] Error writing to Modbus register: A Modbus Exception Occurred - See Response Body
[2024-12-10T05:51:56.693Z] Error reading or processing Modbus registers: A Modbus Exception Occurred - See Response Body
[2024-12-10T05:51:56.695Z] Error reading register 6507 for IP 10.30.4.128: A Modbus Exception Occurred - See Response Body
[2024-12-10T05:51:56.696Z] Error reading actual data: A Modbus Exception Occurred - See Response Body
[2024-12-10T05:51:56.696Z] Error writing to Modbus register: A Modbus Exception Occurred - See Response Body
[2024-12-10T05:51:57.695Z] Error reading or processing Modbus registers: A Modbus Exception Occurred - See Response Body
[2024-12-10T05:51:57.697Z] Error reading register 6507 for IP 10.30.4.128: A Modbus Exception Occurred - See Response Body
[2024-12-10T05:51:57.698Z] Error reading actual data: A Modbus Exception Occurred - See Response Body
[2024-12-10T05:51:57.699Z] Error writing to Modbus register: A Modbus Exception Occurred - See Response Body
[2024-12-10T05:51:58.698Z] Error reading or processing Modbus registers: A Modbus Exception Occurred - See Response Body
[2024-12-10T05:51:58.700Z] Error reading register 6507 for IP 10.30.4.128: A Modbus Exception Occurred - See Response Body
[2024-12-10T05:51:58.700Z] Error reading actual data: A Modbus Exception Occurred - See Response Body
[2024-12-10T05:51:58.700Z] Error writing to Modbus register: A Modbus Exception Occurred - See Response Body
[2024-12-10T05:51:59.699Z] Error reading or processing Modbus registers: A Modbus Exception Occurred - See Response Body
[2024-12-10T05:51:59.700Z] Error reading register 6507 for IP 10.30.4.128: A Modbus Exception Occurred - See Response Body
[2024-12-10T05:51:59.701Z] Error reading actual data: A Modbus Exception Occurred - See Response Body
[2024-12-10T05:51:59.701Z] Error writing to Modbus register: A Modbus Exception Occurred - See Response Body
[2024-12-10T05:52:00.713Z] Error reading or processing Modbus registers: A Modbus Exception Occurred - See Response Body
[2024-12-10T05:52:00.715Z] Error reading register 6507 for IP 10.30.4.128: A Modbus Exception Occurred - See Response Body
[2024-12-10T05:52:00.715Z] Error reading actual data: A Modbus Exception Occurred - See Response Body
[2024-12-10T05:52:00.716Z] Error writing to Modbus register: A Modbus Exception Occurred - See Response Body
[2024-12-10T05:52:01.726Z] Error reading or processing Modbus registers: A Modbus Exception Occurred - See Response Body
[2024-12-10T05:52:01.729Z] Error reading register 6507 for IP 10.30.4.128: A Modbus Exception Occurred - See Response Body
[2024-12-10T05:52:01.729Z] Error reading actual data: A Modbus Exception Occurred - See Response Body
[2024-12-10T05:52:01.730Z] Error writing to Modbus register: A Modbus Exception Occurred - See Response Body
[2024-12-10T05:52:02.735Z] Error reading or processing Modbus registers: A Modbus Exception Occurred - See Response Body
[2024-12-10T05:52:02.737Z] Error reading register 6507 for IP 10.30.4.128: A Modbus Exception Occurred - See Response Body
[2024-12-10T05:52:02.738Z] Error reading actual data: A Modbus Exception Occurred - See Response Body
[2024-12-10T05:52:02.738Z] Error writing to Modbus register: A Modbus Exception Occurred - See Response Body
[2024-12-10T05:52:03.751Z] Error reading or processing Modbus registers: A Modbus Exception Occurred - See Response Body
[2024-12-10T05:52:03.753Z] Error reading register 6507 for IP 10.30.4.128: A Modbus Exception Occurred - See Response Body
[2024-12-10T05:52:03.754Z] Error reading actual data: A Modbus Exception Occurred - See Response Body
[2024-12-10T05:52:03.754Z] Error writing to Modbus register: A Modbus Exception Occurred - See Response Body
[2024-12-10T05:52:04.752Z] Error reading or processing Modbus registers: A Modbus Exception Occurred - See Response Body
[2024-12-10T05:52:04.754Z] Error reading register 6507 for IP 10.30.4.128: A Modbus Exception Occurred - See Response Body
[2024-12-10T05:52:04.755Z] Error reading actual data: A Modbus Exception Occurred - See Response Body
[2024-12-10T05:52:04.756Z] Error writing to Modbus register: A Modbus Exception Occurred - See Response Body
[2024-12-10T05:52:05.767Z] Error reading or processing Modbus registers: A Modbus Exception Occurred - See Response Body
[2024-12-10T05:52:05.769Z] Error reading register 6507 for IP 10.30.4.128: A Modbus Exception Occurred - See Response Body
[2024-12-10T05:52:05.770Z] Error reading actual data: A Modbus Exception Occurred - See Response Body
[2024-12-10T05:52:05.770Z] Error writing to Modbus register: A Modbus Exception Occurred - See Response Body
[2024-12-10T05:52:06.781Z] Error reading or processing Modbus registers: A Modbus Exception Occurred - See Response Body
[2024-12-10T05:52:06.784Z] Error reading register 6507 for IP 10.30.4.128: A Modbus Exception Occurred - See Response Body
[2024-12-10T05:52:06.784Z] Error reading actual data: A Modbus Exception Occurred - See Response Body
[2024-12-10T05:52:06.785Z] Error writing to Modbus register: A Modbus Exception Occurred - See Response Body
[2024-12-10T05:52:07.782Z] Error reading or processing Modbus registers: A Modbus Exception Occurred - See Response Body
[2024-12-10T05:52:07.784Z] Error reading register 6507 for IP 10.30.4.128: A Modbus Exception Occurred - See Response Body
[2024-12-10T05:52:07.785Z] Error reading actual data: A Modbus Exception Occurred - See Response Body
[2024-12-10T05:52:07.785Z] Error writing to Modbus register: A Modbus Exception Occurred - See Response Body
[2024-12-10T05:52:08.783Z] Error reading or processing Modbus registers: A Modbus Exception Occurred - See Response Body
[2024-12-10T05:52:08.785Z] Error reading register 6507 for IP 10.30.4.128: A Modbus Exception Occurred - See Response Body
[2024-12-10T05:52:08.786Z] Error reading actual data: A Modbus Exception Occurred - See Response Body
[2024-12-10T05:52:08.786Z] Error writing to Modbus register: A Modbus Exception Occurred - See Response Body
[2024-12-10T05:52:09.796Z] Error reading or processing Modbus registers: A Modbus Exception Occurred - See Response Body
[2024-12-10T05:52:09.799Z] Error reading register 6507 for IP 10.30.4.128: A Modbus Exception Occurred - See Response Body
[2024-12-10T05:52:09.800Z] Error reading actual data: A Modbus Exception Occurred - See Response Body
[2024-12-10T05:52:09.801Z] Error writing to Modbus register: A Modbus Exception Occurred - See Response Body
[2024-12-10T05:52:10.810Z] Error reading or processing Modbus registers: A Modbus Exception Occurred - See Response Body
[2024-12-10T05:52:10.813Z] Error reading register 6507 for IP 10.30.4.128: A Modbus Exception Occurred - See Response Body
[2024-12-10T05:52:10.814Z] Error reading actual data: A Modbus Exception Occurred - See Response Body
[2024-12-10T05:52:10.815Z] Error writing to Modbus register: A Modbus Exception Occurred - See Response Body
[2024-12-10T05:52:11.812Z] Error reading or processing Modbus registers: A Modbus Exception Occurred - See Response Body
[2024-12-10T05:52:11.815Z] Error reading register 6507 for IP 10.30.4.128: A Modbus Exception Occurred - See Response Body
[2024-12-10T05:52:11.815Z] Error reading actual data: A Modbus Exception Occurred - See Response Body
[2024-12-10T05:52:11.816Z] Error writing to Modbus register: A Modbus Exception Occurred - See Response Body
[2024-12-10T05:52:12.824Z] Error reading or processing Modbus registers: A Modbus Exception Occurred - See Response Body
[2024-12-10T05:52:12.826Z] Error reading register 6507 for IP 10.30.4.128: A Modbus Exception Occurred - See Response Body
[2024-12-10T05:52:12.827Z] Error reading actual data: A Modbus Exception Occurred - See Response Body
[2024-12-10T05:52:12.828Z] Error writing to Modbus register: A Modbus Exception Occurred - See Response Body
[2024-12-10T05:52:13.827Z] Error reading or processing Modbus registers: A Modbus Exception Occurred - See Response Body
[2024-12-10T05:52:13.829Z] Error reading register 6507 for IP 10.30.4.128: A Modbus Exception Occurred - See Response Body
[2024-12-10T05:52:13.829Z] Error reading actual data: A Modbus Exception Occurred - See Response Body
[2024-12-10T05:52:13.830Z] Error writing to Modbus register: A Modbus Exception Occurred - See Response Body
[2024-12-10T05:52:14.827Z] Error reading or processing Modbus registers: A Modbus Exception Occurred - See Response Body
[2024-12-10T05:52:14.829Z] Error reading register 6507 for IP 10.30.4.128: A Modbus Exception Occurred - See Response Body
[2024-12-10T05:52:14.830Z] Error reading actual data: A Modbus Exception Occurred - See Response Body
[2024-12-10T05:52:14.831Z] Error writing to Modbus register: A Modbus Exception Occurred - See Response Body
[2024-12-10T05:52:15.828Z] Error reading or processing Modbus registers: A Modbus Exception Occurred - See Response Body
[2024-12-10T05:52:15.831Z] Error reading register 6507 for IP 10.30.4.128: A Modbus Exception Occurred - See Response Body
[2024-12-10T05:52:15.831Z] Error reading actual data: A Modbus Exception Occurred - See Response Body
[2024-12-10T05:52:15.832Z] Error writing to Modbus register: A Modbus Exception Occurred - See Response Body
[2024-12-10T05:52:16.829Z] Error reading or processing Modbus registers: A Modbus Exception Occurred - See Response Body
[2024-12-10T05:52:16.832Z] Error reading register 6507 for IP 10.30.4.128: A Modbus Exception Occurred - See Response Body
[2024-12-10T05:52:16.833Z] Error reading actual data: A Modbus Exception Occurred - See Response Body
[2024-12-10T05:52:16.833Z] Error writing to Modbus register: A Modbus Exception Occurred - See Response Body
[2024-12-10T05:52:17.829Z] Error reading or processing Modbus registers: A Modbus Exception Occurred - See Response Body
[2024-12-10T05:52:17.832Z] Error reading register 6507 for IP 10.30.4.128: A Modbus Exception Occurred - See Response Body
[2024-12-10T05:52:17.833Z] Error reading actual data: A Modbus Exception Occurred - See Response Body
[2024-12-10T05:52:17.836Z] Error writing to Modbus register: A Modbus Exception Occurred - See Response Body
[2024-12-10T05:52:18.842Z] Error reading or processing Modbus registers: A Modbus Exception Occurred - See Response Body
[2024-12-10T05:52:18.844Z] Error reading register 6507 for IP 10.30.4.128: A Modbus Exception Occurred - See Response Body
[2024-12-10T05:52:18.844Z] Error reading actual data: A Modbus Exception Occurred - See Response Body
[2024-12-10T05:52:18.845Z] Error writing to Modbus register: A Modbus Exception Occurred - See Response Body
[2024-12-10T05:52:19.854Z] Error reading or processing Modbus registers: A Modbus Exception Occurred - See Response Body
[2024-12-10T05:52:19.857Z] Error reading register 6507 for IP 10.30.4.128: A Modbus Exception Occurred - See Response Body
[2024-12-10T05:52:19.857Z] Error reading actual data: A Modbus Exception Occurred - See Response Body
[2024-12-10T05:52:19.858Z] Error writing to Modbus register: A Modbus Exception Occurred - See Response Body
[2024-12-10T05:52:20.867Z] Error reading or processing Modbus registers: A Modbus Exception Occurred - See Response Body
[2024-12-10T05:52:20.870Z] Error reading register 6507 for IP 10.30.4.128: A Modbus Exception Occurred - See Response Body
[2024-12-10T05:52:20.870Z] Error reading actual data: A Modbus Exception Occurred - See Response Body
[2024-12-10T05:52:20.871Z] Error writing to Modbus register: A Modbus Exception Occurred - See Response Body
[2024-12-10T05:52:21.869Z] Error reading or processing Modbus registers: A Modbus Exception Occurred - See Response Body
[2024-12-10T05:52:21.871Z] Error reading register 6507 for IP 10.30.4.128: A Modbus Exception Occurred - See Response Body
[2024-12-10T05:52:21.872Z] Error reading actual data: A Modbus Exception Occurred - See Response Body
[2024-12-10T05:52:21.872Z] Error writing to Modbus register: A Modbus Exception Occurred - See Response Body
[2024-12-10T05:52:22.880Z] Error reading or processing Modbus registers: A Modbus Exception Occurred - See Response Body
[2024-12-10T05:52:22.882Z] Error reading register 6507 for IP 10.30.4.128: A Modbus Exception Occurred - See Response Body
[2024-12-10T05:52:22.882Z] Error reading actual data: A Modbus Exception Occurred - See Response Body
[2024-12-10T05:52:22.883Z] Error writing to Modbus register: A Modbus Exception Occurred - See Response Body
[2024-12-10T05:52:23.880Z] Error reading or processing Modbus registers: A Modbus Exception Occurred - See Response Body
[2024-12-10T05:52:23.883Z] Error reading register 6507 for IP 10.30.4.128: A Modbus Exception Occurred - See Response Body
[2024-12-10T05:52:23.884Z] Error reading actual data: A Modbus Exception Occurred - See Response Body
[2024-12-10T05:52:23.884Z] Error writing to Modbus register: A Modbus Exception Occurred - See Response Body
[2024-12-10T05:52:24.882Z] Error reading or processing Modbus registers: A Modbus Exception Occurred - See Response Body
[2024-12-10T05:52:24.884Z] Error reading register 6507 for IP 10.30.4.128: A Modbus Exception Occurred - See Response Body
[2024-12-10T05:52:24.885Z] Error reading actual data: A Modbus Exception Occurred - See Response Body
[2024-12-10T05:52:24.886Z] Error writing to Modbus register: A Modbus Exception Occurred - See Response Body
[2024-12-10T05:52:25.886Z] Error reading or processing Modbus registers: A Modbus Exception Occurred - See Response Body
[2024-12-10T05:52:25.888Z] Error reading register 6507 for IP 10.30.4.128: A Modbus Exception Occurred - See Response Body
[2024-12-10T05:52:25.889Z] Error reading actual data: A Modbus Exception Occurred - See Response Body
[2024-12-10T05:52:25.889Z] Error writing to Modbus register: A Modbus Exception Occurred - See Response Body
[2024-12-10T05:52:26.900Z] Error reading or processing Modbus registers: A Modbus Exception Occurred - See Response Body
[2024-12-10T05:52:26.902Z] Error reading register 6507 for IP 10.30.4.128: A Modbus Exception Occurred - See Response Body
[2024-12-10T05:52:26.903Z] Error reading actual data: A Modbus Exception Occurred - See Response Body
[2024-12-10T05:52:26.903Z] Error writing to Modbus register: A Modbus Exception Occurred - See Response Body
[2024-12-10T05:52:27.902Z] Error reading or processing Modbus registers: A Modbus Exception Occurred - See Response Body
[2024-12-10T05:52:27.905Z] Error reading register 6507 for IP 10.30.4.128: A Modbus Exception Occurred - See Response Body
[2024-12-10T05:52:27.905Z] Error reading actual data: A Modbus Exception Occurred - See Response Body
[2024-12-10T05:52:27.906Z] Error writing to Modbus register: A Modbus Exception Occurred - See Response Body
[2024-12-10T05:52:28.904Z] Error reading or processing Modbus registers: A Modbus Exception Occurred - See Response Body
[2024-12-10T05:52:28.907Z] Error reading register 6507 for IP 10.30.4.128: A Modbus Exception Occurred - See Response Body
[2024-12-10T05:52:28.907Z] Error reading actual data: A Modbus Exception Occurred - See Response Body
[2024-12-10T05:52:28.908Z] Error writing to Modbus register: A Modbus Exception Occurred - See Response Body
[2024-12-10T05:52:29.918Z] Error reading or processing Modbus registers: A Modbus Exception Occurred - See Response Body
[2024-12-10T05:52:29.920Z] Error reading register 6507 for IP 10.30.4.128: A Modbus Exception Occurred - See Response Body
[2024-12-10T05:52:29.921Z] Error reading actual data: A Modbus Exception Occurred - See Response Body
[2024-12-10T05:52:29.922Z] Error writing to Modbus register: A Modbus Exception Occurred - See Response Body
[2024-12-10T05:52:30.919Z] Error reading or processing Modbus registers: A Modbus Exception Occurred - See Response Body
[2024-12-10T05:52:30.921Z] Error reading register 6507 for IP 10.30.4.128: A Modbus Exception Occurred - See Response Body
[2024-12-10T05:52:30.922Z] Error reading actual data: A Modbus Exception Occurred - See Response Body
[2024-12-10T05:52:30.922Z] Error writing to Modbus register: A Modbus Exception Occurred - See Response Body
[2024-12-10T05:52:31.933Z] Error reading or processing Modbus registers: A Modbus Exception Occurred - See Response Body
[2024-12-10T05:52:31.935Z] Error reading register 6507 for IP 10.30.4.128: A Modbus Exception Occurred - See Response Body
[2024-12-10T05:52:31.936Z] Error reading actual data: A Modbus Exception Occurred - See Response Body
[2024-12-10T05:52:31.936Z] Error writing to Modbus register: A Modbus Exception Occurred - See Response Body
[2024-12-10T05:52:32.936Z] Error reading or processing Modbus registers: A Modbus Exception Occurred - See Response Body
[2024-12-10T05:52:32.939Z] Error reading register 6507 for IP 10.30.4.128: A Modbus Exception Occurred - See Response Body
[2024-12-10T05:52:32.940Z] Error reading actual data: A Modbus Exception Occurred - See Response Body
[2024-12-10T05:52:32.940Z] Error writing to Modbus register: A Modbus Exception Occurred - See Response Body
[2024-12-10T05:52:33.937Z] Error reading or processing Modbus registers: A Modbus Exception Occurred - See Response Body
[2024-12-10T05:52:33.939Z] Error reading register 6507 for IP 10.30.4.128: A Modbus Exception Occurred - See Response Body
[2024-12-10T05:52:33.940Z] Error reading actual data: A Modbus Exception Occurred - See Response Body
[2024-12-10T05:52:33.940Z] Error writing to Modbus register: A Modbus Exception Occurred - See Response Body
[2024-12-10T05:52:34.952Z] Error reading or processing Modbus registers: A Modbus Exception Occurred - See Response Body
[2024-12-10T05:52:34.953Z] Error reading register 6507 for IP 10.30.4.128: A Modbus Exception Occurred - See Response Body
[2024-12-10T05:52:34.955Z] Error reading actual data: A Modbus Exception Occurred - See Response Body
[2024-12-10T05:52:34.955Z] Error writing to Modbus register: A Modbus Exception Occurred - See Response Body
[2024-12-10T05:52:35.966Z] Error reading or processing Modbus registers: A Modbus Exception Occurred - See Response Body
[2024-12-10T05:52:35.968Z] Error reading register 6507 for IP 10.30.4.128: A Modbus Exception Occurred - See Response Body
[2024-12-10T05:52:35.969Z] Error reading actual data: A Modbus Exception Occurred - See Response Body
[2024-12-10T05:52:35.970Z] Error writing to Modbus register: A Modbus Exception Occurred - See Response Body
[2024-12-10T05:52:36.979Z] Error reading or processing Modbus registers: A Modbus Exception Occurred - See Response Body
[2024-12-10T05:52:36.982Z] Error reading register 6507 for IP 10.30.4.128: A Modbus Exception Occurred - See Response Body
[2024-12-10T05:52:36.983Z] Error reading actual data: A Modbus Exception Occurred - See Response Body
[2024-12-10T05:52:36.984Z] Error writing to Modbus register: A Modbus Exception Occurred - See Response Body
[2024-12-10T05:52:37.980Z] Error reading or processing Modbus registers: A Modbus Exception Occurred - See Response Body
[2024-12-10T05:52:37.982Z] Error reading register 6507 for IP 10.30.4.128: A Modbus Exception Occurred - See Response Body
[2024-12-10T05:52:37.983Z] Error reading actual data: A Modbus Exception Occurred - See Response Body
[2024-12-10T05:52:37.984Z] Error writing to Modbus register: A Modbus Exception Occurred - See Response Body
[2024-12-10T05:52:38.980Z] Error reading or processing Modbus registers: A Modbus Exception Occurred - See Response Body
[2024-12-10T05:52:38.983Z] Error reading register 6507 for IP 10.30.4.128: A Modbus Exception Occurred - See Response Body
[2024-12-10T05:52:38.984Z] Error reading actual data: A Modbus Exception Occurred - See Response Body
[2024-12-10T05:52:38.985Z] Error writing to Modbus register: A Modbus Exception Occurred - See Response Body
[2024-12-10T05:52:39.984Z] Error reading or processing Modbus registers: A Modbus Exception Occurred - See Response Body
[2024-12-10T05:52:39.986Z] Error reading register 6507 for IP 10.30.4.128: A Modbus Exception Occurred - See Response Body
[2024-12-10T05:52:39.987Z] Error reading actual data: A Modbus Exception Occurred - See Response Body
[2024-12-10T05:52:39.987Z] Error writing to Modbus register: A Modbus Exception Occurred - See Response Body
[2024-12-10T05:52:40.985Z] Error reading or processing Modbus registers: A Modbus Exception Occurred - See Response Body
[2024-12-10T05:52:40.988Z] Error reading register 6507 for IP 10.30.4.128: A Modbus Exception Occurred - See Response Body
[2024-12-10T05:52:40.989Z] Error reading actual data: A Modbus Exception Occurred - See Response Body
[2024-12-10T05:52:40.989Z] Error writing to Modbus register: A Modbus Exception Occurred - See Response Body
[2024-12-10T05:52:41.986Z] Error reading or processing Modbus registers: A Modbus Exception Occurred - See Response Body
[2024-12-10T05:52:41.989Z] Error reading register 6507 for IP 10.30.4.128: A Modbus Exception Occurred - See Response Body
[2024-12-10T05:52:41.989Z] Error reading actual data: A Modbus Exception Occurred - See Response Body
[2024-12-10T05:52:41.990Z] Error writing to Modbus register: A Modbus Exception Occurred - See Response Body
[2024-12-10T05:52:42.989Z] Error reading or processing Modbus registers: A Modbus Exception Occurred - See Response Body
[2024-12-10T05:52:42.992Z] Error reading register 6507 for IP 10.30.4.128: A Modbus Exception Occurred - See Response Body
[2024-12-10T05:52:42.993Z] Error reading actual data: A Modbus Exception Occurred - See Response Body
[2024-12-10T05:52:42.993Z] Error writing to Modbus register: A Modbus Exception Occurred - See Response Body
[2024-12-10T05:52:43.990Z] Error reading or processing Modbus registers: A Modbus Exception Occurred - See Response Body
[2024-12-10T05:52:43.992Z] Error reading register 6507 for IP 10.30.4.128: A Modbus Exception Occurred - See Response Body
[2024-12-10T05:52:43.993Z] Error reading actual data: A Modbus Exception Occurred - See Response Body
[2024-12-10T05:52:43.993Z] Error writing to Modbus register: A Modbus Exception Occurred - See Response Body
[2024-12-10T05:52:45.004Z] Error reading or processing Modbus registers: A Modbus Exception Occurred - See Response Body
[2024-12-10T05:52:45.007Z] Error reading register 6507 for IP 10.30.4.128: A Modbus Exception Occurred - See Response Body
[2024-12-10T05:52:45.008Z] Error reading actual data: A Modbus Exception Occurred - See Response Body
[2024-12-10T05:52:45.009Z] Error writing to Modbus register: A Modbus Exception Occurred - See Response Body
[2024-12-10T05:52:46.006Z] Error reading or processing Modbus registers: A Modbus Exception Occurred - See Response Body
[2024-12-10T05:52:46.008Z] Error reading register 6507 for IP 10.30.4.128: A Modbus Exception Occurred - See Response Body
[2024-12-10T05:52:46.009Z] Error reading actual data: A Modbus Exception Occurred - See Response Body
[2024-12-10T05:52:46.010Z] Error writing to Modbus register: A Modbus Exception Occurred - See Response Body
[2024-12-10T05:52:47.009Z] Error reading or processing Modbus registers: A Modbus Exception Occurred - See Response Body
[2024-12-10T05:52:47.011Z] Error reading register 6507 for IP 10.30.4.128: A Modbus Exception Occurred - See Response Body
[2024-12-10T05:52:47.012Z] Error reading actual data: A Modbus Exception Occurred - See Response Body
[2024-12-10T05:52:47.012Z] Error writing to Modbus register: A Modbus Exception Occurred - See Response Body
[2024-12-10T05:52:48.010Z] Error reading or processing Modbus registers: A Modbus Exception Occurred - See Response Body
[2024-12-10T05:52:48.013Z] Error reading register 6507 for IP 10.30.4.128: A Modbus Exception Occurred - See Response Body
[2024-12-10T05:52:48.013Z] Error reading actual data: A Modbus Exception Occurred - See Response Body
[2024-12-10T05:52:48.014Z] Error writing to Modbus register: A Modbus Exception Occurred - See Response Body
[2024-12-10T05:52:49.025Z] Error reading or processing Modbus registers: A Modbus Exception Occurred - See Response Body
[2024-12-10T05:52:49.028Z] Error reading register 6507 for IP 10.30.4.128: A Modbus Exception Occurred - See Response Body
[2024-12-10T05:52:49.028Z] Error reading actual data: A Modbus Exception Occurred - See Response Body
[2024-12-10T05:52:49.029Z] Error writing to Modbus register: A Modbus Exception Occurred - See Response Body
[2024-12-10T05:52:50.040Z] Error reading or processing Modbus registers: A Modbus Exception Occurred - See Response Body
[2024-12-10T05:52:50.042Z] Error reading register 6507 for IP 10.30.4.128: A Modbus Exception Occurred - See Response Body
[2024-12-10T05:52:50.043Z] Error reading actual data: A Modbus Exception Occurred - See Response Body
[2024-12-10T05:52:50.043Z] Error writing to Modbus register: A Modbus Exception Occurred - See Response Body
[2024-12-10T05:52:51.052Z] Error reading or processing Modbus registers: A Modbus Exception Occurred - See Response Body
[2024-12-10T05:52:51.054Z] Error reading register 6507 for IP 10.30.4.128: A Modbus Exception Occurred - See Response Body
[2024-12-10T05:52:51.054Z] Error reading actual data: A Modbus Exception Occurred - See Response Body
[2024-12-10T05:52:51.055Z] Error writing to Modbus register: A Modbus Exception Occurred - See Response Body
[2024-12-10T05:52:52.066Z] Error reading or processing Modbus registers: A Modbus Exception Occurred - See Response Body
[2024-12-10T05:52:52.069Z] Error reading register 6507 for IP 10.30.4.128: A Modbus Exception Occurred - See Response Body
[2024-12-10T05:52:52.069Z] Error reading actual data: A Modbus Exception Occurred - See Response Body
[2024-12-10T05:52:52.070Z] Error writing to Modbus register: A Modbus Exception Occurred - See Response Body
[2024-12-10T05:52:53.080Z] Error reading or processing Modbus registers: A Modbus Exception Occurred - See Response Body
[2024-12-10T05:52:53.082Z] Error reading register 6507 for IP 10.30.4.128: A Modbus Exception Occurred - See Response Body
[2024-12-10T05:52:53.082Z] Error reading actual data: A Modbus Exception Occurred - See Response Body
[2024-12-10T05:52:53.083Z] Error writing to Modbus register: A Modbus Exception Occurred - See Response Body
[2024-12-10T05:52:54.094Z] Error reading or processing Modbus registers: A Modbus Exception Occurred - See Response Body
[2024-12-10T05:52:54.096Z] Error reading register 6507 for IP 10.30.4.128: A Modbus Exception Occurred - See Response Body
[2024-12-10T05:52:54.097Z] Error reading actual data: A Modbus Exception Occurred - See Response Body
[2024-12-10T05:52:54.097Z] Error writing to Modbus register: A Modbus Exception Occurred - See Response Body
[2024-12-10T05:52:55.107Z] Error reading or processing Modbus registers: A Modbus Exception Occurred - See Response Body
[2024-12-10T05:52:55.109Z] Error reading register 6507 for IP 10.30.4.128: A Modbus Exception Occurred - See Response Body
[2024-12-10T05:52:55.110Z] Error reading actual data: A Modbus Exception Occurred - See Response Body
[2024-12-10T05:52:55.112Z] Error writing to Modbus register: A Modbus Exception Occurred - See Response Body
[2024-12-10T05:52:56.119Z] Error reading or processing Modbus registers: A Modbus Exception Occurred - See Response Body
[2024-12-10T05:52:56.121Z] Error reading register 6507 for IP 10.30.4.128: A Modbus Exception Occurred - See Response Body
[2024-12-10T05:52:56.121Z] Error reading actual data: A Modbus Exception Occurred - See Response Body
[2024-12-10T05:52:56.122Z] Error writing to Modbus register: A Modbus Exception Occurred - See Response Body
[2024-12-10T05:52:57.121Z] Error reading or processing Modbus registers: A Modbus Exception Occurred - See Response Body
[2024-12-10T05:52:57.123Z] Error reading register 6507 for IP 10.30.4.128: A Modbus Exception Occurred - See Response Body
[2024-12-10T05:52:57.123Z] Error reading actual data: A Modbus Exception Occurred - See Response Body
[2024-12-10T05:52:57.124Z] Error writing to Modbus register: A Modbus Exception Occurred - See Response Body
[2024-12-10T05:52:58.125Z] Error reading or processing Modbus registers: A Modbus Exception Occurred - See Response Body
[2024-12-10T05:52:58.127Z] Error reading register 6507 for IP 10.30.4.128: A Modbus Exception Occurred - See Response Body
[2024-12-10T05:52:58.128Z] Error reading actual data: A Modbus Exception Occurred - See Response Body
[2024-12-10T05:52:58.128Z] Error writing to Modbus register: A Modbus Exception Occurred - See Response Body
[2024-12-10T05:52:59.139Z] Error reading or processing Modbus registers: A Modbus Exception Occurred - See Response Body
[2024-12-10T05:52:59.141Z] Error reading register 6507 for IP 10.30.4.128: A Modbus Exception Occurred - See Response Body
[2024-12-10T05:52:59.142Z] Error reading actual data: A Modbus Exception Occurred - See Response Body
[2024-12-10T05:52:59.143Z] Error writing to Modbus register: A Modbus Exception Occurred - See Response Body
[2024-12-10T05:53:00.140Z] Error reading or processing Modbus registers: A Modbus Exception Occurred - See Response Body
[2024-12-10T05:53:00.142Z] Error reading register 6507 for IP 10.30.4.128: A Modbus Exception Occurred - See Response Body
[2024-12-10T05:53:00.143Z] Error reading actual data: A Modbus Exception Occurred - See Response Body
[2024-12-10T05:53:00.143Z] Error writing to Modbus register: A Modbus Exception Occurred - See Response Body
[2024-12-10T05:53:01.156Z] Error reading or processing Modbus registers: A Modbus Exception Occurred - See Response Body
[2024-12-10T05:53:01.158Z] Error reading register 6507 for IP 10.30.4.128: A Modbus Exception Occurred - See Response Body
[2024-12-10T05:53:01.159Z] Error reading actual data: A Modbus Exception Occurred - See Response Body
[2024-12-10T05:53:01.160Z] Error writing to Modbus register: A Modbus Exception Occurred - See Response Body
[2024-12-10T05:53:02.167Z] Error reading or processing Modbus registers: A Modbus Exception Occurred - See Response Body
[2024-12-10T05:53:02.169Z] Error reading register 6507 for IP 10.30.4.128: A Modbus Exception Occurred - See Response Body
[2024-12-10T05:53:02.170Z] Error reading actual data: A Modbus Exception Occurred - See Response Body
[2024-12-10T05:53:02.171Z] Error writing to Modbus register: A Modbus Exception Occurred - See Response Body
[2024-12-10T05:53:03.181Z] Error reading or processing Modbus registers: A Modbus Exception Occurred - See Response Body
[2024-12-10T05:53:03.183Z] Error reading register 6507 for IP 10.30.4.128: A Modbus Exception Occurred - See Response Body
[2024-12-10T05:53:03.184Z] Error reading actual data: A Modbus Exception Occurred - See Response Body
[2024-12-10T05:53:03.185Z] Error writing to Modbus register: A Modbus Exception Occurred - See Response Body
[2024-12-10T05:53:04.182Z] Error reading or processing Modbus registers: A Modbus Exception Occurred - See Response Body
[2024-12-10T05:53:04.184Z] Error reading register 6507 for IP 10.30.4.128: A Modbus Exception Occurred - See Response Body
[2024-12-10T05:53:04.185Z] Error reading actual data: A Modbus Exception Occurred - See Response Body
[2024-12-10T05:53:04.185Z] Error writing to Modbus register: A Modbus Exception Occurred - See Response Body
[2024-12-10T05:53:05.197Z] Error reading or processing Modbus registers: A Modbus Exception Occurred - See Response Body
[2024-12-10T05:53:05.199Z] Error reading register 6507 for IP 10.30.4.128: A Modbus Exception Occurred - See Response Body
[2024-12-10T05:53:05.199Z] Error reading actual data: A Modbus Exception Occurred - See Response Body
[2024-12-10T05:53:05.200Z] Error writing to Modbus register: A Modbus Exception Occurred - See Response Body
[2024-12-10T05:53:06.211Z] Error reading or processing Modbus registers: A Modbus Exception Occurred - See Response Body
[2024-12-10T05:53:06.214Z] Error reading register 6507 for IP 10.30.4.128: A Modbus Exception Occurred - See Response Body
[2024-12-10T05:53:06.214Z] Error reading actual data: A Modbus Exception Occurred - See Response Body
[2024-12-10T05:53:06.215Z] Error writing to Modbus register: A Modbus Exception Occurred - See Response Body
[2024-12-10T05:53:07.226Z] Error reading or processing Modbus registers: A Modbus Exception Occurred - See Response Body
[2024-12-10T05:53:07.229Z] Error reading register 6507 for IP 10.30.4.128: A Modbus Exception Occurred - See Response Body
[2024-12-10T05:53:07.230Z] Error reading actual data: A Modbus Exception Occurred - See Response Body
[2024-12-10T05:53:07.231Z] Error writing to Modbus register: A Modbus Exception Occurred - See Response Body
[2024-12-10T05:53:08.241Z] Error reading or processing Modbus registers: A Modbus Exception Occurred - See Response Body
[2024-12-10T05:53:08.243Z] Error reading register 6507 for IP 10.30.4.128: A Modbus Exception Occurred - See Response Body
[2024-12-10T05:53:08.243Z] Error reading actual data: A Modbus Exception Occurred - See Response Body
[2024-12-10T05:53:08.244Z] Error writing to Modbus register: A Modbus Exception Occurred - See Response Body
[2024-12-10T05:53:09.256Z] Error reading or processing Modbus registers: A Modbus Exception Occurred - See Response Body
[2024-12-10T05:53:09.258Z] Error reading register 6507 for IP 10.30.4.128: A Modbus Exception Occurred - See Response Body
[2024-12-10T05:53:09.259Z] Error reading actual data: A Modbus Exception Occurred - See Response Body
[2024-12-10T05:53:09.259Z] Error writing to Modbus register: A Modbus Exception Occurred - See Response Body
[2024-12-10T05:53:10.258Z] Error reading or processing Modbus registers: A Modbus Exception Occurred - See Response Body
[2024-12-10T05:53:10.260Z] Error reading register 6507 for IP 10.30.4.128: A Modbus Exception Occurred - See Response Body
[2024-12-10T05:53:10.260Z] Error reading actual data: A Modbus Exception Occurred - See Response Body
[2024-12-10T05:53:10.261Z] Error writing to Modbus register: A Modbus Exception Occurred - See Response Body
[2024-12-10T05:53:11.265Z] Error reading or processing Modbus registers: A Modbus Exception Occurred - See Response Body
[2024-12-10T05:53:11.267Z] Error reading register 6507 for IP 10.30.4.128: A Modbus Exception Occurred - See Response Body
[2024-12-10T05:53:11.268Z] Error reading actual data: A Modbus Exception Occurred - See Response Body
[2024-12-10T05:53:11.268Z] Error writing to Modbus register: A Modbus Exception Occurred - See Response Body
[2024-12-10T05:53:12.269Z] Error reading or processing Modbus registers: A Modbus Exception Occurred - See Response Body
[2024-12-10T05:53:12.271Z] Error reading register 6507 for IP 10.30.4.128: A Modbus Exception Occurred - See Response Body
[2024-12-10T05:53:12.272Z] Error reading actual data: A Modbus Exception Occurred - See Response Body
[2024-12-10T05:53:12.273Z] Error writing to Modbus register: A Modbus Exception Occurred - See Response Body
[2024-12-10T05:53:13.285Z] Error reading or processing Modbus registers: A Modbus Exception Occurred - See Response Body
[2024-12-10T05:53:13.287Z] Error reading register 6507 for IP 10.30.4.128: A Modbus Exception Occurred - See Response Body
[2024-12-10T05:53:13.287Z] Error reading actual data: A Modbus Exception Occurred - See Response Body
[2024-12-10T05:53:13.288Z] Error writing to Modbus register: A Modbus Exception Occurred - See Response Body
[2024-12-10T05:53:14.287Z] Error reading or processing Modbus registers: A Modbus Exception Occurred - See Response Body
[2024-12-10T05:53:14.289Z] Error reading register 6507 for IP 10.30.4.128: A Modbus Exception Occurred - See Response Body
[2024-12-10T05:53:14.290Z] Error reading actual data: A Modbus Exception Occurred - See Response Body
[2024-12-10T05:53:14.290Z] Error writing to Modbus register: A Modbus Exception Occurred - See Response Body
[2024-12-10T05:53:15.291Z] Error reading or processing Modbus registers: A Modbus Exception Occurred - See Response Body
[2024-12-10T05:53:15.293Z] Error reading register 6507 for IP 10.30.4.128: A Modbus Exception Occurred - See Response Body
[2024-12-10T05:53:15.294Z] Error reading actual data: A Modbus Exception Occurred - See Response Body
[2024-12-10T05:53:15.296Z] Error writing to Modbus register: A Modbus Exception Occurred - See Response Body
[2024-12-10T05:53:16.306Z] Error reading or processing Modbus registers: A Modbus Exception Occurred - See Response Body
[2024-12-10T05:53:16.308Z] Error reading register 6507 for IP 10.30.4.128: A Modbus Exception Occurred - See Response Body
[2024-12-10T05:53:16.309Z] Error reading actual data: A Modbus Exception Occurred - See Response Body
[2024-12-10T05:53:16.309Z] Error writing to Modbus register: A Modbus Exception Occurred - See Response Body
[2024-12-10T05:53:17.317Z] Error reading or processing Modbus registers: A Modbus Exception Occurred - See Response Body
[2024-12-10T05:53:17.319Z] Error reading register 6507 for IP 10.30.4.128: A Modbus Exception Occurred - See Response Body
[2024-12-10T05:53:17.320Z] Error reading actual data: A Modbus Exception Occurred - See Response Body
[2024-12-10T05:53:17.321Z] Error writing to Modbus register: A Modbus Exception Occurred - See Response Body
[2024-12-10T05:53:18.319Z] Error reading or processing Modbus registers: A Modbus Exception Occurred - See Response Body
[2024-12-10T05:53:18.322Z] Error reading register 6507 for IP 10.30.4.128: A Modbus Exception Occurred - See Response Body
[2024-12-10T05:53:18.323Z] Error reading actual data: A Modbus Exception Occurred - See Response Body
[2024-12-10T05:53:18.323Z] Error writing to Modbus register: A Modbus Exception Occurred - See Response Body
[2024-12-10T05:53:19.331Z] Error reading or processing Modbus registers: A Modbus Exception Occurred - See Response Body
[2024-12-10T05:53:19.334Z] Error reading register 6507 for IP 10.30.4.128: A Modbus Exception Occurred - See Response Body
[2024-12-10T05:53:19.335Z] Error reading actual data: A Modbus Exception Occurred - See Response Body
[2024-12-10T05:53:19.335Z] Error writing to Modbus register: A Modbus Exception Occurred - See Response Body
[2024-12-10T05:53:20.333Z] Error reading or processing Modbus registers: A Modbus Exception Occurred - See Response Body
[2024-12-10T05:53:20.335Z] Error reading register 6507 for IP 10.30.4.128: A Modbus Exception Occurred - See Response Body
[2024-12-10T05:53:20.335Z] Error reading actual data: A Modbus Exception Occurred - See Response Body
[2024-12-10T05:53:20.336Z] Error writing to Modbus register: A Modbus Exception Occurred - See Response Body
[2024-12-10T05:53:21.346Z] Error reading or processing Modbus registers: A Modbus Exception Occurred - See Response Body
[2024-12-10T05:53:21.348Z] Error reading register 6507 for IP 10.30.4.128: A Modbus Exception Occurred - See Response Body
[2024-12-10T05:53:21.349Z] Error reading actual data: A Modbus Exception Occurred - See Response Body
[2024-12-10T05:53:21.349Z] Error writing to Modbus register: A Modbus Exception Occurred - See Response Body
[2024-12-10T05:53:22.348Z] Error reading or processing Modbus registers: A Modbus Exception Occurred - See Response Body
[2024-12-10T05:53:22.350Z] Error reading register 6507 for IP 10.30.4.128: A Modbus Exception Occurred - See Response Body
[2024-12-10T05:53:22.351Z] Error reading actual data: A Modbus Exception Occurred - See Response Body
[2024-12-10T05:53:22.352Z] Error writing to Modbus register: A Modbus Exception Occurred - See Response Body
[2024-12-10T05:53:23.350Z] Error reading or processing Modbus registers: A Modbus Exception Occurred - See Response Body
[2024-12-10T05:53:23.352Z] Error reading register 6507 for IP 10.30.4.128: A Modbus Exception Occurred - See Response Body
[2024-12-10T05:53:23.353Z] Error reading actual data: A Modbus Exception Occurred - See Response Body
[2024-12-10T05:53:23.353Z] Error writing to Modbus register: A Modbus Exception Occurred - See Response Body
[2024-12-10T05:53:24.364Z] Error reading or processing Modbus registers: A Modbus Exception Occurred - See Response Body
[2024-12-10T05:53:24.366Z] Error reading register 6507 for IP 10.30.4.128: A Modbus Exception Occurred - See Response Body
[2024-12-10T05:53:24.367Z] Error reading actual data: A Modbus Exception Occurred - See Response Body
[2024-12-10T05:53:24.367Z] Error writing to Modbus register: A Modbus Exception Occurred - See Response Body
[2024-12-10T05:53:25.377Z] Error reading or processing Modbus registers: A Modbus Exception Occurred - See Response Body
[2024-12-10T05:53:25.380Z] Error reading register 6507 for IP 10.30.4.128: A Modbus Exception Occurred - See Response Body
[2024-12-10T05:53:25.380Z] Error reading actual data: A Modbus Exception Occurred - See Response Body
[2024-12-10T05:53:25.381Z] Error writing to Modbus register: A Modbus Exception Occurred - See Response Body
[2024-12-10T05:53:26.378Z] Error reading or processing Modbus registers: A Modbus Exception Occurred - See Response Body
[2024-12-10T05:53:26.380Z] Error reading register 6507 for IP 10.30.4.128: A Modbus Exception Occurred - See Response Body
[2024-12-10T05:53:26.381Z] Error reading actual data: A Modbus Exception Occurred - See Response Body
[2024-12-10T05:53:26.381Z] Error writing to Modbus register: A Modbus Exception Occurred - See Response Body
[2024-12-10T05:53:27.382Z] Error reading or processing Modbus registers: A Modbus Exception Occurred - See Response Body
[2024-12-10T05:53:27.384Z] Error reading register 6507 for IP 10.30.4.128: A Modbus Exception Occurred - See Response Body
[2024-12-10T05:53:27.385Z] Error reading actual data: A Modbus Exception Occurred - See Response Body
[2024-12-10T05:53:27.385Z] Error writing to Modbus register: A Modbus Exception Occurred - See Response Body
[2024-12-10T05:53:28.396Z] Error reading or processing Modbus registers: A Modbus Exception Occurred - See Response Body
[2024-12-10T05:53:28.398Z] Error reading register 6507 for IP 10.30.4.128: A Modbus Exception Occurred - See Response Body
[2024-12-10T05:53:28.398Z] Error reading actual data: A Modbus Exception Occurred - See Response Body
[2024-12-10T05:53:28.399Z] Error writing to Modbus register: A Modbus Exception Occurred - See Response Body
[2024-12-10T05:53:29.396Z] Error reading or processing Modbus registers: A Modbus Exception Occurred - See Response Body
[2024-12-10T05:53:29.398Z] Error reading register 6507 for IP 10.30.4.128: A Modbus Exception Occurred - See Response Body
[2024-12-10T05:53:29.398Z] Error reading actual data: A Modbus Exception Occurred - See Response Body
[2024-12-10T05:53:29.399Z] Error writing to Modbus register: A Modbus Exception Occurred - See Response Body
[2024-12-10T05:53:30.407Z] Error reading or processing Modbus registers: A Modbus Exception Occurred - See Response Body
[2024-12-10T05:53:30.410Z] Error reading register 6507 for IP 10.30.4.128: A Modbus Exception Occurred - See Response Body
[2024-12-10T05:53:30.411Z] Error reading actual data: A Modbus Exception Occurred - See Response Body
[2024-12-10T05:53:30.412Z] Error writing to Modbus register: A Modbus Exception Occurred - See Response Body
[2024-12-10T05:53:31.409Z] Error reading or processing Modbus registers: A Modbus Exception Occurred - See Response Body
[2024-12-10T05:53:31.412Z] Error reading register 6507 for IP 10.30.4.128: A Modbus Exception Occurred - See Response Body
[2024-12-10T05:53:31.413Z] Error reading actual data: A Modbus Exception Occurred - See Response Body
[2024-12-10T05:53:31.413Z] Error writing to Modbus register: A Modbus Exception Occurred - See Response Body
[2024-12-10T05:53:32.422Z] Error reading or processing Modbus registers: A Modbus Exception Occurred - See Response Body
[2024-12-10T05:53:32.427Z] Error reading register 6507 for IP 10.30.4.128: A Modbus Exception Occurred - See Response Body
[2024-12-10T05:53:32.427Z] Error reading actual data: A Modbus Exception Occurred - See Response Body
[2024-12-10T05:53:32.428Z] Error writing to Modbus register: A Modbus Exception Occurred - See Response Body
[2024-12-10T05:53:33.435Z] Error reading or processing Modbus registers: A Modbus Exception Occurred - See Response Body
[2024-12-10T05:53:33.438Z] Error reading register 6507 for IP 10.30.4.128: A Modbus Exception Occurred - See Response Body
[2024-12-10T05:53:33.438Z] Error reading actual data: A Modbus Exception Occurred - See Response Body
[2024-12-10T05:53:33.439Z] Error writing to Modbus register: A Modbus Exception Occurred - See Response Body
[2024-12-10T05:53:34.447Z] Error reading or processing Modbus registers: A Modbus Exception Occurred - See Response Body
[2024-12-10T05:53:34.449Z] Error reading register 6507 for IP 10.30.4.128: A Modbus Exception Occurred - See Response Body
[2024-12-10T05:53:34.450Z] Error reading actual data: A Modbus Exception Occurred - See Response Body
[2024-12-10T05:53:34.450Z] Error writing to Modbus register: A Modbus Exception Occurred - See Response Body
[2024-12-10T05:53:35.449Z] Error reading or processing Modbus registers: A Modbus Exception Occurred - See Response Body
[2024-12-10T05:53:35.451Z] Error reading register 6507 for IP 10.30.4.128: A Modbus Exception Occurred - See Response Body
[2024-12-10T05:53:35.452Z] Error reading actual data: A Modbus Exception Occurred - See Response Body
[2024-12-10T05:53:35.452Z] Error writing to Modbus register: A Modbus Exception Occurred - See Response Body
[2024-12-10T05:53:36.450Z] Error reading or processing Modbus registers: A Modbus Exception Occurred - See Response Body
[2024-12-10T05:53:36.452Z] Error reading register 6507 for IP 10.30.4.128: A Modbus Exception Occurred - See Response Body
[2024-12-10T05:53:36.453Z] Error reading actual data: A Modbus Exception Occurred - See Response Body
[2024-12-10T05:53:36.453Z] Error writing to Modbus register: A Modbus Exception Occurred - See Response Body
[2024-12-10T05:53:37.452Z] Error reading or processing Modbus registers: A Modbus Exception Occurred - See Response Body
[2024-12-10T05:53:37.454Z] Error reading register 6507 for IP 10.30.4.128: A Modbus Exception Occurred - See Response Body
[2024-12-10T05:53:37.455Z] Error reading actual data: A Modbus Exception Occurred - See Response Body
[2024-12-10T05:53:37.455Z] Error writing to Modbus register: A Modbus Exception Occurred - See Response Body
[2024-12-10T05:53:38.454Z] Error reading or processing Modbus registers: A Modbus Exception Occurred - See Response Body
[2024-12-10T05:53:38.456Z] Error reading register 6507 for IP 10.30.4.128: A Modbus Exception Occurred - See Response Body
[2024-12-10T05:53:38.456Z] Error reading actual data: A Modbus Exception Occurred - See Response Body
[2024-12-10T05:53:38.457Z] Error writing to Modbus register: A Modbus Exception Occurred - See Response Body
[2024-12-10T05:53:39.457Z] Error reading or processing Modbus registers: A Modbus Exception Occurred - See Response Body
[2024-12-10T05:53:39.459Z] Error reading register 6507 for IP 10.30.4.128: A Modbus Exception Occurred - See Response Body
[2024-12-10T05:53:39.460Z] Error reading actual data: A Modbus Exception Occurred - See Response Body
[2024-12-10T05:53:39.461Z] Error writing to Modbus register: A Modbus Exception Occurred - See Response Body
[2024-12-10T05:53:40.470Z] Error reading or processing Modbus registers: A Modbus Exception Occurred - See Response Body
[2024-12-10T05:53:40.472Z] Error reading register 6507 for IP 10.30.4.128: A Modbus Exception Occurred - See Response Body
[2024-12-10T05:53:40.472Z] Error reading actual data: A Modbus Exception Occurred - See Response Body
[2024-12-10T05:53:40.473Z] Error writing to Modbus register: A Modbus Exception Occurred - See Response Body
[2024-12-10T05:53:41.471Z] Error reading or processing Modbus registers: A Modbus Exception Occurred - See Response Body
[2024-12-10T05:53:41.473Z] Error reading register 6507 for IP 10.30.4.128: A Modbus Exception Occurred - See Response Body
[2024-12-10T05:53:41.473Z] Error reading actual data: A Modbus Exception Occurred - See Response Body
[2024-12-10T05:53:41.474Z] Error writing to Modbus register: A Modbus Exception Occurred - See Response Body
[2024-12-10T05:53:42.486Z] Error reading or processing Modbus registers: A Modbus Exception Occurred - See Response Body
[2024-12-10T05:53:42.489Z] Error reading register 6507 for IP 10.30.4.128: A Modbus Exception Occurred - See Response Body
[2024-12-10T05:53:42.490Z] Error reading actual data: A Modbus Exception Occurred - See Response Body
[2024-12-10T05:53:42.490Z] Error writing to Modbus register: A Modbus Exception Occurred - See Response Body
[2024-12-10T05:53:43.487Z] Error reading or processing Modbus registers: A Modbus Exception Occurred - See Response Body
[2024-12-10T05:53:43.491Z] Error reading register 6507 for IP 10.30.4.128: A Modbus Exception Occurred - See Response Body
[2024-12-10T05:53:43.492Z] Error reading actual data: A Modbus Exception Occurred - See Response Body
[2024-12-10T05:53:43.492Z] Error writing to Modbus register: A Modbus Exception Occurred - See Response Body
[2024-12-10T05:53:44.489Z] Error reading or processing Modbus registers: A Modbus Exception Occurred - See Response Body
[2024-12-10T05:53:44.490Z] Error reading register 6507 for IP 10.30.4.128: A Modbus Exception Occurred - See Response Body
[2024-12-10T05:53:44.491Z] Error reading actual data: A Modbus Exception Occurred - See Response Body
[2024-12-10T05:53:44.491Z] Error writing to Modbus register: A Modbus Exception Occurred - See Response Body
[2024-12-10T05:53:45.492Z] Error reading or processing Modbus registers: A Modbus Exception Occurred - See Response Body
[2024-12-10T05:53:45.494Z] Error reading register 6507 for IP 10.30.4.128: A Modbus Exception Occurred - See Response Body
[2024-12-10T05:53:45.494Z] Error reading actual data: A Modbus Exception Occurred - See Response Body
[2024-12-10T05:53:45.494Z] Error writing to Modbus register: A Modbus Exception Occurred - See Response Body
[2024-12-10T05:53:46.492Z] Error reading or processing Modbus registers: A Modbus Exception Occurred - See Response Body
[2024-12-10T05:53:46.494Z] Error reading register 6507 for IP 10.30.4.128: A Modbus Exception Occurred - See Response Body
[2024-12-10T05:53:46.495Z] Error reading actual data: A Modbus Exception Occurred - See Response Body
[2024-12-10T05:53:46.495Z] Error writing to Modbus register: A Modbus Exception Occurred - See Response Body
[2024-12-10T05:53:47.494Z] Error reading or processing Modbus registers: A Modbus Exception Occurred - See Response Body
[2024-12-10T05:53:47.496Z] Error reading register 6507 for IP 10.30.4.128: A Modbus Exception Occurred - See Response Body
[2024-12-10T05:53:47.496Z] Error reading actual data: A Modbus Exception Occurred - See Response Body
[2024-12-10T05:53:47.497Z] Error writing to Modbus register: A Modbus Exception Occurred - See Response Body
[2024-12-10T05:53:48.506Z] Error reading or processing Modbus registers: A Modbus Exception Occurred - See Response Body
[2024-12-10T05:53:48.508Z] Error reading register 6507 for IP 10.30.4.128: A Modbus Exception Occurred - See Response Body
[2024-12-10T05:53:48.509Z] Error reading actual data: A Modbus Exception Occurred - See Response Body
[2024-12-10T05:53:48.509Z] Error writing to Modbus register: A Modbus Exception Occurred - See Response Body
[2024-12-10T05:53:49.518Z] Error reading or processing Modbus registers: A Modbus Exception Occurred - See Response Body
[2024-12-10T05:53:49.520Z] Error reading register 6507 for IP 10.30.4.128: A Modbus Exception Occurred - See Response Body
[2024-12-10T05:53:49.520Z] Error reading actual data: A Modbus Exception Occurred - See Response Body
[2024-12-10T05:53:49.521Z] Error writing to Modbus register: A Modbus Exception Occurred - See Response Body
[2024-12-10T05:53:50.531Z] Error reading or processing Modbus registers: A Modbus Exception Occurred - See Response Body
[2024-12-10T05:53:50.533Z] Error reading register 6507 for IP 10.30.4.128: A Modbus Exception Occurred - See Response Body
[2024-12-10T05:53:50.534Z] Error reading actual data: A Modbus Exception Occurred - See Response Body
[2024-12-10T05:53:50.535Z] Error writing to Modbus register: A Modbus Exception Occurred - See Response Body
[2024-12-10T05:53:51.531Z] Error reading or processing Modbus registers: A Modbus Exception Occurred - See Response Body
[2024-12-10T05:53:51.534Z] Error reading register 6507 for IP 10.30.4.128: A Modbus Exception Occurred - See Response Body
[2024-12-10T05:53:51.534Z] Error reading actual data: A Modbus Exception Occurred - See Response Body
[2024-12-10T05:53:51.535Z] Error writing to Modbus register: A Modbus Exception Occurred - See Response Body
[2024-12-10T05:53:52.531Z] Error reading or processing Modbus registers: A Modbus Exception Occurred - See Response Body
[2024-12-10T05:53:52.533Z] Error reading register 6507 for IP 10.30.4.128: A Modbus Exception Occurred - See Response Body
[2024-12-10T05:53:52.534Z] Error reading actual data: A Modbus Exception Occurred - See Response Body
[2024-12-10T05:53:52.534Z] Error writing to Modbus register: A Modbus Exception Occurred - See Response Body
[2024-12-10T05:53:53.544Z] Error reading or processing Modbus registers: A Modbus Exception Occurred - See Response Body
[2024-12-10T05:53:53.547Z] Error reading register 6507 for IP 10.30.4.128: A Modbus Exception Occurred - See Response Body
[2024-12-10T05:53:53.548Z] Error reading actual data: A Modbus Exception Occurred - See Response Body
[2024-12-10T05:53:53.549Z] Error writing to Modbus register: A Modbus Exception Occurred - See Response Body
[2024-12-10T05:53:54.559Z] Error reading or processing Modbus registers: A Modbus Exception Occurred - See Response Body
[2024-12-10T05:53:54.562Z] Error reading register 6507 for IP 10.30.4.128: A Modbus Exception Occurred - See Response Body
[2024-12-10T05:53:54.562Z] Error reading actual data: A Modbus Exception Occurred - See Response Body
[2024-12-10T05:53:54.563Z] Error writing to Modbus register: A Modbus Exception Occurred - See Response Body
[2024-12-10T05:53:55.574Z] Error reading or processing Modbus registers: A Modbus Exception Occurred - See Response Body
[2024-12-10T05:53:55.576Z] Error reading register 6507 for IP 10.30.4.128: A Modbus Exception Occurred - See Response Body
[2024-12-10T05:53:55.577Z] Error reading actual data: A Modbus Exception Occurred - See Response Body
[2024-12-10T05:53:55.577Z] Error writing to Modbus register: A Modbus Exception Occurred - See Response Body
[2024-12-10T05:53:56.586Z] Error reading or processing Modbus registers: A Modbus Exception Occurred - See Response Body
[2024-12-10T05:53:56.588Z] Error reading register 6507 for IP 10.30.4.128: A Modbus Exception Occurred - See Response Body
[2024-12-10T05:53:56.589Z] Error reading actual data: A Modbus Exception Occurred - See Response Body
[2024-12-10T05:53:56.590Z] Error writing to Modbus register: A Modbus Exception Occurred - See Response Body
[2024-12-10T05:53:57.601Z] Error reading or processing Modbus registers: A Modbus Exception Occurred - See Response Body
[2024-12-10T05:53:57.603Z] Error reading register 6507 for IP 10.30.4.128: A Modbus Exception Occurred - See Response Body
[2024-12-10T05:53:57.604Z] Error reading actual data: A Modbus Exception Occurred - See Response Body
[2024-12-10T05:53:57.605Z] Error writing to Modbus register: A Modbus Exception Occurred - See Response Body
[2024-12-10T05:53:58.605Z] Error reading or processing Modbus registers: A Modbus Exception Occurred - See Response Body
[2024-12-10T05:53:58.607Z] Error reading register 6507 for IP 10.30.4.128: A Modbus Exception Occurred - See Response Body
[2024-12-10T05:53:58.607Z] Error reading actual data: A Modbus Exception Occurred - See Response Body
[2024-12-10T05:53:58.608Z] Error writing to Modbus register: A Modbus Exception Occurred - See Response Body
[2024-12-10T05:53:59.618Z] Error reading or processing Modbus registers: A Modbus Exception Occurred - See Response Body
[2024-12-10T05:53:59.620Z] Error reading register 6507 for IP 10.30.4.128: A Modbus Exception Occurred - See Response Body
[2024-12-10T05:53:59.620Z] Error reading actual data: A Modbus Exception Occurred - See Response Body
[2024-12-10T05:53:59.621Z] Error writing to Modbus register: A Modbus Exception Occurred - See Response Body
[2024-12-10T05:54:00.629Z] Error reading or processing Modbus registers: A Modbus Exception Occurred - See Response Body
[2024-12-10T05:54:00.631Z] Error reading register 6507 for IP 10.30.4.128: A Modbus Exception Occurred - See Response Body
[2024-12-10T05:54:00.632Z] Error reading actual data: A Modbus Exception Occurred - See Response Body
[2024-12-10T05:54:00.632Z] Error writing to Modbus register: A Modbus Exception Occurred - See Response Body
[2024-12-10T05:54:01.630Z] Error reading or processing Modbus registers: A Modbus Exception Occurred - See Response Body
[2024-12-10T05:54:01.632Z] Error reading register 6507 for IP 10.30.4.128: A Modbus Exception Occurred - See Response Body
[2024-12-10T05:54:01.633Z] Error reading actual data: A Modbus Exception Occurred - See Response Body
[2024-12-10T05:54:01.633Z] Error writing to Modbus register: A Modbus Exception Occurred - See Response Body
[2024-12-10T05:54:02.643Z] Error reading or processing Modbus registers: A Modbus Exception Occurred - See Response Body
[2024-12-10T05:54:02.646Z] Error reading register 6507 for IP 10.30.4.128: A Modbus Exception Occurred - See Response Body
[2024-12-10T05:54:02.646Z] Error reading actual data: A Modbus Exception Occurred - See Response Body
[2024-12-10T05:54:02.647Z] Error writing to Modbus register: A Modbus Exception Occurred - See Response Body
[2024-12-10T05:54:03.658Z] Error reading or processing Modbus registers: A Modbus Exception Occurred - See Response Body
[2024-12-10T05:54:03.660Z] Error reading register 6507 for IP 10.30.4.128: A Modbus Exception Occurred - See Response Body
[2024-12-10T05:54:03.661Z] Error reading actual data: A Modbus Exception Occurred - See Response Body
[2024-12-10T05:54:03.661Z] Error writing to Modbus register: A Modbus Exception Occurred - See Response Body
[2024-12-10T05:54:04.672Z] Error reading or processing Modbus registers: A Modbus Exception Occurred - See Response Body
[2024-12-10T05:54:04.674Z] Error reading register 6507 for IP 10.30.4.128: A Modbus Exception Occurred - See Response Body
[2024-12-10T05:54:04.675Z] Error reading actual data: A Modbus Exception Occurred - See Response Body
[2024-12-10T05:54:04.676Z] Error writing to Modbus register: A Modbus Exception Occurred - See Response Body
[2024-12-10T05:54:05.685Z] Error reading or processing Modbus registers: A Modbus Exception Occurred - See Response Body
[2024-12-10T05:54:05.687Z] Error reading register 6507 for IP 10.30.4.128: A Modbus Exception Occurred - See Response Body
[2024-12-10T05:54:05.688Z] Error reading actual data: A Modbus Exception Occurred - See Response Body
[2024-12-10T05:54:05.688Z] Error writing to Modbus register: A Modbus Exception Occurred - See Response Body
[2024-12-10T05:54:06.697Z] Error reading or processing Modbus registers: A Modbus Exception Occurred - See Response Body
[2024-12-10T05:54:06.699Z] Error reading register 6507 for IP 10.30.4.128: A Modbus Exception Occurred - See Response Body
[2024-12-10T05:54:06.700Z] Error reading actual data: A Modbus Exception Occurred - See Response Body
[2024-12-10T05:54:06.700Z] Error writing to Modbus register: A Modbus Exception Occurred - See Response Body
[2024-12-10T05:54:07.698Z] Error reading or processing Modbus registers: A Modbus Exception Occurred - See Response Body
[2024-12-10T05:54:07.699Z] Error reading register 6507 for IP 10.30.4.128: A Modbus Exception Occurred - See Response Body
[2024-12-10T05:54:07.701Z] Error reading actual data: A Modbus Exception Occurred - See Response Body
[2024-12-10T05:54:07.701Z] Error writing to Modbus register: A Modbus Exception Occurred - See Response Body
[2024-12-10T05:54:08.712Z] Error reading or processing Modbus registers: A Modbus Exception Occurred - See Response Body
[2024-12-10T05:54:08.715Z] Error reading register 6507 for IP 10.30.4.128: A Modbus Exception Occurred - See Response Body
[2024-12-10T05:54:08.715Z] Error reading actual data: A Modbus Exception Occurred - See Response Body
[2024-12-10T05:54:08.716Z] Error writing to Modbus register: A Modbus Exception Occurred - See Response Body
[2024-12-10T05:54:09.725Z] Error reading or processing Modbus registers: A Modbus Exception Occurred - See Response Body
[2024-12-10T05:54:09.728Z] Error reading register 6507 for IP 10.30.4.128: A Modbus Exception Occurred - See Response Body
[2024-12-10T05:54:09.728Z] Error reading actual data: A Modbus Exception Occurred - See Response Body
[2024-12-10T05:54:09.729Z] Error writing to Modbus register: A Modbus Exception Occurred - See Response Body
[2024-12-10T05:54:10.739Z] Error reading or processing Modbus registers: A Modbus Exception Occurred - See Response Body
[2024-12-10T05:54:10.741Z] Error reading register 6507 for IP 10.30.4.128: A Modbus Exception Occurred - See Response Body
[2024-12-10T05:54:10.742Z] Error reading actual data: A Modbus Exception Occurred - See Response Body
[2024-12-10T05:54:10.743Z] Error writing to Modbus register: A Modbus Exception Occurred - See Response Body
[2024-12-10T05:54:11.739Z] Error reading or processing Modbus registers: A Modbus Exception Occurred - See Response Body
[2024-12-10T05:54:11.741Z] Error reading register 6507 for IP 10.30.4.128: A Modbus Exception Occurred - See Response Body
[2024-12-10T05:54:11.742Z] Error reading actual data: A Modbus Exception Occurred - See Response Body
[2024-12-10T05:54:11.743Z] Error writing to Modbus register: A Modbus Exception Occurred - See Response Body
[2024-12-10T05:54:12.752Z] Error reading or processing Modbus registers: A Modbus Exception Occurred - See Response Body
[2024-12-10T05:54:12.755Z] Error reading register 6507 for IP 10.30.4.128: A Modbus Exception Occurred - See Response Body
[2024-12-10T05:54:12.755Z] Error reading actual data: A Modbus Exception Occurred - See Response Body
[2024-12-10T05:54:12.756Z] Error writing to Modbus register: A Modbus Exception Occurred - See Response Body
[2024-12-10T05:54:13.753Z] Error reading or processing Modbus registers: A Modbus Exception Occurred - See Response Body
[2024-12-10T05:54:13.755Z] Error reading register 6507 for IP 10.30.4.128: A Modbus Exception Occurred - See Response Body
[2024-12-10T05:54:13.756Z] Error reading actual data: A Modbus Exception Occurred - See Response Body
[2024-12-10T05:54:13.757Z] Error writing to Modbus register: A Modbus Exception Occurred - See Response Body
[2024-12-10T05:54:14.768Z] Error reading or processing Modbus registers: A Modbus Exception Occurred - See Response Body
[2024-12-10T05:54:14.770Z] Error reading register 6507 for IP 10.30.4.128: A Modbus Exception Occurred - See Response Body
[2024-12-10T05:54:14.771Z] Error reading actual data: A Modbus Exception Occurred - See Response Body
[2024-12-10T05:54:14.771Z] Error writing to Modbus register: A Modbus Exception Occurred - See Response Body
[2024-12-10T05:54:15.784Z] Error reading or processing Modbus registers: A Modbus Exception Occurred - See Response Body
[2024-12-10T05:54:15.789Z] Error reading register 6507 for IP 10.30.4.128: A Modbus Exception Occurred - See Response Body
[2024-12-10T05:54:15.790Z] Error reading actual data: A Modbus Exception Occurred - See Response Body
[2024-12-10T05:54:15.791Z] Error writing to Modbus register: A Modbus Exception Occurred - See Response Body
[2024-12-10T05:54:16.784Z] Error reading or processing Modbus registers: A Modbus Exception Occurred - See Response Body
[2024-12-10T05:54:16.789Z] Error reading register 6507 for IP 10.30.4.128: A Modbus Exception Occurred - See Response Body
[2024-12-10T05:54:16.790Z] Error reading actual data: A Modbus Exception Occurred - See Response Body
[2024-12-10T05:54:16.790Z] Error writing to Modbus register: A Modbus Exception Occurred - See Response Body
[2024-12-10T05:54:17.789Z] Error reading or processing Modbus registers: A Modbus Exception Occurred - See Response Body
[2024-12-10T05:54:17.792Z] Error reading register 6507 for IP 10.30.4.128: A Modbus Exception Occurred - See Response Body
[2024-12-10T05:54:17.792Z] Error reading actual data: A Modbus Exception Occurred - See Response Body
[2024-12-10T05:54:17.793Z] Error writing to Modbus register: A Modbus Exception Occurred - See Response Body
[2024-12-10T05:54:18.800Z] Error reading or processing Modbus registers: A Modbus Exception Occurred - See Response Body
[2024-12-10T05:54:18.802Z] Error reading register 6507 for IP 10.30.4.128: A Modbus Exception Occurred - See Response Body
[2024-12-10T05:54:18.803Z] Error reading actual data: A Modbus Exception Occurred - See Response Body
[2024-12-10T05:54:18.803Z] Error writing to Modbus register: A Modbus Exception Occurred - See Response Body
[2024-12-10T05:54:19.816Z] Error reading or processing Modbus registers: A Modbus Exception Occurred - See Response Body
[2024-12-10T05:54:19.818Z] Error reading register 6507 for IP 10.30.4.128: A Modbus Exception Occurred - See Response Body
[2024-12-10T05:54:19.819Z] Error reading actual data: A Modbus Exception Occurred - See Response Body
[2024-12-10T05:54:19.819Z] Error writing to Modbus register: A Modbus Exception Occurred - See Response Body
[2024-12-10T05:54:20.830Z] Error reading or processing Modbus registers: A Modbus Exception Occurred - See Response Body
[2024-12-10T05:54:20.833Z] Error reading register 6507 for IP 10.30.4.128: A Modbus Exception Occurred - See Response Body
[2024-12-10T05:54:20.833Z] Error reading actual data: A Modbus Exception Occurred - See Response Body
[2024-12-10T05:54:20.834Z] Error writing to Modbus register: A Modbus Exception Occurred - See Response Body
[2024-12-10T05:54:21.843Z] Error reading or processing Modbus registers: A Modbus Exception Occurred - See Response Body
[2024-12-10T05:54:21.845Z] Error reading register 6507 for IP 10.30.4.128: A Modbus Exception Occurred - See Response Body
[2024-12-10T05:54:21.846Z] Error reading actual data: A Modbus Exception Occurred - See Response Body
[2024-12-10T05:54:21.846Z] Error writing to Modbus register: A Modbus Exception Occurred - See Response Body
[2024-12-10T05:54:22.851Z] Error reading or processing Modbus registers: A Modbus Exception Occurred - See Response Body
[2024-12-10T05:54:22.853Z] Error reading register 6507 for IP 10.30.4.128: A Modbus Exception Occurred - See Response Body
[2024-12-10T05:54:22.854Z] Error reading actual data: A Modbus Exception Occurred - See Response Body
[2024-12-10T05:54:22.854Z] Error writing to Modbus register: A Modbus Exception Occurred - See Response Body
[2024-12-10T05:54:23.861Z] Error reading or processing Modbus registers: A Modbus Exception Occurred - See Response Body
[2024-12-10T05:54:23.863Z] Error reading register 6507 for IP 10.30.4.128: A Modbus Exception Occurred - See Response Body
[2024-12-10T05:54:23.864Z] Error reading actual data: A Modbus Exception Occurred - See Response Body
[2024-12-10T05:54:23.864Z] Error writing to Modbus register: A Modbus Exception Occurred - See Response Body
[2024-12-10T05:54:24.874Z] Error reading or processing Modbus registers: A Modbus Exception Occurred - See Response Body
[2024-12-10T05:54:24.876Z] Error reading register 6507 for IP 10.30.4.128: A Modbus Exception Occurred - See Response Body
[2024-12-10T05:54:24.877Z] Error reading actual data: A Modbus Exception Occurred - See Response Body
[2024-12-10T05:54:24.878Z] Error writing to Modbus register: A Modbus Exception Occurred - See Response Body
[2024-12-10T05:54:25.884Z] Error reading or processing Modbus registers: A Modbus Exception Occurred - See Response Body
[2024-12-10T05:54:25.887Z] Error reading register 6507 for IP 10.30.4.128: A Modbus Exception Occurred - See Response Body
[2024-12-10T05:54:25.887Z] Error reading actual data: A Modbus Exception Occurred - See Response Body
[2024-12-10T05:54:25.888Z] Error writing to Modbus register: A Modbus Exception Occurred - See Response Body
[2024-12-10T05:54:26.898Z] Error reading or processing Modbus registers: A Modbus Exception Occurred - See Response Body
[2024-12-10T05:54:26.900Z] Error reading register 6507 for IP 10.30.4.128: A Modbus Exception Occurred - See Response Body
[2024-12-10T05:54:26.901Z] Error reading actual data: A Modbus Exception Occurred - See Response Body
[2024-12-10T05:54:26.901Z] Error writing to Modbus register: A Modbus Exception Occurred - See Response Body
[2024-12-10T05:54:27.898Z] Error reading or processing Modbus registers: A Modbus Exception Occurred - See Response Body
[2024-12-10T05:54:27.901Z] Error reading register 6507 for IP 10.30.4.128: A Modbus Exception Occurred - See Response Body
[2024-12-10T05:54:27.902Z] Error reading actual data: A Modbus Exception Occurred - See Response Body
[2024-12-10T05:54:27.902Z] Error writing to Modbus register: A Modbus Exception Occurred - See Response Body
[2024-12-10T05:54:28.910Z] Error reading or processing Modbus registers: A Modbus Exception Occurred - See Response Body
[2024-12-10T05:54:28.912Z] Error reading register 6507 for IP 10.30.4.128: A Modbus Exception Occurred - See Response Body
[2024-12-10T05:54:28.913Z] Error reading actual data: A Modbus Exception Occurred - See Response Body
[2024-12-10T05:54:28.914Z] Error writing to Modbus register: A Modbus Exception Occurred - See Response Body
[2024-12-10T05:54:29.920Z] Error reading or processing Modbus registers: A Modbus Exception Occurred - See Response Body
[2024-12-10T05:54:29.922Z] Error reading register 6507 for IP 10.30.4.128: A Modbus Exception Occurred - See Response Body
[2024-12-10T05:54:29.923Z] Error reading actual data: A Modbus Exception Occurred - See Response Body
[2024-12-10T05:54:29.924Z] Error writing to Modbus register: A Modbus Exception Occurred - See Response Body
[2024-12-10T05:54:30.933Z] Error reading or processing Modbus registers: A Modbus Exception Occurred - See Response Body
[2024-12-10T05:54:30.935Z] Error reading register 6507 for IP 10.30.4.128: A Modbus Exception Occurred - See Response Body
[2024-12-10T05:54:30.936Z] Error reading actual data: A Modbus Exception Occurred - See Response Body
[2024-12-10T05:54:30.936Z] Error writing to Modbus register: A Modbus Exception Occurred - See Response Body
[2024-12-10T05:54:31.943Z] Error reading or processing Modbus registers: A Modbus Exception Occurred - See Response Body
[2024-12-10T05:54:31.945Z] Error reading register 6507 for IP 10.30.4.128: A Modbus Exception Occurred - See Response Body
[2024-12-10T05:54:31.946Z] Error reading actual data: A Modbus Exception Occurred - See Response Body
[2024-12-10T05:54:31.947Z] Error writing to Modbus register: A Modbus Exception Occurred - See Response Body
[2024-12-10T05:54:32.954Z] Error reading or processing Modbus registers: A Modbus Exception Occurred - See Response Body
[2024-12-10T05:54:32.957Z] Error reading register 6507 for IP 10.30.4.128: A Modbus Exception Occurred - See Response Body
[2024-12-10T05:54:32.958Z] Error reading actual data: A Modbus Exception Occurred - See Response Body
[2024-12-10T05:54:32.958Z] Error writing to Modbus register: A Modbus Exception Occurred - See Response Body
[2024-12-10T05:54:33.969Z] Error reading or processing Modbus registers: A Modbus Exception Occurred - See Response Body
[2024-12-10T05:54:33.971Z] Error reading register 6507 for IP 10.30.4.128: A Modbus Exception Occurred - See Response Body
[2024-12-10T05:54:33.972Z] Error reading actual data: A Modbus Exception Occurred - See Response Body
[2024-12-10T05:54:33.972Z] Error writing to Modbus register: A Modbus Exception Occurred - See Response Body
[2024-12-10T05:54:34.985Z] Error reading or processing Modbus registers: A Modbus Exception Occurred - See Response Body
[2024-12-10T05:54:34.987Z] Error reading register 6507 for IP 10.30.4.128: A Modbus Exception Occurred - See Response Body
[2024-12-10T05:54:34.987Z] Error reading actual data: A Modbus Exception Occurred - See Response Body
[2024-12-10T05:54:34.988Z] Error writing to Modbus register: A Modbus Exception Occurred - See Response Body
[2024-12-10T05:54:35.997Z] Error reading or processing Modbus registers: A Modbus Exception Occurred - See Response Body
[2024-12-10T05:54:35.999Z] Error reading register 6507 for IP 10.30.4.128: A Modbus Exception Occurred - See Response Body
[2024-12-10T05:54:36.000Z] Error reading actual data: A Modbus Exception Occurred - See Response Body
[2024-12-10T05:54:36.000Z] Error writing to Modbus register: A Modbus Exception Occurred - See Response Body
[2024-12-10T05:54:37.001Z] Error reading or processing Modbus registers: A Modbus Exception Occurred - See Response Body
[2024-12-10T05:54:37.003Z] Error reading register 6507 for IP 10.30.4.128: A Modbus Exception Occurred - See Response Body
[2024-12-10T05:54:37.004Z] Error reading actual data: A Modbus Exception Occurred - See Response Body
[2024-12-10T05:54:37.004Z] Error writing to Modbus register: A Modbus Exception Occurred - See Response Body
[2024-12-10T05:54:38.002Z] Error reading or processing Modbus registers: A Modbus Exception Occurred - See Response Body
[2024-12-10T05:54:38.004Z] Error reading register 6507 for IP 10.30.4.128: A Modbus Exception Occurred - See Response Body
[2024-12-10T05:54:38.005Z] Error reading actual data: A Modbus Exception Occurred - See Response Body
[2024-12-10T05:54:38.005Z] Error writing to Modbus register: A Modbus Exception Occurred - See Response Body
[2024-12-10T05:54:39.003Z] Error reading or processing Modbus registers: A Modbus Exception Occurred - See Response Body
[2024-12-10T05:54:39.005Z] Error reading register 6507 for IP 10.30.4.128: A Modbus Exception Occurred - See Response Body
[2024-12-10T05:54:39.006Z] Error reading actual data: A Modbus Exception Occurred - See Response Body
[2024-12-10T05:54:39.006Z] Error writing to Modbus register: A Modbus Exception Occurred - See Response Body
[2024-12-10T05:54:40.017Z] Error reading or processing Modbus registers: A Modbus Exception Occurred - See Response Body
[2024-12-10T05:54:40.019Z] Error reading register 6507 for IP 10.30.4.128: A Modbus Exception Occurred - See Response Body
[2024-12-10T05:54:40.020Z] Error reading actual data: A Modbus Exception Occurred - See Response Body
[2024-12-10T05:54:40.020Z] Error writing to Modbus register: A Modbus Exception Occurred - See Response Body
[2024-12-10T05:54:41.031Z] Error reading or processing Modbus registers: A Modbus Exception Occurred - See Response Body
[2024-12-10T05:54:41.034Z] Error reading register 6507 for IP 10.30.4.128: A Modbus Exception Occurred - See Response Body
[2024-12-10T05:54:41.035Z] Error reading actual data: A Modbus Exception Occurred - See Response Body
[2024-12-10T05:54:41.036Z] Error writing to Modbus register: A Modbus Exception Occurred - See Response Body
[2024-12-10T05:54:42.031Z] Error reading or processing Modbus registers: A Modbus Exception Occurred - See Response Body
[2024-12-10T05:54:42.033Z] Error reading register 6507 for IP 10.30.4.128: A Modbus Exception Occurred - See Response Body
[2024-12-10T05:54:42.034Z] Error reading actual data: A Modbus Exception Occurred - See Response Body
[2024-12-10T05:54:42.035Z] Error writing to Modbus register: A Modbus Exception Occurred - See Response Body
[2024-12-10T05:54:43.042Z] Error reading or processing Modbus registers: A Modbus Exception Occurred - See Response Body
[2024-12-10T05:54:43.045Z] Error reading register 6507 for IP 10.30.4.128: A Modbus Exception Occurred - See Response Body
[2024-12-10T05:54:43.045Z] Error reading actual data: A Modbus Exception Occurred - See Response Body
[2024-12-10T05:54:43.046Z] Error writing to Modbus register: A Modbus Exception Occurred - See Response Body
[2024-12-10T05:54:44.056Z] Error reading or processing Modbus registers: A Modbus Exception Occurred - See Response Body
[2024-12-10T05:54:44.058Z] Error reading register 6507 for IP 10.30.4.128: A Modbus Exception Occurred - See Response Body
[2024-12-10T05:54:44.059Z] Error reading actual data: A Modbus Exception Occurred - See Response Body
[2024-12-10T05:54:44.059Z] Error writing to Modbus register: A Modbus Exception Occurred - See Response Body
[2024-12-10T05:54:45.071Z] Error reading or processing Modbus registers: A Modbus Exception Occurred - See Response Body
[2024-12-10T05:54:45.074Z] Error reading register 6507 for IP 10.30.4.128: A Modbus Exception Occurred - See Response Body
[2024-12-10T05:54:45.075Z] Error reading actual data: A Modbus Exception Occurred - See Response Body
[2024-12-10T05:54:45.075Z] Error writing to Modbus register: A Modbus Exception Occurred - See Response Body
[2024-12-10T05:54:46.074Z] Error reading or processing Modbus registers: A Modbus Exception Occurred - See Response Body
[2024-12-10T05:54:46.076Z] Error reading register 6507 for IP 10.30.4.128: A Modbus Exception Occurred - See Response Body
[2024-12-10T05:54:46.077Z] Error reading actual data: A Modbus Exception Occurred - See Response Body
[2024-12-10T05:54:46.077Z] Error writing to Modbus register: A Modbus Exception Occurred - See Response Body
[2024-12-10T05:54:47.087Z] Error reading or processing Modbus registers: A Modbus Exception Occurred - See Response Body
[2024-12-10T05:54:47.089Z] Error reading register 6507 for IP 10.30.4.128: A Modbus Exception Occurred - See Response Body
[2024-12-10T05:54:47.090Z] Error reading actual data: A Modbus Exception Occurred - See Response Body
[2024-12-10T05:54:47.090Z] Error writing to Modbus register: A Modbus Exception Occurred - See Response Body
[2024-12-10T05:54:48.088Z] Error reading or processing Modbus registers: A Modbus Exception Occurred - See Response Body
[2024-12-10T05:54:48.090Z] Error reading register 6507 for IP 10.30.4.128: A Modbus Exception Occurred - See Response Body
[2024-12-10T05:54:48.091Z] Error reading actual data: A Modbus Exception Occurred - See Response Body
[2024-12-10T05:54:48.092Z] Error writing to Modbus register: A Modbus Exception Occurred - See Response Body
[2024-12-10T05:54:49.101Z] Error reading or processing Modbus registers: A Modbus Exception Occurred - See Response Body
[2024-12-10T05:54:49.103Z] Error reading register 6507 for IP 10.30.4.128: A Modbus Exception Occurred - See Response Body
[2024-12-10T05:54:49.103Z] Error reading actual data: A Modbus Exception Occurred - See Response Body
[2024-12-10T05:54:49.104Z] Error writing to Modbus register: A Modbus Exception Occurred - See Response Body
[2024-12-10T05:54:50.106Z] Error reading or processing Modbus registers: A Modbus Exception Occurred - See Response Body
[2024-12-10T05:54:50.108Z] Error reading register 6507 for IP 10.30.4.128: A Modbus Exception Occurred - See Response Body
[2024-12-10T05:54:50.109Z] Error reading actual data: A Modbus Exception Occurred - See Response Body
[2024-12-10T05:54:50.109Z] Error writing to Modbus register: A Modbus Exception Occurred - See Response Body
[2024-12-10T05:54:51.106Z] Error reading or processing Modbus registers: A Modbus Exception Occurred - See Response Body
[2024-12-10T05:54:51.108Z] Error reading register 6507 for IP 10.30.4.128: A Modbus Exception Occurred - See Response Body
[2024-12-10T05:54:51.109Z] Error reading actual data: A Modbus Exception Occurred - See Response Body
[2024-12-10T05:54:51.109Z] Error writing to Modbus register: A Modbus Exception Occurred - See Response Body
[2024-12-10T05:54:52.107Z] Error reading or processing Modbus registers: A Modbus Exception Occurred - See Response Body
[2024-12-10T05:54:52.109Z] Error reading register 6507 for IP 10.30.4.128: A Modbus Exception Occurred - See Response Body
[2024-12-10T05:54:52.110Z] Error reading actual data: A Modbus Exception Occurred - See Response Body
[2024-12-10T05:54:52.110Z] Error writing to Modbus register: A Modbus Exception Occurred - See Response Body
[2024-12-10T05:54:53.107Z] Error reading or processing Modbus registers: A Modbus Exception Occurred - See Response Body
[2024-12-10T05:54:53.109Z] Error reading register 6507 for IP 10.30.4.128: A Modbus Exception Occurred - See Response Body
[2024-12-10T05:54:53.110Z] Error reading actual data: A Modbus Exception Occurred - See Response Body
[2024-12-10T05:54:53.110Z] Error writing to Modbus register: A Modbus Exception Occurred - See Response Body
[2024-12-10T05:54:54.121Z] Error reading or processing Modbus registers: A Modbus Exception Occurred - See Response Body
[2024-12-10T05:54:54.124Z] Error reading register 6507 for IP 10.30.4.128: A Modbus Exception Occurred - See Response Body
[2024-12-10T05:54:54.124Z] Error reading actual data: A Modbus Exception Occurred - See Response Body
[2024-12-10T05:54:54.125Z] Error writing to Modbus register: A Modbus Exception Occurred - See Response Body
[2024-12-10T05:54:55.122Z] Error reading or processing Modbus registers: A Modbus Exception Occurred - See Response Body
[2024-12-10T05:54:55.124Z] Error reading register 6507 for IP 10.30.4.128: A Modbus Exception Occurred - See Response Body
[2024-12-10T05:54:55.124Z] Error reading actual data: A Modbus Exception Occurred - See Response Body
[2024-12-10T05:54:55.125Z] Error writing to Modbus register: A Modbus Exception Occurred - See Response Body
[2024-12-10T05:54:56.137Z] Error reading or processing Modbus registers: A Modbus Exception Occurred - See Response Body
[2024-12-10T05:54:56.139Z] Error reading register 6507 for IP 10.30.4.128: A Modbus Exception Occurred - See Response Body
[2024-12-10T05:54:56.139Z] Error reading actual data: A Modbus Exception Occurred - See Response Body
[2024-12-10T05:54:56.140Z] Error writing to Modbus register: A Modbus Exception Occurred - See Response Body
[2024-12-10T05:54:57.148Z] Error reading or processing Modbus registers: A Modbus Exception Occurred - See Response Body
[2024-12-10T05:54:57.151Z] Error reading register 6507 for IP 10.30.4.128: A Modbus Exception Occurred - See Response Body
[2024-12-10T05:54:57.151Z] Error reading actual data: A Modbus Exception Occurred - See Response Body
[2024-12-10T05:54:57.152Z] Error writing to Modbus register: A Modbus Exception Occurred - See Response Body
[2024-12-10T05:54:58.160Z] Error reading or processing Modbus registers: A Modbus Exception Occurred - See Response Body
[2024-12-10T05:54:58.162Z] Error reading register 6507 for IP 10.30.4.128: A Modbus Exception Occurred - See Response Body
[2024-12-10T05:54:58.162Z] Error reading actual data: A Modbus Exception Occurred - See Response Body
[2024-12-10T05:54:58.163Z] Error writing to Modbus register: A Modbus Exception Occurred - See Response Body
[2024-12-10T05:54:59.174Z] Error reading or processing Modbus registers: A Modbus Exception Occurred - See Response Body
[2024-12-10T05:54:59.176Z] Error reading register 6507 for IP 10.30.4.128: A Modbus Exception Occurred - See Response Body
[2024-12-10T05:54:59.177Z] Error reading actual data: A Modbus Exception Occurred - See Response Body
[2024-12-10T05:54:59.177Z] Error writing to Modbus register: A Modbus Exception Occurred - See Response Body
[2024-12-10T05:55:00.189Z] Error reading or processing Modbus registers: A Modbus Exception Occurred - See Response Body
[2024-12-10T05:55:00.193Z] Error reading register 6507 for IP 10.30.4.128: A Modbus Exception Occurred - See Response Body
[2024-12-10T05:55:00.194Z] Error reading actual data: A Modbus Exception Occurred - See Response Body
[2024-12-10T05:55:00.194Z] Error writing to Modbus register: A Modbus Exception Occurred - See Response Body
[2024-12-10T05:55:01.201Z] Error reading or processing Modbus registers: A Modbus Exception Occurred - See Response Body
[2024-12-10T05:55:01.203Z] Error reading register 6507 for IP 10.30.4.128: A Modbus Exception Occurred - See Response Body
[2024-12-10T05:55:01.203Z] Error reading actual data: A Modbus Exception Occurred - See Response Body
[2024-12-10T05:55:01.203Z] Error writing to Modbus register: A Modbus Exception Occurred - See Response Body
[2024-12-10T05:55:02.213Z] Error reading or processing Modbus registers: A Modbus Exception Occurred - See Response Body
[2024-12-10T05:55:02.215Z] Error reading register 6507 for IP 10.30.4.128: A Modbus Exception Occurred - See Response Body
[2024-12-10T05:55:02.215Z] Error reading actual data: A Modbus Exception Occurred - See Response Body
[2024-12-10T05:55:02.216Z] Error writing to Modbus register: A Modbus Exception Occurred - See Response Body
[2024-12-10T05:55:03.217Z] Error reading or processing Modbus registers: A Modbus Exception Occurred - See Response Body
[2024-12-10T05:55:03.219Z] Error reading register 6507 for IP 10.30.4.128: A Modbus Exception Occurred - See Response Body
[2024-12-10T05:55:03.219Z] Error reading actual data: A Modbus Exception Occurred - See Response Body
[2024-12-10T05:55:03.220Z] Error writing to Modbus register: A Modbus Exception Occurred - See Response Body
[2024-12-10T05:55:04.229Z] Error reading or processing Modbus registers: A Modbus Exception Occurred - See Response Body
[2024-12-10T05:55:04.231Z] Error reading register 6507 for IP 10.30.4.128: A Modbus Exception Occurred - See Response Body
[2024-12-10T05:55:04.231Z] Error reading actual data: A Modbus Exception Occurred - See Response Body
[2024-12-10T05:55:04.232Z] Error writing to Modbus register: A Modbus Exception Occurred - See Response Body
[2024-12-10T05:55:05.240Z] Error reading or processing Modbus registers: A Modbus Exception Occurred - See Response Body
[2024-12-10T05:55:05.243Z] Error reading register 6507 for IP 10.30.4.128: A Modbus Exception Occurred - See Response Body
[2024-12-10T05:55:05.243Z] Error reading actual data: A Modbus Exception Occurred - See Response Body
[2024-12-10T05:55:05.244Z] Error writing to Modbus register: A Modbus Exception Occurred - See Response Body
[2024-12-10T05:55:06.253Z] Error reading or processing Modbus registers: A Modbus Exception Occurred - See Response Body
[2024-12-10T05:55:06.255Z] Error reading register 6507 for IP 10.30.4.128: A Modbus Exception Occurred - See Response Body
[2024-12-10T05:55:06.256Z] Error reading actual data: A Modbus Exception Occurred - See Response Body
[2024-12-10T05:55:06.256Z] Error writing to Modbus register: A Modbus Exception Occurred - See Response Body
[2024-12-10T05:55:07.262Z] Error reading or processing Modbus registers: A Modbus Exception Occurred - See Response Body
[2024-12-10T05:55:07.264Z] Error reading register 6507 for IP 10.30.4.128: A Modbus Exception Occurred - See Response Body
[2024-12-10T05:55:07.265Z] Error reading actual data: A Modbus Exception Occurred - See Response Body
[2024-12-10T05:55:07.266Z] Error writing to Modbus register: A Modbus Exception Occurred - See Response Body
[2024-12-10T05:55:08.262Z] Error reading or processing Modbus registers: A Modbus Exception Occurred - See Response Body
[2024-12-10T05:55:08.264Z] Error reading register 6507 for IP 10.30.4.128: A Modbus Exception Occurred - See Response Body
[2024-12-10T05:55:08.264Z] Error reading actual data: A Modbus Exception Occurred - See Response Body
[2024-12-10T05:55:08.265Z] Error writing to Modbus register: A Modbus Exception Occurred - See Response Body
[2024-12-10T05:55:09.275Z] Error reading or processing Modbus registers: A Modbus Exception Occurred - See Response Body
[2024-12-10T05:55:09.277Z] Error reading register 6507 for IP 10.30.4.128: A Modbus Exception Occurred - See Response Body
[2024-12-10T05:55:09.278Z] Error reading actual data: A Modbus Exception Occurred - See Response Body
[2024-12-10T05:55:09.278Z] Error writing to Modbus register: A Modbus Exception Occurred - See Response Body
[2024-12-10T05:55:10.285Z] Error reading or processing Modbus registers: A Modbus Exception Occurred - See Response Body
[2024-12-10T05:55:10.287Z] Error reading register 6507 for IP 10.30.4.128: A Modbus Exception Occurred - See Response Body
[2024-12-10T05:55:10.288Z] Error reading actual data: A Modbus Exception Occurred - See Response Body
[2024-12-10T05:55:10.289Z] Error writing to Modbus register: A Modbus Exception Occurred - See Response Body
[2024-12-10T05:55:11.295Z] Error reading or processing Modbus registers: A Modbus Exception Occurred - See Response Body
[2024-12-10T05:55:11.298Z] Error reading register 6507 for IP 10.30.4.128: A Modbus Exception Occurred - See Response Body
[2024-12-10T05:55:11.299Z] Error reading actual data: A Modbus Exception Occurred - See Response Body
[2024-12-10T05:55:11.299Z] Error writing to Modbus register: A Modbus Exception Occurred - See Response Body
[2024-12-10T05:55:12.299Z] Error reading or processing Modbus registers: A Modbus Exception Occurred - See Response Body
[2024-12-10T05:55:12.301Z] Error reading register 6507 for IP 10.30.4.128: A Modbus Exception Occurred - See Response Body
[2024-12-10T05:55:12.301Z] Error reading actual data: A Modbus Exception Occurred - See Response Body
[2024-12-10T05:55:12.302Z] Error writing to Modbus register: A Modbus Exception Occurred - See Response Body
[2024-12-10T05:55:13.308Z] Error reading or processing Modbus registers: A Modbus Exception Occurred - See Response Body
[2024-12-10T05:55:13.311Z] Error reading register 6507 for IP 10.30.4.128: A Modbus Exception Occurred - See Response Body
[2024-12-10T05:55:13.312Z] Error reading actual data: A Modbus Exception Occurred - See Response Body
[2024-12-10T05:55:13.313Z] Error writing to Modbus register: A Modbus Exception Occurred - See Response Body
[2024-12-10T05:55:14.308Z] Error reading or processing Modbus registers: A Modbus Exception Occurred - See Response Body
[2024-12-10T05:55:14.310Z] Error reading register 6507 for IP 10.30.4.128: A Modbus Exception Occurred - See Response Body
[2024-12-10T05:55:14.311Z] Error reading actual data: A Modbus Exception Occurred - See Response Body
[2024-12-10T05:55:14.311Z] Error writing to Modbus register: A Modbus Exception Occurred - See Response Body
[2024-12-10T05:55:15.319Z] Error reading or processing Modbus registers: A Modbus Exception Occurred - See Response Body
[2024-12-10T05:55:15.321Z] Error reading register 6507 for IP 10.30.4.128: A Modbus Exception Occurred - See Response Body
[2024-12-10T05:55:15.322Z] Error reading actual data: A Modbus Exception Occurred - See Response Body
[2024-12-10T05:55:15.322Z] Error writing to Modbus register: A Modbus Exception Occurred - See Response Body
[2024-12-10T05:55:16.330Z] Error reading or processing Modbus registers: A Modbus Exception Occurred - See Response Body
[2024-12-10T05:55:16.336Z] Error reading register 6507 for IP 10.30.4.128: A Modbus Exception Occurred - See Response Body
[2024-12-10T05:55:16.337Z] Error reading actual data: A Modbus Exception Occurred - See Response Body
[2024-12-10T05:55:16.337Z] Error writing to Modbus register: A Modbus Exception Occurred - See Response Body
[2024-12-10T05:55:17.345Z] Error reading or processing Modbus registers: A Modbus Exception Occurred - See Response Body
[2024-12-10T05:55:17.347Z] Error reading register 6507 for IP 10.30.4.128: A Modbus Exception Occurred - See Response Body
[2024-12-10T05:55:17.348Z] Error reading actual data: A Modbus Exception Occurred - See Response Body
[2024-12-10T05:55:17.348Z] Error writing to Modbus register: A Modbus Exception Occurred - See Response Body
[2024-12-10T05:55:18.358Z] Error reading or processing Modbus registers: A Modbus Exception Occurred - See Response Body
[2024-12-10T05:55:18.360Z] Error reading register 6507 for IP 10.30.4.128: A Modbus Exception Occurred - See Response Body
[2024-12-10T05:55:18.360Z] Error reading actual data: A Modbus Exception Occurred - See Response Body
[2024-12-10T05:55:18.361Z] Error writing to Modbus register: A Modbus Exception Occurred - See Response Body
[2024-12-10T05:55:19.370Z] Error reading or processing Modbus registers: A Modbus Exception Occurred - See Response Body
[2024-12-10T05:55:19.372Z] Error reading register 6507 for IP 10.30.4.128: A Modbus Exception Occurred - See Response Body
[2024-12-10T05:55:19.372Z] Error reading actual data: A Modbus Exception Occurred - See Response Body
[2024-12-10T05:55:19.373Z] Error writing to Modbus register: A Modbus Exception Occurred - See Response Body
[2024-12-10T05:55:20.374Z] Error reading or processing Modbus registers: A Modbus Exception Occurred - See Response Body
[2024-12-10T05:55:20.376Z] Error reading register 6507 for IP 10.30.4.128: A Modbus Exception Occurred - See Response Body
[2024-12-10T05:55:20.376Z] Error reading actual data: A Modbus Exception Occurred - See Response Body
[2024-12-10T05:55:20.377Z] Error writing to Modbus register: A Modbus Exception Occurred - See Response Body
[2024-12-10T05:55:21.374Z] Error reading or processing Modbus registers: A Modbus Exception Occurred - See Response Body
[2024-12-10T05:55:21.377Z] Error reading register 6507 for IP 10.30.4.128: A Modbus Exception Occurred - See Response Body
[2024-12-10T05:55:21.378Z] Error reading actual data: A Modbus Exception Occurred - See Response Body
[2024-12-10T05:55:21.378Z] Error writing to Modbus register: A Modbus Exception Occurred - See Response Body
[2024-12-10T05:55:22.387Z] Error reading or processing Modbus registers: A Modbus Exception Occurred - See Response Body
[2024-12-10T05:55:22.390Z] Error reading register 6507 for IP 10.30.4.128: A Modbus Exception Occurred - See Response Body
[2024-12-10T05:55:22.390Z] Error reading actual data: A Modbus Exception Occurred - See Response Body
[2024-12-10T05:55:22.391Z] Error writing to Modbus register: A Modbus Exception Occurred - See Response Body
[2024-12-10T05:55:23.400Z] Error reading or processing Modbus registers: A Modbus Exception Occurred - See Response Body
[2024-12-10T05:55:23.402Z] Error reading register 6507 for IP 10.30.4.128: A Modbus Exception Occurred - See Response Body
[2024-12-10T05:55:23.403Z] Error reading actual data: A Modbus Exception Occurred - See Response Body
[2024-12-10T05:55:23.404Z] Error writing to Modbus register: A Modbus Exception Occurred - See Response Body
[2024-12-10T05:55:24.412Z] Error reading or processing Modbus registers: A Modbus Exception Occurred - See Response Body
[2024-12-10T05:55:24.414Z] Error reading register 6507 for IP 10.30.4.128: A Modbus Exception Occurred - See Response Body
[2024-12-10T05:55:24.414Z] Error reading actual data: A Modbus Exception Occurred - See Response Body
[2024-12-10T05:55:24.415Z] Error writing to Modbus register: A Modbus Exception Occurred - See Response Body
[2024-12-10T05:55:25.414Z] Error reading or processing Modbus registers: A Modbus Exception Occurred - See Response Body
[2024-12-10T05:55:25.416Z] Error reading register 6507 for IP 10.30.4.128: A Modbus Exception Occurred - See Response Body
[2024-12-10T05:55:25.417Z] Error reading actual data: A Modbus Exception Occurred - See Response Body
[2024-12-10T05:55:25.417Z] Error writing to Modbus register: A Modbus Exception Occurred - See Response Body
[2024-12-10T05:55:26.426Z] Error reading or processing Modbus registers: A Modbus Exception Occurred - See Response Body
[2024-12-10T05:55:26.428Z] Error reading register 6507 for IP 10.30.4.128: A Modbus Exception Occurred - See Response Body
[2024-12-10T05:55:26.429Z] Error reading actual data: A Modbus Exception Occurred - See Response Body
[2024-12-10T05:55:26.430Z] Error writing to Modbus register: A Modbus Exception Occurred - See Response Body
[2024-12-10T05:55:27.437Z] Error reading or processing Modbus registers: A Modbus Exception Occurred - See Response Body
[2024-12-10T05:55:27.439Z] Error reading register 6507 for IP 10.30.4.128: A Modbus Exception Occurred - See Response Body
[2024-12-10T05:55:27.439Z] Error reading actual data: A Modbus Exception Occurred - See Response Body
[2024-12-10T05:55:27.440Z] Error writing to Modbus register: A Modbus Exception Occurred - See Response Body
[2024-12-10T05:55:28.448Z] Error reading or processing Modbus registers: A Modbus Exception Occurred - See Response Body
[2024-12-10T05:55:28.450Z] Error reading register 6507 for IP 10.30.4.128: A Modbus Exception Occurred - See Response Body
[2024-12-10T05:55:28.451Z] Error reading actual data: A Modbus Exception Occurred - See Response Body
[2024-12-10T05:55:28.452Z] Error writing to Modbus register: A Modbus Exception Occurred - See Response Body
[2024-12-10T05:55:29.460Z] Error reading or processing Modbus registers: A Modbus Exception Occurred - See Response Body
[2024-12-10T05:55:29.462Z] Error reading register 6507 for IP 10.30.4.128: A Modbus Exception Occurred - See Response Body
[2024-12-10T05:55:29.463Z] Error reading actual data: A Modbus Exception Occurred - See Response Body
[2024-12-10T05:55:29.463Z] Error writing to Modbus register: A Modbus Exception Occurred - See Response Body
[2024-12-10T05:55:30.468Z] Error reading or processing Modbus registers: A Modbus Exception Occurred - See Response Body
[2024-12-10T05:55:30.470Z] Error reading register 6507 for IP 10.30.4.128: A Modbus Exception Occurred - See Response Body
[2024-12-10T05:55:30.470Z] Error reading actual data: A Modbus Exception Occurred - See Response Body
[2024-12-10T05:55:30.471Z] Error writing to Modbus register: A Modbus Exception Occurred - See Response Body
[2024-12-10T05:55:31.469Z] Error reading or processing Modbus registers: A Modbus Exception Occurred - See Response Body
[2024-12-10T05:55:31.471Z] Error reading register 6507 for IP 10.30.4.128: A Modbus Exception Occurred - See Response Body
[2024-12-10T05:55:31.472Z] Error reading actual data: A Modbus Exception Occurred - See Response Body
[2024-12-10T05:55:31.472Z] Error writing to Modbus register: A Modbus Exception Occurred - See Response Body
[2024-12-10T05:55:32.469Z] Error reading or processing Modbus registers: A Modbus Exception Occurred - See Response Body
[2024-12-10T05:55:32.472Z] Error reading register 6507 for IP 10.30.4.128: A Modbus Exception Occurred - See Response Body
[2024-12-10T05:55:32.472Z] Error reading actual data: A Modbus Exception Occurred - See Response Body
[2024-12-10T05:55:32.473Z] Error writing to Modbus register: A Modbus Exception Occurred - See Response Body
[2024-12-10T05:55:33.479Z] Error reading or processing Modbus registers: A Modbus Exception Occurred - See Response Body
[2024-12-10T05:55:33.481Z] Error reading register 6507 for IP 10.30.4.128: A Modbus Exception Occurred - See Response Body
[2024-12-10T05:55:33.482Z] Error reading actual data: A Modbus Exception Occurred - See Response Body
[2024-12-10T05:55:33.482Z] Error writing to Modbus register: A Modbus Exception Occurred - See Response Body
[2024-12-10T05:55:34.490Z] Error reading or processing Modbus registers: A Modbus Exception Occurred - See Response Body
[2024-12-10T05:55:34.493Z] Error reading register 6507 for IP 10.30.4.128: A Modbus Exception Occurred - See Response Body
[2024-12-10T05:55:34.493Z] Error reading actual data: A Modbus Exception Occurred - See Response Body
[2024-12-10T05:55:34.494Z] Error writing to Modbus register: A Modbus Exception Occurred - See Response Body
[2024-12-10T05:55:35.490Z] Error reading or processing Modbus registers: A Modbus Exception Occurred - See Response Body
[2024-12-10T05:55:35.492Z] Error reading register 6507 for IP 10.30.4.128: A Modbus Exception Occurred - See Response Body
[2024-12-10T05:55:35.493Z] Error reading actual data: A Modbus Exception Occurred - See Response Body
[2024-12-10T05:55:35.494Z] Error writing to Modbus register: A Modbus Exception Occurred - See Response Body
[2024-12-10T05:55:36.503Z] Error reading or processing Modbus registers: A Modbus Exception Occurred - See Response Body
[2024-12-10T05:55:36.505Z] Error reading register 6507 for IP 10.30.4.128: A Modbus Exception Occurred - See Response Body
[2024-12-10T05:55:36.506Z] Error reading actual data: A Modbus Exception Occurred - See Response Body
[2024-12-10T05:55:36.506Z] Error writing to Modbus register: A Modbus Exception Occurred - See Response Body
[2024-12-10T05:55:37.515Z] Error reading or processing Modbus registers: A Modbus Exception Occurred - See Response Body
[2024-12-10T05:55:37.517Z] Error reading register 6507 for IP 10.30.4.128: A Modbus Exception Occurred - See Response Body
[2024-12-10T05:55:37.518Z] Error reading actual data: A Modbus Exception Occurred - See Response Body
[2024-12-10T05:55:37.518Z] Error writing to Modbus register: A Modbus Exception Occurred - See Response Body
[2024-12-10T05:55:38.526Z] Error reading or processing Modbus registers: A Modbus Exception Occurred - See Response Body
[2024-12-10T05:55:38.528Z] Error reading register 6507 for IP 10.30.4.128: A Modbus Exception Occurred - See Response Body
[2024-12-10T05:55:38.529Z] Error reading actual data: A Modbus Exception Occurred - See Response Body
[2024-12-10T05:55:38.529Z] Error writing to Modbus register: A Modbus Exception Occurred - See Response Body
[2024-12-10T05:55:39.540Z] Error reading or processing Modbus registers: A Modbus Exception Occurred - See Response Body
[2024-12-10T05:55:39.542Z] Error reading register 6507 for IP 10.30.4.128: A Modbus Exception Occurred - See Response Body
[2024-12-10T05:55:39.544Z] Error reading actual data: A Modbus Exception Occurred - See Response Body
[2024-12-10T05:55:39.544Z] Error writing to Modbus register: A Modbus Exception Occurred - See Response Body
[2024-12-10T05:55:40.554Z] Error reading or processing Modbus registers: A Modbus Exception Occurred - See Response Body
[2024-12-10T05:55:40.556Z] Error reading register 6507 for IP 10.30.4.128: A Modbus Exception Occurred - See Response Body
[2024-12-10T05:55:40.557Z] Error reading actual data: A Modbus Exception Occurred - See Response Body
[2024-12-10T05:55:40.557Z] Error writing to Modbus register: A Modbus Exception Occurred - See Response Body
[2024-12-10T05:55:41.568Z] Error reading or processing Modbus registers: A Modbus Exception Occurred - See Response Body
[2024-12-10T05:55:41.571Z] Error reading register 6507 for IP 10.30.4.128: A Modbus Exception Occurred - See Response Body
[2024-12-10T05:55:41.571Z] Error reading actual data: A Modbus Exception Occurred - See Response Body
[2024-12-10T05:55:41.572Z] Error writing to Modbus register: A Modbus Exception Occurred - See Response Body
[2024-12-10T05:55:42.569Z] Error reading or processing Modbus registers: A Modbus Exception Occurred - See Response Body
[2024-12-10T05:55:42.572Z] Error reading register 6507 for IP 10.30.4.128: A Modbus Exception Occurred - See Response Body
[2024-12-10T05:55:42.572Z] Error reading actual data: A Modbus Exception Occurred - See Response Body
[2024-12-10T05:55:42.573Z] Error writing to Modbus register: A Modbus Exception Occurred - See Response Body
[2024-12-10T05:55:43.577Z] Error reading or processing Modbus registers: A Modbus Exception Occurred - See Response Body
[2024-12-10T05:55:43.579Z] Error reading register 6507 for IP 10.30.4.128: A Modbus Exception Occurred - See Response Body
[2024-12-10T05:55:43.580Z] Error reading actual data: A Modbus Exception Occurred - See Response Body
[2024-12-10T05:55:43.580Z] Error writing to Modbus register: A Modbus Exception Occurred - See Response Body
[2024-12-10T05:55:44.588Z] Error reading or processing Modbus registers: A Modbus Exception Occurred - See Response Body
[2024-12-10T05:55:44.590Z] Error reading register 6507 for IP 10.30.4.128: A Modbus Exception Occurred - See Response Body
[2024-12-10T05:55:44.590Z] Error reading actual data: A Modbus Exception Occurred - See Response Body
[2024-12-10T05:55:44.591Z] Error writing to Modbus register: A Modbus Exception Occurred - See Response Body
[2024-12-10T05:55:45.600Z] Error reading or processing Modbus registers: A Modbus Exception Occurred - See Response Body
[2024-12-10T05:55:45.603Z] Error reading register 6507 for IP 10.30.4.128: A Modbus Exception Occurred - See Response Body
[2024-12-10T05:55:45.604Z] Error reading actual data: A Modbus Exception Occurred - See Response Body
[2024-12-10T05:55:45.604Z] Error writing to Modbus register: A Modbus Exception Occurred - See Response Body
[2024-12-10T05:55:46.615Z] Error reading or processing Modbus registers: A Modbus Exception Occurred - See Response Body
[2024-12-10T05:55:46.617Z] Error reading register 6507 for IP 10.30.4.128: A Modbus Exception Occurred - See Response Body
[2024-12-10T05:55:46.618Z] Error reading actual data: A Modbus Exception Occurred - See Response Body
[2024-12-10T05:55:46.618Z] Error writing to Modbus register: A Modbus Exception Occurred - See Response Body
[2024-12-10T05:55:47.627Z] Error reading or processing Modbus registers: A Modbus Exception Occurred - See Response Body
[2024-12-10T05:55:47.630Z] Error reading register 6507 for IP 10.30.4.128: A Modbus Exception Occurred - See Response Body
[2024-12-10T05:55:47.630Z] Error reading actual data: A Modbus Exception Occurred - See Response Body
[2024-12-10T05:55:47.631Z] Error writing to Modbus register: A Modbus Exception Occurred - See Response Body
[2024-12-10T05:55:48.627Z] Error reading or processing Modbus registers: A Modbus Exception Occurred - See Response Body
[2024-12-10T05:55:48.630Z] Error reading register 6507 for IP 10.30.4.128: A Modbus Exception Occurred - See Response Body
[2024-12-10T05:55:48.631Z] Error reading actual data: A Modbus Exception Occurred - See Response Body
[2024-12-10T05:55:48.631Z] Error writing to Modbus register: A Modbus Exception Occurred - See Response Body
[2024-12-10T05:55:49.627Z] Error reading or processing Modbus registers: A Modbus Exception Occurred - See Response Body
[2024-12-10T05:55:49.630Z] Error reading register 6507 for IP 10.30.4.128: A Modbus Exception Occurred - See Response Body
[2024-12-10T05:55:49.630Z] Error reading actual data: A Modbus Exception Occurred - See Response Body
[2024-12-10T05:55:49.631Z] Error writing to Modbus register: A Modbus Exception Occurred - See Response Body
[2024-12-10T05:55:50.641Z] Error reading or processing Modbus registers: A Modbus Exception Occurred - See Response Body
[2024-12-10T05:55:50.643Z] Error reading register 6507 for IP 10.30.4.128: A Modbus Exception Occurred - See Response Body
[2024-12-10T05:55:50.644Z] Error reading actual data: A Modbus Exception Occurred - See Response Body
[2024-12-10T05:55:50.645Z] Error writing to Modbus register: A Modbus Exception Occurred - See Response Body
[2024-12-10T05:55:51.656Z] Error reading or processing Modbus registers: A Modbus Exception Occurred - See Response Body
[2024-12-10T05:55:51.659Z] Error reading register 6507 for IP 10.30.4.128: A Modbus Exception Occurred - See Response Body
[2024-12-10T05:55:51.659Z] Error reading actual data: A Modbus Exception Occurred - See Response Body
[2024-12-10T05:55:51.660Z] Error writing to Modbus register: A Modbus Exception Occurred - See Response Body
[2024-12-10T05:55:52.671Z] Error reading or processing Modbus registers: A Modbus Exception Occurred - See Response Body
[2024-12-10T05:55:52.675Z] Error reading register 6507 for IP 10.30.4.128: A Modbus Exception Occurred - See Response Body
[2024-12-10T05:55:52.676Z] Error reading actual data: A Modbus Exception Occurred - See Response Body
[2024-12-10T05:55:52.676Z] Error writing to Modbus register: A Modbus Exception Occurred - See Response Body
[2024-12-10T05:55:53.682Z] Error reading or processing Modbus registers: A Modbus Exception Occurred - See Response Body
[2024-12-10T05:55:53.685Z] Error reading register 6507 for IP 10.30.4.128: A Modbus Exception Occurred - See Response Body
[2024-12-10T05:55:53.685Z] Error reading actual data: A Modbus Exception Occurred - See Response Body
[2024-12-10T05:55:53.686Z] Error writing to Modbus register: A Modbus Exception Occurred - See Response Body
[2024-12-10T05:55:54.694Z] Error reading or processing Modbus registers: A Modbus Exception Occurred - See Response Body
[2024-12-10T05:55:54.696Z] Error reading register 6507 for IP 10.30.4.128: A Modbus Exception Occurred - See Response Body
[2024-12-10T05:55:54.697Z] Error reading actual data: A Modbus Exception Occurred - See Response Body
[2024-12-10T05:55:54.697Z] Error writing to Modbus register: A Modbus Exception Occurred - See Response Body
[2024-12-10T05:55:55.704Z] Error reading or processing Modbus registers: A Modbus Exception Occurred - See Response Body
[2024-12-10T05:55:55.706Z] Error reading register 6507 for IP 10.30.4.128: A Modbus Exception Occurred - See Response Body
[2024-12-10T05:55:55.707Z] Error reading actual data: A Modbus Exception Occurred - See Response Body
[2024-12-10T05:55:55.707Z] Error writing to Modbus register: A Modbus Exception Occurred - See Response Body
[2024-12-10T05:55:56.703Z] Error reading or processing Modbus registers: A Modbus Exception Occurred - See Response Body
[2024-12-10T05:55:56.708Z] Error reading register 6507 for IP 10.30.4.128: A Modbus Exception Occurred - See Response Body
[2024-12-10T05:55:56.709Z] Error reading actual data: A Modbus Exception Occurred - See Response Body
[2024-12-10T05:55:56.709Z] Error writing to Modbus register: A Modbus Exception Occurred - See Response Body
[2024-12-10T05:55:57.716Z] Error reading or processing Modbus registers: A Modbus Exception Occurred - See Response Body
[2024-12-10T05:55:57.718Z] Error reading register 6507 for IP 10.30.4.128: A Modbus Exception Occurred - See Response Body
[2024-12-10T05:55:57.719Z] Error reading actual data: A Modbus Exception Occurred - See Response Body
[2024-12-10T05:55:57.719Z] Error writing to Modbus register: A Modbus Exception Occurred - See Response Body
[2024-12-10T05:55:58.720Z] Error reading or processing Modbus registers: A Modbus Exception Occurred - See Response Body
[2024-12-10T05:55:58.722Z] Error reading register 6507 for IP 10.30.4.128: A Modbus Exception Occurred - See Response Body
[2024-12-10T05:55:58.722Z] Error reading actual data: A Modbus Exception Occurred - See Response Body
[2024-12-10T05:55:58.723Z] Error writing to Modbus register: A Modbus Exception Occurred - See Response Body
[2024-12-10T05:55:59.734Z] Error reading or processing Modbus registers: A Modbus Exception Occurred - See Response Body
[2024-12-10T05:55:59.736Z] Error reading register 6507 for IP 10.30.4.128: A Modbus Exception Occurred - See Response Body
[2024-12-10T05:55:59.737Z] Error reading actual data: A Modbus Exception Occurred - See Response Body
[2024-12-10T05:55:59.738Z] Error writing to Modbus register: A Modbus Exception Occurred - See Response Body
[2024-12-10T05:56:00.750Z] Error reading or processing Modbus registers: A Modbus Exception Occurred - See Response Body
[2024-12-10T05:56:00.752Z] Error reading register 6507 for IP 10.30.4.128: A Modbus Exception Occurred - See Response Body
[2024-12-10T05:56:00.752Z] Error reading actual data: A Modbus Exception Occurred - See Response Body
[2024-12-10T05:56:00.753Z] Error writing to Modbus register: A Modbus Exception Occurred - See Response Body
[2024-12-10T05:56:01.761Z] Error reading or processing Modbus registers: A Modbus Exception Occurred - See Response Body
[2024-12-10T05:56:01.763Z] Error reading register 6507 for IP 10.30.4.128: A Modbus Exception Occurred - See Response Body
[2024-12-10T05:56:01.764Z] Error reading actual data: A Modbus Exception Occurred - See Response Body
[2024-12-10T05:56:01.764Z] Error writing to Modbus register: A Modbus Exception Occurred - See Response Body
[2024-12-10T05:56:02.775Z] Error reading or processing Modbus registers: A Modbus Exception Occurred - See Response Body
[2024-12-10T05:56:02.777Z] Error reading register 6507 for IP 10.30.4.128: A Modbus Exception Occurred - See Response Body
[2024-12-10T05:56:02.778Z] Error reading actual data: A Modbus Exception Occurred - See Response Body
[2024-12-10T05:56:02.778Z] Error writing to Modbus register: A Modbus Exception Occurred - See Response Body
[2024-12-10T05:56:03.789Z] Error reading or processing Modbus registers: A Modbus Exception Occurred - See Response Body
[2024-12-10T05:56:03.791Z] Error reading register 6507 for IP 10.30.4.128: A Modbus Exception Occurred - See Response Body
[2024-12-10T05:56:03.792Z] Error reading actual data: A Modbus Exception Occurred - See Response Body
[2024-12-10T05:56:03.793Z] Error writing to Modbus register: A Modbus Exception Occurred - See Response Body
[2024-12-10T05:56:04.792Z] Error reading or processing Modbus registers: A Modbus Exception Occurred - See Response Body
[2024-12-10T05:56:04.794Z] Error reading register 6507 for IP 10.30.4.128: A Modbus Exception Occurred - See Response Body
[2024-12-10T05:56:04.795Z] Error reading actual data: A Modbus Exception Occurred - See Response Body
[2024-12-10T05:56:04.795Z] Error writing to Modbus register: A Modbus Exception Occurred - See Response Body
[2024-12-10T05:56:05.804Z] Error reading or processing Modbus registers: A Modbus Exception Occurred - See Response Body
[2024-12-10T05:56:05.806Z] Error reading register 6507 for IP 10.30.4.128: A Modbus Exception Occurred - See Response Body
[2024-12-10T05:56:05.807Z] Error reading actual data: A Modbus Exception Occurred - See Response Body
[2024-12-10T05:56:05.808Z] Error writing to Modbus register: A Modbus Exception Occurred - See Response Body
[2024-12-10T05:56:06.816Z] Error reading or processing Modbus registers: A Modbus Exception Occurred - See Response Body
[2024-12-10T05:56:06.818Z] Error reading register 6507 for IP 10.30.4.128: A Modbus Exception Occurred - See Response Body
[2024-12-10T05:56:06.818Z] Error reading actual data: A Modbus Exception Occurred - See Response Body
[2024-12-10T05:56:06.819Z] Error writing to Modbus register: A Modbus Exception Occurred - See Response Body
[2024-12-10T05:56:07.820Z] Error reading or processing Modbus registers: A Modbus Exception Occurred - See Response Body
[2024-12-10T05:56:07.822Z] Error reading register 6507 for IP 10.30.4.128: A Modbus Exception Occurred - See Response Body
[2024-12-10T05:56:07.822Z] Error reading actual data: A Modbus Exception Occurred - See Response Body
[2024-12-10T05:56:07.823Z] Error writing to Modbus register: A Modbus Exception Occurred - See Response Body
[2024-12-10T05:56:08.820Z] Error reading or processing Modbus registers: A Modbus Exception Occurred - See Response Body
[2024-12-10T05:56:08.822Z] Error reading register 6507 for IP 10.30.4.128: A Modbus Exception Occurred - See Response Body
[2024-12-10T05:56:08.822Z] Error reading actual data: A Modbus Exception Occurred - See Response Body
[2024-12-10T05:56:08.823Z] Error writing to Modbus register: A Modbus Exception Occurred - See Response Body
[2024-12-10T05:56:09.823Z] Error reading or processing Modbus registers: A Modbus Exception Occurred - See Response Body
[2024-12-10T05:56:09.825Z] Error reading register 6507 for IP 10.30.4.128: A Modbus Exception Occurred - See Response Body
[2024-12-10T05:56:09.826Z] Error reading actual data: A Modbus Exception Occurred - See Response Body
[2024-12-10T05:56:09.826Z] Error writing to Modbus register: A Modbus Exception Occurred - See Response Body
[2024-12-10T05:56:10.823Z] Error reading or processing Modbus registers: A Modbus Exception Occurred - See Response Body
[2024-12-10T05:56:10.825Z] Error reading register 6507 for IP 10.30.4.128: A Modbus Exception Occurred - See Response Body
[2024-12-10T05:56:10.826Z] Error reading actual data: A Modbus Exception Occurred - See Response Body
[2024-12-10T05:56:10.826Z] Error writing to Modbus register: A Modbus Exception Occurred - See Response Body
[2024-12-10T05:56:11.825Z] Error reading or processing Modbus registers: A Modbus Exception Occurred - See Response Body
[2024-12-10T05:56:11.827Z] Error reading register 6507 for IP 10.30.4.128: A Modbus Exception Occurred - See Response Body
[2024-12-10T05:56:11.828Z] Error reading actual data: A Modbus Exception Occurred - See Response Body
[2024-12-10T05:56:11.828Z] Error writing to Modbus register: A Modbus Exception Occurred - See Response Body
[2024-12-10T05:56:12.837Z] Error reading or processing Modbus registers: A Modbus Exception Occurred - See Response Body
[2024-12-10T05:56:12.839Z] Error reading register 6507 for IP 10.30.4.128: A Modbus Exception Occurred - See Response Body
[2024-12-10T05:56:12.840Z] Error reading actual data: A Modbus Exception Occurred - See Response Body
[2024-12-10T05:56:12.841Z] Error writing to Modbus register: A Modbus Exception Occurred - See Response Body
[2024-12-10T05:56:13.837Z] Error reading or processing Modbus registers: A Modbus Exception Occurred - See Response Body
[2024-12-10T05:56:13.839Z] Error reading register 6507 for IP 10.30.4.128: A Modbus Exception Occurred - See Response Body
[2024-12-10T05:56:13.840Z] Error reading actual data: A Modbus Exception Occurred - See Response Body
[2024-12-10T05:56:13.841Z] Error writing to Modbus register: A Modbus Exception Occurred - See Response Body
[2024-12-10T05:56:14.838Z] Error reading or processing Modbus registers: A Modbus Exception Occurred - See Response Body
[2024-12-10T05:56:14.840Z] Error reading register 6507 for IP 10.30.4.128: A Modbus Exception Occurred - See Response Body
[2024-12-10T05:56:14.841Z] Error reading actual data: A Modbus Exception Occurred - See Response Body
[2024-12-10T05:56:14.841Z] Error writing to Modbus register: A Modbus Exception Occurred - See Response Body
[2024-12-10T05:56:15.838Z] Error reading or processing Modbus registers: A Modbus Exception Occurred - See Response Body
[2024-12-10T05:56:15.840Z] Error reading register 6507 for IP 10.30.4.128: A Modbus Exception Occurred - See Response Body
[2024-12-10T05:56:15.841Z] Error reading actual data: A Modbus Exception Occurred - See Response Body
[2024-12-10T05:56:15.841Z] Error writing to Modbus register: A Modbus Exception Occurred - See Response Body
[2024-12-10T05:56:16.851Z] Error reading or processing Modbus registers: A Modbus Exception Occurred - See Response Body
[2024-12-10T05:56:16.853Z] Error reading register 6507 for IP 10.30.4.128: A Modbus Exception Occurred - See Response Body
[2024-12-10T05:56:16.854Z] Error reading actual data: A Modbus Exception Occurred - See Response Body
[2024-12-10T05:56:16.855Z] Error writing to Modbus register: A Modbus Exception Occurred - See Response Body
[2024-12-10T05:56:17.852Z] Error reading or processing Modbus registers: A Modbus Exception Occurred - See Response Body
[2024-12-10T05:56:17.855Z] Error reading register 6507 for IP 10.30.4.128: A Modbus Exception Occurred - See Response Body
[2024-12-10T05:56:17.855Z] Error reading actual data: A Modbus Exception Occurred - See Response Body
[2024-12-10T05:56:17.856Z] Error writing to Modbus register: A Modbus Exception Occurred - See Response Body
[2024-12-10T05:56:18.866Z] Error reading or processing Modbus registers: A Modbus Exception Occurred - See Response Body
[2024-12-10T05:56:18.868Z] Error reading register 6507 for IP 10.30.4.128: A Modbus Exception Occurred - See Response Body
[2024-12-10T05:56:18.869Z] Error reading actual data: A Modbus Exception Occurred - See Response Body
[2024-12-10T05:56:18.870Z] Error writing to Modbus register: A Modbus Exception Occurred - See Response Body
[2024-12-10T05:56:19.867Z] Error reading or processing Modbus registers: A Modbus Exception Occurred - See Response Body
[2024-12-10T05:56:19.869Z] Error reading register 6507 for IP 10.30.4.128: A Modbus Exception Occurred - See Response Body
[2024-12-10T05:56:19.870Z] Error reading actual data: A Modbus Exception Occurred - See Response Body
[2024-12-10T05:56:19.870Z] Error writing to Modbus register: A Modbus Exception Occurred - See Response Body
[2024-12-10T05:56:20.880Z] Error reading or processing Modbus registers: A Modbus Exception Occurred - See Response Body
[2024-12-10T05:56:20.883Z] Error reading register 6507 for IP 10.30.4.128: A Modbus Exception Occurred - See Response Body
[2024-12-10T05:56:20.883Z] Error reading actual data: A Modbus Exception Occurred - See Response Body
[2024-12-10T05:56:20.884Z] Error writing to Modbus register: A Modbus Exception Occurred - See Response Body
[2024-12-10T05:56:21.894Z] Error reading or processing Modbus registers: A Modbus Exception Occurred - See Response Body
[2024-12-10T05:56:21.896Z] Error reading register 6507 for IP 10.30.4.128: A Modbus Exception Occurred - See Response Body
[2024-12-10T05:56:21.897Z] Error reading actual data: A Modbus Exception Occurred - See Response Body
[2024-12-10T05:56:21.898Z] Error writing to Modbus register: A Modbus Exception Occurred - See Response Body
[2024-12-10T05:56:22.893Z] Error reading or processing Modbus registers: A Modbus Exception Occurred - See Response Body
[2024-12-10T05:56:22.898Z] Error reading register 6507 for IP 10.30.4.128: A Modbus Exception Occurred - See Response Body
[2024-12-10T05:56:22.899Z] Error reading actual data: A Modbus Exception Occurred - See Response Body
[2024-12-10T05:56:22.899Z] Error writing to Modbus register: A Modbus Exception Occurred - See Response Body
[2024-12-10T05:56:23.909Z] Error reading or processing Modbus registers: A Modbus Exception Occurred - See Response Body
[2024-12-10T05:56:23.911Z] Error reading register 6507 for IP 10.30.4.128: A Modbus Exception Occurred - See Response Body
[2024-12-10T05:56:23.912Z] Error reading actual data: A Modbus Exception Occurred - See Response Body
[2024-12-10T05:56:23.912Z] Error writing to Modbus register: A Modbus Exception Occurred - See Response Body
[2024-12-10T05:56:24.909Z] Error reading or processing Modbus registers: A Modbus Exception Occurred - See Response Body
[2024-12-10T05:56:24.911Z] Error reading register 6507 for IP 10.30.4.128: A Modbus Exception Occurred - See Response Body
[2024-12-10T05:56:24.912Z] Error reading actual data: A Modbus Exception Occurred - See Response Body
[2024-12-10T05:56:24.912Z] Error writing to Modbus register: A Modbus Exception Occurred - See Response Body
[2024-12-10T05:56:25.910Z] Error reading or processing Modbus registers: A Modbus Exception Occurred - See Response Body
[2024-12-10T05:56:25.912Z] Error reading register 6507 for IP 10.30.4.128: A Modbus Exception Occurred - See Response Body
[2024-12-10T05:56:25.912Z] Error reading actual data: A Modbus Exception Occurred - See Response Body
[2024-12-10T05:56:25.913Z] Error writing to Modbus register: A Modbus Exception Occurred - See Response Body
[2024-12-10T05:56:26.922Z] Error reading or processing Modbus registers: A Modbus Exception Occurred - See Response Body
[2024-12-10T05:56:26.925Z] Error reading register 6507 for IP 10.30.4.128: A Modbus Exception Occurred - See Response Body
[2024-12-10T05:56:26.925Z] Error reading actual data: A Modbus Exception Occurred - See Response Body
[2024-12-10T05:56:26.926Z] Error writing to Modbus register: A Modbus Exception Occurred - See Response Body
[2024-12-10T05:56:27.924Z] Error reading or processing Modbus registers: A Modbus Exception Occurred - See Response Body
[2024-12-10T05:56:27.926Z] Error reading register 6507 for IP 10.30.4.128: A Modbus Exception Occurred - See Response Body
[2024-12-10T05:56:27.927Z] Error reading actual data: A Modbus Exception Occurred - See Response Body
[2024-12-10T05:56:27.927Z] Error writing to Modbus register: A Modbus Exception Occurred - See Response Body
[2024-12-10T05:56:28.938Z] Error reading or processing Modbus registers: A Modbus Exception Occurred - See Response Body
[2024-12-10T05:56:28.940Z] Error reading register 6507 for IP 10.30.4.128: A Modbus Exception Occurred - See Response Body
[2024-12-10T05:56:28.941Z] Error reading actual data: A Modbus Exception Occurred - See Response Body
[2024-12-10T05:56:28.941Z] Error writing to Modbus register: A Modbus Exception Occurred - See Response Body
[2024-12-10T05:56:29.952Z] Error reading or processing Modbus registers: A Modbus Exception Occurred - See Response Body
[2024-12-10T05:56:29.955Z] Error reading register 6507 for IP 10.30.4.128: A Modbus Exception Occurred - See Response Body
[2024-12-10T05:56:29.956Z] Error reading actual data: A Modbus Exception Occurred - See Response Body
[2024-12-10T05:56:29.956Z] Error writing to Modbus register: A Modbus Exception Occurred - See Response Body
[2024-12-10T05:56:30.966Z] Error reading or processing Modbus registers: A Modbus Exception Occurred - See Response Body
[2024-12-10T05:56:30.969Z] Error reading register 6507 for IP 10.30.4.128: A Modbus Exception Occurred - See Response Body
[2024-12-10T05:56:30.970Z] Error reading actual data: A Modbus Exception Occurred - See Response Body
[2024-12-10T05:56:30.970Z] Error writing to Modbus register: A Modbus Exception Occurred - See Response Body
[2024-12-10T05:56:31.967Z] Error reading or processing Modbus registers: A Modbus Exception Occurred - See Response Body
[2024-12-10T05:56:31.970Z] Error reading register 6507 for IP 10.30.4.128: A Modbus Exception Occurred - See Response Body
[2024-12-10T05:56:31.971Z] Error reading actual data: A Modbus Exception Occurred - See Response Body
[2024-12-10T05:56:31.971Z] Error writing to Modbus register: A Modbus Exception Occurred - See Response Body
[2024-12-10T05:56:32.979Z] Error reading or processing Modbus registers: A Modbus Exception Occurred - See Response Body
[2024-12-10T05:56:32.982Z] Error reading register 6507 for IP 10.30.4.128: A Modbus Exception Occurred - See Response Body
[2024-12-10T05:56:32.982Z] Error reading actual data: A Modbus Exception Occurred - See Response Body
[2024-12-10T05:56:32.983Z] Error writing to Modbus register: A Modbus Exception Occurred - See Response Body
[2024-12-10T05:56:33.981Z] Error reading or processing Modbus registers: A Modbus Exception Occurred - See Response Body
[2024-12-10T05:56:33.982Z] Error reading register 6507 for IP 10.30.4.128: A Modbus Exception Occurred - See Response Body
[2024-12-10T05:56:33.983Z] Error reading actual data: A Modbus Exception Occurred - See Response Body
[2024-12-10T05:56:33.983Z] Error writing to Modbus register: A Modbus Exception Occurred - See Response Body
[2024-12-10T05:56:34.995Z] Error reading or processing Modbus registers: A Modbus Exception Occurred - See Response Body
[2024-12-10T05:56:34.997Z] Error reading register 6507 for IP 10.30.4.128: A Modbus Exception Occurred - See Response Body
[2024-12-10T05:56:34.998Z] Error reading actual data: A Modbus Exception Occurred - See Response Body
[2024-12-10T05:56:34.999Z] Error writing to Modbus register: A Modbus Exception Occurred - See Response Body
[2024-12-10T05:56:36.000Z] Error reading or processing Modbus registers: A Modbus Exception Occurred - See Response Body
[2024-12-10T05:56:36.002Z] Error reading register 6507 for IP 10.30.4.128: A Modbus Exception Occurred - See Response Body
[2024-12-10T05:56:36.003Z] Error reading actual data: A Modbus Exception Occurred - See Response Body
[2024-12-10T05:56:36.003Z] Error writing to Modbus register: A Modbus Exception Occurred - See Response Body
[2024-12-10T05:56:37.012Z] Error reading or processing Modbus registers: A Modbus Exception Occurred - See Response Body
[2024-12-10T05:56:37.014Z] Error reading register 6507 for IP 10.30.4.128: A Modbus Exception Occurred - See Response Body
[2024-12-10T05:56:37.015Z] Error reading actual data: A Modbus Exception Occurred - See Response Body
[2024-12-10T05:56:37.016Z] Error writing to Modbus register: A Modbus Exception Occurred - See Response Body
[2024-12-10T05:56:38.025Z] Error reading or processing Modbus registers: A Modbus Exception Occurred - See Response Body
[2024-12-10T05:56:38.028Z] Error reading register 6507 for IP 10.30.4.128: A Modbus Exception Occurred - See Response Body
[2024-12-10T05:56:38.028Z] Error reading actual data: A Modbus Exception Occurred - See Response Body
[2024-12-10T05:56:38.029Z] Error writing to Modbus register: A Modbus Exception Occurred - See Response Body
[2024-12-10T05:56:39.039Z] Error reading or processing Modbus registers: A Modbus Exception Occurred - See Response Body
[2024-12-10T05:56:39.042Z] Error reading register 6507 for IP 10.30.4.128: A Modbus Exception Occurred - See Response Body
[2024-12-10T05:56:39.042Z] Error reading actual data: A Modbus Exception Occurred - See Response Body
[2024-12-10T05:56:39.043Z] Error writing to Modbus register: A Modbus Exception Occurred - See Response Body
[2024-12-10T05:56:40.054Z] Error reading or processing Modbus registers: A Modbus Exception Occurred - See Response Body
[2024-12-10T05:56:40.056Z] Error reading register 6507 for IP 10.30.4.128: A Modbus Exception Occurred - See Response Body
[2024-12-10T05:56:40.057Z] Error reading actual data: A Modbus Exception Occurred - See Response Body
[2024-12-10T05:56:40.058Z] Error writing to Modbus register: A Modbus Exception Occurred - See Response Body
[2024-12-10T05:56:41.068Z] Error reading or processing Modbus registers: A Modbus Exception Occurred - See Response Body
[2024-12-10T05:56:41.070Z] Error reading register 6507 for IP 10.30.4.128: A Modbus Exception Occurred - See Response Body
[2024-12-10T05:56:41.071Z] Error reading actual data: A Modbus Exception Occurred - See Response Body
[2024-12-10T05:56:41.072Z] Error writing to Modbus register: A Modbus Exception Occurred - See Response Body
[2024-12-10T05:56:42.070Z] Error reading or processing Modbus registers: A Modbus Exception Occurred - See Response Body
[2024-12-10T05:56:42.071Z] Error reading register 6507 for IP 10.30.4.128: A Modbus Exception Occurred - See Response Body
[2024-12-10T05:56:42.072Z] Error reading actual data: A Modbus Exception Occurred - See Response Body
[2024-12-10T05:56:42.072Z] Error writing to Modbus register: A Modbus Exception Occurred - See Response Body
[2024-12-10T05:56:43.080Z] Error reading or processing Modbus registers: A Modbus Exception Occurred - See Response Body
[2024-12-10T05:56:43.082Z] Error reading register 6507 for IP 10.30.4.128: A Modbus Exception Occurred - See Response Body
[2024-12-10T05:56:43.082Z] Error reading actual data: A Modbus Exception Occurred - See Response Body
[2024-12-10T05:56:43.083Z] Error writing to Modbus register: A Modbus Exception Occurred - See Response Body
[2024-12-10T05:56:44.081Z] Error reading or processing Modbus registers: A Modbus Exception Occurred - See Response Body
[2024-12-10T05:56:44.083Z] Error reading register 6507 for IP 10.30.4.128: A Modbus Exception Occurred - See Response Body
[2024-12-10T05:56:44.084Z] Error reading actual data: A Modbus Exception Occurred - See Response Body
[2024-12-10T05:56:44.085Z] Error writing to Modbus register: A Modbus Exception Occurred - See Response Body
[2024-12-10T05:56:45.096Z] Error reading or processing Modbus registers: A Modbus Exception Occurred - See Response Body
[2024-12-10T05:56:45.098Z] Error reading register 6507 for IP 10.30.4.128: A Modbus Exception Occurred - See Response Body
[2024-12-10T05:56:45.099Z] Error reading actual data: A Modbus Exception Occurred - See Response Body
[2024-12-10T05:56:45.099Z] Error writing to Modbus register: A Modbus Exception Occurred - See Response Body
[2024-12-10T05:56:46.098Z] Error reading or processing Modbus registers: A Modbus Exception Occurred - See Response Body
[2024-12-10T05:56:46.100Z] Error reading register 6507 for IP 10.30.4.128: A Modbus Exception Occurred - See Response Body
[2024-12-10T05:56:46.100Z] Error reading actual data: A Modbus Exception Occurred - See Response Body
[2024-12-10T05:56:46.100Z] Error writing to Modbus register: A Modbus Exception Occurred - See Response Body
[2024-12-10T05:56:47.107Z] Error reading or processing Modbus registers: A Modbus Exception Occurred - See Response Body
[2024-12-10T05:56:47.109Z] Error reading register 6507 for IP 10.30.4.128: A Modbus Exception Occurred - See Response Body
[2024-12-10T05:56:47.110Z] Error reading actual data: A Modbus Exception Occurred - See Response Body
[2024-12-10T05:56:47.110Z] Error writing to Modbus register: A Modbus Exception Occurred - See Response Body
[2024-12-10T05:56:48.112Z] Error reading or processing Modbus registers: A Modbus Exception Occurred - See Response Body
[2024-12-10T05:56:48.114Z] Error reading register 6507 for IP 10.30.4.128: A Modbus Exception Occurred - See Response Body
[2024-12-10T05:56:48.115Z] Error reading actual data: A Modbus Exception Occurred - See Response Body
[2024-12-10T05:56:48.115Z] Error writing to Modbus register: A Modbus Exception Occurred - See Response Body
[2024-12-10T05:56:49.114Z] Error reading or processing Modbus registers: A Modbus Exception Occurred - See Response Body
[2024-12-10T05:56:49.116Z] Error reading register 6507 for IP 10.30.4.128: A Modbus Exception Occurred - See Response Body
[2024-12-10T05:56:49.116Z] Error reading actual data: A Modbus Exception Occurred - See Response Body
[2024-12-10T05:56:49.117Z] Error writing to Modbus register: A Modbus Exception Occurred - See Response Body
[2024-12-10T05:56:50.117Z] Error reading or processing Modbus registers: A Modbus Exception Occurred - See Response Body
[2024-12-10T05:56:50.120Z] Error reading register 6507 for IP 10.30.4.128: A Modbus Exception Occurred - See Response Body
[2024-12-10T05:56:50.121Z] Error reading actual data: A Modbus Exception Occurred - See Response Body
[2024-12-10T05:56:50.122Z] Error writing to Modbus register: A Modbus Exception Occurred - See Response Body
[2024-12-10T05:56:51.128Z] Error reading or processing Modbus registers: A Modbus Exception Occurred - See Response Body
[2024-12-10T05:56:51.130Z] Error reading register 6507 for IP 10.30.4.128: A Modbus Exception Occurred - See Response Body
[2024-12-10T05:56:51.130Z] Error reading actual data: A Modbus Exception Occurred - See Response Body
[2024-12-10T05:56:51.131Z] Error writing to Modbus register: A Modbus Exception Occurred - See Response Body
[2024-12-10T05:56:52.130Z] Error reading or processing Modbus registers: A Modbus Exception Occurred - See Response Body
[2024-12-10T05:56:52.132Z] Error reading register 6507 for IP 10.30.4.128: A Modbus Exception Occurred - See Response Body
[2024-12-10T05:56:52.133Z] Error reading actual data: A Modbus Exception Occurred - See Response Body
[2024-12-10T05:56:52.134Z] Error writing to Modbus register: A Modbus Exception Occurred - See Response Body
[2024-12-10T05:56:53.145Z] Error reading or processing Modbus registers: A Modbus Exception Occurred - See Response Body
[2024-12-10T05:56:53.147Z] Error reading register 6507 for IP 10.30.4.128: A Modbus Exception Occurred - See Response Body
[2024-12-10T05:56:53.148Z] Error reading actual data: A Modbus Exception Occurred - See Response Body
[2024-12-10T05:56:53.149Z] Error writing to Modbus register: A Modbus Exception Occurred - See Response Body
[2024-12-10T05:56:54.150Z] Error reading or processing Modbus registers: A Modbus Exception Occurred - See Response Body
[2024-12-10T05:56:54.152Z] Error reading register 6507 for IP 10.30.4.128: A Modbus Exception Occurred - See Response Body
[2024-12-10T05:56:54.152Z] Error reading actual data: A Modbus Exception Occurred - See Response Body
[2024-12-10T05:56:54.153Z] Error writing to Modbus register: A Modbus Exception Occurred - See Response Body
[2024-12-10T05:56:55.163Z] Error reading or processing Modbus registers: A Modbus Exception Occurred - See Response Body
[2024-12-10T05:56:55.165Z] Error reading register 6507 for IP 10.30.4.128: A Modbus Exception Occurred - See Response Body
[2024-12-10T05:56:55.166Z] Error reading actual data: A Modbus Exception Occurred - See Response Body
[2024-12-10T05:56:55.167Z] Error writing to Modbus register: A Modbus Exception Occurred - See Response Body
[2024-12-10T05:56:56.177Z] Error reading or processing Modbus registers: A Modbus Exception Occurred - See Response Body
[2024-12-10T05:56:56.179Z] Error reading register 6507 for IP 10.30.4.128: A Modbus Exception Occurred - See Response Body
[2024-12-10T05:56:56.180Z] Error reading actual data: A Modbus Exception Occurred - See Response Body
[2024-12-10T05:56:56.180Z] Error writing to Modbus register: A Modbus Exception Occurred - See Response Body
[2024-12-10T05:56:57.190Z] Error reading or processing Modbus registers: A Modbus Exception Occurred - See Response Body
[2024-12-10T05:56:57.193Z] Error reading register 6507 for IP 10.30.4.128: A Modbus Exception Occurred - See Response Body
[2024-12-10T05:56:57.194Z] Error reading actual data: A Modbus Exception Occurred - See Response Body
[2024-12-10T05:56:57.194Z] Error writing to Modbus register: A Modbus Exception Occurred - See Response Body
[2024-12-10T05:56:58.191Z] Error reading or processing Modbus registers: A Modbus Exception Occurred - See Response Body
[2024-12-10T05:56:58.193Z] Error reading register 6507 for IP 10.30.4.128: A Modbus Exception Occurred - See Response Body
[2024-12-10T05:56:58.194Z] Error reading actual data: A Modbus Exception Occurred - See Response Body
[2024-12-10T05:56:58.195Z] Error writing to Modbus register: A Modbus Exception Occurred - See Response Body
[2024-12-10T05:56:59.206Z] Error reading or processing Modbus registers: A Modbus Exception Occurred - See Response Body
[2024-12-10T05:56:59.208Z] Error reading register 6507 for IP 10.30.4.128: A Modbus Exception Occurred - See Response Body
[2024-12-10T05:56:59.208Z] Error reading actual data: A Modbus Exception Occurred - See Response Body
[2024-12-10T05:56:59.209Z] Error writing to Modbus register: A Modbus Exception Occurred - See Response Body
[2024-12-10T05:57:00.217Z] Error reading or processing Modbus registers: A Modbus Exception Occurred - See Response Body
[2024-12-10T05:57:00.219Z] Error reading register 6507 for IP 10.30.4.128: A Modbus Exception Occurred - See Response Body
[2024-12-10T05:57:00.220Z] Error reading actual data: A Modbus Exception Occurred - See Response Body
[2024-12-10T05:57:00.221Z] Error writing to Modbus register: A Modbus Exception Occurred - See Response Body
[2024-12-10T05:57:01.231Z] Error reading or processing Modbus registers: A Modbus Exception Occurred - See Response Body
[2024-12-10T05:57:01.233Z] Error reading register 6507 for IP 10.30.4.128: A Modbus Exception Occurred - See Response Body
[2024-12-10T05:57:01.234Z] Error reading actual data: A Modbus Exception Occurred - See Response Body
[2024-12-10T05:57:01.234Z] Error writing to Modbus register: A Modbus Exception Occurred - See Response Body
[2024-12-10T05:57:02.247Z] Error reading or processing Modbus registers: A Modbus Exception Occurred - See Response Body
[2024-12-10T05:57:02.249Z] Error reading register 6507 for IP 10.30.4.128: A Modbus Exception Occurred - See Response Body
[2024-12-10T05:57:02.250Z] Error reading actual data: A Modbus Exception Occurred - See Response Body
[2024-12-10T05:57:02.250Z] Error writing to Modbus register: A Modbus Exception Occurred - See Response Body
[2024-12-10T05:57:03.261Z] Error reading or processing Modbus registers: A Modbus Exception Occurred - See Response Body
[2024-12-10T05:57:03.263Z] Error reading register 6507 for IP 10.30.4.128: A Modbus Exception Occurred - See Response Body
[2024-12-10T05:57:03.263Z] Error reading actual data: A Modbus Exception Occurred - See Response Body
[2024-12-10T05:57:03.264Z] Error writing to Modbus register: A Modbus Exception Occurred - See Response Body
[2024-12-10T05:57:04.263Z] Error reading or processing Modbus registers: A Modbus Exception Occurred - See Response Body
[2024-12-10T05:57:04.266Z] Error reading register 6507 for IP 10.30.4.128: A Modbus Exception Occurred - See Response Body
[2024-12-10T05:57:04.266Z] Error reading actual data: A Modbus Exception Occurred - See Response Body
[2024-12-10T05:57:04.267Z] Error writing to Modbus register: A Modbus Exception Occurred - See Response Body
[2024-12-10T05:57:05.275Z] Error reading or processing Modbus registers: A Modbus Exception Occurred - See Response Body
[2024-12-10T05:57:05.278Z] Error reading register 6507 for IP 10.30.4.128: A Modbus Exception Occurred - See Response Body
[2024-12-10T05:57:05.279Z] Error reading actual data: A Modbus Exception Occurred - See Response Body
[2024-12-10T05:57:05.279Z] Error writing to Modbus register: A Modbus Exception Occurred - See Response Body
[2024-12-10T05:57:06.277Z] Error reading or processing Modbus registers: A Modbus Exception Occurred - See Response Body
[2024-12-10T05:57:06.279Z] Error reading register 6507 for IP 10.30.4.128: A Modbus Exception Occurred - See Response Body
[2024-12-10T05:57:06.279Z] Error reading actual data: A Modbus Exception Occurred - See Response Body
[2024-12-10T05:57:06.280Z] Error writing to Modbus register: A Modbus Exception Occurred - See Response Body
[2024-12-10T05:57:07.288Z] Error reading or processing Modbus registers: A Modbus Exception Occurred - See Response Body
[2024-12-10T05:57:07.290Z] Error reading register 6507 for IP 10.30.4.128: A Modbus Exception Occurred - See Response Body
[2024-12-10T05:57:07.291Z] Error reading actual data: A Modbus Exception Occurred - See Response Body
[2024-12-10T05:57:07.291Z] Error writing to Modbus register: A Modbus Exception Occurred - See Response Body
[2024-12-10T05:57:08.290Z] Error reading or processing Modbus registers: A Modbus Exception Occurred - See Response Body
[2024-12-10T05:57:08.293Z] Error reading register 6507 for IP 10.30.4.128: A Modbus Exception Occurred - See Response Body
[2024-12-10T05:57:08.293Z] Error reading actual data: A Modbus Exception Occurred - See Response Body
[2024-12-10T05:57:08.295Z] Error writing to Modbus register: A Modbus Exception Occurred - See Response Body
[2024-12-10T05:57:09.292Z] Error reading or processing Modbus registers: A Modbus Exception Occurred - See Response Body
[2024-12-10T05:57:09.295Z] Error reading register 6507 for IP 10.30.4.128: A Modbus Exception Occurred - See Response Body
[2024-12-10T05:57:09.296Z] Error reading actual data: A Modbus Exception Occurred - See Response Body
[2024-12-10T05:57:09.297Z] Error writing to Modbus register: A Modbus Exception Occurred - See Response Body
[2024-12-10T05:57:10.293Z] Error reading or processing Modbus registers: A Modbus Exception Occurred - See Response Body
[2024-12-10T05:57:10.295Z] Error reading register 6507 for IP 10.30.4.128: A Modbus Exception Occurred - See Response Body
[2024-12-10T05:57:10.296Z] Error reading actual data: A Modbus Exception Occurred - See Response Body
[2024-12-10T05:57:10.297Z] Error writing to Modbus register: A Modbus Exception Occurred - See Response Body
[2024-12-10T05:57:11.293Z] Error reading or processing Modbus registers: A Modbus Exception Occurred - See Response Body
[2024-12-10T05:57:11.296Z] Error reading register 6507 for IP 10.30.4.128: A Modbus Exception Occurred - See Response Body
[2024-12-10T05:57:11.296Z] Error reading actual data: A Modbus Exception Occurred - See Response Body
[2024-12-10T05:57:11.297Z] Error writing to Modbus register: A Modbus Exception Occurred - See Response Body
[2024-12-10T05:57:12.307Z] Error reading or processing Modbus registers: A Modbus Exception Occurred - See Response Body
[2024-12-10T05:57:12.309Z] Error reading register 6507 for IP 10.30.4.128: A Modbus Exception Occurred - See Response Body
[2024-12-10T05:57:12.309Z] Error reading actual data: A Modbus Exception Occurred - See Response Body
[2024-12-10T05:57:12.310Z] Error writing to Modbus register: A Modbus Exception Occurred - See Response Body
[2024-12-10T05:57:13.308Z] Error reading or processing Modbus registers: A Modbus Exception Occurred - See Response Body
[2024-12-10T05:57:13.310Z] Error reading register 6507 for IP 10.30.4.128: A Modbus Exception Occurred - See Response Body
[2024-12-10T05:57:13.311Z] Error reading actual data: A Modbus Exception Occurred - See Response Body
[2024-12-10T05:57:13.312Z] Error writing to Modbus register: A Modbus Exception Occurred - See Response Body
[2024-12-10T05:57:14.320Z] Error reading or processing Modbus registers: A Modbus Exception Occurred - See Response Body
[2024-12-10T05:57:14.322Z] Error reading register 6507 for IP 10.30.4.128: A Modbus Exception Occurred - See Response Body
[2024-12-10T05:57:14.322Z] Error reading actual data: A Modbus Exception Occurred - See Response Body
[2024-12-10T05:57:14.323Z] Error writing to Modbus register: A Modbus Exception Occurred - See Response Body
[2024-12-10T05:57:15.322Z] Error reading or processing Modbus registers: A Modbus Exception Occurred - See Response Body
[2024-12-10T05:57:15.324Z] Error reading register 6507 for IP 10.30.4.128: A Modbus Exception Occurred - See Response Body
[2024-12-10T05:57:15.325Z] Error reading actual data: A Modbus Exception Occurred - See Response Body
[2024-12-10T05:57:15.325Z] Error writing to Modbus register: A Modbus Exception Occurred - See Response Body
[2024-12-10T05:57:16.322Z] Error reading or processing Modbus registers: A Modbus Exception Occurred - See Response Body
[2024-12-10T05:57:16.324Z] Error reading register 6507 for IP 10.30.4.128: A Modbus Exception Occurred - See Response Body
[2024-12-10T05:57:16.325Z] Error reading actual data: A Modbus Exception Occurred - See Response Body
[2024-12-10T05:57:16.325Z] Error writing to Modbus register: A Modbus Exception Occurred - See Response Body
[2024-12-10T05:57:17.337Z] Error reading or processing Modbus registers: A Modbus Exception Occurred - See Response Body
[2024-12-10T05:57:17.339Z] Error reading register 6507 for IP 10.30.4.128: A Modbus Exception Occurred - See Response Body
[2024-12-10T05:57:17.340Z] Error reading actual data: A Modbus Exception Occurred - See Response Body
[2024-12-10T05:57:17.341Z] Error writing to Modbus register: A Modbus Exception Occurred - See Response Body
[2024-12-10T05:57:18.338Z] Error reading or processing Modbus registers: A Modbus Exception Occurred - See Response Body
[2024-12-10T05:57:18.340Z] Error reading register 6507 for IP 10.30.4.128: A Modbus Exception Occurred - See Response Body
[2024-12-10T05:57:18.341Z] Error reading actual data: A Modbus Exception Occurred - See Response Body
[2024-12-10T05:57:18.342Z] Error writing to Modbus register: A Modbus Exception Occurred - See Response Body
[2024-12-10T05:57:19.352Z] Error reading or processing Modbus registers: A Modbus Exception Occurred - See Response Body
[2024-12-10T05:57:19.354Z] Error reading register 6507 for IP 10.30.4.128: A Modbus Exception Occurred - See Response Body
[2024-12-10T05:57:19.355Z] Error reading actual data: A Modbus Exception Occurred - See Response Body
[2024-12-10T05:57:19.356Z] Error writing to Modbus register: A Modbus Exception Occurred - See Response Body
[2024-12-10T05:57:20.365Z] Error reading or processing Modbus registers: A Modbus Exception Occurred - See Response Body
[2024-12-10T05:57:20.367Z] Error reading register 6507 for IP 10.30.4.128: A Modbus Exception Occurred - See Response Body
[2024-12-10T05:57:20.368Z] Error reading actual data: A Modbus Exception Occurred - See Response Body
[2024-12-10T05:57:20.368Z] Error writing to Modbus register: A Modbus Exception Occurred - See Response Body
[2024-12-10T05:57:21.366Z] Error reading or processing Modbus registers: A Modbus Exception Occurred - See Response Body
[2024-12-10T05:57:21.368Z] Error reading register 6507 for IP 10.30.4.128: A Modbus Exception Occurred - See Response Body
[2024-12-10T05:57:21.369Z] Error reading actual data: A Modbus Exception Occurred - See Response Body
[2024-12-10T05:57:21.370Z] Error writing to Modbus register: A Modbus Exception Occurred - See Response Body
[2024-12-10T05:57:22.380Z] Error reading or processing Modbus registers: A Modbus Exception Occurred - See Response Body
[2024-12-10T05:57:22.382Z] Error reading register 6507 for IP 10.30.4.128: A Modbus Exception Occurred - See Response Body
[2024-12-10T05:57:22.383Z] Error reading actual data: A Modbus Exception Occurred - See Response Body
[2024-12-10T05:57:22.383Z] Error writing to Modbus register: A Modbus Exception Occurred - See Response Body
[2024-12-10T05:57:23.387Z] Error reading or processing Modbus registers: A Modbus Exception Occurred - See Response Body
[2024-12-10T05:57:23.389Z] Error reading register 6507 for IP 10.30.4.128: A Modbus Exception Occurred - See Response Body
[2024-12-10T05:57:23.390Z] Error reading actual data: A Modbus Exception Occurred - See Response Body
[2024-12-10T05:57:23.390Z] Error writing to Modbus register: A Modbus Exception Occurred - See Response Body
[2024-12-10T05:57:24.386Z] Error reading or processing Modbus registers: A Modbus Exception Occurred - See Response Body
[2024-12-10T05:57:24.389Z] Error reading register 6507 for IP 10.30.4.128: A Modbus Exception Occurred - See Response Body
[2024-12-10T05:57:24.389Z] Error reading actual data: A Modbus Exception Occurred - See Response Body
[2024-12-10T05:57:24.390Z] Error writing to Modbus register: A Modbus Exception Occurred - See Response Body
[2024-12-10T05:57:25.398Z] Error reading or processing Modbus registers: A Modbus Exception Occurred - See Response Body
[2024-12-10T05:57:25.400Z] Error reading register 6507 for IP 10.30.4.128: A Modbus Exception Occurred - See Response Body
[2024-12-10T05:57:25.401Z] Error reading actual data: A Modbus Exception Occurred - See Response Body
[2024-12-10T05:57:25.402Z] Error writing to Modbus register: A Modbus Exception Occurred - See Response Body
[2024-12-10T05:57:26.412Z] Error reading or processing Modbus registers: A Modbus Exception Occurred - See Response Body
[2024-12-10T05:57:26.415Z] Error reading register 6507 for IP 10.30.4.128: A Modbus Exception Occurred - See Response Body
[2024-12-10T05:57:26.416Z] Error reading actual data: A Modbus Exception Occurred - See Response Body
[2024-12-10T05:57:26.416Z] Error writing to Modbus register: A Modbus Exception Occurred - See Response Body
[2024-12-10T05:57:27.424Z] Error reading or processing Modbus registers: A Modbus Exception Occurred - See Response Body
[2024-12-10T05:57:27.427Z] Error reading register 6507 for IP 10.30.4.128: A Modbus Exception Occurred - See Response Body
[2024-12-10T05:57:27.428Z] Error reading actual data: A Modbus Exception Occurred - See Response Body
[2024-12-10T05:57:27.428Z] Error writing to Modbus register: A Modbus Exception Occurred - See Response Body
[2024-12-10T05:57:28.435Z] Error reading or processing Modbus registers: A Modbus Exception Occurred - See Response Body
[2024-12-10T05:57:28.437Z] Error reading register 6507 for IP 10.30.4.128: A Modbus Exception Occurred - See Response Body
[2024-12-10T05:57:28.438Z] Error reading actual data: A Modbus Exception Occurred - See Response Body
[2024-12-10T05:57:28.438Z] Error writing to Modbus register: A Modbus Exception Occurred - See Response Body
[2024-12-10T05:57:29.451Z] Error reading or processing Modbus registers: A Modbus Exception Occurred - See Response Body
[2024-12-10T05:57:29.453Z] Error reading register 6507 for IP 10.30.4.128: A Modbus Exception Occurred - See Response Body
[2024-12-10T05:57:29.453Z] Error reading actual data: A Modbus Exception Occurred - See Response Body
[2024-12-10T05:57:29.454Z] Error writing to Modbus register: A Modbus Exception Occurred - See Response Body
[2024-12-10T05:57:30.461Z] Error reading or processing Modbus registers: A Modbus Exception Occurred - See Response Body
[2024-12-10T05:57:30.463Z] Error reading register 6507 for IP 10.30.4.128: A Modbus Exception Occurred - See Response Body
[2024-12-10T05:57:30.464Z] Error reading actual data: A Modbus Exception Occurred - See Response Body
[2024-12-10T05:57:30.464Z] Error writing to Modbus register: A Modbus Exception Occurred - See Response Body
[2024-12-10T05:57:31.476Z] Error reading or processing Modbus registers: A Modbus Exception Occurred - See Response Body
[2024-12-10T05:57:31.478Z] Error reading register 6507 for IP 10.30.4.128: A Modbus Exception Occurred - See Response Body
[2024-12-10T05:57:31.479Z] Error reading actual data: A Modbus Exception Occurred - See Response Body
[2024-12-10T05:57:31.479Z] Error writing to Modbus register: A Modbus Exception Occurred - See Response Body
[2024-12-10T05:57:32.491Z] Error reading or processing Modbus registers: A Modbus Exception Occurred - See Response Body
[2024-12-10T05:57:32.493Z] Error reading register 6507 for IP 10.30.4.128: A Modbus Exception Occurred - See Response Body
[2024-12-10T05:57:32.493Z] Error reading actual data: A Modbus Exception Occurred - See Response Body
[2024-12-10T05:57:32.494Z] Error writing to Modbus register: A Modbus Exception Occurred - See Response Body
[2024-12-10T05:57:33.501Z] Error reading or processing Modbus registers: A Modbus Exception Occurred - See Response Body
[2024-12-10T05:57:33.503Z] Error reading register 6507 for IP 10.30.4.128: A Modbus Exception Occurred - See Response Body
[2024-12-10T05:57:33.504Z] Error reading actual data: A Modbus Exception Occurred - See Response Body
[2024-12-10T05:57:33.504Z] Error writing to Modbus register: A Modbus Exception Occurred - See Response Body
[2024-12-10T05:57:34.516Z] Error reading or processing Modbus registers: A Modbus Exception Occurred - See Response Body
[2024-12-10T05:57:34.518Z] Error reading register 6507 for IP 10.30.4.128: A Modbus Exception Occurred - See Response Body
[2024-12-10T05:57:34.519Z] Error reading actual data: A Modbus Exception Occurred - See Response Body
[2024-12-10T05:57:34.519Z] Error writing to Modbus register: A Modbus Exception Occurred - See Response Body
[2024-12-10T05:57:35.524Z] Error reading or processing Modbus registers: A Modbus Exception Occurred - See Response Body
[2024-12-10T05:57:35.527Z] Error reading register 6507 for IP 10.30.4.128: A Modbus Exception Occurred - See Response Body
[2024-12-10T05:57:35.527Z] Error reading actual data: A Modbus Exception Occurred - See Response Body
[2024-12-10T05:57:35.529Z] Error writing to Modbus register: A Modbus Exception Occurred - See Response Body
[2024-12-10T05:57:36.527Z] Error reading or processing Modbus registers: A Modbus Exception Occurred - See Response Body
[2024-12-10T05:57:36.530Z] Error reading register 6507 for IP 10.30.4.128: A Modbus Exception Occurred - See Response Body
[2024-12-10T05:57:36.530Z] Error reading actual data: A Modbus Exception Occurred - See Response Body
[2024-12-10T05:57:36.531Z] Error writing to Modbus register: A Modbus Exception Occurred - See Response Body
[2024-12-10T05:57:37.529Z] Error reading or processing Modbus registers: A Modbus Exception Occurred - See Response Body
[2024-12-10T05:57:37.531Z] Error reading register 6507 for IP 10.30.4.128: A Modbus Exception Occurred - See Response Body
[2024-12-10T05:57:37.532Z] Error reading actual data: A Modbus Exception Occurred - See Response Body
[2024-12-10T05:57:37.532Z] Error writing to Modbus register: A Modbus Exception Occurred - See Response Body
[2024-12-10T05:57:38.542Z] Error reading or processing Modbus registers: A Modbus Exception Occurred - See Response Body
[2024-12-10T05:57:38.545Z] Error reading register 6507 for IP 10.30.4.128: A Modbus Exception Occurred - See Response Body
[2024-12-10T05:57:38.546Z] Error reading actual data: A Modbus Exception Occurred - See Response Body
[2024-12-10T05:57:38.546Z] Error writing to Modbus register: A Modbus Exception Occurred - See Response Body
[2024-12-10T05:57:39.543Z] Error reading or processing Modbus registers: A Modbus Exception Occurred - See Response Body
[2024-12-10T05:57:39.545Z] Error reading register 6507 for IP 10.30.4.128: A Modbus Exception Occurred - See Response Body
[2024-12-10T05:57:39.546Z] Error reading actual data: A Modbus Exception Occurred - See Response Body
[2024-12-10T05:57:39.546Z] Error writing to Modbus register: A Modbus Exception Occurred - See Response Body
[2024-12-10T05:57:40.543Z] Error reading or processing Modbus registers: A Modbus Exception Occurred - See Response Body
[2024-12-10T05:57:40.545Z] Error reading register 6507 for IP 10.30.4.128: A Modbus Exception Occurred - See Response Body
[2024-12-10T05:57:40.546Z] Error reading actual data: A Modbus Exception Occurred - See Response Body
[2024-12-10T05:57:40.547Z] Error writing to Modbus register: A Modbus Exception Occurred - See Response Body
[2024-12-10T05:57:41.543Z] Error reading or processing Modbus registers: A Modbus Exception Occurred - See Response Body
[2024-12-10T05:57:41.546Z] Error reading register 6507 for IP 10.30.4.128: A Modbus Exception Occurred - See Response Body
[2024-12-10T05:57:41.546Z] Error reading actual data: A Modbus Exception Occurred - See Response Body
[2024-12-10T05:57:41.547Z] Error writing to Modbus register: A Modbus Exception Occurred - See Response Body
[2024-12-10T05:57:42.544Z] Error reading or processing Modbus registers: A Modbus Exception Occurred - See Response Body
[2024-12-10T05:57:42.546Z] Error reading register 6507 for IP 10.30.4.128: A Modbus Exception Occurred - See Response Body
[2024-12-10T05:57:42.547Z] Error reading actual data: A Modbus Exception Occurred - See Response Body
[2024-12-10T05:57:42.547Z] Error writing to Modbus register: A Modbus Exception Occurred - See Response Body
[2024-12-10T05:57:43.544Z] Error reading or processing Modbus registers: A Modbus Exception Occurred - See Response Body
[2024-12-10T05:57:43.547Z] Error reading register 6507 for IP 10.30.4.128: A Modbus Exception Occurred - See Response Body
[2024-12-10T05:57:43.547Z] Error reading actual data: A Modbus Exception Occurred - See Response Body
[2024-12-10T05:57:43.547Z] Error writing to Modbus register: A Modbus Exception Occurred - See Response Body
[2024-12-10T05:57:44.555Z] Error reading or processing Modbus registers: A Modbus Exception Occurred - See Response Body
[2024-12-10T05:57:44.557Z] Error reading register 6507 for IP 10.30.4.128: A Modbus Exception Occurred - See Response Body
[2024-12-10T05:57:44.558Z] Error reading actual data: A Modbus Exception Occurred - See Response Body
[2024-12-10T05:57:44.559Z] Error writing to Modbus register: A Modbus Exception Occurred - See Response Body
[2024-12-10T05:57:45.556Z] Error reading or processing Modbus registers: A Modbus Exception Occurred - See Response Body
[2024-12-10T05:57:45.558Z] Error reading register 6507 for IP 10.30.4.128: A Modbus Exception Occurred - See Response Body
[2024-12-10T05:57:45.559Z] Error reading actual data: A Modbus Exception Occurred - See Response Body
[2024-12-10T05:57:45.559Z] Error writing to Modbus register: A Modbus Exception Occurred - See Response Body
[2024-12-10T05:57:46.557Z] Error reading or processing Modbus registers: A Modbus Exception Occurred - See Response Body
[2024-12-10T05:57:46.559Z] Error reading register 6507 for IP 10.30.4.128: A Modbus Exception Occurred - See Response Body
[2024-12-10T05:57:46.560Z] Error reading actual data: A Modbus Exception Occurred - See Response Body
[2024-12-10T05:57:46.560Z] Error writing to Modbus register: A Modbus Exception Occurred - See Response Body
[2024-12-10T05:57:47.558Z] Error reading or processing Modbus registers: A Modbus Exception Occurred - See Response Body
[2024-12-10T05:57:47.561Z] Error reading register 6507 for IP 10.30.4.128: A Modbus Exception Occurred - See Response Body
[2024-12-10T05:57:47.561Z] Error reading actual data: A Modbus Exception Occurred - See Response Body
[2024-12-10T05:57:47.562Z] Error writing to Modbus register: A Modbus Exception Occurred - See Response Body
[2024-12-10T05:57:48.559Z] Error reading or processing Modbus registers: A Modbus Exception Occurred - See Response Body
[2024-12-10T05:57:48.562Z] Error reading register 6507 for IP 10.30.4.128: A Modbus Exception Occurred - See Response Body
[2024-12-10T05:57:48.563Z] Error reading actual data: A Modbus Exception Occurred - See Response Body
[2024-12-10T05:57:48.563Z] Error writing to Modbus register: A Modbus Exception Occurred - See Response Body
[2024-12-10T05:57:49.570Z] Error reading or processing Modbus registers: A Modbus Exception Occurred - See Response Body
[2024-12-10T05:57:49.572Z] Error reading register 6507 for IP 10.30.4.128: A Modbus Exception Occurred - See Response Body
[2024-12-10T05:57:49.573Z] Error reading actual data: A Modbus Exception Occurred - See Response Body
[2024-12-10T05:57:49.573Z] Error writing to Modbus register: A Modbus Exception Occurred - See Response Body
[2024-12-10T05:57:50.571Z] Error reading or processing Modbus registers: A Modbus Exception Occurred - See Response Body
[2024-12-10T05:57:50.574Z] Error reading register 6507 for IP 10.30.4.128: A Modbus Exception Occurred - See Response Body
[2024-12-10T05:57:50.575Z] Error reading actual data: A Modbus Exception Occurred - See Response Body
[2024-12-10T05:57:50.575Z] Error writing to Modbus register: A Modbus Exception Occurred - See Response Body
[2024-12-10T05:57:51.585Z] Error reading or processing Modbus registers: A Modbus Exception Occurred - See Response Body
[2024-12-10T05:57:51.587Z] Error reading register 6507 for IP 10.30.4.128: A Modbus Exception Occurred - See Response Body
[2024-12-10T05:57:51.588Z] Error reading actual data: A Modbus Exception Occurred - See Response Body
[2024-12-10T05:57:51.589Z] Error writing to Modbus register: A Modbus Exception Occurred - See Response Body
[2024-12-10T05:57:52.597Z] Error reading or processing Modbus registers: A Modbus Exception Occurred - See Response Body
[2024-12-10T05:57:52.600Z] Error reading register 6507 for IP 10.30.4.128: A Modbus Exception Occurred - See Response Body
[2024-12-10T05:57:52.600Z] Error reading actual data: A Modbus Exception Occurred - See Response Body
[2024-12-10T05:57:52.601Z] Error writing to Modbus register: A Modbus Exception Occurred - See Response Body
[2024-12-10T05:57:53.613Z] Error reading or processing Modbus registers: A Modbus Exception Occurred - See Response Body
[2024-12-10T05:57:53.615Z] Error reading register 6507 for IP 10.30.4.128: A Modbus Exception Occurred - See Response Body
[2024-12-10T05:57:53.616Z] Error reading actual data: A Modbus Exception Occurred - See Response Body
[2024-12-10T05:57:53.616Z] Error writing to Modbus register: A Modbus Exception Occurred - See Response Body
[2024-12-10T05:57:54.616Z] Error reading or processing Modbus registers: A Modbus Exception Occurred - See Response Body
[2024-12-10T05:57:54.618Z] Error reading register 6507 for IP 10.30.4.128: A Modbus Exception Occurred - See Response Body
[2024-12-10T05:57:54.619Z] Error reading actual data: A Modbus Exception Occurred - See Response Body
[2024-12-10T05:57:54.620Z] Error writing to Modbus register: A Modbus Exception Occurred - See Response Body
[2024-12-10T05:57:55.617Z] Error reading or processing Modbus registers: A Modbus Exception Occurred - See Response Body
[2024-12-10T05:57:55.619Z] Error reading register 6507 for IP 10.30.4.128: A Modbus Exception Occurred - See Response Body
[2024-12-10T05:57:55.620Z] Error reading actual data: A Modbus Exception Occurred - See Response Body
[2024-12-10T05:57:55.621Z] Error writing to Modbus register: A Modbus Exception Occurred - See Response Body
[2024-12-10T05:57:56.619Z] Error reading or processing Modbus registers: A Modbus Exception Occurred - See Response Body
[2024-12-10T05:57:56.621Z] Error reading register 6507 for IP 10.30.4.128: A Modbus Exception Occurred - See Response Body
[2024-12-10T05:57:56.622Z] Error reading actual data: A Modbus Exception Occurred - See Response Body
[2024-12-10T05:57:56.623Z] Error writing to Modbus register: A Modbus Exception Occurred - See Response Body
[2024-12-10T05:57:57.631Z] Error reading or processing Modbus registers: A Modbus Exception Occurred - See Response Body
[2024-12-10T05:57:57.633Z] Error reading register 6507 for IP 10.30.4.128: A Modbus Exception Occurred - See Response Body
[2024-12-10T05:57:57.634Z] Error reading actual data: A Modbus Exception Occurred - See Response Body
[2024-12-10T05:57:57.635Z] Error writing to Modbus register: A Modbus Exception Occurred - See Response Body
[2024-12-10T05:57:58.633Z] Error reading or processing Modbus registers: A Modbus Exception Occurred - See Response Body
[2024-12-10T05:57:58.635Z] Error reading register 6507 for IP 10.30.4.128: A Modbus Exception Occurred - See Response Body
[2024-12-10T05:57:58.636Z] Error reading actual data: A Modbus Exception Occurred - See Response Body
[2024-12-10T05:57:58.636Z] Error writing to Modbus register: A Modbus Exception Occurred - See Response Body
[2024-12-10T05:57:59.646Z] Error reading or processing Modbus registers: A Modbus Exception Occurred - See Response Body
[2024-12-10T05:57:59.647Z] Error reading register 6507 for IP 10.30.4.128: A Modbus Exception Occurred - See Response Body
[2024-12-10T05:57:59.648Z] Error reading actual data: A Modbus Exception Occurred - See Response Body
[2024-12-10T05:57:59.649Z] Error writing to Modbus register: A Modbus Exception Occurred - See Response Body
[2024-12-10T05:58:00.647Z] Error reading or processing Modbus registers: A Modbus Exception Occurred - See Response Body
[2024-12-10T05:58:00.649Z] Error reading register 6507 for IP 10.30.4.128: A Modbus Exception Occurred - See Response Body
[2024-12-10T05:58:00.650Z] Error reading actual data: A Modbus Exception Occurred - See Response Body
[2024-12-10T05:58:00.650Z] Error writing to Modbus register: A Modbus Exception Occurred - See Response Body
[2024-12-10T05:58:01.659Z] Error reading or processing Modbus registers: A Modbus Exception Occurred - See Response Body
[2024-12-10T05:58:01.661Z] Error reading register 6507 for IP 10.30.4.128: A Modbus Exception Occurred - See Response Body
[2024-12-10T05:58:01.662Z] Error reading actual data: A Modbus Exception Occurred - See Response Body
[2024-12-10T05:58:01.662Z] Error writing to Modbus register: A Modbus Exception Occurred - See Response Body
[2024-12-10T05:58:02.661Z] Error reading or processing Modbus registers: A Modbus Exception Occurred - See Response Body
[2024-12-10T05:58:02.663Z] Error reading register 6507 for IP 10.30.4.128: A Modbus Exception Occurred - See Response Body
[2024-12-10T05:58:02.663Z] Error reading actual data: A Modbus Exception Occurred - See Response Body
[2024-12-10T05:58:02.664Z] Error writing to Modbus register: A Modbus Exception Occurred - See Response Body
[2024-12-10T05:58:03.663Z] Error reading or processing Modbus registers: A Modbus Exception Occurred - See Response Body
[2024-12-10T05:58:03.665Z] Error reading register 6507 for IP 10.30.4.128: A Modbus Exception Occurred - See Response Body
[2024-12-10T05:58:03.666Z] Error reading actual data: A Modbus Exception Occurred - See Response Body
[2024-12-10T05:58:03.666Z] Error writing to Modbus register: A Modbus Exception Occurred - See Response Body
[2024-12-10T05:58:04.665Z] Error reading or processing Modbus registers: A Modbus Exception Occurred - See Response Body
[2024-12-10T05:58:04.667Z] Error reading register 6507 for IP 10.30.4.128: A Modbus Exception Occurred - See Response Body
[2024-12-10T05:58:04.667Z] Error reading actual data: A Modbus Exception Occurred - See Response Body
[2024-12-10T05:58:04.668Z] Error writing to Modbus register: A Modbus Exception Occurred - See Response Body
[2024-12-10T05:58:05.667Z] Error reading or processing Modbus registers: A Modbus Exception Occurred - See Response Body
[2024-12-10T05:58:05.669Z] Error reading register 6507 for IP 10.30.4.128: A Modbus Exception Occurred - See Response Body
[2024-12-10T05:58:05.670Z] Error reading actual data: A Modbus Exception Occurred - See Response Body
[2024-12-10T05:58:05.670Z] Error writing to Modbus register: A Modbus Exception Occurred - See Response Body
[2024-12-10T05:58:06.671Z] Error reading or processing Modbus registers: A Modbus Exception Occurred - See Response Body
[2024-12-10T05:58:06.673Z] Error reading register 6507 for IP 10.30.4.128: A Modbus Exception Occurred - See Response Body
[2024-12-10T05:58:06.674Z] Error reading actual data: A Modbus Exception Occurred - See Response Body
[2024-12-10T05:58:06.674Z] Error writing to Modbus register: A Modbus Exception Occurred - See Response Body
[2024-12-10T05:58:07.674Z] Error reading or processing Modbus registers: A Modbus Exception Occurred - See Response Body
[2024-12-10T05:58:07.676Z] Error reading register 6507 for IP 10.30.4.128: A Modbus Exception Occurred - See Response Body
[2024-12-10T05:58:07.677Z] Error reading actual data: A Modbus Exception Occurred - See Response Body
[2024-12-10T05:58:07.677Z] Error writing to Modbus register: A Modbus Exception Occurred - See Response Body
[2024-12-10T05:58:08.688Z] Error reading or processing Modbus registers: A Modbus Exception Occurred - See Response Body
[2024-12-10T05:58:08.691Z] Error reading register 6507 for IP 10.30.4.128: A Modbus Exception Occurred - See Response Body
[2024-12-10T05:58:08.691Z] Error reading actual data: A Modbus Exception Occurred - See Response Body
[2024-12-10T05:58:08.692Z] Error writing to Modbus register: A Modbus Exception Occurred - See Response Body
[2024-12-10T05:58:09.699Z] Error reading or processing Modbus registers: A Modbus Exception Occurred - See Response Body
[2024-12-10T05:58:09.700Z] Error reading register 6507 for IP 10.30.4.128: A Modbus Exception Occurred - See Response Body
[2024-12-10T05:58:09.701Z] Error reading actual data: A Modbus Exception Occurred - See Response Body
[2024-12-10T05:58:09.701Z] Error writing to Modbus register: A Modbus Exception Occurred - See Response Body
[2024-12-10T05:58:10.714Z] Error reading or processing Modbus registers: A Modbus Exception Occurred - See Response Body
[2024-12-10T05:58:10.716Z] Error reading register 6507 for IP 10.30.4.128: A Modbus Exception Occurred - See Response Body
[2024-12-10T05:58:10.716Z] Error reading actual data: A Modbus Exception Occurred - See Response Body
[2024-12-10T05:58:10.717Z] Error writing to Modbus register: A Modbus Exception Occurred - See Response Body
[2024-12-10T05:58:11.728Z] Error reading or processing Modbus registers: A Modbus Exception Occurred - See Response Body
[2024-12-10T05:58:11.730Z] Error reading register 6507 for IP 10.30.4.128: A Modbus Exception Occurred - See Response Body
[2024-12-10T05:58:11.730Z] Error reading actual data: A Modbus Exception Occurred - See Response Body
[2024-12-10T05:58:11.731Z] Error writing to Modbus register: A Modbus Exception Occurred - See Response Body
[2024-12-10T05:58:12.740Z] Error reading or processing Modbus registers: A Modbus Exception Occurred - See Response Body
[2024-12-10T05:58:12.743Z] Error reading register 6507 for IP 10.30.4.128: A Modbus Exception Occurred - See Response Body
[2024-12-10T05:58:12.744Z] Error reading actual data: A Modbus Exception Occurred - See Response Body
[2024-12-10T05:58:12.745Z] Error writing to Modbus register: A Modbus Exception Occurred - See Response Body
[2024-12-10T05:58:13.741Z] Error reading or processing Modbus registers: A Modbus Exception Occurred - See Response Body
[2024-12-10T05:58:13.743Z] Error reading register 6507 for IP 10.30.4.128: A Modbus Exception Occurred - See Response Body
[2024-12-10T05:58:13.744Z] Error reading actual data: A Modbus Exception Occurred - See Response Body
[2024-12-10T05:58:13.745Z] Error writing to Modbus register: A Modbus Exception Occurred - See Response Body
[2024-12-10T05:58:14.745Z] Error reading or processing Modbus registers: A Modbus Exception Occurred - See Response Body
[2024-12-10T05:58:14.748Z] Error reading register 6507 for IP 10.30.4.128: A Modbus Exception Occurred - See Response Body
[2024-12-10T05:58:14.748Z] Error reading actual data: A Modbus Exception Occurred - See Response Body
[2024-12-10T05:58:14.749Z] Error writing to Modbus register: A Modbus Exception Occurred - See Response Body
[2024-12-10T05:58:15.746Z] Error reading or processing Modbus registers: A Modbus Exception Occurred - See Response Body
[2024-12-10T05:58:15.748Z] Error reading register 6507 for IP 10.30.4.128: A Modbus Exception Occurred - See Response Body
[2024-12-10T05:58:15.749Z] Error reading actual data: A Modbus Exception Occurred - See Response Body
[2024-12-10T05:58:15.750Z] Error writing to Modbus register: A Modbus Exception Occurred - See Response Body
[2024-12-10T05:58:16.747Z] Error reading or processing Modbus registers: A Modbus Exception Occurred - See Response Body
[2024-12-10T05:58:16.750Z] Error reading register 6507 for IP 10.30.4.128: A Modbus Exception Occurred - See Response Body
[2024-12-10T05:58:16.750Z] Error reading actual data: A Modbus Exception Occurred - See Response Body
[2024-12-10T05:58:16.751Z] Error writing to Modbus register: A Modbus Exception Occurred - See Response Body
[2024-12-10T05:58:17.761Z] Error reading or processing Modbus registers: A Modbus Exception Occurred - See Response Body
[2024-12-10T05:58:17.763Z] Error reading register 6507 for IP 10.30.4.128: A Modbus Exception Occurred - See Response Body
[2024-12-10T05:58:17.763Z] Error reading actual data: A Modbus Exception Occurred - See Response Body
[2024-12-10T05:58:17.764Z] Error writing to Modbus register: A Modbus Exception Occurred - See Response Body
[2024-12-10T05:58:18.776Z] Error reading or processing Modbus registers: A Modbus Exception Occurred - See Response Body
[2024-12-10T05:58:18.778Z] Error reading register 6507 for IP 10.30.4.128: A Modbus Exception Occurred - See Response Body
[2024-12-10T05:58:18.779Z] Error reading actual data: A Modbus Exception Occurred - See Response Body
[2024-12-10T05:58:18.780Z] Error writing to Modbus register: A Modbus Exception Occurred - See Response Body
[2024-12-10T05:58:19.790Z] Error reading or processing Modbus registers: A Modbus Exception Occurred - See Response Body
[2024-12-10T05:58:19.792Z] Error reading register 6507 for IP 10.30.4.128: A Modbus Exception Occurred - See Response Body
[2024-12-10T05:58:19.793Z] Error reading actual data: A Modbus Exception Occurred - See Response Body
[2024-12-10T05:58:19.793Z] Error writing to Modbus register: A Modbus Exception Occurred - See Response Body
[2024-12-10T05:58:20.792Z] Error reading or processing Modbus registers: A Modbus Exception Occurred - See Response Body
[2024-12-10T05:58:20.795Z] Error reading register 6507 for IP 10.30.4.128: A Modbus Exception Occurred - See Response Body
[2024-12-10T05:58:20.795Z] Error reading actual data: A Modbus Exception Occurred - See Response Body
[2024-12-10T05:58:20.796Z] Error writing to Modbus register: A Modbus Exception Occurred - See Response Body
[2024-12-10T05:58:21.807Z] Error reading or processing Modbus registers: A Modbus Exception Occurred - See Response Body
[2024-12-10T05:58:21.810Z] Error reading register 6507 for IP 10.30.4.128: A Modbus Exception Occurred - See Response Body
[2024-12-10T05:58:21.811Z] Error reading actual data: A Modbus Exception Occurred - See Response Body
[2024-12-10T05:58:21.812Z] Error writing to Modbus register: A Modbus Exception Occurred - See Response Body
[2024-12-10T05:58:22.810Z] Error reading or processing Modbus registers: A Modbus Exception Occurred - See Response Body
[2024-12-10T05:58:22.812Z] Error reading register 6507 for IP 10.30.4.128: A Modbus Exception Occurred - See Response Body
[2024-12-10T05:58:22.813Z] Error reading actual data: A Modbus Exception Occurred - See Response Body
[2024-12-10T05:58:22.813Z] Error writing to Modbus register: A Modbus Exception Occurred - See Response Body
[2024-12-10T05:58:23.822Z] Error reading or processing Modbus registers: A Modbus Exception Occurred - See Response Body
[2024-12-10T05:58:23.824Z] Error reading register 6507 for IP 10.30.4.128: A Modbus Exception Occurred - See Response Body
[2024-12-10T05:58:23.825Z] Error reading actual data: A Modbus Exception Occurred - See Response Body
[2024-12-10T05:58:23.826Z] Error writing to Modbus register: A Modbus Exception Occurred - See Response Body
[2024-12-10T05:58:24.838Z] Error reading or processing Modbus registers: A Modbus Exception Occurred - See Response Body
[2024-12-10T05:58:24.840Z] Error reading register 6507 for IP 10.30.4.128: A Modbus Exception Occurred - See Response Body
[2024-12-10T05:58:24.841Z] Error reading actual data: A Modbus Exception Occurred - See Response Body
[2024-12-10T05:58:24.841Z] Error writing to Modbus register: A Modbus Exception Occurred - See Response Body
[2024-12-10T05:58:25.837Z] Error reading or processing Modbus registers: A Modbus Exception Occurred - See Response Body
[2024-12-10T05:58:25.839Z] Error reading register 6507 for IP 10.30.4.128: A Modbus Exception Occurred - See Response Body
[2024-12-10T05:58:25.840Z] Error reading actual data: A Modbus Exception Occurred - See Response Body
[2024-12-10T05:58:25.841Z] Error writing to Modbus register: A Modbus Exception Occurred - See Response Body
[2024-12-10T05:58:26.851Z] Error reading or processing Modbus registers: A Modbus Exception Occurred - See Response Body
[2024-12-10T05:58:26.853Z] Error reading register 6507 for IP 10.30.4.128: A Modbus Exception Occurred - See Response Body
[2024-12-10T05:58:26.853Z] Error reading actual data: A Modbus Exception Occurred - See Response Body
[2024-12-10T05:58:26.854Z] Error writing to Modbus register: A Modbus Exception Occurred - See Response Body
[2024-12-10T05:58:27.854Z] Error reading or processing Modbus registers: A Modbus Exception Occurred - See Response Body
[2024-12-10T05:58:27.857Z] Error reading register 6507 for IP 10.30.4.128: A Modbus Exception Occurred - See Response Body
[2024-12-10T05:58:27.857Z] Error reading actual data: A Modbus Exception Occurred - See Response Body
[2024-12-10T05:58:27.857Z] Error writing to Modbus register: A Modbus Exception Occurred - See Response Body
[2024-12-10T05:58:28.859Z] Error reading or processing Modbus registers: A Modbus Exception Occurred - See Response Body
[2024-12-10T05:58:28.861Z] Error reading register 6507 for IP 10.30.4.128: A Modbus Exception Occurred - See Response Body
[2024-12-10T05:58:28.861Z] Error reading actual data: A Modbus Exception Occurred - See Response Body
[2024-12-10T05:58:28.862Z] Error writing to Modbus register: A Modbus Exception Occurred - See Response Body
[2024-12-10T05:58:29.864Z] Error reading or processing Modbus registers: A Modbus Exception Occurred - See Response Body
[2024-12-10T05:58:29.866Z] Error reading register 6507 for IP 10.30.4.128: A Modbus Exception Occurred - See Response Body
[2024-12-10T05:58:29.867Z] Error reading actual data: A Modbus Exception Occurred - See Response Body
[2024-12-10T05:58:29.867Z] Error writing to Modbus register: A Modbus Exception Occurred - See Response Body
[2024-12-10T05:58:30.865Z] Error reading or processing Modbus registers: A Modbus Exception Occurred - See Response Body
[2024-12-10T05:58:30.867Z] Error reading register 6507 for IP 10.30.4.128: A Modbus Exception Occurred - See Response Body
[2024-12-10T05:58:30.868Z] Error reading actual data: A Modbus Exception Occurred - See Response Body
[2024-12-10T05:58:30.868Z] Error writing to Modbus register: A Modbus Exception Occurred - See Response Body
[2024-12-10T05:58:31.868Z] Error reading or processing Modbus registers: A Modbus Exception Occurred - See Response Body
[2024-12-10T05:58:31.870Z] Error reading register 6507 for IP 10.30.4.128: A Modbus Exception Occurred - See Response Body
[2024-12-10T05:58:31.870Z] Error reading actual data: A Modbus Exception Occurred - See Response Body
[2024-12-10T05:58:31.871Z] Error writing to Modbus register: A Modbus Exception Occurred - See Response Body
[2024-12-10T05:58:32.882Z] Error reading or processing Modbus registers: A Modbus Exception Occurred - See Response Body
[2024-12-10T05:58:32.884Z] Error reading register 6507 for IP 10.30.4.128: A Modbus Exception Occurred - See Response Body
[2024-12-10T05:58:32.885Z] Error reading actual data: A Modbus Exception Occurred - See Response Body
[2024-12-10T05:58:32.885Z] Error writing to Modbus register: A Modbus Exception Occurred - See Response Body
[2024-12-10T05:58:33.883Z] Error reading or processing Modbus registers: A Modbus Exception Occurred - See Response Body
[2024-12-10T05:58:33.885Z] Error reading register 6507 for IP 10.30.4.128: A Modbus Exception Occurred - See Response Body
[2024-12-10T05:58:33.886Z] Error reading actual data: A Modbus Exception Occurred - See Response Body
[2024-12-10T05:58:33.886Z] Error writing to Modbus register: A Modbus Exception Occurred - See Response Body
[2024-12-10T05:58:34.884Z] Error reading or processing Modbus registers: A Modbus Exception Occurred - See Response Body
[2024-12-10T05:58:34.886Z] Error reading register 6507 for IP 10.30.4.128: A Modbus Exception Occurred - See Response Body
[2024-12-10T05:58:34.889Z] Error reading actual data: A Modbus Exception Occurred - See Response Body
[2024-12-10T05:58:34.889Z] Error writing to Modbus register: A Modbus Exception Occurred - See Response Body
[2024-12-10T05:58:35.898Z] Error reading or processing Modbus registers: A Modbus Exception Occurred - See Response Body
[2024-12-10T05:58:35.900Z] Error reading register 6507 for IP 10.30.4.128: A Modbus Exception Occurred - See Response Body
[2024-12-10T05:58:35.901Z] Error reading actual data: A Modbus Exception Occurred - See Response Body
[2024-12-10T05:58:35.901Z] Error writing to Modbus register: A Modbus Exception Occurred - See Response Body
[2024-12-10T05:58:36.912Z] Error reading or processing Modbus registers: A Modbus Exception Occurred - See Response Body
[2024-12-10T05:58:36.914Z] Error reading register 6507 for IP 10.30.4.128: A Modbus Exception Occurred - See Response Body
[2024-12-10T05:58:36.915Z] Error reading actual data: A Modbus Exception Occurred - See Response Body
[2024-12-10T05:58:36.915Z] Error writing to Modbus register: A Modbus Exception Occurred - See Response Body
[2024-12-10T05:58:37.911Z] Error reading or processing Modbus registers: A Modbus Exception Occurred - See Response Body
[2024-12-10T05:58:37.914Z] Error reading register 6507 for IP 10.30.4.128: A Modbus Exception Occurred - See Response Body
[2024-12-10T05:58:37.915Z] Error reading actual data: A Modbus Exception Occurred - See Response Body
[2024-12-10T05:58:37.915Z] Error writing to Modbus register: A Modbus Exception Occurred - See Response Body
[2024-12-10T05:58:38.912Z] Error reading or processing Modbus registers: A Modbus Exception Occurred - See Response Body
[2024-12-10T05:58:38.914Z] Error reading register 6507 for IP 10.30.4.128: A Modbus Exception Occurred - See Response Body
[2024-12-10T05:58:38.915Z] Error reading actual data: A Modbus Exception Occurred - See Response Body
[2024-12-10T05:58:38.915Z] Error writing to Modbus register: A Modbus Exception Occurred - See Response Body
[2024-12-10T05:58:39.912Z] Error reading or processing Modbus registers: A Modbus Exception Occurred - See Response Body
[2024-12-10T05:58:39.914Z] Error reading register 6507 for IP 10.30.4.128: A Modbus Exception Occurred - See Response Body
[2024-12-10T05:58:39.915Z] Error reading actual data: A Modbus Exception Occurred - See Response Body
[2024-12-10T05:58:39.915Z] Error writing to Modbus register: A Modbus Exception Occurred - See Response Body
[2024-12-10T05:58:40.924Z] Error reading or processing Modbus registers: A Modbus Exception Occurred - See Response Body
[2024-12-10T05:58:40.926Z] Error reading register 6507 for IP 10.30.4.128: A Modbus Exception Occurred - See Response Body
[2024-12-10T05:58:40.927Z] Error reading actual data: A Modbus Exception Occurred - See Response Body
[2024-12-10T05:58:40.927Z] Error writing to Modbus register: A Modbus Exception Occurred - See Response Body
[2024-12-10T05:58:41.936Z] Error reading or processing Modbus registers: A Modbus Exception Occurred - See Response Body
[2024-12-10T05:58:41.939Z] Error reading register 6507 for IP 10.30.4.128: A Modbus Exception Occurred - See Response Body
[2024-12-10T05:58:41.939Z] Error reading actual data: A Modbus Exception Occurred - See Response Body
[2024-12-10T05:58:41.940Z] Error writing to Modbus register: A Modbus Exception Occurred - See Response Body
[2024-12-10T05:58:42.946Z] Error reading or processing Modbus registers: A Modbus Exception Occurred - See Response Body
[2024-12-10T05:58:42.949Z] Error reading register 6507 for IP 10.30.4.128: A Modbus Exception Occurred - See Response Body
[2024-12-10T05:58:42.949Z] Error reading actual data: A Modbus Exception Occurred - See Response Body
[2024-12-10T05:58:42.950Z] Error writing to Modbus register: A Modbus Exception Occurred - See Response Body
[2024-12-10T05:58:43.960Z] Error reading or processing Modbus registers: A Modbus Exception Occurred - See Response Body
[2024-12-10T05:58:43.962Z] Error reading register 6507 for IP 10.30.4.128: A Modbus Exception Occurred - See Response Body
[2024-12-10T05:58:43.963Z] Error reading actual data: A Modbus Exception Occurred - See Response Body
[2024-12-10T05:58:43.964Z] Error writing to Modbus register: A Modbus Exception Occurred - See Response Body
[2024-12-10T05:58:44.972Z] Error reading or processing Modbus registers: A Modbus Exception Occurred - See Response Body
[2024-12-10T05:58:44.974Z] Error reading register 6507 for IP 10.30.4.128: A Modbus Exception Occurred - See Response Body
[2024-12-10T05:58:44.975Z] Error reading actual data: A Modbus Exception Occurred - See Response Body
[2024-12-10T05:58:44.975Z] Error writing to Modbus register: A Modbus Exception Occurred - See Response Body
[2024-12-10T05:58:45.984Z] Error reading or processing Modbus registers: A Modbus Exception Occurred - See Response Body
[2024-12-10T05:58:45.986Z] Error reading register 6507 for IP 10.30.4.128: A Modbus Exception Occurred - See Response Body
[2024-12-10T05:58:45.987Z] Error reading actual data: A Modbus Exception Occurred - See Response Body
[2024-12-10T05:58:45.987Z] Error writing to Modbus register: A Modbus Exception Occurred - See Response Body
[2024-12-10T05:58:46.995Z] Error reading or processing Modbus registers: A Modbus Exception Occurred - See Response Body
[2024-12-10T05:58:46.997Z] Error reading register 6507 for IP 10.30.4.128: A Modbus Exception Occurred - See Response Body
[2024-12-10T05:58:46.998Z] Error reading actual data: A Modbus Exception Occurred - See Response Body
[2024-12-10T05:58:46.998Z] Error writing to Modbus register: A Modbus Exception Occurred - See Response Body
[2024-12-10T05:58:48.009Z] Error reading or processing Modbus registers: A Modbus Exception Occurred - See Response Body
[2024-12-10T05:58:48.012Z] Error reading register 6507 for IP 10.30.4.128: A Modbus Exception Occurred - See Response Body
[2024-12-10T05:58:48.013Z] Error reading actual data: A Modbus Exception Occurred - See Response Body
[2024-12-10T05:58:48.013Z] Error writing to Modbus register: A Modbus Exception Occurred - See Response Body
[2024-12-10T05:58:49.017Z] Error reading or processing Modbus registers: A Modbus Exception Occurred - See Response Body
[2024-12-10T05:58:49.022Z] Error reading register 6507 for IP 10.30.4.128: A Modbus Exception Occurred - See Response Body
[2024-12-10T05:58:49.023Z] Error reading actual data: A Modbus Exception Occurred - See Response Body
[2024-12-10T05:58:49.023Z] Error writing to Modbus register: A Modbus Exception Occurred - See Response Body
[2024-12-10T05:58:50.030Z] Error reading or processing Modbus registers: A Modbus Exception Occurred - See Response Body
[2024-12-10T05:58:50.032Z] Error reading register 6507 for IP 10.30.4.128: A Modbus Exception Occurred - See Response Body
[2024-12-10T05:58:50.033Z] Error reading actual data: A Modbus Exception Occurred - See Response Body
[2024-12-10T05:58:50.033Z] Error writing to Modbus register: A Modbus Exception Occurred - See Response Body
[2024-12-10T05:58:51.033Z] Error reading or processing Modbus registers: A Modbus Exception Occurred - See Response Body
[2024-12-10T05:58:51.035Z] Error reading register 6507 for IP 10.30.4.128: A Modbus Exception Occurred - See Response Body
[2024-12-10T05:58:51.036Z] Error reading actual data: A Modbus Exception Occurred - See Response Body
[2024-12-10T05:58:51.037Z] Error writing to Modbus register: A Modbus Exception Occurred - See Response Body
[2024-12-10T05:58:52.046Z] Error reading or processing Modbus registers: A Modbus Exception Occurred - See Response Body
[2024-12-10T05:58:52.048Z] Error reading register 6507 for IP 10.30.4.128: A Modbus Exception Occurred - See Response Body
[2024-12-10T05:58:52.049Z] Error reading actual data: A Modbus Exception Occurred - See Response Body
[2024-12-10T05:58:52.050Z] Error writing to Modbus register: A Modbus Exception Occurred - See Response Body
[2024-12-10T05:58:53.057Z] Error reading or processing Modbus registers: A Modbus Exception Occurred - See Response Body
[2024-12-10T05:58:53.059Z] Error reading register 6507 for IP 10.30.4.128: A Modbus Exception Occurred - See Response Body
[2024-12-10T05:58:53.059Z] Error reading actual data: A Modbus Exception Occurred - See Response Body
[2024-12-10T05:58:53.060Z] Error writing to Modbus register: A Modbus Exception Occurred - See Response Body
[2024-12-10T05:58:54.070Z] Error reading or processing Modbus registers: A Modbus Exception Occurred - See Response Body
[2024-12-10T05:58:54.073Z] Error reading register 6507 for IP 10.30.4.128: A Modbus Exception Occurred - See Response Body
[2024-12-10T05:58:54.073Z] Error reading actual data: A Modbus Exception Occurred - See Response Body
[2024-12-10T05:58:54.075Z] Error writing to Modbus register: A Modbus Exception Occurred - See Response Body
[2024-12-10T05:58:55.078Z] Error reading or processing Modbus registers: A Modbus Exception Occurred - See Response Body
[2024-12-10T05:58:55.081Z] Error reading register 6507 for IP 10.30.4.128: A Modbus Exception Occurred - See Response Body
[2024-12-10T05:58:55.081Z] Error reading actual data: A Modbus Exception Occurred - See Response Body
[2024-12-10T05:58:55.082Z] Error writing to Modbus register: A Modbus Exception Occurred - See Response Body
[2024-12-10T05:58:56.091Z] Error reading or processing Modbus registers: A Modbus Exception Occurred - See Response Body
[2024-12-10T05:58:56.093Z] Error reading register 6507 for IP 10.30.4.128: A Modbus Exception Occurred - See Response Body
[2024-12-10T05:58:56.094Z] Error reading actual data: A Modbus Exception Occurred - See Response Body
[2024-12-10T05:58:56.094Z] Error writing to Modbus register: A Modbus Exception Occurred - See Response Body
[2024-12-10T05:58:57.104Z] Error reading or processing Modbus registers: A Modbus Exception Occurred - See Response Body
[2024-12-10T05:58:57.107Z] Error reading register 6507 for IP 10.30.4.128: A Modbus Exception Occurred - See Response Body
[2024-12-10T05:58:57.107Z] Error reading actual data: A Modbus Exception Occurred - See Response Body
[2024-12-10T05:58:57.108Z] Error writing to Modbus register: A Modbus Exception Occurred - See Response Body
[2024-12-10T05:58:58.117Z] Error reading or processing Modbus registers: A Modbus Exception Occurred - See Response Body
[2024-12-10T05:58:58.119Z] Error reading register 6507 for IP 10.30.4.128: A Modbus Exception Occurred - See Response Body
[2024-12-10T05:58:58.120Z] Error reading actual data: A Modbus Exception Occurred - See Response Body
[2024-12-10T05:58:58.121Z] Error writing to Modbus register: A Modbus Exception Occurred - See Response Body
[2024-12-10T05:58:59.132Z] Error reading or processing Modbus registers: A Modbus Exception Occurred - See Response Body
[2024-12-10T05:58:59.134Z] Error reading register 6507 for IP 10.30.4.128: A Modbus Exception Occurred - See Response Body
[2024-12-10T05:58:59.135Z] Error reading actual data: A Modbus Exception Occurred - See Response Body
[2024-12-10T05:58:59.135Z] Error writing to Modbus register: A Modbus Exception Occurred - See Response Body
[2024-12-10T05:59:00.136Z] Error reading or processing Modbus registers: A Modbus Exception Occurred - See Response Body
[2024-12-10T05:59:00.138Z] Error reading register 6507 for IP 10.30.4.128: A Modbus Exception Occurred - See Response Body
[2024-12-10T05:59:00.139Z] Error reading actual data: A Modbus Exception Occurred - See Response Body
[2024-12-10T05:59:00.140Z] Error writing to Modbus register: A Modbus Exception Occurred - See Response Body
[2024-12-10T05:59:01.151Z] Error reading or processing Modbus registers: A Modbus Exception Occurred - See Response Body
[2024-12-10T05:59:01.152Z] Error reading register 6507 for IP 10.30.4.128: A Modbus Exception Occurred - See Response Body
[2024-12-10T05:59:01.153Z] Error reading actual data: A Modbus Exception Occurred - See Response Body
[2024-12-10T05:59:01.154Z] Error writing to Modbus register: A Modbus Exception Occurred - See Response Body
[2024-12-10T05:59:02.159Z] Error reading or processing Modbus registers: A Modbus Exception Occurred - See Response Body
[2024-12-10T05:59:02.162Z] Error reading register 6507 for IP 10.30.4.128: A Modbus Exception Occurred - See Response Body
[2024-12-10T05:59:02.162Z] Error reading actual data: A Modbus Exception Occurred - See Response Body
[2024-12-10T05:59:02.163Z] Error writing to Modbus register: A Modbus Exception Occurred - See Response Body
[2024-12-10T05:59:03.167Z] Error reading or processing Modbus registers: A Modbus Exception Occurred - See Response Body
[2024-12-10T05:59:03.170Z] Error reading register 6507 for IP 10.30.4.128: A Modbus Exception Occurred - See Response Body
[2024-12-10T05:59:03.170Z] Error reading actual data: A Modbus Exception Occurred - See Response Body
[2024-12-10T05:59:03.172Z] Error writing to Modbus register: A Modbus Exception Occurred - See Response Body
[2024-12-10T05:59:04.181Z] Error reading or processing Modbus registers: A Modbus Exception Occurred - See Response Body
[2024-12-10T05:59:04.183Z] Error reading register 6507 for IP 10.30.4.128: A Modbus Exception Occurred - See Response Body
[2024-12-10T05:59:04.184Z] Error reading actual data: A Modbus Exception Occurred - See Response Body
[2024-12-10T05:59:04.185Z] Error writing to Modbus register: A Modbus Exception Occurred - See Response Body
[2024-12-10T05:59:05.194Z] Error reading or processing Modbus registers: A Modbus Exception Occurred - See Response Body
[2024-12-10T05:59:05.197Z] Error reading register 6507 for IP 10.30.4.128: A Modbus Exception Occurred - See Response Body
[2024-12-10T05:59:05.197Z] Error reading actual data: A Modbus Exception Occurred - See Response Body
[2024-12-10T05:59:05.198Z] Error writing to Modbus register: A Modbus Exception Occurred - See Response Body
[2024-12-10T05:59:06.209Z] Error reading or processing Modbus registers: A Modbus Exception Occurred - See Response Body
[2024-12-10T05:59:06.212Z] Error reading register 6507 for IP 10.30.4.128: A Modbus Exception Occurred - See Response Body
[2024-12-10T05:59:06.213Z] Error reading actual data: A Modbus Exception Occurred - See Response Body
[2024-12-10T05:59:06.213Z] Error writing to Modbus register: A Modbus Exception Occurred - See Response Body
[2024-12-10T05:59:07.209Z] Error reading or processing Modbus registers: A Modbus Exception Occurred - See Response Body
[2024-12-10T05:59:07.212Z] Error reading register 6507 for IP 10.30.4.128: A Modbus Exception Occurred - See Response Body
[2024-12-10T05:59:07.213Z] Error reading actual data: A Modbus Exception Occurred - See Response Body
[2024-12-10T05:59:07.213Z] Error writing to Modbus register: A Modbus Exception Occurred - See Response Body
[2024-12-10T05:59:08.210Z] Error reading or processing Modbus registers: A Modbus Exception Occurred - See Response Body
[2024-12-10T05:59:08.215Z] Error reading register 6507 for IP 10.30.4.128: A Modbus Exception Occurred - See Response Body
[2024-12-10T05:59:08.215Z] Error reading actual data: A Modbus Exception Occurred - See Response Body
[2024-12-10T05:59:08.216Z] Error writing to Modbus register: A Modbus Exception Occurred - See Response Body
[2024-12-10T05:59:09.223Z] Error reading or processing Modbus registers: A Modbus Exception Occurred - See Response Body
[2024-12-10T05:59:09.226Z] Error reading register 6507 for IP 10.30.4.128: A Modbus Exception Occurred - See Response Body
[2024-12-10T05:59:09.226Z] Error reading actual data: A Modbus Exception Occurred - See Response Body
[2024-12-10T05:59:09.227Z] Error writing to Modbus register: A Modbus Exception Occurred - See Response Body
[2024-12-10T05:59:10.225Z] Error reading or processing Modbus registers: A Modbus Exception Occurred - See Response Body
[2024-12-10T05:59:10.227Z] Error reading register 6507 for IP 10.30.4.128: A Modbus Exception Occurred - See Response Body
[2024-12-10T05:59:10.228Z] Error reading actual data: A Modbus Exception Occurred - See Response Body
[2024-12-10T05:59:10.228Z] Error writing to Modbus register: A Modbus Exception Occurred - See Response Body
[2024-12-10T05:59:11.239Z] Error reading or processing Modbus registers: A Modbus Exception Occurred - See Response Body
[2024-12-10T05:59:11.241Z] Error reading register 6507 for IP 10.30.4.128: A Modbus Exception Occurred - See Response Body
[2024-12-10T05:59:11.242Z] Error reading actual data: A Modbus Exception Occurred - See Response Body
[2024-12-10T05:59:11.242Z] Error writing to Modbus register: A Modbus Exception Occurred - See Response Body
[2024-12-10T05:59:12.239Z] Error reading or processing Modbus registers: A Modbus Exception Occurred - See Response Body
[2024-12-10T05:59:12.241Z] Error reading register 6507 for IP 10.30.4.128: A Modbus Exception Occurred - See Response Body
[2024-12-10T05:59:12.242Z] Error reading actual data: A Modbus Exception Occurred - See Response Body
[2024-12-10T05:59:12.242Z] Error writing to Modbus register: A Modbus Exception Occurred - See Response Body
[2024-12-10T05:59:13.254Z] Error reading or processing Modbus registers: A Modbus Exception Occurred - See Response Body
[2024-12-10T05:59:13.256Z] Error reading register 6507 for IP 10.30.4.128: A Modbus Exception Occurred - See Response Body
[2024-12-10T05:59:13.257Z] Error reading actual data: A Modbus Exception Occurred - See Response Body
[2024-12-10T05:59:13.257Z] Error writing to Modbus register: A Modbus Exception Occurred - See Response Body
[2024-12-10T05:59:14.254Z] Error reading or processing Modbus registers: A Modbus Exception Occurred - See Response Body
[2024-12-10T05:59:14.256Z] Error reading register 6507 for IP 10.30.4.128: A Modbus Exception Occurred - See Response Body
[2024-12-10T05:59:14.257Z] Error reading actual data: A Modbus Exception Occurred - See Response Body
[2024-12-10T05:59:14.258Z] Error writing to Modbus register: A Modbus Exception Occurred - See Response Body
[2024-12-10T05:59:15.259Z] Error reading or processing Modbus registers: A Modbus Exception Occurred - See Response Body
[2024-12-10T05:59:15.261Z] Error reading register 6507 for IP 10.30.4.128: A Modbus Exception Occurred - See Response Body
[2024-12-10T05:59:15.261Z] Error reading actual data: A Modbus Exception Occurred - See Response Body
[2024-12-10T05:59:15.262Z] Error writing to Modbus register: A Modbus Exception Occurred - See Response Body
[2024-12-10T05:59:16.260Z] Error reading or processing Modbus registers: A Modbus Exception Occurred - See Response Body
[2024-12-10T05:59:16.261Z] Error reading register 6507 for IP 10.30.4.128: A Modbus Exception Occurred - See Response Body
[2024-12-10T05:59:16.262Z] Error reading actual data: A Modbus Exception Occurred - See Response Body
[2024-12-10T05:59:16.263Z] Error writing to Modbus register: A Modbus Exception Occurred - See Response Body
[2024-12-10T05:59:17.261Z] Error reading or processing Modbus registers: A Modbus Exception Occurred - See Response Body
[2024-12-10T05:59:17.262Z] Error reading register 6507 for IP 10.30.4.128: A Modbus Exception Occurred - See Response Body
[2024-12-10T05:59:17.263Z] Error reading actual data: A Modbus Exception Occurred - See Response Body
[2024-12-10T05:59:17.263Z] Error writing to Modbus register: A Modbus Exception Occurred - See Response Body
[2024-12-10T05:59:18.275Z] Error reading or processing Modbus registers: A Modbus Exception Occurred - See Response Body
[2024-12-10T05:59:18.277Z] Error reading register 6507 for IP 10.30.4.128: A Modbus Exception Occurred - See Response Body
[2024-12-10T05:59:18.278Z] Error reading actual data: A Modbus Exception Occurred - See Response Body
[2024-12-10T05:59:18.279Z] Error writing to Modbus register: A Modbus Exception Occurred - See Response Body
[2024-12-10T05:59:19.286Z] Error reading or processing Modbus registers: A Modbus Exception Occurred - See Response Body
[2024-12-10T05:59:19.288Z] Error reading register 6507 for IP 10.30.4.128: A Modbus Exception Occurred - See Response Body
[2024-12-10T05:59:19.288Z] Error reading actual data: A Modbus Exception Occurred - See Response Body
[2024-12-10T05:59:19.289Z] Error writing to Modbus register: A Modbus Exception Occurred - See Response Body
[2024-12-10T05:59:20.286Z] Error reading or processing Modbus registers: A Modbus Exception Occurred - See Response Body
[2024-12-10T05:59:20.288Z] Error reading register 6507 for IP 10.30.4.128: A Modbus Exception Occurred - See Response Body
[2024-12-10T05:59:20.289Z] Error reading actual data: A Modbus Exception Occurred - See Response Body
[2024-12-10T05:59:20.291Z] Error writing to Modbus register: A Modbus Exception Occurred - See Response Body
[2024-12-10T05:59:21.289Z] Error reading or processing Modbus registers: A Modbus Exception Occurred - See Response Body
[2024-12-10T05:59:21.292Z] Error reading register 6507 for IP 10.30.4.128: A Modbus Exception Occurred - See Response Body
[2024-12-10T05:59:21.293Z] Error reading actual data: A Modbus Exception Occurred - See Response Body
[2024-12-10T05:59:21.293Z] Error writing to Modbus register: A Modbus Exception Occurred - See Response Body
[2024-12-10T05:59:22.291Z] Error reading or processing Modbus registers: A Modbus Exception Occurred - See Response Body
[2024-12-10T05:59:22.293Z] Error reading register 6507 for IP 10.30.4.128: A Modbus Exception Occurred - See Response Body
[2024-12-10T05:59:22.294Z] Error reading actual data: A Modbus Exception Occurred - See Response Body
[2024-12-10T05:59:22.294Z] Error writing to Modbus register: A Modbus Exception Occurred - See Response Body
[2024-12-10T05:59:23.300Z] Error reading or processing Modbus registers: A Modbus Exception Occurred - See Response Body
[2024-12-10T05:59:23.301Z] Error reading register 6507 for IP 10.30.4.128: A Modbus Exception Occurred - See Response Body
[2024-12-10T05:59:23.302Z] Error reading actual data: A Modbus Exception Occurred - See Response Body
[2024-12-10T05:59:23.302Z] Error writing to Modbus register: A Modbus Exception Occurred - See Response Body
[2024-12-10T05:59:24.314Z] Error reading or processing Modbus registers: A Modbus Exception Occurred - See Response Body
[2024-12-10T05:59:24.316Z] Error reading register 6507 for IP 10.30.4.128: A Modbus Exception Occurred - See Response Body
[2024-12-10T05:59:24.317Z] Error reading actual data: A Modbus Exception Occurred - See Response Body
[2024-12-10T05:59:24.317Z] Error writing to Modbus register: A Modbus Exception Occurred - See Response Body
[2024-12-10T05:59:25.328Z] Error reading or processing Modbus registers: A Modbus Exception Occurred - See Response Body
[2024-12-10T05:59:25.331Z] Error reading register 6507 for IP 10.30.4.128: A Modbus Exception Occurred - See Response Body
[2024-12-10T05:59:25.331Z] Error reading actual data: A Modbus Exception Occurred - See Response Body
[2024-12-10T05:59:25.332Z] Error writing to Modbus register: A Modbus Exception Occurred - See Response Body
[2024-12-10T05:59:26.343Z] Error reading or processing Modbus registers: A Modbus Exception Occurred - See Response Body
[2024-12-10T05:59:26.346Z] Error reading register 6507 for IP 10.30.4.128: A Modbus Exception Occurred - See Response Body
[2024-12-10T05:59:26.347Z] Error reading actual data: A Modbus Exception Occurred - See Response Body
[2024-12-10T05:59:26.347Z] Error writing to Modbus register: A Modbus Exception Occurred - See Response Body
[2024-12-10T05:59:27.346Z] Error reading or processing Modbus registers: A Modbus Exception Occurred - See Response Body
[2024-12-10T05:59:27.349Z] Error reading register 6507 for IP 10.30.4.128: A Modbus Exception Occurred - See Response Body
[2024-12-10T05:59:27.349Z] Error reading actual data: A Modbus Exception Occurred - See Response Body
[2024-12-10T05:59:27.350Z] Error writing to Modbus register: A Modbus Exception Occurred - See Response Body
[2024-12-10T05:59:28.360Z] Error reading or processing Modbus registers: A Modbus Exception Occurred - See Response Body
[2024-12-10T05:59:28.362Z] Error reading register 6507 for IP 10.30.4.128: A Modbus Exception Occurred - See Response Body
[2024-12-10T05:59:28.363Z] Error reading actual data: A Modbus Exception Occurred - See Response Body
[2024-12-10T05:59:28.364Z] Error writing to Modbus register: A Modbus Exception Occurred - See Response Body
[2024-12-10T05:59:29.362Z] Error reading or processing Modbus registers: A Modbus Exception Occurred - See Response Body
[2024-12-10T05:59:29.364Z] Error reading register 6507 for IP 10.30.4.128: A Modbus Exception Occurred - See Response Body
[2024-12-10T05:59:29.365Z] Error reading actual data: A Modbus Exception Occurred - See Response Body
[2024-12-10T05:59:29.365Z] Error writing to Modbus register: A Modbus Exception Occurred - See Response Body
[2024-12-10T05:59:30.364Z] Error reading or processing Modbus registers: A Modbus Exception Occurred - See Response Body
[2024-12-10T05:59:30.366Z] Error reading register 6507 for IP 10.30.4.128: A Modbus Exception Occurred - See Response Body
[2024-12-10T05:59:30.367Z] Error reading actual data: A Modbus Exception Occurred - See Response Body
[2024-12-10T05:59:30.368Z] Error writing to Modbus register: A Modbus Exception Occurred - See Response Body
[2024-12-10T05:59:31.369Z] Error reading or processing Modbus registers: A Modbus Exception Occurred - See Response Body
[2024-12-10T05:59:31.371Z] Error reading register 6507 for IP 10.30.4.128: A Modbus Exception Occurred - See Response Body
[2024-12-10T05:59:31.372Z] Error reading actual data: A Modbus Exception Occurred - See Response Body
[2024-12-10T05:59:31.372Z] Error writing to Modbus register: A Modbus Exception Occurred - See Response Body
[2024-12-10T05:59:32.372Z] Error reading or processing Modbus registers: A Modbus Exception Occurred - See Response Body
[2024-12-10T05:59:32.375Z] Error reading register 6507 for IP 10.30.4.128: A Modbus Exception Occurred - See Response Body
[2024-12-10T05:59:32.375Z] Error reading actual data: A Modbus Exception Occurred - See Response Body
[2024-12-10T05:59:32.376Z] Error writing to Modbus register: A Modbus Exception Occurred - See Response Body
[2024-12-10T05:59:33.372Z] Error reading or processing Modbus registers: A Modbus Exception Occurred - See Response Body
[2024-12-10T05:59:33.374Z] Error reading register 6507 for IP 10.30.4.128: A Modbus Exception Occurred - See Response Body
[2024-12-10T05:59:33.375Z] Error reading actual data: A Modbus Exception Occurred - See Response Body
[2024-12-10T05:59:33.375Z] Error writing to Modbus register: A Modbus Exception Occurred - See Response Body
[2024-12-10T05:59:34.384Z] Error reading or processing Modbus registers: A Modbus Exception Occurred - See Response Body
[2024-12-10T05:59:34.387Z] Error reading register 6507 for IP 10.30.4.128: A Modbus Exception Occurred - See Response Body
[2024-12-10T05:59:34.387Z] Error reading actual data: A Modbus Exception Occurred - See Response Body
[2024-12-10T05:59:34.388Z] Error writing to Modbus register: A Modbus Exception Occurred - See Response Body
[2024-12-10T05:59:35.399Z] Error reading or processing Modbus registers: A Modbus Exception Occurred - See Response Body
[2024-12-10T05:59:35.401Z] Error reading register 6507 for IP 10.30.4.128: A Modbus Exception Occurred - See Response Body
[2024-12-10T05:59:35.402Z] Error reading actual data: A Modbus Exception Occurred - See Response Body
[2024-12-10T05:59:35.403Z] Error writing to Modbus register: A Modbus Exception Occurred - See Response Body
[2024-12-10T05:59:36.413Z] Error reading or processing Modbus registers: A Modbus Exception Occurred - See Response Body
[2024-12-10T05:59:36.415Z] Error reading register 6507 for IP 10.30.4.128: A Modbus Exception Occurred - See Response Body
[2024-12-10T05:59:36.416Z] Error reading actual data: A Modbus Exception Occurred - See Response Body
[2024-12-10T05:59:36.416Z] Error writing to Modbus register: A Modbus Exception Occurred - See Response Body
[2024-12-10T05:59:37.413Z] Error reading or processing Modbus registers: A Modbus Exception Occurred - See Response Body
[2024-12-10T05:59:37.415Z] Error reading register 6507 for IP 10.30.4.128: A Modbus Exception Occurred - See Response Body
[2024-12-10T05:59:37.416Z] Error reading actual data: A Modbus Exception Occurred - See Response Body
[2024-12-10T05:59:37.417Z] Error writing to Modbus register: A Modbus Exception Occurred - See Response Body
[2024-12-10T05:59:38.415Z] Error reading or processing Modbus registers: A Modbus Exception Occurred - See Response Body
[2024-12-10T05:59:38.418Z] Error reading register 6507 for IP 10.30.4.128: A Modbus Exception Occurred - See Response Body
[2024-12-10T05:59:38.418Z] Error reading actual data: A Modbus Exception Occurred - See Response Body
[2024-12-10T05:59:38.419Z] Error writing to Modbus register: A Modbus Exception Occurred - See Response Body
[2024-12-10T05:59:39.418Z] Error reading or processing Modbus registers: A Modbus Exception Occurred - See Response Body
[2024-12-10T05:59:39.420Z] Error reading register 6507 for IP 10.30.4.128: A Modbus Exception Occurred - See Response Body
[2024-12-10T05:59:39.420Z] Error reading actual data: A Modbus Exception Occurred - See Response Body
[2024-12-10T05:59:39.421Z] Error writing to Modbus register: A Modbus Exception Occurred - See Response Body
[2024-12-10T05:59:40.431Z] Error reading or processing Modbus registers: A Modbus Exception Occurred - See Response Body
[2024-12-10T05:59:40.433Z] Error reading register 6507 for IP 10.30.4.128: A Modbus Exception Occurred - See Response Body
[2024-12-10T05:59:40.434Z] Error reading actual data: A Modbus Exception Occurred - See Response Body
[2024-12-10T05:59:40.434Z] Error writing to Modbus register: A Modbus Exception Occurred - See Response Body
[2024-12-10T05:59:41.432Z] Error reading or processing Modbus registers: A Modbus Exception Occurred - See Response Body
[2024-12-10T05:59:41.434Z] Error reading register 6507 for IP 10.30.4.128: A Modbus Exception Occurred - See Response Body
[2024-12-10T05:59:41.435Z] Error reading actual data: A Modbus Exception Occurred - See Response Body
[2024-12-10T05:59:41.435Z] Error writing to Modbus register: A Modbus Exception Occurred - See Response Body
[2024-12-10T05:59:42.433Z] Error reading or processing Modbus registers: A Modbus Exception Occurred - See Response Body
[2024-12-10T05:59:42.435Z] Error reading register 6507 for IP 10.30.4.128: A Modbus Exception Occurred - See Response Body
[2024-12-10T05:59:42.436Z] Error reading actual data: A Modbus Exception Occurred - See Response Body
[2024-12-10T05:59:42.436Z] Error writing to Modbus register: A Modbus Exception Occurred - See Response Body
[2024-12-10T05:59:43.434Z] Error reading or processing Modbus registers: A Modbus Exception Occurred - See Response Body
[2024-12-10T05:59:43.436Z] Error reading register 6507 for IP 10.30.4.128: A Modbus Exception Occurred - See Response Body
[2024-12-10T05:59:43.436Z] Error reading actual data: A Modbus Exception Occurred - See Response Body
[2024-12-10T05:59:43.436Z] Error writing to Modbus register: A Modbus Exception Occurred - See Response Body
[2024-12-10T05:59:44.444Z] Error reading or processing Modbus registers: A Modbus Exception Occurred - See Response Body
[2024-12-10T05:59:44.446Z] Error reading register 6507 for IP 10.30.4.128: A Modbus Exception Occurred - See Response Body
[2024-12-10T05:59:44.446Z] Error reading actual data: A Modbus Exception Occurred - See Response Body
[2024-12-10T05:59:44.447Z] Error writing to Modbus register: A Modbus Exception Occurred - See Response Body
[2024-12-10T05:59:45.443Z] Error reading or processing Modbus registers: A Modbus Exception Occurred - See Response Body
[2024-12-10T05:59:45.445Z] Error reading register 6507 for IP 10.30.4.128: A Modbus Exception Occurred - See Response Body
[2024-12-10T05:59:45.446Z] Error reading actual data: A Modbus Exception Occurred - See Response Body
[2024-12-10T05:59:45.446Z] Error writing to Modbus register: A Modbus Exception Occurred - See Response Body
[2024-12-10T05:59:46.458Z] Error reading or processing Modbus registers: A Modbus Exception Occurred - See Response Body
[2024-12-10T05:59:46.460Z] Error reading register 6507 for IP 10.30.4.128: A Modbus Exception Occurred - See Response Body
[2024-12-10T05:59:46.461Z] Error reading actual data: A Modbus Exception Occurred - See Response Body
[2024-12-10T05:59:46.461Z] Error writing to Modbus register: A Modbus Exception Occurred - See Response Body
[2024-12-10T05:59:47.472Z] Error reading or processing Modbus registers: A Modbus Exception Occurred - See Response Body
[2024-12-10T05:59:47.474Z] Error reading register 6507 for IP 10.30.4.128: A Modbus Exception Occurred - See Response Body
[2024-12-10T05:59:47.475Z] Error reading actual data: A Modbus Exception Occurred - See Response Body
[2024-12-10T05:59:47.475Z] Error writing to Modbus register: A Modbus Exception Occurred - See Response Body
[2024-12-10T05:59:48.472Z] Error reading or processing Modbus registers: A Modbus Exception Occurred - See Response Body
[2024-12-10T05:59:48.474Z] Error reading register 6507 for IP 10.30.4.128: A Modbus Exception Occurred - See Response Body
[2024-12-10T05:59:48.475Z] Error reading actual data: A Modbus Exception Occurred - See Response Body
[2024-12-10T05:59:48.475Z] Error writing to Modbus register: A Modbus Exception Occurred - See Response Body
[2024-12-10T05:59:49.487Z] Error reading or processing Modbus registers: A Modbus Exception Occurred - See Response Body
[2024-12-10T05:59:49.489Z] Error reading register 6507 for IP 10.30.4.128: A Modbus Exception Occurred - See Response Body
[2024-12-10T05:59:49.490Z] Error reading actual data: A Modbus Exception Occurred - See Response Body
[2024-12-10T05:59:49.490Z] Error writing to Modbus register: A Modbus Exception Occurred - See Response Body
[2024-12-10T05:59:50.491Z] Error reading or processing Modbus registers: A Modbus Exception Occurred - See Response Body
[2024-12-10T05:59:50.493Z] Error reading register 6507 for IP 10.30.4.128: A Modbus Exception Occurred - See Response Body
[2024-12-10T05:59:50.493Z] Error reading actual data: A Modbus Exception Occurred - See Response Body
[2024-12-10T05:59:50.494Z] Error writing to Modbus register: A Modbus Exception Occurred - See Response Body
[2024-12-10T05:59:51.503Z] Error reading or processing Modbus registers: A Modbus Exception Occurred - See Response Body
[2024-12-10T05:59:51.505Z] Error reading register 6507 for IP 10.30.4.128: A Modbus Exception Occurred - See Response Body
[2024-12-10T05:59:51.505Z] Error reading actual data: A Modbus Exception Occurred - See Response Body
[2024-12-10T05:59:51.506Z] Error writing to Modbus register: A Modbus Exception Occurred - See Response Body
[2024-12-10T05:59:52.517Z] Error reading or processing Modbus registers: A Modbus Exception Occurred - See Response Body
[2024-12-10T05:59:52.519Z] Error reading register 6507 for IP 10.30.4.128: A Modbus Exception Occurred - See Response Body
[2024-12-10T05:59:52.520Z] Error reading actual data: A Modbus Exception Occurred - See Response Body
[2024-12-10T05:59:52.520Z] Error writing to Modbus register: A Modbus Exception Occurred - See Response Body
[2024-12-10T05:59:53.520Z] Error reading or processing Modbus registers: A Modbus Exception Occurred - See Response Body
[2024-12-10T05:59:53.522Z] Error reading register 6507 for IP 10.30.4.128: A Modbus Exception Occurred - See Response Body
[2024-12-10T05:59:53.523Z] Error reading actual data: A Modbus Exception Occurred - See Response Body
[2024-12-10T05:59:53.524Z] Error writing to Modbus register: A Modbus Exception Occurred - See Response Body
[2024-12-10T05:59:54.535Z] Error reading or processing Modbus registers: A Modbus Exception Occurred - See Response Body
[2024-12-10T05:59:54.537Z] Error reading register 6507 for IP 10.30.4.128: A Modbus Exception Occurred - See Response Body
[2024-12-10T05:59:54.537Z] Error reading actual data: A Modbus Exception Occurred - See Response Body
[2024-12-10T05:59:54.538Z] Error writing to Modbus register: A Modbus Exception Occurred - See Response Body
[2024-12-10T05:59:55.549Z] Error reading or processing Modbus registers: A Modbus Exception Occurred - See Response Body
[2024-12-10T05:59:55.552Z] Error reading register 6507 for IP 10.30.4.128: A Modbus Exception Occurred - See Response Body
[2024-12-10T05:59:55.552Z] Error reading actual data: A Modbus Exception Occurred - See Response Body
[2024-12-10T05:59:55.553Z] Error writing to Modbus register: A Modbus Exception Occurred - See Response Body
[2024-12-10T05:59:56.550Z] Error reading or processing Modbus registers: A Modbus Exception Occurred - See Response Body
[2024-12-10T05:59:56.552Z] Error reading register 6507 for IP 10.30.4.128: A Modbus Exception Occurred - See Response Body
[2024-12-10T05:59:56.553Z] Error reading actual data: A Modbus Exception Occurred - See Response Body
[2024-12-10T05:59:56.553Z] Error writing to Modbus register: A Modbus Exception Occurred - See Response Body
[2024-12-10T05:59:57.551Z] Error reading or processing Modbus registers: A Modbus Exception Occurred - See Response Body
[2024-12-10T05:59:57.554Z] Error reading register 6507 for IP 10.30.4.128: A Modbus Exception Occurred - See Response Body
[2024-12-10T05:59:57.554Z] Error reading actual data: A Modbus Exception Occurred - See Response Body
[2024-12-10T05:59:57.555Z] Error writing to Modbus register: A Modbus Exception Occurred - See Response Body
[2024-12-10T05:59:58.554Z] Error reading or processing Modbus registers: A Modbus Exception Occurred - See Response Body
[2024-12-10T05:59:58.557Z] Error reading register 6507 for IP 10.30.4.128: A Modbus Exception Occurred - See Response Body
[2024-12-10T05:59:58.558Z] Error reading actual data: A Modbus Exception Occurred - See Response Body
[2024-12-10T05:59:58.558Z] Error writing to Modbus register: A Modbus Exception Occurred - See Response Body
[2024-12-10T05:59:59.560Z] Error reading or processing Modbus registers: A Modbus Exception Occurred - See Response Body
[2024-12-10T05:59:59.562Z] Error reading register 6507 for IP 10.30.4.128: A Modbus Exception Occurred - See Response Body
[2024-12-10T05:59:59.562Z] Error reading actual data: A Modbus Exception Occurred - See Response Body
[2024-12-10T05:59:59.563Z] Error writing to Modbus register: A Modbus Exception Occurred - See Response Body
[2024-12-10T06:00:00.571Z] Error reading or processing Modbus registers: A Modbus Exception Occurred - See Response Body
[2024-12-10T06:00:00.574Z] Error reading register 6507 for IP 10.30.4.128: A Modbus Exception Occurred - See Response Body
[2024-12-10T06:00:00.575Z] Error reading actual data: A Modbus Exception Occurred - See Response Body
[2024-12-10T06:00:00.576Z] Error writing to Modbus register: A Modbus Exception Occurred - See Response Body
[2024-12-10T06:00:01.581Z] Error reading or processing Modbus registers: A Modbus Exception Occurred - See Response Body
[2024-12-10T06:00:01.585Z] Error reading register 6507 for IP 10.30.4.128: A Modbus Exception Occurred - See Response Body
[2024-12-10T06:00:01.585Z] Error reading actual data: A Modbus Exception Occurred - See Response Body
[2024-12-10T06:00:01.586Z] Error writing to Modbus register: A Modbus Exception Occurred - See Response Body
[2024-12-10T06:00:02.593Z] Error reading or processing Modbus registers: A Modbus Exception Occurred - See Response Body
[2024-12-10T06:00:02.596Z] Error reading register 6507 for IP 10.30.4.128: A Modbus Exception Occurred - See Response Body
[2024-12-10T06:00:02.596Z] Error reading actual data: A Modbus Exception Occurred - See Response Body
[2024-12-10T06:00:02.597Z] Error writing to Modbus register: A Modbus Exception Occurred - See Response Body
[2024-12-10T06:00:03.603Z] Error reading or processing Modbus registers: A Modbus Exception Occurred - See Response Body
[2024-12-10T06:00:03.605Z] Error reading register 6507 for IP 10.30.4.128: A Modbus Exception Occurred - See Response Body
[2024-12-10T06:00:03.605Z] Error reading actual data: A Modbus Exception Occurred - See Response Body
[2024-12-10T06:00:03.606Z] Error writing to Modbus register: A Modbus Exception Occurred - See Response Body
[2024-12-10T06:00:04.614Z] Error reading or processing Modbus registers: A Modbus Exception Occurred - See Response Body
[2024-12-10T06:00:04.616Z] Error reading register 6507 for IP 10.30.4.128: A Modbus Exception Occurred - See Response Body
[2024-12-10T06:00:04.617Z] Error reading actual data: A Modbus Exception Occurred - See Response Body
[2024-12-10T06:00:04.618Z] Error writing to Modbus register: A Modbus Exception Occurred - See Response Body
[2024-12-10T06:00:05.625Z] Error reading or processing Modbus registers: A Modbus Exception Occurred - See Response Body
[2024-12-10T06:00:05.627Z] Error reading register 6507 for IP 10.30.4.128: A Modbus Exception Occurred - See Response Body
[2024-12-10T06:00:05.628Z] Error reading actual data: A Modbus Exception Occurred - See Response Body
[2024-12-10T06:00:05.628Z] Error writing to Modbus register: A Modbus Exception Occurred - See Response Body
[2024-12-10T06:00:06.635Z] Error reading or processing Modbus registers: A Modbus Exception Occurred - See Response Body
[2024-12-10T06:00:06.637Z] Error reading register 6507 for IP 10.30.4.128: A Modbus Exception Occurred - See Response Body
[2024-12-10T06:00:06.638Z] Error reading actual data: A Modbus Exception Occurred - See Response Body
[2024-12-10T06:00:06.638Z] Error writing to Modbus register: A Modbus Exception Occurred - See Response Body
[2024-12-10T06:00:07.636Z] Error reading or processing Modbus registers: A Modbus Exception Occurred - See Response Body
[2024-12-10T06:00:07.638Z] Error reading register 6507 for IP 10.30.4.128: A Modbus Exception Occurred - See Response Body
[2024-12-10T06:00:07.639Z] Error reading actual data: A Modbus Exception Occurred - See Response Body
[2024-12-10T06:00:07.639Z] Error writing to Modbus register: A Modbus Exception Occurred - See Response Body
[2024-12-10T06:00:08.650Z] Error reading or processing Modbus registers: A Modbus Exception Occurred - See Response Body
[2024-12-10T06:00:08.653Z] Error reading register 6507 for IP 10.30.4.128: A Modbus Exception Occurred - See Response Body
[2024-12-10T06:00:08.654Z] Error reading actual data: A Modbus Exception Occurred - See Response Body
[2024-12-10T06:00:08.654Z] Error writing to Modbus register: A Modbus Exception Occurred - See Response Body
[2024-12-10T06:00:09.663Z] Error reading or processing Modbus registers: A Modbus Exception Occurred - See Response Body
[2024-12-10T06:00:09.665Z] Error reading register 6507 for IP 10.30.4.128: A Modbus Exception Occurred - See Response Body
[2024-12-10T06:00:09.665Z] Error reading actual data: A Modbus Exception Occurred - See Response Body
[2024-12-10T06:00:09.666Z] Error writing to Modbus register: A Modbus Exception Occurred - See Response Body
[2024-12-10T06:00:10.675Z] Error reading or processing Modbus registers: A Modbus Exception Occurred - See Response Body
[2024-12-10T06:00:10.676Z] Error reading register 6507 for IP 10.30.4.128: A Modbus Exception Occurred - See Response Body
[2024-12-10T06:00:10.677Z] Error reading actual data: A Modbus Exception Occurred - See Response Body
[2024-12-10T06:00:10.678Z] Error writing to Modbus register: A Modbus Exception Occurred - See Response Body
[2024-12-10T06:00:11.687Z] Error reading or processing Modbus registers: A Modbus Exception Occurred - See Response Body
[2024-12-10T06:00:11.688Z] Error reading register 6507 for IP 10.30.4.128: A Modbus Exception Occurred - See Response Body
[2024-12-10T06:00:11.689Z] Error reading actual data: A Modbus Exception Occurred - See Response Body
[2024-12-10T06:00:11.689Z] Error writing to Modbus register: A Modbus Exception Occurred - See Response Body
[2024-12-10T06:00:12.688Z] Error reading or processing Modbus registers: A Modbus Exception Occurred - See Response Body
[2024-12-10T06:00:12.690Z] Error reading register 6507 for IP 10.30.4.128: A Modbus Exception Occurred - See Response Body
[2024-12-10T06:00:12.690Z] Error reading actual data: A Modbus Exception Occurred - See Response Body
[2024-12-10T06:00:12.691Z] Error writing to Modbus register: A Modbus Exception Occurred - See Response Body
[2024-12-10T06:00:13.700Z] Error reading or processing Modbus registers: A Modbus Exception Occurred - See Response Body
[2024-12-10T06:00:13.702Z] Error reading register 6507 for IP 10.30.4.128: A Modbus Exception Occurred - See Response Body
[2024-12-10T06:00:13.703Z] Error reading actual data: A Modbus Exception Occurred - See Response Body
[2024-12-10T06:00:13.703Z] Error writing to Modbus register: A Modbus Exception Occurred - See Response Body
[2024-12-10T06:00:14.715Z] Error reading or processing Modbus registers: A Modbus Exception Occurred - See Response Body
[2024-12-10T06:00:14.717Z] Error reading register 6507 for IP 10.30.4.128: A Modbus Exception Occurred - See Response Body
[2024-12-10T06:00:14.717Z] Error reading actual data: A Modbus Exception Occurred - See Response Body
[2024-12-10T06:00:14.718Z] Error writing to Modbus register: A Modbus Exception Occurred - See Response Body
[2024-12-10T06:00:15.728Z] Error reading or processing Modbus registers: A Modbus Exception Occurred - See Response Body
[2024-12-10T06:00:15.730Z] Error reading register 6507 for IP 10.30.4.128: A Modbus Exception Occurred - See Response Body
[2024-12-10T06:00:15.731Z] Error reading actual data: A Modbus Exception Occurred - See Response Body
[2024-12-10T06:00:15.731Z] Error writing to Modbus register: A Modbus Exception Occurred - See Response Body
[2024-12-10T06:00:16.738Z] Error reading or processing Modbus registers: A Modbus Exception Occurred - See Response Body
[2024-12-10T06:00:16.740Z] Error reading register 6507 for IP 10.30.4.128: A Modbus Exception Occurred - See Response Body
[2024-12-10T06:00:16.741Z] Error reading actual data: A Modbus Exception Occurred - See Response Body
[2024-12-10T06:00:16.741Z] Error writing to Modbus register: A Modbus Exception Occurred - See Response Body
[2024-12-10T06:00:17.745Z] Error reading or processing Modbus registers: A Modbus Exception Occurred - See Response Body
[2024-12-10T06:00:17.748Z] Error reading register 6507 for IP 10.30.4.128: A Modbus Exception Occurred - See Response Body
[2024-12-10T06:00:17.749Z] Error reading actual data: A Modbus Exception Occurred - See Response Body
[2024-12-10T06:00:17.749Z] Error writing to Modbus register: A Modbus Exception Occurred - See Response Body
[2024-12-10T06:00:18.757Z] Error reading or processing Modbus registers: A Modbus Exception Occurred - See Response Body
[2024-12-10T06:00:18.759Z] Error reading register 6507 for IP 10.30.4.128: A Modbus Exception Occurred - See Response Body
[2024-12-10T06:00:18.760Z] Error reading actual data: A Modbus Exception Occurred - See Response Body
[2024-12-10T06:00:18.761Z] Error writing to Modbus register: A Modbus Exception Occurred - See Response Body
[2024-12-10T06:00:19.768Z] Error reading or processing Modbus registers: A Modbus Exception Occurred - See Response Body
[2024-12-10T06:00:19.770Z] Error reading register 6507 for IP 10.30.4.128: A Modbus Exception Occurred - See Response Body
[2024-12-10T06:00:19.770Z] Error reading actual data: A Modbus Exception Occurred - See Response Body
[2024-12-10T06:00:19.771Z] Error writing to Modbus register: A Modbus Exception Occurred - See Response Body
[2024-12-10T06:00:20.780Z] Error reading or processing Modbus registers: A Modbus Exception Occurred - See Response Body
[2024-12-10T06:00:20.782Z] Error reading register 6507 for IP 10.30.4.128: A Modbus Exception Occurred - See Response Body
[2024-12-10T06:00:20.783Z] Error reading actual data: A Modbus Exception Occurred - See Response Body
[2024-12-10T06:00:20.784Z] Error writing to Modbus register: A Modbus Exception Occurred - See Response Body
[2024-12-10T06:00:21.787Z] Error reading or processing Modbus registers: A Modbus Exception Occurred - See Response Body
[2024-12-10T06:00:21.790Z] Error reading register 6507 for IP 10.30.4.128: A Modbus Exception Occurred - See Response Body
[2024-12-10T06:00:21.790Z] Error reading actual data: A Modbus Exception Occurred - See Response Body
[2024-12-10T06:00:21.791Z] Error writing to Modbus register: A Modbus Exception Occurred - See Response Body
[2024-12-10T06:00:22.795Z] Error reading or processing Modbus registers: A Modbus Exception Occurred - See Response Body
[2024-12-10T06:00:22.797Z] Error reading register 6507 for IP 10.30.4.128: A Modbus Exception Occurred - See Response Body
[2024-12-10T06:00:22.798Z] Error reading actual data: A Modbus Exception Occurred - See Response Body
[2024-12-10T06:00:22.799Z] Error writing to Modbus register: A Modbus Exception Occurred - See Response Body
[2024-12-10T06:00:23.803Z] Error reading or processing Modbus registers: A Modbus Exception Occurred - See Response Body
[2024-12-10T06:00:23.805Z] Error reading register 6507 for IP 10.30.4.128: A Modbus Exception Occurred - See Response Body
[2024-12-10T06:00:23.807Z] Error reading actual data: A Modbus Exception Occurred - See Response Body
[2024-12-10T06:00:23.807Z] Error writing to Modbus register: A Modbus Exception Occurred - See Response Body
[2024-12-10T06:00:24.811Z] Error reading or processing Modbus registers: A Modbus Exception Occurred - See Response Body
[2024-12-10T06:00:24.813Z] Error reading register 6507 for IP 10.30.4.128: A Modbus Exception Occurred - See Response Body
[2024-12-10T06:00:24.814Z] Error reading actual data: A Modbus Exception Occurred - See Response Body
[2024-12-10T06:00:24.815Z] Error writing to Modbus register: A Modbus Exception Occurred - See Response Body
[2024-12-10T06:00:25.820Z] Error reading or processing Modbus registers: A Modbus Exception Occurred - See Response Body
[2024-12-10T06:00:25.822Z] Error reading register 6507 for IP 10.30.4.128: A Modbus Exception Occurred - See Response Body
[2024-12-10T06:00:25.822Z] Error reading actual data: A Modbus Exception Occurred - See Response Body
[2024-12-10T06:00:25.823Z] Error writing to Modbus register: A Modbus Exception Occurred - See Response Body
[2024-12-10T06:00:26.824Z] Error reading or processing Modbus registers: A Modbus Exception Occurred - See Response Body
[2024-12-10T06:00:26.826Z] Error reading register 6507 for IP 10.30.4.128: A Modbus Exception Occurred - See Response Body
[2024-12-10T06:00:26.827Z] Error reading actual data: A Modbus Exception Occurred - See Response Body
[2024-12-10T06:00:26.827Z] Error writing to Modbus register: A Modbus Exception Occurred - See Response Body
[2024-12-10T06:00:27.835Z] Error reading or processing Modbus registers: A Modbus Exception Occurred - See Response Body
[2024-12-10T06:00:27.837Z] Error reading register 6507 for IP 10.30.4.128: A Modbus Exception Occurred - See Response Body
[2024-12-10T06:00:27.838Z] Error reading actual data: A Modbus Exception Occurred - See Response Body
[2024-12-10T06:00:27.838Z] Error writing to Modbus register: A Modbus Exception Occurred - See Response Body
[2024-12-10T06:00:28.845Z] Error reading or processing Modbus registers: A Modbus Exception Occurred - See Response Body
[2024-12-10T06:00:28.847Z] Error reading register 6507 for IP 10.30.4.128: A Modbus Exception Occurred - See Response Body
[2024-12-10T06:00:28.848Z] Error reading actual data: A Modbus Exception Occurred - See Response Body
[2024-12-10T06:00:28.848Z] Error writing to Modbus register: A Modbus Exception Occurred - See Response Body
[2024-12-10T06:00:29.851Z] Error reading or processing Modbus registers: A Modbus Exception Occurred - See Response Body
[2024-12-10T06:00:29.853Z] Error reading register 6507 for IP 10.30.4.128: A Modbus Exception Occurred - See Response Body
[2024-12-10T06:00:29.854Z] Error reading actual data: A Modbus Exception Occurred - See Response Body
[2024-12-10T06:00:29.855Z] Error writing to Modbus register: A Modbus Exception Occurred - See Response Body
[2024-12-10T06:00:30.856Z] Error reading or processing Modbus registers: A Modbus Exception Occurred - See Response Body
[2024-12-10T06:00:30.858Z] Error reading register 6507 for IP 10.30.4.128: A Modbus Exception Occurred - See Response Body
[2024-12-10T06:00:30.858Z] Error reading actual data: A Modbus Exception Occurred - See Response Body
[2024-12-10T06:00:30.859Z] Error writing to Modbus register: A Modbus Exception Occurred - See Response Body
[2024-12-10T06:00:31.867Z] Error reading or processing Modbus registers: A Modbus Exception Occurred - See Response Body
[2024-12-10T06:00:31.870Z] Error reading register 6507 for IP 10.30.4.128: A Modbus Exception Occurred - See Response Body
[2024-12-10T06:00:31.871Z] Error reading actual data: A Modbus Exception Occurred - See Response Body
[2024-12-10T06:00:31.871Z] Error writing to Modbus register: A Modbus Exception Occurred - See Response Body
[2024-12-10T06:00:32.880Z] Error reading or processing Modbus registers: A Modbus Exception Occurred - See Response Body
[2024-12-10T06:00:32.882Z] Error reading register 6507 for IP 10.30.4.128: A Modbus Exception Occurred - See Response Body
[2024-12-10T06:00:32.883Z] Error reading actual data: A Modbus Exception Occurred - See Response Body
[2024-12-10T06:00:32.885Z] Error writing to Modbus register: A Modbus Exception Occurred - See Response Body
[2024-12-10T06:00:33.895Z] Error reading or processing Modbus registers: A Modbus Exception Occurred - See Response Body
[2024-12-10T06:00:33.898Z] Error reading register 6507 for IP 10.30.4.128: A Modbus Exception Occurred - See Response Body
[2024-12-10T06:00:33.898Z] Error reading actual data: A Modbus Exception Occurred - See Response Body
[2024-12-10T06:00:33.898Z] Error writing to Modbus register: A Modbus Exception Occurred - See Response Body
[2024-12-10T06:00:34.909Z] Error reading or processing Modbus registers: A Modbus Exception Occurred - See Response Body
[2024-12-10T06:00:34.911Z] Error reading register 6507 for IP 10.30.4.128: A Modbus Exception Occurred - See Response Body
[2024-12-10T06:00:34.912Z] Error reading actual data: A Modbus Exception Occurred - See Response Body
[2024-12-10T06:00:34.912Z] Error writing to Modbus register: A Modbus Exception Occurred - See Response Body
[2024-12-10T06:00:35.921Z] Error reading or processing Modbus registers: A Modbus Exception Occurred - See Response Body
[2024-12-10T06:00:35.923Z] Error reading register 6507 for IP 10.30.4.128: A Modbus Exception Occurred - See Response Body
[2024-12-10T06:00:35.924Z] Error reading actual data: A Modbus Exception Occurred - See Response Body
[2024-12-10T06:00:35.924Z] Error writing to Modbus register: A Modbus Exception Occurred - See Response Body
[2024-12-10T06:00:36.933Z] Error reading or processing Modbus registers: A Modbus Exception Occurred - See Response Body
[2024-12-10T06:00:36.935Z] Error reading register 6507 for IP 10.30.4.128: A Modbus Exception Occurred - See Response Body
[2024-12-10T06:00:36.936Z] Error reading actual data: A Modbus Exception Occurred - See Response Body
[2024-12-10T06:00:36.936Z] Error writing to Modbus register: A Modbus Exception Occurred - See Response Body
[2024-12-10T06:00:37.939Z] Error reading or processing Modbus registers: A Modbus Exception Occurred - See Response Body
[2024-12-10T06:00:37.941Z] Error reading register 6507 for IP 10.30.4.128: A Modbus Exception Occurred - See Response Body
[2024-12-10T06:00:37.942Z] Error reading actual data: A Modbus Exception Occurred - See Response Body
[2024-12-10T06:00:37.943Z] Error writing to Modbus register: A Modbus Exception Occurred - See Response Body
[2024-12-10T06:00:38.947Z] Error reading or processing Modbus registers: A Modbus Exception Occurred - See Response Body
[2024-12-10T06:00:38.950Z] Error reading register 6507 for IP 10.30.4.128: A Modbus Exception Occurred - See Response Body
[2024-12-10T06:00:38.950Z] Error reading actual data: A Modbus Exception Occurred - See Response Body
[2024-12-10T06:00:38.951Z] Error writing to Modbus register: A Modbus Exception Occurred - See Response Body
[2024-12-10T06:00:39.949Z] Error reading or processing Modbus registers: A Modbus Exception Occurred - See Response Body
[2024-12-10T06:00:39.951Z] Error reading register 6507 for IP 10.30.4.128: A Modbus Exception Occurred - See Response Body
[2024-12-10T06:00:39.951Z] Error reading actual data: A Modbus Exception Occurred - See Response Body
[2024-12-10T06:00:39.952Z] Error writing to Modbus register: A Modbus Exception Occurred - See Response Body
[2024-12-10T06:00:40.955Z] Error reading or processing Modbus registers: A Modbus Exception Occurred - See Response Body
[2024-12-10T06:00:40.957Z] Error reading register 6507 for IP 10.30.4.128: A Modbus Exception Occurred - See Response Body
[2024-12-10T06:00:40.958Z] Error reading actual data: A Modbus Exception Occurred - See Response Body
[2024-12-10T06:00:40.959Z] Error writing to Modbus register: A Modbus Exception Occurred - See Response Body
[2024-12-10T06:00:41.965Z] Error reading or processing Modbus registers: A Modbus Exception Occurred - See Response Body
[2024-12-10T06:00:41.967Z] Error reading register 6507 for IP 10.30.4.128: A Modbus Exception Occurred - See Response Body
[2024-12-10T06:00:41.968Z] Error reading actual data: A Modbus Exception Occurred - See Response Body
[2024-12-10T06:00:41.968Z] Error writing to Modbus register: A Modbus Exception Occurred - See Response Body
[2024-12-10T06:00:42.970Z] Error reading or processing Modbus registers: A Modbus Exception Occurred - See Response Body
[2024-12-10T06:00:42.972Z] Error reading register 6507 for IP 10.30.4.128: A Modbus Exception Occurred - See Response Body
[2024-12-10T06:00:42.973Z] Error reading actual data: A Modbus Exception Occurred - See Response Body
[2024-12-10T06:00:42.974Z] Error writing to Modbus register: A Modbus Exception Occurred - See Response Body
[2024-12-10T06:00:43.975Z] Error reading or processing Modbus registers: A Modbus Exception Occurred - See Response Body
[2024-12-10T06:00:43.978Z] Error reading register 6507 for IP 10.30.4.128: A Modbus Exception Occurred - See Response Body
[2024-12-10T06:00:43.978Z] Error reading actual data: A Modbus Exception Occurred - See Response Body
[2024-12-10T06:00:43.979Z] Error writing to Modbus register: A Modbus Exception Occurred - See Response Body
[2024-12-10T06:00:44.984Z] Error reading or processing Modbus registers: A Modbus Exception Occurred - See Response Body
[2024-12-10T06:00:44.986Z] Error reading register 6507 for IP 10.30.4.128: A Modbus Exception Occurred - See Response Body
[2024-12-10T06:00:44.986Z] Error reading actual data: A Modbus Exception Occurred - See Response Body
[2024-12-10T06:00:44.987Z] Error writing to Modbus register: A Modbus Exception Occurred - See Response Body
[2024-12-10T06:00:45.994Z] Error reading or processing Modbus registers: A Modbus Exception Occurred - See Response Body
[2024-12-10T06:00:45.997Z] Error reading register 6507 for IP 10.30.4.128: A Modbus Exception Occurred - See Response Body
[2024-12-10T06:00:45.997Z] Error reading actual data: A Modbus Exception Occurred - See Response Body
[2024-12-10T06:00:45.998Z] Error writing to Modbus register: A Modbus Exception Occurred - See Response Body
[2024-12-10T06:00:47.001Z] Error reading or processing Modbus registers: A Modbus Exception Occurred - See Response Body
[2024-12-10T06:00:47.003Z] Error reading register 6507 for IP 10.30.4.128: A Modbus Exception Occurred - See Response Body
[2024-12-10T06:00:47.004Z] Error reading actual data: A Modbus Exception Occurred - See Response Body
[2024-12-10T06:00:47.007Z] Error writing to Modbus register: A Modbus Exception Occurred - See Response Body
[2024-12-10T06:00:48.009Z] Error reading or processing Modbus registers: A Modbus Exception Occurred - See Response Body
[2024-12-10T06:00:48.011Z] Error reading register 6507 for IP 10.30.4.128: A Modbus Exception Occurred - See Response Body
[2024-12-10T06:00:48.011Z] Error reading actual data: A Modbus Exception Occurred - See Response Body
[2024-12-10T06:00:48.012Z] Error writing to Modbus register: A Modbus Exception Occurred - See Response Body
[2024-12-10T06:00:49.021Z] Error reading or processing Modbus registers: A Modbus Exception Occurred - See Response Body
[2024-12-10T06:00:49.023Z] Error reading register 6507 for IP 10.30.4.128: A Modbus Exception Occurred - See Response Body
[2024-12-10T06:00:49.024Z] Error reading actual data: A Modbus Exception Occurred - See Response Body
[2024-12-10T06:00:49.024Z] Error writing to Modbus register: A Modbus Exception Occurred - See Response Body
[2024-12-10T06:00:50.035Z] Error reading or processing Modbus registers: A Modbus Exception Occurred - See Response Body
[2024-12-10T06:00:50.037Z] Error reading register 6507 for IP 10.30.4.128: A Modbus Exception Occurred - See Response Body
[2024-12-10T06:00:50.037Z] Error reading actual data: A Modbus Exception Occurred - See Response Body
[2024-12-10T06:00:50.038Z] Error writing to Modbus register: A Modbus Exception Occurred - See Response Body
[2024-12-10T06:00:51.043Z] Error reading or processing Modbus registers: A Modbus Exception Occurred - See Response Body
[2024-12-10T06:00:51.045Z] Error reading register 6507 for IP 10.30.4.128: A Modbus Exception Occurred - See Response Body
[2024-12-10T06:00:51.046Z] Error reading actual data: A Modbus Exception Occurred - See Response Body
[2024-12-10T06:00:51.046Z] Error writing to Modbus register: A Modbus Exception Occurred - See Response Body
[2024-12-10T06:00:52.055Z] Error reading or processing Modbus registers: A Modbus Exception Occurred - See Response Body
[2024-12-10T06:00:52.057Z] Error reading register 6507 for IP 10.30.4.128: A Modbus Exception Occurred - See Response Body
[2024-12-10T06:00:52.058Z] Error reading actual data: A Modbus Exception Occurred - See Response Body
[2024-12-10T06:00:52.058Z] Error writing to Modbus register: A Modbus Exception Occurred - See Response Body
[2024-12-10T06:00:53.065Z] Error reading or processing Modbus registers: A Modbus Exception Occurred - See Response Body
[2024-12-10T06:00:53.067Z] Error reading register 6507 for IP 10.30.4.128: A Modbus Exception Occurred - See Response Body
[2024-12-10T06:00:53.068Z] Error reading actual data: A Modbus Exception Occurred - See Response Body
[2024-12-10T06:00:53.068Z] Error writing to Modbus register: A Modbus Exception Occurred - See Response Body
[2024-12-10T06:00:54.077Z] Error reading or processing Modbus registers: A Modbus Exception Occurred - See Response Body
[2024-12-10T06:00:54.079Z] Error reading register 6507 for IP 10.30.4.128: A Modbus Exception Occurred - See Response Body
[2024-12-10T06:00:54.080Z] Error reading actual data: A Modbus Exception Occurred - See Response Body
[2024-12-10T06:00:54.080Z] Error writing to Modbus register: A Modbus Exception Occurred - See Response Body
[2024-12-10T06:00:55.087Z] Error reading or processing Modbus registers: A Modbus Exception Occurred - See Response Body
[2024-12-10T06:00:55.089Z] Error reading register 6507 for IP 10.30.4.128: A Modbus Exception Occurred - See Response Body
[2024-12-10T06:00:55.089Z] Error reading actual data: A Modbus Exception Occurred - See Response Body
[2024-12-10T06:00:55.090Z] Error writing to Modbus register: A Modbus Exception Occurred - See Response Body
[2024-12-10T06:00:56.097Z] Error reading or processing Modbus registers: A Modbus Exception Occurred - See Response Body
[2024-12-10T06:00:56.116Z] Error reading register 6507 for IP 10.30.4.128: A Modbus Exception Occurred - See Response Body
[2024-12-10T06:00:56.117Z] Error reading actual data: A Modbus Exception Occurred - See Response Body
[2024-12-10T06:00:56.118Z] Error writing to Modbus register: A Modbus Exception Occurred - See Response Body
[2024-12-10T06:00:57.096Z] Error reading or processing Modbus registers: A Modbus Exception Occurred - See Response Body
[2024-12-10T06:00:57.098Z] Error reading register 6507 for IP 10.30.4.128: A Modbus Exception Occurred - See Response Body
[2024-12-10T06:00:57.099Z] Error reading actual data: A Modbus Exception Occurred - See Response Body
[2024-12-10T06:00:57.100Z] Error writing to Modbus register: A Modbus Exception Occurred - See Response Body
[2024-12-10T06:00:58.108Z] Error reading or processing Modbus registers: A Modbus Exception Occurred - See Response Body
[2024-12-10T06:00:58.110Z] Error reading register 6507 for IP 10.30.4.128: A Modbus Exception Occurred - See Response Body
[2024-12-10T06:00:58.111Z] Error reading actual data: A Modbus Exception Occurred - See Response Body
[2024-12-10T06:00:58.111Z] Error writing to Modbus register: A Modbus Exception Occurred - See Response Body
[2024-12-10T06:00:59.120Z] Error reading or processing Modbus registers: A Modbus Exception Occurred - See Response Body
[2024-12-10T06:00:59.122Z] Error reading register 6507 for IP 10.30.4.128: A Modbus Exception Occurred - See Response Body
[2024-12-10T06:00:59.123Z] Error reading actual data: A Modbus Exception Occurred - See Response Body
[2024-12-10T06:00:59.123Z] Error writing to Modbus register: A Modbus Exception Occurred - See Response Body
[2024-12-10T06:01:00.120Z] Error reading or processing Modbus registers: A Modbus Exception Occurred - See Response Body
[2024-12-10T06:01:00.122Z] Error reading register 6507 for IP 10.30.4.128: A Modbus Exception Occurred - See Response Body
[2024-12-10T06:01:00.123Z] Error reading actual data: A Modbus Exception Occurred - See Response Body
[2024-12-10T06:01:00.123Z] Error writing to Modbus register: A Modbus Exception Occurred - See Response Body
[2024-12-10T06:01:01.132Z] Error reading or processing Modbus registers: A Modbus Exception Occurred - See Response Body
[2024-12-10T06:01:01.134Z] Error reading register 6507 for IP 10.30.4.128: A Modbus Exception Occurred - See Response Body
[2024-12-10T06:01:01.134Z] Error reading actual data: A Modbus Exception Occurred - See Response Body
[2024-12-10T06:01:01.135Z] Error writing to Modbus register: A Modbus Exception Occurred - See Response Body
[2024-12-10T06:01:02.143Z] Error reading or processing Modbus registers: A Modbus Exception Occurred - See Response Body
[2024-12-10T06:01:02.145Z] Error reading register 6507 for IP 10.30.4.128: A Modbus Exception Occurred - See Response Body
[2024-12-10T06:01:02.146Z] Error reading actual data: A Modbus Exception Occurred - See Response Body
[2024-12-10T06:01:02.147Z] Error writing to Modbus register: A Modbus Exception Occurred - See Response Body
[2024-12-10T06:01:03.155Z] Error reading or processing Modbus registers: A Modbus Exception Occurred - See Response Body
[2024-12-10T06:01:03.157Z] Error reading register 6507 for IP 10.30.4.128: A Modbus Exception Occurred - See Response Body
[2024-12-10T06:01:03.158Z] Error reading actual data: A Modbus Exception Occurred - See Response Body
[2024-12-10T06:01:03.158Z] Error writing to Modbus register: A Modbus Exception Occurred - See Response Body
[2024-12-10T06:01:04.166Z] Error reading or processing Modbus registers: A Modbus Exception Occurred - See Response Body
[2024-12-10T06:01:04.168Z] Error reading register 6507 for IP 10.30.4.128: A Modbus Exception Occurred - See Response Body
[2024-12-10T06:01:04.168Z] Error reading actual data: A Modbus Exception Occurred - See Response Body
[2024-12-10T06:01:04.169Z] Error writing to Modbus register: A Modbus Exception Occurred - See Response Body
[2024-12-10T06:01:05.177Z] Error reading or processing Modbus registers: A Modbus Exception Occurred - See Response Body
[2024-12-10T06:01:05.180Z] Error reading register 6507 for IP 10.30.4.128: A Modbus Exception Occurred - See Response Body
[2024-12-10T06:01:05.181Z] Error reading actual data: A Modbus Exception Occurred - See Response Body
[2024-12-10T06:01:05.181Z] Error writing to Modbus register: A Modbus Exception Occurred - See Response Body
[2024-12-10T06:01:06.189Z] Error reading or processing Modbus registers: A Modbus Exception Occurred - See Response Body
[2024-12-10T06:01:06.191Z] Error reading register 6507 for IP 10.30.4.128: A Modbus Exception Occurred - See Response Body
[2024-12-10T06:01:06.192Z] Error reading actual data: A Modbus Exception Occurred - See Response Body
[2024-12-10T06:01:06.193Z] Error writing to Modbus register: A Modbus Exception Occurred - See Response Body
[2024-12-10T06:01:07.201Z] Error reading or processing Modbus registers: A Modbus Exception Occurred - See Response Body
[2024-12-10T06:01:07.204Z] Error reading register 6507 for IP 10.30.4.128: A Modbus Exception Occurred - See Response Body
[2024-12-10T06:01:07.205Z] Error reading actual data: A Modbus Exception Occurred - See Response Body
[2024-12-10T06:01:07.205Z] Error writing to Modbus register: A Modbus Exception Occurred - See Response Body
[2024-12-10T06:01:08.215Z] Error reading or processing Modbus registers: A Modbus Exception Occurred - See Response Body
[2024-12-10T06:01:08.218Z] Error reading register 6507 for IP 10.30.4.128: A Modbus Exception Occurred - See Response Body
[2024-12-10T06:01:08.219Z] Error reading actual data: A Modbus Exception Occurred - See Response Body
[2024-12-10T06:01:08.219Z] Error writing to Modbus register: A Modbus Exception Occurred - See Response Body
[2024-12-10T06:01:09.229Z] Error reading or processing Modbus registers: A Modbus Exception Occurred - See Response Body
[2024-12-10T06:01:09.231Z] Error reading register 6507 for IP 10.30.4.128: A Modbus Exception Occurred - See Response Body
[2024-12-10T06:01:09.232Z] Error reading actual data: A Modbus Exception Occurred - See Response Body
[2024-12-10T06:01:09.232Z] Error writing to Modbus register: A Modbus Exception Occurred - See Response Body
[2024-12-10T06:01:10.243Z] Error reading or processing Modbus registers: A Modbus Exception Occurred - See Response Body
[2024-12-10T06:01:10.245Z] Error reading register 6507 for IP 10.30.4.128: A Modbus Exception Occurred - See Response Body
[2024-12-10T06:01:10.245Z] Error reading actual data: A Modbus Exception Occurred - See Response Body
[2024-12-10T06:01:10.246Z] Error writing to Modbus register: A Modbus Exception Occurred - See Response Body
[2024-12-10T06:01:11.256Z] Error reading or processing Modbus registers: A Modbus Exception Occurred - See Response Body
[2024-12-10T06:01:11.258Z] Error reading register 6507 for IP 10.30.4.128: A Modbus Exception Occurred - See Response Body
[2024-12-10T06:01:11.258Z] Error reading actual data: A Modbus Exception Occurred - See Response Body
[2024-12-10T06:01:11.259Z] Error writing to Modbus register: A Modbus Exception Occurred - See Response Body
[2024-12-10T06:01:12.267Z] Error reading or processing Modbus registers: A Modbus Exception Occurred - See Response Body
[2024-12-10T06:01:12.269Z] Error reading register 6507 for IP 10.30.4.128: A Modbus Exception Occurred - See Response Body
[2024-12-10T06:01:12.270Z] Error reading actual data: A Modbus Exception Occurred - See Response Body
[2024-12-10T06:01:12.270Z] Error writing to Modbus register: A Modbus Exception Occurred - See Response Body
[2024-12-10T06:01:13.280Z] Error reading or processing Modbus registers: A Modbus Exception Occurred - See Response Body
[2024-12-10T06:01:13.282Z] Error reading register 6507 for IP 10.30.4.128: A Modbus Exception Occurred - See Response Body
[2024-12-10T06:01:13.282Z] Error reading actual data: A Modbus Exception Occurred - See Response Body
[2024-12-10T06:01:13.283Z] Error writing to Modbus register: A Modbus Exception Occurred - See Response Body
[2024-12-10T06:01:14.291Z] Error reading or processing Modbus registers: A Modbus Exception Occurred - See Response Body
[2024-12-10T06:01:14.293Z] Error reading register 6507 for IP 10.30.4.128: A Modbus Exception Occurred - See Response Body
[2024-12-10T06:01:14.293Z] Error reading actual data: A Modbus Exception Occurred - See Response Body
[2024-12-10T06:01:14.294Z] Error writing to Modbus register: A Modbus Exception Occurred - See Response Body
[2024-12-10T06:01:15.291Z] Error reading or processing Modbus registers: A Modbus Exception Occurred - See Response Body
[2024-12-10T06:01:15.292Z] Error reading register 6507 for IP 10.30.4.128: A Modbus Exception Occurred - See Response Body
[2024-12-10T06:01:15.293Z] Error reading actual data: A Modbus Exception Occurred - See Response Body
[2024-12-10T06:01:15.294Z] Error writing to Modbus register: A Modbus Exception Occurred - See Response Body
[2024-12-10T06:01:16.290Z] Error reading or processing Modbus registers: A Modbus Exception Occurred - See Response Body
[2024-12-10T06:01:16.292Z] Error reading register 6507 for IP 10.30.4.128: A Modbus Exception Occurred - See Response Body
[2024-12-10T06:01:16.292Z] Error reading actual data: A Modbus Exception Occurred - See Response Body
[2024-12-10T06:01:16.293Z] Error writing to Modbus register: A Modbus Exception Occurred - See Response Body
[2024-12-10T06:01:17.300Z] Error reading or processing Modbus registers: A Modbus Exception Occurred - See Response Body
[2024-12-10T06:01:17.302Z] Error reading register 6507 for IP 10.30.4.128: A Modbus Exception Occurred - See Response Body
[2024-12-10T06:01:17.303Z] Error reading actual data: A Modbus Exception Occurred - See Response Body
[2024-12-10T06:01:17.303Z] Error writing to Modbus register: A Modbus Exception Occurred - See Response Body
[2024-12-10T06:01:18.316Z] Error reading or processing Modbus registers: A Modbus Exception Occurred - See Response Body
[2024-12-10T06:01:18.318Z] Error reading register 6507 for IP 10.30.4.128: A Modbus Exception Occurred - See Response Body
[2024-12-10T06:01:18.319Z] Error reading actual data: A Modbus Exception Occurred - See Response Body
[2024-12-10T06:01:18.319Z] Error writing to Modbus register: A Modbus Exception Occurred - See Response Body
[2024-12-10T06:01:19.328Z] Error reading or processing Modbus registers: A Modbus Exception Occurred - See Response Body
[2024-12-10T06:01:19.330Z] Error reading register 6507 for IP 10.30.4.128: A Modbus Exception Occurred - See Response Body
[2024-12-10T06:01:19.331Z] Error reading actual data: A Modbus Exception Occurred - See Response Body
[2024-12-10T06:01:19.331Z] Error writing to Modbus register: A Modbus Exception Occurred - See Response Body
[2024-12-10T06:01:20.330Z] Error reading or processing Modbus registers: A Modbus Exception Occurred - See Response Body
[2024-12-10T06:01:20.332Z] Error reading register 6507 for IP 10.30.4.128: A Modbus Exception Occurred - See Response Body
[2024-12-10T06:01:20.333Z] Error reading actual data: A Modbus Exception Occurred - See Response Body
[2024-12-10T06:01:20.333Z] Error writing to Modbus register: A Modbus Exception Occurred - See Response Body
[2024-12-10T06:01:21.345Z] Error reading or processing Modbus registers: A Modbus Exception Occurred - See Response Body
[2024-12-10T06:01:21.347Z] Error reading register 6507 for IP 10.30.4.128: A Modbus Exception Occurred - See Response Body
[2024-12-10T06:01:21.347Z] Error reading actual data: A Modbus Exception Occurred - See Response Body
[2024-12-10T06:01:21.348Z] Error writing to Modbus register: A Modbus Exception Occurred - See Response Body
[2024-12-10T06:01:22.356Z] Error reading or processing Modbus registers: A Modbus Exception Occurred - See Response Body
[2024-12-10T06:01:22.359Z] Error reading register 6507 for IP 10.30.4.128: A Modbus Exception Occurred - See Response Body
[2024-12-10T06:01:22.359Z] Error reading actual data: A Modbus Exception Occurred - See Response Body
[2024-12-10T06:01:22.360Z] Error writing to Modbus register: A Modbus Exception Occurred - See Response Body
[2024-12-10T06:01:23.369Z] Error reading or processing Modbus registers: A Modbus Exception Occurred - See Response Body
[2024-12-10T06:01:23.372Z] Error reading register 6507 for IP 10.30.4.128: A Modbus Exception Occurred - See Response Body
[2024-12-10T06:01:23.372Z] Error reading actual data: A Modbus Exception Occurred - See Response Body
[2024-12-10T06:01:23.373Z] Error writing to Modbus register: A Modbus Exception Occurred - See Response Body
[2024-12-10T06:01:24.380Z] Error reading or processing Modbus registers: A Modbus Exception Occurred - See Response Body
[2024-12-10T06:01:24.381Z] Error reading register 6507 for IP 10.30.4.128: A Modbus Exception Occurred - See Response Body
[2024-12-10T06:01:24.382Z] Error reading actual data: A Modbus Exception Occurred - See Response Body
[2024-12-10T06:01:24.383Z] Error writing to Modbus register: A Modbus Exception Occurred - See Response Body
[2024-12-10T06:01:25.394Z] Error reading or processing Modbus registers: A Modbus Exception Occurred - See Response Body
[2024-12-10T06:01:25.396Z] Error reading register 6507 for IP 10.30.4.128: A Modbus Exception Occurred - See Response Body
[2024-12-10T06:01:25.397Z] Error reading actual data: A Modbus Exception Occurred - See Response Body
[2024-12-10T06:01:25.397Z] Error writing to Modbus register: A Modbus Exception Occurred - See Response Body
[2024-12-10T06:01:26.405Z] Error reading or processing Modbus registers: A Modbus Exception Occurred - See Response Body
[2024-12-10T06:01:26.410Z] Error reading register 6507 for IP 10.30.4.128: A Modbus Exception Occurred - See Response Body
[2024-12-10T06:01:26.410Z] Error reading actual data: A Modbus Exception Occurred - See Response Body
[2024-12-10T06:01:26.411Z] Error writing to Modbus register: A Modbus Exception Occurred - See Response Body
[2024-12-10T06:01:27.415Z] Error reading or processing Modbus registers: A Modbus Exception Occurred - See Response Body
[2024-12-10T06:01:27.417Z] Error reading register 6507 for IP 10.30.4.128: A Modbus Exception Occurred - See Response Body
[2024-12-10T06:01:27.417Z] Error reading actual data: A Modbus Exception Occurred - See Response Body
[2024-12-10T06:01:27.418Z] Error writing to Modbus register: A Modbus Exception Occurred - See Response Body
[2024-12-10T06:01:28.427Z] Error reading or processing Modbus registers: A Modbus Exception Occurred - See Response Body
[2024-12-10T06:01:28.429Z] Error reading register 6507 for IP 10.30.4.128: A Modbus Exception Occurred - See Response Body
[2024-12-10T06:01:28.430Z] Error reading actual data: A Modbus Exception Occurred - See Response Body
[2024-12-10T06:01:28.431Z] Error writing to Modbus register: A Modbus Exception Occurred - See Response Body
[2024-12-10T06:01:29.439Z] Error reading or processing Modbus registers: A Modbus Exception Occurred - See Response Body
[2024-12-10T06:01:29.441Z] Error reading register 6507 for IP 10.30.4.128: A Modbus Exception Occurred - See Response Body
[2024-12-10T06:01:29.441Z] Error reading actual data: A Modbus Exception Occurred - See Response Body
[2024-12-10T06:01:29.442Z] Error writing to Modbus register: A Modbus Exception Occurred - See Response Body
[2024-12-10T06:01:30.450Z] Error reading or processing Modbus registers: A Modbus Exception Occurred - See Response Body
[2024-12-10T06:01:30.451Z] Error reading register 6507 for IP 10.30.4.128: A Modbus Exception Occurred - See Response Body
[2024-12-10T06:01:30.452Z] Error reading actual data: A Modbus Exception Occurred - See Response Body
[2024-12-10T06:01:30.452Z] Error writing to Modbus register: A Modbus Exception Occurred - See Response Body
[2024-12-10T06:01:31.464Z] Error reading or processing Modbus registers: A Modbus Exception Occurred - See Response Body
[2024-12-10T06:01:31.467Z] Error reading register 6507 for IP 10.30.4.128: A Modbus Exception Occurred - See Response Body
[2024-12-10T06:01:31.468Z] Error reading actual data: A Modbus Exception Occurred - See Response Body
[2024-12-10T06:01:31.468Z] Error writing to Modbus register: A Modbus Exception Occurred - See Response Body
[2024-12-10T06:01:32.466Z] Error reading or processing Modbus registers: A Modbus Exception Occurred - See Response Body
[2024-12-10T06:01:32.468Z] Error reading register 6507 for IP 10.30.4.128: A Modbus Exception Occurred - See Response Body
[2024-12-10T06:01:32.469Z] Error reading actual data: A Modbus Exception Occurred - See Response Body
[2024-12-10T06:01:32.469Z] Error writing to Modbus register: A Modbus Exception Occurred - See Response Body
[2024-12-10T06:01:33.476Z] Error reading or processing Modbus registers: A Modbus Exception Occurred - See Response Body
[2024-12-10T06:01:33.478Z] Error reading register 6507 for IP 10.30.4.128: A Modbus Exception Occurred - See Response Body
[2024-12-10T06:01:33.479Z] Error reading actual data: A Modbus Exception Occurred - See Response Body
[2024-12-10T06:01:33.479Z] Error writing to Modbus register: A Modbus Exception Occurred - See Response Body
[2024-12-10T06:01:34.488Z] Error reading or processing Modbus registers: A Modbus Exception Occurred - See Response Body
[2024-12-10T06:01:34.490Z] Error reading register 6507 for IP 10.30.4.128: A Modbus Exception Occurred - See Response Body
[2024-12-10T06:01:34.490Z] Error reading actual data: A Modbus Exception Occurred - See Response Body
[2024-12-10T06:01:34.491Z] Error writing to Modbus register: A Modbus Exception Occurred - See Response Body
[2024-12-10T06:01:35.501Z] Error reading or processing Modbus registers: A Modbus Exception Occurred - See Response Body
[2024-12-10T06:01:35.503Z] Error reading register 6507 for IP 10.30.4.128: A Modbus Exception Occurred - See Response Body
[2024-12-10T06:01:35.504Z] Error reading actual data: A Modbus Exception Occurred - See Response Body
[2024-12-10T06:01:35.505Z] Error writing to Modbus register: A Modbus Exception Occurred - See Response Body
[2024-12-10T06:01:36.514Z] Error reading or processing Modbus registers: A Modbus Exception Occurred - See Response Body
[2024-12-10T06:01:36.517Z] Error reading register 6507 for IP 10.30.4.128: A Modbus Exception Occurred - See Response Body
[2024-12-10T06:01:36.518Z] Error reading actual data: A Modbus Exception Occurred - See Response Body
[2024-12-10T06:01:36.518Z] Error writing to Modbus register: A Modbus Exception Occurred - See Response Body
[2024-12-10T06:01:37.529Z] Error reading or processing Modbus registers: A Modbus Exception Occurred - See Response Body
[2024-12-10T06:01:37.532Z] Error reading register 6507 for IP 10.30.4.128: A Modbus Exception Occurred - See Response Body
[2024-12-10T06:01:37.532Z] Error reading actual data: A Modbus Exception Occurred - See Response Body
[2024-12-10T06:01:37.533Z] Error writing to Modbus register: A Modbus Exception Occurred - See Response Body
[2024-12-10T06:01:38.544Z] Error reading or processing Modbus registers: A Modbus Exception Occurred - See Response Body
[2024-12-10T06:01:38.546Z] Error reading register 6507 for IP 10.30.4.128: A Modbus Exception Occurred - See Response Body
[2024-12-10T06:01:38.547Z] Error reading actual data: A Modbus Exception Occurred - See Response Body
[2024-12-10T06:01:38.548Z] Error writing to Modbus register: A Modbus Exception Occurred - See Response Body
[2024-12-10T06:01:39.558Z] Error reading or processing Modbus registers: A Modbus Exception Occurred - See Response Body
[2024-12-10T06:01:39.561Z] Error reading register 6507 for IP 10.30.4.128: A Modbus Exception Occurred - See Response Body
[2024-12-10T06:01:39.561Z] Error reading actual data: A Modbus Exception Occurred - See Response Body
[2024-12-10T06:01:39.562Z] Error writing to Modbus register: A Modbus Exception Occurred - See Response Body
[2024-12-10T06:01:40.570Z] Error reading or processing Modbus registers: A Modbus Exception Occurred - See Response Body
[2024-12-10T06:01:40.572Z] Error reading register 6507 for IP 10.30.4.128: A Modbus Exception Occurred - See Response Body
[2024-12-10T06:01:40.573Z] Error reading actual data: A Modbus Exception Occurred - See Response Body
[2024-12-10T06:01:40.573Z] Error writing to Modbus register: A Modbus Exception Occurred - See Response Body
[2024-12-10T06:01:41.582Z] Error reading or processing Modbus registers: A Modbus Exception Occurred - See Response Body
[2024-12-10T06:01:41.585Z] Error reading register 6507 for IP 10.30.4.128: A Modbus Exception Occurred - See Response Body
[2024-12-10T06:01:41.586Z] Error reading actual data: A Modbus Exception Occurred - See Response Body
[2024-12-10T06:01:41.587Z] Error writing to Modbus register: A Modbus Exception Occurred - See Response Body
[2024-12-10T06:01:42.597Z] Error reading or processing Modbus registers: A Modbus Exception Occurred - See Response Body
[2024-12-10T06:01:42.599Z] Error reading register 6507 for IP 10.30.4.128: A Modbus Exception Occurred - See Response Body
[2024-12-10T06:01:42.599Z] Error reading actual data: A Modbus Exception Occurred - See Response Body
[2024-12-10T06:01:42.600Z] Error writing to Modbus register: A Modbus Exception Occurred - See Response Body
[2024-12-10T06:01:43.609Z] Error reading or processing Modbus registers: A Modbus Exception Occurred - See Response Body
[2024-12-10T06:01:43.611Z] Error reading register 6507 for IP 10.30.4.128: A Modbus Exception Occurred - See Response Body
[2024-12-10T06:01:43.612Z] Error reading actual data: A Modbus Exception Occurred - See Response Body
[2024-12-10T06:01:43.612Z] Error writing to Modbus register: A Modbus Exception Occurred - See Response Body
[2024-12-10T06:01:44.619Z] Error reading or processing Modbus registers: A Modbus Exception Occurred - See Response Body
[2024-12-10T06:01:44.621Z] Error reading register 6507 for IP 10.30.4.128: A Modbus Exception Occurred - See Response Body
[2024-12-10T06:01:44.621Z] Error reading actual data: A Modbus Exception Occurred - See Response Body
[2024-12-10T06:01:44.622Z] Error writing to Modbus register: A Modbus Exception Occurred - See Response Body
[2024-12-10T06:01:45.625Z] Error reading or processing Modbus registers: A Modbus Exception Occurred - See Response Body
[2024-12-10T06:01:45.627Z] Error reading register 6507 for IP 10.30.4.128: A Modbus Exception Occurred - See Response Body
[2024-12-10T06:01:45.628Z] Error reading actual data: A Modbus Exception Occurred - See Response Body
[2024-12-10T06:01:45.628Z] Error writing to Modbus register: A Modbus Exception Occurred - See Response Body
[2024-12-10T06:01:46.637Z] Error reading or processing Modbus registers: A Modbus Exception Occurred - See Response Body
[2024-12-10T06:01:46.638Z] Error reading register 6507 for IP 10.30.4.128: A Modbus Exception Occurred - See Response Body
[2024-12-10T06:01:46.639Z] Error reading actual data: A Modbus Exception Occurred - See Response Body
[2024-12-10T06:01:46.639Z] Error writing to Modbus register: A Modbus Exception Occurred - See Response Body
[2024-12-10T06:01:47.645Z] Error reading or processing Modbus registers: A Modbus Exception Occurred - See Response Body
[2024-12-10T06:01:47.648Z] Error reading register 6507 for IP 10.30.4.128: A Modbus Exception Occurred - See Response Body
[2024-12-10T06:01:47.649Z] Error reading actual data: A Modbus Exception Occurred - See Response Body
[2024-12-10T06:01:47.649Z] Error writing to Modbus register: A Modbus Exception Occurred - See Response Body
[2024-12-10T06:01:48.646Z] Error reading or processing Modbus registers: A Modbus Exception Occurred - See Response Body
[2024-12-10T06:01:48.648Z] Error reading register 6507 for IP 10.30.4.128: A Modbus Exception Occurred - See Response Body
[2024-12-10T06:01:48.649Z] Error reading actual data: A Modbus Exception Occurred - See Response Body
[2024-12-10T06:01:48.649Z] Error writing to Modbus register: A Modbus Exception Occurred - See Response Body
[2024-12-10T06:01:49.656Z] Error reading or processing Modbus registers: A Modbus Exception Occurred - See Response Body
[2024-12-10T06:01:49.658Z] Error reading register 6507 for IP 10.30.4.128: A Modbus Exception Occurred - See Response Body
[2024-12-10T06:01:49.659Z] Error reading actual data: A Modbus Exception Occurred - See Response Body
[2024-12-10T06:01:49.659Z] Error writing to Modbus register: A Modbus Exception Occurred - See Response Body
[2024-12-10T06:01:50.670Z] Error reading or processing Modbus registers: A Modbus Exception Occurred - See Response Body
[2024-12-10T06:01:50.672Z] Error reading register 6507 for IP 10.30.4.128: A Modbus Exception Occurred - See Response Body
[2024-12-10T06:01:50.672Z] Error reading actual data: A Modbus Exception Occurred - See Response Body
[2024-12-10T06:01:50.673Z] Error writing to Modbus register: A Modbus Exception Occurred - See Response Body
[2024-12-10T06:01:51.683Z] Error reading or processing Modbus registers: A Modbus Exception Occurred - See Response Body
[2024-12-10T06:01:51.685Z] Error reading register 6507 for IP 10.30.4.128: A Modbus Exception Occurred - See Response Body
[2024-12-10T06:01:51.686Z] Error reading actual data: A Modbus Exception Occurred - See Response Body
[2024-12-10T06:01:51.687Z] Error writing to Modbus register: A Modbus Exception Occurred - See Response Body
[2024-12-10T06:01:52.691Z] Error reading or processing Modbus registers: A Modbus Exception Occurred - See Response Body
[2024-12-10T06:01:52.693Z] Error reading register 6507 for IP 10.30.4.128: A Modbus Exception Occurred - See Response Body
[2024-12-10T06:01:52.694Z] Error reading actual data: A Modbus Exception Occurred - See Response Body
[2024-12-10T06:01:52.694Z] Error writing to Modbus register: A Modbus Exception Occurred - See Response Body
[2024-12-10T06:01:53.703Z] Error reading or processing Modbus registers: A Modbus Exception Occurred - See Response Body
[2024-12-10T06:01:53.706Z] Error reading register 6507 for IP 10.30.4.128: A Modbus Exception Occurred - See Response Body
[2024-12-10T06:01:53.707Z] Error reading actual data: A Modbus Exception Occurred - See Response Body
[2024-12-10T06:01:53.707Z] Error writing to Modbus register: A Modbus Exception Occurred - See Response Body
[2024-12-10T06:01:54.716Z] Error reading or processing Modbus registers: A Modbus Exception Occurred - See Response Body
[2024-12-10T06:01:54.718Z] Error reading register 6507 for IP 10.30.4.128: A Modbus Exception Occurred - See Response Body
[2024-12-10T06:01:54.718Z] Error reading actual data: A Modbus Exception Occurred - See Response Body
[2024-12-10T06:01:54.719Z] Error writing to Modbus register: A Modbus Exception Occurred - See Response Body
[2024-12-10T06:01:55.727Z] Error reading or processing Modbus registers: A Modbus Exception Occurred - See Response Body
[2024-12-10T06:01:55.730Z] Error reading register 6507 for IP 10.30.4.128: A Modbus Exception Occurred - See Response Body
[2024-12-10T06:01:55.730Z] Error reading actual data: A Modbus Exception Occurred - See Response Body
[2024-12-10T06:01:55.731Z] Error writing to Modbus register: A Modbus Exception Occurred - See Response Body
[2024-12-10T06:01:56.740Z] Error reading or processing Modbus registers: A Modbus Exception Occurred - See Response Body
[2024-12-10T06:01:56.742Z] Error reading register 6507 for IP 10.30.4.128: A Modbus Exception Occurred - See Response Body
[2024-12-10T06:01:56.742Z] Error reading actual data: A Modbus Exception Occurred - See Response Body
[2024-12-10T06:01:56.743Z] Error writing to Modbus register: A Modbus Exception Occurred - See Response Body
[2024-12-10T06:01:57.754Z] Error reading or processing Modbus registers: A Modbus Exception Occurred - See Response Body
[2024-12-10T06:01:57.756Z] Error reading register 6507 for IP 10.30.4.128: A Modbus Exception Occurred - See Response Body
[2024-12-10T06:01:57.757Z] Error reading actual data: A Modbus Exception Occurred - See Response Body
[2024-12-10T06:01:57.757Z] Error writing to Modbus register: A Modbus Exception Occurred - See Response Body
[2024-12-10T06:01:58.764Z] Error reading or processing Modbus registers: A Modbus Exception Occurred - See Response Body
[2024-12-10T06:01:58.766Z] Error reading register 6507 for IP 10.30.4.128: A Modbus Exception Occurred - See Response Body
[2024-12-10T06:01:58.767Z] Error reading actual data: A Modbus Exception Occurred - See Response Body
[2024-12-10T06:01:58.768Z] Error writing to Modbus register: A Modbus Exception Occurred - See Response Body
[2024-12-10T06:01:59.778Z] Error reading or processing Modbus registers: A Modbus Exception Occurred - See Response Body
[2024-12-10T06:01:59.780Z] Error reading register 6507 for IP 10.30.4.128: A Modbus Exception Occurred - See Response Body
[2024-12-10T06:01:59.781Z] Error reading actual data: A Modbus Exception Occurred - See Response Body
[2024-12-10T06:01:59.781Z] Error writing to Modbus register: A Modbus Exception Occurred - See Response Body
[2024-12-10T06:02:00.789Z] Error reading or processing Modbus registers: A Modbus Exception Occurred - See Response Body
[2024-12-10T06:02:00.791Z] Error reading register 6507 for IP 10.30.4.128: A Modbus Exception Occurred - See Response Body
[2024-12-10T06:02:00.792Z] Error reading actual data: A Modbus Exception Occurred - See Response Body
[2024-12-10T06:02:00.792Z] Error writing to Modbus register: A Modbus Exception Occurred - See Response Body
[2024-12-10T06:02:01.803Z] Error reading or processing Modbus registers: A Modbus Exception Occurred - See Response Body
[2024-12-10T06:02:01.806Z] Error reading register 6507 for IP 10.30.4.128: A Modbus Exception Occurred - See Response Body
[2024-12-10T06:02:01.806Z] Error reading actual data: A Modbus Exception Occurred - See Response Body
[2024-12-10T06:02:01.807Z] Error writing to Modbus register: A Modbus Exception Occurred - See Response Body
[2024-12-10T06:02:02.814Z] Error reading or processing Modbus registers: A Modbus Exception Occurred - See Response Body
[2024-12-10T06:02:02.816Z] Error reading register 6507 for IP 10.30.4.128: A Modbus Exception Occurred - See Response Body
[2024-12-10T06:02:02.817Z] Error reading actual data: A Modbus Exception Occurred - See Response Body
[2024-12-10T06:02:02.818Z] Error writing to Modbus register: A Modbus Exception Occurred - See Response Body
[2024-12-10T06:02:03.825Z] Error reading or processing Modbus registers: A Modbus Exception Occurred - See Response Body
[2024-12-10T06:02:03.827Z] Error reading register 6507 for IP 10.30.4.128: A Modbus Exception Occurred - See Response Body
[2024-12-10T06:02:03.828Z] Error reading actual data: A Modbus Exception Occurred - See Response Body
[2024-12-10T06:02:03.828Z] Error writing to Modbus register: A Modbus Exception Occurred - See Response Body
[2024-12-10T06:02:04.838Z] Error reading or processing Modbus registers: A Modbus Exception Occurred - See Response Body
[2024-12-10T06:02:04.839Z] Error reading register 6507 for IP 10.30.4.128: A Modbus Exception Occurred - See Response Body
[2024-12-10T06:02:04.840Z] Error reading actual data: A Modbus Exception Occurred - See Response Body
[2024-12-10T06:02:04.840Z] Error writing to Modbus register: A Modbus Exception Occurred - See Response Body
[2024-12-10T06:02:05.852Z] Error reading or processing Modbus registers: A Modbus Exception Occurred - See Response Body
[2024-12-10T06:02:05.854Z] Error reading register 6507 for IP 10.30.4.128: A Modbus Exception Occurred - See Response Body
[2024-12-10T06:02:05.854Z] Error reading actual data: A Modbus Exception Occurred - See Response Body
[2024-12-10T06:02:05.855Z] Error writing to Modbus register: A Modbus Exception Occurred - See Response Body
[2024-12-10T06:02:06.862Z] Error reading or processing Modbus registers: A Modbus Exception Occurred - See Response Body
[2024-12-10T06:02:06.865Z] Error reading register 6507 for IP 10.30.4.128: A Modbus Exception Occurred - See Response Body
[2024-12-10T06:02:06.866Z] Error reading actual data: A Modbus Exception Occurred - See Response Body
[2024-12-10T06:02:06.866Z] Error writing to Modbus register: A Modbus Exception Occurred - See Response Body
[2024-12-10T06:02:07.863Z] Error reading or processing Modbus registers: A Modbus Exception Occurred - See Response Body
[2024-12-10T06:02:07.865Z] Error reading register 6507 for IP 10.30.4.128: A Modbus Exception Occurred - See Response Body
[2024-12-10T06:02:07.866Z] Error reading actual data: A Modbus Exception Occurred - See Response Body
[2024-12-10T06:02:07.866Z] Error writing to Modbus register: A Modbus Exception Occurred - See Response Body
[2024-12-10T06:02:08.879Z] Error reading or processing Modbus registers: A Modbus Exception Occurred - See Response Body
[2024-12-10T06:02:08.881Z] Error reading register 6507 for IP 10.30.4.128: A Modbus Exception Occurred - See Response Body
[2024-12-10T06:02:08.882Z] Error reading actual data: A Modbus Exception Occurred - See Response Body
[2024-12-10T06:02:08.882Z] Error writing to Modbus register: A Modbus Exception Occurred - See Response Body
[2024-12-10T06:02:09.891Z] Error reading or processing Modbus registers: A Modbus Exception Occurred - See Response Body
[2024-12-10T06:02:09.894Z] Error reading register 6507 for IP 10.30.4.128: A Modbus Exception Occurred - See Response Body
[2024-12-10T06:02:09.894Z] Error reading actual data: A Modbus Exception Occurred - See Response Body
[2024-12-10T06:02:09.895Z] Error writing to Modbus register: A Modbus Exception Occurred - See Response Body
[2024-12-10T06:02:10.903Z] Error reading or processing Modbus registers: A Modbus Exception Occurred - See Response Body
[2024-12-10T06:02:10.905Z] Error reading register 6507 for IP 10.30.4.128: A Modbus Exception Occurred - See Response Body
[2024-12-10T06:02:10.906Z] Error reading actual data: A Modbus Exception Occurred - See Response Body
[2024-12-10T06:02:10.906Z] Error writing to Modbus register: A Modbus Exception Occurred - See Response Body
[2024-12-10T06:02:11.917Z] Error reading or processing Modbus registers: A Modbus Exception Occurred - See Response Body
[2024-12-10T06:02:11.919Z] Error reading register 6507 for IP 10.30.4.128: A Modbus Exception Occurred - See Response Body
[2024-12-10T06:02:11.919Z] Error reading actual data: A Modbus Exception Occurred - See Response Body
[2024-12-10T06:02:11.920Z] Error writing to Modbus register: A Modbus Exception Occurred - See Response Body
[2024-12-10T06:02:12.926Z] Error reading or processing Modbus registers: A Modbus Exception Occurred - See Response Body
[2024-12-10T06:02:12.927Z] Error reading register 6507 for IP 10.30.4.128: A Modbus Exception Occurred - See Response Body
[2024-12-10T06:02:12.928Z] Error reading actual data: A Modbus Exception Occurred - See Response Body
[2024-12-10T06:02:12.929Z] Error writing to Modbus register: A Modbus Exception Occurred - See Response Body
[2024-12-10T06:02:13.936Z] Error reading or processing Modbus registers: A Modbus Exception Occurred - See Response Body
[2024-12-10T06:02:13.938Z] Error reading register 6507 for IP 10.30.4.128: A Modbus Exception Occurred - See Response Body
[2024-12-10T06:02:13.939Z] Error reading actual data: A Modbus Exception Occurred - See Response Body
[2024-12-10T06:02:13.939Z] Error writing to Modbus register: A Modbus Exception Occurred - See Response Body
[2024-12-10T06:02:14.951Z] Error reading or processing Modbus registers: A Modbus Exception Occurred - See Response Body
[2024-12-10T06:02:14.953Z] Error reading register 6507 for IP 10.30.4.128: A Modbus Exception Occurred - See Response Body
[2024-12-10T06:02:14.954Z] Error reading actual data: A Modbus Exception Occurred - See Response Body
[2024-12-10T06:02:14.955Z] Error writing to Modbus register: A Modbus Exception Occurred - See Response Body
[2024-12-10T06:02:15.964Z] Error reading or processing Modbus registers: A Modbus Exception Occurred - See Response Body
[2024-12-10T06:02:15.966Z] Error reading register 6507 for IP 10.30.4.128: A Modbus Exception Occurred - See Response Body
[2024-12-10T06:02:15.967Z] Error reading actual data: A Modbus Exception Occurred - See Response Body
[2024-12-10T06:02:15.968Z] Error writing to Modbus register: A Modbus Exception Occurred - See Response Body
[2024-12-10T06:02:16.978Z] Error reading or processing Modbus registers: A Modbus Exception Occurred - See Response Body
[2024-12-10T06:02:16.980Z] Error reading register 6507 for IP 10.30.4.128: A Modbus Exception Occurred - See Response Body
[2024-12-10T06:02:16.981Z] Error reading actual data: A Modbus Exception Occurred - See Response Body
[2024-12-10T06:02:16.981Z] Error writing to Modbus register: A Modbus Exception Occurred - See Response Body
[2024-12-10T06:02:17.989Z] Error reading or processing Modbus registers: A Modbus Exception Occurred - See Response Body
[2024-12-10T06:02:17.991Z] Error reading register 6507 for IP 10.30.4.128: A Modbus Exception Occurred - See Response Body
[2024-12-10T06:02:17.992Z] Error reading actual data: A Modbus Exception Occurred - See Response Body
[2024-12-10T06:02:17.992Z] Error writing to Modbus register: A Modbus Exception Occurred - See Response Body
[2024-12-10T06:02:18.989Z] Error reading or processing Modbus registers: A Modbus Exception Occurred - See Response Body
[2024-12-10T06:02:18.991Z] Error reading register 6507 for IP 10.30.4.128: A Modbus Exception Occurred - See Response Body
[2024-12-10T06:02:18.992Z] Error reading actual data: A Modbus Exception Occurred - See Response Body
[2024-12-10T06:02:18.992Z] Error writing to Modbus register: A Modbus Exception Occurred - See Response Body
[2024-12-10T06:02:20.004Z] Error reading or processing Modbus registers: A Modbus Exception Occurred - See Response Body
[2024-12-10T06:02:20.005Z] Error reading register 6507 for IP 10.30.4.128: A Modbus Exception Occurred - See Response Body
[2024-12-10T06:02:20.006Z] Error reading actual data: A Modbus Exception Occurred - See Response Body
[2024-12-10T06:02:20.006Z] Error writing to Modbus register: A Modbus Exception Occurred - See Response Body
[2024-12-10T06:02:21.016Z] Error reading or processing Modbus registers: A Modbus Exception Occurred - See Response Body
[2024-12-10T06:02:21.018Z] Error reading register 6507 for IP 10.30.4.128: A Modbus Exception Occurred - See Response Body
[2024-12-10T06:02:21.019Z] Error reading actual data: A Modbus Exception Occurred - See Response Body
[2024-12-10T06:02:21.019Z] Error writing to Modbus register: A Modbus Exception Occurred - See Response Body
[2024-12-10T06:02:22.027Z] Error reading or processing Modbus registers: A Modbus Exception Occurred - See Response Body
[2024-12-10T06:02:22.029Z] Error reading register 6507 for IP 10.30.4.128: A Modbus Exception Occurred - See Response Body
[2024-12-10T06:02:22.030Z] Error reading actual data: A Modbus Exception Occurred - See Response Body
[2024-12-10T06:02:22.030Z] Error writing to Modbus register: A Modbus Exception Occurred - See Response Body
[2024-12-10T06:02:23.036Z] Error reading or processing Modbus registers: A Modbus Exception Occurred - See Response Body
[2024-12-10T06:02:23.038Z] Error reading register 6507 for IP 10.30.4.128: A Modbus Exception Occurred - See Response Body
[2024-12-10T06:02:23.039Z] Error reading actual data: A Modbus Exception Occurred - See Response Body
[2024-12-10T06:02:23.039Z] Error writing to Modbus register: A Modbus Exception Occurred - See Response Body
[2024-12-10T06:02:24.049Z] Error reading or processing Modbus registers: A Modbus Exception Occurred - See Response Body
[2024-12-10T06:02:24.051Z] Error reading register 6507 for IP 10.30.4.128: A Modbus Exception Occurred - See Response Body
[2024-12-10T06:02:24.051Z] Error reading actual data: A Modbus Exception Occurred - See Response Body
[2024-12-10T06:02:24.052Z] Error writing to Modbus register: A Modbus Exception Occurred - See Response Body
[2024-12-10T06:02:25.062Z] Error reading or processing Modbus registers: A Modbus Exception Occurred - See Response Body
[2024-12-10T06:02:25.064Z] Error reading register 6507 for IP 10.30.4.128: A Modbus Exception Occurred - See Response Body
[2024-12-10T06:02:25.064Z] Error reading actual data: A Modbus Exception Occurred - See Response Body
[2024-12-10T06:02:25.065Z] Error writing to Modbus register: A Modbus Exception Occurred - See Response Body
[2024-12-10T06:02:26.076Z] Error reading or processing Modbus registers: A Modbus Exception Occurred - See Response Body
[2024-12-10T06:02:26.078Z] Error reading register 6507 for IP 10.30.4.128: A Modbus Exception Occurred - See Response Body
[2024-12-10T06:02:26.078Z] Error reading actual data: A Modbus Exception Occurred - See Response Body
[2024-12-10T06:02:26.079Z] Error writing to Modbus register: A Modbus Exception Occurred - See Response Body
[2024-12-10T06:02:27.087Z] Error reading or processing Modbus registers: A Modbus Exception Occurred - See Response Body
[2024-12-10T06:02:27.089Z] Error reading register 6507 for IP 10.30.4.128: A Modbus Exception Occurred - See Response Body
[2024-12-10T06:02:27.089Z] Error reading actual data: A Modbus Exception Occurred - See Response Body
[2024-12-10T06:02:27.090Z] Error writing to Modbus register: A Modbus Exception Occurred - See Response Body
[2024-12-10T06:02:28.099Z] Error reading or processing Modbus registers: A Modbus Exception Occurred - See Response Body
[2024-12-10T06:02:28.102Z] Error reading register 6507 for IP 10.30.4.128: A Modbus Exception Occurred - See Response Body
[2024-12-10T06:02:28.102Z] Error reading actual data: A Modbus Exception Occurred - See Response Body
[2024-12-10T06:02:28.103Z] Error writing to Modbus register: A Modbus Exception Occurred - See Response Body
[2024-12-10T06:02:29.112Z] Error reading or processing Modbus registers: A Modbus Exception Occurred - See Response Body
[2024-12-10T06:02:29.114Z] Error reading register 6507 for IP 10.30.4.128: A Modbus Exception Occurred - See Response Body
[2024-12-10T06:02:29.115Z] Error reading actual data: A Modbus Exception Occurred - See Response Body
[2024-12-10T06:02:29.115Z] Error writing to Modbus register: A Modbus Exception Occurred - See Response Body
[2024-12-10T06:02:30.125Z] Error reading or processing Modbus registers: A Modbus Exception Occurred - See Response Body
[2024-12-10T06:02:30.128Z] Error reading actual data: A Modbus Exception Occurred - See Response Body
[2024-12-10T06:02:30.128Z] Error writing to Modbus register: A Modbus Exception Occurred - See Response Body
[2024-12-10T06:02:30.127Z] Error reading register 6507 for IP 10.30.4.128: A Modbus Exception Occurred - See Response Body
[2024-12-10T06:02:31.134Z] Error reading or processing Modbus registers: A Modbus Exception Occurred - See Response Body
[2024-12-10T06:02:31.136Z] Error reading register 6507 for IP 10.30.4.128: A Modbus Exception Occurred - See Response Body
[2024-12-10T06:02:31.137Z] Error reading actual data: A Modbus Exception Occurred - See Response Body
[2024-12-10T06:02:31.138Z] Error writing to Modbus register: A Modbus Exception Occurred - See Response Body
[2024-12-10T06:02:32.147Z] Error reading or processing Modbus registers: A Modbus Exception Occurred - See Response Body
[2024-12-10T06:02:32.150Z] Error reading register 6507 for IP 10.30.4.128: A Modbus Exception Occurred - See Response Body
[2024-12-10T06:02:32.150Z] Error reading actual data: A Modbus Exception Occurred - See Response Body
[2024-12-10T06:02:32.151Z] Error writing to Modbus register: A Modbus Exception Occurred - See Response Body
[2024-12-10T06:02:33.147Z] Error reading or processing Modbus registers: A Modbus Exception Occurred - See Response Body
[2024-12-10T06:02:33.150Z] Error reading register 6507 for IP 10.30.4.128: A Modbus Exception Occurred - See Response Body
[2024-12-10T06:02:33.151Z] Error reading actual data: A Modbus Exception Occurred - See Response Body
[2024-12-10T06:02:33.152Z] Error writing to Modbus register: A Modbus Exception Occurred - See Response Body
[2024-12-10T06:02:34.161Z] Error reading or processing Modbus registers: A Modbus Exception Occurred - See Response Body
[2024-12-10T06:02:34.164Z] Error reading register 6507 for IP 10.30.4.128: A Modbus Exception Occurred - See Response Body
[2024-12-10T06:02:34.164Z] Error reading actual data: A Modbus Exception Occurred - See Response Body
[2024-12-10T06:02:34.165Z] Error writing to Modbus register: A Modbus Exception Occurred - See Response Body
[2024-12-10T06:02:35.173Z] Error reading or processing Modbus registers: A Modbus Exception Occurred - See Response Body
[2024-12-10T06:02:35.175Z] Error reading register 6507 for IP 10.30.4.128: A Modbus Exception Occurred - See Response Body
[2024-12-10T06:02:35.176Z] Error reading actual data: A Modbus Exception Occurred - See Response Body
[2024-12-10T06:02:35.179Z] Error writing to Modbus register: A Modbus Exception Occurred - See Response Body
[2024-12-10T06:02:36.183Z] Error reading or processing Modbus registers: A Modbus Exception Occurred - See Response Body
[2024-12-10T06:02:36.185Z] Error reading register 6507 for IP 10.30.4.128: A Modbus Exception Occurred - See Response Body
[2024-12-10T06:02:36.186Z] Error reading actual data: A Modbus Exception Occurred - See Response Body
[2024-12-10T06:02:36.187Z] Error writing to Modbus register: A Modbus Exception Occurred - See Response Body
[2024-12-10T06:02:37.197Z] Error reading or processing Modbus registers: A Modbus Exception Occurred - See Response Body
[2024-12-10T06:02:37.199Z] Error reading register 6507 for IP 10.30.4.128: A Modbus Exception Occurred - See Response Body
[2024-12-10T06:02:37.199Z] Error reading actual data: A Modbus Exception Occurred - See Response Body
[2024-12-10T06:02:37.200Z] Error writing to Modbus register: A Modbus Exception Occurred - See Response Body
[2024-12-10T06:02:38.211Z] Error reading or processing Modbus registers: A Modbus Exception Occurred - See Response Body
[2024-12-10T06:02:38.213Z] Error reading register 6507 for IP 10.30.4.128: A Modbus Exception Occurred - See Response Body
[2024-12-10T06:02:38.214Z] Error reading actual data: A Modbus Exception Occurred - See Response Body
[2024-12-10T06:02:38.214Z] Error writing to Modbus register: A Modbus Exception Occurred - See Response Body
[2024-12-10T06:02:39.224Z] Error reading or processing Modbus registers: A Modbus Exception Occurred - See Response Body
[2024-12-10T06:02:39.226Z] Error reading register 6507 for IP 10.30.4.128: A Modbus Exception Occurred - See Response Body
[2024-12-10T06:02:39.227Z] Error reading actual data: A Modbus Exception Occurred - See Response Body
[2024-12-10T06:02:39.227Z] Error writing to Modbus register: A Modbus Exception Occurred - See Response Body
[2024-12-10T06:02:40.237Z] Error reading or processing Modbus registers: A Modbus Exception Occurred - See Response Body
[2024-12-10T06:02:40.239Z] Error reading register 6507 for IP 10.30.4.128: A Modbus Exception Occurred - See Response Body
[2024-12-10T06:02:40.240Z] Error reading actual data: A Modbus Exception Occurred - See Response Body
[2024-12-10T06:02:40.240Z] Error writing to Modbus register: A Modbus Exception Occurred - See Response Body
[2024-12-10T06:02:41.250Z] Error reading or processing Modbus registers: A Modbus Exception Occurred - See Response Body
[2024-12-10T06:02:41.252Z] Error reading register 6507 for IP 10.30.4.128: A Modbus Exception Occurred - See Response Body
[2024-12-10T06:02:41.253Z] Error reading actual data: A Modbus Exception Occurred - See Response Body
[2024-12-10T06:02:41.253Z] Error writing to Modbus register: A Modbus Exception Occurred - See Response Body
[2024-12-10T06:02:42.260Z] Error reading or processing Modbus registers: A Modbus Exception Occurred - See Response Body
[2024-12-10T06:02:42.262Z] Error reading register 6507 for IP 10.30.4.128: A Modbus Exception Occurred - See Response Body
[2024-12-10T06:02:42.263Z] Error reading actual data: A Modbus Exception Occurred - See Response Body
[2024-12-10T06:02:42.263Z] Error writing to Modbus register: A Modbus Exception Occurred - See Response Body
[2024-12-10T06:02:43.274Z] Error reading or processing Modbus registers: A Modbus Exception Occurred - See Response Body
[2024-12-10T06:02:43.277Z] Error reading register 6507 for IP 10.30.4.128: A Modbus Exception Occurred - See Response Body
[2024-12-10T06:02:43.278Z] Error reading actual data: A Modbus Exception Occurred - See Response Body
[2024-12-10T06:02:43.279Z] Error writing to Modbus register: A Modbus Exception Occurred - See Response Body
[2024-12-10T06:02:44.286Z] Error reading or processing Modbus registers: A Modbus Exception Occurred - See Response Body
[2024-12-10T06:02:44.288Z] Error reading register 6507 for IP 10.30.4.128: A Modbus Exception Occurred - See Response Body
[2024-12-10T06:02:44.288Z] Error reading actual data: A Modbus Exception Occurred - See Response Body
[2024-12-10T06:02:44.289Z] Error writing to Modbus register: A Modbus Exception Occurred - See Response Body
[2024-12-10T06:02:45.285Z] Error reading or processing Modbus registers: A Modbus Exception Occurred - See Response Body
[2024-12-10T06:02:45.288Z] Error reading register 6507 for IP 10.30.4.128: A Modbus Exception Occurred - See Response Body
[2024-12-10T06:02:45.288Z] Error reading actual data: A Modbus Exception Occurred - See Response Body
[2024-12-10T06:02:45.289Z] Error writing to Modbus register: A Modbus Exception Occurred - See Response Body
[2024-12-10T06:02:46.295Z] Error reading or processing Modbus registers: A Modbus Exception Occurred - See Response Body
[2024-12-10T06:02:46.297Z] Error reading register 6507 for IP 10.30.4.128: A Modbus Exception Occurred - See Response Body
[2024-12-10T06:02:46.297Z] Error reading actual data: A Modbus Exception Occurred - See Response Body
[2024-12-10T06:02:46.298Z] Error writing to Modbus register: A Modbus Exception Occurred - See Response Body
[2024-12-10T06:02:47.310Z] Error reading or processing Modbus registers: A Modbus Exception Occurred - See Response Body
[2024-12-10T06:02:47.313Z] Error reading register 6507 for IP 10.30.4.128: A Modbus Exception Occurred - See Response Body
[2024-12-10T06:02:47.313Z] Error reading actual data: A Modbus Exception Occurred - See Response Body
[2024-12-10T06:02:47.314Z] Error writing to Modbus register: A Modbus Exception Occurred - See Response Body
[2024-12-10T06:02:48.314Z] Error reading or processing Modbus registers: A Modbus Exception Occurred - See Response Body
[2024-12-10T06:02:48.316Z] Error reading register 6507 for IP 10.30.4.128: A Modbus Exception Occurred - See Response Body
[2024-12-10T06:02:48.316Z] Error reading actual data: A Modbus Exception Occurred - See Response Body
[2024-12-10T06:02:48.317Z] Error writing to Modbus register: A Modbus Exception Occurred - See Response Body
[2024-12-10T06:02:49.328Z] Error reading or processing Modbus registers: A Modbus Exception Occurred - See Response Body
[2024-12-10T06:02:49.330Z] Error reading register 6507 for IP 10.30.4.128: A Modbus Exception Occurred - See Response Body
[2024-12-10T06:02:49.331Z] Error reading actual data: A Modbus Exception Occurred - See Response Body
[2024-12-10T06:02:49.331Z] Error writing to Modbus register: A Modbus Exception Occurred - See Response Body
[2024-12-10T06:02:50.342Z] Error reading or processing Modbus registers: A Modbus Exception Occurred - See Response Body
[2024-12-10T06:02:50.344Z] Error reading register 6507 for IP 10.30.4.128: A Modbus Exception Occurred - See Response Body
[2024-12-10T06:02:50.345Z] Error reading actual data: A Modbus Exception Occurred - See Response Body
[2024-12-10T06:02:50.346Z] Error writing to Modbus register: A Modbus Exception Occurred - See Response Body
[2024-12-10T06:02:51.356Z] Error reading or processing Modbus registers: A Modbus Exception Occurred - See Response Body
[2024-12-10T06:02:51.360Z] Error reading register 6507 for IP 10.30.4.128: A Modbus Exception Occurred - See Response Body
[2024-12-10T06:02:51.361Z] Error reading actual data: A Modbus Exception Occurred - See Response Body
[2024-12-10T06:02:51.361Z] Error writing to Modbus register: A Modbus Exception Occurred - See Response Body
[2024-12-10T06:02:52.369Z] Error reading or processing Modbus registers: A Modbus Exception Occurred - See Response Body
[2024-12-10T06:02:52.372Z] Error reading register 6507 for IP 10.30.4.128: A Modbus Exception Occurred - See Response Body
[2024-12-10T06:02:52.372Z] Error reading actual data: A Modbus Exception Occurred - See Response Body
[2024-12-10T06:02:52.373Z] Error writing to Modbus register: A Modbus Exception Occurred - See Response Body
[2024-12-10T06:02:53.382Z] Error reading or processing Modbus registers: A Modbus Exception Occurred - See Response Body
[2024-12-10T06:02:53.384Z] Error reading register 6507 for IP 10.30.4.128: A Modbus Exception Occurred - See Response Body
[2024-12-10T06:02:53.385Z] Error reading actual data: A Modbus Exception Occurred - See Response Body
[2024-12-10T06:02:53.385Z] Error writing to Modbus register: A Modbus Exception Occurred - See Response Body
[2024-12-10T06:02:54.382Z] Error reading or processing Modbus registers: A Modbus Exception Occurred - See Response Body
[2024-12-10T06:02:54.385Z] Error reading register 6507 for IP 10.30.4.128: A Modbus Exception Occurred - See Response Body
[2024-12-10T06:02:54.385Z] Error reading actual data: A Modbus Exception Occurred - See Response Body
[2024-12-10T06:02:54.386Z] Error writing to Modbus register: A Modbus Exception Occurred - See Response Body
[2024-12-10T06:02:55.396Z] Error reading or processing Modbus registers: A Modbus Exception Occurred - See Response Body
[2024-12-10T06:02:55.398Z] Error reading register 6507 for IP 10.30.4.128: A Modbus Exception Occurred - See Response Body
[2024-12-10T06:02:55.399Z] Error reading actual data: A Modbus Exception Occurred - See Response Body
[2024-12-10T06:02:55.399Z] Error writing to Modbus register: A Modbus Exception Occurred - See Response Body
[2024-12-10T06:02:56.409Z] Error reading or processing Modbus registers: A Modbus Exception Occurred - See Response Body
[2024-12-10T06:02:56.410Z] Error reading register 6507 for IP 10.30.4.128: A Modbus Exception Occurred - See Response Body
[2024-12-10T06:02:56.411Z] Error reading actual data: A Modbus Exception Occurred - See Response Body
[2024-12-10T06:02:56.411Z] Error writing to Modbus register: A Modbus Exception Occurred - See Response Body
[2024-12-10T06:02:57.420Z] Error reading or processing Modbus registers: A Modbus Exception Occurred - See Response Body
[2024-12-10T06:02:57.424Z] Error reading register 6507 for IP 10.30.4.128: A Modbus Exception Occurred - See Response Body
[2024-12-10T06:02:57.425Z] Error reading actual data: A Modbus Exception Occurred - See Response Body
[2024-12-10T06:02:57.425Z] Error writing to Modbus register: A Modbus Exception Occurred - See Response Body
[2024-12-10T06:02:58.422Z] Error reading or processing Modbus registers: A Modbus Exception Occurred - See Response Body
[2024-12-10T06:02:58.424Z] Error reading register 6507 for IP 10.30.4.128: A Modbus Exception Occurred - See Response Body
[2024-12-10T06:02:58.425Z] Error reading actual data: A Modbus Exception Occurred - See Response Body
[2024-12-10T06:02:58.425Z] Error writing to Modbus register: A Modbus Exception Occurred - See Response Body
[2024-12-10T06:02:59.423Z] Error reading or processing Modbus registers: A Modbus Exception Occurred - See Response Body
[2024-12-10T06:02:59.426Z] Error reading register 6507 for IP 10.30.4.128: A Modbus Exception Occurred - See Response Body
[2024-12-10T06:02:59.427Z] Error reading actual data: A Modbus Exception Occurred - See Response Body
[2024-12-10T06:02:59.428Z] Error writing to Modbus register: A Modbus Exception Occurred - See Response Body
[2024-12-10T06:03:00.436Z] Error reading or processing Modbus registers: A Modbus Exception Occurred - See Response Body
[2024-12-10T06:03:00.438Z] Error reading register 6507 for IP 10.30.4.128: A Modbus Exception Occurred - See Response Body
[2024-12-10T06:03:00.439Z] Error reading actual data: A Modbus Exception Occurred - See Response Body
[2024-12-10T06:03:00.439Z] Error writing to Modbus register: A Modbus Exception Occurred - See Response Body
[2024-12-10T06:03:01.450Z] Error reading or processing Modbus registers: A Modbus Exception Occurred - See Response Body
[2024-12-10T06:03:01.452Z] Error reading register 6507 for IP 10.30.4.128: A Modbus Exception Occurred - See Response Body
[2024-12-10T06:03:01.453Z] Error reading actual data: A Modbus Exception Occurred - See Response Body
[2024-12-10T06:03:01.453Z] Error writing to Modbus register: A Modbus Exception Occurred - See Response Body
[2024-12-10T06:03:02.463Z] Error reading or processing Modbus registers: A Modbus Exception Occurred - See Response Body
[2024-12-10T06:03:02.465Z] Error reading register 6507 for IP 10.30.4.128: A Modbus Exception Occurred - See Response Body
[2024-12-10T06:03:02.466Z] Error reading actual data: A Modbus Exception Occurred - See Response Body
[2024-12-10T06:03:02.467Z] Error writing to Modbus register: A Modbus Exception Occurred - See Response Body
[2024-12-10T06:03:03.465Z] Error reading or processing Modbus registers: A Modbus Exception Occurred - See Response Body
[2024-12-10T06:03:03.468Z] Error reading register 6507 for IP 10.30.4.128: A Modbus Exception Occurred - See Response Body
[2024-12-10T06:03:03.469Z] Error reading actual data: A Modbus Exception Occurred - See Response Body
[2024-12-10T06:03:03.469Z] Error writing to Modbus register: A Modbus Exception Occurred - See Response Body
[2024-12-10T06:03:04.476Z] Error reading or processing Modbus registers: A Modbus Exception Occurred - See Response Body
[2024-12-10T06:03:04.479Z] Error reading register 6507 for IP 10.30.4.128: A Modbus Exception Occurred - See Response Body
[2024-12-10T06:03:04.479Z] Error reading actual data: A Modbus Exception Occurred - See Response Body
[2024-12-10T06:03:04.480Z] Error writing to Modbus register: A Modbus Exception Occurred - See Response Body
[2024-12-10T06:03:05.476Z] Error reading or processing Modbus registers: A Modbus Exception Occurred - See Response Body
[2024-12-10T06:03:05.479Z] Error reading register 6507 for IP 10.30.4.128: A Modbus Exception Occurred - See Response Body
[2024-12-10T06:03:05.479Z] Error reading actual data: A Modbus Exception Occurred - See Response Body
[2024-12-10T06:03:05.480Z] Error writing to Modbus register: A Modbus Exception Occurred - See Response Body
[2024-12-10T06:03:06.476Z] Error reading or processing Modbus registers: A Modbus Exception Occurred - See Response Body
[2024-12-10T06:03:06.478Z] Error reading register 6507 for IP 10.30.4.128: A Modbus Exception Occurred - See Response Body
[2024-12-10T06:03:06.479Z] Error reading actual data: A Modbus Exception Occurred - See Response Body
[2024-12-10T06:03:06.479Z] Error writing to Modbus register: A Modbus Exception Occurred - See Response Body
[2024-12-10T06:03:07.488Z] Error reading or processing Modbus registers: A Modbus Exception Occurred - See Response Body
[2024-12-10T06:03:07.491Z] Error reading register 6507 for IP 10.30.4.128: A Modbus Exception Occurred - See Response Body
[2024-12-10T06:03:07.492Z] Error reading actual data: A Modbus Exception Occurred - See Response Body
[2024-12-10T06:03:07.492Z] Error writing to Modbus register: A Modbus Exception Occurred - See Response Body
[2024-12-10T06:03:08.498Z] Error reading or processing Modbus registers: A Modbus Exception Occurred - See Response Body
[2024-12-10T06:03:08.501Z] Error reading register 6507 for IP 10.30.4.128: A Modbus Exception Occurred - See Response Body
[2024-12-10T06:03:08.501Z] Error reading actual data: A Modbus Exception Occurred - See Response Body
[2024-12-10T06:03:08.502Z] Error writing to Modbus register: A Modbus Exception Occurred - See Response Body
[2024-12-10T06:03:09.508Z] Error reading or processing Modbus registers: A Modbus Exception Occurred - See Response Body
[2024-12-10T06:03:09.510Z] Error reading register 6507 for IP 10.30.4.128: A Modbus Exception Occurred - See Response Body
[2024-12-10T06:03:09.511Z] Error reading actual data: A Modbus Exception Occurred - See Response Body
[2024-12-10T06:03:09.511Z] Error writing to Modbus register: A Modbus Exception Occurred - See Response Body
[2024-12-10T06:03:10.518Z] Error reading or processing Modbus registers: A Modbus Exception Occurred - See Response Body
[2024-12-10T06:03:10.520Z] Error reading register 6507 for IP 10.30.4.128: A Modbus Exception Occurred - See Response Body
[2024-12-10T06:03:10.521Z] Error reading actual data: A Modbus Exception Occurred - See Response Body
[2024-12-10T06:03:10.521Z] Error writing to Modbus register: A Modbus Exception Occurred - See Response Body
[2024-12-10T06:03:11.530Z] Error reading or processing Modbus registers: A Modbus Exception Occurred - See Response Body
[2024-12-10T06:03:11.533Z] Error reading register 6507 for IP 10.30.4.128: A Modbus Exception Occurred - See Response Body
[2024-12-10T06:03:11.533Z] Error reading actual data: A Modbus Exception Occurred - See Response Body
[2024-12-10T06:03:11.534Z] Error writing to Modbus register: A Modbus Exception Occurred - See Response Body
[2024-12-10T06:03:12.541Z] Error reading or processing Modbus registers: A Modbus Exception Occurred - See Response Body
[2024-12-10T06:03:12.544Z] Error reading register 6507 for IP 10.30.4.128: A Modbus Exception Occurred - See Response Body
[2024-12-10T06:03:12.544Z] Error reading actual data: A Modbus Exception Occurred - See Response Body
[2024-12-10T06:03:12.545Z] Error writing to Modbus register: A Modbus Exception Occurred - See Response Body
[2024-12-10T06:03:13.542Z] Error reading or processing Modbus registers: A Modbus Exception Occurred - See Response Body
[2024-12-10T06:03:13.546Z] Error reading register 6507 for IP 10.30.4.128: A Modbus Exception Occurred - See Response Body
[2024-12-10T06:03:13.547Z] Error reading actual data: A Modbus Exception Occurred - See Response Body
[2024-12-10T06:03:13.548Z] Error writing to Modbus register: A Modbus Exception Occurred - See Response Body
[2024-12-10T06:03:14.554Z] Error reading or processing Modbus registers: A Modbus Exception Occurred - See Response Body
[2024-12-10T06:03:14.557Z] Error reading register 6507 for IP 10.30.4.128: A Modbus Exception Occurred - See Response Body
[2024-12-10T06:03:14.557Z] Error reading actual data: A Modbus Exception Occurred - See Response Body
[2024-12-10T06:03:14.558Z] Error writing to Modbus register: A Modbus Exception Occurred - See Response Body
[2024-12-10T06:03:15.568Z] Error reading or processing Modbus registers: A Modbus Exception Occurred - See Response Body
[2024-12-10T06:03:15.570Z] Error reading register 6507 for IP 10.30.4.128: A Modbus Exception Occurred - See Response Body
[2024-12-10T06:03:15.570Z] Error reading actual data: A Modbus Exception Occurred - See Response Body
[2024-12-10T06:03:15.571Z] Error writing to Modbus register: A Modbus Exception Occurred - See Response Body
[2024-12-10T06:03:16.580Z] Error reading or processing Modbus registers: A Modbus Exception Occurred - See Response Body
[2024-12-10T06:03:16.582Z] Error reading register 6507 for IP 10.30.4.128: A Modbus Exception Occurred - See Response Body
[2024-12-10T06:03:16.583Z] Error reading actual data: A Modbus Exception Occurred - See Response Body
[2024-12-10T06:03:16.583Z] Error writing to Modbus register: A Modbus Exception Occurred - See Response Body
[2024-12-10T06:03:17.589Z] Error reading or processing Modbus registers: A Modbus Exception Occurred - See Response Body
[2024-12-10T06:03:17.592Z] Error reading register 6507 for IP 10.30.4.128: A Modbus Exception Occurred - See Response Body
[2024-12-10T06:03:17.592Z] Error reading actual data: A Modbus Exception Occurred - See Response Body
[2024-12-10T06:03:17.593Z] Error writing to Modbus register: A Modbus Exception Occurred - See Response Body
[2024-12-10T06:03:18.599Z] Error reading or processing Modbus registers: A Modbus Exception Occurred - See Response Body
[2024-12-10T06:03:18.601Z] Error reading register 6507 for IP 10.30.4.128: A Modbus Exception Occurred - See Response Body
[2024-12-10T06:03:18.602Z] Error reading actual data: A Modbus Exception Occurred - See Response Body
[2024-12-10T06:03:18.602Z] Error writing to Modbus register: A Modbus Exception Occurred - See Response Body
[2024-12-10T06:03:19.611Z] Error reading or processing Modbus registers: A Modbus Exception Occurred - See Response Body
[2024-12-10T06:03:19.614Z] Error reading register 6507 for IP 10.30.4.128: A Modbus Exception Occurred - See Response Body
[2024-12-10T06:03:19.614Z] Error reading actual data: A Modbus Exception Occurred - See Response Body
[2024-12-10T06:03:19.615Z] Error writing to Modbus register: A Modbus Exception Occurred - See Response Body
[2024-12-10T06:03:20.622Z] Error reading or processing Modbus registers: A Modbus Exception Occurred - See Response Body
[2024-12-10T06:03:20.625Z] Error reading register 6507 for IP 10.30.4.128: A Modbus Exception Occurred - See Response Body
[2024-12-10T06:03:20.625Z] Error reading actual data: A Modbus Exception Occurred - See Response Body
[2024-12-10T06:03:20.627Z] Error writing to Modbus register: A Modbus Exception Occurred - See Response Body
[2024-12-10T06:03:21.634Z] Error reading or processing Modbus registers: A Modbus Exception Occurred - See Response Body
[2024-12-10T06:03:21.636Z] Error reading register 6507 for IP 10.30.4.128: A Modbus Exception Occurred - See Response Body
[2024-12-10T06:03:21.637Z] Error reading actual data: A Modbus Exception Occurred - See Response Body
[2024-12-10T06:03:21.639Z] Error writing to Modbus register: A Modbus Exception Occurred - See Response Body
[2024-12-10T06:03:22.637Z] Error reading or processing Modbus registers: A Modbus Exception Occurred - See Response Body
[2024-12-10T06:03:22.639Z] Error reading register 6507 for IP 10.30.4.128: A Modbus Exception Occurred - See Response Body
[2024-12-10T06:03:22.639Z] Error reading actual data: A Modbus Exception Occurred - See Response Body
[2024-12-10T06:03:22.640Z] Error writing to Modbus register: A Modbus Exception Occurred - See Response Body
[2024-12-10T06:03:23.644Z] Error reading or processing Modbus registers: A Modbus Exception Occurred - See Response Body
[2024-12-10T06:03:23.647Z] Error reading register 6507 for IP 10.30.4.128: A Modbus Exception Occurred - See Response Body
[2024-12-10T06:03:23.647Z] Error reading actual data: A Modbus Exception Occurred - See Response Body
[2024-12-10T06:03:23.648Z] Error writing to Modbus register: A Modbus Exception Occurred - See Response Body
[2024-12-10T06:03:24.658Z] Error reading or processing Modbus registers: A Modbus Exception Occurred - See Response Body
[2024-12-10T06:03:24.659Z] Error reading register 6507 for IP 10.30.4.128: A Modbus Exception Occurred - See Response Body
[2024-12-10T06:03:24.660Z] Error reading actual data: A Modbus Exception Occurred - See Response Body
[2024-12-10T06:03:24.661Z] Error writing to Modbus register: A Modbus Exception Occurred - See Response Body
[2024-12-10T06:03:25.658Z] Error reading or processing Modbus registers: A Modbus Exception Occurred - See Response Body
[2024-12-10T06:03:25.660Z] Error reading register 6507 for IP 10.30.4.128: A Modbus Exception Occurred - See Response Body
[2024-12-10T06:03:25.660Z] Error reading actual data: A Modbus Exception Occurred - See Response Body
[2024-12-10T06:03:25.661Z] Error writing to Modbus register: A Modbus Exception Occurred - See Response Body
[2024-12-10T06:03:26.673Z] Error reading or processing Modbus registers: A Modbus Exception Occurred - See Response Body
[2024-12-10T06:03:26.675Z] Error reading register 6507 for IP 10.30.4.128: A Modbus Exception Occurred - See Response Body
[2024-12-10T06:03:26.676Z] Error reading actual data: A Modbus Exception Occurred - See Response Body
[2024-12-10T06:03:26.677Z] Error writing to Modbus register: A Modbus Exception Occurred - See Response Body
[2024-12-10T06:03:27.685Z] Error reading or processing Modbus registers: A Modbus Exception Occurred - See Response Body
[2024-12-10T06:03:27.687Z] Error reading register 6507 for IP 10.30.4.128: A Modbus Exception Occurred - See Response Body
[2024-12-10T06:03:27.688Z] Error reading actual data: A Modbus Exception Occurred - See Response Body
[2024-12-10T06:03:27.688Z] Error writing to Modbus register: A Modbus Exception Occurred - See Response Body
[2024-12-10T06:03:28.686Z] Error reading or processing Modbus registers: A Modbus Exception Occurred - See Response Body
[2024-12-10T06:03:28.688Z] Error reading register 6507 for IP 10.30.4.128: A Modbus Exception Occurred - See Response Body
[2024-12-10T06:03:28.689Z] Error reading actual data: A Modbus Exception Occurred - See Response Body
[2024-12-10T06:03:28.690Z] Error writing to Modbus register: A Modbus Exception Occurred - See Response Body
[2024-12-10T06:03:29.700Z] Error reading or processing Modbus registers: A Modbus Exception Occurred - See Response Body
[2024-12-10T06:03:29.702Z] Error reading register 6507 for IP 10.30.4.128: A Modbus Exception Occurred - See Response Body
[2024-12-10T06:03:29.703Z] Error reading actual data: A Modbus Exception Occurred - See Response Body
[2024-12-10T06:03:29.704Z] Error writing to Modbus register: A Modbus Exception Occurred - See Response Body
[2024-12-10T06:03:30.713Z] Error reading or processing Modbus registers: A Modbus Exception Occurred - See Response Body
[2024-12-10T06:03:30.715Z] Error reading register 6507 for IP 10.30.4.128: A Modbus Exception Occurred - See Response Body
[2024-12-10T06:03:30.716Z] Error reading actual data: A Modbus Exception Occurred - See Response Body
[2024-12-10T06:03:30.717Z] Error writing to Modbus register: A Modbus Exception Occurred - See Response Body
[2024-12-10T06:03:31.727Z] Error reading or processing Modbus registers: A Modbus Exception Occurred - See Response Body
[2024-12-10T06:03:31.729Z] Error reading register 6507 for IP 10.30.4.128: A Modbus Exception Occurred - See Response Body
[2024-12-10T06:03:31.730Z] Error reading actual data: A Modbus Exception Occurred - See Response Body
[2024-12-10T06:03:31.731Z] Error writing to Modbus register: A Modbus Exception Occurred - See Response Body
[2024-12-10T06:03:32.728Z] Error reading or processing Modbus registers: A Modbus Exception Occurred - See Response Body
[2024-12-10T06:03:32.730Z] Error reading register 6507 for IP 10.30.4.128: A Modbus Exception Occurred - See Response Body
[2024-12-10T06:03:32.731Z] Error reading actual data: A Modbus Exception Occurred - See Response Body
[2024-12-10T06:03:32.732Z] Error writing to Modbus register: A Modbus Exception Occurred - See Response Body
[2024-12-10T06:03:33.737Z] Error reading or processing Modbus registers: A Modbus Exception Occurred - See Response Body
[2024-12-10T06:03:33.739Z] Error reading register 6507 for IP 10.30.4.128: A Modbus Exception Occurred - See Response Body
[2024-12-10T06:03:33.740Z] Error reading actual data: A Modbus Exception Occurred - See Response Body
[2024-12-10T06:03:33.741Z] Error writing to Modbus register: A Modbus Exception Occurred - See Response Body
[2024-12-10T06:03:34.751Z] Error reading or processing Modbus registers: A Modbus Exception Occurred - See Response Body
[2024-12-10T06:03:34.754Z] Error reading register 6507 for IP 10.30.4.128: A Modbus Exception Occurred - See Response Body
[2024-12-10T06:03:34.754Z] Error reading actual data: A Modbus Exception Occurred - See Response Body
[2024-12-10T06:03:34.755Z] Error writing to Modbus register: A Modbus Exception Occurred - See Response Body
[2024-12-10T06:03:35.761Z] Error reading or processing Modbus registers: A Modbus Exception Occurred - See Response Body
[2024-12-10T06:03:35.764Z] Error reading register 6507 for IP 10.30.4.128: A Modbus Exception Occurred - See Response Body
[2024-12-10T06:03:35.764Z] Error reading actual data: A Modbus Exception Occurred - See Response Body
[2024-12-10T06:03:35.765Z] Error writing to Modbus register: A Modbus Exception Occurred - See Response Body
[2024-12-10T06:03:36.771Z] Error reading or processing Modbus registers: A Modbus Exception Occurred - See Response Body
[2024-12-10T06:03:36.773Z] Error reading register 6507 for IP 10.30.4.128: A Modbus Exception Occurred - See Response Body
[2024-12-10T06:03:36.774Z] Error reading actual data: A Modbus Exception Occurred - See Response Body
[2024-12-10T06:03:36.775Z] Error writing to Modbus register: A Modbus Exception Occurred - See Response Body
[2024-12-10T06:03:37.786Z] Error reading or processing Modbus registers: A Modbus Exception Occurred - See Response Body
[2024-12-10T06:03:37.788Z] Error reading register 6507 for IP 10.30.4.128: A Modbus Exception Occurred - See Response Body
[2024-12-10T06:03:37.788Z] Error reading actual data: A Modbus Exception Occurred - See Response Body
[2024-12-10T06:03:37.789Z] Error writing to Modbus register: A Modbus Exception Occurred - See Response Body
[2024-12-10T06:03:38.796Z] Error reading or processing Modbus registers: A Modbus Exception Occurred - See Response Body
[2024-12-10T06:03:38.798Z] Error reading register 6507 for IP 10.30.4.128: A Modbus Exception Occurred - See Response Body
[2024-12-10T06:03:38.799Z] Error reading actual data: A Modbus Exception Occurred - See Response Body
[2024-12-10T06:03:38.800Z] Error writing to Modbus register: A Modbus Exception Occurred - See Response Body
[2024-12-10T06:03:39.810Z] Error reading or processing Modbus registers: A Modbus Exception Occurred - See Response Body
[2024-12-10T06:03:39.812Z] Error reading register 6507 for IP 10.30.4.128: A Modbus Exception Occurred - See Response Body
[2024-12-10T06:03:39.812Z] Error reading actual data: A Modbus Exception Occurred - See Response Body
[2024-12-10T06:03:39.813Z] Error writing to Modbus register: A Modbus Exception Occurred - See Response Body
[2024-12-10T06:03:40.821Z] Error reading or processing Modbus registers: A Modbus Exception Occurred - See Response Body
[2024-12-10T06:03:40.823Z] Error reading register 6507 for IP 10.30.4.128: A Modbus Exception Occurred - See Response Body
[2024-12-10T06:03:40.824Z] Error reading actual data: A Modbus Exception Occurred - See Response Body
[2024-12-10T06:03:40.824Z] Error writing to Modbus register: A Modbus Exception Occurred - See Response Body
[2024-12-10T06:03:41.835Z] Error reading or processing Modbus registers: A Modbus Exception Occurred - See Response Body
[2024-12-10T06:03:41.836Z] Error reading register 6507 for IP 10.30.4.128: A Modbus Exception Occurred - See Response Body
[2024-12-10T06:03:41.837Z] Error reading actual data: A Modbus Exception Occurred - See Response Body
[2024-12-10T06:03:41.838Z] Error writing to Modbus register: A Modbus Exception Occurred - See Response Body
[2024-12-10T06:03:42.849Z] Error reading or processing Modbus registers: A Modbus Exception Occurred - See Response Body
[2024-12-10T06:03:42.852Z] Error reading register 6507 for IP 10.30.4.128: A Modbus Exception Occurred - See Response Body
[2024-12-10T06:03:42.853Z] Error reading actual data: A Modbus Exception Occurred - See Response Body
[2024-12-10T06:03:42.854Z] Error writing to Modbus register: A Modbus Exception Occurred - See Response Body
[2024-12-10T06:03:43.849Z] Error reading or processing Modbus registers: A Modbus Exception Occurred - See Response Body
[2024-12-10T06:03:43.851Z] Error reading register 6507 for IP 10.30.4.128: A Modbus Exception Occurred - See Response Body
[2024-12-10T06:03:43.852Z] Error reading actual data: A Modbus Exception Occurred - See Response Body
[2024-12-10T06:03:43.853Z] Error writing to Modbus register: A Modbus Exception Occurred - See Response Body
[2024-12-10T06:03:44.865Z] Error reading or processing Modbus registers: A Modbus Exception Occurred - See Response Body
[2024-12-10T06:03:44.867Z] Error reading register 6507 for IP 10.30.4.128: A Modbus Exception Occurred - See Response Body
[2024-12-10T06:03:44.867Z] Error reading actual data: A Modbus Exception Occurred - See Response Body
[2024-12-10T06:03:44.868Z] Error writing to Modbus register: A Modbus Exception Occurred - See Response Body
[2024-12-10T06:03:45.879Z] Error reading or processing Modbus registers: A Modbus Exception Occurred - See Response Body
[2024-12-10T06:03:45.881Z] Error reading register 6507 for IP 10.30.4.128: A Modbus Exception Occurred - See Response Body
[2024-12-10T06:03:45.881Z] Error reading actual data: A Modbus Exception Occurred - See Response Body
[2024-12-10T06:03:45.882Z] Error writing to Modbus register: A Modbus Exception Occurred - See Response Body
[2024-12-10T06:03:46.893Z] Error reading or processing Modbus registers: A Modbus Exception Occurred - See Response Body
[2024-12-10T06:03:46.895Z] Error reading register 6507 for IP 10.30.4.128: A Modbus Exception Occurred - See Response Body
[2024-12-10T06:03:46.896Z] Error reading actual data: A Modbus Exception Occurred - See Response Body
[2024-12-10T06:03:46.897Z] Error writing to Modbus register: A Modbus Exception Occurred - See Response Body
[2024-12-10T06:03:47.905Z] Error reading or processing Modbus registers: A Modbus Exception Occurred - See Response Body
[2024-12-10T06:03:47.907Z] Error reading register 6507 for IP 10.30.4.128: A Modbus Exception Occurred - See Response Body
[2024-12-10T06:03:47.908Z] Error reading actual data: A Modbus Exception Occurred - See Response Body
[2024-12-10T06:03:47.908Z] Error writing to Modbus register: A Modbus Exception Occurred - See Response Body
[2024-12-10T06:03:48.918Z] Error reading or processing Modbus registers: A Modbus Exception Occurred - See Response Body
[2024-12-10T06:03:48.921Z] Error reading register 6507 for IP 10.30.4.128: A Modbus Exception Occurred - See Response Body
[2024-12-10T06:03:48.921Z] Error reading actual data: A Modbus Exception Occurred - See Response Body
[2024-12-10T06:03:48.922Z] Error writing to Modbus register: A Modbus Exception Occurred - See Response Body
[2024-12-10T06:03:49.933Z] Error reading or processing Modbus registers: A Modbus Exception Occurred - See Response Body
[2024-12-10T06:03:49.935Z] Error reading register 6507 for IP 10.30.4.128: A Modbus Exception Occurred - See Response Body
[2024-12-10T06:03:49.936Z] Error reading actual data: A Modbus Exception Occurred - See Response Body
[2024-12-10T06:03:49.937Z] Error writing to Modbus register: A Modbus Exception Occurred - See Response Body
[2024-12-10T06:03:50.946Z] Error reading or processing Modbus registers: A Modbus Exception Occurred - See Response Body
[2024-12-10T06:03:50.948Z] Error reading register 6507 for IP 10.30.4.128: A Modbus Exception Occurred - See Response Body
[2024-12-10T06:03:50.949Z] Error reading actual data: A Modbus Exception Occurred - See Response Body
[2024-12-10T06:03:50.949Z] Error writing to Modbus register: A Modbus Exception Occurred - See Response Body
[2024-12-10T06:03:51.959Z] Error reading or processing Modbus registers: A Modbus Exception Occurred - See Response Body
[2024-12-10T06:03:51.961Z] Error reading register 6507 for IP 10.30.4.128: A Modbus Exception Occurred - See Response Body
[2024-12-10T06:03:51.962Z] Error reading actual data: A Modbus Exception Occurred - See Response Body
[2024-12-10T06:03:51.963Z] Error writing to Modbus register: A Modbus Exception Occurred - See Response Body
[2024-12-10T06:03:52.970Z] Error reading or processing Modbus registers: A Modbus Exception Occurred - See Response Body
[2024-12-10T06:03:52.973Z] Error reading register 6507 for IP 10.30.4.128: A Modbus Exception Occurred - See Response Body
[2024-12-10T06:03:52.973Z] Error reading actual data: A Modbus Exception Occurred - See Response Body
[2024-12-10T06:03:52.974Z] Error writing to Modbus register: A Modbus Exception Occurred - See Response Body
[2024-12-10T06:03:53.985Z] Error reading or processing Modbus registers: A Modbus Exception Occurred - See Response Body
[2024-12-10T06:03:53.987Z] Error reading register 6507 for IP 10.30.4.128: A Modbus Exception Occurred - See Response Body
[2024-12-10T06:03:53.988Z] Error reading actual data: A Modbus Exception Occurred - See Response Body
[2024-12-10T06:03:53.988Z] Error writing to Modbus register: A Modbus Exception Occurred - See Response Body
[2024-12-10T06:03:54.997Z] Error reading or processing Modbus registers: A Modbus Exception Occurred - See Response Body
[2024-12-10T06:03:54.998Z] Error reading register 6507 for IP 10.30.4.128: A Modbus Exception Occurred - See Response Body
[2024-12-10T06:03:54.999Z] Error reading actual data: A Modbus Exception Occurred - See Response Body
[2024-12-10T06:03:55.000Z] Error writing to Modbus register: A Modbus Exception Occurred - See Response Body
[2024-12-10T06:03:56.009Z] Error reading or processing Modbus registers: A Modbus Exception Occurred - See Response Body
[2024-12-10T06:03:56.010Z] Error reading register 6507 for IP 10.30.4.128: A Modbus Exception Occurred - See Response Body
[2024-12-10T06:03:56.011Z] Error reading actual data: A Modbus Exception Occurred - See Response Body
[2024-12-10T06:03:56.011Z] Error writing to Modbus register: A Modbus Exception Occurred - See Response Body
[2024-12-10T06:03:57.019Z] Error reading or processing Modbus registers: A Modbus Exception Occurred - See Response Body
[2024-12-10T06:03:57.021Z] Error reading register 6507 for IP 10.30.4.128: A Modbus Exception Occurred - See Response Body
[2024-12-10T06:03:57.022Z] Error reading actual data: A Modbus Exception Occurred - See Response Body
[2024-12-10T06:03:57.022Z] Error writing to Modbus register: A Modbus Exception Occurred - See Response Body
[2024-12-10T06:03:58.032Z] Error reading or processing Modbus registers: A Modbus Exception Occurred - See Response Body
[2024-12-10T06:03:58.034Z] Error reading register 6507 for IP 10.30.4.128: A Modbus Exception Occurred - See Response Body
[2024-12-10T06:03:58.035Z] Error reading actual data: A Modbus Exception Occurred - See Response Body
[2024-12-10T06:03:58.035Z] Error writing to Modbus register: A Modbus Exception Occurred - See Response Body
[2024-12-10T06:03:59.046Z] Error reading or processing Modbus registers: A Modbus Exception Occurred - See Response Body
[2024-12-10T06:03:59.048Z] Error reading register 6507 for IP 10.30.4.128: A Modbus Exception Occurred - See Response Body
[2024-12-10T06:03:59.049Z] Error reading actual data: A Modbus Exception Occurred - See Response Body
[2024-12-10T06:03:59.049Z] Error writing to Modbus register: A Modbus Exception Occurred - See Response Body
[2024-12-10T06:04:00.059Z] Error reading or processing Modbus registers: A Modbus Exception Occurred - See Response Body
[2024-12-10T06:04:00.061Z] Error reading register 6507 for IP 10.30.4.128: A Modbus Exception Occurred - See Response Body
[2024-12-10T06:04:00.062Z] Error reading actual data: A Modbus Exception Occurred - See Response Body
[2024-12-10T06:04:00.063Z] Error writing to Modbus register: A Modbus Exception Occurred - See Response Body
[2024-12-10T06:04:01.073Z] Error reading or processing Modbus registers: A Modbus Exception Occurred - See Response Body
[2024-12-10T06:04:01.075Z] Error reading register 6507 for IP 10.30.4.128: A Modbus Exception Occurred - See Response Body
[2024-12-10T06:04:01.076Z] Error reading actual data: A Modbus Exception Occurred - See Response Body
[2024-12-10T06:04:01.076Z] Error writing to Modbus register: A Modbus Exception Occurred - See Response Body
[2024-12-10T06:04:02.087Z] Error reading or processing Modbus registers: A Modbus Exception Occurred - See Response Body
[2024-12-10T06:04:02.089Z] Error reading register 6507 for IP 10.30.4.128: A Modbus Exception Occurred - See Response Body
[2024-12-10T06:04:02.090Z] Error reading actual data: A Modbus Exception Occurred - See Response Body
[2024-12-10T06:04:02.091Z] Error writing to Modbus register: A Modbus Exception Occurred - See Response Body
[2024-12-10T06:04:03.101Z] Error reading or processing Modbus registers: A Modbus Exception Occurred - See Response Body
[2024-12-10T06:04:03.104Z] Error reading register 6507 for IP 10.30.4.128: A Modbus Exception Occurred - See Response Body
[2024-12-10T06:04:03.104Z] Error reading actual data: A Modbus Exception Occurred - See Response Body
[2024-12-10T06:04:03.105Z] Error writing to Modbus register: A Modbus Exception Occurred - See Response Body
[2024-12-10T06:04:04.103Z] Error reading or processing Modbus registers: A Modbus Exception Occurred - See Response Body
[2024-12-10T06:04:04.106Z] Error reading register 6507 for IP 10.30.4.128: A Modbus Exception Occurred - See Response Body
[2024-12-10T06:04:04.107Z] Error reading actual data: A Modbus Exception Occurred - See Response Body
[2024-12-10T06:04:04.107Z] Error writing to Modbus register: A Modbus Exception Occurred - See Response Body
[2024-12-10T06:04:05.108Z] Error reading or processing Modbus registers: A Modbus Exception Occurred - See Response Body
[2024-12-10T06:04:05.110Z] Error reading register 6507 for IP 10.30.4.128: A Modbus Exception Occurred - See Response Body
[2024-12-10T06:04:05.111Z] Error reading actual data: A Modbus Exception Occurred - See Response Body
[2024-12-10T06:04:05.112Z] Error writing to Modbus register: A Modbus Exception Occurred - See Response Body
[2024-12-10T06:04:06.118Z] Error reading or processing Modbus registers: A Modbus Exception Occurred - See Response Body
[2024-12-10T06:04:06.120Z] Error reading register 6507 for IP 10.30.4.128: A Modbus Exception Occurred - See Response Body
[2024-12-10T06:04:06.121Z] Error reading actual data: A Modbus Exception Occurred - See Response Body
[2024-12-10T06:04:06.121Z] Error writing to Modbus register: A Modbus Exception Occurred - See Response Body
[2024-12-10T06:04:07.127Z] Error reading or processing Modbus registers: A Modbus Exception Occurred - See Response Body
[2024-12-10T06:04:07.130Z] Error reading register 6507 for IP 10.30.4.128: A Modbus Exception Occurred - See Response Body
[2024-12-10T06:04:07.130Z] Error reading actual data: A Modbus Exception Occurred - See Response Body
[2024-12-10T06:04:07.131Z] Error writing to Modbus register: A Modbus Exception Occurred - See Response Body
[2024-12-10T06:04:08.143Z] Error reading or processing Modbus registers: A Modbus Exception Occurred - See Response Body
[2024-12-10T06:04:08.145Z] Error reading register 6507 for IP 10.30.4.128: A Modbus Exception Occurred - See Response Body
[2024-12-10T06:04:08.145Z] Error reading actual data: A Modbus Exception Occurred - See Response Body
[2024-12-10T06:04:08.146Z] Error writing to Modbus register: A Modbus Exception Occurred - See Response Body
[2024-12-10T06:04:09.156Z] Error reading or processing Modbus registers: A Modbus Exception Occurred - See Response Body
[2024-12-10T06:04:09.158Z] Error reading register 6507 for IP 10.30.4.128: A Modbus Exception Occurred - See Response Body
[2024-12-10T06:04:09.159Z] Error reading actual data: A Modbus Exception Occurred - See Response Body
[2024-12-10T06:04:09.159Z] Error writing to Modbus register: A Modbus Exception Occurred - See Response Body
[2024-12-10T06:04:10.167Z] Error reading or processing Modbus registers: A Modbus Exception Occurred - See Response Body
[2024-12-10T06:04:10.170Z] Error reading register 6507 for IP 10.30.4.128: A Modbus Exception Occurred - See Response Body
[2024-12-10T06:04:10.170Z] Error reading actual data: A Modbus Exception Occurred - See Response Body
[2024-12-10T06:04:10.171Z] Error writing to Modbus register: A Modbus Exception Occurred - See Response Body
[2024-12-10T06:04:11.179Z] Error reading or processing Modbus registers: A Modbus Exception Occurred - See Response Body
[2024-12-10T06:04:11.184Z] Error reading register 6507 for IP 10.30.4.128: A Modbus Exception Occurred - See Response Body
[2024-12-10T06:04:11.185Z] Error reading actual data: A Modbus Exception Occurred - See Response Body
[2024-12-10T06:04:11.185Z] Error writing to Modbus register: A Modbus Exception Occurred - See Response Body
[2024-12-10T06:04:12.196Z] Error reading or processing Modbus registers: A Modbus Exception Occurred - See Response Body
[2024-12-10T06:04:12.198Z] Error reading register 6507 for IP 10.30.4.128: A Modbus Exception Occurred - See Response Body
[2024-12-10T06:04:12.199Z] Error reading actual data: A Modbus Exception Occurred - See Response Body
[2024-12-10T06:04:12.199Z] Error writing to Modbus register: A Modbus Exception Occurred - See Response Body
[2024-12-10T06:04:13.208Z] Error reading or processing Modbus registers: A Modbus Exception Occurred - See Response Body
[2024-12-10T06:04:13.210Z] Error reading register 6507 for IP 10.30.4.128: A Modbus Exception Occurred - See Response Body
[2024-12-10T06:04:13.210Z] Error reading actual data: A Modbus Exception Occurred - See Response Body
[2024-12-10T06:04:13.211Z] Error writing to Modbus register: A Modbus Exception Occurred - See Response Body
[2024-12-10T06:04:14.209Z] Error reading or processing Modbus registers: A Modbus Exception Occurred - See Response Body
[2024-12-10T06:04:14.211Z] Error reading register 6507 for IP 10.30.4.128: A Modbus Exception Occurred - See Response Body
[2024-12-10T06:04:14.212Z] Error reading actual data: A Modbus Exception Occurred - See Response Body
[2024-12-10T06:04:14.212Z] Error writing to Modbus register: A Modbus Exception Occurred - See Response Body
[2024-12-10T06:04:15.223Z] Error reading or processing Modbus registers: A Modbus Exception Occurred - See Response Body
[2024-12-10T06:04:15.225Z] Error reading register 6507 for IP 10.30.4.128: A Modbus Exception Occurred - See Response Body
[2024-12-10T06:04:15.226Z] Error reading actual data: A Modbus Exception Occurred - See Response Body
[2024-12-10T06:04:15.226Z] Error writing to Modbus register: A Modbus Exception Occurred - See Response Body
[2024-12-10T06:04:16.236Z] Error reading or processing Modbus registers: A Modbus Exception Occurred - See Response Body
[2024-12-10T06:04:16.238Z] Error reading register 6507 for IP 10.30.4.128: A Modbus Exception Occurred - See Response Body
[2024-12-10T06:04:16.239Z] Error reading actual data: A Modbus Exception Occurred - See Response Body
[2024-12-10T06:04:16.239Z] Error writing to Modbus register: A Modbus Exception Occurred - See Response Body
[2024-12-10T06:04:17.248Z] Error reading or processing Modbus registers: A Modbus Exception Occurred - See Response Body
[2024-12-10T06:04:17.250Z] Error reading register 6507 for IP 10.30.4.128: A Modbus Exception Occurred - See Response Body
[2024-12-10T06:04:17.251Z] Error reading actual data: A Modbus Exception Occurred - See Response Body
[2024-12-10T06:04:17.251Z] Error writing to Modbus register: A Modbus Exception Occurred - See Response Body
[2024-12-10T06:04:18.264Z] Error reading or processing Modbus registers: A Modbus Exception Occurred - See Response Body
[2024-12-10T06:04:18.266Z] Error reading register 6507 for IP 10.30.4.128: A Modbus Exception Occurred - See Response Body
[2024-12-10T06:04:18.267Z] Error reading actual data: A Modbus Exception Occurred - See Response Body
[2024-12-10T06:04:18.268Z] Error writing to Modbus register: A Modbus Exception Occurred - See Response Body
[2024-12-10T06:04:19.270Z] Error reading or processing Modbus registers: A Modbus Exception Occurred - See Response Body
[2024-12-10T06:04:19.272Z] Error reading register 6507 for IP 10.30.4.128: A Modbus Exception Occurred - See Response Body
[2024-12-10T06:04:19.273Z] Error reading actual data: A Modbus Exception Occurred - See Response Body
[2024-12-10T06:04:19.273Z] Error writing to Modbus register: A Modbus Exception Occurred - See Response Body
[2024-12-10T06:04:20.284Z] Error reading or processing Modbus registers: A Modbus Exception Occurred - See Response Body
[2024-12-10T06:04:20.286Z] Error reading register 6507 for IP 10.30.4.128: A Modbus Exception Occurred - See Response Body
[2024-12-10T06:04:20.287Z] Error reading actual data: A Modbus Exception Occurred - See Response Body
[2024-12-10T06:04:20.287Z] Error writing to Modbus register: A Modbus Exception Occurred - See Response Body
[2024-12-10T06:04:21.298Z] Error reading or processing Modbus registers: A Modbus Exception Occurred - See Response Body
[2024-12-10T06:04:21.300Z] Error reading register 6507 for IP 10.30.4.128: A Modbus Exception Occurred - See Response Body
[2024-12-10T06:04:21.300Z] Error reading actual data: A Modbus Exception Occurred - See Response Body
[2024-12-10T06:04:21.301Z] Error writing to Modbus register: A Modbus Exception Occurred - See Response Body
[2024-12-10T06:04:22.311Z] Error reading or processing Modbus registers: A Modbus Exception Occurred - See Response Body
[2024-12-10T06:04:22.314Z] Error reading register 6507 for IP 10.30.4.128: A Modbus Exception Occurred - See Response Body
[2024-12-10T06:04:22.315Z] Error reading actual data: A Modbus Exception Occurred - See Response Body
[2024-12-10T06:04:22.315Z] Error writing to Modbus register: A Modbus Exception Occurred - See Response Body
[2024-12-10T06:04:23.320Z] Error reading or processing Modbus registers: A Modbus Exception Occurred - See Response Body
[2024-12-10T06:04:23.323Z] Error reading register 6507 for IP 10.30.4.128: A Modbus Exception Occurred - See Response Body
[2024-12-10T06:04:23.324Z] Error reading actual data: A Modbus Exception Occurred - See Response Body
[2024-12-10T06:04:23.324Z] Error writing to Modbus register: A Modbus Exception Occurred - See Response Body
[2024-12-10T06:04:24.333Z] Error reading or processing Modbus registers: A Modbus Exception Occurred - See Response Body
[2024-12-10T06:04:24.343Z] Error reading register 6507 for IP 10.30.4.128: A Modbus Exception Occurred - See Response Body
[2024-12-10T06:04:24.344Z] Error reading actual data: A Modbus Exception Occurred - See Response Body
[2024-12-10T06:04:24.344Z] Error writing to Modbus register: A Modbus Exception Occurred - See Response Body
[2024-12-10T06:04:25.344Z] Error reading or processing Modbus registers: A Modbus Exception Occurred - See Response Body
[2024-12-10T06:04:25.346Z] Error reading register 6507 for IP 10.30.4.128: A Modbus Exception Occurred - See Response Body
[2024-12-10T06:04:25.347Z] Error reading actual data: A Modbus Exception Occurred - See Response Body
[2024-12-10T06:04:25.347Z] Error writing to Modbus register: A Modbus Exception Occurred - See Response Body
[2024-12-10T06:04:26.357Z] Error reading or processing Modbus registers: A Modbus Exception Occurred - See Response Body
[2024-12-10T06:04:26.359Z] Error reading register 6507 for IP 10.30.4.128: A Modbus Exception Occurred - See Response Body
[2024-12-10T06:04:26.359Z] Error reading actual data: A Modbus Exception Occurred - See Response Body
[2024-12-10T06:04:26.360Z] Error writing to Modbus register: A Modbus Exception Occurred - See Response Body
[2024-12-10T06:04:27.357Z] Error reading or processing Modbus registers: A Modbus Exception Occurred - See Response Body
[2024-12-10T06:04:27.359Z] Error reading register 6507 for IP 10.30.4.128: A Modbus Exception Occurred - See Response Body
[2024-12-10T06:04:27.360Z] Error reading actual data: A Modbus Exception Occurred - See Response Body
[2024-12-10T06:04:27.361Z] Error writing to Modbus register: A Modbus Exception Occurred - See Response Body
[2024-12-10T06:04:28.357Z] Error reading or processing Modbus registers: A Modbus Exception Occurred - See Response Body
[2024-12-10T06:04:28.359Z] Error reading register 6507 for IP 10.30.4.128: A Modbus Exception Occurred - See Response Body
[2024-12-10T06:04:28.360Z] Error reading actual data: A Modbus Exception Occurred - See Response Body
[2024-12-10T06:04:28.361Z] Error writing to Modbus register: A Modbus Exception Occurred - See Response Body
[2024-12-10T06:04:29.368Z] Error reading or processing Modbus registers: A Modbus Exception Occurred - See Response Body
[2024-12-10T06:04:29.370Z] Error reading register 6507 for IP 10.30.4.128: A Modbus Exception Occurred - See Response Body
[2024-12-10T06:04:29.371Z] Error reading actual data: A Modbus Exception Occurred - See Response Body
[2024-12-10T06:04:29.372Z] Error writing to Modbus register: A Modbus Exception Occurred - See Response Body
[2024-12-10T06:04:30.381Z] Error reading or processing Modbus registers: A Modbus Exception Occurred - See Response Body
[2024-12-10T06:04:30.384Z] Error reading register 6507 for IP 10.30.4.128: A Modbus Exception Occurred - See Response Body
[2024-12-10T06:04:30.385Z] Error reading actual data: A Modbus Exception Occurred - See Response Body
[2024-12-10T06:04:30.385Z] Error writing to Modbus register: A Modbus Exception Occurred - See Response Body
[2024-12-10T06:04:31.392Z] Error reading or processing Modbus registers: A Modbus Exception Occurred - See Response Body
[2024-12-10T06:04:31.394Z] Error reading register 6507 for IP 10.30.4.128: A Modbus Exception Occurred - See Response Body
[2024-12-10T06:04:31.395Z] Error reading actual data: A Modbus Exception Occurred - See Response Body
[2024-12-10T06:04:31.395Z] Error writing to Modbus register: A Modbus Exception Occurred - See Response Body
[2024-12-10T06:04:32.391Z] Error reading or processing Modbus registers: A Modbus Exception Occurred - See Response Body
[2024-12-10T06:04:32.394Z] Error reading register 6507 for IP 10.30.4.128: A Modbus Exception Occurred - See Response Body
[2024-12-10T06:04:32.394Z] Error reading actual data: A Modbus Exception Occurred - See Response Body
[2024-12-10T06:04:32.395Z] Error writing to Modbus register: A Modbus Exception Occurred - See Response Body
[2024-12-10T06:04:33.403Z] Error reading or processing Modbus registers: A Modbus Exception Occurred - See Response Body
[2024-12-10T06:04:33.405Z] Error reading register 6507 for IP 10.30.4.128: A Modbus Exception Occurred - See Response Body
[2024-12-10T06:04:33.405Z] Error reading actual data: A Modbus Exception Occurred - See Response Body
[2024-12-10T06:04:33.406Z] Error writing to Modbus register: A Modbus Exception Occurred - See Response Body
[2024-12-10T06:04:34.418Z] Error reading or processing Modbus registers: A Modbus Exception Occurred - See Response Body
[2024-12-10T06:04:34.420Z] Error reading register 6507 for IP 10.30.4.128: A Modbus Exception Occurred - See Response Body
[2024-12-10T06:04:34.420Z] Error reading actual data: A Modbus Exception Occurred - See Response Body
[2024-12-10T06:04:34.421Z] Error writing to Modbus register: A Modbus Exception Occurred - See Response Body
[2024-12-10T06:04:35.418Z] Error reading or processing Modbus registers: A Modbus Exception Occurred - See Response Body
[2024-12-10T06:04:35.420Z] Error reading register 6507 for IP 10.30.4.128: A Modbus Exception Occurred - See Response Body
[2024-12-10T06:04:35.421Z] Error reading actual data: A Modbus Exception Occurred - See Response Body
[2024-12-10T06:04:35.421Z] Error writing to Modbus register: A Modbus Exception Occurred - See Response Body
[2024-12-10T06:04:36.430Z] Error reading or processing Modbus registers: A Modbus Exception Occurred - See Response Body
[2024-12-10T06:04:36.432Z] Error reading register 6507 for IP 10.30.4.128: A Modbus Exception Occurred - See Response Body
[2024-12-10T06:04:36.433Z] Error reading actual data: A Modbus Exception Occurred - See Response Body
[2024-12-10T06:04:36.433Z] Error writing to Modbus register: A Modbus Exception Occurred - See Response Body
[2024-12-10T06:04:37.437Z] Error reading or processing Modbus registers: A Modbus Exception Occurred - See Response Body
[2024-12-10T06:04:37.439Z] Error reading register 6507 for IP 10.30.4.128: A Modbus Exception Occurred - See Response Body
[2024-12-10T06:04:37.440Z] Error reading actual data: A Modbus Exception Occurred - See Response Body
[2024-12-10T06:04:37.440Z] Error writing to Modbus register: A Modbus Exception Occurred - See Response Body
[2024-12-10T06:04:38.452Z] Error reading or processing Modbus registers: A Modbus Exception Occurred - See Response Body
[2024-12-10T06:04:38.454Z] Error reading register 6507 for IP 10.30.4.128: A Modbus Exception Occurred - See Response Body
[2024-12-10T06:04:38.455Z] Error reading actual data: A Modbus Exception Occurred - See Response Body
[2024-12-10T06:04:38.455Z] Error writing to Modbus register: A Modbus Exception Occurred - See Response Body
[2024-12-10T06:04:39.466Z] Error reading or processing Modbus registers: A Modbus Exception Occurred - See Response Body
[2024-12-10T06:04:39.469Z] Error reading register 6507 for IP 10.30.4.128: A Modbus Exception Occurred - See Response Body
[2024-12-10T06:04:39.470Z] Error reading actual data: A Modbus Exception Occurred - See Response Body
[2024-12-10T06:04:39.470Z] Error writing to Modbus register: A Modbus Exception Occurred - See Response Body
[2024-12-10T06:04:40.466Z] Error reading or processing Modbus registers: A Modbus Exception Occurred - See Response Body
[2024-12-10T06:04:40.468Z] Error reading register 6507 for IP 10.30.4.128: A Modbus Exception Occurred - See Response Body
[2024-12-10T06:04:40.469Z] Error reading actual data: A Modbus Exception Occurred - See Response Body
[2024-12-10T06:04:40.469Z] Error writing to Modbus register: A Modbus Exception Occurred - See Response Body
[2024-12-10T06:04:41.466Z] Error reading or processing Modbus registers: A Modbus Exception Occurred - See Response Body
[2024-12-10T06:04:41.467Z] Error reading register 6507 for IP 10.30.4.128: A Modbus Exception Occurred - See Response Body
[2024-12-10T06:04:41.468Z] Error reading actual data: A Modbus Exception Occurred - See Response Body
[2024-12-10T06:04:41.468Z] Error writing to Modbus register: A Modbus Exception Occurred - See Response Body
[2024-12-10T06:04:42.466Z] Error reading or processing Modbus registers: A Modbus Exception Occurred - See Response Body
[2024-12-10T06:04:42.468Z] Error reading register 6507 for IP 10.30.4.128: A Modbus Exception Occurred - See Response Body
[2024-12-10T06:04:42.468Z] Error reading actual data: A Modbus Exception Occurred - See Response Body
[2024-12-10T06:04:42.469Z] Error writing to Modbus register: A Modbus Exception Occurred - See Response Body
[2024-12-10T06:04:43.467Z] Error reading or processing Modbus registers: A Modbus Exception Occurred - See Response Body
[2024-12-10T06:04:43.469Z] Error reading register 6507 for IP 10.30.4.128: A Modbus Exception Occurred - See Response Body
[2024-12-10T06:04:43.469Z] Error reading actual data: A Modbus Exception Occurred - See Response Body
[2024-12-10T06:04:43.470Z] Error writing to Modbus register: A Modbus Exception Occurred - See Response Body
[2024-12-10T06:04:44.470Z] Error reading or processing Modbus registers: A Modbus Exception Occurred - See Response Body
[2024-12-10T06:04:44.473Z] Error reading register 6507 for IP 10.30.4.128: A Modbus Exception Occurred - See Response Body
[2024-12-10T06:04:44.473Z] Error reading actual data: A Modbus Exception Occurred - See Response Body
[2024-12-10T06:04:44.474Z] Error writing to Modbus register: A Modbus Exception Occurred - See Response Body
[2024-12-10T06:04:45.474Z] Error reading or processing Modbus registers: A Modbus Exception Occurred - See Response Body
[2024-12-10T06:04:45.476Z] Error reading register 6507 for IP 10.30.4.128: A Modbus Exception Occurred - See Response Body
[2024-12-10T06:04:45.477Z] Error reading actual data: A Modbus Exception Occurred - See Response Body
[2024-12-10T06:04:45.477Z] Error writing to Modbus register: A Modbus Exception Occurred - See Response Body
[2024-12-10T06:04:46.490Z] Error reading or processing Modbus registers: A Modbus Exception Occurred - See Response Body
[2024-12-10T06:04:46.491Z] Error reading register 6507 for IP 10.30.4.128: A Modbus Exception Occurred - See Response Body
[2024-12-10T06:04:46.492Z] Error reading actual data: A Modbus Exception Occurred - See Response Body
[2024-12-10T06:04:46.493Z] Error writing to Modbus register: A Modbus Exception Occurred - See Response Body
[2024-12-10T06:04:47.502Z] Error reading or processing Modbus registers: A Modbus Exception Occurred - See Response Body
[2024-12-10T06:04:47.505Z] Error reading register 6507 for IP 10.30.4.128: A Modbus Exception Occurred - See Response Body
[2024-12-10T06:04:47.506Z] Error reading actual data: A Modbus Exception Occurred - See Response Body
[2024-12-10T06:04:47.506Z] Error writing to Modbus register: A Modbus Exception Occurred - See Response Body
[2024-12-10T06:04:48.509Z] Error reading or processing Modbus registers: A Modbus Exception Occurred - See Response Body
[2024-12-10T06:04:48.511Z] Error reading register 6507 for IP 10.30.4.128: A Modbus Exception Occurred - See Response Body
[2024-12-10T06:04:48.512Z] Error reading actual data: A Modbus Exception Occurred - See Response Body
[2024-12-10T06:04:48.513Z] Error writing to Modbus register: A Modbus Exception Occurred - See Response Body
[2024-12-10T06:04:49.511Z] Error reading or processing Modbus registers: A Modbus Exception Occurred - See Response Body
[2024-12-10T06:04:49.515Z] Error reading register 6507 for IP 10.30.4.128: A Modbus Exception Occurred - See Response Body
[2024-12-10T06:04:49.516Z] Error reading actual data: A Modbus Exception Occurred - See Response Body
[2024-12-10T06:04:49.517Z] Error writing to Modbus register: A Modbus Exception Occurred - See Response Body
[2024-12-10T06:04:50.511Z] Error reading or processing Modbus registers: A Modbus Exception Occurred - See Response Body
[2024-12-10T06:04:50.514Z] Error reading register 6507 for IP 10.30.4.128: A Modbus Exception Occurred - See Response Body
[2024-12-10T06:04:50.515Z] Error reading actual data: A Modbus Exception Occurred - See Response Body
[2024-12-10T06:04:50.515Z] Error writing to Modbus register: A Modbus Exception Occurred - See Response Body
[2024-12-10T06:04:51.515Z] Error reading or processing Modbus registers: A Modbus Exception Occurred - See Response Body
[2024-12-10T06:04:51.517Z] Error reading register 6507 for IP 10.30.4.128: A Modbus Exception Occurred - See Response Body
[2024-12-10T06:04:51.518Z] Error reading actual data: A Modbus Exception Occurred - See Response Body
[2024-12-10T06:04:51.519Z] Error writing to Modbus register: A Modbus Exception Occurred - See Response Body
[2024-12-10T06:04:52.516Z] Error reading or processing Modbus registers: A Modbus Exception Occurred - See Response Body
[2024-12-10T06:04:52.518Z] Error reading register 6507 for IP 10.30.4.128: A Modbus Exception Occurred - See Response Body
[2024-12-10T06:04:52.519Z] Error reading actual data: A Modbus Exception Occurred - See Response Body
[2024-12-10T06:04:52.519Z] Error writing to Modbus register: A Modbus Exception Occurred - See Response Body
[2024-12-10T06:04:53.517Z] Error reading or processing Modbus registers: A Modbus Exception Occurred - See Response Body
[2024-12-10T06:04:53.519Z] Error reading register 6507 for IP 10.30.4.128: A Modbus Exception Occurred - See Response Body
[2024-12-10T06:04:53.520Z] Error reading actual data: A Modbus Exception Occurred - See Response Body
[2024-12-10T06:04:53.521Z] Error writing to Modbus register: A Modbus Exception Occurred - See Response Body
[2024-12-10T06:04:54.520Z] Error reading or processing Modbus registers: A Modbus Exception Occurred - See Response Body
[2024-12-10T06:04:54.523Z] Error reading register 6507 for IP 10.30.4.128: A Modbus Exception Occurred - See Response Body
[2024-12-10T06:04:54.524Z] Error reading actual data: A Modbus Exception Occurred - See Response Body
[2024-12-10T06:04:54.525Z] Error writing to Modbus register: A Modbus Exception Occurred - See Response Body
[2024-12-10T06:04:55.534Z] Error reading or processing Modbus registers: A Modbus Exception Occurred - See Response Body
[2024-12-10T06:04:55.536Z] Error reading register 6507 for IP 10.30.4.128: A Modbus Exception Occurred - See Response Body
[2024-12-10T06:04:55.537Z] Error reading actual data: A Modbus Exception Occurred - See Response Body
[2024-12-10T06:04:55.538Z] Error writing to Modbus register: A Modbus Exception Occurred - See Response Body
[2024-12-10T06:04:56.535Z] Error reading or processing Modbus registers: A Modbus Exception Occurred - See Response Body
[2024-12-10T06:04:56.538Z] Error reading register 6507 for IP 10.30.4.128: A Modbus Exception Occurred - See Response Body
[2024-12-10T06:04:56.538Z] Error reading actual data: A Modbus Exception Occurred - See Response Body
[2024-12-10T06:04:56.539Z] Error writing to Modbus register: A Modbus Exception Occurred - See Response Body
[2024-12-10T06:04:57.537Z] Error reading or processing Modbus registers: A Modbus Exception Occurred - See Response Body
[2024-12-10T06:04:57.540Z] Error reading register 6507 for IP 10.30.4.128: A Modbus Exception Occurred - See Response Body
[2024-12-10T06:04:57.541Z] Error reading actual data: A Modbus Exception Occurred - See Response Body
[2024-12-10T06:04:57.542Z] Error writing to Modbus register: A Modbus Exception Occurred - See Response Body
[2024-12-10T06:04:58.541Z] Error reading or processing Modbus registers: A Modbus Exception Occurred - See Response Body
[2024-12-10T06:04:58.543Z] Error reading register 6507 for IP 10.30.4.128: A Modbus Exception Occurred - See Response Body
[2024-12-10T06:04:58.544Z] Error reading actual data: A Modbus Exception Occurred - See Response Body
[2024-12-10T06:04:58.544Z] Error writing to Modbus register: A Modbus Exception Occurred - See Response Body
[2024-12-10T06:04:59.549Z] Error reading or processing Modbus registers: A Modbus Exception Occurred - See Response Body
[2024-12-10T06:04:59.551Z] Error reading register 6507 for IP 10.30.4.128: A Modbus Exception Occurred - See Response Body
[2024-12-10T06:04:59.551Z] Error reading actual data: A Modbus Exception Occurred - See Response Body
[2024-12-10T06:04:59.552Z] Error writing to Modbus register: A Modbus Exception Occurred - See Response Body
[2024-12-10T06:05:00.562Z] Error reading or processing Modbus registers: A Modbus Exception Occurred - See Response Body
[2024-12-10T06:05:00.563Z] Error reading register 6507 for IP 10.30.4.128: A Modbus Exception Occurred - See Response Body
[2024-12-10T06:05:00.565Z] Error reading actual data: A Modbus Exception Occurred - See Response Body
[2024-12-10T06:05:00.565Z] Error writing to Modbus register: A Modbus Exception Occurred - See Response Body
[2024-12-10T06:05:01.577Z] Error reading or processing Modbus registers: A Modbus Exception Occurred - See Response Body
[2024-12-10T06:05:01.579Z] Error reading register 6507 for IP 10.30.4.128: A Modbus Exception Occurred - See Response Body
[2024-12-10T06:05:01.580Z] Error reading actual data: A Modbus Exception Occurred - See Response Body
[2024-12-10T06:05:01.580Z] Error writing to Modbus register: A Modbus Exception Occurred - See Response Body
[2024-12-10T06:05:02.590Z] Error reading or processing Modbus registers: A Modbus Exception Occurred - See Response Body
[2024-12-10T06:05:02.592Z] Error reading register 6507 for IP 10.30.4.128: A Modbus Exception Occurred - See Response Body
[2024-12-10T06:05:02.594Z] Error reading actual data: A Modbus Exception Occurred - See Response Body
[2024-12-10T06:05:02.594Z] Error writing to Modbus register: A Modbus Exception Occurred - See Response Body
[2024-12-10T06:05:03.599Z] Error reading or processing Modbus registers: A Modbus Exception Occurred - See Response Body
[2024-12-10T06:05:03.604Z] Error reading register 6507 for IP 10.30.4.128: A Modbus Exception Occurred - See Response Body
[2024-12-10T06:05:03.605Z] Error reading actual data: A Modbus Exception Occurred - See Response Body
[2024-12-10T06:05:03.605Z] Error writing to Modbus register: A Modbus Exception Occurred - See Response Body
[2024-12-10T06:05:04.613Z] Error reading or processing Modbus registers: A Modbus Exception Occurred - See Response Body
[2024-12-10T06:05:04.615Z] Error reading register 6507 for IP 10.30.4.128: A Modbus Exception Occurred - See Response Body
[2024-12-10T06:05:04.616Z] Error reading actual data: A Modbus Exception Occurred - See Response Body
[2024-12-10T06:05:04.616Z] Error writing to Modbus register: A Modbus Exception Occurred - See Response Body
[2024-12-10T06:05:05.623Z] Error reading or processing Modbus registers: A Modbus Exception Occurred - See Response Body
[2024-12-10T06:05:05.625Z] Error reading register 6507 for IP 10.30.4.128: A Modbus Exception Occurred - See Response Body
[2024-12-10T06:05:05.626Z] Error reading actual data: A Modbus Exception Occurred - See Response Body
[2024-12-10T06:05:05.626Z] Error writing to Modbus register: A Modbus Exception Occurred - See Response Body
[2024-12-10T06:05:06.637Z] Error reading or processing Modbus registers: A Modbus Exception Occurred - See Response Body
[2024-12-10T06:05:06.639Z] Error reading register 6507 for IP 10.30.4.128: A Modbus Exception Occurred - See Response Body
[2024-12-10T06:05:06.639Z] Error reading actual data: A Modbus Exception Occurred - See Response Body
[2024-12-10T06:05:06.640Z] Error writing to Modbus register: A Modbus Exception Occurred - See Response Body
[2024-12-10T06:05:07.651Z] Error reading or processing Modbus registers: A Modbus Exception Occurred - See Response Body
[2024-12-10T06:05:07.653Z] Error reading register 6507 for IP 10.30.4.128: A Modbus Exception Occurred - See Response Body
[2024-12-10T06:05:07.653Z] Error reading actual data: A Modbus Exception Occurred - See Response Body
[2024-12-10T06:05:07.654Z] Error writing to Modbus register: A Modbus Exception Occurred - See Response Body
[2024-12-10T06:05:08.663Z] Error reading or processing Modbus registers: A Modbus Exception Occurred - See Response Body
[2024-12-10T06:05:08.665Z] Error reading register 6507 for IP 10.30.4.128: A Modbus Exception Occurred - See Response Body
[2024-12-10T06:05:08.665Z] Error reading actual data: A Modbus Exception Occurred - See Response Body
[2024-12-10T06:05:08.666Z] Error writing to Modbus register: A Modbus Exception Occurred - See Response Body
[2024-12-10T06:05:09.677Z] Error reading or processing Modbus registers: A Modbus Exception Occurred - See Response Body
[2024-12-10T06:05:09.680Z] Error reading register 6507 for IP 10.30.4.128: A Modbus Exception Occurred - See Response Body
[2024-12-10T06:05:09.680Z] Error reading actual data: A Modbus Exception Occurred - See Response Body
[2024-12-10T06:05:09.681Z] Error writing to Modbus register: A Modbus Exception Occurred - See Response Body
[2024-12-10T06:05:10.687Z] Error reading or processing Modbus registers: A Modbus Exception Occurred - See Response Body
[2024-12-10T06:05:10.689Z] Error reading register 6507 for IP 10.30.4.128: A Modbus Exception Occurred - See Response Body
[2024-12-10T06:05:10.689Z] Error reading actual data: A Modbus Exception Occurred - See Response Body
[2024-12-10T06:05:10.690Z] Error writing to Modbus register: A Modbus Exception Occurred - See Response Body
[2024-12-10T06:05:11.688Z] Error reading or processing Modbus registers: A Modbus Exception Occurred - See Response Body
[2024-12-10T06:05:11.691Z] Error reading register 6507 for IP 10.30.4.128: A Modbus Exception Occurred - See Response Body
[2024-12-10T06:05:11.691Z] Error reading actual data: A Modbus Exception Occurred - See Response Body
[2024-12-10T06:05:11.692Z] Error writing to Modbus register: A Modbus Exception Occurred - See Response Body
[2024-12-10T06:05:12.693Z] Error reading or processing Modbus registers: A Modbus Exception Occurred - See Response Body
[2024-12-10T06:05:12.696Z] Error reading register 6507 for IP 10.30.4.128: A Modbus Exception Occurred - See Response Body
[2024-12-10T06:05:12.696Z] Error reading actual data: A Modbus Exception Occurred - See Response Body
[2024-12-10T06:05:12.697Z] Error writing to Modbus register: A Modbus Exception Occurred - See Response Body
[2024-12-10T06:05:13.701Z] Error reading or processing Modbus registers: A Modbus Exception Occurred - See Response Body
[2024-12-10T06:05:13.703Z] Error reading register 6507 for IP 10.30.4.128: A Modbus Exception Occurred - See Response Body
[2024-12-10T06:05:13.703Z] Error reading actual data: A Modbus Exception Occurred - See Response Body
[2024-12-10T06:05:13.704Z] Error writing to Modbus register: A Modbus Exception Occurred - See Response Body
[2024-12-10T06:05:14.717Z] Error reading or processing Modbus registers: A Modbus Exception Occurred - See Response Body
[2024-12-10T06:05:14.719Z] Error reading register 6507 for IP 10.30.4.128: A Modbus Exception Occurred - See Response Body
[2024-12-10T06:05:14.720Z] Error reading actual data: A Modbus Exception Occurred - See Response Body
[2024-12-10T06:05:14.721Z] Error writing to Modbus register: A Modbus Exception Occurred - See Response Body
[2024-12-10T06:05:15.728Z] Error reading or processing Modbus registers: A Modbus Exception Occurred - See Response Body
[2024-12-10T06:05:15.731Z] Error reading register 6507 for IP 10.30.4.128: A Modbus Exception Occurred - See Response Body
[2024-12-10T06:05:15.731Z] Error reading actual data: A Modbus Exception Occurred - See Response Body
[2024-12-10T06:05:15.732Z] Error writing to Modbus register: A Modbus Exception Occurred - See Response Body
[2024-12-10T06:05:16.741Z] Error reading or processing Modbus registers: A Modbus Exception Occurred - See Response Body
[2024-12-10T06:05:16.743Z] Error reading register 6507 for IP 10.30.4.128: A Modbus Exception Occurred - See Response Body
[2024-12-10T06:05:16.744Z] Error writing to Modbus register: A Modbus Exception Occurred - See Response Body
[2024-12-10T06:05:16.744Z] Error reading actual data: A Modbus Exception Occurred - See Response Body
[2024-12-10T06:05:17.755Z] Error reading or processing Modbus registers: A Modbus Exception Occurred - See Response Body
[2024-12-10T06:05:17.758Z] Error reading register 6507 for IP 10.30.4.128: A Modbus Exception Occurred - See Response Body
[2024-12-10T06:05:17.758Z] Error reading actual data: A Modbus Exception Occurred - See Response Body
[2024-12-10T06:05:17.759Z] Error writing to Modbus register: A Modbus Exception Occurred - See Response Body
[2024-12-10T06:05:18.769Z] Error reading or processing Modbus registers: A Modbus Exception Occurred - See Response Body
[2024-12-10T06:05:18.771Z] Error reading register 6507 for IP 10.30.4.128: A Modbus Exception Occurred - See Response Body
[2024-12-10T06:05:18.772Z] Error reading actual data: A Modbus Exception Occurred - See Response Body
[2024-12-10T06:05:18.773Z] Error writing to Modbus register: A Modbus Exception Occurred - See Response Body
[2024-12-10T06:05:19.783Z] Error reading or processing Modbus registers: A Modbus Exception Occurred - See Response Body
[2024-12-10T06:05:19.785Z] Error reading register 6507 for IP 10.30.4.128: A Modbus Exception Occurred - See Response Body
[2024-12-10T06:05:19.786Z] Error reading actual data: A Modbus Exception Occurred - See Response Body
[2024-12-10T06:05:19.786Z] Error writing to Modbus register: A Modbus Exception Occurred - See Response Body
[2024-12-10T06:05:20.794Z] Error reading or processing Modbus registers: A Modbus Exception Occurred - See Response Body
[2024-12-10T06:05:20.796Z] Error reading register 6507 for IP 10.30.4.128: A Modbus Exception Occurred - See Response Body
[2024-12-10T06:05:20.797Z] Error reading actual data: A Modbus Exception Occurred - See Response Body
[2024-12-10T06:05:20.797Z] Error writing to Modbus register: A Modbus Exception Occurred - See Response Body
[2024-12-10T06:05:21.794Z] Error reading or processing Modbus registers: A Modbus Exception Occurred - See Response Body
[2024-12-10T06:05:21.797Z] Error reading register 6507 for IP 10.30.4.128: A Modbus Exception Occurred - See Response Body
[2024-12-10T06:05:21.798Z] Error reading actual data: A Modbus Exception Occurred - See Response Body
[2024-12-10T06:05:21.799Z] Error writing to Modbus register: A Modbus Exception Occurred - See Response Body
[2024-12-10T06:05:22.794Z] Error reading or processing Modbus registers: A Modbus Exception Occurred - See Response Body
[2024-12-10T06:05:22.797Z] Error reading register 6507 for IP 10.30.4.128: A Modbus Exception Occurred - See Response Body
[2024-12-10T06:05:22.798Z] Error reading actual data: A Modbus Exception Occurred - See Response Body
[2024-12-10T06:05:22.798Z] Error writing to Modbus register: A Modbus Exception Occurred - See Response Body
[2024-12-10T06:05:23.806Z] Error reading or processing Modbus registers: A Modbus Exception Occurred - See Response Body
[2024-12-10T06:05:23.809Z] Error reading register 6507 for IP 10.30.4.128: A Modbus Exception Occurred - See Response Body
[2024-12-10T06:05:23.809Z] Error reading actual data: A Modbus Exception Occurred - See Response Body
[2024-12-10T06:05:23.810Z] Error writing to Modbus register: A Modbus Exception Occurred - See Response Body
[2024-12-10T06:05:24.808Z] Error reading or processing Modbus registers: A Modbus Exception Occurred - See Response Body
[2024-12-10T06:05:24.810Z] Error reading register 6507 for IP 10.30.4.128: A Modbus Exception Occurred - See Response Body
[2024-12-10T06:05:24.811Z] Error reading actual data: A Modbus Exception Occurred - See Response Body
[2024-12-10T06:05:24.811Z] Error writing to Modbus register: A Modbus Exception Occurred - See Response Body
[2024-12-10T06:05:25.822Z] Error reading or processing Modbus registers: A Modbus Exception Occurred - See Response Body
[2024-12-10T06:05:25.824Z] Error reading register 6507 for IP 10.30.4.128: A Modbus Exception Occurred - See Response Body
[2024-12-10T06:05:25.825Z] Error reading actual data: A Modbus Exception Occurred - See Response Body
[2024-12-10T06:05:25.825Z] Error writing to Modbus register: A Modbus Exception Occurred - See Response Body
[2024-12-10T06:05:26.837Z] Error reading or processing Modbus registers: A Modbus Exception Occurred - See Response Body
[2024-12-10T06:05:26.839Z] Error reading register 6507 for IP 10.30.4.128: A Modbus Exception Occurred - See Response Body
[2024-12-10T06:05:26.839Z] Error reading actual data: A Modbus Exception Occurred - See Response Body
[2024-12-10T06:05:26.840Z] Error writing to Modbus register: A Modbus Exception Occurred - See Response Body
[2024-12-10T06:05:27.850Z] Error reading or processing Modbus registers: A Modbus Exception Occurred - See Response Body
[2024-12-10T06:05:27.852Z] Error reading register 6507 for IP 10.30.4.128: A Modbus Exception Occurred - See Response Body
[2024-12-10T06:05:27.853Z] Error reading actual data: A Modbus Exception Occurred - See Response Body
[2024-12-10T06:05:27.853Z] Error writing to Modbus register: A Modbus Exception Occurred - See Response Body
[2024-12-10T06:05:28.864Z] Error reading or processing Modbus registers: A Modbus Exception Occurred - See Response Body
[2024-12-10T06:05:28.866Z] Error reading register 6507 for IP 10.30.4.128: A Modbus Exception Occurred - See Response Body
[2024-12-10T06:05:28.867Z] Error reading actual data: A Modbus Exception Occurred - See Response Body
[2024-12-10T06:05:28.867Z] Error writing to Modbus register: A Modbus Exception Occurred - See Response Body
[2024-12-10T06:05:29.864Z] Error reading or processing Modbus registers: A Modbus Exception Occurred - See Response Body
[2024-12-10T06:05:29.866Z] Error reading register 6507 for IP 10.30.4.128: A Modbus Exception Occurred - See Response Body
[2024-12-10T06:05:29.867Z] Error reading actual data: A Modbus Exception Occurred - See Response Body
[2024-12-10T06:05:29.867Z] Error writing to Modbus register: A Modbus Exception Occurred - See Response Body
[2024-12-10T06:05:30.879Z] Error reading or processing Modbus registers: A Modbus Exception Occurred - See Response Body
[2024-12-10T06:05:30.881Z] Error reading register 6507 for IP 10.30.4.128: A Modbus Exception Occurred - See Response Body
[2024-12-10T06:05:30.881Z] Error reading actual data: A Modbus Exception Occurred - See Response Body
[2024-12-10T06:05:30.882Z] Error writing to Modbus register: A Modbus Exception Occurred - See Response Body
[2024-12-10T06:05:31.892Z] Error reading or processing Modbus registers: A Modbus Exception Occurred - See Response Body
[2024-12-10T06:05:31.894Z] Error reading register 6507 for IP 10.30.4.128: A Modbus Exception Occurred - See Response Body
[2024-12-10T06:05:31.895Z] Error reading actual data: A Modbus Exception Occurred - See Response Body
[2024-12-10T06:05:31.896Z] Error writing to Modbus register: A Modbus Exception Occurred - See Response Body
[2024-12-10T06:05:32.906Z] Error reading or processing Modbus registers: A Modbus Exception Occurred - See Response Body
[2024-12-10T06:05:32.908Z] Error reading register 6507 for IP 10.30.4.128: A Modbus Exception Occurred - See Response Body
[2024-12-10T06:05:32.909Z] Error reading actual data: A Modbus Exception Occurred - See Response Body
[2024-12-10T06:05:32.909Z] Error writing to Modbus register: A Modbus Exception Occurred - See Response Body
[2024-12-10T06:05:33.916Z] Error reading or processing Modbus registers: A Modbus Exception Occurred - See Response Body
[2024-12-10T06:05:33.919Z] Error reading register 6507 for IP 10.30.4.128: A Modbus Exception Occurred - See Response Body
[2024-12-10T06:05:33.919Z] Error reading actual data: A Modbus Exception Occurred - See Response Body
[2024-12-10T06:05:33.920Z] Error writing to Modbus register: A Modbus Exception Occurred - See Response Body
[2024-12-10T06:05:34.929Z] Error reading or processing Modbus registers: A Modbus Exception Occurred - See Response Body
[2024-12-10T06:05:34.932Z] Error reading register 6507 for IP 10.30.4.128: A Modbus Exception Occurred - See Response Body
[2024-12-10T06:05:34.933Z] Error reading actual data: A Modbus Exception Occurred - See Response Body
[2024-12-10T06:05:34.933Z] Error writing to Modbus register: A Modbus Exception Occurred - See Response Body
[2024-12-10T06:05:35.942Z] Error reading or processing Modbus registers: A Modbus Exception Occurred - See Response Body
[2024-12-10T06:05:35.945Z] Error reading register 6507 for IP 10.30.4.128: A Modbus Exception Occurred - See Response Body
[2024-12-10T06:05:35.946Z] Error reading actual data: A Modbus Exception Occurred - See Response Body
[2024-12-10T06:05:35.946Z] Error writing to Modbus register: A Modbus Exception Occurred - See Response Body
[2024-12-10T06:05:36.955Z] Error reading or processing Modbus registers: A Modbus Exception Occurred - See Response Body
[2024-12-10T06:05:36.957Z] Error reading register 6507 for IP 10.30.4.128: A Modbus Exception Occurred - See Response Body
[2024-12-10T06:05:36.958Z] Error reading actual data: A Modbus Exception Occurred - See Response Body
[2024-12-10T06:05:36.959Z] Error writing to Modbus register: A Modbus Exception Occurred - See Response Body
[2024-12-10T06:05:37.956Z] Error reading or processing Modbus registers: A Modbus Exception Occurred - See Response Body
[2024-12-10T06:05:37.958Z] Error reading register 6507 for IP 10.30.4.128: A Modbus Exception Occurred - See Response Body
[2024-12-10T06:05:37.959Z] Error reading actual data: A Modbus Exception Occurred - See Response Body
[2024-12-10T06:05:37.960Z] Error writing to Modbus register: A Modbus Exception Occurred - See Response Body
[2024-12-10T06:05:38.967Z] Error reading or processing Modbus registers: A Modbus Exception Occurred - See Response Body
[2024-12-10T06:05:38.969Z] Error reading register 6507 for IP 10.30.4.128: A Modbus Exception Occurred - See Response Body
[2024-12-10T06:05:38.970Z] Error reading actual data: A Modbus Exception Occurred - See Response Body
[2024-12-10T06:05:38.970Z] Error writing to Modbus register: A Modbus Exception Occurred - See Response Body
[2024-12-10T06:05:39.968Z] Error reading or processing Modbus registers: A Modbus Exception Occurred - See Response Body
[2024-12-10T06:05:39.970Z] Error reading register 6507 for IP 10.30.4.128: A Modbus Exception Occurred - See Response Body
[2024-12-10T06:05:39.970Z] Error reading actual data: A Modbus Exception Occurred - See Response Body
[2024-12-10T06:05:39.971Z] Error writing to Modbus register: A Modbus Exception Occurred - See Response Body
[2024-12-10T06:05:40.982Z] Error reading or processing Modbus registers: A Modbus Exception Occurred - See Response Body
[2024-12-10T06:05:40.984Z] Error reading register 6507 for IP 10.30.4.128: A Modbus Exception Occurred - See Response Body
[2024-12-10T06:05:40.985Z] Error reading actual data: A Modbus Exception Occurred - See Response Body
[2024-12-10T06:05:40.985Z] Error writing to Modbus register: A Modbus Exception Occurred - See Response Body
[2024-12-10T06:05:41.995Z] Error reading or processing Modbus registers: A Modbus Exception Occurred - See Response Body
[2024-12-10T06:05:41.997Z] Error reading register 6507 for IP 10.30.4.128: A Modbus Exception Occurred - See Response Body
[2024-12-10T06:05:41.998Z] Error reading actual data: A Modbus Exception Occurred - See Response Body
[2024-12-10T06:05:41.998Z] Error writing to Modbus register: A Modbus Exception Occurred - See Response Body
[2024-12-10T06:05:43.010Z] Error reading or processing Modbus registers: A Modbus Exception Occurred - See Response Body
[2024-12-10T06:05:43.026Z] Error reading register 6507 for IP 10.30.4.128: A Modbus Exception Occurred - See Response Body
[2024-12-10T06:05:43.027Z] Error reading actual data: A Modbus Exception Occurred - See Response Body
[2024-12-10T06:05:43.027Z] Error writing to Modbus register: A Modbus Exception Occurred - See Response Body
[2024-12-10T06:05:44.020Z] Error reading or processing Modbus registers: A Modbus Exception Occurred - See Response Body
[2024-12-10T06:05:44.022Z] Error reading register 6507 for IP 10.30.4.128: A Modbus Exception Occurred - See Response Body
[2024-12-10T06:05:44.022Z] Error reading actual data: A Modbus Exception Occurred - See Response Body
[2024-12-10T06:05:44.023Z] Error writing to Modbus register: A Modbus Exception Occurred - See Response Body
[2024-12-10T06:05:45.035Z] Error reading or processing Modbus registers: A Modbus Exception Occurred - See Response Body
[2024-12-10T06:05:45.037Z] Error reading register 6507 for IP 10.30.4.128: A Modbus Exception Occurred - See Response Body
[2024-12-10T06:05:45.038Z] Error reading actual data: A Modbus Exception Occurred - See Response Body
[2024-12-10T06:05:45.039Z] Error writing to Modbus register: A Modbus Exception Occurred - See Response Body
[2024-12-10T06:05:46.046Z] Error reading or processing Modbus registers: A Modbus Exception Occurred - See Response Body
[2024-12-10T06:05:46.048Z] Error reading register 6507 for IP 10.30.4.128: A Modbus Exception Occurred - See Response Body
[2024-12-10T06:05:46.049Z] Error reading actual data: A Modbus Exception Occurred - See Response Body
[2024-12-10T06:05:46.049Z] Error writing to Modbus register: A Modbus Exception Occurred - See Response Body
[2024-12-10T06:05:47.059Z] Error reading or processing Modbus registers: A Modbus Exception Occurred - See Response Body
[2024-12-10T06:05:47.061Z] Error reading register 6507 for IP 10.30.4.128: A Modbus Exception Occurred - See Response Body
[2024-12-10T06:05:47.062Z] Error reading actual data: A Modbus Exception Occurred - See Response Body
[2024-12-10T06:05:47.062Z] Error writing to Modbus register: A Modbus Exception Occurred - See Response Body
[2024-12-10T06:05:48.072Z] Error reading or processing Modbus registers: A Modbus Exception Occurred - See Response Body
[2024-12-10T06:05:48.074Z] Error reading register 6507 for IP 10.30.4.128: A Modbus Exception Occurred - See Response Body
[2024-12-10T06:05:48.075Z] Error reading actual data: A Modbus Exception Occurred - See Response Body
[2024-12-10T06:05:48.076Z] Error writing to Modbus register: A Modbus Exception Occurred - See Response Body
[2024-12-10T06:05:49.087Z] Error reading or processing Modbus registers: A Modbus Exception Occurred - See Response Body
[2024-12-10T06:05:49.089Z] Error reading register 6507 for IP 10.30.4.128: A Modbus Exception Occurred - See Response Body
[2024-12-10T06:05:49.089Z] Error reading actual data: A Modbus Exception Occurred - See Response Body
[2024-12-10T06:05:49.090Z] Error writing to Modbus register: A Modbus Exception Occurred - See Response Body
[2024-12-10T06:05:50.098Z] Error reading or processing Modbus registers: A Modbus Exception Occurred - See Response Body
[2024-12-10T06:05:50.100Z] Error reading register 6507 for IP 10.30.4.128: A Modbus Exception Occurred - See Response Body
[2024-12-10T06:05:50.101Z] Error reading actual data: A Modbus Exception Occurred - See Response Body
[2024-12-10T06:05:50.101Z] Error writing to Modbus register: A Modbus Exception Occurred - See Response Body
[2024-12-10T06:05:51.111Z] Error reading or processing Modbus registers: A Modbus Exception Occurred - See Response Body
[2024-12-10T06:05:51.113Z] Error reading register 6507 for IP 10.30.4.128: A Modbus Exception Occurred - See Response Body
[2024-12-10T06:05:51.114Z] Error reading actual data: A Modbus Exception Occurred - See Response Body
[2024-12-10T06:05:51.115Z] Error writing to Modbus register: A Modbus Exception Occurred - See Response Body
[2024-12-10T06:05:52.122Z] Error reading or processing Modbus registers: A Modbus Exception Occurred - See Response Body
[2024-12-10T06:05:52.125Z] Error reading register 6507 for IP 10.30.4.128: A Modbus Exception Occurred - See Response Body
[2024-12-10T06:05:52.126Z] Error reading actual data: A Modbus Exception Occurred - See Response Body
[2024-12-10T06:05:52.126Z] Error writing to Modbus register: A Modbus Exception Occurred - See Response Body
[2024-12-10T06:05:53.134Z] Error reading or processing Modbus registers: A Modbus Exception Occurred - See Response Body
[2024-12-10T06:05:53.136Z] Error reading register 6507 for IP 10.30.4.128: A Modbus Exception Occurred - See Response Body
[2024-12-10T06:05:53.137Z] Error reading actual data: A Modbus Exception Occurred - See Response Body
[2024-12-10T06:05:53.137Z] Error writing to Modbus register: A Modbus Exception Occurred - See Response Body
[2024-12-10T06:05:54.145Z] Error reading or processing Modbus registers: A Modbus Exception Occurred - See Response Body
[2024-12-10T06:05:54.147Z] Error reading register 6507 for IP 10.30.4.128: A Modbus Exception Occurred - See Response Body
[2024-12-10T06:05:54.148Z] Error reading actual data: A Modbus Exception Occurred - See Response Body
[2024-12-10T06:05:54.148Z] Error writing to Modbus register: A Modbus Exception Occurred - See Response Body
[2024-12-10T06:05:55.155Z] Error reading or processing Modbus registers: A Modbus Exception Occurred - See Response Body
[2024-12-10T06:05:55.157Z] Error reading register 6507 for IP 10.30.4.128: A Modbus Exception Occurred - See Response Body
[2024-12-10T06:05:55.158Z] Error reading actual data: A Modbus Exception Occurred - See Response Body
[2024-12-10T06:05:55.159Z] Error writing to Modbus register: A Modbus Exception Occurred - See Response Body
[2024-12-10T06:05:56.166Z] Error reading or processing Modbus registers: A Modbus Exception Occurred - See Response Body
[2024-12-10T06:05:56.168Z] Error reading register 6507 for IP 10.30.4.128: A Modbus Exception Occurred - See Response Body
[2024-12-10T06:05:56.169Z] Error reading actual data: A Modbus Exception Occurred - See Response Body
[2024-12-10T06:05:56.170Z] Error writing to Modbus register: A Modbus Exception Occurred - See Response Body
[2024-12-10T06:05:57.178Z] Error reading or processing Modbus registers: A Modbus Exception Occurred - See Response Body
[2024-12-10T06:05:57.180Z] Error reading register 6507 for IP 10.30.4.128: A Modbus Exception Occurred - See Response Body
[2024-12-10T06:05:57.181Z] Error reading actual data: A Modbus Exception Occurred - See Response Body
[2024-12-10T06:05:57.182Z] Error writing to Modbus register: A Modbus Exception Occurred - See Response Body
[2024-12-10T06:05:58.191Z] Error reading or processing Modbus registers: A Modbus Exception Occurred - See Response Body
[2024-12-10T06:05:58.193Z] Error reading register 6507 for IP 10.30.4.128: A Modbus Exception Occurred - See Response Body
[2024-12-10T06:05:58.194Z] Error reading actual data: A Modbus Exception Occurred - See Response Body
[2024-12-10T06:05:58.195Z] Error writing to Modbus register: A Modbus Exception Occurred - See Response Body
[2024-12-10T06:05:59.201Z] Error reading or processing Modbus registers: A Modbus Exception Occurred - See Response Body
[2024-12-10T06:05:59.203Z] Error reading register 6507 for IP 10.30.4.128: A Modbus Exception Occurred - See Response Body
[2024-12-10T06:05:59.204Z] Error reading actual data: A Modbus Exception Occurred - See Response Body
[2024-12-10T06:05:59.205Z] Error writing to Modbus register: A Modbus Exception Occurred - See Response Body
[2024-12-10T06:06:00.211Z] Error reading or processing Modbus registers: A Modbus Exception Occurred - See Response Body
[2024-12-10T06:06:00.215Z] Error reading register 6507 for IP 10.30.4.128: A Modbus Exception Occurred - See Response Body
[2024-12-10T06:06:00.216Z] Error reading actual data: A Modbus Exception Occurred - See Response Body
[2024-12-10T06:06:00.216Z] Error writing to Modbus register: A Modbus Exception Occurred - See Response Body
[2024-12-10T06:06:01.222Z] Error reading or processing Modbus registers: A Modbus Exception Occurred - See Response Body
[2024-12-10T06:06:01.224Z] Error reading register 6507 for IP 10.30.4.128: A Modbus Exception Occurred - See Response Body
[2024-12-10T06:06:01.225Z] Error reading actual data: A Modbus Exception Occurred - See Response Body
[2024-12-10T06:06:01.226Z] Error writing to Modbus register: A Modbus Exception Occurred - See Response Body
[2024-12-10T06:06:02.222Z] Error reading or processing Modbus registers: A Modbus Exception Occurred - See Response Body
[2024-12-10T06:06:02.224Z] Error reading register 6507 for IP 10.30.4.128: A Modbus Exception Occurred - See Response Body
[2024-12-10T06:06:02.225Z] Error reading actual data: A Modbus Exception Occurred - See Response Body
[2024-12-10T06:06:02.226Z] Error writing to Modbus register: A Modbus Exception Occurred - See Response Body
[2024-12-10T06:06:03.231Z] Error reading or processing Modbus registers: A Modbus Exception Occurred - See Response Body
[2024-12-10T06:06:03.233Z] Error reading register 6507 for IP 10.30.4.128: A Modbus Exception Occurred - See Response Body
[2024-12-10T06:06:03.234Z] Error reading actual data: A Modbus Exception Occurred - See Response Body
[2024-12-10T06:06:03.234Z] Error writing to Modbus register: A Modbus Exception Occurred - See Response Body
[2024-12-10T06:06:04.231Z] Error reading or processing Modbus registers: A Modbus Exception Occurred - See Response Body
[2024-12-10T06:06:04.234Z] Error reading register 6507 for IP 10.30.4.128: A Modbus Exception Occurred - See Response Body
[2024-12-10T06:06:04.235Z] Error reading actual data: A Modbus Exception Occurred - See Response Body
[2024-12-10T06:06:04.235Z] Error writing to Modbus register: A Modbus Exception Occurred - See Response Body
[2024-12-10T06:06:05.243Z] Error reading or processing Modbus registers: A Modbus Exception Occurred - See Response Body
[2024-12-10T06:06:05.245Z] Error reading register 6507 for IP 10.30.4.128: A Modbus Exception Occurred - See Response Body
[2024-12-10T06:06:05.246Z] Error reading actual data: A Modbus Exception Occurred - See Response Body
[2024-12-10T06:06:05.246Z] Error writing to Modbus register: A Modbus Exception Occurred - See Response Body
[2024-12-10T06:06:06.255Z] Error reading or processing Modbus registers: A Modbus Exception Occurred - See Response Body
[2024-12-10T06:06:06.257Z] Error reading register 6507 for IP 10.30.4.128: A Modbus Exception Occurred - See Response Body
[2024-12-10T06:06:06.257Z] Error reading actual data: A Modbus Exception Occurred - See Response Body
[2024-12-10T06:06:06.258Z] Error writing to Modbus register: A Modbus Exception Occurred - See Response Body
[2024-12-10T06:06:07.256Z] Error reading or processing Modbus registers: A Modbus Exception Occurred - See Response Body
[2024-12-10T06:06:07.257Z] Error reading register 6507 for IP 10.30.4.128: A Modbus Exception Occurred - See Response Body
[2024-12-10T06:06:07.258Z] Error reading actual data: A Modbus Exception Occurred - See Response Body
[2024-12-10T06:06:07.258Z] Error writing to Modbus register: A Modbus Exception Occurred - See Response Body
[2024-12-10T06:06:08.269Z] Error reading or processing Modbus registers: A Modbus Exception Occurred - See Response Body
[2024-12-10T06:06:08.273Z] Error reading register 6507 for IP 10.30.4.128: A Modbus Exception Occurred - See Response Body
[2024-12-10T06:06:08.273Z] Error reading actual data: A Modbus Exception Occurred - See Response Body
[2024-12-10T06:06:08.274Z] Error writing to Modbus register: A Modbus Exception Occurred - See Response Body
[2024-12-10T06:06:09.280Z] Error reading or processing Modbus registers: A Modbus Exception Occurred - See Response Body
[2024-12-10T06:06:09.282Z] Error reading register 6507 for IP 10.30.4.128: A Modbus Exception Occurred - See Response Body
[2024-12-10T06:06:09.282Z] Error reading actual data: A Modbus Exception Occurred - See Response Body
[2024-12-10T06:06:09.283Z] Error writing to Modbus register: A Modbus Exception Occurred - See Response Body
[2024-12-10T06:06:10.291Z] Error reading or processing Modbus registers: A Modbus Exception Occurred - See Response Body
[2024-12-10T06:06:10.292Z] Error reading register 6507 for IP 10.30.4.128: A Modbus Exception Occurred - See Response Body
[2024-12-10T06:06:10.293Z] Error reading actual data: A Modbus Exception Occurred - See Response Body
[2024-12-10T06:06:10.294Z] Error writing to Modbus register: A Modbus Exception Occurred - See Response Body
[2024-12-10T06:06:11.302Z] Error reading or processing Modbus registers: A Modbus Exception Occurred - See Response Body
[2024-12-10T06:06:11.305Z] Error reading register 6507 for IP 10.30.4.128: A Modbus Exception Occurred - See Response Body
[2024-12-10T06:06:11.306Z] Error reading actual data: A Modbus Exception Occurred - See Response Body
[2024-12-10T06:06:11.306Z] Error writing to Modbus register: A Modbus Exception Occurred - See Response Body
[2024-12-10T06:06:12.305Z] Error reading or processing Modbus registers: A Modbus Exception Occurred - See Response Body
[2024-12-10T06:06:12.307Z] Error reading register 6507 for IP 10.30.4.128: A Modbus Exception Occurred - See Response Body
[2024-12-10T06:06:12.308Z] Error reading actual data: A Modbus Exception Occurred - See Response Body
[2024-12-10T06:06:12.308Z] Error writing to Modbus register: A Modbus Exception Occurred - See Response Body
[2024-12-10T06:06:13.309Z] Error reading or processing Modbus registers: A Modbus Exception Occurred - See Response Body
[2024-12-10T06:06:13.311Z] Error reading register 6507 for IP 10.30.4.128: A Modbus Exception Occurred - See Response Body
[2024-12-10T06:06:13.312Z] Error reading actual data: A Modbus Exception Occurred - See Response Body
[2024-12-10T06:06:13.312Z] Error writing to Modbus register: A Modbus Exception Occurred - See Response Body
[2024-12-10T06:06:14.322Z] Error reading or processing Modbus registers: A Modbus Exception Occurred - See Response Body
[2024-12-10T06:06:14.324Z] Error reading register 6507 for IP 10.30.4.128: A Modbus Exception Occurred - See Response Body
[2024-12-10T06:06:14.325Z] Error reading actual data: A Modbus Exception Occurred - See Response Body
[2024-12-10T06:06:14.325Z] Error writing to Modbus register: A Modbus Exception Occurred - See Response Body
[2024-12-10T06:06:15.323Z] Error reading or processing Modbus registers: A Modbus Exception Occurred - See Response Body
[2024-12-10T06:06:15.326Z] Error reading register 6507 for IP 10.30.4.128: A Modbus Exception Occurred - See Response Body
[2024-12-10T06:06:15.326Z] Error reading actual data: A Modbus Exception Occurred - See Response Body
[2024-12-10T06:06:15.327Z] Error writing to Modbus register: A Modbus Exception Occurred - See Response Body
[2024-12-10T06:06:16.336Z] Error reading or processing Modbus registers: A Modbus Exception Occurred - See Response Body
[2024-12-10T06:06:16.338Z] Error reading register 6507 for IP 10.30.4.128: A Modbus Exception Occurred - See Response Body
[2024-12-10T06:06:16.339Z] Error reading actual data: A Modbus Exception Occurred - See Response Body
[2024-12-10T06:06:16.339Z] Error writing to Modbus register: A Modbus Exception Occurred - See Response Body
[2024-12-10T06:06:17.349Z] Error reading or processing Modbus registers: A Modbus Exception Occurred - See Response Body
[2024-12-10T06:06:17.351Z] Error reading register 6507 for IP 10.30.4.128: A Modbus Exception Occurred - See Response Body
[2024-12-10T06:06:17.352Z] Error reading actual data: A Modbus Exception Occurred - See Response Body
[2024-12-10T06:06:17.353Z] Error writing to Modbus register: A Modbus Exception Occurred - See Response Body
[2024-12-10T06:06:18.350Z] Error reading or processing Modbus registers: A Modbus Exception Occurred - See Response Body
[2024-12-10T06:06:18.352Z] Error reading register 6507 for IP 10.30.4.128: A Modbus Exception Occurred - See Response Body
[2024-12-10T06:06:18.352Z] Error reading actual data: A Modbus Exception Occurred - See Response Body
[2024-12-10T06:06:18.353Z] Error writing to Modbus register: A Modbus Exception Occurred - See Response Body
[2024-12-10T06:06:19.365Z] Error reading or processing Modbus registers: A Modbus Exception Occurred - See Response Body
[2024-12-10T06:06:19.367Z] Error reading register 6507 for IP 10.30.4.128: A Modbus Exception Occurred - See Response Body
[2024-12-10T06:06:19.368Z] Error reading actual data: A Modbus Exception Occurred - See Response Body
[2024-12-10T06:06:19.368Z] Error writing to Modbus register: A Modbus Exception Occurred - See Response Body
[2024-12-10T06:06:20.378Z] Error reading or processing Modbus registers: A Modbus Exception Occurred - See Response Body
[2024-12-10T06:06:20.380Z] Error reading register 6507 for IP 10.30.4.128: A Modbus Exception Occurred - See Response Body
[2024-12-10T06:06:20.381Z] Error reading actual data: A Modbus Exception Occurred - See Response Body
[2024-12-10T06:06:20.384Z] Error writing to Modbus register: A Modbus Exception Occurred - See Response Body
[2024-12-10T06:06:21.389Z] Error reading or processing Modbus registers: A Modbus Exception Occurred - See Response Body
[2024-12-10T06:06:21.391Z] Error reading register 6507 for IP 10.30.4.128: A Modbus Exception Occurred - See Response Body
[2024-12-10T06:06:21.392Z] Error reading actual data: A Modbus Exception Occurred - See Response Body
[2024-12-10T06:06:21.392Z] Error writing to Modbus register: A Modbus Exception Occurred - See Response Body
[2024-12-10T06:06:22.390Z] Error reading or processing Modbus registers: A Modbus Exception Occurred - See Response Body
[2024-12-10T06:06:22.392Z] Error reading register 6507 for IP 10.30.4.128: A Modbus Exception Occurred - See Response Body
[2024-12-10T06:06:22.393Z] Error reading actual data: A Modbus Exception Occurred - See Response Body
[2024-12-10T06:06:22.393Z] Error writing to Modbus register: A Modbus Exception Occurred - See Response Body
[2024-12-10T06:06:23.402Z] Error reading or processing Modbus registers: A Modbus Exception Occurred - See Response Body
[2024-12-10T06:06:23.404Z] Error reading register 6507 for IP 10.30.4.128: A Modbus Exception Occurred - See Response Body
[2024-12-10T06:06:23.405Z] Error reading actual data: A Modbus Exception Occurred - See Response Body
[2024-12-10T06:06:23.405Z] Error writing to Modbus register: A Modbus Exception Occurred - See Response Body
[2024-12-10T06:06:24.411Z] Error reading or processing Modbus registers: A Modbus Exception Occurred - See Response Body
[2024-12-10T06:06:24.412Z] Error reading register 6507 for IP 10.30.4.128: A Modbus Exception Occurred - See Response Body
[2024-12-10T06:06:24.413Z] Error reading actual data: A Modbus Exception Occurred - See Response Body
[2024-12-10T06:06:24.413Z] Error writing to Modbus register: A Modbus Exception Occurred - See Response Body
[2024-12-10T06:06:25.425Z] Error reading or processing Modbus registers: A Modbus Exception Occurred - See Response Body
[2024-12-10T06:06:25.429Z] Error reading register 6507 for IP 10.30.4.128: A Modbus Exception Occurred - See Response Body
[2024-12-10T06:06:25.430Z] Error reading actual data: A Modbus Exception Occurred - See Response Body
[2024-12-10T06:06:25.430Z] Error writing to Modbus register: A Modbus Exception Occurred - See Response Body
[2024-12-10T06:06:26.437Z] Error reading or processing Modbus registers: A Modbus Exception Occurred - See Response Body
[2024-12-10T06:06:26.439Z] Error reading register 6507 for IP 10.30.4.128: A Modbus Exception Occurred - See Response Body
[2024-12-10T06:06:26.440Z] Error reading actual data: A Modbus Exception Occurred - See Response Body
[2024-12-10T06:06:26.441Z] Error writing to Modbus register: A Modbus Exception Occurred - See Response Body
[2024-12-10T06:06:27.451Z] Error reading or processing Modbus registers: A Modbus Exception Occurred - See Response Body
[2024-12-10T06:06:27.453Z] Error reading register 6507 for IP 10.30.4.128: A Modbus Exception Occurred - See Response Body
[2024-12-10T06:06:27.453Z] Error reading actual data: A Modbus Exception Occurred - See Response Body
[2024-12-10T06:06:27.454Z] Error writing to Modbus register: A Modbus Exception Occurred - See Response Body
[2024-12-10T06:06:28.465Z] Error reading or processing Modbus registers: A Modbus Exception Occurred - See Response Body
[2024-12-10T06:06:28.467Z] Error reading register 6507 for IP 10.30.4.128: A Modbus Exception Occurred - See Response Body
[2024-12-10T06:06:28.468Z] Error reading actual data: A Modbus Exception Occurred - See Response Body
[2024-12-10T06:06:28.468Z] Error writing to Modbus register: A Modbus Exception Occurred - See Response Body
[2024-12-10T06:06:29.480Z] Error reading or processing Modbus registers: A Modbus Exception Occurred - See Response Body
[2024-12-10T06:06:29.482Z] Error reading register 6507 for IP 10.30.4.128: A Modbus Exception Occurred - See Response Body
[2024-12-10T06:06:29.483Z] Error reading actual data: A Modbus Exception Occurred - See Response Body
[2024-12-10T06:06:29.484Z] Error writing to Modbus register: A Modbus Exception Occurred - See Response Body
[2024-12-10T06:06:30.491Z] Error reading or processing Modbus registers: A Modbus Exception Occurred - See Response Body
[2024-12-10T06:06:30.494Z] Error reading register 6507 for IP 10.30.4.128: A Modbus Exception Occurred - See Response Body
[2024-12-10T06:06:30.494Z] Error reading actual data: A Modbus Exception Occurred - See Response Body
[2024-12-10T06:06:30.495Z] Error writing to Modbus register: A Modbus Exception Occurred - See Response Body
[2024-12-10T06:06:31.504Z] Error reading or processing Modbus registers: A Modbus Exception Occurred - See Response Body
[2024-12-10T06:06:31.507Z] Error reading register 6507 for IP 10.30.4.128: A Modbus Exception Occurred - See Response Body
[2024-12-10T06:06:31.507Z] Error reading actual data: A Modbus Exception Occurred - See Response Body
[2024-12-10T06:06:31.508Z] Error writing to Modbus register: A Modbus Exception Occurred - See Response Body
[2024-12-10T06:06:32.515Z] Error reading or processing Modbus registers: A Modbus Exception Occurred - See Response Body
[2024-12-10T06:06:32.517Z] Error reading register 6507 for IP 10.30.4.128: A Modbus Exception Occurred - See Response Body
[2024-12-10T06:06:32.518Z] Error reading actual data: A Modbus Exception Occurred - See Response Body
[2024-12-10T06:06:32.519Z] Error writing to Modbus register: A Modbus Exception Occurred - See Response Body
[2024-12-10T06:06:33.526Z] Error reading or processing Modbus registers: A Modbus Exception Occurred - See Response Body
[2024-12-10T06:06:33.528Z] Error reading register 6507 for IP 10.30.4.128: A Modbus Exception Occurred - See Response Body
[2024-12-10T06:06:33.529Z] Error reading actual data: A Modbus Exception Occurred - See Response Body
[2024-12-10T06:06:33.530Z] Error writing to Modbus register: A Modbus Exception Occurred - See Response Body
[2024-12-10T06:06:34.538Z] Error reading or processing Modbus registers: A Modbus Exception Occurred - See Response Body
[2024-12-10T06:06:34.540Z] Error reading register 6507 for IP 10.30.4.128: A Modbus Exception Occurred - See Response Body
[2024-12-10T06:06:34.541Z] Error reading actual data: A Modbus Exception Occurred - See Response Body
[2024-12-10T06:06:34.542Z] Error writing to Modbus register: A Modbus Exception Occurred - See Response Body
[2024-12-10T06:06:35.550Z] Error reading or processing Modbus registers: A Modbus Exception Occurred - See Response Body
[2024-12-10T06:06:35.552Z] Error reading register 6507 for IP 10.30.4.128: A Modbus Exception Occurred - See Response Body
[2024-12-10T06:06:35.553Z] Error reading actual data: A Modbus Exception Occurred - See Response Body
[2024-12-10T06:06:35.554Z] Error writing to Modbus register: A Modbus Exception Occurred - See Response Body
[2024-12-10T06:06:36.565Z] Error reading or processing Modbus registers: A Modbus Exception Occurred - See Response Body
[2024-12-10T06:06:36.567Z] Error reading register 6507 for IP 10.30.4.128: A Modbus Exception Occurred - See Response Body
[2024-12-10T06:06:36.568Z] Error reading actual data: A Modbus Exception Occurred - See Response Body
[2024-12-10T06:06:36.568Z] Error writing to Modbus register: A Modbus Exception Occurred - See Response Body
[2024-12-10T06:06:37.577Z] Error reading or processing Modbus registers: A Modbus Exception Occurred - See Response Body
[2024-12-10T06:06:37.579Z] Error reading register 6507 for IP 10.30.4.128: A Modbus Exception Occurred - See Response Body
[2024-12-10T06:06:37.580Z] Error reading actual data: A Modbus Exception Occurred - See Response Body
[2024-12-10T06:06:37.581Z] Error writing to Modbus register: A Modbus Exception Occurred - See Response Body
[2024-12-10T06:06:38.585Z] Error reading or processing Modbus registers: A Modbus Exception Occurred - See Response Body
[2024-12-10T06:06:38.589Z] Error reading register 6507 for IP 10.30.4.128: A Modbus Exception Occurred - See Response Body
[2024-12-10T06:06:38.590Z] Error reading actual data: A Modbus Exception Occurred - See Response Body
[2024-12-10T06:06:38.591Z] Error writing to Modbus register: A Modbus Exception Occurred - See Response Body
[2024-12-10T06:06:39.598Z] Error reading or processing Modbus registers: A Modbus Exception Occurred - See Response Body
[2024-12-10T06:06:39.600Z] Error reading register 6507 for IP 10.30.4.128: A Modbus Exception Occurred - See Response Body
[2024-12-10T06:06:39.601Z] Error reading actual data: A Modbus Exception Occurred - See Response Body
[2024-12-10T06:06:39.601Z] Error writing to Modbus register: A Modbus Exception Occurred - See Response Body
[2024-12-10T06:06:40.609Z] Error reading or processing Modbus registers: A Modbus Exception Occurred - See Response Body
[2024-12-10T06:06:40.611Z] Error reading register 6507 for IP 10.30.4.128: A Modbus Exception Occurred - See Response Body
[2024-12-10T06:06:40.611Z] Error reading actual data: A Modbus Exception Occurred - See Response Body
[2024-12-10T06:06:40.612Z] Error writing to Modbus register: A Modbus Exception Occurred - See Response Body
[2024-12-10T06:06:41.619Z] Error reading or processing Modbus registers: A Modbus Exception Occurred - See Response Body
[2024-12-10T06:06:41.621Z] Error reading register 6507 for IP 10.30.4.128: A Modbus Exception Occurred - See Response Body
[2024-12-10T06:06:41.622Z] Error reading actual data: A Modbus Exception Occurred - See Response Body
[2024-12-10T06:06:41.622Z] Error writing to Modbus register: A Modbus Exception Occurred - See Response Body
[2024-12-10T06:06:42.630Z] Error reading or processing Modbus registers: A Modbus Exception Occurred - See Response Body
[2024-12-10T06:06:42.632Z] Error reading register 6507 for IP 10.30.4.128: A Modbus Exception Occurred - See Response Body
[2024-12-10T06:06:42.633Z] Error reading actual data: A Modbus Exception Occurred - See Response Body
[2024-12-10T06:06:42.633Z] Error writing to Modbus register: A Modbus Exception Occurred - See Response Body
[2024-12-10T06:06:43.640Z] Error reading or processing Modbus registers: A Modbus Exception Occurred - See Response Body
[2024-12-10T06:06:43.642Z] Error reading register 6507 for IP 10.30.4.128: A Modbus Exception Occurred - See Response Body
[2024-12-10T06:06:43.643Z] Error reading actual data: A Modbus Exception Occurred - See Response Body
[2024-12-10T06:06:43.643Z] Error writing to Modbus register: A Modbus Exception Occurred - See Response Body
[2024-12-10T06:06:44.648Z] Error reading or processing Modbus registers: A Modbus Exception Occurred - See Response Body
[2024-12-10T06:06:44.650Z] Error reading register 6507 for IP 10.30.4.128: A Modbus Exception Occurred - See Response Body
[2024-12-10T06:06:44.650Z] Error reading actual data: A Modbus Exception Occurred - See Response Body
[2024-12-10T06:06:44.651Z] Error writing to Modbus register: A Modbus Exception Occurred - See Response Body
[2024-12-10T06:06:45.662Z] Error reading or processing Modbus registers: A Modbus Exception Occurred - See Response Body
[2024-12-10T06:06:45.665Z] Error reading register 6507 for IP 10.30.4.128: A Modbus Exception Occurred - See Response Body
[2024-12-10T06:06:45.666Z] Error reading actual data: A Modbus Exception Occurred - See Response Body
[2024-12-10T06:06:45.666Z] Error writing to Modbus register: A Modbus Exception Occurred - See Response Body
[2024-12-10T06:06:46.660Z] Error reading or processing Modbus registers: A Modbus Exception Occurred - See Response Body
[2024-12-10T06:06:46.662Z] Error reading register 6507 for IP 10.30.4.128: A Modbus Exception Occurred - See Response Body
[2024-12-10T06:06:46.662Z] Error reading actual data: A Modbus Exception Occurred - See Response Body
[2024-12-10T06:06:46.663Z] Error writing to Modbus register: A Modbus Exception Occurred - See Response Body
[2024-12-10T06:06:47.675Z] Error reading or processing Modbus registers: A Modbus Exception Occurred - See Response Body
[2024-12-10T06:06:47.677Z] Error reading register 6507 for IP 10.30.4.128: A Modbus Exception Occurred - See Response Body
[2024-12-10T06:06:47.679Z] Error writing to Modbus register: A Modbus Exception Occurred - See Response Body
[2024-12-10T06:06:47.678Z] Error reading actual data: A Modbus Exception Occurred - See Response Body
[2024-12-10T06:06:48.689Z] Error reading or processing Modbus registers: A Modbus Exception Occurred - See Response Body
[2024-12-10T06:06:48.691Z] Error reading register 6507 for IP 10.30.4.128: A Modbus Exception Occurred - See Response Body
[2024-12-10T06:06:48.691Z] Error reading actual data: A Modbus Exception Occurred - See Response Body
[2024-12-10T06:06:48.692Z] Error writing to Modbus register: A Modbus Exception Occurred - See Response Body
[2024-12-10T06:06:49.701Z] Error reading or processing Modbus registers: A Modbus Exception Occurred - See Response Body
[2024-12-10T06:06:49.704Z] Error reading register 6507 for IP 10.30.4.128: A Modbus Exception Occurred - See Response Body
[2024-12-10T06:06:49.705Z] Error reading actual data: A Modbus Exception Occurred - See Response Body
[2024-12-10T06:06:49.706Z] Error writing to Modbus register: A Modbus Exception Occurred - See Response Body
[2024-12-10T06:06:50.716Z] Error reading or processing Modbus registers: A Modbus Exception Occurred - See Response Body
[2024-12-10T06:06:50.719Z] Error reading register 6507 for IP 10.30.4.128: A Modbus Exception Occurred - See Response Body
[2024-12-10T06:06:50.719Z] Error reading actual data: A Modbus Exception Occurred - See Response Body
[2024-12-10T06:06:50.720Z] Error writing to Modbus register: A Modbus Exception Occurred - See Response Body
[2024-12-10T06:06:51.728Z] Error reading or processing Modbus registers: A Modbus Exception Occurred - See Response Body
[2024-12-10T06:06:51.730Z] Error reading register 6507 for IP 10.30.4.128: A Modbus Exception Occurred - See Response Body
[2024-12-10T06:06:51.731Z] Error reading actual data: A Modbus Exception Occurred - See Response Body
[2024-12-10T06:06:51.731Z] Error writing to Modbus register: A Modbus Exception Occurred - See Response Body
[2024-12-10T06:06:52.735Z] Error reading or processing Modbus registers: A Modbus Exception Occurred - See Response Body
[2024-12-10T06:06:52.737Z] Error reading register 6507 for IP 10.30.4.128: A Modbus Exception Occurred - See Response Body
[2024-12-10T06:06:52.738Z] Error reading actual data: A Modbus Exception Occurred - See Response Body
[2024-12-10T06:06:52.738Z] Error writing to Modbus register: A Modbus Exception Occurred - See Response Body
[2024-12-10T06:06:53.734Z] Error reading or processing Modbus registers: A Modbus Exception Occurred - See Response Body
[2024-12-10T06:06:53.737Z] Error reading register 6507 for IP 10.30.4.128: A Modbus Exception Occurred - See Response Body
[2024-12-10T06:06:53.737Z] Error reading actual data: A Modbus Exception Occurred - See Response Body
[2024-12-10T06:06:53.738Z] Error writing to Modbus register: A Modbus Exception Occurred - See Response Body
[2024-12-10T06:06:54.745Z] Error reading or processing Modbus registers: A Modbus Exception Occurred - See Response Body
[2024-12-10T06:06:54.747Z] Error reading register 6507 for IP 10.30.4.128: A Modbus Exception Occurred - See Response Body
[2024-12-10T06:06:54.748Z] Error reading actual data: A Modbus Exception Occurred - See Response Body
[2024-12-10T06:06:54.748Z] Error writing to Modbus register: A Modbus Exception Occurred - See Response Body
[2024-12-10T06:06:55.755Z] Error reading or processing Modbus registers: A Modbus Exception Occurred - See Response Body
[2024-12-10T06:06:55.758Z] Error reading register 6507 for IP 10.30.4.128: A Modbus Exception Occurred - See Response Body
[2024-12-10T06:06:55.758Z] Error reading actual data: A Modbus Exception Occurred - See Response Body
[2024-12-10T06:06:55.759Z] Error writing to Modbus register: A Modbus Exception Occurred - See Response Body
[2024-12-10T06:06:56.764Z] Error reading or processing Modbus registers: A Modbus Exception Occurred - See Response Body
[2024-12-10T06:06:56.766Z] Error reading register 6507 for IP 10.30.4.128: A Modbus Exception Occurred - See Response Body
[2024-12-10T06:06:56.767Z] Error reading actual data: A Modbus Exception Occurred - See Response Body
[2024-12-10T06:06:56.767Z] Error writing to Modbus register: A Modbus Exception Occurred - See Response Body
[2024-12-10T06:06:57.770Z] Error reading or processing Modbus registers: A Modbus Exception Occurred - See Response Body
[2024-12-10T06:06:57.772Z] Error reading register 6507 for IP 10.30.4.128: A Modbus Exception Occurred - See Response Body
[2024-12-10T06:06:57.773Z] Error reading actual data: A Modbus Exception Occurred - See Response Body
[2024-12-10T06:06:57.774Z] Error writing to Modbus register: A Modbus Exception Occurred - See Response Body
[2024-12-10T06:06:58.781Z] Error reading or processing Modbus registers: A Modbus Exception Occurred - See Response Body
[2024-12-10T06:06:58.787Z] Error reading register 6507 for IP 10.30.4.128: A Modbus Exception Occurred - See Response Body
[2024-12-10T06:06:58.787Z] Error reading actual data: A Modbus Exception Occurred - See Response Body
[2024-12-10T06:06:58.788Z] Error writing to Modbus register: A Modbus Exception Occurred - See Response Body
[2024-12-10T06:06:59.786Z] Error reading or processing Modbus registers: A Modbus Exception Occurred - See Response Body
[2024-12-10T06:06:59.788Z] Error reading register 6507 for IP 10.30.4.128: A Modbus Exception Occurred - See Response Body
[2024-12-10T06:06:59.788Z] Error reading actual data: A Modbus Exception Occurred - See Response Body
[2024-12-10T06:06:59.789Z] Error writing to Modbus register: A Modbus Exception Occurred - See Response Body
[2024-12-10T06:07:00.791Z] Error reading or processing Modbus registers: A Modbus Exception Occurred - See Response Body
[2024-12-10T06:07:00.794Z] Error reading register 6507 for IP 10.30.4.128: A Modbus Exception Occurred - See Response Body
[2024-12-10T06:07:00.794Z] Error reading actual data: A Modbus Exception Occurred - See Response Body
[2024-12-10T06:07:00.795Z] Error writing to Modbus register: A Modbus Exception Occurred - See Response Body
[2024-12-10T06:07:01.805Z] Error reading or processing Modbus registers: A Modbus Exception Occurred - See Response Body
[2024-12-10T06:07:01.807Z] Error reading register 6507 for IP 10.30.4.128: A Modbus Exception Occurred - See Response Body
[2024-12-10T06:07:01.807Z] Error reading actual data: A Modbus Exception Occurred - See Response Body
[2024-12-10T06:07:01.808Z] Error writing to Modbus register: A Modbus Exception Occurred - See Response Body
[2024-12-10T06:07:02.806Z] Error reading or processing Modbus registers: A Modbus Exception Occurred - See Response Body
[2024-12-10T06:07:02.807Z] Error reading register 6507 for IP 10.30.4.128: A Modbus Exception Occurred - See Response Body
[2024-12-10T06:07:02.808Z] Error reading actual data: A Modbus Exception Occurred - See Response Body
[2024-12-10T06:07:02.809Z] Error writing to Modbus register: A Modbus Exception Occurred - See Response Body
[2024-12-10T06:07:03.816Z] Error reading or processing Modbus registers: A Modbus Exception Occurred - See Response Body
[2024-12-10T06:07:03.819Z] Error reading register 6507 for IP 10.30.4.128: A Modbus Exception Occurred - See Response Body
[2024-12-10T06:07:03.819Z] Error reading actual data: A Modbus Exception Occurred - See Response Body
[2024-12-10T06:07:03.820Z] Error writing to Modbus register: A Modbus Exception Occurred - See Response Body
[2024-12-10T06:07:04.822Z] Error reading or processing Modbus registers: A Modbus Exception Occurred - See Response Body
[2024-12-10T06:07:04.824Z] Error reading register 6507 for IP 10.30.4.128: A Modbus Exception Occurred - See Response Body
[2024-12-10T06:07:04.824Z] Error reading actual data: A Modbus Exception Occurred - See Response Body
[2024-12-10T06:07:04.825Z] Error writing to Modbus register: A Modbus Exception Occurred - See Response Body
[2024-12-10T06:07:05.823Z] Error reading or processing Modbus registers: A Modbus Exception Occurred - See Response Body
[2024-12-10T06:07:05.825Z] Error reading register 6507 for IP 10.30.4.128: A Modbus Exception Occurred - See Response Body
[2024-12-10T06:07:05.825Z] Error reading actual data: A Modbus Exception Occurred - See Response Body
[2024-12-10T06:07:05.826Z] Error writing to Modbus register: A Modbus Exception Occurred - See Response Body
[2024-12-10T06:07:06.833Z] Error reading or processing Modbus registers: A Modbus Exception Occurred - See Response Body
[2024-12-10T06:07:06.835Z] Error reading register 6507 for IP 10.30.4.128: A Modbus Exception Occurred - See Response Body
[2024-12-10T06:07:06.836Z] Error reading actual data: A Modbus Exception Occurred - See Response Body
[2024-12-10T06:07:06.836Z] Error writing to Modbus register: A Modbus Exception Occurred - See Response Body
[2024-12-10T06:07:07.841Z] Error reading or processing Modbus registers: A Modbus Exception Occurred - See Response Body
[2024-12-10T06:07:07.843Z] Error reading register 6507 for IP 10.30.4.128: A Modbus Exception Occurred - See Response Body
[2024-12-10T06:07:07.844Z] Error reading actual data: A Modbus Exception Occurred - See Response Body
[2024-12-10T06:07:07.844Z] Error writing to Modbus register: A Modbus Exception Occurred - See Response Body
[2024-12-10T06:07:08.854Z] Error reading or processing Modbus registers: A Modbus Exception Occurred - See Response Body
[2024-12-10T06:07:08.856Z] Error reading register 6507 for IP 10.30.4.128: A Modbus Exception Occurred - See Response Body
[2024-12-10T06:07:08.857Z] Error reading actual data: A Modbus Exception Occurred - See Response Body
[2024-12-10T06:07:08.857Z] Error writing to Modbus register: A Modbus Exception Occurred - See Response Body
[2024-12-10T06:07:09.863Z] Error reading or processing Modbus registers: A Modbus Exception Occurred - See Response Body
[2024-12-10T06:07:09.865Z] Error reading register 6507 for IP 10.30.4.128: A Modbus Exception Occurred - See Response Body
[2024-12-10T06:07:09.866Z] Error reading actual data: A Modbus Exception Occurred - See Response Body
[2024-12-10T06:07:09.866Z] Error writing to Modbus register: A Modbus Exception Occurred - See Response Body
[2024-12-10T06:07:10.876Z] Error reading or processing Modbus registers: A Modbus Exception Occurred - See Response Body
[2024-12-10T06:07:10.879Z] Error reading register 6507 for IP 10.30.4.128: A Modbus Exception Occurred - See Response Body
[2024-12-10T06:07:10.879Z] Error reading actual data: A Modbus Exception Occurred - See Response Body
[2024-12-10T06:07:10.880Z] Error writing to Modbus register: A Modbus Exception Occurred - See Response Body
[2024-12-10T06:07:11.885Z] Error reading or processing Modbus registers: A Modbus Exception Occurred - See Response Body
[2024-12-10T06:07:11.886Z] Error reading register 6507 for IP 10.30.4.128: A Modbus Exception Occurred - See Response Body
[2024-12-10T06:07:11.887Z] Error reading actual data: A Modbus Exception Occurred - See Response Body
[2024-12-10T06:07:11.887Z] Error writing to Modbus register: A Modbus Exception Occurred - See Response Body
[2024-12-10T06:07:12.886Z] Error reading or processing Modbus registers: A Modbus Exception Occurred - See Response Body
[2024-12-10T06:07:12.888Z] Error reading register 6507 for IP 10.30.4.128: A Modbus Exception Occurred - See Response Body
[2024-12-10T06:07:12.888Z] Error reading actual data: A Modbus Exception Occurred - See Response Body
[2024-12-10T06:07:12.889Z] Error writing to Modbus register: A Modbus Exception Occurred - See Response Body
[2024-12-10T06:07:13.893Z] Error reading or processing Modbus registers: A Modbus Exception Occurred - See Response Body
[2024-12-10T06:07:13.895Z] Error reading register 6507 for IP 10.30.4.128: A Modbus Exception Occurred - See Response Body
[2024-12-10T06:07:13.896Z] Error reading actual data: A Modbus Exception Occurred - See Response Body
[2024-12-10T06:07:13.897Z] Error writing to Modbus register: A Modbus Exception Occurred - See Response Body
[2024-12-10T06:07:14.907Z] Error reading or processing Modbus registers: A Modbus Exception Occurred - See Response Body
[2024-12-10T06:07:14.909Z] Error reading register 6507 for IP 10.30.4.128: A Modbus Exception Occurred - See Response Body
[2024-12-10T06:07:14.910Z] Error reading actual data: A Modbus Exception Occurred - See Response Body
[2024-12-10T06:07:14.911Z] Error writing to Modbus register: A Modbus Exception Occurred - See Response Body
[2024-12-10T06:07:15.910Z] Error reading or processing Modbus registers: A Modbus Exception Occurred - See Response Body
[2024-12-10T06:07:15.913Z] Error reading register 6507 for IP 10.30.4.128: A Modbus Exception Occurred - See Response Body
[2024-12-10T06:07:15.914Z] Error reading actual data: A Modbus Exception Occurred - See Response Body
[2024-12-10T06:07:15.915Z] Error writing to Modbus register: A Modbus Exception Occurred - See Response Body
[2024-12-10T06:07:16.923Z] Error reading or processing Modbus registers: A Modbus Exception Occurred - See Response Body
[2024-12-10T06:07:16.925Z] Error reading register 6507 for IP 10.30.4.128: A Modbus Exception Occurred - See Response Body
[2024-12-10T06:07:16.926Z] Error reading actual data: A Modbus Exception Occurred - See Response Body
[2024-12-10T06:07:16.927Z] Error writing to Modbus register: A Modbus Exception Occurred - See Response Body
[2024-12-10T06:07:17.936Z] Error reading or processing Modbus registers: A Modbus Exception Occurred - See Response Body
[2024-12-10T06:07:17.938Z] Error reading register 6507 for IP 10.30.4.128: A Modbus Exception Occurred - See Response Body
[2024-12-10T06:07:17.939Z] Error reading actual data: A Modbus Exception Occurred - See Response Body
[2024-12-10T06:07:17.939Z] Error writing to Modbus register: A Modbus Exception Occurred - See Response Body
[2024-12-10T06:07:18.947Z] Error reading or processing Modbus registers: A Modbus Exception Occurred - See Response Body
[2024-12-10T06:07:18.949Z] Error reading register 6507 for IP 10.30.4.128: A Modbus Exception Occurred - See Response Body
[2024-12-10T06:07:18.949Z] Error reading actual data: A Modbus Exception Occurred - See Response Body
[2024-12-10T06:07:18.950Z] Error writing to Modbus register: A Modbus Exception Occurred - See Response Body
[2024-12-10T06:07:19.957Z] Error reading or processing Modbus registers: A Modbus Exception Occurred - See Response Body
[2024-12-10T06:07:19.960Z] Error reading register 6507 for IP 10.30.4.128: A Modbus Exception Occurred - See Response Body
[2024-12-10T06:07:19.960Z] Error reading actual data: A Modbus Exception Occurred - See Response Body
[2024-12-10T06:07:19.961Z] Error writing to Modbus register: A Modbus Exception Occurred - See Response Body
[2024-12-10T06:07:20.971Z] Error reading or processing Modbus registers: A Modbus Exception Occurred - See Response Body
[2024-12-10T06:07:20.973Z] Error reading register 6507 for IP 10.30.4.128: A Modbus Exception Occurred - See Response Body
[2024-12-10T06:07:20.973Z] Error reading actual data: A Modbus Exception Occurred - See Response Body
[2024-12-10T06:07:20.974Z] Error writing to Modbus register: A Modbus Exception Occurred - See Response Body
[2024-12-10T06:07:21.985Z] Error reading or processing Modbus registers: A Modbus Exception Occurred - See Response Body
[2024-12-10T06:07:21.987Z] Error reading register 6507 for IP 10.30.4.128: A Modbus Exception Occurred - See Response Body
[2024-12-10T06:07:21.988Z] Error reading actual data: A Modbus Exception Occurred - See Response Body
[2024-12-10T06:07:21.990Z] Error writing to Modbus register: A Modbus Exception Occurred - See Response Body
[2024-12-10T06:07:22.985Z] Error reading or processing Modbus registers: A Modbus Exception Occurred - See Response Body
[2024-12-10T06:07:22.989Z] Error reading register 6507 for IP 10.30.4.128: A Modbus Exception Occurred - See Response Body
[2024-12-10T06:07:22.990Z] Error reading actual data: A Modbus Exception Occurred - See Response Body
[2024-12-10T06:07:22.991Z] Error writing to Modbus register: A Modbus Exception Occurred - See Response Body
[2024-12-10T06:07:23.995Z] Error reading or processing Modbus registers: A Modbus Exception Occurred - See Response Body
[2024-12-10T06:07:23.996Z] Error reading register 6507 for IP 10.30.4.128: A Modbus Exception Occurred - See Response Body
[2024-12-10T06:07:23.997Z] Error reading actual data: A Modbus Exception Occurred - See Response Body
[2024-12-10T06:07:23.997Z] Error writing to Modbus register: A Modbus Exception Occurred - See Response Body
[2024-12-10T06:07:25.010Z] Error reading or processing Modbus registers: A Modbus Exception Occurred - See Response Body
[2024-12-10T06:07:25.012Z] Error reading register 6507 for IP 10.30.4.128: A Modbus Exception Occurred - See Response Body
[2024-12-10T06:07:25.012Z] Error reading actual data: A Modbus Exception Occurred - See Response Body
[2024-12-10T06:07:25.013Z] Error writing to Modbus register: A Modbus Exception Occurred - See Response Body
[2024-12-10T06:07:26.011Z] Error reading or processing Modbus registers: A Modbus Exception Occurred - See Response Body
[2024-12-10T06:07:26.013Z] Error reading register 6507 for IP 10.30.4.128: A Modbus Exception Occurred - See Response Body
[2024-12-10T06:07:26.013Z] Error reading actual data: A Modbus Exception Occurred - See Response Body
[2024-12-10T06:07:26.014Z] Error writing to Modbus register: A Modbus Exception Occurred - See Response Body
[2024-12-10T06:07:27.011Z] Error reading or processing Modbus registers: A Modbus Exception Occurred - See Response Body
[2024-12-10T06:07:27.013Z] Error reading register 6507 for IP 10.30.4.128: A Modbus Exception Occurred - See Response Body
[2024-12-10T06:07:27.014Z] Error reading actual data: A Modbus Exception Occurred - See Response Body
[2024-12-10T06:07:27.015Z] Error writing to Modbus register: A Modbus Exception Occurred - See Response Body
[2024-12-10T06:07:28.024Z] Error reading or processing Modbus registers: A Modbus Exception Occurred - See Response Body
[2024-12-10T06:07:28.026Z] Error reading register 6507 for IP 10.30.4.128: A Modbus Exception Occurred - See Response Body
[2024-12-10T06:07:28.027Z] Error reading actual data: A Modbus Exception Occurred - See Response Body
[2024-12-10T06:07:28.027Z] Error writing to Modbus register: A Modbus Exception Occurred - See Response Body
[2024-12-10T06:07:29.035Z] Error reading or processing Modbus registers: A Modbus Exception Occurred - See Response Body
[2024-12-10T06:07:29.037Z] Error reading register 6507 for IP 10.30.4.128: A Modbus Exception Occurred - See Response Body
[2024-12-10T06:07:29.038Z] Error reading actual data: A Modbus Exception Occurred - See Response Body
[2024-12-10T06:07:29.038Z] Error writing to Modbus register: A Modbus Exception Occurred - See Response Body
[2024-12-10T06:07:30.047Z] Error reading or processing Modbus registers: A Modbus Exception Occurred - See Response Body
[2024-12-10T06:07:30.049Z] Error reading register 6507 for IP 10.30.4.128: A Modbus Exception Occurred - See Response Body
[2024-12-10T06:07:30.049Z] Error reading actual data: A Modbus Exception Occurred - See Response Body
[2024-12-10T06:07:30.050Z] Error writing to Modbus register: A Modbus Exception Occurred - See Response Body
[2024-12-10T06:07:31.058Z] Error reading or processing Modbus registers: A Modbus Exception Occurred - See Response Body
[2024-12-10T06:07:31.060Z] Error reading register 6507 for IP 10.30.4.128: A Modbus Exception Occurred - See Response Body
[2024-12-10T06:07:31.061Z] Error reading actual data: A Modbus Exception Occurred - See Response Body
[2024-12-10T06:07:31.061Z] Error writing to Modbus register: A Modbus Exception Occurred - See Response Body
[2024-12-10T06:07:32.071Z] Error reading or processing Modbus registers: A Modbus Exception Occurred - See Response Body
[2024-12-10T06:07:32.074Z] Error reading register 6507 for IP 10.30.4.128: A Modbus Exception Occurred - See Response Body
[2024-12-10T06:07:32.075Z] Error reading actual data: A Modbus Exception Occurred - See Response Body
[2024-12-10T06:07:32.075Z] Error writing to Modbus register: A Modbus Exception Occurred - See Response Body
[2024-12-10T06:07:33.079Z] Error reading or processing Modbus registers: A Modbus Exception Occurred - See Response Body
[2024-12-10T06:07:33.095Z] Error reading register 6507 for IP 10.30.4.128: A Modbus Exception Occurred - See Response Body
[2024-12-10T06:07:33.095Z] Error reading actual data: A Modbus Exception Occurred - See Response Body
[2024-12-10T06:07:33.096Z] Error writing to Modbus register: A Modbus Exception Occurred - See Response Body
[2024-12-10T06:07:34.089Z] Error reading or processing Modbus registers: A Modbus Exception Occurred - See Response Body
[2024-12-10T06:07:34.091Z] Error reading register 6507 for IP 10.30.4.128: A Modbus Exception Occurred - See Response Body
[2024-12-10T06:07:34.092Z] Error reading actual data: A Modbus Exception Occurred - See Response Body
[2024-12-10T06:07:34.092Z] Error writing to Modbus register: A Modbus Exception Occurred - See Response Body
[2024-12-10T06:07:35.100Z] Error reading or processing Modbus registers: A Modbus Exception Occurred - See Response Body
[2024-12-10T06:07:35.101Z] Error reading register 6507 for IP 10.30.4.128: A Modbus Exception Occurred - See Response Body
[2024-12-10T06:07:35.102Z] Error reading actual data: A Modbus Exception Occurred - See Response Body
[2024-12-10T06:07:35.102Z] Error writing to Modbus register: A Modbus Exception Occurred - See Response Body
[2024-12-10T06:07:36.113Z] Error reading or processing Modbus registers: A Modbus Exception Occurred - See Response Body
[2024-12-10T06:07:36.116Z] Error reading register 6507 for IP 10.30.4.128: A Modbus Exception Occurred - See Response Body
[2024-12-10T06:07:36.116Z] Error reading actual data: A Modbus Exception Occurred - See Response Body
[2024-12-10T06:07:36.117Z] Error writing to Modbus register: A Modbus Exception Occurred - See Response Body
[2024-12-10T06:07:37.113Z] Error reading or processing Modbus registers: A Modbus Exception Occurred - See Response Body
[2024-12-10T06:07:37.115Z] Error reading register 6507 for IP 10.30.4.128: A Modbus Exception Occurred - See Response Body
[2024-12-10T06:07:37.116Z] Error reading actual data: A Modbus Exception Occurred - See Response Body
[2024-12-10T06:07:37.116Z] Error writing to Modbus register: A Modbus Exception Occurred - See Response Body
[2024-12-10T06:07:38.127Z] Error reading or processing Modbus registers: A Modbus Exception Occurred - See Response Body
[2024-12-10T06:07:38.128Z] Error reading register 6507 for IP 10.30.4.128: A Modbus Exception Occurred - See Response Body
[2024-12-10T06:07:38.129Z] Error reading actual data: A Modbus Exception Occurred - See Response Body
[2024-12-10T06:07:38.130Z] Error writing to Modbus register: A Modbus Exception Occurred - See Response Body
[2024-12-10T06:07:39.128Z] Error reading or processing Modbus registers: A Modbus Exception Occurred - See Response Body
[2024-12-10T06:07:39.130Z] Error reading register 6507 for IP 10.30.4.128: A Modbus Exception Occurred - See Response Body
[2024-12-10T06:07:39.130Z] Error reading actual data: A Modbus Exception Occurred - See Response Body
[2024-12-10T06:07:39.130Z] Error writing to Modbus register: A Modbus Exception Occurred - See Response Body
[2024-12-10T06:07:40.142Z] Error reading or processing Modbus registers: A Modbus Exception Occurred - See Response Body
[2024-12-10T06:07:40.145Z] Error reading register 6507 for IP 10.30.4.128: A Modbus Exception Occurred - See Response Body
[2024-12-10T06:07:40.145Z] Error reading actual data: A Modbus Exception Occurred - See Response Body
[2024-12-10T06:07:40.146Z] Error writing to Modbus register: A Modbus Exception Occurred - See Response Body
[2024-12-10T06:07:41.156Z] Error reading or processing Modbus registers: A Modbus Exception Occurred - See Response Body
[2024-12-10T06:07:41.158Z] Error reading register 6507 for IP 10.30.4.128: A Modbus Exception Occurred - See Response Body
[2024-12-10T06:07:41.159Z] Error reading actual data: A Modbus Exception Occurred - See Response Body
[2024-12-10T06:07:41.160Z] Error writing to Modbus register: A Modbus Exception Occurred - See Response Body
[2024-12-10T06:07:42.155Z] Error reading or processing Modbus registers: A Modbus Exception Occurred - See Response Body
[2024-12-10T06:07:42.158Z] Error reading register 6507 for IP 10.30.4.128: A Modbus Exception Occurred - See Response Body
[2024-12-10T06:07:42.158Z] Error reading actual data: A Modbus Exception Occurred - See Response Body
[2024-12-10T06:07:42.158Z] Error writing to Modbus register: A Modbus Exception Occurred - See Response Body
[2024-12-10T06:07:43.158Z] Error reading or processing Modbus registers: A Modbus Exception Occurred - See Response Body
[2024-12-10T06:07:43.160Z] Error reading register 6507 for IP 10.30.4.128: A Modbus Exception Occurred - See Response Body
[2024-12-10T06:07:43.161Z] Error reading actual data: A Modbus Exception Occurred - See Response Body
[2024-12-10T06:07:43.162Z] Error writing to Modbus register: A Modbus Exception Occurred - See Response Body
[2024-12-10T06:07:44.167Z] Error reading or processing Modbus registers: A Modbus Exception Occurred - See Response Body
[2024-12-10T06:07:44.169Z] Error reading register 6507 for IP 10.30.4.128: A Modbus Exception Occurred - See Response Body
[2024-12-10T06:07:44.169Z] Error reading actual data: A Modbus Exception Occurred - See Response Body
[2024-12-10T06:07:44.170Z] Error writing to Modbus register: A Modbus Exception Occurred - See Response Body
[2024-12-10T06:07:45.178Z] Error reading or processing Modbus registers: A Modbus Exception Occurred - See Response Body
[2024-12-10T06:07:45.180Z] Error reading register 6507 for IP 10.30.4.128: A Modbus Exception Occurred - See Response Body
[2024-12-10T06:07:45.181Z] Error reading actual data: A Modbus Exception Occurred - See Response Body
[2024-12-10T06:07:45.181Z] Error writing to Modbus register: A Modbus Exception Occurred - See Response Body
[2024-12-10T06:07:46.191Z] Error reading or processing Modbus registers: A Modbus Exception Occurred - See Response Body
[2024-12-10T06:07:46.194Z] Error reading register 6507 for IP 10.30.4.128: A Modbus Exception Occurred - See Response Body
[2024-12-10T06:07:46.195Z] Error reading actual data: A Modbus Exception Occurred - See Response Body
[2024-12-10T06:07:46.196Z] Error writing to Modbus register: A Modbus Exception Occurred - See Response Body
[2024-12-10T06:07:47.202Z] Error reading or processing Modbus registers: A Modbus Exception Occurred - See Response Body
[2024-12-10T06:07:47.205Z] Error reading register 6507 for IP 10.30.4.128: A Modbus Exception Occurred - See Response Body
[2024-12-10T06:07:47.206Z] Error reading actual data: A Modbus Exception Occurred - See Response Body
[2024-12-10T06:07:47.206Z] Error writing to Modbus register: A Modbus Exception Occurred - See Response Body
[2024-12-10T06:07:48.204Z] Error reading or processing Modbus registers: A Modbus Exception Occurred - See Response Body
[2024-12-10T06:07:48.206Z] Error reading register 6507 for IP 10.30.4.128: A Modbus Exception Occurred - See Response Body
[2024-12-10T06:07:48.207Z] Error reading actual data: A Modbus Exception Occurred - See Response Body
[2024-12-10T06:07:48.207Z] Error writing to Modbus register: A Modbus Exception Occurred - See Response Body
[2024-12-10T06:07:49.205Z] Error reading or processing Modbus registers: A Modbus Exception Occurred - See Response Body
[2024-12-10T06:07:49.207Z] Error reading register 6507 for IP 10.30.4.128: A Modbus Exception Occurred - See Response Body
[2024-12-10T06:07:49.208Z] Error reading actual data: A Modbus Exception Occurred - See Response Body
[2024-12-10T06:07:49.209Z] Error writing to Modbus register: A Modbus Exception Occurred - See Response Body
[2024-12-10T06:07:50.217Z] Error reading or processing Modbus registers: A Modbus Exception Occurred - See Response Body
[2024-12-10T06:07:50.219Z] Error reading register 6507 for IP 10.30.4.128: A Modbus Exception Occurred - See Response Body
[2024-12-10T06:07:50.220Z] Error reading actual data: A Modbus Exception Occurred - See Response Body
[2024-12-10T06:07:50.220Z] Error writing to Modbus register: A Modbus Exception Occurred - See Response Body
[2024-12-10T06:07:51.225Z] Error reading or processing Modbus registers: A Modbus Exception Occurred - See Response Body
[2024-12-10T06:07:51.228Z] Error reading register 6507 for IP 10.30.4.128: A Modbus Exception Occurred - See Response Body
[2024-12-10T06:07:51.228Z] Error reading actual data: A Modbus Exception Occurred - See Response Body
[2024-12-10T06:07:51.229Z] Error writing to Modbus register: A Modbus Exception Occurred - See Response Body
[2024-12-10T06:07:52.234Z] Error reading or processing Modbus registers: A Modbus Exception Occurred - See Response Body
[2024-12-10T06:07:52.236Z] Error reading register 6507 for IP 10.30.4.128: A Modbus Exception Occurred - See Response Body
[2024-12-10T06:07:52.237Z] Error reading actual data: A Modbus Exception Occurred - See Response Body
[2024-12-10T06:07:52.238Z] Error writing to Modbus register: A Modbus Exception Occurred - See Response Body
[2024-12-10T06:07:53.240Z] Error reading or processing Modbus registers: A Modbus Exception Occurred - See Response Body
[2024-12-10T06:07:53.242Z] Error reading register 6507 for IP 10.30.4.128: A Modbus Exception Occurred - See Response Body
[2024-12-10T06:07:53.243Z] Error reading actual data: A Modbus Exception Occurred - See Response Body
[2024-12-10T06:07:53.243Z] Error writing to Modbus register: A Modbus Exception Occurred - See Response Body
[2024-12-10T06:07:54.254Z] Error reading or processing Modbus registers: A Modbus Exception Occurred - See Response Body
[2024-12-10T06:07:54.256Z] Error reading register 6507 for IP 10.30.4.128: A Modbus Exception Occurred - See Response Body
[2024-12-10T06:07:54.257Z] Error reading actual data: A Modbus Exception Occurred - See Response Body
[2024-12-10T06:07:54.257Z] Error writing to Modbus register: A Modbus Exception Occurred - See Response Body
[2024-12-10T06:07:55.265Z] Error reading or processing Modbus registers: A Modbus Exception Occurred - See Response Body
[2024-12-10T06:07:55.267Z] Error reading register 6507 for IP 10.30.4.128: A Modbus Exception Occurred - See Response Body
[2024-12-10T06:07:55.268Z] Error reading actual data: A Modbus Exception Occurred - See Response Body
[2024-12-10T06:07:55.268Z] Error writing to Modbus register: A Modbus Exception Occurred - See Response Body
[2024-12-10T06:07:56.278Z] Error reading or processing Modbus registers: A Modbus Exception Occurred - See Response Body
[2024-12-10T06:07:56.280Z] Error reading register 6507 for IP 10.30.4.128: A Modbus Exception Occurred - See Response Body
[2024-12-10T06:07:56.281Z] Error reading actual data: A Modbus Exception Occurred - See Response Body
[2024-12-10T06:07:56.281Z] Error writing to Modbus register: A Modbus Exception Occurred - See Response Body
[2024-12-10T06:07:57.288Z] Error reading or processing Modbus registers: A Modbus Exception Occurred - See Response Body
[2024-12-10T06:07:57.290Z] Error reading register 6507 for IP 10.30.4.128: A Modbus Exception Occurred - See Response Body
[2024-12-10T06:07:57.291Z] Error reading actual data: A Modbus Exception Occurred - See Response Body
[2024-12-10T06:07:57.291Z] Error writing to Modbus register: A Modbus Exception Occurred - See Response Body
[2024-12-10T06:07:58.297Z] Error reading or processing Modbus registers: A Modbus Exception Occurred - See Response Body
[2024-12-10T06:07:58.299Z] Error reading register 6507 for IP 10.30.4.128: A Modbus Exception Occurred - See Response Body
[2024-12-10T06:07:58.299Z] Error reading actual data: A Modbus Exception Occurred - See Response Body
[2024-12-10T06:07:58.300Z] Error writing to Modbus register: A Modbus Exception Occurred - See Response Body
[2024-12-10T06:07:59.309Z] Error reading or processing Modbus registers: A Modbus Exception Occurred - See Response Body
[2024-12-10T06:07:59.311Z] Error reading register 6507 for IP 10.30.4.128: A Modbus Exception Occurred - See Response Body
[2024-12-10T06:07:59.311Z] Error reading actual data: A Modbus Exception Occurred - See Response Body
[2024-12-10T06:07:59.312Z] Error writing to Modbus register: A Modbus Exception Occurred - See Response Body
[2024-12-10T06:08:00.322Z] Error reading or processing Modbus registers: A Modbus Exception Occurred - See Response Body
[2024-12-10T06:08:00.324Z] Error reading register 6507 for IP 10.30.4.128: A Modbus Exception Occurred - See Response Body
[2024-12-10T06:08:00.325Z] Error reading actual data: A Modbus Exception Occurred - See Response Body
[2024-12-10T06:08:00.325Z] Error writing to Modbus register: A Modbus Exception Occurred - See Response Body
[2024-12-10T06:08:01.330Z] Error reading or processing Modbus registers: A Modbus Exception Occurred - See Response Body
[2024-12-10T06:08:01.332Z] Error reading register 6507 for IP 10.30.4.128: A Modbus Exception Occurred - See Response Body
[2024-12-10T06:08:01.332Z] Error reading actual data: A Modbus Exception Occurred - See Response Body
[2024-12-10T06:08:01.333Z] Error writing to Modbus register: A Modbus Exception Occurred - See Response Body
[2024-12-10T06:08:02.343Z] Error reading or processing Modbus registers: A Modbus Exception Occurred - See Response Body
[2024-12-10T06:08:02.345Z] Error reading register 6507 for IP 10.30.4.128: A Modbus Exception Occurred - See Response Body
[2024-12-10T06:08:02.346Z] Error reading actual data: A Modbus Exception Occurred - See Response Body
[2024-12-10T06:08:02.346Z] Error writing to Modbus register: A Modbus Exception Occurred - See Response Body
[2024-12-10T06:08:03.356Z] Error reading or processing Modbus registers: A Modbus Exception Occurred - See Response Body
[2024-12-10T06:08:03.358Z] Error reading register 6507 for IP 10.30.4.128: A Modbus Exception Occurred - See Response Body
[2024-12-10T06:08:03.359Z] Error reading actual data: A Modbus Exception Occurred - See Response Body
[2024-12-10T06:08:03.361Z] Error writing to Modbus register: A Modbus Exception Occurred - See Response Body
[2024-12-10T06:08:04.356Z] Error reading or processing Modbus registers: A Modbus Exception Occurred - See Response Body
[2024-12-10T06:08:04.358Z] Error reading register 6507 for IP 10.30.4.128: A Modbus Exception Occurred - See Response Body
[2024-12-10T06:08:04.359Z] Error reading actual data: A Modbus Exception Occurred - See Response Body
[2024-12-10T06:08:04.359Z] Error writing to Modbus register: A Modbus Exception Occurred - See Response Body
[2024-12-10T06:08:05.367Z] Error reading or processing Modbus registers: A Modbus Exception Occurred - See Response Body
[2024-12-10T06:08:05.369Z] Error reading register 6507 for IP 10.30.4.128: A Modbus Exception Occurred - See Response Body
[2024-12-10T06:08:05.369Z] Error reading actual data: A Modbus Exception Occurred - See Response Body
[2024-12-10T06:08:05.369Z] Error writing to Modbus register: A Modbus Exception Occurred - See Response Body
[2024-12-10T06:08:06.380Z] Error reading or processing Modbus registers: A Modbus Exception Occurred - See Response Body
[2024-12-10T06:08:06.382Z] Error reading register 6507 for IP 10.30.4.128: A Modbus Exception Occurred - See Response Body
[2024-12-10T06:08:06.383Z] Error reading actual data: A Modbus Exception Occurred - See Response Body
[2024-12-10T06:08:06.383Z] Error writing to Modbus register: A Modbus Exception Occurred - See Response Body
[2024-12-10T06:08:07.391Z] Error reading or processing Modbus registers: A Modbus Exception Occurred - See Response Body
[2024-12-10T06:08:07.393Z] Error reading register 6507 for IP 10.30.4.128: A Modbus Exception Occurred - See Response Body
[2024-12-10T06:08:07.394Z] Error reading actual data: A Modbus Exception Occurred - See Response Body
[2024-12-10T06:08:07.394Z] Error writing to Modbus register: A Modbus Exception Occurred - See Response Body
[2024-12-10T06:08:08.404Z] Error reading or processing Modbus registers: A Modbus Exception Occurred - See Response Body
[2024-12-10T06:08:08.407Z] Error reading register 6507 for IP 10.30.4.128: A Modbus Exception Occurred - See Response Body
[2024-12-10T06:08:08.408Z] Error reading actual data: A Modbus Exception Occurred - See Response Body
[2024-12-10T06:08:08.408Z] Error writing to Modbus register: A Modbus Exception Occurred - See Response Body
[2024-12-10T06:08:09.416Z] Error reading or processing Modbus registers: A Modbus Exception Occurred - See Response Body
[2024-12-10T06:08:09.418Z] Error reading register 6507 for IP 10.30.4.128: A Modbus Exception Occurred - See Response Body
[2024-12-10T06:08:09.419Z] Error reading actual data: A Modbus Exception Occurred - See Response Body
[2024-12-10T06:08:09.420Z] Error writing to Modbus register: A Modbus Exception Occurred - See Response Body
[2024-12-10T06:08:10.422Z] Error reading or processing Modbus registers: A Modbus Exception Occurred - See Response Body
[2024-12-10T06:08:10.424Z] Error reading register 6507 for IP 10.30.4.128: A Modbus Exception Occurred - See Response Body
[2024-12-10T06:08:10.425Z] Error reading actual data: A Modbus Exception Occurred - See Response Body
[2024-12-10T06:08:10.425Z] Error writing to Modbus register: A Modbus Exception Occurred - See Response Body
[2024-12-10T06:08:11.429Z] Error reading or processing Modbus registers: A Modbus Exception Occurred - See Response Body
[2024-12-10T06:08:11.431Z] Error reading register 6507 for IP 10.30.4.128: A Modbus Exception Occurred - See Response Body
[2024-12-10T06:08:11.432Z] Error reading actual data: A Modbus Exception Occurred - See Response Body
[2024-12-10T06:08:11.432Z] Error writing to Modbus register: A Modbus Exception Occurred - See Response Body
[2024-12-10T06:08:12.437Z] Error reading or processing Modbus registers: A Modbus Exception Occurred - See Response Body
[2024-12-10T06:08:12.440Z] Error reading register 6507 for IP 10.30.4.128: A Modbus Exception Occurred - See Response Body
[2024-12-10T06:08:12.440Z] Error reading actual data: A Modbus Exception Occurred - See Response Body
[2024-12-10T06:08:12.441Z] Error writing to Modbus register: A Modbus Exception Occurred - See Response Body
[2024-12-10T06:08:13.448Z] Error reading or processing Modbus registers: A Modbus Exception Occurred - See Response Body
[2024-12-10T06:08:13.450Z] Error reading register 6507 for IP 10.30.4.128: A Modbus Exception Occurred - See Response Body
[2024-12-10T06:08:13.451Z] Error reading actual data: A Modbus Exception Occurred - See Response Body
[2024-12-10T06:08:13.452Z] Error writing to Modbus register: A Modbus Exception Occurred - See Response Body
[2024-12-10T06:08:14.454Z] Error reading or processing Modbus registers: A Modbus Exception Occurred - See Response Body
[2024-12-10T06:08:14.457Z] Error reading register 6507 for IP 10.30.4.128: A Modbus Exception Occurred - See Response Body
[2024-12-10T06:08:14.458Z] Error reading actual data: A Modbus Exception Occurred - See Response Body
[2024-12-10T06:08:14.458Z] Error writing to Modbus register: A Modbus Exception Occurred - See Response Body
[2024-12-10T06:08:15.464Z] Error reading or processing Modbus registers: A Modbus Exception Occurred - See Response Body
[2024-12-10T06:08:15.466Z] Error reading register 6507 for IP 10.30.4.128: A Modbus Exception Occurred - See Response Body
[2024-12-10T06:08:15.467Z] Error reading actual data: A Modbus Exception Occurred - See Response Body
[2024-12-10T06:08:15.468Z] Error writing to Modbus register: A Modbus Exception Occurred - See Response Body
[2024-12-10T06:08:16.478Z] Error reading or processing Modbus registers: A Modbus Exception Occurred - See Response Body
[2024-12-10T06:08:16.480Z] Error reading register 6507 for IP 10.30.4.128: A Modbus Exception Occurred - See Response Body
[2024-12-10T06:08:16.480Z] Error reading actual data: A Modbus Exception Occurred - See Response Body
[2024-12-10T06:08:16.481Z] Error writing to Modbus register: A Modbus Exception Occurred - See Response Body
[2024-12-10T06:08:17.486Z] Error reading or processing Modbus registers: A Modbus Exception Occurred - See Response Body
[2024-12-10T06:08:17.488Z] Error reading register 6507 for IP 10.30.4.128: A Modbus Exception Occurred - See Response Body
[2024-12-10T06:08:17.489Z] Error reading actual data: A Modbus Exception Occurred - See Response Body
[2024-12-10T06:08:17.490Z] Error writing to Modbus register: A Modbus Exception Occurred - See Response Body
[2024-12-10T06:08:18.498Z] Error reading or processing Modbus registers: A Modbus Exception Occurred - See Response Body
[2024-12-10T06:08:18.500Z] Error reading register 6507 for IP 10.30.4.128: A Modbus Exception Occurred - See Response Body
[2024-12-10T06:08:18.501Z] Error reading actual data: A Modbus Exception Occurred - See Response Body
[2024-12-10T06:08:18.501Z] Error writing to Modbus register: A Modbus Exception Occurred - See Response Body
[2024-12-10T06:08:19.499Z] Error reading or processing Modbus registers: A Modbus Exception Occurred - See Response Body
[2024-12-10T06:08:19.501Z] Error reading register 6507 for IP 10.30.4.128: A Modbus Exception Occurred - See Response Body
[2024-12-10T06:08:19.501Z] Error reading actual data: A Modbus Exception Occurred - See Response Body
[2024-12-10T06:08:19.502Z] Error writing to Modbus register: A Modbus Exception Occurred - See Response Body
[2024-12-10T06:08:20.514Z] Error reading or processing Modbus registers: A Modbus Exception Occurred - See Response Body
[2024-12-10T06:08:20.516Z] Error reading register 6507 for IP 10.30.4.128: A Modbus Exception Occurred - See Response Body
[2024-12-10T06:08:20.516Z] Error reading actual data: A Modbus Exception Occurred - See Response Body
[2024-12-10T06:08:20.517Z] Error writing to Modbus register: A Modbus Exception Occurred - See Response Body
[2024-12-10T06:08:21.527Z] Error reading or processing Modbus registers: A Modbus Exception Occurred - See Response Body
[2024-12-10T06:08:21.529Z] Error reading register 6507 for IP 10.30.4.128: A Modbus Exception Occurred - See Response Body
[2024-12-10T06:08:21.530Z] Error reading actual data: A Modbus Exception Occurred - See Response Body
[2024-12-10T06:08:21.530Z] Error writing to Modbus register: A Modbus Exception Occurred - See Response Body
[2024-12-10T06:08:22.530Z] Error reading or processing Modbus registers: A Modbus Exception Occurred - See Response Body
[2024-12-10T06:08:22.532Z] Error reading register 6507 for IP 10.30.4.128: A Modbus Exception Occurred - See Response Body
[2024-12-10T06:08:22.532Z] Error reading actual data: A Modbus Exception Occurred - See Response Body
[2024-12-10T06:08:22.532Z] Error writing to Modbus register: A Modbus Exception Occurred - See Response Body
[2024-12-10T06:08:23.535Z] Error reading or processing Modbus registers: A Modbus Exception Occurred - See Response Body
[2024-12-10T06:08:23.537Z] Error reading register 6507 for IP 10.30.4.128: A Modbus Exception Occurred - See Response Body
[2024-12-10T06:08:23.538Z] Error reading actual data: A Modbus Exception Occurred - See Response Body
[2024-12-10T06:08:23.539Z] Error writing to Modbus register: A Modbus Exception Occurred - See Response Body
[2024-12-10T06:08:24.549Z] Error reading or processing Modbus registers: A Modbus Exception Occurred - See Response Body
[2024-12-10T06:08:24.551Z] Error reading register 6507 for IP 10.30.4.128: A Modbus Exception Occurred - See Response Body
[2024-12-10T06:08:24.552Z] Error reading actual data: A Modbus Exception Occurred - See Response Body
[2024-12-10T06:08:24.553Z] Error writing to Modbus register: A Modbus Exception Occurred - See Response Body
[2024-12-10T06:08:25.559Z] Error reading or processing Modbus registers: A Modbus Exception Occurred - See Response Body
[2024-12-10T06:08:25.561Z] Error reading register 6507 for IP 10.30.4.128: A Modbus Exception Occurred - See Response Body
[2024-12-10T06:08:25.562Z] Error reading actual data: A Modbus Exception Occurred - See Response Body
[2024-12-10T06:08:25.562Z] Error writing to Modbus register: A Modbus Exception Occurred - See Response Body
[2024-12-10T06:08:26.570Z] Error reading or processing Modbus registers: A Modbus Exception Occurred - See Response Body
[2024-12-10T06:08:26.573Z] Error reading register 6507 for IP 10.30.4.128: A Modbus Exception Occurred - See Response Body
[2024-12-10T06:08:26.573Z] Error reading actual data: A Modbus Exception Occurred - See Response Body
[2024-12-10T06:08:26.574Z] Error writing to Modbus register: A Modbus Exception Occurred - See Response Body
[2024-12-10T06:08:27.584Z] Error reading or processing Modbus registers: A Modbus Exception Occurred - See Response Body
[2024-12-10T06:08:27.586Z] Error reading register 6507 for IP 10.30.4.128: A Modbus Exception Occurred - See Response Body
[2024-12-10T06:08:27.587Z] Error reading actual data: A Modbus Exception Occurred - See Response Body
[2024-12-10T06:08:27.587Z] Error writing to Modbus register: A Modbus Exception Occurred - See Response Body
[2024-12-10T06:08:28.596Z] Error reading or processing Modbus registers: A Modbus Exception Occurred - See Response Body
[2024-12-10T06:08:28.598Z] Error reading register 6507 for IP 10.30.4.128: A Modbus Exception Occurred - See Response Body
[2024-12-10T06:08:28.598Z] Error reading actual data: A Modbus Exception Occurred - See Response Body
[2024-12-10T06:08:28.599Z] Error writing to Modbus register: A Modbus Exception Occurred - See Response Body
[2024-12-10T06:08:29.611Z] Error reading or processing Modbus registers: A Modbus Exception Occurred - See Response Body
[2024-12-10T06:08:29.613Z] Error reading register 6507 for IP 10.30.4.128: A Modbus Exception Occurred - See Response Body
[2024-12-10T06:08:29.614Z] Error reading actual data: A Modbus Exception Occurred - See Response Body
[2024-12-10T06:08:29.614Z] Error writing to Modbus register: A Modbus Exception Occurred - See Response Body
[2024-12-10T06:08:30.613Z] Error reading or processing Modbus registers: A Modbus Exception Occurred - See Response Body
[2024-12-10T06:08:30.615Z] Error reading register 6507 for IP 10.30.4.128: A Modbus Exception Occurred - See Response Body
[2024-12-10T06:08:30.616Z] Error reading actual data: A Modbus Exception Occurred - See Response Body
[2024-12-10T06:08:30.617Z] Error writing to Modbus register: A Modbus Exception Occurred - See Response Body
[2024-12-10T06:08:31.621Z] Error reading or processing Modbus registers: A Modbus Exception Occurred - See Response Body
[2024-12-10T06:08:31.623Z] Error reading register 6507 for IP 10.30.4.128: A Modbus Exception Occurred - See Response Body
[2024-12-10T06:08:31.624Z] Error reading actual data: A Modbus Exception Occurred - See Response Body
[2024-12-10T06:08:31.625Z] Error writing to Modbus register: A Modbus Exception Occurred - See Response Body
[2024-12-10T06:08:32.630Z] Error reading or processing Modbus registers: A Modbus Exception Occurred - See Response Body
[2024-12-10T06:08:32.633Z] Error reading register 6507 for IP 10.30.4.128: A Modbus Exception Occurred - See Response Body
[2024-12-10T06:08:32.633Z] Error reading actual data: A Modbus Exception Occurred - See Response Body
[2024-12-10T06:08:32.634Z] Error writing to Modbus register: A Modbus Exception Occurred - See Response Body
[2024-12-10T06:08:33.634Z] Error reading or processing Modbus registers: A Modbus Exception Occurred - See Response Body
[2024-12-10T06:08:33.637Z] Error reading register 6507 for IP 10.30.4.128: A Modbus Exception Occurred - See Response Body
[2024-12-10T06:08:33.637Z] Error reading actual data: A Modbus Exception Occurred - See Response Body
[2024-12-10T06:08:33.638Z] Error writing to Modbus register: A Modbus Exception Occurred - See Response Body
[2024-12-10T06:08:34.642Z] Error reading or processing Modbus registers: A Modbus Exception Occurred - See Response Body
[2024-12-10T06:08:34.645Z] Error reading register 6507 for IP 10.30.4.128: A Modbus Exception Occurred - See Response Body
[2024-12-10T06:08:34.645Z] Error reading actual data: A Modbus Exception Occurred - See Response Body
[2024-12-10T06:08:34.646Z] Error writing to Modbus register: A Modbus Exception Occurred - See Response Body
[2024-12-10T06:08:35.652Z] Error reading or processing Modbus registers: A Modbus Exception Occurred - See Response Body
[2024-12-10T06:08:35.654Z] Error reading register 6507 for IP 10.30.4.128: A Modbus Exception Occurred - See Response Body
[2024-12-10T06:08:35.655Z] Error reading actual data: A Modbus Exception Occurred - See Response Body
[2024-12-10T06:08:35.656Z] Error writing to Modbus register: A Modbus Exception Occurred - See Response Body
[2024-12-10T06:08:36.664Z] Error reading or processing Modbus registers: A Modbus Exception Occurred - See Response Body
[2024-12-10T06:08:36.667Z] Error reading register 6507 for IP 10.30.4.128: A Modbus Exception Occurred - See Response Body
[2024-12-10T06:08:36.667Z] Error reading actual data: A Modbus Exception Occurred - See Response Body
[2024-12-10T06:08:36.668Z] Error writing to Modbus register: A Modbus Exception Occurred - See Response Body
[2024-12-10T06:08:37.672Z] Error reading or processing Modbus registers: A Modbus Exception Occurred - See Response Body
[2024-12-10T06:08:37.675Z] Error reading register 6507 for IP 10.30.4.128: A Modbus Exception Occurred - See Response Body
[2024-12-10T06:08:37.675Z] Error reading actual data: A Modbus Exception Occurred - See Response Body
[2024-12-10T06:08:37.676Z] Error writing to Modbus register: A Modbus Exception Occurred - See Response Body
[2024-12-10T06:08:38.686Z] Error reading or processing Modbus registers: A Modbus Exception Occurred - See Response Body
[2024-12-10T06:08:38.688Z] Error reading register 6507 for IP 10.30.4.128: A Modbus Exception Occurred - See Response Body
[2024-12-10T06:08:38.689Z] Error reading actual data: A Modbus Exception Occurred - See Response Body
[2024-12-10T06:08:38.689Z] Error writing to Modbus register: A Modbus Exception Occurred - See Response Body
[2024-12-10T06:08:39.700Z] Error reading or processing Modbus registers: A Modbus Exception Occurred - See Response Body
[2024-12-10T06:08:39.701Z] Error reading register 6507 for IP 10.30.4.128: A Modbus Exception Occurred - See Response Body
[2024-12-10T06:08:39.702Z] Error reading actual data: A Modbus Exception Occurred - See Response Body
[2024-12-10T06:08:39.702Z] Error writing to Modbus register: A Modbus Exception Occurred - See Response Body
[2024-12-10T06:08:40.709Z] Error reading or processing Modbus registers: A Modbus Exception Occurred - See Response Body
[2024-12-10T06:08:40.711Z] Error reading register 6507 for IP 10.30.4.128: A Modbus Exception Occurred - See Response Body
[2024-12-10T06:08:40.711Z] Error reading actual data: A Modbus Exception Occurred - See Response Body
[2024-12-10T06:08:40.712Z] Error writing to Modbus register: A Modbus Exception Occurred - See Response Body
[2024-12-10T06:08:41.715Z] Error reading or processing Modbus registers: A Modbus Exception Occurred - See Response Body
[2024-12-10T06:08:41.717Z] Error reading register 6507 for IP 10.30.4.128: A Modbus Exception Occurred - See Response Body
[2024-12-10T06:08:41.718Z] Error reading actual data: A Modbus Exception Occurred - See Response Body
[2024-12-10T06:08:41.718Z] Error writing to Modbus register: A Modbus Exception Occurred - See Response Body
[2024-12-10T06:08:42.728Z] Error reading or processing Modbus registers: A Modbus Exception Occurred - See Response Body
[2024-12-10T06:08:42.730Z] Error reading register 6507 for IP 10.30.4.128: A Modbus Exception Occurred - See Response Body
[2024-12-10T06:08:42.731Z] Error reading actual data: A Modbus Exception Occurred - See Response Body
[2024-12-10T06:08:42.731Z] Error writing to Modbus register: A Modbus Exception Occurred - See Response Body
[2024-12-10T06:08:43.741Z] Error reading or processing Modbus registers: A Modbus Exception Occurred - See Response Body
[2024-12-10T06:08:43.743Z] Error reading register 6507 for IP 10.30.4.128: A Modbus Exception Occurred - See Response Body
[2024-12-10T06:08:43.744Z] Error reading actual data: A Modbus Exception Occurred - See Response Body
[2024-12-10T06:08:43.744Z] Error writing to Modbus register: A Modbus Exception Occurred - See Response Body
[2024-12-10T06:08:44.755Z] Error reading or processing Modbus registers: A Modbus Exception Occurred - See Response Body
[2024-12-10T06:08:44.757Z] Error reading register 6507 for IP 10.30.4.128: A Modbus Exception Occurred - See Response Body
[2024-12-10T06:08:44.758Z] Error reading actual data: A Modbus Exception Occurred - See Response Body
[2024-12-10T06:08:44.758Z] Error writing to Modbus register: A Modbus Exception Occurred - See Response Body
[2024-12-10T06:08:45.766Z] Error reading or processing Modbus registers: A Modbus Exception Occurred - See Response Body
[2024-12-10T06:08:45.768Z] Error reading register 6507 for IP 10.30.4.128: A Modbus Exception Occurred - See Response Body
[2024-12-10T06:08:45.769Z] Error reading actual data: A Modbus Exception Occurred - See Response Body
[2024-12-10T06:08:45.769Z] Error writing to Modbus register: A Modbus Exception Occurred - See Response Body
[2024-12-10T06:08:46.770Z] Error reading or processing Modbus registers: A Modbus Exception Occurred - See Response Body
[2024-12-10T06:08:46.773Z] Error reading register 6507 for IP 10.30.4.128: A Modbus Exception Occurred - See Response Body
[2024-12-10T06:08:46.773Z] Error reading actual data: A Modbus Exception Occurred - See Response Body
[2024-12-10T06:08:46.774Z] Error writing to Modbus register: A Modbus Exception Occurred - See Response Body
[2024-12-10T06:08:47.784Z] Error reading or processing Modbus registers: A Modbus Exception Occurred - See Response Body
[2024-12-10T06:08:47.786Z] Error reading register 6507 for IP 10.30.4.128: A Modbus Exception Occurred - See Response Body
[2024-12-10T06:08:47.787Z] Error reading actual data: A Modbus Exception Occurred - See Response Body
[2024-12-10T06:08:47.787Z] Error writing to Modbus register: A Modbus Exception Occurred - See Response Body
[2024-12-10T06:08:48.796Z] Error reading or processing Modbus registers: A Modbus Exception Occurred - See Response Body
[2024-12-10T06:08:48.797Z] Error reading register 6507 for IP 10.30.4.128: A Modbus Exception Occurred - See Response Body
[2024-12-10T06:08:48.798Z] Error reading actual data: A Modbus Exception Occurred - See Response Body
[2024-12-10T06:08:48.798Z] Error writing to Modbus register: A Modbus Exception Occurred - See Response Body
[2024-12-10T06:08:49.810Z] Error reading or processing Modbus registers: A Modbus Exception Occurred - See Response Body
[2024-12-10T06:08:49.812Z] Error reading register 6507 for IP 10.30.4.128: A Modbus Exception Occurred - See Response Body
[2024-12-10T06:08:49.813Z] Error reading actual data: A Modbus Exception Occurred - See Response Body
[2024-12-10T06:08:49.813Z] Error writing to Modbus register: A Modbus Exception Occurred - See Response Body
[2024-12-10T06:08:50.821Z] Error reading or processing Modbus registers: A Modbus Exception Occurred - See Response Body
[2024-12-10T06:08:50.824Z] Error reading register 6507 for IP 10.30.4.128: A Modbus Exception Occurred - See Response Body
[2024-12-10T06:08:50.824Z] Error reading actual data: A Modbus Exception Occurred - See Response Body
[2024-12-10T06:08:50.825Z] Error writing to Modbus register: A Modbus Exception Occurred - See Response Body
[2024-12-10T06:08:51.826Z] Error reading or processing Modbus registers: A Modbus Exception Occurred - See Response Body
[2024-12-10T06:08:51.829Z] Error reading register 6507 for IP 10.30.4.128: A Modbus Exception Occurred - See Response Body
[2024-12-10T06:08:51.829Z] Error reading actual data: A Modbus Exception Occurred - See Response Body
[2024-12-10T06:08:51.830Z] Error writing to Modbus register: A Modbus Exception Occurred - See Response Body
[2024-12-10T06:08:52.835Z] Error reading or processing Modbus registers: A Modbus Exception Occurred - See Response Body
[2024-12-10T06:08:52.837Z] Error reading register 6507 for IP 10.30.4.128: A Modbus Exception Occurred - See Response Body
[2024-12-10T06:08:52.838Z] Error reading actual data: A Modbus Exception Occurred - See Response Body
[2024-12-10T06:08:52.838Z] Error writing to Modbus register: A Modbus Exception Occurred - See Response Body
[2024-12-10T06:08:53.842Z] Error reading or processing Modbus registers: A Modbus Exception Occurred - See Response Body
[2024-12-10T06:08:53.845Z] Error reading register 6507 for IP 10.30.4.128: A Modbus Exception Occurred - See Response Body
[2024-12-10T06:08:53.846Z] Error reading actual data: A Modbus Exception Occurred - See Response Body
[2024-12-10T06:08:53.846Z] Error writing to Modbus register: A Modbus Exception Occurred - See Response Body
[2024-12-10T06:08:54.847Z] Error reading or processing Modbus registers: A Modbus Exception Occurred - See Response Body
[2024-12-10T06:08:54.849Z] Error reading register 6507 for IP 10.30.4.128: A Modbus Exception Occurred - See Response Body
[2024-12-10T06:08:54.850Z] Error reading actual data: A Modbus Exception Occurred - See Response Body
[2024-12-10T06:08:54.850Z] Error writing to Modbus register: A Modbus Exception Occurred - See Response Body
[2024-12-10T06:08:55.859Z] Error reading or processing Modbus registers: A Modbus Exception Occurred - See Response Body
[2024-12-10T06:08:55.861Z] Error reading register 6507 for IP 10.30.4.128: A Modbus Exception Occurred - See Response Body
[2024-12-10T06:08:55.862Z] Error reading actual data: A Modbus Exception Occurred - See Response Body
[2024-12-10T06:08:55.863Z] Error writing to Modbus register: A Modbus Exception Occurred - See Response Body
[2024-12-10T06:08:56.865Z] Error reading or processing Modbus registers: A Modbus Exception Occurred - See Response Body
[2024-12-10T06:08:56.868Z] Error reading register 6507 for IP 10.30.4.128: A Modbus Exception Occurred - See Response Body
[2024-12-10T06:08:56.869Z] Error reading actual data: A Modbus Exception Occurred - See Response Body
[2024-12-10T06:08:56.869Z] Error writing to Modbus register: A Modbus Exception Occurred - See Response Body
[2024-12-10T06:08:57.870Z] Error reading or processing Modbus registers: A Modbus Exception Occurred - See Response Body
[2024-12-10T06:08:57.872Z] Error reading register 6507 for IP 10.30.4.128: A Modbus Exception Occurred - See Response Body
[2024-12-10T06:08:57.873Z] Error reading actual data: A Modbus Exception Occurred - See Response Body
[2024-12-10T06:08:57.874Z] Error writing to Modbus register: A Modbus Exception Occurred - See Response Body
[2024-12-10T06:08:58.883Z] Error reading or processing Modbus registers: A Modbus Exception Occurred - See Response Body
[2024-12-10T06:08:58.885Z] Error reading register 6507 for IP 10.30.4.128: A Modbus Exception Occurred - See Response Body
[2024-12-10T06:08:58.886Z] Error reading actual data: A Modbus Exception Occurred - See Response Body
[2024-12-10T06:08:58.887Z] Error writing to Modbus register: A Modbus Exception Occurred - See Response Body
[2024-12-10T06:08:59.896Z] Error reading or processing Modbus registers: A Modbus Exception Occurred - See Response Body
[2024-12-10T06:08:59.898Z] Error reading register 6507 for IP 10.30.4.128: A Modbus Exception Occurred - See Response Body
[2024-12-10T06:08:59.899Z] Error reading actual data: A Modbus Exception Occurred - See Response Body
[2024-12-10T06:08:59.900Z] Error writing to Modbus register: A Modbus Exception Occurred - See Response Body
[2024-12-10T06:09:00.903Z] Error reading or processing Modbus registers: A Modbus Exception Occurred - See Response Body
[2024-12-10T06:09:00.905Z] Error reading register 6507 for IP 10.30.4.128: A Modbus Exception Occurred - See Response Body
[2024-12-10T06:09:00.906Z] Error reading actual data: A Modbus Exception Occurred - See Response Body
[2024-12-10T06:09:00.906Z] Error writing to Modbus register: A Modbus Exception Occurred - See Response Body
[2024-12-10T06:09:01.909Z] Error reading or processing Modbus registers: A Modbus Exception Occurred - See Response Body
[2024-12-10T06:09:01.911Z] Error reading register 6507 for IP 10.30.4.128: A Modbus Exception Occurred - See Response Body
[2024-12-10T06:09:01.912Z] Error writing to Modbus register: A Modbus Exception Occurred - See Response Body
[2024-12-10T06:09:01.912Z] Error reading actual data: A Modbus Exception Occurred - See Response Body
[2024-12-10T06:09:02.917Z] Error reading or processing Modbus registers: A Modbus Exception Occurred - See Response Body
[2024-12-10T06:09:02.919Z] Error reading register 6507 for IP 10.30.4.128: A Modbus Exception Occurred - See Response Body
[2024-12-10T06:09:02.919Z] Error reading actual data: A Modbus Exception Occurred - See Response Body
[2024-12-10T06:09:02.920Z] Error writing to Modbus register: A Modbus Exception Occurred - See Response Body
[2024-12-10T06:09:03.922Z] Error reading or processing Modbus registers: A Modbus Exception Occurred - See Response Body
[2024-12-10T06:09:03.924Z] Error reading register 6507 for IP 10.30.4.128: A Modbus Exception Occurred - See Response Body
[2024-12-10T06:09:03.925Z] Error reading actual data: A Modbus Exception Occurred - See Response Body
[2024-12-10T06:09:03.925Z] Error writing to Modbus register: A Modbus Exception Occurred - See Response Body
[2024-12-10T06:09:04.937Z] Error reading or processing Modbus registers: A Modbus Exception Occurred - See Response Body
[2024-12-10T06:09:04.939Z] Error reading register 6507 for IP 10.30.4.128: A Modbus Exception Occurred - See Response Body
[2024-12-10T06:09:04.940Z] Error reading actual data: A Modbus Exception Occurred - See Response Body
[2024-12-10T06:09:04.940Z] Error writing to Modbus register: A Modbus Exception Occurred - See Response Body
[2024-12-10T06:09:05.944Z] Error reading or processing Modbus registers: A Modbus Exception Occurred - See Response Body
[2024-12-10T06:09:05.946Z] Error reading register 6507 for IP 10.30.4.128: A Modbus Exception Occurred - See Response Body
[2024-12-10T06:09:05.946Z] Error reading actual data: A Modbus Exception Occurred - See Response Body
[2024-12-10T06:09:05.947Z] Error writing to Modbus register: A Modbus Exception Occurred - See Response Body
[2024-12-10T06:09:06.945Z] Error reading or processing Modbus registers: A Modbus Exception Occurred - See Response Body
[2024-12-10T06:09:06.948Z] Error reading register 6507 for IP 10.30.4.128: A Modbus Exception Occurred - See Response Body
[2024-12-10T06:09:06.948Z] Error reading actual data: A Modbus Exception Occurred - See Response Body
[2024-12-10T06:09:06.949Z] Error writing to Modbus register: A Modbus Exception Occurred - See Response Body
[2024-12-10T06:09:07.951Z] Error reading or processing Modbus registers: A Modbus Exception Occurred - See Response Body
[2024-12-10T06:09:07.953Z] Error reading register 6507 for IP 10.30.4.128: A Modbus Exception Occurred - See Response Body
[2024-12-10T06:09:07.954Z] Error reading actual data: A Modbus Exception Occurred - See Response Body
[2024-12-10T06:09:07.954Z] Error writing to Modbus register: A Modbus Exception Occurred - See Response Body
[2024-12-10T06:09:08.955Z] Error reading or processing Modbus registers: A Modbus Exception Occurred - See Response Body
[2024-12-10T06:09:08.958Z] Error reading register 6507 for IP 10.30.4.128: A Modbus Exception Occurred - See Response Body
[2024-12-10T06:09:08.958Z] Error reading actual data: A Modbus Exception Occurred - See Response Body
[2024-12-10T06:09:08.959Z] Error writing to Modbus register: A Modbus Exception Occurred - See Response Body
[2024-12-10T06:09:09.958Z] Error reading or processing Modbus registers: A Modbus Exception Occurred - See Response Body
[2024-12-10T06:09:09.959Z] Error reading register 6507 for IP 10.30.4.128: A Modbus Exception Occurred - See Response Body
[2024-12-10T06:09:09.960Z] Error reading actual data: A Modbus Exception Occurred - See Response Body
[2024-12-10T06:09:09.960Z] Error writing to Modbus register: A Modbus Exception Occurred - See Response Body
[2024-12-10T06:09:10.967Z] Error reading or processing Modbus registers: A Modbus Exception Occurred - See Response Body
[2024-12-10T06:09:10.970Z] Error reading register 6507 for IP 10.30.4.128: A Modbus Exception Occurred - See Response Body
[2024-12-10T06:09:10.971Z] Error reading actual data: A Modbus Exception Occurred - See Response Body
[2024-12-10T06:09:10.971Z] Error writing to Modbus register: A Modbus Exception Occurred - See Response Body
[2024-12-10T06:09:11.968Z] Error reading or processing Modbus registers: A Modbus Exception Occurred - See Response Body
[2024-12-10T06:09:11.971Z] Error reading register 6507 for IP 10.30.4.128: A Modbus Exception Occurred - See Response Body
[2024-12-10T06:09:11.972Z] Error reading actual data: A Modbus Exception Occurred - See Response Body
[2024-12-10T06:09:11.972Z] Error writing to Modbus register: A Modbus Exception Occurred - See Response Body
[2024-12-10T06:09:12.968Z] Error reading or processing Modbus registers: A Modbus Exception Occurred - See Response Body
[2024-12-10T06:09:12.972Z] Error reading register 6507 for IP 10.30.4.128: A Modbus Exception Occurred - See Response Body
[2024-12-10T06:09:12.973Z] Error reading actual data: A Modbus Exception Occurred - See Response Body
[2024-12-10T06:09:12.973Z] Error writing to Modbus register: A Modbus Exception Occurred - See Response Body
[2024-12-10T06:09:13.970Z] Error reading or processing Modbus registers: A Modbus Exception Occurred - See Response Body
[2024-12-10T06:09:13.972Z] Error reading register 6507 for IP 10.30.4.128: A Modbus Exception Occurred - See Response Body
[2024-12-10T06:09:13.973Z] Error reading actual data: A Modbus Exception Occurred - See Response Body
[2024-12-10T06:09:13.973Z] Error writing to Modbus register: A Modbus Exception Occurred - See Response Body
[2024-12-10T06:09:14.981Z] Error reading or processing Modbus registers: A Modbus Exception Occurred - See Response Body
[2024-12-10T06:09:14.983Z] Error reading register 6507 for IP 10.30.4.128: A Modbus Exception Occurred - See Response Body
[2024-12-10T06:09:14.984Z] Error reading actual data: A Modbus Exception Occurred - See Response Body
[2024-12-10T06:09:14.984Z] Error writing to Modbus register: A Modbus Exception Occurred - See Response Body
[2024-12-10T06:09:15.990Z] Error reading or processing Modbus registers: A Modbus Exception Occurred - See Response Body
[2024-12-10T06:09:15.992Z] Error reading register 6507 for IP 10.30.4.128: A Modbus Exception Occurred - See Response Body
[2024-12-10T06:09:15.993Z] Error reading actual data: A Modbus Exception Occurred - See Response Body
[2024-12-10T06:09:15.994Z] Error writing to Modbus register: A Modbus Exception Occurred - See Response Body
[2024-12-10T06:09:17.002Z] Error reading or processing Modbus registers: A Modbus Exception Occurred - See Response Body
[2024-12-10T06:09:17.004Z] Error reading register 6507 for IP 10.30.4.128: A Modbus Exception Occurred - See Response Body
[2024-12-10T06:09:17.005Z] Error reading actual data: A Modbus Exception Occurred - See Response Body
[2024-12-10T06:09:17.005Z] Error writing to Modbus register: A Modbus Exception Occurred - See Response Body
[2024-12-10T06:09:18.004Z] Error reading or processing Modbus registers: A Modbus Exception Occurred - See Response Body
[2024-12-10T06:09:18.007Z] Error reading register 6507 for IP 10.30.4.128: A Modbus Exception Occurred - See Response Body
[2024-12-10T06:09:18.007Z] Error reading actual data: A Modbus Exception Occurred - See Response Body
[2024-12-10T06:09:18.008Z] Error writing to Modbus register: A Modbus Exception Occurred - See Response Body
[2024-12-10T06:09:19.007Z] Error reading or processing Modbus registers: A Modbus Exception Occurred - See Response Body
[2024-12-10T06:09:19.009Z] Error reading register 6507 for IP 10.30.4.128: A Modbus Exception Occurred - See Response Body
[2024-12-10T06:09:19.009Z] Error reading actual data: A Modbus Exception Occurred - See Response Body
[2024-12-10T06:09:19.010Z] Error writing to Modbus register: A Modbus Exception Occurred - See Response Body
[2024-12-10T06:09:20.012Z] Error reading or processing Modbus registers: A Modbus Exception Occurred - See Response Body
[2024-12-10T06:09:20.014Z] Error reading register 6507 for IP 10.30.4.128: A Modbus Exception Occurred - See Response Body
[2024-12-10T06:09:20.015Z] Error reading actual data: A Modbus Exception Occurred - See Response Body
[2024-12-10T06:09:20.015Z] Error writing to Modbus register: A Modbus Exception Occurred - See Response Body
[2024-12-10T06:09:21.014Z] Error reading or processing Modbus registers: A Modbus Exception Occurred - See Response Body
[2024-12-10T06:09:21.017Z] Error reading register 6507 for IP 10.30.4.128: A Modbus Exception Occurred - See Response Body
[2024-12-10T06:09:21.017Z] Error reading actual data: A Modbus Exception Occurred - See Response Body
[2024-12-10T06:09:21.018Z] Error writing to Modbus register: A Modbus Exception Occurred - See Response Body
[2024-12-10T06:09:22.019Z] Error reading or processing Modbus registers: A Modbus Exception Occurred - See Response Body
[2024-12-10T06:09:22.021Z] Error reading register 6507 for IP 10.30.4.128: A Modbus Exception Occurred - See Response Body
[2024-12-10T06:09:22.022Z] Error reading actual data: A Modbus Exception Occurred - See Response Body
[2024-12-10T06:09:22.022Z] Error writing to Modbus register: A Modbus Exception Occurred - See Response Body
[2024-12-10T06:09:23.026Z] Error reading or processing Modbus registers: A Modbus Exception Occurred - See Response Body
[2024-12-10T06:09:23.029Z] Error reading register 6507 for IP 10.30.4.128: A Modbus Exception Occurred - See Response Body
[2024-12-10T06:09:23.029Z] Error reading actual data: A Modbus Exception Occurred - See Response Body
[2024-12-10T06:09:23.030Z] Error writing to Modbus register: A Modbus Exception Occurred - See Response Body
[2024-12-10T06:09:24.027Z] Error reading or processing Modbus registers: A Modbus Exception Occurred - See Response Body
[2024-12-10T06:09:24.030Z] Error reading register 6507 for IP 10.30.4.128: A Modbus Exception Occurred - See Response Body
[2024-12-10T06:09:24.030Z] Error reading actual data: A Modbus Exception Occurred - See Response Body
[2024-12-10T06:09:24.031Z] Error writing to Modbus register: A Modbus Exception Occurred - See Response Body
[2024-12-10T06:09:25.035Z] Error reading or processing Modbus registers: A Modbus Exception Occurred - See Response Body
[2024-12-10T06:09:25.037Z] Error reading register 6507 for IP 10.30.4.128: A Modbus Exception Occurred - See Response Body
[2024-12-10T06:09:25.038Z] Error reading actual data: A Modbus Exception Occurred - See Response Body
[2024-12-10T06:09:25.039Z] Error writing to Modbus register: A Modbus Exception Occurred - See Response Body
[2024-12-10T06:09:26.043Z] Error reading or processing Modbus registers: A Modbus Exception Occurred - See Response Body
[2024-12-10T06:09:26.045Z] Error reading register 6507 for IP 10.30.4.128: A Modbus Exception Occurred - See Response Body
[2024-12-10T06:09:26.046Z] Error reading actual data: A Modbus Exception Occurred - See Response Body
[2024-12-10T06:09:26.047Z] Error writing to Modbus register: A Modbus Exception Occurred - See Response Body
[2024-12-10T06:09:27.052Z] Error reading or processing Modbus registers: A Modbus Exception Occurred - See Response Body
[2024-12-10T06:09:27.054Z] Error reading register 6507 for IP 10.30.4.128: A Modbus Exception Occurred - See Response Body
[2024-12-10T06:09:27.055Z] Error reading actual data: A Modbus Exception Occurred - See Response Body
[2024-12-10T06:09:27.056Z] Error writing to Modbus register: A Modbus Exception Occurred - See Response Body
[2024-12-10T06:09:28.056Z] Error reading or processing Modbus registers: A Modbus Exception Occurred - See Response Body
[2024-12-10T06:09:28.059Z] Error reading register 6507 for IP 10.30.4.128: A Modbus Exception Occurred - See Response Body
[2024-12-10T06:09:28.059Z] Error reading actual data: A Modbus Exception Occurred - See Response Body
[2024-12-10T06:09:28.060Z] Error writing to Modbus register: A Modbus Exception Occurred - See Response Body
[2024-12-10T06:09:29.061Z] Error reading or processing Modbus registers: A Modbus Exception Occurred - See Response Body
[2024-12-10T06:09:29.064Z] Error reading register 6507 for IP 10.30.4.128: A Modbus Exception Occurred - See Response Body
[2024-12-10T06:09:29.064Z] Error reading actual data: A Modbus Exception Occurred - See Response Body
[2024-12-10T06:09:29.065Z] Error writing to Modbus register: A Modbus Exception Occurred - See Response Body
[2024-12-10T06:09:30.067Z] Error reading or processing Modbus registers: A Modbus Exception Occurred - See Response Body
[2024-12-10T06:09:30.069Z] Error reading register 6507 for IP 10.30.4.128: A Modbus Exception Occurred - See Response Body
[2024-12-10T06:09:30.070Z] Error reading actual data: A Modbus Exception Occurred - See Response Body
[2024-12-10T06:09:30.070Z] Error writing to Modbus register: A Modbus Exception Occurred - See Response Body
[2024-12-10T06:09:31.071Z] Error reading or processing Modbus registers: A Modbus Exception Occurred - See Response Body
[2024-12-10T06:09:31.073Z] Error reading register 6507 for IP 10.30.4.128: A Modbus Exception Occurred - See Response Body
[2024-12-10T06:09:31.073Z] Error reading actual data: A Modbus Exception Occurred - See Response Body
[2024-12-10T06:09:31.074Z] Error writing to Modbus register: A Modbus Exception Occurred - See Response Body
[2024-12-10T06:09:32.077Z] Error reading or processing Modbus registers: A Modbus Exception Occurred - See Response Body
[2024-12-10T06:09:32.080Z] Error reading register 6507 for IP 10.30.4.128: A Modbus Exception Occurred - See Response Body
[2024-12-10T06:09:32.080Z] Error reading actual data: A Modbus Exception Occurred - See Response Body
[2024-12-10T06:09:32.081Z] Error writing to Modbus register: A Modbus Exception Occurred - See Response Body
[2024-12-10T06:09:33.088Z] Error reading or processing Modbus registers: A Modbus Exception Occurred - See Response Body
[2024-12-10T06:09:33.091Z] Error reading register 6507 for IP 10.30.4.128: A Modbus Exception Occurred - See Response Body
[2024-12-10T06:09:33.091Z] Error reading actual data: A Modbus Exception Occurred - See Response Body
[2024-12-10T06:09:33.092Z] Error writing to Modbus register: A Modbus Exception Occurred - See Response Body
[2024-12-10T06:09:34.091Z] Error reading or processing Modbus registers: A Modbus Exception Occurred - See Response Body
[2024-12-10T06:09:34.093Z] Error reading register 6507 for IP 10.30.4.128: A Modbus Exception Occurred - See Response Body
[2024-12-10T06:09:34.094Z] Error reading actual data: A Modbus Exception Occurred - See Response Body
[2024-12-10T06:09:34.094Z] Error writing to Modbus register: A Modbus Exception Occurred - See Response Body
[2024-12-10T06:09:35.102Z] Error reading or processing Modbus registers: A Modbus Exception Occurred - See Response Body
[2024-12-10T06:09:35.104Z] Error reading register 6507 for IP 10.30.4.128: A Modbus Exception Occurred - See Response Body
[2024-12-10T06:09:35.104Z] Error reading actual data: A Modbus Exception Occurred - See Response Body
[2024-12-10T06:09:35.105Z] Error writing to Modbus register: A Modbus Exception Occurred - See Response Body
[2024-12-10T06:09:36.116Z] Error reading or processing Modbus registers: A Modbus Exception Occurred - See Response Body
[2024-12-10T06:09:36.118Z] Error reading register 6507 for IP 10.30.4.128: A Modbus Exception Occurred - See Response Body
[2024-12-10T06:09:36.119Z] Error reading actual data: A Modbus Exception Occurred - See Response Body
[2024-12-10T06:09:36.119Z] Error writing to Modbus register: A Modbus Exception Occurred - See Response Body
[2024-12-10T06:09:37.124Z] Error reading or processing Modbus registers: A Modbus Exception Occurred - See Response Body
[2024-12-10T06:09:37.126Z] Error reading register 6507 for IP 10.30.4.128: A Modbus Exception Occurred - See Response Body
[2024-12-10T06:09:37.126Z] Error reading actual data: A Modbus Exception Occurred - See Response Body
[2024-12-10T06:09:37.127Z] Error writing to Modbus register: A Modbus Exception Occurred - See Response Body
[2024-12-10T06:09:38.137Z] Error reading or processing Modbus registers: A Modbus Exception Occurred - See Response Body
[2024-12-10T06:09:38.139Z] Error reading register 6507 for IP 10.30.4.128: A Modbus Exception Occurred - See Response Body
[2024-12-10T06:09:38.140Z] Error reading actual data: A Modbus Exception Occurred - See Response Body
[2024-12-10T06:09:38.140Z] Error writing to Modbus register: A Modbus Exception Occurred - See Response Body
[2024-12-10T06:09:39.149Z] Error reading or processing Modbus registers: A Modbus Exception Occurred - See Response Body
[2024-12-10T06:09:39.153Z] Error reading register 6507 for IP 10.30.4.128: A Modbus Exception Occurred - See Response Body
[2024-12-10T06:09:39.154Z] Error reading actual data: A Modbus Exception Occurred - See Response Body
[2024-12-10T06:09:39.154Z] Error writing to Modbus register: A Modbus Exception Occurred - See Response Body
[2024-12-10T06:09:40.162Z] Error reading or processing Modbus registers: A Modbus Exception Occurred - See Response Body
[2024-12-10T06:09:40.163Z] Error reading register 6507 for IP 10.30.4.128: A Modbus Exception Occurred - See Response Body
[2024-12-10T06:09:40.164Z] Error reading actual data: A Modbus Exception Occurred - See Response Body
[2024-12-10T06:09:40.164Z] Error writing to Modbus register: A Modbus Exception Occurred - See Response Body
[2024-12-10T06:09:41.164Z] Error reading or processing Modbus registers: A Modbus Exception Occurred - See Response Body
[2024-12-10T06:09:41.166Z] Error reading register 6507 for IP 10.30.4.128: A Modbus Exception Occurred - See Response Body
[2024-12-10T06:09:41.166Z] Error reading actual data: A Modbus Exception Occurred - See Response Body
[2024-12-10T06:09:41.167Z] Error writing to Modbus register: A Modbus Exception Occurred - See Response Body
[2024-12-10T06:09:42.176Z] Error reading or processing Modbus registers: A Modbus Exception Occurred - See Response Body
[2024-12-10T06:09:42.178Z] Error reading register 6507 for IP 10.30.4.128: A Modbus Exception Occurred - See Response Body
[2024-12-10T06:09:42.179Z] Error reading actual data: A Modbus Exception Occurred - See Response Body
[2024-12-10T06:09:42.180Z] Error writing to Modbus register: A Modbus Exception Occurred - See Response Body
[2024-12-10T06:09:43.188Z] Error reading or processing Modbus registers: A Modbus Exception Occurred - See Response Body
[2024-12-10T06:09:43.203Z] Error reading register 6507 for IP 10.30.4.128: A Modbus Exception Occurred - See Response Body
[2024-12-10T06:09:43.204Z] Error reading actual data: A Modbus Exception Occurred - See Response Body
[2024-12-10T06:09:43.205Z] Error writing to Modbus register: A Modbus Exception Occurred - See Response Body
[2024-12-10T06:09:44.197Z] Error reading or processing Modbus registers: A Modbus Exception Occurred - See Response Body
[2024-12-10T06:09:44.200Z] Error reading register 6507 for IP 10.30.4.128: A Modbus Exception Occurred - See Response Body
[2024-12-10T06:09:44.200Z] Error reading actual data: A Modbus Exception Occurred - See Response Body
[2024-12-10T06:09:44.201Z] Error writing to Modbus register: A Modbus Exception Occurred - See Response Body
[2024-12-10T06:09:45.209Z] Error reading or processing Modbus registers: A Modbus Exception Occurred - See Response Body
[2024-12-10T06:09:45.211Z] Error reading register 6507 for IP 10.30.4.128: A Modbus Exception Occurred - See Response Body
[2024-12-10T06:09:45.211Z] Error reading actual data: A Modbus Exception Occurred - See Response Body
[2024-12-10T06:09:45.212Z] Error writing to Modbus register: A Modbus Exception Occurred - See Response Body
[2024-12-10T06:09:46.222Z] Error reading or processing Modbus registers: A Modbus Exception Occurred - See Response Body
[2024-12-10T06:09:46.224Z] Error reading register 6507 for IP 10.30.4.128: A Modbus Exception Occurred - See Response Body
[2024-12-10T06:09:46.225Z] Error reading actual data: A Modbus Exception Occurred - See Response Body
[2024-12-10T06:09:46.226Z] Error writing to Modbus register: A Modbus Exception Occurred - See Response Body
[2024-12-10T06:09:47.234Z] Error reading or processing Modbus registers: A Modbus Exception Occurred - See Response Body
[2024-12-10T06:09:47.237Z] Error reading register 6507 for IP 10.30.4.128: A Modbus Exception Occurred - See Response Body
[2024-12-10T06:09:47.238Z] Error reading actual data: A Modbus Exception Occurred - See Response Body
[2024-12-10T06:09:47.238Z] Error writing to Modbus register: A Modbus Exception Occurred - See Response Body
[2024-12-10T06:09:48.247Z] Error reading or processing Modbus registers: A Modbus Exception Occurred - See Response Body
[2024-12-10T06:09:48.250Z] Error reading register 6507 for IP 10.30.4.128: A Modbus Exception Occurred - See Response Body
[2024-12-10T06:09:48.250Z] Error reading actual data: A Modbus Exception Occurred - See Response Body
[2024-12-10T06:09:48.251Z] Error writing to Modbus register: A Modbus Exception Occurred - See Response Body
[2024-12-10T06:09:49.262Z] Error reading or processing Modbus registers: A Modbus Exception Occurred - See Response Body
[2024-12-10T06:09:49.264Z] Error reading register 6507 for IP 10.30.4.128: A Modbus Exception Occurred - See Response Body
[2024-12-10T06:09:49.264Z] Error reading actual data: A Modbus Exception Occurred - See Response Body
[2024-12-10T06:09:49.265Z] Error writing to Modbus register: A Modbus Exception Occurred - See Response Body
[2024-12-10T06:09:50.270Z] Error reading or processing Modbus registers: A Modbus Exception Occurred - See Response Body
[2024-12-10T06:09:50.275Z] Error reading register 6507 for IP 10.30.4.128: A Modbus Exception Occurred - See Response Body
[2024-12-10T06:09:50.276Z] Error reading actual data: A Modbus Exception Occurred - See Response Body
[2024-12-10T06:09:50.277Z] Error writing to Modbus register: A Modbus Exception Occurred - See Response Body
[2024-12-10T06:09:51.278Z] Error reading or processing Modbus registers: A Modbus Exception Occurred - See Response Body
[2024-12-10T06:09:51.280Z] Error reading register 6507 for IP 10.30.4.128: A Modbus Exception Occurred - See Response Body
[2024-12-10T06:09:51.281Z] Error reading actual data: A Modbus Exception Occurred - See Response Body
[2024-12-10T06:09:51.281Z] Error writing to Modbus register: A Modbus Exception Occurred - See Response Body
[2024-12-10T06:09:52.292Z] Error reading or processing Modbus registers: A Modbus Exception Occurred - See Response Body
[2024-12-10T06:09:52.293Z] Error reading register 6507 for IP 10.30.4.128: A Modbus Exception Occurred - See Response Body
[2024-12-10T06:09:52.294Z] Error reading actual data: A Modbus Exception Occurred - See Response Body
[2024-12-10T06:09:52.294Z] Error writing to Modbus register: A Modbus Exception Occurred - See Response Body
[2024-12-10T06:09:53.299Z] Error reading or processing Modbus registers: A Modbus Exception Occurred - See Response Body
[2024-12-10T06:09:53.301Z] Error reading register 6507 for IP 10.30.4.128: A Modbus Exception Occurred - See Response Body
[2024-12-10T06:09:53.301Z] Error reading actual data: A Modbus Exception Occurred - See Response Body
[2024-12-10T06:09:53.302Z] Error writing to Modbus register: A Modbus Exception Occurred - See Response Body
[2024-12-10T06:09:54.313Z] Error reading or processing Modbus registers: A Modbus Exception Occurred - See Response Body
[2024-12-10T06:09:54.314Z] Error reading register 6507 for IP 10.30.4.128: A Modbus Exception Occurred - See Response Body
[2024-12-10T06:09:54.315Z] Error reading actual data: A Modbus Exception Occurred - See Response Body
[2024-12-10T06:09:54.315Z] Error writing to Modbus register: A Modbus Exception Occurred - See Response Body
[2024-12-10T06:09:55.316Z] Error reading or processing Modbus registers: A Modbus Exception Occurred - See Response Body
[2024-12-10T06:09:55.318Z] Error reading register 6507 for IP 10.30.4.128: A Modbus Exception Occurred - See Response Body
[2024-12-10T06:09:55.319Z] Error reading actual data: A Modbus Exception Occurred - See Response Body
[2024-12-10T06:09:55.319Z] Error writing to Modbus register: A Modbus Exception Occurred - See Response Body
[2024-12-10T06:09:56.327Z] Error reading or processing Modbus registers: A Modbus Exception Occurred - See Response Body
[2024-12-10T06:09:56.329Z] Error reading register 6507 for IP 10.30.4.128: A Modbus Exception Occurred - See Response Body
[2024-12-10T06:09:56.329Z] Error reading actual data: A Modbus Exception Occurred - See Response Body
[2024-12-10T06:09:56.330Z] Error writing to Modbus register: A Modbus Exception Occurred - See Response Body
[2024-12-10T06:09:57.336Z] Error reading or processing Modbus registers: A Modbus Exception Occurred - See Response Body
[2024-12-10T06:09:57.338Z] Error reading register 6507 for IP 10.30.4.128: A Modbus Exception Occurred - See Response Body
[2024-12-10T06:09:57.339Z] Error reading actual data: A Modbus Exception Occurred - See Response Body
[2024-12-10T06:09:57.339Z] Error writing to Modbus register: A Modbus Exception Occurred - See Response Body
[2024-12-10T06:09:58.351Z] Error reading or processing Modbus registers: A Modbus Exception Occurred - See Response Body
[2024-12-10T06:09:58.352Z] Error reading register 6507 for IP 10.30.4.128: A Modbus Exception Occurred - See Response Body
[2024-12-10T06:09:58.353Z] Error reading actual data: A Modbus Exception Occurred - See Response Body
[2024-12-10T06:09:58.353Z] Error writing to Modbus register: A Modbus Exception Occurred - See Response Body
[2024-12-10T06:09:59.362Z] Error reading or processing Modbus registers: A Modbus Exception Occurred - See Response Body
[2024-12-10T06:09:59.364Z] Error reading register 6507 for IP 10.30.4.128: A Modbus Exception Occurred - See Response Body
[2024-12-10T06:09:59.365Z] Error reading actual data: A Modbus Exception Occurred - See Response Body
[2024-12-10T06:09:59.365Z] Error writing to Modbus register: A Modbus Exception Occurred - See Response Body
[2024-12-10T06:10:00.375Z] Error reading or processing Modbus registers: A Modbus Exception Occurred - See Response Body
[2024-12-10T06:10:00.377Z] Error reading register 6507 for IP 10.30.4.128: A Modbus Exception Occurred - See Response Body
[2024-12-10T06:10:00.378Z] Error reading actual data: A Modbus Exception Occurred - See Response Body
[2024-12-10T06:10:00.378Z] Error writing to Modbus register: A Modbus Exception Occurred - See Response Body
[2024-12-10T06:10:01.387Z] Error reading or processing Modbus registers: A Modbus Exception Occurred - See Response Body
[2024-12-10T06:10:01.389Z] Error reading register 6507 for IP 10.30.4.128: A Modbus Exception Occurred - See Response Body
[2024-12-10T06:10:01.390Z] Error reading actual data: A Modbus Exception Occurred - See Response Body
[2024-12-10T06:10:01.391Z] Error writing to Modbus register: A Modbus Exception Occurred - See Response Body
[2024-12-10T06:10:02.401Z] Error reading or processing Modbus registers: A Modbus Exception Occurred - See Response Body
[2024-12-10T06:10:02.403Z] Error reading register 6507 for IP 10.30.4.128: A Modbus Exception Occurred - See Response Body
[2024-12-10T06:10:02.404Z] Error reading actual data: A Modbus Exception Occurred - See Response Body
[2024-12-10T06:10:02.405Z] Error writing to Modbus register: A Modbus Exception Occurred - See Response Body
[2024-12-10T06:10:03.411Z] Error reading or processing Modbus registers: A Modbus Exception Occurred - See Response Body
[2024-12-10T06:10:03.413Z] Error reading register 6507 for IP 10.30.4.128: A Modbus Exception Occurred - See Response Body
[2024-12-10T06:10:03.414Z] Error reading actual data: A Modbus Exception Occurred - See Response Body
[2024-12-10T06:10:03.414Z] Error writing to Modbus register: A Modbus Exception Occurred - See Response Body
[2024-12-10T06:10:04.424Z] Error reading or processing Modbus registers: A Modbus Exception Occurred - See Response Body
[2024-12-10T06:10:04.428Z] Error reading register 6507 for IP 10.30.4.128: A Modbus Exception Occurred - See Response Body
[2024-12-10T06:10:04.428Z] Error reading actual data: A Modbus Exception Occurred - See Response Body
[2024-12-10T06:10:04.429Z] Error writing to Modbus register: A Modbus Exception Occurred - See Response Body
[2024-12-10T06:10:05.427Z] Error reading or processing Modbus registers: A Modbus Exception Occurred - See Response Body
[2024-12-10T06:10:05.429Z] Error reading register 6507 for IP 10.30.4.128: A Modbus Exception Occurred - See Response Body
[2024-12-10T06:10:05.430Z] Error reading actual data: A Modbus Exception Occurred - See Response Body
[2024-12-10T06:10:05.430Z] Error writing to Modbus register: A Modbus Exception Occurred - See Response Body
[2024-12-10T06:10:06.430Z] Error reading or processing Modbus registers: A Modbus Exception Occurred - See Response Body
[2024-12-10T06:10:06.432Z] Error reading register 6507 for IP 10.30.4.128: A Modbus Exception Occurred - See Response Body
[2024-12-10T06:10:06.433Z] Error reading actual data: A Modbus Exception Occurred - See Response Body
[2024-12-10T06:10:06.434Z] Error writing to Modbus register: A Modbus Exception Occurred - See Response Body
[2024-12-10T06:10:07.435Z] Error reading or processing Modbus registers: A Modbus Exception Occurred - See Response Body
[2024-12-10T06:10:07.438Z] Error reading register 6507 for IP 10.30.4.128: A Modbus Exception Occurred - See Response Body
[2024-12-10T06:10:07.439Z] Error reading actual data: A Modbus Exception Occurred - See Response Body
[2024-12-10T06:10:07.439Z] Error writing to Modbus register: A Modbus Exception Occurred - See Response Body
[2024-12-10T06:10:08.440Z] Error reading or processing Modbus registers: A Modbus Exception Occurred - See Response Body
[2024-12-10T06:10:08.442Z] Error reading register 6507 for IP 10.30.4.128: A Modbus Exception Occurred - See Response Body
[2024-12-10T06:10:08.443Z] Error reading actual data: A Modbus Exception Occurred - See Response Body
[2024-12-10T06:10:08.443Z] Error writing to Modbus register: A Modbus Exception Occurred - See Response Body
[2024-12-10T06:10:09.445Z] Error reading or processing Modbus registers: A Modbus Exception Occurred - See Response Body
[2024-12-10T06:10:09.447Z] Error reading register 6507 for IP 10.30.4.128: A Modbus Exception Occurred - See Response Body
[2024-12-10T06:10:09.448Z] Error reading actual data: A Modbus Exception Occurred - See Response Body
[2024-12-10T06:10:09.448Z] Error writing to Modbus register: A Modbus Exception Occurred - See Response Body
[2024-12-10T06:10:10.450Z] Error reading or processing Modbus registers: A Modbus Exception Occurred - See Response Body
[2024-12-10T06:10:10.453Z] Error reading register 6507 for IP 10.30.4.128: A Modbus Exception Occurred - See Response Body
[2024-12-10T06:10:10.453Z] Error reading actual data: A Modbus Exception Occurred - See Response Body
[2024-12-10T06:10:10.454Z] Error writing to Modbus register: A Modbus Exception Occurred - See Response Body
[2024-12-10T06:10:11.455Z] Error reading or processing Modbus registers: A Modbus Exception Occurred - See Response Body
[2024-12-10T06:10:11.457Z] Error reading register 6507 for IP 10.30.4.128: A Modbus Exception Occurred - See Response Body
[2024-12-10T06:10:11.458Z] Error reading actual data: A Modbus Exception Occurred - See Response Body
[2024-12-10T06:10:11.458Z] Error writing to Modbus register: A Modbus Exception Occurred - See Response Body
[2024-12-10T06:10:12.461Z] Error reading or processing Modbus registers: A Modbus Exception Occurred - See Response Body
[2024-12-10T06:10:12.463Z] Error reading register 6507 for IP 10.30.4.128: A Modbus Exception Occurred - See Response Body
[2024-12-10T06:10:12.464Z] Error reading actual data: A Modbus Exception Occurred - See Response Body
[2024-12-10T06:10:12.465Z] Error writing to Modbus register: A Modbus Exception Occurred - See Response Body
[2024-12-10T06:10:13.468Z] Error reading or processing Modbus registers: A Modbus Exception Occurred - See Response Body
[2024-12-10T06:10:13.470Z] Error reading register 6507 for IP 10.30.4.128: A Modbus Exception Occurred - See Response Body
[2024-12-10T06:10:13.471Z] Error reading actual data: A Modbus Exception Occurred - See Response Body
[2024-12-10T06:10:13.471Z] Error writing to Modbus register: A Modbus Exception Occurred - See Response Body
[2024-12-10T06:10:14.475Z] Error reading or processing Modbus registers: A Modbus Exception Occurred - See Response Body
[2024-12-10T06:10:14.478Z] Error reading register 6507 for IP 10.30.4.128: A Modbus Exception Occurred - See Response Body
[2024-12-10T06:10:14.478Z] Error reading actual data: A Modbus Exception Occurred - See Response Body
[2024-12-10T06:10:14.479Z] Error writing to Modbus register: A Modbus Exception Occurred - See Response Body
[2024-12-10T06:10:15.481Z] Error reading or processing Modbus registers: A Modbus Exception Occurred - See Response Body
[2024-12-10T06:10:15.483Z] Error reading register 6507 for IP 10.30.4.128: A Modbus Exception Occurred - See Response Body
[2024-12-10T06:10:15.484Z] Error reading actual data: A Modbus Exception Occurred - See Response Body
[2024-12-10T06:10:15.487Z] Error writing to Modbus register: A Modbus Exception Occurred - See Response Body
[2024-12-10T06:10:16.487Z] Error reading or processing Modbus registers: A Modbus Exception Occurred - See Response Body
[2024-12-10T06:10:16.489Z] Error reading register 6507 for IP 10.30.4.128: A Modbus Exception Occurred - See Response Body
[2024-12-10T06:10:16.490Z] Error reading actual data: A Modbus Exception Occurred - See Response Body
[2024-12-10T06:10:16.490Z] Error writing to Modbus register: A Modbus Exception Occurred - See Response Body
[2024-12-10T06:10:17.501Z] Error reading or processing Modbus registers: A Modbus Exception Occurred - See Response Body
[2024-12-10T06:10:17.503Z] Error reading register 6507 for IP 10.30.4.128: A Modbus Exception Occurred - See Response Body
[2024-12-10T06:10:17.503Z] Error reading actual data: A Modbus Exception Occurred - See Response Body
[2024-12-10T06:10:17.504Z] Error writing to Modbus register: A Modbus Exception Occurred - See Response Body
[2024-12-10T06:10:18.515Z] Error reading or processing Modbus registers: A Modbus Exception Occurred - See Response Body
[2024-12-10T06:10:18.517Z] Error reading register 6507 for IP 10.30.4.128: A Modbus Exception Occurred - See Response Body
[2024-12-10T06:10:18.518Z] Error reading actual data: A Modbus Exception Occurred - See Response Body
[2024-12-10T06:10:18.518Z] Error writing to Modbus register: A Modbus Exception Occurred - See Response Body
[2024-12-10T06:10:19.520Z] Error reading or processing Modbus registers: A Modbus Exception Occurred - See Response Body
[2024-12-10T06:10:19.521Z] Error reading register 6507 for IP 10.30.4.128: A Modbus Exception Occurred - See Response Body
[2024-12-10T06:10:19.522Z] Error reading actual data: A Modbus Exception Occurred - See Response Body
[2024-12-10T06:10:19.523Z] Error writing to Modbus register: A Modbus Exception Occurred - See Response Body
[2024-12-10T06:10:20.530Z] Error reading or processing Modbus registers: A Modbus Exception Occurred - See Response Body
[2024-12-10T06:10:20.532Z] Error reading register 6507 for IP 10.30.4.128: A Modbus Exception Occurred - See Response Body
[2024-12-10T06:10:20.532Z] Error reading actual data: A Modbus Exception Occurred - See Response Body
[2024-12-10T06:10:20.533Z] Error writing to Modbus register: A Modbus Exception Occurred - See Response Body
[2024-12-10T06:10:21.540Z] Error reading or processing Modbus registers: A Modbus Exception Occurred - See Response Body
[2024-12-10T06:10:21.543Z] Error reading register 6507 for IP 10.30.4.128: A Modbus Exception Occurred - See Response Body
[2024-12-10T06:10:21.543Z] Error reading actual data: A Modbus Exception Occurred - See Response Body
[2024-12-10T06:10:21.544Z] Error writing to Modbus register: A Modbus Exception Occurred - See Response Body
[2024-12-10T06:10:22.548Z] Error reading or processing Modbus registers: A Modbus Exception Occurred - See Response Body
[2024-12-10T06:10:22.550Z] Error reading register 6507 for IP 10.30.4.128: A Modbus Exception Occurred - See Response Body
[2024-12-10T06:10:22.551Z] Error reading actual data: A Modbus Exception Occurred - See Response Body
[2024-12-10T06:10:22.551Z] Error writing to Modbus register: A Modbus Exception Occurred - See Response Body
[2024-12-10T06:10:23.555Z] Error reading or processing Modbus registers: A Modbus Exception Occurred - See Response Body
[2024-12-10T06:10:23.557Z] Error reading register 6507 for IP 10.30.4.128: A Modbus Exception Occurred - See Response Body
[2024-12-10T06:10:23.558Z] Error reading actual data: A Modbus Exception Occurred - See Response Body
[2024-12-10T06:10:23.560Z] Error writing to Modbus register: A Modbus Exception Occurred - See Response Body
[2024-12-10T06:10:24.561Z] Error reading or processing Modbus registers: A Modbus Exception Occurred - See Response Body
[2024-12-10T06:10:24.563Z] Error reading register 6507 for IP 10.30.4.128: A Modbus Exception Occurred - See Response Body
[2024-12-10T06:10:24.563Z] Error reading actual data: A Modbus Exception Occurred - See Response Body
[2024-12-10T06:10:24.564Z] Error writing to Modbus register: A Modbus Exception Occurred - See Response Body
[2024-12-10T06:10:25.568Z] Error reading or processing Modbus registers: A Modbus Exception Occurred - See Response Body
[2024-12-10T06:10:25.570Z] Error reading register 6507 for IP 10.30.4.128: A Modbus Exception Occurred - See Response Body
[2024-12-10T06:10:25.571Z] Error reading actual data: A Modbus Exception Occurred - See Response Body
[2024-12-10T06:10:25.571Z] Error writing to Modbus register: A Modbus Exception Occurred - See Response Body
[2024-12-10T06:10:26.573Z] Error reading or processing Modbus registers: A Modbus Exception Occurred - See Response Body
[2024-12-10T06:10:26.575Z] Error reading register 6507 for IP 10.30.4.128: A Modbus Exception Occurred - See Response Body
[2024-12-10T06:10:26.576Z] Error reading actual data: A Modbus Exception Occurred - See Response Body
[2024-12-10T06:10:26.576Z] Error writing to Modbus register: A Modbus Exception Occurred - See Response Body
[2024-12-10T06:10:27.577Z] Error reading or processing Modbus registers: A Modbus Exception Occurred - See Response Body
[2024-12-10T06:10:27.579Z] Error reading register 6507 for IP 10.30.4.128: A Modbus Exception Occurred - See Response Body
[2024-12-10T06:10:27.580Z] Error reading actual data: A Modbus Exception Occurred - See Response Body
[2024-12-10T06:10:27.580Z] Error writing to Modbus register: A Modbus Exception Occurred - See Response Body
[2024-12-10T06:10:28.580Z] Error reading or processing Modbus registers: A Modbus Exception Occurred - See Response Body
[2024-12-10T06:10:28.582Z] Error reading register 6507 for IP 10.30.4.128: A Modbus Exception Occurred - See Response Body
[2024-12-10T06:10:28.583Z] Error reading actual data: A Modbus Exception Occurred - See Response Body
[2024-12-10T06:10:28.583Z] Error writing to Modbus register: A Modbus Exception Occurred - See Response Body
[2024-12-10T06:10:29.588Z] Error reading or processing Modbus registers: A Modbus Exception Occurred - See Response Body
[2024-12-10T06:10:29.590Z] Error reading register 6507 for IP 10.30.4.128: A Modbus Exception Occurred - See Response Body
[2024-12-10T06:10:29.590Z] Error reading actual data: A Modbus Exception Occurred - See Response Body
[2024-12-10T06:10:29.591Z] Error writing to Modbus register: A Modbus Exception Occurred - See Response Body
[2024-12-10T06:10:30.598Z] Error reading or processing Modbus registers: A Modbus Exception Occurred - See Response Body
[2024-12-10T06:10:30.600Z] Error reading register 6507 for IP 10.30.4.128: A Modbus Exception Occurred - See Response Body
[2024-12-10T06:10:30.601Z] Error reading actual data: A Modbus Exception Occurred - See Response Body
[2024-12-10T06:10:30.601Z] Error writing to Modbus register: A Modbus Exception Occurred - See Response Body
[2024-12-10T06:10:31.608Z] Error reading or processing Modbus registers: A Modbus Exception Occurred - See Response Body
[2024-12-10T06:10:31.611Z] Error reading register 6507 for IP 10.30.4.128: A Modbus Exception Occurred - See Response Body
[2024-12-10T06:10:31.611Z] Error reading actual data: A Modbus Exception Occurred - See Response Body
[2024-12-10T06:10:31.612Z] Error writing to Modbus register: A Modbus Exception Occurred - See Response Body
[2024-12-10T06:10:32.612Z] Error reading or processing Modbus registers: A Modbus Exception Occurred - See Response Body
[2024-12-10T06:10:32.614Z] Error reading register 6507 for IP 10.30.4.128: A Modbus Exception Occurred - See Response Body
[2024-12-10T06:10:32.615Z] Error reading actual data: A Modbus Exception Occurred - See Response Body
[2024-12-10T06:10:32.615Z] Error writing to Modbus register: A Modbus Exception Occurred - See Response Body
[2024-12-10T06:10:33.615Z] Error reading or processing Modbus registers: A Modbus Exception Occurred - See Response Body
[2024-12-10T06:10:33.617Z] Error reading register 6507 for IP 10.30.4.128: A Modbus Exception Occurred - See Response Body
[2024-12-10T06:10:33.618Z] Error reading actual data: A Modbus Exception Occurred - See Response Body
[2024-12-10T06:10:33.618Z] Error writing to Modbus register: A Modbus Exception Occurred - See Response Body
[2024-12-10T06:10:34.622Z] Error reading or processing Modbus registers: A Modbus Exception Occurred - See Response Body
[2024-12-10T06:10:34.624Z] Error reading register 6507 for IP 10.30.4.128: A Modbus Exception Occurred - See Response Body
[2024-12-10T06:10:34.625Z] Error reading actual data: A Modbus Exception Occurred - See Response Body
[2024-12-10T06:10:34.626Z] Error writing to Modbus register: A Modbus Exception Occurred - See Response Body
[2024-12-10T06:10:35.634Z] Error reading or processing Modbus registers: A Modbus Exception Occurred - See Response Body
[2024-12-10T06:10:35.636Z] Error reading register 6507 for IP 10.30.4.128: A Modbus Exception Occurred - See Response Body
[2024-12-10T06:10:35.637Z] Error reading actual data: A Modbus Exception Occurred - See Response Body
[2024-12-10T06:10:35.637Z] Error writing to Modbus register: A Modbus Exception Occurred - See Response Body
[2024-12-10T06:10:36.648Z] Error reading or processing Modbus registers: A Modbus Exception Occurred - See Response Body
[2024-12-10T06:10:36.650Z] Error reading register 6507 for IP 10.30.4.128: A Modbus Exception Occurred - See Response Body
[2024-12-10T06:10:36.651Z] Error reading actual data: A Modbus Exception Occurred - See Response Body
[2024-12-10T06:10:36.651Z] Error writing to Modbus register: A Modbus Exception Occurred - See Response Body
[2024-12-10T06:10:37.662Z] Error reading or processing Modbus registers: A Modbus Exception Occurred - See Response Body
[2024-12-10T06:10:37.665Z] Error reading register 6507 for IP 10.30.4.128: A Modbus Exception Occurred - See Response Body
[2024-12-10T06:10:37.666Z] Error reading actual data: A Modbus Exception Occurred - See Response Body
[2024-12-10T06:10:37.666Z] Error writing to Modbus register: A Modbus Exception Occurred - See Response Body
[2024-12-10T06:10:38.662Z] Error reading or processing Modbus registers: A Modbus Exception Occurred - See Response Body
[2024-12-10T06:10:38.665Z] Error reading register 6507 for IP 10.30.4.128: A Modbus Exception Occurred - See Response Body
[2024-12-10T06:10:38.665Z] Error reading actual data: A Modbus Exception Occurred - See Response Body
[2024-12-10T06:10:38.666Z] Error writing to Modbus register: A Modbus Exception Occurred - See Response Body
[2024-12-10T06:10:39.674Z] Error reading or processing Modbus registers: A Modbus Exception Occurred - See Response Body
[2024-12-10T06:10:39.677Z] Error reading register 6507 for IP 10.30.4.128: A Modbus Exception Occurred - See Response Body
[2024-12-10T06:10:39.677Z] Error reading actual data: A Modbus Exception Occurred - See Response Body
[2024-12-10T06:10:39.678Z] Error writing to Modbus register: A Modbus Exception Occurred - See Response Body
[2024-12-10T06:10:40.681Z] Error reading or processing Modbus registers: A Modbus Exception Occurred - See Response Body
[2024-12-10T06:10:40.684Z] Error reading register 6507 for IP 10.30.4.128: A Modbus Exception Occurred - See Response Body
[2024-12-10T06:10:40.684Z] Error reading actual data: A Modbus Exception Occurred - See Response Body
[2024-12-10T06:10:40.685Z] Error writing to Modbus register: A Modbus Exception Occurred - See Response Body
[2024-12-10T06:10:41.692Z] Error reading or processing Modbus registers: A Modbus Exception Occurred - See Response Body
[2024-12-10T06:10:41.694Z] Error reading register 6507 for IP 10.30.4.128: A Modbus Exception Occurred - See Response Body
[2024-12-10T06:10:41.695Z] Error reading actual data: A Modbus Exception Occurred - See Response Body
[2024-12-10T06:10:41.695Z] Error writing to Modbus register: A Modbus Exception Occurred - See Response Body
[2024-12-10T06:10:42.705Z] Error reading or processing Modbus registers: A Modbus Exception Occurred - See Response Body
[2024-12-10T06:10:42.707Z] Error reading register 6507 for IP 10.30.4.128: A Modbus Exception Occurred - See Response Body
[2024-12-10T06:10:42.707Z] Error reading actual data: A Modbus Exception Occurred - See Response Body
[2024-12-10T06:10:42.708Z] Error writing to Modbus register: A Modbus Exception Occurred - See Response Body
[2024-12-10T06:10:43.713Z] Error reading or processing Modbus registers: A Modbus Exception Occurred - See Response Body
[2024-12-10T06:10:43.715Z] Error reading register 6507 for IP 10.30.4.128: A Modbus Exception Occurred - See Response Body
[2024-12-10T06:10:43.716Z] Error reading actual data: A Modbus Exception Occurred - See Response Body
[2024-12-10T06:10:43.716Z] Error writing to Modbus register: A Modbus Exception Occurred - See Response Body
[2024-12-10T06:10:44.714Z] Error reading or processing Modbus registers: A Modbus Exception Occurred - See Response Body
[2024-12-10T06:10:44.716Z] Error reading register 6507 for IP 10.30.4.128: A Modbus Exception Occurred - See Response Body
[2024-12-10T06:10:44.716Z] Error reading actual data: A Modbus Exception Occurred - See Response Body
[2024-12-10T06:10:44.717Z] Error writing to Modbus register: A Modbus Exception Occurred - See Response Body
[2024-12-10T06:10:45.727Z] Error reading or processing Modbus registers: A Modbus Exception Occurred - See Response Body
[2024-12-10T06:10:45.728Z] Error reading register 6507 for IP 10.30.4.128: A Modbus Exception Occurred - See Response Body
[2024-12-10T06:10:45.729Z] Error reading actual data: A Modbus Exception Occurred - See Response Body
[2024-12-10T06:10:45.729Z] Error writing to Modbus register: A Modbus Exception Occurred - See Response Body
[2024-12-10T06:10:46.737Z] Error reading or processing Modbus registers: A Modbus Exception Occurred - See Response Body
[2024-12-10T06:10:46.739Z] Error reading register 6507 for IP 10.30.4.128: A Modbus Exception Occurred - See Response Body
[2024-12-10T06:10:46.739Z] Error reading actual data: A Modbus Exception Occurred - See Response Body
[2024-12-10T06:10:46.740Z] Error writing to Modbus register: A Modbus Exception Occurred - See Response Body
[2024-12-10T06:10:47.749Z] Error reading or processing Modbus registers: A Modbus Exception Occurred - See Response Body
[2024-12-10T06:10:47.752Z] Error reading register 6507 for IP 10.30.4.128: A Modbus Exception Occurred - See Response Body
[2024-12-10T06:10:47.753Z] Error reading actual data: A Modbus Exception Occurred - See Response Body
[2024-12-10T06:10:47.753Z] Error writing to Modbus register: A Modbus Exception Occurred - See Response Body
[2024-12-10T06:10:48.759Z] Error reading or processing Modbus registers: A Modbus Exception Occurred - See Response Body
[2024-12-10T06:10:48.761Z] Error reading register 6507 for IP 10.30.4.128: A Modbus Exception Occurred - See Response Body
[2024-12-10T06:10:48.762Z] Error reading actual data: A Modbus Exception Occurred - See Response Body
[2024-12-10T06:10:48.762Z] Error writing to Modbus register: A Modbus Exception Occurred - See Response Body
[2024-12-10T06:10:49.761Z] Error reading or processing Modbus registers: A Modbus Exception Occurred - See Response Body
[2024-12-10T06:10:49.763Z] Error reading register 6507 for IP 10.30.4.128: A Modbus Exception Occurred - See Response Body
[2024-12-10T06:10:49.764Z] Error reading actual data: A Modbus Exception Occurred - See Response Body
[2024-12-10T06:10:49.765Z] Error writing to Modbus register: A Modbus Exception Occurred - See Response Body
[2024-12-10T06:10:50.771Z] Error reading or processing Modbus registers: A Modbus Exception Occurred - See Response Body
[2024-12-10T06:10:50.773Z] Error reading register 6507 for IP 10.30.4.128: A Modbus Exception Occurred - See Response Body
[2024-12-10T06:10:50.774Z] Error reading actual data: A Modbus Exception Occurred - See Response Body
[2024-12-10T06:10:50.774Z] Error writing to Modbus register: A Modbus Exception Occurred - See Response Body
[2024-12-10T06:10:51.786Z] Error reading or processing Modbus registers: A Modbus Exception Occurred - See Response Body
[2024-12-10T06:10:51.788Z] Error reading register 6507 for IP 10.30.4.128: A Modbus Exception Occurred - See Response Body
[2024-12-10T06:10:51.789Z] Error reading actual data: A Modbus Exception Occurred - See Response Body
[2024-12-10T06:10:51.789Z] Error writing to Modbus register: A Modbus Exception Occurred - See Response Body
[2024-12-10T06:10:52.797Z] Error reading or processing Modbus registers: A Modbus Exception Occurred - See Response Body
[2024-12-10T06:10:52.799Z] Error reading register 6507 for IP 10.30.4.128: A Modbus Exception Occurred - See Response Body
[2024-12-10T06:10:52.800Z] Error reading actual data: A Modbus Exception Occurred - See Response Body
[2024-12-10T06:10:52.801Z] Error writing to Modbus register: A Modbus Exception Occurred - See Response Body
[2024-12-10T06:10:53.806Z] Error reading or processing Modbus registers: A Modbus Exception Occurred - See Response Body
[2024-12-10T06:10:53.808Z] Error reading register 6507 for IP 10.30.4.128: A Modbus Exception Occurred - See Response Body
[2024-12-10T06:10:53.809Z] Error reading actual data: A Modbus Exception Occurred - See Response Body
[2024-12-10T06:10:53.810Z] Error writing to Modbus register: A Modbus Exception Occurred - See Response Body
[2024-12-10T06:10:54.819Z] Error reading or processing Modbus registers: A Modbus Exception Occurred - See Response Body
[2024-12-10T06:10:54.821Z] Error reading register 6507 for IP 10.30.4.128: A Modbus Exception Occurred - See Response Body
[2024-12-10T06:10:54.822Z] Error reading actual data: A Modbus Exception Occurred - See Response Body
[2024-12-10T06:10:54.823Z] Error writing to Modbus register: A Modbus Exception Occurred - See Response Body
[2024-12-10T06:10:55.829Z] Error reading or processing Modbus registers: A Modbus Exception Occurred - See Response Body
[2024-12-10T06:10:55.832Z] Error reading register 6507 for IP 10.30.4.128: A Modbus Exception Occurred - See Response Body
[2024-12-10T06:10:55.832Z] Error reading actual data: A Modbus Exception Occurred - See Response Body
[2024-12-10T06:10:55.833Z] Error writing to Modbus register: A Modbus Exception Occurred - See Response Body
[2024-12-10T06:10:56.841Z] Error reading or processing Modbus registers: A Modbus Exception Occurred - See Response Body
[2024-12-10T06:10:56.843Z] Error reading register 6507 for IP 10.30.4.128: A Modbus Exception Occurred - See Response Body
[2024-12-10T06:10:56.844Z] Error reading actual data: A Modbus Exception Occurred - See Response Body
[2024-12-10T06:10:56.844Z] Error writing to Modbus register: A Modbus Exception Occurred - See Response Body
[2024-12-10T06:10:57.855Z] Error reading or processing Modbus registers: A Modbus Exception Occurred - See Response Body
[2024-12-10T06:10:57.860Z] Error reading register 6507 for IP 10.30.4.128: A Modbus Exception Occurred - See Response Body
[2024-12-10T06:10:57.860Z] Error reading actual data: A Modbus Exception Occurred - See Response Body
[2024-12-10T06:10:57.861Z] Error writing to Modbus register: A Modbus Exception Occurred - See Response Body
[2024-12-10T06:10:58.869Z] Error reading or processing Modbus registers: A Modbus Exception Occurred - See Response Body
[2024-12-10T06:10:58.871Z] Error reading register 6507 for IP 10.30.4.128: A Modbus Exception Occurred - See Response Body
[2024-12-10T06:10:58.871Z] Error reading actual data: A Modbus Exception Occurred - See Response Body
[2024-12-10T06:10:58.872Z] Error writing to Modbus register: A Modbus Exception Occurred - See Response Body
[2024-12-10T06:10:59.881Z] Error reading or processing Modbus registers: A Modbus Exception Occurred - See Response Body
[2024-12-10T06:10:59.883Z] Error reading register 6507 for IP 10.30.4.128: A Modbus Exception Occurred - See Response Body
[2024-12-10T06:10:59.883Z] Error reading actual data: A Modbus Exception Occurred - See Response Body
[2024-12-10T06:10:59.884Z] Error writing to Modbus register: A Modbus Exception Occurred - See Response Body
[2024-12-10T06:11:00.886Z] Error reading or processing Modbus registers: A Modbus Exception Occurred - See Response Body
[2024-12-10T06:11:00.889Z] Error reading register 6507 for IP 10.30.4.128: A Modbus Exception Occurred - See Response Body
[2024-12-10T06:11:00.889Z] Error reading actual data: A Modbus Exception Occurred - See Response Body
[2024-12-10T06:11:00.890Z] Error writing to Modbus register: A Modbus Exception Occurred - See Response Body
[2024-12-10T06:11:01.897Z] Error reading or processing Modbus registers: A Modbus Exception Occurred - See Response Body
[2024-12-10T06:11:01.899Z] Error reading register 6507 for IP 10.30.4.128: A Modbus Exception Occurred - See Response Body
[2024-12-10T06:11:01.900Z] Error reading actual data: A Modbus Exception Occurred - See Response Body
[2024-12-10T06:11:01.900Z] Error writing to Modbus register: A Modbus Exception Occurred - See Response Body
[2024-12-10T06:11:02.908Z] Error reading or processing Modbus registers: A Modbus Exception Occurred - See Response Body
[2024-12-10T06:11:02.910Z] Error reading register 6507 for IP 10.30.4.128: A Modbus Exception Occurred - See Response Body
[2024-12-10T06:11:02.911Z] Error reading actual data: A Modbus Exception Occurred - See Response Body
[2024-12-10T06:11:02.911Z] Error writing to Modbus register: A Modbus Exception Occurred - See Response Body
[2024-12-10T06:11:03.919Z] Error reading or processing Modbus registers: A Modbus Exception Occurred - See Response Body
[2024-12-10T06:11:03.921Z] Error reading register 6507 for IP 10.30.4.128: A Modbus Exception Occurred - See Response Body
[2024-12-10T06:11:03.922Z] Error reading actual data: A Modbus Exception Occurred - See Response Body
[2024-12-10T06:11:03.922Z] Error writing to Modbus register: A Modbus Exception Occurred - See Response Body
[2024-12-10T06:11:04.933Z] Error reading or processing Modbus registers: A Modbus Exception Occurred - See Response Body
[2024-12-10T06:11:04.935Z] Error reading register 6507 for IP 10.30.4.128: A Modbus Exception Occurred - See Response Body
[2024-12-10T06:11:04.936Z] Error reading actual data: A Modbus Exception Occurred - See Response Body
[2024-12-10T06:11:04.936Z] Error writing to Modbus register: A Modbus Exception Occurred - See Response Body
[2024-12-10T06:11:05.946Z] Error reading or processing Modbus registers: A Modbus Exception Occurred - See Response Body
[2024-12-10T06:11:05.949Z] Error reading register 6507 for IP 10.30.4.128: A Modbus Exception Occurred - See Response Body
[2024-12-10T06:11:05.949Z] Error reading actual data: A Modbus Exception Occurred - See Response Body
[2024-12-10T06:11:05.950Z] Error writing to Modbus register: A Modbus Exception Occurred - See Response Body
[2024-12-10T06:11:06.960Z] Error reading or processing Modbus registers: A Modbus Exception Occurred - See Response Body
[2024-12-10T06:11:06.962Z] Error reading register 6507 for IP 10.30.4.128: A Modbus Exception Occurred - See Response Body
[2024-12-10T06:11:06.963Z] Error reading actual data: A Modbus Exception Occurred - See Response Body
[2024-12-10T06:11:06.964Z] Error writing to Modbus register: A Modbus Exception Occurred - See Response Body
[2024-12-10T06:11:07.973Z] Error reading or processing Modbus registers: A Modbus Exception Occurred - See Response Body
[2024-12-10T06:11:07.975Z] Error reading register 6507 for IP 10.30.4.128: A Modbus Exception Occurred - See Response Body
[2024-12-10T06:11:07.976Z] Error reading actual data: A Modbus Exception Occurred - See Response Body
[2024-12-10T06:11:07.977Z] Error writing to Modbus register: A Modbus Exception Occurred - See Response Body
[2024-12-10T06:11:08.984Z] Error reading or processing Modbus registers: A Modbus Exception Occurred - See Response Body
[2024-12-10T06:11:08.986Z] Error reading register 6507 for IP 10.30.4.128: A Modbus Exception Occurred - See Response Body
[2024-12-10T06:11:08.987Z] Error reading actual data: A Modbus Exception Occurred - See Response Body
[2024-12-10T06:11:08.988Z] Error writing to Modbus register: A Modbus Exception Occurred - See Response Body
[2024-12-10T06:11:09.998Z] Error reading or processing Modbus registers: A Modbus Exception Occurred - See Response Body
[2024-12-10T06:11:10.000Z] Error reading register 6507 for IP 10.30.4.128: A Modbus Exception Occurred - See Response Body
[2024-12-10T06:11:10.001Z] Error reading actual data: A Modbus Exception Occurred - See Response Body
[2024-12-10T06:11:10.001Z] Error writing to Modbus register: A Modbus Exception Occurred - See Response Body
[2024-12-10T06:11:11.011Z] Error reading or processing Modbus registers: A Modbus Exception Occurred - See Response Body
[2024-12-10T06:11:11.014Z] Error reading register 6507 for IP 10.30.4.128: A Modbus Exception Occurred - See Response Body
[2024-12-10T06:11:11.015Z] Error reading actual data: A Modbus Exception Occurred - See Response Body
[2024-12-10T06:11:11.015Z] Error writing to Modbus register: A Modbus Exception Occurred - See Response Body
[2024-12-10T06:11:12.025Z] Error reading or processing Modbus registers: A Modbus Exception Occurred - See Response Body
[2024-12-10T06:11:12.027Z] Error reading register 6507 for IP 10.30.4.128: A Modbus Exception Occurred - See Response Body
[2024-12-10T06:11:12.028Z] Error reading actual data: A Modbus Exception Occurred - See Response Body
[2024-12-10T06:11:12.028Z] Error writing to Modbus register: A Modbus Exception Occurred - See Response Body
[2024-12-10T06:11:13.034Z] Error reading or processing Modbus registers: A Modbus Exception Occurred - See Response Body
[2024-12-10T06:11:13.036Z] Error reading register 6507 for IP 10.30.4.128: A Modbus Exception Occurred - See Response Body
[2024-12-10T06:11:13.036Z] Error reading actual data: A Modbus Exception Occurred - See Response Body
[2024-12-10T06:11:13.040Z] Error writing to Modbus register: A Modbus Exception Occurred - See Response Body
[2024-12-10T06:11:14.046Z] Error reading or processing Modbus registers: A Modbus Exception Occurred - See Response Body
[2024-12-10T06:11:14.048Z] Error reading register 6507 for IP 10.30.4.128: A Modbus Exception Occurred - See Response Body
[2024-12-10T06:11:14.049Z] Error reading actual data: A Modbus Exception Occurred - See Response Body
[2024-12-10T06:11:14.049Z] Error writing to Modbus register: A Modbus Exception Occurred - See Response Body
[2024-12-10T06:11:15.057Z] Error reading or processing Modbus registers: A Modbus Exception Occurred - See Response Body
[2024-12-10T06:11:15.059Z] Error reading register 6507 for IP 10.30.4.128: A Modbus Exception Occurred - See Response Body
[2024-12-10T06:11:15.060Z] Error reading actual data: A Modbus Exception Occurred - See Response Body
[2024-12-10T06:11:15.060Z] Error writing to Modbus register: A Modbus Exception Occurred - See Response Body
[2024-12-10T06:11:16.069Z] Error reading or processing Modbus registers: A Modbus Exception Occurred - See Response Body
[2024-12-10T06:11:16.071Z] Error reading register 6507 for IP 10.30.4.128: A Modbus Exception Occurred - See Response Body
[2024-12-10T06:11:16.072Z] Error reading actual data: A Modbus Exception Occurred - See Response Body
[2024-12-10T06:11:16.072Z] Error writing to Modbus register: A Modbus Exception Occurred - See Response Body
[2024-12-10T06:11:17.080Z] Error reading or processing Modbus registers: A Modbus Exception Occurred - See Response Body
[2024-12-10T06:11:17.082Z] Error reading register 6507 for IP 10.30.4.128: A Modbus Exception Occurred - See Response Body
[2024-12-10T06:11:17.083Z] Error reading actual data: A Modbus Exception Occurred - See Response Body
[2024-12-10T06:11:17.083Z] Error writing to Modbus register: A Modbus Exception Occurred - See Response Body
[2024-12-10T06:11:18.092Z] Error reading or processing Modbus registers: A Modbus Exception Occurred - See Response Body
[2024-12-10T06:11:18.094Z] Error reading register 6507 for IP 10.30.4.128: A Modbus Exception Occurred - See Response Body
[2024-12-10T06:11:18.094Z] Error reading actual data: A Modbus Exception Occurred - See Response Body
[2024-12-10T06:11:18.095Z] Error writing to Modbus register: A Modbus Exception Occurred - See Response Body
[2024-12-10T06:11:19.093Z] Error reading or processing Modbus registers: A Modbus Exception Occurred - See Response Body
[2024-12-10T06:11:19.095Z] Error reading register 6507 for IP 10.30.4.128: A Modbus Exception Occurred - See Response Body
[2024-12-10T06:11:19.097Z] Error reading actual data: A Modbus Exception Occurred - See Response Body
[2024-12-10T06:11:19.098Z] Error writing to Modbus register: A Modbus Exception Occurred - See Response Body
[2024-12-10T06:11:20.108Z] Error reading or processing Modbus registers: A Modbus Exception Occurred - See Response Body
[2024-12-10T06:11:20.111Z] Error reading register 6507 for IP 10.30.4.128: A Modbus Exception Occurred - See Response Body
[2024-12-10T06:11:20.112Z] Error reading actual data: A Modbus Exception Occurred - See Response Body
[2024-12-10T06:11:20.113Z] Error writing to Modbus register: A Modbus Exception Occurred - See Response Body
[2024-12-10T06:11:21.122Z] Error reading or processing Modbus registers: A Modbus Exception Occurred - See Response Body
[2024-12-10T06:11:21.124Z] Error reading register 6507 for IP 10.30.4.128: A Modbus Exception Occurred - See Response Body
[2024-12-10T06:11:21.125Z] Error reading actual data: A Modbus Exception Occurred - See Response Body
[2024-12-10T06:11:21.126Z] Error writing to Modbus register: A Modbus Exception Occurred - See Response Body
[2024-12-10T06:11:22.132Z] Error reading or processing Modbus registers: A Modbus Exception Occurred - See Response Body
[2024-12-10T06:11:22.134Z] Error reading register 6507 for IP 10.30.4.128: A Modbus Exception Occurred - See Response Body
[2024-12-10T06:11:22.136Z] Error reading actual data: A Modbus Exception Occurred - See Response Body
[2024-12-10T06:11:22.136Z] Error writing to Modbus register: A Modbus Exception Occurred - See Response Body
[2024-12-10T06:11:23.146Z] Error reading or processing Modbus registers: A Modbus Exception Occurred - See Response Body
[2024-12-10T06:11:23.147Z] Error reading register 6507 for IP 10.30.4.128: A Modbus Exception Occurred - See Response Body
[2024-12-10T06:11:23.148Z] Error reading actual data: A Modbus Exception Occurred - See Response Body
[2024-12-10T06:11:23.149Z] Error writing to Modbus register: A Modbus Exception Occurred - See Response Body
[2024-12-10T06:11:24.152Z] Error reading or processing Modbus registers: A Modbus Exception Occurred - See Response Body
[2024-12-10T06:11:24.154Z] Error reading register 6507 for IP 10.30.4.128: A Modbus Exception Occurred - See Response Body
[2024-12-10T06:11:24.155Z] Error reading actual data: A Modbus Exception Occurred - See Response Body
[2024-12-10T06:11:24.155Z] Error writing to Modbus register: A Modbus Exception Occurred - See Response Body
[2024-12-10T06:11:25.162Z] Error reading or processing Modbus registers: A Modbus Exception Occurred - See Response Body
[2024-12-10T06:11:25.164Z] Error reading register 6507 for IP 10.30.4.128: A Modbus Exception Occurred - See Response Body
[2024-12-10T06:11:25.166Z] Error reading actual data: A Modbus Exception Occurred - See Response Body
[2024-12-10T06:11:25.166Z] Error writing to Modbus register: A Modbus Exception Occurred - See Response Body
[2024-12-10T06:11:26.176Z] Error reading or processing Modbus registers: A Modbus Exception Occurred - See Response Body
[2024-12-10T06:11:26.179Z] Error reading register 6507 for IP 10.30.4.128: A Modbus Exception Occurred - See Response Body
[2024-12-10T06:11:26.180Z] Error reading actual data: A Modbus Exception Occurred - See Response Body
[2024-12-10T06:11:26.180Z] Error writing to Modbus register: A Modbus Exception Occurred - See Response Body
[2024-12-10T06:11:27.187Z] Error reading or processing Modbus registers: A Modbus Exception Occurred - See Response Body
[2024-12-10T06:11:27.188Z] Error reading register 6507 for IP 10.30.4.128: A Modbus Exception Occurred - See Response Body
[2024-12-10T06:11:27.189Z] Error reading actual data: A Modbus Exception Occurred - See Response Body
[2024-12-10T06:11:27.190Z] Error writing to Modbus register: A Modbus Exception Occurred - See Response Body
[2024-12-10T06:11:28.201Z] Error reading or processing Modbus registers: A Modbus Exception Occurred - See Response Body
[2024-12-10T06:11:28.203Z] Error reading register 6507 for IP 10.30.4.128: A Modbus Exception Occurred - See Response Body
[2024-12-10T06:11:28.204Z] Error reading actual data: A Modbus Exception Occurred - See Response Body
[2024-12-10T06:11:28.204Z] Error writing to Modbus register: A Modbus Exception Occurred - See Response Body
[2024-12-10T06:11:29.215Z] Error reading or processing Modbus registers: A Modbus Exception Occurred - See Response Body
[2024-12-10T06:11:29.217Z] Error reading register 6507 for IP 10.30.4.128: A Modbus Exception Occurred - See Response Body
[2024-12-10T06:11:29.218Z] Error reading actual data: A Modbus Exception Occurred - See Response Body
[2024-12-10T06:11:29.218Z] Error writing to Modbus register: A Modbus Exception Occurred - See Response Body
[2024-12-10T06:11:30.227Z] Error reading or processing Modbus registers: A Modbus Exception Occurred - See Response Body
[2024-12-10T06:11:30.230Z] Error reading register 6507 for IP 10.30.4.128: A Modbus Exception Occurred - See Response Body
[2024-12-10T06:11:30.230Z] Error reading actual data: A Modbus Exception Occurred - See Response Body
[2024-12-10T06:11:30.231Z] Error writing to Modbus register: A Modbus Exception Occurred - See Response Body
[2024-12-10T06:11:31.232Z] Error reading or processing Modbus registers: A Modbus Exception Occurred - See Response Body
[2024-12-10T06:11:31.234Z] Error reading register 6507 for IP 10.30.4.128: A Modbus Exception Occurred - See Response Body
[2024-12-10T06:11:31.235Z] Error reading actual data: A Modbus Exception Occurred - See Response Body
[2024-12-10T06:11:31.235Z] Error writing to Modbus register: A Modbus Exception Occurred - See Response Body
[2024-12-10T06:11:32.237Z] Error reading or processing Modbus registers: A Modbus Exception Occurred - See Response Body
[2024-12-10T06:11:32.239Z] Error reading register 6507 for IP 10.30.4.128: A Modbus Exception Occurred - See Response Body
[2024-12-10T06:11:32.239Z] Error reading actual data: A Modbus Exception Occurred - See Response Body
[2024-12-10T06:11:32.240Z] Error writing to Modbus register: A Modbus Exception Occurred - See Response Body
[2024-12-10T06:11:33.245Z] Error reading or processing Modbus registers: A Modbus Exception Occurred - See Response Body
[2024-12-10T06:11:33.271Z] Error reading register 6507 for IP 10.30.4.128: A Modbus Exception Occurred - See Response Body
[2024-12-10T06:11:33.272Z] Error reading actual data: A Modbus Exception Occurred - See Response Body
[2024-12-10T06:11:33.273Z] Error writing to Modbus register: A Modbus Exception Occurred - See Response Body
[2024-12-10T06:11:34.247Z] Error reading or processing Modbus registers: A Modbus Exception Occurred - See Response Body
[2024-12-10T06:11:34.248Z] Error reading register 6507 for IP 10.30.4.128: A Modbus Exception Occurred - See Response Body
[2024-12-10T06:11:34.249Z] Error reading actual data: A Modbus Exception Occurred - See Response Body
[2024-12-10T06:11:34.249Z] Error writing to Modbus register: A Modbus Exception Occurred - See Response Body
[2024-12-10T06:11:35.253Z] Error reading or processing Modbus registers: A Modbus Exception Occurred - See Response Body
[2024-12-10T06:11:35.255Z] Error reading register 6507 for IP 10.30.4.128: A Modbus Exception Occurred - See Response Body
[2024-12-10T06:11:35.256Z] Error reading actual data: A Modbus Exception Occurred - See Response Body
[2024-12-10T06:11:35.256Z] Error writing to Modbus register: A Modbus Exception Occurred - See Response Body
[2024-12-10T06:11:36.257Z] Error reading or processing Modbus registers: A Modbus Exception Occurred - See Response Body
[2024-12-10T06:11:36.260Z] Error reading register 6507 for IP 10.30.4.128: A Modbus Exception Occurred - See Response Body
[2024-12-10T06:11:36.261Z] Error reading actual data: A Modbus Exception Occurred - See Response Body
[2024-12-10T06:11:36.261Z] Error writing to Modbus register: A Modbus Exception Occurred - See Response Body
[2024-12-10T06:11:37.259Z] Error reading or processing Modbus registers: A Modbus Exception Occurred - See Response Body
[2024-12-10T06:11:37.261Z] Error reading register 6507 for IP 10.30.4.128: A Modbus Exception Occurred - See Response Body
[2024-12-10T06:11:37.262Z] Error reading actual data: A Modbus Exception Occurred - See Response Body
[2024-12-10T06:11:37.262Z] Error writing to Modbus register: A Modbus Exception Occurred - See Response Body
[2024-12-10T06:11:38.268Z] Error reading or processing Modbus registers: A Modbus Exception Occurred - See Response Body
[2024-12-10T06:11:38.270Z] Error reading register 6507 for IP 10.30.4.128: A Modbus Exception Occurred - See Response Body
[2024-12-10T06:11:38.270Z] Error reading actual data: A Modbus Exception Occurred - See Response Body
[2024-12-10T06:11:38.271Z] Error writing to Modbus register: A Modbus Exception Occurred - See Response Body
[2024-12-10T06:11:39.283Z] Error reading or processing Modbus registers: A Modbus Exception Occurred - See Response Body
[2024-12-10T06:11:39.285Z] Error reading register 6507 for IP 10.30.4.128: A Modbus Exception Occurred - See Response Body
[2024-12-10T06:11:39.286Z] Error reading actual data: A Modbus Exception Occurred - See Response Body
[2024-12-10T06:11:39.287Z] Error writing to Modbus register: A Modbus Exception Occurred - See Response Body
[2024-12-10T06:11:40.297Z] Error reading or processing Modbus registers: A Modbus Exception Occurred - See Response Body
[2024-12-10T06:11:40.299Z] Error reading register 6507 for IP 10.30.4.128: A Modbus Exception Occurred - See Response Body
[2024-12-10T06:11:40.299Z] Error reading actual data: A Modbus Exception Occurred - See Response Body
[2024-12-10T06:11:40.300Z] Error writing to Modbus register: A Modbus Exception Occurred - See Response Body
[2024-12-10T06:11:41.304Z] Error reading or processing Modbus registers: A Modbus Exception Occurred - See Response Body
[2024-12-10T06:11:41.306Z] Error reading register 6507 for IP 10.30.4.128: A Modbus Exception Occurred - See Response Body
[2024-12-10T06:11:41.310Z] Error reading actual data: A Modbus Exception Occurred - See Response Body
[2024-12-10T06:11:41.311Z] Error writing to Modbus register: A Modbus Exception Occurred - See Response Body
[2024-12-10T06:11:42.312Z] Error reading or processing Modbus registers: A Modbus Exception Occurred - See Response Body
[2024-12-10T06:11:42.314Z] Error reading register 6507 for IP 10.30.4.128: A Modbus Exception Occurred - See Response Body
[2024-12-10T06:11:42.314Z] Error reading actual data: A Modbus Exception Occurred - See Response Body
[2024-12-10T06:11:42.315Z] Error writing to Modbus register: A Modbus Exception Occurred - See Response Body
[2024-12-10T06:11:43.313Z] Error reading or processing Modbus registers: A Modbus Exception Occurred - See Response Body
[2024-12-10T06:11:43.315Z] Error reading register 6507 for IP 10.30.4.128: A Modbus Exception Occurred - See Response Body
[2024-12-10T06:11:43.315Z] Error reading actual data: A Modbus Exception Occurred - See Response Body
[2024-12-10T06:11:43.316Z] Error writing to Modbus register: A Modbus Exception Occurred - See Response Body
[2024-12-10T06:11:44.316Z] Error reading or processing Modbus registers: A Modbus Exception Occurred - See Response Body
[2024-12-10T06:11:44.318Z] Error reading register 6507 for IP 10.30.4.128: A Modbus Exception Occurred - See Response Body
[2024-12-10T06:11:44.319Z] Error reading actual data: A Modbus Exception Occurred - See Response Body
[2024-12-10T06:11:44.319Z] Error writing to Modbus register: A Modbus Exception Occurred - See Response Body
[2024-12-10T06:11:45.330Z] Error reading or processing Modbus registers: A Modbus Exception Occurred - See Response Body
[2024-12-10T06:11:45.332Z] Error reading register 6507 for IP 10.30.4.128: A Modbus Exception Occurred - See Response Body
[2024-12-10T06:11:45.333Z] Error reading actual data: A Modbus Exception Occurred - See Response Body
[2024-12-10T06:11:45.334Z] Error writing to Modbus register: A Modbus Exception Occurred - See Response Body
[2024-12-10T06:11:46.338Z] Error reading or processing Modbus registers: A Modbus Exception Occurred - See Response Body
[2024-12-10T06:11:46.340Z] Error reading register 6507 for IP 10.30.4.128: A Modbus Exception Occurred - See Response Body
[2024-12-10T06:11:46.341Z] Error reading actual data: A Modbus Exception Occurred - See Response Body
[2024-12-10T06:11:46.342Z] Error writing to Modbus register: A Modbus Exception Occurred - See Response Body
[2024-12-10T06:11:47.343Z] Error reading or processing Modbus registers: A Modbus Exception Occurred - See Response Body
[2024-12-10T06:11:47.346Z] Error reading register 6507 for IP 10.30.4.128: A Modbus Exception Occurred - See Response Body
[2024-12-10T06:11:47.346Z] Error reading actual data: A Modbus Exception Occurred - See Response Body
[2024-12-10T06:11:47.347Z] Error writing to Modbus register: A Modbus Exception Occurred - See Response Body
[2024-12-10T06:11:48.346Z] Error reading or processing Modbus registers: A Modbus Exception Occurred - See Response Body
[2024-12-10T06:11:48.348Z] Error reading register 6507 for IP 10.30.4.128: A Modbus Exception Occurred - See Response Body
[2024-12-10T06:11:48.349Z] Error reading actual data: A Modbus Exception Occurred - See Response Body
[2024-12-10T06:11:48.349Z] Error writing to Modbus register: A Modbus Exception Occurred - See Response Body
[2024-12-10T06:11:49.348Z] Error reading or processing Modbus registers: A Modbus Exception Occurred - See Response Body
[2024-12-10T06:11:49.350Z] Error reading register 6507 for IP 10.30.4.128: A Modbus Exception Occurred - See Response Body
[2024-12-10T06:11:49.351Z] Error reading actual data: A Modbus Exception Occurred - See Response Body
[2024-12-10T06:11:49.351Z] Error writing to Modbus register: A Modbus Exception Occurred - See Response Body
[2024-12-10T06:11:50.353Z] Error reading or processing Modbus registers: A Modbus Exception Occurred - See Response Body
[2024-12-10T06:11:50.354Z] Error reading register 6507 for IP 10.30.4.128: A Modbus Exception Occurred - See Response Body
[2024-12-10T06:11:50.355Z] Error reading actual data: A Modbus Exception Occurred - See Response Body
[2024-12-10T06:11:50.355Z] Error writing to Modbus register: A Modbus Exception Occurred - See Response Body
[2024-12-10T06:11:51.353Z] Error reading or processing Modbus registers: A Modbus Exception Occurred - See Response Body
[2024-12-10T06:11:51.356Z] Error reading register 6507 for IP 10.30.4.128: A Modbus Exception Occurred - See Response Body
[2024-12-10T06:11:51.357Z] Error reading actual data: A Modbus Exception Occurred - See Response Body
[2024-12-10T06:11:51.357Z] Error writing to Modbus register: A Modbus Exception Occurred - See Response Body
[2024-12-10T06:11:52.361Z] Error reading or processing Modbus registers: A Modbus Exception Occurred - See Response Body
[2024-12-10T06:11:52.363Z] Error reading register 6507 for IP 10.30.4.128: A Modbus Exception Occurred - See Response Body
[2024-12-10T06:11:52.364Z] Error reading actual data: A Modbus Exception Occurred - See Response Body
[2024-12-10T06:11:52.364Z] Error writing to Modbus register: A Modbus Exception Occurred - See Response Body
[2024-12-10T06:11:53.375Z] Error reading or processing Modbus registers: A Modbus Exception Occurred - See Response Body
[2024-12-10T06:11:53.377Z] Error reading register 6507 for IP 10.30.4.128: A Modbus Exception Occurred - See Response Body
[2024-12-10T06:11:53.378Z] Error reading actual data: A Modbus Exception Occurred - See Response Body
[2024-12-10T06:11:53.378Z] Error writing to Modbus register: A Modbus Exception Occurred - See Response Body
[2024-12-10T06:11:54.382Z] Error reading or processing Modbus registers: A Modbus Exception Occurred - See Response Body
[2024-12-10T06:11:54.384Z] Error reading register 6507 for IP 10.30.4.128: A Modbus Exception Occurred - See Response Body
[2024-12-10T06:11:54.385Z] Error reading actual data: A Modbus Exception Occurred - See Response Body
[2024-12-10T06:11:54.386Z] Error writing to Modbus register: A Modbus Exception Occurred - See Response Body
[2024-12-10T06:11:55.395Z] Error reading or processing Modbus registers: A Modbus Exception Occurred - See Response Body
[2024-12-10T06:11:55.397Z] Error reading register 6507 for IP 10.30.4.128: A Modbus Exception Occurred - See Response Body
[2024-12-10T06:11:55.398Z] Error reading actual data: A Modbus Exception Occurred - See Response Body
[2024-12-10T06:11:55.398Z] Error writing to Modbus register: A Modbus Exception Occurred - See Response Body
[2024-12-10T06:11:56.405Z] Error reading or processing Modbus registers: A Modbus Exception Occurred - See Response Body
[2024-12-10T06:11:56.407Z] Error reading register 6507 for IP 10.30.4.128: A Modbus Exception Occurred - See Response Body
[2024-12-10T06:11:56.407Z] Error reading actual data: A Modbus Exception Occurred - See Response Body
[2024-12-10T06:11:56.407Z] Error writing to Modbus register: A Modbus Exception Occurred - See Response Body
[2024-12-10T06:11:57.418Z] Error reading or processing Modbus registers: A Modbus Exception Occurred - See Response Body
[2024-12-10T06:11:57.420Z] Error reading register 6507 for IP 10.30.4.128: A Modbus Exception Occurred - See Response Body
[2024-12-10T06:11:57.421Z] Error reading actual data: A Modbus Exception Occurred - See Response Body
[2024-12-10T06:11:57.421Z] Error writing to Modbus register: A Modbus Exception Occurred - See Response Body
[2024-12-10T06:11:58.432Z] Error reading or processing Modbus registers: A Modbus Exception Occurred - See Response Body
[2024-12-10T06:11:58.434Z] Error reading register 6507 for IP 10.30.4.128: A Modbus Exception Occurred - See Response Body
[2024-12-10T06:11:58.434Z] Error reading actual data: A Modbus Exception Occurred - See Response Body
[2024-12-10T06:11:58.435Z] Error writing to Modbus register: A Modbus Exception Occurred - See Response Body
[2024-12-10T06:11:59.442Z] Error reading or processing Modbus registers: A Modbus Exception Occurred - See Response Body
[2024-12-10T06:11:59.444Z] Error reading register 6507 for IP 10.30.4.128: A Modbus Exception Occurred - See Response Body
[2024-12-10T06:11:59.445Z] Error reading actual data: A Modbus Exception Occurred - See Response Body
[2024-12-10T06:11:59.445Z] Error writing to Modbus register: A Modbus Exception Occurred - See Response Body
[2024-12-10T06:12:00.452Z] Error reading or processing Modbus registers: A Modbus Exception Occurred - See Response Body
[2024-12-10T06:12:00.454Z] Error reading register 6507 for IP 10.30.4.128: A Modbus Exception Occurred - See Response Body
[2024-12-10T06:12:00.454Z] Error reading actual data: A Modbus Exception Occurred - See Response Body
[2024-12-10T06:12:00.455Z] Error writing to Modbus register: A Modbus Exception Occurred - See Response Body
[2024-12-10T06:12:01.457Z] Error reading or processing Modbus registers: A Modbus Exception Occurred - See Response Body
[2024-12-10T06:12:01.459Z] Error reading register 6507 for IP 10.30.4.128: A Modbus Exception Occurred - See Response Body
[2024-12-10T06:12:01.460Z] Error reading actual data: A Modbus Exception Occurred - See Response Body
[2024-12-10T06:12:01.460Z] Error writing to Modbus register: A Modbus Exception Occurred - See Response Body
[2024-12-10T06:12:02.470Z] Error reading or processing Modbus registers: A Modbus Exception Occurred - See Response Body
[2024-12-10T06:12:02.472Z] Error reading register 6507 for IP 10.30.4.128: A Modbus Exception Occurred - See Response Body
[2024-12-10T06:12:02.473Z] Error reading actual data: A Modbus Exception Occurred - See Response Body
[2024-12-10T06:12:02.473Z] Error writing to Modbus register: A Modbus Exception Occurred - See Response Body
[2024-12-10T06:12:03.485Z] Error reading or processing Modbus registers: A Modbus Exception Occurred - See Response Body
[2024-12-10T06:12:03.487Z] Error reading register 6507 for IP 10.30.4.128: A Modbus Exception Occurred - See Response Body
[2024-12-10T06:12:03.487Z] Error reading actual data: A Modbus Exception Occurred - See Response Body
[2024-12-10T06:12:03.488Z] Error writing to Modbus register: A Modbus Exception Occurred - See Response Body
[2024-12-10T06:12:04.495Z] Error reading or processing Modbus registers: A Modbus Exception Occurred - See Response Body
[2024-12-10T06:12:04.497Z] Error reading register 6507 for IP 10.30.4.128: A Modbus Exception Occurred - See Response Body
[2024-12-10T06:12:04.498Z] Error reading actual data: A Modbus Exception Occurred - See Response Body
[2024-12-10T06:12:04.499Z] Error writing to Modbus register: A Modbus Exception Occurred - See Response Body
[2024-12-10T06:12:05.495Z] Error reading or processing Modbus registers: A Modbus Exception Occurred - See Response Body
[2024-12-10T06:12:05.497Z] Error reading register 6507 for IP 10.30.4.128: A Modbus Exception Occurred - See Response Body
[2024-12-10T06:12:05.498Z] Error reading actual data: A Modbus Exception Occurred - See Response Body
[2024-12-10T06:12:05.499Z] Error writing to Modbus register: A Modbus Exception Occurred - See Response Body
[2024-12-10T06:12:06.507Z] Error reading or processing Modbus registers: A Modbus Exception Occurred - See Response Body
[2024-12-10T06:12:06.509Z] Error reading register 6507 for IP 10.30.4.128: A Modbus Exception Occurred - See Response Body
[2024-12-10T06:12:06.509Z] Error reading actual data: A Modbus Exception Occurred - See Response Body
[2024-12-10T06:12:06.510Z] Error writing to Modbus register: A Modbus Exception Occurred - See Response Body
[2024-12-10T06:12:07.517Z] Error reading or processing Modbus registers: A Modbus Exception Occurred - See Response Body
[2024-12-10T06:12:07.519Z] Error reading register 6507 for IP 10.30.4.128: A Modbus Exception Occurred - See Response Body
[2024-12-10T06:12:07.520Z] Error reading actual data: A Modbus Exception Occurred - See Response Body
[2024-12-10T06:12:07.520Z] Error writing to Modbus register: A Modbus Exception Occurred - See Response Body
[2024-12-10T06:12:08.527Z] Error reading or processing Modbus registers: A Modbus Exception Occurred - See Response Body
[2024-12-10T06:12:08.529Z] Error reading register 6507 for IP 10.30.4.128: A Modbus Exception Occurred - See Response Body
[2024-12-10T06:12:08.529Z] Error reading actual data: A Modbus Exception Occurred - See Response Body
[2024-12-10T06:12:08.530Z] Error writing to Modbus register: A Modbus Exception Occurred - See Response Body
[2024-12-10T06:12:09.539Z] Error reading or processing Modbus registers: A Modbus Exception Occurred - See Response Body
[2024-12-10T06:12:09.541Z] Error reading register 6507 for IP 10.30.4.128: A Modbus Exception Occurred - See Response Body
[2024-12-10T06:12:09.542Z] Error reading actual data: A Modbus Exception Occurred - See Response Body
[2024-12-10T06:12:09.543Z] Error writing to Modbus register: A Modbus Exception Occurred - See Response Body
[2024-12-10T06:12:10.544Z] Error reading or processing Modbus registers: A Modbus Exception Occurred - See Response Body
[2024-12-10T06:12:10.546Z] Error reading register 6507 for IP 10.30.4.128: A Modbus Exception Occurred - See Response Body
[2024-12-10T06:12:10.547Z] Error reading actual data: A Modbus Exception Occurred - See Response Body
[2024-12-10T06:12:10.547Z] Error writing to Modbus register: A Modbus Exception Occurred - See Response Body
[2024-12-10T06:12:11.549Z] Error reading or processing Modbus registers: A Modbus Exception Occurred - See Response Body
[2024-12-10T06:12:11.551Z] Error reading register 6507 for IP 10.30.4.128: A Modbus Exception Occurred - See Response Body
[2024-12-10T06:12:11.552Z] Error reading actual data: A Modbus Exception Occurred - See Response Body
[2024-12-10T06:12:11.553Z] Error writing to Modbus register: A Modbus Exception Occurred - See Response Body
[2024-12-10T06:12:12.550Z] Error reading or processing Modbus registers: A Modbus Exception Occurred - See Response Body
[2024-12-10T06:12:12.552Z] Error reading register 6507 for IP 10.30.4.128: A Modbus Exception Occurred - See Response Body
[2024-12-10T06:12:12.553Z] Error reading actual data: A Modbus Exception Occurred - See Response Body
[2024-12-10T06:12:12.553Z] Error writing to Modbus register: A Modbus Exception Occurred - See Response Body
[2024-12-10T06:12:13.563Z] Error reading or processing Modbus registers: A Modbus Exception Occurred - See Response Body
[2024-12-10T06:12:13.565Z] Error reading register 6507 for IP 10.30.4.128: A Modbus Exception Occurred - See Response Body
[2024-12-10T06:12:13.566Z] Error reading actual data: A Modbus Exception Occurred - See Response Body
[2024-12-10T06:12:13.567Z] Error writing to Modbus register: A Modbus Exception Occurred - See Response Body
[2024-12-10T06:12:14.573Z] Error reading or processing Modbus registers: A Modbus Exception Occurred - See Response Body
[2024-12-10T06:12:14.575Z] Error reading register 6507 for IP 10.30.4.128: A Modbus Exception Occurred - See Response Body
[2024-12-10T06:12:14.576Z] Error reading actual data: A Modbus Exception Occurred - See Response Body
[2024-12-10T06:12:14.576Z] Error writing to Modbus register: A Modbus Exception Occurred - See Response Body
[2024-12-10T06:12:15.586Z] Error reading or processing Modbus registers: A Modbus Exception Occurred - See Response Body
[2024-12-10T06:12:15.588Z] Error reading register 6507 for IP 10.30.4.128: A Modbus Exception Occurred - See Response Body
[2024-12-10T06:12:15.589Z] Error reading actual data: A Modbus Exception Occurred - See Response Body
[2024-12-10T06:12:15.589Z] Error writing to Modbus register: A Modbus Exception Occurred - See Response Body
[2024-12-10T06:12:16.593Z] Error reading or processing Modbus registers: A Modbus Exception Occurred - See Response Body
[2024-12-10T06:12:16.595Z] Error reading register 6507 for IP 10.30.4.128: A Modbus Exception Occurred - See Response Body
[2024-12-10T06:12:16.596Z] Error reading actual data: A Modbus Exception Occurred - See Response Body
[2024-12-10T06:12:16.596Z] Error writing to Modbus register: A Modbus Exception Occurred - See Response Body
[2024-12-10T06:12:17.593Z] Error reading or processing Modbus registers: A Modbus Exception Occurred - See Response Body
[2024-12-10T06:12:17.594Z] Error reading register 6507 for IP 10.30.4.128: A Modbus Exception Occurred - See Response Body
[2024-12-10T06:12:17.595Z] Error reading actual data: A Modbus Exception Occurred - See Response Body
[2024-12-10T06:12:17.595Z] Error writing to Modbus register: A Modbus Exception Occurred - See Response Body
[2024-12-10T06:12:18.603Z] Error reading or processing Modbus registers: A Modbus Exception Occurred - See Response Body
[2024-12-10T06:12:18.604Z] Error reading register 6507 for IP 10.30.4.128: A Modbus Exception Occurred - See Response Body
[2024-12-10T06:12:18.605Z] Error reading actual data: A Modbus Exception Occurred - See Response Body
[2024-12-10T06:12:18.605Z] Error writing to Modbus register: A Modbus Exception Occurred - See Response Body
[2024-12-10T06:12:19.615Z] Error reading or processing Modbus registers: A Modbus Exception Occurred - See Response Body
[2024-12-10T06:12:19.617Z] Error reading register 6507 for IP 10.30.4.128: A Modbus Exception Occurred - See Response Body
[2024-12-10T06:12:19.618Z] Error reading actual data: A Modbus Exception Occurred - See Response Body
[2024-12-10T06:12:19.618Z] Error writing to Modbus register: A Modbus Exception Occurred - See Response Body
[2024-12-10T06:12:20.626Z] Error reading or processing Modbus registers: A Modbus Exception Occurred - See Response Body
[2024-12-10T06:12:20.628Z] Error reading register 6507 for IP 10.30.4.128: A Modbus Exception Occurred - See Response Body
[2024-12-10T06:12:20.628Z] Error reading actual data: A Modbus Exception Occurred - See Response Body
[2024-12-10T06:12:20.629Z] Error writing to Modbus register: A Modbus Exception Occurred - See Response Body
[2024-12-10T06:12:21.639Z] Error reading or processing Modbus registers: A Modbus Exception Occurred - See Response Body
[2024-12-10T06:12:21.641Z] Error reading register 6507 for IP 10.30.4.128: A Modbus Exception Occurred - See Response Body
[2024-12-10T06:12:21.642Z] Error reading actual data: A Modbus Exception Occurred - See Response Body
[2024-12-10T06:12:21.642Z] Error writing to Modbus register: A Modbus Exception Occurred - See Response Body
[2024-12-10T06:12:22.643Z] Error reading or processing Modbus registers: A Modbus Exception Occurred - See Response Body
[2024-12-10T06:12:22.647Z] Error reading register 6507 for IP 10.30.4.128: A Modbus Exception Occurred - See Response Body
[2024-12-10T06:12:22.647Z] Error reading actual data: A Modbus Exception Occurred - See Response Body
[2024-12-10T06:12:22.648Z] Error writing to Modbus register: A Modbus Exception Occurred - See Response Body
[2024-12-10T06:12:23.652Z] Error reading or processing Modbus registers: A Modbus Exception Occurred - See Response Body
[2024-12-10T06:12:23.654Z] Error reading register 6507 for IP 10.30.4.128: A Modbus Exception Occurred - See Response Body
[2024-12-10T06:12:23.655Z] Error reading actual data: A Modbus Exception Occurred - See Response Body
[2024-12-10T06:12:23.657Z] Error writing to Modbus register: A Modbus Exception Occurred - See Response Body
[2024-12-10T06:12:24.658Z] Error reading or processing Modbus registers: A Modbus Exception Occurred - See Response Body
[2024-12-10T06:12:24.660Z] Error reading register 6507 for IP 10.30.4.128: A Modbus Exception Occurred - See Response Body
[2024-12-10T06:12:24.661Z] Error reading actual data: A Modbus Exception Occurred - See Response Body
[2024-12-10T06:12:24.662Z] Error writing to Modbus register: A Modbus Exception Occurred - See Response Body
[2024-12-10T06:12:25.671Z] Error reading or processing Modbus registers: A Modbus Exception Occurred - See Response Body
[2024-12-10T06:12:25.673Z] Error reading register 6507 for IP 10.30.4.128: A Modbus Exception Occurred - See Response Body
[2024-12-10T06:12:25.673Z] Error reading actual data: A Modbus Exception Occurred - See Response Body
[2024-12-10T06:12:25.674Z] Error writing to Modbus register: A Modbus Exception Occurred - See Response Body
[2024-12-10T06:12:26.676Z] Error reading or processing Modbus registers: A Modbus Exception Occurred - See Response Body
[2024-12-10T06:12:26.678Z] Error reading register 6507 for IP 10.30.4.128: A Modbus Exception Occurred - See Response Body
[2024-12-10T06:12:26.678Z] Error reading actual data: A Modbus Exception Occurred - See Response Body
[2024-12-10T06:12:26.679Z] Error writing to Modbus register: A Modbus Exception Occurred - See Response Body
[2024-12-10T06:12:27.686Z] Error reading or processing Modbus registers: A Modbus Exception Occurred - See Response Body
[2024-12-10T06:12:27.689Z] Error reading register 6507 for IP 10.30.4.128: A Modbus Exception Occurred - See Response Body
[2024-12-10T06:12:27.690Z] Error reading actual data: A Modbus Exception Occurred - See Response Body
[2024-12-10T06:12:27.690Z] Error writing to Modbus register: A Modbus Exception Occurred - See Response Body
[2024-12-10T06:12:28.693Z] Error reading or processing Modbus registers: A Modbus Exception Occurred - See Response Body
[2024-12-10T06:12:28.695Z] Error reading register 6507 for IP 10.30.4.128: A Modbus Exception Occurred - See Response Body
[2024-12-10T06:12:28.696Z] Error reading actual data: A Modbus Exception Occurred - See Response Body
[2024-12-10T06:12:28.697Z] Error writing to Modbus register: A Modbus Exception Occurred - See Response Body
[2024-12-10T06:12:29.698Z] Error reading or processing Modbus registers: A Modbus Exception Occurred - See Response Body
[2024-12-10T06:12:29.700Z] Error reading register 6507 for IP 10.30.4.128: A Modbus Exception Occurred - See Response Body
[2024-12-10T06:12:29.701Z] Error reading actual data: A Modbus Exception Occurred - See Response Body
[2024-12-10T06:12:29.702Z] Error writing to Modbus register: A Modbus Exception Occurred - See Response Body
[2024-12-10T06:12:30.708Z] Error reading or processing Modbus registers: A Modbus Exception Occurred - See Response Body
[2024-12-10T06:12:30.710Z] Error reading register 6507 for IP 10.30.4.128: A Modbus Exception Occurred - See Response Body
[2024-12-10T06:12:30.711Z] Error reading actual data: A Modbus Exception Occurred - See Response Body
[2024-12-10T06:12:30.712Z] Error writing to Modbus register: A Modbus Exception Occurred - See Response Body
[2024-12-10T06:12:31.711Z] Error reading or processing Modbus registers: A Modbus Exception Occurred - See Response Body
[2024-12-10T06:12:31.713Z] Error reading register 6507 for IP 10.30.4.128: A Modbus Exception Occurred - See Response Body
[2024-12-10T06:12:31.714Z] Error reading actual data: A Modbus Exception Occurred - See Response Body
[2024-12-10T06:12:31.715Z] Error writing to Modbus register: A Modbus Exception Occurred - See Response Body
[2024-12-10T06:12:32.721Z] Error reading or processing Modbus registers: A Modbus Exception Occurred - See Response Body
[2024-12-10T06:12:32.723Z] Error reading register 6507 for IP 10.30.4.128: A Modbus Exception Occurred - See Response Body
[2024-12-10T06:12:32.724Z] Error reading actual data: A Modbus Exception Occurred - See Response Body
[2024-12-10T06:12:32.725Z] Error writing to Modbus register: A Modbus Exception Occurred - See Response Body
[2024-12-10T06:12:33.734Z] Error reading or processing Modbus registers: A Modbus Exception Occurred - See Response Body
[2024-12-10T06:12:33.736Z] Error reading register 6507 for IP 10.30.4.128: A Modbus Exception Occurred - See Response Body
[2024-12-10T06:12:33.737Z] Error reading actual data: A Modbus Exception Occurred - See Response Body
[2024-12-10T06:12:33.737Z] Error writing to Modbus register: A Modbus Exception Occurred - See Response Body
[2024-12-10T06:12:34.746Z] Error reading or processing Modbus registers: A Modbus Exception Occurred - See Response Body
[2024-12-10T06:12:34.748Z] Error reading register 6507 for IP 10.30.4.128: A Modbus Exception Occurred - See Response Body
[2024-12-10T06:12:34.749Z] Error reading actual data: A Modbus Exception Occurred - See Response Body
[2024-12-10T06:12:34.750Z] Error writing to Modbus register: A Modbus Exception Occurred - See Response Body
[2024-12-10T06:12:35.760Z] Error reading or processing Modbus registers: A Modbus Exception Occurred - See Response Body
[2024-12-10T06:12:35.762Z] Error reading register 6507 for IP 10.30.4.128: A Modbus Exception Occurred - See Response Body
[2024-12-10T06:12:35.762Z] Error reading actual data: A Modbus Exception Occurred - See Response Body
[2024-12-10T06:12:35.763Z] Error writing to Modbus register: A Modbus Exception Occurred - See Response Body
[2024-12-10T06:12:36.767Z] Error reading or processing Modbus registers: A Modbus Exception Occurred - See Response Body
[2024-12-10T06:12:36.769Z] Error reading register 6507 for IP 10.30.4.128: A Modbus Exception Occurred - See Response Body
[2024-12-10T06:12:36.770Z] Error reading actual data: A Modbus Exception Occurred - See Response Body
[2024-12-10T06:12:36.770Z] Error writing to Modbus register: A Modbus Exception Occurred - See Response Body
[2024-12-10T06:12:37.770Z] Error reading or processing Modbus registers: A Modbus Exception Occurred - See Response Body
[2024-12-10T06:12:37.772Z] Error reading register 6507 for IP 10.30.4.128: A Modbus Exception Occurred - See Response Body
[2024-12-10T06:12:37.773Z] Error reading actual data: A Modbus Exception Occurred - See Response Body
[2024-12-10T06:12:37.774Z] Error writing to Modbus register: A Modbus Exception Occurred - See Response Body
[2024-12-10T06:12:38.772Z] Error reading or processing Modbus registers: A Modbus Exception Occurred - See Response Body
[2024-12-10T06:12:38.774Z] Error reading register 6507 for IP 10.30.4.128: A Modbus Exception Occurred - See Response Body
[2024-12-10T06:12:38.775Z] Error reading actual data: A Modbus Exception Occurred - See Response Body
[2024-12-10T06:12:38.775Z] Error writing to Modbus register: A Modbus Exception Occurred - See Response Body
[2024-12-10T06:12:39.774Z] Error reading or processing Modbus registers: A Modbus Exception Occurred - See Response Body
[2024-12-10T06:12:39.777Z] Error reading register 6507 for IP 10.30.4.128: A Modbus Exception Occurred - See Response Body
[2024-12-10T06:12:39.778Z] Error reading actual data: A Modbus Exception Occurred - See Response Body
[2024-12-10T06:12:39.778Z] Error writing to Modbus register: A Modbus Exception Occurred - See Response Body
[2024-12-10T06:12:40.777Z] Error reading or processing Modbus registers: A Modbus Exception Occurred - See Response Body
[2024-12-10T06:12:40.779Z] Error reading register 6507 for IP 10.30.4.128: A Modbus Exception Occurred - See Response Body
[2024-12-10T06:12:40.780Z] Error reading actual data: A Modbus Exception Occurred - See Response Body
[2024-12-10T06:12:40.780Z] Error writing to Modbus register: A Modbus Exception Occurred - See Response Body
[2024-12-10T06:12:41.779Z] Error reading or processing Modbus registers: A Modbus Exception Occurred - See Response Body
[2024-12-10T06:12:41.782Z] Error reading register 6507 for IP 10.30.4.128: A Modbus Exception Occurred - See Response Body
[2024-12-10T06:12:41.782Z] Error reading actual data: A Modbus Exception Occurred - See Response Body
[2024-12-10T06:12:41.783Z] Error writing to Modbus register: A Modbus Exception Occurred - See Response Body
[2024-12-10T06:12:42.782Z] Error reading or processing Modbus registers: A Modbus Exception Occurred - See Response Body
[2024-12-10T06:12:42.785Z] Error reading register 6507 for IP 10.30.4.128: A Modbus Exception Occurred - See Response Body
[2024-12-10T06:12:42.785Z] Error reading actual data: A Modbus Exception Occurred - See Response Body
[2024-12-10T06:12:42.786Z] Error writing to Modbus register: A Modbus Exception Occurred - See Response Body
[2024-12-10T06:12:43.784Z] Error reading or processing Modbus registers: A Modbus Exception Occurred - See Response Body
[2024-12-10T06:12:43.787Z] Error reading register 6507 for IP 10.30.4.128: A Modbus Exception Occurred - See Response Body
[2024-12-10T06:12:43.787Z] Error reading actual data: A Modbus Exception Occurred - See Response Body
[2024-12-10T06:12:43.788Z] Error writing to Modbus register: A Modbus Exception Occurred - See Response Body
[2024-12-10T06:12:44.797Z] Error reading or processing Modbus registers: A Modbus Exception Occurred - See Response Body
[2024-12-10T06:12:44.799Z] Error reading register 6507 for IP 10.30.4.128: A Modbus Exception Occurred - See Response Body
[2024-12-10T06:12:44.800Z] Error reading actual data: A Modbus Exception Occurred - See Response Body
[2024-12-10T06:12:44.800Z] Error writing to Modbus register: A Modbus Exception Occurred - See Response Body
[2024-12-10T06:12:45.808Z] Error reading or processing Modbus registers: A Modbus Exception Occurred - See Response Body
[2024-12-10T06:12:45.811Z] Error reading register 6507 for IP 10.30.4.128: A Modbus Exception Occurred - See Response Body
[2024-12-10T06:12:45.812Z] Error reading actual data: A Modbus Exception Occurred - See Response Body
[2024-12-10T06:12:45.812Z] Error writing to Modbus register: A Modbus Exception Occurred - See Response Body
[2024-12-10T06:12:46.821Z] Error reading or processing Modbus registers: A Modbus Exception Occurred - See Response Body
[2024-12-10T06:12:46.823Z] Error reading register 6507 for IP 10.30.4.128: A Modbus Exception Occurred - See Response Body
[2024-12-10T06:12:46.824Z] Error reading actual data: A Modbus Exception Occurred - See Response Body
[2024-12-10T06:12:46.825Z] Error writing to Modbus register: A Modbus Exception Occurred - See Response Body
[2024-12-10T06:12:47.837Z] Error reading or processing Modbus registers: A Modbus Exception Occurred - See Response Body
[2024-12-10T06:12:47.839Z] Error reading register 6507 for IP 10.30.4.128: A Modbus Exception Occurred - See Response Body
[2024-12-10T06:12:47.839Z] Error reading actual data: A Modbus Exception Occurred - See Response Body
[2024-12-10T06:12:47.840Z] Error writing to Modbus register: A Modbus Exception Occurred - See Response Body
[2024-12-10T06:12:48.851Z] Error reading or processing Modbus registers: A Modbus Exception Occurred - See Response Body
[2024-12-10T06:12:48.854Z] Error reading register 6507 for IP 10.30.4.128: A Modbus Exception Occurred - See Response Body
[2024-12-10T06:12:48.855Z] Error reading actual data: A Modbus Exception Occurred - See Response Body
[2024-12-10T06:12:48.856Z] Error writing to Modbus register: A Modbus Exception Occurred - See Response Body
[2024-12-10T06:12:49.864Z] Error reading or processing Modbus registers: A Modbus Exception Occurred - See Response Body
[2024-12-10T06:12:49.866Z] Error reading register 6507 for IP 10.30.4.128: A Modbus Exception Occurred - See Response Body
[2024-12-10T06:12:49.867Z] Error reading actual data: A Modbus Exception Occurred - See Response Body
[2024-12-10T06:12:49.867Z] Error writing to Modbus register: A Modbus Exception Occurred - See Response Body
[2024-12-10T06:12:50.872Z] Error reading or processing Modbus registers: A Modbus Exception Occurred - See Response Body
[2024-12-10T06:12:50.873Z] Error reading register 6507 for IP 10.30.4.128: A Modbus Exception Occurred - See Response Body
[2024-12-10T06:12:50.874Z] Error reading actual data: A Modbus Exception Occurred - See Response Body
[2024-12-10T06:12:50.875Z] Error writing to Modbus register: A Modbus Exception Occurred - See Response Body
[2024-12-10T06:12:51.880Z] Error reading or processing Modbus registers: A Modbus Exception Occurred - See Response Body
[2024-12-10T06:12:51.882Z] Error reading register 6507 for IP 10.30.4.128: A Modbus Exception Occurred - See Response Body
[2024-12-10T06:12:51.882Z] Error reading actual data: A Modbus Exception Occurred - See Response Body
[2024-12-10T06:12:51.883Z] Error writing to Modbus register: A Modbus Exception Occurred - See Response Body
[2024-12-10T06:12:52.890Z] Error reading or processing Modbus registers: A Modbus Exception Occurred - See Response Body
[2024-12-10T06:12:52.893Z] Error reading register 6507 for IP 10.30.4.128: A Modbus Exception Occurred - See Response Body
[2024-12-10T06:12:52.893Z] Error reading actual data: A Modbus Exception Occurred - See Response Body
[2024-12-10T06:12:52.894Z] Error writing to Modbus register: A Modbus Exception Occurred - See Response Body
[2024-12-10T06:12:53.897Z] Error reading or processing Modbus registers: A Modbus Exception Occurred - See Response Body
[2024-12-10T06:12:53.899Z] Error reading register 6507 for IP 10.30.4.128: A Modbus Exception Occurred - See Response Body
[2024-12-10T06:12:53.900Z] Error reading actual data: A Modbus Exception Occurred - See Response Body
[2024-12-10T06:12:53.901Z] Error writing to Modbus register: A Modbus Exception Occurred - See Response Body
[2024-12-10T06:12:54.905Z] Error reading or processing Modbus registers: A Modbus Exception Occurred - See Response Body
[2024-12-10T06:12:54.907Z] Error reading register 6507 for IP 10.30.4.128: A Modbus Exception Occurred - See Response Body
[2024-12-10T06:12:54.908Z] Error reading actual data: A Modbus Exception Occurred - See Response Body
[2024-12-10T06:12:54.909Z] Error writing to Modbus register: A Modbus Exception Occurred - See Response Body
[2024-12-10T06:12:55.913Z] Error reading or processing Modbus registers: A Modbus Exception Occurred - See Response Body
[2024-12-10T06:12:55.916Z] Error reading register 6507 for IP 10.30.4.128: A Modbus Exception Occurred - See Response Body
[2024-12-10T06:12:55.917Z] Error reading actual data: A Modbus Exception Occurred - See Response Body
[2024-12-10T06:12:55.917Z] Error writing to Modbus register: A Modbus Exception Occurred - See Response Body
[2024-12-10T06:12:56.918Z] Error reading or processing Modbus registers: A Modbus Exception Occurred - See Response Body
[2024-12-10T06:12:56.920Z] Error reading register 6507 for IP 10.30.4.128: A Modbus Exception Occurred - See Response Body
[2024-12-10T06:12:56.920Z] Error reading actual data: A Modbus Exception Occurred - See Response Body
[2024-12-10T06:12:56.921Z] Error writing to Modbus register: A Modbus Exception Occurred - See Response Body
[2024-12-10T06:12:57.927Z] Error reading or processing Modbus registers: A Modbus Exception Occurred - See Response Body
[2024-12-10T06:12:57.929Z] Error reading register 6507 for IP 10.30.4.128: A Modbus Exception Occurred - See Response Body
[2024-12-10T06:12:57.930Z] Error reading actual data: A Modbus Exception Occurred - See Response Body
[2024-12-10T06:12:57.930Z] Error writing to Modbus register: A Modbus Exception Occurred - See Response Body
[2024-12-10T06:12:58.933Z] Error reading or processing Modbus registers: A Modbus Exception Occurred - See Response Body
[2024-12-10T06:12:58.935Z] Error reading register 6507 for IP 10.30.4.128: A Modbus Exception Occurred - See Response Body
[2024-12-10T06:12:58.936Z] Error reading actual data: A Modbus Exception Occurred - See Response Body
[2024-12-10T06:12:58.937Z] Error writing to Modbus register: A Modbus Exception Occurred - See Response Body
[2024-12-10T06:12:59.934Z] Error reading or processing Modbus registers: A Modbus Exception Occurred - See Response Body
[2024-12-10T06:12:59.937Z] Error reading register 6507 for IP 10.30.4.128: A Modbus Exception Occurred - See Response Body
[2024-12-10T06:12:59.937Z] Error reading actual data: A Modbus Exception Occurred - See Response Body
[2024-12-10T06:12:59.938Z] Error writing to Modbus register: A Modbus Exception Occurred - See Response Body
[2024-12-10T06:13:00.938Z] Error reading or processing Modbus registers: A Modbus Exception Occurred - See Response Body
[2024-12-10T06:13:00.941Z] Error reading register 6507 for IP 10.30.4.128: A Modbus Exception Occurred - See Response Body
[2024-12-10T06:13:00.942Z] Error reading actual data: A Modbus Exception Occurred - See Response Body
[2024-12-10T06:13:00.942Z] Error writing to Modbus register: A Modbus Exception Occurred - See Response Body
[2024-12-10T06:13:01.948Z] Error reading or processing Modbus registers: A Modbus Exception Occurred - See Response Body
[2024-12-10T06:13:01.950Z] Error reading register 6507 for IP 10.30.4.128: A Modbus Exception Occurred - See Response Body
[2024-12-10T06:13:01.951Z] Error reading actual data: A Modbus Exception Occurred - See Response Body
[2024-12-10T06:13:01.952Z] Error writing to Modbus register: A Modbus Exception Occurred - See Response Body
[2024-12-10T06:13:02.953Z] Error reading or processing Modbus registers: A Modbus Exception Occurred - See Response Body
[2024-12-10T06:13:02.955Z] Error reading register 6507 for IP 10.30.4.128: A Modbus Exception Occurred - See Response Body
[2024-12-10T06:13:02.955Z] Error reading actual data: A Modbus Exception Occurred - See Response Body
[2024-12-10T06:13:02.959Z] Error writing to Modbus register: A Modbus Exception Occurred - See Response Body
[2024-12-10T06:13:03.959Z] Error reading or processing Modbus registers: A Modbus Exception Occurred - See Response Body
[2024-12-10T06:13:03.961Z] Error reading register 6507 for IP 10.30.4.128: A Modbus Exception Occurred - See Response Body
[2024-12-10T06:13:03.962Z] Error reading actual data: A Modbus Exception Occurred - See Response Body
[2024-12-10T06:13:03.962Z] Error writing to Modbus register: A Modbus Exception Occurred - See Response Body
[2024-12-10T06:13:04.971Z] Error reading or processing Modbus registers: A Modbus Exception Occurred - See Response Body
[2024-12-10T06:13:04.973Z] Error reading register 6507 for IP 10.30.4.128: A Modbus Exception Occurred - See Response Body
[2024-12-10T06:13:04.974Z] Error reading actual data: A Modbus Exception Occurred - See Response Body
[2024-12-10T06:13:04.975Z] Error writing to Modbus register: A Modbus Exception Occurred - See Response Body
[2024-12-10T06:13:05.986Z] Error reading or processing Modbus registers: A Modbus Exception Occurred - See Response Body
[2024-12-10T06:13:05.988Z] Error reading register 6507 for IP 10.30.4.128: A Modbus Exception Occurred - See Response Body
[2024-12-10T06:13:05.989Z] Error reading actual data: A Modbus Exception Occurred - See Response Body
[2024-12-10T06:13:05.989Z] Error writing to Modbus register: A Modbus Exception Occurred - See Response Body
[2024-12-10T06:13:06.997Z] Error reading or processing Modbus registers: A Modbus Exception Occurred - See Response Body
[2024-12-10T06:13:06.999Z] Error reading register 6507 for IP 10.30.4.128: A Modbus Exception Occurred - See Response Body
[2024-12-10T06:13:07.000Z] Error reading actual data: A Modbus Exception Occurred - See Response Body
[2024-12-10T06:13:07.000Z] Error writing to Modbus register: A Modbus Exception Occurred - See Response Body
[2024-12-10T06:13:08.006Z] Error reading or processing Modbus registers: A Modbus Exception Occurred - See Response Body
[2024-12-10T06:13:08.008Z] Error reading register 6507 for IP 10.30.4.128: A Modbus Exception Occurred - See Response Body
[2024-12-10T06:13:08.009Z] Error reading actual data: A Modbus Exception Occurred - See Response Body
[2024-12-10T06:13:08.009Z] Error writing to Modbus register: A Modbus Exception Occurred - See Response Body
[2024-12-10T06:13:09.011Z] Error reading or processing Modbus registers: A Modbus Exception Occurred - See Response Body
[2024-12-10T06:13:09.013Z] Error reading register 6507 for IP 10.30.4.128: A Modbus Exception Occurred - See Response Body
[2024-12-10T06:13:09.014Z] Error reading actual data: A Modbus Exception Occurred - See Response Body
[2024-12-10T06:13:09.014Z] Error writing to Modbus register: A Modbus Exception Occurred - See Response Body
[2024-12-10T06:13:10.017Z] Error reading or processing Modbus registers: A Modbus Exception Occurred - See Response Body
[2024-12-10T06:13:10.019Z] Error reading register 6507 for IP 10.30.4.128: A Modbus Exception Occurred - See Response Body
[2024-12-10T06:13:10.020Z] Error reading actual data: A Modbus Exception Occurred - See Response Body
[2024-12-10T06:13:10.020Z] Error writing to Modbus register: A Modbus Exception Occurred - See Response Body
[2024-12-10T06:13:11.019Z] Error reading or processing Modbus registers: A Modbus Exception Occurred - See Response Body
[2024-12-10T06:13:11.021Z] Error reading register 6507 for IP 10.30.4.128: A Modbus Exception Occurred - See Response Body
[2024-12-10T06:13:11.022Z] Error reading actual data: A Modbus Exception Occurred - See Response Body
[2024-12-10T06:13:11.022Z] Error writing to Modbus register: A Modbus Exception Occurred - See Response Body
[2024-12-10T06:13:12.029Z] Error reading or processing Modbus registers: A Modbus Exception Occurred - See Response Body
[2024-12-10T06:13:12.031Z] Error reading register 6507 for IP 10.30.4.128: A Modbus Exception Occurred - See Response Body
[2024-12-10T06:13:12.032Z] Error reading actual data: A Modbus Exception Occurred - See Response Body
[2024-12-10T06:13:12.032Z] Error writing to Modbus register: A Modbus Exception Occurred - See Response Body
[2024-12-10T06:13:13.032Z] Error reading or processing Modbus registers: A Modbus Exception Occurred - See Response Body
[2024-12-10T06:13:13.034Z] Error reading register 6507 for IP 10.30.4.128: A Modbus Exception Occurred - See Response Body
[2024-12-10T06:13:13.035Z] Error reading actual data: A Modbus Exception Occurred - See Response Body
[2024-12-10T06:13:13.036Z] Error writing to Modbus register: A Modbus Exception Occurred - See Response Body
[2024-12-10T06:13:14.040Z] Error reading or processing Modbus registers: A Modbus Exception Occurred - See Response Body
[2024-12-10T06:13:14.042Z] Error reading register 6507 for IP 10.30.4.128: A Modbus Exception Occurred - See Response Body
[2024-12-10T06:13:14.043Z] Error reading actual data: A Modbus Exception Occurred - See Response Body
[2024-12-10T06:13:14.044Z] Error writing to Modbus register: A Modbus Exception Occurred - See Response Body
[2024-12-10T06:13:15.048Z] Error reading or processing Modbus registers: A Modbus Exception Occurred - See Response Body
[2024-12-10T06:13:15.050Z] Error reading register 6507 for IP 10.30.4.128: A Modbus Exception Occurred - See Response Body
[2024-12-10T06:13:15.051Z] Error reading actual data: A Modbus Exception Occurred - See Response Body
[2024-12-10T06:13:15.051Z] Error writing to Modbus register: A Modbus Exception Occurred - See Response Body
[2024-12-10T06:13:16.058Z] Error reading or processing Modbus registers: A Modbus Exception Occurred - See Response Body
[2024-12-10T06:13:16.060Z] Error reading register 6507 for IP 10.30.4.128: A Modbus Exception Occurred - See Response Body
[2024-12-10T06:13:16.061Z] Error reading actual data: A Modbus Exception Occurred - See Response Body
[2024-12-10T06:13:16.061Z] Error writing to Modbus register: A Modbus Exception Occurred - See Response Body
[2024-12-10T06:13:17.060Z] Error reading or processing Modbus registers: A Modbus Exception Occurred - See Response Body
[2024-12-10T06:13:17.062Z] Error reading register 6507 for IP 10.30.4.128: A Modbus Exception Occurred - See Response Body
[2024-12-10T06:13:17.063Z] Error reading actual data: A Modbus Exception Occurred - See Response Body
[2024-12-10T06:13:17.064Z] Error writing to Modbus register: A Modbus Exception Occurred - See Response Body
[2024-12-10T06:13:18.061Z] Error reading or processing Modbus registers: A Modbus Exception Occurred - See Response Body
[2024-12-10T06:13:18.063Z] Error reading register 6507 for IP 10.30.4.128: A Modbus Exception Occurred - See Response Body
[2024-12-10T06:13:18.064Z] Error reading actual data: A Modbus Exception Occurred - See Response Body
[2024-12-10T06:13:18.065Z] Error writing to Modbus register: A Modbus Exception Occurred - See Response Body
[2024-12-10T06:13:19.064Z] Error reading or processing Modbus registers: A Modbus Exception Occurred - See Response Body
[2024-12-10T06:13:19.067Z] Error reading register 6507 for IP 10.30.4.128: A Modbus Exception Occurred - See Response Body
[2024-12-10T06:13:19.068Z] Error reading actual data: A Modbus Exception Occurred - See Response Body
[2024-12-10T06:13:19.068Z] Error writing to Modbus register: A Modbus Exception Occurred - See Response Body
[2024-12-10T06:13:20.069Z] Error reading or processing Modbus registers: A Modbus Exception Occurred - See Response Body
[2024-12-10T06:13:20.073Z] Error reading register 6507 for IP 10.30.4.128: A Modbus Exception Occurred - See Response Body
[2024-12-10T06:13:20.073Z] Error reading actual data: A Modbus Exception Occurred - See Response Body
[2024-12-10T06:13:20.074Z] Error writing to Modbus register: A Modbus Exception Occurred - See Response Body
[2024-12-10T06:13:21.070Z] Error reading or processing Modbus registers: A Modbus Exception Occurred - See Response Body
[2024-12-10T06:13:21.072Z] Error reading register 6507 for IP 10.30.4.128: A Modbus Exception Occurred - See Response Body
[2024-12-10T06:13:21.072Z] Error reading actual data: A Modbus Exception Occurred - See Response Body
[2024-12-10T06:13:21.073Z] Error writing to Modbus register: A Modbus Exception Occurred - See Response Body
[2024-12-10T06:13:22.076Z] Error reading or processing Modbus registers: A Modbus Exception Occurred - See Response Body
[2024-12-10T06:13:22.079Z] Error reading register 6507 for IP 10.30.4.128: A Modbus Exception Occurred - See Response Body
[2024-12-10T06:13:22.079Z] Error reading actual data: A Modbus Exception Occurred - See Response Body
[2024-12-10T06:13:22.080Z] Error writing to Modbus register: A Modbus Exception Occurred - See Response Body
[2024-12-10T06:13:23.084Z] Error reading or processing Modbus registers: A Modbus Exception Occurred - See Response Body
[2024-12-10T06:13:23.087Z] Error reading register 6507 for IP 10.30.4.128: A Modbus Exception Occurred - See Response Body
[2024-12-10T06:13:23.087Z] Error reading actual data: A Modbus Exception Occurred - See Response Body
[2024-12-10T06:13:23.088Z] Error writing to Modbus register: A Modbus Exception Occurred - See Response Body
[2024-12-10T06:13:24.093Z] Error reading or processing Modbus registers: A Modbus Exception Occurred - See Response Body
[2024-12-10T06:13:24.095Z] Error reading register 6507 for IP 10.30.4.128: A Modbus Exception Occurred - See Response Body
[2024-12-10T06:13:24.096Z] Error reading actual data: A Modbus Exception Occurred - See Response Body
[2024-12-10T06:13:24.096Z] Error writing to Modbus register: A Modbus Exception Occurred - See Response Body
[2024-12-10T06:13:25.098Z] Error reading or processing Modbus registers: A Modbus Exception Occurred - See Response Body
[2024-12-10T06:13:25.101Z] Error reading register 6507 for IP 10.30.4.128: A Modbus Exception Occurred - See Response Body
[2024-12-10T06:13:25.102Z] Error reading actual data: A Modbus Exception Occurred - See Response Body
[2024-12-10T06:13:25.102Z] Error writing to Modbus register: A Modbus Exception Occurred - See Response Body
[2024-12-10T06:13:26.101Z] Error reading or processing Modbus registers: A Modbus Exception Occurred - See Response Body
[2024-12-10T06:13:26.103Z] Error reading register 6507 for IP 10.30.4.128: A Modbus Exception Occurred - See Response Body
[2024-12-10T06:13:26.104Z] Error reading actual data: A Modbus Exception Occurred - See Response Body
[2024-12-10T06:13:26.105Z] Error writing to Modbus register: A Modbus Exception Occurred - See Response Body
[2024-12-10T06:13:27.108Z] Error reading or processing Modbus registers: A Modbus Exception Occurred - See Response Body
[2024-12-10T06:13:27.110Z] Error reading register 6507 for IP 10.30.4.128: A Modbus Exception Occurred - See Response Body
[2024-12-10T06:13:27.111Z] Error reading actual data: A Modbus Exception Occurred - See Response Body
[2024-12-10T06:13:27.111Z] Error writing to Modbus register: A Modbus Exception Occurred - See Response Body
[2024-12-10T06:13:28.115Z] Error reading or processing Modbus registers: A Modbus Exception Occurred - See Response Body
[2024-12-10T06:13:28.118Z] Error reading register 6507 for IP 10.30.4.128: A Modbus Exception Occurred - See Response Body
[2024-12-10T06:13:28.118Z] Error reading actual data: A Modbus Exception Occurred - See Response Body
[2024-12-10T06:13:28.119Z] Error writing to Modbus register: A Modbus Exception Occurred - See Response Body
[2024-12-10T06:13:29.122Z] Error reading or processing Modbus registers: A Modbus Exception Occurred - See Response Body
[2024-12-10T06:13:29.124Z] Error reading register 6507 for IP 10.30.4.128: A Modbus Exception Occurred - See Response Body
[2024-12-10T06:13:29.125Z] Error reading actual data: A Modbus Exception Occurred - See Response Body
[2024-12-10T06:13:29.125Z] Error writing to Modbus register: A Modbus Exception Occurred - See Response Body
[2024-12-10T06:13:30.127Z] Error reading or processing Modbus registers: A Modbus Exception Occurred - See Response Body
[2024-12-10T06:13:30.130Z] Error reading register 6507 for IP 10.30.4.128: A Modbus Exception Occurred - See Response Body
[2024-12-10T06:13:30.130Z] Error reading actual data: A Modbus Exception Occurred - See Response Body
[2024-12-10T06:13:30.131Z] Error writing to Modbus register: A Modbus Exception Occurred - See Response Body
[2024-12-10T06:13:31.134Z] Error reading or processing Modbus registers: A Modbus Exception Occurred - See Response Body
[2024-12-10T06:13:31.137Z] Error reading register 6507 for IP 10.30.4.128: A Modbus Exception Occurred - See Response Body
[2024-12-10T06:13:31.138Z] Error reading actual data: A Modbus Exception Occurred - See Response Body
[2024-12-10T06:13:31.138Z] Error writing to Modbus register: A Modbus Exception Occurred - See Response Body
[2024-12-10T06:13:32.137Z] Error reading or processing Modbus registers: A Modbus Exception Occurred - See Response Body
[2024-12-10T06:13:32.139Z] Error reading register 6507 for IP 10.30.4.128: A Modbus Exception Occurred - See Response Body
[2024-12-10T06:13:32.140Z] Error reading actual data: A Modbus Exception Occurred - See Response Body
[2024-12-10T06:13:32.140Z] Error writing to Modbus register: A Modbus Exception Occurred - See Response Body
[2024-12-10T06:13:33.143Z] Error reading or processing Modbus registers: A Modbus Exception Occurred - See Response Body
[2024-12-10T06:13:33.145Z] Error reading register 6507 for IP 10.30.4.128: A Modbus Exception Occurred - See Response Body
[2024-12-10T06:13:33.146Z] Error reading actual data: A Modbus Exception Occurred - See Response Body
[2024-12-10T06:13:33.146Z] Error writing to Modbus register: A Modbus Exception Occurred - See Response Body
[2024-12-10T06:13:34.149Z] Error reading or processing Modbus registers: A Modbus Exception Occurred - See Response Body
[2024-12-10T06:13:34.151Z] Error reading register 6507 for IP 10.30.4.128: A Modbus Exception Occurred - See Response Body
[2024-12-10T06:13:34.152Z] Error reading actual data: A Modbus Exception Occurred - See Response Body
[2024-12-10T06:13:34.152Z] Error writing to Modbus register: A Modbus Exception Occurred - See Response Body
[2024-12-10T06:13:35.153Z] Error reading or processing Modbus registers: A Modbus Exception Occurred - See Response Body
[2024-12-10T06:13:35.154Z] Error reading register 6507 for IP 10.30.4.128: A Modbus Exception Occurred - See Response Body
[2024-12-10T06:13:35.155Z] Error reading actual data: A Modbus Exception Occurred - See Response Body
[2024-12-10T06:13:35.155Z] Error writing to Modbus register: A Modbus Exception Occurred - See Response Body
[2024-12-10T06:13:36.160Z] Error reading or processing Modbus registers: A Modbus Exception Occurred - See Response Body
[2024-12-10T06:13:36.162Z] Error reading register 6507 for IP 10.30.4.128: A Modbus Exception Occurred - See Response Body
[2024-12-10T06:13:36.163Z] Error reading actual data: A Modbus Exception Occurred - See Response Body
[2024-12-10T06:13:36.163Z] Error writing to Modbus register: A Modbus Exception Occurred - See Response Body
[2024-12-10T06:13:37.164Z] Error reading or processing Modbus registers: A Modbus Exception Occurred - See Response Body
[2024-12-10T06:13:37.166Z] Error reading register 6507 for IP 10.30.4.128: A Modbus Exception Occurred - See Response Body
[2024-12-10T06:13:37.167Z] Error reading actual data: A Modbus Exception Occurred - See Response Body
[2024-12-10T06:13:37.167Z] Error writing to Modbus register: A Modbus Exception Occurred - See Response Body
[2024-12-10T06:13:38.171Z] Error reading or processing Modbus registers: A Modbus Exception Occurred - See Response Body
[2024-12-10T06:13:38.173Z] Error reading register 6507 for IP 10.30.4.128: A Modbus Exception Occurred - See Response Body
[2024-12-10T06:13:38.173Z] Error reading actual data: A Modbus Exception Occurred - See Response Body
[2024-12-10T06:13:38.173Z] Error writing to Modbus register: A Modbus Exception Occurred - See Response Body
[2024-12-10T06:13:39.177Z] Error reading or processing Modbus registers: A Modbus Exception Occurred - See Response Body
[2024-12-10T06:13:39.179Z] Error reading register 6507 for IP 10.30.4.128: A Modbus Exception Occurred - See Response Body
[2024-12-10T06:13:39.180Z] Error reading actual data: A Modbus Exception Occurred - See Response Body
[2024-12-10T06:13:39.180Z] Error writing to Modbus register: A Modbus Exception Occurred - See Response Body
[2024-12-10T06:13:40.184Z] Error reading or processing Modbus registers: A Modbus Exception Occurred - See Response Body
[2024-12-10T06:13:40.186Z] Error reading register 6507 for IP 10.30.4.128: A Modbus Exception Occurred - See Response Body
[2024-12-10T06:13:40.187Z] Error reading actual data: A Modbus Exception Occurred - See Response Body
[2024-12-10T06:13:40.187Z] Error writing to Modbus register: A Modbus Exception Occurred - See Response Body
[2024-12-10T06:13:41.190Z] Error reading or processing Modbus registers: A Modbus Exception Occurred - See Response Body
[2024-12-10T06:13:41.193Z] Error reading register 6507 for IP 10.30.4.128: A Modbus Exception Occurred - See Response Body
[2024-12-10T06:13:41.194Z] Error reading actual data: A Modbus Exception Occurred - See Response Body
[2024-12-10T06:13:41.194Z] Error writing to Modbus register: A Modbus Exception Occurred - See Response Body
[2024-12-10T06:13:42.202Z] Error reading or processing Modbus registers: A Modbus Exception Occurred - See Response Body
[2024-12-10T06:13:42.204Z] Error reading register 6507 for IP 10.30.4.128: A Modbus Exception Occurred - See Response Body
[2024-12-10T06:13:42.205Z] Error reading actual data: A Modbus Exception Occurred - See Response Body
[2024-12-10T06:13:42.205Z] Error writing to Modbus register: A Modbus Exception Occurred - See Response Body
[2024-12-10T06:13:43.215Z] Error reading or processing Modbus registers: A Modbus Exception Occurred - See Response Body
[2024-12-10T06:13:43.218Z] Error reading register 6507 for IP 10.30.4.128: A Modbus Exception Occurred - See Response Body
[2024-12-10T06:13:43.218Z] Error reading actual data: A Modbus Exception Occurred - See Response Body
[2024-12-10T06:13:43.219Z] Error writing to Modbus register: A Modbus Exception Occurred - See Response Body
[2024-12-10T06:13:44.226Z] Error reading or processing Modbus registers: A Modbus Exception Occurred - See Response Body
[2024-12-10T06:13:44.228Z] Error reading register 6507 for IP 10.30.4.128: A Modbus Exception Occurred - See Response Body
[2024-12-10T06:13:44.228Z] Error reading actual data: A Modbus Exception Occurred - See Response Body
[2024-12-10T06:13:44.229Z] Error writing to Modbus register: A Modbus Exception Occurred - See Response Body
[2024-12-10T06:13:45.236Z] Error reading or processing Modbus registers: A Modbus Exception Occurred - See Response Body
[2024-12-10T06:13:45.238Z] Error reading register 6507 for IP 10.30.4.128: A Modbus Exception Occurred - See Response Body
[2024-12-10T06:13:45.239Z] Error reading actual data: A Modbus Exception Occurred - See Response Body
[2024-12-10T06:13:45.240Z] Error writing to Modbus register: A Modbus Exception Occurred - See Response Body
[2024-12-10T06:13:46.250Z] Error reading or processing Modbus registers: A Modbus Exception Occurred - See Response Body
[2024-12-10T06:13:46.253Z] Error reading register 6507 for IP 10.30.4.128: A Modbus Exception Occurred - See Response Body
[2024-12-10T06:13:46.253Z] Error reading actual data: A Modbus Exception Occurred - See Response Body
[2024-12-10T06:13:46.254Z] Error writing to Modbus register: A Modbus Exception Occurred - See Response Body
[2024-12-10T06:13:47.261Z] Error reading or processing Modbus registers: A Modbus Exception Occurred - See Response Body
[2024-12-10T06:13:47.263Z] Error reading register 6507 for IP 10.30.4.128: A Modbus Exception Occurred - See Response Body
[2024-12-10T06:13:47.263Z] Error reading actual data: A Modbus Exception Occurred - See Response Body
[2024-12-10T06:13:47.264Z] Error writing to Modbus register: A Modbus Exception Occurred - See Response Body
[2024-12-10T06:13:48.263Z] Error reading or processing Modbus registers: A Modbus Exception Occurred - See Response Body
[2024-12-10T06:13:48.265Z] Error reading register 6507 for IP 10.30.4.128: A Modbus Exception Occurred - See Response Body
[2024-12-10T06:13:48.266Z] Error reading actual data: A Modbus Exception Occurred - See Response Body
[2024-12-10T06:13:48.267Z] Error writing to Modbus register: A Modbus Exception Occurred - See Response Body
[2024-12-10T06:13:49.276Z] Error reading or processing Modbus registers: A Modbus Exception Occurred - See Response Body
[2024-12-10T06:13:49.279Z] Error reading register 6507 for IP 10.30.4.128: A Modbus Exception Occurred - See Response Body
[2024-12-10T06:13:49.279Z] Error reading actual data: A Modbus Exception Occurred - See Response Body
[2024-12-10T06:13:49.280Z] Error writing to Modbus register: A Modbus Exception Occurred - See Response Body
[2024-12-10T06:13:50.282Z] Error reading or processing Modbus registers: A Modbus Exception Occurred - See Response Body
[2024-12-10T06:13:50.284Z] Error reading register 6507 for IP 10.30.4.128: A Modbus Exception Occurred - See Response Body
[2024-12-10T06:13:50.285Z] Error reading actual data: A Modbus Exception Occurred - See Response Body
[2024-12-10T06:13:50.286Z] Error writing to Modbus register: A Modbus Exception Occurred - See Response Body
[2024-12-10T06:13:51.295Z] Error reading or processing Modbus registers: A Modbus Exception Occurred - See Response Body
[2024-12-10T06:13:51.298Z] Error reading register 6507 for IP 10.30.4.128: A Modbus Exception Occurred - See Response Body
[2024-12-10T06:13:51.298Z] Error reading actual data: A Modbus Exception Occurred - See Response Body
[2024-12-10T06:13:51.299Z] Error writing to Modbus register: A Modbus Exception Occurred - See Response Body
[2024-12-10T06:13:52.305Z] Error reading or processing Modbus registers: A Modbus Exception Occurred - See Response Body
[2024-12-10T06:13:52.308Z] Error reading register 6507 for IP 10.30.4.128: A Modbus Exception Occurred - See Response Body
[2024-12-10T06:13:52.308Z] Error reading actual data: A Modbus Exception Occurred - See Response Body
[2024-12-10T06:13:52.309Z] Error writing to Modbus register: A Modbus Exception Occurred - See Response Body
[2024-12-10T06:13:53.307Z] Error reading or processing Modbus registers: A Modbus Exception Occurred - See Response Body
[2024-12-10T06:13:53.310Z] Error reading register 6507 for IP 10.30.4.128: A Modbus Exception Occurred - See Response Body
[2024-12-10T06:13:53.311Z] Error reading actual data: A Modbus Exception Occurred - See Response Body
[2024-12-10T06:13:53.312Z] Error writing to Modbus register: A Modbus Exception Occurred - See Response Body
[2024-12-10T06:13:54.319Z] Error reading or processing Modbus registers: A Modbus Exception Occurred - See Response Body
[2024-12-10T06:13:54.322Z] Error reading register 6507 for IP 10.30.4.128: A Modbus Exception Occurred - See Response Body
[2024-12-10T06:13:54.322Z] Error reading actual data: A Modbus Exception Occurred - See Response Body
[2024-12-10T06:13:54.323Z] Error writing to Modbus register: A Modbus Exception Occurred - See Response Body
[2024-12-10T06:13:55.330Z] Error reading or processing Modbus registers: A Modbus Exception Occurred - See Response Body
[2024-12-10T06:13:55.333Z] Error reading register 6507 for IP 10.30.4.128: A Modbus Exception Occurred - See Response Body
[2024-12-10T06:13:55.333Z] Error reading actual data: A Modbus Exception Occurred - See Response Body
[2024-12-10T06:13:55.334Z] Error writing to Modbus register: A Modbus Exception Occurred - See Response Body
[2024-12-10T06:13:56.341Z] Error reading or processing Modbus registers: A Modbus Exception Occurred - See Response Body
[2024-12-10T06:13:56.343Z] Error reading register 6507 for IP 10.30.4.128: A Modbus Exception Occurred - See Response Body
[2024-12-10T06:13:56.344Z] Error reading actual data: A Modbus Exception Occurred - See Response Body
[2024-12-10T06:13:56.344Z] Error writing to Modbus register: A Modbus Exception Occurred - See Response Body
[2024-12-10T06:13:57.351Z] Error reading or processing Modbus registers: A Modbus Exception Occurred - See Response Body
[2024-12-10T06:13:57.354Z] Error reading register 6507 for IP 10.30.4.128: A Modbus Exception Occurred - See Response Body
[2024-12-10T06:13:57.354Z] Error reading actual data: A Modbus Exception Occurred - See Response Body
[2024-12-10T06:13:57.355Z] Error writing to Modbus register: A Modbus Exception Occurred - See Response Body
[2024-12-10T06:13:58.353Z] Error reading or processing Modbus registers: A Modbus Exception Occurred - See Response Body
[2024-12-10T06:13:58.355Z] Error reading register 6507 for IP 10.30.4.128: A Modbus Exception Occurred - See Response Body
[2024-12-10T06:13:58.356Z] Error reading actual data: A Modbus Exception Occurred - See Response Body
[2024-12-10T06:13:58.357Z] Error writing to Modbus register: A Modbus Exception Occurred - See Response Body
[2024-12-10T06:13:59.368Z] Error reading or processing Modbus registers: A Modbus Exception Occurred - See Response Body
[2024-12-10T06:13:59.369Z] Error reading register 6507 for IP 10.30.4.128: A Modbus Exception Occurred - See Response Body
[2024-12-10T06:13:59.370Z] Error reading actual data: A Modbus Exception Occurred - See Response Body
[2024-12-10T06:13:59.370Z] Error writing to Modbus register: A Modbus Exception Occurred - See Response Body
[2024-12-10T06:14:00.379Z] Error reading or processing Modbus registers: A Modbus Exception Occurred - See Response Body
[2024-12-10T06:14:00.381Z] Error reading register 6507 for IP 10.30.4.128: A Modbus Exception Occurred - See Response Body
[2024-12-10T06:14:00.381Z] Error reading actual data: A Modbus Exception Occurred - See Response Body
[2024-12-10T06:14:00.382Z] Error writing to Modbus register: A Modbus Exception Occurred - See Response Body
[2024-12-10T06:14:01.392Z] Error reading or processing Modbus registers: A Modbus Exception Occurred - See Response Body
[2024-12-10T06:14:01.395Z] Error reading register 6507 for IP 10.30.4.128: A Modbus Exception Occurred - See Response Body
[2024-12-10T06:14:01.395Z] Error reading actual data: A Modbus Exception Occurred - See Response Body
[2024-12-10T06:14:01.396Z] Error writing to Modbus register: A Modbus Exception Occurred - See Response Body
[2024-12-10T06:14:02.408Z] Error reading or processing Modbus registers: A Modbus Exception Occurred - See Response Body
[2024-12-10T06:14:02.411Z] Error reading register 6507 for IP 10.30.4.128: A Modbus Exception Occurred - See Response Body
[2024-12-10T06:14:02.412Z] Error reading actual data: A Modbus Exception Occurred - See Response Body
[2024-12-10T06:14:02.413Z] Error writing to Modbus register: A Modbus Exception Occurred - See Response Body
[2024-12-10T06:14:03.420Z] Error reading or processing Modbus registers: A Modbus Exception Occurred - See Response Body
[2024-12-10T06:14:03.422Z] Error reading register 6507 for IP 10.30.4.128: A Modbus Exception Occurred - See Response Body
[2024-12-10T06:14:03.423Z] Error reading actual data: A Modbus Exception Occurred - See Response Body
[2024-12-10T06:14:03.423Z] Error writing to Modbus register: A Modbus Exception Occurred - See Response Body
[2024-12-10T06:14:04.433Z] Error reading or processing Modbus registers: A Modbus Exception Occurred - See Response Body
[2024-12-10T06:14:04.434Z] Error reading register 6507 for IP 10.30.4.128: A Modbus Exception Occurred - See Response Body
[2024-12-10T06:14:04.435Z] Error reading actual data: A Modbus Exception Occurred - See Response Body
[2024-12-10T06:14:04.435Z] Error writing to Modbus register: A Modbus Exception Occurred - See Response Body
[2024-12-10T06:14:05.448Z] Error reading or processing Modbus registers: A Modbus Exception Occurred - See Response Body
[2024-12-10T06:14:05.451Z] Error reading register 6507 for IP 10.30.4.128: A Modbus Exception Occurred - See Response Body
[2024-12-10T06:14:05.452Z] Error reading actual data: A Modbus Exception Occurred - See Response Body
[2024-12-10T06:14:05.452Z] Error writing to Modbus register: A Modbus Exception Occurred - See Response Body
[2024-12-10T06:14:06.460Z] Error reading or processing Modbus registers: A Modbus Exception Occurred - See Response Body
[2024-12-10T06:14:06.462Z] Error reading register 6507 for IP 10.30.4.128: A Modbus Exception Occurred - See Response Body
[2024-12-10T06:14:06.463Z] Error reading actual data: A Modbus Exception Occurred - See Response Body
[2024-12-10T06:14:06.463Z] Error writing to Modbus register: A Modbus Exception Occurred - See Response Body
[2024-12-10T06:14:07.469Z] Error reading or processing Modbus registers: A Modbus Exception Occurred - See Response Body
[2024-12-10T06:14:07.470Z] Error reading register 6507 for IP 10.30.4.128: A Modbus Exception Occurred - See Response Body
[2024-12-10T06:14:07.471Z] Error reading actual data: A Modbus Exception Occurred - See Response Body
[2024-12-10T06:14:07.472Z] Error writing to Modbus register: A Modbus Exception Occurred - See Response Body
[2024-12-10T06:14:08.475Z] Error reading or processing Modbus registers: A Modbus Exception Occurred - See Response Body
[2024-12-10T06:14:08.477Z] Error reading register 6507 for IP 10.30.4.128: A Modbus Exception Occurred - See Response Body
[2024-12-10T06:14:08.478Z] Error reading actual data: A Modbus Exception Occurred - See Response Body
[2024-12-10T06:14:08.479Z] Error writing to Modbus register: A Modbus Exception Occurred - See Response Body
[2024-12-10T06:14:09.487Z] Error reading or processing Modbus registers: A Modbus Exception Occurred - See Response Body
[2024-12-10T06:14:09.489Z] Error reading register 6507 for IP 10.30.4.128: A Modbus Exception Occurred - See Response Body
[2024-12-10T06:14:09.490Z] Error reading actual data: A Modbus Exception Occurred - See Response Body
[2024-12-10T06:14:09.491Z] Error writing to Modbus register: A Modbus Exception Occurred - See Response Body
[2024-12-10T06:14:10.499Z] Error reading or processing Modbus registers: A Modbus Exception Occurred - See Response Body
[2024-12-10T06:14:10.502Z] Error reading register 6507 for IP 10.30.4.128: A Modbus Exception Occurred - See Response Body
[2024-12-10T06:14:10.503Z] Error reading actual data: A Modbus Exception Occurred - See Response Body
[2024-12-10T06:14:10.504Z] Error writing to Modbus register: A Modbus Exception Occurred - See Response Body
[2024-12-10T06:14:11.512Z] Error reading or processing Modbus registers: A Modbus Exception Occurred - See Response Body
[2024-12-10T06:14:11.514Z] Error reading register 6507 for IP 10.30.4.128: A Modbus Exception Occurred - See Response Body
[2024-12-10T06:14:11.515Z] Error reading actual data: A Modbus Exception Occurred - See Response Body
[2024-12-10T06:14:11.515Z] Error writing to Modbus register: A Modbus Exception Occurred - See Response Body
[2024-12-10T06:14:12.524Z] Error reading or processing Modbus registers: A Modbus Exception Occurred - See Response Body
[2024-12-10T06:14:12.527Z] Error reading register 6507 for IP 10.30.4.128: A Modbus Exception Occurred - See Response Body
[2024-12-10T06:14:12.527Z] Error reading actual data: A Modbus Exception Occurred - See Response Body
[2024-12-10T06:14:12.528Z] Error writing to Modbus register: A Modbus Exception Occurred - See Response Body
[2024-12-10T06:14:13.536Z] Error reading or processing Modbus registers: A Modbus Exception Occurred - See Response Body
[2024-12-10T06:14:13.539Z] Error reading register 6507 for IP 10.30.4.128: A Modbus Exception Occurred - See Response Body
[2024-12-10T06:14:13.539Z] Error reading actual data: A Modbus Exception Occurred - See Response Body
[2024-12-10T06:14:13.540Z] Error writing to Modbus register: A Modbus Exception Occurred - See Response Body
[2024-12-10T06:14:14.547Z] Error reading or processing Modbus registers: A Modbus Exception Occurred - See Response Body
[2024-12-10T06:14:14.549Z] Error reading register 6507 for IP 10.30.4.128: A Modbus Exception Occurred - See Response Body
[2024-12-10T06:14:14.550Z] Error reading actual data: A Modbus Exception Occurred - See Response Body
[2024-12-10T06:14:14.551Z] Error writing to Modbus register: A Modbus Exception Occurred - See Response Body
[2024-12-10T06:14:15.556Z] Error reading or processing Modbus registers: A Modbus Exception Occurred - See Response Body
[2024-12-10T06:14:15.559Z] Error reading register 6507 for IP 10.30.4.128: A Modbus Exception Occurred - See Response Body
[2024-12-10T06:14:15.560Z] Error reading actual data: A Modbus Exception Occurred - See Response Body
[2024-12-10T06:14:15.560Z] Error writing to Modbus register: A Modbus Exception Occurred - See Response Body
[2024-12-10T06:14:16.566Z] Error reading or processing Modbus registers: A Modbus Exception Occurred - See Response Body
[2024-12-10T06:14:16.568Z] Error reading register 6507 for IP 10.30.4.128: A Modbus Exception Occurred - See Response Body
[2024-12-10T06:14:16.568Z] Error reading actual data: A Modbus Exception Occurred - See Response Body
[2024-12-10T06:14:16.569Z] Error writing to Modbus register: A Modbus Exception Occurred - See Response Body
[2024-12-10T06:14:17.577Z] Error reading or processing Modbus registers: A Modbus Exception Occurred - See Response Body
[2024-12-10T06:14:17.580Z] Error reading register 6507 for IP 10.30.4.128: A Modbus Exception Occurred - See Response Body
[2024-12-10T06:14:17.580Z] Error reading actual data: A Modbus Exception Occurred - See Response Body
[2024-12-10T06:14:17.581Z] Error writing to Modbus register: A Modbus Exception Occurred - See Response Body
[2024-12-10T06:14:18.591Z] Error reading or processing Modbus registers: A Modbus Exception Occurred - See Response Body
[2024-12-10T06:14:18.593Z] Error reading register 6507 for IP 10.30.4.128: A Modbus Exception Occurred - See Response Body
[2024-12-10T06:14:18.593Z] Error reading actual data: A Modbus Exception Occurred - See Response Body
[2024-12-10T06:14:18.593Z] Error writing to Modbus register: A Modbus Exception Occurred - See Response Body
[2024-12-10T06:14:19.600Z] Error reading or processing Modbus registers: A Modbus Exception Occurred - See Response Body
[2024-12-10T06:14:19.602Z] Error reading register 6507 for IP 10.30.4.128: A Modbus Exception Occurred - See Response Body
[2024-12-10T06:14:19.602Z] Error reading actual data: A Modbus Exception Occurred - See Response Body
[2024-12-10T06:14:19.603Z] Error writing to Modbus register: A Modbus Exception Occurred - See Response Body
[2024-12-10T06:14:20.615Z] Error reading or processing Modbus registers: A Modbus Exception Occurred - See Response Body
[2024-12-10T06:14:20.617Z] Error reading register 6507 for IP 10.30.4.128: A Modbus Exception Occurred - See Response Body
[2024-12-10T06:14:20.618Z] Error reading actual data: A Modbus Exception Occurred - See Response Body
[2024-12-10T06:14:20.618Z] Error writing to Modbus register: A Modbus Exception Occurred - See Response Body
[2024-12-10T06:14:21.628Z] Error reading or processing Modbus registers: A Modbus Exception Occurred - See Response Body
[2024-12-10T06:14:21.631Z] Error reading register 6507 for IP 10.30.4.128: A Modbus Exception Occurred - See Response Body
[2024-12-10T06:14:21.632Z] Error reading actual data: A Modbus Exception Occurred - See Response Body
[2024-12-10T06:14:21.633Z] Error writing to Modbus register: A Modbus Exception Occurred - See Response Body
[2024-12-10T06:14:22.639Z] Error reading or processing Modbus registers: A Modbus Exception Occurred - See Response Body
[2024-12-10T06:14:22.642Z] Error reading register 6507 for IP 10.30.4.128: A Modbus Exception Occurred - See Response Body
[2024-12-10T06:14:22.643Z] Error reading actual data: A Modbus Exception Occurred - See Response Body
[2024-12-10T06:14:22.643Z] Error writing to Modbus register: A Modbus Exception Occurred - See Response Body
[2024-12-10T06:14:23.652Z] Error reading or processing Modbus registers: A Modbus Exception Occurred - See Response Body
[2024-12-10T06:14:23.654Z] Error reading register 6507 for IP 10.30.4.128: A Modbus Exception Occurred - See Response Body
[2024-12-10T06:14:23.655Z] Error reading actual data: A Modbus Exception Occurred - See Response Body
[2024-12-10T06:14:23.655Z] Error writing to Modbus register: A Modbus Exception Occurred - See Response Body
[2024-12-10T06:14:24.652Z] Error reading or processing Modbus registers: A Modbus Exception Occurred - See Response Body
[2024-12-10T06:14:24.654Z] Error reading register 6507 for IP 10.30.4.128: A Modbus Exception Occurred - See Response Body
[2024-12-10T06:14:24.655Z] Error reading actual data: A Modbus Exception Occurred - See Response Body
[2024-12-10T06:14:24.655Z] Error writing to Modbus register: A Modbus Exception Occurred - See Response Body
[2024-12-10T06:14:25.655Z] Error reading or processing Modbus registers: A Modbus Exception Occurred - See Response Body
[2024-12-10T06:14:25.658Z] Error reading register 6507 for IP 10.30.4.128: A Modbus Exception Occurred - See Response Body
[2024-12-10T06:14:25.659Z] Error reading actual data: A Modbus Exception Occurred - See Response Body
[2024-12-10T06:14:25.659Z] Error writing to Modbus register: A Modbus Exception Occurred - See Response Body
[2024-12-10T06:14:26.655Z] Error reading or processing Modbus registers: A Modbus Exception Occurred - See Response Body
[2024-12-10T06:14:26.657Z] Error reading register 6507 for IP 10.30.4.128: A Modbus Exception Occurred - See Response Body
[2024-12-10T06:14:26.658Z] Error reading actual data: A Modbus Exception Occurred - See Response Body
[2024-12-10T06:14:26.658Z] Error writing to Modbus register: A Modbus Exception Occurred - See Response Body
[2024-12-10T06:14:27.664Z] Error reading or processing Modbus registers: A Modbus Exception Occurred - See Response Body
[2024-12-10T06:14:27.666Z] Error reading register 6507 for IP 10.30.4.128: A Modbus Exception Occurred - See Response Body
[2024-12-10T06:14:27.667Z] Error reading actual data: A Modbus Exception Occurred - See Response Body
[2024-12-10T06:14:27.667Z] Error writing to Modbus register: A Modbus Exception Occurred - See Response Body
[2024-12-10T06:14:28.676Z] Error reading or processing Modbus registers: A Modbus Exception Occurred - See Response Body
[2024-12-10T06:14:28.678Z] Error reading register 6507 for IP 10.30.4.128: A Modbus Exception Occurred - See Response Body
[2024-12-10T06:14:28.678Z] Error reading actual data: A Modbus Exception Occurred - See Response Body
[2024-12-10T06:14:28.679Z] Error writing to Modbus register: A Modbus Exception Occurred - See Response Body
[2024-12-10T06:14:29.676Z] Error reading or processing Modbus registers: A Modbus Exception Occurred - See Response Body
[2024-12-10T06:14:29.678Z] Error reading register 6507 for IP 10.30.4.128: A Modbus Exception Occurred - See Response Body
[2024-12-10T06:14:29.679Z] Error reading actual data: A Modbus Exception Occurred - See Response Body
[2024-12-10T06:14:29.679Z] Error writing to Modbus register: A Modbus Exception Occurred - See Response Body
[2024-12-10T06:14:30.685Z] Error reading or processing Modbus registers: A Modbus Exception Occurred - See Response Body
[2024-12-10T06:14:30.688Z] Error reading register 6507 for IP 10.30.4.128: A Modbus Exception Occurred - See Response Body
[2024-12-10T06:14:30.689Z] Error reading actual data: A Modbus Exception Occurred - See Response Body
[2024-12-10T06:14:30.690Z] Error writing to Modbus register: A Modbus Exception Occurred - See Response Body
[2024-12-10T06:14:31.692Z] Error reading or processing Modbus registers: A Modbus Exception Occurred - See Response Body
[2024-12-10T06:14:31.694Z] Error reading register 6507 for IP 10.30.4.128: A Modbus Exception Occurred - See Response Body
[2024-12-10T06:14:31.695Z] Error reading actual data: A Modbus Exception Occurred - See Response Body
[2024-12-10T06:14:31.695Z] Error writing to Modbus register: A Modbus Exception Occurred - See Response Body
[2024-12-10T06:14:32.703Z] Error reading or processing Modbus registers: A Modbus Exception Occurred - See Response Body
[2024-12-10T06:14:32.705Z] Error reading register 6507 for IP 10.30.4.128: A Modbus Exception Occurred - See Response Body
[2024-12-10T06:14:32.706Z] Error reading actual data: A Modbus Exception Occurred - See Response Body
[2024-12-10T06:14:32.707Z] Error writing to Modbus register: A Modbus Exception Occurred - See Response Body
[2024-12-10T06:14:33.710Z] Error reading or processing Modbus registers: A Modbus Exception Occurred - See Response Body
[2024-12-10T06:14:33.713Z] Error reading register 6507 for IP 10.30.4.128: A Modbus Exception Occurred - See Response Body
[2024-12-10T06:14:33.717Z] Error reading actual data: A Modbus Exception Occurred - See Response Body
[2024-12-10T06:14:33.717Z] Error writing to Modbus register: A Modbus Exception Occurred - See Response Body
[2024-12-10T06:14:34.724Z] Error reading or processing Modbus registers: A Modbus Exception Occurred - See Response Body
[2024-12-10T06:14:34.726Z] Error reading register 6507 for IP 10.30.4.128: A Modbus Exception Occurred - See Response Body
[2024-12-10T06:14:34.727Z] Error reading actual data: A Modbus Exception Occurred - See Response Body
[2024-12-10T06:14:34.727Z] Error writing to Modbus register: A Modbus Exception Occurred - See Response Body
[2024-12-10T06:14:35.737Z] Error reading or processing Modbus registers: A Modbus Exception Occurred - See Response Body
[2024-12-10T06:14:35.739Z] Error reading register 6507 for IP 10.30.4.128: A Modbus Exception Occurred - See Response Body
[2024-12-10T06:14:35.740Z] Error reading actual data: A Modbus Exception Occurred - See Response Body
[2024-12-10T06:14:35.740Z] Error writing to Modbus register: A Modbus Exception Occurred - See Response Body
[2024-12-10T06:14:36.738Z] Error reading or processing Modbus registers: A Modbus Exception Occurred - See Response Body
[2024-12-10T06:14:36.740Z] Error reading register 6507 for IP 10.30.4.128: A Modbus Exception Occurred - See Response Body
[2024-12-10T06:14:36.741Z] Error reading actual data: A Modbus Exception Occurred - See Response Body
[2024-12-10T06:14:36.741Z] Error writing to Modbus register: A Modbus Exception Occurred - See Response Body
[2024-12-10T06:14:37.748Z] Error reading or processing Modbus registers: A Modbus Exception Occurred - See Response Body
[2024-12-10T06:14:37.750Z] Error reading register 6507 for IP 10.30.4.128: A Modbus Exception Occurred - See Response Body
[2024-12-10T06:14:37.751Z] Error reading actual data: A Modbus Exception Occurred - See Response Body
[2024-12-10T06:14:37.751Z] Error writing to Modbus register: A Modbus Exception Occurred - See Response Body
[2024-12-10T06:14:38.750Z] Error reading or processing Modbus registers: A Modbus Exception Occurred - See Response Body
[2024-12-10T06:14:38.752Z] Error reading register 6507 for IP 10.30.4.128: A Modbus Exception Occurred - See Response Body
[2024-12-10T06:14:38.753Z] Error reading actual data: A Modbus Exception Occurred - See Response Body
[2024-12-10T06:14:38.754Z] Error writing to Modbus register: A Modbus Exception Occurred - See Response Body
[2024-12-10T06:14:39.764Z] Error reading or processing Modbus registers: A Modbus Exception Occurred - See Response Body
[2024-12-10T06:14:39.766Z] Error reading register 6507 for IP 10.30.4.128: A Modbus Exception Occurred - See Response Body
[2024-12-10T06:14:39.767Z] Error reading actual data: A Modbus Exception Occurred - See Response Body
[2024-12-10T06:14:39.767Z] Error writing to Modbus register: A Modbus Exception Occurred - See Response Body
[2024-12-10T06:14:40.776Z] Error reading or processing Modbus registers: A Modbus Exception Occurred - See Response Body
[2024-12-10T06:14:40.779Z] Error reading register 6507 for IP 10.30.4.128: A Modbus Exception Occurred - See Response Body
[2024-12-10T06:14:40.780Z] Error reading actual data: A Modbus Exception Occurred - See Response Body
[2024-12-10T06:14:40.780Z] Error writing to Modbus register: A Modbus Exception Occurred - See Response Body
[2024-12-10T06:14:41.789Z] Error reading or processing Modbus registers: A Modbus Exception Occurred - See Response Body
[2024-12-10T06:14:41.791Z] Error reading register 6507 for IP 10.30.4.128: A Modbus Exception Occurred - See Response Body
[2024-12-10T06:14:41.792Z] Error reading actual data: A Modbus Exception Occurred - See Response Body
[2024-12-10T06:14:41.792Z] Error writing to Modbus register: A Modbus Exception Occurred - See Response Body
[2024-12-10T06:14:42.800Z] Error reading or processing Modbus registers: A Modbus Exception Occurred - See Response Body
[2024-12-10T06:14:42.803Z] Error reading register 6507 for IP 10.30.4.128: A Modbus Exception Occurred - See Response Body
[2024-12-10T06:14:42.804Z] Error reading actual data: A Modbus Exception Occurred - See Response Body
[2024-12-10T06:14:42.804Z] Error writing to Modbus register: A Modbus Exception Occurred - See Response Body
[2024-12-10T06:14:43.813Z] Error reading or processing Modbus registers: A Modbus Exception Occurred - See Response Body
[2024-12-10T06:14:43.816Z] Error reading register 6507 for IP 10.30.4.128: A Modbus Exception Occurred - See Response Body
[2024-12-10T06:14:43.817Z] Error reading actual data: A Modbus Exception Occurred - See Response Body
[2024-12-10T06:14:43.817Z] Error writing to Modbus register: A Modbus Exception Occurred - See Response Body
[2024-12-10T06:14:44.826Z] Error reading or processing Modbus registers: A Modbus Exception Occurred - See Response Body
[2024-12-10T06:14:44.828Z] Error reading register 6507 for IP 10.30.4.128: A Modbus Exception Occurred - See Response Body
[2024-12-10T06:14:44.829Z] Error reading actual data: A Modbus Exception Occurred - See Response Body
[2024-12-10T06:14:44.830Z] Error writing to Modbus register: A Modbus Exception Occurred - See Response Body
[2024-12-10T06:14:45.841Z] Error reading or processing Modbus registers: A Modbus Exception Occurred - See Response Body
[2024-12-10T06:14:45.844Z] Error reading register 6507 for IP 10.30.4.128: A Modbus Exception Occurred - See Response Body
[2024-12-10T06:14:45.845Z] Error reading actual data: A Modbus Exception Occurred - See Response Body
[2024-12-10T06:14:45.845Z] Error writing to Modbus register: A Modbus Exception Occurred - See Response Body
[2024-12-10T06:14:46.851Z] Error reading or processing Modbus registers: A Modbus Exception Occurred - See Response Body
[2024-12-10T06:14:46.853Z] Error reading register 6507 for IP 10.30.4.128: A Modbus Exception Occurred - See Response Body
[2024-12-10T06:14:46.854Z] Error reading actual data: A Modbus Exception Occurred - See Response Body
[2024-12-10T06:14:46.854Z] Error writing to Modbus register: A Modbus Exception Occurred - See Response Body
[2024-12-10T06:14:47.866Z] Error reading or processing Modbus registers: A Modbus Exception Occurred - See Response Body
[2024-12-10T06:14:47.869Z] Error reading register 6507 for IP 10.30.4.128: A Modbus Exception Occurred - See Response Body
[2024-12-10T06:14:47.870Z] Error reading actual data: A Modbus Exception Occurred - See Response Body
[2024-12-10T06:14:47.870Z] Error writing to Modbus register: A Modbus Exception Occurred - See Response Body
[2024-12-10T06:14:48.874Z] Error reading or processing Modbus registers: A Modbus Exception Occurred - See Response Body
[2024-12-10T06:14:48.877Z] Error reading register 6507 for IP 10.30.4.128: A Modbus Exception Occurred - See Response Body
[2024-12-10T06:14:48.878Z] Error reading actual data: A Modbus Exception Occurred - See Response Body
[2024-12-10T06:14:48.878Z] Error writing to Modbus register: A Modbus Exception Occurred - See Response Body
[2024-12-10T06:14:49.888Z] Error reading or processing Modbus registers: A Modbus Exception Occurred - See Response Body
[2024-12-10T06:14:49.890Z] Error reading register 6507 for IP 10.30.4.128: A Modbus Exception Occurred - See Response Body
[2024-12-10T06:14:49.890Z] Error reading actual data: A Modbus Exception Occurred - See Response Body
[2024-12-10T06:14:49.891Z] Error writing to Modbus register: A Modbus Exception Occurred - See Response Body
[2024-12-10T06:14:50.902Z] Error reading or processing Modbus registers: A Modbus Exception Occurred - See Response Body
[2024-12-10T06:14:50.903Z] Error reading register 6507 for IP 10.30.4.128: A Modbus Exception Occurred - See Response Body
[2024-12-10T06:14:50.904Z] Error reading actual data: A Modbus Exception Occurred - See Response Body
[2024-12-10T06:14:50.904Z] Error writing to Modbus register: A Modbus Exception Occurred - See Response Body
[2024-12-10T06:14:51.917Z] Error reading or processing Modbus registers: A Modbus Exception Occurred - See Response Body
[2024-12-10T06:14:51.919Z] Error reading register 6507 for IP 10.30.4.128: A Modbus Exception Occurred - See Response Body
[2024-12-10T06:14:51.920Z] Error reading actual data: A Modbus Exception Occurred - See Response Body
[2024-12-10T06:14:51.920Z] Error writing to Modbus register: A Modbus Exception Occurred - See Response Body
[2024-12-10T06:14:52.931Z] Error reading or processing Modbus registers: A Modbus Exception Occurred - See Response Body
[2024-12-10T06:14:52.933Z] Error reading register 6507 for IP 10.30.4.128: A Modbus Exception Occurred - See Response Body
[2024-12-10T06:14:52.933Z] Error reading actual data: A Modbus Exception Occurred - See Response Body
[2024-12-10T06:14:52.934Z] Error writing to Modbus register: A Modbus Exception Occurred - See Response Body
[2024-12-10T06:14:53.946Z] Error reading or processing Modbus registers: A Modbus Exception Occurred - See Response Body
[2024-12-10T06:14:53.948Z] Error reading register 6507 for IP 10.30.4.128: A Modbus Exception Occurred - See Response Body
[2024-12-10T06:14:53.949Z] Error reading actual data: A Modbus Exception Occurred - See Response Body
[2024-12-10T06:14:53.949Z] Error writing to Modbus register: A Modbus Exception Occurred - See Response Body
[2024-12-10T06:14:54.958Z] Error reading or processing Modbus registers: A Modbus Exception Occurred - See Response Body
[2024-12-10T06:14:54.961Z] Error reading register 6507 for IP 10.30.4.128: A Modbus Exception Occurred - See Response Body
[2024-12-10T06:14:54.962Z] Error reading actual data: A Modbus Exception Occurred - See Response Body
[2024-12-10T06:14:54.963Z] Error writing to Modbus register: A Modbus Exception Occurred - See Response Body
[2024-12-10T06:14:55.967Z] Error reading or processing Modbus registers: A Modbus Exception Occurred - See Response Body
[2024-12-10T06:14:55.969Z] Error reading register 6507 for IP 10.30.4.128: A Modbus Exception Occurred - See Response Body
[2024-12-10T06:14:55.970Z] Error reading actual data: A Modbus Exception Occurred - See Response Body
[2024-12-10T06:14:55.970Z] Error writing to Modbus register: A Modbus Exception Occurred - See Response Body
[2024-12-10T06:14:56.983Z] Error reading or processing Modbus registers: A Modbus Exception Occurred - See Response Body
[2024-12-10T06:14:56.985Z] Error reading register 6507 for IP 10.30.4.128: A Modbus Exception Occurred - See Response Body
[2024-12-10T06:14:56.986Z] Error reading actual data: A Modbus Exception Occurred - See Response Body
[2024-12-10T06:14:56.986Z] Error writing to Modbus register: A Modbus Exception Occurred - See Response Body
[2024-12-10T06:14:57.993Z] Error reading or processing Modbus registers: A Modbus Exception Occurred - See Response Body
[2024-12-10T06:14:57.996Z] Error reading register 6507 for IP 10.30.4.128: A Modbus Exception Occurred - See Response Body
[2024-12-10T06:14:57.997Z] Error reading actual data: A Modbus Exception Occurred - See Response Body
[2024-12-10T06:14:57.997Z] Error writing to Modbus register: A Modbus Exception Occurred - See Response Body
[2024-12-10T06:14:59.006Z] Error reading or processing Modbus registers: A Modbus Exception Occurred - See Response Body
[2024-12-10T06:14:59.008Z] Error reading register 6507 for IP 10.30.4.128: A Modbus Exception Occurred - See Response Body
[2024-12-10T06:14:59.009Z] Error reading actual data: A Modbus Exception Occurred - See Response Body
[2024-12-10T06:14:59.010Z] Error writing to Modbus register: A Modbus Exception Occurred - See Response Body
[2024-12-10T06:15:00.020Z] Error reading or processing Modbus registers: A Modbus Exception Occurred - See Response Body
[2024-12-10T06:15:00.022Z] Error reading register 6507 for IP 10.30.4.128: A Modbus Exception Occurred - See Response Body
[2024-12-10T06:15:00.023Z] Error reading actual data: A Modbus Exception Occurred - See Response Body
[2024-12-10T06:15:00.024Z] Error writing to Modbus register: A Modbus Exception Occurred - See Response Body
[2024-12-10T06:15:01.032Z] Error reading or processing Modbus registers: A Modbus Exception Occurred - See Response Body
[2024-12-10T06:15:01.034Z] Error reading register 6507 for IP 10.30.4.128: A Modbus Exception Occurred - See Response Body
[2024-12-10T06:15:01.035Z] Error reading actual data: A Modbus Exception Occurred - See Response Body
[2024-12-10T06:15:01.035Z] Error writing to Modbus register: A Modbus Exception Occurred - See Response Body
[2024-12-10T06:15:02.043Z] Error reading or processing Modbus registers: A Modbus Exception Occurred - See Response Body
[2024-12-10T06:15:02.046Z] Error reading register 6507 for IP 10.30.4.128: A Modbus Exception Occurred - See Response Body
[2024-12-10T06:15:02.047Z] Error reading actual data: A Modbus Exception Occurred - See Response Body
[2024-12-10T06:15:02.047Z] Error writing to Modbus register: A Modbus Exception Occurred - See Response Body
[2024-12-10T06:15:03.056Z] Error reading or processing Modbus registers: A Modbus Exception Occurred - See Response Body
[2024-12-10T06:15:03.058Z] Error reading register 6507 for IP 10.30.4.128: A Modbus Exception Occurred - See Response Body
[2024-12-10T06:15:03.059Z] Error reading actual data: A Modbus Exception Occurred - See Response Body
[2024-12-10T06:15:03.060Z] Error writing to Modbus register: A Modbus Exception Occurred - See Response Body
[2024-12-10T06:15:04.063Z] Error reading or processing Modbus registers: A Modbus Exception Occurred - See Response Body
[2024-12-10T06:15:04.065Z] Error reading register 6507 for IP 10.30.4.128: A Modbus Exception Occurred - See Response Body
[2024-12-10T06:15:04.065Z] Error reading actual data: A Modbus Exception Occurred - See Response Body
[2024-12-10T06:15:04.066Z] Error writing to Modbus register: A Modbus Exception Occurred - See Response Body
[2024-12-10T06:15:05.074Z] Error reading or processing Modbus registers: A Modbus Exception Occurred - See Response Body
[2024-12-10T06:15:05.076Z] Error reading register 6507 for IP 10.30.4.128: A Modbus Exception Occurred - See Response Body
[2024-12-10T06:15:05.077Z] Error reading actual data: A Modbus Exception Occurred - See Response Body
[2024-12-10T06:15:05.077Z] Error writing to Modbus register: A Modbus Exception Occurred - See Response Body
[2024-12-10T06:15:06.083Z] Error reading or processing Modbus registers: A Modbus Exception Occurred - See Response Body
[2024-12-10T06:15:06.085Z] Error reading register 6507 for IP 10.30.4.128: A Modbus Exception Occurred - See Response Body
[2024-12-10T06:15:06.085Z] Error reading actual data: A Modbus Exception Occurred - See Response Body
[2024-12-10T06:15:06.086Z] Error writing to Modbus register: A Modbus Exception Occurred - See Response Body
[2024-12-10T06:15:07.098Z] Error reading or processing Modbus registers: A Modbus Exception Occurred - See Response Body
[2024-12-10T06:15:07.100Z] Error reading register 6507 for IP 10.30.4.128: A Modbus Exception Occurred - See Response Body
[2024-12-10T06:15:07.100Z] Error reading actual data: A Modbus Exception Occurred - See Response Body
[2024-12-10T06:15:07.101Z] Error writing to Modbus register: A Modbus Exception Occurred - See Response Body
[2024-12-10T06:15:08.110Z] Error reading or processing Modbus registers: A Modbus Exception Occurred - See Response Body
[2024-12-10T06:15:08.112Z] Error reading register 6507 for IP 10.30.4.128: A Modbus Exception Occurred - See Response Body
[2024-12-10T06:15:08.113Z] Error reading actual data: A Modbus Exception Occurred - See Response Body
[2024-12-10T06:15:08.114Z] Error writing to Modbus register: A Modbus Exception Occurred - See Response Body
[2024-12-10T06:15:09.112Z] Error reading or processing Modbus registers: A Modbus Exception Occurred - See Response Body
[2024-12-10T06:15:09.114Z] Error reading register 6507 for IP 10.30.4.128: A Modbus Exception Occurred - See Response Body
[2024-12-10T06:15:09.115Z] Error reading actual data: A Modbus Exception Occurred - See Response Body
[2024-12-10T06:15:09.115Z] Error writing to Modbus register: A Modbus Exception Occurred - See Response Body
[2024-12-10T06:15:10.119Z] Error reading or processing Modbus registers: A Modbus Exception Occurred - See Response Body
[2024-12-10T06:15:10.121Z] Error reading register 6507 for IP 10.30.4.128: A Modbus Exception Occurred - See Response Body
[2024-12-10T06:15:10.122Z] Error reading actual data: A Modbus Exception Occurred - See Response Body
[2024-12-10T06:15:10.122Z] Error writing to Modbus register: A Modbus Exception Occurred - See Response Body
[2024-12-10T06:15:11.120Z] Error reading or processing Modbus registers: A Modbus Exception Occurred - See Response Body
[2024-12-10T06:15:11.122Z] Error reading register 6507 for IP 10.30.4.128: A Modbus Exception Occurred - See Response Body
[2024-12-10T06:15:11.122Z] Error reading actual data: A Modbus Exception Occurred - See Response Body
[2024-12-10T06:15:11.123Z] Error writing to Modbus register: A Modbus Exception Occurred - See Response Body
[2024-12-10T06:15:12.133Z] Error reading or processing Modbus registers: A Modbus Exception Occurred - See Response Body
[2024-12-10T06:15:12.135Z] Error reading register 6507 for IP 10.30.4.128: A Modbus Exception Occurred - See Response Body
[2024-12-10T06:15:12.136Z] Error reading actual data: A Modbus Exception Occurred - See Response Body
[2024-12-10T06:15:12.137Z] Error writing to Modbus register: A Modbus Exception Occurred - See Response Body
[2024-12-10T06:15:13.143Z] Error reading or processing Modbus registers: A Modbus Exception Occurred - See Response Body
[2024-12-10T06:15:13.147Z] Error reading register 6507 for IP 10.30.4.128: A Modbus Exception Occurred - See Response Body
[2024-12-10T06:15:13.148Z] Error reading actual data: A Modbus Exception Occurred - See Response Body
[2024-12-10T06:15:13.148Z] Error writing to Modbus register: A Modbus Exception Occurred - See Response Body
[2024-12-10T06:15:14.149Z] Error reading or processing Modbus registers: A Modbus Exception Occurred - See Response Body
[2024-12-10T06:15:14.151Z] Error reading register 6507 for IP 10.30.4.128: A Modbus Exception Occurred - See Response Body
[2024-12-10T06:15:14.152Z] Error reading actual data: A Modbus Exception Occurred - See Response Body
[2024-12-10T06:15:14.152Z] Error writing to Modbus register: A Modbus Exception Occurred - See Response Body
[2024-12-10T06:15:15.153Z] Error reading or processing Modbus registers: A Modbus Exception Occurred - See Response Body
[2024-12-10T06:15:15.154Z] Error reading register 6507 for IP 10.30.4.128: A Modbus Exception Occurred - See Response Body
[2024-12-10T06:15:15.155Z] Error reading actual data: A Modbus Exception Occurred - See Response Body
[2024-12-10T06:15:15.155Z] Error writing to Modbus register: A Modbus Exception Occurred - See Response Body
[2024-12-10T06:15:16.160Z] Error reading or processing Modbus registers: A Modbus Exception Occurred - See Response Body
[2024-12-10T06:15:16.162Z] Error reading register 6507 for IP 10.30.4.128: A Modbus Exception Occurred - See Response Body
[2024-12-10T06:15:16.162Z] Error reading actual data: A Modbus Exception Occurred - See Response Body
[2024-12-10T06:15:16.163Z] Error writing to Modbus register: A Modbus Exception Occurred - See Response Body
[2024-12-10T06:15:17.171Z] Error reading or processing Modbus registers: A Modbus Exception Occurred - See Response Body
[2024-12-10T06:15:17.173Z] Error reading register 6507 for IP 10.30.4.128: A Modbus Exception Occurred - See Response Body
[2024-12-10T06:15:17.173Z] Error reading actual data: A Modbus Exception Occurred - See Response Body
[2024-12-10T06:15:17.174Z] Error writing to Modbus register: A Modbus Exception Occurred - See Response Body
[2024-12-10T06:15:18.178Z] Error reading or processing Modbus registers: A Modbus Exception Occurred - See Response Body
[2024-12-10T06:15:18.180Z] Error reading register 6507 for IP 10.30.4.128: A Modbus Exception Occurred - See Response Body
[2024-12-10T06:15:18.181Z] Error reading actual data: A Modbus Exception Occurred - See Response Body
[2024-12-10T06:15:18.181Z] Error writing to Modbus register: A Modbus Exception Occurred - See Response Body
[2024-12-10T06:15:19.185Z] Error reading or processing Modbus registers: A Modbus Exception Occurred - See Response Body
[2024-12-10T06:15:19.187Z] Error reading register 6507 for IP 10.30.4.128: A Modbus Exception Occurred - See Response Body
[2024-12-10T06:15:19.188Z] Error reading actual data: A Modbus Exception Occurred - See Response Body
[2024-12-10T06:15:19.188Z] Error writing to Modbus register: A Modbus Exception Occurred - See Response Body
[2024-12-10T06:15:20.192Z] Error reading or processing Modbus registers: A Modbus Exception Occurred - See Response Body
[2024-12-10T06:15:20.195Z] Error reading register 6507 for IP 10.30.4.128: A Modbus Exception Occurred - See Response Body
[2024-12-10T06:15:20.196Z] Error reading actual data: A Modbus Exception Occurred - See Response Body
[2024-12-10T06:15:20.196Z] Error writing to Modbus register: A Modbus Exception Occurred - See Response Body
[2024-12-10T06:15:21.204Z] Error reading or processing Modbus registers: A Modbus Exception Occurred - See Response Body
[2024-12-10T06:15:21.206Z] Error reading register 6507 for IP 10.30.4.128: A Modbus Exception Occurred - See Response Body
[2024-12-10T06:15:21.207Z] Error reading actual data: A Modbus Exception Occurred - See Response Body
[2024-12-10T06:15:21.208Z] Error writing to Modbus register: A Modbus Exception Occurred - See Response Body
[2024-12-10T06:15:22.205Z] Error reading or processing Modbus registers: A Modbus Exception Occurred - See Response Body
[2024-12-10T06:15:22.207Z] Error reading register 6507 for IP 10.30.4.128: A Modbus Exception Occurred - See Response Body
[2024-12-10T06:15:22.208Z] Error reading actual data: A Modbus Exception Occurred - See Response Body
[2024-12-10T06:15:22.209Z] Error writing to Modbus register: A Modbus Exception Occurred - See Response Body
[2024-12-10T06:15:23.209Z] Error reading or processing Modbus registers: A Modbus Exception Occurred - See Response Body
[2024-12-10T06:15:23.211Z] Error reading register 6507 for IP 10.30.4.128: A Modbus Exception Occurred - See Response Body
[2024-12-10T06:15:23.212Z] Error reading actual data: A Modbus Exception Occurred - See Response Body
[2024-12-10T06:15:23.212Z] Error writing to Modbus register: A Modbus Exception Occurred - See Response Body
[2024-12-10T06:15:24.215Z] Error reading or processing Modbus registers: A Modbus Exception Occurred - See Response Body
[2024-12-10T06:15:24.218Z] Error reading register 6507 for IP 10.30.4.128: A Modbus Exception Occurred - See Response Body
[2024-12-10T06:15:24.219Z] Error reading actual data: A Modbus Exception Occurred - See Response Body
[2024-12-10T06:15:24.219Z] Error writing to Modbus register: A Modbus Exception Occurred - See Response Body
[2024-12-10T06:15:25.227Z] Error reading or processing Modbus registers: A Modbus Exception Occurred - See Response Body
[2024-12-10T06:15:25.229Z] Error reading register 6507 for IP 10.30.4.128: A Modbus Exception Occurred - See Response Body
[2024-12-10T06:15:25.230Z] Error reading actual data: A Modbus Exception Occurred - See Response Body
[2024-12-10T06:15:25.231Z] Error writing to Modbus register: A Modbus Exception Occurred - See Response Body
[2024-12-10T06:15:26.227Z] Error reading or processing Modbus registers: A Modbus Exception Occurred - See Response Body
[2024-12-10T06:15:26.230Z] Error reading register 6507 for IP 10.30.4.128: A Modbus Exception Occurred - See Response Body
[2024-12-10T06:15:26.230Z] Error reading actual data: A Modbus Exception Occurred - See Response Body
[2024-12-10T06:15:26.231Z] Error writing to Modbus register: A Modbus Exception Occurred - See Response Body
[2024-12-10T06:15:27.238Z] Error reading or processing Modbus registers: A Modbus Exception Occurred - See Response Body
[2024-12-10T06:15:27.241Z] Error reading register 6507 for IP 10.30.4.128: A Modbus Exception Occurred - See Response Body
[2024-12-10T06:15:27.241Z] Error reading actual data: A Modbus Exception Occurred - See Response Body
[2024-12-10T06:15:27.242Z] Error writing to Modbus register: A Modbus Exception Occurred - See Response Body
[2024-12-10T06:15:28.244Z] Error reading or processing Modbus registers: A Modbus Exception Occurred - See Response Body
[2024-12-10T06:15:28.246Z] Error reading register 6507 for IP 10.30.4.128: A Modbus Exception Occurred - See Response Body
[2024-12-10T06:15:28.247Z] Error reading actual data: A Modbus Exception Occurred - See Response Body
[2024-12-10T06:15:28.248Z] Error writing to Modbus register: A Modbus Exception Occurred - See Response Body
[2024-12-10T06:15:29.252Z] Error reading or processing Modbus registers: A Modbus Exception Occurred - See Response Body
[2024-12-10T06:15:29.255Z] Error reading register 6507 for IP 10.30.4.128: A Modbus Exception Occurred - See Response Body
[2024-12-10T06:15:29.256Z] Error reading actual data: A Modbus Exception Occurred - See Response Body
[2024-12-10T06:15:29.257Z] Error writing to Modbus register: A Modbus Exception Occurred - See Response Body
[2024-12-10T06:15:30.259Z] Error reading or processing Modbus registers: A Modbus Exception Occurred - See Response Body
[2024-12-10T06:15:30.261Z] Error reading register 6507 for IP 10.30.4.128: A Modbus Exception Occurred - See Response Body
[2024-12-10T06:15:30.262Z] Error reading actual data: A Modbus Exception Occurred - See Response Body
[2024-12-10T06:15:30.263Z] Error writing to Modbus register: A Modbus Exception Occurred - See Response Body
[2024-12-10T06:15:31.268Z] Error reading or processing Modbus registers: A Modbus Exception Occurred - See Response Body
[2024-12-10T06:15:31.270Z] Error reading register 6507 for IP 10.30.4.128: A Modbus Exception Occurred - See Response Body
[2024-12-10T06:15:31.270Z] Error reading actual data: A Modbus Exception Occurred - See Response Body
[2024-12-10T06:15:31.271Z] Error writing to Modbus register: A Modbus Exception Occurred - See Response Body
[2024-12-10T06:15:32.278Z] Error reading or processing Modbus registers: A Modbus Exception Occurred - See Response Body
[2024-12-10T06:15:32.281Z] Error reading register 6507 for IP 10.30.4.128: A Modbus Exception Occurred - See Response Body
[2024-12-10T06:15:32.281Z] Error reading actual data: A Modbus Exception Occurred - See Response Body
[2024-12-10T06:15:32.282Z] Error writing to Modbus register: A Modbus Exception Occurred - See Response Body
[2024-12-10T06:15:33.280Z] Error reading or processing Modbus registers: A Modbus Exception Occurred - See Response Body
[2024-12-10T06:15:33.282Z] Error reading register 6507 for IP 10.30.4.128: A Modbus Exception Occurred - See Response Body
[2024-12-10T06:15:33.283Z] Error reading actual data: A Modbus Exception Occurred - See Response Body
[2024-12-10T06:15:33.283Z] Error writing to Modbus register: A Modbus Exception Occurred - See Response Body
[2024-12-10T06:15:34.291Z] Error reading or processing Modbus registers: A Modbus Exception Occurred - See Response Body
[2024-12-10T06:15:34.293Z] Error reading register 6507 for IP 10.30.4.128: A Modbus Exception Occurred - See Response Body
[2024-12-10T06:15:34.294Z] Error reading actual data: A Modbus Exception Occurred - See Response Body
[2024-12-10T06:15:34.294Z] Error writing to Modbus register: A Modbus Exception Occurred - See Response Body
[2024-12-10T06:15:35.296Z] Error reading or processing Modbus registers: A Modbus Exception Occurred - See Response Body
[2024-12-10T06:15:35.298Z] Error reading register 6507 for IP 10.30.4.128: A Modbus Exception Occurred - See Response Body
[2024-12-10T06:15:35.299Z] Error reading actual data: A Modbus Exception Occurred - See Response Body
[2024-12-10T06:15:35.299Z] Error writing to Modbus register: A Modbus Exception Occurred - See Response Body
[2024-12-10T06:15:36.303Z] Error reading or processing Modbus registers: A Modbus Exception Occurred - See Response Body
[2024-12-10T06:15:36.305Z] Error reading register 6507 for IP 10.30.4.128: A Modbus Exception Occurred - See Response Body
[2024-12-10T06:15:36.306Z] Error reading actual data: A Modbus Exception Occurred - See Response Body
[2024-12-10T06:15:36.306Z] Error writing to Modbus register: A Modbus Exception Occurred - See Response Body
[2024-12-10T06:15:37.314Z] Error reading or processing Modbus registers: A Modbus Exception Occurred - See Response Body
[2024-12-10T06:15:37.315Z] Error reading register 6507 for IP 10.30.4.128: A Modbus Exception Occurred - See Response Body
[2024-12-10T06:15:37.316Z] Error reading actual data: A Modbus Exception Occurred - See Response Body
[2024-12-10T06:15:37.317Z] Error writing to Modbus register: A Modbus Exception Occurred - See Response Body
[2024-12-10T06:15:38.321Z] Error reading or processing Modbus registers: A Modbus Exception Occurred - See Response Body
[2024-12-10T06:15:38.323Z] Error reading register 6507 for IP 10.30.4.128: A Modbus Exception Occurred - See Response Body
[2024-12-10T06:15:38.324Z] Error reading actual data: A Modbus Exception Occurred - See Response Body
[2024-12-10T06:15:38.325Z] Error writing to Modbus register: A Modbus Exception Occurred - See Response Body
[2024-12-10T06:15:39.333Z] Error reading or processing Modbus registers: A Modbus Exception Occurred - See Response Body
[2024-12-10T06:15:39.335Z] Error reading register 6507 for IP 10.30.4.128: A Modbus Exception Occurred - See Response Body
[2024-12-10T06:15:39.336Z] Error reading actual data: A Modbus Exception Occurred - See Response Body
[2024-12-10T06:15:39.336Z] Error writing to Modbus register: A Modbus Exception Occurred - See Response Body
[2024-12-10T06:15:40.338Z] Error reading or processing Modbus registers: A Modbus Exception Occurred - See Response Body
[2024-12-10T06:15:40.340Z] Error reading register 6507 for IP 10.30.4.128: A Modbus Exception Occurred - See Response Body
[2024-12-10T06:15:40.341Z] Error reading actual data: A Modbus Exception Occurred - See Response Body
[2024-12-10T06:15:40.342Z] Error writing to Modbus register: A Modbus Exception Occurred - See Response Body
[2024-12-10T06:15:41.348Z] Error reading or processing Modbus registers: A Modbus Exception Occurred - See Response Body
[2024-12-10T06:15:41.350Z] Error reading register 6507 for IP 10.30.4.128: A Modbus Exception Occurred - See Response Body
[2024-12-10T06:15:41.350Z] Error reading actual data: A Modbus Exception Occurred - See Response Body
[2024-12-10T06:15:41.351Z] Error writing to Modbus register: A Modbus Exception Occurred - See Response Body
[2024-12-10T06:15:42.361Z] Error reading or processing Modbus registers: A Modbus Exception Occurred - See Response Body
[2024-12-10T06:15:42.363Z] Error reading register 6507 for IP 10.30.4.128: A Modbus Exception Occurred - See Response Body
[2024-12-10T06:15:42.364Z] Error reading actual data: A Modbus Exception Occurred - See Response Body
[2024-12-10T06:15:42.365Z] Error writing to Modbus register: A Modbus Exception Occurred - See Response Body
[2024-12-10T06:15:43.380Z] Error reading or processing Modbus registers: A Modbus Exception Occurred - See Response Body
[2024-12-10T06:15:43.382Z] Error reading register 6507 for IP 10.30.4.128: A Modbus Exception Occurred - See Response Body
[2024-12-10T06:15:43.383Z] Error reading actual data: A Modbus Exception Occurred - See Response Body
[2024-12-10T06:15:43.384Z] Error writing to Modbus register: A Modbus Exception Occurred - See Response Body
[2024-12-10T06:15:44.383Z] Error reading or processing Modbus registers: A Modbus Exception Occurred - See Response Body
[2024-12-10T06:15:44.385Z] Error reading register 6507 for IP 10.30.4.128: A Modbus Exception Occurred - See Response Body
[2024-12-10T06:15:44.386Z] Error reading actual data: A Modbus Exception Occurred - See Response Body
[2024-12-10T06:15:44.386Z] Error writing to Modbus register: A Modbus Exception Occurred - See Response Body
[2024-12-10T06:15:45.394Z] Error reading or processing Modbus registers: A Modbus Exception Occurred - See Response Body
[2024-12-10T06:15:45.396Z] Error reading register 6507 for IP 10.30.4.128: A Modbus Exception Occurred - See Response Body
[2024-12-10T06:15:45.397Z] Error reading actual data: A Modbus Exception Occurred - See Response Body
[2024-12-10T06:15:45.397Z] Error writing to Modbus register: A Modbus Exception Occurred - See Response Body
[2024-12-10T06:15:46.405Z] Error reading or processing Modbus registers: A Modbus Exception Occurred - See Response Body
[2024-12-10T06:15:46.407Z] Error reading register 6507 for IP 10.30.4.128: A Modbus Exception Occurred - See Response Body
[2024-12-10T06:15:46.408Z] Error reading actual data: A Modbus Exception Occurred - See Response Body
[2024-12-10T06:15:46.409Z] Error writing to Modbus register: A Modbus Exception Occurred - See Response Body
[2024-12-10T06:15:47.405Z] Error reading or processing Modbus registers: A Modbus Exception Occurred - See Response Body
[2024-12-10T06:15:47.407Z] Error reading register 6507 for IP 10.30.4.128: A Modbus Exception Occurred - See Response Body
[2024-12-10T06:15:47.408Z] Error reading actual data: A Modbus Exception Occurred - See Response Body
[2024-12-10T06:15:47.409Z] Error writing to Modbus register: A Modbus Exception Occurred - See Response Body
[2024-12-10T06:15:48.412Z] Error reading or processing Modbus registers: A Modbus Exception Occurred - See Response Body
[2024-12-10T06:15:48.413Z] Error reading register 6507 for IP 10.30.4.128: A Modbus Exception Occurred - See Response Body
[2024-12-10T06:15:48.414Z] Error reading actual data: A Modbus Exception Occurred - See Response Body
[2024-12-10T06:15:48.415Z] Error writing to Modbus register: A Modbus Exception Occurred - See Response Body
[2024-12-10T06:15:49.421Z] Error reading or processing Modbus registers: A Modbus Exception Occurred - See Response Body
[2024-12-10T06:15:49.423Z] Error reading register 6507 for IP 10.30.4.128: A Modbus Exception Occurred - See Response Body
[2024-12-10T06:15:49.424Z] Error reading actual data: A Modbus Exception Occurred - See Response Body
[2024-12-10T06:15:49.425Z] Error writing to Modbus register: A Modbus Exception Occurred - See Response Body
[2024-12-10T06:15:50.431Z] Error reading or processing Modbus registers: A Modbus Exception Occurred - See Response Body
[2024-12-10T06:15:50.434Z] Error reading register 6507 for IP 10.30.4.128: A Modbus Exception Occurred - See Response Body
[2024-12-10T06:15:50.434Z] Error reading actual data: A Modbus Exception Occurred - See Response Body
[2024-12-10T06:15:50.435Z] Error writing to Modbus register: A Modbus Exception Occurred - See Response Body
[2024-12-10T06:15:51.445Z] Error reading or processing Modbus registers: A Modbus Exception Occurred - See Response Body
[2024-12-10T06:15:51.447Z] Error reading register 6507 for IP 10.30.4.128: A Modbus Exception Occurred - See Response Body
[2024-12-10T06:15:51.448Z] Error reading actual data: A Modbus Exception Occurred - See Response Body
[2024-12-10T06:15:51.449Z] Error writing to Modbus register: A Modbus Exception Occurred - See Response Body
[2024-12-10T06:15:52.456Z] Error reading or processing Modbus registers: A Modbus Exception Occurred - See Response Body
[2024-12-10T06:15:52.458Z] Error reading register 6507 for IP 10.30.4.128: A Modbus Exception Occurred - See Response Body
[2024-12-10T06:15:52.459Z] Error reading actual data: A Modbus Exception Occurred - See Response Body
[2024-12-10T06:15:52.459Z] Error writing to Modbus register: A Modbus Exception Occurred - See Response Body
[2024-12-10T06:15:53.467Z] Error reading or processing Modbus registers: A Modbus Exception Occurred - See Response Body
[2024-12-10T06:15:53.485Z] Error reading register 6507 for IP 10.30.4.128: A Modbus Exception Occurred - See Response Body
[2024-12-10T06:15:53.485Z] Error reading actual data: A Modbus Exception Occurred - See Response Body
[2024-12-10T06:15:53.486Z] Error writing to Modbus register: A Modbus Exception Occurred - See Response Body
[2024-12-10T06:15:54.479Z] Error reading or processing Modbus registers: A Modbus Exception Occurred - See Response Body
[2024-12-10T06:15:54.481Z] Error reading register 6507 for IP 10.30.4.128: A Modbus Exception Occurred - See Response Body
[2024-12-10T06:15:54.482Z] Error reading actual data: A Modbus Exception Occurred - See Response Body
[2024-12-10T06:15:54.482Z] Error writing to Modbus register: A Modbus Exception Occurred - See Response Body
[2024-12-10T06:15:55.481Z] Error reading or processing Modbus registers: A Modbus Exception Occurred - See Response Body
[2024-12-10T06:15:55.482Z] Error reading register 6507 for IP 10.30.4.128: A Modbus Exception Occurred - See Response Body
[2024-12-10T06:15:55.483Z] Error reading actual data: A Modbus Exception Occurred - See Response Body
[2024-12-10T06:15:55.483Z] Error writing to Modbus register: A Modbus Exception Occurred - See Response Body
[2024-12-10T06:15:56.487Z] Error reading or processing Modbus registers: A Modbus Exception Occurred - See Response Body
[2024-12-10T06:15:56.489Z] Error reading register 6507 for IP 10.30.4.128: A Modbus Exception Occurred - See Response Body
[2024-12-10T06:15:56.490Z] Error reading actual data: A Modbus Exception Occurred - See Response Body
[2024-12-10T06:15:56.490Z] Error writing to Modbus register: A Modbus Exception Occurred - See Response Body
[2024-12-10T06:15:57.497Z] Error reading or processing Modbus registers: A Modbus Exception Occurred - See Response Body
[2024-12-10T06:15:57.499Z] Error reading register 6507 for IP 10.30.4.128: A Modbus Exception Occurred - See Response Body
[2024-12-10T06:15:57.499Z] Error reading actual data: A Modbus Exception Occurred - See Response Body
[2024-12-10T06:15:57.500Z] Error writing to Modbus register: A Modbus Exception Occurred - See Response Body
[2024-12-10T06:15:58.509Z] Error reading or processing Modbus registers: A Modbus Exception Occurred - See Response Body
[2024-12-10T06:15:58.511Z] Error reading register 6507 for IP 10.30.4.128: A Modbus Exception Occurred - See Response Body
[2024-12-10T06:15:58.511Z] Error reading actual data: A Modbus Exception Occurred - See Response Body
[2024-12-10T06:15:58.512Z] Error writing to Modbus register: A Modbus Exception Occurred - See Response Body
[2024-12-10T06:15:59.518Z] Error reading or processing Modbus registers: A Modbus Exception Occurred - See Response Body
[2024-12-10T06:15:59.520Z] Error reading register 6507 for IP 10.30.4.128: A Modbus Exception Occurred - See Response Body
[2024-12-10T06:15:59.521Z] Error reading actual data: A Modbus Exception Occurred - See Response Body
[2024-12-10T06:15:59.521Z] Error writing to Modbus register: A Modbus Exception Occurred - See Response Body
[2024-12-10T06:16:00.520Z] Error reading or processing Modbus registers: A Modbus Exception Occurred - See Response Body
[2024-12-10T06:16:00.522Z] Error reading register 6507 for IP 10.30.4.128: A Modbus Exception Occurred - See Response Body
[2024-12-10T06:16:00.523Z] Error reading actual data: A Modbus Exception Occurred - See Response Body
[2024-12-10T06:16:00.523Z] Error writing to Modbus register: A Modbus Exception Occurred - See Response Body
[2024-12-10T06:16:01.533Z] Error reading or processing Modbus registers: A Modbus Exception Occurred - See Response Body
[2024-12-10T06:16:01.534Z] Error reading register 6507 for IP 10.30.4.128: A Modbus Exception Occurred - See Response Body
[2024-12-10T06:16:01.535Z] Error reading actual data: A Modbus Exception Occurred - See Response Body
[2024-12-10T06:16:01.535Z] Error writing to Modbus register: A Modbus Exception Occurred - See Response Body
[2024-12-10T06:16:02.542Z] Error reading or processing Modbus registers: A Modbus Exception Occurred - See Response Body
[2024-12-10T06:16:02.544Z] Error reading register 6507 for IP 10.30.4.128: A Modbus Exception Occurred - See Response Body
[2024-12-10T06:16:02.544Z] Error reading actual data: A Modbus Exception Occurred - See Response Body
[2024-12-10T06:16:02.545Z] Error writing to Modbus register: A Modbus Exception Occurred - See Response Body
[2024-12-10T06:16:03.543Z] Error reading or processing Modbus registers: A Modbus Exception Occurred - See Response Body
[2024-12-10T06:16:03.545Z] Error reading register 6507 for IP 10.30.4.128: A Modbus Exception Occurred - See Response Body
[2024-12-10T06:16:03.546Z] Error reading actual data: A Modbus Exception Occurred - See Response Body
[2024-12-10T06:16:03.547Z] Error writing to Modbus register: A Modbus Exception Occurred - See Response Body
[2024-12-10T06:16:04.547Z] Error reading or processing Modbus registers: A Modbus Exception Occurred - See Response Body
[2024-12-10T06:16:04.550Z] Error reading register 6507 for IP 10.30.4.128: A Modbus Exception Occurred - See Response Body
[2024-12-10T06:16:04.550Z] Error reading actual data: A Modbus Exception Occurred - See Response Body
[2024-12-10T06:16:04.551Z] Error writing to Modbus register: A Modbus Exception Occurred - See Response Body
[2024-12-10T06:16:05.561Z] Error reading or processing Modbus registers: A Modbus Exception Occurred - See Response Body
[2024-12-10T06:16:05.563Z] Error reading register 6507 for IP 10.30.4.128: A Modbus Exception Occurred - See Response Body
[2024-12-10T06:16:05.563Z] Error reading actual data: A Modbus Exception Occurred - See Response Body
[2024-12-10T06:16:05.564Z] Error writing to Modbus register: A Modbus Exception Occurred - See Response Body
[2024-12-10T06:16:06.575Z] Error reading or processing Modbus registers: A Modbus Exception Occurred - See Response Body
[2024-12-10T06:16:06.578Z] Error reading actual data: A Modbus Exception Occurred - See Response Body
[2024-12-10T06:16:06.579Z] Error writing to Modbus register: A Modbus Exception Occurred - See Response Body
[2024-12-10T06:16:06.577Z] Error reading register 6507 for IP 10.30.4.128: A Modbus Exception Occurred - See Response Body
[2024-12-10T06:16:07.587Z] Error reading or processing Modbus registers: A Modbus Exception Occurred - See Response Body
[2024-12-10T06:16:07.589Z] Error reading register 6507 for IP 10.30.4.128: A Modbus Exception Occurred - See Response Body
[2024-12-10T06:16:07.590Z] Error reading actual data: A Modbus Exception Occurred - See Response Body
[2024-12-10T06:16:07.590Z] Error writing to Modbus register: A Modbus Exception Occurred - See Response Body
[2024-12-10T06:16:08.600Z] Error reading or processing Modbus registers: A Modbus Exception Occurred - See Response Body
[2024-12-10T06:16:08.603Z] Error reading register 6507 for IP 10.30.4.128: A Modbus Exception Occurred - See Response Body
[2024-12-10T06:16:08.603Z] Error reading actual data: A Modbus Exception Occurred - See Response Body
[2024-12-10T06:16:08.604Z] Error writing to Modbus register: A Modbus Exception Occurred - See Response Body
[2024-12-10T06:16:09.612Z] Error reading or processing Modbus registers: A Modbus Exception Occurred - See Response Body
[2024-12-10T06:16:09.615Z] Error reading register 6507 for IP 10.30.4.128: A Modbus Exception Occurred - See Response Body
[2024-12-10T06:16:09.615Z] Error reading actual data: A Modbus Exception Occurred - See Response Body
[2024-12-10T06:16:09.616Z] Error writing to Modbus register: A Modbus Exception Occurred - See Response Body
[2024-12-10T06:16:10.627Z] Error reading or processing Modbus registers: A Modbus Exception Occurred - See Response Body
[2024-12-10T06:16:10.629Z] Error reading register 6507 for IP 10.30.4.128: A Modbus Exception Occurred - See Response Body
[2024-12-10T06:16:10.630Z] Error reading actual data: A Modbus Exception Occurred - See Response Body
[2024-12-10T06:16:10.631Z] Error writing to Modbus register: A Modbus Exception Occurred - See Response Body
[2024-12-10T06:16:11.626Z] Error reading or processing Modbus registers: A Modbus Exception Occurred - See Response Body
[2024-12-10T06:16:11.629Z] Error reading register 6507 for IP 10.30.4.128: A Modbus Exception Occurred - See Response Body
[2024-12-10T06:16:11.630Z] Error reading actual data: A Modbus Exception Occurred - See Response Body
[2024-12-10T06:16:11.630Z] Error writing to Modbus register: A Modbus Exception Occurred - See Response Body
[2024-12-10T06:16:12.638Z] Error reading or processing Modbus registers: A Modbus Exception Occurred - See Response Body
[2024-12-10T06:16:12.640Z] Error reading register 6507 for IP 10.30.4.128: A Modbus Exception Occurred - See Response Body
[2024-12-10T06:16:12.641Z] Error reading actual data: A Modbus Exception Occurred - See Response Body
[2024-12-10T06:16:12.642Z] Error writing to Modbus register: A Modbus Exception Occurred - See Response Body
[2024-12-10T06:16:13.652Z] Error reading or processing Modbus registers: A Modbus Exception Occurred - See Response Body
[2024-12-10T06:16:13.654Z] Error reading register 6507 for IP 10.30.4.128: A Modbus Exception Occurred - See Response Body
[2024-12-10T06:16:13.654Z] Error reading actual data: A Modbus Exception Occurred - See Response Body
[2024-12-10T06:16:13.655Z] Error writing to Modbus register: A Modbus Exception Occurred - See Response Body
[2024-12-10T06:16:14.664Z] Error reading or processing Modbus registers: A Modbus Exception Occurred - See Response Body
[2024-12-10T06:16:14.666Z] Error reading register 6507 for IP 10.30.4.128: A Modbus Exception Occurred - See Response Body
[2024-12-10T06:16:14.667Z] Error reading actual data: A Modbus Exception Occurred - See Response Body
[2024-12-10T06:16:14.668Z] Error writing to Modbus register: A Modbus Exception Occurred - See Response Body
[2024-12-10T06:16:15.665Z] Error reading or processing Modbus registers: A Modbus Exception Occurred - See Response Body
[2024-12-10T06:16:15.667Z] Error reading register 6507 for IP 10.30.4.128: A Modbus Exception Occurred - See Response Body
[2024-12-10T06:16:15.667Z] Error reading actual data: A Modbus Exception Occurred - See Response Body
[2024-12-10T06:16:15.668Z] Error writing to Modbus register: A Modbus Exception Occurred - See Response Body
[2024-12-10T06:16:16.668Z] Error reading or processing Modbus registers: A Modbus Exception Occurred - See Response Body
[2024-12-10T06:16:16.669Z] Error reading register 6507 for IP 10.30.4.128: A Modbus Exception Occurred - See Response Body
[2024-12-10T06:16:16.670Z] Error reading actual data: A Modbus Exception Occurred - See Response Body
[2024-12-10T06:16:16.670Z] Error writing to Modbus register: A Modbus Exception Occurred - See Response Body
[2024-12-10T06:16:17.682Z] Error reading or processing Modbus registers: A Modbus Exception Occurred - See Response Body
[2024-12-10T06:16:17.684Z] Error reading register 6507 for IP 10.30.4.128: A Modbus Exception Occurred - See Response Body
[2024-12-10T06:16:17.685Z] Error reading actual data: A Modbus Exception Occurred - See Response Body
[2024-12-10T06:16:17.685Z] Error writing to Modbus register: A Modbus Exception Occurred - See Response Body
[2024-12-10T06:16:18.693Z] Error reading or processing Modbus registers: A Modbus Exception Occurred - See Response Body
[2024-12-10T06:16:18.695Z] Error reading register 6507 for IP 10.30.4.128: A Modbus Exception Occurred - See Response Body
[2024-12-10T06:16:18.696Z] Error reading actual data: A Modbus Exception Occurred - See Response Body
[2024-12-10T06:16:18.697Z] Error writing to Modbus register: A Modbus Exception Occurred - See Response Body
[2024-12-10T06:16:19.704Z] Error reading or processing Modbus registers: A Modbus Exception Occurred - See Response Body
[2024-12-10T06:16:19.706Z] Error reading register 6507 for IP 10.30.4.128: A Modbus Exception Occurred - See Response Body
[2024-12-10T06:16:19.707Z] Error reading actual data: A Modbus Exception Occurred - See Response Body
[2024-12-10T06:16:19.707Z] Error writing to Modbus register: A Modbus Exception Occurred - See Response Body
[2024-12-10T06:16:20.714Z] Error reading or processing Modbus registers: A Modbus Exception Occurred - See Response Body
[2024-12-10T06:16:20.716Z] Error reading register 6507 for IP 10.30.4.128: A Modbus Exception Occurred - See Response Body
[2024-12-10T06:16:20.717Z] Error reading actual data: A Modbus Exception Occurred - See Response Body
[2024-12-10T06:16:20.718Z] Error writing to Modbus register: A Modbus Exception Occurred - See Response Body
[2024-12-10T06:16:21.727Z] Error reading or processing Modbus registers: A Modbus Exception Occurred - See Response Body
[2024-12-10T06:16:21.729Z] Error reading register 6507 for IP 10.30.4.128: A Modbus Exception Occurred - See Response Body
[2024-12-10T06:16:21.729Z] Error reading actual data: A Modbus Exception Occurred - See Response Body
[2024-12-10T06:16:21.730Z] Error writing to Modbus register: A Modbus Exception Occurred - See Response Body
[2024-12-10T06:16:22.738Z] Error reading or processing Modbus registers: A Modbus Exception Occurred - See Response Body
[2024-12-10T06:16:22.740Z] Error reading register 6507 for IP 10.30.4.128: A Modbus Exception Occurred - See Response Body
[2024-12-10T06:16:22.741Z] Error reading actual data: A Modbus Exception Occurred - See Response Body
[2024-12-10T06:16:22.742Z] Error writing to Modbus register: A Modbus Exception Occurred - See Response Body
[2024-12-10T06:16:23.737Z] Error reading or processing Modbus registers: A Modbus Exception Occurred - See Response Body
[2024-12-10T06:16:23.739Z] Error reading register 6507 for IP 10.30.4.128: A Modbus Exception Occurred - See Response Body
[2024-12-10T06:16:23.740Z] Error reading actual data: A Modbus Exception Occurred - See Response Body
[2024-12-10T06:16:23.740Z] Error writing to Modbus register: A Modbus Exception Occurred - See Response Body
[2024-12-10T06:16:24.749Z] Error reading or processing Modbus registers: A Modbus Exception Occurred - See Response Body
[2024-12-10T06:16:24.751Z] Error reading register 6507 for IP 10.30.4.128: A Modbus Exception Occurred - See Response Body
[2024-12-10T06:16:24.752Z] Error reading actual data: A Modbus Exception Occurred - See Response Body
[2024-12-10T06:16:24.753Z] Error writing to Modbus register: A Modbus Exception Occurred - See Response Body
[2024-12-10T06:16:25.759Z] Error reading or processing Modbus registers: A Modbus Exception Occurred - See Response Body
[2024-12-10T06:16:25.761Z] Error reading register 6507 for IP 10.30.4.128: A Modbus Exception Occurred - See Response Body
[2024-12-10T06:16:25.762Z] Error reading actual data: A Modbus Exception Occurred - See Response Body
[2024-12-10T06:16:25.763Z] Error writing to Modbus register: A Modbus Exception Occurred - See Response Body
[2024-12-10T06:16:26.772Z] Error reading or processing Modbus registers: A Modbus Exception Occurred - See Response Body
[2024-12-10T06:16:26.774Z] Error reading register 6507 for IP 10.30.4.128: A Modbus Exception Occurred - See Response Body
[2024-12-10T06:16:26.774Z] Error reading actual data: A Modbus Exception Occurred - See Response Body
[2024-12-10T06:16:26.775Z] Error writing to Modbus register: A Modbus Exception Occurred - See Response Body
[2024-12-10T06:16:27.787Z] Error reading or processing Modbus registers: A Modbus Exception Occurred - See Response Body
[2024-12-10T06:16:27.789Z] Error reading register 6507 for IP 10.30.4.128: A Modbus Exception Occurred - See Response Body
[2024-12-10T06:16:27.789Z] Error reading actual data: A Modbus Exception Occurred - See Response Body
[2024-12-10T06:16:27.790Z] Error writing to Modbus register: A Modbus Exception Occurred - See Response Body
[2024-12-10T06:16:28.802Z] Error reading or processing Modbus registers: A Modbus Exception Occurred - See Response Body
[2024-12-10T06:16:28.804Z] Error reading register 6507 for IP 10.30.4.128: A Modbus Exception Occurred - See Response Body
[2024-12-10T06:16:28.805Z] Error reading actual data: A Modbus Exception Occurred - See Response Body
[2024-12-10T06:16:28.805Z] Error writing to Modbus register: A Modbus Exception Occurred - See Response Body
[2024-12-10T06:16:29.816Z] Error reading or processing Modbus registers: A Modbus Exception Occurred - See Response Body
[2024-12-10T06:16:29.818Z] Error reading register 6507 for IP 10.30.4.128: A Modbus Exception Occurred - See Response Body
[2024-12-10T06:16:29.818Z] Error reading actual data: A Modbus Exception Occurred - See Response Body
[2024-12-10T06:16:29.819Z] Error writing to Modbus register: A Modbus Exception Occurred - See Response Body
[2024-12-10T06:16:30.832Z] Error reading or processing Modbus registers: A Modbus Exception Occurred - See Response Body
[2024-12-10T06:16:30.834Z] Error reading register 6507 for IP 10.30.4.128: A Modbus Exception Occurred - See Response Body
[2024-12-10T06:16:30.835Z] Error reading actual data: A Modbus Exception Occurred - See Response Body
[2024-12-10T06:16:30.835Z] Error writing to Modbus register: A Modbus Exception Occurred - See Response Body
[2024-12-10T06:16:31.840Z] Error reading or processing Modbus registers: A Modbus Exception Occurred - See Response Body
[2024-12-10T06:16:31.842Z] Error reading register 6507 for IP 10.30.4.128: A Modbus Exception Occurred - See Response Body
[2024-12-10T06:16:31.842Z] Error reading actual data: A Modbus Exception Occurred - See Response Body
[2024-12-10T06:16:31.843Z] Error writing to Modbus register: A Modbus Exception Occurred - See Response Body
[2024-12-10T06:16:32.850Z] Error reading or processing Modbus registers: A Modbus Exception Occurred - See Response Body
[2024-12-10T06:16:32.851Z] Error reading register 6507 for IP 10.30.4.128: A Modbus Exception Occurred - See Response Body
[2024-12-10T06:16:32.852Z] Error reading actual data: A Modbus Exception Occurred - See Response Body
[2024-12-10T06:16:32.853Z] Error writing to Modbus register: A Modbus Exception Occurred - See Response Body
[2024-12-10T06:16:33.860Z] Error reading or processing Modbus registers: A Modbus Exception Occurred - See Response Body
[2024-12-10T06:16:33.862Z] Error reading register 6507 for IP 10.30.4.128: A Modbus Exception Occurred - See Response Body
[2024-12-10T06:16:33.863Z] Error reading actual data: A Modbus Exception Occurred - See Response Body
[2024-12-10T06:16:33.863Z] Error writing to Modbus register: A Modbus Exception Occurred - See Response Body
[2024-12-10T06:16:34.871Z] Error reading or processing Modbus registers: A Modbus Exception Occurred - See Response Body
[2024-12-10T06:16:34.873Z] Error reading register 6507 for IP 10.30.4.128: A Modbus Exception Occurred - See Response Body
[2024-12-10T06:16:34.874Z] Error reading actual data: A Modbus Exception Occurred - See Response Body
[2024-12-10T06:16:34.874Z] Error writing to Modbus register: A Modbus Exception Occurred - See Response Body
[2024-12-10T06:16:35.873Z] Error reading or processing Modbus registers: A Modbus Exception Occurred - See Response Body
[2024-12-10T06:16:35.875Z] Error reading register 6507 for IP 10.30.4.128: A Modbus Exception Occurred - See Response Body
[2024-12-10T06:16:35.876Z] Error reading actual data: A Modbus Exception Occurred - See Response Body
[2024-12-10T06:16:35.876Z] Error writing to Modbus register: A Modbus Exception Occurred - See Response Body
[2024-12-10T06:16:36.885Z] Error reading or processing Modbus registers: A Modbus Exception Occurred - See Response Body
[2024-12-10T06:16:36.887Z] Error reading register 6507 for IP 10.30.4.128: A Modbus Exception Occurred - See Response Body
[2024-12-10T06:16:36.888Z] Error reading actual data: A Modbus Exception Occurred - See Response Body
[2024-12-10T06:16:36.889Z] Error writing to Modbus register: A Modbus Exception Occurred - See Response Body
[2024-12-10T06:16:37.888Z] Error reading or processing Modbus registers: A Modbus Exception Occurred - See Response Body
[2024-12-10T06:16:37.889Z] Error reading register 6507 for IP 10.30.4.128: A Modbus Exception Occurred - See Response Body
[2024-12-10T06:16:37.890Z] Error reading actual data: A Modbus Exception Occurred - See Response Body
[2024-12-10T06:16:37.890Z] Error writing to Modbus register: A Modbus Exception Occurred - See Response Body
[2024-12-10T06:16:38.889Z] Error reading or processing Modbus registers: A Modbus Exception Occurred - See Response Body
[2024-12-10T06:16:38.891Z] Error reading register 6507 for IP 10.30.4.128: A Modbus Exception Occurred - See Response Body
[2024-12-10T06:16:38.891Z] Error reading actual data: A Modbus Exception Occurred - See Response Body
[2024-12-10T06:16:38.892Z] Error writing to Modbus register: A Modbus Exception Occurred - See Response Body
[2024-12-10T06:16:39.900Z] Error reading or processing Modbus registers: A Modbus Exception Occurred - See Response Body
[2024-12-10T06:16:39.902Z] Error reading register 6507 for IP 10.30.4.128: A Modbus Exception Occurred - See Response Body
[2024-12-10T06:16:39.902Z] Error reading actual data: A Modbus Exception Occurred - See Response Body
[2024-12-10T06:16:39.903Z] Error writing to Modbus register: A Modbus Exception Occurred - See Response Body
[2024-12-10T06:16:40.914Z] Error reading or processing Modbus registers: A Modbus Exception Occurred - See Response Body
[2024-12-10T06:16:40.916Z] Error reading register 6507 for IP 10.30.4.128: A Modbus Exception Occurred - See Response Body
[2024-12-10T06:16:40.917Z] Error reading actual data: A Modbus Exception Occurred - See Response Body
[2024-12-10T06:16:40.917Z] Error writing to Modbus register: A Modbus Exception Occurred - See Response Body
[2024-12-10T06:16:41.928Z] Error reading or processing Modbus registers: A Modbus Exception Occurred - See Response Body
[2024-12-10T06:16:41.930Z] Error reading register 6507 for IP 10.30.4.128: A Modbus Exception Occurred - See Response Body
[2024-12-10T06:16:41.931Z] Error reading actual data: A Modbus Exception Occurred - See Response Body
[2024-12-10T06:16:41.931Z] Error writing to Modbus register: A Modbus Exception Occurred - See Response Body
[2024-12-10T06:16:42.939Z] Error reading or processing Modbus registers: A Modbus Exception Occurred - See Response Body
[2024-12-10T06:16:42.942Z] Error reading register 6507 for IP 10.30.4.128: A Modbus Exception Occurred - See Response Body
[2024-12-10T06:16:42.943Z] Error reading actual data: A Modbus Exception Occurred - See Response Body
[2024-12-10T06:16:42.943Z] Error writing to Modbus register: A Modbus Exception Occurred - See Response Body
[2024-12-10T06:16:43.952Z] Error reading or processing Modbus registers: A Modbus Exception Occurred - See Response Body
[2024-12-10T06:16:43.955Z] Error reading register 6507 for IP 10.30.4.128: A Modbus Exception Occurred - See Response Body
[2024-12-10T06:16:43.956Z] Error reading actual data: A Modbus Exception Occurred - See Response Body
[2024-12-10T06:16:43.956Z] Error writing to Modbus register: A Modbus Exception Occurred - See Response Body
[2024-12-10T06:16:44.964Z] Error reading or processing Modbus registers: A Modbus Exception Occurred - See Response Body
[2024-12-10T06:16:44.966Z] Error reading register 6507 for IP 10.30.4.128: A Modbus Exception Occurred - See Response Body
[2024-12-10T06:16:44.967Z] Error reading actual data: A Modbus Exception Occurred - See Response Body
[2024-12-10T06:16:44.968Z] Error writing to Modbus register: A Modbus Exception Occurred - See Response Body
[2024-12-10T06:16:45.977Z] Error reading or processing Modbus registers: A Modbus Exception Occurred - See Response Body
[2024-12-10T06:16:45.980Z] Error reading register 6507 for IP 10.30.4.128: A Modbus Exception Occurred - See Response Body
[2024-12-10T06:16:45.981Z] Error reading actual data: A Modbus Exception Occurred - See Response Body
[2024-12-10T06:16:45.981Z] Error writing to Modbus register: A Modbus Exception Occurred - See Response Body
[2024-12-10T06:16:46.989Z] Error reading or processing Modbus registers: A Modbus Exception Occurred - See Response Body
[2024-12-10T06:16:46.991Z] Error reading register 6507 for IP 10.30.4.128: A Modbus Exception Occurred - See Response Body
[2024-12-10T06:16:46.991Z] Error reading actual data: A Modbus Exception Occurred - See Response Body
[2024-12-10T06:16:46.992Z] Error writing to Modbus register: A Modbus Exception Occurred - See Response Body
[2024-12-10T06:16:47.998Z] Error reading or processing Modbus registers: A Modbus Exception Occurred - See Response Body
[2024-12-10T06:16:48.000Z] Error reading register 6507 for IP 10.30.4.128: A Modbus Exception Occurred - See Response Body
[2024-12-10T06:16:48.001Z] Error reading actual data: A Modbus Exception Occurred - See Response Body
[2024-12-10T06:16:48.001Z] Error writing to Modbus register: A Modbus Exception Occurred - See Response Body
[2024-12-10T06:16:49.004Z] Error reading or processing Modbus registers: A Modbus Exception Occurred - See Response Body
[2024-12-10T06:16:49.007Z] Error reading register 6507 for IP 10.30.4.128: A Modbus Exception Occurred - See Response Body
[2024-12-10T06:16:49.008Z] Error reading actual data: A Modbus Exception Occurred - See Response Body
[2024-12-10T06:16:49.008Z] Error writing to Modbus register: A Modbus Exception Occurred - See Response Body
[2024-12-10T06:16:50.012Z] Error reading or processing Modbus registers: A Modbus Exception Occurred - See Response Body
[2024-12-10T06:16:50.015Z] Error reading register 6507 for IP 10.30.4.128: A Modbus Exception Occurred - See Response Body
[2024-12-10T06:16:50.015Z] Error reading actual data: A Modbus Exception Occurred - See Response Body
[2024-12-10T06:16:50.016Z] Error writing to Modbus register: A Modbus Exception Occurred - See Response Body
[2024-12-10T06:16:51.024Z] Error reading or processing Modbus registers: A Modbus Exception Occurred - See Response Body
[2024-12-10T06:16:51.027Z] Error reading register 6507 for IP 10.30.4.128: A Modbus Exception Occurred - See Response Body
[2024-12-10T06:16:51.028Z] Error reading actual data: A Modbus Exception Occurred - See Response Body
[2024-12-10T06:16:51.031Z] Error writing to Modbus register: A Modbus Exception Occurred - See Response Body
[2024-12-10T06:16:52.025Z] Error reading or processing Modbus registers: A Modbus Exception Occurred - See Response Body
[2024-12-10T06:16:52.028Z] Error reading register 6507 for IP 10.30.4.128: A Modbus Exception Occurred - See Response Body
[2024-12-10T06:16:52.028Z] Error reading actual data: A Modbus Exception Occurred - See Response Body
[2024-12-10T06:16:52.029Z] Error writing to Modbus register: A Modbus Exception Occurred - See Response Body
[2024-12-10T06:16:53.040Z] Error reading or processing Modbus registers: A Modbus Exception Occurred - See Response Body
[2024-12-10T06:16:53.043Z] Error reading register 6507 for IP 10.30.4.128: A Modbus Exception Occurred - See Response Body
[2024-12-10T06:16:53.043Z] Error reading actual data: A Modbus Exception Occurred - See Response Body
[2024-12-10T06:16:53.044Z] Error writing to Modbus register: A Modbus Exception Occurred - See Response Body
[2024-12-10T06:16:54.054Z] Error reading or processing Modbus registers: A Modbus Exception Occurred - See Response Body
[2024-12-10T06:16:54.056Z] Error reading register 6507 for IP 10.30.4.128: A Modbus Exception Occurred - See Response Body
[2024-12-10T06:16:54.057Z] Error reading actual data: A Modbus Exception Occurred - See Response Body
[2024-12-10T06:16:54.057Z] Error writing to Modbus register: A Modbus Exception Occurred - See Response Body
[2024-12-10T06:16:55.064Z] Error reading or processing Modbus registers: A Modbus Exception Occurred - See Response Body
[2024-12-10T06:16:55.066Z] Error reading register 6507 for IP 10.30.4.128: A Modbus Exception Occurred - See Response Body
[2024-12-10T06:16:55.067Z] Error reading actual data: A Modbus Exception Occurred - See Response Body
[2024-12-10T06:16:55.068Z] Error writing to Modbus register: A Modbus Exception Occurred - See Response Body
[2024-12-10T06:16:56.080Z] Error reading or processing Modbus registers: A Modbus Exception Occurred - See Response Body
[2024-12-10T06:16:56.082Z] Error reading register 6507 for IP 10.30.4.128: A Modbus Exception Occurred - See Response Body
[2024-12-10T06:16:56.083Z] Error reading actual data: A Modbus Exception Occurred - See Response Body
[2024-12-10T06:16:56.083Z] Error writing to Modbus register: A Modbus Exception Occurred - See Response Body
[2024-12-10T06:16:57.092Z] Error reading or processing Modbus registers: A Modbus Exception Occurred - See Response Body
[2024-12-10T06:16:57.094Z] Error reading register 6507 for IP 10.30.4.128: A Modbus Exception Occurred - See Response Body
[2024-12-10T06:16:57.095Z] Error reading actual data: A Modbus Exception Occurred - See Response Body
[2024-12-10T06:16:57.095Z] Error writing to Modbus register: A Modbus Exception Occurred - See Response Body
[2024-12-10T06:16:58.092Z] Error reading or processing Modbus registers: A Modbus Exception Occurred - See Response Body
[2024-12-10T06:16:58.094Z] Error reading register 6507 for IP 10.30.4.128: A Modbus Exception Occurred - See Response Body
[2024-12-10T06:16:58.094Z] Error reading actual data: A Modbus Exception Occurred - See Response Body
[2024-12-10T06:16:58.095Z] Error writing to Modbus register: A Modbus Exception Occurred - See Response Body
[2024-12-10T06:16:59.105Z] Error reading or processing Modbus registers: A Modbus Exception Occurred - See Response Body
[2024-12-10T06:16:59.108Z] Error reading register 6507 for IP 10.30.4.128: A Modbus Exception Occurred - See Response Body
[2024-12-10T06:16:59.109Z] Error reading actual data: A Modbus Exception Occurred - See Response Body
[2024-12-10T06:16:59.109Z] Error writing to Modbus register: A Modbus Exception Occurred - See Response Body
[2024-12-10T06:17:00.119Z] Error reading or processing Modbus registers: A Modbus Exception Occurred - See Response Body
[2024-12-10T06:17:00.121Z] Error reading register 6507 for IP 10.30.4.128: A Modbus Exception Occurred - See Response Body
[2024-12-10T06:17:00.121Z] Error reading actual data: A Modbus Exception Occurred - See Response Body
[2024-12-10T06:17:00.122Z] Error writing to Modbus register: A Modbus Exception Occurred - See Response Body
[2024-12-10T06:17:01.125Z] Error reading or processing Modbus registers: A Modbus Exception Occurred - See Response Body
[2024-12-10T06:17:01.128Z] Error reading register 6507 for IP 10.30.4.128: A Modbus Exception Occurred - See Response Body
[2024-12-10T06:17:01.129Z] Error reading actual data: A Modbus Exception Occurred - See Response Body
[2024-12-10T06:17:01.130Z] Error writing to Modbus register: A Modbus Exception Occurred - See Response Body
[2024-12-10T06:17:02.126Z] Error reading or processing Modbus registers: A Modbus Exception Occurred - See Response Body
[2024-12-10T06:17:02.128Z] Error reading register 6507 for IP 10.30.4.128: A Modbus Exception Occurred - See Response Body
[2024-12-10T06:17:02.128Z] Error reading actual data: A Modbus Exception Occurred - See Response Body
[2024-12-10T06:17:02.129Z] Error writing to Modbus register: A Modbus Exception Occurred - See Response Body
[2024-12-10T06:17:03.135Z] Error reading or processing Modbus registers: A Modbus Exception Occurred - See Response Body
[2024-12-10T06:17:03.137Z] Error reading register 6507 for IP 10.30.4.128: A Modbus Exception Occurred - See Response Body
[2024-12-10T06:17:03.138Z] Error reading actual data: A Modbus Exception Occurred - See Response Body
[2024-12-10T06:17:03.138Z] Error writing to Modbus register: A Modbus Exception Occurred - See Response Body
[2024-12-10T06:17:04.136Z] Error reading or processing Modbus registers: A Modbus Exception Occurred - See Response Body
[2024-12-10T06:17:04.138Z] Error reading register 6507 for IP 10.30.4.128: A Modbus Exception Occurred - See Response Body
[2024-12-10T06:17:04.139Z] Error reading actual data: A Modbus Exception Occurred - See Response Body
[2024-12-10T06:17:04.139Z] Error writing to Modbus register: A Modbus Exception Occurred - See Response Body
[2024-12-10T06:17:05.145Z] Error reading or processing Modbus registers: A Modbus Exception Occurred - See Response Body
[2024-12-10T06:17:05.148Z] Error reading register 6507 for IP 10.30.4.128: A Modbus Exception Occurred - See Response Body
[2024-12-10T06:17:05.148Z] Error reading actual data: A Modbus Exception Occurred - See Response Body
[2024-12-10T06:17:05.149Z] Error writing to Modbus register: A Modbus Exception Occurred - See Response Body
[2024-12-10T06:17:06.157Z] Error reading or processing Modbus registers: A Modbus Exception Occurred - See Response Body
[2024-12-10T06:17:06.159Z] Error reading register 6507 for IP 10.30.4.128: A Modbus Exception Occurred - See Response Body
[2024-12-10T06:17:06.160Z] Error reading actual data: A Modbus Exception Occurred - See Response Body
[2024-12-10T06:17:06.160Z] Error writing to Modbus register: A Modbus Exception Occurred - See Response Body
[2024-12-10T06:17:07.168Z] Error reading or processing Modbus registers: A Modbus Exception Occurred - See Response Body
[2024-12-10T06:17:07.170Z] Error reading register 6507 for IP 10.30.4.128: A Modbus Exception Occurred - See Response Body
[2024-12-10T06:17:07.171Z] Error reading actual data: A Modbus Exception Occurred - See Response Body
[2024-12-10T06:17:07.172Z] Error writing to Modbus register: A Modbus Exception Occurred - See Response Body
[2024-12-10T06:17:08.174Z] Error reading or processing Modbus registers: A Modbus Exception Occurred - See Response Body
[2024-12-10T06:17:08.177Z] Error reading register 6507 for IP 10.30.4.128: A Modbus Exception Occurred - See Response Body
[2024-12-10T06:17:08.178Z] Error writing to Modbus register: A Modbus Exception Occurred - See Response Body
[2024-12-10T06:17:08.178Z] Error reading actual data: A Modbus Exception Occurred - See Response Body
[2024-12-10T06:17:09.184Z] Error reading or processing Modbus registers: A Modbus Exception Occurred - See Response Body
[2024-12-10T06:17:09.187Z] Error reading register 6507 for IP 10.30.4.128: A Modbus Exception Occurred - See Response Body
[2024-12-10T06:17:09.187Z] Error reading actual data: A Modbus Exception Occurred - See Response Body
[2024-12-10T06:17:09.188Z] Error writing to Modbus register: A Modbus Exception Occurred - See Response Body
[2024-12-10T06:17:10.196Z] Error reading or processing Modbus registers: A Modbus Exception Occurred - See Response Body
[2024-12-10T06:17:10.198Z] Error reading register 6507 for IP 10.30.4.128: A Modbus Exception Occurred - See Response Body
[2024-12-10T06:17:10.199Z] Error reading actual data: A Modbus Exception Occurred - See Response Body
[2024-12-10T06:17:10.200Z] Error writing to Modbus register: A Modbus Exception Occurred - See Response Body
[2024-12-10T06:17:11.208Z] Error reading or processing Modbus registers: A Modbus Exception Occurred - See Response Body
[2024-12-10T06:17:11.210Z] Error reading register 6507 for IP 10.30.4.128: A Modbus Exception Occurred - See Response Body
[2024-12-10T06:17:11.211Z] Error reading actual data: A Modbus Exception Occurred - See Response Body
[2024-12-10T06:17:11.212Z] Error writing to Modbus register: A Modbus Exception Occurred - See Response Body
[2024-12-10T06:17:12.216Z] Error reading or processing Modbus registers: A Modbus Exception Occurred - See Response Body
[2024-12-10T06:17:12.219Z] Error reading register 6507 for IP 10.30.4.128: A Modbus Exception Occurred - See Response Body
[2024-12-10T06:17:12.219Z] Error reading actual data: A Modbus Exception Occurred - See Response Body
[2024-12-10T06:17:12.220Z] Error writing to Modbus register: A Modbus Exception Occurred - See Response Body
[2024-12-10T06:17:13.229Z] Error reading or processing Modbus registers: A Modbus Exception Occurred - See Response Body
[2024-12-10T06:17:13.232Z] Error reading register 6507 for IP 10.30.4.128: A Modbus Exception Occurred - See Response Body
[2024-12-10T06:17:13.232Z] Error reading actual data: A Modbus Exception Occurred - See Response Body
[2024-12-10T06:17:13.233Z] Error writing to Modbus register: A Modbus Exception Occurred - See Response Body
[2024-12-10T06:17:14.238Z] Error reading or processing Modbus registers: A Modbus Exception Occurred - See Response Body
[2024-12-10T06:17:14.241Z] Error reading register 6507 for IP 10.30.4.128: A Modbus Exception Occurred - See Response Body
[2024-12-10T06:17:14.241Z] Error reading actual data: A Modbus Exception Occurred - See Response Body
[2024-12-10T06:17:14.242Z] Error writing to Modbus register: A Modbus Exception Occurred - See Response Body
[2024-12-10T06:17:15.251Z] Error reading or processing Modbus registers: A Modbus Exception Occurred - See Response Body
[2024-12-10T06:17:15.253Z] Error reading register 6507 for IP 10.30.4.128: A Modbus Exception Occurred - See Response Body
[2024-12-10T06:17:15.253Z] Error reading actual data: A Modbus Exception Occurred - See Response Body
[2024-12-10T06:17:15.254Z] Error writing to Modbus register: A Modbus Exception Occurred - See Response Body
[2024-12-10T06:17:16.266Z] Error reading or processing Modbus registers: A Modbus Exception Occurred - See Response Body
[2024-12-10T06:17:16.267Z] Error reading register 6507 for IP 10.30.4.128: A Modbus Exception Occurred - See Response Body
[2024-12-10T06:17:16.268Z] Error reading actual data: A Modbus Exception Occurred - See Response Body
[2024-12-10T06:17:16.269Z] Error writing to Modbus register: A Modbus Exception Occurred - See Response Body
[2024-12-10T06:17:17.278Z] Error reading or processing Modbus registers: A Modbus Exception Occurred - See Response Body
[2024-12-10T06:17:17.280Z] Error reading register 6507 for IP 10.30.4.128: A Modbus Exception Occurred - See Response Body
[2024-12-10T06:17:17.281Z] Error reading actual data: A Modbus Exception Occurred - See Response Body
[2024-12-10T06:17:17.281Z] Error writing to Modbus register: A Modbus Exception Occurred - See Response Body
[2024-12-10T06:17:18.289Z] Error reading or processing Modbus registers: A Modbus Exception Occurred - See Response Body
[2024-12-10T06:17:18.291Z] Error reading register 6507 for IP 10.30.4.128: A Modbus Exception Occurred - See Response Body
[2024-12-10T06:17:18.292Z] Error reading actual data: A Modbus Exception Occurred - See Response Body
[2024-12-10T06:17:18.293Z] Error writing to Modbus register: A Modbus Exception Occurred - See Response Body
[2024-12-10T06:17:19.303Z] Error reading or processing Modbus registers: A Modbus Exception Occurred - See Response Body
[2024-12-10T06:17:19.304Z] Error reading register 6507 for IP 10.30.4.128: A Modbus Exception Occurred - See Response Body
[2024-12-10T06:17:19.305Z] Error reading actual data: A Modbus Exception Occurred - See Response Body
[2024-12-10T06:17:19.306Z] Error writing to Modbus register: A Modbus Exception Occurred - See Response Body
[2024-12-10T06:17:20.315Z] Error reading or processing Modbus registers: A Modbus Exception Occurred - See Response Body
[2024-12-10T06:17:20.316Z] Error reading register 6507 for IP 10.30.4.128: A Modbus Exception Occurred - See Response Body
[2024-12-10T06:17:20.317Z] Error reading actual data: A Modbus Exception Occurred - See Response Body
[2024-12-10T06:17:20.318Z] Error writing to Modbus register: A Modbus Exception Occurred - See Response Body
[2024-12-10T06:17:21.328Z] Error reading or processing Modbus registers: A Modbus Exception Occurred - See Response Body
[2024-12-10T06:17:21.330Z] Error reading register 6507 for IP 10.30.4.128: A Modbus Exception Occurred - See Response Body
[2024-12-10T06:17:21.330Z] Error reading actual data: A Modbus Exception Occurred - See Response Body
[2024-12-10T06:17:21.331Z] Error writing to Modbus register: A Modbus Exception Occurred - See Response Body
[2024-12-10T06:17:22.335Z] Error reading or processing Modbus registers: A Modbus Exception Occurred - See Response Body
[2024-12-10T06:17:22.338Z] Error reading register 6507 for IP 10.30.4.128: A Modbus Exception Occurred - See Response Body
[2024-12-10T06:17:22.339Z] Error reading actual data: A Modbus Exception Occurred - See Response Body
[2024-12-10T06:17:22.340Z] Error writing to Modbus register: A Modbus Exception Occurred - See Response Body
[2024-12-10T06:17:23.346Z] Error reading or processing Modbus registers: A Modbus Exception Occurred - See Response Body
[2024-12-10T06:17:23.348Z] Error reading register 6507 for IP 10.30.4.128: A Modbus Exception Occurred - See Response Body
[2024-12-10T06:17:23.349Z] Error reading actual data: A Modbus Exception Occurred - See Response Body
[2024-12-10T06:17:23.349Z] Error writing to Modbus register: A Modbus Exception Occurred - See Response Body
[2024-12-10T06:17:24.354Z] Error reading or processing Modbus registers: A Modbus Exception Occurred - See Response Body
[2024-12-10T06:17:24.357Z] Error reading register 6507 for IP 10.30.4.128: A Modbus Exception Occurred - See Response Body
[2024-12-10T06:17:24.358Z] Error reading actual data: A Modbus Exception Occurred - See Response Body
[2024-12-10T06:17:24.358Z] Error writing to Modbus register: A Modbus Exception Occurred - See Response Body
[2024-12-10T06:17:25.363Z] Error reading or processing Modbus registers: A Modbus Exception Occurred - See Response Body
[2024-12-10T06:17:25.365Z] Error reading register 6507 for IP 10.30.4.128: A Modbus Exception Occurred - See Response Body
[2024-12-10T06:17:25.366Z] Error reading actual data: A Modbus Exception Occurred - See Response Body
[2024-12-10T06:17:25.367Z] Error writing to Modbus register: A Modbus Exception Occurred - See Response Body
[2024-12-10T06:17:26.372Z] Error reading or processing Modbus registers: A Modbus Exception Occurred - See Response Body
[2024-12-10T06:17:26.374Z] Error reading register 6507 for IP 10.30.4.128: A Modbus Exception Occurred - See Response Body
[2024-12-10T06:17:26.375Z] Error reading actual data: A Modbus Exception Occurred - See Response Body
[2024-12-10T06:17:26.376Z] Error writing to Modbus register: A Modbus Exception Occurred - See Response Body
[2024-12-10T06:17:27.372Z] Error reading or processing Modbus registers: A Modbus Exception Occurred - See Response Body
[2024-12-10T06:17:27.374Z] Error reading register 6507 for IP 10.30.4.128: A Modbus Exception Occurred - See Response Body
[2024-12-10T06:17:27.375Z] Error reading actual data: A Modbus Exception Occurred - See Response Body
[2024-12-10T06:17:27.376Z] Error writing to Modbus register: A Modbus Exception Occurred - See Response Body
[2024-12-10T06:17:28.382Z] Error reading or processing Modbus registers: A Modbus Exception Occurred - See Response Body
[2024-12-10T06:17:28.385Z] Error reading register 6507 for IP 10.30.4.128: A Modbus Exception Occurred - See Response Body
[2024-12-10T06:17:28.386Z] Error reading actual data: A Modbus Exception Occurred - See Response Body
[2024-12-10T06:17:28.386Z] Error writing to Modbus register: A Modbus Exception Occurred - See Response Body
[2024-12-10T06:17:29.394Z] Error reading or processing Modbus registers: A Modbus Exception Occurred - See Response Body
[2024-12-10T06:17:29.395Z] Error reading register 6507 for IP 10.30.4.128: A Modbus Exception Occurred - See Response Body
[2024-12-10T06:17:29.396Z] Error reading actual data: A Modbus Exception Occurred - See Response Body
[2024-12-10T06:17:29.397Z] Error writing to Modbus register: A Modbus Exception Occurred - See Response Body
[2024-12-10T06:17:30.407Z] Error reading or processing Modbus registers: A Modbus Exception Occurred - See Response Body
[2024-12-10T06:17:30.409Z] Error reading register 6507 for IP 10.30.4.128: A Modbus Exception Occurred - See Response Body
[2024-12-10T06:17:30.410Z] Error reading actual data: A Modbus Exception Occurred - See Response Body
[2024-12-10T06:17:30.411Z] Error writing to Modbus register: A Modbus Exception Occurred - See Response Body
[2024-12-10T06:17:31.420Z] Error reading or processing Modbus registers: A Modbus Exception Occurred - See Response Body
[2024-12-10T06:17:31.422Z] Error reading register 6507 for IP 10.30.4.128: A Modbus Exception Occurred - See Response Body
[2024-12-10T06:17:31.423Z] Error reading actual data: A Modbus Exception Occurred - See Response Body
[2024-12-10T06:17:31.424Z] Error writing to Modbus register: A Modbus Exception Occurred - See Response Body
[2024-12-10T06:17:32.434Z] Error reading or processing Modbus registers: A Modbus Exception Occurred - See Response Body
[2024-12-10T06:17:32.437Z] Error reading register 6507 for IP 10.30.4.128: A Modbus Exception Occurred - See Response Body
[2024-12-10T06:17:32.438Z] Error reading actual data: A Modbus Exception Occurred - See Response Body
[2024-12-10T06:17:32.438Z] Error writing to Modbus register: A Modbus Exception Occurred - See Response Body
[2024-12-10T06:17:33.443Z] Error reading or processing Modbus registers: A Modbus Exception Occurred - See Response Body
[2024-12-10T06:17:33.445Z] Error reading register 6507 for IP 10.30.4.128: A Modbus Exception Occurred - See Response Body
[2024-12-10T06:17:33.445Z] Error reading actual data: A Modbus Exception Occurred - See Response Body
[2024-12-10T06:17:33.446Z] Error writing to Modbus register: A Modbus Exception Occurred - See Response Body
[2024-12-10T06:17:34.454Z] Error reading or processing Modbus registers: A Modbus Exception Occurred - See Response Body
[2024-12-10T06:17:34.455Z] Error reading register 6507 for IP 10.30.4.128: A Modbus Exception Occurred - See Response Body
[2024-12-10T06:17:34.456Z] Error reading actual data: A Modbus Exception Occurred - See Response Body
[2024-12-10T06:17:34.456Z] Error writing to Modbus register: A Modbus Exception Occurred - See Response Body
[2024-12-10T06:17:35.466Z] Error reading or processing Modbus registers: A Modbus Exception Occurred - See Response Body
[2024-12-10T06:17:35.468Z] Error reading register 6507 for IP 10.30.4.128: A Modbus Exception Occurred - See Response Body
[2024-12-10T06:17:35.469Z] Error reading actual data: A Modbus Exception Occurred - See Response Body
[2024-12-10T06:17:35.470Z] Error writing to Modbus register: A Modbus Exception Occurred - See Response Body
[2024-12-10T06:17:36.480Z] Error reading or processing Modbus registers: A Modbus Exception Occurred - See Response Body
[2024-12-10T06:17:36.481Z] Error reading register 6507 for IP 10.30.4.128: A Modbus Exception Occurred - See Response Body
[2024-12-10T06:17:36.482Z] Error reading actual data: A Modbus Exception Occurred - See Response Body
[2024-12-10T06:17:36.482Z] Error writing to Modbus register: A Modbus Exception Occurred - See Response Body
[2024-12-10T06:17:37.490Z] Error reading or processing Modbus registers: A Modbus Exception Occurred - See Response Body
[2024-12-10T06:17:37.492Z] Error reading register 6507 for IP 10.30.4.128: A Modbus Exception Occurred - See Response Body
[2024-12-10T06:17:37.493Z] Error reading actual data: A Modbus Exception Occurred - See Response Body
[2024-12-10T06:17:37.494Z] Error writing to Modbus register: A Modbus Exception Occurred - See Response Body
[2024-12-10T06:17:38.504Z] Error reading or processing Modbus registers: A Modbus Exception Occurred - See Response Body
[2024-12-10T06:17:38.506Z] Error reading register 6507 for IP 10.30.4.128: A Modbus Exception Occurred - See Response Body
[2024-12-10T06:17:38.507Z] Error reading actual data: A Modbus Exception Occurred - See Response Body
[2024-12-10T06:17:38.508Z] Error writing to Modbus register: A Modbus Exception Occurred - See Response Body
[2024-12-10T06:17:39.505Z] Error reading or processing Modbus registers: A Modbus Exception Occurred - See Response Body
[2024-12-10T06:17:39.507Z] Error reading register 6507 for IP 10.30.4.128: A Modbus Exception Occurred - See Response Body
[2024-12-10T06:17:39.507Z] Error reading actual data: A Modbus Exception Occurred - See Response Body
[2024-12-10T06:17:39.510Z] Error writing to Modbus register: A Modbus Exception Occurred - See Response Body
[2024-12-10T06:17:40.519Z] Error reading or processing Modbus registers: A Modbus Exception Occurred - See Response Body
[2024-12-10T06:17:40.520Z] Error reading register 6507 for IP 10.30.4.128: A Modbus Exception Occurred - See Response Body
[2024-12-10T06:17:40.521Z] Error reading actual data: A Modbus Exception Occurred - See Response Body
[2024-12-10T06:17:40.521Z] Error writing to Modbus register: A Modbus Exception Occurred - See Response Body
[2024-12-10T06:17:41.521Z] Error reading or processing Modbus registers: A Modbus Exception Occurred - See Response Body
[2024-12-10T06:17:41.523Z] Error reading register 6507 for IP 10.30.4.128: A Modbus Exception Occurred - See Response Body
[2024-12-10T06:17:41.523Z] Error reading actual data: A Modbus Exception Occurred - See Response Body
[2024-12-10T06:17:41.524Z] Error writing to Modbus register: A Modbus Exception Occurred - See Response Body
[2024-12-10T06:17:42.536Z] Error reading or processing Modbus registers: A Modbus Exception Occurred - See Response Body
[2024-12-10T06:17:42.538Z] Error reading register 6507 for IP 10.30.4.128: A Modbus Exception Occurred - See Response Body
[2024-12-10T06:17:42.538Z] Error reading actual data: A Modbus Exception Occurred - See Response Body
[2024-12-10T06:17:42.539Z] Error writing to Modbus register: A Modbus Exception Occurred - See Response Body
[2024-12-10T06:17:43.548Z] Error reading or processing Modbus registers: A Modbus Exception Occurred - See Response Body
[2024-12-10T06:17:43.552Z] Error reading register 6507 for IP 10.30.4.128: A Modbus Exception Occurred - See Response Body
[2024-12-10T06:17:43.565Z] Error reading actual data: A Modbus Exception Occurred - See Response Body
[2024-12-10T06:17:43.566Z] Error writing to Modbus register: A Modbus Exception Occurred - See Response Body
[2024-12-10T06:17:44.561Z] Error reading or processing Modbus registers: A Modbus Exception Occurred - See Response Body
[2024-12-10T06:17:44.563Z] Error reading register 6507 for IP 10.30.4.128: A Modbus Exception Occurred - See Response Body
[2024-12-10T06:17:44.564Z] Error reading actual data: A Modbus Exception Occurred - See Response Body
[2024-12-10T06:17:44.565Z] Error writing to Modbus register: A Modbus Exception Occurred - See Response Body
[2024-12-10T06:17:45.576Z] Error reading or processing Modbus registers: A Modbus Exception Occurred - See Response Body
[2024-12-10T06:17:45.579Z] Error reading register 6507 for IP 10.30.4.128: A Modbus Exception Occurred - See Response Body
[2024-12-10T06:17:45.579Z] Error reading actual data: A Modbus Exception Occurred - See Response Body
[2024-12-10T06:17:45.580Z] Error writing to Modbus register: A Modbus Exception Occurred - See Response Body
[2024-12-10T06:17:46.590Z] Error reading or processing Modbus registers: A Modbus Exception Occurred - See Response Body
[2024-12-10T06:17:46.592Z] Error reading register 6507 for IP 10.30.4.128: A Modbus Exception Occurred - See Response Body
[2024-12-10T06:17:46.593Z] Error reading actual data: A Modbus Exception Occurred - See Response Body
[2024-12-10T06:17:46.593Z] Error writing to Modbus register: A Modbus Exception Occurred - See Response Body
[2024-12-10T06:17:47.599Z] Error reading or processing Modbus registers: A Modbus Exception Occurred - See Response Body
[2024-12-10T06:17:47.601Z] Error reading register 6507 for IP 10.30.4.128: A Modbus Exception Occurred - See Response Body
[2024-12-10T06:17:47.602Z] Error reading actual data: A Modbus Exception Occurred - See Response Body
[2024-12-10T06:17:47.602Z] Error writing to Modbus register: A Modbus Exception Occurred - See Response Body
[2024-12-10T06:17:48.604Z] Error reading or processing Modbus registers: A Modbus Exception Occurred - See Response Body
[2024-12-10T06:17:48.606Z] Error reading register 6507 for IP 10.30.4.128: A Modbus Exception Occurred - See Response Body
[2024-12-10T06:17:48.607Z] Error reading actual data: A Modbus Exception Occurred - See Response Body
[2024-12-10T06:17:48.607Z] Error writing to Modbus register: A Modbus Exception Occurred - See Response Body
[2024-12-10T06:17:49.616Z] Error reading or processing Modbus registers: A Modbus Exception Occurred - See Response Body
[2024-12-10T06:17:49.618Z] Error reading register 6507 for IP 10.30.4.128: A Modbus Exception Occurred - See Response Body
[2024-12-10T06:17:49.619Z] Error reading actual data: A Modbus Exception Occurred - See Response Body
[2024-12-10T06:17:49.620Z] Error writing to Modbus register: A Modbus Exception Occurred - See Response Body
[2024-12-10T06:17:50.631Z] Error reading or processing Modbus registers: A Modbus Exception Occurred - See Response Body
[2024-12-10T06:17:50.633Z] Error reading register 6507 for IP 10.30.4.128: A Modbus Exception Occurred - See Response Body
[2024-12-10T06:17:50.634Z] Error reading actual data: A Modbus Exception Occurred - See Response Body
[2024-12-10T06:17:50.634Z] Error writing to Modbus register: A Modbus Exception Occurred - See Response Body
[2024-12-10T06:17:51.640Z] Error reading or processing Modbus registers: A Modbus Exception Occurred - See Response Body
[2024-12-10T06:17:51.642Z] Error reading register 6507 for IP 10.30.4.128: A Modbus Exception Occurred - See Response Body
[2024-12-10T06:17:51.643Z] Error reading actual data: A Modbus Exception Occurred - See Response Body
[2024-12-10T06:17:51.643Z] Error writing to Modbus register: A Modbus Exception Occurred - See Response Body
[2024-12-10T06:17:52.653Z] Error reading or processing Modbus registers: A Modbus Exception Occurred - See Response Body
[2024-12-10T06:17:52.655Z] Error reading register 6507 for IP 10.30.4.128: A Modbus Exception Occurred - See Response Body
[2024-12-10T06:17:52.656Z] Error reading actual data: A Modbus Exception Occurred - See Response Body
[2024-12-10T06:17:52.656Z] Error writing to Modbus register: A Modbus Exception Occurred - See Response Body
[2024-12-10T06:17:53.666Z] Error reading or processing Modbus registers: A Modbus Exception Occurred - See Response Body
[2024-12-10T06:17:53.668Z] Error reading register 6507 for IP 10.30.4.128: A Modbus Exception Occurred - See Response Body
[2024-12-10T06:17:53.668Z] Error reading actual data: A Modbus Exception Occurred - See Response Body
[2024-12-10T06:17:53.669Z] Error writing to Modbus register: A Modbus Exception Occurred - See Response Body
[2024-12-10T06:17:54.679Z] Error reading or processing Modbus registers: A Modbus Exception Occurred - See Response Body
[2024-12-10T06:17:54.681Z] Error reading register 6507 for IP 10.30.4.128: A Modbus Exception Occurred - See Response Body
[2024-12-10T06:17:54.682Z] Error reading actual data: A Modbus Exception Occurred - See Response Body
[2024-12-10T06:17:54.682Z] Error writing to Modbus register: A Modbus Exception Occurred - See Response Body
[2024-12-10T06:17:55.680Z] Error reading or processing Modbus registers: A Modbus Exception Occurred - See Response Body
[2024-12-10T06:17:55.682Z] Error reading register 6507 for IP 10.30.4.128: A Modbus Exception Occurred - See Response Body
[2024-12-10T06:17:55.682Z] Error reading actual data: A Modbus Exception Occurred - See Response Body
[2024-12-10T06:17:55.683Z] Error writing to Modbus register: A Modbus Exception Occurred - See Response Body
[2024-12-10T06:17:56.685Z] Error reading or processing Modbus registers: A Modbus Exception Occurred - See Response Body
[2024-12-10T06:17:56.687Z] Error reading register 6507 for IP 10.30.4.128: A Modbus Exception Occurred - See Response Body
[2024-12-10T06:17:56.688Z] Error reading actual data: A Modbus Exception Occurred - See Response Body
[2024-12-10T06:17:56.690Z] Error writing to Modbus register: A Modbus Exception Occurred - See Response Body
[2024-12-10T06:17:57.694Z] Error reading or processing Modbus registers: A Modbus Exception Occurred - See Response Body
[2024-12-10T06:17:57.696Z] Error reading register 6507 for IP 10.30.4.128: A Modbus Exception Occurred - See Response Body
[2024-12-10T06:17:57.697Z] Error reading actual data: A Modbus Exception Occurred - See Response Body
[2024-12-10T06:17:57.698Z] Error writing to Modbus register: A Modbus Exception Occurred - See Response Body
[2024-12-10T06:17:58.704Z] Error reading or processing Modbus registers: A Modbus Exception Occurred - See Response Body
[2024-12-10T06:17:58.706Z] Error reading register 6507 for IP 10.30.4.128: A Modbus Exception Occurred - See Response Body
[2024-12-10T06:17:58.707Z] Error reading actual data: A Modbus Exception Occurred - See Response Body
[2024-12-10T06:17:58.707Z] Error writing to Modbus register: A Modbus Exception Occurred - See Response Body
[2024-12-10T06:17:59.717Z] Error reading or processing Modbus registers: A Modbus Exception Occurred - See Response Body
[2024-12-10T06:17:59.719Z] Error reading register 6507 for IP 10.30.4.128: A Modbus Exception Occurred - See Response Body
[2024-12-10T06:17:59.719Z] Error reading actual data: A Modbus Exception Occurred - See Response Body
[2024-12-10T06:17:59.720Z] Error writing to Modbus register: A Modbus Exception Occurred - See Response Body
[2024-12-10T06:18:00.726Z] Error reading or processing Modbus registers: A Modbus Exception Occurred - See Response Body
[2024-12-10T06:18:00.728Z] Error reading register 6507 for IP 10.30.4.128: A Modbus Exception Occurred - See Response Body
[2024-12-10T06:18:00.729Z] Error reading actual data: A Modbus Exception Occurred - See Response Body
[2024-12-10T06:18:00.729Z] Error writing to Modbus register: A Modbus Exception Occurred - See Response Body
[2024-12-10T06:18:01.739Z] Error reading or processing Modbus registers: A Modbus Exception Occurred - See Response Body
[2024-12-10T06:18:01.741Z] Error reading register 6507 for IP 10.30.4.128: A Modbus Exception Occurred - See Response Body
[2024-12-10T06:18:01.741Z] Error reading actual data: A Modbus Exception Occurred - See Response Body
[2024-12-10T06:18:01.741Z] Error writing to Modbus register: A Modbus Exception Occurred - See Response Body
[2024-12-10T06:18:02.750Z] Error reading or processing Modbus registers: A Modbus Exception Occurred - See Response Body
[2024-12-10T06:18:02.753Z] Error reading register 6507 for IP 10.30.4.128: A Modbus Exception Occurred - See Response Body
[2024-12-10T06:18:02.753Z] Error reading actual data: A Modbus Exception Occurred - See Response Body
[2024-12-10T06:18:02.754Z] Error writing to Modbus register: A Modbus Exception Occurred - See Response Body
[2024-12-10T06:18:03.764Z] Error reading or processing Modbus registers: A Modbus Exception Occurred - See Response Body
[2024-12-10T06:18:03.767Z] Error reading register 6507 for IP 10.30.4.128: A Modbus Exception Occurred - See Response Body
[2024-12-10T06:18:03.767Z] Error reading actual data: A Modbus Exception Occurred - See Response Body
[2024-12-10T06:18:03.768Z] Error writing to Modbus register: A Modbus Exception Occurred - See Response Body
[2024-12-10T06:18:04.765Z] Error reading or processing Modbus registers: A Modbus Exception Occurred - See Response Body
[2024-12-10T06:18:04.768Z] Error reading register 6507 for IP 10.30.4.128: A Modbus Exception Occurred - See Response Body
[2024-12-10T06:18:04.769Z] Error reading actual data: A Modbus Exception Occurred - See Response Body
[2024-12-10T06:18:04.769Z] Error writing to Modbus register: A Modbus Exception Occurred - See Response Body
[2024-12-10T06:18:05.775Z] Error reading or processing Modbus registers: A Modbus Exception Occurred - See Response Body
[2024-12-10T06:18:05.777Z] Error reading register 6507 for IP 10.30.4.128: A Modbus Exception Occurred - See Response Body
[2024-12-10T06:18:05.778Z] Error reading actual data: A Modbus Exception Occurred - See Response Body
[2024-12-10T06:18:05.778Z] Error writing to Modbus register: A Modbus Exception Occurred - See Response Body
[2024-12-10T06:18:06.780Z] Error reading or processing Modbus registers: A Modbus Exception Occurred - See Response Body
[2024-12-10T06:18:06.782Z] Error reading register 6507 for IP 10.30.4.128: A Modbus Exception Occurred - See Response Body
[2024-12-10T06:18:06.783Z] Error reading actual data: A Modbus Exception Occurred - See Response Body
[2024-12-10T06:18:06.783Z] Error writing to Modbus register: A Modbus Exception Occurred - See Response Body
[2024-12-10T06:18:07.792Z] Error reading or processing Modbus registers: A Modbus Exception Occurred - See Response Body
[2024-12-10T06:18:07.795Z] Error reading register 6507 for IP 10.30.4.128: A Modbus Exception Occurred - See Response Body
[2024-12-10T06:18:07.795Z] Error reading actual data: A Modbus Exception Occurred - See Response Body
[2024-12-10T06:18:07.796Z] Error writing to Modbus register: A Modbus Exception Occurred - See Response Body
[2024-12-10T06:18:08.806Z] Error reading or processing Modbus registers: A Modbus Exception Occurred - See Response Body
[2024-12-10T06:18:08.809Z] Error reading register 6507 for IP 10.30.4.128: A Modbus Exception Occurred - See Response Body
[2024-12-10T06:18:08.810Z] Error reading actual data: A Modbus Exception Occurred - See Response Body
[2024-12-10T06:18:08.810Z] Error writing to Modbus register: A Modbus Exception Occurred - See Response Body
[2024-12-10T06:18:09.817Z] Error reading or processing Modbus registers: A Modbus Exception Occurred - See Response Body
[2024-12-10T06:18:09.819Z] Error reading register 6507 for IP 10.30.4.128: A Modbus Exception Occurred - See Response Body
[2024-12-10T06:18:09.820Z] Error reading actual data: A Modbus Exception Occurred - See Response Body
[2024-12-10T06:18:09.820Z] Error writing to Modbus register: A Modbus Exception Occurred - See Response Body
[2024-12-10T06:18:10.831Z] Error reading or processing Modbus registers: A Modbus Exception Occurred - See Response Body
[2024-12-10T06:18:10.837Z] Error reading register 6507 for IP 10.30.4.128: A Modbus Exception Occurred - See Response Body
[2024-12-10T06:18:10.837Z] Error reading actual data: A Modbus Exception Occurred - See Response Body
[2024-12-10T06:18:10.838Z] Error writing to Modbus register: A Modbus Exception Occurred - See Response Body
[2024-12-10T06:18:11.837Z] Error reading or processing Modbus registers: A Modbus Exception Occurred - See Response Body
[2024-12-10T06:18:11.839Z] Error reading register 6507 for IP 10.30.4.128: A Modbus Exception Occurred - See Response Body
[2024-12-10T06:18:11.839Z] Error reading actual data: A Modbus Exception Occurred - See Response Body
[2024-12-10T06:18:11.840Z] Error writing to Modbus register: A Modbus Exception Occurred - See Response Body
[2024-12-10T06:18:12.847Z] Error reading or processing Modbus registers: A Modbus Exception Occurred - See Response Body
[2024-12-10T06:18:12.849Z] Error reading register 6507 for IP 10.30.4.128: A Modbus Exception Occurred - See Response Body
[2024-12-10T06:18:12.850Z] Error reading actual data: A Modbus Exception Occurred - See Response Body
[2024-12-10T06:18:12.851Z] Error writing to Modbus register: A Modbus Exception Occurred - See Response Body
[2024-12-10T06:18:13.861Z] Error reading or processing Modbus registers: A Modbus Exception Occurred - See Response Body
[2024-12-10T06:18:13.863Z] Error reading register 6507 for IP 10.30.4.128: A Modbus Exception Occurred - See Response Body
[2024-12-10T06:18:13.864Z] Error reading actual data: A Modbus Exception Occurred - See Response Body
[2024-12-10T06:18:13.864Z] Error writing to Modbus register: A Modbus Exception Occurred - See Response Body
[2024-12-10T06:18:14.873Z] Error reading or processing Modbus registers: A Modbus Exception Occurred - See Response Body
[2024-12-10T06:18:14.875Z] Error reading register 6507 for IP 10.30.4.128: A Modbus Exception Occurred - See Response Body
[2024-12-10T06:18:14.875Z] Error reading actual data: A Modbus Exception Occurred - See Response Body
[2024-12-10T06:18:14.876Z] Error writing to Modbus register: A Modbus Exception Occurred - See Response Body
[2024-12-10T06:18:15.883Z] Error reading or processing Modbus registers: A Modbus Exception Occurred - See Response Body
[2024-12-10T06:18:15.885Z] Error reading register 6507 for IP 10.30.4.128: A Modbus Exception Occurred - See Response Body
[2024-12-10T06:18:15.886Z] Error reading actual data: A Modbus Exception Occurred - See Response Body
[2024-12-10T06:18:15.886Z] Error writing to Modbus register: A Modbus Exception Occurred - See Response Body
[2024-12-10T06:18:16.895Z] Error reading or processing Modbus registers: A Modbus Exception Occurred - See Response Body
[2024-12-10T06:18:16.898Z] Error reading register 6507 for IP 10.30.4.128: A Modbus Exception Occurred - See Response Body
[2024-12-10T06:18:16.900Z] Error reading actual data: A Modbus Exception Occurred - See Response Body
[2024-12-10T06:18:16.901Z] Error writing to Modbus register: A Modbus Exception Occurred - See Response Body
[2024-12-10T06:18:17.909Z] Error reading or processing Modbus registers: A Modbus Exception Occurred - See Response Body
[2024-12-10T06:18:17.911Z] Error reading register 6507 for IP 10.30.4.128: A Modbus Exception Occurred - See Response Body
[2024-12-10T06:18:17.912Z] Error reading actual data: A Modbus Exception Occurred - See Response Body
[2024-12-10T06:18:17.912Z] Error writing to Modbus register: A Modbus Exception Occurred - See Response Body
[2024-12-10T06:18:18.917Z] Error reading or processing Modbus registers: A Modbus Exception Occurred - See Response Body
[2024-12-10T06:18:18.920Z] Error reading register 6507 for IP 10.30.4.128: A Modbus Exception Occurred - See Response Body
[2024-12-10T06:18:18.920Z] Error reading actual data: A Modbus Exception Occurred - See Response Body
[2024-12-10T06:18:18.921Z] Error writing to Modbus register: A Modbus Exception Occurred - See Response Body
[2024-12-10T06:18:19.931Z] Error reading or processing Modbus registers: A Modbus Exception Occurred - See Response Body
[2024-12-10T06:18:19.933Z] Error reading register 6507 for IP 10.30.4.128: A Modbus Exception Occurred - See Response Body
[2024-12-10T06:18:19.933Z] Error reading actual data: A Modbus Exception Occurred - See Response Body
[2024-12-10T06:18:19.934Z] Error writing to Modbus register: A Modbus Exception Occurred - See Response Body
[2024-12-10T06:18:20.939Z] Error reading or processing Modbus registers: A Modbus Exception Occurred - See Response Body
[2024-12-10T06:18:20.942Z] Error reading register 6507 for IP 10.30.4.128: A Modbus Exception Occurred - See Response Body
[2024-12-10T06:18:20.942Z] Error reading actual data: A Modbus Exception Occurred - See Response Body
[2024-12-10T06:18:20.943Z] Error writing to Modbus register: A Modbus Exception Occurred - See Response Body
[2024-12-10T06:18:21.948Z] Error reading or processing Modbus registers: A Modbus Exception Occurred - See Response Body
[2024-12-10T06:18:21.951Z] Error reading register 6507 for IP 10.30.4.128: A Modbus Exception Occurred - See Response Body
[2024-12-10T06:18:21.951Z] Error reading actual data: A Modbus Exception Occurred - See Response Body
[2024-12-10T06:18:21.952Z] Error writing to Modbus register: A Modbus Exception Occurred - See Response Body
[2024-12-10T06:18:22.959Z] Error reading or processing Modbus registers: A Modbus Exception Occurred - See Response Body
[2024-12-10T06:18:22.961Z] Error reading register 6507 for IP 10.30.4.128: A Modbus Exception Occurred - See Response Body
[2024-12-10T06:18:22.962Z] Error reading actual data: A Modbus Exception Occurred - See Response Body
[2024-12-10T06:18:22.963Z] Error writing to Modbus register: A Modbus Exception Occurred - See Response Body
[2024-12-10T06:18:23.965Z] Error reading or processing Modbus registers: A Modbus Exception Occurred - See Response Body
[2024-12-10T06:18:23.968Z] Error reading register 6507 for IP 10.30.4.128: A Modbus Exception Occurred - See Response Body
[2024-12-10T06:18:23.968Z] Error reading actual data: A Modbus Exception Occurred - See Response Body
[2024-12-10T06:18:23.969Z] Error writing to Modbus register: A Modbus Exception Occurred - See Response Body
[2024-12-10T06:18:24.974Z] Error reading or processing Modbus registers: A Modbus Exception Occurred - See Response Body
[2024-12-10T06:18:24.977Z] Error reading register 6507 for IP 10.30.4.128: A Modbus Exception Occurred - See Response Body
[2024-12-10T06:18:24.977Z] Error reading actual data: A Modbus Exception Occurred - See Response Body
[2024-12-10T06:18:24.978Z] Error writing to Modbus register: A Modbus Exception Occurred - See Response Body
[2024-12-10T06:18:25.983Z] Error reading or processing Modbus registers: A Modbus Exception Occurred - See Response Body
[2024-12-10T06:18:25.986Z] Error reading register 6507 for IP 10.30.4.128: A Modbus Exception Occurred - See Response Body
[2024-12-10T06:18:25.986Z] Error reading actual data: A Modbus Exception Occurred - See Response Body
[2024-12-10T06:18:25.987Z] Error writing to Modbus register: A Modbus Exception Occurred - See Response Body
[2024-12-10T06:18:26.993Z] Error reading or processing Modbus registers: A Modbus Exception Occurred - See Response Body
[2024-12-10T06:18:26.995Z] Error reading register 6507 for IP 10.30.4.128: A Modbus Exception Occurred - See Response Body
[2024-12-10T06:18:26.996Z] Error reading actual data: A Modbus Exception Occurred - See Response Body
[2024-12-10T06:18:26.996Z] Error writing to Modbus register: A Modbus Exception Occurred - See Response Body
[2024-12-10T06:18:28.002Z] Error reading or processing Modbus registers: A Modbus Exception Occurred - See Response Body
[2024-12-10T06:18:28.005Z] Error reading register 6507 for IP 10.30.4.128: A Modbus Exception Occurred - See Response Body
[2024-12-10T06:18:28.006Z] Error reading actual data: A Modbus Exception Occurred - See Response Body
[2024-12-10T06:18:28.007Z] Error writing to Modbus register: A Modbus Exception Occurred - See Response Body
[2024-12-10T06:18:29.014Z] Error reading or processing Modbus registers: A Modbus Exception Occurred - See Response Body
[2024-12-10T06:18:29.016Z] Error reading register 6507 for IP 10.30.4.128: A Modbus Exception Occurred - See Response Body
[2024-12-10T06:18:29.017Z] Error reading actual data: A Modbus Exception Occurred - See Response Body
[2024-12-10T06:18:29.017Z] Error writing to Modbus register: A Modbus Exception Occurred - See Response Body
[2024-12-10T06:18:30.029Z] Error reading or processing Modbus registers: A Modbus Exception Occurred - See Response Body
[2024-12-10T06:18:30.032Z] Error reading register 6507 for IP 10.30.4.128: A Modbus Exception Occurred - See Response Body
[2024-12-10T06:18:30.032Z] Error reading actual data: A Modbus Exception Occurred - See Response Body
[2024-12-10T06:18:30.033Z] Error writing to Modbus register: A Modbus Exception Occurred - See Response Body
[2024-12-10T06:18:31.043Z] Error reading or processing Modbus registers: A Modbus Exception Occurred - See Response Body
[2024-12-10T06:18:31.045Z] Error reading register 6507 for IP 10.30.4.128: A Modbus Exception Occurred - See Response Body
[2024-12-10T06:18:31.045Z] Error reading actual data: A Modbus Exception Occurred - See Response Body
[2024-12-10T06:18:31.046Z] Error writing to Modbus register: A Modbus Exception Occurred - See Response Body
[2024-12-10T06:18:32.050Z] Error reading or processing Modbus registers: A Modbus Exception Occurred - See Response Body
[2024-12-10T06:18:32.053Z] Error reading register 6507 for IP 10.30.4.128: A Modbus Exception Occurred - See Response Body
[2024-12-10T06:18:32.053Z] Error reading actual data: A Modbus Exception Occurred - See Response Body
[2024-12-10T06:18:32.054Z] Error writing to Modbus register: A Modbus Exception Occurred - See Response Body
[2024-12-10T06:18:33.060Z] Error reading or processing Modbus registers: A Modbus Exception Occurred - See Response Body
[2024-12-10T06:18:33.062Z] Error reading register 6507 for IP 10.30.4.128: A Modbus Exception Occurred - See Response Body
[2024-12-10T06:18:33.062Z] Error reading actual data: A Modbus Exception Occurred - See Response Body
[2024-12-10T06:18:33.063Z] Error writing to Modbus register: A Modbus Exception Occurred - See Response Body
[2024-12-10T06:18:34.071Z] Error reading or processing Modbus registers: A Modbus Exception Occurred - See Response Body
[2024-12-10T06:18:34.073Z] Error reading register 6507 for IP 10.30.4.128: A Modbus Exception Occurred - See Response Body
[2024-12-10T06:18:34.074Z] Error reading actual data: A Modbus Exception Occurred - See Response Body
[2024-12-10T06:18:34.074Z] Error writing to Modbus register: A Modbus Exception Occurred - See Response Body
[2024-12-10T06:18:35.080Z] Error reading or processing Modbus registers: A Modbus Exception Occurred - See Response Body
[2024-12-10T06:18:35.082Z] Error reading register 6507 for IP 10.30.4.128: A Modbus Exception Occurred - See Response Body
[2024-12-10T06:18:35.082Z] Error reading actual data: A Modbus Exception Occurred - See Response Body
[2024-12-10T06:18:35.083Z] Error writing to Modbus register: A Modbus Exception Occurred - See Response Body
[2024-12-10T06:18:36.092Z] Error reading or processing Modbus registers: A Modbus Exception Occurred - See Response Body
[2024-12-10T06:18:36.094Z] Error reading register 6507 for IP 10.30.4.128: A Modbus Exception Occurred - See Response Body
[2024-12-10T06:18:36.095Z] Error reading actual data: A Modbus Exception Occurred - See Response Body
[2024-12-10T06:18:36.095Z] Error writing to Modbus register: A Modbus Exception Occurred - See Response Body
[2024-12-10T06:18:37.104Z] Error reading or processing Modbus registers: A Modbus Exception Occurred - See Response Body
[2024-12-10T06:18:37.106Z] Error reading register 6507 for IP 10.30.4.128: A Modbus Exception Occurred - See Response Body
[2024-12-10T06:18:37.107Z] Error reading actual data: A Modbus Exception Occurred - See Response Body
[2024-12-10T06:18:37.107Z] Error writing to Modbus register: A Modbus Exception Occurred - See Response Body
[2024-12-10T06:18:38.115Z] Error reading or processing Modbus registers: A Modbus Exception Occurred - See Response Body
[2024-12-10T06:18:38.117Z] Error reading register 6507 for IP 10.30.4.128: A Modbus Exception Occurred - See Response Body
[2024-12-10T06:18:38.117Z] Error reading actual data: A Modbus Exception Occurred - See Response Body
[2024-12-10T06:18:38.118Z] Error writing to Modbus register: A Modbus Exception Occurred - See Response Body
[2024-12-10T06:18:39.130Z] Error reading or processing Modbus registers: A Modbus Exception Occurred - See Response Body
[2024-12-10T06:18:39.132Z] Error reading register 6507 for IP 10.30.4.128: A Modbus Exception Occurred - See Response Body
[2024-12-10T06:18:39.133Z] Error reading actual data: A Modbus Exception Occurred - See Response Body
[2024-12-10T06:18:39.134Z] Error writing to Modbus register: A Modbus Exception Occurred - See Response Body
[2024-12-10T06:18:40.144Z] Error reading or processing Modbus registers: A Modbus Exception Occurred - See Response Body
[2024-12-10T06:18:40.146Z] Error reading register 6507 for IP 10.30.4.128: A Modbus Exception Occurred - See Response Body
[2024-12-10T06:18:40.147Z] Error reading actual data: A Modbus Exception Occurred - See Response Body
[2024-12-10T06:18:40.147Z] Error writing to Modbus register: A Modbus Exception Occurred - See Response Body
[2024-12-10T06:18:41.155Z] Error reading or processing Modbus registers: A Modbus Exception Occurred - See Response Body
[2024-12-10T06:18:41.157Z] Error reading register 6507 for IP 10.30.4.128: A Modbus Exception Occurred - See Response Body
[2024-12-10T06:18:41.159Z] Error reading actual data: A Modbus Exception Occurred - See Response Body
[2024-12-10T06:18:41.160Z] Error writing to Modbus register: A Modbus Exception Occurred - See Response Body
[2024-12-10T06:18:42.163Z] Error reading or processing Modbus registers: A Modbus Exception Occurred - See Response Body
[2024-12-10T06:18:42.166Z] Error reading register 6507 for IP 10.30.4.128: A Modbus Exception Occurred - See Response Body
[2024-12-10T06:18:42.166Z] Error reading actual data: A Modbus Exception Occurred - See Response Body
[2024-12-10T06:18:42.167Z] Error writing to Modbus register: A Modbus Exception Occurred - See Response Body
[2024-12-10T06:18:43.172Z] Error reading or processing Modbus registers: A Modbus Exception Occurred - See Response Body
[2024-12-10T06:18:43.174Z] Error reading register 6507 for IP 10.30.4.128: A Modbus Exception Occurred - See Response Body
[2024-12-10T06:18:43.174Z] Error reading actual data: A Modbus Exception Occurred - See Response Body
[2024-12-10T06:18:43.175Z] Error writing to Modbus register: A Modbus Exception Occurred - See Response Body
[2024-12-10T06:18:44.174Z] Error reading or processing Modbus registers: A Modbus Exception Occurred - See Response Body
[2024-12-10T06:18:44.176Z] Error reading register 6507 for IP 10.30.4.128: A Modbus Exception Occurred - See Response Body
[2024-12-10T06:18:44.177Z] Error reading actual data: A Modbus Exception Occurred - See Response Body
[2024-12-10T06:18:44.178Z] Error writing to Modbus register: A Modbus Exception Occurred - See Response Body
[2024-12-10T06:18:45.180Z] Error reading or processing Modbus registers: A Modbus Exception Occurred - See Response Body
[2024-12-10T06:18:45.182Z] Error reading register 6507 for IP 10.30.4.128: A Modbus Exception Occurred - See Response Body
[2024-12-10T06:18:45.183Z] Error reading actual data: A Modbus Exception Occurred - See Response Body
[2024-12-10T06:18:45.184Z] Error writing to Modbus register: A Modbus Exception Occurred - See Response Body
[2024-12-10T06:18:46.187Z] Error reading or processing Modbus registers: A Modbus Exception Occurred - See Response Body
[2024-12-10T06:18:46.189Z] Error reading register 6507 for IP 10.30.4.128: A Modbus Exception Occurred - See Response Body
[2024-12-10T06:18:46.190Z] Error reading actual data: A Modbus Exception Occurred - See Response Body
[2024-12-10T06:18:46.191Z] Error writing to Modbus register: A Modbus Exception Occurred - See Response Body
[2024-12-10T06:18:47.196Z] Error reading or processing Modbus registers: A Modbus Exception Occurred - See Response Body
[2024-12-10T06:18:47.199Z] Error reading register 6507 for IP 10.30.4.128: A Modbus Exception Occurred - See Response Body
[2024-12-10T06:18:47.199Z] Error reading actual data: A Modbus Exception Occurred - See Response Body
[2024-12-10T06:18:47.200Z] Error writing to Modbus register: A Modbus Exception Occurred - See Response Body
[2024-12-10T06:18:48.206Z] Error reading or processing Modbus registers: A Modbus Exception Occurred - See Response Body
[2024-12-10T06:18:48.209Z] Error reading register 6507 for IP 10.30.4.128: A Modbus Exception Occurred - See Response Body
[2024-12-10T06:18:48.209Z] Error reading actual data: A Modbus Exception Occurred - See Response Body
[2024-12-10T06:18:48.210Z] Error writing to Modbus register: A Modbus Exception Occurred - See Response Body
[2024-12-10T06:18:49.215Z] Error reading or processing Modbus registers: A Modbus Exception Occurred - See Response Body
[2024-12-10T06:18:49.217Z] Error reading register 6507 for IP 10.30.4.128: A Modbus Exception Occurred - See Response Body
[2024-12-10T06:18:49.218Z] Error reading actual data: A Modbus Exception Occurred - See Response Body
[2024-12-10T06:18:49.218Z] Error writing to Modbus register: A Modbus Exception Occurred - See Response Body
[2024-12-10T06:18:50.223Z] Error reading or processing Modbus registers: A Modbus Exception Occurred - See Response Body
[2024-12-10T06:18:50.226Z] Error reading register 6507 for IP 10.30.4.128: A Modbus Exception Occurred - See Response Body
[2024-12-10T06:18:50.227Z] Error reading actual data: A Modbus Exception Occurred - See Response Body
[2024-12-10T06:18:50.227Z] Error writing to Modbus register: A Modbus Exception Occurred - See Response Body
[2024-12-10T06:18:51.231Z] Error reading or processing Modbus registers: A Modbus Exception Occurred - See Response Body
[2024-12-10T06:18:51.234Z] Error reading register 6507 for IP 10.30.4.128: A Modbus Exception Occurred - See Response Body
[2024-12-10T06:18:51.235Z] Error reading actual data: A Modbus Exception Occurred - See Response Body
[2024-12-10T06:18:51.235Z] Error writing to Modbus register: A Modbus Exception Occurred - See Response Body
[2024-12-10T06:18:52.243Z] Error reading or processing Modbus registers: A Modbus Exception Occurred - See Response Body
[2024-12-10T06:18:52.245Z] Error reading register 6507 for IP 10.30.4.128: A Modbus Exception Occurred - See Response Body
[2024-12-10T06:18:52.246Z] Error reading actual data: A Modbus Exception Occurred - See Response Body
[2024-12-10T06:18:52.246Z] Error writing to Modbus register: A Modbus Exception Occurred - See Response Body
[2024-12-10T06:18:53.255Z] Error reading or processing Modbus registers: A Modbus Exception Occurred - See Response Body
[2024-12-10T06:18:53.256Z] Error reading register 6507 for IP 10.30.4.128: A Modbus Exception Occurred - See Response Body
[2024-12-10T06:18:53.257Z] Error reading actual data: A Modbus Exception Occurred - See Response Body
[2024-12-10T06:18:53.257Z] Error writing to Modbus register: A Modbus Exception Occurred - See Response Body
[2024-12-10T06:18:54.256Z] Error reading or processing Modbus registers: A Modbus Exception Occurred - See Response Body
[2024-12-10T06:18:54.258Z] Error reading register 6507 for IP 10.30.4.128: A Modbus Exception Occurred - See Response Body
[2024-12-10T06:18:54.258Z] Error reading actual data: A Modbus Exception Occurred - See Response Body
[2024-12-10T06:18:54.259Z] Error writing to Modbus register: A Modbus Exception Occurred - See Response Body
[2024-12-10T06:18:55.260Z] Error reading or processing Modbus registers: A Modbus Exception Occurred - See Response Body
[2024-12-10T06:18:55.262Z] Error reading register 6507 for IP 10.30.4.128: A Modbus Exception Occurred - See Response Body
[2024-12-10T06:18:55.262Z] Error reading actual data: A Modbus Exception Occurred - See Response Body
[2024-12-10T06:18:55.263Z] Error writing to Modbus register: A Modbus Exception Occurred - See Response Body
[2024-12-10T06:18:56.270Z] Error reading or processing Modbus registers: A Modbus Exception Occurred - See Response Body
[2024-12-10T06:18:56.273Z] Error reading register 6507 for IP 10.30.4.128: A Modbus Exception Occurred - See Response Body
[2024-12-10T06:18:56.273Z] Error reading actual data: A Modbus Exception Occurred - See Response Body
[2024-12-10T06:18:56.274Z] Error writing to Modbus register: A Modbus Exception Occurred - See Response Body
[2024-12-10T06:18:57.281Z] Error reading or processing Modbus registers: A Modbus Exception Occurred - See Response Body
[2024-12-10T06:18:57.282Z] Error reading register 6507 for IP 10.30.4.128: A Modbus Exception Occurred - See Response Body
[2024-12-10T06:18:57.283Z] Error reading actual data: A Modbus Exception Occurred - See Response Body
[2024-12-10T06:18:57.283Z] Error writing to Modbus register: A Modbus Exception Occurred - See Response Body
[2024-12-10T06:18:58.290Z] Error reading or processing Modbus registers: A Modbus Exception Occurred - See Response Body
[2024-12-10T06:18:58.292Z] Error reading register 6507 for IP 10.30.4.128: A Modbus Exception Occurred - See Response Body
[2024-12-10T06:18:58.293Z] Error reading actual data: A Modbus Exception Occurred - See Response Body
[2024-12-10T06:18:58.293Z] Error writing to Modbus register: A Modbus Exception Occurred - See Response Body
[2024-12-10T06:18:59.299Z] Error reading or processing Modbus registers: A Modbus Exception Occurred - See Response Body
[2024-12-10T06:18:59.301Z] Error reading register 6507 for IP 10.30.4.128: A Modbus Exception Occurred - See Response Body
[2024-12-10T06:18:59.302Z] Error reading actual data: A Modbus Exception Occurred - See Response Body
[2024-12-10T06:18:59.302Z] Error writing to Modbus register: A Modbus Exception Occurred - See Response Body
[2024-12-10T06:19:00.309Z] Error reading or processing Modbus registers: A Modbus Exception Occurred - See Response Body
[2024-12-10T06:19:00.312Z] Error reading register 6507 for IP 10.30.4.128: A Modbus Exception Occurred - See Response Body
[2024-12-10T06:19:00.312Z] Error reading actual data: A Modbus Exception Occurred - See Response Body
[2024-12-10T06:19:00.313Z] Error writing to Modbus register: A Modbus Exception Occurred - See Response Body
[2024-12-10T06:19:01.320Z] Error reading or processing Modbus registers: A Modbus Exception Occurred - See Response Body
[2024-12-10T06:19:01.322Z] Error reading register 6507 for IP 10.30.4.128: A Modbus Exception Occurred - See Response Body
[2024-12-10T06:19:01.323Z] Error reading actual data: A Modbus Exception Occurred - See Response Body
[2024-12-10T06:19:01.324Z] Error writing to Modbus register: A Modbus Exception Occurred - See Response Body
[2024-12-10T06:19:02.324Z] Error reading or processing Modbus registers: A Modbus Exception Occurred - See Response Body
[2024-12-10T06:19:02.326Z] Error reading register 6507 for IP 10.30.4.128: A Modbus Exception Occurred - See Response Body
[2024-12-10T06:19:02.326Z] Error reading actual data: A Modbus Exception Occurred - See Response Body
[2024-12-10T06:19:02.327Z] Error writing to Modbus register: A Modbus Exception Occurred - See Response Body
[2024-12-10T06:19:03.328Z] Error reading or processing Modbus registers: A Modbus Exception Occurred - See Response Body
[2024-12-10T06:19:03.332Z] Error reading register 6507 for IP 10.30.4.128: A Modbus Exception Occurred - See Response Body
[2024-12-10T06:19:03.333Z] Error reading actual data: A Modbus Exception Occurred - See Response Body
[2024-12-10T06:19:03.333Z] Error writing to Modbus register: A Modbus Exception Occurred - See Response Body
[2024-12-10T06:19:04.336Z] Error reading or processing Modbus registers: A Modbus Exception Occurred - See Response Body
[2024-12-10T06:19:04.339Z] Error reading register 6507 for IP 10.30.4.128: A Modbus Exception Occurred - See Response Body
[2024-12-10T06:19:04.339Z] Error reading actual data: A Modbus Exception Occurred - See Response Body
[2024-12-10T06:19:04.340Z] Error writing to Modbus register: A Modbus Exception Occurred - See Response Body
[2024-12-10T06:19:05.350Z] Error reading or processing Modbus registers: A Modbus Exception Occurred - See Response Body
[2024-12-10T06:19:05.352Z] Error reading register 6507 for IP 10.30.4.128: A Modbus Exception Occurred - See Response Body
[2024-12-10T06:19:05.353Z] Error reading actual data: A Modbus Exception Occurred - See Response Body
[2024-12-10T06:19:05.353Z] Error writing to Modbus register: A Modbus Exception Occurred - See Response Body
[2024-12-10T06:19:06.365Z] Error reading or processing Modbus registers: A Modbus Exception Occurred - See Response Body
[2024-12-10T06:19:06.367Z] Error reading register 6507 for IP 10.30.4.128: A Modbus Exception Occurred - See Response Body
[2024-12-10T06:19:06.369Z] Error reading actual data: A Modbus Exception Occurred - See Response Body
[2024-12-10T06:19:06.369Z] Error writing to Modbus register: A Modbus Exception Occurred - See Response Body
[2024-12-10T06:19:07.376Z] Error reading or processing Modbus registers: A Modbus Exception Occurred - See Response Body
[2024-12-10T06:19:07.378Z] Error reading register 6507 for IP 10.30.4.128: A Modbus Exception Occurred - See Response Body
[2024-12-10T06:19:07.379Z] Error reading actual data: A Modbus Exception Occurred - See Response Body
[2024-12-10T06:19:07.380Z] Error writing to Modbus register: A Modbus Exception Occurred - See Response Body
[2024-12-10T06:19:08.388Z] Error reading or processing Modbus registers: A Modbus Exception Occurred - See Response Body
[2024-12-10T06:19:08.391Z] Error reading register 6507 for IP 10.30.4.128: A Modbus Exception Occurred - See Response Body
[2024-12-10T06:19:08.391Z] Error reading actual data: A Modbus Exception Occurred - See Response Body
[2024-12-10T06:19:08.392Z] Error writing to Modbus register: A Modbus Exception Occurred - See Response Body
[2024-12-10T06:19:09.402Z] Error reading or processing Modbus registers: A Modbus Exception Occurred - See Response Body
[2024-12-10T06:19:09.404Z] Error reading register 6507 for IP 10.30.4.128: A Modbus Exception Occurred - See Response Body
[2024-12-10T06:19:09.405Z] Error reading actual data: A Modbus Exception Occurred - See Response Body
[2024-12-10T06:19:09.405Z] Error writing to Modbus register: A Modbus Exception Occurred - See Response Body
[2024-12-10T06:19:10.415Z] Error reading or processing Modbus registers: A Modbus Exception Occurred - See Response Body
[2024-12-10T06:19:10.417Z] Error reading register 6507 for IP 10.30.4.128: A Modbus Exception Occurred - See Response Body
[2024-12-10T06:19:10.417Z] Error reading actual data: A Modbus Exception Occurred - See Response Body
[2024-12-10T06:19:10.418Z] Error writing to Modbus register: A Modbus Exception Occurred - See Response Body
[2024-12-10T06:19:11.422Z] Error reading or processing Modbus registers: A Modbus Exception Occurred - See Response Body
[2024-12-10T06:19:11.424Z] Error reading register 6507 for IP 10.30.4.128: A Modbus Exception Occurred - See Response Body
[2024-12-10T06:19:11.424Z] Error reading actual data: A Modbus Exception Occurred - See Response Body
[2024-12-10T06:19:11.425Z] Error writing to Modbus register: A Modbus Exception Occurred - See Response Body
[2024-12-10T06:19:12.436Z] Error reading or processing Modbus registers: A Modbus Exception Occurred - See Response Body
[2024-12-10T06:19:12.438Z] Error reading register 6507 for IP 10.30.4.128: A Modbus Exception Occurred - See Response Body
[2024-12-10T06:19:12.439Z] Error reading actual data: A Modbus Exception Occurred - See Response Body
[2024-12-10T06:19:12.440Z] Error writing to Modbus register: A Modbus Exception Occurred - See Response Body
[2024-12-10T06:19:13.442Z] Error reading or processing Modbus registers: A Modbus Exception Occurred - See Response Body
[2024-12-10T06:19:13.444Z] Error reading register 6507 for IP 10.30.4.128: A Modbus Exception Occurred - See Response Body
[2024-12-10T06:19:13.444Z] Error reading actual data: A Modbus Exception Occurred - See Response Body
[2024-12-10T06:19:13.445Z] Error writing to Modbus register: A Modbus Exception Occurred - See Response Body
[2024-12-10T06:19:14.451Z] Error reading or processing Modbus registers: A Modbus Exception Occurred - See Response Body
[2024-12-10T06:19:14.456Z] Error reading register 6507 for IP 10.30.4.128: A Modbus Exception Occurred - See Response Body
[2024-12-10T06:19:14.456Z] Error reading actual data: A Modbus Exception Occurred - See Response Body
[2024-12-10T06:19:14.457Z] Error writing to Modbus register: A Modbus Exception Occurred - See Response Body
[2024-12-10T06:19:15.461Z] Error reading or processing Modbus registers: A Modbus Exception Occurred - See Response Body
[2024-12-10T06:19:15.464Z] Error reading register 6507 for IP 10.30.4.128: A Modbus Exception Occurred - See Response Body
[2024-12-10T06:19:15.464Z] Error reading actual data: A Modbus Exception Occurred - See Response Body
[2024-12-10T06:19:15.465Z] Error writing to Modbus register: A Modbus Exception Occurred - See Response Body
[2024-12-10T06:19:16.465Z] Error reading or processing Modbus registers: A Modbus Exception Occurred - See Response Body
[2024-12-10T06:19:16.467Z] Error reading register 6507 for IP 10.30.4.128: A Modbus Exception Occurred - See Response Body
[2024-12-10T06:19:16.467Z] Error reading actual data: A Modbus Exception Occurred - See Response Body
[2024-12-10T06:19:16.468Z] Error writing to Modbus register: A Modbus Exception Occurred - See Response Body
[2024-12-10T06:19:17.468Z] Error reading or processing Modbus registers: A Modbus Exception Occurred - See Response Body
[2024-12-10T06:19:17.470Z] Error reading register 6507 for IP 10.30.4.128: A Modbus Exception Occurred - See Response Body
[2024-12-10T06:19:17.471Z] Error reading actual data: A Modbus Exception Occurred - See Response Body
[2024-12-10T06:19:17.472Z] Error writing to Modbus register: A Modbus Exception Occurred - See Response Body
[2024-12-10T06:19:18.474Z] Error reading or processing Modbus registers: A Modbus Exception Occurred - See Response Body
[2024-12-10T06:19:18.475Z] Error reading register 6507 for IP 10.30.4.128: A Modbus Exception Occurred - See Response Body
[2024-12-10T06:19:18.476Z] Error reading actual data: A Modbus Exception Occurred - See Response Body
[2024-12-10T06:19:18.476Z] Error writing to Modbus register: A Modbus Exception Occurred - See Response Body
[2024-12-10T06:19:19.488Z] Error reading or processing Modbus registers: A Modbus Exception Occurred - See Response Body
[2024-12-10T06:19:19.490Z] Error reading register 6507 for IP 10.30.4.128: A Modbus Exception Occurred - See Response Body
[2024-12-10T06:19:19.491Z] Error reading actual data: A Modbus Exception Occurred - See Response Body
[2024-12-10T06:19:19.491Z] Error writing to Modbus register: A Modbus Exception Occurred - See Response Body
[2024-12-10T06:19:20.493Z] Error reading or processing Modbus registers: A Modbus Exception Occurred - See Response Body
[2024-12-10T06:19:20.495Z] Error reading register 6507 for IP 10.30.4.128: A Modbus Exception Occurred - See Response Body
[2024-12-10T06:19:20.496Z] Error reading actual data: A Modbus Exception Occurred - See Response Body
[2024-12-10T06:19:20.496Z] Error writing to Modbus register: A Modbus Exception Occurred - See Response Body
[2024-12-10T06:19:21.507Z] Error reading or processing Modbus registers: A Modbus Exception Occurred - See Response Body
[2024-12-10T06:19:21.509Z] Error reading register 6507 for IP 10.30.4.128: A Modbus Exception Occurred - See Response Body
[2024-12-10T06:19:21.510Z] Error reading actual data: A Modbus Exception Occurred - See Response Body
[2024-12-10T06:19:21.510Z] Error writing to Modbus register: A Modbus Exception Occurred - See Response Body
[2024-12-10T06:19:22.512Z] Error reading or processing Modbus registers: A Modbus Exception Occurred - See Response Body
[2024-12-10T06:19:22.515Z] Error reading register 6507 for IP 10.30.4.128: A Modbus Exception Occurred - See Response Body
[2024-12-10T06:19:22.515Z] Error reading actual data: A Modbus Exception Occurred - See Response Body
[2024-12-10T06:19:22.517Z] Error writing to Modbus register: A Modbus Exception Occurred - See Response Body
[2024-12-10T06:19:23.528Z] Error reading or processing Modbus registers: A Modbus Exception Occurred - See Response Body
[2024-12-10T06:19:23.529Z] Error reading register 6507 for IP 10.30.4.128: A Modbus Exception Occurred - See Response Body
[2024-12-10T06:19:23.530Z] Error reading actual data: A Modbus Exception Occurred - See Response Body
[2024-12-10T06:19:23.531Z] Error writing to Modbus register: A Modbus Exception Occurred - See Response Body
[2024-12-10T06:19:24.528Z] Error reading or processing Modbus registers: A Modbus Exception Occurred - See Response Body
[2024-12-10T06:19:24.530Z] Error reading register 6507 for IP 10.30.4.128: A Modbus Exception Occurred - See Response Body
[2024-12-10T06:19:24.531Z] Error reading actual data: A Modbus Exception Occurred - See Response Body
[2024-12-10T06:19:24.531Z] Error writing to Modbus register: A Modbus Exception Occurred - See Response Body
[2024-12-10T06:19:25.541Z] Error reading or processing Modbus registers: A Modbus Exception Occurred - See Response Body
[2024-12-10T06:19:25.543Z] Error reading register 6507 for IP 10.30.4.128: A Modbus Exception Occurred - See Response Body
[2024-12-10T06:19:25.544Z] Error reading actual data: A Modbus Exception Occurred - See Response Body
[2024-12-10T06:19:25.544Z] Error writing to Modbus register: A Modbus Exception Occurred - See Response Body
[2024-12-10T06:19:26.547Z] Error reading or processing Modbus registers: A Modbus Exception Occurred - See Response Body
[2024-12-10T06:19:26.550Z] Error reading register 6507 for IP 10.30.4.128: A Modbus Exception Occurred - See Response Body
[2024-12-10T06:19:26.551Z] Error reading actual data: A Modbus Exception Occurred - See Response Body
[2024-12-10T06:19:26.551Z] Error writing to Modbus register: A Modbus Exception Occurred - See Response Body
[2024-12-10T06:19:27.558Z] Error reading or processing Modbus registers: A Modbus Exception Occurred - See Response Body
[2024-12-10T06:19:27.560Z] Error reading register 6507 for IP 10.30.4.128: A Modbus Exception Occurred - See Response Body
[2024-12-10T06:19:27.561Z] Error reading actual data: A Modbus Exception Occurred - See Response Body
[2024-12-10T06:19:27.561Z] Error writing to Modbus register: A Modbus Exception Occurred - See Response Body
[2024-12-10T06:19:28.559Z] Error reading or processing Modbus registers: A Modbus Exception Occurred - See Response Body
[2024-12-10T06:19:28.562Z] Error reading register 6507 for IP 10.30.4.128: A Modbus Exception Occurred - See Response Body
[2024-12-10T06:19:28.562Z] Error reading actual data: A Modbus Exception Occurred - See Response Body
[2024-12-10T06:19:28.564Z] Error writing to Modbus register: A Modbus Exception Occurred - See Response Body
[2024-12-10T06:19:29.566Z] Error reading or processing Modbus registers: A Modbus Exception Occurred - See Response Body
[2024-12-10T06:19:29.569Z] Error reading register 6507 for IP 10.30.4.128: A Modbus Exception Occurred - See Response Body
[2024-12-10T06:19:29.569Z] Error reading actual data: A Modbus Exception Occurred - See Response Body
[2024-12-10T06:19:29.570Z] Error writing to Modbus register: A Modbus Exception Occurred - See Response Body
[2024-12-10T06:19:30.581Z] Error reading or processing Modbus registers: A Modbus Exception Occurred - See Response Body
[2024-12-10T06:19:30.583Z] Error reading register 6507 for IP 10.30.4.128: A Modbus Exception Occurred - See Response Body
[2024-12-10T06:19:30.583Z] Error reading actual data: A Modbus Exception Occurred - See Response Body
[2024-12-10T06:19:30.584Z] Error writing to Modbus register: A Modbus Exception Occurred - See Response Body
[2024-12-10T06:19:31.590Z] Error reading or processing Modbus registers: A Modbus Exception Occurred - See Response Body
[2024-12-10T06:19:31.592Z] Error reading register 6507 for IP 10.30.4.128: A Modbus Exception Occurred - See Response Body
[2024-12-10T06:19:31.593Z] Error reading actual data: A Modbus Exception Occurred - See Response Body
[2024-12-10T06:19:31.594Z] Error writing to Modbus register: A Modbus Exception Occurred - See Response Body
[2024-12-10T06:19:32.604Z] Error reading or processing Modbus registers: A Modbus Exception Occurred - See Response Body
[2024-12-10T06:19:32.606Z] Error reading register 6507 for IP 10.30.4.128: A Modbus Exception Occurred - See Response Body
[2024-12-10T06:19:32.607Z] Error reading actual data: A Modbus Exception Occurred - See Response Body
[2024-12-10T06:19:32.607Z] Error writing to Modbus register: A Modbus Exception Occurred - See Response Body
[2024-12-10T06:19:33.618Z] Error reading or processing Modbus registers: A Modbus Exception Occurred - See Response Body
[2024-12-10T06:19:33.635Z] Error reading register 6507 for IP 10.30.4.128: A Modbus Exception Occurred - See Response Body
[2024-12-10T06:19:33.636Z] Error reading actual data: A Modbus Exception Occurred - See Response Body
[2024-12-10T06:19:33.636Z] Error writing to Modbus register: A Modbus Exception Occurred - See Response Body
[2024-12-10T06:19:34.633Z] Error reading or processing Modbus registers: A Modbus Exception Occurred - See Response Body
[2024-12-10T06:19:34.636Z] Error reading register 6507 for IP 10.30.4.128: A Modbus Exception Occurred - See Response Body
[2024-12-10T06:19:34.636Z] Error reading actual data: A Modbus Exception Occurred - See Response Body
[2024-12-10T06:19:34.637Z] Error writing to Modbus register: A Modbus Exception Occurred - See Response Body
[2024-12-10T06:19:35.639Z] Error reading or processing Modbus registers: A Modbus Exception Occurred - See Response Body
[2024-12-10T06:19:35.642Z] Error reading register 6507 for IP 10.30.4.128: A Modbus Exception Occurred - See Response Body
[2024-12-10T06:19:35.642Z] Error reading actual data: A Modbus Exception Occurred - See Response Body
[2024-12-10T06:19:35.643Z] Error writing to Modbus register: A Modbus Exception Occurred - See Response Body
[2024-12-10T06:19:36.653Z] Error reading or processing Modbus registers: A Modbus Exception Occurred - See Response Body
[2024-12-10T06:19:36.655Z] Error reading register 6507 for IP 10.30.4.128: A Modbus Exception Occurred - See Response Body
[2024-12-10T06:19:36.656Z] Error reading actual data: A Modbus Exception Occurred - See Response Body
[2024-12-10T06:19:36.656Z] Error writing to Modbus register: A Modbus Exception Occurred - See Response Body
[2024-12-10T06:19:37.666Z] Error reading or processing Modbus registers: A Modbus Exception Occurred - See Response Body
[2024-12-10T06:19:37.668Z] Error reading register 6507 for IP 10.30.4.128: A Modbus Exception Occurred - See Response Body
[2024-12-10T06:19:37.669Z] Error reading actual data: A Modbus Exception Occurred - See Response Body
[2024-12-10T06:19:37.669Z] Error writing to Modbus register: A Modbus Exception Occurred - See Response Body
[2024-12-10T06:19:38.674Z] Error reading or processing Modbus registers: A Modbus Exception Occurred - See Response Body
[2024-12-10T06:19:38.676Z] Error reading register 6507 for IP 10.30.4.128: A Modbus Exception Occurred - See Response Body
[2024-12-10T06:19:38.676Z] Error reading actual data: A Modbus Exception Occurred - See Response Body
[2024-12-10T06:19:38.677Z] Error writing to Modbus register: A Modbus Exception Occurred - See Response Body
[2024-12-10T06:19:39.685Z] Error reading or processing Modbus registers: A Modbus Exception Occurred - See Response Body
[2024-12-10T06:19:39.687Z] Error reading register 6507 for IP 10.30.4.128: A Modbus Exception Occurred - See Response Body
[2024-12-10T06:19:39.687Z] Error reading actual data: A Modbus Exception Occurred - See Response Body
[2024-12-10T06:19:39.688Z] Error writing to Modbus register: A Modbus Exception Occurred - See Response Body
[2024-12-10T06:19:40.700Z] Error reading or processing Modbus registers: A Modbus Exception Occurred - See Response Body
[2024-12-10T06:19:40.702Z] Error reading register 6507 for IP 10.30.4.128: A Modbus Exception Occurred - See Response Body
[2024-12-10T06:19:40.703Z] Error reading actual data: A Modbus Exception Occurred - See Response Body
[2024-12-10T06:19:40.703Z] Error writing to Modbus register: A Modbus Exception Occurred - See Response Body
[2024-12-10T06:19:41.713Z] Error reading or processing Modbus registers: A Modbus Exception Occurred - See Response Body
[2024-12-10T06:19:41.715Z] Error reading register 6507 for IP 10.30.4.128: A Modbus Exception Occurred - See Response Body
[2024-12-10T06:19:41.716Z] Error reading actual data: A Modbus Exception Occurred - See Response Body
[2024-12-10T06:19:41.716Z] Error writing to Modbus register: A Modbus Exception Occurred - See Response Body
[2024-12-10T06:19:42.726Z] Error reading or processing Modbus registers: A Modbus Exception Occurred - See Response Body
[2024-12-10T06:19:42.728Z] Error reading register 6507 for IP 10.30.4.128: A Modbus Exception Occurred - See Response Body
[2024-12-10T06:19:42.728Z] Error reading actual data: A Modbus Exception Occurred - See Response Body
[2024-12-10T06:19:42.729Z] Error writing to Modbus register: A Modbus Exception Occurred - See Response Body
[2024-12-10T06:19:43.737Z] Error reading or processing Modbus registers: A Modbus Exception Occurred - See Response Body
[2024-12-10T06:19:43.739Z] Error reading register 6507 for IP 10.30.4.128: A Modbus Exception Occurred - See Response Body
[2024-12-10T06:19:43.740Z] Error reading actual data: A Modbus Exception Occurred - See Response Body
[2024-12-10T06:19:43.741Z] Error writing to Modbus register: A Modbus Exception Occurred - See Response Body
[2024-12-10T06:19:44.737Z] Error reading or processing Modbus registers: A Modbus Exception Occurred - See Response Body
[2024-12-10T06:19:44.739Z] Error reading register 6507 for IP 10.30.4.128: A Modbus Exception Occurred - See Response Body
[2024-12-10T06:19:44.740Z] Error reading actual data: A Modbus Exception Occurred - See Response Body
[2024-12-10T06:19:44.741Z] Error writing to Modbus register: A Modbus Exception Occurred - See Response Body
[2024-12-10T06:19:45.745Z] Error reading or processing Modbus registers: A Modbus Exception Occurred - See Response Body
[2024-12-10T06:19:45.747Z] Error reading register 6507 for IP 10.30.4.128: A Modbus Exception Occurred - See Response Body
[2024-12-10T06:19:45.747Z] Error reading actual data: A Modbus Exception Occurred - See Response Body
[2024-12-10T06:19:45.748Z] Error writing to Modbus register: A Modbus Exception Occurred - See Response Body
[2024-12-10T06:19:46.755Z] Error reading or processing Modbus registers: A Modbus Exception Occurred - See Response Body
[2024-12-10T06:19:46.757Z] Error reading register 6507 for IP 10.30.4.128: A Modbus Exception Occurred - See Response Body
[2024-12-10T06:19:46.757Z] Error reading actual data: A Modbus Exception Occurred - See Response Body
[2024-12-10T06:19:46.758Z] Error writing to Modbus register: A Modbus Exception Occurred - See Response Body
[2024-12-10T06:19:47.765Z] Error reading or processing Modbus registers: A Modbus Exception Occurred - See Response Body
[2024-12-10T06:19:47.767Z] Error reading register 6507 for IP 10.30.4.128: A Modbus Exception Occurred - See Response Body
[2024-12-10T06:19:47.768Z] Error reading actual data: A Modbus Exception Occurred - See Response Body
[2024-12-10T06:19:47.769Z] Error writing to Modbus register: A Modbus Exception Occurred - See Response Body
[2024-12-10T06:19:48.779Z] Error reading or processing Modbus registers: A Modbus Exception Occurred - See Response Body
[2024-12-10T06:19:48.781Z] Error reading register 6507 for IP 10.30.4.128: A Modbus Exception Occurred - See Response Body
[2024-12-10T06:19:48.782Z] Error reading actual data: A Modbus Exception Occurred - See Response Body
[2024-12-10T06:19:48.783Z] Error writing to Modbus register: A Modbus Exception Occurred - See Response Body
[2024-12-10T06:19:49.792Z] Error reading or processing Modbus registers: A Modbus Exception Occurred - See Response Body
[2024-12-10T06:19:49.794Z] Error reading register 6507 for IP 10.30.4.128: A Modbus Exception Occurred - See Response Body
[2024-12-10T06:19:49.794Z] Error reading actual data: A Modbus Exception Occurred - See Response Body
[2024-12-10T06:19:49.795Z] Error writing to Modbus register: A Modbus Exception Occurred - See Response Body
[2024-12-10T06:19:50.806Z] Error reading or processing Modbus registers: A Modbus Exception Occurred - See Response Body
[2024-12-10T06:19:50.808Z] Error reading register 6507 for IP 10.30.4.128: A Modbus Exception Occurred - See Response Body
[2024-12-10T06:19:50.809Z] Error reading actual data: A Modbus Exception Occurred - See Response Body
[2024-12-10T06:19:50.809Z] Error writing to Modbus register: A Modbus Exception Occurred - See Response Body
[2024-12-10T06:19:51.816Z] Error reading or processing Modbus registers: A Modbus Exception Occurred - See Response Body
[2024-12-10T06:19:51.819Z] Error reading register 6507 for IP 10.30.4.128: A Modbus Exception Occurred - See Response Body
[2024-12-10T06:19:51.819Z] Error reading actual data: A Modbus Exception Occurred - See Response Body
[2024-12-10T06:19:51.819Z] Error writing to Modbus register: A Modbus Exception Occurred - See Response Body
[2024-12-10T06:19:52.827Z] Error reading or processing Modbus registers: A Modbus Exception Occurred - See Response Body
[2024-12-10T06:19:52.829Z] Error reading register 6507 for IP 10.30.4.128: A Modbus Exception Occurred - See Response Body
[2024-12-10T06:19:52.829Z] Error reading actual data: A Modbus Exception Occurred - See Response Body
[2024-12-10T06:19:52.830Z] Error writing to Modbus register: A Modbus Exception Occurred - See Response Body
[2024-12-10T06:19:53.837Z] Error reading or processing Modbus registers: A Modbus Exception Occurred - See Response Body
[2024-12-10T06:19:53.839Z] Error reading register 6507 for IP 10.30.4.128: A Modbus Exception Occurred - See Response Body
[2024-12-10T06:19:53.839Z] Error reading actual data: A Modbus Exception Occurred - See Response Body
[2024-12-10T06:19:53.840Z] Error writing to Modbus register: A Modbus Exception Occurred - See Response Body
[2024-12-10T06:19:54.839Z] Error reading or processing Modbus registers: A Modbus Exception Occurred - See Response Body
[2024-12-10T06:19:54.841Z] Error reading register 6507 for IP 10.30.4.128: A Modbus Exception Occurred - See Response Body
[2024-12-10T06:19:54.841Z] Error reading actual data: A Modbus Exception Occurred - See Response Body
[2024-12-10T06:19:54.842Z] Error writing to Modbus register: A Modbus Exception Occurred - See Response Body
[2024-12-10T06:19:55.852Z] Error reading or processing Modbus registers: A Modbus Exception Occurred - See Response Body
[2024-12-10T06:19:55.854Z] Error reading register 6507 for IP 10.30.4.128: A Modbus Exception Occurred - See Response Body
[2024-12-10T06:19:55.854Z] Error reading actual data: A Modbus Exception Occurred - See Response Body
[2024-12-10T06:19:55.855Z] Error writing to Modbus register: A Modbus Exception Occurred - See Response Body
[2024-12-10T06:19:56.856Z] Error reading or processing Modbus registers: A Modbus Exception Occurred - See Response Body
[2024-12-10T06:19:56.857Z] Error reading register 6507 for IP 10.30.4.128: A Modbus Exception Occurred - See Response Body
[2024-12-10T06:19:56.858Z] Error reading actual data: A Modbus Exception Occurred - See Response Body
[2024-12-10T06:19:56.858Z] Error writing to Modbus register: A Modbus Exception Occurred - See Response Body
[2024-12-10T06:19:57.858Z] Error reading or processing Modbus registers: A Modbus Exception Occurred - See Response Body
[2024-12-10T06:19:57.860Z] Error reading register 6507 for IP 10.30.4.128: A Modbus Exception Occurred - See Response Body
[2024-12-10T06:19:57.861Z] Error reading actual data: A Modbus Exception Occurred - See Response Body
[2024-12-10T06:19:57.861Z] Error writing to Modbus register: A Modbus Exception Occurred - See Response Body
[2024-12-10T06:19:58.868Z] Error reading or processing Modbus registers: A Modbus Exception Occurred - See Response Body
[2024-12-10T06:19:58.870Z] Error reading register 6507 for IP 10.30.4.128: A Modbus Exception Occurred - See Response Body
[2024-12-10T06:19:58.870Z] Error reading actual data: A Modbus Exception Occurred - See Response Body
[2024-12-10T06:19:58.871Z] Error writing to Modbus register: A Modbus Exception Occurred - See Response Body
[2024-12-10T06:19:59.875Z] Error reading or processing Modbus registers: A Modbus Exception Occurred - See Response Body
[2024-12-10T06:19:59.877Z] Error reading register 6507 for IP 10.30.4.128: A Modbus Exception Occurred - See Response Body
[2024-12-10T06:19:59.878Z] Error reading actual data: A Modbus Exception Occurred - See Response Body
[2024-12-10T06:19:59.878Z] Error writing to Modbus register: A Modbus Exception Occurred - See Response Body
[2024-12-10T06:20:00.889Z] Error reading or processing Modbus registers: A Modbus Exception Occurred - See Response Body
[2024-12-10T06:20:00.891Z] Error reading register 6507 for IP 10.30.4.128: A Modbus Exception Occurred - See Response Body
[2024-12-10T06:20:00.892Z] Error reading actual data: A Modbus Exception Occurred - See Response Body
[2024-12-10T06:20:00.892Z] Error writing to Modbus register: A Modbus Exception Occurred - See Response Body
[2024-12-10T06:20:01.903Z] Error reading or processing Modbus registers: A Modbus Exception Occurred - See Response Body
[2024-12-10T06:20:01.905Z] Error reading register 6507 for IP 10.30.4.128: A Modbus Exception Occurred - See Response Body
[2024-12-10T06:20:01.905Z] Error reading actual data: A Modbus Exception Occurred - See Response Body
[2024-12-10T06:20:01.906Z] Error writing to Modbus register: A Modbus Exception Occurred - See Response Body
[2024-12-10T06:20:02.903Z] Error reading or processing Modbus registers: A Modbus Exception Occurred - See Response Body
[2024-12-10T06:20:02.905Z] Error reading register 6507 for IP 10.30.4.128: A Modbus Exception Occurred - See Response Body
[2024-12-10T06:20:02.905Z] Error reading actual data: A Modbus Exception Occurred - See Response Body
[2024-12-10T06:20:02.906Z] Error writing to Modbus register: A Modbus Exception Occurred - See Response Body
[2024-12-10T06:20:03.909Z] Error reading or processing Modbus registers: A Modbus Exception Occurred - See Response Body
[2024-12-10T06:20:03.911Z] Error reading register 6507 for IP 10.30.4.128: A Modbus Exception Occurred - See Response Body
[2024-12-10T06:20:03.912Z] Error reading actual data: A Modbus Exception Occurred - See Response Body
[2024-12-10T06:20:03.913Z] Error writing to Modbus register: A Modbus Exception Occurred - See Response Body
[2024-12-10T06:20:04.920Z] Error reading or processing Modbus registers: A Modbus Exception Occurred - See Response Body
[2024-12-10T06:20:04.922Z] Error reading register 6507 for IP 10.30.4.128: A Modbus Exception Occurred - See Response Body
[2024-12-10T06:20:04.922Z] Error reading actual data: A Modbus Exception Occurred - See Response Body
[2024-12-10T06:20:04.923Z] Error writing to Modbus register: A Modbus Exception Occurred - See Response Body
[2024-12-10T06:20:05.930Z] Error reading or processing Modbus registers: A Modbus Exception Occurred - See Response Body
[2024-12-10T06:20:05.932Z] Error reading register 6507 for IP 10.30.4.128: A Modbus Exception Occurred - See Response Body
[2024-12-10T06:20:05.932Z] Error reading actual data: A Modbus Exception Occurred - See Response Body
[2024-12-10T06:20:05.933Z] Error writing to Modbus register: A Modbus Exception Occurred - See Response Body
[2024-12-10T06:20:06.941Z] Error reading or processing Modbus registers: A Modbus Exception Occurred - See Response Body
[2024-12-10T06:20:06.944Z] Error reading register 6507 for IP 10.30.4.128: A Modbus Exception Occurred - See Response Body
[2024-12-10T06:20:06.944Z] Error reading actual data: A Modbus Exception Occurred - See Response Body
[2024-12-10T06:20:06.945Z] Error writing to Modbus register: A Modbus Exception Occurred - See Response Body
[2024-12-10T06:20:07.952Z] Error reading or processing Modbus registers: A Modbus Exception Occurred - See Response Body
[2024-12-10T06:20:07.954Z] Error reading register 6507 for IP 10.30.4.128: A Modbus Exception Occurred - See Response Body
[2024-12-10T06:20:07.955Z] Error reading actual data: A Modbus Exception Occurred - See Response Body
[2024-12-10T06:20:07.956Z] Error writing to Modbus register: A Modbus Exception Occurred - See Response Body
[2024-12-10T06:20:08.963Z] Error reading or processing Modbus registers: A Modbus Exception Occurred - See Response Body
[2024-12-10T06:20:08.966Z] Error reading register 6507 for IP 10.30.4.128: A Modbus Exception Occurred - See Response Body
[2024-12-10T06:20:08.966Z] Error reading actual data: A Modbus Exception Occurred - See Response Body
[2024-12-10T06:20:08.967Z] Error writing to Modbus register: A Modbus Exception Occurred - See Response Body
[2024-12-10T06:20:09.975Z] Error reading or processing Modbus registers: A Modbus Exception Occurred - See Response Body
[2024-12-10T06:20:09.977Z] Error reading register 6507 for IP 10.30.4.128: A Modbus Exception Occurred - See Response Body
[2024-12-10T06:20:09.977Z] Error reading actual data: A Modbus Exception Occurred - See Response Body
[2024-12-10T06:20:09.978Z] Error writing to Modbus register: A Modbus Exception Occurred - See Response Body
[2024-12-10T06:20:10.984Z] Error reading or processing Modbus registers: A Modbus Exception Occurred - See Response Body
[2024-12-10T06:20:10.986Z] Error reading register 6507 for IP 10.30.4.128: A Modbus Exception Occurred - See Response Body
[2024-12-10T06:20:10.987Z] Error reading actual data: A Modbus Exception Occurred - See Response Body
[2024-12-10T06:20:10.987Z] Error writing to Modbus register: A Modbus Exception Occurred - See Response Body
[2024-12-10T06:20:11.997Z] Error reading or processing Modbus registers: A Modbus Exception Occurred - See Response Body
[2024-12-10T06:20:11.999Z] Error reading register 6507 for IP 10.30.4.128: A Modbus Exception Occurred - See Response Body
[2024-12-10T06:20:12.000Z] Error reading actual data: A Modbus Exception Occurred - See Response Body
[2024-12-10T06:20:12.000Z] Error writing to Modbus register: A Modbus Exception Occurred - See Response Body
[2024-12-10T06:20:13.006Z] Error reading or processing Modbus registers: A Modbus Exception Occurred - See Response Body
[2024-12-10T06:20:13.009Z] Error reading register 6507 for IP 10.30.4.128: A Modbus Exception Occurred - See Response Body
[2024-12-10T06:20:13.010Z] Error reading actual data: A Modbus Exception Occurred - See Response Body
[2024-12-10T06:20:13.010Z] Error writing to Modbus register: A Modbus Exception Occurred - See Response Body
[2024-12-10T06:20:14.016Z] Error reading or processing Modbus registers: A Modbus Exception Occurred - See Response Body
[2024-12-10T06:20:14.018Z] Error reading register 6507 for IP 10.30.4.128: A Modbus Exception Occurred - See Response Body
[2024-12-10T06:20:14.019Z] Error reading actual data: A Modbus Exception Occurred - See Response Body
[2024-12-10T06:20:14.019Z] Error writing to Modbus register: A Modbus Exception Occurred - See Response Body
[2024-12-10T06:20:15.025Z] Error reading or processing Modbus registers: A Modbus Exception Occurred - See Response Body
[2024-12-10T06:20:15.027Z] Error reading register 6507 for IP 10.30.4.128: A Modbus Exception Occurred - See Response Body
[2024-12-10T06:20:15.028Z] Error reading actual data: A Modbus Exception Occurred - See Response Body
[2024-12-10T06:20:15.029Z] Error writing to Modbus register: A Modbus Exception Occurred - See Response Body
[2024-12-10T06:20:16.036Z] Error reading or processing Modbus registers: A Modbus Exception Occurred - See Response Body
[2024-12-10T06:20:16.038Z] Error reading register 6507 for IP 10.30.4.128: A Modbus Exception Occurred - See Response Body
[2024-12-10T06:20:16.039Z] Error reading actual data: A Modbus Exception Occurred - See Response Body
[2024-12-10T06:20:16.039Z] Error writing to Modbus register: A Modbus Exception Occurred - See Response Body
[2024-12-10T06:20:17.048Z] Error reading or processing Modbus registers: A Modbus Exception Occurred - See Response Body
[2024-12-10T06:20:17.050Z] Error reading register 6507 for IP 10.30.4.128: A Modbus Exception Occurred - See Response Body
[2024-12-10T06:20:17.050Z] Error reading actual data: A Modbus Exception Occurred - See Response Body
[2024-12-10T06:20:17.051Z] Error writing to Modbus register: A Modbus Exception Occurred - See Response Body
[2024-12-10T06:20:18.056Z] Error reading or processing Modbus registers: A Modbus Exception Occurred - See Response Body
[2024-12-10T06:20:18.058Z] Error reading register 6507 for IP 10.30.4.128: A Modbus Exception Occurred - See Response Body
[2024-12-10T06:20:18.059Z] Error reading actual data: A Modbus Exception Occurred - See Response Body
[2024-12-10T06:20:18.059Z] Error writing to Modbus register: A Modbus Exception Occurred - See Response Body
[2024-12-10T06:20:19.067Z] Error reading or processing Modbus registers: A Modbus Exception Occurred - See Response Body
[2024-12-10T06:20:19.069Z] Error reading register 6507 for IP 10.30.4.128: A Modbus Exception Occurred - See Response Body
[2024-12-10T06:20:19.070Z] Error reading actual data: A Modbus Exception Occurred - See Response Body
[2024-12-10T06:20:19.070Z] Error writing to Modbus register: A Modbus Exception Occurred - See Response Body
[2024-12-10T06:20:20.076Z] Error reading or processing Modbus registers: A Modbus Exception Occurred - See Response Body
[2024-12-10T06:20:20.079Z] Error reading register 6507 for IP 10.30.4.128: A Modbus Exception Occurred - See Response Body
[2024-12-10T06:20:20.079Z] Error reading actual data: A Modbus Exception Occurred - See Response Body
[2024-12-10T06:20:20.080Z] Error writing to Modbus register: A Modbus Exception Occurred - See Response Body
[2024-12-10T06:20:21.089Z] Error reading or processing Modbus registers: A Modbus Exception Occurred - See Response Body
[2024-12-10T06:20:21.091Z] Error reading register 6507 for IP 10.30.4.128: A Modbus Exception Occurred - See Response Body
[2024-12-10T06:20:21.091Z] Error reading actual data: A Modbus Exception Occurred - See Response Body
[2024-12-10T06:20:21.092Z] Error writing to Modbus register: A Modbus Exception Occurred - See Response Body
[2024-12-10T06:20:22.101Z] Error reading or processing Modbus registers: A Modbus Exception Occurred - See Response Body
[2024-12-10T06:20:22.103Z] Error reading register 6507 for IP 10.30.4.128: A Modbus Exception Occurred - See Response Body
[2024-12-10T06:20:22.104Z] Error reading actual data: A Modbus Exception Occurred - See Response Body
[2024-12-10T06:20:22.105Z] Error writing to Modbus register: A Modbus Exception Occurred - See Response Body
[2024-12-10T06:20:23.114Z] Error reading or processing Modbus registers: A Modbus Exception Occurred - See Response Body
[2024-12-10T06:20:23.116Z] Error reading register 6507 for IP 10.30.4.128: A Modbus Exception Occurred - See Response Body
[2024-12-10T06:20:23.117Z] Error reading actual data: A Modbus Exception Occurred - See Response Body
[2024-12-10T06:20:23.118Z] Error writing to Modbus register: A Modbus Exception Occurred - See Response Body
[2024-12-10T06:20:24.127Z] Error reading or processing Modbus registers: A Modbus Exception Occurred - See Response Body
[2024-12-10T06:20:24.129Z] Error reading register 6507 for IP 10.30.4.128: A Modbus Exception Occurred - See Response Body
[2024-12-10T06:20:24.131Z] Error reading actual data: A Modbus Exception Occurred - See Response Body
[2024-12-10T06:20:24.131Z] Error writing to Modbus register: A Modbus Exception Occurred - See Response Body
[2024-12-10T06:20:25.142Z] Error reading or processing Modbus registers: A Modbus Exception Occurred - See Response Body
[2024-12-10T06:20:25.145Z] Error reading register 6507 for IP 10.30.4.128: A Modbus Exception Occurred - See Response Body
[2024-12-10T06:20:25.145Z] Error reading actual data: A Modbus Exception Occurred - See Response Body
[2024-12-10T06:20:25.146Z] Error writing to Modbus register: A Modbus Exception Occurred - See Response Body
[2024-12-10T06:20:26.154Z] Error reading or processing Modbus registers: A Modbus Exception Occurred - See Response Body
[2024-12-10T06:20:26.156Z] Error reading register 6507 for IP 10.30.4.128: A Modbus Exception Occurred - See Response Body
[2024-12-10T06:20:26.157Z] Error reading actual data: A Modbus Exception Occurred - See Response Body
[2024-12-10T06:20:26.158Z] Error writing to Modbus register: A Modbus Exception Occurred - See Response Body
[2024-12-10T06:20:27.154Z] Error reading or processing Modbus registers: A Modbus Exception Occurred - See Response Body
[2024-12-10T06:20:27.156Z] Error reading register 6507 for IP 10.30.4.128: A Modbus Exception Occurred - See Response Body
[2024-12-10T06:20:27.157Z] Error reading actual data: A Modbus Exception Occurred - See Response Body
[2024-12-10T06:20:27.158Z] Error writing to Modbus register: A Modbus Exception Occurred - See Response Body
[2024-12-10T06:20:28.167Z] Error reading or processing Modbus registers: A Modbus Exception Occurred - See Response Body
[2024-12-10T06:20:28.170Z] Error reading register 6507 for IP 10.30.4.128: A Modbus Exception Occurred - See Response Body
[2024-12-10T06:20:28.170Z] Error reading actual data: A Modbus Exception Occurred - See Response Body
[2024-12-10T06:20:28.171Z] Error writing to Modbus register: A Modbus Exception Occurred - See Response Body
[2024-12-10T06:20:29.178Z] Error reading or processing Modbus registers: A Modbus Exception Occurred - See Response Body
[2024-12-10T06:20:29.180Z] Error reading register 6507 for IP 10.30.4.128: A Modbus Exception Occurred - See Response Body
[2024-12-10T06:20:29.181Z] Error reading actual data: A Modbus Exception Occurred - See Response Body
[2024-12-10T06:20:29.182Z] Error writing to Modbus register: A Modbus Exception Occurred - See Response Body
[2024-12-10T06:20:30.187Z] Error reading or processing Modbus registers: A Modbus Exception Occurred - See Response Body
[2024-12-10T06:20:30.190Z] Error reading register 6507 for IP 10.30.4.128: A Modbus Exception Occurred - See Response Body
[2024-12-10T06:20:30.190Z] Error reading actual data: A Modbus Exception Occurred - See Response Body
[2024-12-10T06:20:30.191Z] Error writing to Modbus register: A Modbus Exception Occurred - See Response Body
[2024-12-10T06:20:31.201Z] Error reading or processing Modbus registers: A Modbus Exception Occurred - See Response Body
[2024-12-10T06:20:31.203Z] Error reading register 6507 for IP 10.30.4.128: A Modbus Exception Occurred - See Response Body
[2024-12-10T06:20:31.203Z] Error reading actual data: A Modbus Exception Occurred - See Response Body
[2024-12-10T06:20:31.204Z] Error writing to Modbus register: A Modbus Exception Occurred - See Response Body
[2024-12-10T06:20:32.203Z] Error reading or processing Modbus registers: A Modbus Exception Occurred - See Response Body
[2024-12-10T06:20:32.207Z] Error reading register 6507 for IP 10.30.4.128: A Modbus Exception Occurred - See Response Body
[2024-12-10T06:20:32.208Z] Error reading actual data: A Modbus Exception Occurred - See Response Body
[2024-12-10T06:20:32.208Z] Error writing to Modbus register: A Modbus Exception Occurred - See Response Body
[2024-12-10T06:20:33.213Z] Error reading or processing Modbus registers: A Modbus Exception Occurred - See Response Body
[2024-12-10T06:20:33.215Z] Error reading register 6507 for IP 10.30.4.128: A Modbus Exception Occurred - See Response Body
[2024-12-10T06:20:33.215Z] Error reading actual data: A Modbus Exception Occurred - See Response Body
[2024-12-10T06:20:33.215Z] Error writing to Modbus register: A Modbus Exception Occurred - See Response Body
[2024-12-10T06:20:34.215Z] Error reading or processing Modbus registers: A Modbus Exception Occurred - See Response Body
[2024-12-10T06:20:34.217Z] Error reading register 6507 for IP 10.30.4.128: A Modbus Exception Occurred - See Response Body
[2024-12-10T06:20:34.218Z] Error reading actual data: A Modbus Exception Occurred - See Response Body
[2024-12-10T06:20:34.218Z] Error writing to Modbus register: A Modbus Exception Occurred - See Response Body
[2024-12-10T06:20:35.224Z] Error reading or processing Modbus registers: A Modbus Exception Occurred - See Response Body
[2024-12-10T06:20:35.226Z] Error reading register 6507 for IP 10.30.4.128: A Modbus Exception Occurred - See Response Body
[2024-12-10T06:20:35.227Z] Error reading actual data: A Modbus Exception Occurred - See Response Body
[2024-12-10T06:20:35.228Z] Error writing to Modbus register: A Modbus Exception Occurred - See Response Body
[2024-12-10T06:20:36.235Z] Error reading or processing Modbus registers: A Modbus Exception Occurred - See Response Body
[2024-12-10T06:20:36.238Z] Error reading register 6507 for IP 10.30.4.128: A Modbus Exception Occurred - See Response Body
[2024-12-10T06:20:36.239Z] Error reading actual data: A Modbus Exception Occurred - See Response Body
[2024-12-10T06:20:36.239Z] Error writing to Modbus register: A Modbus Exception Occurred - See Response Body
[2024-12-10T06:20:37.249Z] Error reading or processing Modbus registers: A Modbus Exception Occurred - See Response Body
[2024-12-10T06:20:37.251Z] Error reading register 6507 for IP 10.30.4.128: A Modbus Exception Occurred - See Response Body
[2024-12-10T06:20:37.251Z] Error reading actual data: A Modbus Exception Occurred - See Response Body
[2024-12-10T06:20:37.252Z] Error writing to Modbus register: A Modbus Exception Occurred - See Response Body
[2024-12-10T06:20:38.257Z] Error reading or processing Modbus registers: A Modbus Exception Occurred - See Response Body
[2024-12-10T06:20:38.259Z] Error reading register 6507 for IP 10.30.4.128: A Modbus Exception Occurred - See Response Body
[2024-12-10T06:20:38.259Z] Error reading actual data: A Modbus Exception Occurred - See Response Body
[2024-12-10T06:20:38.260Z] Error writing to Modbus register: A Modbus Exception Occurred - See Response Body
[2024-12-10T06:20:39.265Z] Error reading or processing Modbus registers: A Modbus Exception Occurred - See Response Body
[2024-12-10T06:20:39.267Z] Error reading register 6507 for IP 10.30.4.128: A Modbus Exception Occurred - See Response Body
[2024-12-10T06:20:39.268Z] Error reading actual data: A Modbus Exception Occurred - See Response Body
[2024-12-10T06:20:39.269Z] Error writing to Modbus register: A Modbus Exception Occurred - See Response Body
[2024-12-10T06:20:40.274Z] Error reading or processing Modbus registers: A Modbus Exception Occurred - See Response Body
[2024-12-10T06:20:40.276Z] Error reading register 6507 for IP 10.30.4.128: A Modbus Exception Occurred - See Response Body
[2024-12-10T06:20:40.277Z] Error reading actual data: A Modbus Exception Occurred - See Response Body
[2024-12-10T06:20:40.277Z] Error writing to Modbus register: A Modbus Exception Occurred - See Response Body
[2024-12-10T06:20:41.280Z] Error reading or processing Modbus registers: A Modbus Exception Occurred - See Response Body
[2024-12-10T06:20:41.282Z] Error reading register 6507 for IP 10.30.4.128: A Modbus Exception Occurred - See Response Body
[2024-12-10T06:20:41.283Z] Error reading actual data: A Modbus Exception Occurred - See Response Body
[2024-12-10T06:20:41.283Z] Error writing to Modbus register: A Modbus Exception Occurred - See Response Body
[2024-12-10T06:20:42.292Z] Error reading or processing Modbus registers: A Modbus Exception Occurred - See Response Body
[2024-12-10T06:20:42.295Z] Error reading register 6507 for IP 10.30.4.128: A Modbus Exception Occurred - See Response Body
[2024-12-10T06:20:42.296Z] Error reading actual data: A Modbus Exception Occurred - See Response Body
[2024-12-10T06:20:42.296Z] Error writing to Modbus register: A Modbus Exception Occurred - See Response Body
[2024-12-10T06:20:43.305Z] Error reading or processing Modbus registers: A Modbus Exception Occurred - See Response Body
[2024-12-10T06:20:43.307Z] Error reading register 6507 for IP 10.30.4.128: A Modbus Exception Occurred - See Response Body
[2024-12-10T06:20:43.308Z] Error reading actual data: A Modbus Exception Occurred - See Response Body
[2024-12-10T06:20:43.308Z] Error writing to Modbus register: A Modbus Exception Occurred - See Response Body
[2024-12-10T06:20:44.313Z] Error reading or processing Modbus registers: A Modbus Exception Occurred - See Response Body
[2024-12-10T06:20:44.315Z] Error reading register 6507 for IP 10.30.4.128: A Modbus Exception Occurred - See Response Body
[2024-12-10T06:20:44.316Z] Error reading actual data: A Modbus Exception Occurred - See Response Body
[2024-12-10T06:20:44.317Z] Error writing to Modbus register: A Modbus Exception Occurred - See Response Body
[2024-12-10T06:20:45.315Z] Error reading or processing Modbus registers: A Modbus Exception Occurred - See Response Body
[2024-12-10T06:20:45.317Z] Error reading register 6507 for IP 10.30.4.128: A Modbus Exception Occurred - See Response Body
[2024-12-10T06:20:45.317Z] Error reading actual data: A Modbus Exception Occurred - See Response Body
[2024-12-10T06:20:45.318Z] Error writing to Modbus register: A Modbus Exception Occurred - See Response Body
[2024-12-10T06:20:46.325Z] Error reading or processing Modbus registers: A Modbus Exception Occurred - See Response Body
[2024-12-10T06:20:46.328Z] Error reading register 6507 for IP 10.30.4.128: A Modbus Exception Occurred - See Response Body
[2024-12-10T06:20:46.328Z] Error reading actual data: A Modbus Exception Occurred - See Response Body
[2024-12-10T06:20:46.329Z] Error writing to Modbus register: A Modbus Exception Occurred - See Response Body
[2024-12-10T06:20:47.338Z] Error reading or processing Modbus registers: A Modbus Exception Occurred - See Response Body
[2024-12-10T06:20:47.340Z] Error reading register 6507 for IP 10.30.4.128: A Modbus Exception Occurred - See Response Body
[2024-12-10T06:20:47.341Z] Error reading actual data: A Modbus Exception Occurred - See Response Body
[2024-12-10T06:20:47.342Z] Error writing to Modbus register: A Modbus Exception Occurred - See Response Body
[2024-12-10T06:20:48.349Z] Error reading or processing Modbus registers: A Modbus Exception Occurred - See Response Body
[2024-12-10T06:20:48.352Z] Error reading register 6507 for IP 10.30.4.128: A Modbus Exception Occurred - See Response Body
[2024-12-10T06:20:48.353Z] Error reading actual data: A Modbus Exception Occurred - See Response Body
[2024-12-10T06:20:48.354Z] Error writing to Modbus register: A Modbus Exception Occurred - See Response Body
[2024-12-10T06:20:49.362Z] Error reading or processing Modbus registers: A Modbus Exception Occurred - See Response Body
[2024-12-10T06:20:49.364Z] Error reading register 6507 for IP 10.30.4.128: A Modbus Exception Occurred - See Response Body
[2024-12-10T06:20:49.365Z] Error reading actual data: A Modbus Exception Occurred - See Response Body
[2024-12-10T06:20:49.366Z] Error writing to Modbus register: A Modbus Exception Occurred - See Response Body
[2024-12-10T06:20:50.375Z] Error reading or processing Modbus registers: A Modbus Exception Occurred - See Response Body
[2024-12-10T06:20:50.377Z] Error reading register 6507 for IP 10.30.4.128: A Modbus Exception Occurred - See Response Body
[2024-12-10T06:20:50.379Z] Error reading actual data: A Modbus Exception Occurred - See Response Body
[2024-12-10T06:20:50.382Z] Error writing to Modbus register: A Modbus Exception Occurred - See Response Body
[2024-12-10T06:20:51.389Z] Error reading or processing Modbus registers: A Modbus Exception Occurred - See Response Body
[2024-12-10T06:20:51.391Z] Error reading register 6507 for IP 10.30.4.128: A Modbus Exception Occurred - See Response Body
[2024-12-10T06:20:51.392Z] Error reading actual data: A Modbus Exception Occurred - See Response Body
[2024-12-10T06:20:51.392Z] Error writing to Modbus register: A Modbus Exception Occurred - See Response Body
[2024-12-10T06:20:52.404Z] Error reading or processing Modbus registers: A Modbus Exception Occurred - See Response Body
[2024-12-10T06:20:52.406Z] Error reading register 6507 for IP 10.30.4.128: A Modbus Exception Occurred - See Response Body
[2024-12-10T06:20:52.406Z] Error reading actual data: A Modbus Exception Occurred - See Response Body
[2024-12-10T06:20:52.407Z] Error writing to Modbus register: A Modbus Exception Occurred - See Response Body
[2024-12-10T06:20:53.410Z] Error reading or processing Modbus registers: A Modbus Exception Occurred - See Response Body
[2024-12-10T06:20:53.412Z] Error reading register 6507 for IP 10.30.4.128: A Modbus Exception Occurred - See Response Body
[2024-12-10T06:20:53.413Z] Error reading actual data: A Modbus Exception Occurred - See Response Body
[2024-12-10T06:20:53.413Z] Error writing to Modbus register: A Modbus Exception Occurred - See Response Body
[2024-12-10T06:20:54.410Z] Error reading or processing Modbus registers: A Modbus Exception Occurred - See Response Body
[2024-12-10T06:20:54.412Z] Error reading register 6507 for IP 10.30.4.128: A Modbus Exception Occurred - See Response Body
[2024-12-10T06:20:54.413Z] Error reading actual data: A Modbus Exception Occurred - See Response Body
[2024-12-10T06:20:54.414Z] Error writing to Modbus register: A Modbus Exception Occurred - See Response Body
[2024-12-10T06:20:55.414Z] Error reading or processing Modbus registers: A Modbus Exception Occurred - See Response Body
[2024-12-10T06:20:55.416Z] Error reading register 6507 for IP 10.30.4.128: A Modbus Exception Occurred - See Response Body
[2024-12-10T06:20:55.417Z] Error reading actual data: A Modbus Exception Occurred - See Response Body
[2024-12-10T06:20:55.418Z] Error writing to Modbus register: A Modbus Exception Occurred - See Response Body
[2024-12-10T06:20:56.417Z] Error reading or processing Modbus registers: A Modbus Exception Occurred - See Response Body
[2024-12-10T06:20:56.419Z] Error reading register 6507 for IP 10.30.4.128: A Modbus Exception Occurred - See Response Body
[2024-12-10T06:20:56.419Z] Error reading actual data: A Modbus Exception Occurred - See Response Body
[2024-12-10T06:20:56.420Z] Error writing to Modbus register: A Modbus Exception Occurred - See Response Body
[2024-12-10T06:20:57.421Z] Error reading or processing Modbus registers: A Modbus Exception Occurred - See Response Body
[2024-12-10T06:20:57.423Z] Error reading register 6507 for IP 10.30.4.128: A Modbus Exception Occurred - See Response Body
[2024-12-10T06:20:57.424Z] Error reading actual data: A Modbus Exception Occurred - See Response Body
[2024-12-10T06:20:57.424Z] Error writing to Modbus register: A Modbus Exception Occurred - See Response Body
[2024-12-10T06:20:58.428Z] Error reading or processing Modbus registers: A Modbus Exception Occurred - See Response Body
[2024-12-10T06:20:58.430Z] Error reading register 6507 for IP 10.30.4.128: A Modbus Exception Occurred - See Response Body
[2024-12-10T06:20:58.430Z] Error reading actual data: A Modbus Exception Occurred - See Response Body
[2024-12-10T06:20:58.431Z] Error writing to Modbus register: A Modbus Exception Occurred - See Response Body
[2024-12-10T06:20:59.434Z] Error reading or processing Modbus registers: A Modbus Exception Occurred - See Response Body
[2024-12-10T06:20:59.436Z] Error reading register 6507 for IP 10.30.4.128: A Modbus Exception Occurred - See Response Body
[2024-12-10T06:20:59.436Z] Error reading actual data: A Modbus Exception Occurred - See Response Body
[2024-12-10T06:20:59.437Z] Error writing to Modbus register: A Modbus Exception Occurred - See Response Body
[2024-12-10T06:21:00.438Z] Error reading or processing Modbus registers: A Modbus Exception Occurred - See Response Body
[2024-12-10T06:21:00.440Z] Error reading register 6507 for IP 10.30.4.128: A Modbus Exception Occurred - See Response Body
[2024-12-10T06:21:00.441Z] Error reading actual data: A Modbus Exception Occurred - See Response Body
[2024-12-10T06:21:00.441Z] Error writing to Modbus register: A Modbus Exception Occurred - See Response Body
[2024-12-10T06:21:01.440Z] Error reading or processing Modbus registers: A Modbus Exception Occurred - See Response Body
[2024-12-10T06:21:01.444Z] Error reading register 6507 for IP 10.30.4.128: A Modbus Exception Occurred - See Response Body
[2024-12-10T06:21:01.445Z] Error reading actual data: A Modbus Exception Occurred - See Response Body
[2024-12-10T06:21:01.446Z] Error writing to Modbus register: A Modbus Exception Occurred - See Response Body
[2024-12-10T06:21:02.444Z] Error reading or processing Modbus registers: A Modbus Exception Occurred - See Response Body
[2024-12-10T06:21:02.447Z] Error reading register 6507 for IP 10.30.4.128: A Modbus Exception Occurred - See Response Body
[2024-12-10T06:21:02.448Z] Error reading actual data: A Modbus Exception Occurred - See Response Body
[2024-12-10T06:21:02.449Z] Error writing to Modbus register: A Modbus Exception Occurred - See Response Body
[2024-12-10T06:21:03.448Z] Error reading or processing Modbus registers: A Modbus Exception Occurred - See Response Body
[2024-12-10T06:21:03.451Z] Error reading register 6507 for IP 10.30.4.128: A Modbus Exception Occurred - See Response Body
[2024-12-10T06:21:03.452Z] Error reading actual data: A Modbus Exception Occurred - See Response Body
[2024-12-10T06:21:03.452Z] Error writing to Modbus register: A Modbus Exception Occurred - See Response Body
[2024-12-10T06:21:04.452Z] Error reading or processing Modbus registers: A Modbus Exception Occurred - See Response Body
[2024-12-10T06:21:04.454Z] Error reading register 6507 for IP 10.30.4.128: A Modbus Exception Occurred - See Response Body
[2024-12-10T06:21:04.455Z] Error reading actual data: A Modbus Exception Occurred - See Response Body
[2024-12-10T06:21:04.455Z] Error writing to Modbus register: A Modbus Exception Occurred - See Response Body
[2024-12-10T06:21:05.456Z] Error reading or processing Modbus registers: A Modbus Exception Occurred - See Response Body
[2024-12-10T06:21:05.460Z] Error reading register 6507 for IP 10.30.4.128: A Modbus Exception Occurred - See Response Body
[2024-12-10T06:21:05.461Z] Error reading actual data: A Modbus Exception Occurred - See Response Body
[2024-12-10T06:21:05.463Z] Error writing to Modbus register: A Modbus Exception Occurred - See Response Body
[2024-12-10T06:21:06.459Z] Error reading or processing Modbus registers: A Modbus Exception Occurred - See Response Body
[2024-12-10T06:21:06.461Z] Error reading register 6507 for IP 10.30.4.128: A Modbus Exception Occurred - See Response Body
[2024-12-10T06:21:06.461Z] Error reading actual data: A Modbus Exception Occurred - See Response Body
[2024-12-10T06:21:06.462Z] Error writing to Modbus register: A Modbus Exception Occurred - See Response Body
[2024-12-10T06:21:07.460Z] Error reading or processing Modbus registers: A Modbus Exception Occurred - See Response Body
[2024-12-10T06:21:07.462Z] Error reading register 6507 for IP 10.30.4.128: A Modbus Exception Occurred - See Response Body
[2024-12-10T06:21:07.463Z] Error reading actual data: A Modbus Exception Occurred - See Response Body
[2024-12-10T06:21:07.463Z] Error writing to Modbus register: A Modbus Exception Occurred - See Response Body
[2024-12-10T06:21:08.466Z] Error reading or processing Modbus registers: A Modbus Exception Occurred - See Response Body
[2024-12-10T06:21:08.468Z] Error reading register 6507 for IP 10.30.4.128: A Modbus Exception Occurred - See Response Body
[2024-12-10T06:21:08.469Z] Error reading actual data: A Modbus Exception Occurred - See Response Body
[2024-12-10T06:21:08.470Z] Error writing to Modbus register: A Modbus Exception Occurred - See Response Body
[2024-12-10T06:21:09.472Z] Error reading or processing Modbus registers: A Modbus Exception Occurred - See Response Body
[2024-12-10T06:21:09.475Z] Error reading register 6507 for IP 10.30.4.128: A Modbus Exception Occurred - See Response Body
[2024-12-10T06:21:09.475Z] Error reading actual data: A Modbus Exception Occurred - See Response Body
[2024-12-10T06:21:09.476Z] Error writing to Modbus register: A Modbus Exception Occurred - See Response Body
[2024-12-10T06:21:10.475Z] Error reading or processing Modbus registers: A Modbus Exception Occurred - See Response Body
[2024-12-10T06:21:10.482Z] Error reading register 6507 for IP 10.30.4.128: A Modbus Exception Occurred - See Response Body
[2024-12-10T06:21:10.484Z] Error reading actual data: A Modbus Exception Occurred - See Response Body
[2024-12-10T06:21:10.485Z] Error writing to Modbus register: A Modbus Exception Occurred - See Response Body
[2024-12-10T06:21:11.480Z] Error reading or processing Modbus registers: A Modbus Exception Occurred - See Response Body
[2024-12-10T06:21:11.483Z] Error reading register 6507 for IP 10.30.4.128: A Modbus Exception Occurred - See Response Body
[2024-12-10T06:21:11.484Z] Error reading actual data: A Modbus Exception Occurred - See Response Body
[2024-12-10T06:21:11.484Z] Error writing to Modbus register: A Modbus Exception Occurred - See Response Body
[2024-12-10T06:21:12.483Z] Error reading or processing Modbus registers: A Modbus Exception Occurred - See Response Body
[2024-12-10T06:21:12.485Z] Error reading register 6507 for IP 10.30.4.128: A Modbus Exception Occurred - See Response Body
[2024-12-10T06:21:12.486Z] Error reading actual data: A Modbus Exception Occurred - See Response Body
[2024-12-10T06:21:12.487Z] Error writing to Modbus register: A Modbus Exception Occurred - See Response Body
[2024-12-10T06:21:13.496Z] Error reading or processing Modbus registers: A Modbus Exception Occurred - See Response Body
[2024-12-10T06:21:13.499Z] Error reading register 6507 for IP 10.30.4.128: A Modbus Exception Occurred - See Response Body
[2024-12-10T06:21:13.500Z] Error reading actual data: A Modbus Exception Occurred - See Response Body
[2024-12-10T06:21:13.500Z] Error writing to Modbus register: A Modbus Exception Occurred - See Response Body
[2024-12-10T06:21:14.497Z] Error reading or processing Modbus registers: A Modbus Exception Occurred - See Response Body
[2024-12-10T06:21:14.500Z] Error reading register 6507 for IP 10.30.4.128: A Modbus Exception Occurred - See Response Body
[2024-12-10T06:21:14.500Z] Error reading actual data: A Modbus Exception Occurred - See Response Body
[2024-12-10T06:21:14.501Z] Error writing to Modbus register: A Modbus Exception Occurred - See Response Body
[2024-12-10T06:21:15.511Z] Error reading or processing Modbus registers: A Modbus Exception Occurred - See Response Body
[2024-12-10T06:21:15.513Z] Error reading register 6507 for IP 10.30.4.128: A Modbus Exception Occurred - See Response Body
[2024-12-10T06:21:15.514Z] Error reading actual data: A Modbus Exception Occurred - See Response Body
[2024-12-10T06:21:15.515Z] Error writing to Modbus register: A Modbus Exception Occurred - See Response Body
[2024-12-10T06:21:16.515Z] Error reading or processing Modbus registers: A Modbus Exception Occurred - See Response Body
[2024-12-10T06:21:16.517Z] Error reading register 6507 for IP 10.30.4.128: A Modbus Exception Occurred - See Response Body
[2024-12-10T06:21:16.518Z] Error reading actual data: A Modbus Exception Occurred - See Response Body
[2024-12-10T06:21:16.520Z] Error writing to Modbus register: A Modbus Exception Occurred - See Response Body
[2024-12-10T06:21:17.527Z] Error reading or processing Modbus registers: A Modbus Exception Occurred - See Response Body
[2024-12-10T06:21:17.529Z] Error reading register 6507 for IP 10.30.4.128: A Modbus Exception Occurred - See Response Body
[2024-12-10T06:21:17.530Z] Error reading actual data: A Modbus Exception Occurred - See Response Body
[2024-12-10T06:21:17.531Z] Error writing to Modbus register: A Modbus Exception Occurred - See Response Body
[2024-12-10T06:21:18.541Z] Error reading or processing Modbus registers: A Modbus Exception Occurred - See Response Body
[2024-12-10T06:21:18.543Z] Error reading register 6507 for IP 10.30.4.128: A Modbus Exception Occurred - See Response Body
[2024-12-10T06:21:18.544Z] Error reading actual data: A Modbus Exception Occurred - See Response Body
[2024-12-10T06:21:18.544Z] Error writing to Modbus register: A Modbus Exception Occurred - See Response Body
[2024-12-10T06:21:19.547Z] Error reading or processing Modbus registers: A Modbus Exception Occurred - See Response Body
[2024-12-10T06:21:19.550Z] Error reading register 6507 for IP 10.30.4.128: A Modbus Exception Occurred - See Response Body
[2024-12-10T06:21:19.550Z] Error reading actual data: A Modbus Exception Occurred - See Response Body
[2024-12-10T06:21:19.551Z] Error writing to Modbus register: A Modbus Exception Occurred - See Response Body
[2024-12-10T06:21:20.554Z] Error reading or processing Modbus registers: A Modbus Exception Occurred - See Response Body
[2024-12-10T06:21:20.556Z] Error reading register 6507 for IP 10.30.4.128: A Modbus Exception Occurred - See Response Body
[2024-12-10T06:21:20.557Z] Error reading actual data: A Modbus Exception Occurred - See Response Body
[2024-12-10T06:21:20.558Z] Error writing to Modbus register: A Modbus Exception Occurred - See Response Body
[2024-12-10T06:21:21.556Z] Error reading or processing Modbus registers: A Modbus Exception Occurred - See Response Body
[2024-12-10T06:21:21.558Z] Error reading register 6507 for IP 10.30.4.128: A Modbus Exception Occurred - See Response Body
[2024-12-10T06:21:21.558Z] Error reading actual data: A Modbus Exception Occurred - See Response Body
[2024-12-10T06:21:21.559Z] Error writing to Modbus register: A Modbus Exception Occurred - See Response Body
[2024-12-10T06:21:22.559Z] Error reading or processing Modbus registers: A Modbus Exception Occurred - See Response Body
[2024-12-10T06:21:22.562Z] Error reading register 6507 for IP 10.30.4.128: A Modbus Exception Occurred - See Response Body
[2024-12-10T06:21:22.562Z] Error reading actual data: A Modbus Exception Occurred - See Response Body
[2024-12-10T06:21:22.563Z] Error writing to Modbus register: A Modbus Exception Occurred - See Response Body
[2024-12-10T06:21:23.564Z] Error reading or processing Modbus registers: A Modbus Exception Occurred - See Response Body
[2024-12-10T06:21:23.565Z] Error reading register 6507 for IP 10.30.4.128: A Modbus Exception Occurred - See Response Body
[2024-12-10T06:21:23.566Z] Error reading actual data: A Modbus Exception Occurred - See Response Body
[2024-12-10T06:21:23.566Z] Error writing to Modbus register: A Modbus Exception Occurred - See Response Body
[2024-12-10T06:21:24.570Z] Error reading or processing Modbus registers: A Modbus Exception Occurred - See Response Body
[2024-12-10T06:21:24.572Z] Error reading register 6507 for IP 10.30.4.128: A Modbus Exception Occurred - See Response Body
[2024-12-10T06:21:24.573Z] Error reading actual data: A Modbus Exception Occurred - See Response Body
[2024-12-10T06:21:24.574Z] Error writing to Modbus register: A Modbus Exception Occurred - See Response Body
[2024-12-10T06:21:25.581Z] Error reading or processing Modbus registers: A Modbus Exception Occurred - See Response Body
[2024-12-10T06:21:25.583Z] Error reading register 6507 for IP 10.30.4.128: A Modbus Exception Occurred - See Response Body
[2024-12-10T06:21:25.584Z] Error reading actual data: A Modbus Exception Occurred - See Response Body
[2024-12-10T06:21:25.584Z] Error writing to Modbus register: A Modbus Exception Occurred - See Response Body
[2024-12-10T06:21:26.593Z] Error reading or processing Modbus registers: A Modbus Exception Occurred - See Response Body
[2024-12-10T06:21:26.595Z] Error reading register 6507 for IP 10.30.4.128: A Modbus Exception Occurred - See Response Body
[2024-12-10T06:21:26.596Z] Error reading actual data: A Modbus Exception Occurred - See Response Body
[2024-12-10T06:21:26.596Z] Error writing to Modbus register: A Modbus Exception Occurred - See Response Body
[2024-12-10T06:21:27.607Z] Error reading or processing Modbus registers: A Modbus Exception Occurred - See Response Body
[2024-12-10T06:21:27.610Z] Error reading register 6507 for IP 10.30.4.128: A Modbus Exception Occurred - See Response Body
[2024-12-10T06:21:27.610Z] Error reading actual data: A Modbus Exception Occurred - See Response Body
[2024-12-10T06:21:27.611Z] Error writing to Modbus register: A Modbus Exception Occurred - See Response Body
[2024-12-10T06:21:28.617Z] Error reading or processing Modbus registers: A Modbus Exception Occurred - See Response Body
[2024-12-10T06:21:28.619Z] Error reading register 6507 for IP 10.30.4.128: A Modbus Exception Occurred - See Response Body
[2024-12-10T06:21:28.620Z] Error reading actual data: A Modbus Exception Occurred - See Response Body
[2024-12-10T06:21:28.620Z] Error writing to Modbus register: A Modbus Exception Occurred - See Response Body
[2024-12-10T06:21:29.630Z] Error reading or processing Modbus registers: A Modbus Exception Occurred - See Response Body
[2024-12-10T06:21:29.632Z] Error reading register 6507 for IP 10.30.4.128: A Modbus Exception Occurred - See Response Body
[2024-12-10T06:21:29.633Z] Error reading actual data: A Modbus Exception Occurred - See Response Body
[2024-12-10T06:21:29.634Z] Error writing to Modbus register: A Modbus Exception Occurred - See Response Body
[2024-12-10T06:21:30.645Z] Error reading or processing Modbus registers: A Modbus Exception Occurred - See Response Body
[2024-12-10T06:21:30.647Z] Error reading register 6507 for IP 10.30.4.128: A Modbus Exception Occurred - See Response Body
[2024-12-10T06:21:30.647Z] Error reading actual data: A Modbus Exception Occurred - See Response Body
[2024-12-10T06:21:30.648Z] Error writing to Modbus register: A Modbus Exception Occurred - See Response Body
[2024-12-10T06:21:31.655Z] Error reading or processing Modbus registers: A Modbus Exception Occurred - See Response Body
[2024-12-10T06:21:31.658Z] Error reading register 6507 for IP 10.30.4.128: A Modbus Exception Occurred - See Response Body
[2024-12-10T06:21:31.658Z] Error reading actual data: A Modbus Exception Occurred - See Response Body
[2024-12-10T06:21:31.659Z] Error writing to Modbus register: A Modbus Exception Occurred - See Response Body
[2024-12-10T06:21:32.668Z] Error reading or processing Modbus registers: A Modbus Exception Occurred - See Response Body
[2024-12-10T06:21:32.671Z] Error reading register 6507 for IP 10.30.4.128: A Modbus Exception Occurred - See Response Body
[2024-12-10T06:21:32.671Z] Error reading actual data: A Modbus Exception Occurred - See Response Body
[2024-12-10T06:21:32.672Z] Error writing to Modbus register: A Modbus Exception Occurred - See Response Body
[2024-12-10T06:21:33.679Z] Error reading or processing Modbus registers: A Modbus Exception Occurred - See Response Body
[2024-12-10T06:21:33.682Z] Error reading register 6507 for IP 10.30.4.128: A Modbus Exception Occurred - See Response Body
[2024-12-10T06:21:33.683Z] Error reading actual data: A Modbus Exception Occurred - See Response Body
[2024-12-10T06:21:33.683Z] Error writing to Modbus register: A Modbus Exception Occurred - See Response Body
[2024-12-10T06:21:34.690Z] Error reading or processing Modbus registers: A Modbus Exception Occurred - See Response Body
[2024-12-10T06:21:34.693Z] Error reading register 6507 for IP 10.30.4.128: A Modbus Exception Occurred - See Response Body
[2024-12-10T06:21:34.694Z] Error reading actual data: A Modbus Exception Occurred - See Response Body
[2024-12-10T06:21:34.694Z] Error writing to Modbus register: A Modbus Exception Occurred - See Response Body
[2024-12-10T06:21:35.701Z] Error reading or processing Modbus registers: A Modbus Exception Occurred - See Response Body
[2024-12-10T06:21:35.704Z] Error reading register 6507 for IP 10.30.4.128: A Modbus Exception Occurred - See Response Body
[2024-12-10T06:21:35.704Z] Error reading actual data: A Modbus Exception Occurred - See Response Body
[2024-12-10T06:21:35.705Z] Error writing to Modbus register: A Modbus Exception Occurred - See Response Body
[2024-12-10T06:21:36.714Z] Error reading or processing Modbus registers: A Modbus Exception Occurred - See Response Body
[2024-12-10T06:21:36.716Z] Error reading register 6507 for IP 10.30.4.128: A Modbus Exception Occurred - See Response Body
[2024-12-10T06:21:36.717Z] Error reading actual data: A Modbus Exception Occurred - See Response Body
[2024-12-10T06:21:36.718Z] Error writing to Modbus register: A Modbus Exception Occurred - See Response Body
[2024-12-10T06:21:37.726Z] Error reading or processing Modbus registers: A Modbus Exception Occurred - See Response Body
[2024-12-10T06:21:37.729Z] Error reading register 6507 for IP 10.30.4.128: A Modbus Exception Occurred - See Response Body
[2024-12-10T06:21:37.730Z] Error reading actual data: A Modbus Exception Occurred - See Response Body
[2024-12-10T06:21:37.730Z] Error writing to Modbus register: A Modbus Exception Occurred - See Response Body
[2024-12-10T06:21:38.735Z] Error reading or processing Modbus registers: A Modbus Exception Occurred - See Response Body
[2024-12-10T06:21:38.737Z] Error reading register 6507 for IP 10.30.4.128: A Modbus Exception Occurred - See Response Body
[2024-12-10T06:21:38.738Z] Error reading actual data: A Modbus Exception Occurred - See Response Body
[2024-12-10T06:21:38.739Z] Error writing to Modbus register: A Modbus Exception Occurred - See Response Body
[2024-12-10T06:21:39.748Z] Error reading or processing Modbus registers: A Modbus Exception Occurred - See Response Body
[2024-12-10T06:21:39.751Z] Error reading register 6507 for IP 10.30.4.128: A Modbus Exception Occurred - See Response Body
[2024-12-10T06:21:39.751Z] Error reading actual data: A Modbus Exception Occurred - See Response Body
[2024-12-10T06:21:39.752Z] Error writing to Modbus register: A Modbus Exception Occurred - See Response Body
[2024-12-10T06:21:40.761Z] Error reading or processing Modbus registers: A Modbus Exception Occurred - See Response Body
[2024-12-10T06:21:40.763Z] Error reading register 6507 for IP 10.30.4.128: A Modbus Exception Occurred - See Response Body
[2024-12-10T06:21:40.763Z] Error reading actual data: A Modbus Exception Occurred - See Response Body
[2024-12-10T06:21:40.764Z] Error writing to Modbus register: A Modbus Exception Occurred - See Response Body
[2024-12-10T06:21:41.773Z] Error reading or processing Modbus registers: A Modbus Exception Occurred - See Response Body
[2024-12-10T06:21:41.776Z] Error reading register 6507 for IP 10.30.4.128: A Modbus Exception Occurred - See Response Body
[2024-12-10T06:21:41.776Z] Error reading actual data: A Modbus Exception Occurred - See Response Body
[2024-12-10T06:21:41.777Z] Error writing to Modbus register: A Modbus Exception Occurred - See Response Body
[2024-12-10T06:21:42.785Z] Error reading or processing Modbus registers: A Modbus Exception Occurred - See Response Body
[2024-12-10T06:21:42.788Z] Error reading register 6507 for IP 10.30.4.128: A Modbus Exception Occurred - See Response Body
[2024-12-10T06:21:42.788Z] Error reading actual data: A Modbus Exception Occurred - See Response Body
[2024-12-10T06:21:42.789Z] Error writing to Modbus register: A Modbus Exception Occurred - See Response Body
[2024-12-10T06:21:43.795Z] Error reading or processing Modbus registers: A Modbus Exception Occurred - See Response Body
[2024-12-10T06:21:43.797Z] Error reading register 6507 for IP 10.30.4.128: A Modbus Exception Occurred - See Response Body
[2024-12-10T06:21:43.797Z] Error reading actual data: A Modbus Exception Occurred - See Response Body
[2024-12-10T06:21:43.798Z] Error writing to Modbus register: A Modbus Exception Occurred - See Response Body
[2024-12-10T06:21:44.800Z] Error reading or processing Modbus registers: A Modbus Exception Occurred - See Response Body
[2024-12-10T06:21:44.802Z] Error reading register 6507 for IP 10.30.4.128: A Modbus Exception Occurred - See Response Body
[2024-12-10T06:21:44.803Z] Error reading actual data: A Modbus Exception Occurred - See Response Body
[2024-12-10T06:21:44.804Z] Error writing to Modbus register: A Modbus Exception Occurred - See Response Body
[2024-12-10T06:21:45.813Z] Error reading or processing Modbus registers: A Modbus Exception Occurred - See Response Body
[2024-12-10T06:21:45.815Z] Error reading register 6507 for IP 10.30.4.128: A Modbus Exception Occurred - See Response Body
[2024-12-10T06:21:45.816Z] Error reading actual data: A Modbus Exception Occurred - See Response Body
[2024-12-10T06:21:45.817Z] Error writing to Modbus register: A Modbus Exception Occurred - See Response Body
[2024-12-10T06:21:46.826Z] Error reading or processing Modbus registers: A Modbus Exception Occurred - See Response Body
[2024-12-10T06:21:46.828Z] Error reading register 6507 for IP 10.30.4.128: A Modbus Exception Occurred - See Response Body
[2024-12-10T06:21:46.828Z] Error reading actual data: A Modbus Exception Occurred - See Response Body
[2024-12-10T06:21:46.829Z] Error writing to Modbus register: A Modbus Exception Occurred - See Response Body
[2024-12-10T06:21:47.840Z] Error reading or processing Modbus registers: A Modbus Exception Occurred - See Response Body
[2024-12-10T06:21:47.842Z] Error reading register 6507 for IP 10.30.4.128: A Modbus Exception Occurred - See Response Body
[2024-12-10T06:21:47.843Z] Error reading actual data: A Modbus Exception Occurred - See Response Body
[2024-12-10T06:21:47.843Z] Error writing to Modbus register: A Modbus Exception Occurred - See Response Body
[2024-12-10T06:21:48.854Z] Error reading or processing Modbus registers: A Modbus Exception Occurred - See Response Body
[2024-12-10T06:21:48.856Z] Error reading register 6507 for IP 10.30.4.128: A Modbus Exception Occurred - See Response Body
[2024-12-10T06:21:48.857Z] Error reading actual data: A Modbus Exception Occurred - See Response Body
[2024-12-10T06:21:48.857Z] Error writing to Modbus register: A Modbus Exception Occurred - See Response Body
[2024-12-10T06:21:49.867Z] Error reading or processing Modbus registers: A Modbus Exception Occurred - See Response Body
[2024-12-10T06:21:49.870Z] Error reading register 6507 for IP 10.30.4.128: A Modbus Exception Occurred - See Response Body
[2024-12-10T06:21:49.871Z] Error reading actual data: A Modbus Exception Occurred - See Response Body
[2024-12-10T06:21:49.871Z] Error writing to Modbus register: A Modbus Exception Occurred - See Response Body
[2024-12-10T06:21:50.876Z] Error reading or processing Modbus registers: A Modbus Exception Occurred - See Response Body
[2024-12-10T06:21:50.878Z] Error reading register 6507 for IP 10.30.4.128: A Modbus Exception Occurred - See Response Body
[2024-12-10T06:21:50.879Z] Error reading actual data: A Modbus Exception Occurred - See Response Body
[2024-12-10T06:21:50.879Z] Error writing to Modbus register: A Modbus Exception Occurred - See Response Body
[2024-12-10T06:21:51.891Z] Error reading or processing Modbus registers: A Modbus Exception Occurred - See Response Body
[2024-12-10T06:21:51.893Z] Error reading register 6507 for IP 10.30.4.128: A Modbus Exception Occurred - See Response Body
[2024-12-10T06:21:51.894Z] Error reading actual data: A Modbus Exception Occurred - See Response Body
[2024-12-10T06:21:51.895Z] Error writing to Modbus register: A Modbus Exception Occurred - See Response Body
[2024-12-10T06:21:52.900Z] Error reading or processing Modbus registers: A Modbus Exception Occurred - See Response Body
[2024-12-10T06:21:52.902Z] Error reading register 6507 for IP 10.30.4.128: A Modbus Exception Occurred - See Response Body
[2024-12-10T06:21:52.903Z] Error reading actual data: A Modbus Exception Occurred - See Response Body
[2024-12-10T06:21:52.904Z] Error writing to Modbus register: A Modbus Exception Occurred - See Response Body
[2024-12-10T06:21:53.910Z] Error reading or processing Modbus registers: A Modbus Exception Occurred - See Response Body
[2024-12-10T06:21:53.912Z] Error reading register 6507 for IP 10.30.4.128: A Modbus Exception Occurred - See Response Body
[2024-12-10T06:21:53.913Z] Error reading actual data: A Modbus Exception Occurred - See Response Body
[2024-12-10T06:21:53.913Z] Error writing to Modbus register: A Modbus Exception Occurred - See Response Body
[2024-12-10T06:21:54.921Z] Error reading or processing Modbus registers: A Modbus Exception Occurred - See Response Body
[2024-12-10T06:21:54.923Z] Error reading register 6507 for IP 10.30.4.128: A Modbus Exception Occurred - See Response Body
[2024-12-10T06:21:54.923Z] Error reading actual data: A Modbus Exception Occurred - See Response Body
[2024-12-10T06:21:54.924Z] Error writing to Modbus register: A Modbus Exception Occurred - See Response Body
[2024-12-10T06:21:55.933Z] Error reading or processing Modbus registers: A Modbus Exception Occurred - See Response Body
[2024-12-10T06:21:55.935Z] Error reading register 6507 for IP 10.30.4.128: A Modbus Exception Occurred - See Response Body
[2024-12-10T06:21:55.937Z] Error reading actual data: A Modbus Exception Occurred - See Response Body
[2024-12-10T06:21:55.937Z] Error writing to Modbus register: A Modbus Exception Occurred - See Response Body
[2024-12-10T06:21:56.946Z] Error reading or processing Modbus registers: A Modbus Exception Occurred - See Response Body
[2024-12-10T06:21:56.948Z] Error reading register 6507 for IP 10.30.4.128: A Modbus Exception Occurred - See Response Body
[2024-12-10T06:21:56.948Z] Error reading actual data: A Modbus Exception Occurred - See Response Body
[2024-12-10T06:21:56.949Z] Error writing to Modbus register: A Modbus Exception Occurred - See Response Body
[2024-12-10T06:21:57.951Z] Error reading or processing Modbus registers: A Modbus Exception Occurred - See Response Body
[2024-12-10T06:21:57.956Z] Error reading register 6507 for IP 10.30.4.128: A Modbus Exception Occurred - See Response Body
[2024-12-10T06:21:57.956Z] Error reading actual data: A Modbus Exception Occurred - See Response Body
[2024-12-10T06:21:57.957Z] Error writing to Modbus register: A Modbus Exception Occurred - See Response Body
[2024-12-10T06:21:58.966Z] Error reading or processing Modbus registers: A Modbus Exception Occurred - See Response Body
[2024-12-10T06:21:58.968Z] Error reading register 6507 for IP 10.30.4.128: A Modbus Exception Occurred - See Response Body
[2024-12-10T06:21:58.968Z] Error reading actual data: A Modbus Exception Occurred - See Response Body
[2024-12-10T06:21:58.969Z] Error writing to Modbus register: A Modbus Exception Occurred - See Response Body
[2024-12-10T06:21:59.977Z] Error reading or processing Modbus registers: A Modbus Exception Occurred - See Response Body
[2024-12-10T06:21:59.979Z] Error reading register 6507 for IP 10.30.4.128: A Modbus Exception Occurred - See Response Body
[2024-12-10T06:21:59.979Z] Error reading actual data: A Modbus Exception Occurred - See Response Body
[2024-12-10T06:21:59.980Z] Error writing to Modbus register: A Modbus Exception Occurred - See Response Body
[2024-12-10T06:22:00.989Z] Error reading or processing Modbus registers: A Modbus Exception Occurred - See Response Body
[2024-12-10T06:22:00.991Z] Error reading register 6507 for IP 10.30.4.128: A Modbus Exception Occurred - See Response Body
[2024-12-10T06:22:00.992Z] Error reading actual data: A Modbus Exception Occurred - See Response Body
[2024-12-10T06:22:00.992Z] Error writing to Modbus register: A Modbus Exception Occurred - See Response Body
[2024-12-10T06:22:01.999Z] Error reading or processing Modbus registers: A Modbus Exception Occurred - See Response Body
[2024-12-10T06:22:02.002Z] Error reading register 6507 for IP 10.30.4.128: A Modbus Exception Occurred - See Response Body
[2024-12-10T06:22:02.002Z] Error reading actual data: A Modbus Exception Occurred - See Response Body
[2024-12-10T06:22:02.003Z] Error writing to Modbus register: A Modbus Exception Occurred - See Response Body
[2024-12-10T06:22:03.012Z] Error reading or processing Modbus registers: A Modbus Exception Occurred - See Response Body
[2024-12-10T06:22:03.014Z] Error reading register 6507 for IP 10.30.4.128: A Modbus Exception Occurred - See Response Body
[2024-12-10T06:22:03.015Z] Error reading actual data: A Modbus Exception Occurred - See Response Body
[2024-12-10T06:22:03.015Z] Error writing to Modbus register: A Modbus Exception Occurred - See Response Body
[2024-12-10T06:22:04.025Z] Error reading or processing Modbus registers: A Modbus Exception Occurred - See Response Body
[2024-12-10T06:22:04.026Z] Error reading register 6507 for IP 10.30.4.128: A Modbus Exception Occurred - See Response Body
[2024-12-10T06:22:04.027Z] Error reading actual data: A Modbus Exception Occurred - See Response Body
[2024-12-10T06:22:04.027Z] Error writing to Modbus register: A Modbus Exception Occurred - See Response Body
[2024-12-10T06:22:05.034Z] Error reading or processing Modbus registers: A Modbus Exception Occurred - See Response Body
[2024-12-10T06:22:05.035Z] Error reading register 6507 for IP 10.30.4.128: A Modbus Exception Occurred - See Response Body
[2024-12-10T06:22:05.036Z] Error reading actual data: A Modbus Exception Occurred - See Response Body
[2024-12-10T06:22:05.036Z] Error writing to Modbus register: A Modbus Exception Occurred - See Response Body
[2024-12-10T06:22:06.048Z] Error reading or processing Modbus registers: A Modbus Exception Occurred - See Response Body
[2024-12-10T06:22:06.050Z] Error reading register 6507 for IP 10.30.4.128: A Modbus Exception Occurred - See Response Body
[2024-12-10T06:22:06.051Z] Error reading actual data: A Modbus Exception Occurred - See Response Body
[2024-12-10T06:22:06.051Z] Error writing to Modbus register: A Modbus Exception Occurred - See Response Body
[2024-12-10T06:22:07.062Z] Error reading or processing Modbus registers: A Modbus Exception Occurred - See Response Body
[2024-12-10T06:22:07.064Z] Error reading register 6507 for IP 10.30.4.128: A Modbus Exception Occurred - See Response Body
[2024-12-10T06:22:07.065Z] Error reading actual data: A Modbus Exception Occurred - See Response Body
[2024-12-10T06:22:07.065Z] Error writing to Modbus register: A Modbus Exception Occurred - See Response Body
[2024-12-10T06:22:08.076Z] Error reading or processing Modbus registers: A Modbus Exception Occurred - See Response Body
[2024-12-10T06:22:08.079Z] Error reading register 6507 for IP 10.30.4.128: A Modbus Exception Occurred - See Response Body
[2024-12-10T06:22:08.079Z] Error reading actual data: A Modbus Exception Occurred - See Response Body
[2024-12-10T06:22:08.080Z] Error writing to Modbus register: A Modbus Exception Occurred - See Response Body
[2024-12-10T06:22:09.086Z] Error reading or processing Modbus registers: A Modbus Exception Occurred - See Response Body
[2024-12-10T06:22:09.089Z] Error reading register 6507 for IP 10.30.4.128: A Modbus Exception Occurred - See Response Body
[2024-12-10T06:22:09.089Z] Error reading actual data: A Modbus Exception Occurred - See Response Body
[2024-12-10T06:22:09.090Z] Error writing to Modbus register: A Modbus Exception Occurred - See Response Body
[2024-12-10T06:22:10.098Z] Error reading or processing Modbus registers: A Modbus Exception Occurred - See Response Body
[2024-12-10T06:22:10.101Z] Error reading register 6507 for IP 10.30.4.128: A Modbus Exception Occurred - See Response Body
[2024-12-10T06:22:10.101Z] Error reading actual data: A Modbus Exception Occurred - See Response Body
[2024-12-10T06:22:10.102Z] Error writing to Modbus register: A Modbus Exception Occurred - See Response Body
[2024-12-10T06:22:11.109Z] Error reading or processing Modbus registers: A Modbus Exception Occurred - See Response Body
[2024-12-10T06:22:11.112Z] Error reading register 6507 for IP 10.30.4.128: A Modbus Exception Occurred - See Response Body
[2024-12-10T06:22:11.113Z] Error reading actual data: A Modbus Exception Occurred - See Response Body
[2024-12-10T06:22:11.113Z] Error writing to Modbus register: A Modbus Exception Occurred - See Response Body
[2024-12-10T06:22:12.122Z] Error reading or processing Modbus registers: A Modbus Exception Occurred - See Response Body
[2024-12-10T06:22:12.125Z] Error reading register 6507 for IP 10.30.4.128: A Modbus Exception Occurred - See Response Body
[2024-12-10T06:22:12.125Z] Error reading actual data: A Modbus Exception Occurred - See Response Body
[2024-12-10T06:22:12.126Z] Error writing to Modbus register: A Modbus Exception Occurred - See Response Body
[2024-12-10T06:22:13.133Z] Error reading or processing Modbus registers: A Modbus Exception Occurred - See Response Body
[2024-12-10T06:22:13.135Z] Error reading register 6507 for IP 10.30.4.128: A Modbus Exception Occurred - See Response Body
[2024-12-10T06:22:13.136Z] Error reading actual data: A Modbus Exception Occurred - See Response Body
[2024-12-10T06:22:13.136Z] Error writing to Modbus register: A Modbus Exception Occurred - See Response Body
[2024-12-10T06:22:14.145Z] Error reading or processing Modbus registers: A Modbus Exception Occurred - See Response Body
[2024-12-10T06:22:14.147Z] Error reading register 6507 for IP 10.30.4.128: A Modbus Exception Occurred - See Response Body
[2024-12-10T06:22:14.148Z] Error reading actual data: A Modbus Exception Occurred - See Response Body
[2024-12-10T06:22:14.149Z] Error writing to Modbus register: A Modbus Exception Occurred - See Response Body
[2024-12-10T06:22:15.157Z] Error reading or processing Modbus registers: A Modbus Exception Occurred - See Response Body
[2024-12-10T06:22:15.159Z] Error reading register 6507 for IP 10.30.4.128: A Modbus Exception Occurred - See Response Body
[2024-12-10T06:22:15.160Z] Error reading actual data: A Modbus Exception Occurred - See Response Body
[2024-12-10T06:22:15.160Z] Error writing to Modbus register: A Modbus Exception Occurred - See Response Body
[2024-12-10T06:22:16.165Z] Error reading or processing Modbus registers: A Modbus Exception Occurred - See Response Body
[2024-12-10T06:22:16.168Z] Error reading register 6507 for IP 10.30.4.128: A Modbus Exception Occurred - See Response Body
[2024-12-10T06:22:16.168Z] Error reading actual data: A Modbus Exception Occurred - See Response Body
[2024-12-10T06:22:16.169Z] Error writing to Modbus register: A Modbus Exception Occurred - See Response Body
[2024-12-10T06:22:17.170Z] Error reading or processing Modbus registers: A Modbus Exception Occurred - See Response Body
[2024-12-10T06:22:17.173Z] Error reading register 6507 for IP 10.30.4.128: A Modbus Exception Occurred - See Response Body
[2024-12-10T06:22:17.173Z] Error reading actual data: A Modbus Exception Occurred - See Response Body
[2024-12-10T06:22:17.174Z] Error writing to Modbus register: A Modbus Exception Occurred - See Response Body
[2024-12-10T06:22:18.183Z] Error reading or processing Modbus registers: A Modbus Exception Occurred - See Response Body
[2024-12-10T06:22:18.186Z] Error reading register 6507 for IP 10.30.4.128: A Modbus Exception Occurred - See Response Body
[2024-12-10T06:22:18.186Z] Error reading actual data: A Modbus Exception Occurred - See Response Body
[2024-12-10T06:22:18.187Z] Error writing to Modbus register: A Modbus Exception Occurred - See Response Body
[2024-12-10T06:22:19.184Z] Error reading or processing Modbus registers: A Modbus Exception Occurred - See Response Body
[2024-12-10T06:22:19.186Z] Error reading register 6507 for IP 10.30.4.128: A Modbus Exception Occurred - See Response Body
[2024-12-10T06:22:19.186Z] Error reading actual data: A Modbus Exception Occurred - See Response Body
[2024-12-10T06:22:19.187Z] Error writing to Modbus register: A Modbus Exception Occurred - See Response Body
[2024-12-10T06:22:20.196Z] Error reading or processing Modbus registers: A Modbus Exception Occurred - See Response Body
[2024-12-10T06:22:20.198Z] Error reading register 6507 for IP 10.30.4.128: A Modbus Exception Occurred - See Response Body
[2024-12-10T06:22:20.199Z] Error reading actual data: A Modbus Exception Occurred - See Response Body
[2024-12-10T06:22:20.199Z] Error writing to Modbus register: A Modbus Exception Occurred - See Response Body
[2024-12-10T06:22:21.207Z] Error reading or processing Modbus registers: A Modbus Exception Occurred - See Response Body
[2024-12-10T06:22:21.209Z] Error reading register 6507 for IP 10.30.4.128: A Modbus Exception Occurred - See Response Body
[2024-12-10T06:22:21.210Z] Error reading actual data: A Modbus Exception Occurred - See Response Body
[2024-12-10T06:22:21.210Z] Error writing to Modbus register: A Modbus Exception Occurred - See Response Body
[2024-12-10T06:22:22.221Z] Error reading or processing Modbus registers: A Modbus Exception Occurred - See Response Body
[2024-12-10T06:22:22.222Z] Error reading register 6507 for IP 10.30.4.128: A Modbus Exception Occurred - See Response Body
[2024-12-10T06:22:22.223Z] Error reading actual data: A Modbus Exception Occurred - See Response Body
[2024-12-10T06:22:22.224Z] Error writing to Modbus register: A Modbus Exception Occurred - See Response Body
[2024-12-10T06:22:23.232Z] Error reading or processing Modbus registers: A Modbus Exception Occurred - See Response Body
[2024-12-10T06:22:23.234Z] Error reading register 6507 for IP 10.30.4.128: A Modbus Exception Occurred - See Response Body
[2024-12-10T06:22:23.234Z] Error reading actual data: A Modbus Exception Occurred - See Response Body
[2024-12-10T06:22:23.235Z] Error writing to Modbus register: A Modbus Exception Occurred - See Response Body
[2024-12-10T06:22:24.243Z] Error reading or processing Modbus registers: A Modbus Exception Occurred - See Response Body
[2024-12-10T06:22:24.245Z] Error reading register 6507 for IP 10.30.4.128: A Modbus Exception Occurred - See Response Body
[2024-12-10T06:22:24.245Z] Error reading actual data: A Modbus Exception Occurred - See Response Body
[2024-12-10T06:22:24.246Z] Error writing to Modbus register: A Modbus Exception Occurred - See Response Body
[2024-12-10T06:22:25.257Z] Error reading or processing Modbus registers: A Modbus Exception Occurred - See Response Body
[2024-12-10T06:22:25.259Z] Error reading register 6507 for IP 10.30.4.128: A Modbus Exception Occurred - See Response Body
[2024-12-10T06:22:25.260Z] Error reading actual data: A Modbus Exception Occurred - See Response Body
[2024-12-10T06:22:25.261Z] Error writing to Modbus register: A Modbus Exception Occurred - See Response Body
[2024-12-10T06:22:26.272Z] Error reading or processing Modbus registers: A Modbus Exception Occurred - See Response Body
[2024-12-10T06:22:26.275Z] Error reading register 6507 for IP 10.30.4.128: A Modbus Exception Occurred - See Response Body
[2024-12-10T06:22:26.275Z] Error reading actual data: A Modbus Exception Occurred - See Response Body
[2024-12-10T06:22:26.276Z] Error writing to Modbus register: A Modbus Exception Occurred - See Response Body
[2024-12-10T06:22:27.284Z] Error reading or processing Modbus registers: A Modbus Exception Occurred - See Response Body
[2024-12-10T06:22:27.286Z] Error reading register 6507 for IP 10.30.4.128: A Modbus Exception Occurred - See Response Body
[2024-12-10T06:22:27.287Z] Error reading actual data: A Modbus Exception Occurred - See Response Body
[2024-12-10T06:22:27.288Z] Error writing to Modbus register: A Modbus Exception Occurred - See Response Body
[2024-12-10T06:22:28.299Z] Error reading or processing Modbus registers: A Modbus Exception Occurred - See Response Body
[2024-12-10T06:22:28.301Z] Error reading register 6507 for IP 10.30.4.128: A Modbus Exception Occurred - See Response Body
[2024-12-10T06:22:28.302Z] Error reading actual data: A Modbus Exception Occurred - See Response Body
[2024-12-10T06:22:28.303Z] Error writing to Modbus register: A Modbus Exception Occurred - See Response Body
[2024-12-10T06:22:29.311Z] Error reading or processing Modbus registers: A Modbus Exception Occurred - See Response Body
[2024-12-10T06:22:29.313Z] Error reading register 6507 for IP 10.30.4.128: A Modbus Exception Occurred - See Response Body
[2024-12-10T06:22:29.314Z] Error reading actual data: A Modbus Exception Occurred - See Response Body
[2024-12-10T06:22:29.314Z] Error writing to Modbus register: A Modbus Exception Occurred - See Response Body
[2024-12-10T06:22:30.321Z] Error reading or processing Modbus registers: A Modbus Exception Occurred - See Response Body
[2024-12-10T06:22:30.323Z] Error reading register 6507 for IP 10.30.4.128: A Modbus Exception Occurred - See Response Body
[2024-12-10T06:22:30.324Z] Error reading actual data: A Modbus Exception Occurred - See Response Body
[2024-12-10T06:22:30.324Z] Error writing to Modbus register: A Modbus Exception Occurred - See Response Body
[2024-12-10T06:22:31.321Z] Error reading or processing Modbus registers: A Modbus Exception Occurred - See Response Body
[2024-12-10T06:22:31.323Z] Error reading register 6507 for IP 10.30.4.128: A Modbus Exception Occurred - See Response Body
[2024-12-10T06:22:31.323Z] Error reading actual data: A Modbus Exception Occurred - See Response Body
[2024-12-10T06:22:31.324Z] Error writing to Modbus register: A Modbus Exception Occurred - See Response Body
[2024-12-10T06:22:32.330Z] Error reading or processing Modbus registers: A Modbus Exception Occurred - See Response Body
[2024-12-10T06:22:32.332Z] Error reading register 6507 for IP 10.30.4.128: A Modbus Exception Occurred - See Response Body
[2024-12-10T06:22:32.332Z] Error reading actual data: A Modbus Exception Occurred - See Response Body
[2024-12-10T06:22:32.333Z] Error writing to Modbus register: A Modbus Exception Occurred - See Response Body
[2024-12-10T06:22:33.344Z] Error reading or processing Modbus registers: A Modbus Exception Occurred - See Response Body
[2024-12-10T06:22:33.346Z] Error reading register 6507 for IP 10.30.4.128: A Modbus Exception Occurred - See Response Body
[2024-12-10T06:22:33.347Z] Error reading actual data: A Modbus Exception Occurred - See Response Body
[2024-12-10T06:22:33.348Z] Error writing to Modbus register: A Modbus Exception Occurred - See Response Body
[2024-12-10T06:22:34.356Z] Error reading or processing Modbus registers: A Modbus Exception Occurred - See Response Body
[2024-12-10T06:22:34.358Z] Error reading register 6507 for IP 10.30.4.128: A Modbus Exception Occurred - See Response Body
[2024-12-10T06:22:34.358Z] Error reading actual data: A Modbus Exception Occurred - See Response Body
[2024-12-10T06:22:34.359Z] Error writing to Modbus register: A Modbus Exception Occurred - See Response Body
[2024-12-10T06:22:35.367Z] Error reading or processing Modbus registers: A Modbus Exception Occurred - See Response Body
[2024-12-10T06:22:35.369Z] Error reading register 6507 for IP 10.30.4.128: A Modbus Exception Occurred - See Response Body
[2024-12-10T06:22:35.376Z] Error reading actual data: A Modbus Exception Occurred - See Response Body
[2024-12-10T06:22:35.377Z] Error writing to Modbus register: A Modbus Exception Occurred - See Response Body
[2024-12-10T06:22:36.379Z] Error reading or processing Modbus registers: A Modbus Exception Occurred - See Response Body
[2024-12-10T06:22:36.381Z] Error reading register 6507 for IP 10.30.4.128: A Modbus Exception Occurred - See Response Body
[2024-12-10T06:22:36.382Z] Error reading actual data: A Modbus Exception Occurred - See Response Body
[2024-12-10T06:22:36.382Z] Error writing to Modbus register: A Modbus Exception Occurred - See Response Body
[2024-12-10T06:22:37.391Z] Error reading or processing Modbus registers: A Modbus Exception Occurred - See Response Body
[2024-12-10T06:22:37.393Z] Error reading register 6507 for IP 10.30.4.128: A Modbus Exception Occurred - See Response Body
[2024-12-10T06:22:37.393Z] Error reading actual data: A Modbus Exception Occurred - See Response Body
[2024-12-10T06:22:37.394Z] Error writing to Modbus register: A Modbus Exception Occurred - See Response Body
[2024-12-10T06:22:38.402Z] Error reading or processing Modbus registers: A Modbus Exception Occurred - See Response Body
[2024-12-10T06:22:38.404Z] Error reading register 6507 for IP 10.30.4.128: A Modbus Exception Occurred - See Response Body
[2024-12-10T06:22:38.405Z] Error reading actual data: A Modbus Exception Occurred - See Response Body
[2024-12-10T06:22:38.405Z] Error writing to Modbus register: A Modbus Exception Occurred - See Response Body
[2024-12-10T06:22:39.415Z] Error reading or processing Modbus registers: A Modbus Exception Occurred - See Response Body
[2024-12-10T06:22:39.417Z] Error reading register 6507 for IP 10.30.4.128: A Modbus Exception Occurred - See Response Body
[2024-12-10T06:22:39.417Z] Error reading actual data: A Modbus Exception Occurred - See Response Body
[2024-12-10T06:22:39.418Z] Error writing to Modbus register: A Modbus Exception Occurred - See Response Body
[2024-12-10T06:22:40.428Z] Error reading or processing Modbus registers: A Modbus Exception Occurred - See Response Body
[2024-12-10T06:22:40.431Z] Error reading register 6507 for IP 10.30.4.128: A Modbus Exception Occurred - See Response Body
[2024-12-10T06:22:40.431Z] Error reading actual data: A Modbus Exception Occurred - See Response Body
[2024-12-10T06:22:40.431Z] Error writing to Modbus register: A Modbus Exception Occurred - See Response Body
[2024-12-10T06:22:41.442Z] Error reading or processing Modbus registers: A Modbus Exception Occurred - See Response Body
[2024-12-10T06:22:41.445Z] Error reading register 6507 for IP 10.30.4.128: A Modbus Exception Occurred - See Response Body
[2024-12-10T06:22:41.445Z] Error reading actual data: A Modbus Exception Occurred - See Response Body
[2024-12-10T06:22:41.446Z] Error writing to Modbus register: A Modbus Exception Occurred - See Response Body
[2024-12-10T06:22:42.455Z] Error reading or processing Modbus registers: A Modbus Exception Occurred - See Response Body
[2024-12-10T06:22:42.457Z] Error reading register 6507 for IP 10.30.4.128: A Modbus Exception Occurred - See Response Body
[2024-12-10T06:22:42.457Z] Error reading actual data: A Modbus Exception Occurred - See Response Body
[2024-12-10T06:22:42.458Z] Error writing to Modbus register: A Modbus Exception Occurred - See Response Body
[2024-12-10T06:22:43.466Z] Error reading or processing Modbus registers: A Modbus Exception Occurred - See Response Body
[2024-12-10T06:22:43.468Z] Error reading register 6507 for IP 10.30.4.128: A Modbus Exception Occurred - See Response Body
[2024-12-10T06:22:43.469Z] Error reading actual data: A Modbus Exception Occurred - See Response Body
[2024-12-10T06:22:43.469Z] Error writing to Modbus register: A Modbus Exception Occurred - See Response Body
[2024-12-10T06:22:44.476Z] Error reading or processing Modbus registers: A Modbus Exception Occurred - See Response Body
[2024-12-10T06:22:44.479Z] Error reading register 6507 for IP 10.30.4.128: A Modbus Exception Occurred - See Response Body
[2024-12-10T06:22:44.479Z] Error reading actual data: A Modbus Exception Occurred - See Response Body
[2024-12-10T06:22:44.480Z] Error writing to Modbus register: A Modbus Exception Occurred - See Response Body
[2024-12-10T06:22:45.488Z] Error reading or processing Modbus registers: A Modbus Exception Occurred - See Response Body
[2024-12-10T06:22:45.491Z] Error reading register 6507 for IP 10.30.4.128: A Modbus Exception Occurred - See Response Body
[2024-12-10T06:22:45.492Z] Error reading actual data: A Modbus Exception Occurred - See Response Body
[2024-12-10T06:22:45.492Z] Error writing to Modbus register: A Modbus Exception Occurred - See Response Body
[2024-12-10T06:22:46.499Z] Error reading or processing Modbus registers: A Modbus Exception Occurred - See Response Body
[2024-12-10T06:22:46.501Z] Error reading register 6507 for IP 10.30.4.128: A Modbus Exception Occurred - See Response Body
[2024-12-10T06:22:46.502Z] Error reading actual data: A Modbus Exception Occurred - See Response Body
[2024-12-10T06:22:46.502Z] Error writing to Modbus register: A Modbus Exception Occurred - See Response Body
[2024-12-10T06:22:47.515Z] Error reading or processing Modbus registers: A Modbus Exception Occurred - See Response Body
[2024-12-10T06:22:47.517Z] Error reading register 6507 for IP 10.30.4.128: A Modbus Exception Occurred - See Response Body
[2024-12-10T06:22:47.518Z] Error reading actual data: A Modbus Exception Occurred - See Response Body
[2024-12-10T06:22:47.519Z] Error writing to Modbus register: A Modbus Exception Occurred - See Response Body
[2024-12-10T06:22:48.525Z] Error reading or processing Modbus registers: A Modbus Exception Occurred - See Response Body
[2024-12-10T06:22:48.527Z] Error reading register 6507 for IP 10.30.4.128: A Modbus Exception Occurred - See Response Body
[2024-12-10T06:22:48.528Z] Error reading actual data: A Modbus Exception Occurred - See Response Body
[2024-12-10T06:22:48.528Z] Error writing to Modbus register: A Modbus Exception Occurred - See Response Body
[2024-12-10T06:22:49.526Z] Error reading or processing Modbus registers: A Modbus Exception Occurred - See Response Body
[2024-12-10T06:22:49.528Z] Error reading register 6507 for IP 10.30.4.128: A Modbus Exception Occurred - See Response Body
[2024-12-10T06:22:49.528Z] Error reading actual data: A Modbus Exception Occurred - See Response Body
[2024-12-10T06:22:49.529Z] Error writing to Modbus register: A Modbus Exception Occurred - See Response Body
[2024-12-10T06:22:50.535Z] Error reading or processing Modbus registers: A Modbus Exception Occurred - See Response Body
[2024-12-10T06:22:50.537Z] Error reading register 6507 for IP 10.30.4.128: A Modbus Exception Occurred - See Response Body
[2024-12-10T06:22:50.539Z] Error writing to Modbus register: A Modbus Exception Occurred - See Response Body
[2024-12-10T06:22:50.538Z] Error reading actual data: A Modbus Exception Occurred - See Response Body
[2024-12-10T06:22:51.550Z] Error reading or processing Modbus registers: A Modbus Exception Occurred - See Response Body
[2024-12-10T06:22:51.552Z] Error reading register 6507 for IP 10.30.4.128: A Modbus Exception Occurred - See Response Body
[2024-12-10T06:22:51.553Z] Error reading actual data: A Modbus Exception Occurred - See Response Body
[2024-12-10T06:22:51.554Z] Error writing to Modbus register: A Modbus Exception Occurred - See Response Body
[2024-12-10T06:22:52.561Z] Error reading or processing Modbus registers: A Modbus Exception Occurred - See Response Body
[2024-12-10T06:22:52.563Z] Error reading register 6507 for IP 10.30.4.128: A Modbus Exception Occurred - See Response Body
[2024-12-10T06:22:52.564Z] Error reading actual data: A Modbus Exception Occurred - See Response Body
[2024-12-10T06:22:52.564Z] Error writing to Modbus register: A Modbus Exception Occurred - See Response Body
[2024-12-10T06:22:53.575Z] Error reading or processing Modbus registers: A Modbus Exception Occurred - See Response Body
[2024-12-10T06:22:53.577Z] Error reading register 6507 for IP 10.30.4.128: A Modbus Exception Occurred - See Response Body
[2024-12-10T06:22:53.578Z] Error reading actual data: A Modbus Exception Occurred - See Response Body
[2024-12-10T06:22:53.579Z] Error writing to Modbus register: A Modbus Exception Occurred - See Response Body
[2024-12-10T06:22:54.589Z] Error reading or processing Modbus registers: A Modbus Exception Occurred - See Response Body
[2024-12-10T06:22:54.592Z] Error reading register 6507 for IP 10.30.4.128: A Modbus Exception Occurred - See Response Body
[2024-12-10T06:22:54.592Z] Error reading actual data: A Modbus Exception Occurred - See Response Body
[2024-12-10T06:22:54.593Z] Error writing to Modbus register: A Modbus Exception Occurred - See Response Body
[2024-12-10T06:22:55.604Z] Error reading or processing Modbus registers: A Modbus Exception Occurred - See Response Body
[2024-12-10T06:22:55.606Z] Error reading register 6507 for IP 10.30.4.128: A Modbus Exception Occurred - See Response Body
[2024-12-10T06:22:55.606Z] Error reading actual data: A Modbus Exception Occurred - See Response Body
[2024-12-10T06:22:55.607Z] Error writing to Modbus register: A Modbus Exception Occurred - See Response Body
[2024-12-10T06:22:56.618Z] Error reading or processing Modbus registers: A Modbus Exception Occurred - See Response Body
[2024-12-10T06:22:56.620Z] Error reading register 6507 for IP 10.30.4.128: A Modbus Exception Occurred - See Response Body
[2024-12-10T06:22:56.621Z] Error reading actual data: A Modbus Exception Occurred - See Response Body
[2024-12-10T06:22:56.622Z] Error writing to Modbus register: A Modbus Exception Occurred - See Response Body
[2024-12-10T06:22:57.631Z] Error reading or processing Modbus registers: A Modbus Exception Occurred - See Response Body
[2024-12-10T06:22:57.633Z] Error reading register 6507 for IP 10.30.4.128: A Modbus Exception Occurred - See Response Body
[2024-12-10T06:22:57.634Z] Error reading actual data: A Modbus Exception Occurred - See Response Body
[2024-12-10T06:22:57.634Z] Error writing to Modbus register: A Modbus Exception Occurred - See Response Body
[2024-12-10T06:22:58.645Z] Error reading or processing Modbus registers: A Modbus Exception Occurred - See Response Body
[2024-12-10T06:22:58.648Z] Error reading register 6507 for IP 10.30.4.128: A Modbus Exception Occurred - See Response Body
[2024-12-10T06:22:58.649Z] Error reading actual data: A Modbus Exception Occurred - See Response Body
[2024-12-10T06:22:58.649Z] Error writing to Modbus register: A Modbus Exception Occurred - See Response Body
[2024-12-10T06:22:59.659Z] Error reading or processing Modbus registers: A Modbus Exception Occurred - See Response Body
[2024-12-10T06:22:59.661Z] Error reading register 6507 for IP 10.30.4.128: A Modbus Exception Occurred - See Response Body
[2024-12-10T06:22:59.663Z] Error reading actual data: A Modbus Exception Occurred - See Response Body
[2024-12-10T06:22:59.664Z] Error writing to Modbus register: A Modbus Exception Occurred - See Response Body
[2024-12-10T06:23:00.670Z] Error reading or processing Modbus registers: A Modbus Exception Occurred - See Response Body
[2024-12-10T06:23:00.673Z] Error reading register 6507 for IP 10.30.4.128: A Modbus Exception Occurred - See Response Body
[2024-12-10T06:23:00.673Z] Error reading actual data: A Modbus Exception Occurred - See Response Body
[2024-12-10T06:23:00.674Z] Error writing to Modbus register: A Modbus Exception Occurred - See Response Body
[2024-12-10T06:23:01.675Z] Error reading or processing Modbus registers: A Modbus Exception Occurred - See Response Body
[2024-12-10T06:23:01.677Z] Error reading register 6507 for IP 10.30.4.128: A Modbus Exception Occurred - See Response Body
[2024-12-10T06:23:01.678Z] Error reading actual data: A Modbus Exception Occurred - See Response Body
[2024-12-10T06:23:01.679Z] Error writing to Modbus register: A Modbus Exception Occurred - See Response Body
[2024-12-10T06:23:02.676Z] Error reading or processing Modbus registers: A Modbus Exception Occurred - See Response Body
[2024-12-10T06:23:02.679Z] Error reading register 6507 for IP 10.30.4.128: A Modbus Exception Occurred - See Response Body
[2024-12-10T06:23:02.680Z] Error reading actual data: A Modbus Exception Occurred - See Response Body
[2024-12-10T06:23:02.680Z] Error writing to Modbus register: A Modbus Exception Occurred - See Response Body
[2024-12-10T06:23:03.690Z] Error reading or processing Modbus registers: A Modbus Exception Occurred - See Response Body
[2024-12-10T06:23:03.692Z] Error reading register 6507 for IP 10.30.4.128: A Modbus Exception Occurred - See Response Body
[2024-12-10T06:23:03.693Z] Error reading actual data: A Modbus Exception Occurred - See Response Body
[2024-12-10T06:23:03.694Z] Error writing to Modbus register: A Modbus Exception Occurred - See Response Body
[2024-12-10T06:23:04.700Z] Error reading or processing Modbus registers: A Modbus Exception Occurred - See Response Body
[2024-12-10T06:23:04.705Z] Error reading register 6507 for IP 10.30.4.128: A Modbus Exception Occurred - See Response Body
[2024-12-10T06:23:04.706Z] Error reading actual data: A Modbus Exception Occurred - See Response Body
[2024-12-10T06:23:04.706Z] Error writing to Modbus register: A Modbus Exception Occurred - See Response Body
[2024-12-10T06:23:05.715Z] Error reading or processing Modbus registers: A Modbus Exception Occurred - See Response Body
[2024-12-10T06:23:05.717Z] Error reading register 6507 for IP 10.30.4.128: A Modbus Exception Occurred - See Response Body
[2024-12-10T06:23:05.717Z] Error reading actual data: A Modbus Exception Occurred - See Response Body
[2024-12-10T06:23:05.718Z] Error writing to Modbus register: A Modbus Exception Occurred - See Response Body
[2024-12-10T06:23:06.728Z] Error reading or processing Modbus registers: A Modbus Exception Occurred - See Response Body
[2024-12-10T06:23:06.730Z] Error reading register 6507 for IP 10.30.4.128: A Modbus Exception Occurred - See Response Body
[2024-12-10T06:23:06.731Z] Error reading actual data: A Modbus Exception Occurred - See Response Body
[2024-12-10T06:23:06.732Z] Error writing to Modbus register: A Modbus Exception Occurred - See Response Body
[2024-12-10T06:23:07.741Z] Error reading or processing Modbus registers: A Modbus Exception Occurred - See Response Body
[2024-12-10T06:23:07.744Z] Error reading register 6507 for IP 10.30.4.128: A Modbus Exception Occurred - See Response Body
[2024-12-10T06:23:07.744Z] Error reading actual data: A Modbus Exception Occurred - See Response Body
[2024-12-10T06:23:07.745Z] Error writing to Modbus register: A Modbus Exception Occurred - See Response Body
[2024-12-10T06:23:08.757Z] Error reading or processing Modbus registers: A Modbus Exception Occurred - See Response Body
[2024-12-10T06:23:08.759Z] Error reading register 6507 for IP 10.30.4.128: A Modbus Exception Occurred - See Response Body
[2024-12-10T06:23:08.760Z] Error reading actual data: A Modbus Exception Occurred - See Response Body
[2024-12-10T06:23:08.760Z] Error writing to Modbus register: A Modbus Exception Occurred - See Response Body
[2024-12-10T06:23:09.769Z] Error reading or processing Modbus registers: A Modbus Exception Occurred - See Response Body
[2024-12-10T06:23:09.771Z] Error reading register 6507 for IP 10.30.4.128: A Modbus Exception Occurred - See Response Body
[2024-12-10T06:23:09.772Z] Error reading actual data: A Modbus Exception Occurred - See Response Body
[2024-12-10T06:23:09.773Z] Error writing to Modbus register: A Modbus Exception Occurred - See Response Body
[2024-12-10T06:23:10.784Z] Error reading or processing Modbus registers: A Modbus Exception Occurred - See Response Body
[2024-12-10T06:23:10.787Z] Error reading register 6507 for IP 10.30.4.128: A Modbus Exception Occurred - See Response Body
[2024-12-10T06:23:10.788Z] Error reading actual data: A Modbus Exception Occurred - See Response Body
[2024-12-10T06:23:10.788Z] Error writing to Modbus register: A Modbus Exception Occurred - See Response Body
[2024-12-10T06:23:11.797Z] Error reading or processing Modbus registers: A Modbus Exception Occurred - See Response Body
[2024-12-10T06:23:11.799Z] Error reading register 6507 for IP 10.30.4.128: A Modbus Exception Occurred - See Response Body
[2024-12-10T06:23:11.799Z] Error reading actual data: A Modbus Exception Occurred - See Response Body
[2024-12-10T06:23:11.800Z] Error writing to Modbus register: A Modbus Exception Occurred - See Response Body
[2024-12-10T06:23:12.797Z] Error reading or processing Modbus registers: A Modbus Exception Occurred - See Response Body
[2024-12-10T06:23:12.799Z] Error reading register 6507 for IP 10.30.4.128: A Modbus Exception Occurred - See Response Body
[2024-12-10T06:23:12.800Z] Error reading actual data: A Modbus Exception Occurred - See Response Body
[2024-12-10T06:23:12.801Z] Error writing to Modbus register: A Modbus Exception Occurred - See Response Body
[2024-12-10T06:23:13.798Z] Error reading or processing Modbus registers: A Modbus Exception Occurred - See Response Body
[2024-12-10T06:23:13.800Z] Error reading register 6507 for IP 10.30.4.128: A Modbus Exception Occurred - See Response Body
[2024-12-10T06:23:13.801Z] Error reading actual data: A Modbus Exception Occurred - See Response Body
[2024-12-10T06:23:13.801Z] Error writing to Modbus register: A Modbus Exception Occurred - See Response Body
[2024-12-10T06:23:14.810Z] Error reading or processing Modbus registers: A Modbus Exception Occurred - See Response Body
[2024-12-10T06:23:14.813Z] Error reading register 6507 for IP 10.30.4.128: A Modbus Exception Occurred - See Response Body
[2024-12-10T06:23:14.813Z] Error reading actual data: A Modbus Exception Occurred - See Response Body
[2024-12-10T06:23:14.814Z] Error writing to Modbus register: A Modbus Exception Occurred - See Response Body
[2024-12-10T06:23:15.824Z] Error reading or processing Modbus registers: A Modbus Exception Occurred - See Response Body
[2024-12-10T06:23:15.827Z] Error reading register 6507 for IP 10.30.4.128: A Modbus Exception Occurred - See Response Body
[2024-12-10T06:23:15.828Z] Error reading actual data: A Modbus Exception Occurred - See Response Body
[2024-12-10T06:23:15.828Z] Error writing to Modbus register: A Modbus Exception Occurred - See Response Body
[2024-12-10T06:23:16.837Z] Error reading or processing Modbus registers: A Modbus Exception Occurred - See Response Body
[2024-12-10T06:23:16.840Z] Error reading register 6507 for IP 10.30.4.128: A Modbus Exception Occurred - See Response Body
[2024-12-10T06:23:16.840Z] Error reading actual data: A Modbus Exception Occurred - See Response Body
[2024-12-10T06:23:16.841Z] Error writing to Modbus register: A Modbus Exception Occurred - See Response Body
[2024-12-10T06:23:17.838Z] Error reading or processing Modbus registers: A Modbus Exception Occurred - See Response Body
[2024-12-10T06:23:17.841Z] Error reading register 6507 for IP 10.30.4.128: A Modbus Exception Occurred - See Response Body
[2024-12-10T06:23:17.841Z] Error reading actual data: A Modbus Exception Occurred - See Response Body
[2024-12-10T06:23:17.842Z] Error writing to Modbus register: A Modbus Exception Occurred - See Response Body
[2024-12-10T06:23:18.839Z] Error reading or processing Modbus registers: A Modbus Exception Occurred - See Response Body
[2024-12-10T06:23:18.841Z] Error reading register 6507 for IP 10.30.4.128: A Modbus Exception Occurred - See Response Body
[2024-12-10T06:23:18.842Z] Error reading actual data: A Modbus Exception Occurred - See Response Body
[2024-12-10T06:23:18.842Z] Error writing to Modbus register: A Modbus Exception Occurred - See Response Body
[2024-12-10T06:23:19.854Z] Error reading or processing Modbus registers: A Modbus Exception Occurred - See Response Body
[2024-12-10T06:23:19.856Z] Error reading register 6507 for IP 10.30.4.128: A Modbus Exception Occurred - See Response Body
[2024-12-10T06:23:19.857Z] Error reading actual data: A Modbus Exception Occurred - See Response Body
[2024-12-10T06:23:19.857Z] Error writing to Modbus register: A Modbus Exception Occurred - See Response Body
[2024-12-10T06:23:20.868Z] Error reading or processing Modbus registers: A Modbus Exception Occurred - See Response Body
[2024-12-10T06:23:20.871Z] Error reading register 6507 for IP 10.30.4.128: A Modbus Exception Occurred - See Response Body
[2024-12-10T06:23:20.872Z] Error reading actual data: A Modbus Exception Occurred - See Response Body
[2024-12-10T06:23:20.873Z] Error writing to Modbus register: A Modbus Exception Occurred - See Response Body
[2024-12-10T06:23:21.881Z] Error reading or processing Modbus registers: A Modbus Exception Occurred - See Response Body
[2024-12-10T06:23:21.883Z] Error reading register 6507 for IP 10.30.4.128: A Modbus Exception Occurred - See Response Body
[2024-12-10T06:23:21.884Z] Error reading actual data: A Modbus Exception Occurred - See Response Body
[2024-12-10T06:23:21.884Z] Error writing to Modbus register: A Modbus Exception Occurred - See Response Body
[2024-12-10T06:23:22.894Z] Error reading or processing Modbus registers: A Modbus Exception Occurred - See Response Body
[2024-12-10T06:23:22.897Z] Error reading register 6507 for IP 10.30.4.128: A Modbus Exception Occurred - See Response Body
[2024-12-10T06:23:22.898Z] Error reading actual data: A Modbus Exception Occurred - See Response Body
[2024-12-10T06:23:22.898Z] Error writing to Modbus register: A Modbus Exception Occurred - See Response Body
[2024-12-10T06:23:23.906Z] Error reading or processing Modbus registers: A Modbus Exception Occurred - See Response Body
[2024-12-10T06:23:23.909Z] Error reading register 6507 for IP 10.30.4.128: A Modbus Exception Occurred - See Response Body
[2024-12-10T06:23:23.910Z] Error reading actual data: A Modbus Exception Occurred - See Response Body
[2024-12-10T06:23:23.911Z] Error writing to Modbus register: A Modbus Exception Occurred - See Response Body
[2024-12-10T06:23:24.909Z] Error reading or processing Modbus registers: A Modbus Exception Occurred - See Response Body
[2024-12-10T06:23:24.914Z] Error reading register 6507 for IP 10.30.4.128: A Modbus Exception Occurred - See Response Body
[2024-12-10T06:23:24.915Z] Error reading actual data: A Modbus Exception Occurred - See Response Body
[2024-12-10T06:23:24.915Z] Error writing to Modbus register: A Modbus Exception Occurred - See Response Body
[2024-12-10T06:23:25.910Z] Error reading or processing Modbus registers: A Modbus Exception Occurred - See Response Body
[2024-12-10T06:23:25.912Z] Error reading register 6507 for IP 10.30.4.128: A Modbus Exception Occurred - See Response Body
[2024-12-10T06:23:25.912Z] Error reading actual data: A Modbus Exception Occurred - See Response Body
[2024-12-10T06:23:25.913Z] Error writing to Modbus register: A Modbus Exception Occurred - See Response Body
[2024-12-10T06:23:26.923Z] Error reading or processing Modbus registers: A Modbus Exception Occurred - See Response Body
[2024-12-10T06:23:26.926Z] Error reading register 6507 for IP 10.30.4.128: A Modbus Exception Occurred - See Response Body
[2024-12-10T06:23:26.926Z] Error reading actual data: A Modbus Exception Occurred - See Response Body
[2024-12-10T06:23:26.927Z] Error writing to Modbus register: A Modbus Exception Occurred - See Response Body
[2024-12-10T06:23:27.939Z] Error reading or processing Modbus registers: A Modbus Exception Occurred - See Response Body
[2024-12-10T06:23:27.941Z] Error reading register 6507 for IP 10.30.4.128: A Modbus Exception Occurred - See Response Body
[2024-12-10T06:23:27.941Z] Error reading actual data: A Modbus Exception Occurred - See Response Body
[2024-12-10T06:23:27.942Z] Error writing to Modbus register: A Modbus Exception Occurred - See Response Body
[2024-12-10T06:23:28.952Z] Error reading or processing Modbus registers: A Modbus Exception Occurred - See Response Body
[2024-12-10T06:23:28.954Z] Error reading register 6507 for IP 10.30.4.128: A Modbus Exception Occurred - See Response Body
[2024-12-10T06:23:28.954Z] Error reading actual data: A Modbus Exception Occurred - See Response Body
[2024-12-10T06:23:28.955Z] Error writing to Modbus register: A Modbus Exception Occurred - See Response Body
[2024-12-10T06:23:29.953Z] Error reading or processing Modbus registers: A Modbus Exception Occurred - See Response Body
[2024-12-10T06:23:29.955Z] Error reading register 6507 for IP 10.30.4.128: A Modbus Exception Occurred - See Response Body
[2024-12-10T06:23:29.956Z] Error reading actual data: A Modbus Exception Occurred - See Response Body
[2024-12-10T06:23:29.957Z] Error writing to Modbus register: A Modbus Exception Occurred - See Response Body
[2024-12-10T06:23:30.968Z] Error reading or processing Modbus registers: A Modbus Exception Occurred - See Response Body
[2024-12-10T06:23:30.970Z] Error reading register 6507 for IP 10.30.4.128: A Modbus Exception Occurred - See Response Body
[2024-12-10T06:23:30.971Z] Error reading actual data: A Modbus Exception Occurred - See Response Body
[2024-12-10T06:23:30.971Z] Error writing to Modbus register: A Modbus Exception Occurred - See Response Body
[2024-12-10T06:23:31.982Z] Error reading or processing Modbus registers: A Modbus Exception Occurred - See Response Body
[2024-12-10T06:23:31.986Z] Error reading register 6507 for IP 10.30.4.128: A Modbus Exception Occurred - See Response Body
[2024-12-10T06:23:31.987Z] Error reading actual data: A Modbus Exception Occurred - See Response Body
[2024-12-10T06:23:31.988Z] Error writing to Modbus register: A Modbus Exception Occurred - See Response Body
[2024-12-10T06:23:32.994Z] Error reading or processing Modbus registers: A Modbus Exception Occurred - See Response Body
[2024-12-10T06:23:32.997Z] Error reading register 6507 for IP 10.30.4.128: A Modbus Exception Occurred - See Response Body
[2024-12-10T06:23:32.997Z] Error reading actual data: A Modbus Exception Occurred - See Response Body
[2024-12-10T06:23:32.998Z] Error writing to Modbus register: A Modbus Exception Occurred - See Response Body
[2024-12-10T06:23:34.009Z] Error reading or processing Modbus registers: A Modbus Exception Occurred - See Response Body
[2024-12-10T06:23:34.011Z] Error reading register 6507 for IP 10.30.4.128: A Modbus Exception Occurred - See Response Body
[2024-12-10T06:23:34.011Z] Error reading actual data: A Modbus Exception Occurred - See Response Body
[2024-12-10T06:23:34.012Z] Error writing to Modbus register: A Modbus Exception Occurred - See Response Body
[2024-12-10T06:23:35.008Z] Error reading or processing Modbus registers: A Modbus Exception Occurred - See Response Body
[2024-12-10T06:23:35.011Z] Error reading register 6507 for IP 10.30.4.128: A Modbus Exception Occurred - See Response Body
[2024-12-10T06:23:35.012Z] Error reading actual data: A Modbus Exception Occurred - See Response Body
[2024-12-10T06:23:35.012Z] Error writing to Modbus register: A Modbus Exception Occurred - See Response Body
[2024-12-10T06:23:36.023Z] Error reading or processing Modbus registers: A Modbus Exception Occurred - See Response Body
[2024-12-10T06:23:36.025Z] Error reading register 6507 for IP 10.30.4.128: A Modbus Exception Occurred - See Response Body
[2024-12-10T06:23:36.026Z] Error reading actual data: A Modbus Exception Occurred - See Response Body
[2024-12-10T06:23:36.027Z] Error writing to Modbus register: A Modbus Exception Occurred - See Response Body
[2024-12-10T06:23:37.036Z] Error reading or processing Modbus registers: A Modbus Exception Occurred - See Response Body
[2024-12-10T06:23:37.038Z] Error reading register 6507 for IP 10.30.4.128: A Modbus Exception Occurred - See Response Body
[2024-12-10T06:23:37.039Z] Error reading actual data: A Modbus Exception Occurred - See Response Body
[2024-12-10T06:23:37.040Z] Error writing to Modbus register: A Modbus Exception Occurred - See Response Body
[2024-12-10T06:23:38.050Z] Error reading or processing Modbus registers: A Modbus Exception Occurred - See Response Body
[2024-12-10T06:23:38.053Z] Error reading register 6507 for IP 10.30.4.128: A Modbus Exception Occurred - See Response Body
[2024-12-10T06:23:38.054Z] Error reading actual data: A Modbus Exception Occurred - See Response Body
[2024-12-10T06:23:38.054Z] Error writing to Modbus register: A Modbus Exception Occurred - See Response Body
[2024-12-10T06:23:39.051Z] Error reading or processing Modbus registers: A Modbus Exception Occurred - See Response Body
[2024-12-10T06:23:39.053Z] Error reading register 6507 for IP 10.30.4.128: A Modbus Exception Occurred - See Response Body
[2024-12-10T06:23:39.054Z] Error reading actual data: A Modbus Exception Occurred - See Response Body
[2024-12-10T06:23:39.055Z] Error writing to Modbus register: A Modbus Exception Occurred - See Response Body
[2024-12-10T06:23:40.051Z] Error reading or processing Modbus registers: A Modbus Exception Occurred - See Response Body
[2024-12-10T06:23:40.053Z] Error reading register 6507 for IP 10.30.4.128: A Modbus Exception Occurred - See Response Body
[2024-12-10T06:23:40.054Z] Error reading actual data: A Modbus Exception Occurred - See Response Body
[2024-12-10T06:23:40.055Z] Error writing to Modbus register: A Modbus Exception Occurred - See Response Body
[2024-12-10T06:23:41.054Z] Error reading or processing Modbus registers: A Modbus Exception Occurred - See Response Body
[2024-12-10T06:23:41.056Z] Error reading register 6507 for IP 10.30.4.128: A Modbus Exception Occurred - See Response Body
[2024-12-10T06:23:41.057Z] Error reading actual data: A Modbus Exception Occurred - See Response Body
[2024-12-10T06:23:41.057Z] Error writing to Modbus register: A Modbus Exception Occurred - See Response Body
[2024-12-10T06:23:42.067Z] Error reading or processing Modbus registers: A Modbus Exception Occurred - See Response Body
[2024-12-10T06:23:42.069Z] Error reading register 6507 for IP 10.30.4.128: A Modbus Exception Occurred - See Response Body
[2024-12-10T06:23:42.070Z] Error reading actual data: A Modbus Exception Occurred - See Response Body
[2024-12-10T06:23:42.071Z] Error writing to Modbus register: A Modbus Exception Occurred - See Response Body
[2024-12-10T06:23:43.081Z] Error reading or processing Modbus registers: A Modbus Exception Occurred - See Response Body
[2024-12-10T06:23:43.083Z] Error reading register 6507 for IP 10.30.4.128: A Modbus Exception Occurred - See Response Body
[2024-12-10T06:23:43.084Z] Error reading actual data: A Modbus Exception Occurred - See Response Body
[2024-12-10T06:23:43.084Z] Error writing to Modbus register: A Modbus Exception Occurred - See Response Body
[2024-12-10T06:23:44.092Z] Error reading or processing Modbus registers: A Modbus Exception Occurred - See Response Body
[2024-12-10T06:23:44.095Z] Error reading register 6507 for IP 10.30.4.128: A Modbus Exception Occurred - See Response Body
[2024-12-10T06:23:44.095Z] Error reading actual data: A Modbus Exception Occurred - See Response Body
[2024-12-10T06:23:44.096Z] Error writing to Modbus register: A Modbus Exception Occurred - See Response Body
[2024-12-10T06:23:45.106Z] Error reading or processing Modbus registers: A Modbus Exception Occurred - See Response Body
[2024-12-10T06:23:45.109Z] Error reading register 6507 for IP 10.30.4.128: A Modbus Exception Occurred - See Response Body
[2024-12-10T06:23:45.110Z] Error reading actual data: A Modbus Exception Occurred - See Response Body
[2024-12-10T06:23:45.110Z] Error writing to Modbus register: A Modbus Exception Occurred - See Response Body
[2024-12-10T06:23:46.120Z] Error reading or processing Modbus registers: A Modbus Exception Occurred - See Response Body
[2024-12-10T06:23:46.125Z] Error reading register 6507 for IP 10.30.4.128: A Modbus Exception Occurred - See Response Body
[2024-12-10T06:23:46.126Z] Error reading actual data: A Modbus Exception Occurred - See Response Body
[2024-12-10T06:23:46.127Z] Error writing to Modbus register: A Modbus Exception Occurred - See Response Body
[2024-12-10T06:23:47.133Z] Error reading or processing Modbus registers: A Modbus Exception Occurred - See Response Body
[2024-12-10T06:23:47.135Z] Error reading register 6507 for IP 10.30.4.128: A Modbus Exception Occurred - See Response Body
[2024-12-10T06:23:47.136Z] Error reading actual data: A Modbus Exception Occurred - See Response Body
[2024-12-10T06:23:47.136Z] Error writing to Modbus register: A Modbus Exception Occurred - See Response Body
[2024-12-10T06:23:48.148Z] Error reading or processing Modbus registers: A Modbus Exception Occurred - See Response Body
[2024-12-10T06:23:48.151Z] Error reading register 6507 for IP 10.30.4.128: A Modbus Exception Occurred - See Response Body
[2024-12-10T06:23:48.152Z] Error reading actual data: A Modbus Exception Occurred - See Response Body
[2024-12-10T06:23:48.152Z] Error writing to Modbus register: A Modbus Exception Occurred - See Response Body
[2024-12-10T06:23:49.161Z] Error reading or processing Modbus registers: A Modbus Exception Occurred - See Response Body
[2024-12-10T06:23:49.163Z] Error reading register 6507 for IP 10.30.4.128: A Modbus Exception Occurred - See Response Body
[2024-12-10T06:23:49.164Z] Error reading actual data: A Modbus Exception Occurred - See Response Body
[2024-12-10T06:23:49.165Z] Error writing to Modbus register: A Modbus Exception Occurred - See Response Body
[2024-12-10T06:23:50.174Z] Error reading or processing Modbus registers: A Modbus Exception Occurred - See Response Body
[2024-12-10T06:23:50.176Z] Error reading register 6507 for IP 10.30.4.128: A Modbus Exception Occurred - See Response Body
[2024-12-10T06:23:50.177Z] Error reading actual data: A Modbus Exception Occurred - See Response Body
[2024-12-10T06:23:50.177Z] Error writing to Modbus register: A Modbus Exception Occurred - See Response Body
[2024-12-10T06:23:51.185Z] Error reading or processing Modbus registers: A Modbus Exception Occurred - See Response Body
[2024-12-10T06:23:51.187Z] Error reading register 6507 for IP 10.30.4.128: A Modbus Exception Occurred - See Response Body
[2024-12-10T06:23:51.188Z] Error reading actual data: A Modbus Exception Occurred - See Response Body
[2024-12-10T06:23:51.189Z] Error writing to Modbus register: A Modbus Exception Occurred - See Response Body
[2024-12-10T06:23:52.188Z] Error reading or processing Modbus registers: A Modbus Exception Occurred - See Response Body
[2024-12-10T06:23:52.191Z] Error reading register 6507 for IP 10.30.4.128: A Modbus Exception Occurred - See Response Body
[2024-12-10T06:23:52.191Z] Error reading actual data: A Modbus Exception Occurred - See Response Body
[2024-12-10T06:23:52.192Z] Error writing to Modbus register: A Modbus Exception Occurred - See Response Body
[2024-12-10T06:23:53.200Z] Error reading or processing Modbus registers: A Modbus Exception Occurred - See Response Body
[2024-12-10T06:23:53.202Z] Error reading register 6507 for IP 10.30.4.128: A Modbus Exception Occurred - See Response Body
[2024-12-10T06:23:53.203Z] Error reading actual data: A Modbus Exception Occurred - See Response Body
[2024-12-10T06:23:53.203Z] Error writing to Modbus register: A Modbus Exception Occurred - See Response Body
[2024-12-10T06:23:54.211Z] Error reading or processing Modbus registers: A Modbus Exception Occurred - See Response Body
[2024-12-10T06:23:54.213Z] Error reading register 6507 for IP 10.30.4.128: A Modbus Exception Occurred - See Response Body
[2024-12-10T06:23:54.214Z] Error reading actual data: A Modbus Exception Occurred - See Response Body
[2024-12-10T06:23:54.214Z] Error writing to Modbus register: A Modbus Exception Occurred - See Response Body
[2024-12-10T06:23:55.225Z] Error reading or processing Modbus registers: A Modbus Exception Occurred - See Response Body
[2024-12-10T06:23:55.227Z] Error reading register 6507 for IP 10.30.4.128: A Modbus Exception Occurred - See Response Body
[2024-12-10T06:23:55.228Z] Error reading actual data: A Modbus Exception Occurred - See Response Body
[2024-12-10T06:23:55.228Z] Error writing to Modbus register: A Modbus Exception Occurred - See Response Body
[2024-12-10T06:23:56.237Z] Error reading or processing Modbus registers: A Modbus Exception Occurred - See Response Body
[2024-12-10T06:23:56.239Z] Error reading register 6507 for IP 10.30.4.128: A Modbus Exception Occurred - See Response Body
[2024-12-10T06:23:56.240Z] Error reading actual data: A Modbus Exception Occurred - See Response Body
[2024-12-10T06:23:56.240Z] Error writing to Modbus register: A Modbus Exception Occurred - See Response Body
[2024-12-10T06:23:57.246Z] Error reading or processing Modbus registers: A Modbus Exception Occurred - See Response Body
[2024-12-10T06:23:57.249Z] Error reading register 6507 for IP 10.30.4.128: A Modbus Exception Occurred - See Response Body
[2024-12-10T06:23:57.250Z] Error reading actual data: A Modbus Exception Occurred - See Response Body
[2024-12-10T06:23:57.250Z] Error writing to Modbus register: A Modbus Exception Occurred - See Response Body
[2024-12-10T06:23:58.249Z] Error reading or processing Modbus registers: A Modbus Exception Occurred - See Response Body
[2024-12-10T06:23:58.251Z] Error reading register 6507 for IP 10.30.4.128: A Modbus Exception Occurred - See Response Body
[2024-12-10T06:23:58.252Z] Error reading actual data: A Modbus Exception Occurred - See Response Body
[2024-12-10T06:23:58.252Z] Error writing to Modbus register: A Modbus Exception Occurred - See Response Body
[2024-12-10T06:23:59.250Z] Error reading or processing Modbus registers: A Modbus Exception Occurred - See Response Body
[2024-12-10T06:23:59.252Z] Error reading register 6507 for IP 10.30.4.128: A Modbus Exception Occurred - See Response Body
[2024-12-10T06:23:59.253Z] Error reading actual data: A Modbus Exception Occurred - See Response Body
[2024-12-10T06:23:59.254Z] Error writing to Modbus register: A Modbus Exception Occurred - See Response Body
[2024-12-10T06:24:00.259Z] Error reading or processing Modbus registers: A Modbus Exception Occurred - See Response Body
[2024-12-10T06:24:00.262Z] Error reading register 6507 for IP 10.30.4.128: A Modbus Exception Occurred - See Response Body
[2024-12-10T06:24:00.263Z] Error reading actual data: A Modbus Exception Occurred - See Response Body
[2024-12-10T06:24:00.263Z] Error writing to Modbus register: A Modbus Exception Occurred - See Response Body
[2024-12-10T06:24:01.271Z] Error reading or processing Modbus registers: A Modbus Exception Occurred - See Response Body
[2024-12-10T06:24:01.274Z] Error reading register 6507 for IP 10.30.4.128: A Modbus Exception Occurred - See Response Body
[2024-12-10T06:24:01.275Z] Error reading actual data: A Modbus Exception Occurred - See Response Body
[2024-12-10T06:24:01.275Z] Error writing to Modbus register: A Modbus Exception Occurred - See Response Body
[2024-12-10T06:24:02.285Z] Error reading or processing Modbus registers: A Modbus Exception Occurred - See Response Body
[2024-12-10T06:24:02.287Z] Error reading register 6507 for IP 10.30.4.128: A Modbus Exception Occurred - See Response Body
[2024-12-10T06:24:02.288Z] Error reading actual data: A Modbus Exception Occurred - See Response Body
[2024-12-10T06:24:02.289Z] Error writing to Modbus register: A Modbus Exception Occurred - See Response Body
[2024-12-10T06:24:03.299Z] Error reading or processing Modbus registers: A Modbus Exception Occurred - See Response Body
[2024-12-10T06:24:03.302Z] Error reading register 6507 for IP 10.30.4.128: A Modbus Exception Occurred - See Response Body
[2024-12-10T06:24:03.303Z] Error reading actual data: A Modbus Exception Occurred - See Response Body
[2024-12-10T06:24:03.303Z] Error writing to Modbus register: A Modbus Exception Occurred - See Response Body
[2024-12-10T06:24:04.311Z] Error reading or processing Modbus registers: A Modbus Exception Occurred - See Response Body
[2024-12-10T06:24:04.314Z] Error reading register 6507 for IP 10.30.4.128: A Modbus Exception Occurred - See Response Body
[2024-12-10T06:24:04.314Z] Error reading actual data: A Modbus Exception Occurred - See Response Body
[2024-12-10T06:24:04.315Z] Error writing to Modbus register: A Modbus Exception Occurred - See Response Body
[2024-12-10T06:24:05.317Z] Error reading or processing Modbus registers: A Modbus Exception Occurred - See Response Body
[2024-12-10T06:24:05.319Z] Error reading register 6507 for IP 10.30.4.128: A Modbus Exception Occurred - See Response Body
[2024-12-10T06:24:05.320Z] Error reading actual data: A Modbus Exception Occurred - See Response Body
[2024-12-10T06:24:05.321Z] Error writing to Modbus register: A Modbus Exception Occurred - See Response Body
[2024-12-10T06:24:06.327Z] Error reading or processing Modbus registers: A Modbus Exception Occurred - See Response Body
[2024-12-10T06:24:06.329Z] Error reading register 6507 for IP 10.30.4.128: A Modbus Exception Occurred - See Response Body
[2024-12-10T06:24:06.331Z] Error reading actual data: A Modbus Exception Occurred - See Response Body
[2024-12-10T06:24:06.331Z] Error writing to Modbus register: A Modbus Exception Occurred - See Response Body
[2024-12-10T06:24:07.328Z] Error reading or processing Modbus registers: A Modbus Exception Occurred - See Response Body
[2024-12-10T06:24:07.330Z] Error reading register 6507 for IP 10.30.4.128: A Modbus Exception Occurred - See Response Body
[2024-12-10T06:24:07.330Z] Error reading actual data: A Modbus Exception Occurred - See Response Body
[2024-12-10T06:24:07.331Z] Error writing to Modbus register: A Modbus Exception Occurred - See Response Body
[2024-12-10T06:24:08.340Z] Error reading or processing Modbus registers: A Modbus Exception Occurred - See Response Body
[2024-12-10T06:24:08.342Z] Error reading register 6507 for IP 10.30.4.128: A Modbus Exception Occurred - See Response Body
[2024-12-10T06:24:08.343Z] Error reading actual data: A Modbus Exception Occurred - See Response Body
[2024-12-10T06:24:08.344Z] Error writing to Modbus register: A Modbus Exception Occurred - See Response Body
[2024-12-10T06:24:09.339Z] Error reading or processing Modbus registers: A Modbus Exception Occurred - See Response Body
[2024-12-10T06:24:09.342Z] Error reading register 6507 for IP 10.30.4.128: A Modbus Exception Occurred - See Response Body
[2024-12-10T06:24:09.342Z] Error reading actual data: A Modbus Exception Occurred - See Response Body
[2024-12-10T06:24:09.343Z] Error writing to Modbus register: A Modbus Exception Occurred - See Response Body
[2024-12-10T06:24:10.354Z] Error reading or processing Modbus registers: A Modbus Exception Occurred - See Response Body
[2024-12-10T06:24:10.356Z] Error reading register 6507 for IP 10.30.4.128: A Modbus Exception Occurred - See Response Body
[2024-12-10T06:24:10.356Z] Error reading actual data: A Modbus Exception Occurred - See Response Body
[2024-12-10T06:24:10.357Z] Error writing to Modbus register: A Modbus Exception Occurred - See Response Body
[2024-12-10T06:24:11.366Z] Error reading or processing Modbus registers: A Modbus Exception Occurred - See Response Body
[2024-12-10T06:24:11.369Z] Error reading register 6507 for IP 10.30.4.128: A Modbus Exception Occurred - See Response Body
[2024-12-10T06:24:11.369Z] Error reading actual data: A Modbus Exception Occurred - See Response Body
[2024-12-10T06:24:11.370Z] Error writing to Modbus register: A Modbus Exception Occurred - See Response Body
[2024-12-10T06:24:12.381Z] Error reading or processing Modbus registers: A Modbus Exception Occurred - See Response Body
[2024-12-10T06:24:12.383Z] Error reading register 6507 for IP 10.30.4.128: A Modbus Exception Occurred - See Response Body
[2024-12-10T06:24:12.384Z] Error reading actual data: A Modbus Exception Occurred - See Response Body
[2024-12-10T06:24:12.384Z] Error writing to Modbus register: A Modbus Exception Occurred - See Response Body
[2024-12-10T06:24:13.390Z] Error reading or processing Modbus registers: A Modbus Exception Occurred - See Response Body
[2024-12-10T06:24:13.392Z] Error reading register 6507 for IP 10.30.4.128: A Modbus Exception Occurred - See Response Body
[2024-12-10T06:24:13.393Z] Error reading actual data: A Modbus Exception Occurred - See Response Body
[2024-12-10T06:24:13.394Z] Error writing to Modbus register: A Modbus Exception Occurred - See Response Body
[2024-12-10T06:24:14.399Z] Error reading or processing Modbus registers: A Modbus Exception Occurred - See Response Body
[2024-12-10T06:24:14.402Z] Error reading register 6507 for IP 10.30.4.128: A Modbus Exception Occurred - See Response Body
[2024-12-10T06:24:14.402Z] Error reading actual data: A Modbus Exception Occurred - See Response Body
[2024-12-10T06:24:14.403Z] Error writing to Modbus register: A Modbus Exception Occurred - See Response Body
[2024-12-10T06:24:15.412Z] Error reading or processing Modbus registers: A Modbus Exception Occurred - See Response Body
[2024-12-10T06:24:15.415Z] Error reading register 6507 for IP 10.30.4.128: A Modbus Exception Occurred - See Response Body
[2024-12-10T06:24:15.415Z] Error reading actual data: A Modbus Exception Occurred - See Response Body
[2024-12-10T06:24:15.416Z] Error writing to Modbus register: A Modbus Exception Occurred - See Response Body
[2024-12-10T06:24:16.425Z] Error reading or processing Modbus registers: A Modbus Exception Occurred - See Response Body
[2024-12-10T06:24:16.427Z] Error reading register 6507 for IP 10.30.4.128: A Modbus Exception Occurred - See Response Body
[2024-12-10T06:24:16.428Z] Error reading actual data: A Modbus Exception Occurred - See Response Body
[2024-12-10T06:24:16.429Z] Error writing to Modbus register: A Modbus Exception Occurred - See Response Body
[2024-12-10T06:24:17.439Z] Error reading or processing Modbus registers: A Modbus Exception Occurred - See Response Body
[2024-12-10T06:24:17.442Z] Error reading register 6507 for IP 10.30.4.128: A Modbus Exception Occurred - See Response Body
[2024-12-10T06:24:17.443Z] Error reading actual data: A Modbus Exception Occurred - See Response Body
[2024-12-10T06:24:17.444Z] Error writing to Modbus register: A Modbus Exception Occurred - See Response Body
[2024-12-10T06:24:18.452Z] Error reading or processing Modbus registers: A Modbus Exception Occurred - See Response Body
[2024-12-10T06:24:18.455Z] Error reading register 6507 for IP 10.30.4.128: A Modbus Exception Occurred - See Response Body
[2024-12-10T06:24:18.456Z] Error reading actual data: A Modbus Exception Occurred - See Response Body
[2024-12-10T06:24:18.456Z] Error writing to Modbus register: A Modbus Exception Occurred - See Response Body
[2024-12-10T06:24:19.468Z] Error reading or processing Modbus registers: A Modbus Exception Occurred - See Response Body
[2024-12-10T06:24:19.471Z] Error reading actual data: A Modbus Exception Occurred - See Response Body
[2024-12-10T06:24:19.472Z] Error writing to Modbus register: A Modbus Exception Occurred - See Response Body
[2024-12-10T06:24:19.471Z] Error reading register 6507 for IP 10.30.4.128: A Modbus Exception Occurred - See Response Body
[2024-12-10T06:24:20.469Z] Error reading or processing Modbus registers: A Modbus Exception Occurred - See Response Body
[2024-12-10T06:24:20.472Z] Error reading register 6507 for IP 10.30.4.128: A Modbus Exception Occurred - See Response Body
[2024-12-10T06:24:20.473Z] Error reading actual data: A Modbus Exception Occurred - See Response Body
[2024-12-10T06:24:20.473Z] Error writing to Modbus register: A Modbus Exception Occurred - See Response Body
[2024-12-10T06:24:21.471Z] Error reading or processing Modbus registers: A Modbus Exception Occurred - See Response Body
[2024-12-10T06:24:21.473Z] Error reading register 6507 for IP 10.30.4.128: A Modbus Exception Occurred - See Response Body
[2024-12-10T06:24:21.474Z] Error reading actual data: A Modbus Exception Occurred - See Response Body
[2024-12-10T06:24:21.474Z] Error writing to Modbus register: A Modbus Exception Occurred - See Response Body
[2024-12-10T06:24:22.485Z] Error reading or processing Modbus registers: A Modbus Exception Occurred - See Response Body
[2024-12-10T06:24:22.488Z] Error reading register 6507 for IP 10.30.4.128: A Modbus Exception Occurred - See Response Body
[2024-12-10T06:24:22.489Z] Error reading actual data: A Modbus Exception Occurred - See Response Body
[2024-12-10T06:24:22.490Z] Error writing to Modbus register: A Modbus Exception Occurred - See Response Body
[2024-12-10T06:24:23.497Z] Error reading or processing Modbus registers: A Modbus Exception Occurred - See Response Body
[2024-12-10T06:24:23.500Z] Error reading register 6507 for IP 10.30.4.128: A Modbus Exception Occurred - See Response Body
[2024-12-10T06:24:23.500Z] Error reading actual data: A Modbus Exception Occurred - See Response Body
[2024-12-10T06:24:23.501Z] Error writing to Modbus register: A Modbus Exception Occurred - See Response Body
[2024-12-10T06:24:24.511Z] Error reading or processing Modbus registers: A Modbus Exception Occurred - See Response Body
[2024-12-10T06:24:24.516Z] Error reading register 6507 for IP 10.30.4.128: A Modbus Exception Occurred - See Response Body
[2024-12-10T06:24:24.516Z] Error reading actual data: A Modbus Exception Occurred - See Response Body
[2024-12-10T06:24:24.517Z] Error writing to Modbus register: A Modbus Exception Occurred - See Response Body
[2024-12-10T06:24:25.526Z] Error reading or processing Modbus registers: A Modbus Exception Occurred - See Response Body
[2024-12-10T06:24:25.528Z] Error reading register 6507 for IP 10.30.4.128: A Modbus Exception Occurred - See Response Body
[2024-12-10T06:24:25.529Z] Error reading actual data: A Modbus Exception Occurred - See Response Body
[2024-12-10T06:24:25.529Z] Error writing to Modbus register: A Modbus Exception Occurred - See Response Body
[2024-12-10T06:24:26.529Z] Error reading or processing Modbus registers: A Modbus Exception Occurred - See Response Body
[2024-12-10T06:24:26.532Z] Error reading register 6507 for IP 10.30.4.128: A Modbus Exception Occurred - See Response Body
[2024-12-10T06:24:26.532Z] Error reading actual data: A Modbus Exception Occurred - See Response Body
[2024-12-10T06:24:26.533Z] Error writing to Modbus register: A Modbus Exception Occurred - See Response Body
[2024-12-10T06:24:27.544Z] Error reading or processing Modbus registers: A Modbus Exception Occurred - See Response Body
[2024-12-10T06:24:27.546Z] Error reading register 6507 for IP 10.30.4.128: A Modbus Exception Occurred - See Response Body
[2024-12-10T06:24:27.547Z] Error reading actual data: A Modbus Exception Occurred - See Response Body
[2024-12-10T06:24:27.547Z] Error writing to Modbus register: A Modbus Exception Occurred - See Response Body
[2024-12-10T06:24:28.558Z] Error reading or processing Modbus registers: A Modbus Exception Occurred - See Response Body
[2024-12-10T06:24:28.560Z] Error reading register 6507 for IP 10.30.4.128: A Modbus Exception Occurred - See Response Body
[2024-12-10T06:24:28.561Z] Error reading actual data: A Modbus Exception Occurred - See Response Body
[2024-12-10T06:24:28.561Z] Error writing to Modbus register: A Modbus Exception Occurred - See Response Body
[2024-12-10T06:24:29.572Z] Error reading or processing Modbus registers: A Modbus Exception Occurred - See Response Body
[2024-12-10T06:24:29.575Z] Error reading register 6507 for IP 10.30.4.128: A Modbus Exception Occurred - See Response Body
[2024-12-10T06:24:29.576Z] Error reading actual data: A Modbus Exception Occurred - See Response Body
[2024-12-10T06:24:29.576Z] Error writing to Modbus register: A Modbus Exception Occurred - See Response Body
[2024-12-10T06:24:30.587Z] Error reading or processing Modbus registers: A Modbus Exception Occurred - See Response Body
[2024-12-10T06:24:30.590Z] Error reading register 6507 for IP 10.30.4.128: A Modbus Exception Occurred - See Response Body
[2024-12-10T06:24:30.590Z] Error reading actual data: A Modbus Exception Occurred - See Response Body
[2024-12-10T06:24:30.591Z] Error writing to Modbus register: A Modbus Exception Occurred - See Response Body
[2024-12-10T06:24:31.598Z] Error reading or processing Modbus registers: A Modbus Exception Occurred - See Response Body
[2024-12-10T06:24:31.600Z] Error reading register 6507 for IP 10.30.4.128: A Modbus Exception Occurred - See Response Body
[2024-12-10T06:24:31.601Z] Error reading actual data: A Modbus Exception Occurred - See Response Body
[2024-12-10T06:24:31.601Z] Error writing to Modbus register: A Modbus Exception Occurred - See Response Body
[2024-12-10T06:24:32.598Z] Error reading or processing Modbus registers: A Modbus Exception Occurred - See Response Body
[2024-12-10T06:24:32.600Z] Error reading register 6507 for IP 10.30.4.128: A Modbus Exception Occurred - See Response Body
[2024-12-10T06:24:32.601Z] Error reading actual data: A Modbus Exception Occurred - See Response Body
[2024-12-10T06:24:32.601Z] Error writing to Modbus register: A Modbus Exception Occurred - See Response Body
[2024-12-10T06:24:33.598Z] Error reading or processing Modbus registers: A Modbus Exception Occurred - See Response Body
[2024-12-10T06:24:33.600Z] Error reading register 6507 for IP 10.30.4.128: A Modbus Exception Occurred - See Response Body
[2024-12-10T06:24:33.601Z] Error reading actual data: A Modbus Exception Occurred - See Response Body
[2024-12-10T06:24:33.601Z] Error writing to Modbus register: A Modbus Exception Occurred - See Response Body
[2024-12-10T06:24:34.612Z] Error reading or processing Modbus registers: A Modbus Exception Occurred - See Response Body
[2024-12-10T06:24:34.615Z] Error reading register 6507 for IP 10.30.4.128: A Modbus Exception Occurred - See Response Body
[2024-12-10T06:24:34.615Z] Error reading actual data: A Modbus Exception Occurred - See Response Body
[2024-12-10T06:24:34.616Z] Error writing to Modbus register: A Modbus Exception Occurred - See Response Body
[2024-12-10T06:24:35.624Z] Error reading or processing Modbus registers: A Modbus Exception Occurred - See Response Body
[2024-12-10T06:24:35.627Z] Error reading register 6507 for IP 10.30.4.128: A Modbus Exception Occurred - See Response Body
[2024-12-10T06:24:35.628Z] Error reading actual data: A Modbus Exception Occurred - See Response Body
[2024-12-10T06:24:35.628Z] Error writing to Modbus register: A Modbus Exception Occurred - See Response Body
[2024-12-10T06:24:36.625Z] Error reading or processing Modbus registers: A Modbus Exception Occurred - See Response Body
[2024-12-10T06:24:36.627Z] Error reading register 6507 for IP 10.30.4.128: A Modbus Exception Occurred - See Response Body
[2024-12-10T06:24:36.628Z] Error reading actual data: A Modbus Exception Occurred - See Response Body
[2024-12-10T06:24:36.628Z] Error writing to Modbus register: A Modbus Exception Occurred - See Response Body
[2024-12-10T06:24:37.625Z] Error reading or processing Modbus registers: A Modbus Exception Occurred - See Response Body
[2024-12-10T06:24:37.628Z] Error reading register 6507 for IP 10.30.4.128: A Modbus Exception Occurred - See Response Body
[2024-12-10T06:24:37.629Z] Error reading actual data: A Modbus Exception Occurred - See Response Body
[2024-12-10T06:24:37.630Z] Error writing to Modbus register: A Modbus Exception Occurred - See Response Body
[2024-12-10T06:24:38.627Z] Error reading or processing Modbus registers: A Modbus Exception Occurred - See Response Body
[2024-12-10T06:24:38.630Z] Error reading register 6507 for IP 10.30.4.128: A Modbus Exception Occurred - See Response Body
[2024-12-10T06:24:38.631Z] Error reading actual data: A Modbus Exception Occurred - See Response Body
[2024-12-10T06:24:38.632Z] Error writing to Modbus register: A Modbus Exception Occurred - See Response Body
[2024-12-10T06:24:39.642Z] Error reading or processing Modbus registers: A Modbus Exception Occurred - See Response Body
[2024-12-10T06:24:39.644Z] Error reading register 6507 for IP 10.30.4.128: A Modbus Exception Occurred - See Response Body
[2024-12-10T06:24:39.645Z] Error reading actual data: A Modbus Exception Occurred - See Response Body
[2024-12-10T06:24:39.646Z] Error writing to Modbus register: A Modbus Exception Occurred - See Response Body
[2024-12-10T06:24:40.655Z] Error reading or processing Modbus registers: A Modbus Exception Occurred - See Response Body
[2024-12-10T06:24:40.658Z] Error reading register 6507 for IP 10.30.4.128: A Modbus Exception Occurred - See Response Body
[2024-12-10T06:24:40.659Z] Error reading actual data: A Modbus Exception Occurred - See Response Body
[2024-12-10T06:24:40.659Z] Error writing to Modbus register: A Modbus Exception Occurred - See Response Body
[2024-12-10T06:24:41.656Z] Error reading or processing Modbus registers: A Modbus Exception Occurred - See Response Body
[2024-12-10T06:24:41.659Z] Error reading register 6507 for IP 10.30.4.128: A Modbus Exception Occurred - See Response Body
[2024-12-10T06:24:41.659Z] Error reading actual data: A Modbus Exception Occurred - See Response Body
[2024-12-10T06:24:41.660Z] Error writing to Modbus register: A Modbus Exception Occurred - See Response Body
[2024-12-10T06:24:42.670Z] Error reading or processing Modbus registers: A Modbus Exception Occurred - See Response Body
[2024-12-10T06:24:42.672Z] Error reading register 6507 for IP 10.30.4.128: A Modbus Exception Occurred - See Response Body
[2024-12-10T06:24:42.673Z] Error reading actual data: A Modbus Exception Occurred - See Response Body
[2024-12-10T06:24:42.674Z] Error writing to Modbus register: A Modbus Exception Occurred - See Response Body
[2024-12-10T06:24:43.681Z] Error reading or processing Modbus registers: A Modbus Exception Occurred - See Response Body
[2024-12-10T06:24:43.684Z] Error reading register 6507 for IP 10.30.4.128: A Modbus Exception Occurred - See Response Body
[2024-12-10T06:24:43.685Z] Error reading actual data: A Modbus Exception Occurred - See Response Body
[2024-12-10T06:24:43.685Z] Error writing to Modbus register: A Modbus Exception Occurred - See Response Body
[2024-12-10T06:24:44.695Z] Error reading or processing Modbus registers: A Modbus Exception Occurred - See Response Body
[2024-12-10T06:24:44.697Z] Error reading register 6507 for IP 10.30.4.128: A Modbus Exception Occurred - See Response Body
[2024-12-10T06:24:44.698Z] Error reading actual data: A Modbus Exception Occurred - See Response Body
[2024-12-10T06:24:44.699Z] Error writing to Modbus register: A Modbus Exception Occurred - See Response Body
[2024-12-10T06:24:45.710Z] Error reading or processing Modbus registers: A Modbus Exception Occurred - See Response Body
[2024-12-10T06:24:45.712Z] Error reading register 6507 for IP 10.30.4.128: A Modbus Exception Occurred - See Response Body
[2024-12-10T06:24:45.713Z] Error reading actual data: A Modbus Exception Occurred - See Response Body
[2024-12-10T06:24:45.713Z] Error writing to Modbus register: A Modbus Exception Occurred - See Response Body
[2024-12-10T06:24:46.711Z] Error reading or processing Modbus registers: A Modbus Exception Occurred - See Response Body
[2024-12-10T06:24:46.715Z] Error reading register 6507 for IP 10.30.4.128: A Modbus Exception Occurred - See Response Body
[2024-12-10T06:24:46.716Z] Error reading actual data: A Modbus Exception Occurred - See Response Body
[2024-12-10T06:24:46.717Z] Error writing to Modbus register: A Modbus Exception Occurred - See Response Body
[2024-12-10T06:24:47.722Z] Error reading or processing Modbus registers: A Modbus Exception Occurred - See Response Body
[2024-12-10T06:24:47.725Z] Error reading register 6507 for IP 10.30.4.128: A Modbus Exception Occurred - See Response Body
[2024-12-10T06:24:47.725Z] Error reading actual data: A Modbus Exception Occurred - See Response Body
[2024-12-10T06:24:47.726Z] Error writing to Modbus register: A Modbus Exception Occurred - See Response Body
[2024-12-10T06:24:48.737Z] Error reading or processing Modbus registers: A Modbus Exception Occurred - See Response Body
[2024-12-10T06:24:48.739Z] Error reading register 6507 for IP 10.30.4.128: A Modbus Exception Occurred - See Response Body
[2024-12-10T06:24:48.740Z] Error reading actual data: A Modbus Exception Occurred - See Response Body
[2024-12-10T06:24:48.740Z] Error writing to Modbus register: A Modbus Exception Occurred - See Response Body
[2024-12-10T06:24:49.750Z] Error reading or processing Modbus registers: A Modbus Exception Occurred - See Response Body
[2024-12-10T06:24:49.753Z] Error reading register 6507 for IP 10.30.4.128: A Modbus Exception Occurred - See Response Body
[2024-12-10T06:24:49.753Z] Error reading actual data: A Modbus Exception Occurred - See Response Body
[2024-12-10T06:24:49.754Z] Error writing to Modbus register: A Modbus Exception Occurred - See Response Body
[2024-12-10T06:24:50.765Z] Error reading or processing Modbus registers: A Modbus Exception Occurred - See Response Body
[2024-12-10T06:24:50.767Z] Error reading register 6507 for IP 10.30.4.128: A Modbus Exception Occurred - See Response Body
[2024-12-10T06:24:50.768Z] Error reading actual data: A Modbus Exception Occurred - See Response Body
[2024-12-10T06:24:50.768Z] Error writing to Modbus register: A Modbus Exception Occurred - See Response Body
[2024-12-10T06:24:51.780Z] Error reading or processing Modbus registers: A Modbus Exception Occurred - See Response Body
[2024-12-10T06:24:51.782Z] Error reading register 6507 for IP 10.30.4.128: A Modbus Exception Occurred - See Response Body
[2024-12-10T06:24:51.782Z] Error reading actual data: A Modbus Exception Occurred - See Response Body
[2024-12-10T06:24:51.783Z] Error writing to Modbus register: A Modbus Exception Occurred - See Response Body
[2024-12-10T06:24:52.781Z] Error reading or processing Modbus registers: A Modbus Exception Occurred - See Response Body
[2024-12-10T06:24:52.784Z] Error reading register 6507 for IP 10.30.4.128: A Modbus Exception Occurred - See Response Body
[2024-12-10T06:24:52.784Z] Error reading actual data: A Modbus Exception Occurred - See Response Body
[2024-12-10T06:24:52.785Z] Error writing to Modbus register: A Modbus Exception Occurred - See Response Body
[2024-12-10T06:24:53.792Z] Error reading or processing Modbus registers: A Modbus Exception Occurred - See Response Body
[2024-12-10T06:24:53.795Z] Error reading register 6507 for IP 10.30.4.128: A Modbus Exception Occurred - See Response Body
[2024-12-10T06:24:53.796Z] Error reading actual data: A Modbus Exception Occurred - See Response Body
[2024-12-10T06:24:53.796Z] Error writing to Modbus register: A Modbus Exception Occurred - See Response Body
[2024-12-10T06:24:54.807Z] Error reading or processing Modbus registers: A Modbus Exception Occurred - See Response Body
[2024-12-10T06:24:54.810Z] Error reading register 6507 for IP 10.30.4.128: A Modbus Exception Occurred - See Response Body
[2024-12-10T06:24:54.810Z] Error reading actual data: A Modbus Exception Occurred - See Response Body
[2024-12-10T06:24:54.811Z] Error writing to Modbus register: A Modbus Exception Occurred - See Response Body
[2024-12-10T06:24:55.808Z] Error reading or processing Modbus registers: A Modbus Exception Occurred - See Response Body
[2024-12-10T06:24:55.810Z] Error reading register 6507 for IP 10.30.4.128: A Modbus Exception Occurred - See Response Body
[2024-12-10T06:24:55.811Z] Error reading actual data: A Modbus Exception Occurred - See Response Body
[2024-12-10T06:24:55.811Z] Error writing to Modbus register: A Modbus Exception Occurred - See Response Body
[2024-12-10T06:24:56.819Z] Error reading or processing Modbus registers: A Modbus Exception Occurred - See Response Body
[2024-12-10T06:24:56.821Z] Error reading register 6507 for IP 10.30.4.128: A Modbus Exception Occurred - See Response Body
[2024-12-10T06:24:56.822Z] Error reading actual data: A Modbus Exception Occurred - See Response Body
[2024-12-10T06:24:56.822Z] Error writing to Modbus register: A Modbus Exception Occurred - See Response Body
[2024-12-10T06:24:57.833Z] Error reading or processing Modbus registers: A Modbus Exception Occurred - See Response Body
[2024-12-10T06:24:57.835Z] Error reading register 6507 for IP 10.30.4.128: A Modbus Exception Occurred - See Response Body
[2024-12-10T06:24:57.836Z] Error reading actual data: A Modbus Exception Occurred - See Response Body
[2024-12-10T06:24:57.837Z] Error writing to Modbus register: A Modbus Exception Occurred - See Response Body
[2024-12-10T06:24:58.843Z] Error reading or processing Modbus registers: A Modbus Exception Occurred - See Response Body
[2024-12-10T06:24:58.845Z] Error reading register 6507 for IP 10.30.4.128: A Modbus Exception Occurred - See Response Body
[2024-12-10T06:24:58.846Z] Error reading actual data: A Modbus Exception Occurred - See Response Body
[2024-12-10T06:24:58.846Z] Error writing to Modbus register: A Modbus Exception Occurred - See Response Body
[2024-12-10T06:24:59.853Z] Error reading or processing Modbus registers: A Modbus Exception Occurred - See Response Body
[2024-12-10T06:24:59.856Z] Error reading register 6507 for IP 10.30.4.128: A Modbus Exception Occurred - See Response Body
[2024-12-10T06:24:59.857Z] Error reading actual data: A Modbus Exception Occurred - See Response Body
[2024-12-10T06:24:59.857Z] Error writing to Modbus register: A Modbus Exception Occurred - See Response Body
[2024-12-10T06:25:00.863Z] Error reading or processing Modbus registers: A Modbus Exception Occurred - See Response Body
[2024-12-10T06:25:00.865Z] Error reading register 6507 for IP 10.30.4.128: A Modbus Exception Occurred - See Response Body
[2024-12-10T06:25:00.866Z] Error reading actual data: A Modbus Exception Occurred - See Response Body
[2024-12-10T06:25:00.867Z] Error writing to Modbus register: A Modbus Exception Occurred - See Response Body
[2024-12-10T06:25:01.874Z] Error reading or processing Modbus registers: A Modbus Exception Occurred - See Response Body
[2024-12-10T06:25:01.877Z] Error reading register 6507 for IP 10.30.4.128: A Modbus Exception Occurred - See Response Body
[2024-12-10T06:25:01.878Z] Error reading actual data: A Modbus Exception Occurred - See Response Body
[2024-12-10T06:25:01.879Z] Error writing to Modbus register: A Modbus Exception Occurred - See Response Body
[2024-12-10T06:25:02.881Z] Error reading or processing Modbus registers: A Modbus Exception Occurred - See Response Body
[2024-12-10T06:25:02.884Z] Error reading register 6507 for IP 10.30.4.128: A Modbus Exception Occurred - See Response Body
[2024-12-10T06:25:02.884Z] Error reading actual data: A Modbus Exception Occurred - See Response Body
[2024-12-10T06:25:02.885Z] Error writing to Modbus register: A Modbus Exception Occurred - See Response Body
[2024-12-10T06:25:03.886Z] Error reading or processing Modbus registers: A Modbus Exception Occurred - See Response Body
[2024-12-10T06:25:03.889Z] Error reading register 6507 for IP 10.30.4.128: A Modbus Exception Occurred - See Response Body
[2024-12-10T06:25:03.890Z] Error reading actual data: A Modbus Exception Occurred - See Response Body
[2024-12-10T06:25:03.891Z] Error writing to Modbus register: A Modbus Exception Occurred - See Response Body
[2024-12-10T06:25:04.899Z] Error reading or processing Modbus registers: A Modbus Exception Occurred - See Response Body
[2024-12-10T06:25:04.901Z] Error reading register 6507 for IP 10.30.4.128: A Modbus Exception Occurred - See Response Body
[2024-12-10T06:25:04.902Z] Error reading actual data: A Modbus Exception Occurred - See Response Body
[2024-12-10T06:25:04.903Z] Error writing to Modbus register: A Modbus Exception Occurred - See Response Body
[2024-12-10T06:25:05.911Z] Error reading or processing Modbus registers: A Modbus Exception Occurred - See Response Body
[2024-12-10T06:25:05.913Z] Error reading register 6507 for IP 10.30.4.128: A Modbus Exception Occurred - See Response Body
[2024-12-10T06:25:05.914Z] Error reading actual data: A Modbus Exception Occurred - See Response Body
[2024-12-10T06:25:05.914Z] Error writing to Modbus register: A Modbus Exception Occurred - See Response Body
[2024-12-10T06:25:06.925Z] Error reading or processing Modbus registers: A Modbus Exception Occurred - See Response Body
[2024-12-10T06:25:06.927Z] Error reading register 6507 for IP 10.30.4.128: A Modbus Exception Occurred - See Response Body
[2024-12-10T06:25:06.928Z] Error reading actual data: A Modbus Exception Occurred - See Response Body
[2024-12-10T06:25:06.928Z] Error writing to Modbus register: A Modbus Exception Occurred - See Response Body
[2024-12-10T06:25:07.929Z] Error reading or processing Modbus registers: A Modbus Exception Occurred - See Response Body
[2024-12-10T06:25:07.931Z] Error reading register 6507 for IP 10.30.4.128: A Modbus Exception Occurred - See Response Body
[2024-12-10T06:25:07.932Z] Error reading actual data: A Modbus Exception Occurred - See Response Body
[2024-12-10T06:25:07.932Z] Error writing to Modbus register: A Modbus Exception Occurred - See Response Body
[2024-12-10T06:25:08.938Z] Error reading or processing Modbus registers: A Modbus Exception Occurred - See Response Body
[2024-12-10T06:25:08.940Z] Error reading register 6507 for IP 10.30.4.128: A Modbus Exception Occurred - See Response Body
[2024-12-10T06:25:08.940Z] Error reading actual data: A Modbus Exception Occurred - See Response Body
[2024-12-10T06:25:08.941Z] Error writing to Modbus register: A Modbus Exception Occurred - See Response Body
[2024-12-10T06:25:09.952Z] Error reading or processing Modbus registers: A Modbus Exception Occurred - See Response Body
[2024-12-10T06:25:09.954Z] Error reading register 6507 for IP 10.30.4.128: A Modbus Exception Occurred - See Response Body
[2024-12-10T06:25:09.955Z] Error reading actual data: A Modbus Exception Occurred - See Response Body
[2024-12-10T06:25:09.955Z] Error writing to Modbus register: A Modbus Exception Occurred - See Response Body
[2024-12-10T06:25:10.965Z] Error reading or processing Modbus registers: A Modbus Exception Occurred - See Response Body
[2024-12-10T06:25:10.969Z] Error reading register 6507 for IP 10.30.4.128: A Modbus Exception Occurred - See Response Body
[2024-12-10T06:25:10.970Z] Error reading actual data: A Modbus Exception Occurred - See Response Body
[2024-12-10T06:25:10.970Z] Error writing to Modbus register: A Modbus Exception Occurred - See Response Body
[2024-12-10T06:25:11.977Z] Error reading or processing Modbus registers: A Modbus Exception Occurred - See Response Body
[2024-12-10T06:25:11.979Z] Error reading register 6507 for IP 10.30.4.128: A Modbus Exception Occurred - See Response Body
[2024-12-10T06:25:11.979Z] Error reading actual data: A Modbus Exception Occurred - See Response Body
[2024-12-10T06:25:11.980Z] Error writing to Modbus register: A Modbus Exception Occurred - See Response Body
[2024-12-10T06:25:12.992Z] Error reading or processing Modbus registers: A Modbus Exception Occurred - See Response Body
[2024-12-10T06:25:12.994Z] Error reading register 6507 for IP 10.30.4.128: A Modbus Exception Occurred - See Response Body
[2024-12-10T06:25:12.995Z] Error reading actual data: A Modbus Exception Occurred - See Response Body
[2024-12-10T06:25:12.995Z] Error writing to Modbus register: A Modbus Exception Occurred - See Response Body
[2024-12-10T06:25:14.002Z] Error reading or processing Modbus registers: A Modbus Exception Occurred - See Response Body
[2024-12-10T06:25:14.004Z] Error reading register 6507 for IP 10.30.4.128: A Modbus Exception Occurred - See Response Body
[2024-12-10T06:25:14.005Z] Error reading actual data: A Modbus Exception Occurred - See Response Body
[2024-12-10T06:25:14.005Z] Error writing to Modbus register: A Modbus Exception Occurred - See Response Body
[2024-12-10T06:25:15.015Z] Error reading or processing Modbus registers: A Modbus Exception Occurred - See Response Body
[2024-12-10T06:25:15.018Z] Error reading register 6507 for IP 10.30.4.128: A Modbus Exception Occurred - See Response Body
[2024-12-10T06:25:15.018Z] Error reading actual data: A Modbus Exception Occurred - See Response Body
[2024-12-10T06:25:15.019Z] Error writing to Modbus register: A Modbus Exception Occurred - See Response Body
[2024-12-10T06:25:16.023Z] Error reading or processing Modbus registers: A Modbus Exception Occurred - See Response Body
[2024-12-10T06:25:16.026Z] Error reading register 6507 for IP 10.30.4.128: A Modbus Exception Occurred - See Response Body
[2024-12-10T06:25:16.027Z] Error reading actual data: A Modbus Exception Occurred - See Response Body
[2024-12-10T06:25:16.027Z] Error writing to Modbus register: A Modbus Exception Occurred - See Response Body
[2024-12-10T06:25:17.037Z] Error reading or processing Modbus registers: A Modbus Exception Occurred - See Response Body
[2024-12-10T06:25:17.039Z] Error reading register 6507 for IP 10.30.4.128: A Modbus Exception Occurred - See Response Body
[2024-12-10T06:25:17.040Z] Error reading actual data: A Modbus Exception Occurred - See Response Body
[2024-12-10T06:25:17.041Z] Error writing to Modbus register: A Modbus Exception Occurred - See Response Body
[2024-12-10T06:25:18.050Z] Error reading or processing Modbus registers: A Modbus Exception Occurred - See Response Body
[2024-12-10T06:25:18.053Z] Error reading register 6507 for IP 10.30.4.128: A Modbus Exception Occurred - See Response Body
[2024-12-10T06:25:18.054Z] Error reading actual data: A Modbus Exception Occurred - See Response Body
[2024-12-10T06:25:18.055Z] Error writing to Modbus register: A Modbus Exception Occurred - See Response Body
[2024-12-10T06:25:19.063Z] Error reading or processing Modbus registers: A Modbus Exception Occurred - See Response Body
[2024-12-10T06:25:19.065Z] Error reading register 6507 for IP 10.30.4.128: A Modbus Exception Occurred - See Response Body
[2024-12-10T06:25:19.066Z] Error reading actual data: A Modbus Exception Occurred - See Response Body
[2024-12-10T06:25:19.067Z] Error writing to Modbus register: A Modbus Exception Occurred - See Response Body
[2024-12-10T06:25:20.072Z] Error reading or processing Modbus registers: A Modbus Exception Occurred - See Response Body
[2024-12-10T06:25:20.074Z] Error reading register 6507 for IP 10.30.4.128: A Modbus Exception Occurred - See Response Body
[2024-12-10T06:25:20.075Z] Error reading actual data: A Modbus Exception Occurred - See Response Body
[2024-12-10T06:25:20.076Z] Error writing to Modbus register: A Modbus Exception Occurred - See Response Body
[2024-12-10T06:25:21.088Z] Error reading or processing Modbus registers: A Modbus Exception Occurred - See Response Body
[2024-12-10T06:25:21.091Z] Error reading register 6507 for IP 10.30.4.128: A Modbus Exception Occurred - See Response Body
[2024-12-10T06:25:21.091Z] Error reading actual data: A Modbus Exception Occurred - See Response Body
[2024-12-10T06:25:21.092Z] Error writing to Modbus register: A Modbus Exception Occurred - See Response Body
[2024-12-10T06:25:22.099Z] Error reading or processing Modbus registers: A Modbus Exception Occurred - See Response Body
[2024-12-10T06:25:22.101Z] Error reading register 6507 for IP 10.30.4.128: A Modbus Exception Occurred - See Response Body
[2024-12-10T06:25:22.102Z] Error reading actual data: A Modbus Exception Occurred - See Response Body
[2024-12-10T06:25:22.103Z] Error writing to Modbus register: A Modbus Exception Occurred - See Response Body
[2024-12-10T06:25:23.110Z] Error reading or processing Modbus registers: A Modbus Exception Occurred - See Response Body
[2024-12-10T06:25:23.112Z] Error reading register 6507 for IP 10.30.4.128: A Modbus Exception Occurred - See Response Body
[2024-12-10T06:25:23.113Z] Error reading actual data: A Modbus Exception Occurred - See Response Body
[2024-12-10T06:25:23.114Z] Error writing to Modbus register: A Modbus Exception Occurred - See Response Body
[2024-12-10T06:25:24.117Z] Error reading or processing Modbus registers: A Modbus Exception Occurred - See Response Body
[2024-12-10T06:25:24.119Z] Error reading register 6507 for IP 10.30.4.128: A Modbus Exception Occurred - See Response Body
[2024-12-10T06:25:24.119Z] Error reading actual data: A Modbus Exception Occurred - See Response Body
[2024-12-10T06:25:24.120Z] Error writing to Modbus register: A Modbus Exception Occurred - See Response Body
[2024-12-10T06:25:25.116Z] Error reading or processing Modbus registers: A Modbus Exception Occurred - See Response Body
[2024-12-10T06:25:25.119Z] Error reading register 6507 for IP 10.30.4.128: A Modbus Exception Occurred - See Response Body
[2024-12-10T06:25:25.120Z] Error reading actual data: A Modbus Exception Occurred - See Response Body
[2024-12-10T06:25:25.120Z] Error writing to Modbus register: A Modbus Exception Occurred - See Response Body
[2024-12-10T06:25:26.128Z] Error reading or processing Modbus registers: A Modbus Exception Occurred - See Response Body
[2024-12-10T06:25:26.130Z] Error reading register 6507 for IP 10.30.4.128: A Modbus Exception Occurred - See Response Body
[2024-12-10T06:25:26.131Z] Error reading actual data: A Modbus Exception Occurred - See Response Body
[2024-12-10T06:25:26.131Z] Error writing to Modbus register: A Modbus Exception Occurred - See Response Body
[2024-12-10T06:25:27.137Z] Error reading or processing Modbus registers: A Modbus Exception Occurred - See Response Body
[2024-12-10T06:25:27.140Z] Error reading register 6507 for IP 10.30.4.128: A Modbus Exception Occurred - See Response Body
[2024-12-10T06:25:27.140Z] Error reading actual data: A Modbus Exception Occurred - See Response Body
[2024-12-10T06:25:27.141Z] Error writing to Modbus register: A Modbus Exception Occurred - See Response Body
[2024-12-10T06:25:28.147Z] Error reading or processing Modbus registers: A Modbus Exception Occurred - See Response Body
[2024-12-10T06:25:28.149Z] Error reading register 6507 for IP 10.30.4.128: A Modbus Exception Occurred - See Response Body
[2024-12-10T06:25:28.150Z] Error reading actual data: A Modbus Exception Occurred - See Response Body
[2024-12-10T06:25:28.151Z] Error writing to Modbus register: A Modbus Exception Occurred - See Response Body
[2024-12-10T06:25:29.160Z] Error reading or processing Modbus registers: A Modbus Exception Occurred - See Response Body
[2024-12-10T06:25:29.162Z] Error reading register 6507 for IP 10.30.4.128: A Modbus Exception Occurred - See Response Body
[2024-12-10T06:25:29.163Z] Error reading actual data: A Modbus Exception Occurred - See Response Body
[2024-12-10T06:25:29.164Z] Error writing to Modbus register: A Modbus Exception Occurred - See Response Body
[2024-12-10T06:25:30.173Z] Error reading or processing Modbus registers: A Modbus Exception Occurred - See Response Body
[2024-12-10T06:25:30.175Z] Error reading register 6507 for IP 10.30.4.128: A Modbus Exception Occurred - See Response Body
[2024-12-10T06:25:30.176Z] Error reading actual data: A Modbus Exception Occurred - See Response Body
[2024-12-10T06:25:30.176Z] Error writing to Modbus register: A Modbus Exception Occurred - See Response Body
[2024-12-10T06:25:31.183Z] Error reading or processing Modbus registers: A Modbus Exception Occurred - See Response Body
[2024-12-10T06:25:31.186Z] Error reading register 6507 for IP 10.30.4.128: A Modbus Exception Occurred - See Response Body
[2024-12-10T06:25:31.186Z] Error reading actual data: A Modbus Exception Occurred - See Response Body
[2024-12-10T06:25:31.187Z] Error writing to Modbus register: A Modbus Exception Occurred - See Response Body
[2024-12-10T06:25:32.196Z] Error reading or processing Modbus registers: A Modbus Exception Occurred - See Response Body
[2024-12-10T06:25:32.199Z] Error reading register 6507 for IP 10.30.4.128: A Modbus Exception Occurred - See Response Body
[2024-12-10T06:25:32.199Z] Error reading actual data: A Modbus Exception Occurred - See Response Body
[2024-12-10T06:25:32.200Z] Error writing to Modbus register: A Modbus Exception Occurred - See Response Body
[2024-12-10T06:25:33.197Z] Error reading or processing Modbus registers: A Modbus Exception Occurred - See Response Body
[2024-12-10T06:25:33.200Z] Error reading register 6507 for IP 10.30.4.128: A Modbus Exception Occurred - See Response Body
[2024-12-10T06:25:33.200Z] Error reading actual data: A Modbus Exception Occurred - See Response Body
[2024-12-10T06:25:33.201Z] Error writing to Modbus register: A Modbus Exception Occurred - See Response Body
[2024-12-10T06:25:34.198Z] Error reading or processing Modbus registers: A Modbus Exception Occurred - See Response Body
[2024-12-10T06:25:34.201Z] Error reading register 6507 for IP 10.30.4.128: A Modbus Exception Occurred - See Response Body
[2024-12-10T06:25:34.202Z] Error reading actual data: A Modbus Exception Occurred - See Response Body
[2024-12-10T06:25:34.202Z] Error writing to Modbus register: A Modbus Exception Occurred - See Response Body
[2024-12-10T06:25:35.206Z] Error reading or processing Modbus registers: A Modbus Exception Occurred - See Response Body
[2024-12-10T06:25:35.209Z] Error reading register 6507 for IP 10.30.4.128: A Modbus Exception Occurred - See Response Body
[2024-12-10T06:25:35.210Z] Error reading actual data: A Modbus Exception Occurred - See Response Body
[2024-12-10T06:25:35.210Z] Error writing to Modbus register: A Modbus Exception Occurred - See Response Body
[2024-12-10T06:25:36.211Z] Error reading or processing Modbus registers: A Modbus Exception Occurred - See Response Body
[2024-12-10T06:25:36.214Z] Error reading register 6507 for IP 10.30.4.128: A Modbus Exception Occurred - See Response Body
[2024-12-10T06:25:36.215Z] Error reading actual data: A Modbus Exception Occurred - See Response Body
[2024-12-10T06:25:36.215Z] Error writing to Modbus register: A Modbus Exception Occurred - See Response Body
[2024-12-10T06:25:37.222Z] Error reading or processing Modbus registers: A Modbus Exception Occurred - See Response Body
[2024-12-10T06:25:37.225Z] Error reading register 6507 for IP 10.30.4.128: A Modbus Exception Occurred - See Response Body
[2024-12-10T06:25:37.226Z] Error reading actual data: A Modbus Exception Occurred - See Response Body
[2024-12-10T06:25:37.226Z] Error writing to Modbus register: A Modbus Exception Occurred - See Response Body
[2024-12-10T06:25:38.222Z] Error reading or processing Modbus registers: A Modbus Exception Occurred - See Response Body
[2024-12-10T06:25:38.225Z] Error reading register 6507 for IP 10.30.4.128: A Modbus Exception Occurred - See Response Body
[2024-12-10T06:25:38.226Z] Error reading actual data: A Modbus Exception Occurred - See Response Body
[2024-12-10T06:25:38.226Z] Error writing to Modbus register: A Modbus Exception Occurred - See Response Body
[2024-12-10T06:25:39.234Z] Error reading or processing Modbus registers: A Modbus Exception Occurred - See Response Body
[2024-12-10T06:25:39.236Z] Error reading register 6507 for IP 10.30.4.128: A Modbus Exception Occurred - See Response Body
[2024-12-10T06:25:39.237Z] Error reading actual data: A Modbus Exception Occurred - See Response Body
[2024-12-10T06:25:39.238Z] Error writing to Modbus register: A Modbus Exception Occurred - See Response Body
[2024-12-10T06:25:40.249Z] Error reading or processing Modbus registers: A Modbus Exception Occurred - See Response Body
[2024-12-10T06:25:40.251Z] Error reading register 6507 for IP 10.30.4.128: A Modbus Exception Occurred - See Response Body
[2024-12-10T06:25:40.252Z] Error reading actual data: A Modbus Exception Occurred - See Response Body
[2024-12-10T06:25:40.253Z] Error writing to Modbus register: A Modbus Exception Occurred - See Response Body
[2024-12-10T06:25:41.252Z] Error reading or processing Modbus registers: A Modbus Exception Occurred - See Response Body
[2024-12-10T06:25:41.254Z] Error reading register 6507 for IP 10.30.4.128: A Modbus Exception Occurred - See Response Body
[2024-12-10T06:25:41.255Z] Error reading actual data: A Modbus Exception Occurred - See Response Body
[2024-12-10T06:25:41.255Z] Error writing to Modbus register: A Modbus Exception Occurred - See Response Body
[2024-12-10T06:25:42.265Z] Error reading or processing Modbus registers: A Modbus Exception Occurred - See Response Body
[2024-12-10T06:25:42.268Z] Error reading register 6507 for IP 10.30.4.128: A Modbus Exception Occurred - See Response Body
[2024-12-10T06:25:42.268Z] Error reading actual data: A Modbus Exception Occurred - See Response Body
[2024-12-10T06:25:42.269Z] Error writing to Modbus register: A Modbus Exception Occurred - See Response Body
[2024-12-10T06:25:43.279Z] Error reading or processing Modbus registers: A Modbus Exception Occurred - See Response Body
[2024-12-10T06:25:43.281Z] Error reading register 6507 for IP 10.30.4.128: A Modbus Exception Occurred - See Response Body
[2024-12-10T06:25:43.282Z] Error reading actual data: A Modbus Exception Occurred - See Response Body
[2024-12-10T06:25:43.282Z] Error writing to Modbus register: A Modbus Exception Occurred - See Response Body
[2024-12-10T06:25:44.288Z] Error reading or processing Modbus registers: A Modbus Exception Occurred - See Response Body
[2024-12-10T06:25:44.290Z] Error reading register 6507 for IP 10.30.4.128: A Modbus Exception Occurred - See Response Body
[2024-12-10T06:25:44.291Z] Error reading actual data: A Modbus Exception Occurred - See Response Body
[2024-12-10T06:25:44.291Z] Error writing to Modbus register: A Modbus Exception Occurred - See Response Body
[2024-12-10T06:25:45.303Z] Error reading or processing Modbus registers: A Modbus Exception Occurred - See Response Body
[2024-12-10T06:25:45.305Z] Error reading register 6507 for IP 10.30.4.128: A Modbus Exception Occurred - See Response Body
[2024-12-10T06:25:45.306Z] Error reading actual data: A Modbus Exception Occurred - See Response Body
[2024-12-10T06:25:45.307Z] Error writing to Modbus register: A Modbus Exception Occurred - See Response Body
[2024-12-10T06:25:46.304Z] Error reading or processing Modbus registers: A Modbus Exception Occurred - See Response Body
[2024-12-10T06:25:46.306Z] Error reading register 6507 for IP 10.30.4.128: A Modbus Exception Occurred - See Response Body
[2024-12-10T06:25:46.307Z] Error reading actual data: A Modbus Exception Occurred - See Response Body
[2024-12-10T06:25:46.308Z] Error writing to Modbus register: A Modbus Exception Occurred - See Response Body
[2024-12-10T06:25:47.316Z] Error reading or processing Modbus registers: A Modbus Exception Occurred - See Response Body
[2024-12-10T06:25:47.319Z] Error reading register 6507 for IP 10.30.4.128: A Modbus Exception Occurred - See Response Body
[2024-12-10T06:25:47.320Z] Error reading actual data: A Modbus Exception Occurred - See Response Body
[2024-12-10T06:25:47.320Z] Error writing to Modbus register: A Modbus Exception Occurred - See Response Body
[2024-12-10T06:25:48.317Z] Error reading or processing Modbus registers: A Modbus Exception Occurred - See Response Body
[2024-12-10T06:25:48.320Z] Error reading register 6507 for IP 10.30.4.128: A Modbus Exception Occurred - See Response Body
[2024-12-10T06:25:48.320Z] Error reading actual data: A Modbus Exception Occurred - See Response Body
[2024-12-10T06:25:48.321Z] Error writing to Modbus register: A Modbus Exception Occurred - See Response Body
[2024-12-10T06:25:49.328Z] Error reading or processing Modbus registers: A Modbus Exception Occurred - See Response Body
[2024-12-10T06:25:49.330Z] Error reading register 6507 for IP 10.30.4.128: A Modbus Exception Occurred - See Response Body
[2024-12-10T06:25:49.331Z] Error reading actual data: A Modbus Exception Occurred - See Response Body
[2024-12-10T06:25:49.331Z] Error writing to Modbus register: A Modbus Exception Occurred - See Response Body
[2024-12-10T06:25:50.329Z] Error reading or processing Modbus registers: A Modbus Exception Occurred - See Response Body
[2024-12-10T06:25:50.331Z] Error reading register 6507 for IP 10.30.4.128: A Modbus Exception Occurred - See Response Body
[2024-12-10T06:25:50.332Z] Error reading actual data: A Modbus Exception Occurred - See Response Body
[2024-12-10T06:25:50.332Z] Error writing to Modbus register: A Modbus Exception Occurred - See Response Body
[2024-12-10T06:25:51.330Z] Error reading or processing Modbus registers: A Modbus Exception Occurred - See Response Body
[2024-12-10T06:25:51.332Z] Error reading register 6507 for IP 10.30.4.128: A Modbus Exception Occurred - See Response Body
[2024-12-10T06:25:51.333Z] Error reading actual data: A Modbus Exception Occurred - See Response Body
[2024-12-10T06:25:51.333Z] Error writing to Modbus register: A Modbus Exception Occurred - See Response Body
[2024-12-10T06:25:52.330Z] Error reading or processing Modbus registers: A Modbus Exception Occurred - See Response Body
[2024-12-10T06:25:52.332Z] Error reading register 6507 for IP 10.30.4.128: A Modbus Exception Occurred - See Response Body
[2024-12-10T06:25:52.333Z] Error reading actual data: A Modbus Exception Occurred - See Response Body
[2024-12-10T06:25:52.334Z] Error writing to Modbus register: A Modbus Exception Occurred - See Response Body
[2024-12-10T06:25:53.345Z] Error reading or processing Modbus registers: A Modbus Exception Occurred - See Response Body
[2024-12-10T06:25:53.347Z] Error reading register 6507 for IP 10.30.4.128: A Modbus Exception Occurred - See Response Body
[2024-12-10T06:25:53.348Z] Error reading actual data: A Modbus Exception Occurred - See Response Body
[2024-12-10T06:25:53.349Z] Error writing to Modbus register: A Modbus Exception Occurred - See Response Body
[2024-12-10T06:25:54.356Z] Error reading or processing Modbus registers: A Modbus Exception Occurred - See Response Body
[2024-12-10T06:25:54.359Z] Error reading register 6507 for IP 10.30.4.128: A Modbus Exception Occurred - See Response Body
[2024-12-10T06:25:54.359Z] Error reading actual data: A Modbus Exception Occurred - See Response Body
[2024-12-10T06:25:54.360Z] Error writing to Modbus register: A Modbus Exception Occurred - See Response Body
[2024-12-10T06:25:55.371Z] Error reading or processing Modbus registers: A Modbus Exception Occurred - See Response Body
[2024-12-10T06:25:55.374Z] Error reading register 6507 for IP 10.30.4.128: A Modbus Exception Occurred - See Response Body
[2024-12-10T06:25:55.374Z] Error reading actual data: A Modbus Exception Occurred - See Response Body
[2024-12-10T06:25:55.375Z] Error writing to Modbus register: A Modbus Exception Occurred - See Response Body
[2024-12-10T06:25:56.371Z] Error reading or processing Modbus registers: A Modbus Exception Occurred - See Response Body
[2024-12-10T06:25:56.373Z] Error reading register 6507 for IP 10.30.4.128: A Modbus Exception Occurred - See Response Body
[2024-12-10T06:25:56.373Z] Error reading actual data: A Modbus Exception Occurred - See Response Body
[2024-12-10T06:25:56.374Z] Error writing to Modbus register: A Modbus Exception Occurred - See Response Body
[2024-12-10T06:25:57.384Z] Error reading or processing Modbus registers: A Modbus Exception Occurred - See Response Body
[2024-12-10T06:25:57.386Z] Error reading register 6507 for IP 10.30.4.128: A Modbus Exception Occurred - See Response Body
[2024-12-10T06:25:57.387Z] Error reading actual data: A Modbus Exception Occurred - See Response Body
[2024-12-10T06:25:57.388Z] Error writing to Modbus register: A Modbus Exception Occurred - See Response Body
[2024-12-10T06:25:58.396Z] Error reading or processing Modbus registers: A Modbus Exception Occurred - See Response Body
[2024-12-10T06:25:58.399Z] Error reading register 6507 for IP 10.30.4.128: A Modbus Exception Occurred - See Response Body
[2024-12-10T06:25:58.400Z] Error reading actual data: A Modbus Exception Occurred - See Response Body
[2024-12-10T06:25:58.401Z] Error writing to Modbus register: A Modbus Exception Occurred - See Response Body
[2024-12-10T06:25:59.411Z] Error reading or processing Modbus registers: A Modbus Exception Occurred - See Response Body
[2024-12-10T06:25:59.413Z] Error reading register 6507 for IP 10.30.4.128: A Modbus Exception Occurred - See Response Body
[2024-12-10T06:25:59.414Z] Error reading actual data: A Modbus Exception Occurred - See Response Body
[2024-12-10T06:25:59.415Z] Error writing to Modbus register: A Modbus Exception Occurred - See Response Body
[2024-12-10T06:26:00.424Z] Error reading or processing Modbus registers: A Modbus Exception Occurred - See Response Body
[2024-12-10T06:26:00.426Z] Error reading register 6507 for IP 10.30.4.128: A Modbus Exception Occurred - See Response Body
[2024-12-10T06:26:00.427Z] Error reading actual data: A Modbus Exception Occurred - See Response Body
[2024-12-10T06:26:00.427Z] Error writing to Modbus register: A Modbus Exception Occurred - See Response Body
[2024-12-10T06:26:01.432Z] Error reading or processing Modbus registers: A Modbus Exception Occurred - See Response Body
[2024-12-10T06:26:01.434Z] Error reading register 6507 for IP 10.30.4.128: A Modbus Exception Occurred - See Response Body
[2024-12-10T06:26:01.435Z] Error reading actual data: A Modbus Exception Occurred - See Response Body
[2024-12-10T06:26:01.435Z] Error writing to Modbus register: A Modbus Exception Occurred - See Response Body
[2024-12-10T06:26:02.446Z] Error reading or processing Modbus registers: A Modbus Exception Occurred - See Response Body
[2024-12-10T06:26:02.448Z] Error reading register 6507 for IP 10.30.4.128: A Modbus Exception Occurred - See Response Body
[2024-12-10T06:26:02.449Z] Error reading actual data: A Modbus Exception Occurred - See Response Body
[2024-12-10T06:26:02.449Z] Error writing to Modbus register: A Modbus Exception Occurred - See Response Body
[2024-12-10T06:26:03.445Z] Error reading or processing Modbus registers: A Modbus Exception Occurred - See Response Body
[2024-12-10T06:26:03.450Z] Error reading register 6507 for IP 10.30.4.128: A Modbus Exception Occurred - See Response Body
[2024-12-10T06:26:03.451Z] Error reading actual data: A Modbus Exception Occurred - See Response Body
[2024-12-10T06:26:03.451Z] Error writing to Modbus register: A Modbus Exception Occurred - See Response Body
[2024-12-10T06:26:04.458Z] Error reading or processing Modbus registers: A Modbus Exception Occurred - See Response Body
[2024-12-10T06:26:04.460Z] Error reading register 6507 for IP 10.30.4.128: A Modbus Exception Occurred - See Response Body
[2024-12-10T06:26:04.461Z] Error reading actual data: A Modbus Exception Occurred - See Response Body
[2024-12-10T06:26:04.461Z] Error writing to Modbus register: A Modbus Exception Occurred - See Response Body
[2024-12-10T06:26:05.457Z] Error reading or processing Modbus registers: A Modbus Exception Occurred - See Response Body
[2024-12-10T06:26:05.460Z] Error reading register 6507 for IP 10.30.4.128: A Modbus Exception Occurred - See Response Body
[2024-12-10T06:26:05.460Z] Error reading actual data: A Modbus Exception Occurred - See Response Body
[2024-12-10T06:26:05.461Z] Error writing to Modbus register: A Modbus Exception Occurred - See Response Body
[2024-12-10T06:26:06.458Z] Error reading or processing Modbus registers: A Modbus Exception Occurred - See Response Body
[2024-12-10T06:26:06.461Z] Error reading register 6507 for IP 10.30.4.128: A Modbus Exception Occurred - See Response Body
[2024-12-10T06:26:06.461Z] Error reading actual data: A Modbus Exception Occurred - See Response Body
[2024-12-10T06:26:06.462Z] Error writing to Modbus register: A Modbus Exception Occurred - See Response Body
[2024-12-10T06:26:07.458Z] Error reading or processing Modbus registers: A Modbus Exception Occurred - See Response Body
[2024-12-10T06:26:07.461Z] Error reading register 6507 for IP 10.30.4.128: A Modbus Exception Occurred - See Response Body
[2024-12-10T06:26:07.462Z] Error reading actual data: A Modbus Exception Occurred - See Response Body
[2024-12-10T06:26:07.462Z] Error writing to Modbus register: A Modbus Exception Occurred - See Response Body
[2024-12-10T06:26:08.471Z] Error reading or processing Modbus registers: A Modbus Exception Occurred - See Response Body
[2024-12-10T06:26:08.473Z] Error reading register 6507 for IP 10.30.4.128: A Modbus Exception Occurred - See Response Body
[2024-12-10T06:26:08.474Z] Error reading actual data: A Modbus Exception Occurred - See Response Body
[2024-12-10T06:26:08.474Z] Error writing to Modbus register: A Modbus Exception Occurred - See Response Body
[2024-12-10T06:26:09.482Z] Error reading or processing Modbus registers: A Modbus Exception Occurred - See Response Body
[2024-12-10T06:26:09.484Z] Error reading register 6507 for IP 10.30.4.128: A Modbus Exception Occurred - See Response Body
[2024-12-10T06:26:09.485Z] Error reading actual data: A Modbus Exception Occurred - See Response Body
[2024-12-10T06:26:09.485Z] Error writing to Modbus register: A Modbus Exception Occurred - See Response Body
[2024-12-10T06:26:10.482Z] Error reading or processing Modbus registers: A Modbus Exception Occurred - See Response Body
[2024-12-10T06:26:10.484Z] Error reading register 6507 for IP 10.30.4.128: A Modbus Exception Occurred - See Response Body
[2024-12-10T06:26:10.484Z] Error reading actual data: A Modbus Exception Occurred - See Response Body
[2024-12-10T06:26:10.485Z] Error writing to Modbus register: A Modbus Exception Occurred - See Response Body
[2024-12-10T06:26:11.496Z] Error reading or processing Modbus registers: A Modbus Exception Occurred - See Response Body
[2024-12-10T06:26:11.498Z] Error reading register 6507 for IP 10.30.4.128: A Modbus Exception Occurred - See Response Body
[2024-12-10T06:26:11.499Z] Error reading actual data: A Modbus Exception Occurred - See Response Body
[2024-12-10T06:26:11.499Z] Error writing to Modbus register: A Modbus Exception Occurred - See Response Body
[2024-12-10T06:26:12.509Z] Error reading or processing Modbus registers: A Modbus Exception Occurred - See Response Body
[2024-12-10T06:26:12.512Z] Error reading register 6507 for IP 10.30.4.128: A Modbus Exception Occurred - See Response Body
[2024-12-10T06:26:12.513Z] Error reading actual data: A Modbus Exception Occurred - See Response Body
[2024-12-10T06:26:12.513Z] Error writing to Modbus register: A Modbus Exception Occurred - See Response Body
[2024-12-10T06:26:13.509Z] Error reading or processing Modbus registers: A Modbus Exception Occurred - See Response Body
[2024-12-10T06:26:13.511Z] Error reading register 6507 for IP 10.30.4.128: A Modbus Exception Occurred - See Response Body
[2024-12-10T06:26:13.512Z] Error reading actual data: A Modbus Exception Occurred - See Response Body
[2024-12-10T06:26:13.513Z] Error writing to Modbus register: A Modbus Exception Occurred - See Response Body
[2024-12-10T06:26:14.523Z] Error reading or processing Modbus registers: A Modbus Exception Occurred - See Response Body
[2024-12-10T06:26:14.526Z] Error reading register 6507 for IP 10.30.4.128: A Modbus Exception Occurred - See Response Body
[2024-12-10T06:26:14.527Z] Error reading actual data: A Modbus Exception Occurred - See Response Body
[2024-12-10T06:26:14.528Z] Error writing to Modbus register: A Modbus Exception Occurred - See Response Body
[2024-12-10T06:26:15.535Z] Error reading or processing Modbus registers: A Modbus Exception Occurred - See Response Body
[2024-12-10T06:26:15.537Z] Error reading register 6507 for IP 10.30.4.128: A Modbus Exception Occurred - See Response Body
[2024-12-10T06:26:15.538Z] Error reading actual data: A Modbus Exception Occurred - See Response Body
[2024-12-10T06:26:15.539Z] Error writing to Modbus register: A Modbus Exception Occurred - See Response Body
[2024-12-10T06:26:16.549Z] Error reading or processing Modbus registers: A Modbus Exception Occurred - See Response Body
[2024-12-10T06:26:16.552Z] Error reading register 6507 for IP 10.30.4.128: A Modbus Exception Occurred - See Response Body
[2024-12-10T06:26:16.552Z] Error reading actual data: A Modbus Exception Occurred - See Response Body
[2024-12-10T06:26:16.553Z] Error writing to Modbus register: A Modbus Exception Occurred - See Response Body
[2024-12-10T06:26:17.563Z] Error reading or processing Modbus registers: A Modbus Exception Occurred - See Response Body
[2024-12-10T06:26:17.566Z] Error reading register 6507 for IP 10.30.4.128: A Modbus Exception Occurred - See Response Body
[2024-12-10T06:26:17.567Z] Error reading actual data: A Modbus Exception Occurred - See Response Body
[2024-12-10T06:26:17.567Z] Error writing to Modbus register: A Modbus Exception Occurred - See Response Body
[2024-12-10T06:26:18.563Z] Error reading or processing Modbus registers: A Modbus Exception Occurred - See Response Body
[2024-12-10T06:26:18.565Z] Error reading register 6507 for IP 10.30.4.128: A Modbus Exception Occurred - See Response Body
[2024-12-10T06:26:18.566Z] Error reading actual data: A Modbus Exception Occurred - See Response Body
[2024-12-10T06:26:18.567Z] Error writing to Modbus register: A Modbus Exception Occurred - See Response Body
[2024-12-10T06:26:19.577Z] Error reading or processing Modbus registers: A Modbus Exception Occurred - See Response Body
[2024-12-10T06:26:19.581Z] Error reading register 6507 for IP 10.30.4.128: A Modbus Exception Occurred - See Response Body
[2024-12-10T06:26:19.581Z] Error reading actual data: A Modbus Exception Occurred - See Response Body
[2024-12-10T06:26:19.582Z] Error writing to Modbus register: A Modbus Exception Occurred - See Response Body
[2024-12-10T06:26:20.591Z] Error reading or processing Modbus registers: A Modbus Exception Occurred - See Response Body
[2024-12-10T06:26:20.594Z] Error reading register 6507 for IP 10.30.4.128: A Modbus Exception Occurred - See Response Body
[2024-12-10T06:26:20.597Z] Error reading actual data: A Modbus Exception Occurred - See Response Body
[2024-12-10T06:26:20.598Z] Error writing to Modbus register: A Modbus Exception Occurred - See Response Body
[2024-12-10T06:26:21.591Z] Error reading or processing Modbus registers: A Modbus Exception Occurred - See Response Body
[2024-12-10T06:26:21.594Z] Error reading register 6507 for IP 10.30.4.128: A Modbus Exception Occurred - See Response Body
[2024-12-10T06:26:21.595Z] Error reading actual data: A Modbus Exception Occurred - See Response Body
[2024-12-10T06:26:21.595Z] Error writing to Modbus register: A Modbus Exception Occurred - See Response Body
[2024-12-10T06:26:22.591Z] Error reading or processing Modbus registers: A Modbus Exception Occurred - See Response Body
[2024-12-10T06:26:22.593Z] Error reading register 6507 for IP 10.30.4.128: A Modbus Exception Occurred - See Response Body
[2024-12-10T06:26:22.594Z] Error reading actual data: A Modbus Exception Occurred - See Response Body
[2024-12-10T06:26:22.595Z] Error writing to Modbus register: A Modbus Exception Occurred - See Response Body
[2024-12-10T06:26:23.603Z] Error reading or processing Modbus registers: A Modbus Exception Occurred - See Response Body
[2024-12-10T06:26:23.606Z] Error reading register 6507 for IP 10.30.4.128: A Modbus Exception Occurred - See Response Body
[2024-12-10T06:26:23.606Z] Error reading actual data: A Modbus Exception Occurred - See Response Body
[2024-12-10T06:26:23.610Z] Error writing to Modbus register: A Modbus Exception Occurred - See Response Body
[2024-12-10T06:26:24.616Z] Error reading or processing Modbus registers: A Modbus Exception Occurred - See Response Body
[2024-12-10T06:26:24.618Z] Error reading register 6507 for IP 10.30.4.128: A Modbus Exception Occurred - See Response Body
[2024-12-10T06:26:24.619Z] Error reading actual data: A Modbus Exception Occurred - See Response Body
[2024-12-10T06:26:24.620Z] Error writing to Modbus register: A Modbus Exception Occurred - See Response Body
[2024-12-10T06:26:25.631Z] Error reading or processing Modbus registers: A Modbus Exception Occurred - See Response Body
[2024-12-10T06:26:25.633Z] Error reading register 6507 for IP 10.30.4.128: A Modbus Exception Occurred - See Response Body
[2024-12-10T06:26:25.634Z] Error reading actual data: A Modbus Exception Occurred - See Response Body
[2024-12-10T06:26:25.634Z] Error writing to Modbus register: A Modbus Exception Occurred - See Response Body
[2024-12-10T06:26:26.633Z] Error reading or processing Modbus registers: A Modbus Exception Occurred - See Response Body
[2024-12-10T06:26:26.636Z] Error reading register 6507 for IP 10.30.4.128: A Modbus Exception Occurred - See Response Body
[2024-12-10T06:26:26.637Z] Error reading actual data: A Modbus Exception Occurred - See Response Body
[2024-12-10T06:26:26.637Z] Error writing to Modbus register: A Modbus Exception Occurred - See Response Body
[2024-12-10T06:26:27.648Z] Error reading or processing Modbus registers: A Modbus Exception Occurred - See Response Body
[2024-12-10T06:26:27.651Z] Error reading register 6507 for IP 10.30.4.128: A Modbus Exception Occurred - See Response Body
[2024-12-10T06:26:27.651Z] Error reading actual data: A Modbus Exception Occurred - See Response Body
[2024-12-10T06:26:27.652Z] Error writing to Modbus register: A Modbus Exception Occurred - See Response Body
[2024-12-10T06:26:28.661Z] Error reading or processing Modbus registers: A Modbus Exception Occurred - See Response Body
[2024-12-10T06:26:28.663Z] Error reading register 6507 for IP 10.30.4.128: A Modbus Exception Occurred - See Response Body
[2024-12-10T06:26:28.663Z] Error reading actual data: A Modbus Exception Occurred - See Response Body
[2024-12-10T06:26:28.664Z] Error writing to Modbus register: A Modbus Exception Occurred - See Response Body
[2024-12-10T06:26:29.661Z] Error reading or processing Modbus registers: A Modbus Exception Occurred - See Response Body
[2024-12-10T06:26:29.664Z] Error reading register 6507 for IP 10.30.4.128: A Modbus Exception Occurred - See Response Body
[2024-12-10T06:26:29.664Z] Error reading actual data: A Modbus Exception Occurred - See Response Body
[2024-12-10T06:26:29.665Z] Error writing to Modbus register: A Modbus Exception Occurred - See Response Body
[2024-12-10T06:26:30.675Z] Error reading or processing Modbus registers: A Modbus Exception Occurred - See Response Body
[2024-12-10T06:26:30.679Z] Error reading register 6507 for IP 10.30.4.128: A Modbus Exception Occurred - See Response Body
[2024-12-10T06:26:30.680Z] Error reading actual data: A Modbus Exception Occurred - See Response Body
[2024-12-10T06:26:30.680Z] Error writing to Modbus register: A Modbus Exception Occurred - See Response Body
[2024-12-10T06:26:31.680Z] Error reading or processing Modbus registers: A Modbus Exception Occurred - See Response Body
[2024-12-10T06:26:31.682Z] Error reading register 6507 for IP 10.30.4.128: A Modbus Exception Occurred - See Response Body
[2024-12-10T06:26:31.683Z] Error reading actual data: A Modbus Exception Occurred - See Response Body
[2024-12-10T06:26:31.684Z] Error writing to Modbus register: A Modbus Exception Occurred - See Response Body
[2024-12-10T06:26:32.694Z] Error reading or processing Modbus registers: A Modbus Exception Occurred - See Response Body
[2024-12-10T06:26:32.696Z] Error reading register 6507 for IP 10.30.4.128: A Modbus Exception Occurred - See Response Body
[2024-12-10T06:26:32.697Z] Error reading actual data: A Modbus Exception Occurred - See Response Body
[2024-12-10T06:26:32.697Z] Error writing to Modbus register: A Modbus Exception Occurred - See Response Body
[2024-12-10T06:26:33.694Z] Error reading or processing Modbus registers: A Modbus Exception Occurred - See Response Body
[2024-12-10T06:26:33.696Z] Error reading register 6507 for IP 10.30.4.128: A Modbus Exception Occurred - See Response Body
[2024-12-10T06:26:33.696Z] Error reading actual data: A Modbus Exception Occurred - See Response Body
[2024-12-10T06:26:33.697Z] Error writing to Modbus register: A Modbus Exception Occurred - See Response Body
[2024-12-10T06:26:34.706Z] Error reading or processing Modbus registers: A Modbus Exception Occurred - See Response Body
[2024-12-10T06:26:34.708Z] Error reading register 6507 for IP 10.30.4.128: A Modbus Exception Occurred - See Response Body
[2024-12-10T06:26:34.709Z] Error reading actual data: A Modbus Exception Occurred - See Response Body
[2024-12-10T06:26:34.709Z] Error writing to Modbus register: A Modbus Exception Occurred - See Response Body
[2024-12-10T06:26:35.719Z] Error reading or processing Modbus registers: A Modbus Exception Occurred - See Response Body
[2024-12-10T06:26:35.722Z] Error reading register 6507 for IP 10.30.4.128: A Modbus Exception Occurred - See Response Body
[2024-12-10T06:26:35.723Z] Error reading actual data: A Modbus Exception Occurred - See Response Body
[2024-12-10T06:26:35.723Z] Error writing to Modbus register: A Modbus Exception Occurred - See Response Body
[2024-12-10T06:26:36.734Z] Error reading or processing Modbus registers: A Modbus Exception Occurred - See Response Body
[2024-12-10T06:26:36.737Z] Error reading register 6507 for IP 10.30.4.128: A Modbus Exception Occurred - See Response Body
[2024-12-10T06:26:36.738Z] Error reading actual data: A Modbus Exception Occurred - See Response Body
[2024-12-10T06:26:36.738Z] Error writing to Modbus register: A Modbus Exception Occurred - See Response Body
[2024-12-10T06:26:37.747Z] Error reading or processing Modbus registers: A Modbus Exception Occurred - See Response Body
[2024-12-10T06:26:37.750Z] Error reading register 6507 for IP 10.30.4.128: A Modbus Exception Occurred - See Response Body
[2024-12-10T06:26:37.751Z] Error reading actual data: A Modbus Exception Occurred - See Response Body
[2024-12-10T06:26:37.751Z] Error writing to Modbus register: A Modbus Exception Occurred - See Response Body
[2024-12-10T06:26:38.761Z] Error reading or processing Modbus registers: A Modbus Exception Occurred - See Response Body
[2024-12-10T06:26:38.764Z] Error reading register 6507 for IP 10.30.4.128: A Modbus Exception Occurred - See Response Body
[2024-12-10T06:26:38.764Z] Error reading actual data: A Modbus Exception Occurred - See Response Body
[2024-12-10T06:26:38.765Z] Error writing to Modbus register: A Modbus Exception Occurred - See Response Body
[2024-12-10T06:26:39.775Z] Error reading or processing Modbus registers: A Modbus Exception Occurred - See Response Body
[2024-12-10T06:26:39.778Z] Error reading register 6507 for IP 10.30.4.128: A Modbus Exception Occurred - See Response Body
[2024-12-10T06:26:39.778Z] Error reading actual data: A Modbus Exception Occurred - See Response Body
[2024-12-10T06:26:39.779Z] Error writing to Modbus register: A Modbus Exception Occurred - See Response Body
[2024-12-10T06:26:40.790Z] Error reading or processing Modbus registers: A Modbus Exception Occurred - See Response Body
[2024-12-10T06:26:40.793Z] Error reading register 6507 for IP 10.30.4.128: A Modbus Exception Occurred - See Response Body
[2024-12-10T06:26:40.794Z] Error reading actual data: A Modbus Exception Occurred - See Response Body
[2024-12-10T06:26:40.794Z] Error writing to Modbus register: A Modbus Exception Occurred - See Response Body
[2024-12-10T06:26:41.791Z] Error reading or processing Modbus registers: A Modbus Exception Occurred - See Response Body
[2024-12-10T06:26:41.793Z] Error reading register 6507 for IP 10.30.4.128: A Modbus Exception Occurred - See Response Body
[2024-12-10T06:26:41.794Z] Error reading actual data: A Modbus Exception Occurred - See Response Body
[2024-12-10T06:26:41.794Z] Error writing to Modbus register: A Modbus Exception Occurred - See Response Body
[2024-12-10T06:26:42.804Z] Error reading or processing Modbus registers: A Modbus Exception Occurred - See Response Body
[2024-12-10T06:26:42.807Z] Error reading register 6507 for IP 10.30.4.128: A Modbus Exception Occurred - See Response Body
[2024-12-10T06:26:42.808Z] Error reading actual data: A Modbus Exception Occurred - See Response Body
[2024-12-10T06:26:42.808Z] Error writing to Modbus register: A Modbus Exception Occurred - See Response Body
[2024-12-10T06:26:43.819Z] Error reading or processing Modbus registers: A Modbus Exception Occurred - See Response Body
[2024-12-10T06:26:43.821Z] Error reading register 6507 for IP 10.30.4.128: A Modbus Exception Occurred - See Response Body
[2024-12-10T06:26:43.822Z] Error reading actual data: A Modbus Exception Occurred - See Response Body
[2024-12-10T06:26:43.823Z] Error writing to Modbus register: A Modbus Exception Occurred - See Response Body
[2024-12-10T06:26:44.832Z] Error reading or processing Modbus registers: A Modbus Exception Occurred - See Response Body
[2024-12-10T06:26:44.834Z] Error reading register 6507 for IP 10.30.4.128: A Modbus Exception Occurred - See Response Body
[2024-12-10T06:26:44.835Z] Error reading actual data: A Modbus Exception Occurred - See Response Body
[2024-12-10T06:26:44.835Z] Error writing to Modbus register: A Modbus Exception Occurred - See Response Body
[2024-12-10T06:26:45.845Z] Error reading or processing Modbus registers: A Modbus Exception Occurred - See Response Body
[2024-12-10T06:26:45.848Z] Error reading register 6507 for IP 10.30.4.128: A Modbus Exception Occurred - See Response Body
[2024-12-10T06:26:45.848Z] Error reading actual data: A Modbus Exception Occurred - See Response Body
[2024-12-10T06:26:45.849Z] Error writing to Modbus register: A Modbus Exception Occurred - See Response Body
[2024-12-10T06:26:46.859Z] Error reading or processing Modbus registers: A Modbus Exception Occurred - See Response Body
[2024-12-10T06:26:46.862Z] Error reading register 6507 for IP 10.30.4.128: A Modbus Exception Occurred - See Response Body
[2024-12-10T06:26:46.862Z] Error reading actual data: A Modbus Exception Occurred - See Response Body
[2024-12-10T06:26:46.863Z] Error writing to Modbus register: A Modbus Exception Occurred - See Response Body
[2024-12-10T06:26:47.874Z] Error reading or processing Modbus registers: A Modbus Exception Occurred - See Response Body
[2024-12-10T06:26:47.876Z] Error reading register 6507 for IP 10.30.4.128: A Modbus Exception Occurred - See Response Body
[2024-12-10T06:26:47.877Z] Error reading actual data: A Modbus Exception Occurred - See Response Body
[2024-12-10T06:26:47.878Z] Error writing to Modbus register: A Modbus Exception Occurred - See Response Body
[2024-12-10T06:26:48.887Z] Error reading or processing Modbus registers: A Modbus Exception Occurred - See Response Body
[2024-12-10T06:26:48.890Z] Error reading register 6507 for IP 10.30.4.128: A Modbus Exception Occurred - See Response Body
[2024-12-10T06:26:48.891Z] Error reading actual data: A Modbus Exception Occurred - See Response Body
[2024-12-10T06:26:48.892Z] Error writing to Modbus register: A Modbus Exception Occurred - See Response Body
[2024-12-10T06:26:49.900Z] Error reading or processing Modbus registers: A Modbus Exception Occurred - See Response Body
[2024-12-10T06:26:49.902Z] Error reading register 6507 for IP 10.30.4.128: A Modbus Exception Occurred - See Response Body
[2024-12-10T06:26:49.903Z] Error reading actual data: A Modbus Exception Occurred - See Response Body
[2024-12-10T06:26:49.903Z] Error writing to Modbus register: A Modbus Exception Occurred - See Response Body
[2024-12-10T06:26:50.913Z] Error reading or processing Modbus registers: A Modbus Exception Occurred - See Response Body
[2024-12-10T06:26:50.915Z] Error reading register 6507 for IP 10.30.4.128: A Modbus Exception Occurred - See Response Body
[2024-12-10T06:26:50.916Z] Error reading actual data: A Modbus Exception Occurred - See Response Body
[2024-12-10T06:26:50.916Z] Error writing to Modbus register: A Modbus Exception Occurred - See Response Body
[2024-12-10T06:26:51.912Z] Error reading or processing Modbus registers: A Modbus Exception Occurred - See Response Body
[2024-12-10T06:26:51.915Z] Error reading register 6507 for IP 10.30.4.128: A Modbus Exception Occurred - See Response Body
[2024-12-10T06:26:51.916Z] Error reading actual data: A Modbus Exception Occurred - See Response Body
[2024-12-10T06:26:51.916Z] Error writing to Modbus register: A Modbus Exception Occurred - See Response Body
[2024-12-10T06:26:52.928Z] Error reading or processing Modbus registers: A Modbus Exception Occurred - See Response Body
[2024-12-10T06:26:52.931Z] Error reading register 6507 for IP 10.30.4.128: A Modbus Exception Occurred - See Response Body
[2024-12-10T06:26:52.931Z] Error reading actual data: A Modbus Exception Occurred - See Response Body
[2024-12-10T06:26:52.932Z] Error writing to Modbus register: A Modbus Exception Occurred - See Response Body
[2024-12-10T06:26:53.949Z] Error reading or processing Modbus registers: A Modbus Exception Occurred - See Response Body
[2024-12-10T06:26:53.952Z] Error reading register 6507 for IP 10.30.4.128: A Modbus Exception Occurred - See Response Body
[2024-12-10T06:26:53.953Z] Error reading actual data: A Modbus Exception Occurred - See Response Body
[2024-12-10T06:26:53.954Z] Error writing to Modbus register: A Modbus Exception Occurred - See Response Body
[2024-12-10T06:26:54.935Z] Error reading or processing Modbus registers: A Modbus Exception Occurred - See Response Body
[2024-12-10T06:26:54.937Z] Error reading register 6507 for IP 10.30.4.128: A Modbus Exception Occurred - See Response Body
[2024-12-10T06:26:54.938Z] Error reading actual data: A Modbus Exception Occurred - See Response Body
[2024-12-10T06:26:54.938Z] Error writing to Modbus register: A Modbus Exception Occurred - See Response Body
[2024-12-10T06:26:55.948Z] Error reading or processing Modbus registers: A Modbus Exception Occurred - See Response Body
[2024-12-10T06:26:55.951Z] Error reading register 6507 for IP 10.30.4.128: A Modbus Exception Occurred - See Response Body
[2024-12-10T06:26:55.951Z] Error reading actual data: A Modbus Exception Occurred - See Response Body
[2024-12-10T06:26:55.952Z] Error writing to Modbus register: A Modbus Exception Occurred - See Response Body
[2024-12-10T06:26:56.958Z] Error reading or processing Modbus registers: A Modbus Exception Occurred - See Response Body
[2024-12-10T06:26:56.960Z] Error reading register 6507 for IP 10.30.4.128: A Modbus Exception Occurred - See Response Body
[2024-12-10T06:26:56.961Z] Error reading actual data: A Modbus Exception Occurred - See Response Body
[2024-12-10T06:26:56.962Z] Error writing to Modbus register: A Modbus Exception Occurred - See Response Body
[2024-12-10T06:26:57.964Z] Error reading or processing Modbus registers: A Modbus Exception Occurred - See Response Body
[2024-12-10T06:26:57.967Z] Error reading register 6507 for IP 10.30.4.128: A Modbus Exception Occurred - See Response Body
[2024-12-10T06:26:57.968Z] Error reading actual data: A Modbus Exception Occurred - See Response Body
[2024-12-10T06:26:57.969Z] Error writing to Modbus register: A Modbus Exception Occurred - See Response Body
[2024-12-10T06:26:58.978Z] Error reading or processing Modbus registers: A Modbus Exception Occurred - See Response Body
[2024-12-10T06:26:58.981Z] Error reading register 6507 for IP 10.30.4.128: A Modbus Exception Occurred - See Response Body
[2024-12-10T06:26:58.982Z] Error reading actual data: A Modbus Exception Occurred - See Response Body
[2024-12-10T06:26:58.982Z] Error writing to Modbus register: A Modbus Exception Occurred - See Response Body
[2024-12-10T06:26:59.993Z] Error reading or processing Modbus registers: A Modbus Exception Occurred - See Response Body
[2024-12-10T06:26:59.996Z] Error reading register 6507 for IP 10.30.4.128: A Modbus Exception Occurred - See Response Body
[2024-12-10T06:26:59.997Z] Error reading actual data: A Modbus Exception Occurred - See Response Body
[2024-12-10T06:26:59.997Z] Error writing to Modbus register: A Modbus Exception Occurred - See Response Body
[2024-12-10T06:27:00.994Z] Error reading or processing Modbus registers: A Modbus Exception Occurred - See Response Body
[2024-12-10T06:27:00.996Z] Error reading register 6507 for IP 10.30.4.128: A Modbus Exception Occurred - See Response Body
[2024-12-10T06:27:00.997Z] Error reading actual data: A Modbus Exception Occurred - See Response Body
[2024-12-10T06:27:00.998Z] Error writing to Modbus register: A Modbus Exception Occurred - See Response Body
[2024-12-10T06:27:02.003Z] Error reading or processing Modbus registers: A Modbus Exception Occurred - See Response Body
[2024-12-10T06:27:02.006Z] Error reading register 6507 for IP 10.30.4.128: A Modbus Exception Occurred - See Response Body
[2024-12-10T06:27:02.006Z] Error reading actual data: A Modbus Exception Occurred - See Response Body
[2024-12-10T06:27:02.007Z] Error writing to Modbus register: A Modbus Exception Occurred - See Response Body
[2024-12-10T06:27:03.014Z] Error reading or processing Modbus registers: A Modbus Exception Occurred - See Response Body
[2024-12-10T06:27:03.017Z] Error reading register 6507 for IP 10.30.4.128: A Modbus Exception Occurred - See Response Body
[2024-12-10T06:27:03.018Z] Error reading actual data: A Modbus Exception Occurred - See Response Body
[2024-12-10T06:27:03.019Z] Error writing to Modbus register: A Modbus Exception Occurred - See Response Body
[2024-12-10T06:27:04.029Z] Error reading or processing Modbus registers: A Modbus Exception Occurred - See Response Body
[2024-12-10T06:27:04.031Z] Error reading register 6507 for IP 10.30.4.128: A Modbus Exception Occurred - See Response Body
[2024-12-10T06:27:04.031Z] Error reading actual data: A Modbus Exception Occurred - See Response Body
[2024-12-10T06:27:04.032Z] Error writing to Modbus register: A Modbus Exception Occurred - See Response Body
[2024-12-10T06:27:05.043Z] Error reading or processing Modbus registers: A Modbus Exception Occurred - See Response Body
[2024-12-10T06:27:05.045Z] Error reading register 6507 for IP 10.30.4.128: A Modbus Exception Occurred - See Response Body
[2024-12-10T06:27:05.046Z] Error reading actual data: A Modbus Exception Occurred - See Response Body
[2024-12-10T06:27:05.047Z] Error writing to Modbus register: A Modbus Exception Occurred - See Response Body
[2024-12-10T06:27:06.059Z] Error reading or processing Modbus registers: A Modbus Exception Occurred - See Response Body
[2024-12-10T06:27:06.061Z] Error reading register 6507 for IP 10.30.4.128: A Modbus Exception Occurred - See Response Body
[2024-12-10T06:27:06.062Z] Error reading actual data: A Modbus Exception Occurred - See Response Body
[2024-12-10T06:27:06.062Z] Error writing to Modbus register: A Modbus Exception Occurred - See Response Body
[2024-12-10T06:27:07.071Z] Error reading or processing Modbus registers: A Modbus Exception Occurred - See Response Body
[2024-12-10T06:27:07.074Z] Error reading register 6507 for IP 10.30.4.128: A Modbus Exception Occurred - See Response Body
[2024-12-10T06:27:07.075Z] Error reading actual data: A Modbus Exception Occurred - See Response Body
[2024-12-10T06:27:07.075Z] Error writing to Modbus register: A Modbus Exception Occurred - See Response Body
[2024-12-10T06:27:08.071Z] Error reading or processing Modbus registers: A Modbus Exception Occurred - See Response Body
[2024-12-10T06:27:08.073Z] Error reading register 6507 for IP 10.30.4.128: A Modbus Exception Occurred - See Response Body
[2024-12-10T06:27:08.074Z] Error reading actual data: A Modbus Exception Occurred - See Response Body
[2024-12-10T06:27:08.074Z] Error writing to Modbus register: A Modbus Exception Occurred - See Response Body
[2024-12-10T06:27:09.083Z] Error reading or processing Modbus registers: A Modbus Exception Occurred - See Response Body
[2024-12-10T06:27:09.086Z] Error reading register 6507 for IP 10.30.4.128: A Modbus Exception Occurred - See Response Body
[2024-12-10T06:27:09.087Z] Error reading actual data: A Modbus Exception Occurred - See Response Body
[2024-12-10T06:27:09.088Z] Error writing to Modbus register: A Modbus Exception Occurred - See Response Body
[2024-12-10T06:27:10.084Z] Error reading or processing Modbus registers: A Modbus Exception Occurred - See Response Body
[2024-12-10T06:27:10.086Z] Error reading register 6507 for IP 10.30.4.128: A Modbus Exception Occurred - See Response Body
[2024-12-10T06:27:10.088Z] Error reading actual data: A Modbus Exception Occurred - See Response Body
[2024-12-10T06:27:10.089Z] Error writing to Modbus register: A Modbus Exception Occurred - See Response Body
[2024-12-10T06:27:11.098Z] Error reading or processing Modbus registers: A Modbus Exception Occurred - See Response Body
[2024-12-10T06:27:11.100Z] Error reading register 6507 for IP 10.30.4.128: A Modbus Exception Occurred - See Response Body
[2024-12-10T06:27:11.101Z] Error reading actual data: A Modbus Exception Occurred - See Response Body
[2024-12-10T06:27:11.102Z] Error writing to Modbus register: A Modbus Exception Occurred - See Response Body
[2024-12-10T06:27:12.112Z] Error reading or processing Modbus registers: A Modbus Exception Occurred - See Response Body
[2024-12-10T06:27:12.115Z] Error reading register 6507 for IP 10.30.4.128: A Modbus Exception Occurred - See Response Body
[2024-12-10T06:27:12.116Z] Error reading actual data: A Modbus Exception Occurred - See Response Body
[2024-12-10T06:27:12.116Z] Error writing to Modbus register: A Modbus Exception Occurred - See Response Body
[2024-12-10T06:27:13.126Z] Error reading or processing Modbus registers: A Modbus Exception Occurred - See Response Body
[2024-12-10T06:27:13.129Z] Error reading register 6507 for IP 10.30.4.128: A Modbus Exception Occurred - See Response Body
[2024-12-10T06:27:13.130Z] Error reading actual data: A Modbus Exception Occurred - See Response Body
[2024-12-10T06:27:13.131Z] Error writing to Modbus register: A Modbus Exception Occurred - See Response Body
[2024-12-10T06:27:14.128Z] Error reading or processing Modbus registers: A Modbus Exception Occurred - See Response Body
[2024-12-10T06:27:14.131Z] Error reading register 6507 for IP 10.30.4.128: A Modbus Exception Occurred - See Response Body
[2024-12-10T06:27:14.132Z] Error reading actual data: A Modbus Exception Occurred - See Response Body
[2024-12-10T06:27:14.133Z] Error writing to Modbus register: A Modbus Exception Occurred - See Response Body
[2024-12-10T06:27:15.141Z] Error reading or processing Modbus registers: A Modbus Exception Occurred - See Response Body
[2024-12-10T06:27:15.144Z] Error reading register 6507 for IP 10.30.4.128: A Modbus Exception Occurred - See Response Body
[2024-12-10T06:27:15.145Z] Error reading actual data: A Modbus Exception Occurred - See Response Body
[2024-12-10T06:27:15.145Z] Error writing to Modbus register: A Modbus Exception Occurred - See Response Body
[2024-12-10T06:27:16.141Z] Error reading or processing Modbus registers: A Modbus Exception Occurred - See Response Body
[2024-12-10T06:27:16.144Z] Error reading register 6507 for IP 10.30.4.128: A Modbus Exception Occurred - See Response Body
[2024-12-10T06:27:16.145Z] Error reading actual data: A Modbus Exception Occurred - See Response Body
[2024-12-10T06:27:16.146Z] Error writing to Modbus register: A Modbus Exception Occurred - See Response Body
[2024-12-10T06:27:17.142Z] Error reading or processing Modbus registers: A Modbus Exception Occurred - See Response Body
[2024-12-10T06:27:17.145Z] Error reading register 6507 for IP 10.30.4.128: A Modbus Exception Occurred - See Response Body
[2024-12-10T06:27:17.146Z] Error reading actual data: A Modbus Exception Occurred - See Response Body
[2024-12-10T06:27:17.147Z] Error writing to Modbus register: A Modbus Exception Occurred - See Response Body
[2024-12-10T06:27:18.155Z] Error reading or processing Modbus registers: A Modbus Exception Occurred - See Response Body
[2024-12-10T06:27:18.158Z] Error reading register 6507 for IP 10.30.4.128: A Modbus Exception Occurred - See Response Body
[2024-12-10T06:27:18.159Z] Error reading actual data: A Modbus Exception Occurred - See Response Body
[2024-12-10T06:27:18.159Z] Error writing to Modbus register: A Modbus Exception Occurred - See Response Body
[2024-12-10T06:27:19.169Z] Error reading or processing Modbus registers: A Modbus Exception Occurred - See Response Body
[2024-12-10T06:27:19.172Z] Error reading register 6507 for IP 10.30.4.128: A Modbus Exception Occurred - See Response Body
[2024-12-10T06:27:19.173Z] Error reading actual data: A Modbus Exception Occurred - See Response Body
[2024-12-10T06:27:19.174Z] Error writing to Modbus register: A Modbus Exception Occurred - See Response Body
[2024-12-10T06:27:20.171Z] Error reading or processing Modbus registers: A Modbus Exception Occurred - See Response Body
[2024-12-10T06:27:20.174Z] Error reading register 6507 for IP 10.30.4.128: A Modbus Exception Occurred - See Response Body
[2024-12-10T06:27:20.175Z] Error reading actual data: A Modbus Exception Occurred - See Response Body
[2024-12-10T06:27:20.176Z] Error writing to Modbus register: A Modbus Exception Occurred - See Response Body
[2024-12-10T06:27:21.184Z] Error reading or processing Modbus registers: A Modbus Exception Occurred - See Response Body
[2024-12-10T06:27:21.186Z] Error reading register 6507 for IP 10.30.4.128: A Modbus Exception Occurred - See Response Body
[2024-12-10T06:27:21.186Z] Error reading actual data: A Modbus Exception Occurred - See Response Body
[2024-12-10T06:27:21.187Z] Error writing to Modbus register: A Modbus Exception Occurred - See Response Body
[2024-12-10T06:27:22.200Z] Error reading or processing Modbus registers: A Modbus Exception Occurred - See Response Body
[2024-12-10T06:27:22.203Z] Error reading register 6507 for IP 10.30.4.128: A Modbus Exception Occurred - See Response Body
[2024-12-10T06:27:22.204Z] Error reading actual data: A Modbus Exception Occurred - See Response Body
[2024-12-10T06:27:22.207Z] Error writing to Modbus register: A Modbus Exception Occurred - See Response Body
[2024-12-10T06:27:23.214Z] Error reading or processing Modbus registers: A Modbus Exception Occurred - See Response Body
[2024-12-10T06:27:23.216Z] Error reading register 6507 for IP 10.30.4.128: A Modbus Exception Occurred - See Response Body
[2024-12-10T06:27:23.217Z] Error reading actual data: A Modbus Exception Occurred - See Response Body
[2024-12-10T06:27:23.217Z] Error writing to Modbus register: A Modbus Exception Occurred - See Response Body
[2024-12-10T06:27:24.226Z] Error reading or processing Modbus registers: A Modbus Exception Occurred - See Response Body
[2024-12-10T06:27:24.228Z] Error reading register 6507 for IP 10.30.4.128: A Modbus Exception Occurred - See Response Body
[2024-12-10T06:27:24.228Z] Error reading actual data: A Modbus Exception Occurred - See Response Body
[2024-12-10T06:27:24.229Z] Error writing to Modbus register: A Modbus Exception Occurred - See Response Body
[2024-12-10T06:27:25.227Z] Error reading or processing Modbus registers: A Modbus Exception Occurred - See Response Body
[2024-12-10T06:27:25.230Z] Error reading register 6507 for IP 10.30.4.128: A Modbus Exception Occurred - See Response Body
[2024-12-10T06:27:25.231Z] Error reading actual data: A Modbus Exception Occurred - See Response Body
[2024-12-10T06:27:25.232Z] Error writing to Modbus register: A Modbus Exception Occurred - See Response Body
[2024-12-10T06:27:26.242Z] Error reading or processing Modbus registers: A Modbus Exception Occurred - See Response Body
[2024-12-10T06:27:26.244Z] Error reading register 6507 for IP 10.30.4.128: A Modbus Exception Occurred - See Response Body
[2024-12-10T06:27:26.245Z] Error reading actual data: A Modbus Exception Occurred - See Response Body
[2024-12-10T06:27:26.246Z] Error writing to Modbus register: A Modbus Exception Occurred - See Response Body
[2024-12-10T06:27:27.256Z] Error reading or processing Modbus registers: A Modbus Exception Occurred - See Response Body
[2024-12-10T06:27:27.259Z] Error reading register 6507 for IP 10.30.4.128: A Modbus Exception Occurred - See Response Body
[2024-12-10T06:27:27.260Z] Error reading actual data: A Modbus Exception Occurred - See Response Body
[2024-12-10T06:27:27.260Z] Error writing to Modbus register: A Modbus Exception Occurred - See Response Body
[2024-12-10T06:27:28.256Z] Error reading or processing Modbus registers: A Modbus Exception Occurred - See Response Body
[2024-12-10T06:27:28.259Z] Error reading register 6507 for IP 10.30.4.128: A Modbus Exception Occurred - See Response Body
[2024-12-10T06:27:28.259Z] Error reading actual data: A Modbus Exception Occurred - See Response Body
[2024-12-10T06:27:28.260Z] Error writing to Modbus register: A Modbus Exception Occurred - See Response Body
[2024-12-10T06:27:29.272Z] Error reading or processing Modbus registers: A Modbus Exception Occurred - See Response Body
[2024-12-10T06:27:29.274Z] Error reading register 6507 for IP 10.30.4.128: A Modbus Exception Occurred - See Response Body
[2024-12-10T06:27:29.275Z] Error reading actual data: A Modbus Exception Occurred - See Response Body
[2024-12-10T06:27:29.275Z] Error writing to Modbus register: A Modbus Exception Occurred - See Response Body
[2024-12-10T06:27:30.287Z] Error reading or processing Modbus registers: A Modbus Exception Occurred - See Response Body
[2024-12-10T06:27:30.289Z] Error reading register 6507 for IP 10.30.4.128: A Modbus Exception Occurred - See Response Body
[2024-12-10T06:27:30.290Z] Error reading actual data: A Modbus Exception Occurred - See Response Body
[2024-12-10T06:27:30.290Z] Error writing to Modbus register: A Modbus Exception Occurred - See Response Body
[2024-12-10T06:27:31.301Z] Error reading or processing Modbus registers: A Modbus Exception Occurred - See Response Body
[2024-12-10T06:27:31.303Z] Error reading register 6507 for IP 10.30.4.128: A Modbus Exception Occurred - See Response Body
[2024-12-10T06:27:31.304Z] Error reading actual data: A Modbus Exception Occurred - See Response Body
[2024-12-10T06:27:31.304Z] Error writing to Modbus register: A Modbus Exception Occurred - See Response Body
[2024-12-10T06:27:32.315Z] Error reading or processing Modbus registers: A Modbus Exception Occurred - See Response Body
[2024-12-10T06:27:32.317Z] Error reading register 6507 for IP 10.30.4.128: A Modbus Exception Occurred - See Response Body
[2024-12-10T06:27:32.318Z] Error reading actual data: A Modbus Exception Occurred - See Response Body
[2024-12-10T06:27:32.319Z] Error writing to Modbus register: A Modbus Exception Occurred - See Response Body
[2024-12-10T06:27:33.320Z] Error reading or processing Modbus registers: A Modbus Exception Occurred - See Response Body
[2024-12-10T06:27:33.323Z] Error reading register 6507 for IP 10.30.4.128: A Modbus Exception Occurred - See Response Body
[2024-12-10T06:27:33.324Z] Error reading actual data: A Modbus Exception Occurred - See Response Body
[2024-12-10T06:27:33.324Z] Error writing to Modbus register: A Modbus Exception Occurred - See Response Body
[2024-12-10T06:27:34.329Z] Error reading or processing Modbus registers: A Modbus Exception Occurred - See Response Body
[2024-12-10T06:27:34.332Z] Error reading register 6507 for IP 10.30.4.128: A Modbus Exception Occurred - See Response Body
[2024-12-10T06:27:34.332Z] Error reading actual data: A Modbus Exception Occurred - See Response Body
[2024-12-10T06:27:34.333Z] Error writing to Modbus register: A Modbus Exception Occurred - See Response Body
[2024-12-10T06:27:35.344Z] Error reading or processing Modbus registers: A Modbus Exception Occurred - See Response Body
[2024-12-10T06:27:35.347Z] Error reading register 6507 for IP 10.30.4.128: A Modbus Exception Occurred - See Response Body
[2024-12-10T06:27:35.347Z] Error reading actual data: A Modbus Exception Occurred - See Response Body
[2024-12-10T06:27:35.348Z] Error writing to Modbus register: A Modbus Exception Occurred - See Response Body
[2024-12-10T06:27:36.359Z] Error reading or processing Modbus registers: A Modbus Exception Occurred - See Response Body
[2024-12-10T06:27:36.362Z] Error reading register 6507 for IP 10.30.4.128: A Modbus Exception Occurred - See Response Body
[2024-12-10T06:27:36.363Z] Error reading actual data: A Modbus Exception Occurred - See Response Body
[2024-12-10T06:27:36.363Z] Error writing to Modbus register: A Modbus Exception Occurred - See Response Body
[2024-12-10T06:27:37.360Z] Error reading or processing Modbus registers: A Modbus Exception Occurred - See Response Body
[2024-12-10T06:27:37.363Z] Error reading register 6507 for IP 10.30.4.128: A Modbus Exception Occurred - See Response Body
[2024-12-10T06:27:37.363Z] Error reading actual data: A Modbus Exception Occurred - See Response Body
[2024-12-10T06:27:37.364Z] Error writing to Modbus register: A Modbus Exception Occurred - See Response Body
[2024-12-10T06:27:38.363Z] Error reading or processing Modbus registers: A Modbus Exception Occurred - See Response Body
[2024-12-10T06:27:38.365Z] Error reading register 6507 for IP 10.30.4.128: A Modbus Exception Occurred - See Response Body
[2024-12-10T06:27:38.366Z] Error reading actual data: A Modbus Exception Occurred - See Response Body
[2024-12-10T06:27:38.367Z] Error writing to Modbus register: A Modbus Exception Occurred - See Response Body
[2024-12-10T06:27:39.365Z] Error reading or processing Modbus registers: A Modbus Exception Occurred - See Response Body
[2024-12-10T06:27:39.368Z] Error reading register 6507 for IP 10.30.4.128: A Modbus Exception Occurred - See Response Body
[2024-12-10T06:27:39.369Z] Error reading actual data: A Modbus Exception Occurred - See Response Body
[2024-12-10T06:27:39.369Z] Error writing to Modbus register: A Modbus Exception Occurred - See Response Body
[2024-12-10T06:27:40.376Z] Error reading or processing Modbus registers: A Modbus Exception Occurred - See Response Body
[2024-12-10T06:27:40.379Z] Error reading register 6507 for IP 10.30.4.128: A Modbus Exception Occurred - See Response Body
[2024-12-10T06:27:40.380Z] Error reading actual data: A Modbus Exception Occurred - See Response Body
[2024-12-10T06:27:40.380Z] Error writing to Modbus register: A Modbus Exception Occurred - See Response Body
[2024-12-10T06:27:41.388Z] Error reading or processing Modbus registers: A Modbus Exception Occurred - See Response Body
[2024-12-10T06:27:41.391Z] Error reading register 6507 for IP 10.30.4.128: A Modbus Exception Occurred - See Response Body
[2024-12-10T06:27:41.391Z] Error reading actual data: A Modbus Exception Occurred - See Response Body
[2024-12-10T06:27:41.392Z] Error writing to Modbus register: A Modbus Exception Occurred - See Response Body
[2024-12-10T06:27:42.393Z] Error reading or processing Modbus registers: A Modbus Exception Occurred - See Response Body
[2024-12-10T06:27:42.396Z] Error reading register 6507 for IP 10.30.4.128: A Modbus Exception Occurred - See Response Body
[2024-12-10T06:27:42.397Z] Error reading actual data: A Modbus Exception Occurred - See Response Body
[2024-12-10T06:27:42.397Z] Error writing to Modbus register: A Modbus Exception Occurred - See Response Body
[2024-12-10T06:27:43.406Z] Error reading or processing Modbus registers: A Modbus Exception Occurred - See Response Body
[2024-12-10T06:27:43.409Z] Error reading register 6507 for IP 10.30.4.128: A Modbus Exception Occurred - See Response Body
[2024-12-10T06:27:43.413Z] Error reading actual data: A Modbus Exception Occurred - See Response Body
[2024-12-10T06:27:43.414Z] Error writing to Modbus register: A Modbus Exception Occurred - See Response Body
[2024-12-10T06:27:44.417Z] Error reading or processing Modbus registers: A Modbus Exception Occurred - See Response Body
[2024-12-10T06:27:44.419Z] Error reading register 6507 for IP 10.30.4.128: A Modbus Exception Occurred - See Response Body
[2024-12-10T06:27:44.420Z] Error reading actual data: A Modbus Exception Occurred - See Response Body
[2024-12-10T06:27:44.420Z] Error writing to Modbus register: A Modbus Exception Occurred - See Response Body
[2024-12-10T06:27:45.421Z] Error reading or processing Modbus registers: A Modbus Exception Occurred - See Response Body
[2024-12-10T06:27:45.424Z] Error reading register 6507 for IP 10.30.4.128: A Modbus Exception Occurred - See Response Body
[2024-12-10T06:27:45.424Z] Error reading actual data: A Modbus Exception Occurred - See Response Body
[2024-12-10T06:27:45.425Z] Error writing to Modbus register: A Modbus Exception Occurred - See Response Body
[2024-12-10T06:27:46.433Z] Error reading or processing Modbus registers: A Modbus Exception Occurred - See Response Body
[2024-12-10T06:27:46.435Z] Error reading register 6507 for IP 10.30.4.128: A Modbus Exception Occurred - See Response Body
[2024-12-10T06:27:46.436Z] Error reading actual data: A Modbus Exception Occurred - See Response Body
[2024-12-10T06:27:46.436Z] Error writing to Modbus register: A Modbus Exception Occurred - See Response Body
[2024-12-10T06:27:47.446Z] Error reading or processing Modbus registers: A Modbus Exception Occurred - See Response Body
[2024-12-10T06:27:47.448Z] Error reading register 6507 for IP 10.30.4.128: A Modbus Exception Occurred - See Response Body
[2024-12-10T06:27:47.449Z] Error reading actual data: A Modbus Exception Occurred - See Response Body
[2024-12-10T06:27:47.449Z] Error writing to Modbus register: A Modbus Exception Occurred - See Response Body
[2024-12-10T06:27:48.459Z] Error reading or processing Modbus registers: A Modbus Exception Occurred - See Response Body
[2024-12-10T06:27:48.462Z] Error reading register 6507 for IP 10.30.4.128: A Modbus Exception Occurred - See Response Body
[2024-12-10T06:27:48.462Z] Error reading actual data: A Modbus Exception Occurred - See Response Body
[2024-12-10T06:27:48.463Z] Error writing to Modbus register: A Modbus Exception Occurred - See Response Body
[2024-12-10T06:27:49.474Z] Error reading or processing Modbus registers: A Modbus Exception Occurred - See Response Body
[2024-12-10T06:27:49.476Z] Error reading register 6507 for IP 10.30.4.128: A Modbus Exception Occurred - See Response Body
[2024-12-10T06:27:49.477Z] Error reading actual data: A Modbus Exception Occurred - See Response Body
[2024-12-10T06:27:49.478Z] Error writing to Modbus register: A Modbus Exception Occurred - See Response Body
[2024-12-10T06:27:50.489Z] Error reading or processing Modbus registers: A Modbus Exception Occurred - See Response Body
[2024-12-10T06:27:50.492Z] Error reading register 6507 for IP 10.30.4.128: A Modbus Exception Occurred - See Response Body
[2024-12-10T06:27:50.493Z] Error reading actual data: A Modbus Exception Occurred - See Response Body
[2024-12-10T06:27:50.493Z] Error writing to Modbus register: A Modbus Exception Occurred - See Response Body
[2024-12-10T06:27:51.503Z] Error reading or processing Modbus registers: A Modbus Exception Occurred - See Response Body
[2024-12-10T06:27:51.505Z] Error reading register 6507 for IP 10.30.4.128: A Modbus Exception Occurred - See Response Body
[2024-12-10T06:27:51.506Z] Error reading actual data: A Modbus Exception Occurred - See Response Body
[2024-12-10T06:27:51.507Z] Error writing to Modbus register: A Modbus Exception Occurred - See Response Body
[2024-12-10T06:27:52.517Z] Error reading or processing Modbus registers: A Modbus Exception Occurred - See Response Body
[2024-12-10T06:27:52.519Z] Error reading register 6507 for IP 10.30.4.128: A Modbus Exception Occurred - See Response Body
[2024-12-10T06:27:52.520Z] Error reading actual data: A Modbus Exception Occurred - See Response Body
[2024-12-10T06:27:52.520Z] Error writing to Modbus register: A Modbus Exception Occurred - See Response Body
[2024-12-10T06:27:53.530Z] Error reading or processing Modbus registers: A Modbus Exception Occurred - See Response Body
[2024-12-10T06:27:53.533Z] Error reading register 6507 for IP 10.30.4.128: A Modbus Exception Occurred - See Response Body
[2024-12-10T06:27:53.534Z] Error reading actual data: A Modbus Exception Occurred - See Response Body
[2024-12-10T06:27:53.534Z] Error writing to Modbus register: A Modbus Exception Occurred - See Response Body
[2024-12-10T06:27:54.545Z] Error reading or processing Modbus registers: A Modbus Exception Occurred - See Response Body
[2024-12-10T06:27:54.548Z] Error reading register 6507 for IP 10.30.4.128: A Modbus Exception Occurred - See Response Body
[2024-12-10T06:27:54.549Z] Error reading actual data: A Modbus Exception Occurred - See Response Body
[2024-12-10T06:27:54.549Z] Error writing to Modbus register: A Modbus Exception Occurred - See Response Body
[2024-12-10T06:27:55.559Z] Error reading or processing Modbus registers: A Modbus Exception Occurred - See Response Body
[2024-12-10T06:27:55.562Z] Error reading register 6507 for IP 10.30.4.128: A Modbus Exception Occurred - See Response Body
[2024-12-10T06:27:55.563Z] Error reading actual data: A Modbus Exception Occurred - See Response Body
[2024-12-10T06:27:55.563Z] Error writing to Modbus register: A Modbus Exception Occurred - See Response Body
[2024-12-10T06:27:56.576Z] Error reading or processing Modbus registers: A Modbus Exception Occurred - See Response Body
[2024-12-10T06:27:56.578Z] Error reading register 6507 for IP 10.30.4.128: A Modbus Exception Occurred - See Response Body
[2024-12-10T06:27:56.579Z] Error reading actual data: A Modbus Exception Occurred - See Response Body
[2024-12-10T06:27:56.580Z] Error writing to Modbus register: A Modbus Exception Occurred - See Response Body
[2024-12-10T06:27:57.576Z] Error reading or processing Modbus registers: A Modbus Exception Occurred - See Response Body
[2024-12-10T06:27:57.579Z] Error reading register 6507 for IP 10.30.4.128: A Modbus Exception Occurred - See Response Body
[2024-12-10T06:27:57.579Z] Error reading actual data: A Modbus Exception Occurred - See Response Body
[2024-12-10T06:27:57.580Z] Error writing to Modbus register: A Modbus Exception Occurred - See Response Body
[2024-12-10T06:27:58.577Z] Error reading or processing Modbus registers: A Modbus Exception Occurred - See Response Body
[2024-12-10T06:27:58.580Z] Error reading register 6507 for IP 10.30.4.128: A Modbus Exception Occurred - See Response Body
[2024-12-10T06:27:58.581Z] Error writing to Modbus register: A Modbus Exception Occurred - See Response Body
[2024-12-10T06:27:58.580Z] Error reading actual data: A Modbus Exception Occurred - See Response Body
[2024-12-10T06:27:59.578Z] Error reading or processing Modbus registers: A Modbus Exception Occurred - See Response Body
[2024-12-10T06:27:59.581Z] Error reading register 6507 for IP 10.30.4.128: A Modbus Exception Occurred - See Response Body
[2024-12-10T06:27:59.582Z] Error reading actual data: A Modbus Exception Occurred - See Response Body
[2024-12-10T06:27:59.582Z] Error writing to Modbus register: A Modbus Exception Occurred - See Response Body
[2024-12-10T06:28:00.592Z] Error reading or processing Modbus registers: A Modbus Exception Occurred - See Response Body
[2024-12-10T06:28:00.594Z] Error reading register 6507 for IP 10.30.4.128: A Modbus Exception Occurred - See Response Body
[2024-12-10T06:28:00.596Z] Error reading actual data: A Modbus Exception Occurred - See Response Body
[2024-12-10T06:28:00.596Z] Error writing to Modbus register: A Modbus Exception Occurred - See Response Body
[2024-12-10T06:28:01.607Z] Error reading or processing Modbus registers: A Modbus Exception Occurred - See Response Body
[2024-12-10T06:28:01.609Z] Error reading register 6507 for IP 10.30.4.128: A Modbus Exception Occurred - See Response Body
[2024-12-10T06:28:01.610Z] Error reading actual data: A Modbus Exception Occurred - See Response Body
[2024-12-10T06:28:01.610Z] Error writing to Modbus register: A Modbus Exception Occurred - See Response Body
[2024-12-10T06:28:02.621Z] Error reading or processing Modbus registers: A Modbus Exception Occurred - See Response Body
[2024-12-10T06:28:02.623Z] Error reading register 6507 for IP 10.30.4.128: A Modbus Exception Occurred - See Response Body
[2024-12-10T06:28:02.624Z] Error reading actual data: A Modbus Exception Occurred - See Response Body
[2024-12-10T06:28:02.624Z] Error writing to Modbus register: A Modbus Exception Occurred - See Response Body
[2024-12-10T06:28:03.622Z] Error reading or processing Modbus registers: A Modbus Exception Occurred - See Response Body
[2024-12-10T06:28:03.625Z] Error reading register 6507 for IP 10.30.4.128: A Modbus Exception Occurred - See Response Body
[2024-12-10T06:28:03.626Z] Error reading actual data: A Modbus Exception Occurred - See Response Body
[2024-12-10T06:28:03.626Z] Error writing to Modbus register: A Modbus Exception Occurred - See Response Body
[2024-12-10T06:28:04.623Z] Error reading or processing Modbus registers: A Modbus Exception Occurred - See Response Body
[2024-12-10T06:28:04.625Z] Error reading register 6507 for IP 10.30.4.128: A Modbus Exception Occurred - See Response Body
[2024-12-10T06:28:04.626Z] Error reading actual data: A Modbus Exception Occurred - See Response Body
[2024-12-10T06:28:04.627Z] Error writing to Modbus register: A Modbus Exception Occurred - See Response Body
[2024-12-10T06:28:05.635Z] Error reading or processing Modbus registers: A Modbus Exception Occurred - See Response Body
[2024-12-10T06:28:05.638Z] Error reading register 6507 for IP 10.30.4.128: A Modbus Exception Occurred - See Response Body
[2024-12-10T06:28:05.638Z] Error reading actual data: A Modbus Exception Occurred - See Response Body
[2024-12-10T06:28:05.639Z] Error writing to Modbus register: A Modbus Exception Occurred - See Response Body
[2024-12-10T06:28:06.637Z] Error reading or processing Modbus registers: A Modbus Exception Occurred - See Response Body
[2024-12-10T06:28:06.639Z] Error reading register 6507 for IP 10.30.4.128: A Modbus Exception Occurred - See Response Body
[2024-12-10T06:28:06.640Z] Error reading actual data: A Modbus Exception Occurred - See Response Body
[2024-12-10T06:28:06.640Z] Error writing to Modbus register: A Modbus Exception Occurred - See Response Body
[2024-12-10T06:28:07.637Z] Error reading or processing Modbus registers: A Modbus Exception Occurred - See Response Body
[2024-12-10T06:28:07.639Z] Error reading register 6507 for IP 10.30.4.128: A Modbus Exception Occurred - See Response Body
[2024-12-10T06:28:07.640Z] Error reading actual data: A Modbus Exception Occurred - See Response Body
[2024-12-10T06:28:07.640Z] Error writing to Modbus register: A Modbus Exception Occurred - See Response Body
[2024-12-10T06:28:08.637Z] Error reading or processing Modbus registers: A Modbus Exception Occurred - See Response Body
[2024-12-10T06:28:08.639Z] Error reading register 6507 for IP 10.30.4.128: A Modbus Exception Occurred - See Response Body
[2024-12-10T06:28:08.640Z] Error reading actual data: A Modbus Exception Occurred - See Response Body
[2024-12-10T06:28:08.641Z] Error writing to Modbus register: A Modbus Exception Occurred - See Response Body
[2024-12-10T06:28:09.641Z] Error reading or processing Modbus registers: A Modbus Exception Occurred - See Response Body
[2024-12-10T06:28:09.644Z] Error reading register 6507 for IP 10.30.4.128: A Modbus Exception Occurred - See Response Body
[2024-12-10T06:28:09.645Z] Error reading actual data: A Modbus Exception Occurred - See Response Body
[2024-12-10T06:28:09.645Z] Error writing to Modbus register: A Modbus Exception Occurred - See Response Body
[2024-12-10T06:28:10.650Z] Error reading or processing Modbus registers: A Modbus Exception Occurred - See Response Body
[2024-12-10T06:28:10.652Z] Error reading register 6507 for IP 10.30.4.128: A Modbus Exception Occurred - See Response Body
[2024-12-10T06:28:10.652Z] Error reading actual data: A Modbus Exception Occurred - See Response Body
[2024-12-10T06:28:10.653Z] Error writing to Modbus register: A Modbus Exception Occurred - See Response Body
[2024-12-10T06:28:11.662Z] Error reading or processing Modbus registers: A Modbus Exception Occurred - See Response Body
[2024-12-10T06:28:11.664Z] Error reading register 6507 for IP 10.30.4.128: A Modbus Exception Occurred - See Response Body
[2024-12-10T06:28:11.665Z] Error reading actual data: A Modbus Exception Occurred - See Response Body
[2024-12-10T06:28:11.665Z] Error writing to Modbus register: A Modbus Exception Occurred - See Response Body
[2024-12-10T06:28:12.663Z] Error reading or processing Modbus registers: A Modbus Exception Occurred - See Response Body
[2024-12-10T06:28:12.665Z] Error reading register 6507 for IP 10.30.4.128: A Modbus Exception Occurred - See Response Body
[2024-12-10T06:28:12.666Z] Error reading actual data: A Modbus Exception Occurred - See Response Body
[2024-12-10T06:28:12.667Z] Error writing to Modbus register: A Modbus Exception Occurred - See Response Body
[2024-12-10T06:28:13.678Z] Error reading or processing Modbus registers: A Modbus Exception Occurred - See Response Body
[2024-12-10T06:28:13.680Z] Error reading register 6507 for IP 10.30.4.128: A Modbus Exception Occurred - See Response Body
[2024-12-10T06:28:13.681Z] Error reading actual data: A Modbus Exception Occurred - See Response Body
[2024-12-10T06:28:13.682Z] Error writing to Modbus register: A Modbus Exception Occurred - See Response Body
[2024-12-10T06:28:14.679Z] Error reading or processing Modbus registers: A Modbus Exception Occurred - See Response Body
[2024-12-10T06:28:14.681Z] Error reading register 6507 for IP 10.30.4.128: A Modbus Exception Occurred - See Response Body
[2024-12-10T06:28:14.682Z] Error reading actual data: A Modbus Exception Occurred - See Response Body
[2024-12-10T06:28:14.683Z] Error writing to Modbus register: A Modbus Exception Occurred - See Response Body
[2024-12-10T06:28:15.694Z] Error reading or processing Modbus registers: A Modbus Exception Occurred - See Response Body
[2024-12-10T06:28:15.696Z] Error reading register 6507 for IP 10.30.4.128: A Modbus Exception Occurred - See Response Body
[2024-12-10T06:28:15.697Z] Error reading actual data: A Modbus Exception Occurred - See Response Body
[2024-12-10T06:28:15.697Z] Error writing to Modbus register: A Modbus Exception Occurred - See Response Body
[2024-12-10T06:28:16.706Z] Error reading or processing Modbus registers: A Modbus Exception Occurred - See Response Body
[2024-12-10T06:28:16.709Z] Error reading register 6507 for IP 10.30.4.128: A Modbus Exception Occurred - See Response Body
[2024-12-10T06:28:16.710Z] Error reading actual data: A Modbus Exception Occurred - See Response Body
[2024-12-10T06:28:16.710Z] Error writing to Modbus register: A Modbus Exception Occurred - See Response Body
[2024-12-10T06:28:17.720Z] Error reading or processing Modbus registers: A Modbus Exception Occurred - See Response Body
[2024-12-10T06:28:17.722Z] Error reading register 6507 for IP 10.30.4.128: A Modbus Exception Occurred - See Response Body
[2024-12-10T06:28:17.723Z] Error reading actual data: A Modbus Exception Occurred - See Response Body
[2024-12-10T06:28:17.723Z] Error writing to Modbus register: A Modbus Exception Occurred - See Response Body
[2024-12-10T06:28:18.719Z] Error reading or processing Modbus registers: A Modbus Exception Occurred - See Response Body
[2024-12-10T06:28:18.723Z] Error reading register 6507 for IP 10.30.4.128: A Modbus Exception Occurred - See Response Body
[2024-12-10T06:28:18.724Z] Error reading actual data: A Modbus Exception Occurred - See Response Body
[2024-12-10T06:28:18.724Z] Error writing to Modbus register: A Modbus Exception Occurred - See Response Body
[2024-12-10T06:28:19.721Z] Error reading or processing Modbus registers: A Modbus Exception Occurred - See Response Body
[2024-12-10T06:28:19.724Z] Error reading register 6507 for IP 10.30.4.128: A Modbus Exception Occurred - See Response Body
[2024-12-10T06:28:19.725Z] Error reading actual data: A Modbus Exception Occurred - See Response Body
[2024-12-10T06:28:19.725Z] Error writing to Modbus register: A Modbus Exception Occurred - See Response Body
[2024-12-10T06:28:20.734Z] Error reading or processing Modbus registers: A Modbus Exception Occurred - See Response Body
[2024-12-10T06:28:20.737Z] Error reading register 6507 for IP 10.30.4.128: A Modbus Exception Occurred - See Response Body
[2024-12-10T06:28:20.738Z] Error reading actual data: A Modbus Exception Occurred - See Response Body
[2024-12-10T06:28:20.739Z] Error writing to Modbus register: A Modbus Exception Occurred - See Response Body
[2024-12-10T06:28:21.748Z] Error reading or processing Modbus registers: A Modbus Exception Occurred - See Response Body
[2024-12-10T06:28:21.750Z] Error reading register 6507 for IP 10.30.4.128: A Modbus Exception Occurred - See Response Body
[2024-12-10T06:28:21.751Z] Error reading actual data: A Modbus Exception Occurred - See Response Body
[2024-12-10T06:28:21.751Z] Error writing to Modbus register: A Modbus Exception Occurred - See Response Body
[2024-12-10T06:28:22.762Z] Error reading or processing Modbus registers: A Modbus Exception Occurred - See Response Body
[2024-12-10T06:28:22.765Z] Error reading register 6507 for IP 10.30.4.128: A Modbus Exception Occurred - See Response Body
[2024-12-10T06:28:22.765Z] Error reading actual data: A Modbus Exception Occurred - See Response Body
[2024-12-10T06:28:22.766Z] Error writing to Modbus register: A Modbus Exception Occurred - See Response Body
[2024-12-10T06:28:23.776Z] Error reading or processing Modbus registers: A Modbus Exception Occurred - See Response Body
[2024-12-10T06:28:23.779Z] Error reading register 6507 for IP 10.30.4.128: A Modbus Exception Occurred - See Response Body
[2024-12-10T06:28:23.780Z] Error reading actual data: A Modbus Exception Occurred - See Response Body
[2024-12-10T06:28:23.780Z] Error writing to Modbus register: A Modbus Exception Occurred - See Response Body
[2024-12-10T06:28:24.793Z] Error reading or processing Modbus registers: A Modbus Exception Occurred - See Response Body
[2024-12-10T06:28:24.795Z] Error reading register 6507 for IP 10.30.4.128: A Modbus Exception Occurred - See Response Body
[2024-12-10T06:28:24.796Z] Error reading actual data: A Modbus Exception Occurred - See Response Body
[2024-12-10T06:28:24.796Z] Error writing to Modbus register: A Modbus Exception Occurred - See Response Body
[2024-12-10T06:28:25.804Z] Error reading or processing Modbus registers: A Modbus Exception Occurred - See Response Body
[2024-12-10T06:28:25.806Z] Error reading register 6507 for IP 10.30.4.128: A Modbus Exception Occurred - See Response Body
[2024-12-10T06:28:25.807Z] Error reading actual data: A Modbus Exception Occurred - See Response Body
[2024-12-10T06:28:25.807Z] Error writing to Modbus register: A Modbus Exception Occurred - See Response Body
[2024-12-10T06:28:26.807Z] Error reading or processing Modbus registers: A Modbus Exception Occurred - See Response Body
[2024-12-10T06:28:26.809Z] Error reading register 6507 for IP 10.30.4.128: A Modbus Exception Occurred - See Response Body
[2024-12-10T06:28:26.810Z] Error reading actual data: A Modbus Exception Occurred - See Response Body
[2024-12-10T06:28:26.810Z] Error writing to Modbus register: A Modbus Exception Occurred - See Response Body
[2024-12-10T06:28:27.810Z] Error reading or processing Modbus registers: A Modbus Exception Occurred - See Response Body
[2024-12-10T06:28:27.812Z] Error reading register 6507 for IP 10.30.4.128: A Modbus Exception Occurred - See Response Body
[2024-12-10T06:28:27.813Z] Error reading actual data: A Modbus Exception Occurred - See Response Body
[2024-12-10T06:28:27.813Z] Error writing to Modbus register: A Modbus Exception Occurred - See Response Body
[2024-12-10T06:28:28.824Z] Error reading or processing Modbus registers: A Modbus Exception Occurred - See Response Body
[2024-12-10T06:28:28.826Z] Error reading register 6507 for IP 10.30.4.128: A Modbus Exception Occurred - See Response Body
[2024-12-10T06:28:28.826Z] Error reading actual data: A Modbus Exception Occurred - See Response Body
[2024-12-10T06:28:28.827Z] Error writing to Modbus register: A Modbus Exception Occurred - See Response Body
[2024-12-10T06:28:29.829Z] Error reading or processing Modbus registers: A Modbus Exception Occurred - See Response Body
[2024-12-10T06:28:29.832Z] Error reading register 6507 for IP 10.30.4.128: A Modbus Exception Occurred - See Response Body
[2024-12-10T06:28:29.832Z] Error reading actual data: A Modbus Exception Occurred - See Response Body
[2024-12-10T06:28:29.833Z] Error writing to Modbus register: A Modbus Exception Occurred - See Response Body
[2024-12-10T06:28:30.830Z] Error reading or processing Modbus registers: A Modbus Exception Occurred - See Response Body
[2024-12-10T06:28:30.832Z] Error reading register 6507 for IP 10.30.4.128: A Modbus Exception Occurred - See Response Body
[2024-12-10T06:28:30.833Z] Error reading actual data: A Modbus Exception Occurred - See Response Body
[2024-12-10T06:28:30.833Z] Error writing to Modbus register: A Modbus Exception Occurred - See Response Body
[2024-12-10T06:28:31.830Z] Error reading or processing Modbus registers: A Modbus Exception Occurred - See Response Body
[2024-12-10T06:28:31.832Z] Error reading register 6507 for IP 10.30.4.128: A Modbus Exception Occurred - See Response Body
[2024-12-10T06:28:31.833Z] Error reading actual data: A Modbus Exception Occurred - See Response Body
[2024-12-10T06:28:31.834Z] Error writing to Modbus register: A Modbus Exception Occurred - See Response Body
[2024-12-10T06:28:32.843Z] Error reading or processing Modbus registers: A Modbus Exception Occurred - See Response Body
[2024-12-10T06:28:32.846Z] Error reading register 6507 for IP 10.30.4.128: A Modbus Exception Occurred - See Response Body
[2024-12-10T06:28:32.847Z] Error reading actual data: A Modbus Exception Occurred - See Response Body
[2024-12-10T06:28:32.847Z] Error writing to Modbus register: A Modbus Exception Occurred - See Response Body
[2024-12-10T06:28:33.851Z] Error reading or processing Modbus registers: A Modbus Exception Occurred - See Response Body
[2024-12-10T06:28:33.855Z] Error reading register 6507 for IP 10.30.4.128: A Modbus Exception Occurred - See Response Body
[2024-12-10T06:28:33.856Z] Error reading actual data: A Modbus Exception Occurred - See Response Body
[2024-12-10T06:28:33.856Z] Error writing to Modbus register: A Modbus Exception Occurred - See Response Body
[2024-12-10T06:28:34.864Z] Error reading or processing Modbus registers: A Modbus Exception Occurred - See Response Body
[2024-12-10T06:28:34.866Z] Error reading register 6507 for IP 10.30.4.128: A Modbus Exception Occurred - See Response Body
[2024-12-10T06:28:34.867Z] Error reading actual data: A Modbus Exception Occurred - See Response Body
[2024-12-10T06:28:34.867Z] Error writing to Modbus register: A Modbus Exception Occurred - See Response Body
[2024-12-10T06:28:35.865Z] Error reading or processing Modbus registers: A Modbus Exception Occurred - See Response Body
[2024-12-10T06:28:35.867Z] Error reading register 6507 for IP 10.30.4.128: A Modbus Exception Occurred - See Response Body
[2024-12-10T06:28:35.868Z] Error reading actual data: A Modbus Exception Occurred - See Response Body
[2024-12-10T06:28:35.869Z] Error writing to Modbus register: A Modbus Exception Occurred - See Response Body
[2024-12-10T06:28:36.866Z] Error reading or processing Modbus registers: A Modbus Exception Occurred - See Response Body
[2024-12-10T06:28:36.868Z] Error reading register 6507 for IP 10.30.4.128: A Modbus Exception Occurred - See Response Body
[2024-12-10T06:28:36.869Z] Error reading actual data: A Modbus Exception Occurred - See Response Body
[2024-12-10T06:28:36.869Z] Error writing to Modbus register: A Modbus Exception Occurred - See Response Body
[2024-12-10T06:28:37.881Z] Error reading or processing Modbus registers: A Modbus Exception Occurred - See Response Body
[2024-12-10T06:28:37.883Z] Error reading register 6507 for IP 10.30.4.128: A Modbus Exception Occurred - See Response Body
[2024-12-10T06:28:37.883Z] Error reading actual data: A Modbus Exception Occurred - See Response Body
[2024-12-10T06:28:37.884Z] Error writing to Modbus register: A Modbus Exception Occurred - See Response Body
[2024-12-10T06:28:38.892Z] Error reading or processing Modbus registers: A Modbus Exception Occurred - See Response Body
[2024-12-10T06:28:38.894Z] Error reading register 6507 for IP 10.30.4.128: A Modbus Exception Occurred - See Response Body
[2024-12-10T06:28:38.895Z] Error reading actual data: A Modbus Exception Occurred - See Response Body
[2024-12-10T06:28:38.896Z] Error writing to Modbus register: A Modbus Exception Occurred - See Response Body
[2024-12-10T06:28:39.895Z] Error reading or processing Modbus registers: A Modbus Exception Occurred - See Response Body
[2024-12-10T06:28:39.898Z] Error reading register 6507 for IP 10.30.4.128: A Modbus Exception Occurred - See Response Body
[2024-12-10T06:28:39.899Z] Error reading actual data: A Modbus Exception Occurred - See Response Body
[2024-12-10T06:28:39.899Z] Error writing to Modbus register: A Modbus Exception Occurred - See Response Body
[2024-12-10T06:28:40.909Z] Error reading or processing Modbus registers: A Modbus Exception Occurred - See Response Body
[2024-12-10T06:28:40.912Z] Error reading register 6507 for IP 10.30.4.128: A Modbus Exception Occurred - See Response Body
[2024-12-10T06:28:40.913Z] Error reading actual data: A Modbus Exception Occurred - See Response Body
[2024-12-10T06:28:40.913Z] Error writing to Modbus register: A Modbus Exception Occurred - See Response Body
[2024-12-10T06:28:41.924Z] Error reading or processing Modbus registers: A Modbus Exception Occurred - See Response Body
[2024-12-10T06:28:41.927Z] Error reading register 6507 for IP 10.30.4.128: A Modbus Exception Occurred - See Response Body
[2024-12-10T06:28:41.927Z] Error reading actual data: A Modbus Exception Occurred - See Response Body
[2024-12-10T06:28:41.928Z] Error writing to Modbus register: A Modbus Exception Occurred - See Response Body
[2024-12-10T06:28:42.926Z] Error reading or processing Modbus registers: A Modbus Exception Occurred - See Response Body
[2024-12-10T06:28:42.929Z] Error reading register 6507 for IP 10.30.4.128: A Modbus Exception Occurred - See Response Body
[2024-12-10T06:28:42.929Z] Error reading actual data: A Modbus Exception Occurred - See Response Body
[2024-12-10T06:28:42.930Z] Error writing to Modbus register: A Modbus Exception Occurred - See Response Body
[2024-12-10T06:28:43.927Z] Error reading or processing Modbus registers: A Modbus Exception Occurred - See Response Body
[2024-12-10T06:28:43.929Z] Error reading register 6507 for IP 10.30.4.128: A Modbus Exception Occurred - See Response Body
[2024-12-10T06:28:43.930Z] Error reading actual data: A Modbus Exception Occurred - See Response Body
[2024-12-10T06:28:43.931Z] Error writing to Modbus register: A Modbus Exception Occurred - See Response Body
[2024-12-10T06:28:44.940Z] Error reading or processing Modbus registers: A Modbus Exception Occurred - See Response Body
[2024-12-10T06:28:44.942Z] Error reading register 6507 for IP 10.30.4.128: A Modbus Exception Occurred - See Response Body
[2024-12-10T06:28:44.943Z] Error reading actual data: A Modbus Exception Occurred - See Response Body
[2024-12-10T06:28:44.944Z] Error writing to Modbus register: A Modbus Exception Occurred - See Response Body
[2024-12-10T06:28:45.942Z] Error reading or processing Modbus registers: A Modbus Exception Occurred - See Response Body
[2024-12-10T06:28:45.944Z] Error reading register 6507 for IP 10.30.4.128: A Modbus Exception Occurred - See Response Body
[2024-12-10T06:28:45.945Z] Error reading actual data: A Modbus Exception Occurred - See Response Body
[2024-12-10T06:28:45.946Z] Error writing to Modbus register: A Modbus Exception Occurred - See Response Body
[2024-12-10T06:28:46.943Z] Error reading or processing Modbus registers: A Modbus Exception Occurred - See Response Body
[2024-12-10T06:28:46.945Z] Error reading register 6507 for IP 10.30.4.128: A Modbus Exception Occurred - See Response Body
[2024-12-10T06:28:46.946Z] Error reading actual data: A Modbus Exception Occurred - See Response Body
[2024-12-10T06:28:46.946Z] Error writing to Modbus register: A Modbus Exception Occurred - See Response Body
[2024-12-10T06:28:47.942Z] Error reading or processing Modbus registers: A Modbus Exception Occurred - See Response Body
[2024-12-10T06:28:47.945Z] Error reading register 6507 for IP 10.30.4.128: A Modbus Exception Occurred - See Response Body
[2024-12-10T06:28:47.946Z] Error reading actual data: A Modbus Exception Occurred - See Response Body
[2024-12-10T06:28:47.946Z] Error writing to Modbus register: A Modbus Exception Occurred - See Response Body
[2024-12-10T06:28:48.946Z] Error reading or processing Modbus registers: A Modbus Exception Occurred - See Response Body
[2024-12-10T06:28:48.948Z] Error reading register 6507 for IP 10.30.4.128: A Modbus Exception Occurred - See Response Body
[2024-12-10T06:28:48.949Z] Error reading actual data: A Modbus Exception Occurred - See Response Body
[2024-12-10T06:28:48.949Z] Error writing to Modbus register: A Modbus Exception Occurred - See Response Body
[2024-12-10T06:28:49.949Z] Error reading or processing Modbus registers: A Modbus Exception Occurred - See Response Body
[2024-12-10T06:28:49.951Z] Error reading register 6507 for IP 10.30.4.128: A Modbus Exception Occurred - See Response Body
[2024-12-10T06:28:49.952Z] Error reading actual data: A Modbus Exception Occurred - See Response Body
[2024-12-10T06:28:49.953Z] Error writing to Modbus register: A Modbus Exception Occurred - See Response Body
[2024-12-10T06:28:50.963Z] Error reading or processing Modbus registers: A Modbus Exception Occurred - See Response Body
[2024-12-10T06:28:50.965Z] Error reading register 6507 for IP 10.30.4.128: A Modbus Exception Occurred - See Response Body
[2024-12-10T06:28:50.966Z] Error reading actual data: A Modbus Exception Occurred - See Response Body
[2024-12-10T06:28:50.967Z] Error writing to Modbus register: A Modbus Exception Occurred - See Response Body
[2024-12-10T06:28:51.979Z] Error reading or processing Modbus registers: A Modbus Exception Occurred - See Response Body
[2024-12-10T06:28:51.984Z] Error reading register 6507 for IP 10.30.4.128: A Modbus Exception Occurred - See Response Body
[2024-12-10T06:28:51.985Z] Error reading actual data: A Modbus Exception Occurred - See Response Body
[2024-12-10T06:28:51.985Z] Error writing to Modbus register: A Modbus Exception Occurred - See Response Body
[2024-12-10T06:28:52.990Z] Error reading or processing Modbus registers: A Modbus Exception Occurred - See Response Body
[2024-12-10T06:28:52.992Z] Error reading register 6507 for IP 10.30.4.128: A Modbus Exception Occurred - See Response Body
[2024-12-10T06:28:52.993Z] Error reading actual data: A Modbus Exception Occurred - See Response Body
[2024-12-10T06:28:52.994Z] Error writing to Modbus register: A Modbus Exception Occurred - See Response Body
[2024-12-10T06:28:53.996Z] Error reading or processing Modbus registers: A Modbus Exception Occurred - See Response Body
[2024-12-10T06:28:53.998Z] Error reading register 6507 for IP 10.30.4.128: A Modbus Exception Occurred - See Response Body
[2024-12-10T06:28:53.999Z] Error reading actual data: A Modbus Exception Occurred - See Response Body
[2024-12-10T06:28:54.000Z] Error writing to Modbus register: A Modbus Exception Occurred - See Response Body
[2024-12-10T06:28:55.005Z] Error reading or processing Modbus registers: A Modbus Exception Occurred - See Response Body
[2024-12-10T06:28:55.007Z] Error reading register 6507 for IP 10.30.4.128: A Modbus Exception Occurred - See Response Body
[2024-12-10T06:28:55.007Z] Error reading actual data: A Modbus Exception Occurred - See Response Body
[2024-12-10T06:28:55.008Z] Error writing to Modbus register: A Modbus Exception Occurred - See Response Body
[2024-12-10T06:28:56.019Z] Error reading or processing Modbus registers: A Modbus Exception Occurred - See Response Body
[2024-12-10T06:28:56.021Z] Error reading register 6507 for IP 10.30.4.128: A Modbus Exception Occurred - See Response Body
[2024-12-10T06:28:56.021Z] Error reading actual data: A Modbus Exception Occurred - See Response Body
[2024-12-10T06:28:56.022Z] Error writing to Modbus register: A Modbus Exception Occurred - See Response Body
[2024-12-10T06:28:57.032Z] Error reading or processing Modbus registers: A Modbus Exception Occurred - See Response Body
[2024-12-10T06:28:57.035Z] Error reading register 6507 for IP 10.30.4.128: A Modbus Exception Occurred - See Response Body
[2024-12-10T06:28:57.036Z] Error writing to Modbus register: A Modbus Exception Occurred - See Response Body
[2024-12-10T06:28:57.036Z] Error reading actual data: A Modbus Exception Occurred - See Response Body
[2024-12-10T06:28:58.047Z] Error reading or processing Modbus registers: A Modbus Exception Occurred - See Response Body
[2024-12-10T06:28:58.049Z] Error reading register 6507 for IP 10.30.4.128: A Modbus Exception Occurred - See Response Body
[2024-12-10T06:28:58.049Z] Error reading actual data: A Modbus Exception Occurred - See Response Body
[2024-12-10T06:28:58.050Z] Error writing to Modbus register: A Modbus Exception Occurred - See Response Body
[2024-12-10T06:28:59.048Z] Error reading or processing Modbus registers: A Modbus Exception Occurred - See Response Body
[2024-12-10T06:28:59.050Z] Error reading register 6507 for IP 10.30.4.128: A Modbus Exception Occurred - See Response Body
[2024-12-10T06:28:59.051Z] Error reading actual data: A Modbus Exception Occurred - See Response Body
[2024-12-10T06:28:59.052Z] Error writing to Modbus register: A Modbus Exception Occurred - See Response Body
[2024-12-10T06:29:00.058Z] Error reading or processing Modbus registers: A Modbus Exception Occurred - See Response Body
[2024-12-10T06:29:00.061Z] Error reading register 6507 for IP 10.30.4.128: A Modbus Exception Occurred - See Response Body
[2024-12-10T06:29:00.063Z] Error reading actual data: A Modbus Exception Occurred - See Response Body
[2024-12-10T06:29:00.064Z] Error writing to Modbus register: A Modbus Exception Occurred - See Response Body
[2024-12-10T06:29:01.060Z] Error reading or processing Modbus registers: A Modbus Exception Occurred - See Response Body
[2024-12-10T06:29:01.062Z] Error reading register 6507 for IP 10.30.4.128: A Modbus Exception Occurred - See Response Body
[2024-12-10T06:29:01.063Z] Error reading actual data: A Modbus Exception Occurred - See Response Body
[2024-12-10T06:29:01.063Z] Error writing to Modbus register: A Modbus Exception Occurred - See Response Body
[2024-12-10T06:29:02.072Z] Error reading or processing Modbus registers: A Modbus Exception Occurred - See Response Body
[2024-12-10T06:29:02.074Z] Error reading register 6507 for IP 10.30.4.128: A Modbus Exception Occurred - See Response Body
[2024-12-10T06:29:02.075Z] Error reading actual data: A Modbus Exception Occurred - See Response Body
[2024-12-10T06:29:02.075Z] Error writing to Modbus register: A Modbus Exception Occurred - See Response Body
[2024-12-10T06:29:03.074Z] Error reading or processing Modbus registers: A Modbus Exception Occurred - See Response Body
[2024-12-10T06:29:03.076Z] Error reading register 6507 for IP 10.30.4.128: A Modbus Exception Occurred - See Response Body
[2024-12-10T06:29:03.076Z] Error reading actual data: A Modbus Exception Occurred - See Response Body
[2024-12-10T06:29:03.077Z] Error writing to Modbus register: A Modbus Exception Occurred - See Response Body
[2024-12-10T06:29:04.087Z] Error reading or processing Modbus registers: A Modbus Exception Occurred - See Response Body
[2024-12-10T06:29:04.090Z] Error reading register 6507 for IP 10.30.4.128: A Modbus Exception Occurred - See Response Body
[2024-12-10T06:29:04.091Z] Error reading actual data: A Modbus Exception Occurred - See Response Body
[2024-12-10T06:29:04.092Z] Error writing to Modbus register: A Modbus Exception Occurred - See Response Body
[2024-12-10T06:29:05.100Z] Error reading or processing Modbus registers: A Modbus Exception Occurred - See Response Body
[2024-12-10T06:29:05.103Z] Error reading register 6507 for IP 10.30.4.128: A Modbus Exception Occurred - See Response Body
[2024-12-10T06:29:05.104Z] Error reading actual data: A Modbus Exception Occurred - See Response Body
[2024-12-10T06:29:05.104Z] Error writing to Modbus register: A Modbus Exception Occurred - See Response Body
[2024-12-10T06:29:06.113Z] Error reading or processing Modbus registers: A Modbus Exception Occurred - See Response Body
[2024-12-10T06:29:06.115Z] Error reading register 6507 for IP 10.30.4.128: A Modbus Exception Occurred - See Response Body
[2024-12-10T06:29:06.116Z] Error reading actual data: A Modbus Exception Occurred - See Response Body
[2024-12-10T06:29:06.116Z] Error writing to Modbus register: A Modbus Exception Occurred - See Response Body
[2024-12-10T06:29:07.115Z] Error reading or processing Modbus registers: A Modbus Exception Occurred - See Response Body
[2024-12-10T06:29:07.118Z] Error reading register 6507 for IP 10.30.4.128: A Modbus Exception Occurred - See Response Body
[2024-12-10T06:29:07.119Z] Error reading actual data: A Modbus Exception Occurred - See Response Body
[2024-12-10T06:29:07.120Z] Error writing to Modbus register: A Modbus Exception Occurred - See Response Body
[2024-12-10T06:29:08.116Z] Error reading or processing Modbus registers: A Modbus Exception Occurred - See Response Body
[2024-12-10T06:29:08.119Z] Error reading register 6507 for IP 10.30.4.128: A Modbus Exception Occurred - See Response Body
[2024-12-10T06:29:08.119Z] Error reading actual data: A Modbus Exception Occurred - See Response Body
[2024-12-10T06:29:08.120Z] Error writing to Modbus register: A Modbus Exception Occurred - See Response Body
[2024-12-10T06:29:09.124Z] Error reading or processing Modbus registers: A Modbus Exception Occurred - See Response Body
[2024-12-10T06:29:09.127Z] Error reading register 6507 for IP 10.30.4.128: A Modbus Exception Occurred - See Response Body
[2024-12-10T06:29:09.128Z] Error reading actual data: A Modbus Exception Occurred - See Response Body
[2024-12-10T06:29:09.128Z] Error writing to Modbus register: A Modbus Exception Occurred - See Response Body
[2024-12-10T06:29:10.124Z] Error reading or processing Modbus registers: A Modbus Exception Occurred - See Response Body
[2024-12-10T06:29:10.127Z] Error reading register 6507 for IP 10.30.4.128: A Modbus Exception Occurred - See Response Body
[2024-12-10T06:29:10.128Z] Error reading actual data: A Modbus Exception Occurred - See Response Body
[2024-12-10T06:29:10.128Z] Error writing to Modbus register: A Modbus Exception Occurred - See Response Body
[2024-12-10T06:29:11.138Z] Error reading or processing Modbus registers: A Modbus Exception Occurred - See Response Body
[2024-12-10T06:29:11.140Z] Error reading register 6507 for IP 10.30.4.128: A Modbus Exception Occurred - See Response Body
[2024-12-10T06:29:11.141Z] Error reading actual data: A Modbus Exception Occurred - See Response Body
[2024-12-10T06:29:11.142Z] Error writing to Modbus register: A Modbus Exception Occurred - See Response Body
[2024-12-10T06:29:12.151Z] Error reading or processing Modbus registers: A Modbus Exception Occurred - See Response Body
[2024-12-10T06:29:12.154Z] Error reading register 6507 for IP 10.30.4.128: A Modbus Exception Occurred - See Response Body
[2024-12-10T06:29:12.154Z] Error reading actual data: A Modbus Exception Occurred - See Response Body
[2024-12-10T06:29:12.155Z] Error writing to Modbus register: A Modbus Exception Occurred - See Response Body
[2024-12-10T06:29:13.166Z] Error reading or processing Modbus registers: A Modbus Exception Occurred - See Response Body
[2024-12-10T06:29:13.168Z] Error reading register 6507 for IP 10.30.4.128: A Modbus Exception Occurred - See Response Body
[2024-12-10T06:29:13.169Z] Error reading actual data: A Modbus Exception Occurred - See Response Body
[2024-12-10T06:29:13.169Z] Error writing to Modbus register: A Modbus Exception Occurred - See Response Body
[2024-12-10T06:29:14.180Z] Error reading or processing Modbus registers: A Modbus Exception Occurred - See Response Body
[2024-12-10T06:29:14.182Z] Error reading register 6507 for IP 10.30.4.128: A Modbus Exception Occurred - See Response Body
[2024-12-10T06:29:14.183Z] Error reading actual data: A Modbus Exception Occurred - See Response Body
[2024-12-10T06:29:14.183Z] Error writing to Modbus register: A Modbus Exception Occurred - See Response Body
[2024-12-10T06:29:15.191Z] Error reading or processing Modbus registers: A Modbus Exception Occurred - See Response Body
[2024-12-10T06:29:15.193Z] Error reading register 6507 for IP 10.30.4.128: A Modbus Exception Occurred - See Response Body
[2024-12-10T06:29:15.194Z] Error reading actual data: A Modbus Exception Occurred - See Response Body
[2024-12-10T06:29:15.195Z] Error writing to Modbus register: A Modbus Exception Occurred - See Response Body
[2024-12-10T06:29:16.193Z] Error reading or processing Modbus registers: A Modbus Exception Occurred - See Response Body
[2024-12-10T06:29:16.195Z] Error reading register 6507 for IP 10.30.4.128: A Modbus Exception Occurred - See Response Body
[2024-12-10T06:29:16.196Z] Error reading actual data: A Modbus Exception Occurred - See Response Body
[2024-12-10T06:29:16.196Z] Error writing to Modbus register: A Modbus Exception Occurred - See Response Body
[2024-12-10T06:29:17.206Z] Error reading or processing Modbus registers: A Modbus Exception Occurred - See Response Body
[2024-12-10T06:29:17.208Z] Error reading register 6507 for IP 10.30.4.128: A Modbus Exception Occurred - See Response Body
[2024-12-10T06:29:17.209Z] Error reading actual data: A Modbus Exception Occurred - See Response Body
[2024-12-10T06:29:17.209Z] Error writing to Modbus register: A Modbus Exception Occurred - See Response Body
[2024-12-10T06:29:18.205Z] Error reading or processing Modbus registers: A Modbus Exception Occurred - See Response Body
[2024-12-10T06:29:18.208Z] Error reading actual data: A Modbus Exception Occurred - See Response Body
[2024-12-10T06:29:18.209Z] Error writing to Modbus register: A Modbus Exception Occurred - See Response Body
[2024-12-10T06:29:18.208Z] Error reading register 6507 for IP 10.30.4.128: A Modbus Exception Occurred - See Response Body
[2024-12-10T06:29:19.206Z] Error reading or processing Modbus registers: A Modbus Exception Occurred - See Response Body
[2024-12-10T06:29:19.208Z] Error reading register 6507 for IP 10.30.4.128: A Modbus Exception Occurred - See Response Body
[2024-12-10T06:29:19.209Z] Error reading actual data: A Modbus Exception Occurred - See Response Body
[2024-12-10T06:29:19.210Z] Error writing to Modbus register: A Modbus Exception Occurred - See Response Body
[2024-12-10T06:29:20.217Z] Error reading or processing Modbus registers: A Modbus Exception Occurred - See Response Body
[2024-12-10T06:29:20.219Z] Error reading register 6507 for IP 10.30.4.128: A Modbus Exception Occurred - See Response Body
[2024-12-10T06:29:20.220Z] Error reading actual data: A Modbus Exception Occurred - See Response Body
[2024-12-10T06:29:20.220Z] Error writing to Modbus register: A Modbus Exception Occurred - See Response Body
[2024-12-10T06:29:21.231Z] Error reading or processing Modbus registers: A Modbus Exception Occurred - See Response Body
[2024-12-10T06:29:21.233Z] Error reading register 6507 for IP 10.30.4.128: A Modbus Exception Occurred - See Response Body
[2024-12-10T06:29:21.234Z] Error reading actual data: A Modbus Exception Occurred - See Response Body
[2024-12-10T06:29:21.234Z] Error writing to Modbus register: A Modbus Exception Occurred - See Response Body
[2024-12-10T06:29:22.231Z] Error reading or processing Modbus registers: A Modbus Exception Occurred - See Response Body
[2024-12-10T06:29:22.233Z] Error reading register 6507 for IP 10.30.4.128: A Modbus Exception Occurred - See Response Body
[2024-12-10T06:29:22.234Z] Error reading actual data: A Modbus Exception Occurred - See Response Body
[2024-12-10T06:29:22.235Z] Error writing to Modbus register: A Modbus Exception Occurred - See Response Body
[2024-12-10T06:29:23.245Z] Error reading or processing Modbus registers: A Modbus Exception Occurred - See Response Body
[2024-12-10T06:29:23.248Z] Error reading register 6507 for IP 10.30.4.128: A Modbus Exception Occurred - See Response Body
[2024-12-10T06:29:23.249Z] Error reading actual data: A Modbus Exception Occurred - See Response Body
[2024-12-10T06:29:23.250Z] Error writing to Modbus register: A Modbus Exception Occurred - See Response Body
[2024-12-10T06:29:24.245Z] Error reading or processing Modbus registers: A Modbus Exception Occurred - See Response Body
[2024-12-10T06:29:24.247Z] Error reading register 6507 for IP 10.30.4.128: A Modbus Exception Occurred - See Response Body
[2024-12-10T06:29:24.249Z] Error reading actual data: A Modbus Exception Occurred - See Response Body
[2024-12-10T06:29:24.249Z] Error writing to Modbus register: A Modbus Exception Occurred - See Response Body
[2024-12-10T06:29:25.260Z] Error reading or processing Modbus registers: A Modbus Exception Occurred - See Response Body
[2024-12-10T06:29:25.262Z] Error reading register 6507 for IP 10.30.4.128: A Modbus Exception Occurred - See Response Body
[2024-12-10T06:29:25.263Z] Error reading actual data: A Modbus Exception Occurred - See Response Body
[2024-12-10T06:29:25.264Z] Error writing to Modbus register: A Modbus Exception Occurred - See Response Body
[2024-12-10T06:29:26.273Z] Error reading or processing Modbus registers: A Modbus Exception Occurred - See Response Body
[2024-12-10T06:29:26.275Z] Error reading register 6507 for IP 10.30.4.128: A Modbus Exception Occurred - See Response Body
[2024-12-10T06:29:26.276Z] Error reading actual data: A Modbus Exception Occurred - See Response Body
[2024-12-10T06:29:26.277Z] Error writing to Modbus register: A Modbus Exception Occurred - See Response Body
[2024-12-10T06:29:27.276Z] Error reading or processing Modbus registers: A Modbus Exception Occurred - See Response Body
[2024-12-10T06:29:27.278Z] Error reading register 6507 for IP 10.30.4.128: A Modbus Exception Occurred - See Response Body
[2024-12-10T06:29:27.279Z] Error reading actual data: A Modbus Exception Occurred - See Response Body
[2024-12-10T06:29:27.279Z] Error writing to Modbus register: A Modbus Exception Occurred - See Response Body
[2024-12-10T06:29:28.289Z] Error reading or processing Modbus registers: A Modbus Exception Occurred - See Response Body
[2024-12-10T06:29:28.291Z] Error reading register 6507 for IP 10.30.4.128: A Modbus Exception Occurred - See Response Body
[2024-12-10T06:29:28.292Z] Error reading actual data: A Modbus Exception Occurred - See Response Body
[2024-12-10T06:29:28.293Z] Error writing to Modbus register: A Modbus Exception Occurred - See Response Body
[2024-12-10T06:29:29.289Z] Error reading or processing Modbus registers: A Modbus Exception Occurred - See Response Body
[2024-12-10T06:29:29.292Z] Error reading register 6507 for IP 10.30.4.128: A Modbus Exception Occurred - See Response Body
[2024-12-10T06:29:29.293Z] Error reading actual data: A Modbus Exception Occurred - See Response Body
[2024-12-10T06:29:29.293Z] Error writing to Modbus register: A Modbus Exception Occurred - See Response Body
[2024-12-10T06:29:30.290Z] Error reading or processing Modbus registers: A Modbus Exception Occurred - See Response Body
[2024-12-10T06:29:30.293Z] Error reading register 6507 for IP 10.30.4.128: A Modbus Exception Occurred - See Response Body
[2024-12-10T06:29:30.293Z] Error reading actual data: A Modbus Exception Occurred - See Response Body
[2024-12-10T06:29:30.294Z] Error writing to Modbus register: A Modbus Exception Occurred - See Response Body
[2024-12-10T06:29:31.304Z] Error reading or processing Modbus registers: A Modbus Exception Occurred - See Response Body
[2024-12-10T06:29:31.307Z] Error reading register 6507 for IP 10.30.4.128: A Modbus Exception Occurred - See Response Body
[2024-12-10T06:29:31.308Z] Error reading actual data: A Modbus Exception Occurred - See Response Body
[2024-12-10T06:29:31.309Z] Error writing to Modbus register: A Modbus Exception Occurred - See Response Body
[2024-12-10T06:29:32.306Z] Error reading or processing Modbus registers: A Modbus Exception Occurred - See Response Body
[2024-12-10T06:29:32.309Z] Error reading register 6507 for IP 10.30.4.128: A Modbus Exception Occurred - See Response Body
[2024-12-10T06:29:32.310Z] Error reading actual data: A Modbus Exception Occurred - See Response Body
[2024-12-10T06:29:32.310Z] Error writing to Modbus register: A Modbus Exception Occurred - See Response Body
[2024-12-10T06:29:33.308Z] Error reading or processing Modbus registers: A Modbus Exception Occurred - See Response Body
[2024-12-10T06:29:33.311Z] Error reading register 6507 for IP 10.30.4.128: A Modbus Exception Occurred - See Response Body
[2024-12-10T06:29:33.312Z] Error reading actual data: A Modbus Exception Occurred - See Response Body
[2024-12-10T06:29:33.312Z] Error writing to Modbus register: A Modbus Exception Occurred - See Response Body
[2024-12-10T06:29:34.323Z] Error reading or processing Modbus registers: A Modbus Exception Occurred - See Response Body
[2024-12-10T06:29:34.326Z] Error reading register 6507 for IP 10.30.4.128: A Modbus Exception Occurred - See Response Body
[2024-12-10T06:29:34.326Z] Error reading actual data: A Modbus Exception Occurred - See Response Body
[2024-12-10T06:29:34.327Z] Error writing to Modbus register: A Modbus Exception Occurred - See Response Body
[2024-12-10T06:29:35.335Z] Error reading or processing Modbus registers: A Modbus Exception Occurred - See Response Body
[2024-12-10T06:29:35.338Z] Error reading register 6507 for IP 10.30.4.128: A Modbus Exception Occurred - See Response Body
[2024-12-10T06:29:35.338Z] Error reading actual data: A Modbus Exception Occurred - See Response Body
[2024-12-10T06:29:35.339Z] Error writing to Modbus register: A Modbus Exception Occurred - See Response Body
[2024-12-10T06:29:36.349Z] Error reading or processing Modbus registers: A Modbus Exception Occurred - See Response Body
[2024-12-10T06:29:36.352Z] Error reading register 6507 for IP 10.30.4.128: A Modbus Exception Occurred - See Response Body
[2024-12-10T06:29:36.352Z] Error reading actual data: A Modbus Exception Occurred - See Response Body
[2024-12-10T06:29:36.353Z] Error writing to Modbus register: A Modbus Exception Occurred - See Response Body
[2024-12-10T06:29:37.351Z] Error reading or processing Modbus registers: A Modbus Exception Occurred - See Response Body
[2024-12-10T06:29:37.354Z] Error reading register 6507 for IP 10.30.4.128: A Modbus Exception Occurred - See Response Body
[2024-12-10T06:29:37.355Z] Error reading actual data: A Modbus Exception Occurred - See Response Body
[2024-12-10T06:29:37.355Z] Error writing to Modbus register: A Modbus Exception Occurred - See Response Body
[2024-12-10T06:29:38.365Z] Error reading or processing Modbus registers: A Modbus Exception Occurred - See Response Body
[2024-12-10T06:29:38.368Z] Error reading register 6507 for IP 10.30.4.128: A Modbus Exception Occurred - See Response Body
[2024-12-10T06:29:38.368Z] Error reading actual data: A Modbus Exception Occurred - See Response Body
[2024-12-10T06:29:38.369Z] Error writing to Modbus register: A Modbus Exception Occurred - See Response Body
[2024-12-10T06:29:39.365Z] Error reading or processing Modbus registers: A Modbus Exception Occurred - See Response Body
[2024-12-10T06:29:39.368Z] Error reading register 6507 for IP 10.30.4.128: A Modbus Exception Occurred - See Response Body
[2024-12-10T06:29:39.369Z] Error reading actual data: A Modbus Exception Occurred - See Response Body
[2024-12-10T06:29:39.370Z] Error writing to Modbus register: A Modbus Exception Occurred - See Response Body
[2024-12-10T06:29:40.365Z] Error reading or processing Modbus registers: A Modbus Exception Occurred - See Response Body
[2024-12-10T06:29:40.367Z] Error reading register 6507 for IP 10.30.4.128: A Modbus Exception Occurred - See Response Body
[2024-12-10T06:29:40.368Z] Error reading actual data: A Modbus Exception Occurred - See Response Body
[2024-12-10T06:29:40.368Z] Error writing to Modbus register: A Modbus Exception Occurred - See Response Body
[2024-12-10T06:29:41.378Z] Error reading or processing Modbus registers: A Modbus Exception Occurred - See Response Body
[2024-12-10T06:29:41.381Z] Error reading register 6507 for IP 10.30.4.128: A Modbus Exception Occurred - See Response Body
[2024-12-10T06:29:41.381Z] Error reading actual data: A Modbus Exception Occurred - See Response Body
[2024-12-10T06:29:41.382Z] Error writing to Modbus register: A Modbus Exception Occurred - See Response Body
[2024-12-10T06:29:42.378Z] Error reading or processing Modbus registers: A Modbus Exception Occurred - See Response Body
[2024-12-10T06:29:42.381Z] Error reading register 6507 for IP 10.30.4.128: A Modbus Exception Occurred - See Response Body
[2024-12-10T06:29:42.382Z] Error reading actual data: A Modbus Exception Occurred - See Response Body
[2024-12-10T06:29:42.382Z] Error writing to Modbus register: A Modbus Exception Occurred - See Response Body
[2024-12-10T06:29:43.392Z] Error reading or processing Modbus registers: A Modbus Exception Occurred - See Response Body
[2024-12-10T06:29:43.394Z] Error reading register 6507 for IP 10.30.4.128: A Modbus Exception Occurred - See Response Body
[2024-12-10T06:29:43.395Z] Error reading actual data: A Modbus Exception Occurred - See Response Body
[2024-12-10T06:29:43.396Z] Error writing to Modbus register: A Modbus Exception Occurred - See Response Body
[2024-12-10T06:29:44.402Z] Error reading or processing Modbus registers: A Modbus Exception Occurred - See Response Body
[2024-12-10T06:29:44.404Z] Error reading register 6507 for IP 10.30.4.128: A Modbus Exception Occurred - See Response Body
[2024-12-10T06:29:44.405Z] Error reading actual data: A Modbus Exception Occurred - See Response Body
[2024-12-10T06:29:44.405Z] Error writing to Modbus register: A Modbus Exception Occurred - See Response Body
[2024-12-10T06:29:45.405Z] Error reading or processing Modbus registers: A Modbus Exception Occurred - See Response Body
[2024-12-10T06:29:45.407Z] Error reading register 6507 for IP 10.30.4.128: A Modbus Exception Occurred - See Response Body
[2024-12-10T06:29:45.408Z] Error reading actual data: A Modbus Exception Occurred - See Response Body
[2024-12-10T06:29:45.408Z] Error writing to Modbus register: A Modbus Exception Occurred - See Response Body
[2024-12-10T06:29:46.420Z] Error reading or processing Modbus registers: A Modbus Exception Occurred - See Response Body
[2024-12-10T06:29:46.423Z] Error reading register 6507 for IP 10.30.4.128: A Modbus Exception Occurred - See Response Body
[2024-12-10T06:29:46.424Z] Error reading actual data: A Modbus Exception Occurred - See Response Body
[2024-12-10T06:29:46.425Z] Error writing to Modbus register: A Modbus Exception Occurred - See Response Body
[2024-12-10T06:29:47.420Z] Error reading or processing Modbus registers: A Modbus Exception Occurred - See Response Body
[2024-12-10T06:29:47.422Z] Error reading register 6507 for IP 10.30.4.128: A Modbus Exception Occurred - See Response Body
[2024-12-10T06:29:47.422Z] Error reading actual data: A Modbus Exception Occurred - See Response Body
[2024-12-10T06:29:47.423Z] Error writing to Modbus register: A Modbus Exception Occurred - See Response Body
[2024-12-10T06:29:48.433Z] Error reading or processing Modbus registers: A Modbus Exception Occurred - See Response Body
[2024-12-10T06:29:48.436Z] Error reading register 6507 for IP 10.30.4.128: A Modbus Exception Occurred - See Response Body
[2024-12-10T06:29:48.436Z] Error reading actual data: A Modbus Exception Occurred - See Response Body
[2024-12-10T06:29:48.437Z] Error writing to Modbus register: A Modbus Exception Occurred - See Response Body
[2024-12-10T06:29:49.447Z] Error reading or processing Modbus registers: A Modbus Exception Occurred - See Response Body
[2024-12-10T06:29:49.450Z] Error reading register 6507 for IP 10.30.4.128: A Modbus Exception Occurred - See Response Body
[2024-12-10T06:29:49.451Z] Error reading actual data: A Modbus Exception Occurred - See Response Body
[2024-12-10T06:29:49.452Z] Error writing to Modbus register: A Modbus Exception Occurred - See Response Body
[2024-12-10T06:29:50.462Z] Error reading or processing Modbus registers: A Modbus Exception Occurred - See Response Body
[2024-12-10T06:29:50.464Z] Error reading register 6507 for IP 10.30.4.128: A Modbus Exception Occurred - See Response Body
[2024-12-10T06:29:50.465Z] Error reading actual data: A Modbus Exception Occurred - See Response Body
[2024-12-10T06:29:50.466Z] Error writing to Modbus register: A Modbus Exception Occurred - See Response Body
[2024-12-10T06:29:51.462Z] Error reading or processing Modbus registers: A Modbus Exception Occurred - See Response Body
[2024-12-10T06:29:51.465Z] Error reading register 6507 for IP 10.30.4.128: A Modbus Exception Occurred - See Response Body
[2024-12-10T06:29:51.466Z] Error reading actual data: A Modbus Exception Occurred - See Response Body
[2024-12-10T06:29:51.466Z] Error writing to Modbus register: A Modbus Exception Occurred - See Response Body
[2024-12-10T06:29:52.477Z] Error reading or processing Modbus registers: A Modbus Exception Occurred - See Response Body
[2024-12-10T06:29:52.479Z] Error reading register 6507 for IP 10.30.4.128: A Modbus Exception Occurred - See Response Body
[2024-12-10T06:29:52.480Z] Error reading actual data: A Modbus Exception Occurred - See Response Body
[2024-12-10T06:29:52.480Z] Error writing to Modbus register: A Modbus Exception Occurred - See Response Body
[2024-12-10T06:29:53.490Z] Error reading or processing Modbus registers: A Modbus Exception Occurred - See Response Body
[2024-12-10T06:29:53.493Z] Error reading register 6507 for IP 10.30.4.128: A Modbus Exception Occurred - See Response Body
[2024-12-10T06:29:53.494Z] Error reading actual data: A Modbus Exception Occurred - See Response Body
[2024-12-10T06:29:53.494Z] Error writing to Modbus register: A Modbus Exception Occurred - See Response Body
[2024-12-10T06:29:54.491Z] Error reading or processing Modbus registers: A Modbus Exception Occurred - See Response Body
[2024-12-10T06:29:54.493Z] Error reading register 6507 for IP 10.30.4.128: A Modbus Exception Occurred - See Response Body
[2024-12-10T06:29:54.494Z] Error reading actual data: A Modbus Exception Occurred - See Response Body
[2024-12-10T06:29:54.494Z] Error writing to Modbus register: A Modbus Exception Occurred - See Response Body
[2024-12-10T06:29:55.491Z] Error reading or processing Modbus registers: A Modbus Exception Occurred - See Response Body
[2024-12-10T06:29:55.493Z] Error reading register 6507 for IP 10.30.4.128: A Modbus Exception Occurred - See Response Body
[2024-12-10T06:29:55.494Z] Error reading actual data: A Modbus Exception Occurred - See Response Body
[2024-12-10T06:29:55.495Z] Error writing to Modbus register: A Modbus Exception Occurred - See Response Body
[2024-12-10T06:29:56.505Z] Error reading or processing Modbus registers: A Modbus Exception Occurred - See Response Body
[2024-12-10T06:29:56.507Z] Error reading register 6507 for IP 10.30.4.128: A Modbus Exception Occurred - See Response Body
[2024-12-10T06:29:56.508Z] Error reading actual data: A Modbus Exception Occurred - See Response Body
[2024-12-10T06:29:56.508Z] Error writing to Modbus register: A Modbus Exception Occurred - See Response Body
[2024-12-10T06:29:57.506Z] Error reading or processing Modbus registers: A Modbus Exception Occurred - See Response Body
[2024-12-10T06:29:57.508Z] Error reading register 6507 for IP 10.30.4.128: A Modbus Exception Occurred - See Response Body
[2024-12-10T06:29:57.509Z] Error reading actual data: A Modbus Exception Occurred - See Response Body
[2024-12-10T06:29:57.509Z] Error writing to Modbus register: A Modbus Exception Occurred - See Response Body
[2024-12-10T06:29:58.518Z] Error reading or processing Modbus registers: A Modbus Exception Occurred - See Response Body
[2024-12-10T06:29:58.520Z] Error reading register 6507 for IP 10.30.4.128: A Modbus Exception Occurred - See Response Body
[2024-12-10T06:29:58.521Z] Error reading actual data: A Modbus Exception Occurred - See Response Body
[2024-12-10T06:29:58.521Z] Error writing to Modbus register: A Modbus Exception Occurred - See Response Body
[2024-12-10T06:29:59.530Z] Error reading or processing Modbus registers: A Modbus Exception Occurred - See Response Body
[2024-12-10T06:29:59.532Z] Error reading register 6507 for IP 10.30.4.128: A Modbus Exception Occurred - See Response Body
[2024-12-10T06:29:59.533Z] Error reading actual data: A Modbus Exception Occurred - See Response Body
[2024-12-10T06:29:59.533Z] Error writing to Modbus register: A Modbus Exception Occurred - See Response Body
[2024-12-10T06:30:00.530Z] Error reading or processing Modbus registers: A Modbus Exception Occurred - See Response Body
[2024-12-10T06:30:00.533Z] Error reading register 6507 for IP 10.30.4.128: A Modbus Exception Occurred - See Response Body
[2024-12-10T06:30:00.533Z] Error reading actual data: A Modbus Exception Occurred - See Response Body
[2024-12-10T06:30:00.534Z] Error writing to Modbus register: A Modbus Exception Occurred - See Response Body
[2024-12-10T06:30:01.545Z] Error reading or processing Modbus registers: A Modbus Exception Occurred - See Response Body
[2024-12-10T06:30:01.547Z] Error reading register 6507 for IP 10.30.4.128: A Modbus Exception Occurred - See Response Body
[2024-12-10T06:30:01.548Z] Error reading actual data: A Modbus Exception Occurred - See Response Body
[2024-12-10T06:30:01.548Z] Error writing to Modbus register: A Modbus Exception Occurred - See Response Body
[2024-12-10T06:30:02.546Z] Error reading or processing Modbus registers: A Modbus Exception Occurred - See Response Body
[2024-12-10T06:30:02.549Z] Error reading register 6507 for IP 10.30.4.128: A Modbus Exception Occurred - See Response Body
[2024-12-10T06:30:02.550Z] Error reading actual data: A Modbus Exception Occurred - See Response Body
[2024-12-10T06:30:02.550Z] Error writing to Modbus register: A Modbus Exception Occurred - See Response Body
[2024-12-10T06:30:03.546Z] Error reading or processing Modbus registers: A Modbus Exception Occurred - See Response Body
[2024-12-10T06:30:03.548Z] Error reading register 6507 for IP 10.30.4.128: A Modbus Exception Occurred - See Response Body
[2024-12-10T06:30:03.549Z] Error reading actual data: A Modbus Exception Occurred - See Response Body
[2024-12-10T06:30:03.550Z] Error writing to Modbus register: A Modbus Exception Occurred - See Response Body
[2024-12-10T06:30:04.558Z] Error reading or processing Modbus registers: A Modbus Exception Occurred - See Response Body
[2024-12-10T06:30:04.560Z] Error reading register 6507 for IP 10.30.4.128: A Modbus Exception Occurred - See Response Body
[2024-12-10T06:30:04.561Z] Error reading actual data: A Modbus Exception Occurred - See Response Body
[2024-12-10T06:30:04.562Z] Error writing to Modbus register: A Modbus Exception Occurred - See Response Body
[2024-12-10T06:30:05.560Z] Error reading or processing Modbus registers: A Modbus Exception Occurred - See Response Body
[2024-12-10T06:30:05.563Z] Error reading register 6507 for IP 10.30.4.128: A Modbus Exception Occurred - See Response Body
[2024-12-10T06:30:05.564Z] Error reading actual data: A Modbus Exception Occurred - See Response Body
[2024-12-10T06:30:05.564Z] Error writing to Modbus register: A Modbus Exception Occurred - See Response Body
[2024-12-10T06:30:06.564Z] Error reading or processing Modbus registers: A Modbus Exception Occurred - See Response Body
[2024-12-10T06:30:06.566Z] Error reading register 6507 for IP 10.30.4.128: A Modbus Exception Occurred - See Response Body
[2024-12-10T06:30:06.567Z] Error reading actual data: A Modbus Exception Occurred - See Response Body
[2024-12-10T06:30:06.567Z] Error writing to Modbus register: A Modbus Exception Occurred - See Response Body
[2024-12-10T06:30:07.577Z] Error reading or processing Modbus registers: A Modbus Exception Occurred - See Response Body
[2024-12-10T06:30:07.579Z] Error reading register 6507 for IP 10.30.4.128: A Modbus Exception Occurred - See Response Body
[2024-12-10T06:30:07.580Z] Error reading actual data: A Modbus Exception Occurred - See Response Body
[2024-12-10T06:30:07.581Z] Error writing to Modbus register: A Modbus Exception Occurred - See Response Body
[2024-12-10T06:30:08.580Z] Error reading or processing Modbus registers: A Modbus Exception Occurred - See Response Body
[2024-12-10T06:30:08.583Z] Error reading register 6507 for IP 10.30.4.128: A Modbus Exception Occurred - See Response Body
[2024-12-10T06:30:08.584Z] Error reading actual data: A Modbus Exception Occurred - See Response Body
[2024-12-10T06:30:08.584Z] Error writing to Modbus register: A Modbus Exception Occurred - See Response Body
[2024-12-10T06:30:09.593Z] Error reading or processing Modbus registers: A Modbus Exception Occurred - See Response Body
[2024-12-10T06:30:09.596Z] Error reading register 6507 for IP 10.30.4.128: A Modbus Exception Occurred - See Response Body
[2024-12-10T06:30:09.597Z] Error reading actual data: A Modbus Exception Occurred - See Response Body
[2024-12-10T06:30:09.597Z] Error writing to Modbus register: A Modbus Exception Occurred - See Response Body
[2024-12-10T06:30:10.607Z] Error reading or processing Modbus registers: A Modbus Exception Occurred - See Response Body
[2024-12-10T06:30:10.610Z] Error reading register 6507 for IP 10.30.4.128: A Modbus Exception Occurred - See Response Body
[2024-12-10T06:30:10.611Z] Error reading actual data: A Modbus Exception Occurred - See Response Body
[2024-12-10T06:30:10.611Z] Error writing to Modbus register: A Modbus Exception Occurred - See Response Body
[2024-12-10T06:30:11.621Z] Error reading or processing Modbus registers: A Modbus Exception Occurred - See Response Body
[2024-12-10T06:30:11.624Z] Error reading register 6507 for IP 10.30.4.128: A Modbus Exception Occurred - See Response Body
[2024-12-10T06:30:11.625Z] Error reading actual data: A Modbus Exception Occurred - See Response Body
[2024-12-10T06:30:11.625Z] Error writing to Modbus register: A Modbus Exception Occurred - See Response Body
[2024-12-10T06:30:12.635Z] Error reading or processing Modbus registers: A Modbus Exception Occurred - See Response Body
[2024-12-10T06:30:12.638Z] Error reading register 6507 for IP 10.30.4.128: A Modbus Exception Occurred - See Response Body
[2024-12-10T06:30:12.639Z] Error reading actual data: A Modbus Exception Occurred - See Response Body
[2024-12-10T06:30:12.640Z] Error writing to Modbus register: A Modbus Exception Occurred - See Response Body
[2024-12-10T06:30:13.636Z] Error reading or processing Modbus registers: A Modbus Exception Occurred - See Response Body
[2024-12-10T06:30:13.639Z] Error reading register 6507 for IP 10.30.4.128: A Modbus Exception Occurred - See Response Body
[2024-12-10T06:30:13.640Z] Error reading actual data: A Modbus Exception Occurred - See Response Body
[2024-12-10T06:30:13.641Z] Error writing to Modbus register: A Modbus Exception Occurred - See Response Body
[2024-12-10T06:30:14.650Z] Error reading or processing Modbus registers: A Modbus Exception Occurred - See Response Body
[2024-12-10T06:30:14.652Z] Error reading register 6507 for IP 10.30.4.128: A Modbus Exception Occurred - See Response Body
[2024-12-10T06:30:14.653Z] Error reading actual data: A Modbus Exception Occurred - See Response Body
[2024-12-10T06:30:14.654Z] Error writing to Modbus register: A Modbus Exception Occurred - See Response Body
[2024-12-10T06:30:15.649Z] Error reading or processing Modbus registers: A Modbus Exception Occurred - See Response Body
[2024-12-10T06:30:15.652Z] Error reading register 6507 for IP 10.30.4.128: A Modbus Exception Occurred - See Response Body
[2024-12-10T06:30:15.653Z] Error reading actual data: A Modbus Exception Occurred - See Response Body
[2024-12-10T06:30:15.654Z] Error writing to Modbus register: A Modbus Exception Occurred - See Response Body
[2024-12-10T06:30:16.664Z] Error reading or processing Modbus registers: A Modbus Exception Occurred - See Response Body
[2024-12-10T06:30:16.666Z] Error reading register 6507 for IP 10.30.4.128: A Modbus Exception Occurred - See Response Body
[2024-12-10T06:30:16.667Z] Error reading actual data: A Modbus Exception Occurred - See Response Body
[2024-12-10T06:30:16.668Z] Error writing to Modbus register: A Modbus Exception Occurred - See Response Body
[2024-12-10T06:30:17.679Z] Error reading or processing Modbus registers: A Modbus Exception Occurred - See Response Body
[2024-12-10T06:30:17.681Z] Error reading register 6507 for IP 10.30.4.128: A Modbus Exception Occurred - See Response Body
[2024-12-10T06:30:17.682Z] Error reading actual data: A Modbus Exception Occurred - See Response Body
[2024-12-10T06:30:17.682Z] Error writing to Modbus register: A Modbus Exception Occurred - See Response Body
[2024-12-10T06:30:18.693Z] Error reading or processing Modbus registers: A Modbus Exception Occurred - See Response Body
[2024-12-10T06:30:18.695Z] Error reading register 6507 for IP 10.30.4.128: A Modbus Exception Occurred - See Response Body
[2024-12-10T06:30:18.696Z] Error reading actual data: A Modbus Exception Occurred - See Response Body
[2024-12-10T06:30:18.696Z] Error writing to Modbus register: A Modbus Exception Occurred - See Response Body
[2024-12-10T06:30:19.694Z] Error reading or processing Modbus registers: A Modbus Exception Occurred - See Response Body
[2024-12-10T06:30:19.697Z] Error reading register 6507 for IP 10.30.4.128: A Modbus Exception Occurred - See Response Body
[2024-12-10T06:30:19.697Z] Error reading actual data: A Modbus Exception Occurred - See Response Body
[2024-12-10T06:30:19.698Z] Error writing to Modbus register: A Modbus Exception Occurred - See Response Body
[2024-12-10T06:30:20.696Z] Error reading or processing Modbus registers: A Modbus Exception Occurred - See Response Body
[2024-12-10T06:30:20.698Z] Error reading register 6507 for IP 10.30.4.128: A Modbus Exception Occurred - See Response Body
[2024-12-10T06:30:20.699Z] Error reading actual data: A Modbus Exception Occurred - See Response Body
[2024-12-10T06:30:20.699Z] Error writing to Modbus register: A Modbus Exception Occurred - See Response Body
[2024-12-10T06:30:21.709Z] Error reading or processing Modbus registers: A Modbus Exception Occurred - See Response Body
[2024-12-10T06:30:21.713Z] Error reading register 6507 for IP 10.30.4.128: A Modbus Exception Occurred - See Response Body
[2024-12-10T06:30:21.714Z] Error reading actual data: A Modbus Exception Occurred - See Response Body
[2024-12-10T06:30:21.714Z] Error writing to Modbus register: A Modbus Exception Occurred - See Response Body
[2024-12-10T06:30:22.723Z] Error reading or processing Modbus registers: A Modbus Exception Occurred - See Response Body
[2024-12-10T06:30:22.725Z] Error reading register 6507 for IP 10.30.4.128: A Modbus Exception Occurred - See Response Body
[2024-12-10T06:30:22.726Z] Error reading actual data: A Modbus Exception Occurred - See Response Body
[2024-12-10T06:30:22.727Z] Error writing to Modbus register: A Modbus Exception Occurred - See Response Body
[2024-12-10T06:30:23.738Z] Error reading or processing Modbus registers: A Modbus Exception Occurred - See Response Body
[2024-12-10T06:30:23.741Z] Error reading register 6507 for IP 10.30.4.128: A Modbus Exception Occurred - See Response Body
[2024-12-10T06:30:23.741Z] Error reading actual data: A Modbus Exception Occurred - See Response Body
[2024-12-10T06:30:23.742Z] Error writing to Modbus register: A Modbus Exception Occurred - See Response Body
[2024-12-10T06:30:24.748Z] Error reading or processing Modbus registers: A Modbus Exception Occurred - See Response Body
[2024-12-10T06:30:24.750Z] Error reading register 6507 for IP 10.30.4.128: A Modbus Exception Occurred - See Response Body
[2024-12-10T06:30:24.751Z] Error reading actual data: A Modbus Exception Occurred - See Response Body
[2024-12-10T06:30:24.752Z] Error writing to Modbus register: A Modbus Exception Occurred - See Response Body
[2024-12-10T06:30:25.750Z] Error reading or processing Modbus registers: A Modbus Exception Occurred - See Response Body
[2024-12-10T06:30:25.753Z] Error reading register 6507 for IP 10.30.4.128: A Modbus Exception Occurred - See Response Body
[2024-12-10T06:30:25.754Z] Error reading actual data: A Modbus Exception Occurred - See Response Body
[2024-12-10T06:30:25.754Z] Error writing to Modbus register: A Modbus Exception Occurred - See Response Body
[2024-12-10T06:30:26.761Z] Error reading or processing Modbus registers: A Modbus Exception Occurred - See Response Body
[2024-12-10T06:30:26.764Z] Error reading register 6507 for IP 10.30.4.128: A Modbus Exception Occurred - See Response Body
[2024-12-10T06:30:26.765Z] Error reading actual data: A Modbus Exception Occurred - See Response Body
[2024-12-10T06:30:26.766Z] Error writing to Modbus register: A Modbus Exception Occurred - See Response Body
[2024-12-10T06:30:27.775Z] Error reading or processing Modbus registers: A Modbus Exception Occurred - See Response Body
[2024-12-10T06:30:27.779Z] Error reading register 6507 for IP 10.30.4.128: A Modbus Exception Occurred - See Response Body
[2024-12-10T06:30:27.780Z] Error reading actual data: A Modbus Exception Occurred - See Response Body
[2024-12-10T06:30:27.781Z] Error writing to Modbus register: A Modbus Exception Occurred - See Response Body
[2024-12-10T06:30:28.790Z] Error reading or processing Modbus registers: A Modbus Exception Occurred - See Response Body
[2024-12-10T06:30:28.793Z] Error reading register 6507 for IP 10.30.4.128: A Modbus Exception Occurred - See Response Body
[2024-12-10T06:30:28.793Z] Error reading actual data: A Modbus Exception Occurred - See Response Body
[2024-12-10T06:30:28.794Z] Error writing to Modbus register: A Modbus Exception Occurred - See Response Body
[2024-12-10T06:30:29.802Z] Error reading or processing Modbus registers: A Modbus Exception Occurred - See Response Body
[2024-12-10T06:30:29.805Z] Error reading register 6507 for IP 10.30.4.128: A Modbus Exception Occurred - See Response Body
[2024-12-10T06:30:29.806Z] Error reading actual data: A Modbus Exception Occurred - See Response Body
[2024-12-10T06:30:29.806Z] Error writing to Modbus register: A Modbus Exception Occurred - See Response Body
[2024-12-10T06:30:30.816Z] Error reading or processing Modbus registers: A Modbus Exception Occurred - See Response Body
[2024-12-10T06:30:30.819Z] Error reading register 6507 for IP 10.30.4.128: A Modbus Exception Occurred - See Response Body
[2024-12-10T06:30:30.819Z] Error reading actual data: A Modbus Exception Occurred - See Response Body
[2024-12-10T06:30:30.820Z] Error writing to Modbus register: A Modbus Exception Occurred - See Response Body
[2024-12-10T06:30:31.831Z] Error reading or processing Modbus registers: A Modbus Exception Occurred - See Response Body
[2024-12-10T06:30:31.837Z] Error reading register 6507 for IP 10.30.4.128: A Modbus Exception Occurred - See Response Body
[2024-12-10T06:30:31.838Z] Error reading actual data: A Modbus Exception Occurred - See Response Body
[2024-12-10T06:30:31.838Z] Error writing to Modbus register: A Modbus Exception Occurred - See Response Body
[2024-12-10T06:30:32.833Z] Error reading or processing Modbus registers: A Modbus Exception Occurred - See Response Body
[2024-12-10T06:30:32.835Z] Error reading register 6507 for IP 10.30.4.128: A Modbus Exception Occurred - See Response Body
[2024-12-10T06:30:32.838Z] Error reading actual data: A Modbus Exception Occurred - See Response Body
[2024-12-10T06:30:32.839Z] Error writing to Modbus register: A Modbus Exception Occurred - See Response Body
[2024-12-10T06:30:33.846Z] Error reading or processing Modbus registers: A Modbus Exception Occurred - See Response Body
[2024-12-10T06:30:33.849Z] Error reading register 6507 for IP 10.30.4.128: A Modbus Exception Occurred - See Response Body
[2024-12-10T06:30:33.850Z] Error reading actual data: A Modbus Exception Occurred - See Response Body
[2024-12-10T06:30:33.850Z] Error writing to Modbus register: A Modbus Exception Occurred - See Response Body
[2024-12-10T06:30:34.858Z] Error reading or processing Modbus registers: A Modbus Exception Occurred - See Response Body
[2024-12-10T06:30:34.861Z] Error reading register 6507 for IP 10.30.4.128: A Modbus Exception Occurred - See Response Body
[2024-12-10T06:30:34.861Z] Error reading actual data: A Modbus Exception Occurred - See Response Body
[2024-12-10T06:30:34.862Z] Error writing to Modbus register: A Modbus Exception Occurred - See Response Body
[2024-12-10T06:30:35.873Z] Error reading or processing Modbus registers: A Modbus Exception Occurred - See Response Body
[2024-12-10T06:30:35.875Z] Error reading register 6507 for IP 10.30.4.128: A Modbus Exception Occurred - See Response Body
[2024-12-10T06:30:35.876Z] Error reading actual data: A Modbus Exception Occurred - See Response Body
[2024-12-10T06:30:35.876Z] Error writing to Modbus register: A Modbus Exception Occurred - See Response Body
[2024-12-10T06:30:36.873Z] Error reading or processing Modbus registers: A Modbus Exception Occurred - See Response Body
[2024-12-10T06:30:36.875Z] Error reading register 6507 for IP 10.30.4.128: A Modbus Exception Occurred - See Response Body
[2024-12-10T06:30:36.876Z] Error reading actual data: A Modbus Exception Occurred - See Response Body
[2024-12-10T06:30:36.876Z] Error writing to Modbus register: A Modbus Exception Occurred - See Response Body
[2024-12-10T06:30:37.887Z] Error reading or processing Modbus registers: A Modbus Exception Occurred - See Response Body
[2024-12-10T06:30:37.889Z] Error reading register 6507 for IP 10.30.4.128: A Modbus Exception Occurred - See Response Body
[2024-12-10T06:30:37.889Z] Error reading actual data: A Modbus Exception Occurred - See Response Body
[2024-12-10T06:30:37.890Z] Error writing to Modbus register: A Modbus Exception Occurred - See Response Body
[2024-12-10T06:30:38.900Z] Error reading or processing Modbus registers: A Modbus Exception Occurred - See Response Body
[2024-12-10T06:30:38.903Z] Error reading register 6507 for IP 10.30.4.128: A Modbus Exception Occurred - See Response Body
[2024-12-10T06:30:38.904Z] Error reading actual data: A Modbus Exception Occurred - See Response Body
[2024-12-10T06:30:38.904Z] Error writing to Modbus register: A Modbus Exception Occurred - See Response Body
[2024-12-10T06:30:39.915Z] Error reading or processing Modbus registers: A Modbus Exception Occurred - See Response Body
[2024-12-10T06:30:39.917Z] Error reading register 6507 for IP 10.30.4.128: A Modbus Exception Occurred - See Response Body
[2024-12-10T06:30:39.918Z] Error reading actual data: A Modbus Exception Occurred - See Response Body
[2024-12-10T06:30:39.919Z] Error writing to Modbus register: A Modbus Exception Occurred - See Response Body
[2024-12-10T06:30:40.929Z] Error reading or processing Modbus registers: A Modbus Exception Occurred - See Response Body
[2024-12-10T06:30:40.931Z] Error reading register 6507 for IP 10.30.4.128: A Modbus Exception Occurred - See Response Body
[2024-12-10T06:30:40.932Z] Error reading actual data: A Modbus Exception Occurred - See Response Body
[2024-12-10T06:30:40.932Z] Error writing to Modbus register: A Modbus Exception Occurred - See Response Body
[2024-12-10T06:30:41.943Z] Error reading or processing Modbus registers: A Modbus Exception Occurred - See Response Body
[2024-12-10T06:30:41.945Z] Error reading register 6507 for IP 10.30.4.128: A Modbus Exception Occurred - See Response Body
[2024-12-10T06:30:41.945Z] Error reading actual data: A Modbus Exception Occurred - See Response Body
[2024-12-10T06:30:41.946Z] Error writing to Modbus register: A Modbus Exception Occurred - See Response Body
[2024-12-10T06:30:42.956Z] Error reading or processing Modbus registers: A Modbus Exception Occurred - See Response Body
[2024-12-10T06:30:42.959Z] Error reading register 6507 for IP 10.30.4.128: A Modbus Exception Occurred - See Response Body
[2024-12-10T06:30:42.960Z] Error reading actual data: A Modbus Exception Occurred - See Response Body
[2024-12-10T06:30:42.960Z] Error writing to Modbus register: A Modbus Exception Occurred - See Response Body
[2024-12-10T06:30:43.956Z] Error reading or processing Modbus registers: A Modbus Exception Occurred - See Response Body
[2024-12-10T06:30:43.959Z] Error reading register 6507 for IP 10.30.4.128: A Modbus Exception Occurred - See Response Body
[2024-12-10T06:30:43.960Z] Error reading actual data: A Modbus Exception Occurred - See Response Body
[2024-12-10T06:30:43.960Z] Error writing to Modbus register: A Modbus Exception Occurred - See Response Body
[2024-12-10T06:30:44.956Z] Error reading or processing Modbus registers: A Modbus Exception Occurred - See Response Body
[2024-12-10T06:30:44.958Z] Error reading register 6507 for IP 10.30.4.128: A Modbus Exception Occurred - See Response Body
[2024-12-10T06:30:44.959Z] Error reading actual data: A Modbus Exception Occurred - See Response Body
[2024-12-10T06:30:44.959Z] Error writing to Modbus register: A Modbus Exception Occurred - See Response Body
[2024-12-10T06:30:45.956Z] Error reading or processing Modbus registers: A Modbus Exception Occurred - See Response Body
[2024-12-10T06:30:45.959Z] Error reading register 6507 for IP 10.30.4.128: A Modbus Exception Occurred - See Response Body
[2024-12-10T06:30:45.959Z] Error reading actual data: A Modbus Exception Occurred - See Response Body
[2024-12-10T06:30:45.960Z] Error writing to Modbus register: A Modbus Exception Occurred - See Response Body
[2024-12-10T06:30:46.966Z] Error reading or processing Modbus registers: A Modbus Exception Occurred - See Response Body
[2024-12-10T06:30:46.969Z] Error reading register 6507 for IP 10.30.4.128: A Modbus Exception Occurred - See Response Body
[2024-12-10T06:30:46.969Z] Error reading actual data: A Modbus Exception Occurred - See Response Body
[2024-12-10T06:30:46.970Z] Error writing to Modbus register: A Modbus Exception Occurred - See Response Body
[2024-12-10T06:30:47.980Z] Error reading or processing Modbus registers: A Modbus Exception Occurred - See Response Body
[2024-12-10T06:30:47.982Z] Error reading register 6507 for IP 10.30.4.128: A Modbus Exception Occurred - See Response Body
[2024-12-10T06:30:47.983Z] Error reading actual data: A Modbus Exception Occurred - See Response Body
[2024-12-10T06:30:47.984Z] Error writing to Modbus register: A Modbus Exception Occurred - See Response Body
[2024-12-10T06:30:48.985Z] Error reading or processing Modbus registers: A Modbus Exception Occurred - See Response Body
[2024-12-10T06:30:48.988Z] Error reading register 6507 for IP 10.30.4.128: A Modbus Exception Occurred - See Response Body
[2024-12-10T06:30:48.989Z] Error reading actual data: A Modbus Exception Occurred - See Response Body
[2024-12-10T06:30:48.989Z] Error writing to Modbus register: A Modbus Exception Occurred - See Response Body
[2024-12-10T06:30:49.998Z] Error reading or processing Modbus registers: A Modbus Exception Occurred - See Response Body
[2024-12-10T06:30:50.001Z] Error reading register 6507 for IP 10.30.4.128: A Modbus Exception Occurred - See Response Body
[2024-12-10T06:30:50.001Z] Error reading actual data: A Modbus Exception Occurred - See Response Body
[2024-12-10T06:30:50.002Z] Error writing to Modbus register: A Modbus Exception Occurred - See Response Body
[2024-12-10T06:30:51.002Z] Error reading or processing Modbus registers: A Modbus Exception Occurred - See Response Body
[2024-12-10T06:30:51.005Z] Error reading register 6507 for IP 10.30.4.128: A Modbus Exception Occurred - See Response Body
[2024-12-10T06:30:51.006Z] Error reading actual data: A Modbus Exception Occurred - See Response Body
[2024-12-10T06:30:51.006Z] Error writing to Modbus register: A Modbus Exception Occurred - See Response Body
[2024-12-10T06:30:52.013Z] Error reading or processing Modbus registers: A Modbus Exception Occurred - See Response Body
[2024-12-10T06:30:52.016Z] Error reading register 6507 for IP 10.30.4.128: A Modbus Exception Occurred - See Response Body
[2024-12-10T06:30:52.017Z] Error reading actual data: A Modbus Exception Occurred - See Response Body
[2024-12-10T06:30:52.017Z] Error writing to Modbus register: A Modbus Exception Occurred - See Response Body
[2024-12-10T06:30:53.027Z] Error reading or processing Modbus registers: A Modbus Exception Occurred - See Response Body
[2024-12-10T06:30:53.029Z] Error reading register 6507 for IP 10.30.4.128: A Modbus Exception Occurred - See Response Body
[2024-12-10T06:30:53.030Z] Error reading actual data: A Modbus Exception Occurred - See Response Body
[2024-12-10T06:30:53.031Z] Error writing to Modbus register: A Modbus Exception Occurred - See Response Body
[2024-12-10T06:30:54.038Z] Error reading or processing Modbus registers: A Modbus Exception Occurred - See Response Body
[2024-12-10T06:30:54.041Z] Error reading register 6507 for IP 10.30.4.128: A Modbus Exception Occurred - See Response Body
[2024-12-10T06:30:54.042Z] Error reading actual data: A Modbus Exception Occurred - See Response Body
[2024-12-10T06:30:54.042Z] Error writing to Modbus register: A Modbus Exception Occurred - See Response Body
[2024-12-10T06:30:55.052Z] Error reading or processing Modbus registers: A Modbus Exception Occurred - See Response Body
[2024-12-10T06:30:55.054Z] Error reading register 6507 for IP 10.30.4.128: A Modbus Exception Occurred - See Response Body
[2024-12-10T06:30:55.054Z] Error reading actual data: A Modbus Exception Occurred - See Response Body
[2024-12-10T06:30:55.055Z] Error writing to Modbus register: A Modbus Exception Occurred - See Response Body
[2024-12-10T06:30:56.065Z] Error reading or processing Modbus registers: A Modbus Exception Occurred - See Response Body
[2024-12-10T06:30:56.067Z] Error reading register 6507 for IP 10.30.4.128: A Modbus Exception Occurred - See Response Body
[2024-12-10T06:30:56.068Z] Error reading actual data: A Modbus Exception Occurred - See Response Body
[2024-12-10T06:30:56.069Z] Error writing to Modbus register: A Modbus Exception Occurred - See Response Body
[2024-12-10T06:30:57.067Z] Error reading or processing Modbus registers: A Modbus Exception Occurred - See Response Body
[2024-12-10T06:30:57.069Z] Error reading register 6507 for IP 10.30.4.128: A Modbus Exception Occurred - See Response Body
[2024-12-10T06:30:57.069Z] Error reading actual data: A Modbus Exception Occurred - See Response Body
[2024-12-10T06:30:57.070Z] Error writing to Modbus register: A Modbus Exception Occurred - See Response Body
[2024-12-10T06:30:58.079Z] Error reading or processing Modbus registers: A Modbus Exception Occurred - See Response Body
[2024-12-10T06:30:58.081Z] Error reading register 6507 for IP 10.30.4.128: A Modbus Exception Occurred - See Response Body
[2024-12-10T06:30:58.082Z] Error reading actual data: A Modbus Exception Occurred - See Response Body
[2024-12-10T06:30:58.083Z] Error writing to Modbus register: A Modbus Exception Occurred - See Response Body
[2024-12-10T06:30:59.080Z] Error reading or processing Modbus registers: A Modbus Exception Occurred - See Response Body
[2024-12-10T06:30:59.082Z] Error reading register 6507 for IP 10.30.4.128: A Modbus Exception Occurred - See Response Body
[2024-12-10T06:30:59.083Z] Error reading actual data: A Modbus Exception Occurred - See Response Body
[2024-12-10T06:30:59.083Z] Error writing to Modbus register: A Modbus Exception Occurred - See Response Body
[2024-12-10T06:31:00.094Z] Error reading or processing Modbus registers: A Modbus Exception Occurred - See Response Body
[2024-12-10T06:31:00.096Z] Error reading register 6507 for IP 10.30.4.128: A Modbus Exception Occurred - See Response Body
[2024-12-10T06:31:00.097Z] Error reading actual data: A Modbus Exception Occurred - See Response Body
[2024-12-10T06:31:00.098Z] Error writing to Modbus register: A Modbus Exception Occurred - See Response Body
[2024-12-10T06:31:01.100Z] Error reading or processing Modbus registers: A Modbus Exception Occurred - See Response Body
[2024-12-10T06:31:01.103Z] Error reading register 6507 for IP 10.30.4.128: A Modbus Exception Occurred - See Response Body
[2024-12-10T06:31:01.104Z] Error writing to Modbus register: A Modbus Exception Occurred - See Response Body
[2024-12-10T06:31:01.103Z] Error reading actual data: A Modbus Exception Occurred - See Response Body
[2024-12-10T06:31:02.101Z] Error reading or processing Modbus registers: A Modbus Exception Occurred - See Response Body
[2024-12-10T06:31:02.103Z] Error reading register 6507 for IP 10.30.4.128: A Modbus Exception Occurred - See Response Body
[2024-12-10T06:31:02.104Z] Error reading actual data: A Modbus Exception Occurred - See Response Body
[2024-12-10T06:31:02.105Z] Error writing to Modbus register: A Modbus Exception Occurred - See Response Body
[2024-12-10T06:31:03.102Z] Error reading or processing Modbus registers: A Modbus Exception Occurred - See Response Body
[2024-12-10T06:31:03.104Z] Error reading register 6507 for IP 10.30.4.128: A Modbus Exception Occurred - See Response Body
[2024-12-10T06:31:03.105Z] Error reading actual data: A Modbus Exception Occurred - See Response Body
[2024-12-10T06:31:03.106Z] Error writing to Modbus register: A Modbus Exception Occurred - See Response Body
[2024-12-10T06:31:04.106Z] Error reading or processing Modbus registers: A Modbus Exception Occurred - See Response Body
[2024-12-10T06:31:04.129Z] Error reading register 6507 for IP 10.30.4.128: A Modbus Exception Occurred - See Response Body
[2024-12-10T06:31:04.130Z] Error reading actual data: A Modbus Exception Occurred - See Response Body
[2024-12-10T06:31:04.131Z] Error writing to Modbus register: A Modbus Exception Occurred - See Response Body
[2024-12-10T06:31:05.116Z] Error reading or processing Modbus registers: A Modbus Exception Occurred - See Response Body
[2024-12-10T06:31:05.119Z] Error reading register 6507 for IP 10.30.4.128: A Modbus Exception Occurred - See Response Body
[2024-12-10T06:31:05.120Z] Error reading actual data: A Modbus Exception Occurred - See Response Body
[2024-12-10T06:31:05.121Z] Error writing to Modbus register: A Modbus Exception Occurred - See Response Body
[2024-12-10T06:31:06.130Z] Error reading or processing Modbus registers: A Modbus Exception Occurred - See Response Body
[2024-12-10T06:31:06.132Z] Error reading register 6507 for IP 10.30.4.128: A Modbus Exception Occurred - See Response Body
[2024-12-10T06:31:06.133Z] Error reading actual data: A Modbus Exception Occurred - See Response Body
[2024-12-10T06:31:06.134Z] Error writing to Modbus register: A Modbus Exception Occurred - See Response Body
[2024-12-10T06:31:07.141Z] Error reading or processing Modbus registers: A Modbus Exception Occurred - See Response Body
[2024-12-10T06:31:07.143Z] Error reading register 6507 for IP 10.30.4.128: A Modbus Exception Occurred - See Response Body
[2024-12-10T06:31:07.144Z] Error reading actual data: A Modbus Exception Occurred - See Response Body
[2024-12-10T06:31:07.145Z] Error writing to Modbus register: A Modbus Exception Occurred - See Response Body
[2024-12-10T06:31:08.141Z] Error reading or processing Modbus registers: A Modbus Exception Occurred - See Response Body
[2024-12-10T06:31:08.145Z] Error reading register 6507 for IP 10.30.4.128: A Modbus Exception Occurred - See Response Body
[2024-12-10T06:31:08.146Z] Error reading actual data: A Modbus Exception Occurred - See Response Body
[2024-12-10T06:31:08.146Z] Error writing to Modbus register: A Modbus Exception Occurred - See Response Body
[2024-12-10T06:31:09.154Z] Error reading or processing Modbus registers: A Modbus Exception Occurred - See Response Body
[2024-12-10T06:31:09.157Z] Error reading register 6507 for IP 10.30.4.128: A Modbus Exception Occurred - See Response Body
[2024-12-10T06:31:09.158Z] Error reading actual data: A Modbus Exception Occurred - See Response Body
[2024-12-10T06:31:09.158Z] Error writing to Modbus register: A Modbus Exception Occurred - See Response Body
[2024-12-10T06:31:10.169Z] Error reading or processing Modbus registers: A Modbus Exception Occurred - See Response Body
[2024-12-10T06:31:10.171Z] Error reading register 6507 for IP 10.30.4.128: A Modbus Exception Occurred - See Response Body
[2024-12-10T06:31:10.172Z] Error reading actual data: A Modbus Exception Occurred - See Response Body
[2024-12-10T06:31:10.173Z] Error writing to Modbus register: A Modbus Exception Occurred - See Response Body
[2024-12-10T06:31:11.170Z] Error reading or processing Modbus registers: A Modbus Exception Occurred - See Response Body
[2024-12-10T06:31:11.172Z] Error reading register 6507 for IP 10.30.4.128: A Modbus Exception Occurred - See Response Body
[2024-12-10T06:31:11.173Z] Error reading actual data: A Modbus Exception Occurred - See Response Body
[2024-12-10T06:31:11.174Z] Error writing to Modbus register: A Modbus Exception Occurred - See Response Body
[2024-12-10T06:31:12.181Z] Error reading or processing Modbus registers: A Modbus Exception Occurred - See Response Body
[2024-12-10T06:31:12.183Z] Error reading register 6507 for IP 10.30.4.128: A Modbus Exception Occurred - See Response Body
[2024-12-10T06:31:12.184Z] Error reading actual data: A Modbus Exception Occurred - See Response Body
[2024-12-10T06:31:12.185Z] Error writing to Modbus register: A Modbus Exception Occurred - See Response Body
[2024-12-10T06:31:13.194Z] Error reading or processing Modbus registers: A Modbus Exception Occurred - See Response Body
[2024-12-10T06:31:13.197Z] Error reading register 6507 for IP 10.30.4.128: A Modbus Exception Occurred - See Response Body
[2024-12-10T06:31:13.198Z] Error reading actual data: A Modbus Exception Occurred - See Response Body
[2024-12-10T06:31:13.198Z] Error writing to Modbus register: A Modbus Exception Occurred - See Response Body
[2024-12-10T06:31:14.194Z] Error reading or processing Modbus registers: A Modbus Exception Occurred - See Response Body
[2024-12-10T06:31:14.199Z] Error reading register 6507 for IP 10.30.4.128: A Modbus Exception Occurred - See Response Body
[2024-12-10T06:31:14.200Z] Error reading actual data: A Modbus Exception Occurred - See Response Body
[2024-12-10T06:31:14.201Z] Error writing to Modbus register: A Modbus Exception Occurred - See Response Body
[2024-12-10T06:31:15.209Z] Error reading or processing Modbus registers: A Modbus Exception Occurred - See Response Body
[2024-12-10T06:31:15.211Z] Error reading register 6507 for IP 10.30.4.128: A Modbus Exception Occurred - See Response Body
[2024-12-10T06:31:15.211Z] Error reading actual data: A Modbus Exception Occurred - See Response Body
[2024-12-10T06:31:15.212Z] Error writing to Modbus register: A Modbus Exception Occurred - See Response Body
[2024-12-10T06:31:16.209Z] Error reading or processing Modbus registers: A Modbus Exception Occurred - See Response Body
[2024-12-10T06:31:16.211Z] Error reading register 6507 for IP 10.30.4.128: A Modbus Exception Occurred - See Response Body
[2024-12-10T06:31:16.212Z] Error reading actual data: A Modbus Exception Occurred - See Response Body
[2024-12-10T06:31:16.212Z] Error writing to Modbus register: A Modbus Exception Occurred - See Response Body
[2024-12-10T06:31:17.221Z] Error reading or processing Modbus registers: A Modbus Exception Occurred - See Response Body
[2024-12-10T06:31:17.223Z] Error reading register 6507 for IP 10.30.4.128: A Modbus Exception Occurred - See Response Body
[2024-12-10T06:31:17.224Z] Error reading actual data: A Modbus Exception Occurred - See Response Body
[2024-12-10T06:31:17.225Z] Error writing to Modbus register: A Modbus Exception Occurred - See Response Body
[2024-12-10T06:31:18.233Z] Error reading or processing Modbus registers: A Modbus Exception Occurred - See Response Body
[2024-12-10T06:31:18.236Z] Error reading register 6507 for IP 10.30.4.128: A Modbus Exception Occurred - See Response Body
[2024-12-10T06:31:18.237Z] Error reading actual data: A Modbus Exception Occurred - See Response Body
[2024-12-10T06:31:18.237Z] Error writing to Modbus register: A Modbus Exception Occurred - See Response Body
[2024-12-10T06:31:19.233Z] Error reading or processing Modbus registers: A Modbus Exception Occurred - See Response Body
[2024-12-10T06:31:19.236Z] Error reading register 6507 for IP 10.30.4.128: A Modbus Exception Occurred - See Response Body
[2024-12-10T06:31:19.237Z] Error reading actual data: A Modbus Exception Occurred - See Response Body
[2024-12-10T06:31:19.237Z] Error writing to Modbus register: A Modbus Exception Occurred - See Response Body
[2024-12-10T06:31:20.247Z] Error reading or processing Modbus registers: A Modbus Exception Occurred - See Response Body
[2024-12-10T06:31:20.249Z] Error reading register 6507 for IP 10.30.4.128: A Modbus Exception Occurred - See Response Body
[2024-12-10T06:31:20.250Z] Error reading actual data: A Modbus Exception Occurred - See Response Body
[2024-12-10T06:31:20.250Z] Error writing to Modbus register: A Modbus Exception Occurred - See Response Body
[2024-12-10T06:31:21.247Z] Error reading or processing Modbus registers: A Modbus Exception Occurred - See Response Body
[2024-12-10T06:31:21.249Z] Error reading register 6507 for IP 10.30.4.128: A Modbus Exception Occurred - See Response Body
[2024-12-10T06:31:21.250Z] Error reading actual data: A Modbus Exception Occurred - See Response Body
[2024-12-10T06:31:21.250Z] Error writing to Modbus register: A Modbus Exception Occurred - See Response Body
[2024-12-10T06:31:22.260Z] Error reading or processing Modbus registers: A Modbus Exception Occurred - See Response Body
[2024-12-10T06:31:22.264Z] Error reading register 6507 for IP 10.30.4.128: A Modbus Exception Occurred - See Response Body
[2024-12-10T06:31:22.265Z] Error reading actual data: A Modbus Exception Occurred - See Response Body
[2024-12-10T06:31:22.266Z] Error writing to Modbus register: A Modbus Exception Occurred - See Response Body
[2024-12-10T06:31:23.261Z] Error reading or processing Modbus registers: A Modbus Exception Occurred - See Response Body
[2024-12-10T06:31:23.264Z] Error reading register 6507 for IP 10.30.4.128: A Modbus Exception Occurred - See Response Body
[2024-12-10T06:31:23.265Z] Error reading actual data: A Modbus Exception Occurred - See Response Body
[2024-12-10T06:31:23.265Z] Error writing to Modbus register: A Modbus Exception Occurred - See Response Body
[2024-12-10T06:31:24.262Z] Error reading or processing Modbus registers: A Modbus Exception Occurred - See Response Body
[2024-12-10T06:31:24.265Z] Error reading register 6507 for IP 10.30.4.128: A Modbus Exception Occurred - See Response Body
[2024-12-10T06:31:24.265Z] Error reading actual data: A Modbus Exception Occurred - See Response Body
[2024-12-10T06:31:24.266Z] Error writing to Modbus register: A Modbus Exception Occurred - See Response Body
[2024-12-10T06:31:25.267Z] Error reading or processing Modbus registers: A Modbus Exception Occurred - See Response Body
[2024-12-10T06:31:25.270Z] Error reading register 6507 for IP 10.30.4.128: A Modbus Exception Occurred - See Response Body
[2024-12-10T06:31:25.271Z] Error writing to Modbus register: A Modbus Exception Occurred - See Response Body
[2024-12-10T06:31:25.271Z] Error reading actual data: A Modbus Exception Occurred - See Response Body
[2024-12-10T06:31:26.271Z] Error reading or processing Modbus registers: A Modbus Exception Occurred - See Response Body
[2024-12-10T06:31:26.273Z] Error reading register 6507 for IP 10.30.4.128: A Modbus Exception Occurred - See Response Body
[2024-12-10T06:31:26.274Z] Error reading actual data: A Modbus Exception Occurred - See Response Body
[2024-12-10T06:31:26.275Z] Error writing to Modbus register: A Modbus Exception Occurred - See Response Body
[2024-12-10T06:31:27.281Z] Error reading or processing Modbus registers: A Modbus Exception Occurred - See Response Body
[2024-12-10T06:31:27.283Z] Error reading register 6507 for IP 10.30.4.128: A Modbus Exception Occurred - See Response Body
[2024-12-10T06:31:27.283Z] Error reading actual data: A Modbus Exception Occurred - See Response Body
[2024-12-10T06:31:27.284Z] Error writing to Modbus register: A Modbus Exception Occurred - See Response Body
[2024-12-10T06:31:28.294Z] Error reading or processing Modbus registers: A Modbus Exception Occurred - See Response Body
[2024-12-10T06:31:28.296Z] Error reading register 6507 for IP 10.30.4.128: A Modbus Exception Occurred - See Response Body
[2024-12-10T06:31:28.297Z] Error reading actual data: A Modbus Exception Occurred - See Response Body
[2024-12-10T06:31:28.297Z] Error writing to Modbus register: A Modbus Exception Occurred - See Response Body
[2024-12-10T06:31:29.293Z] Error reading or processing Modbus registers: A Modbus Exception Occurred - See Response Body
[2024-12-10T06:31:29.295Z] Error reading register 6507 for IP 10.30.4.128: A Modbus Exception Occurred - See Response Body
[2024-12-10T06:31:29.296Z] Error reading actual data: A Modbus Exception Occurred - See Response Body
[2024-12-10T06:31:29.297Z] Error writing to Modbus register: A Modbus Exception Occurred - See Response Body
[2024-12-10T06:31:30.305Z] Error reading or processing Modbus registers: A Modbus Exception Occurred - See Response Body
[2024-12-10T06:31:30.308Z] Error reading register 6507 for IP 10.30.4.128: A Modbus Exception Occurred - See Response Body
[2024-12-10T06:31:30.309Z] Error reading actual data: A Modbus Exception Occurred - See Response Body
[2024-12-10T06:31:30.309Z] Error writing to Modbus register: A Modbus Exception Occurred - See Response Body
[2024-12-10T06:31:31.315Z] Error reading or processing Modbus registers: A Modbus Exception Occurred - See Response Body
[2024-12-10T06:31:31.317Z] Error reading register 6507 for IP 10.30.4.128: A Modbus Exception Occurred - See Response Body
[2024-12-10T06:31:31.318Z] Error reading actual data: A Modbus Exception Occurred - See Response Body
[2024-12-10T06:31:31.319Z] Error writing to Modbus register: A Modbus Exception Occurred - See Response Body
[2024-12-10T06:31:32.329Z] Error reading or processing Modbus registers: A Modbus Exception Occurred - See Response Body
[2024-12-10T06:31:32.332Z] Error reading register 6507 for IP 10.30.4.128: A Modbus Exception Occurred - See Response Body
[2024-12-10T06:31:32.333Z] Error reading actual data: A Modbus Exception Occurred - See Response Body
[2024-12-10T06:31:32.334Z] Error writing to Modbus register: A Modbus Exception Occurred - See Response Body
[2024-12-10T06:31:33.342Z] Error reading or processing Modbus registers: A Modbus Exception Occurred - See Response Body
[2024-12-10T06:31:33.344Z] Error reading register 6507 for IP 10.30.4.128: A Modbus Exception Occurred - See Response Body
[2024-12-10T06:31:33.345Z] Error reading actual data: A Modbus Exception Occurred - See Response Body
[2024-12-10T06:31:33.346Z] Error writing to Modbus register: A Modbus Exception Occurred - See Response Body
[2024-12-10T06:31:34.351Z] Error reading or processing Modbus registers: A Modbus Exception Occurred - See Response Body
[2024-12-10T06:31:34.353Z] Error reading register 6507 for IP 10.30.4.128: A Modbus Exception Occurred - See Response Body
[2024-12-10T06:31:34.354Z] Error reading actual data: A Modbus Exception Occurred - See Response Body
[2024-12-10T06:31:34.354Z] Error writing to Modbus register: A Modbus Exception Occurred - See Response Body
[2024-12-10T06:31:35.361Z] Error reading or processing Modbus registers: A Modbus Exception Occurred - See Response Body
[2024-12-10T06:31:35.363Z] Error reading register 6507 for IP 10.30.4.128: A Modbus Exception Occurred - See Response Body
[2024-12-10T06:31:35.364Z] Error reading actual data: A Modbus Exception Occurred - See Response Body
[2024-12-10T06:31:35.365Z] Error writing to Modbus register: A Modbus Exception Occurred - See Response Body
[2024-12-10T06:31:36.372Z] Error reading or processing Modbus registers: A Modbus Exception Occurred - See Response Body
[2024-12-10T06:31:36.375Z] Error reading register 6507 for IP 10.30.4.128: A Modbus Exception Occurred - See Response Body
[2024-12-10T06:31:36.376Z] Error reading actual data: A Modbus Exception Occurred - See Response Body
[2024-12-10T06:31:36.377Z] Error writing to Modbus register: A Modbus Exception Occurred - See Response Body
[2024-12-10T06:31:37.381Z] Error reading or processing Modbus registers: A Modbus Exception Occurred - See Response Body
[2024-12-10T06:31:37.383Z] Error reading register 6507 for IP 10.30.4.128: A Modbus Exception Occurred - See Response Body
[2024-12-10T06:31:37.384Z] Error reading actual data: A Modbus Exception Occurred - See Response Body
[2024-12-10T06:31:37.385Z] Error writing to Modbus register: A Modbus Exception Occurred - See Response Body
[2024-12-10T06:31:38.394Z] Error reading or processing Modbus registers: A Modbus Exception Occurred - See Response Body
[2024-12-10T06:31:38.400Z] Error reading actual data: A Modbus Exception Occurred - See Response Body
[2024-12-10T06:31:38.400Z] Error reading register 6507 for IP 10.30.4.128: A Modbus Exception Occurred - See Response Body
[2024-12-10T06:31:38.401Z] Error writing to Modbus register: A Modbus Exception Occurred - See Response Body
[2024-12-10T06:31:39.396Z] Error reading or processing Modbus registers: A Modbus Exception Occurred - See Response Body
[2024-12-10T06:31:39.398Z] Error reading register 6507 for IP 10.30.4.128: A Modbus Exception Occurred - See Response Body
[2024-12-10T06:31:39.399Z] Error reading actual data: A Modbus Exception Occurred - See Response Body
[2024-12-10T06:31:39.399Z] Error writing to Modbus register: A Modbus Exception Occurred - See Response Body
[2024-12-10T06:31:40.408Z] Error reading or processing Modbus registers: A Modbus Exception Occurred - See Response Body
[2024-12-10T06:31:40.411Z] Error reading register 6507 for IP 10.30.4.128: A Modbus Exception Occurred - See Response Body
[2024-12-10T06:31:40.412Z] Error reading actual data: A Modbus Exception Occurred - See Response Body
[2024-12-10T06:31:40.412Z] Error writing to Modbus register: A Modbus Exception Occurred - See Response Body
[2024-12-10T06:31:41.409Z] Error reading or processing Modbus registers: A Modbus Exception Occurred - See Response Body
[2024-12-10T06:31:41.412Z] Error reading register 6507 for IP 10.30.4.128: A Modbus Exception Occurred - See Response Body
[2024-12-10T06:31:41.412Z] Error reading actual data: A Modbus Exception Occurred - See Response Body
[2024-12-10T06:31:41.413Z] Error writing to Modbus register: A Modbus Exception Occurred - See Response Body
[2024-12-10T06:31:42.420Z] Error reading or processing Modbus registers: A Modbus Exception Occurred - See Response Body
[2024-12-10T06:31:42.422Z] Error reading register 6507 for IP 10.30.4.128: A Modbus Exception Occurred - See Response Body
[2024-12-10T06:31:42.423Z] Error reading actual data: A Modbus Exception Occurred - See Response Body
[2024-12-10T06:31:42.423Z] Error writing to Modbus register: A Modbus Exception Occurred - See Response Body
[2024-12-10T06:31:43.430Z] Error reading or processing Modbus registers: A Modbus Exception Occurred - See Response Body
[2024-12-10T06:31:43.432Z] Error reading register 6507 for IP 10.30.4.128: A Modbus Exception Occurred - See Response Body
[2024-12-10T06:31:43.433Z] Error reading actual data: A Modbus Exception Occurred - See Response Body
[2024-12-10T06:31:43.433Z] Error writing to Modbus register: A Modbus Exception Occurred - See Response Body
[2024-12-10T06:31:44.442Z] Error reading or processing Modbus registers: A Modbus Exception Occurred - See Response Body
[2024-12-10T06:31:44.444Z] Error reading register 6507 for IP 10.30.4.128: A Modbus Exception Occurred - See Response Body
[2024-12-10T06:31:44.445Z] Error reading actual data: A Modbus Exception Occurred - See Response Body
[2024-12-10T06:31:44.445Z] Error writing to Modbus register: A Modbus Exception Occurred - See Response Body
[2024-12-10T06:31:45.456Z] Error reading or processing Modbus registers: A Modbus Exception Occurred - See Response Body
[2024-12-10T06:31:45.458Z] Error reading register 6507 for IP 10.30.4.128: A Modbus Exception Occurred - See Response Body
[2024-12-10T06:31:45.459Z] Error reading actual data: A Modbus Exception Occurred - See Response Body
[2024-12-10T06:31:45.460Z] Error writing to Modbus register: A Modbus Exception Occurred - See Response Body
[2024-12-10T06:31:46.467Z] Error reading or processing Modbus registers: A Modbus Exception Occurred - See Response Body
[2024-12-10T06:31:46.470Z] Error reading register 6507 for IP 10.30.4.128: A Modbus Exception Occurred - See Response Body
[2024-12-10T06:31:46.470Z] Error reading actual data: A Modbus Exception Occurred - See Response Body
[2024-12-10T06:31:46.471Z] Error writing to Modbus register: A Modbus Exception Occurred - See Response Body
[2024-12-10T06:31:47.477Z] Error reading or processing Modbus registers: A Modbus Exception Occurred - See Response Body
[2024-12-10T06:31:47.480Z] Error reading register 6507 for IP 10.30.4.128: A Modbus Exception Occurred - See Response Body
[2024-12-10T06:31:47.480Z] Error reading actual data: A Modbus Exception Occurred - See Response Body
[2024-12-10T06:31:47.481Z] Error writing to Modbus register: A Modbus Exception Occurred - See Response Body
[2024-12-10T06:31:48.491Z] Error reading or processing Modbus registers: A Modbus Exception Occurred - See Response Body
[2024-12-10T06:31:48.493Z] Error reading register 6507 for IP 10.30.4.128: A Modbus Exception Occurred - See Response Body
[2024-12-10T06:31:48.494Z] Error reading actual data: A Modbus Exception Occurred - See Response Body
[2024-12-10T06:31:48.494Z] Error writing to Modbus register: A Modbus Exception Occurred - See Response Body
[2024-12-10T06:31:49.505Z] Error reading or processing Modbus registers: A Modbus Exception Occurred - See Response Body
[2024-12-10T06:31:49.508Z] Error reading register 6507 for IP 10.30.4.128: A Modbus Exception Occurred - See Response Body
[2024-12-10T06:31:49.509Z] Error reading actual data: A Modbus Exception Occurred - See Response Body
[2024-12-10T06:31:49.510Z] Error writing to Modbus register: A Modbus Exception Occurred - See Response Body
[2024-12-10T06:31:50.519Z] Error reading or processing Modbus registers: A Modbus Exception Occurred - See Response Body
[2024-12-10T06:31:50.522Z] Error reading register 6507 for IP 10.30.4.128: A Modbus Exception Occurred - See Response Body
[2024-12-10T06:31:50.523Z] Error reading actual data: A Modbus Exception Occurred - See Response Body
[2024-12-10T06:31:50.524Z] Error writing to Modbus register: A Modbus Exception Occurred - See Response Body
[2024-12-10T06:31:51.534Z] Error reading or processing Modbus registers: A Modbus Exception Occurred - See Response Body
[2024-12-10T06:31:51.536Z] Error reading register 6507 for IP 10.30.4.128: A Modbus Exception Occurred - See Response Body
[2024-12-10T06:31:51.537Z] Error reading actual data: A Modbus Exception Occurred - See Response Body
[2024-12-10T06:31:51.538Z] Error writing to Modbus register: A Modbus Exception Occurred - See Response Body
[2024-12-10T06:31:52.549Z] Error reading or processing Modbus registers: A Modbus Exception Occurred - See Response Body
[2024-12-10T06:31:52.551Z] Error reading register 6507 for IP 10.30.4.128: A Modbus Exception Occurred - See Response Body
[2024-12-10T06:31:52.552Z] Error reading actual data: A Modbus Exception Occurred - See Response Body
[2024-12-10T06:31:52.553Z] Error writing to Modbus register: A Modbus Exception Occurred - See Response Body
[2024-12-10T06:31:53.563Z] Error reading or processing Modbus registers: A Modbus Exception Occurred - See Response Body
[2024-12-10T06:31:53.565Z] Error reading register 6507 for IP 10.30.4.128: A Modbus Exception Occurred - See Response Body
[2024-12-10T06:31:53.566Z] Error reading actual data: A Modbus Exception Occurred - See Response Body
[2024-12-10T06:31:53.567Z] Error writing to Modbus register: A Modbus Exception Occurred - See Response Body
[2024-12-10T06:31:54.575Z] Error reading or processing Modbus registers: A Modbus Exception Occurred - See Response Body
[2024-12-10T06:31:54.578Z] Error reading register 6507 for IP 10.30.4.128: A Modbus Exception Occurred - See Response Body
[2024-12-10T06:31:54.578Z] Error reading actual data: A Modbus Exception Occurred - See Response Body
[2024-12-10T06:31:54.579Z] Error writing to Modbus register: A Modbus Exception Occurred - See Response Body
[2024-12-10T06:31:55.589Z] Error reading or processing Modbus registers: A Modbus Exception Occurred - See Response Body
[2024-12-10T06:31:55.592Z] Error reading register 6507 for IP 10.30.4.128: A Modbus Exception Occurred - See Response Body
[2024-12-10T06:31:55.592Z] Error reading actual data: A Modbus Exception Occurred - See Response Body
[2024-12-10T06:31:55.593Z] Error writing to Modbus register: A Modbus Exception Occurred - See Response Body
[2024-12-10T06:31:56.602Z] Error reading or processing Modbus registers: A Modbus Exception Occurred - See Response Body
[2024-12-10T06:31:56.604Z] Error reading register 6507 for IP 10.30.4.128: A Modbus Exception Occurred - See Response Body
[2024-12-10T06:31:56.605Z] Error reading actual data: A Modbus Exception Occurred - See Response Body
[2024-12-10T06:31:56.605Z] Error writing to Modbus register: A Modbus Exception Occurred - See Response Body
[2024-12-10T06:31:57.616Z] Error reading or processing Modbus registers: A Modbus Exception Occurred - See Response Body
[2024-12-10T06:31:57.619Z] Error reading register 6507 for IP 10.30.4.128: A Modbus Exception Occurred - See Response Body
[2024-12-10T06:31:57.619Z] Error reading actual data: A Modbus Exception Occurred - See Response Body
[2024-12-10T06:31:57.620Z] Error writing to Modbus register: A Modbus Exception Occurred - See Response Body
[2024-12-10T06:31:58.618Z] Error reading or processing Modbus registers: A Modbus Exception Occurred - See Response Body
[2024-12-10T06:31:58.620Z] Error reading register 6507 for IP 10.30.4.128: A Modbus Exception Occurred - See Response Body
[2024-12-10T06:31:58.621Z] Error reading actual data: A Modbus Exception Occurred - See Response Body
[2024-12-10T06:31:58.622Z] Error writing to Modbus register: A Modbus Exception Occurred - See Response Body
[2024-12-10T06:31:59.634Z] Error reading or processing Modbus registers: A Modbus Exception Occurred - See Response Body
[2024-12-10T06:31:59.636Z] Error reading register 6507 for IP 10.30.4.128: A Modbus Exception Occurred - See Response Body
[2024-12-10T06:31:59.637Z] Error reading actual data: A Modbus Exception Occurred - See Response Body
[2024-12-10T06:31:59.637Z] Error writing to Modbus register: A Modbus Exception Occurred - See Response Body
[2024-12-10T06:32:00.635Z] Error reading or processing Modbus registers: A Modbus Exception Occurred - See Response Body
[2024-12-10T06:32:00.638Z] Error reading register 6507 for IP 10.30.4.128: A Modbus Exception Occurred - See Response Body
[2024-12-10T06:32:00.639Z] Error reading actual data: A Modbus Exception Occurred - See Response Body
[2024-12-10T06:32:00.640Z] Error writing to Modbus register: A Modbus Exception Occurred - See Response Body
[2024-12-10T06:32:01.650Z] Error reading or processing Modbus registers: A Modbus Exception Occurred - See Response Body
[2024-12-10T06:32:01.654Z] Error reading register 6507 for IP 10.30.4.128: A Modbus Exception Occurred - See Response Body
[2024-12-10T06:32:01.655Z] Error reading actual data: A Modbus Exception Occurred - See Response Body
[2024-12-10T06:32:01.656Z] Error writing to Modbus register: A Modbus Exception Occurred - See Response Body
[2024-12-10T06:32:02.664Z] Error reading or processing Modbus registers: A Modbus Exception Occurred - See Response Body
[2024-12-10T06:32:02.667Z] Error reading register 6507 for IP 10.30.4.128: A Modbus Exception Occurred - See Response Body
[2024-12-10T06:32:02.667Z] Error reading actual data: A Modbus Exception Occurred - See Response Body
[2024-12-10T06:32:02.668Z] Error writing to Modbus register: A Modbus Exception Occurred - See Response Body
[2024-12-10T06:32:03.678Z] Error reading or processing Modbus registers: A Modbus Exception Occurred - See Response Body
[2024-12-10T06:32:03.681Z] Error reading register 6507 for IP 10.30.4.128: A Modbus Exception Occurred - See Response Body
[2024-12-10T06:32:03.682Z] Error reading actual data: A Modbus Exception Occurred - See Response Body
[2024-12-10T06:32:03.682Z] Error writing to Modbus register: A Modbus Exception Occurred - See Response Body
[2024-12-10T06:32:04.691Z] Error reading or processing Modbus registers: A Modbus Exception Occurred - See Response Body
[2024-12-10T06:32:04.693Z] Error reading register 6507 for IP 10.30.4.128: A Modbus Exception Occurred - See Response Body
[2024-12-10T06:32:04.694Z] Error reading actual data: A Modbus Exception Occurred - See Response Body
[2024-12-10T06:32:04.694Z] Error writing to Modbus register: A Modbus Exception Occurred - See Response Body
[2024-12-10T06:32:05.693Z] Error reading or processing Modbus registers: A Modbus Exception Occurred - See Response Body
[2024-12-10T06:32:05.695Z] Error reading register 6507 for IP 10.30.4.128: A Modbus Exception Occurred - See Response Body
[2024-12-10T06:32:05.696Z] Error reading actual data: A Modbus Exception Occurred - See Response Body
[2024-12-10T06:32:05.696Z] Error writing to Modbus register: A Modbus Exception Occurred - See Response Body
[2024-12-10T06:32:06.697Z] Error reading or processing Modbus registers: A Modbus Exception Occurred - See Response Body
[2024-12-10T06:32:06.700Z] Error reading register 6507 for IP 10.30.4.128: A Modbus Exception Occurred - See Response Body
[2024-12-10T06:32:06.701Z] Error reading actual data: A Modbus Exception Occurred - See Response Body
[2024-12-10T06:32:06.701Z] Error writing to Modbus register: A Modbus Exception Occurred - See Response Body
[2024-12-10T06:32:07.712Z] Error reading or processing Modbus registers: A Modbus Exception Occurred - See Response Body
[2024-12-10T06:32:07.714Z] Error reading register 6507 for IP 10.30.4.128: A Modbus Exception Occurred - See Response Body
[2024-12-10T06:32:07.715Z] Error reading actual data: A Modbus Exception Occurred - See Response Body
[2024-12-10T06:32:07.716Z] Error writing to Modbus register: A Modbus Exception Occurred - See Response Body
[2024-12-10T06:32:08.725Z] Error reading or processing Modbus registers: A Modbus Exception Occurred - See Response Body
[2024-12-10T06:32:08.728Z] Error reading register 6507 for IP 10.30.4.128: A Modbus Exception Occurred - See Response Body
[2024-12-10T06:32:08.729Z] Error reading actual data: A Modbus Exception Occurred - See Response Body
[2024-12-10T06:32:08.730Z] Error writing to Modbus register: A Modbus Exception Occurred - See Response Body
[2024-12-10T06:32:09.739Z] Error reading or processing Modbus registers: A Modbus Exception Occurred - See Response Body
[2024-12-10T06:32:09.741Z] Error reading register 6507 for IP 10.30.4.128: A Modbus Exception Occurred - See Response Body
[2024-12-10T06:32:09.742Z] Error reading actual data: A Modbus Exception Occurred - See Response Body
[2024-12-10T06:32:09.743Z] Error writing to Modbus register: A Modbus Exception Occurred - See Response Body
[2024-12-10T06:32:10.741Z] Error reading or processing Modbus registers: A Modbus Exception Occurred - See Response Body
[2024-12-10T06:32:10.744Z] Error reading register 6507 for IP 10.30.4.128: A Modbus Exception Occurred - See Response Body
[2024-12-10T06:32:10.744Z] Error reading actual data: A Modbus Exception Occurred - See Response Body
[2024-12-10T06:32:10.745Z] Error writing to Modbus register: A Modbus Exception Occurred - See Response Body
[2024-12-10T06:32:11.742Z] Error reading or processing Modbus registers: A Modbus Exception Occurred - See Response Body
[2024-12-10T06:32:11.744Z] Error reading register 6507 for IP 10.30.4.128: A Modbus Exception Occurred - See Response Body
[2024-12-10T06:32:11.745Z] Error reading actual data: A Modbus Exception Occurred - See Response Body
[2024-12-10T06:32:11.746Z] Error writing to Modbus register: A Modbus Exception Occurred - See Response Body
[2024-12-10T06:32:12.754Z] Error reading or processing Modbus registers: A Modbus Exception Occurred - See Response Body
[2024-12-10T06:32:12.756Z] Error reading register 6507 for IP 10.30.4.128: A Modbus Exception Occurred - See Response Body
[2024-12-10T06:32:12.757Z] Error reading actual data: A Modbus Exception Occurred - See Response Body
[2024-12-10T06:32:12.758Z] Error writing to Modbus register: A Modbus Exception Occurred - See Response Body
[2024-12-10T06:32:13.768Z] Error reading or processing Modbus registers: A Modbus Exception Occurred - See Response Body
[2024-12-10T06:32:13.771Z] Error reading register 6507 for IP 10.30.4.128: A Modbus Exception Occurred - See Response Body
[2024-12-10T06:32:13.771Z] Error reading actual data: A Modbus Exception Occurred - See Response Body
[2024-12-10T06:32:13.772Z] Error writing to Modbus register: A Modbus Exception Occurred - See Response Body
[2024-12-10T06:32:14.781Z] Error reading or processing Modbus registers: A Modbus Exception Occurred - See Response Body
[2024-12-10T06:32:14.784Z] Error reading register 6507 for IP 10.30.4.128: A Modbus Exception Occurred - See Response Body
[2024-12-10T06:32:14.785Z] Error reading actual data: A Modbus Exception Occurred - See Response Body
[2024-12-10T06:32:14.785Z] Error writing to Modbus register: A Modbus Exception Occurred - See Response Body
[2024-12-10T06:32:15.796Z] Error reading or processing Modbus registers: A Modbus Exception Occurred - See Response Body
[2024-12-10T06:32:15.798Z] Error reading register 6507 for IP 10.30.4.128: A Modbus Exception Occurred - See Response Body
[2024-12-10T06:32:15.799Z] Error reading actual data: A Modbus Exception Occurred - See Response Body
[2024-12-10T06:32:15.799Z] Error writing to Modbus register: A Modbus Exception Occurred - See Response Body
[2024-12-10T06:32:16.798Z] Error reading or processing Modbus registers: A Modbus Exception Occurred - See Response Body
[2024-12-10T06:32:16.800Z] Error reading register 6507 for IP 10.30.4.128: A Modbus Exception Occurred - See Response Body
[2024-12-10T06:32:16.801Z] Error reading actual data: A Modbus Exception Occurred - See Response Body
[2024-12-10T06:32:16.801Z] Error writing to Modbus register: A Modbus Exception Occurred - See Response Body
[2024-12-10T06:32:17.798Z] Error reading or processing Modbus registers: A Modbus Exception Occurred - See Response Body
[2024-12-10T06:32:17.800Z] Error reading register 6507 for IP 10.30.4.128: A Modbus Exception Occurred - See Response Body
[2024-12-10T06:32:17.801Z] Error reading actual data: A Modbus Exception Occurred - See Response Body
[2024-12-10T06:32:17.801Z] Error writing to Modbus register: A Modbus Exception Occurred - See Response Body
[2024-12-10T06:32:18.812Z] Error reading or processing Modbus registers: A Modbus Exception Occurred - See Response Body
[2024-12-10T06:32:18.816Z] Error reading register 6507 for IP 10.30.4.128: A Modbus Exception Occurred - See Response Body
[2024-12-10T06:32:18.817Z] Error reading actual data: A Modbus Exception Occurred - See Response Body
[2024-12-10T06:32:18.817Z] Error writing to Modbus register: A Modbus Exception Occurred - See Response Body
[2024-12-10T06:32:19.825Z] Error reading or processing Modbus registers: A Modbus Exception Occurred - See Response Body
[2024-12-10T06:32:19.827Z] Error reading register 6507 for IP 10.30.4.128: A Modbus Exception Occurred - See Response Body
[2024-12-10T06:32:19.828Z] Error reading actual data: A Modbus Exception Occurred - See Response Body
[2024-12-10T06:32:19.828Z] Error writing to Modbus register: A Modbus Exception Occurred - See Response Body
[2024-12-10T06:32:20.825Z] Error reading or processing Modbus registers: A Modbus Exception Occurred - See Response Body
[2024-12-10T06:32:20.827Z] Error reading register 6507 for IP 10.30.4.128: A Modbus Exception Occurred - See Response Body
[2024-12-10T06:32:20.828Z] Error reading actual data: A Modbus Exception Occurred - See Response Body
[2024-12-10T06:32:20.828Z] Error writing to Modbus register: A Modbus Exception Occurred - See Response Body
[2024-12-10T06:32:21.838Z] Error reading or processing Modbus registers: A Modbus Exception Occurred - See Response Body
[2024-12-10T06:32:21.840Z] Error reading register 6507 for IP 10.30.4.128: A Modbus Exception Occurred - See Response Body
[2024-12-10T06:32:21.841Z] Error reading actual data: A Modbus Exception Occurred - See Response Body
[2024-12-10T06:32:21.841Z] Error writing to Modbus register: A Modbus Exception Occurred - See Response Body
[2024-12-10T06:32:22.852Z] Error reading or processing Modbus registers: A Modbus Exception Occurred - See Response Body
[2024-12-10T06:32:22.855Z] Error reading register 6507 for IP 10.30.4.128: A Modbus Exception Occurred - See Response Body
[2024-12-10T06:32:22.856Z] Error reading actual data: A Modbus Exception Occurred - See Response Body
[2024-12-10T06:32:22.856Z] Error writing to Modbus register: A Modbus Exception Occurred - See Response Body
[2024-12-10T06:32:23.866Z] Error reading or processing Modbus registers: A Modbus Exception Occurred - See Response Body
[2024-12-10T06:32:23.869Z] Error reading register 6507 for IP 10.30.4.128: A Modbus Exception Occurred - See Response Body
[2024-12-10T06:32:23.869Z] Error reading actual data: A Modbus Exception Occurred - See Response Body
[2024-12-10T06:32:23.870Z] Error writing to Modbus register: A Modbus Exception Occurred - See Response Body
[2024-12-10T06:32:24.866Z] Error reading or processing Modbus registers: A Modbus Exception Occurred - See Response Body
[2024-12-10T06:32:24.869Z] Error reading register 6507 for IP 10.30.4.128: A Modbus Exception Occurred - See Response Body
[2024-12-10T06:32:24.870Z] Error reading actual data: A Modbus Exception Occurred - See Response Body
[2024-12-10T06:32:24.870Z] Error writing to Modbus register: A Modbus Exception Occurred - See Response Body
[2024-12-10T06:32:25.866Z] Error reading or processing Modbus registers: A Modbus Exception Occurred - See Response Body
[2024-12-10T06:32:25.869Z] Error reading register 6507 for IP 10.30.4.128: A Modbus Exception Occurred - See Response Body
[2024-12-10T06:32:25.869Z] Error reading actual data: A Modbus Exception Occurred - See Response Body
[2024-12-10T06:32:25.870Z] Error writing to Modbus register: A Modbus Exception Occurred - See Response Body
[2024-12-10T06:32:26.877Z] Error reading or processing Modbus registers: A Modbus Exception Occurred - See Response Body
[2024-12-10T06:32:26.879Z] Error reading register 6507 for IP 10.30.4.128: A Modbus Exception Occurred - See Response Body
[2024-12-10T06:32:26.880Z] Error reading actual data: A Modbus Exception Occurred - See Response Body
[2024-12-10T06:32:26.881Z] Error writing to Modbus register: A Modbus Exception Occurred - See Response Body
[2024-12-10T06:32:27.889Z] Error reading or processing Modbus registers: A Modbus Exception Occurred - See Response Body
[2024-12-10T06:32:27.892Z] Error reading register 6507 for IP 10.30.4.128: A Modbus Exception Occurred - See Response Body
[2024-12-10T06:32:27.893Z] Error reading actual data: A Modbus Exception Occurred - See Response Body
[2024-12-10T06:32:27.894Z] Error writing to Modbus register: A Modbus Exception Occurred - See Response Body
[2024-12-10T06:32:28.903Z] Error reading or processing Modbus registers: A Modbus Exception Occurred - See Response Body
[2024-12-10T06:32:28.905Z] Error reading register 6507 for IP 10.30.4.128: A Modbus Exception Occurred - See Response Body
[2024-12-10T06:32:28.906Z] Error reading actual data: A Modbus Exception Occurred - See Response Body
[2024-12-10T06:32:28.907Z] Error writing to Modbus register: A Modbus Exception Occurred - See Response Body
[2024-12-10T06:32:29.914Z] Error reading or processing Modbus registers: A Modbus Exception Occurred - See Response Body
[2024-12-10T06:32:29.916Z] Error reading register 6507 for IP 10.30.4.128: A Modbus Exception Occurred - See Response Body
[2024-12-10T06:32:29.917Z] Error reading actual data: A Modbus Exception Occurred - See Response Body
[2024-12-10T06:32:29.918Z] Error writing to Modbus register: A Modbus Exception Occurred - See Response Body
[2024-12-10T06:32:30.925Z] Error reading or processing Modbus registers: A Modbus Exception Occurred - See Response Body
[2024-12-10T06:32:30.927Z] Error reading register 6507 for IP 10.30.4.128: A Modbus Exception Occurred - See Response Body
[2024-12-10T06:32:30.928Z] Error reading actual data: A Modbus Exception Occurred - See Response Body
[2024-12-10T06:32:30.928Z] Error writing to Modbus register: A Modbus Exception Occurred - See Response Body
[2024-12-10T06:32:31.932Z] Error reading or processing Modbus registers: A Modbus Exception Occurred - See Response Body
[2024-12-10T06:32:31.935Z] Error reading register 6507 for IP 10.30.4.128: A Modbus Exception Occurred - See Response Body
[2024-12-10T06:32:31.936Z] Error reading actual data: A Modbus Exception Occurred - See Response Body
[2024-12-10T06:32:31.937Z] Error writing to Modbus register: A Modbus Exception Occurred - See Response Body
[2024-12-10T06:32:32.944Z] Error reading or processing Modbus registers: A Modbus Exception Occurred - See Response Body
[2024-12-10T06:32:32.946Z] Error reading register 6507 for IP 10.30.4.128: A Modbus Exception Occurred - See Response Body
[2024-12-10T06:32:32.947Z] Error reading actual data: A Modbus Exception Occurred - See Response Body
[2024-12-10T06:32:32.947Z] Error writing to Modbus register: A Modbus Exception Occurred - See Response Body
[2024-12-10T06:32:33.957Z] Error reading or processing Modbus registers: A Modbus Exception Occurred - See Response Body
[2024-12-10T06:32:33.962Z] Error reading register 6507 for IP 10.30.4.128: A Modbus Exception Occurred - See Response Body
[2024-12-10T06:32:33.963Z] Error reading actual data: A Modbus Exception Occurred - See Response Body
[2024-12-10T06:32:33.963Z] Error writing to Modbus register: A Modbus Exception Occurred - See Response Body
[2024-12-10T06:32:34.968Z] Error reading or processing Modbus registers: A Modbus Exception Occurred - See Response Body
[2024-12-10T06:32:34.970Z] Error reading register 6507 for IP 10.30.4.128: A Modbus Exception Occurred - See Response Body
[2024-12-10T06:32:34.971Z] Error reading actual data: A Modbus Exception Occurred - See Response Body
[2024-12-10T06:32:34.972Z] Error writing to Modbus register: A Modbus Exception Occurred - See Response Body
[2024-12-10T06:32:35.981Z] Error reading or processing Modbus registers: A Modbus Exception Occurred - See Response Body
[2024-12-10T06:32:35.983Z] Error reading register 6507 for IP 10.30.4.128: A Modbus Exception Occurred - See Response Body
[2024-12-10T06:32:35.984Z] Error reading actual data: A Modbus Exception Occurred - See Response Body
[2024-12-10T06:32:35.984Z] Error writing to Modbus register: A Modbus Exception Occurred - See Response Body
[2024-12-10T06:32:36.993Z] Error reading or processing Modbus registers: A Modbus Exception Occurred - See Response Body
[2024-12-10T06:32:36.995Z] Error reading register 6507 for IP 10.30.4.128: A Modbus Exception Occurred - See Response Body
[2024-12-10T06:32:36.996Z] Error reading actual data: A Modbus Exception Occurred - See Response Body
[2024-12-10T06:32:36.996Z] Error writing to Modbus register: A Modbus Exception Occurred - See Response Body
[2024-12-10T06:32:38.006Z] Error reading or processing Modbus registers: A Modbus Exception Occurred - See Response Body
[2024-12-10T06:32:38.008Z] Error reading register 6507 for IP 10.30.4.128: A Modbus Exception Occurred - See Response Body
[2024-12-10T06:32:38.008Z] Error reading actual data: A Modbus Exception Occurred - See Response Body
[2024-12-10T06:32:38.009Z] Error writing to Modbus register: A Modbus Exception Occurred - See Response Body
[2024-12-10T06:32:39.015Z] Error reading or processing Modbus registers: A Modbus Exception Occurred - See Response Body
[2024-12-10T06:32:39.018Z] Error reading register 6507 for IP 10.30.4.128: A Modbus Exception Occurred - See Response Body
[2024-12-10T06:32:39.019Z] Error reading actual data: A Modbus Exception Occurred - See Response Body
[2024-12-10T06:32:39.019Z] Error writing to Modbus register: A Modbus Exception Occurred - See Response Body
[2024-12-10T06:32:40.030Z] Error reading or processing Modbus registers: A Modbus Exception Occurred - See Response Body
[2024-12-10T06:32:40.032Z] Error reading register 6507 for IP 10.30.4.128: A Modbus Exception Occurred - See Response Body
[2024-12-10T06:32:40.033Z] Error reading actual data: A Modbus Exception Occurred - See Response Body
[2024-12-10T06:32:40.034Z] Error writing to Modbus register: A Modbus Exception Occurred - See Response Body
[2024-12-10T06:32:41.044Z] Error reading or processing Modbus registers: A Modbus Exception Occurred - See Response Body
[2024-12-10T06:32:41.046Z] Error reading register 6507 for IP 10.30.4.128: A Modbus Exception Occurred - See Response Body
[2024-12-10T06:32:41.047Z] Error reading actual data: A Modbus Exception Occurred - See Response Body
[2024-12-10T06:32:41.048Z] Error writing to Modbus register: A Modbus Exception Occurred - See Response Body
[2024-12-10T06:32:42.055Z] Error reading or processing Modbus registers: A Modbus Exception Occurred - See Response Body
[2024-12-10T06:32:42.057Z] Error reading register 6507 for IP 10.30.4.128: A Modbus Exception Occurred - See Response Body
[2024-12-10T06:32:42.058Z] Error reading actual data: A Modbus Exception Occurred - See Response Body
[2024-12-10T06:32:42.058Z] Error writing to Modbus register: A Modbus Exception Occurred - See Response Body
[2024-12-10T06:32:43.067Z] Error reading or processing Modbus registers: A Modbus Exception Occurred - See Response Body
[2024-12-10T06:32:43.070Z] Error reading register 6507 for IP 10.30.4.128: A Modbus Exception Occurred - See Response Body
[2024-12-10T06:32:43.070Z] Error reading actual data: A Modbus Exception Occurred - See Response Body
[2024-12-10T06:32:43.071Z] Error writing to Modbus register: A Modbus Exception Occurred - See Response Body
[2024-12-10T06:32:44.079Z] Error reading or processing Modbus registers: A Modbus Exception Occurred - See Response Body
[2024-12-10T06:32:44.081Z] Error reading register 6507 for IP 10.30.4.128: A Modbus Exception Occurred - See Response Body
[2024-12-10T06:32:44.082Z] Error reading actual data: A Modbus Exception Occurred - See Response Body
[2024-12-10T06:32:44.083Z] Error writing to Modbus register: A Modbus Exception Occurred - See Response Body
[2024-12-10T06:32:45.088Z] Error reading or processing Modbus registers: A Modbus Exception Occurred - See Response Body
[2024-12-10T06:32:45.091Z] Error reading register 6507 for IP 10.30.4.128: A Modbus Exception Occurred - See Response Body
[2024-12-10T06:32:45.091Z] Error reading actual data: A Modbus Exception Occurred - See Response Body
[2024-12-10T06:32:45.092Z] Error writing to Modbus register: A Modbus Exception Occurred - See Response Body
[2024-12-10T06:32:46.101Z] Error reading or processing Modbus registers: A Modbus Exception Occurred - See Response Body
[2024-12-10T06:32:46.104Z] Error reading register 6507 for IP 10.30.4.128: A Modbus Exception Occurred - See Response Body
[2024-12-10T06:32:46.105Z] Error reading actual data: A Modbus Exception Occurred - See Response Body
[2024-12-10T06:32:46.105Z] Error writing to Modbus register: A Modbus Exception Occurred - See Response Body
[2024-12-10T06:32:47.112Z] Error reading or processing Modbus registers: A Modbus Exception Occurred - See Response Body
[2024-12-10T06:32:47.117Z] Error reading register 6507 for IP 10.30.4.128: A Modbus Exception Occurred - See Response Body
[2024-12-10T06:32:47.118Z] Error reading actual data: A Modbus Exception Occurred - See Response Body
[2024-12-10T06:32:47.118Z] Error writing to Modbus register: A Modbus Exception Occurred - See Response Body
[2024-12-10T06:32:48.127Z] Error reading or processing Modbus registers: A Modbus Exception Occurred - See Response Body
[2024-12-10T06:32:48.129Z] Error reading register 6507 for IP 10.30.4.128: A Modbus Exception Occurred - See Response Body
[2024-12-10T06:32:48.130Z] Error reading actual data: A Modbus Exception Occurred - See Response Body
[2024-12-10T06:32:48.131Z] Error writing to Modbus register: A Modbus Exception Occurred - See Response Body
[2024-12-10T06:32:49.139Z] Error reading or processing Modbus registers: A Modbus Exception Occurred - See Response Body
[2024-12-10T06:32:49.141Z] Error reading register 6507 for IP 10.30.4.128: A Modbus Exception Occurred - See Response Body
[2024-12-10T06:32:49.142Z] Error reading actual data: A Modbus Exception Occurred - See Response Body
[2024-12-10T06:32:49.142Z] Error writing to Modbus register: A Modbus Exception Occurred - See Response Body
[2024-12-10T06:32:50.151Z] Error reading or processing Modbus registers: A Modbus Exception Occurred - See Response Body
[2024-12-10T06:32:50.153Z] Error reading register 6507 for IP 10.30.4.128: A Modbus Exception Occurred - See Response Body
[2024-12-10T06:32:50.154Z] Error reading actual data: A Modbus Exception Occurred - See Response Body
[2024-12-10T06:32:50.154Z] Error writing to Modbus register: A Modbus Exception Occurred - See Response Body
[2024-12-10T06:32:51.165Z] Error reading or processing Modbus registers: A Modbus Exception Occurred - See Response Body
[2024-12-10T06:32:51.168Z] Error reading register 6507 for IP 10.30.4.128: A Modbus Exception Occurred - See Response Body
[2024-12-10T06:32:51.168Z] Error reading actual data: A Modbus Exception Occurred - See Response Body
[2024-12-10T06:32:51.169Z] Error writing to Modbus register: A Modbus Exception Occurred - See Response Body
[2024-12-10T06:32:52.181Z] Error reading or processing Modbus registers: A Modbus Exception Occurred - See Response Body
[2024-12-10T06:32:52.183Z] Error reading register 6507 for IP 10.30.4.128: A Modbus Exception Occurred - See Response Body
[2024-12-10T06:32:52.184Z] Error reading actual data: A Modbus Exception Occurred - See Response Body
[2024-12-10T06:32:52.184Z] Error writing to Modbus register: A Modbus Exception Occurred - See Response Body
[2024-12-10T06:32:53.181Z] Error reading or processing Modbus registers: A Modbus Exception Occurred - See Response Body
[2024-12-10T06:32:53.184Z] Error reading register 6507 for IP 10.30.4.128: A Modbus Exception Occurred - See Response Body
[2024-12-10T06:32:53.185Z] Error reading actual data: A Modbus Exception Occurred - See Response Body
[2024-12-10T06:32:53.185Z] Error writing to Modbus register: A Modbus Exception Occurred - See Response Body
[2024-12-10T06:32:54.195Z] Error reading or processing Modbus registers: A Modbus Exception Occurred - See Response Body
[2024-12-10T06:32:54.197Z] Error reading register 6507 for IP 10.30.4.128: A Modbus Exception Occurred - See Response Body
[2024-12-10T06:32:54.198Z] Error reading actual data: A Modbus Exception Occurred - See Response Body
[2024-12-10T06:32:54.199Z] Error writing to Modbus register: A Modbus Exception Occurred - See Response Body
[2024-12-10T06:32:55.209Z] Error reading or processing Modbus registers: A Modbus Exception Occurred - See Response Body
[2024-12-10T06:32:55.211Z] Error reading register 6507 for IP 10.30.4.128: A Modbus Exception Occurred - See Response Body
[2024-12-10T06:32:55.212Z] Error reading actual data: A Modbus Exception Occurred - See Response Body
[2024-12-10T06:32:55.213Z] Error writing to Modbus register: A Modbus Exception Occurred - See Response Body
[2024-12-10T06:32:56.223Z] Error reading or processing Modbus registers: A Modbus Exception Occurred - See Response Body
[2024-12-10T06:32:56.226Z] Error reading register 6507 for IP 10.30.4.128: A Modbus Exception Occurred - See Response Body
[2024-12-10T06:32:56.227Z] Error reading actual data: A Modbus Exception Occurred - See Response Body
[2024-12-10T06:32:56.227Z] Error writing to Modbus register: A Modbus Exception Occurred - See Response Body
[2024-12-10T06:32:57.225Z] Error reading or processing Modbus registers: A Modbus Exception Occurred - See Response Body
[2024-12-10T06:32:57.228Z] Error reading register 6507 for IP 10.30.4.128: A Modbus Exception Occurred - See Response Body
[2024-12-10T06:32:57.229Z] Error reading actual data: A Modbus Exception Occurred - See Response Body
[2024-12-10T06:32:57.229Z] Error writing to Modbus register: A Modbus Exception Occurred - See Response Body
[2024-12-10T06:32:58.225Z] Error reading or processing Modbus registers: A Modbus Exception Occurred - See Response Body
[2024-12-10T06:32:58.228Z] Error reading register 6507 for IP 10.30.4.128: A Modbus Exception Occurred - See Response Body
[2024-12-10T06:32:58.228Z] Error reading actual data: A Modbus Exception Occurred - See Response Body
[2024-12-10T06:32:58.229Z] Error writing to Modbus register: A Modbus Exception Occurred - See Response Body
[2024-12-10T06:32:59.239Z] Error reading or processing Modbus registers: A Modbus Exception Occurred - See Response Body
[2024-12-10T06:32:59.242Z] Error reading register 6507 for IP 10.30.4.128: A Modbus Exception Occurred - See Response Body
[2024-12-10T06:32:59.242Z] Error reading actual data: A Modbus Exception Occurred - See Response Body
[2024-12-10T06:32:59.243Z] Error writing to Modbus register: A Modbus Exception Occurred - See Response Body
[2024-12-10T06:33:00.251Z] Error reading or processing Modbus registers: A Modbus Exception Occurred - See Response Body
[2024-12-10T06:33:00.254Z] Error reading register 6507 for IP 10.30.4.128: A Modbus Exception Occurred - See Response Body
[2024-12-10T06:33:00.254Z] Error reading actual data: A Modbus Exception Occurred - See Response Body
[2024-12-10T06:33:00.255Z] Error writing to Modbus register: A Modbus Exception Occurred - See Response Body
[2024-12-10T06:33:01.253Z] Error reading or processing Modbus registers: A Modbus Exception Occurred - See Response Body
[2024-12-10T06:33:01.256Z] Error reading register 6507 for IP 10.30.4.128: A Modbus Exception Occurred - See Response Body
[2024-12-10T06:33:01.257Z] Error reading actual data: A Modbus Exception Occurred - See Response Body
[2024-12-10T06:33:01.257Z] Error writing to Modbus register: A Modbus Exception Occurred - See Response Body
[2024-12-10T06:33:02.267Z] Error reading or processing Modbus registers: A Modbus Exception Occurred - See Response Body
[2024-12-10T06:33:02.269Z] Error reading register 6507 for IP 10.30.4.128: A Modbus Exception Occurred - See Response Body
[2024-12-10T06:33:02.270Z] Error reading actual data: A Modbus Exception Occurred - See Response Body
[2024-12-10T06:33:02.270Z] Error writing to Modbus register: A Modbus Exception Occurred - See Response Body
[2024-12-10T06:33:03.280Z] Error reading or processing Modbus registers: A Modbus Exception Occurred - See Response Body
[2024-12-10T06:33:03.283Z] Error reading register 6507 for IP 10.30.4.128: A Modbus Exception Occurred - See Response Body
[2024-12-10T06:33:03.284Z] Error reading actual data: A Modbus Exception Occurred - See Response Body
[2024-12-10T06:33:03.285Z] Error writing to Modbus register: A Modbus Exception Occurred - See Response Body
[2024-12-10T06:33:04.295Z] Error reading or processing Modbus registers: A Modbus Exception Occurred - See Response Body
[2024-12-10T06:33:04.300Z] Error reading register 6507 for IP 10.30.4.128: A Modbus Exception Occurred - See Response Body
[2024-12-10T06:33:04.301Z] Error reading actual data: A Modbus Exception Occurred - See Response Body
[2024-12-10T06:33:04.301Z] Error writing to Modbus register: A Modbus Exception Occurred - See Response Body
[2024-12-10T06:33:05.297Z] Error reading or processing Modbus registers: A Modbus Exception Occurred - See Response Body
[2024-12-10T06:33:05.302Z] Error reading register 6507 for IP 10.30.4.128: A Modbus Exception Occurred - See Response Body
[2024-12-10T06:33:05.303Z] Error reading actual data: A Modbus Exception Occurred - See Response Body
[2024-12-10T06:33:05.303Z] Error writing to Modbus register: A Modbus Exception Occurred - See Response Body
[2024-12-10T06:33:06.310Z] Error reading or processing Modbus registers: A Modbus Exception Occurred - See Response Body
[2024-12-10T06:33:06.312Z] Error reading register 6507 for IP 10.30.4.128: A Modbus Exception Occurred - See Response Body
[2024-12-10T06:33:06.313Z] Error reading actual data: A Modbus Exception Occurred - See Response Body
[2024-12-10T06:33:06.313Z] Error writing to Modbus register: A Modbus Exception Occurred - See Response Body
[2024-12-10T06:33:07.310Z] Error reading or processing Modbus registers: A Modbus Exception Occurred - See Response Body
[2024-12-10T06:33:07.313Z] Error reading register 6507 for IP 10.30.4.128: A Modbus Exception Occurred - See Response Body
[2024-12-10T06:33:07.313Z] Error reading actual data: A Modbus Exception Occurred - See Response Body
[2024-12-10T06:33:07.314Z] Error writing to Modbus register: A Modbus Exception Occurred - See Response Body
[2024-12-10T06:33:08.321Z] Error reading or processing Modbus registers: A Modbus Exception Occurred - See Response Body
[2024-12-10T06:33:08.323Z] Error reading register 6507 for IP 10.30.4.128: A Modbus Exception Occurred - See Response Body
[2024-12-10T06:33:08.324Z] Error reading actual data: A Modbus Exception Occurred - See Response Body
[2024-12-10T06:33:08.324Z] Error writing to Modbus register: A Modbus Exception Occurred - See Response Body
[2024-12-10T06:33:09.334Z] Error reading or processing Modbus registers: A Modbus Exception Occurred - See Response Body
[2024-12-10T06:33:09.336Z] Error reading register 6507 for IP 10.30.4.128: A Modbus Exception Occurred - See Response Body
[2024-12-10T06:33:09.337Z] Error reading actual data: A Modbus Exception Occurred - See Response Body
[2024-12-10T06:33:09.337Z] Error writing to Modbus register: A Modbus Exception Occurred - See Response Body
[2024-12-10T06:33:10.335Z] Error reading or processing Modbus registers: A Modbus Exception Occurred - See Response Body
[2024-12-10T06:33:10.337Z] Error reading register 6507 for IP 10.30.4.128: A Modbus Exception Occurred - See Response Body
[2024-12-10T06:33:10.338Z] Error reading actual data: A Modbus Exception Occurred - See Response Body
[2024-12-10T06:33:10.339Z] Error writing to Modbus register: A Modbus Exception Occurred - See Response Body
[2024-12-10T06:33:11.346Z] Error reading or processing Modbus registers: A Modbus Exception Occurred - See Response Body
[2024-12-10T06:33:11.348Z] Error reading register 6507 for IP 10.30.4.128: A Modbus Exception Occurred - See Response Body
[2024-12-10T06:33:11.349Z] Error reading actual data: A Modbus Exception Occurred - See Response Body
[2024-12-10T06:33:11.349Z] Error writing to Modbus register: A Modbus Exception Occurred - See Response Body
[2024-12-10T06:33:12.360Z] Error reading or processing Modbus registers: A Modbus Exception Occurred - See Response Body
[2024-12-10T06:33:12.362Z] Error reading register 6507 for IP 10.30.4.128: A Modbus Exception Occurred - See Response Body
[2024-12-10T06:33:12.363Z] Error reading actual data: A Modbus Exception Occurred - See Response Body
[2024-12-10T06:33:12.364Z] Error writing to Modbus register: A Modbus Exception Occurred - See Response Body
[2024-12-10T06:33:13.375Z] Error reading or processing Modbus registers: A Modbus Exception Occurred - See Response Body
[2024-12-10T06:33:13.378Z] Error reading register 6507 for IP 10.30.4.128: A Modbus Exception Occurred - See Response Body
[2024-12-10T06:33:13.378Z] Error reading actual data: A Modbus Exception Occurred - See Response Body
[2024-12-10T06:33:13.379Z] Error writing to Modbus register: A Modbus Exception Occurred - See Response Body
[2024-12-10T06:33:14.387Z] Error reading or processing Modbus registers: A Modbus Exception Occurred - See Response Body
[2024-12-10T06:33:14.390Z] Error reading register 6507 for IP 10.30.4.128: A Modbus Exception Occurred - See Response Body
[2024-12-10T06:33:14.391Z] Error reading actual data: A Modbus Exception Occurred - See Response Body
[2024-12-10T06:33:14.391Z] Error writing to Modbus register: A Modbus Exception Occurred - See Response Body
[2024-12-10T06:33:15.400Z] Error reading or processing Modbus registers: A Modbus Exception Occurred - See Response Body
[2024-12-10T06:33:15.402Z] Error reading register 6507 for IP 10.30.4.128: A Modbus Exception Occurred - See Response Body
[2024-12-10T06:33:15.403Z] Error reading actual data: A Modbus Exception Occurred - See Response Body
[2024-12-10T06:33:15.403Z] Error writing to Modbus register: A Modbus Exception Occurred - See Response Body
[2024-12-10T06:33:16.403Z] Error reading or processing Modbus registers: A Modbus Exception Occurred - See Response Body
[2024-12-10T06:33:16.405Z] Error reading register 6507 for IP 10.30.4.128: A Modbus Exception Occurred - See Response Body
[2024-12-10T06:33:16.406Z] Error reading actual data: A Modbus Exception Occurred - See Response Body
[2024-12-10T06:33:16.406Z] Error writing to Modbus register: A Modbus Exception Occurred - See Response Body
[2024-12-10T06:33:17.415Z] Error reading or processing Modbus registers: A Modbus Exception Occurred - See Response Body
[2024-12-10T06:33:17.418Z] Error reading register 6507 for IP 10.30.4.128: A Modbus Exception Occurred - See Response Body
[2024-12-10T06:33:17.419Z] Error reading actual data: A Modbus Exception Occurred - See Response Body
[2024-12-10T06:33:17.419Z] Error writing to Modbus register: A Modbus Exception Occurred - See Response Body
[2024-12-10T06:33:18.430Z] Error reading or processing Modbus registers: A Modbus Exception Occurred - See Response Body
[2024-12-10T06:33:18.432Z] Error reading register 6507 for IP 10.30.4.128: A Modbus Exception Occurred - See Response Body
[2024-12-10T06:33:18.433Z] Error reading actual data: A Modbus Exception Occurred - See Response Body
[2024-12-10T06:33:18.433Z] Error writing to Modbus register: A Modbus Exception Occurred - See Response Body
[2024-12-10T06:33:19.430Z] Error reading or processing Modbus registers: A Modbus Exception Occurred - See Response Body
[2024-12-10T06:33:19.433Z] Error reading register 6507 for IP 10.30.4.128: A Modbus Exception Occurred - See Response Body
[2024-12-10T06:33:19.433Z] Error reading actual data: A Modbus Exception Occurred - See Response Body
[2024-12-10T06:33:19.434Z] Error writing to Modbus register: A Modbus Exception Occurred - See Response Body
[2024-12-10T06:33:20.431Z] Error reading or processing Modbus registers: A Modbus Exception Occurred - See Response Body
[2024-12-10T06:33:20.434Z] Error reading register 6507 for IP 10.30.4.128: A Modbus Exception Occurred - See Response Body
[2024-12-10T06:33:20.435Z] Error reading actual data: A Modbus Exception Occurred - See Response Body
[2024-12-10T06:33:20.436Z] Error writing to Modbus register: A Modbus Exception Occurred - See Response Body
[2024-12-10T06:33:21.446Z] Error reading or processing Modbus registers: A Modbus Exception Occurred - See Response Body
[2024-12-10T06:33:21.448Z] Error reading register 6507 for IP 10.30.4.128: A Modbus Exception Occurred - See Response Body
[2024-12-10T06:33:21.449Z] Error reading actual data: A Modbus Exception Occurred - See Response Body
[2024-12-10T06:33:21.450Z] Error writing to Modbus register: A Modbus Exception Occurred - See Response Body
[2024-12-10T06:33:22.460Z] Error reading or processing Modbus registers: A Modbus Exception Occurred - See Response Body
[2024-12-10T06:33:22.462Z] Error reading register 6507 for IP 10.30.4.128: A Modbus Exception Occurred - See Response Body
[2024-12-10T06:33:22.463Z] Error reading actual data: A Modbus Exception Occurred - See Response Body
[2024-12-10T06:33:22.463Z] Error writing to Modbus register: A Modbus Exception Occurred - See Response Body
[2024-12-10T06:33:23.472Z] Error reading or processing Modbus registers: A Modbus Exception Occurred - See Response Body
[2024-12-10T06:33:23.475Z] Error reading register 6507 for IP 10.30.4.128: A Modbus Exception Occurred - See Response Body
[2024-12-10T06:33:23.476Z] Error reading actual data: A Modbus Exception Occurred - See Response Body
[2024-12-10T06:33:23.476Z] Error writing to Modbus register: A Modbus Exception Occurred - See Response Body
[2024-12-10T06:33:24.486Z] Error reading or processing Modbus registers: A Modbus Exception Occurred - See Response Body
[2024-12-10T06:33:24.488Z] Error reading register 6507 for IP 10.30.4.128: A Modbus Exception Occurred - See Response Body
[2024-12-10T06:33:24.489Z] Error reading actual data: A Modbus Exception Occurred - See Response Body
[2024-12-10T06:33:24.490Z] Error writing to Modbus register: A Modbus Exception Occurred - See Response Body
[2024-12-10T06:33:25.488Z] Error reading or processing Modbus registers: A Modbus Exception Occurred - See Response Body
[2024-12-10T06:33:25.490Z] Error reading register 6507 for IP 10.30.4.128: A Modbus Exception Occurred - See Response Body
[2024-12-10T06:33:25.491Z] Error reading actual data: A Modbus Exception Occurred - See Response Body
[2024-12-10T06:33:25.491Z] Error writing to Modbus register: A Modbus Exception Occurred - See Response Body
[2024-12-10T06:33:26.487Z] Error reading or processing Modbus registers: A Modbus Exception Occurred - See Response Body
[2024-12-10T06:33:26.489Z] Error reading register 6507 for IP 10.30.4.128: A Modbus Exception Occurred - See Response Body
[2024-12-10T06:33:26.490Z] Error reading actual data: A Modbus Exception Occurred - See Response Body
[2024-12-10T06:33:26.491Z] Error writing to Modbus register: A Modbus Exception Occurred - See Response Body
[2024-12-10T06:33:27.502Z] Error reading or processing Modbus registers: A Modbus Exception Occurred - See Response Body
[2024-12-10T06:33:27.504Z] Error reading register 6507 for IP 10.30.4.128: A Modbus Exception Occurred - See Response Body
[2024-12-10T06:33:27.505Z] Error reading actual data: A Modbus Exception Occurred - See Response Body
[2024-12-10T06:33:27.505Z] Error writing to Modbus register: A Modbus Exception Occurred - See Response Body
[2024-12-10T06:33:28.514Z] Error reading or processing Modbus registers: A Modbus Exception Occurred - See Response Body
[2024-12-10T06:33:28.516Z] Error reading register 6507 for IP 10.30.4.128: A Modbus Exception Occurred - See Response Body
[2024-12-10T06:33:28.517Z] Error reading actual data: A Modbus Exception Occurred - See Response Body
[2024-12-10T06:33:28.518Z] Error writing to Modbus register: A Modbus Exception Occurred - See Response Body
[2024-12-10T06:33:29.516Z] Error reading or processing Modbus registers: A Modbus Exception Occurred - See Response Body
[2024-12-10T06:33:29.518Z] Error reading register 6507 for IP 10.30.4.128: A Modbus Exception Occurred - See Response Body
[2024-12-10T06:33:29.519Z] Error reading actual data: A Modbus Exception Occurred - See Response Body
[2024-12-10T06:33:29.520Z] Error writing to Modbus register: A Modbus Exception Occurred - See Response Body
[2024-12-10T06:33:30.528Z] Error reading or processing Modbus registers: A Modbus Exception Occurred - See Response Body
[2024-12-10T06:33:30.530Z] Error reading register 6507 for IP 10.30.4.128: A Modbus Exception Occurred - See Response Body
[2024-12-10T06:33:30.531Z] Error reading actual data: A Modbus Exception Occurred - See Response Body
[2024-12-10T06:33:30.533Z] Error writing to Modbus register: A Modbus Exception Occurred - See Response Body
[2024-12-10T06:33:31.543Z] Error reading or processing Modbus registers: A Modbus Exception Occurred - See Response Body
[2024-12-10T06:33:31.545Z] Error reading register 6507 for IP 10.30.4.128: A Modbus Exception Occurred - See Response Body
[2024-12-10T06:33:31.546Z] Error reading actual data: A Modbus Exception Occurred - See Response Body
[2024-12-10T06:33:31.546Z] Error writing to Modbus register: A Modbus Exception Occurred - See Response Body
[2024-12-10T06:33:32.557Z] Error reading or processing Modbus registers: A Modbus Exception Occurred - See Response Body
[2024-12-10T06:33:32.560Z] Error reading register 6507 for IP 10.30.4.128: A Modbus Exception Occurred - See Response Body
[2024-12-10T06:33:32.561Z] Error reading actual data: A Modbus Exception Occurred - See Response Body
[2024-12-10T06:33:32.561Z] Error writing to Modbus register: A Modbus Exception Occurred - See Response Body
[2024-12-10T06:33:33.561Z] Error reading or processing Modbus registers: A Modbus Exception Occurred - See Response Body
[2024-12-10T06:33:33.564Z] Error reading register 6507 for IP 10.30.4.128: A Modbus Exception Occurred - See Response Body
[2024-12-10T06:33:33.564Z] Error reading actual data: A Modbus Exception Occurred - See Response Body
[2024-12-10T06:33:33.565Z] Error writing to Modbus register: A Modbus Exception Occurred - See Response Body
[2024-12-10T06:33:34.561Z] Error reading or processing Modbus registers: A Modbus Exception Occurred - See Response Body
[2024-12-10T06:33:34.564Z] Error reading register 6507 for IP 10.30.4.128: A Modbus Exception Occurred - See Response Body
[2024-12-10T06:33:34.564Z] Error reading actual data: A Modbus Exception Occurred - See Response Body
[2024-12-10T06:33:34.565Z] Error writing to Modbus register: A Modbus Exception Occurred - See Response Body
[2024-12-10T06:33:35.575Z] Error reading or processing Modbus registers: A Modbus Exception Occurred - See Response Body
[2024-12-10T06:33:35.577Z] Error reading register 6507 for IP 10.30.4.128: A Modbus Exception Occurred - See Response Body
[2024-12-10T06:33:35.578Z] Error reading actual data: A Modbus Exception Occurred - See Response Body
[2024-12-10T06:33:35.579Z] Error writing to Modbus register: A Modbus Exception Occurred - See Response Body
[2024-12-10T06:33:36.576Z] Error reading or processing Modbus registers: A Modbus Exception Occurred - See Response Body
[2024-12-10T06:33:36.578Z] Error reading register 6507 for IP 10.30.4.128: A Modbus Exception Occurred - See Response Body
[2024-12-10T06:33:36.579Z] Error reading actual data: A Modbus Exception Occurred - See Response Body
[2024-12-10T06:33:36.580Z] Error writing to Modbus register: A Modbus Exception Occurred - See Response Body
[2024-12-10T06:33:37.576Z] Error reading or processing Modbus registers: A Modbus Exception Occurred - See Response Body
[2024-12-10T06:33:37.579Z] Error reading register 6507 for IP 10.30.4.128: A Modbus Exception Occurred - See Response Body
[2024-12-10T06:33:37.580Z] Error reading actual data: A Modbus Exception Occurred - See Response Body
[2024-12-10T06:33:37.580Z] Error writing to Modbus register: A Modbus Exception Occurred - See Response Body
[2024-12-10T06:33:38.590Z] Error reading or processing Modbus registers: A Modbus Exception Occurred - See Response Body
[2024-12-10T06:33:38.592Z] Error reading register 6507 for IP 10.30.4.128: A Modbus Exception Occurred - See Response Body
[2024-12-10T06:33:38.593Z] Error reading actual data: A Modbus Exception Occurred - See Response Body
[2024-12-10T06:33:38.593Z] Error writing to Modbus register: A Modbus Exception Occurred - See Response Body
[2024-12-10T06:33:39.605Z] Error reading or processing Modbus registers: A Modbus Exception Occurred - See Response Body
[2024-12-10T06:33:39.607Z] Error reading register 6507 for IP 10.30.4.128: A Modbus Exception Occurred - See Response Body
[2024-12-10T06:33:39.608Z] Error reading actual data: A Modbus Exception Occurred - See Response Body
[2024-12-10T06:33:39.609Z] Error writing to Modbus register: A Modbus Exception Occurred - See Response Body
[2024-12-10T06:33:40.617Z] Error reading or processing Modbus registers: A Modbus Exception Occurred - See Response Body
[2024-12-10T06:33:40.620Z] Error reading register 6507 for IP 10.30.4.128: A Modbus Exception Occurred - See Response Body
[2024-12-10T06:33:40.620Z] Error reading actual data: A Modbus Exception Occurred - See Response Body
[2024-12-10T06:33:40.621Z] Error writing to Modbus register: A Modbus Exception Occurred - See Response Body
[2024-12-10T06:33:41.617Z] Error reading or processing Modbus registers: A Modbus Exception Occurred - See Response Body
[2024-12-10T06:33:41.620Z] Error reading register 6507 for IP 10.30.4.128: A Modbus Exception Occurred - See Response Body
[2024-12-10T06:33:41.621Z] Error writing to Modbus register: A Modbus Exception Occurred - See Response Body
[2024-12-10T06:33:41.620Z] Error reading actual data: A Modbus Exception Occurred - See Response Body
[2024-12-10T06:33:42.631Z] Error reading or processing Modbus registers: A Modbus Exception Occurred - See Response Body
[2024-12-10T06:33:42.634Z] Error reading register 6507 for IP 10.30.4.128: A Modbus Exception Occurred - See Response Body
[2024-12-10T06:33:42.634Z] Error reading actual data: A Modbus Exception Occurred - See Response Body
[2024-12-10T06:33:42.635Z] Error writing to Modbus register: A Modbus Exception Occurred - See Response Body
[2024-12-10T06:33:43.633Z] Error reading or processing Modbus registers: A Modbus Exception Occurred - See Response Body
[2024-12-10T06:33:43.635Z] Error reading register 6507 for IP 10.30.4.128: A Modbus Exception Occurred - See Response Body
[2024-12-10T06:33:43.636Z] Error reading actual data: A Modbus Exception Occurred - See Response Body
[2024-12-10T06:33:43.637Z] Error writing to Modbus register: A Modbus Exception Occurred - See Response Body
[2024-12-10T06:33:44.643Z] Error reading or processing Modbus registers: A Modbus Exception Occurred - See Response Body
[2024-12-10T06:33:44.646Z] Error reading register 6507 for IP 10.30.4.128: A Modbus Exception Occurred - See Response Body
[2024-12-10T06:33:44.647Z] Error reading actual data: A Modbus Exception Occurred - See Response Body
[2024-12-10T06:33:44.647Z] Error writing to Modbus register: A Modbus Exception Occurred - See Response Body
[2024-12-10T06:33:45.645Z] Error reading or processing Modbus registers: A Modbus Exception Occurred - See Response Body
[2024-12-10T06:33:45.648Z] Error reading register 6507 for IP 10.30.4.128: A Modbus Exception Occurred - See Response Body
[2024-12-10T06:33:45.649Z] Error reading actual data: A Modbus Exception Occurred - See Response Body
[2024-12-10T06:33:45.649Z] Error writing to Modbus register: A Modbus Exception Occurred - See Response Body
[2024-12-10T06:33:46.646Z] Error reading or processing Modbus registers: A Modbus Exception Occurred - See Response Body
[2024-12-10T06:33:46.651Z] Error reading register 6507 for IP 10.30.4.128: A Modbus Exception Occurred - See Response Body
[2024-12-10T06:33:46.652Z] Error reading actual data: A Modbus Exception Occurred - See Response Body
[2024-12-10T06:33:46.652Z] Error writing to Modbus register: A Modbus Exception Occurred - See Response Body
[2024-12-10T06:33:47.650Z] Error reading or processing Modbus registers: A Modbus Exception Occurred - See Response Body
[2024-12-10T06:33:47.653Z] Error reading register 6507 for IP 10.30.4.128: A Modbus Exception Occurred - See Response Body
[2024-12-10T06:33:47.653Z] Error reading actual data: A Modbus Exception Occurred - See Response Body
[2024-12-10T06:33:47.654Z] Error writing to Modbus register: A Modbus Exception Occurred - See Response Body
[2024-12-10T06:33:48.648Z] Error reading or processing Modbus registers: A Modbus Exception Occurred - See Response Body
[2024-12-10T06:33:48.651Z] Error reading register 6507 for IP 10.30.4.128: A Modbus Exception Occurred - See Response Body
[2024-12-10T06:33:48.651Z] Error reading actual data: A Modbus Exception Occurred - See Response Body
[2024-12-10T06:33:48.652Z] Error writing to Modbus register: A Modbus Exception Occurred - See Response Body
[2024-12-10T06:33:49.662Z] Error reading or processing Modbus registers: A Modbus Exception Occurred - See Response Body
[2024-12-10T06:33:49.665Z] Error reading register 6507 for IP 10.30.4.128: A Modbus Exception Occurred - See Response Body
[2024-12-10T06:33:49.666Z] Error reading actual data: A Modbus Exception Occurred - See Response Body
[2024-12-10T06:33:49.666Z] Error writing to Modbus register: A Modbus Exception Occurred - See Response Body
[2024-12-10T06:33:50.674Z] Error reading or processing Modbus registers: A Modbus Exception Occurred - See Response Body
[2024-12-10T06:33:50.677Z] Error reading register 6507 for IP 10.30.4.128: A Modbus Exception Occurred - See Response Body
[2024-12-10T06:33:50.677Z] Error reading actual data: A Modbus Exception Occurred - See Response Body
[2024-12-10T06:33:50.678Z] Error writing to Modbus register: A Modbus Exception Occurred - See Response Body
[2024-12-10T06:33:51.688Z] Error reading or processing Modbus registers: A Modbus Exception Occurred - See Response Body
[2024-12-10T06:33:51.690Z] Error reading register 6507 for IP 10.30.4.128: A Modbus Exception Occurred - See Response Body
[2024-12-10T06:33:51.691Z] Error reading actual data: A Modbus Exception Occurred - See Response Body
[2024-12-10T06:33:51.692Z] Error writing to Modbus register: A Modbus Exception Occurred - See Response Body
[2024-12-10T06:33:52.703Z] Error reading or processing Modbus registers: A Modbus Exception Occurred - See Response Body
[2024-12-10T06:33:52.705Z] Error reading register 6507 for IP 10.30.4.128: A Modbus Exception Occurred - See Response Body
[2024-12-10T06:33:52.706Z] Error reading actual data: A Modbus Exception Occurred - See Response Body
[2024-12-10T06:33:52.707Z] Error writing to Modbus register: A Modbus Exception Occurred - See Response Body
[2024-12-10T06:33:53.715Z] Error reading or processing Modbus registers: A Modbus Exception Occurred - See Response Body
[2024-12-10T06:33:53.719Z] Error reading register 6507 for IP 10.30.4.128: A Modbus Exception Occurred - See Response Body
[2024-12-10T06:33:53.719Z] Error reading actual data: A Modbus Exception Occurred - See Response Body
[2024-12-10T06:33:53.720Z] Error writing to Modbus register: A Modbus Exception Occurred - See Response Body
[2024-12-10T06:33:54.729Z] Error reading or processing Modbus registers: A Modbus Exception Occurred - See Response Body
[2024-12-10T06:33:54.731Z] Error reading register 6507 for IP 10.30.4.128: A Modbus Exception Occurred - See Response Body
[2024-12-10T06:33:54.732Z] Error reading actual data: A Modbus Exception Occurred - See Response Body
[2024-12-10T06:33:54.733Z] Error writing to Modbus register: A Modbus Exception Occurred - See Response Body
[2024-12-10T06:33:55.731Z] Error reading or processing Modbus registers: A Modbus Exception Occurred - See Response Body
[2024-12-10T06:33:55.733Z] Error reading register 6507 for IP 10.30.4.128: A Modbus Exception Occurred - See Response Body
[2024-12-10T06:33:55.734Z] Error reading actual data: A Modbus Exception Occurred - See Response Body
[2024-12-10T06:33:55.734Z] Error writing to Modbus register: A Modbus Exception Occurred - See Response Body
[2024-12-10T06:33:56.731Z] Error reading or processing Modbus registers: A Modbus Exception Occurred - See Response Body
[2024-12-10T06:33:56.733Z] Error reading register 6507 for IP 10.30.4.128: A Modbus Exception Occurred - See Response Body
[2024-12-10T06:33:56.734Z] Error reading actual data: A Modbus Exception Occurred - See Response Body
[2024-12-10T06:33:56.735Z] Error writing to Modbus register: A Modbus Exception Occurred - See Response Body
[2024-12-10T06:33:57.743Z] Error reading or processing Modbus registers: A Modbus Exception Occurred - See Response Body
[2024-12-10T06:33:57.746Z] Error reading register 6507 for IP 10.30.4.128: A Modbus Exception Occurred - See Response Body
[2024-12-10T06:33:57.747Z] Error reading actual data: A Modbus Exception Occurred - See Response Body
[2024-12-10T06:33:57.747Z] Error writing to Modbus register: A Modbus Exception Occurred - See Response Body
[2024-12-10T06:33:58.755Z] Error reading or processing Modbus registers: A Modbus Exception Occurred - See Response Body
[2024-12-10T06:33:58.757Z] Error reading register 6507 for IP 10.30.4.128: A Modbus Exception Occurred - See Response Body
[2024-12-10T06:33:58.758Z] Error reading actual data: A Modbus Exception Occurred - See Response Body
[2024-12-10T06:33:58.758Z] Error writing to Modbus register: A Modbus Exception Occurred - See Response Body
[2024-12-10T06:33:59.767Z] Error reading or processing Modbus registers: A Modbus Exception Occurred - See Response Body
[2024-12-10T06:33:59.770Z] Error reading register 6507 for IP 10.30.4.128: A Modbus Exception Occurred - See Response Body
[2024-12-10T06:33:59.771Z] Error reading actual data: A Modbus Exception Occurred - See Response Body
[2024-12-10T06:33:59.771Z] Error writing to Modbus register: A Modbus Exception Occurred - See Response Body
[2024-12-10T06:34:00.782Z] Error reading or processing Modbus registers: A Modbus Exception Occurred - See Response Body
[2024-12-10T06:34:00.785Z] Error reading register 6507 for IP 10.30.4.128: A Modbus Exception Occurred - See Response Body
[2024-12-10T06:34:00.786Z] Error reading actual data: A Modbus Exception Occurred - See Response Body
[2024-12-10T06:34:00.786Z] Error writing to Modbus register: A Modbus Exception Occurred - See Response Body
[2024-12-10T06:34:01.795Z] Error reading or processing Modbus registers: A Modbus Exception Occurred - See Response Body
[2024-12-10T06:34:01.797Z] Error reading register 6507 for IP 10.30.4.128: A Modbus Exception Occurred - See Response Body
[2024-12-10T06:34:01.798Z] Error reading actual data: A Modbus Exception Occurred - See Response Body
[2024-12-10T06:34:01.799Z] Error writing to Modbus register: A Modbus Exception Occurred - See Response Body
[2024-12-10T06:34:02.808Z] Error reading or processing Modbus registers: A Modbus Exception Occurred - See Response Body
[2024-12-10T06:34:02.811Z] Error reading register 6507 for IP 10.30.4.128: A Modbus Exception Occurred - See Response Body
[2024-12-10T06:34:02.812Z] Error reading actual data: A Modbus Exception Occurred - See Response Body
[2024-12-10T06:34:02.812Z] Error writing to Modbus register: A Modbus Exception Occurred - See Response Body
[2024-12-10T06:34:03.809Z] Error reading or processing Modbus registers: A Modbus Exception Occurred - See Response Body
[2024-12-10T06:34:03.811Z] Error reading register 6507 for IP 10.30.4.128: A Modbus Exception Occurred - See Response Body
[2024-12-10T06:34:03.812Z] Error reading actual data: A Modbus Exception Occurred - See Response Body
[2024-12-10T06:34:03.812Z] Error writing to Modbus register: A Modbus Exception Occurred - See Response Body
[2024-12-10T06:34:04.821Z] Error reading or processing Modbus registers: A Modbus Exception Occurred - See Response Body
[2024-12-10T06:34:04.824Z] Error reading register 6507 for IP 10.30.4.128: A Modbus Exception Occurred - See Response Body
[2024-12-10T06:34:04.824Z] Error reading actual data: A Modbus Exception Occurred - See Response Body
[2024-12-10T06:34:04.825Z] Error writing to Modbus register: A Modbus Exception Occurred - See Response Body
[2024-12-10T06:34:05.824Z] Error reading or processing Modbus registers: A Modbus Exception Occurred - See Response Body
[2024-12-10T06:34:05.829Z] Error reading register 6507 for IP 10.30.4.128: A Modbus Exception Occurred - See Response Body
[2024-12-10T06:34:05.830Z] Error reading actual data: A Modbus Exception Occurred - See Response Body
[2024-12-10T06:34:05.832Z] Error writing to Modbus register: A Modbus Exception Occurred - See Response Body
[2024-12-10T06:34:06.824Z] Error reading or processing Modbus registers: A Modbus Exception Occurred - See Response Body
[2024-12-10T06:34:06.827Z] Error reading register 6507 for IP 10.30.4.128: A Modbus Exception Occurred - See Response Body
[2024-12-10T06:34:06.828Z] Error reading actual data: A Modbus Exception Occurred - See Response Body
[2024-12-10T06:34:06.828Z] Error writing to Modbus register: A Modbus Exception Occurred - See Response Body
[2024-12-10T06:34:07.827Z] Error reading or processing Modbus registers: A Modbus Exception Occurred - See Response Body
[2024-12-10T06:34:07.829Z] Error reading register 6507 for IP 10.30.4.128: A Modbus Exception Occurred - See Response Body
[2024-12-10T06:34:07.833Z] Error reading actual data: A Modbus Exception Occurred - See Response Body
[2024-12-10T06:34:07.833Z] Error writing to Modbus register: A Modbus Exception Occurred - See Response Body
[2024-12-10T06:34:08.841Z] Error reading or processing Modbus registers: A Modbus Exception Occurred - See Response Body
[2024-12-10T06:34:08.844Z] Error reading register 6507 for IP 10.30.4.128: A Modbus Exception Occurred - See Response Body
[2024-12-10T06:34:08.845Z] Error writing to Modbus register: A Modbus Exception Occurred - See Response Body
[2024-12-10T06:34:08.845Z] Error reading actual data: A Modbus Exception Occurred - See Response Body
[2024-12-10T06:34:09.842Z] Error reading or processing Modbus registers: A Modbus Exception Occurred - See Response Body
[2024-12-10T06:34:09.844Z] Error reading register 6507 for IP 10.30.4.128: A Modbus Exception Occurred - See Response Body
[2024-12-10T06:34:09.845Z] Error reading actual data: A Modbus Exception Occurred - See Response Body
[2024-12-10T06:34:09.845Z] Error writing to Modbus register: A Modbus Exception Occurred - See Response Body
[2024-12-10T06:34:10.856Z] Error reading or processing Modbus registers: A Modbus Exception Occurred - See Response Body
[2024-12-10T06:34:10.859Z] Error reading register 6507 for IP 10.30.4.128: A Modbus Exception Occurred - See Response Body
[2024-12-10T06:34:10.860Z] Error reading actual data: A Modbus Exception Occurred - See Response Body
[2024-12-10T06:34:10.860Z] Error writing to Modbus register: A Modbus Exception Occurred - See Response Body
[2024-12-10T06:34:11.858Z] Error reading or processing Modbus registers: A Modbus Exception Occurred - See Response Body
[2024-12-10T06:34:11.860Z] Error reading register 6507 for IP 10.30.4.128: A Modbus Exception Occurred - See Response Body
[2024-12-10T06:34:11.861Z] Error reading actual data: A Modbus Exception Occurred - See Response Body
[2024-12-10T06:34:11.861Z] Error writing to Modbus register: A Modbus Exception Occurred - See Response Body
[2024-12-10T06:34:12.858Z] Error reading or processing Modbus registers: A Modbus Exception Occurred - See Response Body
[2024-12-10T06:34:12.860Z] Error reading register 6507 for IP 10.30.4.128: A Modbus Exception Occurred - See Response Body
[2024-12-10T06:34:12.861Z] Error reading actual data: A Modbus Exception Occurred - See Response Body
[2024-12-10T06:34:12.861Z] Error writing to Modbus register: A Modbus Exception Occurred - See Response Body
[2024-12-10T06:34:13.859Z] Error reading or processing Modbus registers: A Modbus Exception Occurred - See Response Body
[2024-12-10T06:34:13.861Z] Error reading register 6507 for IP 10.30.4.128: A Modbus Exception Occurred - See Response Body
[2024-12-10T06:34:13.862Z] Error reading actual data: A Modbus Exception Occurred - See Response Body
[2024-12-10T06:34:13.863Z] Error writing to Modbus register: A Modbus Exception Occurred - See Response Body
[2024-12-10T06:34:14.862Z] Error reading or processing Modbus registers: A Modbus Exception Occurred - See Response Body
[2024-12-10T06:34:14.865Z] Error reading register 6507 for IP 10.30.4.128: A Modbus Exception Occurred - See Response Body
[2024-12-10T06:34:14.865Z] Error reading actual data: A Modbus Exception Occurred - See Response Body
[2024-12-10T06:34:14.866Z] Error writing to Modbus register: A Modbus Exception Occurred - See Response Body
[2024-12-10T06:34:15.865Z] Error reading or processing Modbus registers: A Modbus Exception Occurred - See Response Body
[2024-12-10T06:34:15.867Z] Error reading register 6507 for IP 10.30.4.128: A Modbus Exception Occurred - See Response Body
[2024-12-10T06:34:15.868Z] Error reading actual data: A Modbus Exception Occurred - See Response Body
[2024-12-10T06:34:15.868Z] Error writing to Modbus register: A Modbus Exception Occurred - See Response Body
[2024-12-10T06:34:16.866Z] Error reading or processing Modbus registers: A Modbus Exception Occurred - See Response Body
[2024-12-10T06:34:16.868Z] Error reading register 6507 for IP 10.30.4.128: A Modbus Exception Occurred - See Response Body
[2024-12-10T06:34:16.869Z] Error reading actual data: A Modbus Exception Occurred - See Response Body
[2024-12-10T06:34:16.869Z] Error writing to Modbus register: A Modbus Exception Occurred - See Response Body
[2024-12-10T06:34:17.866Z] Error reading or processing Modbus registers: A Modbus Exception Occurred - See Response Body
[2024-12-10T06:34:17.868Z] Error reading register 6507 for IP 10.30.4.128: A Modbus Exception Occurred - See Response Body
[2024-12-10T06:34:17.868Z] Error reading actual data: A Modbus Exception Occurred - See Response Body
[2024-12-10T06:34:17.869Z] Error writing to Modbus register: A Modbus Exception Occurred - See Response Body
[2024-12-10T06:34:18.880Z] Error reading or processing Modbus registers: A Modbus Exception Occurred - See Response Body
[2024-12-10T06:34:18.882Z] Error reading register 6507 for IP 10.30.4.128: A Modbus Exception Occurred - See Response Body
[2024-12-10T06:34:18.883Z] Error reading actual data: A Modbus Exception Occurred - See Response Body
[2024-12-10T06:34:18.883Z] Error writing to Modbus register: A Modbus Exception Occurred - See Response Body
[2024-12-10T06:34:19.881Z] Error reading or processing Modbus registers: A Modbus Exception Occurred - See Response Body
[2024-12-10T06:34:19.883Z] Error reading register 6507 for IP 10.30.4.128: A Modbus Exception Occurred - See Response Body
[2024-12-10T06:34:19.884Z] Error reading actual data: A Modbus Exception Occurred - See Response Body
[2024-12-10T06:34:19.884Z] Error writing to Modbus register: A Modbus Exception Occurred - See Response Body
[2024-12-10T06:34:20.882Z] Error reading or processing Modbus registers: A Modbus Exception Occurred - See Response Body
[2024-12-10T06:34:20.884Z] Error reading register 6507 for IP 10.30.4.128: A Modbus Exception Occurred - See Response Body
[2024-12-10T06:34:20.885Z] Error reading actual data: A Modbus Exception Occurred - See Response Body
[2024-12-10T06:34:20.886Z] Error writing to Modbus register: A Modbus Exception Occurred - See Response Body
[2024-12-10T06:34:21.896Z] Error reading or processing Modbus registers: A Modbus Exception Occurred - See Response Body
[2024-12-10T06:34:21.898Z] Error reading register 6507 for IP 10.30.4.128: A Modbus Exception Occurred - See Response Body
[2024-12-10T06:34:21.899Z] Error reading actual data: A Modbus Exception Occurred - See Response Body
[2024-12-10T06:34:21.899Z] Error writing to Modbus register: A Modbus Exception Occurred - See Response Body
[2024-12-10T06:34:22.896Z] Error reading or processing Modbus registers: A Modbus Exception Occurred - See Response Body
[2024-12-10T06:34:22.898Z] Error reading register 6507 for IP 10.30.4.128: A Modbus Exception Occurred - See Response Body
[2024-12-10T06:34:22.900Z] Error reading actual data: A Modbus Exception Occurred - See Response Body
[2024-12-10T06:34:22.901Z] Error writing to Modbus register: A Modbus Exception Occurred - See Response Body
[2024-12-10T06:34:23.909Z] Error reading or processing Modbus registers: A Modbus Exception Occurred - See Response Body
[2024-12-10T06:34:23.911Z] Error reading register 6507 for IP 10.30.4.128: A Modbus Exception Occurred - See Response Body
[2024-12-10T06:34:23.912Z] Error reading actual data: A Modbus Exception Occurred - See Response Body
[2024-12-10T06:34:23.912Z] Error writing to Modbus register: A Modbus Exception Occurred - See Response Body
[2024-12-10T06:34:24.921Z] Error reading or processing Modbus registers: A Modbus Exception Occurred - See Response Body
[2024-12-10T06:34:24.923Z] Error reading register 6507 for IP 10.30.4.128: A Modbus Exception Occurred - See Response Body
[2024-12-10T06:34:24.924Z] Error reading actual data: A Modbus Exception Occurred - See Response Body
[2024-12-10T06:34:24.925Z] Error writing to Modbus register: A Modbus Exception Occurred - See Response Body
[2024-12-10T06:34:25.935Z] Error reading or processing Modbus registers: A Modbus Exception Occurred - See Response Body
[2024-12-10T06:34:25.938Z] Error reading register 6507 for IP 10.30.4.128: A Modbus Exception Occurred - See Response Body
[2024-12-10T06:34:25.939Z] Error reading actual data: A Modbus Exception Occurred - See Response Body
[2024-12-10T06:34:25.939Z] Error writing to Modbus register: A Modbus Exception Occurred - See Response Body
[2024-12-10T06:34:26.936Z] Error reading or processing Modbus registers: A Modbus Exception Occurred - See Response Body
[2024-12-10T06:34:26.938Z] Error reading register 6507 for IP 10.30.4.128: A Modbus Exception Occurred - See Response Body
[2024-12-10T06:34:26.939Z] Error reading actual data: A Modbus Exception Occurred - See Response Body
[2024-12-10T06:34:26.940Z] Error writing to Modbus register: A Modbus Exception Occurred - See Response Body
[2024-12-10T06:34:27.949Z] Error reading or processing Modbus registers: A Modbus Exception Occurred - See Response Body
[2024-12-10T06:34:27.952Z] Error reading register 6507 for IP 10.30.4.128: A Modbus Exception Occurred - See Response Body
[2024-12-10T06:34:27.953Z] Error reading actual data: A Modbus Exception Occurred - See Response Body
[2024-12-10T06:34:27.953Z] Error writing to Modbus register: A Modbus Exception Occurred - See Response Body
[2024-12-10T06:34:28.964Z] Error reading or processing Modbus registers: A Modbus Exception Occurred - See Response Body
[2024-12-10T06:34:28.966Z] Error reading register 6507 for IP 10.30.4.128: A Modbus Exception Occurred - See Response Body
[2024-12-10T06:34:28.967Z] Error reading actual data: A Modbus Exception Occurred - See Response Body
[2024-12-10T06:34:28.968Z] Error writing to Modbus register: A Modbus Exception Occurred - See Response Body
[2024-12-10T06:34:29.979Z] Error reading or processing Modbus registers: A Modbus Exception Occurred - See Response Body
[2024-12-10T06:34:29.981Z] Error reading register 6507 for IP 10.30.4.128: A Modbus Exception Occurred - See Response Body
[2024-12-10T06:34:29.982Z] Error reading actual data: A Modbus Exception Occurred - See Response Body
[2024-12-10T06:34:29.983Z] Error writing to Modbus register: A Modbus Exception Occurred - See Response Body
[2024-12-10T06:34:30.992Z] Error reading or processing Modbus registers: A Modbus Exception Occurred - See Response Body
[2024-12-10T06:34:30.995Z] Error reading register 6507 for IP 10.30.4.128: A Modbus Exception Occurred - See Response Body
[2024-12-10T06:34:30.995Z] Error reading actual data: A Modbus Exception Occurred - See Response Body
[2024-12-10T06:34:30.996Z] Error writing to Modbus register: A Modbus Exception Occurred - See Response Body
[2024-12-10T06:34:32.007Z] Error reading or processing Modbus registers: A Modbus Exception Occurred - See Response Body
[2024-12-10T06:34:32.010Z] Error reading register 6507 for IP 10.30.4.128: A Modbus Exception Occurred - See Response Body
[2024-12-10T06:34:32.011Z] Error reading actual data: A Modbus Exception Occurred - See Response Body
[2024-12-10T06:34:32.011Z] Error writing to Modbus register: A Modbus Exception Occurred - See Response Body
[2024-12-10T06:34:33.009Z] Error reading or processing Modbus registers: A Modbus Exception Occurred - See Response Body
[2024-12-10T06:34:33.011Z] Error reading register 6507 for IP 10.30.4.128: A Modbus Exception Occurred - See Response Body
[2024-12-10T06:34:33.012Z] Error reading actual data: A Modbus Exception Occurred - See Response Body
[2024-12-10T06:34:33.013Z] Error writing to Modbus register: A Modbus Exception Occurred - See Response Body
[2024-12-10T06:34:34.011Z] Error reading or processing Modbus registers: A Modbus Exception Occurred - See Response Body
[2024-12-10T06:34:34.013Z] Error reading register 6507 for IP 10.30.4.128: A Modbus Exception Occurred - See Response Body
[2024-12-10T06:34:34.014Z] Error reading actual data: A Modbus Exception Occurred - See Response Body
[2024-12-10T06:34:34.015Z] Error writing to Modbus register: A Modbus Exception Occurred - See Response Body
[2024-12-10T06:34:35.025Z] Error reading or processing Modbus registers: A Modbus Exception Occurred - See Response Body
[2024-12-10T06:34:35.030Z] Error reading register 6507 for IP 10.30.4.128: A Modbus Exception Occurred - See Response Body
[2024-12-10T06:34:35.031Z] Error reading actual data: A Modbus Exception Occurred - See Response Body
[2024-12-10T06:34:35.031Z] Error writing to Modbus register: A Modbus Exception Occurred - See Response Body
[2024-12-10T06:34:36.038Z] Error reading or processing Modbus registers: A Modbus Exception Occurred - See Response Body
[2024-12-10T06:34:36.040Z] Error reading register 6507 for IP 10.30.4.128: A Modbus Exception Occurred - See Response Body
[2024-12-10T06:34:36.041Z] Error reading actual data: A Modbus Exception Occurred - See Response Body
[2024-12-10T06:34:36.042Z] Error writing to Modbus register: A Modbus Exception Occurred - See Response Body
[2024-12-10T06:34:37.041Z] Error reading or processing Modbus registers: A Modbus Exception Occurred - See Response Body
[2024-12-10T06:34:37.044Z] Error reading register 6507 for IP 10.30.4.128: A Modbus Exception Occurred - See Response Body
[2024-12-10T06:34:37.045Z] Error reading actual data: A Modbus Exception Occurred - See Response Body
[2024-12-10T06:34:37.045Z] Error writing to Modbus register: A Modbus Exception Occurred - See Response Body
[2024-12-10T06:34:38.055Z] Error reading or processing Modbus registers: A Modbus Exception Occurred - See Response Body
[2024-12-10T06:34:38.057Z] Error reading register 6507 for IP 10.30.4.128: A Modbus Exception Occurred - See Response Body
[2024-12-10T06:34:38.058Z] Error reading actual data: A Modbus Exception Occurred - See Response Body
[2024-12-10T06:34:38.058Z] Error writing to Modbus register: A Modbus Exception Occurred - See Response Body
[2024-12-10T06:34:39.057Z] Error reading or processing Modbus registers: A Modbus Exception Occurred - See Response Body
[2024-12-10T06:34:39.059Z] Error reading register 6507 for IP 10.30.4.128: A Modbus Exception Occurred - See Response Body
[2024-12-10T06:34:39.060Z] Error reading actual data: A Modbus Exception Occurred - See Response Body
[2024-12-10T06:34:39.060Z] Error writing to Modbus register: A Modbus Exception Occurred - See Response Body
[2024-12-10T06:34:40.071Z] Error reading or processing Modbus registers: A Modbus Exception Occurred - See Response Body
[2024-12-10T06:34:40.074Z] Error reading register 6507 for IP 10.30.4.128: A Modbus Exception Occurred - See Response Body
[2024-12-10T06:34:40.074Z] Error reading actual data: A Modbus Exception Occurred - See Response Body
[2024-12-10T06:34:40.075Z] Error writing to Modbus register: A Modbus Exception Occurred - See Response Body
[2024-12-10T06:34:41.084Z] Error reading or processing Modbus registers: A Modbus Exception Occurred - See Response Body
[2024-12-10T06:34:41.087Z] Error reading register 6507 for IP 10.30.4.128: A Modbus Exception Occurred - See Response Body
[2024-12-10T06:34:41.088Z] Error reading actual data: A Modbus Exception Occurred - See Response Body
[2024-12-10T06:34:41.089Z] Error writing to Modbus register: A Modbus Exception Occurred - See Response Body
[2024-12-10T06:34:42.099Z] Error reading or processing Modbus registers: A Modbus Exception Occurred - See Response Body
[2024-12-10T06:34:42.101Z] Error reading register 6507 for IP 10.30.4.128: A Modbus Exception Occurred - See Response Body
[2024-12-10T06:34:42.101Z] Error reading actual data: A Modbus Exception Occurred - See Response Body
[2024-12-10T06:34:42.102Z] Error writing to Modbus register: A Modbus Exception Occurred - See Response Body
[2024-12-10T06:34:43.114Z] Error reading or processing Modbus registers: A Modbus Exception Occurred - See Response Body
[2024-12-10T06:34:43.116Z] Error reading register 6507 for IP 10.30.4.128: A Modbus Exception Occurred - See Response Body
[2024-12-10T06:34:43.117Z] Error reading actual data: A Modbus Exception Occurred - See Response Body
[2024-12-10T06:34:43.118Z] Error writing to Modbus register: A Modbus Exception Occurred - See Response Body
[2024-12-10T06:34:44.115Z] Error reading or processing Modbus registers: A Modbus Exception Occurred - See Response Body
[2024-12-10T06:34:44.118Z] Error reading register 6507 for IP 10.30.4.128: A Modbus Exception Occurred - See Response Body
[2024-12-10T06:34:44.118Z] Error reading actual data: A Modbus Exception Occurred - See Response Body
[2024-12-10T06:34:44.119Z] Error writing to Modbus register: A Modbus Exception Occurred - See Response Body
[2024-12-10T06:34:45.115Z] Error reading or processing Modbus registers: A Modbus Exception Occurred - See Response Body
[2024-12-10T06:34:45.117Z] Error reading register 6507 for IP 10.30.4.128: A Modbus Exception Occurred - See Response Body
[2024-12-10T06:34:45.118Z] Error reading actual data: A Modbus Exception Occurred - See Response Body
[2024-12-10T06:34:45.119Z] Error writing to Modbus register: A Modbus Exception Occurred - See Response Body
[2024-12-10T06:34:46.117Z] Error reading or processing Modbus registers: A Modbus Exception Occurred - See Response Body
[2024-12-10T06:34:46.120Z] Error reading register 6507 for IP 10.30.4.128: A Modbus Exception Occurred - See Response Body
[2024-12-10T06:34:46.121Z] Error reading actual data: A Modbus Exception Occurred - See Response Body
[2024-12-10T06:34:46.121Z] Error writing to Modbus register: A Modbus Exception Occurred - See Response Body
[2024-12-10T06:34:47.117Z] Error reading or processing Modbus registers: A Modbus Exception Occurred - See Response Body
[2024-12-10T06:34:47.119Z] Error reading register 6507 for IP 10.30.4.128: A Modbus Exception Occurred - See Response Body
[2024-12-10T06:34:47.121Z] Error reading actual data: A Modbus Exception Occurred - See Response Body
[2024-12-10T06:34:47.121Z] Error writing to Modbus register: A Modbus Exception Occurred - See Response Body
[2024-12-10T06:34:48.118Z] Error reading or processing Modbus registers: A Modbus Exception Occurred - See Response Body
[2024-12-10T06:34:48.121Z] Error reading register 6507 for IP 10.30.4.128: A Modbus Exception Occurred - See Response Body
[2024-12-10T06:34:48.122Z] Error reading actual data: A Modbus Exception Occurred - See Response Body
[2024-12-10T06:34:48.122Z] Error writing to Modbus register: A Modbus Exception Occurred - See Response Body
[2024-12-10T06:34:49.133Z] Error reading or processing Modbus registers: A Modbus Exception Occurred - See Response Body
[2024-12-10T06:34:49.136Z] Error reading register 6507 for IP 10.30.4.128: A Modbus Exception Occurred - See Response Body
[2024-12-10T06:34:49.137Z] Error reading actual data: A Modbus Exception Occurred - See Response Body
[2024-12-10T06:34:49.137Z] Error writing to Modbus register: A Modbus Exception Occurred - See Response Body
[2024-12-10T06:34:50.145Z] Error reading or processing Modbus registers: A Modbus Exception Occurred - See Response Body
[2024-12-10T06:34:50.148Z] Error reading register 6507 for IP 10.30.4.128: A Modbus Exception Occurred - See Response Body
[2024-12-10T06:34:50.148Z] Error reading actual data: A Modbus Exception Occurred - See Response Body
[2024-12-10T06:34:50.149Z] Error writing to Modbus register: A Modbus Exception Occurred - See Response Body
[2024-12-10T06:34:51.158Z] Error reading or processing Modbus registers: A Modbus Exception Occurred - See Response Body
[2024-12-10T06:34:51.161Z] Error reading register 6507 for IP 10.30.4.128: A Modbus Exception Occurred - See Response Body
[2024-12-10T06:34:51.161Z] Error reading actual data: A Modbus Exception Occurred - See Response Body
[2024-12-10T06:34:51.162Z] Error writing to Modbus register: A Modbus Exception Occurred - See Response Body
[2024-12-10T06:34:52.163Z] Error reading or processing Modbus registers: A Modbus Exception Occurred - See Response Body
[2024-12-10T06:34:52.166Z] Error reading register 6507 for IP 10.30.4.128: A Modbus Exception Occurred - See Response Body
[2024-12-10T06:34:52.167Z] Error reading actual data: A Modbus Exception Occurred - See Response Body
[2024-12-10T06:34:52.167Z] Error writing to Modbus register: A Modbus Exception Occurred - See Response Body
[2024-12-10T06:34:53.175Z] Error reading or processing Modbus registers: A Modbus Exception Occurred - See Response Body
[2024-12-10T06:34:53.178Z] Error reading register 6507 for IP 10.30.4.128: A Modbus Exception Occurred - See Response Body
[2024-12-10T06:34:53.179Z] Error reading actual data: A Modbus Exception Occurred - See Response Body
[2024-12-10T06:34:53.179Z] Error writing to Modbus register: A Modbus Exception Occurred - See Response Body
[2024-12-10T06:34:54.178Z] Error reading or processing Modbus registers: A Modbus Exception Occurred - See Response Body
[2024-12-10T06:34:54.180Z] Error reading register 6507 for IP 10.30.4.128: A Modbus Exception Occurred - See Response Body
[2024-12-10T06:34:54.181Z] Error reading actual data: A Modbus Exception Occurred - See Response Body
[2024-12-10T06:34:54.182Z] Error writing to Modbus register: A Modbus Exception Occurred - See Response Body
[2024-12-10T06:34:55.192Z] Error reading or processing Modbus registers: A Modbus Exception Occurred - See Response Body
[2024-12-10T06:34:55.198Z] Error reading register 6507 for IP 10.30.4.128: A Modbus Exception Occurred - See Response Body
[2024-12-10T06:34:55.199Z] Error reading actual data: A Modbus Exception Occurred - See Response Body
[2024-12-10T06:34:55.200Z] Error writing to Modbus register: A Modbus Exception Occurred - See Response Body
[2024-12-10T06:34:56.202Z] Error reading or processing Modbus registers: A Modbus Exception Occurred - See Response Body
[2024-12-10T06:34:56.205Z] Error reading register 6507 for IP 10.30.4.128: A Modbus Exception Occurred - See Response Body
[2024-12-10T06:34:56.206Z] Error reading actual data: A Modbus Exception Occurred - See Response Body
[2024-12-10T06:34:56.206Z] Error writing to Modbus register: A Modbus Exception Occurred - See Response Body
[2024-12-10T06:34:57.208Z] Error reading or processing Modbus registers: A Modbus Exception Occurred - See Response Body
[2024-12-10T06:34:57.210Z] Error reading register 6507 for IP 10.30.4.128: A Modbus Exception Occurred - See Response Body
[2024-12-10T06:34:57.211Z] Error reading actual data: A Modbus Exception Occurred - See Response Body
[2024-12-10T06:34:57.211Z] Error writing to Modbus register: A Modbus Exception Occurred - See Response Body
[2024-12-10T06:34:58.222Z] Error reading or processing Modbus registers: A Modbus Exception Occurred - See Response Body
[2024-12-10T06:34:58.224Z] Error reading register 6507 for IP 10.30.4.128: A Modbus Exception Occurred - See Response Body
[2024-12-10T06:34:58.225Z] Error reading actual data: A Modbus Exception Occurred - See Response Body
[2024-12-10T06:34:58.225Z] Error writing to Modbus register: A Modbus Exception Occurred - See Response Body
[2024-12-10T06:34:59.236Z] Error reading or processing Modbus registers: A Modbus Exception Occurred - See Response Body
[2024-12-10T06:34:59.238Z] Error reading register 6507 for IP 10.30.4.128: A Modbus Exception Occurred - See Response Body
[2024-12-10T06:34:59.239Z] Error reading actual data: A Modbus Exception Occurred - See Response Body
[2024-12-10T06:34:59.240Z] Error writing to Modbus register: A Modbus Exception Occurred - See Response Body
[2024-12-10T06:35:00.253Z] Error reading or processing Modbus registers: A Modbus Exception Occurred - See Response Body
[2024-12-10T06:35:00.255Z] Error reading register 6507 for IP 10.30.4.128: A Modbus Exception Occurred - See Response Body
[2024-12-10T06:35:00.256Z] Error reading actual data: A Modbus Exception Occurred - See Response Body
[2024-12-10T06:35:00.256Z] Error writing to Modbus register: A Modbus Exception Occurred - See Response Body
[2024-12-10T06:35:01.267Z] Error reading or processing Modbus registers: A Modbus Exception Occurred - See Response Body
[2024-12-10T06:35:01.270Z] Error reading register 6507 for IP 10.30.4.128: A Modbus Exception Occurred - See Response Body
[2024-12-10T06:35:01.271Z] Error writing to Modbus register: A Modbus Exception Occurred - See Response Body
[2024-12-10T06:35:01.271Z] Error reading actual data: A Modbus Exception Occurred - See Response Body
[2024-12-10T06:35:02.281Z] Error reading or processing Modbus registers: A Modbus Exception Occurred - See Response Body
[2024-12-10T06:35:02.283Z] Error reading register 6507 for IP 10.30.4.128: A Modbus Exception Occurred - See Response Body
[2024-12-10T06:35:02.284Z] Error reading actual data: A Modbus Exception Occurred - See Response Body
[2024-12-10T06:35:02.285Z] Error writing to Modbus register: A Modbus Exception Occurred - See Response Body
[2024-12-10T06:35:03.292Z] Error reading or processing Modbus registers: A Modbus Exception Occurred - See Response Body
[2024-12-10T06:35:03.295Z] Error reading register 6507 for IP 10.30.4.128: A Modbus Exception Occurred - See Response Body
[2024-12-10T06:35:03.295Z] Error reading actual data: A Modbus Exception Occurred - See Response Body
[2024-12-10T06:35:03.296Z] Error writing to Modbus register: A Modbus Exception Occurred - See Response Body
[2024-12-10T06:35:04.305Z] Error reading or processing Modbus registers: A Modbus Exception Occurred - See Response Body
[2024-12-10T06:35:04.307Z] Error reading register 6507 for IP 10.30.4.128: A Modbus Exception Occurred - See Response Body
[2024-12-10T06:35:04.308Z] Error reading actual data: A Modbus Exception Occurred - See Response Body
[2024-12-10T06:35:04.309Z] Error writing to Modbus register: A Modbus Exception Occurred - See Response Body
[2024-12-10T06:35:05.307Z] Error reading or processing Modbus registers: A Modbus Exception Occurred - See Response Body
[2024-12-10T06:35:05.310Z] Error reading register 6507 for IP 10.30.4.128: A Modbus Exception Occurred - See Response Body
[2024-12-10T06:35:05.310Z] Error reading actual data: A Modbus Exception Occurred - See Response Body
[2024-12-10T06:35:05.311Z] Error writing to Modbus register: A Modbus Exception Occurred - See Response Body
[2024-12-10T06:35:06.318Z] Error reading or processing Modbus registers: A Modbus Exception Occurred - See Response Body
[2024-12-10T06:35:06.320Z] Error reading register 6507 for IP 10.30.4.128: A Modbus Exception Occurred - See Response Body
[2024-12-10T06:35:06.321Z] Error reading actual data: A Modbus Exception Occurred - See Response Body
[2024-12-10T06:35:06.322Z] Error writing to Modbus register: A Modbus Exception Occurred - See Response Body
[2024-12-10T06:35:07.320Z] Error reading or processing Modbus registers: A Modbus Exception Occurred - See Response Body
[2024-12-10T06:35:07.322Z] Error reading register 6507 for IP 10.30.4.128: A Modbus Exception Occurred - See Response Body
[2024-12-10T06:35:07.323Z] Error reading actual data: A Modbus Exception Occurred - See Response Body
[2024-12-10T06:35:07.324Z] Error writing to Modbus register: A Modbus Exception Occurred - See Response Body
[2024-12-10T06:35:08.333Z] Error reading or processing Modbus registers: A Modbus Exception Occurred - See Response Body
[2024-12-10T06:35:08.336Z] Error reading register 6507 for IP 10.30.4.128: A Modbus Exception Occurred - See Response Body
[2024-12-10T06:35:08.337Z] Error reading actual data: A Modbus Exception Occurred - See Response Body
[2024-12-10T06:35:08.338Z] Error writing to Modbus register: A Modbus Exception Occurred - See Response Body
[2024-12-10T06:35:09.346Z] Error reading or processing Modbus registers: A Modbus Exception Occurred - See Response Body
[2024-12-10T06:35:09.349Z] Error reading register 6507 for IP 10.30.4.128: A Modbus Exception Occurred - See Response Body
[2024-12-10T06:35:09.350Z] Error reading actual data: A Modbus Exception Occurred - See Response Body
[2024-12-10T06:35:09.350Z] Error writing to Modbus register: A Modbus Exception Occurred - See Response Body
[2024-12-10T06:35:10.360Z] Error reading or processing Modbus registers: A Modbus Exception Occurred - See Response Body
[2024-12-10T06:35:10.363Z] Error reading register 6507 for IP 10.30.4.128: A Modbus Exception Occurred - See Response Body
[2024-12-10T06:35:10.364Z] Error reading actual data: A Modbus Exception Occurred - See Response Body
[2024-12-10T06:35:10.364Z] Error writing to Modbus register: A Modbus Exception Occurred - See Response Body
[2024-12-10T06:35:11.362Z] Error reading or processing Modbus registers: A Modbus Exception Occurred - See Response Body
[2024-12-10T06:35:11.364Z] Error reading register 6507 for IP 10.30.4.128: A Modbus Exception Occurred - See Response Body
[2024-12-10T06:35:11.365Z] Error reading actual data: A Modbus Exception Occurred - See Response Body
[2024-12-10T06:35:11.365Z] Error writing to Modbus register: A Modbus Exception Occurred - See Response Body
[2024-12-10T06:35:12.363Z] Error reading or processing Modbus registers: A Modbus Exception Occurred - See Response Body
[2024-12-10T06:35:12.365Z] Error reading register 6507 for IP 10.30.4.128: A Modbus Exception Occurred - See Response Body
[2024-12-10T06:35:12.366Z] Error reading actual data: A Modbus Exception Occurred - See Response Body
[2024-12-10T06:35:12.366Z] Error writing to Modbus register: A Modbus Exception Occurred - See Response Body
[2024-12-10T06:35:13.377Z] Error reading or processing Modbus registers: A Modbus Exception Occurred - See Response Body
[2024-12-10T06:35:13.380Z] Error reading register 6507 for IP 10.30.4.128: A Modbus Exception Occurred - See Response Body
[2024-12-10T06:35:13.380Z] Error reading actual data: A Modbus Exception Occurred - See Response Body
[2024-12-10T06:35:13.381Z] Error writing to Modbus register: A Modbus Exception Occurred - See Response Body
[2024-12-10T06:35:14.379Z] Error reading or processing Modbus registers: A Modbus Exception Occurred - See Response Body
[2024-12-10T06:35:14.381Z] Error reading register 6507 for IP 10.30.4.128: A Modbus Exception Occurred - See Response Body
[2024-12-10T06:35:14.382Z] Error reading actual data: A Modbus Exception Occurred - See Response Body
[2024-12-10T06:35:14.383Z] Error writing to Modbus register: A Modbus Exception Occurred - See Response Body
[2024-12-10T06:35:15.381Z] Error reading or processing Modbus registers: A Modbus Exception Occurred - See Response Body
[2024-12-10T06:35:15.384Z] Error reading register 6507 for IP 10.30.4.128: A Modbus Exception Occurred - See Response Body
[2024-12-10T06:35:15.385Z] Error reading actual data: A Modbus Exception Occurred - See Response Body
[2024-12-10T06:35:15.385Z] Error writing to Modbus register: A Modbus Exception Occurred - See Response Body
[2024-12-10T06:35:16.393Z] Error reading or processing Modbus registers: A Modbus Exception Occurred - See Response Body
[2024-12-10T06:35:16.396Z] Error reading register 6507 for IP 10.30.4.128: A Modbus Exception Occurred - See Response Body
[2024-12-10T06:35:16.396Z] Error reading actual data: A Modbus Exception Occurred - See Response Body
[2024-12-10T06:35:16.397Z] Error writing to Modbus register: A Modbus Exception Occurred - See Response Body
[2024-12-10T06:35:17.401Z] Error reading or processing Modbus registers: A Modbus Exception Occurred - See Response Body
[2024-12-10T06:35:17.406Z] Error reading register 6507 for IP 10.30.4.128: A Modbus Exception Occurred - See Response Body
[2024-12-10T06:35:17.407Z] Error reading actual data: A Modbus Exception Occurred - See Response Body
[2024-12-10T06:35:17.407Z] Error writing to Modbus register: A Modbus Exception Occurred - See Response Body
[2024-12-10T06:35:18.402Z] Error reading or processing Modbus registers: A Modbus Exception Occurred - See Response Body
[2024-12-10T06:35:18.404Z] Error reading register 6507 for IP 10.30.4.128: A Modbus Exception Occurred - See Response Body
[2024-12-10T06:35:18.405Z] Error reading actual data: A Modbus Exception Occurred - See Response Body
[2024-12-10T06:35:18.406Z] Error writing to Modbus register: A Modbus Exception Occurred - See Response Body
[2024-12-10T06:35:19.410Z] Error reading or processing Modbus registers: A Modbus Exception Occurred - See Response Body
[2024-12-10T06:35:19.413Z] Error reading register 6507 for IP 10.30.4.128: A Modbus Exception Occurred - See Response Body
[2024-12-10T06:35:19.413Z] Error reading actual data: A Modbus Exception Occurred - See Response Body
[2024-12-10T06:35:19.414Z] Error writing to Modbus register: A Modbus Exception Occurred - See Response Body
[2024-12-10T06:35:20.425Z] Error reading or processing Modbus registers: A Modbus Exception Occurred - See Response Body
[2024-12-10T06:35:20.429Z] Error reading register 6507 for IP 10.30.4.128: A Modbus Exception Occurred - See Response Body
[2024-12-10T06:35:20.429Z] Error reading actual data: A Modbus Exception Occurred - See Response Body
[2024-12-10T06:35:20.430Z] Error writing to Modbus register: A Modbus Exception Occurred - See Response Body
[2024-12-10T06:35:21.437Z] Error reading or processing Modbus registers: A Modbus Exception Occurred - See Response Body
[2024-12-10T06:35:21.439Z] Error reading register 6507 for IP 10.30.4.128: A Modbus Exception Occurred - See Response Body
[2024-12-10T06:35:21.440Z] Error reading actual data: A Modbus Exception Occurred - See Response Body
[2024-12-10T06:35:21.440Z] Error writing to Modbus register: A Modbus Exception Occurred - See Response Body
[2024-12-10T06:35:22.449Z] Error reading or processing Modbus registers: A Modbus Exception Occurred - See Response Body
[2024-12-10T06:35:22.451Z] Error reading register 6507 for IP 10.30.4.128: A Modbus Exception Occurred - See Response Body
[2024-12-10T06:35:22.452Z] Error reading actual data: A Modbus Exception Occurred - See Response Body
[2024-12-10T06:35:22.452Z] Error writing to Modbus register: A Modbus Exception Occurred - See Response Body
[2024-12-10T06:35:23.464Z] Error reading or processing Modbus registers: A Modbus Exception Occurred - See Response Body
[2024-12-10T06:35:23.466Z] Error reading register 6507 for IP 10.30.4.128: A Modbus Exception Occurred - See Response Body
[2024-12-10T06:35:23.467Z] Error reading actual data: A Modbus Exception Occurred - See Response Body
[2024-12-10T06:35:23.467Z] Error writing to Modbus register: A Modbus Exception Occurred - See Response Body
[2024-12-10T06:35:24.475Z] Error reading or processing Modbus registers: A Modbus Exception Occurred - See Response Body
[2024-12-10T06:35:24.479Z] Error reading register 6507 for IP 10.30.4.128: A Modbus Exception Occurred - See Response Body
[2024-12-10T06:35:24.481Z] Error reading actual data: A Modbus Exception Occurred - See Response Body
[2024-12-10T06:35:24.482Z] Error writing to Modbus register: A Modbus Exception Occurred - See Response Body
[2024-12-10T06:35:25.481Z] Error reading or processing Modbus registers: A Modbus Exception Occurred - See Response Body
[2024-12-10T06:35:25.484Z] Error reading register 6507 for IP 10.30.4.128: A Modbus Exception Occurred - See Response Body
[2024-12-10T06:35:25.484Z] Error reading actual data: A Modbus Exception Occurred - See Response Body
[2024-12-10T06:35:25.486Z] Error writing to Modbus register: A Modbus Exception Occurred - See Response Body
[2024-12-10T06:35:26.491Z] Error reading or processing Modbus registers: A Modbus Exception Occurred - See Response Body
[2024-12-10T06:35:26.493Z] Error reading register 6507 for IP 10.30.4.128: A Modbus Exception Occurred - See Response Body
[2024-12-10T06:35:26.494Z] Error reading actual data: A Modbus Exception Occurred - See Response Body
[2024-12-10T06:35:26.494Z] Error writing to Modbus register: A Modbus Exception Occurred - See Response Body
[2024-12-10T06:35:27.504Z] Error reading or processing Modbus registers: A Modbus Exception Occurred - See Response Body
[2024-12-10T06:35:27.506Z] Error reading register 6507 for IP 10.30.4.128: A Modbus Exception Occurred - See Response Body
[2024-12-10T06:35:27.507Z] Error reading actual data: A Modbus Exception Occurred - See Response Body
[2024-12-10T06:35:27.507Z] Error writing to Modbus register: A Modbus Exception Occurred - See Response Body
[2024-12-10T06:35:28.517Z] Error reading or processing Modbus registers: A Modbus Exception Occurred - See Response Body
[2024-12-10T06:35:28.520Z] Error reading register 6507 for IP 10.30.4.128: A Modbus Exception Occurred - See Response Body
[2024-12-10T06:35:28.521Z] Error reading actual data: A Modbus Exception Occurred - See Response Body
[2024-12-10T06:35:28.522Z] Error writing to Modbus register: A Modbus Exception Occurred - See Response Body
[2024-12-10T06:35:29.527Z] Error reading or processing Modbus registers: A Modbus Exception Occurred - See Response Body
[2024-12-10T06:35:29.529Z] Error reading register 6507 for IP 10.30.4.128: A Modbus Exception Occurred - See Response Body
[2024-12-10T06:35:29.530Z] Error reading actual data: A Modbus Exception Occurred - See Response Body
[2024-12-10T06:35:29.531Z] Error writing to Modbus register: A Modbus Exception Occurred - See Response Body
[2024-12-10T06:35:30.543Z] Error reading or processing Modbus registers: A Modbus Exception Occurred - See Response Body
[2024-12-10T06:35:30.545Z] Error reading register 6507 for IP 10.30.4.128: A Modbus Exception Occurred - See Response Body
[2024-12-10T06:35:30.546Z] Error reading actual data: A Modbus Exception Occurred - See Response Body
[2024-12-10T06:35:30.547Z] Error writing to Modbus register: A Modbus Exception Occurred - See Response Body
[2024-12-10T06:35:31.555Z] Error reading or processing Modbus registers: A Modbus Exception Occurred - See Response Body
[2024-12-10T06:35:31.557Z] Error reading register 6507 for IP 10.30.4.128: A Modbus Exception Occurred - See Response Body
[2024-12-10T06:35:31.558Z] Error reading actual data: A Modbus Exception Occurred - See Response Body
[2024-12-10T06:35:31.559Z] Error writing to Modbus register: A Modbus Exception Occurred - See Response Body
[2024-12-10T06:35:32.556Z] Error reading or processing Modbus registers: A Modbus Exception Occurred - See Response Body
[2024-12-10T06:35:32.559Z] Error reading register 6507 for IP 10.30.4.128: A Modbus Exception Occurred - See Response Body
[2024-12-10T06:35:32.559Z] Error reading actual data: A Modbus Exception Occurred - See Response Body
[2024-12-10T06:35:32.560Z] Error writing to Modbus register: A Modbus Exception Occurred - See Response Body
[2024-12-10T06:35:33.570Z] Error reading or processing Modbus registers: A Modbus Exception Occurred - See Response Body
[2024-12-10T06:35:33.573Z] Error reading register 6507 for IP 10.30.4.128: A Modbus Exception Occurred - See Response Body
[2024-12-10T06:35:33.574Z] Error reading actual data: A Modbus Exception Occurred - See Response Body
[2024-12-10T06:35:33.574Z] Error writing to Modbus register: A Modbus Exception Occurred - See Response Body
[2024-12-10T06:35:34.573Z] Error reading or processing Modbus registers: A Modbus Exception Occurred - See Response Body
[2024-12-10T06:35:34.575Z] Error reading register 6507 for IP 10.30.4.128: A Modbus Exception Occurred - See Response Body
[2024-12-10T06:35:34.576Z] Error reading actual data: A Modbus Exception Occurred - See Response Body
[2024-12-10T06:35:34.577Z] Error writing to Modbus register: A Modbus Exception Occurred - See Response Body
[2024-12-10T06:35:35.582Z] Error reading or processing Modbus registers: A Modbus Exception Occurred - See Response Body
[2024-12-10T06:35:35.584Z] Error reading register 6507 for IP 10.30.4.128: A Modbus Exception Occurred - See Response Body
[2024-12-10T06:35:35.585Z] Error reading actual data: A Modbus Exception Occurred - See Response Body
[2024-12-10T06:35:35.585Z] Error writing to Modbus register: A Modbus Exception Occurred - See Response Body
[2024-12-10T06:35:36.597Z] Error reading or processing Modbus registers: A Modbus Exception Occurred - See Response Body
[2024-12-10T06:35:36.599Z] Error reading register 6507 for IP 10.30.4.128: A Modbus Exception Occurred - See Response Body
[2024-12-10T06:35:36.600Z] Error reading actual data: A Modbus Exception Occurred - See Response Body
[2024-12-10T06:35:36.601Z] Error writing to Modbus register: A Modbus Exception Occurred - See Response Body
[2024-12-10T06:35:37.598Z] Error reading or processing Modbus registers: A Modbus Exception Occurred - See Response Body
[2024-12-10T06:35:37.601Z] Error reading register 6507 for IP 10.30.4.128: A Modbus Exception Occurred - See Response Body
[2024-12-10T06:35:37.602Z] Error reading actual data: A Modbus Exception Occurred - See Response Body
[2024-12-10T06:35:37.603Z] Error writing to Modbus register: A Modbus Exception Occurred - See Response Body
[2024-12-10T06:35:38.612Z] Error reading or processing Modbus registers: A Modbus Exception Occurred - See Response Body
[2024-12-10T06:35:38.615Z] Error reading register 6507 for IP 10.30.4.128: A Modbus Exception Occurred - See Response Body
[2024-12-10T06:35:38.616Z] Error reading actual data: A Modbus Exception Occurred - See Response Body
[2024-12-10T06:35:38.616Z] Error writing to Modbus register: A Modbus Exception Occurred - See Response Body
[2024-12-10T06:35:39.626Z] Error reading or processing Modbus registers: A Modbus Exception Occurred - See Response Body
[2024-12-10T06:35:39.629Z] Error reading register 6507 for IP 10.30.4.128: A Modbus Exception Occurred - See Response Body
[2024-12-10T06:35:39.630Z] Error reading actual data: A Modbus Exception Occurred - See Response Body
[2024-12-10T06:35:39.630Z] Error writing to Modbus register: A Modbus Exception Occurred - See Response Body
[2024-12-10T06:35:40.628Z] Error reading or processing Modbus registers: A Modbus Exception Occurred - See Response Body
[2024-12-10T06:35:40.630Z] Error reading register 6507 for IP 10.30.4.128: A Modbus Exception Occurred - See Response Body
[2024-12-10T06:35:40.631Z] Error reading actual data: A Modbus Exception Occurred - See Response Body
[2024-12-10T06:35:40.631Z] Error writing to Modbus register: A Modbus Exception Occurred - See Response Body
[2024-12-10T06:35:41.640Z] Error reading or processing Modbus registers: A Modbus Exception Occurred - See Response Body
[2024-12-10T06:35:41.642Z] Error reading register 6507 for IP 10.30.4.128: A Modbus Exception Occurred - See Response Body
[2024-12-10T06:35:41.642Z] Error reading actual data: A Modbus Exception Occurred - See Response Body
[2024-12-10T06:35:41.643Z] Error writing to Modbus register: A Modbus Exception Occurred - See Response Body
[2024-12-10T06:35:42.640Z] Error reading or processing Modbus registers: A Modbus Exception Occurred - See Response Body
[2024-12-10T06:35:42.643Z] Error reading register 6507 for IP 10.30.4.128: A Modbus Exception Occurred - See Response Body
[2024-12-10T06:35:42.644Z] Error reading actual data: A Modbus Exception Occurred - See Response Body
[2024-12-10T06:35:42.644Z] Error writing to Modbus register: A Modbus Exception Occurred - See Response Body
[2024-12-10T06:35:43.652Z] Error reading or processing Modbus registers: A Modbus Exception Occurred - See Response Body
[2024-12-10T06:35:43.655Z] Error reading register 6507 for IP 10.30.4.128: A Modbus Exception Occurred - See Response Body
[2024-12-10T06:35:43.655Z] Error reading actual data: A Modbus Exception Occurred - See Response Body
[2024-12-10T06:35:43.656Z] Error writing to Modbus register: A Modbus Exception Occurred - See Response Body
[2024-12-10T06:35:44.666Z] Error reading or processing Modbus registers: A Modbus Exception Occurred - See Response Body
[2024-12-10T06:35:44.668Z] Error reading register 6507 for IP 10.30.4.128: A Modbus Exception Occurred - See Response Body
[2024-12-10T06:35:44.669Z] Error reading actual data: A Modbus Exception Occurred - See Response Body
[2024-12-10T06:35:44.670Z] Error writing to Modbus register: A Modbus Exception Occurred - See Response Body
[2024-12-10T06:35:45.667Z] Error reading or processing Modbus registers: A Modbus Exception Occurred - See Response Body
[2024-12-10T06:35:45.669Z] Error reading register 6507 for IP 10.30.4.128: A Modbus Exception Occurred - See Response Body
[2024-12-10T06:35:45.670Z] Error reading actual data: A Modbus Exception Occurred - See Response Body
[2024-12-10T06:35:45.670Z] Error writing to Modbus register: A Modbus Exception Occurred - See Response Body
[2024-12-10T06:35:46.680Z] Error reading or processing Modbus registers: A Modbus Exception Occurred - See Response Body
[2024-12-10T06:35:46.683Z] Error reading register 6507 for IP 10.30.4.128: A Modbus Exception Occurred - See Response Body
[2024-12-10T06:35:46.684Z] Error reading actual data: A Modbus Exception Occurred - See Response Body
[2024-12-10T06:35:46.684Z] Error writing to Modbus register: A Modbus Exception Occurred - See Response Body
[2024-12-10T06:35:47.696Z] Error reading or processing Modbus registers: A Modbus Exception Occurred - See Response Body
[2024-12-10T06:35:47.698Z] Error reading register 6507 for IP 10.30.4.128: A Modbus Exception Occurred - See Response Body
[2024-12-10T06:35:47.699Z] Error reading actual data: A Modbus Exception Occurred - See Response Body
[2024-12-10T06:35:47.699Z] Error writing to Modbus register: A Modbus Exception Occurred - See Response Body
[2024-12-10T06:35:48.698Z] Error reading or processing Modbus registers: A Modbus Exception Occurred - See Response Body
[2024-12-10T06:35:48.700Z] Error reading register 6507 for IP 10.30.4.128: A Modbus Exception Occurred - See Response Body
[2024-12-10T06:35:48.700Z] Error reading actual data: A Modbus Exception Occurred - See Response Body
[2024-12-10T06:35:48.701Z] Error writing to Modbus register: A Modbus Exception Occurred - See Response Body
[2024-12-10T06:35:49.710Z] Error reading or processing Modbus registers: A Modbus Exception Occurred - See Response Body
[2024-12-10T06:35:49.713Z] Error reading register 6507 for IP 10.30.4.128: A Modbus Exception Occurred - See Response Body
[2024-12-10T06:35:49.714Z] Error reading actual data: A Modbus Exception Occurred - See Response Body
[2024-12-10T06:35:49.714Z] Error writing to Modbus register: A Modbus Exception Occurred - See Response Body
[2024-12-10T06:35:50.725Z] Error reading or processing Modbus registers: A Modbus Exception Occurred - See Response Body
[2024-12-10T06:35:50.727Z] Error reading register 6507 for IP 10.30.4.128: A Modbus Exception Occurred - See Response Body
[2024-12-10T06:35:50.728Z] Error reading actual data: A Modbus Exception Occurred - See Response Body
[2024-12-10T06:35:50.728Z] Error writing to Modbus register: A Modbus Exception Occurred - See Response Body
[2024-12-10T06:35:51.739Z] Error reading or processing Modbus registers: A Modbus Exception Occurred - See Response Body
[2024-12-10T06:35:51.741Z] Error reading register 6507 for IP 10.30.4.128: A Modbus Exception Occurred - See Response Body
[2024-12-10T06:35:51.742Z] Error reading actual data: A Modbus Exception Occurred - See Response Body
[2024-12-10T06:35:51.743Z] Error writing to Modbus register: A Modbus Exception Occurred - See Response Body
[2024-12-10T06:35:52.754Z] Error reading or processing Modbus registers: A Modbus Exception Occurred - See Response Body
[2024-12-10T06:35:52.757Z] Error reading register 6507 for IP 10.30.4.128: A Modbus Exception Occurred - See Response Body
[2024-12-10T06:35:52.758Z] Error reading actual data: A Modbus Exception Occurred - See Response Body
[2024-12-10T06:35:52.758Z] Error writing to Modbus register: A Modbus Exception Occurred - See Response Body
[2024-12-10T06:35:53.766Z] Error reading or processing Modbus registers: A Modbus Exception Occurred - See Response Body
[2024-12-10T06:35:53.769Z] Error reading register 6507 for IP 10.30.4.128: A Modbus Exception Occurred - See Response Body
[2024-12-10T06:35:53.770Z] Error reading actual data: A Modbus Exception Occurred - See Response Body
[2024-12-10T06:35:53.771Z] Error writing to Modbus register: A Modbus Exception Occurred - See Response Body
[2024-12-10T06:35:54.766Z] Error reading or processing Modbus registers: A Modbus Exception Occurred - See Response Body
[2024-12-10T06:35:54.768Z] Error reading register 6507 for IP 10.30.4.128: A Modbus Exception Occurred - See Response Body
[2024-12-10T06:35:54.769Z] Error reading actual data: A Modbus Exception Occurred - See Response Body
[2024-12-10T06:35:54.770Z] Error writing to Modbus register: A Modbus Exception Occurred - See Response Body
[2024-12-10T06:35:55.766Z] Error reading or processing Modbus registers: A Modbus Exception Occurred - See Response Body
[2024-12-10T06:35:55.769Z] Error reading register 6507 for IP 10.30.4.128: A Modbus Exception Occurred - See Response Body
[2024-12-10T06:35:55.770Z] Error reading actual data: A Modbus Exception Occurred - See Response Body
[2024-12-10T06:35:55.770Z] Error writing to Modbus register: A Modbus Exception Occurred - See Response Body
[2024-12-10T06:35:56.768Z] Error reading or processing Modbus registers: A Modbus Exception Occurred - See Response Body
[2024-12-10T06:35:56.770Z] Error reading register 6507 for IP 10.30.4.128: A Modbus Exception Occurred - See Response Body
[2024-12-10T06:35:56.771Z] Error reading actual data: A Modbus Exception Occurred - See Response Body
[2024-12-10T06:35:56.772Z] Error writing to Modbus register: A Modbus Exception Occurred - See Response Body
[2024-12-10T06:35:57.781Z] Error reading or processing Modbus registers: A Modbus Exception Occurred - See Response Body
[2024-12-10T06:35:57.784Z] Error reading register 6507 for IP 10.30.4.128: A Modbus Exception Occurred - See Response Body
[2024-12-10T06:35:57.784Z] Error reading actual data: A Modbus Exception Occurred - See Response Body
[2024-12-10T06:35:57.785Z] Error writing to Modbus register: A Modbus Exception Occurred - See Response Body
[2024-12-10T06:35:58.795Z] Error reading or processing Modbus registers: A Modbus Exception Occurred - See Response Body
[2024-12-10T06:35:58.798Z] Error reading register 6507 for IP 10.30.4.128: A Modbus Exception Occurred - See Response Body
[2024-12-10T06:35:58.798Z] Error reading actual data: A Modbus Exception Occurred - See Response Body
[2024-12-10T06:35:58.799Z] Error writing to Modbus register: A Modbus Exception Occurred - See Response Body
[2024-12-10T06:35:59.807Z] Error reading or processing Modbus registers: A Modbus Exception Occurred - See Response Body
[2024-12-10T06:35:59.809Z] Error reading register 6507 for IP 10.30.4.128: A Modbus Exception Occurred - See Response Body
[2024-12-10T06:35:59.810Z] Error reading actual data: A Modbus Exception Occurred - See Response Body
[2024-12-10T06:35:59.813Z] Error writing to Modbus register: A Modbus Exception Occurred - See Response Body
[2024-12-10T06:36:00.810Z] Error reading or processing Modbus registers: A Modbus Exception Occurred - See Response Body
[2024-12-10T06:36:00.813Z] Error reading register 6507 for IP 10.30.4.128: A Modbus Exception Occurred - See Response Body
[2024-12-10T06:36:00.813Z] Error reading actual data: A Modbus Exception Occurred - See Response Body
[2024-12-10T06:36:00.814Z] Error writing to Modbus register: A Modbus Exception Occurred - See Response Body
[2024-12-10T06:36:01.820Z] Error reading or processing Modbus registers: A Modbus Exception Occurred - See Response Body
[2024-12-10T06:36:01.822Z] Error reading register 6507 for IP 10.30.4.128: A Modbus Exception Occurred - See Response Body
[2024-12-10T06:36:01.823Z] Error reading actual data: A Modbus Exception Occurred - See Response Body
[2024-12-10T06:36:01.824Z] Error writing to Modbus register: A Modbus Exception Occurred - See Response Body
[2024-12-10T06:36:02.834Z] Error reading or processing Modbus registers: A Modbus Exception Occurred - See Response Body
[2024-12-10T06:36:02.836Z] Error reading register 6507 for IP 10.30.4.128: A Modbus Exception Occurred - See Response Body
[2024-12-10T06:36:02.837Z] Error reading actual data: A Modbus Exception Occurred - See Response Body
[2024-12-10T06:36:02.837Z] Error writing to Modbus register: A Modbus Exception Occurred - See Response Body
[2024-12-10T06:36:03.845Z] Error reading or processing Modbus registers: A Modbus Exception Occurred - See Response Body
[2024-12-10T06:36:03.848Z] Error reading register 6507 for IP 10.30.4.128: A Modbus Exception Occurred - See Response Body
[2024-12-10T06:36:03.848Z] Error reading actual data: A Modbus Exception Occurred - See Response Body
[2024-12-10T06:36:03.849Z] Error writing to Modbus register: A Modbus Exception Occurred - See Response Body
[2024-12-10T06:36:04.859Z] Error reading or processing Modbus registers: A Modbus Exception Occurred - See Response Body
[2024-12-10T06:36:04.861Z] Error reading register 6507 for IP 10.30.4.128: A Modbus Exception Occurred - See Response Body
[2024-12-10T06:36:04.862Z] Error reading actual data: A Modbus Exception Occurred - See Response Body
[2024-12-10T06:36:04.863Z] Error writing to Modbus register: A Modbus Exception Occurred - See Response Body
[2024-12-10T06:36:05.859Z] Error reading or processing Modbus registers: A Modbus Exception Occurred - See Response Body
[2024-12-10T06:36:05.862Z] Error reading register 6507 for IP 10.30.4.128: A Modbus Exception Occurred - See Response Body
[2024-12-10T06:36:05.862Z] Error reading actual data: A Modbus Exception Occurred - See Response Body
[2024-12-10T06:36:05.863Z] Error writing to Modbus register: A Modbus Exception Occurred - See Response Body
[2024-12-10T06:36:06.861Z] Error reading or processing Modbus registers: A Modbus Exception Occurred - See Response Body
[2024-12-10T06:36:06.863Z] Error reading register 6507 for IP 10.30.4.128: A Modbus Exception Occurred - See Response Body
[2024-12-10T06:36:06.863Z] Error reading actual data: A Modbus Exception Occurred - See Response Body
[2024-12-10T06:36:06.864Z] Error writing to Modbus register: A Modbus Exception Occurred - See Response Body
[2024-12-10T06:36:07.873Z] Error reading or processing Modbus registers: A Modbus Exception Occurred - See Response Body
[2024-12-10T06:36:07.876Z] Error reading register 6507 for IP 10.30.4.128: A Modbus Exception Occurred - See Response Body
[2024-12-10T06:36:07.878Z] Error reading actual data: A Modbus Exception Occurred - See Response Body
[2024-12-10T06:36:07.878Z] Error writing to Modbus register: A Modbus Exception Occurred - See Response Body
[2024-12-10T06:36:08.874Z] Error reading or processing Modbus registers: A Modbus Exception Occurred - See Response Body
[2024-12-10T06:36:08.878Z] Error reading register 6507 for IP 10.30.4.128: A Modbus Exception Occurred - See Response Body
[2024-12-10T06:36:08.879Z] Error reading actual data: A Modbus Exception Occurred - See Response Body
[2024-12-10T06:36:08.879Z] Error writing to Modbus register: A Modbus Exception Occurred - See Response Body
[2024-12-10T06:36:09.886Z] Error reading or processing Modbus registers: A Modbus Exception Occurred - See Response Body
[2024-12-10T06:36:09.889Z] Error reading register 6507 for IP 10.30.4.128: A Modbus Exception Occurred - See Response Body
[2024-12-10T06:36:09.890Z] Error reading actual data: A Modbus Exception Occurred - See Response Body
[2024-12-10T06:36:09.890Z] Error writing to Modbus register: A Modbus Exception Occurred - See Response Body
[2024-12-10T06:36:10.900Z] Error reading or processing Modbus registers: A Modbus Exception Occurred - See Response Body
[2024-12-10T06:36:10.902Z] Error reading register 6507 for IP 10.30.4.128: A Modbus Exception Occurred - See Response Body
[2024-12-10T06:36:10.903Z] Error reading actual data: A Modbus Exception Occurred - See Response Body
[2024-12-10T06:36:10.904Z] Error writing to Modbus register: A Modbus Exception Occurred - See Response Body
[2024-12-10T06:36:11.916Z] Error reading or processing Modbus registers: A Modbus Exception Occurred - See Response Body
[2024-12-10T06:36:11.919Z] Error reading register 6507 for IP 10.30.4.128: A Modbus Exception Occurred - See Response Body
[2024-12-10T06:36:11.920Z] Error reading actual data: A Modbus Exception Occurred - See Response Body
[2024-12-10T06:36:11.920Z] Error writing to Modbus register: A Modbus Exception Occurred - See Response Body
[2024-12-10T06:36:12.929Z] Error reading or processing Modbus registers: A Modbus Exception Occurred - See Response Body
[2024-12-10T06:36:12.932Z] Error reading register 6507 for IP 10.30.4.128: A Modbus Exception Occurred - See Response Body
[2024-12-10T06:36:12.933Z] Error reading actual data: A Modbus Exception Occurred - See Response Body
[2024-12-10T06:36:12.933Z] Error writing to Modbus register: A Modbus Exception Occurred - See Response Body
[2024-12-10T06:36:13.944Z] Error reading or processing Modbus registers: A Modbus Exception Occurred - See Response Body
[2024-12-10T06:36:13.947Z] Error reading register 6507 for IP 10.30.4.128: A Modbus Exception Occurred - See Response Body
[2024-12-10T06:36:13.948Z] Error reading actual data: A Modbus Exception Occurred - See Response Body
[2024-12-10T06:36:13.948Z] Error writing to Modbus register: A Modbus Exception Occurred - See Response Body
[2024-12-10T06:36:14.958Z] Error reading or processing Modbus registers: A Modbus Exception Occurred - See Response Body
[2024-12-10T06:36:14.961Z] Error reading register 6507 for IP 10.30.4.128: A Modbus Exception Occurred - See Response Body
[2024-12-10T06:36:14.961Z] Error reading actual data: A Modbus Exception Occurred - See Response Body
[2024-12-10T06:36:14.962Z] Error writing to Modbus register: A Modbus Exception Occurred - See Response Body
[2024-12-10T06:36:15.963Z] Error reading or processing Modbus registers: A Modbus Exception Occurred - See Response Body
[2024-12-10T06:36:15.966Z] Error reading register 6507 for IP 10.30.4.128: A Modbus Exception Occurred - See Response Body
[2024-12-10T06:36:15.966Z] Error reading actual data: A Modbus Exception Occurred - See Response Body
[2024-12-10T06:36:15.967Z] Error writing to Modbus register: A Modbus Exception Occurred - See Response Body
[2024-12-10T06:36:16.965Z] Error reading or processing Modbus registers: A Modbus Exception Occurred - See Response Body
[2024-12-10T06:36:16.967Z] Error reading register 6507 for IP 10.30.4.128: A Modbus Exception Occurred - See Response Body
[2024-12-10T06:36:16.968Z] Error reading actual data: A Modbus Exception Occurred - See Response Body
[2024-12-10T06:36:16.968Z] Error writing to Modbus register: A Modbus Exception Occurred - See Response Body
[2024-12-10T06:36:17.976Z] Error reading or processing Modbus registers: A Modbus Exception Occurred - See Response Body
[2024-12-10T06:36:17.979Z] Error reading register 6507 for IP 10.30.4.128: A Modbus Exception Occurred - See Response Body
[2024-12-10T06:36:17.979Z] Error reading actual data: A Modbus Exception Occurred - See Response Body
[2024-12-10T06:36:17.980Z] Error writing to Modbus register: A Modbus Exception Occurred - See Response Body
[2024-12-10T06:36:18.991Z] Error reading or processing Modbus registers: A Modbus Exception Occurred - See Response Body
[2024-12-10T06:36:18.993Z] Error reading register 6507 for IP 10.30.4.128: A Modbus Exception Occurred - See Response Body
[2024-12-10T06:36:18.994Z] Error reading actual data: A Modbus Exception Occurred - See Response Body
[2024-12-10T06:36:18.994Z] Error writing to Modbus register: A Modbus Exception Occurred - See Response Body
[2024-12-10T06:36:19.992Z] Error reading or processing Modbus registers: A Modbus Exception Occurred - See Response Body
[2024-12-10T06:36:19.994Z] Error reading register 6507 for IP 10.30.4.128: A Modbus Exception Occurred - See Response Body
[2024-12-10T06:36:19.995Z] Error reading actual data: A Modbus Exception Occurred - See Response Body
[2024-12-10T06:36:19.996Z] Error writing to Modbus register: A Modbus Exception Occurred - See Response Body
[2024-12-10T06:36:21.006Z] Error reading or processing Modbus registers: A Modbus Exception Occurred - See Response Body
[2024-12-10T06:36:21.008Z] Error reading register 6507 for IP 10.30.4.128: A Modbus Exception Occurred - See Response Body
[2024-12-10T06:36:21.009Z] Error reading actual data: A Modbus Exception Occurred - See Response Body
[2024-12-10T06:36:21.010Z] Error writing to Modbus register: A Modbus Exception Occurred - See Response Body
[2024-12-10T06:36:22.019Z] Error reading or processing Modbus registers: A Modbus Exception Occurred - See Response Body
[2024-12-10T06:36:22.022Z] Error reading register 6507 for IP 10.30.4.128: A Modbus Exception Occurred - See Response Body
[2024-12-10T06:36:22.022Z] Error reading actual data: A Modbus Exception Occurred - See Response Body
[2024-12-10T06:36:22.023Z] Error writing to Modbus register: A Modbus Exception Occurred - See Response Body
[2024-12-10T06:36:23.034Z] Error reading or processing Modbus registers: A Modbus Exception Occurred - See Response Body
[2024-12-10T06:36:23.036Z] Error reading register 6507 for IP 10.30.4.128: A Modbus Exception Occurred - See Response Body
[2024-12-10T06:36:23.037Z] Error reading actual data: A Modbus Exception Occurred - See Response Body
[2024-12-10T06:36:23.038Z] Error writing to Modbus register: A Modbus Exception Occurred - See Response Body
[2024-12-10T06:36:24.047Z] Error reading or processing Modbus registers: A Modbus Exception Occurred - See Response Body
[2024-12-10T06:36:24.049Z] Error reading register 6507 for IP 10.30.4.128: A Modbus Exception Occurred - See Response Body
[2024-12-10T06:36:24.050Z] Error reading actual data: A Modbus Exception Occurred - See Response Body
[2024-12-10T06:36:24.051Z] Error writing to Modbus register: A Modbus Exception Occurred - See Response Body
[2024-12-10T06:36:25.062Z] Error reading or processing Modbus registers: A Modbus Exception Occurred - See Response Body
[2024-12-10T06:36:25.065Z] Error reading register 6507 for IP 10.30.4.128: A Modbus Exception Occurred - See Response Body
[2024-12-10T06:36:25.065Z] Error reading actual data: A Modbus Exception Occurred - See Response Body
[2024-12-10T06:36:25.066Z] Error writing to Modbus register: A Modbus Exception Occurred - See Response Body
[2024-12-10T06:36:26.076Z] Error reading or processing Modbus registers: A Modbus Exception Occurred - See Response Body
[2024-12-10T06:36:26.078Z] Error reading register 6507 for IP 10.30.4.128: A Modbus Exception Occurred - See Response Body
[2024-12-10T06:36:26.079Z] Error reading actual data: A Modbus Exception Occurred - See Response Body
[2024-12-10T06:36:26.079Z] Error writing to Modbus register: A Modbus Exception Occurred - See Response Body
[2024-12-10T06:36:27.089Z] Error reading or processing Modbus registers: A Modbus Exception Occurred - See Response Body
[2024-12-10T06:36:27.091Z] Error reading register 6507 for IP 10.30.4.128: A Modbus Exception Occurred - See Response Body
[2024-12-10T06:36:27.091Z] Error reading actual data: A Modbus Exception Occurred - See Response Body
[2024-12-10T06:36:27.092Z] Error writing to Modbus register: A Modbus Exception Occurred - See Response Body
[2024-12-10T06:36:28.103Z] Error reading or processing Modbus registers: A Modbus Exception Occurred - See Response Body
[2024-12-10T06:36:28.105Z] Error reading register 6507 for IP 10.30.4.128: A Modbus Exception Occurred - See Response Body
[2024-12-10T06:36:28.105Z] Error reading actual data: A Modbus Exception Occurred - See Response Body
[2024-12-10T06:36:28.106Z] Error writing to Modbus register: A Modbus Exception Occurred - See Response Body
[2024-12-10T06:36:29.118Z] Error reading or processing Modbus registers: A Modbus Exception Occurred - See Response Body
[2024-12-10T06:36:29.120Z] Error reading register 6507 for IP 10.30.4.128: A Modbus Exception Occurred - See Response Body
[2024-12-10T06:36:29.120Z] Error reading actual data: A Modbus Exception Occurred - See Response Body
[2024-12-10T06:36:29.121Z] Error writing to Modbus register: A Modbus Exception Occurred - See Response Body
[2024-12-10T06:36:30.131Z] Error reading or processing Modbus registers: A Modbus Exception Occurred - See Response Body
[2024-12-10T06:36:30.134Z] Error reading register 6507 for IP 10.30.4.128: A Modbus Exception Occurred - See Response Body
[2024-12-10T06:36:30.135Z] Error reading actual data: A Modbus Exception Occurred - See Response Body
[2024-12-10T06:36:30.135Z] Error writing to Modbus register: A Modbus Exception Occurred - See Response Body
[2024-12-10T06:36:31.132Z] Error reading or processing Modbus registers: A Modbus Exception Occurred - See Response Body
[2024-12-10T06:36:31.134Z] Error reading register 6507 for IP 10.30.4.128: A Modbus Exception Occurred - See Response Body
[2024-12-10T06:36:31.135Z] Error reading actual data: A Modbus Exception Occurred - See Response Body
[2024-12-10T06:36:31.136Z] Error writing to Modbus register: A Modbus Exception Occurred - See Response Body
[2024-12-10T06:36:32.145Z] Error reading or processing Modbus registers: A Modbus Exception Occurred - See Response Body
[2024-12-10T06:36:32.147Z] Error reading register 6507 for IP 10.30.4.128: A Modbus Exception Occurred - See Response Body
[2024-12-10T06:36:32.148Z] Error reading actual data: A Modbus Exception Occurred - See Response Body
[2024-12-10T06:36:32.148Z] Error writing to Modbus register: A Modbus Exception Occurred - See Response Body
[2024-12-10T06:36:33.145Z] Error reading or processing Modbus registers: A Modbus Exception Occurred - See Response Body
[2024-12-10T06:36:33.148Z] Error reading register 6507 for IP 10.30.4.128: A Modbus Exception Occurred - See Response Body
[2024-12-10T06:36:33.148Z] Error reading actual data: A Modbus Exception Occurred - See Response Body
[2024-12-10T06:36:33.149Z] Error writing to Modbus register: A Modbus Exception Occurred - See Response Body
[2024-12-10T06:36:34.146Z] Error reading or processing Modbus registers: A Modbus Exception Occurred - See Response Body
[2024-12-10T06:36:34.148Z] Error reading register 6507 for IP 10.30.4.128: A Modbus Exception Occurred - See Response Body
[2024-12-10T06:36:34.149Z] Error reading actual data: A Modbus Exception Occurred - See Response Body
[2024-12-10T06:36:34.150Z] Error writing to Modbus register: A Modbus Exception Occurred - See Response Body
[2024-12-10T06:36:35.147Z] Error reading or processing Modbus registers: A Modbus Exception Occurred - See Response Body
[2024-12-10T06:36:35.150Z] Error reading register 6507 for IP 10.30.4.128: A Modbus Exception Occurred - See Response Body
[2024-12-10T06:36:35.151Z] Error reading actual data: A Modbus Exception Occurred - See Response Body
[2024-12-10T06:36:35.151Z] Error writing to Modbus register: A Modbus Exception Occurred - See Response Body
[2024-12-10T06:36:36.161Z] Error reading or processing Modbus registers: A Modbus Exception Occurred - See Response Body
[2024-12-10T06:36:36.163Z] Error reading register 6507 for IP 10.30.4.128: A Modbus Exception Occurred - See Response Body
[2024-12-10T06:36:36.164Z] Error reading actual data: A Modbus Exception Occurred - See Response Body
[2024-12-10T06:36:36.165Z] Error writing to Modbus register: A Modbus Exception Occurred - See Response Body
[2024-12-10T06:36:37.175Z] Error reading or processing Modbus registers: A Modbus Exception Occurred - See Response Body
[2024-12-10T06:36:37.177Z] Error reading register 6507 for IP 10.30.4.128: A Modbus Exception Occurred - See Response Body
[2024-12-10T06:36:37.178Z] Error reading actual data: A Modbus Exception Occurred - See Response Body
[2024-12-10T06:36:37.179Z] Error writing to Modbus register: A Modbus Exception Occurred - See Response Body
[2024-12-10T06:36:38.175Z] Error reading or processing Modbus registers: A Modbus Exception Occurred - See Response Body
[2024-12-10T06:36:38.177Z] Error reading register 6507 for IP 10.30.4.128: A Modbus Exception Occurred - See Response Body
[2024-12-10T06:36:38.178Z] Error reading actual data: A Modbus Exception Occurred - See Response Body
[2024-12-10T06:36:38.179Z] Error writing to Modbus register: A Modbus Exception Occurred - See Response Body
[2024-12-10T06:36:39.190Z] Error reading or processing Modbus registers: A Modbus Exception Occurred - See Response Body
[2024-12-10T06:36:39.192Z] Error reading register 6507 for IP 10.30.4.128: A Modbus Exception Occurred - See Response Body
[2024-12-10T06:36:39.193Z] Error reading actual data: A Modbus Exception Occurred - See Response Body
[2024-12-10T06:36:39.194Z] Error writing to Modbus register: A Modbus Exception Occurred - See Response Body
[2024-12-10T06:36:40.204Z] Error reading or processing Modbus registers: A Modbus Exception Occurred - See Response Body
[2024-12-10T06:36:40.207Z] Error reading register 6507 for IP 10.30.4.128: A Modbus Exception Occurred - See Response Body
[2024-12-10T06:36:40.207Z] Error reading actual data: A Modbus Exception Occurred - See Response Body
[2024-12-10T06:36:40.208Z] Error writing to Modbus register: A Modbus Exception Occurred - See Response Body
[2024-12-10T06:36:41.216Z] Error reading or processing Modbus registers: A Modbus Exception Occurred - See Response Body
[2024-12-10T06:36:41.219Z] Error reading register 6507 for IP 10.30.4.128: A Modbus Exception Occurred - See Response Body
[2024-12-10T06:36:41.220Z] Error reading actual data: A Modbus Exception Occurred - See Response Body
[2024-12-10T06:36:41.221Z] Error writing to Modbus register: A Modbus Exception Occurred - See Response Body
[2024-12-10T06:36:42.228Z] Error reading or processing Modbus registers: A Modbus Exception Occurred - See Response Body
[2024-12-10T06:36:42.230Z] Error reading register 6507 for IP 10.30.4.128: A Modbus Exception Occurred - See Response Body
[2024-12-10T06:36:42.231Z] Error reading actual data: A Modbus Exception Occurred - See Response Body
[2024-12-10T06:36:42.231Z] Error writing to Modbus register: A Modbus Exception Occurred - See Response Body
[2024-12-10T06:36:43.229Z] Error reading or processing Modbus registers: A Modbus Exception Occurred - See Response Body
[2024-12-10T06:36:43.231Z] Error reading register 6507 for IP 10.30.4.128: A Modbus Exception Occurred - See Response Body
[2024-12-10T06:36:43.232Z] Error reading actual data: A Modbus Exception Occurred - See Response Body
[2024-12-10T06:36:43.233Z] Error writing to Modbus register: A Modbus Exception Occurred - See Response Body
[2024-12-10T06:36:44.242Z] Error reading or processing Modbus registers: A Modbus Exception Occurred - See Response Body
[2024-12-10T06:36:44.244Z] Error reading register 6507 for IP 10.30.4.128: A Modbus Exception Occurred - See Response Body
[2024-12-10T06:36:44.245Z] Error reading actual data: A Modbus Exception Occurred - See Response Body
[2024-12-10T06:36:44.246Z] Error writing to Modbus register: A Modbus Exception Occurred - See Response Body
[2024-12-10T06:36:45.247Z] Error reading or processing Modbus registers: A Modbus Exception Occurred - See Response Body
[2024-12-10T06:36:45.249Z] Error reading register 6507 for IP 10.30.4.128: A Modbus Exception Occurred - See Response Body
[2024-12-10T06:36:45.250Z] Error reading actual data: A Modbus Exception Occurred - See Response Body
[2024-12-10T06:36:45.250Z] Error writing to Modbus register: A Modbus Exception Occurred - See Response Body
[2024-12-10T06:36:46.247Z] Error reading or processing Modbus registers: A Modbus Exception Occurred - See Response Body
[2024-12-10T06:36:46.250Z] Error reading register 6507 for IP 10.30.4.128: A Modbus Exception Occurred - See Response Body
[2024-12-10T06:36:46.250Z] Error reading actual data: A Modbus Exception Occurred - See Response Body
[2024-12-10T06:36:46.251Z] Error writing to Modbus register: A Modbus Exception Occurred - See Response Body
[2024-12-10T06:36:47.259Z] Error reading or processing Modbus registers: A Modbus Exception Occurred - See Response Body
[2024-12-10T06:36:47.262Z] Error reading register 6507 for IP 10.30.4.128: A Modbus Exception Occurred - See Response Body
[2024-12-10T06:36:47.262Z] Error reading actual data: A Modbus Exception Occurred - See Response Body
[2024-12-10T06:36:47.263Z] Error writing to Modbus register: A Modbus Exception Occurred - See Response Body
[2024-12-10T06:36:48.274Z] Error reading or processing Modbus registers: A Modbus Exception Occurred - See Response Body
[2024-12-10T06:36:48.276Z] Error reading register 6507 for IP 10.30.4.128: A Modbus Exception Occurred - See Response Body
[2024-12-10T06:36:48.277Z] Error reading actual data: A Modbus Exception Occurred - See Response Body
[2024-12-10T06:36:48.277Z] Error writing to Modbus register: A Modbus Exception Occurred - See Response Body
[2024-12-10T06:36:49.278Z] Error reading or processing Modbus registers: A Modbus Exception Occurred - See Response Body
[2024-12-10T06:36:49.280Z] Error reading register 6507 for IP 10.30.4.128: A Modbus Exception Occurred - See Response Body
[2024-12-10T06:36:49.281Z] Error reading actual data: A Modbus Exception Occurred - See Response Body
[2024-12-10T06:36:49.281Z] Error writing to Modbus register: A Modbus Exception Occurred - See Response Body
[2024-12-10T06:36:50.293Z] Error reading or processing Modbus registers: A Modbus Exception Occurred - See Response Body
[2024-12-10T06:36:50.297Z] Error reading register 6507 for IP 10.30.4.128: A Modbus Exception Occurred - See Response Body
[2024-12-10T06:36:50.298Z] Error reading actual data: A Modbus Exception Occurred - See Response Body
[2024-12-10T06:36:50.298Z] Error writing to Modbus register: A Modbus Exception Occurred - See Response Body
[2024-12-10T06:36:51.294Z] Error reading or processing Modbus registers: A Modbus Exception Occurred - See Response Body
[2024-12-10T06:36:51.298Z] Error reading register 6507 for IP 10.30.4.128: A Modbus Exception Occurred - See Response Body
[2024-12-10T06:36:51.299Z] Error reading actual data: A Modbus Exception Occurred - See Response Body
[2024-12-10T06:36:51.299Z] Error writing to Modbus register: A Modbus Exception Occurred - See Response Body
[2024-12-10T06:36:52.298Z] Error reading or processing Modbus registers: A Modbus Exception Occurred - See Response Body
[2024-12-10T06:36:52.300Z] Error reading register 6507 for IP 10.30.4.128: A Modbus Exception Occurred - See Response Body
[2024-12-10T06:36:52.301Z] Error reading actual data: A Modbus Exception Occurred - See Response Body
[2024-12-10T06:36:52.302Z] Error writing to Modbus register: A Modbus Exception Occurred - See Response Body
[2024-12-10T06:36:53.311Z] Error reading or processing Modbus registers: A Modbus Exception Occurred - See Response Body
[2024-12-10T06:36:53.314Z] Error reading register 6507 for IP 10.30.4.128: A Modbus Exception Occurred - See Response Body
[2024-12-10T06:36:53.314Z] Error reading actual data: A Modbus Exception Occurred - See Response Body
[2024-12-10T06:36:53.315Z] Error writing to Modbus register: A Modbus Exception Occurred - See Response Body
[2024-12-10T06:36:54.312Z] Error reading or processing Modbus registers: A Modbus Exception Occurred - See Response Body
[2024-12-10T06:36:54.315Z] Error reading register 6507 for IP 10.30.4.128: A Modbus Exception Occurred - See Response Body
[2024-12-10T06:36:54.316Z] Error reading actual data: A Modbus Exception Occurred - See Response Body
[2024-12-10T06:36:54.316Z] Error writing to Modbus register: A Modbus Exception Occurred - See Response Body
[2024-12-10T06:36:55.325Z] Error reading or processing Modbus registers: A Modbus Exception Occurred - See Response Body
[2024-12-10T06:36:55.328Z] Error reading register 6507 for IP 10.30.4.128: A Modbus Exception Occurred - See Response Body
[2024-12-10T06:36:55.329Z] Error reading actual data: A Modbus Exception Occurred - See Response Body
[2024-12-10T06:36:55.329Z] Error writing to Modbus register: A Modbus Exception Occurred - See Response Body
[2024-12-10T06:36:56.339Z] Error reading or processing Modbus registers: A Modbus Exception Occurred - See Response Body
[2024-12-10T06:36:56.342Z] Error reading register 6507 for IP 10.30.4.128: A Modbus Exception Occurred - See Response Body
[2024-12-10T06:36:56.343Z] Error reading actual data: A Modbus Exception Occurred - See Response Body
[2024-12-10T06:36:56.344Z] Error writing to Modbus register: A Modbus Exception Occurred - See Response Body
[2024-12-10T06:36:57.352Z] Error reading or processing Modbus registers: A Modbus Exception Occurred - See Response Body
[2024-12-10T06:36:57.355Z] Error reading register 6507 for IP 10.30.4.128: A Modbus Exception Occurred - See Response Body
[2024-12-10T06:36:57.356Z] Error reading actual data: A Modbus Exception Occurred - See Response Body
[2024-12-10T06:36:57.356Z] Error writing to Modbus register: A Modbus Exception Occurred - See Response Body
[2024-12-10T06:36:58.355Z] Error reading or processing Modbus registers: A Modbus Exception Occurred - See Response Body
[2024-12-10T06:36:58.358Z] Error reading register 6507 for IP 10.30.4.128: A Modbus Exception Occurred - See Response Body
[2024-12-10T06:36:58.359Z] Error reading actual data: A Modbus Exception Occurred - See Response Body
[2024-12-10T06:36:58.360Z] Error writing to Modbus register: A Modbus Exception Occurred - See Response Body
[2024-12-10T06:36:59.361Z] Error reading or processing Modbus registers: A Modbus Exception Occurred - See Response Body
[2024-12-10T06:36:59.363Z] Error reading register 6507 for IP 10.30.4.128: A Modbus Exception Occurred - See Response Body
[2024-12-10T06:36:59.365Z] Error reading actual data: A Modbus Exception Occurred - See Response Body
[2024-12-10T06:36:59.365Z] Error writing to Modbus register: A Modbus Exception Occurred - See Response Body
[2024-12-10T06:37:00.362Z] Error reading or processing Modbus registers: A Modbus Exception Occurred - See Response Body
[2024-12-10T06:37:00.366Z] Error reading register 6507 for IP 10.30.4.128: A Modbus Exception Occurred - See Response Body
[2024-12-10T06:37:00.367Z] Error reading actual data: A Modbus Exception Occurred - See Response Body
[2024-12-10T06:37:00.367Z] Error writing to Modbus register: A Modbus Exception Occurred - See Response Body
[2024-12-10T06:37:01.377Z] Error reading or processing Modbus registers: A Modbus Exception Occurred - See Response Body
[2024-12-10T06:37:01.379Z] Error reading register 6507 for IP 10.30.4.128: A Modbus Exception Occurred - See Response Body
[2024-12-10T06:37:01.380Z] Error reading actual data: A Modbus Exception Occurred - See Response Body
[2024-12-10T06:37:01.381Z] Error writing to Modbus register: A Modbus Exception Occurred - See Response Body
[2024-12-10T06:37:02.378Z] Error reading or processing Modbus registers: A Modbus Exception Occurred - See Response Body
[2024-12-10T06:37:02.380Z] Error reading register 6507 for IP 10.30.4.128: A Modbus Exception Occurred - See Response Body
[2024-12-10T06:37:02.381Z] Error reading actual data: A Modbus Exception Occurred - See Response Body
[2024-12-10T06:37:02.382Z] Error writing to Modbus register: A Modbus Exception Occurred - See Response Body
[2024-12-10T06:37:03.377Z] Error reading or processing Modbus registers: A Modbus Exception Occurred - See Response Body
[2024-12-10T06:37:03.380Z] Error reading register 6507 for IP 10.30.4.128: A Modbus Exception Occurred - See Response Body
[2024-12-10T06:37:03.380Z] Error reading actual data: A Modbus Exception Occurred - See Response Body
[2024-12-10T06:37:03.381Z] Error writing to Modbus register: A Modbus Exception Occurred - See Response Body
[2024-12-10T06:37:04.385Z] Error reading or processing Modbus registers: A Modbus Exception Occurred - See Response Body
[2024-12-10T06:37:04.387Z] Error reading register 6507 for IP 10.30.4.128: A Modbus Exception Occurred - See Response Body
[2024-12-10T06:37:04.388Z] Error reading actual data: A Modbus Exception Occurred - See Response Body
[2024-12-10T06:37:04.388Z] Error writing to Modbus register: A Modbus Exception Occurred - See Response Body
[2024-12-10T06:37:05.387Z] Error reading or processing Modbus registers: A Modbus Exception Occurred - See Response Body
[2024-12-10T06:37:05.390Z] Error reading register 6507 for IP 10.30.4.128: A Modbus Exception Occurred - See Response Body
[2024-12-10T06:37:05.390Z] Error reading actual data: A Modbus Exception Occurred - See Response Body
[2024-12-10T06:37:05.391Z] Error writing to Modbus register: A Modbus Exception Occurred - See Response Body
[2024-12-10T06:37:06.400Z] Error reading or processing Modbus registers: A Modbus Exception Occurred - See Response Body
[2024-12-10T06:37:06.402Z] Error reading register 6507 for IP 10.30.4.128: A Modbus Exception Occurred - See Response Body
[2024-12-10T06:37:06.403Z] Error reading actual data: A Modbus Exception Occurred - See Response Body
[2024-12-10T06:37:06.403Z] Error writing to Modbus register: A Modbus Exception Occurred - See Response Body
[2024-12-10T06:37:07.414Z] Error reading or processing Modbus registers: A Modbus Exception Occurred - See Response Body
[2024-12-10T06:37:07.416Z] Error reading register 6507 for IP 10.30.4.128: A Modbus Exception Occurred - See Response Body
[2024-12-10T06:37:07.416Z] Error reading actual data: A Modbus Exception Occurred - See Response Body
[2024-12-10T06:37:07.417Z] Error writing to Modbus register: A Modbus Exception Occurred - See Response Body
[2024-12-10T06:37:08.428Z] Error reading or processing Modbus registers: A Modbus Exception Occurred - See Response Body
[2024-12-10T06:37:08.430Z] Error reading register 6507 for IP 10.30.4.128: A Modbus Exception Occurred - See Response Body
[2024-12-10T06:37:08.431Z] Error reading actual data: A Modbus Exception Occurred - See Response Body
[2024-12-10T06:37:08.431Z] Error writing to Modbus register: A Modbus Exception Occurred - See Response Body
[2024-12-10T06:37:09.432Z] Error reading or processing Modbus registers: A Modbus Exception Occurred - See Response Body
[2024-12-10T06:37:09.434Z] Error reading register 6507 for IP 10.30.4.128: A Modbus Exception Occurred - See Response Body
[2024-12-10T06:37:09.435Z] Error reading actual data: A Modbus Exception Occurred - See Response Body
[2024-12-10T06:37:09.436Z] Error writing to Modbus register: A Modbus Exception Occurred - See Response Body
[2024-12-10T06:37:10.443Z] Error reading or processing Modbus registers: A Modbus Exception Occurred - See Response Body
[2024-12-10T06:37:10.446Z] Error reading register 6507 for IP 10.30.4.128: A Modbus Exception Occurred - See Response Body
[2024-12-10T06:37:10.446Z] Error reading actual data: A Modbus Exception Occurred - See Response Body
[2024-12-10T06:37:10.447Z] Error writing to Modbus register: A Modbus Exception Occurred - See Response Body
[2024-12-10T06:37:11.454Z] Error reading or processing Modbus registers: A Modbus Exception Occurred - See Response Body
[2024-12-10T06:37:11.457Z] Error reading register 6507 for IP 10.30.4.128: A Modbus Exception Occurred - See Response Body
[2024-12-10T06:37:11.457Z] Error reading actual data: A Modbus Exception Occurred - See Response Body
[2024-12-10T06:37:11.458Z] Error writing to Modbus register: A Modbus Exception Occurred - See Response Body
[2024-12-10T06:37:12.456Z] Error reading or processing Modbus registers: A Modbus Exception Occurred - See Response Body
[2024-12-10T06:37:12.458Z] Error reading register 6507 for IP 10.30.4.128: A Modbus Exception Occurred - See Response Body
[2024-12-10T06:37:12.459Z] Error reading actual data: A Modbus Exception Occurred - See Response Body
[2024-12-10T06:37:12.459Z] Error writing to Modbus register: A Modbus Exception Occurred - See Response Body
[2024-12-10T06:37:13.469Z] Error reading or processing Modbus registers: A Modbus Exception Occurred - See Response Body
[2024-12-10T06:37:13.472Z] Error reading register 6507 for IP 10.30.4.128: A Modbus Exception Occurred - See Response Body
[2024-12-10T06:37:13.473Z] Error reading actual data: A Modbus Exception Occurred - See Response Body
[2024-12-10T06:37:13.474Z] Error writing to Modbus register: A Modbus Exception Occurred - See Response Body
[2024-12-10T06:37:14.484Z] Error reading or processing Modbus registers: A Modbus Exception Occurred - See Response Body
[2024-12-10T06:37:14.486Z] Error reading register 6507 for IP 10.30.4.128: A Modbus Exception Occurred - See Response Body
[2024-12-10T06:37:14.487Z] Error reading actual data: A Modbus Exception Occurred - See Response Body
[2024-12-10T06:37:14.488Z] Error writing to Modbus register: A Modbus Exception Occurred - See Response Body
[2024-12-10T06:37:15.498Z] Error reading or processing Modbus registers: A Modbus Exception Occurred - See Response Body
[2024-12-10T06:37:15.501Z] Error reading register 6507 for IP 10.30.4.128: A Modbus Exception Occurred - See Response Body
[2024-12-10T06:37:15.501Z] Error reading actual data: A Modbus Exception Occurred - See Response Body
[2024-12-10T06:37:15.502Z] Error writing to Modbus register: A Modbus Exception Occurred - See Response Body
[2024-12-10T06:37:16.499Z] Error reading or processing Modbus registers: A Modbus Exception Occurred - See Response Body
[2024-12-10T06:37:16.501Z] Error reading register 6507 for IP 10.30.4.128: A Modbus Exception Occurred - See Response Body
[2024-12-10T06:37:16.502Z] Error reading actual data: A Modbus Exception Occurred - See Response Body
[2024-12-10T06:37:16.502Z] Error writing to Modbus register: A Modbus Exception Occurred - See Response Body
[2024-12-10T06:37:17.513Z] Error reading or processing Modbus registers: A Modbus Exception Occurred - See Response Body
[2024-12-10T06:37:17.515Z] Error reading register 6507 for IP 10.30.4.128: A Modbus Exception Occurred - See Response Body
[2024-12-10T06:37:17.516Z] Error reading actual data: A Modbus Exception Occurred - See Response Body
[2024-12-10T06:37:17.517Z] Error writing to Modbus register: A Modbus Exception Occurred - See Response Body
[2024-12-10T06:37:18.515Z] Error reading or processing Modbus registers: A Modbus Exception Occurred - See Response Body
[2024-12-10T06:37:18.517Z] Error reading register 6507 for IP 10.30.4.128: A Modbus Exception Occurred - See Response Body
[2024-12-10T06:37:18.518Z] Error reading actual data: A Modbus Exception Occurred - See Response Body
[2024-12-10T06:37:18.519Z] Error writing to Modbus register: A Modbus Exception Occurred - See Response Body
[2024-12-10T06:37:19.529Z] Error reading or processing Modbus registers: A Modbus Exception Occurred - See Response Body
[2024-12-10T06:37:19.532Z] Error reading register 6507 for IP 10.30.4.128: A Modbus Exception Occurred - See Response Body
[2024-12-10T06:37:19.533Z] Error reading actual data: A Modbus Exception Occurred - See Response Body
[2024-12-10T06:37:19.533Z] Error writing to Modbus register: A Modbus Exception Occurred - See Response Body
[2024-12-10T06:37:20.545Z] Error reading or processing Modbus registers: A Modbus Exception Occurred - See Response Body
[2024-12-10T06:37:20.547Z] Error reading register 6507 for IP 10.30.4.128: A Modbus Exception Occurred - See Response Body
[2024-12-10T06:37:20.548Z] Error reading actual data: A Modbus Exception Occurred - See Response Body
[2024-12-10T06:37:20.549Z] Error writing to Modbus register: A Modbus Exception Occurred - See Response Body
[2024-12-10T06:37:21.546Z] Error reading or processing Modbus registers: A Modbus Exception Occurred - See Response Body
[2024-12-10T06:37:21.548Z] Error reading register 6507 for IP 10.30.4.128: A Modbus Exception Occurred - See Response Body
[2024-12-10T06:37:21.549Z] Error reading actual data: A Modbus Exception Occurred - See Response Body
[2024-12-10T06:37:21.550Z] Error writing to Modbus register: A Modbus Exception Occurred - See Response Body
[2024-12-10T06:37:22.550Z] Error reading or processing Modbus registers: A Modbus Exception Occurred - See Response Body
[2024-12-10T06:37:22.552Z] Error reading register 6507 for IP 10.30.4.128: A Modbus Exception Occurred - See Response Body
[2024-12-10T06:37:22.553Z] Error reading actual data: A Modbus Exception Occurred - See Response Body
[2024-12-10T06:37:22.554Z] Error writing to Modbus register: A Modbus Exception Occurred - See Response Body
[2024-12-10T06:37:23.563Z] Error reading or processing Modbus registers: A Modbus Exception Occurred - See Response Body
[2024-12-10T06:37:23.566Z] Error reading register 6507 for IP 10.30.4.128: A Modbus Exception Occurred - See Response Body
[2024-12-10T06:37:23.567Z] Error reading actual data: A Modbus Exception Occurred - See Response Body
[2024-12-10T06:37:23.567Z] Error writing to Modbus register: A Modbus Exception Occurred - See Response Body
[2024-12-10T06:37:24.577Z] Error reading or processing Modbus registers: A Modbus Exception Occurred - See Response Body
[2024-12-10T06:37:24.579Z] Error reading register 6507 for IP 10.30.4.128: A Modbus Exception Occurred - See Response Body
[2024-12-10T06:37:24.580Z] Error reading actual data: A Modbus Exception Occurred - See Response Body
[2024-12-10T06:37:24.581Z] Error writing to Modbus register: A Modbus Exception Occurred - See Response Body
[2024-12-10T06:37:25.588Z] Error reading or processing Modbus registers: A Modbus Exception Occurred - See Response Body
[2024-12-10T06:37:25.591Z] Error reading register 6507 for IP 10.30.4.128: A Modbus Exception Occurred - See Response Body
[2024-12-10T06:37:25.592Z] Error reading actual data: A Modbus Exception Occurred - See Response Body
[2024-12-10T06:37:25.593Z] Error writing to Modbus register: A Modbus Exception Occurred - See Response Body
[2024-12-10T06:37:26.588Z] Error reading or processing Modbus registers: A Modbus Exception Occurred - See Response Body
[2024-12-10T06:37:26.591Z] Error reading register 6507 for IP 10.30.4.128: A Modbus Exception Occurred - See Response Body
[2024-12-10T06:37:26.592Z] Error reading actual data: A Modbus Exception Occurred - See Response Body
[2024-12-10T06:37:26.592Z] Error writing to Modbus register: A Modbus Exception Occurred - See Response Body
[2024-12-10T06:37:27.589Z] Error reading or processing Modbus registers: A Modbus Exception Occurred - See Response Body
[2024-12-10T06:37:27.591Z] Error reading register 6507 for IP 10.30.4.128: A Modbus Exception Occurred - See Response Body
[2024-12-10T06:37:27.592Z] Error reading actual data: A Modbus Exception Occurred - See Response Body
[2024-12-10T06:37:27.593Z] Error writing to Modbus register: A Modbus Exception Occurred - See Response Body
[2024-12-10T06:37:28.593Z] Error reading or processing Modbus registers: A Modbus Exception Occurred - See Response Body
[2024-12-10T06:37:28.596Z] Error reading register 6507 for IP 10.30.4.128: A Modbus Exception Occurred - See Response Body
[2024-12-10T06:37:28.597Z] Error reading actual data: A Modbus Exception Occurred - See Response Body
[2024-12-10T06:37:28.598Z] Error writing to Modbus register: A Modbus Exception Occurred - See Response Body
[2024-12-10T06:37:29.607Z] Error reading or processing Modbus registers: A Modbus Exception Occurred - See Response Body
[2024-12-10T06:37:29.612Z] Error reading register 6507 for IP 10.30.4.128: A Modbus Exception Occurred - See Response Body
[2024-12-10T06:37:29.613Z] Error reading actual data: A Modbus Exception Occurred - See Response Body
[2024-12-10T06:37:29.613Z] Error writing to Modbus register: A Modbus Exception Occurred - See Response Body
[2024-12-10T06:37:30.606Z] Error reading or processing Modbus registers: A Modbus Exception Occurred - See Response Body
[2024-12-10T06:37:30.612Z] Error reading register 6507 for IP 10.30.4.128: A Modbus Exception Occurred - See Response Body
[2024-12-10T06:37:30.613Z] Error reading actual data: A Modbus Exception Occurred - See Response Body
[2024-12-10T06:37:30.614Z] Error writing to Modbus register: A Modbus Exception Occurred - See Response Body
[2024-12-10T06:37:31.608Z] Error reading or processing Modbus registers: A Modbus Exception Occurred - See Response Body
[2024-12-10T06:37:31.613Z] Error reading register 6507 for IP 10.30.4.128: A Modbus Exception Occurred - See Response Body
[2024-12-10T06:37:31.614Z] Error reading actual data: A Modbus Exception Occurred - See Response Body
[2024-12-10T06:37:31.615Z] Error writing to Modbus register: A Modbus Exception Occurred - See Response Body
[2024-12-10T06:37:32.622Z] Error reading or processing Modbus registers: A Modbus Exception Occurred - See Response Body
[2024-12-10T06:37:32.625Z] Error reading register 6507 for IP 10.30.4.128: A Modbus Exception Occurred - See Response Body
[2024-12-10T06:37:32.626Z] Error reading actual data: A Modbus Exception Occurred - See Response Body
[2024-12-10T06:37:32.626Z] Error writing to Modbus register: A Modbus Exception Occurred - See Response Body
[2024-12-10T06:37:33.635Z] Error reading or processing Modbus registers: A Modbus Exception Occurred - See Response Body
[2024-12-10T06:37:33.637Z] Error reading register 6507 for IP 10.30.4.128: A Modbus Exception Occurred - See Response Body
[2024-12-10T06:37:33.638Z] Error reading actual data: A Modbus Exception Occurred - See Response Body
[2024-12-10T06:37:33.638Z] Error writing to Modbus register: A Modbus Exception Occurred - See Response Body
[2024-12-10T06:37:34.638Z] Error reading or processing Modbus registers: A Modbus Exception Occurred - See Response Body
[2024-12-10T06:37:34.640Z] Error reading register 6507 for IP 10.30.4.128: A Modbus Exception Occurred - See Response Body
[2024-12-10T06:37:34.642Z] Error reading actual data: A Modbus Exception Occurred - See Response Body
[2024-12-10T06:37:34.642Z] Error writing to Modbus register: A Modbus Exception Occurred - See Response Body
[2024-12-10T06:37:35.652Z] Error reading or processing Modbus registers: A Modbus Exception Occurred - See Response Body
[2024-12-10T06:37:35.655Z] Error reading register 6507 for IP 10.30.4.128: A Modbus Exception Occurred - See Response Body
[2024-12-10T06:37:35.655Z] Error reading actual data: A Modbus Exception Occurred - See Response Body
[2024-12-10T06:37:35.656Z] Error writing to Modbus register: A Modbus Exception Occurred - See Response Body
[2024-12-10T06:37:36.665Z] Error reading or processing Modbus registers: A Modbus Exception Occurred - See Response Body
[2024-12-10T06:37:36.668Z] Error reading register 6507 for IP 10.30.4.128: A Modbus Exception Occurred - See Response Body
[2024-12-10T06:37:36.668Z] Error reading actual data: A Modbus Exception Occurred - See Response Body
[2024-12-10T06:37:36.669Z] Error writing to Modbus register: A Modbus Exception Occurred - See Response Body
[2024-12-10T06:37:37.681Z] Error reading or processing Modbus registers: A Modbus Exception Occurred - See Response Body
[2024-12-10T06:37:37.683Z] Error reading register 6507 for IP 10.30.4.128: A Modbus Exception Occurred - See Response Body
[2024-12-10T06:37:37.684Z] Error reading actual data: A Modbus Exception Occurred - See Response Body
[2024-12-10T06:37:37.684Z] Error writing to Modbus register: A Modbus Exception Occurred - See Response Body
[2024-12-10T06:37:38.682Z] Error reading or processing Modbus registers: A Modbus Exception Occurred - See Response Body
[2024-12-10T06:37:38.684Z] Error reading register 6507 for IP 10.30.4.128: A Modbus Exception Occurred - See Response Body
[2024-12-10T06:37:38.685Z] Error reading actual data: A Modbus Exception Occurred - See Response Body
[2024-12-10T06:37:38.685Z] Error writing to Modbus register: A Modbus Exception Occurred - See Response Body
[2024-12-10T06:37:39.682Z] Error reading or processing Modbus registers: A Modbus Exception Occurred - See Response Body
[2024-12-10T06:37:39.685Z] Error reading register 6507 for IP 10.30.4.128: A Modbus Exception Occurred - See Response Body
[2024-12-10T06:37:39.685Z] Error reading actual data: A Modbus Exception Occurred - See Response Body
[2024-12-10T06:37:39.686Z] Error writing to Modbus register: A Modbus Exception Occurred - See Response Body
[2024-12-10T06:37:40.683Z] Error reading or processing Modbus registers: A Modbus Exception Occurred - See Response Body
[2024-12-10T06:37:40.685Z] Error reading register 6507 for IP 10.30.4.128: A Modbus Exception Occurred - See Response Body
[2024-12-10T06:37:40.686Z] Error reading actual data: A Modbus Exception Occurred - See Response Body
[2024-12-10T06:37:40.686Z] Error writing to Modbus register: A Modbus Exception Occurred - See Response Body
[2024-12-10T06:37:41.698Z] Error reading or processing Modbus registers: A Modbus Exception Occurred - See Response Body
[2024-12-10T06:37:41.700Z] Error reading register 6507 for IP 10.30.4.128: A Modbus Exception Occurred - See Response Body
[2024-12-10T06:37:41.701Z] Error reading actual data: A Modbus Exception Occurred - See Response Body
[2024-12-10T06:37:41.701Z] Error writing to Modbus register: A Modbus Exception Occurred - See Response Body
[2024-12-10T06:37:42.710Z] Error reading or processing Modbus registers: A Modbus Exception Occurred - See Response Body
[2024-12-10T06:37:42.712Z] Error reading register 6507 for IP 10.30.4.128: A Modbus Exception Occurred - See Response Body
[2024-12-10T06:37:42.713Z] Error reading actual data: A Modbus Exception Occurred - See Response Body
[2024-12-10T06:37:42.713Z] Error writing to Modbus register: A Modbus Exception Occurred - See Response Body
[2024-12-10T06:37:43.710Z] Error reading or processing Modbus registers: A Modbus Exception Occurred - See Response Body
[2024-12-10T06:37:43.713Z] Error reading register 6507 for IP 10.30.4.128: A Modbus Exception Occurred - See Response Body
[2024-12-10T06:37:43.714Z] Error reading actual data: A Modbus Exception Occurred - See Response Body
[2024-12-10T06:37:43.714Z] Error writing to Modbus register: A Modbus Exception Occurred - See Response Body
[2024-12-10T06:37:44.713Z] Error reading or processing Modbus registers: A Modbus Exception Occurred - See Response Body
[2024-12-10T06:37:44.715Z] Error reading register 6507 for IP 10.30.4.128: A Modbus Exception Occurred - See Response Body
[2024-12-10T06:37:44.715Z] Error reading actual data: A Modbus Exception Occurred - See Response Body
[2024-12-10T06:37:44.716Z] Error writing to Modbus register: A Modbus Exception Occurred - See Response Body
[2024-12-10T06:37:45.725Z] Error reading or processing Modbus registers: A Modbus Exception Occurred - See Response Body
[2024-12-10T06:37:45.728Z] Error reading register 6507 for IP 10.30.4.128: A Modbus Exception Occurred - See Response Body
[2024-12-10T06:37:45.728Z] Error reading actual data: A Modbus Exception Occurred - See Response Body
[2024-12-10T06:37:45.729Z] Error writing to Modbus register: A Modbus Exception Occurred - See Response Body
[2024-12-10T06:37:46.737Z] Error reading or processing Modbus registers: A Modbus Exception Occurred - See Response Body
[2024-12-10T06:37:46.739Z] Error reading register 6507 for IP 10.30.4.128: A Modbus Exception Occurred - See Response Body
[2024-12-10T06:37:46.740Z] Error reading actual data: A Modbus Exception Occurred - See Response Body
[2024-12-10T06:37:46.740Z] Error writing to Modbus register: A Modbus Exception Occurred - See Response Body
[2024-12-10T06:37:47.737Z] Error reading or processing Modbus registers: A Modbus Exception Occurred - See Response Body
[2024-12-10T06:37:47.739Z] Error reading register 6507 for IP 10.30.4.128: A Modbus Exception Occurred - See Response Body
[2024-12-10T06:37:47.740Z] Error reading actual data: A Modbus Exception Occurred - See Response Body
[2024-12-10T06:37:47.741Z] Error writing to Modbus register: A Modbus Exception Occurred - See Response Body
[2024-12-10T06:37:48.738Z] Error reading or processing Modbus registers: A Modbus Exception Occurred - See Response Body
[2024-12-10T06:37:48.741Z] Error reading register 6507 for IP 10.30.4.128: A Modbus Exception Occurred - See Response Body
[2024-12-10T06:37:48.742Z] Error reading actual data: A Modbus Exception Occurred - See Response Body
[2024-12-10T06:37:48.743Z] Error writing to Modbus register: A Modbus Exception Occurred - See Response Body
[2024-12-10T06:37:49.751Z] Error reading or processing Modbus registers: A Modbus Exception Occurred - See Response Body
[2024-12-10T06:37:49.753Z] Error reading register 6507 for IP 10.30.4.128: A Modbus Exception Occurred - See Response Body
[2024-12-10T06:37:49.754Z] Error reading actual data: A Modbus Exception Occurred - See Response Body
[2024-12-10T06:37:49.755Z] Error writing to Modbus register: A Modbus Exception Occurred - See Response Body
[2024-12-10T06:37:50.754Z] Error reading or processing Modbus registers: A Modbus Exception Occurred - See Response Body
[2024-12-10T06:37:50.756Z] Error reading register 6507 for IP 10.30.4.128: A Modbus Exception Occurred - See Response Body
[2024-12-10T06:37:50.756Z] Error reading actual data: A Modbus Exception Occurred - See Response Body
[2024-12-10T06:37:50.757Z] Error writing to Modbus register: A Modbus Exception Occurred - See Response Body
[2024-12-10T06:37:51.768Z] Error reading or processing Modbus registers: A Modbus Exception Occurred - See Response Body
[2024-12-10T06:37:51.770Z] Error reading register 6507 for IP 10.30.4.128: A Modbus Exception Occurred - See Response Body
[2024-12-10T06:37:51.771Z] Error reading actual data: A Modbus Exception Occurred - See Response Body
[2024-12-10T06:37:51.771Z] Error writing to Modbus register: A Modbus Exception Occurred - See Response Body
[2024-12-10T06:37:52.780Z] Error reading or processing Modbus registers: A Modbus Exception Occurred - See Response Body
[2024-12-10T06:37:52.783Z] Error reading register 6507 for IP 10.30.4.128: A Modbus Exception Occurred - See Response Body
[2024-12-10T06:37:52.783Z] Error reading actual data: A Modbus Exception Occurred - See Response Body
[2024-12-10T06:37:52.784Z] Error writing to Modbus register: A Modbus Exception Occurred - See Response Body
[2024-12-10T06:37:53.782Z] Error reading or processing Modbus registers: A Modbus Exception Occurred - See Response Body
[2024-12-10T06:37:53.785Z] Error reading register 6507 for IP 10.30.4.128: A Modbus Exception Occurred - See Response Body
[2024-12-10T06:37:53.786Z] Error reading actual data: A Modbus Exception Occurred - See Response Body
[2024-12-10T06:37:53.787Z] Error writing to Modbus register: A Modbus Exception Occurred - See Response Body
[2024-12-10T06:37:54.794Z] Error reading or processing Modbus registers: A Modbus Exception Occurred - See Response Body
[2024-12-10T06:37:54.797Z] Error reading register 6507 for IP 10.30.4.128: A Modbus Exception Occurred - See Response Body
[2024-12-10T06:37:54.798Z] Error reading actual data: A Modbus Exception Occurred - See Response Body
[2024-12-10T06:37:54.798Z] Error writing to Modbus register: A Modbus Exception Occurred - See Response Body
[2024-12-10T06:37:55.796Z] Error reading or processing Modbus registers: A Modbus Exception Occurred - See Response Body
[2024-12-10T06:37:55.799Z] Error reading register 6507 for IP 10.30.4.128: A Modbus Exception Occurred - See Response Body
[2024-12-10T06:37:55.799Z] Error reading actual data: A Modbus Exception Occurred - See Response Body
[2024-12-10T06:37:55.800Z] Error writing to Modbus register: A Modbus Exception Occurred - See Response Body
[2024-12-10T06:37:56.811Z] Error reading or processing Modbus registers: A Modbus Exception Occurred - See Response Body
[2024-12-10T06:37:56.813Z] Error reading register 6507 for IP 10.30.4.128: A Modbus Exception Occurred - See Response Body
[2024-12-10T06:37:56.814Z] Error reading actual data: A Modbus Exception Occurred - See Response Body
[2024-12-10T06:37:56.815Z] Error writing to Modbus register: A Modbus Exception Occurred - See Response Body
[2024-12-10T06:37:57.822Z] Error reading or processing Modbus registers: A Modbus Exception Occurred - See Response Body
[2024-12-10T06:37:57.825Z] Error reading register 6507 for IP 10.30.4.128: A Modbus Exception Occurred - See Response Body
[2024-12-10T06:37:57.826Z] Error reading actual data: A Modbus Exception Occurred - See Response Body
[2024-12-10T06:37:57.826Z] Error writing to Modbus register: A Modbus Exception Occurred - See Response Body
[2024-12-10T06:37:58.837Z] Error reading or processing Modbus registers: A Modbus Exception Occurred - See Response Body
[2024-12-10T06:37:58.839Z] Error reading register 6507 for IP 10.30.4.128: A Modbus Exception Occurred - See Response Body
[2024-12-10T06:37:58.840Z] Error reading actual data: A Modbus Exception Occurred - See Response Body
[2024-12-10T06:37:58.840Z] Error writing to Modbus register: A Modbus Exception Occurred - See Response Body
[2024-12-10T06:37:59.851Z] Error reading or processing Modbus registers: A Modbus Exception Occurred - See Response Body
[2024-12-10T06:37:59.853Z] Error reading register 6507 for IP 10.30.4.128: A Modbus Exception Occurred - See Response Body
[2024-12-10T06:37:59.854Z] Error reading actual data: A Modbus Exception Occurred - See Response Body
[2024-12-10T06:37:59.854Z] Error writing to Modbus register: A Modbus Exception Occurred - See Response Body
[2024-12-10T06:38:00.863Z] Error reading or processing Modbus registers: A Modbus Exception Occurred - See Response Body
[2024-12-10T06:38:00.865Z] Error reading register 6507 for IP 10.30.4.128: A Modbus Exception Occurred - See Response Body
[2024-12-10T06:38:00.866Z] Error reading actual data: A Modbus Exception Occurred - See Response Body
[2024-12-10T06:38:00.867Z] Error writing to Modbus register: A Modbus Exception Occurred - See Response Body
[2024-12-10T06:38:01.863Z] Error reading or processing Modbus registers: A Modbus Exception Occurred - See Response Body
[2024-12-10T06:38:01.865Z] Error reading register 6507 for IP 10.30.4.128: A Modbus Exception Occurred - See Response Body
[2024-12-10T06:38:01.866Z] Error reading actual data: A Modbus Exception Occurred - See Response Body
[2024-12-10T06:38:01.866Z] Error writing to Modbus register: A Modbus Exception Occurred - See Response Body
[2024-12-10T06:38:02.878Z] Error reading or processing Modbus registers: A Modbus Exception Occurred - See Response Body
[2024-12-10T06:38:02.880Z] Error reading register 6507 for IP 10.30.4.128: A Modbus Exception Occurred - See Response Body
[2024-12-10T06:38:02.881Z] Error reading actual data: A Modbus Exception Occurred - See Response Body
[2024-12-10T06:38:02.882Z] Error writing to Modbus register: A Modbus Exception Occurred - See Response Body
[2024-12-10T06:38:03.892Z] Error reading or processing Modbus registers: A Modbus Exception Occurred - See Response Body
[2024-12-10T06:38:03.894Z] Error reading register 6507 for IP 10.30.4.128: A Modbus Exception Occurred - See Response Body
[2024-12-10T06:38:03.895Z] Error reading actual data: A Modbus Exception Occurred - See Response Body
[2024-12-10T06:38:03.895Z] Error writing to Modbus register: A Modbus Exception Occurred - See Response Body
[2024-12-10T06:38:04.901Z] Error reading or processing Modbus registers: A Modbus Exception Occurred - See Response Body
[2024-12-10T06:38:04.903Z] Error reading register 6507 for IP 10.30.4.128: A Modbus Exception Occurred - See Response Body
[2024-12-10T06:38:04.904Z] Error reading actual data: A Modbus Exception Occurred - See Response Body
[2024-12-10T06:38:04.905Z] Error writing to Modbus register: A Modbus Exception Occurred - See Response Body
[2024-12-10T06:38:05.916Z] Error reading or processing Modbus registers: A Modbus Exception Occurred - See Response Body
[2024-12-10T06:38:05.918Z] Error reading register 6507 for IP 10.30.4.128: A Modbus Exception Occurred - See Response Body
[2024-12-10T06:38:05.919Z] Error reading actual data: A Modbus Exception Occurred - See Response Body
[2024-12-10T06:38:05.920Z] Error writing to Modbus register: A Modbus Exception Occurred - See Response Body
[2024-12-10T06:38:06.929Z] Error reading or processing Modbus registers: A Modbus Exception Occurred - See Response Body
[2024-12-10T06:38:06.931Z] Error reading register 6507 for IP 10.30.4.128: A Modbus Exception Occurred - See Response Body
[2024-12-10T06:38:06.932Z] Error reading actual data: A Modbus Exception Occurred - See Response Body
[2024-12-10T06:38:06.933Z] Error writing to Modbus register: A Modbus Exception Occurred - See Response Body
[2024-12-10T06:38:07.942Z] Error reading or processing Modbus registers: A Modbus Exception Occurred - See Response Body
[2024-12-10T06:38:07.945Z] Error reading register 6507 for IP 10.30.4.128: A Modbus Exception Occurred - See Response Body
[2024-12-10T06:38:07.946Z] Error reading actual data: A Modbus Exception Occurred - See Response Body
[2024-12-10T06:38:07.947Z] Error writing to Modbus register: A Modbus Exception Occurred - See Response Body
[2024-12-10T06:38:08.957Z] Error reading or processing Modbus registers: A Modbus Exception Occurred - See Response Body
[2024-12-10T06:38:08.959Z] Error reading register 6507 for IP 10.30.4.128: A Modbus Exception Occurred - See Response Body
[2024-12-10T06:38:08.960Z] Error reading actual data: A Modbus Exception Occurred - See Response Body
[2024-12-10T06:38:08.961Z] Error writing to Modbus register: A Modbus Exception Occurred - See Response Body
[2024-12-10T06:38:09.971Z] Error reading or processing Modbus registers: A Modbus Exception Occurred - See Response Body
[2024-12-10T06:38:09.973Z] Error reading register 6507 for IP 10.30.4.128: A Modbus Exception Occurred - See Response Body
[2024-12-10T06:38:09.974Z] Error reading actual data: A Modbus Exception Occurred - See Response Body
[2024-12-10T06:38:09.974Z] Error writing to Modbus register: A Modbus Exception Occurred - See Response Body
[2024-12-10T06:38:10.972Z] Error reading or processing Modbus registers: A Modbus Exception Occurred - See Response Body
[2024-12-10T06:38:10.974Z] Error reading register 6507 for IP 10.30.4.128: A Modbus Exception Occurred - See Response Body
[2024-12-10T06:38:10.975Z] Error reading actual data: A Modbus Exception Occurred - See Response Body
[2024-12-10T06:38:10.976Z] Error writing to Modbus register: A Modbus Exception Occurred - See Response Body
[2024-12-10T06:38:11.983Z] Error reading or processing Modbus registers: A Modbus Exception Occurred - See Response Body
[2024-12-10T06:38:11.985Z] Error reading register 6507 for IP 10.30.4.128: A Modbus Exception Occurred - See Response Body
[2024-12-10T06:38:11.986Z] Error reading actual data: A Modbus Exception Occurred - See Response Body
[2024-12-10T06:38:11.986Z] Error writing to Modbus register: A Modbus Exception Occurred - See Response Body
[2024-12-10T06:38:12.997Z] Error reading or processing Modbus registers: A Modbus Exception Occurred - See Response Body
[2024-12-10T06:38:12.999Z] Error reading register 6507 for IP 10.30.4.128: A Modbus Exception Occurred - See Response Body
[2024-12-10T06:38:13.000Z] Error reading actual data: A Modbus Exception Occurred - See Response Body
[2024-12-10T06:38:13.001Z] Error writing to Modbus register: A Modbus Exception Occurred - See Response Body
[2024-12-10T06:38:13.997Z] Error reading or processing Modbus registers: A Modbus Exception Occurred - See Response Body
[2024-12-10T06:38:14.000Z] Error reading register 6507 for IP 10.30.4.128: A Modbus Exception Occurred - See Response Body
[2024-12-10T06:38:14.000Z] Error reading actual data: A Modbus Exception Occurred - See Response Body
[2024-12-10T06:38:14.001Z] Error writing to Modbus register: A Modbus Exception Occurred - See Response Body
[2024-12-10T06:38:15.010Z] Error reading or processing Modbus registers: A Modbus Exception Occurred - See Response Body
[2024-12-10T06:38:15.012Z] Error reading register 6507 for IP 10.30.4.128: A Modbus Exception Occurred - See Response Body
[2024-12-10T06:38:15.013Z] Error reading actual data: A Modbus Exception Occurred - See Response Body
[2024-12-10T06:38:15.013Z] Error writing to Modbus register: A Modbus Exception Occurred - See Response Body
[2024-12-10T06:38:16.011Z] Error reading or processing Modbus registers: A Modbus Exception Occurred - See Response Body
[2024-12-10T06:38:16.013Z] Error reading register 6507 for IP 10.30.4.128: A Modbus Exception Occurred - See Response Body
[2024-12-10T06:38:16.013Z] Error reading actual data: A Modbus Exception Occurred - See Response Body
[2024-12-10T06:38:16.014Z] Error writing to Modbus register: A Modbus Exception Occurred - See Response Body
[2024-12-10T06:38:17.024Z] Error reading or processing Modbus registers: A Modbus Exception Occurred - See Response Body
[2024-12-10T06:38:17.026Z] Error reading register 6507 for IP 10.30.4.128: A Modbus Exception Occurred - See Response Body
[2024-12-10T06:38:17.027Z] Error reading actual data: A Modbus Exception Occurred - See Response Body
[2024-12-10T06:38:17.028Z] Error writing to Modbus register: A Modbus Exception Occurred - See Response Body
[2024-12-10T06:38:18.038Z] Error reading or processing Modbus registers: A Modbus Exception Occurred - See Response Body
[2024-12-10T06:38:18.041Z] Error reading register 6507 for IP 10.30.4.128: A Modbus Exception Occurred - See Response Body
[2024-12-10T06:38:18.041Z] Error reading actual data: A Modbus Exception Occurred - See Response Body
[2024-12-10T06:38:18.042Z] Error writing to Modbus register: A Modbus Exception Occurred - See Response Body
[2024-12-10T06:38:19.053Z] Error reading or processing Modbus registers: A Modbus Exception Occurred - See Response Body
[2024-12-10T06:38:19.055Z] Error reading register 6507 for IP 10.30.4.128: A Modbus Exception Occurred - See Response Body
[2024-12-10T06:38:19.055Z] Error reading actual data: A Modbus Exception Occurred - See Response Body
[2024-12-10T06:38:19.056Z] Error writing to Modbus register: A Modbus Exception Occurred - See Response Body
[2024-12-10T06:38:20.066Z] Error reading or processing Modbus registers: A Modbus Exception Occurred - See Response Body
[2024-12-10T06:38:20.068Z] Error reading register 6507 for IP 10.30.4.128: A Modbus Exception Occurred - See Response Body
[2024-12-10T06:38:20.069Z] Error reading actual data: A Modbus Exception Occurred - See Response Body
[2024-12-10T06:38:20.069Z] Error writing to Modbus register: A Modbus Exception Occurred - See Response Body
[2024-12-10T06:38:21.079Z] Error reading or processing Modbus registers: A Modbus Exception Occurred - See Response Body
[2024-12-10T06:38:21.082Z] Error reading register 6507 for IP 10.30.4.128: A Modbus Exception Occurred - See Response Body
[2024-12-10T06:38:21.082Z] Error reading actual data: A Modbus Exception Occurred - See Response Body
[2024-12-10T06:38:21.083Z] Error writing to Modbus register: A Modbus Exception Occurred - See Response Body
[2024-12-10T06:38:22.079Z] Error reading or processing Modbus registers: A Modbus Exception Occurred - See Response Body
[2024-12-10T06:38:22.081Z] Error reading register 6507 for IP 10.30.4.128: A Modbus Exception Occurred - See Response Body
[2024-12-10T06:38:22.082Z] Error reading actual data: A Modbus Exception Occurred - See Response Body
[2024-12-10T06:38:22.083Z] Error writing to Modbus register: A Modbus Exception Occurred - See Response Body
[2024-12-10T06:38:23.095Z] Error reading or processing Modbus registers: A Modbus Exception Occurred - See Response Body
[2024-12-10T06:38:23.098Z] Error reading register 6507 for IP 10.30.4.128: A Modbus Exception Occurred - See Response Body
[2024-12-10T06:38:23.099Z] Error reading actual data: A Modbus Exception Occurred - See Response Body
[2024-12-10T06:38:23.099Z] Error writing to Modbus register: A Modbus Exception Occurred - See Response Body
[2024-12-10T06:38:24.110Z] Error reading or processing Modbus registers: A Modbus Exception Occurred - See Response Body
[2024-12-10T06:38:24.112Z] Error reading register 6507 for IP 10.30.4.128: A Modbus Exception Occurred - See Response Body
[2024-12-10T06:38:24.113Z] Error reading actual data: A Modbus Exception Occurred - See Response Body
[2024-12-10T06:38:24.114Z] Error writing to Modbus register: A Modbus Exception Occurred - See Response Body
[2024-12-10T06:38:25.120Z] Error reading or processing Modbus registers: A Modbus Exception Occurred - See Response Body
[2024-12-10T06:38:25.123Z] Error reading register 6507 for IP 10.30.4.128: A Modbus Exception Occurred - See Response Body
[2024-12-10T06:38:25.123Z] Error reading actual data: A Modbus Exception Occurred - See Response Body
[2024-12-10T06:38:25.124Z] Error writing to Modbus register: A Modbus Exception Occurred - See Response Body
[2024-12-10T06:38:26.119Z] Error reading or processing Modbus registers: A Modbus Exception Occurred - See Response Body
[2024-12-10T06:38:26.123Z] Error reading register 6507 for IP 10.30.4.128: A Modbus Exception Occurred - See Response Body
[2024-12-10T06:38:26.123Z] Error reading actual data: A Modbus Exception Occurred - See Response Body
[2024-12-10T06:38:26.124Z] Error writing to Modbus register: A Modbus Exception Occurred - See Response Body
[2024-12-10T06:38:27.120Z] Error reading or processing Modbus registers: A Modbus Exception Occurred - See Response Body
[2024-12-10T06:38:27.123Z] Error reading register 6507 for IP 10.30.4.128: A Modbus Exception Occurred - See Response Body
[2024-12-10T06:38:27.123Z] Error reading actual data: A Modbus Exception Occurred - See Response Body
[2024-12-10T06:38:27.124Z] Error writing to Modbus register: A Modbus Exception Occurred - See Response Body
[2024-12-10T06:38:28.134Z] Error reading or processing Modbus registers: A Modbus Exception Occurred - See Response Body
[2024-12-10T06:38:28.136Z] Error reading register 6507 for IP 10.30.4.128: A Modbus Exception Occurred - See Response Body
[2024-12-10T06:38:28.137Z] Error reading actual data: A Modbus Exception Occurred - See Response Body
[2024-12-10T06:38:28.137Z] Error writing to Modbus register: A Modbus Exception Occurred - See Response Body
[2024-12-10T06:38:29.148Z] Error reading or processing Modbus registers: A Modbus Exception Occurred - See Response Body
[2024-12-10T06:38:29.151Z] Error reading register 6507 for IP 10.30.4.128: A Modbus Exception Occurred - See Response Body
[2024-12-10T06:38:29.152Z] Error reading actual data: A Modbus Exception Occurred - See Response Body
[2024-12-10T06:38:29.153Z] Error writing to Modbus register: A Modbus Exception Occurred - See Response Body
[2024-12-10T06:38:30.164Z] Error reading or processing Modbus registers: A Modbus Exception Occurred - See Response Body
[2024-12-10T06:38:30.166Z] Error reading register 6507 for IP 10.30.4.128: A Modbus Exception Occurred - See Response Body
[2024-12-10T06:38:30.167Z] Error reading actual data: A Modbus Exception Occurred - See Response Body
[2024-12-10T06:38:30.168Z] Error writing to Modbus register: A Modbus Exception Occurred - See Response Body
[2024-12-10T06:38:31.165Z] Error reading or processing Modbus registers: A Modbus Exception Occurred - See Response Body
[2024-12-10T06:38:31.168Z] Error reading register 6507 for IP 10.30.4.128: A Modbus Exception Occurred - See Response Body
[2024-12-10T06:38:31.168Z] Error reading actual data: A Modbus Exception Occurred - See Response Body
[2024-12-10T06:38:31.169Z] Error writing to Modbus register: A Modbus Exception Occurred - See Response Body
[2024-12-10T06:38:32.167Z] Error reading or processing Modbus registers: A Modbus Exception Occurred - See Response Body
[2024-12-10T06:38:32.170Z] Error reading register 6507 for IP 10.30.4.128: A Modbus Exception Occurred - See Response Body
[2024-12-10T06:38:32.171Z] Error reading actual data: A Modbus Exception Occurred - See Response Body
[2024-12-10T06:38:32.172Z] Error writing to Modbus register: A Modbus Exception Occurred - See Response Body
[2024-12-10T06:38:33.179Z] Error reading or processing Modbus registers: A Modbus Exception Occurred - See Response Body
[2024-12-10T06:38:33.182Z] Error reading register 6507 for IP 10.30.4.128: A Modbus Exception Occurred - See Response Body
[2024-12-10T06:38:33.182Z] Error reading actual data: A Modbus Exception Occurred - See Response Body
[2024-12-10T06:38:33.183Z] Error writing to Modbus register: A Modbus Exception Occurred - See Response Body
[2024-12-10T06:38:34.192Z] Error reading or processing Modbus registers: A Modbus Exception Occurred - See Response Body
[2024-12-10T06:38:34.194Z] Error reading register 6507 for IP 10.30.4.128: A Modbus Exception Occurred - See Response Body
[2024-12-10T06:38:34.195Z] Error reading actual data: A Modbus Exception Occurred - See Response Body
[2024-12-10T06:38:34.195Z] Error writing to Modbus register: A Modbus Exception Occurred - See Response Body
[2024-12-10T06:38:35.192Z] Error reading or processing Modbus registers: A Modbus Exception Occurred - See Response Body
[2024-12-10T06:38:35.195Z] Error reading register 6507 for IP 10.30.4.128: A Modbus Exception Occurred - See Response Body
[2024-12-10T06:38:35.196Z] Error reading actual data: A Modbus Exception Occurred - See Response Body
[2024-12-10T06:38:35.196Z] Error writing to Modbus register: A Modbus Exception Occurred - See Response Body
[2024-12-10T06:38:36.204Z] Error reading or processing Modbus registers: A Modbus Exception Occurred - See Response Body
[2024-12-10T06:38:36.208Z] Error reading register 6507 for IP 10.30.4.128: A Modbus Exception Occurred - See Response Body
[2024-12-10T06:38:36.209Z] Error reading actual data: A Modbus Exception Occurred - See Response Body
[2024-12-10T06:38:36.210Z] Error writing to Modbus register: A Modbus Exception Occurred - See Response Body
[2024-12-10T06:38:37.207Z] Error reading or processing Modbus registers: A Modbus Exception Occurred - See Response Body
[2024-12-10T06:38:37.210Z] Error reading register 6507 for IP 10.30.4.128: A Modbus Exception Occurred - See Response Body
[2024-12-10T06:38:37.210Z] Error reading actual data: A Modbus Exception Occurred - See Response Body
[2024-12-10T06:38:37.211Z] Error writing to Modbus register: A Modbus Exception Occurred - See Response Body
[2024-12-10T06:38:38.218Z] Error reading or processing Modbus registers: A Modbus Exception Occurred - See Response Body
[2024-12-10T06:38:38.220Z] Error reading register 6507 for IP 10.30.4.128: A Modbus Exception Occurred - See Response Body
[2024-12-10T06:38:38.221Z] Error reading actual data: A Modbus Exception Occurred - See Response Body
[2024-12-10T06:38:38.221Z] Error writing to Modbus register: A Modbus Exception Occurred - See Response Body
[2024-12-10T06:38:39.233Z] Error reading or processing Modbus registers: A Modbus Exception Occurred - See Response Body
[2024-12-10T06:38:39.235Z] Error reading register 6507 for IP 10.30.4.128: A Modbus Exception Occurred - See Response Body
[2024-12-10T06:38:39.236Z] Error reading actual data: A Modbus Exception Occurred - See Response Body
[2024-12-10T06:38:39.236Z] Error writing to Modbus register: A Modbus Exception Occurred - See Response Body
[2024-12-10T06:38:40.233Z] Error reading or processing Modbus registers: A Modbus Exception Occurred - See Response Body
[2024-12-10T06:38:40.235Z] Error reading register 6507 for IP 10.30.4.128: A Modbus Exception Occurred - See Response Body
[2024-12-10T06:38:40.236Z] Error reading actual data: A Modbus Exception Occurred - See Response Body
[2024-12-10T06:38:40.236Z] Error writing to Modbus register: A Modbus Exception Occurred - See Response Body
[2024-12-10T06:38:41.233Z] Error reading or processing Modbus registers: A Modbus Exception Occurred - See Response Body
[2024-12-10T06:38:41.235Z] Error reading register 6507 for IP 10.30.4.128: A Modbus Exception Occurred - See Response Body
[2024-12-10T06:38:41.236Z] Error reading actual data: A Modbus Exception Occurred - See Response Body
[2024-12-10T06:38:41.237Z] Error writing to Modbus register: A Modbus Exception Occurred - See Response Body
[2024-12-10T06:38:42.232Z] Error reading or processing Modbus registers: A Modbus Exception Occurred - See Response Body
[2024-12-10T06:38:42.235Z] Error reading register 6507 for IP 10.30.4.128: A Modbus Exception Occurred - See Response Body
[2024-12-10T06:38:42.236Z] Error reading actual data: A Modbus Exception Occurred - See Response Body
[2024-12-10T06:38:42.236Z] Error writing to Modbus register: A Modbus Exception Occurred - See Response Body
[2024-12-10T06:38:43.243Z] Error reading or processing Modbus registers: A Modbus Exception Occurred - See Response Body
[2024-12-10T06:38:43.245Z] Error reading register 6507 for IP 10.30.4.128: A Modbus Exception Occurred - See Response Body
[2024-12-10T06:38:43.246Z] Error reading actual data: A Modbus Exception Occurred - See Response Body
[2024-12-10T06:38:43.247Z] Error writing to Modbus register: A Modbus Exception Occurred - See Response Body
[2024-12-10T06:38:44.245Z] Error reading or processing Modbus registers: A Modbus Exception Occurred - See Response Body
[2024-12-10T06:38:44.247Z] Error reading register 6507 for IP 10.30.4.128: A Modbus Exception Occurred - See Response Body
[2024-12-10T06:38:44.248Z] Error reading actual data: A Modbus Exception Occurred - See Response Body
[2024-12-10T06:38:44.248Z] Error writing to Modbus register: A Modbus Exception Occurred - See Response Body
[2024-12-10T06:38:45.246Z] Error reading or processing Modbus registers: A Modbus Exception Occurred - See Response Body
[2024-12-10T06:38:45.248Z] Error reading register 6507 for IP 10.30.4.128: A Modbus Exception Occurred - See Response Body
[2024-12-10T06:38:45.249Z] Error reading actual data: A Modbus Exception Occurred - See Response Body
[2024-12-10T06:38:45.249Z] Error writing to Modbus register: A Modbus Exception Occurred - See Response Body
[2024-12-10T06:38:46.257Z] Error reading or processing Modbus registers: A Modbus Exception Occurred - See Response Body
[2024-12-10T06:38:46.259Z] Error reading register 6507 for IP 10.30.4.128: A Modbus Exception Occurred - See Response Body
[2024-12-10T06:38:46.260Z] Error reading actual data: A Modbus Exception Occurred - See Response Body
[2024-12-10T06:38:46.262Z] Error writing to Modbus register: A Modbus Exception Occurred - See Response Body
[2024-12-10T06:38:47.259Z] Error reading or processing Modbus registers: A Modbus Exception Occurred - See Response Body
[2024-12-10T06:38:47.261Z] Error reading register 6507 for IP 10.30.4.128: A Modbus Exception Occurred - See Response Body
[2024-12-10T06:38:47.262Z] Error reading actual data: A Modbus Exception Occurred - See Response Body
[2024-12-10T06:38:47.262Z] Error writing to Modbus register: A Modbus Exception Occurred - See Response Body
[2024-12-10T06:38:48.261Z] Error reading or processing Modbus registers: A Modbus Exception Occurred - See Response Body
[2024-12-10T06:38:48.263Z] Error reading register 6507 for IP 10.30.4.128: A Modbus Exception Occurred - See Response Body
[2024-12-10T06:38:48.264Z] Error reading actual data: A Modbus Exception Occurred - See Response Body
[2024-12-10T06:38:48.264Z] Error writing to Modbus register: A Modbus Exception Occurred - See Response Body
[2024-12-10T06:38:49.262Z] Error reading or processing Modbus registers: A Modbus Exception Occurred - See Response Body
[2024-12-10T06:38:49.264Z] Error reading register 6507 for IP 10.30.4.128: A Modbus Exception Occurred - See Response Body
[2024-12-10T06:38:49.264Z] Error reading actual data: A Modbus Exception Occurred - See Response Body
[2024-12-10T06:38:49.265Z] Error writing to Modbus register: A Modbus Exception Occurred - See Response Body
[2024-12-10T06:38:50.263Z] Error reading or processing Modbus registers: A Modbus Exception Occurred - See Response Body
[2024-12-10T06:38:50.265Z] Error reading register 6507 for IP 10.30.4.128: A Modbus Exception Occurred - See Response Body
[2024-12-10T06:38:50.266Z] Error reading actual data: A Modbus Exception Occurred - See Response Body
[2024-12-10T06:38:50.266Z] Error writing to Modbus register: A Modbus Exception Occurred - See Response Body
[2024-12-10T06:38:51.274Z] Error reading or processing Modbus registers: A Modbus Exception Occurred - See Response Body
[2024-12-10T06:38:51.277Z] Error reading register 6507 for IP 10.30.4.128: A Modbus Exception Occurred - See Response Body
[2024-12-10T06:38:51.278Z] Error reading actual data: A Modbus Exception Occurred - See Response Body
[2024-12-10T06:38:51.279Z] Error writing to Modbus register: A Modbus Exception Occurred - See Response Body
[2024-12-10T06:38:52.287Z] Error reading or processing Modbus registers: A Modbus Exception Occurred - See Response Body
[2024-12-10T06:38:52.289Z] Error reading register 6507 for IP 10.30.4.128: A Modbus Exception Occurred - See Response Body
[2024-12-10T06:38:52.290Z] Error reading actual data: A Modbus Exception Occurred - See Response Body
[2024-12-10T06:38:52.290Z] Error writing to Modbus register: A Modbus Exception Occurred - See Response Body
[2024-12-10T06:38:53.289Z] Error reading or processing Modbus registers: A Modbus Exception Occurred - See Response Body
[2024-12-10T06:38:53.291Z] Error reading register 6507 for IP 10.30.4.128: A Modbus Exception Occurred - See Response Body
[2024-12-10T06:38:53.292Z] Error reading actual data: A Modbus Exception Occurred - See Response Body
[2024-12-10T06:38:53.292Z] Error writing to Modbus register: A Modbus Exception Occurred - See Response Body
[2024-12-10T06:38:54.289Z] Error reading or processing Modbus registers: A Modbus Exception Occurred - See Response Body
[2024-12-10T06:38:54.291Z] Error reading register 6507 for IP 10.30.4.128: A Modbus Exception Occurred - See Response Body
[2024-12-10T06:38:54.292Z] Error reading actual data: A Modbus Exception Occurred - See Response Body
[2024-12-10T06:38:54.292Z] Error writing to Modbus register: A Modbus Exception Occurred - See Response Body
[2024-12-10T06:38:55.302Z] Error reading or processing Modbus registers: A Modbus Exception Occurred - See Response Body
[2024-12-10T06:38:55.305Z] Error reading register 6507 for IP 10.30.4.128: A Modbus Exception Occurred - See Response Body
[2024-12-10T06:38:55.306Z] Error reading actual data: A Modbus Exception Occurred - See Response Body
[2024-12-10T06:38:55.306Z] Error writing to Modbus register: A Modbus Exception Occurred - See Response Body
[2024-12-10T06:38:56.315Z] Error reading or processing Modbus registers: A Modbus Exception Occurred - See Response Body
[2024-12-10T06:38:56.317Z] Error reading register 6507 for IP 10.30.4.128: A Modbus Exception Occurred - See Response Body
[2024-12-10T06:38:56.318Z] Error reading actual data: A Modbus Exception Occurred - See Response Body
[2024-12-10T06:38:56.318Z] Error writing to Modbus register: A Modbus Exception Occurred - See Response Body
[2024-12-10T06:38:57.330Z] Error reading or processing Modbus registers: A Modbus Exception Occurred - See Response Body
[2024-12-10T06:38:57.332Z] Error reading register 6507 for IP 10.30.4.128: A Modbus Exception Occurred - See Response Body
[2024-12-10T06:38:57.333Z] Error reading actual data: A Modbus Exception Occurred - See Response Body
[2024-12-10T06:38:57.334Z] Error writing to Modbus register: A Modbus Exception Occurred - See Response Body
[2024-12-10T06:38:58.344Z] Error reading or processing Modbus registers: A Modbus Exception Occurred - See Response Body
[2024-12-10T06:38:58.346Z] Error reading register 6507 for IP 10.30.4.128: A Modbus Exception Occurred - See Response Body
[2024-12-10T06:38:58.347Z] Error reading actual data: A Modbus Exception Occurred - See Response Body
[2024-12-10T06:38:58.349Z] Error writing to Modbus register: A Modbus Exception Occurred - See Response Body
[2024-12-10T06:38:59.358Z] Error reading or processing Modbus registers: A Modbus Exception Occurred - See Response Body
[2024-12-10T06:38:59.361Z] Error reading register 6507 for IP 10.30.4.128: A Modbus Exception Occurred - See Response Body
[2024-12-10T06:38:59.361Z] Error reading actual data: A Modbus Exception Occurred - See Response Body
[2024-12-10T06:38:59.362Z] Error writing to Modbus register: A Modbus Exception Occurred - See Response Body
[2024-12-10T06:39:00.375Z] Error reading or processing Modbus registers: A Modbus Exception Occurred - See Response Body
[2024-12-10T06:39:00.377Z] Error reading register 6507 for IP 10.30.4.128: A Modbus Exception Occurred - See Response Body
[2024-12-10T06:39:00.378Z] Error reading actual data: A Modbus Exception Occurred - See Response Body
[2024-12-10T06:39:00.379Z] Error writing to Modbus register: A Modbus Exception Occurred - See Response Body
[2024-12-10T06:39:01.388Z] Error reading or processing Modbus registers: A Modbus Exception Occurred - See Response Body
[2024-12-10T06:39:01.391Z] Error reading register 6507 for IP 10.30.4.128: A Modbus Exception Occurred - See Response Body
[2024-12-10T06:39:01.392Z] Error reading actual data: A Modbus Exception Occurred - See Response Body
[2024-12-10T06:39:01.392Z] Error writing to Modbus register: A Modbus Exception Occurred - See Response Body
[2024-12-10T06:39:02.403Z] Error reading or processing Modbus registers: A Modbus Exception Occurred - See Response Body
[2024-12-10T06:39:02.406Z] Error reading register 6507 for IP 10.30.4.128: A Modbus Exception Occurred - See Response Body
[2024-12-10T06:39:02.406Z] Error reading actual data: A Modbus Exception Occurred - See Response Body
[2024-12-10T06:39:02.407Z] Error writing to Modbus register: A Modbus Exception Occurred - See Response Body
[2024-12-10T06:39:03.417Z] Error reading or processing Modbus registers: A Modbus Exception Occurred - See Response Body
[2024-12-10T06:39:03.420Z] Error reading register 6507 for IP 10.30.4.128: A Modbus Exception Occurred - See Response Body
[2024-12-10T06:39:03.420Z] Error reading actual data: A Modbus Exception Occurred - See Response Body
[2024-12-10T06:39:03.421Z] Error writing to Modbus register: A Modbus Exception Occurred - See Response Body
[2024-12-10T06:39:04.432Z] Error reading or processing Modbus registers: A Modbus Exception Occurred - See Response Body
[2024-12-10T06:39:04.434Z] Error reading register 6507 for IP 10.30.4.128: A Modbus Exception Occurred - See Response Body
[2024-12-10T06:39:04.435Z] Error reading actual data: A Modbus Exception Occurred - See Response Body
[2024-12-10T06:39:04.435Z] Error writing to Modbus register: A Modbus Exception Occurred - See Response Body
[2024-12-10T06:39:05.446Z] Error reading or processing Modbus registers: A Modbus Exception Occurred - See Response Body
[2024-12-10T06:39:05.448Z] Error reading register 6507 for IP 10.30.4.128: A Modbus Exception Occurred - See Response Body
[2024-12-10T06:39:05.449Z] Error reading actual data: A Modbus Exception Occurred - See Response Body
[2024-12-10T06:39:05.450Z] Error writing to Modbus register: A Modbus Exception Occurred - See Response Body
[2024-12-10T06:39:06.457Z] Error reading or processing Modbus registers: A Modbus Exception Occurred - See Response Body
[2024-12-10T06:39:06.459Z] Error reading register 6507 for IP 10.30.4.128: A Modbus Exception Occurred - See Response Body
[2024-12-10T06:39:06.460Z] Error reading actual data: A Modbus Exception Occurred - See Response Body
[2024-12-10T06:39:06.460Z] Error writing to Modbus register: A Modbus Exception Occurred - See Response Body
[2024-12-10T06:39:07.473Z] Error reading or processing Modbus registers: A Modbus Exception Occurred - See Response Body
[2024-12-10T06:39:07.475Z] Error reading register 6507 for IP 10.30.4.128: A Modbus Exception Occurred - See Response Body
[2024-12-10T06:39:07.476Z] Error reading actual data: A Modbus Exception Occurred - See Response Body
[2024-12-10T06:39:07.476Z] Error writing to Modbus register: A Modbus Exception Occurred - See Response Body
[2024-12-10T06:39:08.487Z] Error reading or processing Modbus registers: A Modbus Exception Occurred - See Response Body
[2024-12-10T06:39:08.489Z] Error reading register 6507 for IP 10.30.4.128: A Modbus Exception Occurred - See Response Body
[2024-12-10T06:39:08.490Z] Error reading actual data: A Modbus Exception Occurred - See Response Body
[2024-12-10T06:39:08.490Z] Error writing to Modbus register: A Modbus Exception Occurred - See Response Body
[2024-12-10T06:39:09.489Z] Error reading or processing Modbus registers: A Modbus Exception Occurred - See Response Body
[2024-12-10T06:39:09.491Z] Error reading register 6507 for IP 10.30.4.128: A Modbus Exception Occurred - See Response Body
[2024-12-10T06:39:09.492Z] Error reading actual data: A Modbus Exception Occurred - See Response Body
[2024-12-10T06:39:09.492Z] Error writing to Modbus register: A Modbus Exception Occurred - See Response Body
[2024-12-10T06:39:10.491Z] Error reading or processing Modbus registers: A Modbus Exception Occurred - See Response Body
[2024-12-10T06:39:10.493Z] Error reading register 6507 for IP 10.30.4.128: A Modbus Exception Occurred - See Response Body
[2024-12-10T06:39:10.494Z] Error reading actual data: A Modbus Exception Occurred - See Response Body
[2024-12-10T06:39:10.494Z] Error writing to Modbus register: A Modbus Exception Occurred - See Response Body
[2024-12-10T06:39:11.504Z] Error reading or processing Modbus registers: A Modbus Exception Occurred - See Response Body
[2024-12-10T06:39:11.507Z] Error reading register 6507 for IP 10.30.4.128: A Modbus Exception Occurred - See Response Body
[2024-12-10T06:39:11.508Z] Error reading actual data: A Modbus Exception Occurred - See Response Body
[2024-12-10T06:39:11.509Z] Error writing to Modbus register: A Modbus Exception Occurred - See Response Body
[2024-12-10T06:39:12.505Z] Error reading or processing Modbus registers: A Modbus Exception Occurred - See Response Body
[2024-12-10T06:39:12.508Z] Error reading register 6507 for IP 10.30.4.128: A Modbus Exception Occurred - See Response Body
[2024-12-10T06:39:12.508Z] Error reading actual data: A Modbus Exception Occurred - See Response Body
[2024-12-10T06:39:12.509Z] Error writing to Modbus register: A Modbus Exception Occurred - See Response Body
[2024-12-10T06:39:13.518Z] Error reading or processing Modbus registers: A Modbus Exception Occurred - See Response Body
[2024-12-10T06:39:13.521Z] Error reading register 6507 for IP 10.30.4.128: A Modbus Exception Occurred - See Response Body
[2024-12-10T06:39:13.521Z] Error reading actual data: A Modbus Exception Occurred - See Response Body
[2024-12-10T06:39:13.522Z] Error writing to Modbus register: A Modbus Exception Occurred - See Response Body
[2024-12-10T06:39:14.532Z] Error reading or processing Modbus registers: A Modbus Exception Occurred - See Response Body
[2024-12-10T06:39:14.535Z] Error reading register 6507 for IP 10.30.4.128: A Modbus Exception Occurred - See Response Body
[2024-12-10T06:39:14.536Z] Error reading actual data: A Modbus Exception Occurred - See Response Body
[2024-12-10T06:39:14.536Z] Error writing to Modbus register: A Modbus Exception Occurred - See Response Body
[2024-12-10T06:39:15.546Z] Error reading or processing Modbus registers: A Modbus Exception Occurred - See Response Body
[2024-12-10T06:39:15.549Z] Error reading register 6507 for IP 10.30.4.128: A Modbus Exception Occurred - See Response Body
[2024-12-10T06:39:15.549Z] Error reading actual data: A Modbus Exception Occurred - See Response Body
[2024-12-10T06:39:15.550Z] Error writing to Modbus register: A Modbus Exception Occurred - See Response Body
[2024-12-10T06:39:16.548Z] Error reading or processing Modbus registers: A Modbus Exception Occurred - See Response Body
[2024-12-10T06:39:16.551Z] Error reading register 6507 for IP 10.30.4.128: A Modbus Exception Occurred - See Response Body
[2024-12-10T06:39:16.551Z] Error reading actual data: A Modbus Exception Occurred - See Response Body
[2024-12-10T06:39:16.552Z] Error writing to Modbus register: A Modbus Exception Occurred - See Response Body
[2024-12-10T06:39:17.563Z] Error reading or processing Modbus registers: A Modbus Exception Occurred - See Response Body
[2024-12-10T06:39:17.566Z] Error reading register 6507 for IP 10.30.4.128: A Modbus Exception Occurred - See Response Body
[2024-12-10T06:39:17.566Z] Error reading actual data: A Modbus Exception Occurred - See Response Body
[2024-12-10T06:39:17.567Z] Error writing to Modbus register: A Modbus Exception Occurred - See Response Body
[2024-12-10T06:39:18.578Z] Error reading or processing Modbus registers: A Modbus Exception Occurred - See Response Body
[2024-12-10T06:39:18.581Z] Error reading register 6507 for IP 10.30.4.128: A Modbus Exception Occurred - See Response Body
[2024-12-10T06:39:18.582Z] Error reading actual data: A Modbus Exception Occurred - See Response Body
[2024-12-10T06:39:18.582Z] Error writing to Modbus register: A Modbus Exception Occurred - See Response Body
[2024-12-10T06:39:19.592Z] Error reading or processing Modbus registers: A Modbus Exception Occurred - See Response Body
[2024-12-10T06:39:19.595Z] Error reading register 6507 for IP 10.30.4.128: A Modbus Exception Occurred - See Response Body
[2024-12-10T06:39:19.596Z] Error reading actual data: A Modbus Exception Occurred - See Response Body
[2024-12-10T06:39:19.596Z] Error writing to Modbus register: A Modbus Exception Occurred - See Response Body
[2024-12-10T06:39:20.606Z] Error reading or processing Modbus registers: A Modbus Exception Occurred - See Response Body
[2024-12-10T06:39:20.609Z] Error reading actual data: A Modbus Exception Occurred - See Response Body
[2024-12-10T06:39:20.609Z] Error reading register 6507 for IP 10.30.4.128: A Modbus Exception Occurred - See Response Body
[2024-12-10T06:39:20.610Z] Error writing to Modbus register: A Modbus Exception Occurred - See Response Body
[2024-12-10T06:39:21.621Z] Error reading or processing Modbus registers: A Modbus Exception Occurred - See Response Body
[2024-12-10T06:39:21.623Z] Error reading register 6507 for IP 10.30.4.128: A Modbus Exception Occurred - See Response Body
[2024-12-10T06:39:21.624Z] Error reading actual data: A Modbus Exception Occurred - See Response Body
[2024-12-10T06:39:21.625Z] Error writing to Modbus register: A Modbus Exception Occurred - See Response Body
[2024-12-10T06:39:22.623Z] Error reading or processing Modbus registers: A Modbus Exception Occurred - See Response Body
[2024-12-10T06:39:22.625Z] Error reading register 6507 for IP 10.30.4.128: A Modbus Exception Occurred - See Response Body
[2024-12-10T06:39:22.626Z] Error reading actual data: A Modbus Exception Occurred - See Response Body
[2024-12-10T06:39:22.626Z] Error writing to Modbus register: A Modbus Exception Occurred - See Response Body
[2024-12-10T06:39:23.626Z] Error reading or processing Modbus registers: A Modbus Exception Occurred - See Response Body
[2024-12-10T06:39:23.628Z] Error reading register 6507 for IP 10.30.4.128: A Modbus Exception Occurred - See Response Body
[2024-12-10T06:39:23.629Z] Error reading actual data: A Modbus Exception Occurred - See Response Body
[2024-12-10T06:39:23.629Z] Error writing to Modbus register: A Modbus Exception Occurred - See Response Body
[2024-12-10T06:39:24.635Z] Error reading or processing Modbus registers: A Modbus Exception Occurred - See Response Body
[2024-12-10T06:39:24.637Z] Error reading register 6507 for IP 10.30.4.128: A Modbus Exception Occurred - See Response Body
[2024-12-10T06:39:24.638Z] Error reading actual data: A Modbus Exception Occurred - See Response Body
[2024-12-10T06:39:24.638Z] Error writing to Modbus register: A Modbus Exception Occurred - See Response Body
[2024-12-10T06:39:25.650Z] Error reading or processing Modbus registers: A Modbus Exception Occurred - See Response Body
[2024-12-10T06:39:25.653Z] Error reading register 6507 for IP 10.30.4.128: A Modbus Exception Occurred - See Response Body
[2024-12-10T06:39:25.653Z] Error reading actual data: A Modbus Exception Occurred - See Response Body
[2024-12-10T06:39:25.654Z] Error writing to Modbus register: A Modbus Exception Occurred - See Response Body
[2024-12-10T06:39:26.651Z] Error reading or processing Modbus registers: A Modbus Exception Occurred - See Response Body
[2024-12-10T06:39:26.653Z] Error reading register 6507 for IP 10.30.4.128: A Modbus Exception Occurred - See Response Body
[2024-12-10T06:39:26.654Z] Error reading actual data: A Modbus Exception Occurred - See Response Body
[2024-12-10T06:39:26.654Z] Error writing to Modbus register: A Modbus Exception Occurred - See Response Body
[2024-12-10T06:39:27.664Z] Error reading or processing Modbus registers: A Modbus Exception Occurred - See Response Body
[2024-12-10T06:39:27.669Z] Error reading register 6507 for IP 10.30.4.128: A Modbus Exception Occurred - See Response Body
[2024-12-10T06:39:27.670Z] Error reading actual data: A Modbus Exception Occurred - See Response Body
[2024-12-10T06:39:27.671Z] Error writing to Modbus register: A Modbus Exception Occurred - See Response Body
[2024-12-10T06:39:28.677Z] Error reading or processing Modbus registers: A Modbus Exception Occurred - See Response Body
[2024-12-10T06:39:28.680Z] Error reading register 6507 for IP 10.30.4.128: A Modbus Exception Occurred - See Response Body
[2024-12-10T06:39:28.680Z] Error reading actual data: A Modbus Exception Occurred - See Response Body
[2024-12-10T06:39:28.681Z] Error writing to Modbus register: A Modbus Exception Occurred - See Response Body
[2024-12-10T06:39:29.680Z] Error reading or processing Modbus registers: A Modbus Exception Occurred - See Response Body
[2024-12-10T06:39:29.682Z] Error reading register 6507 for IP 10.30.4.128: A Modbus Exception Occurred - See Response Body
[2024-12-10T06:39:29.683Z] Error reading actual data: A Modbus Exception Occurred - See Response Body
[2024-12-10T06:39:29.683Z] Error writing to Modbus register: A Modbus Exception Occurred - See Response Body
[2024-12-10T06:39:30.695Z] Error reading or processing Modbus registers: A Modbus Exception Occurred - See Response Body
[2024-12-10T06:39:30.698Z] Error reading register 6507 for IP 10.30.4.128: A Modbus Exception Occurred - See Response Body
[2024-12-10T06:39:30.698Z] Error reading actual data: A Modbus Exception Occurred - See Response Body
[2024-12-10T06:39:30.699Z] Error writing to Modbus register: A Modbus Exception Occurred - See Response Body
[2024-12-10T06:39:31.707Z] Error reading or processing Modbus registers: A Modbus Exception Occurred - See Response Body
[2024-12-10T06:39:31.710Z] Error reading register 6507 for IP 10.30.4.128: A Modbus Exception Occurred - See Response Body
[2024-12-10T06:39:31.711Z] Error reading actual data: A Modbus Exception Occurred - See Response Body
[2024-12-10T06:39:31.711Z] Error writing to Modbus register: A Modbus Exception Occurred - See Response Body
[2024-12-10T06:39:32.722Z] Error reading or processing Modbus registers: A Modbus Exception Occurred - See Response Body
[2024-12-10T06:39:32.725Z] Error reading register 6507 for IP 10.30.4.128: A Modbus Exception Occurred - See Response Body
[2024-12-10T06:39:32.726Z] Error reading actual data: A Modbus Exception Occurred - See Response Body
[2024-12-10T06:39:32.726Z] Error writing to Modbus register: A Modbus Exception Occurred - See Response Body
[2024-12-10T06:39:33.737Z] Error reading or processing Modbus registers: A Modbus Exception Occurred - See Response Body
[2024-12-10T06:39:33.739Z] Error reading register 6507 for IP 10.30.4.128: A Modbus Exception Occurred - See Response Body
[2024-12-10T06:39:33.740Z] Error reading actual data: A Modbus Exception Occurred - See Response Body
[2024-12-10T06:39:33.740Z] Error writing to Modbus register: A Modbus Exception Occurred - See Response Body
[2024-12-10T06:39:34.752Z] Error reading or processing Modbus registers: A Modbus Exception Occurred - See Response Body
[2024-12-10T06:39:34.754Z] Error reading register 6507 for IP 10.30.4.128: A Modbus Exception Occurred - See Response Body
[2024-12-10T06:39:34.755Z] Error reading actual data: A Modbus Exception Occurred - See Response Body
[2024-12-10T06:39:34.756Z] Error writing to Modbus register: A Modbus Exception Occurred - See Response Body
[2024-12-10T06:39:35.766Z] Error reading or processing Modbus registers: A Modbus Exception Occurred - See Response Body
[2024-12-10T06:39:35.769Z] Error reading register 6507 for IP 10.30.4.128: A Modbus Exception Occurred - See Response Body
[2024-12-10T06:39:35.770Z] Error reading actual data: A Modbus Exception Occurred - See Response Body
[2024-12-10T06:39:35.770Z] Error writing to Modbus register: A Modbus Exception Occurred - See Response Body
[2024-12-10T06:39:36.768Z] Error reading or processing Modbus registers: A Modbus Exception Occurred - See Response Body
[2024-12-10T06:39:36.770Z] Error reading register 6507 for IP 10.30.4.128: A Modbus Exception Occurred - See Response Body
[2024-12-10T06:39:36.771Z] Error reading actual data: A Modbus Exception Occurred - See Response Body
[2024-12-10T06:39:36.772Z] Error writing to Modbus register: A Modbus Exception Occurred - See Response Body
[2024-12-10T06:39:37.783Z] Error reading or processing Modbus registers: A Modbus Exception Occurred - See Response Body
[2024-12-10T06:39:37.786Z] Error reading register 6507 for IP 10.30.4.128: A Modbus Exception Occurred - See Response Body
[2024-12-10T06:39:37.790Z] Error reading actual data: A Modbus Exception Occurred - See Response Body
[2024-12-10T06:39:37.790Z] Error writing to Modbus register: A Modbus Exception Occurred - See Response Body
[2024-12-10T06:39:38.797Z] Error reading or processing Modbus registers: A Modbus Exception Occurred - See Response Body
[2024-12-10T06:39:38.799Z] Error reading register 6507 for IP 10.30.4.128: A Modbus Exception Occurred - See Response Body
[2024-12-10T06:39:38.799Z] Error reading actual data: A Modbus Exception Occurred - See Response Body
[2024-12-10T06:39:38.800Z] Error writing to Modbus register: A Modbus Exception Occurred - See Response Body
[2024-12-10T06:39:39.810Z] Error reading or processing Modbus registers: A Modbus Exception Occurred - See Response Body
[2024-12-10T06:39:39.812Z] Error reading register 6507 for IP 10.30.4.128: A Modbus Exception Occurred - See Response Body
[2024-12-10T06:39:39.813Z] Error reading actual data: A Modbus Exception Occurred - See Response Body
[2024-12-10T06:39:39.813Z] Error writing to Modbus register: A Modbus Exception Occurred - See Response Body
[2024-12-10T06:39:40.815Z] Error reading or processing Modbus registers: A Modbus Exception Occurred - See Response Body
[2024-12-10T06:39:40.817Z] Error reading register 6507 for IP 10.30.4.128: A Modbus Exception Occurred - See Response Body
[2024-12-10T06:39:40.818Z] Error reading actual data: A Modbus Exception Occurred - See Response Body
[2024-12-10T06:39:40.818Z] Error writing to Modbus register: A Modbus Exception Occurred - See Response Body
[2024-12-10T06:39:41.816Z] Error reading or processing Modbus registers: A Modbus Exception Occurred - See Response Body
[2024-12-10T06:39:41.818Z] Error reading register 6507 for IP 10.30.4.128: A Modbus Exception Occurred - See Response Body
[2024-12-10T06:39:41.818Z] Error reading actual data: A Modbus Exception Occurred - See Response Body
[2024-12-10T06:39:41.819Z] Error writing to Modbus register: A Modbus Exception Occurred - See Response Body
[2024-12-10T06:39:42.818Z] Error reading or processing Modbus registers: A Modbus Exception Occurred - See Response Body
[2024-12-10T06:39:42.820Z] Error reading register 6507 for IP 10.30.4.128: A Modbus Exception Occurred - See Response Body
[2024-12-10T06:39:42.821Z] Error reading actual data: A Modbus Exception Occurred - See Response Body
[2024-12-10T06:39:42.821Z] Error writing to Modbus register: A Modbus Exception Occurred - See Response Body
[2024-12-10T06:39:43.820Z] Error reading or processing Modbus registers: A Modbus Exception Occurred - See Response Body
[2024-12-10T06:39:43.822Z] Error reading register 6507 for IP 10.30.4.128: A Modbus Exception Occurred - See Response Body
[2024-12-10T06:39:43.823Z] Error reading actual data: A Modbus Exception Occurred - See Response Body
[2024-12-10T06:39:43.824Z] Error writing to Modbus register: A Modbus Exception Occurred - See Response Body
[2024-12-10T06:39:44.820Z] Error reading or processing Modbus registers: A Modbus Exception Occurred - See Response Body
[2024-12-10T06:39:44.822Z] Error reading register 6507 for IP 10.30.4.128: A Modbus Exception Occurred - See Response Body
[2024-12-10T06:39:44.823Z] Error reading actual data: A Modbus Exception Occurred - See Response Body
[2024-12-10T06:39:44.824Z] Error writing to Modbus register: A Modbus Exception Occurred - See Response Body
[2024-12-10T06:39:45.833Z] Error reading or processing Modbus registers: A Modbus Exception Occurred - See Response Body
[2024-12-10T06:39:45.836Z] Error reading register 6507 for IP 10.30.4.128: A Modbus Exception Occurred - See Response Body
[2024-12-10T06:39:45.836Z] Error reading actual data: A Modbus Exception Occurred - See Response Body
[2024-12-10T06:39:45.837Z] Error writing to Modbus register: A Modbus Exception Occurred - See Response Body
[2024-12-10T06:39:46.835Z] Error reading or processing Modbus registers: A Modbus Exception Occurred - See Response Body
[2024-12-10T06:39:46.837Z] Error reading register 6507 for IP 10.30.4.128: A Modbus Exception Occurred - See Response Body
[2024-12-10T06:39:46.838Z] Error reading actual data: A Modbus Exception Occurred - See Response Body
[2024-12-10T06:39:46.839Z] Error writing to Modbus register: A Modbus Exception Occurred - See Response Body
[2024-12-10T06:39:47.838Z] Error reading or processing Modbus registers: A Modbus Exception Occurred - See Response Body
[2024-12-10T06:39:47.840Z] Error reading register 6507 for IP 10.30.4.128: A Modbus Exception Occurred - See Response Body
[2024-12-10T06:39:47.841Z] Error reading actual data: A Modbus Exception Occurred - See Response Body
[2024-12-10T06:39:47.842Z] Error writing to Modbus register: A Modbus Exception Occurred - See Response Body
[2024-12-10T06:39:48.842Z] Error reading or processing Modbus registers: A Modbus Exception Occurred - See Response Body
[2024-12-10T06:39:48.844Z] Error reading register 6507 for IP 10.30.4.128: A Modbus Exception Occurred - See Response Body
[2024-12-10T06:39:48.845Z] Error reading actual data: A Modbus Exception Occurred - See Response Body
[2024-12-10T06:39:48.845Z] Error writing to Modbus register: A Modbus Exception Occurred - See Response Body
[2024-12-10T06:39:49.856Z] Error reading or processing Modbus registers: A Modbus Exception Occurred - See Response Body
[2024-12-10T06:39:49.858Z] Error reading register 6507 for IP 10.30.4.128: A Modbus Exception Occurred - See Response Body
[2024-12-10T06:39:49.859Z] Error reading actual data: A Modbus Exception Occurred - See Response Body
[2024-12-10T06:39:49.859Z] Error writing to Modbus register: A Modbus Exception Occurred - See Response Body
[2024-12-10T06:39:50.868Z] Error reading or processing Modbus registers: A Modbus Exception Occurred - See Response Body
[2024-12-10T06:39:50.871Z] Error reading register 6507 for IP 10.30.4.128: A Modbus Exception Occurred - See Response Body
[2024-12-10T06:39:50.873Z] Error reading actual data: A Modbus Exception Occurred - See Response Body
[2024-12-10T06:39:50.874Z] Error writing to Modbus register: A Modbus Exception Occurred - See Response Body
[2024-12-10T06:39:51.883Z] Error reading or processing Modbus registers: A Modbus Exception Occurred - See Response Body
[2024-12-10T06:39:51.885Z] Error reading register 6507 for IP 10.30.4.128: A Modbus Exception Occurred - See Response Body
[2024-12-10T06:39:51.886Z] Error reading actual data: A Modbus Exception Occurred - See Response Body
[2024-12-10T06:39:51.886Z] Error writing to Modbus register: A Modbus Exception Occurred - See Response Body
[2024-12-10T06:39:52.896Z] Error reading or processing Modbus registers: A Modbus Exception Occurred - See Response Body
[2024-12-10T06:39:52.898Z] Error reading register 6507 for IP 10.30.4.128: A Modbus Exception Occurred - See Response Body
[2024-12-10T06:39:52.899Z] Error reading actual data: A Modbus Exception Occurred - See Response Body
[2024-12-10T06:39:52.899Z] Error writing to Modbus register: A Modbus Exception Occurred - See Response Body
[2024-12-10T06:39:53.896Z] Error reading or processing Modbus registers: A Modbus Exception Occurred - See Response Body
[2024-12-10T06:39:53.898Z] Error reading register 6507 for IP 10.30.4.128: A Modbus Exception Occurred - See Response Body
[2024-12-10T06:39:53.899Z] Error reading actual data: A Modbus Exception Occurred - See Response Body
[2024-12-10T06:39:53.900Z] Error writing to Modbus register: A Modbus Exception Occurred - See Response Body
[2024-12-10T06:39:54.908Z] Error reading or processing Modbus registers: A Modbus Exception Occurred - See Response Body
[2024-12-10T06:39:54.910Z] Error reading register 6507 for IP 10.30.4.128: A Modbus Exception Occurred - See Response Body
[2024-12-10T06:39:54.911Z] Error reading actual data: A Modbus Exception Occurred - See Response Body
[2024-12-10T06:39:54.912Z] Error writing to Modbus register: A Modbus Exception Occurred - See Response Body
[2024-12-10T06:39:55.911Z] Error reading or processing Modbus registers: A Modbus Exception Occurred - See Response Body
[2024-12-10T06:39:55.914Z] Error reading register 6507 for IP 10.30.4.128: A Modbus Exception Occurred - See Response Body
[2024-12-10T06:39:55.914Z] Error reading actual data: A Modbus Exception Occurred - See Response Body
[2024-12-10T06:39:55.915Z] Error writing to Modbus register: A Modbus Exception Occurred - See Response Body
[2024-12-10T06:39:56.926Z] Error reading or processing Modbus registers: A Modbus Exception Occurred - See Response Body
[2024-12-10T06:39:56.928Z] Error reading register 6507 for IP 10.30.4.128: A Modbus Exception Occurred - See Response Body
[2024-12-10T06:39:56.929Z] Error reading actual data: A Modbus Exception Occurred - See Response Body
[2024-12-10T06:39:56.929Z] Error writing to Modbus register: A Modbus Exception Occurred - See Response Body
[2024-12-10T06:39:57.938Z] Error reading or processing Modbus registers: A Modbus Exception Occurred - See Response Body
[2024-12-10T06:39:57.941Z] Error reading register 6507 for IP 10.30.4.128: A Modbus Exception Occurred - See Response Body
[2024-12-10T06:39:57.942Z] Error reading actual data: A Modbus Exception Occurred - See Response Body
[2024-12-10T06:39:57.942Z] Error writing to Modbus register: A Modbus Exception Occurred - See Response Body
[2024-12-10T06:39:58.941Z] Error reading or processing Modbus registers: A Modbus Exception Occurred - See Response Body
[2024-12-10T06:39:58.944Z] Error reading register 6507 for IP 10.30.4.128: A Modbus Exception Occurred - See Response Body
[2024-12-10T06:39:58.945Z] Error reading actual data: A Modbus Exception Occurred - See Response Body
[2024-12-10T06:39:58.946Z] Error writing to Modbus register: A Modbus Exception Occurred - See Response Body
[2024-12-10T06:39:59.956Z] Error reading or processing Modbus registers: A Modbus Exception Occurred - See Response Body
[2024-12-10T06:39:59.958Z] Error reading register 6507 for IP 10.30.4.128: A Modbus Exception Occurred - See Response Body
[2024-12-10T06:39:59.959Z] Error reading actual data: A Modbus Exception Occurred - See Response Body
[2024-12-10T06:39:59.960Z] Error writing to Modbus register: A Modbus Exception Occurred - See Response Body
[2024-12-10T06:40:00.968Z] Error reading or processing Modbus registers: A Modbus Exception Occurred - See Response Body
[2024-12-10T06:40:00.970Z] Error reading register 6507 for IP 10.30.4.128: A Modbus Exception Occurred - See Response Body
[2024-12-10T06:40:00.971Z] Error reading actual data: A Modbus Exception Occurred - See Response Body
[2024-12-10T06:40:00.971Z] Error writing to Modbus register: A Modbus Exception Occurred - See Response Body
[2024-12-10T06:40:01.983Z] Error reading or processing Modbus registers: A Modbus Exception Occurred - See Response Body
[2024-12-10T06:40:01.985Z] Error reading register 6507 for IP 10.30.4.128: A Modbus Exception Occurred - See Response Body
[2024-12-10T06:40:01.986Z] Error reading actual data: A Modbus Exception Occurred - See Response Body
[2024-12-10T06:40:01.986Z] Error writing to Modbus register: A Modbus Exception Occurred - See Response Body
[2024-12-10T06:40:02.995Z] Error reading or processing Modbus registers: A Modbus Exception Occurred - See Response Body
[2024-12-10T06:40:02.998Z] Error reading register 6507 for IP 10.30.4.128: A Modbus Exception Occurred - See Response Body
[2024-12-10T06:40:02.998Z] Error reading actual data: A Modbus Exception Occurred - See Response Body
[2024-12-10T06:40:02.999Z] Error writing to Modbus register: A Modbus Exception Occurred - See Response Body
[2024-12-10T06:40:03.996Z] Error reading or processing Modbus registers: A Modbus Exception Occurred - See Response Body
[2024-12-10T06:40:03.998Z] Error reading register 6507 for IP 10.30.4.128: A Modbus Exception Occurred - See Response Body
[2024-12-10T06:40:03.999Z] Error reading actual data: A Modbus Exception Occurred - See Response Body
[2024-12-10T06:40:03.999Z] Error writing to Modbus register: A Modbus Exception Occurred - See Response Body
[2024-12-10T06:40:05.008Z] Error reading or processing Modbus registers: A Modbus Exception Occurred - See Response Body
[2024-12-10T06:40:05.010Z] Error reading register 6507 for IP 10.30.4.128: A Modbus Exception Occurred - See Response Body
[2024-12-10T06:40:05.011Z] Error reading actual data: A Modbus Exception Occurred - See Response Body
[2024-12-10T06:40:05.011Z] Error writing to Modbus register: A Modbus Exception Occurred - See Response Body
[2024-12-10T06:40:06.022Z] Error reading or processing Modbus registers: A Modbus Exception Occurred - See Response Body
[2024-12-10T06:40:06.024Z] Error reading register 6507 for IP 10.30.4.128: A Modbus Exception Occurred - See Response Body
[2024-12-10T06:40:06.025Z] Error reading actual data: A Modbus Exception Occurred - See Response Body
[2024-12-10T06:40:06.025Z] Error writing to Modbus register: A Modbus Exception Occurred - See Response Body
[2024-12-10T06:40:07.036Z] Error reading or processing Modbus registers: A Modbus Exception Occurred - See Response Body
[2024-12-10T06:40:07.038Z] Error reading register 6507 for IP 10.30.4.128: A Modbus Exception Occurred - See Response Body
[2024-12-10T06:40:07.039Z] Error reading actual data: A Modbus Exception Occurred - See Response Body
[2024-12-10T06:40:07.039Z] Error writing to Modbus register: A Modbus Exception Occurred - See Response Body
[2024-12-10T06:40:08.050Z] Error reading or processing Modbus registers: A Modbus Exception Occurred - See Response Body
[2024-12-10T06:40:08.053Z] Error reading register 6507 for IP 10.30.4.128: A Modbus Exception Occurred - See Response Body
[2024-12-10T06:40:08.053Z] Error reading actual data: A Modbus Exception Occurred - See Response Body
[2024-12-10T06:40:08.054Z] Error writing to Modbus register: A Modbus Exception Occurred - See Response Body
[2024-12-10T06:40:09.054Z] Error reading or processing Modbus registers: A Modbus Exception Occurred - See Response Body
[2024-12-10T06:40:09.056Z] Error reading register 6507 for IP 10.30.4.128: A Modbus Exception Occurred - See Response Body
[2024-12-10T06:40:09.057Z] Error reading actual data: A Modbus Exception Occurred - See Response Body
[2024-12-10T06:40:09.058Z] Error writing to Modbus register: A Modbus Exception Occurred - See Response Body
[2024-12-10T06:40:10.056Z] Error reading or processing Modbus registers: A Modbus Exception Occurred - See Response Body
[2024-12-10T06:40:10.059Z] Error reading register 6507 for IP 10.30.4.128: A Modbus Exception Occurred - See Response Body
[2024-12-10T06:40:10.059Z] Error reading actual data: A Modbus Exception Occurred - See Response Body
[2024-12-10T06:40:10.060Z] Error writing to Modbus register: A Modbus Exception Occurred - See Response Body
[2024-12-10T06:40:11.059Z] Error reading or processing Modbus registers: A Modbus Exception Occurred - See Response Body
[2024-12-10T06:40:11.061Z] Error reading register 6507 for IP 10.30.4.128: A Modbus Exception Occurred - See Response Body
[2024-12-10T06:40:11.062Z] Error reading actual data: A Modbus Exception Occurred - See Response Body
[2024-12-10T06:40:11.062Z] Error writing to Modbus register: A Modbus Exception Occurred - See Response Body
[2024-12-10T06:40:12.072Z] Error reading or processing Modbus registers: A Modbus Exception Occurred - See Response Body
[2024-12-10T06:40:12.074Z] Error reading register 6507 for IP 10.30.4.128: A Modbus Exception Occurred - See Response Body
[2024-12-10T06:40:12.075Z] Error reading actual data: A Modbus Exception Occurred - See Response Body
[2024-12-10T06:40:12.076Z] Error writing to Modbus register: A Modbus Exception Occurred - See Response Body
[2024-12-10T06:40:13.086Z] Error reading or processing Modbus registers: A Modbus Exception Occurred - See Response Body
[2024-12-10T06:40:13.089Z] Error reading register 6507 for IP 10.30.4.128: A Modbus Exception Occurred - See Response Body
[2024-12-10T06:40:13.090Z] Error reading actual data: A Modbus Exception Occurred - See Response Body
[2024-12-10T06:40:13.091Z] Error writing to Modbus register: A Modbus Exception Occurred - See Response Body
[2024-12-10T06:40:14.086Z] Error reading or processing Modbus registers: A Modbus Exception Occurred - See Response Body
[2024-12-10T06:40:14.089Z] Error reading register 6507 for IP 10.30.4.128: A Modbus Exception Occurred - See Response Body
[2024-12-10T06:40:14.090Z] Error reading actual data: A Modbus Exception Occurred - See Response Body
[2024-12-10T06:40:14.090Z] Error writing to Modbus register: A Modbus Exception Occurred - See Response Body
[2024-12-10T06:40:15.087Z] Error reading or processing Modbus registers: A Modbus Exception Occurred - See Response Body
[2024-12-10T06:40:15.089Z] Error reading register 6507 for IP 10.30.4.128: A Modbus Exception Occurred - See Response Body
[2024-12-10T06:40:15.090Z] Error reading actual data: A Modbus Exception Occurred - See Response Body
[2024-12-10T06:40:15.091Z] Error writing to Modbus register: A Modbus Exception Occurred - See Response Body
[2024-12-10T06:40:16.099Z] Error reading or processing Modbus registers: A Modbus Exception Occurred - See Response Body
[2024-12-10T06:40:16.102Z] Error reading register 6507 for IP 10.30.4.128: A Modbus Exception Occurred - See Response Body
[2024-12-10T06:40:16.103Z] Error reading actual data: A Modbus Exception Occurred - See Response Body
[2024-12-10T06:40:16.104Z] Error writing to Modbus register: A Modbus Exception Occurred - See Response Body
[2024-12-10T06:40:17.114Z] Error reading or processing Modbus registers: A Modbus Exception Occurred - See Response Body
[2024-12-10T06:40:17.116Z] Error reading register 6507 for IP 10.30.4.128: A Modbus Exception Occurred - See Response Body
[2024-12-10T06:40:17.117Z] Error reading actual data: A Modbus Exception Occurred - See Response Body
[2024-12-10T06:40:17.117Z] Error writing to Modbus register: A Modbus Exception Occurred - See Response Body
[2024-12-10T06:40:18.114Z] Error reading or processing Modbus registers: A Modbus Exception Occurred - See Response Body
[2024-12-10T06:40:18.117Z] Error reading register 6507 for IP 10.30.4.128: A Modbus Exception Occurred - See Response Body
[2024-12-10T06:40:18.118Z] Error reading actual data: A Modbus Exception Occurred - See Response Body
[2024-12-10T06:40:18.119Z] Error writing to Modbus register: A Modbus Exception Occurred - See Response Body
[2024-12-10T06:40:19.115Z] Error reading or processing Modbus registers: A Modbus Exception Occurred - See Response Body
[2024-12-10T06:40:19.118Z] Error reading register 6507 for IP 10.30.4.128: A Modbus Exception Occurred - See Response Body
[2024-12-10T06:40:19.118Z] Error reading actual data: A Modbus Exception Occurred - See Response Body
[2024-12-10T06:40:19.119Z] Error writing to Modbus register: A Modbus Exception Occurred - See Response Body
[2024-12-10T06:40:20.116Z] Error reading or processing Modbus registers: A Modbus Exception Occurred - See Response Body
[2024-12-10T06:40:20.119Z] Error reading register 6507 for IP 10.30.4.128: A Modbus Exception Occurred - See Response Body
[2024-12-10T06:40:20.120Z] Error reading actual data: A Modbus Exception Occurred - See Response Body
[2024-12-10T06:40:20.120Z] Error writing to Modbus register: A Modbus Exception Occurred - See Response Body
[2024-12-10T06:40:21.119Z] Error reading or processing Modbus registers: A Modbus Exception Occurred - See Response Body
[2024-12-10T06:40:21.121Z] Error reading register 6507 for IP 10.30.4.128: A Modbus Exception Occurred - See Response Body
[2024-12-10T06:40:21.122Z] Error reading actual data: A Modbus Exception Occurred - See Response Body
[2024-12-10T06:40:21.123Z] Error writing to Modbus register: A Modbus Exception Occurred - See Response Body
[2024-12-10T06:40:22.119Z] Error reading or processing Modbus registers: A Modbus Exception Occurred - See Response Body
[2024-12-10T06:40:22.121Z] Error reading register 6507 for IP 10.30.4.128: A Modbus Exception Occurred - See Response Body
[2024-12-10T06:40:22.122Z] Error reading actual data: A Modbus Exception Occurred - See Response Body
[2024-12-10T06:40:22.123Z] Error writing to Modbus register: A Modbus Exception Occurred - See Response Body
[2024-12-10T06:40:23.133Z] Error reading or processing Modbus registers: A Modbus Exception Occurred - See Response Body
[2024-12-10T06:40:23.135Z] Error reading register 6507 for IP 10.30.4.128: A Modbus Exception Occurred - See Response Body
[2024-12-10T06:40:23.136Z] Error reading actual data: A Modbus Exception Occurred - See Response Body
[2024-12-10T06:40:23.137Z] Error writing to Modbus register: A Modbus Exception Occurred - See Response Body
[2024-12-10T06:40:24.145Z] Error reading or processing Modbus registers: A Modbus Exception Occurred - See Response Body
[2024-12-10T06:40:24.148Z] Error reading register 6507 for IP 10.30.4.128: A Modbus Exception Occurred - See Response Body
[2024-12-10T06:40:24.149Z] Error reading actual data: A Modbus Exception Occurred - See Response Body
[2024-12-10T06:40:24.150Z] Error writing to Modbus register: A Modbus Exception Occurred - See Response Body
[2024-12-10T06:40:25.149Z] Error reading or processing Modbus registers: A Modbus Exception Occurred - See Response Body
[2024-12-10T06:40:25.152Z] Error reading register 6507 for IP 10.30.4.128: A Modbus Exception Occurred - See Response Body
[2024-12-10T06:40:25.153Z] Error reading actual data: A Modbus Exception Occurred - See Response Body
[2024-12-10T06:40:25.153Z] Error writing to Modbus register: A Modbus Exception Occurred - See Response Body
[2024-12-10T06:40:26.153Z] Error reading or processing Modbus registers: A Modbus Exception Occurred - See Response Body
[2024-12-10T06:40:26.155Z] Error reading register 6507 for IP 10.30.4.128: A Modbus Exception Occurred - See Response Body
[2024-12-10T06:40:26.156Z] Error reading actual data: A Modbus Exception Occurred - See Response Body
[2024-12-10T06:40:26.156Z] Error writing to Modbus register: A Modbus Exception Occurred - See Response Body
[2024-12-10T06:40:27.166Z] Error reading or processing Modbus registers: A Modbus Exception Occurred - See Response Body
[2024-12-10T06:40:27.171Z] Error reading register 6507 for IP 10.30.4.128: A Modbus Exception Occurred - See Response Body
[2024-12-10T06:40:27.172Z] Error reading actual data: A Modbus Exception Occurred - See Response Body
[2024-12-10T06:40:27.172Z] Error writing to Modbus register: A Modbus Exception Occurred - See Response Body
[2024-12-10T06:40:28.167Z] Error reading or processing Modbus registers: A Modbus Exception Occurred - See Response Body
[2024-12-10T06:40:28.170Z] Error reading register 6507 for IP 10.30.4.128: A Modbus Exception Occurred - See Response Body
[2024-12-10T06:40:28.170Z] Error reading actual data: A Modbus Exception Occurred - See Response Body
[2024-12-10T06:40:28.171Z] Error writing to Modbus register: A Modbus Exception Occurred - See Response Body
[2024-12-10T06:40:29.179Z] Error reading or processing Modbus registers: A Modbus Exception Occurred - See Response Body
[2024-12-10T06:40:29.181Z] Error reading register 6507 for IP 10.30.4.128: A Modbus Exception Occurred - See Response Body
[2024-12-10T06:40:29.182Z] Error reading actual data: A Modbus Exception Occurred - See Response Body
[2024-12-10T06:40:29.182Z] Error writing to Modbus register: A Modbus Exception Occurred - See Response Body
[2024-12-10T06:40:30.194Z] Error reading or processing Modbus registers: A Modbus Exception Occurred - See Response Body
[2024-12-10T06:40:30.196Z] Error reading register 6507 for IP 10.30.4.128: A Modbus Exception Occurred - See Response Body
[2024-12-10T06:40:30.197Z] Error reading actual data: A Modbus Exception Occurred - See Response Body
[2024-12-10T06:40:30.197Z] Error writing to Modbus register: A Modbus Exception Occurred - See Response Body
[2024-12-10T06:40:31.207Z] Error reading or processing Modbus registers: A Modbus Exception Occurred - See Response Body
[2024-12-10T06:40:31.209Z] Error reading register 6507 for IP 10.30.4.128: A Modbus Exception Occurred - See Response Body
[2024-12-10T06:40:31.210Z] Error reading actual data: A Modbus Exception Occurred - See Response Body
[2024-12-10T06:40:31.211Z] Error writing to Modbus register: A Modbus Exception Occurred - See Response Body
[2024-12-10T06:40:32.221Z] Error reading or processing Modbus registers: A Modbus Exception Occurred - See Response Body
[2024-12-10T06:40:32.223Z] Error reading register 6507 for IP 10.30.4.128: A Modbus Exception Occurred - See Response Body
[2024-12-10T06:40:32.224Z] Error reading actual data: A Modbus Exception Occurred - See Response Body
[2024-12-10T06:40:32.224Z] Error writing to Modbus register: A Modbus Exception Occurred - See Response Body
[2024-12-10T06:40:33.233Z] Error reading or processing Modbus registers: A Modbus Exception Occurred - See Response Body
[2024-12-10T06:40:33.236Z] Error reading register 6507 for IP 10.30.4.128: A Modbus Exception Occurred - See Response Body
[2024-12-10T06:40:33.236Z] Error reading actual data: A Modbus Exception Occurred - See Response Body
[2024-12-10T06:40:33.237Z] Error writing to Modbus register: A Modbus Exception Occurred - See Response Body
[2024-12-10T06:40:34.237Z] Error reading or processing Modbus registers: A Modbus Exception Occurred - See Response Body
[2024-12-10T06:40:34.240Z] Error reading register 6507 for IP 10.30.4.128: A Modbus Exception Occurred - See Response Body
[2024-12-10T06:40:34.240Z] Error reading actual data: A Modbus Exception Occurred - See Response Body
[2024-12-10T06:40:34.241Z] Error writing to Modbus register: A Modbus Exception Occurred - See Response Body
[2024-12-10T06:40:35.250Z] Error reading or processing Modbus registers: A Modbus Exception Occurred - See Response Body
[2024-12-10T06:40:35.252Z] Error reading register 6507 for IP 10.30.4.128: A Modbus Exception Occurred - See Response Body
[2024-12-10T06:40:35.253Z] Error reading actual data: A Modbus Exception Occurred - See Response Body
[2024-12-10T06:40:35.254Z] Error writing to Modbus register: A Modbus Exception Occurred - See Response Body
[2024-12-10T06:40:36.254Z] Error reading or processing Modbus registers: A Modbus Exception Occurred - See Response Body
[2024-12-10T06:40:36.256Z] Error reading register 6507 for IP 10.30.4.128: A Modbus Exception Occurred - See Response Body
[2024-12-10T06:40:36.257Z] Error reading actual data: A Modbus Exception Occurred - See Response Body
[2024-12-10T06:40:36.257Z] Error writing to Modbus register: A Modbus Exception Occurred - See Response Body
[2024-12-10T06:40:37.267Z] Error reading or processing Modbus registers: A Modbus Exception Occurred - See Response Body
[2024-12-10T06:40:37.270Z] Error reading register 6507 for IP 10.30.4.128: A Modbus Exception Occurred - See Response Body
[2024-12-10T06:40:37.271Z] Error reading actual data: A Modbus Exception Occurred - See Response Body
[2024-12-10T06:40:37.271Z] Error writing to Modbus register: A Modbus Exception Occurred - See Response Body
[2024-12-10T06:40:38.271Z] Error reading or processing Modbus registers: A Modbus Exception Occurred - See Response Body
[2024-12-10T06:40:38.274Z] Error reading register 6507 for IP 10.30.4.128: A Modbus Exception Occurred - See Response Body
[2024-12-10T06:40:38.275Z] Error reading actual data: A Modbus Exception Occurred - See Response Body
[2024-12-10T06:40:38.276Z] Error writing to Modbus register: A Modbus Exception Occurred - See Response Body
[2024-12-10T06:40:39.271Z] Error reading or processing Modbus registers: A Modbus Exception Occurred - See Response Body
[2024-12-10T06:40:39.273Z] Error reading register 6507 for IP 10.30.4.128: A Modbus Exception Occurred - See Response Body
[2024-12-10T06:40:39.274Z] Error reading actual data: A Modbus Exception Occurred - See Response Body
[2024-12-10T06:40:39.275Z] Error writing to Modbus register: A Modbus Exception Occurred - See Response Body
[2024-12-10T06:40:40.283Z] Error reading or processing Modbus registers: A Modbus Exception Occurred - See Response Body
[2024-12-10T06:40:40.286Z] Error reading register 6507 for IP 10.30.4.128: A Modbus Exception Occurred - See Response Body
[2024-12-10T06:40:40.287Z] Error reading actual data: A Modbus Exception Occurred - See Response Body
[2024-12-10T06:40:40.287Z] Error writing to Modbus register: A Modbus Exception Occurred - See Response Body
[2024-12-10T06:40:41.297Z] Error reading or processing Modbus registers: A Modbus Exception Occurred - See Response Body
[2024-12-10T06:40:41.300Z] Error reading register 6507 for IP 10.30.4.128: A Modbus Exception Occurred - See Response Body
[2024-12-10T06:40:41.301Z] Error reading actual data: A Modbus Exception Occurred - See Response Body
[2024-12-10T06:40:41.302Z] Error writing to Modbus register: A Modbus Exception Occurred - See Response Body
[2024-12-10T06:40:42.311Z] Error reading or processing Modbus registers: A Modbus Exception Occurred - See Response Body
[2024-12-10T06:40:42.314Z] Error reading register 6507 for IP 10.30.4.128: A Modbus Exception Occurred - See Response Body
[2024-12-10T06:40:42.315Z] Error reading actual data: A Modbus Exception Occurred - See Response Body
[2024-12-10T06:40:42.315Z] Error writing to Modbus register: A Modbus Exception Occurred - See Response Body
[2024-12-10T06:40:43.326Z] Error reading or processing Modbus registers: A Modbus Exception Occurred - See Response Body
[2024-12-10T06:40:43.328Z] Error reading register 6507 for IP 10.30.4.128: A Modbus Exception Occurred - See Response Body
[2024-12-10T06:40:43.329Z] Error reading actual data: A Modbus Exception Occurred - See Response Body
[2024-12-10T06:40:43.330Z] Error writing to Modbus register: A Modbus Exception Occurred - See Response Body
[2024-12-10T06:40:44.327Z] Error reading or processing Modbus registers: A Modbus Exception Occurred - See Response Body
[2024-12-10T06:40:44.330Z] Error reading register 6507 for IP 10.30.4.128: A Modbus Exception Occurred - See Response Body
[2024-12-10T06:40:44.331Z] Error reading actual data: A Modbus Exception Occurred - See Response Body
[2024-12-10T06:40:44.331Z] Error writing to Modbus register: A Modbus Exception Occurred - See Response Body
[2024-12-10T06:40:45.327Z] Error reading or processing Modbus registers: A Modbus Exception Occurred - See Response Body
[2024-12-10T06:40:45.330Z] Error reading register 6507 for IP 10.30.4.128: A Modbus Exception Occurred - See Response Body
[2024-12-10T06:40:45.331Z] Error reading actual data: A Modbus Exception Occurred - See Response Body
[2024-12-10T06:40:45.332Z] Error writing to Modbus register: A Modbus Exception Occurred - See Response Body
[2024-12-10T06:40:46.342Z] Error reading or processing Modbus registers: A Modbus Exception Occurred - See Response Body
[2024-12-10T06:40:46.344Z] Error reading register 6507 for IP 10.30.4.128: A Modbus Exception Occurred - See Response Body
[2024-12-10T06:40:46.345Z] Error reading actual data: A Modbus Exception Occurred - See Response Body
[2024-12-10T06:40:46.346Z] Error writing to Modbus register: A Modbus Exception Occurred - See Response Body
[2024-12-10T06:40:47.356Z] Error reading or processing Modbus registers: A Modbus Exception Occurred - See Response Body
[2024-12-10T06:40:47.359Z] Error reading register 6507 for IP 10.30.4.128: A Modbus Exception Occurred - See Response Body
[2024-12-10T06:40:47.359Z] Error reading actual data: A Modbus Exception Occurred - See Response Body
[2024-12-10T06:40:47.360Z] Error writing to Modbus register: A Modbus Exception Occurred - See Response Body
[2024-12-10T06:40:48.358Z] Error reading or processing Modbus registers: A Modbus Exception Occurred - See Response Body
[2024-12-10T06:40:48.360Z] Error reading register 6507 for IP 10.30.4.128: A Modbus Exception Occurred - See Response Body
[2024-12-10T06:40:48.361Z] Error reading actual data: A Modbus Exception Occurred - See Response Body
[2024-12-10T06:40:48.362Z] Error writing to Modbus register: A Modbus Exception Occurred - See Response Body
[2024-12-10T06:40:49.372Z] Error reading or processing Modbus registers: A Modbus Exception Occurred - See Response Body
[2024-12-10T06:40:49.374Z] Error reading register 6507 for IP 10.30.4.128: A Modbus Exception Occurred - See Response Body
[2024-12-10T06:40:49.375Z] Error reading actual data: A Modbus Exception Occurred - See Response Body
[2024-12-10T06:40:49.375Z] Error writing to Modbus register: A Modbus Exception Occurred - See Response Body
[2024-12-10T06:40:50.386Z] Error reading or processing Modbus registers: A Modbus Exception Occurred - See Response Body
[2024-12-10T06:40:50.389Z] Error reading register 6507 for IP 10.30.4.128: A Modbus Exception Occurred - See Response Body
[2024-12-10T06:40:50.389Z] Error reading actual data: A Modbus Exception Occurred - See Response Body
[2024-12-10T06:40:50.390Z] Error writing to Modbus register: A Modbus Exception Occurred - See Response Body
[2024-12-10T06:40:51.400Z] Error reading or processing Modbus registers: A Modbus Exception Occurred - See Response Body
[2024-12-10T06:40:51.402Z] Error reading register 6507 for IP 10.30.4.128: A Modbus Exception Occurred - See Response Body
[2024-12-10T06:40:51.403Z] Error reading actual data: A Modbus Exception Occurred - See Response Body
[2024-12-10T06:40:51.404Z] Error writing to Modbus register: A Modbus Exception Occurred - See Response Body
[2024-12-10T06:40:52.415Z] Error reading or processing Modbus registers: A Modbus Exception Occurred - See Response Body
[2024-12-10T06:40:52.417Z] Error reading register 6507 for IP 10.30.4.128: A Modbus Exception Occurred - See Response Body
[2024-12-10T06:40:52.418Z] Error reading actual data: A Modbus Exception Occurred - See Response Body
[2024-12-10T06:40:52.419Z] Error writing to Modbus register: A Modbus Exception Occurred - See Response Body
[2024-12-10T06:40:53.428Z] Error reading or processing Modbus registers: A Modbus Exception Occurred - See Response Body
[2024-12-10T06:40:53.431Z] Error reading register 6507 for IP 10.30.4.128: A Modbus Exception Occurred - See Response Body
[2024-12-10T06:40:53.431Z] Error reading actual data: A Modbus Exception Occurred - See Response Body
[2024-12-10T06:40:53.432Z] Error writing to Modbus register: A Modbus Exception Occurred - See Response Body
[2024-12-10T06:40:54.429Z] Error reading or processing Modbus registers: A Modbus Exception Occurred - See Response Body
[2024-12-10T06:40:54.431Z] Error reading register 6507 for IP 10.30.4.128: A Modbus Exception Occurred - See Response Body
[2024-12-10T06:40:54.432Z] Error reading actual data: A Modbus Exception Occurred - See Response Body
[2024-12-10T06:40:54.432Z] Error writing to Modbus register: A Modbus Exception Occurred - See Response Body
[2024-12-10T06:40:55.439Z] Error reading or processing Modbus registers: A Modbus Exception Occurred - See Response Body
[2024-12-10T06:40:55.441Z] Error reading register 6507 for IP 10.30.4.128: A Modbus Exception Occurred - See Response Body
[2024-12-10T06:40:55.442Z] Error reading actual data: A Modbus Exception Occurred - See Response Body
[2024-12-10T06:40:55.443Z] Error writing to Modbus register: A Modbus Exception Occurred - See Response Body
[2024-12-10T06:40:56.455Z] Error reading or processing Modbus registers: A Modbus Exception Occurred - See Response Body
[2024-12-10T06:40:56.457Z] Error reading register 6507 for IP 10.30.4.128: A Modbus Exception Occurred - See Response Body
[2024-12-10T06:40:56.458Z] Error reading actual data: A Modbus Exception Occurred - See Response Body
[2024-12-10T06:40:56.459Z] Error writing to Modbus register: A Modbus Exception Occurred - See Response Body
[2024-12-10T06:40:57.455Z] Error reading or processing Modbus registers: A Modbus Exception Occurred - See Response Body
[2024-12-10T06:40:57.458Z] Error reading register 6507 for IP 10.30.4.128: A Modbus Exception Occurred - See Response Body
[2024-12-10T06:40:57.459Z] Error reading actual data: A Modbus Exception Occurred - See Response Body
[2024-12-10T06:40:57.459Z] Error writing to Modbus register: A Modbus Exception Occurred - See Response Body
[2024-12-10T06:40:58.457Z] Error reading or processing Modbus registers: A Modbus Exception Occurred - See Response Body
[2024-12-10T06:40:58.460Z] Error reading register 6507 for IP 10.30.4.128: A Modbus Exception Occurred - See Response Body
[2024-12-10T06:40:58.460Z] Error reading actual data: A Modbus Exception Occurred - See Response Body
[2024-12-10T06:40:58.461Z] Error writing to Modbus register: A Modbus Exception Occurred - See Response Body
[2024-12-10T06:40:59.459Z] Error reading or processing Modbus registers: A Modbus Exception Occurred - See Response Body
[2024-12-10T06:40:59.462Z] Error reading register 6507 for IP 10.30.4.128: A Modbus Exception Occurred - See Response Body
[2024-12-10T06:40:59.463Z] Error reading actual data: A Modbus Exception Occurred - See Response Body
[2024-12-10T06:40:59.463Z] Error writing to Modbus register: A Modbus Exception Occurred - See Response Body
[2024-12-10T06:41:00.470Z] Error reading or processing Modbus registers: A Modbus Exception Occurred - See Response Body
[2024-12-10T06:41:00.473Z] Error reading register 6507 for IP 10.30.4.128: A Modbus Exception Occurred - See Response Body
[2024-12-10T06:41:00.473Z] Error reading actual data: A Modbus Exception Occurred - See Response Body
[2024-12-10T06:41:00.474Z] Error writing to Modbus register: A Modbus Exception Occurred - See Response Body
[2024-12-10T06:41:01.473Z] Error reading or processing Modbus registers: A Modbus Exception Occurred - See Response Body
[2024-12-10T06:41:01.475Z] Error reading register 6507 for IP 10.30.4.128: A Modbus Exception Occurred - See Response Body
[2024-12-10T06:41:01.476Z] Error reading actual data: A Modbus Exception Occurred - See Response Body
[2024-12-10T06:41:01.477Z] Error writing to Modbus register: A Modbus Exception Occurred - See Response Body
[2024-12-10T06:41:02.484Z] Error reading or processing Modbus registers: A Modbus Exception Occurred - See Response Body
[2024-12-10T06:41:02.487Z] Error reading register 6507 for IP 10.30.4.128: A Modbus Exception Occurred - See Response Body
[2024-12-10T06:41:02.487Z] Error reading actual data: A Modbus Exception Occurred - See Response Body
[2024-12-10T06:41:02.488Z] Error writing to Modbus register: A Modbus Exception Occurred - See Response Body
[2024-12-10T06:41:03.498Z] Error reading or processing Modbus registers: A Modbus Exception Occurred - See Response Body
[2024-12-10T06:41:03.501Z] Error reading register 6507 for IP 10.30.4.128: A Modbus Exception Occurred - See Response Body
[2024-12-10T06:41:03.502Z] Error reading actual data: A Modbus Exception Occurred - See Response Body
[2024-12-10T06:41:03.502Z] Error writing to Modbus register: A Modbus Exception Occurred - See Response Body
[2024-12-10T06:41:04.512Z] Error reading or processing Modbus registers: A Modbus Exception Occurred - See Response Body
[2024-12-10T06:41:04.515Z] Error reading register 6507 for IP 10.30.4.128: A Modbus Exception Occurred - See Response Body
[2024-12-10T06:41:04.515Z] Error reading actual data: A Modbus Exception Occurred - See Response Body
[2024-12-10T06:41:04.516Z] Error writing to Modbus register: A Modbus Exception Occurred - See Response Body
[2024-12-10T06:41:05.525Z] Error reading or processing Modbus registers: A Modbus Exception Occurred - See Response Body
[2024-12-10T06:41:05.527Z] Error reading register 6507 for IP 10.30.4.128: A Modbus Exception Occurred - See Response Body
[2024-12-10T06:41:05.528Z] Error reading actual data: A Modbus Exception Occurred - See Response Body
[2024-12-10T06:41:05.529Z] Error writing to Modbus register: A Modbus Exception Occurred - See Response Body
[2024-12-10T06:41:06.538Z] Error reading or processing Modbus registers: A Modbus Exception Occurred - See Response Body
[2024-12-10T06:41:06.541Z] Error reading register 6507 for IP 10.30.4.128: A Modbus Exception Occurred - See Response Body
[2024-12-10T06:41:06.542Z] Error reading actual data: A Modbus Exception Occurred - See Response Body
[2024-12-10T06:41:06.542Z] Error writing to Modbus register: A Modbus Exception Occurred - See Response Body
[2024-12-10T06:41:07.537Z] Error reading or processing Modbus registers: A Modbus Exception Occurred - See Response Body
[2024-12-10T06:41:07.540Z] Error reading register 6507 for IP 10.30.4.128: A Modbus Exception Occurred - See Response Body
[2024-12-10T06:41:07.541Z] Error reading actual data: A Modbus Exception Occurred - See Response Body
[2024-12-10T06:41:07.541Z] Error writing to Modbus register: A Modbus Exception Occurred - See Response Body
[2024-12-10T06:41:08.540Z] Error reading or processing Modbus registers: A Modbus Exception Occurred - See Response Body
[2024-12-10T06:41:08.543Z] Error reading register 6507 for IP 10.30.4.128: A Modbus Exception Occurred - See Response Body
[2024-12-10T06:41:08.543Z] Error reading actual data: A Modbus Exception Occurred - See Response Body
[2024-12-10T06:41:08.544Z] Error writing to Modbus register: A Modbus Exception Occurred - See Response Body
[2024-12-10T06:41:09.545Z] Error reading or processing Modbus registers: A Modbus Exception Occurred - See Response Body
[2024-12-10T06:41:09.548Z] Error reading register 6507 for IP 10.30.4.128: A Modbus Exception Occurred - See Response Body
[2024-12-10T06:41:09.548Z] Error reading actual data: A Modbus Exception Occurred - See Response Body
[2024-12-10T06:41:09.549Z] Error writing to Modbus register: A Modbus Exception Occurred - See Response Body
[2024-12-10T06:41:10.546Z] Error reading or processing Modbus registers: A Modbus Exception Occurred - See Response Body
[2024-12-10T06:41:10.549Z] Error reading register 6507 for IP 10.30.4.128: A Modbus Exception Occurred - See Response Body
[2024-12-10T06:41:10.552Z] Error reading actual data: A Modbus Exception Occurred - See Response Body
[2024-12-10T06:41:10.553Z] Error writing to Modbus register: A Modbus Exception Occurred - See Response Body
[2024-12-10T06:41:11.560Z] Error reading or processing Modbus registers: A Modbus Exception Occurred - See Response Body
[2024-12-10T06:41:11.562Z] Error reading register 6507 for IP 10.30.4.128: A Modbus Exception Occurred - See Response Body
[2024-12-10T06:41:11.563Z] Error reading actual data: A Modbus Exception Occurred - See Response Body
[2024-12-10T06:41:11.563Z] Error writing to Modbus register: A Modbus Exception Occurred - See Response Body
[2024-12-10T06:41:12.575Z] Error reading or processing Modbus registers: A Modbus Exception Occurred - See Response Body
[2024-12-10T06:41:12.577Z] Error reading register 6507 for IP 10.30.4.128: A Modbus Exception Occurred - See Response Body
[2024-12-10T06:41:12.578Z] Error reading actual data: A Modbus Exception Occurred - See Response Body
[2024-12-10T06:41:12.578Z] Error writing to Modbus register: A Modbus Exception Occurred - See Response Body
[2024-12-10T06:41:13.577Z] Error reading or processing Modbus registers: A Modbus Exception Occurred - See Response Body
[2024-12-10T06:41:13.579Z] Error reading register 6507 for IP 10.30.4.128: A Modbus Exception Occurred - See Response Body
[2024-12-10T06:41:13.580Z] Error reading actual data: A Modbus Exception Occurred - See Response Body
[2024-12-10T06:41:13.581Z] Error writing to Modbus register: A Modbus Exception Occurred - See Response Body
[2024-12-10T06:41:14.586Z] Error reading or processing Modbus registers: A Modbus Exception Occurred - See Response Body
[2024-12-10T06:41:14.588Z] Error reading register 6507 for IP 10.30.4.128: A Modbus Exception Occurred - See Response Body
[2024-12-10T06:41:14.589Z] Error reading actual data: A Modbus Exception Occurred - See Response Body
[2024-12-10T06:41:14.589Z] Error writing to Modbus register: A Modbus Exception Occurred - See Response Body
[2024-12-10T06:41:15.589Z] Error reading or processing Modbus registers: A Modbus Exception Occurred - See Response Body
[2024-12-10T06:41:15.592Z] Error reading register 6507 for IP 10.30.4.128: A Modbus Exception Occurred - See Response Body
[2024-12-10T06:41:15.592Z] Error reading actual data: A Modbus Exception Occurred - See Response Body
[2024-12-10T06:41:15.593Z] Error writing to Modbus register: A Modbus Exception Occurred - See Response Body
[2024-12-10T06:41:16.592Z] Error reading or processing Modbus registers: A Modbus Exception Occurred - See Response Body
[2024-12-10T06:41:16.595Z] Error reading register 6507 for IP 10.30.4.128: A Modbus Exception Occurred - See Response Body
[2024-12-10T06:41:16.595Z] Error reading actual data: A Modbus Exception Occurred - See Response Body
[2024-12-10T06:41:16.596Z] Error writing to Modbus register: A Modbus Exception Occurred - See Response Body
[2024-12-10T06:41:17.594Z] Error reading or processing Modbus registers: A Modbus Exception Occurred - See Response Body
[2024-12-10T06:41:17.596Z] Error reading register 6507 for IP 10.30.4.128: A Modbus Exception Occurred - See Response Body
[2024-12-10T06:41:17.597Z] Error reading actual data: A Modbus Exception Occurred - See Response Body
[2024-12-10T06:41:17.597Z] Error writing to Modbus register: A Modbus Exception Occurred - See Response Body
[2024-12-10T06:41:18.609Z] Error reading or processing Modbus registers: A Modbus Exception Occurred - See Response Body
[2024-12-10T06:41:18.612Z] Error reading register 6507 for IP 10.30.4.128: A Modbus Exception Occurred - See Response Body
[2024-12-10T06:41:18.613Z] Error reading actual data: A Modbus Exception Occurred - See Response Body
[2024-12-10T06:41:18.613Z] Error writing to Modbus register: A Modbus Exception Occurred - See Response Body
[2024-12-10T06:41:19.621Z] Error reading or processing Modbus registers: A Modbus Exception Occurred - See Response Body
[2024-12-10T06:41:19.624Z] Error reading register 6507 for IP 10.30.4.128: A Modbus Exception Occurred - See Response Body
[2024-12-10T06:41:19.624Z] Error reading actual data: A Modbus Exception Occurred - See Response Body
[2024-12-10T06:41:19.625Z] Error writing to Modbus register: A Modbus Exception Occurred - See Response Body
[2024-12-10T06:41:20.636Z] Error reading or processing Modbus registers: A Modbus Exception Occurred - See Response Body
[2024-12-10T06:41:20.639Z] Error reading register 6507 for IP 10.30.4.128: A Modbus Exception Occurred - See Response Body
[2024-12-10T06:41:20.639Z] Error reading actual data: A Modbus Exception Occurred - See Response Body
[2024-12-10T06:41:20.640Z] Error writing to Modbus register: A Modbus Exception Occurred - See Response Body
[2024-12-10T06:41:21.641Z] Error reading or processing Modbus registers: A Modbus Exception Occurred - See Response Body
[2024-12-10T06:41:21.643Z] Error reading register 6507 for IP 10.30.4.128: A Modbus Exception Occurred - See Response Body
[2024-12-10T06:41:21.644Z] Error reading actual data: A Modbus Exception Occurred - See Response Body
[2024-12-10T06:41:21.645Z] Error writing to Modbus register: A Modbus Exception Occurred - See Response Body
[2024-12-10T06:41:22.655Z] Error reading or processing Modbus registers: A Modbus Exception Occurred - See Response Body
[2024-12-10T06:41:22.658Z] Error reading register 6507 for IP 10.30.4.128: A Modbus Exception Occurred - See Response Body
[2024-12-10T06:41:22.659Z] Error reading actual data: A Modbus Exception Occurred - See Response Body
[2024-12-10T06:41:22.659Z] Error writing to Modbus register: A Modbus Exception Occurred - See Response Body
[2024-12-10T06:41:23.668Z] Error reading or processing Modbus registers: A Modbus Exception Occurred - See Response Body
[2024-12-10T06:41:23.671Z] Error reading register 6507 for IP 10.30.4.128: A Modbus Exception Occurred - See Response Body
[2024-12-10T06:41:23.672Z] Error reading actual data: A Modbus Exception Occurred - See Response Body
[2024-12-10T06:41:23.672Z] Error writing to Modbus register: A Modbus Exception Occurred - See Response Body
[2024-12-10T06:41:24.682Z] Error reading or processing Modbus registers: A Modbus Exception Occurred - See Response Body
[2024-12-10T06:41:24.685Z] Error reading register 6507 for IP 10.30.4.128: A Modbus Exception Occurred - See Response Body
[2024-12-10T06:41:24.686Z] Error reading actual data: A Modbus Exception Occurred - See Response Body
[2024-12-10T06:41:24.686Z] Error writing to Modbus register: A Modbus Exception Occurred - See Response Body
[2024-12-10T06:41:25.696Z] Error reading or processing Modbus registers: A Modbus Exception Occurred - See Response Body
[2024-12-10T06:41:25.698Z] Error reading register 6507 for IP 10.30.4.128: A Modbus Exception Occurred - See Response Body
[2024-12-10T06:41:25.699Z] Error reading actual data: A Modbus Exception Occurred - See Response Body
[2024-12-10T06:41:25.700Z] Error writing to Modbus register: A Modbus Exception Occurred - See Response Body
[2024-12-10T06:41:26.699Z] Error reading or processing Modbus registers: A Modbus Exception Occurred - See Response Body
[2024-12-10T06:41:26.702Z] Error reading register 6507 for IP 10.30.4.128: A Modbus Exception Occurred - See Response Body
[2024-12-10T06:41:26.703Z] Error reading actual data: A Modbus Exception Occurred - See Response Body
[2024-12-10T06:41:26.703Z] Error writing to Modbus register: A Modbus Exception Occurred - See Response Body
[2024-12-10T06:41:27.699Z] Error reading or processing Modbus registers: A Modbus Exception Occurred - See Response Body
[2024-12-10T06:41:27.702Z] Error reading register 6507 for IP 10.30.4.128: A Modbus Exception Occurred - See Response Body
[2024-12-10T06:41:27.702Z] Error reading actual data: A Modbus Exception Occurred - See Response Body
[2024-12-10T06:41:27.703Z] Error writing to Modbus register: A Modbus Exception Occurred - See Response Body
[2024-12-10T06:41:28.713Z] Error reading or processing Modbus registers: A Modbus Exception Occurred - See Response Body
[2024-12-10T06:41:28.716Z] Error reading register 6507 for IP 10.30.4.128: A Modbus Exception Occurred - See Response Body
[2024-12-10T06:41:28.717Z] Error reading actual data: A Modbus Exception Occurred - See Response Body
[2024-12-10T06:41:28.717Z] Error writing to Modbus register: A Modbus Exception Occurred - See Response Body
[2024-12-10T06:41:29.727Z] Error reading or processing Modbus registers: A Modbus Exception Occurred - See Response Body
[2024-12-10T06:41:29.730Z] Error reading register 6507 for IP 10.30.4.128: A Modbus Exception Occurred - See Response Body
[2024-12-10T06:41:29.730Z] Error reading actual data: A Modbus Exception Occurred - See Response Body
[2024-12-10T06:41:29.731Z] Error writing to Modbus register: A Modbus Exception Occurred - See Response Body
[2024-12-10T06:41:30.741Z] Error reading or processing Modbus registers: A Modbus Exception Occurred - See Response Body
[2024-12-10T06:41:30.743Z] Error reading register 6507 for IP 10.30.4.128: A Modbus Exception Occurred - See Response Body
[2024-12-10T06:41:30.744Z] Error reading actual data: A Modbus Exception Occurred - See Response Body
[2024-12-10T06:41:30.745Z] Error writing to Modbus register: A Modbus Exception Occurred - See Response Body
[2024-12-10T06:41:31.755Z] Error reading or processing Modbus registers: A Modbus Exception Occurred - See Response Body
[2024-12-10T06:41:31.757Z] Error reading register 6507 for IP 10.30.4.128: A Modbus Exception Occurred - See Response Body
[2024-12-10T06:41:31.758Z] Error reading actual data: A Modbus Exception Occurred - See Response Body
[2024-12-10T06:41:31.759Z] Error writing to Modbus register: A Modbus Exception Occurred - See Response Body
[2024-12-10T06:41:32.758Z] Error reading or processing Modbus registers: A Modbus Exception Occurred - See Response Body
[2024-12-10T06:41:32.761Z] Error reading register 6507 for IP 10.30.4.128: A Modbus Exception Occurred - See Response Body
[2024-12-10T06:41:32.762Z] Error reading actual data: A Modbus Exception Occurred - See Response Body
[2024-12-10T06:41:32.763Z] Error writing to Modbus register: A Modbus Exception Occurred - See Response Body
[2024-12-10T06:41:33.762Z] Error reading or processing Modbus registers: A Modbus Exception Occurred - See Response Body
[2024-12-10T06:41:33.764Z] Error reading register 6507 for IP 10.30.4.128: A Modbus Exception Occurred - See Response Body
[2024-12-10T06:41:33.765Z] Error reading actual data: A Modbus Exception Occurred - See Response Body
[2024-12-10T06:41:33.765Z] Error writing to Modbus register: A Modbus Exception Occurred - See Response Body
[2024-12-10T06:41:34.773Z] Error reading or processing Modbus registers: A Modbus Exception Occurred - See Response Body
[2024-12-10T06:41:34.776Z] Error reading register 6507 for IP 10.30.4.128: A Modbus Exception Occurred - See Response Body
[2024-12-10T06:41:34.776Z] Error reading actual data: A Modbus Exception Occurred - See Response Body
[2024-12-10T06:41:34.777Z] Error writing to Modbus register: A Modbus Exception Occurred - See Response Body
[2024-12-10T06:41:35.788Z] Error reading or processing Modbus registers: A Modbus Exception Occurred - See Response Body
[2024-12-10T06:41:35.790Z] Error reading register 6507 for IP 10.30.4.128: A Modbus Exception Occurred - See Response Body
[2024-12-10T06:41:35.790Z] Error reading actual data: A Modbus Exception Occurred - See Response Body
[2024-12-10T06:41:35.791Z] Error writing to Modbus register: A Modbus Exception Occurred - See Response Body
[2024-12-10T06:41:36.789Z] Error reading or processing Modbus registers: A Modbus Exception Occurred - See Response Body
[2024-12-10T06:41:36.792Z] Error reading register 6507 for IP 10.30.4.128: A Modbus Exception Occurred - See Response Body
[2024-12-10T06:41:36.792Z] Error reading actual data: A Modbus Exception Occurred - See Response Body
[2024-12-10T06:41:36.793Z] Error writing to Modbus register: A Modbus Exception Occurred - See Response Body
[2024-12-10T06:41:37.804Z] Error reading or processing Modbus registers: A Modbus Exception Occurred - See Response Body
[2024-12-10T06:41:37.806Z] Error reading register 6507 for IP 10.30.4.128: A Modbus Exception Occurred - See Response Body
[2024-12-10T06:41:37.807Z] Error reading actual data: A Modbus Exception Occurred - See Response Body
[2024-12-10T06:41:37.808Z] Error writing to Modbus register: A Modbus Exception Occurred - See Response Body
[2024-12-10T06:41:38.805Z] Error reading or processing Modbus registers: A Modbus Exception Occurred - See Response Body
[2024-12-10T06:41:38.807Z] Error reading register 6507 for IP 10.30.4.128: A Modbus Exception Occurred - See Response Body
[2024-12-10T06:41:38.808Z] Error reading actual data: A Modbus Exception Occurred - See Response Body
[2024-12-10T06:41:38.808Z] Error writing to Modbus register: A Modbus Exception Occurred - See Response Body
[2024-12-10T06:41:39.819Z] Error reading or processing Modbus registers: A Modbus Exception Occurred - See Response Body
[2024-12-10T06:41:39.821Z] Error reading register 6507 for IP 10.30.4.128: A Modbus Exception Occurred - See Response Body
[2024-12-10T06:41:39.822Z] Error reading actual data: A Modbus Exception Occurred - See Response Body
[2024-12-10T06:41:39.823Z] Error writing to Modbus register: A Modbus Exception Occurred - See Response Body
[2024-12-10T06:41:40.830Z] Error reading or processing Modbus registers: A Modbus Exception Occurred - See Response Body
[2024-12-10T06:41:40.833Z] Error reading register 6507 for IP 10.30.4.128: A Modbus Exception Occurred - See Response Body
[2024-12-10T06:41:40.834Z] Error reading actual data: A Modbus Exception Occurred - See Response Body
[2024-12-10T06:41:40.835Z] Error writing to Modbus register: A Modbus Exception Occurred - See Response Body
[2024-12-10T06:41:41.834Z] Error reading or processing Modbus registers: A Modbus Exception Occurred - See Response Body
[2024-12-10T06:41:41.837Z] Error reading register 6507 for IP 10.30.4.128: A Modbus Exception Occurred - See Response Body
[2024-12-10T06:41:41.838Z] Error reading actual data: A Modbus Exception Occurred - See Response Body
[2024-12-10T06:41:41.838Z] Error writing to Modbus register: A Modbus Exception Occurred - See Response Body
[2024-12-10T06:41:42.837Z] Error reading or processing Modbus registers: A Modbus Exception Occurred - See Response Body
[2024-12-10T06:41:42.839Z] Error reading register 6507 for IP 10.30.4.128: A Modbus Exception Occurred - See Response Body
[2024-12-10T06:41:42.840Z] Error reading actual data: A Modbus Exception Occurred - See Response Body
[2024-12-10T06:41:42.841Z] Error writing to Modbus register: A Modbus Exception Occurred - See Response Body
[2024-12-10T06:41:43.852Z] Error reading or processing Modbus registers: A Modbus Exception Occurred - See Response Body
[2024-12-10T06:41:43.854Z] Error reading register 6507 for IP 10.30.4.128: A Modbus Exception Occurred - See Response Body
[2024-12-10T06:41:43.855Z] Error reading actual data: A Modbus Exception Occurred - See Response Body
[2024-12-10T06:41:43.855Z] Error writing to Modbus register: A Modbus Exception Occurred - See Response Body
[2024-12-10T06:41:44.864Z] Error reading or processing Modbus registers: A Modbus Exception Occurred - See Response Body
[2024-12-10T06:41:44.866Z] Error reading register 6507 for IP 10.30.4.128: A Modbus Exception Occurred - See Response Body
[2024-12-10T06:41:44.867Z] Error reading actual data: A Modbus Exception Occurred - See Response Body
[2024-12-10T06:41:44.868Z] Error writing to Modbus register: A Modbus Exception Occurred - See Response Body
[2024-12-10T06:41:45.879Z] Error reading or processing Modbus registers: A Modbus Exception Occurred - See Response Body
[2024-12-10T06:41:45.881Z] Error reading register 6507 for IP 10.30.4.128: A Modbus Exception Occurred - See Response Body
[2024-12-10T06:41:45.882Z] Error reading actual data: A Modbus Exception Occurred - See Response Body
[2024-12-10T06:41:45.883Z] Error writing to Modbus register: A Modbus Exception Occurred - See Response Body
[2024-12-10T06:41:46.879Z] Error reading or processing Modbus registers: A Modbus Exception Occurred - See Response Body
[2024-12-10T06:41:46.882Z] Error reading register 6507 for IP 10.30.4.128: A Modbus Exception Occurred - See Response Body
[2024-12-10T06:41:46.882Z] Error reading actual data: A Modbus Exception Occurred - See Response Body
[2024-12-10T06:41:46.883Z] Error writing to Modbus register: A Modbus Exception Occurred - See Response Body
[2024-12-10T06:41:47.891Z] Error reading or processing Modbus registers: A Modbus Exception Occurred - See Response Body
[2024-12-10T06:41:47.894Z] Error reading register 6507 for IP 10.30.4.128: A Modbus Exception Occurred - See Response Body
[2024-12-10T06:41:47.895Z] Error reading actual data: A Modbus Exception Occurred - See Response Body
[2024-12-10T06:41:47.896Z] Error writing to Modbus register: A Modbus Exception Occurred - See Response Body
[2024-12-10T06:41:48.905Z] Error reading or processing Modbus registers: A Modbus Exception Occurred - See Response Body
[2024-12-10T06:41:48.907Z] Error reading register 6507 for IP 10.30.4.128: A Modbus Exception Occurred - See Response Body
[2024-12-10T06:41:48.908Z] Error reading actual data: A Modbus Exception Occurred - See Response Body
[2024-12-10T06:41:48.908Z] Error writing to Modbus register: A Modbus Exception Occurred - See Response Body
[2024-12-10T06:41:49.919Z] Error reading or processing Modbus registers: A Modbus Exception Occurred - See Response Body
[2024-12-10T06:41:49.922Z] Error reading register 6507 for IP 10.30.4.128: A Modbus Exception Occurred - See Response Body
[2024-12-10T06:41:49.923Z] Error reading actual data: A Modbus Exception Occurred - See Response Body
[2024-12-10T06:41:49.924Z] Error writing to Modbus register: A Modbus Exception Occurred - See Response Body
[2024-12-10T06:41:50.919Z] Error reading or processing Modbus registers: A Modbus Exception Occurred - See Response Body
[2024-12-10T06:41:50.922Z] Error reading register 6507 for IP 10.30.4.128: A Modbus Exception Occurred - See Response Body
[2024-12-10T06:41:50.922Z] Error reading actual data: A Modbus Exception Occurred - See Response Body
[2024-12-10T06:41:50.923Z] Error writing to Modbus register: A Modbus Exception Occurred - See Response Body
[2024-12-10T06:41:51.934Z] Error reading or processing Modbus registers: A Modbus Exception Occurred - See Response Body
[2024-12-10T06:41:51.937Z] Error reading register 6507 for IP 10.30.4.128: A Modbus Exception Occurred - See Response Body
[2024-12-10T06:41:51.938Z] Error reading actual data: A Modbus Exception Occurred - See Response Body
[2024-12-10T06:41:51.938Z] Error writing to Modbus register: A Modbus Exception Occurred - See Response Body
[2024-12-10T06:41:52.938Z] Error reading or processing Modbus registers: A Modbus Exception Occurred - See Response Body
[2024-12-10T06:41:52.941Z] Error reading register 6507 for IP 10.30.4.128: A Modbus Exception Occurred - See Response Body
[2024-12-10T06:41:52.942Z] Error reading actual data: A Modbus Exception Occurred - See Response Body
[2024-12-10T06:41:52.942Z] Error writing to Modbus register: A Modbus Exception Occurred - See Response Body
[2024-12-10T06:41:53.952Z] Error reading or processing Modbus registers: A Modbus Exception Occurred - See Response Body
[2024-12-10T06:41:53.955Z] Error reading register 6507 for IP 10.30.4.128: A Modbus Exception Occurred - See Response Body
[2024-12-10T06:41:53.956Z] Error reading actual data: A Modbus Exception Occurred - See Response Body
[2024-12-10T06:41:53.956Z] Error writing to Modbus register: A Modbus Exception Occurred - See Response Body
[2024-12-10T06:41:54.953Z] Error reading or processing Modbus registers: A Modbus Exception Occurred - See Response Body
[2024-12-10T06:41:54.955Z] Error reading register 6507 for IP 10.30.4.128: A Modbus Exception Occurred - See Response Body
[2024-12-10T06:41:54.956Z] Error reading actual data: A Modbus Exception Occurred - See Response Body
[2024-12-10T06:41:54.956Z] Error writing to Modbus register: A Modbus Exception Occurred - See Response Body
[2024-12-10T06:41:55.966Z] Error reading or processing Modbus registers: A Modbus Exception Occurred - See Response Body
[2024-12-10T06:41:55.969Z] Error reading register 6507 for IP 10.30.4.128: A Modbus Exception Occurred - See Response Body
[2024-12-10T06:41:55.969Z] Error reading actual data: A Modbus Exception Occurred - See Response Body
[2024-12-10T06:41:55.970Z] Error writing to Modbus register: A Modbus Exception Occurred - See Response Body
[2024-12-10T06:41:56.977Z] Error reading or processing Modbus registers: A Modbus Exception Occurred - See Response Body
[2024-12-10T06:41:56.979Z] Error reading register 6507 for IP 10.30.4.128: A Modbus Exception Occurred - See Response Body
[2024-12-10T06:41:56.980Z] Error reading actual data: A Modbus Exception Occurred - See Response Body
[2024-12-10T06:41:56.981Z] Error writing to Modbus register: A Modbus Exception Occurred - See Response Body
[2024-12-10T06:41:57.991Z] Error reading or processing Modbus registers: A Modbus Exception Occurred - See Response Body
[2024-12-10T06:41:57.993Z] Error reading register 6507 for IP 10.30.4.128: A Modbus Exception Occurred - See Response Body
[2024-12-10T06:41:57.994Z] Error reading actual data: A Modbus Exception Occurred - See Response Body
[2024-12-10T06:41:57.994Z] Error writing to Modbus register: A Modbus Exception Occurred - See Response Body
[2024-12-10T06:41:58.991Z] Error reading or processing Modbus registers: A Modbus Exception Occurred - See Response Body
[2024-12-10T06:41:58.993Z] Error reading register 6507 for IP 10.30.4.128: A Modbus Exception Occurred - See Response Body
[2024-12-10T06:41:58.994Z] Error reading actual data: A Modbus Exception Occurred - See Response Body
[2024-12-10T06:41:58.994Z] Error writing to Modbus register: A Modbus Exception Occurred - See Response Body
[2024-12-10T06:42:00.006Z] Error reading or processing Modbus registers: A Modbus Exception Occurred - See Response Body
[2024-12-10T06:42:00.008Z] Error reading register 6507 for IP 10.30.4.128: A Modbus Exception Occurred - See Response Body
[2024-12-10T06:42:00.010Z] Error reading actual data: A Modbus Exception Occurred - See Response Body
[2024-12-10T06:42:00.011Z] Error writing to Modbus register: A Modbus Exception Occurred - See Response Body
[2024-12-10T06:42:01.020Z] Error reading or processing Modbus registers: A Modbus Exception Occurred - See Response Body
[2024-12-10T06:42:01.023Z] Error reading register 6507 for IP 10.30.4.128: A Modbus Exception Occurred - See Response Body
[2024-12-10T06:42:01.024Z] Error reading actual data: A Modbus Exception Occurred - See Response Body
[2024-12-10T06:42:01.024Z] Error writing to Modbus register: A Modbus Exception Occurred - See Response Body
[2024-12-10T06:42:02.034Z] Error reading or processing Modbus registers: A Modbus Exception Occurred - See Response Body
[2024-12-10T06:42:02.036Z] Error reading register 6507 for IP 10.30.4.128: A Modbus Exception Occurred - See Response Body
[2024-12-10T06:42:02.037Z] Error reading actual data: A Modbus Exception Occurred - See Response Body
[2024-12-10T06:42:02.038Z] Error writing to Modbus register: A Modbus Exception Occurred - See Response Body
[2024-12-10T06:42:03.047Z] Error reading or processing Modbus registers: A Modbus Exception Occurred - See Response Body
[2024-12-10T06:42:03.050Z] Error reading register 6507 for IP 10.30.4.128: A Modbus Exception Occurred - See Response Body
[2024-12-10T06:42:03.051Z] Error reading actual data: A Modbus Exception Occurred - See Response Body
[2024-12-10T06:42:03.051Z] Error writing to Modbus register: A Modbus Exception Occurred - See Response Body
[2024-12-10T06:42:04.049Z] Error reading or processing Modbus registers: A Modbus Exception Occurred - See Response Body
[2024-12-10T06:42:04.051Z] Error reading register 6507 for IP 10.30.4.128: A Modbus Exception Occurred - See Response Body
[2024-12-10T06:42:04.052Z] Error reading actual data: A Modbus Exception Occurred - See Response Body
[2024-12-10T06:42:04.053Z] Error writing to Modbus register: A Modbus Exception Occurred - See Response Body
[2024-12-10T06:42:05.061Z] Error reading or processing Modbus registers: A Modbus Exception Occurred - See Response Body
[2024-12-10T06:42:05.063Z] Error reading register 6507 for IP 10.30.4.128: A Modbus Exception Occurred - See Response Body
[2024-12-10T06:42:05.064Z] Error reading actual data: A Modbus Exception Occurred - See Response Body
[2024-12-10T06:42:05.065Z] Error writing to Modbus register: A Modbus Exception Occurred - See Response Body
[2024-12-10T06:42:06.075Z] Error reading or processing Modbus registers: A Modbus Exception Occurred - See Response Body
[2024-12-10T06:42:06.078Z] Error reading register 6507 for IP 10.30.4.128: A Modbus Exception Occurred - See Response Body
[2024-12-10T06:42:06.079Z] Error reading actual data: A Modbus Exception Occurred - See Response Body
[2024-12-10T06:42:06.080Z] Error writing to Modbus register: A Modbus Exception Occurred - See Response Body
[2024-12-10T06:42:07.076Z] Error reading or processing Modbus registers: A Modbus Exception Occurred - See Response Body
[2024-12-10T06:42:07.079Z] Error reading register 6507 for IP 10.30.4.128: A Modbus Exception Occurred - See Response Body
[2024-12-10T06:42:07.079Z] Error reading actual data: A Modbus Exception Occurred - See Response Body
[2024-12-10T06:42:07.080Z] Error writing to Modbus register: A Modbus Exception Occurred - See Response Body
[2024-12-10T06:42:08.089Z] Error reading or processing Modbus registers: A Modbus Exception Occurred - See Response Body
[2024-12-10T06:42:08.092Z] Error reading register 6507 for IP 10.30.4.128: A Modbus Exception Occurred - See Response Body
[2024-12-10T06:42:08.093Z] Error reading actual data: A Modbus Exception Occurred - See Response Body
[2024-12-10T06:42:08.093Z] Error writing to Modbus register: A Modbus Exception Occurred - See Response Body
[2024-12-10T06:42:09.102Z] Error reading or processing Modbus registers: A Modbus Exception Occurred - See Response Body
[2024-12-10T06:42:09.104Z] Error reading register 6507 for IP 10.30.4.128: A Modbus Exception Occurred - See Response Body
[2024-12-10T06:42:09.105Z] Error reading actual data: A Modbus Exception Occurred - See Response Body
[2024-12-10T06:42:09.106Z] Error writing to Modbus register: A Modbus Exception Occurred - See Response Body
[2024-12-10T06:42:10.102Z] Error reading or processing Modbus registers: A Modbus Exception Occurred - See Response Body
[2024-12-10T06:42:10.104Z] Error reading register 6507 for IP 10.30.4.128: A Modbus Exception Occurred - See Response Body
[2024-12-10T06:42:10.105Z] Error reading actual data: A Modbus Exception Occurred - See Response Body
[2024-12-10T06:42:10.106Z] Error writing to Modbus register: A Modbus Exception Occurred - See Response Body
[2024-12-10T06:42:11.115Z] Error reading or processing Modbus registers: A Modbus Exception Occurred - See Response Body
[2024-12-10T06:42:11.117Z] Error reading register 6507 for IP 10.30.4.128: A Modbus Exception Occurred - See Response Body
[2024-12-10T06:42:11.118Z] Error reading actual data: A Modbus Exception Occurred - See Response Body
[2024-12-10T06:42:11.118Z] Error writing to Modbus register: A Modbus Exception Occurred - See Response Body
[2024-12-10T06:42:12.128Z] Error reading or processing Modbus registers: A Modbus Exception Occurred - See Response Body
[2024-12-10T06:42:12.130Z] Error reading register 6507 for IP 10.30.4.128: A Modbus Exception Occurred - See Response Body
[2024-12-10T06:42:12.131Z] Error reading actual data: A Modbus Exception Occurred - See Response Body
[2024-12-10T06:42:12.131Z] Error writing to Modbus register: A Modbus Exception Occurred - See Response Body
[2024-12-10T06:42:13.136Z] Error reading or processing Modbus registers: A Modbus Exception Occurred - See Response Body
[2024-12-10T06:42:13.138Z] Error reading register 6507 for IP 10.30.4.128: A Modbus Exception Occurred - See Response Body
[2024-12-10T06:42:13.142Z] Error reading actual data: A Modbus Exception Occurred - See Response Body
[2024-12-10T06:42:13.142Z] Error writing to Modbus register: A Modbus Exception Occurred - See Response Body
[2024-12-10T06:42:14.149Z] Error reading or processing Modbus registers: A Modbus Exception Occurred - See Response Body
[2024-12-10T06:42:14.151Z] Error reading register 6507 for IP 10.30.4.128: A Modbus Exception Occurred - See Response Body
[2024-12-10T06:42:14.152Z] Error reading actual data: A Modbus Exception Occurred - See Response Body
[2024-12-10T06:42:14.152Z] Error writing to Modbus register: A Modbus Exception Occurred - See Response Body
[2024-12-10T06:42:15.161Z] Error reading or processing Modbus registers: A Modbus Exception Occurred - See Response Body
[2024-12-10T06:42:15.163Z] Error reading register 6507 for IP 10.30.4.128: A Modbus Exception Occurred - See Response Body
[2024-12-10T06:42:15.163Z] Error reading actual data: A Modbus Exception Occurred - See Response Body
[2024-12-10T06:42:15.164Z] Error writing to Modbus register: A Modbus Exception Occurred - See Response Body
[2024-12-10T06:42:16.168Z] Error reading or processing Modbus registers: A Modbus Exception Occurred - See Response Body
[2024-12-10T06:42:16.171Z] Error reading register 6507 for IP 10.30.4.128: A Modbus Exception Occurred - See Response Body
[2024-12-10T06:42:16.171Z] Error reading actual data: A Modbus Exception Occurred - See Response Body
[2024-12-10T06:42:16.172Z] Error writing to Modbus register: A Modbus Exception Occurred - See Response Body
[2024-12-10T06:42:17.182Z] Error reading or processing Modbus registers: A Modbus Exception Occurred - See Response Body
[2024-12-10T06:42:17.184Z] Error reading register 6507 for IP 10.30.4.128: A Modbus Exception Occurred - See Response Body
[2024-12-10T06:42:17.185Z] Error reading actual data: A Modbus Exception Occurred - See Response Body
[2024-12-10T06:42:17.186Z] Error writing to Modbus register: A Modbus Exception Occurred - See Response Body
[2024-12-10T06:42:18.198Z] Error reading or processing Modbus registers: A Modbus Exception Occurred - See Response Body
[2024-12-10T06:42:18.200Z] Error reading register 6507 for IP 10.30.4.128: A Modbus Exception Occurred - See Response Body
[2024-12-10T06:42:18.201Z] Error reading actual data: A Modbus Exception Occurred - See Response Body
[2024-12-10T06:42:18.201Z] Error writing to Modbus register: A Modbus Exception Occurred - See Response Body
[2024-12-10T06:42:19.210Z] Error reading or processing Modbus registers: A Modbus Exception Occurred - See Response Body
[2024-12-10T06:42:19.212Z] Error reading register 6507 for IP 10.30.4.128: A Modbus Exception Occurred - See Response Body
[2024-12-10T06:42:19.213Z] Error reading actual data: A Modbus Exception Occurred - See Response Body
[2024-12-10T06:42:19.213Z] Error writing to Modbus register: A Modbus Exception Occurred - See Response Body
[2024-12-10T06:42:20.224Z] Error reading or processing Modbus registers: A Modbus Exception Occurred - See Response Body
[2024-12-10T06:42:20.226Z] Error reading register 6507 for IP 10.30.4.128: A Modbus Exception Occurred - See Response Body
[2024-12-10T06:42:20.227Z] Error reading actual data: A Modbus Exception Occurred - See Response Body
[2024-12-10T06:42:20.227Z] Error writing to Modbus register: A Modbus Exception Occurred - See Response Body
[2024-12-10T06:42:21.224Z] Error reading or processing Modbus registers: A Modbus Exception Occurred - See Response Body
[2024-12-10T06:42:21.226Z] Error reading register 6507 for IP 10.30.4.128: A Modbus Exception Occurred - See Response Body
[2024-12-10T06:42:21.227Z] Error reading actual data: A Modbus Exception Occurred - See Response Body
[2024-12-10T06:42:21.228Z] Error writing to Modbus register: A Modbus Exception Occurred - See Response Body
[2024-12-10T06:42:22.231Z] Error reading or processing Modbus registers: A Modbus Exception Occurred - See Response Body
[2024-12-10T06:42:22.233Z] Error reading register 6507 for IP 10.30.4.128: A Modbus Exception Occurred - See Response Body
[2024-12-10T06:42:22.234Z] Error reading actual data: A Modbus Exception Occurred - See Response Body
[2024-12-10T06:42:22.235Z] Error writing to Modbus register: A Modbus Exception Occurred - See Response Body
[2024-12-10T06:42:23.233Z] Error reading or processing Modbus registers: A Modbus Exception Occurred - See Response Body
[2024-12-10T06:42:23.235Z] Error reading register 6507 for IP 10.30.4.128: A Modbus Exception Occurred - See Response Body
[2024-12-10T06:42:23.236Z] Error reading actual data: A Modbus Exception Occurred - See Response Body
[2024-12-10T06:42:23.237Z] Error writing to Modbus register: A Modbus Exception Occurred - See Response Body
[2024-12-10T06:42:24.233Z] Error reading or processing Modbus registers: A Modbus Exception Occurred - See Response Body
[2024-12-10T06:42:24.236Z] Error reading register 6507 for IP 10.30.4.128: A Modbus Exception Occurred - See Response Body
[2024-12-10T06:42:24.237Z] Error reading actual data: A Modbus Exception Occurred - See Response Body
[2024-12-10T06:42:24.237Z] Error writing to Modbus register: A Modbus Exception Occurred - See Response Body
[2024-12-10T06:42:25.245Z] Error reading or processing Modbus registers: A Modbus Exception Occurred - See Response Body
[2024-12-10T06:42:25.247Z] Error reading register 6507 for IP 10.30.4.128: A Modbus Exception Occurred - See Response Body
[2024-12-10T06:42:25.248Z] Error reading actual data: A Modbus Exception Occurred - See Response Body
[2024-12-10T06:42:25.249Z] Error writing to Modbus register: A Modbus Exception Occurred - See Response Body
[2024-12-10T06:42:26.258Z] Error reading or processing Modbus registers: A Modbus Exception Occurred - See Response Body
[2024-12-10T06:42:26.260Z] Error reading register 6507 for IP 10.30.4.128: A Modbus Exception Occurred - See Response Body
[2024-12-10T06:42:26.261Z] Error reading actual data: A Modbus Exception Occurred - See Response Body
[2024-12-10T06:42:26.262Z] Error writing to Modbus register: A Modbus Exception Occurred - See Response Body
[2024-12-10T06:42:27.274Z] Error reading or processing Modbus registers: A Modbus Exception Occurred - See Response Body
[2024-12-10T06:42:27.276Z] Error reading register 6507 for IP 10.30.4.128: A Modbus Exception Occurred - See Response Body
[2024-12-10T06:42:27.277Z] Error reading actual data: A Modbus Exception Occurred - See Response Body
[2024-12-10T06:42:27.278Z] Error writing to Modbus register: A Modbus Exception Occurred - See Response Body
[2024-12-10T06:42:28.275Z] Error reading or processing Modbus registers: A Modbus Exception Occurred - See Response Body
[2024-12-10T06:42:28.278Z] Error reading register 6507 for IP 10.30.4.128: A Modbus Exception Occurred - See Response Body
[2024-12-10T06:42:28.279Z] Error reading actual data: A Modbus Exception Occurred - See Response Body
[2024-12-10T06:42:28.279Z] Error writing to Modbus register: A Modbus Exception Occurred - See Response Body
[2024-12-10T06:42:29.279Z] Error reading or processing Modbus registers: A Modbus Exception Occurred - See Response Body
[2024-12-10T06:42:29.282Z] Error reading register 6507 for IP 10.30.4.128: A Modbus Exception Occurred - See Response Body
[2024-12-10T06:42:29.283Z] Error reading actual data: A Modbus Exception Occurred - See Response Body
[2024-12-10T06:42:29.284Z] Error writing to Modbus register: A Modbus Exception Occurred - See Response Body
[2024-12-10T06:42:30.281Z] Error reading or processing Modbus registers: A Modbus Exception Occurred - See Response Body
[2024-12-10T06:42:30.284Z] Error reading register 6507 for IP 10.30.4.128: A Modbus Exception Occurred - See Response Body
[2024-12-10T06:42:30.285Z] Error reading actual data: A Modbus Exception Occurred - See Response Body
[2024-12-10T06:42:30.286Z] Error writing to Modbus register: A Modbus Exception Occurred - See Response Body
[2024-12-10T06:42:31.295Z] Error reading or processing Modbus registers: A Modbus Exception Occurred - See Response Body
[2024-12-10T06:42:31.298Z] Error reading register 6507 for IP 10.30.4.128: A Modbus Exception Occurred - See Response Body
[2024-12-10T06:42:31.299Z] Error reading actual data: A Modbus Exception Occurred - See Response Body
[2024-12-10T06:42:31.299Z] Error writing to Modbus register: A Modbus Exception Occurred - See Response Body
[2024-12-10T06:42:32.310Z] Error reading or processing Modbus registers: A Modbus Exception Occurred - See Response Body
[2024-12-10T06:42:32.313Z] Error reading register 6507 for IP 10.30.4.128: A Modbus Exception Occurred - See Response Body
[2024-12-10T06:42:32.314Z] Error reading actual data: A Modbus Exception Occurred - See Response Body
[2024-12-10T06:42:32.314Z] Error writing to Modbus register: A Modbus Exception Occurred - See Response Body
[2024-12-10T06:42:33.323Z] Error reading or processing Modbus registers: A Modbus Exception Occurred - See Response Body
[2024-12-10T06:42:33.325Z] Error reading register 6507 for IP 10.30.4.128: A Modbus Exception Occurred - See Response Body
[2024-12-10T06:42:33.326Z] Error reading actual data: A Modbus Exception Occurred - See Response Body
[2024-12-10T06:42:33.327Z] Error writing to Modbus register: A Modbus Exception Occurred - See Response Body
[2024-12-10T06:42:34.338Z] Error reading or processing Modbus registers: A Modbus Exception Occurred - See Response Body
[2024-12-10T06:42:34.341Z] Error reading register 6507 for IP 10.30.4.128: A Modbus Exception Occurred - See Response Body
[2024-12-10T06:42:34.342Z] Error reading actual data: A Modbus Exception Occurred - See Response Body
[2024-12-10T06:42:34.343Z] Error writing to Modbus register: A Modbus Exception Occurred - See Response Body
[2024-12-10T06:42:35.350Z] Error reading or processing Modbus registers: A Modbus Exception Occurred - See Response Body
[2024-12-10T06:42:35.352Z] Error reading register 6507 for IP 10.30.4.128: A Modbus Exception Occurred - See Response Body
[2024-12-10T06:42:35.353Z] Error reading actual data: A Modbus Exception Occurred - See Response Body
[2024-12-10T06:42:35.353Z] Error writing to Modbus register: A Modbus Exception Occurred - See Response Body
[2024-12-10T06:42:36.354Z] Error reading or processing Modbus registers: A Modbus Exception Occurred - See Response Body
[2024-12-10T06:42:36.357Z] Error reading register 6507 for IP 10.30.4.128: A Modbus Exception Occurred - See Response Body
[2024-12-10T06:42:36.357Z] Error reading actual data: A Modbus Exception Occurred - See Response Body
[2024-12-10T06:42:36.358Z] Error writing to Modbus register: A Modbus Exception Occurred - See Response Body
[2024-12-10T06:42:37.365Z] Error reading or processing Modbus registers: A Modbus Exception Occurred - See Response Body
[2024-12-10T06:42:37.368Z] Error reading register 6507 for IP 10.30.4.128: A Modbus Exception Occurred - See Response Body
[2024-12-10T06:42:37.369Z] Error reading actual data: A Modbus Exception Occurred - See Response Body
[2024-12-10T06:42:37.369Z] Error writing to Modbus register: A Modbus Exception Occurred - See Response Body
[2024-12-10T06:42:38.367Z] Error reading or processing Modbus registers: A Modbus Exception Occurred - See Response Body
[2024-12-10T06:42:38.369Z] Error reading register 6507 for IP 10.30.4.128: A Modbus Exception Occurred - See Response Body
[2024-12-10T06:42:38.370Z] Error reading actual data: A Modbus Exception Occurred - See Response Body
[2024-12-10T06:42:38.371Z] Error writing to Modbus register: A Modbus Exception Occurred - See Response Body
[2024-12-10T06:42:39.370Z] Error reading or processing Modbus registers: A Modbus Exception Occurred - See Response Body
[2024-12-10T06:42:39.372Z] Error reading register 6507 for IP 10.30.4.128: A Modbus Exception Occurred - See Response Body
[2024-12-10T06:42:39.373Z] Error reading actual data: A Modbus Exception Occurred - See Response Body
[2024-12-10T06:42:39.373Z] Error writing to Modbus register: A Modbus Exception Occurred - See Response Body
[2024-12-10T06:42:40.380Z] Error reading or processing Modbus registers: A Modbus Exception Occurred - See Response Body
[2024-12-10T06:42:40.382Z] Error reading register 6507 for IP 10.30.4.128: A Modbus Exception Occurred - See Response Body
[2024-12-10T06:42:40.383Z] Error reading actual data: A Modbus Exception Occurred - See Response Body
[2024-12-10T06:42:40.384Z] Error writing to Modbus register: A Modbus Exception Occurred - See Response Body
[2024-12-10T06:42:41.396Z] Error reading or processing Modbus registers: A Modbus Exception Occurred - See Response Body
[2024-12-10T06:42:41.398Z] Error reading register 6507 for IP 10.30.4.128: A Modbus Exception Occurred - See Response Body
[2024-12-10T06:42:41.399Z] Error reading actual data: A Modbus Exception Occurred - See Response Body
[2024-12-10T06:42:41.400Z] Error writing to Modbus register: A Modbus Exception Occurred - See Response Body
[2024-12-10T06:42:42.411Z] Error reading or processing Modbus registers: A Modbus Exception Occurred - See Response Body
[2024-12-10T06:42:42.413Z] Error reading register 6507 for IP 10.30.4.128: A Modbus Exception Occurred - See Response Body
[2024-12-10T06:42:42.414Z] Error reading actual data: A Modbus Exception Occurred - See Response Body
[2024-12-10T06:42:42.415Z] Error writing to Modbus register: A Modbus Exception Occurred - See Response Body
[2024-12-10T06:42:43.427Z] Error reading or processing Modbus registers: A Modbus Exception Occurred - See Response Body
[2024-12-10T06:42:43.431Z] Error reading register 6507 for IP 10.30.4.128: A Modbus Exception Occurred - See Response Body
[2024-12-10T06:42:43.432Z] Error reading actual data: A Modbus Exception Occurred - See Response Body
[2024-12-10T06:42:43.433Z] Error writing to Modbus register: A Modbus Exception Occurred - See Response Body
[2024-12-10T06:42:44.429Z] Error reading or processing Modbus registers: A Modbus Exception Occurred - See Response Body
[2024-12-10T06:42:44.431Z] Error reading register 6507 for IP 10.30.4.128: A Modbus Exception Occurred - See Response Body
[2024-12-10T06:42:44.433Z] Error reading actual data: A Modbus Exception Occurred - See Response Body
[2024-12-10T06:42:44.434Z] Error writing to Modbus register: A Modbus Exception Occurred - See Response Body
[2024-12-10T06:42:45.431Z] Error reading or processing Modbus registers: A Modbus Exception Occurred - See Response Body
[2024-12-10T06:42:45.433Z] Error reading register 6507 for IP 10.30.4.128: A Modbus Exception Occurred - See Response Body
[2024-12-10T06:42:45.434Z] Error reading actual data: A Modbus Exception Occurred - See Response Body
[2024-12-10T06:42:45.434Z] Error writing to Modbus register: A Modbus Exception Occurred - See Response Body
[2024-12-10T06:42:46.433Z] Error reading or processing Modbus registers: A Modbus Exception Occurred - See Response Body
[2024-12-10T06:42:46.435Z] Error reading register 6507 for IP 10.30.4.128: A Modbus Exception Occurred - See Response Body
[2024-12-10T06:42:46.436Z] Error reading actual data: A Modbus Exception Occurred - See Response Body
[2024-12-10T06:42:46.437Z] Error writing to Modbus register: A Modbus Exception Occurred - See Response Body
[2024-12-10T06:42:47.447Z] Error reading or processing Modbus registers: A Modbus Exception Occurred - See Response Body
[2024-12-10T06:42:47.449Z] Error reading register 6507 for IP 10.30.4.128: A Modbus Exception Occurred - See Response Body
[2024-12-10T06:42:47.450Z] Error reading actual data: A Modbus Exception Occurred - See Response Body
[2024-12-10T06:42:47.450Z] Error writing to Modbus register: A Modbus Exception Occurred - See Response Body
[2024-12-10T06:42:48.461Z] Error reading or processing Modbus registers: A Modbus Exception Occurred - See Response Body
[2024-12-10T06:42:48.463Z] Error reading register 6507 for IP 10.30.4.128: A Modbus Exception Occurred - See Response Body
[2024-12-10T06:42:48.464Z] Error reading actual data: A Modbus Exception Occurred - See Response Body
[2024-12-10T06:42:48.465Z] Error writing to Modbus register: A Modbus Exception Occurred - See Response Body
[2024-12-10T06:42:49.462Z] Error reading or processing Modbus registers: A Modbus Exception Occurred - See Response Body
[2024-12-10T06:42:49.464Z] Error reading register 6507 for IP 10.30.4.128: A Modbus Exception Occurred - See Response Body
[2024-12-10T06:42:49.465Z] Error reading actual data: A Modbus Exception Occurred - See Response Body
[2024-12-10T06:42:49.465Z] Error writing to Modbus register: A Modbus Exception Occurred - See Response Body
[2024-12-10T06:42:50.476Z] Error reading or processing Modbus registers: A Modbus Exception Occurred - See Response Body
[2024-12-10T06:42:50.478Z] Error reading register 6507 for IP 10.30.4.128: A Modbus Exception Occurred - See Response Body
[2024-12-10T06:42:50.479Z] Error reading actual data: A Modbus Exception Occurred - See Response Body
[2024-12-10T06:42:50.480Z] Error writing to Modbus register: A Modbus Exception Occurred - See Response Body
[2024-12-10T06:42:51.476Z] Error reading or processing Modbus registers: A Modbus Exception Occurred - See Response Body
[2024-12-10T06:42:51.478Z] Error reading register 6507 for IP 10.30.4.128: A Modbus Exception Occurred - See Response Body
[2024-12-10T06:42:51.479Z] Error reading actual data: A Modbus Exception Occurred - See Response Body
[2024-12-10T06:42:51.480Z] Error writing to Modbus register: A Modbus Exception Occurred - See Response Body
[2024-12-10T06:42:52.477Z] Error reading or processing Modbus registers: A Modbus Exception Occurred - See Response Body
[2024-12-10T06:42:52.479Z] Error reading register 6507 for IP 10.30.4.128: A Modbus Exception Occurred - See Response Body
[2024-12-10T06:42:52.480Z] Error reading actual data: A Modbus Exception Occurred - See Response Body
[2024-12-10T06:42:52.481Z] Error writing to Modbus register: A Modbus Exception Occurred - See Response Body
[2024-12-10T06:42:53.491Z] Error reading or processing Modbus registers: A Modbus Exception Occurred - See Response Body
[2024-12-10T06:42:53.494Z] Error reading register 6507 for IP 10.30.4.128: A Modbus Exception Occurred - See Response Body
[2024-12-10T06:42:53.495Z] Error reading actual data: A Modbus Exception Occurred - See Response Body
[2024-12-10T06:42:53.495Z] Error writing to Modbus register: A Modbus Exception Occurred - See Response Body
[2024-12-10T06:42:54.490Z] Error reading or processing Modbus registers: A Modbus Exception Occurred - See Response Body
[2024-12-10T06:42:54.493Z] Error reading register 6507 for IP 10.30.4.128: A Modbus Exception Occurred - See Response Body
[2024-12-10T06:42:54.494Z] Error reading actual data: A Modbus Exception Occurred - See Response Body
[2024-12-10T06:42:54.494Z] Error writing to Modbus register: A Modbus Exception Occurred - See Response Body
[2024-12-10T06:42:55.505Z] Error reading or processing Modbus registers: A Modbus Exception Occurred - See Response Body
[2024-12-10T06:42:55.507Z] Error reading register 6507 for IP 10.30.4.128: A Modbus Exception Occurred - See Response Body
[2024-12-10T06:42:55.508Z] Error reading actual data: A Modbus Exception Occurred - See Response Body
[2024-12-10T06:42:55.509Z] Error writing to Modbus register: A Modbus Exception Occurred - See Response Body
[2024-12-10T06:42:56.516Z] Error reading or processing Modbus registers: A Modbus Exception Occurred - See Response Body
[2024-12-10T06:42:56.518Z] Error reading register 6507 for IP 10.30.4.128: A Modbus Exception Occurred - See Response Body
[2024-12-10T06:42:56.519Z] Error reading actual data: A Modbus Exception Occurred - See Response Body
[2024-12-10T06:42:56.519Z] Error writing to Modbus register: A Modbus Exception Occurred - See Response Body
[2024-12-10T06:42:57.516Z] Error reading or processing Modbus registers: A Modbus Exception Occurred - See Response Body
[2024-12-10T06:42:57.518Z] Error reading register 6507 for IP 10.30.4.128: A Modbus Exception Occurred - See Response Body
[2024-12-10T06:42:57.519Z] Error reading actual data: A Modbus Exception Occurred - See Response Body
[2024-12-10T06:42:57.520Z] Error writing to Modbus register: A Modbus Exception Occurred - See Response Body
[2024-12-10T06:42:58.530Z] Error reading or processing Modbus registers: A Modbus Exception Occurred - See Response Body
[2024-12-10T06:42:58.532Z] Error reading register 6507 for IP 10.30.4.128: A Modbus Exception Occurred - See Response Body
[2024-12-10T06:42:58.533Z] Error reading actual data: A Modbus Exception Occurred - See Response Body
[2024-12-10T06:42:58.533Z] Error writing to Modbus register: A Modbus Exception Occurred - See Response Body
[2024-12-10T06:42:59.535Z] Error reading or processing Modbus registers: A Modbus Exception Occurred - See Response Body
[2024-12-10T06:42:59.537Z] Error reading register 6507 for IP 10.30.4.128: A Modbus Exception Occurred - See Response Body
[2024-12-10T06:42:59.538Z] Error reading actual data: A Modbus Exception Occurred - See Response Body
[2024-12-10T06:42:59.539Z] Error writing to Modbus register: A Modbus Exception Occurred - See Response Body
[2024-12-10T06:43:00.548Z] Error reading or processing Modbus registers: A Modbus Exception Occurred - See Response Body
[2024-12-10T06:43:00.551Z] Error reading register 6507 for IP 10.30.4.128: A Modbus Exception Occurred - See Response Body
[2024-12-10T06:43:00.552Z] Error reading actual data: A Modbus Exception Occurred - See Response Body
[2024-12-10T06:43:00.552Z] Error writing to Modbus register: A Modbus Exception Occurred - See Response Body
[2024-12-10T06:43:01.549Z] Error reading or processing Modbus registers: A Modbus Exception Occurred - See Response Body
[2024-12-10T06:43:01.552Z] Error reading register 6507 for IP 10.30.4.128: A Modbus Exception Occurred - See Response Body
[2024-12-10T06:43:01.552Z] Error reading actual data: A Modbus Exception Occurred - See Response Body
[2024-12-10T06:43:01.553Z] Error writing to Modbus register: A Modbus Exception Occurred - See Response Body
[2024-12-10T06:43:02.548Z] Error reading or processing Modbus registers: A Modbus Exception Occurred - See Response Body
[2024-12-10T06:43:02.551Z] Error reading register 6507 for IP 10.30.4.128: A Modbus Exception Occurred - See Response Body
[2024-12-10T06:43:02.552Z] Error reading actual data: A Modbus Exception Occurred - See Response Body
[2024-12-10T06:43:02.552Z] Error writing to Modbus register: A Modbus Exception Occurred - See Response Body
[2024-12-10T06:43:03.560Z] Error reading or processing Modbus registers: A Modbus Exception Occurred - See Response Body
[2024-12-10T06:43:03.562Z] Error reading register 6507 for IP 10.30.4.128: A Modbus Exception Occurred - See Response Body
[2024-12-10T06:43:03.563Z] Error reading actual data: A Modbus Exception Occurred - See Response Body
[2024-12-10T06:43:03.563Z] Error writing to Modbus register: A Modbus Exception Occurred - See Response Body
[2024-12-10T06:43:04.574Z] Error reading or processing Modbus registers: A Modbus Exception Occurred - See Response Body
[2024-12-10T06:43:04.577Z] Error reading register 6507 for IP 10.30.4.128: A Modbus Exception Occurred - See Response Body
[2024-12-10T06:43:04.580Z] Error reading actual data: A Modbus Exception Occurred - See Response Body
[2024-12-10T06:43:04.580Z] Error writing to Modbus register: A Modbus Exception Occurred - See Response Body
[2024-12-10T06:43:05.573Z] Error reading or processing Modbus registers: A Modbus Exception Occurred - See Response Body
[2024-12-10T06:43:05.578Z] Error reading register 6507 for IP 10.30.4.128: A Modbus Exception Occurred - See Response Body
[2024-12-10T06:43:05.579Z] Error reading actual data: A Modbus Exception Occurred - See Response Body
[2024-12-10T06:43:05.579Z] Error writing to Modbus register: A Modbus Exception Occurred - See Response Body
[2024-12-10T06:43:06.585Z] Error reading or processing Modbus registers: A Modbus Exception Occurred - See Response Body
[2024-12-10T06:43:06.587Z] Error reading register 6507 for IP 10.30.4.128: A Modbus Exception Occurred - See Response Body
[2024-12-10T06:43:06.588Z] Error reading actual data: A Modbus Exception Occurred - See Response Body
[2024-12-10T06:43:06.588Z] Error writing to Modbus register: A Modbus Exception Occurred - See Response Body
[2024-12-10T06:43:07.599Z] Error reading or processing Modbus registers: A Modbus Exception Occurred - See Response Body
[2024-12-10T06:43:07.602Z] Error reading register 6507 for IP 10.30.4.128: A Modbus Exception Occurred - See Response Body
[2024-12-10T06:43:07.603Z] Error reading actual data: A Modbus Exception Occurred - See Response Body
[2024-12-10T06:43:07.603Z] Error writing to Modbus register: A Modbus Exception Occurred - See Response Body
[2024-12-10T06:43:08.599Z] Error reading or processing Modbus registers: A Modbus Exception Occurred - See Response Body
[2024-12-10T06:43:08.601Z] Error reading register 6507 for IP 10.30.4.128: A Modbus Exception Occurred - See Response Body
[2024-12-10T06:43:08.602Z] Error reading actual data: A Modbus Exception Occurred - See Response Body
[2024-12-10T06:43:08.602Z] Error writing to Modbus register: A Modbus Exception Occurred - See Response Body
[2024-12-10T06:43:09.613Z] Error reading or processing Modbus registers: A Modbus Exception Occurred - See Response Body
[2024-12-10T06:43:09.616Z] Error reading register 6507 for IP 10.30.4.128: A Modbus Exception Occurred - See Response Body
[2024-12-10T06:43:09.617Z] Error reading actual data: A Modbus Exception Occurred - See Response Body
[2024-12-10T06:43:09.617Z] Error writing to Modbus register: A Modbus Exception Occurred - See Response Body
[2024-12-10T06:43:10.625Z] Error reading or processing Modbus registers: A Modbus Exception Occurred - See Response Body
[2024-12-10T06:43:10.628Z] Error reading register 6507 for IP 10.30.4.128: A Modbus Exception Occurred - See Response Body
[2024-12-10T06:43:10.628Z] Error reading actual data: A Modbus Exception Occurred - See Response Body
[2024-12-10T06:43:10.629Z] Error writing to Modbus register: A Modbus Exception Occurred - See Response Body
[2024-12-10T06:43:11.636Z] Error reading or processing Modbus registers: A Modbus Exception Occurred - See Response Body
[2024-12-10T06:43:11.640Z] Error reading register 6507 for IP 10.30.4.128: A Modbus Exception Occurred - See Response Body
[2024-12-10T06:43:11.641Z] Error reading actual data: A Modbus Exception Occurred - See Response Body
[2024-12-10T06:43:11.641Z] Error writing to Modbus register: A Modbus Exception Occurred - See Response Body
[2024-12-10T06:43:12.650Z] Error reading or processing Modbus registers: A Modbus Exception Occurred - See Response Body
[2024-12-10T06:43:12.653Z] Error reading register 6507 for IP 10.30.4.128: A Modbus Exception Occurred - See Response Body
[2024-12-10T06:43:12.653Z] Error reading actual data: A Modbus Exception Occurred - See Response Body
[2024-12-10T06:43:12.654Z] Error writing to Modbus register: A Modbus Exception Occurred - See Response Body
[2024-12-10T06:43:13.651Z] Error reading or processing Modbus registers: A Modbus Exception Occurred - See Response Body
[2024-12-10T06:43:13.654Z] Error reading register 6507 for IP 10.30.4.128: A Modbus Exception Occurred - See Response Body
[2024-12-10T06:43:13.655Z] Error reading actual data: A Modbus Exception Occurred - See Response Body
[2024-12-10T06:43:13.655Z] Error writing to Modbus register: A Modbus Exception Occurred - See Response Body
[2024-12-10T06:43:14.653Z] Error reading or processing Modbus registers: A Modbus Exception Occurred - See Response Body
[2024-12-10T06:43:14.677Z] Error reading register 6507 for IP 10.30.4.128: A Modbus Exception Occurred - See Response Body
[2024-12-10T06:43:14.678Z] Error reading actual data: A Modbus Exception Occurred - See Response Body
[2024-12-10T06:43:14.678Z] Error writing to Modbus register: A Modbus Exception Occurred - See Response Body
[2024-12-10T06:43:15.665Z] Error reading or processing Modbus registers: A Modbus Exception Occurred - See Response Body
[2024-12-10T06:43:15.667Z] Error reading register 6507 for IP 10.30.4.128: A Modbus Exception Occurred - See Response Body
[2024-12-10T06:43:15.668Z] Error reading actual data: A Modbus Exception Occurred - See Response Body
[2024-12-10T06:43:15.668Z] Error writing to Modbus register: A Modbus Exception Occurred - See Response Body
[2024-12-10T06:43:16.677Z] Error reading or processing Modbus registers: A Modbus Exception Occurred - See Response Body
[2024-12-10T06:43:16.680Z] Error reading register 6507 for IP 10.30.4.128: A Modbus Exception Occurred - See Response Body
[2024-12-10T06:43:16.681Z] Error reading actual data: A Modbus Exception Occurred - See Response Body
[2024-12-10T06:43:16.681Z] Error writing to Modbus register: A Modbus Exception Occurred - See Response Body
[2024-12-10T06:43:17.689Z] Error reading or processing Modbus registers: A Modbus Exception Occurred - See Response Body
[2024-12-10T06:43:17.692Z] Error reading register 6507 for IP 10.30.4.128: A Modbus Exception Occurred - See Response Body
[2024-12-10T06:43:17.693Z] Error reading actual data: A Modbus Exception Occurred - See Response Body
[2024-12-10T06:43:17.693Z] Error writing to Modbus register: A Modbus Exception Occurred - See Response Body
[2024-12-10T06:43:18.692Z] Error reading or processing Modbus registers: A Modbus Exception Occurred - See Response Body
[2024-12-10T06:43:18.694Z] Error reading register 6507 for IP 10.30.4.128: A Modbus Exception Occurred - See Response Body
[2024-12-10T06:43:18.695Z] Error reading actual data: A Modbus Exception Occurred - See Response Body
[2024-12-10T06:43:18.696Z] Error writing to Modbus register: A Modbus Exception Occurred - See Response Body
[2024-12-10T06:43:19.704Z] Error reading or processing Modbus registers: A Modbus Exception Occurred - See Response Body
[2024-12-10T06:43:19.707Z] Error reading register 6507 for IP 10.30.4.128: A Modbus Exception Occurred - See Response Body
[2024-12-10T06:43:19.708Z] Error reading actual data: A Modbus Exception Occurred - See Response Body
[2024-12-10T06:43:19.708Z] Error writing to Modbus register: A Modbus Exception Occurred - See Response Body
[2024-12-10T06:43:20.718Z] Error reading or processing Modbus registers: A Modbus Exception Occurred - See Response Body
[2024-12-10T06:43:20.721Z] Error reading register 6507 for IP 10.30.4.128: A Modbus Exception Occurred - See Response Body
[2024-12-10T06:43:20.722Z] Error reading actual data: A Modbus Exception Occurred - See Response Body
[2024-12-10T06:43:20.722Z] Error writing to Modbus register: A Modbus Exception Occurred - See Response Body
[2024-12-10T06:43:21.732Z] Error reading or processing Modbus registers: A Modbus Exception Occurred - See Response Body
[2024-12-10T06:43:21.735Z] Error reading register 6507 for IP 10.30.4.128: A Modbus Exception Occurred - See Response Body
[2024-12-10T06:43:21.735Z] Error reading actual data: A Modbus Exception Occurred - See Response Body
[2024-12-10T06:43:21.736Z] Error writing to Modbus register: A Modbus Exception Occurred - See Response Body
[2024-12-10T06:43:22.734Z] Error reading or processing Modbus registers: A Modbus Exception Occurred - See Response Body
[2024-12-10T06:43:22.736Z] Error reading register 6507 for IP 10.30.4.128: A Modbus Exception Occurred - See Response Body
[2024-12-10T06:43:22.738Z] Error reading actual data: A Modbus Exception Occurred - See Response Body
[2024-12-10T06:43:22.738Z] Error writing to Modbus register: A Modbus Exception Occurred - See Response Body
[2024-12-10T06:43:23.747Z] Error reading or processing Modbus registers: A Modbus Exception Occurred - See Response Body
[2024-12-10T06:43:23.750Z] Error reading register 6507 for IP 10.30.4.128: A Modbus Exception Occurred - See Response Body
[2024-12-10T06:43:23.751Z] Error reading actual data: A Modbus Exception Occurred - See Response Body
[2024-12-10T06:43:23.751Z] Error writing to Modbus register: A Modbus Exception Occurred - See Response Body
[2024-12-10T06:43:24.761Z] Error reading or processing Modbus registers: A Modbus Exception Occurred - See Response Body
[2024-12-10T06:43:24.764Z] Error reading register 6507 for IP 10.30.4.128: A Modbus Exception Occurred - See Response Body
[2024-12-10T06:43:24.764Z] Error reading actual data: A Modbus Exception Occurred - See Response Body
[2024-12-10T06:43:24.765Z] Error writing to Modbus register: A Modbus Exception Occurred - See Response Body
[2024-12-10T06:43:25.775Z] Error reading or processing Modbus registers: A Modbus Exception Occurred - See Response Body
[2024-12-10T06:43:25.779Z] Error reading register 6507 for IP 10.30.4.128: A Modbus Exception Occurred - See Response Body
[2024-12-10T06:43:25.780Z] Error reading actual data: A Modbus Exception Occurred - See Response Body
[2024-12-10T06:43:25.780Z] Error writing to Modbus register: A Modbus Exception Occurred - See Response Body
[2024-12-10T06:43:26.778Z] Error reading or processing Modbus registers: A Modbus Exception Occurred - See Response Body
[2024-12-10T06:43:26.780Z] Error reading register 6507 for IP 10.30.4.128: A Modbus Exception Occurred - See Response Body
[2024-12-10T06:43:26.781Z] Error reading actual data: A Modbus Exception Occurred - See Response Body
[2024-12-10T06:43:26.781Z] Error writing to Modbus register: A Modbus Exception Occurred - See Response Body
[2024-12-10T06:43:27.790Z] Error reading or processing Modbus registers: A Modbus Exception Occurred - See Response Body
[2024-12-10T06:43:27.792Z] Error reading register 6507 for IP 10.30.4.128: A Modbus Exception Occurred - See Response Body
[2024-12-10T06:43:27.793Z] Error reading actual data: A Modbus Exception Occurred - See Response Body
[2024-12-10T06:43:27.793Z] Error writing to Modbus register: A Modbus Exception Occurred - See Response Body
[2024-12-10T06:43:28.791Z] Error reading or processing Modbus registers: A Modbus Exception Occurred - See Response Body
[2024-12-10T06:43:28.793Z] Error reading register 6507 for IP 10.30.4.128: A Modbus Exception Occurred - See Response Body
[2024-12-10T06:43:28.793Z] Error reading actual data: A Modbus Exception Occurred - See Response Body
[2024-12-10T06:43:28.794Z] Error writing to Modbus register: A Modbus Exception Occurred - See Response Body
[2024-12-10T06:43:29.805Z] Error reading or processing Modbus registers: A Modbus Exception Occurred - See Response Body
[2024-12-10T06:43:29.808Z] Error reading register 6507 for IP 10.30.4.128: A Modbus Exception Occurred - See Response Body
[2024-12-10T06:43:29.808Z] Error reading actual data: A Modbus Exception Occurred - See Response Body
[2024-12-10T06:43:29.809Z] Error writing to Modbus register: A Modbus Exception Occurred - See Response Body
[2024-12-10T06:43:30.818Z] Error reading or processing Modbus registers: A Modbus Exception Occurred - See Response Body
[2024-12-10T06:43:30.820Z] Error reading register 6507 for IP 10.30.4.128: A Modbus Exception Occurred - See Response Body
[2024-12-10T06:43:30.821Z] Error reading actual data: A Modbus Exception Occurred - See Response Body
[2024-12-10T06:43:30.822Z] Error writing to Modbus register: A Modbus Exception Occurred - See Response Body
[2024-12-10T06:43:31.819Z] Error reading or processing Modbus registers: A Modbus Exception Occurred - See Response Body
[2024-12-10T06:43:31.821Z] Error reading register 6507 for IP 10.30.4.128: A Modbus Exception Occurred - See Response Body
[2024-12-10T06:43:31.822Z] Error reading actual data: A Modbus Exception Occurred - See Response Body
[2024-12-10T06:43:31.822Z] Error writing to Modbus register: A Modbus Exception Occurred - See Response Body
[2024-12-10T06:43:32.820Z] Error reading or processing Modbus registers: A Modbus Exception Occurred - See Response Body
[2024-12-10T06:43:32.822Z] Error reading register 6507 for IP 10.30.4.128: A Modbus Exception Occurred - See Response Body
[2024-12-10T06:43:32.823Z] Error reading actual data: A Modbus Exception Occurred - See Response Body
[2024-12-10T06:43:32.823Z] Error writing to Modbus register: A Modbus Exception Occurred - See Response Body
[2024-12-10T06:43:33.834Z] Error reading or processing Modbus registers: A Modbus Exception Occurred - See Response Body
[2024-12-10T06:43:33.836Z] Error reading register 6507 for IP 10.30.4.128: A Modbus Exception Occurred - See Response Body
[2024-12-10T06:43:33.837Z] Error reading actual data: A Modbus Exception Occurred - See Response Body
[2024-12-10T06:43:33.837Z] Error writing to Modbus register: A Modbus Exception Occurred - See Response Body
[2024-12-10T06:43:34.835Z] Error reading or processing Modbus registers: A Modbus Exception Occurred - See Response Body
[2024-12-10T06:43:34.838Z] Error reading register 6507 for IP 10.30.4.128: A Modbus Exception Occurred - See Response Body
[2024-12-10T06:43:34.839Z] Error reading actual data: A Modbus Exception Occurred - See Response Body
[2024-12-10T06:43:34.839Z] Error writing to Modbus register: A Modbus Exception Occurred - See Response Body
[2024-12-10T06:43:35.846Z] Error reading or processing Modbus registers: A Modbus Exception Occurred - See Response Body
[2024-12-10T06:43:35.849Z] Error reading register 6507 for IP 10.30.4.128: A Modbus Exception Occurred - See Response Body
[2024-12-10T06:43:35.850Z] Error reading actual data: A Modbus Exception Occurred - See Response Body
[2024-12-10T06:43:35.851Z] Error writing to Modbus register: A Modbus Exception Occurred - See Response Body
[2024-12-10T06:43:36.846Z] Error reading or processing Modbus registers: A Modbus Exception Occurred - See Response Body
[2024-12-10T06:43:36.849Z] Error reading register 6507 for IP 10.30.4.128: A Modbus Exception Occurred - See Response Body
[2024-12-10T06:43:36.849Z] Error reading actual data: A Modbus Exception Occurred - See Response Body
[2024-12-10T06:43:36.850Z] Error writing to Modbus register: A Modbus Exception Occurred - See Response Body
[2024-12-10T06:43:37.846Z] Error reading or processing Modbus registers: A Modbus Exception Occurred - See Response Body
[2024-12-10T06:43:37.849Z] Error reading register 6507 for IP 10.30.4.128: A Modbus Exception Occurred - See Response Body
[2024-12-10T06:43:37.850Z] Error reading actual data: A Modbus Exception Occurred - See Response Body
[2024-12-10T06:43:37.851Z] Error writing to Modbus register: A Modbus Exception Occurred - See Response Body
[2024-12-10T06:43:38.860Z] Error reading or processing Modbus registers: A Modbus Exception Occurred - See Response Body
[2024-12-10T06:43:38.863Z] Error reading register 6507 for IP 10.30.4.128: A Modbus Exception Occurred - See Response Body
[2024-12-10T06:43:38.863Z] Error reading actual data: A Modbus Exception Occurred - See Response Body
[2024-12-10T06:43:38.864Z] Error writing to Modbus register: A Modbus Exception Occurred - See Response Body
[2024-12-10T06:43:39.861Z] Error reading or processing Modbus registers: A Modbus Exception Occurred - See Response Body
[2024-12-10T06:43:39.864Z] Error reading register 6507 for IP 10.30.4.128: A Modbus Exception Occurred - See Response Body
[2024-12-10T06:43:39.864Z] Error reading actual data: A Modbus Exception Occurred - See Response Body
[2024-12-10T06:43:39.865Z] Error writing to Modbus register: A Modbus Exception Occurred - See Response Body
[2024-12-10T06:43:40.872Z] Error reading or processing Modbus registers: A Modbus Exception Occurred - See Response Body
[2024-12-10T06:43:40.875Z] Error reading register 6507 for IP 10.30.4.128: A Modbus Exception Occurred - See Response Body
[2024-12-10T06:43:40.876Z] Error reading actual data: A Modbus Exception Occurred - See Response Body
[2024-12-10T06:43:40.876Z] Error writing to Modbus register: A Modbus Exception Occurred - See Response Body
[2024-12-10T06:43:41.883Z] Error reading or processing Modbus registers: A Modbus Exception Occurred - See Response Body
[2024-12-10T06:43:41.886Z] Error reading register 6507 for IP 10.30.4.128: A Modbus Exception Occurred - See Response Body
[2024-12-10T06:43:41.886Z] Error reading actual data: A Modbus Exception Occurred - See Response Body
[2024-12-10T06:43:41.887Z] Error writing to Modbus register: A Modbus Exception Occurred - See Response Body
[2024-12-10T06:43:42.884Z] Error reading or processing Modbus registers: A Modbus Exception Occurred - See Response Body
[2024-12-10T06:43:42.887Z] Error reading register 6507 for IP 10.30.4.128: A Modbus Exception Occurred - See Response Body
[2024-12-10T06:43:42.888Z] Error reading actual data: A Modbus Exception Occurred - See Response Body
[2024-12-10T06:43:42.889Z] Error writing to Modbus register: A Modbus Exception Occurred - See Response Body
[2024-12-10T06:43:43.896Z] Error reading or processing Modbus registers: A Modbus Exception Occurred - See Response Body
[2024-12-10T06:43:43.898Z] Error reading register 6507 for IP 10.30.4.128: A Modbus Exception Occurred - See Response Body
[2024-12-10T06:43:43.899Z] Error reading actual data: A Modbus Exception Occurred - See Response Body
[2024-12-10T06:43:43.900Z] Error writing to Modbus register: A Modbus Exception Occurred - See Response Body
[2024-12-10T06:43:44.910Z] Error reading or processing Modbus registers: A Modbus Exception Occurred - See Response Body
[2024-12-10T06:43:44.913Z] Error reading register 6507 for IP 10.30.4.128: A Modbus Exception Occurred - See Response Body
[2024-12-10T06:43:44.914Z] Error reading actual data: A Modbus Exception Occurred - See Response Body
[2024-12-10T06:43:44.914Z] Error writing to Modbus register: A Modbus Exception Occurred - See Response Body
[2024-12-10T06:43:45.924Z] Error reading or processing Modbus registers: A Modbus Exception Occurred - See Response Body
[2024-12-10T06:43:45.927Z] Error reading register 6507 for IP 10.30.4.128: A Modbus Exception Occurred - See Response Body
[2024-12-10T06:43:45.928Z] Error reading actual data: A Modbus Exception Occurred - See Response Body
[2024-12-10T06:43:45.928Z] Error writing to Modbus register: A Modbus Exception Occurred - See Response Body
[2024-12-10T06:43:46.925Z] Error reading or processing Modbus registers: A Modbus Exception Occurred - See Response Body
[2024-12-10T06:43:46.927Z] Error reading register 6507 for IP 10.30.4.128: A Modbus Exception Occurred - See Response Body
[2024-12-10T06:43:46.928Z] Error reading actual data: A Modbus Exception Occurred - See Response Body
[2024-12-10T06:43:46.928Z] Error writing to Modbus register: A Modbus Exception Occurred - See Response Body
[2024-12-10T06:43:47.937Z] Error reading or processing Modbus registers: A Modbus Exception Occurred - See Response Body
[2024-12-10T06:43:47.940Z] Error reading register 6507 for IP 10.30.4.128: A Modbus Exception Occurred - See Response Body
[2024-12-10T06:43:47.941Z] Error reading actual data: A Modbus Exception Occurred - See Response Body
[2024-12-10T06:43:47.941Z] Error writing to Modbus register: A Modbus Exception Occurred - See Response Body
[2024-12-10T06:43:48.950Z] Error reading or processing Modbus registers: A Modbus Exception Occurred - See Response Body
[2024-12-10T06:43:48.953Z] Error reading register 6507 for IP 10.30.4.128: A Modbus Exception Occurred - See Response Body
[2024-12-10T06:43:48.953Z] Error reading actual data: A Modbus Exception Occurred - See Response Body
[2024-12-10T06:43:48.954Z] Error writing to Modbus register: A Modbus Exception Occurred - See Response Body
[2024-12-10T06:43:49.964Z] Error reading or processing Modbus registers: A Modbus Exception Occurred - See Response Body
[2024-12-10T06:43:49.966Z] Error reading register 6507 for IP 10.30.4.128: A Modbus Exception Occurred - See Response Body
[2024-12-10T06:43:49.966Z] Error reading actual data: A Modbus Exception Occurred - See Response Body
[2024-12-10T06:43:49.967Z] Error writing to Modbus register: A Modbus Exception Occurred - See Response Body
[2024-12-10T06:43:50.978Z] Error reading or processing Modbus registers: A Modbus Exception Occurred - See Response Body
[2024-12-10T06:43:50.980Z] Error reading register 6507 for IP 10.30.4.128: A Modbus Exception Occurred - See Response Body
[2024-12-10T06:43:50.981Z] Error reading actual data: A Modbus Exception Occurred - See Response Body
[2024-12-10T06:43:50.982Z] Error writing to Modbus register: A Modbus Exception Occurred - See Response Body
[2024-12-10T06:43:51.981Z] Error reading or processing Modbus registers: A Modbus Exception Occurred - See Response Body
[2024-12-10T06:43:51.983Z] Error reading register 6507 for IP 10.30.4.128: A Modbus Exception Occurred - See Response Body
[2024-12-10T06:43:51.984Z] Error reading actual data: A Modbus Exception Occurred - See Response Body
[2024-12-10T06:43:51.984Z] Error writing to Modbus register: A Modbus Exception Occurred - See Response Body
[2024-12-10T06:43:52.992Z] Error reading or processing Modbus registers: A Modbus Exception Occurred - See Response Body
[2024-12-10T06:43:52.995Z] Error reading register 6507 for IP 10.30.4.128: A Modbus Exception Occurred - See Response Body
[2024-12-10T06:43:52.995Z] Error reading actual data: A Modbus Exception Occurred - See Response Body
[2024-12-10T06:43:52.996Z] Error writing to Modbus register: A Modbus Exception Occurred - See Response Body
[2024-12-10T06:43:53.995Z] Error reading or processing Modbus registers: A Modbus Exception Occurred - See Response Body
[2024-12-10T06:43:53.997Z] Error reading register 6507 for IP 10.30.4.128: A Modbus Exception Occurred - See Response Body
[2024-12-10T06:43:53.998Z] Error reading actual data: A Modbus Exception Occurred - See Response Body
[2024-12-10T06:43:53.998Z] Error writing to Modbus register: A Modbus Exception Occurred - See Response Body
[2024-12-10T06:43:55.010Z] Error reading or processing Modbus registers: A Modbus Exception Occurred - See Response Body
[2024-12-10T06:43:55.012Z] Error reading register 6507 for IP 10.30.4.128: A Modbus Exception Occurred - See Response Body
[2024-12-10T06:43:55.013Z] Error reading actual data: A Modbus Exception Occurred - See Response Body
[2024-12-10T06:43:55.014Z] Error writing to Modbus register: A Modbus Exception Occurred - See Response Body
[2024-12-10T06:43:56.023Z] Error reading or processing Modbus registers: A Modbus Exception Occurred - See Response Body
[2024-12-10T06:43:56.025Z] Error reading register 6507 for IP 10.30.4.128: A Modbus Exception Occurred - See Response Body
[2024-12-10T06:43:56.026Z] Error reading actual data: A Modbus Exception Occurred - See Response Body
[2024-12-10T06:43:56.026Z] Error writing to Modbus register: A Modbus Exception Occurred - See Response Body
[2024-12-10T06:43:57.036Z] Error reading or processing Modbus registers: A Modbus Exception Occurred - See Response Body
[2024-12-10T06:43:57.040Z] Error reading register 6507 for IP 10.30.4.128: A Modbus Exception Occurred - See Response Body
[2024-12-10T06:43:57.041Z] Error reading actual data: A Modbus Exception Occurred - See Response Body
[2024-12-10T06:43:57.041Z] Error writing to Modbus register: A Modbus Exception Occurred - See Response Body
[2024-12-10T06:43:58.051Z] Error reading or processing Modbus registers: A Modbus Exception Occurred - See Response Body
[2024-12-10T06:43:58.053Z] Error reading register 6507 for IP 10.30.4.128: A Modbus Exception Occurred - See Response Body
[2024-12-10T06:43:58.054Z] Error reading actual data: A Modbus Exception Occurred - See Response Body
[2024-12-10T06:43:58.054Z] Error writing to Modbus register: A Modbus Exception Occurred - See Response Body
[2024-12-10T06:43:59.063Z] Error reading or processing Modbus registers: A Modbus Exception Occurred - See Response Body
[2024-12-10T06:43:59.066Z] Error reading register 6507 for IP 10.30.4.128: A Modbus Exception Occurred - See Response Body
[2024-12-10T06:43:59.066Z] Error reading actual data: A Modbus Exception Occurred - See Response Body
[2024-12-10T06:43:59.067Z] Error writing to Modbus register: A Modbus Exception Occurred - See Response Body
[2024-12-10T06:44:00.077Z] Error reading or processing Modbus registers: A Modbus Exception Occurred - See Response Body
[2024-12-10T06:44:00.079Z] Error reading register 6507 for IP 10.30.4.128: A Modbus Exception Occurred - See Response Body
[2024-12-10T06:44:00.080Z] Error reading actual data: A Modbus Exception Occurred - See Response Body
[2024-12-10T06:44:00.080Z] Error writing to Modbus register: A Modbus Exception Occurred - See Response Body
[2024-12-10T06:44:01.090Z] Error reading or processing Modbus registers: A Modbus Exception Occurred - See Response Body
[2024-12-10T06:44:01.093Z] Error reading register 6507 for IP 10.30.4.128: A Modbus Exception Occurred - See Response Body
[2024-12-10T06:44:01.093Z] Error reading actual data: A Modbus Exception Occurred - See Response Body
[2024-12-10T06:44:01.094Z] Error writing to Modbus register: A Modbus Exception Occurred - See Response Body
[2024-12-10T06:44:02.105Z] Error reading or processing Modbus registers: A Modbus Exception Occurred - See Response Body
[2024-12-10T06:44:02.108Z] Error reading register 6507 for IP 10.30.4.128: A Modbus Exception Occurred - See Response Body
[2024-12-10T06:44:02.109Z] Error reading actual data: A Modbus Exception Occurred - See Response Body
[2024-12-10T06:44:02.109Z] Error writing to Modbus register: A Modbus Exception Occurred - See Response Body
[2024-12-10T06:44:03.120Z] Error reading or processing Modbus registers: A Modbus Exception Occurred - See Response Body
[2024-12-10T06:44:03.122Z] Error reading register 6507 for IP 10.30.4.128: A Modbus Exception Occurred - See Response Body
[2024-12-10T06:44:03.123Z] Error reading actual data: A Modbus Exception Occurred - See Response Body
[2024-12-10T06:44:03.124Z] Error writing to Modbus register: A Modbus Exception Occurred - See Response Body
[2024-12-10T06:44:04.135Z] Error reading or processing Modbus registers: A Modbus Exception Occurred - See Response Body
[2024-12-10T06:44:04.137Z] Error reading register 6507 for IP 10.30.4.128: A Modbus Exception Occurred - See Response Body
[2024-12-10T06:44:04.138Z] Error reading actual data: A Modbus Exception Occurred - See Response Body
[2024-12-10T06:44:04.139Z] Error writing to Modbus register: A Modbus Exception Occurred - See Response Body
[2024-12-10T06:44:05.136Z] Error reading or processing Modbus registers: A Modbus Exception Occurred - See Response Body
[2024-12-10T06:44:05.138Z] Error reading register 6507 for IP 10.30.4.128: A Modbus Exception Occurred - See Response Body
[2024-12-10T06:44:05.138Z] Error reading actual data: A Modbus Exception Occurred - See Response Body
[2024-12-10T06:44:05.139Z] Error writing to Modbus register: A Modbus Exception Occurred - See Response Body
[2024-12-10T06:44:06.149Z] Error reading or processing Modbus registers: A Modbus Exception Occurred - See Response Body
[2024-12-10T06:44:06.152Z] Error reading register 6507 for IP 10.30.4.128: A Modbus Exception Occurred - See Response Body
[2024-12-10T06:44:06.153Z] Error reading actual data: A Modbus Exception Occurred - See Response Body
[2024-12-10T06:44:06.153Z] Error writing to Modbus register: A Modbus Exception Occurred - See Response Body
[2024-12-10T06:44:07.152Z] Error reading or processing Modbus registers: A Modbus Exception Occurred - See Response Body
[2024-12-10T06:44:07.155Z] Error reading register 6507 for IP 10.30.4.128: A Modbus Exception Occurred - See Response Body
[2024-12-10T06:44:07.155Z] Error reading actual data: A Modbus Exception Occurred - See Response Body
[2024-12-10T06:44:07.156Z] Error writing to Modbus register: A Modbus Exception Occurred - See Response Body
[2024-12-10T06:44:08.155Z] Error reading or processing Modbus registers: A Modbus Exception Occurred - See Response Body
[2024-12-10T06:44:08.157Z] Error reading register 6507 for IP 10.30.4.128: A Modbus Exception Occurred - See Response Body
[2024-12-10T06:44:08.158Z] Error reading actual data: A Modbus Exception Occurred - See Response Body
[2024-12-10T06:44:08.158Z] Error writing to Modbus register: A Modbus Exception Occurred - See Response Body
[2024-12-10T06:44:09.170Z] Error reading or processing Modbus registers: A Modbus Exception Occurred - See Response Body
[2024-12-10T06:44:09.172Z] Error reading register 6507 for IP 10.30.4.128: A Modbus Exception Occurred - See Response Body
[2024-12-10T06:44:09.173Z] Error reading actual data: A Modbus Exception Occurred - See Response Body
[2024-12-10T06:44:09.173Z] Error writing to Modbus register: A Modbus Exception Occurred - See Response Body
[2024-12-10T06:44:10.184Z] Error reading or processing Modbus registers: A Modbus Exception Occurred - See Response Body
[2024-12-10T06:44:10.186Z] Error reading register 6507 for IP 10.30.4.128: A Modbus Exception Occurred - See Response Body
[2024-12-10T06:44:10.187Z] Error reading actual data: A Modbus Exception Occurred - See Response Body
[2024-12-10T06:44:10.188Z] Error writing to Modbus register: A Modbus Exception Occurred - See Response Body
[2024-12-10T06:44:11.196Z] Error reading or processing Modbus registers: A Modbus Exception Occurred - See Response Body
[2024-12-10T06:44:11.198Z] Error reading register 6507 for IP 10.30.4.128: A Modbus Exception Occurred - See Response Body
[2024-12-10T06:44:11.199Z] Error reading actual data: A Modbus Exception Occurred - See Response Body
[2024-12-10T06:44:11.199Z] Error writing to Modbus register: A Modbus Exception Occurred - See Response Body
[2024-12-10T06:44:12.196Z] Error reading or processing Modbus registers: A Modbus Exception Occurred - See Response Body
[2024-12-10T06:44:12.199Z] Error reading register 6507 for IP 10.30.4.128: A Modbus Exception Occurred - See Response Body
[2024-12-10T06:44:12.199Z] Error reading actual data: A Modbus Exception Occurred - See Response Body
[2024-12-10T06:44:12.200Z] Error writing to Modbus register: A Modbus Exception Occurred - See Response Body
[2024-12-10T06:44:13.209Z] Error reading or processing Modbus registers: A Modbus Exception Occurred - See Response Body
[2024-12-10T06:44:13.212Z] Error reading register 6507 for IP 10.30.4.128: A Modbus Exception Occurred - See Response Body
[2024-12-10T06:44:13.213Z] Error reading actual data: A Modbus Exception Occurred - See Response Body
[2024-12-10T06:44:13.213Z] Error writing to Modbus register: A Modbus Exception Occurred - See Response Body
[2024-12-10T06:44:14.224Z] Error reading or processing Modbus registers: A Modbus Exception Occurred - See Response Body
[2024-12-10T06:44:14.226Z] Error reading register 6507 for IP 10.30.4.128: A Modbus Exception Occurred - See Response Body
[2024-12-10T06:44:14.227Z] Error reading actual data: A Modbus Exception Occurred - See Response Body
[2024-12-10T06:44:14.228Z] Error writing to Modbus register: A Modbus Exception Occurred - See Response Body
[2024-12-10T06:44:15.238Z] Error reading or processing Modbus registers: A Modbus Exception Occurred - See Response Body
[2024-12-10T06:44:15.241Z] Error reading register 6507 for IP 10.30.4.128: A Modbus Exception Occurred - See Response Body
[2024-12-10T06:44:15.242Z] Error reading actual data: A Modbus Exception Occurred - See Response Body
[2024-12-10T06:44:15.243Z] Error writing to Modbus register: A Modbus Exception Occurred - See Response Body
[2024-12-10T06:44:16.254Z] Error reading or processing Modbus registers: A Modbus Exception Occurred - See Response Body
[2024-12-10T06:44:16.256Z] Error reading register 6507 for IP 10.30.4.128: A Modbus Exception Occurred - See Response Body
[2024-12-10T06:44:16.256Z] Error reading actual data: A Modbus Exception Occurred - See Response Body
[2024-12-10T06:44:16.257Z] Error writing to Modbus register: A Modbus Exception Occurred - See Response Body
[2024-12-10T06:44:17.254Z] Error reading or processing Modbus registers: A Modbus Exception Occurred - See Response Body
[2024-12-10T06:44:17.256Z] Error reading register 6507 for IP 10.30.4.128: A Modbus Exception Occurred - See Response Body
[2024-12-10T06:44:17.257Z] Error reading actual data: A Modbus Exception Occurred - See Response Body
[2024-12-10T06:44:17.258Z] Error writing to Modbus register: A Modbus Exception Occurred - See Response Body
[2024-12-10T06:44:18.255Z] Error reading or processing Modbus registers: A Modbus Exception Occurred - See Response Body
[2024-12-10T06:44:18.257Z] Error reading register 6507 for IP 10.30.4.128: A Modbus Exception Occurred - See Response Body
[2024-12-10T06:44:18.258Z] Error reading actual data: A Modbus Exception Occurred - See Response Body
[2024-12-10T06:44:18.258Z] Error writing to Modbus register: A Modbus Exception Occurred - See Response Body
[2024-12-10T06:44:19.270Z] Error reading or processing Modbus registers: A Modbus Exception Occurred - See Response Body
[2024-12-10T06:44:19.272Z] Error reading register 6507 for IP 10.30.4.128: A Modbus Exception Occurred - See Response Body
[2024-12-10T06:44:19.273Z] Error reading actual data: A Modbus Exception Occurred - See Response Body
[2024-12-10T06:44:19.274Z] Error writing to Modbus register: A Modbus Exception Occurred - See Response Body
[2024-12-10T06:44:20.284Z] Error reading or processing Modbus registers: A Modbus Exception Occurred - See Response Body
[2024-12-10T06:44:20.287Z] Error reading register 6507 for IP 10.30.4.128: A Modbus Exception Occurred - See Response Body
[2024-12-10T06:44:20.288Z] Error reading actual data: A Modbus Exception Occurred - See Response Body
[2024-12-10T06:44:20.288Z] Error writing to Modbus register: A Modbus Exception Occurred - See Response Body
[2024-12-10T06:44:21.297Z] Error reading or processing Modbus registers: A Modbus Exception Occurred - See Response Body
[2024-12-10T06:44:21.299Z] Error reading register 6507 for IP 10.30.4.128: A Modbus Exception Occurred - See Response Body
[2024-12-10T06:44:21.300Z] Error reading actual data: A Modbus Exception Occurred - See Response Body
[2024-12-10T06:44:21.300Z] Error writing to Modbus register: A Modbus Exception Occurred - See Response Body
[2024-12-10T06:44:22.311Z] Error reading or processing Modbus registers: A Modbus Exception Occurred - See Response Body
[2024-12-10T06:44:22.314Z] Error reading register 6507 for IP 10.30.4.128: A Modbus Exception Occurred - See Response Body
[2024-12-10T06:44:22.315Z] Error reading actual data: A Modbus Exception Occurred - See Response Body
[2024-12-10T06:44:22.316Z] Error writing to Modbus register: A Modbus Exception Occurred - See Response Body
[2024-12-10T06:44:23.325Z] Error reading or processing Modbus registers: A Modbus Exception Occurred - See Response Body
[2024-12-10T06:44:23.328Z] Error reading register 6507 for IP 10.30.4.128: A Modbus Exception Occurred - See Response Body
[2024-12-10T06:44:23.329Z] Error reading actual data: A Modbus Exception Occurred - See Response Body
[2024-12-10T06:44:23.330Z] Error writing to Modbus register: A Modbus Exception Occurred - See Response Body
[2024-12-10T06:44:24.339Z] Error reading or processing Modbus registers: A Modbus Exception Occurred - See Response Body
[2024-12-10T06:44:24.343Z] Error reading register 6507 for IP 10.30.4.128: A Modbus Exception Occurred - See Response Body
[2024-12-10T06:44:24.344Z] Error reading actual data: A Modbus Exception Occurred - See Response Body
[2024-12-10T06:44:24.345Z] Error writing to Modbus register: A Modbus Exception Occurred - See Response Body
[2024-12-10T06:44:25.353Z] Error reading or processing Modbus registers: A Modbus Exception Occurred - See Response Body
[2024-12-10T06:44:25.355Z] Error reading register 6507 for IP 10.30.4.128: A Modbus Exception Occurred - See Response Body
[2024-12-10T06:44:25.356Z] Error reading actual data: A Modbus Exception Occurred - See Response Body
[2024-12-10T06:44:25.357Z] Error writing to Modbus register: A Modbus Exception Occurred - See Response Body
[2024-12-10T06:44:26.368Z] Error reading or processing Modbus registers: A Modbus Exception Occurred - See Response Body
[2024-12-10T06:44:26.370Z] Error reading register 6507 for IP 10.30.4.128: A Modbus Exception Occurred - See Response Body
[2024-12-10T06:44:26.370Z] Error reading actual data: A Modbus Exception Occurred - See Response Body
[2024-12-10T06:44:26.371Z] Error writing to Modbus register: A Modbus Exception Occurred - See Response Body
[2024-12-10T06:44:27.382Z] Error reading or processing Modbus registers: A Modbus Exception Occurred - See Response Body
[2024-12-10T06:44:27.384Z] Error reading register 6507 for IP 10.30.4.128: A Modbus Exception Occurred - See Response Body
[2024-12-10T06:44:27.385Z] Error reading actual data: A Modbus Exception Occurred - See Response Body
[2024-12-10T06:44:27.386Z] Error writing to Modbus register: A Modbus Exception Occurred - See Response Body
[2024-12-10T06:44:28.397Z] Error reading or processing Modbus registers: A Modbus Exception Occurred - See Response Body
[2024-12-10T06:44:28.399Z] Error reading register 6507 for IP 10.30.4.128: A Modbus Exception Occurred - See Response Body
[2024-12-10T06:44:28.400Z] Error reading actual data: A Modbus Exception Occurred - See Response Body
[2024-12-10T06:44:28.400Z] Error writing to Modbus register: A Modbus Exception Occurred - See Response Body
[2024-12-10T06:44:29.412Z] Error reading or processing Modbus registers: A Modbus Exception Occurred - See Response Body
[2024-12-10T06:44:29.414Z] Error reading register 6507 for IP 10.30.4.128: A Modbus Exception Occurred - See Response Body
[2024-12-10T06:44:29.415Z] Error reading actual data: A Modbus Exception Occurred - See Response Body
[2024-12-10T06:44:29.416Z] Error writing to Modbus register: A Modbus Exception Occurred - See Response Body
[2024-12-10T06:44:30.425Z] Error reading or processing Modbus registers: A Modbus Exception Occurred - See Response Body
[2024-12-10T06:44:30.427Z] Error reading register 6507 for IP 10.30.4.128: A Modbus Exception Occurred - See Response Body
[2024-12-10T06:44:30.428Z] Error reading actual data: A Modbus Exception Occurred - See Response Body
[2024-12-10T06:44:30.428Z] Error writing to Modbus register: A Modbus Exception Occurred - See Response Body
[2024-12-10T06:44:31.428Z] Error reading or processing Modbus registers: A Modbus Exception Occurred - See Response Body
[2024-12-10T06:44:31.430Z] Error reading register 6507 for IP 10.30.4.128: A Modbus Exception Occurred - See Response Body
[2024-12-10T06:44:31.430Z] Error reading actual data: A Modbus Exception Occurred - See Response Body
[2024-12-10T06:44:31.431Z] Error writing to Modbus register: A Modbus Exception Occurred - See Response Body
[2024-12-10T06:44:32.443Z] Error reading or processing Modbus registers: A Modbus Exception Occurred - See Response Body
[2024-12-10T06:44:32.445Z] Error reading register 6507 for IP 10.30.4.128: A Modbus Exception Occurred - See Response Body
[2024-12-10T06:44:32.446Z] Error reading actual data: A Modbus Exception Occurred - See Response Body
[2024-12-10T06:44:32.447Z] Error writing to Modbus register: A Modbus Exception Occurred - See Response Body
[2024-12-10T06:44:33.455Z] Error reading or processing Modbus registers: A Modbus Exception Occurred - See Response Body
[2024-12-10T06:44:33.458Z] Error reading register 6507 for IP 10.30.4.128: A Modbus Exception Occurred - See Response Body
[2024-12-10T06:44:33.459Z] Error reading actual data: A Modbus Exception Occurred - See Response Body
[2024-12-10T06:44:33.459Z] Error writing to Modbus register: A Modbus Exception Occurred - See Response Body
[2024-12-10T06:44:34.455Z] Error reading or processing Modbus registers: A Modbus Exception Occurred - See Response Body
[2024-12-10T06:44:34.457Z] Error reading register 6507 for IP 10.30.4.128: A Modbus Exception Occurred - See Response Body
[2024-12-10T06:44:34.458Z] Error reading actual data: A Modbus Exception Occurred - See Response Body
[2024-12-10T06:44:34.458Z] Error writing to Modbus register: A Modbus Exception Occurred - See Response Body
[2024-12-10T06:44:35.469Z] Error reading or processing Modbus registers: A Modbus Exception Occurred - See Response Body
[2024-12-10T06:44:35.471Z] Error reading register 6507 for IP 10.30.4.128: A Modbus Exception Occurred - See Response Body
[2024-12-10T06:44:35.473Z] Error reading actual data: A Modbus Exception Occurred - See Response Body
[2024-12-10T06:44:35.473Z] Error writing to Modbus register: A Modbus Exception Occurred - See Response Body
[2024-12-10T06:44:36.481Z] Error reading or processing Modbus registers: A Modbus Exception Occurred - See Response Body
[2024-12-10T06:44:36.483Z] Error reading register 6507 for IP 10.30.4.128: A Modbus Exception Occurred - See Response Body
[2024-12-10T06:44:36.484Z] Error reading actual data: A Modbus Exception Occurred - See Response Body
[2024-12-10T06:44:36.485Z] Error writing to Modbus register: A Modbus Exception Occurred - See Response Body
[2024-12-10T06:44:37.483Z] Error reading or processing Modbus registers: A Modbus Exception Occurred - See Response Body
[2024-12-10T06:44:37.486Z] Error reading register 6507 for IP 10.30.4.128: A Modbus Exception Occurred - See Response Body
[2024-12-10T06:44:37.487Z] Error reading actual data: A Modbus Exception Occurred - See Response Body
[2024-12-10T06:44:37.487Z] Error writing to Modbus register: A Modbus Exception Occurred - See Response Body
[2024-12-10T06:44:38.488Z] Error reading or processing Modbus registers: A Modbus Exception Occurred - See Response Body
[2024-12-10T06:44:38.490Z] Error reading register 6507 for IP 10.30.4.128: A Modbus Exception Occurred - See Response Body
[2024-12-10T06:44:38.491Z] Error reading actual data: A Modbus Exception Occurred - See Response Body
[2024-12-10T06:44:38.491Z] Error writing to Modbus register: A Modbus Exception Occurred - See Response Body
[2024-12-10T06:44:39.500Z] Error reading or processing Modbus registers: A Modbus Exception Occurred - See Response Body
[2024-12-10T06:44:39.502Z] Error reading register 6507 for IP 10.30.4.128: A Modbus Exception Occurred - See Response Body
[2024-12-10T06:44:39.503Z] Error reading actual data: A Modbus Exception Occurred - See Response Body
[2024-12-10T06:44:39.504Z] Error writing to Modbus register: A Modbus Exception Occurred - See Response Body
[2024-12-10T06:44:40.501Z] Error reading or processing Modbus registers: A Modbus Exception Occurred - See Response Body
[2024-12-10T06:44:40.504Z] Error reading register 6507 for IP 10.30.4.128: A Modbus Exception Occurred - See Response Body
[2024-12-10T06:44:40.504Z] Error reading actual data: A Modbus Exception Occurred - See Response Body
[2024-12-10T06:44:40.505Z] Error writing to Modbus register: A Modbus Exception Occurred - See Response Body
[2024-12-10T06:44:41.516Z] Error reading or processing Modbus registers: A Modbus Exception Occurred - See Response Body
[2024-12-10T06:44:41.519Z] Error reading register 6507 for IP 10.30.4.128: A Modbus Exception Occurred - See Response Body
[2024-12-10T06:44:41.519Z] Error reading actual data: A Modbus Exception Occurred - See Response Body
[2024-12-10T06:44:41.520Z] Error writing to Modbus register: A Modbus Exception Occurred - See Response Body
[2024-12-10T06:44:42.529Z] Error reading or processing Modbus registers: A Modbus Exception Occurred - See Response Body
[2024-12-10T06:44:42.535Z] Error reading register 6507 for IP 10.30.4.128: A Modbus Exception Occurred - See Response Body
[2024-12-10T06:44:42.535Z] Error reading actual data: A Modbus Exception Occurred - See Response Body
[2024-12-10T06:44:42.536Z] Error writing to Modbus register: A Modbus Exception Occurred - See Response Body
[2024-12-10T06:44:43.531Z] Error reading or processing Modbus registers: A Modbus Exception Occurred - See Response Body
[2024-12-10T06:44:43.536Z] Error reading register 6507 for IP 10.30.4.128: A Modbus Exception Occurred - See Response Body
[2024-12-10T06:44:43.537Z] Error reading actual data: A Modbus Exception Occurred - See Response Body
[2024-12-10T06:44:43.538Z] Error writing to Modbus register: A Modbus Exception Occurred - See Response Body
[2024-12-10T06:44:44.531Z] Error reading or processing Modbus registers: A Modbus Exception Occurred - See Response Body
[2024-12-10T06:44:44.533Z] Error reading register 6507 for IP 10.30.4.128: A Modbus Exception Occurred - See Response Body
[2024-12-10T06:44:44.534Z] Error reading actual data: A Modbus Exception Occurred - See Response Body
[2024-12-10T06:44:44.537Z] Error writing to Modbus register: A Modbus Exception Occurred - See Response Body
[2024-12-10T06:44:45.545Z] Error reading or processing Modbus registers: A Modbus Exception Occurred - See Response Body
[2024-12-10T06:44:45.547Z] Error reading register 6507 for IP 10.30.4.128: A Modbus Exception Occurred - See Response Body
[2024-12-10T06:44:45.548Z] Error reading actual data: A Modbus Exception Occurred - See Response Body
[2024-12-10T06:44:45.549Z] Error writing to Modbus register: A Modbus Exception Occurred - See Response Body
[2024-12-10T06:44:46.559Z] Error reading or processing Modbus registers: A Modbus Exception Occurred - See Response Body
[2024-12-10T06:44:46.562Z] Error reading register 6507 for IP 10.30.4.128: A Modbus Exception Occurred - See Response Body
[2024-12-10T06:44:46.562Z] Error reading actual data: A Modbus Exception Occurred - See Response Body
[2024-12-10T06:44:46.563Z] Error writing to Modbus register: A Modbus Exception Occurred - See Response Body
[2024-12-10T06:44:47.574Z] Error reading or processing Modbus registers: A Modbus Exception Occurred - See Response Body
[2024-12-10T06:44:47.577Z] Error reading register 6507 for IP 10.30.4.128: A Modbus Exception Occurred - See Response Body
[2024-12-10T06:44:47.577Z] Error reading actual data: A Modbus Exception Occurred - See Response Body
[2024-12-10T06:44:47.578Z] Error writing to Modbus register: A Modbus Exception Occurred - See Response Body
[2024-12-10T06:44:48.575Z] Error reading or processing Modbus registers: A Modbus Exception Occurred - See Response Body
[2024-12-10T06:44:48.578Z] Error reading register 6507 for IP 10.30.4.128: A Modbus Exception Occurred - See Response Body
[2024-12-10T06:44:48.578Z] Error reading actual data: A Modbus Exception Occurred - See Response Body
[2024-12-10T06:44:48.579Z] Error writing to Modbus register: A Modbus Exception Occurred - See Response Body
[2024-12-10T06:44:49.583Z] Error reading or processing Modbus registers: A Modbus Exception Occurred - See Response Body
[2024-12-10T06:44:49.585Z] Error reading register 6507 for IP 10.30.4.128: A Modbus Exception Occurred - See Response Body
[2024-12-10T06:44:49.586Z] Error reading actual data: A Modbus Exception Occurred - See Response Body
[2024-12-10T06:44:49.587Z] Error writing to Modbus register: A Modbus Exception Occurred - See Response Body
[2024-12-10T06:44:50.593Z] Error reading or processing Modbus registers: A Modbus Exception Occurred - See Response Body
[2024-12-10T06:44:50.595Z] Error reading register 6507 for IP 10.30.4.128: A Modbus Exception Occurred - See Response Body
[2024-12-10T06:44:50.596Z] Error reading actual data: A Modbus Exception Occurred - See Response Body
[2024-12-10T06:44:50.596Z] Error writing to Modbus register: A Modbus Exception Occurred - See Response Body
[2024-12-10T06:44:51.596Z] Error reading or processing Modbus registers: A Modbus Exception Occurred - See Response Body
[2024-12-10T06:44:51.598Z] Error reading register 6507 for IP 10.30.4.128: A Modbus Exception Occurred - See Response Body
[2024-12-10T06:44:51.598Z] Error reading actual data: A Modbus Exception Occurred - See Response Body
[2024-12-10T06:44:51.599Z] Error writing to Modbus register: A Modbus Exception Occurred - See Response Body
[2024-12-10T06:44:52.611Z] Error reading or processing Modbus registers: A Modbus Exception Occurred - See Response Body
[2024-12-10T06:44:52.613Z] Error reading register 6507 for IP 10.30.4.128: A Modbus Exception Occurred - See Response Body
[2024-12-10T06:44:52.614Z] Error reading actual data: A Modbus Exception Occurred - See Response Body
[2024-12-10T06:44:52.615Z] Error writing to Modbus register: A Modbus Exception Occurred - See Response Body
[2024-12-10T06:44:53.626Z] Error reading or processing Modbus registers: A Modbus Exception Occurred - See Response Body
[2024-12-10T06:44:53.628Z] Error reading register 6507 for IP 10.30.4.128: A Modbus Exception Occurred - See Response Body
[2024-12-10T06:44:53.629Z] Error reading actual data: A Modbus Exception Occurred - See Response Body
[2024-12-10T06:44:53.629Z] Error writing to Modbus register: A Modbus Exception Occurred - See Response Body
[2024-12-10T06:44:54.641Z] Error reading or processing Modbus registers: A Modbus Exception Occurred - See Response Body
[2024-12-10T06:44:54.643Z] Error reading register 6507 for IP 10.30.4.128: A Modbus Exception Occurred - See Response Body
[2024-12-10T06:44:54.644Z] Error reading actual data: A Modbus Exception Occurred - See Response Body
[2024-12-10T06:44:54.645Z] Error writing to Modbus register: A Modbus Exception Occurred - See Response Body
[2024-12-10T06:44:55.643Z] Error reading or processing Modbus registers: A Modbus Exception Occurred - See Response Body
[2024-12-10T06:44:55.646Z] Error reading register 6507 for IP 10.30.4.128: A Modbus Exception Occurred - See Response Body
[2024-12-10T06:44:55.647Z] Error reading actual data: A Modbus Exception Occurred - See Response Body
[2024-12-10T06:44:55.647Z] Error writing to Modbus register: A Modbus Exception Occurred - See Response Body
[2024-12-10T06:44:56.656Z] Error reading or processing Modbus registers: A Modbus Exception Occurred - See Response Body
[2024-12-10T06:44:56.658Z] Error reading register 6507 for IP 10.30.4.128: A Modbus Exception Occurred - See Response Body
[2024-12-10T06:44:56.659Z] Error reading actual data: A Modbus Exception Occurred - See Response Body
[2024-12-10T06:44:56.660Z] Error writing to Modbus register: A Modbus Exception Occurred - See Response Body
[2024-12-10T06:44:57.660Z] Error reading or processing Modbus registers: A Modbus Exception Occurred - See Response Body
[2024-12-10T06:44:57.663Z] Error reading register 6507 for IP 10.30.4.128: A Modbus Exception Occurred - See Response Body
[2024-12-10T06:44:57.664Z] Error reading actual data: A Modbus Exception Occurred - See Response Body
[2024-12-10T06:44:57.665Z] Error writing to Modbus register: A Modbus Exception Occurred - See Response Body
[2024-12-10T06:44:58.673Z] Error reading or processing Modbus registers: A Modbus Exception Occurred - See Response Body
[2024-12-10T06:44:58.675Z] Error reading register 6507 for IP 10.30.4.128: A Modbus Exception Occurred - See Response Body
[2024-12-10T06:44:58.676Z] Error reading actual data: A Modbus Exception Occurred - See Response Body
[2024-12-10T06:44:58.676Z] Error writing to Modbus register: A Modbus Exception Occurred - See Response Body
[2024-12-10T06:44:59.673Z] Error reading or processing Modbus registers: A Modbus Exception Occurred - See Response Body
[2024-12-10T06:44:59.676Z] Error reading register 6507 for IP 10.30.4.128: A Modbus Exception Occurred - See Response Body
[2024-12-10T06:44:59.677Z] Error reading actual data: A Modbus Exception Occurred - See Response Body
[2024-12-10T06:44:59.677Z] Error writing to Modbus register: A Modbus Exception Occurred - See Response Body
[2024-12-10T06:45:00.676Z] Error reading or processing Modbus registers: A Modbus Exception Occurred - See Response Body
[2024-12-10T06:45:00.678Z] Error reading register 6507 for IP 10.30.4.128: A Modbus Exception Occurred - See Response Body
[2024-12-10T06:45:00.679Z] Error reading actual data: A Modbus Exception Occurred - See Response Body
[2024-12-10T06:45:00.680Z] Error writing to Modbus register: A Modbus Exception Occurred - See Response Body
[2024-12-10T06:45:01.689Z] Error reading or processing Modbus registers: A Modbus Exception Occurred - See Response Body
[2024-12-10T06:45:01.692Z] Error reading register 6507 for IP 10.30.4.128: A Modbus Exception Occurred - See Response Body
[2024-12-10T06:45:01.693Z] Error reading actual data: A Modbus Exception Occurred - See Response Body
[2024-12-10T06:45:01.693Z] Error writing to Modbus register: A Modbus Exception Occurred - See Response Body
[2024-12-10T06:45:02.703Z] Error reading or processing Modbus registers: A Modbus Exception Occurred - See Response Body
[2024-12-10T06:45:02.705Z] Error reading register 6507 for IP 10.30.4.128: A Modbus Exception Occurred - See Response Body
[2024-12-10T06:45:02.706Z] Error reading actual data: A Modbus Exception Occurred - See Response Body
[2024-12-10T06:45:02.707Z] Error writing to Modbus register: A Modbus Exception Occurred - See Response Body
[2024-12-10T06:45:03.708Z] Error reading or processing Modbus registers: A Modbus Exception Occurred - See Response Body
[2024-12-10T06:45:03.710Z] Error reading register 6507 for IP 10.30.4.128: A Modbus Exception Occurred - See Response Body
[2024-12-10T06:45:03.711Z] Error reading actual data: A Modbus Exception Occurred - See Response Body
[2024-12-10T06:45:03.712Z] Error writing to Modbus register: A Modbus Exception Occurred - See Response Body
[2024-12-10T06:45:04.722Z] Error reading or processing Modbus registers: A Modbus Exception Occurred - See Response Body
[2024-12-10T06:45:04.749Z] Error reading register 6507 for IP 10.30.4.128: A Modbus Exception Occurred - See Response Body
[2024-12-10T06:45:04.750Z] Error reading actual data: A Modbus Exception Occurred - See Response Body
[2024-12-10T06:45:04.750Z] Error writing to Modbus register: A Modbus Exception Occurred - See Response Body
[2024-12-10T06:45:05.732Z] Error reading or processing Modbus registers: A Modbus Exception Occurred - See Response Body
[2024-12-10T06:45:05.735Z] Error reading register 6507 for IP 10.30.4.128: A Modbus Exception Occurred - See Response Body
[2024-12-10T06:45:05.736Z] Error reading actual data: A Modbus Exception Occurred - See Response Body
[2024-12-10T06:45:05.736Z] Error writing to Modbus register: A Modbus Exception Occurred - See Response Body
[2024-12-10T06:45:06.747Z] Error reading or processing Modbus registers: A Modbus Exception Occurred - See Response Body
[2024-12-10T06:45:06.749Z] Error reading register 6507 for IP 10.30.4.128: A Modbus Exception Occurred - See Response Body
[2024-12-10T06:45:06.750Z] Error reading actual data: A Modbus Exception Occurred - See Response Body
[2024-12-10T06:45:06.750Z] Error writing to Modbus register: A Modbus Exception Occurred - See Response Body
[2024-12-10T06:45:07.746Z] Error reading or processing Modbus registers: A Modbus Exception Occurred - See Response Body
[2024-12-10T06:45:07.749Z] Error reading register 6507 for IP 10.30.4.128: A Modbus Exception Occurred - See Response Body
[2024-12-10T06:45:07.749Z] Error reading actual data: A Modbus Exception Occurred - See Response Body
[2024-12-10T06:45:07.750Z] Error writing to Modbus register: A Modbus Exception Occurred - See Response Body
[2024-12-10T06:45:08.759Z] Error reading or processing Modbus registers: A Modbus Exception Occurred - See Response Body
[2024-12-10T06:45:08.761Z] Error reading register 6507 for IP 10.30.4.128: A Modbus Exception Occurred - See Response Body
[2024-12-10T06:45:08.762Z] Error reading actual data: A Modbus Exception Occurred - See Response Body
[2024-12-10T06:45:08.763Z] Error writing to Modbus register: A Modbus Exception Occurred - See Response Body
[2024-12-10T06:45:09.774Z] Error reading or processing Modbus registers: A Modbus Exception Occurred - See Response Body
[2024-12-10T06:45:09.776Z] Error reading register 6507 for IP 10.30.4.128: A Modbus Exception Occurred - See Response Body
[2024-12-10T06:45:09.777Z] Error reading actual data: A Modbus Exception Occurred - See Response Body
[2024-12-10T06:45:09.778Z] Error writing to Modbus register: A Modbus Exception Occurred - See Response Body
[2024-12-10T06:45:10.786Z] Error reading or processing Modbus registers: A Modbus Exception Occurred - See Response Body
[2024-12-10T06:45:10.788Z] Error reading register 6507 for IP 10.30.4.128: A Modbus Exception Occurred - See Response Body
[2024-12-10T06:45:10.789Z] Error reading actual data: A Modbus Exception Occurred - See Response Body
[2024-12-10T06:45:10.789Z] Error writing to Modbus register: A Modbus Exception Occurred - See Response Body
[2024-12-10T06:45:11.787Z] Error reading or processing Modbus registers: A Modbus Exception Occurred - See Response Body
[2024-12-10T06:45:11.789Z] Error reading register 6507 for IP 10.30.4.128: A Modbus Exception Occurred - See Response Body
[2024-12-10T06:45:11.790Z] Error reading actual data: A Modbus Exception Occurred - See Response Body
[2024-12-10T06:45:11.790Z] Error writing to Modbus register: A Modbus Exception Occurred - See Response Body
[2024-12-10T06:45:12.789Z] Error reading or processing Modbus registers: A Modbus Exception Occurred - See Response Body
[2024-12-10T06:45:12.791Z] Error reading register 6507 for IP 10.30.4.128: A Modbus Exception Occurred - See Response Body
[2024-12-10T06:45:12.792Z] Error reading actual data: A Modbus Exception Occurred - See Response Body
[2024-12-10T06:45:12.792Z] Error writing to Modbus register: A Modbus Exception Occurred - See Response Body
[2024-12-10T06:45:13.789Z] Error reading or processing Modbus registers: A Modbus Exception Occurred - See Response Body
[2024-12-10T06:45:13.791Z] Error reading register 6507 for IP 10.30.4.128: A Modbus Exception Occurred - See Response Body
[2024-12-10T06:45:13.792Z] Error reading actual data: A Modbus Exception Occurred - See Response Body
[2024-12-10T06:45:13.792Z] Error writing to Modbus register: A Modbus Exception Occurred - See Response Body
[2024-12-10T06:45:14.790Z] Error reading or processing Modbus registers: A Modbus Exception Occurred - See Response Body
[2024-12-10T06:45:14.792Z] Error reading register 6507 for IP 10.30.4.128: A Modbus Exception Occurred - See Response Body
[2024-12-10T06:45:14.793Z] Error reading actual data: A Modbus Exception Occurred - See Response Body
[2024-12-10T06:45:14.794Z] Error writing to Modbus register: A Modbus Exception Occurred - See Response Body
[2024-12-10T06:45:15.800Z] Error reading or processing Modbus registers: A Modbus Exception Occurred - See Response Body
[2024-12-10T06:45:15.804Z] Error reading register 6507 for IP 10.30.4.128: A Modbus Exception Occurred - See Response Body
[2024-12-10T06:45:15.805Z] Error reading actual data: A Modbus Exception Occurred - See Response Body
[2024-12-10T06:45:15.805Z] Error writing to Modbus register: A Modbus Exception Occurred - See Response Body
[2024-12-10T06:45:16.811Z] Error reading or processing Modbus registers: A Modbus Exception Occurred - See Response Body
[2024-12-10T06:45:16.814Z] Error reading register 6507 for IP 10.30.4.128: A Modbus Exception Occurred - See Response Body
[2024-12-10T06:45:16.815Z] Error reading actual data: A Modbus Exception Occurred - See Response Body
[2024-12-10T06:45:16.815Z] Error writing to Modbus register: A Modbus Exception Occurred - See Response Body
[2024-12-10T06:45:17.811Z] Error reading or processing Modbus registers: A Modbus Exception Occurred - See Response Body
[2024-12-10T06:45:17.813Z] Error reading register 6507 for IP 10.30.4.128: A Modbus Exception Occurred - See Response Body
[2024-12-10T06:45:17.814Z] Error reading actual data: A Modbus Exception Occurred - See Response Body
[2024-12-10T06:45:17.814Z] Error writing to Modbus register: A Modbus Exception Occurred - See Response Body
[2024-12-10T06:45:18.813Z] Error reading or processing Modbus registers: A Modbus Exception Occurred - See Response Body
[2024-12-10T06:45:18.815Z] Error reading register 6507 for IP 10.30.4.128: A Modbus Exception Occurred - See Response Body
[2024-12-10T06:45:18.816Z] Error reading actual data: A Modbus Exception Occurred - See Response Body
[2024-12-10T06:45:18.817Z] Error writing to Modbus register: A Modbus Exception Occurred - See Response Body
[2024-12-10T06:45:19.827Z] Error reading or processing Modbus registers: A Modbus Exception Occurred - See Response Body
[2024-12-10T06:45:19.829Z] Error reading register 6507 for IP 10.30.4.128: A Modbus Exception Occurred - See Response Body
[2024-12-10T06:45:19.830Z] Error reading actual data: A Modbus Exception Occurred - See Response Body
[2024-12-10T06:45:19.830Z] Error writing to Modbus register: A Modbus Exception Occurred - See Response Body
[2024-12-10T06:45:20.841Z] Error reading or processing Modbus registers: A Modbus Exception Occurred - See Response Body
[2024-12-10T06:45:20.844Z] Error reading register 6507 for IP 10.30.4.128: A Modbus Exception Occurred - See Response Body
[2024-12-10T06:45:20.845Z] Error reading actual data: A Modbus Exception Occurred - See Response Body
[2024-12-10T06:45:20.845Z] Error writing to Modbus register: A Modbus Exception Occurred - See Response Body
[2024-12-10T06:45:21.841Z] Error reading or processing Modbus registers: A Modbus Exception Occurred - See Response Body
[2024-12-10T06:45:21.844Z] Error reading register 6507 for IP 10.30.4.128: A Modbus Exception Occurred - See Response Body
[2024-12-10T06:45:21.845Z] Error reading actual data: A Modbus Exception Occurred - See Response Body
[2024-12-10T06:45:21.846Z] Error writing to Modbus register: A Modbus Exception Occurred - See Response Body
[2024-12-10T06:45:22.841Z] Error reading or processing Modbus registers: A Modbus Exception Occurred - See Response Body
[2024-12-10T06:45:22.844Z] Error reading register 6507 for IP 10.30.4.128: A Modbus Exception Occurred - See Response Body
[2024-12-10T06:45:22.844Z] Error reading actual data: A Modbus Exception Occurred - See Response Body
[2024-12-10T06:45:22.845Z] Error writing to Modbus register: A Modbus Exception Occurred - See Response Body
[2024-12-10T06:45:23.843Z] Error reading or processing Modbus registers: A Modbus Exception Occurred - See Response Body
[2024-12-10T06:45:23.846Z] Error reading register 6507 for IP 10.30.4.128: A Modbus Exception Occurred - See Response Body
[2024-12-10T06:45:23.846Z] Error reading actual data: A Modbus Exception Occurred - See Response Body
[2024-12-10T06:45:23.847Z] Error writing to Modbus register: A Modbus Exception Occurred - See Response Body
[2024-12-10T06:45:24.844Z] Error reading or processing Modbus registers: A Modbus Exception Occurred - See Response Body
[2024-12-10T06:45:24.846Z] Error reading register 6507 for IP 10.30.4.128: A Modbus Exception Occurred - See Response Body
[2024-12-10T06:45:24.847Z] Error reading actual data: A Modbus Exception Occurred - See Response Body
[2024-12-10T06:45:24.848Z] Error writing to Modbus register: A Modbus Exception Occurred - See Response Body
[2024-12-10T06:45:25.856Z] Error reading or processing Modbus registers: A Modbus Exception Occurred - See Response Body
[2024-12-10T06:45:25.859Z] Error reading register 6507 for IP 10.30.4.128: A Modbus Exception Occurred - See Response Body
[2024-12-10T06:45:25.860Z] Error reading actual data: A Modbus Exception Occurred - See Response Body
[2024-12-10T06:45:25.860Z] Error writing to Modbus register: A Modbus Exception Occurred - See Response Body
[2024-12-10T06:45:26.870Z] Error reading or processing Modbus registers: A Modbus Exception Occurred - See Response Body
[2024-12-10T06:45:26.873Z] Error reading register 6507 for IP 10.30.4.128: A Modbus Exception Occurred - See Response Body
[2024-12-10T06:45:26.874Z] Error reading actual data: A Modbus Exception Occurred - See Response Body
[2024-12-10T06:45:26.874Z] Error writing to Modbus register: A Modbus Exception Occurred - See Response Body
[2024-12-10T06:45:27.872Z] Error reading or processing Modbus registers: A Modbus Exception Occurred - See Response Body
[2024-12-10T06:45:27.875Z] Error reading register 6507 for IP 10.30.4.128: A Modbus Exception Occurred - See Response Body
[2024-12-10T06:45:27.875Z] Error reading actual data: A Modbus Exception Occurred - See Response Body
[2024-12-10T06:45:27.876Z] Error writing to Modbus register: A Modbus Exception Occurred - See Response Body
[2024-12-10T06:45:28.887Z] Error reading or processing Modbus registers: A Modbus Exception Occurred - See Response Body
[2024-12-10T06:45:28.889Z] Error reading register 6507 for IP 10.30.4.128: A Modbus Exception Occurred - See Response Body
[2024-12-10T06:45:28.890Z] Error reading actual data: A Modbus Exception Occurred - See Response Body
[2024-12-10T06:45:28.891Z] Error writing to Modbus register: A Modbus Exception Occurred - See Response Body
[2024-12-10T06:45:29.902Z] Error reading or processing Modbus registers: A Modbus Exception Occurred - See Response Body
[2024-12-10T06:45:29.905Z] Error reading register 6507 for IP 10.30.4.128: A Modbus Exception Occurred - See Response Body
[2024-12-10T06:45:29.906Z] Error reading actual data: A Modbus Exception Occurred - See Response Body
[2024-12-10T06:45:29.906Z] Error writing to Modbus register: A Modbus Exception Occurred - See Response Body
[2024-12-10T06:45:30.915Z] Error reading or processing Modbus registers: A Modbus Exception Occurred - See Response Body
[2024-12-10T06:45:30.918Z] Error reading register 6507 for IP 10.30.4.128: A Modbus Exception Occurred - See Response Body
[2024-12-10T06:45:30.919Z] Error reading actual data: A Modbus Exception Occurred - See Response Body
[2024-12-10T06:45:30.919Z] Error writing to Modbus register: A Modbus Exception Occurred - See Response Body
[2024-12-10T06:45:31.927Z] Error reading or processing Modbus registers: A Modbus Exception Occurred - See Response Body
[2024-12-10T06:45:31.930Z] Error reading register 6507 for IP 10.30.4.128: A Modbus Exception Occurred - See Response Body
[2024-12-10T06:45:31.930Z] Error reading actual data: A Modbus Exception Occurred - See Response Body
[2024-12-10T06:45:31.931Z] Error writing to Modbus register: A Modbus Exception Occurred - See Response Body
[2024-12-10T06:45:32.941Z] Error reading or processing Modbus registers: A Modbus Exception Occurred - See Response Body
[2024-12-10T06:45:32.943Z] Error reading register 6507 for IP 10.30.4.128: A Modbus Exception Occurred - See Response Body
[2024-12-10T06:45:32.947Z] Error reading actual data: A Modbus Exception Occurred - See Response Body
[2024-12-10T06:45:32.947Z] Error writing to Modbus register: A Modbus Exception Occurred - See Response Body
[2024-12-10T06:45:33.944Z] Error reading or processing Modbus registers: A Modbus Exception Occurred - See Response Body
[2024-12-10T06:45:33.947Z] Error reading register 6507 for IP 10.30.4.128: A Modbus Exception Occurred - See Response Body
[2024-12-10T06:45:33.948Z] Error reading actual data: A Modbus Exception Occurred - See Response Body
[2024-12-10T06:45:33.948Z] Error writing to Modbus register: A Modbus Exception Occurred - See Response Body
[2024-12-10T06:45:34.955Z] Error reading or processing Modbus registers: A Modbus Exception Occurred - See Response Body
[2024-12-10T06:45:34.958Z] Error reading register 6507 for IP 10.30.4.128: A Modbus Exception Occurred - See Response Body
[2024-12-10T06:45:34.959Z] Error reading actual data: A Modbus Exception Occurred - See Response Body
[2024-12-10T06:45:34.959Z] Error writing to Modbus register: A Modbus Exception Occurred - See Response Body
[2024-12-10T06:45:35.967Z] Error reading or processing Modbus registers: A Modbus Exception Occurred - See Response Body
[2024-12-10T06:45:35.970Z] Error reading register 6507 for IP 10.30.4.128: A Modbus Exception Occurred - See Response Body
[2024-12-10T06:45:35.970Z] Error reading actual data: A Modbus Exception Occurred - See Response Body
[2024-12-10T06:45:35.971Z] Error writing to Modbus register: A Modbus Exception Occurred - See Response Body
[2024-12-10T06:45:36.966Z] Error reading or processing Modbus registers: A Modbus Exception Occurred - See Response Body
[2024-12-10T06:45:36.969Z] Error reading register 6507 for IP 10.30.4.128: A Modbus Exception Occurred - See Response Body
[2024-12-10T06:45:36.970Z] Error reading actual data: A Modbus Exception Occurred - See Response Body
[2024-12-10T06:45:36.971Z] Error writing to Modbus register: A Modbus Exception Occurred - See Response Body
[2024-12-10T06:45:37.968Z] Error reading or processing Modbus registers: A Modbus Exception Occurred - See Response Body
[2024-12-10T06:45:37.970Z] Error reading register 6507 for IP 10.30.4.128: A Modbus Exception Occurred - See Response Body
[2024-12-10T06:45:37.970Z] Error reading actual data: A Modbus Exception Occurred - See Response Body
[2024-12-10T06:45:37.971Z] Error writing to Modbus register: A Modbus Exception Occurred - See Response Body
[2024-12-10T06:45:38.976Z] Error reading or processing Modbus registers: A Modbus Exception Occurred - See Response Body
[2024-12-10T06:45:38.978Z] Error reading register 6507 for IP 10.30.4.128: A Modbus Exception Occurred - See Response Body
[2024-12-10T06:45:38.979Z] Error reading actual data: A Modbus Exception Occurred - See Response Body
[2024-12-10T06:45:38.980Z] Error writing to Modbus register: A Modbus Exception Occurred - See Response Body
[2024-12-10T06:45:39.984Z] Error reading or processing Modbus registers: A Modbus Exception Occurred - See Response Body
[2024-12-10T06:45:39.986Z] Error reading register 6507 for IP 10.30.4.128: A Modbus Exception Occurred - See Response Body
[2024-12-10T06:45:39.987Z] Error reading actual data: A Modbus Exception Occurred - See Response Body
[2024-12-10T06:45:39.988Z] Error writing to Modbus register: A Modbus Exception Occurred - See Response Body
[2024-12-10T06:45:40.996Z] Error reading or processing Modbus registers: A Modbus Exception Occurred - See Response Body
[2024-12-10T06:45:40.998Z] Error reading register 6507 for IP 10.30.4.128: A Modbus Exception Occurred - See Response Body
[2024-12-10T06:45:40.999Z] Error reading actual data: A Modbus Exception Occurred - See Response Body
[2024-12-10T06:45:40.999Z] Error writing to Modbus register: A Modbus Exception Occurred - See Response Body
[2024-12-10T06:45:42.010Z] Error reading or processing Modbus registers: A Modbus Exception Occurred - See Response Body
[2024-12-10T06:45:42.012Z] Error reading register 6507 for IP 10.30.4.128: A Modbus Exception Occurred - See Response Body
[2024-12-10T06:45:42.013Z] Error reading actual data: A Modbus Exception Occurred - See Response Body
[2024-12-10T06:45:42.014Z] Error writing to Modbus register: A Modbus Exception Occurred - See Response Body
[2024-12-10T06:45:43.022Z] Error reading or processing Modbus registers: A Modbus Exception Occurred - See Response Body
[2024-12-10T06:45:43.025Z] Error reading register 6507 for IP 10.30.4.128: A Modbus Exception Occurred - See Response Body
[2024-12-10T06:45:43.026Z] Error reading actual data: A Modbus Exception Occurred - See Response Body
[2024-12-10T06:45:43.027Z] Error writing to Modbus register: A Modbus Exception Occurred - See Response Body
[2024-12-10T06:45:44.023Z] Error reading or processing Modbus registers: A Modbus Exception Occurred - See Response Body
[2024-12-10T06:45:44.026Z] Error reading register 6507 for IP 10.30.4.128: A Modbus Exception Occurred - See Response Body
[2024-12-10T06:45:44.027Z] Error reading actual data: A Modbus Exception Occurred - See Response Body
[2024-12-10T06:45:44.027Z] Error writing to Modbus register: A Modbus Exception Occurred - See Response Body
[2024-12-10T06:45:45.036Z] Error reading or processing Modbus registers: A Modbus Exception Occurred - See Response Body
[2024-12-10T06:45:45.039Z] Error reading register 6507 for IP 10.30.4.128: A Modbus Exception Occurred - See Response Body
[2024-12-10T06:45:45.039Z] Error reading actual data: A Modbus Exception Occurred - See Response Body
[2024-12-10T06:45:45.040Z] Error writing to Modbus register: A Modbus Exception Occurred - See Response Body
[2024-12-10T06:45:46.037Z] Error reading or processing Modbus registers: A Modbus Exception Occurred - See Response Body
[2024-12-10T06:45:46.039Z] Error reading register 6507 for IP 10.30.4.128: A Modbus Exception Occurred - See Response Body
[2024-12-10T06:45:46.040Z] Error reading actual data: A Modbus Exception Occurred - See Response Body
[2024-12-10T06:45:46.040Z] Error writing to Modbus register: A Modbus Exception Occurred - See Response Body
[2024-12-10T06:45:47.038Z] Error reading or processing Modbus registers: A Modbus Exception Occurred - See Response Body
[2024-12-10T06:45:47.040Z] Error reading register 6507 for IP 10.30.4.128: A Modbus Exception Occurred - See Response Body
[2024-12-10T06:45:47.041Z] Error reading actual data: A Modbus Exception Occurred - See Response Body
[2024-12-10T06:45:47.041Z] Error writing to Modbus register: A Modbus Exception Occurred - See Response Body
[2024-12-10T06:45:48.054Z] Error reading or processing Modbus registers: A Modbus Exception Occurred - See Response Body
[2024-12-10T06:45:48.056Z] Error reading register 6507 for IP 10.30.4.128: A Modbus Exception Occurred - See Response Body
[2024-12-10T06:45:48.056Z] Error reading actual data: A Modbus Exception Occurred - See Response Body
[2024-12-10T06:45:48.057Z] Error writing to Modbus register: A Modbus Exception Occurred - See Response Body
[2024-12-10T06:45:49.067Z] Error reading or processing Modbus registers: A Modbus Exception Occurred - See Response Body
[2024-12-10T06:45:49.069Z] Error reading register 6507 for IP 10.30.4.128: A Modbus Exception Occurred - See Response Body
[2024-12-10T06:45:49.070Z] Error reading actual data: A Modbus Exception Occurred - See Response Body
[2024-12-10T06:45:49.071Z] Error writing to Modbus register: A Modbus Exception Occurred - See Response Body
[2024-12-10T06:45:50.080Z] Error reading or processing Modbus registers: A Modbus Exception Occurred - See Response Body
[2024-12-10T06:45:50.083Z] Error reading register 6507 for IP 10.30.4.128: A Modbus Exception Occurred - See Response Body
[2024-12-10T06:45:50.084Z] Error reading actual data: A Modbus Exception Occurred - See Response Body
[2024-12-10T06:45:50.085Z] Error writing to Modbus register: A Modbus Exception Occurred - See Response Body
[2024-12-10T06:45:51.095Z] Error reading or processing Modbus registers: A Modbus Exception Occurred - See Response Body
[2024-12-10T06:45:51.098Z] Error reading register 6507 for IP 10.30.4.128: A Modbus Exception Occurred - See Response Body
[2024-12-10T06:45:51.098Z] Error reading actual data: A Modbus Exception Occurred - See Response Body
[2024-12-10T06:45:51.099Z] Error writing to Modbus register: A Modbus Exception Occurred - See Response Body
[2024-12-10T06:45:52.107Z] Error reading or processing Modbus registers: A Modbus Exception Occurred - See Response Body
[2024-12-10T06:45:52.109Z] Error reading register 6507 for IP 10.30.4.128: A Modbus Exception Occurred - See Response Body
[2024-12-10T06:45:52.110Z] Error reading actual data: A Modbus Exception Occurred - See Response Body
[2024-12-10T06:45:52.110Z] Error writing to Modbus register: A Modbus Exception Occurred - See Response Body
[2024-12-10T06:45:53.121Z] Error reading or processing Modbus registers: A Modbus Exception Occurred - See Response Body
[2024-12-10T06:45:53.123Z] Error reading register 6507 for IP 10.30.4.128: A Modbus Exception Occurred - See Response Body
[2024-12-10T06:45:53.124Z] Error reading actual data: A Modbus Exception Occurred - See Response Body
[2024-12-10T06:45:53.125Z] Error writing to Modbus register: A Modbus Exception Occurred - See Response Body
[2024-12-10T06:45:54.122Z] Error reading or processing Modbus registers: A Modbus Exception Occurred - See Response Body
[2024-12-10T06:45:54.124Z] Error reading register 6507 for IP 10.30.4.128: A Modbus Exception Occurred - See Response Body
[2024-12-10T06:45:54.125Z] Error reading actual data: A Modbus Exception Occurred - See Response Body
[2024-12-10T06:45:54.125Z] Error writing to Modbus register: A Modbus Exception Occurred - See Response Body
[2024-12-10T06:45:55.137Z] Error reading or processing Modbus registers: A Modbus Exception Occurred - See Response Body
[2024-12-10T06:45:55.139Z] Error reading register 6507 for IP 10.30.4.128: A Modbus Exception Occurred - See Response Body
[2024-12-10T06:45:55.140Z] Error reading actual data: A Modbus Exception Occurred - See Response Body
[2024-12-10T06:45:55.141Z] Error writing to Modbus register: A Modbus Exception Occurred - See Response Body
[2024-12-10T06:45:56.139Z] Error reading or processing Modbus registers: A Modbus Exception Occurred - See Response Body
[2024-12-10T06:45:56.142Z] Error reading register 6507 for IP 10.30.4.128: A Modbus Exception Occurred - See Response Body
[2024-12-10T06:45:56.142Z] Error reading actual data: A Modbus Exception Occurred - See Response Body
[2024-12-10T06:45:56.143Z] Error writing to Modbus register: A Modbus Exception Occurred - See Response Body
[2024-12-10T06:45:57.154Z] Error reading or processing Modbus registers: A Modbus Exception Occurred - See Response Body
[2024-12-10T06:45:57.157Z] Error reading register 6507 for IP 10.30.4.128: A Modbus Exception Occurred - See Response Body
[2024-12-10T06:45:57.157Z] Error reading actual data: A Modbus Exception Occurred - See Response Body
[2024-12-10T06:45:57.158Z] Error writing to Modbus register: A Modbus Exception Occurred - See Response Body
[2024-12-10T06:45:58.169Z] Error reading or processing Modbus registers: A Modbus Exception Occurred - See Response Body
[2024-12-10T06:45:58.171Z] Error reading register 6507 for IP 10.30.4.128: A Modbus Exception Occurred - See Response Body
[2024-12-10T06:45:58.172Z] Error reading actual data: A Modbus Exception Occurred - See Response Body
[2024-12-10T06:45:58.172Z] Error writing to Modbus register: A Modbus Exception Occurred - See Response Body
[2024-12-10T06:45:59.169Z] Error reading or processing Modbus registers: A Modbus Exception Occurred - See Response Body
[2024-12-10T06:45:59.171Z] Error reading register 6507 for IP 10.30.4.128: A Modbus Exception Occurred - See Response Body
[2024-12-10T06:45:59.172Z] Error reading actual data: A Modbus Exception Occurred - See Response Body
[2024-12-10T06:45:59.172Z] Error writing to Modbus register: A Modbus Exception Occurred - See Response Body
[2024-12-10T06:46:00.182Z] Error reading or processing Modbus registers: A Modbus Exception Occurred - See Response Body
[2024-12-10T06:46:00.184Z] Error reading register 6507 for IP 10.30.4.128: A Modbus Exception Occurred - See Response Body
[2024-12-10T06:46:00.185Z] Error reading actual data: A Modbus Exception Occurred - See Response Body
[2024-12-10T06:46:00.186Z] Error writing to Modbus register: A Modbus Exception Occurred - See Response Body
[2024-12-10T06:46:01.183Z] Error reading or processing Modbus registers: A Modbus Exception Occurred - See Response Body
[2024-12-10T06:46:01.185Z] Error reading register 6507 for IP 10.30.4.128: A Modbus Exception Occurred - See Response Body
[2024-12-10T06:46:01.186Z] Error reading actual data: A Modbus Exception Occurred - See Response Body
[2024-12-10T06:46:01.187Z] Error writing to Modbus register: A Modbus Exception Occurred - See Response Body
[2024-12-10T06:46:02.184Z] Error reading or processing Modbus registers: A Modbus Exception Occurred - See Response Body
[2024-12-10T06:46:02.187Z] Error reading register 6507 for IP 10.30.4.128: A Modbus Exception Occurred - See Response Body
[2024-12-10T06:46:02.187Z] Error reading actual data: A Modbus Exception Occurred - See Response Body
[2024-12-10T06:46:02.188Z] Error writing to Modbus register: A Modbus Exception Occurred - See Response Body
[2024-12-10T06:46:03.199Z] Error reading or processing Modbus registers: A Modbus Exception Occurred - See Response Body
[2024-12-10T06:46:03.201Z] Error reading register 6507 for IP 10.30.4.128: A Modbus Exception Occurred - See Response Body
[2024-12-10T06:46:03.202Z] Error reading actual data: A Modbus Exception Occurred - See Response Body
[2024-12-10T06:46:03.203Z] Error writing to Modbus register: A Modbus Exception Occurred - See Response Body
[2024-12-10T06:46:04.213Z] Error reading or processing Modbus registers: A Modbus Exception Occurred - See Response Body
[2024-12-10T06:46:04.215Z] Error reading register 6507 for IP 10.30.4.128: A Modbus Exception Occurred - See Response Body
[2024-12-10T06:46:04.215Z] Error reading actual data: A Modbus Exception Occurred - See Response Body
[2024-12-10T06:46:04.216Z] Error writing to Modbus register: A Modbus Exception Occurred - See Response Body
[2024-12-10T06:46:05.225Z] Error reading or processing Modbus registers: A Modbus Exception Occurred - See Response Body
[2024-12-10T06:46:05.227Z] Error reading register 6507 for IP 10.30.4.128: A Modbus Exception Occurred - See Response Body
[2024-12-10T06:46:05.228Z] Error reading actual data: A Modbus Exception Occurred - See Response Body
[2024-12-10T06:46:05.229Z] Error writing to Modbus register: A Modbus Exception Occurred - See Response Body
[2024-12-10T06:46:06.238Z] Error reading or processing Modbus registers: A Modbus Exception Occurred - See Response Body
[2024-12-10T06:46:06.240Z] Error reading register 6507 for IP 10.30.4.128: A Modbus Exception Occurred - See Response Body
[2024-12-10T06:46:06.241Z] Error reading actual data: A Modbus Exception Occurred - See Response Body
[2024-12-10T06:46:06.241Z] Error writing to Modbus register: A Modbus Exception Occurred - See Response Body
[2024-12-10T06:46:07.240Z] Error reading or processing Modbus registers: A Modbus Exception Occurred - See Response Body
[2024-12-10T06:46:07.242Z] Error reading register 6507 for IP 10.30.4.128: A Modbus Exception Occurred - See Response Body
[2024-12-10T06:46:07.243Z] Error reading actual data: A Modbus Exception Occurred - See Response Body
[2024-12-10T06:46:07.244Z] Error writing to Modbus register: A Modbus Exception Occurred - See Response Body
[2024-12-10T06:46:08.252Z] Error reading or processing Modbus registers: A Modbus Exception Occurred - See Response Body
[2024-12-10T06:46:08.255Z] Error reading register 6507 for IP 10.30.4.128: A Modbus Exception Occurred - See Response Body
[2024-12-10T06:46:08.256Z] Error reading actual data: A Modbus Exception Occurred - See Response Body
[2024-12-10T06:46:08.256Z] Error writing to Modbus register: A Modbus Exception Occurred - See Response Body
[2024-12-10T06:46:09.266Z] Error reading or processing Modbus registers: A Modbus Exception Occurred - See Response Body
[2024-12-10T06:46:09.269Z] Error reading register 6507 for IP 10.30.4.128: A Modbus Exception Occurred - See Response Body
[2024-12-10T06:46:09.270Z] Error reading actual data: A Modbus Exception Occurred - See Response Body
[2024-12-10T06:46:09.270Z] Error writing to Modbus register: A Modbus Exception Occurred - See Response Body
[2024-12-10T06:46:10.266Z] Error reading or processing Modbus registers: A Modbus Exception Occurred - See Response Body
[2024-12-10T06:46:10.269Z] Error reading register 6507 for IP 10.30.4.128: A Modbus Exception Occurred - See Response Body
[2024-12-10T06:46:10.270Z] Error reading actual data: A Modbus Exception Occurred - See Response Body
[2024-12-10T06:46:10.270Z] Error writing to Modbus register: A Modbus Exception Occurred - See Response Body
[2024-12-10T06:46:11.279Z] Error reading or processing Modbus registers: A Modbus Exception Occurred - See Response Body
[2024-12-10T06:46:11.282Z] Error reading register 6507 for IP 10.30.4.128: A Modbus Exception Occurred - See Response Body
[2024-12-10T06:46:11.283Z] Error reading actual data: A Modbus Exception Occurred - See Response Body
[2024-12-10T06:46:11.283Z] Error writing to Modbus register: A Modbus Exception Occurred - See Response Body
[2024-12-10T06:46:12.294Z] Error reading or processing Modbus registers: A Modbus Exception Occurred - See Response Body
[2024-12-10T06:46:12.297Z] Error reading register 6507 for IP 10.30.4.128: A Modbus Exception Occurred - See Response Body
[2024-12-10T06:46:12.297Z] Error reading actual data: A Modbus Exception Occurred - See Response Body
[2024-12-10T06:46:12.298Z] Error writing to Modbus register: A Modbus Exception Occurred - See Response Body
[2024-12-10T06:46:13.307Z] Error reading or processing Modbus registers: A Modbus Exception Occurred - See Response Body
[2024-12-10T06:46:13.310Z] Error reading register 6507 for IP 10.30.4.128: A Modbus Exception Occurred - See Response Body
[2024-12-10T06:46:13.311Z] Error reading actual data: A Modbus Exception Occurred - See Response Body
[2024-12-10T06:46:13.311Z] Error writing to Modbus register: A Modbus Exception Occurred - See Response Body
[2024-12-10T06:46:14.321Z] Error reading or processing Modbus registers: A Modbus Exception Occurred - See Response Body
[2024-12-10T06:46:14.324Z] Error reading register 6507 for IP 10.30.4.128: A Modbus Exception Occurred - See Response Body
[2024-12-10T06:46:14.324Z] Error reading actual data: A Modbus Exception Occurred - See Response Body
[2024-12-10T06:46:14.325Z] Error writing to Modbus register: A Modbus Exception Occurred - See Response Body
[2024-12-10T06:46:15.333Z] Error reading or processing Modbus registers: A Modbus Exception Occurred - See Response Body
[2024-12-10T06:46:15.336Z] Error reading register 6507 for IP 10.30.4.128: A Modbus Exception Occurred - See Response Body
[2024-12-10T06:46:15.337Z] Error reading actual data: A Modbus Exception Occurred - See Response Body
[2024-12-10T06:46:15.339Z] Error writing to Modbus register: A Modbus Exception Occurred - See Response Body
[2024-12-10T06:46:16.334Z] Error reading or processing Modbus registers: A Modbus Exception Occurred - See Response Body
[2024-12-10T06:46:16.337Z] Error reading register 6507 for IP 10.30.4.128: A Modbus Exception Occurred - See Response Body
[2024-12-10T06:46:16.338Z] Error reading actual data: A Modbus Exception Occurred - See Response Body
[2024-12-10T06:46:16.339Z] Error writing to Modbus register: A Modbus Exception Occurred - See Response Body
[2024-12-10T06:46:17.335Z] Error reading or processing Modbus registers: A Modbus Exception Occurred - See Response Body
[2024-12-10T06:46:17.338Z] Error reading register 6507 for IP 10.30.4.128: A Modbus Exception Occurred - See Response Body
[2024-12-10T06:46:17.338Z] Error reading actual data: A Modbus Exception Occurred - See Response Body
[2024-12-10T06:46:17.341Z] Error writing to Modbus register: A Modbus Exception Occurred - See Response Body
[2024-12-10T06:46:18.337Z] Error reading or processing Modbus registers: A Modbus Exception Occurred - See Response Body
[2024-12-10T06:46:18.339Z] Error reading register 6507 for IP 10.30.4.128: A Modbus Exception Occurred - See Response Body
[2024-12-10T06:46:18.340Z] Error reading actual data: A Modbus Exception Occurred - See Response Body
[2024-12-10T06:46:18.340Z] Error writing to Modbus register: A Modbus Exception Occurred - See Response Body
[2024-12-10T06:46:19.350Z] Error reading or processing Modbus registers: A Modbus Exception Occurred - See Response Body
[2024-12-10T06:46:19.352Z] Error reading register 6507 for IP 10.30.4.128: A Modbus Exception Occurred - See Response Body
[2024-12-10T06:46:19.352Z] Error reading actual data: A Modbus Exception Occurred - See Response Body
[2024-12-10T06:46:19.353Z] Error writing to Modbus register: A Modbus Exception Occurred - See Response Body
[2024-12-10T06:46:20.351Z] Error reading or processing Modbus registers: A Modbus Exception Occurred - See Response Body
[2024-12-10T06:46:20.353Z] Error reading register 6507 for IP 10.30.4.128: A Modbus Exception Occurred - See Response Body
[2024-12-10T06:46:20.354Z] Error reading actual data: A Modbus Exception Occurred - See Response Body
[2024-12-10T06:46:20.355Z] Error writing to Modbus register: A Modbus Exception Occurred - See Response Body
[2024-12-10T06:46:21.351Z] Error reading or processing Modbus registers: A Modbus Exception Occurred - See Response Body
[2024-12-10T06:46:21.353Z] Error reading register 6507 for IP 10.30.4.128: A Modbus Exception Occurred - See Response Body
[2024-12-10T06:46:21.354Z] Error reading actual data: A Modbus Exception Occurred - See Response Body
[2024-12-10T06:46:21.355Z] Error writing to Modbus register: A Modbus Exception Occurred - See Response Body
[2024-12-10T06:46:22.353Z] Error reading or processing Modbus registers: A Modbus Exception Occurred - See Response Body
[2024-12-10T06:46:22.355Z] Error reading register 6507 for IP 10.30.4.128: A Modbus Exception Occurred - See Response Body
[2024-12-10T06:46:22.356Z] Error reading actual data: A Modbus Exception Occurred - See Response Body
[2024-12-10T06:46:22.356Z] Error writing to Modbus register: A Modbus Exception Occurred - See Response Body
[2024-12-10T06:46:23.364Z] Error reading or processing Modbus registers: A Modbus Exception Occurred - See Response Body
[2024-12-10T06:46:23.367Z] Error reading register 6507 for IP 10.30.4.128: A Modbus Exception Occurred - See Response Body
[2024-12-10T06:46:23.368Z] Error reading actual data: A Modbus Exception Occurred - See Response Body
[2024-12-10T06:46:23.369Z] Error writing to Modbus register: A Modbus Exception Occurred - See Response Body
[2024-12-10T06:46:24.376Z] Error reading or processing Modbus registers: A Modbus Exception Occurred - See Response Body
[2024-12-10T06:46:24.378Z] Error reading register 6507 for IP 10.30.4.128: A Modbus Exception Occurred - See Response Body
[2024-12-10T06:46:24.379Z] Error reading actual data: A Modbus Exception Occurred - See Response Body
[2024-12-10T06:46:24.379Z] Error writing to Modbus register: A Modbus Exception Occurred - See Response Body
[2024-12-10T06:46:25.386Z] Error reading or processing Modbus registers: A Modbus Exception Occurred - See Response Body
[2024-12-10T06:46:25.389Z] Error reading register 6507 for IP 10.30.4.128: A Modbus Exception Occurred - See Response Body
[2024-12-10T06:46:25.390Z] Error reading actual data: A Modbus Exception Occurred - See Response Body
[2024-12-10T06:46:25.392Z] Error writing to Modbus register: A Modbus Exception Occurred - See Response Body
[2024-12-10T06:46:26.399Z] Error reading or processing Modbus registers: A Modbus Exception Occurred - See Response Body
[2024-12-10T06:46:26.401Z] Error reading register 6507 for IP 10.30.4.128: A Modbus Exception Occurred - See Response Body
[2024-12-10T06:46:26.402Z] Error reading actual data: A Modbus Exception Occurred - See Response Body
[2024-12-10T06:46:26.403Z] Error writing to Modbus register: A Modbus Exception Occurred - See Response Body
[2024-12-10T06:46:27.411Z] Error reading or processing Modbus registers: A Modbus Exception Occurred - See Response Body
[2024-12-10T06:46:27.413Z] Error reading register 6507 for IP 10.30.4.128: A Modbus Exception Occurred - See Response Body
[2024-12-10T06:46:27.414Z] Error reading actual data: A Modbus Exception Occurred - See Response Body
[2024-12-10T06:46:27.415Z] Error writing to Modbus register: A Modbus Exception Occurred - See Response Body
[2024-12-10T06:46:28.427Z] Error reading or processing Modbus registers: A Modbus Exception Occurred - See Response Body
[2024-12-10T06:46:28.429Z] Error reading register 6507 for IP 10.30.4.128: A Modbus Exception Occurred - See Response Body
[2024-12-10T06:46:28.430Z] Error reading actual data: A Modbus Exception Occurred - See Response Body
[2024-12-10T06:46:28.431Z] Error writing to Modbus register: A Modbus Exception Occurred - See Response Body
[2024-12-10T06:46:29.441Z] Error reading or processing Modbus registers: A Modbus Exception Occurred - See Response Body
[2024-12-10T06:46:29.443Z] Error reading register 6507 for IP 10.30.4.128: A Modbus Exception Occurred - See Response Body
[2024-12-10T06:46:29.444Z] Error reading actual data: A Modbus Exception Occurred - See Response Body
[2024-12-10T06:46:29.445Z] Error writing to Modbus register: A Modbus Exception Occurred - See Response Body
[2024-12-10T06:46:30.442Z] Error reading or processing Modbus registers: A Modbus Exception Occurred - See Response Body
[2024-12-10T06:46:30.444Z] Error reading register 6507 for IP 10.30.4.128: A Modbus Exception Occurred - See Response Body
[2024-12-10T06:46:30.445Z] Error reading actual data: A Modbus Exception Occurred - See Response Body
[2024-12-10T06:46:30.446Z] Error writing to Modbus register: A Modbus Exception Occurred - See Response Body
[2024-12-10T06:46:31.443Z] Error reading or processing Modbus registers: A Modbus Exception Occurred - See Response Body
[2024-12-10T06:46:31.446Z] Error reading register 6507 for IP 10.30.4.128: A Modbus Exception Occurred - See Response Body
[2024-12-10T06:46:31.447Z] Error reading actual data: A Modbus Exception Occurred - See Response Body
[2024-12-10T06:46:31.447Z] Error writing to Modbus register: A Modbus Exception Occurred - See Response Body
[2024-12-10T06:46:32.454Z] Error reading or processing Modbus registers: A Modbus Exception Occurred - See Response Body
[2024-12-10T06:46:32.457Z] Error reading register 6507 for IP 10.30.4.128: A Modbus Exception Occurred - See Response Body
[2024-12-10T06:46:32.458Z] Error reading actual data: A Modbus Exception Occurred - See Response Body
[2024-12-10T06:46:32.458Z] Error writing to Modbus register: A Modbus Exception Occurred - See Response Body
[2024-12-10T06:46:33.469Z] Error reading or processing Modbus registers: A Modbus Exception Occurred - See Response Body
[2024-12-10T06:46:33.471Z] Error reading register 6507 for IP 10.30.4.128: A Modbus Exception Occurred - See Response Body
[2024-12-10T06:46:33.472Z] Error reading actual data: A Modbus Exception Occurred - See Response Body
[2024-12-10T06:46:33.473Z] Error writing to Modbus register: A Modbus Exception Occurred - See Response Body
[2024-12-10T06:46:34.471Z] Error reading or processing Modbus registers: A Modbus Exception Occurred - See Response Body
[2024-12-10T06:46:34.474Z] Error reading register 6507 for IP 10.30.4.128: A Modbus Exception Occurred - See Response Body
[2024-12-10T06:46:34.475Z] Error reading actual data: A Modbus Exception Occurred - See Response Body
[2024-12-10T06:46:34.475Z] Error writing to Modbus register: A Modbus Exception Occurred - See Response Body
[2024-12-10T06:46:35.483Z] Error reading or processing Modbus registers: A Modbus Exception Occurred - See Response Body
[2024-12-10T06:46:35.486Z] Error reading register 6507 for IP 10.30.4.128: A Modbus Exception Occurred - See Response Body
[2024-12-10T06:46:35.487Z] Error reading actual data: A Modbus Exception Occurred - See Response Body
[2024-12-10T06:46:35.487Z] Error writing to Modbus register: A Modbus Exception Occurred - See Response Body
[2024-12-10T06:46:36.498Z] Error reading or processing Modbus registers: A Modbus Exception Occurred - See Response Body
[2024-12-10T06:46:36.500Z] Error reading register 6507 for IP 10.30.4.128: A Modbus Exception Occurred - See Response Body
[2024-12-10T06:46:36.501Z] Error reading actual data: A Modbus Exception Occurred - See Response Body
[2024-12-10T06:46:36.502Z] Error writing to Modbus register: A Modbus Exception Occurred - See Response Body
[2024-12-10T06:46:37.498Z] Error reading or processing Modbus registers: A Modbus Exception Occurred - See Response Body
[2024-12-10T06:46:37.501Z] Error reading register 6507 for IP 10.30.4.128: A Modbus Exception Occurred - See Response Body
[2024-12-10T06:46:37.502Z] Error reading actual data: A Modbus Exception Occurred - See Response Body
[2024-12-10T06:46:37.502Z] Error writing to Modbus register: A Modbus Exception Occurred - See Response Body
[2024-12-10T06:46:38.511Z] Error reading or processing Modbus registers: A Modbus Exception Occurred - See Response Body
[2024-12-10T06:46:38.513Z] Error reading register 6507 for IP 10.30.4.128: A Modbus Exception Occurred - See Response Body
[2024-12-10T06:46:38.513Z] Error reading actual data: A Modbus Exception Occurred - See Response Body
[2024-12-10T06:46:38.514Z] Error writing to Modbus register: A Modbus Exception Occurred - See Response Body
[2024-12-10T06:46:39.511Z] Error reading or processing Modbus registers: A Modbus Exception Occurred - See Response Body
[2024-12-10T06:46:39.514Z] Error reading register 6507 for IP 10.30.4.128: A Modbus Exception Occurred - See Response Body
[2024-12-10T06:46:39.518Z] Error reading actual data: A Modbus Exception Occurred - See Response Body
[2024-12-10T06:46:39.518Z] Error writing to Modbus register: A Modbus Exception Occurred - See Response Body
[2024-12-10T06:46:40.526Z] Error reading or processing Modbus registers: A Modbus Exception Occurred - See Response Body
[2024-12-10T06:46:40.529Z] Error reading register 6507 for IP 10.30.4.128: A Modbus Exception Occurred - See Response Body
[2024-12-10T06:46:40.529Z] Error reading actual data: A Modbus Exception Occurred - See Response Body
[2024-12-10T06:46:40.530Z] Error writing to Modbus register: A Modbus Exception Occurred - See Response Body
[2024-12-10T06:46:41.527Z] Error reading or processing Modbus registers: A Modbus Exception Occurred - See Response Body
[2024-12-10T06:46:41.529Z] Error reading register 6507 for IP 10.30.4.128: A Modbus Exception Occurred - See Response Body
[2024-12-10T06:46:41.529Z] Error reading actual data: A Modbus Exception Occurred - See Response Body
[2024-12-10T06:46:41.530Z] Error writing to Modbus register: A Modbus Exception Occurred - See Response Body
[2024-12-10T06:46:42.527Z] Error reading or processing Modbus registers: A Modbus Exception Occurred - See Response Body
[2024-12-10T06:46:42.529Z] Error reading register 6507 for IP 10.30.4.128: A Modbus Exception Occurred - See Response Body
[2024-12-10T06:46:42.530Z] Error reading actual data: A Modbus Exception Occurred - See Response Body
[2024-12-10T06:46:42.531Z] Error writing to Modbus register: A Modbus Exception Occurred - See Response Body
[2024-12-10T06:46:43.528Z] Error reading or processing Modbus registers: A Modbus Exception Occurred - See Response Body
[2024-12-10T06:46:43.530Z] Error reading register 6507 for IP 10.30.4.128: A Modbus Exception Occurred - See Response Body
[2024-12-10T06:46:43.531Z] Error reading actual data: A Modbus Exception Occurred - See Response Body
[2024-12-10T06:46:43.531Z] Error writing to Modbus register: A Modbus Exception Occurred - See Response Body
[2024-12-10T06:46:44.543Z] Error reading or processing Modbus registers: A Modbus Exception Occurred - See Response Body
[2024-12-10T06:46:44.545Z] Error reading register 6507 for IP 10.30.4.128: A Modbus Exception Occurred - See Response Body
[2024-12-10T06:46:44.546Z] Error reading actual data: A Modbus Exception Occurred - See Response Body
[2024-12-10T06:46:44.546Z] Error writing to Modbus register: A Modbus Exception Occurred - See Response Body
[2024-12-10T06:46:45.555Z] Error reading or processing Modbus registers: A Modbus Exception Occurred - See Response Body
[2024-12-10T06:46:45.557Z] Error reading register 6507 for IP 10.30.4.128: A Modbus Exception Occurred - See Response Body
[2024-12-10T06:46:45.558Z] Error reading actual data: A Modbus Exception Occurred - See Response Body
[2024-12-10T06:46:45.558Z] Error writing to Modbus register: A Modbus Exception Occurred - See Response Body
[2024-12-10T06:46:46.568Z] Error reading or processing Modbus registers: A Modbus Exception Occurred - See Response Body
[2024-12-10T06:46:46.570Z] Error reading register 6507 for IP 10.30.4.128: A Modbus Exception Occurred - See Response Body
[2024-12-10T06:46:46.571Z] Error reading actual data: A Modbus Exception Occurred - See Response Body
[2024-12-10T06:46:46.571Z] Error writing to Modbus register: A Modbus Exception Occurred - See Response Body
[2024-12-10T06:46:47.581Z] Error reading or processing Modbus registers: A Modbus Exception Occurred - See Response Body
[2024-12-10T06:46:47.586Z] Error reading actual data: A Modbus Exception Occurred - See Response Body
[2024-12-10T06:46:47.585Z] Error reading register 6507 for IP 10.30.4.128: A Modbus Exception Occurred - See Response Body
[2024-12-10T06:46:47.586Z] Error writing to Modbus register: A Modbus Exception Occurred - See Response Body
[2024-12-10T06:46:48.593Z] Error reading or processing Modbus registers: A Modbus Exception Occurred - See Response Body
[2024-12-10T06:46:48.595Z] Error reading register 6507 for IP 10.30.4.128: A Modbus Exception Occurred - See Response Body
[2024-12-10T06:46:48.596Z] Error reading actual data: A Modbus Exception Occurred - See Response Body
[2024-12-10T06:46:48.596Z] Error writing to Modbus register: A Modbus Exception Occurred - See Response Body
[2024-12-10T06:46:49.607Z] Error reading or processing Modbus registers: A Modbus Exception Occurred - See Response Body
[2024-12-10T06:46:49.609Z] Error reading register 6507 for IP 10.30.4.128: A Modbus Exception Occurred - See Response Body
[2024-12-10T06:46:49.610Z] Error reading actual data: A Modbus Exception Occurred - See Response Body
[2024-12-10T06:46:49.610Z] Error writing to Modbus register: A Modbus Exception Occurred - See Response Body
[2024-12-10T06:46:50.622Z] Error reading or processing Modbus registers: A Modbus Exception Occurred - See Response Body
[2024-12-10T06:46:50.624Z] Error reading register 6507 for IP 10.30.4.128: A Modbus Exception Occurred - See Response Body
[2024-12-10T06:46:50.625Z] Error reading actual data: A Modbus Exception Occurred - See Response Body
[2024-12-10T06:46:50.626Z] Error writing to Modbus register: A Modbus Exception Occurred - See Response Body
[2024-12-10T06:46:51.635Z] Error reading or processing Modbus registers: A Modbus Exception Occurred - See Response Body
[2024-12-10T06:46:51.637Z] Error reading register 6507 for IP 10.30.4.128: A Modbus Exception Occurred - See Response Body
[2024-12-10T06:46:51.638Z] Error reading actual data: A Modbus Exception Occurred - See Response Body
[2024-12-10T06:46:51.639Z] Error writing to Modbus register: A Modbus Exception Occurred - See Response Body
[2024-12-10T06:46:52.649Z] Error reading or processing Modbus registers: A Modbus Exception Occurred - See Response Body
[2024-12-10T06:46:52.652Z] Error reading register 6507 for IP 10.30.4.128: A Modbus Exception Occurred - See Response Body
[2024-12-10T06:46:52.653Z] Error reading actual data: A Modbus Exception Occurred - See Response Body
[2024-12-10T06:46:52.654Z] Error writing to Modbus register: A Modbus Exception Occurred - See Response Body
[2024-12-10T06:46:53.664Z] Error reading or processing Modbus registers: A Modbus Exception Occurred - See Response Body
[2024-12-10T06:46:53.666Z] Error reading register 6507 for IP 10.30.4.128: A Modbus Exception Occurred - See Response Body
[2024-12-10T06:46:53.667Z] Error reading actual data: A Modbus Exception Occurred - See Response Body
[2024-12-10T06:46:53.667Z] Error writing to Modbus register: A Modbus Exception Occurred - See Response Body
[2024-12-10T06:46:54.665Z] Error reading or processing Modbus registers: A Modbus Exception Occurred - See Response Body
[2024-12-10T06:46:54.668Z] Error reading register 6507 for IP 10.30.4.128: A Modbus Exception Occurred - See Response Body
[2024-12-10T06:46:54.668Z] Error reading actual data: A Modbus Exception Occurred - See Response Body
[2024-12-10T06:46:54.669Z] Error writing to Modbus register: A Modbus Exception Occurred - See Response Body
[2024-12-10T06:46:55.679Z] Error reading or processing Modbus registers: A Modbus Exception Occurred - See Response Body
[2024-12-10T06:46:55.681Z] Error reading register 6507 for IP 10.30.4.128: A Modbus Exception Occurred - See Response Body
[2024-12-10T06:46:55.682Z] Error reading actual data: A Modbus Exception Occurred - See Response Body
[2024-12-10T06:46:55.683Z] Error writing to Modbus register: A Modbus Exception Occurred - See Response Body
[2024-12-10T06:46:56.693Z] Error reading or processing Modbus registers: A Modbus Exception Occurred - See Response Body
[2024-12-10T06:46:56.695Z] Error reading register 6507 for IP 10.30.4.128: A Modbus Exception Occurred - See Response Body
[2024-12-10T06:46:56.696Z] Error reading actual data: A Modbus Exception Occurred - See Response Body
[2024-12-10T06:46:56.696Z] Error writing to Modbus register: A Modbus Exception Occurred - See Response Body
[2024-12-10T06:46:57.708Z] Error reading or processing Modbus registers: A Modbus Exception Occurred - See Response Body
[2024-12-10T06:46:57.711Z] Error reading register 6507 for IP 10.30.4.128: A Modbus Exception Occurred - See Response Body
[2024-12-10T06:46:57.712Z] Error reading actual data: A Modbus Exception Occurred - See Response Body
[2024-12-10T06:46:57.712Z] Error writing to Modbus register: A Modbus Exception Occurred - See Response Body
[2024-12-10T06:46:58.708Z] Error reading or processing Modbus registers: A Modbus Exception Occurred - See Response Body
[2024-12-10T06:46:58.711Z] Error reading register 6507 for IP 10.30.4.128: A Modbus Exception Occurred - See Response Body
[2024-12-10T06:46:58.712Z] Error reading actual data: A Modbus Exception Occurred - See Response Body
[2024-12-10T06:46:58.713Z] Error writing to Modbus register: A Modbus Exception Occurred - See Response Body
[2024-12-10T06:46:59.720Z] Error reading or processing Modbus registers: A Modbus Exception Occurred - See Response Body
[2024-12-10T06:46:59.723Z] Error reading register 6507 for IP 10.30.4.128: A Modbus Exception Occurred - See Response Body
[2024-12-10T06:46:59.723Z] Error reading actual data: A Modbus Exception Occurred - See Response Body
[2024-12-10T06:46:59.724Z] Error writing to Modbus register: A Modbus Exception Occurred - See Response Body
[2024-12-10T06:47:00.734Z] Error reading or processing Modbus registers: A Modbus Exception Occurred - See Response Body
[2024-12-10T06:47:00.736Z] Error reading register 6507 for IP 10.30.4.128: A Modbus Exception Occurred - See Response Body
[2024-12-10T06:47:00.737Z] Error reading actual data: A Modbus Exception Occurred - See Response Body
[2024-12-10T06:47:00.737Z] Error writing to Modbus register: A Modbus Exception Occurred - See Response Body
[2024-12-10T06:47:01.746Z] Error reading or processing Modbus registers: A Modbus Exception Occurred - See Response Body
[2024-12-10T06:47:01.749Z] Error reading register 6507 for IP 10.30.4.128: A Modbus Exception Occurred - See Response Body
[2024-12-10T06:47:01.749Z] Error reading actual data: A Modbus Exception Occurred - See Response Body
[2024-12-10T06:47:01.750Z] Error writing to Modbus register: A Modbus Exception Occurred - See Response Body
[2024-12-10T06:47:02.759Z] Error reading or processing Modbus registers: A Modbus Exception Occurred - See Response Body
[2024-12-10T06:47:02.762Z] Error reading register 6507 for IP 10.30.4.128: A Modbus Exception Occurred - See Response Body
[2024-12-10T06:47:02.762Z] Error reading actual data: A Modbus Exception Occurred - See Response Body
[2024-12-10T06:47:02.763Z] Error writing to Modbus register: A Modbus Exception Occurred - See Response Body
[2024-12-10T06:47:03.760Z] Error reading or processing Modbus registers: A Modbus Exception Occurred - See Response Body
[2024-12-10T06:47:03.763Z] Error reading register 6507 for IP 10.30.4.128: A Modbus Exception Occurred - See Response Body
[2024-12-10T06:47:03.764Z] Error reading actual data: A Modbus Exception Occurred - See Response Body
[2024-12-10T06:47:03.764Z] Error writing to Modbus register: A Modbus Exception Occurred - See Response Body
[2024-12-10T06:47:04.774Z] Error reading or processing Modbus registers: A Modbus Exception Occurred - See Response Body
[2024-12-10T06:47:04.777Z] Error reading register 6507 for IP 10.30.4.128: A Modbus Exception Occurred - See Response Body
[2024-12-10T06:47:04.777Z] Error reading actual data: A Modbus Exception Occurred - See Response Body
[2024-12-10T06:47:04.778Z] Error writing to Modbus register: A Modbus Exception Occurred - See Response Body
[2024-12-10T06:47:05.775Z] Error reading or processing Modbus registers: A Modbus Exception Occurred - See Response Body
[2024-12-10T06:47:05.777Z] Error reading register 6507 for IP 10.30.4.128: A Modbus Exception Occurred - See Response Body
[2024-12-10T06:47:05.778Z] Error reading actual data: A Modbus Exception Occurred - See Response Body
[2024-12-10T06:47:05.779Z] Error writing to Modbus register: A Modbus Exception Occurred - See Response Body
[2024-12-10T06:47:06.776Z] Error reading or processing Modbus registers: A Modbus Exception Occurred - See Response Body
[2024-12-10T06:47:06.779Z] Error reading register 6507 for IP 10.30.4.128: A Modbus Exception Occurred - See Response Body
[2024-12-10T06:47:06.779Z] Error reading actual data: A Modbus Exception Occurred - See Response Body
[2024-12-10T06:47:06.780Z] Error writing to Modbus register: A Modbus Exception Occurred - See Response Body
[2024-12-10T06:47:07.790Z] Error reading or processing Modbus registers: A Modbus Exception Occurred - See Response Body
[2024-12-10T06:47:07.793Z] Error reading register 6507 for IP 10.30.4.128: A Modbus Exception Occurred - See Response Body
[2024-12-10T06:47:07.793Z] Error reading actual data: A Modbus Exception Occurred - See Response Body
[2024-12-10T06:47:07.794Z] Error writing to Modbus register: A Modbus Exception Occurred - See Response Body
[2024-12-10T06:47:08.804Z] Error reading or processing Modbus registers: A Modbus Exception Occurred - See Response Body
[2024-12-10T06:47:08.806Z] Error reading register 6507 for IP 10.30.4.128: A Modbus Exception Occurred - See Response Body
[2024-12-10T06:47:08.807Z] Error reading actual data: A Modbus Exception Occurred - See Response Body
[2024-12-10T06:47:08.807Z] Error writing to Modbus register: A Modbus Exception Occurred - See Response Body
[2024-12-10T06:47:09.807Z] Error reading or processing Modbus registers: A Modbus Exception Occurred - See Response Body
[2024-12-10T06:47:09.810Z] Error reading register 6507 for IP 10.30.4.128: A Modbus Exception Occurred - See Response Body
[2024-12-10T06:47:09.810Z] Error reading actual data: A Modbus Exception Occurred - See Response Body
[2024-12-10T06:47:09.811Z] Error writing to Modbus register: A Modbus Exception Occurred - See Response Body
[2024-12-10T06:47:10.808Z] Error reading or processing Modbus registers: A Modbus Exception Occurred - See Response Body
[2024-12-10T06:47:10.810Z] Error reading register 6507 for IP 10.30.4.128: A Modbus Exception Occurred - See Response Body
[2024-12-10T06:47:10.811Z] Error reading actual data: A Modbus Exception Occurred - See Response Body
[2024-12-10T06:47:10.812Z] Error writing to Modbus register: A Modbus Exception Occurred - See Response Body
[2024-12-10T06:47:11.811Z] Error reading or processing Modbus registers: A Modbus Exception Occurred - See Response Body
[2024-12-10T06:47:11.813Z] Error reading register 6507 for IP 10.30.4.128: A Modbus Exception Occurred - See Response Body
[2024-12-10T06:47:11.814Z] Error reading actual data: A Modbus Exception Occurred - See Response Body
[2024-12-10T06:47:11.815Z] Error writing to Modbus register: A Modbus Exception Occurred - See Response Body
[2024-12-10T06:47:12.824Z] Error reading or processing Modbus registers: A Modbus Exception Occurred - See Response Body
[2024-12-10T06:47:12.827Z] Error reading register 6507 for IP 10.30.4.128: A Modbus Exception Occurred - See Response Body
[2024-12-10T06:47:12.828Z] Error reading actual data: A Modbus Exception Occurred - See Response Body
[2024-12-10T06:47:12.828Z] Error writing to Modbus register: A Modbus Exception Occurred - See Response Body
[2024-12-10T06:47:13.839Z] Error reading or processing Modbus registers: A Modbus Exception Occurred - See Response Body
[2024-12-10T06:47:13.842Z] Error reading register 6507 for IP 10.30.4.128: A Modbus Exception Occurred - See Response Body
[2024-12-10T06:47:13.842Z] Error reading actual data: A Modbus Exception Occurred - See Response Body
[2024-12-10T06:47:13.843Z] Error writing to Modbus register: A Modbus Exception Occurred - See Response Body
[2024-12-10T06:47:14.845Z] Error reading or processing Modbus registers: A Modbus Exception Occurred - See Response Body
[2024-12-10T06:47:14.848Z] Error reading register 6507 for IP 10.30.4.128: A Modbus Exception Occurred - See Response Body
[2024-12-10T06:47:14.849Z] Error reading actual data: A Modbus Exception Occurred - See Response Body
[2024-12-10T06:47:14.849Z] Error writing to Modbus register: A Modbus Exception Occurred - See Response Body
[2024-12-10T06:47:15.849Z] Error reading or processing Modbus registers: A Modbus Exception Occurred - See Response Body
[2024-12-10T06:47:15.851Z] Error reading register 6507 for IP 10.30.4.128: A Modbus Exception Occurred - See Response Body
[2024-12-10T06:47:15.852Z] Error reading actual data: A Modbus Exception Occurred - See Response Body
[2024-12-10T06:47:15.853Z] Error writing to Modbus register: A Modbus Exception Occurred - See Response Body
[2024-12-10T06:47:16.863Z] Error reading or processing Modbus registers: A Modbus Exception Occurred - See Response Body
[2024-12-10T06:47:16.865Z] Error reading register 6507 for IP 10.30.4.128: A Modbus Exception Occurred - See Response Body
[2024-12-10T06:47:16.866Z] Error reading actual data: A Modbus Exception Occurred - See Response Body
[2024-12-10T06:47:16.866Z] Error writing to Modbus register: A Modbus Exception Occurred - See Response Body
[2024-12-10T06:47:17.865Z] Error reading or processing Modbus registers: A Modbus Exception Occurred - See Response Body
[2024-12-10T06:47:17.867Z] Error reading register 6507 for IP 10.30.4.128: A Modbus Exception Occurred - See Response Body
[2024-12-10T06:47:17.868Z] Error reading actual data: A Modbus Exception Occurred - See Response Body
[2024-12-10T06:47:17.869Z] Error writing to Modbus register: A Modbus Exception Occurred - See Response Body
[2024-12-10T06:47:18.868Z] Error reading or processing Modbus registers: A Modbus Exception Occurred - See Response Body
[2024-12-10T06:47:18.871Z] Error reading register 6507 for IP 10.30.4.128: A Modbus Exception Occurred - See Response Body
[2024-12-10T06:47:18.872Z] Error reading actual data: A Modbus Exception Occurred - See Response Body
[2024-12-10T06:47:18.873Z] Error writing to Modbus register: A Modbus Exception Occurred - See Response Body
[2024-12-10T06:47:19.883Z] Error reading or processing Modbus registers: A Modbus Exception Occurred - See Response Body
[2024-12-10T06:47:19.885Z] Error reading register 6507 for IP 10.30.4.128: A Modbus Exception Occurred - See Response Body
[2024-12-10T06:47:19.886Z] Error reading actual data: A Modbus Exception Occurred - See Response Body
[2024-12-10T06:47:19.887Z] Error writing to Modbus register: A Modbus Exception Occurred - See Response Body
[2024-12-10T06:47:20.883Z] Error reading or processing Modbus registers: A Modbus Exception Occurred - See Response Body
[2024-12-10T06:47:20.885Z] Error reading register 6507 for IP 10.30.4.128: A Modbus Exception Occurred - See Response Body
[2024-12-10T06:47:20.886Z] Error reading actual data: A Modbus Exception Occurred - See Response Body
[2024-12-10T06:47:20.887Z] Error writing to Modbus register: A Modbus Exception Occurred - See Response Body
[2024-12-10T06:47:21.897Z] Error reading or processing Modbus registers: A Modbus Exception Occurred - See Response Body
[2024-12-10T06:47:21.903Z] Error reading register 6507 for IP 10.30.4.128: A Modbus Exception Occurred - See Response Body
[2024-12-10T06:47:21.904Z] Error reading actual data: A Modbus Exception Occurred - See Response Body
[2024-12-10T06:47:21.904Z] Error writing to Modbus register: A Modbus Exception Occurred - See Response Body
[2024-12-10T06:47:22.909Z] Error reading or processing Modbus registers: A Modbus Exception Occurred - See Response Body
[2024-12-10T06:47:22.912Z] Error reading register 6507 for IP 10.30.4.128: A Modbus Exception Occurred - See Response Body
[2024-12-10T06:47:22.913Z] Error reading actual data: A Modbus Exception Occurred - See Response Body
[2024-12-10T06:47:22.913Z] Error writing to Modbus register: A Modbus Exception Occurred - See Response Body
[2024-12-10T06:47:23.910Z] Error reading or processing Modbus registers: A Modbus Exception Occurred - See Response Body
[2024-12-10T06:47:23.912Z] Error reading register 6507 for IP 10.30.4.128: A Modbus Exception Occurred - See Response Body
[2024-12-10T06:47:23.913Z] Error reading actual data: A Modbus Exception Occurred - See Response Body
[2024-12-10T06:47:23.913Z] Error writing to Modbus register: A Modbus Exception Occurred - See Response Body
[2024-12-10T06:47:24.924Z] Error reading or processing Modbus registers: A Modbus Exception Occurred - See Response Body
[2024-12-10T06:47:24.926Z] Error reading register 6507 for IP 10.30.4.128: A Modbus Exception Occurred - See Response Body
[2024-12-10T06:47:24.927Z] Error reading actual data: A Modbus Exception Occurred - See Response Body
[2024-12-10T06:47:24.928Z] Error writing to Modbus register: A Modbus Exception Occurred - See Response Body
[2024-12-10T06:47:25.938Z] Error reading or processing Modbus registers: A Modbus Exception Occurred - See Response Body
[2024-12-10T06:47:25.940Z] Error reading register 6507 for IP 10.30.4.128: A Modbus Exception Occurred - See Response Body
[2024-12-10T06:47:25.941Z] Error reading actual data: A Modbus Exception Occurred - See Response Body
[2024-12-10T06:47:25.942Z] Error writing to Modbus register: A Modbus Exception Occurred - See Response Body
[2024-12-10T06:47:26.938Z] Error reading or processing Modbus registers: A Modbus Exception Occurred - See Response Body
[2024-12-10T06:47:26.941Z] Error reading register 6507 for IP 10.30.4.128: A Modbus Exception Occurred - See Response Body
[2024-12-10T06:47:26.941Z] Error reading actual data: A Modbus Exception Occurred - See Response Body
[2024-12-10T06:47:26.942Z] Error writing to Modbus register: A Modbus Exception Occurred - See Response Body
[2024-12-10T06:47:27.950Z] Error reading or processing Modbus registers: A Modbus Exception Occurred - See Response Body
[2024-12-10T06:47:27.952Z] Error reading register 6507 for IP 10.30.4.128: A Modbus Exception Occurred - See Response Body
[2024-12-10T06:47:27.953Z] Error reading actual data: A Modbus Exception Occurred - See Response Body
[2024-12-10T06:47:27.954Z] Error writing to Modbus register: A Modbus Exception Occurred - See Response Body
[2024-12-10T06:47:28.965Z] Error reading or processing Modbus registers: A Modbus Exception Occurred - See Response Body
[2024-12-10T06:47:28.967Z] Error reading register 6507 for IP 10.30.4.128: A Modbus Exception Occurred - See Response Body
[2024-12-10T06:47:28.968Z] Error reading actual data: A Modbus Exception Occurred - See Response Body
[2024-12-10T06:47:28.970Z] Error writing to Modbus register: A Modbus Exception Occurred - See Response Body
[2024-12-10T06:47:29.967Z] Error reading or processing Modbus registers: A Modbus Exception Occurred - See Response Body
[2024-12-10T06:47:29.971Z] Error reading register 6507 for IP 10.30.4.128: A Modbus Exception Occurred - See Response Body
[2024-12-10T06:47:29.972Z] Error reading actual data: A Modbus Exception Occurred - See Response Body
[2024-12-10T06:47:29.972Z] Error writing to Modbus register: A Modbus Exception Occurred - See Response Body
[2024-12-10T06:47:30.980Z] Error reading or processing Modbus registers: A Modbus Exception Occurred - See Response Body
[2024-12-10T06:47:30.982Z] Error reading register 6507 for IP 10.30.4.128: A Modbus Exception Occurred - See Response Body
[2024-12-10T06:47:30.983Z] Error reading actual data: A Modbus Exception Occurred - See Response Body
[2024-12-10T06:47:30.983Z] Error writing to Modbus register: A Modbus Exception Occurred - See Response Body
[2024-12-10T06:47:31.994Z] Error reading or processing Modbus registers: A Modbus Exception Occurred - See Response Body
[2024-12-10T06:47:31.997Z] Error reading register 6507 for IP 10.30.4.128: A Modbus Exception Occurred - See Response Body
[2024-12-10T06:47:31.997Z] Error reading actual data: A Modbus Exception Occurred - See Response Body
[2024-12-10T06:47:31.998Z] Error writing to Modbus register: A Modbus Exception Occurred - See Response Body
[2024-12-10T06:47:32.995Z] Error reading or processing Modbus registers: A Modbus Exception Occurred - See Response Body
[2024-12-10T06:47:32.997Z] Error reading register 6507 for IP 10.30.4.128: A Modbus Exception Occurred - See Response Body
[2024-12-10T06:47:32.998Z] Error reading actual data: A Modbus Exception Occurred - See Response Body
[2024-12-10T06:47:32.999Z] Error writing to Modbus register: A Modbus Exception Occurred - See Response Body
[2024-12-10T06:47:34.008Z] Error reading or processing Modbus registers: A Modbus Exception Occurred - See Response Body
[2024-12-10T06:47:34.011Z] Error reading register 6507 for IP 10.30.4.128: A Modbus Exception Occurred - See Response Body
[2024-12-10T06:47:34.012Z] Error reading actual data: A Modbus Exception Occurred - See Response Body
[2024-12-10T06:47:34.012Z] Error writing to Modbus register: A Modbus Exception Occurred - See Response Body
[2024-12-10T06:47:35.019Z] Error reading or processing Modbus registers: A Modbus Exception Occurred - See Response Body
[2024-12-10T06:47:35.022Z] Error reading register 6507 for IP 10.30.4.128: A Modbus Exception Occurred - See Response Body
[2024-12-10T06:47:35.022Z] Error reading actual data: A Modbus Exception Occurred - See Response Body
[2024-12-10T06:47:35.023Z] Error writing to Modbus register: A Modbus Exception Occurred - See Response Body
[2024-12-10T06:47:36.022Z] Error reading or processing Modbus registers: A Modbus Exception Occurred - See Response Body
[2024-12-10T06:47:36.025Z] Error reading register 6507 for IP 10.30.4.128: A Modbus Exception Occurred - See Response Body
[2024-12-10T06:47:36.026Z] Error reading actual data: A Modbus Exception Occurred - See Response Body
[2024-12-10T06:47:36.026Z] Error writing to Modbus register: A Modbus Exception Occurred - See Response Body
[2024-12-10T06:47:37.023Z] Error reading or processing Modbus registers: A Modbus Exception Occurred - See Response Body
[2024-12-10T06:47:37.025Z] Error reading register 6507 for IP 10.30.4.128: A Modbus Exception Occurred - See Response Body
[2024-12-10T06:47:37.026Z] Error reading actual data: A Modbus Exception Occurred - See Response Body
[2024-12-10T06:47:37.027Z] Error writing to Modbus register: A Modbus Exception Occurred - See Response Body
[2024-12-10T06:47:38.036Z] Error reading or processing Modbus registers: A Modbus Exception Occurred - See Response Body
[2024-12-10T06:47:38.038Z] Error reading register 6507 for IP 10.30.4.128: A Modbus Exception Occurred - See Response Body
[2024-12-10T06:47:38.039Z] Error reading actual data: A Modbus Exception Occurred - See Response Body
[2024-12-10T06:47:38.040Z] Error writing to Modbus register: A Modbus Exception Occurred - See Response Body
[2024-12-10T06:47:39.052Z] Error reading or processing Modbus registers: A Modbus Exception Occurred - See Response Body
[2024-12-10T06:47:39.054Z] Error reading register 6507 for IP 10.30.4.128: A Modbus Exception Occurred - See Response Body
[2024-12-10T06:47:39.055Z] Error reading actual data: A Modbus Exception Occurred - See Response Body
[2024-12-10T06:47:39.056Z] Error writing to Modbus register: A Modbus Exception Occurred - See Response Body
[2024-12-10T06:47:40.052Z] Error reading or processing Modbus registers: A Modbus Exception Occurred - See Response Body
[2024-12-10T06:47:40.055Z] Error reading register 6507 for IP 10.30.4.128: A Modbus Exception Occurred - See Response Body
[2024-12-10T06:47:40.056Z] Error reading actual data: A Modbus Exception Occurred - See Response Body
[2024-12-10T06:47:40.056Z] Error writing to Modbus register: A Modbus Exception Occurred - See Response Body
[2024-12-10T06:47:41.066Z] Error reading or processing Modbus registers: A Modbus Exception Occurred - See Response Body
[2024-12-10T06:47:41.069Z] Error reading register 6507 for IP 10.30.4.128: A Modbus Exception Occurred - See Response Body
[2024-12-10T06:47:41.070Z] Error reading actual data: A Modbus Exception Occurred - See Response Body
[2024-12-10T06:47:41.070Z] Error writing to Modbus register: A Modbus Exception Occurred - See Response Body
[2024-12-10T06:47:42.069Z] Error reading or processing Modbus registers: A Modbus Exception Occurred - See Response Body
[2024-12-10T06:47:42.072Z] Error reading register 6507 for IP 10.30.4.128: A Modbus Exception Occurred - See Response Body
[2024-12-10T06:47:42.073Z] Error reading actual data: A Modbus Exception Occurred - See Response Body
[2024-12-10T06:47:42.073Z] Error writing to Modbus register: A Modbus Exception Occurred - See Response Body
[2024-12-10T06:47:43.072Z] Error reading or processing Modbus registers: A Modbus Exception Occurred - See Response Body
[2024-12-10T06:47:43.074Z] Error reading register 6507 for IP 10.30.4.128: A Modbus Exception Occurred - See Response Body
[2024-12-10T06:47:43.075Z] Error reading actual data: A Modbus Exception Occurred - See Response Body
[2024-12-10T06:47:43.076Z] Error writing to Modbus register: A Modbus Exception Occurred - See Response Body
[2024-12-10T06:47:44.073Z] Error reading or processing Modbus registers: A Modbus Exception Occurred - See Response Body
[2024-12-10T06:47:44.079Z] Error reading register 6507 for IP 10.30.4.128: A Modbus Exception Occurred - See Response Body
[2024-12-10T06:47:44.080Z] Error reading actual data: A Modbus Exception Occurred - See Response Body
[2024-12-10T06:47:44.080Z] Error writing to Modbus register: A Modbus Exception Occurred - See Response Body
[2024-12-10T06:47:45.087Z] Error reading or processing Modbus registers: A Modbus Exception Occurred - See Response Body
[2024-12-10T06:47:45.090Z] Error reading register 6507 for IP 10.30.4.128: A Modbus Exception Occurred - See Response Body
[2024-12-10T06:47:45.090Z] Error reading actual data: A Modbus Exception Occurred - See Response Body
[2024-12-10T06:47:45.091Z] Error writing to Modbus register: A Modbus Exception Occurred - See Response Body
[2024-12-10T06:47:46.090Z] Error reading or processing Modbus registers: A Modbus Exception Occurred - See Response Body
[2024-12-10T06:47:46.092Z] Error reading register 6507 for IP 10.30.4.128: A Modbus Exception Occurred - See Response Body
[2024-12-10T06:47:46.093Z] Error reading actual data: A Modbus Exception Occurred - See Response Body
[2024-12-10T06:47:46.093Z] Error writing to Modbus register: A Modbus Exception Occurred - See Response Body
[2024-12-10T06:47:47.090Z] Error reading or processing Modbus registers: A Modbus Exception Occurred - See Response Body
[2024-12-10T06:47:47.093Z] Error reading register 6507 for IP 10.30.4.128: A Modbus Exception Occurred - See Response Body
[2024-12-10T06:47:47.093Z] Error reading actual data: A Modbus Exception Occurred - See Response Body
[2024-12-10T06:47:47.094Z] Error writing to Modbus register: A Modbus Exception Occurred - See Response Body
[2024-12-10T06:47:48.104Z] Error reading or processing Modbus registers: A Modbus Exception Occurred - See Response Body
[2024-12-10T06:47:48.106Z] Error reading register 6507 for IP 10.30.4.128: A Modbus Exception Occurred - See Response Body
[2024-12-10T06:47:48.107Z] Error reading actual data: A Modbus Exception Occurred - See Response Body
[2024-12-10T06:47:48.107Z] Error writing to Modbus register: A Modbus Exception Occurred - See Response Body
[2024-12-10T06:47:49.118Z] Error reading or processing Modbus registers: A Modbus Exception Occurred - See Response Body
[2024-12-10T06:47:49.120Z] Error reading register 6507 for IP 10.30.4.128: A Modbus Exception Occurred - See Response Body
[2024-12-10T06:47:49.121Z] Error reading actual data: A Modbus Exception Occurred - See Response Body
[2024-12-10T06:47:49.122Z] Error writing to Modbus register: A Modbus Exception Occurred - See Response Body
[2024-12-10T06:47:50.119Z] Error reading or processing Modbus registers: A Modbus Exception Occurred - See Response Body
[2024-12-10T06:47:50.121Z] Error reading register 6507 for IP 10.30.4.128: A Modbus Exception Occurred - See Response Body
[2024-12-10T06:47:50.122Z] Error reading actual data: A Modbus Exception Occurred - See Response Body
[2024-12-10T06:47:50.122Z] Error writing to Modbus register: A Modbus Exception Occurred - See Response Body
[2024-12-10T06:47:51.131Z] Error reading or processing Modbus registers: A Modbus Exception Occurred - See Response Body
[2024-12-10T06:47:51.134Z] Error reading register 6507 for IP 10.30.4.128: A Modbus Exception Occurred - See Response Body
[2024-12-10T06:47:51.134Z] Error reading actual data: A Modbus Exception Occurred - See Response Body
[2024-12-10T06:47:51.135Z] Error writing to Modbus register: A Modbus Exception Occurred - See Response Body
[2024-12-10T06:47:52.143Z] Error reading or processing Modbus registers: A Modbus Exception Occurred - See Response Body
[2024-12-10T06:47:52.146Z] Error reading register 6507 for IP 10.30.4.128: A Modbus Exception Occurred - See Response Body
[2024-12-10T06:47:52.147Z] Error reading actual data: A Modbus Exception Occurred - See Response Body
[2024-12-10T06:47:52.147Z] Error writing to Modbus register: A Modbus Exception Occurred - See Response Body
[2024-12-10T06:47:53.155Z] Error reading or processing Modbus registers: A Modbus Exception Occurred - See Response Body
[2024-12-10T06:47:53.157Z] Error reading register 6507 for IP 10.30.4.128: A Modbus Exception Occurred - See Response Body
[2024-12-10T06:47:53.158Z] Error reading actual data: A Modbus Exception Occurred - See Response Body
[2024-12-10T06:47:53.158Z] Error writing to Modbus register: A Modbus Exception Occurred - See Response Body
[2024-12-10T06:47:54.155Z] Error reading or processing Modbus registers: A Modbus Exception Occurred - See Response Body
[2024-12-10T06:47:54.157Z] Error reading register 6507 for IP 10.30.4.128: A Modbus Exception Occurred - See Response Body
[2024-12-10T06:47:54.157Z] Error reading actual data: A Modbus Exception Occurred - See Response Body
[2024-12-10T06:47:54.158Z] Error writing to Modbus register: A Modbus Exception Occurred - See Response Body
[2024-12-10T06:47:55.168Z] Error reading or processing Modbus registers: A Modbus Exception Occurred - See Response Body
[2024-12-10T06:47:55.170Z] Error reading register 6507 for IP 10.30.4.128: A Modbus Exception Occurred - See Response Body
[2024-12-10T06:47:55.171Z] Error reading actual data: A Modbus Exception Occurred - See Response Body
[2024-12-10T06:47:55.171Z] Error writing to Modbus register: A Modbus Exception Occurred - See Response Body
[2024-12-10T06:47:56.168Z] Error reading or processing Modbus registers: A Modbus Exception Occurred - See Response Body
[2024-12-10T06:47:56.171Z] Error reading register 6507 for IP 10.30.4.128: A Modbus Exception Occurred - See Response Body
[2024-12-10T06:47:56.171Z] Error reading actual data: A Modbus Exception Occurred - See Response Body
[2024-12-10T06:47:56.172Z] Error writing to Modbus register: A Modbus Exception Occurred - See Response Body
[2024-12-10T06:47:57.182Z] Error reading or processing Modbus registers: A Modbus Exception Occurred - See Response Body
[2024-12-10T06:47:57.184Z] Error reading register 6507 for IP 10.30.4.128: A Modbus Exception Occurred - See Response Body
[2024-12-10T06:47:57.185Z] Error reading actual data: A Modbus Exception Occurred - See Response Body
[2024-12-10T06:47:57.186Z] Error writing to Modbus register: A Modbus Exception Occurred - See Response Body
[2024-12-10T06:47:58.195Z] Error reading or processing Modbus registers: A Modbus Exception Occurred - See Response Body
[2024-12-10T06:47:58.198Z] Error reading register 6507 for IP 10.30.4.128: A Modbus Exception Occurred - See Response Body
[2024-12-10T06:47:58.199Z] Error reading actual data: A Modbus Exception Occurred - See Response Body
[2024-12-10T06:47:58.200Z] Error writing to Modbus register: A Modbus Exception Occurred - See Response Body
[2024-12-10T06:47:59.208Z] Error reading or processing Modbus registers: A Modbus Exception Occurred - See Response Body
[2024-12-10T06:47:59.211Z] Error reading register 6507 for IP 10.30.4.128: A Modbus Exception Occurred - See Response Body
[2024-12-10T06:47:59.212Z] Error reading actual data: A Modbus Exception Occurred - See Response Body
[2024-12-10T06:47:59.212Z] Error writing to Modbus register: A Modbus Exception Occurred - See Response Body
[2024-12-10T06:48:00.207Z] Error reading or processing Modbus registers: A Modbus Exception Occurred - See Response Body
[2024-12-10T06:48:00.210Z] Error reading register 6507 for IP 10.30.4.128: A Modbus Exception Occurred - See Response Body
[2024-12-10T06:48:00.211Z] Error reading actual data: A Modbus Exception Occurred - See Response Body
[2024-12-10T06:48:00.211Z] Error writing to Modbus register: A Modbus Exception Occurred - See Response Body
[2024-12-10T06:48:01.215Z] Error reading or processing Modbus registers: A Modbus Exception Occurred - See Response Body
[2024-12-10T06:48:01.218Z] Error reading register 6507 for IP 10.30.4.128: A Modbus Exception Occurred - See Response Body
[2024-12-10T06:48:01.219Z] Error reading actual data: A Modbus Exception Occurred - See Response Body
[2024-12-10T06:48:01.219Z] Error writing to Modbus register: A Modbus Exception Occurred - See Response Body
[2024-12-10T06:48:02.222Z] Error reading or processing Modbus registers: A Modbus Exception Occurred - See Response Body
[2024-12-10T06:48:02.225Z] Error reading register 6507 for IP 10.30.4.128: A Modbus Exception Occurred - See Response Body
[2024-12-10T06:48:02.226Z] Error reading actual data: A Modbus Exception Occurred - See Response Body
[2024-12-10T06:48:02.226Z] Error writing to Modbus register: A Modbus Exception Occurred - See Response Body
[2024-12-10T06:48:03.224Z] Error reading or processing Modbus registers: A Modbus Exception Occurred - See Response Body
[2024-12-10T06:48:03.227Z] Error reading register 6507 for IP 10.30.4.128: A Modbus Exception Occurred - See Response Body
[2024-12-10T06:48:03.228Z] Error reading actual data: A Modbus Exception Occurred - See Response Body
[2024-12-10T06:48:03.228Z] Error writing to Modbus register: A Modbus Exception Occurred - See Response Body
[2024-12-10T06:48:04.230Z] Error reading or processing Modbus registers: A Modbus Exception Occurred - See Response Body
[2024-12-10T06:48:04.232Z] Error reading register 6507 for IP 10.30.4.128: A Modbus Exception Occurred - See Response Body
[2024-12-10T06:48:04.233Z] Error reading actual data: A Modbus Exception Occurred - See Response Body
[2024-12-10T06:48:04.234Z] Error writing to Modbus register: A Modbus Exception Occurred - See Response Body
[2024-12-10T06:48:05.235Z] Error reading or processing Modbus registers: A Modbus Exception Occurred - See Response Body
[2024-12-10T06:48:05.237Z] Error reading register 6507 for IP 10.30.4.128: A Modbus Exception Occurred - See Response Body
[2024-12-10T06:48:05.237Z] Error reading actual data: A Modbus Exception Occurred - See Response Body
[2024-12-10T06:48:05.238Z] Error writing to Modbus register: A Modbus Exception Occurred - See Response Body
[2024-12-10T06:48:06.243Z] Error reading or processing Modbus registers: A Modbus Exception Occurred - See Response Body
[2024-12-10T06:48:06.246Z] Error reading register 6507 for IP 10.30.4.128: A Modbus Exception Occurred - See Response Body
[2024-12-10T06:48:06.247Z] Error reading actual data: A Modbus Exception Occurred - See Response Body
[2024-12-10T06:48:06.247Z] Error writing to Modbus register: A Modbus Exception Occurred - See Response Body
[2024-12-10T06:48:07.258Z] Error reading or processing Modbus registers: A Modbus Exception Occurred - See Response Body
[2024-12-10T06:48:07.261Z] Error reading register 6507 for IP 10.30.4.128: A Modbus Exception Occurred - See Response Body
[2024-12-10T06:48:07.262Z] Error reading actual data: A Modbus Exception Occurred - See Response Body
[2024-12-10T06:48:07.262Z] Error writing to Modbus register: A Modbus Exception Occurred - See Response Body
[2024-12-10T06:48:08.273Z] Error reading or processing Modbus registers: A Modbus Exception Occurred - See Response Body
[2024-12-10T06:48:08.278Z] Error reading register 6507 for IP 10.30.4.128: A Modbus Exception Occurred - See Response Body
[2024-12-10T06:48:08.279Z] Error reading actual data: A Modbus Exception Occurred - See Response Body
[2024-12-10T06:48:08.279Z] Error writing to Modbus register: A Modbus Exception Occurred - See Response Body
[2024-12-10T06:48:09.285Z] Error reading or processing Modbus registers: A Modbus Exception Occurred - See Response Body
[2024-12-10T06:48:09.287Z] Error reading register 6507 for IP 10.30.4.128: A Modbus Exception Occurred - See Response Body
[2024-12-10T06:48:09.288Z] Error reading actual data: A Modbus Exception Occurred - See Response Body
[2024-12-10T06:48:09.288Z] Error writing to Modbus register: A Modbus Exception Occurred - See Response Body
[2024-12-10T06:48:10.286Z] Error reading or processing Modbus registers: A Modbus Exception Occurred - See Response Body
[2024-12-10T06:48:10.289Z] Error reading register 6507 for IP 10.30.4.128: A Modbus Exception Occurred - See Response Body
[2024-12-10T06:48:10.289Z] Error reading actual data: A Modbus Exception Occurred - See Response Body
[2024-12-10T06:48:10.290Z] Error writing to Modbus register: A Modbus Exception Occurred - See Response Body
[2024-12-10T06:48:11.286Z] Error reading or processing Modbus registers: A Modbus Exception Occurred - See Response Body
[2024-12-10T06:48:11.289Z] Error reading register 6507 for IP 10.30.4.128: A Modbus Exception Occurred - See Response Body
[2024-12-10T06:48:11.289Z] Error reading actual data: A Modbus Exception Occurred - See Response Body
[2024-12-10T06:48:11.290Z] Error writing to Modbus register: A Modbus Exception Occurred - See Response Body
[2024-12-10T06:48:12.300Z] Error reading or processing Modbus registers: A Modbus Exception Occurred - See Response Body
[2024-12-10T06:48:12.303Z] Error reading register 6507 for IP 10.30.4.128: A Modbus Exception Occurred - See Response Body
[2024-12-10T06:48:12.304Z] Error reading actual data: A Modbus Exception Occurred - See Response Body
[2024-12-10T06:48:12.304Z] Error writing to Modbus register: A Modbus Exception Occurred - See Response Body
[2024-12-10T06:48:13.302Z] Error reading or processing Modbus registers: A Modbus Exception Occurred - See Response Body
[2024-12-10T06:48:13.304Z] Error reading register 6507 for IP 10.30.4.128: A Modbus Exception Occurred - See Response Body
[2024-12-10T06:48:13.305Z] Error reading actual data: A Modbus Exception Occurred - See Response Body
[2024-12-10T06:48:13.305Z] Error writing to Modbus register: A Modbus Exception Occurred - See Response Body
[2024-12-10T06:48:14.316Z] Error reading or processing Modbus registers: A Modbus Exception Occurred - See Response Body
[2024-12-10T06:48:14.319Z] Error reading register 6507 for IP 10.30.4.128: A Modbus Exception Occurred - See Response Body
[2024-12-10T06:48:14.320Z] Error reading actual data: A Modbus Exception Occurred - See Response Body
[2024-12-10T06:48:14.320Z] Error writing to Modbus register: A Modbus Exception Occurred - See Response Body
[2024-12-10T06:48:15.326Z] Error reading or processing Modbus registers: A Modbus Exception Occurred - See Response Body
[2024-12-10T06:48:15.328Z] Error reading register 6507 for IP 10.30.4.128: A Modbus Exception Occurred - See Response Body
[2024-12-10T06:48:15.329Z] Error reading actual data: A Modbus Exception Occurred - See Response Body
[2024-12-10T06:48:15.329Z] Error writing to Modbus register: A Modbus Exception Occurred - See Response Body
[2024-12-10T06:48:16.340Z] Error reading or processing Modbus registers: A Modbus Exception Occurred - See Response Body
[2024-12-10T06:48:16.343Z] Error reading register 6507 for IP 10.30.4.128: A Modbus Exception Occurred - See Response Body
[2024-12-10T06:48:16.344Z] Error reading actual data: A Modbus Exception Occurred - See Response Body
[2024-12-10T06:48:16.344Z] Error writing to Modbus register: A Modbus Exception Occurred - See Response Body
[2024-12-10T06:48:17.343Z] Error reading or processing Modbus registers: A Modbus Exception Occurred - See Response Body
[2024-12-10T06:48:17.345Z] Error reading register 6507 for IP 10.30.4.128: A Modbus Exception Occurred - See Response Body
[2024-12-10T06:48:17.346Z] Error reading actual data: A Modbus Exception Occurred - See Response Body
[2024-12-10T06:48:17.347Z] Error writing to Modbus register: A Modbus Exception Occurred - See Response Body
[2024-12-10T06:48:18.345Z] Error reading or processing Modbus registers: A Modbus Exception Occurred - See Response Body
[2024-12-10T06:48:18.347Z] Error reading register 6507 for IP 10.30.4.128: A Modbus Exception Occurred - See Response Body
[2024-12-10T06:48:18.348Z] Error reading actual data: A Modbus Exception Occurred - See Response Body
[2024-12-10T06:48:18.349Z] Error writing to Modbus register: A Modbus Exception Occurred - See Response Body
[2024-12-10T06:48:19.356Z] Error reading or processing Modbus registers: A Modbus Exception Occurred - See Response Body
[2024-12-10T06:48:19.358Z] Error reading register 6507 for IP 10.30.4.128: A Modbus Exception Occurred - See Response Body
[2024-12-10T06:48:19.359Z] Error reading actual data: A Modbus Exception Occurred - See Response Body
[2024-12-10T06:48:19.359Z] Error writing to Modbus register: A Modbus Exception Occurred - See Response Body
[2024-12-10T06:48:20.370Z] Error reading or processing Modbus registers: A Modbus Exception Occurred - See Response Body
[2024-12-10T06:48:20.373Z] Error reading register 6507 for IP 10.30.4.128: A Modbus Exception Occurred - See Response Body
[2024-12-10T06:48:20.374Z] Error reading actual data: A Modbus Exception Occurred - See Response Body
[2024-12-10T06:48:20.375Z] Error writing to Modbus register: A Modbus Exception Occurred - See Response Body
[2024-12-10T06:48:21.384Z] Error reading or processing Modbus registers: A Modbus Exception Occurred - See Response Body
[2024-12-10T06:48:21.386Z] Error reading register 6507 for IP 10.30.4.128: A Modbus Exception Occurred - See Response Body
[2024-12-10T06:48:21.387Z] Error reading actual data: A Modbus Exception Occurred - See Response Body
[2024-12-10T06:48:21.388Z] Error writing to Modbus register: A Modbus Exception Occurred - See Response Body
[2024-12-10T06:48:22.398Z] Error reading or processing Modbus registers: A Modbus Exception Occurred - See Response Body
[2024-12-10T06:48:22.400Z] Error reading register 6507 for IP 10.30.4.128: A Modbus Exception Occurred - See Response Body
[2024-12-10T06:48:22.401Z] Error reading actual data: A Modbus Exception Occurred - See Response Body
[2024-12-10T06:48:22.402Z] Error writing to Modbus register: A Modbus Exception Occurred - See Response Body
[2024-12-10T06:48:23.412Z] Error reading or processing Modbus registers: A Modbus Exception Occurred - See Response Body
[2024-12-10T06:48:23.414Z] Error reading register 6507 for IP 10.30.4.128: A Modbus Exception Occurred - See Response Body
[2024-12-10T06:48:23.415Z] Error reading actual data: A Modbus Exception Occurred - See Response Body
[2024-12-10T06:48:23.415Z] Error writing to Modbus register: A Modbus Exception Occurred - See Response Body
[2024-12-10T06:48:24.426Z] Error reading or processing Modbus registers: A Modbus Exception Occurred - See Response Body
[2024-12-10T06:48:24.428Z] Error reading register 6507 for IP 10.30.4.128: A Modbus Exception Occurred - See Response Body
[2024-12-10T06:48:24.429Z] Error reading actual data: A Modbus Exception Occurred - See Response Body
[2024-12-10T06:48:24.429Z] Error writing to Modbus register: A Modbus Exception Occurred - See Response Body
[2024-12-10T06:48:25.437Z] Error reading or processing Modbus registers: A Modbus Exception Occurred - See Response Body
[2024-12-10T06:48:25.440Z] Error reading register 6507 for IP 10.30.4.128: A Modbus Exception Occurred - See Response Body
[2024-12-10T06:48:25.441Z] Error reading actual data: A Modbus Exception Occurred - See Response Body
[2024-12-10T06:48:25.441Z] Error writing to Modbus register: A Modbus Exception Occurred - See Response Body
[2024-12-10T06:48:26.453Z] Error reading or processing Modbus registers: A Modbus Exception Occurred - See Response Body
[2024-12-10T06:48:26.455Z] Error reading register 6507 for IP 10.30.4.128: A Modbus Exception Occurred - See Response Body
[2024-12-10T06:48:26.456Z] Error reading actual data: A Modbus Exception Occurred - See Response Body
[2024-12-10T06:48:26.457Z] Error writing to Modbus register: A Modbus Exception Occurred - See Response Body
[2024-12-10T06:48:27.455Z] Error reading or processing Modbus registers: A Modbus Exception Occurred - See Response Body
[2024-12-10T06:48:27.458Z] Error reading register 6507 for IP 10.30.4.128: A Modbus Exception Occurred - See Response Body
[2024-12-10T06:48:27.458Z] Error reading actual data: A Modbus Exception Occurred - See Response Body
[2024-12-10T06:48:27.459Z] Error writing to Modbus register: A Modbus Exception Occurred - See Response Body
[2024-12-10T06:48:28.470Z] Error reading or processing Modbus registers: A Modbus Exception Occurred - See Response Body
[2024-12-10T06:48:28.472Z] Error reading register 6507 for IP 10.30.4.128: A Modbus Exception Occurred - See Response Body
[2024-12-10T06:48:28.473Z] Error reading actual data: A Modbus Exception Occurred - See Response Body
[2024-12-10T06:48:28.473Z] Error writing to Modbus register: A Modbus Exception Occurred - See Response Body
[2024-12-10T06:48:29.485Z] Error reading or processing Modbus registers: A Modbus Exception Occurred - See Response Body
[2024-12-10T06:48:29.487Z] Error reading register 6507 for IP 10.30.4.128: A Modbus Exception Occurred - See Response Body
[2024-12-10T06:48:29.488Z] Error reading actual data: A Modbus Exception Occurred - See Response Body
[2024-12-10T06:48:29.488Z] Error writing to Modbus register: A Modbus Exception Occurred - See Response Body
[2024-12-10T06:48:30.498Z] Error reading or processing Modbus registers: A Modbus Exception Occurred - See Response Body
[2024-12-10T06:48:30.500Z] Error reading register 6507 for IP 10.30.4.128: A Modbus Exception Occurred - See Response Body
[2024-12-10T06:48:30.501Z] Error reading actual data: A Modbus Exception Occurred - See Response Body
[2024-12-10T06:48:30.501Z] Error writing to Modbus register: A Modbus Exception Occurred - See Response Body
[2024-12-10T06:48:31.501Z] Error reading or processing Modbus registers: A Modbus Exception Occurred - See Response Body
[2024-12-10T06:48:31.503Z] Error reading register 6507 for IP 10.30.4.128: A Modbus Exception Occurred - See Response Body
[2024-12-10T06:48:31.504Z] Error reading actual data: A Modbus Exception Occurred - See Response Body
[2024-12-10T06:48:31.504Z] Error writing to Modbus register: A Modbus Exception Occurred - See Response Body
[2024-12-10T06:48:32.512Z] Error reading or processing Modbus registers: A Modbus Exception Occurred - See Response Body
[2024-12-10T06:48:32.515Z] Error reading register 6507 for IP 10.30.4.128: A Modbus Exception Occurred - See Response Body
[2024-12-10T06:48:32.516Z] Error reading actual data: A Modbus Exception Occurred - See Response Body
[2024-12-10T06:48:32.516Z] Error writing to Modbus register: A Modbus Exception Occurred - See Response Body
[2024-12-10T06:48:33.526Z] Error reading or processing Modbus registers: A Modbus Exception Occurred - See Response Body
[2024-12-10T06:48:33.528Z] Error reading register 6507 for IP 10.30.4.128: A Modbus Exception Occurred - See Response Body
[2024-12-10T06:48:33.530Z] Error reading actual data: A Modbus Exception Occurred - See Response Body
[2024-12-10T06:48:33.531Z] Error writing to Modbus register: A Modbus Exception Occurred - See Response Body
[2024-12-10T06:48:34.539Z] Error reading or processing Modbus registers: A Modbus Exception Occurred - See Response Body
[2024-12-10T06:48:34.541Z] Error reading register 6507 for IP 10.30.4.128: A Modbus Exception Occurred - See Response Body
[2024-12-10T06:48:34.542Z] Error reading actual data: A Modbus Exception Occurred - See Response Body
[2024-12-10T06:48:34.543Z] Error writing to Modbus register: A Modbus Exception Occurred - See Response Body
[2024-12-10T06:48:35.552Z] Error reading or processing Modbus registers: A Modbus Exception Occurred - See Response Body
[2024-12-10T06:48:35.554Z] Error reading register 6507 for IP 10.30.4.128: A Modbus Exception Occurred - See Response Body
[2024-12-10T06:48:35.555Z] Error reading actual data: A Modbus Exception Occurred - See Response Body
[2024-12-10T06:48:35.556Z] Error writing to Modbus register: A Modbus Exception Occurred - See Response Body
[2024-12-10T06:48:36.567Z] Error reading or processing Modbus registers: A Modbus Exception Occurred - See Response Body
[2024-12-10T06:48:36.569Z] Error reading register 6507 for IP 10.30.4.128: A Modbus Exception Occurred - See Response Body
[2024-12-10T06:48:36.570Z] Error reading actual data: A Modbus Exception Occurred - See Response Body
[2024-12-10T06:48:36.571Z] Error writing to Modbus register: A Modbus Exception Occurred - See Response Body
[2024-12-10T06:48:37.570Z] Error reading or processing Modbus registers: A Modbus Exception Occurred - See Response Body
[2024-12-10T06:48:37.573Z] Error reading register 6507 for IP 10.30.4.128: A Modbus Exception Occurred - See Response Body
[2024-12-10T06:48:37.574Z] Error reading actual data: A Modbus Exception Occurred - See Response Body
[2024-12-10T06:48:37.575Z] Error writing to Modbus register: A Modbus Exception Occurred - See Response Body
[2024-12-10T06:48:38.581Z] Error reading or processing Modbus registers: A Modbus Exception Occurred - See Response Body
[2024-12-10T06:48:38.584Z] Error reading register 6507 for IP 10.30.4.128: A Modbus Exception Occurred - See Response Body
[2024-12-10T06:48:38.585Z] Error reading actual data: A Modbus Exception Occurred - See Response Body
[2024-12-10T06:48:38.585Z] Error writing to Modbus register: A Modbus Exception Occurred - See Response Body
[2024-12-10T06:48:39.596Z] Error reading or processing Modbus registers: A Modbus Exception Occurred - See Response Body
[2024-12-10T06:48:39.598Z] Error reading register 6507 for IP 10.30.4.128: A Modbus Exception Occurred - See Response Body
[2024-12-10T06:48:39.599Z] Error reading actual data: A Modbus Exception Occurred - See Response Body
[2024-12-10T06:48:39.599Z] Error writing to Modbus register: A Modbus Exception Occurred - See Response Body
[2024-12-10T06:48:40.610Z] Error reading or processing Modbus registers: A Modbus Exception Occurred - See Response Body
[2024-12-10T06:48:40.612Z] Error reading register 6507 for IP 10.30.4.128: A Modbus Exception Occurred - See Response Body
[2024-12-10T06:48:40.613Z] Error reading actual data: A Modbus Exception Occurred - See Response Body
[2024-12-10T06:48:40.614Z] Error writing to Modbus register: A Modbus Exception Occurred - See Response Body
[2024-12-10T06:48:41.614Z] Error reading or processing Modbus registers: A Modbus Exception Occurred - See Response Body
[2024-12-10T06:48:41.616Z] Error reading register 6507 for IP 10.30.4.128: A Modbus Exception Occurred - See Response Body
[2024-12-10T06:48:41.617Z] Error reading actual data: A Modbus Exception Occurred - See Response Body
[2024-12-10T06:48:41.618Z] Error writing to Modbus register: A Modbus Exception Occurred - See Response Body
[2024-12-10T06:48:42.626Z] Error reading or processing Modbus registers: A Modbus Exception Occurred - See Response Body
[2024-12-10T06:48:42.628Z] Error reading register 6507 for IP 10.30.4.128: A Modbus Exception Occurred - See Response Body
[2024-12-10T06:48:42.629Z] Error reading actual data: A Modbus Exception Occurred - See Response Body
[2024-12-10T06:48:42.630Z] Error writing to Modbus register: A Modbus Exception Occurred - See Response Body
[2024-12-10T06:48:43.626Z] Error reading or processing Modbus registers: A Modbus Exception Occurred - See Response Body
[2024-12-10T06:48:43.628Z] Error reading register 6507 for IP 10.30.4.128: A Modbus Exception Occurred - See Response Body
[2024-12-10T06:48:43.629Z] Error reading actual data: A Modbus Exception Occurred - See Response Body
[2024-12-10T06:48:43.629Z] Error writing to Modbus register: A Modbus Exception Occurred - See Response Body
[2024-12-10T06:48:44.639Z] Error reading or processing Modbus registers: A Modbus Exception Occurred - See Response Body
[2024-12-10T06:48:44.642Z] Error reading register 6507 for IP 10.30.4.128: A Modbus Exception Occurred - See Response Body
[2024-12-10T06:48:44.642Z] Error reading actual data: A Modbus Exception Occurred - See Response Body
[2024-12-10T06:48:44.643Z] Error writing to Modbus register: A Modbus Exception Occurred - See Response Body
[2024-12-10T06:48:45.648Z] Error reading or processing Modbus registers: A Modbus Exception Occurred - See Response Body
[2024-12-10T06:48:45.651Z] Error reading register 6507 for IP 10.30.4.128: A Modbus Exception Occurred - See Response Body
[2024-12-10T06:48:45.652Z] Error reading actual data: A Modbus Exception Occurred - See Response Body
[2024-12-10T06:48:45.652Z] Error writing to Modbus register: A Modbus Exception Occurred - See Response Body
[2024-12-10T06:48:46.652Z] Error reading or processing Modbus registers: A Modbus Exception Occurred - See Response Body
[2024-12-10T06:48:46.655Z] Error reading register 6507 for IP 10.30.4.128: A Modbus Exception Occurred - See Response Body
[2024-12-10T06:48:46.656Z] Error reading actual data: A Modbus Exception Occurred - See Response Body
[2024-12-10T06:48:46.657Z] Error writing to Modbus register: A Modbus Exception Occurred - See Response Body
[2024-12-10T06:48:47.664Z] Error reading or processing Modbus registers: A Modbus Exception Occurred - See Response Body
[2024-12-10T06:48:47.666Z] Error reading register 6507 for IP 10.30.4.128: A Modbus Exception Occurred - See Response Body
[2024-12-10T06:48:47.667Z] Error reading actual data: A Modbus Exception Occurred - See Response Body
[2024-12-10T06:48:47.668Z] Error writing to Modbus register: A Modbus Exception Occurred - See Response Body
[2024-12-10T06:48:48.676Z] Error reading or processing Modbus registers: A Modbus Exception Occurred - See Response Body
[2024-12-10T06:48:48.678Z] Error reading register 6507 for IP 10.30.4.128: A Modbus Exception Occurred - See Response Body
[2024-12-10T06:48:48.678Z] Error reading actual data: A Modbus Exception Occurred - See Response Body
[2024-12-10T06:48:48.679Z] Error writing to Modbus register: A Modbus Exception Occurred - See Response Body
[2024-12-10T06:48:49.677Z] Error reading or processing Modbus registers: A Modbus Exception Occurred - See Response Body
[2024-12-10T06:48:49.679Z] Error reading register 6507 for IP 10.30.4.128: A Modbus Exception Occurred - See Response Body
[2024-12-10T06:48:49.680Z] Error reading actual data: A Modbus Exception Occurred - See Response Body
[2024-12-10T06:48:49.680Z] Error writing to Modbus register: A Modbus Exception Occurred - See Response Body
[2024-12-10T06:48:50.692Z] Error reading or processing Modbus registers: A Modbus Exception Occurred - See Response Body
[2024-12-10T06:48:50.694Z] Error reading register 6507 for IP 10.30.4.128: A Modbus Exception Occurred - See Response Body
[2024-12-10T06:48:50.695Z] Error reading actual data: A Modbus Exception Occurred - See Response Body
[2024-12-10T06:48:50.695Z] Error writing to Modbus register: A Modbus Exception Occurred - See Response Body
[2024-12-10T06:48:51.694Z] Error reading or processing Modbus registers: A Modbus Exception Occurred - See Response Body
[2024-12-10T06:48:51.696Z] Error reading register 6507 for IP 10.30.4.128: A Modbus Exception Occurred - See Response Body
[2024-12-10T06:48:51.697Z] Error reading actual data: A Modbus Exception Occurred - See Response Body
[2024-12-10T06:48:51.698Z] Error writing to Modbus register: A Modbus Exception Occurred - See Response Body
[2024-12-10T06:48:52.708Z] Error reading or processing Modbus registers: A Modbus Exception Occurred - See Response Body
[2024-12-10T06:48:52.710Z] Error reading register 6507 for IP 10.30.4.128: A Modbus Exception Occurred - See Response Body
[2024-12-10T06:48:52.711Z] Error reading actual data: A Modbus Exception Occurred - See Response Body
[2024-12-10T06:48:52.711Z] Error writing to Modbus register: A Modbus Exception Occurred - See Response Body
[2024-12-10T06:48:53.721Z] Error reading or processing Modbus registers: A Modbus Exception Occurred - See Response Body
[2024-12-10T06:48:53.723Z] Error reading register 6507 for IP 10.30.4.128: A Modbus Exception Occurred - See Response Body
[2024-12-10T06:48:53.724Z] Error reading actual data: A Modbus Exception Occurred - See Response Body
[2024-12-10T06:48:53.724Z] Error writing to Modbus register: A Modbus Exception Occurred - See Response Body
[2024-12-10T06:48:54.721Z] Error reading or processing Modbus registers: A Modbus Exception Occurred - See Response Body
[2024-12-10T06:48:54.724Z] Error reading register 6507 for IP 10.30.4.128: A Modbus Exception Occurred - See Response Body
[2024-12-10T06:48:54.725Z] Error reading actual data: A Modbus Exception Occurred - See Response Body
[2024-12-10T06:48:54.725Z] Error writing to Modbus register: A Modbus Exception Occurred - See Response Body
[2024-12-10T06:48:55.737Z] Error reading or processing Modbus registers: A Modbus Exception Occurred - See Response Body
[2024-12-10T06:48:55.740Z] Error reading register 6507 for IP 10.30.4.128: A Modbus Exception Occurred - See Response Body
[2024-12-10T06:48:55.741Z] Error reading actual data: A Modbus Exception Occurred - See Response Body
[2024-12-10T06:48:55.741Z] Error writing to Modbus register: A Modbus Exception Occurred - See Response Body
[2024-12-10T06:48:56.749Z] Error reading or processing Modbus registers: A Modbus Exception Occurred - See Response Body
[2024-12-10T06:48:56.751Z] Error reading register 6507 for IP 10.30.4.128: A Modbus Exception Occurred - See Response Body
[2024-12-10T06:48:56.752Z] Error reading actual data: A Modbus Exception Occurred - See Response Body
[2024-12-10T06:48:56.753Z] Error writing to Modbus register: A Modbus Exception Occurred - See Response Body
[2024-12-10T06:48:57.760Z] Error reading or processing Modbus registers: A Modbus Exception Occurred - See Response Body
[2024-12-10T06:48:57.763Z] Error reading register 6507 for IP 10.30.4.128: A Modbus Exception Occurred - See Response Body
[2024-12-10T06:48:57.764Z] Error reading actual data: A Modbus Exception Occurred - See Response Body
[2024-12-10T06:48:57.765Z] Error writing to Modbus register: A Modbus Exception Occurred - See Response Body
[2024-12-10T06:48:58.763Z] Error reading or processing Modbus registers: A Modbus Exception Occurred - See Response Body
[2024-12-10T06:48:58.765Z] Error reading register 6507 for IP 10.30.4.128: A Modbus Exception Occurred - See Response Body
[2024-12-10T06:48:58.766Z] Error reading actual data: A Modbus Exception Occurred - See Response Body
[2024-12-10T06:48:58.767Z] Error writing to Modbus register: A Modbus Exception Occurred - See Response Body
[2024-12-10T06:48:59.776Z] Error reading or processing Modbus registers: A Modbus Exception Occurred - See Response Body
[2024-12-10T06:48:59.778Z] Error reading register 6507 for IP 10.30.4.128: A Modbus Exception Occurred - See Response Body
[2024-12-10T06:48:59.780Z] Error reading actual data: A Modbus Exception Occurred - See Response Body
[2024-12-10T06:48:59.780Z] Error writing to Modbus register: A Modbus Exception Occurred - See Response Body
[2024-12-10T06:49:00.779Z] Error reading or processing Modbus registers: A Modbus Exception Occurred - See Response Body
[2024-12-10T06:49:00.782Z] Error reading register 6507 for IP 10.30.4.128: A Modbus Exception Occurred - See Response Body
[2024-12-10T06:49:00.783Z] Error reading actual data: A Modbus Exception Occurred - See Response Body
[2024-12-10T06:49:00.784Z] Error writing to Modbus register: A Modbus Exception Occurred - See Response Body
[2024-12-10T06:49:01.791Z] Error reading or processing Modbus registers: A Modbus Exception Occurred - See Response Body
[2024-12-10T06:49:01.793Z] Error reading register 6507 for IP 10.30.4.128: A Modbus Exception Occurred - See Response Body
[2024-12-10T06:49:01.794Z] Error reading actual data: A Modbus Exception Occurred - See Response Body
[2024-12-10T06:49:01.795Z] Error writing to Modbus register: A Modbus Exception Occurred - See Response Body
[2024-12-10T06:49:02.803Z] Error reading or processing Modbus registers: A Modbus Exception Occurred - See Response Body
[2024-12-10T06:49:02.806Z] Error reading register 6507 for IP 10.30.4.128: A Modbus Exception Occurred - See Response Body
[2024-12-10T06:49:02.806Z] Error reading actual data: A Modbus Exception Occurred - See Response Body
[2024-12-10T06:49:02.807Z] Error writing to Modbus register: A Modbus Exception Occurred - See Response Body
[2024-12-10T06:49:03.818Z] Error reading or processing Modbus registers: A Modbus Exception Occurred - See Response Body
[2024-12-10T06:49:03.820Z] Error reading register 6507 for IP 10.30.4.128: A Modbus Exception Occurred - See Response Body
[2024-12-10T06:49:03.821Z] Error reading actual data: A Modbus Exception Occurred - See Response Body
[2024-12-10T06:49:03.821Z] Error writing to Modbus register: A Modbus Exception Occurred - See Response Body
[2024-12-10T06:49:04.832Z] Error reading or processing Modbus registers: A Modbus Exception Occurred - See Response Body
[2024-12-10T06:49:04.834Z] Error reading register 6507 for IP 10.30.4.128: A Modbus Exception Occurred - See Response Body
[2024-12-10T06:49:04.835Z] Error reading actual data: A Modbus Exception Occurred - See Response Body
[2024-12-10T06:49:04.836Z] Error writing to Modbus register: A Modbus Exception Occurred - See Response Body
[2024-12-10T06:49:05.844Z] Error reading or processing Modbus registers: A Modbus Exception Occurred - See Response Body
[2024-12-10T06:49:05.846Z] Error reading register 6507 for IP 10.30.4.128: A Modbus Exception Occurred - See Response Body
[2024-12-10T06:49:05.847Z] Error reading actual data: A Modbus Exception Occurred - See Response Body
[2024-12-10T06:49:05.847Z] Error writing to Modbus register: A Modbus Exception Occurred - See Response Body
[2024-12-10T06:49:06.857Z] Error reading or processing Modbus registers: A Modbus Exception Occurred - See Response Body
[2024-12-10T06:49:06.859Z] Error reading register 6507 for IP 10.30.4.128: A Modbus Exception Occurred - See Response Body
[2024-12-10T06:49:06.859Z] Error reading actual data: A Modbus Exception Occurred - See Response Body
[2024-12-10T06:49:06.860Z] Error writing to Modbus register: A Modbus Exception Occurred - See Response Body
[2024-12-10T06:49:07.860Z] Error reading or processing Modbus registers: A Modbus Exception Occurred - See Response Body
[2024-12-10T06:49:07.862Z] Error reading register 6507 for IP 10.30.4.128: A Modbus Exception Occurred - See Response Body
[2024-12-10T06:49:07.863Z] Error reading actual data: A Modbus Exception Occurred - See Response Body
[2024-12-10T06:49:07.863Z] Error writing to Modbus register: A Modbus Exception Occurred - See Response Body
[2024-12-10T06:49:08.860Z] Error reading or processing Modbus registers: A Modbus Exception Occurred - See Response Body
[2024-12-10T06:49:08.865Z] Error reading register 6507 for IP 10.30.4.128: A Modbus Exception Occurred - See Response Body
[2024-12-10T06:49:08.866Z] Error reading actual data: A Modbus Exception Occurred - See Response Body
[2024-12-10T06:49:08.867Z] Error writing to Modbus register: A Modbus Exception Occurred - See Response Body
[2024-12-10T06:49:09.873Z] Error reading or processing Modbus registers: A Modbus Exception Occurred - See Response Body
[2024-12-10T06:49:09.875Z] Error reading register 6507 for IP 10.30.4.128: A Modbus Exception Occurred - See Response Body
[2024-12-10T06:49:09.876Z] Error reading actual data: A Modbus Exception Occurred - See Response Body
[2024-12-10T06:49:09.876Z] Error writing to Modbus register: A Modbus Exception Occurred - See Response Body
[2024-12-10T06:49:10.874Z] Error reading or processing Modbus registers: A Modbus Exception Occurred - See Response Body
[2024-12-10T06:49:10.877Z] Error reading register 6507 for IP 10.30.4.128: A Modbus Exception Occurred - See Response Body
[2024-12-10T06:49:10.877Z] Error reading actual data: A Modbus Exception Occurred - See Response Body
[2024-12-10T06:49:10.878Z] Error writing to Modbus register: A Modbus Exception Occurred - See Response Body
[2024-12-10T06:49:11.874Z] Error reading or processing Modbus registers: A Modbus Exception Occurred - See Response Body
[2024-12-10T06:49:11.876Z] Error reading register 6507 for IP 10.30.4.128: A Modbus Exception Occurred - See Response Body
[2024-12-10T06:49:11.877Z] Error reading actual data: A Modbus Exception Occurred - See Response Body
[2024-12-10T06:49:11.877Z] Error writing to Modbus register: A Modbus Exception Occurred - See Response Body
[2024-12-10T06:49:12.875Z] Error reading or processing Modbus registers: A Modbus Exception Occurred - See Response Body
[2024-12-10T06:49:12.878Z] Error reading register 6507 for IP 10.30.4.128: A Modbus Exception Occurred - See Response Body
[2024-12-10T06:49:12.879Z] Error reading actual data: A Modbus Exception Occurred - See Response Body
[2024-12-10T06:49:12.879Z] Error writing to Modbus register: A Modbus Exception Occurred - See Response Body
[2024-12-10T06:49:13.875Z] Error reading or processing Modbus registers: A Modbus Exception Occurred - See Response Body
[2024-12-10T06:49:13.877Z] Error reading register 6507 for IP 10.30.4.128: A Modbus Exception Occurred - See Response Body
[2024-12-10T06:49:13.878Z] Error reading actual data: A Modbus Exception Occurred - See Response Body
[2024-12-10T06:49:13.879Z] Error writing to Modbus register: A Modbus Exception Occurred - See Response Body
[2024-12-10T06:49:14.885Z] Error reading or processing Modbus registers: A Modbus Exception Occurred - See Response Body
[2024-12-10T06:49:14.888Z] Error reading register 6507 for IP 10.30.4.128: A Modbus Exception Occurred - See Response Body
[2024-12-10T06:49:14.888Z] Error reading actual data: A Modbus Exception Occurred - See Response Body
[2024-12-10T06:49:14.889Z] Error writing to Modbus register: A Modbus Exception Occurred - See Response Body
[2024-12-10T06:49:15.900Z] Error reading or processing Modbus registers: A Modbus Exception Occurred - See Response Body
[2024-12-10T06:49:15.902Z] Error reading register 6507 for IP 10.30.4.128: A Modbus Exception Occurred - See Response Body
[2024-12-10T06:49:15.903Z] Error reading actual data: A Modbus Exception Occurred - See Response Body
[2024-12-10T06:49:15.903Z] Error writing to Modbus register: A Modbus Exception Occurred - See Response Body
[2024-12-10T06:49:16.914Z] Error reading or processing Modbus registers: A Modbus Exception Occurred - See Response Body
[2024-12-10T06:49:16.917Z] Error reading register 6507 for IP 10.30.4.128: A Modbus Exception Occurred - See Response Body
[2024-12-10T06:49:16.918Z] Error reading actual data: A Modbus Exception Occurred - See Response Body
[2024-12-10T06:49:16.918Z] Error writing to Modbus register: A Modbus Exception Occurred - See Response Body
[2024-12-10T06:49:17.928Z] Error reading or processing Modbus registers: A Modbus Exception Occurred - See Response Body
[2024-12-10T06:49:17.930Z] Error reading register 6507 for IP 10.30.4.128: A Modbus Exception Occurred - See Response Body
[2024-12-10T06:49:17.931Z] Error reading actual data: A Modbus Exception Occurred - See Response Body
[2024-12-10T06:49:17.932Z] Error writing to Modbus register: A Modbus Exception Occurred - See Response Body
[2024-12-10T06:49:18.943Z] Error reading or processing Modbus registers: A Modbus Exception Occurred - See Response Body
[2024-12-10T06:49:18.946Z] Error reading register 6507 for IP 10.30.4.128: A Modbus Exception Occurred - See Response Body
[2024-12-10T06:49:18.946Z] Error reading actual data: A Modbus Exception Occurred - See Response Body
[2024-12-10T06:49:18.947Z] Error writing to Modbus register: A Modbus Exception Occurred - See Response Body
[2024-12-10T06:49:19.943Z] Error reading or processing Modbus registers: A Modbus Exception Occurred - See Response Body
[2024-12-10T06:49:19.945Z] Error reading register 6507 for IP 10.30.4.128: A Modbus Exception Occurred - See Response Body
[2024-12-10T06:49:19.945Z] Error reading actual data: A Modbus Exception Occurred - See Response Body
[2024-12-10T06:49:19.946Z] Error writing to Modbus register: A Modbus Exception Occurred - See Response Body
[2024-12-10T06:49:20.958Z] Error reading or processing Modbus registers: A Modbus Exception Occurred - See Response Body
[2024-12-10T06:49:20.961Z] Error reading register 6507 for IP 10.30.4.128: A Modbus Exception Occurred - See Response Body
[2024-12-10T06:49:20.961Z] Error reading actual data: A Modbus Exception Occurred - See Response Body
[2024-12-10T06:49:20.962Z] Error writing to Modbus register: A Modbus Exception Occurred - See Response Body
[2024-12-10T06:49:21.958Z] Error reading or processing Modbus registers: A Modbus Exception Occurred - See Response Body
[2024-12-10T06:49:21.961Z] Error reading register 6507 for IP 10.30.4.128: A Modbus Exception Occurred - See Response Body
[2024-12-10T06:49:21.962Z] Error reading actual data: A Modbus Exception Occurred - See Response Body
[2024-12-10T06:49:21.962Z] Error writing to Modbus register: A Modbus Exception Occurred - See Response Body
[2024-12-10T06:49:22.971Z] Error reading or processing Modbus registers: A Modbus Exception Occurred - See Response Body
[2024-12-10T06:49:22.974Z] Error reading register 6507 for IP 10.30.4.128: A Modbus Exception Occurred - See Response Body
[2024-12-10T06:49:22.975Z] Error reading actual data: A Modbus Exception Occurred - See Response Body
[2024-12-10T06:49:22.975Z] Error writing to Modbus register: A Modbus Exception Occurred - See Response Body
[2024-12-10T06:49:23.971Z] Error reading or processing Modbus registers: A Modbus Exception Occurred - See Response Body
[2024-12-10T06:49:23.974Z] Error reading register 6507 for IP 10.30.4.128: A Modbus Exception Occurred - See Response Body
[2024-12-10T06:49:23.974Z] Error reading actual data: A Modbus Exception Occurred - See Response Body
[2024-12-10T06:49:23.975Z] Error writing to Modbus register: A Modbus Exception Occurred - See Response Body
[2024-12-10T06:49:24.985Z] Error reading or processing Modbus registers: A Modbus Exception Occurred - See Response Body
[2024-12-10T06:49:24.987Z] Error reading register 6507 for IP 10.30.4.128: A Modbus Exception Occurred - See Response Body
[2024-12-10T06:49:24.988Z] Error reading actual data: A Modbus Exception Occurred - See Response Body
[2024-12-10T06:49:24.988Z] Error writing to Modbus register: A Modbus Exception Occurred - See Response Body
[2024-12-10T06:49:25.997Z] Error reading or processing Modbus registers: A Modbus Exception Occurred - See Response Body
[2024-12-10T06:49:26.000Z] Error reading register 6507 for IP 10.30.4.128: A Modbus Exception Occurred - See Response Body
[2024-12-10T06:49:26.001Z] Error reading actual data: A Modbus Exception Occurred - See Response Body
[2024-12-10T06:49:26.001Z] Error writing to Modbus register: A Modbus Exception Occurred - See Response Body
[2024-12-10T06:49:26.997Z] Error reading or processing Modbus registers: A Modbus Exception Occurred - See Response Body
[2024-12-10T06:49:26.999Z] Error reading register 6507 for IP 10.30.4.128: A Modbus Exception Occurred - See Response Body
[2024-12-10T06:49:27.000Z] Error reading actual data: A Modbus Exception Occurred - See Response Body
[2024-12-10T06:49:27.001Z] Error writing to Modbus register: A Modbus Exception Occurred - See Response Body
[2024-12-10T06:49:28.012Z] Error reading or processing Modbus registers: A Modbus Exception Occurred - See Response Body
[2024-12-10T06:49:28.014Z] Error reading register 6507 for IP 10.30.4.128: A Modbus Exception Occurred - See Response Body
[2024-12-10T06:49:28.015Z] Error reading actual data: A Modbus Exception Occurred - See Response Body
[2024-12-10T06:49:28.016Z] Error writing to Modbus register: A Modbus Exception Occurred - See Response Body
[2024-12-10T06:49:29.026Z] Error reading or processing Modbus registers: A Modbus Exception Occurred - See Response Body
[2024-12-10T06:49:29.029Z] Error reading register 6507 for IP 10.30.4.128: A Modbus Exception Occurred - See Response Body
[2024-12-10T06:49:29.029Z] Error reading actual data: A Modbus Exception Occurred - See Response Body
[2024-12-10T06:49:29.030Z] Error writing to Modbus register: A Modbus Exception Occurred - See Response Body
[2024-12-10T06:49:30.030Z] Error reading or processing Modbus registers: A Modbus Exception Occurred - See Response Body
[2024-12-10T06:49:30.036Z] Error reading register 6507 for IP 10.30.4.128: A Modbus Exception Occurred - See Response Body
[2024-12-10T06:49:30.036Z] Error reading actual data: A Modbus Exception Occurred - See Response Body
[2024-12-10T06:49:30.037Z] Error writing to Modbus register: A Modbus Exception Occurred - See Response Body
[2024-12-10T06:49:31.042Z] Error reading or processing Modbus registers: A Modbus Exception Occurred - See Response Body
[2024-12-10T06:49:31.045Z] Error reading register 6507 for IP 10.30.4.128: A Modbus Exception Occurred - See Response Body
[2024-12-10T06:49:31.045Z] Error reading actual data: A Modbus Exception Occurred - See Response Body
[2024-12-10T06:49:31.046Z] Error writing to Modbus register: A Modbus Exception Occurred - See Response Body
[2024-12-10T06:49:32.056Z] Error reading or processing Modbus registers: A Modbus Exception Occurred - See Response Body
[2024-12-10T06:49:32.059Z] Error reading register 6507 for IP 10.30.4.128: A Modbus Exception Occurred - See Response Body
[2024-12-10T06:49:32.059Z] Error reading actual data: A Modbus Exception Occurred - See Response Body
[2024-12-10T06:49:32.060Z] Error writing to Modbus register: A Modbus Exception Occurred - See Response Body
[2024-12-10T06:49:33.071Z] Error reading or processing Modbus registers: A Modbus Exception Occurred - See Response Body
[2024-12-10T06:49:33.073Z] Error reading register 6507 for IP 10.30.4.128: A Modbus Exception Occurred - See Response Body
[2024-12-10T06:49:33.074Z] Error reading actual data: A Modbus Exception Occurred - See Response Body
[2024-12-10T06:49:33.074Z] Error writing to Modbus register: A Modbus Exception Occurred - See Response Body
[2024-12-10T06:49:34.076Z] Error reading or processing Modbus registers: A Modbus Exception Occurred - See Response Body
[2024-12-10T06:49:34.078Z] Error reading register 6507 for IP 10.30.4.128: A Modbus Exception Occurred - See Response Body
[2024-12-10T06:49:34.079Z] Error reading actual data: A Modbus Exception Occurred - See Response Body
[2024-12-10T06:49:34.079Z] Error writing to Modbus register: A Modbus Exception Occurred - See Response Body
[2024-12-10T06:49:35.089Z] Error reading or processing Modbus registers: A Modbus Exception Occurred - See Response Body
[2024-12-10T06:49:35.091Z] Error reading register 6507 for IP 10.30.4.128: A Modbus Exception Occurred - See Response Body
[2024-12-10T06:49:35.092Z] Error reading actual data: A Modbus Exception Occurred - See Response Body
[2024-12-10T06:49:35.093Z] Error writing to Modbus register: A Modbus Exception Occurred - See Response Body
[2024-12-10T06:49:36.090Z] Error reading or processing Modbus registers: A Modbus Exception Occurred - See Response Body
[2024-12-10T06:49:36.093Z] Error reading register 6507 for IP 10.30.4.128: A Modbus Exception Occurred - See Response Body
[2024-12-10T06:49:36.093Z] Error reading actual data: A Modbus Exception Occurred - See Response Body
[2024-12-10T06:49:36.094Z] Error writing to Modbus register: A Modbus Exception Occurred - See Response Body
[2024-12-10T06:49:37.103Z] Error reading or processing Modbus registers: A Modbus Exception Occurred - See Response Body
[2024-12-10T06:49:37.106Z] Error reading register 6507 for IP 10.30.4.128: A Modbus Exception Occurred - See Response Body
[2024-12-10T06:49:37.106Z] Error reading actual data: A Modbus Exception Occurred - See Response Body
[2024-12-10T06:49:37.107Z] Error writing to Modbus register: A Modbus Exception Occurred - See Response Body
[2024-12-10T06:49:38.108Z] Error reading or processing Modbus registers: A Modbus Exception Occurred - See Response Body
[2024-12-10T06:49:38.110Z] Error reading register 6507 for IP 10.30.4.128: A Modbus Exception Occurred - See Response Body
[2024-12-10T06:49:38.110Z] Error reading actual data: A Modbus Exception Occurred - See Response Body
[2024-12-10T06:49:38.111Z] Error writing to Modbus register: A Modbus Exception Occurred - See Response Body
[2024-12-10T06:49:39.110Z] Error reading or processing Modbus registers: A Modbus Exception Occurred - See Response Body
[2024-12-10T06:49:39.112Z] Error reading register 6507 for IP 10.30.4.128: A Modbus Exception Occurred - See Response Body
[2024-12-10T06:49:39.113Z] Error reading actual data: A Modbus Exception Occurred - See Response Body
[2024-12-10T06:49:39.114Z] Error writing to Modbus register: A Modbus Exception Occurred - See Response Body
[2024-12-10T06:49:40.125Z] Error reading or processing Modbus registers: A Modbus Exception Occurred - See Response Body
[2024-12-10T06:49:40.127Z] Error reading register 6507 for IP 10.30.4.128: A Modbus Exception Occurred - See Response Body
[2024-12-10T06:49:40.128Z] Error reading actual data: A Modbus Exception Occurred - See Response Body
[2024-12-10T06:49:40.129Z] Error writing to Modbus register: A Modbus Exception Occurred - See Response Body
[2024-12-10T06:49:41.137Z] Error reading or processing Modbus registers: A Modbus Exception Occurred - See Response Body
[2024-12-10T06:49:41.140Z] Error reading register 6507 for IP 10.30.4.128: A Modbus Exception Occurred - See Response Body
[2024-12-10T06:49:41.141Z] Error reading actual data: A Modbus Exception Occurred - See Response Body
[2024-12-10T06:49:41.141Z] Error writing to Modbus register: A Modbus Exception Occurred - See Response Body
[2024-12-10T06:49:42.151Z] Error reading or processing Modbus registers: A Modbus Exception Occurred - See Response Body
[2024-12-10T06:49:42.154Z] Error reading register 6507 for IP 10.30.4.128: A Modbus Exception Occurred - See Response Body
[2024-12-10T06:49:42.155Z] Error reading actual data: A Modbus Exception Occurred - See Response Body
[2024-12-10T06:49:42.156Z] Error writing to Modbus register: A Modbus Exception Occurred - See Response Body
[2024-12-10T06:49:43.167Z] Error reading or processing Modbus registers: A Modbus Exception Occurred - See Response Body
[2024-12-10T06:49:43.169Z] Error reading register 6507 for IP 10.30.4.128: A Modbus Exception Occurred - See Response Body
[2024-12-10T06:49:43.170Z] Error reading actual data: A Modbus Exception Occurred - See Response Body
[2024-12-10T06:49:43.170Z] Error writing to Modbus register: A Modbus Exception Occurred - See Response Body
[2024-12-10T06:49:44.167Z] Error reading or processing Modbus registers: A Modbus Exception Occurred - See Response Body
[2024-12-10T06:49:44.170Z] Error reading register 6507 for IP 10.30.4.128: A Modbus Exception Occurred - See Response Body
[2024-12-10T06:49:44.171Z] Error reading actual data: A Modbus Exception Occurred - See Response Body
[2024-12-10T06:49:44.172Z] Error writing to Modbus register: A Modbus Exception Occurred - See Response Body
[2024-12-10T06:49:45.182Z] Error reading or processing Modbus registers: A Modbus Exception Occurred - See Response Body
[2024-12-10T06:49:45.185Z] Error reading register 6507 for IP 10.30.4.128: A Modbus Exception Occurred - See Response Body
[2024-12-10T06:49:45.186Z] Error reading actual data: A Modbus Exception Occurred - See Response Body
[2024-12-10T06:49:45.187Z] Error writing to Modbus register: A Modbus Exception Occurred - See Response Body
[2024-12-10T06:49:46.196Z] Error reading or processing Modbus registers: A Modbus Exception Occurred - See Response Body
[2024-12-10T06:49:46.199Z] Error reading register 6507 for IP 10.30.4.128: A Modbus Exception Occurred - See Response Body
[2024-12-10T06:49:46.200Z] Error reading actual data: A Modbus Exception Occurred - See Response Body
[2024-12-10T06:49:46.200Z] Error writing to Modbus register: A Modbus Exception Occurred - See Response Body
[2024-12-10T06:49:47.208Z] Error reading or processing Modbus registers: A Modbus Exception Occurred - See Response Body
[2024-12-10T06:49:47.211Z] Error reading register 6507 for IP 10.30.4.128: A Modbus Exception Occurred - See Response Body
[2024-12-10T06:49:47.212Z] Error reading actual data: A Modbus Exception Occurred - See Response Body
[2024-12-10T06:49:47.212Z] Error writing to Modbus register: A Modbus Exception Occurred - See Response Body
[2024-12-10T06:49:48.214Z] Error reading or processing Modbus registers: A Modbus Exception Occurred - See Response Body
[2024-12-10T06:49:48.217Z] Error reading register 6507 for IP 10.30.4.128: A Modbus Exception Occurred - See Response Body
[2024-12-10T06:49:48.217Z] Error reading actual data: A Modbus Exception Occurred - See Response Body
[2024-12-10T06:49:48.218Z] Error writing to Modbus register: A Modbus Exception Occurred - See Response Body
[2024-12-10T06:49:49.218Z] Error reading or processing Modbus registers: A Modbus Exception Occurred - See Response Body
[2024-12-10T06:49:49.221Z] Error reading register 6507 for IP 10.30.4.128: A Modbus Exception Occurred - See Response Body
[2024-12-10T06:49:49.222Z] Error reading actual data: A Modbus Exception Occurred - See Response Body
[2024-12-10T06:49:49.222Z] Error writing to Modbus register: A Modbus Exception Occurred - See Response Body
[2024-12-10T06:49:50.231Z] Error reading or processing Modbus registers: A Modbus Exception Occurred - See Response Body
[2024-12-10T06:49:50.234Z] Error reading register 6507 for IP 10.30.4.128: A Modbus Exception Occurred - See Response Body
[2024-12-10T06:49:50.235Z] Error reading actual data: A Modbus Exception Occurred - See Response Body
[2024-12-10T06:49:50.235Z] Error writing to Modbus register: A Modbus Exception Occurred - See Response Body
[2024-12-10T06:49:51.235Z] Error reading or processing Modbus registers: A Modbus Exception Occurred - See Response Body
[2024-12-10T06:49:51.237Z] Error reading register 6507 for IP 10.30.4.128: A Modbus Exception Occurred - See Response Body
[2024-12-10T06:49:51.239Z] Error reading actual data: A Modbus Exception Occurred - See Response Body
[2024-12-10T06:49:51.239Z] Error writing to Modbus register: A Modbus Exception Occurred - See Response Body
[2024-12-10T06:49:52.246Z] Error reading or processing Modbus registers: A Modbus Exception Occurred - See Response Body
[2024-12-10T06:49:52.249Z] Error reading register 6507 for IP 10.30.4.128: A Modbus Exception Occurred - See Response Body
[2024-12-10T06:49:52.250Z] Error reading actual data: A Modbus Exception Occurred - See Response Body
[2024-12-10T06:49:52.250Z] Error writing to Modbus register: A Modbus Exception Occurred - See Response Body
[2024-12-10T06:49:53.252Z] Error reading or processing Modbus registers: A Modbus Exception Occurred - See Response Body
[2024-12-10T06:49:53.254Z] Error reading register 6507 for IP 10.30.4.128: A Modbus Exception Occurred - See Response Body
[2024-12-10T06:49:53.255Z] Error reading actual data: A Modbus Exception Occurred - See Response Body
[2024-12-10T06:49:53.255Z] Error writing to Modbus register: A Modbus Exception Occurred - See Response Body
[2024-12-10T06:49:54.256Z] Error reading or processing Modbus registers: A Modbus Exception Occurred - See Response Body
[2024-12-10T06:49:54.258Z] Error reading register 6507 for IP 10.30.4.128: A Modbus Exception Occurred - See Response Body
[2024-12-10T06:49:54.259Z] Error reading actual data: A Modbus Exception Occurred - See Response Body
[2024-12-10T06:49:54.259Z] Error writing to Modbus register: A Modbus Exception Occurred - See Response Body
[2024-12-10T06:49:55.266Z] Error reading or processing Modbus registers: A Modbus Exception Occurred - See Response Body
[2024-12-10T06:49:55.268Z] Error reading register 6507 for IP 10.30.4.128: A Modbus Exception Occurred - See Response Body
[2024-12-10T06:49:55.269Z] Error reading actual data: A Modbus Exception Occurred - See Response Body
[2024-12-10T06:49:55.269Z] Error writing to Modbus register: A Modbus Exception Occurred - See Response Body
[2024-12-10T06:49:56.280Z] Error reading or processing Modbus registers: A Modbus Exception Occurred - See Response Body
[2024-12-10T06:49:56.282Z] Error reading register 6507 for IP 10.30.4.128: A Modbus Exception Occurred - See Response Body
[2024-12-10T06:49:56.283Z] Error reading actual data: A Modbus Exception Occurred - See Response Body
[2024-12-10T06:49:56.283Z] Error writing to Modbus register: A Modbus Exception Occurred - See Response Body
[2024-12-10T06:49:57.294Z] Error reading or processing Modbus registers: A Modbus Exception Occurred - See Response Body
[2024-12-10T06:49:57.296Z] Error reading register 6507 for IP 10.30.4.128: A Modbus Exception Occurred - See Response Body
[2024-12-10T06:49:57.297Z] Error reading actual data: A Modbus Exception Occurred - See Response Body
[2024-12-10T06:49:57.297Z] Error writing to Modbus register: A Modbus Exception Occurred - See Response Body
[2024-12-10T06:49:58.308Z] Error reading or processing Modbus registers: A Modbus Exception Occurred - See Response Body
[2024-12-10T06:49:58.310Z] Error reading register 6507 for IP 10.30.4.128: A Modbus Exception Occurred - See Response Body
[2024-12-10T06:49:58.310Z] Error reading actual data: A Modbus Exception Occurred - See Response Body
[2024-12-10T06:49:58.311Z] Error writing to Modbus register: A Modbus Exception Occurred - See Response Body
[2024-12-10T06:49:59.312Z] Error reading or processing Modbus registers: A Modbus Exception Occurred - See Response Body
[2024-12-10T06:49:59.315Z] Error reading register 6507 for IP 10.30.4.128: A Modbus Exception Occurred - See Response Body
[2024-12-10T06:49:59.316Z] Error reading actual data: A Modbus Exception Occurred - See Response Body
[2024-12-10T06:49:59.317Z] Error writing to Modbus register: A Modbus Exception Occurred - See Response Body
[2024-12-10T06:50:00.326Z] Error reading or processing Modbus registers: A Modbus Exception Occurred - See Response Body
[2024-12-10T06:50:00.328Z] Error reading register 6507 for IP 10.30.4.128: A Modbus Exception Occurred - See Response Body
[2024-12-10T06:50:00.329Z] Error reading actual data: A Modbus Exception Occurred - See Response Body
[2024-12-10T06:50:00.329Z] Error writing to Modbus register: A Modbus Exception Occurred - See Response Body
[2024-12-10T06:50:01.327Z] Error reading or processing Modbus registers: A Modbus Exception Occurred - See Response Body
[2024-12-10T06:50:01.329Z] Error reading register 6507 for IP 10.30.4.128: A Modbus Exception Occurred - See Response Body
[2024-12-10T06:50:01.330Z] Error reading actual data: A Modbus Exception Occurred - See Response Body
[2024-12-10T06:50:01.331Z] Error writing to Modbus register: A Modbus Exception Occurred - See Response Body
[2024-12-10T06:50:02.328Z] Error reading or processing Modbus registers: A Modbus Exception Occurred - See Response Body
[2024-12-10T06:50:02.330Z] Error reading register 6507 for IP 10.30.4.128: A Modbus Exception Occurred - See Response Body
[2024-12-10T06:50:02.331Z] Error reading actual data: A Modbus Exception Occurred - See Response Body
[2024-12-10T06:50:02.331Z] Error writing to Modbus register: A Modbus Exception Occurred - See Response Body
[2024-12-10T06:50:03.328Z] Error reading or processing Modbus registers: A Modbus Exception Occurred - See Response Body
[2024-12-10T06:50:03.331Z] Error reading register 6507 for IP 10.30.4.128: A Modbus Exception Occurred - See Response Body
[2024-12-10T06:50:03.331Z] Error reading actual data: A Modbus Exception Occurred - See Response Body
[2024-12-10T06:50:03.332Z] Error writing to Modbus register: A Modbus Exception Occurred - See Response Body
[2024-12-10T06:50:04.329Z] Error reading or processing Modbus registers: A Modbus Exception Occurred - See Response Body
[2024-12-10T06:50:04.332Z] Error reading register 6507 for IP 10.30.4.128: A Modbus Exception Occurred - See Response Body
[2024-12-10T06:50:04.333Z] Error reading actual data: A Modbus Exception Occurred - See Response Body
[2024-12-10T06:50:04.333Z] Error writing to Modbus register: A Modbus Exception Occurred - See Response Body
[2024-12-10T06:50:05.343Z] Error reading or processing Modbus registers: A Modbus Exception Occurred - See Response Body
[2024-12-10T06:50:05.345Z] Error reading register 6507 for IP 10.30.4.128: A Modbus Exception Occurred - See Response Body
[2024-12-10T06:50:05.346Z] Error reading actual data: A Modbus Exception Occurred - See Response Body
[2024-12-10T06:50:05.346Z] Error writing to Modbus register: A Modbus Exception Occurred - See Response Body
[2024-12-10T06:50:06.355Z] Error reading or processing Modbus registers: A Modbus Exception Occurred - See Response Body
[2024-12-10T06:50:06.358Z] Error reading register 6507 for IP 10.30.4.128: A Modbus Exception Occurred - See Response Body
[2024-12-10T06:50:06.359Z] Error reading actual data: A Modbus Exception Occurred - See Response Body
[2024-12-10T06:50:06.359Z] Error writing to Modbus register: A Modbus Exception Occurred - See Response Body
[2024-12-10T06:50:07.370Z] Error reading or processing Modbus registers: A Modbus Exception Occurred - See Response Body
[2024-12-10T06:50:07.373Z] Error reading register 6507 for IP 10.30.4.128: A Modbus Exception Occurred - See Response Body
[2024-12-10T06:50:07.373Z] Error reading actual data: A Modbus Exception Occurred - See Response Body
[2024-12-10T06:50:07.374Z] Error writing to Modbus register: A Modbus Exception Occurred - See Response Body
[2024-12-10T06:50:08.371Z] Error reading or processing Modbus registers: A Modbus Exception Occurred - See Response Body
[2024-12-10T06:50:08.373Z] Error reading register 6507 for IP 10.30.4.128: A Modbus Exception Occurred - See Response Body
[2024-12-10T06:50:08.374Z] Error reading actual data: A Modbus Exception Occurred - See Response Body
[2024-12-10T06:50:08.375Z] Error writing to Modbus register: A Modbus Exception Occurred - See Response Body
[2024-12-10T06:50:09.385Z] Error reading or processing Modbus registers: A Modbus Exception Occurred - See Response Body
[2024-12-10T06:50:09.387Z] Error reading register 6507 for IP 10.30.4.128: A Modbus Exception Occurred - See Response Body
[2024-12-10T06:50:09.388Z] Error reading actual data: A Modbus Exception Occurred - See Response Body
[2024-12-10T06:50:09.389Z] Error writing to Modbus register: A Modbus Exception Occurred - See Response Body
[2024-12-10T06:50:10.398Z] Error reading or processing Modbus registers: A Modbus Exception Occurred - See Response Body
[2024-12-10T06:50:10.401Z] Error reading register 6507 for IP 10.30.4.128: A Modbus Exception Occurred - See Response Body
[2024-12-10T06:50:10.402Z] Error reading actual data: A Modbus Exception Occurred - See Response Body
[2024-12-10T06:50:10.402Z] Error writing to Modbus register: A Modbus Exception Occurred - See Response Body
[2024-12-10T06:50:11.399Z] Error reading or processing Modbus registers: A Modbus Exception Occurred - See Response Body
[2024-12-10T06:50:11.402Z] Error reading register 6507 for IP 10.30.4.128: A Modbus Exception Occurred - See Response Body
[2024-12-10T06:50:11.403Z] Error reading actual data: A Modbus Exception Occurred - See Response Body
[2024-12-10T06:50:11.404Z] Error writing to Modbus register: A Modbus Exception Occurred - See Response Body
[2024-12-10T06:50:12.399Z] Error reading or processing Modbus registers: A Modbus Exception Occurred - See Response Body
[2024-12-10T06:50:12.401Z] Error reading register 6507 for IP 10.30.4.128: A Modbus Exception Occurred - See Response Body
[2024-12-10T06:50:12.402Z] Error reading actual data: A Modbus Exception Occurred - See Response Body
[2024-12-10T06:50:12.403Z] Error writing to Modbus register: A Modbus Exception Occurred - See Response Body
[2024-12-10T06:50:13.414Z] Error reading or processing Modbus registers: A Modbus Exception Occurred - See Response Body
[2024-12-10T06:50:13.416Z] Error reading register 6507 for IP 10.30.4.128: A Modbus Exception Occurred - See Response Body
[2024-12-10T06:50:13.417Z] Error reading actual data: A Modbus Exception Occurred - See Response Body
[2024-12-10T06:50:13.418Z] Error writing to Modbus register: A Modbus Exception Occurred - See Response Body
[2024-12-10T06:50:14.428Z] Error reading or processing Modbus registers: A Modbus Exception Occurred - See Response Body
[2024-12-10T06:50:14.431Z] Error reading register 6507 for IP 10.30.4.128: A Modbus Exception Occurred - See Response Body
[2024-12-10T06:50:14.431Z] Error reading actual data: A Modbus Exception Occurred - See Response Body
[2024-12-10T06:50:14.432Z] Error writing to Modbus register: A Modbus Exception Occurred - See Response Body
[2024-12-10T06:50:15.441Z] Error reading or processing Modbus registers: A Modbus Exception Occurred - See Response Body
[2024-12-10T06:50:15.443Z] Error reading register 6507 for IP 10.30.4.128: A Modbus Exception Occurred - See Response Body
[2024-12-10T06:50:15.444Z] Error reading actual data: A Modbus Exception Occurred - See Response Body
[2024-12-10T06:50:15.445Z] Error writing to Modbus register: A Modbus Exception Occurred - See Response Body
[2024-12-10T06:50:16.442Z] Error reading or processing Modbus registers: A Modbus Exception Occurred - See Response Body
[2024-12-10T06:50:16.444Z] Error reading register 6507 for IP 10.30.4.128: A Modbus Exception Occurred - See Response Body
[2024-12-10T06:50:16.445Z] Error reading actual data: A Modbus Exception Occurred - See Response Body
[2024-12-10T06:50:16.446Z] Error writing to Modbus register: A Modbus Exception Occurred - See Response Body
[2024-12-10T06:50:17.446Z] Error reading or processing Modbus registers: A Modbus Exception Occurred - See Response Body
[2024-12-10T06:50:17.448Z] Error reading register 6507 for IP 10.30.4.128: A Modbus Exception Occurred - See Response Body
[2024-12-10T06:50:17.449Z] Error reading actual data: A Modbus Exception Occurred - See Response Body
[2024-12-10T06:50:17.449Z] Error writing to Modbus register: A Modbus Exception Occurred - See Response Body
[2024-12-10T06:50:18.448Z] Error reading or processing Modbus registers: A Modbus Exception Occurred - See Response Body
[2024-12-10T06:50:18.450Z] Error reading register 6507 for IP 10.30.4.128: A Modbus Exception Occurred - See Response Body
[2024-12-10T06:50:18.451Z] Error reading actual data: A Modbus Exception Occurred - See Response Body
[2024-12-10T06:50:18.451Z] Error writing to Modbus register: A Modbus Exception Occurred - See Response Body
[2024-12-10T06:50:19.462Z] Error reading or processing Modbus registers: A Modbus Exception Occurred - See Response Body
[2024-12-10T06:50:19.464Z] Error reading register 6507 for IP 10.30.4.128: A Modbus Exception Occurred - See Response Body
[2024-12-10T06:50:19.465Z] Error reading actual data: A Modbus Exception Occurred - See Response Body
[2024-12-10T06:50:19.465Z] Error writing to Modbus register: A Modbus Exception Occurred - See Response Body
[2024-12-10T06:50:20.462Z] Error reading or processing Modbus registers: A Modbus Exception Occurred - See Response Body
[2024-12-10T06:50:20.464Z] Error reading register 6507 for IP 10.30.4.128: A Modbus Exception Occurred - See Response Body
[2024-12-10T06:50:20.465Z] Error reading actual data: A Modbus Exception Occurred - See Response Body
[2024-12-10T06:50:20.465Z] Error writing to Modbus register: A Modbus Exception Occurred - See Response Body
[2024-12-10T06:50:21.464Z] Error reading or processing Modbus registers: A Modbus Exception Occurred - See Response Body
[2024-12-10T06:50:21.467Z] Error reading register 6507 for IP 10.30.4.128: A Modbus Exception Occurred - See Response Body
[2024-12-10T06:50:21.467Z] Error reading actual data: A Modbus Exception Occurred - See Response Body
[2024-12-10T06:50:21.468Z] Error writing to Modbus register: A Modbus Exception Occurred - See Response Body
[2024-12-10T06:50:22.464Z] Error reading or processing Modbus registers: A Modbus Exception Occurred - See Response Body
[2024-12-10T06:50:22.466Z] Error reading register 6507 for IP 10.30.4.128: A Modbus Exception Occurred - See Response Body
[2024-12-10T06:50:22.467Z] Error reading actual data: A Modbus Exception Occurred - See Response Body
[2024-12-10T06:50:22.468Z] Error writing to Modbus register: A Modbus Exception Occurred - See Response Body
[2024-12-10T06:50:23.476Z] Error reading or processing Modbus registers: A Modbus Exception Occurred - See Response Body
[2024-12-10T06:50:23.478Z] Error reading register 6507 for IP 10.30.4.128: A Modbus Exception Occurred - See Response Body
[2024-12-10T06:50:23.479Z] Error reading actual data: A Modbus Exception Occurred - See Response Body
[2024-12-10T06:50:23.479Z] Error writing to Modbus register: A Modbus Exception Occurred - See Response Body
[2024-12-10T06:50:24.478Z] Error reading or processing Modbus registers: A Modbus Exception Occurred - See Response Body
[2024-12-10T06:50:24.480Z] Error reading register 6507 for IP 10.30.4.128: A Modbus Exception Occurred - See Response Body
[2024-12-10T06:50:24.481Z] Error reading actual data: A Modbus Exception Occurred - See Response Body
[2024-12-10T06:50:24.482Z] Error writing to Modbus register: A Modbus Exception Occurred - See Response Body
[2024-12-10T06:50:25.478Z] Error reading or processing Modbus registers: A Modbus Exception Occurred - See Response Body
[2024-12-10T06:50:25.480Z] Error reading register 6507 for IP 10.30.4.128: A Modbus Exception Occurred - See Response Body
[2024-12-10T06:50:25.481Z] Error reading actual data: A Modbus Exception Occurred - See Response Body
[2024-12-10T06:50:25.482Z] Error writing to Modbus register: A Modbus Exception Occurred - See Response Body
[2024-12-10T06:50:26.481Z] Error reading or processing Modbus registers: A Modbus Exception Occurred - See Response Body
[2024-12-10T06:50:26.483Z] Error reading register 6507 for IP 10.30.4.128: A Modbus Exception Occurred - See Response Body
[2024-12-10T06:50:26.484Z] Error reading actual data: A Modbus Exception Occurred - See Response Body
[2024-12-10T06:50:26.484Z] Error writing to Modbus register: A Modbus Exception Occurred - See Response Body
[2024-12-10T06:50:27.496Z] Error reading or processing Modbus registers: A Modbus Exception Occurred - See Response Body
[2024-12-10T06:50:27.498Z] Error reading register 6507 for IP 10.30.4.128: A Modbus Exception Occurred - See Response Body
[2024-12-10T06:50:27.498Z] Error reading actual data: A Modbus Exception Occurred - See Response Body
[2024-12-10T06:50:27.499Z] Error writing to Modbus register: A Modbus Exception Occurred - See Response Body
[2024-12-10T06:50:28.496Z] Error reading or processing Modbus registers: A Modbus Exception Occurred - See Response Body
[2024-12-10T06:50:28.498Z] Error reading register 6507 for IP 10.30.4.128: A Modbus Exception Occurred - See Response Body
[2024-12-10T06:50:28.499Z] Error reading actual data: A Modbus Exception Occurred - See Response Body
[2024-12-10T06:50:28.499Z] Error writing to Modbus register: A Modbus Exception Occurred - See Response Body
[2024-12-10T06:50:29.496Z] Error reading or processing Modbus registers: A Modbus Exception Occurred - See Response Body
[2024-12-10T06:50:29.498Z] Error reading register 6507 for IP 10.30.4.128: A Modbus Exception Occurred - See Response Body
[2024-12-10T06:50:29.499Z] Error reading actual data: A Modbus Exception Occurred - See Response Body
[2024-12-10T06:50:29.499Z] Error writing to Modbus register: A Modbus Exception Occurred - See Response Body
[2024-12-10T06:50:30.509Z] Error reading or processing Modbus registers: A Modbus Exception Occurred - See Response Body
[2024-12-10T06:50:30.512Z] Error reading register 6507 for IP 10.30.4.128: A Modbus Exception Occurred - See Response Body
[2024-12-10T06:50:30.512Z] Error reading actual data: A Modbus Exception Occurred - See Response Body
[2024-12-10T06:50:30.513Z] Error writing to Modbus register: A Modbus Exception Occurred - See Response Body
[2024-12-10T06:50:31.509Z] Error reading or processing Modbus registers: A Modbus Exception Occurred - See Response Body
[2024-12-10T06:50:31.512Z] Error reading register 6507 for IP 10.30.4.128: A Modbus Exception Occurred - See Response Body
[2024-12-10T06:50:31.512Z] Error reading actual data: A Modbus Exception Occurred - See Response Body
[2024-12-10T06:50:31.513Z] Error writing to Modbus register: A Modbus Exception Occurred - See Response Body
[2024-12-10T06:50:32.509Z] Error reading or processing Modbus registers: A Modbus Exception Occurred - See Response Body
[2024-12-10T06:50:32.512Z] Error reading register 6507 for IP 10.30.4.128: A Modbus Exception Occurred - See Response Body
[2024-12-10T06:50:32.513Z] Error reading actual data: A Modbus Exception Occurred - See Response Body
[2024-12-10T06:50:32.513Z] Error writing to Modbus register: A Modbus Exception Occurred - See Response Body
[2024-12-10T06:50:33.511Z] Error reading or processing Modbus registers: A Modbus Exception Occurred - See Response Body
[2024-12-10T06:50:33.513Z] Error reading register 6507 for IP 10.30.4.128: A Modbus Exception Occurred - See Response Body
[2024-12-10T06:50:33.514Z] Error reading actual data: A Modbus Exception Occurred - See Response Body
[2024-12-10T06:50:33.515Z] Error writing to Modbus register: A Modbus Exception Occurred - See Response Body
[2024-12-10T06:50:34.523Z] Error reading or processing Modbus registers: A Modbus Exception Occurred - See Response Body
[2024-12-10T06:50:34.525Z] Error reading register 6507 for IP 10.30.4.128: A Modbus Exception Occurred - See Response Body
[2024-12-10T06:50:34.526Z] Error reading actual data: A Modbus Exception Occurred - See Response Body
[2024-12-10T06:50:34.526Z] Error writing to Modbus register: A Modbus Exception Occurred - See Response Body
[2024-12-10T06:50:35.535Z] Error reading or processing Modbus registers: A Modbus Exception Occurred - See Response Body
[2024-12-10T06:50:35.538Z] Error reading register 6507 for IP 10.30.4.128: A Modbus Exception Occurred - See Response Body
[2024-12-10T06:50:35.539Z] Error reading actual data: A Modbus Exception Occurred - See Response Body
[2024-12-10T06:50:35.539Z] Error writing to Modbus register: A Modbus Exception Occurred - See Response Body
[2024-12-10T06:50:36.550Z] Error reading or processing Modbus registers: A Modbus Exception Occurred - See Response Body
[2024-12-10T06:50:36.552Z] Error reading register 6507 for IP 10.30.4.128: A Modbus Exception Occurred - See Response Body
[2024-12-10T06:50:36.553Z] Error reading actual data: A Modbus Exception Occurred - See Response Body
[2024-12-10T06:50:36.553Z] Error writing to Modbus register: A Modbus Exception Occurred - See Response Body
[2024-12-10T06:50:37.551Z] Error reading or processing Modbus registers: A Modbus Exception Occurred - See Response Body
[2024-12-10T06:50:37.554Z] Error reading register 6507 for IP 10.30.4.128: A Modbus Exception Occurred - See Response Body
[2024-12-10T06:50:37.554Z] Error reading actual data: A Modbus Exception Occurred - See Response Body
[2024-12-10T06:50:37.555Z] Error writing to Modbus register: A Modbus Exception Occurred - See Response Body
[2024-12-10T06:50:38.551Z] Error reading or processing Modbus registers: A Modbus Exception Occurred - See Response Body
[2024-12-10T06:50:38.553Z] Error reading register 6507 for IP 10.30.4.128: A Modbus Exception Occurred - See Response Body
[2024-12-10T06:50:38.554Z] Error reading actual data: A Modbus Exception Occurred - See Response Body
[2024-12-10T06:50:38.555Z] Error writing to Modbus register: A Modbus Exception Occurred - See Response Body
[2024-12-10T06:50:39.552Z] Error reading or processing Modbus registers: A Modbus Exception Occurred - See Response Body
[2024-12-10T06:50:39.555Z] Error reading register 6507 for IP 10.30.4.128: A Modbus Exception Occurred - See Response Body
[2024-12-10T06:50:39.555Z] Error reading actual data: A Modbus Exception Occurred - See Response Body
[2024-12-10T06:50:39.556Z] Error writing to Modbus register: A Modbus Exception Occurred - See Response Body
[2024-12-10T06:50:40.552Z] Error reading or processing Modbus registers: A Modbus Exception Occurred - See Response Body
[2024-12-10T06:50:40.555Z] Error reading register 6507 for IP 10.30.4.128: A Modbus Exception Occurred - See Response Body
[2024-12-10T06:50:40.555Z] Error reading actual data: A Modbus Exception Occurred - See Response Body
[2024-12-10T06:50:40.556Z] Error writing to Modbus register: A Modbus Exception Occurred - See Response Body
[2024-12-10T06:50:41.554Z] Error reading or processing Modbus registers: A Modbus Exception Occurred - See Response Body
[2024-12-10T06:50:41.556Z] Error reading register 6507 for IP 10.30.4.128: A Modbus Exception Occurred - See Response Body
[2024-12-10T06:50:41.557Z] Error reading actual data: A Modbus Exception Occurred - See Response Body
[2024-12-10T06:50:41.557Z] Error writing to Modbus register: A Modbus Exception Occurred - See Response Body
[2024-12-10T06:50:42.564Z] Error reading or processing Modbus registers: A Modbus Exception Occurred - See Response Body
[2024-12-10T06:50:42.567Z] Error reading register 6507 for IP 10.30.4.128: A Modbus Exception Occurred - See Response Body
[2024-12-10T06:50:42.568Z] Error writing to Modbus register: A Modbus Exception Occurred - See Response Body
[2024-12-10T06:50:42.568Z] Error reading actual data: A Modbus Exception Occurred - See Response Body
[2024-12-10T06:50:43.572Z] Error reading or processing Modbus registers: A Modbus Exception Occurred - See Response Body
[2024-12-10T06:50:43.574Z] Error reading register 6507 for IP 10.30.4.128: A Modbus Exception Occurred - See Response Body
[2024-12-10T06:50:43.575Z] Error reading actual data: A Modbus Exception Occurred - See Response Body
[2024-12-10T06:50:43.576Z] Error writing to Modbus register: A Modbus Exception Occurred - See Response Body
[2024-12-10T06:50:44.574Z] Error reading or processing Modbus registers: A Modbus Exception Occurred - See Response Body
[2024-12-10T06:50:44.576Z] Error reading register 6507 for IP 10.30.4.128: A Modbus Exception Occurred - See Response Body
[2024-12-10T06:50:44.577Z] Error reading actual data: A Modbus Exception Occurred - See Response Body
[2024-12-10T06:50:44.578Z] Error writing to Modbus register: A Modbus Exception Occurred - See Response Body
[2024-12-10T06:50:45.584Z] Error reading or processing Modbus registers: A Modbus Exception Occurred - See Response Body
[2024-12-10T06:50:45.586Z] Error reading register 6507 for IP 10.30.4.128: A Modbus Exception Occurred - See Response Body
[2024-12-10T06:50:45.587Z] Error reading actual data: A Modbus Exception Occurred - See Response Body
[2024-12-10T06:50:45.587Z] Error writing to Modbus register: A Modbus Exception Occurred - See Response Body
[2024-12-10T06:50:46.599Z] Error reading or processing Modbus registers: A Modbus Exception Occurred - See Response Body
[2024-12-10T06:50:46.601Z] Error reading register 6507 for IP 10.30.4.128: A Modbus Exception Occurred - See Response Body
[2024-12-10T06:50:46.602Z] Error reading actual data: A Modbus Exception Occurred - See Response Body
[2024-12-10T06:50:46.602Z] Error writing to Modbus register: A Modbus Exception Occurred - See Response Body
[2024-12-10T06:50:47.602Z] Error reading or processing Modbus registers: A Modbus Exception Occurred - See Response Body
[2024-12-10T06:50:47.604Z] Error reading register 6507 for IP 10.30.4.128: A Modbus Exception Occurred - See Response Body
[2024-12-10T06:50:47.605Z] Error reading actual data: A Modbus Exception Occurred - See Response Body
[2024-12-10T06:50:47.606Z] Error writing to Modbus register: A Modbus Exception Occurred - See Response Body
[2024-12-10T06:50:48.617Z] Error reading or processing Modbus registers: A Modbus Exception Occurred - See Response Body
[2024-12-10T06:50:48.619Z] Error reading register 6507 for IP 10.30.4.128: A Modbus Exception Occurred - See Response Body
[2024-12-10T06:50:48.620Z] Error reading actual data: A Modbus Exception Occurred - See Response Body
[2024-12-10T06:50:48.621Z] Error writing to Modbus register: A Modbus Exception Occurred - See Response Body
[2024-12-10T06:50:49.630Z] Error reading or processing Modbus registers: A Modbus Exception Occurred - See Response Body
[2024-12-10T06:50:49.633Z] Error reading register 6507 for IP 10.30.4.128: A Modbus Exception Occurred - See Response Body
[2024-12-10T06:50:49.634Z] Error reading actual data: A Modbus Exception Occurred - See Response Body
[2024-12-10T06:50:49.634Z] Error writing to Modbus register: A Modbus Exception Occurred - See Response Body
[2024-12-10T06:50:50.643Z] Error reading or processing Modbus registers: A Modbus Exception Occurred - See Response Body
[2024-12-10T06:50:50.646Z] Error reading register 6507 for IP 10.30.4.128: A Modbus Exception Occurred - See Response Body
[2024-12-10T06:50:50.646Z] Error reading actual data: A Modbus Exception Occurred - See Response Body
[2024-12-10T06:50:50.647Z] Error writing to Modbus register: A Modbus Exception Occurred - See Response Body
[2024-12-10T06:50:51.643Z] Error reading or processing Modbus registers: A Modbus Exception Occurred - See Response Body
[2024-12-10T06:50:51.646Z] Error reading register 6507 for IP 10.30.4.128: A Modbus Exception Occurred - See Response Body
[2024-12-10T06:50:51.646Z] Error reading actual data: A Modbus Exception Occurred - See Response Body
[2024-12-10T06:50:51.647Z] Error writing to Modbus register: A Modbus Exception Occurred - See Response Body
[2024-12-10T06:50:52.658Z] Error reading or processing Modbus registers: A Modbus Exception Occurred - See Response Body
[2024-12-10T06:50:52.660Z] Error reading register 6507 for IP 10.30.4.128: A Modbus Exception Occurred - See Response Body
[2024-12-10T06:50:52.661Z] Error reading actual data: A Modbus Exception Occurred - See Response Body
[2024-12-10T06:50:52.661Z] Error writing to Modbus register: A Modbus Exception Occurred - See Response Body
[2024-12-10T06:50:53.673Z] Error reading or processing Modbus registers: A Modbus Exception Occurred - See Response Body
[2024-12-10T06:50:53.676Z] Error reading register 6507 for IP 10.30.4.128: A Modbus Exception Occurred - See Response Body
[2024-12-10T06:50:53.676Z] Error reading actual data: A Modbus Exception Occurred - See Response Body
[2024-12-10T06:50:53.677Z] Error writing to Modbus register: A Modbus Exception Occurred - See Response Body
[2024-12-10T06:50:54.674Z] Error reading or processing Modbus registers: A Modbus Exception Occurred - See Response Body
[2024-12-10T06:50:54.677Z] Error reading register 6507 for IP 10.30.4.128: A Modbus Exception Occurred - See Response Body
[2024-12-10T06:50:54.678Z] Error reading actual data: A Modbus Exception Occurred - See Response Body
[2024-12-10T06:50:54.678Z] Error writing to Modbus register: A Modbus Exception Occurred - See Response Body
[2024-12-10T06:50:55.676Z] Error reading or processing Modbus registers: A Modbus Exception Occurred - See Response Body
[2024-12-10T06:50:55.678Z] Error reading register 6507 for IP 10.30.4.128: A Modbus Exception Occurred - See Response Body
[2024-12-10T06:50:55.679Z] Error reading actual data: A Modbus Exception Occurred - See Response Body
[2024-12-10T06:50:55.679Z] Error writing to Modbus register: A Modbus Exception Occurred - See Response Body
[2024-12-10T06:50:56.689Z] Error reading or processing Modbus registers: A Modbus Exception Occurred - See Response Body
[2024-12-10T06:50:56.693Z] Error reading register 6507 for IP 10.30.4.128: A Modbus Exception Occurred - See Response Body
[2024-12-10T06:50:56.694Z] Error reading actual data: A Modbus Exception Occurred - See Response Body
[2024-12-10T06:50:56.695Z] Error writing to Modbus register: A Modbus Exception Occurred - See Response Body
[2024-12-10T06:50:57.702Z] Error reading or processing Modbus registers: A Modbus Exception Occurred - See Response Body
[2024-12-10T06:50:57.704Z] Error reading register 6507 for IP 10.30.4.128: A Modbus Exception Occurred - See Response Body
[2024-12-10T06:50:57.705Z] Error reading actual data: A Modbus Exception Occurred - See Response Body
[2024-12-10T06:50:57.706Z] Error writing to Modbus register: A Modbus Exception Occurred - See Response Body
[2024-12-10T06:50:58.704Z] Error reading or processing Modbus registers: A Modbus Exception Occurred - See Response Body
[2024-12-10T06:50:58.706Z] Error reading register 6507 for IP 10.30.4.128: A Modbus Exception Occurred - See Response Body
[2024-12-10T06:50:58.707Z] Error reading actual data: A Modbus Exception Occurred - See Response Body
[2024-12-10T06:50:58.707Z] Error writing to Modbus register: A Modbus Exception Occurred - See Response Body
[2024-12-10T06:50:59.718Z] Error reading or processing Modbus registers: A Modbus Exception Occurred - See Response Body
[2024-12-10T06:50:59.720Z] Error reading register 6507 for IP 10.30.4.128: A Modbus Exception Occurred - See Response Body
[2024-12-10T06:50:59.720Z] Error reading actual data: A Modbus Exception Occurred - See Response Body
[2024-12-10T06:50:59.721Z] Error writing to Modbus register: A Modbus Exception Occurred - See Response Body
[2024-12-10T06:51:00.719Z] Error reading or processing Modbus registers: A Modbus Exception Occurred - See Response Body
[2024-12-10T06:51:00.721Z] Error reading register 6507 for IP 10.30.4.128: A Modbus Exception Occurred - See Response Body
[2024-12-10T06:51:00.722Z] Error reading actual data: A Modbus Exception Occurred - See Response Body
[2024-12-10T06:51:00.723Z] Error writing to Modbus register: A Modbus Exception Occurred - See Response Body
[2024-12-10T06:51:01.733Z] Error reading or processing Modbus registers: A Modbus Exception Occurred - See Response Body
[2024-12-10T06:51:01.736Z] Error reading register 6507 for IP 10.30.4.128: A Modbus Exception Occurred - See Response Body
[2024-12-10T06:51:01.737Z] Error reading actual data: A Modbus Exception Occurred - See Response Body
[2024-12-10T06:51:01.737Z] Error writing to Modbus register: A Modbus Exception Occurred - See Response Body
[2024-12-10T06:51:02.748Z] Error reading or processing Modbus registers: A Modbus Exception Occurred - See Response Body
[2024-12-10T06:51:02.750Z] Error reading register 6507 for IP 10.30.4.128: A Modbus Exception Occurred - See Response Body
[2024-12-10T06:51:02.751Z] Error reading actual data: A Modbus Exception Occurred - See Response Body
[2024-12-10T06:51:02.752Z] Error writing to Modbus register: A Modbus Exception Occurred - See Response Body
[2024-12-10T06:51:03.761Z] Error reading or processing Modbus registers: A Modbus Exception Occurred - See Response Body
[2024-12-10T06:51:03.763Z] Error reading register 6507 for IP 10.30.4.128: A Modbus Exception Occurred - See Response Body
[2024-12-10T06:51:03.764Z] Error reading actual data: A Modbus Exception Occurred - See Response Body
[2024-12-10T06:51:03.765Z] Error writing to Modbus register: A Modbus Exception Occurred - See Response Body
[2024-12-10T06:51:04.764Z] Error reading or processing Modbus registers: A Modbus Exception Occurred - See Response Body
[2024-12-10T06:51:04.767Z] Error reading register 6507 for IP 10.30.4.128: A Modbus Exception Occurred - See Response Body
[2024-12-10T06:51:04.768Z] Error reading actual data: A Modbus Exception Occurred - See Response Body
[2024-12-10T06:51:04.768Z] Error writing to Modbus register: A Modbus Exception Occurred - See Response Body
[2024-12-10T06:51:05.766Z] Error reading or processing Modbus registers: A Modbus Exception Occurred - See Response Body
[2024-12-10T06:51:05.768Z] Error reading register 6507 for IP 10.30.4.128: A Modbus Exception Occurred - See Response Body
[2024-12-10T06:51:05.769Z] Error reading actual data: A Modbus Exception Occurred - See Response Body
[2024-12-10T06:51:05.770Z] Error writing to Modbus register: A Modbus Exception Occurred - See Response Body
[2024-12-10T06:51:06.777Z] Error reading or processing Modbus registers: A Modbus Exception Occurred - See Response Body
[2024-12-10T06:51:06.780Z] Error reading register 6507 for IP 10.30.4.128: A Modbus Exception Occurred - See Response Body
[2024-12-10T06:51:06.781Z] Error reading actual data: A Modbus Exception Occurred - See Response Body
[2024-12-10T06:51:06.781Z] Error writing to Modbus register: A Modbus Exception Occurred - See Response Body
[2024-12-10T06:51:07.791Z] Error reading or processing Modbus registers: A Modbus Exception Occurred - See Response Body
[2024-12-10T06:51:07.794Z] Error reading register 6507 for IP 10.30.4.128: A Modbus Exception Occurred - See Response Body
[2024-12-10T06:51:07.795Z] Error reading actual data: A Modbus Exception Occurred - See Response Body
[2024-12-10T06:51:07.795Z] Error writing to Modbus register: A Modbus Exception Occurred - See Response Body
[2024-12-10T06:51:08.795Z] Error reading or processing Modbus registers: A Modbus Exception Occurred - See Response Body
[2024-12-10T06:51:08.797Z] Error reading register 6507 for IP 10.30.4.128: A Modbus Exception Occurred - See Response Body
[2024-12-10T06:51:08.798Z] Error reading actual data: A Modbus Exception Occurred - See Response Body
[2024-12-10T06:51:08.798Z] Error writing to Modbus register: A Modbus Exception Occurred - See Response Body
[2024-12-10T06:51:09.795Z] Error reading or processing Modbus registers: A Modbus Exception Occurred - See Response Body
[2024-12-10T06:51:09.798Z] Error reading register 6507 for IP 10.30.4.128: A Modbus Exception Occurred - See Response Body
[2024-12-10T06:51:09.799Z] Error reading actual data: A Modbus Exception Occurred - See Response Body
[2024-12-10T06:51:09.799Z] Error writing to Modbus register: A Modbus Exception Occurred - See Response Body
[2024-12-10T06:51:10.806Z] Error reading or processing Modbus registers: A Modbus Exception Occurred - See Response Body
[2024-12-10T06:51:10.811Z] Error reading register 6507 for IP 10.30.4.128: A Modbus Exception Occurred - See Response Body
[2024-12-10T06:51:10.812Z] Error reading actual data: A Modbus Exception Occurred - See Response Body
[2024-12-10T06:51:10.812Z] Error writing to Modbus register: A Modbus Exception Occurred - See Response Body
[2024-12-10T06:51:11.809Z] Error reading or processing Modbus registers: A Modbus Exception Occurred - See Response Body
[2024-12-10T06:51:11.811Z] Error reading register 6507 for IP 10.30.4.128: A Modbus Exception Occurred - See Response Body
[2024-12-10T06:51:11.812Z] Error reading actual data: A Modbus Exception Occurred - See Response Body
[2024-12-10T06:51:11.812Z] Error writing to Modbus register: A Modbus Exception Occurred - See Response Body
[2024-12-10T06:51:12.821Z] Error reading or processing Modbus registers: A Modbus Exception Occurred - See Response Body
[2024-12-10T06:51:12.823Z] Error reading register 6507 for IP 10.30.4.128: A Modbus Exception Occurred - See Response Body
[2024-12-10T06:51:12.824Z] Error reading actual data: A Modbus Exception Occurred - See Response Body
[2024-12-10T06:51:12.824Z] Error writing to Modbus register: A Modbus Exception Occurred - See Response Body
[2024-12-10T06:51:13.836Z] Error reading or processing Modbus registers: A Modbus Exception Occurred - See Response Body
[2024-12-10T06:51:13.838Z] Error reading register 6507 for IP 10.30.4.128: A Modbus Exception Occurred - See Response Body
[2024-12-10T06:51:13.839Z] Error reading actual data: A Modbus Exception Occurred - See Response Body
[2024-12-10T06:51:13.840Z] Error writing to Modbus register: A Modbus Exception Occurred - See Response Body
[2024-12-10T06:51:14.836Z] Error reading or processing Modbus registers: A Modbus Exception Occurred - See Response Body
[2024-12-10T06:51:14.838Z] Error reading register 6507 for IP 10.30.4.128: A Modbus Exception Occurred - See Response Body
[2024-12-10T06:51:14.839Z] Error reading actual data: A Modbus Exception Occurred - See Response Body
[2024-12-10T06:51:14.839Z] Error writing to Modbus register: A Modbus Exception Occurred - See Response Body
[2024-12-10T06:51:15.849Z] Error reading or processing Modbus registers: A Modbus Exception Occurred - See Response Body
[2024-12-10T06:51:15.851Z] Error reading register 6507 for IP 10.30.4.128: A Modbus Exception Occurred - See Response Body
[2024-12-10T06:51:15.852Z] Error reading actual data: A Modbus Exception Occurred - See Response Body
[2024-12-10T06:51:15.852Z] Error writing to Modbus register: A Modbus Exception Occurred - See Response Body
[2024-12-10T06:51:16.851Z] Error reading or processing Modbus registers: A Modbus Exception Occurred - See Response Body
[2024-12-10T06:51:16.853Z] Error reading register 6507 for IP 10.30.4.128: A Modbus Exception Occurred - See Response Body
[2024-12-10T06:51:16.854Z] Error reading actual data: A Modbus Exception Occurred - See Response Body
[2024-12-10T06:51:16.855Z] Error writing to Modbus register: A Modbus Exception Occurred - See Response Body
[2024-12-10T06:51:17.866Z] Error reading or processing Modbus registers: A Modbus Exception Occurred - See Response Body
[2024-12-10T06:51:17.869Z] Error reading register 6507 for IP 10.30.4.128: A Modbus Exception Occurred - See Response Body
[2024-12-10T06:51:17.869Z] Error reading actual data: A Modbus Exception Occurred - See Response Body
[2024-12-10T06:51:17.870Z] Error writing to Modbus register: A Modbus Exception Occurred - See Response Body
[2024-12-10T06:51:18.880Z] Error reading or processing Modbus registers: A Modbus Exception Occurred - See Response Body
[2024-12-10T06:51:18.883Z] Error reading register 6507 for IP 10.30.4.128: A Modbus Exception Occurred - See Response Body
[2024-12-10T06:51:18.883Z] Error reading actual data: A Modbus Exception Occurred - See Response Body
[2024-12-10T06:51:18.884Z] Error writing to Modbus register: A Modbus Exception Occurred - See Response Body
[2024-12-10T06:51:19.893Z] Error reading or processing Modbus registers: A Modbus Exception Occurred - See Response Body
[2024-12-10T06:51:19.895Z] Error reading register 6507 for IP 10.30.4.128: A Modbus Exception Occurred - See Response Body
[2024-12-10T06:51:19.896Z] Error reading actual data: A Modbus Exception Occurred - See Response Body
[2024-12-10T06:51:19.896Z] Error writing to Modbus register: A Modbus Exception Occurred - See Response Body
[2024-12-10T06:51:20.893Z] Error reading or processing Modbus registers: A Modbus Exception Occurred - See Response Body
[2024-12-10T06:51:20.895Z] Error reading register 6507 for IP 10.30.4.128: A Modbus Exception Occurred - See Response Body
[2024-12-10T06:51:20.896Z] Error reading actual data: A Modbus Exception Occurred - See Response Body
[2024-12-10T06:51:20.896Z] Error writing to Modbus register: A Modbus Exception Occurred - See Response Body
[2024-12-10T06:51:21.906Z] Error reading or processing Modbus registers: A Modbus Exception Occurred - See Response Body
[2024-12-10T06:51:21.909Z] Error reading register 6507 for IP 10.30.4.128: A Modbus Exception Occurred - See Response Body
[2024-12-10T06:51:21.910Z] Error reading actual data: A Modbus Exception Occurred - See Response Body
[2024-12-10T06:51:21.910Z] Error writing to Modbus register: A Modbus Exception Occurred - See Response Body
[2024-12-10T06:51:22.907Z] Error reading or processing Modbus registers: A Modbus Exception Occurred - See Response Body
[2024-12-10T06:51:22.910Z] Error reading register 6507 for IP 10.30.4.128: A Modbus Exception Occurred - See Response Body
[2024-12-10T06:51:22.910Z] Error reading actual data: A Modbus Exception Occurred - See Response Body
[2024-12-10T06:51:22.911Z] Error writing to Modbus register: A Modbus Exception Occurred - See Response Body
[2024-12-10T06:51:23.918Z] Error reading or processing Modbus registers: A Modbus Exception Occurred - See Response Body
[2024-12-10T06:51:23.921Z] Error reading register 6507 for IP 10.30.4.128: A Modbus Exception Occurred - See Response Body
[2024-12-10T06:51:23.921Z] Error reading actual data: A Modbus Exception Occurred - See Response Body
[2024-12-10T06:51:23.922Z] Error writing to Modbus register: A Modbus Exception Occurred - See Response Body
[2024-12-10T06:51:24.932Z] Error reading or processing Modbus registers: A Modbus Exception Occurred - See Response Body
[2024-12-10T06:51:24.935Z] Error reading register 6507 for IP 10.30.4.128: A Modbus Exception Occurred - See Response Body
[2024-12-10T06:51:24.936Z] Error reading actual data: A Modbus Exception Occurred - See Response Body
[2024-12-10T06:51:24.936Z] Error writing to Modbus register: A Modbus Exception Occurred - See Response Body
[2024-12-10T06:51:25.933Z] Error reading or processing Modbus registers: A Modbus Exception Occurred - See Response Body
[2024-12-10T06:51:25.936Z] Error reading register 6507 for IP 10.30.4.128: A Modbus Exception Occurred - See Response Body
[2024-12-10T06:51:25.937Z] Error reading actual data: A Modbus Exception Occurred - See Response Body
[2024-12-10T06:51:25.937Z] Error writing to Modbus register: A Modbus Exception Occurred - See Response Body
[2024-12-10T06:51:26.937Z] Error reading or processing Modbus registers: A Modbus Exception Occurred - See Response Body
[2024-12-10T06:51:26.940Z] Error reading register 6507 for IP 10.30.4.128: A Modbus Exception Occurred - See Response Body
[2024-12-10T06:51:26.941Z] Error reading actual data: A Modbus Exception Occurred - See Response Body
[2024-12-10T06:51:26.941Z] Error writing to Modbus register: A Modbus Exception Occurred - See Response Body
[2024-12-10T06:51:27.938Z] Error reading or processing Modbus registers: A Modbus Exception Occurred - See Response Body
[2024-12-10T06:51:27.940Z] Error reading register 6507 for IP 10.30.4.128: A Modbus Exception Occurred - See Response Body
[2024-12-10T06:51:27.941Z] Error reading actual data: A Modbus Exception Occurred - See Response Body
[2024-12-10T06:51:27.942Z] Error writing to Modbus register: A Modbus Exception Occurred - See Response Body
[2024-12-10T06:51:28.951Z] Error reading or processing Modbus registers: A Modbus Exception Occurred - See Response Body
[2024-12-10T06:51:28.953Z] Error reading register 6507 for IP 10.30.4.128: A Modbus Exception Occurred - See Response Body
[2024-12-10T06:51:28.954Z] Error reading actual data: A Modbus Exception Occurred - See Response Body
[2024-12-10T06:51:28.955Z] Error writing to Modbus register: A Modbus Exception Occurred - See Response Body
[2024-12-10T06:51:29.963Z] Error reading or processing Modbus registers: A Modbus Exception Occurred - See Response Body
[2024-12-10T06:51:29.965Z] Error reading register 6507 for IP 10.30.4.128: A Modbus Exception Occurred - See Response Body
[2024-12-10T06:51:29.966Z] Error reading actual data: A Modbus Exception Occurred - See Response Body
[2024-12-10T06:51:29.967Z] Error writing to Modbus register: A Modbus Exception Occurred - See Response Body
[2024-12-10T06:51:30.965Z] Error reading or processing Modbus registers: A Modbus Exception Occurred - See Response Body
[2024-12-10T06:51:30.967Z] Error reading register 6507 for IP 10.30.4.128: A Modbus Exception Occurred - See Response Body
[2024-12-10T06:51:30.968Z] Error reading actual data: A Modbus Exception Occurred - See Response Body
[2024-12-10T06:51:30.969Z] Error writing to Modbus register: A Modbus Exception Occurred - See Response Body
[2024-12-10T06:51:31.979Z] Error reading or processing Modbus registers: A Modbus Exception Occurred - See Response Body
[2024-12-10T06:51:31.981Z] Error reading register 6507 for IP 10.30.4.128: A Modbus Exception Occurred - See Response Body
[2024-12-10T06:51:31.982Z] Error reading actual data: A Modbus Exception Occurred - See Response Body
[2024-12-10T06:51:31.982Z] Error writing to Modbus register: A Modbus Exception Occurred - See Response Body
[2024-12-10T06:51:32.994Z] Error reading or processing Modbus registers: A Modbus Exception Occurred - See Response Body
[2024-12-10T06:51:32.996Z] Error reading register 6507 for IP 10.30.4.128: A Modbus Exception Occurred - See Response Body
[2024-12-10T06:51:33.000Z] Error reading actual data: A Modbus Exception Occurred - See Response Body
[2024-12-10T06:51:33.000Z] Error writing to Modbus register: A Modbus Exception Occurred - See Response Body
[2024-12-10T06:51:34.006Z] Error reading or processing Modbus registers: A Modbus Exception Occurred - See Response Body
[2024-12-10T06:51:34.008Z] Error reading register 6507 for IP 10.30.4.128: A Modbus Exception Occurred - See Response Body
[2024-12-10T06:51:34.009Z] Error reading actual data: A Modbus Exception Occurred - See Response Body
[2024-12-10T06:51:34.009Z] Error writing to Modbus register: A Modbus Exception Occurred - See Response Body
[2024-12-10T06:51:35.020Z] Error reading or processing Modbus registers: A Modbus Exception Occurred - See Response Body
[2024-12-10T06:51:35.023Z] Error reading register 6507 for IP 10.30.4.128: A Modbus Exception Occurred - See Response Body
[2024-12-10T06:51:35.023Z] Error reading actual data: A Modbus Exception Occurred - See Response Body
[2024-12-10T06:51:35.026Z] Error writing to Modbus register: A Modbus Exception Occurred - See Response Body
[2024-12-10T06:51:36.031Z] Error reading or processing Modbus registers: A Modbus Exception Occurred - See Response Body
[2024-12-10T06:51:36.033Z] Error reading register 6507 for IP 10.30.4.128: A Modbus Exception Occurred - See Response Body
[2024-12-10T06:51:36.034Z] Error reading actual data: A Modbus Exception Occurred - See Response Body
[2024-12-10T06:51:36.034Z] Error writing to Modbus register: A Modbus Exception Occurred - See Response Body
[2024-12-10T06:51:37.038Z] Error reading or processing Modbus registers: A Modbus Exception Occurred - See Response Body
[2024-12-10T06:51:37.040Z] Error reading register 6507 for IP 10.30.4.128: A Modbus Exception Occurred - See Response Body
[2024-12-10T06:51:37.041Z] Error reading actual data: A Modbus Exception Occurred - See Response Body
[2024-12-10T06:51:37.042Z] Error writing to Modbus register: A Modbus Exception Occurred - See Response Body
[2024-12-10T06:51:38.040Z] Error reading or processing Modbus registers: A Modbus Exception Occurred - See Response Body
[2024-12-10T06:51:38.042Z] Error reading register 6507 for IP 10.30.4.128: A Modbus Exception Occurred - See Response Body
[2024-12-10T06:51:38.043Z] Error reading actual data: A Modbus Exception Occurred - See Response Body
[2024-12-10T06:51:38.044Z] Error writing to Modbus register: A Modbus Exception Occurred - See Response Body
[2024-12-10T06:51:39.055Z] Error reading or processing Modbus registers: A Modbus Exception Occurred - See Response Body
[2024-12-10T06:51:39.057Z] Error reading register 6507 for IP 10.30.4.128: A Modbus Exception Occurred - See Response Body
[2024-12-10T06:51:39.058Z] Error reading actual data: A Modbus Exception Occurred - See Response Body
[2024-12-10T06:51:39.058Z] Error writing to Modbus register: A Modbus Exception Occurred - See Response Body
[2024-12-10T06:51:40.069Z] Error reading or processing Modbus registers: A Modbus Exception Occurred - See Response Body
[2024-12-10T06:51:40.071Z] Error reading register 6507 for IP 10.30.4.128: A Modbus Exception Occurred - See Response Body
[2024-12-10T06:51:40.072Z] Error reading actual data: A Modbus Exception Occurred - See Response Body
[2024-12-10T06:51:40.072Z] Error writing to Modbus register: A Modbus Exception Occurred - See Response Body
[2024-12-10T06:51:41.070Z] Error reading or processing Modbus registers: A Modbus Exception Occurred - See Response Body
[2024-12-10T06:51:41.072Z] Error reading register 6507 for IP 10.30.4.128: A Modbus Exception Occurred - See Response Body
[2024-12-10T06:51:41.073Z] Error reading actual data: A Modbus Exception Occurred - See Response Body
[2024-12-10T06:51:41.073Z] Error writing to Modbus register: A Modbus Exception Occurred - See Response Body
[2024-12-10T06:51:42.081Z] Error reading or processing Modbus registers: A Modbus Exception Occurred - See Response Body
[2024-12-10T06:51:42.083Z] Error reading register 6507 for IP 10.30.4.128: A Modbus Exception Occurred - See Response Body
[2024-12-10T06:51:42.084Z] Error reading actual data: A Modbus Exception Occurred - See Response Body
[2024-12-10T06:51:42.085Z] Error writing to Modbus register: A Modbus Exception Occurred - See Response Body
[2024-12-10T06:51:43.095Z] Error reading or processing Modbus registers: A Modbus Exception Occurred - See Response Body
[2024-12-10T06:51:43.097Z] Error reading register 6507 for IP 10.30.4.128: A Modbus Exception Occurred - See Response Body
[2024-12-10T06:51:43.098Z] Error reading actual data: A Modbus Exception Occurred - See Response Body
[2024-12-10T06:51:43.099Z] Error writing to Modbus register: A Modbus Exception Occurred - See Response Body
[2024-12-10T06:51:44.111Z] Error reading or processing Modbus registers: A Modbus Exception Occurred - See Response Body
[2024-12-10T06:51:44.113Z] Error reading register 6507 for IP 10.30.4.128: A Modbus Exception Occurred - See Response Body
[2024-12-10T06:51:44.114Z] Error reading actual data: A Modbus Exception Occurred - See Response Body
[2024-12-10T06:51:44.115Z] Error writing to Modbus register: A Modbus Exception Occurred - See Response Body
[2024-12-10T06:51:45.125Z] Error reading or processing Modbus registers: A Modbus Exception Occurred - See Response Body
[2024-12-10T06:51:45.127Z] Error reading register 6507 for IP 10.30.4.128: A Modbus Exception Occurred - See Response Body
[2024-12-10T06:51:45.128Z] Error reading actual data: A Modbus Exception Occurred - See Response Body
[2024-12-10T06:51:45.128Z] Error writing to Modbus register: A Modbus Exception Occurred - See Response Body
[2024-12-10T06:51:46.139Z] Error reading or processing Modbus registers: A Modbus Exception Occurred - See Response Body
[2024-12-10T06:51:46.142Z] Error reading register 6507 for IP 10.30.4.128: A Modbus Exception Occurred - See Response Body
[2024-12-10T06:51:46.143Z] Error reading actual data: A Modbus Exception Occurred - See Response Body
[2024-12-10T06:51:46.143Z] Error writing to Modbus register: A Modbus Exception Occurred - See Response Body
[2024-12-10T06:51:47.153Z] Error reading or processing Modbus registers: A Modbus Exception Occurred - See Response Body
[2024-12-10T06:51:47.155Z] Error reading register 6507 for IP 10.30.4.128: A Modbus Exception Occurred - See Response Body
[2024-12-10T06:51:47.156Z] Error reading actual data: A Modbus Exception Occurred - See Response Body
[2024-12-10T06:51:47.157Z] Error writing to Modbus register: A Modbus Exception Occurred - See Response Body
[2024-12-10T06:51:48.153Z] Error reading or processing Modbus registers: A Modbus Exception Occurred - See Response Body
[2024-12-10T06:51:48.156Z] Error reading register 6507 for IP 10.30.4.128: A Modbus Exception Occurred - See Response Body
[2024-12-10T06:51:48.156Z] Error reading actual data: A Modbus Exception Occurred - See Response Body
[2024-12-10T06:51:48.157Z] Error writing to Modbus register: A Modbus Exception Occurred - See Response Body
[2024-12-10T06:51:49.165Z] Error reading or processing Modbus registers: A Modbus Exception Occurred - See Response Body
[2024-12-10T06:51:49.167Z] Error reading register 6507 for IP 10.30.4.128: A Modbus Exception Occurred - See Response Body
[2024-12-10T06:51:49.168Z] Error reading actual data: A Modbus Exception Occurred - See Response Body
[2024-12-10T06:51:49.169Z] Error writing to Modbus register: A Modbus Exception Occurred - See Response Body
[2024-12-10T06:51:50.166Z] Error reading or processing Modbus registers: A Modbus Exception Occurred - See Response Body
[2024-12-10T06:51:50.169Z] Error reading register 6507 for IP 10.30.4.128: A Modbus Exception Occurred - See Response Body
[2024-12-10T06:51:50.170Z] Error reading actual data: A Modbus Exception Occurred - See Response Body
[2024-12-10T06:51:50.171Z] Error writing to Modbus register: A Modbus Exception Occurred - See Response Body
[2024-12-10T06:51:51.179Z] Error reading or processing Modbus registers: A Modbus Exception Occurred - See Response Body
[2024-12-10T06:51:51.182Z] Error reading register 6507 for IP 10.30.4.128: A Modbus Exception Occurred - See Response Body
[2024-12-10T06:51:51.182Z] Error reading actual data: A Modbus Exception Occurred - See Response Body
[2024-12-10T06:51:51.183Z] Error writing to Modbus register: A Modbus Exception Occurred - See Response Body
[2024-12-10T06:51:52.181Z] Error reading or processing Modbus registers: A Modbus Exception Occurred - See Response Body
[2024-12-10T06:51:52.184Z] Error reading register 6507 for IP 10.30.4.128: A Modbus Exception Occurred - See Response Body
[2024-12-10T06:51:52.184Z] Error reading actual data: A Modbus Exception Occurred - See Response Body
[2024-12-10T06:51:52.185Z] Error writing to Modbus register: A Modbus Exception Occurred - See Response Body
[2024-12-10T06:51:53.196Z] Error reading or processing Modbus registers: A Modbus Exception Occurred - See Response Body
[2024-12-10T06:51:53.198Z] Error reading register 6507 for IP 10.30.4.128: A Modbus Exception Occurred - See Response Body
[2024-12-10T06:51:53.199Z] Error reading actual data: A Modbus Exception Occurred - See Response Body
[2024-12-10T06:51:53.199Z] Error writing to Modbus register: A Modbus Exception Occurred - See Response Body
[2024-12-10T06:51:54.210Z] Error reading or processing Modbus registers: A Modbus Exception Occurred - See Response Body
[2024-12-10T06:51:54.212Z] Error reading register 6507 for IP 10.30.4.128: A Modbus Exception Occurred - See Response Body
[2024-12-10T06:51:54.213Z] Error reading actual data: A Modbus Exception Occurred - See Response Body
[2024-12-10T06:51:54.213Z] Error writing to Modbus register: A Modbus Exception Occurred - See Response Body
[2024-12-10T06:51:55.212Z] Error reading or processing Modbus registers: A Modbus Exception Occurred - See Response Body
[2024-12-10T06:51:55.215Z] Error reading register 6507 for IP 10.30.4.128: A Modbus Exception Occurred - See Response Body
[2024-12-10T06:51:55.215Z] Error reading actual data: A Modbus Exception Occurred - See Response Body
[2024-12-10T06:51:55.216Z] Error writing to Modbus register: A Modbus Exception Occurred - See Response Body
[2024-12-10T06:51:56.225Z] Error reading or processing Modbus registers: A Modbus Exception Occurred - See Response Body
[2024-12-10T06:51:56.227Z] Error reading register 6507 for IP 10.30.4.128: A Modbus Exception Occurred - See Response Body
[2024-12-10T06:51:56.228Z] Error reading actual data: A Modbus Exception Occurred - See Response Body
[2024-12-10T06:51:56.228Z] Error writing to Modbus register: A Modbus Exception Occurred - See Response Body
[2024-12-10T06:51:57.225Z] Error reading or processing Modbus registers: A Modbus Exception Occurred - See Response Body
[2024-12-10T06:51:57.227Z] Error reading register 6507 for IP 10.30.4.128: A Modbus Exception Occurred - See Response Body
[2024-12-10T06:51:57.227Z] Error reading actual data: A Modbus Exception Occurred - See Response Body
[2024-12-10T06:51:57.228Z] Error writing to Modbus register: A Modbus Exception Occurred - See Response Body
[2024-12-10T06:51:58.238Z] Error reading or processing Modbus registers: A Modbus Exception Occurred - See Response Body
[2024-12-10T06:51:58.240Z] Error reading register 6507 for IP 10.30.4.128: A Modbus Exception Occurred - See Response Body
[2024-12-10T06:51:58.241Z] Error reading actual data: A Modbus Exception Occurred - See Response Body
[2024-12-10T06:51:58.241Z] Error writing to Modbus register: A Modbus Exception Occurred - See Response Body
[2024-12-10T06:51:59.253Z] Error reading or processing Modbus registers: A Modbus Exception Occurred - See Response Body
[2024-12-10T06:51:59.256Z] Error reading register 6507 for IP 10.30.4.128: A Modbus Exception Occurred - See Response Body
[2024-12-10T06:51:59.257Z] Error reading actual data: A Modbus Exception Occurred - See Response Body
[2024-12-10T06:51:59.257Z] Error writing to Modbus register: A Modbus Exception Occurred - See Response Body
[2024-12-10T06:52:00.254Z] Error reading or processing Modbus registers: A Modbus Exception Occurred - See Response Body
[2024-12-10T06:52:00.257Z] Error reading register 6507 for IP 10.30.4.128: A Modbus Exception Occurred - See Response Body
[2024-12-10T06:52:00.257Z] Error reading actual data: A Modbus Exception Occurred - See Response Body
[2024-12-10T06:52:00.258Z] Error writing to Modbus register: A Modbus Exception Occurred - See Response Body
[2024-12-10T06:52:01.269Z] Error reading or processing Modbus registers: A Modbus Exception Occurred - See Response Body
[2024-12-10T06:52:01.272Z] Error reading register 6507 for IP 10.30.4.128: A Modbus Exception Occurred - See Response Body
[2024-12-10T06:52:01.273Z] Error reading actual data: A Modbus Exception Occurred - See Response Body
[2024-12-10T06:52:01.274Z] Error writing to Modbus register: A Modbus Exception Occurred - See Response Body
[2024-12-10T06:52:02.282Z] Error reading or processing Modbus registers: A Modbus Exception Occurred - See Response Body
[2024-12-10T06:52:02.284Z] Error reading register 6507 for IP 10.30.4.128: A Modbus Exception Occurred - See Response Body
[2024-12-10T06:52:02.285Z] Error reading actual data: A Modbus Exception Occurred - See Response Body
[2024-12-10T06:52:02.285Z] Error writing to Modbus register: A Modbus Exception Occurred - See Response Body
[2024-12-10T06:52:03.295Z] Error reading or processing Modbus registers: A Modbus Exception Occurred - See Response Body
[2024-12-10T06:52:03.297Z] Error reading register 6507 for IP 10.30.4.128: A Modbus Exception Occurred - See Response Body
[2024-12-10T06:52:03.298Z] Error reading actual data: A Modbus Exception Occurred - See Response Body
[2024-12-10T06:52:03.298Z] Error writing to Modbus register: A Modbus Exception Occurred - See Response Body
[2024-12-10T06:52:04.309Z] Error reading or processing Modbus registers: A Modbus Exception Occurred - See Response Body
[2024-12-10T06:52:04.311Z] Error reading register 6507 for IP 10.30.4.128: A Modbus Exception Occurred - See Response Body
[2024-12-10T06:52:04.312Z] Error reading actual data: A Modbus Exception Occurred - See Response Body
[2024-12-10T06:52:04.313Z] Error writing to Modbus register: A Modbus Exception Occurred - See Response Body
[2024-12-10T06:52:05.323Z] Error reading or processing Modbus registers: A Modbus Exception Occurred - See Response Body
[2024-12-10T06:52:05.325Z] Error reading register 6507 for IP 10.30.4.128: A Modbus Exception Occurred - See Response Body
[2024-12-10T06:52:05.326Z] Error reading actual data: A Modbus Exception Occurred - See Response Body
[2024-12-10T06:52:05.327Z] Error writing to Modbus register: A Modbus Exception Occurred - See Response Body
[2024-12-10T06:52:06.324Z] Error reading or processing Modbus registers: A Modbus Exception Occurred - See Response Body
[2024-12-10T06:52:06.326Z] Error reading register 6507 for IP 10.30.4.128: A Modbus Exception Occurred - See Response Body
[2024-12-10T06:52:06.327Z] Error reading actual data: A Modbus Exception Occurred - See Response Body
[2024-12-10T06:52:06.328Z] Error writing to Modbus register: A Modbus Exception Occurred - See Response Body
[2024-12-10T06:52:07.327Z] Error reading or processing Modbus registers: A Modbus Exception Occurred - See Response Body
[2024-12-10T06:52:07.330Z] Error reading register 6507 for IP 10.30.4.128: A Modbus Exception Occurred - See Response Body
[2024-12-10T06:52:07.330Z] Error reading actual data: A Modbus Exception Occurred - See Response Body
[2024-12-10T06:52:07.331Z] Error writing to Modbus register: A Modbus Exception Occurred - See Response Body
[2024-12-10T06:52:08.327Z] Error reading or processing Modbus registers: A Modbus Exception Occurred - See Response Body
[2024-12-10T06:52:08.330Z] Error reading register 6507 for IP 10.30.4.128: A Modbus Exception Occurred - See Response Body
[2024-12-10T06:52:08.330Z] Error reading actual data: A Modbus Exception Occurred - See Response Body
[2024-12-10T06:52:08.331Z] Error writing to Modbus register: A Modbus Exception Occurred - See Response Body
[2024-12-10T06:52:09.330Z] Error reading or processing Modbus registers: A Modbus Exception Occurred - See Response Body
[2024-12-10T06:52:09.333Z] Error reading register 6507 for IP 10.30.4.128: A Modbus Exception Occurred - See Response Body
[2024-12-10T06:52:09.334Z] Error reading actual data: A Modbus Exception Occurred - See Response Body
[2024-12-10T06:52:09.334Z] Error writing to Modbus register: A Modbus Exception Occurred - See Response Body
[2024-12-10T06:52:10.331Z] Error reading or processing Modbus registers: A Modbus Exception Occurred - See Response Body
[2024-12-10T06:52:10.334Z] Error reading register 6507 for IP 10.30.4.128: A Modbus Exception Occurred - See Response Body
[2024-12-10T06:52:10.334Z] Error reading actual data: A Modbus Exception Occurred - See Response Body
[2024-12-10T06:52:10.335Z] Error writing to Modbus register: A Modbus Exception Occurred - See Response Body
[2024-12-10T06:52:11.344Z] Error reading or processing Modbus registers: A Modbus Exception Occurred - See Response Body
[2024-12-10T06:52:11.347Z] Error reading register 6507 for IP 10.30.4.128: A Modbus Exception Occurred - See Response Body
[2024-12-10T06:52:11.348Z] Error reading actual data: A Modbus Exception Occurred - See Response Body
[2024-12-10T06:52:11.348Z] Error writing to Modbus register: A Modbus Exception Occurred - See Response Body
[2024-12-10T06:52:12.348Z] Error reading or processing Modbus registers: A Modbus Exception Occurred - See Response Body
[2024-12-10T06:52:12.351Z] Error reading register 6507 for IP 10.30.4.128: A Modbus Exception Occurred - See Response Body
[2024-12-10T06:52:12.352Z] Error reading actual data: A Modbus Exception Occurred - See Response Body
[2024-12-10T06:52:12.352Z] Error writing to Modbus register: A Modbus Exception Occurred - See Response Body
[2024-12-10T06:52:13.361Z] Error reading or processing Modbus registers: A Modbus Exception Occurred - See Response Body
[2024-12-10T06:52:13.364Z] Error reading register 6507 for IP 10.30.4.128: A Modbus Exception Occurred - See Response Body
[2024-12-10T06:52:13.365Z] Error reading actual data: A Modbus Exception Occurred - See Response Body
[2024-12-10T06:52:13.366Z] Error writing to Modbus register: A Modbus Exception Occurred - See Response Body
[2024-12-10T06:52:14.374Z] Error reading or processing Modbus registers: A Modbus Exception Occurred - See Response Body
[2024-12-10T06:52:14.377Z] Error reading register 6507 for IP 10.30.4.128: A Modbus Exception Occurred - See Response Body
[2024-12-10T06:52:14.377Z] Error reading actual data: A Modbus Exception Occurred - See Response Body
[2024-12-10T06:52:14.378Z] Error writing to Modbus register: A Modbus Exception Occurred - See Response Body
[2024-12-10T06:52:15.389Z] Error reading or processing Modbus registers: A Modbus Exception Occurred - See Response Body
[2024-12-10T06:52:15.392Z] Error reading register 6507 for IP 10.30.4.128: A Modbus Exception Occurred - See Response Body
[2024-12-10T06:52:15.392Z] Error reading actual data: A Modbus Exception Occurred - See Response Body
[2024-12-10T06:52:15.393Z] Error writing to Modbus register: A Modbus Exception Occurred - See Response Body
[2024-12-10T06:52:16.401Z] Error reading or processing Modbus registers: A Modbus Exception Occurred - See Response Body
[2024-12-10T06:52:16.403Z] Error reading register 6507 for IP 10.30.4.128: A Modbus Exception Occurred - See Response Body
[2024-12-10T06:52:16.404Z] Error reading actual data: A Modbus Exception Occurred - See Response Body
[2024-12-10T06:52:16.404Z] Error writing to Modbus register: A Modbus Exception Occurred - See Response Body
[2024-12-10T06:52:17.415Z] Error reading or processing Modbus registers: A Modbus Exception Occurred - See Response Body
[2024-12-10T06:52:17.417Z] Error reading register 6507 for IP 10.30.4.128: A Modbus Exception Occurred - See Response Body
[2024-12-10T06:52:17.418Z] Error reading actual data: A Modbus Exception Occurred - See Response Body
[2024-12-10T06:52:17.418Z] Error writing to Modbus register: A Modbus Exception Occurred - See Response Body
[2024-12-10T06:52:18.431Z] Error reading or processing Modbus registers: A Modbus Exception Occurred - See Response Body
[2024-12-10T06:52:18.433Z] Error reading register 6507 for IP 10.30.4.128: A Modbus Exception Occurred - See Response Body
[2024-12-10T06:52:18.434Z] Error reading actual data: A Modbus Exception Occurred - See Response Body
[2024-12-10T06:52:18.434Z] Error writing to Modbus register: A Modbus Exception Occurred - See Response Body
[2024-12-10T06:52:19.444Z] Error reading or processing Modbus registers: A Modbus Exception Occurred - See Response Body
[2024-12-10T06:52:19.447Z] Error reading register 6507 for IP 10.30.4.128: A Modbus Exception Occurred - See Response Body
[2024-12-10T06:52:19.447Z] Error reading actual data: A Modbus Exception Occurred - See Response Body
[2024-12-10T06:52:19.448Z] Error writing to Modbus register: A Modbus Exception Occurred - See Response Body
[2024-12-10T06:52:20.451Z] Error reading or processing Modbus registers: A Modbus Exception Occurred - See Response Body
[2024-12-10T06:52:20.453Z] Error reading register 6507 for IP 10.30.4.128: A Modbus Exception Occurred - See Response Body
[2024-12-10T06:52:20.454Z] Error reading actual data: A Modbus Exception Occurred - See Response Body
[2024-12-10T06:52:20.454Z] Error writing to Modbus register: A Modbus Exception Occurred - See Response Body
[2024-12-10T06:52:21.452Z] Error reading or processing Modbus registers: A Modbus Exception Occurred - See Response Body
[2024-12-10T06:52:21.454Z] Error reading register 6507 for IP 10.30.4.128: A Modbus Exception Occurred - See Response Body
[2024-12-10T06:52:21.455Z] Error reading actual data: A Modbus Exception Occurred - See Response Body
[2024-12-10T06:52:21.455Z] Error writing to Modbus register: A Modbus Exception Occurred - See Response Body
[2024-12-10T06:52:22.465Z] Error reading or processing Modbus registers: A Modbus Exception Occurred - See Response Body
[2024-12-10T06:52:22.467Z] Error reading register 6507 for IP 10.30.4.128: A Modbus Exception Occurred - See Response Body
[2024-12-10T06:52:22.469Z] Error reading actual data: A Modbus Exception Occurred - See Response Body
[2024-12-10T06:52:22.469Z] Error writing to Modbus register: A Modbus Exception Occurred - See Response Body
[2024-12-10T06:52:23.480Z] Error reading or processing Modbus registers: A Modbus Exception Occurred - See Response Body
[2024-12-10T06:52:23.482Z] Error reading register 6507 for IP 10.30.4.128: A Modbus Exception Occurred - See Response Body
[2024-12-10T06:52:23.482Z] Error reading actual data: A Modbus Exception Occurred - See Response Body
[2024-12-10T06:52:23.483Z] Error writing to Modbus register: A Modbus Exception Occurred - See Response Body
[2024-12-10T06:52:24.493Z] Error reading or processing Modbus registers: A Modbus Exception Occurred - See Response Body
[2024-12-10T06:52:24.495Z] Error reading register 6507 for IP 10.30.4.128: A Modbus Exception Occurred - See Response Body
[2024-12-10T06:52:24.496Z] Error reading actual data: A Modbus Exception Occurred - See Response Body
[2024-12-10T06:52:24.497Z] Error writing to Modbus register: A Modbus Exception Occurred - See Response Body
[2024-12-10T06:52:25.506Z] Error reading or processing Modbus registers: A Modbus Exception Occurred - See Response Body
[2024-12-10T06:52:25.509Z] Error reading register 6507 for IP 10.30.4.128: A Modbus Exception Occurred - See Response Body
[2024-12-10T06:52:25.509Z] Error reading actual data: A Modbus Exception Occurred - See Response Body
[2024-12-10T06:52:25.510Z] Error writing to Modbus register: A Modbus Exception Occurred - See Response Body
[2024-12-10T06:52:26.520Z] Error reading or processing Modbus registers: A Modbus Exception Occurred - See Response Body
[2024-12-10T06:52:26.524Z] Error reading register 6507 for IP 10.30.4.128: A Modbus Exception Occurred - See Response Body
[2024-12-10T06:52:26.525Z] Error reading actual data: A Modbus Exception Occurred - See Response Body
[2024-12-10T06:52:26.525Z] Error writing to Modbus register: A Modbus Exception Occurred - See Response Body
[2024-12-10T06:52:27.522Z] Error reading or processing Modbus registers: A Modbus Exception Occurred - See Response Body
[2024-12-10T06:52:27.525Z] Error reading register 6507 for IP 10.30.4.128: A Modbus Exception Occurred - See Response Body
[2024-12-10T06:52:27.525Z] Error reading actual data: A Modbus Exception Occurred - See Response Body
[2024-12-10T06:52:27.526Z] Error writing to Modbus register: A Modbus Exception Occurred - See Response Body
[2024-12-10T06:52:28.526Z] Error reading or processing Modbus registers: A Modbus Exception Occurred - See Response Body
[2024-12-10T06:52:28.529Z] Error reading register 6507 for IP 10.30.4.128: A Modbus Exception Occurred - See Response Body
[2024-12-10T06:52:28.530Z] Error reading actual data: A Modbus Exception Occurred - See Response Body
[2024-12-10T06:52:28.530Z] Error writing to Modbus register: A Modbus Exception Occurred - See Response Body
[2024-12-10T06:52:29.527Z] Error reading or processing Modbus registers: A Modbus Exception Occurred - See Response Body
[2024-12-10T06:52:29.529Z] Error reading register 6507 for IP 10.30.4.128: A Modbus Exception Occurred - See Response Body
[2024-12-10T06:52:29.531Z] Error reading actual data: A Modbus Exception Occurred - See Response Body
[2024-12-10T06:52:29.531Z] Error writing to Modbus register: A Modbus Exception Occurred - See Response Body
[2024-12-10T06:52:30.540Z] Error reading or processing Modbus registers: A Modbus Exception Occurred - See Response Body
[2024-12-10T06:52:30.543Z] Error reading register 6507 for IP 10.30.4.128: A Modbus Exception Occurred - See Response Body
[2024-12-10T06:52:30.544Z] Error reading actual data: A Modbus Exception Occurred - See Response Body
[2024-12-10T06:52:30.544Z] Error writing to Modbus register: A Modbus Exception Occurred - See Response Body
[2024-12-10T06:52:31.542Z] Error reading or processing Modbus registers: A Modbus Exception Occurred - See Response Body
[2024-12-10T06:52:31.545Z] Error reading register 6507 for IP 10.30.4.128: A Modbus Exception Occurred - See Response Body
[2024-12-10T06:52:31.545Z] Error reading actual data: A Modbus Exception Occurred - See Response Body
[2024-12-10T06:52:31.546Z] Error writing to Modbus register: A Modbus Exception Occurred - See Response Body
[2024-12-10T06:52:32.555Z] Error reading or processing Modbus registers: A Modbus Exception Occurred - See Response Body
[2024-12-10T06:52:32.558Z] Error reading register 6507 for IP 10.30.4.128: A Modbus Exception Occurred - See Response Body
[2024-12-10T06:52:32.558Z] Error reading actual data: A Modbus Exception Occurred - See Response Body
[2024-12-10T06:52:32.559Z] Error writing to Modbus register: A Modbus Exception Occurred - See Response Body
[2024-12-10T06:52:33.568Z] Error reading or processing Modbus registers: A Modbus Exception Occurred - See Response Body
[2024-12-10T06:52:33.571Z] Error reading register 6507 for IP 10.30.4.128: A Modbus Exception Occurred - See Response Body
[2024-12-10T06:52:33.571Z] Error reading actual data: A Modbus Exception Occurred - See Response Body
[2024-12-10T06:52:33.572Z] Error writing to Modbus register: A Modbus Exception Occurred - See Response Body
[2024-12-10T06:52:34.583Z] Error reading or processing Modbus registers: A Modbus Exception Occurred - See Response Body
[2024-12-10T06:52:34.586Z] Error reading register 6507 for IP 10.30.4.128: A Modbus Exception Occurred - See Response Body
[2024-12-10T06:52:34.590Z] Error reading actual data: A Modbus Exception Occurred - See Response Body
[2024-12-10T06:52:34.590Z] Error writing to Modbus register: A Modbus Exception Occurred - See Response Body
[2024-12-10T06:52:35.595Z] Error reading or processing Modbus registers: A Modbus Exception Occurred - See Response Body
[2024-12-10T06:52:35.597Z] Error reading register 6507 for IP 10.30.4.128: A Modbus Exception Occurred - See Response Body
[2024-12-10T06:52:35.598Z] Error reading actual data: A Modbus Exception Occurred - See Response Body
[2024-12-10T06:52:35.599Z] Error writing to Modbus register: A Modbus Exception Occurred - See Response Body
[2024-12-10T06:52:36.595Z] Error reading or processing Modbus registers: A Modbus Exception Occurred - See Response Body
[2024-12-10T06:52:36.598Z] Error reading register 6507 for IP 10.30.4.128: A Modbus Exception Occurred - See Response Body
[2024-12-10T06:52:36.598Z] Error reading actual data: A Modbus Exception Occurred - See Response Body
[2024-12-10T06:52:36.599Z] Error writing to Modbus register: A Modbus Exception Occurred - See Response Body
[2024-12-10T06:52:37.609Z] Error reading or processing Modbus registers: A Modbus Exception Occurred - See Response Body
[2024-12-10T06:52:37.611Z] Error reading register 6507 for IP 10.30.4.128: A Modbus Exception Occurred - See Response Body
[2024-12-10T06:52:37.612Z] Error reading actual data: A Modbus Exception Occurred - See Response Body
[2024-12-10T06:52:37.612Z] Error writing to Modbus register: A Modbus Exception Occurred - See Response Body
[2024-12-10T06:52:38.624Z] Error reading or processing Modbus registers: A Modbus Exception Occurred - See Response Body
[2024-12-10T06:52:38.626Z] Error reading register 6507 for IP 10.30.4.128: A Modbus Exception Occurred - See Response Body
[2024-12-10T06:52:38.627Z] Error reading actual data: A Modbus Exception Occurred - See Response Body
[2024-12-10T06:52:38.628Z] Error writing to Modbus register: A Modbus Exception Occurred - See Response Body
[2024-12-10T06:52:39.639Z] Error reading or processing Modbus registers: A Modbus Exception Occurred - See Response Body
[2024-12-10T06:52:39.641Z] Error reading register 6507 for IP 10.30.4.128: A Modbus Exception Occurred - See Response Body
[2024-12-10T06:52:39.641Z] Error reading actual data: A Modbus Exception Occurred - See Response Body
[2024-12-10T06:52:39.642Z] Error writing to Modbus register: A Modbus Exception Occurred - See Response Body
[2024-12-10T06:52:40.640Z] Error reading or processing Modbus registers: A Modbus Exception Occurred - See Response Body
[2024-12-10T06:52:40.642Z] Error reading register 6507 for IP 10.30.4.128: A Modbus Exception Occurred - See Response Body
[2024-12-10T06:52:40.643Z] Error reading actual data: A Modbus Exception Occurred - See Response Body
[2024-12-10T06:52:40.643Z] Error writing to Modbus register: A Modbus Exception Occurred - See Response Body
[2024-12-10T06:52:41.652Z] Error reading or processing Modbus registers: A Modbus Exception Occurred - See Response Body
[2024-12-10T06:52:41.655Z] Error reading register 6507 for IP 10.30.4.128: A Modbus Exception Occurred - See Response Body
[2024-12-10T06:52:41.655Z] Error reading actual data: A Modbus Exception Occurred - See Response Body
[2024-12-10T06:52:41.656Z] Error writing to Modbus register: A Modbus Exception Occurred - See Response Body
[2024-12-10T06:52:42.667Z] Error reading or processing Modbus registers: A Modbus Exception Occurred - See Response Body
[2024-12-10T06:52:42.669Z] Error reading register 6507 for IP 10.30.4.128: A Modbus Exception Occurred - See Response Body
[2024-12-10T06:52:42.670Z] Error reading actual data: A Modbus Exception Occurred - See Response Body
[2024-12-10T06:52:42.671Z] Error writing to Modbus register: A Modbus Exception Occurred - See Response Body
[2024-12-10T06:52:43.683Z] Error reading or processing Modbus registers: A Modbus Exception Occurred - See Response Body
[2024-12-10T06:52:43.686Z] Error reading register 6507 for IP 10.30.4.128: A Modbus Exception Occurred - See Response Body
[2024-12-10T06:52:43.687Z] Error reading actual data: A Modbus Exception Occurred - See Response Body
[2024-12-10T06:52:43.687Z] Error writing to Modbus register: A Modbus Exception Occurred - See Response Body
[2024-12-10T06:52:44.686Z] Error reading or processing Modbus registers: A Modbus Exception Occurred - See Response Body
[2024-12-10T06:52:44.688Z] Error reading register 6507 for IP 10.30.4.128: A Modbus Exception Occurred - See Response Body
[2024-12-10T06:52:44.689Z] Error reading actual data: A Modbus Exception Occurred - See Response Body
[2024-12-10T06:52:44.690Z] Error writing to Modbus register: A Modbus Exception Occurred - See Response Body
[2024-12-10T06:52:45.686Z] Error reading or processing Modbus registers: A Modbus Exception Occurred - See Response Body
[2024-12-10T06:52:45.689Z] Error reading register 6507 for IP 10.30.4.128: A Modbus Exception Occurred - See Response Body
[2024-12-10T06:52:45.690Z] Error reading actual data: A Modbus Exception Occurred - See Response Body
[2024-12-10T06:52:45.690Z] Error writing to Modbus register: A Modbus Exception Occurred - See Response Body
[2024-12-10T06:52:46.700Z] Error reading or processing Modbus registers: A Modbus Exception Occurred - See Response Body
[2024-12-10T06:52:46.702Z] Error reading register 6507 for IP 10.30.4.128: A Modbus Exception Occurred - See Response Body
[2024-12-10T06:52:46.703Z] Error reading actual data: A Modbus Exception Occurred - See Response Body
[2024-12-10T06:52:46.704Z] Error writing to Modbus register: A Modbus Exception Occurred - See Response Body
[2024-12-10T06:52:47.702Z] Error reading or processing Modbus registers: A Modbus Exception Occurred - See Response Body
[2024-12-10T06:52:47.704Z] Error reading register 6507 for IP 10.30.4.128: A Modbus Exception Occurred - See Response Body
[2024-12-10T06:52:47.705Z] Error reading actual data: A Modbus Exception Occurred - See Response Body
[2024-12-10T06:52:47.706Z] Error writing to Modbus register: A Modbus Exception Occurred - See Response Body
[2024-12-10T06:52:48.715Z] Error reading or processing Modbus registers: A Modbus Exception Occurred - See Response Body
[2024-12-10T06:52:48.718Z] Error reading register 6507 for IP 10.30.4.128: A Modbus Exception Occurred - See Response Body
[2024-12-10T06:52:48.719Z] Error reading actual data: A Modbus Exception Occurred - See Response Body
[2024-12-10T06:52:48.720Z] Error writing to Modbus register: A Modbus Exception Occurred - See Response Body
[2024-12-10T06:52:49.726Z] Error reading or processing Modbus registers: A Modbus Exception Occurred - See Response Body
[2024-12-10T06:52:49.728Z] Error reading register 6507 for IP 10.30.4.128: A Modbus Exception Occurred - See Response Body
[2024-12-10T06:52:49.729Z] Error reading actual data: A Modbus Exception Occurred - See Response Body
[2024-12-10T06:52:49.730Z] Error writing to Modbus register: A Modbus Exception Occurred - See Response Body
[2024-12-10T06:52:50.740Z] Error reading or processing Modbus registers: A Modbus Exception Occurred - See Response Body
[2024-12-10T06:52:50.743Z] Error reading register 6507 for IP 10.30.4.128: A Modbus Exception Occurred - See Response Body
[2024-12-10T06:52:50.743Z] Error reading actual data: A Modbus Exception Occurred - See Response Body
[2024-12-10T06:52:50.744Z] Error writing to Modbus register: A Modbus Exception Occurred - See Response Body
[2024-12-10T06:52:51.755Z] Error reading or processing Modbus registers: A Modbus Exception Occurred - See Response Body
[2024-12-10T06:52:51.758Z] Error reading register 6507 for IP 10.30.4.128: A Modbus Exception Occurred - See Response Body
[2024-12-10T06:52:51.758Z] Error reading actual data: A Modbus Exception Occurred - See Response Body
[2024-12-10T06:52:51.759Z] Error writing to Modbus register: A Modbus Exception Occurred - See Response Body
[2024-12-10T06:52:52.758Z] Error reading or processing Modbus registers: A Modbus Exception Occurred - See Response Body
[2024-12-10T06:52:52.761Z] Error reading register 6507 for IP 10.30.4.128: A Modbus Exception Occurred - See Response Body
[2024-12-10T06:52:52.761Z] Error reading actual data: A Modbus Exception Occurred - See Response Body
[2024-12-10T06:52:52.762Z] Error writing to Modbus register: A Modbus Exception Occurred - See Response Body
[2024-12-10T06:52:53.770Z] Error reading or processing Modbus registers: A Modbus Exception Occurred - See Response Body
[2024-12-10T06:52:53.772Z] Error reading register 6507 for IP 10.30.4.128: A Modbus Exception Occurred - See Response Body
[2024-12-10T06:52:53.773Z] Error reading actual data: A Modbus Exception Occurred - See Response Body
[2024-12-10T06:52:53.774Z] Error writing to Modbus register: A Modbus Exception Occurred - See Response Body
[2024-12-10T06:52:54.772Z] Error reading or processing Modbus registers: A Modbus Exception Occurred - See Response Body
[2024-12-10T06:52:54.774Z] Error reading register 6507 for IP 10.30.4.128: A Modbus Exception Occurred - See Response Body
[2024-12-10T06:52:54.775Z] Error reading actual data: A Modbus Exception Occurred - See Response Body
[2024-12-10T06:52:54.776Z] Error writing to Modbus register: A Modbus Exception Occurred - See Response Body
[2024-12-10T06:52:55.785Z] Error reading or processing Modbus registers: A Modbus Exception Occurred - See Response Body
[2024-12-10T06:52:55.788Z] Error reading register 6507 for IP 10.30.4.128: A Modbus Exception Occurred - See Response Body
[2024-12-10T06:52:55.789Z] Error reading actual data: A Modbus Exception Occurred - See Response Body
[2024-12-10T06:52:55.789Z] Error writing to Modbus register: A Modbus Exception Occurred - See Response Body
[2024-12-10T06:52:56.797Z] Error reading or processing Modbus registers: A Modbus Exception Occurred - See Response Body
[2024-12-10T06:52:56.800Z] Error reading register 6507 for IP 10.30.4.128: A Modbus Exception Occurred - See Response Body
[2024-12-10T06:52:56.800Z] Error reading actual data: A Modbus Exception Occurred - See Response Body
[2024-12-10T06:52:56.801Z] Error writing to Modbus register: A Modbus Exception Occurred - See Response Body
[2024-12-10T06:52:57.802Z] Error reading or processing Modbus registers: A Modbus Exception Occurred - See Response Body
[2024-12-10T06:52:57.804Z] Error reading register 6507 for IP 10.30.4.128: A Modbus Exception Occurred - See Response Body
[2024-12-10T06:52:57.805Z] Error reading actual data: A Modbus Exception Occurred - See Response Body
[2024-12-10T06:52:57.805Z] Error writing to Modbus register: A Modbus Exception Occurred - See Response Body
[2024-12-10T06:52:58.806Z] Error reading or processing Modbus registers: A Modbus Exception Occurred - See Response Body
[2024-12-10T06:52:58.808Z] Error reading register 6507 for IP 10.30.4.128: A Modbus Exception Occurred - See Response Body
[2024-12-10T06:52:58.809Z] Error reading actual data: A Modbus Exception Occurred - See Response Body
[2024-12-10T06:52:58.810Z] Error writing to Modbus register: A Modbus Exception Occurred - See Response Body
[2024-12-10T06:52:59.820Z] Error reading or processing Modbus registers: A Modbus Exception Occurred - See Response Body
[2024-12-10T06:52:59.822Z] Error reading register 6507 for IP 10.30.4.128: A Modbus Exception Occurred - See Response Body
[2024-12-10T06:52:59.823Z] Error reading actual data: A Modbus Exception Occurred - See Response Body
[2024-12-10T06:52:59.823Z] Error writing to Modbus register: A Modbus Exception Occurred - See Response Body
[2024-12-10T06:53:00.834Z] Error reading or processing Modbus registers: A Modbus Exception Occurred - See Response Body
[2024-12-10T06:53:00.836Z] Error reading register 6507 for IP 10.30.4.128: A Modbus Exception Occurred - See Response Body
[2024-12-10T06:53:00.837Z] Error reading actual data: A Modbus Exception Occurred - See Response Body
[2024-12-10T06:53:00.838Z] Error writing to Modbus register: A Modbus Exception Occurred - See Response Body
[2024-12-10T06:53:01.837Z] Error reading or processing Modbus registers: A Modbus Exception Occurred - See Response Body
[2024-12-10T06:53:01.839Z] Error reading register 6507 for IP 10.30.4.128: A Modbus Exception Occurred - See Response Body
[2024-12-10T06:53:01.840Z] Error reading actual data: A Modbus Exception Occurred - See Response Body
[2024-12-10T06:53:01.841Z] Error writing to Modbus register: A Modbus Exception Occurred - See Response Body
[2024-12-10T06:53:02.849Z] Error reading or processing Modbus registers: A Modbus Exception Occurred - See Response Body
[2024-12-10T06:53:02.852Z] Error reading register 6507 for IP 10.30.4.128: A Modbus Exception Occurred - See Response Body
[2024-12-10T06:53:02.853Z] Error reading actual data: A Modbus Exception Occurred - See Response Body
[2024-12-10T06:53:02.853Z] Error writing to Modbus register: A Modbus Exception Occurred - See Response Body
[2024-12-10T06:53:03.850Z] Error reading or processing Modbus registers: A Modbus Exception Occurred - See Response Body
[2024-12-10T06:53:03.852Z] Error reading register 6507 for IP 10.30.4.128: A Modbus Exception Occurred - See Response Body
[2024-12-10T06:53:03.853Z] Error reading actual data: A Modbus Exception Occurred - See Response Body
[2024-12-10T06:53:03.854Z] Error writing to Modbus register: A Modbus Exception Occurred - See Response Body
[2024-12-10T06:53:04.852Z] Error reading or processing Modbus registers: A Modbus Exception Occurred - See Response Body
[2024-12-10T06:53:04.854Z] Error reading register 6507 for IP 10.30.4.128: A Modbus Exception Occurred - See Response Body
[2024-12-10T06:53:04.855Z] Error reading actual data: A Modbus Exception Occurred - See Response Body
[2024-12-10T06:53:04.855Z] Error writing to Modbus register: A Modbus Exception Occurred - See Response Body
[2024-12-10T06:53:05.856Z] Error reading or processing Modbus registers: A Modbus Exception Occurred - See Response Body
[2024-12-10T06:53:05.858Z] Error reading register 6507 for IP 10.30.4.128: A Modbus Exception Occurred - See Response Body
[2024-12-10T06:53:05.859Z] Error reading actual data: A Modbus Exception Occurred - See Response Body
[2024-12-10T06:53:05.860Z] Error writing to Modbus register: A Modbus Exception Occurred - See Response Body
[2024-12-10T06:53:06.872Z] Error reading or processing Modbus registers: A Modbus Exception Occurred - See Response Body
[2024-12-10T06:53:06.874Z] Error reading register 6507 for IP 10.30.4.128: A Modbus Exception Occurred - See Response Body
[2024-12-10T06:53:06.875Z] Error reading actual data: A Modbus Exception Occurred - See Response Body
[2024-12-10T06:53:06.876Z] Error writing to Modbus register: A Modbus Exception Occurred - See Response Body
[2024-12-10T06:53:07.874Z] Error reading or processing Modbus registers: A Modbus Exception Occurred - See Response Body
[2024-12-10T06:53:07.876Z] Error reading register 6507 for IP 10.30.4.128: A Modbus Exception Occurred - See Response Body
[2024-12-10T06:53:07.877Z] Error reading actual data: A Modbus Exception Occurred - See Response Body
[2024-12-10T06:53:07.878Z] Error writing to Modbus register: A Modbus Exception Occurred - See Response Body
[2024-12-10T06:53:08.886Z] Error reading or processing Modbus registers: A Modbus Exception Occurred - See Response Body
[2024-12-10T06:53:08.888Z] Error reading register 6507 for IP 10.30.4.128: A Modbus Exception Occurred - See Response Body
[2024-12-10T06:53:08.889Z] Error reading actual data: A Modbus Exception Occurred - See Response Body
[2024-12-10T06:53:08.889Z] Error writing to Modbus register: A Modbus Exception Occurred - See Response Body
[2024-12-10T06:53:09.886Z] Error reading or processing Modbus registers: A Modbus Exception Occurred - See Response Body
[2024-12-10T06:53:09.889Z] Error reading register 6507 for IP 10.30.4.128: A Modbus Exception Occurred - See Response Body
[2024-12-10T06:53:09.890Z] Error reading actual data: A Modbus Exception Occurred - See Response Body
[2024-12-10T06:53:09.890Z] Error writing to Modbus register: A Modbus Exception Occurred - See Response Body
[2024-12-10T06:53:10.900Z] Error reading or processing Modbus registers: A Modbus Exception Occurred - See Response Body
[2024-12-10T06:53:10.903Z] Error reading register 6507 for IP 10.30.4.128: A Modbus Exception Occurred - See Response Body
[2024-12-10T06:53:10.904Z] Error reading actual data: A Modbus Exception Occurred - See Response Body
[2024-12-10T06:53:10.905Z] Error writing to Modbus register: A Modbus Exception Occurred - See Response Body
[2024-12-10T06:53:11.912Z] Error reading or processing Modbus registers: A Modbus Exception Occurred - See Response Body
[2024-12-10T06:53:11.914Z] Error reading register 6507 for IP 10.30.4.128: A Modbus Exception Occurred - See Response Body
[2024-12-10T06:53:11.915Z] Error reading actual data: A Modbus Exception Occurred - See Response Body
[2024-12-10T06:53:11.916Z] Error writing to Modbus register: A Modbus Exception Occurred - See Response Body
[2024-12-10T06:53:12.926Z] Error reading or processing Modbus registers: A Modbus Exception Occurred - See Response Body
[2024-12-10T06:53:12.928Z] Error reading register 6507 for IP 10.30.4.128: A Modbus Exception Occurred - See Response Body
[2024-12-10T06:53:12.929Z] Error reading actual data: A Modbus Exception Occurred - See Response Body
[2024-12-10T06:53:12.930Z] Error writing to Modbus register: A Modbus Exception Occurred - See Response Body
[2024-12-10T06:53:13.941Z] Error reading or processing Modbus registers: A Modbus Exception Occurred - See Response Body
[2024-12-10T06:53:13.943Z] Error reading register 6507 for IP 10.30.4.128: A Modbus Exception Occurred - See Response Body
[2024-12-10T06:53:13.944Z] Error reading actual data: A Modbus Exception Occurred - See Response Body
[2024-12-10T06:53:13.944Z] Error writing to Modbus register: A Modbus Exception Occurred - See Response Body
[2024-12-10T06:53:14.954Z] Error reading or processing Modbus registers: A Modbus Exception Occurred - See Response Body
[2024-12-10T06:53:14.957Z] Error reading register 6507 for IP 10.30.4.128: A Modbus Exception Occurred - See Response Body
[2024-12-10T06:53:14.960Z] Error reading actual data: A Modbus Exception Occurred - See Response Body
[2024-12-10T06:53:14.960Z] Error writing to Modbus register: A Modbus Exception Occurred - See Response Body
[2024-12-10T06:53:15.955Z] Error reading or processing Modbus registers: A Modbus Exception Occurred - See Response Body
[2024-12-10T06:53:15.960Z] Error reading register 6507 for IP 10.30.4.128: A Modbus Exception Occurred - See Response Body
[2024-12-10T06:53:15.960Z] Error reading actual data: A Modbus Exception Occurred - See Response Body
[2024-12-10T06:53:15.961Z] Error writing to Modbus register: A Modbus Exception Occurred - See Response Body
[2024-12-10T06:53:16.969Z] Error reading or processing Modbus registers: A Modbus Exception Occurred - See Response Body
[2024-12-10T06:53:16.971Z] Error reading register 6507 for IP 10.30.4.128: A Modbus Exception Occurred - See Response Body
[2024-12-10T06:53:16.972Z] Error reading actual data: A Modbus Exception Occurred - See Response Body
[2024-12-10T06:53:16.972Z] Error writing to Modbus register: A Modbus Exception Occurred - See Response Body
[2024-12-10T06:53:17.982Z] Error reading or processing Modbus registers: A Modbus Exception Occurred - See Response Body
[2024-12-10T06:53:17.984Z] Error reading register 6507 for IP 10.30.4.128: A Modbus Exception Occurred - See Response Body
[2024-12-10T06:53:17.985Z] Error reading actual data: A Modbus Exception Occurred - See Response Body
[2024-12-10T06:53:17.985Z] Error writing to Modbus register: A Modbus Exception Occurred - See Response Body
[2024-12-10T06:53:18.997Z] Error reading or processing Modbus registers: A Modbus Exception Occurred - See Response Body
[2024-12-10T06:53:18.999Z] Error reading register 6507 for IP 10.30.4.128: A Modbus Exception Occurred - See Response Body
[2024-12-10T06:53:19.000Z] Error reading actual data: A Modbus Exception Occurred - See Response Body
[2024-12-10T06:53:19.000Z] Error writing to Modbus register: A Modbus Exception Occurred - See Response Body
[2024-12-10T06:53:20.011Z] Error reading or processing Modbus registers: A Modbus Exception Occurred - See Response Body
[2024-12-10T06:53:20.013Z] Error reading register 6507 for IP 10.30.4.128: A Modbus Exception Occurred - See Response Body
[2024-12-10T06:53:20.014Z] Error reading actual data: A Modbus Exception Occurred - See Response Body
[2024-12-10T06:53:20.014Z] Error writing to Modbus register: A Modbus Exception Occurred - See Response Body
[2024-12-10T06:53:21.026Z] Error reading or processing Modbus registers: A Modbus Exception Occurred - See Response Body
[2024-12-10T06:53:21.030Z] Error reading register 6507 for IP 10.30.4.128: A Modbus Exception Occurred - See Response Body
[2024-12-10T06:53:21.030Z] Error reading actual data: A Modbus Exception Occurred - See Response Body
[2024-12-10T06:53:21.031Z] Error writing to Modbus register: A Modbus Exception Occurred - See Response Body
[2024-12-10T06:53:22.042Z] Error reading or processing Modbus registers: A Modbus Exception Occurred - See Response Body
[2024-12-10T06:53:22.044Z] Error reading register 6507 for IP 10.30.4.128: A Modbus Exception Occurred - See Response Body
[2024-12-10T06:53:22.044Z] Error reading actual data: A Modbus Exception Occurred - See Response Body
[2024-12-10T06:53:22.045Z] Error writing to Modbus register: A Modbus Exception Occurred - See Response Body
[2024-12-10T06:53:23.055Z] Error reading or processing Modbus registers: A Modbus Exception Occurred - See Response Body
[2024-12-10T06:53:23.057Z] Error reading register 6507 for IP 10.30.4.128: A Modbus Exception Occurred - See Response Body
[2024-12-10T06:53:23.057Z] Error reading actual data: A Modbus Exception Occurred - See Response Body
[2024-12-10T06:53:23.058Z] Error writing to Modbus register: A Modbus Exception Occurred - See Response Body
[2024-12-10T06:53:24.056Z] Error reading or processing Modbus registers: A Modbus Exception Occurred - See Response Body
[2024-12-10T06:53:24.058Z] Error reading register 6507 for IP 10.30.4.128: A Modbus Exception Occurred - See Response Body
[2024-12-10T06:53:24.059Z] Error reading actual data: A Modbus Exception Occurred - See Response Body
[2024-12-10T06:53:24.059Z] Error writing to Modbus register: A Modbus Exception Occurred - See Response Body
[2024-12-10T06:53:25.058Z] Error reading or processing Modbus registers: A Modbus Exception Occurred - See Response Body
[2024-12-10T06:53:25.060Z] Error reading register 6507 for IP 10.30.4.128: A Modbus Exception Occurred - See Response Body
[2024-12-10T06:53:25.061Z] Error reading actual data: A Modbus Exception Occurred - See Response Body
[2024-12-10T06:53:25.062Z] Error writing to Modbus register: A Modbus Exception Occurred - See Response Body
[2024-12-10T06:53:26.071Z] Error reading or processing Modbus registers: A Modbus Exception Occurred - See Response Body
[2024-12-10T06:53:26.073Z] Error reading register 6507 for IP 10.30.4.128: A Modbus Exception Occurred - See Response Body
[2024-12-10T06:53:26.074Z] Error reading actual data: A Modbus Exception Occurred - See Response Body
[2024-12-10T06:53:26.075Z] Error writing to Modbus register: A Modbus Exception Occurred - See Response Body
[2024-12-10T06:53:27.085Z] Error reading or processing Modbus registers: A Modbus Exception Occurred - See Response Body
[2024-12-10T06:53:27.088Z] Error reading register 6507 for IP 10.30.4.128: A Modbus Exception Occurred - See Response Body
[2024-12-10T06:53:27.089Z] Error writing to Modbus register: A Modbus Exception Occurred - See Response Body
[2024-12-10T06:53:27.088Z] Error reading actual data: A Modbus Exception Occurred - See Response Body
[2024-12-10T06:53:28.099Z] Error reading or processing Modbus registers: A Modbus Exception Occurred - See Response Body
[2024-12-10T06:53:28.101Z] Error reading register 6507 for IP 10.30.4.128: A Modbus Exception Occurred - See Response Body
[2024-12-10T06:53:28.102Z] Error reading actual data: A Modbus Exception Occurred - See Response Body
[2024-12-10T06:53:28.103Z] Error writing to Modbus register: A Modbus Exception Occurred - See Response Body
[2024-12-10T06:53:29.113Z] Error reading or processing Modbus registers: A Modbus Exception Occurred - See Response Body
[2024-12-10T06:53:29.115Z] Error reading register 6507 for IP 10.30.4.128: A Modbus Exception Occurred - See Response Body
[2024-12-10T06:53:29.116Z] Error reading actual data: A Modbus Exception Occurred - See Response Body
[2024-12-10T06:53:29.116Z] Error writing to Modbus register: A Modbus Exception Occurred - See Response Body
[2024-12-10T06:53:30.126Z] Error reading or processing Modbus registers: A Modbus Exception Occurred - See Response Body
[2024-12-10T06:53:30.129Z] Error reading register 6507 for IP 10.30.4.128: A Modbus Exception Occurred - See Response Body
[2024-12-10T06:53:30.130Z] Error reading actual data: A Modbus Exception Occurred - See Response Body
[2024-12-10T06:53:30.130Z] Error writing to Modbus register: A Modbus Exception Occurred - See Response Body
[2024-12-10T06:53:31.130Z] Error reading or processing Modbus registers: A Modbus Exception Occurred - See Response Body
[2024-12-10T06:53:31.133Z] Error reading register 6507 for IP 10.30.4.128: A Modbus Exception Occurred - See Response Body
[2024-12-10T06:53:31.134Z] Error reading actual data: A Modbus Exception Occurred - See Response Body
[2024-12-10T06:53:31.134Z] Error writing to Modbus register: A Modbus Exception Occurred - See Response Body
[2024-12-10T06:53:32.144Z] Error reading or processing Modbus registers: A Modbus Exception Occurred - See Response Body
[2024-12-10T06:53:32.146Z] Error reading register 6507 for IP 10.30.4.128: A Modbus Exception Occurred - See Response Body
[2024-12-10T06:53:32.147Z] Error reading actual data: A Modbus Exception Occurred - See Response Body
[2024-12-10T06:53:32.148Z] Error writing to Modbus register: A Modbus Exception Occurred - See Response Body
[2024-12-10T06:53:33.158Z] Error reading or processing Modbus registers: A Modbus Exception Occurred - See Response Body
[2024-12-10T06:53:33.160Z] Error reading register 6507 for IP 10.30.4.128: A Modbus Exception Occurred - See Response Body
[2024-12-10T06:53:33.161Z] Error reading actual data: A Modbus Exception Occurred - See Response Body
[2024-12-10T06:53:33.162Z] Error writing to Modbus register: A Modbus Exception Occurred - See Response Body
[2024-12-10T06:53:34.174Z] Error reading or processing Modbus registers: A Modbus Exception Occurred - See Response Body
[2024-12-10T06:53:34.177Z] Error reading register 6507 for IP 10.30.4.128: A Modbus Exception Occurred - See Response Body
[2024-12-10T06:53:34.178Z] Error reading actual data: A Modbus Exception Occurred - See Response Body
[2024-12-10T06:53:34.179Z] Error writing to Modbus register: A Modbus Exception Occurred - See Response Body
[2024-12-10T06:53:35.173Z] Error reading or processing Modbus registers: A Modbus Exception Occurred - See Response Body
[2024-12-10T06:53:35.178Z] Error reading register 6507 for IP 10.30.4.128: A Modbus Exception Occurred - See Response Body
[2024-12-10T06:53:35.178Z] Error reading actual data: A Modbus Exception Occurred - See Response Body
[2024-12-10T06:53:35.179Z] Error writing to Modbus register: A Modbus Exception Occurred - See Response Body
[2024-12-10T06:53:36.187Z] Error reading or processing Modbus registers: A Modbus Exception Occurred - See Response Body
[2024-12-10T06:53:36.189Z] Error reading register 6507 for IP 10.30.4.128: A Modbus Exception Occurred - See Response Body
[2024-12-10T06:53:36.190Z] Error reading actual data: A Modbus Exception Occurred - See Response Body
[2024-12-10T06:53:36.191Z] Error writing to Modbus register: A Modbus Exception Occurred - See Response Body
[2024-12-10T06:53:37.188Z] Error reading or processing Modbus registers: A Modbus Exception Occurred - See Response Body
[2024-12-10T06:53:37.191Z] Error reading register 6507 for IP 10.30.4.128: A Modbus Exception Occurred - See Response Body
[2024-12-10T06:53:37.191Z] Error reading actual data: A Modbus Exception Occurred - See Response Body
[2024-12-10T06:53:37.192Z] Error writing to Modbus register: A Modbus Exception Occurred - See Response Body
[2024-12-10T06:53:38.189Z] Error reading or processing Modbus registers: A Modbus Exception Occurred - See Response Body
[2024-12-10T06:53:38.191Z] Error reading register 6507 for IP 10.30.4.128: A Modbus Exception Occurred - See Response Body
[2024-12-10T06:53:38.192Z] Error reading actual data: A Modbus Exception Occurred - See Response Body
[2024-12-10T06:53:38.193Z] Error writing to Modbus register: A Modbus Exception Occurred - See Response Body
[2024-12-10T06:53:39.192Z] Error reading or processing Modbus registers: A Modbus Exception Occurred - See Response Body
[2024-12-10T06:53:39.194Z] Error reading register 6507 for IP 10.30.4.128: A Modbus Exception Occurred - See Response Body
[2024-12-10T06:53:39.195Z] Error reading actual data: A Modbus Exception Occurred - See Response Body
[2024-12-10T06:53:39.195Z] Error writing to Modbus register: A Modbus Exception Occurred - See Response Body
[2024-12-10T06:53:40.191Z] Error reading or processing Modbus registers: A Modbus Exception Occurred - See Response Body
[2024-12-10T06:53:40.193Z] Error reading register 6507 for IP 10.30.4.128: A Modbus Exception Occurred - See Response Body
[2024-12-10T06:53:40.194Z] Error reading actual data: A Modbus Exception Occurred - See Response Body
[2024-12-10T06:53:40.194Z] Error writing to Modbus register: A Modbus Exception Occurred - See Response Body
[2024-12-10T06:53:41.205Z] Error reading or processing Modbus registers: A Modbus Exception Occurred - See Response Body
[2024-12-10T06:53:41.207Z] Error reading register 6507 for IP 10.30.4.128: A Modbus Exception Occurred - See Response Body
[2024-12-10T06:53:41.208Z] Error reading actual data: A Modbus Exception Occurred - See Response Body
[2024-12-10T06:53:41.208Z] Error writing to Modbus register: A Modbus Exception Occurred - See Response Body
[2024-12-10T06:53:42.207Z] Error reading or processing Modbus registers: A Modbus Exception Occurred - See Response Body
[2024-12-10T06:53:42.209Z] Error reading register 6507 for IP 10.30.4.128: A Modbus Exception Occurred - See Response Body
[2024-12-10T06:53:42.209Z] Error reading actual data: A Modbus Exception Occurred - See Response Body
[2024-12-10T06:53:42.210Z] Error writing to Modbus register: A Modbus Exception Occurred - See Response Body
[2024-12-10T06:53:43.206Z] Error reading or processing Modbus registers: A Modbus Exception Occurred - See Response Body
[2024-12-10T06:53:43.208Z] Error reading register 6507 for IP 10.30.4.128: A Modbus Exception Occurred - See Response Body
[2024-12-10T06:53:43.209Z] Error reading actual data: A Modbus Exception Occurred - See Response Body
[2024-12-10T06:53:43.210Z] Error writing to Modbus register: A Modbus Exception Occurred - See Response Body
[2024-12-10T06:53:44.220Z] Error reading or processing Modbus registers: A Modbus Exception Occurred - See Response Body
[2024-12-10T06:53:44.223Z] Error reading register 6507 for IP 10.30.4.128: A Modbus Exception Occurred - See Response Body
[2024-12-10T06:53:44.224Z] Error reading actual data: A Modbus Exception Occurred - See Response Body
[2024-12-10T06:53:44.225Z] Error writing to Modbus register: A Modbus Exception Occurred - See Response Body
[2024-12-10T06:53:45.232Z] Error reading or processing Modbus registers: A Modbus Exception Occurred - See Response Body
[2024-12-10T06:53:45.235Z] Error reading register 6507 for IP 10.30.4.128: A Modbus Exception Occurred - See Response Body
[2024-12-10T06:53:45.235Z] Error reading actual data: A Modbus Exception Occurred - See Response Body
[2024-12-10T06:53:45.236Z] Error writing to Modbus register: A Modbus Exception Occurred - See Response Body
[2024-12-10T06:53:46.245Z] Error reading or processing Modbus registers: A Modbus Exception Occurred - See Response Body
[2024-12-10T06:53:46.247Z] Error reading register 6507 for IP 10.30.4.128: A Modbus Exception Occurred - See Response Body
[2024-12-10T06:53:46.248Z] Error reading actual data: A Modbus Exception Occurred - See Response Body
[2024-12-10T06:53:46.248Z] Error writing to Modbus register: A Modbus Exception Occurred - See Response Body
[2024-12-10T06:53:47.258Z] Error reading or processing Modbus registers: A Modbus Exception Occurred - See Response Body
[2024-12-10T06:53:47.261Z] Error reading register 6507 for IP 10.30.4.128: A Modbus Exception Occurred - See Response Body
[2024-12-10T06:53:47.261Z] Error reading actual data: A Modbus Exception Occurred - See Response Body
[2024-12-10T06:53:47.262Z] Error writing to Modbus register: A Modbus Exception Occurred - See Response Body
[2024-12-10T06:53:48.259Z] Error reading or processing Modbus registers: A Modbus Exception Occurred - See Response Body
[2024-12-10T06:53:48.261Z] Error reading register 6507 for IP 10.30.4.128: A Modbus Exception Occurred - See Response Body
[2024-12-10T06:53:48.262Z] Error reading actual data: A Modbus Exception Occurred - See Response Body
[2024-12-10T06:53:48.262Z] Error writing to Modbus register: A Modbus Exception Occurred - See Response Body
[2024-12-10T06:53:49.260Z] Error reading or processing Modbus registers: A Modbus Exception Occurred - See Response Body
[2024-12-10T06:53:49.262Z] Error reading register 6507 for IP 10.30.4.128: A Modbus Exception Occurred - See Response Body
[2024-12-10T06:53:49.263Z] Error reading actual data: A Modbus Exception Occurred - See Response Body
[2024-12-10T06:53:49.264Z] Error writing to Modbus register: A Modbus Exception Occurred - See Response Body
[2024-12-10T06:53:50.273Z] Error reading or processing Modbus registers: A Modbus Exception Occurred - See Response Body
[2024-12-10T06:53:50.275Z] Error reading register 6507 for IP 10.30.4.128: A Modbus Exception Occurred - See Response Body
[2024-12-10T06:53:50.276Z] Error reading actual data: A Modbus Exception Occurred - See Response Body
[2024-12-10T06:53:50.276Z] Error writing to Modbus register: A Modbus Exception Occurred - See Response Body
[2024-12-10T06:53:51.287Z] Error reading or processing Modbus registers: A Modbus Exception Occurred - See Response Body
[2024-12-10T06:53:51.289Z] Error reading register 6507 for IP 10.30.4.128: A Modbus Exception Occurred - See Response Body
[2024-12-10T06:53:51.290Z] Error reading actual data: A Modbus Exception Occurred - See Response Body
[2024-12-10T06:53:51.291Z] Error writing to Modbus register: A Modbus Exception Occurred - See Response Body
[2024-12-10T06:53:52.298Z] Error reading or processing Modbus registers: A Modbus Exception Occurred - See Response Body
[2024-12-10T06:53:52.301Z] Error reading register 6507 for IP 10.30.4.128: A Modbus Exception Occurred - See Response Body
[2024-12-10T06:53:52.302Z] Error reading actual data: A Modbus Exception Occurred - See Response Body
[2024-12-10T06:53:52.303Z] Error writing to Modbus register: A Modbus Exception Occurred - See Response Body
[2024-12-10T06:53:53.312Z] Error reading or processing Modbus registers: A Modbus Exception Occurred - See Response Body
[2024-12-10T06:53:53.315Z] Error reading register 6507 for IP 10.30.4.128: A Modbus Exception Occurred - See Response Body
[2024-12-10T06:53:53.315Z] Error reading actual data: A Modbus Exception Occurred - See Response Body
[2024-12-10T06:53:53.316Z] Error writing to Modbus register: A Modbus Exception Occurred - See Response Body
[2024-12-10T06:53:54.314Z] Error reading or processing Modbus registers: A Modbus Exception Occurred - See Response Body
[2024-12-10T06:53:54.316Z] Error reading register 6507 for IP 10.30.4.128: A Modbus Exception Occurred - See Response Body
[2024-12-10T06:53:54.317Z] Error reading actual data: A Modbus Exception Occurred - See Response Body
[2024-12-10T06:53:54.318Z] Error writing to Modbus register: A Modbus Exception Occurred - See Response Body
[2024-12-10T06:53:55.313Z] Error reading or processing Modbus registers: A Modbus Exception Occurred - See Response Body
[2024-12-10T06:53:55.315Z] Error reading register 6507 for IP 10.30.4.128: A Modbus Exception Occurred - See Response Body
[2024-12-10T06:53:55.316Z] Error reading actual data: A Modbus Exception Occurred - See Response Body
[2024-12-10T06:53:55.317Z] Error writing to Modbus register: A Modbus Exception Occurred - See Response Body
[2024-12-10T06:53:56.325Z] Error reading or processing Modbus registers: A Modbus Exception Occurred - See Response Body
[2024-12-10T06:53:56.328Z] Error reading register 6507 for IP 10.30.4.128: A Modbus Exception Occurred - See Response Body
[2024-12-10T06:53:56.329Z] Error reading actual data: A Modbus Exception Occurred - See Response Body
[2024-12-10T06:53:56.330Z] Error writing to Modbus register: A Modbus Exception Occurred - See Response Body
[2024-12-10T06:53:57.340Z] Error reading or processing Modbus registers: A Modbus Exception Occurred - See Response Body
[2024-12-10T06:53:57.343Z] Error reading register 6507 for IP 10.30.4.128: A Modbus Exception Occurred - See Response Body
[2024-12-10T06:53:57.344Z] Error reading actual data: A Modbus Exception Occurred - See Response Body
[2024-12-10T06:53:57.344Z] Error writing to Modbus register: A Modbus Exception Occurred - See Response Body
[2024-12-10T06:53:58.341Z] Error reading or processing Modbus registers: A Modbus Exception Occurred - See Response Body
[2024-12-10T06:53:58.343Z] Error reading register 6507 for IP 10.30.4.128: A Modbus Exception Occurred - See Response Body
[2024-12-10T06:53:58.344Z] Error reading actual data: A Modbus Exception Occurred - See Response Body
[2024-12-10T06:53:58.345Z] Error writing to Modbus register: A Modbus Exception Occurred - See Response Body
[2024-12-10T06:53:59.355Z] Error reading or processing Modbus registers: A Modbus Exception Occurred - See Response Body
[2024-12-10T06:53:59.360Z] Error reading register 6507 for IP 10.30.4.128: A Modbus Exception Occurred - See Response Body
[2024-12-10T06:53:59.361Z] Error reading actual data: A Modbus Exception Occurred - See Response Body
[2024-12-10T06:53:59.362Z] Error writing to Modbus register: A Modbus Exception Occurred - See Response Body
[2024-12-10T06:54:00.358Z] Error reading or processing Modbus registers: A Modbus Exception Occurred - See Response Body
[2024-12-10T06:54:00.361Z] Error reading register 6507 for IP 10.30.4.128: A Modbus Exception Occurred - See Response Body
[2024-12-10T06:54:00.362Z] Error reading actual data: A Modbus Exception Occurred - See Response Body
[2024-12-10T06:54:00.362Z] Error writing to Modbus register: A Modbus Exception Occurred - See Response Body
[2024-12-10T06:54:01.370Z] Error reading or processing Modbus registers: A Modbus Exception Occurred - See Response Body
[2024-12-10T06:54:01.372Z] Error reading register 6507 for IP 10.30.4.128: A Modbus Exception Occurred - See Response Body
[2024-12-10T06:54:01.373Z] Error reading actual data: A Modbus Exception Occurred - See Response Body
[2024-12-10T06:54:01.373Z] Error writing to Modbus register: A Modbus Exception Occurred - See Response Body
[2024-12-10T06:54:02.382Z] Error reading or processing Modbus registers: A Modbus Exception Occurred - See Response Body
[2024-12-10T06:54:02.384Z] Error reading register 6507 for IP 10.30.4.128: A Modbus Exception Occurred - See Response Body
[2024-12-10T06:54:02.385Z] Error reading actual data: A Modbus Exception Occurred - See Response Body
[2024-12-10T06:54:02.385Z] Error writing to Modbus register: A Modbus Exception Occurred - See Response Body
[2024-12-10T06:54:03.393Z] Error reading or processing Modbus registers: A Modbus Exception Occurred - See Response Body
[2024-12-10T06:54:03.396Z] Error reading register 6507 for IP 10.30.4.128: A Modbus Exception Occurred - See Response Body
[2024-12-10T06:54:03.396Z] Error reading actual data: A Modbus Exception Occurred - See Response Body
[2024-12-10T06:54:03.397Z] Error writing to Modbus register: A Modbus Exception Occurred - See Response Body
[2024-12-10T06:54:04.395Z] Error reading or processing Modbus registers: A Modbus Exception Occurred - See Response Body
[2024-12-10T06:54:04.397Z] Error reading register 6507 for IP 10.30.4.128: A Modbus Exception Occurred - See Response Body
[2024-12-10T06:54:04.398Z] Error reading actual data: A Modbus Exception Occurred - See Response Body
[2024-12-10T06:54:04.398Z] Error writing to Modbus register: A Modbus Exception Occurred - See Response Body
[2024-12-10T06:54:05.405Z] Error reading or processing Modbus registers: A Modbus Exception Occurred - See Response Body
[2024-12-10T06:54:05.408Z] Error reading register 6507 for IP 10.30.4.128: A Modbus Exception Occurred - See Response Body
[2024-12-10T06:54:05.409Z] Error reading actual data: A Modbus Exception Occurred - See Response Body
[2024-12-10T06:54:05.409Z] Error writing to Modbus register: A Modbus Exception Occurred - See Response Body
[2024-12-10T06:54:06.416Z] Error reading or processing Modbus registers: A Modbus Exception Occurred - See Response Body
[2024-12-10T06:54:06.419Z] Error reading register 6507 for IP 10.30.4.128: A Modbus Exception Occurred - See Response Body
[2024-12-10T06:54:06.420Z] Error reading actual data: A Modbus Exception Occurred - See Response Body
[2024-12-10T06:54:06.420Z] Error writing to Modbus register: A Modbus Exception Occurred - See Response Body
[2024-12-10T06:54:07.430Z] Error reading or processing Modbus registers: A Modbus Exception Occurred - See Response Body
[2024-12-10T06:54:07.432Z] Error reading register 6507 for IP 10.30.4.128: A Modbus Exception Occurred - See Response Body
[2024-12-10T06:54:07.433Z] Error reading actual data: A Modbus Exception Occurred - See Response Body
[2024-12-10T06:54:07.433Z] Error writing to Modbus register: A Modbus Exception Occurred - See Response Body
[2024-12-10T06:54:08.439Z] Error reading or processing Modbus registers: A Modbus Exception Occurred - See Response Body
[2024-12-10T06:54:08.441Z] Error reading register 6507 for IP 10.30.4.128: A Modbus Exception Occurred - See Response Body
[2024-12-10T06:54:08.441Z] Error reading actual data: A Modbus Exception Occurred - See Response Body
[2024-12-10T06:54:08.442Z] Error writing to Modbus register: A Modbus Exception Occurred - See Response Body
[2024-12-10T06:54:09.452Z] Error reading or processing Modbus registers: A Modbus Exception Occurred - See Response Body
[2024-12-10T06:54:09.455Z] Error reading register 6507 for IP 10.30.4.128: A Modbus Exception Occurred - See Response Body
[2024-12-10T06:54:09.456Z] Error reading actual data: A Modbus Exception Occurred - See Response Body
[2024-12-10T06:54:09.457Z] Error writing to Modbus register: A Modbus Exception Occurred - See Response Body
[2024-12-10T06:54:10.453Z] Error reading or processing Modbus registers: A Modbus Exception Occurred - See Response Body
[2024-12-10T06:54:10.455Z] Error reading register 6507 for IP 10.30.4.128: A Modbus Exception Occurred - See Response Body
[2024-12-10T06:54:10.456Z] Error reading actual data: A Modbus Exception Occurred - See Response Body
[2024-12-10T06:54:10.457Z] Error writing to Modbus register: A Modbus Exception Occurred - See Response Body
[2024-12-10T06:54:11.465Z] Error reading or processing Modbus registers: A Modbus Exception Occurred - See Response Body
[2024-12-10T06:54:11.468Z] Error reading register 6507 for IP 10.30.4.128: A Modbus Exception Occurred - See Response Body
[2024-12-10T06:54:11.469Z] Error reading actual data: A Modbus Exception Occurred - See Response Body
[2024-12-10T06:54:11.469Z] Error writing to Modbus register: A Modbus Exception Occurred - See Response Body
[2024-12-10T06:54:12.477Z] Error reading or processing Modbus registers: A Modbus Exception Occurred - See Response Body
[2024-12-10T06:54:12.480Z] Error reading register 6507 for IP 10.30.4.128: A Modbus Exception Occurred - See Response Body
[2024-12-10T06:54:12.481Z] Error reading actual data: A Modbus Exception Occurred - See Response Body
[2024-12-10T06:54:12.481Z] Error writing to Modbus register: A Modbus Exception Occurred - See Response Body
[2024-12-10T06:54:13.488Z] Error reading or processing Modbus registers: A Modbus Exception Occurred - See Response Body
[2024-12-10T06:54:13.491Z] Error reading register 6507 for IP 10.30.4.128: A Modbus Exception Occurred - See Response Body
[2024-12-10T06:54:13.491Z] Error reading actual data: A Modbus Exception Occurred - See Response Body
[2024-12-10T06:54:13.492Z] Error writing to Modbus register: A Modbus Exception Occurred - See Response Body
[2024-12-10T06:54:14.501Z] Error reading or processing Modbus registers: A Modbus Exception Occurred - See Response Body
[2024-12-10T06:54:14.503Z] Error reading register 6507 for IP 10.30.4.128: A Modbus Exception Occurred - See Response Body
[2024-12-10T06:54:14.504Z] Error reading actual data: A Modbus Exception Occurred - See Response Body
[2024-12-10T06:54:14.505Z] Error writing to Modbus register: A Modbus Exception Occurred - See Response Body
[2024-12-10T06:54:15.509Z] Error reading or processing Modbus registers: A Modbus Exception Occurred - See Response Body
[2024-12-10T06:54:15.512Z] Error reading register 6507 for IP 10.30.4.128: A Modbus Exception Occurred - See Response Body
[2024-12-10T06:54:15.512Z] Error reading actual data: A Modbus Exception Occurred - See Response Body
[2024-12-10T06:54:15.513Z] Error writing to Modbus register: A Modbus Exception Occurred - See Response Body
[2024-12-10T06:54:16.520Z] Error reading or processing Modbus registers: A Modbus Exception Occurred - See Response Body
[2024-12-10T06:54:16.523Z] Error reading register 6507 for IP 10.30.4.128: A Modbus Exception Occurred - See Response Body
[2024-12-10T06:54:16.524Z] Error reading actual data: A Modbus Exception Occurred - See Response Body
[2024-12-10T06:54:16.524Z] Error writing to Modbus register: A Modbus Exception Occurred - See Response Body
[2024-12-10T06:54:17.530Z] Error reading or processing Modbus registers: A Modbus Exception Occurred - See Response Body
[2024-12-10T06:54:17.532Z] Error reading register 6507 for IP 10.30.4.128: A Modbus Exception Occurred - See Response Body
[2024-12-10T06:54:17.533Z] Error reading actual data: A Modbus Exception Occurred - See Response Body
[2024-12-10T06:54:17.534Z] Error writing to Modbus register: A Modbus Exception Occurred - See Response Body
[2024-12-10T06:54:18.543Z] Error reading or processing Modbus registers: A Modbus Exception Occurred - See Response Body
[2024-12-10T06:54:18.545Z] Error reading register 6507 for IP 10.30.4.128: A Modbus Exception Occurred - See Response Body
[2024-12-10T06:54:18.546Z] Error reading actual data: A Modbus Exception Occurred - See Response Body
[2024-12-10T06:54:18.546Z] Error writing to Modbus register: A Modbus Exception Occurred - See Response Body
[2024-12-10T06:54:19.552Z] Error reading or processing Modbus registers: A Modbus Exception Occurred - See Response Body
[2024-12-10T06:54:19.554Z] Error reading register 6507 for IP 10.30.4.128: A Modbus Exception Occurred - See Response Body
[2024-12-10T06:54:19.555Z] Error reading actual data: A Modbus Exception Occurred - See Response Body
[2024-12-10T06:54:19.556Z] Error writing to Modbus register: A Modbus Exception Occurred - See Response Body
[2024-12-10T06:54:20.566Z] Error reading or processing Modbus registers: A Modbus Exception Occurred - See Response Body
[2024-12-10T06:54:20.569Z] Error reading register 6507 for IP 10.30.4.128: A Modbus Exception Occurred - See Response Body
[2024-12-10T06:54:20.569Z] Error reading actual data: A Modbus Exception Occurred - See Response Body
[2024-12-10T06:54:20.570Z] Error writing to Modbus register: A Modbus Exception Occurred - See Response Body
[2024-12-10T06:54:21.577Z] Error reading or processing Modbus registers: A Modbus Exception Occurred - See Response Body
[2024-12-10T06:54:21.579Z] Error reading register 6507 for IP 10.30.4.128: A Modbus Exception Occurred - See Response Body
[2024-12-10T06:54:21.580Z] Error reading actual data: A Modbus Exception Occurred - See Response Body
[2024-12-10T06:54:21.581Z] Error writing to Modbus register: A Modbus Exception Occurred - See Response Body
[2024-12-10T06:54:22.589Z] Error reading or processing Modbus registers: A Modbus Exception Occurred - See Response Body
[2024-12-10T06:54:22.591Z] Error reading register 6507 for IP 10.30.4.128: A Modbus Exception Occurred - See Response Body
[2024-12-10T06:54:22.592Z] Error reading actual data: A Modbus Exception Occurred - See Response Body
[2024-12-10T06:54:22.593Z] Error writing to Modbus register: A Modbus Exception Occurred - See Response Body
[2024-12-10T06:54:23.602Z] Error reading or processing Modbus registers: A Modbus Exception Occurred - See Response Body
[2024-12-10T06:54:23.604Z] Error reading register 6507 for IP 10.30.4.128: A Modbus Exception Occurred - See Response Body
[2024-12-10T06:54:23.605Z] Error reading actual data: A Modbus Exception Occurred - See Response Body
[2024-12-10T06:54:23.605Z] Error writing to Modbus register: A Modbus Exception Occurred - See Response Body
[2024-12-10T06:54:24.611Z] Error reading or processing Modbus registers: A Modbus Exception Occurred - See Response Body
[2024-12-10T06:54:24.614Z] Error reading register 6507 for IP 10.30.4.128: A Modbus Exception Occurred - See Response Body
[2024-12-10T06:54:24.615Z] Error reading actual data: A Modbus Exception Occurred - See Response Body
[2024-12-10T06:54:24.616Z] Error writing to Modbus register: A Modbus Exception Occurred - See Response Body
[2024-12-10T06:54:25.624Z] Error reading or processing Modbus registers: A Modbus Exception Occurred - See Response Body
[2024-12-10T06:54:25.626Z] Error reading register 6507 for IP 10.30.4.128: A Modbus Exception Occurred - See Response Body
[2024-12-10T06:54:25.626Z] Error reading actual data: A Modbus Exception Occurred - See Response Body
[2024-12-10T06:54:25.627Z] Error writing to Modbus register: A Modbus Exception Occurred - See Response Body
[2024-12-10T06:54:26.638Z] Error reading or processing Modbus registers: A Modbus Exception Occurred - See Response Body
[2024-12-10T06:54:26.641Z] Error reading register 6507 for IP 10.30.4.128: A Modbus Exception Occurred - See Response Body
[2024-12-10T06:54:26.641Z] Error reading actual data: A Modbus Exception Occurred - See Response Body
[2024-12-10T06:54:26.642Z] Error writing to Modbus register: A Modbus Exception Occurred - See Response Body
[2024-12-10T06:54:27.651Z] Error reading or processing Modbus registers: A Modbus Exception Occurred - See Response Body
[2024-12-10T06:54:27.653Z] Error reading register 6507 for IP 10.30.4.128: A Modbus Exception Occurred - See Response Body
[2024-12-10T06:54:27.654Z] Error reading actual data: A Modbus Exception Occurred - See Response Body
[2024-12-10T06:54:27.655Z] Error writing to Modbus register: A Modbus Exception Occurred - See Response Body
[2024-12-10T06:54:28.661Z] Error reading or processing Modbus registers: A Modbus Exception Occurred - See Response Body
[2024-12-10T06:54:28.664Z] Error reading register 6507 for IP 10.30.4.128: A Modbus Exception Occurred - See Response Body
[2024-12-10T06:54:28.664Z] Error reading actual data: A Modbus Exception Occurred - See Response Body
[2024-12-10T06:54:28.665Z] Error writing to Modbus register: A Modbus Exception Occurred - See Response Body
[2024-12-10T06:54:29.676Z] Error reading or processing Modbus registers: A Modbus Exception Occurred - See Response Body
[2024-12-10T06:54:29.679Z] Error reading register 6507 for IP 10.30.4.128: A Modbus Exception Occurred - See Response Body
[2024-12-10T06:54:29.680Z] Error reading actual data: A Modbus Exception Occurred - See Response Body
[2024-12-10T06:54:29.681Z] Error writing to Modbus register: A Modbus Exception Occurred - See Response Body
[2024-12-10T06:54:30.689Z] Error reading or processing Modbus registers: A Modbus Exception Occurred - See Response Body
[2024-12-10T06:54:30.691Z] Error reading register 6507 for IP 10.30.4.128: A Modbus Exception Occurred - See Response Body
[2024-12-10T06:54:30.692Z] Error reading actual data: A Modbus Exception Occurred - See Response Body
[2024-12-10T06:54:30.692Z] Error writing to Modbus register: A Modbus Exception Occurred - See Response Body
[2024-12-10T06:54:31.700Z] Error reading or processing Modbus registers: A Modbus Exception Occurred - See Response Body
[2024-12-10T06:54:31.703Z] Error reading register 6507 for IP 10.30.4.128: A Modbus Exception Occurred - See Response Body
[2024-12-10T06:54:31.703Z] Error reading actual data: A Modbus Exception Occurred - See Response Body
[2024-12-10T06:54:31.704Z] Error writing to Modbus register: A Modbus Exception Occurred - See Response Body
[2024-12-10T06:54:32.715Z] Error reading or processing Modbus registers: A Modbus Exception Occurred - See Response Body
[2024-12-10T06:54:32.717Z] Error reading register 6507 for IP 10.30.4.128: A Modbus Exception Occurred - See Response Body
[2024-12-10T06:54:32.718Z] Error reading actual data: A Modbus Exception Occurred - See Response Body
[2024-12-10T06:54:32.719Z] Error writing to Modbus register: A Modbus Exception Occurred - See Response Body
[2024-12-10T06:54:33.725Z] Error reading or processing Modbus registers: A Modbus Exception Occurred - See Response Body
[2024-12-10T06:54:33.728Z] Error reading register 6507 for IP 10.30.4.128: A Modbus Exception Occurred - See Response Body
[2024-12-10T06:54:33.728Z] Error reading actual data: A Modbus Exception Occurred - See Response Body
[2024-12-10T06:54:33.729Z] Error writing to Modbus register: A Modbus Exception Occurred - See Response Body
[2024-12-10T06:54:34.738Z] Error reading or processing Modbus registers: A Modbus Exception Occurred - See Response Body
[2024-12-10T06:54:34.741Z] Error reading register 6507 for IP 10.30.4.128: A Modbus Exception Occurred - See Response Body
[2024-12-10T06:54:34.742Z] Error reading actual data: A Modbus Exception Occurred - See Response Body
[2024-12-10T06:54:34.742Z] Error writing to Modbus register: A Modbus Exception Occurred - See Response Body
[2024-12-10T06:54:35.748Z] Error reading or processing Modbus registers: A Modbus Exception Occurred - See Response Body
[2024-12-10T06:54:35.750Z] Error reading register 6507 for IP 10.30.4.128: A Modbus Exception Occurred - See Response Body
[2024-12-10T06:54:35.751Z] Error reading actual data: A Modbus Exception Occurred - See Response Body
[2024-12-10T06:54:35.752Z] Error writing to Modbus register: A Modbus Exception Occurred - See Response Body
[2024-12-10T06:54:36.759Z] Error reading or processing Modbus registers: A Modbus Exception Occurred - See Response Body
[2024-12-10T06:54:36.761Z] Error reading register 6507 for IP 10.30.4.128: A Modbus Exception Occurred - See Response Body
[2024-12-10T06:54:36.762Z] Error reading actual data: A Modbus Exception Occurred - See Response Body
[2024-12-10T06:54:36.762Z] Error writing to Modbus register: A Modbus Exception Occurred - See Response Body
[2024-12-10T06:54:37.773Z] Error reading or processing Modbus registers: A Modbus Exception Occurred - See Response Body
[2024-12-10T06:54:37.775Z] Error reading register 6507 for IP 10.30.4.128: A Modbus Exception Occurred - See Response Body
[2024-12-10T06:54:37.776Z] Error reading actual data: A Modbus Exception Occurred - See Response Body
[2024-12-10T06:54:37.776Z] Error writing to Modbus register: A Modbus Exception Occurred - See Response Body
[2024-12-10T06:54:38.785Z] Error reading or processing Modbus registers: A Modbus Exception Occurred - See Response Body
[2024-12-10T06:54:38.787Z] Error reading register 6507 for IP 10.30.4.128: A Modbus Exception Occurred - See Response Body
[2024-12-10T06:54:38.788Z] Error reading actual data: A Modbus Exception Occurred - See Response Body
[2024-12-10T06:54:38.788Z] Error writing to Modbus register: A Modbus Exception Occurred - See Response Body
[2024-12-10T06:54:39.799Z] Error reading or processing Modbus registers: A Modbus Exception Occurred - See Response Body
[2024-12-10T06:54:39.801Z] Error reading register 6507 for IP 10.30.4.128: A Modbus Exception Occurred - See Response Body
[2024-12-10T06:54:39.802Z] Error reading actual data: A Modbus Exception Occurred - See Response Body
[2024-12-10T06:54:39.803Z] Error writing to Modbus register: A Modbus Exception Occurred - See Response Body
[2024-12-10T06:54:40.809Z] Error reading or processing Modbus registers: A Modbus Exception Occurred - See Response Body
[2024-12-10T06:54:40.811Z] Error reading register 6507 for IP 10.30.4.128: A Modbus Exception Occurred - See Response Body
[2024-12-10T06:54:40.812Z] Error reading actual data: A Modbus Exception Occurred - See Response Body
[2024-12-10T06:54:40.813Z] Error writing to Modbus register: A Modbus Exception Occurred - See Response Body
[2024-12-10T06:54:41.820Z] Error reading or processing Modbus registers: A Modbus Exception Occurred - See Response Body
[2024-12-10T06:54:41.822Z] Error reading register 6507 for IP 10.30.4.128: A Modbus Exception Occurred - See Response Body
[2024-12-10T06:54:41.823Z] Error reading actual data: A Modbus Exception Occurred - See Response Body
[2024-12-10T06:54:41.823Z] Error writing to Modbus register: A Modbus Exception Occurred - See Response Body
[2024-12-10T06:54:42.834Z] Error reading or processing Modbus registers: A Modbus Exception Occurred - See Response Body
[2024-12-10T06:54:42.837Z] Error reading register 6507 for IP 10.30.4.128: A Modbus Exception Occurred - See Response Body
[2024-12-10T06:54:42.838Z] Error reading actual data: A Modbus Exception Occurred - See Response Body
[2024-12-10T06:54:42.838Z] Error writing to Modbus register: A Modbus Exception Occurred - See Response Body
[2024-12-10T06:54:43.847Z] Error reading or processing Modbus registers: A Modbus Exception Occurred - See Response Body
[2024-12-10T06:54:43.850Z] Error reading register 6507 for IP 10.30.4.128: A Modbus Exception Occurred - See Response Body
[2024-12-10T06:54:43.850Z] Error reading actual data: A Modbus Exception Occurred - See Response Body
[2024-12-10T06:54:43.851Z] Error writing to Modbus register: A Modbus Exception Occurred - See Response Body
[2024-12-10T06:54:44.860Z] Error reading or processing Modbus registers: A Modbus Exception Occurred - See Response Body
[2024-12-10T06:54:44.862Z] Error reading register 6507 for IP 10.30.4.128: A Modbus Exception Occurred - See Response Body
[2024-12-10T06:54:44.863Z] Error reading actual data: A Modbus Exception Occurred - See Response Body
[2024-12-10T06:54:44.864Z] Error writing to Modbus register: A Modbus Exception Occurred - See Response Body
[2024-12-10T06:54:45.872Z] Error reading or processing Modbus registers: A Modbus Exception Occurred - See Response Body
[2024-12-10T06:54:45.874Z] Error reading register 6507 for IP 10.30.4.128: A Modbus Exception Occurred - See Response Body
[2024-12-10T06:54:45.876Z] Error reading actual data: A Modbus Exception Occurred - See Response Body
[2024-12-10T06:54:45.876Z] Error writing to Modbus register: A Modbus Exception Occurred - See Response Body
[2024-12-10T06:54:46.877Z] Error reading or processing Modbus registers: A Modbus Exception Occurred - See Response Body
[2024-12-10T06:54:46.881Z] Error reading register 6507 for IP 10.30.4.128: A Modbus Exception Occurred - See Response Body
[2024-12-10T06:54:46.882Z] Error reading actual data: A Modbus Exception Occurred - See Response Body
[2024-12-10T06:54:46.883Z] Error writing to Modbus register: A Modbus Exception Occurred - See Response Body
[2024-12-10T06:54:47.887Z] Error reading or processing Modbus registers: A Modbus Exception Occurred - See Response Body
[2024-12-10T06:54:47.889Z] Error reading register 6507 for IP 10.30.4.128: A Modbus Exception Occurred - See Response Body
[2024-12-10T06:54:47.890Z] Error reading actual data: A Modbus Exception Occurred - See Response Body
[2024-12-10T06:54:47.891Z] Error writing to Modbus register: A Modbus Exception Occurred - See Response Body
[2024-12-10T06:54:48.889Z] Error reading or processing Modbus registers: A Modbus Exception Occurred - See Response Body
[2024-12-10T06:54:48.891Z] Error reading register 6507 for IP 10.30.4.128: A Modbus Exception Occurred - See Response Body
[2024-12-10T06:54:48.892Z] Error reading actual data: A Modbus Exception Occurred - See Response Body
[2024-12-10T06:54:48.892Z] Error writing to Modbus register: A Modbus Exception Occurred - See Response Body
[2024-12-10T06:54:49.901Z] Error reading or processing Modbus registers: A Modbus Exception Occurred - See Response Body
[2024-12-10T06:54:49.904Z] Error reading register 6507 for IP 10.30.4.128: A Modbus Exception Occurred - See Response Body
[2024-12-10T06:54:49.904Z] Error reading actual data: A Modbus Exception Occurred - See Response Body
[2024-12-10T06:54:49.905Z] Error writing to Modbus register: A Modbus Exception Occurred - See Response Body
[2024-12-10T06:54:50.912Z] Error reading or processing Modbus registers: A Modbus Exception Occurred - See Response Body
[2024-12-10T06:54:50.914Z] Error reading register 6507 for IP 10.30.4.128: A Modbus Exception Occurred - See Response Body
[2024-12-10T06:54:50.915Z] Error reading actual data: A Modbus Exception Occurred - See Response Body
[2024-12-10T06:54:50.916Z] Error writing to Modbus register: A Modbus Exception Occurred - See Response Body
[2024-12-10T06:54:51.925Z] Error reading or processing Modbus registers: A Modbus Exception Occurred - See Response Body
[2024-12-10T06:54:51.927Z] Error reading register 6507 for IP 10.30.4.128: A Modbus Exception Occurred - See Response Body
[2024-12-10T06:54:51.928Z] Error reading actual data: A Modbus Exception Occurred - See Response Body
[2024-12-10T06:54:51.928Z] Error writing to Modbus register: A Modbus Exception Occurred - See Response Body
[2024-12-10T06:54:52.938Z] Error reading or processing Modbus registers: A Modbus Exception Occurred - See Response Body
[2024-12-10T06:54:52.941Z] Error reading register 6507 for IP 10.30.4.128: A Modbus Exception Occurred - See Response Body
[2024-12-10T06:54:52.941Z] Error reading actual data: A Modbus Exception Occurred - See Response Body
[2024-12-10T06:54:52.942Z] Error writing to Modbus register: A Modbus Exception Occurred - See Response Body
[2024-12-10T06:54:53.946Z] Error reading or processing Modbus registers: A Modbus Exception Occurred - See Response Body
[2024-12-10T06:54:53.949Z] Error reading register 6507 for IP 10.30.4.128: A Modbus Exception Occurred - See Response Body
[2024-12-10T06:54:53.949Z] Error reading actual data: A Modbus Exception Occurred - See Response Body
[2024-12-10T06:54:53.950Z] Error writing to Modbus register: A Modbus Exception Occurred - See Response Body
[2024-12-10T06:54:54.960Z] Error reading or processing Modbus registers: A Modbus Exception Occurred - See Response Body
[2024-12-10T06:54:54.962Z] Error reading register 6507 for IP 10.30.4.128: A Modbus Exception Occurred - See Response Body
[2024-12-10T06:54:54.963Z] Error reading actual data: A Modbus Exception Occurred - See Response Body
[2024-12-10T06:54:54.963Z] Error writing to Modbus register: A Modbus Exception Occurred - See Response Body
[2024-12-10T06:54:55.965Z] Error reading or processing Modbus registers: A Modbus Exception Occurred - See Response Body
[2024-12-10T06:54:55.967Z] Error reading register 6507 for IP 10.30.4.128: A Modbus Exception Occurred - See Response Body
[2024-12-10T06:54:55.968Z] Error reading actual data: A Modbus Exception Occurred - See Response Body
[2024-12-10T06:54:55.968Z] Error writing to Modbus register: A Modbus Exception Occurred - See Response Body
[2024-12-10T06:54:56.966Z] Error reading or processing Modbus registers: A Modbus Exception Occurred - See Response Body
[2024-12-10T06:54:56.968Z] Error reading register 6507 for IP 10.30.4.128: A Modbus Exception Occurred - See Response Body
[2024-12-10T06:54:56.969Z] Error reading actual data: A Modbus Exception Occurred - See Response Body
[2024-12-10T06:54:56.969Z] Error writing to Modbus register: A Modbus Exception Occurred - See Response Body
[2024-12-10T06:54:57.979Z] Error reading or processing Modbus registers: A Modbus Exception Occurred - See Response Body
[2024-12-10T06:54:57.981Z] Error reading register 6507 for IP 10.30.4.128: A Modbus Exception Occurred - See Response Body
[2024-12-10T06:54:57.982Z] Error reading actual data: A Modbus Exception Occurred - See Response Body
[2024-12-10T06:54:57.982Z] Error writing to Modbus register: A Modbus Exception Occurred - See Response Body
[2024-12-10T06:54:58.980Z] Error reading or processing Modbus registers: A Modbus Exception Occurred - See Response Body
[2024-12-10T06:54:58.982Z] Error reading register 6507 for IP 10.30.4.128: A Modbus Exception Occurred - See Response Body
[2024-12-10T06:54:58.983Z] Error reading actual data: A Modbus Exception Occurred - See Response Body
[2024-12-10T06:54:58.983Z] Error writing to Modbus register: A Modbus Exception Occurred - See Response Body
[2024-12-10T06:54:59.991Z] Error reading or processing Modbus registers: A Modbus Exception Occurred - See Response Body
[2024-12-10T06:54:59.993Z] Error reading register 6507 for IP 10.30.4.128: A Modbus Exception Occurred - See Response Body
[2024-12-10T06:54:59.994Z] Error reading actual data: A Modbus Exception Occurred - See Response Body
[2024-12-10T06:54:59.995Z] Error writing to Modbus register: A Modbus Exception Occurred - See Response Body
[2024-12-10T06:55:00.995Z] Error reading or processing Modbus registers: A Modbus Exception Occurred - See Response Body
[2024-12-10T06:55:00.997Z] Error reading register 6507 for IP 10.30.4.128: A Modbus Exception Occurred - See Response Body
[2024-12-10T06:55:00.997Z] Error reading actual data: A Modbus Exception Occurred - See Response Body
[2024-12-10T06:55:00.998Z] Error writing to Modbus register: A Modbus Exception Occurred - See Response Body
[2024-12-10T06:55:02.005Z] Error reading or processing Modbus registers: A Modbus Exception Occurred - See Response Body
[2024-12-10T06:55:02.007Z] Error reading register 6507 for IP 10.30.4.128: A Modbus Exception Occurred - See Response Body
[2024-12-10T06:55:02.008Z] Error reading actual data: A Modbus Exception Occurred - See Response Body
[2024-12-10T06:55:02.009Z] Error writing to Modbus register: A Modbus Exception Occurred - See Response Body
[2024-12-10T06:55:03.018Z] Error reading or processing Modbus registers: A Modbus Exception Occurred - See Response Body
[2024-12-10T06:55:03.021Z] Error reading register 6507 for IP 10.30.4.128: A Modbus Exception Occurred - See Response Body
[2024-12-10T06:55:03.021Z] Error reading actual data: A Modbus Exception Occurred - See Response Body
[2024-12-10T06:55:03.022Z] Error writing to Modbus register: A Modbus Exception Occurred - See Response Body
[2024-12-10T06:55:04.033Z] Error reading or processing Modbus registers: A Modbus Exception Occurred - See Response Body
[2024-12-10T06:55:04.035Z] Error reading register 6507 for IP 10.30.4.128: A Modbus Exception Occurred - See Response Body
[2024-12-10T06:55:04.036Z] Error reading actual data: A Modbus Exception Occurred - See Response Body
[2024-12-10T06:55:04.037Z] Error writing to Modbus register: A Modbus Exception Occurred - See Response Body
[2024-12-10T06:55:05.046Z] Error reading or processing Modbus registers: A Modbus Exception Occurred - See Response Body
[2024-12-10T06:55:05.049Z] Error reading register 6507 for IP 10.30.4.128: A Modbus Exception Occurred - See Response Body
[2024-12-10T06:55:05.050Z] Error reading actual data: A Modbus Exception Occurred - See Response Body
[2024-12-10T06:55:05.051Z] Error writing to Modbus register: A Modbus Exception Occurred - See Response Body
[2024-12-10T06:55:06.059Z] Error reading or processing Modbus registers: A Modbus Exception Occurred - See Response Body
[2024-12-10T06:55:06.061Z] Error reading register 6507 for IP 10.30.4.128: A Modbus Exception Occurred - See Response Body
[2024-12-10T06:55:06.062Z] Error reading actual data: A Modbus Exception Occurred - See Response Body
[2024-12-10T06:55:06.063Z] Error writing to Modbus register: A Modbus Exception Occurred - See Response Body
[2024-12-10T06:55:07.074Z] Error reading or processing Modbus registers: A Modbus Exception Occurred - See Response Body
[2024-12-10T06:55:07.077Z] Error reading register 6507 for IP 10.30.4.128: A Modbus Exception Occurred - See Response Body
[2024-12-10T06:55:07.078Z] Error reading actual data: A Modbus Exception Occurred - See Response Body
[2024-12-10T06:55:07.078Z] Error writing to Modbus register: A Modbus Exception Occurred - See Response Body
[2024-12-10T06:55:08.078Z] Error reading or processing Modbus registers: A Modbus Exception Occurred - See Response Body
[2024-12-10T06:55:08.080Z] Error reading register 6507 for IP 10.30.4.128: A Modbus Exception Occurred - See Response Body
[2024-12-10T06:55:08.081Z] Error reading actual data: A Modbus Exception Occurred - See Response Body
[2024-12-10T06:55:08.081Z] Error writing to Modbus register: A Modbus Exception Occurred - See Response Body
[2024-12-10T06:55:09.093Z] Error reading or processing Modbus registers: A Modbus Exception Occurred - See Response Body
[2024-12-10T06:55:09.095Z] Error reading register 6507 for IP 10.30.4.128: A Modbus Exception Occurred - See Response Body
[2024-12-10T06:55:09.096Z] Error reading actual data: A Modbus Exception Occurred - See Response Body
[2024-12-10T06:55:09.097Z] Error writing to Modbus register: A Modbus Exception Occurred - See Response Body
[2024-12-10T06:55:10.107Z] Error reading or processing Modbus registers: A Modbus Exception Occurred - See Response Body
[2024-12-10T06:55:10.109Z] Error reading register 6507 for IP 10.30.4.128: A Modbus Exception Occurred - See Response Body
[2024-12-10T06:55:10.110Z] Error reading actual data: A Modbus Exception Occurred - See Response Body
[2024-12-10T06:55:10.110Z] Error writing to Modbus register: A Modbus Exception Occurred - See Response Body
[2024-12-10T06:55:11.121Z] Error reading or processing Modbus registers: A Modbus Exception Occurred - See Response Body
[2024-12-10T06:55:11.123Z] Error reading register 6507 for IP 10.30.4.128: A Modbus Exception Occurred - See Response Body
[2024-12-10T06:55:11.124Z] Error reading actual data: A Modbus Exception Occurred - See Response Body
[2024-12-10T06:55:11.124Z] Error writing to Modbus register: A Modbus Exception Occurred - See Response Body
[2024-12-10T06:55:12.132Z] Error reading or processing Modbus registers: A Modbus Exception Occurred - See Response Body
[2024-12-10T06:55:12.135Z] Error reading register 6507 for IP 10.30.4.128: A Modbus Exception Occurred - See Response Body
[2024-12-10T06:55:12.136Z] Error reading actual data: A Modbus Exception Occurred - See Response Body
[2024-12-10T06:55:12.136Z] Error writing to Modbus register: A Modbus Exception Occurred - See Response Body
[2024-12-10T06:55:13.134Z] Error reading or processing Modbus registers: A Modbus Exception Occurred - See Response Body
[2024-12-10T06:55:13.136Z] Error reading register 6507 for IP 10.30.4.128: A Modbus Exception Occurred - See Response Body
[2024-12-10T06:55:13.137Z] Error reading actual data: A Modbus Exception Occurred - See Response Body
[2024-12-10T06:55:13.138Z] Error writing to Modbus register: A Modbus Exception Occurred - See Response Body
[2024-12-10T06:55:14.148Z] Error reading or processing Modbus registers: A Modbus Exception Occurred - See Response Body
[2024-12-10T06:55:14.150Z] Error reading register 6507 for IP 10.30.4.128: A Modbus Exception Occurred - See Response Body
[2024-12-10T06:55:14.150Z] Error reading actual data: A Modbus Exception Occurred - See Response Body
[2024-12-10T06:55:14.151Z] Error writing to Modbus register: A Modbus Exception Occurred - See Response Body
[2024-12-10T06:55:15.146Z] Error reading or processing Modbus registers: A Modbus Exception Occurred - See Response Body
[2024-12-10T06:55:15.151Z] Error reading register 6507 for IP 10.30.4.128: A Modbus Exception Occurred - See Response Body
[2024-12-10T06:55:15.152Z] Error reading actual data: A Modbus Exception Occurred - See Response Body
[2024-12-10T06:55:15.152Z] Error writing to Modbus register: A Modbus Exception Occurred - See Response Body
[2024-12-10T06:55:16.160Z] Error reading or processing Modbus registers: A Modbus Exception Occurred - See Response Body
[2024-12-10T06:55:16.163Z] Error reading register 6507 for IP 10.30.4.128: A Modbus Exception Occurred - See Response Body
[2024-12-10T06:55:16.164Z] Error reading actual data: A Modbus Exception Occurred - See Response Body
[2024-12-10T06:55:16.164Z] Error writing to Modbus register: A Modbus Exception Occurred - See Response Body
[2024-12-10T06:55:17.162Z] Error reading or processing Modbus registers: A Modbus Exception Occurred - See Response Body
[2024-12-10T06:55:17.164Z] Error reading register 6507 for IP 10.30.4.128: A Modbus Exception Occurred - See Response Body
[2024-12-10T06:55:17.165Z] Error reading actual data: A Modbus Exception Occurred - See Response Body
[2024-12-10T06:55:17.165Z] Error writing to Modbus register: A Modbus Exception Occurred - See Response Body
[2024-12-10T06:55:18.174Z] Error reading or processing Modbus registers: A Modbus Exception Occurred - See Response Body
[2024-12-10T06:55:18.176Z] Error reading register 6507 for IP 10.30.4.128: A Modbus Exception Occurred - See Response Body
[2024-12-10T06:55:18.177Z] Error reading actual data: A Modbus Exception Occurred - See Response Body
[2024-12-10T06:55:18.177Z] Error writing to Modbus register: A Modbus Exception Occurred - See Response Body
[2024-12-10T06:55:19.189Z] Error reading or processing Modbus registers: A Modbus Exception Occurred - See Response Body
[2024-12-10T06:55:19.192Z] Error reading register 6507 for IP 10.30.4.128: A Modbus Exception Occurred - See Response Body
[2024-12-10T06:55:19.192Z] Error reading actual data: A Modbus Exception Occurred - See Response Body
[2024-12-10T06:55:19.193Z] Error writing to Modbus register: A Modbus Exception Occurred - See Response Body
[2024-12-10T06:55:20.202Z] Error reading or processing Modbus registers: A Modbus Exception Occurred - See Response Body
[2024-12-10T06:55:20.204Z] Error reading register 6507 for IP 10.30.4.128: A Modbus Exception Occurred - See Response Body
[2024-12-10T06:55:20.204Z] Error reading actual data: A Modbus Exception Occurred - See Response Body
[2024-12-10T06:55:20.205Z] Error writing to Modbus register: A Modbus Exception Occurred - See Response Body
[2024-12-10T06:55:21.207Z] Error reading or processing Modbus registers: A Modbus Exception Occurred - See Response Body
[2024-12-10T06:55:21.210Z] Error reading register 6507 for IP 10.30.4.128: A Modbus Exception Occurred - See Response Body
[2024-12-10T06:55:21.211Z] Error reading actual data: A Modbus Exception Occurred - See Response Body
[2024-12-10T06:55:21.212Z] Error writing to Modbus register: A Modbus Exception Occurred - See Response Body
[2024-12-10T06:55:22.208Z] Error reading or processing Modbus registers: A Modbus Exception Occurred - See Response Body
[2024-12-10T06:55:22.212Z] Error reading register 6507 for IP 10.30.4.128: A Modbus Exception Occurred - See Response Body
[2024-12-10T06:55:22.212Z] Error reading actual data: A Modbus Exception Occurred - See Response Body
[2024-12-10T06:55:22.213Z] Error writing to Modbus register: A Modbus Exception Occurred - See Response Body
[2024-12-10T06:55:23.221Z] Error reading or processing Modbus registers: A Modbus Exception Occurred - See Response Body
[2024-12-10T06:55:23.223Z] Error reading register 6507 for IP 10.30.4.128: A Modbus Exception Occurred - See Response Body
[2024-12-10T06:55:23.224Z] Error reading actual data: A Modbus Exception Occurred - See Response Body
[2024-12-10T06:55:23.225Z] Error writing to Modbus register: A Modbus Exception Occurred - See Response Body
[2024-12-10T06:55:24.233Z] Error reading or processing Modbus registers: A Modbus Exception Occurred - See Response Body
[2024-12-10T06:55:24.235Z] Error reading register 6507 for IP 10.30.4.128: A Modbus Exception Occurred - See Response Body
[2024-12-10T06:55:24.236Z] Error reading actual data: A Modbus Exception Occurred - See Response Body
[2024-12-10T06:55:24.236Z] Error writing to Modbus register: A Modbus Exception Occurred - See Response Body
[2024-12-10T06:55:25.245Z] Error reading or processing Modbus registers: A Modbus Exception Occurred - See Response Body
[2024-12-10T06:55:25.247Z] Error reading register 6507 for IP 10.30.4.128: A Modbus Exception Occurred - See Response Body
[2024-12-10T06:55:25.248Z] Error reading actual data: A Modbus Exception Occurred - See Response Body
[2024-12-10T06:55:25.249Z] Error writing to Modbus register: A Modbus Exception Occurred - See Response Body
[2024-12-10T06:55:26.259Z] Error reading or processing Modbus registers: A Modbus Exception Occurred - See Response Body
[2024-12-10T06:55:26.262Z] Error reading register 6507 for IP 10.30.4.128: A Modbus Exception Occurred - See Response Body
[2024-12-10T06:55:26.263Z] Error reading actual data: A Modbus Exception Occurred - See Response Body
[2024-12-10T06:55:26.263Z] Error writing to Modbus register: A Modbus Exception Occurred - See Response Body
[2024-12-10T06:55:27.271Z] Error reading or processing Modbus registers: A Modbus Exception Occurred - See Response Body
[2024-12-10T06:55:27.274Z] Error reading register 6507 for IP 10.30.4.128: A Modbus Exception Occurred - See Response Body
[2024-12-10T06:55:27.275Z] Error reading actual data: A Modbus Exception Occurred - See Response Body
[2024-12-10T06:55:27.275Z] Error writing to Modbus register: A Modbus Exception Occurred - See Response Body
[2024-12-10T06:55:28.271Z] Error reading or processing Modbus registers: A Modbus Exception Occurred - See Response Body
[2024-12-10T06:55:28.274Z] Error reading register 6507 for IP 10.30.4.128: A Modbus Exception Occurred - See Response Body
[2024-12-10T06:55:28.275Z] Error reading actual data: A Modbus Exception Occurred - See Response Body
[2024-12-10T06:55:28.276Z] Error writing to Modbus register: A Modbus Exception Occurred - See Response Body
[2024-12-10T06:55:29.272Z] Error reading or processing Modbus registers: A Modbus Exception Occurred - See Response Body
[2024-12-10T06:55:29.274Z] Error reading register 6507 for IP 10.30.4.128: A Modbus Exception Occurred - See Response Body
[2024-12-10T06:55:29.275Z] Error reading actual data: A Modbus Exception Occurred - See Response Body
[2024-12-10T06:55:29.275Z] Error writing to Modbus register: A Modbus Exception Occurred - See Response Body
[2024-12-10T06:55:30.272Z] Error reading or processing Modbus registers: A Modbus Exception Occurred - See Response Body
[2024-12-10T06:55:30.274Z] Error reading register 6507 for IP 10.30.4.128: A Modbus Exception Occurred - See Response Body
[2024-12-10T06:55:30.275Z] Error reading actual data: A Modbus Exception Occurred - See Response Body
[2024-12-10T06:55:30.276Z] Error writing to Modbus register: A Modbus Exception Occurred - See Response Body
[2024-12-10T06:55:31.286Z] Error reading or processing Modbus registers: A Modbus Exception Occurred - See Response Body
[2024-12-10T06:55:31.289Z] Error reading register 6507 for IP 10.30.4.128: A Modbus Exception Occurred - See Response Body
[2024-12-10T06:55:31.289Z] Error reading actual data: A Modbus Exception Occurred - See Response Body
[2024-12-10T06:55:31.290Z] Error writing to Modbus register: A Modbus Exception Occurred - See Response Body
[2024-12-10T06:55:32.300Z] Error reading or processing Modbus registers: A Modbus Exception Occurred - See Response Body
[2024-12-10T06:55:32.302Z] Error reading register 6507 for IP 10.30.4.128: A Modbus Exception Occurred - See Response Body
[2024-12-10T06:55:32.303Z] Error reading actual data: A Modbus Exception Occurred - See Response Body
[2024-12-10T06:55:32.304Z] Error writing to Modbus register: A Modbus Exception Occurred - See Response Body
[2024-12-10T06:55:33.313Z] Error reading or processing Modbus registers: A Modbus Exception Occurred - See Response Body
[2024-12-10T06:55:33.316Z] Error reading register 6507 for IP 10.30.4.128: A Modbus Exception Occurred - See Response Body
[2024-12-10T06:55:33.316Z] Error reading actual data: A Modbus Exception Occurred - See Response Body
[2024-12-10T06:55:33.317Z] Error writing to Modbus register: A Modbus Exception Occurred - See Response Body
[2024-12-10T06:55:34.313Z] Error reading or processing Modbus registers: A Modbus Exception Occurred - See Response Body
[2024-12-10T06:55:34.315Z] Error reading register 6507 for IP 10.30.4.128: A Modbus Exception Occurred - See Response Body
[2024-12-10T06:55:34.316Z] Error reading actual data: A Modbus Exception Occurred - See Response Body
[2024-12-10T06:55:34.317Z] Error writing to Modbus register: A Modbus Exception Occurred - See Response Body
[2024-12-10T06:55:35.330Z] Error reading or processing Modbus registers: A Modbus Exception Occurred - See Response Body
[2024-12-10T06:55:35.333Z] Error reading register 6507 for IP 10.30.4.128: A Modbus Exception Occurred - See Response Body
[2024-12-10T06:55:35.334Z] Error reading actual data: A Modbus Exception Occurred - See Response Body
[2024-12-10T06:55:35.334Z] Error writing to Modbus register: A Modbus Exception Occurred - See Response Body
[2024-12-10T06:55:36.340Z] Error reading or processing Modbus registers: A Modbus Exception Occurred - See Response Body
[2024-12-10T06:55:36.342Z] Error reading register 6507 for IP 10.30.4.128: A Modbus Exception Occurred - See Response Body
[2024-12-10T06:55:36.343Z] Error reading actual data: A Modbus Exception Occurred - See Response Body
[2024-12-10T06:55:36.343Z] Error writing to Modbus register: A Modbus Exception Occurred - See Response Body
[2024-12-10T06:55:37.343Z] Error reading or processing Modbus registers: A Modbus Exception Occurred - See Response Body
[2024-12-10T06:55:37.346Z] Error reading register 6507 for IP 10.30.4.128: A Modbus Exception Occurred - See Response Body
[2024-12-10T06:55:37.346Z] Error reading actual data: A Modbus Exception Occurred - See Response Body
[2024-12-10T06:55:37.347Z] Error writing to Modbus register: A Modbus Exception Occurred - See Response Body
[2024-12-10T06:55:38.345Z] Error reading or processing Modbus registers: A Modbus Exception Occurred - See Response Body
[2024-12-10T06:55:38.347Z] Error reading register 6507 for IP 10.30.4.128: A Modbus Exception Occurred - See Response Body
[2024-12-10T06:55:38.348Z] Error reading actual data: A Modbus Exception Occurred - See Response Body
[2024-12-10T06:55:38.348Z] Error writing to Modbus register: A Modbus Exception Occurred - See Response Body
[2024-12-10T06:55:39.348Z] Error reading or processing Modbus registers: A Modbus Exception Occurred - See Response Body
[2024-12-10T06:55:39.350Z] Error reading register 6507 for IP 10.30.4.128: A Modbus Exception Occurred - See Response Body
[2024-12-10T06:55:39.351Z] Error reading actual data: A Modbus Exception Occurred - See Response Body
[2024-12-10T06:55:39.351Z] Error writing to Modbus register: A Modbus Exception Occurred - See Response Body
[2024-12-10T06:55:40.362Z] Error reading or processing Modbus registers: A Modbus Exception Occurred - See Response Body
[2024-12-10T06:55:40.364Z] Error reading register 6507 for IP 10.30.4.128: A Modbus Exception Occurred - See Response Body
[2024-12-10T06:55:40.364Z] Error reading actual data: A Modbus Exception Occurred - See Response Body
[2024-12-10T06:55:40.365Z] Error writing to Modbus register: A Modbus Exception Occurred - See Response Body
[2024-12-10T06:55:41.377Z] Error reading or processing Modbus registers: A Modbus Exception Occurred - See Response Body
[2024-12-10T06:55:41.379Z] Error reading register 6507 for IP 10.30.4.128: A Modbus Exception Occurred - See Response Body
[2024-12-10T06:55:41.380Z] Error reading actual data: A Modbus Exception Occurred - See Response Body
[2024-12-10T06:55:41.380Z] Error writing to Modbus register: A Modbus Exception Occurred - See Response Body
[2024-12-10T06:55:42.377Z] Error reading or processing Modbus registers: A Modbus Exception Occurred - See Response Body
[2024-12-10T06:55:42.379Z] Error reading register 6507 for IP 10.30.4.128: A Modbus Exception Occurred - See Response Body
[2024-12-10T06:55:42.380Z] Error reading actual data: A Modbus Exception Occurred - See Response Body
[2024-12-10T06:55:42.380Z] Error writing to Modbus register: A Modbus Exception Occurred - See Response Body
[2024-12-10T06:55:43.391Z] Error reading or processing Modbus registers: A Modbus Exception Occurred - See Response Body
[2024-12-10T06:55:43.393Z] Error reading register 6507 for IP 10.30.4.128: A Modbus Exception Occurred - See Response Body
[2024-12-10T06:55:43.394Z] Error reading actual data: A Modbus Exception Occurred - See Response Body
[2024-12-10T06:55:43.394Z] Error writing to Modbus register: A Modbus Exception Occurred - See Response Body
[2024-12-10T06:55:44.405Z] Error reading or processing Modbus registers: A Modbus Exception Occurred - See Response Body
[2024-12-10T06:55:44.409Z] Error reading register 6507 for IP 10.30.4.128: A Modbus Exception Occurred - See Response Body
[2024-12-10T06:55:44.410Z] Error reading actual data: A Modbus Exception Occurred - See Response Body
[2024-12-10T06:55:44.411Z] Error writing to Modbus register: A Modbus Exception Occurred - See Response Body
[2024-12-10T06:55:45.415Z] Error reading or processing Modbus registers: A Modbus Exception Occurred - See Response Body
[2024-12-10T06:55:45.417Z] Error reading register 6507 for IP 10.30.4.128: A Modbus Exception Occurred - See Response Body
[2024-12-10T06:55:45.418Z] Error reading actual data: A Modbus Exception Occurred - See Response Body
[2024-12-10T06:55:45.419Z] Error writing to Modbus register: A Modbus Exception Occurred - See Response Body
[2024-12-10T06:55:46.415Z] Error reading or processing Modbus registers: A Modbus Exception Occurred - See Response Body
[2024-12-10T06:55:46.417Z] Error reading register 6507 for IP 10.30.4.128: A Modbus Exception Occurred - See Response Body
[2024-12-10T06:55:46.418Z] Error reading actual data: A Modbus Exception Occurred - See Response Body
[2024-12-10T06:55:46.419Z] Error writing to Modbus register: A Modbus Exception Occurred - See Response Body
[2024-12-10T06:55:47.429Z] Error reading or processing Modbus registers: A Modbus Exception Occurred - See Response Body
[2024-12-10T06:55:47.432Z] Error reading register 6507 for IP 10.30.4.128: A Modbus Exception Occurred - See Response Body
[2024-12-10T06:55:47.432Z] Error reading actual data: A Modbus Exception Occurred - See Response Body
[2024-12-10T06:55:47.433Z] Error writing to Modbus register: A Modbus Exception Occurred - See Response Body
[2024-12-10T06:55:48.444Z] Error reading or processing Modbus registers: A Modbus Exception Occurred - See Response Body
[2024-12-10T06:55:48.447Z] Error reading register 6507 for IP 10.30.4.128: A Modbus Exception Occurred - See Response Body
[2024-12-10T06:55:48.447Z] Error reading actual data: A Modbus Exception Occurred - See Response Body
[2024-12-10T06:55:48.448Z] Error writing to Modbus register: A Modbus Exception Occurred - See Response Body
[2024-12-10T06:55:49.460Z] Error reading or processing Modbus registers: A Modbus Exception Occurred - See Response Body
[2024-12-10T06:55:49.462Z] Error reading register 6507 for IP 10.30.4.128: A Modbus Exception Occurred - See Response Body
[2024-12-10T06:55:49.463Z] Error reading actual data: A Modbus Exception Occurred - See Response Body
[2024-12-10T06:55:49.463Z] Error writing to Modbus register: A Modbus Exception Occurred - See Response Body
[2024-12-10T06:55:50.473Z] Error reading or processing Modbus registers: A Modbus Exception Occurred - See Response Body
[2024-12-10T06:55:50.476Z] Error reading register 6507 for IP 10.30.4.128: A Modbus Exception Occurred - See Response Body
[2024-12-10T06:55:50.477Z] Error reading actual data: A Modbus Exception Occurred - See Response Body
[2024-12-10T06:55:50.477Z] Error writing to Modbus register: A Modbus Exception Occurred - See Response Body
[2024-12-10T06:55:51.475Z] Error reading or processing Modbus registers: A Modbus Exception Occurred - See Response Body
[2024-12-10T06:55:51.477Z] Error reading register 6507 for IP 10.30.4.128: A Modbus Exception Occurred - See Response Body
[2024-12-10T06:55:51.478Z] Error reading actual data: A Modbus Exception Occurred - See Response Body
[2024-12-10T06:55:51.479Z] Error writing to Modbus register: A Modbus Exception Occurred - See Response Body
[2024-12-10T06:55:52.485Z] Error reading or processing Modbus registers: A Modbus Exception Occurred - See Response Body
[2024-12-10T06:55:52.487Z] Error reading register 6507 for IP 10.30.4.128: A Modbus Exception Occurred - See Response Body
[2024-12-10T06:55:52.488Z] Error reading actual data: A Modbus Exception Occurred - See Response Body
[2024-12-10T06:55:52.489Z] Error writing to Modbus register: A Modbus Exception Occurred - See Response Body
[2024-12-10T06:55:53.498Z] Error reading or processing Modbus registers: A Modbus Exception Occurred - See Response Body
[2024-12-10T06:55:53.500Z] Error reading register 6507 for IP 10.30.4.128: A Modbus Exception Occurred - See Response Body
[2024-12-10T06:55:53.501Z] Error reading actual data: A Modbus Exception Occurred - See Response Body
[2024-12-10T06:55:53.502Z] Error writing to Modbus register: A Modbus Exception Occurred - See Response Body
[2024-12-10T06:55:54.511Z] Error reading or processing Modbus registers: A Modbus Exception Occurred - See Response Body
[2024-12-10T06:55:54.513Z] Error reading register 6507 for IP 10.30.4.128: A Modbus Exception Occurred - See Response Body
[2024-12-10T06:55:54.514Z] Error reading actual data: A Modbus Exception Occurred - See Response Body
[2024-12-10T06:55:54.514Z] Error writing to Modbus register: A Modbus Exception Occurred - See Response Body
[2024-12-10T06:55:55.511Z] Error reading or processing Modbus registers: A Modbus Exception Occurred - See Response Body
[2024-12-10T06:55:55.514Z] Error reading register 6507 for IP 10.30.4.128: A Modbus Exception Occurred - See Response Body
[2024-12-10T06:55:55.515Z] Error reading actual data: A Modbus Exception Occurred - See Response Body
[2024-12-10T06:55:55.515Z] Error writing to Modbus register: A Modbus Exception Occurred - See Response Body
[2024-12-10T06:55:56.525Z] Error reading or processing Modbus registers: A Modbus Exception Occurred - See Response Body
[2024-12-10T06:55:56.528Z] Error reading register 6507 for IP 10.30.4.128: A Modbus Exception Occurred - See Response Body
[2024-12-10T06:55:56.529Z] Error reading actual data: A Modbus Exception Occurred - See Response Body
[2024-12-10T06:55:56.529Z] Error writing to Modbus register: A Modbus Exception Occurred - See Response Body
[2024-12-10T06:55:57.534Z] Error reading or processing Modbus registers: A Modbus Exception Occurred - See Response Body
[2024-12-10T06:55:57.536Z] Error reading register 6507 for IP 10.30.4.128: A Modbus Exception Occurred - See Response Body
[2024-12-10T06:55:57.537Z] Error reading actual data: A Modbus Exception Occurred - See Response Body
[2024-12-10T06:55:57.540Z] Error writing to Modbus register: A Modbus Exception Occurred - See Response Body
[2024-12-10T06:55:58.539Z] Error reading or processing Modbus registers: A Modbus Exception Occurred - See Response Body
[2024-12-10T06:55:58.541Z] Error reading register 6507 for IP 10.30.4.128: A Modbus Exception Occurred - See Response Body
[2024-12-10T06:55:58.542Z] Error reading actual data: A Modbus Exception Occurred - See Response Body
[2024-12-10T06:55:58.542Z] Error writing to Modbus register: A Modbus Exception Occurred - See Response Body
[2024-12-10T06:55:59.538Z] Error reading or processing Modbus registers: A Modbus Exception Occurred - See Response Body
[2024-12-10T06:55:59.540Z] Error reading register 6507 for IP 10.30.4.128: A Modbus Exception Occurred - See Response Body
[2024-12-10T06:55:59.541Z] Error reading actual data: A Modbus Exception Occurred - See Response Body
[2024-12-10T06:55:59.541Z] Error writing to Modbus register: A Modbus Exception Occurred - See Response Body
[2024-12-10T06:56:00.553Z] Error reading or processing Modbus registers: A Modbus Exception Occurred - See Response Body
[2024-12-10T06:56:00.555Z] Error reading register 6507 for IP 10.30.4.128: A Modbus Exception Occurred - See Response Body
[2024-12-10T06:56:00.556Z] Error reading actual data: A Modbus Exception Occurred - See Response Body
[2024-12-10T06:56:00.556Z] Error writing to Modbus register: A Modbus Exception Occurred - See Response Body
[2024-12-10T06:56:01.568Z] Error reading or processing Modbus registers: A Modbus Exception Occurred - See Response Body
[2024-12-10T06:56:01.570Z] Error reading register 6507 for IP 10.30.4.128: A Modbus Exception Occurred - See Response Body
[2024-12-10T06:56:01.571Z] Error reading actual data: A Modbus Exception Occurred - See Response Body
[2024-12-10T06:56:01.571Z] Error writing to Modbus register: A Modbus Exception Occurred - See Response Body
[2024-12-10T06:56:02.568Z] Error reading or processing Modbus registers: A Modbus Exception Occurred - See Response Body
[2024-12-10T06:56:02.571Z] Error reading register 6507 for IP 10.30.4.128: A Modbus Exception Occurred - See Response Body
[2024-12-10T06:56:02.572Z] Error reading actual data: A Modbus Exception Occurred - See Response Body
[2024-12-10T06:56:02.572Z] Error writing to Modbus register: A Modbus Exception Occurred - See Response Body
[2024-12-10T06:56:03.571Z] Error reading or processing Modbus registers: A Modbus Exception Occurred - See Response Body
[2024-12-10T06:56:03.574Z] Error reading register 6507 for IP 10.30.4.128: A Modbus Exception Occurred - See Response Body
[2024-12-10T06:56:03.575Z] Error writing to Modbus register: A Modbus Exception Occurred - See Response Body
[2024-12-10T06:56:03.574Z] Error reading actual data: A Modbus Exception Occurred - See Response Body
[2024-12-10T06:56:04.586Z] Error reading or processing Modbus registers: A Modbus Exception Occurred - See Response Body
[2024-12-10T06:56:04.588Z] Error reading register 6507 for IP 10.30.4.128: A Modbus Exception Occurred - See Response Body
[2024-12-10T06:56:04.589Z] Error reading actual data: A Modbus Exception Occurred - See Response Body
[2024-12-10T06:56:04.589Z] Error writing to Modbus register: A Modbus Exception Occurred - See Response Body
[2024-12-10T06:56:05.600Z] Error reading or processing Modbus registers: A Modbus Exception Occurred - See Response Body
[2024-12-10T06:56:05.602Z] Error reading register 6507 for IP 10.30.4.128: A Modbus Exception Occurred - See Response Body
[2024-12-10T06:56:05.603Z] Error reading actual data: A Modbus Exception Occurred - See Response Body
[2024-12-10T06:56:05.603Z] Error writing to Modbus register: A Modbus Exception Occurred - See Response Body
[2024-12-10T06:56:06.598Z] Error reading or processing Modbus registers: A Modbus Exception Occurred - See Response Body
[2024-12-10T06:56:06.601Z] Error reading actual data: A Modbus Exception Occurred - See Response Body
[2024-12-10T06:56:06.600Z] Error reading register 6507 for IP 10.30.4.128: A Modbus Exception Occurred - See Response Body
[2024-12-10T06:56:06.601Z] Error writing to Modbus register: A Modbus Exception Occurred - See Response Body
[2024-12-10T06:56:07.612Z] Error reading or processing Modbus registers: A Modbus Exception Occurred - See Response Body
[2024-12-10T06:56:07.615Z] Error reading register 6507 for IP 10.30.4.128: A Modbus Exception Occurred - See Response Body
[2024-12-10T06:56:07.616Z] Error reading actual data: A Modbus Exception Occurred - See Response Body
[2024-12-10T06:56:07.617Z] Error writing to Modbus register: A Modbus Exception Occurred - See Response Body
[2024-12-10T06:56:08.613Z] Error reading or processing Modbus registers: A Modbus Exception Occurred - See Response Body
[2024-12-10T06:56:08.616Z] Error reading register 6507 for IP 10.30.4.128: A Modbus Exception Occurred - See Response Body
[2024-12-10T06:56:08.617Z] Error reading actual data: A Modbus Exception Occurred - See Response Body
[2024-12-10T06:56:08.617Z] Error writing to Modbus register: A Modbus Exception Occurred - See Response Body
[2024-12-10T06:56:09.627Z] Error reading or processing Modbus registers: A Modbus Exception Occurred - See Response Body
[2024-12-10T06:56:09.630Z] Error reading register 6507 for IP 10.30.4.128: A Modbus Exception Occurred - See Response Body
[2024-12-10T06:56:09.631Z] Error reading actual data: A Modbus Exception Occurred - See Response Body
[2024-12-10T06:56:09.631Z] Error writing to Modbus register: A Modbus Exception Occurred - See Response Body
[2024-12-10T06:56:10.627Z] Error reading or processing Modbus registers: A Modbus Exception Occurred - See Response Body
[2024-12-10T06:56:10.630Z] Error reading register 6507 for IP 10.30.4.128: A Modbus Exception Occurred - See Response Body
[2024-12-10T06:56:10.630Z] Error reading actual data: A Modbus Exception Occurred - See Response Body
[2024-12-10T06:56:10.631Z] Error writing to Modbus register: A Modbus Exception Occurred - See Response Body
[2024-12-10T06:56:11.642Z] Error reading or processing Modbus registers: A Modbus Exception Occurred - See Response Body
[2024-12-10T06:56:11.644Z] Error reading register 6507 for IP 10.30.4.128: A Modbus Exception Occurred - See Response Body
[2024-12-10T06:56:11.645Z] Error reading actual data: A Modbus Exception Occurred - See Response Body
[2024-12-10T06:56:11.646Z] Error writing to Modbus register: A Modbus Exception Occurred - See Response Body
[2024-12-10T06:56:12.655Z] Error reading or processing Modbus registers: A Modbus Exception Occurred - See Response Body
[2024-12-10T06:56:12.658Z] Error reading register 6507 for IP 10.30.4.128: A Modbus Exception Occurred - See Response Body
[2024-12-10T06:56:12.658Z] Error reading actual data: A Modbus Exception Occurred - See Response Body
[2024-12-10T06:56:12.659Z] Error writing to Modbus register: A Modbus Exception Occurred - See Response Body
[2024-12-10T06:56:13.658Z] Error reading or processing Modbus registers: A Modbus Exception Occurred - See Response Body
[2024-12-10T06:56:13.661Z] Error reading register 6507 for IP 10.30.4.128: A Modbus Exception Occurred - See Response Body
[2024-12-10T06:56:13.661Z] Error reading actual data: A Modbus Exception Occurred - See Response Body
[2024-12-10T06:56:13.662Z] Error writing to Modbus register: A Modbus Exception Occurred - See Response Body
[2024-12-10T06:56:14.659Z] Error reading or processing Modbus registers: A Modbus Exception Occurred - See Response Body
[2024-12-10T06:56:14.662Z] Error reading register 6507 for IP 10.30.4.128: A Modbus Exception Occurred - See Response Body
[2024-12-10T06:56:14.663Z] Error reading actual data: A Modbus Exception Occurred - See Response Body
[2024-12-10T06:56:14.663Z] Error writing to Modbus register: A Modbus Exception Occurred - See Response Body
[2024-12-10T06:56:15.672Z] Error reading or processing Modbus registers: A Modbus Exception Occurred - See Response Body
[2024-12-10T06:56:15.674Z] Error reading register 6507 for IP 10.30.4.128: A Modbus Exception Occurred - See Response Body
[2024-12-10T06:56:15.675Z] Error reading actual data: A Modbus Exception Occurred - See Response Body
[2024-12-10T06:56:15.675Z] Error writing to Modbus register: A Modbus Exception Occurred - See Response Body
[2024-12-10T06:56:16.687Z] Error reading or processing Modbus registers: A Modbus Exception Occurred - See Response Body
[2024-12-10T06:56:16.689Z] Error reading register 6507 for IP 10.30.4.128: A Modbus Exception Occurred - See Response Body
[2024-12-10T06:56:16.690Z] Error reading actual data: A Modbus Exception Occurred - See Response Body
[2024-12-10T06:56:16.690Z] Error writing to Modbus register: A Modbus Exception Occurred - See Response Body
[2024-12-10T06:56:17.702Z] Error reading or processing Modbus registers: A Modbus Exception Occurred - See Response Body
[2024-12-10T06:56:17.704Z] Error reading register 6507 for IP 10.30.4.128: A Modbus Exception Occurred - See Response Body
[2024-12-10T06:56:17.704Z] Error reading actual data: A Modbus Exception Occurred - See Response Body
[2024-12-10T06:56:17.705Z] Error writing to Modbus register: A Modbus Exception Occurred - See Response Body
[2024-12-10T06:56:18.714Z] Error reading or processing Modbus registers: A Modbus Exception Occurred - See Response Body
[2024-12-10T06:56:18.716Z] Error reading register 6507 for IP 10.30.4.128: A Modbus Exception Occurred - See Response Body
[2024-12-10T06:56:18.717Z] Error reading actual data: A Modbus Exception Occurred - See Response Body
[2024-12-10T06:56:18.718Z] Error writing to Modbus register: A Modbus Exception Occurred - See Response Body
[2024-12-10T06:56:19.729Z] Error reading or processing Modbus registers: A Modbus Exception Occurred - See Response Body
[2024-12-10T06:56:19.731Z] Error reading register 6507 for IP 10.30.4.128: A Modbus Exception Occurred - See Response Body
[2024-12-10T06:56:19.732Z] Error reading actual data: A Modbus Exception Occurred - See Response Body
[2024-12-10T06:56:19.732Z] Error writing to Modbus register: A Modbus Exception Occurred - See Response Body
[2024-12-10T06:56:20.730Z] Error reading or processing Modbus registers: A Modbus Exception Occurred - See Response Body
[2024-12-10T06:56:20.732Z] Error reading register 6507 for IP 10.30.4.128: A Modbus Exception Occurred - See Response Body
[2024-12-10T06:56:20.733Z] Error reading actual data: A Modbus Exception Occurred - See Response Body
[2024-12-10T06:56:20.733Z] Error writing to Modbus register: A Modbus Exception Occurred - See Response Body
[2024-12-10T06:56:21.741Z] Error reading or processing Modbus registers: A Modbus Exception Occurred - See Response Body
[2024-12-10T06:56:21.744Z] Error reading register 6507 for IP 10.30.4.128: A Modbus Exception Occurred - See Response Body
[2024-12-10T06:56:21.744Z] Error reading actual data: A Modbus Exception Occurred - See Response Body
[2024-12-10T06:56:21.745Z] Error writing to Modbus register: A Modbus Exception Occurred - See Response Body
[2024-12-10T06:56:22.744Z] Error reading or processing Modbus registers: A Modbus Exception Occurred - See Response Body
[2024-12-10T06:56:22.746Z] Error reading register 6507 for IP 10.30.4.128: A Modbus Exception Occurred - See Response Body
[2024-12-10T06:56:22.748Z] Error reading actual data: A Modbus Exception Occurred - See Response Body
[2024-12-10T06:56:22.749Z] Error writing to Modbus register: A Modbus Exception Occurred - See Response Body
[2024-12-10T06:56:23.756Z] Error reading or processing Modbus registers: A Modbus Exception Occurred - See Response Body
[2024-12-10T06:56:23.758Z] Error reading register 6507 for IP 10.30.4.128: A Modbus Exception Occurred - See Response Body
[2024-12-10T06:56:23.759Z] Error reading actual data: A Modbus Exception Occurred - See Response Body
[2024-12-10T06:56:23.759Z] Error writing to Modbus register: A Modbus Exception Occurred - See Response Body
[2024-12-10T06:56:24.756Z] Error reading or processing Modbus registers: A Modbus Exception Occurred - See Response Body
[2024-12-10T06:56:24.758Z] Error reading register 6507 for IP 10.30.4.128: A Modbus Exception Occurred - See Response Body
[2024-12-10T06:56:24.758Z] Error reading actual data: A Modbus Exception Occurred - See Response Body
[2024-12-10T06:56:24.759Z] Error writing to Modbus register: A Modbus Exception Occurred - See Response Body
[2024-12-10T06:56:25.766Z] Error reading or processing Modbus registers: A Modbus Exception Occurred - See Response Body
[2024-12-10T06:56:25.769Z] Error reading register 6507 for IP 10.30.4.128: A Modbus Exception Occurred - See Response Body
[2024-12-10T06:56:25.769Z] Error reading actual data: A Modbus Exception Occurred - See Response Body
[2024-12-10T06:56:25.770Z] Error writing to Modbus register: A Modbus Exception Occurred - See Response Body
[2024-12-10T06:56:26.779Z] Error reading or processing Modbus registers: A Modbus Exception Occurred - See Response Body
[2024-12-10T06:56:26.782Z] Error reading register 6507 for IP 10.30.4.128: A Modbus Exception Occurred - See Response Body
[2024-12-10T06:56:26.782Z] Error reading actual data: A Modbus Exception Occurred - See Response Body
[2024-12-10T06:56:26.783Z] Error writing to Modbus register: A Modbus Exception Occurred - See Response Body
[2024-12-10T06:56:27.779Z] Error reading or processing Modbus registers: A Modbus Exception Occurred - See Response Body
[2024-12-10T06:56:27.782Z] Error reading register 6507 for IP 10.30.4.128: A Modbus Exception Occurred - See Response Body
[2024-12-10T06:56:27.783Z] Error reading actual data: A Modbus Exception Occurred - See Response Body
[2024-12-10T06:56:27.784Z] Error writing to Modbus register: A Modbus Exception Occurred - See Response Body
[2024-12-10T06:56:28.781Z] Error reading or processing Modbus registers: A Modbus Exception Occurred - See Response Body
[2024-12-10T06:56:28.783Z] Error reading register 6507 for IP 10.30.4.128: A Modbus Exception Occurred - See Response Body
[2024-12-10T06:56:28.784Z] Error reading actual data: A Modbus Exception Occurred - See Response Body
[2024-12-10T06:56:28.785Z] Error writing to Modbus register: A Modbus Exception Occurred - See Response Body
[2024-12-10T06:56:29.783Z] Error reading or processing Modbus registers: A Modbus Exception Occurred - See Response Body
[2024-12-10T06:56:29.785Z] Error reading register 6507 for IP 10.30.4.128: A Modbus Exception Occurred - See Response Body
[2024-12-10T06:56:29.786Z] Error reading actual data: A Modbus Exception Occurred - See Response Body
[2024-12-10T06:56:29.787Z] Error writing to Modbus register: A Modbus Exception Occurred - See Response Body
[2024-12-10T06:56:30.797Z] Error reading or processing Modbus registers: A Modbus Exception Occurred - See Response Body
[2024-12-10T06:56:30.800Z] Error reading register 6507 for IP 10.30.4.128: A Modbus Exception Occurred - See Response Body
[2024-12-10T06:56:30.801Z] Error reading actual data: A Modbus Exception Occurred - See Response Body
[2024-12-10T06:56:30.801Z] Error writing to Modbus register: A Modbus Exception Occurred - See Response Body
[2024-12-10T06:56:31.811Z] Error reading or processing Modbus registers: A Modbus Exception Occurred - See Response Body
[2024-12-10T06:56:31.813Z] Error reading register 6507 for IP 10.30.4.128: A Modbus Exception Occurred - See Response Body
[2024-12-10T06:56:31.814Z] Error reading actual data: A Modbus Exception Occurred - See Response Body
[2024-12-10T06:56:31.815Z] Error writing to Modbus register: A Modbus Exception Occurred - See Response Body
[2024-12-10T06:56:32.810Z] Error reading or processing Modbus registers: A Modbus Exception Occurred - See Response Body
[2024-12-10T06:56:32.812Z] Error reading register 6507 for IP 10.30.4.128: A Modbus Exception Occurred - See Response Body
[2024-12-10T06:56:32.813Z] Error reading actual data: A Modbus Exception Occurred - See Response Body
[2024-12-10T06:56:32.813Z] Error writing to Modbus register: A Modbus Exception Occurred - See Response Body
[2024-12-10T06:56:33.824Z] Error reading or processing Modbus registers: A Modbus Exception Occurred - See Response Body
[2024-12-10T06:56:33.826Z] Error reading register 6507 for IP 10.30.4.128: A Modbus Exception Occurred - See Response Body
[2024-12-10T06:56:33.827Z] Error reading actual data: A Modbus Exception Occurred - See Response Body
[2024-12-10T06:56:33.827Z] Error writing to Modbus register: A Modbus Exception Occurred - See Response Body
[2024-12-10T06:56:34.838Z] Error reading or processing Modbus registers: A Modbus Exception Occurred - See Response Body
[2024-12-10T06:56:34.840Z] Error reading register 6507 for IP 10.30.4.128: A Modbus Exception Occurred - See Response Body
[2024-12-10T06:56:34.841Z] Error reading actual data: A Modbus Exception Occurred - See Response Body
[2024-12-10T06:56:34.842Z] Error writing to Modbus register: A Modbus Exception Occurred - See Response Body
[2024-12-10T06:56:35.851Z] Error reading or processing Modbus registers: A Modbus Exception Occurred - See Response Body
[2024-12-10T06:56:35.853Z] Error reading register 6507 for IP 10.30.4.128: A Modbus Exception Occurred - See Response Body
[2024-12-10T06:56:35.854Z] Error reading actual data: A Modbus Exception Occurred - See Response Body
[2024-12-10T06:56:35.854Z] Error writing to Modbus register: A Modbus Exception Occurred - See Response Body
[2024-12-10T06:56:36.864Z] Error reading or processing Modbus registers: A Modbus Exception Occurred - See Response Body
[2024-12-10T06:56:36.866Z] Error reading register 6507 for IP 10.30.4.128: A Modbus Exception Occurred - See Response Body
[2024-12-10T06:56:36.867Z] Error reading actual data: A Modbus Exception Occurred - See Response Body
[2024-12-10T06:56:36.868Z] Error writing to Modbus register: A Modbus Exception Occurred - See Response Body
[2024-12-10T06:56:37.864Z] Error reading or processing Modbus registers: A Modbus Exception Occurred - See Response Body
[2024-12-10T06:56:37.867Z] Error reading register 6507 for IP 10.30.4.128: A Modbus Exception Occurred - See Response Body
[2024-12-10T06:56:37.867Z] Error reading actual data: A Modbus Exception Occurred - See Response Body
[2024-12-10T06:56:37.868Z] Error writing to Modbus register: A Modbus Exception Occurred - See Response Body
[2024-12-10T06:56:38.868Z] Error reading or processing Modbus registers: A Modbus Exception Occurred - See Response Body
[2024-12-10T06:56:38.871Z] Error reading register 6507 for IP 10.30.4.128: A Modbus Exception Occurred - See Response Body
[2024-12-10T06:56:38.871Z] Error reading actual data: A Modbus Exception Occurred - See Response Body
[2024-12-10T06:56:38.872Z] Error writing to Modbus register: A Modbus Exception Occurred - See Response Body
[2024-12-10T06:56:39.868Z] Error reading or processing Modbus registers: A Modbus Exception Occurred - See Response Body
[2024-12-10T06:56:39.871Z] Error reading register 6507 for IP 10.30.4.128: A Modbus Exception Occurred - See Response Body
[2024-12-10T06:56:39.872Z] Error reading actual data: A Modbus Exception Occurred - See Response Body
[2024-12-10T06:56:39.872Z] Error writing to Modbus register: A Modbus Exception Occurred - See Response Body
[2024-12-10T06:56:40.883Z] Error reading or processing Modbus registers: A Modbus Exception Occurred - See Response Body
[2024-12-10T06:56:40.885Z] Error reading register 6507 for IP 10.30.4.128: A Modbus Exception Occurred - See Response Body
[2024-12-10T06:56:40.886Z] Error reading actual data: A Modbus Exception Occurred - See Response Body
[2024-12-10T06:56:40.886Z] Error writing to Modbus register: A Modbus Exception Occurred - See Response Body
[2024-12-10T06:56:41.896Z] Error reading or processing Modbus registers: A Modbus Exception Occurred - See Response Body
[2024-12-10T06:56:41.898Z] Error reading register 6507 for IP 10.30.4.128: A Modbus Exception Occurred - See Response Body
[2024-12-10T06:56:41.899Z] Error reading actual data: A Modbus Exception Occurred - See Response Body
[2024-12-10T06:56:41.900Z] Error writing to Modbus register: A Modbus Exception Occurred - See Response Body
[2024-12-10T06:56:42.908Z] Error reading or processing Modbus registers: A Modbus Exception Occurred - See Response Body
[2024-12-10T06:56:42.910Z] Error reading register 6507 for IP 10.30.4.128: A Modbus Exception Occurred - See Response Body
[2024-12-10T06:56:42.911Z] Error reading actual data: A Modbus Exception Occurred - See Response Body
[2024-12-10T06:56:42.911Z] Error writing to Modbus register: A Modbus Exception Occurred - See Response Body
[2024-12-10T06:56:43.908Z] Error reading or processing Modbus registers: A Modbus Exception Occurred - See Response Body
[2024-12-10T06:56:43.910Z] Error reading register 6507 for IP 10.30.4.128: A Modbus Exception Occurred - See Response Body
[2024-12-10T06:56:43.910Z] Error reading actual data: A Modbus Exception Occurred - See Response Body
[2024-12-10T06:56:43.911Z] Error writing to Modbus register: A Modbus Exception Occurred - See Response Body
[2024-12-10T06:56:44.908Z] Error reading or processing Modbus registers: A Modbus Exception Occurred - See Response Body
[2024-12-10T06:56:44.910Z] Error reading register 6507 for IP 10.30.4.128: A Modbus Exception Occurred - See Response Body
[2024-12-10T06:56:44.911Z] Error reading actual data: A Modbus Exception Occurred - See Response Body
[2024-12-10T06:56:44.912Z] Error writing to Modbus register: A Modbus Exception Occurred - See Response Body
[2024-12-10T06:56:45.910Z] Error reading or processing Modbus registers: A Modbus Exception Occurred - See Response Body
[2024-12-10T06:56:45.912Z] Error reading register 6507 for IP 10.30.4.128: A Modbus Exception Occurred - See Response Body
[2024-12-10T06:56:45.913Z] Error reading actual data: A Modbus Exception Occurred - See Response Body
[2024-12-10T06:56:45.913Z] Error writing to Modbus register: A Modbus Exception Occurred - See Response Body
[2024-12-10T06:56:46.911Z] Error reading or processing Modbus registers: A Modbus Exception Occurred - See Response Body
[2024-12-10T06:56:46.913Z] Error reading register 6507 for IP 10.30.4.128: A Modbus Exception Occurred - See Response Body
[2024-12-10T06:56:46.914Z] Error reading actual data: A Modbus Exception Occurred - See Response Body
[2024-12-10T06:56:46.915Z] Error writing to Modbus register: A Modbus Exception Occurred - See Response Body
[2024-12-10T06:56:47.924Z] Error reading or processing Modbus registers: A Modbus Exception Occurred - See Response Body
[2024-12-10T06:56:47.926Z] Error reading register 6507 for IP 10.30.4.128: A Modbus Exception Occurred - See Response Body
[2024-12-10T06:56:47.927Z] Error reading actual data: A Modbus Exception Occurred - See Response Body
[2024-12-10T06:56:47.927Z] Error writing to Modbus register: A Modbus Exception Occurred - See Response Body
[2024-12-10T06:56:48.938Z] Error reading or processing Modbus registers: A Modbus Exception Occurred - See Response Body
[2024-12-10T06:56:48.940Z] Error reading register 6507 for IP 10.30.4.128: A Modbus Exception Occurred - See Response Body
[2024-12-10T06:56:48.941Z] Error reading actual data: A Modbus Exception Occurred - See Response Body
[2024-12-10T06:56:48.942Z] Error writing to Modbus register: A Modbus Exception Occurred - See Response Body
[2024-12-10T06:56:49.952Z] Error reading or processing Modbus registers: A Modbus Exception Occurred - See Response Body
[2024-12-10T06:56:49.954Z] Error reading register 6507 for IP 10.30.4.128: A Modbus Exception Occurred - See Response Body
[2024-12-10T06:56:49.955Z] Error reading actual data: A Modbus Exception Occurred - See Response Body
[2024-12-10T06:56:49.957Z] Error writing to Modbus register: A Modbus Exception Occurred - See Response Body
[2024-12-10T06:56:50.965Z] Error reading or processing Modbus registers: A Modbus Exception Occurred - See Response Body
[2024-12-10T06:56:50.968Z] Error reading register 6507 for IP 10.30.4.128: A Modbus Exception Occurred - See Response Body
[2024-12-10T06:56:50.968Z] Error reading actual data: A Modbus Exception Occurred - See Response Body
[2024-12-10T06:56:50.969Z] Error writing to Modbus register: A Modbus Exception Occurred - See Response Body
[2024-12-10T06:56:51.965Z] Error reading or processing Modbus registers: A Modbus Exception Occurred - See Response Body
[2024-12-10T06:56:51.967Z] Error reading register 6507 for IP 10.30.4.128: A Modbus Exception Occurred - See Response Body
[2024-12-10T06:56:51.968Z] Error reading actual data: A Modbus Exception Occurred - See Response Body
[2024-12-10T06:56:51.968Z] Error writing to Modbus register: A Modbus Exception Occurred - See Response Body
[2024-12-10T06:56:52.977Z] Error reading or processing Modbus registers: A Modbus Exception Occurred - See Response Body
[2024-12-10T06:56:52.980Z] Error reading register 6507 for IP 10.30.4.128: A Modbus Exception Occurred - See Response Body
[2024-12-10T06:56:52.980Z] Error reading actual data: A Modbus Exception Occurred - See Response Body
[2024-12-10T06:56:52.981Z] Error writing to Modbus register: A Modbus Exception Occurred - See Response Body
[2024-12-10T06:56:53.990Z] Error reading or processing Modbus registers: A Modbus Exception Occurred - See Response Body
[2024-12-10T06:56:53.992Z] Error reading register 6507 for IP 10.30.4.128: A Modbus Exception Occurred - See Response Body
[2024-12-10T06:56:53.993Z] Error reading actual data: A Modbus Exception Occurred - See Response Body
[2024-12-10T06:56:53.993Z] Error writing to Modbus register: A Modbus Exception Occurred - See Response Body
[2024-12-10T06:56:55.004Z] Error reading or processing Modbus registers: A Modbus Exception Occurred - See Response Body
[2024-12-10T06:56:55.006Z] Error reading register 6507 for IP 10.30.4.128: A Modbus Exception Occurred - See Response Body
[2024-12-10T06:56:55.007Z] Error reading actual data: A Modbus Exception Occurred - See Response Body
[2024-12-10T06:56:55.007Z] Error writing to Modbus register: A Modbus Exception Occurred - See Response Body
[2024-12-10T06:56:56.017Z] Error reading or processing Modbus registers: A Modbus Exception Occurred - See Response Body
[2024-12-10T06:56:56.020Z] Error reading register 6507 for IP 10.30.4.128: A Modbus Exception Occurred - See Response Body
[2024-12-10T06:56:56.021Z] Error reading actual data: A Modbus Exception Occurred - See Response Body
[2024-12-10T06:56:56.022Z] Error writing to Modbus register: A Modbus Exception Occurred - See Response Body
[2024-12-10T06:56:57.030Z] Error reading or processing Modbus registers: A Modbus Exception Occurred - See Response Body
[2024-12-10T06:56:57.032Z] Error reading register 6507 for IP 10.30.4.128: A Modbus Exception Occurred - See Response Body
[2024-12-10T06:56:57.033Z] Error reading actual data: A Modbus Exception Occurred - See Response Body
[2024-12-10T06:56:57.034Z] Error writing to Modbus register: A Modbus Exception Occurred - See Response Body
[2024-12-10T06:56:58.043Z] Error reading or processing Modbus registers: A Modbus Exception Occurred - See Response Body
[2024-12-10T06:56:58.046Z] Error reading register 6507 for IP 10.30.4.128: A Modbus Exception Occurred - See Response Body
[2024-12-10T06:56:58.047Z] Error reading actual data: A Modbus Exception Occurred - See Response Body
[2024-12-10T06:56:58.047Z] Error writing to Modbus register: A Modbus Exception Occurred - See Response Body
[2024-12-10T06:56:59.058Z] Error reading or processing Modbus registers: A Modbus Exception Occurred - See Response Body
[2024-12-10T06:56:59.061Z] Error reading register 6507 for IP 10.30.4.128: A Modbus Exception Occurred - See Response Body
[2024-12-10T06:56:59.062Z] Error reading actual data: A Modbus Exception Occurred - See Response Body
[2024-12-10T06:56:59.062Z] Error writing to Modbus register: A Modbus Exception Occurred - See Response Body
[2024-12-10T06:57:00.072Z] Error reading or processing Modbus registers: A Modbus Exception Occurred - See Response Body
[2024-12-10T06:57:00.074Z] Error reading register 6507 for IP 10.30.4.128: A Modbus Exception Occurred - See Response Body
[2024-12-10T06:57:00.075Z] Error reading actual data: A Modbus Exception Occurred - See Response Body
[2024-12-10T06:57:00.075Z] Error writing to Modbus register: A Modbus Exception Occurred - See Response Body
[2024-12-10T06:57:01.073Z] Error reading or processing Modbus registers: A Modbus Exception Occurred - See Response Body
[2024-12-10T06:57:01.076Z] Error reading register 6507 for IP 10.30.4.128: A Modbus Exception Occurred - See Response Body
[2024-12-10T06:57:01.076Z] Error reading actual data: A Modbus Exception Occurred - See Response Body
[2024-12-10T06:57:01.077Z] Error writing to Modbus register: A Modbus Exception Occurred - See Response Body
[2024-12-10T06:57:02.074Z] Error reading or processing Modbus registers: A Modbus Exception Occurred - See Response Body
[2024-12-10T06:57:02.076Z] Error reading register 6507 for IP 10.30.4.128: A Modbus Exception Occurred - See Response Body
[2024-12-10T06:57:02.077Z] Error reading actual data: A Modbus Exception Occurred - See Response Body
[2024-12-10T06:57:02.077Z] Error writing to Modbus register: A Modbus Exception Occurred - See Response Body
[2024-12-10T06:57:03.089Z] Error reading or processing Modbus registers: A Modbus Exception Occurred - See Response Body
[2024-12-10T06:57:03.091Z] Error reading register 6507 for IP 10.30.4.128: A Modbus Exception Occurred - See Response Body
[2024-12-10T06:57:03.092Z] Error reading actual data: A Modbus Exception Occurred - See Response Body
[2024-12-10T06:57:03.092Z] Error writing to Modbus register: A Modbus Exception Occurred - See Response Body
[2024-12-10T06:57:04.089Z] Error reading or processing Modbus registers: A Modbus Exception Occurred - See Response Body
[2024-12-10T06:57:04.091Z] Error reading register 6507 for IP 10.30.4.128: A Modbus Exception Occurred - See Response Body
[2024-12-10T06:57:04.092Z] Error reading actual data: A Modbus Exception Occurred - See Response Body
[2024-12-10T06:57:04.092Z] Error writing to Modbus register: A Modbus Exception Occurred - See Response Body
[2024-12-10T06:57:05.102Z] Error reading or processing Modbus registers: A Modbus Exception Occurred - See Response Body
[2024-12-10T06:57:05.104Z] Error reading register 6507 for IP 10.30.4.128: A Modbus Exception Occurred - See Response Body
[2024-12-10T06:57:05.105Z] Error reading actual data: A Modbus Exception Occurred - See Response Body
[2024-12-10T06:57:05.105Z] Error writing to Modbus register: A Modbus Exception Occurred - See Response Body
[2024-12-10T06:57:06.106Z] Error reading or processing Modbus registers: A Modbus Exception Occurred - See Response Body
[2024-12-10T06:57:06.108Z] Error reading register 6507 for IP 10.30.4.128: A Modbus Exception Occurred - See Response Body
[2024-12-10T06:57:06.109Z] Error reading actual data: A Modbus Exception Occurred - See Response Body
[2024-12-10T06:57:06.110Z] Error writing to Modbus register: A Modbus Exception Occurred - See Response Body
[2024-12-10T06:57:07.116Z] Error reading or processing Modbus registers: A Modbus Exception Occurred - See Response Body
[2024-12-10T06:57:07.118Z] Error reading register 6507 for IP 10.30.4.128: A Modbus Exception Occurred - See Response Body
[2024-12-10T06:57:07.119Z] Error reading actual data: A Modbus Exception Occurred - See Response Body
[2024-12-10T06:57:07.120Z] Error writing to Modbus register: A Modbus Exception Occurred - See Response Body
[2024-12-10T06:57:08.129Z] Error reading or processing Modbus registers: A Modbus Exception Occurred - See Response Body
[2024-12-10T06:57:08.131Z] Error reading register 6507 for IP 10.30.4.128: A Modbus Exception Occurred - See Response Body
[2024-12-10T06:57:08.131Z] Error reading actual data: A Modbus Exception Occurred - See Response Body
[2024-12-10T06:57:08.132Z] Error writing to Modbus register: A Modbus Exception Occurred - See Response Body
[2024-12-10T06:57:09.142Z] Error reading or processing Modbus registers: A Modbus Exception Occurred - See Response Body
[2024-12-10T06:57:09.144Z] Error reading register 6507 for IP 10.30.4.128: A Modbus Exception Occurred - See Response Body
[2024-12-10T06:57:09.145Z] Error reading actual data: A Modbus Exception Occurred - See Response Body
[2024-12-10T06:57:09.146Z] Error writing to Modbus register: A Modbus Exception Occurred - See Response Body
[2024-12-10T06:57:10.155Z] Error reading or processing Modbus registers: A Modbus Exception Occurred - See Response Body
[2024-12-10T06:57:10.159Z] Error reading register 6507 for IP 10.30.4.128: A Modbus Exception Occurred - See Response Body
[2024-12-10T06:57:10.160Z] Error reading actual data: A Modbus Exception Occurred - See Response Body
[2024-12-10T06:57:10.161Z] Error writing to Modbus register: A Modbus Exception Occurred - See Response Body
[2024-12-10T06:57:11.169Z] Error reading or processing Modbus registers: A Modbus Exception Occurred - See Response Body
[2024-12-10T06:57:11.171Z] Error reading register 6507 for IP 10.30.4.128: A Modbus Exception Occurred - See Response Body
[2024-12-10T06:57:11.171Z] Error reading actual data: A Modbus Exception Occurred - See Response Body
[2024-12-10T06:57:11.172Z] Error writing to Modbus register: A Modbus Exception Occurred - See Response Body
[2024-12-10T06:57:12.169Z] Error reading or processing Modbus registers: A Modbus Exception Occurred - See Response Body
[2024-12-10T06:57:12.171Z] Error reading register 6507 for IP 10.30.4.128: A Modbus Exception Occurred - See Response Body
[2024-12-10T06:57:12.172Z] Error reading actual data: A Modbus Exception Occurred - See Response Body
[2024-12-10T06:57:12.172Z] Error writing to Modbus register: A Modbus Exception Occurred - See Response Body
[2024-12-10T06:57:13.184Z] Error reading or processing Modbus registers: A Modbus Exception Occurred - See Response Body
[2024-12-10T06:57:13.186Z] Error reading register 6507 for IP 10.30.4.128: A Modbus Exception Occurred - See Response Body
[2024-12-10T06:57:13.187Z] Error reading actual data: A Modbus Exception Occurred - See Response Body
[2024-12-10T06:57:13.188Z] Error writing to Modbus register: A Modbus Exception Occurred - See Response Body
[2024-12-10T06:57:14.186Z] Error reading or processing Modbus registers: A Modbus Exception Occurred - See Response Body
[2024-12-10T06:57:14.188Z] Error reading register 6507 for IP 10.30.4.128: A Modbus Exception Occurred - See Response Body
[2024-12-10T06:57:14.189Z] Error reading actual data: A Modbus Exception Occurred - See Response Body
[2024-12-10T06:57:14.190Z] Error writing to Modbus register: A Modbus Exception Occurred - See Response Body
[2024-12-10T06:57:15.200Z] Error reading or processing Modbus registers: A Modbus Exception Occurred - See Response Body
[2024-12-10T06:57:15.203Z] Error reading register 6507 for IP 10.30.4.128: A Modbus Exception Occurred - See Response Body
[2024-12-10T06:57:15.204Z] Error reading actual data: A Modbus Exception Occurred - See Response Body
[2024-12-10T06:57:15.206Z] Error writing to Modbus register: A Modbus Exception Occurred - See Response Body
[2024-12-10T06:57:16.213Z] Error reading or processing Modbus registers: A Modbus Exception Occurred - See Response Body
[2024-12-10T06:57:16.216Z] Error reading register 6507 for IP 10.30.4.128: A Modbus Exception Occurred - See Response Body
[2024-12-10T06:57:16.217Z] Error reading actual data: A Modbus Exception Occurred - See Response Body
[2024-12-10T06:57:16.217Z] Error writing to Modbus register: A Modbus Exception Occurred - See Response Body
[2024-12-10T06:57:17.226Z] Error reading or processing Modbus registers: A Modbus Exception Occurred - See Response Body
[2024-12-10T06:57:17.228Z] Error reading register 6507 for IP 10.30.4.128: A Modbus Exception Occurred - See Response Body
[2024-12-10T06:57:17.229Z] Error reading actual data: A Modbus Exception Occurred - See Response Body
[2024-12-10T06:57:17.229Z] Error writing to Modbus register: A Modbus Exception Occurred - See Response Body
[2024-12-10T06:57:18.237Z] Error reading or processing Modbus registers: A Modbus Exception Occurred - See Response Body
[2024-12-10T06:57:18.240Z] Error reading register 6507 for IP 10.30.4.128: A Modbus Exception Occurred - See Response Body
[2024-12-10T06:57:18.241Z] Error reading actual data: A Modbus Exception Occurred - See Response Body
[2024-12-10T06:57:18.241Z] Error writing to Modbus register: A Modbus Exception Occurred - See Response Body
[2024-12-10T06:57:19.252Z] Error reading or processing Modbus registers: A Modbus Exception Occurred - See Response Body
[2024-12-10T06:57:19.254Z] Error reading register 6507 for IP 10.30.4.128: A Modbus Exception Occurred - See Response Body
[2024-12-10T06:57:19.255Z] Error reading actual data: A Modbus Exception Occurred - See Response Body
[2024-12-10T06:57:19.255Z] Error writing to Modbus register: A Modbus Exception Occurred - See Response Body
[2024-12-10T06:57:20.266Z] Error reading or processing Modbus registers: A Modbus Exception Occurred - See Response Body
[2024-12-10T06:57:20.269Z] Error reading register 6507 for IP 10.30.4.128: A Modbus Exception Occurred - See Response Body
[2024-12-10T06:57:20.269Z] Error reading actual data: A Modbus Exception Occurred - See Response Body
[2024-12-10T06:57:20.270Z] Error writing to Modbus register: A Modbus Exception Occurred - See Response Body
[2024-12-10T06:57:21.282Z] Error reading or processing Modbus registers: A Modbus Exception Occurred - See Response Body
[2024-12-10T06:57:21.284Z] Error reading register 6507 for IP 10.30.4.128: A Modbus Exception Occurred - See Response Body
[2024-12-10T06:57:21.285Z] Error reading actual data: A Modbus Exception Occurred - See Response Body
[2024-12-10T06:57:21.285Z] Error writing to Modbus register: A Modbus Exception Occurred - See Response Body
[2024-12-10T06:57:22.296Z] Error reading or processing Modbus registers: A Modbus Exception Occurred - See Response Body
[2024-12-10T06:57:22.299Z] Error reading register 6507 for IP 10.30.4.128: A Modbus Exception Occurred - See Response Body
[2024-12-10T06:57:22.299Z] Error reading actual data: A Modbus Exception Occurred - See Response Body
[2024-12-10T06:57:22.300Z] Error writing to Modbus register: A Modbus Exception Occurred - See Response Body
[2024-12-10T06:57:23.309Z] Error reading or processing Modbus registers: A Modbus Exception Occurred - See Response Body
[2024-12-10T06:57:23.312Z] Error reading register 6507 for IP 10.30.4.128: A Modbus Exception Occurred - See Response Body
[2024-12-10T06:57:23.312Z] Error reading actual data: A Modbus Exception Occurred - See Response Body
[2024-12-10T06:57:23.313Z] Error writing to Modbus register: A Modbus Exception Occurred - See Response Body
[2024-12-10T06:57:24.310Z] Error reading or processing Modbus registers: A Modbus Exception Occurred - See Response Body
[2024-12-10T06:57:24.312Z] Error reading register 6507 for IP 10.30.4.128: A Modbus Exception Occurred - See Response Body
[2024-12-10T06:57:24.312Z] Error reading actual data: A Modbus Exception Occurred - See Response Body
[2024-12-10T06:57:24.313Z] Error writing to Modbus register: A Modbus Exception Occurred - See Response Body
[2024-12-10T06:57:25.333Z] Error reading or processing Modbus registers: A Modbus Exception Occurred - See Response Body
[2024-12-10T06:57:25.336Z] Error reading register 6507 for IP 10.30.4.128: A Modbus Exception Occurred - See Response Body
[2024-12-10T06:57:25.338Z] Error reading actual data: A Modbus Exception Occurred - See Response Body
[2024-12-10T06:57:25.339Z] Error writing to Modbus register: A Modbus Exception Occurred - See Response Body
[2024-12-10T06:57:26.321Z] Error reading or processing Modbus registers: A Modbus Exception Occurred - See Response Body
[2024-12-10T06:57:26.323Z] Error reading register 6507 for IP 10.30.4.128: A Modbus Exception Occurred - See Response Body
[2024-12-10T06:57:26.324Z] Error reading actual data: A Modbus Exception Occurred - See Response Body
[2024-12-10T06:57:26.325Z] Error writing to Modbus register: A Modbus Exception Occurred - See Response Body
[2024-12-10T06:57:27.323Z] Error reading or processing Modbus registers: A Modbus Exception Occurred - See Response Body
[2024-12-10T06:57:27.325Z] Error reading register 6507 for IP 10.30.4.128: A Modbus Exception Occurred - See Response Body
[2024-12-10T06:57:27.326Z] Error reading actual data: A Modbus Exception Occurred - See Response Body
[2024-12-10T06:57:27.326Z] Error writing to Modbus register: A Modbus Exception Occurred - See Response Body
[2024-12-10T06:57:28.334Z] Error reading or processing Modbus registers: A Modbus Exception Occurred - See Response Body
[2024-12-10T06:57:28.337Z] Error reading register 6507 for IP 10.30.4.128: A Modbus Exception Occurred - See Response Body
[2024-12-10T06:57:28.339Z] Error reading actual data: A Modbus Exception Occurred - See Response Body
[2024-12-10T06:57:28.339Z] Error writing to Modbus register: A Modbus Exception Occurred - See Response Body
[2024-12-10T06:57:29.336Z] Error reading or processing Modbus registers: A Modbus Exception Occurred - See Response Body
[2024-12-10T06:57:29.339Z] Error reading register 6507 for IP 10.30.4.128: A Modbus Exception Occurred - See Response Body
[2024-12-10T06:57:29.340Z] Error reading actual data: A Modbus Exception Occurred - See Response Body
[2024-12-10T06:57:29.341Z] Error writing to Modbus register: A Modbus Exception Occurred - See Response Body
[2024-12-10T06:57:30.337Z] Error reading or processing Modbus registers: A Modbus Exception Occurred - See Response Body
[2024-12-10T06:57:30.340Z] Error reading register 6507 for IP 10.30.4.128: A Modbus Exception Occurred - See Response Body
[2024-12-10T06:57:30.340Z] Error reading actual data: A Modbus Exception Occurred - See Response Body
[2024-12-10T06:57:30.341Z] Error writing to Modbus register: A Modbus Exception Occurred - See Response Body
[2024-12-10T06:57:31.349Z] Error reading or processing Modbus registers: A Modbus Exception Occurred - See Response Body
[2024-12-10T06:57:31.352Z] Error reading actual data: A Modbus Exception Occurred - See Response Body
[2024-12-10T06:57:31.352Z] Error reading register 6507 for IP 10.30.4.128: A Modbus Exception Occurred - See Response Body
[2024-12-10T06:57:31.353Z] Error writing to Modbus register: A Modbus Exception Occurred - See Response Body
[2024-12-10T06:57:32.363Z] Error reading or processing Modbus registers: A Modbus Exception Occurred - See Response Body
[2024-12-10T06:57:32.366Z] Error reading register 6507 for IP 10.30.4.128: A Modbus Exception Occurred - See Response Body
[2024-12-10T06:57:32.367Z] Error reading actual data: A Modbus Exception Occurred - See Response Body
[2024-12-10T06:57:32.367Z] Error writing to Modbus register: A Modbus Exception Occurred - See Response Body
[2024-12-10T06:57:33.377Z] Error reading or processing Modbus registers: A Modbus Exception Occurred - See Response Body
[2024-12-10T06:57:33.380Z] Error reading register 6507 for IP 10.30.4.128: A Modbus Exception Occurred - See Response Body
[2024-12-10T06:57:33.380Z] Error reading actual data: A Modbus Exception Occurred - See Response Body
[2024-12-10T06:57:33.381Z] Error writing to Modbus register: A Modbus Exception Occurred - See Response Body
[2024-12-10T06:57:34.380Z] Error reading or processing Modbus registers: A Modbus Exception Occurred - See Response Body
[2024-12-10T06:57:34.383Z] Error reading register 6507 for IP 10.30.4.128: A Modbus Exception Occurred - See Response Body
[2024-12-10T06:57:34.383Z] Error reading actual data: A Modbus Exception Occurred - See Response Body
[2024-12-10T06:57:34.384Z] Error writing to Modbus register: A Modbus Exception Occurred - See Response Body
[2024-12-10T06:57:35.382Z] Error reading or processing Modbus registers: A Modbus Exception Occurred - See Response Body
[2024-12-10T06:57:35.384Z] Error reading register 6507 for IP 10.30.4.128: A Modbus Exception Occurred - See Response Body
[2024-12-10T06:57:35.385Z] Error reading actual data: A Modbus Exception Occurred - See Response Body
[2024-12-10T06:57:35.386Z] Error writing to Modbus register: A Modbus Exception Occurred - See Response Body
[2024-12-10T06:57:36.383Z] Error reading or processing Modbus registers: A Modbus Exception Occurred - See Response Body
[2024-12-10T06:57:36.386Z] Error reading register 6507 for IP 10.30.4.128: A Modbus Exception Occurred - See Response Body
[2024-12-10T06:57:36.386Z] Error reading actual data: A Modbus Exception Occurred - See Response Body
[2024-12-10T06:57:36.387Z] Error writing to Modbus register: A Modbus Exception Occurred - See Response Body
[2024-12-10T06:57:37.384Z] Error reading or processing Modbus registers: A Modbus Exception Occurred - See Response Body
[2024-12-10T06:57:37.387Z] Error reading register 6507 for IP 10.30.4.128: A Modbus Exception Occurred - See Response Body
[2024-12-10T06:57:37.387Z] Error reading actual data: A Modbus Exception Occurred - See Response Body
[2024-12-10T06:57:37.388Z] Error writing to Modbus register: A Modbus Exception Occurred - See Response Body
[2024-12-10T06:57:38.398Z] Error reading or processing Modbus registers: A Modbus Exception Occurred - See Response Body
[2024-12-10T06:57:38.401Z] Error reading register 6507 for IP 10.30.4.128: A Modbus Exception Occurred - See Response Body
[2024-12-10T06:57:38.402Z] Error reading actual data: A Modbus Exception Occurred - See Response Body
[2024-12-10T06:57:38.402Z] Error writing to Modbus register: A Modbus Exception Occurred - See Response Body
[2024-12-10T06:57:39.411Z] Error reading or processing Modbus registers: A Modbus Exception Occurred - See Response Body
[2024-12-10T06:57:39.413Z] Error reading register 6507 for IP 10.30.4.128: A Modbus Exception Occurred - See Response Body
[2024-12-10T06:57:39.414Z] Error reading actual data: A Modbus Exception Occurred - See Response Body
[2024-12-10T06:57:39.415Z] Error writing to Modbus register: A Modbus Exception Occurred - See Response Body
[2024-12-10T06:57:40.425Z] Error reading or processing Modbus registers: A Modbus Exception Occurred - See Response Body
[2024-12-10T06:57:40.428Z] Error reading register 6507 for IP 10.30.4.128: A Modbus Exception Occurred - See Response Body
[2024-12-10T06:57:40.429Z] Error reading actual data: A Modbus Exception Occurred - See Response Body
[2024-12-10T06:57:40.429Z] Error writing to Modbus register: A Modbus Exception Occurred - See Response Body
[2024-12-10T06:57:41.426Z] Error reading or processing Modbus registers: A Modbus Exception Occurred - See Response Body
[2024-12-10T06:57:41.428Z] Error reading register 6507 for IP 10.30.4.128: A Modbus Exception Occurred - See Response Body
[2024-12-10T06:57:41.429Z] Error reading actual data: A Modbus Exception Occurred - See Response Body
[2024-12-10T06:57:41.430Z] Error writing to Modbus register: A Modbus Exception Occurred - See Response Body
[2024-12-10T06:57:42.428Z] Error reading or processing Modbus registers: A Modbus Exception Occurred - See Response Body
[2024-12-10T06:57:42.431Z] Error reading register 6507 for IP 10.30.4.128: A Modbus Exception Occurred - See Response Body
[2024-12-10T06:57:42.431Z] Error reading actual data: A Modbus Exception Occurred - See Response Body
[2024-12-10T06:57:42.432Z] Error writing to Modbus register: A Modbus Exception Occurred - See Response Body
[2024-12-10T06:57:43.429Z] Error reading or processing Modbus registers: A Modbus Exception Occurred - See Response Body
[2024-12-10T06:57:43.431Z] Error reading register 6507 for IP 10.30.4.128: A Modbus Exception Occurred - See Response Body
[2024-12-10T06:57:43.432Z] Error reading actual data: A Modbus Exception Occurred - See Response Body
[2024-12-10T06:57:43.433Z] Error writing to Modbus register: A Modbus Exception Occurred - See Response Body
[2024-12-10T06:57:44.443Z] Error reading or processing Modbus registers: A Modbus Exception Occurred - See Response Body
[2024-12-10T06:57:44.448Z] Error reading register 6507 for IP 10.30.4.128: A Modbus Exception Occurred - See Response Body
[2024-12-10T06:57:44.449Z] Error reading actual data: A Modbus Exception Occurred - See Response Body
[2024-12-10T06:57:44.449Z] Error writing to Modbus register: A Modbus Exception Occurred - See Response Body
[2024-12-10T06:57:45.456Z] Error reading or processing Modbus registers: A Modbus Exception Occurred - See Response Body
[2024-12-10T06:57:45.458Z] Error reading register 6507 for IP 10.30.4.128: A Modbus Exception Occurred - See Response Body
[2024-12-10T06:57:45.458Z] Error reading actual data: A Modbus Exception Occurred - See Response Body
[2024-12-10T06:57:45.459Z] Error writing to Modbus register: A Modbus Exception Occurred - See Response Body
[2024-12-10T06:57:46.458Z] Error reading or processing Modbus registers: A Modbus Exception Occurred - See Response Body
[2024-12-10T06:57:46.461Z] Error reading register 6507 for IP 10.30.4.128: A Modbus Exception Occurred - See Response Body
[2024-12-10T06:57:46.461Z] Error reading actual data: A Modbus Exception Occurred - See Response Body
[2024-12-10T06:57:46.462Z] Error writing to Modbus register: A Modbus Exception Occurred - See Response Body
[2024-12-10T06:57:47.460Z] Error reading or processing Modbus registers: A Modbus Exception Occurred - See Response Body
[2024-12-10T06:57:47.462Z] Error reading register 6507 for IP 10.30.4.128: A Modbus Exception Occurred - See Response Body
[2024-12-10T06:57:47.463Z] Error reading actual data: A Modbus Exception Occurred - See Response Body
[2024-12-10T06:57:47.464Z] Error writing to Modbus register: A Modbus Exception Occurred - See Response Body
[2024-12-10T06:57:48.460Z] Error reading or processing Modbus registers: A Modbus Exception Occurred - See Response Body
[2024-12-10T06:57:48.463Z] Error reading register 6507 for IP 10.30.4.128: A Modbus Exception Occurred - See Response Body
[2024-12-10T06:57:48.463Z] Error reading actual data: A Modbus Exception Occurred - See Response Body
[2024-12-10T06:57:48.464Z] Error writing to Modbus register: A Modbus Exception Occurred - See Response Body
[2024-12-10T06:57:49.476Z] Error reading or processing Modbus registers: A Modbus Exception Occurred - See Response Body
[2024-12-10T06:57:49.478Z] Error reading register 6507 for IP 10.30.4.128: A Modbus Exception Occurred - See Response Body
[2024-12-10T06:57:49.479Z] Error reading actual data: A Modbus Exception Occurred - See Response Body
[2024-12-10T06:57:49.480Z] Error writing to Modbus register: A Modbus Exception Occurred - See Response Body
[2024-12-10T06:57:50.477Z] Error reading or processing Modbus registers: A Modbus Exception Occurred - See Response Body
[2024-12-10T06:57:50.479Z] Error reading register 6507 for IP 10.30.4.128: A Modbus Exception Occurred - See Response Body
[2024-12-10T06:57:50.480Z] Error reading actual data: A Modbus Exception Occurred - See Response Body
[2024-12-10T06:57:50.480Z] Error writing to Modbus register: A Modbus Exception Occurred - See Response Body
[2024-12-10T06:57:51.492Z] Error reading or processing Modbus registers: A Modbus Exception Occurred - See Response Body
[2024-12-10T06:57:51.494Z] Error reading register 6507 for IP 10.30.4.128: A Modbus Exception Occurred - See Response Body
[2024-12-10T06:57:51.495Z] Error reading actual data: A Modbus Exception Occurred - See Response Body
[2024-12-10T06:57:51.496Z] Error writing to Modbus register: A Modbus Exception Occurred - See Response Body
[2024-12-10T06:57:52.503Z] Error reading or processing Modbus registers: A Modbus Exception Occurred - See Response Body
[2024-12-10T06:57:52.506Z] Error reading register 6507 for IP 10.30.4.128: A Modbus Exception Occurred - See Response Body
[2024-12-10T06:57:52.506Z] Error reading actual data: A Modbus Exception Occurred - See Response Body
[2024-12-10T06:57:52.507Z] Error writing to Modbus register: A Modbus Exception Occurred - See Response Body
[2024-12-10T06:57:53.516Z] Error reading or processing Modbus registers: A Modbus Exception Occurred - See Response Body
[2024-12-10T06:57:53.519Z] Error reading register 6507 for IP 10.30.4.128: A Modbus Exception Occurred - See Response Body
[2024-12-10T06:57:53.519Z] Error reading actual data: A Modbus Exception Occurred - See Response Body
[2024-12-10T06:57:53.520Z] Error writing to Modbus register: A Modbus Exception Occurred - See Response Body
[2024-12-10T06:57:54.529Z] Error reading or processing Modbus registers: A Modbus Exception Occurred - See Response Body
[2024-12-10T06:57:54.532Z] Error reading register 6507 for IP 10.30.4.128: A Modbus Exception Occurred - See Response Body
[2024-12-10T06:57:54.533Z] Error reading actual data: A Modbus Exception Occurred - See Response Body
[2024-12-10T06:57:54.533Z] Error writing to Modbus register: A Modbus Exception Occurred - See Response Body
[2024-12-10T06:57:55.532Z] Error reading or processing Modbus registers: A Modbus Exception Occurred - See Response Body
[2024-12-10T06:57:55.534Z] Error reading register 6507 for IP 10.30.4.128: A Modbus Exception Occurred - See Response Body
[2024-12-10T06:57:55.535Z] Error reading actual data: A Modbus Exception Occurred - See Response Body
[2024-12-10T06:57:55.535Z] Error writing to Modbus register: A Modbus Exception Occurred - See Response Body
[2024-12-10T06:57:56.546Z] Error reading or processing Modbus registers: A Modbus Exception Occurred - See Response Body
[2024-12-10T06:57:56.548Z] Error reading register 6507 for IP 10.30.4.128: A Modbus Exception Occurred - See Response Body
[2024-12-10T06:57:56.549Z] Error reading actual data: A Modbus Exception Occurred - See Response Body
[2024-12-10T06:57:56.550Z] Error writing to Modbus register: A Modbus Exception Occurred - See Response Body
[2024-12-10T06:57:57.561Z] Error reading or processing Modbus registers: A Modbus Exception Occurred - See Response Body
[2024-12-10T06:57:57.564Z] Error reading register 6507 for IP 10.30.4.128: A Modbus Exception Occurred - See Response Body
[2024-12-10T06:57:57.564Z] Error reading actual data: A Modbus Exception Occurred - See Response Body
[2024-12-10T06:57:57.565Z] Error writing to Modbus register: A Modbus Exception Occurred - See Response Body
[2024-12-10T06:57:58.562Z] Error reading or processing Modbus registers: A Modbus Exception Occurred - See Response Body
[2024-12-10T06:57:58.565Z] Error reading register 6507 for IP 10.30.4.128: A Modbus Exception Occurred - See Response Body
[2024-12-10T06:57:58.566Z] Error reading actual data: A Modbus Exception Occurred - See Response Body
[2024-12-10T06:57:58.566Z] Error writing to Modbus register: A Modbus Exception Occurred - See Response Body
[2024-12-10T06:57:59.575Z] Error reading or processing Modbus registers: A Modbus Exception Occurred - See Response Body
[2024-12-10T06:57:59.578Z] Error reading register 6507 for IP 10.30.4.128: A Modbus Exception Occurred - See Response Body
[2024-12-10T06:57:59.578Z] Error reading actual data: A Modbus Exception Occurred - See Response Body
[2024-12-10T06:57:59.579Z] Error writing to Modbus register: A Modbus Exception Occurred - See Response Body
[2024-12-10T06:58:00.590Z] Error reading or processing Modbus registers: A Modbus Exception Occurred - See Response Body
[2024-12-10T06:58:00.593Z] Error reading register 6507 for IP 10.30.4.128: A Modbus Exception Occurred - See Response Body
[2024-12-10T06:58:00.594Z] Error reading actual data: A Modbus Exception Occurred - See Response Body
[2024-12-10T06:58:00.594Z] Error writing to Modbus register: A Modbus Exception Occurred - See Response Body
[2024-12-10T06:58:01.592Z] Error reading or processing Modbus registers: A Modbus Exception Occurred - See Response Body
[2024-12-10T06:58:01.594Z] Error reading register 6507 for IP 10.30.4.128: A Modbus Exception Occurred - See Response Body
[2024-12-10T06:58:01.595Z] Error reading actual data: A Modbus Exception Occurred - See Response Body
[2024-12-10T06:58:01.596Z] Error writing to Modbus register: A Modbus Exception Occurred - See Response Body
[2024-12-10T06:58:02.607Z] Error reading or processing Modbus registers: A Modbus Exception Occurred - See Response Body
[2024-12-10T06:58:02.610Z] Error reading register 6507 for IP 10.30.4.128: A Modbus Exception Occurred - See Response Body
[2024-12-10T06:58:02.610Z] Error reading actual data: A Modbus Exception Occurred - See Response Body
[2024-12-10T06:58:02.611Z] Error writing to Modbus register: A Modbus Exception Occurred - See Response Body
[2024-12-10T06:58:03.610Z] Error reading or processing Modbus registers: A Modbus Exception Occurred - See Response Body
[2024-12-10T06:58:03.613Z] Error reading register 6507 for IP 10.30.4.128: A Modbus Exception Occurred - See Response Body
[2024-12-10T06:58:03.614Z] Error reading actual data: A Modbus Exception Occurred - See Response Body
[2024-12-10T06:58:03.614Z] Error writing to Modbus register: A Modbus Exception Occurred - See Response Body
[2024-12-10T06:58:04.625Z] Error reading or processing Modbus registers: A Modbus Exception Occurred - See Response Body
[2024-12-10T06:58:04.628Z] Error reading register 6507 for IP 10.30.4.128: A Modbus Exception Occurred - See Response Body
[2024-12-10T06:58:04.628Z] Error reading actual data: A Modbus Exception Occurred - See Response Body
[2024-12-10T06:58:04.629Z] Error writing to Modbus register: A Modbus Exception Occurred - See Response Body
[2024-12-10T06:58:05.636Z] Error reading or processing Modbus registers: A Modbus Exception Occurred - See Response Body
[2024-12-10T06:58:05.639Z] Error reading register 6507 for IP 10.30.4.128: A Modbus Exception Occurred - See Response Body
[2024-12-10T06:58:05.639Z] Error reading actual data: A Modbus Exception Occurred - See Response Body
[2024-12-10T06:58:05.640Z] Error writing to Modbus register: A Modbus Exception Occurred - See Response Body
[2024-12-10T06:58:06.636Z] Error reading or processing Modbus registers: A Modbus Exception Occurred - See Response Body
[2024-12-10T06:58:06.639Z] Error reading register 6507 for IP 10.30.4.128: A Modbus Exception Occurred - See Response Body
[2024-12-10T06:58:06.640Z] Error reading actual data: A Modbus Exception Occurred - See Response Body
[2024-12-10T06:58:06.641Z] Error writing to Modbus register: A Modbus Exception Occurred - See Response Body
[2024-12-10T06:58:07.650Z] Error reading or processing Modbus registers: A Modbus Exception Occurred - See Response Body
[2024-12-10T06:58:07.652Z] Error reading register 6507 for IP 10.30.4.128: A Modbus Exception Occurred - See Response Body
[2024-12-10T06:58:07.653Z] Error reading actual data: A Modbus Exception Occurred - See Response Body
[2024-12-10T06:58:07.656Z] Error writing to Modbus register: A Modbus Exception Occurred - See Response Body
[2024-12-10T06:58:08.649Z] Error reading or processing Modbus registers: A Modbus Exception Occurred - See Response Body
[2024-12-10T06:58:08.652Z] Error reading register 6507 for IP 10.30.4.128: A Modbus Exception Occurred - See Response Body
[2024-12-10T06:58:08.652Z] Error reading actual data: A Modbus Exception Occurred - See Response Body
[2024-12-10T06:58:08.653Z] Error writing to Modbus register: A Modbus Exception Occurred - See Response Body
[2024-12-10T06:58:09.664Z] Error reading or processing Modbus registers: A Modbus Exception Occurred - See Response Body
[2024-12-10T06:58:09.667Z] Error reading register 6507 for IP 10.30.4.128: A Modbus Exception Occurred - See Response Body
[2024-12-10T06:58:09.667Z] Error reading actual data: A Modbus Exception Occurred - See Response Body
[2024-12-10T06:58:09.668Z] Error writing to Modbus register: A Modbus Exception Occurred - See Response Body
[2024-12-10T06:58:10.678Z] Error reading or processing Modbus registers: A Modbus Exception Occurred - See Response Body
[2024-12-10T06:58:10.680Z] Error reading register 6507 for IP 10.30.4.128: A Modbus Exception Occurred - See Response Body
[2024-12-10T06:58:10.681Z] Error reading actual data: A Modbus Exception Occurred - See Response Body
[2024-12-10T06:58:10.681Z] Error writing to Modbus register: A Modbus Exception Occurred - See Response Body
[2024-12-10T06:58:11.689Z] Error reading or processing Modbus registers: A Modbus Exception Occurred - See Response Body
[2024-12-10T06:58:11.692Z] Error reading register 6507 for IP 10.30.4.128: A Modbus Exception Occurred - See Response Body
[2024-12-10T06:58:11.693Z] Error reading actual data: A Modbus Exception Occurred - See Response Body
[2024-12-10T06:58:11.693Z] Error writing to Modbus register: A Modbus Exception Occurred - See Response Body
[2024-12-10T06:58:12.690Z] Error reading or processing Modbus registers: A Modbus Exception Occurred - See Response Body
[2024-12-10T06:58:12.692Z] Error reading register 6507 for IP 10.30.4.128: A Modbus Exception Occurred - See Response Body
[2024-12-10T06:58:12.692Z] Error reading actual data: A Modbus Exception Occurred - See Response Body
[2024-12-10T06:58:12.693Z] Error writing to Modbus register: A Modbus Exception Occurred - See Response Body
[2024-12-10T06:58:13.690Z] Error reading or processing Modbus registers: A Modbus Exception Occurred - See Response Body
[2024-12-10T06:58:13.693Z] Error reading register 6507 for IP 10.30.4.128: A Modbus Exception Occurred - See Response Body
[2024-12-10T06:58:13.694Z] Error writing to Modbus register: A Modbus Exception Occurred - See Response Body
[2024-12-10T06:58:13.694Z] Error reading actual data: A Modbus Exception Occurred - See Response Body
[2024-12-10T06:58:14.704Z] Error reading or processing Modbus registers: A Modbus Exception Occurred - See Response Body
[2024-12-10T06:58:14.706Z] Error reading register 6507 for IP 10.30.4.128: A Modbus Exception Occurred - See Response Body
[2024-12-10T06:58:14.707Z] Error reading actual data: A Modbus Exception Occurred - See Response Body
[2024-12-10T06:58:14.707Z] Error writing to Modbus register: A Modbus Exception Occurred - See Response Body
[2024-12-10T06:58:15.717Z] Error reading or processing Modbus registers: A Modbus Exception Occurred - See Response Body
[2024-12-10T06:58:15.720Z] Error reading register 6507 for IP 10.30.4.128: A Modbus Exception Occurred - See Response Body
[2024-12-10T06:58:15.720Z] Error reading actual data: A Modbus Exception Occurred - See Response Body
[2024-12-10T06:58:15.721Z] Error writing to Modbus register: A Modbus Exception Occurred - See Response Body
[2024-12-10T06:58:16.717Z] Error reading or processing Modbus registers: A Modbus Exception Occurred - See Response Body
[2024-12-10T06:58:16.720Z] Error reading register 6507 for IP 10.30.4.128: A Modbus Exception Occurred - See Response Body
[2024-12-10T06:58:16.722Z] Error reading actual data: A Modbus Exception Occurred - See Response Body
[2024-12-10T06:58:16.722Z] Error writing to Modbus register: A Modbus Exception Occurred - See Response Body
[2024-12-10T06:58:17.731Z] Error reading or processing Modbus registers: A Modbus Exception Occurred - See Response Body
[2024-12-10T06:58:17.734Z] Error reading register 6507 for IP 10.30.4.128: A Modbus Exception Occurred - See Response Body
[2024-12-10T06:58:17.735Z] Error reading actual data: A Modbus Exception Occurred - See Response Body
[2024-12-10T06:58:17.735Z] Error writing to Modbus register: A Modbus Exception Occurred - See Response Body
[2024-12-10T06:58:18.734Z] Error reading or processing Modbus registers: A Modbus Exception Occurred - See Response Body
[2024-12-10T06:58:18.736Z] Error reading register 6507 for IP 10.30.4.128: A Modbus Exception Occurred - See Response Body
[2024-12-10T06:58:18.737Z] Error reading actual data: A Modbus Exception Occurred - See Response Body
[2024-12-10T06:58:18.737Z] Error writing to Modbus register: A Modbus Exception Occurred - See Response Body
[2024-12-10T06:58:19.735Z] Error reading or processing Modbus registers: A Modbus Exception Occurred - See Response Body
[2024-12-10T06:58:19.737Z] Error reading register 6507 for IP 10.30.4.128: A Modbus Exception Occurred - See Response Body
[2024-12-10T06:58:19.738Z] Error reading actual data: A Modbus Exception Occurred - See Response Body
[2024-12-10T06:58:19.738Z] Error writing to Modbus register: A Modbus Exception Occurred - See Response Body
[2024-12-10T06:58:20.749Z] Error reading or processing Modbus registers: A Modbus Exception Occurred - See Response Body
[2024-12-10T06:58:20.751Z] Error reading register 6507 for IP 10.30.4.128: A Modbus Exception Occurred - See Response Body
[2024-12-10T06:58:20.751Z] Error reading actual data: A Modbus Exception Occurred - See Response Body
[2024-12-10T06:58:20.752Z] Error writing to Modbus register: A Modbus Exception Occurred - See Response Body
[2024-12-10T06:58:21.750Z] Error reading or processing Modbus registers: A Modbus Exception Occurred - See Response Body
[2024-12-10T06:58:21.753Z] Error reading register 6507 for IP 10.30.4.128: A Modbus Exception Occurred - See Response Body
[2024-12-10T06:58:21.753Z] Error reading actual data: A Modbus Exception Occurred - See Response Body
[2024-12-10T06:58:21.754Z] Error writing to Modbus register: A Modbus Exception Occurred - See Response Body
[2024-12-10T06:58:22.765Z] Error reading or processing Modbus registers: A Modbus Exception Occurred - See Response Body
[2024-12-10T06:58:22.767Z] Error reading register 6507 for IP 10.30.4.128: A Modbus Exception Occurred - See Response Body
[2024-12-10T06:58:22.768Z] Error reading actual data: A Modbus Exception Occurred - See Response Body
[2024-12-10T06:58:22.769Z] Error writing to Modbus register: A Modbus Exception Occurred - See Response Body
[2024-12-10T06:58:23.765Z] Error reading or processing Modbus registers: A Modbus Exception Occurred - See Response Body
[2024-12-10T06:58:23.768Z] Error reading register 6507 for IP 10.30.4.128: A Modbus Exception Occurred - See Response Body
[2024-12-10T06:58:23.769Z] Error reading actual data: A Modbus Exception Occurred - See Response Body
[2024-12-10T06:58:23.769Z] Error writing to Modbus register: A Modbus Exception Occurred - See Response Body
[2024-12-10T06:58:24.765Z] Error reading or processing Modbus registers: A Modbus Exception Occurred - See Response Body
[2024-12-10T06:58:24.767Z] Error reading register 6507 for IP 10.30.4.128: A Modbus Exception Occurred - See Response Body
[2024-12-10T06:58:24.769Z] Error reading actual data: A Modbus Exception Occurred - See Response Body
[2024-12-10T06:58:24.769Z] Error writing to Modbus register: A Modbus Exception Occurred - See Response Body
[2024-12-10T06:58:25.776Z] Error reading or processing Modbus registers: A Modbus Exception Occurred - See Response Body
[2024-12-10T06:58:25.779Z] Error reading register 6507 for IP 10.30.4.128: A Modbus Exception Occurred - See Response Body
[2024-12-10T06:58:25.780Z] Error reading actual data: A Modbus Exception Occurred - See Response Body
[2024-12-10T06:58:25.780Z] Error writing to Modbus register: A Modbus Exception Occurred - See Response Body
[2024-12-10T06:58:26.777Z] Error reading or processing Modbus registers: A Modbus Exception Occurred - See Response Body
[2024-12-10T06:58:26.780Z] Error reading register 6507 for IP 10.30.4.128: A Modbus Exception Occurred - See Response Body
[2024-12-10T06:58:26.781Z] Error reading actual data: A Modbus Exception Occurred - See Response Body
[2024-12-10T06:58:26.781Z] Error writing to Modbus register: A Modbus Exception Occurred - See Response Body
[2024-12-10T06:58:27.778Z] Error reading or processing Modbus registers: A Modbus Exception Occurred - See Response Body
[2024-12-10T06:58:27.781Z] Error reading register 6507 for IP 10.30.4.128: A Modbus Exception Occurred - See Response Body
[2024-12-10T06:58:27.781Z] Error reading actual data: A Modbus Exception Occurred - See Response Body
[2024-12-10T06:58:27.782Z] Error writing to Modbus register: A Modbus Exception Occurred - See Response Body
[2024-12-10T06:58:28.792Z] Error reading or processing Modbus registers: A Modbus Exception Occurred - See Response Body
[2024-12-10T06:58:28.794Z] Error reading register 6507 for IP 10.30.4.128: A Modbus Exception Occurred - See Response Body
[2024-12-10T06:58:28.795Z] Error reading actual data: A Modbus Exception Occurred - See Response Body
[2024-12-10T06:58:28.796Z] Error writing to Modbus register: A Modbus Exception Occurred - See Response Body
[2024-12-10T06:58:29.797Z] Error reading or processing Modbus registers: A Modbus Exception Occurred - See Response Body
[2024-12-10T06:58:29.800Z] Error reading register 6507 for IP 10.30.4.128: A Modbus Exception Occurred - See Response Body
[2024-12-10T06:58:29.801Z] Error reading actual data: A Modbus Exception Occurred - See Response Body
[2024-12-10T06:58:29.802Z] Error writing to Modbus register: A Modbus Exception Occurred - See Response Body
[2024-12-10T06:58:30.806Z] Error reading or processing Modbus registers: A Modbus Exception Occurred - See Response Body
[2024-12-10T06:58:30.809Z] Error reading register 6507 for IP 10.30.4.128: A Modbus Exception Occurred - See Response Body
[2024-12-10T06:58:30.810Z] Error reading actual data: A Modbus Exception Occurred - See Response Body
[2024-12-10T06:58:30.811Z] Error writing to Modbus register: A Modbus Exception Occurred - See Response Body
[2024-12-10T06:58:31.808Z] Error reading or processing Modbus registers: A Modbus Exception Occurred - See Response Body
[2024-12-10T06:58:31.810Z] Error reading register 6507 for IP 10.30.4.128: A Modbus Exception Occurred - See Response Body
[2024-12-10T06:58:31.812Z] Error reading actual data: A Modbus Exception Occurred - See Response Body
[2024-12-10T06:58:31.812Z] Error writing to Modbus register: A Modbus Exception Occurred - See Response Body
[2024-12-10T06:58:32.819Z] Error reading or processing Modbus registers: A Modbus Exception Occurred - See Response Body
[2024-12-10T06:58:32.822Z] Error reading register 6507 for IP 10.30.4.128: A Modbus Exception Occurred - See Response Body
[2024-12-10T06:58:32.823Z] Error reading actual data: A Modbus Exception Occurred - See Response Body
[2024-12-10T06:58:32.823Z] Error writing to Modbus register: A Modbus Exception Occurred - See Response Body
[2024-12-10T06:58:33.823Z] Error reading or processing Modbus registers: A Modbus Exception Occurred - See Response Body
[2024-12-10T06:58:33.826Z] Error reading register 6507 for IP 10.30.4.128: A Modbus Exception Occurred - See Response Body
[2024-12-10T06:58:33.826Z] Error reading actual data: A Modbus Exception Occurred - See Response Body
[2024-12-10T06:58:33.827Z] Error writing to Modbus register: A Modbus Exception Occurred - See Response Body
[2024-12-10T06:58:34.838Z] Error reading or processing Modbus registers: A Modbus Exception Occurred - See Response Body
[2024-12-10T06:58:34.841Z] Error reading register 6507 for IP 10.30.4.128: A Modbus Exception Occurred - See Response Body
[2024-12-10T06:58:34.841Z] Error reading actual data: A Modbus Exception Occurred - See Response Body
[2024-12-10T06:58:34.842Z] Error writing to Modbus register: A Modbus Exception Occurred - See Response Body
[2024-12-10T06:58:35.850Z] Error reading or processing Modbus registers: A Modbus Exception Occurred - See Response Body
[2024-12-10T06:58:35.852Z] Error reading register 6507 for IP 10.30.4.128: A Modbus Exception Occurred - See Response Body
[2024-12-10T06:58:35.853Z] Error reading actual data: A Modbus Exception Occurred - See Response Body
[2024-12-10T06:58:35.853Z] Error writing to Modbus register: A Modbus Exception Occurred - See Response Body
[2024-12-10T06:58:36.864Z] Error reading or processing Modbus registers: A Modbus Exception Occurred - See Response Body
[2024-12-10T06:58:36.866Z] Error reading register 6507 for IP 10.30.4.128: A Modbus Exception Occurred - See Response Body
[2024-12-10T06:58:36.866Z] Error reading actual data: A Modbus Exception Occurred - See Response Body
[2024-12-10T06:58:36.867Z] Error writing to Modbus register: A Modbus Exception Occurred - See Response Body
[2024-12-10T06:58:37.878Z] Error reading or processing Modbus registers: A Modbus Exception Occurred - See Response Body
[2024-12-10T06:58:37.880Z] Error reading register 6507 for IP 10.30.4.128: A Modbus Exception Occurred - See Response Body
[2024-12-10T06:58:37.881Z] Error reading actual data: A Modbus Exception Occurred - See Response Body
[2024-12-10T06:58:37.881Z] Error writing to Modbus register: A Modbus Exception Occurred - See Response Body
[2024-12-10T06:58:38.878Z] Error reading or processing Modbus registers: A Modbus Exception Occurred - See Response Body
[2024-12-10T06:58:38.880Z] Error reading register 6507 for IP 10.30.4.128: A Modbus Exception Occurred - See Response Body
[2024-12-10T06:58:38.881Z] Error reading actual data: A Modbus Exception Occurred - See Response Body
[2024-12-10T06:58:38.881Z] Error writing to Modbus register: A Modbus Exception Occurred - See Response Body
[2024-12-10T06:58:39.892Z] Error reading or processing Modbus registers: A Modbus Exception Occurred - See Response Body
[2024-12-10T06:58:39.894Z] Error reading register 6507 for IP 10.30.4.128: A Modbus Exception Occurred - See Response Body
[2024-12-10T06:58:39.895Z] Error reading actual data: A Modbus Exception Occurred - See Response Body
[2024-12-10T06:58:39.895Z] Error writing to Modbus register: A Modbus Exception Occurred - See Response Body
[2024-12-10T06:58:40.906Z] Error reading or processing Modbus registers: A Modbus Exception Occurred - See Response Body
[2024-12-10T06:58:40.909Z] Error reading register 6507 for IP 10.30.4.128: A Modbus Exception Occurred - See Response Body
[2024-12-10T06:58:40.910Z] Error reading actual data: A Modbus Exception Occurred - See Response Body
[2024-12-10T06:58:40.910Z] Error writing to Modbus register: A Modbus Exception Occurred - See Response Body
[2024-12-10T06:58:41.921Z] Error reading or processing Modbus registers: A Modbus Exception Occurred - See Response Body
[2024-12-10T06:58:41.924Z] Error reading register 6507 for IP 10.30.4.128: A Modbus Exception Occurred - See Response Body
[2024-12-10T06:58:41.925Z] Error reading actual data: A Modbus Exception Occurred - See Response Body
[2024-12-10T06:58:41.925Z] Error writing to Modbus register: A Modbus Exception Occurred - See Response Body
[2024-12-10T06:58:42.923Z] Error reading or processing Modbus registers: A Modbus Exception Occurred - See Response Body
[2024-12-10T06:58:42.926Z] Error reading register 6507 for IP 10.30.4.128: A Modbus Exception Occurred - See Response Body
[2024-12-10T06:58:42.927Z] Error reading actual data: A Modbus Exception Occurred - See Response Body
[2024-12-10T06:58:42.927Z] Error writing to Modbus register: A Modbus Exception Occurred - See Response Body
[2024-12-10T06:58:43.937Z] Error reading or processing Modbus registers: A Modbus Exception Occurred - See Response Body
[2024-12-10T06:58:43.940Z] Error reading register 6507 for IP 10.30.4.128: A Modbus Exception Occurred - See Response Body
[2024-12-10T06:58:43.941Z] Error reading actual data: A Modbus Exception Occurred - See Response Body
[2024-12-10T06:58:43.941Z] Error writing to Modbus register: A Modbus Exception Occurred - See Response Body
[2024-12-10T06:58:44.952Z] Error reading or processing Modbus registers: A Modbus Exception Occurred - See Response Body
[2024-12-10T06:58:44.955Z] Error reading register 6507 for IP 10.30.4.128: A Modbus Exception Occurred - See Response Body
[2024-12-10T06:58:44.956Z] Error reading actual data: A Modbus Exception Occurred - See Response Body
[2024-12-10T06:58:44.956Z] Error writing to Modbus register: A Modbus Exception Occurred - See Response Body
[2024-12-10T06:58:45.965Z] Error reading or processing Modbus registers: A Modbus Exception Occurred - See Response Body
[2024-12-10T06:58:45.967Z] Error reading register 6507 for IP 10.30.4.128: A Modbus Exception Occurred - See Response Body
[2024-12-10T06:58:45.968Z] Error reading actual data: A Modbus Exception Occurred - See Response Body
[2024-12-10T06:58:45.969Z] Error writing to Modbus register: A Modbus Exception Occurred - See Response Body
[2024-12-10T06:58:46.965Z] Error reading or processing Modbus registers: A Modbus Exception Occurred - See Response Body
[2024-12-10T06:58:46.967Z] Error reading register 6507 for IP 10.30.4.128: A Modbus Exception Occurred - See Response Body
[2024-12-10T06:58:46.968Z] Error reading actual data: A Modbus Exception Occurred - See Response Body
[2024-12-10T06:58:46.969Z] Error writing to Modbus register: A Modbus Exception Occurred - See Response Body
[2024-12-10T06:58:47.979Z] Error reading or processing Modbus registers: A Modbus Exception Occurred - See Response Body
[2024-12-10T06:58:47.982Z] Error reading register 6507 for IP 10.30.4.128: A Modbus Exception Occurred - See Response Body
[2024-12-10T06:58:47.983Z] Error reading actual data: A Modbus Exception Occurred - See Response Body
[2024-12-10T06:58:47.983Z] Error writing to Modbus register: A Modbus Exception Occurred - See Response Body
[2024-12-10T06:58:48.992Z] Error reading or processing Modbus registers: A Modbus Exception Occurred - See Response Body
[2024-12-10T06:58:48.995Z] Error reading register 6507 for IP 10.30.4.128: A Modbus Exception Occurred - See Response Body
[2024-12-10T06:58:48.995Z] Error reading actual data: A Modbus Exception Occurred - See Response Body
[2024-12-10T06:58:48.996Z] Error writing to Modbus register: A Modbus Exception Occurred - See Response Body
[2024-12-10T06:58:50.008Z] Error reading or processing Modbus registers: A Modbus Exception Occurred - See Response Body
[2024-12-10T06:58:50.014Z] Error reading register 6507 for IP 10.30.4.128: A Modbus Exception Occurred - See Response Body
[2024-12-10T06:58:50.015Z] Error reading actual data: A Modbus Exception Occurred - See Response Body
[2024-12-10T06:58:50.015Z] Error writing to Modbus register: A Modbus Exception Occurred - See Response Body
[2024-12-10T06:58:51.020Z] Error reading or processing Modbus registers: A Modbus Exception Occurred - See Response Body
[2024-12-10T06:58:51.023Z] Error reading register 6507 for IP 10.30.4.128: A Modbus Exception Occurred - See Response Body
[2024-12-10T06:58:51.023Z] Error reading actual data: A Modbus Exception Occurred - See Response Body
[2024-12-10T06:58:51.024Z] Error writing to Modbus register: A Modbus Exception Occurred - See Response Body
[2024-12-10T06:58:52.035Z] Error reading or processing Modbus registers: A Modbus Exception Occurred - See Response Body
[2024-12-10T06:58:52.037Z] Error reading register 6507 for IP 10.30.4.128: A Modbus Exception Occurred - See Response Body
[2024-12-10T06:58:52.038Z] Error reading actual data: A Modbus Exception Occurred - See Response Body
[2024-12-10T06:58:52.039Z] Error writing to Modbus register: A Modbus Exception Occurred - See Response Body
[2024-12-10T06:58:53.034Z] Error reading or processing Modbus registers: A Modbus Exception Occurred - See Response Body
[2024-12-10T06:58:53.037Z] Error reading register 6507 for IP 10.30.4.128: A Modbus Exception Occurred - See Response Body
[2024-12-10T06:58:53.037Z] Error reading actual data: A Modbus Exception Occurred - See Response Body
[2024-12-10T06:58:53.038Z] Error writing to Modbus register: A Modbus Exception Occurred - See Response Body
[2024-12-10T06:58:54.036Z] Error reading or processing Modbus registers: A Modbus Exception Occurred - See Response Body
[2024-12-10T06:58:54.038Z] Error reading register 6507 for IP 10.30.4.128: A Modbus Exception Occurred - See Response Body
[2024-12-10T06:58:54.039Z] Error reading actual data: A Modbus Exception Occurred - See Response Body
[2024-12-10T06:58:54.040Z] Error writing to Modbus register: A Modbus Exception Occurred - See Response Body
[2024-12-10T06:58:55.049Z] Error reading or processing Modbus registers: A Modbus Exception Occurred - See Response Body
[2024-12-10T06:58:55.051Z] Error reading register 6507 for IP 10.30.4.128: A Modbus Exception Occurred - See Response Body
[2024-12-10T06:58:55.052Z] Error reading actual data: A Modbus Exception Occurred - See Response Body
[2024-12-10T06:58:55.052Z] Error writing to Modbus register: A Modbus Exception Occurred - See Response Body
[2024-12-10T06:58:56.048Z] Error reading or processing Modbus registers: A Modbus Exception Occurred - See Response Body
[2024-12-10T06:58:56.050Z] Error reading register 6507 for IP 10.30.4.128: A Modbus Exception Occurred - See Response Body
[2024-12-10T06:58:56.051Z] Error reading actual data: A Modbus Exception Occurred - See Response Body
[2024-12-10T06:58:56.052Z] Error writing to Modbus register: A Modbus Exception Occurred - See Response Body
[2024-12-10T06:58:57.064Z] Error reading or processing Modbus registers: A Modbus Exception Occurred - See Response Body
[2024-12-10T06:58:57.066Z] Error reading register 6507 for IP 10.30.4.128: A Modbus Exception Occurred - See Response Body
[2024-12-10T06:58:57.066Z] Error reading actual data: A Modbus Exception Occurred - See Response Body
[2024-12-10T06:58:57.067Z] Error writing to Modbus register: A Modbus Exception Occurred - See Response Body
[2024-12-10T06:58:58.076Z] Error reading or processing Modbus registers: A Modbus Exception Occurred - See Response Body
[2024-12-10T06:58:58.079Z] Error reading register 6507 for IP 10.30.4.128: A Modbus Exception Occurred - See Response Body
[2024-12-10T06:58:58.079Z] Error reading actual data: A Modbus Exception Occurred - See Response Body
[2024-12-10T06:58:58.080Z] Error writing to Modbus register: A Modbus Exception Occurred - See Response Body
[2024-12-10T06:58:59.091Z] Error reading or processing Modbus registers: A Modbus Exception Occurred - See Response Body
[2024-12-10T06:58:59.093Z] Error reading register 6507 for IP 10.30.4.128: A Modbus Exception Occurred - See Response Body
[2024-12-10T06:58:59.094Z] Error reading actual data: A Modbus Exception Occurred - See Response Body
[2024-12-10T06:58:59.094Z] Error writing to Modbus register: A Modbus Exception Occurred - See Response Body
[2024-12-10T06:59:00.092Z] Error reading or processing Modbus registers: A Modbus Exception Occurred - See Response Body
[2024-12-10T06:59:00.094Z] Error reading register 6507 for IP 10.30.4.128: A Modbus Exception Occurred - See Response Body
[2024-12-10T06:59:00.095Z] Error reading actual data: A Modbus Exception Occurred - See Response Body
[2024-12-10T06:59:00.095Z] Error writing to Modbus register: A Modbus Exception Occurred - See Response Body
[2024-12-10T06:59:01.105Z] Error reading or processing Modbus registers: A Modbus Exception Occurred - See Response Body
[2024-12-10T06:59:01.107Z] Error reading register 6507 for IP 10.30.4.128: A Modbus Exception Occurred - See Response Body
[2024-12-10T06:59:01.108Z] Error reading actual data: A Modbus Exception Occurred - See Response Body
[2024-12-10T06:59:01.109Z] Error writing to Modbus register: A Modbus Exception Occurred - See Response Body
[2024-12-10T06:59:02.118Z] Error reading or processing Modbus registers: A Modbus Exception Occurred - See Response Body
[2024-12-10T06:59:02.121Z] Error reading register 6507 for IP 10.30.4.128: A Modbus Exception Occurred - See Response Body
[2024-12-10T06:59:02.122Z] Error reading actual data: A Modbus Exception Occurred - See Response Body
[2024-12-10T06:59:02.122Z] Error writing to Modbus register: A Modbus Exception Occurred - See Response Body
[2024-12-10T06:59:03.120Z] Error reading or processing Modbus registers: A Modbus Exception Occurred - See Response Body
[2024-12-10T06:59:03.122Z] Error reading register 6507 for IP 10.30.4.128: A Modbus Exception Occurred - See Response Body
[2024-12-10T06:59:03.123Z] Error reading actual data: A Modbus Exception Occurred - See Response Body
[2024-12-10T06:59:03.124Z] Error writing to Modbus register: A Modbus Exception Occurred - See Response Body
[2024-12-10T06:59:04.133Z] Error reading or processing Modbus registers: A Modbus Exception Occurred - See Response Body
[2024-12-10T06:59:04.135Z] Error reading register 6507 for IP 10.30.4.128: A Modbus Exception Occurred - See Response Body
[2024-12-10T06:59:04.136Z] Error reading actual data: A Modbus Exception Occurred - See Response Body
[2024-12-10T06:59:04.137Z] Error writing to Modbus register: A Modbus Exception Occurred - See Response Body
[2024-12-10T06:59:05.148Z] Error reading or processing Modbus registers: A Modbus Exception Occurred - See Response Body
[2024-12-10T06:59:05.150Z] Error reading register 6507 for IP 10.30.4.128: A Modbus Exception Occurred - See Response Body
[2024-12-10T06:59:05.151Z] Error reading actual data: A Modbus Exception Occurred - See Response Body
[2024-12-10T06:59:05.152Z] Error writing to Modbus register: A Modbus Exception Occurred - See Response Body
[2024-12-10T06:59:06.161Z] Error reading or processing Modbus registers: A Modbus Exception Occurred - See Response Body
[2024-12-10T06:59:06.164Z] Error reading register 6507 for IP 10.30.4.128: A Modbus Exception Occurred - See Response Body
[2024-12-10T06:59:06.165Z] Error reading actual data: A Modbus Exception Occurred - See Response Body
[2024-12-10T06:59:06.166Z] Error writing to Modbus register: A Modbus Exception Occurred - See Response Body
[2024-12-10T06:59:07.175Z] Error reading or processing Modbus registers: A Modbus Exception Occurred - See Response Body
[2024-12-10T06:59:07.178Z] Error reading register 6507 for IP 10.30.4.128: A Modbus Exception Occurred - See Response Body
[2024-12-10T06:59:07.179Z] Error reading actual data: A Modbus Exception Occurred - See Response Body
[2024-12-10T06:59:07.179Z] Error writing to Modbus register: A Modbus Exception Occurred - See Response Body
[2024-12-10T06:59:08.189Z] Error reading or processing Modbus registers: A Modbus Exception Occurred - See Response Body
[2024-12-10T06:59:08.191Z] Error reading register 6507 for IP 10.30.4.128: A Modbus Exception Occurred - See Response Body
[2024-12-10T06:59:08.192Z] Error reading actual data: A Modbus Exception Occurred - See Response Body
[2024-12-10T06:59:08.193Z] Error writing to Modbus register: A Modbus Exception Occurred - See Response Body
[2024-12-10T06:59:09.188Z] Error reading or processing Modbus registers: A Modbus Exception Occurred - See Response Body
[2024-12-10T06:59:09.191Z] Error reading register 6507 for IP 10.30.4.128: A Modbus Exception Occurred - See Response Body
[2024-12-10T06:59:09.192Z] Error reading actual data: A Modbus Exception Occurred - See Response Body
[2024-12-10T06:59:09.192Z] Error writing to Modbus register: A Modbus Exception Occurred - See Response Body
[2024-12-10T06:59:10.203Z] Error reading or processing Modbus registers: A Modbus Exception Occurred - See Response Body
[2024-12-10T06:59:10.207Z] Error reading actual data: A Modbus Exception Occurred - See Response Body
[2024-12-10T06:59:10.206Z] Error reading register 6507 for IP 10.30.4.128: A Modbus Exception Occurred - See Response Body
[2024-12-10T06:59:10.208Z] Error writing to Modbus register: A Modbus Exception Occurred - See Response Body
[2024-12-10T06:59:11.206Z] Error reading or processing Modbus registers: A Modbus Exception Occurred - See Response Body
[2024-12-10T06:59:11.208Z] Error reading register 6507 for IP 10.30.4.128: A Modbus Exception Occurred - See Response Body
[2024-12-10T06:59:11.209Z] Error reading actual data: A Modbus Exception Occurred - See Response Body
[2024-12-10T06:59:11.210Z] Error writing to Modbus register: A Modbus Exception Occurred - See Response Body
[2024-12-10T06:59:12.219Z] Error reading or processing Modbus registers: A Modbus Exception Occurred - See Response Body
[2024-12-10T06:59:12.225Z] Error reading register 6507 for IP 10.30.4.128: A Modbus Exception Occurred - See Response Body
[2024-12-10T06:59:12.226Z] Error reading actual data: A Modbus Exception Occurred - See Response Body
[2024-12-10T06:59:12.226Z] Error writing to Modbus register: A Modbus Exception Occurred - See Response Body
[2024-12-10T06:59:13.232Z] Error reading or processing Modbus registers: A Modbus Exception Occurred - See Response Body
[2024-12-10T06:59:13.234Z] Error reading register 6507 for IP 10.30.4.128: A Modbus Exception Occurred - See Response Body
[2024-12-10T06:59:13.235Z] Error reading actual data: A Modbus Exception Occurred - See Response Body
[2024-12-10T06:59:13.236Z] Error writing to Modbus register: A Modbus Exception Occurred - See Response Body
[2024-12-10T06:59:14.246Z] Error reading or processing Modbus registers: A Modbus Exception Occurred - See Response Body
[2024-12-10T06:59:14.249Z] Error reading register 6507 for IP 10.30.4.128: A Modbus Exception Occurred - See Response Body
[2024-12-10T06:59:14.249Z] Error reading actual data: A Modbus Exception Occurred - See Response Body
[2024-12-10T06:59:14.250Z] Error writing to Modbus register: A Modbus Exception Occurred - See Response Body
[2024-12-10T06:59:15.249Z] Error reading or processing Modbus registers: A Modbus Exception Occurred - See Response Body
[2024-12-10T06:59:15.251Z] Error reading register 6507 for IP 10.30.4.128: A Modbus Exception Occurred - See Response Body
[2024-12-10T06:59:15.251Z] Error reading actual data: A Modbus Exception Occurred - See Response Body
[2024-12-10T06:59:15.252Z] Error writing to Modbus register: A Modbus Exception Occurred - See Response Body
[2024-12-10T06:59:16.259Z] Error reading or processing Modbus registers: A Modbus Exception Occurred - See Response Body
[2024-12-10T06:59:16.262Z] Error reading register 6507 for IP 10.30.4.128: A Modbus Exception Occurred - See Response Body
[2024-12-10T06:59:16.263Z] Error reading actual data: A Modbus Exception Occurred - See Response Body
[2024-12-10T06:59:16.263Z] Error writing to Modbus register: A Modbus Exception Occurred - See Response Body
[2024-12-10T06:59:17.271Z] Error reading or processing Modbus registers: A Modbus Exception Occurred - See Response Body
[2024-12-10T06:59:17.273Z] Error reading register 6507 for IP 10.30.4.128: A Modbus Exception Occurred - See Response Body
[2024-12-10T06:59:17.274Z] Error reading actual data: A Modbus Exception Occurred - See Response Body
[2024-12-10T06:59:17.274Z] Error writing to Modbus register: A Modbus Exception Occurred - See Response Body
[2024-12-10T06:59:18.284Z] Error reading or processing Modbus registers: A Modbus Exception Occurred - See Response Body
[2024-12-10T06:59:18.287Z] Error reading register 6507 for IP 10.30.4.128: A Modbus Exception Occurred - See Response Body
[2024-12-10T06:59:18.288Z] Error reading actual data: A Modbus Exception Occurred - See Response Body
[2024-12-10T06:59:18.288Z] Error writing to Modbus register: A Modbus Exception Occurred - See Response Body
[2024-12-10T06:59:19.287Z] Error reading or processing Modbus registers: A Modbus Exception Occurred - See Response Body
[2024-12-10T06:59:19.290Z] Error reading register 6507 for IP 10.30.4.128: A Modbus Exception Occurred - See Response Body
[2024-12-10T06:59:19.290Z] Error reading actual data: A Modbus Exception Occurred - See Response Body
[2024-12-10T06:59:19.291Z] Error writing to Modbus register: A Modbus Exception Occurred - See Response Body
[2024-12-10T06:59:20.287Z] Error reading or processing Modbus registers: A Modbus Exception Occurred - See Response Body
[2024-12-10T06:59:20.290Z] Error reading register 6507 for IP 10.30.4.128: A Modbus Exception Occurred - See Response Body
[2024-12-10T06:59:20.291Z] Error reading actual data: A Modbus Exception Occurred - See Response Body
[2024-12-10T06:59:20.291Z] Error writing to Modbus register: A Modbus Exception Occurred - See Response Body
[2024-12-10T06:59:21.289Z] Error reading or processing Modbus registers: A Modbus Exception Occurred - See Response Body
[2024-12-10T06:59:21.292Z] Error reading register 6507 for IP 10.30.4.128: A Modbus Exception Occurred - See Response Body
[2024-12-10T06:59:21.292Z] Error reading actual data: A Modbus Exception Occurred - See Response Body
[2024-12-10T06:59:21.293Z] Error writing to Modbus register: A Modbus Exception Occurred - See Response Body
[2024-12-10T06:59:22.291Z] Error reading or processing Modbus registers: A Modbus Exception Occurred - See Response Body
[2024-12-10T06:59:22.293Z] Error reading register 6507 for IP 10.30.4.128: A Modbus Exception Occurred - See Response Body
[2024-12-10T06:59:22.294Z] Error reading actual data: A Modbus Exception Occurred - See Response Body
[2024-12-10T06:59:22.294Z] Error writing to Modbus register: A Modbus Exception Occurred - See Response Body
[2024-12-10T06:59:23.303Z] Error reading or processing Modbus registers: A Modbus Exception Occurred - See Response Body
[2024-12-10T06:59:23.305Z] Error reading register 6507 for IP 10.30.4.128: A Modbus Exception Occurred - See Response Body
[2024-12-10T06:59:23.306Z] Error reading actual data: A Modbus Exception Occurred - See Response Body
[2024-12-10T06:59:23.307Z] Error writing to Modbus register: A Modbus Exception Occurred - See Response Body
[2024-12-10T06:59:24.318Z] Error reading or processing Modbus registers: A Modbus Exception Occurred - See Response Body
[2024-12-10T06:59:24.321Z] Error reading register 6507 for IP 10.30.4.128: A Modbus Exception Occurred - See Response Body
[2024-12-10T06:59:24.321Z] Error reading actual data: A Modbus Exception Occurred - See Response Body
[2024-12-10T06:59:24.322Z] Error writing to Modbus register: A Modbus Exception Occurred - See Response Body
[2024-12-10T06:59:25.332Z] Error reading or processing Modbus registers: A Modbus Exception Occurred - See Response Body
[2024-12-10T06:59:25.334Z] Error reading register 6507 for IP 10.30.4.128: A Modbus Exception Occurred - See Response Body
[2024-12-10T06:59:25.335Z] Error reading actual data: A Modbus Exception Occurred - See Response Body
[2024-12-10T06:59:25.336Z] Error writing to Modbus register: A Modbus Exception Occurred - See Response Body
[2024-12-10T06:59:26.346Z] Error reading or processing Modbus registers: A Modbus Exception Occurred - See Response Body
[2024-12-10T06:59:26.348Z] Error reading register 6507 for IP 10.30.4.128: A Modbus Exception Occurred - See Response Body
[2024-12-10T06:59:26.349Z] Error reading actual data: A Modbus Exception Occurred - See Response Body
[2024-12-10T06:59:26.349Z] Error writing to Modbus register: A Modbus Exception Occurred - See Response Body
[2024-12-10T06:59:27.360Z] Error reading or processing Modbus registers: A Modbus Exception Occurred - See Response Body
[2024-12-10T06:59:27.362Z] Error reading register 6507 for IP 10.30.4.128: A Modbus Exception Occurred - See Response Body
[2024-12-10T06:59:27.362Z] Error reading actual data: A Modbus Exception Occurred - See Response Body
[2024-12-10T06:59:27.363Z] Error writing to Modbus register: A Modbus Exception Occurred - See Response Body
[2024-12-10T06:59:28.372Z] Error reading or processing Modbus registers: A Modbus Exception Occurred - See Response Body
[2024-12-10T06:59:28.374Z] Error reading register 6507 for IP 10.30.4.128: A Modbus Exception Occurred - See Response Body
[2024-12-10T06:59:28.375Z] Error reading actual data: A Modbus Exception Occurred - See Response Body
[2024-12-10T06:59:28.375Z] Error writing to Modbus register: A Modbus Exception Occurred - See Response Body
[2024-12-10T06:59:29.385Z] Error reading or processing Modbus registers: A Modbus Exception Occurred - See Response Body
[2024-12-10T06:59:29.387Z] Error reading register 6507 for IP 10.30.4.128: A Modbus Exception Occurred - See Response Body
[2024-12-10T06:59:29.388Z] Error reading actual data: A Modbus Exception Occurred - See Response Body
[2024-12-10T06:59:29.388Z] Error writing to Modbus register: A Modbus Exception Occurred - See Response Body
[2024-12-10T06:59:30.398Z] Error reading or processing Modbus registers: A Modbus Exception Occurred - See Response Body
[2024-12-10T06:59:30.401Z] Error reading register 6507 for IP 10.30.4.128: A Modbus Exception Occurred - See Response Body
[2024-12-10T06:59:30.404Z] Error reading actual data: A Modbus Exception Occurred - See Response Body
[2024-12-10T06:59:30.405Z] Error writing to Modbus register: A Modbus Exception Occurred - See Response Body
[2024-12-10T06:59:31.411Z] Error reading or processing Modbus registers: A Modbus Exception Occurred - See Response Body
[2024-12-10T06:59:31.413Z] Error reading register 6507 for IP 10.30.4.128: A Modbus Exception Occurred - See Response Body
[2024-12-10T06:59:31.414Z] Error reading actual data: A Modbus Exception Occurred - See Response Body
[2024-12-10T06:59:31.414Z] Error writing to Modbus register: A Modbus Exception Occurred - See Response Body
[2024-12-10T06:59:32.413Z] Error reading or processing Modbus registers: A Modbus Exception Occurred - See Response Body
[2024-12-10T06:59:32.415Z] Error reading register 6507 for IP 10.30.4.128: A Modbus Exception Occurred - See Response Body
[2024-12-10T06:59:32.416Z] Error reading actual data: A Modbus Exception Occurred - See Response Body
[2024-12-10T06:59:32.416Z] Error writing to Modbus register: A Modbus Exception Occurred - See Response Body
[2024-12-10T06:59:33.415Z] Error reading or processing Modbus registers: A Modbus Exception Occurred - See Response Body
[2024-12-10T06:59:33.418Z] Error reading register 6507 for IP 10.30.4.128: A Modbus Exception Occurred - See Response Body
[2024-12-10T06:59:33.418Z] Error reading actual data: A Modbus Exception Occurred - See Response Body
[2024-12-10T06:59:33.419Z] Error writing to Modbus register: A Modbus Exception Occurred - See Response Body
[2024-12-10T06:59:34.430Z] Error reading or processing Modbus registers: A Modbus Exception Occurred - See Response Body
[2024-12-10T06:59:34.432Z] Error reading register 6507 for IP 10.30.4.128: A Modbus Exception Occurred - See Response Body
[2024-12-10T06:59:34.433Z] Error reading actual data: A Modbus Exception Occurred - See Response Body
[2024-12-10T06:59:34.433Z] Error writing to Modbus register: A Modbus Exception Occurred - See Response Body
[2024-12-10T06:59:35.443Z] Error reading or processing Modbus registers: A Modbus Exception Occurred - See Response Body
[2024-12-10T06:59:35.446Z] Error reading register 6507 for IP 10.30.4.128: A Modbus Exception Occurred - See Response Body
[2024-12-10T06:59:35.447Z] Error writing to Modbus register: A Modbus Exception Occurred - See Response Body
[2024-12-10T06:59:35.447Z] Error reading actual data: A Modbus Exception Occurred - See Response Body
[2024-12-10T06:59:36.457Z] Error reading or processing Modbus registers: A Modbus Exception Occurred - See Response Body
[2024-12-10T06:59:36.460Z] Error reading register 6507 for IP 10.30.4.128: A Modbus Exception Occurred - See Response Body
[2024-12-10T06:59:36.460Z] Error reading actual data: A Modbus Exception Occurred - See Response Body
[2024-12-10T06:59:36.461Z] Error writing to Modbus register: A Modbus Exception Occurred - See Response Body
[2024-12-10T06:59:37.461Z] Error reading or processing Modbus registers: A Modbus Exception Occurred - See Response Body
[2024-12-10T06:59:37.463Z] Error reading register 6507 for IP 10.30.4.128: A Modbus Exception Occurred - See Response Body
[2024-12-10T06:59:37.464Z] Error reading actual data: A Modbus Exception Occurred - See Response Body
[2024-12-10T06:59:37.464Z] Error writing to Modbus register: A Modbus Exception Occurred - See Response Body
[2024-12-10T06:59:38.475Z] Error reading or processing Modbus registers: A Modbus Exception Occurred - See Response Body
[2024-12-10T06:59:38.477Z] Error reading register 6507 for IP 10.30.4.128: A Modbus Exception Occurred - See Response Body
[2024-12-10T06:59:38.478Z] Error reading actual data: A Modbus Exception Occurred - See Response Body
[2024-12-10T06:59:38.479Z] Error writing to Modbus register: A Modbus Exception Occurred - See Response Body
[2024-12-10T06:59:39.476Z] Error reading or processing Modbus registers: A Modbus Exception Occurred - See Response Body
[2024-12-10T06:59:39.478Z] Error reading register 6507 for IP 10.30.4.128: A Modbus Exception Occurred - See Response Body
[2024-12-10T06:59:39.480Z] Error reading actual data: A Modbus Exception Occurred - See Response Body
[2024-12-10T06:59:39.480Z] Error writing to Modbus register: A Modbus Exception Occurred - See Response Body
[2024-12-10T06:59:40.487Z] Error reading or processing Modbus registers: A Modbus Exception Occurred - See Response Body
[2024-12-10T06:59:40.489Z] Error reading register 6507 for IP 10.30.4.128: A Modbus Exception Occurred - See Response Body
[2024-12-10T06:59:40.490Z] Error reading actual data: A Modbus Exception Occurred - See Response Body
[2024-12-10T06:59:40.490Z] Error writing to Modbus register: A Modbus Exception Occurred - See Response Body
[2024-12-10T06:59:41.487Z] Error reading or processing Modbus registers: A Modbus Exception Occurred - See Response Body
[2024-12-10T06:59:41.490Z] Error reading actual data: A Modbus Exception Occurred - See Response Body
[2024-12-10T06:59:41.489Z] Error reading register 6507 for IP 10.30.4.128: A Modbus Exception Occurred - See Response Body
[2024-12-10T06:59:41.490Z] Error writing to Modbus register: A Modbus Exception Occurred - See Response Body
[2024-12-10T06:59:42.500Z] Error reading or processing Modbus registers: A Modbus Exception Occurred - See Response Body
[2024-12-10T06:59:42.502Z] Error reading register 6507 for IP 10.30.4.128: A Modbus Exception Occurred - See Response Body
[2024-12-10T06:59:42.503Z] Error reading actual data: A Modbus Exception Occurred - See Response Body
[2024-12-10T06:59:42.503Z] Error writing to Modbus register: A Modbus Exception Occurred - See Response Body
[2024-12-10T06:59:43.515Z] Error reading or processing Modbus registers: A Modbus Exception Occurred - See Response Body
[2024-12-10T06:59:43.517Z] Error reading register 6507 for IP 10.30.4.128: A Modbus Exception Occurred - See Response Body
[2024-12-10T06:59:43.518Z] Error reading actual data: A Modbus Exception Occurred - See Response Body
[2024-12-10T06:59:43.519Z] Error writing to Modbus register: A Modbus Exception Occurred - See Response Body
[2024-12-10T06:59:44.528Z] Error reading or processing Modbus registers: A Modbus Exception Occurred - See Response Body
[2024-12-10T06:59:44.531Z] Error reading register 6507 for IP 10.30.4.128: A Modbus Exception Occurred - See Response Body
[2024-12-10T06:59:44.531Z] Error reading actual data: A Modbus Exception Occurred - See Response Body
[2024-12-10T06:59:44.532Z] Error writing to Modbus register: A Modbus Exception Occurred - See Response Body
[2024-12-10T06:59:45.531Z] Error reading or processing Modbus registers: A Modbus Exception Occurred - See Response Body
[2024-12-10T06:59:45.533Z] Error reading register 6507 for IP 10.30.4.128: A Modbus Exception Occurred - See Response Body
[2024-12-10T06:59:45.534Z] Error reading actual data: A Modbus Exception Occurred - See Response Body
[2024-12-10T06:59:45.535Z] Error writing to Modbus register: A Modbus Exception Occurred - See Response Body
[2024-12-10T06:59:46.544Z] Error reading or processing Modbus registers: A Modbus Exception Occurred - See Response Body
[2024-12-10T06:59:46.547Z] Error reading register 6507 for IP 10.30.4.128: A Modbus Exception Occurred - See Response Body
[2024-12-10T06:59:46.548Z] Error reading actual data: A Modbus Exception Occurred - See Response Body
[2024-12-10T06:59:46.549Z] Error writing to Modbus register: A Modbus Exception Occurred - See Response Body
[2024-12-10T06:59:47.559Z] Error reading or processing Modbus registers: A Modbus Exception Occurred - See Response Body
[2024-12-10T06:59:47.562Z] Error reading register 6507 for IP 10.30.4.128: A Modbus Exception Occurred - See Response Body
[2024-12-10T06:59:47.563Z] Error reading actual data: A Modbus Exception Occurred - See Response Body
[2024-12-10T06:59:47.563Z] Error writing to Modbus register: A Modbus Exception Occurred - See Response Body
[2024-12-10T06:59:48.560Z] Error reading or processing Modbus registers: A Modbus Exception Occurred - See Response Body
[2024-12-10T06:59:48.563Z] Error reading register 6507 for IP 10.30.4.128: A Modbus Exception Occurred - See Response Body
[2024-12-10T06:59:48.564Z] Error reading actual data: A Modbus Exception Occurred - See Response Body
[2024-12-10T06:59:48.564Z] Error writing to Modbus register: A Modbus Exception Occurred - See Response Body
[2024-12-10T06:59:49.565Z] Error reading or processing Modbus registers: A Modbus Exception Occurred - See Response Body
[2024-12-10T06:59:49.567Z] Error reading register 6507 for IP 10.30.4.128: A Modbus Exception Occurred - See Response Body
[2024-12-10T06:59:49.568Z] Error reading actual data: A Modbus Exception Occurred - See Response Body
[2024-12-10T06:59:49.569Z] Error writing to Modbus register: A Modbus Exception Occurred - See Response Body
[2024-12-10T06:59:50.579Z] Error reading or processing Modbus registers: A Modbus Exception Occurred - See Response Body
[2024-12-10T06:59:50.582Z] Error reading register 6507 for IP 10.30.4.128: A Modbus Exception Occurred - See Response Body
[2024-12-10T06:59:50.583Z] Error reading actual data: A Modbus Exception Occurred - See Response Body
[2024-12-10T06:59:50.583Z] Error writing to Modbus register: A Modbus Exception Occurred - See Response Body
[2024-12-10T06:59:51.593Z] Error reading or processing Modbus registers: A Modbus Exception Occurred - See Response Body
[2024-12-10T06:59:51.595Z] Error reading register 6507 for IP 10.30.4.128: A Modbus Exception Occurred - See Response Body
[2024-12-10T06:59:51.596Z] Error reading actual data: A Modbus Exception Occurred - See Response Body
[2024-12-10T06:59:51.596Z] Error writing to Modbus register: A Modbus Exception Occurred - See Response Body
[2024-12-10T06:59:52.593Z] Error reading or processing Modbus registers: A Modbus Exception Occurred - See Response Body
[2024-12-10T06:59:52.596Z] Error reading register 6507 for IP 10.30.4.128: A Modbus Exception Occurred - See Response Body
[2024-12-10T06:59:52.596Z] Error reading actual data: A Modbus Exception Occurred - See Response Body
[2024-12-10T06:59:52.597Z] Error writing to Modbus register: A Modbus Exception Occurred - See Response Body
[2024-12-10T06:59:53.606Z] Error reading or processing Modbus registers: A Modbus Exception Occurred - See Response Body
[2024-12-10T06:59:53.609Z] Error reading register 6507 for IP 10.30.4.128: A Modbus Exception Occurred - See Response Body
[2024-12-10T06:59:53.609Z] Error reading actual data: A Modbus Exception Occurred - See Response Body
[2024-12-10T06:59:53.610Z] Error writing to Modbus register: A Modbus Exception Occurred - See Response Body
[2024-12-10T06:59:54.620Z] Error reading or processing Modbus registers: A Modbus Exception Occurred - See Response Body
[2024-12-10T06:59:54.622Z] Error reading register 6507 for IP 10.30.4.128: A Modbus Exception Occurred - See Response Body
[2024-12-10T06:59:54.623Z] Error reading actual data: A Modbus Exception Occurred - See Response Body
[2024-12-10T06:59:54.623Z] Error writing to Modbus register: A Modbus Exception Occurred - See Response Body
[2024-12-10T06:59:55.621Z] Error reading or processing Modbus registers: A Modbus Exception Occurred - See Response Body
[2024-12-10T06:59:55.624Z] Error reading register 6507 for IP 10.30.4.128: A Modbus Exception Occurred - See Response Body
[2024-12-10T06:59:55.624Z] Error reading actual data: A Modbus Exception Occurred - See Response Body
[2024-12-10T06:59:55.625Z] Error writing to Modbus register: A Modbus Exception Occurred - See Response Body
[2024-12-10T06:59:56.635Z] Error reading or processing Modbus registers: A Modbus Exception Occurred - See Response Body
[2024-12-10T06:59:56.637Z] Error reading register 6507 for IP 10.30.4.128: A Modbus Exception Occurred - See Response Body
[2024-12-10T06:59:56.638Z] Error reading actual data: A Modbus Exception Occurred - See Response Body
[2024-12-10T06:59:56.639Z] Error writing to Modbus register: A Modbus Exception Occurred - See Response Body
[2024-12-10T06:59:57.636Z] Error reading or processing Modbus registers: A Modbus Exception Occurred - See Response Body
[2024-12-10T06:59:57.639Z] Error reading register 6507 for IP 10.30.4.128: A Modbus Exception Occurred - See Response Body
[2024-12-10T06:59:57.640Z] Error reading actual data: A Modbus Exception Occurred - See Response Body
[2024-12-10T06:59:57.641Z] Error writing to Modbus register: A Modbus Exception Occurred - See Response Body
[2024-12-10T06:59:58.640Z] Error reading or processing Modbus registers: A Modbus Exception Occurred - See Response Body
[2024-12-10T06:59:58.644Z] Error reading register 6507 for IP 10.30.4.128: A Modbus Exception Occurred - See Response Body
[2024-12-10T06:59:58.645Z] Error reading actual data: A Modbus Exception Occurred - See Response Body
[2024-12-10T06:59:58.645Z] Error writing to Modbus register: A Modbus Exception Occurred - See Response Body
[2024-12-10T06:59:59.655Z] Error reading or processing Modbus registers: A Modbus Exception Occurred - See Response Body
[2024-12-10T06:59:59.658Z] Error reading register 6507 for IP 10.30.4.128: A Modbus Exception Occurred - See Response Body
[2024-12-10T06:59:59.659Z] Error reading actual data: A Modbus Exception Occurred - See Response Body
[2024-12-10T06:59:59.659Z] Error writing to Modbus register: A Modbus Exception Occurred - See Response Body
[2024-12-10T07:00:00.670Z] Error reading or processing Modbus registers: A Modbus Exception Occurred - See Response Body
[2024-12-10T07:00:00.672Z] Error reading register 6507 for IP 10.30.4.128: A Modbus Exception Occurred - See Response Body
[2024-12-10T07:00:00.673Z] Error reading actual data: A Modbus Exception Occurred - See Response Body
[2024-12-10T07:00:00.673Z] Error writing to Modbus register: A Modbus Exception Occurred - See Response Body
[2024-12-10T07:00:01.684Z] Error reading or processing Modbus registers: A Modbus Exception Occurred - See Response Body
[2024-12-10T07:00:01.686Z] Error reading register 6507 for IP 10.30.4.128: A Modbus Exception Occurred - See Response Body
[2024-12-10T07:00:01.687Z] Error reading actual data: A Modbus Exception Occurred - See Response Body
[2024-12-10T07:00:01.688Z] Error writing to Modbus register: A Modbus Exception Occurred - See Response Body
[2024-12-10T07:00:02.684Z] Error reading or processing Modbus registers: A Modbus Exception Occurred - See Response Body
[2024-12-10T07:00:02.686Z] Error reading register 6507 for IP 10.30.4.128: A Modbus Exception Occurred - See Response Body
[2024-12-10T07:00:02.687Z] Error reading actual data: A Modbus Exception Occurred - See Response Body
[2024-12-10T07:00:02.688Z] Error writing to Modbus register: A Modbus Exception Occurred - See Response Body
[2024-12-10T07:00:03.685Z] Error reading or processing Modbus registers: A Modbus Exception Occurred - See Response Body
[2024-12-10T07:00:03.688Z] Error reading register 6507 for IP 10.30.4.128: A Modbus Exception Occurred - See Response Body
[2024-12-10T07:00:03.689Z] Error reading actual data: A Modbus Exception Occurred - See Response Body
[2024-12-10T07:00:03.690Z] Error writing to Modbus register: A Modbus Exception Occurred - See Response Body
[2024-12-10T07:00:04.700Z] Error reading or processing Modbus registers: A Modbus Exception Occurred - See Response Body
[2024-12-10T07:00:04.703Z] Error reading register 6507 for IP 10.30.4.128: A Modbus Exception Occurred - See Response Body
[2024-12-10T07:00:04.703Z] Error reading actual data: A Modbus Exception Occurred - See Response Body
[2024-12-10T07:00:04.704Z] Error writing to Modbus register: A Modbus Exception Occurred - See Response Body
[2024-12-10T07:00:05.713Z] Error reading or processing Modbus registers: A Modbus Exception Occurred - See Response Body
[2024-12-10T07:00:05.715Z] Error reading register 6507 for IP 10.30.4.128: A Modbus Exception Occurred - See Response Body
[2024-12-10T07:00:05.716Z] Error reading actual data: A Modbus Exception Occurred - See Response Body
[2024-12-10T07:00:05.717Z] Error writing to Modbus register: A Modbus Exception Occurred - See Response Body
[2024-12-10T07:00:06.728Z] Error reading or processing Modbus registers: A Modbus Exception Occurred - See Response Body
[2024-12-10T07:00:06.730Z] Error reading register 6507 for IP 10.30.4.128: A Modbus Exception Occurred - See Response Body
[2024-12-10T07:00:06.731Z] Error reading actual data: A Modbus Exception Occurred - See Response Body
[2024-12-10T07:00:06.732Z] Error writing to Modbus register: A Modbus Exception Occurred - See Response Body
[2024-12-10T07:00:07.729Z] Error reading or processing Modbus registers: A Modbus Exception Occurred - See Response Body
[2024-12-10T07:00:07.732Z] Error reading register 6507 for IP 10.30.4.128: A Modbus Exception Occurred - See Response Body
[2024-12-10T07:00:07.733Z] Error reading actual data: A Modbus Exception Occurred - See Response Body
[2024-12-10T07:00:07.733Z] Error writing to Modbus register: A Modbus Exception Occurred - See Response Body
[2024-12-10T07:00:08.741Z] Error reading or processing Modbus registers: A Modbus Exception Occurred - See Response Body
[2024-12-10T07:00:08.743Z] Error reading register 6507 for IP 10.30.4.128: A Modbus Exception Occurred - See Response Body
[2024-12-10T07:00:08.744Z] Error reading actual data: A Modbus Exception Occurred - See Response Body
[2024-12-10T07:00:08.745Z] Error writing to Modbus register: A Modbus Exception Occurred - See Response Body
[2024-12-10T07:00:09.756Z] Error reading or processing Modbus registers: A Modbus Exception Occurred - See Response Body
[2024-12-10T07:00:09.758Z] Error reading register 6507 for IP 10.30.4.128: A Modbus Exception Occurred - See Response Body
[2024-12-10T07:00:09.760Z] Error reading actual data: A Modbus Exception Occurred - See Response Body
[2024-12-10T07:00:09.760Z] Error writing to Modbus register: A Modbus Exception Occurred - See Response Body
[2024-12-10T07:00:10.770Z] Error reading or processing Modbus registers: A Modbus Exception Occurred - See Response Body
[2024-12-10T07:00:10.772Z] Error reading register 6507 for IP 10.30.4.128: A Modbus Exception Occurred - See Response Body
[2024-12-10T07:00:10.773Z] Error reading actual data: A Modbus Exception Occurred - See Response Body
[2024-12-10T07:00:10.773Z] Error writing to Modbus register: A Modbus Exception Occurred - See Response Body
[2024-12-10T07:00:11.784Z] Error reading or processing Modbus registers: A Modbus Exception Occurred - See Response Body
[2024-12-10T07:00:11.786Z] Error reading register 6507 for IP 10.30.4.128: A Modbus Exception Occurred - See Response Body
[2024-12-10T07:00:11.787Z] Error reading actual data: A Modbus Exception Occurred - See Response Body
[2024-12-10T07:00:11.788Z] Error writing to Modbus register: A Modbus Exception Occurred - See Response Body
[2024-12-10T07:00:12.785Z] Error reading or processing Modbus registers: A Modbus Exception Occurred - See Response Body
[2024-12-10T07:00:12.788Z] Error reading register 6507 for IP 10.30.4.128: A Modbus Exception Occurred - See Response Body
[2024-12-10T07:00:12.789Z] Error reading actual data: A Modbus Exception Occurred - See Response Body
[2024-12-10T07:00:12.789Z] Error writing to Modbus register: A Modbus Exception Occurred - See Response Body
[2024-12-10T07:00:13.799Z] Error reading or processing Modbus registers: A Modbus Exception Occurred - See Response Body
[2024-12-10T07:00:13.801Z] Error reading register 6507 for IP 10.30.4.128: A Modbus Exception Occurred - See Response Body
[2024-12-10T07:00:13.802Z] Error reading actual data: A Modbus Exception Occurred - See Response Body
[2024-12-10T07:00:13.802Z] Error writing to Modbus register: A Modbus Exception Occurred - See Response Body
[2024-12-10T07:00:14.811Z] Error reading or processing Modbus registers: A Modbus Exception Occurred - See Response Body
[2024-12-10T07:00:14.814Z] Error reading register 6507 for IP 10.30.4.128: A Modbus Exception Occurred - See Response Body
[2024-12-10T07:00:14.814Z] Error reading actual data: A Modbus Exception Occurred - See Response Body
[2024-12-10T07:00:14.815Z] Error writing to Modbus register: A Modbus Exception Occurred - See Response Body
[2024-12-10T07:00:15.812Z] Error reading or processing Modbus registers: A Modbus Exception Occurred - See Response Body
[2024-12-10T07:00:15.814Z] Error reading register 6507 for IP 10.30.4.128: A Modbus Exception Occurred - See Response Body
[2024-12-10T07:00:15.815Z] Error reading actual data: A Modbus Exception Occurred - See Response Body
[2024-12-10T07:00:15.815Z] Error writing to Modbus register: A Modbus Exception Occurred - See Response Body
[2024-12-10T07:00:16.824Z] Error reading or processing Modbus registers: A Modbus Exception Occurred - See Response Body
[2024-12-10T07:00:16.827Z] Error reading register 6507 for IP 10.30.4.128: A Modbus Exception Occurred - See Response Body
[2024-12-10T07:00:16.827Z] Error reading actual data: A Modbus Exception Occurred - See Response Body
[2024-12-10T07:00:16.828Z] Error writing to Modbus register: A Modbus Exception Occurred - See Response Body
[2024-12-10T07:00:17.825Z] Error reading or processing Modbus registers: A Modbus Exception Occurred - See Response Body
[2024-12-10T07:00:17.827Z] Error reading register 6507 for IP 10.30.4.128: A Modbus Exception Occurred - See Response Body
[2024-12-10T07:00:17.827Z] Error reading actual data: A Modbus Exception Occurred - See Response Body
[2024-12-10T07:00:17.828Z] Error writing to Modbus register: A Modbus Exception Occurred - See Response Body
[2024-12-10T07:00:18.838Z] Error reading or processing Modbus registers: A Modbus Exception Occurred - See Response Body
[2024-12-10T07:00:18.841Z] Error reading register 6507 for IP 10.30.4.128: A Modbus Exception Occurred - See Response Body
[2024-12-10T07:00:18.841Z] Error reading actual data: A Modbus Exception Occurred - See Response Body
[2024-12-10T07:00:18.842Z] Error writing to Modbus register: A Modbus Exception Occurred - See Response Body
[2024-12-10T07:00:19.845Z] Error reading or processing Modbus registers: A Modbus Exception Occurred - See Response Body
[2024-12-10T07:00:19.847Z] Error reading register 6507 for IP 10.30.4.128: A Modbus Exception Occurred - See Response Body
[2024-12-10T07:00:19.848Z] Error reading actual data: A Modbus Exception Occurred - See Response Body
[2024-12-10T07:00:19.849Z] Error writing to Modbus register: A Modbus Exception Occurred - See Response Body
[2024-12-10T07:00:20.859Z] Error reading or processing Modbus registers: A Modbus Exception Occurred - See Response Body
[2024-12-10T07:00:20.862Z] Error reading register 6507 for IP 10.30.4.128: A Modbus Exception Occurred - See Response Body
[2024-12-10T07:00:20.863Z] Error reading actual data: A Modbus Exception Occurred - See Response Body
[2024-12-10T07:00:20.863Z] Error writing to Modbus register: A Modbus Exception Occurred - See Response Body
[2024-12-10T07:00:21.873Z] Error reading or processing Modbus registers: A Modbus Exception Occurred - See Response Body
[2024-12-10T07:00:21.876Z] Error reading register 6507 for IP 10.30.4.128: A Modbus Exception Occurred - See Response Body
[2024-12-10T07:00:21.877Z] Error reading actual data: A Modbus Exception Occurred - See Response Body
[2024-12-10T07:00:21.877Z] Error writing to Modbus register: A Modbus Exception Occurred - See Response Body
[2024-12-10T07:00:22.887Z] Error reading or processing Modbus registers: A Modbus Exception Occurred - See Response Body
[2024-12-10T07:00:22.890Z] Error reading register 6507 for IP 10.30.4.128: A Modbus Exception Occurred - See Response Body
[2024-12-10T07:00:22.890Z] Error reading actual data: A Modbus Exception Occurred - See Response Body
[2024-12-10T07:00:22.891Z] Error writing to Modbus register: A Modbus Exception Occurred - See Response Body
[2024-12-10T07:00:23.902Z] Error reading or processing Modbus registers: A Modbus Exception Occurred - See Response Body
[2024-12-10T07:00:23.904Z] Error reading register 6507 for IP 10.30.4.128: A Modbus Exception Occurred - See Response Body
[2024-12-10T07:00:23.905Z] Error reading actual data: A Modbus Exception Occurred - See Response Body
[2024-12-10T07:00:23.906Z] Error writing to Modbus register: A Modbus Exception Occurred - See Response Body
[2024-12-10T07:00:24.902Z] Error reading or processing Modbus registers: A Modbus Exception Occurred - See Response Body
[2024-12-10T07:00:24.904Z] Error reading register 6507 for IP 10.30.4.128: A Modbus Exception Occurred - See Response Body
[2024-12-10T07:00:24.906Z] Error reading actual data: A Modbus Exception Occurred - See Response Body
[2024-12-10T07:00:24.906Z] Error writing to Modbus register: A Modbus Exception Occurred - See Response Body
[2024-12-10T07:00:25.905Z] Error reading or processing Modbus registers: A Modbus Exception Occurred - See Response Body
[2024-12-10T07:00:25.907Z] Error reading register 6507 for IP 10.30.4.128: A Modbus Exception Occurred - See Response Body
[2024-12-10T07:00:25.908Z] Error reading actual data: A Modbus Exception Occurred - See Response Body
[2024-12-10T07:00:25.909Z] Error writing to Modbus register: A Modbus Exception Occurred - See Response Body
[2024-12-10T07:00:26.918Z] Error reading or processing Modbus registers: A Modbus Exception Occurred - See Response Body
[2024-12-10T07:00:26.921Z] Error reading register 6507 for IP 10.30.4.128: A Modbus Exception Occurred - See Response Body
[2024-12-10T07:00:26.921Z] Error reading actual data: A Modbus Exception Occurred - See Response Body
[2024-12-10T07:00:26.922Z] Error writing to Modbus register: A Modbus Exception Occurred - See Response Body
[2024-12-10T07:00:27.920Z] Error reading or processing Modbus registers: A Modbus Exception Occurred - See Response Body
[2024-12-10T07:00:27.922Z] Error reading register 6507 for IP 10.30.4.128: A Modbus Exception Occurred - See Response Body
[2024-12-10T07:00:27.923Z] Error reading actual data: A Modbus Exception Occurred - See Response Body
[2024-12-10T07:00:27.924Z] Error writing to Modbus register: A Modbus Exception Occurred - See Response Body
[2024-12-10T07:00:28.934Z] Error reading or processing Modbus registers: A Modbus Exception Occurred - See Response Body
[2024-12-10T07:00:28.937Z] Error reading register 6507 for IP 10.30.4.128: A Modbus Exception Occurred - See Response Body
[2024-12-10T07:00:28.937Z] Error reading actual data: A Modbus Exception Occurred - See Response Body
[2024-12-10T07:00:28.938Z] Error writing to Modbus register: A Modbus Exception Occurred - See Response Body
[2024-12-10T07:00:29.934Z] Error reading or processing Modbus registers: A Modbus Exception Occurred - See Response Body
[2024-12-10T07:00:29.936Z] Error reading register 6507 for IP 10.30.4.128: A Modbus Exception Occurred - See Response Body
[2024-12-10T07:00:29.937Z] Error reading actual data: A Modbus Exception Occurred - See Response Body
[2024-12-10T07:00:29.938Z] Error writing to Modbus register: A Modbus Exception Occurred - See Response Body
[2024-12-10T07:00:30.934Z] Error reading or processing Modbus registers: A Modbus Exception Occurred - See Response Body
[2024-12-10T07:00:30.936Z] Error reading register 6507 for IP 10.30.4.128: A Modbus Exception Occurred - See Response Body
[2024-12-10T07:00:30.937Z] Error reading actual data: A Modbus Exception Occurred - See Response Body
[2024-12-10T07:00:30.938Z] Error writing to Modbus register: A Modbus Exception Occurred - See Response Body
[2024-12-10T07:00:31.947Z] Error reading or processing Modbus registers: A Modbus Exception Occurred - See Response Body
[2024-12-10T07:00:31.950Z] Error reading register 6507 for IP 10.30.4.128: A Modbus Exception Occurred - See Response Body
[2024-12-10T07:00:31.951Z] Error reading actual data: A Modbus Exception Occurred - See Response Body
[2024-12-10T07:00:31.952Z] Error writing to Modbus register: A Modbus Exception Occurred - See Response Body
[2024-12-10T07:00:32.962Z] Error reading or processing Modbus registers: A Modbus Exception Occurred - See Response Body
[2024-12-10T07:00:32.965Z] Error reading register 6507 for IP 10.30.4.128: A Modbus Exception Occurred - See Response Body
[2024-12-10T07:00:32.965Z] Error reading actual data: A Modbus Exception Occurred - See Response Body
[2024-12-10T07:00:32.966Z] Error writing to Modbus register: A Modbus Exception Occurred - See Response Body
[2024-12-10T07:00:33.978Z] Error reading or processing Modbus registers: A Modbus Exception Occurred - See Response Body
[2024-12-10T07:00:33.981Z] Error reading register 6507 for IP 10.30.4.128: A Modbus Exception Occurred - See Response Body
[2024-12-10T07:00:33.981Z] Error reading actual data: A Modbus Exception Occurred - See Response Body
[2024-12-10T07:00:33.982Z] Error writing to Modbus register: A Modbus Exception Occurred - See Response Body
[2024-12-10T07:00:34.990Z] Error reading or processing Modbus registers: A Modbus Exception Occurred - See Response Body
[2024-12-10T07:00:34.993Z] Error reading register 6507 for IP 10.30.4.128: A Modbus Exception Occurred - See Response Body
[2024-12-10T07:00:34.994Z] Error reading actual data: A Modbus Exception Occurred - See Response Body
[2024-12-10T07:00:34.994Z] Error writing to Modbus register: A Modbus Exception Occurred - See Response Body
[2024-12-10T07:00:36.003Z] Error reading or processing Modbus registers: A Modbus Exception Occurred - See Response Body
[2024-12-10T07:00:36.005Z] Error reading register 6507 for IP 10.30.4.128: A Modbus Exception Occurred - See Response Body
[2024-12-10T07:00:36.006Z] Error reading actual data: A Modbus Exception Occurred - See Response Body
[2024-12-10T07:00:36.006Z] Error writing to Modbus register: A Modbus Exception Occurred - See Response Body
[2024-12-10T07:00:37.008Z] Error reading or processing Modbus registers: A Modbus Exception Occurred - See Response Body
[2024-12-10T07:00:37.011Z] Error reading register 6507 for IP 10.30.4.128: A Modbus Exception Occurred - See Response Body
[2024-12-10T07:00:37.012Z] Error reading actual data: A Modbus Exception Occurred - See Response Body
[2024-12-10T07:00:37.012Z] Error writing to Modbus register: A Modbus Exception Occurred - See Response Body
[2024-12-10T07:00:38.023Z] Error reading or processing Modbus registers: A Modbus Exception Occurred - See Response Body
[2024-12-10T07:00:38.026Z] Error reading register 6507 for IP 10.30.4.128: A Modbus Exception Occurred - See Response Body
[2024-12-10T07:00:38.027Z] Error reading actual data: A Modbus Exception Occurred - See Response Body
[2024-12-10T07:00:38.027Z] Error writing to Modbus register: A Modbus Exception Occurred - See Response Body
[2024-12-10T07:00:39.038Z] Error reading or processing Modbus registers: A Modbus Exception Occurred - See Response Body
[2024-12-10T07:00:39.042Z] Error reading register 6507 for IP 10.30.4.128: A Modbus Exception Occurred - See Response Body
[2024-12-10T07:00:39.043Z] Error reading actual data: A Modbus Exception Occurred - See Response Body
[2024-12-10T07:00:39.043Z] Error writing to Modbus register: A Modbus Exception Occurred - See Response Body
[2024-12-10T07:00:40.042Z] Error reading or processing Modbus registers: A Modbus Exception Occurred - See Response Body
[2024-12-10T07:00:40.044Z] Error reading register 6507 for IP 10.30.4.128: A Modbus Exception Occurred - See Response Body
[2024-12-10T07:00:40.045Z] Error reading actual data: A Modbus Exception Occurred - See Response Body
[2024-12-10T07:00:40.045Z] Error writing to Modbus register: A Modbus Exception Occurred - See Response Body
[2024-12-10T07:00:41.056Z] Error reading or processing Modbus registers: A Modbus Exception Occurred - See Response Body
[2024-12-10T07:00:41.058Z] Error reading register 6507 for IP 10.30.4.128: A Modbus Exception Occurred - See Response Body
[2024-12-10T07:00:41.059Z] Error reading actual data: A Modbus Exception Occurred - See Response Body
[2024-12-10T07:00:41.059Z] Error writing to Modbus register: A Modbus Exception Occurred - See Response Body
[2024-12-10T07:00:42.059Z] Error reading or processing Modbus registers: A Modbus Exception Occurred - See Response Body
[2024-12-10T07:00:42.061Z] Error reading register 6507 for IP 10.30.4.128: A Modbus Exception Occurred - See Response Body
[2024-12-10T07:00:42.062Z] Error reading actual data: A Modbus Exception Occurred - See Response Body
[2024-12-10T07:00:42.062Z] Error writing to Modbus register: A Modbus Exception Occurred - See Response Body
[2024-12-10T07:00:43.073Z] Error reading or processing Modbus registers: A Modbus Exception Occurred - See Response Body
[2024-12-10T07:00:43.076Z] Error reading register 6507 for IP 10.30.4.128: A Modbus Exception Occurred - See Response Body
[2024-12-10T07:00:43.076Z] Error reading actual data: A Modbus Exception Occurred - See Response Body
[2024-12-10T07:00:43.077Z] Error writing to Modbus register: A Modbus Exception Occurred - See Response Body
[2024-12-10T07:00:44.087Z] Error reading or processing Modbus registers: A Modbus Exception Occurred - See Response Body
[2024-12-10T07:00:44.090Z] Error reading register 6507 for IP 10.30.4.128: A Modbus Exception Occurred - See Response Body
[2024-12-10T07:00:44.091Z] Error reading actual data: A Modbus Exception Occurred - See Response Body
[2024-12-10T07:00:44.091Z] Error writing to Modbus register: A Modbus Exception Occurred - See Response Body
[2024-12-10T07:00:45.101Z] Error reading or processing Modbus registers: A Modbus Exception Occurred - See Response Body
[2024-12-10T07:00:45.103Z] Error reading register 6507 for IP 10.30.4.128: A Modbus Exception Occurred - See Response Body
[2024-12-10T07:00:45.104Z] Error reading actual data: A Modbus Exception Occurred - See Response Body
[2024-12-10T07:00:45.105Z] Error writing to Modbus register: A Modbus Exception Occurred - See Response Body
[2024-12-10T07:00:46.116Z] Error reading or processing Modbus registers: A Modbus Exception Occurred - See Response Body
[2024-12-10T07:00:46.118Z] Error reading register 6507 for IP 10.30.4.128: A Modbus Exception Occurred - See Response Body
[2024-12-10T07:00:46.119Z] Error reading actual data: A Modbus Exception Occurred - See Response Body
[2024-12-10T07:00:46.119Z] Error writing to Modbus register: A Modbus Exception Occurred - See Response Body
[2024-12-10T07:00:47.130Z] Error reading or processing Modbus registers: A Modbus Exception Occurred - See Response Body
[2024-12-10T07:00:47.132Z] Error reading register 6507 for IP 10.30.4.128: A Modbus Exception Occurred - See Response Body
[2024-12-10T07:00:47.133Z] Error reading actual data: A Modbus Exception Occurred - See Response Body
[2024-12-10T07:00:47.134Z] Error writing to Modbus register: A Modbus Exception Occurred - See Response Body
[2024-12-10T07:00:48.143Z] Error reading or processing Modbus registers: A Modbus Exception Occurred - See Response Body
[2024-12-10T07:00:48.145Z] Error reading register 6507 for IP 10.30.4.128: A Modbus Exception Occurred - See Response Body
[2024-12-10T07:00:48.146Z] Error reading actual data: A Modbus Exception Occurred - See Response Body
[2024-12-10T07:00:48.147Z] Error writing to Modbus register: A Modbus Exception Occurred - See Response Body
[2024-12-10T07:00:49.154Z] Error reading or processing Modbus registers: A Modbus Exception Occurred - See Response Body
[2024-12-10T07:00:49.157Z] Error reading register 6507 for IP 10.30.4.128: A Modbus Exception Occurred - See Response Body
[2024-12-10T07:00:49.157Z] Error reading actual data: A Modbus Exception Occurred - See Response Body
[2024-12-10T07:00:49.158Z] Error writing to Modbus register: A Modbus Exception Occurred - See Response Body
[2024-12-10T07:00:50.155Z] Error reading or processing Modbus registers: A Modbus Exception Occurred - See Response Body
[2024-12-10T07:00:50.158Z] Error reading register 6507 for IP 10.30.4.128: A Modbus Exception Occurred - See Response Body
[2024-12-10T07:00:50.159Z] Error reading actual data: A Modbus Exception Occurred - See Response Body
[2024-12-10T07:00:50.159Z] Error writing to Modbus register: A Modbus Exception Occurred - See Response Body
[2024-12-10T07:00:51.169Z] Error reading or processing Modbus registers: A Modbus Exception Occurred - See Response Body
[2024-12-10T07:00:51.172Z] Error reading register 6507 for IP 10.30.4.128: A Modbus Exception Occurred - See Response Body
[2024-12-10T07:00:51.173Z] Error reading actual data: A Modbus Exception Occurred - See Response Body
[2024-12-10T07:00:51.173Z] Error writing to Modbus register: A Modbus Exception Occurred - See Response Body
[2024-12-10T07:00:52.183Z] Error reading or processing Modbus registers: A Modbus Exception Occurred - See Response Body
[2024-12-10T07:00:52.186Z] Error reading register 6507 for IP 10.30.4.128: A Modbus Exception Occurred - See Response Body
[2024-12-10T07:00:52.187Z] Error reading actual data: A Modbus Exception Occurred - See Response Body
[2024-12-10T07:00:52.187Z] Error writing to Modbus register: A Modbus Exception Occurred - See Response Body
[2024-12-10T07:00:53.181Z] Error reading or processing Modbus registers: A Modbus Exception Occurred - See Response Body
[2024-12-10T07:00:53.183Z] Error reading register 6507 for IP 10.30.4.128: A Modbus Exception Occurred - See Response Body
[2024-12-10T07:00:53.183Z] Error reading actual data: A Modbus Exception Occurred - See Response Body
[2024-12-10T07:00:53.184Z] Error writing to Modbus register: A Modbus Exception Occurred - See Response Body
[2024-12-10T07:00:54.196Z] Error reading or processing Modbus registers: A Modbus Exception Occurred - See Response Body
[2024-12-10T07:00:54.200Z] Error reading register 6507 for IP 10.30.4.128: A Modbus Exception Occurred - See Response Body
[2024-12-10T07:00:54.200Z] Error reading actual data: A Modbus Exception Occurred - See Response Body
[2024-12-10T07:00:54.201Z] Error writing to Modbus register: A Modbus Exception Occurred - See Response Body
[2024-12-10T07:00:55.211Z] Error reading or processing Modbus registers: A Modbus Exception Occurred - See Response Body
[2024-12-10T07:00:55.213Z] Error reading register 6507 for IP 10.30.4.128: A Modbus Exception Occurred - See Response Body
[2024-12-10T07:00:55.214Z] Error reading actual data: A Modbus Exception Occurred - See Response Body
[2024-12-10T07:00:55.214Z] Error writing to Modbus register: A Modbus Exception Occurred - See Response Body
[2024-12-10T07:00:56.220Z] Error reading or processing Modbus registers: A Modbus Exception Occurred - See Response Body
[2024-12-10T07:00:56.222Z] Error reading register 6507 for IP 10.30.4.128: A Modbus Exception Occurred - See Response Body
[2024-12-10T07:00:56.223Z] Error reading actual data: A Modbus Exception Occurred - See Response Body
[2024-12-10T07:00:56.223Z] Error writing to Modbus register: A Modbus Exception Occurred - See Response Body
[2024-12-10T07:00:57.221Z] Error reading or processing Modbus registers: A Modbus Exception Occurred - See Response Body
[2024-12-10T07:00:57.223Z] Error reading register 6507 for IP 10.30.4.128: A Modbus Exception Occurred - See Response Body
[2024-12-10T07:00:57.224Z] Error reading actual data: A Modbus Exception Occurred - See Response Body
[2024-12-10T07:00:57.224Z] Error writing to Modbus register: A Modbus Exception Occurred - See Response Body
[2024-12-10T07:00:58.221Z] Error reading or processing Modbus registers: A Modbus Exception Occurred - See Response Body
[2024-12-10T07:00:58.224Z] Error reading register 6507 for IP 10.30.4.128: A Modbus Exception Occurred - See Response Body
[2024-12-10T07:00:58.224Z] Error reading actual data: A Modbus Exception Occurred - See Response Body
[2024-12-10T07:00:58.225Z] Error writing to Modbus register: A Modbus Exception Occurred - See Response Body
[2024-12-10T07:00:59.235Z] Error reading or processing Modbus registers: A Modbus Exception Occurred - See Response Body
[2024-12-10T07:00:59.238Z] Error reading register 6507 for IP 10.30.4.128: A Modbus Exception Occurred - See Response Body
[2024-12-10T07:00:59.239Z] Error reading actual data: A Modbus Exception Occurred - See Response Body
[2024-12-10T07:00:59.239Z] Error writing to Modbus register: A Modbus Exception Occurred - See Response Body
[2024-12-10T07:01:00.250Z] Error reading or processing Modbus registers: A Modbus Exception Occurred - See Response Body
[2024-12-10T07:01:00.252Z] Error reading register 6507 for IP 10.30.4.128: A Modbus Exception Occurred - See Response Body
[2024-12-10T07:01:00.253Z] Error reading actual data: A Modbus Exception Occurred - See Response Body
[2024-12-10T07:01:00.255Z] Error writing to Modbus register: A Modbus Exception Occurred - See Response Body
[2024-12-10T07:01:01.251Z] Error reading or processing Modbus registers: A Modbus Exception Occurred - See Response Body
[2024-12-10T07:01:01.254Z] Error reading register 6507 for IP 10.30.4.128: A Modbus Exception Occurred - See Response Body
[2024-12-10T07:01:01.256Z] Error reading actual data: A Modbus Exception Occurred - See Response Body
[2024-12-10T07:01:01.256Z] Error writing to Modbus register: A Modbus Exception Occurred - See Response Body
[2024-12-10T07:01:02.255Z] Error reading or processing Modbus registers: A Modbus Exception Occurred - See Response Body
[2024-12-10T07:01:02.257Z] Error reading register 6507 for IP 10.30.4.128: A Modbus Exception Occurred - See Response Body
[2024-12-10T07:01:02.258Z] Error reading actual data: A Modbus Exception Occurred - See Response Body
[2024-12-10T07:01:02.258Z] Error writing to Modbus register: A Modbus Exception Occurred - See Response Body
[2024-12-10T07:01:03.260Z] Error reading or processing Modbus registers: A Modbus Exception Occurred - See Response Body
[2024-12-10T07:01:03.264Z] Error reading register 6507 for IP 10.30.4.128: A Modbus Exception Occurred - See Response Body
[2024-12-10T07:01:03.265Z] Error reading actual data: A Modbus Exception Occurred - See Response Body
[2024-12-10T07:01:03.266Z] Error writing to Modbus register: A Modbus Exception Occurred - See Response Body
[2024-12-10T07:01:04.261Z] Error reading or processing Modbus registers: A Modbus Exception Occurred - See Response Body
[2024-12-10T07:01:04.264Z] Error reading register 6507 for IP 10.30.4.128: A Modbus Exception Occurred - See Response Body
[2024-12-10T07:01:04.266Z] Error reading actual data: A Modbus Exception Occurred - See Response Body
[2024-12-10T07:01:04.266Z] Error writing to Modbus register: A Modbus Exception Occurred - See Response Body
[2024-12-10T07:01:05.261Z] Error reading or processing Modbus registers: A Modbus Exception Occurred - See Response Body
[2024-12-10T07:01:05.266Z] Error reading register 6507 for IP 10.30.4.128: A Modbus Exception Occurred - See Response Body
[2024-12-10T07:01:05.267Z] Error reading actual data: A Modbus Exception Occurred - See Response Body
[2024-12-10T07:01:05.267Z] Error writing to Modbus register: A Modbus Exception Occurred - See Response Body
[2024-12-10T07:01:06.272Z] Error reading or processing Modbus registers: A Modbus Exception Occurred - See Response Body
[2024-12-10T07:01:06.275Z] Error reading register 6507 for IP 10.30.4.128: A Modbus Exception Occurred - See Response Body
[2024-12-10T07:01:06.275Z] Error reading actual data: A Modbus Exception Occurred - See Response Body
[2024-12-10T07:01:06.276Z] Error writing to Modbus register: A Modbus Exception Occurred - See Response Body
[2024-12-10T07:01:07.276Z] Error reading or processing Modbus registers: A Modbus Exception Occurred - See Response Body
[2024-12-10T07:01:07.278Z] Error reading register 6507 for IP 10.30.4.128: A Modbus Exception Occurred - See Response Body
[2024-12-10T07:01:07.278Z] Error reading actual data: A Modbus Exception Occurred - See Response Body
[2024-12-10T07:01:07.279Z] Error writing to Modbus register: A Modbus Exception Occurred - See Response Body
[2024-12-10T07:01:08.291Z] Error reading or processing Modbus registers: A Modbus Exception Occurred - See Response Body
[2024-12-10T07:01:08.293Z] Error reading register 6507 for IP 10.30.4.128: A Modbus Exception Occurred - See Response Body
[2024-12-10T07:01:08.294Z] Error reading actual data: A Modbus Exception Occurred - See Response Body
[2024-12-10T07:01:08.294Z] Error writing to Modbus register: A Modbus Exception Occurred - See Response Body
[2024-12-10T07:01:09.292Z] Error reading or processing Modbus registers: A Modbus Exception Occurred - See Response Body
[2024-12-10T07:01:09.294Z] Error reading register 6507 for IP 10.30.4.128: A Modbus Exception Occurred - See Response Body
[2024-12-10T07:01:09.295Z] Error reading actual data: A Modbus Exception Occurred - See Response Body
[2024-12-10T07:01:09.295Z] Error writing to Modbus register: A Modbus Exception Occurred - See Response Body
[2024-12-10T07:01:10.306Z] Error reading or processing Modbus registers: A Modbus Exception Occurred - See Response Body
[2024-12-10T07:01:10.308Z] Error reading register 6507 for IP 10.30.4.128: A Modbus Exception Occurred - See Response Body
[2024-12-10T07:01:10.309Z] Error reading actual data: A Modbus Exception Occurred - See Response Body
[2024-12-10T07:01:10.310Z] Error writing to Modbus register: A Modbus Exception Occurred - See Response Body
[2024-12-10T07:01:11.319Z] Error reading or processing Modbus registers: A Modbus Exception Occurred - See Response Body
[2024-12-10T07:01:11.322Z] Error reading register 6507 for IP 10.30.4.128: A Modbus Exception Occurred - See Response Body
[2024-12-10T07:01:11.323Z] Error reading actual data: A Modbus Exception Occurred - See Response Body
[2024-12-10T07:01:11.323Z] Error writing to Modbus register: A Modbus Exception Occurred - See Response Body
[2024-12-10T07:01:12.320Z] Error reading or processing Modbus registers: A Modbus Exception Occurred - See Response Body
[2024-12-10T07:01:12.322Z] Error reading register 6507 for IP 10.30.4.128: A Modbus Exception Occurred - See Response Body
[2024-12-10T07:01:12.323Z] Error reading actual data: A Modbus Exception Occurred - See Response Body
[2024-12-10T07:01:12.324Z] Error writing to Modbus register: A Modbus Exception Occurred - See Response Body
[2024-12-10T07:01:13.331Z] Error reading or processing Modbus registers: A Modbus Exception Occurred - See Response Body
[2024-12-10T07:01:13.333Z] Error reading register 6507 for IP 10.30.4.128: A Modbus Exception Occurred - See Response Body
[2024-12-10T07:01:13.334Z] Error reading actual data: A Modbus Exception Occurred - See Response Body
[2024-12-10T07:01:13.335Z] Error writing to Modbus register: A Modbus Exception Occurred - See Response Body
[2024-12-10T07:01:14.332Z] Error reading or processing Modbus registers: A Modbus Exception Occurred - See Response Body
[2024-12-10T07:01:14.335Z] Error reading register 6507 for IP 10.30.4.128: A Modbus Exception Occurred - See Response Body
[2024-12-10T07:01:14.336Z] Error reading actual data: A Modbus Exception Occurred - See Response Body
[2024-12-10T07:01:14.336Z] Error writing to Modbus register: A Modbus Exception Occurred - See Response Body
[2024-12-10T07:01:15.333Z] Error reading or processing Modbus registers: A Modbus Exception Occurred - See Response Body
[2024-12-10T07:01:15.335Z] Error reading register 6507 for IP 10.30.4.128: A Modbus Exception Occurred - See Response Body
[2024-12-10T07:01:15.336Z] Error reading actual data: A Modbus Exception Occurred - See Response Body
[2024-12-10T07:01:15.337Z] Error writing to Modbus register: A Modbus Exception Occurred - See Response Body
[2024-12-10T07:01:16.348Z] Error reading or processing Modbus registers: A Modbus Exception Occurred - See Response Body
[2024-12-10T07:01:16.351Z] Error reading register 6507 for IP 10.30.4.128: A Modbus Exception Occurred - See Response Body
[2024-12-10T07:01:16.351Z] Error reading actual data: A Modbus Exception Occurred - See Response Body
[2024-12-10T07:01:16.352Z] Error writing to Modbus register: A Modbus Exception Occurred - See Response Body
[2024-12-10T07:01:17.360Z] Error reading or processing Modbus registers: A Modbus Exception Occurred - See Response Body
[2024-12-10T07:01:17.362Z] Error reading register 6507 for IP 10.30.4.128: A Modbus Exception Occurred - See Response Body
[2024-12-10T07:01:17.363Z] Error reading actual data: A Modbus Exception Occurred - See Response Body
[2024-12-10T07:01:17.364Z] Error writing to Modbus register: A Modbus Exception Occurred - See Response Body
[2024-12-10T07:01:18.373Z] Error reading or processing Modbus registers: A Modbus Exception Occurred - See Response Body
[2024-12-10T07:01:18.376Z] Error reading register 6507 for IP 10.30.4.128: A Modbus Exception Occurred - See Response Body
[2024-12-10T07:01:18.376Z] Error reading actual data: A Modbus Exception Occurred - See Response Body
[2024-12-10T07:01:18.377Z] Error writing to Modbus register: A Modbus Exception Occurred - See Response Body
[2024-12-10T07:01:19.386Z] Error reading or processing Modbus registers: A Modbus Exception Occurred - See Response Body
[2024-12-10T07:01:19.391Z] Error reading register 6507 for IP 10.30.4.128: A Modbus Exception Occurred - See Response Body
[2024-12-10T07:01:19.392Z] Error reading actual data: A Modbus Exception Occurred - See Response Body
[2024-12-10T07:01:19.393Z] Error writing to Modbus register: A Modbus Exception Occurred - See Response Body
[2024-12-10T07:01:20.386Z] Error reading or processing Modbus registers: A Modbus Exception Occurred - See Response Body
[2024-12-10T07:01:20.389Z] Error reading register 6507 for IP 10.30.4.128: A Modbus Exception Occurred - See Response Body
[2024-12-10T07:01:20.390Z] Error reading actual data: A Modbus Exception Occurred - See Response Body
[2024-12-10T07:01:20.390Z] Error writing to Modbus register: A Modbus Exception Occurred - See Response Body
[2024-12-10T07:01:21.400Z] Error reading or processing Modbus registers: A Modbus Exception Occurred - See Response Body
[2024-12-10T07:01:21.403Z] Error reading register 6507 for IP 10.30.4.128: A Modbus Exception Occurred - See Response Body
[2024-12-10T07:01:21.403Z] Error reading actual data: A Modbus Exception Occurred - See Response Body
[2024-12-10T07:01:21.404Z] Error writing to Modbus register: A Modbus Exception Occurred - See Response Body
[2024-12-10T07:01:22.414Z] Error reading or processing Modbus registers: A Modbus Exception Occurred - See Response Body
[2024-12-10T07:01:22.416Z] Error reading register 6507 for IP 10.30.4.128: A Modbus Exception Occurred - See Response Body
[2024-12-10T07:01:22.417Z] Error reading actual data: A Modbus Exception Occurred - See Response Body
[2024-12-10T07:01:22.418Z] Error writing to Modbus register: A Modbus Exception Occurred - See Response Body
[2024-12-10T07:01:23.428Z] Error reading or processing Modbus registers: A Modbus Exception Occurred - See Response Body
[2024-12-10T07:01:23.430Z] Error reading register 6507 for IP 10.30.4.128: A Modbus Exception Occurred - See Response Body
[2024-12-10T07:01:23.432Z] Error writing to Modbus register: A Modbus Exception Occurred - See Response Body
[2024-12-10T07:01:23.431Z] Error reading actual data: A Modbus Exception Occurred - See Response Body
[2024-12-10T07:01:24.428Z] Error reading or processing Modbus registers: A Modbus Exception Occurred - See Response Body
[2024-12-10T07:01:24.430Z] Error reading register 6507 for IP 10.30.4.128: A Modbus Exception Occurred - See Response Body
[2024-12-10T07:01:24.431Z] Error reading actual data: A Modbus Exception Occurred - See Response Body
[2024-12-10T07:01:24.432Z] Error writing to Modbus register: A Modbus Exception Occurred - See Response Body
[2024-12-10T07:01:25.441Z] Error reading or processing Modbus registers: A Modbus Exception Occurred - See Response Body
[2024-12-10T07:01:25.443Z] Error reading register 6507 for IP 10.30.4.128: A Modbus Exception Occurred - See Response Body
[2024-12-10T07:01:25.444Z] Error reading actual data: A Modbus Exception Occurred - See Response Body
[2024-12-10T07:01:25.445Z] Error writing to Modbus register: A Modbus Exception Occurred - See Response Body
[2024-12-10T07:01:26.455Z] Error reading or processing Modbus registers: A Modbus Exception Occurred - See Response Body
[2024-12-10T07:01:26.458Z] Error reading register 6507 for IP 10.30.4.128: A Modbus Exception Occurred - See Response Body
[2024-12-10T07:01:26.458Z] Error reading actual data: A Modbus Exception Occurred - See Response Body
[2024-12-10T07:01:26.459Z] Error writing to Modbus register: A Modbus Exception Occurred - See Response Body
[2024-12-10T07:01:27.456Z] Error reading or processing Modbus registers: A Modbus Exception Occurred - See Response Body
[2024-12-10T07:01:27.458Z] Error reading register 6507 for IP 10.30.4.128: A Modbus Exception Occurred - See Response Body
[2024-12-10T07:01:27.459Z] Error reading actual data: A Modbus Exception Occurred - See Response Body
[2024-12-10T07:01:27.459Z] Error writing to Modbus register: A Modbus Exception Occurred - See Response Body
[2024-12-10T07:01:28.469Z] Error reading or processing Modbus registers: A Modbus Exception Occurred - See Response Body
[2024-12-10T07:01:28.471Z] Error reading register 6507 for IP 10.30.4.128: A Modbus Exception Occurred - See Response Body
[2024-12-10T07:01:28.472Z] Error reading actual data: A Modbus Exception Occurred - See Response Body
[2024-12-10T07:01:28.473Z] Error writing to Modbus register: A Modbus Exception Occurred - See Response Body
[2024-12-10T07:01:29.482Z] Error reading or processing Modbus registers: A Modbus Exception Occurred - See Response Body
[2024-12-10T07:01:29.485Z] Error reading register 6507 for IP 10.30.4.128: A Modbus Exception Occurred - See Response Body
[2024-12-10T07:01:29.486Z] Error reading actual data: A Modbus Exception Occurred - See Response Body
[2024-12-10T07:01:29.486Z] Error writing to Modbus register: A Modbus Exception Occurred - See Response Body
[2024-12-10T07:01:30.483Z] Error reading or processing Modbus registers: A Modbus Exception Occurred - See Response Body
[2024-12-10T07:01:30.485Z] Error reading register 6507 for IP 10.30.4.128: A Modbus Exception Occurred - See Response Body
[2024-12-10T07:01:30.486Z] Error writing to Modbus register: A Modbus Exception Occurred - See Response Body
[2024-12-10T07:01:30.486Z] Error reading actual data: A Modbus Exception Occurred - See Response Body
[2024-12-10T07:01:31.497Z] Error reading or processing Modbus registers: A Modbus Exception Occurred - See Response Body
[2024-12-10T07:01:31.499Z] Error reading register 6507 for IP 10.30.4.128: A Modbus Exception Occurred - See Response Body
[2024-12-10T07:01:31.500Z] Error reading actual data: A Modbus Exception Occurred - See Response Body
[2024-12-10T07:01:31.501Z] Error writing to Modbus register: A Modbus Exception Occurred - See Response Body
[2024-12-10T07:01:32.511Z] Error reading or processing Modbus registers: A Modbus Exception Occurred - See Response Body
[2024-12-10T07:01:32.514Z] Error reading register 6507 for IP 10.30.4.128: A Modbus Exception Occurred - See Response Body
[2024-12-10T07:01:32.515Z] Error writing to Modbus register: A Modbus Exception Occurred - See Response Body
[2024-12-10T07:01:32.515Z] Error reading actual data: A Modbus Exception Occurred - See Response Body
[2024-12-10T07:01:33.511Z] Error reading or processing Modbus registers: A Modbus Exception Occurred - See Response Body
[2024-12-10T07:01:33.514Z] Error reading register 6507 for IP 10.30.4.128: A Modbus Exception Occurred - See Response Body
[2024-12-10T07:01:33.514Z] Error reading actual data: A Modbus Exception Occurred - See Response Body
[2024-12-10T07:01:33.515Z] Error writing to Modbus register: A Modbus Exception Occurred - See Response Body
[2024-12-10T07:01:34.516Z] Error reading or processing Modbus registers: A Modbus Exception Occurred - See Response Body
[2024-12-10T07:01:34.520Z] Error reading register 6507 for IP 10.30.4.128: A Modbus Exception Occurred - See Response Body
[2024-12-10T07:01:34.520Z] Error reading actual data: A Modbus Exception Occurred - See Response Body
[2024-12-10T07:01:34.521Z] Error writing to Modbus register: A Modbus Exception Occurred - See Response Body
[2024-12-10T07:01:35.528Z] Error reading or processing Modbus registers: A Modbus Exception Occurred - See Response Body
[2024-12-10T07:01:35.531Z] Error reading register 6507 for IP 10.30.4.128: A Modbus Exception Occurred - See Response Body
[2024-12-10T07:01:35.532Z] Error reading actual data: A Modbus Exception Occurred - See Response Body
[2024-12-10T07:01:35.533Z] Error writing to Modbus register: A Modbus Exception Occurred - See Response Body
[2024-12-10T07:01:36.540Z] Error reading or processing Modbus registers: A Modbus Exception Occurred - See Response Body
[2024-12-10T07:01:36.542Z] Error reading register 6507 for IP 10.30.4.128: A Modbus Exception Occurred - See Response Body
[2024-12-10T07:01:36.543Z] Error reading actual data: A Modbus Exception Occurred - See Response Body
[2024-12-10T07:01:36.544Z] Error writing to Modbus register: A Modbus Exception Occurred - See Response Body
[2024-12-10T07:01:37.545Z] Error reading or processing Modbus registers: A Modbus Exception Occurred - See Response Body
[2024-12-10T07:01:37.547Z] Error reading register 6507 for IP 10.30.4.128: A Modbus Exception Occurred - See Response Body
[2024-12-10T07:01:37.548Z] Error reading actual data: A Modbus Exception Occurred - See Response Body
[2024-12-10T07:01:37.549Z] Error writing to Modbus register: A Modbus Exception Occurred - See Response Body
[2024-12-10T07:01:38.560Z] Error reading or processing Modbus registers: A Modbus Exception Occurred - See Response Body
[2024-12-10T07:01:38.563Z] Error reading register 6507 for IP 10.30.4.128: A Modbus Exception Occurred - See Response Body
[2024-12-10T07:01:38.563Z] Error reading actual data: A Modbus Exception Occurred - See Response Body
[2024-12-10T07:01:38.564Z] Error writing to Modbus register: A Modbus Exception Occurred - See Response Body
[2024-12-10T07:01:39.560Z] Error reading or processing Modbus registers: A Modbus Exception Occurred - See Response Body
[2024-12-10T07:01:39.563Z] Error reading register 6507 for IP 10.30.4.128: A Modbus Exception Occurred - See Response Body
[2024-12-10T07:01:39.564Z] Error reading actual data: A Modbus Exception Occurred - See Response Body
[2024-12-10T07:01:39.564Z] Error writing to Modbus register: A Modbus Exception Occurred - See Response Body
[2024-12-10T07:01:40.561Z] Error reading or processing Modbus registers: A Modbus Exception Occurred - See Response Body
[2024-12-10T07:01:40.564Z] Error reading register 6507 for IP 10.30.4.128: A Modbus Exception Occurred - See Response Body
[2024-12-10T07:01:40.564Z] Error reading actual data: A Modbus Exception Occurred - See Response Body
[2024-12-10T07:01:40.565Z] Error writing to Modbus register: A Modbus Exception Occurred - See Response Body
[2024-12-10T07:01:41.575Z] Error reading or processing Modbus registers: A Modbus Exception Occurred - See Response Body
[2024-12-10T07:01:41.578Z] Error reading register 6507 for IP 10.30.4.128: A Modbus Exception Occurred - See Response Body
[2024-12-10T07:01:41.579Z] Error reading actual data: A Modbus Exception Occurred - See Response Body
[2024-12-10T07:01:41.580Z] Error writing to Modbus register: A Modbus Exception Occurred - See Response Body
[2024-12-10T07:01:42.578Z] Error reading or processing Modbus registers: A Modbus Exception Occurred - See Response Body
[2024-12-10T07:01:42.583Z] Error reading register 6507 for IP 10.30.4.128: A Modbus Exception Occurred - See Response Body
[2024-12-10T07:01:42.583Z] Error reading actual data: A Modbus Exception Occurred - See Response Body
[2024-12-10T07:01:42.584Z] Error writing to Modbus register: A Modbus Exception Occurred - See Response Body
[2024-12-10T07:01:43.592Z] Error reading or processing Modbus registers: A Modbus Exception Occurred - See Response Body
[2024-12-10T07:01:43.594Z] Error reading register 6507 for IP 10.30.4.128: A Modbus Exception Occurred - See Response Body
[2024-12-10T07:01:43.595Z] Error reading actual data: A Modbus Exception Occurred - See Response Body
[2024-12-10T07:01:43.595Z] Error writing to Modbus register: A Modbus Exception Occurred - See Response Body
[2024-12-10T07:01:44.606Z] Error reading or processing Modbus registers: A Modbus Exception Occurred - See Response Body
[2024-12-10T07:01:44.608Z] Error reading register 6507 for IP 10.30.4.128: A Modbus Exception Occurred - See Response Body
[2024-12-10T07:01:44.609Z] Error reading actual data: A Modbus Exception Occurred - See Response Body
[2024-12-10T07:01:44.610Z] Error writing to Modbus register: A Modbus Exception Occurred - See Response Body
[2024-12-10T07:01:45.607Z] Error reading or processing Modbus registers: A Modbus Exception Occurred - See Response Body
[2024-12-10T07:01:45.609Z] Error reading register 6507 for IP 10.30.4.128: A Modbus Exception Occurred - See Response Body
[2024-12-10T07:01:45.610Z] Error reading actual data: A Modbus Exception Occurred - See Response Body
[2024-12-10T07:01:45.610Z] Error writing to Modbus register: A Modbus Exception Occurred - See Response Body
[2024-12-10T07:01:46.621Z] Error reading or processing Modbus registers: A Modbus Exception Occurred - See Response Body
[2024-12-10T07:01:46.623Z] Error reading register 6507 for IP 10.30.4.128: A Modbus Exception Occurred - See Response Body
[2024-12-10T07:01:46.623Z] Error reading actual data: A Modbus Exception Occurred - See Response Body
[2024-12-10T07:01:46.624Z] Error writing to Modbus register: A Modbus Exception Occurred - See Response Body
[2024-12-10T07:01:47.634Z] Error reading or processing Modbus registers: A Modbus Exception Occurred - See Response Body
[2024-12-10T07:01:47.636Z] Error reading register 6507 for IP 10.30.4.128: A Modbus Exception Occurred - See Response Body
[2024-12-10T07:01:47.637Z] Error reading actual data: A Modbus Exception Occurred - See Response Body
[2024-12-10T07:01:47.638Z] Error writing to Modbus register: A Modbus Exception Occurred - See Response Body
[2024-12-10T07:01:48.649Z] Error reading or processing Modbus registers: A Modbus Exception Occurred - See Response Body
[2024-12-10T07:01:48.652Z] Error reading register 6507 for IP 10.30.4.128: A Modbus Exception Occurred - See Response Body
[2024-12-10T07:01:48.652Z] Error reading actual data: A Modbus Exception Occurred - See Response Body
[2024-12-10T07:01:48.653Z] Error writing to Modbus register: A Modbus Exception Occurred - See Response Body
[2024-12-10T07:01:49.663Z] Error reading or processing Modbus registers: A Modbus Exception Occurred - See Response Body
[2024-12-10T07:01:49.665Z] Error reading register 6507 for IP 10.30.4.128: A Modbus Exception Occurred - See Response Body
[2024-12-10T07:01:49.666Z] Error reading actual data: A Modbus Exception Occurred - See Response Body
[2024-12-10T07:01:49.666Z] Error writing to Modbus register: A Modbus Exception Occurred - See Response Body
[2024-12-10T07:01:50.663Z] Error reading or processing Modbus registers: A Modbus Exception Occurred - See Response Body
[2024-12-10T07:01:50.665Z] Error reading register 6507 for IP 10.30.4.128: A Modbus Exception Occurred - See Response Body
[2024-12-10T07:01:50.666Z] Error reading actual data: A Modbus Exception Occurred - See Response Body
[2024-12-10T07:01:50.667Z] Error writing to Modbus register: A Modbus Exception Occurred - See Response Body
[2024-12-10T07:01:51.666Z] Error reading or processing Modbus registers: A Modbus Exception Occurred - See Response Body
[2024-12-10T07:01:51.668Z] Error reading register 6507 for IP 10.30.4.128: A Modbus Exception Occurred - See Response Body
[2024-12-10T07:01:51.669Z] Error reading actual data: A Modbus Exception Occurred - See Response Body
[2024-12-10T07:01:51.669Z] Error writing to Modbus register: A Modbus Exception Occurred - See Response Body
[2024-12-10T07:01:52.666Z] Error reading or processing Modbus registers: A Modbus Exception Occurred - See Response Body
[2024-12-10T07:01:52.668Z] Error reading register 6507 for IP 10.30.4.128: A Modbus Exception Occurred - See Response Body
[2024-12-10T07:01:52.668Z] Error reading actual data: A Modbus Exception Occurred - See Response Body
[2024-12-10T07:01:52.669Z] Error writing to Modbus register: A Modbus Exception Occurred - See Response Body
[2024-12-10T07:01:53.678Z] Error reading or processing Modbus registers: A Modbus Exception Occurred - See Response Body
[2024-12-10T07:01:53.681Z] Error reading register 6507 for IP 10.30.4.128: A Modbus Exception Occurred - See Response Body
[2024-12-10T07:01:53.682Z] Error reading actual data: A Modbus Exception Occurred - See Response Body
[2024-12-10T07:01:53.682Z] Error writing to Modbus register: A Modbus Exception Occurred - See Response Body
[2024-12-10T07:01:54.693Z] Error reading or processing Modbus registers: A Modbus Exception Occurred - See Response Body
[2024-12-10T07:01:54.695Z] Error reading register 6507 for IP 10.30.4.128: A Modbus Exception Occurred - See Response Body
[2024-12-10T07:01:54.696Z] Error reading actual data: A Modbus Exception Occurred - See Response Body
[2024-12-10T07:01:54.697Z] Error writing to Modbus register: A Modbus Exception Occurred - See Response Body
[2024-12-10T07:01:55.693Z] Error reading or processing Modbus registers: A Modbus Exception Occurred - See Response Body
[2024-12-10T07:01:55.695Z] Error reading register 6507 for IP 10.30.4.128: A Modbus Exception Occurred - See Response Body
[2024-12-10T07:01:55.696Z] Error reading actual data: A Modbus Exception Occurred - See Response Body
[2024-12-10T07:01:55.697Z] Error writing to Modbus register: A Modbus Exception Occurred - See Response Body
[2024-12-10T07:01:56.705Z] Error reading or processing Modbus registers: A Modbus Exception Occurred - See Response Body
[2024-12-10T07:01:56.708Z] Error reading register 6507 for IP 10.30.4.128: A Modbus Exception Occurred - See Response Body
[2024-12-10T07:01:56.709Z] Error reading actual data: A Modbus Exception Occurred - See Response Body
[2024-12-10T07:01:56.709Z] Error writing to Modbus register: A Modbus Exception Occurred - See Response Body
[2024-12-10T07:01:57.721Z] Error reading or processing Modbus registers: A Modbus Exception Occurred - See Response Body
[2024-12-10T07:01:57.724Z] Error reading register 6507 for IP 10.30.4.128: A Modbus Exception Occurred - See Response Body
[2024-12-10T07:01:57.725Z] Error reading actual data: A Modbus Exception Occurred - See Response Body
[2024-12-10T07:01:57.725Z] Error writing to Modbus register: A Modbus Exception Occurred - See Response Body
[2024-12-10T07:01:58.734Z] Error reading or processing Modbus registers: A Modbus Exception Occurred - See Response Body
[2024-12-10T07:01:58.737Z] Error reading register 6507 for IP 10.30.4.128: A Modbus Exception Occurred - See Response Body
[2024-12-10T07:01:58.738Z] Error reading actual data: A Modbus Exception Occurred - See Response Body
[2024-12-10T07:01:58.738Z] Error writing to Modbus register: A Modbus Exception Occurred - See Response Body
[2024-12-10T07:01:59.739Z] Error reading or processing Modbus registers: A Modbus Exception Occurred - See Response Body
[2024-12-10T07:01:59.741Z] Error reading register 6507 for IP 10.30.4.128: A Modbus Exception Occurred - See Response Body
[2024-12-10T07:01:59.742Z] Error reading actual data: A Modbus Exception Occurred - See Response Body
[2024-12-10T07:01:59.743Z] Error writing to Modbus register: A Modbus Exception Occurred - See Response Body
[2024-12-10T07:02:00.750Z] Error reading or processing Modbus registers: A Modbus Exception Occurred - See Response Body
[2024-12-10T07:02:00.752Z] Error reading register 6507 for IP 10.30.4.128: A Modbus Exception Occurred - See Response Body
[2024-12-10T07:02:00.753Z] Error reading actual data: A Modbus Exception Occurred - See Response Body
[2024-12-10T07:02:00.754Z] Error writing to Modbus register: A Modbus Exception Occurred - See Response Body
[2024-12-10T07:02:01.764Z] Error reading or processing Modbus registers: A Modbus Exception Occurred - See Response Body
[2024-12-10T07:02:01.767Z] Error reading register 6507 for IP 10.30.4.128: A Modbus Exception Occurred - See Response Body
[2024-12-10T07:02:01.767Z] Error reading actual data: A Modbus Exception Occurred - See Response Body
[2024-12-10T07:02:01.768Z] Error writing to Modbus register: A Modbus Exception Occurred - See Response Body
[2024-12-10T07:02:02.778Z] Error reading or processing Modbus registers: A Modbus Exception Occurred - See Response Body
[2024-12-10T07:02:02.780Z] Error reading register 6507 for IP 10.30.4.128: A Modbus Exception Occurred - See Response Body
[2024-12-10T07:02:02.781Z] Error reading actual data: A Modbus Exception Occurred - See Response Body
[2024-12-10T07:02:02.781Z] Error writing to Modbus register: A Modbus Exception Occurred - See Response Body
[2024-12-10T07:02:03.791Z] Error reading or processing Modbus registers: A Modbus Exception Occurred - See Response Body
[2024-12-10T07:02:03.794Z] Error reading register 6507 for IP 10.30.4.128: A Modbus Exception Occurred - See Response Body
[2024-12-10T07:02:03.794Z] Error reading actual data: A Modbus Exception Occurred - See Response Body
[2024-12-10T07:02:03.795Z] Error writing to Modbus register: A Modbus Exception Occurred - See Response Body
[2024-12-10T07:02:04.794Z] Error reading or processing Modbus registers: A Modbus Exception Occurred - See Response Body
[2024-12-10T07:02:04.797Z] Error reading register 6507 for IP 10.30.4.128: A Modbus Exception Occurred - See Response Body
[2024-12-10T07:02:04.797Z] Error reading actual data: A Modbus Exception Occurred - See Response Body
[2024-12-10T07:02:04.798Z] Error writing to Modbus register: A Modbus Exception Occurred - See Response Body
[2024-12-10T07:02:05.808Z] Error reading or processing Modbus registers: A Modbus Exception Occurred - See Response Body
[2024-12-10T07:02:05.810Z] Error reading register 6507 for IP 10.30.4.128: A Modbus Exception Occurred - See Response Body
[2024-12-10T07:02:05.811Z] Error reading actual data: A Modbus Exception Occurred - See Response Body
[2024-12-10T07:02:05.812Z] Error writing to Modbus register: A Modbus Exception Occurred - See Response Body
[2024-12-10T07:02:06.823Z] Error reading or processing Modbus registers: A Modbus Exception Occurred - See Response Body
[2024-12-10T07:02:06.825Z] Error reading register 6507 for IP 10.30.4.128: A Modbus Exception Occurred - See Response Body
[2024-12-10T07:02:06.826Z] Error reading actual data: A Modbus Exception Occurred - See Response Body
[2024-12-10T07:02:06.826Z] Error writing to Modbus register: A Modbus Exception Occurred - See Response Body
[2024-12-10T07:02:07.823Z] Error reading or processing Modbus registers: A Modbus Exception Occurred - See Response Body
[2024-12-10T07:02:07.825Z] Error reading register 6507 for IP 10.30.4.128: A Modbus Exception Occurred - See Response Body
[2024-12-10T07:02:07.826Z] Error reading actual data: A Modbus Exception Occurred - See Response Body
[2024-12-10T07:02:07.827Z] Error writing to Modbus register: A Modbus Exception Occurred - See Response Body
[2024-12-10T07:02:08.838Z] Error reading or processing Modbus registers: A Modbus Exception Occurred - See Response Body
[2024-12-10T07:02:08.840Z] Error reading register 6507 for IP 10.30.4.128: A Modbus Exception Occurred - See Response Body
[2024-12-10T07:02:08.841Z] Error reading actual data: A Modbus Exception Occurred - See Response Body
[2024-12-10T07:02:08.841Z] Error writing to Modbus register: A Modbus Exception Occurred - See Response Body
[2024-12-10T07:02:09.850Z] Error reading or processing Modbus registers: A Modbus Exception Occurred - See Response Body
[2024-12-10T07:02:09.852Z] Error reading register 6507 for IP 10.30.4.128: A Modbus Exception Occurred - See Response Body
[2024-12-10T07:02:09.853Z] Error reading actual data: A Modbus Exception Occurred - See Response Body
[2024-12-10T07:02:09.854Z] Error writing to Modbus register: A Modbus Exception Occurred - See Response Body
[2024-12-10T07:02:10.855Z] Error reading or processing Modbus registers: A Modbus Exception Occurred - See Response Body
[2024-12-10T07:02:10.857Z] Error reading register 6507 for IP 10.30.4.128: A Modbus Exception Occurred - See Response Body
[2024-12-10T07:02:10.858Z] Error reading actual data: A Modbus Exception Occurred - See Response Body
[2024-12-10T07:02:10.858Z] Error writing to Modbus register: A Modbus Exception Occurred - See Response Body
[2024-12-10T07:02:11.854Z] Error reading or processing Modbus registers: A Modbus Exception Occurred - See Response Body
[2024-12-10T07:02:11.857Z] Error reading register 6507 for IP 10.30.4.128: A Modbus Exception Occurred - See Response Body
[2024-12-10T07:02:11.857Z] Error reading actual data: A Modbus Exception Occurred - See Response Body
[2024-12-10T07:02:11.858Z] Error writing to Modbus register: A Modbus Exception Occurred - See Response Body
[2024-12-10T07:02:12.867Z] Error reading or processing Modbus registers: A Modbus Exception Occurred - See Response Body
[2024-12-10T07:02:12.869Z] Error reading register 6507 for IP 10.30.4.128: A Modbus Exception Occurred - See Response Body
[2024-12-10T07:02:12.869Z] Error reading actual data: A Modbus Exception Occurred - See Response Body
[2024-12-10T07:02:12.870Z] Error writing to Modbus register: A Modbus Exception Occurred - See Response Body
[2024-12-10T07:02:13.881Z] Error reading or processing Modbus registers: A Modbus Exception Occurred - See Response Body
[2024-12-10T07:02:13.883Z] Error reading register 6507 for IP 10.30.4.128: A Modbus Exception Occurred - See Response Body
[2024-12-10T07:02:13.884Z] Error reading actual data: A Modbus Exception Occurred - See Response Body
[2024-12-10T07:02:13.884Z] Error writing to Modbus register: A Modbus Exception Occurred - See Response Body
[2024-12-10T07:02:14.894Z] Error reading or processing Modbus registers: A Modbus Exception Occurred - See Response Body
[2024-12-10T07:02:14.897Z] Error reading register 6507 for IP 10.30.4.128: A Modbus Exception Occurred - See Response Body
[2024-12-10T07:02:14.897Z] Error reading actual data: A Modbus Exception Occurred - See Response Body
[2024-12-10T07:02:14.899Z] Error writing to Modbus register: A Modbus Exception Occurred - See Response Body
[2024-12-10T07:02:15.894Z] Error reading or processing Modbus registers: A Modbus Exception Occurred - See Response Body
[2024-12-10T07:02:15.897Z] Error reading register 6507 for IP 10.30.4.128: A Modbus Exception Occurred - See Response Body
[2024-12-10T07:02:15.898Z] Error reading actual data: A Modbus Exception Occurred - See Response Body
[2024-12-10T07:02:15.898Z] Error writing to Modbus register: A Modbus Exception Occurred - See Response Body
[2024-12-10T07:02:16.895Z] Error reading or processing Modbus registers: A Modbus Exception Occurred - See Response Body
[2024-12-10T07:02:16.897Z] Error reading register 6507 for IP 10.30.4.128: A Modbus Exception Occurred - See Response Body
[2024-12-10T07:02:16.898Z] Error reading actual data: A Modbus Exception Occurred - See Response Body
[2024-12-10T07:02:16.899Z] Error writing to Modbus register: A Modbus Exception Occurred - See Response Body
[2024-12-10T07:02:17.908Z] Error reading or processing Modbus registers: A Modbus Exception Occurred - See Response Body
[2024-12-10T07:02:17.911Z] Error reading register 6507 for IP 10.30.4.128: A Modbus Exception Occurred - See Response Body
[2024-12-10T07:02:17.912Z] Error reading actual data: A Modbus Exception Occurred - See Response Body
[2024-12-10T07:02:17.912Z] Error writing to Modbus register: A Modbus Exception Occurred - See Response Body
[2024-12-10T07:02:18.922Z] Error reading or processing Modbus registers: A Modbus Exception Occurred - See Response Body
[2024-12-10T07:02:18.924Z] Error reading register 6507 for IP 10.30.4.128: A Modbus Exception Occurred - See Response Body
[2024-12-10T07:02:18.925Z] Error reading actual data: A Modbus Exception Occurred - See Response Body
[2024-12-10T07:02:18.926Z] Error writing to Modbus register: A Modbus Exception Occurred - See Response Body
[2024-12-10T07:02:19.922Z] Error reading or processing Modbus registers: A Modbus Exception Occurred - See Response Body
[2024-12-10T07:02:19.925Z] Error reading register 6507 for IP 10.30.4.128: A Modbus Exception Occurred - See Response Body
[2024-12-10T07:02:19.926Z] Error reading actual data: A Modbus Exception Occurred - See Response Body
[2024-12-10T07:02:19.926Z] Error writing to Modbus register: A Modbus Exception Occurred - See Response Body
[2024-12-10T07:02:20.936Z] Error reading or processing Modbus registers: A Modbus Exception Occurred - See Response Body
[2024-12-10T07:02:20.938Z] Error reading register 6507 for IP 10.30.4.128: A Modbus Exception Occurred - See Response Body
[2024-12-10T07:02:20.939Z] Error reading actual data: A Modbus Exception Occurred - See Response Body
[2024-12-10T07:02:20.939Z] Error writing to Modbus register: A Modbus Exception Occurred - See Response Body
[2024-12-10T07:02:21.936Z] Error reading or processing Modbus registers: A Modbus Exception Occurred - See Response Body
[2024-12-10T07:02:21.938Z] Error reading register 6507 for IP 10.30.4.128: A Modbus Exception Occurred - See Response Body
[2024-12-10T07:02:21.939Z] Error reading actual data: A Modbus Exception Occurred - See Response Body
[2024-12-10T07:02:21.940Z] Error writing to Modbus register: A Modbus Exception Occurred - See Response Body
[2024-12-10T07:02:22.947Z] Error reading or processing Modbus registers: A Modbus Exception Occurred - See Response Body
[2024-12-10T07:02:22.949Z] Error reading register 6507 for IP 10.30.4.128: A Modbus Exception Occurred - See Response Body
[2024-12-10T07:02:22.950Z] Error reading actual data: A Modbus Exception Occurred - See Response Body
[2024-12-10T07:02:22.951Z] Error writing to Modbus register: A Modbus Exception Occurred - See Response Body
[2024-12-10T07:02:23.947Z] Error reading or processing Modbus registers: A Modbus Exception Occurred - See Response Body
[2024-12-10T07:02:23.949Z] Error reading register 6507 for IP 10.30.4.128: A Modbus Exception Occurred - See Response Body
[2024-12-10T07:02:23.950Z] Error reading actual data: A Modbus Exception Occurred - See Response Body
[2024-12-10T07:02:23.950Z] Error writing to Modbus register: A Modbus Exception Occurred - See Response Body
[2024-12-10T07:02:24.951Z] Error reading or processing Modbus registers: A Modbus Exception Occurred - See Response Body
[2024-12-10T07:02:24.953Z] Error reading register 6507 for IP 10.30.4.128: A Modbus Exception Occurred - See Response Body
[2024-12-10T07:02:24.956Z] Error reading actual data: A Modbus Exception Occurred - See Response Body
[2024-12-10T07:02:24.957Z] Error writing to Modbus register: A Modbus Exception Occurred - See Response Body
[2024-12-10T07:02:25.964Z] Error reading or processing Modbus registers: A Modbus Exception Occurred - See Response Body
[2024-12-10T07:02:25.966Z] Error reading register 6507 for IP 10.30.4.128: A Modbus Exception Occurred - See Response Body
[2024-12-10T07:02:25.967Z] Error reading actual data: A Modbus Exception Occurred - See Response Body
[2024-12-10T07:02:25.967Z] Error writing to Modbus register: A Modbus Exception Occurred - See Response Body
[2024-12-10T07:02:26.966Z] Error reading or processing Modbus registers: A Modbus Exception Occurred - See Response Body
[2024-12-10T07:02:26.968Z] Error reading register 6507 for IP 10.30.4.128: A Modbus Exception Occurred - See Response Body
[2024-12-10T07:02:26.969Z] Error reading actual data: A Modbus Exception Occurred - See Response Body
[2024-12-10T07:02:26.969Z] Error writing to Modbus register: A Modbus Exception Occurred - See Response Body
[2024-12-10T07:02:27.980Z] Error reading or processing Modbus registers: A Modbus Exception Occurred - See Response Body
[2024-12-10T07:02:27.983Z] Error reading register 6507 for IP 10.30.4.128: A Modbus Exception Occurred - See Response Body
[2024-12-10T07:02:27.983Z] Error reading actual data: A Modbus Exception Occurred - See Response Body
[2024-12-10T07:02:27.984Z] Error writing to Modbus register: A Modbus Exception Occurred - See Response Body
[2024-12-10T07:02:28.994Z] Error reading or processing Modbus registers: A Modbus Exception Occurred - See Response Body
[2024-12-10T07:02:28.996Z] Error reading register 6507 for IP 10.30.4.128: A Modbus Exception Occurred - See Response Body
[2024-12-10T07:02:28.997Z] Error reading actual data: A Modbus Exception Occurred - See Response Body
[2024-12-10T07:02:28.997Z] Error writing to Modbus register: A Modbus Exception Occurred - See Response Body
[2024-12-10T07:02:29.994Z] Error reading or processing Modbus registers: A Modbus Exception Occurred - See Response Body
[2024-12-10T07:02:29.997Z] Error reading register 6507 for IP 10.30.4.128: A Modbus Exception Occurred - See Response Body
[2024-12-10T07:02:29.997Z] Error reading actual data: A Modbus Exception Occurred - See Response Body
[2024-12-10T07:02:29.998Z] Error writing to Modbus register: A Modbus Exception Occurred - See Response Body
[2024-12-10T07:02:30.995Z] Error reading or processing Modbus registers: A Modbus Exception Occurred - See Response Body
[2024-12-10T07:02:30.997Z] Error reading register 6507 for IP 10.30.4.128: A Modbus Exception Occurred - See Response Body
[2024-12-10T07:02:30.998Z] Error reading actual data: A Modbus Exception Occurred - See Response Body
[2024-12-10T07:02:30.999Z] Error writing to Modbus register: A Modbus Exception Occurred - See Response Body
[2024-12-10T07:02:31.995Z] Error reading or processing Modbus registers: A Modbus Exception Occurred - See Response Body
[2024-12-10T07:02:31.997Z] Error reading register 6507 for IP 10.30.4.128: A Modbus Exception Occurred - See Response Body
[2024-12-10T07:02:31.997Z] Error reading actual data: A Modbus Exception Occurred - See Response Body
[2024-12-10T07:02:31.998Z] Error writing to Modbus register: A Modbus Exception Occurred - See Response Body
[2024-12-10T07:02:32.994Z] Error reading or processing Modbus registers: A Modbus Exception Occurred - See Response Body
[2024-12-10T07:02:32.997Z] Error reading register 6507 for IP 10.30.4.128: A Modbus Exception Occurred - See Response Body
[2024-12-10T07:02:32.997Z] Error reading actual data: A Modbus Exception Occurred - See Response Body
[2024-12-10T07:02:32.998Z] Error writing to Modbus register: A Modbus Exception Occurred - See Response Body
[2024-12-10T07:02:34.006Z] Error reading or processing Modbus registers: A Modbus Exception Occurred - See Response Body
[2024-12-10T07:02:34.008Z] Error reading register 6507 for IP 10.30.4.128: A Modbus Exception Occurred - See Response Body
[2024-12-10T07:02:34.009Z] Error reading actual data: A Modbus Exception Occurred - See Response Body
[2024-12-10T07:02:34.009Z] Error writing to Modbus register: A Modbus Exception Occurred - See Response Body
[2024-12-10T07:02:35.020Z] Error reading or processing Modbus registers: A Modbus Exception Occurred - See Response Body
[2024-12-10T07:02:35.023Z] Error reading register 6507 for IP 10.30.4.128: A Modbus Exception Occurred - See Response Body
[2024-12-10T07:02:35.024Z] Error reading actual data: A Modbus Exception Occurred - See Response Body
[2024-12-10T07:02:35.024Z] Error writing to Modbus register: A Modbus Exception Occurred - See Response Body
[2024-12-10T07:02:36.030Z] Error reading or processing Modbus registers: A Modbus Exception Occurred - See Response Body
[2024-12-10T07:02:36.033Z] Error reading register 6507 for IP 10.30.4.128: A Modbus Exception Occurred - See Response Body
[2024-12-10T07:02:36.033Z] Error reading actual data: A Modbus Exception Occurred - See Response Body
[2024-12-10T07:02:36.034Z] Error writing to Modbus register: A Modbus Exception Occurred - See Response Body
[2024-12-10T07:02:37.043Z] Error reading or processing Modbus registers: A Modbus Exception Occurred - See Response Body
[2024-12-10T07:02:37.046Z] Error reading register 6507 for IP 10.30.4.128: A Modbus Exception Occurred - See Response Body
[2024-12-10T07:02:37.046Z] Error reading actual data: A Modbus Exception Occurred - See Response Body
[2024-12-10T07:02:37.047Z] Error writing to Modbus register: A Modbus Exception Occurred - See Response Body
[2024-12-10T07:02:38.046Z] Error reading or processing Modbus registers: A Modbus Exception Occurred - See Response Body
[2024-12-10T07:02:38.048Z] Error reading register 6507 for IP 10.30.4.128: A Modbus Exception Occurred - See Response Body
[2024-12-10T07:02:38.049Z] Error reading actual data: A Modbus Exception Occurred - See Response Body
[2024-12-10T07:02:38.050Z] Error writing to Modbus register: A Modbus Exception Occurred - See Response Body
[2024-12-10T07:02:39.050Z] Error reading or processing Modbus registers: A Modbus Exception Occurred - See Response Body
[2024-12-10T07:02:39.052Z] Error reading register 6507 for IP 10.30.4.128: A Modbus Exception Occurred - See Response Body
[2024-12-10T07:02:39.053Z] Error reading actual data: A Modbus Exception Occurred - See Response Body
[2024-12-10T07:02:39.054Z] Error writing to Modbus register: A Modbus Exception Occurred - See Response Body
[2024-12-10T07:02:40.064Z] Error reading or processing Modbus registers: A Modbus Exception Occurred - See Response Body
[2024-12-10T07:02:40.067Z] Error reading register 6507 for IP 10.30.4.128: A Modbus Exception Occurred - See Response Body
[2024-12-10T07:02:40.068Z] Error reading actual data: A Modbus Exception Occurred - See Response Body
[2024-12-10T07:02:40.068Z] Error writing to Modbus register: A Modbus Exception Occurred - See Response Body
[2024-12-10T07:02:41.078Z] Error reading or processing Modbus registers: A Modbus Exception Occurred - See Response Body
[2024-12-10T07:02:41.080Z] Error reading register 6507 for IP 10.30.4.128: A Modbus Exception Occurred - See Response Body
[2024-12-10T07:02:41.081Z] Error reading actual data: A Modbus Exception Occurred - See Response Body
[2024-12-10T07:02:41.082Z] Error writing to Modbus register: A Modbus Exception Occurred - See Response Body
[2024-12-10T07:02:42.091Z] Error reading or processing Modbus registers: A Modbus Exception Occurred - See Response Body
[2024-12-10T07:02:42.094Z] Error reading register 6507 for IP 10.30.4.128: A Modbus Exception Occurred - See Response Body
[2024-12-10T07:02:42.094Z] Error reading actual data: A Modbus Exception Occurred - See Response Body
[2024-12-10T07:02:42.095Z] Error writing to Modbus register: A Modbus Exception Occurred - See Response Body
[2024-12-10T07:02:43.105Z] Error reading or processing Modbus registers: A Modbus Exception Occurred - See Response Body
[2024-12-10T07:02:43.107Z] Error reading register 6507 for IP 10.30.4.128: A Modbus Exception Occurred - See Response Body
[2024-12-10T07:02:43.108Z] Error reading actual data: A Modbus Exception Occurred - See Response Body
[2024-12-10T07:02:43.109Z] Error writing to Modbus register: A Modbus Exception Occurred - See Response Body
[2024-12-10T07:02:44.109Z] Error reading or processing Modbus registers: A Modbus Exception Occurred - See Response Body
[2024-12-10T07:02:44.112Z] Error reading register 6507 for IP 10.30.4.128: A Modbus Exception Occurred - See Response Body
[2024-12-10T07:02:44.113Z] Error reading actual data: A Modbus Exception Occurred - See Response Body
[2024-12-10T07:02:44.113Z] Error writing to Modbus register: A Modbus Exception Occurred - See Response Body
[2024-12-10T07:02:45.124Z] Error reading or processing Modbus registers: A Modbus Exception Occurred - See Response Body
[2024-12-10T07:02:45.127Z] Error reading register 6507 for IP 10.30.4.128: A Modbus Exception Occurred - See Response Body
[2024-12-10T07:02:45.128Z] Error reading actual data: A Modbus Exception Occurred - See Response Body
[2024-12-10T07:02:45.128Z] Error writing to Modbus register: A Modbus Exception Occurred - See Response Body
[2024-12-10T07:02:46.136Z] Error reading or processing Modbus registers: A Modbus Exception Occurred - See Response Body
[2024-12-10T07:02:46.139Z] Error reading register 6507 for IP 10.30.4.128: A Modbus Exception Occurred - See Response Body
[2024-12-10T07:02:46.140Z] Error reading actual data: A Modbus Exception Occurred - See Response Body
[2024-12-10T07:02:46.140Z] Error writing to Modbus register: A Modbus Exception Occurred - See Response Body
[2024-12-10T07:02:47.140Z] Error reading or processing Modbus registers: A Modbus Exception Occurred - See Response Body
[2024-12-10T07:02:47.143Z] Error reading register 6507 for IP 10.30.4.128: A Modbus Exception Occurred - See Response Body
[2024-12-10T07:02:47.143Z] Error reading actual data: A Modbus Exception Occurred - See Response Body
[2024-12-10T07:02:47.144Z] Error writing to Modbus register: A Modbus Exception Occurred - See Response Body
[2024-12-10T07:02:48.153Z] Error reading or processing Modbus registers: A Modbus Exception Occurred - See Response Body
[2024-12-10T07:02:48.155Z] Error reading register 6507 for IP 10.30.4.128: A Modbus Exception Occurred - See Response Body
[2024-12-10T07:02:48.156Z] Error reading actual data: A Modbus Exception Occurred - See Response Body
[2024-12-10T07:02:48.156Z] Error writing to Modbus register: A Modbus Exception Occurred - See Response Body
[2024-12-10T07:02:49.165Z] Error reading or processing Modbus registers: A Modbus Exception Occurred - See Response Body
[2024-12-10T07:02:49.167Z] Error reading register 6507 for IP 10.30.4.128: A Modbus Exception Occurred - See Response Body
[2024-12-10T07:02:49.168Z] Error reading actual data: A Modbus Exception Occurred - See Response Body
[2024-12-10T07:02:49.168Z] Error writing to Modbus register: A Modbus Exception Occurred - See Response Body
[2024-12-10T07:02:50.179Z] Error reading or processing Modbus registers: A Modbus Exception Occurred - See Response Body
[2024-12-10T07:02:50.181Z] Error reading register 6507 for IP 10.30.4.128: A Modbus Exception Occurred - See Response Body
[2024-12-10T07:02:50.182Z] Error reading actual data: A Modbus Exception Occurred - See Response Body
[2024-12-10T07:02:50.183Z] Error writing to Modbus register: A Modbus Exception Occurred - See Response Body
[2024-12-10T07:02:51.194Z] Error reading or processing Modbus registers: A Modbus Exception Occurred - See Response Body
[2024-12-10T07:02:51.196Z] Error reading register 6507 for IP 10.30.4.128: A Modbus Exception Occurred - See Response Body
[2024-12-10T07:02:51.197Z] Error reading actual data: A Modbus Exception Occurred - See Response Body
[2024-12-10T07:02:51.197Z] Error writing to Modbus register: A Modbus Exception Occurred - See Response Body
[2024-12-10T07:02:52.209Z] Error reading or processing Modbus registers: A Modbus Exception Occurred - See Response Body
[2024-12-10T07:02:52.211Z] Error reading register 6507 for IP 10.30.4.128: A Modbus Exception Occurred - See Response Body
[2024-12-10T07:02:52.212Z] Error reading actual data: A Modbus Exception Occurred - See Response Body
[2024-12-10T07:02:52.212Z] Error writing to Modbus register: A Modbus Exception Occurred - See Response Body
[2024-12-10T07:02:53.209Z] Error reading or processing Modbus registers: A Modbus Exception Occurred - See Response Body
[2024-12-10T07:02:53.212Z] Error reading register 6507 for IP 10.30.4.128: A Modbus Exception Occurred - See Response Body
[2024-12-10T07:02:53.213Z] Error reading actual data: A Modbus Exception Occurred - See Response Body
[2024-12-10T07:02:53.213Z] Error writing to Modbus register: A Modbus Exception Occurred - See Response Body
[2024-12-10T07:02:54.224Z] Error reading or processing Modbus registers: A Modbus Exception Occurred - See Response Body
[2024-12-10T07:02:54.226Z] Error reading register 6507 for IP 10.30.4.128: A Modbus Exception Occurred - See Response Body
[2024-12-10T07:02:54.227Z] Error reading actual data: A Modbus Exception Occurred - See Response Body
[2024-12-10T07:02:54.227Z] Error writing to Modbus register: A Modbus Exception Occurred - See Response Body
[2024-12-10T07:02:55.237Z] Error reading or processing Modbus registers: A Modbus Exception Occurred - See Response Body
[2024-12-10T07:02:55.239Z] Error reading register 6507 for IP 10.30.4.128: A Modbus Exception Occurred - See Response Body
[2024-12-10T07:02:55.240Z] Error reading actual data: A Modbus Exception Occurred - See Response Body
[2024-12-10T07:02:55.240Z] Error writing to Modbus register: A Modbus Exception Occurred - See Response Body
[2024-12-10T07:02:56.249Z] Error reading or processing Modbus registers: A Modbus Exception Occurred - See Response Body
[2024-12-10T07:02:56.251Z] Error reading register 6507 for IP 10.30.4.128: A Modbus Exception Occurred - See Response Body
[2024-12-10T07:02:56.252Z] Error reading actual data: A Modbus Exception Occurred - See Response Body
[2024-12-10T07:02:56.253Z] Error writing to Modbus register: A Modbus Exception Occurred - See Response Body
[2024-12-10T07:02:57.252Z] Error reading or processing Modbus registers: A Modbus Exception Occurred - See Response Body
[2024-12-10T07:02:57.255Z] Error reading register 6507 for IP 10.30.4.128: A Modbus Exception Occurred - See Response Body
[2024-12-10T07:02:57.256Z] Error reading actual data: A Modbus Exception Occurred - See Response Body
[2024-12-10T07:02:57.257Z] Error writing to Modbus register: A Modbus Exception Occurred - See Response Body
[2024-12-10T07:02:58.266Z] Error reading or processing Modbus registers: A Modbus Exception Occurred - See Response Body
[2024-12-10T07:02:58.268Z] Error reading register 6507 for IP 10.30.4.128: A Modbus Exception Occurred - See Response Body
[2024-12-10T07:02:58.269Z] Error reading actual data: A Modbus Exception Occurred - See Response Body
[2024-12-10T07:02:58.269Z] Error writing to Modbus register: A Modbus Exception Occurred - See Response Body
[2024-12-10T07:02:59.280Z] Error reading or processing Modbus registers: A Modbus Exception Occurred - See Response Body
[2024-12-10T07:02:59.283Z] Error reading register 6507 for IP 10.30.4.128: A Modbus Exception Occurred - See Response Body
[2024-12-10T07:02:59.283Z] Error reading actual data: A Modbus Exception Occurred - See Response Body
[2024-12-10T07:02:59.284Z] Error writing to Modbus register: A Modbus Exception Occurred - See Response Body
[2024-12-10T07:03:00.295Z] Error reading or processing Modbus registers: A Modbus Exception Occurred - See Response Body
[2024-12-10T07:03:00.298Z] Error reading register 6507 for IP 10.30.4.128: A Modbus Exception Occurred - See Response Body
[2024-12-10T07:03:00.299Z] Error reading actual data: A Modbus Exception Occurred - See Response Body
[2024-12-10T07:03:00.299Z] Error writing to Modbus register: A Modbus Exception Occurred - See Response Body
[2024-12-10T07:03:01.308Z] Error reading or processing Modbus registers: A Modbus Exception Occurred - See Response Body
[2024-12-10T07:03:01.310Z] Error reading register 6507 for IP 10.30.4.128: A Modbus Exception Occurred - See Response Body
[2024-12-10T07:03:01.311Z] Error reading actual data: A Modbus Exception Occurred - See Response Body
[2024-12-10T07:03:01.311Z] Error writing to Modbus register: A Modbus Exception Occurred - See Response Body
[2024-12-10T07:03:02.320Z] Error reading or processing Modbus registers: A Modbus Exception Occurred - See Response Body
[2024-12-10T07:03:02.322Z] Error reading register 6507 for IP 10.30.4.128: A Modbus Exception Occurred - See Response Body
[2024-12-10T07:03:02.323Z] Error reading actual data: A Modbus Exception Occurred - See Response Body
[2024-12-10T07:03:02.324Z] Error writing to Modbus register: A Modbus Exception Occurred - See Response Body
[2024-12-10T07:03:03.335Z] Error reading or processing Modbus registers: A Modbus Exception Occurred - See Response Body
[2024-12-10T07:03:03.337Z] Error reading register 6507 for IP 10.30.4.128: A Modbus Exception Occurred - See Response Body
[2024-12-10T07:03:03.338Z] Error reading actual data: A Modbus Exception Occurred - See Response Body
[2024-12-10T07:03:03.339Z] Error writing to Modbus register: A Modbus Exception Occurred - See Response Body
[2024-12-10T07:03:04.335Z] Error reading or processing Modbus registers: A Modbus Exception Occurred - See Response Body
[2024-12-10T07:03:04.338Z] Error reading register 6507 for IP 10.30.4.128: A Modbus Exception Occurred - See Response Body
[2024-12-10T07:03:04.339Z] Error reading actual data: A Modbus Exception Occurred - See Response Body
[2024-12-10T07:03:04.340Z] Error writing to Modbus register: A Modbus Exception Occurred - See Response Body
[2024-12-10T07:03:05.336Z] Error reading or processing Modbus registers: A Modbus Exception Occurred - See Response Body
[2024-12-10T07:03:05.339Z] Error reading register 6507 for IP 10.30.4.128: A Modbus Exception Occurred - See Response Body
[2024-12-10T07:03:05.339Z] Error reading actual data: A Modbus Exception Occurred - See Response Body
[2024-12-10T07:03:05.340Z] Error writing to Modbus register: A Modbus Exception Occurred - See Response Body
[2024-12-10T07:03:06.340Z] Error reading or processing Modbus registers: A Modbus Exception Occurred - See Response Body
[2024-12-10T07:03:06.342Z] Error reading register 6507 for IP 10.30.4.128: A Modbus Exception Occurred - See Response Body
[2024-12-10T07:03:06.343Z] Error reading actual data: A Modbus Exception Occurred - See Response Body
[2024-12-10T07:03:06.343Z] Error writing to Modbus register: A Modbus Exception Occurred - See Response Body
[2024-12-10T07:03:07.341Z] Error reading or processing Modbus registers: A Modbus Exception Occurred - See Response Body
[2024-12-10T07:03:07.343Z] Error reading register 6507 for IP 10.30.4.128: A Modbus Exception Occurred - See Response Body
[2024-12-10T07:03:07.344Z] Error reading actual data: A Modbus Exception Occurred - See Response Body
[2024-12-10T07:03:07.345Z] Error writing to Modbus register: A Modbus Exception Occurred - See Response Body
[2024-12-10T07:03:08.353Z] Error reading or processing Modbus registers: A Modbus Exception Occurred - See Response Body
[2024-12-10T07:03:08.356Z] Error reading register 6507 for IP 10.30.4.128: A Modbus Exception Occurred - See Response Body
[2024-12-10T07:03:08.356Z] Error reading actual data: A Modbus Exception Occurred - See Response Body
[2024-12-10T07:03:08.357Z] Error writing to Modbus register: A Modbus Exception Occurred - See Response Body
[2024-12-10T07:03:09.355Z] Error reading or processing Modbus registers: A Modbus Exception Occurred - See Response Body
[2024-12-10T07:03:09.357Z] Error reading register 6507 for IP 10.30.4.128: A Modbus Exception Occurred - See Response Body
[2024-12-10T07:03:09.358Z] Error reading actual data: A Modbus Exception Occurred - See Response Body
[2024-12-10T07:03:09.358Z] Error writing to Modbus register: A Modbus Exception Occurred - See Response Body
[2024-12-10T07:03:10.356Z] Error reading or processing Modbus registers: A Modbus Exception Occurred - See Response Body
[2024-12-10T07:03:10.358Z] Error reading register 6507 for IP 10.30.4.128: A Modbus Exception Occurred - See Response Body
[2024-12-10T07:03:10.359Z] Error reading actual data: A Modbus Exception Occurred - See Response Body
[2024-12-10T07:03:10.359Z] Error writing to Modbus register: A Modbus Exception Occurred - See Response Body
[2024-12-10T07:03:11.366Z] Error reading or processing Modbus registers: A Modbus Exception Occurred - See Response Body
[2024-12-10T07:03:11.369Z] Error reading register 6507 for IP 10.30.4.128: A Modbus Exception Occurred - See Response Body
[2024-12-10T07:03:11.369Z] Error reading actual data: A Modbus Exception Occurred - See Response Body
[2024-12-10T07:03:11.370Z] Error writing to Modbus register: A Modbus Exception Occurred - See Response Body
[2024-12-10T07:03:12.379Z] Error reading or processing Modbus registers: A Modbus Exception Occurred - See Response Body
[2024-12-10T07:03:12.382Z] Error reading register 6507 for IP 10.30.4.128: A Modbus Exception Occurred - See Response Body
[2024-12-10T07:03:12.382Z] Error reading actual data: A Modbus Exception Occurred - See Response Body
[2024-12-10T07:03:12.383Z] Error writing to Modbus register: A Modbus Exception Occurred - See Response Body
[2024-12-10T07:03:13.380Z] Error reading or processing Modbus registers: A Modbus Exception Occurred - See Response Body
[2024-12-10T07:03:13.382Z] Error reading register 6507 for IP 10.30.4.128: A Modbus Exception Occurred - See Response Body
[2024-12-10T07:03:13.383Z] Error reading actual data: A Modbus Exception Occurred - See Response Body
[2024-12-10T07:03:13.384Z] Error writing to Modbus register: A Modbus Exception Occurred - See Response Body
[2024-12-10T07:03:14.391Z] Error reading or processing Modbus registers: A Modbus Exception Occurred - See Response Body
[2024-12-10T07:03:14.393Z] Error reading register 6507 for IP 10.30.4.128: A Modbus Exception Occurred - See Response Body
[2024-12-10T07:03:14.394Z] Error reading actual data: A Modbus Exception Occurred - See Response Body
[2024-12-10T07:03:14.394Z] Error writing to Modbus register: A Modbus Exception Occurred - See Response Body
[2024-12-10T07:03:15.405Z] Error reading or processing Modbus registers: A Modbus Exception Occurred - See Response Body
[2024-12-10T07:03:15.408Z] Error reading register 6507 for IP 10.30.4.128: A Modbus Exception Occurred - See Response Body
[2024-12-10T07:03:15.409Z] Error reading actual data: A Modbus Exception Occurred - See Response Body
[2024-12-10T07:03:15.410Z] Error writing to Modbus register: A Modbus Exception Occurred - See Response Body
[2024-12-10T07:03:16.418Z] Error reading or processing Modbus registers: A Modbus Exception Occurred - See Response Body
[2024-12-10T07:03:16.420Z] Error reading register 6507 for IP 10.30.4.128: A Modbus Exception Occurred - See Response Body
[2024-12-10T07:03:16.421Z] Error reading actual data: A Modbus Exception Occurred - See Response Body
[2024-12-10T07:03:16.421Z] Error writing to Modbus register: A Modbus Exception Occurred - See Response Body
[2024-12-10T07:03:17.432Z] Error reading or processing Modbus registers: A Modbus Exception Occurred - See Response Body
[2024-12-10T07:03:17.434Z] Error reading register 6507 for IP 10.30.4.128: A Modbus Exception Occurred - See Response Body
[2024-12-10T07:03:17.435Z] Error reading actual data: A Modbus Exception Occurred - See Response Body
[2024-12-10T07:03:17.436Z] Error writing to Modbus register: A Modbus Exception Occurred - See Response Body
[2024-12-10T07:03:18.447Z] Error reading or processing Modbus registers: A Modbus Exception Occurred - See Response Body
[2024-12-10T07:03:18.450Z] Error reading register 6507 for IP 10.30.4.128: A Modbus Exception Occurred - See Response Body
[2024-12-10T07:03:18.451Z] Error reading actual data: A Modbus Exception Occurred - See Response Body
[2024-12-10T07:03:18.451Z] Error writing to Modbus register: A Modbus Exception Occurred - See Response Body
[2024-12-10T07:03:19.460Z] Error reading or processing Modbus registers: A Modbus Exception Occurred - See Response Body
[2024-12-10T07:03:19.463Z] Error reading register 6507 for IP 10.30.4.128: A Modbus Exception Occurred - See Response Body
[2024-12-10T07:03:19.463Z] Error reading actual data: A Modbus Exception Occurred - See Response Body
[2024-12-10T07:03:19.464Z] Error writing to Modbus register: A Modbus Exception Occurred - See Response Body
[2024-12-10T07:03:20.473Z] Error reading or processing Modbus registers: A Modbus Exception Occurred - See Response Body
[2024-12-10T07:03:20.475Z] Error reading register 6507 for IP 10.30.4.128: A Modbus Exception Occurred - See Response Body
[2024-12-10T07:03:20.476Z] Error reading actual data: A Modbus Exception Occurred - See Response Body
[2024-12-10T07:03:20.476Z] Error writing to Modbus register: A Modbus Exception Occurred - See Response Body
[2024-12-10T07:03:21.487Z] Error reading or processing Modbus registers: A Modbus Exception Occurred - See Response Body
[2024-12-10T07:03:21.490Z] Error reading register 6507 for IP 10.30.4.128: A Modbus Exception Occurred - See Response Body
[2024-12-10T07:03:21.490Z] Error reading actual data: A Modbus Exception Occurred - See Response Body
[2024-12-10T07:03:21.491Z] Error writing to Modbus register: A Modbus Exception Occurred - See Response Body
[2024-12-10T07:03:22.499Z] Error reading or processing Modbus registers: A Modbus Exception Occurred - See Response Body
[2024-12-10T07:03:22.501Z] Error reading register 6507 for IP 10.30.4.128: A Modbus Exception Occurred - See Response Body
[2024-12-10T07:03:22.502Z] Error reading actual data: A Modbus Exception Occurred - See Response Body
[2024-12-10T07:03:22.503Z] Error writing to Modbus register: A Modbus Exception Occurred - See Response Body
[2024-12-10T07:03:23.514Z] Error reading or processing Modbus registers: A Modbus Exception Occurred - See Response Body
[2024-12-10T07:03:23.517Z] Error reading register 6507 for IP 10.30.4.128: A Modbus Exception Occurred - See Response Body
[2024-12-10T07:03:23.518Z] Error reading actual data: A Modbus Exception Occurred - See Response Body
[2024-12-10T07:03:23.518Z] Error writing to Modbus register: A Modbus Exception Occurred - See Response Body
[2024-12-10T07:03:24.514Z] Error reading or processing Modbus registers: A Modbus Exception Occurred - See Response Body
[2024-12-10T07:03:24.517Z] Error reading register 6507 for IP 10.30.4.128: A Modbus Exception Occurred - See Response Body
[2024-12-10T07:03:24.518Z] Error reading actual data: A Modbus Exception Occurred - See Response Body
[2024-12-10T07:03:24.518Z] Error writing to Modbus register: A Modbus Exception Occurred - See Response Body
[2024-12-10T07:03:25.528Z] Error reading or processing Modbus registers: A Modbus Exception Occurred - See Response Body
[2024-12-10T07:03:25.531Z] Error reading register 6507 for IP 10.30.4.128: A Modbus Exception Occurred - See Response Body
[2024-12-10T07:03:25.531Z] Error reading actual data: A Modbus Exception Occurred - See Response Body
[2024-12-10T07:03:25.532Z] Error writing to Modbus register: A Modbus Exception Occurred - See Response Body
[2024-12-10T07:03:26.540Z] Error reading or processing Modbus registers: A Modbus Exception Occurred - See Response Body
[2024-12-10T07:03:26.543Z] Error reading register 6507 for IP 10.30.4.128: A Modbus Exception Occurred - See Response Body
[2024-12-10T07:03:26.544Z] Error reading actual data: A Modbus Exception Occurred - See Response Body
[2024-12-10T07:03:26.544Z] Error writing to Modbus register: A Modbus Exception Occurred - See Response Body
[2024-12-10T07:03:27.549Z] Error reading or processing Modbus registers: A Modbus Exception Occurred - See Response Body
[2024-12-10T07:03:27.552Z] Error reading register 6507 for IP 10.30.4.128: A Modbus Exception Occurred - See Response Body
[2024-12-10T07:03:27.552Z] Error reading actual data: A Modbus Exception Occurred - See Response Body
[2024-12-10T07:03:27.553Z] Error writing to Modbus register: A Modbus Exception Occurred - See Response Body
[2024-12-10T07:03:28.550Z] Error reading or processing Modbus registers: A Modbus Exception Occurred - See Response Body
[2024-12-10T07:03:28.552Z] Error reading register 6507 for IP 10.30.4.128: A Modbus Exception Occurred - See Response Body
[2024-12-10T07:03:28.553Z] Error reading actual data: A Modbus Exception Occurred - See Response Body
[2024-12-10T07:03:28.553Z] Error writing to Modbus register: A Modbus Exception Occurred - See Response Body
[2024-12-10T07:03:29.549Z] Error reading or processing Modbus registers: A Modbus Exception Occurred - See Response Body
[2024-12-10T07:03:29.552Z] Error reading register 6507 for IP 10.30.4.128: A Modbus Exception Occurred - See Response Body
[2024-12-10T07:03:29.553Z] Error reading actual data: A Modbus Exception Occurred - See Response Body
[2024-12-10T07:03:29.553Z] Error writing to Modbus register: A Modbus Exception Occurred - See Response Body
[2024-12-10T07:03:30.551Z] Error reading or processing Modbus registers: A Modbus Exception Occurred - See Response Body
[2024-12-10T07:03:30.556Z] Error reading register 6507 for IP 10.30.4.128: A Modbus Exception Occurred - See Response Body
[2024-12-10T07:03:30.557Z] Error reading actual data: A Modbus Exception Occurred - See Response Body
[2024-12-10T07:03:30.557Z] Error writing to Modbus register: A Modbus Exception Occurred - See Response Body
[2024-12-10T07:03:31.561Z] Error reading or processing Modbus registers: A Modbus Exception Occurred - See Response Body
[2024-12-10T07:03:31.564Z] Error reading register 6507 for IP 10.30.4.128: A Modbus Exception Occurred - See Response Body
[2024-12-10T07:03:31.565Z] Error reading actual data: A Modbus Exception Occurred - See Response Body
[2024-12-10T07:03:31.565Z] Error writing to Modbus register: A Modbus Exception Occurred - See Response Body
[2024-12-10T07:03:32.571Z] Error reading or processing Modbus registers: A Modbus Exception Occurred - See Response Body
[2024-12-10T07:03:32.574Z] Error reading register 6507 for IP 10.30.4.128: A Modbus Exception Occurred - See Response Body
[2024-12-10T07:03:32.574Z] Error reading actual data: A Modbus Exception Occurred - See Response Body
[2024-12-10T07:03:32.575Z] Error writing to Modbus register: A Modbus Exception Occurred - See Response Body
[2024-12-10T07:03:33.586Z] Error reading or processing Modbus registers: A Modbus Exception Occurred - See Response Body
[2024-12-10T07:03:33.588Z] Error reading register 6507 for IP 10.30.4.128: A Modbus Exception Occurred - See Response Body
[2024-12-10T07:03:33.589Z] Error reading actual data: A Modbus Exception Occurred - See Response Body
[2024-12-10T07:03:33.589Z] Error writing to Modbus register: A Modbus Exception Occurred - See Response Body
[2024-12-10T07:03:34.598Z] Error reading or processing Modbus registers: A Modbus Exception Occurred - See Response Body
[2024-12-10T07:03:34.600Z] Error reading register 6507 for IP 10.30.4.128: A Modbus Exception Occurred - See Response Body
[2024-12-10T07:03:34.601Z] Error reading actual data: A Modbus Exception Occurred - See Response Body
[2024-12-10T07:03:34.601Z] Error writing to Modbus register: A Modbus Exception Occurred - See Response Body
[2024-12-10T07:03:35.609Z] Error reading or processing Modbus registers: A Modbus Exception Occurred - See Response Body
[2024-12-10T07:03:35.612Z] Error reading register 6507 for IP 10.30.4.128: A Modbus Exception Occurred - See Response Body
[2024-12-10T07:03:35.613Z] Error writing to Modbus register: A Modbus Exception Occurred - See Response Body
[2024-12-10T07:03:35.612Z] Error reading actual data: A Modbus Exception Occurred - See Response Body
[2024-12-10T07:03:36.614Z] Error reading or processing Modbus registers: A Modbus Exception Occurred - See Response Body
[2024-12-10T07:03:36.616Z] Error reading register 6507 for IP 10.30.4.128: A Modbus Exception Occurred - See Response Body
[2024-12-10T07:03:36.617Z] Error reading actual data: A Modbus Exception Occurred - See Response Body
[2024-12-10T07:03:36.617Z] Error writing to Modbus register: A Modbus Exception Occurred - See Response Body
[2024-12-10T07:03:37.627Z] Error reading or processing Modbus registers: A Modbus Exception Occurred - See Response Body
[2024-12-10T07:03:37.630Z] Error reading register 6507 for IP 10.30.4.128: A Modbus Exception Occurred - See Response Body
[2024-12-10T07:03:37.631Z] Error reading actual data: A Modbus Exception Occurred - See Response Body
[2024-12-10T07:03:37.632Z] Error writing to Modbus register: A Modbus Exception Occurred - See Response Body
[2024-12-10T07:03:38.640Z] Error reading or processing Modbus registers: A Modbus Exception Occurred - See Response Body
[2024-12-10T07:03:38.642Z] Error reading register 6507 for IP 10.30.4.128: A Modbus Exception Occurred - See Response Body
[2024-12-10T07:03:38.643Z] Error reading actual data: A Modbus Exception Occurred - See Response Body
[2024-12-10T07:03:38.644Z] Error writing to Modbus register: A Modbus Exception Occurred - See Response Body
[2024-12-10T07:03:39.654Z] Error reading or processing Modbus registers: A Modbus Exception Occurred - See Response Body
[2024-12-10T07:03:39.656Z] Error reading register 6507 for IP 10.30.4.128: A Modbus Exception Occurred - See Response Body
[2024-12-10T07:03:39.657Z] Error reading actual data: A Modbus Exception Occurred - See Response Body
[2024-12-10T07:03:39.657Z] Error writing to Modbus register: A Modbus Exception Occurred - See Response Body
[2024-12-10T07:03:40.668Z] Error reading or processing Modbus registers: A Modbus Exception Occurred - See Response Body
[2024-12-10T07:03:40.671Z] Error reading register 6507 for IP 10.30.4.128: A Modbus Exception Occurred - See Response Body
[2024-12-10T07:03:40.672Z] Error reading actual data: A Modbus Exception Occurred - See Response Body
[2024-12-10T07:03:40.673Z] Error writing to Modbus register: A Modbus Exception Occurred - See Response Body
[2024-12-10T07:03:41.682Z] Error reading or processing Modbus registers: A Modbus Exception Occurred - See Response Body
[2024-12-10T07:03:41.685Z] Error reading register 6507 for IP 10.30.4.128: A Modbus Exception Occurred - See Response Body
[2024-12-10T07:03:41.686Z] Error reading actual data: A Modbus Exception Occurred - See Response Body
[2024-12-10T07:03:41.686Z] Error writing to Modbus register: A Modbus Exception Occurred - See Response Body
[2024-12-10T07:03:42.695Z] Error reading or processing Modbus registers: A Modbus Exception Occurred - See Response Body
[2024-12-10T07:03:42.698Z] Error reading register 6507 for IP 10.30.4.128: A Modbus Exception Occurred - See Response Body
[2024-12-10T07:03:42.699Z] Error reading actual data: A Modbus Exception Occurred - See Response Body
[2024-12-10T07:03:42.700Z] Error writing to Modbus register: A Modbus Exception Occurred - See Response Body
[2024-12-10T07:03:43.706Z] Error reading or processing Modbus registers: A Modbus Exception Occurred - See Response Body
[2024-12-10T07:03:43.708Z] Error reading register 6507 for IP 10.30.4.128: A Modbus Exception Occurred - See Response Body
[2024-12-10T07:03:43.709Z] Error reading actual data: A Modbus Exception Occurred - See Response Body
[2024-12-10T07:03:43.709Z] Error writing to Modbus register: A Modbus Exception Occurred - See Response Body
[2024-12-10T07:03:44.719Z] Error reading or processing Modbus registers: A Modbus Exception Occurred - See Response Body
[2024-12-10T07:03:44.722Z] Error reading register 6507 for IP 10.30.4.128: A Modbus Exception Occurred - See Response Body
[2024-12-10T07:03:44.723Z] Error reading actual data: A Modbus Exception Occurred - See Response Body
[2024-12-10T07:03:44.723Z] Error writing to Modbus register: A Modbus Exception Occurred - See Response Body
[2024-12-10T07:03:45.734Z] Error reading or processing Modbus registers: A Modbus Exception Occurred - See Response Body
[2024-12-10T07:03:45.736Z] Error reading register 6507 for IP 10.30.4.128: A Modbus Exception Occurred - See Response Body
[2024-12-10T07:03:45.737Z] Error reading actual data: A Modbus Exception Occurred - See Response Body
[2024-12-10T07:03:45.737Z] Error writing to Modbus register: A Modbus Exception Occurred - See Response Body
[2024-12-10T07:03:46.738Z] Error reading or processing Modbus registers: A Modbus Exception Occurred - See Response Body
[2024-12-10T07:03:46.740Z] Error reading register 6507 for IP 10.30.4.128: A Modbus Exception Occurred - See Response Body
[2024-12-10T07:03:46.741Z] Error reading actual data: A Modbus Exception Occurred - See Response Body
[2024-12-10T07:03:46.742Z] Error writing to Modbus register: A Modbus Exception Occurred - See Response Body
[2024-12-10T07:03:47.748Z] Error reading or processing Modbus registers: A Modbus Exception Occurred - See Response Body
[2024-12-10T07:03:47.751Z] Error reading register 6507 for IP 10.30.4.128: A Modbus Exception Occurred - See Response Body
[2024-12-10T07:03:47.751Z] Error reading actual data: A Modbus Exception Occurred - See Response Body
[2024-12-10T07:03:47.752Z] Error writing to Modbus register: A Modbus Exception Occurred - See Response Body
[2024-12-10T07:03:48.748Z] Error reading or processing Modbus registers: A Modbus Exception Occurred - See Response Body
[2024-12-10T07:03:48.750Z] Error reading register 6507 for IP 10.30.4.128: A Modbus Exception Occurred - See Response Body
[2024-12-10T07:03:48.751Z] Error reading actual data: A Modbus Exception Occurred - See Response Body
[2024-12-10T07:03:48.752Z] Error writing to Modbus register: A Modbus Exception Occurred - See Response Body
[2024-12-10T07:03:49.762Z] Error reading or processing Modbus registers: A Modbus Exception Occurred - See Response Body
[2024-12-10T07:03:49.765Z] Error reading register 6507 for IP 10.30.4.128: A Modbus Exception Occurred - See Response Body
[2024-12-10T07:03:49.765Z] Error reading actual data: A Modbus Exception Occurred - See Response Body
[2024-12-10T07:03:49.766Z] Error writing to Modbus register: A Modbus Exception Occurred - See Response Body
[2024-12-10T07:03:50.762Z] Error reading or processing Modbus registers: A Modbus Exception Occurred - See Response Body
[2024-12-10T07:03:50.764Z] Error reading register 6507 for IP 10.30.4.128: A Modbus Exception Occurred - See Response Body
[2024-12-10T07:03:50.765Z] Error reading actual data: A Modbus Exception Occurred - See Response Body
[2024-12-10T07:03:50.765Z] Error writing to Modbus register: A Modbus Exception Occurred - See Response Body
[2024-12-10T07:03:51.775Z] Error reading or processing Modbus registers: A Modbus Exception Occurred - See Response Body
[2024-12-10T07:03:51.778Z] Error reading register 6507 for IP 10.30.4.128: A Modbus Exception Occurred - See Response Body
[2024-12-10T07:03:51.778Z] Error reading actual data: A Modbus Exception Occurred - See Response Body
[2024-12-10T07:03:51.779Z] Error writing to Modbus register: A Modbus Exception Occurred - See Response Body
[2024-12-10T07:03:52.789Z] Error reading or processing Modbus registers: A Modbus Exception Occurred - See Response Body
[2024-12-10T07:03:52.792Z] Error reading register 6507 for IP 10.30.4.128: A Modbus Exception Occurred - See Response Body
[2024-12-10T07:03:52.793Z] Error reading actual data: A Modbus Exception Occurred - See Response Body
[2024-12-10T07:03:52.793Z] Error writing to Modbus register: A Modbus Exception Occurred - See Response Body
[2024-12-10T07:03:53.803Z] Error reading or processing Modbus registers: A Modbus Exception Occurred - See Response Body
[2024-12-10T07:03:53.806Z] Error reading register 6507 for IP 10.30.4.128: A Modbus Exception Occurred - See Response Body
[2024-12-10T07:03:53.807Z] Error reading actual data: A Modbus Exception Occurred - See Response Body
[2024-12-10T07:03:53.807Z] Error writing to Modbus register: A Modbus Exception Occurred - See Response Body
[2024-12-10T07:03:54.807Z] Error reading or processing Modbus registers: A Modbus Exception Occurred - See Response Body
[2024-12-10T07:03:54.809Z] Error reading register 6507 for IP 10.30.4.128: A Modbus Exception Occurred - See Response Body
[2024-12-10T07:03:54.810Z] Error reading actual data: A Modbus Exception Occurred - See Response Body
[2024-12-10T07:03:54.810Z] Error writing to Modbus register: A Modbus Exception Occurred - See Response Body
[2024-12-10T07:03:55.820Z] Error reading or processing Modbus registers: A Modbus Exception Occurred - See Response Body
[2024-12-10T07:03:55.822Z] Error reading register 6507 for IP 10.30.4.128: A Modbus Exception Occurred - See Response Body
[2024-12-10T07:03:55.823Z] Error reading actual data: A Modbus Exception Occurred - See Response Body
[2024-12-10T07:03:55.823Z] Error writing to Modbus register: A Modbus Exception Occurred - See Response Body
[2024-12-10T07:03:56.830Z] Error reading or processing Modbus registers: A Modbus Exception Occurred - See Response Body
[2024-12-10T07:03:56.833Z] Error reading register 6507 for IP 10.30.4.128: A Modbus Exception Occurred - See Response Body
[2024-12-10T07:03:56.833Z] Error reading actual data: A Modbus Exception Occurred - See Response Body
[2024-12-10T07:03:56.834Z] Error writing to Modbus register: A Modbus Exception Occurred - See Response Body
[2024-12-10T07:03:57.833Z] Error reading or processing Modbus registers: A Modbus Exception Occurred - See Response Body
[2024-12-10T07:03:57.835Z] Error reading register 6507 for IP 10.30.4.128: A Modbus Exception Occurred - See Response Body
[2024-12-10T07:03:57.836Z] Error reading actual data: A Modbus Exception Occurred - See Response Body
[2024-12-10T07:03:57.837Z] Error writing to Modbus register: A Modbus Exception Occurred - See Response Body
[2024-12-10T07:03:58.837Z] Error reading or processing Modbus registers: A Modbus Exception Occurred - See Response Body
[2024-12-10T07:03:58.839Z] Error reading register 6507 for IP 10.30.4.128: A Modbus Exception Occurred - See Response Body
[2024-12-10T07:03:58.840Z] Error reading actual data: A Modbus Exception Occurred - See Response Body
[2024-12-10T07:03:58.841Z] Error writing to Modbus register: A Modbus Exception Occurred - See Response Body
[2024-12-10T07:03:59.849Z] Error reading or processing Modbus registers: A Modbus Exception Occurred - See Response Body
[2024-12-10T07:03:59.851Z] Error reading register 6507 for IP 10.30.4.128: A Modbus Exception Occurred - See Response Body
[2024-12-10T07:03:59.852Z] Error reading actual data: A Modbus Exception Occurred - See Response Body
[2024-12-10T07:03:59.852Z] Error writing to Modbus register: A Modbus Exception Occurred - See Response Body
[2024-12-10T07:04:00.851Z] Error reading or processing Modbus registers: A Modbus Exception Occurred - See Response Body
[2024-12-10T07:04:00.853Z] Error reading register 6507 for IP 10.30.4.128: A Modbus Exception Occurred - See Response Body
[2024-12-10T07:04:00.854Z] Error reading actual data: A Modbus Exception Occurred - See Response Body
[2024-12-10T07:04:00.855Z] Error writing to Modbus register: A Modbus Exception Occurred - See Response Body
[2024-12-10T07:04:01.854Z] Error reading or processing Modbus registers: A Modbus Exception Occurred - See Response Body
[2024-12-10T07:04:01.857Z] Error reading register 6507 for IP 10.30.4.128: A Modbus Exception Occurred - See Response Body
[2024-12-10T07:04:01.858Z] Error reading actual data: A Modbus Exception Occurred - See Response Body
[2024-12-10T07:04:01.858Z] Error writing to Modbus register: A Modbus Exception Occurred - See Response Body
[2024-12-10T07:04:02.860Z] Error reading or processing Modbus registers: A Modbus Exception Occurred - See Response Body
[2024-12-10T07:04:02.862Z] Error reading register 6507 for IP 10.30.4.128: A Modbus Exception Occurred - See Response Body
[2024-12-10T07:04:02.863Z] Error reading actual data: A Modbus Exception Occurred - See Response Body
[2024-12-10T07:04:02.864Z] Error writing to Modbus register: A Modbus Exception Occurred - See Response Body
[2024-12-10T07:04:03.861Z] Error reading or processing Modbus registers: A Modbus Exception Occurred - See Response Body
[2024-12-10T07:04:03.863Z] Error reading register 6507 for IP 10.30.4.128: A Modbus Exception Occurred - See Response Body
[2024-12-10T07:04:03.864Z] Error reading actual data: A Modbus Exception Occurred - See Response Body
[2024-12-10T07:04:03.865Z] Error writing to Modbus register: A Modbus Exception Occurred - See Response Body
[2024-12-10T07:04:04.863Z] Error reading or processing Modbus registers: A Modbus Exception Occurred - See Response Body
[2024-12-10T07:04:04.866Z] Error reading register 6507 for IP 10.30.4.128: A Modbus Exception Occurred - See Response Body
[2024-12-10T07:04:04.867Z] Error reading actual data: A Modbus Exception Occurred - See Response Body
[2024-12-10T07:04:04.868Z] Error writing to Modbus register: A Modbus Exception Occurred - See Response Body
[2024-12-10T07:04:05.869Z] Error reading or processing Modbus registers: A Modbus Exception Occurred - See Response Body
[2024-12-10T07:04:05.871Z] Error reading register 6507 for IP 10.30.4.128: A Modbus Exception Occurred - See Response Body
[2024-12-10T07:04:05.872Z] Error reading actual data: A Modbus Exception Occurred - See Response Body
[2024-12-10T07:04:05.873Z] Error writing to Modbus register: A Modbus Exception Occurred - See Response Body
[2024-12-10T07:04:06.870Z] Error reading or processing Modbus registers: A Modbus Exception Occurred - See Response Body
[2024-12-10T07:04:06.872Z] Error reading register 6507 for IP 10.30.4.128: A Modbus Exception Occurred - See Response Body
[2024-12-10T07:04:06.873Z] Error reading actual data: A Modbus Exception Occurred - See Response Body
[2024-12-10T07:04:06.874Z] Error writing to Modbus register: A Modbus Exception Occurred - See Response Body
[2024-12-10T07:04:07.874Z] Error reading or processing Modbus registers: A Modbus Exception Occurred - See Response Body
[2024-12-10T07:04:07.877Z] Error reading register 6507 for IP 10.30.4.128: A Modbus Exception Occurred - See Response Body
[2024-12-10T07:04:07.878Z] Error reading actual data: A Modbus Exception Occurred - See Response Body
[2024-12-10T07:04:07.879Z] Error writing to Modbus register: A Modbus Exception Occurred - See Response Body
[2024-12-10T07:04:08.888Z] Error reading or processing Modbus registers: A Modbus Exception Occurred - See Response Body
[2024-12-10T07:04:08.890Z] Error reading register 6507 for IP 10.30.4.128: A Modbus Exception Occurred - See Response Body
[2024-12-10T07:04:08.891Z] Error reading actual data: A Modbus Exception Occurred - See Response Body
[2024-12-10T07:04:08.892Z] Error writing to Modbus register: A Modbus Exception Occurred - See Response Body
[2024-12-10T07:04:09.890Z] Error reading or processing Modbus registers: A Modbus Exception Occurred - See Response Body
[2024-12-10T07:04:09.893Z] Error reading register 6507 for IP 10.30.4.128: A Modbus Exception Occurred - See Response Body
[2024-12-10T07:04:09.893Z] Error reading actual data: A Modbus Exception Occurred - See Response Body
[2024-12-10T07:04:09.894Z] Error writing to Modbus register: A Modbus Exception Occurred - See Response Body
[2024-12-10T07:04:10.902Z] Error reading or processing Modbus registers: A Modbus Exception Occurred - See Response Body
[2024-12-10T07:04:10.905Z] Error reading register 6507 for IP 10.30.4.128: A Modbus Exception Occurred - See Response Body
[2024-12-10T07:04:10.906Z] Error reading actual data: A Modbus Exception Occurred - See Response Body
[2024-12-10T07:04:10.906Z] Error writing to Modbus register: A Modbus Exception Occurred - See Response Body
[2024-12-10T07:04:11.917Z] Error reading or processing Modbus registers: A Modbus Exception Occurred - See Response Body
[2024-12-10T07:04:11.920Z] Error reading register 6507 for IP 10.30.4.128: A Modbus Exception Occurred - See Response Body
[2024-12-10T07:04:11.921Z] Error reading actual data: A Modbus Exception Occurred - See Response Body
[2024-12-10T07:04:11.921Z] Error writing to Modbus register: A Modbus Exception Occurred - See Response Body
[2024-12-10T07:04:12.926Z] Error reading or processing Modbus registers: A Modbus Exception Occurred - See Response Body
[2024-12-10T07:04:12.928Z] Error reading register 6507 for IP 10.30.4.128: A Modbus Exception Occurred - See Response Body
[2024-12-10T07:04:12.929Z] Error reading actual data: A Modbus Exception Occurred - See Response Body
[2024-12-10T07:04:12.930Z] Error writing to Modbus register: A Modbus Exception Occurred - See Response Body
[2024-12-10T07:04:13.931Z] Error reading or processing Modbus registers: A Modbus Exception Occurred - See Response Body
[2024-12-10T07:04:13.934Z] Error reading register 6507 for IP 10.30.4.128: A Modbus Exception Occurred - See Response Body
[2024-12-10T07:04:13.935Z] Error reading actual data: A Modbus Exception Occurred - See Response Body
[2024-12-10T07:04:13.935Z] Error writing to Modbus register: A Modbus Exception Occurred - See Response Body
[2024-12-10T07:04:14.938Z] Error reading or processing Modbus registers: A Modbus Exception Occurred - See Response Body
[2024-12-10T07:04:14.940Z] Error reading register 6507 for IP 10.30.4.128: A Modbus Exception Occurred - See Response Body
[2024-12-10T07:04:14.941Z] Error reading actual data: A Modbus Exception Occurred - See Response Body
[2024-12-10T07:04:14.942Z] Error writing to Modbus register: A Modbus Exception Occurred - See Response Body
[2024-12-10T07:04:15.948Z] Error reading or processing Modbus registers: A Modbus Exception Occurred - See Response Body
[2024-12-10T07:04:15.953Z] Error reading register 6507 for IP 10.30.4.128: A Modbus Exception Occurred - See Response Body
[2024-12-10T07:04:15.954Z] Error reading actual data: A Modbus Exception Occurred - See Response Body
[2024-12-10T07:04:15.955Z] Error writing to Modbus register: A Modbus Exception Occurred - See Response Body
[2024-12-10T07:04:16.966Z] Error reading or processing Modbus registers: A Modbus Exception Occurred - See Response Body
[2024-12-10T07:04:16.974Z] Error reading register 6507 for IP 10.30.4.128: A Modbus Exception Occurred - See Response Body
[2024-12-10T07:04:16.975Z] Error reading actual data: A Modbus Exception Occurred - See Response Body
[2024-12-10T07:04:16.976Z] Error writing to Modbus register: A Modbus Exception Occurred - See Response Body
[2024-12-10T07:04:17.968Z] Error reading or processing Modbus registers: A Modbus Exception Occurred - See Response Body
[2024-12-10T07:04:17.970Z] Error reading register 6507 for IP 10.30.4.128: A Modbus Exception Occurred - See Response Body
[2024-12-10T07:04:17.971Z] Error reading actual data: A Modbus Exception Occurred - See Response Body
[2024-12-10T07:04:17.971Z] Error writing to Modbus register: A Modbus Exception Occurred - See Response Body
[2024-12-10T07:04:18.976Z] Error reading or processing Modbus registers: A Modbus Exception Occurred - See Response Body
[2024-12-10T07:04:18.980Z] Error reading register 6507 for IP 10.30.4.128: A Modbus Exception Occurred - See Response Body
[2024-12-10T07:04:18.982Z] Error reading actual data: A Modbus Exception Occurred - See Response Body
[2024-12-10T07:04:18.983Z] Error writing to Modbus register: A Modbus Exception Occurred - See Response Body
[2024-12-10T07:04:19.982Z] Error reading or processing Modbus registers: A Modbus Exception Occurred - See Response Body
[2024-12-10T07:04:19.985Z] Error reading register 6507 for IP 10.30.4.128: A Modbus Exception Occurred - See Response Body
[2024-12-10T07:04:19.985Z] Error reading actual data: A Modbus Exception Occurred - See Response Body
[2024-12-10T07:04:19.986Z] Error writing to Modbus register: A Modbus Exception Occurred - See Response Body
[2024-12-10T07:04:20.993Z] Error reading or processing Modbus registers: A Modbus Exception Occurred - See Response Body
[2024-12-10T07:04:21.006Z] Error reading register 6507 for IP 10.30.4.128: A Modbus Exception Occurred - See Response Body
[2024-12-10T07:04:21.008Z] Error reading actual data: A Modbus Exception Occurred - See Response Body
[2024-12-10T07:04:21.009Z] Error writing to Modbus register: A Modbus Exception Occurred - See Response Body
[2024-12-10T07:04:21.999Z] Error reading or processing Modbus registers: A Modbus Exception Occurred - See Response Body
[2024-12-10T07:04:22.002Z] Error reading register 6507 for IP 10.30.4.128: A Modbus Exception Occurred - See Response Body
[2024-12-10T07:04:22.002Z] Error reading actual data: A Modbus Exception Occurred - See Response Body
[2024-12-10T07:04:22.003Z] Error writing to Modbus register: A Modbus Exception Occurred - See Response Body
[2024-12-10T07:04:23.004Z] Error reading or processing Modbus registers: A Modbus Exception Occurred - See Response Body
[2024-12-10T07:04:23.006Z] Error reading register 6507 for IP 10.30.4.128: A Modbus Exception Occurred - See Response Body
[2024-12-10T07:04:23.007Z] Error reading actual data: A Modbus Exception Occurred - See Response Body
[2024-12-10T07:04:23.008Z] Error writing to Modbus register: A Modbus Exception Occurred - See Response Body
[2024-12-10T07:04:24.006Z] Error reading or processing Modbus registers: A Modbus Exception Occurred - See Response Body
[2024-12-10T07:04:24.008Z] Error reading register 6507 for IP 10.30.4.128: A Modbus Exception Occurred - See Response Body
[2024-12-10T07:04:24.009Z] Error reading actual data: A Modbus Exception Occurred - See Response Body
[2024-12-10T07:04:24.009Z] Error writing to Modbus register: A Modbus Exception Occurred - See Response Body
[2024-12-10T07:04:25.006Z] Error reading or processing Modbus registers: A Modbus Exception Occurred - See Response Body
[2024-12-10T07:04:25.008Z] Error reading register 6507 for IP 10.30.4.128: A Modbus Exception Occurred - See Response Body
[2024-12-10T07:04:25.009Z] Error reading actual data: A Modbus Exception Occurred - See Response Body
[2024-12-10T07:04:25.009Z] Error writing to Modbus register: A Modbus Exception Occurred - See Response Body
[2024-12-10T07:04:26.010Z] Error reading or processing Modbus registers: A Modbus Exception Occurred - See Response Body
[2024-12-10T07:04:26.012Z] Error reading register 6507 for IP 10.30.4.128: A Modbus Exception Occurred - See Response Body
[2024-12-10T07:04:26.013Z] Error reading actual data: A Modbus Exception Occurred - See Response Body
[2024-12-10T07:04:26.013Z] Error writing to Modbus register: A Modbus Exception Occurred - See Response Body
[2024-12-10T07:04:27.010Z] Error reading or processing Modbus registers: A Modbus Exception Occurred - See Response Body
[2024-12-10T07:04:27.012Z] Error reading register 6507 for IP 10.30.4.128: A Modbus Exception Occurred - See Response Body
[2024-12-10T07:04:27.012Z] Error reading actual data: A Modbus Exception Occurred - See Response Body
[2024-12-10T07:04:27.013Z] Error writing to Modbus register: A Modbus Exception Occurred - See Response Body
[2024-12-10T07:04:28.025Z] Error reading or processing Modbus registers: A Modbus Exception Occurred - See Response Body
[2024-12-10T07:04:28.027Z] Error reading register 6507 for IP 10.30.4.128: A Modbus Exception Occurred - See Response Body
[2024-12-10T07:04:28.028Z] Error reading actual data: A Modbus Exception Occurred - See Response Body
[2024-12-10T07:04:28.029Z] Error writing to Modbus register: A Modbus Exception Occurred - See Response Body
[2024-12-10T07:04:29.029Z] Error reading or processing Modbus registers: A Modbus Exception Occurred - See Response Body
[2024-12-10T07:04:29.031Z] Error reading register 6507 for IP 10.30.4.128: A Modbus Exception Occurred - See Response Body
[2024-12-10T07:04:29.031Z] Error reading actual data: A Modbus Exception Occurred - See Response Body
[2024-12-10T07:04:29.032Z] Error writing to Modbus register: A Modbus Exception Occurred - See Response Body
[2024-12-10T07:04:30.042Z] Error reading or processing Modbus registers: A Modbus Exception Occurred - See Response Body
[2024-12-10T07:04:30.045Z] Error reading register 6507 for IP 10.30.4.128: A Modbus Exception Occurred - See Response Body
[2024-12-10T07:04:30.045Z] Error reading actual data: A Modbus Exception Occurred - See Response Body
[2024-12-10T07:04:30.046Z] Error writing to Modbus register: A Modbus Exception Occurred - See Response Body
[2024-12-10T07:04:31.051Z] Error reading or processing Modbus registers: A Modbus Exception Occurred - See Response Body
[2024-12-10T07:04:31.054Z] Error reading register 6507 for IP 10.30.4.128: A Modbus Exception Occurred - See Response Body
[2024-12-10T07:04:31.055Z] Error reading actual data: A Modbus Exception Occurred - See Response Body
[2024-12-10T07:04:31.056Z] Error writing to Modbus register: A Modbus Exception Occurred - See Response Body
[2024-12-10T07:04:32.056Z] Error reading or processing Modbus registers: A Modbus Exception Occurred - See Response Body
[2024-12-10T07:04:32.059Z] Error reading register 6507 for IP 10.30.4.128: A Modbus Exception Occurred - See Response Body
[2024-12-10T07:04:32.060Z] Error reading actual data: A Modbus Exception Occurred - See Response Body
[2024-12-10T07:04:32.062Z] Error writing to Modbus register: A Modbus Exception Occurred - See Response Body
[2024-12-10T07:04:33.070Z] Error reading or processing Modbus registers: A Modbus Exception Occurred - See Response Body
[2024-12-10T07:04:33.073Z] Error reading register 6507 for IP 10.30.4.128: A Modbus Exception Occurred - See Response Body
[2024-12-10T07:04:33.074Z] Error reading actual data: A Modbus Exception Occurred - See Response Body
[2024-12-10T07:04:33.074Z] Error writing to Modbus register: A Modbus Exception Occurred - See Response Body
[2024-12-10T07:04:34.071Z] Error reading or processing Modbus registers: A Modbus Exception Occurred - See Response Body
[2024-12-10T07:04:34.073Z] Error reading register 6507 for IP 10.30.4.128: A Modbus Exception Occurred - See Response Body
[2024-12-10T07:04:34.074Z] Error reading actual data: A Modbus Exception Occurred - See Response Body
[2024-12-10T07:04:34.075Z] Error writing to Modbus register: A Modbus Exception Occurred - See Response Body
[2024-12-10T07:04:35.085Z] Error reading or processing Modbus registers: A Modbus Exception Occurred - See Response Body
[2024-12-10T07:04:35.088Z] Error reading register 6507 for IP 10.30.4.128: A Modbus Exception Occurred - See Response Body
[2024-12-10T07:04:35.089Z] Error reading actual data: A Modbus Exception Occurred - See Response Body
[2024-12-10T07:04:35.089Z] Error writing to Modbus register: A Modbus Exception Occurred - See Response Body
[2024-12-10T07:04:36.096Z] Error reading or processing Modbus registers: A Modbus Exception Occurred - See Response Body
[2024-12-10T07:04:36.099Z] Error reading register 6507 for IP 10.30.4.128: A Modbus Exception Occurred - See Response Body
[2024-12-10T07:04:36.100Z] Error reading actual data: A Modbus Exception Occurred - See Response Body
[2024-12-10T07:04:36.101Z] Error writing to Modbus register: A Modbus Exception Occurred - See Response Body
[2024-12-10T07:04:37.097Z] Error reading or processing Modbus registers: A Modbus Exception Occurred - See Response Body
[2024-12-10T07:04:37.100Z] Error reading register 6507 for IP 10.30.4.128: A Modbus Exception Occurred - See Response Body
[2024-12-10T07:04:37.100Z] Error reading actual data: A Modbus Exception Occurred - See Response Body
[2024-12-10T07:04:37.101Z] Error writing to Modbus register: A Modbus Exception Occurred - See Response Body
[2024-12-10T07:04:38.100Z] Error reading or processing Modbus registers: A Modbus Exception Occurred - See Response Body
[2024-12-10T07:04:38.102Z] Error reading register 6507 for IP 10.30.4.128: A Modbus Exception Occurred - See Response Body
[2024-12-10T07:04:38.103Z] Error reading actual data: A Modbus Exception Occurred - See Response Body
[2024-12-10T07:04:38.104Z] Error writing to Modbus register: A Modbus Exception Occurred - See Response Body
[2024-12-10T07:04:39.114Z] Error reading or processing Modbus registers: A Modbus Exception Occurred - See Response Body
[2024-12-10T07:04:39.117Z] Error reading register 6507 for IP 10.30.4.128: A Modbus Exception Occurred - See Response Body
[2024-12-10T07:04:39.118Z] Error reading actual data: A Modbus Exception Occurred - See Response Body
[2024-12-10T07:04:39.118Z] Error writing to Modbus register: A Modbus Exception Occurred - See Response Body
[2024-12-10T07:04:40.116Z] Error reading or processing Modbus registers: A Modbus Exception Occurred - See Response Body
[2024-12-10T07:04:40.118Z] Error reading register 6507 for IP 10.30.4.128: A Modbus Exception Occurred - See Response Body
[2024-12-10T07:04:40.119Z] Error reading actual data: A Modbus Exception Occurred - See Response Body
[2024-12-10T07:04:40.120Z] Error writing to Modbus register: A Modbus Exception Occurred - See Response Body
[2024-12-10T07:04:41.128Z] Error reading or processing Modbus registers: A Modbus Exception Occurred - See Response Body
[2024-12-10T07:04:41.131Z] Error reading register 6507 for IP 10.30.4.128: A Modbus Exception Occurred - See Response Body
[2024-12-10T07:04:41.131Z] Error reading actual data: A Modbus Exception Occurred - See Response Body
[2024-12-10T07:04:41.132Z] Error writing to Modbus register: A Modbus Exception Occurred - See Response Body
[2024-12-10T07:04:42.141Z] Error reading or processing Modbus registers: A Modbus Exception Occurred - See Response Body
[2024-12-10T07:04:42.144Z] Error reading register 6507 for IP 10.30.4.128: A Modbus Exception Occurred - See Response Body
[2024-12-10T07:04:42.145Z] Error reading actual data: A Modbus Exception Occurred - See Response Body
[2024-12-10T07:04:42.145Z] Error writing to Modbus register: A Modbus Exception Occurred - See Response Body
[2024-12-10T07:04:43.141Z] Error reading or processing Modbus registers: A Modbus Exception Occurred - See Response Body
[2024-12-10T07:04:43.143Z] Error reading register 6507 for IP 10.30.4.128: A Modbus Exception Occurred - See Response Body
[2024-12-10T07:04:43.144Z] Error reading actual data: A Modbus Exception Occurred - See Response Body
[2024-12-10T07:04:43.145Z] Error writing to Modbus register: A Modbus Exception Occurred - See Response Body
[2024-12-10T07:04:44.155Z] Error reading or processing Modbus registers: A Modbus Exception Occurred - See Response Body
[2024-12-10T07:04:44.157Z] Error reading register 6507 for IP 10.30.4.128: A Modbus Exception Occurred - See Response Body
[2024-12-10T07:04:44.161Z] Error reading actual data: A Modbus Exception Occurred - See Response Body
[2024-12-10T07:04:44.162Z] Error writing to Modbus register: A Modbus Exception Occurred - See Response Body
[2024-12-10T07:04:45.168Z] Error reading or processing Modbus registers: A Modbus Exception Occurred - See Response Body
[2024-12-10T07:04:45.170Z] Error reading register 6507 for IP 10.30.4.128: A Modbus Exception Occurred - See Response Body
[2024-12-10T07:04:45.171Z] Error reading actual data: A Modbus Exception Occurred - See Response Body
[2024-12-10T07:04:45.172Z] Error writing to Modbus register: A Modbus Exception Occurred - See Response Body
[2024-12-10T07:04:46.170Z] Error reading or processing Modbus registers: A Modbus Exception Occurred - See Response Body
[2024-12-10T07:04:46.173Z] Error reading register 6507 for IP 10.30.4.128: A Modbus Exception Occurred - See Response Body
[2024-12-10T07:04:46.174Z] Error reading actual data: A Modbus Exception Occurred - See Response Body
[2024-12-10T07:04:46.174Z] Error writing to Modbus register: A Modbus Exception Occurred - See Response Body
[2024-12-10T07:04:47.183Z] Error reading or processing Modbus registers: A Modbus Exception Occurred - See Response Body
[2024-12-10T07:04:47.186Z] Error reading register 6507 for IP 10.30.4.128: A Modbus Exception Occurred - See Response Body
[2024-12-10T07:04:47.187Z] Error reading actual data: A Modbus Exception Occurred - See Response Body
[2024-12-10T07:04:47.187Z] Error writing to Modbus register: A Modbus Exception Occurred - See Response Body
[2024-12-10T07:04:48.186Z] Error reading or processing Modbus registers: A Modbus Exception Occurred - See Response Body
[2024-12-10T07:04:48.188Z] Error reading register 6507 for IP 10.30.4.128: A Modbus Exception Occurred - See Response Body
[2024-12-10T07:04:48.189Z] Error reading actual data: A Modbus Exception Occurred - See Response Body
[2024-12-10T07:04:48.189Z] Error writing to Modbus register: A Modbus Exception Occurred - See Response Body
[2024-12-10T07:04:49.189Z] Error reading or processing Modbus registers: A Modbus Exception Occurred - See Response Body
[2024-12-10T07:04:49.191Z] Error reading register 6507 for IP 10.30.4.128: A Modbus Exception Occurred - See Response Body
[2024-12-10T07:04:49.192Z] Error reading actual data: A Modbus Exception Occurred - See Response Body
[2024-12-10T07:04:49.192Z] Error writing to Modbus register: A Modbus Exception Occurred - See Response Body
[2024-12-10T07:04:50.192Z] Error reading or processing Modbus registers: A Modbus Exception Occurred - See Response Body
[2024-12-10T07:04:50.194Z] Error reading register 6507 for IP 10.30.4.128: A Modbus Exception Occurred - See Response Body
[2024-12-10T07:04:50.194Z] Error reading actual data: A Modbus Exception Occurred - See Response Body
[2024-12-10T07:04:50.195Z] Error writing to Modbus register: A Modbus Exception Occurred - See Response Body
[2024-12-10T07:04:51.192Z] Error reading or processing Modbus registers: A Modbus Exception Occurred - See Response Body
[2024-12-10T07:04:51.194Z] Error reading register 6507 for IP 10.30.4.128: A Modbus Exception Occurred - See Response Body
[2024-12-10T07:04:51.195Z] Error reading actual data: A Modbus Exception Occurred - See Response Body
[2024-12-10T07:04:51.195Z] Error writing to Modbus register: A Modbus Exception Occurred - See Response Body
[2024-12-10T07:04:52.206Z] Error reading or processing Modbus registers: A Modbus Exception Occurred - See Response Body
[2024-12-10T07:04:52.208Z] Error reading register 6507 for IP 10.30.4.128: A Modbus Exception Occurred - See Response Body
[2024-12-10T07:04:52.209Z] Error reading actual data: A Modbus Exception Occurred - See Response Body
[2024-12-10T07:04:52.210Z] Error writing to Modbus register: A Modbus Exception Occurred - See Response Body
[2024-12-10T07:04:53.211Z] Error reading or processing Modbus registers: A Modbus Exception Occurred - See Response Body
[2024-12-10T07:04:53.213Z] Error reading register 6507 for IP 10.30.4.128: A Modbus Exception Occurred - See Response Body
[2024-12-10T07:04:53.214Z] Error reading actual data: A Modbus Exception Occurred - See Response Body
[2024-12-10T07:04:53.214Z] Error writing to Modbus register: A Modbus Exception Occurred - See Response Body
[2024-12-10T07:04:54.218Z] Error reading or processing Modbus registers: A Modbus Exception Occurred - See Response Body
[2024-12-10T07:04:54.221Z] Error reading register 6507 for IP 10.30.4.128: A Modbus Exception Occurred - See Response Body
[2024-12-10T07:04:54.222Z] Error reading actual data: A Modbus Exception Occurred - See Response Body
[2024-12-10T07:04:54.223Z] Error writing to Modbus register: A Modbus Exception Occurred - See Response Body
[2024-12-10T07:04:55.229Z] Error reading or processing Modbus registers: A Modbus Exception Occurred - See Response Body
[2024-12-10T07:04:55.232Z] Error reading register 6507 for IP 10.30.4.128: A Modbus Exception Occurred - See Response Body
[2024-12-10T07:04:55.232Z] Error reading actual data: A Modbus Exception Occurred - See Response Body
[2024-12-10T07:04:55.233Z] Error writing to Modbus register: A Modbus Exception Occurred - See Response Body
[2024-12-10T07:04:56.231Z] Error reading or processing Modbus registers: A Modbus Exception Occurred - See Response Body
[2024-12-10T07:04:56.235Z] Error reading register 6507 for IP 10.30.4.128: A Modbus Exception Occurred - See Response Body
[2024-12-10T07:04:56.236Z] Error reading actual data: A Modbus Exception Occurred - See Response Body
[2024-12-10T07:04:56.238Z] Error writing to Modbus register: A Modbus Exception Occurred - See Response Body
[2024-12-10T07:04:57.242Z] Error reading or processing Modbus registers: A Modbus Exception Occurred - See Response Body
[2024-12-10T07:04:57.245Z] Error reading register 6507 for IP 10.30.4.128: A Modbus Exception Occurred - See Response Body
[2024-12-10T07:04:57.245Z] Error reading actual data: A Modbus Exception Occurred - See Response Body
[2024-12-10T07:04:57.246Z] Error writing to Modbus register: A Modbus Exception Occurred - See Response Body
[2024-12-10T07:04:58.258Z] Error reading or processing Modbus registers: A Modbus Exception Occurred - See Response Body
[2024-12-10T07:04:58.260Z] Error reading register 6507 for IP 10.30.4.128: A Modbus Exception Occurred - See Response Body
[2024-12-10T07:04:58.261Z] Error reading actual data: A Modbus Exception Occurred - See Response Body
[2024-12-10T07:04:58.261Z] Error writing to Modbus register: A Modbus Exception Occurred - See Response Body
[2024-12-10T07:04:59.258Z] Error reading or processing Modbus registers: A Modbus Exception Occurred - See Response Body
[2024-12-10T07:04:59.260Z] Error reading register 6507 for IP 10.30.4.128: A Modbus Exception Occurred - See Response Body
[2024-12-10T07:04:59.261Z] Error reading actual data: A Modbus Exception Occurred - See Response Body
[2024-12-10T07:04:59.261Z] Error writing to Modbus register: A Modbus Exception Occurred - See Response Body
[2024-12-10T07:05:00.262Z] Error reading or processing Modbus registers: A Modbus Exception Occurred - See Response Body
[2024-12-10T07:05:00.265Z] Error reading register 6507 for IP 10.30.4.128: A Modbus Exception Occurred - See Response Body
[2024-12-10T07:05:00.266Z] Error reading actual data: A Modbus Exception Occurred - See Response Body
[2024-12-10T07:05:00.267Z] Error writing to Modbus register: A Modbus Exception Occurred - See Response Body
[2024-12-10T07:05:01.276Z] Error reading or processing Modbus registers: A Modbus Exception Occurred - See Response Body
[2024-12-10T07:05:01.279Z] Error reading register 6507 for IP 10.30.4.128: A Modbus Exception Occurred - See Response Body
[2024-12-10T07:05:01.279Z] Error reading actual data: A Modbus Exception Occurred - See Response Body
[2024-12-10T07:05:01.280Z] Error writing to Modbus register: A Modbus Exception Occurred - See Response Body
[2024-12-10T07:05:02.291Z] Error reading or processing Modbus registers: A Modbus Exception Occurred - See Response Body
[2024-12-10T07:05:02.293Z] Error reading register 6507 for IP 10.30.4.128: A Modbus Exception Occurred - See Response Body
[2024-12-10T07:05:02.294Z] Error reading actual data: A Modbus Exception Occurred - See Response Body
[2024-12-10T07:05:02.295Z] Error writing to Modbus register: A Modbus Exception Occurred - See Response Body
[2024-12-10T07:05:03.305Z] Error reading or processing Modbus registers: A Modbus Exception Occurred - See Response Body
[2024-12-10T07:05:03.308Z] Error reading register 6507 for IP 10.30.4.128: A Modbus Exception Occurred - See Response Body
[2024-12-10T07:05:03.309Z] Error reading actual data: A Modbus Exception Occurred - See Response Body
[2024-12-10T07:05:03.309Z] Error writing to Modbus register: A Modbus Exception Occurred - See Response Body
[2024-12-10T07:05:04.306Z] Error reading or processing Modbus registers: A Modbus Exception Occurred - See Response Body
[2024-12-10T07:05:04.309Z] Error reading register 6507 for IP 10.30.4.128: A Modbus Exception Occurred - See Response Body
[2024-12-10T07:05:04.309Z] Error reading actual data: A Modbus Exception Occurred - See Response Body
[2024-12-10T07:05:04.310Z] Error writing to Modbus register: A Modbus Exception Occurred - See Response Body
[2024-12-10T07:05:05.320Z] Error reading or processing Modbus registers: A Modbus Exception Occurred - See Response Body
[2024-12-10T07:05:05.322Z] Error reading register 6507 for IP 10.30.4.128: A Modbus Exception Occurred - See Response Body
[2024-12-10T07:05:05.324Z] Error reading actual data: A Modbus Exception Occurred - See Response Body
[2024-12-10T07:05:05.324Z] Error writing to Modbus register: A Modbus Exception Occurred - See Response Body
[2024-12-10T07:05:06.330Z] Error reading or processing Modbus registers: A Modbus Exception Occurred - See Response Body
[2024-12-10T07:05:06.333Z] Error reading register 6507 for IP 10.30.4.128: A Modbus Exception Occurred - See Response Body
[2024-12-10T07:05:06.333Z] Error reading actual data: A Modbus Exception Occurred - See Response Body
[2024-12-10T07:05:06.334Z] Error writing to Modbus register: A Modbus Exception Occurred - See Response Body
[2024-12-10T07:05:07.344Z] Error reading or processing Modbus registers: A Modbus Exception Occurred - See Response Body
[2024-12-10T07:05:07.346Z] Error reading register 6507 for IP 10.30.4.128: A Modbus Exception Occurred - See Response Body
[2024-12-10T07:05:07.347Z] Error reading actual data: A Modbus Exception Occurred - See Response Body
[2024-12-10T07:05:07.348Z] Error writing to Modbus register: A Modbus Exception Occurred - See Response Body
[2024-12-10T07:05:08.345Z] Error reading or processing Modbus registers: A Modbus Exception Occurred - See Response Body
[2024-12-10T07:05:08.347Z] Error reading register 6507 for IP 10.30.4.128: A Modbus Exception Occurred - See Response Body
[2024-12-10T07:05:08.349Z] Error reading actual data: A Modbus Exception Occurred - See Response Body
[2024-12-10T07:05:08.349Z] Error writing to Modbus register: A Modbus Exception Occurred - See Response Body
[2024-12-10T07:05:09.357Z] Error reading or processing Modbus registers: A Modbus Exception Occurred - See Response Body
[2024-12-10T07:05:09.362Z] Error reading register 6507 for IP 10.30.4.128: A Modbus Exception Occurred - See Response Body
[2024-12-10T07:05:09.363Z] Error reading actual data: A Modbus Exception Occurred - See Response Body
[2024-12-10T07:05:09.363Z] Error writing to Modbus register: A Modbus Exception Occurred - See Response Body
[2024-12-10T07:05:10.359Z] Error reading or processing Modbus registers: A Modbus Exception Occurred - See Response Body
[2024-12-10T07:05:10.364Z] Error reading register 6507 for IP 10.30.4.128: A Modbus Exception Occurred - See Response Body
[2024-12-10T07:05:10.364Z] Error reading actual data: A Modbus Exception Occurred - See Response Body
[2024-12-10T07:05:10.365Z] Error writing to Modbus register: A Modbus Exception Occurred - See Response Body
[2024-12-10T07:05:11.373Z] Error reading or processing Modbus registers: A Modbus Exception Occurred - See Response Body
[2024-12-10T07:05:11.375Z] Error reading register 6507 for IP 10.30.4.128: A Modbus Exception Occurred - See Response Body
[2024-12-10T07:05:11.376Z] Error reading actual data: A Modbus Exception Occurred - See Response Body
[2024-12-10T07:05:11.377Z] Error writing to Modbus register: A Modbus Exception Occurred - See Response Body
[2024-12-10T07:05:12.385Z] Error reading or processing Modbus registers: A Modbus Exception Occurred - See Response Body
[2024-12-10T07:05:12.387Z] Error reading register 6507 for IP 10.30.4.128: A Modbus Exception Occurred - See Response Body
[2024-12-10T07:05:12.388Z] Error reading actual data: A Modbus Exception Occurred - See Response Body
[2024-12-10T07:05:12.389Z] Error writing to Modbus register: A Modbus Exception Occurred - See Response Body
[2024-12-10T07:05:13.400Z] Error reading or processing Modbus registers: A Modbus Exception Occurred - See Response Body
[2024-12-10T07:05:13.402Z] Error reading register 6507 for IP 10.30.4.128: A Modbus Exception Occurred - See Response Body
[2024-12-10T07:05:13.403Z] Error reading actual data: A Modbus Exception Occurred - See Response Body
[2024-12-10T07:05:13.403Z] Error writing to Modbus register: A Modbus Exception Occurred - See Response Body
[2024-12-10T07:05:14.413Z] Error reading or processing Modbus registers: A Modbus Exception Occurred - See Response Body
[2024-12-10T07:05:14.415Z] Error reading register 6507 for IP 10.30.4.128: A Modbus Exception Occurred - See Response Body
[2024-12-10T07:05:14.415Z] Error reading actual data: A Modbus Exception Occurred - See Response Body
[2024-12-10T07:05:14.416Z] Error writing to Modbus register: A Modbus Exception Occurred - See Response Body
[2024-12-10T07:05:15.416Z] Error reading or processing Modbus registers: A Modbus Exception Occurred - See Response Body
[2024-12-10T07:05:15.418Z] Error reading register 6507 for IP 10.30.4.128: A Modbus Exception Occurred - See Response Body
[2024-12-10T07:05:15.419Z] Error reading actual data: A Modbus Exception Occurred - See Response Body
[2024-12-10T07:05:15.420Z] Error writing to Modbus register: A Modbus Exception Occurred - See Response Body
[2024-12-10T07:05:16.430Z] Error reading or processing Modbus registers: A Modbus Exception Occurred - See Response Body
[2024-12-10T07:05:16.433Z] Error reading register 6507 for IP 10.30.4.128: A Modbus Exception Occurred - See Response Body
[2024-12-10T07:05:16.435Z] Error reading actual data: A Modbus Exception Occurred - See Response Body
[2024-12-10T07:05:16.436Z] Error writing to Modbus register: A Modbus Exception Occurred - See Response Body
[2024-12-10T07:05:17.431Z] Error reading or processing Modbus registers: A Modbus Exception Occurred - See Response Body
[2024-12-10T07:05:17.433Z] Error reading register 6507 for IP 10.30.4.128: A Modbus Exception Occurred - See Response Body
[2024-12-10T07:05:17.434Z] Error reading actual data: A Modbus Exception Occurred - See Response Body
[2024-12-10T07:05:17.434Z] Error writing to Modbus register: A Modbus Exception Occurred - See Response Body
[2024-12-10T07:05:18.444Z] Error reading or processing Modbus registers: A Modbus Exception Occurred - See Response Body
[2024-12-10T07:05:18.446Z] Error reading register 6507 for IP 10.30.4.128: A Modbus Exception Occurred - See Response Body
[2024-12-10T07:05:18.447Z] Error reading actual data: A Modbus Exception Occurred - See Response Body
[2024-12-10T07:05:18.447Z] Error writing to Modbus register: A Modbus Exception Occurred - See Response Body
[2024-12-10T07:05:19.445Z] Error reading or processing Modbus registers: A Modbus Exception Occurred - See Response Body
[2024-12-10T07:05:19.447Z] Error reading register 6507 for IP 10.30.4.128: A Modbus Exception Occurred - See Response Body
[2024-12-10T07:05:19.449Z] Error reading actual data: A Modbus Exception Occurred - See Response Body
[2024-12-10T07:05:19.449Z] Error writing to Modbus register: A Modbus Exception Occurred - See Response Body
[2024-12-10T07:05:20.459Z] Error reading or processing Modbus registers: A Modbus Exception Occurred - See Response Body
[2024-12-10T07:05:20.461Z] Error reading register 6507 for IP 10.30.4.128: A Modbus Exception Occurred - See Response Body
[2024-12-10T07:05:20.462Z] Error reading actual data: A Modbus Exception Occurred - See Response Body
[2024-12-10T07:05:20.462Z] Error writing to Modbus register: A Modbus Exception Occurred - See Response Body
[2024-12-10T07:05:21.459Z] Error reading or processing Modbus registers: A Modbus Exception Occurred - See Response Body
[2024-12-10T07:05:21.461Z] Error reading register 6507 for IP 10.30.4.128: A Modbus Exception Occurred - See Response Body
[2024-12-10T07:05:21.462Z] Error reading actual data: A Modbus Exception Occurred - See Response Body
[2024-12-10T07:05:21.462Z] Error writing to Modbus register: A Modbus Exception Occurred - See Response Body
[2024-12-10T07:05:22.473Z] Error reading or processing Modbus registers: A Modbus Exception Occurred - See Response Body
[2024-12-10T07:05:22.476Z] Error reading register 6507 for IP 10.30.4.128: A Modbus Exception Occurred - See Response Body
[2024-12-10T07:05:22.477Z] Error reading actual data: A Modbus Exception Occurred - See Response Body
[2024-12-10T07:05:22.478Z] Error writing to Modbus register: A Modbus Exception Occurred - See Response Body
[2024-12-10T07:05:23.475Z] Error reading or processing Modbus registers: A Modbus Exception Occurred - See Response Body
[2024-12-10T07:05:23.478Z] Error reading register 6507 for IP 10.30.4.128: A Modbus Exception Occurred - See Response Body
[2024-12-10T07:05:23.479Z] Error reading actual data: A Modbus Exception Occurred - See Response Body
[2024-12-10T07:05:23.479Z] Error writing to Modbus register: A Modbus Exception Occurred - See Response Body
[2024-12-10T07:05:24.485Z] Error reading or processing Modbus registers: A Modbus Exception Occurred - See Response Body
[2024-12-10T07:05:24.487Z] Error reading register 6507 for IP 10.30.4.128: A Modbus Exception Occurred - See Response Body
[2024-12-10T07:05:24.488Z] Error reading actual data: A Modbus Exception Occurred - See Response Body
[2024-12-10T07:05:24.489Z] Error writing to Modbus register: A Modbus Exception Occurred - See Response Body
[2024-12-10T07:05:25.500Z] Error reading or processing Modbus registers: A Modbus Exception Occurred - See Response Body
[2024-12-10T07:05:25.502Z] Error reading register 6507 for IP 10.30.4.128: A Modbus Exception Occurred - See Response Body
[2024-12-10T07:05:25.503Z] Error reading actual data: A Modbus Exception Occurred - See Response Body
[2024-12-10T07:05:25.503Z] Error writing to Modbus register: A Modbus Exception Occurred - See Response Body
[2024-12-10T07:05:26.513Z] Error reading or processing Modbus registers: A Modbus Exception Occurred - See Response Body
[2024-12-10T07:05:26.516Z] Error reading register 6507 for IP 10.30.4.128: A Modbus Exception Occurred - See Response Body
[2024-12-10T07:05:26.517Z] Error reading actual data: A Modbus Exception Occurred - See Response Body
[2024-12-10T07:05:26.517Z] Error writing to Modbus register: A Modbus Exception Occurred - See Response Body
[2024-12-10T07:05:27.529Z] Error reading or processing Modbus registers: A Modbus Exception Occurred - See Response Body
[2024-12-10T07:05:27.532Z] Error reading register 6507 for IP 10.30.4.128: A Modbus Exception Occurred - See Response Body
[2024-12-10T07:05:27.533Z] Error reading actual data: A Modbus Exception Occurred - See Response Body
[2024-12-10T07:05:27.533Z] Error writing to Modbus register: A Modbus Exception Occurred - See Response Body
[2024-12-10T07:05:28.543Z] Error reading or processing Modbus registers: A Modbus Exception Occurred - See Response Body
[2024-12-10T07:05:28.546Z] Error reading register 6507 for IP 10.30.4.128: A Modbus Exception Occurred - See Response Body
[2024-12-10T07:05:28.547Z] Error reading actual data: A Modbus Exception Occurred - See Response Body
[2024-12-10T07:05:28.547Z] Error writing to Modbus register: A Modbus Exception Occurred - See Response Body
[2024-12-10T07:05:29.556Z] Error reading or processing Modbus registers: A Modbus Exception Occurred - See Response Body
[2024-12-10T07:05:29.559Z] Error reading actual data: A Modbus Exception Occurred - See Response Body
[2024-12-10T07:05:29.558Z] Error reading register 6507 for IP 10.30.4.128: A Modbus Exception Occurred - See Response Body
[2024-12-10T07:05:29.559Z] Error writing to Modbus register: A Modbus Exception Occurred - See Response Body
[2024-12-10T07:05:30.569Z] Error reading or processing Modbus registers: A Modbus Exception Occurred - See Response Body
[2024-12-10T07:05:30.572Z] Error reading register 6507 for IP 10.30.4.128: A Modbus Exception Occurred - See Response Body
[2024-12-10T07:05:30.573Z] Error reading actual data: A Modbus Exception Occurred - See Response Body
[2024-12-10T07:05:30.573Z] Error writing to Modbus register: A Modbus Exception Occurred - See Response Body
[2024-12-10T07:05:31.572Z] Error reading or processing Modbus registers: A Modbus Exception Occurred - See Response Body
[2024-12-10T07:05:31.574Z] Error reading register 6507 for IP 10.30.4.128: A Modbus Exception Occurred - See Response Body
[2024-12-10T07:05:31.575Z] Error writing to Modbus register: A Modbus Exception Occurred - See Response Body
[2024-12-10T07:05:31.575Z] Error reading actual data: A Modbus Exception Occurred - See Response Body
[2024-12-10T07:05:32.573Z] Error reading or processing Modbus registers: A Modbus Exception Occurred - See Response Body
[2024-12-10T07:05:32.575Z] Error reading register 6507 for IP 10.30.4.128: A Modbus Exception Occurred - See Response Body
[2024-12-10T07:05:32.575Z] Error reading actual data: A Modbus Exception Occurred - See Response Body
[2024-12-10T07:05:32.576Z] Error writing to Modbus register: A Modbus Exception Occurred - See Response Body
[2024-12-10T07:05:33.578Z] Error reading or processing Modbus registers: A Modbus Exception Occurred - See Response Body
[2024-12-10T07:05:33.580Z] Error reading register 6507 for IP 10.30.4.128: A Modbus Exception Occurred - See Response Body
[2024-12-10T07:05:33.581Z] Error reading actual data: A Modbus Exception Occurred - See Response Body
[2024-12-10T07:05:33.582Z] Error writing to Modbus register: A Modbus Exception Occurred - See Response Body
[2024-12-10T07:05:34.580Z] Error reading or processing Modbus registers: A Modbus Exception Occurred - See Response Body
[2024-12-10T07:05:34.582Z] Error reading register 6507 for IP 10.30.4.128: A Modbus Exception Occurred - See Response Body
[2024-12-10T07:05:34.583Z] Error reading actual data: A Modbus Exception Occurred - See Response Body
[2024-12-10T07:05:34.584Z] Error writing to Modbus register: A Modbus Exception Occurred - See Response Body
[2024-12-10T07:05:35.580Z] Error reading or processing Modbus registers: A Modbus Exception Occurred - See Response Body
[2024-12-10T07:05:35.583Z] Error reading register 6507 for IP 10.30.4.128: A Modbus Exception Occurred - See Response Body
[2024-12-10T07:05:35.583Z] Error reading actual data: A Modbus Exception Occurred - See Response Body
[2024-12-10T07:05:35.584Z] Error writing to Modbus register: A Modbus Exception Occurred - See Response Body
[2024-12-10T07:05:36.591Z] Error reading or processing Modbus registers: A Modbus Exception Occurred - See Response Body
[2024-12-10T07:05:36.593Z] Error reading register 6507 for IP 10.30.4.128: A Modbus Exception Occurred - See Response Body
[2024-12-10T07:05:36.594Z] Error reading actual data: A Modbus Exception Occurred - See Response Body
[2024-12-10T07:05:36.594Z] Error writing to Modbus register: A Modbus Exception Occurred - See Response Body
[2024-12-10T07:05:37.592Z] Error reading or processing Modbus registers: A Modbus Exception Occurred - See Response Body
[2024-12-10T07:05:37.594Z] Error reading register 6507 for IP 10.30.4.128: A Modbus Exception Occurred - See Response Body
[2024-12-10T07:05:37.595Z] Error reading actual data: A Modbus Exception Occurred - See Response Body
[2024-12-10T07:05:37.595Z] Error writing to Modbus register: A Modbus Exception Occurred - See Response Body
[2024-12-10T07:05:38.593Z] Error reading or processing Modbus registers: A Modbus Exception Occurred - See Response Body
[2024-12-10T07:05:38.595Z] Error reading register 6507 for IP 10.30.4.128: A Modbus Exception Occurred - See Response Body
[2024-12-10T07:05:38.597Z] Error writing to Modbus register: A Modbus Exception Occurred - See Response Body
[2024-12-10T07:05:38.596Z] Error reading actual data: A Modbus Exception Occurred - See Response Body
[2024-12-10T07:05:39.606Z] Error reading or processing Modbus registers: A Modbus Exception Occurred - See Response Body
[2024-12-10T07:05:39.608Z] Error reading register 6507 for IP 10.30.4.128: A Modbus Exception Occurred - See Response Body
[2024-12-10T07:05:39.609Z] Error reading actual data: A Modbus Exception Occurred - See Response Body
[2024-12-10T07:05:39.610Z] Error writing to Modbus register: A Modbus Exception Occurred - See Response Body
[2024-12-10T07:05:40.608Z] Error reading or processing Modbus registers: A Modbus Exception Occurred - See Response Body
[2024-12-10T07:05:40.611Z] Error reading register 6507 for IP 10.30.4.128: A Modbus Exception Occurred - See Response Body
[2024-12-10T07:05:40.611Z] Error reading actual data: A Modbus Exception Occurred - See Response Body
[2024-12-10T07:05:40.612Z] Error writing to Modbus register: A Modbus Exception Occurred - See Response Body
[2024-12-10T07:05:41.608Z] Error reading or processing Modbus registers: A Modbus Exception Occurred - See Response Body
[2024-12-10T07:05:41.611Z] Error reading register 6507 for IP 10.30.4.128: A Modbus Exception Occurred - See Response Body
[2024-12-10T07:05:41.612Z] Error reading actual data: A Modbus Exception Occurred - See Response Body
[2024-12-10T07:05:41.612Z] Error writing to Modbus register: A Modbus Exception Occurred - See Response Body
[2024-12-10T07:05:42.622Z] Error reading or processing Modbus registers: A Modbus Exception Occurred - See Response Body
[2024-12-10T07:05:42.624Z] Error reading register 6507 for IP 10.30.4.128: A Modbus Exception Occurred - See Response Body
[2024-12-10T07:05:42.625Z] Error reading actual data: A Modbus Exception Occurred - See Response Body
[2024-12-10T07:05:42.625Z] Error writing to Modbus register: A Modbus Exception Occurred - See Response Body
[2024-12-10T07:05:43.636Z] Error reading or processing Modbus registers: A Modbus Exception Occurred - See Response Body
[2024-12-10T07:05:43.638Z] Error reading register 6507 for IP 10.30.4.128: A Modbus Exception Occurred - See Response Body
[2024-12-10T07:05:43.639Z] Error reading actual data: A Modbus Exception Occurred - See Response Body
[2024-12-10T07:05:43.639Z] Error writing to Modbus register: A Modbus Exception Occurred - See Response Body
[2024-12-10T07:05:44.637Z] Error reading or processing Modbus registers: A Modbus Exception Occurred - See Response Body
[2024-12-10T07:05:44.639Z] Error reading register 6507 for IP 10.30.4.128: A Modbus Exception Occurred - See Response Body
[2024-12-10T07:05:44.640Z] Error reading actual data: A Modbus Exception Occurred - See Response Body
[2024-12-10T07:05:44.640Z] Error writing to Modbus register: A Modbus Exception Occurred - See Response Body
[2024-12-10T07:05:45.649Z] Error reading or processing Modbus registers: A Modbus Exception Occurred - See Response Body
[2024-12-10T07:05:45.652Z] Error reading register 6507 for IP 10.30.4.128: A Modbus Exception Occurred - See Response Body
[2024-12-10T07:05:45.653Z] Error reading actual data: A Modbus Exception Occurred - See Response Body
[2024-12-10T07:05:45.654Z] Error writing to Modbus register: A Modbus Exception Occurred - See Response Body
[2024-12-10T07:05:46.662Z] Error reading or processing Modbus registers: A Modbus Exception Occurred - See Response Body
[2024-12-10T07:05:46.664Z] Error reading register 6507 for IP 10.30.4.128: A Modbus Exception Occurred - See Response Body
[2024-12-10T07:05:46.665Z] Error reading actual data: A Modbus Exception Occurred - See Response Body
[2024-12-10T07:05:46.665Z] Error writing to Modbus register: A Modbus Exception Occurred - See Response Body
[2024-12-10T07:05:47.677Z] Error reading or processing Modbus registers: A Modbus Exception Occurred - See Response Body
[2024-12-10T07:05:47.680Z] Error reading register 6507 for IP 10.30.4.128: A Modbus Exception Occurred - See Response Body
[2024-12-10T07:05:47.680Z] Error reading actual data: A Modbus Exception Occurred - See Response Body
[2024-12-10T07:05:47.681Z] Error writing to Modbus register: A Modbus Exception Occurred - See Response Body
[2024-12-10T07:05:48.679Z] Error reading or processing Modbus registers: A Modbus Exception Occurred - See Response Body
[2024-12-10T07:05:48.682Z] Error reading register 6507 for IP 10.30.4.128: A Modbus Exception Occurred - See Response Body
[2024-12-10T07:05:48.682Z] Error reading actual data: A Modbus Exception Occurred - See Response Body
[2024-12-10T07:05:48.683Z] Error writing to Modbus register: A Modbus Exception Occurred - See Response Body
[2024-12-10T07:05:49.684Z] Error reading or processing Modbus registers: A Modbus Exception Occurred - See Response Body
[2024-12-10T07:05:49.686Z] Error reading register 6507 for IP 10.30.4.128: A Modbus Exception Occurred - See Response Body
[2024-12-10T07:05:49.687Z] Error reading actual data: A Modbus Exception Occurred - See Response Body
[2024-12-10T07:05:49.687Z] Error writing to Modbus register: A Modbus Exception Occurred - See Response Body
[2024-12-10T07:05:50.684Z] Error reading or processing Modbus registers: A Modbus Exception Occurred - See Response Body
[2024-12-10T07:05:50.686Z] Error reading register 6507 for IP 10.30.4.128: A Modbus Exception Occurred - See Response Body
[2024-12-10T07:05:50.687Z] Error reading actual data: A Modbus Exception Occurred - See Response Body
[2024-12-10T07:05:50.688Z] Error writing to Modbus register: A Modbus Exception Occurred - See Response Body
[2024-12-10T07:05:51.684Z] Error reading or processing Modbus registers: A Modbus Exception Occurred - See Response Body
[2024-12-10T07:05:51.687Z] Error reading register 6507 for IP 10.30.4.128: A Modbus Exception Occurred - See Response Body
[2024-12-10T07:05:51.687Z] Error reading actual data: A Modbus Exception Occurred - See Response Body
[2024-12-10T07:05:51.688Z] Error writing to Modbus register: A Modbus Exception Occurred - See Response Body
[2024-12-10T07:05:52.698Z] Error reading or processing Modbus registers: A Modbus Exception Occurred - See Response Body
[2024-12-10T07:05:52.700Z] Error reading register 6507 for IP 10.30.4.128: A Modbus Exception Occurred - See Response Body
[2024-12-10T07:05:52.701Z] Error reading actual data: A Modbus Exception Occurred - See Response Body
[2024-12-10T07:05:52.702Z] Error writing to Modbus register: A Modbus Exception Occurred - See Response Body
[2024-12-10T07:05:53.709Z] Error reading or processing Modbus registers: A Modbus Exception Occurred - See Response Body
[2024-12-10T07:05:53.712Z] Error reading register 6507 for IP 10.30.4.128: A Modbus Exception Occurred - See Response Body
[2024-12-10T07:05:53.713Z] Error reading actual data: A Modbus Exception Occurred - See Response Body
[2024-12-10T07:05:53.713Z] Error writing to Modbus register: A Modbus Exception Occurred - See Response Body
[2024-12-10T07:05:54.722Z] Error reading or processing Modbus registers: A Modbus Exception Occurred - See Response Body
[2024-12-10T07:05:54.726Z] Error reading register 6507 for IP 10.30.4.128: A Modbus Exception Occurred - See Response Body
[2024-12-10T07:05:54.727Z] Error reading actual data: A Modbus Exception Occurred - See Response Body
[2024-12-10T07:05:54.727Z] Error writing to Modbus register: A Modbus Exception Occurred - See Response Body
[2024-12-10T07:05:55.735Z] Error reading or processing Modbus registers: A Modbus Exception Occurred - See Response Body
[2024-12-10T07:05:55.738Z] Error reading register 6507 for IP 10.30.4.128: A Modbus Exception Occurred - See Response Body
[2024-12-10T07:05:55.738Z] Error reading actual data: A Modbus Exception Occurred - See Response Body
[2024-12-10T07:05:55.739Z] Error writing to Modbus register: A Modbus Exception Occurred - See Response Body
[2024-12-10T07:05:56.750Z] Error reading or processing Modbus registers: A Modbus Exception Occurred - See Response Body
[2024-12-10T07:05:56.752Z] Error reading register 6507 for IP 10.30.4.128: A Modbus Exception Occurred - See Response Body
[2024-12-10T07:05:56.753Z] Error reading actual data: A Modbus Exception Occurred - See Response Body
[2024-12-10T07:05:56.754Z] Error writing to Modbus register: A Modbus Exception Occurred - See Response Body
[2024-12-10T07:05:57.750Z] Error reading or processing Modbus registers: A Modbus Exception Occurred - See Response Body
[2024-12-10T07:05:57.752Z] Error reading register 6507 for IP 10.30.4.128: A Modbus Exception Occurred - See Response Body
[2024-12-10T07:05:57.753Z] Error reading actual data: A Modbus Exception Occurred - See Response Body
[2024-12-10T07:05:57.754Z] Error writing to Modbus register: A Modbus Exception Occurred - See Response Body
[2024-12-10T07:05:58.765Z] Error reading or processing Modbus registers: A Modbus Exception Occurred - See Response Body
[2024-12-10T07:05:58.767Z] Error reading register 6507 for IP 10.30.4.128: A Modbus Exception Occurred - See Response Body
[2024-12-10T07:05:58.768Z] Error reading actual data: A Modbus Exception Occurred - See Response Body
[2024-12-10T07:05:58.769Z] Error writing to Modbus register: A Modbus Exception Occurred - See Response Body
[2024-12-10T07:05:59.768Z] Error reading or processing Modbus registers: A Modbus Exception Occurred - See Response Body
[2024-12-10T07:05:59.770Z] Error reading register 6507 for IP 10.30.4.128: A Modbus Exception Occurred - See Response Body
[2024-12-10T07:05:59.771Z] Error reading actual data: A Modbus Exception Occurred - See Response Body
[2024-12-10T07:05:59.771Z] Error writing to Modbus register: A Modbus Exception Occurred - See Response Body
[2024-12-10T07:06:00.770Z] Error reading or processing Modbus registers: A Modbus Exception Occurred - See Response Body
[2024-12-10T07:06:00.772Z] Error reading register 6507 for IP 10.30.4.128: A Modbus Exception Occurred - See Response Body
[2024-12-10T07:06:00.773Z] Error reading actual data: A Modbus Exception Occurred - See Response Body
[2024-12-10T07:06:00.773Z] Error writing to Modbus register: A Modbus Exception Occurred - See Response Body
[2024-12-10T07:06:01.772Z] Error reading or processing Modbus registers: A Modbus Exception Occurred - See Response Body
[2024-12-10T07:06:01.775Z] Error reading register 6507 for IP 10.30.4.128: A Modbus Exception Occurred - See Response Body
[2024-12-10T07:06:01.775Z] Error reading actual data: A Modbus Exception Occurred - See Response Body
[2024-12-10T07:06:01.776Z] Error writing to Modbus register: A Modbus Exception Occurred - See Response Body
[2024-12-10T07:06:02.774Z] Error reading or processing Modbus registers: A Modbus Exception Occurred - See Response Body
[2024-12-10T07:06:02.777Z] Error reading register 6507 for IP 10.30.4.128: A Modbus Exception Occurred - See Response Body
[2024-12-10T07:06:02.777Z] Error reading actual data: A Modbus Exception Occurred - See Response Body
[2024-12-10T07:06:02.778Z] Error writing to Modbus register: A Modbus Exception Occurred - See Response Body
[2024-12-10T07:06:03.776Z] Error reading or processing Modbus registers: A Modbus Exception Occurred - See Response Body
[2024-12-10T07:06:03.779Z] Error reading register 6507 for IP 10.30.4.128: A Modbus Exception Occurred - See Response Body
[2024-12-10T07:06:03.780Z] Error reading actual data: A Modbus Exception Occurred - See Response Body
[2024-12-10T07:06:03.780Z] Error writing to Modbus register: A Modbus Exception Occurred - See Response Body
[2024-12-10T07:06:04.787Z] Error reading or processing Modbus registers: A Modbus Exception Occurred - See Response Body
[2024-12-10T07:06:04.790Z] Error reading register 6507 for IP 10.30.4.128: A Modbus Exception Occurred - See Response Body
[2024-12-10T07:06:04.791Z] Error reading actual data: A Modbus Exception Occurred - See Response Body
[2024-12-10T07:06:04.791Z] Error writing to Modbus register: A Modbus Exception Occurred - See Response Body
[2024-12-10T07:06:05.801Z] Error reading or processing Modbus registers: A Modbus Exception Occurred - See Response Body
[2024-12-10T07:06:05.804Z] Error reading register 6507 for IP 10.30.4.128: A Modbus Exception Occurred - See Response Body
[2024-12-10T07:06:05.806Z] Error reading actual data: A Modbus Exception Occurred - See Response Body
[2024-12-10T07:06:05.806Z] Error writing to Modbus register: A Modbus Exception Occurred - See Response Body
[2024-12-10T07:06:06.815Z] Error reading or processing Modbus registers: A Modbus Exception Occurred - See Response Body
[2024-12-10T07:06:06.817Z] Error reading register 6507 for IP 10.30.4.128: A Modbus Exception Occurred - See Response Body
[2024-12-10T07:06:06.817Z] Error reading actual data: A Modbus Exception Occurred - See Response Body
[2024-12-10T07:06:06.818Z] Error writing to Modbus register: A Modbus Exception Occurred - See Response Body
[2024-12-10T07:06:07.829Z] Error reading or processing Modbus registers: A Modbus Exception Occurred - See Response Body
[2024-12-10T07:06:07.831Z] Error reading register 6507 for IP 10.30.4.128: A Modbus Exception Occurred - See Response Body
[2024-12-10T07:06:07.832Z] Error reading actual data: A Modbus Exception Occurred - See Response Body
[2024-12-10T07:06:07.833Z] Error writing to Modbus register: A Modbus Exception Occurred - See Response Body
[2024-12-10T07:06:08.833Z] Error reading or processing Modbus registers: A Modbus Exception Occurred - See Response Body
[2024-12-10T07:06:08.836Z] Error reading register 6507 for IP 10.30.4.128: A Modbus Exception Occurred - See Response Body
[2024-12-10T07:06:08.836Z] Error reading actual data: A Modbus Exception Occurred - See Response Body
[2024-12-10T07:06:08.837Z] Error writing to Modbus register: A Modbus Exception Occurred - See Response Body
[2024-12-10T07:06:09.835Z] Error reading or processing Modbus registers: A Modbus Exception Occurred - See Response Body
[2024-12-10T07:06:09.837Z] Error reading register 6507 for IP 10.30.4.128: A Modbus Exception Occurred - See Response Body
[2024-12-10T07:06:09.838Z] Error reading actual data: A Modbus Exception Occurred - See Response Body
[2024-12-10T07:06:09.838Z] Error writing to Modbus register: A Modbus Exception Occurred - See Response Body
[2024-12-10T07:06:10.846Z] Error reading or processing Modbus registers: A Modbus Exception Occurred - See Response Body
[2024-12-10T07:06:10.849Z] Error reading register 6507 for IP 10.30.4.128: A Modbus Exception Occurred - See Response Body
[2024-12-10T07:06:10.850Z] Error reading actual data: A Modbus Exception Occurred - See Response Body
[2024-12-10T07:06:10.850Z] Error writing to Modbus register: A Modbus Exception Occurred - See Response Body
[2024-12-10T07:06:11.848Z] Error reading or processing Modbus registers: A Modbus Exception Occurred - See Response Body
[2024-12-10T07:06:11.851Z] Error reading register 6507 for IP 10.30.4.128: A Modbus Exception Occurred - See Response Body
[2024-12-10T07:06:11.852Z] Error reading actual data: A Modbus Exception Occurred - See Response Body
[2024-12-10T07:06:11.852Z] Error writing to Modbus register: A Modbus Exception Occurred - See Response Body
[2024-12-10T07:06:12.861Z] Error reading or processing Modbus registers: A Modbus Exception Occurred - See Response Body
[2024-12-10T07:06:12.864Z] Error reading register 6507 for IP 10.30.4.128: A Modbus Exception Occurred - See Response Body
[2024-12-10T07:06:12.864Z] Error reading actual data: A Modbus Exception Occurred - See Response Body
[2024-12-10T07:06:12.865Z] Error writing to Modbus register: A Modbus Exception Occurred - See Response Body
[2024-12-10T07:06:13.874Z] Error reading or processing Modbus registers: A Modbus Exception Occurred - See Response Body
[2024-12-10T07:06:13.877Z] Error reading register 6507 for IP 10.30.4.128: A Modbus Exception Occurred - See Response Body
[2024-12-10T07:06:13.877Z] Error reading actual data: A Modbus Exception Occurred - See Response Body
[2024-12-10T07:06:13.878Z] Error writing to Modbus register: A Modbus Exception Occurred - See Response Body
[2024-12-10T07:06:14.889Z] Error reading or processing Modbus registers: A Modbus Exception Occurred - See Response Body
[2024-12-10T07:06:14.892Z] Error reading register 6507 for IP 10.30.4.128: A Modbus Exception Occurred - See Response Body
[2024-12-10T07:06:14.892Z] Error reading actual data: A Modbus Exception Occurred - See Response Body
[2024-12-10T07:06:14.894Z] Error writing to Modbus register: A Modbus Exception Occurred - See Response Body
[2024-12-10T07:06:15.893Z] Error reading or processing Modbus registers: A Modbus Exception Occurred - See Response Body
[2024-12-10T07:06:15.895Z] Error reading register 6507 for IP 10.30.4.128: A Modbus Exception Occurred - See Response Body
[2024-12-10T07:06:15.896Z] Error reading actual data: A Modbus Exception Occurred - See Response Body
[2024-12-10T07:06:15.897Z] Error writing to Modbus register: A Modbus Exception Occurred - See Response Body
[2024-12-10T07:06:16.907Z] Error reading or processing Modbus registers: A Modbus Exception Occurred - See Response Body
[2024-12-10T07:06:16.910Z] Error reading register 6507 for IP 10.30.4.128: A Modbus Exception Occurred - See Response Body
[2024-12-10T07:06:16.910Z] Error reading actual data: A Modbus Exception Occurred - See Response Body
[2024-12-10T07:06:16.911Z] Error writing to Modbus register: A Modbus Exception Occurred - See Response Body
[2024-12-10T07:06:17.910Z] Error reading or processing Modbus registers: A Modbus Exception Occurred - See Response Body
[2024-12-10T07:06:17.912Z] Error reading register 6507 for IP 10.30.4.128: A Modbus Exception Occurred - See Response Body
[2024-12-10T07:06:17.913Z] Error reading actual data: A Modbus Exception Occurred - See Response Body
[2024-12-10T07:06:17.913Z] Error writing to Modbus register: A Modbus Exception Occurred - See Response Body
[2024-12-10T07:06:18.914Z] Error reading or processing Modbus registers: A Modbus Exception Occurred - See Response Body
[2024-12-10T07:06:18.919Z] Error reading register 6507 for IP 10.30.4.128: A Modbus Exception Occurred - See Response Body
[2024-12-10T07:06:18.919Z] Error reading actual data: A Modbus Exception Occurred - See Response Body
[2024-12-10T07:06:18.920Z] Error writing to Modbus register: A Modbus Exception Occurred - See Response Body
[2024-12-10T07:06:19.916Z] Error reading or processing Modbus registers: A Modbus Exception Occurred - See Response Body
[2024-12-10T07:06:19.921Z] Error reading register 6507 for IP 10.30.4.128: A Modbus Exception Occurred - See Response Body
[2024-12-10T07:06:19.922Z] Error reading actual data: A Modbus Exception Occurred - See Response Body
[2024-12-10T07:06:19.922Z] Error writing to Modbus register: A Modbus Exception Occurred - See Response Body
[2024-12-10T07:06:20.928Z] Error reading or processing Modbus registers: A Modbus Exception Occurred - See Response Body
[2024-12-10T07:06:20.930Z] Error reading register 6507 for IP 10.30.4.128: A Modbus Exception Occurred - See Response Body
[2024-12-10T07:06:20.931Z] Error reading actual data: A Modbus Exception Occurred - See Response Body
[2024-12-10T07:06:20.931Z] Error writing to Modbus register: A Modbus Exception Occurred - See Response Body
[2024-12-10T07:06:21.942Z] Error reading or processing Modbus registers: A Modbus Exception Occurred - See Response Body
[2024-12-10T07:06:21.944Z] Error reading register 6507 for IP 10.30.4.128: A Modbus Exception Occurred - See Response Body
[2024-12-10T07:06:21.945Z] Error reading actual data: A Modbus Exception Occurred - See Response Body
[2024-12-10T07:06:21.945Z] Error writing to Modbus register: A Modbus Exception Occurred - See Response Body
[2024-12-10T07:06:22.953Z] Error reading or processing Modbus registers: A Modbus Exception Occurred - See Response Body
[2024-12-10T07:06:22.955Z] Error reading register 6507 for IP 10.30.4.128: A Modbus Exception Occurred - See Response Body
[2024-12-10T07:06:22.956Z] Error reading actual data: A Modbus Exception Occurred - See Response Body
[2024-12-10T07:06:22.957Z] Error writing to Modbus register: A Modbus Exception Occurred - See Response Body
[2024-12-10T07:06:23.953Z] Error reading or processing Modbus registers: A Modbus Exception Occurred - See Response Body
[2024-12-10T07:06:23.955Z] Error reading register 6507 for IP 10.30.4.128: A Modbus Exception Occurred - See Response Body
[2024-12-10T07:06:23.956Z] Error reading actual data: A Modbus Exception Occurred - See Response Body
[2024-12-10T07:06:23.956Z] Error writing to Modbus register: A Modbus Exception Occurred - See Response Body
[2024-12-10T07:06:24.967Z] Error reading or processing Modbus registers: A Modbus Exception Occurred - See Response Body
[2024-12-10T07:06:24.969Z] Error reading register 6507 for IP 10.30.4.128: A Modbus Exception Occurred - See Response Body
[2024-12-10T07:06:24.970Z] Error reading actual data: A Modbus Exception Occurred - See Response Body
[2024-12-10T07:06:24.970Z] Error writing to Modbus register: A Modbus Exception Occurred - See Response Body
[2024-12-10T07:06:25.982Z] Error reading or processing Modbus registers: A Modbus Exception Occurred - See Response Body
[2024-12-10T07:06:25.984Z] Error reading register 6507 for IP 10.30.4.128: A Modbus Exception Occurred - See Response Body
[2024-12-10T07:06:25.985Z] Error reading actual data: A Modbus Exception Occurred - See Response Body
[2024-12-10T07:06:25.985Z] Error writing to Modbus register: A Modbus Exception Occurred - See Response Body
[2024-12-10T07:06:26.984Z] Error reading or processing Modbus registers: A Modbus Exception Occurred - See Response Body
[2024-12-10T07:06:26.987Z] Error reading register 6507 for IP 10.30.4.128: A Modbus Exception Occurred - See Response Body
[2024-12-10T07:06:26.987Z] Error reading actual data: A Modbus Exception Occurred - See Response Body
[2024-12-10T07:06:26.988Z] Error writing to Modbus register: A Modbus Exception Occurred - See Response Body
[2024-12-10T07:06:27.988Z] Error reading or processing Modbus registers: A Modbus Exception Occurred - See Response Body
[2024-12-10T07:06:27.992Z] Error reading register 6507 for IP 10.30.4.128: A Modbus Exception Occurred - See Response Body
[2024-12-10T07:06:27.993Z] Error reading actual data: A Modbus Exception Occurred - See Response Body
[2024-12-10T07:06:27.993Z] Error writing to Modbus register: A Modbus Exception Occurred - See Response Body
[2024-12-10T07:06:29.002Z] Error reading or processing Modbus registers: A Modbus Exception Occurred - See Response Body
[2024-12-10T07:06:29.005Z] Error reading register 6507 for IP 10.30.4.128: A Modbus Exception Occurred - See Response Body
[2024-12-10T07:06:29.006Z] Error reading actual data: A Modbus Exception Occurred - See Response Body
[2024-12-10T07:06:29.007Z] Error writing to Modbus register: A Modbus Exception Occurred - See Response Body
[2024-12-10T07:06:30.015Z] Error reading or processing Modbus registers: A Modbus Exception Occurred - See Response Body
[2024-12-10T07:06:30.017Z] Error reading register 6507 for IP 10.30.4.128: A Modbus Exception Occurred - See Response Body
[2024-12-10T07:06:30.018Z] Error reading actual data: A Modbus Exception Occurred - See Response Body
[2024-12-10T07:06:30.018Z] Error writing to Modbus register: A Modbus Exception Occurred - See Response Body
[2024-12-10T07:06:31.027Z] Error reading or processing Modbus registers: A Modbus Exception Occurred - See Response Body
[2024-12-10T07:06:31.029Z] Error reading register 6507 for IP 10.30.4.128: A Modbus Exception Occurred - See Response Body
[2024-12-10T07:06:31.031Z] Error reading actual data: A Modbus Exception Occurred - See Response Body
[2024-12-10T07:06:31.031Z] Error writing to Modbus register: A Modbus Exception Occurred - See Response Body
[2024-12-10T07:06:32.028Z] Error reading or processing Modbus registers: A Modbus Exception Occurred - See Response Body
[2024-12-10T07:06:32.031Z] Error reading register 6507 for IP 10.30.4.128: A Modbus Exception Occurred - See Response Body
[2024-12-10T07:06:32.032Z] Error reading actual data: A Modbus Exception Occurred - See Response Body
[2024-12-10T07:06:32.032Z] Error writing to Modbus register: A Modbus Exception Occurred - See Response Body
[2024-12-10T07:06:33.042Z] Error reading or processing Modbus registers: A Modbus Exception Occurred - See Response Body
[2024-12-10T07:06:33.044Z] Error reading register 6507 for IP 10.30.4.128: A Modbus Exception Occurred - See Response Body
[2024-12-10T07:06:33.045Z] Error reading actual data: A Modbus Exception Occurred - See Response Body
[2024-12-10T07:06:33.045Z] Error writing to Modbus register: A Modbus Exception Occurred - See Response Body
[2024-12-10T07:06:34.056Z] Error reading or processing Modbus registers: A Modbus Exception Occurred - See Response Body
[2024-12-10T07:06:34.058Z] Error reading register 6507 for IP 10.30.4.128: A Modbus Exception Occurred - See Response Body
[2024-12-10T07:06:34.059Z] Error reading actual data: A Modbus Exception Occurred - See Response Body
[2024-12-10T07:06:34.060Z] Error writing to Modbus register: A Modbus Exception Occurred - See Response Body
[2024-12-10T07:06:35.069Z] Error reading or processing Modbus registers: A Modbus Exception Occurred - See Response Body
[2024-12-10T07:06:35.071Z] Error reading register 6507 for IP 10.30.4.128: A Modbus Exception Occurred - See Response Body
[2024-12-10T07:06:35.072Z] Error reading actual data: A Modbus Exception Occurred - See Response Body
[2024-12-10T07:06:35.072Z] Error writing to Modbus register: A Modbus Exception Occurred - See Response Body
[2024-12-10T07:06:36.079Z] Error reading or processing Modbus registers: A Modbus Exception Occurred - See Response Body
[2024-12-10T07:06:36.082Z] Error reading register 6507 for IP 10.30.4.128: A Modbus Exception Occurred - See Response Body
[2024-12-10T07:06:36.083Z] Error reading actual data: A Modbus Exception Occurred - See Response Body
[2024-12-10T07:06:36.084Z] Error writing to Modbus register: A Modbus Exception Occurred - See Response Body
[2024-12-10T07:06:37.082Z] Error reading or processing Modbus registers: A Modbus Exception Occurred - See Response Body
[2024-12-10T07:06:37.084Z] Error reading register 6507 for IP 10.30.4.128: A Modbus Exception Occurred - See Response Body
[2024-12-10T07:06:37.085Z] Error reading actual data: A Modbus Exception Occurred - See Response Body
[2024-12-10T07:06:37.085Z] Error writing to Modbus register: A Modbus Exception Occurred - See Response Body
[2024-12-10T07:06:38.084Z] Error reading or processing Modbus registers: A Modbus Exception Occurred - See Response Body
[2024-12-10T07:06:38.087Z] Error reading register 6507 for IP 10.30.4.128: A Modbus Exception Occurred - See Response Body
[2024-12-10T07:06:38.088Z] Error reading actual data: A Modbus Exception Occurred - See Response Body
[2024-12-10T07:06:38.088Z] Error writing to Modbus register: A Modbus Exception Occurred - See Response Body
[2024-12-10T07:06:39.099Z] Error reading or processing Modbus registers: A Modbus Exception Occurred - See Response Body
[2024-12-10T07:06:39.103Z] Error reading register 6507 for IP 10.30.4.128: A Modbus Exception Occurred - See Response Body
[2024-12-10T07:06:39.104Z] Error reading actual data: A Modbus Exception Occurred - See Response Body
[2024-12-10T07:06:39.104Z] Error writing to Modbus register: A Modbus Exception Occurred - See Response Body
[2024-12-10T07:06:40.106Z] Error reading or processing Modbus registers: A Modbus Exception Occurred - See Response Body
[2024-12-10T07:06:40.109Z] Error reading register 6507 for IP 10.30.4.128: A Modbus Exception Occurred - See Response Body
[2024-12-10T07:06:40.110Z] Error reading actual data: A Modbus Exception Occurred - See Response Body
[2024-12-10T07:06:40.110Z] Error writing to Modbus register: A Modbus Exception Occurred - See Response Body
[2024-12-10T07:06:41.121Z] Error reading or processing Modbus registers: A Modbus Exception Occurred - See Response Body
[2024-12-10T07:06:41.123Z] Error reading register 6507 for IP 10.30.4.128: A Modbus Exception Occurred - See Response Body
[2024-12-10T07:06:41.124Z] Error reading actual data: A Modbus Exception Occurred - See Response Body
[2024-12-10T07:06:41.124Z] Error writing to Modbus register: A Modbus Exception Occurred - See Response Body
[2024-12-10T07:06:42.122Z] Error reading or processing Modbus registers: A Modbus Exception Occurred - See Response Body
[2024-12-10T07:06:42.124Z] Error reading register 6507 for IP 10.30.4.128: A Modbus Exception Occurred - See Response Body
[2024-12-10T07:06:42.125Z] Error reading actual data: A Modbus Exception Occurred - See Response Body
[2024-12-10T07:06:42.126Z] Error writing to Modbus register: A Modbus Exception Occurred - See Response Body
[2024-12-10T07:06:43.135Z] Error reading or processing Modbus registers: A Modbus Exception Occurred - See Response Body
[2024-12-10T07:06:43.138Z] Error reading register 6507 for IP 10.30.4.128: A Modbus Exception Occurred - See Response Body
[2024-12-10T07:06:43.141Z] Error reading actual data: A Modbus Exception Occurred - See Response Body
[2024-12-10T07:06:43.141Z] Error writing to Modbus register: A Modbus Exception Occurred - See Response Body
[2024-12-10T07:06:44.150Z] Error reading or processing Modbus registers: A Modbus Exception Occurred - See Response Body
[2024-12-10T07:06:44.152Z] Error reading register 6507 for IP 10.30.4.128: A Modbus Exception Occurred - See Response Body
[2024-12-10T07:06:44.153Z] Error reading actual data: A Modbus Exception Occurred - See Response Body
[2024-12-10T07:06:44.153Z] Error writing to Modbus register: A Modbus Exception Occurred - See Response Body
[2024-12-10T07:06:45.164Z] Error reading or processing Modbus registers: A Modbus Exception Occurred - See Response Body
[2024-12-10T07:06:45.166Z] Error reading register 6507 for IP 10.30.4.128: A Modbus Exception Occurred - See Response Body
[2024-12-10T07:06:45.167Z] Error reading actual data: A Modbus Exception Occurred - See Response Body
[2024-12-10T07:06:45.167Z] Error writing to Modbus register: A Modbus Exception Occurred - See Response Body
[2024-12-10T07:06:46.164Z] Error reading or processing Modbus registers: A Modbus Exception Occurred - See Response Body
[2024-12-10T07:06:46.167Z] Error reading register 6507 for IP 10.30.4.128: A Modbus Exception Occurred - See Response Body
[2024-12-10T07:06:46.167Z] Error reading actual data: A Modbus Exception Occurred - See Response Body
[2024-12-10T07:06:46.168Z] Error writing to Modbus register: A Modbus Exception Occurred - See Response Body
[2024-12-10T07:06:47.178Z] Error reading or processing Modbus registers: A Modbus Exception Occurred - See Response Body
[2024-12-10T07:06:47.181Z] Error reading register 6507 for IP 10.30.4.128: A Modbus Exception Occurred - See Response Body
[2024-12-10T07:06:47.181Z] Error reading actual data: A Modbus Exception Occurred - See Response Body
[2024-12-10T07:06:47.182Z] Error writing to Modbus register: A Modbus Exception Occurred - See Response Body
[2024-12-10T07:06:48.180Z] Error reading or processing Modbus registers: A Modbus Exception Occurred - See Response Body
[2024-12-10T07:06:48.182Z] Error reading register 6507 for IP 10.30.4.128: A Modbus Exception Occurred - See Response Body
[2024-12-10T07:06:48.183Z] Error reading actual data: A Modbus Exception Occurred - See Response Body
[2024-12-10T07:06:48.183Z] Error writing to Modbus register: A Modbus Exception Occurred - See Response Body
[2024-12-10T07:06:49.182Z] Error reading or processing Modbus registers: A Modbus Exception Occurred - See Response Body
[2024-12-10T07:06:49.184Z] Error reading register 6507 for IP 10.30.4.128: A Modbus Exception Occurred - See Response Body
[2024-12-10T07:06:49.184Z] Error reading actual data: A Modbus Exception Occurred - See Response Body
[2024-12-10T07:06:49.185Z] Error writing to Modbus register: A Modbus Exception Occurred - See Response Body
[2024-12-10T07:06:50.192Z] Error reading or processing Modbus registers: A Modbus Exception Occurred - See Response Body
[2024-12-10T07:06:50.195Z] Error reading register 6507 for IP 10.30.4.128: A Modbus Exception Occurred - See Response Body
[2024-12-10T07:06:50.196Z] Error reading actual data: A Modbus Exception Occurred - See Response Body
[2024-12-10T07:06:50.196Z] Error writing to Modbus register: A Modbus Exception Occurred - See Response Body
[2024-12-10T07:06:51.206Z] Error reading or processing Modbus registers: A Modbus Exception Occurred - See Response Body
[2024-12-10T07:06:51.208Z] Error reading register 6507 for IP 10.30.4.128: A Modbus Exception Occurred - See Response Body
[2024-12-10T07:06:51.209Z] Error reading actual data: A Modbus Exception Occurred - See Response Body
[2024-12-10T07:06:51.209Z] Error writing to Modbus register: A Modbus Exception Occurred - See Response Body
[2024-12-10T07:06:52.219Z] Error reading or processing Modbus registers: A Modbus Exception Occurred - See Response Body
[2024-12-10T07:06:52.221Z] Error reading register 6507 for IP 10.30.4.128: A Modbus Exception Occurred - See Response Body
[2024-12-10T07:06:52.222Z] Error reading actual data: A Modbus Exception Occurred - See Response Body
[2024-12-10T07:06:52.223Z] Error writing to Modbus register: A Modbus Exception Occurred - See Response Body
[2024-12-10T07:06:53.218Z] Error reading or processing Modbus registers: A Modbus Exception Occurred - See Response Body
[2024-12-10T07:06:53.220Z] Error reading register 6507 for IP 10.30.4.128: A Modbus Exception Occurred - See Response Body
[2024-12-10T07:06:53.221Z] Error reading actual data: A Modbus Exception Occurred - See Response Body
[2024-12-10T07:06:53.222Z] Error writing to Modbus register: A Modbus Exception Occurred - See Response Body
[2024-12-10T07:06:54.228Z] Error reading or processing Modbus registers: A Modbus Exception Occurred - See Response Body
[2024-12-10T07:06:54.231Z] Error reading register 6507 for IP 10.30.4.128: A Modbus Exception Occurred - See Response Body
[2024-12-10T07:06:54.232Z] Error reading actual data: A Modbus Exception Occurred - See Response Body
[2024-12-10T07:06:54.232Z] Error writing to Modbus register: A Modbus Exception Occurred - See Response Body
[2024-12-10T07:06:55.242Z] Error reading or processing Modbus registers: A Modbus Exception Occurred - See Response Body
[2024-12-10T07:06:55.244Z] Error reading register 6507 for IP 10.30.4.128: A Modbus Exception Occurred - See Response Body
[2024-12-10T07:06:55.245Z] Error reading actual data: A Modbus Exception Occurred - See Response Body
[2024-12-10T07:06:55.246Z] Error writing to Modbus register: A Modbus Exception Occurred - See Response Body
[2024-12-10T07:06:56.255Z] Error reading or processing Modbus registers: A Modbus Exception Occurred - See Response Body
[2024-12-10T07:06:56.258Z] Error reading register 6507 for IP 10.30.4.128: A Modbus Exception Occurred - See Response Body
[2024-12-10T07:06:56.260Z] Error reading actual data: A Modbus Exception Occurred - See Response Body
[2024-12-10T07:06:56.260Z] Error writing to Modbus register: A Modbus Exception Occurred - See Response Body
[2024-12-10T07:06:57.256Z] Error reading or processing Modbus registers: A Modbus Exception Occurred - See Response Body
[2024-12-10T07:06:57.259Z] Error reading register 6507 for IP 10.30.4.128: A Modbus Exception Occurred - See Response Body
[2024-12-10T07:06:57.259Z] Error reading actual data: A Modbus Exception Occurred - See Response Body
[2024-12-10T07:06:57.260Z] Error writing to Modbus register: A Modbus Exception Occurred - See Response Body
[2024-12-10T07:06:58.272Z] Error reading or processing Modbus registers: A Modbus Exception Occurred - See Response Body
[2024-12-10T07:06:58.274Z] Error reading register 6507 for IP 10.30.4.128: A Modbus Exception Occurred - See Response Body
[2024-12-10T07:06:58.275Z] Error reading actual data: A Modbus Exception Occurred - See Response Body
[2024-12-10T07:06:58.276Z] Error writing to Modbus register: A Modbus Exception Occurred - See Response Body
[2024-12-10T07:06:59.286Z] Error reading or processing Modbus registers: A Modbus Exception Occurred - See Response Body
[2024-12-10T07:06:59.289Z] Error reading register 6507 for IP 10.30.4.128: A Modbus Exception Occurred - See Response Body
[2024-12-10T07:06:59.290Z] Error reading actual data: A Modbus Exception Occurred - See Response Body
[2024-12-10T07:06:59.290Z] Error writing to Modbus register: A Modbus Exception Occurred - See Response Body
[2024-12-10T07:07:00.299Z] Error reading or processing Modbus registers: A Modbus Exception Occurred - See Response Body
[2024-12-10T07:07:00.302Z] Error reading register 6507 for IP 10.30.4.128: A Modbus Exception Occurred - See Response Body
[2024-12-10T07:07:00.303Z] Error reading actual data: A Modbus Exception Occurred - See Response Body
[2024-12-10T07:07:00.303Z] Error writing to Modbus register: A Modbus Exception Occurred - See Response Body
[2024-12-10T07:07:01.299Z] Error reading or processing Modbus registers: A Modbus Exception Occurred - See Response Body
[2024-12-10T07:07:01.302Z] Error reading register 6507 for IP 10.30.4.128: A Modbus Exception Occurred - See Response Body
[2024-12-10T07:07:01.302Z] Error reading actual data: A Modbus Exception Occurred - See Response Body
[2024-12-10T07:07:01.303Z] Error writing to Modbus register: A Modbus Exception Occurred - See Response Body
[2024-12-10T07:07:02.300Z] Error reading or processing Modbus registers: A Modbus Exception Occurred - See Response Body
[2024-12-10T07:07:02.303Z] Error reading register 6507 for IP 10.30.4.128: A Modbus Exception Occurred - See Response Body
[2024-12-10T07:07:02.304Z] Error reading actual data: A Modbus Exception Occurred - See Response Body
[2024-12-10T07:07:02.305Z] Error writing to Modbus register: A Modbus Exception Occurred - See Response Body
[2024-12-10T07:07:03.301Z] Error reading or processing Modbus registers: A Modbus Exception Occurred - See Response Body
[2024-12-10T07:07:03.303Z] Error reading register 6507 for IP 10.30.4.128: A Modbus Exception Occurred - See Response Body
[2024-12-10T07:07:03.303Z] Error reading actual data: A Modbus Exception Occurred - See Response Body
[2024-12-10T07:07:03.304Z] Error writing to Modbus register: A Modbus Exception Occurred - See Response Body
[2024-12-10T07:07:04.303Z] Error reading or processing Modbus registers: A Modbus Exception Occurred - See Response Body
[2024-12-10T07:07:04.306Z] Error reading register 6507 for IP 10.30.4.128: A Modbus Exception Occurred - See Response Body
[2024-12-10T07:07:04.307Z] Error reading actual data: A Modbus Exception Occurred - See Response Body
[2024-12-10T07:07:04.307Z] Error writing to Modbus register: A Modbus Exception Occurred - See Response Body
[2024-12-10T07:07:05.307Z] Error reading or processing Modbus registers: A Modbus Exception Occurred - See Response Body
[2024-12-10T07:07:05.310Z] Error reading register 6507 for IP 10.30.4.128: A Modbus Exception Occurred - See Response Body
[2024-12-10T07:07:05.311Z] Error reading actual data: A Modbus Exception Occurred - See Response Body
[2024-12-10T07:07:05.311Z] Error writing to Modbus register: A Modbus Exception Occurred - See Response Body
[2024-12-10T07:07:06.317Z] Error reading or processing Modbus registers: A Modbus Exception Occurred - See Response Body
[2024-12-10T07:07:06.319Z] Error reading register 6507 for IP 10.30.4.128: A Modbus Exception Occurred - See Response Body
[2024-12-10T07:07:06.320Z] Error reading actual data: A Modbus Exception Occurred - See Response Body
[2024-12-10T07:07:06.320Z] Error writing to Modbus register: A Modbus Exception Occurred - See Response Body
[2024-12-10T07:07:07.331Z] Error reading or processing Modbus registers: A Modbus Exception Occurred - See Response Body
[2024-12-10T07:07:07.333Z] Error reading register 6507 for IP 10.30.4.128: A Modbus Exception Occurred - See Response Body
[2024-12-10T07:07:07.334Z] Error reading actual data: A Modbus Exception Occurred - See Response Body
[2024-12-10T07:07:07.334Z] Error writing to Modbus register: A Modbus Exception Occurred - See Response Body
[2024-12-10T07:07:08.345Z] Error reading or processing Modbus registers: A Modbus Exception Occurred - See Response Body
[2024-12-10T07:07:08.348Z] Error reading register 6507 for IP 10.30.4.128: A Modbus Exception Occurred - See Response Body
[2024-12-10T07:07:08.348Z] Error reading actual data: A Modbus Exception Occurred - See Response Body
[2024-12-10T07:07:08.349Z] Error writing to Modbus register: A Modbus Exception Occurred - See Response Body
[2024-12-10T07:07:09.359Z] Error reading or processing Modbus registers: A Modbus Exception Occurred - See Response Body
[2024-12-10T07:07:09.361Z] Error reading register 6507 for IP 10.30.4.128: A Modbus Exception Occurred - See Response Body
[2024-12-10T07:07:09.362Z] Error reading actual data: A Modbus Exception Occurred - See Response Body
[2024-12-10T07:07:09.363Z] Error writing to Modbus register: A Modbus Exception Occurred - See Response Body
[2024-12-10T07:07:10.361Z] Error reading or processing Modbus registers: A Modbus Exception Occurred - See Response Body
[2024-12-10T07:07:10.363Z] Error reading register 6507 for IP 10.30.4.128: A Modbus Exception Occurred - See Response Body
[2024-12-10T07:07:10.364Z] Error reading actual data: A Modbus Exception Occurred - See Response Body
[2024-12-10T07:07:10.364Z] Error writing to Modbus register: A Modbus Exception Occurred - See Response Body
[2024-12-10T07:07:11.363Z] Error reading or processing Modbus registers: A Modbus Exception Occurred - See Response Body
[2024-12-10T07:07:11.365Z] Error reading register 6507 for IP 10.30.4.128: A Modbus Exception Occurred - See Response Body
[2024-12-10T07:07:11.366Z] Error reading actual data: A Modbus Exception Occurred - See Response Body
[2024-12-10T07:07:11.366Z] Error writing to Modbus register: A Modbus Exception Occurred - See Response Body
[2024-12-10T07:07:12.377Z] Error reading or processing Modbus registers: A Modbus Exception Occurred - See Response Body
[2024-12-10T07:07:12.380Z] Error reading register 6507 for IP 10.30.4.128: A Modbus Exception Occurred - See Response Body
[2024-12-10T07:07:12.380Z] Error reading actual data: A Modbus Exception Occurred - See Response Body
[2024-12-10T07:07:12.381Z] Error writing to Modbus register: A Modbus Exception Occurred - See Response Body
[2024-12-10T07:07:13.390Z] Error reading or processing Modbus registers: A Modbus Exception Occurred - See Response Body
[2024-12-10T07:07:13.393Z] Error reading register 6507 for IP 10.30.4.128: A Modbus Exception Occurred - See Response Body
[2024-12-10T07:07:13.393Z] Error reading actual data: A Modbus Exception Occurred - See Response Body
[2024-12-10T07:07:13.394Z] Error writing to Modbus register: A Modbus Exception Occurred - See Response Body
[2024-12-10T07:07:14.390Z] Error reading or processing Modbus registers: A Modbus Exception Occurred - See Response Body
[2024-12-10T07:07:14.392Z] Error reading register 6507 for IP 10.30.4.128: A Modbus Exception Occurred - See Response Body
[2024-12-10T07:07:14.393Z] Error reading actual data: A Modbus Exception Occurred - See Response Body
[2024-12-10T07:07:14.394Z] Error writing to Modbus register: A Modbus Exception Occurred - See Response Body
[2024-12-10T07:07:15.392Z] Error reading or processing Modbus registers: A Modbus Exception Occurred - See Response Body
[2024-12-10T07:07:15.394Z] Error reading register 6507 for IP 10.30.4.128: A Modbus Exception Occurred - See Response Body
[2024-12-10T07:07:15.395Z] Error reading actual data: A Modbus Exception Occurred - See Response Body
[2024-12-10T07:07:15.395Z] Error writing to Modbus register: A Modbus Exception Occurred - See Response Body
[2024-12-10T07:07:16.391Z] Error reading or processing Modbus registers: A Modbus Exception Occurred - See Response Body
[2024-12-10T07:07:16.393Z] Error reading register 6507 for IP 10.30.4.128: A Modbus Exception Occurred - See Response Body
[2024-12-10T07:07:16.394Z] Error reading actual data: A Modbus Exception Occurred - See Response Body
[2024-12-10T07:07:16.395Z] Error writing to Modbus register: A Modbus Exception Occurred - See Response Body
[2024-12-10T07:07:17.394Z] Error reading or processing Modbus registers: A Modbus Exception Occurred - See Response Body
[2024-12-10T07:07:17.396Z] Error reading register 6507 for IP 10.30.4.128: A Modbus Exception Occurred - See Response Body
[2024-12-10T07:07:17.397Z] Error reading actual data: A Modbus Exception Occurred - See Response Body
[2024-12-10T07:07:17.397Z] Error writing to Modbus register: A Modbus Exception Occurred - See Response Body
[2024-12-10T07:07:18.396Z] Error reading or processing Modbus registers: A Modbus Exception Occurred - See Response Body
[2024-12-10T07:07:18.398Z] Error reading register 6507 for IP 10.30.4.128: A Modbus Exception Occurred - See Response Body
[2024-12-10T07:07:18.399Z] Error reading actual data: A Modbus Exception Occurred - See Response Body
[2024-12-10T07:07:18.400Z] Error writing to Modbus register: A Modbus Exception Occurred - See Response Body
[2024-12-10T07:07:19.399Z] Error reading or processing Modbus registers: A Modbus Exception Occurred - See Response Body
[2024-12-10T07:07:19.401Z] Error reading register 6507 for IP 10.30.4.128: A Modbus Exception Occurred - See Response Body
[2024-12-10T07:07:19.402Z] Error reading actual data: A Modbus Exception Occurred - See Response Body
[2024-12-10T07:07:19.402Z] Error writing to Modbus register: A Modbus Exception Occurred - See Response Body
[2024-12-10T07:07:20.401Z] Error reading or processing Modbus registers: A Modbus Exception Occurred - See Response Body
[2024-12-10T07:07:20.404Z] Error reading register 6507 for IP 10.30.4.128: A Modbus Exception Occurred - See Response Body
[2024-12-10T07:07:20.404Z] Error reading actual data: A Modbus Exception Occurred - See Response Body
[2024-12-10T07:07:20.405Z] Error writing to Modbus register: A Modbus Exception Occurred - See Response Body
[2024-12-10T07:07:21.413Z] Error reading or processing Modbus registers: A Modbus Exception Occurred - See Response Body
[2024-12-10T07:07:21.415Z] Error reading register 6507 for IP 10.30.4.128: A Modbus Exception Occurred - See Response Body
[2024-12-10T07:07:21.416Z] Error reading actual data: A Modbus Exception Occurred - See Response Body
[2024-12-10T07:07:21.417Z] Error writing to Modbus register: A Modbus Exception Occurred - See Response Body
[2024-12-10T07:07:22.426Z] Error reading or processing Modbus registers: A Modbus Exception Occurred - See Response Body
[2024-12-10T07:07:22.429Z] Error reading register 6507 for IP 10.30.4.128: A Modbus Exception Occurred - See Response Body
[2024-12-10T07:07:22.429Z] Error reading actual data: A Modbus Exception Occurred - See Response Body
[2024-12-10T07:07:22.430Z] Error writing to Modbus register: A Modbus Exception Occurred - See Response Body
[2024-12-10T07:07:23.440Z] Error reading or processing Modbus registers: A Modbus Exception Occurred - See Response Body
[2024-12-10T07:07:23.442Z] Error reading register 6507 for IP 10.30.4.128: A Modbus Exception Occurred - See Response Body
[2024-12-10T07:07:23.443Z] Error reading actual data: A Modbus Exception Occurred - See Response Body
[2024-12-10T07:07:23.444Z] Error writing to Modbus register: A Modbus Exception Occurred - See Response Body
[2024-12-10T07:07:24.454Z] Error reading or processing Modbus registers: A Modbus Exception Occurred - See Response Body
[2024-12-10T07:07:24.456Z] Error reading register 6507 for IP 10.30.4.128: A Modbus Exception Occurred - See Response Body
[2024-12-10T07:07:24.457Z] Error reading actual data: A Modbus Exception Occurred - See Response Body
[2024-12-10T07:07:24.458Z] Error writing to Modbus register: A Modbus Exception Occurred - See Response Body
[2024-12-10T07:07:25.454Z] Error reading or processing Modbus registers: A Modbus Exception Occurred - See Response Body
[2024-12-10T07:07:25.456Z] Error reading register 6507 for IP 10.30.4.128: A Modbus Exception Occurred - See Response Body
[2024-12-10T07:07:25.457Z] Error reading actual data: A Modbus Exception Occurred - See Response Body
[2024-12-10T07:07:25.458Z] Error writing to Modbus register: A Modbus Exception Occurred - See Response Body
[2024-12-10T07:07:26.465Z] Error reading or processing Modbus registers: A Modbus Exception Occurred - See Response Body
[2024-12-10T07:07:26.467Z] Error reading register 6507 for IP 10.30.4.128: A Modbus Exception Occurred - See Response Body
[2024-12-10T07:07:26.468Z] Error reading actual data: A Modbus Exception Occurred - See Response Body
[2024-12-10T07:07:26.469Z] Error writing to Modbus register: A Modbus Exception Occurred - See Response Body
[2024-12-10T07:07:27.468Z] Error reading or processing Modbus registers: A Modbus Exception Occurred - See Response Body
[2024-12-10T07:07:27.470Z] Error reading register 6507 for IP 10.30.4.128: A Modbus Exception Occurred - See Response Body
[2024-12-10T07:07:27.471Z] Error reading actual data: A Modbus Exception Occurred - See Response Body
[2024-12-10T07:07:27.471Z] Error writing to Modbus register: A Modbus Exception Occurred - See Response Body
[2024-12-10T07:07:28.469Z] Error reading or processing Modbus registers: A Modbus Exception Occurred - See Response Body
[2024-12-10T07:07:28.471Z] Error reading register 6507 for IP 10.30.4.128: A Modbus Exception Occurred - See Response Body
[2024-12-10T07:07:28.472Z] Error reading actual data: A Modbus Exception Occurred - See Response Body
[2024-12-10T07:07:28.473Z] Error writing to Modbus register: A Modbus Exception Occurred - See Response Body
[2024-12-10T07:07:29.468Z] Error reading or processing Modbus registers: A Modbus Exception Occurred - See Response Body
[2024-12-10T07:07:29.471Z] Error reading register 6507 for IP 10.30.4.128: A Modbus Exception Occurred - See Response Body
[2024-12-10T07:07:29.471Z] Error reading actual data: A Modbus Exception Occurred - See Response Body
[2024-12-10T07:07:29.472Z] Error writing to Modbus register: A Modbus Exception Occurred - See Response Body
[2024-12-10T07:07:30.482Z] Error reading or processing Modbus registers: A Modbus Exception Occurred - See Response Body
[2024-12-10T07:07:30.484Z] Error reading register 6507 for IP 10.30.4.128: A Modbus Exception Occurred - See Response Body
[2024-12-10T07:07:30.485Z] Error reading actual data: A Modbus Exception Occurred - See Response Body
[2024-12-10T07:07:30.485Z] Error writing to Modbus register: A Modbus Exception Occurred - See Response Body
[2024-12-10T07:07:31.495Z] Error reading or processing Modbus registers: A Modbus Exception Occurred - See Response Body
[2024-12-10T07:07:31.498Z] Error reading register 6507 for IP 10.30.4.128: A Modbus Exception Occurred - See Response Body
[2024-12-10T07:07:31.501Z] Error reading actual data: A Modbus Exception Occurred - See Response Body
[2024-12-10T07:07:31.502Z] Error writing to Modbus register: A Modbus Exception Occurred - See Response Body
[2024-12-10T07:07:32.499Z] Error reading or processing Modbus registers: A Modbus Exception Occurred - See Response Body
[2024-12-10T07:07:32.501Z] Error reading register 6507 for IP 10.30.4.128: A Modbus Exception Occurred - See Response Body
[2024-12-10T07:07:32.502Z] Error reading actual data: A Modbus Exception Occurred - See Response Body
[2024-12-10T07:07:32.502Z] Error writing to Modbus register: A Modbus Exception Occurred - See Response Body
[2024-12-10T07:07:33.498Z] Error reading or processing Modbus registers: A Modbus Exception Occurred - See Response Body
[2024-12-10T07:07:33.500Z] Error reading register 6507 for IP 10.30.4.128: A Modbus Exception Occurred - See Response Body
[2024-12-10T07:07:33.501Z] Error reading actual data: A Modbus Exception Occurred - See Response Body
[2024-12-10T07:07:33.502Z] Error writing to Modbus register: A Modbus Exception Occurred - See Response Body
[2024-12-10T07:07:34.512Z] Error reading or processing Modbus registers: A Modbus Exception Occurred - See Response Body
[2024-12-10T07:07:34.515Z] Error reading register 6507 for IP 10.30.4.128: A Modbus Exception Occurred - See Response Body
[2024-12-10T07:07:34.516Z] Error reading actual data: A Modbus Exception Occurred - See Response Body
[2024-12-10T07:07:34.516Z] Error writing to Modbus register: A Modbus Exception Occurred - See Response Body
[2024-12-10T07:07:35.526Z] Error reading or processing Modbus registers: A Modbus Exception Occurred - See Response Body
[2024-12-10T07:07:35.528Z] Error reading register 6507 for IP 10.30.4.128: A Modbus Exception Occurred - See Response Body
[2024-12-10T07:07:35.529Z] Error reading actual data: A Modbus Exception Occurred - See Response Body
[2024-12-10T07:07:35.530Z] Error writing to Modbus register: A Modbus Exception Occurred - See Response Body
[2024-12-10T07:07:36.539Z] Error reading or processing Modbus registers: A Modbus Exception Occurred - See Response Body
[2024-12-10T07:07:36.542Z] Error reading register 6507 for IP 10.30.4.128: A Modbus Exception Occurred - See Response Body
[2024-12-10T07:07:36.543Z] Error reading actual data: A Modbus Exception Occurred - See Response Body
[2024-12-10T07:07:36.543Z] Error writing to Modbus register: A Modbus Exception Occurred - See Response Body
[2024-12-10T07:07:37.554Z] Error reading or processing Modbus registers: A Modbus Exception Occurred - See Response Body
[2024-12-10T07:07:37.556Z] Error reading register 6507 for IP 10.30.4.128: A Modbus Exception Occurred - See Response Body
[2024-12-10T07:07:37.557Z] Error reading actual data: A Modbus Exception Occurred - See Response Body
[2024-12-10T07:07:37.558Z] Error writing to Modbus register: A Modbus Exception Occurred - See Response Body
[2024-12-10T07:07:38.556Z] Error reading or processing Modbus registers: A Modbus Exception Occurred - See Response Body
[2024-12-10T07:07:38.558Z] Error reading register 6507 for IP 10.30.4.128: A Modbus Exception Occurred - See Response Body
[2024-12-10T07:07:38.559Z] Error reading actual data: A Modbus Exception Occurred - See Response Body
[2024-12-10T07:07:38.560Z] Error writing to Modbus register: A Modbus Exception Occurred - See Response Body
[2024-12-10T07:07:39.559Z] Error reading or processing Modbus registers: A Modbus Exception Occurred - See Response Body
[2024-12-10T07:07:39.564Z] Error reading register 6507 for IP 10.30.4.128: A Modbus Exception Occurred - See Response Body
[2024-12-10T07:07:39.564Z] Error reading actual data: A Modbus Exception Occurred - See Response Body
[2024-12-10T07:07:39.565Z] Error writing to Modbus register: A Modbus Exception Occurred - See Response Body
[2024-12-10T07:07:40.560Z] Error reading or processing Modbus registers: A Modbus Exception Occurred - See Response Body
[2024-12-10T07:07:40.564Z] Error reading register 6507 for IP 10.30.4.128: A Modbus Exception Occurred - See Response Body
[2024-12-10T07:07:40.565Z] Error reading actual data: A Modbus Exception Occurred - See Response Body
[2024-12-10T07:07:40.565Z] Error writing to Modbus register: A Modbus Exception Occurred - See Response Body
[2024-12-10T07:07:41.575Z] Error reading or processing Modbus registers: A Modbus Exception Occurred - See Response Body
[2024-12-10T07:07:41.577Z] Error reading register 6507 for IP 10.30.4.128: A Modbus Exception Occurred - See Response Body
[2024-12-10T07:07:41.578Z] Error reading actual data: A Modbus Exception Occurred - See Response Body
[2024-12-10T07:07:41.578Z] Error writing to Modbus register: A Modbus Exception Occurred - See Response Body
[2024-12-10T07:07:42.589Z] Error reading or processing Modbus registers: A Modbus Exception Occurred - See Response Body
[2024-12-10T07:07:42.592Z] Error reading register 6507 for IP 10.30.4.128: A Modbus Exception Occurred - See Response Body
[2024-12-10T07:07:42.593Z] Error reading actual data: A Modbus Exception Occurred - See Response Body
[2024-12-10T07:07:42.593Z] Error writing to Modbus register: A Modbus Exception Occurred - See Response Body
[2024-12-10T07:07:43.601Z] Error reading or processing Modbus registers: A Modbus Exception Occurred - See Response Body
[2024-12-10T07:07:43.604Z] Error reading register 6507 for IP 10.30.4.128: A Modbus Exception Occurred - See Response Body
[2024-12-10T07:07:43.605Z] Error reading actual data: A Modbus Exception Occurred - See Response Body
[2024-12-10T07:07:43.605Z] Error writing to Modbus register: A Modbus Exception Occurred - See Response Body
[2024-12-10T07:07:44.602Z] Error reading or processing Modbus registers: A Modbus Exception Occurred - See Response Body
[2024-12-10T07:07:44.604Z] Error reading register 6507 for IP 10.30.4.128: A Modbus Exception Occurred - See Response Body
[2024-12-10T07:07:44.605Z] Error reading actual data: A Modbus Exception Occurred - See Response Body
[2024-12-10T07:07:44.606Z] Error writing to Modbus register: A Modbus Exception Occurred - See Response Body
[2024-12-10T07:07:45.613Z] Error reading or processing Modbus registers: A Modbus Exception Occurred - See Response Body
[2024-12-10T07:07:45.616Z] Error reading register 6507 for IP 10.30.4.128: A Modbus Exception Occurred - See Response Body
[2024-12-10T07:07:45.617Z] Error reading actual data: A Modbus Exception Occurred - See Response Body
[2024-12-10T07:07:45.617Z] Error writing to Modbus register: A Modbus Exception Occurred - See Response Body
[2024-12-10T07:07:46.614Z] Error reading or processing Modbus registers: A Modbus Exception Occurred - See Response Body
[2024-12-10T07:07:46.616Z] Error reading register 6507 for IP 10.30.4.128: A Modbus Exception Occurred - See Response Body
[2024-12-10T07:07:46.617Z] Error reading actual data: A Modbus Exception Occurred - See Response Body
[2024-12-10T07:07:46.617Z] Error writing to Modbus register: A Modbus Exception Occurred - See Response Body
[2024-12-10T07:07:47.627Z] Error reading or processing Modbus registers: A Modbus Exception Occurred - See Response Body
[2024-12-10T07:07:47.629Z] Error reading register 6507 for IP 10.30.4.128: A Modbus Exception Occurred - See Response Body
[2024-12-10T07:07:47.630Z] Error reading actual data: A Modbus Exception Occurred - See Response Body
[2024-12-10T07:07:47.631Z] Error writing to Modbus register: A Modbus Exception Occurred - See Response Body
[2024-12-10T07:07:48.641Z] Error reading or processing Modbus registers: A Modbus Exception Occurred - See Response Body
[2024-12-10T07:07:48.643Z] Error reading register 6507 for IP 10.30.4.128: A Modbus Exception Occurred - See Response Body
[2024-12-10T07:07:48.644Z] Error reading actual data: A Modbus Exception Occurred - See Response Body
[2024-12-10T07:07:48.645Z] Error writing to Modbus register: A Modbus Exception Occurred - See Response Body
[2024-12-10T07:07:49.640Z] Error reading or processing Modbus registers: A Modbus Exception Occurred - See Response Body
[2024-12-10T07:07:49.643Z] Error reading register 6507 for IP 10.30.4.128: A Modbus Exception Occurred - See Response Body
[2024-12-10T07:07:49.644Z] Error reading actual data: A Modbus Exception Occurred - See Response Body
[2024-12-10T07:07:49.644Z] Error writing to Modbus register: A Modbus Exception Occurred - See Response Body
[2024-12-10T07:07:50.644Z] Error reading or processing Modbus registers: A Modbus Exception Occurred - See Response Body
[2024-12-10T07:07:50.647Z] Error reading register 6507 for IP 10.30.4.128: A Modbus Exception Occurred - See Response Body
[2024-12-10T07:07:50.647Z] Error reading actual data: A Modbus Exception Occurred - See Response Body
[2024-12-10T07:07:50.648Z] Error writing to Modbus register: A Modbus Exception Occurred - See Response Body
[2024-12-10T07:07:51.643Z] Error reading or processing Modbus registers: A Modbus Exception Occurred - See Response Body
[2024-12-10T07:07:51.645Z] Error reading register 6507 for IP 10.30.4.128: A Modbus Exception Occurred - See Response Body
[2024-12-10T07:07:51.646Z] Error reading actual data: A Modbus Exception Occurred - See Response Body
[2024-12-10T07:07:51.647Z] Error writing to Modbus register: A Modbus Exception Occurred - See Response Body
[2024-12-10T07:07:52.658Z] Error reading or processing Modbus registers: A Modbus Exception Occurred - See Response Body
[2024-12-10T07:07:52.661Z] Error reading register 6507 for IP 10.30.4.128: A Modbus Exception Occurred - See Response Body
[2024-12-10T07:07:52.662Z] Error reading actual data: A Modbus Exception Occurred - See Response Body
[2024-12-10T07:07:52.663Z] Error writing to Modbus register: A Modbus Exception Occurred - See Response Body
[2024-12-10T07:07:53.671Z] Error reading or processing Modbus registers: A Modbus Exception Occurred - See Response Body
[2024-12-10T07:07:53.673Z] Error reading register 6507 for IP 10.30.4.128: A Modbus Exception Occurred - See Response Body
[2024-12-10T07:07:53.674Z] Error reading actual data: A Modbus Exception Occurred - See Response Body
[2024-12-10T07:07:53.675Z] Error writing to Modbus register: A Modbus Exception Occurred - See Response Body
[2024-12-10T07:07:54.688Z] Error reading or processing Modbus registers: A Modbus Exception Occurred - See Response Body
[2024-12-10T07:07:54.690Z] Error reading register 6507 for IP 10.30.4.128: A Modbus Exception Occurred - See Response Body
[2024-12-10T07:07:54.691Z] Error reading actual data: A Modbus Exception Occurred - See Response Body
[2024-12-10T07:07:54.691Z] Error writing to Modbus register: A Modbus Exception Occurred - See Response Body
[2024-12-10T07:07:55.700Z] Error reading or processing Modbus registers: A Modbus Exception Occurred - See Response Body
[2024-12-10T07:07:55.702Z] Error reading register 6507 for IP 10.30.4.128: A Modbus Exception Occurred - See Response Body
[2024-12-10T07:07:55.703Z] Error reading actual data: A Modbus Exception Occurred - See Response Body
[2024-12-10T07:07:55.703Z] Error writing to Modbus register: A Modbus Exception Occurred - See Response Body
[2024-12-10T07:07:56.700Z] Error reading or processing Modbus registers: A Modbus Exception Occurred - See Response Body
[2024-12-10T07:07:56.702Z] Error reading register 6507 for IP 10.30.4.128: A Modbus Exception Occurred - See Response Body
[2024-12-10T07:07:56.703Z] Error reading actual data: A Modbus Exception Occurred - See Response Body
[2024-12-10T07:07:56.703Z] Error writing to Modbus register: A Modbus Exception Occurred - See Response Body
[2024-12-10T07:07:57.713Z] Error reading or processing Modbus registers: A Modbus Exception Occurred - See Response Body
[2024-12-10T07:07:57.715Z] Error reading register 6507 for IP 10.30.4.128: A Modbus Exception Occurred - See Response Body
[2024-12-10T07:07:57.716Z] Error reading actual data: A Modbus Exception Occurred - See Response Body
[2024-12-10T07:07:57.717Z] Error writing to Modbus register: A Modbus Exception Occurred - See Response Body
[2024-12-10T07:07:58.727Z] Error reading or processing Modbus registers: A Modbus Exception Occurred - See Response Body
[2024-12-10T07:07:58.729Z] Error reading register 6507 for IP 10.30.4.128: A Modbus Exception Occurred - See Response Body
[2024-12-10T07:07:58.730Z] Error reading actual data: A Modbus Exception Occurred - See Response Body
[2024-12-10T07:07:58.731Z] Error writing to Modbus register: A Modbus Exception Occurred - See Response Body
[2024-12-10T07:07:59.741Z] Error reading or processing Modbus registers: A Modbus Exception Occurred - See Response Body
[2024-12-10T07:07:59.743Z] Error reading register 6507 for IP 10.30.4.128: A Modbus Exception Occurred - See Response Body
[2024-12-10T07:07:59.744Z] Error reading actual data: A Modbus Exception Occurred - See Response Body
[2024-12-10T07:07:59.744Z] Error writing to Modbus register: A Modbus Exception Occurred - See Response Body
[2024-12-10T07:08:00.742Z] Error reading or processing Modbus registers: A Modbus Exception Occurred - See Response Body
[2024-12-10T07:08:00.745Z] Error reading actual data: A Modbus Exception Occurred - See Response Body
[2024-12-10T07:08:00.745Z] Error reading register 6507 for IP 10.30.4.128: A Modbus Exception Occurred - See Response Body
[2024-12-10T07:08:00.746Z] Error writing to Modbus register: A Modbus Exception Occurred - See Response Body
[2024-12-10T07:08:01.757Z] Error reading or processing Modbus registers: A Modbus Exception Occurred - See Response Body
[2024-12-10T07:08:01.760Z] Error reading register 6507 for IP 10.30.4.128: A Modbus Exception Occurred - See Response Body
[2024-12-10T07:08:01.760Z] Error reading actual data: A Modbus Exception Occurred - See Response Body
[2024-12-10T07:08:01.761Z] Error writing to Modbus register: A Modbus Exception Occurred - See Response Body
[2024-12-10T07:08:02.767Z] Error reading or processing Modbus registers: A Modbus Exception Occurred - See Response Body
[2024-12-10T07:08:02.770Z] Error reading register 6507 for IP 10.30.4.128: A Modbus Exception Occurred - See Response Body
[2024-12-10T07:08:02.770Z] Error reading actual data: A Modbus Exception Occurred - See Response Body
[2024-12-10T07:08:02.771Z] Error writing to Modbus register: A Modbus Exception Occurred - See Response Body
[2024-12-10T07:08:03.782Z] Error reading or processing Modbus registers: A Modbus Exception Occurred - See Response Body
[2024-12-10T07:08:03.785Z] Error reading register 6507 for IP 10.30.4.128: A Modbus Exception Occurred - See Response Body
[2024-12-10T07:08:03.785Z] Error reading actual data: A Modbus Exception Occurred - See Response Body
[2024-12-10T07:08:03.786Z] Error writing to Modbus register: A Modbus Exception Occurred - See Response Body
[2024-12-10T07:08:04.784Z] Error reading or processing Modbus registers: A Modbus Exception Occurred - See Response Body
[2024-12-10T07:08:04.786Z] Error reading register 6507 for IP 10.30.4.128: A Modbus Exception Occurred - See Response Body
[2024-12-10T07:08:04.787Z] Error reading actual data: A Modbus Exception Occurred - See Response Body
[2024-12-10T07:08:04.787Z] Error writing to Modbus register: A Modbus Exception Occurred - See Response Body
[2024-12-10T07:08:05.792Z] Error reading or processing Modbus registers: A Modbus Exception Occurred - See Response Body
[2024-12-10T07:08:05.795Z] Error reading register 6507 for IP 10.30.4.128: A Modbus Exception Occurred - See Response Body
[2024-12-10T07:08:05.797Z] Error reading actual data: A Modbus Exception Occurred - See Response Body
[2024-12-10T07:08:05.797Z] Error writing to Modbus register: A Modbus Exception Occurred - See Response Body
[2024-12-10T07:08:06.797Z] Error reading or processing Modbus registers: A Modbus Exception Occurred - See Response Body
[2024-12-10T07:08:06.800Z] Error reading register 6507 for IP 10.30.4.128: A Modbus Exception Occurred - See Response Body
[2024-12-10T07:08:06.801Z] Error reading actual data: A Modbus Exception Occurred - See Response Body
[2024-12-10T07:08:06.801Z] Error writing to Modbus register: A Modbus Exception Occurred - See Response Body
[2024-12-10T07:08:07.797Z] Error reading or processing Modbus registers: A Modbus Exception Occurred - See Response Body
[2024-12-10T07:08:07.799Z] Error reading register 6507 for IP 10.30.4.128: A Modbus Exception Occurred - See Response Body
[2024-12-10T07:08:07.800Z] Error reading actual data: A Modbus Exception Occurred - See Response Body
[2024-12-10T07:08:07.801Z] Error writing to Modbus register: A Modbus Exception Occurred - See Response Body
[2024-12-10T07:08:08.811Z] Error reading or processing Modbus registers: A Modbus Exception Occurred - See Response Body
[2024-12-10T07:08:08.813Z] Error reading register 6507 for IP 10.30.4.128: A Modbus Exception Occurred - See Response Body
[2024-12-10T07:08:08.814Z] Error reading actual data: A Modbus Exception Occurred - See Response Body
[2024-12-10T07:08:08.814Z] Error writing to Modbus register: A Modbus Exception Occurred - See Response Body
[2024-12-10T07:08:09.818Z] Error reading or processing Modbus registers: A Modbus Exception Occurred - See Response Body
[2024-12-10T07:08:09.820Z] Error reading register 6507 for IP 10.30.4.128: A Modbus Exception Occurred - See Response Body
[2024-12-10T07:08:09.821Z] Error reading actual data: A Modbus Exception Occurred - See Response Body
[2024-12-10T07:08:09.822Z] Error writing to Modbus register: A Modbus Exception Occurred - See Response Body
[2024-12-10T07:08:10.819Z] Error reading or processing Modbus registers: A Modbus Exception Occurred - See Response Body
[2024-12-10T07:08:10.823Z] Error reading register 6507 for IP 10.30.4.128: A Modbus Exception Occurred - See Response Body
[2024-12-10T07:08:10.824Z] Error reading actual data: A Modbus Exception Occurred - See Response Body
[2024-12-10T07:08:10.824Z] Error writing to Modbus register: A Modbus Exception Occurred - See Response Body
[2024-12-10T07:08:11.819Z] Error reading or processing Modbus registers: A Modbus Exception Occurred - See Response Body
[2024-12-10T07:08:11.822Z] Error reading register 6507 for IP 10.30.4.128: A Modbus Exception Occurred - See Response Body
[2024-12-10T07:08:11.823Z] Error reading actual data: A Modbus Exception Occurred - See Response Body
[2024-12-10T07:08:11.823Z] Error writing to Modbus register: A Modbus Exception Occurred - See Response Body
[2024-12-10T07:08:12.830Z] Error reading or processing Modbus registers: A Modbus Exception Occurred - See Response Body
[2024-12-10T07:08:12.833Z] Error reading register 6507 for IP 10.30.4.128: A Modbus Exception Occurred - See Response Body
[2024-12-10T07:08:12.834Z] Error reading actual data: A Modbus Exception Occurred - See Response Body
[2024-12-10T07:08:12.834Z] Error writing to Modbus register: A Modbus Exception Occurred - See Response Body
[2024-12-10T07:08:13.830Z] Error reading or processing Modbus registers: A Modbus Exception Occurred - See Response Body
[2024-12-10T07:08:13.833Z] Error reading register 6507 for IP 10.30.4.128: A Modbus Exception Occurred - See Response Body
[2024-12-10T07:08:13.833Z] Error reading actual data: A Modbus Exception Occurred - See Response Body
[2024-12-10T07:08:13.834Z] Error writing to Modbus register: A Modbus Exception Occurred - See Response Body
[2024-12-10T07:08:14.845Z] Error reading or processing Modbus registers: A Modbus Exception Occurred - See Response Body
[2024-12-10T07:08:14.847Z] Error reading register 6507 for IP 10.30.4.128: A Modbus Exception Occurred - See Response Body
[2024-12-10T07:08:14.848Z] Error reading actual data: A Modbus Exception Occurred - See Response Body
[2024-12-10T07:08:14.848Z] Error writing to Modbus register: A Modbus Exception Occurred - See Response Body
[2024-12-10T07:08:15.859Z] Error reading or processing Modbus registers: A Modbus Exception Occurred - See Response Body
[2024-12-10T07:08:15.861Z] Error reading register 6507 for IP 10.30.4.128: A Modbus Exception Occurred - See Response Body
[2024-12-10T07:08:15.862Z] Error reading actual data: A Modbus Exception Occurred - See Response Body
[2024-12-10T07:08:15.863Z] Error writing to Modbus register: A Modbus Exception Occurred - See Response Body
[2024-12-10T07:08:16.859Z] Error reading or processing Modbus registers: A Modbus Exception Occurred - See Response Body
[2024-12-10T07:08:16.862Z] Error reading register 6507 for IP 10.30.4.128: A Modbus Exception Occurred - See Response Body
[2024-12-10T07:08:16.863Z] Error reading actual data: A Modbus Exception Occurred - See Response Body
[2024-12-10T07:08:16.863Z] Error writing to Modbus register: A Modbus Exception Occurred - See Response Body
[2024-12-10T07:08:17.875Z] Error reading or processing Modbus registers: A Modbus Exception Occurred - See Response Body
[2024-12-10T07:08:17.877Z] Error reading register 6507 for IP 10.30.4.128: A Modbus Exception Occurred - See Response Body
[2024-12-10T07:08:17.878Z] Error reading actual data: A Modbus Exception Occurred - See Response Body
[2024-12-10T07:08:17.879Z] Error writing to Modbus register: A Modbus Exception Occurred - See Response Body
[2024-12-10T07:08:18.888Z] Error reading or processing Modbus registers: A Modbus Exception Occurred - See Response Body
[2024-12-10T07:08:18.891Z] Error reading register 6507 for IP 10.30.4.128: A Modbus Exception Occurred - See Response Body
[2024-12-10T07:08:18.892Z] Error reading actual data: A Modbus Exception Occurred - See Response Body
[2024-12-10T07:08:18.892Z] Error writing to Modbus register: A Modbus Exception Occurred - See Response Body
[2024-12-10T07:08:19.901Z] Error reading or processing Modbus registers: A Modbus Exception Occurred - See Response Body
[2024-12-10T07:08:19.904Z] Error reading register 6507 for IP 10.30.4.128: A Modbus Exception Occurred - See Response Body
[2024-12-10T07:08:19.904Z] Error reading actual data: A Modbus Exception Occurred - See Response Body
[2024-12-10T07:08:19.905Z] Error writing to Modbus register: A Modbus Exception Occurred - See Response Body
[2024-12-10T07:08:20.901Z] Error reading or processing Modbus registers: A Modbus Exception Occurred - See Response Body
[2024-12-10T07:08:20.903Z] Error reading register 6507 for IP 10.30.4.128: A Modbus Exception Occurred - See Response Body
[2024-12-10T07:08:20.904Z] Error reading actual data: A Modbus Exception Occurred - See Response Body
[2024-12-10T07:08:20.905Z] Error writing to Modbus register: A Modbus Exception Occurred - See Response Body
[2024-12-10T07:08:21.901Z] Error reading or processing Modbus registers: A Modbus Exception Occurred - See Response Body
[2024-12-10T07:08:21.903Z] Error reading register 6507 for IP 10.30.4.128: A Modbus Exception Occurred - See Response Body
[2024-12-10T07:08:21.904Z] Error reading actual data: A Modbus Exception Occurred - See Response Body
[2024-12-10T07:08:21.905Z] Error writing to Modbus register: A Modbus Exception Occurred - See Response Body
[2024-12-10T07:08:22.901Z] Error reading or processing Modbus registers: A Modbus Exception Occurred - See Response Body
[2024-12-10T07:08:22.903Z] Error reading register 6507 for IP 10.30.4.128: A Modbus Exception Occurred - See Response Body
[2024-12-10T07:08:22.904Z] Error reading actual data: A Modbus Exception Occurred - See Response Body
[2024-12-10T07:08:22.904Z] Error writing to Modbus register: A Modbus Exception Occurred - See Response Body
[2024-12-10T07:08:23.915Z] Error reading or processing Modbus registers: A Modbus Exception Occurred - See Response Body
[2024-12-10T07:08:23.917Z] Error reading register 6507 for IP 10.30.4.128: A Modbus Exception Occurred - See Response Body
[2024-12-10T07:08:23.918Z] Error reading actual data: A Modbus Exception Occurred - See Response Body
[2024-12-10T07:08:23.918Z] Error writing to Modbus register: A Modbus Exception Occurred - See Response Body
[2024-12-10T07:08:24.928Z] Error reading or processing Modbus registers: A Modbus Exception Occurred - See Response Body
[2024-12-10T07:08:24.930Z] Error reading register 6507 for IP 10.30.4.128: A Modbus Exception Occurred - See Response Body
[2024-12-10T07:08:24.931Z] Error reading actual data: A Modbus Exception Occurred - See Response Body
[2024-12-10T07:08:24.932Z] Error writing to Modbus register: A Modbus Exception Occurred - See Response Body
[2024-12-10T07:08:25.941Z] Error reading or processing Modbus registers: A Modbus Exception Occurred - See Response Body
[2024-12-10T07:08:25.944Z] Error reading register 6507 for IP 10.30.4.128: A Modbus Exception Occurred - See Response Body
[2024-12-10T07:08:25.945Z] Error reading actual data: A Modbus Exception Occurred - See Response Body
[2024-12-10T07:08:25.946Z] Error writing to Modbus register: A Modbus Exception Occurred - See Response Body
[2024-12-10T07:08:26.954Z] Error reading or processing Modbus registers: A Modbus Exception Occurred - See Response Body
[2024-12-10T07:08:26.956Z] Error reading register 6507 for IP 10.30.4.128: A Modbus Exception Occurred - See Response Body
[2024-12-10T07:08:26.957Z] Error reading actual data: A Modbus Exception Occurred - See Response Body
[2024-12-10T07:08:26.958Z] Error writing to Modbus register: A Modbus Exception Occurred - See Response Body
[2024-12-10T07:08:27.957Z] Error reading or processing Modbus registers: A Modbus Exception Occurred - See Response Body
[2024-12-10T07:08:27.959Z] Error reading register 6507 for IP 10.30.4.128: A Modbus Exception Occurred - See Response Body
[2024-12-10T07:08:27.960Z] Error reading actual data: A Modbus Exception Occurred - See Response Body
[2024-12-10T07:08:27.960Z] Error writing to Modbus register: A Modbus Exception Occurred - See Response Body
[2024-12-10T07:08:28.960Z] Error reading or processing Modbus registers: A Modbus Exception Occurred - See Response Body
[2024-12-10T07:08:28.962Z] Error reading register 6507 for IP 10.30.4.128: A Modbus Exception Occurred - See Response Body
[2024-12-10T07:08:28.963Z] Error reading actual data: A Modbus Exception Occurred - See Response Body
[2024-12-10T07:08:28.964Z] Error writing to Modbus register: A Modbus Exception Occurred - See Response Body
[2024-12-10T07:08:29.971Z] Error reading or processing Modbus registers: A Modbus Exception Occurred - See Response Body
[2024-12-10T07:08:29.973Z] Error reading register 6507 for IP 10.30.4.128: A Modbus Exception Occurred - See Response Body
[2024-12-10T07:08:29.974Z] Error reading actual data: A Modbus Exception Occurred - See Response Body
[2024-12-10T07:08:29.974Z] Error writing to Modbus register: A Modbus Exception Occurred - See Response Body
[2024-12-10T07:08:30.986Z] Error reading or processing Modbus registers: A Modbus Exception Occurred - See Response Body
[2024-12-10T07:08:30.988Z] Error reading register 6507 for IP 10.30.4.128: A Modbus Exception Occurred - See Response Body
[2024-12-10T07:08:30.989Z] Error reading actual data: A Modbus Exception Occurred - See Response Body
[2024-12-10T07:08:30.990Z] Error writing to Modbus register: A Modbus Exception Occurred - See Response Body
[2024-12-10T07:08:31.986Z] Error reading or processing Modbus registers: A Modbus Exception Occurred - See Response Body
[2024-12-10T07:08:31.989Z] Error reading register 6507 for IP 10.30.4.128: A Modbus Exception Occurred - See Response Body
[2024-12-10T07:08:31.990Z] Error reading actual data: A Modbus Exception Occurred - See Response Body
[2024-12-10T07:08:31.990Z] Error writing to Modbus register: A Modbus Exception Occurred - See Response Body
[2024-12-10T07:08:32.998Z] Error reading or processing Modbus registers: A Modbus Exception Occurred - See Response Body
[2024-12-10T07:08:33.000Z] Error reading register 6507 for IP 10.30.4.128: A Modbus Exception Occurred - See Response Body
[2024-12-10T07:08:33.001Z] Error reading actual data: A Modbus Exception Occurred - See Response Body
[2024-12-10T07:08:33.002Z] Error writing to Modbus register: A Modbus Exception Occurred - See Response Body
[2024-12-10T07:08:34.009Z] Error reading or processing Modbus registers: A Modbus Exception Occurred - See Response Body
[2024-12-10T07:08:34.011Z] Error reading register 6507 for IP 10.30.4.128: A Modbus Exception Occurred - See Response Body
[2024-12-10T07:08:34.012Z] Error reading actual data: A Modbus Exception Occurred - See Response Body
[2024-12-10T07:08:34.013Z] Error writing to Modbus register: A Modbus Exception Occurred - See Response Body
[2024-12-10T07:08:35.011Z] Error reading or processing Modbus registers: A Modbus Exception Occurred - See Response Body
[2024-12-10T07:08:35.013Z] Error reading register 6507 for IP 10.30.4.128: A Modbus Exception Occurred - See Response Body
[2024-12-10T07:08:35.014Z] Error reading actual data: A Modbus Exception Occurred - See Response Body
[2024-12-10T07:08:35.015Z] Error writing to Modbus register: A Modbus Exception Occurred - See Response Body
[2024-12-10T07:08:36.012Z] Error reading or processing Modbus registers: A Modbus Exception Occurred - See Response Body
[2024-12-10T07:08:36.015Z] Error reading register 6507 for IP 10.30.4.128: A Modbus Exception Occurred - See Response Body
[2024-12-10T07:08:36.016Z] Error reading actual data: A Modbus Exception Occurred - See Response Body
[2024-12-10T07:08:36.016Z] Error writing to Modbus register: A Modbus Exception Occurred - See Response Body
[2024-12-10T07:08:37.013Z] Error reading or processing Modbus registers: A Modbus Exception Occurred - See Response Body
[2024-12-10T07:08:37.015Z] Error reading register 6507 for IP 10.30.4.128: A Modbus Exception Occurred - See Response Body
[2024-12-10T07:08:37.016Z] Error reading actual data: A Modbus Exception Occurred - See Response Body
[2024-12-10T07:08:37.016Z] Error writing to Modbus register: A Modbus Exception Occurred - See Response Body
[2024-12-10T07:08:38.017Z] Error reading or processing Modbus registers: A Modbus Exception Occurred - See Response Body
[2024-12-10T07:08:38.019Z] Error reading register 6507 for IP 10.30.4.128: A Modbus Exception Occurred - See Response Body
[2024-12-10T07:08:38.020Z] Error reading actual data: A Modbus Exception Occurred - See Response Body
[2024-12-10T07:08:38.021Z] Error writing to Modbus register: A Modbus Exception Occurred - See Response Body
[2024-12-10T07:08:39.020Z] Error reading or processing Modbus registers: A Modbus Exception Occurred - See Response Body
[2024-12-10T07:08:39.022Z] Error reading register 6507 for IP 10.30.4.128: A Modbus Exception Occurred - See Response Body
[2024-12-10T07:08:39.023Z] Error reading actual data: A Modbus Exception Occurred - See Response Body
[2024-12-10T07:08:39.024Z] Error writing to Modbus register: A Modbus Exception Occurred - See Response Body
[2024-12-10T07:08:40.027Z] Error reading or processing Modbus registers: A Modbus Exception Occurred - See Response Body
[2024-12-10T07:08:40.029Z] Error reading register 6507 for IP 10.30.4.128: A Modbus Exception Occurred - See Response Body
[2024-12-10T07:08:40.030Z] Error reading actual data: A Modbus Exception Occurred - See Response Body
[2024-12-10T07:08:40.031Z] Error writing to Modbus register: A Modbus Exception Occurred - See Response Body
[2024-12-10T07:08:41.031Z] Error reading or processing Modbus registers: A Modbus Exception Occurred - See Response Body
[2024-12-10T07:08:41.034Z] Error reading register 6507 for IP 10.30.4.128: A Modbus Exception Occurred - See Response Body
[2024-12-10T07:08:41.035Z] Error reading actual data: A Modbus Exception Occurred - See Response Body
[2024-12-10T07:08:41.036Z] Error writing to Modbus register: A Modbus Exception Occurred - See Response Body
[2024-12-10T07:08:42.034Z] Error reading or processing Modbus registers: A Modbus Exception Occurred - See Response Body
[2024-12-10T07:08:42.036Z] Error reading register 6507 for IP 10.30.4.128: A Modbus Exception Occurred - See Response Body
[2024-12-10T07:08:42.037Z] Error reading actual data: A Modbus Exception Occurred - See Response Body
[2024-12-10T07:08:42.037Z] Error writing to Modbus register: A Modbus Exception Occurred - See Response Body
[2024-12-10T07:08:43.034Z] Error reading or processing Modbus registers: A Modbus Exception Occurred - See Response Body
[2024-12-10T07:08:43.036Z] Error reading register 6507 for IP 10.30.4.128: A Modbus Exception Occurred - See Response Body
[2024-12-10T07:08:43.037Z] Error reading actual data: A Modbus Exception Occurred - See Response Body
[2024-12-10T07:08:43.038Z] Error writing to Modbus register: A Modbus Exception Occurred - See Response Body
[2024-12-10T07:08:44.038Z] Error reading or processing Modbus registers: A Modbus Exception Occurred - See Response Body
[2024-12-10T07:08:44.040Z] Error reading register 6507 for IP 10.30.4.128: A Modbus Exception Occurred - See Response Body
[2024-12-10T07:08:44.041Z] Error reading actual data: A Modbus Exception Occurred - See Response Body
[2024-12-10T07:08:44.042Z] Error writing to Modbus register: A Modbus Exception Occurred - See Response Body
[2024-12-10T07:08:45.041Z] Error reading or processing Modbus registers: A Modbus Exception Occurred - See Response Body
[2024-12-10T07:08:45.043Z] Error reading register 6507 for IP 10.30.4.128: A Modbus Exception Occurred - See Response Body
[2024-12-10T07:08:45.044Z] Error reading actual data: A Modbus Exception Occurred - See Response Body
[2024-12-10T07:08:45.044Z] Error writing to Modbus register: A Modbus Exception Occurred - See Response Body
[2024-12-10T07:08:46.055Z] Error reading or processing Modbus registers: A Modbus Exception Occurred - See Response Body
[2024-12-10T07:08:46.057Z] Error reading register 6507 for IP 10.30.4.128: A Modbus Exception Occurred - See Response Body
[2024-12-10T07:08:46.058Z] Error reading actual data: A Modbus Exception Occurred - See Response Body
[2024-12-10T07:08:46.059Z] Error writing to Modbus register: A Modbus Exception Occurred - See Response Body
[2024-12-10T07:08:47.068Z] Error reading or processing Modbus registers: A Modbus Exception Occurred - See Response Body
[2024-12-10T07:08:47.071Z] Error reading register 6507 for IP 10.30.4.128: A Modbus Exception Occurred - See Response Body
[2024-12-10T07:08:47.072Z] Error reading actual data: A Modbus Exception Occurred - See Response Body
[2024-12-10T07:08:47.072Z] Error writing to Modbus register: A Modbus Exception Occurred - See Response Body
[2024-12-10T07:08:48.081Z] Error reading or processing Modbus registers: A Modbus Exception Occurred - See Response Body
[2024-12-10T07:08:48.083Z] Error reading register 6507 for IP 10.30.4.128: A Modbus Exception Occurred - See Response Body
[2024-12-10T07:08:48.084Z] Error reading actual data: A Modbus Exception Occurred - See Response Body
[2024-12-10T07:08:48.085Z] Error writing to Modbus register: A Modbus Exception Occurred - See Response Body
[2024-12-10T07:08:49.095Z] Error reading or processing Modbus registers: A Modbus Exception Occurred - See Response Body
[2024-12-10T07:08:49.098Z] Error reading register 6507 for IP 10.30.4.128: A Modbus Exception Occurred - See Response Body
[2024-12-10T07:08:49.099Z] Error reading actual data: A Modbus Exception Occurred - See Response Body
[2024-12-10T07:08:49.099Z] Error writing to Modbus register: A Modbus Exception Occurred - See Response Body
[2024-12-10T07:08:50.111Z] Error reading or processing Modbus registers: A Modbus Exception Occurred - See Response Body
[2024-12-10T07:08:50.113Z] Error reading register 6507 for IP 10.30.4.128: A Modbus Exception Occurred - See Response Body
[2024-12-10T07:08:50.114Z] Error reading actual data: A Modbus Exception Occurred - See Response Body
[2024-12-10T07:08:50.114Z] Error writing to Modbus register: A Modbus Exception Occurred - See Response Body
[2024-12-10T07:08:51.125Z] Error reading or processing Modbus registers: A Modbus Exception Occurred - See Response Body
[2024-12-10T07:08:51.128Z] Error reading register 6507 for IP 10.30.4.128: A Modbus Exception Occurred - See Response Body
[2024-12-10T07:08:51.129Z] Error reading actual data: A Modbus Exception Occurred - See Response Body
[2024-12-10T07:08:51.129Z] Error writing to Modbus register: A Modbus Exception Occurred - See Response Body
[2024-12-10T07:08:52.139Z] Error reading or processing Modbus registers: A Modbus Exception Occurred - See Response Body
[2024-12-10T07:08:52.141Z] Error reading register 6507 for IP 10.30.4.128: A Modbus Exception Occurred - See Response Body
[2024-12-10T07:08:52.141Z] Error reading actual data: A Modbus Exception Occurred - See Response Body
[2024-12-10T07:08:52.142Z] Error writing to Modbus register: A Modbus Exception Occurred - See Response Body
[2024-12-10T07:08:53.150Z] Error reading or processing Modbus registers: A Modbus Exception Occurred - See Response Body
[2024-12-10T07:08:53.152Z] Error reading register 6507 for IP 10.30.4.128: A Modbus Exception Occurred - See Response Body
[2024-12-10T07:08:53.152Z] Error reading actual data: A Modbus Exception Occurred - See Response Body
[2024-12-10T07:08:53.153Z] Error writing to Modbus register: A Modbus Exception Occurred - See Response Body
[2024-12-10T07:08:54.163Z] Error reading or processing Modbus registers: A Modbus Exception Occurred - See Response Body
[2024-12-10T07:08:54.166Z] Error reading register 6507 for IP 10.30.4.128: A Modbus Exception Occurred - See Response Body
[2024-12-10T07:08:54.166Z] Error reading actual data: A Modbus Exception Occurred - See Response Body
[2024-12-10T07:08:54.167Z] Error writing to Modbus register: A Modbus Exception Occurred - See Response Body
[2024-12-10T07:08:55.178Z] Error reading or processing Modbus registers: A Modbus Exception Occurred - See Response Body
[2024-12-10T07:08:55.180Z] Error reading register 6507 for IP 10.30.4.128: A Modbus Exception Occurred - See Response Body
[2024-12-10T07:08:55.181Z] Error reading actual data: A Modbus Exception Occurred - See Response Body
[2024-12-10T07:08:55.182Z] Error writing to Modbus register: A Modbus Exception Occurred - See Response Body
[2024-12-10T07:08:56.190Z] Error reading or processing Modbus registers: A Modbus Exception Occurred - See Response Body
[2024-12-10T07:08:56.193Z] Error reading register 6507 for IP 10.30.4.128: A Modbus Exception Occurred - See Response Body
[2024-12-10T07:08:56.194Z] Error reading actual data: A Modbus Exception Occurred - See Response Body
[2024-12-10T07:08:56.195Z] Error writing to Modbus register: A Modbus Exception Occurred - See Response Body
[2024-12-10T07:08:57.196Z] Error reading or processing Modbus registers: A Modbus Exception Occurred - See Response Body
[2024-12-10T07:08:57.198Z] Error reading register 6507 for IP 10.30.4.128: A Modbus Exception Occurred - See Response Body
[2024-12-10T07:08:57.199Z] Error reading actual data: A Modbus Exception Occurred - See Response Body
[2024-12-10T07:08:57.199Z] Error writing to Modbus register: A Modbus Exception Occurred - See Response Body
[2024-12-10T07:08:58.208Z] Error reading or processing Modbus registers: A Modbus Exception Occurred - See Response Body
[2024-12-10T07:08:58.211Z] Error reading register 6507 for IP 10.30.4.128: A Modbus Exception Occurred - See Response Body
[2024-12-10T07:08:58.212Z] Error reading actual data: A Modbus Exception Occurred - See Response Body
[2024-12-10T07:08:58.212Z] Error writing to Modbus register: A Modbus Exception Occurred - See Response Body
[2024-12-10T07:08:59.208Z] Error reading or processing Modbus registers: A Modbus Exception Occurred - See Response Body
[2024-12-10T07:08:59.211Z] Error reading register 6507 for IP 10.30.4.128: A Modbus Exception Occurred - See Response Body
[2024-12-10T07:08:59.211Z] Error reading actual data: A Modbus Exception Occurred - See Response Body
[2024-12-10T07:08:59.212Z] Error writing to Modbus register: A Modbus Exception Occurred - See Response Body
[2024-12-10T07:09:00.223Z] Error reading or processing Modbus registers: A Modbus Exception Occurred - See Response Body
[2024-12-10T07:09:00.225Z] Error reading register 6507 for IP 10.30.4.128: A Modbus Exception Occurred - See Response Body
[2024-12-10T07:09:00.226Z] Error reading actual data: A Modbus Exception Occurred - See Response Body
[2024-12-10T07:09:00.227Z] Error writing to Modbus register: A Modbus Exception Occurred - See Response Body
[2024-12-10T07:09:01.236Z] Error reading or processing Modbus registers: A Modbus Exception Occurred - See Response Body
[2024-12-10T07:09:01.239Z] Error reading register 6507 for IP 10.30.4.128: A Modbus Exception Occurred - See Response Body
[2024-12-10T07:09:01.239Z] Error reading actual data: A Modbus Exception Occurred - See Response Body
[2024-12-10T07:09:01.240Z] Error writing to Modbus register: A Modbus Exception Occurred - See Response Body
[2024-12-10T07:09:02.238Z] Error reading or processing Modbus registers: A Modbus Exception Occurred - See Response Body
[2024-12-10T07:09:02.241Z] Error reading register 6507 for IP 10.30.4.128: A Modbus Exception Occurred - See Response Body
[2024-12-10T07:09:02.242Z] Error reading actual data: A Modbus Exception Occurred - See Response Body
[2024-12-10T07:09:02.243Z] Error writing to Modbus register: A Modbus Exception Occurred - See Response Body
[2024-12-10T07:09:03.252Z] Error reading or processing Modbus registers: A Modbus Exception Occurred - See Response Body
[2024-12-10T07:09:03.254Z] Error reading register 6507 for IP 10.30.4.128: A Modbus Exception Occurred - See Response Body
[2024-12-10T07:09:03.255Z] Error reading actual data: A Modbus Exception Occurred - See Response Body
[2024-12-10T07:09:03.256Z] Error writing to Modbus register: A Modbus Exception Occurred - See Response Body
[2024-12-10T07:09:04.252Z] Error reading or processing Modbus registers: A Modbus Exception Occurred - See Response Body
[2024-12-10T07:09:04.254Z] Error reading register 6507 for IP 10.30.4.128: A Modbus Exception Occurred - See Response Body
[2024-12-10T07:09:04.255Z] Error reading actual data: A Modbus Exception Occurred - See Response Body
[2024-12-10T07:09:04.255Z] Error writing to Modbus register: A Modbus Exception Occurred - See Response Body
[2024-12-10T07:09:05.264Z] Error reading or processing Modbus registers: A Modbus Exception Occurred - See Response Body
[2024-12-10T07:09:05.267Z] Error reading register 6507 for IP 10.30.4.128: A Modbus Exception Occurred - See Response Body
[2024-12-10T07:09:05.268Z] Error reading actual data: A Modbus Exception Occurred - See Response Body
[2024-12-10T07:09:05.268Z] Error writing to Modbus register: A Modbus Exception Occurred - See Response Body
[2024-12-10T07:09:06.278Z] Error reading or processing Modbus registers: A Modbus Exception Occurred - See Response Body
[2024-12-10T07:09:06.280Z] Error reading register 6507 for IP 10.30.4.128: A Modbus Exception Occurred - See Response Body
[2024-12-10T07:09:06.281Z] Error reading actual data: A Modbus Exception Occurred - See Response Body
[2024-12-10T07:09:06.281Z] Error writing to Modbus register: A Modbus Exception Occurred - See Response Body
[2024-12-10T07:09:07.280Z] Error reading or processing Modbus registers: A Modbus Exception Occurred - See Response Body
[2024-12-10T07:09:07.282Z] Error reading register 6507 for IP 10.30.4.128: A Modbus Exception Occurred - See Response Body
[2024-12-10T07:09:07.283Z] Error reading actual data: A Modbus Exception Occurred - See Response Body
[2024-12-10T07:09:07.283Z] Error writing to Modbus register: A Modbus Exception Occurred - See Response Body
[2024-12-10T07:09:08.283Z] Error reading or processing Modbus registers: A Modbus Exception Occurred - See Response Body
[2024-12-10T07:09:08.285Z] Error reading register 6507 for IP 10.30.4.128: A Modbus Exception Occurred - See Response Body
[2024-12-10T07:09:08.286Z] Error reading actual data: A Modbus Exception Occurred - See Response Body
[2024-12-10T07:09:08.286Z] Error writing to Modbus register: A Modbus Exception Occurred - See Response Body
[2024-12-10T07:09:09.284Z] Error reading or processing Modbus registers: A Modbus Exception Occurred - See Response Body
[2024-12-10T07:09:09.287Z] Error reading register 6507 for IP 10.30.4.128: A Modbus Exception Occurred - See Response Body
[2024-12-10T07:09:09.288Z] Error reading actual data: A Modbus Exception Occurred - See Response Body
[2024-12-10T07:09:09.288Z] Error writing to Modbus register: A Modbus Exception Occurred - See Response Body
[2024-12-10T07:09:10.298Z] Error reading or processing Modbus registers: A Modbus Exception Occurred - See Response Body
[2024-12-10T07:09:10.300Z] Error reading register 6507 for IP 10.30.4.128: A Modbus Exception Occurred - See Response Body
[2024-12-10T07:09:10.300Z] Error reading actual data: A Modbus Exception Occurred - See Response Body
[2024-12-10T07:09:10.301Z] Error writing to Modbus register: A Modbus Exception Occurred - See Response Body
[2024-12-10T07:09:11.300Z] Error reading or processing Modbus registers: A Modbus Exception Occurred - See Response Body
[2024-12-10T07:09:11.302Z] Error reading register 6507 for IP 10.30.4.128: A Modbus Exception Occurred - See Response Body
[2024-12-10T07:09:11.303Z] Error reading actual data: A Modbus Exception Occurred - See Response Body
[2024-12-10T07:09:11.303Z] Error writing to Modbus register: A Modbus Exception Occurred - See Response Body
[2024-12-10T07:09:12.312Z] Error reading or processing Modbus registers: A Modbus Exception Occurred - See Response Body
[2024-12-10T07:09:12.314Z] Error reading register 6507 for IP 10.30.4.128: A Modbus Exception Occurred - See Response Body
[2024-12-10T07:09:12.315Z] Error reading actual data: A Modbus Exception Occurred - See Response Body
[2024-12-10T07:09:12.315Z] Error writing to Modbus register: A Modbus Exception Occurred - See Response Body
[2024-12-10T07:09:13.313Z] Error reading or processing Modbus registers: A Modbus Exception Occurred - See Response Body
[2024-12-10T07:09:13.316Z] Error reading register 6507 for IP 10.30.4.128: A Modbus Exception Occurred - See Response Body
[2024-12-10T07:09:13.316Z] Error reading actual data: A Modbus Exception Occurred - See Response Body
[2024-12-10T07:09:13.317Z] Error writing to Modbus register: A Modbus Exception Occurred - See Response Body
[2024-12-10T07:09:14.326Z] Error reading or processing Modbus registers: A Modbus Exception Occurred - See Response Body
[2024-12-10T07:09:14.328Z] Error reading register 6507 for IP 10.30.4.128: A Modbus Exception Occurred - See Response Body
[2024-12-10T07:09:14.329Z] Error reading actual data: A Modbus Exception Occurred - See Response Body
[2024-12-10T07:09:14.329Z] Error writing to Modbus register: A Modbus Exception Occurred - See Response Body
[2024-12-10T07:09:15.325Z] Error reading or processing Modbus registers: A Modbus Exception Occurred - See Response Body
[2024-12-10T07:09:15.328Z] Error reading register 6507 for IP 10.30.4.128: A Modbus Exception Occurred - See Response Body
[2024-12-10T07:09:15.328Z] Error reading actual data: A Modbus Exception Occurred - See Response Body
[2024-12-10T07:09:15.329Z] Error writing to Modbus register: A Modbus Exception Occurred - See Response Body
[2024-12-10T07:09:16.340Z] Error reading or processing Modbus registers: A Modbus Exception Occurred - See Response Body
[2024-12-10T07:09:16.342Z] Error reading register 6507 for IP 10.30.4.128: A Modbus Exception Occurred - See Response Body
[2024-12-10T07:09:16.343Z] Error reading actual data: A Modbus Exception Occurred - See Response Body
[2024-12-10T07:09:16.343Z] Error writing to Modbus register: A Modbus Exception Occurred - See Response Body
[2024-12-10T07:09:17.354Z] Error reading or processing Modbus registers: A Modbus Exception Occurred - See Response Body
[2024-12-10T07:09:17.357Z] Error reading register 6507 for IP 10.30.4.128: A Modbus Exception Occurred - See Response Body
[2024-12-10T07:09:17.358Z] Error reading actual data: A Modbus Exception Occurred - See Response Body
[2024-12-10T07:09:17.358Z] Error writing to Modbus register: A Modbus Exception Occurred - See Response Body
[2024-12-10T07:09:18.356Z] Error reading or processing Modbus registers: A Modbus Exception Occurred - See Response Body
[2024-12-10T07:09:18.358Z] Error reading register 6507 for IP 10.30.4.128: A Modbus Exception Occurred - See Response Body
[2024-12-10T07:09:18.359Z] Error reading actual data: A Modbus Exception Occurred - See Response Body
[2024-12-10T07:09:18.359Z] Error writing to Modbus register: A Modbus Exception Occurred - See Response Body
[2024-12-10T07:09:19.357Z] Error reading or processing Modbus registers: A Modbus Exception Occurred - See Response Body
[2024-12-10T07:09:19.359Z] Error reading register 6507 for IP 10.30.4.128: A Modbus Exception Occurred - See Response Body
[2024-12-10T07:09:19.360Z] Error reading actual data: A Modbus Exception Occurred - See Response Body
[2024-12-10T07:09:19.360Z] Error writing to Modbus register: A Modbus Exception Occurred - See Response Body
[2024-12-10T07:09:20.370Z] Error reading or processing Modbus registers: A Modbus Exception Occurred - See Response Body
[2024-12-10T07:09:20.372Z] Error reading register 6507 for IP 10.30.4.128: A Modbus Exception Occurred - See Response Body
[2024-12-10T07:09:20.373Z] Error reading actual data: A Modbus Exception Occurred - See Response Body
[2024-12-10T07:09:20.374Z] Error writing to Modbus register: A Modbus Exception Occurred - See Response Body
[2024-12-10T07:09:21.371Z] Error reading or processing Modbus registers: A Modbus Exception Occurred - See Response Body
[2024-12-10T07:09:21.373Z] Error reading register 6507 for IP 10.30.4.128: A Modbus Exception Occurred - See Response Body
[2024-12-10T07:09:21.374Z] Error reading actual data: A Modbus Exception Occurred - See Response Body
[2024-12-10T07:09:21.375Z] Error writing to Modbus register: A Modbus Exception Occurred - See Response Body
[2024-12-10T07:09:22.385Z] Error reading or processing Modbus registers: A Modbus Exception Occurred - See Response Body
[2024-12-10T07:09:22.388Z] Error reading register 6507 for IP 10.30.4.128: A Modbus Exception Occurred - See Response Body
[2024-12-10T07:09:22.389Z] Error reading actual data: A Modbus Exception Occurred - See Response Body
[2024-12-10T07:09:22.389Z] Error writing to Modbus register: A Modbus Exception Occurred - See Response Body
[2024-12-10T07:09:23.400Z] Error reading or processing Modbus registers: A Modbus Exception Occurred - See Response Body
[2024-12-10T07:09:23.402Z] Error reading register 6507 for IP 10.30.4.128: A Modbus Exception Occurred - See Response Body
[2024-12-10T07:09:23.403Z] Error reading actual data: A Modbus Exception Occurred - See Response Body
[2024-12-10T07:09:23.403Z] Error writing to Modbus register: A Modbus Exception Occurred - See Response Body
[2024-12-10T07:09:24.410Z] Error reading or processing Modbus registers: A Modbus Exception Occurred - See Response Body
[2024-12-10T07:09:24.413Z] Error reading register 6507 for IP 10.30.4.128: A Modbus Exception Occurred - See Response Body
[2024-12-10T07:09:24.414Z] Error reading actual data: A Modbus Exception Occurred - See Response Body
[2024-12-10T07:09:24.414Z] Error writing to Modbus register: A Modbus Exception Occurred - See Response Body
[2024-12-10T07:09:25.416Z] Error reading or processing Modbus registers: A Modbus Exception Occurred - See Response Body
[2024-12-10T07:09:25.419Z] Error reading register 6507 for IP 10.30.4.128: A Modbus Exception Occurred - See Response Body
[2024-12-10T07:09:25.419Z] Error reading actual data: A Modbus Exception Occurred - See Response Body
[2024-12-10T07:09:25.420Z] Error writing to Modbus register: A Modbus Exception Occurred - See Response Body
[2024-12-10T07:09:26.418Z] Error reading or processing Modbus registers: A Modbus Exception Occurred - See Response Body
[2024-12-10T07:09:26.420Z] Error reading register 6507 for IP 10.30.4.128: A Modbus Exception Occurred - See Response Body
[2024-12-10T07:09:26.421Z] Error reading actual data: A Modbus Exception Occurred - See Response Body
[2024-12-10T07:09:26.422Z] Error writing to Modbus register: A Modbus Exception Occurred - See Response Body
[2024-12-10T07:09:27.432Z] Error reading or processing Modbus registers: A Modbus Exception Occurred - See Response Body
[2024-12-10T07:09:27.435Z] Error reading register 6507 for IP 10.30.4.128: A Modbus Exception Occurred - See Response Body
[2024-12-10T07:09:27.436Z] Error reading actual data: A Modbus Exception Occurred - See Response Body
[2024-12-10T07:09:27.437Z] Error writing to Modbus register: A Modbus Exception Occurred - See Response Body
[2024-12-10T07:09:28.446Z] Error reading or processing Modbus registers: A Modbus Exception Occurred - See Response Body
[2024-12-10T07:09:28.449Z] Error reading register 6507 for IP 10.30.4.128: A Modbus Exception Occurred - See Response Body
[2024-12-10T07:09:28.450Z] Error reading actual data: A Modbus Exception Occurred - See Response Body
[2024-12-10T07:09:28.450Z] Error writing to Modbus register: A Modbus Exception Occurred - See Response Body
[2024-12-10T07:09:29.448Z] Error reading or processing Modbus registers: A Modbus Exception Occurred - See Response Body
[2024-12-10T07:09:29.451Z] Error reading register 6507 for IP 10.30.4.128: A Modbus Exception Occurred - See Response Body
[2024-12-10T07:09:29.451Z] Error reading actual data: A Modbus Exception Occurred - See Response Body
[2024-12-10T07:09:29.453Z] Error writing to Modbus register: A Modbus Exception Occurred - See Response Body
[2024-12-10T07:09:30.449Z] Error reading or processing Modbus registers: A Modbus Exception Occurred - See Response Body
[2024-12-10T07:09:30.452Z] Error reading register 6507 for IP 10.30.4.128: A Modbus Exception Occurred - See Response Body
[2024-12-10T07:09:30.453Z] Error reading actual data: A Modbus Exception Occurred - See Response Body
[2024-12-10T07:09:30.454Z] Error writing to Modbus register: A Modbus Exception Occurred - See Response Body
[2024-12-10T07:09:31.464Z] Error reading or processing Modbus registers: A Modbus Exception Occurred - See Response Body
[2024-12-10T07:09:31.467Z] Error reading register 6507 for IP 10.30.4.128: A Modbus Exception Occurred - See Response Body
[2024-12-10T07:09:31.468Z] Error reading actual data: A Modbus Exception Occurred - See Response Body
[2024-12-10T07:09:31.468Z] Error writing to Modbus register: A Modbus Exception Occurred - See Response Body
[2024-12-10T07:09:32.477Z] Error reading or processing Modbus registers: A Modbus Exception Occurred - See Response Body
[2024-12-10T07:09:32.479Z] Error reading register 6507 for IP 10.30.4.128: A Modbus Exception Occurred - See Response Body
[2024-12-10T07:09:32.480Z] Error reading actual data: A Modbus Exception Occurred - See Response Body
[2024-12-10T07:09:32.480Z] Error writing to Modbus register: A Modbus Exception Occurred - See Response Body
[2024-12-10T07:09:33.478Z] Error reading or processing Modbus registers: A Modbus Exception Occurred - See Response Body
[2024-12-10T07:09:33.480Z] Error reading register 6507 for IP 10.30.4.128: A Modbus Exception Occurred - See Response Body
[2024-12-10T07:09:33.481Z] Error reading actual data: A Modbus Exception Occurred - See Response Body
[2024-12-10T07:09:33.481Z] Error writing to Modbus register: A Modbus Exception Occurred - See Response Body
[2024-12-10T07:09:34.480Z] Error reading or processing Modbus registers: A Modbus Exception Occurred - See Response Body
[2024-12-10T07:09:34.482Z] Error reading register 6507 for IP 10.30.4.128: A Modbus Exception Occurred - See Response Body
[2024-12-10T07:09:34.483Z] Error reading actual data: A Modbus Exception Occurred - See Response Body
[2024-12-10T07:09:34.483Z] Error writing to Modbus register: A Modbus Exception Occurred - See Response Body
[2024-12-10T07:09:35.492Z] Error reading or processing Modbus registers: A Modbus Exception Occurred - See Response Body
[2024-12-10T07:09:35.495Z] Error reading register 6507 for IP 10.30.4.128: A Modbus Exception Occurred - See Response Body
[2024-12-10T07:09:35.495Z] Error reading actual data: A Modbus Exception Occurred - See Response Body
[2024-12-10T07:09:35.496Z] Error writing to Modbus register: A Modbus Exception Occurred - See Response Body
[2024-12-10T07:09:36.492Z] Error reading or processing Modbus registers: A Modbus Exception Occurred - See Response Body
[2024-12-10T07:09:36.495Z] Error reading register 6507 for IP 10.30.4.128: A Modbus Exception Occurred - See Response Body
[2024-12-10T07:09:36.495Z] Error reading actual data: A Modbus Exception Occurred - See Response Body
[2024-12-10T07:09:36.496Z] Error writing to Modbus register: A Modbus Exception Occurred - See Response Body
[2024-12-10T07:09:37.494Z] Error reading or processing Modbus registers: A Modbus Exception Occurred - See Response Body
[2024-12-10T07:09:37.496Z] Error reading register 6507 for IP 10.30.4.128: A Modbus Exception Occurred - See Response Body
[2024-12-10T07:09:37.497Z] Error reading actual data: A Modbus Exception Occurred - See Response Body
[2024-12-10T07:09:37.497Z] Error writing to Modbus register: A Modbus Exception Occurred - See Response Body
[2024-12-10T07:09:38.507Z] Error reading or processing Modbus registers: A Modbus Exception Occurred - See Response Body
[2024-12-10T07:09:38.509Z] Error reading register 6507 for IP 10.30.4.128: A Modbus Exception Occurred - See Response Body
[2024-12-10T07:09:38.510Z] Error reading actual data: A Modbus Exception Occurred - See Response Body
[2024-12-10T07:09:38.511Z] Error writing to Modbus register: A Modbus Exception Occurred - See Response Body
[2024-12-10T07:09:39.509Z] Error reading or processing Modbus registers: A Modbus Exception Occurred - See Response Body
[2024-12-10T07:09:39.511Z] Error reading register 6507 for IP 10.30.4.128: A Modbus Exception Occurred - See Response Body
[2024-12-10T07:09:39.512Z] Error reading actual data: A Modbus Exception Occurred - See Response Body
[2024-12-10T07:09:39.512Z] Error writing to Modbus register: A Modbus Exception Occurred - See Response Body
[2024-12-10T07:09:40.510Z] Error reading or processing Modbus registers: A Modbus Exception Occurred - See Response Body
[2024-12-10T07:09:40.512Z] Error reading register 6507 for IP 10.30.4.128: A Modbus Exception Occurred - See Response Body
[2024-12-10T07:09:40.513Z] Error reading actual data: A Modbus Exception Occurred - See Response Body
[2024-12-10T07:09:40.513Z] Error writing to Modbus register: A Modbus Exception Occurred - See Response Body
[2024-12-10T07:09:41.517Z] Error reading or processing Modbus registers: A Modbus Exception Occurred - See Response Body
[2024-12-10T07:09:41.519Z] Error reading register 6507 for IP 10.30.4.128: A Modbus Exception Occurred - See Response Body
[2024-12-10T07:09:41.520Z] Error reading actual data: A Modbus Exception Occurred - See Response Body
[2024-12-10T07:09:41.520Z] Error writing to Modbus register: A Modbus Exception Occurred - See Response Body
[2024-12-10T07:09:42.532Z] Error reading or processing Modbus registers: A Modbus Exception Occurred - See Response Body
[2024-12-10T07:09:42.535Z] Error reading register 6507 for IP 10.30.4.128: A Modbus Exception Occurred - See Response Body
[2024-12-10T07:09:42.535Z] Error reading actual data: A Modbus Exception Occurred - See Response Body
[2024-12-10T07:09:42.536Z] Error writing to Modbus register: A Modbus Exception Occurred - See Response Body
[2024-12-10T07:09:43.536Z] Error reading or processing Modbus registers: A Modbus Exception Occurred - See Response Body
[2024-12-10T07:09:43.538Z] Error reading register 6507 for IP 10.30.4.128: A Modbus Exception Occurred - See Response Body
[2024-12-10T07:09:43.539Z] Error reading actual data: A Modbus Exception Occurred - See Response Body
[2024-12-10T07:09:43.539Z] Error writing to Modbus register: A Modbus Exception Occurred - See Response Body
[2024-12-10T07:09:44.537Z] Error reading or processing Modbus registers: A Modbus Exception Occurred - See Response Body
[2024-12-10T07:09:44.539Z] Error reading register 6507 for IP 10.30.4.128: A Modbus Exception Occurred - See Response Body
[2024-12-10T07:09:44.540Z] Error reading actual data: A Modbus Exception Occurred - See Response Body
[2024-12-10T07:09:44.541Z] Error writing to Modbus register: A Modbus Exception Occurred - See Response Body
[2024-12-10T07:09:45.540Z] Error reading or processing Modbus registers: A Modbus Exception Occurred - See Response Body
[2024-12-10T07:09:45.542Z] Error reading register 6507 for IP 10.30.4.128: A Modbus Exception Occurred - See Response Body
[2024-12-10T07:09:45.543Z] Error reading actual data: A Modbus Exception Occurred - See Response Body
[2024-12-10T07:09:45.543Z] Error writing to Modbus register: A Modbus Exception Occurred - See Response Body
[2024-12-10T07:09:46.553Z] Error reading or processing Modbus registers: A Modbus Exception Occurred - See Response Body
[2024-12-10T07:09:46.555Z] Error reading register 6507 for IP 10.30.4.128: A Modbus Exception Occurred - See Response Body
[2024-12-10T07:09:46.556Z] Error reading actual data: A Modbus Exception Occurred - See Response Body
[2024-12-10T07:09:46.556Z] Error writing to Modbus register: A Modbus Exception Occurred - See Response Body
[2024-12-10T07:09:47.565Z] Error reading or processing Modbus registers: A Modbus Exception Occurred - See Response Body
[2024-12-10T07:09:47.568Z] Error reading register 6507 for IP 10.30.4.128: A Modbus Exception Occurred - See Response Body
[2024-12-10T07:09:47.569Z] Error reading actual data: A Modbus Exception Occurred - See Response Body
[2024-12-10T07:09:47.570Z] Error writing to Modbus register: A Modbus Exception Occurred - See Response Body
[2024-12-10T07:09:48.567Z] Error reading or processing Modbus registers: A Modbus Exception Occurred - See Response Body
[2024-12-10T07:09:48.570Z] Error reading register 6507 for IP 10.30.4.128: A Modbus Exception Occurred - See Response Body
[2024-12-10T07:09:48.570Z] Error reading actual data: A Modbus Exception Occurred - See Response Body
[2024-12-10T07:09:48.571Z] Error writing to Modbus register: A Modbus Exception Occurred - See Response Body
[2024-12-10T07:09:49.581Z] Error reading or processing Modbus registers: A Modbus Exception Occurred - See Response Body
[2024-12-10T07:09:49.584Z] Error reading register 6507 for IP 10.30.4.128: A Modbus Exception Occurred - See Response Body
[2024-12-10T07:09:49.584Z] Error reading actual data: A Modbus Exception Occurred - See Response Body
[2024-12-10T07:09:49.585Z] Error writing to Modbus register: A Modbus Exception Occurred - See Response Body
[2024-12-10T07:09:50.582Z] Error reading or processing Modbus registers: A Modbus Exception Occurred - See Response Body
[2024-12-10T07:09:50.584Z] Error reading register 6507 for IP 10.30.4.128: A Modbus Exception Occurred - See Response Body
[2024-12-10T07:09:50.585Z] Error reading actual data: A Modbus Exception Occurred - See Response Body
[2024-12-10T07:09:50.585Z] Error writing to Modbus register: A Modbus Exception Occurred - See Response Body
[2024-12-10T07:09:51.596Z] Error reading or processing Modbus registers: A Modbus Exception Occurred - See Response Body
[2024-12-10T07:09:51.599Z] Error reading register 6507 for IP 10.30.4.128: A Modbus Exception Occurred - See Response Body
[2024-12-10T07:09:51.600Z] Error reading actual data: A Modbus Exception Occurred - See Response Body
[2024-12-10T07:09:51.601Z] Error writing to Modbus register: A Modbus Exception Occurred - See Response Body
[2024-12-10T07:09:52.597Z] Error reading or processing Modbus registers: A Modbus Exception Occurred - See Response Body
[2024-12-10T07:09:52.599Z] Error reading register 6507 for IP 10.30.4.128: A Modbus Exception Occurred - See Response Body
[2024-12-10T07:09:52.600Z] Error reading actual data: A Modbus Exception Occurred - See Response Body
[2024-12-10T07:09:52.601Z] Error writing to Modbus register: A Modbus Exception Occurred - See Response Body
[2024-12-10T07:09:53.597Z] Error reading or processing Modbus registers: A Modbus Exception Occurred - See Response Body
[2024-12-10T07:09:53.599Z] Error reading register 6507 for IP 10.30.4.128: A Modbus Exception Occurred - See Response Body
[2024-12-10T07:09:53.600Z] Error reading actual data: A Modbus Exception Occurred - See Response Body
[2024-12-10T07:09:53.601Z] Error writing to Modbus register: A Modbus Exception Occurred - See Response Body
[2024-12-10T07:09:54.612Z] Error reading or processing Modbus registers: A Modbus Exception Occurred - See Response Body
[2024-12-10T07:09:54.614Z] Error reading register 6507 for IP 10.30.4.128: A Modbus Exception Occurred - See Response Body
[2024-12-10T07:09:54.615Z] Error reading actual data: A Modbus Exception Occurred - See Response Body
[2024-12-10T07:09:54.615Z] Error writing to Modbus register: A Modbus Exception Occurred - See Response Body
[2024-12-10T07:09:55.626Z] Error reading or processing Modbus registers: A Modbus Exception Occurred - See Response Body
[2024-12-10T07:09:55.629Z] Error reading register 6507 for IP 10.30.4.128: A Modbus Exception Occurred - See Response Body
[2024-12-10T07:09:55.630Z] Error reading actual data: A Modbus Exception Occurred - See Response Body
[2024-12-10T07:09:55.630Z] Error writing to Modbus register: A Modbus Exception Occurred - See Response Body
[2024-12-10T07:09:56.626Z] Error reading or processing Modbus registers: A Modbus Exception Occurred - See Response Body
[2024-12-10T07:09:56.629Z] Error reading register 6507 for IP 10.30.4.128: A Modbus Exception Occurred - See Response Body
[2024-12-10T07:09:56.629Z] Error reading actual data: A Modbus Exception Occurred - See Response Body
[2024-12-10T07:09:56.630Z] Error writing to Modbus register: A Modbus Exception Occurred - See Response Body
[2024-12-10T07:09:57.639Z] Error reading or processing Modbus registers: A Modbus Exception Occurred - See Response Body
[2024-12-10T07:09:57.642Z] Error reading register 6507 for IP 10.30.4.128: A Modbus Exception Occurred - See Response Body
[2024-12-10T07:09:57.642Z] Error reading actual data: A Modbus Exception Occurred - See Response Body
[2024-12-10T07:09:57.643Z] Error writing to Modbus register: A Modbus Exception Occurred - See Response Body
[2024-12-10T07:09:58.653Z] Error reading or processing Modbus registers: A Modbus Exception Occurred - See Response Body
[2024-12-10T07:09:58.656Z] Error reading register 6507 for IP 10.30.4.128: A Modbus Exception Occurred - See Response Body
[2024-12-10T07:09:58.656Z] Error reading actual data: A Modbus Exception Occurred - See Response Body
[2024-12-10T07:09:58.657Z] Error writing to Modbus register: A Modbus Exception Occurred - See Response Body
[2024-12-10T07:09:59.666Z] Error reading or processing Modbus registers: A Modbus Exception Occurred - See Response Body
[2024-12-10T07:09:59.668Z] Error reading register 6507 for IP 10.30.4.128: A Modbus Exception Occurred - See Response Body
[2024-12-10T07:09:59.669Z] Error reading actual data: A Modbus Exception Occurred - See Response Body
[2024-12-10T07:09:59.670Z] Error writing to Modbus register: A Modbus Exception Occurred - See Response Body
[2024-12-10T07:10:00.681Z] Error reading or processing Modbus registers: A Modbus Exception Occurred - See Response Body
[2024-12-10T07:10:00.683Z] Error reading register 6507 for IP 10.30.4.128: A Modbus Exception Occurred - See Response Body
[2024-12-10T07:10:00.684Z] Error reading actual data: A Modbus Exception Occurred - See Response Body
[2024-12-10T07:10:00.684Z] Error writing to Modbus register: A Modbus Exception Occurred - See Response Body
[2024-12-10T07:10:01.684Z] Error reading or processing Modbus registers: A Modbus Exception Occurred - See Response Body
[2024-12-10T07:10:01.687Z] Error reading register 6507 for IP 10.30.4.128: A Modbus Exception Occurred - See Response Body
[2024-12-10T07:10:01.688Z] Error reading actual data: A Modbus Exception Occurred - See Response Body
[2024-12-10T07:10:01.688Z] Error writing to Modbus register: A Modbus Exception Occurred - See Response Body
[2024-12-10T07:10:02.701Z] Error reading or processing Modbus registers: A Modbus Exception Occurred - See Response Body
[2024-12-10T07:10:02.704Z] Error reading register 6507 for IP 10.30.4.128: A Modbus Exception Occurred - See Response Body
[2024-12-10T07:10:02.704Z] Error reading actual data: A Modbus Exception Occurred - See Response Body
[2024-12-10T07:10:02.706Z] Error writing to Modbus register: A Modbus Exception Occurred - See Response Body
[2024-12-10T07:10:03.701Z] Error reading or processing Modbus registers: A Modbus Exception Occurred - See Response Body
[2024-12-10T07:10:03.704Z] Error reading register 6507 for IP 10.30.4.128: A Modbus Exception Occurred - See Response Body
[2024-12-10T07:10:03.705Z] Error reading actual data: A Modbus Exception Occurred - See Response Body
[2024-12-10T07:10:03.705Z] Error writing to Modbus register: A Modbus Exception Occurred - See Response Body
[2024-12-10T07:10:04.702Z] Error reading or processing Modbus registers: A Modbus Exception Occurred - See Response Body
[2024-12-10T07:10:04.705Z] Error reading register 6507 for IP 10.30.4.128: A Modbus Exception Occurred - See Response Body
[2024-12-10T07:10:04.705Z] Error reading actual data: A Modbus Exception Occurred - See Response Body
[2024-12-10T07:10:04.706Z] Error writing to Modbus register: A Modbus Exception Occurred - See Response Body
[2024-12-10T07:10:05.705Z] Error reading or processing Modbus registers: A Modbus Exception Occurred - See Response Body
[2024-12-10T07:10:05.707Z] Error reading register 6507 for IP 10.30.4.128: A Modbus Exception Occurred - See Response Body
[2024-12-10T07:10:05.708Z] Error reading actual data: A Modbus Exception Occurred - See Response Body
[2024-12-10T07:10:05.708Z] Error writing to Modbus register: A Modbus Exception Occurred - See Response Body
[2024-12-10T07:10:06.716Z] Error reading or processing Modbus registers: A Modbus Exception Occurred - See Response Body
[2024-12-10T07:10:06.718Z] Error reading register 6507 for IP 10.30.4.128: A Modbus Exception Occurred - See Response Body
[2024-12-10T07:10:06.719Z] Error reading actual data: A Modbus Exception Occurred - See Response Body
[2024-12-10T07:10:06.720Z] Error writing to Modbus register: A Modbus Exception Occurred - See Response Body
[2024-12-10T07:10:07.717Z] Error reading or processing Modbus registers: A Modbus Exception Occurred - See Response Body
[2024-12-10T07:10:07.719Z] Error reading register 6507 for IP 10.30.4.128: A Modbus Exception Occurred - See Response Body
[2024-12-10T07:10:07.720Z] Error reading actual data: A Modbus Exception Occurred - See Response Body
[2024-12-10T07:10:07.720Z] Error writing to Modbus register: A Modbus Exception Occurred - See Response Body
[2024-12-10T07:10:08.728Z] Error reading or processing Modbus registers: A Modbus Exception Occurred - See Response Body
[2024-12-10T07:10:08.731Z] Error reading register 6507 for IP 10.30.4.128: A Modbus Exception Occurred - See Response Body
[2024-12-10T07:10:08.731Z] Error reading actual data: A Modbus Exception Occurred - See Response Body
[2024-12-10T07:10:08.732Z] Error writing to Modbus register: A Modbus Exception Occurred - See Response Body
[2024-12-10T07:10:09.729Z] Error reading or processing Modbus registers: A Modbus Exception Occurred - See Response Body
[2024-12-10T07:10:09.731Z] Error reading register 6507 for IP 10.30.4.128: A Modbus Exception Occurred - See Response Body
[2024-12-10T07:10:09.732Z] Error reading actual data: A Modbus Exception Occurred - See Response Body
[2024-12-10T07:10:09.733Z] Error writing to Modbus register: A Modbus Exception Occurred - See Response Body
[2024-12-10T07:10:10.741Z] Error reading or processing Modbus registers: A Modbus Exception Occurred - See Response Body
[2024-12-10T07:10:10.744Z] Error reading register 6507 for IP 10.30.4.128: A Modbus Exception Occurred - See Response Body
[2024-12-10T07:10:10.744Z] Error reading actual data: A Modbus Exception Occurred - See Response Body
[2024-12-10T07:10:10.745Z] Error writing to Modbus register: A Modbus Exception Occurred - See Response Body
[2024-12-10T07:10:11.755Z] Error reading or processing Modbus registers: A Modbus Exception Occurred - See Response Body
[2024-12-10T07:10:11.757Z] Error reading register 6507 for IP 10.30.4.128: A Modbus Exception Occurred - See Response Body
[2024-12-10T07:10:11.758Z] Error reading actual data: A Modbus Exception Occurred - See Response Body
[2024-12-10T07:10:11.759Z] Error writing to Modbus register: A Modbus Exception Occurred - See Response Body
[2024-12-10T07:10:12.756Z] Error reading or processing Modbus registers: A Modbus Exception Occurred - See Response Body
[2024-12-10T07:10:12.758Z] Error reading register 6507 for IP 10.30.4.128: A Modbus Exception Occurred - See Response Body
[2024-12-10T07:10:12.759Z] Error reading actual data: A Modbus Exception Occurred - See Response Body
[2024-12-10T07:10:12.759Z] Error writing to Modbus register: A Modbus Exception Occurred - See Response Body
[2024-12-10T07:10:13.769Z] Error reading or processing Modbus registers: A Modbus Exception Occurred - See Response Body
[2024-12-10T07:10:13.771Z] Error reading register 6507 for IP 10.30.4.128: A Modbus Exception Occurred - See Response Body
[2024-12-10T07:10:13.772Z] Error reading actual data: A Modbus Exception Occurred - See Response Body
[2024-12-10T07:10:13.772Z] Error writing to Modbus register: A Modbus Exception Occurred - See Response Body
[2024-12-10T07:10:14.768Z] Error reading or processing Modbus registers: A Modbus Exception Occurred - See Response Body
[2024-12-10T07:10:14.771Z] Error reading register 6507 for IP 10.30.4.128: A Modbus Exception Occurred - See Response Body
[2024-12-10T07:10:14.772Z] Error reading actual data: A Modbus Exception Occurred - See Response Body
[2024-12-10T07:10:14.772Z] Error writing to Modbus register: A Modbus Exception Occurred - See Response Body
[2024-12-10T07:10:15.782Z] Error reading or processing Modbus registers: A Modbus Exception Occurred - See Response Body
[2024-12-10T07:10:15.784Z] Error reading register 6507 for IP 10.30.4.128: A Modbus Exception Occurred - See Response Body
[2024-12-10T07:10:15.785Z] Error reading actual data: A Modbus Exception Occurred - See Response Body
[2024-12-10T07:10:15.786Z] Error writing to Modbus register: A Modbus Exception Occurred - See Response Body
[2024-12-10T07:10:16.794Z] Error reading or processing Modbus registers: A Modbus Exception Occurred - See Response Body
[2024-12-10T07:10:16.796Z] Error reading register 6507 for IP 10.30.4.128: A Modbus Exception Occurred - See Response Body
[2024-12-10T07:10:16.797Z] Error reading actual data: A Modbus Exception Occurred - See Response Body
[2024-12-10T07:10:16.798Z] Error writing to Modbus register: A Modbus Exception Occurred - See Response Body
[2024-12-10T07:10:17.806Z] Error reading or processing Modbus registers: A Modbus Exception Occurred - See Response Body
[2024-12-10T07:10:17.808Z] Error reading register 6507 for IP 10.30.4.128: A Modbus Exception Occurred - See Response Body
[2024-12-10T07:10:17.809Z] Error reading actual data: A Modbus Exception Occurred - See Response Body
[2024-12-10T07:10:17.809Z] Error writing to Modbus register: A Modbus Exception Occurred - See Response Body
[2024-12-10T07:10:18.819Z] Error reading or processing Modbus registers: A Modbus Exception Occurred - See Response Body
[2024-12-10T07:10:18.822Z] Error reading register 6507 for IP 10.30.4.128: A Modbus Exception Occurred - See Response Body
[2024-12-10T07:10:18.822Z] Error reading actual data: A Modbus Exception Occurred - See Response Body
[2024-12-10T07:10:18.823Z] Error writing to Modbus register: A Modbus Exception Occurred - See Response Body
[2024-12-10T07:10:19.832Z] Error reading or processing Modbus registers: A Modbus Exception Occurred - See Response Body
[2024-12-10T07:10:19.834Z] Error reading register 6507 for IP 10.30.4.128: A Modbus Exception Occurred - See Response Body
[2024-12-10T07:10:19.835Z] Error reading actual data: A Modbus Exception Occurred - See Response Body
[2024-12-10T07:10:19.836Z] Error writing to Modbus register: A Modbus Exception Occurred - See Response Body
[2024-12-10T07:10:20.832Z] Error reading or processing Modbus registers: A Modbus Exception Occurred - See Response Body
[2024-12-10T07:10:20.834Z] Error reading register 6507 for IP 10.30.4.128: A Modbus Exception Occurred - See Response Body
[2024-12-10T07:10:20.835Z] Error reading actual data: A Modbus Exception Occurred - See Response Body
[2024-12-10T07:10:20.835Z] Error writing to Modbus register: A Modbus Exception Occurred - See Response Body
[2024-12-10T07:10:21.845Z] Error reading or processing Modbus registers: A Modbus Exception Occurred - See Response Body
[2024-12-10T07:10:21.847Z] Error reading register 6507 for IP 10.30.4.128: A Modbus Exception Occurred - See Response Body
[2024-12-10T07:10:21.848Z] Error reading actual data: A Modbus Exception Occurred - See Response Body
[2024-12-10T07:10:21.849Z] Error writing to Modbus register: A Modbus Exception Occurred - See Response Body
[2024-12-10T07:10:22.845Z] Error reading or processing Modbus registers: A Modbus Exception Occurred - See Response Body
[2024-12-10T07:10:22.847Z] Error reading register 6507 for IP 10.30.4.128: A Modbus Exception Occurred - See Response Body
[2024-12-10T07:10:22.848Z] Error reading actual data: A Modbus Exception Occurred - See Response Body
[2024-12-10T07:10:22.848Z] Error writing to Modbus register: A Modbus Exception Occurred - See Response Body
[2024-12-10T07:10:23.860Z] Error reading or processing Modbus registers: A Modbus Exception Occurred - See Response Body
[2024-12-10T07:10:23.862Z] Error reading register 6507 for IP 10.30.4.128: A Modbus Exception Occurred - See Response Body
[2024-12-10T07:10:23.863Z] Error reading actual data: A Modbus Exception Occurred - See Response Body
[2024-12-10T07:10:23.863Z] Error writing to Modbus register: A Modbus Exception Occurred - See Response Body
[2024-12-10T07:10:24.861Z] Error reading or processing Modbus registers: A Modbus Exception Occurred - See Response Body
[2024-12-10T07:10:24.863Z] Error reading register 6507 for IP 10.30.4.128: A Modbus Exception Occurred - See Response Body
[2024-12-10T07:10:24.864Z] Error reading actual data: A Modbus Exception Occurred - See Response Body
[2024-12-10T07:10:24.864Z] Error writing to Modbus register: A Modbus Exception Occurred - See Response Body
[2024-12-10T07:10:25.863Z] Error reading or processing Modbus registers: A Modbus Exception Occurred - See Response Body
[2024-12-10T07:10:25.887Z] Error reading register 6507 for IP 10.30.4.128: A Modbus Exception Occurred - See Response Body
[2024-12-10T07:10:25.888Z] Error reading actual data: A Modbus Exception Occurred - See Response Body
[2024-12-10T07:10:25.889Z] Error writing to Modbus register: A Modbus Exception Occurred - See Response Body
[2024-12-10T07:10:26.872Z] Error reading or processing Modbus registers: A Modbus Exception Occurred - See Response Body
[2024-12-10T07:10:26.874Z] Error reading register 6507 for IP 10.30.4.128: A Modbus Exception Occurred - See Response Body
[2024-12-10T07:10:26.875Z] Error reading actual data: A Modbus Exception Occurred - See Response Body
[2024-12-10T07:10:26.876Z] Error writing to Modbus register: A Modbus Exception Occurred - See Response Body
[2024-12-10T07:10:27.887Z] Error reading or processing Modbus registers: A Modbus Exception Occurred - See Response Body
[2024-12-10T07:10:27.889Z] Error reading register 6507 for IP 10.30.4.128: A Modbus Exception Occurred - See Response Body
[2024-12-10T07:10:27.890Z] Error reading actual data: A Modbus Exception Occurred - See Response Body
[2024-12-10T07:10:27.891Z] Error writing to Modbus register: A Modbus Exception Occurred - See Response Body
[2024-12-10T07:10:28.892Z] Error reading or processing Modbus registers: A Modbus Exception Occurred - See Response Body
[2024-12-10T07:10:28.895Z] Error reading register 6507 for IP 10.30.4.128: A Modbus Exception Occurred - See Response Body
[2024-12-10T07:10:28.895Z] Error reading actual data: A Modbus Exception Occurred - See Response Body
[2024-12-10T07:10:28.896Z] Error writing to Modbus register: A Modbus Exception Occurred - See Response Body
[2024-12-10T07:10:29.893Z] Error reading or processing Modbus registers: A Modbus Exception Occurred - See Response Body
[2024-12-10T07:10:29.895Z] Error reading register 6507 for IP 10.30.4.128: A Modbus Exception Occurred - See Response Body
[2024-12-10T07:10:29.896Z] Error reading actual data: A Modbus Exception Occurred - See Response Body
[2024-12-10T07:10:29.897Z] Error writing to Modbus register: A Modbus Exception Occurred - See Response Body
[2024-12-10T07:10:30.894Z] Error reading or processing Modbus registers: A Modbus Exception Occurred - See Response Body
[2024-12-10T07:10:30.897Z] Error reading register 6507 for IP 10.30.4.128: A Modbus Exception Occurred - See Response Body
[2024-12-10T07:10:30.897Z] Error reading actual data: A Modbus Exception Occurred - See Response Body
[2024-12-10T07:10:30.898Z] Error writing to Modbus register: A Modbus Exception Occurred - See Response Body
[2024-12-10T07:10:31.899Z] Error reading or processing Modbus registers: A Modbus Exception Occurred - See Response Body
[2024-12-10T07:10:31.901Z] Error reading register 6507 for IP 10.30.4.128: A Modbus Exception Occurred - See Response Body
[2024-12-10T07:10:31.902Z] Error reading actual data: A Modbus Exception Occurred - See Response Body
[2024-12-10T07:10:31.903Z] Error writing to Modbus register: A Modbus Exception Occurred - See Response Body
[2024-12-10T07:10:32.903Z] Error reading or processing Modbus registers: A Modbus Exception Occurred - See Response Body
[2024-12-10T07:10:32.905Z] Error reading register 6507 for IP 10.30.4.128: A Modbus Exception Occurred - See Response Body
[2024-12-10T07:10:32.906Z] Error reading actual data: A Modbus Exception Occurred - See Response Body
[2024-12-10T07:10:32.907Z] Error writing to Modbus register: A Modbus Exception Occurred - See Response Body
[2024-12-10T07:10:33.916Z] Error reading or processing Modbus registers: A Modbus Exception Occurred - See Response Body
[2024-12-10T07:10:33.918Z] Error reading register 6507 for IP 10.30.4.128: A Modbus Exception Occurred - See Response Body
[2024-12-10T07:10:33.919Z] Error reading actual data: A Modbus Exception Occurred - See Response Body
[2024-12-10T07:10:33.920Z] Error writing to Modbus register: A Modbus Exception Occurred - See Response Body
[2024-12-10T07:10:34.928Z] Error reading or processing Modbus registers: A Modbus Exception Occurred - See Response Body
[2024-12-10T07:10:34.931Z] Error reading register 6507 for IP 10.30.4.128: A Modbus Exception Occurred - See Response Body
[2024-12-10T07:10:34.932Z] Error reading actual data: A Modbus Exception Occurred - See Response Body
[2024-12-10T07:10:34.932Z] Error writing to Modbus register: A Modbus Exception Occurred - See Response Body
[2024-12-10T07:10:35.939Z] Error reading or processing Modbus registers: A Modbus Exception Occurred - See Response Body
[2024-12-10T07:10:35.942Z] Error reading register 6507 for IP 10.30.4.128: A Modbus Exception Occurred - See Response Body
[2024-12-10T07:10:35.943Z] Error reading actual data: A Modbus Exception Occurred - See Response Body
[2024-12-10T07:10:35.943Z] Error writing to Modbus register: A Modbus Exception Occurred - See Response Body
[2024-12-10T07:10:36.942Z] Error reading or processing Modbus registers: A Modbus Exception Occurred - See Response Body
[2024-12-10T07:10:36.944Z] Error reading register 6507 for IP 10.30.4.128: A Modbus Exception Occurred - See Response Body
[2024-12-10T07:10:36.945Z] Error reading actual data: A Modbus Exception Occurred - See Response Body
[2024-12-10T07:10:36.946Z] Error writing to Modbus register: A Modbus Exception Occurred - See Response Body
[2024-12-10T07:10:37.955Z] Error reading or processing Modbus registers: A Modbus Exception Occurred - See Response Body
[2024-12-10T07:10:37.958Z] Error reading register 6507 for IP 10.30.4.128: A Modbus Exception Occurred - See Response Body
[2024-12-10T07:10:37.958Z] Error reading actual data: A Modbus Exception Occurred - See Response Body
[2024-12-10T07:10:37.959Z] Error writing to Modbus register: A Modbus Exception Occurred - See Response Body
[2024-12-10T07:10:38.969Z] Error reading or processing Modbus registers: A Modbus Exception Occurred - See Response Body
[2024-12-10T07:10:38.972Z] Error reading register 6507 for IP 10.30.4.128: A Modbus Exception Occurred - See Response Body
[2024-12-10T07:10:38.973Z] Error reading actual data: A Modbus Exception Occurred - See Response Body
[2024-12-10T07:10:38.973Z] Error writing to Modbus register: A Modbus Exception Occurred - See Response Body
[2024-12-10T07:10:39.984Z] Error reading or processing Modbus registers: A Modbus Exception Occurred - See Response Body
[2024-12-10T07:10:39.987Z] Error reading register 6507 for IP 10.30.4.128: A Modbus Exception Occurred - See Response Body
[2024-12-10T07:10:39.987Z] Error reading actual data: A Modbus Exception Occurred - See Response Body
[2024-12-10T07:10:39.988Z] Error writing to Modbus register: A Modbus Exception Occurred - See Response Body
[2024-12-10T07:10:40.999Z] Error reading or processing Modbus registers: A Modbus Exception Occurred - See Response Body
[2024-12-10T07:10:41.001Z] Error reading register 6507 for IP 10.30.4.128: A Modbus Exception Occurred - See Response Body
[2024-12-10T07:10:41.002Z] Error reading actual data: A Modbus Exception Occurred - See Response Body
[2024-12-10T07:10:41.002Z] Error writing to Modbus register: A Modbus Exception Occurred - See Response Body
[2024-12-10T07:10:42.013Z] Error reading or processing Modbus registers: A Modbus Exception Occurred - See Response Body
[2024-12-10T07:10:42.015Z] Error reading register 6507 for IP 10.30.4.128: A Modbus Exception Occurred - See Response Body
[2024-12-10T07:10:42.016Z] Error reading actual data: A Modbus Exception Occurred - See Response Body
[2024-12-10T07:10:42.016Z] Error writing to Modbus register: A Modbus Exception Occurred - See Response Body
[2024-12-10T07:10:43.028Z] Error reading or processing Modbus registers: A Modbus Exception Occurred - See Response Body
[2024-12-10T07:10:43.030Z] Error reading register 6507 for IP 10.30.4.128: A Modbus Exception Occurred - See Response Body
[2024-12-10T07:10:43.031Z] Error reading actual data: A Modbus Exception Occurred - See Response Body
[2024-12-10T07:10:43.031Z] Error writing to Modbus register: A Modbus Exception Occurred - See Response Body
[2024-12-10T07:10:44.042Z] Error reading or processing Modbus registers: A Modbus Exception Occurred - See Response Body
[2024-12-10T07:10:44.045Z] Error reading register 6507 for IP 10.30.4.128: A Modbus Exception Occurred - See Response Body
[2024-12-10T07:10:44.045Z] Error reading actual data: A Modbus Exception Occurred - See Response Body
[2024-12-10T07:10:44.046Z] Error writing to Modbus register: A Modbus Exception Occurred - See Response Body
[2024-12-10T07:10:45.043Z] Error reading or processing Modbus registers: A Modbus Exception Occurred - See Response Body
[2024-12-10T07:10:45.045Z] Error reading register 6507 for IP 10.30.4.128: A Modbus Exception Occurred - See Response Body
[2024-12-10T07:10:45.046Z] Error reading actual data: A Modbus Exception Occurred - See Response Body
[2024-12-10T07:10:45.046Z] Error writing to Modbus register: A Modbus Exception Occurred - See Response Body
[2024-12-10T07:10:46.042Z] Error reading or processing Modbus registers: A Modbus Exception Occurred - See Response Body
[2024-12-10T07:10:46.045Z] Error reading register 6507 for IP 10.30.4.128: A Modbus Exception Occurred - See Response Body
[2024-12-10T07:10:46.046Z] Error reading actual data: A Modbus Exception Occurred - See Response Body
[2024-12-10T07:10:46.046Z] Error writing to Modbus register: A Modbus Exception Occurred - See Response Body
[2024-12-10T07:10:47.055Z] Error reading or processing Modbus registers: A Modbus Exception Occurred - See Response Body
[2024-12-10T07:10:47.059Z] Error reading register 6507 for IP 10.30.4.128: A Modbus Exception Occurred - See Response Body
[2024-12-10T07:10:47.060Z] Error reading actual data: A Modbus Exception Occurred - See Response Body
[2024-12-10T07:10:47.060Z] Error writing to Modbus register: A Modbus Exception Occurred - See Response Body
[2024-12-10T07:10:48.055Z] Error reading or processing Modbus registers: A Modbus Exception Occurred - See Response Body
[2024-12-10T07:10:48.057Z] Error reading register 6507 for IP 10.30.4.128: A Modbus Exception Occurred - See Response Body
[2024-12-10T07:10:48.058Z] Error reading actual data: A Modbus Exception Occurred - See Response Body
[2024-12-10T07:10:48.058Z] Error writing to Modbus register: A Modbus Exception Occurred - See Response Body
[2024-12-10T07:10:49.069Z] Error reading or processing Modbus registers: A Modbus Exception Occurred - See Response Body
[2024-12-10T07:10:49.071Z] Error reading register 6507 for IP 10.30.4.128: A Modbus Exception Occurred - See Response Body
[2024-12-10T07:10:49.072Z] Error reading actual data: A Modbus Exception Occurred - See Response Body
[2024-12-10T07:10:49.072Z] Error writing to Modbus register: A Modbus Exception Occurred - See Response Body
[2024-12-10T07:10:50.069Z] Error reading or processing Modbus registers: A Modbus Exception Occurred - See Response Body
[2024-12-10T07:10:50.071Z] Error reading register 6507 for IP 10.30.4.128: A Modbus Exception Occurred - See Response Body
[2024-12-10T07:10:50.072Z] Error reading actual data: A Modbus Exception Occurred - See Response Body
[2024-12-10T07:10:50.072Z] Error writing to Modbus register: A Modbus Exception Occurred - See Response Body
[2024-12-10T07:10:51.081Z] Error reading or processing Modbus registers: A Modbus Exception Occurred - See Response Body
[2024-12-10T07:10:51.084Z] Error reading register 6507 for IP 10.30.4.128: A Modbus Exception Occurred - See Response Body
[2024-12-10T07:10:51.085Z] Error reading actual data: A Modbus Exception Occurred - See Response Body
[2024-12-10T07:10:51.086Z] Error writing to Modbus register: A Modbus Exception Occurred - See Response Body
[2024-12-10T07:10:52.095Z] Error reading or processing Modbus registers: A Modbus Exception Occurred - See Response Body
[2024-12-10T07:10:52.098Z] Error reading register 6507 for IP 10.30.4.128: A Modbus Exception Occurred - See Response Body
[2024-12-10T07:10:52.099Z] Error reading actual data: A Modbus Exception Occurred - See Response Body
[2024-12-10T07:10:52.100Z] Error writing to Modbus register: A Modbus Exception Occurred - See Response Body
[2024-12-10T07:10:53.095Z] Error reading or processing Modbus registers: A Modbus Exception Occurred - See Response Body
[2024-12-10T07:10:53.098Z] Error reading register 6507 for IP 10.30.4.128: A Modbus Exception Occurred - See Response Body
[2024-12-10T07:10:53.098Z] Error reading actual data: A Modbus Exception Occurred - See Response Body
[2024-12-10T07:10:53.099Z] Error writing to Modbus register: A Modbus Exception Occurred - See Response Body
[2024-12-10T07:10:54.097Z] Error reading or processing Modbus registers: A Modbus Exception Occurred - See Response Body
[2024-12-10T07:10:54.100Z] Error reading register 6507 for IP 10.30.4.128: A Modbus Exception Occurred - See Response Body
[2024-12-10T07:10:54.100Z] Error reading actual data: A Modbus Exception Occurred - See Response Body
[2024-12-10T07:10:54.101Z] Error writing to Modbus register: A Modbus Exception Occurred - See Response Body
[2024-12-10T07:10:55.111Z] Error reading or processing Modbus registers: A Modbus Exception Occurred - See Response Body
[2024-12-10T07:10:55.114Z] Error reading register 6507 for IP 10.30.4.128: A Modbus Exception Occurred - See Response Body
[2024-12-10T07:10:55.115Z] Error reading actual data: A Modbus Exception Occurred - See Response Body
[2024-12-10T07:10:55.115Z] Error writing to Modbus register: A Modbus Exception Occurred - See Response Body
[2024-12-10T07:10:56.112Z] Error reading or processing Modbus registers: A Modbus Exception Occurred - See Response Body
[2024-12-10T07:10:56.114Z] Error reading register 6507 for IP 10.30.4.128: A Modbus Exception Occurred - See Response Body
[2024-12-10T07:10:56.115Z] Error reading actual data: A Modbus Exception Occurred - See Response Body
[2024-12-10T07:10:56.116Z] Error writing to Modbus register: A Modbus Exception Occurred - See Response Body
[2024-12-10T07:10:57.126Z] Error reading or processing Modbus registers: A Modbus Exception Occurred - See Response Body
[2024-12-10T07:10:57.128Z] Error reading register 6507 for IP 10.30.4.128: A Modbus Exception Occurred - See Response Body
[2024-12-10T07:10:57.129Z] Error reading actual data: A Modbus Exception Occurred - See Response Body
[2024-12-10T07:10:57.129Z] Error writing to Modbus register: A Modbus Exception Occurred - See Response Body
[2024-12-10T07:10:58.140Z] Error reading or processing Modbus registers: A Modbus Exception Occurred - See Response Body
[2024-12-10T07:10:58.143Z] Error reading register 6507 for IP 10.30.4.128: A Modbus Exception Occurred - See Response Body
[2024-12-10T07:10:58.144Z] Error reading actual data: A Modbus Exception Occurred - See Response Body
[2024-12-10T07:10:58.144Z] Error writing to Modbus register: A Modbus Exception Occurred - See Response Body
[2024-12-10T07:10:59.153Z] Error reading or processing Modbus registers: A Modbus Exception Occurred - See Response Body
[2024-12-10T07:10:59.156Z] Error reading register 6507 for IP 10.30.4.128: A Modbus Exception Occurred - See Response Body
[2024-12-10T07:10:59.157Z] Error reading actual data: A Modbus Exception Occurred - See Response Body
[2024-12-10T07:10:59.157Z] Error writing to Modbus register: A Modbus Exception Occurred - See Response Body
[2024-12-10T07:11:00.156Z] Error reading or processing Modbus registers: A Modbus Exception Occurred - See Response Body
[2024-12-10T07:11:00.158Z] Error reading register 6507 for IP 10.30.4.128: A Modbus Exception Occurred - See Response Body
[2024-12-10T07:11:00.159Z] Error reading actual data: A Modbus Exception Occurred - See Response Body
[2024-12-10T07:11:00.159Z] Error writing to Modbus register: A Modbus Exception Occurred - See Response Body
[2024-12-10T07:11:01.158Z] Error reading or processing Modbus registers: A Modbus Exception Occurred - See Response Body
[2024-12-10T07:11:01.160Z] Error reading register 6507 for IP 10.30.4.128: A Modbus Exception Occurred - See Response Body
[2024-12-10T07:11:01.161Z] Error reading actual data: A Modbus Exception Occurred - See Response Body
[2024-12-10T07:11:01.162Z] Error writing to Modbus register: A Modbus Exception Occurred - See Response Body
[2024-12-10T07:11:02.162Z] Error reading or processing Modbus registers: A Modbus Exception Occurred - See Response Body
[2024-12-10T07:11:02.164Z] Error reading register 6507 for IP 10.30.4.128: A Modbus Exception Occurred - See Response Body
[2024-12-10T07:11:02.165Z] Error reading actual data: A Modbus Exception Occurred - See Response Body
[2024-12-10T07:11:02.165Z] Error writing to Modbus register: A Modbus Exception Occurred - See Response Body
[2024-12-10T07:11:03.162Z] Error reading or processing Modbus registers: A Modbus Exception Occurred - See Response Body
[2024-12-10T07:11:03.164Z] Error reading register 6507 for IP 10.30.4.128: A Modbus Exception Occurred - See Response Body
[2024-12-10T07:11:03.165Z] Error reading actual data: A Modbus Exception Occurred - See Response Body
[2024-12-10T07:11:03.165Z] Error writing to Modbus register: A Modbus Exception Occurred - See Response Body
[2024-12-10T07:11:04.167Z] Error reading or processing Modbus registers: A Modbus Exception Occurred - See Response Body
[2024-12-10T07:11:04.170Z] Error reading register 6507 for IP 10.30.4.128: A Modbus Exception Occurred - See Response Body
[2024-12-10T07:11:04.171Z] Error writing to Modbus register: A Modbus Exception Occurred - See Response Body
[2024-12-10T07:11:04.171Z] Error reading actual data: A Modbus Exception Occurred - See Response Body
[2024-12-10T07:11:05.182Z] Error reading or processing Modbus registers: A Modbus Exception Occurred - See Response Body
[2024-12-10T07:11:05.185Z] Error reading register 6507 for IP 10.30.4.128: A Modbus Exception Occurred - See Response Body
[2024-12-10T07:11:05.185Z] Error reading actual data: A Modbus Exception Occurred - See Response Body
[2024-12-10T07:11:05.186Z] Error writing to Modbus register: A Modbus Exception Occurred - See Response Body
[2024-12-10T07:11:06.196Z] Error reading or processing Modbus registers: A Modbus Exception Occurred - See Response Body
[2024-12-10T07:11:06.199Z] Error reading register 6507 for IP 10.30.4.128: A Modbus Exception Occurred - See Response Body
[2024-12-10T07:11:06.199Z] Error reading actual data: A Modbus Exception Occurred - See Response Body
[2024-12-10T07:11:06.200Z] Error writing to Modbus register: A Modbus Exception Occurred - See Response Body
[2024-12-10T07:11:07.199Z] Error reading or processing Modbus registers: A Modbus Exception Occurred - See Response Body
[2024-12-10T07:11:07.201Z] Error reading register 6507 for IP 10.30.4.128: A Modbus Exception Occurred - See Response Body
[2024-12-10T07:11:07.202Z] Error reading actual data: A Modbus Exception Occurred - See Response Body
[2024-12-10T07:11:07.202Z] Error writing to Modbus register: A Modbus Exception Occurred - See Response Body
[2024-12-10T07:11:08.200Z] Error reading or processing Modbus registers: A Modbus Exception Occurred - See Response Body
[2024-12-10T07:11:08.202Z] Error reading register 6507 for IP 10.30.4.128: A Modbus Exception Occurred - See Response Body
[2024-12-10T07:11:08.203Z] Error reading actual data: A Modbus Exception Occurred - See Response Body
[2024-12-10T07:11:08.204Z] Error writing to Modbus register: A Modbus Exception Occurred - See Response Body
[2024-12-10T07:11:09.214Z] Error reading or processing Modbus registers: A Modbus Exception Occurred - See Response Body
[2024-12-10T07:11:09.216Z] Error reading register 6507 for IP 10.30.4.128: A Modbus Exception Occurred - See Response Body
[2024-12-10T07:11:09.217Z] Error reading actual data: A Modbus Exception Occurred - See Response Body
[2024-12-10T07:11:09.218Z] Error writing to Modbus register: A Modbus Exception Occurred - See Response Body
[2024-12-10T07:11:10.216Z] Error reading or processing Modbus registers: A Modbus Exception Occurred - See Response Body
[2024-12-10T07:11:10.219Z] Error reading register 6507 for IP 10.30.4.128: A Modbus Exception Occurred - See Response Body
[2024-12-10T07:11:10.220Z] Error reading actual data: A Modbus Exception Occurred - See Response Body
[2024-12-10T07:11:10.220Z] Error writing to Modbus register: A Modbus Exception Occurred - See Response Body
[2024-12-10T07:11:11.221Z] Error reading or processing Modbus registers: A Modbus Exception Occurred - See Response Body
[2024-12-10T07:11:11.224Z] Error reading register 6507 for IP 10.30.4.128: A Modbus Exception Occurred - See Response Body
[2024-12-10T07:11:11.224Z] Error reading actual data: A Modbus Exception Occurred - See Response Body
[2024-12-10T07:11:11.225Z] Error writing to Modbus register: A Modbus Exception Occurred - See Response Body
[2024-12-10T07:11:12.235Z] Error reading or processing Modbus registers: A Modbus Exception Occurred - See Response Body
[2024-12-10T07:11:12.238Z] Error reading register 6507 for IP 10.30.4.128: A Modbus Exception Occurred - See Response Body
[2024-12-10T07:11:12.239Z] Error reading actual data: A Modbus Exception Occurred - See Response Body
[2024-12-10T07:11:12.239Z] Error writing to Modbus register: A Modbus Exception Occurred - See Response Body
[2024-12-10T07:11:13.248Z] Error reading or processing Modbus registers: A Modbus Exception Occurred - See Response Body
[2024-12-10T07:11:13.250Z] Error reading register 6507 for IP 10.30.4.128: A Modbus Exception Occurred - See Response Body
[2024-12-10T07:11:13.251Z] Error reading actual data: A Modbus Exception Occurred - See Response Body
[2024-12-10T07:11:13.252Z] Error writing to Modbus register: A Modbus Exception Occurred - See Response Body
[2024-12-10T07:11:14.261Z] Error reading or processing Modbus registers: A Modbus Exception Occurred - See Response Body
[2024-12-10T07:11:14.264Z] Error reading register 6507 for IP 10.30.4.128: A Modbus Exception Occurred - See Response Body
[2024-12-10T07:11:14.265Z] Error reading actual data: A Modbus Exception Occurred - See Response Body
[2024-12-10T07:11:14.265Z] Error writing to Modbus register: A Modbus Exception Occurred - See Response Body
[2024-12-10T07:11:15.276Z] Error reading or processing Modbus registers: A Modbus Exception Occurred - See Response Body
[2024-12-10T07:11:15.279Z] Error reading register 6507 for IP 10.30.4.128: A Modbus Exception Occurred - See Response Body
[2024-12-10T07:11:15.280Z] Error reading actual data: A Modbus Exception Occurred - See Response Body
[2024-12-10T07:11:15.281Z] Error writing to Modbus register: A Modbus Exception Occurred - See Response Body
[2024-12-10T07:11:16.278Z] Error reading or processing Modbus registers: A Modbus Exception Occurred - See Response Body
[2024-12-10T07:11:16.280Z] Error reading register 6507 for IP 10.30.4.128: A Modbus Exception Occurred - See Response Body
[2024-12-10T07:11:16.281Z] Error reading actual data: A Modbus Exception Occurred - See Response Body
[2024-12-10T07:11:16.281Z] Error writing to Modbus register: A Modbus Exception Occurred - See Response Body
[2024-12-10T07:11:17.292Z] Error reading or processing Modbus registers: A Modbus Exception Occurred - See Response Body
[2024-12-10T07:11:17.295Z] Error reading register 6507 for IP 10.30.4.128: A Modbus Exception Occurred - See Response Body
[2024-12-10T07:11:17.296Z] Error reading actual data: A Modbus Exception Occurred - See Response Body
[2024-12-10T07:11:17.296Z] Error writing to Modbus register: A Modbus Exception Occurred - See Response Body
[2024-12-10T07:11:18.306Z] Error reading or processing Modbus registers: A Modbus Exception Occurred - See Response Body
[2024-12-10T07:11:18.308Z] Error reading register 6507 for IP 10.30.4.128: A Modbus Exception Occurred - See Response Body
[2024-12-10T07:11:18.309Z] Error reading actual data: A Modbus Exception Occurred - See Response Body
[2024-12-10T07:11:18.309Z] Error writing to Modbus register: A Modbus Exception Occurred - See Response Body
[2024-12-10T07:11:19.307Z] Error reading or processing Modbus registers: A Modbus Exception Occurred - See Response Body
[2024-12-10T07:11:19.310Z] Error reading register 6507 for IP 10.30.4.128: A Modbus Exception Occurred - See Response Body
[2024-12-10T07:11:19.310Z] Error reading actual data: A Modbus Exception Occurred - See Response Body
[2024-12-10T07:11:19.311Z] Error writing to Modbus register: A Modbus Exception Occurred - See Response Body
[2024-12-10T07:11:20.307Z] Error reading or processing Modbus registers: A Modbus Exception Occurred - See Response Body
[2024-12-10T07:11:20.309Z] Error reading register 6507 for IP 10.30.4.128: A Modbus Exception Occurred - See Response Body
[2024-12-10T07:11:20.310Z] Error reading actual data: A Modbus Exception Occurred - See Response Body
[2024-12-10T07:11:20.311Z] Error writing to Modbus register: A Modbus Exception Occurred - See Response Body
[2024-12-10T07:11:21.320Z] Error reading or processing Modbus registers: A Modbus Exception Occurred - See Response Body
[2024-12-10T07:11:21.322Z] Error reading register 6507 for IP 10.30.4.128: A Modbus Exception Occurred - See Response Body
[2024-12-10T07:11:21.323Z] Error reading actual data: A Modbus Exception Occurred - See Response Body
[2024-12-10T07:11:21.323Z] Error writing to Modbus register: A Modbus Exception Occurred - See Response Body
[2024-12-10T07:11:22.334Z] Error reading or processing Modbus registers: A Modbus Exception Occurred - See Response Body
[2024-12-10T07:11:22.337Z] Error reading register 6507 for IP 10.30.4.128: A Modbus Exception Occurred - See Response Body
[2024-12-10T07:11:22.338Z] Error reading actual data: A Modbus Exception Occurred - See Response Body
[2024-12-10T07:11:22.338Z] Error writing to Modbus register: A Modbus Exception Occurred - See Response Body
[2024-12-10T07:11:23.336Z] Error reading or processing Modbus registers: A Modbus Exception Occurred - See Response Body
[2024-12-10T07:11:23.339Z] Error reading register 6507 for IP 10.30.4.128: A Modbus Exception Occurred - See Response Body
[2024-12-10T07:11:23.339Z] Error reading actual data: A Modbus Exception Occurred - See Response Body
[2024-12-10T07:11:23.340Z] Error writing to Modbus register: A Modbus Exception Occurred - See Response Body
[2024-12-10T07:11:24.351Z] Error reading or processing Modbus registers: A Modbus Exception Occurred - See Response Body
[2024-12-10T07:11:24.353Z] Error reading register 6507 for IP 10.30.4.128: A Modbus Exception Occurred - See Response Body
[2024-12-10T07:11:24.353Z] Error reading actual data: A Modbus Exception Occurred - See Response Body
[2024-12-10T07:11:24.354Z] Error writing to Modbus register: A Modbus Exception Occurred - See Response Body
[2024-12-10T07:11:25.365Z] Error reading or processing Modbus registers: A Modbus Exception Occurred - See Response Body
[2024-12-10T07:11:25.367Z] Error reading register 6507 for IP 10.30.4.128: A Modbus Exception Occurred - See Response Body
[2024-12-10T07:11:25.368Z] Error reading actual data: A Modbus Exception Occurred - See Response Body
[2024-12-10T07:11:25.368Z] Error writing to Modbus register: A Modbus Exception Occurred - See Response Body
[2024-12-10T07:11:26.367Z] Error reading or processing Modbus registers: A Modbus Exception Occurred - See Response Body
[2024-12-10T07:11:26.370Z] Error reading register 6507 for IP 10.30.4.128: A Modbus Exception Occurred - See Response Body
[2024-12-10T07:11:26.370Z] Error reading actual data: A Modbus Exception Occurred - See Response Body
[2024-12-10T07:11:26.371Z] Error writing to Modbus register: A Modbus Exception Occurred - See Response Body
[2024-12-10T07:11:27.373Z] Error reading or processing Modbus registers: A Modbus Exception Occurred - See Response Body
[2024-12-10T07:11:27.375Z] Error reading register 6507 for IP 10.30.4.128: A Modbus Exception Occurred - See Response Body
[2024-12-10T07:11:27.377Z] Error reading actual data: A Modbus Exception Occurred - See Response Body
[2024-12-10T07:11:27.378Z] Error writing to Modbus register: A Modbus Exception Occurred - See Response Body
[2024-12-10T07:11:28.376Z] Error reading or processing Modbus registers: A Modbus Exception Occurred - See Response Body
[2024-12-10T07:11:28.379Z] Error reading register 6507 for IP 10.30.4.128: A Modbus Exception Occurred - See Response Body
[2024-12-10T07:11:28.380Z] Error reading actual data: A Modbus Exception Occurred - See Response Body
[2024-12-10T07:11:28.381Z] Error writing to Modbus register: A Modbus Exception Occurred - See Response Body
[2024-12-10T07:11:29.376Z] Error reading or processing Modbus registers: A Modbus Exception Occurred - See Response Body
[2024-12-10T07:11:29.380Z] Error reading register 6507 for IP 10.30.4.128: A Modbus Exception Occurred - See Response Body
[2024-12-10T07:11:29.381Z] Error reading actual data: A Modbus Exception Occurred - See Response Body
[2024-12-10T07:11:29.381Z] Error writing to Modbus register: A Modbus Exception Occurred - See Response Body
[2024-12-10T07:11:30.391Z] Error reading or processing Modbus registers: A Modbus Exception Occurred - See Response Body
[2024-12-10T07:11:30.393Z] Error reading register 6507 for IP 10.30.4.128: A Modbus Exception Occurred - See Response Body
[2024-12-10T07:11:30.394Z] Error reading actual data: A Modbus Exception Occurred - See Response Body
[2024-12-10T07:11:30.394Z] Error writing to Modbus register: A Modbus Exception Occurred - See Response Body
[2024-12-10T07:11:31.404Z] Error reading or processing Modbus registers: A Modbus Exception Occurred - See Response Body
[2024-12-10T07:11:31.407Z] Error reading register 6507 for IP 10.30.4.128: A Modbus Exception Occurred - See Response Body
[2024-12-10T07:11:31.407Z] Error reading actual data: A Modbus Exception Occurred - See Response Body
[2024-12-10T07:11:31.408Z] Error writing to Modbus register: A Modbus Exception Occurred - See Response Body
[2024-12-10T07:11:32.418Z] Error reading or processing Modbus registers: A Modbus Exception Occurred - See Response Body
[2024-12-10T07:11:32.421Z] Error reading register 6507 for IP 10.30.4.128: A Modbus Exception Occurred - See Response Body
[2024-12-10T07:11:32.422Z] Error reading actual data: A Modbus Exception Occurred - See Response Body
[2024-12-10T07:11:32.422Z] Error writing to Modbus register: A Modbus Exception Occurred - See Response Body
[2024-12-10T07:11:33.433Z] Error reading or processing Modbus registers: A Modbus Exception Occurred - See Response Body
[2024-12-10T07:11:33.436Z] Error reading register 6507 for IP 10.30.4.128: A Modbus Exception Occurred - See Response Body
[2024-12-10T07:11:33.437Z] Error reading actual data: A Modbus Exception Occurred - See Response Body
[2024-12-10T07:11:33.437Z] Error writing to Modbus register: A Modbus Exception Occurred - See Response Body
[2024-12-10T07:11:34.433Z] Error reading or processing Modbus registers: A Modbus Exception Occurred - See Response Body
[2024-12-10T07:11:34.435Z] Error reading register 6507 for IP 10.30.4.128: A Modbus Exception Occurred - See Response Body
[2024-12-10T07:11:34.436Z] Error reading actual data: A Modbus Exception Occurred - See Response Body
[2024-12-10T07:11:34.437Z] Error writing to Modbus register: A Modbus Exception Occurred - See Response Body
[2024-12-10T07:11:35.446Z] Error reading or processing Modbus registers: A Modbus Exception Occurred - See Response Body
[2024-12-10T07:11:35.448Z] Error reading register 6507 for IP 10.30.4.128: A Modbus Exception Occurred - See Response Body
[2024-12-10T07:11:35.449Z] Error reading actual data: A Modbus Exception Occurred - See Response Body
[2024-12-10T07:11:35.449Z] Error writing to Modbus register: A Modbus Exception Occurred - See Response Body
[2024-12-10T07:11:36.460Z] Error reading or processing Modbus registers: A Modbus Exception Occurred - See Response Body
[2024-12-10T07:11:36.462Z] Error reading register 6507 for IP 10.30.4.128: A Modbus Exception Occurred - See Response Body
[2024-12-10T07:11:36.463Z] Error reading actual data: A Modbus Exception Occurred - See Response Body
[2024-12-10T07:11:36.464Z] Error writing to Modbus register: A Modbus Exception Occurred - See Response Body
[2024-12-10T07:11:37.473Z] Error reading or processing Modbus registers: A Modbus Exception Occurred - See Response Body
[2024-12-10T07:11:37.476Z] Error reading register 6507 for IP 10.30.4.128: A Modbus Exception Occurred - See Response Body
[2024-12-10T07:11:37.476Z] Error reading actual data: A Modbus Exception Occurred - See Response Body
[2024-12-10T07:11:37.477Z] Error writing to Modbus register: A Modbus Exception Occurred - See Response Body
[2024-12-10T07:11:38.474Z] Error reading or processing Modbus registers: A Modbus Exception Occurred - See Response Body
[2024-12-10T07:11:38.476Z] Error reading register 6507 for IP 10.30.4.128: A Modbus Exception Occurred - See Response Body
[2024-12-10T07:11:38.477Z] Error reading actual data: A Modbus Exception Occurred - See Response Body
[2024-12-10T07:11:38.477Z] Error writing to Modbus register: A Modbus Exception Occurred - See Response Body
[2024-12-10T07:11:39.475Z] Error reading or processing Modbus registers: A Modbus Exception Occurred - See Response Body
[2024-12-10T07:11:39.477Z] Error reading register 6507 for IP 10.30.4.128: A Modbus Exception Occurred - See Response Body
[2024-12-10T07:11:39.478Z] Error reading actual data: A Modbus Exception Occurred - See Response Body
[2024-12-10T07:11:39.479Z] Error writing to Modbus register: A Modbus Exception Occurred - See Response Body
[2024-12-10T07:11:40.476Z] Error reading or processing Modbus registers: A Modbus Exception Occurred - See Response Body
[2024-12-10T07:11:40.479Z] Error reading register 6507 for IP 10.30.4.128: A Modbus Exception Occurred - See Response Body
[2024-12-10T07:11:40.480Z] Error reading actual data: A Modbus Exception Occurred - See Response Body
[2024-12-10T07:11:40.480Z] Error writing to Modbus register: A Modbus Exception Occurred - See Response Body
[2024-12-10T07:11:41.478Z] Error reading or processing Modbus registers: A Modbus Exception Occurred - See Response Body
[2024-12-10T07:11:41.480Z] Error reading register 6507 for IP 10.30.4.128: A Modbus Exception Occurred - See Response Body
[2024-12-10T07:11:41.481Z] Error reading actual data: A Modbus Exception Occurred - See Response Body
[2024-12-10T07:11:41.481Z] Error writing to Modbus register: A Modbus Exception Occurred - See Response Body
[2024-12-10T07:11:42.491Z] Error reading or processing Modbus registers: A Modbus Exception Occurred - See Response Body
[2024-12-10T07:11:42.494Z] Error reading register 6507 for IP 10.30.4.128: A Modbus Exception Occurred - See Response Body
[2024-12-10T07:11:42.494Z] Error reading actual data: A Modbus Exception Occurred - See Response Body
[2024-12-10T07:11:42.497Z] Error writing to Modbus register: A Modbus Exception Occurred - See Response Body
[2024-12-10T07:11:43.504Z] Error reading or processing Modbus registers: A Modbus Exception Occurred - See Response Body
[2024-12-10T07:11:43.506Z] Error reading register 6507 for IP 10.30.4.128: A Modbus Exception Occurred - See Response Body
[2024-12-10T07:11:43.506Z] Error reading actual data: A Modbus Exception Occurred - See Response Body
[2024-12-10T07:11:43.507Z] Error writing to Modbus register: A Modbus Exception Occurred - See Response Body
[2024-12-10T07:11:44.505Z] Error reading or processing Modbus registers: A Modbus Exception Occurred - See Response Body
[2024-12-10T07:11:44.507Z] Error reading register 6507 for IP 10.30.4.128: A Modbus Exception Occurred - See Response Body
[2024-12-10T07:11:44.508Z] Error reading actual data: A Modbus Exception Occurred - See Response Body
[2024-12-10T07:11:44.509Z] Error writing to Modbus register: A Modbus Exception Occurred - See Response Body
[2024-12-10T07:11:45.518Z] Error reading or processing Modbus registers: A Modbus Exception Occurred - See Response Body
[2024-12-10T07:11:45.520Z] Error reading register 6507 for IP 10.30.4.128: A Modbus Exception Occurred - See Response Body
[2024-12-10T07:11:45.521Z] Error reading actual data: A Modbus Exception Occurred - See Response Body
[2024-12-10T07:11:45.521Z] Error writing to Modbus register: A Modbus Exception Occurred - See Response Body
[2024-12-10T07:11:46.531Z] Error reading or processing Modbus registers: A Modbus Exception Occurred - See Response Body
[2024-12-10T07:11:46.533Z] Error reading register 6507 for IP 10.30.4.128: A Modbus Exception Occurred - See Response Body
[2024-12-10T07:11:46.534Z] Error reading actual data: A Modbus Exception Occurred - See Response Body
[2024-12-10T07:11:46.534Z] Error writing to Modbus register: A Modbus Exception Occurred - See Response Body
[2024-12-10T07:11:47.532Z] Error reading or processing Modbus registers: A Modbus Exception Occurred - See Response Body
[2024-12-10T07:11:47.535Z] Error reading register 6507 for IP 10.30.4.128: A Modbus Exception Occurred - See Response Body
[2024-12-10T07:11:47.535Z] Error reading actual data: A Modbus Exception Occurred - See Response Body
[2024-12-10T07:11:47.536Z] Error writing to Modbus register: A Modbus Exception Occurred - See Response Body
[2024-12-10T07:11:48.533Z] Error reading or processing Modbus registers: A Modbus Exception Occurred - See Response Body
[2024-12-10T07:11:48.535Z] Error reading register 6507 for IP 10.30.4.128: A Modbus Exception Occurred - See Response Body
[2024-12-10T07:11:48.537Z] Error reading actual data: A Modbus Exception Occurred - See Response Body
[2024-12-10T07:11:48.538Z] Error writing to Modbus register: A Modbus Exception Occurred - See Response Body
[2024-12-10T07:11:49.545Z] Error reading or processing Modbus registers: A Modbus Exception Occurred - See Response Body
[2024-12-10T07:11:49.547Z] Error reading register 6507 for IP 10.30.4.128: A Modbus Exception Occurred - See Response Body
[2024-12-10T07:11:49.548Z] Error reading actual data: A Modbus Exception Occurred - See Response Body
[2024-12-10T07:11:49.548Z] Error writing to Modbus register: A Modbus Exception Occurred - See Response Body
[2024-12-10T07:11:50.560Z] Error reading or processing Modbus registers: A Modbus Exception Occurred - See Response Body
[2024-12-10T07:11:50.562Z] Error reading register 6507 for IP 10.30.4.128: A Modbus Exception Occurred - See Response Body
[2024-12-10T07:11:50.563Z] Error reading actual data: A Modbus Exception Occurred - See Response Body
[2024-12-10T07:11:50.564Z] Error writing to Modbus register: A Modbus Exception Occurred - See Response Body
[2024-12-10T07:11:51.574Z] Error reading or processing Modbus registers: A Modbus Exception Occurred - See Response Body
[2024-12-10T07:11:51.577Z] Error reading register 6507 for IP 10.30.4.128: A Modbus Exception Occurred - See Response Body
[2024-12-10T07:11:51.578Z] Error reading actual data: A Modbus Exception Occurred - See Response Body
[2024-12-10T07:11:51.578Z] Error writing to Modbus register: A Modbus Exception Occurred - See Response Body
[2024-12-10T07:11:52.587Z] Error reading or processing Modbus registers: A Modbus Exception Occurred - See Response Body
[2024-12-10T07:11:52.589Z] Error reading register 6507 for IP 10.30.4.128: A Modbus Exception Occurred - See Response Body
[2024-12-10T07:11:52.589Z] Error reading actual data: A Modbus Exception Occurred - See Response Body
[2024-12-10T07:11:52.590Z] Error writing to Modbus register: A Modbus Exception Occurred - See Response Body
[2024-12-10T07:11:53.602Z] Error reading or processing Modbus registers: A Modbus Exception Occurred - See Response Body
[2024-12-10T07:11:53.605Z] Error reading register 6507 for IP 10.30.4.128: A Modbus Exception Occurred - See Response Body
[2024-12-10T07:11:53.606Z] Error reading actual data: A Modbus Exception Occurred - See Response Body
[2024-12-10T07:11:53.606Z] Error writing to Modbus register: A Modbus Exception Occurred - See Response Body
[2024-12-10T07:11:54.603Z] Error reading or processing Modbus registers: A Modbus Exception Occurred - See Response Body
[2024-12-10T07:11:54.605Z] Error reading register 6507 for IP 10.30.4.128: A Modbus Exception Occurred - See Response Body
[2024-12-10T07:11:54.606Z] Error reading actual data: A Modbus Exception Occurred - See Response Body
[2024-12-10T07:11:54.607Z] Error writing to Modbus register: A Modbus Exception Occurred - See Response Body
[2024-12-10T07:11:55.616Z] Error reading or processing Modbus registers: A Modbus Exception Occurred - See Response Body
[2024-12-10T07:11:55.619Z] Error reading register 6507 for IP 10.30.4.128: A Modbus Exception Occurred - See Response Body
[2024-12-10T07:11:55.620Z] Error reading actual data: A Modbus Exception Occurred - See Response Body
[2024-12-10T07:11:55.621Z] Error writing to Modbus register: A Modbus Exception Occurred - See Response Body
[2024-12-10T07:11:56.630Z] Error reading or processing Modbus registers: A Modbus Exception Occurred - See Response Body
[2024-12-10T07:11:56.633Z] Error reading register 6507 for IP 10.30.4.128: A Modbus Exception Occurred - See Response Body
[2024-12-10T07:11:56.634Z] Error reading actual data: A Modbus Exception Occurred - See Response Body
[2024-12-10T07:11:56.634Z] Error writing to Modbus register: A Modbus Exception Occurred - See Response Body
[2024-12-10T07:11:57.630Z] Error reading or processing Modbus registers: A Modbus Exception Occurred - See Response Body
[2024-12-10T07:11:57.633Z] Error reading register 6507 for IP 10.30.4.128: A Modbus Exception Occurred - See Response Body
[2024-12-10T07:11:57.634Z] Error reading actual data: A Modbus Exception Occurred - See Response Body
[2024-12-10T07:11:57.634Z] Error writing to Modbus register: A Modbus Exception Occurred - See Response Body
[2024-12-10T07:11:58.642Z] Error reading or processing Modbus registers: A Modbus Exception Occurred - See Response Body
[2024-12-10T07:11:58.644Z] Error reading register 6507 for IP 10.30.4.128: A Modbus Exception Occurred - See Response Body
[2024-12-10T07:11:58.646Z] Error reading actual data: A Modbus Exception Occurred - See Response Body
[2024-12-10T07:11:58.646Z] Error writing to Modbus register: A Modbus Exception Occurred - See Response Body
[2024-12-10T07:11:59.642Z] Error reading or processing Modbus registers: A Modbus Exception Occurred - See Response Body
[2024-12-10T07:11:59.645Z] Error reading register 6507 for IP 10.30.4.128: A Modbus Exception Occurred - See Response Body
[2024-12-10T07:11:59.646Z] Error reading actual data: A Modbus Exception Occurred - See Response Body
[2024-12-10T07:11:59.646Z] Error writing to Modbus register: A Modbus Exception Occurred - See Response Body
[2024-12-10T07:12:00.655Z] Error reading or processing Modbus registers: A Modbus Exception Occurred - See Response Body
[2024-12-10T07:12:00.658Z] Error reading register 6507 for IP 10.30.4.128: A Modbus Exception Occurred - See Response Body
[2024-12-10T07:12:00.658Z] Error reading actual data: A Modbus Exception Occurred - See Response Body
[2024-12-10T07:12:00.659Z] Error writing to Modbus register: A Modbus Exception Occurred - See Response Body
[2024-12-10T07:12:01.669Z] Error reading or processing Modbus registers: A Modbus Exception Occurred - See Response Body
[2024-12-10T07:12:01.671Z] Error reading register 6507 for IP 10.30.4.128: A Modbus Exception Occurred - See Response Body
[2024-12-10T07:12:01.672Z] Error reading actual data: A Modbus Exception Occurred - See Response Body
[2024-12-10T07:12:01.673Z] Error writing to Modbus register: A Modbus Exception Occurred - See Response Body
[2024-12-10T07:12:02.683Z] Error reading or processing Modbus registers: A Modbus Exception Occurred - See Response Body
[2024-12-10T07:12:02.685Z] Error reading register 6507 for IP 10.30.4.128: A Modbus Exception Occurred - See Response Body
[2024-12-10T07:12:02.686Z] Error reading actual data: A Modbus Exception Occurred - See Response Body
[2024-12-10T07:12:02.687Z] Error writing to Modbus register: A Modbus Exception Occurred - See Response Body
[2024-12-10T07:12:03.687Z] Error reading or processing Modbus registers: A Modbus Exception Occurred - See Response Body
[2024-12-10T07:12:03.690Z] Error reading register 6507 for IP 10.30.4.128: A Modbus Exception Occurred - See Response Body
[2024-12-10T07:12:03.690Z] Error reading actual data: A Modbus Exception Occurred - See Response Body
[2024-12-10T07:12:03.691Z] Error writing to Modbus register: A Modbus Exception Occurred - See Response Body
[2024-12-10T07:12:04.689Z] Error reading or processing Modbus registers: A Modbus Exception Occurred - See Response Body
[2024-12-10T07:12:04.692Z] Error reading register 6507 for IP 10.30.4.128: A Modbus Exception Occurred - See Response Body
[2024-12-10T07:12:04.693Z] Error reading actual data: A Modbus Exception Occurred - See Response Body
[2024-12-10T07:12:04.693Z] Error writing to Modbus register: A Modbus Exception Occurred - See Response Body
[2024-12-10T07:12:05.689Z] Error reading or processing Modbus registers: A Modbus Exception Occurred - See Response Body
[2024-12-10T07:12:05.691Z] Error reading register 6507 for IP 10.30.4.128: A Modbus Exception Occurred - See Response Body
[2024-12-10T07:12:05.692Z] Error reading actual data: A Modbus Exception Occurred - See Response Body
[2024-12-10T07:12:05.693Z] Error writing to Modbus register: A Modbus Exception Occurred - See Response Body
[2024-12-10T07:12:06.704Z] Error reading or processing Modbus registers: A Modbus Exception Occurred - See Response Body
[2024-12-10T07:12:06.707Z] Error reading register 6507 for IP 10.30.4.128: A Modbus Exception Occurred - See Response Body
[2024-12-10T07:12:06.707Z] Error reading actual data: A Modbus Exception Occurred - See Response Body
[2024-12-10T07:12:06.708Z] Error writing to Modbus register: A Modbus Exception Occurred - See Response Body
[2024-12-10T07:12:07.718Z] Error reading or processing Modbus registers: A Modbus Exception Occurred - See Response Body
[2024-12-10T07:12:07.720Z] Error reading register 6507 for IP 10.30.4.128: A Modbus Exception Occurred - See Response Body
[2024-12-10T07:12:07.720Z] Error reading actual data: A Modbus Exception Occurred - See Response Body
[2024-12-10T07:12:07.721Z] Error writing to Modbus register: A Modbus Exception Occurred - See Response Body
[2024-12-10T07:12:08.720Z] Error reading or processing Modbus registers: A Modbus Exception Occurred - See Response Body
[2024-12-10T07:12:08.722Z] Error reading register 6507 for IP 10.30.4.128: A Modbus Exception Occurred - See Response Body
[2024-12-10T07:12:08.722Z] Error reading actual data: A Modbus Exception Occurred - See Response Body
[2024-12-10T07:12:08.723Z] Error writing to Modbus register: A Modbus Exception Occurred - See Response Body
[2024-12-10T07:12:09.734Z] Error reading or processing Modbus registers: A Modbus Exception Occurred - See Response Body
[2024-12-10T07:12:09.736Z] Error reading register 6507 for IP 10.30.4.128: A Modbus Exception Occurred - See Response Body
[2024-12-10T07:12:09.737Z] Error reading actual data: A Modbus Exception Occurred - See Response Body
[2024-12-10T07:12:09.738Z] Error writing to Modbus register: A Modbus Exception Occurred - See Response Body
[2024-12-10T07:12:10.745Z] Error reading or processing Modbus registers: A Modbus Exception Occurred - See Response Body
[2024-12-10T07:12:10.748Z] Error reading register 6507 for IP 10.30.4.128: A Modbus Exception Occurred - See Response Body
[2024-12-10T07:12:10.749Z] Error reading actual data: A Modbus Exception Occurred - See Response Body
[2024-12-10T07:12:10.749Z] Error writing to Modbus register: A Modbus Exception Occurred - See Response Body
[2024-12-10T07:12:11.746Z] Error reading or processing Modbus registers: A Modbus Exception Occurred - See Response Body
[2024-12-10T07:12:11.748Z] Error reading register 6507 for IP 10.30.4.128: A Modbus Exception Occurred - See Response Body
[2024-12-10T07:12:11.749Z] Error reading actual data: A Modbus Exception Occurred - See Response Body
[2024-12-10T07:12:11.749Z] Error writing to Modbus register: A Modbus Exception Occurred - See Response Body
[2024-12-10T07:12:12.758Z] Error reading or processing Modbus registers: A Modbus Exception Occurred - See Response Body
[2024-12-10T07:12:12.760Z] Error reading register 6507 for IP 10.30.4.128: A Modbus Exception Occurred - See Response Body
[2024-12-10T07:12:12.761Z] Error reading actual data: A Modbus Exception Occurred - See Response Body
[2024-12-10T07:12:12.761Z] Error writing to Modbus register: A Modbus Exception Occurred - See Response Body
[2024-12-10T07:12:13.758Z] Error reading or processing Modbus registers: A Modbus Exception Occurred - See Response Body
[2024-12-10T07:12:13.761Z] Error reading register 6507 for IP 10.30.4.128: A Modbus Exception Occurred - See Response Body
[2024-12-10T07:12:13.762Z] Error reading actual data: A Modbus Exception Occurred - See Response Body
[2024-12-10T07:12:13.762Z] Error writing to Modbus register: A Modbus Exception Occurred - See Response Body
[2024-12-10T07:12:14.773Z] Error reading or processing Modbus registers: A Modbus Exception Occurred - See Response Body
[2024-12-10T07:12:14.775Z] Error reading register 6507 for IP 10.30.4.128: A Modbus Exception Occurred - See Response Body
[2024-12-10T07:12:14.776Z] Error reading actual data: A Modbus Exception Occurred - See Response Body
[2024-12-10T07:12:14.777Z] Error writing to Modbus register: A Modbus Exception Occurred - See Response Body
[2024-12-10T07:12:15.787Z] Error reading or processing Modbus registers: A Modbus Exception Occurred - See Response Body
[2024-12-10T07:12:15.790Z] Error reading register 6507 for IP 10.30.4.128: A Modbus Exception Occurred - See Response Body
[2024-12-10T07:12:15.791Z] Error reading actual data: A Modbus Exception Occurred - See Response Body
[2024-12-10T07:12:15.791Z] Error writing to Modbus register: A Modbus Exception Occurred - See Response Body
[2024-12-10T07:12:16.802Z] Error reading or processing Modbus registers: A Modbus Exception Occurred - See Response Body
[2024-12-10T07:12:16.805Z] Error reading register 6507 for IP 10.30.4.128: A Modbus Exception Occurred - See Response Body
[2024-12-10T07:12:16.805Z] Error reading actual data: A Modbus Exception Occurred - See Response Body
[2024-12-10T07:12:16.806Z] Error writing to Modbus register: A Modbus Exception Occurred - See Response Body
[2024-12-10T07:12:17.815Z] Error reading or processing Modbus registers: A Modbus Exception Occurred - See Response Body
[2024-12-10T07:12:17.818Z] Error reading register 6507 for IP 10.30.4.128: A Modbus Exception Occurred - See Response Body
[2024-12-10T07:12:17.818Z] Error reading actual data: A Modbus Exception Occurred - See Response Body
[2024-12-10T07:12:17.819Z] Error writing to Modbus register: A Modbus Exception Occurred - See Response Body
[2024-12-10T07:12:18.818Z] Error reading or processing Modbus registers: A Modbus Exception Occurred - See Response Body
[2024-12-10T07:12:18.821Z] Error reading register 6507 for IP 10.30.4.128: A Modbus Exception Occurred - See Response Body
[2024-12-10T07:12:18.821Z] Error reading actual data: A Modbus Exception Occurred - See Response Body
[2024-12-10T07:12:18.822Z] Error writing to Modbus register: A Modbus Exception Occurred - See Response Body
[2024-12-10T07:12:19.833Z] Error reading or processing Modbus registers: A Modbus Exception Occurred - See Response Body
[2024-12-10T07:12:19.836Z] Error reading register 6507 for IP 10.30.4.128: A Modbus Exception Occurred - See Response Body
[2024-12-10T07:12:19.837Z] Error reading actual data: A Modbus Exception Occurred - See Response Body
[2024-12-10T07:12:19.838Z] Error writing to Modbus register: A Modbus Exception Occurred - See Response Body
[2024-12-10T07:12:20.834Z] Error reading or processing Modbus registers: A Modbus Exception Occurred - See Response Body
[2024-12-10T07:12:20.837Z] Error reading register 6507 for IP 10.30.4.128: A Modbus Exception Occurred - See Response Body
[2024-12-10T07:12:20.838Z] Error reading actual data: A Modbus Exception Occurred - See Response Body
[2024-12-10T07:12:20.838Z] Error writing to Modbus register: A Modbus Exception Occurred - See Response Body
[2024-12-10T07:12:21.846Z] Error reading or processing Modbus registers: A Modbus Exception Occurred - See Response Body
[2024-12-10T07:12:21.848Z] Error reading register 6507 for IP 10.30.4.128: A Modbus Exception Occurred - See Response Body
[2024-12-10T07:12:21.850Z] Error reading actual data: A Modbus Exception Occurred - See Response Body
[2024-12-10T07:12:21.850Z] Error writing to Modbus register: A Modbus Exception Occurred - See Response Body
[2024-12-10T07:12:22.860Z] Error reading or processing Modbus registers: A Modbus Exception Occurred - See Response Body
[2024-12-10T07:12:22.862Z] Error reading register 6507 for IP 10.30.4.128: A Modbus Exception Occurred - See Response Body
[2024-12-10T07:12:22.863Z] Error reading actual data: A Modbus Exception Occurred - See Response Body
[2024-12-10T07:12:22.864Z] Error writing to Modbus register: A Modbus Exception Occurred - See Response Body
[2024-12-10T07:12:23.863Z] Error reading or processing Modbus registers: A Modbus Exception Occurred - See Response Body
[2024-12-10T07:12:23.865Z] Error reading register 6507 for IP 10.30.4.128: A Modbus Exception Occurred - See Response Body
[2024-12-10T07:12:23.866Z] Error reading actual data: A Modbus Exception Occurred - See Response Body
[2024-12-10T07:12:23.866Z] Error writing to Modbus register: A Modbus Exception Occurred - See Response Body
[2024-12-10T07:12:24.864Z] Error reading or processing Modbus registers: A Modbus Exception Occurred - See Response Body
[2024-12-10T07:12:24.867Z] Error reading register 6507 for IP 10.30.4.128: A Modbus Exception Occurred - See Response Body
[2024-12-10T07:12:24.868Z] Error reading actual data: A Modbus Exception Occurred - See Response Body
[2024-12-10T07:12:24.868Z] Error writing to Modbus register: A Modbus Exception Occurred - See Response Body
[2024-12-10T07:12:25.867Z] Error reading or processing Modbus registers: A Modbus Exception Occurred - See Response Body
[2024-12-10T07:12:25.869Z] Error reading register 6507 for IP 10.30.4.128: A Modbus Exception Occurred - See Response Body
[2024-12-10T07:12:25.870Z] Error reading actual data: A Modbus Exception Occurred - See Response Body
[2024-12-10T07:12:25.871Z] Error writing to Modbus register: A Modbus Exception Occurred - See Response Body
[2024-12-10T07:12:26.880Z] Error reading or processing Modbus registers: A Modbus Exception Occurred - See Response Body
[2024-12-10T07:12:26.882Z] Error reading register 6507 for IP 10.30.4.128: A Modbus Exception Occurred - See Response Body
[2024-12-10T07:12:26.883Z] Error reading actual data: A Modbus Exception Occurred - See Response Body
[2024-12-10T07:12:26.884Z] Error writing to Modbus register: A Modbus Exception Occurred - See Response Body
[2024-12-10T07:12:27.893Z] Error reading or processing Modbus registers: A Modbus Exception Occurred - See Response Body
[2024-12-10T07:12:27.895Z] Error reading register 6507 for IP 10.30.4.128: A Modbus Exception Occurred - See Response Body
[2024-12-10T07:12:27.896Z] Error reading actual data: A Modbus Exception Occurred - See Response Body
[2024-12-10T07:12:27.896Z] Error writing to Modbus register: A Modbus Exception Occurred - See Response Body
[2024-12-10T07:12:28.894Z] Error reading or processing Modbus registers: A Modbus Exception Occurred - See Response Body
[2024-12-10T07:12:28.897Z] Error reading register 6507 for IP 10.30.4.128: A Modbus Exception Occurred - See Response Body
[2024-12-10T07:12:28.898Z] Error reading actual data: A Modbus Exception Occurred - See Response Body
[2024-12-10T07:12:28.898Z] Error writing to Modbus register: A Modbus Exception Occurred - See Response Body
[2024-12-10T07:12:29.898Z] Error reading or processing Modbus registers: A Modbus Exception Occurred - See Response Body
[2024-12-10T07:12:29.900Z] Error reading register 6507 for IP 10.30.4.128: A Modbus Exception Occurred - See Response Body
[2024-12-10T07:12:29.901Z] Error reading actual data: A Modbus Exception Occurred - See Response Body
[2024-12-10T07:12:29.901Z] Error writing to Modbus register: A Modbus Exception Occurred - See Response Body
[2024-12-10T07:12:30.912Z] Error reading or processing Modbus registers: A Modbus Exception Occurred - See Response Body
[2024-12-10T07:12:30.915Z] Error reading register 6507 for IP 10.30.4.128: A Modbus Exception Occurred - See Response Body
[2024-12-10T07:12:30.915Z] Error reading actual data: A Modbus Exception Occurred - See Response Body
[2024-12-10T07:12:30.916Z] Error writing to Modbus register: A Modbus Exception Occurred - See Response Body
[2024-12-10T07:12:31.926Z] Error reading or processing Modbus registers: A Modbus Exception Occurred - See Response Body
[2024-12-10T07:12:31.929Z] Error reading register 6507 for IP 10.30.4.128: A Modbus Exception Occurred - See Response Body
[2024-12-10T07:12:31.930Z] Error reading actual data: A Modbus Exception Occurred - See Response Body
[2024-12-10T07:12:31.930Z] Error writing to Modbus register: A Modbus Exception Occurred - See Response Body
[2024-12-10T07:12:32.927Z] Error reading or processing Modbus registers: A Modbus Exception Occurred - See Response Body
[2024-12-10T07:12:32.929Z] Error reading register 6507 for IP 10.30.4.128: A Modbus Exception Occurred - See Response Body
[2024-12-10T07:12:32.930Z] Error reading actual data: A Modbus Exception Occurred - See Response Body
[2024-12-10T07:12:32.930Z] Error writing to Modbus register: A Modbus Exception Occurred - See Response Body
[2024-12-10T07:12:33.940Z] Error reading or processing Modbus registers: A Modbus Exception Occurred - See Response Body
[2024-12-10T07:12:33.944Z] Error reading register 6507 for IP 10.30.4.128: A Modbus Exception Occurred - See Response Body
[2024-12-10T07:12:33.944Z] Error reading actual data: A Modbus Exception Occurred - See Response Body
[2024-12-10T07:12:33.945Z] Error writing to Modbus register: A Modbus Exception Occurred - See Response Body
[2024-12-10T07:12:34.954Z] Error reading or processing Modbus registers: A Modbus Exception Occurred - See Response Body
[2024-12-10T07:12:34.956Z] Error reading register 6507 for IP 10.30.4.128: A Modbus Exception Occurred - See Response Body
[2024-12-10T07:12:34.956Z] Error reading actual data: A Modbus Exception Occurred - See Response Body
[2024-12-10T07:12:34.957Z] Error writing to Modbus register: A Modbus Exception Occurred - See Response Body
[2024-12-10T07:12:35.956Z] Error reading or processing Modbus registers: A Modbus Exception Occurred - See Response Body
[2024-12-10T07:12:35.962Z] Error reading register 6507 for IP 10.30.4.128: A Modbus Exception Occurred - See Response Body
[2024-12-10T07:12:35.984Z] Error reading actual data: A Modbus Exception Occurred - See Response Body
[2024-12-10T07:12:35.985Z] Error writing to Modbus register: A Modbus Exception Occurred - See Response Body
[2024-12-10T07:12:36.957Z] Error reading or processing Modbus registers: A Modbus Exception Occurred - See Response Body
[2024-12-10T07:12:36.959Z] Error reading register 6507 for IP 10.30.4.128: A Modbus Exception Occurred - See Response Body
[2024-12-10T07:12:36.960Z] Error reading actual data: A Modbus Exception Occurred - See Response Body
[2024-12-10T07:12:36.960Z] Error writing to Modbus register: A Modbus Exception Occurred - See Response Body
[2024-12-10T07:12:37.972Z] Error reading or processing Modbus registers: A Modbus Exception Occurred - See Response Body
[2024-12-10T07:12:37.974Z] Error reading register 6507 for IP 10.30.4.128: A Modbus Exception Occurred - See Response Body
[2024-12-10T07:12:37.975Z] Error reading actual data: A Modbus Exception Occurred - See Response Body
[2024-12-10T07:12:37.975Z] Error writing to Modbus register: A Modbus Exception Occurred - See Response Body
[2024-12-10T07:12:38.972Z] Error reading or processing Modbus registers: A Modbus Exception Occurred - See Response Body
[2024-12-10T07:12:38.974Z] Error reading register 6507 for IP 10.30.4.128: A Modbus Exception Occurred - See Response Body
[2024-12-10T07:12:38.975Z] Error reading actual data: A Modbus Exception Occurred - See Response Body
[2024-12-10T07:12:38.975Z] Error writing to Modbus register: A Modbus Exception Occurred - See Response Body
[2024-12-10T07:12:39.986Z] Error reading or processing Modbus registers: A Modbus Exception Occurred - See Response Body
[2024-12-10T07:12:39.988Z] Error reading register 6507 for IP 10.30.4.128: A Modbus Exception Occurred - See Response Body
[2024-12-10T07:12:39.989Z] Error reading actual data: A Modbus Exception Occurred - See Response Body
[2024-12-10T07:12:39.990Z] Error writing to Modbus register: A Modbus Exception Occurred - See Response Body
[2024-12-10T07:12:41.001Z] Error reading or processing Modbus registers: A Modbus Exception Occurred - See Response Body
[2024-12-10T07:12:41.003Z] Error reading register 6507 for IP 10.30.4.128: A Modbus Exception Occurred - See Response Body
[2024-12-10T07:12:41.004Z] Error reading actual data: A Modbus Exception Occurred - See Response Body
[2024-12-10T07:12:41.005Z] Error writing to Modbus register: A Modbus Exception Occurred - See Response Body
[2024-12-10T07:12:42.014Z] Error reading or processing Modbus registers: A Modbus Exception Occurred - See Response Body
[2024-12-10T07:12:42.016Z] Error reading register 6507 for IP 10.30.4.128: A Modbus Exception Occurred - See Response Body
[2024-12-10T07:12:42.017Z] Error reading actual data: A Modbus Exception Occurred - See Response Body
[2024-12-10T07:12:42.018Z] Error writing to Modbus register: A Modbus Exception Occurred - See Response Body
[2024-12-10T07:12:43.014Z] Error reading or processing Modbus registers: A Modbus Exception Occurred - See Response Body
[2024-12-10T07:12:43.017Z] Error reading register 6507 for IP 10.30.4.128: A Modbus Exception Occurred - See Response Body
[2024-12-10T07:12:43.018Z] Error reading actual data: A Modbus Exception Occurred - See Response Body
[2024-12-10T07:12:43.018Z] Error writing to Modbus register: A Modbus Exception Occurred - See Response Body
[2024-12-10T07:12:44.019Z] Error reading or processing Modbus registers: A Modbus Exception Occurred - See Response Body
[2024-12-10T07:12:44.021Z] Error reading register 6507 for IP 10.30.4.128: A Modbus Exception Occurred - See Response Body
[2024-12-10T07:12:44.023Z] Error reading actual data: A Modbus Exception Occurred - See Response Body
[2024-12-10T07:12:44.024Z] Error writing to Modbus register: A Modbus Exception Occurred - See Response Body
[2024-12-10T07:12:45.031Z] Error reading or processing Modbus registers: A Modbus Exception Occurred - See Response Body
[2024-12-10T07:12:45.034Z] Error reading register 6507 for IP 10.30.4.128: A Modbus Exception Occurred - See Response Body
[2024-12-10T07:12:45.035Z] Error reading actual data: A Modbus Exception Occurred - See Response Body
[2024-12-10T07:12:45.036Z] Error writing to Modbus register: A Modbus Exception Occurred - See Response Body
[2024-12-10T07:12:46.050Z] Error reading or processing Modbus registers: A Modbus Exception Occurred - See Response Body
[2024-12-10T07:12:46.052Z] Error reading register 6507 for IP 10.30.4.128: A Modbus Exception Occurred - See Response Body
[2024-12-10T07:12:46.053Z] Error reading actual data: A Modbus Exception Occurred - See Response Body
[2024-12-10T07:12:46.053Z] Error writing to Modbus register: A Modbus Exception Occurred - See Response Body
[2024-12-10T07:12:47.060Z] Error reading or processing Modbus registers: A Modbus Exception Occurred - See Response Body
[2024-12-10T07:12:47.063Z] Error reading register 6507 for IP 10.30.4.128: A Modbus Exception Occurred - See Response Body
[2024-12-10T07:12:47.063Z] Error reading actual data: A Modbus Exception Occurred - See Response Body
[2024-12-10T07:12:47.064Z] Error writing to Modbus register: A Modbus Exception Occurred - See Response Body
[2024-12-10T07:12:48.074Z] Error reading or processing Modbus registers: A Modbus Exception Occurred - See Response Body
[2024-12-10T07:12:48.076Z] Error reading register 6507 for IP 10.30.4.128: A Modbus Exception Occurred - See Response Body
[2024-12-10T07:12:48.077Z] Error reading actual data: A Modbus Exception Occurred - See Response Body
[2024-12-10T07:12:48.077Z] Error writing to Modbus register: A Modbus Exception Occurred - See Response Body
[2024-12-10T07:12:49.086Z] Error reading or processing Modbus registers: A Modbus Exception Occurred - See Response Body
[2024-12-10T07:12:49.088Z] Error reading register 6507 for IP 10.30.4.128: A Modbus Exception Occurred - See Response Body
[2024-12-10T07:12:49.089Z] Error reading actual data: A Modbus Exception Occurred - See Response Body
[2024-12-10T07:12:49.090Z] Error writing to Modbus register: A Modbus Exception Occurred - See Response Body
[2024-12-10T07:12:50.102Z] Error reading or processing Modbus registers: A Modbus Exception Occurred - See Response Body
[2024-12-10T07:12:50.104Z] Error reading register 6507 for IP 10.30.4.128: A Modbus Exception Occurred - See Response Body
[2024-12-10T07:12:50.105Z] Error reading actual data: A Modbus Exception Occurred - See Response Body
[2024-12-10T07:12:50.105Z] Error writing to Modbus register: A Modbus Exception Occurred - See Response Body
[2024-12-10T07:12:51.116Z] Error reading or processing Modbus registers: A Modbus Exception Occurred - See Response Body
[2024-12-10T07:12:51.118Z] Error reading register 6507 for IP 10.30.4.128: A Modbus Exception Occurred - See Response Body
[2024-12-10T07:12:51.120Z] Error reading actual data: A Modbus Exception Occurred - See Response Body
[2024-12-10T07:12:51.121Z] Error writing to Modbus register: A Modbus Exception Occurred - See Response Body
[2024-12-10T07:12:52.130Z] Error reading or processing Modbus registers: A Modbus Exception Occurred - See Response Body
[2024-12-10T07:12:52.132Z] Error reading register 6507 for IP 10.30.4.128: A Modbus Exception Occurred - See Response Body
[2024-12-10T07:12:52.133Z] Error reading actual data: A Modbus Exception Occurred - See Response Body
[2024-12-10T07:12:52.134Z] Error writing to Modbus register: A Modbus Exception Occurred - See Response Body
[2024-12-10T07:12:53.144Z] Error reading or processing Modbus registers: A Modbus Exception Occurred - See Response Body
[2024-12-10T07:12:53.146Z] Error reading register 6507 for IP 10.30.4.128: A Modbus Exception Occurred - See Response Body
[2024-12-10T07:12:53.146Z] Error reading actual data: A Modbus Exception Occurred - See Response Body
[2024-12-10T07:12:53.147Z] Error writing to Modbus register: A Modbus Exception Occurred - See Response Body
[2024-12-10T07:12:54.158Z] Error reading or processing Modbus registers: A Modbus Exception Occurred - See Response Body
[2024-12-10T07:12:54.161Z] Error reading register 6507 for IP 10.30.4.128: A Modbus Exception Occurred - See Response Body
[2024-12-10T07:12:54.162Z] Error reading actual data: A Modbus Exception Occurred - See Response Body
[2024-12-10T07:12:54.162Z] Error writing to Modbus register: A Modbus Exception Occurred - See Response Body
[2024-12-10T07:12:55.169Z] Error reading or processing Modbus registers: A Modbus Exception Occurred - See Response Body
[2024-12-10T07:12:55.172Z] Error reading register 6507 for IP 10.30.4.128: A Modbus Exception Occurred - See Response Body
[2024-12-10T07:12:55.172Z] Error reading actual data: A Modbus Exception Occurred - See Response Body
[2024-12-10T07:12:55.173Z] Error writing to Modbus register: A Modbus Exception Occurred - See Response Body
[2024-12-10T07:12:56.169Z] Error reading or processing Modbus registers: A Modbus Exception Occurred - See Response Body
[2024-12-10T07:12:56.172Z] Error reading register 6507 for IP 10.30.4.128: A Modbus Exception Occurred - See Response Body
[2024-12-10T07:12:56.172Z] Error reading actual data: A Modbus Exception Occurred - See Response Body
[2024-12-10T07:12:56.173Z] Error writing to Modbus register: A Modbus Exception Occurred - See Response Body
[2024-12-10T07:12:57.170Z] Error reading or processing Modbus registers: A Modbus Exception Occurred - See Response Body
[2024-12-10T07:12:57.172Z] Error reading register 6507 for IP 10.30.4.128: A Modbus Exception Occurred - See Response Body
[2024-12-10T07:12:57.173Z] Error reading actual data: A Modbus Exception Occurred - See Response Body
[2024-12-10T07:12:57.174Z] Error writing to Modbus register: A Modbus Exception Occurred - See Response Body
[2024-12-10T07:12:58.171Z] Error reading or processing Modbus registers: A Modbus Exception Occurred - See Response Body
[2024-12-10T07:12:58.174Z] Error reading register 6507 for IP 10.30.4.128: A Modbus Exception Occurred - See Response Body
[2024-12-10T07:12:58.175Z] Error reading actual data: A Modbus Exception Occurred - See Response Body
[2024-12-10T07:12:58.175Z] Error writing to Modbus register: A Modbus Exception Occurred - See Response Body
[2024-12-10T07:12:59.177Z] Error reading or processing Modbus registers: A Modbus Exception Occurred - See Response Body
[2024-12-10T07:12:59.180Z] Error reading register 6507 for IP 10.30.4.128: A Modbus Exception Occurred - See Response Body
[2024-12-10T07:12:59.181Z] Error reading actual data: A Modbus Exception Occurred - See Response Body
[2024-12-10T07:12:59.181Z] Error writing to Modbus register: A Modbus Exception Occurred - See Response Body
[2024-12-10T07:13:00.189Z] Error reading or processing Modbus registers: A Modbus Exception Occurred - See Response Body
[2024-12-10T07:13:00.192Z] Error reading register 6507 for IP 10.30.4.128: A Modbus Exception Occurred - See Response Body
[2024-12-10T07:13:00.193Z] Error reading actual data: A Modbus Exception Occurred - See Response Body
[2024-12-10T07:13:00.193Z] Error writing to Modbus register: A Modbus Exception Occurred - See Response Body
[2024-12-10T07:13:01.191Z] Error reading or processing Modbus registers: A Modbus Exception Occurred - See Response Body
[2024-12-10T07:13:01.194Z] Error reading register 6507 for IP 10.30.4.128: A Modbus Exception Occurred - See Response Body
[2024-12-10T07:13:01.195Z] Error reading actual data: A Modbus Exception Occurred - See Response Body
[2024-12-10T07:13:01.195Z] Error writing to Modbus register: A Modbus Exception Occurred - See Response Body
[2024-12-10T07:13:02.205Z] Error reading or processing Modbus registers: A Modbus Exception Occurred - See Response Body
[2024-12-10T07:13:02.208Z] Error reading register 6507 for IP 10.30.4.128: A Modbus Exception Occurred - See Response Body
[2024-12-10T07:13:02.209Z] Error reading actual data: A Modbus Exception Occurred - See Response Body
[2024-12-10T07:13:02.210Z] Error writing to Modbus register: A Modbus Exception Occurred - See Response Body
[2024-12-10T07:13:03.205Z] Error reading or processing Modbus registers: A Modbus Exception Occurred - See Response Body
[2024-12-10T07:13:03.208Z] Error reading register 6507 for IP 10.30.4.128: A Modbus Exception Occurred - See Response Body
[2024-12-10T07:13:03.209Z] Error reading actual data: A Modbus Exception Occurred - See Response Body
[2024-12-10T07:13:03.210Z] Error writing to Modbus register: A Modbus Exception Occurred - See Response Body
[2024-12-10T07:13:04.207Z] Error reading or processing Modbus registers: A Modbus Exception Occurred - See Response Body
[2024-12-10T07:13:04.209Z] Error reading register 6507 for IP 10.30.4.128: A Modbus Exception Occurred - See Response Body
[2024-12-10T07:13:04.210Z] Error reading actual data: A Modbus Exception Occurred - See Response Body
[2024-12-10T07:13:04.210Z] Error writing to Modbus register: A Modbus Exception Occurred - See Response Body
[2024-12-10T07:13:05.219Z] Error reading or processing Modbus registers: A Modbus Exception Occurred - See Response Body
[2024-12-10T07:13:05.222Z] Error reading register 6507 for IP 10.30.4.128: A Modbus Exception Occurred - See Response Body
[2024-12-10T07:13:05.222Z] Error reading actual data: A Modbus Exception Occurred - See Response Body
[2024-12-10T07:13:05.223Z] Error writing to Modbus register: A Modbus Exception Occurred - See Response Body
[2024-12-10T07:13:06.220Z] Error reading or processing Modbus registers: A Modbus Exception Occurred - See Response Body
[2024-12-10T07:13:06.222Z] Error reading register 6507 for IP 10.30.4.128: A Modbus Exception Occurred - See Response Body
[2024-12-10T07:13:06.223Z] Error reading actual data: A Modbus Exception Occurred - See Response Body
[2024-12-10T07:13:06.224Z] Error writing to Modbus register: A Modbus Exception Occurred - See Response Body
[2024-12-10T07:13:07.221Z] Error reading or processing Modbus registers: A Modbus Exception Occurred - See Response Body
[2024-12-10T07:13:07.223Z] Error reading register 6507 for IP 10.30.4.128: A Modbus Exception Occurred - See Response Body
[2024-12-10T07:13:07.224Z] Error reading actual data: A Modbus Exception Occurred - See Response Body
[2024-12-10T07:13:07.224Z] Error writing to Modbus register: A Modbus Exception Occurred - See Response Body
[2024-12-10T07:13:08.226Z] Error reading or processing Modbus registers: A Modbus Exception Occurred - See Response Body
[2024-12-10T07:13:08.228Z] Error reading register 6507 for IP 10.30.4.128: A Modbus Exception Occurred - See Response Body
[2024-12-10T07:13:08.230Z] Error reading actual data: A Modbus Exception Occurred - See Response Body
[2024-12-10T07:13:08.230Z] Error writing to Modbus register: A Modbus Exception Occurred - See Response Body
[2024-12-10T07:13:09.238Z] Error reading or processing Modbus registers: A Modbus Exception Occurred - See Response Body
[2024-12-10T07:13:09.243Z] Error reading register 6507 for IP 10.30.4.128: A Modbus Exception Occurred - See Response Body
[2024-12-10T07:13:09.243Z] Error reading actual data: A Modbus Exception Occurred - See Response Body
[2024-12-10T07:13:09.244Z] Error writing to Modbus register: A Modbus Exception Occurred - See Response Body
[2024-12-10T07:13:10.241Z] Error reading or processing Modbus registers: A Modbus Exception Occurred - See Response Body
[2024-12-10T07:13:10.243Z] Error reading register 6507 for IP 10.30.4.128: A Modbus Exception Occurred - See Response Body
[2024-12-10T07:13:10.244Z] Error reading actual data: A Modbus Exception Occurred - See Response Body
[2024-12-10T07:13:10.244Z] Error writing to Modbus register: A Modbus Exception Occurred - See Response Body
[2024-12-10T07:13:11.250Z] Error reading or processing Modbus registers: A Modbus Exception Occurred - See Response Body
[2024-12-10T07:13:11.253Z] Error reading register 6507 for IP 10.30.4.128: A Modbus Exception Occurred - See Response Body
[2024-12-10T07:13:11.253Z] Error reading actual data: A Modbus Exception Occurred - See Response Body
[2024-12-10T07:13:11.254Z] Error writing to Modbus register: A Modbus Exception Occurred - See Response Body
[2024-12-10T07:13:12.265Z] Error reading or processing Modbus registers: A Modbus Exception Occurred - See Response Body
[2024-12-10T07:13:12.267Z] Error reading register 6507 for IP 10.30.4.128: A Modbus Exception Occurred - See Response Body
[2024-12-10T07:13:12.268Z] Error reading actual data: A Modbus Exception Occurred - See Response Body
[2024-12-10T07:13:12.269Z] Error writing to Modbus register: A Modbus Exception Occurred - See Response Body
[2024-12-10T07:13:13.268Z] Error reading or processing Modbus registers: A Modbus Exception Occurred - See Response Body
[2024-12-10T07:13:13.270Z] Error reading register 6507 for IP 10.30.4.128: A Modbus Exception Occurred - See Response Body
[2024-12-10T07:13:13.271Z] Error reading actual data: A Modbus Exception Occurred - See Response Body
[2024-12-10T07:13:13.272Z] Error writing to Modbus register: A Modbus Exception Occurred - See Response Body
[2024-12-10T07:13:14.281Z] Error reading or processing Modbus registers: A Modbus Exception Occurred - See Response Body
[2024-12-10T07:13:14.283Z] Error reading register 6507 for IP 10.30.4.128: A Modbus Exception Occurred - See Response Body
[2024-12-10T07:13:14.284Z] Error reading actual data: A Modbus Exception Occurred - See Response Body
[2024-12-10T07:13:14.284Z] Error writing to Modbus register: A Modbus Exception Occurred - See Response Body
[2024-12-10T07:13:15.296Z] Error reading or processing Modbus registers: A Modbus Exception Occurred - See Response Body
[2024-12-10T07:13:15.298Z] Error reading register 6507 for IP 10.30.4.128: A Modbus Exception Occurred - See Response Body
[2024-12-10T07:13:15.298Z] Error reading actual data: A Modbus Exception Occurred - See Response Body
[2024-12-10T07:13:15.299Z] Error writing to Modbus register: A Modbus Exception Occurred - See Response Body
[2024-12-10T07:13:16.311Z] Error reading or processing Modbus registers: A Modbus Exception Occurred - See Response Body
[2024-12-10T07:13:16.314Z] Error reading register 6507 for IP 10.30.4.128: A Modbus Exception Occurred - See Response Body
[2024-12-10T07:13:16.314Z] Error reading actual data: A Modbus Exception Occurred - See Response Body
[2024-12-10T07:13:16.315Z] Error writing to Modbus register: A Modbus Exception Occurred - See Response Body
[2024-12-10T07:13:17.312Z] Error reading or processing Modbus registers: A Modbus Exception Occurred - See Response Body
[2024-12-10T07:13:17.314Z] Error reading register 6507 for IP 10.30.4.128: A Modbus Exception Occurred - See Response Body
[2024-12-10T07:13:17.315Z] Error reading actual data: A Modbus Exception Occurred - See Response Body
[2024-12-10T07:13:17.315Z] Error writing to Modbus register: A Modbus Exception Occurred - See Response Body
[2024-12-10T07:13:18.325Z] Error reading or processing Modbus registers: A Modbus Exception Occurred - See Response Body
[2024-12-10T07:13:18.328Z] Error reading register 6507 for IP 10.30.4.128: A Modbus Exception Occurred - See Response Body
[2024-12-10T07:13:18.328Z] Error reading actual data: A Modbus Exception Occurred - See Response Body
[2024-12-10T07:13:18.329Z] Error writing to Modbus register: A Modbus Exception Occurred - See Response Body
[2024-12-10T07:13:19.325Z] Error reading or processing Modbus registers: A Modbus Exception Occurred - See Response Body
[2024-12-10T07:13:19.328Z] Error reading register 6507 for IP 10.30.4.128: A Modbus Exception Occurred - See Response Body
[2024-12-10T07:13:19.328Z] Error reading actual data: A Modbus Exception Occurred - See Response Body
[2024-12-10T07:13:19.329Z] Error writing to Modbus register: A Modbus Exception Occurred - See Response Body
[2024-12-10T07:13:20.336Z] Error reading or processing Modbus registers: A Modbus Exception Occurred - See Response Body
[2024-12-10T07:13:20.338Z] Error reading register 6507 for IP 10.30.4.128: A Modbus Exception Occurred - See Response Body
[2024-12-10T07:13:20.339Z] Error reading actual data: A Modbus Exception Occurred - See Response Body
[2024-12-10T07:13:20.340Z] Error writing to Modbus register: A Modbus Exception Occurred - See Response Body
[2024-12-10T07:13:21.337Z] Error reading or processing Modbus registers: A Modbus Exception Occurred - See Response Body
[2024-12-10T07:13:21.339Z] Error reading register 6507 for IP 10.30.4.128: A Modbus Exception Occurred - See Response Body
[2024-12-10T07:13:21.340Z] Error reading actual data: A Modbus Exception Occurred - See Response Body
[2024-12-10T07:13:21.340Z] Error writing to Modbus register: A Modbus Exception Occurred - See Response Body
[2024-12-10T07:13:22.351Z] Error reading or processing Modbus registers: A Modbus Exception Occurred - See Response Body
[2024-12-10T07:13:22.353Z] Error reading register 6507 for IP 10.30.4.128: A Modbus Exception Occurred - See Response Body
[2024-12-10T07:13:22.354Z] Error reading actual data: A Modbus Exception Occurred - See Response Body
[2024-12-10T07:13:22.355Z] Error writing to Modbus register: A Modbus Exception Occurred - See Response Body
[2024-12-10T07:13:23.354Z] Error reading or processing Modbus registers: A Modbus Exception Occurred - See Response Body
[2024-12-10T07:13:23.356Z] Error reading register 6507 for IP 10.30.4.128: A Modbus Exception Occurred - See Response Body
[2024-12-10T07:13:23.357Z] Error reading actual data: A Modbus Exception Occurred - See Response Body
[2024-12-10T07:13:23.357Z] Error writing to Modbus register: A Modbus Exception Occurred - See Response Body
[2024-12-10T07:13:24.368Z] Error reading or processing Modbus registers: A Modbus Exception Occurred - See Response Body
[2024-12-10T07:13:24.370Z] Error reading register 6507 for IP 10.30.4.128: A Modbus Exception Occurred - See Response Body
[2024-12-10T07:13:24.371Z] Error reading actual data: A Modbus Exception Occurred - See Response Body
[2024-12-10T07:13:24.371Z] Error writing to Modbus register: A Modbus Exception Occurred - See Response Body
[2024-12-10T07:13:25.382Z] Error reading or processing Modbus registers: A Modbus Exception Occurred - See Response Body
[2024-12-10T07:13:25.384Z] Error reading register 6507 for IP 10.30.4.128: A Modbus Exception Occurred - See Response Body
[2024-12-10T07:13:25.385Z] Error reading actual data: A Modbus Exception Occurred - See Response Body
[2024-12-10T07:13:25.386Z] Error writing to Modbus register: A Modbus Exception Occurred - See Response Body
[2024-12-10T07:13:26.383Z] Error reading or processing Modbus registers: A Modbus Exception Occurred - See Response Body
[2024-12-10T07:13:26.386Z] Error reading register 6507 for IP 10.30.4.128: A Modbus Exception Occurred - See Response Body
[2024-12-10T07:13:26.387Z] Error reading actual data: A Modbus Exception Occurred - See Response Body
[2024-12-10T07:13:26.388Z] Error writing to Modbus register: A Modbus Exception Occurred - See Response Body
[2024-12-10T07:13:27.397Z] Error reading or processing Modbus registers: A Modbus Exception Occurred - See Response Body
[2024-12-10T07:13:27.399Z] Error reading register 6507 for IP 10.30.4.128: A Modbus Exception Occurred - See Response Body
[2024-12-10T07:13:27.400Z] Error reading actual data: A Modbus Exception Occurred - See Response Body
[2024-12-10T07:13:27.400Z] Error writing to Modbus register: A Modbus Exception Occurred - See Response Body
[2024-12-10T07:13:28.410Z] Error reading or processing Modbus registers: A Modbus Exception Occurred - See Response Body
[2024-12-10T07:13:28.412Z] Error reading register 6507 for IP 10.30.4.128: A Modbus Exception Occurred - See Response Body
[2024-12-10T07:13:28.413Z] Error reading actual data: A Modbus Exception Occurred - See Response Body
[2024-12-10T07:13:28.413Z] Error writing to Modbus register: A Modbus Exception Occurred - See Response Body
[2024-12-10T07:13:29.421Z] Error reading or processing Modbus registers: A Modbus Exception Occurred - See Response Body
[2024-12-10T07:13:29.423Z] Error reading register 6507 for IP 10.30.4.128: A Modbus Exception Occurred - See Response Body
[2024-12-10T07:13:29.424Z] Error reading actual data: A Modbus Exception Occurred - See Response Body
[2024-12-10T07:13:29.424Z] Error writing to Modbus register: A Modbus Exception Occurred - See Response Body
[2024-12-10T07:13:30.448Z] Error reading or processing Modbus registers: A Modbus Exception Occurred - See Response Body
[2024-12-10T07:13:30.453Z] Error reading register 6507 for IP 10.30.4.128: A Modbus Exception Occurred - See Response Body
[2024-12-10T07:13:30.454Z] Error reading actual data: A Modbus Exception Occurred - See Response Body
[2024-12-10T07:13:30.454Z] Error writing to Modbus register: A Modbus Exception Occurred - See Response Body
[2024-12-10T07:13:31.462Z] Error reading or processing Modbus registers: A Modbus Exception Occurred - See Response Body
[2024-12-10T07:13:31.464Z] Error reading register 6507 for IP 10.30.4.128: A Modbus Exception Occurred - See Response Body
[2024-12-10T07:13:31.465Z] Error reading actual data: A Modbus Exception Occurred - See Response Body
[2024-12-10T07:13:31.465Z] Error writing to Modbus register: A Modbus Exception Occurred - See Response Body
[2024-12-10T07:13:32.477Z] Error reading or processing Modbus registers: A Modbus Exception Occurred - See Response Body
[2024-12-10T07:13:32.480Z] Error reading register 6507 for IP 10.30.4.128: A Modbus Exception Occurred - See Response Body
[2024-12-10T07:13:32.480Z] Error reading actual data: A Modbus Exception Occurred - See Response Body
[2024-12-10T07:13:32.481Z] Error writing to Modbus register: A Modbus Exception Occurred - See Response Body
[2024-12-10T07:13:33.488Z] Error reading or processing Modbus registers: A Modbus Exception Occurred - See Response Body
[2024-12-10T07:13:33.491Z] Error reading register 6507 for IP 10.30.4.128: A Modbus Exception Occurred - See Response Body
[2024-12-10T07:13:33.492Z] Error reading actual data: A Modbus Exception Occurred - See Response Body
[2024-12-10T07:13:33.492Z] Error writing to Modbus register: A Modbus Exception Occurred - See Response Body
[2024-12-10T07:13:34.492Z] Error reading or processing Modbus registers: A Modbus Exception Occurred - See Response Body
[2024-12-10T07:13:34.494Z] Error reading register 6507 for IP 10.30.4.128: A Modbus Exception Occurred - See Response Body
[2024-12-10T07:13:34.495Z] Error reading actual data: A Modbus Exception Occurred - See Response Body
[2024-12-10T07:13:34.495Z] Error writing to Modbus register: A Modbus Exception Occurred - See Response Body
[2024-12-10T07:13:35.494Z] Error reading or processing Modbus registers: A Modbus Exception Occurred - See Response Body
[2024-12-10T07:13:35.496Z] Error reading register 6507 for IP 10.30.4.128: A Modbus Exception Occurred - See Response Body
[2024-12-10T07:13:35.498Z] Error writing to Modbus register: A Modbus Exception Occurred - See Response Body
[2024-12-10T07:13:35.497Z] Error reading actual data: A Modbus Exception Occurred - See Response Body
[2024-12-10T07:13:36.507Z] Error reading or processing Modbus registers: A Modbus Exception Occurred - See Response Body
[2024-12-10T07:13:36.509Z] Error reading register 6507 for IP 10.30.4.128: A Modbus Exception Occurred - See Response Body
[2024-12-10T07:13:36.510Z] Error reading actual data: A Modbus Exception Occurred - See Response Body
[2024-12-10T07:13:36.510Z] Error writing to Modbus register: A Modbus Exception Occurred - See Response Body
[2024-12-10T07:13:37.520Z] Error reading or processing Modbus registers: A Modbus Exception Occurred - See Response Body
[2024-12-10T07:13:37.524Z] Error reading register 6507 for IP 10.30.4.128: A Modbus Exception Occurred - See Response Body
[2024-12-10T07:13:37.524Z] Error reading actual data: A Modbus Exception Occurred - See Response Body
[2024-12-10T07:13:37.525Z] Error writing to Modbus register: A Modbus Exception Occurred - See Response Body
[2024-12-10T07:13:38.522Z] Error reading or processing Modbus registers: A Modbus Exception Occurred - See Response Body
[2024-12-10T07:13:38.524Z] Error reading register 6507 for IP 10.30.4.128: A Modbus Exception Occurred - See Response Body
[2024-12-10T07:13:38.525Z] Error reading actual data: A Modbus Exception Occurred - See Response Body
[2024-12-10T07:13:38.527Z] Error writing to Modbus register: A Modbus Exception Occurred - See Response Body
[2024-12-10T07:13:39.530Z] Error reading or processing Modbus registers: A Modbus Exception Occurred - See Response Body
[2024-12-10T07:13:39.532Z] Error reading register 6507 for IP 10.30.4.128: A Modbus Exception Occurred - See Response Body
[2024-12-10T07:13:39.533Z] Error reading actual data: A Modbus Exception Occurred - See Response Body
[2024-12-10T07:13:39.533Z] Error writing to Modbus register: A Modbus Exception Occurred - See Response Body
[2024-12-10T07:13:40.545Z] Error reading or processing Modbus registers: A Modbus Exception Occurred - See Response Body
[2024-12-10T07:13:40.547Z] Error reading register 6507 for IP 10.30.4.128: A Modbus Exception Occurred - See Response Body
[2024-12-10T07:13:40.547Z] Error reading actual data: A Modbus Exception Occurred - See Response Body
[2024-12-10T07:13:40.548Z] Error writing to Modbus register: A Modbus Exception Occurred - See Response Body
[2024-12-10T07:13:41.559Z] Error reading or processing Modbus registers: A Modbus Exception Occurred - See Response Body
[2024-12-10T07:13:41.561Z] Error reading register 6507 for IP 10.30.4.128: A Modbus Exception Occurred - See Response Body
[2024-12-10T07:13:41.562Z] Error reading actual data: A Modbus Exception Occurred - See Response Body
[2024-12-10T07:13:41.563Z] Error writing to Modbus register: A Modbus Exception Occurred - See Response Body
[2024-12-10T07:13:42.559Z] Error reading or processing Modbus registers: A Modbus Exception Occurred - See Response Body
[2024-12-10T07:13:42.562Z] Error reading register 6507 for IP 10.30.4.128: A Modbus Exception Occurred - See Response Body
[2024-12-10T07:13:42.563Z] Error reading actual data: A Modbus Exception Occurred - See Response Body
[2024-12-10T07:13:42.563Z] Error writing to Modbus register: A Modbus Exception Occurred - See Response Body
[2024-12-10T07:13:43.572Z] Error reading or processing Modbus registers: A Modbus Exception Occurred - See Response Body
[2024-12-10T07:13:43.575Z] Error reading register 6507 for IP 10.30.4.128: A Modbus Exception Occurred - See Response Body
[2024-12-10T07:13:43.576Z] Error reading actual data: A Modbus Exception Occurred - See Response Body
[2024-12-10T07:13:43.576Z] Error writing to Modbus register: A Modbus Exception Occurred - See Response Body
[2024-12-10T07:13:44.574Z] Error reading or processing Modbus registers: A Modbus Exception Occurred - See Response Body
[2024-12-10T07:13:44.577Z] Error reading register 6507 for IP 10.30.4.128: A Modbus Exception Occurred - See Response Body
[2024-12-10T07:13:44.577Z] Error reading actual data: A Modbus Exception Occurred - See Response Body
[2024-12-10T07:13:44.578Z] Error writing to Modbus register: A Modbus Exception Occurred - See Response Body
[2024-12-10T07:13:45.575Z] Error reading or processing Modbus registers: A Modbus Exception Occurred - See Response Body
[2024-12-10T07:13:45.577Z] Error reading register 6507 for IP 10.30.4.128: A Modbus Exception Occurred - See Response Body
[2024-12-10T07:13:45.578Z] Error reading actual data: A Modbus Exception Occurred - See Response Body
[2024-12-10T07:13:45.579Z] Error writing to Modbus register: A Modbus Exception Occurred - See Response Body
[2024-12-10T07:13:46.576Z] Error reading or processing Modbus registers: A Modbus Exception Occurred - See Response Body
[2024-12-10T07:13:46.579Z] Error reading register 6507 for IP 10.30.4.128: A Modbus Exception Occurred - See Response Body
[2024-12-10T07:13:46.580Z] Error reading actual data: A Modbus Exception Occurred - See Response Body
[2024-12-10T07:13:46.580Z] Error writing to Modbus register: A Modbus Exception Occurred - See Response Body
[2024-12-10T07:13:47.589Z] Error reading or processing Modbus registers: A Modbus Exception Occurred - See Response Body
[2024-12-10T07:13:47.592Z] Error reading register 6507 for IP 10.30.4.128: A Modbus Exception Occurred - See Response Body
[2024-12-10T07:13:47.593Z] Error reading actual data: A Modbus Exception Occurred - See Response Body
[2024-12-10T07:13:47.593Z] Error writing to Modbus register: A Modbus Exception Occurred - See Response Body
[2024-12-10T07:13:48.594Z] Error reading or processing Modbus registers: A Modbus Exception Occurred - See Response Body
[2024-12-10T07:13:48.597Z] Error reading register 6507 for IP 10.30.4.128: A Modbus Exception Occurred - See Response Body
[2024-12-10T07:13:48.597Z] Error reading actual data: A Modbus Exception Occurred - See Response Body
[2024-12-10T07:13:48.598Z] Error writing to Modbus register: A Modbus Exception Occurred - See Response Body
[2024-12-10T07:13:49.606Z] Error reading or processing Modbus registers: A Modbus Exception Occurred - See Response Body
[2024-12-10T07:13:49.609Z] Error reading register 6507 for IP 10.30.4.128: A Modbus Exception Occurred - See Response Body
[2024-12-10T07:13:49.610Z] Error reading actual data: A Modbus Exception Occurred - See Response Body
[2024-12-10T07:13:49.610Z] Error writing to Modbus register: A Modbus Exception Occurred - See Response Body
[2024-12-10T07:13:50.619Z] Error reading or processing Modbus registers: A Modbus Exception Occurred - See Response Body
[2024-12-10T07:13:50.622Z] Error reading register 6507 for IP 10.30.4.128: A Modbus Exception Occurred - See Response Body
[2024-12-10T07:13:50.623Z] Error reading actual data: A Modbus Exception Occurred - See Response Body
[2024-12-10T07:13:50.623Z] Error writing to Modbus register: A Modbus Exception Occurred - See Response Body
[2024-12-10T07:13:51.620Z] Error reading or processing Modbus registers: A Modbus Exception Occurred - See Response Body
[2024-12-10T07:13:51.623Z] Error reading register 6507 for IP 10.30.4.128: A Modbus Exception Occurred - See Response Body
[2024-12-10T07:13:51.624Z] Error reading actual data: A Modbus Exception Occurred - See Response Body
[2024-12-10T07:13:51.625Z] Error writing to Modbus register: A Modbus Exception Occurred - See Response Body
[2024-12-10T07:13:52.619Z] Error reading or processing Modbus registers: A Modbus Exception Occurred - See Response Body
[2024-12-10T07:13:52.622Z] Error reading register 6507 for IP 10.30.4.128: A Modbus Exception Occurred - See Response Body
[2024-12-10T07:13:52.623Z] Error reading actual data: A Modbus Exception Occurred - See Response Body
[2024-12-10T07:13:52.623Z] Error writing to Modbus register: A Modbus Exception Occurred - See Response Body
[2024-12-10T07:13:53.633Z] Error reading or processing Modbus registers: A Modbus Exception Occurred - See Response Body
[2024-12-10T07:13:53.636Z] Error reading register 6507 for IP 10.30.4.128: A Modbus Exception Occurred - See Response Body
[2024-12-10T07:13:53.636Z] Error reading actual data: A Modbus Exception Occurred - See Response Body
[2024-12-10T07:13:53.637Z] Error writing to Modbus register: A Modbus Exception Occurred - See Response Body
[2024-12-10T07:13:54.649Z] Error reading or processing Modbus registers: A Modbus Exception Occurred - See Response Body
[2024-12-10T07:13:54.651Z] Error reading register 6507 for IP 10.30.4.128: A Modbus Exception Occurred - See Response Body
[2024-12-10T07:13:54.652Z] Error reading actual data: A Modbus Exception Occurred - See Response Body
[2024-12-10T07:13:54.652Z] Error writing to Modbus register: A Modbus Exception Occurred - See Response Body
[2024-12-10T07:13:55.650Z] Error reading or processing Modbus registers: A Modbus Exception Occurred - See Response Body
[2024-12-10T07:13:55.652Z] Error reading register 6507 for IP 10.30.4.128: A Modbus Exception Occurred - See Response Body
[2024-12-10T07:13:55.653Z] Error reading actual data: A Modbus Exception Occurred - See Response Body
[2024-12-10T07:13:55.653Z] Error writing to Modbus register: A Modbus Exception Occurred - See Response Body
[2024-12-10T07:13:56.660Z] Error reading or processing Modbus registers: A Modbus Exception Occurred - See Response Body
[2024-12-10T07:13:56.662Z] Error reading register 6507 for IP 10.30.4.128: A Modbus Exception Occurred - See Response Body
[2024-12-10T07:13:56.663Z] Error reading actual data: A Modbus Exception Occurred - See Response Body
[2024-12-10T07:13:56.664Z] Error writing to Modbus register: A Modbus Exception Occurred - See Response Body
[2024-12-10T07:13:57.662Z] Error reading or processing Modbus registers: A Modbus Exception Occurred - See Response Body
[2024-12-10T07:13:57.664Z] Error reading register 6507 for IP 10.30.4.128: A Modbus Exception Occurred - See Response Body
[2024-12-10T07:13:57.665Z] Error reading actual data: A Modbus Exception Occurred - See Response Body
[2024-12-10T07:13:57.666Z] Error writing to Modbus register: A Modbus Exception Occurred - See Response Body
[2024-12-10T07:13:58.677Z] Error reading or processing Modbus registers: A Modbus Exception Occurred - See Response Body
[2024-12-10T07:13:58.680Z] Error reading register 6507 for IP 10.30.4.128: A Modbus Exception Occurred - See Response Body
[2024-12-10T07:13:58.680Z] Error reading actual data: A Modbus Exception Occurred - See Response Body
[2024-12-10T07:13:58.681Z] Error writing to Modbus register: A Modbus Exception Occurred - See Response Body
[2024-12-10T07:13:59.678Z] Error reading or processing Modbus registers: A Modbus Exception Occurred - See Response Body
[2024-12-10T07:13:59.680Z] Error reading register 6507 for IP 10.30.4.128: A Modbus Exception Occurred - See Response Body
[2024-12-10T07:13:59.681Z] Error reading actual data: A Modbus Exception Occurred - See Response Body
[2024-12-10T07:13:59.681Z] Error writing to Modbus register: A Modbus Exception Occurred - See Response Body
[2024-12-10T07:14:00.689Z] Error reading or processing Modbus registers: A Modbus Exception Occurred - See Response Body
[2024-12-10T07:14:00.691Z] Error reading register 6507 for IP 10.30.4.128: A Modbus Exception Occurred - See Response Body
[2024-12-10T07:14:00.692Z] Error reading actual data: A Modbus Exception Occurred - See Response Body
[2024-12-10T07:14:00.692Z] Error writing to Modbus register: A Modbus Exception Occurred - See Response Body
[2024-12-10T07:14:01.703Z] Error reading or processing Modbus registers: A Modbus Exception Occurred - See Response Body
[2024-12-10T07:14:01.705Z] Error reading register 6507 for IP 10.30.4.128: A Modbus Exception Occurred - See Response Body
[2024-12-10T07:14:01.705Z] Error reading actual data: A Modbus Exception Occurred - See Response Body
[2024-12-10T07:14:01.706Z] Error writing to Modbus register: A Modbus Exception Occurred - See Response Body
[2024-12-10T07:14:02.703Z] Error reading or processing Modbus registers: A Modbus Exception Occurred - See Response Body
[2024-12-10T07:14:02.705Z] Error reading register 6507 for IP 10.30.4.128: A Modbus Exception Occurred - See Response Body
[2024-12-10T07:14:02.706Z] Error reading actual data: A Modbus Exception Occurred - See Response Body
[2024-12-10T07:14:02.706Z] Error writing to Modbus register: A Modbus Exception Occurred - See Response Body
[2024-12-10T07:14:03.705Z] Error reading or processing Modbus registers: A Modbus Exception Occurred - See Response Body
[2024-12-10T07:14:03.707Z] Error reading register 6507 for IP 10.30.4.128: A Modbus Exception Occurred - See Response Body
[2024-12-10T07:14:03.708Z] Error reading actual data: A Modbus Exception Occurred - See Response Body
[2024-12-10T07:14:03.708Z] Error writing to Modbus register: A Modbus Exception Occurred - See Response Body
[2024-12-10T07:14:04.705Z] Error reading or processing Modbus registers: A Modbus Exception Occurred - See Response Body
[2024-12-10T07:14:04.708Z] Error reading register 6507 for IP 10.30.4.128: A Modbus Exception Occurred - See Response Body
[2024-12-10T07:14:04.709Z] Error reading actual data: A Modbus Exception Occurred - See Response Body
[2024-12-10T07:14:04.709Z] Error writing to Modbus register: A Modbus Exception Occurred - See Response Body
[2024-12-10T07:14:05.720Z] Error reading or processing Modbus registers: A Modbus Exception Occurred - See Response Body
[2024-12-10T07:14:05.722Z] Error reading register 6507 for IP 10.30.4.128: A Modbus Exception Occurred - See Response Body
[2024-12-10T07:14:05.723Z] Error reading actual data: A Modbus Exception Occurred - See Response Body
[2024-12-10T07:14:05.723Z] Error writing to Modbus register: A Modbus Exception Occurred - See Response Body
[2024-12-10T07:14:06.723Z] Error reading or processing Modbus registers: A Modbus Exception Occurred - See Response Body
[2024-12-10T07:14:06.726Z] Error reading register 6507 for IP 10.30.4.128: A Modbus Exception Occurred - See Response Body
[2024-12-10T07:14:06.726Z] Error reading actual data: A Modbus Exception Occurred - See Response Body
[2024-12-10T07:14:06.727Z] Error writing to Modbus register: A Modbus Exception Occurred - See Response Body
[2024-12-10T07:14:07.726Z] Error reading or processing Modbus registers: A Modbus Exception Occurred - See Response Body
[2024-12-10T07:14:07.729Z] Error reading register 6507 for IP 10.30.4.128: A Modbus Exception Occurred - See Response Body
[2024-12-10T07:14:07.730Z] Error reading actual data: A Modbus Exception Occurred - See Response Body
[2024-12-10T07:14:07.731Z] Error writing to Modbus register: A Modbus Exception Occurred - See Response Body
[2024-12-10T07:14:08.730Z] Error reading or processing Modbus registers: A Modbus Exception Occurred - See Response Body
[2024-12-10T07:14:08.732Z] Error reading register 6507 for IP 10.30.4.128: A Modbus Exception Occurred - See Response Body
[2024-12-10T07:14:08.732Z] Error reading actual data: A Modbus Exception Occurred - See Response Body
[2024-12-10T07:14:08.733Z] Error writing to Modbus register: A Modbus Exception Occurred - See Response Body
[2024-12-10T07:14:09.733Z] Error reading or processing Modbus registers: A Modbus Exception Occurred - See Response Body
[2024-12-10T07:14:09.735Z] Error reading register 6507 for IP 10.30.4.128: A Modbus Exception Occurred - See Response Body
[2024-12-10T07:14:09.736Z] Error reading actual data: A Modbus Exception Occurred - See Response Body
[2024-12-10T07:14:09.736Z] Error writing to Modbus register: A Modbus Exception Occurred - See Response Body
[2024-12-10T07:14:10.747Z] Error reading or processing Modbus registers: A Modbus Exception Occurred - See Response Body
[2024-12-10T07:14:10.750Z] Error reading register 6507 for IP 10.30.4.128: A Modbus Exception Occurred - See Response Body
[2024-12-10T07:14:10.751Z] Error reading actual data: A Modbus Exception Occurred - See Response Body
[2024-12-10T07:14:10.751Z] Error writing to Modbus register: A Modbus Exception Occurred - See Response Body
[2024-12-10T07:14:11.762Z] Error reading or processing Modbus registers: A Modbus Exception Occurred - See Response Body
[2024-12-10T07:14:11.765Z] Error reading register 6507 for IP 10.30.4.128: A Modbus Exception Occurred - See Response Body
[2024-12-10T07:14:11.766Z] Error reading actual data: A Modbus Exception Occurred - See Response Body
[2024-12-10T07:14:11.766Z] Error writing to Modbus register: A Modbus Exception Occurred - See Response Body
[2024-12-10T07:14:12.777Z] Error reading or processing Modbus registers: A Modbus Exception Occurred - See Response Body
[2024-12-10T07:14:12.779Z] Error reading register 6507 for IP 10.30.4.128: A Modbus Exception Occurred - See Response Body
[2024-12-10T07:14:12.780Z] Error reading actual data: A Modbus Exception Occurred - See Response Body
[2024-12-10T07:14:12.781Z] Error writing to Modbus register: A Modbus Exception Occurred - See Response Body
[2024-12-10T07:14:13.792Z] Error reading or processing Modbus registers: A Modbus Exception Occurred - See Response Body
[2024-12-10T07:14:13.794Z] Error reading register 6507 for IP 10.30.4.128: A Modbus Exception Occurred - See Response Body
[2024-12-10T07:14:13.795Z] Error reading actual data: A Modbus Exception Occurred - See Response Body
[2024-12-10T07:14:13.796Z] Error writing to Modbus register: A Modbus Exception Occurred - See Response Body
[2024-12-10T07:14:14.806Z] Error reading or processing Modbus registers: A Modbus Exception Occurred - See Response Body
[2024-12-10T07:14:14.808Z] Error reading register 6507 for IP 10.30.4.128: A Modbus Exception Occurred - See Response Body
[2024-12-10T07:14:14.809Z] Error reading actual data: A Modbus Exception Occurred - See Response Body
[2024-12-10T07:14:14.809Z] Error writing to Modbus register: A Modbus Exception Occurred - See Response Body
[2024-12-10T07:14:15.819Z] Error reading or processing Modbus registers: A Modbus Exception Occurred - See Response Body
[2024-12-10T07:14:15.821Z] Error reading register 6507 for IP 10.30.4.128: A Modbus Exception Occurred - See Response Body
[2024-12-10T07:14:15.822Z] Error reading actual data: A Modbus Exception Occurred - See Response Body
[2024-12-10T07:14:15.823Z] Error writing to Modbus register: A Modbus Exception Occurred - See Response Body
[2024-12-10T07:14:16.831Z] Error reading or processing Modbus registers: A Modbus Exception Occurred - See Response Body
[2024-12-10T07:14:16.834Z] Error reading register 6507 for IP 10.30.4.128: A Modbus Exception Occurred - See Response Body
[2024-12-10T07:14:16.834Z] Error reading actual data: A Modbus Exception Occurred - See Response Body
[2024-12-10T07:14:16.835Z] Error writing to Modbus register: A Modbus Exception Occurred - See Response Body
[2024-12-10T07:14:17.843Z] Error reading or processing Modbus registers: A Modbus Exception Occurred - See Response Body
[2024-12-10T07:14:17.846Z] Error reading register 6507 for IP 10.30.4.128: A Modbus Exception Occurred - See Response Body
[2024-12-10T07:14:17.847Z] Error reading actual data: A Modbus Exception Occurred - See Response Body
[2024-12-10T07:14:17.847Z] Error writing to Modbus register: A Modbus Exception Occurred - See Response Body
[2024-12-10T07:14:18.844Z] Error reading or processing Modbus registers: A Modbus Exception Occurred - See Response Body
[2024-12-10T07:14:18.846Z] Error reading register 6507 for IP 10.30.4.128: A Modbus Exception Occurred - See Response Body
[2024-12-10T07:14:18.847Z] Error reading actual data: A Modbus Exception Occurred - See Response Body
[2024-12-10T07:14:18.848Z] Error writing to Modbus register: A Modbus Exception Occurred - See Response Body
[2024-12-10T07:14:19.857Z] Error reading or processing Modbus registers: A Modbus Exception Occurred - See Response Body
[2024-12-10T07:14:19.859Z] Error reading register 6507 for IP 10.30.4.128: A Modbus Exception Occurred - See Response Body
[2024-12-10T07:14:19.860Z] Error reading actual data: A Modbus Exception Occurred - See Response Body
[2024-12-10T07:14:19.861Z] Error writing to Modbus register: A Modbus Exception Occurred - See Response Body
[2024-12-10T07:14:20.857Z] Error reading or processing Modbus registers: A Modbus Exception Occurred - See Response Body
[2024-12-10T07:14:20.860Z] Error reading register 6507 for IP 10.30.4.128: A Modbus Exception Occurred - See Response Body
[2024-12-10T07:14:20.861Z] Error reading actual data: A Modbus Exception Occurred - See Response Body
[2024-12-10T07:14:20.861Z] Error writing to Modbus register: A Modbus Exception Occurred - See Response Body
[2024-12-10T07:14:21.872Z] Error reading or processing Modbus registers: A Modbus Exception Occurred - See Response Body
[2024-12-10T07:14:21.876Z] Error reading register 6507 for IP 10.30.4.128: A Modbus Exception Occurred - See Response Body
[2024-12-10T07:14:21.877Z] Error reading actual data: A Modbus Exception Occurred - See Response Body
[2024-12-10T07:14:21.877Z] Error writing to Modbus register: A Modbus Exception Occurred - See Response Body
[2024-12-10T07:14:22.885Z] Error reading or processing Modbus registers: A Modbus Exception Occurred - See Response Body
[2024-12-10T07:14:22.888Z] Error reading register 6507 for IP 10.30.4.128: A Modbus Exception Occurred - See Response Body
[2024-12-10T07:14:22.888Z] Error reading actual data: A Modbus Exception Occurred - See Response Body
[2024-12-10T07:14:22.889Z] Error writing to Modbus register: A Modbus Exception Occurred - See Response Body
[2024-12-10T07:14:23.885Z] Error reading or processing Modbus registers: A Modbus Exception Occurred - See Response Body
[2024-12-10T07:14:23.887Z] Error reading register 6507 for IP 10.30.4.128: A Modbus Exception Occurred - See Response Body
[2024-12-10T07:14:23.888Z] Error reading actual data: A Modbus Exception Occurred - See Response Body
[2024-12-10T07:14:23.889Z] Error writing to Modbus register: A Modbus Exception Occurred - See Response Body
[2024-12-10T07:14:24.886Z] Error reading or processing Modbus registers: A Modbus Exception Occurred - See Response Body
[2024-12-10T07:14:24.889Z] Error reading register 6507 for IP 10.30.4.128: A Modbus Exception Occurred - See Response Body
[2024-12-10T07:14:24.889Z] Error reading actual data: A Modbus Exception Occurred - See Response Body
[2024-12-10T07:14:24.890Z] Error writing to Modbus register: A Modbus Exception Occurred - See Response Body
[2024-12-10T07:14:25.900Z] Error reading or processing Modbus registers: A Modbus Exception Occurred - See Response Body
[2024-12-10T07:14:25.903Z] Error reading register 6507 for IP 10.30.4.128: A Modbus Exception Occurred - See Response Body
[2024-12-10T07:14:25.903Z] Error reading actual data: A Modbus Exception Occurred - See Response Body
[2024-12-10T07:14:25.904Z] Error writing to Modbus register: A Modbus Exception Occurred - See Response Body
[2024-12-10T07:14:26.913Z] Error reading or processing Modbus registers: A Modbus Exception Occurred - See Response Body
[2024-12-10T07:14:26.915Z] Error reading register 6507 for IP 10.30.4.128: A Modbus Exception Occurred - See Response Body
[2024-12-10T07:14:26.916Z] Error reading actual data: A Modbus Exception Occurred - See Response Body
[2024-12-10T07:14:26.916Z] Error writing to Modbus register: A Modbus Exception Occurred - See Response Body
[2024-12-10T07:14:27.926Z] Error reading or processing Modbus registers: A Modbus Exception Occurred - See Response Body
[2024-12-10T07:14:27.929Z] Error reading register 6507 for IP 10.30.4.128: A Modbus Exception Occurred - See Response Body
[2024-12-10T07:14:27.930Z] Error reading actual data: A Modbus Exception Occurred - See Response Body
[2024-12-10T07:14:27.931Z] Error writing to Modbus register: A Modbus Exception Occurred - See Response Body
[2024-12-10T07:14:28.940Z] Error reading or processing Modbus registers: A Modbus Exception Occurred - See Response Body
[2024-12-10T07:14:28.943Z] Error reading register 6507 for IP 10.30.4.128: A Modbus Exception Occurred - See Response Body
[2024-12-10T07:14:28.944Z] Error reading actual data: A Modbus Exception Occurred - See Response Body
[2024-12-10T07:14:28.944Z] Error writing to Modbus register: A Modbus Exception Occurred - See Response Body
[2024-12-10T07:14:29.941Z] Error reading or processing Modbus registers: A Modbus Exception Occurred - See Response Body
[2024-12-10T07:14:29.943Z] Error reading register 6507 for IP 10.30.4.128: A Modbus Exception Occurred - See Response Body
[2024-12-10T07:14:29.944Z] Error reading actual data: A Modbus Exception Occurred - See Response Body
[2024-12-10T07:14:29.945Z] Error writing to Modbus register: A Modbus Exception Occurred - See Response Body
[2024-12-10T07:14:30.945Z] Error reading or processing Modbus registers: A Modbus Exception Occurred - See Response Body
[2024-12-10T07:14:30.948Z] Error reading register 6507 for IP 10.30.4.128: A Modbus Exception Occurred - See Response Body
[2024-12-10T07:14:30.949Z] Error reading actual data: A Modbus Exception Occurred - See Response Body
[2024-12-10T07:14:30.949Z] Error writing to Modbus register: A Modbus Exception Occurred - See Response Body
[2024-12-10T07:14:31.960Z] Error reading or processing Modbus registers: A Modbus Exception Occurred - See Response Body
[2024-12-10T07:14:31.963Z] Error reading register 6507 for IP 10.30.4.128: A Modbus Exception Occurred - See Response Body
[2024-12-10T07:14:31.964Z] Error reading actual data: A Modbus Exception Occurred - See Response Body
[2024-12-10T07:14:31.964Z] Error writing to Modbus register: A Modbus Exception Occurred - See Response Body
[2024-12-10T07:14:32.963Z] Error reading or processing Modbus registers: A Modbus Exception Occurred - See Response Body
[2024-12-10T07:14:32.965Z] Error reading register 6507 for IP 10.30.4.128: A Modbus Exception Occurred - See Response Body
[2024-12-10T07:14:32.966Z] Error reading actual data: A Modbus Exception Occurred - See Response Body
[2024-12-10T07:14:32.967Z] Error writing to Modbus register: A Modbus Exception Occurred - See Response Body
[2024-12-10T07:14:33.963Z] Error reading or processing Modbus registers: A Modbus Exception Occurred - See Response Body
[2024-12-10T07:14:33.965Z] Error reading register 6507 for IP 10.30.4.128: A Modbus Exception Occurred - See Response Body
[2024-12-10T07:14:33.966Z] Error reading actual data: A Modbus Exception Occurred - See Response Body
[2024-12-10T07:14:33.967Z] Error writing to Modbus register: A Modbus Exception Occurred - See Response Body
[2024-12-10T07:14:34.977Z] Error reading or processing Modbus registers: A Modbus Exception Occurred - See Response Body
[2024-12-10T07:14:34.979Z] Error reading register 6507 for IP 10.30.4.128: A Modbus Exception Occurred - See Response Body
[2024-12-10T07:14:34.980Z] Error reading actual data: A Modbus Exception Occurred - See Response Body
[2024-12-10T07:14:34.981Z] Error writing to Modbus register: A Modbus Exception Occurred - See Response Body
[2024-12-10T07:14:35.990Z] Error reading or processing Modbus registers: A Modbus Exception Occurred - See Response Body
[2024-12-10T07:14:35.993Z] Error reading register 6507 for IP 10.30.4.128: A Modbus Exception Occurred - See Response Body
[2024-12-10T07:14:35.996Z] Error reading actual data: A Modbus Exception Occurred - See Response Body
[2024-12-10T07:14:35.997Z] Error writing to Modbus register: A Modbus Exception Occurred - See Response Body
[2024-12-10T07:14:37.001Z] Error reading or processing Modbus registers: A Modbus Exception Occurred - See Response Body
[2024-12-10T07:14:37.003Z] Error reading register 6507 for IP 10.30.4.128: A Modbus Exception Occurred - See Response Body
[2024-12-10T07:14:37.004Z] Error reading actual data: A Modbus Exception Occurred - See Response Body
[2024-12-10T07:14:37.004Z] Error writing to Modbus register: A Modbus Exception Occurred - See Response Body
[2024-12-10T07:14:38.014Z] Error reading or processing Modbus registers: A Modbus Exception Occurred - See Response Body
[2024-12-10T07:14:38.017Z] Error reading register 6507 for IP 10.30.4.128: A Modbus Exception Occurred - See Response Body
[2024-12-10T07:14:38.017Z] Error reading actual data: A Modbus Exception Occurred - See Response Body
[2024-12-10T07:14:38.018Z] Error writing to Modbus register: A Modbus Exception Occurred - See Response Body
[2024-12-10T07:14:39.019Z] Error reading or processing Modbus registers: A Modbus Exception Occurred - See Response Body
[2024-12-10T07:14:39.021Z] Error reading register 6507 for IP 10.30.4.128: A Modbus Exception Occurred - See Response Body
[2024-12-10T07:14:39.022Z] Error reading actual data: A Modbus Exception Occurred - See Response Body
[2024-12-10T07:14:39.022Z] Error writing to Modbus register: A Modbus Exception Occurred - See Response Body
[2024-12-10T07:14:40.032Z] Error reading or processing Modbus registers: A Modbus Exception Occurred - See Response Body
[2024-12-10T07:14:40.035Z] Error reading register 6507 for IP 10.30.4.128: A Modbus Exception Occurred - See Response Body
[2024-12-10T07:14:40.035Z] Error reading actual data: A Modbus Exception Occurred - See Response Body
[2024-12-10T07:14:40.036Z] Error writing to Modbus register: A Modbus Exception Occurred - See Response Body
[2024-12-10T07:14:41.044Z] Error reading or processing Modbus registers: A Modbus Exception Occurred - See Response Body
[2024-12-10T07:14:41.046Z] Error reading register 6507 for IP 10.30.4.128: A Modbus Exception Occurred - See Response Body
[2024-12-10T07:14:41.047Z] Error reading actual data: A Modbus Exception Occurred - See Response Body
[2024-12-10T07:14:41.047Z] Error writing to Modbus register: A Modbus Exception Occurred - See Response Body
[2024-12-10T07:14:42.058Z] Error reading or processing Modbus registers: A Modbus Exception Occurred - See Response Body
[2024-12-10T07:14:42.060Z] Error reading register 6507 for IP 10.30.4.128: A Modbus Exception Occurred - See Response Body
[2024-12-10T07:14:42.061Z] Error reading actual data: A Modbus Exception Occurred - See Response Body
[2024-12-10T07:14:42.062Z] Error writing to Modbus register: A Modbus Exception Occurred - See Response Body
[2024-12-10T07:14:43.072Z] Error reading or processing Modbus registers: A Modbus Exception Occurred - See Response Body
[2024-12-10T07:14:43.074Z] Error reading register 6507 for IP 10.30.4.128: A Modbus Exception Occurred - See Response Body
[2024-12-10T07:14:43.075Z] Error reading actual data: A Modbus Exception Occurred - See Response Body
[2024-12-10T07:14:43.076Z] Error writing to Modbus register: A Modbus Exception Occurred - See Response Body
[2024-12-10T07:14:44.074Z] Error reading or processing Modbus registers: A Modbus Exception Occurred - See Response Body
[2024-12-10T07:14:44.077Z] Error reading register 6507 for IP 10.30.4.128: A Modbus Exception Occurred - See Response Body
[2024-12-10T07:14:44.077Z] Error reading actual data: A Modbus Exception Occurred - See Response Body
[2024-12-10T07:14:44.078Z] Error writing to Modbus register: A Modbus Exception Occurred - See Response Body
[2024-12-10T07:14:45.088Z] Error reading or processing Modbus registers: A Modbus Exception Occurred - See Response Body
[2024-12-10T07:14:45.090Z] Error reading register 6507 for IP 10.30.4.128: A Modbus Exception Occurred - See Response Body
[2024-12-10T07:14:45.091Z] Error reading actual data: A Modbus Exception Occurred - See Response Body
[2024-12-10T07:14:45.092Z] Error writing to Modbus register: A Modbus Exception Occurred - See Response Body
[2024-12-10T07:14:46.100Z] Error reading or processing Modbus registers: A Modbus Exception Occurred - See Response Body
[2024-12-10T07:14:46.102Z] Error reading register 6507 for IP 10.30.4.128: A Modbus Exception Occurred - See Response Body
[2024-12-10T07:14:46.103Z] Error reading actual data: A Modbus Exception Occurred - See Response Body
[2024-12-10T07:14:46.104Z] Error writing to Modbus register: A Modbus Exception Occurred - See Response Body
[2024-12-10T07:14:47.100Z] Error reading or processing Modbus registers: A Modbus Exception Occurred - See Response Body
[2024-12-10T07:14:47.103Z] Error reading register 6507 for IP 10.30.4.128: A Modbus Exception Occurred - See Response Body
[2024-12-10T07:14:47.104Z] Error reading actual data: A Modbus Exception Occurred - See Response Body
[2024-12-10T07:14:47.105Z] Error writing to Modbus register: A Modbus Exception Occurred - See Response Body
[2024-12-10T07:14:48.101Z] Error reading or processing Modbus registers: A Modbus Exception Occurred - See Response Body
[2024-12-10T07:14:48.104Z] Error reading register 6507 for IP 10.30.4.128: A Modbus Exception Occurred - See Response Body
[2024-12-10T07:14:48.105Z] Error reading actual data: A Modbus Exception Occurred - See Response Body
[2024-12-10T07:14:48.106Z] Error writing to Modbus register: A Modbus Exception Occurred - See Response Body
[2024-12-10T07:14:49.102Z] Error reading or processing Modbus registers: A Modbus Exception Occurred - See Response Body
[2024-12-10T07:14:49.104Z] Error reading register 6507 for IP 10.30.4.128: A Modbus Exception Occurred - See Response Body
[2024-12-10T07:14:49.105Z] Error reading actual data: A Modbus Exception Occurred - See Response Body
[2024-12-10T07:14:49.106Z] Error writing to Modbus register: A Modbus Exception Occurred - See Response Body
[2024-12-10T07:14:50.116Z] Error reading or processing Modbus registers: A Modbus Exception Occurred - See Response Body
[2024-12-10T07:14:50.119Z] Error reading register 6507 for IP 10.30.4.128: A Modbus Exception Occurred - See Response Body
[2024-12-10T07:14:50.120Z] Error reading actual data: A Modbus Exception Occurred - See Response Body
[2024-12-10T07:14:50.120Z] Error writing to Modbus register: A Modbus Exception Occurred - See Response Body
[2024-12-10T07:14:51.118Z] Error reading or processing Modbus registers: A Modbus Exception Occurred - See Response Body
[2024-12-10T07:14:51.121Z] Error reading register 6507 for IP 10.30.4.128: A Modbus Exception Occurred - See Response Body
[2024-12-10T07:14:51.122Z] Error reading actual data: A Modbus Exception Occurred - See Response Body
[2024-12-10T07:14:51.122Z] Error writing to Modbus register: A Modbus Exception Occurred - See Response Body
[2024-12-10T07:14:52.133Z] Error reading or processing Modbus registers: A Modbus Exception Occurred - See Response Body
[2024-12-10T07:14:52.135Z] Error reading register 6507 for IP 10.30.4.128: A Modbus Exception Occurred - See Response Body
[2024-12-10T07:14:52.136Z] Error reading actual data: A Modbus Exception Occurred - See Response Body
[2024-12-10T07:14:52.136Z] Error writing to Modbus register: A Modbus Exception Occurred - See Response Body
[2024-12-10T07:14:53.135Z] Error reading or processing Modbus registers: A Modbus Exception Occurred - See Response Body
[2024-12-10T07:14:53.137Z] Error reading register 6507 for IP 10.30.4.128: A Modbus Exception Occurred - See Response Body
[2024-12-10T07:14:53.138Z] Error reading actual data: A Modbus Exception Occurred - See Response Body
[2024-12-10T07:14:53.139Z] Error writing to Modbus register: A Modbus Exception Occurred - See Response Body
[2024-12-10T07:14:54.139Z] Error reading or processing Modbus registers: A Modbus Exception Occurred - See Response Body
[2024-12-10T07:14:54.142Z] Error reading register 6507 for IP 10.30.4.128: A Modbus Exception Occurred - See Response Body
[2024-12-10T07:14:54.143Z] Error reading actual data: A Modbus Exception Occurred - See Response Body
[2024-12-10T07:14:54.143Z] Error writing to Modbus register: A Modbus Exception Occurred - See Response Body
[2024-12-10T07:14:55.153Z] Error reading or processing Modbus registers: A Modbus Exception Occurred - See Response Body
[2024-12-10T07:14:55.156Z] Error reading register 6507 for IP 10.30.4.128: A Modbus Exception Occurred - See Response Body
[2024-12-10T07:14:55.157Z] Error reading actual data: A Modbus Exception Occurred - See Response Body
[2024-12-10T07:14:55.157Z] Error writing to Modbus register: A Modbus Exception Occurred - See Response Body
[2024-12-10T07:14:56.168Z] Error reading or processing Modbus registers: A Modbus Exception Occurred - See Response Body
[2024-12-10T07:14:56.170Z] Error reading register 6507 for IP 10.30.4.128: A Modbus Exception Occurred - See Response Body
[2024-12-10T07:14:56.171Z] Error reading actual data: A Modbus Exception Occurred - See Response Body
[2024-12-10T07:14:56.172Z] Error writing to Modbus register: A Modbus Exception Occurred - See Response Body
[2024-12-10T07:14:57.180Z] Error reading or processing Modbus registers: A Modbus Exception Occurred - See Response Body
[2024-12-10T07:14:57.183Z] Error reading register 6507 for IP 10.30.4.128: A Modbus Exception Occurred - See Response Body
[2024-12-10T07:14:57.183Z] Error reading actual data: A Modbus Exception Occurred - See Response Body
[2024-12-10T07:14:57.184Z] Error writing to Modbus register: A Modbus Exception Occurred - See Response Body
[2024-12-10T07:14:58.197Z] Error reading or processing Modbus registers: A Modbus Exception Occurred - See Response Body
[2024-12-10T07:14:58.200Z] Error reading register 6507 for IP 10.30.4.128: A Modbus Exception Occurred - See Response Body
[2024-12-10T07:14:58.201Z] Error reading actual data: A Modbus Exception Occurred - See Response Body
[2024-12-10T07:14:58.201Z] Error writing to Modbus register: A Modbus Exception Occurred - See Response Body
[2024-12-10T07:14:59.210Z] Error reading or processing Modbus registers: A Modbus Exception Occurred - See Response Body
[2024-12-10T07:14:59.212Z] Error reading register 6507 for IP 10.30.4.128: A Modbus Exception Occurred - See Response Body
[2024-12-10T07:14:59.213Z] Error reading actual data: A Modbus Exception Occurred - See Response Body
[2024-12-10T07:14:59.213Z] Error writing to Modbus register: A Modbus Exception Occurred - See Response Body
[2024-12-10T07:15:00.223Z] Error reading or processing Modbus registers: A Modbus Exception Occurred - See Response Body
[2024-12-10T07:15:00.226Z] Error reading register 6507 for IP 10.30.4.128: A Modbus Exception Occurred - See Response Body
[2024-12-10T07:15:00.226Z] Error reading actual data: A Modbus Exception Occurred - See Response Body
[2024-12-10T07:15:00.227Z] Error writing to Modbus register: A Modbus Exception Occurred - See Response Body
[2024-12-10T07:15:01.225Z] Error reading or processing Modbus registers: A Modbus Exception Occurred - See Response Body
[2024-12-10T07:15:01.227Z] Error reading register 6507 for IP 10.30.4.128: A Modbus Exception Occurred - See Response Body
[2024-12-10T07:15:01.227Z] Error reading actual data: A Modbus Exception Occurred - See Response Body
[2024-12-10T07:15:01.228Z] Error writing to Modbus register: A Modbus Exception Occurred - See Response Body
[2024-12-10T07:15:02.237Z] Error reading or processing Modbus registers: A Modbus Exception Occurred - See Response Body
[2024-12-10T07:15:02.239Z] Error reading register 6507 for IP 10.30.4.128: A Modbus Exception Occurred - See Response Body
[2024-12-10T07:15:02.240Z] Error reading actual data: A Modbus Exception Occurred - See Response Body
[2024-12-10T07:15:02.240Z] Error writing to Modbus register: A Modbus Exception Occurred - See Response Body
[2024-12-10T07:15:03.252Z] Error reading or processing Modbus registers: A Modbus Exception Occurred - See Response Body
[2024-12-10T07:15:03.254Z] Error reading register 6507 for IP 10.30.4.128: A Modbus Exception Occurred - See Response Body
[2024-12-10T07:15:03.255Z] Error reading actual data: A Modbus Exception Occurred - See Response Body
[2024-12-10T07:15:03.256Z] Error writing to Modbus register: A Modbus Exception Occurred - See Response Body
[2024-12-10T07:15:04.266Z] Error reading or processing Modbus registers: A Modbus Exception Occurred - See Response Body
[2024-12-10T07:15:04.269Z] Error reading register 6507 for IP 10.30.4.128: A Modbus Exception Occurred - See Response Body
[2024-12-10T07:15:04.269Z] Error reading actual data: A Modbus Exception Occurred - See Response Body
[2024-12-10T07:15:04.270Z] Error writing to Modbus register: A Modbus Exception Occurred - See Response Body
[2024-12-10T07:15:05.267Z] Error reading or processing Modbus registers: A Modbus Exception Occurred - See Response Body
[2024-12-10T07:15:05.269Z] Error reading register 6507 for IP 10.30.4.128: A Modbus Exception Occurred - See Response Body
[2024-12-10T07:15:05.270Z] Error reading actual data: A Modbus Exception Occurred - See Response Body
[2024-12-10T07:15:05.270Z] Error writing to Modbus register: A Modbus Exception Occurred - See Response Body
[2024-12-10T07:15:06.268Z] Error reading or processing Modbus registers: A Modbus Exception Occurred - See Response Body
[2024-12-10T07:15:06.271Z] Error reading register 6507 for IP 10.30.4.128: A Modbus Exception Occurred - See Response Body
[2024-12-10T07:15:06.272Z] Error reading actual data: A Modbus Exception Occurred - See Response Body
[2024-12-10T07:15:06.272Z] Error writing to Modbus register: A Modbus Exception Occurred - See Response Body
[2024-12-10T07:15:07.272Z] Error reading or processing Modbus registers: A Modbus Exception Occurred - See Response Body
[2024-12-10T07:15:07.275Z] Error reading register 6507 for IP 10.30.4.128: A Modbus Exception Occurred - See Response Body
[2024-12-10T07:15:07.275Z] Error reading actual data: A Modbus Exception Occurred - See Response Body
[2024-12-10T07:15:07.276Z] Error writing to Modbus register: A Modbus Exception Occurred - See Response Body
[2024-12-10T07:15:08.275Z] Error reading or processing Modbus registers: A Modbus Exception Occurred - See Response Body
[2024-12-10T07:15:08.277Z] Error reading register 6507 for IP 10.30.4.128: A Modbus Exception Occurred - See Response Body
[2024-12-10T07:15:08.278Z] Error reading actual data: A Modbus Exception Occurred - See Response Body
[2024-12-10T07:15:08.278Z] Error writing to Modbus register: A Modbus Exception Occurred - See Response Body
[2024-12-10T07:15:09.276Z] Error reading or processing Modbus registers: A Modbus Exception Occurred - See Response Body
[2024-12-10T07:15:09.278Z] Error reading register 6507 for IP 10.30.4.128: A Modbus Exception Occurred - See Response Body
[2024-12-10T07:15:09.279Z] Error reading actual data: A Modbus Exception Occurred - See Response Body
[2024-12-10T07:15:09.279Z] Error writing to Modbus register: A Modbus Exception Occurred - See Response Body
[2024-12-10T07:15:10.280Z] Error reading or processing Modbus registers: A Modbus Exception Occurred - See Response Body
[2024-12-10T07:15:10.283Z] Error reading register 6507 for IP 10.30.4.128: A Modbus Exception Occurred - See Response Body
[2024-12-10T07:15:10.283Z] Error reading actual data: A Modbus Exception Occurred - See Response Body
[2024-12-10T07:15:10.284Z] Error writing to Modbus register: A Modbus Exception Occurred - See Response Body
[2024-12-10T07:15:11.287Z] Error reading or processing Modbus registers: A Modbus Exception Occurred - See Response Body
[2024-12-10T07:15:11.289Z] Error reading register 6507 for IP 10.30.4.128: A Modbus Exception Occurred - See Response Body
[2024-12-10T07:15:11.290Z] Error reading actual data: A Modbus Exception Occurred - See Response Body
[2024-12-10T07:15:11.291Z] Error writing to Modbus register: A Modbus Exception Occurred - See Response Body
[2024-12-10T07:15:12.297Z] Error reading or processing Modbus registers: A Modbus Exception Occurred - See Response Body
[2024-12-10T07:15:12.300Z] Error reading register 6507 for IP 10.30.4.128: A Modbus Exception Occurred - See Response Body
[2024-12-10T07:15:12.301Z] Error reading actual data: A Modbus Exception Occurred - See Response Body
[2024-12-10T07:15:12.301Z] Error writing to Modbus register: A Modbus Exception Occurred - See Response Body
[2024-12-10T07:15:13.312Z] Error reading or processing Modbus registers: A Modbus Exception Occurred - See Response Body
[2024-12-10T07:15:13.315Z] Error reading register 6507 for IP 10.30.4.128: A Modbus Exception Occurred - See Response Body
[2024-12-10T07:15:13.315Z] Error reading actual data: A Modbus Exception Occurred - See Response Body
[2024-12-10T07:15:13.316Z] Error writing to Modbus register: A Modbus Exception Occurred - See Response Body
[2024-12-10T07:15:14.325Z] Error reading or processing Modbus registers: A Modbus Exception Occurred - See Response Body
[2024-12-10T07:15:14.328Z] Error reading register 6507 for IP 10.30.4.128: A Modbus Exception Occurred - See Response Body
[2024-12-10T07:15:14.328Z] Error reading actual data: A Modbus Exception Occurred - See Response Body
[2024-12-10T07:15:14.329Z] Error writing to Modbus register: A Modbus Exception Occurred - See Response Body
[2024-12-10T07:15:15.326Z] Error reading or processing Modbus registers: A Modbus Exception Occurred - See Response Body
[2024-12-10T07:15:15.329Z] Error reading register 6507 for IP 10.30.4.128: A Modbus Exception Occurred - See Response Body
[2024-12-10T07:15:15.329Z] Error reading actual data: A Modbus Exception Occurred - See Response Body
[2024-12-10T07:15:15.330Z] Error writing to Modbus register: A Modbus Exception Occurred - See Response Body
[2024-12-10T07:15:16.339Z] Error reading or processing Modbus registers: A Modbus Exception Occurred - See Response Body
[2024-12-10T07:15:16.341Z] Error reading register 6507 for IP 10.30.4.128: A Modbus Exception Occurred - See Response Body
[2024-12-10T07:15:16.342Z] Error reading actual data: A Modbus Exception Occurred - See Response Body
[2024-12-10T07:15:16.343Z] Error writing to Modbus register: A Modbus Exception Occurred - See Response Body
[2024-12-10T07:15:17.352Z] Error reading or processing Modbus registers: A Modbus Exception Occurred - See Response Body
[2024-12-10T07:15:17.355Z] Error reading register 6507 for IP 10.30.4.128: A Modbus Exception Occurred - See Response Body
[2024-12-10T07:15:17.356Z] Error reading actual data: A Modbus Exception Occurred - See Response Body
[2024-12-10T07:15:17.356Z] Error writing to Modbus register: A Modbus Exception Occurred - See Response Body
[2024-12-10T07:15:18.364Z] Error reading or processing Modbus registers: A Modbus Exception Occurred - See Response Body
[2024-12-10T07:15:18.367Z] Error reading register 6507 for IP 10.30.4.128: A Modbus Exception Occurred - See Response Body
[2024-12-10T07:15:18.368Z] Error reading actual data: A Modbus Exception Occurred - See Response Body
[2024-12-10T07:15:18.368Z] Error writing to Modbus register: A Modbus Exception Occurred - See Response Body
[2024-12-10T07:15:19.378Z] Error reading or processing Modbus registers: A Modbus Exception Occurred - See Response Body
[2024-12-10T07:15:19.380Z] Error reading register 6507 for IP 10.30.4.128: A Modbus Exception Occurred - See Response Body
[2024-12-10T07:15:19.381Z] Error reading actual data: A Modbus Exception Occurred - See Response Body
[2024-12-10T07:15:19.382Z] Error writing to Modbus register: A Modbus Exception Occurred - See Response Body
[2024-12-10T07:15:20.393Z] Error reading or processing Modbus registers: A Modbus Exception Occurred - See Response Body
[2024-12-10T07:15:20.398Z] Error reading register 6507 for IP 10.30.4.128: A Modbus Exception Occurred - See Response Body
[2024-12-10T07:15:20.399Z] Error reading actual data: A Modbus Exception Occurred - See Response Body
[2024-12-10T07:15:20.399Z] Error writing to Modbus register: A Modbus Exception Occurred - See Response Body
[2024-12-10T07:15:21.404Z] Error reading or processing Modbus registers: A Modbus Exception Occurred - See Response Body
[2024-12-10T07:15:21.407Z] Error reading register 6507 for IP 10.30.4.128: A Modbus Exception Occurred - See Response Body
[2024-12-10T07:15:21.408Z] Error reading actual data: A Modbus Exception Occurred - See Response Body
[2024-12-10T07:15:21.408Z] Error writing to Modbus register: A Modbus Exception Occurred - See Response Body
[2024-12-10T07:15:22.415Z] Error reading or processing Modbus registers: A Modbus Exception Occurred - See Response Body
[2024-12-10T07:15:22.417Z] Error reading register 6507 for IP 10.30.4.128: A Modbus Exception Occurred - See Response Body
[2024-12-10T07:15:22.418Z] Error reading actual data: A Modbus Exception Occurred - See Response Body
[2024-12-10T07:15:22.419Z] Error writing to Modbus register: A Modbus Exception Occurred - See Response Body
[2024-12-10T07:15:23.427Z] Error reading or processing Modbus registers: A Modbus Exception Occurred - See Response Body
[2024-12-10T07:15:23.429Z] Error reading register 6507 for IP 10.30.4.128: A Modbus Exception Occurred - See Response Body
[2024-12-10T07:15:23.429Z] Error reading actual data: A Modbus Exception Occurred - See Response Body
[2024-12-10T07:15:23.430Z] Error writing to Modbus register: A Modbus Exception Occurred - See Response Body
[2024-12-10T07:15:24.440Z] Error reading or processing Modbus registers: A Modbus Exception Occurred - See Response Body
[2024-12-10T07:15:24.442Z] Error reading register 6507 for IP 10.30.4.128: A Modbus Exception Occurred - See Response Body
[2024-12-10T07:15:24.443Z] Error reading actual data: A Modbus Exception Occurred - See Response Body
[2024-12-10T07:15:24.443Z] Error writing to Modbus register: A Modbus Exception Occurred - See Response Body
[2024-12-10T07:15:25.454Z] Error reading or processing Modbus registers: A Modbus Exception Occurred - See Response Body
[2024-12-10T07:15:25.456Z] Error reading register 6507 for IP 10.30.4.128: A Modbus Exception Occurred - See Response Body
[2024-12-10T07:15:25.456Z] Error reading actual data: A Modbus Exception Occurred - See Response Body
[2024-12-10T07:15:25.457Z] Error writing to Modbus register: A Modbus Exception Occurred - See Response Body
[2024-12-10T07:15:26.468Z] Error reading or processing Modbus registers: A Modbus Exception Occurred - See Response Body
[2024-12-10T07:15:26.471Z] Error reading register 6507 for IP 10.30.4.128: A Modbus Exception Occurred - See Response Body
[2024-12-10T07:15:26.472Z] Error reading actual data: A Modbus Exception Occurred - See Response Body
[2024-12-10T07:15:26.472Z] Error writing to Modbus register: A Modbus Exception Occurred - See Response Body
[2024-12-10T07:15:27.484Z] Error reading or processing Modbus registers: A Modbus Exception Occurred - See Response Body
[2024-12-10T07:15:27.486Z] Error reading register 6507 for IP 10.30.4.128: A Modbus Exception Occurred - See Response Body
[2024-12-10T07:15:27.486Z] Error reading actual data: A Modbus Exception Occurred - See Response Body
[2024-12-10T07:15:27.487Z] Error writing to Modbus register: A Modbus Exception Occurred - See Response Body
[2024-12-10T07:15:28.486Z] Error reading or processing Modbus registers: A Modbus Exception Occurred - See Response Body
[2024-12-10T07:15:28.488Z] Error reading register 6507 for IP 10.30.4.128: A Modbus Exception Occurred - See Response Body
[2024-12-10T07:15:28.489Z] Error reading actual data: A Modbus Exception Occurred - See Response Body
[2024-12-10T07:15:28.489Z] Error writing to Modbus register: A Modbus Exception Occurred - See Response Body
[2024-12-10T07:15:29.501Z] Error reading or processing Modbus registers: A Modbus Exception Occurred - See Response Body
[2024-12-10T07:15:29.503Z] Error reading register 6507 for IP 10.30.4.128: A Modbus Exception Occurred - See Response Body
[2024-12-10T07:15:29.504Z] Error reading actual data: A Modbus Exception Occurred - See Response Body
[2024-12-10T07:15:29.505Z] Error writing to Modbus register: A Modbus Exception Occurred - See Response Body
[2024-12-10T07:15:30.515Z] Error reading or processing Modbus registers: A Modbus Exception Occurred - See Response Body
[2024-12-10T07:15:30.518Z] Error reading register 6507 for IP 10.30.4.128: A Modbus Exception Occurred - See Response Body
[2024-12-10T07:15:30.519Z] Error reading actual data: A Modbus Exception Occurred - See Response Body
[2024-12-10T07:15:30.520Z] Error writing to Modbus register: A Modbus Exception Occurred - See Response Body
[2024-12-10T07:15:31.529Z] Error reading or processing Modbus registers: A Modbus Exception Occurred - See Response Body
[2024-12-10T07:15:31.532Z] Error reading register 6507 for IP 10.30.4.128: A Modbus Exception Occurred - See Response Body
[2024-12-10T07:15:31.533Z] Error reading actual data: A Modbus Exception Occurred - See Response Body
[2024-12-10T07:15:31.533Z] Error writing to Modbus register: A Modbus Exception Occurred - See Response Body
[2024-12-10T07:15:32.532Z] Error reading or processing Modbus registers: A Modbus Exception Occurred - See Response Body
[2024-12-10T07:15:32.535Z] Error reading register 6507 for IP 10.30.4.128: A Modbus Exception Occurred - See Response Body
[2024-12-10T07:15:32.536Z] Error reading actual data: A Modbus Exception Occurred - See Response Body
[2024-12-10T07:15:32.536Z] Error writing to Modbus register: A Modbus Exception Occurred - See Response Body
[2024-12-10T07:15:33.546Z] Error reading or processing Modbus registers: A Modbus Exception Occurred - See Response Body
[2024-12-10T07:15:33.548Z] Error reading register 6507 for IP 10.30.4.128: A Modbus Exception Occurred - See Response Body
[2024-12-10T07:15:33.549Z] Error reading actual data: A Modbus Exception Occurred - See Response Body
[2024-12-10T07:15:33.549Z] Error writing to Modbus register: A Modbus Exception Occurred - See Response Body
[2024-12-10T07:15:34.546Z] Error reading or processing Modbus registers: A Modbus Exception Occurred - See Response Body
[2024-12-10T07:15:34.549Z] Error reading register 6507 for IP 10.30.4.128: A Modbus Exception Occurred - See Response Body
[2024-12-10T07:15:34.549Z] Error reading actual data: A Modbus Exception Occurred - See Response Body
[2024-12-10T07:15:34.550Z] Error writing to Modbus register: A Modbus Exception Occurred - See Response Body
[2024-12-10T07:15:35.559Z] Error reading or processing Modbus registers: A Modbus Exception Occurred - See Response Body
[2024-12-10T07:15:35.562Z] Error reading register 6507 for IP 10.30.4.128: A Modbus Exception Occurred - See Response Body
[2024-12-10T07:15:35.563Z] Error reading actual data: A Modbus Exception Occurred - See Response Body
[2024-12-10T07:15:35.564Z] Error writing to Modbus register: A Modbus Exception Occurred - See Response Body
[2024-12-10T07:15:36.572Z] Error reading or processing Modbus registers: A Modbus Exception Occurred - See Response Body
[2024-12-10T07:15:36.575Z] Error reading register 6507 for IP 10.30.4.128: A Modbus Exception Occurred - See Response Body
[2024-12-10T07:15:36.575Z] Error reading actual data: A Modbus Exception Occurred - See Response Body
[2024-12-10T07:15:36.576Z] Error writing to Modbus register: A Modbus Exception Occurred - See Response Body
[2024-12-10T07:15:37.574Z] Error reading or processing Modbus registers: A Modbus Exception Occurred - See Response Body
[2024-12-10T07:15:37.577Z] Error reading register 6507 for IP 10.30.4.128: A Modbus Exception Occurred - See Response Body
[2024-12-10T07:15:37.577Z] Error reading actual data: A Modbus Exception Occurred - See Response Body
[2024-12-10T07:15:37.578Z] Error writing to Modbus register: A Modbus Exception Occurred - See Response Body
[2024-12-10T07:15:38.575Z] Error reading or processing Modbus registers: A Modbus Exception Occurred - See Response Body
[2024-12-10T07:15:38.578Z] Error reading register 6507 for IP 10.30.4.128: A Modbus Exception Occurred - See Response Body
[2024-12-10T07:15:38.579Z] Error reading actual data: A Modbus Exception Occurred - See Response Body
[2024-12-10T07:15:38.580Z] Error writing to Modbus register: A Modbus Exception Occurred - See Response Body
[2024-12-10T07:15:39.582Z] Error reading or processing Modbus registers: A Modbus Exception Occurred - See Response Body
[2024-12-10T07:15:39.584Z] Error reading register 6507 for IP 10.30.4.128: A Modbus Exception Occurred - See Response Body
[2024-12-10T07:15:39.585Z] Error reading actual data: A Modbus Exception Occurred - See Response Body
[2024-12-10T07:15:39.586Z] Error writing to Modbus register: A Modbus Exception Occurred - See Response Body
[2024-12-10T07:15:40.592Z] Error reading or processing Modbus registers: A Modbus Exception Occurred - See Response Body
[2024-12-10T07:15:40.594Z] Error reading register 6507 for IP 10.30.4.128: A Modbus Exception Occurred - See Response Body
[2024-12-10T07:15:40.595Z] Error reading actual data: A Modbus Exception Occurred - See Response Body
[2024-12-10T07:15:40.596Z] Error writing to Modbus register: A Modbus Exception Occurred - See Response Body
[2024-12-10T07:15:41.600Z] Error reading or processing Modbus registers: A Modbus Exception Occurred - See Response Body
[2024-12-10T07:15:41.602Z] Error reading register 6507 for IP 10.30.4.128: A Modbus Exception Occurred - See Response Body
[2024-12-10T07:15:41.603Z] Error reading actual data: A Modbus Exception Occurred - See Response Body
[2024-12-10T07:15:41.603Z] Error writing to Modbus register: A Modbus Exception Occurred - See Response Body
[2024-12-10T07:15:42.599Z] Error reading or processing Modbus registers: A Modbus Exception Occurred - See Response Body
[2024-12-10T07:15:42.602Z] Error reading register 6507 for IP 10.30.4.128: A Modbus Exception Occurred - See Response Body
[2024-12-10T07:15:42.603Z] Error reading actual data: A Modbus Exception Occurred - See Response Body
[2024-12-10T07:15:42.603Z] Error writing to Modbus register: A Modbus Exception Occurred - See Response Body
[2024-12-10T07:15:43.599Z] Error reading or processing Modbus registers: A Modbus Exception Occurred - See Response Body
[2024-12-10T07:15:43.601Z] Error reading register 6507 for IP 10.30.4.128: A Modbus Exception Occurred - See Response Body
[2024-12-10T07:15:43.602Z] Error reading actual data: A Modbus Exception Occurred - See Response Body
[2024-12-10T07:15:43.602Z] Error writing to Modbus register: A Modbus Exception Occurred - See Response Body
[2024-12-10T07:15:44.613Z] Error reading or processing Modbus registers: A Modbus Exception Occurred - See Response Body
[2024-12-10T07:15:44.615Z] Error reading register 6507 for IP 10.30.4.128: A Modbus Exception Occurred - See Response Body
[2024-12-10T07:15:44.616Z] Error reading actual data: A Modbus Exception Occurred - See Response Body
[2024-12-10T07:15:44.617Z] Error writing to Modbus register: A Modbus Exception Occurred - See Response Body
[2024-12-10T07:15:45.628Z] Error reading or processing Modbus registers: A Modbus Exception Occurred - See Response Body
[2024-12-10T07:15:45.631Z] Error reading register 6507 for IP 10.30.4.128: A Modbus Exception Occurred - See Response Body
[2024-12-10T07:15:45.631Z] Error reading actual data: A Modbus Exception Occurred - See Response Body
[2024-12-10T07:15:45.632Z] Error writing to Modbus register: A Modbus Exception Occurred - See Response Body
[2024-12-10T07:15:46.640Z] Error reading or processing Modbus registers: A Modbus Exception Occurred - See Response Body
[2024-12-10T07:15:46.642Z] Error reading register 6507 for IP 10.30.4.128: A Modbus Exception Occurred - See Response Body
[2024-12-10T07:15:46.643Z] Error reading actual data: A Modbus Exception Occurred - See Response Body
[2024-12-10T07:15:46.643Z] Error writing to Modbus register: A Modbus Exception Occurred - See Response Body
[2024-12-10T07:15:47.640Z] Error reading or processing Modbus registers: A Modbus Exception Occurred - See Response Body
[2024-12-10T07:15:47.642Z] Error reading register 6507 for IP 10.30.4.128: A Modbus Exception Occurred - See Response Body
[2024-12-10T07:15:47.643Z] Error reading actual data: A Modbus Exception Occurred - See Response Body
[2024-12-10T07:15:47.643Z] Error writing to Modbus register: A Modbus Exception Occurred - See Response Body
[2024-12-10T07:15:48.640Z] Error reading or processing Modbus registers: A Modbus Exception Occurred - See Response Body
[2024-12-10T07:15:48.642Z] Error reading register 6507 for IP 10.30.4.128: A Modbus Exception Occurred - See Response Body
[2024-12-10T07:15:48.643Z] Error reading actual data: A Modbus Exception Occurred - See Response Body
[2024-12-10T07:15:48.643Z] Error writing to Modbus register: A Modbus Exception Occurred - See Response Body
[2024-12-10T07:15:49.654Z] Error reading or processing Modbus registers: A Modbus Exception Occurred - See Response Body
[2024-12-10T07:15:49.657Z] Error reading register 6507 for IP 10.30.4.128: A Modbus Exception Occurred - See Response Body
[2024-12-10T07:15:49.657Z] Error reading actual data: A Modbus Exception Occurred - See Response Body
[2024-12-10T07:15:49.658Z] Error writing to Modbus register: A Modbus Exception Occurred - See Response Body
[2024-12-10T07:15:50.667Z] Error reading or processing Modbus registers: A Modbus Exception Occurred - See Response Body
[2024-12-10T07:15:50.669Z] Error reading register 6507 for IP 10.30.4.128: A Modbus Exception Occurred - See Response Body
[2024-12-10T07:15:50.670Z] Error reading actual data: A Modbus Exception Occurred - See Response Body
[2024-12-10T07:15:50.670Z] Error writing to Modbus register: A Modbus Exception Occurred - See Response Body
[2024-12-10T07:15:51.682Z] Error reading or processing Modbus registers: A Modbus Exception Occurred - See Response Body
[2024-12-10T07:15:51.685Z] Error reading register 6507 for IP 10.30.4.128: A Modbus Exception Occurred - See Response Body
[2024-12-10T07:15:51.686Z] Error reading actual data: A Modbus Exception Occurred - See Response Body
[2024-12-10T07:15:51.686Z] Error writing to Modbus register: A Modbus Exception Occurred - See Response Body
[2024-12-10T07:15:52.683Z] Error reading or processing Modbus registers: A Modbus Exception Occurred - See Response Body
[2024-12-10T07:15:52.686Z] Error reading register 6507 for IP 10.30.4.128: A Modbus Exception Occurred - See Response Body
[2024-12-10T07:15:52.686Z] Error reading actual data: A Modbus Exception Occurred - See Response Body
[2024-12-10T07:15:52.687Z] Error writing to Modbus register: A Modbus Exception Occurred - See Response Body
[2024-12-10T07:15:53.696Z] Error reading or processing Modbus registers: A Modbus Exception Occurred - See Response Body
[2024-12-10T07:15:53.698Z] Error reading register 6507 for IP 10.30.4.128: A Modbus Exception Occurred - See Response Body
[2024-12-10T07:15:53.699Z] Error reading actual data: A Modbus Exception Occurred - See Response Body
[2024-12-10T07:15:53.700Z] Error writing to Modbus register: A Modbus Exception Occurred - See Response Body
[2024-12-10T07:15:54.707Z] Error reading or processing Modbus registers: A Modbus Exception Occurred - See Response Body
[2024-12-10T07:15:54.710Z] Error reading register 6507 for IP 10.30.4.128: A Modbus Exception Occurred - See Response Body
[2024-12-10T07:15:54.711Z] Error reading actual data: A Modbus Exception Occurred - See Response Body
[2024-12-10T07:15:54.712Z] Error writing to Modbus register: A Modbus Exception Occurred - See Response Body
[2024-12-10T07:15:55.709Z] Error reading or processing Modbus registers: A Modbus Exception Occurred - See Response Body
[2024-12-10T07:15:55.711Z] Error reading register 6507 for IP 10.30.4.128: A Modbus Exception Occurred - See Response Body
[2024-12-10T07:15:55.712Z] Error reading actual data: A Modbus Exception Occurred - See Response Body
[2024-12-10T07:15:55.713Z] Error writing to Modbus register: A Modbus Exception Occurred - See Response Body
[2024-12-10T07:15:56.710Z] Error reading or processing Modbus registers: A Modbus Exception Occurred - See Response Body
[2024-12-10T07:15:56.712Z] Error reading register 6507 for IP 10.30.4.128: A Modbus Exception Occurred - See Response Body
[2024-12-10T07:15:56.713Z] Error reading actual data: A Modbus Exception Occurred - See Response Body
[2024-12-10T07:15:56.714Z] Error writing to Modbus register: A Modbus Exception Occurred - See Response Body
[2024-12-10T07:15:57.723Z] Error reading or processing Modbus registers: A Modbus Exception Occurred - See Response Body
[2024-12-10T07:15:57.725Z] Error reading register 6507 for IP 10.30.4.128: A Modbus Exception Occurred - See Response Body
[2024-12-10T07:15:57.727Z] Error reading actual data: A Modbus Exception Occurred - See Response Body
[2024-12-10T07:15:57.727Z] Error writing to Modbus register: A Modbus Exception Occurred - See Response Body
[2024-12-10T07:15:58.725Z] Error reading or processing Modbus registers: A Modbus Exception Occurred - See Response Body
[2024-12-10T07:15:58.728Z] Error reading register 6507 for IP 10.30.4.128: A Modbus Exception Occurred - See Response Body
[2024-12-10T07:15:58.729Z] Error reading actual data: A Modbus Exception Occurred - See Response Body
[2024-12-10T07:15:58.729Z] Error writing to Modbus register: A Modbus Exception Occurred - See Response Body
[2024-12-10T07:15:59.729Z] Error reading or processing Modbus registers: A Modbus Exception Occurred - See Response Body
[2024-12-10T07:15:59.732Z] Error reading register 6507 for IP 10.30.4.128: A Modbus Exception Occurred - See Response Body
[2024-12-10T07:15:59.732Z] Error reading actual data: A Modbus Exception Occurred - See Response Body
[2024-12-10T07:15:59.733Z] Error writing to Modbus register: A Modbus Exception Occurred - See Response Body
[2024-12-10T07:16:00.735Z] Error reading or processing Modbus registers: A Modbus Exception Occurred - See Response Body
[2024-12-10T07:16:00.737Z] Error reading register 6507 for IP 10.30.4.128: A Modbus Exception Occurred - See Response Body
[2024-12-10T07:16:00.738Z] Error reading actual data: A Modbus Exception Occurred - See Response Body
[2024-12-10T07:16:00.739Z] Error writing to Modbus register: A Modbus Exception Occurred - See Response Body
[2024-12-10T07:16:01.750Z] Error reading or processing Modbus registers: A Modbus Exception Occurred - See Response Body
[2024-12-10T07:16:01.753Z] Error reading register 6507 for IP 10.30.4.128: A Modbus Exception Occurred - See Response Body
[2024-12-10T07:16:01.754Z] Error reading actual data: A Modbus Exception Occurred - See Response Body
[2024-12-10T07:16:01.754Z] Error writing to Modbus register: A Modbus Exception Occurred - See Response Body
[2024-12-10T07:16:02.752Z] Error reading or processing Modbus registers: A Modbus Exception Occurred - See Response Body
[2024-12-10T07:16:02.754Z] Error reading register 6507 for IP 10.30.4.128: A Modbus Exception Occurred - See Response Body
[2024-12-10T07:16:02.755Z] Error reading actual data: A Modbus Exception Occurred - See Response Body
[2024-12-10T07:16:02.755Z] Error writing to Modbus register: A Modbus Exception Occurred - See Response Body
[2024-12-10T07:16:03.765Z] Error reading or processing Modbus registers: A Modbus Exception Occurred - See Response Body
[2024-12-10T07:16:03.768Z] Error reading register 6507 for IP 10.30.4.128: A Modbus Exception Occurred - See Response Body
[2024-12-10T07:16:03.768Z] Error reading actual data: A Modbus Exception Occurred - See Response Body
[2024-12-10T07:16:03.769Z] Error writing to Modbus register: A Modbus Exception Occurred - See Response Body
[2024-12-10T07:16:04.780Z] Error reading or processing Modbus registers: A Modbus Exception Occurred - See Response Body
[2024-12-10T07:16:04.783Z] Error reading register 6507 for IP 10.30.4.128: A Modbus Exception Occurred - See Response Body
[2024-12-10T07:16:04.784Z] Error reading actual data: A Modbus Exception Occurred - See Response Body
[2024-12-10T07:16:04.784Z] Error writing to Modbus register: A Modbus Exception Occurred - See Response Body
[2024-12-10T07:16:05.781Z] Error reading or processing Modbus registers: A Modbus Exception Occurred - See Response Body
[2024-12-10T07:16:05.784Z] Error reading register 6507 for IP 10.30.4.128: A Modbus Exception Occurred - See Response Body
[2024-12-10T07:16:05.784Z] Error reading actual data: A Modbus Exception Occurred - See Response Body
[2024-12-10T07:16:05.785Z] Error writing to Modbus register: A Modbus Exception Occurred - See Response Body
[2024-12-10T07:16:06.792Z] Error reading or processing Modbus registers: A Modbus Exception Occurred - See Response Body
[2024-12-10T07:16:06.795Z] Error reading register 6507 for IP 10.30.4.128: A Modbus Exception Occurred - See Response Body
[2024-12-10T07:16:06.795Z] Error reading actual data: A Modbus Exception Occurred - See Response Body
[2024-12-10T07:16:06.796Z] Error writing to Modbus register: A Modbus Exception Occurred - See Response Body
[2024-12-10T07:16:07.805Z] Error reading or processing Modbus registers: A Modbus Exception Occurred - See Response Body
[2024-12-10T07:16:07.808Z] Error reading actual data: A Modbus Exception Occurred - See Response Body
[2024-12-10T07:16:07.808Z] Error reading register 6507 for IP 10.30.4.128: A Modbus Exception Occurred - See Response Body
[2024-12-10T07:16:07.809Z] Error writing to Modbus register: A Modbus Exception Occurred - See Response Body
[2024-12-10T07:16:08.805Z] Error reading or processing Modbus registers: A Modbus Exception Occurred - See Response Body
[2024-12-10T07:16:08.807Z] Error reading register 6507 for IP 10.30.4.128: A Modbus Exception Occurred - See Response Body
[2024-12-10T07:16:08.808Z] Error reading actual data: A Modbus Exception Occurred - See Response Body
[2024-12-10T07:16:08.809Z] Error writing to Modbus register: A Modbus Exception Occurred - See Response Body
[2024-12-10T07:16:09.819Z] Error reading or processing Modbus registers: A Modbus Exception Occurred - See Response Body
[2024-12-10T07:16:09.821Z] Error reading register 6507 for IP 10.30.4.128: A Modbus Exception Occurred - See Response Body
[2024-12-10T07:16:09.822Z] Error reading actual data: A Modbus Exception Occurred - See Response Body
[2024-12-10T07:16:09.822Z] Error writing to Modbus register: A Modbus Exception Occurred - See Response Body
[2024-12-10T07:16:10.822Z] Error reading or processing Modbus registers: A Modbus Exception Occurred - See Response Body
[2024-12-10T07:16:10.824Z] Error reading register 6507 for IP 10.30.4.128: A Modbus Exception Occurred - See Response Body
[2024-12-10T07:16:10.825Z] Error reading actual data: A Modbus Exception Occurred - See Response Body
[2024-12-10T07:16:10.826Z] Error writing to Modbus register: A Modbus Exception Occurred - See Response Body
[2024-12-10T07:16:11.825Z] Error reading or processing Modbus registers: A Modbus Exception Occurred - See Response Body
[2024-12-10T07:16:11.827Z] Error reading register 6507 for IP 10.30.4.128: A Modbus Exception Occurred - See Response Body
[2024-12-10T07:16:11.828Z] Error reading actual data: A Modbus Exception Occurred - See Response Body
[2024-12-10T07:16:11.828Z] Error writing to Modbus register: A Modbus Exception Occurred - See Response Body
[2024-12-10T07:16:12.826Z] Error reading or processing Modbus registers: A Modbus Exception Occurred - See Response Body
[2024-12-10T07:16:12.828Z] Error reading register 6507 for IP 10.30.4.128: A Modbus Exception Occurred - See Response Body
[2024-12-10T07:16:12.829Z] Error reading actual data: A Modbus Exception Occurred - See Response Body
[2024-12-10T07:16:12.829Z] Error writing to Modbus register: A Modbus Exception Occurred - See Response Body
[2024-12-10T07:16:13.841Z] Error reading or processing Modbus registers: A Modbus Exception Occurred - See Response Body
[2024-12-10T07:16:13.843Z] Error reading register 6507 for IP 10.30.4.128: A Modbus Exception Occurred - See Response Body
[2024-12-10T07:16:13.844Z] Error reading actual data: A Modbus Exception Occurred - See Response Body
[2024-12-10T07:16:13.844Z] Error writing to Modbus register: A Modbus Exception Occurred - See Response Body
[2024-12-10T07:16:14.855Z] Error reading or processing Modbus registers: A Modbus Exception Occurred - See Response Body
[2024-12-10T07:16:14.858Z] Error reading register 6507 for IP 10.30.4.128: A Modbus Exception Occurred - See Response Body
[2024-12-10T07:16:14.859Z] Error reading actual data: A Modbus Exception Occurred - See Response Body
[2024-12-10T07:16:14.859Z] Error writing to Modbus register: A Modbus Exception Occurred - See Response Body
[2024-12-10T07:16:15.868Z] Error reading or processing Modbus registers: A Modbus Exception Occurred - See Response Body
[2024-12-10T07:16:15.871Z] Error reading register 6507 for IP 10.30.4.128: A Modbus Exception Occurred - See Response Body
[2024-12-10T07:16:15.872Z] Error reading actual data: A Modbus Exception Occurred - See Response Body
[2024-12-10T07:16:15.872Z] Error writing to Modbus register: A Modbus Exception Occurred - See Response Body
[2024-12-10T07:16:16.881Z] Error reading or processing Modbus registers: A Modbus Exception Occurred - See Response Body
[2024-12-10T07:16:16.884Z] Error reading register 6507 for IP 10.30.4.128: A Modbus Exception Occurred - See Response Body
[2024-12-10T07:16:16.884Z] Error reading actual data: A Modbus Exception Occurred - See Response Body
[2024-12-10T07:16:16.885Z] Error writing to Modbus register: A Modbus Exception Occurred - See Response Body
[2024-12-10T07:16:17.881Z] Error reading or processing Modbus registers: A Modbus Exception Occurred - See Response Body
[2024-12-10T07:16:17.883Z] Error reading register 6507 for IP 10.30.4.128: A Modbus Exception Occurred - See Response Body
[2024-12-10T07:16:17.884Z] Error reading actual data: A Modbus Exception Occurred - See Response Body
[2024-12-10T07:16:17.885Z] Error writing to Modbus register: A Modbus Exception Occurred - See Response Body
[2024-12-10T07:16:18.883Z] Error reading or processing Modbus registers: A Modbus Exception Occurred - See Response Body
[2024-12-10T07:16:18.885Z] Error reading register 6507 for IP 10.30.4.128: A Modbus Exception Occurred - See Response Body
[2024-12-10T07:16:18.886Z] Error reading actual data: A Modbus Exception Occurred - See Response Body
[2024-12-10T07:16:18.887Z] Error writing to Modbus register: A Modbus Exception Occurred - See Response Body
[2024-12-10T07:16:19.898Z] Error reading or processing Modbus registers: A Modbus Exception Occurred - See Response Body
[2024-12-10T07:16:19.900Z] Error reading register 6507 for IP 10.30.4.128: A Modbus Exception Occurred - See Response Body
[2024-12-10T07:16:19.901Z] Error reading actual data: A Modbus Exception Occurred - See Response Body
[2024-12-10T07:16:19.902Z] Error writing to Modbus register: A Modbus Exception Occurred - See Response Body
[2024-12-10T07:16:20.898Z] Error reading or processing Modbus registers: A Modbus Exception Occurred - See Response Body
[2024-12-10T07:16:20.901Z] Error reading register 6507 for IP 10.30.4.128: A Modbus Exception Occurred - See Response Body
[2024-12-10T07:16:20.902Z] Error reading actual data: A Modbus Exception Occurred - See Response Body
[2024-12-10T07:16:20.902Z] Error writing to Modbus register: A Modbus Exception Occurred - See Response Body
[2024-12-10T07:16:21.911Z] Error reading or processing Modbus registers: A Modbus Exception Occurred - See Response Body
[2024-12-10T07:16:21.914Z] Error reading register 6507 for IP 10.30.4.128: A Modbus Exception Occurred - See Response Body
[2024-12-10T07:16:21.915Z] Error reading actual data: A Modbus Exception Occurred - See Response Body
[2024-12-10T07:16:21.915Z] Error writing to Modbus register: A Modbus Exception Occurred - See Response Body
[2024-12-10T07:16:22.924Z] Error reading or processing Modbus registers: A Modbus Exception Occurred - See Response Body
[2024-12-10T07:16:22.927Z] Error reading register 6507 for IP 10.30.4.128: A Modbus Exception Occurred - See Response Body
[2024-12-10T07:16:22.928Z] Error reading actual data: A Modbus Exception Occurred - See Response Body
[2024-12-10T07:16:22.928Z] Error writing to Modbus register: A Modbus Exception Occurred - See Response Body
[2024-12-10T07:16:23.937Z] Error reading or processing Modbus registers: A Modbus Exception Occurred - See Response Body
[2024-12-10T07:16:23.940Z] Error reading register 6507 for IP 10.30.4.128: A Modbus Exception Occurred - See Response Body
[2024-12-10T07:16:23.940Z] Error reading actual data: A Modbus Exception Occurred - See Response Body
[2024-12-10T07:16:23.942Z] Error writing to Modbus register: A Modbus Exception Occurred - See Response Body
[2024-12-10T07:16:24.937Z] Error reading or processing Modbus registers: A Modbus Exception Occurred - See Response Body
[2024-12-10T07:16:24.939Z] Error reading register 6507 for IP 10.30.4.128: A Modbus Exception Occurred - See Response Body
[2024-12-10T07:16:24.940Z] Error reading actual data: A Modbus Exception Occurred - See Response Body
[2024-12-10T07:16:24.941Z] Error writing to Modbus register: A Modbus Exception Occurred - See Response Body
[2024-12-10T07:16:25.938Z] Error reading or processing Modbus registers: A Modbus Exception Occurred - See Response Body
[2024-12-10T07:16:25.940Z] Error reading register 6507 for IP 10.30.4.128: A Modbus Exception Occurred - See Response Body
[2024-12-10T07:16:25.941Z] Error reading actual data: A Modbus Exception Occurred - See Response Body
[2024-12-10T07:16:25.942Z] Error writing to Modbus register: A Modbus Exception Occurred - See Response Body
[2024-12-10T07:16:26.952Z] Error reading or processing Modbus registers: A Modbus Exception Occurred - See Response Body
[2024-12-10T07:16:26.954Z] Error reading register 6507 for IP 10.30.4.128: A Modbus Exception Occurred - See Response Body
[2024-12-10T07:16:26.955Z] Error reading actual data: A Modbus Exception Occurred - See Response Body
[2024-12-10T07:16:26.955Z] Error writing to Modbus register: A Modbus Exception Occurred - See Response Body
[2024-12-10T07:16:27.966Z] Error reading or processing Modbus registers: A Modbus Exception Occurred - See Response Body
[2024-12-10T07:16:27.969Z] Error reading register 6507 for IP 10.30.4.128: A Modbus Exception Occurred - See Response Body
[2024-12-10T07:16:27.969Z] Error reading actual data: A Modbus Exception Occurred - See Response Body
[2024-12-10T07:16:27.970Z] Error writing to Modbus register: A Modbus Exception Occurred - See Response Body
[2024-12-10T07:16:28.970Z] Error reading or processing Modbus registers: A Modbus Exception Occurred - See Response Body
[2024-12-10T07:16:28.972Z] Error reading register 6507 for IP 10.30.4.128: A Modbus Exception Occurred - See Response Body
[2024-12-10T07:16:28.973Z] Error reading actual data: A Modbus Exception Occurred - See Response Body
[2024-12-10T07:16:28.973Z] Error writing to Modbus register: A Modbus Exception Occurred - See Response Body
[2024-12-10T07:16:29.974Z] Error reading or processing Modbus registers: A Modbus Exception Occurred - See Response Body
[2024-12-10T07:16:29.976Z] Error reading register 6507 for IP 10.30.4.128: A Modbus Exception Occurred - See Response Body
[2024-12-10T07:16:29.977Z] Error reading actual data: A Modbus Exception Occurred - See Response Body
[2024-12-10T07:16:29.977Z] Error writing to Modbus register: A Modbus Exception Occurred - See Response Body
[2024-12-10T07:16:30.976Z] Error reading or processing Modbus registers: A Modbus Exception Occurred - See Response Body
[2024-12-10T07:16:30.978Z] Error reading register 6507 for IP 10.30.4.128: A Modbus Exception Occurred - See Response Body
[2024-12-10T07:16:30.979Z] Error reading actual data: A Modbus Exception Occurred - See Response Body
[2024-12-10T07:16:30.980Z] Error writing to Modbus register: A Modbus Exception Occurred - See Response Body
[2024-12-10T07:16:31.981Z] Error reading or processing Modbus registers: A Modbus Exception Occurred - See Response Body
[2024-12-10T07:16:31.983Z] Error reading register 6507 for IP 10.30.4.128: A Modbus Exception Occurred - See Response Body
[2024-12-10T07:16:31.984Z] Error reading actual data: A Modbus Exception Occurred - See Response Body
[2024-12-10T07:16:31.984Z] Error writing to Modbus register: A Modbus Exception Occurred - See Response Body
[2024-12-10T07:16:32.985Z] Error reading or processing Modbus registers: A Modbus Exception Occurred - See Response Body
[2024-12-10T07:16:32.987Z] Error reading register 6507 for IP 10.30.4.128: A Modbus Exception Occurred - See Response Body
[2024-12-10T07:16:32.988Z] Error reading actual data: A Modbus Exception Occurred - See Response Body
[2024-12-10T07:16:32.988Z] Error writing to Modbus register: A Modbus Exception Occurred - See Response Body
[2024-12-10T07:16:33.999Z] Error reading or processing Modbus registers: A Modbus Exception Occurred - See Response Body
[2024-12-10T07:16:34.002Z] Error reading register 6507 for IP 10.30.4.128: A Modbus Exception Occurred - See Response Body
[2024-12-10T07:16:34.002Z] Error reading actual data: A Modbus Exception Occurred - See Response Body
[2024-12-10T07:16:34.003Z] Error writing to Modbus register: A Modbus Exception Occurred - See Response Body
[2024-12-10T07:16:35.002Z] Error reading or processing Modbus registers: A Modbus Exception Occurred - See Response Body
[2024-12-10T07:16:35.004Z] Error reading register 6507 for IP 10.30.4.128: A Modbus Exception Occurred - See Response Body
[2024-12-10T07:16:35.005Z] Error reading actual data: A Modbus Exception Occurred - See Response Body
[2024-12-10T07:16:35.005Z] Error writing to Modbus register: A Modbus Exception Occurred - See Response Body
[2024-12-10T07:16:36.010Z] Error reading or processing Modbus registers: A Modbus Exception Occurred - See Response Body
[2024-12-10T07:16:36.012Z] Error reading register 6507 for IP 10.30.4.128: A Modbus Exception Occurred - See Response Body
[2024-12-10T07:16:36.013Z] Error reading actual data: A Modbus Exception Occurred - See Response Body
[2024-12-10T07:16:36.013Z] Error writing to Modbus register: A Modbus Exception Occurred - See Response Body
[2024-12-10T07:16:37.012Z] Error reading or processing Modbus registers: A Modbus Exception Occurred - See Response Body
[2024-12-10T07:16:37.014Z] Error reading register 6507 for IP 10.30.4.128: A Modbus Exception Occurred - See Response Body
[2024-12-10T07:16:37.015Z] Error reading actual data: A Modbus Exception Occurred - See Response Body
[2024-12-10T07:16:37.016Z] Error writing to Modbus register: A Modbus Exception Occurred - See Response Body
[2024-12-10T07:16:38.013Z] Error reading or processing Modbus registers: A Modbus Exception Occurred - See Response Body
[2024-12-10T07:16:38.016Z] Error reading register 6507 for IP 10.30.4.128: A Modbus Exception Occurred - See Response Body
[2024-12-10T07:16:38.016Z] Error reading actual data: A Modbus Exception Occurred - See Response Body
[2024-12-10T07:16:38.017Z] Error writing to Modbus register: A Modbus Exception Occurred - See Response Body
[2024-12-10T07:16:39.016Z] Error reading or processing Modbus registers: A Modbus Exception Occurred - See Response Body
[2024-12-10T07:16:39.018Z] Error reading register 6507 for IP 10.30.4.128: A Modbus Exception Occurred - See Response Body
[2024-12-10T07:16:39.019Z] Error reading actual data: A Modbus Exception Occurred - See Response Body
[2024-12-10T07:16:39.020Z] Error writing to Modbus register: A Modbus Exception Occurred - See Response Body
[2024-12-10T07:16:40.017Z] Error reading or processing Modbus registers: A Modbus Exception Occurred - See Response Body
[2024-12-10T07:16:40.019Z] Error reading register 6507 for IP 10.30.4.128: A Modbus Exception Occurred - See Response Body
[2024-12-10T07:16:40.020Z] Error reading actual data: A Modbus Exception Occurred - See Response Body
[2024-12-10T07:16:40.020Z] Error writing to Modbus register: A Modbus Exception Occurred - See Response Body
[2024-12-10T07:16:41.029Z] Error reading or processing Modbus registers: A Modbus Exception Occurred - See Response Body
[2024-12-10T07:16:41.031Z] Error reading register 6507 for IP 10.30.4.128: A Modbus Exception Occurred - See Response Body
[2024-12-10T07:16:41.032Z] Error reading actual data: A Modbus Exception Occurred - See Response Body
[2024-12-10T07:16:41.032Z] Error writing to Modbus register: A Modbus Exception Occurred - See Response Body
[2024-12-10T07:16:42.031Z] Error reading or processing Modbus registers: A Modbus Exception Occurred - See Response Body
[2024-12-10T07:16:42.035Z] Error reading register 6507 for IP 10.30.4.128: A Modbus Exception Occurred - See Response Body
[2024-12-10T07:16:42.036Z] Error reading actual data: A Modbus Exception Occurred - See Response Body
[2024-12-10T07:16:42.036Z] Error writing to Modbus register: A Modbus Exception Occurred - See Response Body
[2024-12-10T07:16:43.044Z] Error reading or processing Modbus registers: A Modbus Exception Occurred - See Response Body
[2024-12-10T07:16:43.046Z] Error reading register 6507 for IP 10.30.4.128: A Modbus Exception Occurred - See Response Body
[2024-12-10T07:16:43.047Z] Error reading actual data: A Modbus Exception Occurred - See Response Body
[2024-12-10T07:16:43.048Z] Error writing to Modbus register: A Modbus Exception Occurred - See Response Body
[2024-12-10T07:16:44.059Z] Error reading or processing Modbus registers: A Modbus Exception Occurred - See Response Body
[2024-12-10T07:16:44.061Z] Error reading register 6507 for IP 10.30.4.128: A Modbus Exception Occurred - See Response Body
[2024-12-10T07:16:44.062Z] Error reading actual data: A Modbus Exception Occurred - See Response Body
[2024-12-10T07:16:44.063Z] Error writing to Modbus register: A Modbus Exception Occurred - See Response Body
[2024-12-10T07:16:45.080Z] Error reading or processing Modbus registers: A Modbus Exception Occurred - See Response Body
[2024-12-10T07:16:45.083Z] Error reading register 6507 for IP 10.30.4.128: A Modbus Exception Occurred - See Response Body
[2024-12-10T07:16:45.083Z] Error reading actual data: A Modbus Exception Occurred - See Response Body
[2024-12-10T07:16:45.084Z] Error writing to Modbus register: A Modbus Exception Occurred - See Response Body
[2024-12-10T07:16:46.086Z] Error reading or processing Modbus registers: A Modbus Exception Occurred - See Response Body
[2024-12-10T07:16:46.088Z] Error reading register 6507 for IP 10.30.4.128: A Modbus Exception Occurred - See Response Body
[2024-12-10T07:16:46.089Z] Error reading actual data: A Modbus Exception Occurred - See Response Body
[2024-12-10T07:16:46.090Z] Error writing to Modbus register: A Modbus Exception Occurred - See Response Body
[2024-12-10T07:16:47.087Z] Error reading or processing Modbus registers: A Modbus Exception Occurred - See Response Body
[2024-12-10T07:16:47.089Z] Error reading register 6507 for IP 10.30.4.128: A Modbus Exception Occurred - See Response Body
[2024-12-10T07:16:47.090Z] Error reading actual data: A Modbus Exception Occurred - See Response Body
[2024-12-10T07:16:47.090Z] Error writing to Modbus register: A Modbus Exception Occurred - See Response Body
[2024-12-10T07:16:48.089Z] Error reading or processing Modbus registers: A Modbus Exception Occurred - See Response Body
[2024-12-10T07:16:48.092Z] Error reading register 6507 for IP 10.30.4.128: A Modbus Exception Occurred - See Response Body
[2024-12-10T07:16:48.093Z] Error reading actual data: A Modbus Exception Occurred - See Response Body
[2024-12-10T07:16:48.094Z] Error writing to Modbus register: A Modbus Exception Occurred - See Response Body
[2024-12-10T07:16:49.101Z] Error reading or processing Modbus registers: A Modbus Exception Occurred - See Response Body
[2024-12-10T07:16:49.104Z] Error reading register 6507 for IP 10.30.4.128: A Modbus Exception Occurred - See Response Body
[2024-12-10T07:16:49.105Z] Error reading actual data: A Modbus Exception Occurred - See Response Body
[2024-12-10T07:16:49.105Z] Error writing to Modbus register: A Modbus Exception Occurred - See Response Body
[2024-12-10T07:16:50.115Z] Error reading or processing Modbus registers: A Modbus Exception Occurred - See Response Body
[2024-12-10T07:16:50.117Z] Error reading register 6507 for IP 10.30.4.128: A Modbus Exception Occurred - See Response Body
[2024-12-10T07:16:50.118Z] Error reading actual data: A Modbus Exception Occurred - See Response Body
[2024-12-10T07:16:50.119Z] Error writing to Modbus register: A Modbus Exception Occurred - See Response Body
[2024-12-10T07:16:51.130Z] Error reading or processing Modbus registers: A Modbus Exception Occurred - See Response Body
[2024-12-10T07:16:51.132Z] Error reading register 6507 for IP 10.30.4.128: A Modbus Exception Occurred - See Response Body
[2024-12-10T07:16:51.133Z] Error reading actual data: A Modbus Exception Occurred - See Response Body
[2024-12-10T07:16:51.134Z] Error writing to Modbus register: A Modbus Exception Occurred - See Response Body
[2024-12-10T07:16:52.132Z] Error reading or processing Modbus registers: A Modbus Exception Occurred - See Response Body
[2024-12-10T07:16:52.135Z] Error reading register 6507 for IP 10.30.4.128: A Modbus Exception Occurred - See Response Body
[2024-12-10T07:16:52.136Z] Error reading actual data: A Modbus Exception Occurred - See Response Body
[2024-12-10T07:16:52.136Z] Error writing to Modbus register: A Modbus Exception Occurred - See Response Body
[2024-12-10T07:16:53.132Z] Error reading or processing Modbus registers: A Modbus Exception Occurred - See Response Body
[2024-12-10T07:16:53.135Z] Error reading register 6507 for IP 10.30.4.128: A Modbus Exception Occurred - See Response Body
[2024-12-10T07:16:53.136Z] Error reading actual data: A Modbus Exception Occurred - See Response Body
[2024-12-10T07:16:53.137Z] Error writing to Modbus register: A Modbus Exception Occurred - See Response Body
[2024-12-10T07:16:54.133Z] Error reading or processing Modbus registers: A Modbus Exception Occurred - See Response Body
[2024-12-10T07:16:54.135Z] Error reading register 6507 for IP 10.30.4.128: A Modbus Exception Occurred - See Response Body
[2024-12-10T07:16:54.136Z] Error reading actual data: A Modbus Exception Occurred - See Response Body
[2024-12-10T07:16:54.136Z] Error writing to Modbus register: A Modbus Exception Occurred - See Response Body
[2024-12-10T07:16:55.132Z] Error reading or processing Modbus registers: A Modbus Exception Occurred - See Response Body
[2024-12-10T07:16:55.135Z] Error reading register 6507 for IP 10.30.4.128: A Modbus Exception Occurred - See Response Body
[2024-12-10T07:16:55.136Z] Error reading actual data: A Modbus Exception Occurred - See Response Body
[2024-12-10T07:16:55.137Z] Error writing to Modbus register: A Modbus Exception Occurred - See Response Body
[2024-12-10T07:16:56.147Z] Error reading or processing Modbus registers: A Modbus Exception Occurred - See Response Body
[2024-12-10T07:16:56.150Z] Error reading register 6507 for IP 10.30.4.128: A Modbus Exception Occurred - See Response Body
[2024-12-10T07:16:56.151Z] Error reading actual data: A Modbus Exception Occurred - See Response Body
[2024-12-10T07:16:56.152Z] Error writing to Modbus register: A Modbus Exception Occurred - See Response Body
[2024-12-10T07:16:57.147Z] Error reading or processing Modbus registers: A Modbus Exception Occurred - See Response Body
[2024-12-10T07:16:57.150Z] Error reading register 6507 for IP 10.30.4.128: A Modbus Exception Occurred - See Response Body
[2024-12-10T07:16:57.151Z] Error reading actual data: A Modbus Exception Occurred - See Response Body
[2024-12-10T07:16:57.151Z] Error writing to Modbus register: A Modbus Exception Occurred - See Response Body
[2024-12-10T07:16:58.162Z] Error reading or processing Modbus registers: A Modbus Exception Occurred - See Response Body
[2024-12-10T07:16:58.164Z] Error reading register 6507 for IP 10.30.4.128: A Modbus Exception Occurred - See Response Body
[2024-12-10T07:16:58.165Z] Error reading actual data: A Modbus Exception Occurred - See Response Body
[2024-12-10T07:16:58.166Z] Error writing to Modbus register: A Modbus Exception Occurred - See Response Body
[2024-12-10T07:16:59.175Z] Error reading or processing Modbus registers: A Modbus Exception Occurred - See Response Body
[2024-12-10T07:16:59.177Z] Error reading register 6507 for IP 10.30.4.128: A Modbus Exception Occurred - See Response Body
[2024-12-10T07:16:59.177Z] Error reading actual data: A Modbus Exception Occurred - See Response Body
[2024-12-10T07:16:59.178Z] Error writing to Modbus register: A Modbus Exception Occurred - See Response Body
[2024-12-10T07:17:00.190Z] Error reading or processing Modbus registers: A Modbus Exception Occurred - See Response Body
[2024-12-10T07:17:00.192Z] Error reading register 6507 for IP 10.30.4.128: A Modbus Exception Occurred - See Response Body
[2024-12-10T07:17:00.192Z] Error reading actual data: A Modbus Exception Occurred - See Response Body
[2024-12-10T07:17:00.193Z] Error writing to Modbus register: A Modbus Exception Occurred - See Response Body
[2024-12-10T07:17:01.204Z] Error reading or processing Modbus registers: A Modbus Exception Occurred - See Response Body
[2024-12-10T07:17:01.207Z] Error reading register 6507 for IP 10.30.4.128: A Modbus Exception Occurred - See Response Body
[2024-12-10T07:17:01.207Z] Error reading actual data: A Modbus Exception Occurred - See Response Body
[2024-12-10T07:17:01.208Z] Error writing to Modbus register: A Modbus Exception Occurred - See Response Body
[2024-12-10T07:17:02.216Z] Error reading or processing Modbus registers: A Modbus Exception Occurred - See Response Body
[2024-12-10T07:17:02.218Z] Error reading register 6507 for IP 10.30.4.128: A Modbus Exception Occurred - See Response Body
[2024-12-10T07:17:02.218Z] Error reading actual data: A Modbus Exception Occurred - See Response Body
[2024-12-10T07:17:02.219Z] Error writing to Modbus register: A Modbus Exception Occurred - See Response Body
[2024-12-10T07:17:03.218Z] Error reading or processing Modbus registers: A Modbus Exception Occurred - See Response Body
[2024-12-10T07:17:03.220Z] Error reading register 6507 for IP 10.30.4.128: A Modbus Exception Occurred - See Response Body
[2024-12-10T07:17:03.221Z] Error reading actual data: A Modbus Exception Occurred - See Response Body
[2024-12-10T07:17:03.221Z] Error writing to Modbus register: A Modbus Exception Occurred - See Response Body
[2024-12-10T07:17:04.229Z] Error reading or processing Modbus registers: A Modbus Exception Occurred - See Response Body
[2024-12-10T07:17:04.231Z] Error reading register 6507 for IP 10.30.4.128: A Modbus Exception Occurred - See Response Body
[2024-12-10T07:17:04.232Z] Error reading actual data: A Modbus Exception Occurred - See Response Body
[2024-12-10T07:17:04.233Z] Error writing to Modbus register: A Modbus Exception Occurred - See Response Body
[2024-12-10T07:17:05.229Z] Error reading or processing Modbus registers: A Modbus Exception Occurred - See Response Body
[2024-12-10T07:17:05.231Z] Error reading register 6507 for IP 10.30.4.128: A Modbus Exception Occurred - See Response Body
[2024-12-10T07:17:05.232Z] Error reading actual data: A Modbus Exception Occurred - See Response Body
[2024-12-10T07:17:05.233Z] Error writing to Modbus register: A Modbus Exception Occurred - See Response Body
[2024-12-10T07:17:06.236Z] Error reading or processing Modbus registers: A Modbus Exception Occurred - See Response Body
[2024-12-10T07:17:06.238Z] Error reading register 6507 for IP 10.30.4.128: A Modbus Exception Occurred - See Response Body
[2024-12-10T07:17:06.239Z] Error reading actual data: A Modbus Exception Occurred - See Response Body
[2024-12-10T07:17:06.239Z] Error writing to Modbus register: A Modbus Exception Occurred - See Response Body
[2024-12-10T07:17:07.243Z] Error reading or processing Modbus registers: A Modbus Exception Occurred - See Response Body
[2024-12-10T07:17:07.245Z] Error reading register 6507 for IP 10.30.4.128: A Modbus Exception Occurred - See Response Body
[2024-12-10T07:17:07.246Z] Error reading actual data: A Modbus Exception Occurred - See Response Body
[2024-12-10T07:17:07.247Z] Error writing to Modbus register: A Modbus Exception Occurred - See Response Body
[2024-12-10T07:17:08.259Z] Error reading or processing Modbus registers: A Modbus Exception Occurred - See Response Body
[2024-12-10T07:17:08.262Z] Error reading register 6507 for IP 10.30.4.128: A Modbus Exception Occurred - See Response Body
[2024-12-10T07:17:08.262Z] Error reading actual data: A Modbus Exception Occurred - See Response Body
[2024-12-10T07:17:08.263Z] Error writing to Modbus register: A Modbus Exception Occurred - See Response Body
[2024-12-10T07:17:09.273Z] Error reading or processing Modbus registers: A Modbus Exception Occurred - See Response Body
[2024-12-10T07:17:09.275Z] Error reading register 6507 for IP 10.30.4.128: A Modbus Exception Occurred - See Response Body
[2024-12-10T07:17:09.276Z] Error reading actual data: A Modbus Exception Occurred - See Response Body
[2024-12-10T07:17:09.277Z] Error writing to Modbus register: A Modbus Exception Occurred - See Response Body
[2024-12-10T07:17:10.288Z] Error reading or processing Modbus registers: A Modbus Exception Occurred - See Response Body
[2024-12-10T07:17:10.290Z] Error reading register 6507 for IP 10.30.4.128: A Modbus Exception Occurred - See Response Body
[2024-12-10T07:17:10.291Z] Error reading actual data: A Modbus Exception Occurred - See Response Body
[2024-12-10T07:17:10.292Z] Error writing to Modbus register: A Modbus Exception Occurred - See Response Body
[2024-12-10T07:17:11.289Z] Error reading or processing Modbus registers: A Modbus Exception Occurred - See Response Body
[2024-12-10T07:17:11.292Z] Error reading register 6507 for IP 10.30.4.128: A Modbus Exception Occurred - See Response Body
[2024-12-10T07:17:11.293Z] Error reading actual data: A Modbus Exception Occurred - See Response Body
[2024-12-10T07:17:11.293Z] Error writing to Modbus register: A Modbus Exception Occurred - See Response Body
[2024-12-10T07:17:12.299Z] Error reading or processing Modbus registers: A Modbus Exception Occurred - See Response Body
[2024-12-10T07:17:12.302Z] Error reading register 6507 for IP 10.30.4.128: A Modbus Exception Occurred - See Response Body
[2024-12-10T07:17:12.303Z] Error reading actual data: A Modbus Exception Occurred - See Response Body
[2024-12-10T07:17:12.303Z] Error writing to Modbus register: A Modbus Exception Occurred - See Response Body
[2024-12-10T07:17:13.301Z] Error reading or processing Modbus registers: A Modbus Exception Occurred - See Response Body
[2024-12-10T07:17:13.303Z] Error reading register 6507 for IP 10.30.4.128: A Modbus Exception Occurred - See Response Body
[2024-12-10T07:17:13.304Z] Error reading actual data: A Modbus Exception Occurred - See Response Body
[2024-12-10T07:17:13.305Z] Error writing to Modbus register: A Modbus Exception Occurred - See Response Body
[2024-12-10T07:17:14.316Z] Error reading or processing Modbus registers: A Modbus Exception Occurred - See Response Body
[2024-12-10T07:17:14.318Z] Error reading register 6507 for IP 10.30.4.128: A Modbus Exception Occurred - See Response Body
[2024-12-10T07:17:14.319Z] Error reading actual data: A Modbus Exception Occurred - See Response Body
[2024-12-10T07:17:14.319Z] Error writing to Modbus register: A Modbus Exception Occurred - See Response Body
[2024-12-10T07:17:15.330Z] Error reading or processing Modbus registers: A Modbus Exception Occurred - See Response Body
[2024-12-10T07:17:15.332Z] Error reading register 6507 for IP 10.30.4.128: A Modbus Exception Occurred - See Response Body
[2024-12-10T07:17:15.333Z] Error reading actual data: A Modbus Exception Occurred - See Response Body
[2024-12-10T07:17:15.334Z] Error writing to Modbus register: A Modbus Exception Occurred - See Response Body
[2024-12-10T07:17:16.330Z] Error reading or processing Modbus registers: A Modbus Exception Occurred - See Response Body
[2024-12-10T07:17:16.332Z] Error reading register 6507 for IP 10.30.4.128: A Modbus Exception Occurred - See Response Body
[2024-12-10T07:17:16.333Z] Error reading actual data: A Modbus Exception Occurred - See Response Body
[2024-12-10T07:17:16.334Z] Error writing to Modbus register: A Modbus Exception Occurred - See Response Body
[2024-12-10T07:17:17.343Z] Error reading or processing Modbus registers: A Modbus Exception Occurred - See Response Body
[2024-12-10T07:17:17.345Z] Error reading register 6507 for IP 10.30.4.128: A Modbus Exception Occurred - See Response Body
[2024-12-10T07:17:17.346Z] Error reading actual data: A Modbus Exception Occurred - See Response Body
[2024-12-10T07:17:17.347Z] Error writing to Modbus register: A Modbus Exception Occurred - See Response Body
[2024-12-10T07:17:18.344Z] Error reading or processing Modbus registers: A Modbus Exception Occurred - See Response Body
[2024-12-10T07:17:18.346Z] Error reading register 6507 for IP 10.30.4.128: A Modbus Exception Occurred - See Response Body
[2024-12-10T07:17:18.347Z] Error reading actual data: A Modbus Exception Occurred - See Response Body
[2024-12-10T07:17:18.347Z] Error writing to Modbus register: A Modbus Exception Occurred - See Response Body
[2024-12-10T07:17:19.344Z] Error reading or processing Modbus registers: A Modbus Exception Occurred - See Response Body
[2024-12-10T07:17:19.346Z] Error reading register 6507 for IP 10.30.4.128: A Modbus Exception Occurred - See Response Body
[2024-12-10T07:17:19.347Z] Error reading actual data: A Modbus Exception Occurred - See Response Body
[2024-12-10T07:17:19.348Z] Error writing to Modbus register: A Modbus Exception Occurred - See Response Body
[2024-12-10T07:17:20.347Z] Error reading or processing Modbus registers: A Modbus Exception Occurred - See Response Body
[2024-12-10T07:17:20.350Z] Error reading register 6507 for IP 10.30.4.128: A Modbus Exception Occurred - See Response Body
[2024-12-10T07:17:20.351Z] Error reading actual data: A Modbus Exception Occurred - See Response Body
[2024-12-10T07:17:20.352Z] Error writing to Modbus register: A Modbus Exception Occurred - See Response Body
[2024-12-10T07:17:21.363Z] Error reading or processing Modbus registers: A Modbus Exception Occurred - See Response Body
[2024-12-10T07:17:21.366Z] Error reading register 6507 for IP 10.30.4.128: A Modbus Exception Occurred - See Response Body
[2024-12-10T07:17:21.367Z] Error reading actual data: A Modbus Exception Occurred - See Response Body
[2024-12-10T07:17:21.367Z] Error writing to Modbus register: A Modbus Exception Occurred - See Response Body
[2024-12-10T07:17:22.364Z] Error reading or processing Modbus registers: A Modbus Exception Occurred - See Response Body
[2024-12-10T07:17:22.367Z] Error reading register 6507 for IP 10.30.4.128: A Modbus Exception Occurred - See Response Body
[2024-12-10T07:17:22.367Z] Error reading actual data: A Modbus Exception Occurred - See Response Body
[2024-12-10T07:17:22.368Z] Error writing to Modbus register: A Modbus Exception Occurred - See Response Body
[2024-12-10T07:17:23.364Z] Error reading or processing Modbus registers: A Modbus Exception Occurred - See Response Body
[2024-12-10T07:17:23.367Z] Error reading register 6507 for IP 10.30.4.128: A Modbus Exception Occurred - See Response Body
[2024-12-10T07:17:23.367Z] Error reading actual data: A Modbus Exception Occurred - See Response Body
[2024-12-10T07:17:23.368Z] Error writing to Modbus register: A Modbus Exception Occurred - See Response Body
[2024-12-10T07:17:24.379Z] Error reading or processing Modbus registers: A Modbus Exception Occurred - See Response Body
[2024-12-10T07:17:24.382Z] Error reading register 6507 for IP 10.30.4.128: A Modbus Exception Occurred - See Response Body
[2024-12-10T07:17:24.383Z] Error reading actual data: A Modbus Exception Occurred - See Response Body
[2024-12-10T07:17:24.383Z] Error writing to Modbus register: A Modbus Exception Occurred - See Response Body
[2024-12-10T07:17:25.376Z] Error reading or processing Modbus registers: A Modbus Exception Occurred - See Response Body
[2024-12-10T07:17:25.378Z] Error reading register 6507 for IP 10.30.4.128: A Modbus Exception Occurred - See Response Body
[2024-12-10T07:17:25.379Z] Error reading actual data: A Modbus Exception Occurred - See Response Body
[2024-12-10T07:17:25.380Z] Error writing to Modbus register: A Modbus Exception Occurred - See Response Body
[2024-12-10T07:17:26.390Z] Error reading or processing Modbus registers: A Modbus Exception Occurred - See Response Body
[2024-12-10T07:17:26.392Z] Error reading register 6507 for IP 10.30.4.128: A Modbus Exception Occurred - See Response Body
[2024-12-10T07:17:26.392Z] Error reading actual data: A Modbus Exception Occurred - See Response Body
[2024-12-10T07:17:26.393Z] Error writing to Modbus register: A Modbus Exception Occurred - See Response Body
[2024-12-10T07:17:27.405Z] Error reading or processing Modbus registers: A Modbus Exception Occurred - See Response Body
[2024-12-10T07:17:27.407Z] Error reading register 6507 for IP 10.30.4.128: A Modbus Exception Occurred - See Response Body
[2024-12-10T07:17:27.408Z] Error reading actual data: A Modbus Exception Occurred - See Response Body
[2024-12-10T07:17:27.409Z] Error writing to Modbus register: A Modbus Exception Occurred - See Response Body
[2024-12-10T07:17:28.407Z] Error reading or processing Modbus registers: A Modbus Exception Occurred - See Response Body
[2024-12-10T07:17:28.409Z] Error reading register 6507 for IP 10.30.4.128: A Modbus Exception Occurred - See Response Body
[2024-12-10T07:17:28.410Z] Error reading actual data: A Modbus Exception Occurred - See Response Body
[2024-12-10T07:17:28.411Z] Error writing to Modbus register: A Modbus Exception Occurred - See Response Body
[2024-12-10T07:17:29.419Z] Error reading or processing Modbus registers: A Modbus Exception Occurred - See Response Body
[2024-12-10T07:17:29.421Z] Error reading register 6507 for IP 10.30.4.128: A Modbus Exception Occurred - See Response Body
[2024-12-10T07:17:29.422Z] Error reading actual data: A Modbus Exception Occurred - See Response Body
[2024-12-10T07:17:29.423Z] Error writing to Modbus register: A Modbus Exception Occurred - See Response Body
[2024-12-10T07:17:30.434Z] Error reading or processing Modbus registers: A Modbus Exception Occurred - See Response Body
[2024-12-10T07:17:30.438Z] Error reading register 6507 for IP 10.30.4.128: A Modbus Exception Occurred - See Response Body
[2024-12-10T07:17:30.438Z] Error reading actual data: A Modbus Exception Occurred - See Response Body
[2024-12-10T07:17:30.439Z] Error writing to Modbus register: A Modbus Exception Occurred - See Response Body
[2024-12-10T07:17:31.449Z] Error reading or processing Modbus registers: A Modbus Exception Occurred - See Response Body
[2024-12-10T07:17:31.451Z] Error reading register 6507 for IP 10.30.4.128: A Modbus Exception Occurred - See Response Body
[2024-12-10T07:17:31.452Z] Error reading actual data: A Modbus Exception Occurred - See Response Body
[2024-12-10T07:17:31.453Z] Error writing to Modbus register: A Modbus Exception Occurred - See Response Body
[2024-12-10T07:17:32.453Z] Error reading or processing Modbus registers: A Modbus Exception Occurred - See Response Body
[2024-12-10T07:17:32.455Z] Error reading register 6507 for IP 10.30.4.128: A Modbus Exception Occurred - See Response Body
[2024-12-10T07:17:32.456Z] Error reading actual data: A Modbus Exception Occurred - See Response Body
[2024-12-10T07:17:32.456Z] Error writing to Modbus register: A Modbus Exception Occurred - See Response Body
[2024-12-10T07:17:33.467Z] Error reading or processing Modbus registers: A Modbus Exception Occurred - See Response Body
[2024-12-10T07:17:33.469Z] Error reading register 6507 for IP 10.30.4.128: A Modbus Exception Occurred - See Response Body
[2024-12-10T07:17:33.470Z] Error reading actual data: A Modbus Exception Occurred - See Response Body
[2024-12-10T07:17:33.471Z] Error writing to Modbus register: A Modbus Exception Occurred - See Response Body
[2024-12-10T07:17:34.481Z] Error reading or processing Modbus registers: A Modbus Exception Occurred - See Response Body
[2024-12-10T07:17:34.484Z] Error reading register 6507 for IP 10.30.4.128: A Modbus Exception Occurred - See Response Body
[2024-12-10T07:17:34.485Z] Error reading actual data: A Modbus Exception Occurred - See Response Body
[2024-12-10T07:17:34.485Z] Error writing to Modbus register: A Modbus Exception Occurred - See Response Body
[2024-12-10T07:17:35.482Z] Error reading or processing Modbus registers: A Modbus Exception Occurred - See Response Body
[2024-12-10T07:17:35.485Z] Error reading register 6507 for IP 10.30.4.128: A Modbus Exception Occurred - See Response Body
[2024-12-10T07:17:35.485Z] Error reading actual data: A Modbus Exception Occurred - See Response Body
[2024-12-10T07:17:35.486Z] Error writing to Modbus register: A Modbus Exception Occurred - See Response Body
[2024-12-10T07:17:36.493Z] Error reading or processing Modbus registers: A Modbus Exception Occurred - See Response Body
[2024-12-10T07:17:36.496Z] Error reading register 6507 for IP 10.30.4.128: A Modbus Exception Occurred - See Response Body
[2024-12-10T07:17:36.497Z] Error reading actual data: A Modbus Exception Occurred - See Response Body
[2024-12-10T07:17:36.498Z] Error writing to Modbus register: A Modbus Exception Occurred - See Response Body
[2024-12-10T07:17:37.508Z] Error reading or processing Modbus registers: A Modbus Exception Occurred - See Response Body
[2024-12-10T07:17:37.511Z] Error reading register 6507 for IP 10.30.4.128: A Modbus Exception Occurred - See Response Body
[2024-12-10T07:17:37.512Z] Error reading actual data: A Modbus Exception Occurred - See Response Body
[2024-12-10T07:17:37.512Z] Error writing to Modbus register: A Modbus Exception Occurred - See Response Body
[2024-12-10T07:17:38.519Z] Error reading or processing Modbus registers: A Modbus Exception Occurred - See Response Body
[2024-12-10T07:17:38.521Z] Error reading register 6507 for IP 10.30.4.128: A Modbus Exception Occurred - See Response Body
[2024-12-10T07:17:38.522Z] Error reading actual data: A Modbus Exception Occurred - See Response Body
[2024-12-10T07:17:38.522Z] Error writing to Modbus register: A Modbus Exception Occurred - See Response Body
[2024-12-10T07:17:39.519Z] Error reading or processing Modbus registers: A Modbus Exception Occurred - See Response Body
[2024-12-10T07:17:39.522Z] Error reading register 6507 for IP 10.30.4.128: A Modbus Exception Occurred - See Response Body
[2024-12-10T07:17:39.523Z] Error reading actual data: A Modbus Exception Occurred - See Response Body
[2024-12-10T07:17:39.524Z] Error writing to Modbus register: A Modbus Exception Occurred - See Response Body
[2024-12-10T07:17:40.531Z] Error reading or processing Modbus registers: A Modbus Exception Occurred - See Response Body
[2024-12-10T07:17:40.535Z] Error reading register 6507 for IP 10.30.4.128: A Modbus Exception Occurred - See Response Body
[2024-12-10T07:17:40.536Z] Error reading actual data: A Modbus Exception Occurred - See Response Body
[2024-12-10T07:17:40.536Z] Error writing to Modbus register: A Modbus Exception Occurred - See Response Body
[2024-12-10T07:17:41.532Z] Error reading or processing Modbus registers: A Modbus Exception Occurred - See Response Body
[2024-12-10T07:17:41.534Z] Error reading register 6507 for IP 10.30.4.128: A Modbus Exception Occurred - See Response Body
[2024-12-10T07:17:41.535Z] Error reading actual data: A Modbus Exception Occurred - See Response Body
[2024-12-10T07:17:41.536Z] Error writing to Modbus register: A Modbus Exception Occurred - See Response Body
[2024-12-10T07:17:42.532Z] Error reading or processing Modbus registers: A Modbus Exception Occurred - See Response Body
[2024-12-10T07:17:42.534Z] Error reading register 6507 for IP 10.30.4.128: A Modbus Exception Occurred - See Response Body
[2024-12-10T07:17:42.535Z] Error reading actual data: A Modbus Exception Occurred - See Response Body
[2024-12-10T07:17:42.536Z] Error writing to Modbus register: A Modbus Exception Occurred - See Response Body
[2024-12-10T07:17:43.547Z] Error reading or processing Modbus registers: A Modbus Exception Occurred - See Response Body
[2024-12-10T07:17:43.549Z] Error reading register 6507 for IP 10.30.4.128: A Modbus Exception Occurred - See Response Body
[2024-12-10T07:17:43.550Z] Error reading actual data: A Modbus Exception Occurred - See Response Body
[2024-12-10T07:17:43.550Z] Error writing to Modbus register: A Modbus Exception Occurred - See Response Body
[2024-12-10T07:17:44.562Z] Error reading or processing Modbus registers: A Modbus Exception Occurred - See Response Body
[2024-12-10T07:17:44.564Z] Error reading register 6507 for IP 10.30.4.128: A Modbus Exception Occurred - See Response Body
[2024-12-10T07:17:44.565Z] Error reading actual data: A Modbus Exception Occurred - See Response Body
[2024-12-10T07:17:44.566Z] Error writing to Modbus register: A Modbus Exception Occurred - See Response Body
[2024-12-10T07:17:45.574Z] Error reading or processing Modbus registers: A Modbus Exception Occurred - See Response Body
[2024-12-10T07:17:45.576Z] Error reading register 6507 for IP 10.30.4.128: A Modbus Exception Occurred - See Response Body
[2024-12-10T07:17:45.577Z] Error reading actual data: A Modbus Exception Occurred - See Response Body
[2024-12-10T07:17:45.578Z] Error writing to Modbus register: A Modbus Exception Occurred - See Response Body
[2024-12-10T07:17:46.585Z] Error reading or processing Modbus registers: A Modbus Exception Occurred - See Response Body
[2024-12-10T07:17:46.587Z] Error reading register 6507 for IP 10.30.4.128: A Modbus Exception Occurred - See Response Body
[2024-12-10T07:17:46.588Z] Error reading actual data: A Modbus Exception Occurred - See Response Body
[2024-12-10T07:17:46.588Z] Error writing to Modbus register: A Modbus Exception Occurred - See Response Body
[2024-12-10T07:17:47.588Z] Error reading or processing Modbus registers: A Modbus Exception Occurred - See Response Body
[2024-12-10T07:17:47.590Z] Error reading register 6507 for IP 10.30.4.128: A Modbus Exception Occurred - See Response Body
[2024-12-10T07:17:47.591Z] Error reading actual data: A Modbus Exception Occurred - See Response Body
[2024-12-10T07:17:47.591Z] Error writing to Modbus register: A Modbus Exception Occurred - See Response Body
[2024-12-10T07:17:48.602Z] Error reading or processing Modbus registers: A Modbus Exception Occurred - See Response Body
[2024-12-10T07:17:48.605Z] Error reading register 6507 for IP 10.30.4.128: A Modbus Exception Occurred - See Response Body
[2024-12-10T07:17:48.605Z] Error reading actual data: A Modbus Exception Occurred - See Response Body
[2024-12-10T07:17:48.606Z] Error writing to Modbus register: A Modbus Exception Occurred - See Response Body
[2024-12-10T07:17:49.614Z] Error reading or processing Modbus registers: A Modbus Exception Occurred - See Response Body
[2024-12-10T07:17:49.616Z] Error reading register 6507 for IP 10.30.4.128: A Modbus Exception Occurred - See Response Body
[2024-12-10T07:17:49.617Z] Error writing to Modbus register: A Modbus Exception Occurred - See Response Body
[2024-12-10T07:17:49.617Z] Error reading actual data: A Modbus Exception Occurred - See Response Body
[2024-12-10T07:17:50.628Z] Error reading or processing Modbus registers: A Modbus Exception Occurred - See Response Body
[2024-12-10T07:17:50.630Z] Error reading register 6507 for IP 10.30.4.128: A Modbus Exception Occurred - See Response Body
[2024-12-10T07:17:50.631Z] Error reading actual data: A Modbus Exception Occurred - See Response Body
[2024-12-10T07:17:50.631Z] Error writing to Modbus register: A Modbus Exception Occurred - See Response Body
[2024-12-10T07:17:51.643Z] Error reading or processing Modbus registers: A Modbus Exception Occurred - See Response Body
[2024-12-10T07:17:51.645Z] Error reading register 6507 for IP 10.30.4.128: A Modbus Exception Occurred - See Response Body
[2024-12-10T07:17:51.645Z] Error reading actual data: A Modbus Exception Occurred - See Response Body
[2024-12-10T07:17:51.646Z] Error writing to Modbus register: A Modbus Exception Occurred - See Response Body
[2024-12-10T07:17:52.656Z] Error reading or processing Modbus registers: A Modbus Exception Occurred - See Response Body
[2024-12-10T07:17:52.658Z] Error reading register 6507 for IP 10.30.4.128: A Modbus Exception Occurred - See Response Body
[2024-12-10T07:17:52.659Z] Error reading actual data: A Modbus Exception Occurred - See Response Body
[2024-12-10T07:17:52.659Z] Error writing to Modbus register: A Modbus Exception Occurred - See Response Body
[2024-12-10T07:17:53.670Z] Error reading or processing Modbus registers: A Modbus Exception Occurred - See Response Body
[2024-12-10T07:17:53.673Z] Error reading register 6507 for IP 10.30.4.128: A Modbus Exception Occurred - See Response Body
[2024-12-10T07:17:53.673Z] Error reading actual data: A Modbus Exception Occurred - See Response Body
[2024-12-10T07:17:53.674Z] Error writing to Modbus register: A Modbus Exception Occurred - See Response Body
[2024-12-10T07:17:54.684Z] Error reading or processing Modbus registers: A Modbus Exception Occurred - See Response Body
[2024-12-10T07:17:54.686Z] Error reading register 6507 for IP 10.30.4.128: A Modbus Exception Occurred - See Response Body
[2024-12-10T07:17:54.686Z] Error reading actual data: A Modbus Exception Occurred - See Response Body
[2024-12-10T07:17:54.687Z] Error writing to Modbus register: A Modbus Exception Occurred - See Response Body
[2024-12-10T07:17:55.696Z] Error reading or processing Modbus registers: A Modbus Exception Occurred - See Response Body
[2024-12-10T07:17:55.699Z] Error reading register 6507 for IP 10.30.4.128: A Modbus Exception Occurred - See Response Body
[2024-12-10T07:17:55.700Z] Error reading actual data: A Modbus Exception Occurred - See Response Body
[2024-12-10T07:17:55.700Z] Error writing to Modbus register: A Modbus Exception Occurred - See Response Body
[2024-12-10T07:17:56.710Z] Error reading or processing Modbus registers: A Modbus Exception Occurred - See Response Body
[2024-12-10T07:17:56.713Z] Error reading register 6507 for IP 10.30.4.128: A Modbus Exception Occurred - See Response Body
[2024-12-10T07:17:56.713Z] Error reading actual data: A Modbus Exception Occurred - See Response Body
[2024-12-10T07:17:56.714Z] Error writing to Modbus register: A Modbus Exception Occurred - See Response Body
[2024-12-10T07:17:57.712Z] Error reading or processing Modbus registers: A Modbus Exception Occurred - See Response Body
[2024-12-10T07:17:57.715Z] Error reading register 6507 for IP 10.30.4.128: A Modbus Exception Occurred - See Response Body
[2024-12-10T07:17:57.716Z] Error reading actual data: A Modbus Exception Occurred - See Response Body
[2024-12-10T07:17:57.716Z] Error writing to Modbus register: A Modbus Exception Occurred - See Response Body
[2024-12-10T07:17:58.716Z] Error reading or processing Modbus registers: A Modbus Exception Occurred - See Response Body
[2024-12-10T07:17:58.719Z] Error reading register 6507 for IP 10.30.4.128: A Modbus Exception Occurred - See Response Body
[2024-12-10T07:17:58.720Z] Error reading actual data: A Modbus Exception Occurred - See Response Body
[2024-12-10T07:17:58.720Z] Error writing to Modbus register: A Modbus Exception Occurred - See Response Body
[2024-12-10T07:17:59.717Z] Error reading or processing Modbus registers: A Modbus Exception Occurred - See Response Body
[2024-12-10T07:17:59.720Z] Error reading register 6507 for IP 10.30.4.128: A Modbus Exception Occurred - See Response Body
[2024-12-10T07:17:59.721Z] Error reading actual data: A Modbus Exception Occurred - See Response Body
[2024-12-10T07:17:59.721Z] Error writing to Modbus register: A Modbus Exception Occurred - See Response Body
[2024-12-10T07:18:00.717Z] Error reading or processing Modbus registers: A Modbus Exception Occurred - See Response Body
[2024-12-10T07:18:00.720Z] Error reading register 6507 for IP 10.30.4.128: A Modbus Exception Occurred - See Response Body
[2024-12-10T07:18:00.721Z] Error reading actual data: A Modbus Exception Occurred - See Response Body
[2024-12-10T07:18:00.721Z] Error writing to Modbus register: A Modbus Exception Occurred - See Response Body
[2024-12-10T07:18:01.717Z] Error reading or processing Modbus registers: A Modbus Exception Occurred - See Response Body
[2024-12-10T07:18:01.720Z] Error reading register 6507 for IP 10.30.4.128: A Modbus Exception Occurred - See Response Body
[2024-12-10T07:18:01.721Z] Error reading actual data: A Modbus Exception Occurred - See Response Body
[2024-12-10T07:18:01.721Z] Error writing to Modbus register: A Modbus Exception Occurred - See Response Body
[2024-12-10T07:18:02.728Z] Error reading or processing Modbus registers: A Modbus Exception Occurred - See Response Body
[2024-12-10T07:18:02.730Z] Error reading register 6507 for IP 10.30.4.128: A Modbus Exception Occurred - See Response Body
[2024-12-10T07:18:02.732Z] Error writing to Modbus register: A Modbus Exception Occurred - See Response Body
[2024-12-10T07:18:02.731Z] Error reading actual data: A Modbus Exception Occurred - See Response Body
[2024-12-10T07:18:03.740Z] Error reading or processing Modbus registers: A Modbus Exception Occurred - See Response Body
[2024-12-10T07:18:03.742Z] Error reading register 6507 for IP 10.30.4.128: A Modbus Exception Occurred - See Response Body
[2024-12-10T07:18:03.743Z] Error reading actual data: A Modbus Exception Occurred - See Response Body
[2024-12-10T07:18:03.744Z] Error writing to Modbus register: A Modbus Exception Occurred - See Response Body
[2024-12-10T07:18:04.755Z] Error reading or processing Modbus registers: A Modbus Exception Occurred - See Response Body
[2024-12-10T07:18:04.758Z] Error reading register 6507 for IP 10.30.4.128: A Modbus Exception Occurred - See Response Body
[2024-12-10T07:18:04.758Z] Error reading actual data: A Modbus Exception Occurred - See Response Body
[2024-12-10T07:18:04.759Z] Error writing to Modbus register: A Modbus Exception Occurred - See Response Body
[2024-12-10T07:18:05.755Z] Error reading or processing Modbus registers: A Modbus Exception Occurred - See Response Body
[2024-12-10T07:18:05.757Z] Error reading register 6507 for IP 10.30.4.128: A Modbus Exception Occurred - See Response Body
[2024-12-10T07:18:05.758Z] Error reading actual data: A Modbus Exception Occurred - See Response Body
[2024-12-10T07:18:05.758Z] Error writing to Modbus register: A Modbus Exception Occurred - See Response Body
[2024-12-10T07:18:06.768Z] Error reading or processing Modbus registers: A Modbus Exception Occurred - See Response Body
[2024-12-10T07:18:06.771Z] Error reading register 6507 for IP 10.30.4.128: A Modbus Exception Occurred - See Response Body
[2024-12-10T07:18:06.772Z] Error reading actual data: A Modbus Exception Occurred - See Response Body
[2024-12-10T07:18:06.772Z] Error writing to Modbus register: A Modbus Exception Occurred - See Response Body
[2024-12-10T07:18:07.782Z] Error reading or processing Modbus registers: A Modbus Exception Occurred - See Response Body
[2024-12-10T07:18:07.785Z] Error reading register 6507 for IP 10.30.4.128: A Modbus Exception Occurred - See Response Body
[2024-12-10T07:18:07.786Z] Error reading actual data: A Modbus Exception Occurred - See Response Body
[2024-12-10T07:18:07.787Z] Error writing to Modbus register: A Modbus Exception Occurred - See Response Body
[2024-12-10T07:18:08.783Z] Error reading or processing Modbus registers: A Modbus Exception Occurred - See Response Body
[2024-12-10T07:18:08.785Z] Error reading register 6507 for IP 10.30.4.128: A Modbus Exception Occurred - See Response Body
[2024-12-10T07:18:08.786Z] Error reading actual data: A Modbus Exception Occurred - See Response Body
[2024-12-10T07:18:08.787Z] Error writing to Modbus register: A Modbus Exception Occurred - See Response Body
[2024-12-10T07:18:09.800Z] Error reading or processing Modbus registers: A Modbus Exception Occurred - See Response Body
[2024-12-10T07:18:09.803Z] Error reading register 6507 for IP 10.30.4.128: A Modbus Exception Occurred - See Response Body
[2024-12-10T07:18:09.803Z] Error reading actual data: A Modbus Exception Occurred - See Response Body
[2024-12-10T07:18:09.804Z] Error writing to Modbus register: A Modbus Exception Occurred - See Response Body
[2024-12-10T07:18:10.811Z] Error reading or processing Modbus registers: A Modbus Exception Occurred - See Response Body
[2024-12-10T07:18:10.814Z] Error reading register 6507 for IP 10.30.4.128: A Modbus Exception Occurred - See Response Body
[2024-12-10T07:18:10.815Z] Error reading actual data: A Modbus Exception Occurred - See Response Body
[2024-12-10T07:18:10.815Z] Error writing to Modbus register: A Modbus Exception Occurred - See Response Body
[2024-12-10T07:18:11.826Z] Error reading or processing Modbus registers: A Modbus Exception Occurred - See Response Body
[2024-12-10T07:18:11.829Z] Error reading register 6507 for IP 10.30.4.128: A Modbus Exception Occurred - See Response Body
[2024-12-10T07:18:11.829Z] Error reading actual data: A Modbus Exception Occurred - See Response Body
[2024-12-10T07:18:11.830Z] Error writing to Modbus register: A Modbus Exception Occurred - See Response Body
[2024-12-10T07:18:12.828Z] Error reading or processing Modbus registers: A Modbus Exception Occurred - See Response Body
[2024-12-10T07:18:12.830Z] Error reading register 6507 for IP 10.30.4.128: A Modbus Exception Occurred - See Response Body
[2024-12-10T07:18:12.831Z] Error reading actual data: A Modbus Exception Occurred - See Response Body
[2024-12-10T07:18:12.831Z] Error writing to Modbus register: A Modbus Exception Occurred - See Response Body
[2024-12-10T07:18:13.841Z] Error reading or processing Modbus registers: A Modbus Exception Occurred - See Response Body
[2024-12-10T07:18:13.843Z] Error reading register 6507 for IP 10.30.4.128: A Modbus Exception Occurred - See Response Body
[2024-12-10T07:18:13.844Z] Error reading actual data: A Modbus Exception Occurred - See Response Body
[2024-12-10T07:18:13.845Z] Error writing to Modbus register: A Modbus Exception Occurred - See Response Body
[2024-12-10T07:18:14.842Z] Error reading or processing Modbus registers: A Modbus Exception Occurred - See Response Body
[2024-12-10T07:18:14.844Z] Error reading register 6507 for IP 10.30.4.128: A Modbus Exception Occurred - See Response Body
[2024-12-10T07:18:14.845Z] Error reading actual data: A Modbus Exception Occurred - See Response Body
[2024-12-10T07:18:14.845Z] Error writing to Modbus register: A Modbus Exception Occurred - See Response Body
[2024-12-10T07:18:15.854Z] Error reading or processing Modbus registers: A Modbus Exception Occurred - See Response Body
[2024-12-10T07:18:15.856Z] Error reading register 6507 for IP 10.30.4.128: A Modbus Exception Occurred - See Response Body
[2024-12-10T07:18:15.859Z] Error reading actual data: A Modbus Exception Occurred - See Response Body
[2024-12-10T07:18:15.859Z] Error writing to Modbus register: A Modbus Exception Occurred - See Response Body
[2024-12-10T07:18:16.868Z] Error reading or processing Modbus registers: A Modbus Exception Occurred - See Response Body
[2024-12-10T07:18:16.871Z] Error reading register 6507 for IP 10.30.4.128: A Modbus Exception Occurred - See Response Body
[2024-12-10T07:18:16.871Z] Error reading actual data: A Modbus Exception Occurred - See Response Body
[2024-12-10T07:18:16.872Z] Error writing to Modbus register: A Modbus Exception Occurred - See Response Body
[2024-12-10T07:18:17.880Z] Error reading or processing Modbus registers: A Modbus Exception Occurred - See Response Body
[2024-12-10T07:18:17.883Z] Error reading register 6507 for IP 10.30.4.128: A Modbus Exception Occurred - See Response Body
[2024-12-10T07:18:17.883Z] Error reading actual data: A Modbus Exception Occurred - See Response Body
[2024-12-10T07:18:17.884Z] Error writing to Modbus register: A Modbus Exception Occurred - See Response Body
[2024-12-10T07:18:18.884Z] Error reading or processing Modbus registers: A Modbus Exception Occurred - See Response Body
[2024-12-10T07:18:18.886Z] Error reading register 6507 for IP 10.30.4.128: A Modbus Exception Occurred - See Response Body
[2024-12-10T07:18:18.887Z] Error reading actual data: A Modbus Exception Occurred - See Response Body
[2024-12-10T07:18:18.888Z] Error writing to Modbus register: A Modbus Exception Occurred - See Response Body
[2024-12-10T07:18:19.885Z] Error reading or processing Modbus registers: A Modbus Exception Occurred - See Response Body
[2024-12-10T07:18:19.887Z] Error reading register 6507 for IP 10.30.4.128: A Modbus Exception Occurred - See Response Body
[2024-12-10T07:18:19.888Z] Error reading actual data: A Modbus Exception Occurred - See Response Body
[2024-12-10T07:18:19.889Z] Error writing to Modbus register: A Modbus Exception Occurred - See Response Body
[2024-12-10T07:18:20.900Z] Error reading or processing Modbus registers: A Modbus Exception Occurred - See Response Body
[2024-12-10T07:18:20.902Z] Error reading register 6507 for IP 10.30.4.128: A Modbus Exception Occurred - See Response Body
[2024-12-10T07:18:20.903Z] Error reading actual data: A Modbus Exception Occurred - See Response Body
[2024-12-10T07:18:20.904Z] Error writing to Modbus register: A Modbus Exception Occurred - See Response Body
[2024-12-10T07:18:21.911Z] Error reading or processing Modbus registers: A Modbus Exception Occurred - See Response Body
[2024-12-10T07:18:21.914Z] Error reading register 6507 for IP 10.30.4.128: A Modbus Exception Occurred - See Response Body
[2024-12-10T07:18:21.914Z] Error reading actual data: A Modbus Exception Occurred - See Response Body
[2024-12-10T07:18:21.915Z] Error writing to Modbus register: A Modbus Exception Occurred - See Response Body
[2024-12-10T07:18:22.913Z] Error reading or processing Modbus registers: A Modbus Exception Occurred - See Response Body
[2024-12-10T07:18:22.915Z] Error reading register 6507 for IP 10.30.4.128: A Modbus Exception Occurred - See Response Body
[2024-12-10T07:18:22.916Z] Error reading actual data: A Modbus Exception Occurred - See Response Body
[2024-12-10T07:18:22.917Z] Error writing to Modbus register: A Modbus Exception Occurred - See Response Body
[2024-12-10T07:18:23.924Z] Error reading or processing Modbus registers: A Modbus Exception Occurred - See Response Body
[2024-12-10T07:18:23.927Z] Error reading register 6507 for IP 10.30.4.128: A Modbus Exception Occurred - See Response Body
[2024-12-10T07:18:23.928Z] Error reading actual data: A Modbus Exception Occurred - See Response Body
[2024-12-10T07:18:23.928Z] Error writing to Modbus register: A Modbus Exception Occurred - See Response Body
[2024-12-10T07:18:24.939Z] Error reading or processing Modbus registers: A Modbus Exception Occurred - See Response Body
[2024-12-10T07:18:24.941Z] Error reading register 6507 for IP 10.30.4.128: A Modbus Exception Occurred - See Response Body
[2024-12-10T07:18:24.942Z] Error reading actual data: A Modbus Exception Occurred - See Response Body
[2024-12-10T07:18:24.943Z] Error writing to Modbus register: A Modbus Exception Occurred - See Response Body
[2024-12-10T07:18:25.952Z] Error reading or processing Modbus registers: A Modbus Exception Occurred - See Response Body
[2024-12-10T07:18:25.954Z] Error reading register 6507 for IP 10.30.4.128: A Modbus Exception Occurred - See Response Body
[2024-12-10T07:18:25.955Z] Error reading actual data: A Modbus Exception Occurred - See Response Body
[2024-12-10T07:18:25.956Z] Error writing to Modbus register: A Modbus Exception Occurred - See Response Body
[2024-12-10T07:18:26.966Z] Error reading or processing Modbus registers: A Modbus Exception Occurred - See Response Body
[2024-12-10T07:18:26.969Z] Error reading register 6507 for IP 10.30.4.128: A Modbus Exception Occurred - See Response Body
[2024-12-10T07:18:26.969Z] Error reading actual data: A Modbus Exception Occurred - See Response Body
[2024-12-10T07:18:26.970Z] Error writing to Modbus register: A Modbus Exception Occurred - See Response Body
[2024-12-10T07:18:27.966Z] Error reading or processing Modbus registers: A Modbus Exception Occurred - See Response Body
[2024-12-10T07:18:27.971Z] Error reading register 6507 for IP 10.30.4.128: A Modbus Exception Occurred - See Response Body
[2024-12-10T07:18:27.972Z] Error reading actual data: A Modbus Exception Occurred - See Response Body
[2024-12-10T07:18:27.973Z] Error writing to Modbus register: A Modbus Exception Occurred - See Response Body
[2024-12-10T07:18:28.982Z] Error reading or processing Modbus registers: A Modbus Exception Occurred - See Response Body
[2024-12-10T07:18:28.985Z] Error reading register 6507 for IP 10.30.4.128: A Modbus Exception Occurred - See Response Body
[2024-12-10T07:18:28.986Z] Error writing to Modbus register: A Modbus Exception Occurred - See Response Body
[2024-12-10T07:18:28.985Z] Error reading actual data: A Modbus Exception Occurred - See Response Body
[2024-12-10T07:18:29.997Z] Error reading or processing Modbus registers: A Modbus Exception Occurred - See Response Body
[2024-12-10T07:18:29.999Z] Error reading register 6507 for IP 10.30.4.128: A Modbus Exception Occurred - See Response Body
[2024-12-10T07:18:30.000Z] Error reading actual data: A Modbus Exception Occurred - See Response Body
[2024-12-10T07:18:30.001Z] Error writing to Modbus register: A Modbus Exception Occurred - See Response Body
[2024-12-10T07:18:31.001Z] Error reading or processing Modbus registers: A Modbus Exception Occurred - See Response Body
[2024-12-10T07:18:31.003Z] Error reading register 6507 for IP 10.30.4.128: A Modbus Exception Occurred - See Response Body
[2024-12-10T07:18:31.004Z] Error reading actual data: A Modbus Exception Occurred - See Response Body
[2024-12-10T07:18:31.004Z] Error writing to Modbus register: A Modbus Exception Occurred - See Response Body
[2024-12-10T07:18:32.004Z] Error reading or processing Modbus registers: A Modbus Exception Occurred - See Response Body
[2024-12-10T07:18:32.006Z] Error reading register 6507 for IP 10.30.4.128: A Modbus Exception Occurred - See Response Body
[2024-12-10T07:18:32.007Z] Error writing to Modbus register: A Modbus Exception Occurred - See Response Body
[2024-12-10T07:18:32.007Z] Error reading actual data: A Modbus Exception Occurred - See Response Body
[2024-12-10T07:18:33.019Z] Error reading or processing Modbus registers: A Modbus Exception Occurred - See Response Body
[2024-12-10T07:18:33.021Z] Error reading register 6507 for IP 10.30.4.128: A Modbus Exception Occurred - See Response Body
[2024-12-10T07:18:33.022Z] Error reading actual data: A Modbus Exception Occurred - See Response Body
[2024-12-10T07:18:33.022Z] Error writing to Modbus register: A Modbus Exception Occurred - See Response Body
[2024-12-10T07:18:34.032Z] Error reading or processing Modbus registers: A Modbus Exception Occurred - See Response Body
[2024-12-10T07:18:34.036Z] Error reading register 6507 for IP 10.30.4.128: A Modbus Exception Occurred - See Response Body
[2024-12-10T07:18:34.037Z] Error reading actual data: A Modbus Exception Occurred - See Response Body
[2024-12-10T07:18:34.038Z] Error writing to Modbus register: A Modbus Exception Occurred - See Response Body
[2024-12-10T07:18:35.045Z] Error reading or processing Modbus registers: A Modbus Exception Occurred - See Response Body
[2024-12-10T07:18:35.047Z] Error reading register 6507 for IP 10.30.4.128: A Modbus Exception Occurred - See Response Body
[2024-12-10T07:18:35.048Z] Error reading actual data: A Modbus Exception Occurred - See Response Body
[2024-12-10T07:18:35.049Z] Error writing to Modbus register: A Modbus Exception Occurred - See Response Body
[2024-12-10T07:18:36.061Z] Error reading or processing Modbus registers: A Modbus Exception Occurred - See Response Body
[2024-12-10T07:18:36.063Z] Error reading register 6507 for IP 10.30.4.128: A Modbus Exception Occurred - See Response Body
[2024-12-10T07:18:36.064Z] Error reading actual data: A Modbus Exception Occurred - See Response Body
[2024-12-10T07:18:36.065Z] Error writing to Modbus register: A Modbus Exception Occurred - See Response Body
[2024-12-10T07:18:37.075Z] Error reading or processing Modbus registers: A Modbus Exception Occurred - See Response Body
[2024-12-10T07:18:37.077Z] Error reading register 6507 for IP 10.30.4.128: A Modbus Exception Occurred - See Response Body
[2024-12-10T07:18:37.078Z] Error reading actual data: A Modbus Exception Occurred - See Response Body
[2024-12-10T07:18:37.078Z] Error writing to Modbus register: A Modbus Exception Occurred - See Response Body
[2024-12-10T07:18:38.085Z] Error reading or processing Modbus registers: A Modbus Exception Occurred - See Response Body
[2024-12-10T07:18:38.087Z] Error reading register 6507 for IP 10.30.4.128: A Modbus Exception Occurred - See Response Body
[2024-12-10T07:18:38.088Z] Error reading actual data: A Modbus Exception Occurred - See Response Body
[2024-12-10T07:18:38.089Z] Error writing to Modbus register: A Modbus Exception Occurred - See Response Body
[2024-12-10T07:18:39.100Z] Error reading or processing Modbus registers: A Modbus Exception Occurred - See Response Body
[2024-12-10T07:18:39.102Z] Error reading register 6507 for IP 10.30.4.128: A Modbus Exception Occurred - See Response Body
[2024-12-10T07:18:39.103Z] Error reading actual data: A Modbus Exception Occurred - See Response Body
[2024-12-10T07:18:39.103Z] Error writing to Modbus register: A Modbus Exception Occurred - See Response Body
[2024-12-10T07:18:40.114Z] Error reading or processing Modbus registers: A Modbus Exception Occurred - See Response Body
[2024-12-10T07:18:40.117Z] Error reading register 6507 for IP 10.30.4.128: A Modbus Exception Occurred - See Response Body
[2024-12-10T07:18:40.118Z] Error reading actual data: A Modbus Exception Occurred - See Response Body
[2024-12-10T07:18:40.118Z] Error writing to Modbus register: A Modbus Exception Occurred - See Response Body
[2024-12-10T07:18:41.126Z] Error reading or processing Modbus registers: A Modbus Exception Occurred - See Response Body
[2024-12-10T07:18:41.129Z] Error reading register 6507 for IP 10.30.4.128: A Modbus Exception Occurred - See Response Body
[2024-12-10T07:18:41.130Z] Error reading actual data: A Modbus Exception Occurred - See Response Body
[2024-12-10T07:18:41.130Z] Error writing to Modbus register: A Modbus Exception Occurred - See Response Body
[2024-12-10T07:18:42.126Z] Error reading or processing Modbus registers: A Modbus Exception Occurred - See Response Body
[2024-12-10T07:18:42.129Z] Error reading register 6507 for IP 10.30.4.128: A Modbus Exception Occurred - See Response Body
[2024-12-10T07:18:42.129Z] Error reading actual data: A Modbus Exception Occurred - See Response Body
[2024-12-10T07:18:42.130Z] Error writing to Modbus register: A Modbus Exception Occurred - See Response Body
[2024-12-10T07:18:43.139Z] Error reading or processing Modbus registers: A Modbus Exception Occurred - See Response Body
[2024-12-10T07:18:43.142Z] Error reading register 6507 for IP 10.30.4.128: A Modbus Exception Occurred - See Response Body
[2024-12-10T07:18:43.143Z] Error reading actual data: A Modbus Exception Occurred - See Response Body
[2024-12-10T07:18:43.143Z] Error writing to Modbus register: A Modbus Exception Occurred - See Response Body
[2024-12-10T07:18:44.154Z] Error reading or processing Modbus registers: A Modbus Exception Occurred - See Response Body
[2024-12-10T07:18:44.156Z] Error reading register 6507 for IP 10.30.4.128: A Modbus Exception Occurred - See Response Body
[2024-12-10T07:18:44.157Z] Error reading actual data: A Modbus Exception Occurred - See Response Body
[2024-12-10T07:18:44.158Z] Error writing to Modbus register: A Modbus Exception Occurred - See Response Body
[2024-12-10T07:18:45.155Z] Error reading or processing Modbus registers: A Modbus Exception Occurred - See Response Body
[2024-12-10T07:18:45.158Z] Error reading register 6507 for IP 10.30.4.128: A Modbus Exception Occurred - See Response Body
[2024-12-10T07:18:45.159Z] Error reading actual data: A Modbus Exception Occurred - See Response Body
[2024-12-10T07:18:45.159Z] Error writing to Modbus register: A Modbus Exception Occurred - See Response Body
[2024-12-10T07:18:46.166Z] Error reading or processing Modbus registers: A Modbus Exception Occurred - See Response Body
[2024-12-10T07:18:46.171Z] Error reading register 6507 for IP 10.30.4.128: A Modbus Exception Occurred - See Response Body
[2024-12-10T07:18:46.172Z] Error reading actual data: A Modbus Exception Occurred - See Response Body
[2024-12-10T07:18:46.172Z] Error writing to Modbus register: A Modbus Exception Occurred - See Response Body
[2024-12-10T07:18:47.180Z] Error reading or processing Modbus registers: A Modbus Exception Occurred - See Response Body
[2024-12-10T07:18:47.182Z] Error reading register 6507 for IP 10.30.4.128: A Modbus Exception Occurred - See Response Body
[2024-12-10T07:18:47.183Z] Error reading actual data: A Modbus Exception Occurred - See Response Body
[2024-12-10T07:18:47.183Z] Error writing to Modbus register: A Modbus Exception Occurred - See Response Body
[2024-12-10T07:18:48.191Z] Error reading or processing Modbus registers: A Modbus Exception Occurred - See Response Body
[2024-12-10T07:18:48.193Z] Error reading register 6507 for IP 10.30.4.128: A Modbus Exception Occurred - See Response Body
[2024-12-10T07:18:48.194Z] Error reading actual data: A Modbus Exception Occurred - See Response Body
[2024-12-10T07:18:48.195Z] Error writing to Modbus register: A Modbus Exception Occurred - See Response Body
[2024-12-10T07:18:49.205Z] Error reading or processing Modbus registers: A Modbus Exception Occurred - See Response Body
[2024-12-10T07:18:49.207Z] Error reading register 6507 for IP 10.30.4.128: A Modbus Exception Occurred - See Response Body
[2024-12-10T07:18:49.208Z] Error reading actual data: A Modbus Exception Occurred - See Response Body
[2024-12-10T07:18:49.208Z] Error writing to Modbus register: A Modbus Exception Occurred - See Response Body
[2024-12-10T07:18:50.218Z] Error reading or processing Modbus registers: A Modbus Exception Occurred - See Response Body
[2024-12-10T07:18:50.220Z] Error reading register 6507 for IP 10.30.4.128: A Modbus Exception Occurred - See Response Body
[2024-12-10T07:18:50.221Z] Error reading actual data: A Modbus Exception Occurred - See Response Body
[2024-12-10T07:18:50.221Z] Error writing to Modbus register: A Modbus Exception Occurred - See Response Body
[2024-12-10T07:18:51.219Z] Error reading or processing Modbus registers: A Modbus Exception Occurred - See Response Body
[2024-12-10T07:18:51.221Z] Error reading register 6507 for IP 10.30.4.128: A Modbus Exception Occurred - See Response Body
[2024-12-10T07:18:51.222Z] Error reading actual data: A Modbus Exception Occurred - See Response Body
[2024-12-10T07:18:51.223Z] Error writing to Modbus register: A Modbus Exception Occurred - See Response Body
[2024-12-10T07:18:52.223Z] Error reading or processing Modbus registers: A Modbus Exception Occurred - See Response Body
[2024-12-10T07:18:52.226Z] Error reading register 6507 for IP 10.30.4.128: A Modbus Exception Occurred - See Response Body
[2024-12-10T07:18:52.226Z] Error reading actual data: A Modbus Exception Occurred - See Response Body
[2024-12-10T07:18:52.227Z] Error writing to Modbus register: A Modbus Exception Occurred - See Response Body
[2024-12-10T07:18:53.233Z] Error reading or processing Modbus registers: A Modbus Exception Occurred - See Response Body
[2024-12-10T07:18:53.235Z] Error reading register 6507 for IP 10.30.4.128: A Modbus Exception Occurred - See Response Body
[2024-12-10T07:18:53.236Z] Error reading actual data: A Modbus Exception Occurred - See Response Body
[2024-12-10T07:18:53.237Z] Error writing to Modbus register: A Modbus Exception Occurred - See Response Body
[2024-12-10T07:18:54.248Z] Error reading or processing Modbus registers: A Modbus Exception Occurred - See Response Body
[2024-12-10T07:18:54.251Z] Error reading register 6507 for IP 10.30.4.128: A Modbus Exception Occurred - See Response Body
[2024-12-10T07:18:54.251Z] Error reading actual data: A Modbus Exception Occurred - See Response Body
[2024-12-10T07:18:54.252Z] Error writing to Modbus register: A Modbus Exception Occurred - See Response Body
[2024-12-10T07:18:55.260Z] Error reading or processing Modbus registers: A Modbus Exception Occurred - See Response Body
[2024-12-10T07:18:55.263Z] Error reading register 6507 for IP 10.30.4.128: A Modbus Exception Occurred - See Response Body
[2024-12-10T07:18:55.264Z] Error reading actual data: A Modbus Exception Occurred - See Response Body
[2024-12-10T07:18:55.264Z] Error writing to Modbus register: A Modbus Exception Occurred - See Response Body
[2024-12-10T07:18:56.272Z] Error reading or processing Modbus registers: A Modbus Exception Occurred - See Response Body
[2024-12-10T07:18:56.275Z] Error reading register 6507 for IP 10.30.4.128: A Modbus Exception Occurred - See Response Body
[2024-12-10T07:18:56.276Z] Error reading actual data: A Modbus Exception Occurred - See Response Body
[2024-12-10T07:18:56.276Z] Error writing to Modbus register: A Modbus Exception Occurred - See Response Body
[2024-12-10T07:18:57.286Z] Error reading or processing Modbus registers: A Modbus Exception Occurred - See Response Body
[2024-12-10T07:18:57.289Z] Error reading register 6507 for IP 10.30.4.128: A Modbus Exception Occurred - See Response Body
[2024-12-10T07:18:57.289Z] Error reading actual data: A Modbus Exception Occurred - See Response Body
[2024-12-10T07:18:57.290Z] Error writing to Modbus register: A Modbus Exception Occurred - See Response Body
[2024-12-10T07:18:58.300Z] Error reading or processing Modbus registers: A Modbus Exception Occurred - See Response Body
[2024-12-10T07:18:58.302Z] Error reading register 6507 for IP 10.30.4.128: A Modbus Exception Occurred - See Response Body
[2024-12-10T07:18:58.303Z] Error reading actual data: A Modbus Exception Occurred - See Response Body
[2024-12-10T07:18:58.304Z] Error writing to Modbus register: A Modbus Exception Occurred - See Response Body
[2024-12-10T07:18:59.313Z] Error reading or processing Modbus registers: A Modbus Exception Occurred - See Response Body
[2024-12-10T07:18:59.315Z] Error reading register 6507 for IP 10.30.4.128: A Modbus Exception Occurred - See Response Body
[2024-12-10T07:18:59.316Z] Error reading actual data: A Modbus Exception Occurred - See Response Body
[2024-12-10T07:18:59.317Z] Error writing to Modbus register: A Modbus Exception Occurred - See Response Body
[2024-12-10T07:19:00.329Z] Error reading or processing Modbus registers: A Modbus Exception Occurred - See Response Body
[2024-12-10T07:19:00.331Z] Error reading register 6507 for IP 10.30.4.128: A Modbus Exception Occurred - See Response Body
[2024-12-10T07:19:00.332Z] Error reading actual data: A Modbus Exception Occurred - See Response Body
[2024-12-10T07:19:00.333Z] Error writing to Modbus register: A Modbus Exception Occurred - See Response Body
[2024-12-10T07:19:01.343Z] Error reading or processing Modbus registers: A Modbus Exception Occurred - See Response Body
[2024-12-10T07:19:01.345Z] Error reading register 6507 for IP 10.30.4.128: A Modbus Exception Occurred - See Response Body
[2024-12-10T07:19:01.346Z] Error reading actual data: A Modbus Exception Occurred - See Response Body
[2024-12-10T07:19:01.347Z] Error writing to Modbus register: A Modbus Exception Occurred - See Response Body
[2024-12-10T07:19:02.353Z] Error reading or processing Modbus registers: A Modbus Exception Occurred - See Response Body
[2024-12-10T07:19:02.356Z] Error reading register 6507 for IP 10.30.4.128: A Modbus Exception Occurred - See Response Body
[2024-12-10T07:19:02.357Z] Error reading actual data: A Modbus Exception Occurred - See Response Body
[2024-12-10T07:19:02.357Z] Error writing to Modbus register: A Modbus Exception Occurred - See Response Body
[2024-12-10T07:19:03.368Z] Error reading or processing Modbus registers: A Modbus Exception Occurred - See Response Body
[2024-12-10T07:19:03.370Z] Error reading register 6507 for IP 10.30.4.128: A Modbus Exception Occurred - See Response Body
[2024-12-10T07:19:03.371Z] Error reading actual data: A Modbus Exception Occurred - See Response Body
[2024-12-10T07:19:03.371Z] Error writing to Modbus register: A Modbus Exception Occurred - See Response Body
[2024-12-10T07:19:04.381Z] Error reading or processing Modbus registers: A Modbus Exception Occurred - See Response Body
[2024-12-10T07:19:04.384Z] Error reading register 6507 for IP 10.30.4.128: A Modbus Exception Occurred - See Response Body
[2024-12-10T07:19:04.385Z] Error reading actual data: A Modbus Exception Occurred - See Response Body
[2024-12-10T07:19:04.385Z] Error writing to Modbus register: A Modbus Exception Occurred - See Response Body
[2024-12-10T07:19:05.392Z] Error reading or processing Modbus registers: A Modbus Exception Occurred - See Response Body
[2024-12-10T07:19:05.395Z] Error reading register 6507 for IP 10.30.4.128: A Modbus Exception Occurred - See Response Body
[2024-12-10T07:19:05.395Z] Error reading actual data: A Modbus Exception Occurred - See Response Body
[2024-12-10T07:19:05.396Z] Error writing to Modbus register: A Modbus Exception Occurred - See Response Body
[2024-12-10T07:19:06.407Z] Error reading or processing Modbus registers: A Modbus Exception Occurred - See Response Body
[2024-12-10T07:19:06.409Z] Error reading register 6507 for IP 10.30.4.128: A Modbus Exception Occurred - See Response Body
[2024-12-10T07:19:06.410Z] Error reading actual data: A Modbus Exception Occurred - See Response Body
[2024-12-10T07:19:06.410Z] Error writing to Modbus register: A Modbus Exception Occurred - See Response Body
[2024-12-10T07:19:07.421Z] Error reading or processing Modbus registers: A Modbus Exception Occurred - See Response Body
[2024-12-10T07:19:07.424Z] Error writing to Modbus register: A Modbus Exception Occurred - See Response Body
[2024-12-10T07:19:07.424Z] Error reading actual data: A Modbus Exception Occurred - See Response Body
[2024-12-10T07:19:07.423Z] Error reading register 6507 for IP 10.30.4.128: A Modbus Exception Occurred - See Response Body
[2024-12-10T07:19:08.435Z] Error reading or processing Modbus registers: A Modbus Exception Occurred - See Response Body
[2024-12-10T07:19:08.437Z] Error reading register 6507 for IP 10.30.4.128: A Modbus Exception Occurred - See Response Body
[2024-12-10T07:19:08.438Z] Error reading actual data: A Modbus Exception Occurred - See Response Body
[2024-12-10T07:19:08.439Z] Error writing to Modbus register: A Modbus Exception Occurred - See Response Body
[2024-12-10T07:19:09.447Z] Error reading or processing Modbus registers: A Modbus Exception Occurred - See Response Body
[2024-12-10T07:19:09.449Z] Error reading register 6507 for IP 10.30.4.128: A Modbus Exception Occurred - See Response Body
[2024-12-10T07:19:09.450Z] Error reading actual data: A Modbus Exception Occurred - See Response Body
[2024-12-10T07:19:09.451Z] Error writing to Modbus register: A Modbus Exception Occurred - See Response Body
[2024-12-10T07:19:10.462Z] Error reading or processing Modbus registers: A Modbus Exception Occurred - See Response Body
[2024-12-10T07:19:10.464Z] Error reading register 6507 for IP 10.30.4.128: A Modbus Exception Occurred - See Response Body
[2024-12-10T07:19:10.465Z] Error reading actual data: A Modbus Exception Occurred - See Response Body
[2024-12-10T07:19:10.466Z] Error writing to Modbus register: A Modbus Exception Occurred - See Response Body
[2024-12-10T07:19:11.477Z] Error reading or processing Modbus registers: A Modbus Exception Occurred - See Response Body
[2024-12-10T07:19:11.479Z] Error reading register 6507 for IP 10.30.4.128: A Modbus Exception Occurred - See Response Body
[2024-12-10T07:19:11.480Z] Error reading actual data: A Modbus Exception Occurred - See Response Body
[2024-12-10T07:19:11.480Z] Error writing to Modbus register: A Modbus Exception Occurred - See Response Body
[2024-12-10T07:19:12.489Z] Error reading or processing Modbus registers: A Modbus Exception Occurred - See Response Body
[2024-12-10T07:19:12.492Z] Error reading register 6507 for IP 10.30.4.128: A Modbus Exception Occurred - See Response Body
[2024-12-10T07:19:12.493Z] Error reading actual data: A Modbus Exception Occurred - See Response Body
[2024-12-10T07:19:12.493Z] Error writing to Modbus register: A Modbus Exception Occurred - See Response Body
[2024-12-10T07:19:13.505Z] Error reading or processing Modbus registers: A Modbus Exception Occurred - See Response Body
[2024-12-10T07:19:13.508Z] Error reading register 6507 for IP 10.30.4.128: A Modbus Exception Occurred - See Response Body
[2024-12-10T07:19:13.508Z] Error reading actual data: A Modbus Exception Occurred - See Response Body
[2024-12-10T07:19:13.509Z] Error writing to Modbus register: A Modbus Exception Occurred - See Response Body
[2024-12-10T07:19:14.516Z] Error reading or processing Modbus registers: A Modbus Exception Occurred - See Response Body
[2024-12-10T07:19:14.518Z] Error reading register 6507 for IP 10.30.4.128: A Modbus Exception Occurred - See Response Body
[2024-12-10T07:19:14.519Z] Error reading actual data: A Modbus Exception Occurred - See Response Body
[2024-12-10T07:19:14.520Z] Error writing to Modbus register: A Modbus Exception Occurred - See Response Body
[2024-12-10T07:19:15.518Z] Error reading or processing Modbus registers: A Modbus Exception Occurred - See Response Body
[2024-12-10T07:19:15.520Z] Error reading register 6507 for IP 10.30.4.128: A Modbus Exception Occurred - See Response Body
[2024-12-10T07:19:15.521Z] Error reading actual data: A Modbus Exception Occurred - See Response Body
[2024-12-10T07:19:15.522Z] Error writing to Modbus register: A Modbus Exception Occurred - See Response Body
[2024-12-10T07:19:16.531Z] Error reading or processing Modbus registers: A Modbus Exception Occurred - See Response Body
[2024-12-10T07:19:16.533Z] Error reading register 6507 for IP 10.30.4.128: A Modbus Exception Occurred - See Response Body
[2024-12-10T07:19:16.534Z] Error reading actual data: A Modbus Exception Occurred - See Response Body
[2024-12-10T07:19:16.535Z] Error writing to Modbus register: A Modbus Exception Occurred - See Response Body
[2024-12-10T07:19:17.546Z] Error reading or processing Modbus registers: A Modbus Exception Occurred - See Response Body
[2024-12-10T07:19:17.548Z] Error reading register 6507 for IP 10.30.4.128: A Modbus Exception Occurred - See Response Body
[2024-12-10T07:19:17.549Z] Error reading actual data: A Modbus Exception Occurred - See Response Body
[2024-12-10T07:19:17.549Z] Error writing to Modbus register: A Modbus Exception Occurred - See Response Body
[2024-12-10T07:19:18.560Z] Error reading or processing Modbus registers: A Modbus Exception Occurred - See Response Body
[2024-12-10T07:19:18.562Z] Error reading register 6507 for IP 10.30.4.128: A Modbus Exception Occurred - See Response Body
[2024-12-10T07:19:18.563Z] Error reading actual data: A Modbus Exception Occurred - See Response Body
[2024-12-10T07:19:18.564Z] Error writing to Modbus register: A Modbus Exception Occurred - See Response Body
[2024-12-10T07:19:19.573Z] Error reading or processing Modbus registers: A Modbus Exception Occurred - See Response Body
[2024-12-10T07:19:19.578Z] Error reading register 6507 for IP 10.30.4.128: A Modbus Exception Occurred - See Response Body
[2024-12-10T07:19:19.579Z] Error reading actual data: A Modbus Exception Occurred - See Response Body
[2024-12-10T07:19:19.580Z] Error writing to Modbus register: A Modbus Exception Occurred - See Response Body
[2024-12-10T07:19:20.576Z] Error reading or processing Modbus registers: A Modbus Exception Occurred - See Response Body
[2024-12-10T07:19:20.578Z] Error reading register 6507 for IP 10.30.4.128: A Modbus Exception Occurred - See Response Body
[2024-12-10T07:19:20.579Z] Error reading actual data: A Modbus Exception Occurred - See Response Body
[2024-12-10T07:19:20.580Z] Error writing to Modbus register: A Modbus Exception Occurred - See Response Body
[2024-12-10T07:19:21.579Z] Error reading or processing Modbus registers: A Modbus Exception Occurred - See Response Body
[2024-12-10T07:19:21.581Z] Error reading register 6507 for IP 10.30.4.128: A Modbus Exception Occurred - See Response Body
[2024-12-10T07:19:21.582Z] Error reading actual data: A Modbus Exception Occurred - See Response Body
[2024-12-10T07:19:21.582Z] Error writing to Modbus register: A Modbus Exception Occurred - See Response Body
[2024-12-10T07:19:22.589Z] Error reading or processing Modbus registers: A Modbus Exception Occurred - See Response Body
[2024-12-10T07:19:22.591Z] Error reading register 6507 for IP 10.30.4.128: A Modbus Exception Occurred - See Response Body
[2024-12-10T07:19:22.592Z] Error reading actual data: A Modbus Exception Occurred - See Response Body
[2024-12-10T07:19:22.593Z] Error writing to Modbus register: A Modbus Exception Occurred - See Response Body
[2024-12-10T07:19:23.601Z] Error reading or processing Modbus registers: A Modbus Exception Occurred - See Response Body
[2024-12-10T07:19:23.603Z] Error reading register 6507 for IP 10.30.4.128: A Modbus Exception Occurred - See Response Body
[2024-12-10T07:19:23.604Z] Error reading actual data: A Modbus Exception Occurred - See Response Body
[2024-12-10T07:19:23.605Z] Error writing to Modbus register: A Modbus Exception Occurred - See Response Body
[2024-12-10T07:19:24.601Z] Error reading or processing Modbus registers: A Modbus Exception Occurred - See Response Body
[2024-12-10T07:19:24.603Z] Error reading register 6507 for IP 10.30.4.128: A Modbus Exception Occurred - See Response Body
[2024-12-10T07:19:24.604Z] Error reading actual data: A Modbus Exception Occurred - See Response Body
[2024-12-10T07:19:24.605Z] Error writing to Modbus register: A Modbus Exception Occurred - See Response Body
[2024-12-10T07:19:25.616Z] Error reading or processing Modbus registers: A Modbus Exception Occurred - See Response Body
[2024-12-10T07:19:25.618Z] Error reading register 6507 for IP 10.30.4.128: A Modbus Exception Occurred - See Response Body
[2024-12-10T07:19:25.618Z] Error reading actual data: A Modbus Exception Occurred - See Response Body
[2024-12-10T07:19:25.619Z] Error writing to Modbus register: A Modbus Exception Occurred - See Response Body
[2024-12-10T07:19:26.627Z] Error reading or processing Modbus registers: A Modbus Exception Occurred - See Response Body
[2024-12-10T07:19:26.630Z] Error reading register 6507 for IP 10.30.4.128: A Modbus Exception Occurred - See Response Body
[2024-12-10T07:19:26.630Z] Error reading actual data: A Modbus Exception Occurred - See Response Body
[2024-12-10T07:19:26.631Z] Error writing to Modbus register: A Modbus Exception Occurred - See Response Body
[2024-12-10T07:19:27.629Z] Error reading or processing Modbus registers: A Modbus Exception Occurred - See Response Body
[2024-12-10T07:19:27.632Z] Error reading register 6507 for IP 10.30.4.128: A Modbus Exception Occurred - See Response Body
[2024-12-10T07:19:27.632Z] Error reading actual data: A Modbus Exception Occurred - See Response Body
[2024-12-10T07:19:27.633Z] Error writing to Modbus register: A Modbus Exception Occurred - See Response Body
[2024-12-10T07:19:28.632Z] Error reading or processing Modbus registers: A Modbus Exception Occurred - See Response Body
[2024-12-10T07:19:28.634Z] Error reading register 6507 for IP 10.30.4.128: A Modbus Exception Occurred - See Response Body
[2024-12-10T07:19:28.635Z] Error reading actual data: A Modbus Exception Occurred - See Response Body
[2024-12-10T07:19:28.635Z] Error writing to Modbus register: A Modbus Exception Occurred - See Response Body
[2024-12-10T07:19:29.635Z] Error reading or processing Modbus registers: A Modbus Exception Occurred - See Response Body
[2024-12-10T07:19:29.637Z] Error reading register 6507 for IP 10.30.4.128: A Modbus Exception Occurred - See Response Body
[2024-12-10T07:19:29.637Z] Error reading actual data: A Modbus Exception Occurred - See Response Body
[2024-12-10T07:19:29.638Z] Error writing to Modbus register: A Modbus Exception Occurred - See Response Body
[2024-12-10T07:19:30.648Z] Error reading or processing Modbus registers: A Modbus Exception Occurred - See Response Body
[2024-12-10T07:19:30.650Z] Error reading register 6507 for IP 10.30.4.128: A Modbus Exception Occurred - See Response Body
[2024-12-10T07:19:30.651Z] Error reading actual data: A Modbus Exception Occurred - See Response Body
[2024-12-10T07:19:30.652Z] Error writing to Modbus register: A Modbus Exception Occurred - See Response Body
[2024-12-10T07:19:31.650Z] Error reading or processing Modbus registers: A Modbus Exception Occurred - See Response Body
[2024-12-10T07:19:31.653Z] Error reading register 6507 for IP 10.30.4.128: A Modbus Exception Occurred - See Response Body
[2024-12-10T07:19:31.653Z] Error reading actual data: A Modbus Exception Occurred - See Response Body
[2024-12-10T07:19:31.654Z] Error writing to Modbus register: A Modbus Exception Occurred - See Response Body
[2024-12-10T07:19:32.663Z] Error reading or processing Modbus registers: A Modbus Exception Occurred - See Response Body
[2024-12-10T07:19:32.665Z] Error reading register 6507 for IP 10.30.4.128: A Modbus Exception Occurred - See Response Body
[2024-12-10T07:19:32.666Z] Error reading actual data: A Modbus Exception Occurred - See Response Body
[2024-12-10T07:19:32.666Z] Error writing to Modbus register: A Modbus Exception Occurred - See Response Body
[2024-12-10T07:19:33.677Z] Error reading or processing Modbus registers: A Modbus Exception Occurred - See Response Body
[2024-12-10T07:19:33.679Z] Error reading register 6507 for IP 10.30.4.128: A Modbus Exception Occurred - See Response Body
[2024-12-10T07:19:33.680Z] Error reading actual data: A Modbus Exception Occurred - See Response Body
[2024-12-10T07:19:33.681Z] Error writing to Modbus register: A Modbus Exception Occurred - See Response Body
[2024-12-10T07:19:34.677Z] Error reading or processing Modbus registers: A Modbus Exception Occurred - See Response Body
[2024-12-10T07:19:34.680Z] Error reading register 6507 for IP 10.30.4.128: A Modbus Exception Occurred - See Response Body
[2024-12-10T07:19:34.680Z] Error reading actual data: A Modbus Exception Occurred - See Response Body
[2024-12-10T07:19:34.681Z] Error writing to Modbus register: A Modbus Exception Occurred - See Response Body
[2024-12-10T07:19:35.689Z] Error reading or processing Modbus registers: A Modbus Exception Occurred - See Response Body
[2024-12-10T07:19:35.691Z] Error reading register 6507 for IP 10.30.4.128: A Modbus Exception Occurred - See Response Body
[2024-12-10T07:19:35.692Z] Error reading actual data: A Modbus Exception Occurred - See Response Body
[2024-12-10T07:19:35.693Z] Error writing to Modbus register: A Modbus Exception Occurred - See Response Body
[2024-12-10T07:19:36.701Z] Error reading or processing Modbus registers: A Modbus Exception Occurred - See Response Body
[2024-12-10T07:19:36.704Z] Error reading register 6507 for IP 10.30.4.128: A Modbus Exception Occurred - See Response Body
[2024-12-10T07:19:36.705Z] Error reading actual data: A Modbus Exception Occurred - See Response Body
[2024-12-10T07:19:36.706Z] Error writing to Modbus register: A Modbus Exception Occurred - See Response Body
[2024-12-10T07:19:37.701Z] Error reading or processing Modbus registers: A Modbus Exception Occurred - See Response Body
[2024-12-10T07:19:37.703Z] Error reading register 6507 for IP 10.30.4.128: A Modbus Exception Occurred - See Response Body
[2024-12-10T07:19:37.704Z] Error reading actual data: A Modbus Exception Occurred - See Response Body
[2024-12-10T07:19:37.705Z] Error writing to Modbus register: A Modbus Exception Occurred - See Response Body
[2024-12-10T07:19:38.702Z] Error reading or processing Modbus registers: A Modbus Exception Occurred - See Response Body
[2024-12-10T07:19:38.705Z] Error reading register 6507 for IP 10.30.4.128: A Modbus Exception Occurred - See Response Body
[2024-12-10T07:19:38.706Z] Error reading actual data: A Modbus Exception Occurred - See Response Body
[2024-12-10T07:19:38.707Z] Error writing to Modbus register: A Modbus Exception Occurred - See Response Body
[2024-12-10T07:19:39.716Z] Error reading or processing Modbus registers: A Modbus Exception Occurred - See Response Body
[2024-12-10T07:19:39.718Z] Error reading register 6507 for IP 10.30.4.128: A Modbus Exception Occurred - See Response Body
[2024-12-10T07:19:39.719Z] Error reading actual data: A Modbus Exception Occurred - See Response Body
[2024-12-10T07:19:39.720Z] Error writing to Modbus register: A Modbus Exception Occurred - See Response Body
[2024-12-10T07:19:40.730Z] Error reading or processing Modbus registers: A Modbus Exception Occurred - See Response Body
[2024-12-10T07:19:40.733Z] Error reading register 6507 for IP 10.30.4.128: A Modbus Exception Occurred - See Response Body
[2024-12-10T07:19:40.733Z] Error reading actual data: A Modbus Exception Occurred - See Response Body
[2024-12-10T07:19:40.734Z] Error writing to Modbus register: A Modbus Exception Occurred - See Response Body
[2024-12-10T07:19:41.743Z] Error reading or processing Modbus registers: A Modbus Exception Occurred - See Response Body
[2024-12-10T07:19:41.746Z] Error reading register 6507 for IP 10.30.4.128: A Modbus Exception Occurred - See Response Body
[2024-12-10T07:19:41.747Z] Error reading actual data: A Modbus Exception Occurred - See Response Body
[2024-12-10T07:19:41.747Z] Error writing to Modbus register: A Modbus Exception Occurred - See Response Body
[2024-12-10T07:19:42.746Z] Error reading or processing Modbus registers: A Modbus Exception Occurred - See Response Body
[2024-12-10T07:19:42.748Z] Error reading register 6507 for IP 10.30.4.128: A Modbus Exception Occurred - See Response Body
[2024-12-10T07:19:42.749Z] Error reading actual data: A Modbus Exception Occurred - See Response Body
[2024-12-10T07:19:42.750Z] Error writing to Modbus register: A Modbus Exception Occurred - See Response Body
[2024-12-10T07:19:43.760Z] Error reading or processing Modbus registers: A Modbus Exception Occurred - See Response Body
[2024-12-10T07:19:43.764Z] Error reading register 6507 for IP 10.30.4.128: A Modbus Exception Occurred - See Response Body
[2024-12-10T07:19:43.765Z] Error reading actual data: A Modbus Exception Occurred - See Response Body
[2024-12-10T07:19:43.766Z] Error writing to Modbus register: A Modbus Exception Occurred - See Response Body
[2024-12-10T07:19:44.762Z] Error reading or processing Modbus registers: A Modbus Exception Occurred - See Response Body
[2024-12-10T07:19:44.764Z] Error reading register 6507 for IP 10.30.4.128: A Modbus Exception Occurred - See Response Body
[2024-12-10T07:19:44.765Z] Error reading actual data: A Modbus Exception Occurred - See Response Body
[2024-12-10T07:19:44.765Z] Error writing to Modbus register: A Modbus Exception Occurred - See Response Body
[2024-12-10T07:19:45.777Z] Error reading or processing Modbus registers: A Modbus Exception Occurred - See Response Body
[2024-12-10T07:19:45.779Z] Error reading register 6507 for IP 10.30.4.128: A Modbus Exception Occurred - See Response Body
[2024-12-10T07:19:45.780Z] Error reading actual data: A Modbus Exception Occurred - See Response Body
[2024-12-10T07:19:45.780Z] Error writing to Modbus register: A Modbus Exception Occurred - See Response Body
[2024-12-10T07:19:46.777Z] Error reading or processing Modbus registers: A Modbus Exception Occurred - See Response Body
[2024-12-10T07:19:46.779Z] Error reading register 6507 for IP 10.30.4.128: A Modbus Exception Occurred - See Response Body
[2024-12-10T07:19:46.780Z] Error reading actual data: A Modbus Exception Occurred - See Response Body
[2024-12-10T07:19:46.781Z] Error writing to Modbus register: A Modbus Exception Occurred - See Response Body
[2024-12-10T07:19:47.780Z] Error reading or processing Modbus registers: A Modbus Exception Occurred - See Response Body
[2024-12-10T07:19:47.783Z] Error reading register 6507 for IP 10.30.4.128: A Modbus Exception Occurred - See Response Body
[2024-12-10T07:19:47.784Z] Error reading actual data: A Modbus Exception Occurred - See Response Body
[2024-12-10T07:19:47.784Z] Error writing to Modbus register: A Modbus Exception Occurred - See Response Body
[2024-12-10T07:19:48.792Z] Error reading or processing Modbus registers: A Modbus Exception Occurred - See Response Body
[2024-12-10T07:19:48.795Z] Error reading register 6507 for IP 10.30.4.128: A Modbus Exception Occurred - See Response Body
[2024-12-10T07:19:48.795Z] Error reading actual data: A Modbus Exception Occurred - See Response Body
[2024-12-10T07:19:48.796Z] Error writing to Modbus register: A Modbus Exception Occurred - See Response Body
[2024-12-10T07:19:49.795Z] Error reading or processing Modbus registers: A Modbus Exception Occurred - See Response Body
[2024-12-10T07:19:49.797Z] Error reading register 6507 for IP 10.30.4.128: A Modbus Exception Occurred - See Response Body
[2024-12-10T07:19:49.798Z] Error reading actual data: A Modbus Exception Occurred - See Response Body
[2024-12-10T07:19:49.799Z] Error writing to Modbus register: A Modbus Exception Occurred - See Response Body
[2024-12-10T07:19:50.810Z] Error reading or processing Modbus registers: A Modbus Exception Occurred - See Response Body
[2024-12-10T07:19:50.812Z] Error reading register 6507 for IP 10.30.4.128: A Modbus Exception Occurred - See Response Body
[2024-12-10T07:19:50.813Z] Error reading actual data: A Modbus Exception Occurred - See Response Body
[2024-12-10T07:19:50.813Z] Error writing to Modbus register: A Modbus Exception Occurred - See Response Body
[2024-12-10T07:19:51.809Z] Error reading or processing Modbus registers: A Modbus Exception Occurred - See Response Body
[2024-12-10T07:19:51.812Z] Error reading register 6507 for IP 10.30.4.128: A Modbus Exception Occurred - See Response Body
[2024-12-10T07:19:51.813Z] Error reading actual data: A Modbus Exception Occurred - See Response Body
[2024-12-10T07:19:51.813Z] Error writing to Modbus register: A Modbus Exception Occurred - See Response Body
[2024-12-10T07:19:52.816Z] Error reading or processing Modbus registers: A Modbus Exception Occurred - See Response Body
[2024-12-10T07:19:52.820Z] Error reading register 6507 for IP 10.30.4.128: A Modbus Exception Occurred - See Response Body
[2024-12-10T07:19:52.820Z] Error reading actual data: A Modbus Exception Occurred - See Response Body
[2024-12-10T07:19:52.821Z] Error writing to Modbus register: A Modbus Exception Occurred - See Response Body
[2024-12-10T07:19:53.816Z] Error reading or processing Modbus registers: A Modbus Exception Occurred - See Response Body
[2024-12-10T07:19:53.820Z] Error reading register 6507 for IP 10.30.4.128: A Modbus Exception Occurred - See Response Body
[2024-12-10T07:19:53.820Z] Error reading actual data: A Modbus Exception Occurred - See Response Body
[2024-12-10T07:19:53.821Z] Error writing to Modbus register: A Modbus Exception Occurred - See Response Body
[2024-12-10T07:19:54.828Z] Error reading or processing Modbus registers: A Modbus Exception Occurred - See Response Body
[2024-12-10T07:19:54.830Z] Error reading register 6507 for IP 10.30.4.128: A Modbus Exception Occurred - See Response Body
[2024-12-10T07:19:54.831Z] Error reading actual data: A Modbus Exception Occurred - See Response Body
[2024-12-10T07:19:54.832Z] Error writing to Modbus register: A Modbus Exception Occurred - See Response Body
[2024-12-10T07:19:55.829Z] Error reading or processing Modbus registers: A Modbus Exception Occurred - See Response Body
[2024-12-10T07:19:55.832Z] Error reading register 6507 for IP 10.30.4.128: A Modbus Exception Occurred - See Response Body
[2024-12-10T07:19:55.833Z] Error reading actual data: A Modbus Exception Occurred - See Response Body
[2024-12-10T07:19:55.833Z] Error writing to Modbus register: A Modbus Exception Occurred - See Response Body
[2024-12-10T07:19:56.842Z] Error reading or processing Modbus registers: A Modbus Exception Occurred - See Response Body
[2024-12-10T07:19:56.844Z] Error reading register 6507 for IP 10.30.4.128: A Modbus Exception Occurred - See Response Body
[2024-12-10T07:19:56.845Z] Error reading actual data: A Modbus Exception Occurred - See Response Body
[2024-12-10T07:19:56.846Z] Error writing to Modbus register: A Modbus Exception Occurred - See Response Body
[2024-12-10T07:19:57.855Z] Error reading or processing Modbus registers: A Modbus Exception Occurred - See Response Body
[2024-12-10T07:19:57.857Z] Error reading register 6507 for IP 10.30.4.128: A Modbus Exception Occurred - See Response Body
[2024-12-10T07:19:57.858Z] Error reading actual data: A Modbus Exception Occurred - See Response Body
[2024-12-10T07:19:57.859Z] Error writing to Modbus register: A Modbus Exception Occurred - See Response Body
[2024-12-10T07:19:58.868Z] Error reading or processing Modbus registers: A Modbus Exception Occurred - See Response Body
[2024-12-10T07:19:58.871Z] Error reading register 6507 for IP 10.30.4.128: A Modbus Exception Occurred - See Response Body
[2024-12-10T07:19:58.872Z] Error reading actual data: A Modbus Exception Occurred - See Response Body
[2024-12-10T07:19:58.872Z] Error writing to Modbus register: A Modbus Exception Occurred - See Response Body
[2024-12-10T07:19:59.880Z] Error reading or processing Modbus registers: A Modbus Exception Occurred - See Response Body
[2024-12-10T07:19:59.883Z] Error reading register 6507 for IP 10.30.4.128: A Modbus Exception Occurred - See Response Body
[2024-12-10T07:19:59.883Z] Error reading actual data: A Modbus Exception Occurred - See Response Body
[2024-12-10T07:19:59.884Z] Error writing to Modbus register: A Modbus Exception Occurred - See Response Body
[2024-12-10T07:20:00.892Z] Error reading or processing Modbus registers: A Modbus Exception Occurred - See Response Body
[2024-12-10T07:20:00.895Z] Error reading register 6507 for IP 10.30.4.128: A Modbus Exception Occurred - See Response Body
[2024-12-10T07:20:00.895Z] Error reading actual data: A Modbus Exception Occurred - See Response Body
[2024-12-10T07:20:00.896Z] Error writing to Modbus register: A Modbus Exception Occurred - See Response Body
[2024-12-10T07:20:01.903Z] Error reading or processing Modbus registers: A Modbus Exception Occurred - See Response Body
[2024-12-10T07:20:01.906Z] Error reading register 6507 for IP 10.30.4.128: A Modbus Exception Occurred - See Response Body
[2024-12-10T07:20:01.907Z] Error reading actual data: A Modbus Exception Occurred - See Response Body
[2024-12-10T07:20:01.907Z] Error writing to Modbus register: A Modbus Exception Occurred - See Response Body
[2024-12-10T07:20:02.911Z] Error reading or processing Modbus registers: A Modbus Exception Occurred - See Response Body
[2024-12-10T07:20:02.913Z] Error reading register 6507 for IP 10.30.4.128: A Modbus Exception Occurred - See Response Body
[2024-12-10T07:20:02.914Z] Error reading actual data: A Modbus Exception Occurred - See Response Body
[2024-12-10T07:20:02.915Z] Error writing to Modbus register: A Modbus Exception Occurred - See Response Body
[2024-12-10T07:20:03.924Z] Error reading or processing Modbus registers: A Modbus Exception Occurred - See Response Body
[2024-12-10T07:20:03.926Z] Error reading register 6507 for IP 10.30.4.128: A Modbus Exception Occurred - See Response Body
[2024-12-10T07:20:03.927Z] Error reading actual data: A Modbus Exception Occurred - See Response Body
[2024-12-10T07:20:03.928Z] Error writing to Modbus register: A Modbus Exception Occurred - See Response Body
[2024-12-10T07:20:04.936Z] Error reading or processing Modbus registers: A Modbus Exception Occurred - See Response Body
[2024-12-10T07:20:04.939Z] Error reading register 6507 for IP 10.30.4.128: A Modbus Exception Occurred - See Response Body
[2024-12-10T07:20:04.939Z] Error reading actual data: A Modbus Exception Occurred - See Response Body
[2024-12-10T07:20:04.940Z] Error writing to Modbus register: A Modbus Exception Occurred - See Response Body
[2024-12-10T07:20:05.948Z] Error reading or processing Modbus registers: A Modbus Exception Occurred - See Response Body
[2024-12-10T07:20:05.950Z] Error reading register 6507 for IP 10.30.4.128: A Modbus Exception Occurred - See Response Body
[2024-12-10T07:20:05.950Z] Error reading actual data: A Modbus Exception Occurred - See Response Body
[2024-12-10T07:20:05.951Z] Error writing to Modbus register: A Modbus Exception Occurred - See Response Body
[2024-12-10T07:20:06.956Z] Error reading or processing Modbus registers: A Modbus Exception Occurred - See Response Body
[2024-12-10T07:20:06.958Z] Error reading register 6507 for IP 10.30.4.128: A Modbus Exception Occurred - See Response Body
[2024-12-10T07:20:06.959Z] Error reading actual data: A Modbus Exception Occurred - See Response Body
[2024-12-10T07:20:06.959Z] Error writing to Modbus register: A Modbus Exception Occurred - See Response Body
[2024-12-10T07:20:07.969Z] Error reading or processing Modbus registers: A Modbus Exception Occurred - See Response Body
[2024-12-10T07:20:07.971Z] Error reading register 6507 for IP 10.30.4.128: A Modbus Exception Occurred - See Response Body
[2024-12-10T07:20:07.972Z] Error reading actual data: A Modbus Exception Occurred - See Response Body
[2024-12-10T07:20:07.973Z] Error writing to Modbus register: A Modbus Exception Occurred - See Response Body
[2024-12-10T07:20:08.980Z] Error reading or processing Modbus registers: A Modbus Exception Occurred - See Response Body
[2024-12-10T07:20:08.982Z] Error reading register 6507 for IP 10.30.4.128: A Modbus Exception Occurred - See Response Body
[2024-12-10T07:20:08.983Z] Error reading actual data: A Modbus Exception Occurred - See Response Body
[2024-12-10T07:20:08.983Z] Error writing to Modbus register: A Modbus Exception Occurred - See Response Body
[2024-12-10T07:20:09.993Z] Error reading or processing Modbus registers: A Modbus Exception Occurred - See Response Body
[2024-12-10T07:20:09.995Z] Error reading register 6507 for IP 10.30.4.128: A Modbus Exception Occurred - See Response Body
[2024-12-10T07:20:09.996Z] Error reading actual data: A Modbus Exception Occurred - See Response Body
[2024-12-10T07:20:09.996Z] Error writing to Modbus register: A Modbus Exception Occurred - See Response Body
[2024-12-10T07:20:11.006Z] Error reading or processing Modbus registers: A Modbus Exception Occurred - See Response Body
[2024-12-10T07:20:11.008Z] Error reading register 6507 for IP 10.30.4.128: A Modbus Exception Occurred - See Response Body
[2024-12-10T07:20:11.009Z] Error reading actual data: A Modbus Exception Occurred - See Response Body
[2024-12-10T07:20:11.010Z] Error writing to Modbus register: A Modbus Exception Occurred - See Response Body
[2024-12-10T07:20:12.021Z] Error reading or processing Modbus registers: A Modbus Exception Occurred - See Response Body
[2024-12-10T07:20:12.024Z] Error reading register 6507 for IP 10.30.4.128: A Modbus Exception Occurred - See Response Body
[2024-12-10T07:20:12.025Z] Error reading actual data: A Modbus Exception Occurred - See Response Body
[2024-12-10T07:20:12.025Z] Error writing to Modbus register: A Modbus Exception Occurred - See Response Body
[2024-12-10T07:20:13.031Z] Error reading or processing Modbus registers: A Modbus Exception Occurred - See Response Body
[2024-12-10T07:20:13.034Z] Error reading register 6507 for IP 10.30.4.128: A Modbus Exception Occurred - See Response Body
[2024-12-10T07:20:13.034Z] Error reading actual data: A Modbus Exception Occurred - See Response Body
[2024-12-10T07:20:13.035Z] Error writing to Modbus register: A Modbus Exception Occurred - See Response Body
[2024-12-10T07:20:14.045Z] Error reading or processing Modbus registers: A Modbus Exception Occurred - See Response Body
[2024-12-10T07:20:14.048Z] Error reading register 6507 for IP 10.30.4.128: A Modbus Exception Occurred - See Response Body
[2024-12-10T07:20:14.049Z] Error reading actual data: A Modbus Exception Occurred - See Response Body
[2024-12-10T07:20:14.049Z] Error writing to Modbus register: A Modbus Exception Occurred - See Response Body
[2024-12-10T07:20:15.045Z] Error reading or processing Modbus registers: A Modbus Exception Occurred - See Response Body
[2024-12-10T07:20:15.048Z] Error reading register 6507 for IP 10.30.4.128: A Modbus Exception Occurred - See Response Body
[2024-12-10T07:20:15.049Z] Error reading actual data: A Modbus Exception Occurred - See Response Body
[2024-12-10T07:20:15.050Z] Error writing to Modbus register: A Modbus Exception Occurred - See Response Body
[2024-12-10T07:20:16.058Z] Error reading or processing Modbus registers: A Modbus Exception Occurred - See Response Body
[2024-12-10T07:20:16.061Z] Error reading register 6507 for IP 10.30.4.128: A Modbus Exception Occurred - See Response Body
[2024-12-10T07:20:16.062Z] Error reading actual data: A Modbus Exception Occurred - See Response Body
[2024-12-10T07:20:16.062Z] Error writing to Modbus register: A Modbus Exception Occurred - See Response Body
[2024-12-10T07:20:17.068Z] Error reading or processing Modbus registers: A Modbus Exception Occurred - See Response Body
[2024-12-10T07:20:17.070Z] Error reading register 6507 for IP 10.30.4.128: A Modbus Exception Occurred - See Response Body
[2024-12-10T07:20:17.071Z] Error reading actual data: A Modbus Exception Occurred - See Response Body
[2024-12-10T07:20:17.071Z] Error writing to Modbus register: A Modbus Exception Occurred - See Response Body
[2024-12-10T07:20:18.069Z] Error reading or processing Modbus registers: A Modbus Exception Occurred - See Response Body
[2024-12-10T07:20:18.071Z] Error reading register 6507 for IP 10.30.4.128: A Modbus Exception Occurred - See Response Body
[2024-12-10T07:20:18.072Z] Error reading actual data: A Modbus Exception Occurred - See Response Body
[2024-12-10T07:20:18.072Z] Error writing to Modbus register: A Modbus Exception Occurred - See Response Body
[2024-12-10T07:20:19.080Z] Error reading or processing Modbus registers: A Modbus Exception Occurred - See Response Body
[2024-12-10T07:20:19.083Z] Error reading register 6507 for IP 10.30.4.128: A Modbus Exception Occurred - See Response Body
[2024-12-10T07:20:19.083Z] Error reading actual data: A Modbus Exception Occurred - See Response Body
[2024-12-10T07:20:19.084Z] Error writing to Modbus register: A Modbus Exception Occurred - See Response Body
[2024-12-10T07:20:20.094Z] Error reading or processing Modbus registers: A Modbus Exception Occurred - See Response Body
[2024-12-10T07:20:20.098Z] Error reading register 6507 for IP 10.30.4.128: A Modbus Exception Occurred - See Response Body
[2024-12-10T07:20:20.099Z] Error reading actual data: A Modbus Exception Occurred - See Response Body
[2024-12-10T07:20:20.100Z] Error writing to Modbus register: A Modbus Exception Occurred - See Response Body
[2024-12-10T07:20:21.108Z] Error reading or processing Modbus registers: A Modbus Exception Occurred - See Response Body
[2024-12-10T07:20:21.111Z] Error reading register 6507 for IP 10.30.4.128: A Modbus Exception Occurred - See Response Body
[2024-12-10T07:20:21.112Z] Error reading actual data: A Modbus Exception Occurred - See Response Body
[2024-12-10T07:20:21.113Z] Error writing to Modbus register: A Modbus Exception Occurred - See Response Body
[2024-12-10T07:20:22.121Z] Error reading or processing Modbus registers: A Modbus Exception Occurred - See Response Body
[2024-12-10T07:20:22.126Z] Error reading register 6507 for IP 10.30.4.128: A Modbus Exception Occurred - See Response Body
[2024-12-10T07:20:22.127Z] Error reading actual data: A Modbus Exception Occurred - See Response Body
[2024-12-10T07:20:22.127Z] Error writing to Modbus register: A Modbus Exception Occurred - See Response Body
[2024-12-10T07:20:23.122Z] Error reading or processing Modbus registers: A Modbus Exception Occurred - See Response Body
[2024-12-10T07:20:23.124Z] Error reading register 6507 for IP 10.30.4.128: A Modbus Exception Occurred - See Response Body
[2024-12-10T07:20:23.125Z] Error reading actual data: A Modbus Exception Occurred - See Response Body
[2024-12-10T07:20:23.125Z] Error writing to Modbus register: A Modbus Exception Occurred - See Response Body
[2024-12-10T07:20:24.135Z] Error reading or processing Modbus registers: A Modbus Exception Occurred - See Response Body
[2024-12-10T07:20:24.137Z] Error reading register 6507 for IP 10.30.4.128: A Modbus Exception Occurred - See Response Body
[2024-12-10T07:20:24.138Z] Error reading actual data: A Modbus Exception Occurred - See Response Body
[2024-12-10T07:20:24.139Z] Error writing to Modbus register: A Modbus Exception Occurred - See Response Body
[2024-12-10T07:20:25.135Z] Error reading or processing Modbus registers: A Modbus Exception Occurred - See Response Body
[2024-12-10T07:20:25.137Z] Error reading register 6507 for IP 10.30.4.128: A Modbus Exception Occurred - See Response Body
[2024-12-10T07:20:25.138Z] Error reading actual data: A Modbus Exception Occurred - See Response Body
[2024-12-10T07:20:25.138Z] Error writing to Modbus register: A Modbus Exception Occurred - See Response Body
[2024-12-10T07:20:26.138Z] Error reading or processing Modbus registers: A Modbus Exception Occurred - See Response Body
[2024-12-10T07:20:26.141Z] Error reading register 6507 for IP 10.30.4.128: A Modbus Exception Occurred - See Response Body
[2024-12-10T07:20:26.141Z] Error reading actual data: A Modbus Exception Occurred - See Response Body
[2024-12-10T07:20:26.142Z] Error writing to Modbus register: A Modbus Exception Occurred - See Response Body
[2024-12-10T07:20:27.152Z] Error reading or processing Modbus registers: A Modbus Exception Occurred - See Response Body
[2024-12-10T07:20:27.154Z] Error reading register 6507 for IP 10.30.4.128: A Modbus Exception Occurred - See Response Body
[2024-12-10T07:20:27.155Z] Error reading actual data: A Modbus Exception Occurred - See Response Body
[2024-12-10T07:20:27.155Z] Error writing to Modbus register: A Modbus Exception Occurred - See Response Body
[2024-12-10T07:20:28.164Z] Error reading or processing Modbus registers: A Modbus Exception Occurred - See Response Body
[2024-12-10T07:20:28.167Z] Error reading register 6507 for IP 10.30.4.128: A Modbus Exception Occurred - See Response Body
[2024-12-10T07:20:28.167Z] Error reading actual data: A Modbus Exception Occurred - See Response Body
[2024-12-10T07:20:28.168Z] Error writing to Modbus register: A Modbus Exception Occurred - See Response Body
[2024-12-10T07:20:29.180Z] Error reading or processing Modbus registers: A Modbus Exception Occurred - See Response Body
[2024-12-10T07:20:29.182Z] Error reading register 6507 for IP 10.30.4.128: A Modbus Exception Occurred - See Response Body
[2024-12-10T07:20:29.183Z] Error reading actual data: A Modbus Exception Occurred - See Response Body
[2024-12-10T07:20:29.184Z] Error writing to Modbus register: A Modbus Exception Occurred - See Response Body
[2024-12-10T07:20:30.194Z] Error reading or processing Modbus registers: A Modbus Exception Occurred - See Response Body
[2024-12-10T07:20:30.197Z] Error reading register 6507 for IP 10.30.4.128: A Modbus Exception Occurred - See Response Body
[2024-12-10T07:20:30.197Z] Error reading actual data: A Modbus Exception Occurred - See Response Body
[2024-12-10T07:20:30.198Z] Error writing to Modbus register: A Modbus Exception Occurred - See Response Body
[2024-12-10T07:20:31.209Z] Error reading or processing Modbus registers: A Modbus Exception Occurred - See Response Body
[2024-12-10T07:20:31.212Z] Error reading register 6507 for IP 10.30.4.128: A Modbus Exception Occurred - See Response Body
[2024-12-10T07:20:31.213Z] Error reading actual data: A Modbus Exception Occurred - See Response Body
[2024-12-10T07:20:31.213Z] Error writing to Modbus register: A Modbus Exception Occurred - See Response Body
[2024-12-10T07:20:32.223Z] Error reading or processing Modbus registers: A Modbus Exception Occurred - See Response Body
[2024-12-10T07:20:32.225Z] Error reading register 6507 for IP 10.30.4.128: A Modbus Exception Occurred - See Response Body
[2024-12-10T07:20:32.226Z] Error reading actual data: A Modbus Exception Occurred - See Response Body
[2024-12-10T07:20:32.227Z] Error writing to Modbus register: A Modbus Exception Occurred - See Response Body
[2024-12-10T07:20:33.237Z] Error reading or processing Modbus registers: A Modbus Exception Occurred - See Response Body
[2024-12-10T07:20:33.240Z] Error reading register 6507 for IP 10.30.4.128: A Modbus Exception Occurred - See Response Body
[2024-12-10T07:20:33.241Z] Error reading actual data: A Modbus Exception Occurred - See Response Body
[2024-12-10T07:20:33.241Z] Error writing to Modbus register: A Modbus Exception Occurred - See Response Body
[2024-12-10T07:20:34.241Z] Error reading or processing Modbus registers: A Modbus Exception Occurred - See Response Body
[2024-12-10T07:20:34.243Z] Error reading register 6507 for IP 10.30.4.128: A Modbus Exception Occurred - See Response Body
[2024-12-10T07:20:34.244Z] Error reading actual data: A Modbus Exception Occurred - See Response Body
[2024-12-10T07:20:34.245Z] Error writing to Modbus register: A Modbus Exception Occurred - See Response Body
[2024-12-10T07:20:35.253Z] Error reading or processing Modbus registers: A Modbus Exception Occurred - See Response Body
[2024-12-10T07:20:35.255Z] Error reading register 6507 for IP 10.30.4.128: A Modbus Exception Occurred - See Response Body
[2024-12-10T07:20:35.256Z] Error reading actual data: A Modbus Exception Occurred - See Response Body
[2024-12-10T07:20:35.257Z] Error writing to Modbus register: A Modbus Exception Occurred - See Response Body
[2024-12-10T07:20:36.256Z] Error reading or processing Modbus registers: A Modbus Exception Occurred - See Response Body
[2024-12-10T07:20:36.259Z] Error reading register 6507 for IP 10.30.4.128: A Modbus Exception Occurred - See Response Body
[2024-12-10T07:20:36.259Z] Error reading actual data: A Modbus Exception Occurred - See Response Body
[2024-12-10T07:20:36.260Z] Error writing to Modbus register: A Modbus Exception Occurred - See Response Body
[2024-12-10T07:20:37.258Z] Error reading or processing Modbus registers: A Modbus Exception Occurred - See Response Body
[2024-12-10T07:20:37.260Z] Error reading register 6507 for IP 10.30.4.128: A Modbus Exception Occurred - See Response Body
[2024-12-10T07:20:37.261Z] Error reading actual data: A Modbus Exception Occurred - See Response Body
[2024-12-10T07:20:37.261Z] Error writing to Modbus register: A Modbus Exception Occurred - See Response Body
[2024-12-10T07:20:38.257Z] Error reading or processing Modbus registers: A Modbus Exception Occurred - See Response Body
[2024-12-10T07:20:38.259Z] Error reading register 6507 for IP 10.30.4.128: A Modbus Exception Occurred - See Response Body
[2024-12-10T07:20:38.260Z] Error reading actual data: A Modbus Exception Occurred - See Response Body
[2024-12-10T07:20:38.260Z] Error writing to Modbus register: A Modbus Exception Occurred - See Response Body
[2024-12-10T07:20:39.257Z] Error reading or processing Modbus registers: A Modbus Exception Occurred - See Response Body
[2024-12-10T07:20:39.260Z] Error reading register 6507 for IP 10.30.4.128: A Modbus Exception Occurred - See Response Body
[2024-12-10T07:20:39.261Z] Error reading actual data: A Modbus Exception Occurred - See Response Body
[2024-12-10T07:20:39.261Z] Error writing to Modbus register: A Modbus Exception Occurred - See Response Body
[2024-12-10T07:20:40.268Z] Error reading or processing Modbus registers: A Modbus Exception Occurred - See Response Body
[2024-12-10T07:20:40.270Z] Error reading register 6507 for IP 10.30.4.128: A Modbus Exception Occurred - See Response Body
[2024-12-10T07:20:40.271Z] Error reading actual data: A Modbus Exception Occurred - See Response Body
[2024-12-10T07:20:40.272Z] Error writing to Modbus register: A Modbus Exception Occurred - See Response Body
[2024-12-10T07:20:41.281Z] Error reading or processing Modbus registers: A Modbus Exception Occurred - See Response Body
[2024-12-10T07:20:41.283Z] Error reading register 6507 for IP 10.30.4.128: A Modbus Exception Occurred - See Response Body
[2024-12-10T07:20:41.284Z] Error reading actual data: A Modbus Exception Occurred - See Response Body
[2024-12-10T07:20:41.284Z] Error writing to Modbus register: A Modbus Exception Occurred - See Response Body
[2024-12-10T07:20:42.288Z] Error reading or processing Modbus registers: A Modbus Exception Occurred - See Response Body
[2024-12-10T07:20:42.290Z] Error reading register 6507 for IP 10.30.4.128: A Modbus Exception Occurred - See Response Body
[2024-12-10T07:20:42.290Z] Error reading actual data: A Modbus Exception Occurred - See Response Body
[2024-12-10T07:20:42.291Z] Error writing to Modbus register: A Modbus Exception Occurred - See Response Body
[2024-12-10T07:20:43.302Z] Error reading or processing Modbus registers: A Modbus Exception Occurred - See Response Body
[2024-12-10T07:20:43.305Z] Error reading register 6507 for IP 10.30.4.128: A Modbus Exception Occurred - See Response Body
[2024-12-10T07:20:43.305Z] Error reading actual data: A Modbus Exception Occurred - See Response Body
[2024-12-10T07:20:43.306Z] Error writing to Modbus register: A Modbus Exception Occurred - See Response Body
[2024-12-10T07:20:44.304Z] Error reading or processing Modbus registers: A Modbus Exception Occurred - See Response Body
[2024-12-10T07:20:44.307Z] Error reading register 6507 for IP 10.30.4.128: A Modbus Exception Occurred - See Response Body
[2024-12-10T07:20:44.307Z] Error reading actual data: A Modbus Exception Occurred - See Response Body
[2024-12-10T07:20:44.308Z] Error writing to Modbus register: A Modbus Exception Occurred - See Response Body
[2024-12-10T07:20:45.316Z] Error reading or processing Modbus registers: A Modbus Exception Occurred - See Response Body
[2024-12-10T07:20:45.319Z] Error reading register 6507 for IP 10.30.4.128: A Modbus Exception Occurred - See Response Body
[2024-12-10T07:20:45.320Z] Error reading actual data: A Modbus Exception Occurred - See Response Body
[2024-12-10T07:20:45.320Z] Error writing to Modbus register: A Modbus Exception Occurred - See Response Body
[2024-12-10T07:20:46.318Z] Error reading or processing Modbus registers: A Modbus Exception Occurred - See Response Body
[2024-12-10T07:20:46.321Z] Error reading register 6507 for IP 10.30.4.128: A Modbus Exception Occurred - See Response Body
[2024-12-10T07:20:46.321Z] Error reading actual data: A Modbus Exception Occurred - See Response Body
[2024-12-10T07:20:46.322Z] Error writing to Modbus register: A Modbus Exception Occurred - See Response Body
[2024-12-10T07:20:47.331Z] Error reading or processing Modbus registers: A Modbus Exception Occurred - See Response Body
[2024-12-10T07:20:47.333Z] Error reading register 6507 for IP 10.30.4.128: A Modbus Exception Occurred - See Response Body
[2024-12-10T07:20:47.334Z] Error reading actual data: A Modbus Exception Occurred - See Response Body
[2024-12-10T07:20:47.334Z] Error writing to Modbus register: A Modbus Exception Occurred - See Response Body
[2024-12-10T07:20:48.331Z] Error reading or processing Modbus registers: A Modbus Exception Occurred - See Response Body
[2024-12-10T07:20:48.334Z] Error reading register 6507 for IP 10.30.4.128: A Modbus Exception Occurred - See Response Body
[2024-12-10T07:20:48.334Z] Error reading actual data: A Modbus Exception Occurred - See Response Body
[2024-12-10T07:20:48.335Z] Error writing to Modbus register: A Modbus Exception Occurred - See Response Body
[2024-12-10T07:20:49.342Z] Error reading or processing Modbus registers: A Modbus Exception Occurred - See Response Body
[2024-12-10T07:20:49.346Z] Error reading register 6507 for IP 10.30.4.128: A Modbus Exception Occurred - See Response Body
[2024-12-10T07:20:49.347Z] Error reading actual data: A Modbus Exception Occurred - See Response Body
[2024-12-10T07:20:49.347Z] Error writing to Modbus register: A Modbus Exception Occurred - See Response Body
[2024-12-10T07:20:50.343Z] Error reading or processing Modbus registers: A Modbus Exception Occurred - See Response Body
[2024-12-10T07:20:50.346Z] Error reading register 6507 for IP 10.30.4.128: A Modbus Exception Occurred - See Response Body
[2024-12-10T07:20:50.346Z] Error reading actual data: A Modbus Exception Occurred - See Response Body
[2024-12-10T07:20:50.347Z] Error writing to Modbus register: A Modbus Exception Occurred - See Response Body
[2024-12-10T07:20:51.356Z] Error reading or processing Modbus registers: A Modbus Exception Occurred - See Response Body
[2024-12-10T07:20:51.358Z] Error reading register 6507 for IP 10.30.4.128: A Modbus Exception Occurred - See Response Body
[2024-12-10T07:20:51.359Z] Error reading actual data: A Modbus Exception Occurred - See Response Body
[2024-12-10T07:20:51.359Z] Error writing to Modbus register: A Modbus Exception Occurred - See Response Body
[2024-12-10T07:20:52.357Z] Error reading or processing Modbus registers: A Modbus Exception Occurred - See Response Body
[2024-12-10T07:20:52.359Z] Error reading register 6507 for IP 10.30.4.128: A Modbus Exception Occurred - See Response Body
[2024-12-10T07:20:52.360Z] Error reading actual data: A Modbus Exception Occurred - See Response Body
[2024-12-10T07:20:52.361Z] Error writing to Modbus register: A Modbus Exception Occurred - See Response Body
[2024-12-10T07:20:53.358Z] Error reading or processing Modbus registers: A Modbus Exception Occurred - See Response Body
[2024-12-10T07:20:53.360Z] Error reading register 6507 for IP 10.30.4.128: A Modbus Exception Occurred - See Response Body
[2024-12-10T07:20:53.361Z] Error reading actual data: A Modbus Exception Occurred - See Response Body
[2024-12-10T07:20:53.361Z] Error writing to Modbus register: A Modbus Exception Occurred - See Response Body
[2024-12-10T07:20:54.372Z] Error reading or processing Modbus registers: A Modbus Exception Occurred - See Response Body
[2024-12-10T07:20:54.375Z] Error reading register 6507 for IP 10.30.4.128: A Modbus Exception Occurred - See Response Body
[2024-12-10T07:20:54.376Z] Error reading actual data: A Modbus Exception Occurred - See Response Body
[2024-12-10T07:20:54.376Z] Error writing to Modbus register: A Modbus Exception Occurred - See Response Body
[2024-12-10T07:20:55.385Z] Error reading or processing Modbus registers: A Modbus Exception Occurred - See Response Body
[2024-12-10T07:20:55.387Z] Error reading register 6507 for IP 10.30.4.128: A Modbus Exception Occurred - See Response Body
[2024-12-10T07:20:55.388Z] Error reading actual data: A Modbus Exception Occurred - See Response Body
[2024-12-10T07:20:55.389Z] Error writing to Modbus register: A Modbus Exception Occurred - See Response Body
[2024-12-10T07:20:56.385Z] Error reading or processing Modbus registers: A Modbus Exception Occurred - See Response Body
[2024-12-10T07:20:56.388Z] Error reading register 6507 for IP 10.30.4.128: A Modbus Exception Occurred - See Response Body
[2024-12-10T07:20:56.389Z] Error reading actual data: A Modbus Exception Occurred - See Response Body
[2024-12-10T07:20:56.390Z] Error writing to Modbus register: A Modbus Exception Occurred - See Response Body
[2024-12-10T07:20:57.387Z] Error reading or processing Modbus registers: A Modbus Exception Occurred - See Response Body
[2024-12-10T07:20:57.389Z] Error reading register 6507 for IP 10.30.4.128: A Modbus Exception Occurred - See Response Body
[2024-12-10T07:20:57.389Z] Error reading actual data: A Modbus Exception Occurred - See Response Body
[2024-12-10T07:20:57.390Z] Error writing to Modbus register: A Modbus Exception Occurred - See Response Body
[2024-12-10T07:20:58.388Z] Error reading or processing Modbus registers: A Modbus Exception Occurred - See Response Body
[2024-12-10T07:20:58.391Z] Error reading register 6507 for IP 10.30.4.128: A Modbus Exception Occurred - See Response Body
[2024-12-10T07:20:58.392Z] Error reading actual data: A Modbus Exception Occurred - See Response Body
[2024-12-10T07:20:58.392Z] Error writing to Modbus register: A Modbus Exception Occurred - See Response Body
[2024-12-10T07:20:59.402Z] Error reading or processing Modbus registers: A Modbus Exception Occurred - See Response Body
[2024-12-10T07:20:59.408Z] Error reading register 6507 for IP 10.30.4.128: A Modbus Exception Occurred - See Response Body
[2024-12-10T07:20:59.409Z] Error reading actual data: A Modbus Exception Occurred - See Response Body
[2024-12-10T07:20:59.410Z] Error writing to Modbus register: A Modbus Exception Occurred - See Response Body
[2024-12-10T07:21:00.416Z] Error reading or processing Modbus registers: A Modbus Exception Occurred - See Response Body
[2024-12-10T07:21:00.418Z] Error reading register 6507 for IP 10.30.4.128: A Modbus Exception Occurred - See Response Body
[2024-12-10T07:21:00.418Z] Error reading actual data: A Modbus Exception Occurred - See Response Body
[2024-12-10T07:21:00.419Z] Error writing to Modbus register: A Modbus Exception Occurred - See Response Body
[2024-12-10T07:21:01.417Z] Error reading or processing Modbus registers: A Modbus Exception Occurred - See Response Body
[2024-12-10T07:21:01.419Z] Error reading register 6507 for IP 10.30.4.128: A Modbus Exception Occurred - See Response Body
[2024-12-10T07:21:01.419Z] Error reading actual data: A Modbus Exception Occurred - See Response Body
[2024-12-10T07:21:01.420Z] Error writing to Modbus register: A Modbus Exception Occurred - See Response Body
[2024-12-10T07:21:02.421Z] Error reading or processing Modbus registers: A Modbus Exception Occurred - See Response Body
[2024-12-10T07:21:02.424Z] Error reading register 6507 for IP 10.30.4.128: A Modbus Exception Occurred - See Response Body
[2024-12-10T07:21:02.424Z] Error reading actual data: A Modbus Exception Occurred - See Response Body
[2024-12-10T07:21:02.425Z] Error writing to Modbus register: A Modbus Exception Occurred - See Response Body
[2024-12-10T07:21:03.433Z] Error reading or processing Modbus registers: A Modbus Exception Occurred - See Response Body
[2024-12-10T07:21:03.435Z] Error reading register 6507 for IP 10.30.4.128: A Modbus Exception Occurred - See Response Body
[2024-12-10T07:21:03.436Z] Error reading actual data: A Modbus Exception Occurred - See Response Body
[2024-12-10T07:21:03.437Z] Error writing to Modbus register: A Modbus Exception Occurred - See Response Body
[2024-12-10T07:21:04.434Z] Error reading or processing Modbus registers: A Modbus Exception Occurred - See Response Body
[2024-12-10T07:21:04.436Z] Error reading register 6507 for IP 10.30.4.128: A Modbus Exception Occurred - See Response Body
[2024-12-10T07:21:04.437Z] Error reading actual data: A Modbus Exception Occurred - See Response Body
[2024-12-10T07:21:04.438Z] Error writing to Modbus register: A Modbus Exception Occurred - See Response Body
[2024-12-10T07:21:05.448Z] Error reading or processing Modbus registers: A Modbus Exception Occurred - See Response Body
[2024-12-10T07:21:05.451Z] Error reading register 6507 for IP 10.30.4.128: A Modbus Exception Occurred - See Response Body
[2024-12-10T07:21:05.451Z] Error reading actual data: A Modbus Exception Occurred - See Response Body
[2024-12-10T07:21:05.452Z] Error writing to Modbus register: A Modbus Exception Occurred - See Response Body
[2024-12-10T07:21:06.447Z] Error reading or processing Modbus registers: A Modbus Exception Occurred - See Response Body
[2024-12-10T07:21:06.450Z] Error reading register 6507 for IP 10.30.4.128: A Modbus Exception Occurred - See Response Body
[2024-12-10T07:21:06.450Z] Error reading actual data: A Modbus Exception Occurred - See Response Body
[2024-12-10T07:21:06.451Z] Error writing to Modbus register: A Modbus Exception Occurred - See Response Body
[2024-12-10T07:21:07.462Z] Error reading or processing Modbus registers: A Modbus Exception Occurred - See Response Body
[2024-12-10T07:21:07.464Z] Error reading register 6507 for IP 10.30.4.128: A Modbus Exception Occurred - See Response Body
[2024-12-10T07:21:07.465Z] Error reading actual data: A Modbus Exception Occurred - See Response Body
[2024-12-10T07:21:07.465Z] Error writing to Modbus register: A Modbus Exception Occurred - See Response Body
[2024-12-10T07:21:08.475Z] Error reading or processing Modbus registers: A Modbus Exception Occurred - See Response Body
[2024-12-10T07:21:08.479Z] Error reading register 6507 for IP 10.30.4.128: A Modbus Exception Occurred - See Response Body
[2024-12-10T07:21:08.480Z] Error reading actual data: A Modbus Exception Occurred - See Response Body
[2024-12-10T07:21:08.480Z] Error writing to Modbus register: A Modbus Exception Occurred - See Response Body
[2024-12-10T07:21:09.488Z] Error reading or processing Modbus registers: A Modbus Exception Occurred - See Response Body
[2024-12-10T07:21:09.491Z] Error reading register 6507 for IP 10.30.4.128: A Modbus Exception Occurred - See Response Body
[2024-12-10T07:21:09.491Z] Error reading actual data: A Modbus Exception Occurred - See Response Body
[2024-12-10T07:21:09.492Z] Error writing to Modbus register: A Modbus Exception Occurred - See Response Body
[2024-12-10T07:21:10.491Z] Error reading or processing Modbus registers: A Modbus Exception Occurred - See Response Body
[2024-12-10T07:21:10.494Z] Error reading register 6507 for IP 10.30.4.128: A Modbus Exception Occurred - See Response Body
[2024-12-10T07:21:10.494Z] Error reading actual data: A Modbus Exception Occurred - See Response Body
[2024-12-10T07:21:10.495Z] Error writing to Modbus register: A Modbus Exception Occurred - See Response Body
[2024-12-10T07:21:11.504Z] Error reading or processing Modbus registers: A Modbus Exception Occurred - See Response Body
[2024-12-10T07:21:11.507Z] Error reading register 6507 for IP 10.30.4.128: A Modbus Exception Occurred - See Response Body
[2024-12-10T07:21:11.508Z] Error reading actual data: A Modbus Exception Occurred - See Response Body
[2024-12-10T07:21:11.508Z] Error writing to Modbus register: A Modbus Exception Occurred - See Response Body
[2024-12-10T07:21:12.516Z] Error reading or processing Modbus registers: A Modbus Exception Occurred - See Response Body
[2024-12-10T07:21:12.519Z] Error reading register 6507 for IP 10.30.4.128: A Modbus Exception Occurred - See Response Body
[2024-12-10T07:21:12.519Z] Error reading actual data: A Modbus Exception Occurred - See Response Body
[2024-12-10T07:21:12.520Z] Error writing to Modbus register: A Modbus Exception Occurred - See Response Body
[2024-12-10T07:21:13.530Z] Error reading or processing Modbus registers: A Modbus Exception Occurred - See Response Body
[2024-12-10T07:21:13.533Z] Error reading register 6507 for IP 10.30.4.128: A Modbus Exception Occurred - See Response Body
[2024-12-10T07:21:13.534Z] Error reading actual data: A Modbus Exception Occurred - See Response Body
[2024-12-10T07:21:13.534Z] Error writing to Modbus register: A Modbus Exception Occurred - See Response Body
[2024-12-10T07:21:14.543Z] Error reading or processing Modbus registers: A Modbus Exception Occurred - See Response Body
[2024-12-10T07:21:14.546Z] Error reading register 6507 for IP 10.30.4.128: A Modbus Exception Occurred - See Response Body
[2024-12-10T07:21:14.547Z] Error reading actual data: A Modbus Exception Occurred - See Response Body
[2024-12-10T07:21:14.547Z] Error writing to Modbus register: A Modbus Exception Occurred - See Response Body
[2024-12-10T07:21:15.559Z] Error reading or processing Modbus registers: A Modbus Exception Occurred - See Response Body
[2024-12-10T07:21:15.562Z] Error reading register 6507 for IP 10.30.4.128: A Modbus Exception Occurred - See Response Body
[2024-12-10T07:21:15.562Z] Error reading actual data: A Modbus Exception Occurred - See Response Body
[2024-12-10T07:21:15.563Z] Error writing to Modbus register: A Modbus Exception Occurred - See Response Body
[2024-12-10T07:21:16.572Z] Error reading or processing Modbus registers: A Modbus Exception Occurred - See Response Body
[2024-12-10T07:21:16.574Z] Error reading register 6507 for IP 10.30.4.128: A Modbus Exception Occurred - See Response Body
[2024-12-10T07:21:16.575Z] Error reading actual data: A Modbus Exception Occurred - See Response Body
[2024-12-10T07:21:16.576Z] Error writing to Modbus register: A Modbus Exception Occurred - See Response Body
[2024-12-10T07:21:17.585Z] Error reading or processing Modbus registers: A Modbus Exception Occurred - See Response Body
[2024-12-10T07:21:17.587Z] Error reading register 6507 for IP 10.30.4.128: A Modbus Exception Occurred - See Response Body
[2024-12-10T07:21:17.588Z] Error reading actual data: A Modbus Exception Occurred - See Response Body
[2024-12-10T07:21:17.589Z] Error writing to Modbus register: A Modbus Exception Occurred - See Response Body
[2024-12-10T07:21:18.597Z] Error reading or processing Modbus registers: A Modbus Exception Occurred - See Response Body
[2024-12-10T07:21:18.599Z] Error reading register 6507 for IP 10.30.4.128: A Modbus Exception Occurred - See Response Body
[2024-12-10T07:21:18.600Z] Error reading actual data: A Modbus Exception Occurred - See Response Body
[2024-12-10T07:21:18.601Z] Error writing to Modbus register: A Modbus Exception Occurred - See Response Body
[2024-12-10T07:21:19.599Z] Error reading or processing Modbus registers: A Modbus Exception Occurred - See Response Body
[2024-12-10T07:21:19.601Z] Error reading register 6507 for IP 10.30.4.128: A Modbus Exception Occurred - See Response Body
[2024-12-10T07:21:19.602Z] Error reading actual data: A Modbus Exception Occurred - See Response Body
[2024-12-10T07:21:19.602Z] Error writing to Modbus register: A Modbus Exception Occurred - See Response Body
[2024-12-10T07:21:20.612Z] Error reading or processing Modbus registers: A Modbus Exception Occurred - See Response Body
[2024-12-10T07:21:20.614Z] Error reading register 6507 for IP 10.30.4.128: A Modbus Exception Occurred - See Response Body
[2024-12-10T07:21:20.615Z] Error reading actual data: A Modbus Exception Occurred - See Response Body
[2024-12-10T07:21:20.615Z] Error writing to Modbus register: A Modbus Exception Occurred - See Response Body
[2024-12-10T07:21:21.612Z] Error reading or processing Modbus registers: A Modbus Exception Occurred - See Response Body
[2024-12-10T07:21:21.615Z] Error reading register 6507 for IP 10.30.4.128: A Modbus Exception Occurred - See Response Body
[2024-12-10T07:21:21.615Z] Error reading actual data: A Modbus Exception Occurred - See Response Body
[2024-12-10T07:21:21.616Z] Error writing to Modbus register: A Modbus Exception Occurred - See Response Body
[2024-12-10T07:21:22.613Z] Error reading or processing Modbus registers: A Modbus Exception Occurred - See Response Body
[2024-12-10T07:21:22.616Z] Error reading register 6507 for IP 10.30.4.128: A Modbus Exception Occurred - See Response Body
[2024-12-10T07:21:22.616Z] Error reading actual data: A Modbus Exception Occurred - See Response Body
[2024-12-10T07:21:22.617Z] Error writing to Modbus register: A Modbus Exception Occurred - See Response Body
[2024-12-10T07:21:23.614Z] Error reading or processing Modbus registers: A Modbus Exception Occurred - See Response Body
[2024-12-10T07:21:23.616Z] Error reading register 6507 for IP 10.30.4.128: A Modbus Exception Occurred - See Response Body
[2024-12-10T07:21:23.616Z] Error reading actual data: A Modbus Exception Occurred - See Response Body
[2024-12-10T07:21:23.617Z] Error writing to Modbus register: A Modbus Exception Occurred - See Response Body
[2024-12-10T07:21:24.626Z] Error reading or processing Modbus registers: A Modbus Exception Occurred - See Response Body
[2024-12-10T07:21:24.629Z] Error reading register 6507 for IP 10.30.4.128: A Modbus Exception Occurred - See Response Body
[2024-12-10T07:21:24.629Z] Error reading actual data: A Modbus Exception Occurred - See Response Body
[2024-12-10T07:21:24.630Z] Error writing to Modbus register: A Modbus Exception Occurred - See Response Body
[2024-12-10T07:21:25.627Z] Error reading or processing Modbus registers: A Modbus Exception Occurred - See Response Body
[2024-12-10T07:21:25.629Z] Error reading register 6507 for IP 10.30.4.128: A Modbus Exception Occurred - See Response Body
[2024-12-10T07:21:25.630Z] Error reading actual data: A Modbus Exception Occurred - See Response Body
[2024-12-10T07:21:25.630Z] Error writing to Modbus register: A Modbus Exception Occurred - See Response Body
[2024-12-10T07:21:26.638Z] Error reading or processing Modbus registers: A Modbus Exception Occurred - See Response Body
[2024-12-10T07:21:26.640Z] Error reading register 6507 for IP 10.30.4.128: A Modbus Exception Occurred - See Response Body
[2024-12-10T07:21:26.641Z] Error reading actual data: A Modbus Exception Occurred - See Response Body
[2024-12-10T07:21:26.642Z] Error writing to Modbus register: A Modbus Exception Occurred - See Response Body
[2024-12-10T07:21:27.640Z] Error reading or processing Modbus registers: A Modbus Exception Occurred - See Response Body
[2024-12-10T07:21:27.642Z] Error reading register 6507 for IP 10.30.4.128: A Modbus Exception Occurred - See Response Body
[2024-12-10T07:21:27.643Z] Error reading actual data: A Modbus Exception Occurred - See Response Body
[2024-12-10T07:21:27.643Z] Error writing to Modbus register: A Modbus Exception Occurred - See Response Body
[2024-12-10T07:21:28.654Z] Error reading or processing Modbus registers: A Modbus Exception Occurred - See Response Body
[2024-12-10T07:21:28.657Z] Error reading register 6507 for IP 10.30.4.128: A Modbus Exception Occurred - See Response Body
[2024-12-10T07:21:28.657Z] Error reading actual data: A Modbus Exception Occurred - See Response Body
[2024-12-10T07:21:28.658Z] Error writing to Modbus register: A Modbus Exception Occurred - See Response Body
[2024-12-10T07:21:29.669Z] Error reading or processing Modbus registers: A Modbus Exception Occurred - See Response Body
[2024-12-10T07:21:29.671Z] Error reading register 6507 for IP 10.30.4.128: A Modbus Exception Occurred - See Response Body
[2024-12-10T07:21:29.672Z] Error reading actual data: A Modbus Exception Occurred - See Response Body
[2024-12-10T07:21:29.673Z] Error writing to Modbus register: A Modbus Exception Occurred - See Response Body
[2024-12-10T07:21:30.682Z] Error reading or processing Modbus registers: A Modbus Exception Occurred - See Response Body
[2024-12-10T07:21:30.684Z] Error reading register 6507 for IP 10.30.4.128: A Modbus Exception Occurred - See Response Body
[2024-12-10T07:21:30.686Z] Error reading actual data: A Modbus Exception Occurred - See Response Body
[2024-12-10T07:21:30.686Z] Error writing to Modbus register: A Modbus Exception Occurred - See Response Body
[2024-12-10T07:21:31.696Z] Error reading or processing Modbus registers: A Modbus Exception Occurred - See Response Body
[2024-12-10T07:21:31.698Z] Error reading register 6507 for IP 10.30.4.128: A Modbus Exception Occurred - See Response Body
[2024-12-10T07:21:31.699Z] Error reading actual data: A Modbus Exception Occurred - See Response Body
[2024-12-10T07:21:31.700Z] Error writing to Modbus register: A Modbus Exception Occurred - See Response Body
[2024-12-10T07:21:32.696Z] Error reading or processing Modbus registers: A Modbus Exception Occurred - See Response Body
[2024-12-10T07:21:32.698Z] Error reading register 6507 for IP 10.30.4.128: A Modbus Exception Occurred - See Response Body
[2024-12-10T07:21:32.699Z] Error reading actual data: A Modbus Exception Occurred - See Response Body
[2024-12-10T07:21:32.700Z] Error writing to Modbus register: A Modbus Exception Occurred - See Response Body
[2024-12-10T07:21:33.697Z] Error reading or processing Modbus registers: A Modbus Exception Occurred - See Response Body
[2024-12-10T07:21:33.699Z] Error reading register 6507 for IP 10.30.4.128: A Modbus Exception Occurred - See Response Body
[2024-12-10T07:21:33.700Z] Error reading actual data: A Modbus Exception Occurred - See Response Body
[2024-12-10T07:21:33.700Z] Error writing to Modbus register: A Modbus Exception Occurred - See Response Body
[2024-12-10T07:21:34.709Z] Error reading or processing Modbus registers: A Modbus Exception Occurred - See Response Body
[2024-12-10T07:21:34.711Z] Error reading register 6507 for IP 10.30.4.128: A Modbus Exception Occurred - See Response Body
[2024-12-10T07:21:34.712Z] Error reading actual data: A Modbus Exception Occurred - See Response Body
[2024-12-10T07:21:34.713Z] Error writing to Modbus register: A Modbus Exception Occurred - See Response Body
[2024-12-10T07:21:35.723Z] Error reading or processing Modbus registers: A Modbus Exception Occurred - See Response Body
[2024-12-10T07:21:35.726Z] Error reading register 6507 for IP 10.30.4.128: A Modbus Exception Occurred - See Response Body
[2024-12-10T07:21:35.727Z] Error reading actual data: A Modbus Exception Occurred - See Response Body
[2024-12-10T07:21:35.727Z] Error writing to Modbus register: A Modbus Exception Occurred - See Response Body
[2024-12-10T07:21:36.735Z] Error reading or processing Modbus registers: A Modbus Exception Occurred - See Response Body
[2024-12-10T07:21:36.738Z] Error reading register 6507 for IP 10.30.4.128: A Modbus Exception Occurred - See Response Body
[2024-12-10T07:21:36.739Z] Error reading actual data: A Modbus Exception Occurred - See Response Body
[2024-12-10T07:21:36.739Z] Error writing to Modbus register: A Modbus Exception Occurred - See Response Body
[2024-12-10T07:21:37.736Z] Error reading or processing Modbus registers: A Modbus Exception Occurred - See Response Body
[2024-12-10T07:21:37.738Z] Error reading register 6507 for IP 10.30.4.128: A Modbus Exception Occurred - See Response Body
[2024-12-10T07:21:37.739Z] Error reading actual data: A Modbus Exception Occurred - See Response Body
[2024-12-10T07:21:37.740Z] Error writing to Modbus register: A Modbus Exception Occurred - See Response Body
[2024-12-10T07:21:38.736Z] Error reading or processing Modbus registers: A Modbus Exception Occurred - See Response Body
[2024-12-10T07:21:38.739Z] Error reading register 6507 for IP 10.30.4.128: A Modbus Exception Occurred - See Response Body
[2024-12-10T07:21:38.740Z] Error reading actual data: A Modbus Exception Occurred - See Response Body
[2024-12-10T07:21:38.741Z] Error writing to Modbus register: A Modbus Exception Occurred - See Response Body
[2024-12-10T07:21:39.751Z] Error reading or processing Modbus registers: A Modbus Exception Occurred - See Response Body
[2024-12-10T07:21:39.754Z] Error reading register 6507 for IP 10.30.4.128: A Modbus Exception Occurred - See Response Body
[2024-12-10T07:21:39.755Z] Error reading actual data: A Modbus Exception Occurred - See Response Body
[2024-12-10T07:21:39.755Z] Error writing to Modbus register: A Modbus Exception Occurred - See Response Body
[2024-12-10T07:21:40.766Z] Error reading or processing Modbus registers: A Modbus Exception Occurred - See Response Body
[2024-12-10T07:21:40.768Z] Error reading register 6507 for IP 10.30.4.128: A Modbus Exception Occurred - See Response Body
[2024-12-10T07:21:40.769Z] Error reading actual data: A Modbus Exception Occurred - See Response Body
[2024-12-10T07:21:40.770Z] Error writing to Modbus register: A Modbus Exception Occurred - See Response Body
[2024-12-10T07:21:41.780Z] Error reading or processing Modbus registers: A Modbus Exception Occurred - See Response Body
[2024-12-10T07:21:41.782Z] Error reading register 6507 for IP 10.30.4.128: A Modbus Exception Occurred - See Response Body
[2024-12-10T07:21:41.783Z] Error reading actual data: A Modbus Exception Occurred - See Response Body
[2024-12-10T07:21:41.783Z] Error writing to Modbus register: A Modbus Exception Occurred - See Response Body
[2024-12-10T07:21:42.780Z] Error reading or processing Modbus registers: A Modbus Exception Occurred - See Response Body
[2024-12-10T07:21:42.782Z] Error reading register 6507 for IP 10.30.4.128: A Modbus Exception Occurred - See Response Body
[2024-12-10T07:21:42.783Z] Error reading actual data: A Modbus Exception Occurred - See Response Body
[2024-12-10T07:21:42.784Z] Error writing to Modbus register: A Modbus Exception Occurred - See Response Body
[2024-12-10T07:21:43.794Z] Error reading or processing Modbus registers: A Modbus Exception Occurred - See Response Body
[2024-12-10T07:21:43.799Z] Error reading register 6507 for IP 10.30.4.128: A Modbus Exception Occurred - See Response Body
[2024-12-10T07:21:43.800Z] Error reading actual data: A Modbus Exception Occurred - See Response Body
[2024-12-10T07:21:43.801Z] Error writing to Modbus register: A Modbus Exception Occurred - See Response Body
[2024-12-10T07:21:44.808Z] Error reading or processing Modbus registers: A Modbus Exception Occurred - See Response Body
[2024-12-10T07:21:44.810Z] Error reading register 6507 for IP 10.30.4.128: A Modbus Exception Occurred - See Response Body
[2024-12-10T07:21:44.811Z] Error reading actual data: A Modbus Exception Occurred - See Response Body
[2024-12-10T07:21:44.811Z] Error writing to Modbus register: A Modbus Exception Occurred - See Response Body
[2024-12-10T07:21:45.823Z] Error reading or processing Modbus registers: A Modbus Exception Occurred - See Response Body
[2024-12-10T07:21:45.825Z] Error reading register 6507 for IP 10.30.4.128: A Modbus Exception Occurred - See Response Body
[2024-12-10T07:21:45.826Z] Error reading actual data: A Modbus Exception Occurred - See Response Body
[2024-12-10T07:21:45.827Z] Error writing to Modbus register: A Modbus Exception Occurred - See Response Body
[2024-12-10T07:21:46.835Z] Error reading or processing Modbus registers: A Modbus Exception Occurred - See Response Body
[2024-12-10T07:21:46.837Z] Error reading register 6507 for IP 10.30.4.128: A Modbus Exception Occurred - See Response Body
[2024-12-10T07:21:46.838Z] Error reading actual data: A Modbus Exception Occurred - See Response Body
[2024-12-10T07:21:46.838Z] Error writing to Modbus register: A Modbus Exception Occurred - See Response Body
[2024-12-10T07:21:47.836Z] Error reading or processing Modbus registers: A Modbus Exception Occurred - See Response Body
[2024-12-10T07:21:47.839Z] Error reading register 6507 for IP 10.30.4.128: A Modbus Exception Occurred - See Response Body
[2024-12-10T07:21:47.840Z] Error reading actual data: A Modbus Exception Occurred - See Response Body
[2024-12-10T07:21:47.840Z] Error writing to Modbus register: A Modbus Exception Occurred - See Response Body
[2024-12-10T07:21:48.838Z] Error reading or processing Modbus registers: A Modbus Exception Occurred - See Response Body
[2024-12-10T07:21:48.841Z] Error reading register 6507 for IP 10.30.4.128: A Modbus Exception Occurred - See Response Body
[2024-12-10T07:21:48.841Z] Error reading actual data: A Modbus Exception Occurred - See Response Body
[2024-12-10T07:21:48.842Z] Error writing to Modbus register: A Modbus Exception Occurred - See Response Body
[2024-12-10T07:21:49.841Z] Error reading or processing Modbus registers: A Modbus Exception Occurred - See Response Body
[2024-12-10T07:21:49.843Z] Error reading register 6507 for IP 10.30.4.128: A Modbus Exception Occurred - See Response Body
[2024-12-10T07:21:49.844Z] Error reading actual data: A Modbus Exception Occurred - See Response Body
[2024-12-10T07:21:49.845Z] Error writing to Modbus register: A Modbus Exception Occurred - See Response Body
[2024-12-10T07:21:50.843Z] Error reading or processing Modbus registers: A Modbus Exception Occurred - See Response Body
[2024-12-10T07:21:50.845Z] Error reading register 6507 for IP 10.30.4.128: A Modbus Exception Occurred - See Response Body
[2024-12-10T07:21:50.846Z] Error reading actual data: A Modbus Exception Occurred - See Response Body
[2024-12-10T07:21:50.847Z] Error writing to Modbus register: A Modbus Exception Occurred - See Response Body
[2024-12-10T07:21:51.857Z] Error reading or processing Modbus registers: A Modbus Exception Occurred - See Response Body
[2024-12-10T07:21:51.860Z] Error reading register 6507 for IP 10.30.4.128: A Modbus Exception Occurred - See Response Body
[2024-12-10T07:21:51.860Z] Error reading actual data: A Modbus Exception Occurred - See Response Body
[2024-12-10T07:21:51.861Z] Error writing to Modbus register: A Modbus Exception Occurred - See Response Body
[2024-12-10T07:21:52.872Z] Error reading or processing Modbus registers: A Modbus Exception Occurred - See Response Body
[2024-12-10T07:21:52.874Z] Error reading register 6507 for IP 10.30.4.128: A Modbus Exception Occurred - See Response Body
[2024-12-10T07:21:52.875Z] Error reading actual data: A Modbus Exception Occurred - See Response Body
[2024-12-10T07:21:52.875Z] Error writing to Modbus register: A Modbus Exception Occurred - See Response Body
[2024-12-10T07:21:53.887Z] Error reading or processing Modbus registers: A Modbus Exception Occurred - See Response Body
[2024-12-10T07:21:53.889Z] Error reading register 6507 for IP 10.30.4.128: A Modbus Exception Occurred - See Response Body
[2024-12-10T07:21:53.890Z] Error reading actual data: A Modbus Exception Occurred - See Response Body
[2024-12-10T07:21:53.890Z] Error writing to Modbus register: A Modbus Exception Occurred - See Response Body
[2024-12-10T07:21:54.901Z] Error reading or processing Modbus registers: A Modbus Exception Occurred - See Response Body
[2024-12-10T07:21:54.903Z] Error reading register 6507 for IP 10.30.4.128: A Modbus Exception Occurred - See Response Body
[2024-12-10T07:21:54.904Z] Error reading actual data: A Modbus Exception Occurred - See Response Body
[2024-12-10T07:21:54.905Z] Error writing to Modbus register: A Modbus Exception Occurred - See Response Body
[2024-12-10T07:21:55.914Z] Error reading or processing Modbus registers: A Modbus Exception Occurred - See Response Body
[2024-12-10T07:21:55.916Z] Error reading register 6507 for IP 10.30.4.128: A Modbus Exception Occurred - See Response Body
[2024-12-10T07:21:55.917Z] Error reading actual data: A Modbus Exception Occurred - See Response Body
[2024-12-10T07:21:55.918Z] Error writing to Modbus register: A Modbus Exception Occurred - See Response Body
[2024-12-10T07:21:56.927Z] Error reading or processing Modbus registers: A Modbus Exception Occurred - See Response Body
[2024-12-10T07:21:56.929Z] Error reading register 6507 for IP 10.30.4.128: A Modbus Exception Occurred - See Response Body
[2024-12-10T07:21:56.930Z] Error reading actual data: A Modbus Exception Occurred - See Response Body
[2024-12-10T07:21:56.931Z] Error writing to Modbus register: A Modbus Exception Occurred - See Response Body
[2024-12-10T07:21:57.941Z] Error reading or processing Modbus registers: A Modbus Exception Occurred - See Response Body
[2024-12-10T07:21:57.943Z] Error reading register 6507 for IP 10.30.4.128: A Modbus Exception Occurred - See Response Body
[2024-12-10T07:21:57.944Z] Error reading actual data: A Modbus Exception Occurred - See Response Body
[2024-12-10T07:21:57.945Z] Error writing to Modbus register: A Modbus Exception Occurred - See Response Body
[2024-12-10T07:21:58.945Z] Error reading or processing Modbus registers: A Modbus Exception Occurred - See Response Body
[2024-12-10T07:21:58.947Z] Error reading register 6507 for IP 10.30.4.128: A Modbus Exception Occurred - See Response Body
[2024-12-10T07:21:58.948Z] Error reading actual data: A Modbus Exception Occurred - See Response Body
[2024-12-10T07:21:58.948Z] Error writing to Modbus register: A Modbus Exception Occurred - See Response Body
[2024-12-10T07:21:59.956Z] Error reading or processing Modbus registers: A Modbus Exception Occurred - See Response Body
[2024-12-10T07:21:59.958Z] Error reading register 6507 for IP 10.30.4.128: A Modbus Exception Occurred - See Response Body
[2024-12-10T07:21:59.959Z] Error reading actual data: A Modbus Exception Occurred - See Response Body
[2024-12-10T07:21:59.960Z] Error writing to Modbus register: A Modbus Exception Occurred - See Response Body
[2024-12-10T07:22:00.966Z] Error reading or processing Modbus registers: A Modbus Exception Occurred - See Response Body
[2024-12-10T07:22:00.969Z] Error reading register 6507 for IP 10.30.4.128: A Modbus Exception Occurred - See Response Body
[2024-12-10T07:22:00.969Z] Error reading actual data: A Modbus Exception Occurred - See Response Body
[2024-12-10T07:22:00.970Z] Error writing to Modbus register: A Modbus Exception Occurred - See Response Body
[2024-12-10T07:22:01.981Z] Error reading or processing Modbus registers: A Modbus Exception Occurred - See Response Body
[2024-12-10T07:22:01.984Z] Error reading register 6507 for IP 10.30.4.128: A Modbus Exception Occurred - See Response Body
[2024-12-10T07:22:01.984Z] Error reading actual data: A Modbus Exception Occurred - See Response Body
[2024-12-10T07:22:01.985Z] Error writing to Modbus register: A Modbus Exception Occurred - See Response Body
[2024-12-10T07:22:02.980Z] Error reading or processing Modbus registers: A Modbus Exception Occurred - See Response Body
[2024-12-10T07:22:02.982Z] Error reading register 6507 for IP 10.30.4.128: A Modbus Exception Occurred - See Response Body
[2024-12-10T07:22:02.983Z] Error reading actual data: A Modbus Exception Occurred - See Response Body
[2024-12-10T07:22:02.984Z] Error writing to Modbus register: A Modbus Exception Occurred - See Response Body
[2024-12-10T07:22:03.993Z] Error reading or processing Modbus registers: A Modbus Exception Occurred - See Response Body
[2024-12-10T07:22:03.995Z] Error reading register 6507 for IP 10.30.4.128: A Modbus Exception Occurred - See Response Body
[2024-12-10T07:22:03.996Z] Error reading actual data: A Modbus Exception Occurred - See Response Body
[2024-12-10T07:22:03.997Z] Error writing to Modbus register: A Modbus Exception Occurred - See Response Body
[2024-12-10T07:22:05.006Z] Error reading or processing Modbus registers: A Modbus Exception Occurred - See Response Body
[2024-12-10T07:22:05.009Z] Error reading register 6507 for IP 10.30.4.128: A Modbus Exception Occurred - See Response Body
[2024-12-10T07:22:05.010Z] Error reading actual data: A Modbus Exception Occurred - See Response Body
[2024-12-10T07:22:05.011Z] Error writing to Modbus register: A Modbus Exception Occurred - See Response Body
[2024-12-10T07:22:06.007Z] Error reading or processing Modbus registers: A Modbus Exception Occurred - See Response Body
[2024-12-10T07:22:06.009Z] Error reading register 6507 for IP 10.30.4.128: A Modbus Exception Occurred - See Response Body
[2024-12-10T07:22:06.010Z] Error reading actual data: A Modbus Exception Occurred - See Response Body
[2024-12-10T07:22:06.011Z] Error writing to Modbus register: A Modbus Exception Occurred - See Response Body
[2024-12-10T07:22:07.019Z] Error reading or processing Modbus registers: A Modbus Exception Occurred - See Response Body
[2024-12-10T07:22:07.021Z] Error reading register 6507 for IP 10.30.4.128: A Modbus Exception Occurred - See Response Body
[2024-12-10T07:22:07.022Z] Error reading actual data: A Modbus Exception Occurred - See Response Body
[2024-12-10T07:22:07.022Z] Error writing to Modbus register: A Modbus Exception Occurred - See Response Body
[2024-12-10T07:22:08.018Z] Error reading or processing Modbus registers: A Modbus Exception Occurred - See Response Body
[2024-12-10T07:22:08.020Z] Error reading register 6507 for IP 10.30.4.128: A Modbus Exception Occurred - See Response Body
[2024-12-10T07:22:08.021Z] Error reading actual data: A Modbus Exception Occurred - See Response Body
[2024-12-10T07:22:08.022Z] Error writing to Modbus register: A Modbus Exception Occurred - See Response Body
[2024-12-10T07:22:09.022Z] Error reading or processing Modbus registers: A Modbus Exception Occurred - See Response Body
[2024-12-10T07:22:09.024Z] Error reading register 6507 for IP 10.30.4.128: A Modbus Exception Occurred - See Response Body
[2024-12-10T07:22:09.025Z] Error reading actual data: A Modbus Exception Occurred - See Response Body
[2024-12-10T07:22:09.025Z] Error writing to Modbus register: A Modbus Exception Occurred - See Response Body
[2024-12-10T07:22:10.023Z] Error reading or processing Modbus registers: A Modbus Exception Occurred - See Response Body
[2024-12-10T07:22:10.026Z] Error reading register 6507 for IP 10.30.4.128: A Modbus Exception Occurred - See Response Body
[2024-12-10T07:22:10.027Z] Error reading actual data: A Modbus Exception Occurred - See Response Body
[2024-12-10T07:22:10.028Z] Error writing to Modbus register: A Modbus Exception Occurred - See Response Body
[2024-12-10T07:22:11.028Z] Error reading or processing Modbus registers: A Modbus Exception Occurred - See Response Body
[2024-12-10T07:22:11.031Z] Error reading register 6507 for IP 10.30.4.128: A Modbus Exception Occurred - See Response Body
[2024-12-10T07:22:11.031Z] Error reading actual data: A Modbus Exception Occurred - See Response Body
[2024-12-10T07:22:11.032Z] Error writing to Modbus register: A Modbus Exception Occurred - See Response Body
[2024-12-10T07:22:12.041Z] Error reading or processing Modbus registers: A Modbus Exception Occurred - See Response Body
[2024-12-10T07:22:12.043Z] Error reading register 6507 for IP 10.30.4.128: A Modbus Exception Occurred - See Response Body
[2024-12-10T07:22:12.044Z] Error reading actual data: A Modbus Exception Occurred - See Response Body
[2024-12-10T07:22:12.045Z] Error writing to Modbus register: A Modbus Exception Occurred - See Response Body
[2024-12-10T07:22:13.053Z] Error reading or processing Modbus registers: A Modbus Exception Occurred - See Response Body
[2024-12-10T07:22:13.056Z] Error reading register 6507 for IP 10.30.4.128: A Modbus Exception Occurred - See Response Body
[2024-12-10T07:22:13.056Z] Error reading actual data: A Modbus Exception Occurred - See Response Body
[2024-12-10T07:22:13.057Z] Error writing to Modbus register: A Modbus Exception Occurred - See Response Body
[2024-12-10T07:22:14.068Z] Error reading or processing Modbus registers: A Modbus Exception Occurred - See Response Body
[2024-12-10T07:22:14.071Z] Error reading register 6507 for IP 10.30.4.128: A Modbus Exception Occurred - See Response Body
[2024-12-10T07:22:14.071Z] Error reading actual data: A Modbus Exception Occurred - See Response Body
[2024-12-10T07:22:14.072Z] Error writing to Modbus register: A Modbus Exception Occurred - See Response Body
[2024-12-10T07:22:15.083Z] Error reading or processing Modbus registers: A Modbus Exception Occurred - See Response Body
[2024-12-10T07:22:15.086Z] Error reading register 6507 for IP 10.30.4.128: A Modbus Exception Occurred - See Response Body
[2024-12-10T07:22:15.086Z] Error reading actual data: A Modbus Exception Occurred - See Response Body
[2024-12-10T07:22:15.087Z] Error writing to Modbus register: A Modbus Exception Occurred - See Response Body
[2024-12-10T07:22:16.084Z] Error reading or processing Modbus registers: A Modbus Exception Occurred - See Response Body
[2024-12-10T07:22:16.086Z] Error reading register 6507 for IP 10.30.4.128: A Modbus Exception Occurred - See Response Body
[2024-12-10T07:22:16.086Z] Error reading actual data: A Modbus Exception Occurred - See Response Body
[2024-12-10T07:22:16.087Z] Error writing to Modbus register: A Modbus Exception Occurred - See Response Body
[2024-12-10T07:22:17.097Z] Error reading or processing Modbus registers: A Modbus Exception Occurred - See Response Body
[2024-12-10T07:22:17.099Z] Error reading register 6507 for IP 10.30.4.128: A Modbus Exception Occurred - See Response Body
[2024-12-10T07:22:17.100Z] Error reading actual data: A Modbus Exception Occurred - See Response Body
[2024-12-10T07:22:17.100Z] Error writing to Modbus register: A Modbus Exception Occurred - See Response Body
[2024-12-10T07:22:18.110Z] Error reading or processing Modbus registers: A Modbus Exception Occurred - See Response Body
[2024-12-10T07:22:18.112Z] Error reading register 6507 for IP 10.30.4.128: A Modbus Exception Occurred - See Response Body
[2024-12-10T07:22:18.113Z] Error reading actual data: A Modbus Exception Occurred - See Response Body
[2024-12-10T07:22:18.114Z] Error writing to Modbus register: A Modbus Exception Occurred - See Response Body
[2024-12-10T07:22:19.111Z] Error reading or processing Modbus registers: A Modbus Exception Occurred - See Response Body
[2024-12-10T07:22:19.114Z] Error reading register 6507 for IP 10.30.4.128: A Modbus Exception Occurred - See Response Body
[2024-12-10T07:22:19.114Z] Error reading actual data: A Modbus Exception Occurred - See Response Body
[2024-12-10T07:22:19.115Z] Error writing to Modbus register: A Modbus Exception Occurred - See Response Body
[2024-12-10T07:22:20.124Z] Error reading or processing Modbus registers: A Modbus Exception Occurred - See Response Body
[2024-12-10T07:22:20.127Z] Error reading register 6507 for IP 10.30.4.128: A Modbus Exception Occurred - See Response Body
[2024-12-10T07:22:20.127Z] Error reading actual data: A Modbus Exception Occurred - See Response Body
[2024-12-10T07:22:20.128Z] Error writing to Modbus register: A Modbus Exception Occurred - See Response Body
[2024-12-10T07:22:21.137Z] Error reading or processing Modbus registers: A Modbus Exception Occurred - See Response Body
[2024-12-10T07:22:21.140Z] Error reading register 6507 for IP 10.30.4.128: A Modbus Exception Occurred - See Response Body
[2024-12-10T07:22:21.141Z] Error reading actual data: A Modbus Exception Occurred - See Response Body
[2024-12-10T07:22:21.141Z] Error writing to Modbus register: A Modbus Exception Occurred - See Response Body
[2024-12-10T07:22:22.138Z] Error reading or processing Modbus registers: A Modbus Exception Occurred - See Response Body
[2024-12-10T07:22:22.141Z] Error reading register 6507 for IP 10.30.4.128: A Modbus Exception Occurred - See Response Body
[2024-12-10T07:22:22.141Z] Error reading actual data: A Modbus Exception Occurred - See Response Body
[2024-12-10T07:22:22.142Z] Error writing to Modbus register: A Modbus Exception Occurred - See Response Body
[2024-12-10T07:22:23.151Z] Error reading or processing Modbus registers: A Modbus Exception Occurred - See Response Body
[2024-12-10T07:22:23.154Z] Error reading register 6507 for IP 10.30.4.128: A Modbus Exception Occurred - See Response Body
[2024-12-10T07:22:23.155Z] Error reading actual data: A Modbus Exception Occurred - See Response Body
[2024-12-10T07:22:23.156Z] Error writing to Modbus register: A Modbus Exception Occurred - See Response Body
[2024-12-10T07:22:24.165Z] Error reading or processing Modbus registers: A Modbus Exception Occurred - See Response Body
[2024-12-10T07:22:24.168Z] Error reading register 6507 for IP 10.30.4.128: A Modbus Exception Occurred - See Response Body
[2024-12-10T07:22:24.169Z] Error reading actual data: A Modbus Exception Occurred - See Response Body
[2024-12-10T07:22:24.170Z] Error writing to Modbus register: A Modbus Exception Occurred - See Response Body
[2024-12-10T07:22:25.178Z] Error reading or processing Modbus registers: A Modbus Exception Occurred - See Response Body
[2024-12-10T07:22:25.180Z] Error reading register 6507 for IP 10.30.4.128: A Modbus Exception Occurred - See Response Body
[2024-12-10T07:22:25.181Z] Error reading actual data: A Modbus Exception Occurred - See Response Body
[2024-12-10T07:22:25.182Z] Error writing to Modbus register: A Modbus Exception Occurred - See Response Body
[2024-12-10T07:22:26.187Z] Error reading or processing Modbus registers: A Modbus Exception Occurred - See Response Body
[2024-12-10T07:22:26.189Z] Error reading register 6507 for IP 10.30.4.128: A Modbus Exception Occurred - See Response Body
[2024-12-10T07:22:26.190Z] Error reading actual data: A Modbus Exception Occurred - See Response Body
[2024-12-10T07:22:26.191Z] Error writing to Modbus register: A Modbus Exception Occurred - See Response Body
[2024-12-10T07:22:27.199Z] Error reading or processing Modbus registers: A Modbus Exception Occurred - See Response Body
[2024-12-10T07:22:27.202Z] Error reading register 6507 for IP 10.30.4.128: A Modbus Exception Occurred - See Response Body
[2024-12-10T07:22:27.203Z] Error reading actual data: A Modbus Exception Occurred - See Response Body
[2024-12-10T07:22:27.203Z] Error writing to Modbus register: A Modbus Exception Occurred - See Response Body
[2024-12-10T07:22:28.201Z] Error reading or processing Modbus registers: A Modbus Exception Occurred - See Response Body
[2024-12-10T07:22:28.204Z] Error reading register 6507 for IP 10.30.4.128: A Modbus Exception Occurred - See Response Body
[2024-12-10T07:22:28.204Z] Error reading actual data: A Modbus Exception Occurred - See Response Body
[2024-12-10T07:22:28.205Z] Error writing to Modbus register: A Modbus Exception Occurred - See Response Body
[2024-12-10T07:22:29.214Z] Error reading or processing Modbus registers: A Modbus Exception Occurred - See Response Body
[2024-12-10T07:22:29.217Z] Error reading register 6507 for IP 10.30.4.128: A Modbus Exception Occurred - See Response Body
[2024-12-10T07:22:29.217Z] Error reading actual data: A Modbus Exception Occurred - See Response Body
[2024-12-10T07:22:29.218Z] Error writing to Modbus register: A Modbus Exception Occurred - See Response Body
[2024-12-10T07:22:30.228Z] Error reading or processing Modbus registers: A Modbus Exception Occurred - See Response Body
[2024-12-10T07:22:30.231Z] Error reading register 6507 for IP 10.30.4.128: A Modbus Exception Occurred - See Response Body
[2024-12-10T07:22:30.232Z] Error reading actual data: A Modbus Exception Occurred - See Response Body
[2024-12-10T07:22:30.233Z] Error writing to Modbus register: A Modbus Exception Occurred - See Response Body
[2024-12-10T07:22:31.241Z] Error reading or processing Modbus registers: A Modbus Exception Occurred - See Response Body
[2024-12-10T07:22:31.244Z] Error reading register 6507 for IP 10.30.4.128: A Modbus Exception Occurred - See Response Body
[2024-12-10T07:22:31.244Z] Error reading actual data: A Modbus Exception Occurred - See Response Body
[2024-12-10T07:22:31.245Z] Error writing to Modbus register: A Modbus Exception Occurred - See Response Body
[2024-12-10T07:22:32.245Z] Error reading or processing Modbus registers: A Modbus Exception Occurred - See Response Body
[2024-12-10T07:22:32.248Z] Error reading register 6507 for IP 10.30.4.128: A Modbus Exception Occurred - See Response Body
[2024-12-10T07:22:32.249Z] Error reading actual data: A Modbus Exception Occurred - See Response Body
[2024-12-10T07:22:32.249Z] Error writing to Modbus register: A Modbus Exception Occurred - See Response Body
[2024-12-10T07:22:33.259Z] Error reading or processing Modbus registers: A Modbus Exception Occurred - See Response Body
[2024-12-10T07:22:33.261Z] Error reading register 6507 for IP 10.30.4.128: A Modbus Exception Occurred - See Response Body
[2024-12-10T07:22:33.262Z] Error reading actual data: A Modbus Exception Occurred - See Response Body
[2024-12-10T07:22:33.263Z] Error writing to Modbus register: A Modbus Exception Occurred - See Response Body
[2024-12-10T07:22:34.274Z] Error reading or processing Modbus registers: A Modbus Exception Occurred - See Response Body
[2024-12-10T07:22:34.276Z] Error reading register 6507 for IP 10.30.4.128: A Modbus Exception Occurred - See Response Body
[2024-12-10T07:22:34.277Z] Error reading actual data: A Modbus Exception Occurred - See Response Body
[2024-12-10T07:22:34.277Z] Error writing to Modbus register: A Modbus Exception Occurred - See Response Body
[2024-12-10T07:22:35.287Z] Error reading or processing Modbus registers: A Modbus Exception Occurred - See Response Body
[2024-12-10T07:22:35.291Z] Error reading actual data: A Modbus Exception Occurred - See Response Body
[2024-12-10T07:22:35.291Z] Error writing to Modbus register: A Modbus Exception Occurred - See Response Body
[2024-12-10T07:22:35.290Z] Error reading register 6507 for IP 10.30.4.128: A Modbus Exception Occurred - See Response Body
[2024-12-10T07:22:36.300Z] Error reading or processing Modbus registers: A Modbus Exception Occurred - See Response Body
[2024-12-10T07:22:36.303Z] Error reading register 6507 for IP 10.30.4.128: A Modbus Exception Occurred - See Response Body
[2024-12-10T07:22:36.303Z] Error reading actual data: A Modbus Exception Occurred - See Response Body
[2024-12-10T07:22:36.304Z] Error writing to Modbus register: A Modbus Exception Occurred - See Response Body
[2024-12-10T07:22:37.300Z] Error reading or processing Modbus registers: A Modbus Exception Occurred - See Response Body
[2024-12-10T07:22:37.302Z] Error reading register 6507 for IP 10.30.4.128: A Modbus Exception Occurred - See Response Body
[2024-12-10T07:22:37.303Z] Error reading actual data: A Modbus Exception Occurred - See Response Body
[2024-12-10T07:22:37.303Z] Error writing to Modbus register: A Modbus Exception Occurred - See Response Body
[2024-12-10T07:22:38.300Z] Error reading or processing Modbus registers: A Modbus Exception Occurred - See Response Body
[2024-12-10T07:22:38.303Z] Error reading register 6507 for IP 10.30.4.128: A Modbus Exception Occurred - See Response Body
[2024-12-10T07:22:38.303Z] Error reading actual data: A Modbus Exception Occurred - See Response Body
[2024-12-10T07:22:38.304Z] Error writing to Modbus register: A Modbus Exception Occurred - See Response Body
[2024-12-10T07:22:39.313Z] Error reading or processing Modbus registers: A Modbus Exception Occurred - See Response Body
[2024-12-10T07:22:39.315Z] Error reading register 6507 for IP 10.30.4.128: A Modbus Exception Occurred - See Response Body
[2024-12-10T07:22:39.316Z] Error reading actual data: A Modbus Exception Occurred - See Response Body
[2024-12-10T07:22:39.316Z] Error writing to Modbus register: A Modbus Exception Occurred - See Response Body
[2024-12-10T07:22:40.313Z] Error reading or processing Modbus registers: A Modbus Exception Occurred - See Response Body
[2024-12-10T07:22:40.315Z] Error reading register 6507 for IP 10.30.4.128: A Modbus Exception Occurred - See Response Body
[2024-12-10T07:22:40.316Z] Error reading actual data: A Modbus Exception Occurred - See Response Body
[2024-12-10T07:22:40.316Z] Error writing to Modbus register: A Modbus Exception Occurred - See Response Body
[2024-12-10T07:22:41.326Z] Error reading or processing Modbus registers: A Modbus Exception Occurred - See Response Body
[2024-12-10T07:22:41.330Z] Error reading register 6507 for IP 10.30.4.128: A Modbus Exception Occurred - See Response Body
[2024-12-10T07:22:41.330Z] Error reading actual data: A Modbus Exception Occurred - See Response Body
[2024-12-10T07:22:41.331Z] Error writing to Modbus register: A Modbus Exception Occurred - See Response Body
[2024-12-10T07:22:42.328Z] Error reading or processing Modbus registers: A Modbus Exception Occurred - See Response Body
[2024-12-10T07:22:42.330Z] Error reading register 6507 for IP 10.30.4.128: A Modbus Exception Occurred - See Response Body
[2024-12-10T07:22:42.331Z] Error reading actual data: A Modbus Exception Occurred - See Response Body
[2024-12-10T07:22:42.332Z] Error writing to Modbus register: A Modbus Exception Occurred - See Response Body
[2024-12-10T07:22:43.328Z] Error reading or processing Modbus registers: A Modbus Exception Occurred - See Response Body
[2024-12-10T07:22:43.331Z] Error reading register 6507 for IP 10.30.4.128: A Modbus Exception Occurred - See Response Body
[2024-12-10T07:22:43.332Z] Error reading actual data: A Modbus Exception Occurred - See Response Body
[2024-12-10T07:22:43.332Z] Error writing to Modbus register: A Modbus Exception Occurred - See Response Body
[2024-12-10T07:22:44.333Z] Error reading or processing Modbus registers: A Modbus Exception Occurred - See Response Body
[2024-12-10T07:22:44.335Z] Error reading register 6507 for IP 10.30.4.128: A Modbus Exception Occurred - See Response Body
[2024-12-10T07:22:44.336Z] Error reading actual data: A Modbus Exception Occurred - See Response Body
[2024-12-10T07:22:44.336Z] Error writing to Modbus register: A Modbus Exception Occurred - See Response Body
[2024-12-10T07:22:45.347Z] Error reading or processing Modbus registers: A Modbus Exception Occurred - See Response Body
[2024-12-10T07:22:45.349Z] Error reading register 6507 for IP 10.30.4.128: A Modbus Exception Occurred - See Response Body
[2024-12-10T07:22:45.350Z] Error reading actual data: A Modbus Exception Occurred - See Response Body
[2024-12-10T07:22:45.350Z] Error writing to Modbus register: A Modbus Exception Occurred - See Response Body
[2024-12-10T07:22:46.360Z] Error reading or processing Modbus registers: A Modbus Exception Occurred - See Response Body
[2024-12-10T07:22:46.363Z] Error reading register 6507 for IP 10.30.4.128: A Modbus Exception Occurred - See Response Body
[2024-12-10T07:22:46.364Z] Error reading actual data: A Modbus Exception Occurred - See Response Body
[2024-12-10T07:22:46.364Z] Error writing to Modbus register: A Modbus Exception Occurred - See Response Body
[2024-12-10T07:22:47.373Z] Error reading or processing Modbus registers: A Modbus Exception Occurred - See Response Body
[2024-12-10T07:22:47.376Z] Error reading register 6507 for IP 10.30.4.128: A Modbus Exception Occurred - See Response Body
[2024-12-10T07:22:47.377Z] Error reading actual data: A Modbus Exception Occurred - See Response Body
[2024-12-10T07:22:47.377Z] Error writing to Modbus register: A Modbus Exception Occurred - See Response Body
[2024-12-10T07:22:48.387Z] Error reading or processing Modbus registers: A Modbus Exception Occurred - See Response Body
[2024-12-10T07:22:48.390Z] Error reading register 6507 for IP 10.30.4.128: A Modbus Exception Occurred - See Response Body
[2024-12-10T07:22:48.391Z] Error reading actual data: A Modbus Exception Occurred - See Response Body
[2024-12-10T07:22:48.391Z] Error writing to Modbus register: A Modbus Exception Occurred - See Response Body
[2024-12-10T07:22:49.391Z] Error reading or processing Modbus registers: A Modbus Exception Occurred - See Response Body
[2024-12-10T07:22:49.394Z] Error reading register 6507 for IP 10.30.4.128: A Modbus Exception Occurred - See Response Body
[2024-12-10T07:22:49.395Z] Error reading actual data: A Modbus Exception Occurred - See Response Body
[2024-12-10T07:22:49.396Z] Error writing to Modbus register: A Modbus Exception Occurred - See Response Body
[2024-12-10T07:22:50.394Z] Error reading or processing Modbus registers: A Modbus Exception Occurred - See Response Body
[2024-12-10T07:22:50.396Z] Error reading register 6507 for IP 10.30.4.128: A Modbus Exception Occurred - See Response Body
[2024-12-10T07:22:50.397Z] Error reading actual data: A Modbus Exception Occurred - See Response Body
[2024-12-10T07:22:50.397Z] Error writing to Modbus register: A Modbus Exception Occurred - See Response Body
[2024-12-10T07:22:51.407Z] Error reading or processing Modbus registers: A Modbus Exception Occurred - See Response Body
[2024-12-10T07:22:51.410Z] Error reading register 6507 for IP 10.30.4.128: A Modbus Exception Occurred - See Response Body
[2024-12-10T07:22:51.411Z] Error reading actual data: A Modbus Exception Occurred - See Response Body
[2024-12-10T07:22:51.411Z] Error writing to Modbus register: A Modbus Exception Occurred - See Response Body
[2024-12-10T07:22:52.409Z] Error reading or processing Modbus registers: A Modbus Exception Occurred - See Response Body
[2024-12-10T07:22:52.412Z] Error reading register 6507 for IP 10.30.4.128: A Modbus Exception Occurred - See Response Body
[2024-12-10T07:22:52.412Z] Error reading actual data: A Modbus Exception Occurred - See Response Body
[2024-12-10T07:22:52.413Z] Error writing to Modbus register: A Modbus Exception Occurred - See Response Body
[2024-12-10T07:22:53.421Z] Error reading or processing Modbus registers: A Modbus Exception Occurred - See Response Body
[2024-12-10T07:22:53.424Z] Error reading register 6507 for IP 10.30.4.128: A Modbus Exception Occurred - See Response Body
[2024-12-10T07:22:53.425Z] Error reading actual data: A Modbus Exception Occurred - See Response Body
[2024-12-10T07:22:53.426Z] Error writing to Modbus register: A Modbus Exception Occurred - See Response Body
[2024-12-10T07:22:54.436Z] Error reading or processing Modbus registers: A Modbus Exception Occurred - See Response Body
[2024-12-10T07:22:54.439Z] Error reading register 6507 for IP 10.30.4.128: A Modbus Exception Occurred - See Response Body
[2024-12-10T07:22:54.440Z] Error reading actual data: A Modbus Exception Occurred - See Response Body
[2024-12-10T07:22:54.441Z] Error writing to Modbus register: A Modbus Exception Occurred - See Response Body
[2024-12-10T07:22:55.437Z] Error reading or processing Modbus registers: A Modbus Exception Occurred - See Response Body
[2024-12-10T07:22:55.439Z] Error reading register 6507 for IP 10.30.4.128: A Modbus Exception Occurred - See Response Body
[2024-12-10T07:22:55.440Z] Error reading actual data: A Modbus Exception Occurred - See Response Body
[2024-12-10T07:22:55.440Z] Error writing to Modbus register: A Modbus Exception Occurred - See Response Body
[2024-12-10T07:22:56.437Z] Error reading or processing Modbus registers: A Modbus Exception Occurred - See Response Body
[2024-12-10T07:22:56.442Z] Error reading register 6507 for IP 10.30.4.128: A Modbus Exception Occurred - See Response Body
[2024-12-10T07:22:56.443Z] Error reading actual data: A Modbus Exception Occurred - See Response Body
[2024-12-10T07:22:56.443Z] Error writing to Modbus register: A Modbus Exception Occurred - See Response Body
[2024-12-10T07:22:57.452Z] Error reading or processing Modbus registers: A Modbus Exception Occurred - See Response Body
[2024-12-10T07:22:57.454Z] Error reading register 6507 for IP 10.30.4.128: A Modbus Exception Occurred - See Response Body
[2024-12-10T07:22:57.454Z] Error reading actual data: A Modbus Exception Occurred - See Response Body
[2024-12-10T07:22:57.455Z] Error writing to Modbus register: A Modbus Exception Occurred - See Response Body
[2024-12-10T07:22:58.464Z] Error reading or processing Modbus registers: A Modbus Exception Occurred - See Response Body
[2024-12-10T07:22:58.466Z] Error reading register 6507 for IP 10.30.4.128: A Modbus Exception Occurred - See Response Body
[2024-12-10T07:22:58.467Z] Error reading actual data: A Modbus Exception Occurred - See Response Body
[2024-12-10T07:22:58.467Z] Error writing to Modbus register: A Modbus Exception Occurred - See Response Body
[2024-12-10T07:22:59.467Z] Error reading or processing Modbus registers: A Modbus Exception Occurred - See Response Body
[2024-12-10T07:22:59.470Z] Error reading register 6507 for IP 10.30.4.128: A Modbus Exception Occurred - See Response Body
[2024-12-10T07:22:59.470Z] Error reading actual data: A Modbus Exception Occurred - See Response Body
[2024-12-10T07:22:59.471Z] Error writing to Modbus register: A Modbus Exception Occurred - See Response Body
[2024-12-10T07:23:00.481Z] Error reading or processing Modbus registers: A Modbus Exception Occurred - See Response Body
[2024-12-10T07:23:00.483Z] Error reading register 6507 for IP 10.30.4.128: A Modbus Exception Occurred - See Response Body
[2024-12-10T07:23:00.484Z] Error reading actual data: A Modbus Exception Occurred - See Response Body
[2024-12-10T07:23:00.484Z] Error writing to Modbus register: A Modbus Exception Occurred - See Response Body
[2024-12-10T07:23:01.496Z] Error reading or processing Modbus registers: A Modbus Exception Occurred - See Response Body
[2024-12-10T07:23:01.499Z] Error reading register 6507 for IP 10.30.4.128: A Modbus Exception Occurred - See Response Body
[2024-12-10T07:23:01.499Z] Error reading actual data: A Modbus Exception Occurred - See Response Body
[2024-12-10T07:23:01.500Z] Error writing to Modbus register: A Modbus Exception Occurred - See Response Body
[2024-12-10T07:23:02.510Z] Error reading or processing Modbus registers: A Modbus Exception Occurred - See Response Body
[2024-12-10T07:23:02.512Z] Error reading register 6507 for IP 10.30.4.128: A Modbus Exception Occurred - See Response Body
[2024-12-10T07:23:02.513Z] Error reading actual data: A Modbus Exception Occurred - See Response Body
[2024-12-10T07:23:02.514Z] Error writing to Modbus register: A Modbus Exception Occurred - See Response Body
[2024-12-10T07:23:03.524Z] Error reading or processing Modbus registers: A Modbus Exception Occurred - See Response Body
[2024-12-10T07:23:03.526Z] Error reading register 6507 for IP 10.30.4.128: A Modbus Exception Occurred - See Response Body
[2024-12-10T07:23:03.527Z] Error reading actual data: A Modbus Exception Occurred - See Response Body
[2024-12-10T07:23:03.528Z] Error writing to Modbus register: A Modbus Exception Occurred - See Response Body
[2024-12-10T07:23:04.528Z] Error reading or processing Modbus registers: A Modbus Exception Occurred - See Response Body
[2024-12-10T07:23:04.530Z] Error reading register 6507 for IP 10.30.4.128: A Modbus Exception Occurred - See Response Body
[2024-12-10T07:23:04.531Z] Error reading actual data: A Modbus Exception Occurred - See Response Body
[2024-12-10T07:23:04.532Z] Error writing to Modbus register: A Modbus Exception Occurred - See Response Body
[2024-12-10T07:23:05.528Z] Error reading or processing Modbus registers: A Modbus Exception Occurred - See Response Body
[2024-12-10T07:23:05.531Z] Error reading register 6507 for IP 10.30.4.128: A Modbus Exception Occurred - See Response Body
[2024-12-10T07:23:05.531Z] Error reading actual data: A Modbus Exception Occurred - See Response Body
[2024-12-10T07:23:05.532Z] Error writing to Modbus register: A Modbus Exception Occurred - See Response Body
[2024-12-10T07:23:06.542Z] Error reading or processing Modbus registers: A Modbus Exception Occurred - See Response Body
[2024-12-10T07:23:06.544Z] Error reading register 6507 for IP 10.30.4.128: A Modbus Exception Occurred - See Response Body
[2024-12-10T07:23:06.545Z] Error reading actual data: A Modbus Exception Occurred - See Response Body
[2024-12-10T07:23:06.545Z] Error writing to Modbus register: A Modbus Exception Occurred - See Response Body
[2024-12-10T07:23:07.553Z] Error reading or processing Modbus registers: A Modbus Exception Occurred - See Response Body
[2024-12-10T07:23:07.555Z] Error reading register 6507 for IP 10.30.4.128: A Modbus Exception Occurred - See Response Body
[2024-12-10T07:23:07.556Z] Error reading actual data: A Modbus Exception Occurred - See Response Body
[2024-12-10T07:23:07.557Z] Error writing to Modbus register: A Modbus Exception Occurred - See Response Body
[2024-12-10T07:23:08.555Z] Error reading or processing Modbus registers: A Modbus Exception Occurred - See Response Body
[2024-12-10T07:23:08.558Z] Error reading register 6507 for IP 10.30.4.128: A Modbus Exception Occurred - See Response Body
[2024-12-10T07:23:08.559Z] Error reading actual data: A Modbus Exception Occurred - See Response Body
[2024-12-10T07:23:08.559Z] Error writing to Modbus register: A Modbus Exception Occurred - See Response Body
[2024-12-10T07:23:09.569Z] Error reading or processing Modbus registers: A Modbus Exception Occurred - See Response Body
[2024-12-10T07:23:09.572Z] Error reading register 6507 for IP 10.30.4.128: A Modbus Exception Occurred - See Response Body
[2024-12-10T07:23:09.573Z] Error reading actual data: A Modbus Exception Occurred - See Response Body
[2024-12-10T07:23:09.573Z] Error writing to Modbus register: A Modbus Exception Occurred - See Response Body
[2024-12-10T07:23:10.582Z] Error reading or processing Modbus registers: A Modbus Exception Occurred - See Response Body
[2024-12-10T07:23:10.585Z] Error reading register 6507 for IP 10.30.4.128: A Modbus Exception Occurred - See Response Body
[2024-12-10T07:23:10.586Z] Error reading actual data: A Modbus Exception Occurred - See Response Body
[2024-12-10T07:23:10.587Z] Error writing to Modbus register: A Modbus Exception Occurred - See Response Body
[2024-12-10T07:23:11.595Z] Error reading or processing Modbus registers: A Modbus Exception Occurred - See Response Body
[2024-12-10T07:23:11.598Z] Error reading register 6507 for IP 10.30.4.128: A Modbus Exception Occurred - See Response Body
[2024-12-10T07:23:11.598Z] Error reading actual data: A Modbus Exception Occurred - See Response Body
[2024-12-10T07:23:11.599Z] Error writing to Modbus register: A Modbus Exception Occurred - See Response Body
[2024-12-10T07:23:12.608Z] Error reading or processing Modbus registers: A Modbus Exception Occurred - See Response Body
[2024-12-10T07:23:12.610Z] Error reading register 6507 for IP 10.30.4.128: A Modbus Exception Occurred - See Response Body
[2024-12-10T07:23:12.611Z] Error reading actual data: A Modbus Exception Occurred - See Response Body
[2024-12-10T07:23:12.611Z] Error writing to Modbus register: A Modbus Exception Occurred - See Response Body
[2024-12-10T07:23:13.609Z] Error reading or processing Modbus registers: A Modbus Exception Occurred - See Response Body
[2024-12-10T07:23:13.611Z] Error reading register 6507 for IP 10.30.4.128: A Modbus Exception Occurred - See Response Body
[2024-12-10T07:23:13.612Z] Error reading actual data: A Modbus Exception Occurred - See Response Body
[2024-12-10T07:23:13.612Z] Error writing to Modbus register: A Modbus Exception Occurred - See Response Body
[2024-12-10T07:23:14.621Z] Error reading or processing Modbus registers: A Modbus Exception Occurred - See Response Body
[2024-12-10T07:23:14.626Z] Error reading register 6507 for IP 10.30.4.128: A Modbus Exception Occurred - See Response Body
[2024-12-10T07:23:14.627Z] Error reading actual data: A Modbus Exception Occurred - See Response Body
[2024-12-10T07:23:14.627Z] Error writing to Modbus register: A Modbus Exception Occurred - See Response Body
[2024-12-10T07:23:15.637Z] Error reading or processing Modbus registers: A Modbus Exception Occurred - See Response Body
[2024-12-10T07:23:15.639Z] Error reading register 6507 for IP 10.30.4.128: A Modbus Exception Occurred - See Response Body
[2024-12-10T07:23:15.640Z] Error reading actual data: A Modbus Exception Occurred - See Response Body
[2024-12-10T07:23:15.640Z] Error writing to Modbus register: A Modbus Exception Occurred - See Response Body
[2024-12-10T07:23:16.650Z] Error reading or processing Modbus registers: A Modbus Exception Occurred - See Response Body
[2024-12-10T07:23:16.652Z] Error reading register 6507 for IP 10.30.4.128: A Modbus Exception Occurred - See Response Body
[2024-12-10T07:23:16.653Z] Error reading actual data: A Modbus Exception Occurred - See Response Body
[2024-12-10T07:23:16.653Z] Error writing to Modbus register: A Modbus Exception Occurred - See Response Body
[2024-12-10T07:23:17.665Z] Error reading or processing Modbus registers: A Modbus Exception Occurred - See Response Body
[2024-12-10T07:23:17.667Z] Error reading register 6507 for IP 10.30.4.128: A Modbus Exception Occurred - See Response Body
[2024-12-10T07:23:17.668Z] Error reading actual data: A Modbus Exception Occurred - See Response Body
[2024-12-10T07:23:17.668Z] Error writing to Modbus register: A Modbus Exception Occurred - See Response Body
[2024-12-10T07:23:18.679Z] Error reading or processing Modbus registers: A Modbus Exception Occurred - See Response Body
[2024-12-10T07:23:18.683Z] Error reading register 6507 for IP 10.30.4.128: A Modbus Exception Occurred - See Response Body
[2024-12-10T07:23:18.684Z] Error reading actual data: A Modbus Exception Occurred - See Response Body
[2024-12-10T07:23:18.685Z] Error writing to Modbus register: A Modbus Exception Occurred - See Response Body
[2024-12-10T07:23:19.680Z] Error reading or processing Modbus registers: A Modbus Exception Occurred - See Response Body
[2024-12-10T07:23:19.683Z] Error reading register 6507 for IP 10.30.4.128: A Modbus Exception Occurred - See Response Body
[2024-12-10T07:23:19.683Z] Error reading actual data: A Modbus Exception Occurred - See Response Body
[2024-12-10T07:23:19.684Z] Error writing to Modbus register: A Modbus Exception Occurred - See Response Body
[2024-12-10T07:23:20.682Z] Error reading or processing Modbus registers: A Modbus Exception Occurred - See Response Body
[2024-12-10T07:23:20.684Z] Error reading register 6507 for IP 10.30.4.128: A Modbus Exception Occurred - See Response Body
[2024-12-10T07:23:20.685Z] Error reading actual data: A Modbus Exception Occurred - See Response Body
[2024-12-10T07:23:20.686Z] Error writing to Modbus register: A Modbus Exception Occurred - See Response Body
[2024-12-10T07:23:21.697Z] Error reading or processing Modbus registers: A Modbus Exception Occurred - See Response Body
[2024-12-10T07:23:21.699Z] Error reading register 6507 for IP 10.30.4.128: A Modbus Exception Occurred - See Response Body
[2024-12-10T07:23:21.700Z] Error reading actual data: A Modbus Exception Occurred - See Response Body
[2024-12-10T07:23:21.701Z] Error writing to Modbus register: A Modbus Exception Occurred - See Response Body
[2024-12-10T07:23:22.712Z] Error reading or processing Modbus registers: A Modbus Exception Occurred - See Response Body
[2024-12-10T07:23:22.714Z] Error reading register 6507 for IP 10.30.4.128: A Modbus Exception Occurred - See Response Body
[2024-12-10T07:23:22.715Z] Error reading actual data: A Modbus Exception Occurred - See Response Body
[2024-12-10T07:23:22.715Z] Error writing to Modbus register: A Modbus Exception Occurred - See Response Body
[2024-12-10T07:23:23.712Z] Error reading or processing Modbus registers: A Modbus Exception Occurred - See Response Body
[2024-12-10T07:23:23.714Z] Error reading register 6507 for IP 10.30.4.128: A Modbus Exception Occurred - See Response Body
[2024-12-10T07:23:23.715Z] Error reading actual data: A Modbus Exception Occurred - See Response Body
[2024-12-10T07:23:23.716Z] Error writing to Modbus register: A Modbus Exception Occurred - See Response Body
[2024-12-10T07:23:24.714Z] Error reading or processing Modbus registers: A Modbus Exception Occurred - See Response Body
[2024-12-10T07:23:24.716Z] Error reading register 6507 for IP 10.30.4.128: A Modbus Exception Occurred - See Response Body
[2024-12-10T07:23:24.717Z] Error reading actual data: A Modbus Exception Occurred - See Response Body
[2024-12-10T07:23:24.717Z] Error writing to Modbus register: A Modbus Exception Occurred - See Response Body
[2024-12-10T07:23:25.726Z] Error reading or processing Modbus registers: A Modbus Exception Occurred - See Response Body
[2024-12-10T07:23:25.729Z] Error reading register 6507 for IP 10.30.4.128: A Modbus Exception Occurred - See Response Body
[2024-12-10T07:23:25.730Z] Error reading actual data: A Modbus Exception Occurred - See Response Body
[2024-12-10T07:23:25.730Z] Error writing to Modbus register: A Modbus Exception Occurred - See Response Body
[2024-12-10T07:23:26.740Z] Error reading or processing Modbus registers: A Modbus Exception Occurred - See Response Body
[2024-12-10T07:23:26.742Z] Error reading register 6507 for IP 10.30.4.128: A Modbus Exception Occurred - See Response Body
[2024-12-10T07:23:26.743Z] Error reading actual data: A Modbus Exception Occurred - See Response Body
[2024-12-10T07:23:26.744Z] Error writing to Modbus register: A Modbus Exception Occurred - See Response Body
[2024-12-10T07:23:27.754Z] Error reading or processing Modbus registers: A Modbus Exception Occurred - See Response Body
[2024-12-10T07:23:27.756Z] Error reading register 6507 for IP 10.30.4.128: A Modbus Exception Occurred - See Response Body
[2024-12-10T07:23:27.757Z] Error reading actual data: A Modbus Exception Occurred - See Response Body
[2024-12-10T07:23:27.758Z] Error writing to Modbus register: A Modbus Exception Occurred - See Response Body
[2024-12-10T07:23:28.768Z] Error reading or processing Modbus registers: A Modbus Exception Occurred - See Response Body
[2024-12-10T07:23:28.771Z] Error reading register 6507 for IP 10.30.4.128: A Modbus Exception Occurred - See Response Body
[2024-12-10T07:23:28.772Z] Error reading actual data: A Modbus Exception Occurred - See Response Body
[2024-12-10T07:23:28.772Z] Error writing to Modbus register: A Modbus Exception Occurred - See Response Body
[2024-12-10T07:23:29.773Z] Error reading or processing Modbus registers: A Modbus Exception Occurred - See Response Body
[2024-12-10T07:23:29.775Z] Error reading register 6507 for IP 10.30.4.128: A Modbus Exception Occurred - See Response Body
[2024-12-10T07:23:29.776Z] Error reading actual data: A Modbus Exception Occurred - See Response Body
[2024-12-10T07:23:29.777Z] Error writing to Modbus register: A Modbus Exception Occurred - See Response Body
[2024-12-10T07:23:30.788Z] Error reading or processing Modbus registers: A Modbus Exception Occurred - See Response Body
[2024-12-10T07:23:30.790Z] Error reading register 6507 for IP 10.30.4.128: A Modbus Exception Occurred - See Response Body
[2024-12-10T07:23:30.791Z] Error reading actual data: A Modbus Exception Occurred - See Response Body
[2024-12-10T07:23:30.792Z] Error writing to Modbus register: A Modbus Exception Occurred - See Response Body
[2024-12-10T07:23:31.802Z] Error reading or processing Modbus registers: A Modbus Exception Occurred - See Response Body
[2024-12-10T07:23:31.804Z] Error reading register 6507 for IP 10.30.4.128: A Modbus Exception Occurred - See Response Body
[2024-12-10T07:23:31.805Z] Error reading actual data: A Modbus Exception Occurred - See Response Body
[2024-12-10T07:23:31.809Z] Error writing to Modbus register: A Modbus Exception Occurred - See Response Body
[2024-12-10T07:23:32.803Z] Error reading or processing Modbus registers: A Modbus Exception Occurred - See Response Body
[2024-12-10T07:23:32.808Z] Error reading register 6507 for IP 10.30.4.128: A Modbus Exception Occurred - See Response Body
[2024-12-10T07:23:32.808Z] Error reading actual data: A Modbus Exception Occurred - See Response Body
[2024-12-10T07:23:32.809Z] Error writing to Modbus register: A Modbus Exception Occurred - See Response Body
[2024-12-10T07:23:33.815Z] Error reading or processing Modbus registers: A Modbus Exception Occurred - See Response Body
[2024-12-10T07:23:33.818Z] Error reading register 6507 for IP 10.30.4.128: A Modbus Exception Occurred - See Response Body
[2024-12-10T07:23:33.818Z] Error reading actual data: A Modbus Exception Occurred - See Response Body
[2024-12-10T07:23:33.819Z] Error writing to Modbus register: A Modbus Exception Occurred - See Response Body
[2024-12-10T07:23:34.816Z] Error reading or processing Modbus registers: A Modbus Exception Occurred - See Response Body
[2024-12-10T07:23:34.819Z] Error reading register 6507 for IP 10.30.4.128: A Modbus Exception Occurred - See Response Body
[2024-12-10T07:23:34.820Z] Error reading actual data: A Modbus Exception Occurred - See Response Body
[2024-12-10T07:23:34.820Z] Error writing to Modbus register: A Modbus Exception Occurred - See Response Body
[2024-12-10T07:23:35.832Z] Error reading or processing Modbus registers: A Modbus Exception Occurred - See Response Body
[2024-12-10T07:23:35.834Z] Error reading register 6507 for IP 10.30.4.128: A Modbus Exception Occurred - See Response Body
[2024-12-10T07:23:35.835Z] Error reading actual data: A Modbus Exception Occurred - See Response Body
[2024-12-10T07:23:35.835Z] Error writing to Modbus register: A Modbus Exception Occurred - See Response Body
[2024-12-10T07:23:36.844Z] Error reading or processing Modbus registers: A Modbus Exception Occurred - See Response Body
[2024-12-10T07:23:36.846Z] Error reading register 6507 for IP 10.30.4.128: A Modbus Exception Occurred - See Response Body
[2024-12-10T07:23:36.846Z] Error reading actual data: A Modbus Exception Occurred - See Response Body
[2024-12-10T07:23:36.847Z] Error writing to Modbus register: A Modbus Exception Occurred - See Response Body
[2024-12-10T07:23:37.844Z] Error reading or processing Modbus registers: A Modbus Exception Occurred - See Response Body
[2024-12-10T07:23:37.847Z] Error reading register 6507 for IP 10.30.4.128: A Modbus Exception Occurred - See Response Body
[2024-12-10T07:23:37.847Z] Error reading actual data: A Modbus Exception Occurred - See Response Body
[2024-12-10T07:23:37.848Z] Error writing to Modbus register: A Modbus Exception Occurred - See Response Body
[2024-12-10T07:23:38.846Z] Error reading or processing Modbus registers: A Modbus Exception Occurred - See Response Body
[2024-12-10T07:23:38.848Z] Error reading register 6507 for IP 10.30.4.128: A Modbus Exception Occurred - See Response Body
[2024-12-10T07:23:38.849Z] Error reading actual data: A Modbus Exception Occurred - See Response Body
[2024-12-10T07:23:38.850Z] Error writing to Modbus register: A Modbus Exception Occurred - See Response Body
[2024-12-10T07:23:39.860Z] Error reading or processing Modbus registers: A Modbus Exception Occurred - See Response Body
[2024-12-10T07:23:39.862Z] Error reading register 6507 for IP 10.30.4.128: A Modbus Exception Occurred - See Response Body
[2024-12-10T07:23:39.863Z] Error reading actual data: A Modbus Exception Occurred - See Response Body
[2024-12-10T07:23:39.863Z] Error writing to Modbus register: A Modbus Exception Occurred - See Response Body
[2024-12-10T07:23:40.872Z] Error reading or processing Modbus registers: A Modbus Exception Occurred - See Response Body
[2024-12-10T07:23:40.875Z] Error reading register 6507 for IP 10.30.4.128: A Modbus Exception Occurred - See Response Body
[2024-12-10T07:23:40.875Z] Error reading actual data: A Modbus Exception Occurred - See Response Body
[2024-12-10T07:23:40.876Z] Error writing to Modbus register: A Modbus Exception Occurred - See Response Body
[2024-12-10T07:23:41.887Z] Error reading or processing Modbus registers: A Modbus Exception Occurred - See Response Body
[2024-12-10T07:23:41.890Z] Error reading register 6507 for IP 10.30.4.128: A Modbus Exception Occurred - See Response Body
[2024-12-10T07:23:41.891Z] Error reading actual data: A Modbus Exception Occurred - See Response Body
[2024-12-10T07:23:41.891Z] Error writing to Modbus register: A Modbus Exception Occurred - See Response Body
[2024-12-10T07:23:42.902Z] Error reading or processing Modbus registers: A Modbus Exception Occurred - See Response Body
[2024-12-10T07:23:42.904Z] Error reading register 6507 for IP 10.30.4.128: A Modbus Exception Occurred - See Response Body
[2024-12-10T07:23:42.905Z] Error reading actual data: A Modbus Exception Occurred - See Response Body
[2024-12-10T07:23:42.905Z] Error writing to Modbus register: A Modbus Exception Occurred - See Response Body
[2024-12-10T07:23:43.916Z] Error reading or processing Modbus registers: A Modbus Exception Occurred - See Response Body
[2024-12-10T07:23:43.919Z] Error reading register 6507 for IP 10.30.4.128: A Modbus Exception Occurred - See Response Body
[2024-12-10T07:23:43.920Z] Error reading actual data: A Modbus Exception Occurred - See Response Body
[2024-12-10T07:23:43.921Z] Error writing to Modbus register: A Modbus Exception Occurred - See Response Body
[2024-12-10T07:23:44.917Z] Error reading or processing Modbus registers: A Modbus Exception Occurred - See Response Body
[2024-12-10T07:23:44.920Z] Error reading register 6507 for IP 10.30.4.128: A Modbus Exception Occurred - See Response Body
[2024-12-10T07:23:44.921Z] Error reading actual data: A Modbus Exception Occurred - See Response Body
[2024-12-10T07:23:44.921Z] Error writing to Modbus register: A Modbus Exception Occurred - See Response Body
[2024-12-10T07:23:45.917Z] Error reading or processing Modbus registers: A Modbus Exception Occurred - See Response Body
[2024-12-10T07:23:45.920Z] Error reading register 6507 for IP 10.30.4.128: A Modbus Exception Occurred - See Response Body
[2024-12-10T07:23:45.920Z] Error reading actual data: A Modbus Exception Occurred - See Response Body
[2024-12-10T07:23:45.921Z] Error writing to Modbus register: A Modbus Exception Occurred - See Response Body
[2024-12-10T07:23:46.918Z] Error reading or processing Modbus registers: A Modbus Exception Occurred - See Response Body
[2024-12-10T07:23:46.921Z] Error reading register 6507 for IP 10.30.4.128: A Modbus Exception Occurred - See Response Body
[2024-12-10T07:23:46.922Z] Error reading actual data: A Modbus Exception Occurred - See Response Body
[2024-12-10T07:23:46.923Z] Error writing to Modbus register: A Modbus Exception Occurred - See Response Body
[2024-12-10T07:23:47.932Z] Error reading or processing Modbus registers: A Modbus Exception Occurred - See Response Body
[2024-12-10T07:23:47.935Z] Error reading register 6507 for IP 10.30.4.128: A Modbus Exception Occurred - See Response Body
[2024-12-10T07:23:47.935Z] Error reading actual data: A Modbus Exception Occurred - See Response Body
[2024-12-10T07:23:47.936Z] Error writing to Modbus register: A Modbus Exception Occurred - See Response Body
[2024-12-10T07:23:48.945Z] Error reading or processing Modbus registers: A Modbus Exception Occurred - See Response Body
[2024-12-10T07:23:48.948Z] Error reading register 6507 for IP 10.30.4.128: A Modbus Exception Occurred - See Response Body
[2024-12-10T07:23:48.949Z] Error reading actual data: A Modbus Exception Occurred - See Response Body
[2024-12-10T07:23:48.949Z] Error writing to Modbus register: A Modbus Exception Occurred - See Response Body
[2024-12-10T07:23:49.948Z] Error reading or processing Modbus registers: A Modbus Exception Occurred - See Response Body
[2024-12-10T07:23:49.950Z] Error reading register 6507 for IP 10.30.4.128: A Modbus Exception Occurred - See Response Body
[2024-12-10T07:23:49.951Z] Error reading actual data: A Modbus Exception Occurred - See Response Body
[2024-12-10T07:23:49.951Z] Error writing to Modbus register: A Modbus Exception Occurred - See Response Body
[2024-12-10T07:23:50.962Z] Error reading or processing Modbus registers: A Modbus Exception Occurred - See Response Body
[2024-12-10T07:23:50.965Z] Error reading register 6507 for IP 10.30.4.128: A Modbus Exception Occurred - See Response Body
[2024-12-10T07:23:50.966Z] Error reading actual data: A Modbus Exception Occurred - See Response Body
[2024-12-10T07:23:50.966Z] Error writing to Modbus register: A Modbus Exception Occurred - See Response Body
[2024-12-10T07:23:51.976Z] Error reading or processing Modbus registers: A Modbus Exception Occurred - See Response Body
[2024-12-10T07:23:51.979Z] Error reading register 6507 for IP 10.30.4.128: A Modbus Exception Occurred - See Response Body
[2024-12-10T07:23:51.979Z] Error reading actual data: A Modbus Exception Occurred - See Response Body
[2024-12-10T07:23:51.980Z] Error writing to Modbus register: A Modbus Exception Occurred - See Response Body
[2024-12-10T07:23:52.989Z] Error reading or processing Modbus registers: A Modbus Exception Occurred - See Response Body
[2024-12-10T07:23:52.991Z] Error reading register 6507 for IP 10.30.4.128: A Modbus Exception Occurred - See Response Body
[2024-12-10T07:23:52.993Z] Error reading actual data: A Modbus Exception Occurred - See Response Body
[2024-12-10T07:23:52.993Z] Error writing to Modbus register: A Modbus Exception Occurred - See Response Body
[2024-12-10T07:23:53.990Z] Error reading or processing Modbus registers: A Modbus Exception Occurred - See Response Body
[2024-12-10T07:23:53.992Z] Error reading register 6507 for IP 10.30.4.128: A Modbus Exception Occurred - See Response Body
[2024-12-10T07:23:53.993Z] Error reading actual data: A Modbus Exception Occurred - See Response Body
[2024-12-10T07:23:53.994Z] Error writing to Modbus register: A Modbus Exception Occurred - See Response Body
[2024-12-10T07:23:54.992Z] Error reading or processing Modbus registers: A Modbus Exception Occurred - See Response Body
[2024-12-10T07:23:54.995Z] Error reading register 6507 for IP 10.30.4.128: A Modbus Exception Occurred - See Response Body
[2024-12-10T07:23:54.996Z] Error reading actual data: A Modbus Exception Occurred - See Response Body
[2024-12-10T07:23:54.996Z] Error writing to Modbus register: A Modbus Exception Occurred - See Response Body
[2024-12-10T07:23:56.004Z] Error reading or processing Modbus registers: A Modbus Exception Occurred - See Response Body
[2024-12-10T07:23:56.007Z] Error reading register 6507 for IP 10.30.4.128: A Modbus Exception Occurred - See Response Body
[2024-12-10T07:23:56.007Z] Error reading actual data: A Modbus Exception Occurred - See Response Body
[2024-12-10T07:23:56.008Z] Error writing to Modbus register: A Modbus Exception Occurred - See Response Body
[2024-12-10T07:23:57.019Z] Error reading or processing Modbus registers: A Modbus Exception Occurred - See Response Body
[2024-12-10T07:23:57.022Z] Error reading register 6507 for IP 10.30.4.128: A Modbus Exception Occurred - See Response Body
[2024-12-10T07:23:57.022Z] Error reading actual data: A Modbus Exception Occurred - See Response Body
[2024-12-10T07:23:57.023Z] Error writing to Modbus register: A Modbus Exception Occurred - See Response Body
[2024-12-10T07:23:58.032Z] Error reading or processing Modbus registers: A Modbus Exception Occurred - See Response Body
[2024-12-10T07:23:58.034Z] Error reading register 6507 for IP 10.30.4.128: A Modbus Exception Occurred - See Response Body
[2024-12-10T07:23:58.035Z] Error reading actual data: A Modbus Exception Occurred - See Response Body
[2024-12-10T07:23:58.036Z] Error writing to Modbus register: A Modbus Exception Occurred - See Response Body
[2024-12-10T07:23:59.033Z] Error reading or processing Modbus registers: A Modbus Exception Occurred - See Response Body
[2024-12-10T07:23:59.036Z] Error reading register 6507 for IP 10.30.4.128: A Modbus Exception Occurred - See Response Body
[2024-12-10T07:23:59.037Z] Error reading actual data: A Modbus Exception Occurred - See Response Body
[2024-12-10T07:23:59.037Z] Error writing to Modbus register: A Modbus Exception Occurred - See Response Body
[2024-12-10T07:24:00.048Z] Error reading or processing Modbus registers: A Modbus Exception Occurred - See Response Body
[2024-12-10T07:24:00.050Z] Error reading register 6507 for IP 10.30.4.128: A Modbus Exception Occurred - See Response Body
[2024-12-10T07:24:00.051Z] Error reading actual data: A Modbus Exception Occurred - See Response Body
[2024-12-10T07:24:00.052Z] Error writing to Modbus register: A Modbus Exception Occurred - See Response Body
[2024-12-10T07:24:01.059Z] Error reading or processing Modbus registers: A Modbus Exception Occurred - See Response Body
[2024-12-10T07:24:01.062Z] Error reading register 6507 for IP 10.30.4.128: A Modbus Exception Occurred - See Response Body
[2024-12-10T07:24:01.063Z] Error reading actual data: A Modbus Exception Occurred - See Response Body
[2024-12-10T07:24:01.063Z] Error writing to Modbus register: A Modbus Exception Occurred - See Response Body
[2024-12-10T07:24:02.074Z] Error reading or processing Modbus registers: A Modbus Exception Occurred - See Response Body
[2024-12-10T07:24:02.076Z] Error reading register 6507 for IP 10.30.4.128: A Modbus Exception Occurred - See Response Body
[2024-12-10T07:24:02.077Z] Error reading actual data: A Modbus Exception Occurred - See Response Body
[2024-12-10T07:24:02.077Z] Error writing to Modbus register: A Modbus Exception Occurred - See Response Body
[2024-12-10T07:24:03.086Z] Error reading or processing Modbus registers: A Modbus Exception Occurred - See Response Body
[2024-12-10T07:24:03.089Z] Error reading register 6507 for IP 10.30.4.128: A Modbus Exception Occurred - See Response Body
[2024-12-10T07:24:03.090Z] Error reading actual data: A Modbus Exception Occurred - See Response Body
[2024-12-10T07:24:03.090Z] Error writing to Modbus register: A Modbus Exception Occurred - See Response Body
[2024-12-10T07:24:04.101Z] Error reading or processing Modbus registers: A Modbus Exception Occurred - See Response Body
[2024-12-10T07:24:04.103Z] Error reading register 6507 for IP 10.30.4.128: A Modbus Exception Occurred - See Response Body
[2024-12-10T07:24:04.104Z] Error reading actual data: A Modbus Exception Occurred - See Response Body
[2024-12-10T07:24:04.104Z] Error writing to Modbus register: A Modbus Exception Occurred - See Response Body
[2024-12-10T07:24:05.115Z] Error reading or processing Modbus registers: A Modbus Exception Occurred - See Response Body
[2024-12-10T07:24:05.117Z] Error reading register 6507 for IP 10.30.4.128: A Modbus Exception Occurred - See Response Body
[2024-12-10T07:24:05.118Z] Error reading actual data: A Modbus Exception Occurred - See Response Body
[2024-12-10T07:24:05.119Z] Error writing to Modbus register: A Modbus Exception Occurred - See Response Body
[2024-12-10T07:24:06.119Z] Error reading or processing Modbus registers: A Modbus Exception Occurred - See Response Body
[2024-12-10T07:24:06.121Z] Error reading register 6507 for IP 10.30.4.128: A Modbus Exception Occurred - See Response Body
[2024-12-10T07:24:06.122Z] Error reading actual data: A Modbus Exception Occurred - See Response Body
[2024-12-10T07:24:06.122Z] Error writing to Modbus register: A Modbus Exception Occurred - See Response Body
[2024-12-10T07:24:07.131Z] Error reading or processing Modbus registers: A Modbus Exception Occurred - See Response Body
[2024-12-10T07:24:07.134Z] Error reading register 6507 for IP 10.30.4.128: A Modbus Exception Occurred - See Response Body
[2024-12-10T07:24:07.135Z] Error reading actual data: A Modbus Exception Occurred - See Response Body
[2024-12-10T07:24:07.135Z] Error writing to Modbus register: A Modbus Exception Occurred - See Response Body
[2024-12-10T07:24:08.145Z] Error reading or processing Modbus registers: A Modbus Exception Occurred - See Response Body
[2024-12-10T07:24:08.148Z] Error reading register 6507 for IP 10.30.4.128: A Modbus Exception Occurred - See Response Body
[2024-12-10T07:24:08.148Z] Error reading actual data: A Modbus Exception Occurred - See Response Body
[2024-12-10T07:24:08.149Z] Error writing to Modbus register: A Modbus Exception Occurred - See Response Body
[2024-12-10T07:24:09.159Z] Error reading or processing Modbus registers: A Modbus Exception Occurred - See Response Body
[2024-12-10T07:24:09.162Z] Error reading register 6507 for IP 10.30.4.128: A Modbus Exception Occurred - See Response Body
[2024-12-10T07:24:09.163Z] Error reading actual data: A Modbus Exception Occurred - See Response Body
[2024-12-10T07:24:09.163Z] Error writing to Modbus register: A Modbus Exception Occurred - See Response Body
[2024-12-10T07:24:10.173Z] Error reading or processing Modbus registers: A Modbus Exception Occurred - See Response Body
[2024-12-10T07:24:10.175Z] Error reading register 6507 for IP 10.30.4.128: A Modbus Exception Occurred - See Response Body
[2024-12-10T07:24:10.176Z] Error reading actual data: A Modbus Exception Occurred - See Response Body
[2024-12-10T07:24:10.176Z] Error writing to Modbus register: A Modbus Exception Occurred - See Response Body
[2024-12-10T07:24:11.176Z] Error reading or processing Modbus registers: A Modbus Exception Occurred - See Response Body
[2024-12-10T07:24:11.178Z] Error reading register 6507 for IP 10.30.4.128: A Modbus Exception Occurred - See Response Body
[2024-12-10T07:24:11.179Z] Error reading actual data: A Modbus Exception Occurred - See Response Body
[2024-12-10T07:24:11.179Z] Error writing to Modbus register: A Modbus Exception Occurred - See Response Body
[2024-12-10T07:24:12.188Z] Error reading or processing Modbus registers: A Modbus Exception Occurred - See Response Body
[2024-12-10T07:24:12.191Z] Error reading register 6507 for IP 10.30.4.128: A Modbus Exception Occurred - See Response Body
[2024-12-10T07:24:12.192Z] Error reading actual data: A Modbus Exception Occurred - See Response Body
[2024-12-10T07:24:12.192Z] Error writing to Modbus register: A Modbus Exception Occurred - See Response Body
[2024-12-10T07:24:13.202Z] Error reading or processing Modbus registers: A Modbus Exception Occurred - See Response Body
[2024-12-10T07:24:13.205Z] Error reading register 6507 for IP 10.30.4.128: A Modbus Exception Occurred - See Response Body
[2024-12-10T07:24:13.205Z] Error reading actual data: A Modbus Exception Occurred - See Response Body
[2024-12-10T07:24:13.206Z] Error writing to Modbus register: A Modbus Exception Occurred - See Response Body
[2024-12-10T07:24:14.204Z] Error reading or processing Modbus registers: A Modbus Exception Occurred - See Response Body
[2024-12-10T07:24:14.206Z] Error reading register 6507 for IP 10.30.4.128: A Modbus Exception Occurred - See Response Body
[2024-12-10T07:24:14.207Z] Error reading actual data: A Modbus Exception Occurred - See Response Body
[2024-12-10T07:24:14.207Z] Error writing to Modbus register: A Modbus Exception Occurred - See Response Body
[2024-12-10T07:24:15.208Z] Error reading or processing Modbus registers: A Modbus Exception Occurred - See Response Body
[2024-12-10T07:24:15.210Z] Error reading register 6507 for IP 10.30.4.128: A Modbus Exception Occurred - See Response Body
[2024-12-10T07:24:15.210Z] Error reading actual data: A Modbus Exception Occurred - See Response Body
[2024-12-10T07:24:15.211Z] Error writing to Modbus register: A Modbus Exception Occurred - See Response Body
[2024-12-10T07:24:16.222Z] Error reading or processing Modbus registers: A Modbus Exception Occurred - See Response Body
[2024-12-10T07:24:16.225Z] Error reading register 6507 for IP 10.30.4.128: A Modbus Exception Occurred - See Response Body
[2024-12-10T07:24:16.225Z] Error reading actual data: A Modbus Exception Occurred - See Response Body
[2024-12-10T07:24:16.226Z] Error writing to Modbus register: A Modbus Exception Occurred - See Response Body
[2024-12-10T07:24:17.233Z] Error reading or processing Modbus registers: A Modbus Exception Occurred - See Response Body
[2024-12-10T07:24:17.236Z] Error reading register 6507 for IP 10.30.4.128: A Modbus Exception Occurred - See Response Body
[2024-12-10T07:24:17.236Z] Error reading actual data: A Modbus Exception Occurred - See Response Body
[2024-12-10T07:24:17.237Z] Error writing to Modbus register: A Modbus Exception Occurred - See Response Body
[2024-12-10T07:24:18.235Z] Error reading or processing Modbus registers: A Modbus Exception Occurred - See Response Body
[2024-12-10T07:24:18.237Z] Error reading register 6507 for IP 10.30.4.128: A Modbus Exception Occurred - See Response Body
[2024-12-10T07:24:18.238Z] Error reading actual data: A Modbus Exception Occurred - See Response Body
[2024-12-10T07:24:18.238Z] Error writing to Modbus register: A Modbus Exception Occurred - See Response Body
[2024-12-10T07:24:19.247Z] Error reading or processing Modbus registers: A Modbus Exception Occurred - See Response Body
[2024-12-10T07:24:19.251Z] Error reading register 6507 for IP 10.30.4.128: A Modbus Exception Occurred - See Response Body
[2024-12-10T07:24:19.252Z] Error reading actual data: A Modbus Exception Occurred - See Response Body
[2024-12-10T07:24:19.252Z] Error writing to Modbus register: A Modbus Exception Occurred - See Response Body
[2024-12-10T07:24:20.261Z] Error reading or processing Modbus registers: A Modbus Exception Occurred - See Response Body
[2024-12-10T07:24:20.264Z] Error reading register 6507 for IP 10.30.4.128: A Modbus Exception Occurred - See Response Body
[2024-12-10T07:24:20.264Z] Error reading actual data: A Modbus Exception Occurred - See Response Body
[2024-12-10T07:24:20.265Z] Error writing to Modbus register: A Modbus Exception Occurred - See Response Body
[2024-12-10T07:24:21.264Z] Error reading or processing Modbus registers: A Modbus Exception Occurred - See Response Body
[2024-12-10T07:24:21.266Z] Error reading register 6507 for IP 10.30.4.128: A Modbus Exception Occurred - See Response Body
[2024-12-10T07:24:21.267Z] Error reading actual data: A Modbus Exception Occurred - See Response Body
[2024-12-10T07:24:21.267Z] Error writing to Modbus register: A Modbus Exception Occurred - See Response Body
[2024-12-10T07:24:22.278Z] Error reading or processing Modbus registers: A Modbus Exception Occurred - See Response Body
[2024-12-10T07:24:22.281Z] Error reading register 6507 for IP 10.30.4.128: A Modbus Exception Occurred - See Response Body
[2024-12-10T07:24:22.281Z] Error reading actual data: A Modbus Exception Occurred - See Response Body
[2024-12-10T07:24:22.282Z] Error writing to Modbus register: A Modbus Exception Occurred - See Response Body
[2024-12-10T07:24:23.278Z] Error reading or processing Modbus registers: A Modbus Exception Occurred - See Response Body
[2024-12-10T07:24:23.280Z] Error reading register 6507 for IP 10.30.4.128: A Modbus Exception Occurred - See Response Body
[2024-12-10T07:24:23.281Z] Error reading actual data: A Modbus Exception Occurred - See Response Body
[2024-12-10T07:24:23.281Z] Error writing to Modbus register: A Modbus Exception Occurred - See Response Body
[2024-12-10T07:24:24.291Z] Error reading or processing Modbus registers: A Modbus Exception Occurred - See Response Body
[2024-12-10T07:24:24.294Z] Error reading register 6507 for IP 10.30.4.128: A Modbus Exception Occurred - See Response Body
[2024-12-10T07:24:24.294Z] Error reading actual data: A Modbus Exception Occurred - See Response Body
[2024-12-10T07:24:24.295Z] Error writing to Modbus register: A Modbus Exception Occurred - See Response Body
[2024-12-10T07:24:25.305Z] Error reading or processing Modbus registers: A Modbus Exception Occurred - See Response Body
[2024-12-10T07:24:25.308Z] Error reading register 6507 for IP 10.30.4.128: A Modbus Exception Occurred - See Response Body
[2024-12-10T07:24:25.308Z] Error reading actual data: A Modbus Exception Occurred - See Response Body
[2024-12-10T07:24:25.309Z] Error writing to Modbus register: A Modbus Exception Occurred - See Response Body
[2024-12-10T07:24:26.317Z] Error reading or processing Modbus registers: A Modbus Exception Occurred - See Response Body
[2024-12-10T07:24:26.319Z] Error reading register 6507 for IP 10.30.4.128: A Modbus Exception Occurred - See Response Body
[2024-12-10T07:24:26.320Z] Error reading actual data: A Modbus Exception Occurred - See Response Body
[2024-12-10T07:24:26.320Z] Error writing to Modbus register: A Modbus Exception Occurred - See Response Body
[2024-12-10T07:24:27.329Z] Error reading or processing Modbus registers: A Modbus Exception Occurred - See Response Body
[2024-12-10T07:24:27.332Z] Error reading register 6507 for IP 10.30.4.128: A Modbus Exception Occurred - See Response Body
[2024-12-10T07:24:27.333Z] Error reading actual data: A Modbus Exception Occurred - See Response Body
[2024-12-10T07:24:27.333Z] Error writing to Modbus register: A Modbus Exception Occurred - See Response Body
[2024-12-10T07:24:28.333Z] Error reading or processing Modbus registers: A Modbus Exception Occurred - See Response Body
[2024-12-10T07:24:28.335Z] Error reading register 6507 for IP 10.30.4.128: A Modbus Exception Occurred - See Response Body
[2024-12-10T07:24:28.336Z] Error reading actual data: A Modbus Exception Occurred - See Response Body
[2024-12-10T07:24:28.337Z] Error writing to Modbus register: A Modbus Exception Occurred - See Response Body
[2024-12-10T07:24:29.336Z] Error reading or processing Modbus registers: A Modbus Exception Occurred - See Response Body
[2024-12-10T07:24:29.338Z] Error reading register 6507 for IP 10.30.4.128: A Modbus Exception Occurred - See Response Body
[2024-12-10T07:24:29.339Z] Error reading actual data: A Modbus Exception Occurred - See Response Body
[2024-12-10T07:24:29.340Z] Error writing to Modbus register: A Modbus Exception Occurred - See Response Body
[2024-12-10T07:24:30.338Z] Error reading or processing Modbus registers: A Modbus Exception Occurred - See Response Body
[2024-12-10T07:24:30.341Z] Error reading register 6507 for IP 10.30.4.128: A Modbus Exception Occurred - See Response Body
[2024-12-10T07:24:30.342Z] Error reading actual data: A Modbus Exception Occurred - See Response Body
[2024-12-10T07:24:30.342Z] Error writing to Modbus register: A Modbus Exception Occurred - See Response Body
[2024-12-10T07:24:31.339Z] Error reading or processing Modbus registers: A Modbus Exception Occurred - See Response Body
[2024-12-10T07:24:31.342Z] Error reading register 6507 for IP 10.30.4.128: A Modbus Exception Occurred - See Response Body
[2024-12-10T07:24:31.342Z] Error reading actual data: A Modbus Exception Occurred - See Response Body
[2024-12-10T07:24:31.343Z] Error writing to Modbus register: A Modbus Exception Occurred - See Response Body
[2024-12-10T07:24:32.353Z] Error reading or processing Modbus registers: A Modbus Exception Occurred - See Response Body
[2024-12-10T07:24:32.356Z] Error reading register 6507 for IP 10.30.4.128: A Modbus Exception Occurred - See Response Body
[2024-12-10T07:24:32.356Z] Error reading actual data: A Modbus Exception Occurred - See Response Body
[2024-12-10T07:24:32.357Z] Error writing to Modbus register: A Modbus Exception Occurred - See Response Body
[2024-12-10T07:24:33.366Z] Error reading or processing Modbus registers: A Modbus Exception Occurred - See Response Body
[2024-12-10T07:24:33.369Z] Error reading register 6507 for IP 10.30.4.128: A Modbus Exception Occurred - See Response Body
[2024-12-10T07:24:33.369Z] Error reading actual data: A Modbus Exception Occurred - See Response Body
[2024-12-10T07:24:33.370Z] Error writing to Modbus register: A Modbus Exception Occurred - See Response Body
[2024-12-10T07:24:34.381Z] Error reading or processing Modbus registers: A Modbus Exception Occurred - See Response Body
[2024-12-10T07:24:34.383Z] Error reading register 6507 for IP 10.30.4.128: A Modbus Exception Occurred - See Response Body
[2024-12-10T07:24:34.384Z] Error reading actual data: A Modbus Exception Occurred - See Response Body
[2024-12-10T07:24:34.384Z] Error writing to Modbus register: A Modbus Exception Occurred - See Response Body
[2024-12-10T07:24:35.385Z] Error reading or processing Modbus registers: A Modbus Exception Occurred - See Response Body
[2024-12-10T07:24:35.388Z] Error reading register 6507 for IP 10.30.4.128: A Modbus Exception Occurred - See Response Body
[2024-12-10T07:24:35.389Z] Error reading actual data: A Modbus Exception Occurred - See Response Body
[2024-12-10T07:24:35.389Z] Error writing to Modbus register: A Modbus Exception Occurred - See Response Body
[2024-12-10T07:24:36.396Z] Error reading or processing Modbus registers: A Modbus Exception Occurred - See Response Body
[2024-12-10T07:24:36.398Z] Error reading register 6507 for IP 10.30.4.128: A Modbus Exception Occurred - See Response Body
[2024-12-10T07:24:36.399Z] Error reading actual data: A Modbus Exception Occurred - See Response Body
[2024-12-10T07:24:36.399Z] Error writing to Modbus register: A Modbus Exception Occurred - See Response Body
[2024-12-10T07:24:37.397Z] Error reading or processing Modbus registers: A Modbus Exception Occurred - See Response Body
[2024-12-10T07:24:37.399Z] Error reading register 6507 for IP 10.30.4.128: A Modbus Exception Occurred - See Response Body
[2024-12-10T07:24:37.400Z] Error reading actual data: A Modbus Exception Occurred - See Response Body
[2024-12-10T07:24:37.401Z] Error writing to Modbus register: A Modbus Exception Occurred - See Response Body
[2024-12-10T07:24:38.411Z] Error reading or processing Modbus registers: A Modbus Exception Occurred - See Response Body
[2024-12-10T07:24:38.413Z] Error reading register 6507 for IP 10.30.4.128: A Modbus Exception Occurred - See Response Body
[2024-12-10T07:24:38.414Z] Error reading actual data: A Modbus Exception Occurred - See Response Body
[2024-12-10T07:24:38.414Z] Error writing to Modbus register: A Modbus Exception Occurred - See Response Body
[2024-12-10T07:24:39.414Z] Error reading or processing Modbus registers: A Modbus Exception Occurred - See Response Body
[2024-12-10T07:24:39.416Z] Error reading register 6507 for IP 10.30.4.128: A Modbus Exception Occurred - See Response Body
[2024-12-10T07:24:39.417Z] Error reading actual data: A Modbus Exception Occurred - See Response Body
[2024-12-10T07:24:39.417Z] Error writing to Modbus register: A Modbus Exception Occurred - See Response Body
[2024-12-10T07:24:40.421Z] Error reading or processing Modbus registers: A Modbus Exception Occurred - See Response Body
[2024-12-10T07:24:40.423Z] Error reading register 6507 for IP 10.30.4.128: A Modbus Exception Occurred - See Response Body
[2024-12-10T07:24:40.424Z] Error reading actual data: A Modbus Exception Occurred - See Response Body
[2024-12-10T07:24:40.424Z] Error writing to Modbus register: A Modbus Exception Occurred - See Response Body
[2024-12-10T07:24:41.426Z] Error reading or processing Modbus registers: A Modbus Exception Occurred - See Response Body
[2024-12-10T07:24:41.428Z] Error reading register 6507 for IP 10.30.4.128: A Modbus Exception Occurred - See Response Body
[2024-12-10T07:24:41.429Z] Error reading actual data: A Modbus Exception Occurred - See Response Body
[2024-12-10T07:24:41.429Z] Error writing to Modbus register: A Modbus Exception Occurred - See Response Body
[2024-12-10T07:24:42.431Z] Error reading or processing Modbus registers: A Modbus Exception Occurred - See Response Body
[2024-12-10T07:24:42.433Z] Error reading register 6507 for IP 10.30.4.128: A Modbus Exception Occurred - See Response Body
[2024-12-10T07:24:42.434Z] Error reading actual data: A Modbus Exception Occurred - See Response Body
[2024-12-10T07:24:42.434Z] Error writing to Modbus register: A Modbus Exception Occurred - See Response Body
[2024-12-10T07:24:43.430Z] Error reading or processing Modbus registers: A Modbus Exception Occurred - See Response Body
[2024-12-10T07:24:43.433Z] Error reading register 6507 for IP 10.30.4.128: A Modbus Exception Occurred - See Response Body
[2024-12-10T07:24:43.434Z] Error reading actual data: A Modbus Exception Occurred - See Response Body
[2024-12-10T07:24:43.434Z] Error writing to Modbus register: A Modbus Exception Occurred - See Response Body
[2024-12-10T07:24:44.432Z] Error reading or processing Modbus registers: A Modbus Exception Occurred - See Response Body
[2024-12-10T07:24:44.434Z] Error reading register 6507 for IP 10.30.4.128: A Modbus Exception Occurred - See Response Body
[2024-12-10T07:24:44.435Z] Error reading actual data: A Modbus Exception Occurred - See Response Body
[2024-12-10T07:24:44.436Z] Error writing to Modbus register: A Modbus Exception Occurred - See Response Body
[2024-12-10T07:24:45.433Z] Error reading or processing Modbus registers: A Modbus Exception Occurred - See Response Body
[2024-12-10T07:24:45.435Z] Error reading register 6507 for IP 10.30.4.128: A Modbus Exception Occurred - See Response Body
[2024-12-10T07:24:45.435Z] Error reading actual data: A Modbus Exception Occurred - See Response Body
[2024-12-10T07:24:45.436Z] Error writing to Modbus register: A Modbus Exception Occurred - See Response Body
[2024-12-10T07:24:46.433Z] Error reading or processing Modbus registers: A Modbus Exception Occurred - See Response Body
[2024-12-10T07:24:46.435Z] Error reading register 6507 for IP 10.30.4.128: A Modbus Exception Occurred - See Response Body
[2024-12-10T07:24:46.436Z] Error reading actual data: A Modbus Exception Occurred - See Response Body
[2024-12-10T07:24:46.436Z] Error writing to Modbus register: A Modbus Exception Occurred - See Response Body
[2024-12-10T07:24:47.446Z] Error reading or processing Modbus registers: A Modbus Exception Occurred - See Response Body
[2024-12-10T07:24:47.448Z] Error reading register 6507 for IP 10.30.4.128: A Modbus Exception Occurred - See Response Body
[2024-12-10T07:24:47.449Z] Error reading actual data: A Modbus Exception Occurred - See Response Body
[2024-12-10T07:24:47.449Z] Error writing to Modbus register: A Modbus Exception Occurred - See Response Body
[2024-12-10T07:24:48.460Z] Error reading or processing Modbus registers: A Modbus Exception Occurred - See Response Body
[2024-12-10T07:24:48.463Z] Error reading register 6507 for IP 10.30.4.128: A Modbus Exception Occurred - See Response Body
[2024-12-10T07:24:48.463Z] Error reading actual data: A Modbus Exception Occurred - See Response Body
[2024-12-10T07:24:48.464Z] Error writing to Modbus register: A Modbus Exception Occurred - See Response Body
[2024-12-10T07:24:49.464Z] Error reading or processing Modbus registers: A Modbus Exception Occurred - See Response Body
[2024-12-10T07:24:49.466Z] Error reading register 6507 for IP 10.30.4.128: A Modbus Exception Occurred - See Response Body
[2024-12-10T07:24:49.467Z] Error reading actual data: A Modbus Exception Occurred - See Response Body
[2024-12-10T07:24:49.467Z] Error writing to Modbus register: A Modbus Exception Occurred - See Response Body
[2024-12-10T07:24:50.476Z] Error reading or processing Modbus registers: A Modbus Exception Occurred - See Response Body
[2024-12-10T07:24:50.478Z] Error reading register 6507 for IP 10.30.4.128: A Modbus Exception Occurred - See Response Body
[2024-12-10T07:24:50.479Z] Error reading actual data: A Modbus Exception Occurred - See Response Body
[2024-12-10T07:24:50.479Z] Error writing to Modbus register: A Modbus Exception Occurred - See Response Body
[2024-12-10T07:24:51.488Z] Error reading or processing Modbus registers: A Modbus Exception Occurred - See Response Body
[2024-12-10T07:24:51.490Z] Error reading register 6507 for IP 10.30.4.128: A Modbus Exception Occurred - See Response Body
[2024-12-10T07:24:51.491Z] Error reading actual data: A Modbus Exception Occurred - See Response Body
[2024-12-10T07:24:51.491Z] Error writing to Modbus register: A Modbus Exception Occurred - See Response Body
[2024-12-10T07:24:52.501Z] Error reading or processing Modbus registers: A Modbus Exception Occurred - See Response Body
[2024-12-10T07:24:52.503Z] Error reading register 6507 for IP 10.30.4.128: A Modbus Exception Occurred - See Response Body
[2024-12-10T07:24:52.504Z] Error reading actual data: A Modbus Exception Occurred - See Response Body
[2024-12-10T07:24:52.505Z] Error writing to Modbus register: A Modbus Exception Occurred - See Response Body
[2024-12-10T07:24:53.516Z] Error reading or processing Modbus registers: A Modbus Exception Occurred - See Response Body
[2024-12-10T07:24:53.518Z] Error reading register 6507 for IP 10.30.4.128: A Modbus Exception Occurred - See Response Body
[2024-12-10T07:24:53.519Z] Error reading actual data: A Modbus Exception Occurred - See Response Body
[2024-12-10T07:24:53.520Z] Error writing to Modbus register: A Modbus Exception Occurred - See Response Body
[2024-12-10T07:24:54.520Z] Error reading or processing Modbus registers: A Modbus Exception Occurred - See Response Body
[2024-12-10T07:24:54.523Z] Error reading register 6507 for IP 10.30.4.128: A Modbus Exception Occurred - See Response Body
[2024-12-10T07:24:54.523Z] Error reading actual data: A Modbus Exception Occurred - See Response Body
[2024-12-10T07:24:54.524Z] Error writing to Modbus register: A Modbus Exception Occurred - See Response Body
[2024-12-10T07:24:55.522Z] Error reading or processing Modbus registers: A Modbus Exception Occurred - See Response Body
[2024-12-10T07:24:55.524Z] Error reading register 6507 for IP 10.30.4.128: A Modbus Exception Occurred - See Response Body
[2024-12-10T07:24:55.525Z] Error reading actual data: A Modbus Exception Occurred - See Response Body
[2024-12-10T07:24:55.526Z] Error writing to Modbus register: A Modbus Exception Occurred - See Response Body
[2024-12-10T07:24:56.523Z] Error reading or processing Modbus registers: A Modbus Exception Occurred - See Response Body
[2024-12-10T07:24:56.525Z] Error reading register 6507 for IP 10.30.4.128: A Modbus Exception Occurred - See Response Body
[2024-12-10T07:24:56.526Z] Error reading actual data: A Modbus Exception Occurred - See Response Body
[2024-12-10T07:24:56.527Z] Error writing to Modbus register: A Modbus Exception Occurred - See Response Body
[2024-12-10T07:24:57.524Z] Error reading or processing Modbus registers: A Modbus Exception Occurred - See Response Body
[2024-12-10T07:24:57.527Z] Error reading register 6507 for IP 10.30.4.128: A Modbus Exception Occurred - See Response Body
[2024-12-10T07:24:57.528Z] Error reading actual data: A Modbus Exception Occurred - See Response Body
[2024-12-10T07:24:57.528Z] Error writing to Modbus register: A Modbus Exception Occurred - See Response Body
[2024-12-10T07:24:58.524Z] Error reading or processing Modbus registers: A Modbus Exception Occurred - See Response Body
[2024-12-10T07:24:58.527Z] Error reading register 6507 for IP 10.30.4.128: A Modbus Exception Occurred - See Response Body
[2024-12-10T07:24:58.528Z] Error reading actual data: A Modbus Exception Occurred - See Response Body
[2024-12-10T07:24:58.528Z] Error writing to Modbus register: A Modbus Exception Occurred - See Response Body
[2024-12-10T07:24:59.526Z] Error reading or processing Modbus registers: A Modbus Exception Occurred - See Response Body
[2024-12-10T07:24:59.528Z] Error reading register 6507 for IP 10.30.4.128: A Modbus Exception Occurred - See Response Body
[2024-12-10T07:24:59.529Z] Error reading actual data: A Modbus Exception Occurred - See Response Body
[2024-12-10T07:24:59.530Z] Error writing to Modbus register: A Modbus Exception Occurred - See Response Body
[2024-12-10T07:25:00.541Z] Error reading or processing Modbus registers: A Modbus Exception Occurred - See Response Body
[2024-12-10T07:25:00.543Z] Error reading register 6507 for IP 10.30.4.128: A Modbus Exception Occurred - See Response Body
[2024-12-10T07:25:00.544Z] Error reading actual data: A Modbus Exception Occurred - See Response Body
[2024-12-10T07:25:00.545Z] Error writing to Modbus register: A Modbus Exception Occurred - See Response Body
[2024-12-10T07:25:01.545Z] Error reading or processing Modbus registers: A Modbus Exception Occurred - See Response Body
[2024-12-10T07:25:01.547Z] Error reading register 6507 for IP 10.30.4.128: A Modbus Exception Occurred - See Response Body
[2024-12-10T07:25:01.548Z] Error reading actual data: A Modbus Exception Occurred - See Response Body
[2024-12-10T07:25:01.549Z] Error writing to Modbus register: A Modbus Exception Occurred - See Response Body
[2024-12-10T07:25:02.545Z] Error reading or processing Modbus registers: A Modbus Exception Occurred - See Response Body
[2024-12-10T07:25:02.547Z] Error reading register 6507 for IP 10.30.4.128: A Modbus Exception Occurred - See Response Body
[2024-12-10T07:25:02.548Z] Error reading actual data: A Modbus Exception Occurred - See Response Body
[2024-12-10T07:25:02.549Z] Error writing to Modbus register: A Modbus Exception Occurred - See Response Body
[2024-12-10T07:25:03.550Z] Error reading or processing Modbus registers: A Modbus Exception Occurred - See Response Body
[2024-12-10T07:25:03.552Z] Error reading register 6507 for IP 10.30.4.128: A Modbus Exception Occurred - See Response Body
[2024-12-10T07:25:03.554Z] Error reading actual data: A Modbus Exception Occurred - See Response Body
[2024-12-10T07:25:03.554Z] Error writing to Modbus register: A Modbus Exception Occurred - See Response Body
[2024-12-10T07:25:04.565Z] Error reading or processing Modbus registers: A Modbus Exception Occurred - See Response Body
[2024-12-10T07:25:04.568Z] Error reading register 6507 for IP 10.30.4.128: A Modbus Exception Occurred - See Response Body
[2024-12-10T07:25:04.569Z] Error reading actual data: A Modbus Exception Occurred - See Response Body
[2024-12-10T07:25:04.570Z] Error writing to Modbus register: A Modbus Exception Occurred - See Response Body
[2024-12-10T07:25:05.577Z] Error reading or processing Modbus registers: A Modbus Exception Occurred - See Response Body
[2024-12-10T07:25:05.580Z] Error reading register 6507 for IP 10.30.4.128: A Modbus Exception Occurred - See Response Body
[2024-12-10T07:25:05.580Z] Error reading actual data: A Modbus Exception Occurred - See Response Body
[2024-12-10T07:25:05.581Z] Error writing to Modbus register: A Modbus Exception Occurred - See Response Body
[2024-12-10T07:25:06.579Z] Error reading or processing Modbus registers: A Modbus Exception Occurred - See Response Body
[2024-12-10T07:25:06.604Z] Error reading register 6507 for IP 10.30.4.128: A Modbus Exception Occurred - See Response Body
[2024-12-10T07:25:06.605Z] Error reading actual data: A Modbus Exception Occurred - See Response Body
[2024-12-10T07:25:06.605Z] Error writing to Modbus register: A Modbus Exception Occurred - See Response Body
[2024-12-10T07:25:07.589Z] Error reading or processing Modbus registers: A Modbus Exception Occurred - See Response Body
[2024-12-10T07:25:07.592Z] Error reading register 6507 for IP 10.30.4.128: A Modbus Exception Occurred - See Response Body
[2024-12-10T07:25:07.592Z] Error reading actual data: A Modbus Exception Occurred - See Response Body
[2024-12-10T07:25:07.593Z] Error writing to Modbus register: A Modbus Exception Occurred - See Response Body
[2024-12-10T07:25:08.603Z] Error reading or processing Modbus registers: A Modbus Exception Occurred - See Response Body
[2024-12-10T07:25:08.605Z] Error reading register 6507 for IP 10.30.4.128: A Modbus Exception Occurred - See Response Body
[2024-12-10T07:25:08.606Z] Error reading actual data: A Modbus Exception Occurred - See Response Body
[2024-12-10T07:25:08.607Z] Error writing to Modbus register: A Modbus Exception Occurred - See Response Body
[2024-12-10T07:25:09.608Z] Error reading or processing Modbus registers: A Modbus Exception Occurred - See Response Body
[2024-12-10T07:25:09.611Z] Error reading register 6507 for IP 10.30.4.128: A Modbus Exception Occurred - See Response Body
[2024-12-10T07:25:09.612Z] Error reading actual data: A Modbus Exception Occurred - See Response Body
[2024-12-10T07:25:09.612Z] Error writing to Modbus register: A Modbus Exception Occurred - See Response Body
[2024-12-10T07:25:10.623Z] Error reading or processing Modbus registers: A Modbus Exception Occurred - See Response Body
[2024-12-10T07:25:10.625Z] Error reading register 6507 for IP 10.30.4.128: A Modbus Exception Occurred - See Response Body
[2024-12-10T07:25:10.626Z] Error reading actual data: A Modbus Exception Occurred - See Response Body
[2024-12-10T07:25:10.627Z] Error writing to Modbus register: A Modbus Exception Occurred - See Response Body
[2024-12-10T07:25:11.624Z] Error reading or processing Modbus registers: A Modbus Exception Occurred - See Response Body
[2024-12-10T07:25:11.627Z] Error reading register 6507 for IP 10.30.4.128: A Modbus Exception Occurred - See Response Body
[2024-12-10T07:25:11.628Z] Error reading actual data: A Modbus Exception Occurred - See Response Body
[2024-12-10T07:25:11.628Z] Error writing to Modbus register: A Modbus Exception Occurred - See Response Body
[2024-12-10T07:25:12.639Z] Error reading or processing Modbus registers: A Modbus Exception Occurred - See Response Body
[2024-12-10T07:25:12.642Z] Error reading register 6507 for IP 10.30.4.128: A Modbus Exception Occurred - See Response Body
[2024-12-10T07:25:12.643Z] Error reading actual data: A Modbus Exception Occurred - See Response Body
[2024-12-10T07:25:12.645Z] Error writing to Modbus register: A Modbus Exception Occurred - See Response Body
[2024-12-10T07:25:13.642Z] Error reading or processing Modbus registers: A Modbus Exception Occurred - See Response Body
[2024-12-10T07:25:13.644Z] Error reading register 6507 for IP 10.30.4.128: A Modbus Exception Occurred - See Response Body
[2024-12-10T07:25:13.645Z] Error reading actual data: A Modbus Exception Occurred - See Response Body
[2024-12-10T07:25:13.646Z] Error writing to Modbus register: A Modbus Exception Occurred - See Response Body
[2024-12-10T07:25:14.656Z] Error reading or processing Modbus registers: A Modbus Exception Occurred - See Response Body
[2024-12-10T07:25:14.658Z] Error reading register 6507 for IP 10.30.4.128: A Modbus Exception Occurred - See Response Body
[2024-12-10T07:25:14.659Z] Error reading actual data: A Modbus Exception Occurred - See Response Body
[2024-12-10T07:25:14.660Z] Error writing to Modbus register: A Modbus Exception Occurred - See Response Body
[2024-12-10T07:25:15.658Z] Error reading or processing Modbus registers: A Modbus Exception Occurred - See Response Body
[2024-12-10T07:25:15.661Z] Error reading register 6507 for IP 10.30.4.128: A Modbus Exception Occurred - See Response Body
[2024-12-10T07:25:15.662Z] Error reading actual data: A Modbus Exception Occurred - See Response Body
[2024-12-10T07:25:15.662Z] Error writing to Modbus register: A Modbus Exception Occurred - See Response Body
[2024-12-10T07:25:16.661Z] Error reading or processing Modbus registers: A Modbus Exception Occurred - See Response Body
[2024-12-10T07:25:16.663Z] Error reading register 6507 for IP 10.30.4.128: A Modbus Exception Occurred - See Response Body
[2024-12-10T07:25:16.664Z] Error reading actual data: A Modbus Exception Occurred - See Response Body
[2024-12-10T07:25:16.664Z] Error writing to Modbus register: A Modbus Exception Occurred - See Response Body
[2024-12-10T07:25:17.675Z] Error reading or processing Modbus registers: A Modbus Exception Occurred - See Response Body
[2024-12-10T07:25:17.678Z] Error reading register 6507 for IP 10.30.4.128: A Modbus Exception Occurred - See Response Body
[2024-12-10T07:25:17.679Z] Error reading actual data: A Modbus Exception Occurred - See Response Body
[2024-12-10T07:25:17.680Z] Error writing to Modbus register: A Modbus Exception Occurred - See Response Body
[2024-12-10T07:25:18.676Z] Error reading or processing Modbus registers: A Modbus Exception Occurred - See Response Body
[2024-12-10T07:25:18.679Z] Error reading register 6507 for IP 10.30.4.128: A Modbus Exception Occurred - See Response Body
[2024-12-10T07:25:18.680Z] Error reading actual data: A Modbus Exception Occurred - See Response Body
[2024-12-10T07:25:18.680Z] Error writing to Modbus register: A Modbus Exception Occurred - See Response Body
[2024-12-10T07:25:19.689Z] Error reading or processing Modbus registers: A Modbus Exception Occurred - See Response Body
[2024-12-10T07:25:19.692Z] Error reading register 6507 for IP 10.30.4.128: A Modbus Exception Occurred - See Response Body
[2024-12-10T07:25:19.693Z] Error reading actual data: A Modbus Exception Occurred - See Response Body
[2024-12-10T07:25:19.693Z] Error writing to Modbus register: A Modbus Exception Occurred - See Response Body
[2024-12-10T07:25:20.692Z] Error reading or processing Modbus registers: A Modbus Exception Occurred - See Response Body
[2024-12-10T07:25:20.694Z] Error reading register 6507 for IP 10.30.4.128: A Modbus Exception Occurred - See Response Body
[2024-12-10T07:25:20.696Z] Error reading actual data: A Modbus Exception Occurred - See Response Body
[2024-12-10T07:25:20.696Z] Error writing to Modbus register: A Modbus Exception Occurred - See Response Body
[2024-12-10T07:25:21.706Z] Error reading or processing Modbus registers: A Modbus Exception Occurred - See Response Body
[2024-12-10T07:25:21.708Z] Error reading register 6507 for IP 10.30.4.128: A Modbus Exception Occurred - See Response Body
[2024-12-10T07:25:21.709Z] Error reading actual data: A Modbus Exception Occurred - See Response Body
[2024-12-10T07:25:21.710Z] Error writing to Modbus register: A Modbus Exception Occurred - See Response Body
[2024-12-10T07:25:22.718Z] Error reading or processing Modbus registers: A Modbus Exception Occurred - See Response Body
[2024-12-10T07:25:22.721Z] Error reading register 6507 for IP 10.30.4.128: A Modbus Exception Occurred - See Response Body
[2024-12-10T07:25:22.721Z] Error reading actual data: A Modbus Exception Occurred - See Response Body
[2024-12-10T07:25:22.722Z] Error writing to Modbus register: A Modbus Exception Occurred - See Response Body
[2024-12-10T07:25:23.730Z] Error reading or processing Modbus registers: A Modbus Exception Occurred - See Response Body
[2024-12-10T07:25:23.733Z] Error reading register 6507 for IP 10.30.4.128: A Modbus Exception Occurred - See Response Body
[2024-12-10T07:25:23.733Z] Error reading actual data: A Modbus Exception Occurred - See Response Body
[2024-12-10T07:25:23.734Z] Error writing to Modbus register: A Modbus Exception Occurred - See Response Body
[2024-12-10T07:25:24.743Z] Error reading or processing Modbus registers: A Modbus Exception Occurred - See Response Body
[2024-12-10T07:25:24.746Z] Error reading register 6507 for IP 10.30.4.128: A Modbus Exception Occurred - See Response Body
[2024-12-10T07:25:24.747Z] Error reading actual data: A Modbus Exception Occurred - See Response Body
[2024-12-10T07:25:24.747Z] Error writing to Modbus register: A Modbus Exception Occurred - See Response Body
[2024-12-10T07:25:25.745Z] Error reading or processing Modbus registers: A Modbus Exception Occurred - See Response Body
[2024-12-10T07:25:25.747Z] Error reading register 6507 for IP 10.30.4.128: A Modbus Exception Occurred - See Response Body
[2024-12-10T07:25:25.748Z] Error reading actual data: A Modbus Exception Occurred - See Response Body
[2024-12-10T07:25:25.749Z] Error writing to Modbus register: A Modbus Exception Occurred - See Response Body
[2024-12-10T07:25:26.746Z] Error reading or processing Modbus registers: A Modbus Exception Occurred - See Response Body
[2024-12-10T07:25:26.749Z] Error reading register 6507 for IP 10.30.4.128: A Modbus Exception Occurred - See Response Body
[2024-12-10T07:25:26.750Z] Error reading actual data: A Modbus Exception Occurred - See Response Body
[2024-12-10T07:25:26.750Z] Error writing to Modbus register: A Modbus Exception Occurred - See Response Body
[2024-12-10T07:25:27.761Z] Error reading or processing Modbus registers: A Modbus Exception Occurred - See Response Body
[2024-12-10T07:25:27.764Z] Error reading register 6507 for IP 10.30.4.128: A Modbus Exception Occurred - See Response Body
[2024-12-10T07:25:27.765Z] Error reading actual data: A Modbus Exception Occurred - See Response Body
[2024-12-10T07:25:27.765Z] Error writing to Modbus register: A Modbus Exception Occurred - See Response Body
[2024-12-10T07:25:28.775Z] Error reading or processing Modbus registers: A Modbus Exception Occurred - See Response Body
[2024-12-10T07:25:28.777Z] Error reading register 6507 for IP 10.30.4.128: A Modbus Exception Occurred - See Response Body
[2024-12-10T07:25:28.777Z] Error reading actual data: A Modbus Exception Occurred - See Response Body
[2024-12-10T07:25:28.778Z] Error writing to Modbus register: A Modbus Exception Occurred - See Response Body
[2024-12-10T07:25:29.786Z] Error reading or processing Modbus registers: A Modbus Exception Occurred - See Response Body
[2024-12-10T07:25:29.788Z] Error reading register 6507 for IP 10.30.4.128: A Modbus Exception Occurred - See Response Body
[2024-12-10T07:25:29.789Z] Error reading actual data: A Modbus Exception Occurred - See Response Body
[2024-12-10T07:25:29.789Z] Error writing to Modbus register: A Modbus Exception Occurred - See Response Body
[2024-12-10T07:25:30.790Z] Error reading or processing Modbus registers: A Modbus Exception Occurred - See Response Body
[2024-12-10T07:25:30.792Z] Error reading register 6507 for IP 10.30.4.128: A Modbus Exception Occurred - See Response Body
[2024-12-10T07:25:30.793Z] Error reading actual data: A Modbus Exception Occurred - See Response Body
[2024-12-10T07:25:30.793Z] Error writing to Modbus register: A Modbus Exception Occurred - See Response Body
[2024-12-10T07:25:31.805Z] Error reading or processing Modbus registers: A Modbus Exception Occurred - See Response Body
[2024-12-10T07:25:31.807Z] Error reading register 6507 for IP 10.30.4.128: A Modbus Exception Occurred - See Response Body
[2024-12-10T07:25:31.808Z] Error reading actual data: A Modbus Exception Occurred - See Response Body
[2024-12-10T07:25:31.808Z] Error writing to Modbus register: A Modbus Exception Occurred - See Response Body
[2024-12-10T07:25:32.817Z] Error reading or processing Modbus registers: A Modbus Exception Occurred - See Response Body
[2024-12-10T07:25:32.819Z] Error reading register 6507 for IP 10.30.4.128: A Modbus Exception Occurred - See Response Body
[2024-12-10T07:25:32.820Z] Error reading actual data: A Modbus Exception Occurred - See Response Body
[2024-12-10T07:25:32.822Z] Error writing to Modbus register: A Modbus Exception Occurred - See Response Body
[2024-12-10T07:25:33.830Z] Error reading or processing Modbus registers: A Modbus Exception Occurred - See Response Body
[2024-12-10T07:25:33.832Z] Error reading register 6507 for IP 10.30.4.128: A Modbus Exception Occurred - See Response Body
[2024-12-10T07:25:33.833Z] Error reading actual data: A Modbus Exception Occurred - See Response Body
[2024-12-10T07:25:33.833Z] Error writing to Modbus register: A Modbus Exception Occurred - See Response Body
[2024-12-10T07:25:34.831Z] Error reading or processing Modbus registers: A Modbus Exception Occurred - See Response Body
[2024-12-10T07:25:34.833Z] Error reading register 6507 for IP 10.30.4.128: A Modbus Exception Occurred - See Response Body
[2024-12-10T07:25:34.834Z] Error reading actual data: A Modbus Exception Occurred - See Response Body
[2024-12-10T07:25:34.835Z] Error writing to Modbus register: A Modbus Exception Occurred - See Response Body
[2024-12-10T07:25:35.843Z] Error reading or processing Modbus registers: A Modbus Exception Occurred - See Response Body
[2024-12-10T07:25:35.845Z] Error reading register 6507 for IP 10.30.4.128: A Modbus Exception Occurred - See Response Body
[2024-12-10T07:25:35.845Z] Error reading actual data: A Modbus Exception Occurred - See Response Body
[2024-12-10T07:25:35.846Z] Error writing to Modbus register: A Modbus Exception Occurred - See Response Body
[2024-12-10T07:25:36.845Z] Error reading or processing Modbus registers: A Modbus Exception Occurred - See Response Body
[2024-12-10T07:25:36.847Z] Error reading register 6507 for IP 10.30.4.128: A Modbus Exception Occurred - See Response Body
[2024-12-10T07:25:36.848Z] Error reading actual data: A Modbus Exception Occurred - See Response Body
[2024-12-10T07:25:36.848Z] Error writing to Modbus register: A Modbus Exception Occurred - See Response Body
[2024-12-10T07:25:37.859Z] Error reading or processing Modbus registers: A Modbus Exception Occurred - See Response Body
[2024-12-10T07:25:37.861Z] Error reading register 6507 for IP 10.30.4.128: A Modbus Exception Occurred - See Response Body
[2024-12-10T07:25:37.862Z] Error reading actual data: A Modbus Exception Occurred - See Response Body
[2024-12-10T07:25:37.862Z] Error writing to Modbus register: A Modbus Exception Occurred - See Response Body
[2024-12-10T07:25:38.873Z] Error reading or processing Modbus registers: A Modbus Exception Occurred - See Response Body
[2024-12-10T07:25:38.875Z] Error reading register 6507 for IP 10.30.4.128: A Modbus Exception Occurred - See Response Body
[2024-12-10T07:25:38.876Z] Error reading actual data: A Modbus Exception Occurred - See Response Body
[2024-12-10T07:25:38.876Z] Error writing to Modbus register: A Modbus Exception Occurred - See Response Body
[2024-12-10T07:25:39.889Z] Error reading or processing Modbus registers: A Modbus Exception Occurred - See Response Body
[2024-12-10T07:25:39.891Z] Error reading register 6507 for IP 10.30.4.128: A Modbus Exception Occurred - See Response Body
[2024-12-10T07:25:39.892Z] Error reading actual data: A Modbus Exception Occurred - See Response Body
[2024-12-10T07:25:39.892Z] Error writing to Modbus register: A Modbus Exception Occurred - See Response Body
[2024-12-10T07:25:40.903Z] Error reading or processing Modbus registers: A Modbus Exception Occurred - See Response Body
[2024-12-10T07:25:40.905Z] Error reading register 6507 for IP 10.30.4.128: A Modbus Exception Occurred - See Response Body
[2024-12-10T07:25:40.906Z] Error reading actual data: A Modbus Exception Occurred - See Response Body
[2024-12-10T07:25:40.907Z] Error writing to Modbus register: A Modbus Exception Occurred - See Response Body
[2024-12-10T07:25:41.916Z] Error reading or processing Modbus registers: A Modbus Exception Occurred - See Response Body
[2024-12-10T07:25:41.919Z] Error reading register 6507 for IP 10.30.4.128: A Modbus Exception Occurred - See Response Body
[2024-12-10T07:25:41.920Z] Error reading actual data: A Modbus Exception Occurred - See Response Body
[2024-12-10T07:25:41.921Z] Error writing to Modbus register: A Modbus Exception Occurred - See Response Body
[2024-12-10T07:25:42.931Z] Error reading or processing Modbus registers: A Modbus Exception Occurred - See Response Body
[2024-12-10T07:25:42.934Z] Error reading register 6507 for IP 10.30.4.128: A Modbus Exception Occurred - See Response Body
[2024-12-10T07:25:42.935Z] Error reading actual data: A Modbus Exception Occurred - See Response Body
[2024-12-10T07:25:42.936Z] Error writing to Modbus register: A Modbus Exception Occurred - See Response Body
[2024-12-10T07:25:43.946Z] Error reading or processing Modbus registers: A Modbus Exception Occurred - See Response Body
[2024-12-10T07:25:43.948Z] Error reading register 6507 for IP 10.30.4.128: A Modbus Exception Occurred - See Response Body
[2024-12-10T07:25:43.949Z] Error reading actual data: A Modbus Exception Occurred - See Response Body
[2024-12-10T07:25:43.950Z] Error writing to Modbus register: A Modbus Exception Occurred - See Response Body
[2024-12-10T07:25:44.951Z] Error reading or processing Modbus registers: A Modbus Exception Occurred - See Response Body
[2024-12-10T07:25:44.954Z] Error reading register 6507 for IP 10.30.4.128: A Modbus Exception Occurred - See Response Body
[2024-12-10T07:25:44.955Z] Error reading actual data: A Modbus Exception Occurred - See Response Body
[2024-12-10T07:25:44.958Z] Error writing to Modbus register: A Modbus Exception Occurred - See Response Body
[2024-12-10T07:25:45.952Z] Error reading or processing Modbus registers: A Modbus Exception Occurred - See Response Body
[2024-12-10T07:25:45.954Z] Error reading register 6507 for IP 10.30.4.128: A Modbus Exception Occurred - See Response Body
[2024-12-10T07:25:45.955Z] Error reading actual data: A Modbus Exception Occurred - See Response Body
[2024-12-10T07:25:45.956Z] Error writing to Modbus register: A Modbus Exception Occurred - See Response Body
[2024-12-10T07:25:46.966Z] Error reading or processing Modbus registers: A Modbus Exception Occurred - See Response Body
[2024-12-10T07:25:46.968Z] Error reading register 6507 for IP 10.30.4.128: A Modbus Exception Occurred - See Response Body
[2024-12-10T07:25:46.969Z] Error reading actual data: A Modbus Exception Occurred - See Response Body
[2024-12-10T07:25:46.970Z] Error writing to Modbus register: A Modbus Exception Occurred - See Response Body
[2024-12-10T07:25:47.969Z] Error reading or processing Modbus registers: A Modbus Exception Occurred - See Response Body
[2024-12-10T07:25:47.971Z] Error reading register 6507 for IP 10.30.4.128: A Modbus Exception Occurred - See Response Body
[2024-12-10T07:25:47.972Z] Error reading actual data: A Modbus Exception Occurred - See Response Body
[2024-12-10T07:25:47.972Z] Error writing to Modbus register: A Modbus Exception Occurred - See Response Body
[2024-12-10T07:25:48.982Z] Error reading or processing Modbus registers: A Modbus Exception Occurred - See Response Body
[2024-12-10T07:25:48.985Z] Error reading register 6507 for IP 10.30.4.128: A Modbus Exception Occurred - See Response Body
[2024-12-10T07:25:48.986Z] Error reading actual data: A Modbus Exception Occurred - See Response Body
[2024-12-10T07:25:48.986Z] Error writing to Modbus register: A Modbus Exception Occurred - See Response Body
[2024-12-10T07:25:49.994Z] Error reading or processing Modbus registers: A Modbus Exception Occurred - See Response Body
[2024-12-10T07:25:49.997Z] Error reading register 6507 for IP 10.30.4.128: A Modbus Exception Occurred - See Response Body
[2024-12-10T07:25:49.998Z] Error reading actual data: A Modbus Exception Occurred - See Response Body
[2024-12-10T07:25:49.998Z] Error writing to Modbus register: A Modbus Exception Occurred - See Response Body
[2024-12-10T07:25:51.009Z] Error reading or processing Modbus registers: A Modbus Exception Occurred - See Response Body
[2024-12-10T07:25:51.011Z] Error reading register 6507 for IP 10.30.4.128: A Modbus Exception Occurred - See Response Body
[2024-12-10T07:25:51.012Z] Error reading actual data: A Modbus Exception Occurred - See Response Body
[2024-12-10T07:25:51.012Z] Error writing to Modbus register: A Modbus Exception Occurred - See Response Body
[2024-12-10T07:25:52.012Z] Error reading or processing Modbus registers: A Modbus Exception Occurred - See Response Body
[2024-12-10T07:25:52.014Z] Error reading register 6507 for IP 10.30.4.128: A Modbus Exception Occurred - See Response Body
[2024-12-10T07:25:52.015Z] Error reading actual data: A Modbus Exception Occurred - See Response Body
[2024-12-10T07:25:52.015Z] Error writing to Modbus register: A Modbus Exception Occurred - See Response Body
[2024-12-10T07:25:53.026Z] Error reading or processing Modbus registers: A Modbus Exception Occurred - See Response Body
[2024-12-10T07:25:53.028Z] Error reading register 6507 for IP 10.30.4.128: A Modbus Exception Occurred - See Response Body
[2024-12-10T07:25:53.028Z] Error reading actual data: A Modbus Exception Occurred - See Response Body
[2024-12-10T07:25:53.029Z] Error writing to Modbus register: A Modbus Exception Occurred - See Response Body
[2024-12-10T07:25:54.038Z] Error reading or processing Modbus registers: A Modbus Exception Occurred - See Response Body
[2024-12-10T07:25:54.040Z] Error reading register 6507 for IP 10.30.4.128: A Modbus Exception Occurred - See Response Body
[2024-12-10T07:25:54.041Z] Error reading actual data: A Modbus Exception Occurred - See Response Body
[2024-12-10T07:25:54.041Z] Error writing to Modbus register: A Modbus Exception Occurred - See Response Body
[2024-12-10T07:25:55.053Z] Error reading or processing Modbus registers: A Modbus Exception Occurred - See Response Body
[2024-12-10T07:25:55.056Z] Error reading register 6507 for IP 10.30.4.128: A Modbus Exception Occurred - See Response Body
[2024-12-10T07:25:55.057Z] Error reading actual data: A Modbus Exception Occurred - See Response Body
[2024-12-10T07:25:55.058Z] Error writing to Modbus register: A Modbus Exception Occurred - See Response Body
[2024-12-10T07:25:56.056Z] Error reading or processing Modbus registers: A Modbus Exception Occurred - See Response Body
[2024-12-10T07:25:56.058Z] Error reading register 6507 for IP 10.30.4.128: A Modbus Exception Occurred - See Response Body
[2024-12-10T07:25:56.059Z] Error reading actual data: A Modbus Exception Occurred - See Response Body
[2024-12-10T07:25:56.060Z] Error writing to Modbus register: A Modbus Exception Occurred - See Response Body
[2024-12-10T07:25:57.059Z] Error reading or processing Modbus registers: A Modbus Exception Occurred - See Response Body
[2024-12-10T07:25:57.061Z] Error reading register 6507 for IP 10.30.4.128: A Modbus Exception Occurred - See Response Body
[2024-12-10T07:25:57.062Z] Error reading actual data: A Modbus Exception Occurred - See Response Body
[2024-12-10T07:25:57.063Z] Error writing to Modbus register: A Modbus Exception Occurred - See Response Body
[2024-12-10T07:25:58.072Z] Error reading or processing Modbus registers: A Modbus Exception Occurred - See Response Body
[2024-12-10T07:25:58.074Z] Error reading register 6507 for IP 10.30.4.128: A Modbus Exception Occurred - See Response Body
[2024-12-10T07:25:58.075Z] Error reading actual data: A Modbus Exception Occurred - See Response Body
[2024-12-10T07:25:58.076Z] Error writing to Modbus register: A Modbus Exception Occurred - See Response Body
[2024-12-10T07:25:59.072Z] Error reading or processing Modbus registers: A Modbus Exception Occurred - See Response Body
[2024-12-10T07:25:59.075Z] Error reading register 6507 for IP 10.30.4.128: A Modbus Exception Occurred - See Response Body
[2024-12-10T07:25:59.076Z] Error reading actual data: A Modbus Exception Occurred - See Response Body
[2024-12-10T07:25:59.076Z] Error writing to Modbus register: A Modbus Exception Occurred - See Response Body
[2024-12-10T07:26:00.086Z] Error reading or processing Modbus registers: A Modbus Exception Occurred - See Response Body
[2024-12-10T07:26:00.089Z] Error reading register 6507 for IP 10.30.4.128: A Modbus Exception Occurred - See Response Body
[2024-12-10T07:26:00.090Z] Error reading actual data: A Modbus Exception Occurred - See Response Body
[2024-12-10T07:26:00.090Z] Error writing to Modbus register: A Modbus Exception Occurred - See Response Body
[2024-12-10T07:26:01.099Z] Error reading or processing Modbus registers: A Modbus Exception Occurred - See Response Body
[2024-12-10T07:26:01.102Z] Error reading register 6507 for IP 10.30.4.128: A Modbus Exception Occurred - See Response Body
[2024-12-10T07:26:01.103Z] Error reading actual data: A Modbus Exception Occurred - See Response Body
[2024-12-10T07:26:01.103Z] Error writing to Modbus register: A Modbus Exception Occurred - See Response Body
[2024-12-10T07:26:02.112Z] Error reading or processing Modbus registers: A Modbus Exception Occurred - See Response Body
[2024-12-10T07:26:02.115Z] Error reading register 6507 for IP 10.30.4.128: A Modbus Exception Occurred - See Response Body
[2024-12-10T07:26:02.116Z] Error reading actual data: A Modbus Exception Occurred - See Response Body
[2024-12-10T07:26:02.116Z] Error writing to Modbus register: A Modbus Exception Occurred - See Response Body
[2024-12-10T07:26:03.114Z] Error reading or processing Modbus registers: A Modbus Exception Occurred - See Response Body
[2024-12-10T07:26:03.117Z] Error reading register 6507 for IP 10.30.4.128: A Modbus Exception Occurred - See Response Body
[2024-12-10T07:26:03.118Z] Error reading actual data: A Modbus Exception Occurred - See Response Body
[2024-12-10T07:26:03.118Z] Error writing to Modbus register: A Modbus Exception Occurred - See Response Body
[2024-12-10T07:26:04.114Z] Error reading or processing Modbus registers: A Modbus Exception Occurred - See Response Body
[2024-12-10T07:26:04.117Z] Error reading register 6507 for IP 10.30.4.128: A Modbus Exception Occurred - See Response Body
[2024-12-10T07:26:04.118Z] Error reading actual data: A Modbus Exception Occurred - See Response Body
[2024-12-10T07:26:04.118Z] Error writing to Modbus register: A Modbus Exception Occurred - See Response Body
[2024-12-10T07:26:05.129Z] Error reading or processing Modbus registers: A Modbus Exception Occurred - See Response Body
[2024-12-10T07:26:05.131Z] Error reading register 6507 for IP 10.30.4.128: A Modbus Exception Occurred - See Response Body
[2024-12-10T07:26:05.132Z] Error reading actual data: A Modbus Exception Occurred - See Response Body
[2024-12-10T07:26:05.132Z] Error writing to Modbus register: A Modbus Exception Occurred - See Response Body
[2024-12-10T07:26:06.131Z] Error reading or processing Modbus registers: A Modbus Exception Occurred - See Response Body
[2024-12-10T07:26:06.134Z] Error reading register 6507 for IP 10.30.4.128: A Modbus Exception Occurred - See Response Body
[2024-12-10T07:26:06.135Z] Error reading actual data: A Modbus Exception Occurred - See Response Body
[2024-12-10T07:26:06.136Z] Error writing to Modbus register: A Modbus Exception Occurred - See Response Body
[2024-12-10T07:26:07.147Z] Error reading or processing Modbus registers: A Modbus Exception Occurred - See Response Body
[2024-12-10T07:26:07.149Z] Error reading register 6507 for IP 10.30.4.128: A Modbus Exception Occurred - See Response Body
[2024-12-10T07:26:07.150Z] Error reading actual data: A Modbus Exception Occurred - See Response Body
[2024-12-10T07:26:07.150Z] Error writing to Modbus register: A Modbus Exception Occurred - See Response Body
[2024-12-10T07:26:08.160Z] Error reading or processing Modbus registers: A Modbus Exception Occurred - See Response Body
[2024-12-10T07:26:08.162Z] Error reading register 6507 for IP 10.30.4.128: A Modbus Exception Occurred - See Response Body
[2024-12-10T07:26:08.163Z] Error reading actual data: A Modbus Exception Occurred - See Response Body
[2024-12-10T07:26:08.164Z] Error writing to Modbus register: A Modbus Exception Occurred - See Response Body
[2024-12-10T07:26:09.174Z] Error reading or processing Modbus registers: A Modbus Exception Occurred - See Response Body
[2024-12-10T07:26:09.176Z] Error reading register 6507 for IP 10.30.4.128: A Modbus Exception Occurred - See Response Body
[2024-12-10T07:26:09.177Z] Error reading actual data: A Modbus Exception Occurred - See Response Body
[2024-12-10T07:26:09.177Z] Error writing to Modbus register: A Modbus Exception Occurred - See Response Body
[2024-12-10T07:26:10.188Z] Error reading or processing Modbus registers: A Modbus Exception Occurred - See Response Body
[2024-12-10T07:26:10.191Z] Error reading register 6507 for IP 10.30.4.128: A Modbus Exception Occurred - See Response Body
[2024-12-10T07:26:10.193Z] Error reading actual data: A Modbus Exception Occurred - See Response Body
[2024-12-10T07:26:10.194Z] Error writing to Modbus register: A Modbus Exception Occurred - See Response Body
[2024-12-10T07:26:11.192Z] Error reading or processing Modbus registers: A Modbus Exception Occurred - See Response Body
[2024-12-10T07:26:11.194Z] Error reading register 6507 for IP 10.30.4.128: A Modbus Exception Occurred - See Response Body
[2024-12-10T07:26:11.195Z] Error reading actual data: A Modbus Exception Occurred - See Response Body
[2024-12-10T07:26:11.196Z] Error writing to Modbus register: A Modbus Exception Occurred - See Response Body
[2024-12-10T07:26:12.193Z] Error reading or processing Modbus registers: A Modbus Exception Occurred - See Response Body
[2024-12-10T07:26:12.196Z] Error reading register 6507 for IP 10.30.4.128: A Modbus Exception Occurred - See Response Body
[2024-12-10T07:26:12.197Z] Error reading actual data: A Modbus Exception Occurred - See Response Body
[2024-12-10T07:26:12.197Z] Error writing to Modbus register: A Modbus Exception Occurred - See Response Body
[2024-12-10T07:26:13.207Z] Error reading or processing Modbus registers: A Modbus Exception Occurred - See Response Body
[2024-12-10T07:26:13.209Z] Error reading register 6507 for IP 10.30.4.128: A Modbus Exception Occurred - See Response Body
[2024-12-10T07:26:13.210Z] Error reading actual data: A Modbus Exception Occurred - See Response Body
[2024-12-10T07:26:13.210Z] Error writing to Modbus register: A Modbus Exception Occurred - See Response Body
[2024-12-10T07:26:14.219Z] Error reading or processing Modbus registers: A Modbus Exception Occurred - See Response Body
[2024-12-10T07:26:14.222Z] Error reading register 6507 for IP 10.30.4.128: A Modbus Exception Occurred - See Response Body
[2024-12-10T07:26:14.223Z] Error reading actual data: A Modbus Exception Occurred - See Response Body
[2024-12-10T07:26:14.223Z] Error writing to Modbus register: A Modbus Exception Occurred - See Response Body
[2024-12-10T07:26:15.222Z] Error reading or processing Modbus registers: A Modbus Exception Occurred - See Response Body
[2024-12-10T07:26:15.225Z] Error reading register 6507 for IP 10.30.4.128: A Modbus Exception Occurred - See Response Body
[2024-12-10T07:26:15.225Z] Error reading actual data: A Modbus Exception Occurred - See Response Body
[2024-12-10T07:26:15.226Z] Error writing to Modbus register: A Modbus Exception Occurred - See Response Body
[2024-12-10T07:26:16.236Z] Error reading or processing Modbus registers: A Modbus Exception Occurred - See Response Body
[2024-12-10T07:26:16.239Z] Error reading register 6507 for IP 10.30.4.128: A Modbus Exception Occurred - See Response Body
[2024-12-10T07:26:16.240Z] Error reading actual data: A Modbus Exception Occurred - See Response Body
[2024-12-10T07:26:16.240Z] Error writing to Modbus register: A Modbus Exception Occurred - See Response Body
[2024-12-10T07:26:17.247Z] Error reading or processing Modbus registers: A Modbus Exception Occurred - See Response Body
[2024-12-10T07:26:17.250Z] Error reading register 6507 for IP 10.30.4.128: A Modbus Exception Occurred - See Response Body
[2024-12-10T07:26:17.250Z] Error reading actual data: A Modbus Exception Occurred - See Response Body
[2024-12-10T07:26:17.251Z] Error writing to Modbus register: A Modbus Exception Occurred - See Response Body
[2024-12-10T07:26:18.262Z] Error reading or processing Modbus registers: A Modbus Exception Occurred - See Response Body
[2024-12-10T07:26:18.265Z] Error reading register 6507 for IP 10.30.4.128: A Modbus Exception Occurred - See Response Body
[2024-12-10T07:26:18.266Z] Error reading actual data: A Modbus Exception Occurred - See Response Body
[2024-12-10T07:26:18.266Z] Error writing to Modbus register: A Modbus Exception Occurred - See Response Body
[2024-12-10T07:26:19.265Z] Error reading or processing Modbus registers: A Modbus Exception Occurred - See Response Body
[2024-12-10T07:26:19.267Z] Error reading register 6507 for IP 10.30.4.128: A Modbus Exception Occurred - See Response Body
[2024-12-10T07:26:19.268Z] Error reading actual data: A Modbus Exception Occurred - See Response Body
[2024-12-10T07:26:19.269Z] Error writing to Modbus register: A Modbus Exception Occurred - See Response Body
[2024-12-10T07:26:20.268Z] Error reading or processing Modbus registers: A Modbus Exception Occurred - See Response Body
[2024-12-10T07:26:20.271Z] Error reading register 6507 for IP 10.30.4.128: A Modbus Exception Occurred - See Response Body
[2024-12-10T07:26:20.272Z] Error reading actual data: A Modbus Exception Occurred - See Response Body
[2024-12-10T07:26:20.272Z] Error writing to Modbus register: A Modbus Exception Occurred - See Response Body
[2024-12-10T07:26:21.282Z] Error reading or processing Modbus registers: A Modbus Exception Occurred - See Response Body
[2024-12-10T07:26:21.285Z] Error reading register 6507 for IP 10.30.4.128: A Modbus Exception Occurred - See Response Body
[2024-12-10T07:26:21.286Z] Error reading actual data: A Modbus Exception Occurred - See Response Body
[2024-12-10T07:26:21.286Z] Error writing to Modbus register: A Modbus Exception Occurred - See Response Body
[2024-12-10T07:26:22.297Z] Error reading or processing Modbus registers: A Modbus Exception Occurred - See Response Body
[2024-12-10T07:26:22.300Z] Error reading register 6507 for IP 10.30.4.128: A Modbus Exception Occurred - See Response Body
[2024-12-10T07:26:22.301Z] Error reading actual data: A Modbus Exception Occurred - See Response Body
[2024-12-10T07:26:22.302Z] Error writing to Modbus register: A Modbus Exception Occurred - See Response Body
[2024-12-10T07:26:23.300Z] Error reading or processing Modbus registers: A Modbus Exception Occurred - See Response Body
[2024-12-10T07:26:23.303Z] Error reading register 6507 for IP 10.30.4.128: A Modbus Exception Occurred - See Response Body
[2024-12-10T07:26:23.304Z] Error reading actual data: A Modbus Exception Occurred - See Response Body
[2024-12-10T07:26:23.304Z] Error writing to Modbus register: A Modbus Exception Occurred - See Response Body
[2024-12-10T07:26:24.314Z] Error reading or processing Modbus registers: A Modbus Exception Occurred - See Response Body
[2024-12-10T07:26:24.317Z] Error reading register 6507 for IP 10.30.4.128: A Modbus Exception Occurred - See Response Body
[2024-12-10T07:26:24.317Z] Error reading actual data: A Modbus Exception Occurred - See Response Body
[2024-12-10T07:26:24.318Z] Error writing to Modbus register: A Modbus Exception Occurred - See Response Body
[2024-12-10T07:26:25.329Z] Error reading or processing Modbus registers: A Modbus Exception Occurred - See Response Body
[2024-12-10T07:26:25.332Z] Error reading register 6507 for IP 10.30.4.128: A Modbus Exception Occurred - See Response Body
[2024-12-10T07:26:25.332Z] Error reading actual data: A Modbus Exception Occurred - See Response Body
[2024-12-10T07:26:25.333Z] Error writing to Modbus register: A Modbus Exception Occurred - See Response Body
[2024-12-10T07:26:26.340Z] Error reading or processing Modbus registers: A Modbus Exception Occurred - See Response Body
[2024-12-10T07:26:26.343Z] Error reading register 6507 for IP 10.30.4.128: A Modbus Exception Occurred - See Response Body
[2024-12-10T07:26:26.343Z] Error reading actual data: A Modbus Exception Occurred - See Response Body
[2024-12-10T07:26:26.344Z] Error writing to Modbus register: A Modbus Exception Occurred - See Response Body
[2024-12-10T07:26:27.346Z] Error reading or processing Modbus registers: A Modbus Exception Occurred - See Response Body
[2024-12-10T07:26:27.348Z] Error reading register 6507 for IP 10.30.4.128: A Modbus Exception Occurred - See Response Body
[2024-12-10T07:26:27.349Z] Error reading actual data: A Modbus Exception Occurred - See Response Body
[2024-12-10T07:26:27.349Z] Error writing to Modbus register: A Modbus Exception Occurred - See Response Body
[2024-12-10T07:26:28.346Z] Error reading or processing Modbus registers: A Modbus Exception Occurred - See Response Body
[2024-12-10T07:26:28.348Z] Error reading register 6507 for IP 10.30.4.128: A Modbus Exception Occurred - See Response Body
[2024-12-10T07:26:28.349Z] Error reading actual data: A Modbus Exception Occurred - See Response Body
[2024-12-10T07:26:28.349Z] Error writing to Modbus register: A Modbus Exception Occurred - See Response Body
[2024-12-10T07:26:29.359Z] Error reading or processing Modbus registers: A Modbus Exception Occurred - See Response Body
[2024-12-10T07:26:29.362Z] Error reading register 6507 for IP 10.30.4.128: A Modbus Exception Occurred - See Response Body
[2024-12-10T07:26:29.363Z] Error reading actual data: A Modbus Exception Occurred - See Response Body
[2024-12-10T07:26:29.363Z] Error writing to Modbus register: A Modbus Exception Occurred - See Response Body
[2024-12-10T07:26:30.361Z] Error reading or processing Modbus registers: A Modbus Exception Occurred - See Response Body
[2024-12-10T07:26:30.363Z] Error reading register 6507 for IP 10.30.4.128: A Modbus Exception Occurred - See Response Body
[2024-12-10T07:26:30.363Z] Error reading actual data: A Modbus Exception Occurred - See Response Body
[2024-12-10T07:26:30.364Z] Error writing to Modbus register: A Modbus Exception Occurred - See Response Body
[2024-12-10T07:26:31.374Z] Error reading or processing Modbus registers: A Modbus Exception Occurred - See Response Body
[2024-12-10T07:26:31.376Z] Error reading register 6507 for IP 10.30.4.128: A Modbus Exception Occurred - See Response Body
[2024-12-10T07:26:31.377Z] Error reading actual data: A Modbus Exception Occurred - See Response Body
[2024-12-10T07:26:31.377Z] Error writing to Modbus register: A Modbus Exception Occurred - See Response Body
[2024-12-10T07:26:32.373Z] Error reading or processing Modbus registers: A Modbus Exception Occurred - See Response Body
[2024-12-10T07:26:32.375Z] Error reading register 6507 for IP 10.30.4.128: A Modbus Exception Occurred - See Response Body
[2024-12-10T07:26:32.376Z] Error reading actual data: A Modbus Exception Occurred - See Response Body
[2024-12-10T07:26:32.377Z] Error writing to Modbus register: A Modbus Exception Occurred - See Response Body
[2024-12-10T07:26:33.387Z] Error reading or processing Modbus registers: A Modbus Exception Occurred - See Response Body
[2024-12-10T07:26:33.390Z] Error reading register 6507 for IP 10.30.4.128: A Modbus Exception Occurred - See Response Body
[2024-12-10T07:26:33.391Z] Error reading actual data: A Modbus Exception Occurred - See Response Body
[2024-12-10T07:26:33.391Z] Error writing to Modbus register: A Modbus Exception Occurred - See Response Body
[2024-12-10T07:26:34.388Z] Error reading or processing Modbus registers: A Modbus Exception Occurred - See Response Body
[2024-12-10T07:26:34.390Z] Error reading register 6507 for IP 10.30.4.128: A Modbus Exception Occurred - See Response Body
[2024-12-10T07:26:34.391Z] Error reading actual data: A Modbus Exception Occurred - See Response Body
[2024-12-10T07:26:34.391Z] Error writing to Modbus register: A Modbus Exception Occurred - See Response Body
[2024-12-10T07:26:35.402Z] Error reading or processing Modbus registers: A Modbus Exception Occurred - See Response Body
[2024-12-10T07:26:35.404Z] Error reading register 6507 for IP 10.30.4.128: A Modbus Exception Occurred - See Response Body
[2024-12-10T07:26:35.405Z] Error reading actual data: A Modbus Exception Occurred - See Response Body
[2024-12-10T07:26:35.405Z] Error writing to Modbus register: A Modbus Exception Occurred - See Response Body
[2024-12-10T07:26:36.406Z] Error reading or processing Modbus registers: A Modbus Exception Occurred - See Response Body
[2024-12-10T07:26:36.408Z] Error reading register 6507 for IP 10.30.4.128: A Modbus Exception Occurred - See Response Body
[2024-12-10T07:26:36.409Z] Error reading actual data: A Modbus Exception Occurred - See Response Body
[2024-12-10T07:26:36.410Z] Error writing to Modbus register: A Modbus Exception Occurred - See Response Body
[2024-12-10T07:26:37.419Z] Error reading or processing Modbus registers: A Modbus Exception Occurred - See Response Body
[2024-12-10T07:26:37.421Z] Error reading register 6507 for IP 10.30.4.128: A Modbus Exception Occurred - See Response Body
[2024-12-10T07:26:37.422Z] Error reading actual data: A Modbus Exception Occurred - See Response Body
[2024-12-10T07:26:37.423Z] Error writing to Modbus register: A Modbus Exception Occurred - See Response Body
[2024-12-10T07:26:38.432Z] Error reading or processing Modbus registers: A Modbus Exception Occurred - See Response Body
[2024-12-10T07:26:38.434Z] Error reading register 6507 for IP 10.30.4.128: A Modbus Exception Occurred - See Response Body
[2024-12-10T07:26:38.435Z] Error reading actual data: A Modbus Exception Occurred - See Response Body
[2024-12-10T07:26:38.435Z] Error writing to Modbus register: A Modbus Exception Occurred - See Response Body
[2024-12-10T07:26:39.433Z] Error reading or processing Modbus registers: A Modbus Exception Occurred - See Response Body
[2024-12-10T07:26:39.435Z] Error reading register 6507 for IP 10.30.4.128: A Modbus Exception Occurred - See Response Body
[2024-12-10T07:26:39.436Z] Error reading actual data: A Modbus Exception Occurred - See Response Body
[2024-12-10T07:26:39.437Z] Error writing to Modbus register: A Modbus Exception Occurred - See Response Body
[2024-12-10T07:26:40.434Z] Error reading or processing Modbus registers: A Modbus Exception Occurred - See Response Body
[2024-12-10T07:26:40.436Z] Error reading register 6507 for IP 10.30.4.128: A Modbus Exception Occurred - See Response Body
[2024-12-10T07:26:40.437Z] Error reading actual data: A Modbus Exception Occurred - See Response Body
[2024-12-10T07:26:40.438Z] Error writing to Modbus register: A Modbus Exception Occurred - See Response Body
[2024-12-10T07:26:41.437Z] Error reading or processing Modbus registers: A Modbus Exception Occurred - See Response Body
[2024-12-10T07:26:41.439Z] Error reading register 6507 for IP 10.30.4.128: A Modbus Exception Occurred - See Response Body
[2024-12-10T07:26:41.440Z] Error reading actual data: A Modbus Exception Occurred - See Response Body
[2024-12-10T07:26:41.441Z] Error writing to Modbus register: A Modbus Exception Occurred - See Response Body
[2024-12-10T07:26:42.443Z] Error reading or processing Modbus registers: A Modbus Exception Occurred - See Response Body
[2024-12-10T07:26:42.446Z] Error reading register 6507 for IP 10.30.4.128: A Modbus Exception Occurred - See Response Body
[2024-12-10T07:26:42.447Z] Error reading actual data: A Modbus Exception Occurred - See Response Body
[2024-12-10T07:26:42.448Z] Error writing to Modbus register: A Modbus Exception Occurred - See Response Body
[2024-12-10T07:26:43.457Z] Error reading or processing Modbus registers: A Modbus Exception Occurred - See Response Body
[2024-12-10T07:26:43.459Z] Error reading register 6507 for IP 10.30.4.128: A Modbus Exception Occurred - See Response Body
[2024-12-10T07:26:43.460Z] Error reading actual data: A Modbus Exception Occurred - See Response Body
[2024-12-10T07:26:43.461Z] Error writing to Modbus register: A Modbus Exception Occurred - See Response Body
[2024-12-10T07:26:44.472Z] Error reading or processing Modbus registers: A Modbus Exception Occurred - See Response Body
[2024-12-10T07:26:44.474Z] Error reading register 6507 for IP 10.30.4.128: A Modbus Exception Occurred - See Response Body
[2024-12-10T07:26:44.475Z] Error reading actual data: A Modbus Exception Occurred - See Response Body
[2024-12-10T07:26:44.476Z] Error writing to Modbus register: A Modbus Exception Occurred - See Response Body
[2024-12-10T07:26:45.477Z] Error reading or processing Modbus registers: A Modbus Exception Occurred - See Response Body
[2024-12-10T07:26:45.479Z] Error reading register 6507 for IP 10.30.4.128: A Modbus Exception Occurred - See Response Body
[2024-12-10T07:26:45.480Z] Error reading actual data: A Modbus Exception Occurred - See Response Body
[2024-12-10T07:26:45.481Z] Error writing to Modbus register: A Modbus Exception Occurred - See Response Body
[2024-12-10T07:26:46.479Z] Error reading or processing Modbus registers: A Modbus Exception Occurred - See Response Body
[2024-12-10T07:26:46.481Z] Error reading register 6507 for IP 10.30.4.128: A Modbus Exception Occurred - See Response Body
[2024-12-10T07:26:46.484Z] Error reading actual data: A Modbus Exception Occurred - See Response Body
[2024-12-10T07:26:46.485Z] Error writing to Modbus register: A Modbus Exception Occurred - See Response Body
[2024-12-10T07:26:47.490Z] Error reading or processing Modbus registers: A Modbus Exception Occurred - See Response Body
[2024-12-10T07:26:47.492Z] Error reading register 6507 for IP 10.30.4.128: A Modbus Exception Occurred - See Response Body
[2024-12-10T07:26:47.493Z] Error reading actual data: A Modbus Exception Occurred - See Response Body
[2024-12-10T07:26:47.493Z] Error writing to Modbus register: A Modbus Exception Occurred - See Response Body
[2024-12-10T07:26:48.493Z] Error reading or processing Modbus registers: A Modbus Exception Occurred - See Response Body
[2024-12-10T07:26:48.496Z] Error reading register 6507 for IP 10.30.4.128: A Modbus Exception Occurred - See Response Body
[2024-12-10T07:26:48.497Z] Error reading actual data: A Modbus Exception Occurred - See Response Body
[2024-12-10T07:26:48.497Z] Error writing to Modbus register: A Modbus Exception Occurred - See Response Body
[2024-12-10T07:26:49.494Z] Error reading or processing Modbus registers: A Modbus Exception Occurred - See Response Body
[2024-12-10T07:26:49.496Z] Error reading register 6507 for IP 10.30.4.128: A Modbus Exception Occurred - See Response Body
[2024-12-10T07:26:49.497Z] Error reading actual data: A Modbus Exception Occurred - See Response Body
[2024-12-10T07:26:49.497Z] Error writing to Modbus register: A Modbus Exception Occurred - See Response Body
[2024-12-10T07:26:50.507Z] Error reading or processing Modbus registers: A Modbus Exception Occurred - See Response Body
[2024-12-10T07:26:50.509Z] Error reading register 6507 for IP 10.30.4.128: A Modbus Exception Occurred - See Response Body
[2024-12-10T07:26:50.509Z] Error reading actual data: A Modbus Exception Occurred - See Response Body
[2024-12-10T07:26:50.510Z] Error writing to Modbus register: A Modbus Exception Occurred - See Response Body
[2024-12-10T07:26:51.520Z] Error reading or processing Modbus registers: A Modbus Exception Occurred - See Response Body
[2024-12-10T07:26:51.523Z] Error reading register 6507 for IP 10.30.4.128: A Modbus Exception Occurred - See Response Body
[2024-12-10T07:26:51.524Z] Error reading actual data: A Modbus Exception Occurred - See Response Body
[2024-12-10T07:26:51.524Z] Error writing to Modbus register: A Modbus Exception Occurred - See Response Body
[2024-12-10T07:26:52.532Z] Error reading or processing Modbus registers: A Modbus Exception Occurred - See Response Body
[2024-12-10T07:26:52.534Z] Error reading register 6507 for IP 10.30.4.128: A Modbus Exception Occurred - See Response Body
[2024-12-10T07:26:52.535Z] Error reading actual data: A Modbus Exception Occurred - See Response Body
[2024-12-10T07:26:52.536Z] Error writing to Modbus register: A Modbus Exception Occurred - See Response Body
[2024-12-10T07:26:53.546Z] Error reading or processing Modbus registers: A Modbus Exception Occurred - See Response Body
[2024-12-10T07:26:53.549Z] Error reading register 6507 for IP 10.30.4.128: A Modbus Exception Occurred - See Response Body
[2024-12-10T07:26:53.550Z] Error reading actual data: A Modbus Exception Occurred - See Response Body
[2024-12-10T07:26:53.550Z] Error writing to Modbus register: A Modbus Exception Occurred - See Response Body
[2024-12-10T07:26:54.559Z] Error reading or processing Modbus registers: A Modbus Exception Occurred - See Response Body
[2024-12-10T07:26:54.562Z] Error reading register 6507 for IP 10.30.4.128: A Modbus Exception Occurred - See Response Body
[2024-12-10T07:26:54.562Z] Error reading actual data: A Modbus Exception Occurred - See Response Body
[2024-12-10T07:26:54.563Z] Error writing to Modbus register: A Modbus Exception Occurred - See Response Body
[2024-12-10T07:26:55.561Z] Error reading or processing Modbus registers: A Modbus Exception Occurred - See Response Body
[2024-12-10T07:26:55.564Z] Error reading register 6507 for IP 10.30.4.128: A Modbus Exception Occurred - See Response Body
[2024-12-10T07:26:55.564Z] Error reading actual data: A Modbus Exception Occurred - See Response Body
[2024-12-10T07:26:55.565Z] Error writing to Modbus register: A Modbus Exception Occurred - See Response Body
[2024-12-10T07:26:56.566Z] Error reading or processing Modbus registers: A Modbus Exception Occurred - See Response Body
[2024-12-10T07:26:56.568Z] Error reading register 6507 for IP 10.30.4.128: A Modbus Exception Occurred - See Response Body
[2024-12-10T07:26:56.569Z] Error reading actual data: A Modbus Exception Occurred - See Response Body
[2024-12-10T07:26:56.569Z] Error writing to Modbus register: A Modbus Exception Occurred - See Response Body
[2024-12-10T07:26:57.580Z] Error reading or processing Modbus registers: A Modbus Exception Occurred - See Response Body
[2024-12-10T07:26:57.583Z] Error reading register 6507 for IP 10.30.4.128: A Modbus Exception Occurred - See Response Body
[2024-12-10T07:26:57.584Z] Error reading actual data: A Modbus Exception Occurred - See Response Body
[2024-12-10T07:26:57.584Z] Error writing to Modbus register: A Modbus Exception Occurred - See Response Body
[2024-12-10T07:26:58.595Z] Error reading or processing Modbus registers: A Modbus Exception Occurred - See Response Body
[2024-12-10T07:26:58.597Z] Error reading register 6507 for IP 10.30.4.128: A Modbus Exception Occurred - See Response Body
[2024-12-10T07:26:58.598Z] Error reading actual data: A Modbus Exception Occurred - See Response Body
[2024-12-10T07:26:58.599Z] Error writing to Modbus register: A Modbus Exception Occurred - See Response Body
[2024-12-10T07:26:59.599Z] Error reading or processing Modbus registers: A Modbus Exception Occurred - See Response Body
[2024-12-10T07:26:59.602Z] Error reading register 6507 for IP 10.30.4.128: A Modbus Exception Occurred - See Response Body
[2024-12-10T07:26:59.604Z] Error reading actual data: A Modbus Exception Occurred - See Response Body
[2024-12-10T07:26:59.605Z] Error writing to Modbus register: A Modbus Exception Occurred - See Response Body
[2024-12-10T07:27:00.614Z] Error reading or processing Modbus registers: A Modbus Exception Occurred - See Response Body
[2024-12-10T07:27:00.616Z] Error reading register 6507 for IP 10.30.4.128: A Modbus Exception Occurred - See Response Body
[2024-12-10T07:27:00.617Z] Error reading actual data: A Modbus Exception Occurred - See Response Body
[2024-12-10T07:27:00.618Z] Error writing to Modbus register: A Modbus Exception Occurred - See Response Body
[2024-12-10T07:27:01.616Z] Error reading or processing Modbus registers: A Modbus Exception Occurred - See Response Body
[2024-12-10T07:27:01.618Z] Error reading register 6507 for IP 10.30.4.128: A Modbus Exception Occurred - See Response Body
[2024-12-10T07:27:01.619Z] Error reading actual data: A Modbus Exception Occurred - See Response Body
[2024-12-10T07:27:01.619Z] Error writing to Modbus register: A Modbus Exception Occurred - See Response Body
[2024-12-10T07:27:02.627Z] Error reading or processing Modbus registers: A Modbus Exception Occurred - See Response Body
[2024-12-10T07:27:02.630Z] Error reading register 6507 for IP 10.30.4.128: A Modbus Exception Occurred - See Response Body
[2024-12-10T07:27:02.631Z] Error reading actual data: A Modbus Exception Occurred - See Response Body
[2024-12-10T07:27:02.631Z] Error writing to Modbus register: A Modbus Exception Occurred - See Response Body
[2024-12-10T07:27:03.641Z] Error reading or processing Modbus registers: A Modbus Exception Occurred - See Response Body
[2024-12-10T07:27:03.643Z] Error reading register 6507 for IP 10.30.4.128: A Modbus Exception Occurred - See Response Body
[2024-12-10T07:27:03.644Z] Error reading actual data: A Modbus Exception Occurred - See Response Body
[2024-12-10T07:27:03.645Z] Error writing to Modbus register: A Modbus Exception Occurred - See Response Body
[2024-12-10T07:27:04.643Z] Error reading or processing Modbus registers: A Modbus Exception Occurred - See Response Body
[2024-12-10T07:27:04.645Z] Error reading register 6507 for IP 10.30.4.128: A Modbus Exception Occurred - See Response Body
[2024-12-10T07:27:04.646Z] Error reading actual data: A Modbus Exception Occurred - See Response Body
[2024-12-10T07:27:04.646Z] Error writing to Modbus register: A Modbus Exception Occurred - See Response Body
[2024-12-10T07:27:05.657Z] Error reading or processing Modbus registers: A Modbus Exception Occurred - See Response Body
[2024-12-10T07:27:05.659Z] Error reading register 6507 for IP 10.30.4.128: A Modbus Exception Occurred - See Response Body
[2024-12-10T07:27:05.661Z] Error reading actual data: A Modbus Exception Occurred - See Response Body
[2024-12-10T07:27:05.664Z] Error writing to Modbus register: A Modbus Exception Occurred - See Response Body
[2024-12-10T07:27:06.658Z] Error reading or processing Modbus registers: A Modbus Exception Occurred - See Response Body
[2024-12-10T07:27:06.661Z] Error reading register 6507 for IP 10.30.4.128: A Modbus Exception Occurred - See Response Body
[2024-12-10T07:27:06.661Z] Error reading actual data: A Modbus Exception Occurred - See Response Body
[2024-12-10T07:27:06.662Z] Error writing to Modbus register: A Modbus Exception Occurred - See Response Body
[2024-12-10T07:27:07.673Z] Error reading or processing Modbus registers: A Modbus Exception Occurred - See Response Body
[2024-12-10T07:27:07.676Z] Error reading register 6507 for IP 10.30.4.128: A Modbus Exception Occurred - See Response Body
[2024-12-10T07:27:07.676Z] Error reading actual data: A Modbus Exception Occurred - See Response Body
[2024-12-10T07:27:07.677Z] Error writing to Modbus register: A Modbus Exception Occurred - See Response Body
[2024-12-10T07:27:08.688Z] Error reading or processing Modbus registers: A Modbus Exception Occurred - See Response Body
[2024-12-10T07:27:08.690Z] Error reading register 6507 for IP 10.30.4.128: A Modbus Exception Occurred - See Response Body
[2024-12-10T07:27:08.691Z] Error reading actual data: A Modbus Exception Occurred - See Response Body
[2024-12-10T07:27:08.691Z] Error writing to Modbus register: A Modbus Exception Occurred - See Response Body
[2024-12-10T07:27:09.701Z] Error reading or processing Modbus registers: A Modbus Exception Occurred - See Response Body
[2024-12-10T07:27:09.704Z] Error reading register 6507 for IP 10.30.4.128: A Modbus Exception Occurred - See Response Body
[2024-12-10T07:27:09.705Z] Error reading actual data: A Modbus Exception Occurred - See Response Body
[2024-12-10T07:27:09.705Z] Error writing to Modbus register: A Modbus Exception Occurred - See Response Body
[2024-12-10T07:27:10.715Z] Error reading or processing Modbus registers: A Modbus Exception Occurred - See Response Body
[2024-12-10T07:27:10.718Z] Error reading register 6507 for IP 10.30.4.128: A Modbus Exception Occurred - See Response Body
[2024-12-10T07:27:10.718Z] Error reading actual data: A Modbus Exception Occurred - See Response Body
[2024-12-10T07:27:10.719Z] Error writing to Modbus register: A Modbus Exception Occurred - See Response Body
[2024-12-10T07:27:11.731Z] Error reading or processing Modbus registers: A Modbus Exception Occurred - See Response Body
[2024-12-10T07:27:11.733Z] Error reading register 6507 for IP 10.30.4.128: A Modbus Exception Occurred - See Response Body
[2024-12-10T07:27:11.734Z] Error reading actual data: A Modbus Exception Occurred - See Response Body
[2024-12-10T07:27:11.734Z] Error writing to Modbus register: A Modbus Exception Occurred - See Response Body
[2024-12-10T07:27:12.745Z] Error reading or processing Modbus registers: A Modbus Exception Occurred - See Response Body
[2024-12-10T07:27:12.748Z] Error reading register 6507 for IP 10.30.4.128: A Modbus Exception Occurred - See Response Body
[2024-12-10T07:27:12.748Z] Error reading actual data: A Modbus Exception Occurred - See Response Body
[2024-12-10T07:27:12.749Z] Error writing to Modbus register: A Modbus Exception Occurred - See Response Body
[2024-12-10T07:27:13.760Z] Error reading or processing Modbus registers: A Modbus Exception Occurred - See Response Body
[2024-12-10T07:27:13.762Z] Error reading register 6507 for IP 10.30.4.128: A Modbus Exception Occurred - See Response Body
[2024-12-10T07:27:13.763Z] Error reading actual data: A Modbus Exception Occurred - See Response Body
[2024-12-10T07:27:13.763Z] Error writing to Modbus register: A Modbus Exception Occurred - See Response Body
[2024-12-10T07:27:14.775Z] Error reading or processing Modbus registers: A Modbus Exception Occurred - See Response Body
[2024-12-10T07:27:14.777Z] Error reading register 6507 for IP 10.30.4.128: A Modbus Exception Occurred - See Response Body
[2024-12-10T07:27:14.778Z] Error reading actual data: A Modbus Exception Occurred - See Response Body
[2024-12-10T07:27:14.778Z] Error writing to Modbus register: A Modbus Exception Occurred - See Response Body
[2024-12-10T07:27:15.788Z] Error reading or processing Modbus registers: A Modbus Exception Occurred - See Response Body
[2024-12-10T07:27:15.792Z] Error reading register 6507 for IP 10.30.4.128: A Modbus Exception Occurred - See Response Body
[2024-12-10T07:27:15.792Z] Error reading actual data: A Modbus Exception Occurred - See Response Body
[2024-12-10T07:27:15.793Z] Error writing to Modbus register: A Modbus Exception Occurred - See Response Body
[2024-12-10T07:27:16.790Z] Error reading or processing Modbus registers: A Modbus Exception Occurred - See Response Body
[2024-12-10T07:27:16.793Z] Error reading register 6507 for IP 10.30.4.128: A Modbus Exception Occurred - See Response Body
[2024-12-10T07:27:16.793Z] Error reading actual data: A Modbus Exception Occurred - See Response Body
[2024-12-10T07:27:16.794Z] Error writing to Modbus register: A Modbus Exception Occurred - See Response Body
[2024-12-10T07:27:17.805Z] Error reading or processing Modbus registers: A Modbus Exception Occurred - See Response Body
[2024-12-10T07:27:17.807Z] Error reading register 6507 for IP 10.30.4.128: A Modbus Exception Occurred - See Response Body
[2024-12-10T07:27:17.808Z] Error reading actual data: A Modbus Exception Occurred - See Response Body
[2024-12-10T07:27:17.809Z] Error writing to Modbus register: A Modbus Exception Occurred - See Response Body
[2024-12-10T07:27:18.807Z] Error reading or processing Modbus registers: A Modbus Exception Occurred - See Response Body
[2024-12-10T07:27:18.810Z] Error reading register 6507 for IP 10.30.4.128: A Modbus Exception Occurred - See Response Body
[2024-12-10T07:27:18.810Z] Error reading actual data: A Modbus Exception Occurred - See Response Body
[2024-12-10T07:27:18.811Z] Error writing to Modbus register: A Modbus Exception Occurred - See Response Body
[2024-12-10T07:27:19.820Z] Error reading or processing Modbus registers: A Modbus Exception Occurred - See Response Body
[2024-12-10T07:27:19.822Z] Error reading register 6507 for IP 10.30.4.128: A Modbus Exception Occurred - See Response Body
[2024-12-10T07:27:19.823Z] Error reading actual data: A Modbus Exception Occurred - See Response Body
[2024-12-10T07:27:19.823Z] Error writing to Modbus register: A Modbus Exception Occurred - See Response Body
[2024-12-10T07:27:20.833Z] Error reading or processing Modbus registers: A Modbus Exception Occurred - See Response Body
[2024-12-10T07:27:20.836Z] Error reading register 6507 for IP 10.30.4.128: A Modbus Exception Occurred - See Response Body
[2024-12-10T07:27:20.837Z] Error reading actual data: A Modbus Exception Occurred - See Response Body
[2024-12-10T07:27:20.837Z] Error writing to Modbus register: A Modbus Exception Occurred - See Response Body
[2024-12-10T07:27:21.836Z] Error reading or processing Modbus registers: A Modbus Exception Occurred - See Response Body
[2024-12-10T07:27:21.838Z] Error reading register 6507 for IP 10.30.4.128: A Modbus Exception Occurred - See Response Body
[2024-12-10T07:27:21.839Z] Error reading actual data: A Modbus Exception Occurred - See Response Body
[2024-12-10T07:27:21.840Z] Error writing to Modbus register: A Modbus Exception Occurred - See Response Body
[2024-12-10T07:27:22.850Z] Error reading or processing Modbus registers: A Modbus Exception Occurred - See Response Body
[2024-12-10T07:27:22.856Z] Error reading register 6507 for IP 10.30.4.128: A Modbus Exception Occurred - See Response Body
[2024-12-10T07:27:22.857Z] Error reading actual data: A Modbus Exception Occurred - See Response Body
[2024-12-10T07:27:22.857Z] Error writing to Modbus register: A Modbus Exception Occurred - See Response Body
[2024-12-10T07:27:23.865Z] Error reading or processing Modbus registers: A Modbus Exception Occurred - See Response Body
[2024-12-10T07:27:23.868Z] Error reading register 6507 for IP 10.30.4.128: A Modbus Exception Occurred - See Response Body
[2024-12-10T07:27:23.868Z] Error reading actual data: A Modbus Exception Occurred - See Response Body
[2024-12-10T07:27:23.869Z] Error writing to Modbus register: A Modbus Exception Occurred - See Response Body
[2024-12-10T07:27:24.877Z] Error reading or processing Modbus registers: A Modbus Exception Occurred - See Response Body
[2024-12-10T07:27:24.879Z] Error reading register 6507 for IP 10.30.4.128: A Modbus Exception Occurred - See Response Body
[2024-12-10T07:27:24.880Z] Error reading actual data: A Modbus Exception Occurred - See Response Body
[2024-12-10T07:27:24.881Z] Error writing to Modbus register: A Modbus Exception Occurred - See Response Body
[2024-12-10T07:27:25.880Z] Error reading or processing Modbus registers: A Modbus Exception Occurred - See Response Body
[2024-12-10T07:27:25.882Z] Error reading register 6507 for IP 10.30.4.128: A Modbus Exception Occurred - See Response Body
[2024-12-10T07:27:25.883Z] Error reading actual data: A Modbus Exception Occurred - See Response Body
[2024-12-10T07:27:25.884Z] Error writing to Modbus register: A Modbus Exception Occurred - See Response Body
[2024-12-10T07:27:26.892Z] Error reading or processing Modbus registers: A Modbus Exception Occurred - See Response Body
[2024-12-10T07:27:26.894Z] Error reading register 6507 for IP 10.30.4.128: A Modbus Exception Occurred - See Response Body
[2024-12-10T07:27:26.895Z] Error reading actual data: A Modbus Exception Occurred - See Response Body
[2024-12-10T07:27:26.896Z] Error writing to Modbus register: A Modbus Exception Occurred - See Response Body
[2024-12-10T07:27:27.904Z] Error reading or processing Modbus registers: A Modbus Exception Occurred - See Response Body
[2024-12-10T07:27:27.907Z] Error reading register 6507 for IP 10.30.4.128: A Modbus Exception Occurred - See Response Body
[2024-12-10T07:27:27.908Z] Error reading actual data: A Modbus Exception Occurred - See Response Body
[2024-12-10T07:27:27.908Z] Error writing to Modbus register: A Modbus Exception Occurred - See Response Body
[2024-12-10T07:27:28.910Z] Error reading or processing Modbus registers: A Modbus Exception Occurred - See Response Body
[2024-12-10T07:27:28.912Z] Error reading register 6507 for IP 10.30.4.128: A Modbus Exception Occurred - See Response Body
[2024-12-10T07:27:28.913Z] Error reading actual data: A Modbus Exception Occurred - See Response Body
[2024-12-10T07:27:28.913Z] Error writing to Modbus register: A Modbus Exception Occurred - See Response Body
[2024-12-10T07:27:29.912Z] Error reading or processing Modbus registers: A Modbus Exception Occurred - See Response Body
[2024-12-10T07:27:29.915Z] Error reading register 6507 for IP 10.30.4.128: A Modbus Exception Occurred - See Response Body
[2024-12-10T07:27:29.915Z] Error reading actual data: A Modbus Exception Occurred - See Response Body
[2024-12-10T07:27:29.916Z] Error writing to Modbus register: A Modbus Exception Occurred - See Response Body
[2024-12-10T07:27:30.912Z] Error reading or processing Modbus registers: A Modbus Exception Occurred - See Response Body
[2024-12-10T07:27:30.914Z] Error reading register 6507 for IP 10.30.4.128: A Modbus Exception Occurred - See Response Body
[2024-12-10T07:27:30.915Z] Error reading actual data: A Modbus Exception Occurred - See Response Body
[2024-12-10T07:27:30.915Z] Error writing to Modbus register: A Modbus Exception Occurred - See Response Body
[2024-12-10T07:27:31.912Z] Error reading or processing Modbus registers: A Modbus Exception Occurred - See Response Body
[2024-12-10T07:27:31.914Z] Error reading register 6507 for IP 10.30.4.128: A Modbus Exception Occurred - See Response Body
[2024-12-10T07:27:31.915Z] Error reading actual data: A Modbus Exception Occurred - See Response Body
[2024-12-10T07:27:31.915Z] Error writing to Modbus register: A Modbus Exception Occurred - See Response Body
[2024-12-10T07:27:32.926Z] Error reading or processing Modbus registers: A Modbus Exception Occurred - See Response Body
[2024-12-10T07:27:32.928Z] Error reading register 6507 for IP 10.30.4.128: A Modbus Exception Occurred - See Response Body
[2024-12-10T07:27:32.929Z] Error reading actual data: A Modbus Exception Occurred - See Response Body
[2024-12-10T07:27:32.930Z] Error writing to Modbus register: A Modbus Exception Occurred - See Response Body
[2024-12-10T07:27:33.940Z] Error reading or processing Modbus registers: A Modbus Exception Occurred - See Response Body
[2024-12-10T07:27:33.942Z] Error reading register 6507 for IP 10.30.4.128: A Modbus Exception Occurred - See Response Body
[2024-12-10T07:27:33.943Z] Error reading actual data: A Modbus Exception Occurred - See Response Body
[2024-12-10T07:27:33.944Z] Error writing to Modbus register: A Modbus Exception Occurred - See Response Body
[2024-12-10T07:27:34.946Z] Error reading or processing Modbus registers: A Modbus Exception Occurred - See Response Body
[2024-12-10T07:27:34.949Z] Error reading register 6507 for IP 10.30.4.128: A Modbus Exception Occurred - See Response Body
[2024-12-10T07:27:34.950Z] Error reading actual data: A Modbus Exception Occurred - See Response Body
[2024-12-10T07:27:34.950Z] Error writing to Modbus register: A Modbus Exception Occurred - See Response Body
[2024-12-10T07:27:35.948Z] Error reading or processing Modbus registers: A Modbus Exception Occurred - See Response Body
[2024-12-10T07:27:35.951Z] Error reading register 6507 for IP 10.30.4.128: A Modbus Exception Occurred - See Response Body
[2024-12-10T07:27:35.952Z] Error reading actual data: A Modbus Exception Occurred - See Response Body
[2024-12-10T07:27:35.952Z] Error writing to Modbus register: A Modbus Exception Occurred - See Response Body
[2024-12-10T07:27:36.959Z] Error reading or processing Modbus registers: A Modbus Exception Occurred - See Response Body
[2024-12-10T07:27:36.963Z] Error reading register 6507 for IP 10.30.4.128: A Modbus Exception Occurred - See Response Body
[2024-12-10T07:27:36.963Z] Error reading actual data: A Modbus Exception Occurred - See Response Body
[2024-12-10T07:27:36.964Z] Error writing to Modbus register: A Modbus Exception Occurred - See Response Body
[2024-12-10T07:27:37.971Z] Error reading or processing Modbus registers: A Modbus Exception Occurred - See Response Body
[2024-12-10T07:27:37.974Z] Error reading register 6507 for IP 10.30.4.128: A Modbus Exception Occurred - See Response Body
[2024-12-10T07:27:37.975Z] Error reading actual data: A Modbus Exception Occurred - See Response Body
[2024-12-10T07:27:37.975Z] Error writing to Modbus register: A Modbus Exception Occurred - See Response Body
[2024-12-10T07:27:38.986Z] Error reading or processing Modbus registers: A Modbus Exception Occurred - See Response Body
[2024-12-10T07:27:38.989Z] Error reading register 6507 for IP 10.30.4.128: A Modbus Exception Occurred - See Response Body
[2024-12-10T07:27:38.990Z] Error reading actual data: A Modbus Exception Occurred - See Response Body
[2024-12-10T07:27:38.990Z] Error writing to Modbus register: A Modbus Exception Occurred - See Response Body
[2024-12-10T07:27:39.987Z] Error reading or processing Modbus registers: A Modbus Exception Occurred - See Response Body
[2024-12-10T07:27:39.990Z] Error reading register 6507 for IP 10.30.4.128: A Modbus Exception Occurred - See Response Body
[2024-12-10T07:27:39.991Z] Error reading actual data: A Modbus Exception Occurred - See Response Body
[2024-12-10T07:27:39.991Z] Error writing to Modbus register: A Modbus Exception Occurred - See Response Body
[2024-12-10T07:27:41.001Z] Error reading or processing Modbus registers: A Modbus Exception Occurred - See Response Body
[2024-12-10T07:27:41.004Z] Error reading register 6507 for IP 10.30.4.128: A Modbus Exception Occurred - See Response Body
[2024-12-10T07:27:41.005Z] Error reading actual data: A Modbus Exception Occurred - See Response Body
[2024-12-10T07:27:41.005Z] Error writing to Modbus register: A Modbus Exception Occurred - See Response Body
[2024-12-10T07:27:42.015Z] Error reading or processing Modbus registers: A Modbus Exception Occurred - See Response Body
[2024-12-10T07:27:42.018Z] Error reading register 6507 for IP 10.30.4.128: A Modbus Exception Occurred - See Response Body
[2024-12-10T07:27:42.019Z] Error reading actual data: A Modbus Exception Occurred - See Response Body
[2024-12-10T07:27:42.019Z] Error writing to Modbus register: A Modbus Exception Occurred - See Response Body
[2024-12-10T07:27:43.030Z] Error reading or processing Modbus registers: A Modbus Exception Occurred - See Response Body
[2024-12-10T07:27:43.032Z] Error reading register 6507 for IP 10.30.4.128: A Modbus Exception Occurred - See Response Body
[2024-12-10T07:27:43.033Z] Error reading actual data: A Modbus Exception Occurred - See Response Body
[2024-12-10T07:27:43.033Z] Error writing to Modbus register: A Modbus Exception Occurred - See Response Body
[2024-12-10T07:27:44.044Z] Error reading or processing Modbus registers: A Modbus Exception Occurred - See Response Body
[2024-12-10T07:27:44.047Z] Error reading register 6507 for IP 10.30.4.128: A Modbus Exception Occurred - See Response Body
[2024-12-10T07:27:44.047Z] Error reading actual data: A Modbus Exception Occurred - See Response Body
[2024-12-10T07:27:44.048Z] Error writing to Modbus register: A Modbus Exception Occurred - See Response Body
[2024-12-10T07:27:45.044Z] Error reading or processing Modbus registers: A Modbus Exception Occurred - See Response Body
[2024-12-10T07:27:45.046Z] Error reading register 6507 for IP 10.30.4.128: A Modbus Exception Occurred - See Response Body
[2024-12-10T07:27:45.047Z] Error reading actual data: A Modbus Exception Occurred - See Response Body
[2024-12-10T07:27:45.047Z] Error writing to Modbus register: A Modbus Exception Occurred - See Response Body
[2024-12-10T07:27:46.058Z] Error reading or processing Modbus registers: A Modbus Exception Occurred - See Response Body
[2024-12-10T07:27:46.061Z] Error reading register 6507 for IP 10.30.4.128: A Modbus Exception Occurred - See Response Body
[2024-12-10T07:27:46.062Z] Error reading actual data: A Modbus Exception Occurred - See Response Body
[2024-12-10T07:27:46.063Z] Error writing to Modbus register: A Modbus Exception Occurred - See Response Body
[2024-12-10T07:27:47.072Z] Error reading or processing Modbus registers: A Modbus Exception Occurred - See Response Body
[2024-12-10T07:27:47.074Z] Error reading register 6507 for IP 10.30.4.128: A Modbus Exception Occurred - See Response Body
[2024-12-10T07:27:47.075Z] Error reading actual data: A Modbus Exception Occurred - See Response Body
[2024-12-10T07:27:47.076Z] Error writing to Modbus register: A Modbus Exception Occurred - See Response Body
[2024-12-10T07:27:48.087Z] Error reading or processing Modbus registers: A Modbus Exception Occurred - See Response Body
[2024-12-10T07:27:48.089Z] Error reading register 6507 for IP 10.30.4.128: A Modbus Exception Occurred - See Response Body
[2024-12-10T07:27:48.090Z] Error reading actual data: A Modbus Exception Occurred - See Response Body
[2024-12-10T07:27:48.090Z] Error writing to Modbus register: A Modbus Exception Occurred - See Response Body
[2024-12-10T07:27:49.099Z] Error reading or processing Modbus registers: A Modbus Exception Occurred - See Response Body
[2024-12-10T07:27:49.101Z] Error reading register 6507 for IP 10.30.4.128: A Modbus Exception Occurred - See Response Body
[2024-12-10T07:27:49.102Z] Error reading actual data: A Modbus Exception Occurred - See Response Body
[2024-12-10T07:27:49.103Z] Error writing to Modbus register: A Modbus Exception Occurred - See Response Body
[2024-12-10T07:27:50.114Z] Error reading or processing Modbus registers: A Modbus Exception Occurred - See Response Body
[2024-12-10T07:27:50.116Z] Error reading register 6507 for IP 10.30.4.128: A Modbus Exception Occurred - See Response Body
[2024-12-10T07:27:50.117Z] Error reading actual data: A Modbus Exception Occurred - See Response Body
[2024-12-10T07:27:50.117Z] Error writing to Modbus register: A Modbus Exception Occurred - See Response Body
[2024-12-10T07:27:51.128Z] Error reading or processing Modbus registers: A Modbus Exception Occurred - See Response Body
[2024-12-10T07:27:51.130Z] Error reading register 6507 for IP 10.30.4.128: A Modbus Exception Occurred - See Response Body
[2024-12-10T07:27:51.131Z] Error reading actual data: A Modbus Exception Occurred - See Response Body
[2024-12-10T07:27:51.132Z] Error writing to Modbus register: A Modbus Exception Occurred - See Response Body
[2024-12-10T07:27:52.129Z] Error reading or processing Modbus registers: A Modbus Exception Occurred - See Response Body
[2024-12-10T07:27:52.131Z] Error reading register 6507 for IP 10.30.4.128: A Modbus Exception Occurred - See Response Body
[2024-12-10T07:27:52.132Z] Error reading actual data: A Modbus Exception Occurred - See Response Body
[2024-12-10T07:27:52.133Z] Error writing to Modbus register: A Modbus Exception Occurred - See Response Body
[2024-12-10T07:27:53.139Z] Error reading or processing Modbus registers: A Modbus Exception Occurred - See Response Body
[2024-12-10T07:27:53.141Z] Error reading register 6507 for IP 10.30.4.128: A Modbus Exception Occurred - See Response Body
[2024-12-10T07:27:53.142Z] Error reading actual data: A Modbus Exception Occurred - See Response Body
[2024-12-10T07:27:53.142Z] Error writing to Modbus register: A Modbus Exception Occurred - See Response Body
[2024-12-10T07:27:54.139Z] Error reading or processing Modbus registers: A Modbus Exception Occurred - See Response Body
[2024-12-10T07:27:54.142Z] Error reading register 6507 for IP 10.30.4.128: A Modbus Exception Occurred - See Response Body
[2024-12-10T07:27:54.143Z] Error reading actual data: A Modbus Exception Occurred - See Response Body
[2024-12-10T07:27:54.144Z] Error writing to Modbus register: A Modbus Exception Occurred - See Response Body
[2024-12-10T07:27:55.153Z] Error reading or processing Modbus registers: A Modbus Exception Occurred - See Response Body
[2024-12-10T07:27:55.155Z] Error reading register 6507 for IP 10.30.4.128: A Modbus Exception Occurred - See Response Body
[2024-12-10T07:27:55.156Z] Error reading actual data: A Modbus Exception Occurred - See Response Body
[2024-12-10T07:27:55.157Z] Error writing to Modbus register: A Modbus Exception Occurred - See Response Body
[2024-12-10T07:27:56.168Z] Error reading or processing Modbus registers: A Modbus Exception Occurred - See Response Body
[2024-12-10T07:27:56.171Z] Error reading register 6507 for IP 10.30.4.128: A Modbus Exception Occurred - See Response Body
[2024-12-10T07:27:56.172Z] Error reading actual data: A Modbus Exception Occurred - See Response Body
[2024-12-10T07:27:56.172Z] Error writing to Modbus register: A Modbus Exception Occurred - See Response Body
[2024-12-10T07:27:57.180Z] Error reading or processing Modbus registers: A Modbus Exception Occurred - See Response Body
[2024-12-10T07:27:57.182Z] Error reading register 6507 for IP 10.30.4.128: A Modbus Exception Occurred - See Response Body
[2024-12-10T07:27:57.183Z] Error reading actual data: A Modbus Exception Occurred - See Response Body
[2024-12-10T07:27:57.184Z] Error writing to Modbus register: A Modbus Exception Occurred - See Response Body
[2024-12-10T07:27:58.194Z] Error reading or processing Modbus registers: A Modbus Exception Occurred - See Response Body
[2024-12-10T07:27:58.197Z] Error reading register 6507 for IP 10.30.4.128: A Modbus Exception Occurred - See Response Body
[2024-12-10T07:27:58.198Z] Error reading actual data: A Modbus Exception Occurred - See Response Body
[2024-12-10T07:27:58.198Z] Error writing to Modbus register: A Modbus Exception Occurred - See Response Body
[2024-12-10T07:27:59.194Z] Error reading or processing Modbus registers: A Modbus Exception Occurred - See Response Body
[2024-12-10T07:27:59.197Z] Error reading register 6507 for IP 10.30.4.128: A Modbus Exception Occurred - See Response Body
[2024-12-10T07:27:59.198Z] Error reading actual data: A Modbus Exception Occurred - See Response Body
[2024-12-10T07:27:59.198Z] Error writing to Modbus register: A Modbus Exception Occurred - See Response Body
[2024-12-10T07:28:00.196Z] Error reading or processing Modbus registers: A Modbus Exception Occurred - See Response Body
[2024-12-10T07:28:00.199Z] Error reading register 6507 for IP 10.30.4.128: A Modbus Exception Occurred - See Response Body
[2024-12-10T07:28:00.200Z] Error reading actual data: A Modbus Exception Occurred - See Response Body
[2024-12-10T07:28:00.201Z] Error writing to Modbus register: A Modbus Exception Occurred - See Response Body
[2024-12-10T07:28:01.210Z] Error reading or processing Modbus registers: A Modbus Exception Occurred - See Response Body
[2024-12-10T07:28:01.213Z] Error reading register 6507 for IP 10.30.4.128: A Modbus Exception Occurred - See Response Body
[2024-12-10T07:28:01.214Z] Error reading actual data: A Modbus Exception Occurred - See Response Body
[2024-12-10T07:28:01.215Z] Error writing to Modbus register: A Modbus Exception Occurred - See Response Body
[2024-12-10T07:28:02.211Z] Error reading or processing Modbus registers: A Modbus Exception Occurred - See Response Body
[2024-12-10T07:28:02.213Z] Error reading register 6507 for IP 10.30.4.128: A Modbus Exception Occurred - See Response Body
[2024-12-10T07:28:02.214Z] Error reading actual data: A Modbus Exception Occurred - See Response Body
[2024-12-10T07:28:02.215Z] Error writing to Modbus register: A Modbus Exception Occurred - See Response Body
[2024-12-10T07:28:03.225Z] Error reading or processing Modbus registers: A Modbus Exception Occurred - See Response Body
[2024-12-10T07:28:03.228Z] Error reading register 6507 for IP 10.30.4.128: A Modbus Exception Occurred - See Response Body
[2024-12-10T07:28:03.229Z] Error reading actual data: A Modbus Exception Occurred - See Response Body
[2024-12-10T07:28:03.230Z] Error writing to Modbus register: A Modbus Exception Occurred - See Response Body
[2024-12-10T07:28:04.240Z] Error reading or processing Modbus registers: A Modbus Exception Occurred - See Response Body
[2024-12-10T07:28:04.242Z] Error reading register 6507 for IP 10.30.4.128: A Modbus Exception Occurred - See Response Body
[2024-12-10T07:28:04.243Z] Error reading actual data: A Modbus Exception Occurred - See Response Body
[2024-12-10T07:28:04.244Z] Error writing to Modbus register: A Modbus Exception Occurred - See Response Body
[2024-12-10T07:28:05.243Z] Error reading or processing Modbus registers: A Modbus Exception Occurred - See Response Body
[2024-12-10T07:28:05.246Z] Error reading register 6507 for IP 10.30.4.128: A Modbus Exception Occurred - See Response Body
[2024-12-10T07:28:05.246Z] Error reading actual data: A Modbus Exception Occurred - See Response Body
[2024-12-10T07:28:05.247Z] Error writing to Modbus register: A Modbus Exception Occurred - See Response Body
[2024-12-10T07:28:06.243Z] Error reading or processing Modbus registers: A Modbus Exception Occurred - See Response Body
[2024-12-10T07:28:06.246Z] Error reading register 6507 for IP 10.30.4.128: A Modbus Exception Occurred - See Response Body
[2024-12-10T07:28:06.247Z] Error reading actual data: A Modbus Exception Occurred - See Response Body
[2024-12-10T07:28:06.247Z] Error writing to Modbus register: A Modbus Exception Occurred - See Response Body
[2024-12-10T07:28:07.254Z] Error reading or processing Modbus registers: A Modbus Exception Occurred - See Response Body
[2024-12-10T07:28:07.256Z] Error reading register 6507 for IP 10.30.4.128: A Modbus Exception Occurred - See Response Body
[2024-12-10T07:28:07.257Z] Error reading actual data: A Modbus Exception Occurred - See Response Body
[2024-12-10T07:28:07.257Z] Error writing to Modbus register: A Modbus Exception Occurred - See Response Body
[2024-12-10T07:28:08.254Z] Error reading or processing Modbus registers: A Modbus Exception Occurred - See Response Body
[2024-12-10T07:28:08.257Z] Error reading register 6507 for IP 10.30.4.128: A Modbus Exception Occurred - See Response Body
[2024-12-10T07:28:08.257Z] Error reading actual data: A Modbus Exception Occurred - See Response Body
[2024-12-10T07:28:08.258Z] Error writing to Modbus register: A Modbus Exception Occurred - See Response Body
[2024-12-10T07:28:09.264Z] Error reading or processing Modbus registers: A Modbus Exception Occurred - See Response Body
[2024-12-10T07:28:09.266Z] Error reading register 6507 for IP 10.30.4.128: A Modbus Exception Occurred - See Response Body
[2024-12-10T07:28:09.267Z] Error reading actual data: A Modbus Exception Occurred - See Response Body
[2024-12-10T07:28:09.268Z] Error writing to Modbus register: A Modbus Exception Occurred - See Response Body
[2024-12-10T07:28:10.278Z] Error reading or processing Modbus registers: A Modbus Exception Occurred - See Response Body
[2024-12-10T07:28:10.281Z] Error reading register 6507 for IP 10.30.4.128: A Modbus Exception Occurred - See Response Body
[2024-12-10T07:28:10.281Z] Error reading actual data: A Modbus Exception Occurred - See Response Body
[2024-12-10T07:28:10.282Z] Error writing to Modbus register: A Modbus Exception Occurred - See Response Body
[2024-12-10T07:28:11.278Z] Error reading or processing Modbus registers: A Modbus Exception Occurred - See Response Body
[2024-12-10T07:28:11.281Z] Error reading register 6507 for IP 10.30.4.128: A Modbus Exception Occurred - See Response Body
[2024-12-10T07:28:11.282Z] Error reading actual data: A Modbus Exception Occurred - See Response Body
[2024-12-10T07:28:11.282Z] Error writing to Modbus register: A Modbus Exception Occurred - See Response Body
[2024-12-10T07:28:12.292Z] Error reading or processing Modbus registers: A Modbus Exception Occurred - See Response Body
[2024-12-10T07:28:12.294Z] Error reading register 6507 for IP 10.30.4.128: A Modbus Exception Occurred - See Response Body
[2024-12-10T07:28:12.295Z] Error reading actual data: A Modbus Exception Occurred - See Response Body
[2024-12-10T07:28:12.296Z] Error writing to Modbus register: A Modbus Exception Occurred - See Response Body
[2024-12-10T07:28:13.294Z] Error reading or processing Modbus registers: A Modbus Exception Occurred - See Response Body
[2024-12-10T07:28:13.297Z] Error reading register 6507 for IP 10.30.4.128: A Modbus Exception Occurred - See Response Body
[2024-12-10T07:28:13.297Z] Error reading actual data: A Modbus Exception Occurred - See Response Body
[2024-12-10T07:28:13.298Z] Error writing to Modbus register: A Modbus Exception Occurred - See Response Body
[2024-12-10T07:28:14.297Z] Error reading or processing Modbus registers: A Modbus Exception Occurred - See Response Body
[2024-12-10T07:28:14.300Z] Error reading register 6507 for IP 10.30.4.128: A Modbus Exception Occurred - See Response Body
[2024-12-10T07:28:14.300Z] Error reading actual data: A Modbus Exception Occurred - See Response Body
[2024-12-10T07:28:14.301Z] Error writing to Modbus register: A Modbus Exception Occurred - See Response Body
[2024-12-10T07:28:15.310Z] Error reading or processing Modbus registers: A Modbus Exception Occurred - See Response Body
[2024-12-10T07:28:15.312Z] Error reading register 6507 for IP 10.30.4.128: A Modbus Exception Occurred - See Response Body
[2024-12-10T07:28:15.313Z] Error reading actual data: A Modbus Exception Occurred - See Response Body
[2024-12-10T07:28:15.313Z] Error writing to Modbus register: A Modbus Exception Occurred - See Response Body
[2024-12-10T07:28:16.312Z] Error reading or processing Modbus registers: A Modbus Exception Occurred - See Response Body
[2024-12-10T07:28:16.314Z] Error reading register 6507 for IP 10.30.4.128: A Modbus Exception Occurred - See Response Body
[2024-12-10T07:28:16.315Z] Error reading actual data: A Modbus Exception Occurred - See Response Body
[2024-12-10T07:28:16.315Z] Error writing to Modbus register: A Modbus Exception Occurred - See Response Body
[2024-12-10T07:28:17.322Z] Error reading or processing Modbus registers: A Modbus Exception Occurred - See Response Body
[2024-12-10T07:28:17.324Z] Error reading register 6507 for IP 10.30.4.128: A Modbus Exception Occurred - See Response Body
[2024-12-10T07:28:17.325Z] Error reading actual data: A Modbus Exception Occurred - See Response Body
[2024-12-10T07:28:17.326Z] Error writing to Modbus register: A Modbus Exception Occurred - See Response Body
[2024-12-10T07:28:18.323Z] Error reading or processing Modbus registers: A Modbus Exception Occurred - See Response Body
[2024-12-10T07:28:18.326Z] Error reading register 6507 for IP 10.30.4.128: A Modbus Exception Occurred - See Response Body
[2024-12-10T07:28:18.327Z] Error reading actual data: A Modbus Exception Occurred - See Response Body
[2024-12-10T07:28:18.327Z] Error writing to Modbus register: A Modbus Exception Occurred - See Response Body
[2024-12-10T07:28:19.338Z] Error reading or processing Modbus registers: A Modbus Exception Occurred - See Response Body
[2024-12-10T07:28:19.340Z] Error reading register 6507 for IP 10.30.4.128: A Modbus Exception Occurred - See Response Body
[2024-12-10T07:28:19.341Z] Error reading actual data: A Modbus Exception Occurred - See Response Body
[2024-12-10T07:28:19.341Z] Error writing to Modbus register: A Modbus Exception Occurred - See Response Body
[2024-12-10T07:28:20.338Z] Error reading or processing Modbus registers: A Modbus Exception Occurred - See Response Body
[2024-12-10T07:28:20.340Z] Error reading register 6507 for IP 10.30.4.128: A Modbus Exception Occurred - See Response Body
[2024-12-10T07:28:20.340Z] Error reading actual data: A Modbus Exception Occurred - See Response Body
[2024-12-10T07:28:20.341Z] Error writing to Modbus register: A Modbus Exception Occurred - See Response Body
[2024-12-10T07:28:21.351Z] Error reading or processing Modbus registers: A Modbus Exception Occurred - See Response Body
[2024-12-10T07:28:21.353Z] Error reading register 6507 for IP 10.30.4.128: A Modbus Exception Occurred - See Response Body
[2024-12-10T07:28:21.353Z] Error reading actual data: A Modbus Exception Occurred - See Response Body
[2024-12-10T07:28:21.354Z] Error writing to Modbus register: A Modbus Exception Occurred - See Response Body
[2024-12-10T07:28:22.350Z] Error reading or processing Modbus registers: A Modbus Exception Occurred - See Response Body
[2024-12-10T07:28:22.352Z] Error reading register 6507 for IP 10.30.4.128: A Modbus Exception Occurred - See Response Body
[2024-12-10T07:28:22.353Z] Error reading actual data: A Modbus Exception Occurred - See Response Body
[2024-12-10T07:28:22.354Z] Error writing to Modbus register: A Modbus Exception Occurred - See Response Body
[2024-12-10T07:28:23.351Z] Error reading or processing Modbus registers: A Modbus Exception Occurred - See Response Body
[2024-12-10T07:28:23.353Z] Error reading register 6507 for IP 10.30.4.128: A Modbus Exception Occurred - See Response Body
[2024-12-10T07:28:23.354Z] Error reading actual data: A Modbus Exception Occurred - See Response Body
[2024-12-10T07:28:23.355Z] Error writing to Modbus register: A Modbus Exception Occurred - See Response Body
[2024-12-10T07:28:24.364Z] Error reading or processing Modbus registers: A Modbus Exception Occurred - See Response Body
[2024-12-10T07:28:24.366Z] Error reading register 6507 for IP 10.30.4.128: A Modbus Exception Occurred - See Response Body
[2024-12-10T07:28:24.367Z] Error reading actual data: A Modbus Exception Occurred - See Response Body
[2024-12-10T07:28:24.368Z] Error writing to Modbus register: A Modbus Exception Occurred - See Response Body
[2024-12-10T07:28:25.376Z] Error reading or processing Modbus registers: A Modbus Exception Occurred - See Response Body
[2024-12-10T07:28:25.379Z] Error reading register 6507 for IP 10.30.4.128: A Modbus Exception Occurred - See Response Body
[2024-12-10T07:28:25.379Z] Error reading actual data: A Modbus Exception Occurred - See Response Body
[2024-12-10T07:28:25.380Z] Error writing to Modbus register: A Modbus Exception Occurred - See Response Body
[2024-12-10T07:28:26.390Z] Error reading or processing Modbus registers: A Modbus Exception Occurred - See Response Body
[2024-12-10T07:28:26.393Z] Error reading register 6507 for IP 10.30.4.128: A Modbus Exception Occurred - See Response Body
[2024-12-10T07:28:26.393Z] Error reading actual data: A Modbus Exception Occurred - See Response Body
[2024-12-10T07:28:26.394Z] Error writing to Modbus register: A Modbus Exception Occurred - See Response Body
[2024-12-10T07:28:27.399Z] Error reading or processing Modbus registers: A Modbus Exception Occurred - See Response Body
[2024-12-10T07:28:27.401Z] Error reading register 6507 for IP 10.30.4.128: A Modbus Exception Occurred - See Response Body
[2024-12-10T07:28:27.402Z] Error reading actual data: A Modbus Exception Occurred - See Response Body
[2024-12-10T07:28:27.402Z] Error writing to Modbus register: A Modbus Exception Occurred - See Response Body
[2024-12-10T07:28:28.411Z] Error reading or processing Modbus registers: A Modbus Exception Occurred - See Response Body
[2024-12-10T07:28:28.414Z] Error reading register 6507 for IP 10.30.4.128: A Modbus Exception Occurred - See Response Body
[2024-12-10T07:28:28.414Z] Error reading actual data: A Modbus Exception Occurred - See Response Body
[2024-12-10T07:28:28.415Z] Error writing to Modbus register: A Modbus Exception Occurred - See Response Body
[2024-12-10T07:28:29.413Z] Error reading or processing Modbus registers: A Modbus Exception Occurred - See Response Body
[2024-12-10T07:28:29.415Z] Error reading register 6507 for IP 10.30.4.128: A Modbus Exception Occurred - See Response Body
[2024-12-10T07:28:29.416Z] Error reading actual data: A Modbus Exception Occurred - See Response Body
[2024-12-10T07:28:29.417Z] Error writing to Modbus register: A Modbus Exception Occurred - See Response Body
[2024-12-10T07:28:30.417Z] Error reading or processing Modbus registers: A Modbus Exception Occurred - See Response Body
[2024-12-10T07:28:30.420Z] Error reading register 6507 for IP 10.30.4.128: A Modbus Exception Occurred - See Response Body
[2024-12-10T07:28:30.421Z] Error reading actual data: A Modbus Exception Occurred - See Response Body
[2024-12-10T07:28:30.421Z] Error writing to Modbus register: A Modbus Exception Occurred - See Response Body
[2024-12-10T07:28:31.423Z] Error reading or processing Modbus registers: A Modbus Exception Occurred - See Response Body
[2024-12-10T07:28:31.425Z] Error reading register 6507 for IP 10.30.4.128: A Modbus Exception Occurred - See Response Body
[2024-12-10T07:28:31.426Z] Error reading actual data: A Modbus Exception Occurred - See Response Body
[2024-12-10T07:28:31.427Z] Error writing to Modbus register: A Modbus Exception Occurred - See Response Body
[2024-12-10T07:28:32.438Z] Error reading or processing Modbus registers: A Modbus Exception Occurred - See Response Body
[2024-12-10T07:28:32.441Z] Error reading register 6507 for IP 10.30.4.128: A Modbus Exception Occurred - See Response Body
[2024-12-10T07:28:32.441Z] Error reading actual data: A Modbus Exception Occurred - See Response Body
[2024-12-10T07:28:32.442Z] Error writing to Modbus register: A Modbus Exception Occurred - See Response Body
[2024-12-10T07:28:33.440Z] Error reading or processing Modbus registers: A Modbus Exception Occurred - See Response Body
[2024-12-10T07:28:33.443Z] Error reading register 6507 for IP 10.30.4.128: A Modbus Exception Occurred - See Response Body
[2024-12-10T07:28:33.444Z] Error reading actual data: A Modbus Exception Occurred - See Response Body
[2024-12-10T07:28:33.445Z] Error writing to Modbus register: A Modbus Exception Occurred - See Response Body
[2024-12-10T07:28:34.441Z] Error reading or processing Modbus registers: A Modbus Exception Occurred - See Response Body
[2024-12-10T07:28:34.444Z] Error reading register 6507 for IP 10.30.4.128: A Modbus Exception Occurred - See Response Body
[2024-12-10T07:28:34.444Z] Error reading actual data: A Modbus Exception Occurred - See Response Body
[2024-12-10T07:28:34.445Z] Error writing to Modbus register: A Modbus Exception Occurred - See Response Body
[2024-12-10T07:28:35.442Z] Error reading or processing Modbus registers: A Modbus Exception Occurred - See Response Body
[2024-12-10T07:28:35.445Z] Error reading register 6507 for IP 10.30.4.128: A Modbus Exception Occurred - See Response Body
[2024-12-10T07:28:35.446Z] Error reading actual data: A Modbus Exception Occurred - See Response Body
[2024-12-10T07:28:35.446Z] Error writing to Modbus register: A Modbus Exception Occurred - See Response Body
[2024-12-10T07:28:36.457Z] Error reading or processing Modbus registers: A Modbus Exception Occurred - See Response Body
[2024-12-10T07:28:36.459Z] Error reading register 6507 for IP 10.30.4.128: A Modbus Exception Occurred - See Response Body
[2024-12-10T07:28:36.460Z] Error reading actual data: A Modbus Exception Occurred - See Response Body
[2024-12-10T07:28:36.460Z] Error writing to Modbus register: A Modbus Exception Occurred - See Response Body
[2024-12-10T07:28:37.470Z] Error reading or processing Modbus registers: A Modbus Exception Occurred - See Response Body
[2024-12-10T07:28:37.472Z] Error reading register 6507 for IP 10.30.4.128: A Modbus Exception Occurred - See Response Body
[2024-12-10T07:28:37.473Z] Error reading actual data: A Modbus Exception Occurred - See Response Body
[2024-12-10T07:28:37.474Z] Error writing to Modbus register: A Modbus Exception Occurred - See Response Body
[2024-12-10T07:28:38.484Z] Error reading or processing Modbus registers: A Modbus Exception Occurred - See Response Body
[2024-12-10T07:28:38.487Z] Error reading register 6507 for IP 10.30.4.128: A Modbus Exception Occurred - See Response Body
[2024-12-10T07:28:38.488Z] Error reading actual data: A Modbus Exception Occurred - See Response Body
[2024-12-10T07:28:38.488Z] Error writing to Modbus register: A Modbus Exception Occurred - See Response Body
[2024-12-10T07:28:39.486Z] Error reading or processing Modbus registers: A Modbus Exception Occurred - See Response Body
[2024-12-10T07:28:39.489Z] Error reading register 6507 for IP 10.30.4.128: A Modbus Exception Occurred - See Response Body
[2024-12-10T07:28:39.489Z] Error reading actual data: A Modbus Exception Occurred - See Response Body
[2024-12-10T07:28:39.490Z] Error writing to Modbus register: A Modbus Exception Occurred - See Response Body
[2024-12-10T07:28:40.499Z] Error reading or processing Modbus registers: A Modbus Exception Occurred - See Response Body
[2024-12-10T07:28:40.501Z] Error reading register 6507 for IP 10.30.4.128: A Modbus Exception Occurred - See Response Body
[2024-12-10T07:28:40.502Z] Error reading actual data: A Modbus Exception Occurred - See Response Body
[2024-12-10T07:28:40.502Z] Error writing to Modbus register: A Modbus Exception Occurred - See Response Body
[2024-12-10T07:28:41.500Z] Error reading or processing Modbus registers: A Modbus Exception Occurred - See Response Body
[2024-12-10T07:28:41.502Z] Error reading register 6507 for IP 10.30.4.128: A Modbus Exception Occurred - See Response Body
[2024-12-10T07:28:41.503Z] Error reading actual data: A Modbus Exception Occurred - See Response Body
[2024-12-10T07:28:41.503Z] Error writing to Modbus register: A Modbus Exception Occurred - See Response Body
[2024-12-10T07:28:42.515Z] Error reading or processing Modbus registers: A Modbus Exception Occurred - See Response Body
[2024-12-10T07:28:42.517Z] Error reading register 6507 for IP 10.30.4.128: A Modbus Exception Occurred - See Response Body
[2024-12-10T07:28:42.518Z] Error reading actual data: A Modbus Exception Occurred - See Response Body
[2024-12-10T07:28:42.519Z] Error writing to Modbus register: A Modbus Exception Occurred - See Response Body
[2024-12-10T07:28:43.517Z] Error reading or processing Modbus registers: A Modbus Exception Occurred - See Response Body
[2024-12-10T07:28:43.519Z] Error reading register 6507 for IP 10.30.4.128: A Modbus Exception Occurred - See Response Body
[2024-12-10T07:28:43.520Z] Error reading actual data: A Modbus Exception Occurred - See Response Body
[2024-12-10T07:28:43.520Z] Error writing to Modbus register: A Modbus Exception Occurred - See Response Body
[2024-12-10T07:28:44.531Z] Error reading or processing Modbus registers: A Modbus Exception Occurred - See Response Body
[2024-12-10T07:28:44.533Z] Error reading register 6507 for IP 10.30.4.128: A Modbus Exception Occurred - See Response Body
[2024-12-10T07:28:44.533Z] Error reading actual data: A Modbus Exception Occurred - See Response Body
[2024-12-10T07:28:44.534Z] Error writing to Modbus register: A Modbus Exception Occurred - See Response Body
[2024-12-10T07:28:45.546Z] Error reading or processing Modbus registers: A Modbus Exception Occurred - See Response Body
[2024-12-10T07:28:45.548Z] Error reading register 6507 for IP 10.30.4.128: A Modbus Exception Occurred - See Response Body
[2024-12-10T07:28:45.549Z] Error reading actual data: A Modbus Exception Occurred - See Response Body
[2024-12-10T07:28:45.549Z] Error writing to Modbus register: A Modbus Exception Occurred - See Response Body
[2024-12-10T07:28:46.549Z] Error reading or processing Modbus registers: A Modbus Exception Occurred - See Response Body
[2024-12-10T07:28:46.551Z] Error reading register 6507 for IP 10.30.4.128: A Modbus Exception Occurred - See Response Body
[2024-12-10T07:28:46.552Z] Error reading actual data: A Modbus Exception Occurred - See Response Body
[2024-12-10T07:28:46.553Z] Error writing to Modbus register: A Modbus Exception Occurred - See Response Body
[2024-12-10T07:28:47.556Z] Error reading or processing Modbus registers: A Modbus Exception Occurred - See Response Body
[2024-12-10T07:28:47.558Z] Error reading register 6507 for IP 10.30.4.128: A Modbus Exception Occurred - See Response Body
[2024-12-10T07:28:47.559Z] Error reading actual data: A Modbus Exception Occurred - See Response Body
[2024-12-10T07:28:47.559Z] Error writing to Modbus register: A Modbus Exception Occurred - See Response Body
[2024-12-10T07:28:48.570Z] Error reading or processing Modbus registers: A Modbus Exception Occurred - See Response Body
[2024-12-10T07:28:48.572Z] Error reading register 6507 for IP 10.30.4.128: A Modbus Exception Occurred - See Response Body
[2024-12-10T07:28:48.573Z] Error reading actual data: A Modbus Exception Occurred - See Response Body
[2024-12-10T07:28:48.573Z] Error writing to Modbus register: A Modbus Exception Occurred - See Response Body
[2024-12-10T07:28:49.583Z] Error reading or processing Modbus registers: A Modbus Exception Occurred - See Response Body
[2024-12-10T07:28:49.586Z] Error reading register 6507 for IP 10.30.4.128: A Modbus Exception Occurred - See Response Body
[2024-12-10T07:28:49.586Z] Error reading actual data: A Modbus Exception Occurred - See Response Body
[2024-12-10T07:28:49.587Z] Error writing to Modbus register: A Modbus Exception Occurred - See Response Body
[2024-12-10T07:28:50.595Z] Error reading or processing Modbus registers: A Modbus Exception Occurred - See Response Body
[2024-12-10T07:28:50.598Z] Error reading register 6507 for IP 10.30.4.128: A Modbus Exception Occurred - See Response Body
[2024-12-10T07:28:50.599Z] Error reading actual data: A Modbus Exception Occurred - See Response Body
[2024-12-10T07:28:50.599Z] Error writing to Modbus register: A Modbus Exception Occurred - See Response Body
[2024-12-10T07:28:51.610Z] Error reading or processing Modbus registers: A Modbus Exception Occurred - See Response Body
[2024-12-10T07:28:51.613Z] Error reading register 6507 for IP 10.30.4.128: A Modbus Exception Occurred - See Response Body
[2024-12-10T07:28:51.614Z] Error reading actual data: A Modbus Exception Occurred - See Response Body
[2024-12-10T07:28:51.614Z] Error writing to Modbus register: A Modbus Exception Occurred - See Response Body
[2024-12-10T07:28:52.623Z] Error reading or processing Modbus registers: A Modbus Exception Occurred - See Response Body
[2024-12-10T07:28:52.626Z] Error reading register 6507 for IP 10.30.4.128: A Modbus Exception Occurred - See Response Body
[2024-12-10T07:28:52.626Z] Error reading actual data: A Modbus Exception Occurred - See Response Body
[2024-12-10T07:28:52.627Z] Error writing to Modbus register: A Modbus Exception Occurred - See Response Body
[2024-12-10T07:28:53.625Z] Error reading or processing Modbus registers: A Modbus Exception Occurred - See Response Body
[2024-12-10T07:28:53.627Z] Error reading register 6507 for IP 10.30.4.128: A Modbus Exception Occurred - See Response Body
[2024-12-10T07:28:53.628Z] Error reading actual data: A Modbus Exception Occurred - See Response Body
[2024-12-10T07:28:53.629Z] Error writing to Modbus register: A Modbus Exception Occurred - See Response Body
[2024-12-10T07:28:54.638Z] Error reading or processing Modbus registers: A Modbus Exception Occurred - See Response Body
[2024-12-10T07:28:54.641Z] Error reading register 6507 for IP 10.30.4.128: A Modbus Exception Occurred - See Response Body
[2024-12-10T07:28:54.642Z] Error reading actual data: A Modbus Exception Occurred - See Response Body
[2024-12-10T07:28:54.642Z] Error writing to Modbus register: A Modbus Exception Occurred - See Response Body
[2024-12-10T07:28:55.649Z] Error reading or processing Modbus registers: A Modbus Exception Occurred - See Response Body
[2024-12-10T07:28:55.652Z] Error reading register 6507 for IP 10.30.4.128: A Modbus Exception Occurred - See Response Body
[2024-12-10T07:28:55.653Z] Error reading actual data: A Modbus Exception Occurred - See Response Body
[2024-12-10T07:28:55.654Z] Error writing to Modbus register: A Modbus Exception Occurred - See Response Body
[2024-12-10T07:28:56.649Z] Error reading or processing Modbus registers: A Modbus Exception Occurred - See Response Body
[2024-12-10T07:28:56.652Z] Error reading register 6507 for IP 10.30.4.128: A Modbus Exception Occurred - See Response Body
[2024-12-10T07:28:56.653Z] Error reading actual data: A Modbus Exception Occurred - See Response Body
[2024-12-10T07:28:56.653Z] Error writing to Modbus register: A Modbus Exception Occurred - See Response Body
[2024-12-10T07:28:57.663Z] Error reading or processing Modbus registers: A Modbus Exception Occurred - See Response Body
[2024-12-10T07:28:57.666Z] Error reading register 6507 for IP 10.30.4.128: A Modbus Exception Occurred - See Response Body
[2024-12-10T07:28:57.666Z] Error reading actual data: A Modbus Exception Occurred - See Response Body
[2024-12-10T07:28:57.667Z] Error writing to Modbus register: A Modbus Exception Occurred - See Response Body
[2024-12-10T07:28:58.675Z] Error reading or processing Modbus registers: A Modbus Exception Occurred - See Response Body
[2024-12-10T07:28:58.677Z] Error reading register 6507 for IP 10.30.4.128: A Modbus Exception Occurred - See Response Body
[2024-12-10T07:28:58.677Z] Error reading actual data: A Modbus Exception Occurred - See Response Body
[2024-12-10T07:28:58.678Z] Error writing to Modbus register: A Modbus Exception Occurred - See Response Body
[2024-12-10T07:28:59.678Z] Error reading or processing Modbus registers: A Modbus Exception Occurred - See Response Body
[2024-12-10T07:28:59.681Z] Error reading register 6507 for IP 10.30.4.128: A Modbus Exception Occurred - See Response Body
[2024-12-10T07:28:59.681Z] Error reading actual data: A Modbus Exception Occurred - See Response Body
[2024-12-10T07:28:59.682Z] Error writing to Modbus register: A Modbus Exception Occurred - See Response Body
[2024-12-10T07:29:00.690Z] Error reading or processing Modbus registers: A Modbus Exception Occurred - See Response Body
[2024-12-10T07:29:00.692Z] Error reading register 6507 for IP 10.30.4.128: A Modbus Exception Occurred - See Response Body
[2024-12-10T07:29:00.693Z] Error reading actual data: A Modbus Exception Occurred - See Response Body
[2024-12-10T07:29:00.693Z] Error writing to Modbus register: A Modbus Exception Occurred - See Response Body
[2024-12-10T07:29:01.702Z] Error reading or processing Modbus registers: A Modbus Exception Occurred - See Response Body
[2024-12-10T07:29:01.705Z] Error reading register 6507 for IP 10.30.4.128: A Modbus Exception Occurred - See Response Body
[2024-12-10T07:29:01.705Z] Error reading actual data: A Modbus Exception Occurred - See Response Body
[2024-12-10T07:29:01.706Z] Error writing to Modbus register: A Modbus Exception Occurred - See Response Body
[2024-12-10T07:29:02.702Z] Error reading or processing Modbus registers: A Modbus Exception Occurred - See Response Body
[2024-12-10T07:29:02.705Z] Error reading register 6507 for IP 10.30.4.128: A Modbus Exception Occurred - See Response Body
[2024-12-10T07:29:02.706Z] Error reading actual data: A Modbus Exception Occurred - See Response Body
[2024-12-10T07:29:02.706Z] Error writing to Modbus register: A Modbus Exception Occurred - See Response Body
[2024-12-10T07:29:03.703Z] Error reading or processing Modbus registers: A Modbus Exception Occurred - See Response Body
[2024-12-10T07:29:03.706Z] Error reading register 6507 for IP 10.30.4.128: A Modbus Exception Occurred - See Response Body
[2024-12-10T07:29:03.707Z] Error reading actual data: A Modbus Exception Occurred - See Response Body
[2024-12-10T07:29:03.707Z] Error writing to Modbus register: A Modbus Exception Occurred - See Response Body
[2024-12-10T07:29:04.719Z] Error reading or processing Modbus registers: A Modbus Exception Occurred - See Response Body
[2024-12-10T07:29:04.721Z] Error reading register 6507 for IP 10.30.4.128: A Modbus Exception Occurred - See Response Body
[2024-12-10T07:29:04.722Z] Error reading actual data: A Modbus Exception Occurred - See Response Body
[2024-12-10T07:29:04.722Z] Error writing to Modbus register: A Modbus Exception Occurred - See Response Body
[2024-12-10T07:29:05.732Z] Error reading or processing Modbus registers: A Modbus Exception Occurred - See Response Body
[2024-12-10T07:29:05.735Z] Error reading register 6507 for IP 10.30.4.128: A Modbus Exception Occurred - See Response Body
[2024-12-10T07:29:05.736Z] Error reading actual data: A Modbus Exception Occurred - See Response Body
[2024-12-10T07:29:05.736Z] Error writing to Modbus register: A Modbus Exception Occurred - See Response Body
[2024-12-10T07:29:06.736Z] Error reading or processing Modbus registers: A Modbus Exception Occurred - See Response Body
[2024-12-10T07:29:06.740Z] Error reading register 6507 for IP 10.30.4.128: A Modbus Exception Occurred - See Response Body
[2024-12-10T07:29:06.741Z] Error reading actual data: A Modbus Exception Occurred - See Response Body
[2024-12-10T07:29:06.742Z] Error writing to Modbus register: A Modbus Exception Occurred - See Response Body
[2024-12-10T07:29:07.737Z] Error reading or processing Modbus registers: A Modbus Exception Occurred - See Response Body
[2024-12-10T07:29:07.742Z] Error reading actual data: A Modbus Exception Occurred - See Response Body
[2024-12-10T07:29:07.741Z] Error reading register 6507 for IP 10.30.4.128: A Modbus Exception Occurred - See Response Body
[2024-12-10T07:29:07.743Z] Error writing to Modbus register: A Modbus Exception Occurred - See Response Body
[2024-12-10T07:29:08.740Z] Error reading or processing Modbus registers: A Modbus Exception Occurred - See Response Body
[2024-12-10T07:29:08.743Z] Error reading register 6507 for IP 10.30.4.128: A Modbus Exception Occurred - See Response Body
[2024-12-10T07:29:08.744Z] Error reading actual data: A Modbus Exception Occurred - See Response Body
[2024-12-10T07:29:08.744Z] Error writing to Modbus register: A Modbus Exception Occurred - See Response Body
[2024-12-10T07:29:09.741Z] Error reading or processing Modbus registers: A Modbus Exception Occurred - See Response Body
[2024-12-10T07:29:09.744Z] Error reading register 6507 for IP 10.30.4.128: A Modbus Exception Occurred - See Response Body
[2024-12-10T07:29:09.744Z] Error reading actual data: A Modbus Exception Occurred - See Response Body
[2024-12-10T07:29:09.745Z] Error writing to Modbus register: A Modbus Exception Occurred - See Response Body
[2024-12-10T07:29:10.754Z] Error reading or processing Modbus registers: A Modbus Exception Occurred - See Response Body
[2024-12-10T07:29:10.756Z] Error reading register 6507 for IP 10.30.4.128: A Modbus Exception Occurred - See Response Body
[2024-12-10T07:29:10.757Z] Error reading actual data: A Modbus Exception Occurred - See Response Body
[2024-12-10T07:29:10.757Z] Error writing to Modbus register: A Modbus Exception Occurred - See Response Body
[2024-12-10T07:29:11.767Z] Error reading or processing Modbus registers: A Modbus Exception Occurred - See Response Body
[2024-12-10T07:29:11.770Z] Error reading register 6507 for IP 10.30.4.128: A Modbus Exception Occurred - See Response Body
[2024-12-10T07:29:11.771Z] Error reading actual data: A Modbus Exception Occurred - See Response Body
[2024-12-10T07:29:11.771Z] Error writing to Modbus register: A Modbus Exception Occurred - See Response Body
[2024-12-10T07:29:12.782Z] Error reading or processing Modbus registers: A Modbus Exception Occurred - See Response Body
[2024-12-10T07:29:12.785Z] Error reading register 6507 for IP 10.30.4.128: A Modbus Exception Occurred - See Response Body
[2024-12-10T07:29:12.786Z] Error reading actual data: A Modbus Exception Occurred - See Response Body
[2024-12-10T07:29:12.786Z] Error writing to Modbus register: A Modbus Exception Occurred - See Response Body
[2024-12-10T07:29:13.797Z] Error reading or processing Modbus registers: A Modbus Exception Occurred - See Response Body
[2024-12-10T07:29:13.800Z] Error reading register 6507 for IP 10.30.4.128: A Modbus Exception Occurred - See Response Body
[2024-12-10T07:29:13.801Z] Error reading actual data: A Modbus Exception Occurred - See Response Body
[2024-12-10T07:29:13.802Z] Error writing to Modbus register: A Modbus Exception Occurred - See Response Body
[2024-12-10T07:29:14.812Z] Error reading or processing Modbus registers: A Modbus Exception Occurred - See Response Body
[2024-12-10T07:29:14.815Z] Error reading register 6507 for IP 10.30.4.128: A Modbus Exception Occurred - See Response Body
[2024-12-10T07:29:14.816Z] Error reading actual data: A Modbus Exception Occurred - See Response Body
[2024-12-10T07:29:14.816Z] Error writing to Modbus register: A Modbus Exception Occurred - See Response Body
[2024-12-10T07:29:15.826Z] Error reading or processing Modbus registers: A Modbus Exception Occurred - See Response Body
[2024-12-10T07:29:15.829Z] Error reading register 6507 for IP 10.30.4.128: A Modbus Exception Occurred - See Response Body
[2024-12-10T07:29:15.830Z] Error reading actual data: A Modbus Exception Occurred - See Response Body
[2024-12-10T07:29:15.830Z] Error writing to Modbus register: A Modbus Exception Occurred - See Response Body
[2024-12-10T07:29:16.827Z] Error reading or processing Modbus registers: A Modbus Exception Occurred - See Response Body
[2024-12-10T07:29:16.830Z] Error reading register 6507 for IP 10.30.4.128: A Modbus Exception Occurred - See Response Body
[2024-12-10T07:29:16.830Z] Error reading actual data: A Modbus Exception Occurred - See Response Body
[2024-12-10T07:29:16.831Z] Error writing to Modbus register: A Modbus Exception Occurred - See Response Body
[2024-12-10T07:29:17.842Z] Error reading or processing Modbus registers: A Modbus Exception Occurred - See Response Body
[2024-12-10T07:29:17.845Z] Error reading register 6507 for IP 10.30.4.128: A Modbus Exception Occurred - See Response Body
[2024-12-10T07:29:17.845Z] Error reading actual data: A Modbus Exception Occurred - See Response Body
[2024-12-10T07:29:17.846Z] Error writing to Modbus register: A Modbus Exception Occurred - See Response Body
[2024-12-10T07:29:18.843Z] Error reading or processing Modbus registers: A Modbus Exception Occurred - See Response Body
[2024-12-10T07:29:18.846Z] Error reading register 6507 for IP 10.30.4.128: A Modbus Exception Occurred - See Response Body
[2024-12-10T07:29:18.847Z] Error reading actual data: A Modbus Exception Occurred - See Response Body
[2024-12-10T07:29:18.847Z] Error writing to Modbus register: A Modbus Exception Occurred - See Response Body
[2024-12-10T07:29:19.858Z] Error reading or processing Modbus registers: A Modbus Exception Occurred - See Response Body
[2024-12-10T07:29:19.860Z] Error reading register 6507 for IP 10.30.4.128: A Modbus Exception Occurred - See Response Body
[2024-12-10T07:29:19.861Z] Error reading actual data: A Modbus Exception Occurred - See Response Body
[2024-12-10T07:29:19.862Z] Error writing to Modbus register: A Modbus Exception Occurred - See Response Body
[2024-12-10T07:29:20.872Z] Error reading or processing Modbus registers: A Modbus Exception Occurred - See Response Body
[2024-12-10T07:29:20.874Z] Error reading register 6507 for IP 10.30.4.128: A Modbus Exception Occurred - See Response Body
[2024-12-10T07:29:20.875Z] Error reading actual data: A Modbus Exception Occurred - See Response Body
[2024-12-10T07:29:20.876Z] Error writing to Modbus register: A Modbus Exception Occurred - See Response Body
[2024-12-10T07:29:21.873Z] Error reading or processing Modbus registers: A Modbus Exception Occurred - See Response Body
[2024-12-10T07:29:21.875Z] Error reading register 6507 for IP 10.30.4.128: A Modbus Exception Occurred - See Response Body
[2024-12-10T07:29:21.876Z] Error reading actual data: A Modbus Exception Occurred - See Response Body
[2024-12-10T07:29:21.877Z] Error writing to Modbus register: A Modbus Exception Occurred - See Response Body
[2024-12-10T07:29:22.888Z] Error reading or processing Modbus registers: A Modbus Exception Occurred - See Response Body
[2024-12-10T07:29:22.890Z] Error reading register 6507 for IP 10.30.4.128: A Modbus Exception Occurred - See Response Body
[2024-12-10T07:29:22.890Z] Error reading actual data: A Modbus Exception Occurred - See Response Body
[2024-12-10T07:29:22.891Z] Error writing to Modbus register: A Modbus Exception Occurred - See Response Body
[2024-12-10T07:29:23.898Z] Error reading or processing Modbus registers: A Modbus Exception Occurred - See Response Body
[2024-12-10T07:29:23.901Z] Error reading register 6507 for IP 10.30.4.128: A Modbus Exception Occurred - See Response Body
[2024-12-10T07:29:23.901Z] Error reading actual data: A Modbus Exception Occurred - See Response Body
[2024-12-10T07:29:23.902Z] Error writing to Modbus register: A Modbus Exception Occurred - See Response Body
[2024-12-10T07:29:24.913Z] Error reading or processing Modbus registers: A Modbus Exception Occurred - See Response Body
[2024-12-10T07:29:24.916Z] Error reading register 6507 for IP 10.30.4.128: A Modbus Exception Occurred - See Response Body
[2024-12-10T07:29:24.916Z] Error reading actual data: A Modbus Exception Occurred - See Response Body
[2024-12-10T07:29:24.917Z] Error writing to Modbus register: A Modbus Exception Occurred - See Response Body
[2024-12-10T07:29:25.915Z] Error reading or processing Modbus registers: A Modbus Exception Occurred - See Response Body
[2024-12-10T07:29:25.917Z] Error reading register 6507 for IP 10.30.4.128: A Modbus Exception Occurred - See Response Body
[2024-12-10T07:29:25.918Z] Error reading actual data: A Modbus Exception Occurred - See Response Body
[2024-12-10T07:29:25.918Z] Error writing to Modbus register: A Modbus Exception Occurred - See Response Body
[2024-12-10T07:29:26.915Z] Error reading or processing Modbus registers: A Modbus Exception Occurred - See Response Body
[2024-12-10T07:29:26.917Z] Error reading register 6507 for IP 10.30.4.128: A Modbus Exception Occurred - See Response Body
[2024-12-10T07:29:26.918Z] Error reading actual data: A Modbus Exception Occurred - See Response Body
[2024-12-10T07:29:26.918Z] Error writing to Modbus register: A Modbus Exception Occurred - See Response Body
[2024-12-10T07:29:27.915Z] Error reading or processing Modbus registers: A Modbus Exception Occurred - See Response Body
[2024-12-10T07:29:27.917Z] Error reading register 6507 for IP 10.30.4.128: A Modbus Exception Occurred - See Response Body
[2024-12-10T07:29:27.918Z] Error reading actual data: A Modbus Exception Occurred - See Response Body
[2024-12-10T07:29:27.918Z] Error writing to Modbus register: A Modbus Exception Occurred - See Response Body
[2024-12-10T07:29:28.929Z] Error reading or processing Modbus registers: A Modbus Exception Occurred - See Response Body
[2024-12-10T07:29:28.933Z] Error reading register 6507 for IP 10.30.4.128: A Modbus Exception Occurred - See Response Body
[2024-12-10T07:29:28.933Z] Error reading actual data: A Modbus Exception Occurred - See Response Body
[2024-12-10T07:29:28.934Z] Error writing to Modbus register: A Modbus Exception Occurred - See Response Body
[2024-12-10T07:29:29.929Z] Error reading or processing Modbus registers: A Modbus Exception Occurred - See Response Body
[2024-12-10T07:29:29.932Z] Error reading register 6507 for IP 10.30.4.128: A Modbus Exception Occurred - See Response Body
[2024-12-10T07:29:29.934Z] Error reading actual data: A Modbus Exception Occurred - See Response Body
[2024-12-10T07:29:29.935Z] Error writing to Modbus register: A Modbus Exception Occurred - See Response Body
[2024-12-10T07:29:30.933Z] Error reading or processing Modbus registers: A Modbus Exception Occurred - See Response Body
[2024-12-10T07:29:30.936Z] Error reading register 6507 for IP 10.30.4.128: A Modbus Exception Occurred - See Response Body
[2024-12-10T07:29:30.937Z] Error reading actual data: A Modbus Exception Occurred - See Response Body
[2024-12-10T07:29:30.938Z] Error writing to Modbus register: A Modbus Exception Occurred - See Response Body
[2024-12-10T07:29:31.935Z] Error reading or processing Modbus registers: A Modbus Exception Occurred - See Response Body
[2024-12-10T07:29:31.938Z] Error reading register 6507 for IP 10.30.4.128: A Modbus Exception Occurred - See Response Body
[2024-12-10T07:29:31.940Z] Error reading actual data: A Modbus Exception Occurred - See Response Body
[2024-12-10T07:29:31.940Z] Error writing to Modbus register: A Modbus Exception Occurred - See Response Body
[2024-12-10T07:29:32.954Z] Error reading or processing Modbus registers: A Modbus Exception Occurred - See Response Body
[2024-12-10T07:29:32.956Z] Error reading register 6507 for IP 10.30.4.128: A Modbus Exception Occurred - See Response Body
[2024-12-10T07:29:32.957Z] Error reading actual data: A Modbus Exception Occurred - See Response Body
[2024-12-10T07:29:32.958Z] Error writing to Modbus register: A Modbus Exception Occurred - See Response Body
[2024-12-10T07:29:33.961Z] Error reading or processing Modbus registers: A Modbus Exception Occurred - See Response Body
[2024-12-10T07:29:33.963Z] Error reading register 6507 for IP 10.30.4.128: A Modbus Exception Occurred - See Response Body
[2024-12-10T07:29:33.964Z] Error reading actual data: A Modbus Exception Occurred - See Response Body
[2024-12-10T07:29:33.964Z] Error writing to Modbus register: A Modbus Exception Occurred - See Response Body
[2024-12-10T07:29:34.965Z] Error reading or processing Modbus registers: A Modbus Exception Occurred - See Response Body
[2024-12-10T07:29:34.968Z] Error reading register 6507 for IP 10.30.4.128: A Modbus Exception Occurred - See Response Body
[2024-12-10T07:29:34.968Z] Error reading actual data: A Modbus Exception Occurred - See Response Body
[2024-12-10T07:29:34.969Z] Error writing to Modbus register: A Modbus Exception Occurred - See Response Body
[2024-12-10T07:29:35.980Z] Error reading or processing Modbus registers: A Modbus Exception Occurred - See Response Body
[2024-12-10T07:29:35.982Z] Error reading register 6507 for IP 10.30.4.128: A Modbus Exception Occurred - See Response Body
[2024-12-10T07:29:35.983Z] Error reading actual data: A Modbus Exception Occurred - See Response Body
[2024-12-10T07:29:35.984Z] Error writing to Modbus register: A Modbus Exception Occurred - See Response Body
[2024-12-10T07:29:36.982Z] Error reading or processing Modbus registers: A Modbus Exception Occurred - See Response Body
[2024-12-10T07:29:36.985Z] Error reading register 6507 for IP 10.30.4.128: A Modbus Exception Occurred - See Response Body
[2024-12-10T07:29:36.986Z] Error reading actual data: A Modbus Exception Occurred - See Response Body
[2024-12-10T07:29:36.986Z] Error writing to Modbus register: A Modbus Exception Occurred - See Response Body
[2024-12-10T07:29:37.984Z] Error reading or processing Modbus registers: A Modbus Exception Occurred - See Response Body
[2024-12-10T07:29:37.986Z] Error reading register 6507 for IP 10.30.4.128: A Modbus Exception Occurred - See Response Body
[2024-12-10T07:29:37.987Z] Error reading actual data: A Modbus Exception Occurred - See Response Body
[2024-12-10T07:29:37.988Z] Error writing to Modbus register: A Modbus Exception Occurred - See Response Body
[2024-12-10T07:29:38.987Z] Error reading or processing Modbus registers: A Modbus Exception Occurred - See Response Body
[2024-12-10T07:29:38.989Z] Error reading register 6507 for IP 10.30.4.128: A Modbus Exception Occurred - See Response Body
[2024-12-10T07:29:38.990Z] Error reading actual data: A Modbus Exception Occurred - See Response Body
[2024-12-10T07:29:38.991Z] Error writing to Modbus register: A Modbus Exception Occurred - See Response Body
[2024-12-10T07:29:39.989Z] Error reading or processing Modbus registers: A Modbus Exception Occurred - See Response Body
[2024-12-10T07:29:39.991Z] Error reading register 6507 for IP 10.30.4.128: A Modbus Exception Occurred - See Response Body
[2024-12-10T07:29:39.992Z] Error reading actual data: A Modbus Exception Occurred - See Response Body
[2024-12-10T07:29:39.992Z] Error writing to Modbus register: A Modbus Exception Occurred - See Response Body
[2024-12-10T07:29:41.000Z] Error reading or processing Modbus registers: A Modbus Exception Occurred - See Response Body
[2024-12-10T07:29:41.002Z] Error reading register 6507 for IP 10.30.4.128: A Modbus Exception Occurred - See Response Body
[2024-12-10T07:29:41.003Z] Error reading actual data: A Modbus Exception Occurred - See Response Body
[2024-12-10T07:29:41.004Z] Error writing to Modbus register: A Modbus Exception Occurred - See Response Body
[2024-12-10T07:29:42.014Z] Error reading or processing Modbus registers: A Modbus Exception Occurred - See Response Body
[2024-12-10T07:29:42.016Z] Error reading register 6507 for IP 10.30.4.128: A Modbus Exception Occurred - See Response Body
[2024-12-10T07:29:42.017Z] Error reading actual data: A Modbus Exception Occurred - See Response Body
[2024-12-10T07:29:42.018Z] Error writing to Modbus register: A Modbus Exception Occurred - See Response Body
[2024-12-10T07:29:43.024Z] Error reading or processing Modbus registers: A Modbus Exception Occurred - See Response Body
[2024-12-10T07:29:43.026Z] Error reading register 6507 for IP 10.30.4.128: A Modbus Exception Occurred - See Response Body
[2024-12-10T07:29:43.027Z] Error reading actual data: A Modbus Exception Occurred - See Response Body
[2024-12-10T07:29:43.027Z] Error writing to Modbus register: A Modbus Exception Occurred - See Response Body
[2024-12-10T07:29:44.037Z] Error reading or processing Modbus registers: A Modbus Exception Occurred - See Response Body
[2024-12-10T07:29:44.040Z] Error reading register 6507 for IP 10.30.4.128: A Modbus Exception Occurred - See Response Body
[2024-12-10T07:29:44.040Z] Error reading actual data: A Modbus Exception Occurred - See Response Body
[2024-12-10T07:29:44.041Z] Error writing to Modbus register: A Modbus Exception Occurred - See Response Body
[2024-12-10T07:29:45.053Z] Error reading or processing Modbus registers: A Modbus Exception Occurred - See Response Body
[2024-12-10T07:29:45.055Z] Error reading register 6507 for IP 10.30.4.128: A Modbus Exception Occurred - See Response Body
[2024-12-10T07:29:45.056Z] Error reading actual data: A Modbus Exception Occurred - See Response Body
[2024-12-10T07:29:45.057Z] Error writing to Modbus register: A Modbus Exception Occurred - See Response Body
[2024-12-10T07:29:46.066Z] Error reading or processing Modbus registers: A Modbus Exception Occurred - See Response Body
[2024-12-10T07:29:46.069Z] Error reading register 6507 for IP 10.30.4.128: A Modbus Exception Occurred - See Response Body
[2024-12-10T07:29:46.069Z] Error reading actual data: A Modbus Exception Occurred - See Response Body
[2024-12-10T07:29:46.070Z] Error writing to Modbus register: A Modbus Exception Occurred - See Response Body
[2024-12-10T07:29:47.066Z] Error reading or processing Modbus registers: A Modbus Exception Occurred - See Response Body
[2024-12-10T07:29:47.069Z] Error reading register 6507 for IP 10.30.4.128: A Modbus Exception Occurred - See Response Body
[2024-12-10T07:29:47.070Z] Error reading actual data: A Modbus Exception Occurred - See Response Body
[2024-12-10T07:29:47.071Z] Error writing to Modbus register: A Modbus Exception Occurred - See Response Body
[2024-12-10T07:29:48.082Z] Error reading or processing Modbus registers: A Modbus Exception Occurred - See Response Body
[2024-12-10T07:29:48.084Z] Error reading register 6507 for IP 10.30.4.128: A Modbus Exception Occurred - See Response Body
[2024-12-10T07:29:48.085Z] Error reading actual data: A Modbus Exception Occurred - See Response Body
[2024-12-10T07:29:48.086Z] Error writing to Modbus register: A Modbus Exception Occurred - See Response Body
[2024-12-10T07:29:49.096Z] Error reading or processing Modbus registers: A Modbus Exception Occurred - See Response Body
[2024-12-10T07:29:49.098Z] Error reading register 6507 for IP 10.30.4.128: A Modbus Exception Occurred - See Response Body
[2024-12-10T07:29:49.098Z] Error reading actual data: A Modbus Exception Occurred - See Response Body
[2024-12-10T07:29:49.099Z] Error writing to Modbus register: A Modbus Exception Occurred - See Response Body
[2024-12-10T07:29:50.096Z] Error reading or processing Modbus registers: A Modbus Exception Occurred - See Response Body
[2024-12-10T07:29:50.099Z] Error reading register 6507 for IP 10.30.4.128: A Modbus Exception Occurred - See Response Body
[2024-12-10T07:29:50.100Z] Error writing to Modbus register: A Modbus Exception Occurred - See Response Body
[2024-12-10T07:29:50.099Z] Error reading actual data: A Modbus Exception Occurred - See Response Body
[2024-12-10T07:29:51.097Z] Error reading or processing Modbus registers: A Modbus Exception Occurred - See Response Body
[2024-12-10T07:29:51.099Z] Error reading register 6507 for IP 10.30.4.128: A Modbus Exception Occurred - See Response Body
[2024-12-10T07:29:51.100Z] Error reading actual data: A Modbus Exception Occurred - See Response Body
[2024-12-10T07:29:51.100Z] Error writing to Modbus register: A Modbus Exception Occurred - See Response Body
[2024-12-10T07:29:52.100Z] Error reading or processing Modbus registers: A Modbus Exception Occurred - See Response Body
[2024-12-10T07:29:52.102Z] Error reading register 6507 for IP 10.30.4.128: A Modbus Exception Occurred - See Response Body
[2024-12-10T07:29:52.103Z] Error reading actual data: A Modbus Exception Occurred - See Response Body
[2024-12-10T07:29:52.103Z] Error writing to Modbus register: A Modbus Exception Occurred - See Response Body
[2024-12-10T07:29:53.101Z] Error reading or processing Modbus registers: A Modbus Exception Occurred - See Response Body
[2024-12-10T07:29:53.103Z] Error reading register 6507 for IP 10.30.4.128: A Modbus Exception Occurred - See Response Body
[2024-12-10T07:29:53.104Z] Error reading actual data: A Modbus Exception Occurred - See Response Body
[2024-12-10T07:29:53.104Z] Error writing to Modbus register: A Modbus Exception Occurred - See Response Body
[2024-12-10T07:29:54.113Z] Error reading or processing Modbus registers: A Modbus Exception Occurred - See Response Body
[2024-12-10T07:29:54.115Z] Error reading register 6507 for IP 10.30.4.128: A Modbus Exception Occurred - See Response Body
[2024-12-10T07:29:54.116Z] Error reading actual data: A Modbus Exception Occurred - See Response Body
[2024-12-10T07:29:54.117Z] Error writing to Modbus register: A Modbus Exception Occurred - See Response Body
[2024-12-10T07:29:55.126Z] Error reading or processing Modbus registers: A Modbus Exception Occurred - See Response Body
[2024-12-10T07:29:55.129Z] Error reading register 6507 for IP 10.30.4.128: A Modbus Exception Occurred - See Response Body
[2024-12-10T07:29:55.130Z] Error reading actual data: A Modbus Exception Occurred - See Response Body
[2024-12-10T07:29:55.130Z] Error writing to Modbus register: A Modbus Exception Occurred - See Response Body
[2024-12-10T07:29:56.139Z] Error reading or processing Modbus registers: A Modbus Exception Occurred - See Response Body
[2024-12-10T07:29:56.141Z] Error reading register 6507 for IP 10.30.4.128: A Modbus Exception Occurred - See Response Body
[2024-12-10T07:29:56.142Z] Error reading actual data: A Modbus Exception Occurred - See Response Body
[2024-12-10T07:29:56.142Z] Error writing to Modbus register: A Modbus Exception Occurred - See Response Body
[2024-12-10T07:29:57.154Z] Error reading or processing Modbus registers: A Modbus Exception Occurred - See Response Body
[2024-12-10T07:29:57.156Z] Error reading register 6507 for IP 10.30.4.128: A Modbus Exception Occurred - See Response Body
[2024-12-10T07:29:57.157Z] Error reading actual data: A Modbus Exception Occurred - See Response Body
[2024-12-10T07:29:57.158Z] Error writing to Modbus register: A Modbus Exception Occurred - See Response Body
[2024-12-10T07:29:58.155Z] Error reading or processing Modbus registers: A Modbus Exception Occurred - See Response Body
[2024-12-10T07:29:58.158Z] Error reading register 6507 for IP 10.30.4.128: A Modbus Exception Occurred - See Response Body
[2024-12-10T07:29:58.158Z] Error reading actual data: A Modbus Exception Occurred - See Response Body
[2024-12-10T07:29:58.159Z] Error writing to Modbus register: A Modbus Exception Occurred - See Response Body
[2024-12-10T07:29:59.170Z] Error reading or processing Modbus registers: A Modbus Exception Occurred - See Response Body
[2024-12-10T07:29:59.172Z] Error reading register 6507 for IP 10.30.4.128: A Modbus Exception Occurred - See Response Body
[2024-12-10T07:29:59.172Z] Error reading actual data: A Modbus Exception Occurred - See Response Body
[2024-12-10T07:29:59.173Z] Error writing to Modbus register: A Modbus Exception Occurred - See Response Body
[2024-12-10T07:30:00.172Z] Error reading or processing Modbus registers: A Modbus Exception Occurred - See Response Body
[2024-12-10T07:30:00.174Z] Error reading register 6507 for IP 10.30.4.128: A Modbus Exception Occurred - See Response Body
[2024-12-10T07:30:00.175Z] Error reading actual data: A Modbus Exception Occurred - See Response Body
[2024-12-10T07:30:00.175Z] Error writing to Modbus register: A Modbus Exception Occurred - See Response Body
[2024-12-10T07:30:01.185Z] Error reading or processing Modbus registers: A Modbus Exception Occurred - See Response Body
[2024-12-10T07:30:01.187Z] Error reading register 6507 for IP 10.30.4.128: A Modbus Exception Occurred - See Response Body
[2024-12-10T07:30:01.188Z] Error reading actual data: A Modbus Exception Occurred - See Response Body
[2024-12-10T07:30:01.188Z] Error writing to Modbus register: A Modbus Exception Occurred - See Response Body
[2024-12-10T07:30:02.194Z] Error reading or processing Modbus registers: A Modbus Exception Occurred - See Response Body
[2024-12-10T07:30:02.197Z] Error reading register 6507 for IP 10.30.4.128: A Modbus Exception Occurred - See Response Body
[2024-12-10T07:30:02.198Z] Error reading actual data: A Modbus Exception Occurred - See Response Body
[2024-12-10T07:30:02.199Z] Error writing to Modbus register: A Modbus Exception Occurred - See Response Body
[2024-12-10T07:30:03.208Z] Error reading or processing Modbus registers: A Modbus Exception Occurred - See Response Body
[2024-12-10T07:30:03.211Z] Error reading register 6507 for IP 10.30.4.128: A Modbus Exception Occurred - See Response Body
[2024-12-10T07:30:03.212Z] Error reading actual data: A Modbus Exception Occurred - See Response Body
[2024-12-10T07:30:03.212Z] Error writing to Modbus register: A Modbus Exception Occurred - See Response Body
[2024-12-10T07:30:04.219Z] Error reading or processing Modbus registers: A Modbus Exception Occurred - See Response Body
[2024-12-10T07:30:04.222Z] Error reading register 6507 for IP 10.30.4.128: A Modbus Exception Occurred - See Response Body
[2024-12-10T07:30:04.222Z] Error reading actual data: A Modbus Exception Occurred - See Response Body
[2024-12-10T07:30:04.223Z] Error writing to Modbus register: A Modbus Exception Occurred - See Response Body
[2024-12-10T07:30:05.220Z] Error reading or processing Modbus registers: A Modbus Exception Occurred - See Response Body
[2024-12-10T07:30:05.223Z] Error reading register 6507 for IP 10.30.4.128: A Modbus Exception Occurred - See Response Body
[2024-12-10T07:30:05.225Z] Error reading actual data: A Modbus Exception Occurred - See Response Body
[2024-12-10T07:30:05.226Z] Error writing to Modbus register: A Modbus Exception Occurred - See Response Body
[2024-12-10T07:30:06.235Z] Error reading or processing Modbus registers: A Modbus Exception Occurred - See Response Body
[2024-12-10T07:30:06.237Z] Error reading register 6507 for IP 10.30.4.128: A Modbus Exception Occurred - See Response Body
[2024-12-10T07:30:06.238Z] Error reading actual data: A Modbus Exception Occurred - See Response Body
[2024-12-10T07:30:06.239Z] Error writing to Modbus register: A Modbus Exception Occurred - See Response Body
[2024-12-10T07:30:07.251Z] Error reading or processing Modbus registers: A Modbus Exception Occurred - See Response Body
[2024-12-10T07:30:07.254Z] Error reading register 6507 for IP 10.30.4.128: A Modbus Exception Occurred - See Response Body
[2024-12-10T07:30:07.255Z] Error reading actual data: A Modbus Exception Occurred - See Response Body
[2024-12-10T07:30:07.255Z] Error writing to Modbus register: A Modbus Exception Occurred - See Response Body
[2024-12-10T07:30:08.253Z] Error reading or processing Modbus registers: A Modbus Exception Occurred - See Response Body
[2024-12-10T07:30:08.255Z] Error reading register 6507 for IP 10.30.4.128: A Modbus Exception Occurred - See Response Body
[2024-12-10T07:30:08.256Z] Error reading actual data: A Modbus Exception Occurred - See Response Body
[2024-12-10T07:30:08.257Z] Error writing to Modbus register: A Modbus Exception Occurred - See Response Body
[2024-12-10T07:30:09.266Z] Error reading or processing Modbus registers: A Modbus Exception Occurred - See Response Body
[2024-12-10T07:30:09.269Z] Error reading register 6507 for IP 10.30.4.128: A Modbus Exception Occurred - See Response Body
[2024-12-10T07:30:09.269Z] Error reading actual data: A Modbus Exception Occurred - See Response Body
[2024-12-10T07:30:09.270Z] Error writing to Modbus register: A Modbus Exception Occurred - See Response Body
[2024-12-10T07:30:10.280Z] Error reading or processing Modbus registers: A Modbus Exception Occurred - See Response Body
[2024-12-10T07:30:10.282Z] Error reading register 6507 for IP 10.30.4.128: A Modbus Exception Occurred - See Response Body
[2024-12-10T07:30:10.283Z] Error reading actual data: A Modbus Exception Occurred - See Response Body
[2024-12-10T07:30:10.283Z] Error writing to Modbus register: A Modbus Exception Occurred - See Response Body
[2024-12-10T07:30:11.283Z] Error reading or processing Modbus registers: A Modbus Exception Occurred - See Response Body
[2024-12-10T07:30:11.285Z] Error reading register 6507 for IP 10.30.4.128: A Modbus Exception Occurred - See Response Body
[2024-12-10T07:30:11.286Z] Error reading actual data: A Modbus Exception Occurred - See Response Body
[2024-12-10T07:30:11.286Z] Error writing to Modbus register: A Modbus Exception Occurred - See Response Body
[2024-12-10T07:30:12.287Z] Error reading or processing Modbus registers: A Modbus Exception Occurred - See Response Body
[2024-12-10T07:30:12.289Z] Error reading register 6507 for IP 10.30.4.128: A Modbus Exception Occurred - See Response Body
[2024-12-10T07:30:12.290Z] Error reading actual data: A Modbus Exception Occurred - See Response Body
[2024-12-10T07:30:12.291Z] Error writing to Modbus register: A Modbus Exception Occurred - See Response Body
[2024-12-10T07:30:13.299Z] Error reading or processing Modbus registers: A Modbus Exception Occurred - See Response Body
[2024-12-10T07:30:13.301Z] Error reading register 6507 for IP 10.30.4.128: A Modbus Exception Occurred - See Response Body
[2024-12-10T07:30:13.302Z] Error reading actual data: A Modbus Exception Occurred - See Response Body
[2024-12-10T07:30:13.303Z] Error writing to Modbus register: A Modbus Exception Occurred - See Response Body
[2024-12-10T07:30:14.302Z] Error reading or processing Modbus registers: A Modbus Exception Occurred - See Response Body
[2024-12-10T07:30:14.304Z] Error reading register 6507 for IP 10.30.4.128: A Modbus Exception Occurred - See Response Body
[2024-12-10T07:30:14.305Z] Error reading actual data: A Modbus Exception Occurred - See Response Body
[2024-12-10T07:30:14.305Z] Error writing to Modbus register: A Modbus Exception Occurred - See Response Body
[2024-12-10T07:30:15.307Z] Error reading or processing Modbus registers: A Modbus Exception Occurred - See Response Body
[2024-12-10T07:30:15.309Z] Error reading register 6507 for IP 10.30.4.128: A Modbus Exception Occurred - See Response Body
[2024-12-10T07:30:15.310Z] Error reading actual data: A Modbus Exception Occurred - See Response Body
[2024-12-10T07:30:15.310Z] Error writing to Modbus register: A Modbus Exception Occurred - See Response Body
[2024-12-10T07:30:16.309Z] Error reading or processing Modbus registers: A Modbus Exception Occurred - See Response Body
[2024-12-10T07:30:16.312Z] Error reading register 6507 for IP 10.30.4.128: A Modbus Exception Occurred - See Response Body
[2024-12-10T07:30:16.313Z] Error reading actual data: A Modbus Exception Occurred - See Response Body
[2024-12-10T07:30:16.313Z] Error writing to Modbus register: A Modbus Exception Occurred - See Response Body
[2024-12-10T07:30:17.322Z] Error reading or processing Modbus registers: A Modbus Exception Occurred - See Response Body
[2024-12-10T07:30:17.324Z] Error reading register 6507 for IP 10.30.4.128: A Modbus Exception Occurred - See Response Body
[2024-12-10T07:30:17.324Z] Error reading actual data: A Modbus Exception Occurred - See Response Body
[2024-12-10T07:30:17.325Z] Error writing to Modbus register: A Modbus Exception Occurred - See Response Body
[2024-12-10T07:30:18.324Z] Error reading or processing Modbus registers: A Modbus Exception Occurred - See Response Body
[2024-12-10T07:30:18.327Z] Error reading register 6507 for IP 10.30.4.128: A Modbus Exception Occurred - See Response Body
[2024-12-10T07:30:18.327Z] Error reading actual data: A Modbus Exception Occurred - See Response Body
[2024-12-10T07:30:18.328Z] Error writing to Modbus register: A Modbus Exception Occurred - See Response Body
[2024-12-10T07:30:19.324Z] Error reading or processing Modbus registers: A Modbus Exception Occurred - See Response Body
[2024-12-10T07:30:19.327Z] Error reading register 6507 for IP 10.30.4.128: A Modbus Exception Occurred - See Response Body
[2024-12-10T07:30:19.328Z] Error reading actual data: A Modbus Exception Occurred - See Response Body
[2024-12-10T07:30:19.328Z] Error writing to Modbus register: A Modbus Exception Occurred - See Response Body
[2024-12-10T07:30:20.338Z] Error reading or processing Modbus registers: A Modbus Exception Occurred - See Response Body
[2024-12-10T07:30:20.341Z] Error reading register 6507 for IP 10.30.4.128: A Modbus Exception Occurred - See Response Body
[2024-12-10T07:30:20.341Z] Error reading actual data: A Modbus Exception Occurred - See Response Body
[2024-12-10T07:30:20.342Z] Error writing to Modbus register: A Modbus Exception Occurred - See Response Body
[2024-12-10T07:30:21.340Z] Error reading or processing Modbus registers: A Modbus Exception Occurred - See Response Body
[2024-12-10T07:30:21.342Z] Error reading register 6507 for IP 10.30.4.128: A Modbus Exception Occurred - See Response Body
[2024-12-10T07:30:21.343Z] Error reading actual data: A Modbus Exception Occurred - See Response Body
[2024-12-10T07:30:21.344Z] Error writing to Modbus register: A Modbus Exception Occurred - See Response Body
[2024-12-10T07:30:22.351Z] Error reading or processing Modbus registers: A Modbus Exception Occurred - See Response Body
[2024-12-10T07:30:22.354Z] Error reading register 6507 for IP 10.30.4.128: A Modbus Exception Occurred - See Response Body
[2024-12-10T07:30:22.355Z] Error reading actual data: A Modbus Exception Occurred - See Response Body
[2024-12-10T07:30:22.355Z] Error writing to Modbus register: A Modbus Exception Occurred - See Response Body
[2024-12-10T07:30:23.367Z] Error reading or processing Modbus registers: A Modbus Exception Occurred - See Response Body
[2024-12-10T07:30:23.370Z] Error reading register 6507 for IP 10.30.4.128: A Modbus Exception Occurred - See Response Body
[2024-12-10T07:30:23.370Z] Error reading actual data: A Modbus Exception Occurred - See Response Body
[2024-12-10T07:30:23.371Z] Error writing to Modbus register: A Modbus Exception Occurred - See Response Body
[2024-12-10T07:30:24.381Z] Error reading or processing Modbus registers: A Modbus Exception Occurred - See Response Body
[2024-12-10T07:30:24.383Z] Error reading register 6507 for IP 10.30.4.128: A Modbus Exception Occurred - See Response Body
[2024-12-10T07:30:24.384Z] Error reading actual data: A Modbus Exception Occurred - See Response Body
[2024-12-10T07:30:24.385Z] Error writing to Modbus register: A Modbus Exception Occurred - See Response Body
[2024-12-10T07:30:25.395Z] Error reading or processing Modbus registers: A Modbus Exception Occurred - See Response Body
[2024-12-10T07:30:25.398Z] Error reading register 6507 for IP 10.30.4.128: A Modbus Exception Occurred - See Response Body
[2024-12-10T07:30:25.398Z] Error reading actual data: A Modbus Exception Occurred - See Response Body
[2024-12-10T07:30:25.399Z] Error writing to Modbus register: A Modbus Exception Occurred - See Response Body
[2024-12-10T07:30:26.396Z] Error reading or processing Modbus registers: A Modbus Exception Occurred - See Response Body
[2024-12-10T07:30:26.399Z] Error reading register 6507 for IP 10.30.4.128: A Modbus Exception Occurred - See Response Body
[2024-12-10T07:30:26.400Z] Error reading actual data: A Modbus Exception Occurred - See Response Body
[2024-12-10T07:30:26.401Z] Error writing to Modbus register: A Modbus Exception Occurred - See Response Body
[2024-12-10T07:30:27.406Z] Error reading or processing Modbus registers: A Modbus Exception Occurred - See Response Body
[2024-12-10T07:30:27.408Z] Error reading register 6507 for IP 10.30.4.128: A Modbus Exception Occurred - See Response Body
[2024-12-10T07:30:27.409Z] Error reading actual data: A Modbus Exception Occurred - See Response Body
[2024-12-10T07:30:27.410Z] Error writing to Modbus register: A Modbus Exception Occurred - See Response Body
[2024-12-10T07:30:28.418Z] Error reading or processing Modbus registers: A Modbus Exception Occurred - See Response Body
[2024-12-10T07:30:28.420Z] Error reading register 6507 for IP 10.30.4.128: A Modbus Exception Occurred - See Response Body
[2024-12-10T07:30:28.421Z] Error reading actual data: A Modbus Exception Occurred - See Response Body
[2024-12-10T07:30:28.422Z] Error writing to Modbus register: A Modbus Exception Occurred - See Response Body
[2024-12-10T07:30:29.421Z] Error reading or processing Modbus registers: A Modbus Exception Occurred - See Response Body
[2024-12-10T07:30:29.424Z] Error reading register 6507 for IP 10.30.4.128: A Modbus Exception Occurred - See Response Body
[2024-12-10T07:30:29.425Z] Error reading actual data: A Modbus Exception Occurred - See Response Body
[2024-12-10T07:30:29.425Z] Error writing to Modbus register: A Modbus Exception Occurred - See Response Body
[2024-12-10T07:30:30.422Z] Error reading or processing Modbus registers: A Modbus Exception Occurred - See Response Body
[2024-12-10T07:30:30.425Z] Error reading register 6507 for IP 10.30.4.128: A Modbus Exception Occurred - See Response Body
[2024-12-10T07:30:30.426Z] Error reading actual data: A Modbus Exception Occurred - See Response Body
[2024-12-10T07:30:30.427Z] Error writing to Modbus register: A Modbus Exception Occurred - See Response Body
[2024-12-10T07:30:31.426Z] Error reading or processing Modbus registers: A Modbus Exception Occurred - See Response Body
[2024-12-10T07:30:31.428Z] Error reading register 6507 for IP 10.30.4.128: A Modbus Exception Occurred - See Response Body
[2024-12-10T07:30:31.429Z] Error reading actual data: A Modbus Exception Occurred - See Response Body
[2024-12-10T07:30:31.429Z] Error writing to Modbus register: A Modbus Exception Occurred - See Response Body
[2024-12-10T07:30:32.426Z] Error reading or processing Modbus registers: A Modbus Exception Occurred - See Response Body
[2024-12-10T07:30:32.428Z] Error reading register 6507 for IP 10.30.4.128: A Modbus Exception Occurred - See Response Body
[2024-12-10T07:30:32.429Z] Error reading actual data: A Modbus Exception Occurred - See Response Body
[2024-12-10T07:30:32.430Z] Error writing to Modbus register: A Modbus Exception Occurred - See Response Body
[2024-12-10T07:30:33.441Z] Error reading or processing Modbus registers: A Modbus Exception Occurred - See Response Body
[2024-12-10T07:30:33.443Z] Error reading register 6507 for IP 10.30.4.128: A Modbus Exception Occurred - See Response Body
[2024-12-10T07:30:33.444Z] Error reading actual data: A Modbus Exception Occurred - See Response Body
[2024-12-10T07:30:33.444Z] Error writing to Modbus register: A Modbus Exception Occurred - See Response Body
[2024-12-10T07:30:34.455Z] Error reading or processing Modbus registers: A Modbus Exception Occurred - See Response Body
[2024-12-10T07:30:34.457Z] Error reading register 6507 for IP 10.30.4.128: A Modbus Exception Occurred - See Response Body
[2024-12-10T07:30:34.458Z] Error reading actual data: A Modbus Exception Occurred - See Response Body
[2024-12-10T07:30:34.459Z] Error writing to Modbus register: A Modbus Exception Occurred - See Response Body
[2024-12-10T07:30:35.459Z] Error reading or processing Modbus registers: A Modbus Exception Occurred - See Response Body
[2024-12-10T07:30:35.462Z] Error reading register 6507 for IP 10.30.4.128: A Modbus Exception Occurred - See Response Body
[2024-12-10T07:30:35.462Z] Error reading actual data: A Modbus Exception Occurred - See Response Body
[2024-12-10T07:30:35.463Z] Error writing to Modbus register: A Modbus Exception Occurred - See Response Body
[2024-12-10T07:30:36.460Z] Error reading or processing Modbus registers: A Modbus Exception Occurred - See Response Body
[2024-12-10T07:30:36.463Z] Error reading register 6507 for IP 10.30.4.128: A Modbus Exception Occurred - See Response Body
[2024-12-10T07:30:36.464Z] Error reading actual data: A Modbus Exception Occurred - See Response Body
[2024-12-10T07:30:36.464Z] Error writing to Modbus register: A Modbus Exception Occurred - See Response Body
[2024-12-10T07:30:37.468Z] Error reading or processing Modbus registers: A Modbus Exception Occurred - See Response Body
[2024-12-10T07:30:37.474Z] Error reading register 6507 for IP 10.30.4.128: A Modbus Exception Occurred - See Response Body
[2024-12-10T07:30:37.474Z] Error reading actual data: A Modbus Exception Occurred - See Response Body
[2024-12-10T07:30:37.475Z] Error writing to Modbus register: A Modbus Exception Occurred - See Response Body
[2024-12-10T07:30:38.475Z] Error reading or processing Modbus registers: A Modbus Exception Occurred - See Response Body
[2024-12-10T07:30:38.477Z] Error reading register 6507 for IP 10.30.4.128: A Modbus Exception Occurred - See Response Body
[2024-12-10T07:30:38.478Z] Error reading actual data: A Modbus Exception Occurred - See Response Body
[2024-12-10T07:30:38.478Z] Error writing to Modbus register: A Modbus Exception Occurred - See Response Body
[2024-12-10T07:30:39.491Z] Error reading or processing Modbus registers: A Modbus Exception Occurred - See Response Body
[2024-12-10T07:30:39.493Z] Error reading register 6507 for IP 10.30.4.128: A Modbus Exception Occurred - See Response Body
[2024-12-10T07:30:39.494Z] Error reading actual data: A Modbus Exception Occurred - See Response Body
[2024-12-10T07:30:39.494Z] Error writing to Modbus register: A Modbus Exception Occurred - See Response Body
[2024-12-10T07:30:40.503Z] Error reading or processing Modbus registers: A Modbus Exception Occurred - See Response Body
[2024-12-10T07:30:40.506Z] Error reading register 6507 for IP 10.30.4.128: A Modbus Exception Occurred - See Response Body
[2024-12-10T07:30:40.507Z] Error reading actual data: A Modbus Exception Occurred - See Response Body
[2024-12-10T07:30:40.507Z] Error writing to Modbus register: A Modbus Exception Occurred - See Response Body
[2024-12-10T07:30:41.517Z] Error reading or processing Modbus registers: A Modbus Exception Occurred - See Response Body
[2024-12-10T07:30:41.520Z] Error reading register 6507 for IP 10.30.4.128: A Modbus Exception Occurred - See Response Body
[2024-12-10T07:30:41.521Z] Error reading actual data: A Modbus Exception Occurred - See Response Body
[2024-12-10T07:30:41.521Z] Error writing to Modbus register: A Modbus Exception Occurred - See Response Body
[2024-12-10T07:30:42.520Z] Error reading or processing Modbus registers: A Modbus Exception Occurred - See Response Body
[2024-12-10T07:30:42.522Z] Error reading register 6507 for IP 10.30.4.128: A Modbus Exception Occurred - See Response Body
[2024-12-10T07:30:42.523Z] Error reading actual data: A Modbus Exception Occurred - See Response Body
[2024-12-10T07:30:42.523Z] Error writing to Modbus register: A Modbus Exception Occurred - See Response Body
[2024-12-10T07:30:43.532Z] Error reading or processing Modbus registers: A Modbus Exception Occurred - See Response Body
[2024-12-10T07:30:43.535Z] Error reading register 6507 for IP 10.30.4.128: A Modbus Exception Occurred - See Response Body
[2024-12-10T07:30:43.535Z] Error reading actual data: A Modbus Exception Occurred - See Response Body
[2024-12-10T07:30:43.536Z] Error writing to Modbus register: A Modbus Exception Occurred - See Response Body
[2024-12-10T07:30:44.531Z] Error reading or processing Modbus registers: A Modbus Exception Occurred - See Response Body
[2024-12-10T07:30:44.533Z] Error reading register 6507 for IP 10.30.4.128: A Modbus Exception Occurred - See Response Body
[2024-12-10T07:30:44.534Z] Error reading actual data: A Modbus Exception Occurred - See Response Body
[2024-12-10T07:30:44.535Z] Error writing to Modbus register: A Modbus Exception Occurred - See Response Body
[2024-12-10T07:30:45.546Z] Error reading or processing Modbus registers: A Modbus Exception Occurred - See Response Body
[2024-12-10T07:30:45.548Z] Error reading register 6507 for IP 10.30.4.128: A Modbus Exception Occurred - See Response Body
[2024-12-10T07:30:45.549Z] Error reading actual data: A Modbus Exception Occurred - See Response Body
[2024-12-10T07:30:45.550Z] Error writing to Modbus register: A Modbus Exception Occurred - See Response Body
[2024-12-10T07:30:46.560Z] Error reading or processing Modbus registers: A Modbus Exception Occurred - See Response Body
[2024-12-10T07:30:46.563Z] Error reading register 6507 for IP 10.30.4.128: A Modbus Exception Occurred - See Response Body
[2024-12-10T07:30:46.564Z] Error writing to Modbus register: A Modbus Exception Occurred - See Response Body
[2024-12-10T07:30:46.564Z] Error reading actual data: A Modbus Exception Occurred - See Response Body
[2024-12-10T07:30:47.562Z] Error reading or processing Modbus registers: A Modbus Exception Occurred - See Response Body
[2024-12-10T07:30:47.564Z] Error reading register 6507 for IP 10.30.4.128: A Modbus Exception Occurred - See Response Body
[2024-12-10T07:30:47.565Z] Error reading actual data: A Modbus Exception Occurred - See Response Body
[2024-12-10T07:30:47.565Z] Error writing to Modbus register: A Modbus Exception Occurred - See Response Body
[2024-12-10T07:30:48.562Z] Error reading or processing Modbus registers: A Modbus Exception Occurred - See Response Body
[2024-12-10T07:30:48.564Z] Error reading register 6507 for IP 10.30.4.128: A Modbus Exception Occurred - See Response Body
[2024-12-10T07:30:48.564Z] Error reading actual data: A Modbus Exception Occurred - See Response Body
[2024-12-10T07:30:48.565Z] Error writing to Modbus register: A Modbus Exception Occurred - See Response Body
[2024-12-10T07:30:49.572Z] Error reading or processing Modbus registers: A Modbus Exception Occurred - See Response Body
[2024-12-10T07:30:49.574Z] Error reading register 6507 for IP 10.30.4.128: A Modbus Exception Occurred - See Response Body
[2024-12-10T07:30:49.575Z] Error reading actual data: A Modbus Exception Occurred - See Response Body
[2024-12-10T07:30:49.576Z] Error writing to Modbus register: A Modbus Exception Occurred - See Response Body
[2024-12-10T07:30:50.576Z] Error reading or processing Modbus registers: A Modbus Exception Occurred - See Response Body
[2024-12-10T07:30:50.578Z] Error reading register 6507 for IP 10.30.4.128: A Modbus Exception Occurred - See Response Body
[2024-12-10T07:30:50.579Z] Error reading actual data: A Modbus Exception Occurred - See Response Body
[2024-12-10T07:30:50.580Z] Error writing to Modbus register: A Modbus Exception Occurred - See Response Body
[2024-12-10T07:30:51.588Z] Error reading or processing Modbus registers: A Modbus Exception Occurred - See Response Body
[2024-12-10T07:30:51.591Z] Error reading register 6507 for IP 10.30.4.128: A Modbus Exception Occurred - See Response Body
[2024-12-10T07:30:51.592Z] Error reading actual data: A Modbus Exception Occurred - See Response Body
[2024-12-10T07:30:51.593Z] Error writing to Modbus register: A Modbus Exception Occurred - See Response Body
[2024-12-10T07:30:52.602Z] Error reading or processing Modbus registers: A Modbus Exception Occurred - See Response Body
[2024-12-10T07:30:52.604Z] Error reading register 6507 for IP 10.30.4.128: A Modbus Exception Occurred - See Response Body
[2024-12-10T07:30:52.605Z] Error reading actual data: A Modbus Exception Occurred - See Response Body
[2024-12-10T07:30:52.606Z] Error writing to Modbus register: A Modbus Exception Occurred - See Response Body
[2024-12-10T07:30:53.618Z] Error reading or processing Modbus registers: A Modbus Exception Occurred - See Response Body
[2024-12-10T07:30:53.620Z] Error reading register 6507 for IP 10.30.4.128: A Modbus Exception Occurred - See Response Body
[2024-12-10T07:30:53.621Z] Error reading actual data: A Modbus Exception Occurred - See Response Body
[2024-12-10T07:30:53.622Z] Error writing to Modbus register: A Modbus Exception Occurred - See Response Body
[2024-12-10T07:30:54.617Z] Error reading or processing Modbus registers: A Modbus Exception Occurred - See Response Body
[2024-12-10T07:30:54.620Z] Error reading register 6507 for IP 10.30.4.128: A Modbus Exception Occurred - See Response Body
[2024-12-10T07:30:54.621Z] Error reading actual data: A Modbus Exception Occurred - See Response Body
[2024-12-10T07:30:54.621Z] Error writing to Modbus register: A Modbus Exception Occurred - See Response Body
[2024-12-10T07:30:55.633Z] Error reading or processing Modbus registers: A Modbus Exception Occurred - See Response Body
[2024-12-10T07:30:55.635Z] Error reading register 6507 for IP 10.30.4.128: A Modbus Exception Occurred - See Response Body
[2024-12-10T07:30:55.636Z] Error reading actual data: A Modbus Exception Occurred - See Response Body
[2024-12-10T07:30:55.637Z] Error writing to Modbus register: A Modbus Exception Occurred - See Response Body
[2024-12-10T07:30:56.644Z] Error reading or processing Modbus registers: A Modbus Exception Occurred - See Response Body
[2024-12-10T07:30:56.647Z] Error reading register 6507 for IP 10.30.4.128: A Modbus Exception Occurred - See Response Body
[2024-12-10T07:30:56.647Z] Error reading actual data: A Modbus Exception Occurred - See Response Body
[2024-12-10T07:30:56.648Z] Error writing to Modbus register: A Modbus Exception Occurred - See Response Body
[2024-12-10T07:30:57.645Z] Error reading or processing Modbus registers: A Modbus Exception Occurred - See Response Body
[2024-12-10T07:30:57.648Z] Error reading register 6507 for IP 10.30.4.128: A Modbus Exception Occurred - See Response Body
[2024-12-10T07:30:57.649Z] Error reading actual data: A Modbus Exception Occurred - See Response Body
[2024-12-10T07:30:57.649Z] Error writing to Modbus register: A Modbus Exception Occurred - See Response Body
[2024-12-10T07:30:58.646Z] Error reading or processing Modbus registers: A Modbus Exception Occurred - See Response Body
[2024-12-10T07:30:58.649Z] Error reading register 6507 for IP 10.30.4.128: A Modbus Exception Occurred - See Response Body
[2024-12-10T07:30:58.650Z] Error reading actual data: A Modbus Exception Occurred - See Response Body
[2024-12-10T07:30:58.651Z] Error writing to Modbus register: A Modbus Exception Occurred - See Response Body
[2024-12-10T07:30:59.650Z] Error reading or processing Modbus registers: A Modbus Exception Occurred - See Response Body
[2024-12-10T07:30:59.652Z] Error reading register 6507 for IP 10.30.4.128: A Modbus Exception Occurred - See Response Body
[2024-12-10T07:30:59.653Z] Error reading actual data: A Modbus Exception Occurred - See Response Body
[2024-12-10T07:30:59.653Z] Error writing to Modbus register: A Modbus Exception Occurred - See Response Body
[2024-12-10T07:31:00.651Z] Error reading or processing Modbus registers: A Modbus Exception Occurred - See Response Body
[2024-12-10T07:31:00.654Z] Error reading register 6507 for IP 10.30.4.128: A Modbus Exception Occurred - See Response Body
[2024-12-10T07:31:00.655Z] Error reading actual data: A Modbus Exception Occurred - See Response Body
[2024-12-10T07:31:00.656Z] Error writing to Modbus register: A Modbus Exception Occurred - See Response Body
[2024-12-10T07:31:01.657Z] Error reading or processing Modbus registers: A Modbus Exception Occurred - See Response Body
[2024-12-10T07:31:01.660Z] Error reading register 6507 for IP 10.30.4.128: A Modbus Exception Occurred - See Response Body
[2024-12-10T07:31:01.660Z] Error reading actual data: A Modbus Exception Occurred - See Response Body
[2024-12-10T07:31:01.661Z] Error writing to Modbus register: A Modbus Exception Occurred - See Response Body
[2024-12-10T07:31:02.672Z] Error reading or processing Modbus registers: A Modbus Exception Occurred - See Response Body
[2024-12-10T07:31:02.675Z] Error reading register 6507 for IP 10.30.4.128: A Modbus Exception Occurred - See Response Body
[2024-12-10T07:31:02.676Z] Error reading actual data: A Modbus Exception Occurred - See Response Body
[2024-12-10T07:31:02.676Z] Error writing to Modbus register: A Modbus Exception Occurred - See Response Body
[2024-12-10T07:31:03.687Z] Error reading or processing Modbus registers: A Modbus Exception Occurred - See Response Body
[2024-12-10T07:31:03.689Z] Error reading register 6507 for IP 10.30.4.128: A Modbus Exception Occurred - See Response Body
[2024-12-10T07:31:03.690Z] Error reading actual data: A Modbus Exception Occurred - See Response Body
[2024-12-10T07:31:03.690Z] Error writing to Modbus register: A Modbus Exception Occurred - See Response Body
[2024-12-10T07:31:04.688Z] Error reading or processing Modbus registers: A Modbus Exception Occurred - See Response Body
[2024-12-10T07:31:04.690Z] Error reading register 6507 for IP 10.30.4.128: A Modbus Exception Occurred - See Response Body
[2024-12-10T07:31:04.691Z] Error reading actual data: A Modbus Exception Occurred - See Response Body
[2024-12-10T07:31:04.691Z] Error writing to Modbus register: A Modbus Exception Occurred - See Response Body
[2024-12-10T07:31:05.700Z] Error reading or processing Modbus registers: A Modbus Exception Occurred - See Response Body
[2024-12-10T07:31:05.702Z] Error reading register 6507 for IP 10.30.4.128: A Modbus Exception Occurred - See Response Body
[2024-12-10T07:31:05.703Z] Error reading actual data: A Modbus Exception Occurred - See Response Body
[2024-12-10T07:31:05.703Z] Error writing to Modbus register: A Modbus Exception Occurred - See Response Body
[2024-12-10T07:31:06.700Z] Error reading or processing Modbus registers: A Modbus Exception Occurred - See Response Body
[2024-12-10T07:31:06.702Z] Error reading register 6507 for IP 10.30.4.128: A Modbus Exception Occurred - See Response Body
[2024-12-10T07:31:06.703Z] Error reading actual data: A Modbus Exception Occurred - See Response Body
[2024-12-10T07:31:06.703Z] Error writing to Modbus register: A Modbus Exception Occurred - See Response Body
[2024-12-10T07:31:07.712Z] Error reading or processing Modbus registers: A Modbus Exception Occurred - See Response Body
[2024-12-10T07:31:07.714Z] Error reading register 6507 for IP 10.30.4.128: A Modbus Exception Occurred - See Response Body
[2024-12-10T07:31:07.714Z] Error reading actual data: A Modbus Exception Occurred - See Response Body
[2024-12-10T07:31:07.715Z] Error writing to Modbus register: A Modbus Exception Occurred - See Response Body
[2024-12-10T07:31:08.715Z] Error reading or processing Modbus registers: A Modbus Exception Occurred - See Response Body
[2024-12-10T07:31:08.717Z] Error reading register 6507 for IP 10.30.4.128: A Modbus Exception Occurred - See Response Body
[2024-12-10T07:31:08.718Z] Error reading actual data: A Modbus Exception Occurred - See Response Body
[2024-12-10T07:31:08.718Z] Error writing to Modbus register: A Modbus Exception Occurred - See Response Body
[2024-12-10T07:31:09.730Z] Error reading or processing Modbus registers: A Modbus Exception Occurred - See Response Body
[2024-12-10T07:31:09.732Z] Error reading register 6507 for IP 10.30.4.128: A Modbus Exception Occurred - See Response Body
[2024-12-10T07:31:09.733Z] Error reading actual data: A Modbus Exception Occurred - See Response Body
[2024-12-10T07:31:09.733Z] Error writing to Modbus register: A Modbus Exception Occurred - See Response Body
[2024-12-10T07:31:10.731Z] Error reading or processing Modbus registers: A Modbus Exception Occurred - See Response Body
[2024-12-10T07:31:10.733Z] Error reading register 6507 for IP 10.30.4.128: A Modbus Exception Occurred - See Response Body
[2024-12-10T07:31:10.734Z] Error reading actual data: A Modbus Exception Occurred - See Response Body
[2024-12-10T07:31:10.734Z] Error writing to Modbus register: A Modbus Exception Occurred - See Response Body
[2024-12-10T07:31:11.744Z] Error reading or processing Modbus registers: A Modbus Exception Occurred - See Response Body
[2024-12-10T07:31:11.747Z] Error reading register 6507 for IP 10.30.4.128: A Modbus Exception Occurred - See Response Body
[2024-12-10T07:31:11.747Z] Error reading actual data: A Modbus Exception Occurred - See Response Body
[2024-12-10T07:31:11.748Z] Error writing to Modbus register: A Modbus Exception Occurred - See Response Body
[2024-12-10T07:31:12.747Z] Error reading or processing Modbus registers: A Modbus Exception Occurred - See Response Body
[2024-12-10T07:31:12.749Z] Error reading register 6507 for IP 10.30.4.128: A Modbus Exception Occurred - See Response Body
[2024-12-10T07:31:12.750Z] Error reading actual data: A Modbus Exception Occurred - See Response Body
[2024-12-10T07:31:12.750Z] Error writing to Modbus register: A Modbus Exception Occurred - See Response Body
[2024-12-10T07:31:13.749Z] Error reading or processing Modbus registers: A Modbus Exception Occurred - See Response Body
[2024-12-10T07:31:13.752Z] Error reading register 6507 for IP 10.30.4.128: A Modbus Exception Occurred - See Response Body
[2024-12-10T07:31:13.753Z] Error reading actual data: A Modbus Exception Occurred - See Response Body
[2024-12-10T07:31:13.753Z] Error writing to Modbus register: A Modbus Exception Occurred - See Response Body
[2024-12-10T07:31:14.765Z] Error reading or processing Modbus registers: A Modbus Exception Occurred - See Response Body
[2024-12-10T07:31:14.767Z] Error reading register 6507 for IP 10.30.4.128: A Modbus Exception Occurred - See Response Body
[2024-12-10T07:31:14.768Z] Error reading actual data: A Modbus Exception Occurred - See Response Body
[2024-12-10T07:31:14.768Z] Error writing to Modbus register: A Modbus Exception Occurred - See Response Body
[2024-12-10T07:31:15.768Z] Error reading or processing Modbus registers: A Modbus Exception Occurred - See Response Body
[2024-12-10T07:31:15.771Z] Error reading register 6507 for IP 10.30.4.128: A Modbus Exception Occurred - See Response Body
[2024-12-10T07:31:15.772Z] Error reading actual data: A Modbus Exception Occurred - See Response Body
[2024-12-10T07:31:15.773Z] Error writing to Modbus register: A Modbus Exception Occurred - See Response Body
[2024-12-10T07:31:16.782Z] Error reading or processing Modbus registers: A Modbus Exception Occurred - See Response Body
[2024-12-10T07:31:16.784Z] Error reading register 6507 for IP 10.30.4.128: A Modbus Exception Occurred - See Response Body
[2024-12-10T07:31:16.784Z] Error reading actual data: A Modbus Exception Occurred - See Response Body
[2024-12-10T07:31:16.785Z] Error writing to Modbus register: A Modbus Exception Occurred - See Response Body
[2024-12-10T07:31:17.794Z] Error reading or processing Modbus registers: A Modbus Exception Occurred - See Response Body
[2024-12-10T07:31:17.796Z] Error reading register 6507 for IP 10.30.4.128: A Modbus Exception Occurred - See Response Body
[2024-12-10T07:31:17.797Z] Error reading actual data: A Modbus Exception Occurred - See Response Body
[2024-12-10T07:31:17.797Z] Error writing to Modbus register: A Modbus Exception Occurred - See Response Body
[2024-12-10T07:31:18.808Z] Error reading or processing Modbus registers: A Modbus Exception Occurred - See Response Body
[2024-12-10T07:31:18.811Z] Error reading register 6507 for IP 10.30.4.128: A Modbus Exception Occurred - See Response Body
[2024-12-10T07:31:18.812Z] Error reading actual data: A Modbus Exception Occurred - See Response Body
[2024-12-10T07:31:18.812Z] Error writing to Modbus register: A Modbus Exception Occurred - See Response Body
[2024-12-10T07:31:19.811Z] Error reading or processing Modbus registers: A Modbus Exception Occurred - See Response Body
[2024-12-10T07:31:19.813Z] Error reading register 6507 for IP 10.30.4.128: A Modbus Exception Occurred - See Response Body
[2024-12-10T07:31:19.814Z] Error reading actual data: A Modbus Exception Occurred - See Response Body
[2024-12-10T07:31:19.815Z] Error writing to Modbus register: A Modbus Exception Occurred - See Response Body
[2024-12-10T07:31:20.811Z] Error reading or processing Modbus registers: A Modbus Exception Occurred - See Response Body
[2024-12-10T07:31:20.813Z] Error reading register 6507 for IP 10.30.4.128: A Modbus Exception Occurred - See Response Body
[2024-12-10T07:31:20.814Z] Error reading actual data: A Modbus Exception Occurred - See Response Body
[2024-12-10T07:31:20.815Z] Error writing to Modbus register: A Modbus Exception Occurred - See Response Body
[2024-12-10T07:31:21.811Z] Error reading or processing Modbus registers: A Modbus Exception Occurred - See Response Body
[2024-12-10T07:31:21.814Z] Error reading register 6507 for IP 10.30.4.128: A Modbus Exception Occurred - See Response Body
[2024-12-10T07:31:21.814Z] Error reading actual data: A Modbus Exception Occurred - See Response Body
[2024-12-10T07:31:21.815Z] Error writing to Modbus register: A Modbus Exception Occurred - See Response Body
[2024-12-10T07:31:22.826Z] Error reading or processing Modbus registers: A Modbus Exception Occurred - See Response Body
[2024-12-10T07:31:22.829Z] Error reading register 6507 for IP 10.30.4.128: A Modbus Exception Occurred - See Response Body
[2024-12-10T07:31:22.830Z] Error reading actual data: A Modbus Exception Occurred - See Response Body
[2024-12-10T07:31:22.830Z] Error writing to Modbus register: A Modbus Exception Occurred - See Response Body
[2024-12-10T07:31:23.838Z] Error reading or processing Modbus registers: A Modbus Exception Occurred - See Response Body
[2024-12-10T07:31:23.840Z] Error reading register 6507 for IP 10.30.4.128: A Modbus Exception Occurred - See Response Body
[2024-12-10T07:31:23.841Z] Error reading actual data: A Modbus Exception Occurred - See Response Body
[2024-12-10T07:31:23.842Z] Error writing to Modbus register: A Modbus Exception Occurred - See Response Body
[2024-12-10T07:31:24.839Z] Error reading or processing Modbus registers: A Modbus Exception Occurred - See Response Body
[2024-12-10T07:31:24.841Z] Error reading register 6507 for IP 10.30.4.128: A Modbus Exception Occurred - See Response Body
[2024-12-10T07:31:24.842Z] Error reading actual data: A Modbus Exception Occurred - See Response Body
[2024-12-10T07:31:24.843Z] Error writing to Modbus register: A Modbus Exception Occurred - See Response Body
[2024-12-10T07:31:25.841Z] Error reading or processing Modbus registers: A Modbus Exception Occurred - See Response Body
[2024-12-10T07:31:25.844Z] Error reading register 6507 for IP 10.30.4.128: A Modbus Exception Occurred - See Response Body
[2024-12-10T07:31:25.845Z] Error reading actual data: A Modbus Exception Occurred - See Response Body
[2024-12-10T07:31:25.846Z] Error writing to Modbus register: A Modbus Exception Occurred - See Response Body
[2024-12-10T07:31:26.853Z] Error reading or processing Modbus registers: A Modbus Exception Occurred - See Response Body
[2024-12-10T07:31:26.856Z] Error reading register 6507 for IP 10.30.4.128: A Modbus Exception Occurred - See Response Body
[2024-12-10T07:31:26.857Z] Error reading actual data: A Modbus Exception Occurred - See Response Body
[2024-12-10T07:31:26.858Z] Error writing to Modbus register: A Modbus Exception Occurred - See Response Body
[2024-12-10T07:31:27.867Z] Error reading or processing Modbus registers: A Modbus Exception Occurred - See Response Body
[2024-12-10T07:31:27.870Z] Error reading register 6507 for IP 10.30.4.128: A Modbus Exception Occurred - See Response Body
[2024-12-10T07:31:27.871Z] Error reading actual data: A Modbus Exception Occurred - See Response Body
[2024-12-10T07:31:27.871Z] Error writing to Modbus register: A Modbus Exception Occurred - See Response Body
[2024-12-10T07:31:28.868Z] Error reading or processing Modbus registers: A Modbus Exception Occurred - See Response Body
[2024-12-10T07:31:28.871Z] Error reading register 6507 for IP 10.30.4.128: A Modbus Exception Occurred - See Response Body
[2024-12-10T07:31:28.871Z] Error reading actual data: A Modbus Exception Occurred - See Response Body
[2024-12-10T07:31:28.872Z] Error writing to Modbus register: A Modbus Exception Occurred - See Response Body
[2024-12-10T07:31:29.881Z] Error reading or processing Modbus registers: A Modbus Exception Occurred - See Response Body
[2024-12-10T07:31:29.883Z] Error reading register 6507 for IP 10.30.4.128: A Modbus Exception Occurred - See Response Body
[2024-12-10T07:31:29.884Z] Error reading actual data: A Modbus Exception Occurred - See Response Body
[2024-12-10T07:31:29.885Z] Error writing to Modbus register: A Modbus Exception Occurred - See Response Body
[2024-12-10T07:31:30.897Z] Error reading or processing Modbus registers: A Modbus Exception Occurred - See Response Body
[2024-12-10T07:31:30.899Z] Error reading register 6507 for IP 10.30.4.128: A Modbus Exception Occurred - See Response Body
[2024-12-10T07:31:30.900Z] Error reading actual data: A Modbus Exception Occurred - See Response Body
[2024-12-10T07:31:30.901Z] Error writing to Modbus register: A Modbus Exception Occurred - See Response Body
[2024-12-10T07:31:31.896Z] Error reading or processing Modbus registers: A Modbus Exception Occurred - See Response Body
[2024-12-10T07:31:31.898Z] Error reading register 6507 for IP 10.30.4.128: A Modbus Exception Occurred - See Response Body
[2024-12-10T07:31:31.899Z] Error reading actual data: A Modbus Exception Occurred - See Response Body
[2024-12-10T07:31:31.900Z] Error writing to Modbus register: A Modbus Exception Occurred - See Response Body
[2024-12-10T07:31:32.903Z] Error reading or processing Modbus registers: A Modbus Exception Occurred - See Response Body
[2024-12-10T07:31:32.905Z] Error reading register 6507 for IP 10.30.4.128: A Modbus Exception Occurred - See Response Body
[2024-12-10T07:31:32.906Z] Error reading actual data: A Modbus Exception Occurred - See Response Body
[2024-12-10T07:31:32.906Z] Error writing to Modbus register: A Modbus Exception Occurred - See Response Body
[2024-12-10T07:31:33.913Z] Error reading or processing Modbus registers: A Modbus Exception Occurred - See Response Body
[2024-12-10T07:31:33.915Z] Error reading register 6507 for IP 10.30.4.128: A Modbus Exception Occurred - See Response Body
[2024-12-10T07:31:33.916Z] Error reading actual data: A Modbus Exception Occurred - See Response Body
[2024-12-10T07:31:33.916Z] Error writing to Modbus register: A Modbus Exception Occurred - See Response Body
[2024-12-10T07:31:34.924Z] Error reading or processing Modbus registers: A Modbus Exception Occurred - See Response Body
[2024-12-10T07:31:34.926Z] Error reading register 6507 for IP 10.30.4.128: A Modbus Exception Occurred - See Response Body
[2024-12-10T07:31:34.927Z] Error reading actual data: A Modbus Exception Occurred - See Response Body
[2024-12-10T07:31:34.928Z] Error writing to Modbus register: A Modbus Exception Occurred - See Response Body
[2024-12-10T07:31:35.937Z] Error reading or processing Modbus registers: A Modbus Exception Occurred - See Response Body
[2024-12-10T07:31:35.939Z] Error reading register 6507 for IP 10.30.4.128: A Modbus Exception Occurred - See Response Body
[2024-12-10T07:31:35.939Z] Error reading actual data: A Modbus Exception Occurred - See Response Body
[2024-12-10T07:31:35.940Z] Error writing to Modbus register: A Modbus Exception Occurred - See Response Body
[2024-12-10T07:31:36.938Z] Error reading or processing Modbus registers: A Modbus Exception Occurred - See Response Body
[2024-12-10T07:31:36.940Z] Error reading register 6507 for IP 10.30.4.128: A Modbus Exception Occurred - See Response Body
[2024-12-10T07:31:36.940Z] Error reading actual data: A Modbus Exception Occurred - See Response Body
[2024-12-10T07:31:36.941Z] Error writing to Modbus register: A Modbus Exception Occurred - See Response Body
[2024-12-10T07:31:37.940Z] Error reading or processing Modbus registers: A Modbus Exception Occurred - See Response Body
[2024-12-10T07:31:37.942Z] Error reading register 6507 for IP 10.30.4.128: A Modbus Exception Occurred - See Response Body
[2024-12-10T07:31:37.943Z] Error reading actual data: A Modbus Exception Occurred - See Response Body
[2024-12-10T07:31:37.944Z] Error writing to Modbus register: A Modbus Exception Occurred - See Response Body
[2024-12-10T07:31:38.953Z] Error reading or processing Modbus registers: A Modbus Exception Occurred - See Response Body
[2024-12-10T07:31:38.955Z] Error reading register 6507 for IP 10.30.4.128: A Modbus Exception Occurred - See Response Body
[2024-12-10T07:31:38.956Z] Error reading actual data: A Modbus Exception Occurred - See Response Body
[2024-12-10T07:31:38.956Z] Error writing to Modbus register: A Modbus Exception Occurred - See Response Body
[2024-12-10T07:31:39.953Z] Error reading or processing Modbus registers: A Modbus Exception Occurred - See Response Body
[2024-12-10T07:31:39.955Z] Error reading register 6507 for IP 10.30.4.128: A Modbus Exception Occurred - See Response Body
[2024-12-10T07:31:39.956Z] Error reading actual data: A Modbus Exception Occurred - See Response Body
[2024-12-10T07:31:39.956Z] Error writing to Modbus register: A Modbus Exception Occurred - See Response Body
[2024-12-10T07:31:40.955Z] Error reading or processing Modbus registers: A Modbus Exception Occurred - See Response Body
[2024-12-10T07:31:40.957Z] Error reading register 6507 for IP 10.30.4.128: A Modbus Exception Occurred - See Response Body
[2024-12-10T07:31:40.958Z] Error reading actual data: A Modbus Exception Occurred - See Response Body
[2024-12-10T07:31:40.958Z] Error writing to Modbus register: A Modbus Exception Occurred - See Response Body
[2024-12-10T07:31:41.959Z] Error reading or processing Modbus registers: A Modbus Exception Occurred - See Response Body
[2024-12-10T07:31:41.961Z] Error reading register 6507 for IP 10.30.4.128: A Modbus Exception Occurred - See Response Body
[2024-12-10T07:31:41.962Z] Error reading actual data: A Modbus Exception Occurred - See Response Body
[2024-12-10T07:31:41.962Z] Error writing to Modbus register: A Modbus Exception Occurred - See Response Body
[2024-12-10T07:31:42.959Z] Error reading or processing Modbus registers: A Modbus Exception Occurred - See Response Body
[2024-12-10T07:31:42.961Z] Error reading register 6507 for IP 10.30.4.128: A Modbus Exception Occurred - See Response Body
[2024-12-10T07:31:42.963Z] Error reading actual data: A Modbus Exception Occurred - See Response Body
[2024-12-10T07:31:42.963Z] Error writing to Modbus register: A Modbus Exception Occurred - See Response Body
[2024-12-10T07:31:43.974Z] Error reading or processing Modbus registers: A Modbus Exception Occurred - See Response Body
[2024-12-10T07:31:43.977Z] Error reading register 6507 for IP 10.30.4.128: A Modbus Exception Occurred - See Response Body
[2024-12-10T07:31:43.977Z] Error reading actual data: A Modbus Exception Occurred - See Response Body
[2024-12-10T07:31:43.978Z] Error writing to Modbus register: A Modbus Exception Occurred - See Response Body
[2024-12-10T07:31:44.989Z] Error reading or processing Modbus registers: A Modbus Exception Occurred - See Response Body
[2024-12-10T07:31:44.991Z] Error reading register 6507 for IP 10.30.4.128: A Modbus Exception Occurred - See Response Body
[2024-12-10T07:31:44.991Z] Error reading actual data: A Modbus Exception Occurred - See Response Body
[2024-12-10T07:31:44.992Z] Error writing to Modbus register: A Modbus Exception Occurred - See Response Body
[2024-12-10T07:31:45.989Z] Error reading or processing Modbus registers: A Modbus Exception Occurred - See Response Body
[2024-12-10T07:31:45.992Z] Error reading register 6507 for IP 10.30.4.128: A Modbus Exception Occurred - See Response Body
[2024-12-10T07:31:45.993Z] Error reading actual data: A Modbus Exception Occurred - See Response Body
[2024-12-10T07:31:45.993Z] Error writing to Modbus register: A Modbus Exception Occurred - See Response Body
[2024-12-10T07:31:46.992Z] Error reading or processing Modbus registers: A Modbus Exception Occurred - See Response Body
[2024-12-10T07:31:46.994Z] Error reading register 6507 for IP 10.30.4.128: A Modbus Exception Occurred - See Response Body
[2024-12-10T07:31:46.994Z] Error reading actual data: A Modbus Exception Occurred - See Response Body
[2024-12-10T07:31:46.996Z] Error writing to Modbus register: A Modbus Exception Occurred - See Response Body
[2024-12-10T07:31:48.006Z] Error reading or processing Modbus registers: A Modbus Exception Occurred - See Response Body
[2024-12-10T07:31:48.008Z] Error reading register 6507 for IP 10.30.4.128: A Modbus Exception Occurred - See Response Body
[2024-12-10T07:31:48.009Z] Error reading actual data: A Modbus Exception Occurred - See Response Body
[2024-12-10T07:31:48.009Z] Error writing to Modbus register: A Modbus Exception Occurred - See Response Body
[2024-12-10T07:31:49.022Z] Error reading or processing Modbus registers: A Modbus Exception Occurred - See Response Body
[2024-12-10T07:31:49.024Z] Error reading register 6507 for IP 10.30.4.128: A Modbus Exception Occurred - See Response Body
[2024-12-10T07:31:49.025Z] Error reading actual data: A Modbus Exception Occurred - See Response Body
[2024-12-10T07:31:49.026Z] Error writing to Modbus register: A Modbus Exception Occurred - See Response Body
[2024-12-10T07:31:50.036Z] Error reading or processing Modbus registers: A Modbus Exception Occurred - See Response Body
[2024-12-10T07:31:50.039Z] Error reading register 6507 for IP 10.30.4.128: A Modbus Exception Occurred - See Response Body
[2024-12-10T07:31:50.040Z] Error reading actual data: A Modbus Exception Occurred - See Response Body
[2024-12-10T07:31:50.041Z] Error writing to Modbus register: A Modbus Exception Occurred - See Response Body
[2024-12-10T07:31:51.040Z] Error reading or processing Modbus registers: A Modbus Exception Occurred - See Response Body
[2024-12-10T07:31:51.042Z] Error reading register 6507 for IP 10.30.4.128: A Modbus Exception Occurred - See Response Body
[2024-12-10T07:31:51.043Z] Error reading actual data: A Modbus Exception Occurred - See Response Body
[2024-12-10T07:31:51.043Z] Error writing to Modbus register: A Modbus Exception Occurred - See Response Body
[2024-12-10T07:31:52.042Z] Error reading or processing Modbus registers: A Modbus Exception Occurred - See Response Body
[2024-12-10T07:31:52.044Z] Error reading register 6507 for IP 10.30.4.128: A Modbus Exception Occurred - See Response Body
[2024-12-10T07:31:52.045Z] Error reading actual data: A Modbus Exception Occurred - See Response Body
[2024-12-10T07:31:52.045Z] Error writing to Modbus register: A Modbus Exception Occurred - See Response Body
[2024-12-10T07:31:53.042Z] Error reading or processing Modbus registers: A Modbus Exception Occurred - See Response Body
[2024-12-10T07:31:53.044Z] Error reading register 6507 for IP 10.30.4.128: A Modbus Exception Occurred - See Response Body
[2024-12-10T07:31:53.045Z] Error reading actual data: A Modbus Exception Occurred - See Response Body
[2024-12-10T07:31:53.046Z] Error writing to Modbus register: A Modbus Exception Occurred - See Response Body
[2024-12-10T07:31:54.044Z] Error reading or processing Modbus registers: A Modbus Exception Occurred - See Response Body
[2024-12-10T07:31:54.047Z] Error reading register 6507 for IP 10.30.4.128: A Modbus Exception Occurred - See Response Body
[2024-12-10T07:31:54.048Z] Error reading actual data: A Modbus Exception Occurred - See Response Body
[2024-12-10T07:31:54.049Z] Error writing to Modbus register: A Modbus Exception Occurred - See Response Body
[2024-12-10T07:31:55.044Z] Error reading or processing Modbus registers: A Modbus Exception Occurred - See Response Body
[2024-12-10T07:31:55.047Z] Error reading register 6507 for IP 10.30.4.128: A Modbus Exception Occurred - See Response Body
[2024-12-10T07:31:55.048Z] Error reading actual data: A Modbus Exception Occurred - See Response Body
[2024-12-10T07:31:55.048Z] Error writing to Modbus register: A Modbus Exception Occurred - See Response Body
[2024-12-10T07:31:56.058Z] Error reading or processing Modbus registers: A Modbus Exception Occurred - See Response Body
[2024-12-10T07:31:56.061Z] Error reading register 6507 for IP 10.30.4.128: A Modbus Exception Occurred - See Response Body
[2024-12-10T07:31:56.062Z] Error reading actual data: A Modbus Exception Occurred - See Response Body
[2024-12-10T07:31:56.063Z] Error writing to Modbus register: A Modbus Exception Occurred - See Response Body
[2024-12-10T07:31:57.071Z] Error reading or processing Modbus registers: A Modbus Exception Occurred - See Response Body
[2024-12-10T07:31:57.074Z] Error reading register 6507 for IP 10.30.4.128: A Modbus Exception Occurred - See Response Body
[2024-12-10T07:31:57.075Z] Error reading actual data: A Modbus Exception Occurred - See Response Body
[2024-12-10T07:31:57.075Z] Error writing to Modbus register: A Modbus Exception Occurred - See Response Body
[2024-12-10T07:31:58.085Z] Error reading or processing Modbus registers: A Modbus Exception Occurred - See Response Body
[2024-12-10T07:31:58.087Z] Error reading register 6507 for IP 10.30.4.128: A Modbus Exception Occurred - See Response Body
[2024-12-10T07:31:58.088Z] Error reading actual data: A Modbus Exception Occurred - See Response Body
[2024-12-10T07:31:58.089Z] Error writing to Modbus register: A Modbus Exception Occurred - See Response Body
[2024-12-10T07:31:59.098Z] Error reading or processing Modbus registers: A Modbus Exception Occurred - See Response Body
[2024-12-10T07:31:59.103Z] Error reading register 6507 for IP 10.30.4.128: A Modbus Exception Occurred - See Response Body
[2024-12-10T07:31:59.104Z] Error reading actual data: A Modbus Exception Occurred - See Response Body
[2024-12-10T07:31:59.104Z] Error writing to Modbus register: A Modbus Exception Occurred - See Response Body
[2024-12-10T07:32:00.114Z] Error reading or processing Modbus registers: A Modbus Exception Occurred - See Response Body
[2024-12-10T07:32:00.116Z] Error reading register 6507 for IP 10.30.4.128: A Modbus Exception Occurred - See Response Body
[2024-12-10T07:32:00.117Z] Error reading actual data: A Modbus Exception Occurred - See Response Body
[2024-12-10T07:32:00.117Z] Error writing to Modbus register: A Modbus Exception Occurred - See Response Body
[2024-12-10T07:32:01.128Z] Error reading or processing Modbus registers: A Modbus Exception Occurred - See Response Body
[2024-12-10T07:32:01.130Z] Error reading register 6507 for IP 10.30.4.128: A Modbus Exception Occurred - See Response Body
[2024-12-10T07:32:01.131Z] Error reading actual data: A Modbus Exception Occurred - See Response Body
[2024-12-10T07:32:01.131Z] Error writing to Modbus register: A Modbus Exception Occurred - See Response Body
[2024-12-10T07:32:02.143Z] Error reading or processing Modbus registers: A Modbus Exception Occurred - See Response Body
[2024-12-10T07:32:02.145Z] Error reading register 6507 for IP 10.30.4.128: A Modbus Exception Occurred - See Response Body
[2024-12-10T07:32:02.146Z] Error reading actual data: A Modbus Exception Occurred - See Response Body
[2024-12-10T07:32:02.146Z] Error writing to Modbus register: A Modbus Exception Occurred - See Response Body
[2024-12-10T07:32:03.156Z] Error reading or processing Modbus registers: A Modbus Exception Occurred - See Response Body
[2024-12-10T07:32:03.158Z] Error reading register 6507 for IP 10.30.4.128: A Modbus Exception Occurred - See Response Body
[2024-12-10T07:32:03.159Z] Error reading actual data: A Modbus Exception Occurred - See Response Body
[2024-12-10T07:32:03.159Z] Error writing to Modbus register: A Modbus Exception Occurred - See Response Body
[2024-12-10T07:32:04.172Z] Error reading or processing Modbus registers: A Modbus Exception Occurred - See Response Body
[2024-12-10T07:32:04.174Z] Error reading register 6507 for IP 10.30.4.128: A Modbus Exception Occurred - See Response Body
[2024-12-10T07:32:04.175Z] Error reading actual data: A Modbus Exception Occurred - See Response Body
[2024-12-10T07:32:04.176Z] Error writing to Modbus register: A Modbus Exception Occurred - See Response Body
[2024-12-10T07:32:05.183Z] Error reading or processing Modbus registers: A Modbus Exception Occurred - See Response Body
[2024-12-10T07:32:05.185Z] Error reading register 6507 for IP 10.30.4.128: A Modbus Exception Occurred - See Response Body
[2024-12-10T07:32:05.185Z] Error reading actual data: A Modbus Exception Occurred - See Response Body
[2024-12-10T07:32:05.186Z] Error writing to Modbus register: A Modbus Exception Occurred - See Response Body
[2024-12-10T07:32:06.182Z] Error reading or processing Modbus registers: A Modbus Exception Occurred - See Response Body
[2024-12-10T07:32:06.184Z] Error reading register 6507 for IP 10.30.4.128: A Modbus Exception Occurred - See Response Body
[2024-12-10T07:32:06.185Z] Error reading actual data: A Modbus Exception Occurred - See Response Body
[2024-12-10T07:32:06.186Z] Error writing to Modbus register: A Modbus Exception Occurred - See Response Body
[2024-12-10T07:32:07.182Z] Error reading or processing Modbus registers: A Modbus Exception Occurred - See Response Body
[2024-12-10T07:32:07.184Z] Error reading register 6507 for IP 10.30.4.128: A Modbus Exception Occurred - See Response Body
[2024-12-10T07:32:07.185Z] Error reading actual data: A Modbus Exception Occurred - See Response Body
[2024-12-10T07:32:07.186Z] Error writing to Modbus register: A Modbus Exception Occurred - See Response Body
[2024-12-10T07:32:08.184Z] Error reading or processing Modbus registers: A Modbus Exception Occurred - See Response Body
[2024-12-10T07:32:08.186Z] Error reading register 6507 for IP 10.30.4.128: A Modbus Exception Occurred - See Response Body
[2024-12-10T07:32:08.187Z] Error reading actual data: A Modbus Exception Occurred - See Response Body
[2024-12-10T07:32:08.188Z] Error writing to Modbus register: A Modbus Exception Occurred - See Response Body
[2024-12-10T07:32:09.195Z] Error reading or processing Modbus registers: A Modbus Exception Occurred - See Response Body
[2024-12-10T07:32:09.198Z] Error reading register 6507 for IP 10.30.4.128: A Modbus Exception Occurred - See Response Body
[2024-12-10T07:32:09.199Z] Error reading actual data: A Modbus Exception Occurred - See Response Body
[2024-12-10T07:32:09.199Z] Error writing to Modbus register: A Modbus Exception Occurred - See Response Body
[2024-12-10T07:32:10.210Z] Error reading or processing Modbus registers: A Modbus Exception Occurred - See Response Body
[2024-12-10T07:32:10.212Z] Error reading register 6507 for IP 10.30.4.128: A Modbus Exception Occurred - See Response Body
[2024-12-10T07:32:10.213Z] Error reading actual data: A Modbus Exception Occurred - See Response Body
[2024-12-10T07:32:10.214Z] Error writing to Modbus register: A Modbus Exception Occurred - See Response Body
[2024-12-10T07:32:11.213Z] Error reading or processing Modbus registers: A Modbus Exception Occurred - See Response Body
[2024-12-10T07:32:11.216Z] Error reading register 6507 for IP 10.30.4.128: A Modbus Exception Occurred - See Response Body
[2024-12-10T07:32:11.217Z] Error reading actual data: A Modbus Exception Occurred - See Response Body
[2024-12-10T07:32:11.217Z] Error writing to Modbus register: A Modbus Exception Occurred - See Response Body
[2024-12-10T07:32:12.214Z] Error reading or processing Modbus registers: A Modbus Exception Occurred - See Response Body
[2024-12-10T07:32:12.216Z] Error reading register 6507 for IP 10.30.4.128: A Modbus Exception Occurred - See Response Body
[2024-12-10T07:32:12.217Z] Error reading actual data: A Modbus Exception Occurred - See Response Body
[2024-12-10T07:32:12.217Z] Error writing to Modbus register: A Modbus Exception Occurred - See Response Body
[2024-12-10T07:32:13.214Z] Error reading or processing Modbus registers: A Modbus Exception Occurred - See Response Body
[2024-12-10T07:32:13.216Z] Error reading register 6507 for IP 10.30.4.128: A Modbus Exception Occurred - See Response Body
[2024-12-10T07:32:13.217Z] Error reading actual data: A Modbus Exception Occurred - See Response Body
[2024-12-10T07:32:13.218Z] Error writing to Modbus register: A Modbus Exception Occurred - See Response Body
[2024-12-10T07:32:14.215Z] Error reading or processing Modbus registers: A Modbus Exception Occurred - See Response Body
[2024-12-10T07:32:14.217Z] Error reading register 6507 for IP 10.30.4.128: A Modbus Exception Occurred - See Response Body
[2024-12-10T07:32:14.219Z] Error reading actual data: A Modbus Exception Occurred - See Response Body
[2024-12-10T07:32:14.219Z] Error writing to Modbus register: A Modbus Exception Occurred - See Response Body
[2024-12-10T07:32:15.228Z] Error reading or processing Modbus registers: A Modbus Exception Occurred - See Response Body
[2024-12-10T07:32:15.231Z] Error reading register 6507 for IP 10.30.4.128: A Modbus Exception Occurred - See Response Body
[2024-12-10T07:32:15.232Z] Error reading actual data: A Modbus Exception Occurred - See Response Body
[2024-12-10T07:32:15.232Z] Error writing to Modbus register: A Modbus Exception Occurred - See Response Body
[2024-12-10T07:32:16.235Z] Error reading or processing Modbus registers: A Modbus Exception Occurred - See Response Body
[2024-12-10T07:32:16.237Z] Error reading register 6507 for IP 10.30.4.128: A Modbus Exception Occurred - See Response Body
[2024-12-10T07:32:16.238Z] Error reading actual data: A Modbus Exception Occurred - See Response Body
[2024-12-10T07:32:16.238Z] Error writing to Modbus register: A Modbus Exception Occurred - See Response Body
[2024-12-10T07:32:17.249Z] Error reading or processing Modbus registers: A Modbus Exception Occurred - See Response Body
[2024-12-10T07:32:17.251Z] Error reading register 6507 for IP 10.30.4.128: A Modbus Exception Occurred - See Response Body
[2024-12-10T07:32:17.252Z] Error reading actual data: A Modbus Exception Occurred - See Response Body
[2024-12-10T07:32:17.253Z] Error writing to Modbus register: A Modbus Exception Occurred - See Response Body
[2024-12-10T07:32:18.263Z] Error reading or processing Modbus registers: A Modbus Exception Occurred - See Response Body
[2024-12-10T07:32:18.265Z] Error reading register 6507 for IP 10.30.4.128: A Modbus Exception Occurred - See Response Body
[2024-12-10T07:32:18.266Z] Error reading actual data: A Modbus Exception Occurred - See Response Body
[2024-12-10T07:32:18.266Z] Error writing to Modbus register: A Modbus Exception Occurred - See Response Body
[2024-12-10T07:32:19.275Z] Error reading or processing Modbus registers: A Modbus Exception Occurred - See Response Body
[2024-12-10T07:32:19.277Z] Error reading register 6507 for IP 10.30.4.128: A Modbus Exception Occurred - See Response Body
[2024-12-10T07:32:19.278Z] Error reading actual data: A Modbus Exception Occurred - See Response Body
[2024-12-10T07:32:19.278Z] Error writing to Modbus register: A Modbus Exception Occurred - See Response Body
[2024-12-10T07:32:20.289Z] Error reading or processing Modbus registers: A Modbus Exception Occurred - See Response Body
[2024-12-10T07:32:20.291Z] Error reading register 6507 for IP 10.30.4.128: A Modbus Exception Occurred - See Response Body
[2024-12-10T07:32:20.292Z] Error reading actual data: A Modbus Exception Occurred - See Response Body
[2024-12-10T07:32:20.293Z] Error writing to Modbus register: A Modbus Exception Occurred - See Response Body
[2024-12-10T07:32:21.289Z] Error reading or processing Modbus registers: A Modbus Exception Occurred - See Response Body
[2024-12-10T07:32:21.292Z] Error reading register 6507 for IP 10.30.4.128: A Modbus Exception Occurred - See Response Body
[2024-12-10T07:32:21.293Z] Error reading actual data: A Modbus Exception Occurred - See Response Body
[2024-12-10T07:32:21.293Z] Error writing to Modbus register: A Modbus Exception Occurred - See Response Body
[2024-12-10T07:32:22.304Z] Error reading or processing Modbus registers: A Modbus Exception Occurred - See Response Body
[2024-12-10T07:32:22.307Z] Error reading register 6507 for IP 10.30.4.128: A Modbus Exception Occurred - See Response Body
[2024-12-10T07:32:22.307Z] Error reading actual data: A Modbus Exception Occurred - See Response Body
[2024-12-10T07:32:22.308Z] Error writing to Modbus register: A Modbus Exception Occurred - See Response Body
[2024-12-10T07:32:23.316Z] Error reading or processing Modbus registers: A Modbus Exception Occurred - See Response Body
[2024-12-10T07:32:23.318Z] Error reading register 6507 for IP 10.30.4.128: A Modbus Exception Occurred - See Response Body
[2024-12-10T07:32:23.319Z] Error reading actual data: A Modbus Exception Occurred - See Response Body
[2024-12-10T07:32:23.319Z] Error writing to Modbus register: A Modbus Exception Occurred - See Response Body
[2024-12-10T07:32:24.317Z] Error reading or processing Modbus registers: A Modbus Exception Occurred - See Response Body
[2024-12-10T07:32:24.320Z] Error reading register 6507 for IP 10.30.4.128: A Modbus Exception Occurred - See Response Body
[2024-12-10T07:32:24.320Z] Error reading actual data: A Modbus Exception Occurred - See Response Body
[2024-12-10T07:32:24.321Z] Error writing to Modbus register: A Modbus Exception Occurred - See Response Body
[2024-12-10T07:32:25.330Z] Error reading or processing Modbus registers: A Modbus Exception Occurred - See Response Body
[2024-12-10T07:32:25.333Z] Error reading register 6507 for IP 10.30.4.128: A Modbus Exception Occurred - See Response Body
[2024-12-10T07:32:25.333Z] Error reading actual data: A Modbus Exception Occurred - See Response Body
[2024-12-10T07:32:25.334Z] Error writing to Modbus register: A Modbus Exception Occurred - See Response Body
[2024-12-10T07:32:26.331Z] Error reading or processing Modbus registers: A Modbus Exception Occurred - See Response Body
[2024-12-10T07:32:26.333Z] Error reading register 6507 for IP 10.30.4.128: A Modbus Exception Occurred - See Response Body
[2024-12-10T07:32:26.334Z] Error reading actual data: A Modbus Exception Occurred - See Response Body
[2024-12-10T07:32:26.335Z] Error writing to Modbus register: A Modbus Exception Occurred - See Response Body
[2024-12-10T07:32:27.343Z] Error reading or processing Modbus registers: A Modbus Exception Occurred - See Response Body
[2024-12-10T07:32:27.346Z] Error reading register 6507 for IP 10.30.4.128: A Modbus Exception Occurred - See Response Body
[2024-12-10T07:32:27.346Z] Error reading actual data: A Modbus Exception Occurred - See Response Body
[2024-12-10T07:32:27.347Z] Error writing to Modbus register: A Modbus Exception Occurred - See Response Body
[2024-12-10T07:32:28.345Z] Error reading or processing Modbus registers: A Modbus Exception Occurred - See Response Body
[2024-12-10T07:32:28.348Z] Error reading register 6507 for IP 10.30.4.128: A Modbus Exception Occurred - See Response Body
[2024-12-10T07:32:28.348Z] Error reading actual data: A Modbus Exception Occurred - See Response Body
[2024-12-10T07:32:28.349Z] Error writing to Modbus register: A Modbus Exception Occurred - See Response Body
[2024-12-10T07:32:29.360Z] Error reading or processing Modbus registers: A Modbus Exception Occurred - See Response Body
[2024-12-10T07:32:29.364Z] Error reading register 6507 for IP 10.30.4.128: A Modbus Exception Occurred - See Response Body
[2024-12-10T07:32:29.365Z] Error reading actual data: A Modbus Exception Occurred - See Response Body
[2024-12-10T07:32:29.366Z] Error writing to Modbus register: A Modbus Exception Occurred - See Response Body
[2024-12-10T07:32:30.372Z] Error reading or processing Modbus registers: A Modbus Exception Occurred - See Response Body
[2024-12-10T07:32:30.375Z] Error reading register 6507 for IP 10.30.4.128: A Modbus Exception Occurred - See Response Body
[2024-12-10T07:32:30.375Z] Error reading actual data: A Modbus Exception Occurred - See Response Body
[2024-12-10T07:32:30.376Z] Error writing to Modbus register: A Modbus Exception Occurred - See Response Body
[2024-12-10T07:32:31.376Z] Error reading or processing Modbus registers: A Modbus Exception Occurred - See Response Body
[2024-12-10T07:32:31.378Z] Error reading register 6507 for IP 10.30.4.128: A Modbus Exception Occurred - See Response Body
[2024-12-10T07:32:31.379Z] Error reading actual data: A Modbus Exception Occurred - See Response Body
[2024-12-10T07:32:31.380Z] Error writing to Modbus register: A Modbus Exception Occurred - See Response Body
[2024-12-10T07:32:32.390Z] Error reading or processing Modbus registers: A Modbus Exception Occurred - See Response Body
[2024-12-10T07:32:32.392Z] Error reading register 6507 for IP 10.30.4.128: A Modbus Exception Occurred - See Response Body
[2024-12-10T07:32:32.393Z] Error reading actual data: A Modbus Exception Occurred - See Response Body
[2024-12-10T07:32:32.394Z] Error writing to Modbus register: A Modbus Exception Occurred - See Response Body
[2024-12-10T07:32:33.396Z] Error reading or processing Modbus registers: A Modbus Exception Occurred - See Response Body
[2024-12-10T07:32:33.398Z] Error reading register 6507 for IP 10.30.4.128: A Modbus Exception Occurred - See Response Body
[2024-12-10T07:32:33.398Z] Error reading actual data: A Modbus Exception Occurred - See Response Body
[2024-12-10T07:32:33.399Z] Error writing to Modbus register: A Modbus Exception Occurred - See Response Body
[2024-12-10T07:32:34.410Z] Error reading or processing Modbus registers: A Modbus Exception Occurred - See Response Body
[2024-12-10T07:32:34.412Z] Error reading register 6507 for IP 10.30.4.128: A Modbus Exception Occurred - See Response Body
[2024-12-10T07:32:34.413Z] Error reading actual data: A Modbus Exception Occurred - See Response Body
[2024-12-10T07:32:34.414Z] Error writing to Modbus register: A Modbus Exception Occurred - See Response Body
[2024-12-10T07:32:35.423Z] Error reading or processing Modbus registers: A Modbus Exception Occurred - See Response Body
[2024-12-10T07:32:35.425Z] Error reading register 6507 for IP 10.30.4.128: A Modbus Exception Occurred - See Response Body
[2024-12-10T07:32:35.426Z] Error reading actual data: A Modbus Exception Occurred - See Response Body
[2024-12-10T07:32:35.427Z] Error writing to Modbus register: A Modbus Exception Occurred - See Response Body
[2024-12-10T07:32:36.436Z] Error reading or processing Modbus registers: A Modbus Exception Occurred - See Response Body
[2024-12-10T07:32:36.439Z] Error reading register 6507 for IP 10.30.4.128: A Modbus Exception Occurred - See Response Body
[2024-12-10T07:32:36.439Z] Error reading actual data: A Modbus Exception Occurred - See Response Body
[2024-12-10T07:32:36.440Z] Error writing to Modbus register: A Modbus Exception Occurred - See Response Body
[2024-12-10T07:32:37.440Z] Error reading or processing Modbus registers: A Modbus Exception Occurred - See Response Body
[2024-12-10T07:32:37.443Z] Error reading register 6507 for IP 10.30.4.128: A Modbus Exception Occurred - See Response Body
[2024-12-10T07:32:37.443Z] Error reading actual data: A Modbus Exception Occurred - See Response Body
[2024-12-10T07:32:37.444Z] Error writing to Modbus register: A Modbus Exception Occurred - See Response Body
[2024-12-10T07:32:38.441Z] Error reading or processing Modbus registers: A Modbus Exception Occurred - See Response Body
[2024-12-10T07:32:38.444Z] Error reading register 6507 for IP 10.30.4.128: A Modbus Exception Occurred - See Response Body
[2024-12-10T07:32:38.445Z] Error reading actual data: A Modbus Exception Occurred - See Response Body
[2024-12-10T07:32:38.446Z] Error writing to Modbus register: A Modbus Exception Occurred - See Response Body
[2024-12-10T07:32:39.455Z] Error reading or processing Modbus registers: A Modbus Exception Occurred - See Response Body
[2024-12-10T07:32:39.457Z] Error reading register 6507 for IP 10.30.4.128: A Modbus Exception Occurred - See Response Body
[2024-12-10T07:32:39.458Z] Error reading actual data: A Modbus Exception Occurred - See Response Body
[2024-12-10T07:32:39.459Z] Error writing to Modbus register: A Modbus Exception Occurred - See Response Body
[2024-12-10T07:32:40.469Z] Error reading or processing Modbus registers: A Modbus Exception Occurred - See Response Body
[2024-12-10T07:32:40.471Z] Error reading register 6507 for IP 10.30.4.128: A Modbus Exception Occurred - See Response Body
[2024-12-10T07:32:40.472Z] Error reading actual data: A Modbus Exception Occurred - See Response Body
[2024-12-10T07:32:40.473Z] Error writing to Modbus register: A Modbus Exception Occurred - See Response Body
[2024-12-10T07:32:41.471Z] Error reading or processing Modbus registers: A Modbus Exception Occurred - See Response Body
[2024-12-10T07:32:41.473Z] Error reading register 6507 for IP 10.30.4.128: A Modbus Exception Occurred - See Response Body
[2024-12-10T07:32:41.474Z] Error reading actual data: A Modbus Exception Occurred - See Response Body
[2024-12-10T07:32:41.475Z] Error writing to Modbus register: A Modbus Exception Occurred - See Response Body
[2024-12-10T07:32:42.486Z] Error reading or processing Modbus registers: A Modbus Exception Occurred - See Response Body
[2024-12-10T07:32:42.488Z] Error reading register 6507 for IP 10.30.4.128: A Modbus Exception Occurred - See Response Body
[2024-12-10T07:32:42.489Z] Error reading actual data: A Modbus Exception Occurred - See Response Body
[2024-12-10T07:32:42.489Z] Error writing to Modbus register: A Modbus Exception Occurred - See Response Body
[2024-12-10T07:32:43.489Z] Error reading or processing Modbus registers: A Modbus Exception Occurred - See Response Body
[2024-12-10T07:32:43.491Z] Error reading register 6507 for IP 10.30.4.128: A Modbus Exception Occurred - See Response Body
[2024-12-10T07:32:43.492Z] Error reading actual data: A Modbus Exception Occurred - See Response Body
[2024-12-10T07:32:43.493Z] Error writing to Modbus register: A Modbus Exception Occurred - See Response Body
[2024-12-10T07:32:44.488Z] Error reading or processing Modbus registers: A Modbus Exception Occurred - See Response Body
[2024-12-10T07:32:44.491Z] Error reading register 6507 for IP 10.30.4.128: A Modbus Exception Occurred - See Response Body
[2024-12-10T07:32:44.492Z] Error reading actual data: A Modbus Exception Occurred - See Response Body
[2024-12-10T07:32:44.493Z] Error writing to Modbus register: A Modbus Exception Occurred - See Response Body
[2024-12-10T07:32:45.492Z] Error reading or processing Modbus registers: A Modbus Exception Occurred - See Response Body
[2024-12-10T07:32:45.495Z] Error reading register 6507 for IP 10.30.4.128: A Modbus Exception Occurred - See Response Body
[2024-12-10T07:32:45.496Z] Error reading actual data: A Modbus Exception Occurred - See Response Body
[2024-12-10T07:32:45.496Z] Error writing to Modbus register: A Modbus Exception Occurred - See Response Body
[2024-12-10T07:32:46.507Z] Error reading or processing Modbus registers: A Modbus Exception Occurred - See Response Body
[2024-12-10T07:32:46.510Z] Error reading register 6507 for IP 10.30.4.128: A Modbus Exception Occurred - See Response Body
[2024-12-10T07:32:46.511Z] Error reading actual data: A Modbus Exception Occurred - See Response Body
[2024-12-10T07:32:46.511Z] Error writing to Modbus register: A Modbus Exception Occurred - See Response Body
[2024-12-10T07:32:47.521Z] Error reading or processing Modbus registers: A Modbus Exception Occurred - See Response Body
[2024-12-10T07:32:47.526Z] Error reading register 6507 for IP 10.30.4.128: A Modbus Exception Occurred - See Response Body
[2024-12-10T07:32:47.527Z] Error reading actual data: A Modbus Exception Occurred - See Response Body
[2024-12-10T07:32:47.527Z] Error writing to Modbus register: A Modbus Exception Occurred - See Response Body
[2024-12-10T07:32:48.537Z] Error reading or processing Modbus registers: A Modbus Exception Occurred - See Response Body
[2024-12-10T07:32:48.539Z] Error reading register 6507 for IP 10.30.4.128: A Modbus Exception Occurred - See Response Body
[2024-12-10T07:32:48.540Z] Error reading actual data: A Modbus Exception Occurred - See Response Body
[2024-12-10T07:32:48.540Z] Error writing to Modbus register: A Modbus Exception Occurred - See Response Body
[2024-12-10T07:32:49.552Z] Error reading or processing Modbus registers: A Modbus Exception Occurred - See Response Body
[2024-12-10T07:32:49.554Z] Error reading register 6507 for IP 10.30.4.128: A Modbus Exception Occurred - See Response Body
[2024-12-10T07:32:49.555Z] Error reading actual data: A Modbus Exception Occurred - See Response Body
[2024-12-10T07:32:49.555Z] Error writing to Modbus register: A Modbus Exception Occurred - See Response Body
[2024-12-10T07:32:50.554Z] Error reading or processing Modbus registers: A Modbus Exception Occurred - See Response Body
[2024-12-10T07:32:50.557Z] Error reading register 6507 for IP 10.30.4.128: A Modbus Exception Occurred - See Response Body
[2024-12-10T07:32:50.557Z] Error reading actual data: A Modbus Exception Occurred - See Response Body
[2024-12-10T07:32:50.558Z] Error writing to Modbus register: A Modbus Exception Occurred - See Response Body
[2024-12-10T07:32:51.566Z] Error reading or processing Modbus registers: A Modbus Exception Occurred - See Response Body
[2024-12-10T07:32:51.568Z] Error reading register 6507 for IP 10.30.4.128: A Modbus Exception Occurred - See Response Body
[2024-12-10T07:32:51.569Z] Error reading actual data: A Modbus Exception Occurred - See Response Body
[2024-12-10T07:32:51.570Z] Error writing to Modbus register: A Modbus Exception Occurred - See Response Body
[2024-12-10T07:32:52.580Z] Error reading or processing Modbus registers: A Modbus Exception Occurred - See Response Body
[2024-12-10T07:32:52.583Z] Error reading register 6507 for IP 10.30.4.128: A Modbus Exception Occurred - See Response Body
[2024-12-10T07:32:52.584Z] Error reading actual data: A Modbus Exception Occurred - See Response Body
[2024-12-10T07:32:52.584Z] Error writing to Modbus register: A Modbus Exception Occurred - See Response Body
[2024-12-10T07:32:53.580Z] Error reading or processing Modbus registers: A Modbus Exception Occurred - See Response Body
[2024-12-10T07:32:53.583Z] Error reading register 6507 for IP 10.30.4.128: A Modbus Exception Occurred - See Response Body
[2024-12-10T07:32:53.584Z] Error reading actual data: A Modbus Exception Occurred - See Response Body
[2024-12-10T07:32:53.584Z] Error writing to Modbus register: A Modbus Exception Occurred - See Response Body
[2024-12-10T07:32:54.593Z] Error reading or processing Modbus registers: A Modbus Exception Occurred - See Response Body
[2024-12-10T07:32:54.595Z] Error reading register 6507 for IP 10.30.4.128: A Modbus Exception Occurred - See Response Body
[2024-12-10T07:32:54.596Z] Error reading actual data: A Modbus Exception Occurred - See Response Body
[2024-12-10T07:32:54.596Z] Error writing to Modbus register: A Modbus Exception Occurred - See Response Body
[2024-12-10T07:32:55.594Z] Error reading or processing Modbus registers: A Modbus Exception Occurred - See Response Body
[2024-12-10T07:32:55.596Z] Error reading register 6507 for IP 10.30.4.128: A Modbus Exception Occurred - See Response Body
[2024-12-10T07:32:55.597Z] Error reading actual data: A Modbus Exception Occurred - See Response Body
[2024-12-10T07:32:55.598Z] Error writing to Modbus register: A Modbus Exception Occurred - See Response Body
[2024-12-10T07:32:56.608Z] Error reading or processing Modbus registers: A Modbus Exception Occurred - See Response Body
[2024-12-10T07:32:56.610Z] Error reading register 6507 for IP 10.30.4.128: A Modbus Exception Occurred - See Response Body
[2024-12-10T07:32:56.611Z] Error reading actual data: A Modbus Exception Occurred - See Response Body
[2024-12-10T07:32:56.612Z] Error writing to Modbus register: A Modbus Exception Occurred - See Response Body
[2024-12-10T07:32:57.607Z] Error reading or processing Modbus registers: A Modbus Exception Occurred - See Response Body
[2024-12-10T07:32:57.610Z] Error reading register 6507 for IP 10.30.4.128: A Modbus Exception Occurred - See Response Body
[2024-12-10T07:32:57.611Z] Error reading actual data: A Modbus Exception Occurred - See Response Body
[2024-12-10T07:32:57.611Z] Error writing to Modbus register: A Modbus Exception Occurred - See Response Body
[2024-12-10T07:32:58.621Z] Error reading or processing Modbus registers: A Modbus Exception Occurred - See Response Body
[2024-12-10T07:32:58.624Z] Error reading register 6507 for IP 10.30.4.128: A Modbus Exception Occurred - See Response Body
[2024-12-10T07:32:58.624Z] Error reading actual data: A Modbus Exception Occurred - See Response Body
[2024-12-10T07:32:58.625Z] Error writing to Modbus register: A Modbus Exception Occurred - See Response Body
[2024-12-10T07:32:59.636Z] Error reading or processing Modbus registers: A Modbus Exception Occurred - See Response Body
[2024-12-10T07:32:59.639Z] Error reading register 6507 for IP 10.30.4.128: A Modbus Exception Occurred - See Response Body
[2024-12-10T07:32:59.639Z] Error reading actual data: A Modbus Exception Occurred - See Response Body
[2024-12-10T07:32:59.640Z] Error writing to Modbus register: A Modbus Exception Occurred - See Response Body
[2024-12-10T07:33:00.649Z] Error reading or processing Modbus registers: A Modbus Exception Occurred - See Response Body
[2024-12-10T07:33:00.652Z] Error reading register 6507 for IP 10.30.4.128: A Modbus Exception Occurred - See Response Body
[2024-12-10T07:33:00.652Z] Error reading actual data: A Modbus Exception Occurred - See Response Body
[2024-12-10T07:33:00.653Z] Error writing to Modbus register: A Modbus Exception Occurred - See Response Body
[2024-12-10T07:33:01.664Z] Error reading or processing Modbus registers: A Modbus Exception Occurred - See Response Body
[2024-12-10T07:33:01.666Z] Error reading register 6507 for IP 10.30.4.128: A Modbus Exception Occurred - See Response Body
[2024-12-10T07:33:01.667Z] Error reading actual data: A Modbus Exception Occurred - See Response Body
[2024-12-10T07:33:01.668Z] Error writing to Modbus register: A Modbus Exception Occurred - See Response Body
[2024-12-10T07:33:02.677Z] Error reading or processing Modbus registers: A Modbus Exception Occurred - See Response Body
[2024-12-10T07:33:02.680Z] Error reading register 6507 for IP 10.30.4.128: A Modbus Exception Occurred - See Response Body
[2024-12-10T07:33:02.681Z] Error reading actual data: A Modbus Exception Occurred - See Response Body
[2024-12-10T07:33:02.681Z] Error writing to Modbus register: A Modbus Exception Occurred - See Response Body
[2024-12-10T07:33:03.692Z] Error reading or processing Modbus registers: A Modbus Exception Occurred - See Response Body
[2024-12-10T07:33:03.694Z] Error reading register 6507 for IP 10.30.4.128: A Modbus Exception Occurred - See Response Body
[2024-12-10T07:33:03.695Z] Error reading actual data: A Modbus Exception Occurred - See Response Body
[2024-12-10T07:33:03.696Z] Error writing to Modbus register: A Modbus Exception Occurred - See Response Body
[2024-12-10T07:33:04.691Z] Error reading or processing Modbus registers: A Modbus Exception Occurred - See Response Body
[2024-12-10T07:33:04.694Z] Error reading register 6507 for IP 10.30.4.128: A Modbus Exception Occurred - See Response Body
[2024-12-10T07:33:04.694Z] Error reading actual data: A Modbus Exception Occurred - See Response Body
[2024-12-10T07:33:04.695Z] Error writing to Modbus register: A Modbus Exception Occurred - See Response Body
[2024-12-10T07:33:05.692Z] Error reading or processing Modbus registers: A Modbus Exception Occurred - See Response Body
[2024-12-10T07:33:05.694Z] Error reading register 6507 for IP 10.30.4.128: A Modbus Exception Occurred - See Response Body
[2024-12-10T07:33:05.695Z] Error reading actual data: A Modbus Exception Occurred - See Response Body
[2024-12-10T07:33:05.696Z] Error writing to Modbus register: A Modbus Exception Occurred - See Response Body
[2024-12-10T07:33:06.704Z] Error reading or processing Modbus registers: A Modbus Exception Occurred - See Response Body
[2024-12-10T07:33:06.707Z] Error reading register 6507 for IP 10.30.4.128: A Modbus Exception Occurred - See Response Body
[2024-12-10T07:33:06.708Z] Error reading actual data: A Modbus Exception Occurred - See Response Body
[2024-12-10T07:33:06.709Z] Error writing to Modbus register: A Modbus Exception Occurred - See Response Body
[2024-12-10T07:33:07.705Z] Error reading or processing Modbus registers: A Modbus Exception Occurred - See Response Body
[2024-12-10T07:33:07.708Z] Error reading register 6507 for IP 10.30.4.128: A Modbus Exception Occurred - See Response Body
[2024-12-10T07:33:07.708Z] Error reading actual data: A Modbus Exception Occurred - See Response Body
[2024-12-10T07:33:07.709Z] Error writing to Modbus register: A Modbus Exception Occurred - See Response Body
[2024-12-10T07:33:08.716Z] Error reading or processing Modbus registers: A Modbus Exception Occurred - See Response Body
[2024-12-10T07:33:08.721Z] Error reading register 6507 for IP 10.30.4.128: A Modbus Exception Occurred - See Response Body
[2024-12-10T07:33:08.722Z] Error reading actual data: A Modbus Exception Occurred - See Response Body
[2024-12-10T07:33:08.722Z] Error writing to Modbus register: A Modbus Exception Occurred - See Response Body
[2024-12-10T07:33:09.727Z] Error reading or processing Modbus registers: A Modbus Exception Occurred - See Response Body
[2024-12-10T07:33:09.730Z] Error reading register 6507 for IP 10.30.4.128: A Modbus Exception Occurred - See Response Body
[2024-12-10T07:33:09.730Z] Error reading actual data: A Modbus Exception Occurred - See Response Body
[2024-12-10T07:33:09.731Z] Error writing to Modbus register: A Modbus Exception Occurred - See Response Body
[2024-12-10T07:33:10.740Z] Error reading or processing Modbus registers: A Modbus Exception Occurred - See Response Body
[2024-12-10T07:33:10.743Z] Error reading register 6507 for IP 10.30.4.128: A Modbus Exception Occurred - See Response Body
[2024-12-10T07:33:10.743Z] Error reading actual data: A Modbus Exception Occurred - See Response Body
[2024-12-10T07:33:10.744Z] Error writing to Modbus register: A Modbus Exception Occurred - See Response Body
[2024-12-10T07:33:11.753Z] Error reading or processing Modbus registers: A Modbus Exception Occurred - See Response Body
[2024-12-10T07:33:11.755Z] Error reading register 6507 for IP 10.30.4.128: A Modbus Exception Occurred - See Response Body
[2024-12-10T07:33:11.756Z] Error reading actual data: A Modbus Exception Occurred - See Response Body
[2024-12-10T07:33:11.757Z] Error writing to Modbus register: A Modbus Exception Occurred - See Response Body
[2024-12-10T07:33:12.754Z] Error reading or processing Modbus registers: A Modbus Exception Occurred - See Response Body
[2024-12-10T07:33:12.757Z] Error reading register 6507 for IP 10.30.4.128: A Modbus Exception Occurred - See Response Body
[2024-12-10T07:33:12.757Z] Error reading actual data: A Modbus Exception Occurred - See Response Body
[2024-12-10T07:33:12.758Z] Error writing to Modbus register: A Modbus Exception Occurred - See Response Body
[2024-12-10T07:33:13.768Z] Error reading or processing Modbus registers: A Modbus Exception Occurred - See Response Body
[2024-12-10T07:33:13.770Z] Error reading register 6507 for IP 10.30.4.128: A Modbus Exception Occurred - See Response Body
[2024-12-10T07:33:13.771Z] Error reading actual data: A Modbus Exception Occurred - See Response Body
[2024-12-10T07:33:13.772Z] Error writing to Modbus register: A Modbus Exception Occurred - See Response Body
[2024-12-10T07:33:14.771Z] Error reading or processing Modbus registers: A Modbus Exception Occurred - See Response Body
[2024-12-10T07:33:14.773Z] Error reading register 6507 for IP 10.30.4.128: A Modbus Exception Occurred - See Response Body
[2024-12-10T07:33:14.774Z] Error reading actual data: A Modbus Exception Occurred - See Response Body
[2024-12-10T07:33:14.774Z] Error writing to Modbus register: A Modbus Exception Occurred - See Response Body
[2024-12-10T07:33:15.782Z] Error reading or processing Modbus registers: A Modbus Exception Occurred - See Response Body
[2024-12-10T07:33:15.785Z] Error reading register 6507 for IP 10.30.4.128: A Modbus Exception Occurred - See Response Body
[2024-12-10T07:33:15.785Z] Error reading actual data: A Modbus Exception Occurred - See Response Body
[2024-12-10T07:33:15.786Z] Error writing to Modbus register: A Modbus Exception Occurred - See Response Body
[2024-12-10T07:33:16.796Z] Error reading or processing Modbus registers: A Modbus Exception Occurred - See Response Body
[2024-12-10T07:33:16.798Z] Error reading register 6507 for IP 10.30.4.128: A Modbus Exception Occurred - See Response Body
[2024-12-10T07:33:16.799Z] Error reading actual data: A Modbus Exception Occurred - See Response Body
[2024-12-10T07:33:16.800Z] Error writing to Modbus register: A Modbus Exception Occurred - See Response Body
[2024-12-10T07:33:17.809Z] Error reading or processing Modbus registers: A Modbus Exception Occurred - See Response Body
[2024-12-10T07:33:17.811Z] Error reading register 6507 for IP 10.30.4.128: A Modbus Exception Occurred - See Response Body
[2024-12-10T07:33:17.812Z] Error reading actual data: A Modbus Exception Occurred - See Response Body
[2024-12-10T07:33:17.812Z] Error writing to Modbus register: A Modbus Exception Occurred - See Response Body
[2024-12-10T07:33:18.809Z] Error reading or processing Modbus registers: A Modbus Exception Occurred - See Response Body
[2024-12-10T07:33:18.812Z] Error reading register 6507 for IP 10.30.4.128: A Modbus Exception Occurred - See Response Body
[2024-12-10T07:33:18.812Z] Error reading actual data: A Modbus Exception Occurred - See Response Body
[2024-12-10T07:33:18.813Z] Error writing to Modbus register: A Modbus Exception Occurred - See Response Body
[2024-12-10T07:33:19.823Z] Error reading or processing Modbus registers: A Modbus Exception Occurred - See Response Body
[2024-12-10T07:33:19.826Z] Error reading register 6507 for IP 10.30.4.128: A Modbus Exception Occurred - See Response Body
[2024-12-10T07:33:19.827Z] Error reading actual data: A Modbus Exception Occurred - See Response Body
[2024-12-10T07:33:19.828Z] Error writing to Modbus register: A Modbus Exception Occurred - See Response Body
[2024-12-10T07:33:20.823Z] Error reading or processing Modbus registers: A Modbus Exception Occurred - See Response Body
[2024-12-10T07:33:20.825Z] Error reading register 6507 for IP 10.30.4.128: A Modbus Exception Occurred - See Response Body
[2024-12-10T07:33:20.826Z] Error reading actual data: A Modbus Exception Occurred - See Response Body
[2024-12-10T07:33:20.827Z] Error writing to Modbus register: A Modbus Exception Occurred - See Response Body
[2024-12-10T07:33:21.825Z] Error reading or processing Modbus registers: A Modbus Exception Occurred - See Response Body
[2024-12-10T07:33:21.827Z] Error reading register 6507 for IP 10.30.4.128: A Modbus Exception Occurred - See Response Body
[2024-12-10T07:33:21.828Z] Error reading actual data: A Modbus Exception Occurred - See Response Body
[2024-12-10T07:33:21.829Z] Error writing to Modbus register: A Modbus Exception Occurred - See Response Body
[2024-12-10T07:33:22.839Z] Error reading or processing Modbus registers: A Modbus Exception Occurred - See Response Body
[2024-12-10T07:33:22.842Z] Error reading register 6507 for IP 10.30.4.128: A Modbus Exception Occurred - See Response Body
[2024-12-10T07:33:22.842Z] Error reading actual data: A Modbus Exception Occurred - See Response Body
[2024-12-10T07:33:22.843Z] Error writing to Modbus register: A Modbus Exception Occurred - See Response Body
[2024-12-10T07:33:23.842Z] Error reading or processing Modbus registers: A Modbus Exception Occurred - See Response Body
[2024-12-10T07:33:23.844Z] Error reading register 6507 for IP 10.30.4.128: A Modbus Exception Occurred - See Response Body
[2024-12-10T07:33:23.845Z] Error reading actual data: A Modbus Exception Occurred - See Response Body
[2024-12-10T07:33:23.845Z] Error writing to Modbus register: A Modbus Exception Occurred - See Response Body
[2024-12-10T07:33:24.856Z] Error reading or processing Modbus registers: A Modbus Exception Occurred - See Response Body
[2024-12-10T07:33:24.858Z] Error reading register 6507 for IP 10.30.4.128: A Modbus Exception Occurred - See Response Body
[2024-12-10T07:33:24.859Z] Error reading actual data: A Modbus Exception Occurred - See Response Body
[2024-12-10T07:33:24.859Z] Error writing to Modbus register: A Modbus Exception Occurred - See Response Body
[2024-12-10T07:33:25.870Z] Error reading or processing Modbus registers: A Modbus Exception Occurred - See Response Body
[2024-12-10T07:33:25.873Z] Error reading register 6507 for IP 10.30.4.128: A Modbus Exception Occurred - See Response Body
[2024-12-10T07:33:25.873Z] Error reading actual data: A Modbus Exception Occurred - See Response Body
[2024-12-10T07:33:25.874Z] Error writing to Modbus register: A Modbus Exception Occurred - See Response Body
[2024-12-10T07:33:26.882Z] Error reading or processing Modbus registers: A Modbus Exception Occurred - See Response Body
[2024-12-10T07:33:26.885Z] Error reading register 6507 for IP 10.30.4.128: A Modbus Exception Occurred - See Response Body
[2024-12-10T07:33:26.885Z] Error reading actual data: A Modbus Exception Occurred - See Response Body
[2024-12-10T07:33:26.886Z] Error writing to Modbus register: A Modbus Exception Occurred - See Response Body
[2024-12-10T07:33:27.882Z] Error reading or processing Modbus registers: A Modbus Exception Occurred - See Response Body
[2024-12-10T07:33:27.885Z] Error reading register 6507 for IP 10.30.4.128: A Modbus Exception Occurred - See Response Body
[2024-12-10T07:33:27.886Z] Error reading actual data: A Modbus Exception Occurred - See Response Body
[2024-12-10T07:33:27.886Z] Error writing to Modbus register: A Modbus Exception Occurred - See Response Body
[2024-12-10T07:33:28.897Z] Error reading or processing Modbus registers: A Modbus Exception Occurred - See Response Body
[2024-12-10T07:33:28.900Z] Error reading register 6507 for IP 10.30.4.128: A Modbus Exception Occurred - See Response Body
[2024-12-10T07:33:28.900Z] Error reading actual data: A Modbus Exception Occurred - See Response Body
[2024-12-10T07:33:28.901Z] Error writing to Modbus register: A Modbus Exception Occurred - See Response Body
[2024-12-10T07:33:29.900Z] Error reading or processing Modbus registers: A Modbus Exception Occurred - See Response Body
[2024-12-10T07:33:29.902Z] Error reading register 6507 for IP 10.30.4.128: A Modbus Exception Occurred - See Response Body
[2024-12-10T07:33:29.903Z] Error reading actual data: A Modbus Exception Occurred - See Response Body
[2024-12-10T07:33:29.904Z] Error writing to Modbus register: A Modbus Exception Occurred - See Response Body
[2024-12-10T07:33:30.914Z] Error reading or processing Modbus registers: A Modbus Exception Occurred - See Response Body
[2024-12-10T07:33:30.917Z] Error reading register 6507 for IP 10.30.4.128: A Modbus Exception Occurred - See Response Body
[2024-12-10T07:33:30.918Z] Error reading actual data: A Modbus Exception Occurred - See Response Body
[2024-12-10T07:33:30.918Z] Error writing to Modbus register: A Modbus Exception Occurred - See Response Body
[2024-12-10T07:33:31.918Z] Error reading or processing Modbus registers: A Modbus Exception Occurred - See Response Body
[2024-12-10T07:33:31.921Z] Error reading register 6507 for IP 10.30.4.128: A Modbus Exception Occurred - See Response Body
[2024-12-10T07:33:31.922Z] Error reading actual data: A Modbus Exception Occurred - See Response Body
[2024-12-10T07:33:31.922Z] Error writing to Modbus register: A Modbus Exception Occurred - See Response Body
[2024-12-10T07:33:32.940Z] Error reading or processing Modbus registers: A Modbus Exception Occurred - See Response Body
[2024-12-10T07:33:32.942Z] Error reading register 6507 for IP 10.30.4.128: A Modbus Exception Occurred - See Response Body
[2024-12-10T07:33:32.943Z] Error writing to Modbus register: A Modbus Exception Occurred - See Response Body
[2024-12-10T07:33:32.943Z] Error reading actual data: A Modbus Exception Occurred - See Response Body
[2024-12-10T07:33:33.950Z] Error reading or processing Modbus registers: A Modbus Exception Occurred - See Response Body
[2024-12-10T07:33:33.953Z] Error reading register 6507 for IP 10.30.4.128: A Modbus Exception Occurred - See Response Body
[2024-12-10T07:33:33.953Z] Error reading actual data: A Modbus Exception Occurred - See Response Body
[2024-12-10T07:33:33.954Z] Error writing to Modbus register: A Modbus Exception Occurred - See Response Body
[2024-12-10T07:33:34.951Z] Error reading or processing Modbus registers: A Modbus Exception Occurred - See Response Body
[2024-12-10T07:33:34.954Z] Error reading register 6507 for IP 10.30.4.128: A Modbus Exception Occurred - See Response Body
[2024-12-10T07:33:34.955Z] Error reading actual data: A Modbus Exception Occurred - See Response Body
[2024-12-10T07:33:34.955Z] Error writing to Modbus register: A Modbus Exception Occurred - See Response Body
[2024-12-10T07:33:35.965Z] Error reading or processing Modbus registers: A Modbus Exception Occurred - See Response Body
[2024-12-10T07:33:35.967Z] Error reading register 6507 for IP 10.30.4.128: A Modbus Exception Occurred - See Response Body
[2024-12-10T07:33:35.968Z] Error reading actual data: A Modbus Exception Occurred - See Response Body
[2024-12-10T07:33:35.968Z] Error writing to Modbus register: A Modbus Exception Occurred - See Response Body
[2024-12-10T07:33:36.967Z] Error reading or processing Modbus registers: A Modbus Exception Occurred - See Response Body
[2024-12-10T07:33:36.991Z] Error reading register 6507 for IP 10.30.4.128: A Modbus Exception Occurred - See Response Body
[2024-12-10T07:33:36.992Z] Error reading actual data: A Modbus Exception Occurred - See Response Body
[2024-12-10T07:33:36.993Z] Error writing to Modbus register: A Modbus Exception Occurred - See Response Body
[2024-12-10T07:33:37.979Z] Error reading or processing Modbus registers: A Modbus Exception Occurred - See Response Body
[2024-12-10T07:33:37.982Z] Error reading register 6507 for IP 10.30.4.128: A Modbus Exception Occurred - See Response Body
[2024-12-10T07:33:37.983Z] Error reading actual data: A Modbus Exception Occurred - See Response Body
[2024-12-10T07:33:37.983Z] Error writing to Modbus register: A Modbus Exception Occurred - See Response Body
[2024-12-10T07:33:38.979Z] Error reading or processing Modbus registers: A Modbus Exception Occurred - See Response Body
[2024-12-10T07:33:38.981Z] Error reading register 6507 for IP 10.30.4.128: A Modbus Exception Occurred - See Response Body
[2024-12-10T07:33:38.982Z] Error reading actual data: A Modbus Exception Occurred - See Response Body
[2024-12-10T07:33:38.983Z] Error writing to Modbus register: A Modbus Exception Occurred - See Response Body
[2024-12-10T07:33:39.993Z] Error reading or processing Modbus registers: A Modbus Exception Occurred - See Response Body
[2024-12-10T07:33:39.995Z] Error reading register 6507 for IP 10.30.4.128: A Modbus Exception Occurred - See Response Body
[2024-12-10T07:33:39.996Z] Error reading actual data: A Modbus Exception Occurred - See Response Body
[2024-12-10T07:33:39.996Z] Error writing to Modbus register: A Modbus Exception Occurred - See Response Body
[2024-12-10T07:33:40.994Z] Error reading or processing Modbus registers: A Modbus Exception Occurred - See Response Body
[2024-12-10T07:33:40.998Z] Error reading register 6507 for IP 10.30.4.128: A Modbus Exception Occurred - See Response Body
[2024-12-10T07:33:40.999Z] Error reading actual data: A Modbus Exception Occurred - See Response Body
[2024-12-10T07:33:41.000Z] Error writing to Modbus register: A Modbus Exception Occurred - See Response Body
[2024-12-10T07:33:42.009Z] Error reading or processing Modbus registers: A Modbus Exception Occurred - See Response Body
[2024-12-10T07:33:42.011Z] Error reading register 6507 for IP 10.30.4.128: A Modbus Exception Occurred - See Response Body
[2024-12-10T07:33:42.012Z] Error reading actual data: A Modbus Exception Occurred - See Response Body
[2024-12-10T07:33:42.012Z] Error writing to Modbus register: A Modbus Exception Occurred - See Response Body
[2024-12-10T07:33:43.022Z] Error reading or processing Modbus registers: A Modbus Exception Occurred - See Response Body
[2024-12-10T07:33:43.025Z] Error reading register 6507 for IP 10.30.4.128: A Modbus Exception Occurred - See Response Body
[2024-12-10T07:33:43.026Z] Error reading actual data: A Modbus Exception Occurred - See Response Body
[2024-12-10T07:33:43.026Z] Error writing to Modbus register: A Modbus Exception Occurred - See Response Body
[2024-12-10T07:33:44.026Z] Error reading or processing Modbus registers: A Modbus Exception Occurred - See Response Body
[2024-12-10T07:33:44.029Z] Error reading register 6507 for IP 10.30.4.128: A Modbus Exception Occurred - See Response Body
[2024-12-10T07:33:44.029Z] Error reading actual data: A Modbus Exception Occurred - See Response Body
[2024-12-10T07:33:44.030Z] Error writing to Modbus register: A Modbus Exception Occurred - See Response Body
[2024-12-10T07:33:45.026Z] Error reading or processing Modbus registers: A Modbus Exception Occurred - See Response Body
[2024-12-10T07:33:45.028Z] Error reading register 6507 for IP 10.30.4.128: A Modbus Exception Occurred - See Response Body
[2024-12-10T07:33:45.029Z] Error reading actual data: A Modbus Exception Occurred - See Response Body
[2024-12-10T07:33:45.029Z] Error writing to Modbus register: A Modbus Exception Occurred - See Response Body
[2024-12-10T07:33:46.026Z] Error reading or processing Modbus registers: A Modbus Exception Occurred - See Response Body
[2024-12-10T07:33:46.029Z] Error reading register 6507 for IP 10.30.4.128: A Modbus Exception Occurred - See Response Body
[2024-12-10T07:33:46.030Z] Error reading actual data: A Modbus Exception Occurred - See Response Body
[2024-12-10T07:33:46.030Z] Error writing to Modbus register: A Modbus Exception Occurred - See Response Body
[2024-12-10T07:33:47.028Z] Error reading or processing Modbus registers: A Modbus Exception Occurred - See Response Body
[2024-12-10T07:33:47.030Z] Error reading register 6507 for IP 10.30.4.128: A Modbus Exception Occurred - See Response Body
[2024-12-10T07:33:47.031Z] Error reading actual data: A Modbus Exception Occurred - See Response Body
[2024-12-10T07:33:47.032Z] Error writing to Modbus register: A Modbus Exception Occurred - See Response Body
[2024-12-10T07:33:48.039Z] Error reading or processing Modbus registers: A Modbus Exception Occurred - See Response Body
[2024-12-10T07:33:48.041Z] Error reading register 6507 for IP 10.30.4.128: A Modbus Exception Occurred - See Response Body
[2024-12-10T07:33:48.042Z] Error reading actual data: A Modbus Exception Occurred - See Response Body
[2024-12-10T07:33:48.042Z] Error writing to Modbus register: A Modbus Exception Occurred - See Response Body
[2024-12-10T07:33:49.053Z] Error reading or processing Modbus registers: A Modbus Exception Occurred - See Response Body
[2024-12-10T07:33:49.055Z] Error reading register 6507 for IP 10.30.4.128: A Modbus Exception Occurred - See Response Body
[2024-12-10T07:33:49.056Z] Error reading actual data: A Modbus Exception Occurred - See Response Body
[2024-12-10T07:33:49.057Z] Error writing to Modbus register: A Modbus Exception Occurred - See Response Body
[2024-12-10T07:33:50.054Z] Error reading or processing Modbus registers: A Modbus Exception Occurred - See Response Body
[2024-12-10T07:33:50.056Z] Error reading register 6507 for IP 10.30.4.128: A Modbus Exception Occurred - See Response Body
[2024-12-10T07:33:50.057Z] Error reading actual data: A Modbus Exception Occurred - See Response Body
[2024-12-10T07:33:50.058Z] Error writing to Modbus register: A Modbus Exception Occurred - See Response Body
[2024-12-10T07:33:51.053Z] Error reading or processing Modbus registers: A Modbus Exception Occurred - See Response Body
[2024-12-10T07:33:51.056Z] Error reading register 6507 for IP 10.30.4.128: A Modbus Exception Occurred - See Response Body
[2024-12-10T07:33:51.057Z] Error reading actual data: A Modbus Exception Occurred - See Response Body
[2024-12-10T07:33:51.057Z] Error writing to Modbus register: A Modbus Exception Occurred - See Response Body
[2024-12-10T07:33:52.068Z] Error reading or processing Modbus registers: A Modbus Exception Occurred - See Response Body
[2024-12-10T07:33:52.070Z] Error reading register 6507 for IP 10.30.4.128: A Modbus Exception Occurred - See Response Body
[2024-12-10T07:33:52.071Z] Error reading actual data: A Modbus Exception Occurred - See Response Body
[2024-12-10T07:33:52.072Z] Error writing to Modbus register: A Modbus Exception Occurred - See Response Body
[2024-12-10T07:33:53.082Z] Error reading or processing Modbus registers: A Modbus Exception Occurred - See Response Body
[2024-12-10T07:33:53.084Z] Error reading register 6507 for IP 10.30.4.128: A Modbus Exception Occurred - See Response Body
[2024-12-10T07:33:53.085Z] Error reading actual data: A Modbus Exception Occurred - See Response Body
[2024-12-10T07:33:53.085Z] Error writing to Modbus register: A Modbus Exception Occurred - See Response Body
[2024-12-10T07:33:54.081Z] Error reading or processing Modbus registers: A Modbus Exception Occurred - See Response Body
[2024-12-10T07:33:54.084Z] Error reading register 6507 for IP 10.30.4.128: A Modbus Exception Occurred - See Response Body
[2024-12-10T07:33:54.085Z] Error reading actual data: A Modbus Exception Occurred - See Response Body
[2024-12-10T07:33:54.085Z] Error writing to Modbus register: A Modbus Exception Occurred - See Response Body
[2024-12-10T07:33:55.082Z] Error reading or processing Modbus registers: A Modbus Exception Occurred - See Response Body
[2024-12-10T07:33:55.084Z] Error reading register 6507 for IP 10.30.4.128: A Modbus Exception Occurred - See Response Body
[2024-12-10T07:33:55.085Z] Error reading actual data: A Modbus Exception Occurred - See Response Body
[2024-12-10T07:33:55.086Z] Error writing to Modbus register: A Modbus Exception Occurred - See Response Body
[2024-12-10T07:33:56.085Z] Error reading or processing Modbus registers: A Modbus Exception Occurred - See Response Body
[2024-12-10T07:33:56.087Z] Error reading register 6507 for IP 10.30.4.128: A Modbus Exception Occurred - See Response Body
[2024-12-10T07:33:56.088Z] Error reading actual data: A Modbus Exception Occurred - See Response Body
[2024-12-10T07:33:56.088Z] Error writing to Modbus register: A Modbus Exception Occurred - See Response Body
[2024-12-10T07:33:57.085Z] Error reading or processing Modbus registers: A Modbus Exception Occurred - See Response Body
[2024-12-10T07:33:57.087Z] Error reading register 6507 for IP 10.30.4.128: A Modbus Exception Occurred - See Response Body
[2024-12-10T07:33:57.088Z] Error reading actual data: A Modbus Exception Occurred - See Response Body
[2024-12-10T07:33:57.088Z] Error writing to Modbus register: A Modbus Exception Occurred - See Response Body
[2024-12-10T07:33:58.099Z] Error reading or processing Modbus registers: A Modbus Exception Occurred - See Response Body
[2024-12-10T07:33:58.102Z] Error reading register 6507 for IP 10.30.4.128: A Modbus Exception Occurred - See Response Body
[2024-12-10T07:33:58.102Z] Error reading actual data: A Modbus Exception Occurred - See Response Body
[2024-12-10T07:33:58.103Z] Error writing to Modbus register: A Modbus Exception Occurred - See Response Body
[2024-12-10T07:33:59.100Z] Error reading or processing Modbus registers: A Modbus Exception Occurred - See Response Body
[2024-12-10T07:33:59.103Z] Error reading register 6507 for IP 10.30.4.128: A Modbus Exception Occurred - See Response Body
[2024-12-10T07:33:59.103Z] Error reading actual data: A Modbus Exception Occurred - See Response Body
[2024-12-10T07:33:59.104Z] Error writing to Modbus register: A Modbus Exception Occurred - See Response Body
[2024-12-10T07:34:00.111Z] Error reading or processing Modbus registers: A Modbus Exception Occurred - See Response Body
[2024-12-10T07:34:00.113Z] Error reading register 6507 for IP 10.30.4.128: A Modbus Exception Occurred - See Response Body
[2024-12-10T07:34:00.114Z] Error reading actual data: A Modbus Exception Occurred - See Response Body
[2024-12-10T07:34:00.114Z] Error writing to Modbus register: A Modbus Exception Occurred - See Response Body
[2024-12-10T07:34:01.114Z] Error reading or processing Modbus registers: A Modbus Exception Occurred - See Response Body
[2024-12-10T07:34:01.116Z] Error reading register 6507 for IP 10.30.4.128: A Modbus Exception Occurred - See Response Body
[2024-12-10T07:34:01.117Z] Error reading actual data: A Modbus Exception Occurred - See Response Body
[2024-12-10T07:34:01.117Z] Error writing to Modbus register: A Modbus Exception Occurred - See Response Body
[2024-12-10T07:34:02.114Z] Error reading or processing Modbus registers: A Modbus Exception Occurred - See Response Body
[2024-12-10T07:34:02.117Z] Error reading register 6507 for IP 10.30.4.128: A Modbus Exception Occurred - See Response Body
[2024-12-10T07:34:02.118Z] Error reading actual data: A Modbus Exception Occurred - See Response Body
[2024-12-10T07:34:02.118Z] Error writing to Modbus register: A Modbus Exception Occurred - See Response Body
[2024-12-10T07:34:03.115Z] Error reading or processing Modbus registers: A Modbus Exception Occurred - See Response Body
[2024-12-10T07:34:03.117Z] Error reading register 6507 for IP 10.30.4.128: A Modbus Exception Occurred - See Response Body
[2024-12-10T07:34:03.118Z] Error reading actual data: A Modbus Exception Occurred - See Response Body
[2024-12-10T07:34:03.118Z] Error writing to Modbus register: A Modbus Exception Occurred - See Response Body
[2024-12-10T07:34:04.129Z] Error reading or processing Modbus registers: A Modbus Exception Occurred - See Response Body
[2024-12-10T07:34:04.133Z] Error reading register 6507 for IP 10.30.4.128: A Modbus Exception Occurred - See Response Body
[2024-12-10T07:34:04.133Z] Error reading actual data: A Modbus Exception Occurred - See Response Body
[2024-12-10T07:34:04.134Z] Error writing to Modbus register: A Modbus Exception Occurred - See Response Body
[2024-12-10T07:34:05.132Z] Error reading or processing Modbus registers: A Modbus Exception Occurred - See Response Body
[2024-12-10T07:34:05.135Z] Error reading register 6507 for IP 10.30.4.128: A Modbus Exception Occurred - See Response Body
[2024-12-10T07:34:05.136Z] Error reading actual data: A Modbus Exception Occurred - See Response Body
[2024-12-10T07:34:05.136Z] Error writing to Modbus register: A Modbus Exception Occurred - See Response Body
[2024-12-10T07:34:06.147Z] Error reading or processing Modbus registers: A Modbus Exception Occurred - See Response Body
[2024-12-10T07:34:06.149Z] Error reading register 6507 for IP 10.30.4.128: A Modbus Exception Occurred - See Response Body
[2024-12-10T07:34:06.149Z] Error reading actual data: A Modbus Exception Occurred - See Response Body
[2024-12-10T07:34:06.150Z] Error writing to Modbus register: A Modbus Exception Occurred - See Response Body
[2024-12-10T07:34:07.163Z] Error reading or processing Modbus registers: A Modbus Exception Occurred - See Response Body
[2024-12-10T07:34:07.165Z] Error reading register 6507 for IP 10.30.4.128: A Modbus Exception Occurred - See Response Body
[2024-12-10T07:34:07.166Z] Error reading actual data: A Modbus Exception Occurred - See Response Body
[2024-12-10T07:34:07.167Z] Error writing to Modbus register: A Modbus Exception Occurred - See Response Body
[2024-12-10T07:34:08.165Z] Error reading or processing Modbus registers: A Modbus Exception Occurred - See Response Body
[2024-12-10T07:34:08.168Z] Error reading register 6507 for IP 10.30.4.128: A Modbus Exception Occurred - See Response Body
[2024-12-10T07:34:08.169Z] Error reading actual data: A Modbus Exception Occurred - See Response Body
[2024-12-10T07:34:08.169Z] Error writing to Modbus register: A Modbus Exception Occurred - See Response Body
[2024-12-10T07:34:09.169Z] Error reading or processing Modbus registers: A Modbus Exception Occurred - See Response Body
[2024-12-10T07:34:09.172Z] Error reading register 6507 for IP 10.30.4.128: A Modbus Exception Occurred - See Response Body
[2024-12-10T07:34:09.173Z] Error reading actual data: A Modbus Exception Occurred - See Response Body
[2024-12-10T07:34:09.173Z] Error writing to Modbus register: A Modbus Exception Occurred - See Response Body
[2024-12-10T07:34:10.184Z] Error reading or processing Modbus registers: A Modbus Exception Occurred - See Response Body
[2024-12-10T07:34:10.187Z] Error reading register 6507 for IP 10.30.4.128: A Modbus Exception Occurred - See Response Body
[2024-12-10T07:34:10.188Z] Error reading actual data: A Modbus Exception Occurred - See Response Body
[2024-12-10T07:34:10.188Z] Error writing to Modbus register: A Modbus Exception Occurred - See Response Body
[2024-12-10T07:34:11.185Z] Error reading or processing Modbus registers: A Modbus Exception Occurred - See Response Body
[2024-12-10T07:34:11.188Z] Error reading register 6507 for IP 10.30.4.128: A Modbus Exception Occurred - See Response Body
[2024-12-10T07:34:11.189Z] Error reading actual data: A Modbus Exception Occurred - See Response Body
[2024-12-10T07:34:11.189Z] Error writing to Modbus register: A Modbus Exception Occurred - See Response Body
[2024-12-10T07:34:12.199Z] Error reading or processing Modbus registers: A Modbus Exception Occurred - See Response Body
[2024-12-10T07:34:12.202Z] Error reading register 6507 for IP 10.30.4.128: A Modbus Exception Occurred - See Response Body
[2024-12-10T07:34:12.202Z] Error reading actual data: A Modbus Exception Occurred - See Response Body
[2024-12-10T07:34:12.203Z] Error writing to Modbus register: A Modbus Exception Occurred - See Response Body
[2024-12-10T07:34:13.213Z] Error reading or processing Modbus registers: A Modbus Exception Occurred - See Response Body
[2024-12-10T07:34:13.216Z] Error reading register 6507 for IP 10.30.4.128: A Modbus Exception Occurred - See Response Body
[2024-12-10T07:34:13.217Z] Error reading actual data: A Modbus Exception Occurred - See Response Body
[2024-12-10T07:34:13.217Z] Error writing to Modbus register: A Modbus Exception Occurred - See Response Body
[2024-12-10T07:34:14.215Z] Error reading or processing Modbus registers: A Modbus Exception Occurred - See Response Body
[2024-12-10T07:34:14.217Z] Error reading register 6507 for IP 10.30.4.128: A Modbus Exception Occurred - See Response Body
[2024-12-10T07:34:14.218Z] Error reading actual data: A Modbus Exception Occurred - See Response Body
[2024-12-10T07:34:14.219Z] Error writing to Modbus register: A Modbus Exception Occurred - See Response Body
[2024-12-10T07:34:15.217Z] Error reading or processing Modbus registers: A Modbus Exception Occurred - See Response Body
[2024-12-10T07:34:15.220Z] Error reading register 6507 for IP 10.30.4.128: A Modbus Exception Occurred - See Response Body
[2024-12-10T07:34:15.221Z] Error reading actual data: A Modbus Exception Occurred - See Response Body
[2024-12-10T07:34:15.222Z] Error writing to Modbus register: A Modbus Exception Occurred - See Response Body
[2024-12-10T07:34:16.219Z] Error reading or processing Modbus registers: A Modbus Exception Occurred - See Response Body
[2024-12-10T07:34:16.222Z] Error reading register 6507 for IP 10.30.4.128: A Modbus Exception Occurred - See Response Body
[2024-12-10T07:34:16.223Z] Error reading actual data: A Modbus Exception Occurred - See Response Body
[2024-12-10T07:34:16.223Z] Error writing to Modbus register: A Modbus Exception Occurred - See Response Body
[2024-12-10T07:34:17.233Z] Error reading or processing Modbus registers: A Modbus Exception Occurred - See Response Body
[2024-12-10T07:34:17.235Z] Error reading register 6507 for IP 10.30.4.128: A Modbus Exception Occurred - See Response Body
[2024-12-10T07:34:17.236Z] Error reading actual data: A Modbus Exception Occurred - See Response Body
[2024-12-10T07:34:17.237Z] Error writing to Modbus register: A Modbus Exception Occurred - See Response Body
[2024-12-10T07:34:18.248Z] Error reading or processing Modbus registers: A Modbus Exception Occurred - See Response Body
[2024-12-10T07:34:18.250Z] Error reading register 6507 for IP 10.30.4.128: A Modbus Exception Occurred - See Response Body
[2024-12-10T07:34:18.251Z] Error reading actual data: A Modbus Exception Occurred - See Response Body
[2024-12-10T07:34:18.251Z] Error writing to Modbus register: A Modbus Exception Occurred - See Response Body
[2024-12-10T07:34:19.262Z] Error reading or processing Modbus registers: A Modbus Exception Occurred - See Response Body
[2024-12-10T07:34:19.264Z] Error reading register 6507 for IP 10.30.4.128: A Modbus Exception Occurred - See Response Body
[2024-12-10T07:34:19.265Z] Error reading actual data: A Modbus Exception Occurred - See Response Body
[2024-12-10T07:34:19.265Z] Error writing to Modbus register: A Modbus Exception Occurred - See Response Body
[2024-12-10T07:34:20.262Z] Error reading or processing Modbus registers: A Modbus Exception Occurred - See Response Body
[2024-12-10T07:34:20.264Z] Error reading register 6507 for IP 10.30.4.128: A Modbus Exception Occurred - See Response Body
[2024-12-10T07:34:20.265Z] Error reading actual data: A Modbus Exception Occurred - See Response Body
[2024-12-10T07:34:20.265Z] Error writing to Modbus register: A Modbus Exception Occurred - See Response Body
[2024-12-10T07:34:21.276Z] Error reading or processing Modbus registers: A Modbus Exception Occurred - See Response Body
[2024-12-10T07:34:21.278Z] Error reading register 6507 for IP 10.30.4.128: A Modbus Exception Occurred - See Response Body
[2024-12-10T07:34:21.279Z] Error reading actual data: A Modbus Exception Occurred - See Response Body
[2024-12-10T07:34:21.279Z] Error writing to Modbus register: A Modbus Exception Occurred - See Response Body
[2024-12-10T07:34:22.289Z] Error reading or processing Modbus registers: A Modbus Exception Occurred - See Response Body
[2024-12-10T07:34:22.291Z] Error reading register 6507 for IP 10.30.4.128: A Modbus Exception Occurred - See Response Body
[2024-12-10T07:34:22.292Z] Error reading actual data: A Modbus Exception Occurred - See Response Body
[2024-12-10T07:34:22.292Z] Error writing to Modbus register: A Modbus Exception Occurred - See Response Body
[2024-12-10T07:34:23.303Z] Error reading or processing Modbus registers: A Modbus Exception Occurred - See Response Body
[2024-12-10T07:34:23.305Z] Error reading register 6507 for IP 10.30.4.128: A Modbus Exception Occurred - See Response Body
[2024-12-10T07:34:23.305Z] Error reading actual data: A Modbus Exception Occurred - See Response Body
[2024-12-10T07:34:23.306Z] Error writing to Modbus register: A Modbus Exception Occurred - See Response Body
[2024-12-10T07:34:24.316Z] Error reading or processing Modbus registers: A Modbus Exception Occurred - See Response Body
[2024-12-10T07:34:24.319Z] Error reading register 6507 for IP 10.30.4.128: A Modbus Exception Occurred - See Response Body
[2024-12-10T07:34:24.320Z] Error reading actual data: A Modbus Exception Occurred - See Response Body
[2024-12-10T07:34:24.321Z] Error writing to Modbus register: A Modbus Exception Occurred - See Response Body
[2024-12-10T07:34:25.329Z] Error reading or processing Modbus registers: A Modbus Exception Occurred - See Response Body
[2024-12-10T07:34:25.331Z] Error reading register 6507 for IP 10.30.4.128: A Modbus Exception Occurred - See Response Body
[2024-12-10T07:34:25.332Z] Error reading actual data: A Modbus Exception Occurred - See Response Body
[2024-12-10T07:34:25.333Z] Error writing to Modbus register: A Modbus Exception Occurred - See Response Body
[2024-12-10T07:34:26.345Z] Error reading or processing Modbus registers: A Modbus Exception Occurred - See Response Body
[2024-12-10T07:34:26.347Z] Error reading register 6507 for IP 10.30.4.128: A Modbus Exception Occurred - See Response Body
[2024-12-10T07:34:26.348Z] Error reading actual data: A Modbus Exception Occurred - See Response Body
[2024-12-10T07:34:26.348Z] Error writing to Modbus register: A Modbus Exception Occurred - See Response Body
[2024-12-10T07:34:27.357Z] Error reading or processing Modbus registers: A Modbus Exception Occurred - See Response Body
[2024-12-10T07:34:27.360Z] Error reading register 6507 for IP 10.30.4.128: A Modbus Exception Occurred - See Response Body
[2024-12-10T07:34:27.361Z] Error reading actual data: A Modbus Exception Occurred - See Response Body
[2024-12-10T07:34:27.362Z] Error writing to Modbus register: A Modbus Exception Occurred - See Response Body
[2024-12-10T07:34:28.371Z] Error reading or processing Modbus registers: A Modbus Exception Occurred - See Response Body
[2024-12-10T07:34:28.374Z] Error reading register 6507 for IP 10.30.4.128: A Modbus Exception Occurred - See Response Body
[2024-12-10T07:34:28.375Z] Error reading actual data: A Modbus Exception Occurred - See Response Body
[2024-12-10T07:34:28.375Z] Error writing to Modbus register: A Modbus Exception Occurred - See Response Body
[2024-12-10T07:34:29.383Z] Error reading or processing Modbus registers: A Modbus Exception Occurred - See Response Body
[2024-12-10T07:34:29.385Z] Error reading register 6507 for IP 10.30.4.128: A Modbus Exception Occurred - See Response Body
[2024-12-10T07:34:29.387Z] Error reading actual data: A Modbus Exception Occurred - See Response Body
[2024-12-10T07:34:29.387Z] Error writing to Modbus register: A Modbus Exception Occurred - See Response Body
[2024-12-10T07:34:30.398Z] Error reading or processing Modbus registers: A Modbus Exception Occurred - See Response Body
[2024-12-10T07:34:30.401Z] Error reading register 6507 for IP 10.30.4.128: A Modbus Exception Occurred - See Response Body
[2024-12-10T07:34:30.401Z] Error reading actual data: A Modbus Exception Occurred - See Response Body
[2024-12-10T07:34:30.402Z] Error writing to Modbus register: A Modbus Exception Occurred - See Response Body
[2024-12-10T07:34:31.399Z] Error reading or processing Modbus registers: A Modbus Exception Occurred - See Response Body
[2024-12-10T07:34:31.402Z] Error reading register 6507 for IP 10.30.4.128: A Modbus Exception Occurred - See Response Body
[2024-12-10T07:34:31.403Z] Error reading actual data: A Modbus Exception Occurred - See Response Body
[2024-12-10T07:34:31.403Z] Error writing to Modbus register: A Modbus Exception Occurred - See Response Body
[2024-12-10T07:34:32.414Z] Error reading or processing Modbus registers: A Modbus Exception Occurred - See Response Body
[2024-12-10T07:34:32.417Z] Error reading register 6507 for IP 10.30.4.128: A Modbus Exception Occurred - See Response Body
[2024-12-10T07:34:32.418Z] Error reading actual data: A Modbus Exception Occurred - See Response Body
[2024-12-10T07:34:32.418Z] Error writing to Modbus register: A Modbus Exception Occurred - See Response Body
[2024-12-10T07:34:33.427Z] Error reading or processing Modbus registers: A Modbus Exception Occurred - See Response Body
[2024-12-10T07:34:33.430Z] Error reading register 6507 for IP 10.30.4.128: A Modbus Exception Occurred - See Response Body
[2024-12-10T07:34:33.431Z] Error reading actual data: A Modbus Exception Occurred - See Response Body
[2024-12-10T07:34:33.431Z] Error writing to Modbus register: A Modbus Exception Occurred - See Response Body
[2024-12-10T07:34:34.427Z] Error reading or processing Modbus registers: A Modbus Exception Occurred - See Response Body
[2024-12-10T07:34:34.430Z] Error reading register 6507 for IP 10.30.4.128: A Modbus Exception Occurred - See Response Body
[2024-12-10T07:34:34.430Z] Error reading actual data: A Modbus Exception Occurred - See Response Body
[2024-12-10T07:34:34.431Z] Error writing to Modbus register: A Modbus Exception Occurred - See Response Body
[2024-12-10T07:34:35.441Z] Error reading or processing Modbus registers: A Modbus Exception Occurred - See Response Body
[2024-12-10T07:34:35.443Z] Error reading register 6507 for IP 10.30.4.128: A Modbus Exception Occurred - See Response Body
[2024-12-10T07:34:35.444Z] Error reading actual data: A Modbus Exception Occurred - See Response Body
[2024-12-10T07:34:35.444Z] Error writing to Modbus register: A Modbus Exception Occurred - See Response Body
[2024-12-10T07:34:36.455Z] Error reading or processing Modbus registers: A Modbus Exception Occurred - See Response Body
[2024-12-10T07:34:36.458Z] Error reading register 6507 for IP 10.30.4.128: A Modbus Exception Occurred - See Response Body
[2024-12-10T07:34:36.459Z] Error reading actual data: A Modbus Exception Occurred - See Response Body
[2024-12-10T07:34:36.459Z] Error writing to Modbus register: A Modbus Exception Occurred - See Response Body
[2024-12-10T07:34:37.469Z] Error reading or processing Modbus registers: A Modbus Exception Occurred - See Response Body
[2024-12-10T07:34:37.471Z] Error reading register 6507 for IP 10.30.4.128: A Modbus Exception Occurred - See Response Body
[2024-12-10T07:34:37.471Z] Error reading actual data: A Modbus Exception Occurred - See Response Body
[2024-12-10T07:34:37.472Z] Error writing to Modbus register: A Modbus Exception Occurred - See Response Body
[2024-12-10T07:34:38.471Z] Error reading or processing Modbus registers: A Modbus Exception Occurred - See Response Body
[2024-12-10T07:34:38.473Z] Error reading register 6507 for IP 10.30.4.128: A Modbus Exception Occurred - See Response Body
[2024-12-10T07:34:38.474Z] Error reading actual data: A Modbus Exception Occurred - See Response Body
[2024-12-10T07:34:38.474Z] Error writing to Modbus register: A Modbus Exception Occurred - See Response Body
[2024-12-10T07:34:39.484Z] Error reading or processing Modbus registers: A Modbus Exception Occurred - See Response Body
[2024-12-10T07:34:39.486Z] Error reading register 6507 for IP 10.30.4.128: A Modbus Exception Occurred - See Response Body
[2024-12-10T07:34:39.487Z] Error reading actual data: A Modbus Exception Occurred - See Response Body
[2024-12-10T07:34:39.487Z] Error writing to Modbus register: A Modbus Exception Occurred - See Response Body
[2024-12-10T07:34:40.498Z] Error reading or processing Modbus registers: A Modbus Exception Occurred - See Response Body
[2024-12-10T07:34:40.500Z] Error reading register 6507 for IP 10.30.4.128: A Modbus Exception Occurred - See Response Body
[2024-12-10T07:34:40.501Z] Error reading actual data: A Modbus Exception Occurred - See Response Body
[2024-12-10T07:34:40.501Z] Error writing to Modbus register: A Modbus Exception Occurred - See Response Body
[2024-12-10T07:34:41.499Z] Error reading or processing Modbus registers: A Modbus Exception Occurred - See Response Body
[2024-12-10T07:34:41.501Z] Error reading register 6507 for IP 10.30.4.128: A Modbus Exception Occurred - See Response Body
[2024-12-10T07:34:41.502Z] Error reading actual data: A Modbus Exception Occurred - See Response Body
[2024-12-10T07:34:41.502Z] Error writing to Modbus register: A Modbus Exception Occurred - See Response Body
[2024-12-10T07:34:42.513Z] Error reading or processing Modbus registers: A Modbus Exception Occurred - See Response Body
[2024-12-10T07:34:42.516Z] Error reading register 6507 for IP 10.30.4.128: A Modbus Exception Occurred - See Response Body
[2024-12-10T07:34:42.516Z] Error reading actual data: A Modbus Exception Occurred - See Response Body
[2024-12-10T07:34:42.517Z] Error writing to Modbus register: A Modbus Exception Occurred - See Response Body
[2024-12-10T07:34:43.527Z] Error reading or processing Modbus registers: A Modbus Exception Occurred - See Response Body
[2024-12-10T07:34:43.529Z] Error reading register 6507 for IP 10.30.4.128: A Modbus Exception Occurred - See Response Body
[2024-12-10T07:34:43.530Z] Error reading actual data: A Modbus Exception Occurred - See Response Body
[2024-12-10T07:34:43.531Z] Error writing to Modbus register: A Modbus Exception Occurred - See Response Body
[2024-12-10T07:34:44.541Z] Error reading or processing Modbus registers: A Modbus Exception Occurred - See Response Body
[2024-12-10T07:34:44.544Z] Error reading register 6507 for IP 10.30.4.128: A Modbus Exception Occurred - See Response Body
[2024-12-10T07:34:44.545Z] Error reading actual data: A Modbus Exception Occurred - See Response Body
[2024-12-10T07:34:44.545Z] Error writing to Modbus register: A Modbus Exception Occurred - See Response Body
[2024-12-10T07:34:45.553Z] Error reading or processing Modbus registers: A Modbus Exception Occurred - See Response Body
[2024-12-10T07:34:45.556Z] Error reading register 6507 for IP 10.30.4.128: A Modbus Exception Occurred - See Response Body
[2024-12-10T07:34:45.557Z] Error reading actual data: A Modbus Exception Occurred - See Response Body
[2024-12-10T07:34:45.557Z] Error writing to Modbus register: A Modbus Exception Occurred - See Response Body
[2024-12-10T07:34:46.555Z] Error reading or processing Modbus registers: A Modbus Exception Occurred - See Response Body
[2024-12-10T07:34:46.557Z] Error reading register 6507 for IP 10.30.4.128: A Modbus Exception Occurred - See Response Body
[2024-12-10T07:34:46.558Z] Error reading actual data: A Modbus Exception Occurred - See Response Body
[2024-12-10T07:34:46.559Z] Error writing to Modbus register: A Modbus Exception Occurred - See Response Body
[2024-12-10T07:34:47.567Z] Error reading or processing Modbus registers: A Modbus Exception Occurred - See Response Body
[2024-12-10T07:34:47.570Z] Error reading register 6507 for IP 10.30.4.128: A Modbus Exception Occurred - See Response Body
[2024-12-10T07:34:47.571Z] Error reading actual data: A Modbus Exception Occurred - See Response Body
[2024-12-10T07:34:47.571Z] Error writing to Modbus register: A Modbus Exception Occurred - See Response Body
[2024-12-10T07:34:48.569Z] Error reading or processing Modbus registers: A Modbus Exception Occurred - See Response Body
[2024-12-10T07:34:48.571Z] Error reading register 6507 for IP 10.30.4.128: A Modbus Exception Occurred - See Response Body
[2024-12-10T07:34:48.572Z] Error reading actual data: A Modbus Exception Occurred - See Response Body
[2024-12-10T07:34:48.573Z] Error writing to Modbus register: A Modbus Exception Occurred - See Response Body
[2024-12-10T07:34:49.575Z] Error reading or processing Modbus registers: A Modbus Exception Occurred - See Response Body
[2024-12-10T07:34:49.577Z] Error reading register 6507 for IP 10.30.4.128: A Modbus Exception Occurred - See Response Body
[2024-12-10T07:34:49.578Z] Error reading actual data: A Modbus Exception Occurred - See Response Body
[2024-12-10T07:34:49.578Z] Error writing to Modbus register: A Modbus Exception Occurred - See Response Body
[2024-12-10T07:34:50.576Z] Error reading or processing Modbus registers: A Modbus Exception Occurred - See Response Body
[2024-12-10T07:34:50.578Z] Error reading register 6507 for IP 10.30.4.128: A Modbus Exception Occurred - See Response Body
[2024-12-10T07:34:50.579Z] Error reading actual data: A Modbus Exception Occurred - See Response Body
[2024-12-10T07:34:50.580Z] Error writing to Modbus register: A Modbus Exception Occurred - See Response Body
[2024-12-10T07:34:51.590Z] Error reading or processing Modbus registers: A Modbus Exception Occurred - See Response Body
[2024-12-10T07:34:51.593Z] Error reading register 6507 for IP 10.30.4.128: A Modbus Exception Occurred - See Response Body
[2024-12-10T07:34:51.594Z] Error reading actual data: A Modbus Exception Occurred - See Response Body
[2024-12-10T07:34:51.594Z] Error writing to Modbus register: A Modbus Exception Occurred - See Response Body
[2024-12-10T07:34:52.604Z] Error reading or processing Modbus registers: A Modbus Exception Occurred - See Response Body
[2024-12-10T07:34:52.606Z] Error reading register 6507 for IP 10.30.4.128: A Modbus Exception Occurred - See Response Body
[2024-12-10T07:34:52.607Z] Error reading actual data: A Modbus Exception Occurred - See Response Body
[2024-12-10T07:34:52.608Z] Error writing to Modbus register: A Modbus Exception Occurred - See Response Body
[2024-12-10T07:34:53.605Z] Error reading or processing Modbus registers: A Modbus Exception Occurred - See Response Body
[2024-12-10T07:34:53.607Z] Error reading register 6507 for IP 10.30.4.128: A Modbus Exception Occurred - See Response Body
[2024-12-10T07:34:53.608Z] Error reading actual data: A Modbus Exception Occurred - See Response Body
[2024-12-10T07:34:53.608Z] Error writing to Modbus register: A Modbus Exception Occurred - See Response Body
[2024-12-10T07:34:54.618Z] Error reading or processing Modbus registers: A Modbus Exception Occurred - See Response Body
[2024-12-10T07:34:54.621Z] Error reading register 6507 for IP 10.30.4.128: A Modbus Exception Occurred - See Response Body
[2024-12-10T07:34:54.622Z] Error reading actual data: A Modbus Exception Occurred - See Response Body
[2024-12-10T07:34:54.625Z] Error writing to Modbus register: A Modbus Exception Occurred - See Response Body
[2024-12-10T07:34:55.631Z] Error reading or processing Modbus registers: A Modbus Exception Occurred - See Response Body
[2024-12-10T07:34:55.634Z] Error reading register 6507 for IP 10.30.4.128: A Modbus Exception Occurred - See Response Body
[2024-12-10T07:34:55.635Z] Error reading actual data: A Modbus Exception Occurred - See Response Body
[2024-12-10T07:34:55.635Z] Error writing to Modbus register: A Modbus Exception Occurred - See Response Body
[2024-12-10T07:34:56.645Z] Error reading or processing Modbus registers: A Modbus Exception Occurred - See Response Body
[2024-12-10T07:34:56.648Z] Error reading register 6507 for IP 10.30.4.128: A Modbus Exception Occurred - See Response Body
[2024-12-10T07:34:56.648Z] Error reading actual data: A Modbus Exception Occurred - See Response Body
[2024-12-10T07:34:56.649Z] Error writing to Modbus register: A Modbus Exception Occurred - See Response Body
[2024-12-10T07:34:57.657Z] Error reading or processing Modbus registers: A Modbus Exception Occurred - See Response Body
[2024-12-10T07:34:57.660Z] Error reading register 6507 for IP 10.30.4.128: A Modbus Exception Occurred - See Response Body
[2024-12-10T07:34:57.661Z] Error reading actual data: A Modbus Exception Occurred - See Response Body
[2024-12-10T07:34:57.661Z] Error writing to Modbus register: A Modbus Exception Occurred - See Response Body
[2024-12-10T07:34:58.671Z] Error reading or processing Modbus registers: A Modbus Exception Occurred - See Response Body
[2024-12-10T07:34:58.674Z] Error reading register 6507 for IP 10.30.4.128: A Modbus Exception Occurred - See Response Body
[2024-12-10T07:34:58.674Z] Error reading actual data: A Modbus Exception Occurred - See Response Body
[2024-12-10T07:34:58.675Z] Error writing to Modbus register: A Modbus Exception Occurred - See Response Body
[2024-12-10T07:34:59.685Z] Error reading or processing Modbus registers: A Modbus Exception Occurred - See Response Body
[2024-12-10T07:34:59.687Z] Error reading register 6507 for IP 10.30.4.128: A Modbus Exception Occurred - See Response Body
[2024-12-10T07:34:59.688Z] Error reading actual data: A Modbus Exception Occurred - See Response Body
[2024-12-10T07:34:59.688Z] Error writing to Modbus register: A Modbus Exception Occurred - See Response Body
[2024-12-10T07:35:00.687Z] Error reading or processing Modbus registers: A Modbus Exception Occurred - See Response Body
[2024-12-10T07:35:00.690Z] Error reading register 6507 for IP 10.30.4.128: A Modbus Exception Occurred - See Response Body
[2024-12-10T07:35:00.691Z] Error reading actual data: A Modbus Exception Occurred - See Response Body
[2024-12-10T07:35:00.691Z] Error writing to Modbus register: A Modbus Exception Occurred - See Response Body
[2024-12-10T07:35:01.700Z] Error reading or processing Modbus registers: A Modbus Exception Occurred - See Response Body
[2024-12-10T07:35:01.702Z] Error reading register 6507 for IP 10.30.4.128: A Modbus Exception Occurred - See Response Body
[2024-12-10T07:35:01.703Z] Error reading actual data: A Modbus Exception Occurred - See Response Body
[2024-12-10T07:35:01.703Z] Error writing to Modbus register: A Modbus Exception Occurred - See Response Body
[2024-12-10T07:35:02.714Z] Error reading or processing Modbus registers: A Modbus Exception Occurred - See Response Body
[2024-12-10T07:35:02.717Z] Error reading register 6507 for IP 10.30.4.128: A Modbus Exception Occurred - See Response Body
[2024-12-10T07:35:02.718Z] Error reading actual data: A Modbus Exception Occurred - See Response Body
[2024-12-10T07:35:02.718Z] Error writing to Modbus register: A Modbus Exception Occurred - See Response Body
[2024-12-10T07:35:03.715Z] Error reading or processing Modbus registers: A Modbus Exception Occurred - See Response Body
[2024-12-10T07:35:03.717Z] Error reading register 6507 for IP 10.30.4.128: A Modbus Exception Occurred - See Response Body
[2024-12-10T07:35:03.718Z] Error reading actual data: A Modbus Exception Occurred - See Response Body
[2024-12-10T07:35:03.719Z] Error writing to Modbus register: A Modbus Exception Occurred - See Response Body
[2024-12-10T07:35:04.729Z] Error reading or processing Modbus registers: A Modbus Exception Occurred - See Response Body
[2024-12-10T07:35:04.732Z] Error reading register 6507 for IP 10.30.4.128: A Modbus Exception Occurred - See Response Body
[2024-12-10T07:35:04.733Z] Error reading actual data: A Modbus Exception Occurred - See Response Body
[2024-12-10T07:35:04.734Z] Error writing to Modbus register: A Modbus Exception Occurred - See Response Body
[2024-12-10T07:35:05.741Z] Error reading or processing Modbus registers: A Modbus Exception Occurred - See Response Body
[2024-12-10T07:35:05.744Z] Error reading register 6507 for IP 10.30.4.128: A Modbus Exception Occurred - See Response Body
[2024-12-10T07:35:05.744Z] Error reading actual data: A Modbus Exception Occurred - See Response Body
[2024-12-10T07:35:05.745Z] Error writing to Modbus register: A Modbus Exception Occurred - See Response Body
[2024-12-10T07:35:06.755Z] Error reading or processing Modbus registers: A Modbus Exception Occurred - See Response Body
[2024-12-10T07:35:06.758Z] Error reading register 6507 for IP 10.30.4.128: A Modbus Exception Occurred - See Response Body
[2024-12-10T07:35:06.759Z] Error reading actual data: A Modbus Exception Occurred - See Response Body
[2024-12-10T07:35:06.759Z] Error writing to Modbus register: A Modbus Exception Occurred - See Response Body
[2024-12-10T07:35:07.760Z] Error reading or processing Modbus registers: A Modbus Exception Occurred - See Response Body
[2024-12-10T07:35:07.763Z] Error reading register 6507 for IP 10.30.4.128: A Modbus Exception Occurred - See Response Body
[2024-12-10T07:35:07.763Z] Error reading actual data: A Modbus Exception Occurred - See Response Body
[2024-12-10T07:35:07.764Z] Error writing to Modbus register: A Modbus Exception Occurred - See Response Body
[2024-12-10T07:35:08.774Z] Error reading or processing Modbus registers: A Modbus Exception Occurred - See Response Body
[2024-12-10T07:35:08.777Z] Error reading register 6507 for IP 10.30.4.128: A Modbus Exception Occurred - See Response Body
[2024-12-10T07:35:08.777Z] Error reading actual data: A Modbus Exception Occurred - See Response Body
[2024-12-10T07:35:08.778Z] Error writing to Modbus register: A Modbus Exception Occurred - See Response Body
[2024-12-10T07:35:09.788Z] Error reading or processing Modbus registers: A Modbus Exception Occurred - See Response Body
[2024-12-10T07:35:09.790Z] Error reading register 6507 for IP 10.30.4.128: A Modbus Exception Occurred - See Response Body
[2024-12-10T07:35:09.791Z] Error reading actual data: A Modbus Exception Occurred - See Response Body
[2024-12-10T07:35:09.791Z] Error writing to Modbus register: A Modbus Exception Occurred - See Response Body
[2024-12-10T07:35:10.798Z] Error reading or processing Modbus registers: A Modbus Exception Occurred - See Response Body
[2024-12-10T07:35:10.800Z] Error reading register 6507 for IP 10.30.4.128: A Modbus Exception Occurred - See Response Body
[2024-12-10T07:35:10.801Z] Error reading actual data: A Modbus Exception Occurred - See Response Body
[2024-12-10T07:35:10.802Z] Error writing to Modbus register: A Modbus Exception Occurred - See Response Body
[2024-12-10T07:35:11.813Z] Error reading or processing Modbus registers: A Modbus Exception Occurred - See Response Body
[2024-12-10T07:35:11.815Z] Error reading register 6507 for IP 10.30.4.128: A Modbus Exception Occurred - See Response Body
[2024-12-10T07:35:11.816Z] Error reading actual data: A Modbus Exception Occurred - See Response Body
[2024-12-10T07:35:11.817Z] Error writing to Modbus register: A Modbus Exception Occurred - See Response Body
[2024-12-10T07:35:12.826Z] Error reading or processing Modbus registers: A Modbus Exception Occurred - See Response Body
[2024-12-10T07:35:12.828Z] Error reading register 6507 for IP 10.30.4.128: A Modbus Exception Occurred - See Response Body
[2024-12-10T07:35:12.829Z] Error reading actual data: A Modbus Exception Occurred - See Response Body
[2024-12-10T07:35:12.830Z] Error writing to Modbus register: A Modbus Exception Occurred - See Response Body
[2024-12-10T07:35:13.825Z] Error reading or processing Modbus registers: A Modbus Exception Occurred - See Response Body
[2024-12-10T07:35:13.827Z] Error reading register 6507 for IP 10.30.4.128: A Modbus Exception Occurred - See Response Body
[2024-12-10T07:35:13.828Z] Error reading actual data: A Modbus Exception Occurred - See Response Body
[2024-12-10T07:35:13.829Z] Error writing to Modbus register: A Modbus Exception Occurred - See Response Body
[2024-12-10T07:35:14.839Z] Error reading or processing Modbus registers: A Modbus Exception Occurred - See Response Body
[2024-12-10T07:35:14.842Z] Error reading register 6507 for IP 10.30.4.128: A Modbus Exception Occurred - See Response Body
[2024-12-10T07:35:14.842Z] Error reading actual data: A Modbus Exception Occurred - See Response Body
[2024-12-10T07:35:14.843Z] Error writing to Modbus register: A Modbus Exception Occurred - See Response Body
[2024-12-10T07:35:15.839Z] Error reading or processing Modbus registers: A Modbus Exception Occurred - See Response Body
[2024-12-10T07:35:15.842Z] Error reading register 6507 for IP 10.30.4.128: A Modbus Exception Occurred - See Response Body
[2024-12-10T07:35:15.842Z] Error reading actual data: A Modbus Exception Occurred - See Response Body
[2024-12-10T07:35:15.843Z] Error writing to Modbus register: A Modbus Exception Occurred - See Response Body
[2024-12-10T07:35:16.855Z] Error reading or processing Modbus registers: A Modbus Exception Occurred - See Response Body
[2024-12-10T07:35:16.858Z] Error reading register 6507 for IP 10.30.4.128: A Modbus Exception Occurred - See Response Body
[2024-12-10T07:35:16.859Z] Error reading actual data: A Modbus Exception Occurred - See Response Body
[2024-12-10T07:35:16.859Z] Error writing to Modbus register: A Modbus Exception Occurred - See Response Body
[2024-12-10T07:35:17.855Z] Error reading or processing Modbus registers: A Modbus Exception Occurred - See Response Body
[2024-12-10T07:35:17.858Z] Error reading register 6507 for IP 10.30.4.128: A Modbus Exception Occurred - See Response Body
[2024-12-10T07:35:17.859Z] Error reading actual data: A Modbus Exception Occurred - See Response Body
[2024-12-10T07:35:17.859Z] Error writing to Modbus register: A Modbus Exception Occurred - See Response Body
[2024-12-10T07:35:18.857Z] Error reading or processing Modbus registers: A Modbus Exception Occurred - See Response Body
[2024-12-10T07:35:18.860Z] Error reading register 6507 for IP 10.30.4.128: A Modbus Exception Occurred - See Response Body
[2024-12-10T07:35:18.860Z] Error reading actual data: A Modbus Exception Occurred - See Response Body
[2024-12-10T07:35:18.861Z] Error writing to Modbus register: A Modbus Exception Occurred - See Response Body
[2024-12-10T07:35:19.871Z] Error reading or processing Modbus registers: A Modbus Exception Occurred - See Response Body
[2024-12-10T07:35:19.874Z] Error reading register 6507 for IP 10.30.4.128: A Modbus Exception Occurred - See Response Body
[2024-12-10T07:35:19.875Z] Error reading actual data: A Modbus Exception Occurred - See Response Body
[2024-12-10T07:35:19.875Z] Error writing to Modbus register: A Modbus Exception Occurred - See Response Body
[2024-12-10T07:35:20.872Z] Error reading or processing Modbus registers: A Modbus Exception Occurred - See Response Body
[2024-12-10T07:35:20.874Z] Error reading register 6507 for IP 10.30.4.128: A Modbus Exception Occurred - See Response Body
[2024-12-10T07:35:20.875Z] Error reading actual data: A Modbus Exception Occurred - See Response Body
[2024-12-10T07:35:20.875Z] Error writing to Modbus register: A Modbus Exception Occurred - See Response Body
[2024-12-10T07:35:21.879Z] Error reading or processing Modbus registers: A Modbus Exception Occurred - See Response Body
[2024-12-10T07:35:21.881Z] Error reading register 6507 for IP 10.30.4.128: A Modbus Exception Occurred - See Response Body
[2024-12-10T07:35:21.882Z] Error reading actual data: A Modbus Exception Occurred - See Response Body
[2024-12-10T07:35:21.882Z] Error writing to Modbus register: A Modbus Exception Occurred - See Response Body
[2024-12-10T07:35:22.894Z] Error reading or processing Modbus registers: A Modbus Exception Occurred - See Response Body
[2024-12-10T07:35:22.896Z] Error reading register 6507 for IP 10.30.4.128: A Modbus Exception Occurred - See Response Body
[2024-12-10T07:35:22.897Z] Error reading actual data: A Modbus Exception Occurred - See Response Body
[2024-12-10T07:35:22.898Z] Error writing to Modbus register: A Modbus Exception Occurred - See Response Body
[2024-12-10T07:35:23.906Z] Error reading or processing Modbus registers: A Modbus Exception Occurred - See Response Body
[2024-12-10T07:35:23.908Z] Error reading register 6507 for IP 10.30.4.128: A Modbus Exception Occurred - See Response Body
[2024-12-10T07:35:23.909Z] Error reading actual data: A Modbus Exception Occurred - See Response Body
[2024-12-10T07:35:23.910Z] Error writing to Modbus register: A Modbus Exception Occurred - See Response Body
[2024-12-10T07:35:24.920Z] Error reading or processing Modbus registers: A Modbus Exception Occurred - See Response Body
[2024-12-10T07:35:24.923Z] Error reading register 6507 for IP 10.30.4.128: A Modbus Exception Occurred - See Response Body
[2024-12-10T07:35:24.924Z] Error reading actual data: A Modbus Exception Occurred - See Response Body
[2024-12-10T07:35:24.924Z] Error writing to Modbus register: A Modbus Exception Occurred - See Response Body
[2024-12-10T07:35:25.923Z] Error reading or processing Modbus registers: A Modbus Exception Occurred - See Response Body
[2024-12-10T07:35:25.925Z] Error reading register 6507 for IP 10.30.4.128: A Modbus Exception Occurred - See Response Body
[2024-12-10T07:35:25.926Z] Error reading actual data: A Modbus Exception Occurred - See Response Body
[2024-12-10T07:35:25.927Z] Error writing to Modbus register: A Modbus Exception Occurred - See Response Body
[2024-12-10T07:35:26.925Z] Error reading or processing Modbus registers: A Modbus Exception Occurred - See Response Body
[2024-12-10T07:35:26.928Z] Error reading register 6507 for IP 10.30.4.128: A Modbus Exception Occurred - See Response Body
[2024-12-10T07:35:26.929Z] Error reading actual data: A Modbus Exception Occurred - See Response Body
[2024-12-10T07:35:26.929Z] Error writing to Modbus register: A Modbus Exception Occurred - See Response Body
[2024-12-10T07:35:27.940Z] Error reading or processing Modbus registers: A Modbus Exception Occurred - See Response Body
[2024-12-10T07:35:27.942Z] Error reading register 6507 for IP 10.30.4.128: A Modbus Exception Occurred - See Response Body
[2024-12-10T07:35:27.943Z] Error reading actual data: A Modbus Exception Occurred - See Response Body
[2024-12-10T07:35:27.944Z] Error writing to Modbus register: A Modbus Exception Occurred - See Response Body
[2024-12-10T07:35:28.953Z] Error reading or processing Modbus registers: A Modbus Exception Occurred - See Response Body
[2024-12-10T07:35:28.956Z] Error reading register 6507 for IP 10.30.4.128: A Modbus Exception Occurred - See Response Body
[2024-12-10T07:35:28.957Z] Error reading actual data: A Modbus Exception Occurred - See Response Body
[2024-12-10T07:35:28.958Z] Error writing to Modbus register: A Modbus Exception Occurred - See Response Body
[2024-12-10T07:35:29.955Z] Error reading or processing Modbus registers: A Modbus Exception Occurred - See Response Body
[2024-12-10T07:35:29.958Z] Error reading register 6507 for IP 10.30.4.128: A Modbus Exception Occurred - See Response Body
[2024-12-10T07:35:29.959Z] Error reading actual data: A Modbus Exception Occurred - See Response Body
[2024-12-10T07:35:29.959Z] Error writing to Modbus register: A Modbus Exception Occurred - See Response Body
[2024-12-10T07:35:30.957Z] Error reading or processing Modbus registers: A Modbus Exception Occurred - See Response Body
[2024-12-10T07:35:30.959Z] Error reading register 6507 for IP 10.30.4.128: A Modbus Exception Occurred - See Response Body
[2024-12-10T07:35:30.960Z] Error reading actual data: A Modbus Exception Occurred - See Response Body
[2024-12-10T07:35:30.961Z] Error writing to Modbus register: A Modbus Exception Occurred - See Response Body
[2024-12-10T07:35:31.970Z] Error reading or processing Modbus registers: A Modbus Exception Occurred - See Response Body
[2024-12-10T07:35:31.973Z] Error reading register 6507 for IP 10.30.4.128: A Modbus Exception Occurred - See Response Body
[2024-12-10T07:35:31.974Z] Error reading actual data: A Modbus Exception Occurred - See Response Body
[2024-12-10T07:35:31.974Z] Error writing to Modbus register: A Modbus Exception Occurred - See Response Body
[2024-12-10T07:35:32.972Z] Error reading or processing Modbus registers: A Modbus Exception Occurred - See Response Body
[2024-12-10T07:35:32.974Z] Error reading register 6507 for IP 10.30.4.128: A Modbus Exception Occurred - See Response Body
[2024-12-10T07:35:32.975Z] Error reading actual data: A Modbus Exception Occurred - See Response Body
[2024-12-10T07:35:32.975Z] Error writing to Modbus register: A Modbus Exception Occurred - See Response Body
[2024-12-10T07:35:33.987Z] Error reading or processing Modbus registers: A Modbus Exception Occurred - See Response Body
[2024-12-10T07:35:33.989Z] Error reading register 6507 for IP 10.30.4.128: A Modbus Exception Occurred - See Response Body
[2024-12-10T07:35:33.990Z] Error reading actual data: A Modbus Exception Occurred - See Response Body
[2024-12-10T07:35:33.991Z] Error writing to Modbus register: A Modbus Exception Occurred - See Response Body
[2024-12-10T07:35:34.987Z] Error reading or processing Modbus registers: A Modbus Exception Occurred - See Response Body
[2024-12-10T07:35:34.989Z] Error reading register 6507 for IP 10.30.4.128: A Modbus Exception Occurred - See Response Body
[2024-12-10T07:35:34.990Z] Error reading actual data: A Modbus Exception Occurred - See Response Body
[2024-12-10T07:35:34.991Z] Error writing to Modbus register: A Modbus Exception Occurred - See Response Body
[2024-12-10T07:35:36.000Z] Error reading or processing Modbus registers: A Modbus Exception Occurred - See Response Body
[2024-12-10T07:35:36.006Z] Error reading register 6507 for IP 10.30.4.128: A Modbus Exception Occurred - See Response Body
[2024-12-10T07:35:36.007Z] Error reading actual data: A Modbus Exception Occurred - See Response Body
[2024-12-10T07:35:36.007Z] Error writing to Modbus register: A Modbus Exception Occurred - See Response Body
[2024-12-10T07:35:37.015Z] Error reading or processing Modbus registers: A Modbus Exception Occurred - See Response Body
[2024-12-10T07:35:37.017Z] Error reading register 6507 for IP 10.30.4.128: A Modbus Exception Occurred - See Response Body
[2024-12-10T07:35:37.018Z] Error reading actual data: A Modbus Exception Occurred - See Response Body
[2024-12-10T07:35:37.019Z] Error writing to Modbus register: A Modbus Exception Occurred - See Response Body
[2024-12-10T07:35:38.015Z] Error reading or processing Modbus registers: A Modbus Exception Occurred - See Response Body
[2024-12-10T07:35:38.018Z] Error reading register 6507 for IP 10.30.4.128: A Modbus Exception Occurred - See Response Body
[2024-12-10T07:35:38.019Z] Error reading actual data: A Modbus Exception Occurred - See Response Body
[2024-12-10T07:35:38.019Z] Error writing to Modbus register: A Modbus Exception Occurred - See Response Body
[2024-12-10T07:35:39.018Z] Error reading or processing Modbus registers: A Modbus Exception Occurred - See Response Body
[2024-12-10T07:35:39.021Z] Error reading register 6507 for IP 10.30.4.128: A Modbus Exception Occurred - See Response Body
[2024-12-10T07:35:39.022Z] Error reading actual data: A Modbus Exception Occurred - See Response Body
[2024-12-10T07:35:39.022Z] Error writing to Modbus register: A Modbus Exception Occurred - See Response Body
[2024-12-10T07:35:40.032Z] Error reading or processing Modbus registers: A Modbus Exception Occurred - See Response Body
[2024-12-10T07:35:40.035Z] Error reading register 6507 for IP 10.30.4.128: A Modbus Exception Occurred - See Response Body
[2024-12-10T07:35:40.036Z] Error reading actual data: A Modbus Exception Occurred - See Response Body
[2024-12-10T07:35:40.036Z] Error writing to Modbus register: A Modbus Exception Occurred - See Response Body
[2024-12-10T07:35:41.047Z] Error reading or processing Modbus registers: A Modbus Exception Occurred - See Response Body
[2024-12-10T07:35:41.049Z] Error reading register 6507 for IP 10.30.4.128: A Modbus Exception Occurred - See Response Body
[2024-12-10T07:35:41.049Z] Error reading actual data: A Modbus Exception Occurred - See Response Body
[2024-12-10T07:35:41.050Z] Error writing to Modbus register: A Modbus Exception Occurred - See Response Body
[2024-12-10T07:35:42.059Z] Error reading or processing Modbus registers: A Modbus Exception Occurred - See Response Body
[2024-12-10T07:35:42.061Z] Error reading register 6507 for IP 10.30.4.128: A Modbus Exception Occurred - See Response Body
[2024-12-10T07:35:42.062Z] Error reading actual data: A Modbus Exception Occurred - See Response Body
[2024-12-10T07:35:42.063Z] Error writing to Modbus register: A Modbus Exception Occurred - See Response Body
[2024-12-10T07:35:43.072Z] Error reading or processing Modbus registers: A Modbus Exception Occurred - See Response Body
[2024-12-10T07:35:43.075Z] Error reading register 6507 for IP 10.30.4.128: A Modbus Exception Occurred - See Response Body
[2024-12-10T07:35:43.075Z] Error reading actual data: A Modbus Exception Occurred - See Response Body
[2024-12-10T07:35:43.076Z] Error writing to Modbus register: A Modbus Exception Occurred - See Response Body
[2024-12-10T07:35:44.085Z] Error reading or processing Modbus registers: A Modbus Exception Occurred - See Response Body
[2024-12-10T07:35:44.087Z] Error reading register 6507 for IP 10.30.4.128: A Modbus Exception Occurred - See Response Body
[2024-12-10T07:35:44.087Z] Error reading actual data: A Modbus Exception Occurred - See Response Body
[2024-12-10T07:35:44.088Z] Error writing to Modbus register: A Modbus Exception Occurred - See Response Body
[2024-12-10T07:35:45.100Z] Error reading or processing Modbus registers: A Modbus Exception Occurred - See Response Body
[2024-12-10T07:35:45.102Z] Error reading register 6507 for IP 10.30.4.128: A Modbus Exception Occurred - See Response Body
[2024-12-10T07:35:45.103Z] Error reading actual data: A Modbus Exception Occurred - See Response Body
[2024-12-10T07:35:45.104Z] Error writing to Modbus register: A Modbus Exception Occurred - See Response Body
[2024-12-10T07:35:46.100Z] Error reading or processing Modbus registers: A Modbus Exception Occurred - See Response Body
[2024-12-10T07:35:46.102Z] Error reading register 6507 for IP 10.30.4.128: A Modbus Exception Occurred - See Response Body
[2024-12-10T07:35:46.103Z] Error reading actual data: A Modbus Exception Occurred - See Response Body
[2024-12-10T07:35:46.104Z] Error writing to Modbus register: A Modbus Exception Occurred - See Response Body
[2024-12-10T07:35:47.103Z] Error reading or processing Modbus registers: A Modbus Exception Occurred - See Response Body
[2024-12-10T07:35:47.106Z] Error reading register 6507 for IP 10.30.4.128: A Modbus Exception Occurred - See Response Body
[2024-12-10T07:35:47.107Z] Error reading actual data: A Modbus Exception Occurred - See Response Body
[2024-12-10T07:35:47.108Z] Error writing to Modbus register: A Modbus Exception Occurred - See Response Body
[2024-12-10T07:35:48.114Z] Error reading or processing Modbus registers: A Modbus Exception Occurred - See Response Body
[2024-12-10T07:35:48.117Z] Error reading register 6507 for IP 10.30.4.128: A Modbus Exception Occurred - See Response Body
[2024-12-10T07:35:48.118Z] Error reading actual data: A Modbus Exception Occurred - See Response Body
[2024-12-10T07:35:48.118Z] Error writing to Modbus register: A Modbus Exception Occurred - See Response Body
[2024-12-10T07:35:49.115Z] Error reading or processing Modbus registers: A Modbus Exception Occurred - See Response Body
[2024-12-10T07:35:49.118Z] Error reading register 6507 for IP 10.30.4.128: A Modbus Exception Occurred - See Response Body
[2024-12-10T07:35:49.119Z] Error reading actual data: A Modbus Exception Occurred - See Response Body
[2024-12-10T07:35:49.120Z] Error writing to Modbus register: A Modbus Exception Occurred - See Response Body
[2024-12-10T07:35:50.120Z] Error reading or processing Modbus registers: A Modbus Exception Occurred - See Response Body
[2024-12-10T07:35:50.123Z] Error reading register 6507 for IP 10.30.4.128: A Modbus Exception Occurred - See Response Body
[2024-12-10T07:35:50.124Z] Error reading actual data: A Modbus Exception Occurred - See Response Body
[2024-12-10T07:35:50.125Z] Error writing to Modbus register: A Modbus Exception Occurred - See Response Body
[2024-12-10T07:35:51.134Z] Error reading or processing Modbus registers: A Modbus Exception Occurred - See Response Body
[2024-12-10T07:35:51.137Z] Error reading register 6507 for IP 10.30.4.128: A Modbus Exception Occurred - See Response Body
[2024-12-10T07:35:51.137Z] Error reading actual data: A Modbus Exception Occurred - See Response Body
[2024-12-10T07:35:51.138Z] Error writing to Modbus register: A Modbus Exception Occurred - See Response Body
[2024-12-10T07:35:52.148Z] Error reading or processing Modbus registers: A Modbus Exception Occurred - See Response Body
[2024-12-10T07:35:52.151Z] Error reading register 6507 for IP 10.30.4.128: A Modbus Exception Occurred - See Response Body
[2024-12-10T07:35:52.152Z] Error reading actual data: A Modbus Exception Occurred - See Response Body
[2024-12-10T07:35:52.153Z] Error writing to Modbus register: A Modbus Exception Occurred - See Response Body
[2024-12-10T07:35:53.149Z] Error reading or processing Modbus registers: A Modbus Exception Occurred - See Response Body
[2024-12-10T07:35:53.152Z] Error reading register 6507 for IP 10.30.4.128: A Modbus Exception Occurred - See Response Body
[2024-12-10T07:35:53.153Z] Error reading actual data: A Modbus Exception Occurred - See Response Body
[2024-12-10T07:35:53.153Z] Error writing to Modbus register: A Modbus Exception Occurred - See Response Body
[2024-12-10T07:35:54.163Z] Error reading or processing Modbus registers: A Modbus Exception Occurred - See Response Body
[2024-12-10T07:35:54.165Z] Error reading register 6507 for IP 10.30.4.128: A Modbus Exception Occurred - See Response Body
[2024-12-10T07:35:54.166Z] Error reading actual data: A Modbus Exception Occurred - See Response Body
[2024-12-10T07:35:54.167Z] Error writing to Modbus register: A Modbus Exception Occurred - See Response Body
[2024-12-10T07:35:55.173Z] Error reading or processing Modbus registers: A Modbus Exception Occurred - See Response Body
[2024-12-10T07:35:55.175Z] Error reading register 6507 for IP 10.30.4.128: A Modbus Exception Occurred - See Response Body
[2024-12-10T07:35:55.176Z] Error reading actual data: A Modbus Exception Occurred - See Response Body
[2024-12-10T07:35:55.177Z] Error writing to Modbus register: A Modbus Exception Occurred - See Response Body
[2024-12-10T07:35:56.186Z] Error reading or processing Modbus registers: A Modbus Exception Occurred - See Response Body
[2024-12-10T07:35:56.189Z] Error reading register 6507 for IP 10.30.4.128: A Modbus Exception Occurred - See Response Body
[2024-12-10T07:35:56.189Z] Error reading actual data: A Modbus Exception Occurred - See Response Body
[2024-12-10T07:35:56.190Z] Error writing to Modbus register: A Modbus Exception Occurred - See Response Body
[2024-12-10T07:35:57.197Z] Error reading or processing Modbus registers: A Modbus Exception Occurred - See Response Body
[2024-12-10T07:35:57.203Z] Error reading register 6507 for IP 10.30.4.128: A Modbus Exception Occurred - See Response Body
[2024-12-10T07:35:57.204Z] Error reading actual data: A Modbus Exception Occurred - See Response Body
[2024-12-10T07:35:57.204Z] Error writing to Modbus register: A Modbus Exception Occurred - See Response Body
[2024-12-10T07:35:58.208Z] Error reading or processing Modbus registers: A Modbus Exception Occurred - See Response Body
[2024-12-10T07:35:58.210Z] Error reading register 6507 for IP 10.30.4.128: A Modbus Exception Occurred - See Response Body
[2024-12-10T07:35:58.211Z] Error reading actual data: A Modbus Exception Occurred - See Response Body
[2024-12-10T07:35:58.211Z] Error writing to Modbus register: A Modbus Exception Occurred - See Response Body
[2024-12-10T07:35:59.221Z] Error reading or processing Modbus registers: A Modbus Exception Occurred - See Response Body
[2024-12-10T07:35:59.223Z] Error reading register 6507 for IP 10.30.4.128: A Modbus Exception Occurred - See Response Body
[2024-12-10T07:35:59.223Z] Error reading actual data: A Modbus Exception Occurred - See Response Body
[2024-12-10T07:35:59.224Z] Error writing to Modbus register: A Modbus Exception Occurred - See Response Body
[2024-12-10T07:36:00.224Z] Error reading or processing Modbus registers: A Modbus Exception Occurred - See Response Body
[2024-12-10T07:36:00.226Z] Error reading register 6507 for IP 10.30.4.128: A Modbus Exception Occurred - See Response Body
[2024-12-10T07:36:00.226Z] Error reading actual data: A Modbus Exception Occurred - See Response Body
[2024-12-10T07:36:00.227Z] Error writing to Modbus register: A Modbus Exception Occurred - See Response Body
[2024-12-10T07:36:01.239Z] Error reading or processing Modbus registers: A Modbus Exception Occurred - See Response Body
[2024-12-10T07:36:01.241Z] Error reading register 6507 for IP 10.30.4.128: A Modbus Exception Occurred - See Response Body
[2024-12-10T07:36:01.241Z] Error reading actual data: A Modbus Exception Occurred - See Response Body
[2024-12-10T07:36:01.242Z] Error writing to Modbus register: A Modbus Exception Occurred - See Response Body
[2024-12-10T07:36:02.239Z] Error reading or processing Modbus registers: A Modbus Exception Occurred - See Response Body
[2024-12-10T07:36:02.241Z] Error reading register 6507 for IP 10.30.4.128: A Modbus Exception Occurred - See Response Body
[2024-12-10T07:36:02.242Z] Error reading actual data: A Modbus Exception Occurred - See Response Body
[2024-12-10T07:36:02.243Z] Error writing to Modbus register: A Modbus Exception Occurred - See Response Body
[2024-12-10T07:36:03.251Z] Error reading or processing Modbus registers: A Modbus Exception Occurred - See Response Body
[2024-12-10T07:36:03.254Z] Error reading register 6507 for IP 10.30.4.128: A Modbus Exception Occurred - See Response Body
[2024-12-10T07:36:03.254Z] Error reading actual data: A Modbus Exception Occurred - See Response Body
[2024-12-10T07:36:03.255Z] Error writing to Modbus register: A Modbus Exception Occurred - See Response Body
[2024-12-10T07:36:04.261Z] Error reading or processing Modbus registers: A Modbus Exception Occurred - See Response Body
[2024-12-10T07:36:04.264Z] Error reading register 6507 for IP 10.30.4.128: A Modbus Exception Occurred - See Response Body
[2024-12-10T07:36:04.265Z] Error reading actual data: A Modbus Exception Occurred - See Response Body
[2024-12-10T07:36:04.265Z] Error writing to Modbus register: A Modbus Exception Occurred - See Response Body
[2024-12-10T07:36:05.273Z] Error reading or processing Modbus registers: A Modbus Exception Occurred - See Response Body
[2024-12-10T07:36:05.275Z] Error reading register 6507 for IP 10.30.4.128: A Modbus Exception Occurred - See Response Body
[2024-12-10T07:36:05.276Z] Error reading actual data: A Modbus Exception Occurred - See Response Body
[2024-12-10T07:36:05.276Z] Error writing to Modbus register: A Modbus Exception Occurred - See Response Body
[2024-12-10T07:36:06.273Z] Error reading or processing Modbus registers: A Modbus Exception Occurred - See Response Body
[2024-12-10T07:36:06.276Z] Error reading register 6507 for IP 10.30.4.128: A Modbus Exception Occurred - See Response Body
[2024-12-10T07:36:06.276Z] Error reading actual data: A Modbus Exception Occurred - See Response Body
[2024-12-10T07:36:06.277Z] Error writing to Modbus register: A Modbus Exception Occurred - See Response Body
[2024-12-10T07:36:07.287Z] Error reading or processing Modbus registers: A Modbus Exception Occurred - See Response Body
[2024-12-10T07:36:07.290Z] Error reading register 6507 for IP 10.30.4.128: A Modbus Exception Occurred - See Response Body
[2024-12-10T07:36:07.290Z] Error reading actual data: A Modbus Exception Occurred - See Response Body
[2024-12-10T07:36:07.291Z] Error writing to Modbus register: A Modbus Exception Occurred - See Response Body
[2024-12-10T07:36:08.300Z] Error reading or processing Modbus registers: A Modbus Exception Occurred - See Response Body
[2024-12-10T07:36:08.303Z] Error reading register 6507 for IP 10.30.4.128: A Modbus Exception Occurred - See Response Body
[2024-12-10T07:36:08.304Z] Error reading actual data: A Modbus Exception Occurred - See Response Body
[2024-12-10T07:36:08.304Z] Error writing to Modbus register: A Modbus Exception Occurred - See Response Body
[2024-12-10T07:36:09.301Z] Error reading or processing Modbus registers: A Modbus Exception Occurred - See Response Body
[2024-12-10T07:36:09.303Z] Error reading register 6507 for IP 10.30.4.128: A Modbus Exception Occurred - See Response Body
[2024-12-10T07:36:09.304Z] Error reading actual data: A Modbus Exception Occurred - See Response Body
[2024-12-10T07:36:09.305Z] Error writing to Modbus register: A Modbus Exception Occurred - See Response Body
[2024-12-10T07:36:10.302Z] Error reading or processing Modbus registers: A Modbus Exception Occurred - See Response Body
[2024-12-10T07:36:10.305Z] Error reading register 6507 for IP 10.30.4.128: A Modbus Exception Occurred - See Response Body
[2024-12-10T07:36:10.306Z] Error reading actual data: A Modbus Exception Occurred - See Response Body
[2024-12-10T07:36:10.306Z] Error writing to Modbus register: A Modbus Exception Occurred - See Response Body
[2024-12-10T07:36:11.315Z] Error reading or processing Modbus registers: A Modbus Exception Occurred - See Response Body
[2024-12-10T07:36:11.317Z] Error reading register 6507 for IP 10.30.4.128: A Modbus Exception Occurred - See Response Body
[2024-12-10T07:36:11.318Z] Error reading actual data: A Modbus Exception Occurred - See Response Body
[2024-12-10T07:36:11.319Z] Error writing to Modbus register: A Modbus Exception Occurred - See Response Body
[2024-12-10T07:36:12.329Z] Error reading or processing Modbus registers: A Modbus Exception Occurred - See Response Body
[2024-12-10T07:36:12.332Z] Error reading register 6507 for IP 10.30.4.128: A Modbus Exception Occurred - See Response Body
[2024-12-10T07:36:12.333Z] Error reading actual data: A Modbus Exception Occurred - See Response Body
[2024-12-10T07:36:12.333Z] Error writing to Modbus register: A Modbus Exception Occurred - See Response Body
[2024-12-10T07:36:13.337Z] Error reading or processing Modbus registers: A Modbus Exception Occurred - See Response Body
[2024-12-10T07:36:13.340Z] Error reading register 6507 for IP 10.30.4.128: A Modbus Exception Occurred - See Response Body
[2024-12-10T07:36:13.341Z] Error reading actual data: A Modbus Exception Occurred - See Response Body
[2024-12-10T07:36:13.341Z] Error writing to Modbus register: A Modbus Exception Occurred - See Response Body
[2024-12-10T07:36:14.358Z] Error reading register 6507 for IP 10.30.4.128: A Modbus Exception Occurred - See Response Body
[2024-12-10T07:36:14.356Z] Error reading or processing Modbus registers: A Modbus Exception Occurred - See Response Body
[2024-12-10T07:36:14.359Z] Error reading actual data: A Modbus Exception Occurred - See Response Body
[2024-12-10T07:36:14.360Z] Error writing to Modbus register: A Modbus Exception Occurred - See Response Body
[2024-12-10T07:36:15.358Z] Error reading or processing Modbus registers: A Modbus Exception Occurred - See Response Body
[2024-12-10T07:36:15.361Z] Error reading register 6507 for IP 10.30.4.128: A Modbus Exception Occurred - See Response Body
[2024-12-10T07:36:15.362Z] Error reading actual data: A Modbus Exception Occurred - See Response Body
[2024-12-10T07:36:15.362Z] Error writing to Modbus register: A Modbus Exception Occurred - See Response Body
[2024-12-10T07:36:16.361Z] Error reading or processing Modbus registers: A Modbus Exception Occurred - See Response Body
[2024-12-10T07:36:16.363Z] Error reading register 6507 for IP 10.30.4.128: A Modbus Exception Occurred - See Response Body
[2024-12-10T07:36:16.364Z] Error reading actual data: A Modbus Exception Occurred - See Response Body
[2024-12-10T07:36:16.365Z] Error writing to Modbus register: A Modbus Exception Occurred - See Response Body
[2024-12-10T07:36:17.373Z] Error reading or processing Modbus registers: A Modbus Exception Occurred - See Response Body
[2024-12-10T07:36:17.376Z] Error reading register 6507 for IP 10.30.4.128: A Modbus Exception Occurred - See Response Body
[2024-12-10T07:36:17.377Z] Error reading actual data: A Modbus Exception Occurred - See Response Body
[2024-12-10T07:36:17.377Z] Error writing to Modbus register: A Modbus Exception Occurred - See Response Body
[2024-12-10T07:36:18.385Z] Error reading or processing Modbus registers: A Modbus Exception Occurred - See Response Body
[2024-12-10T07:36:18.388Z] Error reading register 6507 for IP 10.30.4.128: A Modbus Exception Occurred - See Response Body
[2024-12-10T07:36:18.388Z] Error reading actual data: A Modbus Exception Occurred - See Response Body
[2024-12-10T07:36:18.389Z] Error writing to Modbus register: A Modbus Exception Occurred - See Response Body
[2024-12-10T07:36:19.400Z] Error reading or processing Modbus registers: A Modbus Exception Occurred - See Response Body
[2024-12-10T07:36:19.402Z] Error reading register 6507 for IP 10.30.4.128: A Modbus Exception Occurred - See Response Body
[2024-12-10T07:36:19.403Z] Error reading actual data: A Modbus Exception Occurred - See Response Body
[2024-12-10T07:36:19.403Z] Error writing to Modbus register: A Modbus Exception Occurred - See Response Body
[2024-12-10T07:36:20.414Z] Error reading or processing Modbus registers: A Modbus Exception Occurred - See Response Body
[2024-12-10T07:36:20.416Z] Error reading register 6507 for IP 10.30.4.128: A Modbus Exception Occurred - See Response Body
[2024-12-10T07:36:20.417Z] Error reading actual data: A Modbus Exception Occurred - See Response Body
[2024-12-10T07:36:20.417Z] Error writing to Modbus register: A Modbus Exception Occurred - See Response Body
[2024-12-10T07:36:21.428Z] Error reading or processing Modbus registers: A Modbus Exception Occurred - See Response Body
[2024-12-10T07:36:21.430Z] Error reading register 6507 for IP 10.30.4.128: A Modbus Exception Occurred - See Response Body
[2024-12-10T07:36:21.431Z] Error reading actual data: A Modbus Exception Occurred - See Response Body
[2024-12-10T07:36:21.431Z] Error writing to Modbus register: A Modbus Exception Occurred - See Response Body
[2024-12-10T07:36:22.439Z] Error reading or processing Modbus registers: A Modbus Exception Occurred - See Response Body
[2024-12-10T07:36:22.442Z] Error reading register 6507 for IP 10.30.4.128: A Modbus Exception Occurred - See Response Body
[2024-12-10T07:36:22.444Z] Error reading actual data: A Modbus Exception Occurred - See Response Body
[2024-12-10T07:36:22.445Z] Error writing to Modbus register: A Modbus Exception Occurred - See Response Body
[2024-12-10T07:36:23.455Z] Error reading or processing Modbus registers: A Modbus Exception Occurred - See Response Body
[2024-12-10T07:36:23.457Z] Error reading register 6507 for IP 10.30.4.128: A Modbus Exception Occurred - See Response Body
[2024-12-10T07:36:23.458Z] Error reading actual data: A Modbus Exception Occurred - See Response Body
[2024-12-10T07:36:23.459Z] Error writing to Modbus register: A Modbus Exception Occurred - See Response Body
[2024-12-10T07:36:24.469Z] Error reading or processing Modbus registers: A Modbus Exception Occurred - See Response Body
[2024-12-10T07:36:24.472Z] Error reading register 6507 for IP 10.30.4.128: A Modbus Exception Occurred - See Response Body
[2024-12-10T07:36:24.473Z] Error reading actual data: A Modbus Exception Occurred - See Response Body
[2024-12-10T07:36:24.473Z] Error writing to Modbus register: A Modbus Exception Occurred - See Response Body
[2024-12-10T07:36:25.482Z] Error reading or processing Modbus registers: A Modbus Exception Occurred - See Response Body
[2024-12-10T07:36:25.484Z] Error reading register 6507 for IP 10.30.4.128: A Modbus Exception Occurred - See Response Body
[2024-12-10T07:36:25.485Z] Error reading actual data: A Modbus Exception Occurred - See Response Body
[2024-12-10T07:36:25.486Z] Error writing to Modbus register: A Modbus Exception Occurred - See Response Body
[2024-12-10T07:36:26.482Z] Error reading or processing Modbus registers: A Modbus Exception Occurred - See Response Body
[2024-12-10T07:36:26.484Z] Error reading register 6507 for IP 10.30.4.128: A Modbus Exception Occurred - See Response Body
[2024-12-10T07:36:26.485Z] Error reading actual data: A Modbus Exception Occurred - See Response Body
[2024-12-10T07:36:26.486Z] Error writing to Modbus register: A Modbus Exception Occurred - See Response Body
[2024-12-10T07:36:27.493Z] Error reading or processing Modbus registers: A Modbus Exception Occurred - See Response Body
[2024-12-10T07:36:27.496Z] Error reading register 6507 for IP 10.30.4.128: A Modbus Exception Occurred - See Response Body
[2024-12-10T07:36:27.497Z] Error reading actual data: A Modbus Exception Occurred - See Response Body
[2024-12-10T07:36:27.497Z] Error writing to Modbus register: A Modbus Exception Occurred - See Response Body
[2024-12-10T07:36:28.505Z] Error reading or processing Modbus registers: A Modbus Exception Occurred - See Response Body
[2024-12-10T07:36:28.508Z] Error reading register 6507 for IP 10.30.4.128: A Modbus Exception Occurred - See Response Body
[2024-12-10T07:36:28.509Z] Error reading actual data: A Modbus Exception Occurred - See Response Body
[2024-12-10T07:36:28.509Z] Error writing to Modbus register: A Modbus Exception Occurred - See Response Body
[2024-12-10T07:36:29.517Z] Error reading or processing Modbus registers: A Modbus Exception Occurred - See Response Body
[2024-12-10T07:36:29.519Z] Error reading register 6507 for IP 10.30.4.128: A Modbus Exception Occurred - See Response Body
[2024-12-10T07:36:29.520Z] Error reading actual data: A Modbus Exception Occurred - See Response Body
[2024-12-10T07:36:29.520Z] Error writing to Modbus register: A Modbus Exception Occurred - See Response Body
[2024-12-10T07:36:30.530Z] Error reading or processing Modbus registers: A Modbus Exception Occurred - See Response Body
[2024-12-10T07:36:30.533Z] Error reading register 6507 for IP 10.30.4.128: A Modbus Exception Occurred - See Response Body
[2024-12-10T07:36:30.534Z] Error reading actual data: A Modbus Exception Occurred - See Response Body
[2024-12-10T07:36:30.535Z] Error writing to Modbus register: A Modbus Exception Occurred - See Response Body
[2024-12-10T07:36:31.543Z] Error reading or processing Modbus registers: A Modbus Exception Occurred - See Response Body
[2024-12-10T07:36:31.546Z] Error reading register 6507 for IP 10.30.4.128: A Modbus Exception Occurred - See Response Body
[2024-12-10T07:36:31.546Z] Error reading actual data: A Modbus Exception Occurred - See Response Body
[2024-12-10T07:36:31.547Z] Error writing to Modbus register: A Modbus Exception Occurred - See Response Body
[2024-12-10T07:36:32.558Z] Error reading or processing Modbus registers: A Modbus Exception Occurred - See Response Body
[2024-12-10T07:36:32.560Z] Error reading register 6507 for IP 10.30.4.128: A Modbus Exception Occurred - See Response Body
[2024-12-10T07:36:32.561Z] Error reading actual data: A Modbus Exception Occurred - See Response Body
[2024-12-10T07:36:32.561Z] Error writing to Modbus register: A Modbus Exception Occurred - See Response Body
[2024-12-10T07:36:33.570Z] Error reading or processing Modbus registers: A Modbus Exception Occurred - See Response Body
[2024-12-10T07:36:33.572Z] Error reading register 6507 for IP 10.30.4.128: A Modbus Exception Occurred - See Response Body
[2024-12-10T07:36:33.573Z] Error reading actual data: A Modbus Exception Occurred - See Response Body
[2024-12-10T07:36:33.573Z] Error writing to Modbus register: A Modbus Exception Occurred - See Response Body
[2024-12-10T07:36:34.584Z] Error reading or processing Modbus registers: A Modbus Exception Occurred - See Response Body
[2024-12-10T07:36:34.586Z] Error reading register 6507 for IP 10.30.4.128: A Modbus Exception Occurred - See Response Body
[2024-12-10T07:36:34.587Z] Error reading actual data: A Modbus Exception Occurred - See Response Body
[2024-12-10T07:36:34.587Z] Error writing to Modbus register: A Modbus Exception Occurred - See Response Body
[2024-12-10T07:36:35.598Z] Error reading or processing Modbus registers: A Modbus Exception Occurred - See Response Body
[2024-12-10T07:36:35.600Z] Error reading register 6507 for IP 10.30.4.128: A Modbus Exception Occurred - See Response Body
[2024-12-10T07:36:35.601Z] Error reading actual data: A Modbus Exception Occurred - See Response Body
[2024-12-10T07:36:35.601Z] Error writing to Modbus register: A Modbus Exception Occurred - See Response Body
[2024-12-10T07:36:36.598Z] Error reading or processing Modbus registers: A Modbus Exception Occurred - See Response Body
[2024-12-10T07:36:36.601Z] Error reading register 6507 for IP 10.30.4.128: A Modbus Exception Occurred - See Response Body
[2024-12-10T07:36:36.601Z] Error reading actual data: A Modbus Exception Occurred - See Response Body
[2024-12-10T07:36:36.602Z] Error writing to Modbus register: A Modbus Exception Occurred - See Response Body
[2024-12-10T07:36:37.611Z] Error reading or processing Modbus registers: A Modbus Exception Occurred - See Response Body
[2024-12-10T07:36:37.613Z] Error reading register 6507 for IP 10.30.4.128: A Modbus Exception Occurred - See Response Body
[2024-12-10T07:36:37.614Z] Error reading actual data: A Modbus Exception Occurred - See Response Body
[2024-12-10T07:36:37.615Z] Error writing to Modbus register: A Modbus Exception Occurred - See Response Body
[2024-12-10T07:36:38.625Z] Error reading or processing Modbus registers: A Modbus Exception Occurred - See Response Body
[2024-12-10T07:36:38.628Z] Error reading register 6507 for IP 10.30.4.128: A Modbus Exception Occurred - See Response Body
[2024-12-10T07:36:38.628Z] Error reading actual data: A Modbus Exception Occurred - See Response Body
[2024-12-10T07:36:38.629Z] Error writing to Modbus register: A Modbus Exception Occurred - See Response Body
[2024-12-10T07:36:39.627Z] Error reading or processing Modbus registers: A Modbus Exception Occurred - See Response Body
[2024-12-10T07:36:39.629Z] Error reading register 6507 for IP 10.30.4.128: A Modbus Exception Occurred - See Response Body
[2024-12-10T07:36:39.630Z] Error reading actual data: A Modbus Exception Occurred - See Response Body
[2024-12-10T07:36:39.630Z] Error writing to Modbus register: A Modbus Exception Occurred - See Response Body
[2024-12-10T07:36:40.639Z] Error reading or processing Modbus registers: A Modbus Exception Occurred - See Response Body
[2024-12-10T07:36:40.642Z] Error reading register 6507 for IP 10.30.4.128: A Modbus Exception Occurred - See Response Body
[2024-12-10T07:36:40.642Z] Error reading actual data: A Modbus Exception Occurred - See Response Body
[2024-12-10T07:36:40.643Z] Error writing to Modbus register: A Modbus Exception Occurred - See Response Body
[2024-12-10T07:36:41.650Z] Error reading or processing Modbus registers: A Modbus Exception Occurred - See Response Body
[2024-12-10T07:36:41.653Z] Error reading register 6507 for IP 10.30.4.128: A Modbus Exception Occurred - See Response Body
[2024-12-10T07:36:41.654Z] Error reading actual data: A Modbus Exception Occurred - See Response Body
[2024-12-10T07:36:41.654Z] Error writing to Modbus register: A Modbus Exception Occurred - See Response Body
[2024-12-10T07:36:42.650Z] Error reading or processing Modbus registers: A Modbus Exception Occurred - See Response Body
[2024-12-10T07:36:42.653Z] Error reading register 6507 for IP 10.30.4.128: A Modbus Exception Occurred - See Response Body
[2024-12-10T07:36:42.654Z] Error reading actual data: A Modbus Exception Occurred - See Response Body
[2024-12-10T07:36:42.654Z] Error writing to Modbus register: A Modbus Exception Occurred - See Response Body
[2024-12-10T07:36:43.664Z] Error reading or processing Modbus registers: A Modbus Exception Occurred - See Response Body
[2024-12-10T07:36:43.666Z] Error reading register 6507 for IP 10.30.4.128: A Modbus Exception Occurred - See Response Body
[2024-12-10T07:36:43.667Z] Error reading actual data: A Modbus Exception Occurred - See Response Body
[2024-12-10T07:36:43.668Z] Error writing to Modbus register: A Modbus Exception Occurred - See Response Body
[2024-12-10T07:36:44.676Z] Error reading or processing Modbus registers: A Modbus Exception Occurred - See Response Body
[2024-12-10T07:36:44.679Z] Error reading register 6507 for IP 10.30.4.128: A Modbus Exception Occurred - See Response Body
[2024-12-10T07:36:44.680Z] Error reading actual data: A Modbus Exception Occurred - See Response Body
[2024-12-10T07:36:44.681Z] Error writing to Modbus register: A Modbus Exception Occurred - See Response Body
[2024-12-10T07:36:45.678Z] Error reading or processing Modbus registers: A Modbus Exception Occurred - See Response Body
[2024-12-10T07:36:45.681Z] Error reading register 6507 for IP 10.30.4.128: A Modbus Exception Occurred - See Response Body
[2024-12-10T07:36:45.682Z] Error reading actual data: A Modbus Exception Occurred - See Response Body
[2024-12-10T07:36:45.682Z] Error writing to Modbus register: A Modbus Exception Occurred - See Response Body
[2024-12-10T07:36:46.694Z] Error reading or processing Modbus registers: A Modbus Exception Occurred - See Response Body
[2024-12-10T07:36:46.696Z] Error reading register 6507 for IP 10.30.4.128: A Modbus Exception Occurred - See Response Body
[2024-12-10T07:36:46.697Z] Error reading actual data: A Modbus Exception Occurred - See Response Body
[2024-12-10T07:36:46.697Z] Error writing to Modbus register: A Modbus Exception Occurred - See Response Body
[2024-12-10T07:36:47.705Z] Error reading or processing Modbus registers: A Modbus Exception Occurred - See Response Body
[2024-12-10T07:36:47.708Z] Error reading register 6507 for IP 10.30.4.128: A Modbus Exception Occurred - See Response Body
[2024-12-10T07:36:47.709Z] Error reading actual data: A Modbus Exception Occurred - See Response Body
[2024-12-10T07:36:47.709Z] Error writing to Modbus register: A Modbus Exception Occurred - See Response Body
[2024-12-10T07:36:48.706Z] Error reading or processing Modbus registers: A Modbus Exception Occurred - See Response Body
[2024-12-10T07:36:48.708Z] Error reading register 6507 for IP 10.30.4.128: A Modbus Exception Occurred - See Response Body
[2024-12-10T07:36:48.709Z] Error reading actual data: A Modbus Exception Occurred - See Response Body
[2024-12-10T07:36:48.709Z] Error writing to Modbus register: A Modbus Exception Occurred - See Response Body
[2024-12-10T07:36:49.718Z] Error reading or processing Modbus registers: A Modbus Exception Occurred - See Response Body
[2024-12-10T07:36:49.720Z] Error reading register 6507 for IP 10.30.4.128: A Modbus Exception Occurred - See Response Body
[2024-12-10T07:36:49.721Z] Error reading actual data: A Modbus Exception Occurred - See Response Body
[2024-12-10T07:36:49.722Z] Error writing to Modbus register: A Modbus Exception Occurred - See Response Body
[2024-12-10T07:36:50.720Z] Error reading or processing Modbus registers: A Modbus Exception Occurred - See Response Body
[2024-12-10T07:36:50.723Z] Error reading register 6507 for IP 10.30.4.128: A Modbus Exception Occurred - See Response Body
[2024-12-10T07:36:50.723Z] Error reading actual data: A Modbus Exception Occurred - See Response Body
[2024-12-10T07:36:50.724Z] Error writing to Modbus register: A Modbus Exception Occurred - See Response Body
[2024-12-10T07:36:51.735Z] Error reading or processing Modbus registers: A Modbus Exception Occurred - See Response Body
[2024-12-10T07:36:51.738Z] Error reading register 6507 for IP 10.30.4.128: A Modbus Exception Occurred - See Response Body
[2024-12-10T07:36:51.739Z] Error reading actual data: A Modbus Exception Occurred - See Response Body
[2024-12-10T07:36:51.740Z] Error writing to Modbus register: A Modbus Exception Occurred - See Response Body
[2024-12-10T07:36:52.746Z] Error reading or processing Modbus registers: A Modbus Exception Occurred - See Response Body
[2024-12-10T07:36:52.751Z] Error reading register 6507 for IP 10.30.4.128: A Modbus Exception Occurred - See Response Body
[2024-12-10T07:36:52.752Z] Error reading actual data: A Modbus Exception Occurred - See Response Body
[2024-12-10T07:36:52.752Z] Error writing to Modbus register: A Modbus Exception Occurred - See Response Body
[2024-12-10T07:36:53.747Z] Error reading or processing Modbus registers: A Modbus Exception Occurred - See Response Body
[2024-12-10T07:36:53.752Z] Error reading register 6507 for IP 10.30.4.128: A Modbus Exception Occurred - See Response Body
[2024-12-10T07:36:53.753Z] Error reading actual data: A Modbus Exception Occurred - See Response Body
[2024-12-10T07:36:53.754Z] Error writing to Modbus register: A Modbus Exception Occurred - See Response Body
[2024-12-10T07:36:54.759Z] Error reading or processing Modbus registers: A Modbus Exception Occurred - See Response Body
[2024-12-10T07:36:54.761Z] Error reading register 6507 for IP 10.30.4.128: A Modbus Exception Occurred - See Response Body
[2024-12-10T07:36:54.762Z] Error reading actual data: A Modbus Exception Occurred - See Response Body
[2024-12-10T07:36:54.762Z] Error writing to Modbus register: A Modbus Exception Occurred - See Response Body
[2024-12-10T07:36:55.772Z] Error reading or processing Modbus registers: A Modbus Exception Occurred - See Response Body
[2024-12-10T07:36:55.774Z] Error reading register 6507 for IP 10.30.4.128: A Modbus Exception Occurred - See Response Body
[2024-12-10T07:36:55.775Z] Error reading actual data: A Modbus Exception Occurred - See Response Body
[2024-12-10T07:36:55.775Z] Error writing to Modbus register: A Modbus Exception Occurred - See Response Body
[2024-12-10T07:36:56.783Z] Error reading or processing Modbus registers: A Modbus Exception Occurred - See Response Body
[2024-12-10T07:36:56.785Z] Error reading register 6507 for IP 10.30.4.128: A Modbus Exception Occurred - See Response Body
[2024-12-10T07:36:56.786Z] Error reading actual data: A Modbus Exception Occurred - See Response Body
[2024-12-10T07:36:56.786Z] Error writing to Modbus register: A Modbus Exception Occurred - See Response Body
[2024-12-10T07:36:57.794Z] Error reading or processing Modbus registers: A Modbus Exception Occurred - See Response Body
[2024-12-10T07:36:57.796Z] Error reading register 6507 for IP 10.30.4.128: A Modbus Exception Occurred - See Response Body
[2024-12-10T07:36:57.796Z] Error reading actual data: A Modbus Exception Occurred - See Response Body
[2024-12-10T07:36:57.797Z] Error writing to Modbus register: A Modbus Exception Occurred - See Response Body
[2024-12-10T07:36:58.806Z] Error reading or processing Modbus registers: A Modbus Exception Occurred - See Response Body
[2024-12-10T07:36:58.809Z] Error reading register 6507 for IP 10.30.4.128: A Modbus Exception Occurred - See Response Body
[2024-12-10T07:36:58.809Z] Error reading actual data: A Modbus Exception Occurred - See Response Body
[2024-12-10T07:36:58.810Z] Error writing to Modbus register: A Modbus Exception Occurred - See Response Body
[2024-12-10T07:36:59.806Z] Error reading or processing Modbus registers: A Modbus Exception Occurred - See Response Body
[2024-12-10T07:36:59.808Z] Error reading register 6507 for IP 10.30.4.128: A Modbus Exception Occurred - See Response Body
[2024-12-10T07:36:59.808Z] Error reading actual data: A Modbus Exception Occurred - See Response Body
[2024-12-10T07:36:59.809Z] Error writing to Modbus register: A Modbus Exception Occurred - See Response Body
[2024-12-10T07:37:00.819Z] Error reading or processing Modbus registers: A Modbus Exception Occurred - See Response Body
[2024-12-10T07:37:00.823Z] Error reading register 6507 for IP 10.30.4.128: A Modbus Exception Occurred - See Response Body
[2024-12-10T07:37:00.824Z] Error reading actual data: A Modbus Exception Occurred - See Response Body
[2024-12-10T07:37:00.825Z] Error writing to Modbus register: A Modbus Exception Occurred - See Response Body
[2024-12-10T07:37:01.832Z] Error reading or processing Modbus registers: A Modbus Exception Occurred - See Response Body
[2024-12-10T07:37:01.834Z] Error reading register 6507 for IP 10.30.4.128: A Modbus Exception Occurred - See Response Body
[2024-12-10T07:37:01.835Z] Error reading actual data: A Modbus Exception Occurred - See Response Body
[2024-12-10T07:37:01.836Z] Error writing to Modbus register: A Modbus Exception Occurred - See Response Body
[2024-12-10T07:37:02.833Z] Error reading or processing Modbus registers: A Modbus Exception Occurred - See Response Body
[2024-12-10T07:37:02.835Z] Error reading register 6507 for IP 10.30.4.128: A Modbus Exception Occurred - See Response Body
[2024-12-10T07:37:02.836Z] Error reading actual data: A Modbus Exception Occurred - See Response Body
[2024-12-10T07:37:02.837Z] Error writing to Modbus register: A Modbus Exception Occurred - See Response Body
[2024-12-10T07:37:03.846Z] Error reading or processing Modbus registers: A Modbus Exception Occurred - See Response Body
[2024-12-10T07:37:03.848Z] Error reading register 6507 for IP 10.30.4.128: A Modbus Exception Occurred - See Response Body
[2024-12-10T07:37:03.849Z] Error reading actual data: A Modbus Exception Occurred - See Response Body
[2024-12-10T07:37:03.849Z] Error writing to Modbus register: A Modbus Exception Occurred - See Response Body
[2024-12-10T07:37:04.858Z] Error reading or processing Modbus registers: A Modbus Exception Occurred - See Response Body
[2024-12-10T07:37:04.860Z] Error reading register 6507 for IP 10.30.4.128: A Modbus Exception Occurred - See Response Body
[2024-12-10T07:37:04.861Z] Error reading actual data: A Modbus Exception Occurred - See Response Body
[2024-12-10T07:37:04.862Z] Error writing to Modbus register: A Modbus Exception Occurred - See Response Body
[2024-12-10T07:37:05.873Z] Error reading or processing Modbus registers: A Modbus Exception Occurred - See Response Body
[2024-12-10T07:37:05.875Z] Error reading register 6507 for IP 10.30.4.128: A Modbus Exception Occurred - See Response Body
[2024-12-10T07:37:05.876Z] Error reading actual data: A Modbus Exception Occurred - See Response Body
[2024-12-10T07:37:05.876Z] Error writing to Modbus register: A Modbus Exception Occurred - See Response Body
[2024-12-10T07:37:06.874Z] Error reading or processing Modbus registers: A Modbus Exception Occurred - See Response Body
[2024-12-10T07:37:06.876Z] Error reading register 6507 for IP 10.30.4.128: A Modbus Exception Occurred - See Response Body
[2024-12-10T07:37:06.877Z] Error reading actual data: A Modbus Exception Occurred - See Response Body
[2024-12-10T07:37:06.878Z] Error writing to Modbus register: A Modbus Exception Occurred - See Response Body
[2024-12-10T07:37:07.884Z] Error reading or processing Modbus registers: A Modbus Exception Occurred - See Response Body
[2024-12-10T07:37:07.887Z] Error reading register 6507 for IP 10.30.4.128: A Modbus Exception Occurred - See Response Body
[2024-12-10T07:37:07.888Z] Error reading actual data: A Modbus Exception Occurred - See Response Body
[2024-12-10T07:37:07.888Z] Error writing to Modbus register: A Modbus Exception Occurred - See Response Body
[2024-12-10T07:37:08.895Z] Error reading or processing Modbus registers: A Modbus Exception Occurred - See Response Body
[2024-12-10T07:37:08.897Z] Error reading register 6507 for IP 10.30.4.128: A Modbus Exception Occurred - See Response Body
[2024-12-10T07:37:08.898Z] Error reading actual data: A Modbus Exception Occurred - See Response Body
[2024-12-10T07:37:08.899Z] Error writing to Modbus register: A Modbus Exception Occurred - See Response Body
[2024-12-10T07:37:09.895Z] Error reading or processing Modbus registers: A Modbus Exception Occurred - See Response Body
[2024-12-10T07:37:09.898Z] Error reading register 6507 for IP 10.30.4.128: A Modbus Exception Occurred - See Response Body
[2024-12-10T07:37:09.899Z] Error reading actual data: A Modbus Exception Occurred - See Response Body
[2024-12-10T07:37:09.900Z] Error writing to Modbus register: A Modbus Exception Occurred - See Response Body
[2024-12-10T07:37:10.910Z] Error reading or processing Modbus registers: A Modbus Exception Occurred - See Response Body
[2024-12-10T07:37:10.913Z] Error reading register 6507 for IP 10.30.4.128: A Modbus Exception Occurred - See Response Body
[2024-12-10T07:37:10.913Z] Error reading actual data: A Modbus Exception Occurred - See Response Body
[2024-12-10T07:37:10.914Z] Error writing to Modbus register: A Modbus Exception Occurred - See Response Body
[2024-12-10T07:37:11.910Z] Error reading or processing Modbus registers: A Modbus Exception Occurred - See Response Body
[2024-12-10T07:37:11.913Z] Error reading register 6507 for IP 10.30.4.128: A Modbus Exception Occurred - See Response Body
[2024-12-10T07:37:11.914Z] Error reading actual data: A Modbus Exception Occurred - See Response Body
[2024-12-10T07:37:11.914Z] Error writing to Modbus register: A Modbus Exception Occurred - See Response Body
[2024-12-10T07:37:12.924Z] Error reading or processing Modbus registers: A Modbus Exception Occurred - See Response Body
[2024-12-10T07:37:12.926Z] Error reading register 6507 for IP 10.30.4.128: A Modbus Exception Occurred - See Response Body
[2024-12-10T07:37:12.927Z] Error reading actual data: A Modbus Exception Occurred - See Response Body
[2024-12-10T07:37:12.928Z] Error writing to Modbus register: A Modbus Exception Occurred - See Response Body
[2024-12-10T07:37:13.937Z] Error reading or processing Modbus registers: A Modbus Exception Occurred - See Response Body
[2024-12-10T07:37:13.940Z] Error reading register 6507 for IP 10.30.4.128: A Modbus Exception Occurred - See Response Body
[2024-12-10T07:37:13.940Z] Error reading actual data: A Modbus Exception Occurred - See Response Body
[2024-12-10T07:37:13.941Z] Error writing to Modbus register: A Modbus Exception Occurred - See Response Body
[2024-12-10T07:37:14.952Z] Error reading or processing Modbus registers: A Modbus Exception Occurred - See Response Body
[2024-12-10T07:37:14.955Z] Error reading register 6507 for IP 10.30.4.128: A Modbus Exception Occurred - See Response Body
[2024-12-10T07:37:14.955Z] Error reading actual data: A Modbus Exception Occurred - See Response Body
[2024-12-10T07:37:14.956Z] Error writing to Modbus register: A Modbus Exception Occurred - See Response Body
[2024-12-10T07:37:15.954Z] Error reading or processing Modbus registers: A Modbus Exception Occurred - See Response Body
[2024-12-10T07:37:15.957Z] Error reading register 6507 for IP 10.30.4.128: A Modbus Exception Occurred - See Response Body
[2024-12-10T07:37:15.958Z] Error reading actual data: A Modbus Exception Occurred - See Response Body
[2024-12-10T07:37:15.958Z] Error writing to Modbus register: A Modbus Exception Occurred - See Response Body
[2024-12-10T07:37:16.965Z] Error reading or processing Modbus registers: A Modbus Exception Occurred - See Response Body
[2024-12-10T07:37:16.968Z] Error reading register 6507 for IP 10.30.4.128: A Modbus Exception Occurred - See Response Body
[2024-12-10T07:37:16.968Z] Error reading actual data: A Modbus Exception Occurred - See Response Body
[2024-12-10T07:37:16.972Z] Error writing to Modbus register: A Modbus Exception Occurred - See Response Body
[2024-12-10T07:37:17.979Z] Error reading or processing Modbus registers: A Modbus Exception Occurred - See Response Body
[2024-12-10T07:37:17.981Z] Error reading register 6507 for IP 10.30.4.128: A Modbus Exception Occurred - See Response Body
[2024-12-10T07:37:17.982Z] Error reading actual data: A Modbus Exception Occurred - See Response Body
[2024-12-10T07:37:17.982Z] Error writing to Modbus register: A Modbus Exception Occurred - See Response Body
[2024-12-10T07:37:18.981Z] Error reading or processing Modbus registers: A Modbus Exception Occurred - See Response Body
[2024-12-10T07:37:18.983Z] Error reading register 6507 for IP 10.30.4.128: A Modbus Exception Occurred - See Response Body
[2024-12-10T07:37:18.983Z] Error reading actual data: A Modbus Exception Occurred - See Response Body
[2024-12-10T07:37:18.984Z] Error writing to Modbus register: A Modbus Exception Occurred - See Response Body
[2024-12-10T07:37:19.992Z] Error reading or processing Modbus registers: A Modbus Exception Occurred - See Response Body
[2024-12-10T07:37:19.995Z] Error reading register 6507 for IP 10.30.4.128: A Modbus Exception Occurred - See Response Body
[2024-12-10T07:37:19.995Z] Error reading actual data: A Modbus Exception Occurred - See Response Body
[2024-12-10T07:37:19.996Z] Error writing to Modbus register: A Modbus Exception Occurred - See Response Body
[2024-12-10T07:37:20.993Z] Error reading or processing Modbus registers: A Modbus Exception Occurred - See Response Body
[2024-12-10T07:37:20.995Z] Error reading register 6507 for IP 10.30.4.128: A Modbus Exception Occurred - See Response Body
[2024-12-10T07:37:20.996Z] Error reading actual data: A Modbus Exception Occurred - See Response Body
[2024-12-10T07:37:20.996Z] Error writing to Modbus register: A Modbus Exception Occurred - See Response Body
[2024-12-10T07:37:22.007Z] Error reading or processing Modbus registers: A Modbus Exception Occurred - See Response Body
[2024-12-10T07:37:22.009Z] Error reading register 6507 for IP 10.30.4.128: A Modbus Exception Occurred - See Response Body
[2024-12-10T07:37:22.011Z] Error reading actual data: A Modbus Exception Occurred - See Response Body
[2024-12-10T07:37:22.011Z] Error writing to Modbus register: A Modbus Exception Occurred - See Response Body
[2024-12-10T07:37:23.007Z] Error reading or processing Modbus registers: A Modbus Exception Occurred - See Response Body
[2024-12-10T07:37:23.009Z] Error reading register 6507 for IP 10.30.4.128: A Modbus Exception Occurred - See Response Body
[2024-12-10T07:37:23.011Z] Error reading actual data: A Modbus Exception Occurred - See Response Body
[2024-12-10T07:37:23.012Z] Error writing to Modbus register: A Modbus Exception Occurred - See Response Body
[2024-12-10T07:37:24.020Z] Error reading or processing Modbus registers: A Modbus Exception Occurred - See Response Body
[2024-12-10T07:37:24.022Z] Error reading register 6507 for IP 10.30.4.128: A Modbus Exception Occurred - See Response Body
[2024-12-10T07:37:24.023Z] Error reading actual data: A Modbus Exception Occurred - See Response Body
[2024-12-10T07:37:24.024Z] Error writing to Modbus register: A Modbus Exception Occurred - See Response Body
[2024-12-10T07:37:25.031Z] Error reading or processing Modbus registers: A Modbus Exception Occurred - See Response Body
[2024-12-10T07:37:25.034Z] Error reading register 6507 for IP 10.30.4.128: A Modbus Exception Occurred - See Response Body
[2024-12-10T07:37:25.034Z] Error reading actual data: A Modbus Exception Occurred - See Response Body
[2024-12-10T07:37:25.035Z] Error writing to Modbus register: A Modbus Exception Occurred - See Response Body
[2024-12-10T07:37:26.032Z] Error reading or processing Modbus registers: A Modbus Exception Occurred - See Response Body
[2024-12-10T07:37:26.035Z] Error reading register 6507 for IP 10.30.4.128: A Modbus Exception Occurred - See Response Body
[2024-12-10T07:37:26.035Z] Error reading actual data: A Modbus Exception Occurred - See Response Body
[2024-12-10T07:37:26.036Z] Error writing to Modbus register: A Modbus Exception Occurred - See Response Body
[2024-12-10T07:37:27.043Z] Error reading or processing Modbus registers: A Modbus Exception Occurred - See Response Body
[2024-12-10T07:37:27.046Z] Error reading register 6507 for IP 10.30.4.128: A Modbus Exception Occurred - See Response Body
[2024-12-10T07:37:27.046Z] Error reading actual data: A Modbus Exception Occurred - See Response Body
[2024-12-10T07:37:27.047Z] Error writing to Modbus register: A Modbus Exception Occurred - See Response Body
[2024-12-10T07:37:28.057Z] Error reading or processing Modbus registers: A Modbus Exception Occurred - See Response Body
[2024-12-10T07:37:28.060Z] Error reading register 6507 for IP 10.30.4.128: A Modbus Exception Occurred - See Response Body
[2024-12-10T07:37:28.061Z] Error reading actual data: A Modbus Exception Occurred - See Response Body
[2024-12-10T07:37:28.061Z] Error writing to Modbus register: A Modbus Exception Occurred - See Response Body
[2024-12-10T07:37:29.059Z] Error reading or processing Modbus registers: A Modbus Exception Occurred - See Response Body
[2024-12-10T07:37:29.062Z] Error reading register 6507 for IP 10.30.4.128: A Modbus Exception Occurred - See Response Body
[2024-12-10T07:37:29.063Z] Error reading actual data: A Modbus Exception Occurred - See Response Body
[2024-12-10T07:37:29.063Z] Error writing to Modbus register: A Modbus Exception Occurred - See Response Body
[2024-12-10T07:37:30.071Z] Error reading or processing Modbus registers: A Modbus Exception Occurred - See Response Body
[2024-12-10T07:37:30.074Z] Error reading register 6507 for IP 10.30.4.128: A Modbus Exception Occurred - See Response Body
[2024-12-10T07:37:30.075Z] Error reading actual data: A Modbus Exception Occurred - See Response Body
[2024-12-10T07:37:30.075Z] Error writing to Modbus register: A Modbus Exception Occurred - See Response Body
[2024-12-10T07:37:31.073Z] Error reading or processing Modbus registers: A Modbus Exception Occurred - See Response Body
[2024-12-10T07:37:31.076Z] Error reading register 6507 for IP 10.30.4.128: A Modbus Exception Occurred - See Response Body
[2024-12-10T07:37:31.077Z] Error reading actual data: A Modbus Exception Occurred - See Response Body
[2024-12-10T07:37:31.078Z] Error writing to Modbus register: A Modbus Exception Occurred - See Response Body
[2024-12-10T07:37:32.086Z] Error reading or processing Modbus registers: A Modbus Exception Occurred - See Response Body
[2024-12-10T07:37:32.088Z] Error reading register 6507 for IP 10.30.4.128: A Modbus Exception Occurred - See Response Body
[2024-12-10T07:37:32.089Z] Error reading actual data: A Modbus Exception Occurred - See Response Body
[2024-12-10T07:37:32.089Z] Error writing to Modbus register: A Modbus Exception Occurred - See Response Body
[2024-12-10T07:37:33.086Z] Error reading or processing Modbus registers: A Modbus Exception Occurred - See Response Body
[2024-12-10T07:37:33.089Z] Error reading register 6507 for IP 10.30.4.128: A Modbus Exception Occurred - See Response Body
[2024-12-10T07:37:33.090Z] Error reading actual data: A Modbus Exception Occurred - See Response Body
[2024-12-10T07:37:33.090Z] Error writing to Modbus register: A Modbus Exception Occurred - See Response Body
[2024-12-10T07:37:34.101Z] Error reading or processing Modbus registers: A Modbus Exception Occurred - See Response Body
[2024-12-10T07:37:34.104Z] Error reading register 6507 for IP 10.30.4.128: A Modbus Exception Occurred - See Response Body
[2024-12-10T07:37:34.105Z] Error reading actual data: A Modbus Exception Occurred - See Response Body
[2024-12-10T07:37:34.106Z] Error writing to Modbus register: A Modbus Exception Occurred - See Response Body
[2024-12-10T07:37:35.115Z] Error reading or processing Modbus registers: A Modbus Exception Occurred - See Response Body
[2024-12-10T07:37:35.118Z] Error reading register 6507 for IP 10.30.4.128: A Modbus Exception Occurred - See Response Body
[2024-12-10T07:37:35.119Z] Error reading actual data: A Modbus Exception Occurred - See Response Body
[2024-12-10T07:37:35.120Z] Error writing to Modbus register: A Modbus Exception Occurred - See Response Body
[2024-12-10T07:37:36.115Z] Error reading or processing Modbus registers: A Modbus Exception Occurred - See Response Body
[2024-12-10T07:37:36.118Z] Error reading register 6507 for IP 10.30.4.128: A Modbus Exception Occurred - See Response Body
[2024-12-10T07:37:36.119Z] Error reading actual data: A Modbus Exception Occurred - See Response Body
[2024-12-10T07:37:36.119Z] Error writing to Modbus register: A Modbus Exception Occurred - See Response Body
[2024-12-10T07:37:37.127Z] Error reading or processing Modbus registers: A Modbus Exception Occurred - See Response Body
[2024-12-10T07:37:37.129Z] Error reading register 6507 for IP 10.30.4.128: A Modbus Exception Occurred - See Response Body
[2024-12-10T07:37:37.130Z] Error reading actual data: A Modbus Exception Occurred - See Response Body
[2024-12-10T07:37:37.131Z] Error writing to Modbus register: A Modbus Exception Occurred - See Response Body
[2024-12-10T07:37:38.130Z] Error reading or processing Modbus registers: A Modbus Exception Occurred - See Response Body
[2024-12-10T07:37:38.133Z] Error reading register 6507 for IP 10.30.4.128: A Modbus Exception Occurred - See Response Body
[2024-12-10T07:37:38.134Z] Error reading actual data: A Modbus Exception Occurred - See Response Body
[2024-12-10T07:37:38.134Z] Error writing to Modbus register: A Modbus Exception Occurred - See Response Body
[2024-12-10T07:37:39.133Z] Error reading or processing Modbus registers: A Modbus Exception Occurred - See Response Body
[2024-12-10T07:37:39.138Z] Error reading register 6507 for IP 10.30.4.128: A Modbus Exception Occurred - See Response Body
[2024-12-10T07:37:39.139Z] Error reading actual data: A Modbus Exception Occurred - See Response Body
[2024-12-10T07:37:39.139Z] Error writing to Modbus register: A Modbus Exception Occurred - See Response Body
[2024-12-10T07:37:40.145Z] Error reading or processing Modbus registers: A Modbus Exception Occurred - See Response Body
[2024-12-10T07:37:40.147Z] Error reading register 6507 for IP 10.30.4.128: A Modbus Exception Occurred - See Response Body
[2024-12-10T07:37:40.148Z] Error reading actual data: A Modbus Exception Occurred - See Response Body
[2024-12-10T07:37:40.148Z] Error writing to Modbus register: A Modbus Exception Occurred - See Response Body
[2024-12-10T07:37:41.145Z] Error reading or processing Modbus registers: A Modbus Exception Occurred - See Response Body
[2024-12-10T07:37:41.148Z] Error reading register 6507 for IP 10.30.4.128: A Modbus Exception Occurred - See Response Body
[2024-12-10T07:37:41.149Z] Error reading actual data: A Modbus Exception Occurred - See Response Body
[2024-12-10T07:37:41.149Z] Error writing to Modbus register: A Modbus Exception Occurred - See Response Body
[2024-12-10T07:37:42.157Z] Error reading or processing Modbus registers: A Modbus Exception Occurred - See Response Body
[2024-12-10T07:37:42.159Z] Error reading register 6507 for IP 10.30.4.128: A Modbus Exception Occurred - See Response Body
[2024-12-10T07:37:42.159Z] Error reading actual data: A Modbus Exception Occurred - See Response Body
[2024-12-10T07:37:42.160Z] Error writing to Modbus register: A Modbus Exception Occurred - See Response Body
[2024-12-10T07:37:43.158Z] Error reading or processing Modbus registers: A Modbus Exception Occurred - See Response Body
[2024-12-10T07:37:43.160Z] Error reading register 6507 for IP 10.30.4.128: A Modbus Exception Occurred - See Response Body
[2024-12-10T07:37:43.161Z] Error reading actual data: A Modbus Exception Occurred - See Response Body
[2024-12-10T07:37:43.161Z] Error writing to Modbus register: A Modbus Exception Occurred - See Response Body
[2024-12-10T07:37:44.171Z] Error reading or processing Modbus registers: A Modbus Exception Occurred - See Response Body
[2024-12-10T07:37:44.174Z] Error reading register 6507 for IP 10.30.4.128: A Modbus Exception Occurred - See Response Body
[2024-12-10T07:37:44.174Z] Error reading actual data: A Modbus Exception Occurred - See Response Body
[2024-12-10T07:37:44.175Z] Error writing to Modbus register: A Modbus Exception Occurred - See Response Body
[2024-12-10T07:37:45.185Z] Error reading or processing Modbus registers: A Modbus Exception Occurred - See Response Body
[2024-12-10T07:37:45.187Z] Error reading register 6507 for IP 10.30.4.128: A Modbus Exception Occurred - See Response Body
[2024-12-10T07:37:45.188Z] Error reading actual data: A Modbus Exception Occurred - See Response Body
[2024-12-10T07:37:45.189Z] Error writing to Modbus register: A Modbus Exception Occurred - See Response Body
[2024-12-10T07:37:46.186Z] Error reading or processing Modbus registers: A Modbus Exception Occurred - See Response Body
[2024-12-10T07:37:46.189Z] Error reading register 6507 for IP 10.30.4.128: A Modbus Exception Occurred - See Response Body
[2024-12-10T07:37:46.189Z] Error reading actual data: A Modbus Exception Occurred - See Response Body
[2024-12-10T07:37:46.190Z] Error writing to Modbus register: A Modbus Exception Occurred - See Response Body
[2024-12-10T07:37:47.193Z] Error reading or processing Modbus registers: A Modbus Exception Occurred - See Response Body
[2024-12-10T07:37:47.195Z] Error reading register 6507 for IP 10.30.4.128: A Modbus Exception Occurred - See Response Body
[2024-12-10T07:37:47.196Z] Error reading actual data: A Modbus Exception Occurred - See Response Body
[2024-12-10T07:37:47.197Z] Error writing to Modbus register: A Modbus Exception Occurred - See Response Body
[2024-12-10T07:37:48.194Z] Error reading or processing Modbus registers: A Modbus Exception Occurred - See Response Body
[2024-12-10T07:37:48.197Z] Error reading register 6507 for IP 10.30.4.128: A Modbus Exception Occurred - See Response Body
[2024-12-10T07:37:48.198Z] Error reading actual data: A Modbus Exception Occurred - See Response Body
[2024-12-10T07:37:48.198Z] Error writing to Modbus register: A Modbus Exception Occurred - See Response Body
[2024-12-10T07:37:49.197Z] Error reading or processing Modbus registers: A Modbus Exception Occurred - See Response Body
[2024-12-10T07:37:49.199Z] Error reading register 6507 for IP 10.30.4.128: A Modbus Exception Occurred - See Response Body
[2024-12-10T07:37:49.200Z] Error reading actual data: A Modbus Exception Occurred - See Response Body
[2024-12-10T07:37:49.201Z] Error writing to Modbus register: A Modbus Exception Occurred - See Response Body
[2024-12-10T07:37:50.205Z] Error reading or processing Modbus registers: A Modbus Exception Occurred - See Response Body
[2024-12-10T07:37:50.208Z] Error reading register 6507 for IP 10.30.4.128: A Modbus Exception Occurred - See Response Body
[2024-12-10T07:37:50.208Z] Error reading actual data: A Modbus Exception Occurred - See Response Body
[2024-12-10T07:37:50.209Z] Error writing to Modbus register: A Modbus Exception Occurred - See Response Body
[2024-12-10T07:37:51.219Z] Error reading or processing Modbus registers: A Modbus Exception Occurred - See Response Body
[2024-12-10T07:37:51.222Z] Error reading register 6507 for IP 10.30.4.128: A Modbus Exception Occurred - See Response Body
[2024-12-10T07:37:51.223Z] Error reading actual data: A Modbus Exception Occurred - See Response Body
[2024-12-10T07:37:51.224Z] Error writing to Modbus register: A Modbus Exception Occurred - See Response Body
[2024-12-10T07:37:52.221Z] Error reading or processing Modbus registers: A Modbus Exception Occurred - See Response Body
[2024-12-10T07:37:52.223Z] Error reading register 6507 for IP 10.30.4.128: A Modbus Exception Occurred - See Response Body
[2024-12-10T07:37:52.224Z] Error reading actual data: A Modbus Exception Occurred - See Response Body
[2024-12-10T07:37:52.225Z] Error writing to Modbus register: A Modbus Exception Occurred - See Response Body
[2024-12-10T07:37:53.236Z] Error reading or processing Modbus registers: A Modbus Exception Occurred - See Response Body
[2024-12-10T07:37:53.238Z] Error reading register 6507 for IP 10.30.4.128: A Modbus Exception Occurred - See Response Body
[2024-12-10T07:37:53.239Z] Error reading actual data: A Modbus Exception Occurred - See Response Body
[2024-12-10T07:37:53.239Z] Error writing to Modbus register: A Modbus Exception Occurred - See Response Body
[2024-12-10T07:37:54.251Z] Error reading or processing Modbus registers: A Modbus Exception Occurred - See Response Body
[2024-12-10T07:37:54.253Z] Error reading register 6507 for IP 10.30.4.128: A Modbus Exception Occurred - See Response Body
[2024-12-10T07:37:54.254Z] Error reading actual data: A Modbus Exception Occurred - See Response Body
[2024-12-10T07:37:54.255Z] Error writing to Modbus register: A Modbus Exception Occurred - See Response Body
[2024-12-10T07:37:55.265Z] Error reading or processing Modbus registers: A Modbus Exception Occurred - See Response Body
[2024-12-10T07:37:55.268Z] Error reading register 6507 for IP 10.30.4.128: A Modbus Exception Occurred - See Response Body
[2024-12-10T07:37:55.269Z] Error reading actual data: A Modbus Exception Occurred - See Response Body
[2024-12-10T07:37:55.270Z] Error writing to Modbus register: A Modbus Exception Occurred - See Response Body
[2024-12-10T07:37:56.288Z] Error reading or processing Modbus registers: A Modbus Exception Occurred - See Response Body
[2024-12-10T07:37:56.290Z] Error reading register 6507 for IP 10.30.4.128: A Modbus Exception Occurred - See Response Body
[2024-12-10T07:37:56.291Z] Error reading actual data: A Modbus Exception Occurred - See Response Body
[2024-12-10T07:37:56.292Z] Error writing to Modbus register: A Modbus Exception Occurred - See Response Body
[2024-12-10T07:37:57.289Z] Error reading or processing Modbus registers: A Modbus Exception Occurred - See Response Body
[2024-12-10T07:37:57.292Z] Error reading register 6507 for IP 10.30.4.128: A Modbus Exception Occurred - See Response Body
[2024-12-10T07:37:57.293Z] Error reading actual data: A Modbus Exception Occurred - See Response Body
[2024-12-10T07:37:57.293Z] Error writing to Modbus register: A Modbus Exception Occurred - See Response Body
[2024-12-10T07:37:58.302Z] Error reading or processing Modbus registers: A Modbus Exception Occurred - See Response Body
[2024-12-10T07:37:58.304Z] Error reading register 6507 for IP 10.30.4.128: A Modbus Exception Occurred - See Response Body
[2024-12-10T07:37:58.305Z] Error reading actual data: A Modbus Exception Occurred - See Response Body
[2024-12-10T07:37:58.306Z] Error writing to Modbus register: A Modbus Exception Occurred - See Response Body
[2024-12-10T07:37:59.305Z] Error reading or processing Modbus registers: A Modbus Exception Occurred - See Response Body
[2024-12-10T07:37:59.307Z] Error reading register 6507 for IP 10.30.4.128: A Modbus Exception Occurred - See Response Body
[2024-12-10T07:37:59.308Z] Error reading actual data: A Modbus Exception Occurred - See Response Body
[2024-12-10T07:37:59.309Z] Error writing to Modbus register: A Modbus Exception Occurred - See Response Body
[2024-12-10T07:38:00.315Z] Error reading or processing Modbus registers: A Modbus Exception Occurred - See Response Body
[2024-12-10T07:38:00.317Z] Error reading register 6507 for IP 10.30.4.128: A Modbus Exception Occurred - See Response Body
[2024-12-10T07:38:00.318Z] Error reading actual data: A Modbus Exception Occurred - See Response Body
[2024-12-10T07:38:00.319Z] Error writing to Modbus register: A Modbus Exception Occurred - See Response Body
[2024-12-10T07:38:01.324Z] Error reading or processing Modbus registers: A Modbus Exception Occurred - See Response Body
[2024-12-10T07:38:01.326Z] Error reading register 6507 for IP 10.30.4.128: A Modbus Exception Occurred - See Response Body
[2024-12-10T07:38:01.327Z] Error reading actual data: A Modbus Exception Occurred - See Response Body
[2024-12-10T07:38:01.327Z] Error writing to Modbus register: A Modbus Exception Occurred - See Response Body
[2024-12-10T07:38:02.333Z] Error reading or processing Modbus registers: A Modbus Exception Occurred - See Response Body
[2024-12-10T07:38:02.335Z] Error reading register 6507 for IP 10.30.4.128: A Modbus Exception Occurred - See Response Body
[2024-12-10T07:38:02.336Z] Error reading actual data: A Modbus Exception Occurred - See Response Body
[2024-12-10T07:38:02.336Z] Error writing to Modbus register: A Modbus Exception Occurred - See Response Body
[2024-12-10T07:38:03.337Z] Error reading or processing Modbus registers: A Modbus Exception Occurred - See Response Body
[2024-12-10T07:38:03.339Z] Error reading register 6507 for IP 10.30.4.128: A Modbus Exception Occurred - See Response Body
[2024-12-10T07:38:03.340Z] Error reading actual data: A Modbus Exception Occurred - See Response Body
[2024-12-10T07:38:03.341Z] Error writing to Modbus register: A Modbus Exception Occurred - See Response Body
[2024-12-10T07:38:04.340Z] Error reading or processing Modbus registers: A Modbus Exception Occurred - See Response Body
[2024-12-10T07:38:04.342Z] Error reading register 6507 for IP 10.30.4.128: A Modbus Exception Occurred - See Response Body
[2024-12-10T07:38:04.343Z] Error reading actual data: A Modbus Exception Occurred - See Response Body
[2024-12-10T07:38:04.343Z] Error writing to Modbus register: A Modbus Exception Occurred - See Response Body
[2024-12-10T07:38:05.354Z] Error reading or processing Modbus registers: A Modbus Exception Occurred - See Response Body
[2024-12-10T07:38:05.357Z] Error reading register 6507 for IP 10.30.4.128: A Modbus Exception Occurred - See Response Body
[2024-12-10T07:38:05.357Z] Error reading actual data: A Modbus Exception Occurred - See Response Body
[2024-12-10T07:38:05.358Z] Error writing to Modbus register: A Modbus Exception Occurred - See Response Body
[2024-12-10T07:38:06.368Z] Error reading or processing Modbus registers: A Modbus Exception Occurred - See Response Body
[2024-12-10T07:38:06.370Z] Error reading register 6507 for IP 10.30.4.128: A Modbus Exception Occurred - See Response Body
[2024-12-10T07:38:06.371Z] Error reading actual data: A Modbus Exception Occurred - See Response Body
[2024-12-10T07:38:06.371Z] Error writing to Modbus register: A Modbus Exception Occurred - See Response Body
[2024-12-10T07:38:07.378Z] Error reading or processing Modbus registers: A Modbus Exception Occurred - See Response Body
[2024-12-10T07:38:07.380Z] Error reading register 6507 for IP 10.30.4.128: A Modbus Exception Occurred - See Response Body
[2024-12-10T07:38:07.381Z] Error reading actual data: A Modbus Exception Occurred - See Response Body
[2024-12-10T07:38:07.381Z] Error writing to Modbus register: A Modbus Exception Occurred - See Response Body
[2024-12-10T07:38:08.390Z] Error reading or processing Modbus registers: A Modbus Exception Occurred - See Response Body
[2024-12-10T07:38:08.392Z] Error reading register 6507 for IP 10.30.4.128: A Modbus Exception Occurred - See Response Body
[2024-12-10T07:38:08.393Z] Error reading actual data: A Modbus Exception Occurred - See Response Body
[2024-12-10T07:38:08.393Z] Error writing to Modbus register: A Modbus Exception Occurred - See Response Body
[2024-12-10T07:38:09.400Z] Error reading or processing Modbus registers: A Modbus Exception Occurred - See Response Body
[2024-12-10T07:38:09.404Z] Error reading register 6507 for IP 10.30.4.128: A Modbus Exception Occurred - See Response Body
[2024-12-10T07:38:09.405Z] Error reading actual data: A Modbus Exception Occurred - See Response Body
[2024-12-10T07:38:09.405Z] Error writing to Modbus register: A Modbus Exception Occurred - See Response Body
[2024-12-10T07:38:10.414Z] Error reading or processing Modbus registers: A Modbus Exception Occurred - See Response Body
[2024-12-10T07:38:10.416Z] Error reading register 6507 for IP 10.30.4.128: A Modbus Exception Occurred - See Response Body
[2024-12-10T07:38:10.417Z] Error reading actual data: A Modbus Exception Occurred - See Response Body
[2024-12-10T07:38:10.417Z] Error writing to Modbus register: A Modbus Exception Occurred - See Response Body
[2024-12-10T07:38:11.427Z] Error reading or processing Modbus registers: A Modbus Exception Occurred - See Response Body
[2024-12-10T07:38:11.429Z] Error reading register 6507 for IP 10.30.4.128: A Modbus Exception Occurred - See Response Body
[2024-12-10T07:38:11.430Z] Error reading actual data: A Modbus Exception Occurred - See Response Body
[2024-12-10T07:38:11.430Z] Error writing to Modbus register: A Modbus Exception Occurred - See Response Body
[2024-12-10T07:38:12.427Z] Error reading or processing Modbus registers: A Modbus Exception Occurred - See Response Body
[2024-12-10T07:38:12.430Z] Error reading register 6507 for IP 10.30.4.128: A Modbus Exception Occurred - See Response Body
[2024-12-10T07:38:12.431Z] Error reading actual data: A Modbus Exception Occurred - See Response Body
[2024-12-10T07:38:12.432Z] Error writing to Modbus register: A Modbus Exception Occurred - See Response Body
[2024-12-10T07:38:13.443Z] Error reading or processing Modbus registers: A Modbus Exception Occurred - See Response Body
[2024-12-10T07:38:13.445Z] Error reading register 6507 for IP 10.30.4.128: A Modbus Exception Occurred - See Response Body
[2024-12-10T07:38:13.446Z] Error reading actual data: A Modbus Exception Occurred - See Response Body
[2024-12-10T07:38:13.447Z] Error writing to Modbus register: A Modbus Exception Occurred - See Response Body
[2024-12-10T07:38:14.457Z] Error reading or processing Modbus registers: A Modbus Exception Occurred - See Response Body
[2024-12-10T07:38:14.459Z] Error reading register 6507 for IP 10.30.4.128: A Modbus Exception Occurred - See Response Body
[2024-12-10T07:38:14.460Z] Error reading actual data: A Modbus Exception Occurred - See Response Body
[2024-12-10T07:38:14.460Z] Error writing to Modbus register: A Modbus Exception Occurred - See Response Body
[2024-12-10T07:38:15.468Z] Error reading or processing Modbus registers: A Modbus Exception Occurred - See Response Body
[2024-12-10T07:38:15.471Z] Error reading register 6507 for IP 10.30.4.128: A Modbus Exception Occurred - See Response Body
[2024-12-10T07:38:15.472Z] Error reading actual data: A Modbus Exception Occurred - See Response Body
[2024-12-10T07:38:15.472Z] Error writing to Modbus register: A Modbus Exception Occurred - See Response Body
[2024-12-10T07:38:16.482Z] Error reading or processing Modbus registers: A Modbus Exception Occurred - See Response Body
[2024-12-10T07:38:16.485Z] Error reading register 6507 for IP 10.30.4.128: A Modbus Exception Occurred - See Response Body
[2024-12-10T07:38:16.486Z] Error reading actual data: A Modbus Exception Occurred - See Response Body
[2024-12-10T07:38:16.486Z] Error writing to Modbus register: A Modbus Exception Occurred - See Response Body
[2024-12-10T07:38:17.483Z] Error reading or processing Modbus registers: A Modbus Exception Occurred - See Response Body
[2024-12-10T07:38:17.485Z] Error reading register 6507 for IP 10.30.4.128: A Modbus Exception Occurred - See Response Body
[2024-12-10T07:38:17.486Z] Error reading actual data: A Modbus Exception Occurred - See Response Body
[2024-12-10T07:38:17.486Z] Error writing to Modbus register: A Modbus Exception Occurred - See Response Body
[2024-12-10T07:38:18.498Z] Error reading or processing Modbus registers: A Modbus Exception Occurred - See Response Body
[2024-12-10T07:38:18.500Z] Error reading register 6507 for IP 10.30.4.128: A Modbus Exception Occurred - See Response Body
[2024-12-10T07:38:18.501Z] Error reading actual data: A Modbus Exception Occurred - See Response Body
[2024-12-10T07:38:18.502Z] Error writing to Modbus register: A Modbus Exception Occurred - See Response Body
[2024-12-10T07:38:19.511Z] Error reading or processing Modbus registers: A Modbus Exception Occurred - See Response Body
[2024-12-10T07:38:19.513Z] Error reading register 6507 for IP 10.30.4.128: A Modbus Exception Occurred - See Response Body
[2024-12-10T07:38:19.514Z] Error reading actual data: A Modbus Exception Occurred - See Response Body
[2024-12-10T07:38:19.515Z] Error writing to Modbus register: A Modbus Exception Occurred - See Response Body
[2024-12-10T07:38:20.512Z] Error reading or processing Modbus registers: A Modbus Exception Occurred - See Response Body
[2024-12-10T07:38:20.515Z] Error reading register 6507 for IP 10.30.4.128: A Modbus Exception Occurred - See Response Body
[2024-12-10T07:38:20.515Z] Error reading actual data: A Modbus Exception Occurred - See Response Body
[2024-12-10T07:38:20.516Z] Error writing to Modbus register: A Modbus Exception Occurred - See Response Body
[2024-12-10T07:38:21.513Z] Error reading or processing Modbus registers: A Modbus Exception Occurred - See Response Body
[2024-12-10T07:38:21.516Z] Error reading register 6507 for IP 10.30.4.128: A Modbus Exception Occurred - See Response Body
[2024-12-10T07:38:21.517Z] Error reading actual data: A Modbus Exception Occurred - See Response Body
[2024-12-10T07:38:21.517Z] Error writing to Modbus register: A Modbus Exception Occurred - See Response Body
[2024-12-10T07:38:22.526Z] Error reading or processing Modbus registers: A Modbus Exception Occurred - See Response Body
[2024-12-10T07:38:22.529Z] Error reading register 6507 for IP 10.30.4.128: A Modbus Exception Occurred - See Response Body
[2024-12-10T07:38:22.529Z] Error reading actual data: A Modbus Exception Occurred - See Response Body
[2024-12-10T07:38:22.530Z] Error writing to Modbus register: A Modbus Exception Occurred - See Response Body
[2024-12-10T07:38:23.538Z] Error reading or processing Modbus registers: A Modbus Exception Occurred - See Response Body
[2024-12-10T07:38:23.540Z] Error reading register 6507 for IP 10.30.4.128: A Modbus Exception Occurred - See Response Body
[2024-12-10T07:38:23.541Z] Error reading actual data: A Modbus Exception Occurred - See Response Body
[2024-12-10T07:38:23.542Z] Error writing to Modbus register: A Modbus Exception Occurred - See Response Body
[2024-12-10T07:38:24.549Z] Error reading or processing Modbus registers: A Modbus Exception Occurred - See Response Body
[2024-12-10T07:38:24.552Z] Error reading register 6507 for IP 10.30.4.128: A Modbus Exception Occurred - See Response Body
[2024-12-10T07:38:24.553Z] Error reading actual data: A Modbus Exception Occurred - See Response Body
[2024-12-10T07:38:24.553Z] Error writing to Modbus register: A Modbus Exception Occurred - See Response Body
[2024-12-10T07:38:25.564Z] Error reading or processing Modbus registers: A Modbus Exception Occurred - See Response Body
[2024-12-10T07:38:25.567Z] Error reading register 6507 for IP 10.30.4.128: A Modbus Exception Occurred - See Response Body
[2024-12-10T07:38:25.568Z] Error reading actual data: A Modbus Exception Occurred - See Response Body
[2024-12-10T07:38:25.569Z] Error writing to Modbus register: A Modbus Exception Occurred - See Response Body
[2024-12-10T07:38:26.575Z] Error reading or processing Modbus registers: A Modbus Exception Occurred - See Response Body
[2024-12-10T07:38:26.577Z] Error reading register 6507 for IP 10.30.4.128: A Modbus Exception Occurred - See Response Body
[2024-12-10T07:38:26.578Z] Error reading actual data: A Modbus Exception Occurred - See Response Body
[2024-12-10T07:38:26.578Z] Error writing to Modbus register: A Modbus Exception Occurred - See Response Body
[2024-12-10T07:38:27.575Z] Error reading or processing Modbus registers: A Modbus Exception Occurred - See Response Body
[2024-12-10T07:38:27.577Z] Error reading register 6507 for IP 10.30.4.128: A Modbus Exception Occurred - See Response Body
[2024-12-10T07:38:27.578Z] Error reading actual data: A Modbus Exception Occurred - See Response Body
[2024-12-10T07:38:27.578Z] Error writing to Modbus register: A Modbus Exception Occurred - See Response Body
[2024-12-10T07:38:28.577Z] Error reading or processing Modbus registers: A Modbus Exception Occurred - See Response Body
[2024-12-10T07:38:28.579Z] Error reading register 6507 for IP 10.30.4.128: A Modbus Exception Occurred - See Response Body
[2024-12-10T07:38:28.580Z] Error reading actual data: A Modbus Exception Occurred - See Response Body
[2024-12-10T07:38:28.581Z] Error writing to Modbus register: A Modbus Exception Occurred - See Response Body
[2024-12-10T07:38:29.588Z] Error reading or processing Modbus registers: A Modbus Exception Occurred - See Response Body
[2024-12-10T07:38:29.590Z] Error reading register 6507 for IP 10.30.4.128: A Modbus Exception Occurred - See Response Body
[2024-12-10T07:38:29.591Z] Error reading actual data: A Modbus Exception Occurred - See Response Body
[2024-12-10T07:38:29.591Z] Error writing to Modbus register: A Modbus Exception Occurred - See Response Body
[2024-12-10T07:38:30.602Z] Error reading or processing Modbus registers: A Modbus Exception Occurred - See Response Body
[2024-12-10T07:38:30.604Z] Error reading register 6507 for IP 10.30.4.128: A Modbus Exception Occurred - See Response Body
[2024-12-10T07:38:30.605Z] Error reading actual data: A Modbus Exception Occurred - See Response Body
[2024-12-10T07:38:30.605Z] Error writing to Modbus register: A Modbus Exception Occurred - See Response Body
[2024-12-10T07:38:31.615Z] Error reading or processing Modbus registers: A Modbus Exception Occurred - See Response Body
[2024-12-10T07:38:31.617Z] Error reading register 6507 for IP 10.30.4.128: A Modbus Exception Occurred - See Response Body
[2024-12-10T07:38:31.618Z] Error reading actual data: A Modbus Exception Occurred - See Response Body
[2024-12-10T07:38:31.618Z] Error writing to Modbus register: A Modbus Exception Occurred - See Response Body
[2024-12-10T07:38:32.628Z] Error reading or processing Modbus registers: A Modbus Exception Occurred - See Response Body
[2024-12-10T07:38:32.630Z] Error reading register 6507 for IP 10.30.4.128: A Modbus Exception Occurred - See Response Body
[2024-12-10T07:38:32.631Z] Error reading actual data: A Modbus Exception Occurred - See Response Body
[2024-12-10T07:38:32.632Z] Error writing to Modbus register: A Modbus Exception Occurred - See Response Body
[2024-12-10T07:38:33.643Z] Error reading or processing Modbus registers: A Modbus Exception Occurred - See Response Body
[2024-12-10T07:38:33.645Z] Error reading register 6507 for IP 10.30.4.128: A Modbus Exception Occurred - See Response Body
[2024-12-10T07:38:33.646Z] Error reading actual data: A Modbus Exception Occurred - See Response Body
[2024-12-10T07:38:33.647Z] Error writing to Modbus register: A Modbus Exception Occurred - See Response Body
[2024-12-10T07:38:34.644Z] Error reading or processing Modbus registers: A Modbus Exception Occurred - See Response Body
[2024-12-10T07:38:34.646Z] Error reading register 6507 for IP 10.30.4.128: A Modbus Exception Occurred - See Response Body
[2024-12-10T07:38:34.647Z] Error reading actual data: A Modbus Exception Occurred - See Response Body
[2024-12-10T07:38:34.648Z] Error writing to Modbus register: A Modbus Exception Occurred - See Response Body
[2024-12-10T07:38:35.644Z] Error reading or processing Modbus registers: A Modbus Exception Occurred - See Response Body
[2024-12-10T07:38:35.647Z] Error reading register 6507 for IP 10.30.4.128: A Modbus Exception Occurred - See Response Body
[2024-12-10T07:38:35.647Z] Error reading actual data: A Modbus Exception Occurred - See Response Body
[2024-12-10T07:38:35.648Z] Error writing to Modbus register: A Modbus Exception Occurred - See Response Body
[2024-12-10T07:38:36.657Z] Error reading or processing Modbus registers: A Modbus Exception Occurred - See Response Body
[2024-12-10T07:38:36.661Z] Error reading register 6507 for IP 10.30.4.128: A Modbus Exception Occurred - See Response Body
[2024-12-10T07:38:36.662Z] Error reading actual data: A Modbus Exception Occurred - See Response Body
[2024-12-10T07:38:36.663Z] Error writing to Modbus register: A Modbus Exception Occurred - See Response Body
[2024-12-10T07:38:37.658Z] Error reading or processing Modbus registers: A Modbus Exception Occurred - See Response Body
[2024-12-10T07:38:37.661Z] Error reading register 6507 for IP 10.30.4.128: A Modbus Exception Occurred - See Response Body
[2024-12-10T07:38:37.662Z] Error reading actual data: A Modbus Exception Occurred - See Response Body
[2024-12-10T07:38:37.662Z] Error writing to Modbus register: A Modbus Exception Occurred - See Response Body
[2024-12-10T07:38:38.672Z] Error reading or processing Modbus registers: A Modbus Exception Occurred - See Response Body
[2024-12-10T07:38:38.675Z] Error reading register 6507 for IP 10.30.4.128: A Modbus Exception Occurred - See Response Body
[2024-12-10T07:38:38.675Z] Error reading actual data: A Modbus Exception Occurred - See Response Body
[2024-12-10T07:38:38.676Z] Error writing to Modbus register: A Modbus Exception Occurred - See Response Body
[2024-12-10T07:38:39.684Z] Error reading or processing Modbus registers: A Modbus Exception Occurred - See Response Body
[2024-12-10T07:38:39.687Z] Error reading register 6507 for IP 10.30.4.128: A Modbus Exception Occurred - See Response Body
[2024-12-10T07:38:39.687Z] Error reading actual data: A Modbus Exception Occurred - See Response Body
[2024-12-10T07:38:39.688Z] Error writing to Modbus register: A Modbus Exception Occurred - See Response Body
[2024-12-10T07:38:40.697Z] Error reading or processing Modbus registers: A Modbus Exception Occurred - See Response Body
[2024-12-10T07:38:40.699Z] Error reading register 6507 for IP 10.30.4.128: A Modbus Exception Occurred - See Response Body
[2024-12-10T07:38:40.700Z] Error reading actual data: A Modbus Exception Occurred - See Response Body
[2024-12-10T07:38:40.701Z] Error writing to Modbus register: A Modbus Exception Occurred - See Response Body
[2024-12-10T07:38:41.696Z] Error reading or processing Modbus registers: A Modbus Exception Occurred - See Response Body
[2024-12-10T07:38:41.698Z] Error reading register 6507 for IP 10.30.4.128: A Modbus Exception Occurred - See Response Body
[2024-12-10T07:38:41.699Z] Error reading actual data: A Modbus Exception Occurred - See Response Body
[2024-12-10T07:38:41.700Z] Error writing to Modbus register: A Modbus Exception Occurred - See Response Body
[2024-12-10T07:38:42.711Z] Error reading or processing Modbus registers: A Modbus Exception Occurred - See Response Body
[2024-12-10T07:38:42.714Z] Error reading register 6507 for IP 10.30.4.128: A Modbus Exception Occurred - See Response Body
[2024-12-10T07:38:42.714Z] Error reading actual data: A Modbus Exception Occurred - See Response Body
[2024-12-10T07:38:42.715Z] Error writing to Modbus register: A Modbus Exception Occurred - See Response Body
[2024-12-10T07:38:43.723Z] Error reading or processing Modbus registers: A Modbus Exception Occurred - See Response Body
[2024-12-10T07:38:43.728Z] Error reading register 6507 for IP 10.30.4.128: A Modbus Exception Occurred - See Response Body
[2024-12-10T07:38:43.729Z] Error reading actual data: A Modbus Exception Occurred - See Response Body
[2024-12-10T07:38:43.730Z] Error writing to Modbus register: A Modbus Exception Occurred - See Response Body
[2024-12-10T07:38:44.732Z] Error reading or processing Modbus registers: A Modbus Exception Occurred - See Response Body
[2024-12-10T07:38:44.734Z] Error reading register 6507 for IP 10.30.4.128: A Modbus Exception Occurred - See Response Body
[2024-12-10T07:38:44.735Z] Error reading actual data: A Modbus Exception Occurred - See Response Body
[2024-12-10T07:38:44.736Z] Error writing to Modbus register: A Modbus Exception Occurred - See Response Body
[2024-12-10T07:38:45.734Z] Error reading or processing Modbus registers: A Modbus Exception Occurred - See Response Body
[2024-12-10T07:38:45.736Z] Error reading register 6507 for IP 10.30.4.128: A Modbus Exception Occurred - See Response Body
[2024-12-10T07:38:45.737Z] Error reading actual data: A Modbus Exception Occurred - See Response Body
[2024-12-10T07:38:45.737Z] Error writing to Modbus register: A Modbus Exception Occurred - See Response Body
[2024-12-10T07:38:46.747Z] Error reading or processing Modbus registers: A Modbus Exception Occurred - See Response Body
[2024-12-10T07:38:46.750Z] Error reading register 6507 for IP 10.30.4.128: A Modbus Exception Occurred - See Response Body
[2024-12-10T07:38:46.751Z] Error reading actual data: A Modbus Exception Occurred - See Response Body
[2024-12-10T07:38:46.751Z] Error writing to Modbus register: A Modbus Exception Occurred - See Response Body
[2024-12-10T07:38:47.758Z] Error reading or processing Modbus registers: A Modbus Exception Occurred - See Response Body
[2024-12-10T07:38:47.761Z] Error reading register 6507 for IP 10.30.4.128: A Modbus Exception Occurred - See Response Body
[2024-12-10T07:38:47.761Z] Error reading actual data: A Modbus Exception Occurred - See Response Body
[2024-12-10T07:38:47.762Z] Error writing to Modbus register: A Modbus Exception Occurred - See Response Body
[2024-12-10T07:38:48.773Z] Error reading or processing Modbus registers: A Modbus Exception Occurred - See Response Body
[2024-12-10T07:38:48.775Z] Error reading register 6507 for IP 10.30.4.128: A Modbus Exception Occurred - See Response Body
[2024-12-10T07:38:48.776Z] Error reading actual data: A Modbus Exception Occurred - See Response Body
[2024-12-10T07:38:48.776Z] Error writing to Modbus register: A Modbus Exception Occurred - See Response Body
[2024-12-10T07:38:49.775Z] Error reading or processing Modbus registers: A Modbus Exception Occurred - See Response Body
[2024-12-10T07:38:49.779Z] Error reading register 6507 for IP 10.30.4.128: A Modbus Exception Occurred - See Response Body
[2024-12-10T07:38:49.780Z] Error reading actual data: A Modbus Exception Occurred - See Response Body
[2024-12-10T07:38:49.780Z] Error writing to Modbus register: A Modbus Exception Occurred - See Response Body
[2024-12-10T07:38:50.788Z] Error reading or processing Modbus registers: A Modbus Exception Occurred - See Response Body
[2024-12-10T07:38:50.790Z] Error reading register 6507 for IP 10.30.4.128: A Modbus Exception Occurred - See Response Body
[2024-12-10T07:38:50.791Z] Error reading actual data: A Modbus Exception Occurred - See Response Body
[2024-12-10T07:38:50.792Z] Error writing to Modbus register: A Modbus Exception Occurred - See Response Body
[2024-12-10T07:38:51.788Z] Error reading or processing Modbus registers: A Modbus Exception Occurred - See Response Body
[2024-12-10T07:38:51.790Z] Error reading register 6507 for IP 10.30.4.128: A Modbus Exception Occurred - See Response Body
[2024-12-10T07:38:51.791Z] Error reading actual data: A Modbus Exception Occurred - See Response Body
[2024-12-10T07:38:51.791Z] Error writing to Modbus register: A Modbus Exception Occurred - See Response Body
[2024-12-10T07:38:52.800Z] Error reading or processing Modbus registers: A Modbus Exception Occurred - See Response Body
[2024-12-10T07:38:52.802Z] Error reading register 6507 for IP 10.30.4.128: A Modbus Exception Occurred - See Response Body
[2024-12-10T07:38:52.803Z] Error reading actual data: A Modbus Exception Occurred - See Response Body
[2024-12-10T07:38:52.803Z] Error writing to Modbus register: A Modbus Exception Occurred - See Response Body
[2024-12-10T07:38:53.808Z] Error reading or processing Modbus registers: A Modbus Exception Occurred - See Response Body
[2024-12-10T07:38:53.811Z] Error reading register 6507 for IP 10.30.4.128: A Modbus Exception Occurred - See Response Body
[2024-12-10T07:38:53.811Z] Error reading actual data: A Modbus Exception Occurred - See Response Body
[2024-12-10T07:38:53.812Z] Error writing to Modbus register: A Modbus Exception Occurred - See Response Body
[2024-12-10T07:38:54.808Z] Error reading or processing Modbus registers: A Modbus Exception Occurred - See Response Body
[2024-12-10T07:38:54.810Z] Error reading register 6507 for IP 10.30.4.128: A Modbus Exception Occurred - See Response Body
[2024-12-10T07:38:54.812Z] Error reading actual data: A Modbus Exception Occurred - See Response Body
[2024-12-10T07:38:54.812Z] Error writing to Modbus register: A Modbus Exception Occurred - See Response Body
[2024-12-10T07:38:55.808Z] Error reading or processing Modbus registers: A Modbus Exception Occurred - See Response Body
[2024-12-10T07:38:55.811Z] Error reading register 6507 for IP 10.30.4.128: A Modbus Exception Occurred - See Response Body
[2024-12-10T07:38:55.812Z] Error reading actual data: A Modbus Exception Occurred - See Response Body
[2024-12-10T07:38:55.813Z] Error writing to Modbus register: A Modbus Exception Occurred - See Response Body
[2024-12-10T07:38:56.810Z] Error reading or processing Modbus registers: A Modbus Exception Occurred - See Response Body
[2024-12-10T07:38:56.813Z] Error reading register 6507 for IP 10.30.4.128: A Modbus Exception Occurred - See Response Body
[2024-12-10T07:38:56.813Z] Error reading actual data: A Modbus Exception Occurred - See Response Body
[2024-12-10T07:38:56.814Z] Error writing to Modbus register: A Modbus Exception Occurred - See Response Body
[2024-12-10T07:38:57.810Z] Error reading or processing Modbus registers: A Modbus Exception Occurred - See Response Body
[2024-12-10T07:38:57.813Z] Error reading register 6507 for IP 10.30.4.128: A Modbus Exception Occurred - See Response Body
[2024-12-10T07:38:57.813Z] Error reading actual data: A Modbus Exception Occurred - See Response Body
[2024-12-10T07:38:57.814Z] Error writing to Modbus register: A Modbus Exception Occurred - See Response Body
[2024-12-10T07:38:58.810Z] Error reading or processing Modbus registers: A Modbus Exception Occurred - See Response Body
[2024-12-10T07:38:58.813Z] Error reading register 6507 for IP 10.30.4.128: A Modbus Exception Occurred - See Response Body
[2024-12-10T07:38:58.814Z] Error reading actual data: A Modbus Exception Occurred - See Response Body
[2024-12-10T07:38:58.814Z] Error writing to Modbus register: A Modbus Exception Occurred - See Response Body
[2024-12-10T07:38:59.822Z] Error reading or processing Modbus registers: A Modbus Exception Occurred - See Response Body
[2024-12-10T07:38:59.825Z] Error reading register 6507 for IP 10.30.4.128: A Modbus Exception Occurred - See Response Body
[2024-12-10T07:38:59.826Z] Error reading actual data: A Modbus Exception Occurred - See Response Body
[2024-12-10T07:38:59.826Z] Error writing to Modbus register: A Modbus Exception Occurred - See Response Body
[2024-12-10T07:39:00.836Z] Error reading or processing Modbus registers: A Modbus Exception Occurred - See Response Body
[2024-12-10T07:39:00.838Z] Error reading register 6507 for IP 10.30.4.128: A Modbus Exception Occurred - See Response Body
[2024-12-10T07:39:00.839Z] Error reading actual data: A Modbus Exception Occurred - See Response Body
[2024-12-10T07:39:00.839Z] Error writing to Modbus register: A Modbus Exception Occurred - See Response Body
[2024-12-10T07:39:01.837Z] Error reading or processing Modbus registers: A Modbus Exception Occurred - See Response Body
[2024-12-10T07:39:01.839Z] Error reading register 6507 for IP 10.30.4.128: A Modbus Exception Occurred - See Response Body
[2024-12-10T07:39:01.840Z] Error reading actual data: A Modbus Exception Occurred - See Response Body
[2024-12-10T07:39:01.841Z] Error writing to Modbus register: A Modbus Exception Occurred - See Response Body
[2024-12-10T07:39:02.849Z] Error reading or processing Modbus registers: A Modbus Exception Occurred - See Response Body
[2024-12-10T07:39:02.852Z] Error reading register 6507 for IP 10.30.4.128: A Modbus Exception Occurred - See Response Body
[2024-12-10T07:39:02.853Z] Error reading actual data: A Modbus Exception Occurred - See Response Body
[2024-12-10T07:39:02.853Z] Error writing to Modbus register: A Modbus Exception Occurred - See Response Body
[2024-12-10T07:39:03.864Z] Error reading or processing Modbus registers: A Modbus Exception Occurred - See Response Body
[2024-12-10T07:39:03.867Z] Error reading register 6507 for IP 10.30.4.128: A Modbus Exception Occurred - See Response Body
[2024-12-10T07:39:03.868Z] Error reading actual data: A Modbus Exception Occurred - See Response Body
[2024-12-10T07:39:03.868Z] Error writing to Modbus register: A Modbus Exception Occurred - See Response Body
[2024-12-10T07:39:04.875Z] Error reading or processing Modbus registers: A Modbus Exception Occurred - See Response Body
[2024-12-10T07:39:04.878Z] Error reading register 6507 for IP 10.30.4.128: A Modbus Exception Occurred - See Response Body
[2024-12-10T07:39:04.879Z] Error reading actual data: A Modbus Exception Occurred - See Response Body
[2024-12-10T07:39:04.879Z] Error writing to Modbus register: A Modbus Exception Occurred - See Response Body
[2024-12-10T07:39:05.885Z] Error reading or processing Modbus registers: A Modbus Exception Occurred - See Response Body
[2024-12-10T07:39:05.888Z] Error reading register 6507 for IP 10.30.4.128: A Modbus Exception Occurred - See Response Body
[2024-12-10T07:39:05.889Z] Error reading actual data: A Modbus Exception Occurred - See Response Body
[2024-12-10T07:39:05.890Z] Error writing to Modbus register: A Modbus Exception Occurred - See Response Body
[2024-12-10T07:39:06.900Z] Error reading or processing Modbus registers: A Modbus Exception Occurred - See Response Body
[2024-12-10T07:39:06.902Z] Error reading register 6507 for IP 10.30.4.128: A Modbus Exception Occurred - See Response Body
[2024-12-10T07:39:06.903Z] Error reading actual data: A Modbus Exception Occurred - See Response Body
[2024-12-10T07:39:06.903Z] Error writing to Modbus register: A Modbus Exception Occurred - See Response Body
[2024-12-10T07:39:07.913Z] Error reading or processing Modbus registers: A Modbus Exception Occurred - See Response Body
[2024-12-10T07:39:07.916Z] Error reading register 6507 for IP 10.30.4.128: A Modbus Exception Occurred - See Response Body
[2024-12-10T07:39:07.916Z] Error reading actual data: A Modbus Exception Occurred - See Response Body
[2024-12-10T07:39:07.917Z] Error writing to Modbus register: A Modbus Exception Occurred - See Response Body
[2024-12-10T07:39:08.927Z] Error reading or processing Modbus registers: A Modbus Exception Occurred - See Response Body
[2024-12-10T07:39:08.930Z] Error reading register 6507 for IP 10.30.4.128: A Modbus Exception Occurred - See Response Body
[2024-12-10T07:39:08.931Z] Error reading actual data: A Modbus Exception Occurred - See Response Body
[2024-12-10T07:39:08.931Z] Error writing to Modbus register: A Modbus Exception Occurred - See Response Body
[2024-12-10T07:39:09.941Z] Error reading or processing Modbus registers: A Modbus Exception Occurred - See Response Body
[2024-12-10T07:39:09.944Z] Error reading register 6507 for IP 10.30.4.128: A Modbus Exception Occurred - See Response Body
[2024-12-10T07:39:09.944Z] Error reading actual data: A Modbus Exception Occurred - See Response Body
[2024-12-10T07:39:09.945Z] Error writing to Modbus register: A Modbus Exception Occurred - See Response Body
[2024-12-10T07:39:10.952Z] Error reading or processing Modbus registers: A Modbus Exception Occurred - See Response Body
[2024-12-10T07:39:10.955Z] Error reading register 6507 for IP 10.30.4.128: A Modbus Exception Occurred - See Response Body
[2024-12-10T07:39:10.955Z] Error reading actual data: A Modbus Exception Occurred - See Response Body
[2024-12-10T07:39:10.956Z] Error writing to Modbus register: A Modbus Exception Occurred - See Response Body
[2024-12-10T07:39:11.955Z] Error reading or processing Modbus registers: A Modbus Exception Occurred - See Response Body
[2024-12-10T07:39:11.957Z] Error reading register 6507 for IP 10.30.4.128: A Modbus Exception Occurred - See Response Body
[2024-12-10T07:39:11.958Z] Error reading actual data: A Modbus Exception Occurred - See Response Body
[2024-12-10T07:39:11.958Z] Error writing to Modbus register: A Modbus Exception Occurred - See Response Body
[2024-12-10T07:39:12.967Z] Error reading or processing Modbus registers: A Modbus Exception Occurred - See Response Body
[2024-12-10T07:39:12.969Z] Error reading register 6507 for IP 10.30.4.128: A Modbus Exception Occurred - See Response Body
[2024-12-10T07:39:12.970Z] Error reading actual data: A Modbus Exception Occurred - See Response Body
[2024-12-10T07:39:12.971Z] Error writing to Modbus register: A Modbus Exception Occurred - See Response Body
[2024-12-10T07:39:13.981Z] Error reading or processing Modbus registers: A Modbus Exception Occurred - See Response Body
[2024-12-10T07:39:13.984Z] Error reading register 6507 for IP 10.30.4.128: A Modbus Exception Occurred - See Response Body
[2024-12-10T07:39:13.984Z] Error reading actual data: A Modbus Exception Occurred - See Response Body
[2024-12-10T07:39:13.985Z] Error writing to Modbus register: A Modbus Exception Occurred - See Response Body
[2024-12-10T07:39:14.995Z] Error reading or processing Modbus registers: A Modbus Exception Occurred - See Response Body
[2024-12-10T07:39:14.998Z] Error reading register 6507 for IP 10.30.4.128: A Modbus Exception Occurred - See Response Body
[2024-12-10T07:39:14.998Z] Error reading actual data: A Modbus Exception Occurred - See Response Body
[2024-12-10T07:39:14.999Z] Error writing to Modbus register: A Modbus Exception Occurred - See Response Body
[2024-12-10T07:39:16.010Z] Error reading or processing Modbus registers: A Modbus Exception Occurred - See Response Body
[2024-12-10T07:39:16.012Z] Error reading register 6507 for IP 10.30.4.128: A Modbus Exception Occurred - See Response Body
[2024-12-10T07:39:16.013Z] Error reading actual data: A Modbus Exception Occurred - See Response Body
[2024-12-10T07:39:16.013Z] Error writing to Modbus register: A Modbus Exception Occurred - See Response Body
[2024-12-10T07:39:17.022Z] Error reading or processing Modbus registers: A Modbus Exception Occurred - See Response Body
[2024-12-10T07:39:17.025Z] Error reading register 6507 for IP 10.30.4.128: A Modbus Exception Occurred - See Response Body
[2024-12-10T07:39:17.026Z] Error reading actual data: A Modbus Exception Occurred - See Response Body
[2024-12-10T07:39:17.026Z] Error writing to Modbus register: A Modbus Exception Occurred - See Response Body
[2024-12-10T07:39:18.035Z] Error reading or processing Modbus registers: A Modbus Exception Occurred - See Response Body
[2024-12-10T07:39:18.037Z] Error reading register 6507 for IP 10.30.4.128: A Modbus Exception Occurred - See Response Body
[2024-12-10T07:39:18.038Z] Error reading actual data: A Modbus Exception Occurred - See Response Body
[2024-12-10T07:39:18.038Z] Error writing to Modbus register: A Modbus Exception Occurred - See Response Body
[2024-12-10T07:39:19.048Z] Error reading or processing Modbus registers: A Modbus Exception Occurred - See Response Body
[2024-12-10T07:39:19.051Z] Error reading register 6507 for IP 10.30.4.128: A Modbus Exception Occurred - See Response Body
[2024-12-10T07:39:19.052Z] Error reading actual data: A Modbus Exception Occurred - See Response Body
[2024-12-10T07:39:19.052Z] Error writing to Modbus register: A Modbus Exception Occurred - See Response Body
[2024-12-10T07:39:20.061Z] Error reading or processing Modbus registers: A Modbus Exception Occurred - See Response Body
[2024-12-10T07:39:20.064Z] Error reading register 6507 for IP 10.30.4.128: A Modbus Exception Occurred - See Response Body
[2024-12-10T07:39:20.064Z] Error reading actual data: A Modbus Exception Occurred - See Response Body
[2024-12-10T07:39:20.065Z] Error writing to Modbus register: A Modbus Exception Occurred - See Response Body
[2024-12-10T07:39:21.074Z] Error reading or processing Modbus registers: A Modbus Exception Occurred - See Response Body
[2024-12-10T07:39:21.077Z] Error reading register 6507 for IP 10.30.4.128: A Modbus Exception Occurred - See Response Body
[2024-12-10T07:39:21.077Z] Error reading actual data: A Modbus Exception Occurred - See Response Body
[2024-12-10T07:39:21.078Z] Error writing to Modbus register: A Modbus Exception Occurred - See Response Body
[2024-12-10T07:39:22.089Z] Error reading or processing Modbus registers: A Modbus Exception Occurred - See Response Body
[2024-12-10T07:39:22.092Z] Error reading register 6507 for IP 10.30.4.128: A Modbus Exception Occurred - See Response Body
[2024-12-10T07:39:22.092Z] Error reading actual data: A Modbus Exception Occurred - See Response Body
[2024-12-10T07:39:22.093Z] Error writing to Modbus register: A Modbus Exception Occurred - See Response Body
[2024-12-10T07:39:23.103Z] Error reading or processing Modbus registers: A Modbus Exception Occurred - See Response Body
[2024-12-10T07:39:23.106Z] Error reading register 6507 for IP 10.30.4.128: A Modbus Exception Occurred - See Response Body
[2024-12-10T07:39:23.107Z] Error reading actual data: A Modbus Exception Occurred - See Response Body
[2024-12-10T07:39:23.108Z] Error writing to Modbus register: A Modbus Exception Occurred - See Response Body
[2024-12-10T07:39:24.113Z] Error reading or processing Modbus registers: A Modbus Exception Occurred - See Response Body
[2024-12-10T07:39:24.116Z] Error reading register 6507 for IP 10.30.4.128: A Modbus Exception Occurred - See Response Body
[2024-12-10T07:39:24.117Z] Error reading actual data: A Modbus Exception Occurred - See Response Body
[2024-12-10T07:39:24.117Z] Error writing to Modbus register: A Modbus Exception Occurred - See Response Body
[2024-12-10T07:39:25.124Z] Error reading or processing Modbus registers: A Modbus Exception Occurred - See Response Body
[2024-12-10T07:39:25.126Z] Error reading register 6507 for IP 10.30.4.128: A Modbus Exception Occurred - See Response Body
[2024-12-10T07:39:25.127Z] Error reading actual data: A Modbus Exception Occurred - See Response Body
[2024-12-10T07:39:25.128Z] Error writing to Modbus register: A Modbus Exception Occurred - See Response Body
[2024-12-10T07:39:26.138Z] Error reading or processing Modbus registers: A Modbus Exception Occurred - See Response Body
[2024-12-10T07:39:26.140Z] Error reading register 6507 for IP 10.30.4.128: A Modbus Exception Occurred - See Response Body
[2024-12-10T07:39:26.141Z] Error reading actual data: A Modbus Exception Occurred - See Response Body
[2024-12-10T07:39:26.141Z] Error writing to Modbus register: A Modbus Exception Occurred - See Response Body
[2024-12-10T07:39:27.152Z] Error reading or processing Modbus registers: A Modbus Exception Occurred - See Response Body
[2024-12-10T07:39:27.154Z] Error reading register 6507 for IP 10.30.4.128: A Modbus Exception Occurred - See Response Body
[2024-12-10T07:39:27.155Z] Error reading actual data: A Modbus Exception Occurred - See Response Body
[2024-12-10T07:39:27.155Z] Error writing to Modbus register: A Modbus Exception Occurred - See Response Body
[2024-12-10T07:39:28.151Z] Error reading or processing Modbus registers: A Modbus Exception Occurred - See Response Body
[2024-12-10T07:39:28.154Z] Error reading register 6507 for IP 10.30.4.128: A Modbus Exception Occurred - See Response Body
[2024-12-10T07:39:28.154Z] Error reading actual data: A Modbus Exception Occurred - See Response Body
[2024-12-10T07:39:28.155Z] Error writing to Modbus register: A Modbus Exception Occurred - See Response Body
[2024-12-10T07:39:29.166Z] Error reading or processing Modbus registers: A Modbus Exception Occurred - See Response Body
[2024-12-10T07:39:29.168Z] Error reading register 6507 for IP 10.30.4.128: A Modbus Exception Occurred - See Response Body
[2024-12-10T07:39:29.168Z] Error reading actual data: A Modbus Exception Occurred - See Response Body
[2024-12-10T07:39:29.169Z] Error writing to Modbus register: A Modbus Exception Occurred - See Response Body
[2024-12-10T07:39:30.167Z] Error reading or processing Modbus registers: A Modbus Exception Occurred - See Response Body
[2024-12-10T07:39:30.169Z] Error reading register 6507 for IP 10.30.4.128: A Modbus Exception Occurred - See Response Body
[2024-12-10T07:39:30.170Z] Error reading actual data: A Modbus Exception Occurred - See Response Body
[2024-12-10T07:39:30.170Z] Error writing to Modbus register: A Modbus Exception Occurred - See Response Body
[2024-12-10T07:39:31.182Z] Error reading or processing Modbus registers: A Modbus Exception Occurred - See Response Body
[2024-12-10T07:39:31.185Z] Error reading register 6507 for IP 10.30.4.128: A Modbus Exception Occurred - See Response Body
[2024-12-10T07:39:31.185Z] Error reading actual data: A Modbus Exception Occurred - See Response Body
[2024-12-10T07:39:31.186Z] Error writing to Modbus register: A Modbus Exception Occurred - See Response Body
[2024-12-10T07:39:32.194Z] Error reading or processing Modbus registers: A Modbus Exception Occurred - See Response Body
[2024-12-10T07:39:32.196Z] Error reading register 6507 for IP 10.30.4.128: A Modbus Exception Occurred - See Response Body
[2024-12-10T07:39:32.197Z] Error reading actual data: A Modbus Exception Occurred - See Response Body
[2024-12-10T07:39:32.197Z] Error writing to Modbus register: A Modbus Exception Occurred - See Response Body
[2024-12-10T07:39:33.209Z] Error reading or processing Modbus registers: A Modbus Exception Occurred - See Response Body
[2024-12-10T07:39:33.212Z] Error reading register 6507 for IP 10.30.4.128: A Modbus Exception Occurred - See Response Body
[2024-12-10T07:39:33.212Z] Error reading actual data: A Modbus Exception Occurred - See Response Body
[2024-12-10T07:39:33.213Z] Error writing to Modbus register: A Modbus Exception Occurred - See Response Body
[2024-12-10T07:39:34.222Z] Error reading or processing Modbus registers: A Modbus Exception Occurred - See Response Body
[2024-12-10T07:39:34.224Z] Error reading register 6507 for IP 10.30.4.128: A Modbus Exception Occurred - See Response Body
[2024-12-10T07:39:34.225Z] Error reading actual data: A Modbus Exception Occurred - See Response Body
[2024-12-10T07:39:34.226Z] Error writing to Modbus register: A Modbus Exception Occurred - See Response Body
[2024-12-10T07:39:35.223Z] Error reading or processing Modbus registers: A Modbus Exception Occurred - See Response Body
[2024-12-10T07:39:35.226Z] Error reading register 6507 for IP 10.30.4.128: A Modbus Exception Occurred - See Response Body
[2024-12-10T07:39:35.226Z] Error reading actual data: A Modbus Exception Occurred - See Response Body
[2024-12-10T07:39:35.227Z] Error writing to Modbus register: A Modbus Exception Occurred - See Response Body
[2024-12-10T07:39:36.236Z] Error reading or processing Modbus registers: A Modbus Exception Occurred - See Response Body
[2024-12-10T07:39:36.238Z] Error reading register 6507 for IP 10.30.4.128: A Modbus Exception Occurred - See Response Body
[2024-12-10T07:39:36.239Z] Error reading actual data: A Modbus Exception Occurred - See Response Body
[2024-12-10T07:39:36.239Z] Error writing to Modbus register: A Modbus Exception Occurred - See Response Body
[2024-12-10T07:39:37.239Z] Error reading or processing Modbus registers: A Modbus Exception Occurred - See Response Body
[2024-12-10T07:39:37.265Z] Error reading register 6507 for IP 10.30.4.128: A Modbus Exception Occurred - See Response Body
[2024-12-10T07:39:37.266Z] Error reading actual data: A Modbus Exception Occurred - See Response Body
[2024-12-10T07:39:37.266Z] Error writing to Modbus register: A Modbus Exception Occurred - See Response Body
[2024-12-10T07:39:38.253Z] Error reading or processing Modbus registers: A Modbus Exception Occurred - See Response Body
[2024-12-10T07:39:38.256Z] Error reading register 6507 for IP 10.30.4.128: A Modbus Exception Occurred - See Response Body
[2024-12-10T07:39:38.257Z] Error reading actual data: A Modbus Exception Occurred - See Response Body
[2024-12-10T07:39:38.257Z] Error writing to Modbus register: A Modbus Exception Occurred - See Response Body
[2024-12-10T07:39:39.267Z] Error reading or processing Modbus registers: A Modbus Exception Occurred - See Response Body
[2024-12-10T07:39:39.270Z] Error reading register 6507 for IP 10.30.4.128: A Modbus Exception Occurred - See Response Body
[2024-12-10T07:39:39.271Z] Error reading actual data: A Modbus Exception Occurred - See Response Body
[2024-12-10T07:39:39.271Z] Error writing to Modbus register: A Modbus Exception Occurred - See Response Body
[2024-12-10T07:39:40.269Z] Error reading or processing Modbus registers: A Modbus Exception Occurred - See Response Body
[2024-12-10T07:39:40.272Z] Error reading register 6507 for IP 10.30.4.128: A Modbus Exception Occurred - See Response Body
[2024-12-10T07:39:40.272Z] Error reading actual data: A Modbus Exception Occurred - See Response Body
[2024-12-10T07:39:40.273Z] Error writing to Modbus register: A Modbus Exception Occurred - See Response Body
[2024-12-10T07:39:41.283Z] Error reading or processing Modbus registers: A Modbus Exception Occurred - See Response Body
[2024-12-10T07:39:41.286Z] Error reading register 6507 for IP 10.30.4.128: A Modbus Exception Occurred - See Response Body
[2024-12-10T07:39:41.287Z] Error reading actual data: A Modbus Exception Occurred - See Response Body
[2024-12-10T07:39:41.287Z] Error writing to Modbus register: A Modbus Exception Occurred - See Response Body
[2024-12-10T07:39:42.294Z] Error reading or processing Modbus registers: A Modbus Exception Occurred - See Response Body
[2024-12-10T07:39:42.296Z] Error reading register 6507 for IP 10.30.4.128: A Modbus Exception Occurred - See Response Body
[2024-12-10T07:39:42.297Z] Error reading actual data: A Modbus Exception Occurred - See Response Body
[2024-12-10T07:39:42.298Z] Error writing to Modbus register: A Modbus Exception Occurred - See Response Body
[2024-12-10T07:39:43.305Z] Error reading or processing Modbus registers: A Modbus Exception Occurred - See Response Body
[2024-12-10T07:39:43.308Z] Error reading register 6507 for IP 10.30.4.128: A Modbus Exception Occurred - See Response Body
[2024-12-10T07:39:43.309Z] Error reading actual data: A Modbus Exception Occurred - See Response Body
[2024-12-10T07:39:43.310Z] Error writing to Modbus register: A Modbus Exception Occurred - See Response Body
[2024-12-10T07:39:44.318Z] Error reading or processing Modbus registers: A Modbus Exception Occurred - See Response Body
[2024-12-10T07:39:44.323Z] Error reading register 6507 for IP 10.30.4.128: A Modbus Exception Occurred - See Response Body
[2024-12-10T07:39:44.324Z] Error reading actual data: A Modbus Exception Occurred - See Response Body
[2024-12-10T07:39:44.324Z] Error writing to Modbus register: A Modbus Exception Occurred - See Response Body
[2024-12-10T07:39:45.323Z] Error reading or processing Modbus registers: A Modbus Exception Occurred - See Response Body
[2024-12-10T07:39:45.325Z] Error reading register 6507 for IP 10.30.4.128: A Modbus Exception Occurred - See Response Body
[2024-12-10T07:39:45.326Z] Error reading actual data: A Modbus Exception Occurred - See Response Body
[2024-12-10T07:39:45.326Z] Error writing to Modbus register: A Modbus Exception Occurred - See Response Body
[2024-12-10T07:39:46.335Z] Error reading or processing Modbus registers: A Modbus Exception Occurred - See Response Body
[2024-12-10T07:39:46.337Z] Error reading register 6507 for IP 10.30.4.128: A Modbus Exception Occurred - See Response Body
[2024-12-10T07:39:46.338Z] Error reading actual data: A Modbus Exception Occurred - See Response Body
[2024-12-10T07:39:46.339Z] Error writing to Modbus register: A Modbus Exception Occurred - See Response Body
[2024-12-10T07:39:47.335Z] Error reading or processing Modbus registers: A Modbus Exception Occurred - See Response Body
[2024-12-10T07:39:47.337Z] Error reading register 6507 for IP 10.30.4.128: A Modbus Exception Occurred - See Response Body
[2024-12-10T07:39:47.338Z] Error reading actual data: A Modbus Exception Occurred - See Response Body
[2024-12-10T07:39:47.338Z] Error writing to Modbus register: A Modbus Exception Occurred - See Response Body
[2024-12-10T07:39:48.347Z] Error reading or processing Modbus registers: A Modbus Exception Occurred - See Response Body
[2024-12-10T07:39:48.349Z] Error reading register 6507 for IP 10.30.4.128: A Modbus Exception Occurred - See Response Body
[2024-12-10T07:39:48.350Z] Error reading actual data: A Modbus Exception Occurred - See Response Body
[2024-12-10T07:39:48.350Z] Error writing to Modbus register: A Modbus Exception Occurred - See Response Body
[2024-12-10T07:39:49.348Z] Error reading or processing Modbus registers: A Modbus Exception Occurred - See Response Body
[2024-12-10T07:39:49.350Z] Error reading register 6507 for IP 10.30.4.128: A Modbus Exception Occurred - See Response Body
[2024-12-10T07:39:49.351Z] Error reading actual data: A Modbus Exception Occurred - See Response Body
[2024-12-10T07:39:49.352Z] Error writing to Modbus register: A Modbus Exception Occurred - See Response Body
[2024-12-10T07:39:50.357Z] Error reading or processing Modbus registers: A Modbus Exception Occurred - See Response Body
[2024-12-10T07:39:50.360Z] Error reading register 6507 for IP 10.30.4.128: A Modbus Exception Occurred - See Response Body
[2024-12-10T07:39:50.360Z] Error reading actual data: A Modbus Exception Occurred - See Response Body
[2024-12-10T07:39:50.361Z] Error writing to Modbus register: A Modbus Exception Occurred - See Response Body
[2024-12-10T07:39:51.373Z] Error reading or processing Modbus registers: A Modbus Exception Occurred - See Response Body
[2024-12-10T07:39:51.375Z] Error reading register 6507 for IP 10.30.4.128: A Modbus Exception Occurred - See Response Body
[2024-12-10T07:39:51.376Z] Error reading actual data: A Modbus Exception Occurred - See Response Body
[2024-12-10T07:39:51.376Z] Error writing to Modbus register: A Modbus Exception Occurred - See Response Body
[2024-12-10T07:39:52.373Z] Error reading or processing Modbus registers: A Modbus Exception Occurred - See Response Body
[2024-12-10T07:39:52.375Z] Error reading register 6507 for IP 10.30.4.128: A Modbus Exception Occurred - See Response Body
[2024-12-10T07:39:52.376Z] Error reading actual data: A Modbus Exception Occurred - See Response Body
[2024-12-10T07:39:52.376Z] Error writing to Modbus register: A Modbus Exception Occurred - See Response Body
[2024-12-10T07:39:53.374Z] Error reading or processing Modbus registers: A Modbus Exception Occurred - See Response Body
[2024-12-10T07:39:53.376Z] Error reading register 6507 for IP 10.30.4.128: A Modbus Exception Occurred - See Response Body
[2024-12-10T07:39:53.377Z] Error reading actual data: A Modbus Exception Occurred - See Response Body
[2024-12-10T07:39:53.377Z] Error writing to Modbus register: A Modbus Exception Occurred - See Response Body
[2024-12-10T07:39:54.377Z] Error reading or processing Modbus registers: A Modbus Exception Occurred - See Response Body
[2024-12-10T07:39:54.379Z] Error reading register 6507 for IP 10.30.4.128: A Modbus Exception Occurred - See Response Body
[2024-12-10T07:39:54.380Z] Error reading actual data: A Modbus Exception Occurred - See Response Body
[2024-12-10T07:39:54.381Z] Error writing to Modbus register: A Modbus Exception Occurred - See Response Body
[2024-12-10T07:39:55.390Z] Error reading or processing Modbus registers: A Modbus Exception Occurred - See Response Body
[2024-12-10T07:39:55.394Z] Error reading register 6507 for IP 10.30.4.128: A Modbus Exception Occurred - See Response Body
[2024-12-10T07:39:55.395Z] Error reading actual data: A Modbus Exception Occurred - See Response Body
[2024-12-10T07:39:55.395Z] Error writing to Modbus register: A Modbus Exception Occurred - See Response Body
[2024-12-10T07:39:56.405Z] Error reading or processing Modbus registers: A Modbus Exception Occurred - See Response Body
[2024-12-10T07:39:56.407Z] Error reading register 6507 for IP 10.30.4.128: A Modbus Exception Occurred - See Response Body
[2024-12-10T07:39:56.408Z] Error reading actual data: A Modbus Exception Occurred - See Response Body
[2024-12-10T07:39:56.408Z] Error writing to Modbus register: A Modbus Exception Occurred - See Response Body
[2024-12-10T07:39:57.416Z] Error reading or processing Modbus registers: A Modbus Exception Occurred - See Response Body
[2024-12-10T07:39:57.418Z] Error reading register 6507 for IP 10.30.4.128: A Modbus Exception Occurred - See Response Body
[2024-12-10T07:39:57.419Z] Error reading actual data: A Modbus Exception Occurred - See Response Body
[2024-12-10T07:39:57.419Z] Error writing to Modbus register: A Modbus Exception Occurred - See Response Body
[2024-12-10T07:39:58.431Z] Error reading or processing Modbus registers: A Modbus Exception Occurred - See Response Body
[2024-12-10T07:39:58.434Z] Error reading register 6507 for IP 10.30.4.128: A Modbus Exception Occurred - See Response Body
[2024-12-10T07:39:58.435Z] Error reading actual data: A Modbus Exception Occurred - See Response Body
[2024-12-10T07:39:58.435Z] Error writing to Modbus register: A Modbus Exception Occurred - See Response Body
[2024-12-10T07:39:59.444Z] Error reading or processing Modbus registers: A Modbus Exception Occurred - See Response Body
[2024-12-10T07:39:59.447Z] Error reading register 6507 for IP 10.30.4.128: A Modbus Exception Occurred - See Response Body
[2024-12-10T07:39:59.448Z] Error reading actual data: A Modbus Exception Occurred - See Response Body
[2024-12-10T07:39:59.448Z] Error writing to Modbus register: A Modbus Exception Occurred - See Response Body
[2024-12-10T07:40:00.459Z] Error reading or processing Modbus registers: A Modbus Exception Occurred - See Response Body
[2024-12-10T07:40:00.462Z] Error reading register 6507 for IP 10.30.4.128: A Modbus Exception Occurred - See Response Body
[2024-12-10T07:40:00.462Z] Error reading actual data: A Modbus Exception Occurred - See Response Body
[2024-12-10T07:40:00.463Z] Error writing to Modbus register: A Modbus Exception Occurred - See Response Body
[2024-12-10T07:40:01.472Z] Error reading or processing Modbus registers: A Modbus Exception Occurred - See Response Body
[2024-12-10T07:40:01.474Z] Error reading register 6507 for IP 10.30.4.128: A Modbus Exception Occurred - See Response Body
[2024-12-10T07:40:01.475Z] Error reading actual data: A Modbus Exception Occurred - See Response Body
[2024-12-10T07:40:01.476Z] Error writing to Modbus register: A Modbus Exception Occurred - See Response Body
[2024-12-10T07:40:02.486Z] Error reading or processing Modbus registers: A Modbus Exception Occurred - See Response Body
[2024-12-10T07:40:02.488Z] Error reading register 6507 for IP 10.30.4.128: A Modbus Exception Occurred - See Response Body
[2024-12-10T07:40:02.489Z] Error reading actual data: A Modbus Exception Occurred - See Response Body
[2024-12-10T07:40:02.490Z] Error writing to Modbus register: A Modbus Exception Occurred - See Response Body
[2024-12-10T07:40:03.490Z] Error reading or processing Modbus registers: A Modbus Exception Occurred - See Response Body
[2024-12-10T07:40:03.493Z] Error reading register 6507 for IP 10.30.4.128: A Modbus Exception Occurred - See Response Body
[2024-12-10T07:40:03.493Z] Error reading actual data: A Modbus Exception Occurred - See Response Body
[2024-12-10T07:40:03.494Z] Error writing to Modbus register: A Modbus Exception Occurred - See Response Body
[2024-12-10T07:40:04.504Z] Error reading or processing Modbus registers: A Modbus Exception Occurred - See Response Body
[2024-12-10T07:40:04.506Z] Error reading register 6507 for IP 10.30.4.128: A Modbus Exception Occurred - See Response Body
[2024-12-10T07:40:04.507Z] Error reading actual data: A Modbus Exception Occurred - See Response Body
[2024-12-10T07:40:04.508Z] Error writing to Modbus register: A Modbus Exception Occurred - See Response Body
[2024-12-10T07:40:05.505Z] Error reading or processing Modbus registers: A Modbus Exception Occurred - See Response Body
[2024-12-10T07:40:05.507Z] Error reading register 6507 for IP 10.30.4.128: A Modbus Exception Occurred - See Response Body
[2024-12-10T07:40:05.508Z] Error reading actual data: A Modbus Exception Occurred - See Response Body
[2024-12-10T07:40:05.508Z] Error writing to Modbus register: A Modbus Exception Occurred - See Response Body
[2024-12-10T07:40:06.518Z] Error reading or processing Modbus registers: A Modbus Exception Occurred - See Response Body
[2024-12-10T07:40:06.521Z] Error reading register 6507 for IP 10.30.4.128: A Modbus Exception Occurred - See Response Body
[2024-12-10T07:40:06.522Z] Error reading actual data: A Modbus Exception Occurred - See Response Body
[2024-12-10T07:40:06.522Z] Error writing to Modbus register: A Modbus Exception Occurred - See Response Body
[2024-12-10T07:40:07.531Z] Error reading or processing Modbus registers: A Modbus Exception Occurred - See Response Body
[2024-12-10T07:40:07.534Z] Error reading register 6507 for IP 10.30.4.128: A Modbus Exception Occurred - See Response Body
[2024-12-10T07:40:07.534Z] Error reading actual data: A Modbus Exception Occurred - See Response Body
[2024-12-10T07:40:07.535Z] Error writing to Modbus register: A Modbus Exception Occurred - See Response Body
[2024-12-10T07:40:08.532Z] Error reading or processing Modbus registers: A Modbus Exception Occurred - See Response Body
[2024-12-10T07:40:08.535Z] Error reading register 6507 for IP 10.30.4.128: A Modbus Exception Occurred - See Response Body
[2024-12-10T07:40:08.536Z] Error reading actual data: A Modbus Exception Occurred - See Response Body
[2024-12-10T07:40:08.536Z] Error writing to Modbus register: A Modbus Exception Occurred - See Response Body
[2024-12-10T07:40:09.532Z] Error reading or processing Modbus registers: A Modbus Exception Occurred - See Response Body
[2024-12-10T07:40:09.535Z] Error reading register 6507 for IP 10.30.4.128: A Modbus Exception Occurred - See Response Body
[2024-12-10T07:40:09.535Z] Error reading actual data: A Modbus Exception Occurred - See Response Body
[2024-12-10T07:40:09.536Z] Error writing to Modbus register: A Modbus Exception Occurred - See Response Body
[2024-12-10T07:40:10.536Z] Error reading or processing Modbus registers: A Modbus Exception Occurred - See Response Body
[2024-12-10T07:40:10.538Z] Error reading register 6507 for IP 10.30.4.128: A Modbus Exception Occurred - See Response Body
[2024-12-10T07:40:10.539Z] Error reading actual data: A Modbus Exception Occurred - See Response Body
[2024-12-10T07:40:10.540Z] Error writing to Modbus register: A Modbus Exception Occurred - See Response Body
[2024-12-10T07:40:11.536Z] Error reading or processing Modbus registers: A Modbus Exception Occurred - See Response Body
[2024-12-10T07:40:11.538Z] Error reading register 6507 for IP 10.30.4.128: A Modbus Exception Occurred - See Response Body
[2024-12-10T07:40:11.539Z] Error reading actual data: A Modbus Exception Occurred - See Response Body
[2024-12-10T07:40:11.539Z] Error writing to Modbus register: A Modbus Exception Occurred - See Response Body
[2024-12-10T07:40:12.550Z] Error reading or processing Modbus registers: A Modbus Exception Occurred - See Response Body
[2024-12-10T07:40:12.553Z] Error reading register 6507 for IP 10.30.4.128: A Modbus Exception Occurred - See Response Body
[2024-12-10T07:40:12.555Z] Error reading actual data: A Modbus Exception Occurred - See Response Body
[2024-12-10T07:40:12.555Z] Error writing to Modbus register: A Modbus Exception Occurred - See Response Body
[2024-12-10T07:40:13.553Z] Error reading or processing Modbus registers: A Modbus Exception Occurred - See Response Body
[2024-12-10T07:40:13.555Z] Error reading register 6507 for IP 10.30.4.128: A Modbus Exception Occurred - See Response Body
[2024-12-10T07:40:13.556Z] Error reading actual data: A Modbus Exception Occurred - See Response Body
[2024-12-10T07:40:13.558Z] Error writing to Modbus register: A Modbus Exception Occurred - See Response Body
[2024-12-10T07:40:14.555Z] Error reading or processing Modbus registers: A Modbus Exception Occurred - See Response Body
[2024-12-10T07:40:14.558Z] Error reading register 6507 for IP 10.30.4.128: A Modbus Exception Occurred - See Response Body
[2024-12-10T07:40:14.558Z] Error reading actual data: A Modbus Exception Occurred - See Response Body
[2024-12-10T07:40:14.559Z] Error writing to Modbus register: A Modbus Exception Occurred - See Response Body
[2024-12-10T07:40:15.567Z] Error reading or processing Modbus registers: A Modbus Exception Occurred - See Response Body
[2024-12-10T07:40:15.569Z] Error reading register 6507 for IP 10.30.4.128: A Modbus Exception Occurred - See Response Body
[2024-12-10T07:40:15.570Z] Error reading actual data: A Modbus Exception Occurred - See Response Body
[2024-12-10T07:40:15.571Z] Error writing to Modbus register: A Modbus Exception Occurred - See Response Body
[2024-12-10T07:40:16.582Z] Error reading or processing Modbus registers: A Modbus Exception Occurred - See Response Body
[2024-12-10T07:40:16.584Z] Error reading register 6507 for IP 10.30.4.128: A Modbus Exception Occurred - See Response Body
[2024-12-10T07:40:16.585Z] Error reading actual data: A Modbus Exception Occurred - See Response Body
[2024-12-10T07:40:16.586Z] Error writing to Modbus register: A Modbus Exception Occurred - See Response Body
[2024-12-10T07:40:17.593Z] Error reading or processing Modbus registers: A Modbus Exception Occurred - See Response Body
[2024-12-10T07:40:17.596Z] Error reading register 6507 for IP 10.30.4.128: A Modbus Exception Occurred - See Response Body
[2024-12-10T07:40:17.597Z] Error reading actual data: A Modbus Exception Occurred - See Response Body
[2024-12-10T07:40:17.597Z] Error writing to Modbus register: A Modbus Exception Occurred - See Response Body
[2024-12-10T07:40:18.605Z] Error reading or processing Modbus registers: A Modbus Exception Occurred - See Response Body
[2024-12-10T07:40:18.607Z] Error reading register 6507 for IP 10.30.4.128: A Modbus Exception Occurred - See Response Body
[2024-12-10T07:40:18.608Z] Error reading actual data: A Modbus Exception Occurred - See Response Body
[2024-12-10T07:40:18.609Z] Error writing to Modbus register: A Modbus Exception Occurred - See Response Body
[2024-12-10T07:40:19.619Z] Error reading or processing Modbus registers: A Modbus Exception Occurred - See Response Body
[2024-12-10T07:40:19.622Z] Error reading register 6507 for IP 10.30.4.128: A Modbus Exception Occurred - See Response Body
[2024-12-10T07:40:19.622Z] Error reading actual data: A Modbus Exception Occurred - See Response Body
[2024-12-10T07:40:19.623Z] Error writing to Modbus register: A Modbus Exception Occurred - See Response Body
[2024-12-10T07:40:20.634Z] Error reading or processing Modbus registers: A Modbus Exception Occurred - See Response Body
[2024-12-10T07:40:20.636Z] Error reading register 6507 for IP 10.30.4.128: A Modbus Exception Occurred - See Response Body
[2024-12-10T07:40:20.637Z] Error reading actual data: A Modbus Exception Occurred - See Response Body
[2024-12-10T07:40:20.637Z] Error writing to Modbus register: A Modbus Exception Occurred - See Response Body
[2024-12-10T07:40:21.636Z] Error reading or processing Modbus registers: A Modbus Exception Occurred - See Response Body
[2024-12-10T07:40:21.639Z] Error reading register 6507 for IP 10.30.4.128: A Modbus Exception Occurred - See Response Body
[2024-12-10T07:40:21.640Z] Error reading actual data: A Modbus Exception Occurred - See Response Body
[2024-12-10T07:40:21.640Z] Error writing to Modbus register: A Modbus Exception Occurred - See Response Body
[2024-12-10T07:40:22.648Z] Error reading or processing Modbus registers: A Modbus Exception Occurred - See Response Body
[2024-12-10T07:40:22.651Z] Error reading register 6507 for IP 10.30.4.128: A Modbus Exception Occurred - See Response Body
[2024-12-10T07:40:22.652Z] Error reading actual data: A Modbus Exception Occurred - See Response Body
[2024-12-10T07:40:22.652Z] Error writing to Modbus register: A Modbus Exception Occurred - See Response Body
[2024-12-10T07:40:23.660Z] Error reading or processing Modbus registers: A Modbus Exception Occurred - See Response Body
[2024-12-10T07:40:23.663Z] Error reading register 6507 for IP 10.30.4.128: A Modbus Exception Occurred - See Response Body
[2024-12-10T07:40:23.664Z] Error reading actual data: A Modbus Exception Occurred - See Response Body
[2024-12-10T07:40:23.664Z] Error writing to Modbus register: A Modbus Exception Occurred - See Response Body
[2024-12-10T07:40:24.672Z] Error reading or processing Modbus registers: A Modbus Exception Occurred - See Response Body
[2024-12-10T07:40:24.678Z] Error reading register 6507 for IP 10.30.4.128: A Modbus Exception Occurred - See Response Body
[2024-12-10T07:40:24.678Z] Error reading actual data: A Modbus Exception Occurred - See Response Body
[2024-12-10T07:40:24.679Z] Error writing to Modbus register: A Modbus Exception Occurred - See Response Body
[2024-12-10T07:40:25.687Z] Error reading or processing Modbus registers: A Modbus Exception Occurred - See Response Body
[2024-12-10T07:40:25.689Z] Error reading register 6507 for IP 10.30.4.128: A Modbus Exception Occurred - See Response Body
[2024-12-10T07:40:25.690Z] Error reading actual data: A Modbus Exception Occurred - See Response Body
[2024-12-10T07:40:25.691Z] Error writing to Modbus register: A Modbus Exception Occurred - See Response Body
[2024-12-10T07:40:26.702Z] Error reading or processing Modbus registers: A Modbus Exception Occurred - See Response Body
[2024-12-10T07:40:26.704Z] Error reading register 6507 for IP 10.30.4.128: A Modbus Exception Occurred - See Response Body
[2024-12-10T07:40:26.705Z] Error reading actual data: A Modbus Exception Occurred - See Response Body
[2024-12-10T07:40:26.705Z] Error writing to Modbus register: A Modbus Exception Occurred - See Response Body
[2024-12-10T07:40:27.715Z] Error reading or processing Modbus registers: A Modbus Exception Occurred - See Response Body
[2024-12-10T07:40:27.718Z] Error reading register 6507 for IP 10.30.4.128: A Modbus Exception Occurred - See Response Body
[2024-12-10T07:40:27.718Z] Error reading actual data: A Modbus Exception Occurred - See Response Body
[2024-12-10T07:40:27.719Z] Error writing to Modbus register: A Modbus Exception Occurred - See Response Body
[2024-12-10T07:40:28.719Z] Error reading or processing Modbus registers: A Modbus Exception Occurred - See Response Body
[2024-12-10T07:40:28.722Z] Error reading register 6507 for IP 10.30.4.128: A Modbus Exception Occurred - See Response Body
[2024-12-10T07:40:28.722Z] Error reading actual data: A Modbus Exception Occurred - See Response Body
[2024-12-10T07:40:28.723Z] Error writing to Modbus register: A Modbus Exception Occurred - See Response Body
[2024-12-10T07:40:29.731Z] Error reading or processing Modbus registers: A Modbus Exception Occurred - See Response Body
[2024-12-10T07:40:29.734Z] Error reading register 6507 for IP 10.30.4.128: A Modbus Exception Occurred - See Response Body
[2024-12-10T07:40:29.735Z] Error reading actual data: A Modbus Exception Occurred - See Response Body
[2024-12-10T07:40:29.737Z] Error writing to Modbus register: A Modbus Exception Occurred - See Response Body
[2024-12-10T07:40:30.745Z] Error reading or processing Modbus registers: A Modbus Exception Occurred - See Response Body
[2024-12-10T07:40:30.748Z] Error reading register 6507 for IP 10.30.4.128: A Modbus Exception Occurred - See Response Body
[2024-12-10T07:40:30.749Z] Error reading actual data: A Modbus Exception Occurred - See Response Body
[2024-12-10T07:40:30.749Z] Error writing to Modbus register: A Modbus Exception Occurred - See Response Body
[2024-12-10T07:40:31.759Z] Error reading or processing Modbus registers: A Modbus Exception Occurred - See Response Body
[2024-12-10T07:40:31.761Z] Error reading register 6507 for IP 10.30.4.128: A Modbus Exception Occurred - See Response Body
[2024-12-10T07:40:31.762Z] Error reading actual data: A Modbus Exception Occurred - See Response Body
[2024-12-10T07:40:31.762Z] Error writing to Modbus register: A Modbus Exception Occurred - See Response Body
[2024-12-10T07:40:32.774Z] Error reading or processing Modbus registers: A Modbus Exception Occurred - See Response Body
[2024-12-10T07:40:32.777Z] Error reading register 6507 for IP 10.30.4.128: A Modbus Exception Occurred - See Response Body
[2024-12-10T07:40:32.778Z] Error reading actual data: A Modbus Exception Occurred - See Response Body
[2024-12-10T07:40:32.778Z] Error writing to Modbus register: A Modbus Exception Occurred - See Response Body
[2024-12-10T07:40:33.789Z] Error reading or processing Modbus registers: A Modbus Exception Occurred - See Response Body
[2024-12-10T07:40:33.791Z] Error reading register 6507 for IP 10.30.4.128: A Modbus Exception Occurred - See Response Body
[2024-12-10T07:40:33.792Z] Error reading actual data: A Modbus Exception Occurred - See Response Body
[2024-12-10T07:40:33.793Z] Error writing to Modbus register: A Modbus Exception Occurred - See Response Body
[2024-12-10T07:40:34.791Z] Error reading or processing Modbus registers: A Modbus Exception Occurred - See Response Body
[2024-12-10T07:40:34.793Z] Error reading register 6507 for IP 10.30.4.128: A Modbus Exception Occurred - See Response Body
[2024-12-10T07:40:34.794Z] Error reading actual data: A Modbus Exception Occurred - See Response Body
[2024-12-10T07:40:34.795Z] Error writing to Modbus register: A Modbus Exception Occurred - See Response Body
[2024-12-10T07:40:35.804Z] Error reading or processing Modbus registers: A Modbus Exception Occurred - See Response Body
[2024-12-10T07:40:35.807Z] Error reading register 6507 for IP 10.30.4.128: A Modbus Exception Occurred - See Response Body
[2024-12-10T07:40:35.808Z] Error reading actual data: A Modbus Exception Occurred - See Response Body
[2024-12-10T07:40:35.808Z] Error writing to Modbus register: A Modbus Exception Occurred - See Response Body
[2024-12-10T07:40:36.819Z] Error reading or processing Modbus registers: A Modbus Exception Occurred - See Response Body
[2024-12-10T07:40:36.821Z] Error reading register 6507 for IP 10.30.4.128: A Modbus Exception Occurred - See Response Body
[2024-12-10T07:40:36.822Z] Error reading actual data: A Modbus Exception Occurred - See Response Body
[2024-12-10T07:40:36.823Z] Error writing to Modbus register: A Modbus Exception Occurred - See Response Body
[2024-12-10T07:40:37.833Z] Error reading or processing Modbus registers: A Modbus Exception Occurred - See Response Body
[2024-12-10T07:40:37.835Z] Error reading register 6507 for IP 10.30.4.128: A Modbus Exception Occurred - See Response Body
[2024-12-10T07:40:37.836Z] Error reading actual data: A Modbus Exception Occurred - See Response Body
[2024-12-10T07:40:37.836Z] Error writing to Modbus register: A Modbus Exception Occurred - See Response Body
[2024-12-10T07:40:38.843Z] Error reading or processing Modbus registers: A Modbus Exception Occurred - See Response Body
[2024-12-10T07:40:38.845Z] Error reading register 6507 for IP 10.30.4.128: A Modbus Exception Occurred - See Response Body
[2024-12-10T07:40:38.846Z] Error reading actual data: A Modbus Exception Occurred - See Response Body
[2024-12-10T07:40:38.847Z] Error writing to Modbus register: A Modbus Exception Occurred - See Response Body
[2024-12-10T07:40:39.843Z] Error reading or processing Modbus registers: A Modbus Exception Occurred - See Response Body
[2024-12-10T07:40:39.846Z] Error reading register 6507 for IP 10.30.4.128: A Modbus Exception Occurred - See Response Body
[2024-12-10T07:40:39.846Z] Error reading actual data: A Modbus Exception Occurred - See Response Body
[2024-12-10T07:40:39.847Z] Error writing to Modbus register: A Modbus Exception Occurred - See Response Body
[2024-12-10T07:40:40.855Z] Error reading or processing Modbus registers: A Modbus Exception Occurred - See Response Body
[2024-12-10T07:40:40.858Z] Error reading register 6507 for IP 10.30.4.128: A Modbus Exception Occurred - See Response Body
[2024-12-10T07:40:40.859Z] Error reading actual data: A Modbus Exception Occurred - See Response Body
[2024-12-10T07:40:40.859Z] Error writing to Modbus register: A Modbus Exception Occurred - See Response Body
[2024-12-10T07:40:41.858Z] Error reading or processing Modbus registers: A Modbus Exception Occurred - See Response Body
[2024-12-10T07:40:41.861Z] Error reading register 6507 for IP 10.30.4.128: A Modbus Exception Occurred - See Response Body
[2024-12-10T07:40:41.862Z] Error reading actual data: A Modbus Exception Occurred - See Response Body
[2024-12-10T07:40:41.862Z] Error writing to Modbus register: A Modbus Exception Occurred - See Response Body
[2024-12-10T07:40:42.871Z] Error reading or processing Modbus registers: A Modbus Exception Occurred - See Response Body
[2024-12-10T07:40:42.874Z] Error reading register 6507 for IP 10.30.4.128: A Modbus Exception Occurred - See Response Body
[2024-12-10T07:40:42.875Z] Error reading actual data: A Modbus Exception Occurred - See Response Body
[2024-12-10T07:40:42.875Z] Error writing to Modbus register: A Modbus Exception Occurred - See Response Body
[2024-12-10T07:40:43.875Z] Error reading or processing Modbus registers: A Modbus Exception Occurred - See Response Body
[2024-12-10T07:40:43.877Z] Error reading register 6507 for IP 10.30.4.128: A Modbus Exception Occurred - See Response Body
[2024-12-10T07:40:43.878Z] Error reading actual data: A Modbus Exception Occurred - See Response Body
[2024-12-10T07:40:43.879Z] Error writing to Modbus register: A Modbus Exception Occurred - See Response Body
[2024-12-10T07:40:44.886Z] Error reading or processing Modbus registers: A Modbus Exception Occurred - See Response Body
[2024-12-10T07:40:44.888Z] Error reading register 6507 for IP 10.30.4.128: A Modbus Exception Occurred - See Response Body
[2024-12-10T07:40:44.889Z] Error reading actual data: A Modbus Exception Occurred - See Response Body
[2024-12-10T07:40:44.889Z] Error writing to Modbus register: A Modbus Exception Occurred - See Response Body
[2024-12-10T07:40:45.899Z] Error reading or processing Modbus registers: A Modbus Exception Occurred - See Response Body
[2024-12-10T07:40:45.902Z] Error reading register 6507 for IP 10.30.4.128: A Modbus Exception Occurred - See Response Body
[2024-12-10T07:40:45.903Z] Error reading actual data: A Modbus Exception Occurred - See Response Body
[2024-12-10T07:40:45.903Z] Error writing to Modbus register: A Modbus Exception Occurred - See Response Body
[2024-12-10T07:40:46.914Z] Error reading or processing Modbus registers: A Modbus Exception Occurred - See Response Body
[2024-12-10T07:40:46.917Z] Error reading register 6507 for IP 10.30.4.128: A Modbus Exception Occurred - See Response Body
[2024-12-10T07:40:46.917Z] Error reading actual data: A Modbus Exception Occurred - See Response Body
[2024-12-10T07:40:46.918Z] Error writing to Modbus register: A Modbus Exception Occurred - See Response Body
[2024-12-10T07:40:47.926Z] Error reading or processing Modbus registers: A Modbus Exception Occurred - See Response Body
[2024-12-10T07:40:47.928Z] Error reading register 6507 for IP 10.30.4.128: A Modbus Exception Occurred - See Response Body
[2024-12-10T07:40:47.928Z] Error reading actual data: A Modbus Exception Occurred - See Response Body
[2024-12-10T07:40:47.929Z] Error writing to Modbus register: A Modbus Exception Occurred - See Response Body
[2024-12-10T07:40:48.927Z] Error reading or processing Modbus registers: A Modbus Exception Occurred - See Response Body
[2024-12-10T07:40:48.929Z] Error reading register 6507 for IP 10.30.4.128: A Modbus Exception Occurred - See Response Body
[2024-12-10T07:40:48.930Z] Error reading actual data: A Modbus Exception Occurred - See Response Body
[2024-12-10T07:40:48.931Z] Error writing to Modbus register: A Modbus Exception Occurred - See Response Body
[2024-12-10T07:40:49.940Z] Error reading or processing Modbus registers: A Modbus Exception Occurred - See Response Body
[2024-12-10T07:40:49.942Z] Error reading register 6507 for IP 10.30.4.128: A Modbus Exception Occurred - See Response Body
[2024-12-10T07:40:49.942Z] Error reading actual data: A Modbus Exception Occurred - See Response Body
[2024-12-10T07:40:49.943Z] Error writing to Modbus register: A Modbus Exception Occurred - See Response Body
[2024-12-10T07:40:50.943Z] Error reading or processing Modbus registers: A Modbus Exception Occurred - See Response Body
[2024-12-10T07:40:50.946Z] Error reading register 6507 for IP 10.30.4.128: A Modbus Exception Occurred - See Response Body
[2024-12-10T07:40:50.947Z] Error reading actual data: A Modbus Exception Occurred - See Response Body
[2024-12-10T07:40:50.948Z] Error writing to Modbus register: A Modbus Exception Occurred - See Response Body
[2024-12-10T07:40:51.957Z] Error reading or processing Modbus registers: A Modbus Exception Occurred - See Response Body
[2024-12-10T07:40:51.960Z] Error reading register 6507 for IP 10.30.4.128: A Modbus Exception Occurred - See Response Body
[2024-12-10T07:40:51.961Z] Error reading actual data: A Modbus Exception Occurred - See Response Body
[2024-12-10T07:40:51.962Z] Error writing to Modbus register: A Modbus Exception Occurred - See Response Body
[2024-12-10T07:40:52.971Z] Error reading or processing Modbus registers: A Modbus Exception Occurred - See Response Body
[2024-12-10T07:40:52.974Z] Error reading register 6507 for IP 10.30.4.128: A Modbus Exception Occurred - See Response Body
[2024-12-10T07:40:52.975Z] Error reading actual data: A Modbus Exception Occurred - See Response Body
[2024-12-10T07:40:52.976Z] Error writing to Modbus register: A Modbus Exception Occurred - See Response Body
[2024-12-10T07:40:53.973Z] Error reading or processing Modbus registers: A Modbus Exception Occurred - See Response Body
[2024-12-10T07:40:53.975Z] Error reading register 6507 for IP 10.30.4.128: A Modbus Exception Occurred - See Response Body
[2024-12-10T07:40:53.976Z] Error reading actual data: A Modbus Exception Occurred - See Response Body
[2024-12-10T07:40:53.977Z] Error writing to Modbus register: A Modbus Exception Occurred - See Response Body
[2024-12-10T07:40:54.986Z] Error reading or processing Modbus registers: A Modbus Exception Occurred - See Response Body
[2024-12-10T07:40:54.990Z] Error reading register 6507 for IP 10.30.4.128: A Modbus Exception Occurred - See Response Body
[2024-12-10T07:40:54.990Z] Error reading actual data: A Modbus Exception Occurred - See Response Body
[2024-12-10T07:40:54.991Z] Error writing to Modbus register: A Modbus Exception Occurred - See Response Body
[2024-12-10T07:40:55.988Z] Error reading or processing Modbus registers: A Modbus Exception Occurred - See Response Body
[2024-12-10T07:40:55.990Z] Error reading register 6507 for IP 10.30.4.128: A Modbus Exception Occurred - See Response Body
[2024-12-10T07:40:55.991Z] Error reading actual data: A Modbus Exception Occurred - See Response Body
[2024-12-10T07:40:55.992Z] Error writing to Modbus register: A Modbus Exception Occurred - See Response Body
[2024-12-10T07:40:56.997Z] Error reading or processing Modbus registers: A Modbus Exception Occurred - See Response Body
[2024-12-10T07:40:57.000Z] Error reading register 6507 for IP 10.30.4.128: A Modbus Exception Occurred - See Response Body
[2024-12-10T07:40:57.001Z] Error reading actual data: A Modbus Exception Occurred - See Response Body
[2024-12-10T07:40:57.002Z] Error writing to Modbus register: A Modbus Exception Occurred - See Response Body
[2024-12-10T07:40:58.007Z] Error reading or processing Modbus registers: A Modbus Exception Occurred - See Response Body
[2024-12-10T07:40:58.010Z] Error reading register 6507 for IP 10.30.4.128: A Modbus Exception Occurred - See Response Body
[2024-12-10T07:40:58.011Z] Error reading actual data: A Modbus Exception Occurred - See Response Body
[2024-12-10T07:40:58.011Z] Error writing to Modbus register: A Modbus Exception Occurred - See Response Body
[2024-12-10T07:40:59.023Z] Error reading or processing Modbus registers: A Modbus Exception Occurred - See Response Body
[2024-12-10T07:40:59.027Z] Error reading actual data: A Modbus Exception Occurred - See Response Body
[2024-12-10T07:40:59.025Z] Error reading register 6507 for IP 10.30.4.128: A Modbus Exception Occurred - See Response Body
[2024-12-10T07:40:59.027Z] Error writing to Modbus register: A Modbus Exception Occurred - See Response Body
[2024-12-10T07:41:00.022Z] Error reading or processing Modbus registers: A Modbus Exception Occurred - See Response Body
[2024-12-10T07:41:00.025Z] Error reading register 6507 for IP 10.30.4.128: A Modbus Exception Occurred - See Response Body
[2024-12-10T07:41:00.025Z] Error reading actual data: A Modbus Exception Occurred - See Response Body
[2024-12-10T07:41:00.026Z] Error writing to Modbus register: A Modbus Exception Occurred - See Response Body
[2024-12-10T07:41:01.023Z] Error reading or processing Modbus registers: A Modbus Exception Occurred - See Response Body
[2024-12-10T07:41:01.026Z] Error reading register 6507 for IP 10.30.4.128: A Modbus Exception Occurred - See Response Body
[2024-12-10T07:41:01.026Z] Error reading actual data: A Modbus Exception Occurred - See Response Body
[2024-12-10T07:41:01.027Z] Error writing to Modbus register: A Modbus Exception Occurred - See Response Body
[2024-12-10T07:41:02.022Z] Error reading or processing Modbus registers: A Modbus Exception Occurred - See Response Body
[2024-12-10T07:41:02.025Z] Error reading register 6507 for IP 10.30.4.128: A Modbus Exception Occurred - See Response Body
[2024-12-10T07:41:02.025Z] Error reading actual data: A Modbus Exception Occurred - See Response Body
[2024-12-10T07:41:02.026Z] Error writing to Modbus register: A Modbus Exception Occurred - See Response Body
[2024-12-10T07:41:03.033Z] Error reading or processing Modbus registers: A Modbus Exception Occurred - See Response Body
[2024-12-10T07:41:03.036Z] Error reading register 6507 for IP 10.30.4.128: A Modbus Exception Occurred - See Response Body
[2024-12-10T07:41:03.037Z] Error reading actual data: A Modbus Exception Occurred - See Response Body
[2024-12-10T07:41:03.037Z] Error writing to Modbus register: A Modbus Exception Occurred - See Response Body
[2024-12-10T07:41:04.048Z] Error reading or processing Modbus registers: A Modbus Exception Occurred - See Response Body
[2024-12-10T07:41:04.051Z] Error reading register 6507 for IP 10.30.4.128: A Modbus Exception Occurred - See Response Body
[2024-12-10T07:41:04.051Z] Error reading actual data: A Modbus Exception Occurred - See Response Body
[2024-12-10T07:41:04.052Z] Error writing to Modbus register: A Modbus Exception Occurred - See Response Body
[2024-12-10T07:41:05.061Z] Error reading or processing Modbus registers: A Modbus Exception Occurred - See Response Body
[2024-12-10T07:41:05.063Z] Error reading register 6507 for IP 10.30.4.128: A Modbus Exception Occurred - See Response Body
[2024-12-10T07:41:05.064Z] Error reading actual data: A Modbus Exception Occurred - See Response Body
[2024-12-10T07:41:05.064Z] Error writing to Modbus register: A Modbus Exception Occurred - See Response Body
[2024-12-10T07:41:06.073Z] Error reading or processing Modbus registers: A Modbus Exception Occurred - See Response Body
[2024-12-10T07:41:06.075Z] Error reading register 6507 for IP 10.30.4.128: A Modbus Exception Occurred - See Response Body
[2024-12-10T07:41:06.076Z] Error reading actual data: A Modbus Exception Occurred - See Response Body
[2024-12-10T07:41:06.076Z] Error writing to Modbus register: A Modbus Exception Occurred - See Response Body
[2024-12-10T07:41:07.076Z] Error reading or processing Modbus registers: A Modbus Exception Occurred - See Response Body
[2024-12-10T07:41:07.079Z] Error reading register 6507 for IP 10.30.4.128: A Modbus Exception Occurred - See Response Body
[2024-12-10T07:41:07.079Z] Error reading actual data: A Modbus Exception Occurred - See Response Body
[2024-12-10T07:41:07.080Z] Error writing to Modbus register: A Modbus Exception Occurred - See Response Body
[2024-12-10T07:41:08.088Z] Error reading or processing Modbus registers: A Modbus Exception Occurred - See Response Body
[2024-12-10T07:41:08.090Z] Error reading register 6507 for IP 10.30.4.128: A Modbus Exception Occurred - See Response Body
[2024-12-10T07:41:08.091Z] Error reading actual data: A Modbus Exception Occurred - See Response Body
[2024-12-10T07:41:08.091Z] Error writing to Modbus register: A Modbus Exception Occurred - See Response Body
[2024-12-10T07:41:09.102Z] Error reading or processing Modbus registers: A Modbus Exception Occurred - See Response Body
[2024-12-10T07:41:09.104Z] Error reading register 6507 for IP 10.30.4.128: A Modbus Exception Occurred - See Response Body
[2024-12-10T07:41:09.105Z] Error reading actual data: A Modbus Exception Occurred - See Response Body
[2024-12-10T07:41:09.106Z] Error writing to Modbus register: A Modbus Exception Occurred - See Response Body
[2024-12-10T07:41:10.116Z] Error reading or processing Modbus registers: A Modbus Exception Occurred - See Response Body
[2024-12-10T07:41:10.119Z] Error reading register 6507 for IP 10.30.4.128: A Modbus Exception Occurred - See Response Body
[2024-12-10T07:41:10.119Z] Error reading actual data: A Modbus Exception Occurred - See Response Body
[2024-12-10T07:41:10.120Z] Error writing to Modbus register: A Modbus Exception Occurred - See Response Body
[2024-12-10T07:41:11.129Z] Error reading or processing Modbus registers: A Modbus Exception Occurred - See Response Body
[2024-12-10T07:41:11.132Z] Error reading register 6507 for IP 10.30.4.128: A Modbus Exception Occurred - See Response Body
[2024-12-10T07:41:11.133Z] Error reading actual data: A Modbus Exception Occurred - See Response Body
[2024-12-10T07:41:11.133Z] Error writing to Modbus register: A Modbus Exception Occurred - See Response Body
[2024-12-10T07:41:12.133Z] Error reading or processing Modbus registers: A Modbus Exception Occurred - See Response Body
[2024-12-10T07:41:12.136Z] Error reading register 6507 for IP 10.30.4.128: A Modbus Exception Occurred - See Response Body
[2024-12-10T07:41:12.137Z] Error reading actual data: A Modbus Exception Occurred - See Response Body
[2024-12-10T07:41:12.137Z] Error writing to Modbus register: A Modbus Exception Occurred - See Response Body
[2024-12-10T07:41:13.144Z] Error reading or processing Modbus registers: A Modbus Exception Occurred - See Response Body
[2024-12-10T07:41:13.147Z] Error reading register 6507 for IP 10.30.4.128: A Modbus Exception Occurred - See Response Body
[2024-12-10T07:41:13.148Z] Error reading actual data: A Modbus Exception Occurred - See Response Body
[2024-12-10T07:41:13.149Z] Error writing to Modbus register: A Modbus Exception Occurred - See Response Body
[2024-12-10T07:41:14.159Z] Error reading or processing Modbus registers: A Modbus Exception Occurred - See Response Body
[2024-12-10T07:41:14.162Z] Error reading register 6507 for IP 10.30.4.128: A Modbus Exception Occurred - See Response Body
[2024-12-10T07:41:14.163Z] Error reading actual data: A Modbus Exception Occurred - See Response Body
[2024-12-10T07:41:14.163Z] Error writing to Modbus register: A Modbus Exception Occurred - See Response Body
[2024-12-10T07:41:15.160Z] Error reading or processing Modbus registers: A Modbus Exception Occurred - See Response Body
[2024-12-10T07:41:15.163Z] Error reading register 6507 for IP 10.30.4.128: A Modbus Exception Occurred - See Response Body
[2024-12-10T07:41:15.164Z] Error reading actual data: A Modbus Exception Occurred - See Response Body
[2024-12-10T07:41:15.164Z] Error writing to Modbus register: A Modbus Exception Occurred - See Response Body
[2024-12-10T07:41:16.175Z] Error reading or processing Modbus registers: A Modbus Exception Occurred - See Response Body
[2024-12-10T07:41:16.178Z] Error reading register 6507 for IP 10.30.4.128: A Modbus Exception Occurred - See Response Body
[2024-12-10T07:41:16.179Z] Error reading actual data: A Modbus Exception Occurred - See Response Body
[2024-12-10T07:41:16.179Z] Error writing to Modbus register: A Modbus Exception Occurred - See Response Body
[2024-12-10T07:41:17.176Z] Error reading or processing Modbus registers: A Modbus Exception Occurred - See Response Body
[2024-12-10T07:41:17.178Z] Error reading register 6507 for IP 10.30.4.128: A Modbus Exception Occurred - See Response Body
[2024-12-10T07:41:17.179Z] Error reading actual data: A Modbus Exception Occurred - See Response Body
[2024-12-10T07:41:17.180Z] Error writing to Modbus register: A Modbus Exception Occurred - See Response Body
[2024-12-10T07:41:18.190Z] Error reading or processing Modbus registers: A Modbus Exception Occurred - See Response Body
[2024-12-10T07:41:18.192Z] Error reading register 6507 for IP 10.30.4.128: A Modbus Exception Occurred - See Response Body
[2024-12-10T07:41:18.193Z] Error reading actual data: A Modbus Exception Occurred - See Response Body
[2024-12-10T07:41:18.194Z] Error writing to Modbus register: A Modbus Exception Occurred - See Response Body
[2024-12-10T07:41:19.200Z] Error reading or processing Modbus registers: A Modbus Exception Occurred - See Response Body
[2024-12-10T07:41:19.203Z] Error reading register 6507 for IP 10.30.4.128: A Modbus Exception Occurred - See Response Body
[2024-12-10T07:41:19.204Z] Error reading actual data: A Modbus Exception Occurred - See Response Body
[2024-12-10T07:41:19.204Z] Error writing to Modbus register: A Modbus Exception Occurred - See Response Body
[2024-12-10T07:41:20.202Z] Error reading or processing Modbus registers: A Modbus Exception Occurred - See Response Body
[2024-12-10T07:41:20.204Z] Error reading register 6507 for IP 10.30.4.128: A Modbus Exception Occurred - See Response Body
[2024-12-10T07:41:20.205Z] Error reading actual data: A Modbus Exception Occurred - See Response Body
[2024-12-10T07:41:20.206Z] Error writing to Modbus register: A Modbus Exception Occurred - See Response Body
[2024-12-10T07:41:21.214Z] Error reading or processing Modbus registers: A Modbus Exception Occurred - See Response Body
[2024-12-10T07:41:21.217Z] Error reading register 6507 for IP 10.30.4.128: A Modbus Exception Occurred - See Response Body
[2024-12-10T07:41:21.218Z] Error reading actual data: A Modbus Exception Occurred - See Response Body
[2024-12-10T07:41:21.218Z] Error writing to Modbus register: A Modbus Exception Occurred - See Response Body
[2024-12-10T07:41:22.229Z] Error reading or processing Modbus registers: A Modbus Exception Occurred - See Response Body
[2024-12-10T07:41:22.231Z] Error reading register 6507 for IP 10.30.4.128: A Modbus Exception Occurred - See Response Body
[2024-12-10T07:41:22.232Z] Error reading actual data: A Modbus Exception Occurred - See Response Body
[2024-12-10T07:41:22.232Z] Error writing to Modbus register: A Modbus Exception Occurred - See Response Body
[2024-12-10T07:41:23.231Z] Error reading or processing Modbus registers: A Modbus Exception Occurred - See Response Body
[2024-12-10T07:41:23.236Z] Error reading register 6507 for IP 10.30.4.128: A Modbus Exception Occurred - See Response Body
[2024-12-10T07:41:23.237Z] Error reading actual data: A Modbus Exception Occurred - See Response Body
[2024-12-10T07:41:23.237Z] Error writing to Modbus register: A Modbus Exception Occurred - See Response Body
[2024-12-10T07:41:24.246Z] Error reading or processing Modbus registers: A Modbus Exception Occurred - See Response Body
[2024-12-10T07:41:24.248Z] Error reading register 6507 for IP 10.30.4.128: A Modbus Exception Occurred - See Response Body
[2024-12-10T07:41:24.249Z] Error reading actual data: A Modbus Exception Occurred - See Response Body
[2024-12-10T07:41:24.249Z] Error writing to Modbus register: A Modbus Exception Occurred - See Response Body
[2024-12-10T07:41:25.258Z] Error reading or processing Modbus registers: A Modbus Exception Occurred - See Response Body
[2024-12-10T07:41:25.260Z] Error reading register 6507 for IP 10.30.4.128: A Modbus Exception Occurred - See Response Body
[2024-12-10T07:41:25.261Z] Error reading actual data: A Modbus Exception Occurred - See Response Body
[2024-12-10T07:41:25.262Z] Error writing to Modbus register: A Modbus Exception Occurred - See Response Body
[2024-12-10T07:41:26.260Z] Error reading or processing Modbus registers: A Modbus Exception Occurred - See Response Body
[2024-12-10T07:41:26.262Z] Error reading register 6507 for IP 10.30.4.128: A Modbus Exception Occurred - See Response Body
[2024-12-10T07:41:26.263Z] Error reading actual data: A Modbus Exception Occurred - See Response Body
[2024-12-10T07:41:26.263Z] Error writing to Modbus register: A Modbus Exception Occurred - See Response Body
[2024-12-10T07:41:27.274Z] Error reading or processing Modbus registers: A Modbus Exception Occurred - See Response Body
[2024-12-10T07:41:27.276Z] Error reading register 6507 for IP 10.30.4.128: A Modbus Exception Occurred - See Response Body
[2024-12-10T07:41:27.277Z] Error reading actual data: A Modbus Exception Occurred - See Response Body
[2024-12-10T07:41:27.278Z] Error writing to Modbus register: A Modbus Exception Occurred - See Response Body
[2024-12-10T07:41:28.287Z] Error reading or processing Modbus registers: A Modbus Exception Occurred - See Response Body
[2024-12-10T07:41:28.290Z] Error reading register 6507 for IP 10.30.4.128: A Modbus Exception Occurred - See Response Body
[2024-12-10T07:41:28.290Z] Error reading actual data: A Modbus Exception Occurred - See Response Body
[2024-12-10T07:41:28.291Z] Error writing to Modbus register: A Modbus Exception Occurred - See Response Body
[2024-12-10T07:41:29.289Z] Error reading or processing Modbus registers: A Modbus Exception Occurred - See Response Body
[2024-12-10T07:41:29.292Z] Error reading register 6507 for IP 10.30.4.128: A Modbus Exception Occurred - See Response Body
[2024-12-10T07:41:29.292Z] Error reading actual data: A Modbus Exception Occurred - See Response Body
[2024-12-10T07:41:29.293Z] Error writing to Modbus register: A Modbus Exception Occurred - See Response Body
[2024-12-10T07:41:30.291Z] Error reading or processing Modbus registers: A Modbus Exception Occurred - See Response Body
[2024-12-10T07:41:30.293Z] Error reading register 6507 for IP 10.30.4.128: A Modbus Exception Occurred - See Response Body
[2024-12-10T07:41:30.293Z] Error reading actual data: A Modbus Exception Occurred - See Response Body
[2024-12-10T07:41:30.294Z] Error writing to Modbus register: A Modbus Exception Occurred - See Response Body
[2024-12-10T07:41:31.306Z] Error reading or processing Modbus registers: A Modbus Exception Occurred - See Response Body
[2024-12-10T07:41:31.308Z] Error reading register 6507 for IP 10.30.4.128: A Modbus Exception Occurred - See Response Body
[2024-12-10T07:41:31.310Z] Error reading actual data: A Modbus Exception Occurred - See Response Body
[2024-12-10T07:41:31.311Z] Error writing to Modbus register: A Modbus Exception Occurred - See Response Body
[2024-12-10T07:41:32.320Z] Error reading or processing Modbus registers: A Modbus Exception Occurred - See Response Body
[2024-12-10T07:41:32.322Z] Error reading register 6507 for IP 10.30.4.128: A Modbus Exception Occurred - See Response Body
[2024-12-10T07:41:32.323Z] Error reading actual data: A Modbus Exception Occurred - See Response Body
[2024-12-10T07:41:32.323Z] Error writing to Modbus register: A Modbus Exception Occurred - See Response Body
[2024-12-10T07:41:33.333Z] Error reading or processing Modbus registers: A Modbus Exception Occurred - See Response Body
[2024-12-10T07:41:33.335Z] Error reading register 6507 for IP 10.30.4.128: A Modbus Exception Occurred - See Response Body
[2024-12-10T07:41:33.336Z] Error reading actual data: A Modbus Exception Occurred - See Response Body
[2024-12-10T07:41:33.337Z] Error writing to Modbus register: A Modbus Exception Occurred - See Response Body
[2024-12-10T07:41:34.348Z] Error reading or processing Modbus registers: A Modbus Exception Occurred - See Response Body
[2024-12-10T07:41:34.351Z] Error reading register 6507 for IP 10.30.4.128: A Modbus Exception Occurred - See Response Body
[2024-12-10T07:41:34.352Z] Error reading actual data: A Modbus Exception Occurred - See Response Body
[2024-12-10T07:41:34.352Z] Error writing to Modbus register: A Modbus Exception Occurred - See Response Body
[2024-12-10T07:41:35.361Z] Error reading or processing Modbus registers: A Modbus Exception Occurred - See Response Body
[2024-12-10T07:41:35.364Z] Error reading register 6507 for IP 10.30.4.128: A Modbus Exception Occurred - See Response Body
[2024-12-10T07:41:35.365Z] Error reading actual data: A Modbus Exception Occurred - See Response Body
[2024-12-10T07:41:35.366Z] Error writing to Modbus register: A Modbus Exception Occurred - See Response Body
[2024-12-10T07:41:36.375Z] Error reading or processing Modbus registers: A Modbus Exception Occurred - See Response Body
[2024-12-10T07:41:36.378Z] Error reading register 6507 for IP 10.30.4.128: A Modbus Exception Occurred - See Response Body
[2024-12-10T07:41:36.379Z] Error reading actual data: A Modbus Exception Occurred - See Response Body
[2024-12-10T07:41:36.379Z] Error writing to Modbus register: A Modbus Exception Occurred - See Response Body
[2024-12-10T07:41:37.389Z] Error reading or processing Modbus registers: A Modbus Exception Occurred - See Response Body
[2024-12-10T07:41:37.392Z] Error reading register 6507 for IP 10.30.4.128: A Modbus Exception Occurred - See Response Body
[2024-12-10T07:41:37.392Z] Error reading actual data: A Modbus Exception Occurred - See Response Body
[2024-12-10T07:41:37.393Z] Error writing to Modbus register: A Modbus Exception Occurred - See Response Body
[2024-12-10T07:41:38.389Z] Error reading or processing Modbus registers: A Modbus Exception Occurred - See Response Body
[2024-12-10T07:41:38.391Z] Error reading register 6507 for IP 10.30.4.128: A Modbus Exception Occurred - See Response Body
[2024-12-10T07:41:38.392Z] Error reading actual data: A Modbus Exception Occurred - See Response Body
[2024-12-10T07:41:38.393Z] Error writing to Modbus register: A Modbus Exception Occurred - See Response Body
[2024-12-10T07:41:39.404Z] Error reading or processing Modbus registers: A Modbus Exception Occurred - See Response Body
[2024-12-10T07:41:39.406Z] Error reading register 6507 for IP 10.30.4.128: A Modbus Exception Occurred - See Response Body
[2024-12-10T07:41:39.407Z] Error reading actual data: A Modbus Exception Occurred - See Response Body
[2024-12-10T07:41:39.407Z] Error writing to Modbus register: A Modbus Exception Occurred - See Response Body
[2024-12-10T07:41:40.417Z] Error reading or processing Modbus registers: A Modbus Exception Occurred - See Response Body
[2024-12-10T07:41:40.419Z] Error reading register 6507 for IP 10.30.4.128: A Modbus Exception Occurred - See Response Body
[2024-12-10T07:41:40.420Z] Error reading actual data: A Modbus Exception Occurred - See Response Body
[2024-12-10T07:41:40.421Z] Error writing to Modbus register: A Modbus Exception Occurred - See Response Body
[2024-12-10T07:41:41.422Z] Error reading or processing Modbus registers: A Modbus Exception Occurred - See Response Body
[2024-12-10T07:41:41.424Z] Error reading register 6507 for IP 10.30.4.128: A Modbus Exception Occurred - See Response Body
[2024-12-10T07:41:41.425Z] Error reading actual data: A Modbus Exception Occurred - See Response Body
[2024-12-10T07:41:41.425Z] Error writing to Modbus register: A Modbus Exception Occurred - See Response Body
[2024-12-10T07:41:42.423Z] Error reading or processing Modbus registers: A Modbus Exception Occurred - See Response Body
[2024-12-10T07:41:42.425Z] Error reading register 6507 for IP 10.30.4.128: A Modbus Exception Occurred - See Response Body
[2024-12-10T07:41:42.426Z] Error reading actual data: A Modbus Exception Occurred - See Response Body
[2024-12-10T07:41:42.427Z] Error writing to Modbus register: A Modbus Exception Occurred - See Response Body
[2024-12-10T07:41:43.422Z] Error reading or processing Modbus registers: A Modbus Exception Occurred - See Response Body
[2024-12-10T07:41:43.424Z] Error reading register 6507 for IP 10.30.4.128: A Modbus Exception Occurred - See Response Body
[2024-12-10T07:41:43.425Z] Error reading actual data: A Modbus Exception Occurred - See Response Body
[2024-12-10T07:41:43.426Z] Error writing to Modbus register: A Modbus Exception Occurred - See Response Body
[2024-12-10T07:41:44.434Z] Error reading or processing Modbus registers: A Modbus Exception Occurred - See Response Body
[2024-12-10T07:41:44.437Z] Error reading register 6507 for IP 10.30.4.128: A Modbus Exception Occurred - See Response Body
[2024-12-10T07:41:44.438Z] Error reading actual data: A Modbus Exception Occurred - See Response Body
[2024-12-10T07:41:44.438Z] Error writing to Modbus register: A Modbus Exception Occurred - See Response Body
[2024-12-10T07:41:45.435Z] Error reading or processing Modbus registers: A Modbus Exception Occurred - See Response Body
[2024-12-10T07:41:45.437Z] Error reading register 6507 for IP 10.30.4.128: A Modbus Exception Occurred - See Response Body
[2024-12-10T07:41:45.438Z] Error reading actual data: A Modbus Exception Occurred - See Response Body
[2024-12-10T07:41:45.439Z] Error writing to Modbus register: A Modbus Exception Occurred - See Response Body
[2024-12-10T07:41:46.437Z] Error reading or processing Modbus registers: A Modbus Exception Occurred - See Response Body
[2024-12-10T07:41:46.439Z] Error reading register 6507 for IP 10.30.4.128: A Modbus Exception Occurred - See Response Body
[2024-12-10T07:41:46.440Z] Error reading actual data: A Modbus Exception Occurred - See Response Body
[2024-12-10T07:41:46.440Z] Error writing to Modbus register: A Modbus Exception Occurred - See Response Body
[2024-12-10T07:41:47.437Z] Error reading or processing Modbus registers: A Modbus Exception Occurred - See Response Body
[2024-12-10T07:41:47.439Z] Error reading register 6507 for IP 10.30.4.128: A Modbus Exception Occurred - See Response Body
[2024-12-10T07:41:47.440Z] Error reading actual data: A Modbus Exception Occurred - See Response Body
[2024-12-10T07:41:47.440Z] Error writing to Modbus register: A Modbus Exception Occurred - See Response Body
[2024-12-10T07:41:48.449Z] Error reading or processing Modbus registers: A Modbus Exception Occurred - See Response Body
[2024-12-10T07:41:48.451Z] Error reading register 6507 for IP 10.30.4.128: A Modbus Exception Occurred - See Response Body
[2024-12-10T07:41:48.452Z] Error reading actual data: A Modbus Exception Occurred - See Response Body
[2024-12-10T07:41:48.452Z] Error writing to Modbus register: A Modbus Exception Occurred - See Response Body
[2024-12-10T07:41:49.464Z] Error reading or processing Modbus registers: A Modbus Exception Occurred - See Response Body
[2024-12-10T07:41:49.467Z] Error reading register 6507 for IP 10.30.4.128: A Modbus Exception Occurred - See Response Body
[2024-12-10T07:41:49.467Z] Error reading actual data: A Modbus Exception Occurred - See Response Body
[2024-12-10T07:41:49.468Z] Error writing to Modbus register: A Modbus Exception Occurred - See Response Body
[2024-12-10T07:41:50.477Z] Error reading or processing Modbus registers: A Modbus Exception Occurred - See Response Body
[2024-12-10T07:41:50.479Z] Error reading register 6507 for IP 10.30.4.128: A Modbus Exception Occurred - See Response Body
[2024-12-10T07:41:50.480Z] Error reading actual data: A Modbus Exception Occurred - See Response Body
[2024-12-10T07:41:50.481Z] Error writing to Modbus register: A Modbus Exception Occurred - See Response Body
[2024-12-10T07:41:51.491Z] Error reading or processing Modbus registers: A Modbus Exception Occurred - See Response Body
[2024-12-10T07:41:51.494Z] Error reading register 6507 for IP 10.30.4.128: A Modbus Exception Occurred - See Response Body
[2024-12-10T07:41:51.495Z] Error reading actual data: A Modbus Exception Occurred - See Response Body
[2024-12-10T07:41:51.495Z] Error writing to Modbus register: A Modbus Exception Occurred - See Response Body
[2024-12-10T07:41:52.495Z] Error reading or processing Modbus registers: A Modbus Exception Occurred - See Response Body
[2024-12-10T07:41:52.497Z] Error reading register 6507 for IP 10.30.4.128: A Modbus Exception Occurred - See Response Body
[2024-12-10T07:41:52.498Z] Error reading actual data: A Modbus Exception Occurred - See Response Body
[2024-12-10T07:41:52.499Z] Error writing to Modbus register: A Modbus Exception Occurred - See Response Body
[2024-12-10T07:41:53.505Z] Error reading or processing Modbus registers: A Modbus Exception Occurred - See Response Body
[2024-12-10T07:41:53.508Z] Error reading register 6507 for IP 10.30.4.128: A Modbus Exception Occurred - See Response Body
[2024-12-10T07:41:53.509Z] Error reading actual data: A Modbus Exception Occurred - See Response Body
[2024-12-10T07:41:53.510Z] Error writing to Modbus register: A Modbus Exception Occurred - See Response Body
[2024-12-10T07:41:54.505Z] Error reading or processing Modbus registers: A Modbus Exception Occurred - See Response Body
[2024-12-10T07:41:54.508Z] Error reading register 6507 for IP 10.30.4.128: A Modbus Exception Occurred - See Response Body
[2024-12-10T07:41:54.509Z] Error reading actual data: A Modbus Exception Occurred - See Response Body
[2024-12-10T07:41:54.509Z] Error writing to Modbus register: A Modbus Exception Occurred - See Response Body
[2024-12-10T07:41:55.516Z] Error reading or processing Modbus registers: A Modbus Exception Occurred - See Response Body
[2024-12-10T07:41:55.518Z] Error reading register 6507 for IP 10.30.4.128: A Modbus Exception Occurred - See Response Body
[2024-12-10T07:41:55.519Z] Error reading actual data: A Modbus Exception Occurred - See Response Body
[2024-12-10T07:41:55.519Z] Error writing to Modbus register: A Modbus Exception Occurred - See Response Body
[2024-12-10T07:41:56.530Z] Error reading or processing Modbus registers: A Modbus Exception Occurred - See Response Body
[2024-12-10T07:41:56.532Z] Error reading register 6507 for IP 10.30.4.128: A Modbus Exception Occurred - See Response Body
[2024-12-10T07:41:56.533Z] Error reading actual data: A Modbus Exception Occurred - See Response Body
[2024-12-10T07:41:56.533Z] Error writing to Modbus register: A Modbus Exception Occurred - See Response Body
[2024-12-10T07:41:57.530Z] Error reading or processing Modbus registers: A Modbus Exception Occurred - See Response Body
[2024-12-10T07:41:57.533Z] Error reading register 6507 for IP 10.30.4.128: A Modbus Exception Occurred - See Response Body
[2024-12-10T07:41:57.534Z] Error reading actual data: A Modbus Exception Occurred - See Response Body
[2024-12-10T07:41:57.534Z] Error writing to Modbus register: A Modbus Exception Occurred - See Response Body
[2024-12-10T07:41:58.545Z] Error reading or processing Modbus registers: A Modbus Exception Occurred - See Response Body
[2024-12-10T07:41:58.548Z] Error reading register 6507 for IP 10.30.4.128: A Modbus Exception Occurred - See Response Body
[2024-12-10T07:41:58.548Z] Error reading actual data: A Modbus Exception Occurred - See Response Body
[2024-12-10T07:41:58.549Z] Error writing to Modbus register: A Modbus Exception Occurred - See Response Body
[2024-12-10T07:41:59.546Z] Error reading or processing Modbus registers: A Modbus Exception Occurred - See Response Body
[2024-12-10T07:41:59.548Z] Error reading register 6507 for IP 10.30.4.128: A Modbus Exception Occurred - See Response Body
[2024-12-10T07:41:59.549Z] Error reading actual data: A Modbus Exception Occurred - See Response Body
[2024-12-10T07:41:59.549Z] Error writing to Modbus register: A Modbus Exception Occurred - See Response Body
[2024-12-10T07:42:00.560Z] Error reading or processing Modbus registers: A Modbus Exception Occurred - See Response Body
[2024-12-10T07:42:00.563Z] Error reading register 6507 for IP 10.30.4.128: A Modbus Exception Occurred - See Response Body
[2024-12-10T07:42:00.564Z] Error reading actual data: A Modbus Exception Occurred - See Response Body
[2024-12-10T07:42:00.565Z] Error writing to Modbus register: A Modbus Exception Occurred - See Response Body
[2024-12-10T07:42:01.572Z] Error reading or processing Modbus registers: A Modbus Exception Occurred - See Response Body
[2024-12-10T07:42:01.575Z] Error reading register 6507 for IP 10.30.4.128: A Modbus Exception Occurred - See Response Body
[2024-12-10T07:42:01.576Z] Error reading actual data: A Modbus Exception Occurred - See Response Body
[2024-12-10T07:42:01.576Z] Error writing to Modbus register: A Modbus Exception Occurred - See Response Body
[2024-12-10T07:42:02.586Z] Error reading or processing Modbus registers: A Modbus Exception Occurred - See Response Body
[2024-12-10T07:42:02.588Z] Error reading register 6507 for IP 10.30.4.128: A Modbus Exception Occurred - See Response Body
[2024-12-10T07:42:02.589Z] Error reading actual data: A Modbus Exception Occurred - See Response Body
[2024-12-10T07:42:02.590Z] Error writing to Modbus register: A Modbus Exception Occurred - See Response Body
[2024-12-10T07:42:03.587Z] Error reading or processing Modbus registers: A Modbus Exception Occurred - See Response Body
[2024-12-10T07:42:03.589Z] Error reading register 6507 for IP 10.30.4.128: A Modbus Exception Occurred - See Response Body
[2024-12-10T07:42:03.590Z] Error reading actual data: A Modbus Exception Occurred - See Response Body
[2024-12-10T07:42:03.591Z] Error writing to Modbus register: A Modbus Exception Occurred - See Response Body
[2024-12-10T07:42:04.588Z] Error reading or processing Modbus registers: A Modbus Exception Occurred - See Response Body
[2024-12-10T07:42:04.590Z] Error reading register 6507 for IP 10.30.4.128: A Modbus Exception Occurred - See Response Body
[2024-12-10T07:42:04.591Z] Error reading actual data: A Modbus Exception Occurred - See Response Body
[2024-12-10T07:42:04.592Z] Error writing to Modbus register: A Modbus Exception Occurred - See Response Body
[2024-12-10T07:42:05.600Z] Error reading or processing Modbus registers: A Modbus Exception Occurred - See Response Body
[2024-12-10T07:42:05.602Z] Error reading register 6507 for IP 10.30.4.128: A Modbus Exception Occurred - See Response Body
[2024-12-10T07:42:05.603Z] Error reading actual data: A Modbus Exception Occurred - See Response Body
[2024-12-10T07:42:05.604Z] Error writing to Modbus register: A Modbus Exception Occurred - See Response Body
[2024-12-10T07:42:06.613Z] Error reading or processing Modbus registers: A Modbus Exception Occurred - See Response Body
[2024-12-10T07:42:06.616Z] Error reading register 6507 for IP 10.30.4.128: A Modbus Exception Occurred - See Response Body
[2024-12-10T07:42:06.617Z] Error reading actual data: A Modbus Exception Occurred - See Response Body
[2024-12-10T07:42:06.617Z] Error writing to Modbus register: A Modbus Exception Occurred - See Response Body
[2024-12-10T07:42:07.624Z] Error reading or processing Modbus registers: A Modbus Exception Occurred - See Response Body
[2024-12-10T07:42:07.626Z] Error reading register 6507 for IP 10.30.4.128: A Modbus Exception Occurred - See Response Body
[2024-12-10T07:42:07.627Z] Error reading actual data: A Modbus Exception Occurred - See Response Body
[2024-12-10T07:42:07.628Z] Error writing to Modbus register: A Modbus Exception Occurred - See Response Body
[2024-12-10T07:42:08.638Z] Error reading or processing Modbus registers: A Modbus Exception Occurred - See Response Body
[2024-12-10T07:42:08.641Z] Error reading register 6507 for IP 10.30.4.128: A Modbus Exception Occurred - See Response Body
[2024-12-10T07:42:08.641Z] Error reading actual data: A Modbus Exception Occurred - See Response Body
[2024-12-10T07:42:08.642Z] Error writing to Modbus register: A Modbus Exception Occurred - See Response Body
[2024-12-10T07:42:09.652Z] Error reading or processing Modbus registers: A Modbus Exception Occurred - See Response Body
[2024-12-10T07:42:09.655Z] Error reading register 6507 for IP 10.30.4.128: A Modbus Exception Occurred - See Response Body
[2024-12-10T07:42:09.656Z] Error reading actual data: A Modbus Exception Occurred - See Response Body
[2024-12-10T07:42:09.657Z] Error writing to Modbus register: A Modbus Exception Occurred - See Response Body
[2024-12-10T07:42:10.653Z] Error reading or processing Modbus registers: A Modbus Exception Occurred - See Response Body
[2024-12-10T07:42:10.655Z] Error reading register 6507 for IP 10.30.4.128: A Modbus Exception Occurred - See Response Body
[2024-12-10T07:42:10.656Z] Error reading actual data: A Modbus Exception Occurred - See Response Body
[2024-12-10T07:42:10.657Z] Error writing to Modbus register: A Modbus Exception Occurred - See Response Body
[2024-12-10T07:42:11.655Z] Error reading or processing Modbus registers: A Modbus Exception Occurred - See Response Body
[2024-12-10T07:42:11.658Z] Error reading register 6507 for IP 10.30.4.128: A Modbus Exception Occurred - See Response Body
[2024-12-10T07:42:11.658Z] Error reading actual data: A Modbus Exception Occurred - See Response Body
[2024-12-10T07:42:11.659Z] Error writing to Modbus register: A Modbus Exception Occurred - See Response Body
[2024-12-10T07:42:12.657Z] Error reading or processing Modbus registers: A Modbus Exception Occurred - See Response Body
[2024-12-10T07:42:12.659Z] Error reading register 6507 for IP 10.30.4.128: A Modbus Exception Occurred - See Response Body
[2024-12-10T07:42:12.660Z] Error reading actual data: A Modbus Exception Occurred - See Response Body
[2024-12-10T07:42:12.661Z] Error writing to Modbus register: A Modbus Exception Occurred - See Response Body
[2024-12-10T07:42:13.669Z] Error reading or processing Modbus registers: A Modbus Exception Occurred - See Response Body
[2024-12-10T07:42:13.672Z] Error reading register 6507 for IP 10.30.4.128: A Modbus Exception Occurred - See Response Body
[2024-12-10T07:42:13.676Z] Error reading actual data: A Modbus Exception Occurred - See Response Body
[2024-12-10T07:42:13.677Z] Error writing to Modbus register: A Modbus Exception Occurred - See Response Body
[2024-12-10T07:42:14.684Z] Error reading or processing Modbus registers: A Modbus Exception Occurred - See Response Body
[2024-12-10T07:42:14.687Z] Error reading register 6507 for IP 10.30.4.128: A Modbus Exception Occurred - See Response Body
[2024-12-10T07:42:14.688Z] Error reading actual data: A Modbus Exception Occurred - See Response Body
[2024-12-10T07:42:14.690Z] Error writing to Modbus register: A Modbus Exception Occurred - See Response Body
[2024-12-10T07:42:15.687Z] Error reading or processing Modbus registers: A Modbus Exception Occurred - See Response Body
[2024-12-10T07:42:15.690Z] Error reading register 6507 for IP 10.30.4.128: A Modbus Exception Occurred - See Response Body
[2024-12-10T07:42:15.691Z] Error reading actual data: A Modbus Exception Occurred - See Response Body
[2024-12-10T07:42:15.691Z] Error writing to Modbus register: A Modbus Exception Occurred - See Response Body
[2024-12-10T07:42:16.701Z] Error reading or processing Modbus registers: A Modbus Exception Occurred - See Response Body
[2024-12-10T07:42:16.704Z] Error reading register 6507 for IP 10.30.4.128: A Modbus Exception Occurred - See Response Body
[2024-12-10T07:42:16.705Z] Error reading actual data: A Modbus Exception Occurred - See Response Body
[2024-12-10T07:42:16.705Z] Error writing to Modbus register: A Modbus Exception Occurred - See Response Body
[2024-12-10T07:42:17.715Z] Error reading or processing Modbus registers: A Modbus Exception Occurred - See Response Body
[2024-12-10T07:42:17.717Z] Error reading register 6507 for IP 10.30.4.128: A Modbus Exception Occurred - See Response Body
[2024-12-10T07:42:17.718Z] Error reading actual data: A Modbus Exception Occurred - See Response Body
[2024-12-10T07:42:17.718Z] Error writing to Modbus register: A Modbus Exception Occurred - See Response Body
[2024-12-10T07:42:18.727Z] Error reading or processing Modbus registers: A Modbus Exception Occurred - See Response Body
[2024-12-10T07:42:18.730Z] Error reading register 6507 for IP 10.30.4.128: A Modbus Exception Occurred - See Response Body
[2024-12-10T07:42:18.730Z] Error reading actual data: A Modbus Exception Occurred - See Response Body
[2024-12-10T07:42:18.731Z] Error writing to Modbus register: A Modbus Exception Occurred - See Response Body
[2024-12-10T07:42:19.742Z] Error reading or processing Modbus registers: A Modbus Exception Occurred - See Response Body
[2024-12-10T07:42:19.744Z] Error reading register 6507 for IP 10.30.4.128: A Modbus Exception Occurred - See Response Body
[2024-12-10T07:42:19.745Z] Error reading actual data: A Modbus Exception Occurred - See Response Body
[2024-12-10T07:42:19.745Z] Error writing to Modbus register: A Modbus Exception Occurred - See Response Body
[2024-12-10T07:42:20.756Z] Error reading or processing Modbus registers: A Modbus Exception Occurred - See Response Body
[2024-12-10T07:42:20.760Z] Error reading register 6507 for IP 10.30.4.128: A Modbus Exception Occurred - See Response Body
[2024-12-10T07:42:20.761Z] Error reading actual data: A Modbus Exception Occurred - See Response Body
[2024-12-10T07:42:20.762Z] Error writing to Modbus register: A Modbus Exception Occurred - See Response Body
[2024-12-10T07:42:21.770Z] Error reading or processing Modbus registers: A Modbus Exception Occurred - See Response Body
[2024-12-10T07:42:21.773Z] Error reading register 6507 for IP 10.30.4.128: A Modbus Exception Occurred - See Response Body
[2024-12-10T07:42:21.774Z] Error reading actual data: A Modbus Exception Occurred - See Response Body
[2024-12-10T07:42:21.774Z] Error writing to Modbus register: A Modbus Exception Occurred - See Response Body
[2024-12-10T07:42:22.771Z] Error reading or processing Modbus registers: A Modbus Exception Occurred - See Response Body
[2024-12-10T07:42:22.774Z] Error reading register 6507 for IP 10.30.4.128: A Modbus Exception Occurred - See Response Body
[2024-12-10T07:42:22.775Z] Error reading actual data: A Modbus Exception Occurred - See Response Body
[2024-12-10T07:42:22.775Z] Error writing to Modbus register: A Modbus Exception Occurred - See Response Body
[2024-12-10T07:42:23.785Z] Error reading or processing Modbus registers: A Modbus Exception Occurred - See Response Body
[2024-12-10T07:42:23.787Z] Error reading register 6507 for IP 10.30.4.128: A Modbus Exception Occurred - See Response Body
[2024-12-10T07:42:23.788Z] Error reading actual data: A Modbus Exception Occurred - See Response Body
[2024-12-10T07:42:23.789Z] Error writing to Modbus register: A Modbus Exception Occurred - See Response Body
[2024-12-10T07:42:24.798Z] Error reading or processing Modbus registers: A Modbus Exception Occurred - See Response Body
[2024-12-10T07:42:24.801Z] Error reading register 6507 for IP 10.30.4.128: A Modbus Exception Occurred - See Response Body
[2024-12-10T07:42:24.802Z] Error reading actual data: A Modbus Exception Occurred - See Response Body
[2024-12-10T07:42:24.802Z] Error writing to Modbus register: A Modbus Exception Occurred - See Response Body
[2024-12-10T07:42:25.811Z] Error reading or processing Modbus registers: A Modbus Exception Occurred - See Response Body
[2024-12-10T07:42:25.815Z] Error reading register 6507 for IP 10.30.4.128: A Modbus Exception Occurred - See Response Body
[2024-12-10T07:42:25.816Z] Error reading actual data: A Modbus Exception Occurred - See Response Body
[2024-12-10T07:42:25.816Z] Error writing to Modbus register: A Modbus Exception Occurred - See Response Body
[2024-12-10T07:42:26.825Z] Error reading or processing Modbus registers: A Modbus Exception Occurred - See Response Body
[2024-12-10T07:42:26.828Z] Error reading register 6507 for IP 10.30.4.128: A Modbus Exception Occurred - See Response Body
[2024-12-10T07:42:26.828Z] Error reading actual data: A Modbus Exception Occurred - See Response Body
[2024-12-10T07:42:26.829Z] Error writing to Modbus register: A Modbus Exception Occurred - See Response Body
[2024-12-10T07:42:27.837Z] Error reading or processing Modbus registers: A Modbus Exception Occurred - See Response Body
[2024-12-10T07:42:27.839Z] Error reading register 6507 for IP 10.30.4.128: A Modbus Exception Occurred - See Response Body
[2024-12-10T07:42:27.840Z] Error reading actual data: A Modbus Exception Occurred - See Response Body
[2024-12-10T07:42:27.840Z] Error writing to Modbus register: A Modbus Exception Occurred - See Response Body
[2024-12-10T07:42:28.850Z] Error reading or processing Modbus registers: A Modbus Exception Occurred - See Response Body
[2024-12-10T07:42:28.853Z] Error reading register 6507 for IP 10.30.4.128: A Modbus Exception Occurred - See Response Body
[2024-12-10T07:42:28.853Z] Error reading actual data: A Modbus Exception Occurred - See Response Body
[2024-12-10T07:42:28.854Z] Error writing to Modbus register: A Modbus Exception Occurred - See Response Body
[2024-12-10T07:42:29.864Z] Error reading or processing Modbus registers: A Modbus Exception Occurred - See Response Body
[2024-12-10T07:42:29.866Z] Error reading register 6507 for IP 10.30.4.128: A Modbus Exception Occurred - See Response Body
[2024-12-10T07:42:29.867Z] Error reading actual data: A Modbus Exception Occurred - See Response Body
[2024-12-10T07:42:29.868Z] Error writing to Modbus register: A Modbus Exception Occurred - See Response Body
[2024-12-10T07:42:30.877Z] Error reading or processing Modbus registers: A Modbus Exception Occurred - See Response Body
[2024-12-10T07:42:30.880Z] Error reading register 6507 for IP 10.30.4.128: A Modbus Exception Occurred - See Response Body
[2024-12-10T07:42:30.880Z] Error reading actual data: A Modbus Exception Occurred - See Response Body
[2024-12-10T07:42:30.881Z] Error writing to Modbus register: A Modbus Exception Occurred - See Response Body
[2024-12-10T07:42:31.888Z] Error reading or processing Modbus registers: A Modbus Exception Occurred - See Response Body
[2024-12-10T07:42:31.893Z] Error reading register 6507 for IP 10.30.4.128: A Modbus Exception Occurred - See Response Body
[2024-12-10T07:42:31.894Z] Error reading actual data: A Modbus Exception Occurred - See Response Body
[2024-12-10T07:42:31.894Z] Error writing to Modbus register: A Modbus Exception Occurred - See Response Body
[2024-12-10T07:42:32.900Z] Error reading or processing Modbus registers: A Modbus Exception Occurred - See Response Body
[2024-12-10T07:42:32.902Z] Error reading register 6507 for IP 10.30.4.128: A Modbus Exception Occurred - See Response Body
[2024-12-10T07:42:32.903Z] Error reading actual data: A Modbus Exception Occurred - See Response Body
[2024-12-10T07:42:32.903Z] Error writing to Modbus register: A Modbus Exception Occurred - See Response Body
[2024-12-10T07:42:33.912Z] Error reading or processing Modbus registers: A Modbus Exception Occurred - See Response Body
[2024-12-10T07:42:33.915Z] Error reading actual data: A Modbus Exception Occurred - See Response Body
[2024-12-10T07:42:33.914Z] Error reading register 6507 for IP 10.30.4.128: A Modbus Exception Occurred - See Response Body
[2024-12-10T07:42:33.915Z] Error writing to Modbus register: A Modbus Exception Occurred - See Response Body
[2024-12-10T07:42:34.913Z] Error reading or processing Modbus registers: A Modbus Exception Occurred - See Response Body
[2024-12-10T07:42:34.915Z] Error reading register 6507 for IP 10.30.4.128: A Modbus Exception Occurred - See Response Body
[2024-12-10T07:42:34.916Z] Error reading actual data: A Modbus Exception Occurred - See Response Body
[2024-12-10T07:42:34.916Z] Error writing to Modbus register: A Modbus Exception Occurred - See Response Body
[2024-12-10T07:42:35.927Z] Error reading or processing Modbus registers: A Modbus Exception Occurred - See Response Body
[2024-12-10T07:42:35.929Z] Error reading register 6507 for IP 10.30.4.128: A Modbus Exception Occurred - See Response Body
[2024-12-10T07:42:35.930Z] Error reading actual data: A Modbus Exception Occurred - See Response Body
[2024-12-10T07:42:35.930Z] Error writing to Modbus register: A Modbus Exception Occurred - See Response Body
[2024-12-10T07:42:36.926Z] Error reading or processing Modbus registers: A Modbus Exception Occurred - See Response Body
[2024-12-10T07:42:36.928Z] Error reading register 6507 for IP 10.30.4.128: A Modbus Exception Occurred - See Response Body
[2024-12-10T07:42:36.929Z] Error reading actual data: A Modbus Exception Occurred - See Response Body
[2024-12-10T07:42:36.929Z] Error writing to Modbus register: A Modbus Exception Occurred - See Response Body
[2024-12-10T07:42:37.938Z] Error reading or processing Modbus registers: A Modbus Exception Occurred - See Response Body
[2024-12-10T07:42:37.941Z] Error reading register 6507 for IP 10.30.4.128: A Modbus Exception Occurred - See Response Body
[2024-12-10T07:42:37.941Z] Error reading actual data: A Modbus Exception Occurred - See Response Body
[2024-12-10T07:42:37.942Z] Error writing to Modbus register: A Modbus Exception Occurred - See Response Body
[2024-12-10T07:42:38.938Z] Error reading or processing Modbus registers: A Modbus Exception Occurred - See Response Body
[2024-12-10T07:42:38.941Z] Error reading register 6507 for IP 10.30.4.128: A Modbus Exception Occurred - See Response Body
[2024-12-10T07:42:38.941Z] Error reading actual data: A Modbus Exception Occurred - See Response Body
[2024-12-10T07:42:38.942Z] Error writing to Modbus register: A Modbus Exception Occurred - See Response Body
[2024-12-10T07:42:39.952Z] Error reading or processing Modbus registers: A Modbus Exception Occurred - See Response Body
[2024-12-10T07:42:39.954Z] Error reading register 6507 for IP 10.30.4.128: A Modbus Exception Occurred - See Response Body
[2024-12-10T07:42:39.955Z] Error reading actual data: A Modbus Exception Occurred - See Response Body
[2024-12-10T07:42:39.956Z] Error writing to Modbus register: A Modbus Exception Occurred - See Response Body
[2024-12-10T07:42:40.952Z] Error reading or processing Modbus registers: A Modbus Exception Occurred - See Response Body
[2024-12-10T07:42:40.954Z] Error reading register 6507 for IP 10.30.4.128: A Modbus Exception Occurred - See Response Body
[2024-12-10T07:42:40.955Z] Error reading actual data: A Modbus Exception Occurred - See Response Body
[2024-12-10T07:42:40.956Z] Error writing to Modbus register: A Modbus Exception Occurred - See Response Body
[2024-12-10T07:42:41.967Z] Error reading or processing Modbus registers: A Modbus Exception Occurred - See Response Body
[2024-12-10T07:42:41.970Z] Error reading register 6507 for IP 10.30.4.128: A Modbus Exception Occurred - See Response Body
[2024-12-10T07:42:41.971Z] Error reading actual data: A Modbus Exception Occurred - See Response Body
[2024-12-10T07:42:41.971Z] Error writing to Modbus register: A Modbus Exception Occurred - See Response Body
[2024-12-10T07:42:42.978Z] Error reading or processing Modbus registers: A Modbus Exception Occurred - See Response Body
[2024-12-10T07:42:42.980Z] Error reading register 6507 for IP 10.30.4.128: A Modbus Exception Occurred - See Response Body
[2024-12-10T07:42:42.981Z] Error reading actual data: A Modbus Exception Occurred - See Response Body
[2024-12-10T07:42:42.981Z] Error writing to Modbus register: A Modbus Exception Occurred - See Response Body
[2024-12-10T07:42:43.990Z] Error reading or processing Modbus registers: A Modbus Exception Occurred - See Response Body
[2024-12-10T07:42:43.993Z] Error reading register 6507 for IP 10.30.4.128: A Modbus Exception Occurred - See Response Body
[2024-12-10T07:42:43.993Z] Error reading actual data: A Modbus Exception Occurred - See Response Body
[2024-12-10T07:42:43.994Z] Error writing to Modbus register: A Modbus Exception Occurred - See Response Body
[2024-12-10T07:42:45.003Z] Error reading or processing Modbus registers: A Modbus Exception Occurred - See Response Body
[2024-12-10T07:42:45.006Z] Error reading register 6507 for IP 10.30.4.128: A Modbus Exception Occurred - See Response Body
[2024-12-10T07:42:45.007Z] Error reading actual data: A Modbus Exception Occurred - See Response Body
[2024-12-10T07:42:45.007Z] Error writing to Modbus register: A Modbus Exception Occurred - See Response Body
[2024-12-10T07:42:46.015Z] Error reading or processing Modbus registers: A Modbus Exception Occurred - See Response Body
[2024-12-10T07:42:46.018Z] Error reading register 6507 for IP 10.30.4.128: A Modbus Exception Occurred - See Response Body
[2024-12-10T07:42:46.019Z] Error reading actual data: A Modbus Exception Occurred - See Response Body
[2024-12-10T07:42:46.019Z] Error writing to Modbus register: A Modbus Exception Occurred - See Response Body
[2024-12-10T07:42:47.029Z] Error reading or processing Modbus registers: A Modbus Exception Occurred - See Response Body
[2024-12-10T07:42:47.032Z] Error reading register 6507 for IP 10.30.4.128: A Modbus Exception Occurred - See Response Body
[2024-12-10T07:42:47.032Z] Error reading actual data: A Modbus Exception Occurred - See Response Body
[2024-12-10T07:42:47.033Z] Error writing to Modbus register: A Modbus Exception Occurred - See Response Body
[2024-12-10T07:42:48.029Z] Error reading or processing Modbus registers: A Modbus Exception Occurred - See Response Body
[2024-12-10T07:42:48.031Z] Error reading register 6507 for IP 10.30.4.128: A Modbus Exception Occurred - See Response Body
[2024-12-10T07:42:48.032Z] Error reading actual data: A Modbus Exception Occurred - See Response Body
[2024-12-10T07:42:48.033Z] Error writing to Modbus register: A Modbus Exception Occurred - See Response Body
[2024-12-10T07:42:49.041Z] Error reading or processing Modbus registers: A Modbus Exception Occurred - See Response Body
[2024-12-10T07:42:49.044Z] Error reading register 6507 for IP 10.30.4.128: A Modbus Exception Occurred - See Response Body
[2024-12-10T07:42:49.045Z] Error reading actual data: A Modbus Exception Occurred - See Response Body
[2024-12-10T07:42:49.045Z] Error writing to Modbus register: A Modbus Exception Occurred - See Response Body
[2024-12-10T07:42:50.055Z] Error reading or processing Modbus registers: A Modbus Exception Occurred - See Response Body
[2024-12-10T07:42:50.058Z] Error reading register 6507 for IP 10.30.4.128: A Modbus Exception Occurred - See Response Body
[2024-12-10T07:42:50.059Z] Error reading actual data: A Modbus Exception Occurred - See Response Body
[2024-12-10T07:42:50.060Z] Error writing to Modbus register: A Modbus Exception Occurred - See Response Body
[2024-12-10T07:42:51.069Z] Error reading or processing Modbus registers: A Modbus Exception Occurred - See Response Body
[2024-12-10T07:42:51.071Z] Error reading register 6507 for IP 10.30.4.128: A Modbus Exception Occurred - See Response Body
[2024-12-10T07:42:51.072Z] Error reading actual data: A Modbus Exception Occurred - See Response Body
[2024-12-10T07:42:51.072Z] Error writing to Modbus register: A Modbus Exception Occurred - See Response Body
[2024-12-10T07:42:52.083Z] Error reading or processing Modbus registers: A Modbus Exception Occurred - See Response Body
[2024-12-10T07:42:52.086Z] Error reading register 6507 for IP 10.30.4.128: A Modbus Exception Occurred - See Response Body
[2024-12-10T07:42:52.087Z] Error reading actual data: A Modbus Exception Occurred - See Response Body
[2024-12-10T07:42:52.087Z] Error writing to Modbus register: A Modbus Exception Occurred - See Response Body
[2024-12-10T07:42:53.097Z] Error reading or processing Modbus registers: A Modbus Exception Occurred - See Response Body
[2024-12-10T07:42:53.099Z] Error reading register 6507 for IP 10.30.4.128: A Modbus Exception Occurred - See Response Body
[2024-12-10T07:42:53.100Z] Error reading actual data: A Modbus Exception Occurred - See Response Body
[2024-12-10T07:42:53.100Z] Error writing to Modbus register: A Modbus Exception Occurred - See Response Body
[2024-12-10T07:42:54.110Z] Error reading or processing Modbus registers: A Modbus Exception Occurred - See Response Body
[2024-12-10T07:42:54.112Z] Error reading register 6507 for IP 10.30.4.128: A Modbus Exception Occurred - See Response Body
[2024-12-10T07:42:54.113Z] Error reading actual data: A Modbus Exception Occurred - See Response Body
[2024-12-10T07:42:54.114Z] Error writing to Modbus register: A Modbus Exception Occurred - See Response Body
[2024-12-10T07:42:55.124Z] Error reading or processing Modbus registers: A Modbus Exception Occurred - See Response Body
[2024-12-10T07:42:55.126Z] Error reading register 6507 for IP 10.30.4.128: A Modbus Exception Occurred - See Response Body
[2024-12-10T07:42:55.127Z] Error reading actual data: A Modbus Exception Occurred - See Response Body
[2024-12-10T07:42:55.127Z] Error writing to Modbus register: A Modbus Exception Occurred - See Response Body
[2024-12-10T07:42:56.129Z] Error reading or processing Modbus registers: A Modbus Exception Occurred - See Response Body
[2024-12-10T07:42:56.131Z] Error reading register 6507 for IP 10.30.4.128: A Modbus Exception Occurred - See Response Body
[2024-12-10T07:42:56.132Z] Error reading actual data: A Modbus Exception Occurred - See Response Body
[2024-12-10T07:42:56.133Z] Error writing to Modbus register: A Modbus Exception Occurred - See Response Body
[2024-12-10T07:42:57.131Z] Error reading or processing Modbus registers: A Modbus Exception Occurred - See Response Body
[2024-12-10T07:42:57.135Z] Error reading actual data: A Modbus Exception Occurred - See Response Body
[2024-12-10T07:42:57.134Z] Error reading register 6507 for IP 10.30.4.128: A Modbus Exception Occurred - See Response Body
[2024-12-10T07:42:57.135Z] Error writing to Modbus register: A Modbus Exception Occurred - See Response Body
[2024-12-10T07:42:58.131Z] Error reading or processing Modbus registers: A Modbus Exception Occurred - See Response Body
[2024-12-10T07:42:58.134Z] Error reading register 6507 for IP 10.30.4.128: A Modbus Exception Occurred - See Response Body
[2024-12-10T07:42:58.134Z] Error reading actual data: A Modbus Exception Occurred - See Response Body
[2024-12-10T07:42:58.135Z] Error writing to Modbus register: A Modbus Exception Occurred - See Response Body
[2024-12-10T07:42:59.145Z] Error reading or processing Modbus registers: A Modbus Exception Occurred - See Response Body
[2024-12-10T07:42:59.147Z] Error reading register 6507 for IP 10.30.4.128: A Modbus Exception Occurred - See Response Body
[2024-12-10T07:42:59.148Z] Error reading actual data: A Modbus Exception Occurred - See Response Body
[2024-12-10T07:42:59.148Z] Error writing to Modbus register: A Modbus Exception Occurred - See Response Body
[2024-12-10T07:43:00.146Z] Error reading or processing Modbus registers: A Modbus Exception Occurred - See Response Body
[2024-12-10T07:43:00.148Z] Error reading register 6507 for IP 10.30.4.128: A Modbus Exception Occurred - See Response Body
[2024-12-10T07:43:00.149Z] Error reading actual data: A Modbus Exception Occurred - See Response Body
[2024-12-10T07:43:00.149Z] Error writing to Modbus register: A Modbus Exception Occurred - See Response Body
[2024-12-10T07:43:01.160Z] Error reading or processing Modbus registers: A Modbus Exception Occurred - See Response Body
[2024-12-10T07:43:01.162Z] Error reading register 6507 for IP 10.30.4.128: A Modbus Exception Occurred - See Response Body
[2024-12-10T07:43:01.163Z] Error reading actual data: A Modbus Exception Occurred - See Response Body
[2024-12-10T07:43:01.164Z] Error writing to Modbus register: A Modbus Exception Occurred - See Response Body
[2024-12-10T07:43:02.163Z] Error reading or processing Modbus registers: A Modbus Exception Occurred - See Response Body
[2024-12-10T07:43:02.166Z] Error reading register 6507 for IP 10.30.4.128: A Modbus Exception Occurred - See Response Body
[2024-12-10T07:43:02.166Z] Error reading actual data: A Modbus Exception Occurred - See Response Body
[2024-12-10T07:43:02.167Z] Error writing to Modbus register: A Modbus Exception Occurred - See Response Body
[2024-12-10T07:43:03.178Z] Error reading or processing Modbus registers: A Modbus Exception Occurred - See Response Body
[2024-12-10T07:43:03.180Z] Error reading register 6507 for IP 10.30.4.128: A Modbus Exception Occurred - See Response Body
[2024-12-10T07:43:03.181Z] Error reading actual data: A Modbus Exception Occurred - See Response Body
[2024-12-10T07:43:03.182Z] Error writing to Modbus register: A Modbus Exception Occurred - See Response Body
[2024-12-10T07:43:04.191Z] Error reading or processing Modbus registers: A Modbus Exception Occurred - See Response Body
[2024-12-10T07:43:04.193Z] Error reading register 6507 for IP 10.30.4.128: A Modbus Exception Occurred - See Response Body
[2024-12-10T07:43:04.194Z] Error reading actual data: A Modbus Exception Occurred - See Response Body
[2024-12-10T07:43:04.195Z] Error writing to Modbus register: A Modbus Exception Occurred - See Response Body
[2024-12-10T07:43:05.205Z] Error reading or processing Modbus registers: A Modbus Exception Occurred - See Response Body
[2024-12-10T07:43:05.207Z] Error reading register 6507 for IP 10.30.4.128: A Modbus Exception Occurred - See Response Body
[2024-12-10T07:43:05.208Z] Error reading actual data: A Modbus Exception Occurred - See Response Body
[2024-12-10T07:43:05.209Z] Error writing to Modbus register: A Modbus Exception Occurred - See Response Body
[2024-12-10T07:43:06.217Z] Error reading or processing Modbus registers: A Modbus Exception Occurred - See Response Body
[2024-12-10T07:43:06.219Z] Error reading register 6507 for IP 10.30.4.128: A Modbus Exception Occurred - See Response Body
[2024-12-10T07:43:06.220Z] Error reading actual data: A Modbus Exception Occurred - See Response Body
[2024-12-10T07:43:06.220Z] Error writing to Modbus register: A Modbus Exception Occurred - See Response Body
[2024-12-10T07:43:07.230Z] Error reading or processing Modbus registers: A Modbus Exception Occurred - See Response Body
[2024-12-10T07:43:07.233Z] Error reading register 6507 for IP 10.30.4.128: A Modbus Exception Occurred - See Response Body
[2024-12-10T07:43:07.234Z] Error reading actual data: A Modbus Exception Occurred - See Response Body
[2024-12-10T07:43:07.235Z] Error writing to Modbus register: A Modbus Exception Occurred - See Response Body
[2024-12-10T07:43:08.243Z] Error reading or processing Modbus registers: A Modbus Exception Occurred - See Response Body
[2024-12-10T07:43:08.246Z] Error reading register 6507 for IP 10.30.4.128: A Modbus Exception Occurred - See Response Body
[2024-12-10T07:43:08.247Z] Error reading actual data: A Modbus Exception Occurred - See Response Body
[2024-12-10T07:43:08.247Z] Error writing to Modbus register: A Modbus Exception Occurred - See Response Body
[2024-12-10T07:43:09.244Z] Error reading or processing Modbus registers: A Modbus Exception Occurred - See Response Body
[2024-12-10T07:43:09.247Z] Error reading register 6507 for IP 10.30.4.128: A Modbus Exception Occurred - See Response Body
[2024-12-10T07:43:09.248Z] Error reading actual data: A Modbus Exception Occurred - See Response Body
[2024-12-10T07:43:09.249Z] Error writing to Modbus register: A Modbus Exception Occurred - See Response Body
[2024-12-10T07:43:10.248Z] Error reading or processing Modbus registers: A Modbus Exception Occurred - See Response Body
[2024-12-10T07:43:10.251Z] Error reading register 6507 for IP 10.30.4.128: A Modbus Exception Occurred - See Response Body
[2024-12-10T07:43:10.251Z] Error reading actual data: A Modbus Exception Occurred - See Response Body
[2024-12-10T07:43:10.252Z] Error writing to Modbus register: A Modbus Exception Occurred - See Response Body
[2024-12-10T07:43:11.258Z] Error reading or processing Modbus registers: A Modbus Exception Occurred - See Response Body
[2024-12-10T07:43:11.261Z] Error reading register 6507 for IP 10.30.4.128: A Modbus Exception Occurred - See Response Body
[2024-12-10T07:43:11.261Z] Error reading actual data: A Modbus Exception Occurred - See Response Body
[2024-12-10T07:43:11.262Z] Error writing to Modbus register: A Modbus Exception Occurred - See Response Body
[2024-12-10T07:43:12.269Z] Error reading or processing Modbus registers: A Modbus Exception Occurred - See Response Body
[2024-12-10T07:43:12.271Z] Error reading register 6507 for IP 10.30.4.128: A Modbus Exception Occurred - See Response Body
[2024-12-10T07:43:12.272Z] Error reading actual data: A Modbus Exception Occurred - See Response Body
[2024-12-10T07:43:12.273Z] Error writing to Modbus register: A Modbus Exception Occurred - See Response Body
[2024-12-10T07:43:13.271Z] Error reading or processing Modbus registers: A Modbus Exception Occurred - See Response Body
[2024-12-10T07:43:13.273Z] Error reading register 6507 for IP 10.30.4.128: A Modbus Exception Occurred - See Response Body
[2024-12-10T07:43:13.274Z] Error reading actual data: A Modbus Exception Occurred - See Response Body
[2024-12-10T07:43:13.274Z] Error writing to Modbus register: A Modbus Exception Occurred - See Response Body
[2024-12-10T07:43:14.283Z] Error reading or processing Modbus registers: A Modbus Exception Occurred - See Response Body
[2024-12-10T07:43:14.285Z] Error reading register 6507 for IP 10.30.4.128: A Modbus Exception Occurred - See Response Body
[2024-12-10T07:43:14.286Z] Error reading actual data: A Modbus Exception Occurred - See Response Body
[2024-12-10T07:43:14.286Z] Error writing to Modbus register: A Modbus Exception Occurred - See Response Body
[2024-12-10T07:43:15.296Z] Error reading or processing Modbus registers: A Modbus Exception Occurred - See Response Body
[2024-12-10T07:43:15.298Z] Error reading register 6507 for IP 10.30.4.128: A Modbus Exception Occurred - See Response Body
[2024-12-10T07:43:15.299Z] Error reading actual data: A Modbus Exception Occurred - See Response Body
[2024-12-10T07:43:15.300Z] Error writing to Modbus register: A Modbus Exception Occurred - See Response Body
[2024-12-10T07:43:16.310Z] Error reading or processing Modbus registers: A Modbus Exception Occurred - See Response Body
[2024-12-10T07:43:16.313Z] Error reading register 6507 for IP 10.30.4.128: A Modbus Exception Occurred - See Response Body
[2024-12-10T07:43:16.314Z] Error reading actual data: A Modbus Exception Occurred - See Response Body
[2024-12-10T07:43:16.314Z] Error writing to Modbus register: A Modbus Exception Occurred - See Response Body
[2024-12-10T07:43:17.322Z] Error reading or processing Modbus registers: A Modbus Exception Occurred - See Response Body
[2024-12-10T07:43:17.324Z] Error reading register 6507 for IP 10.30.4.128: A Modbus Exception Occurred - See Response Body
[2024-12-10T07:43:17.325Z] Error reading actual data: A Modbus Exception Occurred - See Response Body
[2024-12-10T07:43:17.325Z] Error writing to Modbus register: A Modbus Exception Occurred - See Response Body
[2024-12-10T07:43:18.333Z] Error reading or processing Modbus registers: A Modbus Exception Occurred - See Response Body
[2024-12-10T07:43:18.336Z] Error reading register 6507 for IP 10.30.4.128: A Modbus Exception Occurred - See Response Body
[2024-12-10T07:43:18.337Z] Error reading actual data: A Modbus Exception Occurred - See Response Body
[2024-12-10T07:43:18.337Z] Error writing to Modbus register: A Modbus Exception Occurred - See Response Body
[2024-12-10T07:43:19.333Z] Error reading or processing Modbus registers: A Modbus Exception Occurred - See Response Body
[2024-12-10T07:43:19.336Z] Error reading register 6507 for IP 10.30.4.128: A Modbus Exception Occurred - See Response Body
[2024-12-10T07:43:19.337Z] Error reading actual data: A Modbus Exception Occurred - See Response Body
[2024-12-10T07:43:19.338Z] Error writing to Modbus register: A Modbus Exception Occurred - See Response Body
[2024-12-10T07:43:20.345Z] Error reading or processing Modbus registers: A Modbus Exception Occurred - See Response Body
[2024-12-10T07:43:20.347Z] Error reading register 6507 for IP 10.30.4.128: A Modbus Exception Occurred - See Response Body
[2024-12-10T07:43:20.348Z] Error reading actual data: A Modbus Exception Occurred - See Response Body
[2024-12-10T07:43:20.349Z] Error writing to Modbus register: A Modbus Exception Occurred - See Response Body
[2024-12-10T07:43:21.359Z] Error reading or processing Modbus registers: A Modbus Exception Occurred - See Response Body
[2024-12-10T07:43:21.362Z] Error reading register 6507 for IP 10.30.4.128: A Modbus Exception Occurred - See Response Body
[2024-12-10T07:43:21.363Z] Error reading actual data: A Modbus Exception Occurred - See Response Body
[2024-12-10T07:43:21.363Z] Error writing to Modbus register: A Modbus Exception Occurred - See Response Body
[2024-12-10T07:43:22.360Z] Error reading or processing Modbus registers: A Modbus Exception Occurred - See Response Body
[2024-12-10T07:43:22.363Z] Error reading register 6507 for IP 10.30.4.128: A Modbus Exception Occurred - See Response Body
[2024-12-10T07:43:22.364Z] Error reading actual data: A Modbus Exception Occurred - See Response Body
[2024-12-10T07:43:22.365Z] Error writing to Modbus register: A Modbus Exception Occurred - See Response Body
[2024-12-10T07:43:23.372Z] Error reading or processing Modbus registers: A Modbus Exception Occurred - See Response Body
[2024-12-10T07:43:23.375Z] Error reading register 6507 for IP 10.30.4.128: A Modbus Exception Occurred - See Response Body
[2024-12-10T07:43:23.375Z] Error reading actual data: A Modbus Exception Occurred - See Response Body
[2024-12-10T07:43:23.376Z] Error writing to Modbus register: A Modbus Exception Occurred - See Response Body
[2024-12-10T07:43:24.375Z] Error reading or processing Modbus registers: A Modbus Exception Occurred - See Response Body
[2024-12-10T07:43:24.377Z] Error reading register 6507 for IP 10.30.4.128: A Modbus Exception Occurred - See Response Body
[2024-12-10T07:43:24.378Z] Error reading actual data: A Modbus Exception Occurred - See Response Body
[2024-12-10T07:43:24.379Z] Error writing to Modbus register: A Modbus Exception Occurred - See Response Body
[2024-12-10T07:43:25.389Z] Error reading or processing Modbus registers: A Modbus Exception Occurred - See Response Body
[2024-12-10T07:43:25.392Z] Error reading register 6507 for IP 10.30.4.128: A Modbus Exception Occurred - See Response Body
[2024-12-10T07:43:25.393Z] Error reading actual data: A Modbus Exception Occurred - See Response Body
[2024-12-10T07:43:25.393Z] Error writing to Modbus register: A Modbus Exception Occurred - See Response Body
[2024-12-10T07:43:26.390Z] Error reading or processing Modbus registers: A Modbus Exception Occurred - See Response Body
[2024-12-10T07:43:26.392Z] Error reading register 6507 for IP 10.30.4.128: A Modbus Exception Occurred - See Response Body
[2024-12-10T07:43:26.393Z] Error reading actual data: A Modbus Exception Occurred - See Response Body
[2024-12-10T07:43:26.394Z] Error writing to Modbus register: A Modbus Exception Occurred - See Response Body
[2024-12-10T07:43:27.393Z] Error reading or processing Modbus registers: A Modbus Exception Occurred - See Response Body
[2024-12-10T07:43:27.417Z] Error reading register 6507 for IP 10.30.4.128: A Modbus Exception Occurred - See Response Body
[2024-12-10T07:43:27.417Z] Error reading actual data: A Modbus Exception Occurred - See Response Body
[2024-12-10T07:43:27.418Z] Error writing to Modbus register: A Modbus Exception Occurred - See Response Body
[2024-12-10T07:43:28.404Z] Error reading or processing Modbus registers: A Modbus Exception Occurred - See Response Body
[2024-12-10T07:43:28.407Z] Error reading register 6507 for IP 10.30.4.128: A Modbus Exception Occurred - See Response Body
[2024-12-10T07:43:28.408Z] Error reading actual data: A Modbus Exception Occurred - See Response Body
[2024-12-10T07:43:28.408Z] Error writing to Modbus register: A Modbus Exception Occurred - See Response Body
[2024-12-10T07:43:29.418Z] Error reading or processing Modbus registers: A Modbus Exception Occurred - See Response Body
[2024-12-10T07:43:29.421Z] Error reading register 6507 for IP 10.30.4.128: A Modbus Exception Occurred - See Response Body
[2024-12-10T07:43:29.421Z] Error reading actual data: A Modbus Exception Occurred - See Response Body
[2024-12-10T07:43:29.422Z] Error writing to Modbus register: A Modbus Exception Occurred - See Response Body
[2024-12-10T07:43:30.431Z] Error reading or processing Modbus registers: A Modbus Exception Occurred - See Response Body
[2024-12-10T07:43:30.433Z] Error reading register 6507 for IP 10.30.4.128: A Modbus Exception Occurred - See Response Body
[2024-12-10T07:43:30.433Z] Error reading actual data: A Modbus Exception Occurred - See Response Body
[2024-12-10T07:43:30.434Z] Error writing to Modbus register: A Modbus Exception Occurred - See Response Body
[2024-12-10T07:43:31.433Z] Error reading or processing Modbus registers: A Modbus Exception Occurred - See Response Body
[2024-12-10T07:43:31.435Z] Error reading register 6507 for IP 10.30.4.128: A Modbus Exception Occurred - See Response Body
[2024-12-10T07:43:31.436Z] Error reading actual data: A Modbus Exception Occurred - See Response Body
[2024-12-10T07:43:31.437Z] Error writing to Modbus register: A Modbus Exception Occurred - See Response Body
[2024-12-10T07:43:32.446Z] Error reading or processing Modbus registers: A Modbus Exception Occurred - See Response Body
[2024-12-10T07:43:32.448Z] Error reading register 6507 for IP 10.30.4.128: A Modbus Exception Occurred - See Response Body
[2024-12-10T07:43:32.449Z] Error reading actual data: A Modbus Exception Occurred - See Response Body
[2024-12-10T07:43:32.450Z] Error writing to Modbus register: A Modbus Exception Occurred - See Response Body
[2024-12-10T07:43:33.461Z] Error reading or processing Modbus registers: A Modbus Exception Occurred - See Response Body
[2024-12-10T07:43:33.463Z] Error reading register 6507 for IP 10.30.4.128: A Modbus Exception Occurred - See Response Body
[2024-12-10T07:43:33.464Z] Error reading actual data: A Modbus Exception Occurred - See Response Body
[2024-12-10T07:43:33.465Z] Error writing to Modbus register: A Modbus Exception Occurred - See Response Body
[2024-12-10T07:43:34.475Z] Error reading or processing Modbus registers: A Modbus Exception Occurred - See Response Body
[2024-12-10T07:43:34.478Z] Error reading register 6507 for IP 10.30.4.128: A Modbus Exception Occurred - See Response Body
[2024-12-10T07:43:34.478Z] Error reading actual data: A Modbus Exception Occurred - See Response Body
[2024-12-10T07:43:34.479Z] Error writing to Modbus register: A Modbus Exception Occurred - See Response Body
[2024-12-10T07:43:35.488Z] Error reading or processing Modbus registers: A Modbus Exception Occurred - See Response Body
[2024-12-10T07:43:35.491Z] Error reading register 6507 for IP 10.30.4.128: A Modbus Exception Occurred - See Response Body
[2024-12-10T07:43:35.491Z] Error reading actual data: A Modbus Exception Occurred - See Response Body
[2024-12-10T07:43:35.492Z] Error writing to Modbus register: A Modbus Exception Occurred - See Response Body
[2024-12-10T07:43:36.503Z] Error reading or processing Modbus registers: A Modbus Exception Occurred - See Response Body
[2024-12-10T07:43:36.506Z] Error reading register 6507 for IP 10.30.4.128: A Modbus Exception Occurred - See Response Body
[2024-12-10T07:43:36.507Z] Error reading actual data: A Modbus Exception Occurred - See Response Body
[2024-12-10T07:43:36.507Z] Error writing to Modbus register: A Modbus Exception Occurred - See Response Body
[2024-12-10T07:43:37.516Z] Error reading or processing Modbus registers: A Modbus Exception Occurred - See Response Body
[2024-12-10T07:43:37.518Z] Error reading register 6507 for IP 10.30.4.128: A Modbus Exception Occurred - See Response Body
[2024-12-10T07:43:37.519Z] Error reading actual data: A Modbus Exception Occurred - See Response Body
[2024-12-10T07:43:37.519Z] Error writing to Modbus register: A Modbus Exception Occurred - See Response Body
[2024-12-10T07:43:38.529Z] Error reading or processing Modbus registers: A Modbus Exception Occurred - See Response Body
[2024-12-10T07:43:38.531Z] Error reading register 6507 for IP 10.30.4.128: A Modbus Exception Occurred - See Response Body
[2024-12-10T07:43:38.532Z] Error reading actual data: A Modbus Exception Occurred - See Response Body
[2024-12-10T07:43:38.533Z] Error writing to Modbus register: A Modbus Exception Occurred - See Response Body
[2024-12-10T07:43:39.533Z] Error reading or processing Modbus registers: A Modbus Exception Occurred - See Response Body
[2024-12-10T07:43:39.536Z] Error reading register 6507 for IP 10.30.4.128: A Modbus Exception Occurred - See Response Body
[2024-12-10T07:43:39.537Z] Error reading actual data: A Modbus Exception Occurred - See Response Body
[2024-12-10T07:43:39.537Z] Error writing to Modbus register: A Modbus Exception Occurred - See Response Body
[2024-12-10T07:43:40.547Z] Error reading or processing Modbus registers: A Modbus Exception Occurred - See Response Body
[2024-12-10T07:43:40.550Z] Error reading register 6507 for IP 10.30.4.128: A Modbus Exception Occurred - See Response Body
[2024-12-10T07:43:40.551Z] Error reading actual data: A Modbus Exception Occurred - See Response Body
[2024-12-10T07:43:40.551Z] Error writing to Modbus register: A Modbus Exception Occurred - See Response Body
[2024-12-10T07:43:41.548Z] Error reading or processing Modbus registers: A Modbus Exception Occurred - See Response Body
[2024-12-10T07:43:41.550Z] Error reading register 6507 for IP 10.30.4.128: A Modbus Exception Occurred - See Response Body
[2024-12-10T07:43:41.551Z] Error reading actual data: A Modbus Exception Occurred - See Response Body
[2024-12-10T07:43:41.552Z] Error writing to Modbus register: A Modbus Exception Occurred - See Response Body
[2024-12-10T07:43:42.560Z] Error reading or processing Modbus registers: A Modbus Exception Occurred - See Response Body
[2024-12-10T07:43:42.562Z] Error reading register 6507 for IP 10.30.4.128: A Modbus Exception Occurred - See Response Body
[2024-12-10T07:43:42.563Z] Error reading actual data: A Modbus Exception Occurred - See Response Body
[2024-12-10T07:43:42.564Z] Error writing to Modbus register: A Modbus Exception Occurred - See Response Body
[2024-12-10T07:43:43.575Z] Error reading or processing Modbus registers: A Modbus Exception Occurred - See Response Body
[2024-12-10T07:43:43.578Z] Error reading register 6507 for IP 10.30.4.128: A Modbus Exception Occurred - See Response Body
[2024-12-10T07:43:43.578Z] Error reading actual data: A Modbus Exception Occurred - See Response Body
[2024-12-10T07:43:43.579Z] Error writing to Modbus register: A Modbus Exception Occurred - See Response Body
[2024-12-10T07:43:44.590Z] Error reading or processing Modbus registers: A Modbus Exception Occurred - See Response Body
[2024-12-10T07:43:44.593Z] Error reading register 6507 for IP 10.30.4.128: A Modbus Exception Occurred - See Response Body
[2024-12-10T07:43:44.593Z] Error reading actual data: A Modbus Exception Occurred - See Response Body
[2024-12-10T07:43:44.594Z] Error writing to Modbus register: A Modbus Exception Occurred - See Response Body
[2024-12-10T07:43:45.593Z] Error reading or processing Modbus registers: A Modbus Exception Occurred - See Response Body
[2024-12-10T07:43:45.595Z] Error reading register 6507 for IP 10.30.4.128: A Modbus Exception Occurred - See Response Body
[2024-12-10T07:43:45.596Z] Error reading actual data: A Modbus Exception Occurred - See Response Body
[2024-12-10T07:43:45.597Z] Error writing to Modbus register: A Modbus Exception Occurred - See Response Body
[2024-12-10T07:43:46.606Z] Error reading or processing Modbus registers: A Modbus Exception Occurred - See Response Body
[2024-12-10T07:43:46.609Z] Error reading register 6507 for IP 10.30.4.128: A Modbus Exception Occurred - See Response Body
[2024-12-10T07:43:46.610Z] Error reading actual data: A Modbus Exception Occurred - See Response Body
[2024-12-10T07:43:46.610Z] Error writing to Modbus register: A Modbus Exception Occurred - See Response Body
[2024-12-10T07:43:47.619Z] Error reading or processing Modbus registers: A Modbus Exception Occurred - See Response Body
[2024-12-10T07:43:47.622Z] Error reading register 6507 for IP 10.30.4.128: A Modbus Exception Occurred - See Response Body
[2024-12-10T07:43:47.622Z] Error reading actual data: A Modbus Exception Occurred - See Response Body
[2024-12-10T07:43:47.623Z] Error writing to Modbus register: A Modbus Exception Occurred - See Response Body
[2024-12-10T07:43:48.635Z] Error reading or processing Modbus registers: A Modbus Exception Occurred - See Response Body
[2024-12-10T07:43:48.637Z] Error reading register 6507 for IP 10.30.4.128: A Modbus Exception Occurred - See Response Body
[2024-12-10T07:43:48.638Z] Error reading actual data: A Modbus Exception Occurred - See Response Body
[2024-12-10T07:43:48.638Z] Error writing to Modbus register: A Modbus Exception Occurred - See Response Body
[2024-12-10T07:43:49.648Z] Error reading or processing Modbus registers: A Modbus Exception Occurred - See Response Body
[2024-12-10T07:43:49.651Z] Error reading register 6507 for IP 10.30.4.128: A Modbus Exception Occurred - See Response Body
[2024-12-10T07:43:49.651Z] Error reading actual data: A Modbus Exception Occurred - See Response Body
[2024-12-10T07:43:49.652Z] Error writing to Modbus register: A Modbus Exception Occurred - See Response Body
[2024-12-10T07:43:50.663Z] Error reading or processing Modbus registers: A Modbus Exception Occurred - See Response Body
[2024-12-10T07:43:50.666Z] Error reading register 6507 for IP 10.30.4.128: A Modbus Exception Occurred - See Response Body
[2024-12-10T07:43:50.666Z] Error reading actual data: A Modbus Exception Occurred - See Response Body
[2024-12-10T07:43:50.667Z] Error writing to Modbus register: A Modbus Exception Occurred - See Response Body
[2024-12-10T07:43:51.678Z] Error reading or processing Modbus registers: A Modbus Exception Occurred - See Response Body
[2024-12-10T07:43:51.680Z] Error reading register 6507 for IP 10.30.4.128: A Modbus Exception Occurred - See Response Body
[2024-12-10T07:43:51.681Z] Error reading actual data: A Modbus Exception Occurred - See Response Body
[2024-12-10T07:43:51.681Z] Error writing to Modbus register: A Modbus Exception Occurred - See Response Body
[2024-12-10T07:43:52.678Z] Error reading or processing Modbus registers: A Modbus Exception Occurred - See Response Body
[2024-12-10T07:43:52.681Z] Error reading register 6507 for IP 10.30.4.128: A Modbus Exception Occurred - See Response Body
[2024-12-10T07:43:52.681Z] Error reading actual data: A Modbus Exception Occurred - See Response Body
[2024-12-10T07:43:52.682Z] Error writing to Modbus register: A Modbus Exception Occurred - See Response Body
[2024-12-10T07:43:53.693Z] Error reading or processing Modbus registers: A Modbus Exception Occurred - See Response Body
[2024-12-10T07:43:53.695Z] Error reading register 6507 for IP 10.30.4.128: A Modbus Exception Occurred - See Response Body
[2024-12-10T07:43:53.696Z] Error reading actual data: A Modbus Exception Occurred - See Response Body
[2024-12-10T07:43:53.696Z] Error writing to Modbus register: A Modbus Exception Occurred - See Response Body
[2024-12-10T07:43:54.705Z] Error reading or processing Modbus registers: A Modbus Exception Occurred - See Response Body
[2024-12-10T07:43:54.707Z] Error reading register 6507 for IP 10.30.4.128: A Modbus Exception Occurred - See Response Body
[2024-12-10T07:43:54.708Z] Error reading actual data: A Modbus Exception Occurred - See Response Body
[2024-12-10T07:43:54.709Z] Error writing to Modbus register: A Modbus Exception Occurred - See Response Body
[2024-12-10T07:43:55.707Z] Error reading or processing Modbus registers: A Modbus Exception Occurred - See Response Body
[2024-12-10T07:43:55.710Z] Error reading register 6507 for IP 10.30.4.128: A Modbus Exception Occurred - See Response Body
[2024-12-10T07:43:55.711Z] Error reading actual data: A Modbus Exception Occurred - See Response Body
[2024-12-10T07:43:55.711Z] Error writing to Modbus register: A Modbus Exception Occurred - See Response Body
[2024-12-10T07:43:56.720Z] Error reading or processing Modbus registers: A Modbus Exception Occurred - See Response Body
[2024-12-10T07:43:56.723Z] Error reading register 6507 for IP 10.30.4.128: A Modbus Exception Occurred - See Response Body
[2024-12-10T07:43:56.723Z] Error reading actual data: A Modbus Exception Occurred - See Response Body
[2024-12-10T07:43:56.724Z] Error writing to Modbus register: A Modbus Exception Occurred - See Response Body
[2024-12-10T07:43:57.733Z] Error reading or processing Modbus registers: A Modbus Exception Occurred - See Response Body
[2024-12-10T07:43:57.737Z] Error reading actual data: A Modbus Exception Occurred - See Response Body
[2024-12-10T07:43:57.736Z] Error reading register 6507 for IP 10.30.4.128: A Modbus Exception Occurred - See Response Body
[2024-12-10T07:43:57.737Z] Error writing to Modbus register: A Modbus Exception Occurred - See Response Body
[2024-12-10T07:43:58.744Z] Error reading or processing Modbus registers: A Modbus Exception Occurred - See Response Body
[2024-12-10T07:43:58.747Z] Error reading register 6507 for IP 10.30.4.128: A Modbus Exception Occurred - See Response Body
[2024-12-10T07:43:58.748Z] Error reading actual data: A Modbus Exception Occurred - See Response Body
[2024-12-10T07:43:58.748Z] Error writing to Modbus register: A Modbus Exception Occurred - See Response Body
[2024-12-10T07:43:59.746Z] Error reading or processing Modbus registers: A Modbus Exception Occurred - See Response Body
[2024-12-10T07:43:59.749Z] Error reading register 6507 for IP 10.30.4.128: A Modbus Exception Occurred - See Response Body
[2024-12-10T07:43:59.750Z] Error reading actual data: A Modbus Exception Occurred - See Response Body
[2024-12-10T07:43:59.750Z] Error writing to Modbus register: A Modbus Exception Occurred - See Response Body
[2024-12-10T07:44:00.746Z] Error reading or processing Modbus registers: A Modbus Exception Occurred - See Response Body
[2024-12-10T07:44:00.749Z] Error reading register 6507 for IP 10.30.4.128: A Modbus Exception Occurred - See Response Body
[2024-12-10T07:44:00.749Z] Error reading actual data: A Modbus Exception Occurred - See Response Body
[2024-12-10T07:44:00.750Z] Error writing to Modbus register: A Modbus Exception Occurred - See Response Body
[2024-12-10T07:44:01.760Z] Error reading or processing Modbus registers: A Modbus Exception Occurred - See Response Body
[2024-12-10T07:44:01.762Z] Error reading register 6507 for IP 10.30.4.128: A Modbus Exception Occurred - See Response Body
[2024-12-10T07:44:01.763Z] Error reading actual data: A Modbus Exception Occurred - See Response Body
[2024-12-10T07:44:01.764Z] Error writing to Modbus register: A Modbus Exception Occurred - See Response Body
[2024-12-10T07:44:02.774Z] Error reading or processing Modbus registers: A Modbus Exception Occurred - See Response Body
[2024-12-10T07:44:02.776Z] Error reading register 6507 for IP 10.30.4.128: A Modbus Exception Occurred - See Response Body
[2024-12-10T07:44:02.777Z] Error reading actual data: A Modbus Exception Occurred - See Response Body
[2024-12-10T07:44:02.778Z] Error writing to Modbus register: A Modbus Exception Occurred - See Response Body
[2024-12-10T07:44:03.786Z] Error reading or processing Modbus registers: A Modbus Exception Occurred - See Response Body
[2024-12-10T07:44:03.789Z] Error reading register 6507 for IP 10.30.4.128: A Modbus Exception Occurred - See Response Body
[2024-12-10T07:44:03.790Z] Error reading actual data: A Modbus Exception Occurred - See Response Body
[2024-12-10T07:44:03.790Z] Error writing to Modbus register: A Modbus Exception Occurred - See Response Body
[2024-12-10T07:44:04.797Z] Error reading or processing Modbus registers: A Modbus Exception Occurred - See Response Body
[2024-12-10T07:44:04.802Z] Error reading register 6507 for IP 10.30.4.128: A Modbus Exception Occurred - See Response Body
[2024-12-10T07:44:04.803Z] Error reading actual data: A Modbus Exception Occurred - See Response Body
[2024-12-10T07:44:04.804Z] Error writing to Modbus register: A Modbus Exception Occurred - See Response Body
[2024-12-10T07:44:05.812Z] Error reading or processing Modbus registers: A Modbus Exception Occurred - See Response Body
[2024-12-10T07:44:05.814Z] Error reading register 6507 for IP 10.30.4.128: A Modbus Exception Occurred - See Response Body
[2024-12-10T07:44:05.815Z] Error reading actual data: A Modbus Exception Occurred - See Response Body
[2024-12-10T07:44:05.815Z] Error writing to Modbus register: A Modbus Exception Occurred - See Response Body
[2024-12-10T07:44:06.826Z] Error reading or processing Modbus registers: A Modbus Exception Occurred - See Response Body
[2024-12-10T07:44:06.828Z] Error reading register 6507 for IP 10.30.4.128: A Modbus Exception Occurred - See Response Body
[2024-12-10T07:44:06.829Z] Error reading actual data: A Modbus Exception Occurred - See Response Body
[2024-12-10T07:44:06.830Z] Error writing to Modbus register: A Modbus Exception Occurred - See Response Body
[2024-12-10T07:44:07.839Z] Error reading or processing Modbus registers: A Modbus Exception Occurred - See Response Body
[2024-12-10T07:44:07.842Z] Error reading register 6507 for IP 10.30.4.128: A Modbus Exception Occurred - See Response Body
[2024-12-10T07:44:07.842Z] Error reading actual data: A Modbus Exception Occurred - See Response Body
[2024-12-10T07:44:07.843Z] Error writing to Modbus register: A Modbus Exception Occurred - See Response Body
[2024-12-10T07:44:08.840Z] Error reading or processing Modbus registers: A Modbus Exception Occurred - See Response Body
[2024-12-10T07:44:08.842Z] Error reading register 6507 for IP 10.30.4.128: A Modbus Exception Occurred - See Response Body
[2024-12-10T07:44:08.843Z] Error reading actual data: A Modbus Exception Occurred - See Response Body
[2024-12-10T07:44:08.844Z] Error writing to Modbus register: A Modbus Exception Occurred - See Response Body
[2024-12-10T07:44:09.851Z] Error reading or processing Modbus registers: A Modbus Exception Occurred - See Response Body
[2024-12-10T07:44:09.853Z] Error reading register 6507 for IP 10.30.4.128: A Modbus Exception Occurred - See Response Body
[2024-12-10T07:44:09.853Z] Error reading actual data: A Modbus Exception Occurred - See Response Body
[2024-12-10T07:44:09.854Z] Error writing to Modbus register: A Modbus Exception Occurred - See Response Body
[2024-12-10T07:44:10.851Z] Error reading or processing Modbus registers: A Modbus Exception Occurred - See Response Body
[2024-12-10T07:44:10.854Z] Error reading register 6507 for IP 10.30.4.128: A Modbus Exception Occurred - See Response Body
[2024-12-10T07:44:10.854Z] Error reading actual data: A Modbus Exception Occurred - See Response Body
[2024-12-10T07:44:10.855Z] Error writing to Modbus register: A Modbus Exception Occurred - See Response Body
[2024-12-10T07:44:11.864Z] Error reading or processing Modbus registers: A Modbus Exception Occurred - See Response Body
[2024-12-10T07:44:11.866Z] Error reading register 6507 for IP 10.30.4.128: A Modbus Exception Occurred - See Response Body
[2024-12-10T07:44:11.867Z] Error reading actual data: A Modbus Exception Occurred - See Response Body
[2024-12-10T07:44:11.867Z] Error writing to Modbus register: A Modbus Exception Occurred - See Response Body
[2024-12-10T07:44:12.878Z] Error reading or processing Modbus registers: A Modbus Exception Occurred - See Response Body
[2024-12-10T07:44:12.880Z] Error reading register 6507 for IP 10.30.4.128: A Modbus Exception Occurred - See Response Body
[2024-12-10T07:44:12.881Z] Error reading actual data: A Modbus Exception Occurred - See Response Body
[2024-12-10T07:44:12.881Z] Error writing to Modbus register: A Modbus Exception Occurred - See Response Body
[2024-12-10T07:44:13.893Z] Error reading or processing Modbus registers: A Modbus Exception Occurred - See Response Body
[2024-12-10T07:44:13.895Z] Error reading register 6507 for IP 10.30.4.128: A Modbus Exception Occurred - See Response Body
[2024-12-10T07:44:13.896Z] Error reading actual data: A Modbus Exception Occurred - See Response Body
[2024-12-10T07:44:13.896Z] Error writing to Modbus register: A Modbus Exception Occurred - See Response Body
[2024-12-10T07:44:14.905Z] Error reading or processing Modbus registers: A Modbus Exception Occurred - See Response Body
[2024-12-10T07:44:14.907Z] Error reading register 6507 for IP 10.30.4.128: A Modbus Exception Occurred - See Response Body
[2024-12-10T07:44:14.908Z] Error reading actual data: A Modbus Exception Occurred - See Response Body
[2024-12-10T07:44:14.909Z] Error writing to Modbus register: A Modbus Exception Occurred - See Response Body
[2024-12-10T07:44:15.920Z] Error reading or processing Modbus registers: A Modbus Exception Occurred - See Response Body
[2024-12-10T07:44:15.923Z] Error reading register 6507 for IP 10.30.4.128: A Modbus Exception Occurred - See Response Body
[2024-12-10T07:44:15.924Z] Error reading actual data: A Modbus Exception Occurred - See Response Body
[2024-12-10T07:44:15.925Z] Error writing to Modbus register: A Modbus Exception Occurred - See Response Body
[2024-12-10T07:44:16.921Z] Error reading or processing Modbus registers: A Modbus Exception Occurred - See Response Body
[2024-12-10T07:44:16.924Z] Error reading register 6507 for IP 10.30.4.128: A Modbus Exception Occurred - See Response Body
[2024-12-10T07:44:16.925Z] Error reading actual data: A Modbus Exception Occurred - See Response Body
[2024-12-10T07:44:16.925Z] Error writing to Modbus register: A Modbus Exception Occurred - See Response Body
[2024-12-10T07:44:17.933Z] Error reading or processing Modbus registers: A Modbus Exception Occurred - See Response Body
[2024-12-10T07:44:17.936Z] Error reading register 6507 for IP 10.30.4.128: A Modbus Exception Occurred - See Response Body
[2024-12-10T07:44:17.937Z] Error reading actual data: A Modbus Exception Occurred - See Response Body
[2024-12-10T07:44:17.938Z] Error writing to Modbus register: A Modbus Exception Occurred - See Response Body
[2024-12-10T07:44:18.933Z] Error reading or processing Modbus registers: A Modbus Exception Occurred - See Response Body
[2024-12-10T07:44:18.935Z] Error reading register 6507 for IP 10.30.4.128: A Modbus Exception Occurred - See Response Body
[2024-12-10T07:44:18.936Z] Error reading actual data: A Modbus Exception Occurred - See Response Body
[2024-12-10T07:44:18.937Z] Error writing to Modbus register: A Modbus Exception Occurred - See Response Body
[2024-12-10T07:44:19.936Z] Error reading or processing Modbus registers: A Modbus Exception Occurred - See Response Body
[2024-12-10T07:44:19.938Z] Error reading register 6507 for IP 10.30.4.128: A Modbus Exception Occurred - See Response Body
[2024-12-10T07:44:19.939Z] Error reading actual data: A Modbus Exception Occurred - See Response Body
[2024-12-10T07:44:19.940Z] Error writing to Modbus register: A Modbus Exception Occurred - See Response Body
[2024-12-10T07:44:20.946Z] Error reading or processing Modbus registers: A Modbus Exception Occurred - See Response Body
[2024-12-10T07:44:20.948Z] Error reading register 6507 for IP 10.30.4.128: A Modbus Exception Occurred - See Response Body
[2024-12-10T07:44:20.949Z] Error reading actual data: A Modbus Exception Occurred - See Response Body
[2024-12-10T07:44:20.950Z] Error writing to Modbus register: A Modbus Exception Occurred - See Response Body
[2024-12-10T07:44:21.960Z] Error reading or processing Modbus registers: A Modbus Exception Occurred - See Response Body
[2024-12-10T07:44:21.963Z] Error reading register 6507 for IP 10.30.4.128: A Modbus Exception Occurred - See Response Body
[2024-12-10T07:44:21.964Z] Error reading actual data: A Modbus Exception Occurred - See Response Body
[2024-12-10T07:44:21.964Z] Error writing to Modbus register: A Modbus Exception Occurred - See Response Body
[2024-12-10T07:44:22.974Z] Error reading or processing Modbus registers: A Modbus Exception Occurred - See Response Body
[2024-12-10T07:44:22.977Z] Error reading register 6507 for IP 10.30.4.128: A Modbus Exception Occurred - See Response Body
[2024-12-10T07:44:22.978Z] Error reading actual data: A Modbus Exception Occurred - See Response Body
[2024-12-10T07:44:22.978Z] Error writing to Modbus register: A Modbus Exception Occurred - See Response Body
[2024-12-10T07:44:23.975Z] Error reading or processing Modbus registers: A Modbus Exception Occurred - See Response Body
[2024-12-10T07:44:23.977Z] Error reading register 6507 for IP 10.30.4.128: A Modbus Exception Occurred - See Response Body
[2024-12-10T07:44:23.978Z] Error reading actual data: A Modbus Exception Occurred - See Response Body
[2024-12-10T07:44:23.979Z] Error writing to Modbus register: A Modbus Exception Occurred - See Response Body
[2024-12-10T07:44:24.989Z] Error reading or processing Modbus registers: A Modbus Exception Occurred - See Response Body
[2024-12-10T07:44:24.991Z] Error reading register 6507 for IP 10.30.4.128: A Modbus Exception Occurred - See Response Body
[2024-12-10T07:44:24.992Z] Error reading actual data: A Modbus Exception Occurred - See Response Body
[2024-12-10T07:44:24.992Z] Error writing to Modbus register: A Modbus Exception Occurred - See Response Body
[2024-12-10T07:44:26.004Z] Error reading or processing Modbus registers: A Modbus Exception Occurred - See Response Body
[2024-12-10T07:44:26.006Z] Error reading register 6507 for IP 10.30.4.128: A Modbus Exception Occurred - See Response Body
[2024-12-10T07:44:26.007Z] Error reading actual data: A Modbus Exception Occurred - See Response Body
[2024-12-10T07:44:26.007Z] Error writing to Modbus register: A Modbus Exception Occurred - See Response Body
[2024-12-10T07:44:27.018Z] Error reading or processing Modbus registers: A Modbus Exception Occurred - See Response Body
[2024-12-10T07:44:27.021Z] Error reading register 6507 for IP 10.30.4.128: A Modbus Exception Occurred - See Response Body
[2024-12-10T07:44:27.021Z] Error reading actual data: A Modbus Exception Occurred - See Response Body
[2024-12-10T07:44:27.022Z] Error writing to Modbus register: A Modbus Exception Occurred - See Response Body
[2024-12-10T07:44:28.032Z] Error reading or processing Modbus registers: A Modbus Exception Occurred - See Response Body
[2024-12-10T07:44:28.035Z] Error reading register 6507 for IP 10.30.4.128: A Modbus Exception Occurred - See Response Body
[2024-12-10T07:44:28.036Z] Error reading actual data: A Modbus Exception Occurred - See Response Body
[2024-12-10T07:44:28.036Z] Error writing to Modbus register: A Modbus Exception Occurred - See Response Body
[2024-12-10T07:44:29.046Z] Error reading or processing Modbus registers: A Modbus Exception Occurred - See Response Body
[2024-12-10T07:44:29.048Z] Error reading register 6507 for IP 10.30.4.128: A Modbus Exception Occurred - See Response Body
[2024-12-10T07:44:29.049Z] Error reading actual data: A Modbus Exception Occurred - See Response Body
[2024-12-10T07:44:29.051Z] Error writing to Modbus register: A Modbus Exception Occurred - See Response Body
[2024-12-10T07:44:30.048Z] Error reading or processing Modbus registers: A Modbus Exception Occurred - See Response Body
[2024-12-10T07:44:30.050Z] Error reading register 6507 for IP 10.30.4.128: A Modbus Exception Occurred - See Response Body
[2024-12-10T07:44:30.051Z] Error reading actual data: A Modbus Exception Occurred - See Response Body
[2024-12-10T07:44:30.053Z] Error writing to Modbus register: A Modbus Exception Occurred - See Response Body
[2024-12-10T07:44:31.060Z] Error reading or processing Modbus registers: A Modbus Exception Occurred - See Response Body
[2024-12-10T07:44:31.062Z] Error reading register 6507 for IP 10.30.4.128: A Modbus Exception Occurred - See Response Body
[2024-12-10T07:44:31.063Z] Error reading actual data: A Modbus Exception Occurred - See Response Body
[2024-12-10T07:44:31.063Z] Error writing to Modbus register: A Modbus Exception Occurred - See Response Body
[2024-12-10T07:44:32.073Z] Error reading or processing Modbus registers: A Modbus Exception Occurred - See Response Body
[2024-12-10T07:44:32.075Z] Error reading register 6507 for IP 10.30.4.128: A Modbus Exception Occurred - See Response Body
[2024-12-10T07:44:32.076Z] Error reading actual data: A Modbus Exception Occurred - See Response Body
[2024-12-10T07:44:32.077Z] Error writing to Modbus register: A Modbus Exception Occurred - See Response Body
[2024-12-10T07:44:33.073Z] Error reading or processing Modbus registers: A Modbus Exception Occurred - See Response Body
[2024-12-10T07:44:33.075Z] Error reading register 6507 for IP 10.30.4.128: A Modbus Exception Occurred - See Response Body
[2024-12-10T07:44:33.076Z] Error reading actual data: A Modbus Exception Occurred - See Response Body
[2024-12-10T07:44:33.077Z] Error writing to Modbus register: A Modbus Exception Occurred - See Response Body
[2024-12-10T07:44:34.074Z] Error reading or processing Modbus registers: A Modbus Exception Occurred - See Response Body
[2024-12-10T07:44:34.077Z] Error reading register 6507 for IP 10.30.4.128: A Modbus Exception Occurred - See Response Body
[2024-12-10T07:44:34.077Z] Error reading actual data: A Modbus Exception Occurred - See Response Body
[2024-12-10T07:44:34.078Z] Error writing to Modbus register: A Modbus Exception Occurred - See Response Body
[2024-12-10T07:44:35.075Z] Error reading or processing Modbus registers: A Modbus Exception Occurred - See Response Body
[2024-12-10T07:44:35.077Z] Error reading register 6507 for IP 10.30.4.128: A Modbus Exception Occurred - See Response Body
[2024-12-10T07:44:35.078Z] Error reading actual data: A Modbus Exception Occurred - See Response Body
[2024-12-10T07:44:35.079Z] Error writing to Modbus register: A Modbus Exception Occurred - See Response Body
[2024-12-10T07:44:36.089Z] Error reading or processing Modbus registers: A Modbus Exception Occurred - See Response Body
[2024-12-10T07:44:36.091Z] Error reading register 6507 for IP 10.30.4.128: A Modbus Exception Occurred - See Response Body
[2024-12-10T07:44:36.092Z] Error reading actual data: A Modbus Exception Occurred - See Response Body
[2024-12-10T07:44:36.093Z] Error writing to Modbus register: A Modbus Exception Occurred - See Response Body
[2024-12-10T07:44:37.089Z] Error reading or processing Modbus registers: A Modbus Exception Occurred - See Response Body
[2024-12-10T07:44:37.092Z] Error reading register 6507 for IP 10.30.4.128: A Modbus Exception Occurred - See Response Body
[2024-12-10T07:44:37.093Z] Error reading actual data: A Modbus Exception Occurred - See Response Body
[2024-12-10T07:44:37.093Z] Error writing to Modbus register: A Modbus Exception Occurred - See Response Body
[2024-12-10T07:44:38.104Z] Error reading or processing Modbus registers: A Modbus Exception Occurred - See Response Body
[2024-12-10T07:44:38.107Z] Error reading register 6507 for IP 10.30.4.128: A Modbus Exception Occurred - See Response Body
[2024-12-10T07:44:38.108Z] Error reading actual data: A Modbus Exception Occurred - See Response Body
[2024-12-10T07:44:38.108Z] Error writing to Modbus register: A Modbus Exception Occurred - See Response Body
[2024-12-10T07:44:39.115Z] Error reading or processing Modbus registers: A Modbus Exception Occurred - See Response Body
[2024-12-10T07:44:39.118Z] Error reading register 6507 for IP 10.30.4.128: A Modbus Exception Occurred - See Response Body
[2024-12-10T07:44:39.119Z] Error reading actual data: A Modbus Exception Occurred - See Response Body
[2024-12-10T07:44:39.119Z] Error writing to Modbus register: A Modbus Exception Occurred - See Response Body
[2024-12-10T07:44:40.130Z] Error reading or processing Modbus registers: A Modbus Exception Occurred - See Response Body
[2024-12-10T07:44:40.132Z] Error reading register 6507 for IP 10.30.4.128: A Modbus Exception Occurred - See Response Body
[2024-12-10T07:44:40.133Z] Error reading actual data: A Modbus Exception Occurred - See Response Body
[2024-12-10T07:44:40.134Z] Error writing to Modbus register: A Modbus Exception Occurred - See Response Body
[2024-12-10T07:44:41.144Z] Error reading or processing Modbus registers: A Modbus Exception Occurred - See Response Body
[2024-12-10T07:44:41.147Z] Error reading register 6507 for IP 10.30.4.128: A Modbus Exception Occurred - See Response Body
[2024-12-10T07:44:41.148Z] Error reading actual data: A Modbus Exception Occurred - See Response Body
[2024-12-10T07:44:41.148Z] Error writing to Modbus register: A Modbus Exception Occurred - See Response Body
[2024-12-10T07:44:42.145Z] Error reading or processing Modbus registers: A Modbus Exception Occurred - See Response Body
[2024-12-10T07:44:42.147Z] Error reading register 6507 for IP 10.30.4.128: A Modbus Exception Occurred - See Response Body
[2024-12-10T07:44:42.148Z] Error reading actual data: A Modbus Exception Occurred - See Response Body
[2024-12-10T07:44:42.149Z] Error writing to Modbus register: A Modbus Exception Occurred - See Response Body
[2024-12-10T07:44:43.146Z] Error reading or processing Modbus registers: A Modbus Exception Occurred - See Response Body
[2024-12-10T07:44:43.148Z] Error reading register 6507 for IP 10.30.4.128: A Modbus Exception Occurred - See Response Body
[2024-12-10T07:44:43.149Z] Error reading actual data: A Modbus Exception Occurred - See Response Body
[2024-12-10T07:44:43.150Z] Error writing to Modbus register: A Modbus Exception Occurred - See Response Body
[2024-12-10T07:44:44.154Z] Error reading or processing Modbus registers: A Modbus Exception Occurred - See Response Body
[2024-12-10T07:44:44.157Z] Error reading register 6507 for IP 10.30.4.128: A Modbus Exception Occurred - See Response Body
[2024-12-10T07:44:44.158Z] Error reading actual data: A Modbus Exception Occurred - See Response Body
[2024-12-10T07:44:44.159Z] Error writing to Modbus register: A Modbus Exception Occurred - See Response Body
[2024-12-10T07:44:45.169Z] Error reading or processing Modbus registers: A Modbus Exception Occurred - See Response Body
[2024-12-10T07:44:45.172Z] Error reading register 6507 for IP 10.30.4.128: A Modbus Exception Occurred - See Response Body
[2024-12-10T07:44:45.173Z] Error reading actual data: A Modbus Exception Occurred - See Response Body
[2024-12-10T07:44:45.173Z] Error writing to Modbus register: A Modbus Exception Occurred - See Response Body
[2024-12-10T07:44:46.170Z] Error reading or processing Modbus registers: A Modbus Exception Occurred - See Response Body
[2024-12-10T07:44:46.172Z] Error reading register 6507 for IP 10.30.4.128: A Modbus Exception Occurred - See Response Body
[2024-12-10T07:44:46.173Z] Error reading actual data: A Modbus Exception Occurred - See Response Body
[2024-12-10T07:44:46.174Z] Error writing to Modbus register: A Modbus Exception Occurred - See Response Body
[2024-12-10T07:44:47.185Z] Error reading or processing Modbus registers: A Modbus Exception Occurred - See Response Body
[2024-12-10T07:44:47.188Z] Error reading register 6507 for IP 10.30.4.128: A Modbus Exception Occurred - See Response Body
[2024-12-10T07:44:47.188Z] Error reading actual data: A Modbus Exception Occurred - See Response Body
[2024-12-10T07:44:47.189Z] Error writing to Modbus register: A Modbus Exception Occurred - See Response Body
[2024-12-10T07:44:48.197Z] Error reading or processing Modbus registers: A Modbus Exception Occurred - See Response Body
[2024-12-10T07:44:48.199Z] Error reading register 6507 for IP 10.30.4.128: A Modbus Exception Occurred - See Response Body
[2024-12-10T07:44:48.200Z] Error reading actual data: A Modbus Exception Occurred - See Response Body
[2024-12-10T07:44:48.200Z] Error writing to Modbus register: A Modbus Exception Occurred - See Response Body
[2024-12-10T07:44:49.197Z] Error reading or processing Modbus registers: A Modbus Exception Occurred - See Response Body
[2024-12-10T07:44:49.200Z] Error reading register 6507 for IP 10.30.4.128: A Modbus Exception Occurred - See Response Body
[2024-12-10T07:44:49.200Z] Error reading actual data: A Modbus Exception Occurred - See Response Body
[2024-12-10T07:44:49.201Z] Error writing to Modbus register: A Modbus Exception Occurred - See Response Body
[2024-12-10T07:44:50.199Z] Error reading or processing Modbus registers: A Modbus Exception Occurred - See Response Body
[2024-12-10T07:44:50.201Z] Error reading register 6507 for IP 10.30.4.128: A Modbus Exception Occurred - See Response Body
[2024-12-10T07:44:50.202Z] Error reading actual data: A Modbus Exception Occurred - See Response Body
[2024-12-10T07:44:50.203Z] Error writing to Modbus register: A Modbus Exception Occurred - See Response Body
[2024-12-10T07:44:51.201Z] Error reading or processing Modbus registers: A Modbus Exception Occurred - See Response Body
[2024-12-10T07:44:51.204Z] Error reading register 6507 for IP 10.30.4.128: A Modbus Exception Occurred - See Response Body
[2024-12-10T07:44:51.204Z] Error reading actual data: A Modbus Exception Occurred - See Response Body
[2024-12-10T07:44:51.205Z] Error writing to Modbus register: A Modbus Exception Occurred - See Response Body
[2024-12-10T07:44:52.202Z] Error reading or processing Modbus registers: A Modbus Exception Occurred - See Response Body
[2024-12-10T07:44:52.205Z] Error reading register 6507 for IP 10.30.4.128: A Modbus Exception Occurred - See Response Body
[2024-12-10T07:44:52.206Z] Error reading actual data: A Modbus Exception Occurred - See Response Body
[2024-12-10T07:44:52.206Z] Error writing to Modbus register: A Modbus Exception Occurred - See Response Body
[2024-12-10T07:44:53.205Z] Error reading or processing Modbus registers: A Modbus Exception Occurred - See Response Body
[2024-12-10T07:44:53.207Z] Error reading register 6507 for IP 10.30.4.128: A Modbus Exception Occurred - See Response Body
[2024-12-10T07:44:53.208Z] Error reading actual data: A Modbus Exception Occurred - See Response Body
[2024-12-10T07:44:53.209Z] Error writing to Modbus register: A Modbus Exception Occurred - See Response Body
[2024-12-10T07:44:54.207Z] Error reading or processing Modbus registers: A Modbus Exception Occurred - See Response Body
[2024-12-10T07:44:54.209Z] Error reading register 6507 for IP 10.30.4.128: A Modbus Exception Occurred - See Response Body
[2024-12-10T07:44:54.210Z] Error reading actual data: A Modbus Exception Occurred - See Response Body
[2024-12-10T07:44:54.210Z] Error writing to Modbus register: A Modbus Exception Occurred - See Response Body
[2024-12-10T07:44:55.209Z] Error reading or processing Modbus registers: A Modbus Exception Occurred - See Response Body
[2024-12-10T07:44:55.211Z] Error reading register 6507 for IP 10.30.4.128: A Modbus Exception Occurred - See Response Body
[2024-12-10T07:44:55.212Z] Error reading actual data: A Modbus Exception Occurred - See Response Body
[2024-12-10T07:44:55.212Z] Error writing to Modbus register: A Modbus Exception Occurred - See Response Body
[2024-12-10T07:44:56.223Z] Error reading or processing Modbus registers: A Modbus Exception Occurred - See Response Body
[2024-12-10T07:44:56.225Z] Error reading register 6507 for IP 10.30.4.128: A Modbus Exception Occurred - See Response Body
[2024-12-10T07:44:56.226Z] Error reading actual data: A Modbus Exception Occurred - See Response Body
[2024-12-10T07:44:56.226Z] Error writing to Modbus register: A Modbus Exception Occurred - See Response Body
[2024-12-10T07:44:57.235Z] Error reading or processing Modbus registers: A Modbus Exception Occurred - See Response Body
[2024-12-10T07:44:57.237Z] Error reading register 6507 for IP 10.30.4.128: A Modbus Exception Occurred - See Response Body
[2024-12-10T07:44:57.237Z] Error reading actual data: A Modbus Exception Occurred - See Response Body
[2024-12-10T07:44:57.238Z] Error writing to Modbus register: A Modbus Exception Occurred - See Response Body
[2024-12-10T07:44:58.249Z] Error reading or processing Modbus registers: A Modbus Exception Occurred - See Response Body
[2024-12-10T07:44:58.251Z] Error reading register 6507 for IP 10.30.4.128: A Modbus Exception Occurred - See Response Body
[2024-12-10T07:44:58.252Z] Error reading actual data: A Modbus Exception Occurred - See Response Body
[2024-12-10T07:44:58.252Z] Error writing to Modbus register: A Modbus Exception Occurred - See Response Body
[2024-12-10T07:44:59.264Z] Error reading or processing Modbus registers: A Modbus Exception Occurred - See Response Body
[2024-12-10T07:44:59.266Z] Error reading register 6507 for IP 10.30.4.128: A Modbus Exception Occurred - See Response Body
[2024-12-10T07:44:59.267Z] Error reading actual data: A Modbus Exception Occurred - See Response Body
[2024-12-10T07:44:59.268Z] Error writing to Modbus register: A Modbus Exception Occurred - See Response Body
[2024-12-10T07:45:00.277Z] Error reading or processing Modbus registers: A Modbus Exception Occurred - See Response Body
[2024-12-10T07:45:00.280Z] Error reading register 6507 for IP 10.30.4.128: A Modbus Exception Occurred - See Response Body
[2024-12-10T07:45:00.281Z] Error reading actual data: A Modbus Exception Occurred - See Response Body
[2024-12-10T07:45:00.281Z] Error writing to Modbus register: A Modbus Exception Occurred - See Response Body
[2024-12-10T07:45:01.292Z] Error reading or processing Modbus registers: A Modbus Exception Occurred - See Response Body
[2024-12-10T07:45:01.295Z] Error reading register 6507 for IP 10.30.4.128: A Modbus Exception Occurred - See Response Body
[2024-12-10T07:45:01.295Z] Error reading actual data: A Modbus Exception Occurred - See Response Body
[2024-12-10T07:45:01.296Z] Error writing to Modbus register: A Modbus Exception Occurred - See Response Body
[2024-12-10T07:45:02.305Z] Error reading or processing Modbus registers: A Modbus Exception Occurred - See Response Body
[2024-12-10T07:45:02.308Z] Error reading register 6507 for IP 10.30.4.128: A Modbus Exception Occurred - See Response Body
[2024-12-10T07:45:02.308Z] Error reading actual data: A Modbus Exception Occurred - See Response Body
[2024-12-10T07:45:02.309Z] Error writing to Modbus register: A Modbus Exception Occurred - See Response Body
[2024-12-10T07:45:03.320Z] Error reading or processing Modbus registers: A Modbus Exception Occurred - See Response Body
[2024-12-10T07:45:03.323Z] Error reading register 6507 for IP 10.30.4.128: A Modbus Exception Occurred - See Response Body
[2024-12-10T07:45:03.326Z] Error reading actual data: A Modbus Exception Occurred - See Response Body
[2024-12-10T07:45:03.327Z] Error writing to Modbus register: A Modbus Exception Occurred - See Response Body
[2024-12-10T07:45:04.322Z] Error reading or processing Modbus registers: A Modbus Exception Occurred - See Response Body
[2024-12-10T07:45:04.325Z] Error reading register 6507 for IP 10.30.4.128: A Modbus Exception Occurred - See Response Body
[2024-12-10T07:45:04.325Z] Error reading actual data: A Modbus Exception Occurred - See Response Body
[2024-12-10T07:45:04.326Z] Error writing to Modbus register: A Modbus Exception Occurred - See Response Body
[2024-12-10T07:45:05.336Z] Error reading or processing Modbus registers: A Modbus Exception Occurred - See Response Body
[2024-12-10T07:45:05.338Z] Error reading register 6507 for IP 10.30.4.128: A Modbus Exception Occurred - See Response Body
[2024-12-10T07:45:05.339Z] Error reading actual data: A Modbus Exception Occurred - See Response Body
[2024-12-10T07:45:05.339Z] Error writing to Modbus register: A Modbus Exception Occurred - See Response Body
[2024-12-10T07:45:06.338Z] Error reading or processing Modbus registers: A Modbus Exception Occurred - See Response Body
[2024-12-10T07:45:06.340Z] Error reading register 6507 for IP 10.30.4.128: A Modbus Exception Occurred - See Response Body
[2024-12-10T07:45:06.340Z] Error reading actual data: A Modbus Exception Occurred - See Response Body
[2024-12-10T07:45:06.341Z] Error writing to Modbus register: A Modbus Exception Occurred - See Response Body
[2024-12-10T07:45:07.349Z] Error reading or processing Modbus registers: A Modbus Exception Occurred - See Response Body
[2024-12-10T07:45:07.351Z] Error reading register 6507 for IP 10.30.4.128: A Modbus Exception Occurred - See Response Body
[2024-12-10T07:45:07.352Z] Error reading actual data: A Modbus Exception Occurred - See Response Body
[2024-12-10T07:45:07.353Z] Error writing to Modbus register: A Modbus Exception Occurred - See Response Body
[2024-12-10T07:45:08.362Z] Error reading or processing Modbus registers: A Modbus Exception Occurred - See Response Body
[2024-12-10T07:45:08.364Z] Error reading register 6507 for IP 10.30.4.128: A Modbus Exception Occurred - See Response Body
[2024-12-10T07:45:08.365Z] Error reading actual data: A Modbus Exception Occurred - See Response Body
[2024-12-10T07:45:08.365Z] Error writing to Modbus register: A Modbus Exception Occurred - See Response Body
[2024-12-10T07:45:09.363Z] Error reading or processing Modbus registers: A Modbus Exception Occurred - See Response Body
[2024-12-10T07:45:09.366Z] Error reading register 6507 for IP 10.30.4.128: A Modbus Exception Occurred - See Response Body
[2024-12-10T07:45:09.367Z] Error reading actual data: A Modbus Exception Occurred - See Response Body
[2024-12-10T07:45:09.368Z] Error writing to Modbus register: A Modbus Exception Occurred - See Response Body
[2024-12-10T07:45:10.378Z] Error reading or processing Modbus registers: A Modbus Exception Occurred - See Response Body
[2024-12-10T07:45:10.380Z] Error reading register 6507 for IP 10.30.4.128: A Modbus Exception Occurred - See Response Body
[2024-12-10T07:45:10.381Z] Error reading actual data: A Modbus Exception Occurred - See Response Body
[2024-12-10T07:45:10.381Z] Error writing to Modbus register: A Modbus Exception Occurred - See Response Body
[2024-12-10T07:45:11.392Z] Error reading or processing Modbus registers: A Modbus Exception Occurred - See Response Body
[2024-12-10T07:45:11.395Z] Error reading register 6507 for IP 10.30.4.128: A Modbus Exception Occurred - See Response Body
[2024-12-10T07:45:11.396Z] Error reading actual data: A Modbus Exception Occurred - See Response Body
[2024-12-10T07:45:11.397Z] Error writing to Modbus register: A Modbus Exception Occurred - See Response Body
[2024-12-10T07:45:12.405Z] Error reading or processing Modbus registers: A Modbus Exception Occurred - See Response Body
[2024-12-10T07:45:12.408Z] Error reading register 6507 for IP 10.30.4.128: A Modbus Exception Occurred - See Response Body
[2024-12-10T07:45:12.409Z] Error reading actual data: A Modbus Exception Occurred - See Response Body
[2024-12-10T07:45:12.409Z] Error writing to Modbus register: A Modbus Exception Occurred - See Response Body
[2024-12-10T07:45:13.405Z] Error reading or processing Modbus registers: A Modbus Exception Occurred - See Response Body
[2024-12-10T07:45:13.407Z] Error reading register 6507 for IP 10.30.4.128: A Modbus Exception Occurred - See Response Body
[2024-12-10T07:45:13.408Z] Error reading actual data: A Modbus Exception Occurred - See Response Body
[2024-12-10T07:45:13.409Z] Error writing to Modbus register: A Modbus Exception Occurred - See Response Body
[2024-12-10T07:45:14.407Z] Error reading or processing Modbus registers: A Modbus Exception Occurred - See Response Body
[2024-12-10T07:45:14.410Z] Error reading register 6507 for IP 10.30.4.128: A Modbus Exception Occurred - See Response Body
[2024-12-10T07:45:14.411Z] Error reading actual data: A Modbus Exception Occurred - See Response Body
[2024-12-10T07:45:14.411Z] Error writing to Modbus register: A Modbus Exception Occurred - See Response Body
[2024-12-10T07:45:15.410Z] Error reading or processing Modbus registers: A Modbus Exception Occurred - See Response Body
[2024-12-10T07:45:15.413Z] Error reading register 6507 for IP 10.30.4.128: A Modbus Exception Occurred - See Response Body
[2024-12-10T07:45:15.413Z] Error reading actual data: A Modbus Exception Occurred - See Response Body
[2024-12-10T07:45:15.414Z] Error writing to Modbus register: A Modbus Exception Occurred - See Response Body
[2024-12-10T07:45:16.412Z] Error reading or processing Modbus registers: A Modbus Exception Occurred - See Response Body
[2024-12-10T07:45:16.415Z] Error reading register 6507 for IP 10.30.4.128: A Modbus Exception Occurred - See Response Body
[2024-12-10T07:45:16.415Z] Error reading actual data: A Modbus Exception Occurred - See Response Body
[2024-12-10T07:45:16.416Z] Error writing to Modbus register: A Modbus Exception Occurred - See Response Body
[2024-12-10T07:45:17.424Z] Error reading or processing Modbus registers: A Modbus Exception Occurred - See Response Body
[2024-12-10T07:45:17.426Z] Error reading register 6507 for IP 10.30.4.128: A Modbus Exception Occurred - See Response Body
[2024-12-10T07:45:17.427Z] Error reading actual data: A Modbus Exception Occurred - See Response Body
[2024-12-10T07:45:17.427Z] Error writing to Modbus register: A Modbus Exception Occurred - See Response Body
[2024-12-10T07:45:18.423Z] Error reading or processing Modbus registers: A Modbus Exception Occurred - See Response Body
[2024-12-10T07:45:18.425Z] Error reading register 6507 for IP 10.30.4.128: A Modbus Exception Occurred - See Response Body
[2024-12-10T07:45:18.426Z] Error reading actual data: A Modbus Exception Occurred - See Response Body
[2024-12-10T07:45:18.427Z] Error writing to Modbus register: A Modbus Exception Occurred - See Response Body
[2024-12-10T07:45:19.424Z] Error reading or processing Modbus registers: A Modbus Exception Occurred - See Response Body
[2024-12-10T07:45:19.426Z] Error reading register 6507 for IP 10.30.4.128: A Modbus Exception Occurred - See Response Body
[2024-12-10T07:45:19.427Z] Error reading actual data: A Modbus Exception Occurred - See Response Body
[2024-12-10T07:45:19.427Z] Error writing to Modbus register: A Modbus Exception Occurred - See Response Body
[2024-12-10T07:45:20.423Z] Error reading or processing Modbus registers: A Modbus Exception Occurred - See Response Body
[2024-12-10T07:45:20.426Z] Error reading register 6507 for IP 10.30.4.128: A Modbus Exception Occurred - See Response Body
[2024-12-10T07:45:20.427Z] Error reading actual data: A Modbus Exception Occurred - See Response Body
[2024-12-10T07:45:20.428Z] Error writing to Modbus register: A Modbus Exception Occurred - See Response Body
[2024-12-10T07:45:21.427Z] Error reading or processing Modbus registers: A Modbus Exception Occurred - See Response Body
[2024-12-10T07:45:21.430Z] Error reading register 6507 for IP 10.30.4.128: A Modbus Exception Occurred - See Response Body
[2024-12-10T07:45:21.430Z] Error reading actual data: A Modbus Exception Occurred - See Response Body
[2024-12-10T07:45:21.431Z] Error writing to Modbus register: A Modbus Exception Occurred - See Response Body
[2024-12-10T07:45:22.428Z] Error reading or processing Modbus registers: A Modbus Exception Occurred - See Response Body
[2024-12-10T07:45:22.430Z] Error reading register 6507 for IP 10.30.4.128: A Modbus Exception Occurred - See Response Body
[2024-12-10T07:45:22.431Z] Error reading actual data: A Modbus Exception Occurred - See Response Body
[2024-12-10T07:45:22.431Z] Error writing to Modbus register: A Modbus Exception Occurred - See Response Body
[2024-12-10T07:45:23.428Z] Error reading or processing Modbus registers: A Modbus Exception Occurred - See Response Body
[2024-12-10T07:45:23.431Z] Error reading register 6507 for IP 10.30.4.128: A Modbus Exception Occurred - See Response Body
[2024-12-10T07:45:23.431Z] Error reading actual data: A Modbus Exception Occurred - See Response Body
[2024-12-10T07:45:23.432Z] Error writing to Modbus register: A Modbus Exception Occurred - See Response Body
[2024-12-10T07:45:24.443Z] Error reading or processing Modbus registers: A Modbus Exception Occurred - See Response Body
[2024-12-10T07:45:24.446Z] Error reading register 6507 for IP 10.30.4.128: A Modbus Exception Occurred - See Response Body
[2024-12-10T07:45:24.446Z] Error reading actual data: A Modbus Exception Occurred - See Response Body
[2024-12-10T07:45:24.447Z] Error writing to Modbus register: A Modbus Exception Occurred - See Response Body
[2024-12-10T07:45:25.443Z] Error reading or processing Modbus registers: A Modbus Exception Occurred - See Response Body
[2024-12-10T07:45:25.446Z] Error reading register 6507 for IP 10.30.4.128: A Modbus Exception Occurred - See Response Body
[2024-12-10T07:45:25.446Z] Error reading actual data: A Modbus Exception Occurred - See Response Body
[2024-12-10T07:45:25.447Z] Error writing to Modbus register: A Modbus Exception Occurred - See Response Body
[2024-12-10T07:45:26.448Z] Error reading or processing Modbus registers: A Modbus Exception Occurred - See Response Body
[2024-12-10T07:45:26.450Z] Error reading register 6507 for IP 10.30.4.128: A Modbus Exception Occurred - See Response Body
[2024-12-10T07:45:26.451Z] Error reading actual data: A Modbus Exception Occurred - See Response Body
[2024-12-10T07:45:26.451Z] Error writing to Modbus register: A Modbus Exception Occurred - See Response Body
[2024-12-10T07:45:27.449Z] Error reading or processing Modbus registers: A Modbus Exception Occurred - See Response Body
[2024-12-10T07:45:27.451Z] Error reading register 6507 for IP 10.30.4.128: A Modbus Exception Occurred - See Response Body
[2024-12-10T07:45:27.452Z] Error reading actual data: A Modbus Exception Occurred - See Response Body
[2024-12-10T07:45:27.453Z] Error writing to Modbus register: A Modbus Exception Occurred - See Response Body
[2024-12-10T07:45:28.464Z] Error reading or processing Modbus registers: A Modbus Exception Occurred - See Response Body
[2024-12-10T07:45:28.467Z] Error reading register 6507 for IP 10.30.4.128: A Modbus Exception Occurred - See Response Body
[2024-12-10T07:45:28.467Z] Error reading actual data: A Modbus Exception Occurred - See Response Body
[2024-12-10T07:45:28.468Z] Error writing to Modbus register: A Modbus Exception Occurred - See Response Body
[2024-12-10T07:45:29.479Z] Error reading or processing Modbus registers: A Modbus Exception Occurred - See Response Body
[2024-12-10T07:45:29.481Z] Error reading register 6507 for IP 10.30.4.128: A Modbus Exception Occurred - See Response Body
[2024-12-10T07:45:29.482Z] Error reading actual data: A Modbus Exception Occurred - See Response Body
[2024-12-10T07:45:29.483Z] Error writing to Modbus register: A Modbus Exception Occurred - See Response Body
[2024-12-10T07:45:30.481Z] Error reading or processing Modbus registers: A Modbus Exception Occurred - See Response Body
[2024-12-10T07:45:30.484Z] Error reading register 6507 for IP 10.30.4.128: A Modbus Exception Occurred - See Response Body
[2024-12-10T07:45:30.485Z] Error reading actual data: A Modbus Exception Occurred - See Response Body
[2024-12-10T07:45:30.485Z] Error writing to Modbus register: A Modbus Exception Occurred - See Response Body
[2024-12-10T07:45:31.481Z] Error reading or processing Modbus registers: A Modbus Exception Occurred - See Response Body
[2024-12-10T07:45:31.484Z] Error reading register 6507 for IP 10.30.4.128: A Modbus Exception Occurred - See Response Body
[2024-12-10T07:45:31.486Z] Error reading actual data: A Modbus Exception Occurred - See Response Body
[2024-12-10T07:45:31.487Z] Error writing to Modbus register: A Modbus Exception Occurred - See Response Body
[2024-12-10T07:45:32.481Z] Error reading or processing Modbus registers: A Modbus Exception Occurred - See Response Body
[2024-12-10T07:45:32.484Z] Error reading register 6507 for IP 10.30.4.128: A Modbus Exception Occurred - See Response Body
[2024-12-10T07:45:32.485Z] Error reading actual data: A Modbus Exception Occurred - See Response Body
[2024-12-10T07:45:32.485Z] Error writing to Modbus register: A Modbus Exception Occurred - See Response Body
[2024-12-10T07:45:33.496Z] Error reading or processing Modbus registers: A Modbus Exception Occurred - See Response Body
[2024-12-10T07:45:33.499Z] Error reading register 6507 for IP 10.30.4.128: A Modbus Exception Occurred - See Response Body
[2024-12-10T07:45:33.499Z] Error reading actual data: A Modbus Exception Occurred - See Response Body
[2024-12-10T07:45:33.500Z] Error writing to Modbus register: A Modbus Exception Occurred - See Response Body
[2024-12-10T07:45:34.496Z] Error reading or processing Modbus registers: A Modbus Exception Occurred - See Response Body
[2024-12-10T07:45:34.498Z] Error reading register 6507 for IP 10.30.4.128: A Modbus Exception Occurred - See Response Body
[2024-12-10T07:45:34.499Z] Error reading actual data: A Modbus Exception Occurred - See Response Body
[2024-12-10T07:45:34.500Z] Error writing to Modbus register: A Modbus Exception Occurred - See Response Body
[2024-12-10T07:45:35.512Z] Error reading or processing Modbus registers: A Modbus Exception Occurred - See Response Body
[2024-12-10T07:45:35.514Z] Error reading register 6507 for IP 10.30.4.128: A Modbus Exception Occurred - See Response Body
[2024-12-10T07:45:35.515Z] Error reading actual data: A Modbus Exception Occurred - See Response Body
[2024-12-10T07:45:35.516Z] Error writing to Modbus register: A Modbus Exception Occurred - See Response Body
[2024-12-10T07:45:36.515Z] Error reading or processing Modbus registers: A Modbus Exception Occurred - See Response Body
[2024-12-10T07:45:36.517Z] Error reading register 6507 for IP 10.30.4.128: A Modbus Exception Occurred - See Response Body
[2024-12-10T07:45:36.518Z] Error reading actual data: A Modbus Exception Occurred - See Response Body
[2024-12-10T07:45:36.518Z] Error writing to Modbus register: A Modbus Exception Occurred - See Response Body
[2024-12-10T07:45:37.514Z] Error reading or processing Modbus registers: A Modbus Exception Occurred - See Response Body
[2024-12-10T07:45:37.517Z] Error reading register 6507 for IP 10.30.4.128: A Modbus Exception Occurred - See Response Body
[2024-12-10T07:45:37.518Z] Error reading actual data: A Modbus Exception Occurred - See Response Body
[2024-12-10T07:45:37.518Z] Error writing to Modbus register: A Modbus Exception Occurred - See Response Body
[2024-12-10T07:45:38.528Z] Error reading or processing Modbus registers: A Modbus Exception Occurred - See Response Body
[2024-12-10T07:45:38.530Z] Error reading register 6507 for IP 10.30.4.128: A Modbus Exception Occurred - See Response Body
[2024-12-10T07:45:38.531Z] Error reading actual data: A Modbus Exception Occurred - See Response Body
[2024-12-10T07:45:38.532Z] Error writing to Modbus register: A Modbus Exception Occurred - See Response Body
[2024-12-10T07:45:39.530Z] Error reading or processing Modbus registers: A Modbus Exception Occurred - See Response Body
[2024-12-10T07:45:39.532Z] Error reading register 6507 for IP 10.30.4.128: A Modbus Exception Occurred - See Response Body
[2024-12-10T07:45:39.533Z] Error reading actual data: A Modbus Exception Occurred - See Response Body
[2024-12-10T07:45:39.534Z] Error writing to Modbus register: A Modbus Exception Occurred - See Response Body
[2024-12-10T07:45:40.543Z] Error reading or processing Modbus registers: A Modbus Exception Occurred - See Response Body
[2024-12-10T07:45:40.546Z] Error reading register 6507 for IP 10.30.4.128: A Modbus Exception Occurred - See Response Body
[2024-12-10T07:45:40.546Z] Error reading actual data: A Modbus Exception Occurred - See Response Body
[2024-12-10T07:45:40.547Z] Error writing to Modbus register: A Modbus Exception Occurred - See Response Body
[2024-12-10T07:45:41.559Z] Error reading or processing Modbus registers: A Modbus Exception Occurred - See Response Body
[2024-12-10T07:45:41.562Z] Error reading register 6507 for IP 10.30.4.128: A Modbus Exception Occurred - See Response Body
[2024-12-10T07:45:41.563Z] Error reading actual data: A Modbus Exception Occurred - See Response Body
[2024-12-10T07:45:41.563Z] Error writing to Modbus register: A Modbus Exception Occurred - See Response Body
[2024-12-10T07:45:42.560Z] Error reading or processing Modbus registers: A Modbus Exception Occurred - See Response Body
[2024-12-10T07:45:42.562Z] Error reading register 6507 for IP 10.30.4.128: A Modbus Exception Occurred - See Response Body
[2024-12-10T07:45:42.563Z] Error reading actual data: A Modbus Exception Occurred - See Response Body
[2024-12-10T07:45:42.563Z] Error writing to Modbus register: A Modbus Exception Occurred - See Response Body
[2024-12-10T07:45:43.574Z] Error reading or processing Modbus registers: A Modbus Exception Occurred - See Response Body
[2024-12-10T07:45:43.576Z] Error reading register 6507 for IP 10.30.4.128: A Modbus Exception Occurred - See Response Body
[2024-12-10T07:45:43.577Z] Error reading actual data: A Modbus Exception Occurred - See Response Body
[2024-12-10T07:45:43.578Z] Error writing to Modbus register: A Modbus Exception Occurred - See Response Body
[2024-12-10T07:45:44.588Z] Error reading or processing Modbus registers: A Modbus Exception Occurred - See Response Body
[2024-12-10T07:45:44.591Z] Error reading register 6507 for IP 10.30.4.128: A Modbus Exception Occurred - See Response Body
[2024-12-10T07:45:44.592Z] Error reading actual data: A Modbus Exception Occurred - See Response Body
[2024-12-10T07:45:44.593Z] Error writing to Modbus register: A Modbus Exception Occurred - See Response Body
[2024-12-10T07:45:45.603Z] Error reading or processing Modbus registers: A Modbus Exception Occurred - See Response Body
[2024-12-10T07:45:45.606Z] Error reading register 6507 for IP 10.30.4.128: A Modbus Exception Occurred - See Response Body
[2024-12-10T07:45:45.606Z] Error reading actual data: A Modbus Exception Occurred - See Response Body
[2024-12-10T07:45:45.607Z] Error writing to Modbus register: A Modbus Exception Occurred - See Response Body
[2024-12-10T07:45:46.617Z] Error reading or processing Modbus registers: A Modbus Exception Occurred - See Response Body
[2024-12-10T07:45:46.619Z] Error reading register 6507 for IP 10.30.4.128: A Modbus Exception Occurred - See Response Body
[2024-12-10T07:45:46.620Z] Error reading actual data: A Modbus Exception Occurred - See Response Body
[2024-12-10T07:45:46.621Z] Error writing to Modbus register: A Modbus Exception Occurred - See Response Body
[2024-12-10T07:45:47.630Z] Error reading or processing Modbus registers: A Modbus Exception Occurred - See Response Body
[2024-12-10T07:45:47.633Z] Error reading register 6507 for IP 10.30.4.128: A Modbus Exception Occurred - See Response Body
[2024-12-10T07:45:47.633Z] Error reading actual data: A Modbus Exception Occurred - See Response Body
[2024-12-10T07:45:47.634Z] Error writing to Modbus register: A Modbus Exception Occurred - See Response Body
[2024-12-10T07:45:48.645Z] Error reading or processing Modbus registers: A Modbus Exception Occurred - See Response Body
[2024-12-10T07:45:48.647Z] Error reading register 6507 for IP 10.30.4.128: A Modbus Exception Occurred - See Response Body
[2024-12-10T07:45:48.648Z] Error reading actual data: A Modbus Exception Occurred - See Response Body
[2024-12-10T07:45:48.649Z] Error writing to Modbus register: A Modbus Exception Occurred - See Response Body
[2024-12-10T07:45:49.659Z] Error reading or processing Modbus registers: A Modbus Exception Occurred - See Response Body
[2024-12-10T07:45:49.661Z] Error reading register 6507 for IP 10.30.4.128: A Modbus Exception Occurred - See Response Body
[2024-12-10T07:45:49.662Z] Error reading actual data: A Modbus Exception Occurred - See Response Body
[2024-12-10T07:45:49.662Z] Error writing to Modbus register: A Modbus Exception Occurred - See Response Body
[2024-12-10T07:45:50.663Z] Error reading or processing Modbus registers: A Modbus Exception Occurred - See Response Body
[2024-12-10T07:45:50.666Z] Error reading register 6507 for IP 10.30.4.128: A Modbus Exception Occurred - See Response Body
[2024-12-10T07:45:50.666Z] Error reading actual data: A Modbus Exception Occurred - See Response Body
[2024-12-10T07:45:50.667Z] Error writing to Modbus register: A Modbus Exception Occurred - See Response Body
[2024-12-10T07:45:51.678Z] Error reading or processing Modbus registers: A Modbus Exception Occurred - See Response Body
[2024-12-10T07:45:51.680Z] Error reading register 6507 for IP 10.30.4.128: A Modbus Exception Occurred - See Response Body
[2024-12-10T07:45:51.681Z] Error reading actual data: A Modbus Exception Occurred - See Response Body
[2024-12-10T07:45:51.681Z] Error writing to Modbus register: A Modbus Exception Occurred - See Response Body
[2024-12-10T07:45:52.680Z] Error reading or processing Modbus registers: A Modbus Exception Occurred - See Response Body
[2024-12-10T07:45:52.682Z] Error reading register 6507 for IP 10.30.4.128: A Modbus Exception Occurred - See Response Body
[2024-12-10T07:45:52.683Z] Error reading actual data: A Modbus Exception Occurred - See Response Body
[2024-12-10T07:45:52.684Z] Error writing to Modbus register: A Modbus Exception Occurred - See Response Body
[2024-12-10T07:45:53.691Z] Error reading or processing Modbus registers: A Modbus Exception Occurred - See Response Body
[2024-12-10T07:45:53.694Z] Error reading register 6507 for IP 10.30.4.128: A Modbus Exception Occurred - See Response Body
[2024-12-10T07:45:53.694Z] Error reading actual data: A Modbus Exception Occurred - See Response Body
[2024-12-10T07:45:53.695Z] Error writing to Modbus register: A Modbus Exception Occurred - See Response Body
[2024-12-10T07:45:54.705Z] Error reading or processing Modbus registers: A Modbus Exception Occurred - See Response Body
[2024-12-10T07:45:54.707Z] Error reading register 6507 for IP 10.30.4.128: A Modbus Exception Occurred - See Response Body
[2024-12-10T07:45:54.708Z] Error reading actual data: A Modbus Exception Occurred - See Response Body
[2024-12-10T07:45:54.708Z] Error writing to Modbus register: A Modbus Exception Occurred - See Response Body
[2024-12-10T07:45:55.708Z] Error reading or processing Modbus registers: A Modbus Exception Occurred - See Response Body
[2024-12-10T07:45:55.711Z] Error reading register 6507 for IP 10.30.4.128: A Modbus Exception Occurred - See Response Body
[2024-12-10T07:45:55.711Z] Error reading actual data: A Modbus Exception Occurred - See Response Body
[2024-12-10T07:45:55.712Z] Error writing to Modbus register: A Modbus Exception Occurred - See Response Body
[2024-12-10T07:45:56.712Z] Error reading or processing Modbus registers: A Modbus Exception Occurred - See Response Body
[2024-12-10T07:45:56.715Z] Error reading register 6507 for IP 10.30.4.128: A Modbus Exception Occurred - See Response Body
[2024-12-10T07:45:56.716Z] Error reading actual data: A Modbus Exception Occurred - See Response Body
[2024-12-10T07:45:56.716Z] Error writing to Modbus register: A Modbus Exception Occurred - See Response Body
[2024-12-10T07:45:57.727Z] Error reading or processing Modbus registers: A Modbus Exception Occurred - See Response Body
[2024-12-10T07:45:57.730Z] Error reading register 6507 for IP 10.30.4.128: A Modbus Exception Occurred - See Response Body
[2024-12-10T07:45:57.730Z] Error reading actual data: A Modbus Exception Occurred - See Response Body
[2024-12-10T07:45:57.731Z] Error writing to Modbus register: A Modbus Exception Occurred - See Response Body
[2024-12-10T07:45:58.729Z] Error reading or processing Modbus registers: A Modbus Exception Occurred - See Response Body
[2024-12-10T07:45:58.731Z] Error reading register 6507 for IP 10.30.4.128: A Modbus Exception Occurred - See Response Body
[2024-12-10T07:45:58.732Z] Error reading actual data: A Modbus Exception Occurred - See Response Body
[2024-12-10T07:45:58.733Z] Error writing to Modbus register: A Modbus Exception Occurred - See Response Body
[2024-12-10T07:45:59.743Z] Error reading or processing Modbus registers: A Modbus Exception Occurred - See Response Body
[2024-12-10T07:45:59.746Z] Error reading register 6507 for IP 10.30.4.128: A Modbus Exception Occurred - See Response Body
[2024-12-10T07:45:59.747Z] Error reading actual data: A Modbus Exception Occurred - See Response Body
[2024-12-10T07:45:59.747Z] Error writing to Modbus register: A Modbus Exception Occurred - See Response Body
[2024-12-10T07:46:00.745Z] Error reading or processing Modbus registers: A Modbus Exception Occurred - See Response Body
[2024-12-10T07:46:00.747Z] Error reading register 6507 for IP 10.30.4.128: A Modbus Exception Occurred - See Response Body
[2024-12-10T07:46:00.748Z] Error reading actual data: A Modbus Exception Occurred - See Response Body
[2024-12-10T07:46:00.749Z] Error writing to Modbus register: A Modbus Exception Occurred - See Response Body
[2024-12-10T07:46:01.756Z] Error reading or processing Modbus registers: A Modbus Exception Occurred - See Response Body
[2024-12-10T07:46:01.759Z] Error reading register 6507 for IP 10.30.4.128: A Modbus Exception Occurred - See Response Body
[2024-12-10T07:46:01.760Z] Error reading actual data: A Modbus Exception Occurred - See Response Body
[2024-12-10T07:46:01.761Z] Error writing to Modbus register: A Modbus Exception Occurred - See Response Body
[2024-12-10T07:46:02.772Z] Error reading or processing Modbus registers: A Modbus Exception Occurred - See Response Body
[2024-12-10T07:46:02.774Z] Error reading register 6507 for IP 10.30.4.128: A Modbus Exception Occurred - See Response Body
[2024-12-10T07:46:02.775Z] Error reading actual data: A Modbus Exception Occurred - See Response Body
[2024-12-10T07:46:02.775Z] Error writing to Modbus register: A Modbus Exception Occurred - See Response Body
[2024-12-10T07:46:03.773Z] Error reading or processing Modbus registers: A Modbus Exception Occurred - See Response Body
[2024-12-10T07:46:03.776Z] Error reading register 6507 for IP 10.30.4.128: A Modbus Exception Occurred - See Response Body
[2024-12-10T07:46:03.777Z] Error reading actual data: A Modbus Exception Occurred - See Response Body
[2024-12-10T07:46:03.777Z] Error writing to Modbus register: A Modbus Exception Occurred - See Response Body
[2024-12-10T07:46:04.776Z] Error reading or processing Modbus registers: A Modbus Exception Occurred - See Response Body
[2024-12-10T07:46:04.778Z] Error reading register 6507 for IP 10.30.4.128: A Modbus Exception Occurred - See Response Body
[2024-12-10T07:46:04.779Z] Error reading actual data: A Modbus Exception Occurred - See Response Body
[2024-12-10T07:46:04.780Z] Error writing to Modbus register: A Modbus Exception Occurred - See Response Body
[2024-12-10T07:46:05.778Z] Error reading or processing Modbus registers: A Modbus Exception Occurred - See Response Body
[2024-12-10T07:46:05.780Z] Error reading register 6507 for IP 10.30.4.128: A Modbus Exception Occurred - See Response Body
[2024-12-10T07:46:05.781Z] Error reading actual data: A Modbus Exception Occurred - See Response Body
[2024-12-10T07:46:05.782Z] Error writing to Modbus register: A Modbus Exception Occurred - See Response Body
[2024-12-10T07:46:06.779Z] Error reading or processing Modbus registers: A Modbus Exception Occurred - See Response Body
[2024-12-10T07:46:06.781Z] Error reading register 6507 for IP 10.30.4.128: A Modbus Exception Occurred - See Response Body
[2024-12-10T07:46:06.782Z] Error reading actual data: A Modbus Exception Occurred - See Response Body
[2024-12-10T07:46:06.783Z] Error writing to Modbus register: A Modbus Exception Occurred - See Response Body
[2024-12-10T07:46:07.789Z] Error reading or processing Modbus registers: A Modbus Exception Occurred - See Response Body
[2024-12-10T07:46:07.791Z] Error reading register 6507 for IP 10.30.4.128: A Modbus Exception Occurred - See Response Body
[2024-12-10T07:46:07.792Z] Error reading actual data: A Modbus Exception Occurred - See Response Body
[2024-12-10T07:46:07.793Z] Error writing to Modbus register: A Modbus Exception Occurred - See Response Body
[2024-12-10T07:46:08.790Z] Error reading or processing Modbus registers: A Modbus Exception Occurred - See Response Body
[2024-12-10T07:46:08.793Z] Error reading register 6507 for IP 10.30.4.128: A Modbus Exception Occurred - See Response Body
[2024-12-10T07:46:08.794Z] Error reading actual data: A Modbus Exception Occurred - See Response Body
[2024-12-10T07:46:08.794Z] Error writing to Modbus register: A Modbus Exception Occurred - See Response Body
[2024-12-10T07:46:09.795Z] Error reading or processing Modbus registers: A Modbus Exception Occurred - See Response Body
[2024-12-10T07:46:09.797Z] Error reading register 6507 for IP 10.30.4.128: A Modbus Exception Occurred - See Response Body
[2024-12-10T07:46:09.799Z] Error reading actual data: A Modbus Exception Occurred - See Response Body
[2024-12-10T07:46:09.799Z] Error writing to Modbus register: A Modbus Exception Occurred - See Response Body
[2024-12-10T07:46:10.805Z] Error reading or processing Modbus registers: A Modbus Exception Occurred - See Response Body
[2024-12-10T07:46:10.807Z] Error reading register 6507 for IP 10.30.4.128: A Modbus Exception Occurred - See Response Body
[2024-12-10T07:46:10.808Z] Error reading actual data: A Modbus Exception Occurred - See Response Body
[2024-12-10T07:46:10.808Z] Error writing to Modbus register: A Modbus Exception Occurred - See Response Body
[2024-12-10T07:46:11.818Z] Error reading or processing Modbus registers: A Modbus Exception Occurred - See Response Body
[2024-12-10T07:46:11.820Z] Error reading register 6507 for IP 10.30.4.128: A Modbus Exception Occurred - See Response Body
[2024-12-10T07:46:11.821Z] Error reading actual data: A Modbus Exception Occurred - See Response Body
[2024-12-10T07:46:11.821Z] Error writing to Modbus register: A Modbus Exception Occurred - See Response Body
[2024-12-10T07:46:12.819Z] Error reading or processing Modbus registers: A Modbus Exception Occurred - See Response Body
[2024-12-10T07:46:12.821Z] Error reading register 6507 for IP 10.30.4.128: A Modbus Exception Occurred - See Response Body
[2024-12-10T07:46:12.822Z] Error reading actual data: A Modbus Exception Occurred - See Response Body
[2024-12-10T07:46:12.822Z] Error writing to Modbus register: A Modbus Exception Occurred - See Response Body
[2024-12-10T07:46:13.821Z] Error reading or processing Modbus registers: A Modbus Exception Occurred - See Response Body
[2024-12-10T07:46:13.823Z] Error reading register 6507 for IP 10.30.4.128: A Modbus Exception Occurred - See Response Body
[2024-12-10T07:46:13.824Z] Error reading actual data: A Modbus Exception Occurred - See Response Body
[2024-12-10T07:46:13.824Z] Error writing to Modbus register: A Modbus Exception Occurred - See Response Body
[2024-12-10T07:46:14.836Z] Error reading or processing Modbus registers: A Modbus Exception Occurred - See Response Body
[2024-12-10T07:46:14.838Z] Error reading register 6507 for IP 10.30.4.128: A Modbus Exception Occurred - See Response Body
[2024-12-10T07:46:14.839Z] Error reading actual data: A Modbus Exception Occurred - See Response Body
[2024-12-10T07:46:14.839Z] Error writing to Modbus register: A Modbus Exception Occurred - See Response Body
[2024-12-10T07:46:15.839Z] Error reading or processing Modbus registers: A Modbus Exception Occurred - See Response Body
[2024-12-10T07:46:15.841Z] Error reading register 6507 for IP 10.30.4.128: A Modbus Exception Occurred - See Response Body
[2024-12-10T07:46:15.842Z] Error reading actual data: A Modbus Exception Occurred - See Response Body
[2024-12-10T07:46:15.843Z] Error writing to Modbus register: A Modbus Exception Occurred - See Response Body
[2024-12-10T07:46:16.841Z] Error reading or processing Modbus registers: A Modbus Exception Occurred - See Response Body
[2024-12-10T07:46:16.843Z] Error reading register 6507 for IP 10.30.4.128: A Modbus Exception Occurred - See Response Body
[2024-12-10T07:46:16.844Z] Error reading actual data: A Modbus Exception Occurred - See Response Body
[2024-12-10T07:46:16.845Z] Error writing to Modbus register: A Modbus Exception Occurred - See Response Body
[2024-12-10T07:46:17.851Z] Error reading or processing Modbus registers: A Modbus Exception Occurred - See Response Body
[2024-12-10T07:46:17.855Z] Error reading register 6507 for IP 10.30.4.128: A Modbus Exception Occurred - See Response Body
[2024-12-10T07:46:17.855Z] Error reading actual data: A Modbus Exception Occurred - See Response Body
[2024-12-10T07:46:17.856Z] Error writing to Modbus register: A Modbus Exception Occurred - See Response Body
[2024-12-10T07:46:18.851Z] Error reading or processing Modbus registers: A Modbus Exception Occurred - See Response Body
[2024-12-10T07:46:18.855Z] Error reading register 6507 for IP 10.30.4.128: A Modbus Exception Occurred - See Response Body
[2024-12-10T07:46:18.856Z] Error reading actual data: A Modbus Exception Occurred - See Response Body
[2024-12-10T07:46:18.857Z] Error writing to Modbus register: A Modbus Exception Occurred - See Response Body
[2024-12-10T07:46:19.864Z] Error reading or processing Modbus registers: A Modbus Exception Occurred - See Response Body
[2024-12-10T07:46:19.866Z] Error reading register 6507 for IP 10.30.4.128: A Modbus Exception Occurred - See Response Body
[2024-12-10T07:46:19.867Z] Error reading actual data: A Modbus Exception Occurred - See Response Body
[2024-12-10T07:46:19.868Z] Error writing to Modbus register: A Modbus Exception Occurred - See Response Body
[2024-12-10T07:46:20.867Z] Error reading or processing Modbus registers: A Modbus Exception Occurred - See Response Body
[2024-12-10T07:46:20.869Z] Error reading register 6507 for IP 10.30.4.128: A Modbus Exception Occurred - See Response Body
[2024-12-10T07:46:20.870Z] Error reading actual data: A Modbus Exception Occurred - See Response Body
[2024-12-10T07:46:20.870Z] Error writing to Modbus register: A Modbus Exception Occurred - See Response Body
[2024-12-10T07:46:21.878Z] Error reading or processing Modbus registers: A Modbus Exception Occurred - See Response Body
[2024-12-10T07:46:21.880Z] Error reading register 6507 for IP 10.30.4.128: A Modbus Exception Occurred - See Response Body
[2024-12-10T07:46:21.880Z] Error reading actual data: A Modbus Exception Occurred - See Response Body
[2024-12-10T07:46:21.881Z] Error writing to Modbus register: A Modbus Exception Occurred - See Response Body
[2024-12-10T07:46:22.889Z] Error reading or processing Modbus registers: A Modbus Exception Occurred - See Response Body
[2024-12-10T07:46:22.892Z] Error reading register 6507 for IP 10.30.4.128: A Modbus Exception Occurred - See Response Body
[2024-12-10T07:46:22.893Z] Error reading actual data: A Modbus Exception Occurred - See Response Body
[2024-12-10T07:46:22.893Z] Error writing to Modbus register: A Modbus Exception Occurred - See Response Body
[2024-12-10T07:46:23.903Z] Error reading or processing Modbus registers: A Modbus Exception Occurred - See Response Body
[2024-12-10T07:46:23.905Z] Error reading register 6507 for IP 10.30.4.128: A Modbus Exception Occurred - See Response Body
[2024-12-10T07:46:23.906Z] Error reading actual data: A Modbus Exception Occurred - See Response Body
[2024-12-10T07:46:23.907Z] Error writing to Modbus register: A Modbus Exception Occurred - See Response Body
[2024-12-10T07:46:24.905Z] Error reading or processing Modbus registers: A Modbus Exception Occurred - See Response Body
[2024-12-10T07:46:24.907Z] Error reading register 6507 for IP 10.30.4.128: A Modbus Exception Occurred - See Response Body
[2024-12-10T07:46:24.908Z] Error reading actual data: A Modbus Exception Occurred - See Response Body
[2024-12-10T07:46:24.908Z] Error writing to Modbus register: A Modbus Exception Occurred - See Response Body
[2024-12-10T07:46:25.919Z] Error reading or processing Modbus registers: A Modbus Exception Occurred - See Response Body
[2024-12-10T07:46:25.922Z] Error reading register 6507 for IP 10.30.4.128: A Modbus Exception Occurred - See Response Body
[2024-12-10T07:46:25.922Z] Error reading actual data: A Modbus Exception Occurred - See Response Body
[2024-12-10T07:46:25.923Z] Error writing to Modbus register: A Modbus Exception Occurred - See Response Body
[2024-12-10T07:46:26.933Z] Error reading or processing Modbus registers: A Modbus Exception Occurred - See Response Body
[2024-12-10T07:46:26.935Z] Error reading register 6507 for IP 10.30.4.128: A Modbus Exception Occurred - See Response Body
[2024-12-10T07:46:26.936Z] Error reading actual data: A Modbus Exception Occurred - See Response Body
[2024-12-10T07:46:26.937Z] Error writing to Modbus register: A Modbus Exception Occurred - See Response Body
[2024-12-10T07:46:27.947Z] Error reading or processing Modbus registers: A Modbus Exception Occurred - See Response Body
[2024-12-10T07:46:27.949Z] Error reading register 6507 for IP 10.30.4.128: A Modbus Exception Occurred - See Response Body
[2024-12-10T07:46:27.950Z] Error reading actual data: A Modbus Exception Occurred - See Response Body
[2024-12-10T07:46:27.951Z] Error writing to Modbus register: A Modbus Exception Occurred - See Response Body
[2024-12-10T07:46:28.948Z] Error reading or processing Modbus registers: A Modbus Exception Occurred - See Response Body
[2024-12-10T07:46:28.950Z] Error reading register 6507 for IP 10.30.4.128: A Modbus Exception Occurred - See Response Body
[2024-12-10T07:46:28.951Z] Error reading actual data: A Modbus Exception Occurred - See Response Body
[2024-12-10T07:46:28.951Z] Error writing to Modbus register: A Modbus Exception Occurred - See Response Body
[2024-12-10T07:46:29.953Z] Error reading or processing Modbus registers: A Modbus Exception Occurred - See Response Body
[2024-12-10T07:46:29.956Z] Error reading register 6507 for IP 10.30.4.128: A Modbus Exception Occurred - See Response Body
[2024-12-10T07:46:29.956Z] Error reading actual data: A Modbus Exception Occurred - See Response Body
[2024-12-10T07:46:29.957Z] Error writing to Modbus register: A Modbus Exception Occurred - See Response Body
[2024-12-10T07:46:30.955Z] Error reading or processing Modbus registers: A Modbus Exception Occurred - See Response Body
[2024-12-10T07:46:30.958Z] Error reading register 6507 for IP 10.30.4.128: A Modbus Exception Occurred - See Response Body
[2024-12-10T07:46:30.958Z] Error reading actual data: A Modbus Exception Occurred - See Response Body
[2024-12-10T07:46:30.959Z] Error writing to Modbus register: A Modbus Exception Occurred - See Response Body
[2024-12-10T07:46:31.969Z] Error reading or processing Modbus registers: A Modbus Exception Occurred - See Response Body
[2024-12-10T07:46:31.972Z] Error reading register 6507 for IP 10.30.4.128: A Modbus Exception Occurred - See Response Body
[2024-12-10T07:46:31.973Z] Error reading actual data: A Modbus Exception Occurred - See Response Body
[2024-12-10T07:46:31.974Z] Error writing to Modbus register: A Modbus Exception Occurred - See Response Body
[2024-12-10T07:46:32.984Z] Error reading or processing Modbus registers: A Modbus Exception Occurred - See Response Body
[2024-12-10T07:46:32.986Z] Error reading register 6507 for IP 10.30.4.128: A Modbus Exception Occurred - See Response Body
[2024-12-10T07:46:32.986Z] Error reading actual data: A Modbus Exception Occurred - See Response Body
[2024-12-10T07:46:32.987Z] Error writing to Modbus register: A Modbus Exception Occurred - See Response Body
[2024-12-10T07:46:33.983Z] Error reading or processing Modbus registers: A Modbus Exception Occurred - See Response Body
[2024-12-10T07:46:33.986Z] Error reading register 6507 for IP 10.30.4.128: A Modbus Exception Occurred - See Response Body
[2024-12-10T07:46:33.987Z] Error reading actual data: A Modbus Exception Occurred - See Response Body
[2024-12-10T07:46:33.988Z] Error writing to Modbus register: A Modbus Exception Occurred - See Response Body
[2024-12-10T07:46:34.998Z] Error reading or processing Modbus registers: A Modbus Exception Occurred - See Response Body
[2024-12-10T07:46:35.000Z] Error reading register 6507 for IP 10.30.4.128: A Modbus Exception Occurred - See Response Body
[2024-12-10T07:46:35.001Z] Error reading actual data: A Modbus Exception Occurred - See Response Body
[2024-12-10T07:46:35.001Z] Error writing to Modbus register: A Modbus Exception Occurred - See Response Body
[2024-12-10T07:46:36.006Z] Error reading or processing Modbus registers: A Modbus Exception Occurred - See Response Body
[2024-12-10T07:46:36.008Z] Error reading register 6507 for IP 10.30.4.128: A Modbus Exception Occurred - See Response Body
[2024-12-10T07:46:36.009Z] Error reading actual data: A Modbus Exception Occurred - See Response Body
[2024-12-10T07:46:36.010Z] Error writing to Modbus register: A Modbus Exception Occurred - See Response Body
[2024-12-10T07:46:37.018Z] Error reading or processing Modbus registers: A Modbus Exception Occurred - See Response Body
[2024-12-10T07:46:37.020Z] Error reading register 6507 for IP 10.30.4.128: A Modbus Exception Occurred - See Response Body
[2024-12-10T07:46:37.021Z] Error reading actual data: A Modbus Exception Occurred - See Response Body
[2024-12-10T07:46:37.021Z] Error writing to Modbus register: A Modbus Exception Occurred - See Response Body
[2024-12-10T07:46:38.031Z] Error reading or processing Modbus registers: A Modbus Exception Occurred - See Response Body
[2024-12-10T07:46:38.033Z] Error reading register 6507 for IP 10.30.4.128: A Modbus Exception Occurred - See Response Body
[2024-12-10T07:46:38.034Z] Error reading actual data: A Modbus Exception Occurred - See Response Body
[2024-12-10T07:46:38.034Z] Error writing to Modbus register: A Modbus Exception Occurred - See Response Body
[2024-12-10T07:46:39.034Z] Error reading or processing Modbus registers: A Modbus Exception Occurred - See Response Body
[2024-12-10T07:46:39.036Z] Error reading register 6507 for IP 10.30.4.128: A Modbus Exception Occurred - See Response Body
[2024-12-10T07:46:39.037Z] Error reading actual data: A Modbus Exception Occurred - See Response Body
[2024-12-10T07:46:39.037Z] Error writing to Modbus register: A Modbus Exception Occurred - See Response Body
[2024-12-10T07:46:40.047Z] Error reading or processing Modbus registers: A Modbus Exception Occurred - See Response Body
[2024-12-10T07:46:40.051Z] Error reading register 6507 for IP 10.30.4.128: A Modbus Exception Occurred - See Response Body
[2024-12-10T07:46:40.052Z] Error reading actual data: A Modbus Exception Occurred - See Response Body
[2024-12-10T07:46:40.053Z] Error writing to Modbus register: A Modbus Exception Occurred - See Response Body
[2024-12-10T07:46:41.059Z] Error reading or processing Modbus registers: A Modbus Exception Occurred - See Response Body
[2024-12-10T07:46:41.062Z] Error reading register 6507 for IP 10.30.4.128: A Modbus Exception Occurred - See Response Body
[2024-12-10T07:46:41.063Z] Error reading actual data: A Modbus Exception Occurred - See Response Body
[2024-12-10T07:46:41.063Z] Error writing to Modbus register: A Modbus Exception Occurred - See Response Body
[2024-12-10T07:46:42.075Z] Error reading or processing Modbus registers: A Modbus Exception Occurred - See Response Body
[2024-12-10T07:46:42.077Z] Error reading register 6507 for IP 10.30.4.128: A Modbus Exception Occurred - See Response Body
[2024-12-10T07:46:42.077Z] Error reading actual data: A Modbus Exception Occurred - See Response Body
[2024-12-10T07:46:42.078Z] Error writing to Modbus register: A Modbus Exception Occurred - See Response Body
[2024-12-10T07:46:43.089Z] Error reading or processing Modbus registers: A Modbus Exception Occurred - See Response Body
[2024-12-10T07:46:43.092Z] Error reading register 6507 for IP 10.30.4.128: A Modbus Exception Occurred - See Response Body
[2024-12-10T07:46:43.093Z] Error reading actual data: A Modbus Exception Occurred - See Response Body
[2024-12-10T07:46:43.093Z] Error writing to Modbus register: A Modbus Exception Occurred - See Response Body
[2024-12-10T07:46:44.103Z] Error reading or processing Modbus registers: A Modbus Exception Occurred - See Response Body
[2024-12-10T07:46:44.105Z] Error reading register 6507 for IP 10.30.4.128: A Modbus Exception Occurred - See Response Body
[2024-12-10T07:46:44.106Z] Error reading actual data: A Modbus Exception Occurred - See Response Body
[2024-12-10T07:46:44.106Z] Error writing to Modbus register: A Modbus Exception Occurred - See Response Body
[2024-12-10T07:46:45.105Z] Error reading or processing Modbus registers: A Modbus Exception Occurred - See Response Body
[2024-12-10T07:46:45.107Z] Error reading register 6507 for IP 10.30.4.128: A Modbus Exception Occurred - See Response Body
[2024-12-10T07:46:45.108Z] Error reading actual data: A Modbus Exception Occurred - See Response Body
[2024-12-10T07:46:45.109Z] Error writing to Modbus register: A Modbus Exception Occurred - See Response Body
[2024-12-10T07:46:46.108Z] Error reading or processing Modbus registers: A Modbus Exception Occurred - See Response Body
[2024-12-10T07:46:46.110Z] Error reading register 6507 for IP 10.30.4.128: A Modbus Exception Occurred - See Response Body
[2024-12-10T07:46:46.111Z] Error reading actual data: A Modbus Exception Occurred - See Response Body
[2024-12-10T07:46:46.112Z] Error writing to Modbus register: A Modbus Exception Occurred - See Response Body
[2024-12-10T07:46:47.110Z] Error reading or processing Modbus registers: A Modbus Exception Occurred - See Response Body
[2024-12-10T07:46:47.113Z] Error reading register 6507 for IP 10.30.4.128: A Modbus Exception Occurred - See Response Body
[2024-12-10T07:46:47.113Z] Error reading actual data: A Modbus Exception Occurred - See Response Body
[2024-12-10T07:46:47.114Z] Error writing to Modbus register: A Modbus Exception Occurred - See Response Body
[2024-12-10T07:46:48.122Z] Error reading or processing Modbus registers: A Modbus Exception Occurred - See Response Body
[2024-12-10T07:46:48.125Z] Error reading register 6507 for IP 10.30.4.128: A Modbus Exception Occurred - See Response Body
[2024-12-10T07:46:48.125Z] Error reading actual data: A Modbus Exception Occurred - See Response Body
[2024-12-10T07:46:48.126Z] Error writing to Modbus register: A Modbus Exception Occurred - See Response Body
[2024-12-10T07:46:49.136Z] Error reading or processing Modbus registers: A Modbus Exception Occurred - See Response Body
[2024-12-10T07:46:49.139Z] Error reading register 6507 for IP 10.30.4.128: A Modbus Exception Occurred - See Response Body
[2024-12-10T07:46:49.139Z] Error reading actual data: A Modbus Exception Occurred - See Response Body
[2024-12-10T07:46:49.140Z] Error writing to Modbus register: A Modbus Exception Occurred - See Response Body
[2024-12-10T07:46:50.139Z] Error reading or processing Modbus registers: A Modbus Exception Occurred - See Response Body
[2024-12-10T07:46:50.142Z] Error reading register 6507 for IP 10.30.4.128: A Modbus Exception Occurred - See Response Body
[2024-12-10T07:46:50.142Z] Error reading actual data: A Modbus Exception Occurred - See Response Body
[2024-12-10T07:46:50.143Z] Error writing to Modbus register: A Modbus Exception Occurred - See Response Body
[2024-12-10T07:46:51.151Z] Error reading or processing Modbus registers: A Modbus Exception Occurred - See Response Body
[2024-12-10T07:46:51.154Z] Error reading register 6507 for IP 10.30.4.128: A Modbus Exception Occurred - See Response Body
[2024-12-10T07:46:51.155Z] Error reading actual data: A Modbus Exception Occurred - See Response Body
[2024-12-10T07:46:51.155Z] Error writing to Modbus register: A Modbus Exception Occurred - See Response Body
[2024-12-10T07:46:52.164Z] Error reading or processing Modbus registers: A Modbus Exception Occurred - See Response Body
[2024-12-10T07:46:52.167Z] Error reading register 6507 for IP 10.30.4.128: A Modbus Exception Occurred - See Response Body
[2024-12-10T07:46:52.168Z] Error reading actual data: A Modbus Exception Occurred - See Response Body
[2024-12-10T07:46:52.168Z] Error writing to Modbus register: A Modbus Exception Occurred - See Response Body
[2024-12-10T07:46:53.181Z] Error reading or processing Modbus registers: A Modbus Exception Occurred - See Response Body
[2024-12-10T07:46:53.183Z] Error reading register 6507 for IP 10.30.4.128: A Modbus Exception Occurred - See Response Body
[2024-12-10T07:46:53.184Z] Error reading actual data: A Modbus Exception Occurred - See Response Body
[2024-12-10T07:46:53.184Z] Error writing to Modbus register: A Modbus Exception Occurred - See Response Body
[2024-12-10T07:46:54.180Z] Error reading or processing Modbus registers: A Modbus Exception Occurred - See Response Body
[2024-12-10T07:46:54.182Z] Error reading register 6507 for IP 10.30.4.128: A Modbus Exception Occurred - See Response Body
[2024-12-10T07:46:54.182Z] Error reading actual data: A Modbus Exception Occurred - See Response Body
[2024-12-10T07:46:54.183Z] Error writing to Modbus register: A Modbus Exception Occurred - See Response Body
[2024-12-10T07:46:55.180Z] Error reading or processing Modbus registers: A Modbus Exception Occurred - See Response Body
[2024-12-10T07:46:55.182Z] Error reading register 6507 for IP 10.30.4.128: A Modbus Exception Occurred - See Response Body
[2024-12-10T07:46:55.183Z] Error reading actual data: A Modbus Exception Occurred - See Response Body
[2024-12-10T07:46:55.184Z] Error writing to Modbus register: A Modbus Exception Occurred - See Response Body
[2024-12-10T07:46:56.193Z] Error reading or processing Modbus registers: A Modbus Exception Occurred - See Response Body
[2024-12-10T07:46:56.195Z] Error reading register 6507 for IP 10.30.4.128: A Modbus Exception Occurred - See Response Body
[2024-12-10T07:46:56.196Z] Error reading actual data: A Modbus Exception Occurred - See Response Body
[2024-12-10T07:46:56.196Z] Error writing to Modbus register: A Modbus Exception Occurred - See Response Body
[2024-12-10T07:46:57.193Z] Error reading or processing Modbus registers: A Modbus Exception Occurred - See Response Body
[2024-12-10T07:46:57.195Z] Error reading register 6507 for IP 10.30.4.128: A Modbus Exception Occurred - See Response Body
[2024-12-10T07:46:57.196Z] Error reading actual data: A Modbus Exception Occurred - See Response Body
[2024-12-10T07:46:57.196Z] Error writing to Modbus register: A Modbus Exception Occurred - See Response Body
[2024-12-10T07:46:58.193Z] Error reading or processing Modbus registers: A Modbus Exception Occurred - See Response Body
[2024-12-10T07:46:58.195Z] Error reading register 6507 for IP 10.30.4.128: A Modbus Exception Occurred - See Response Body
[2024-12-10T07:46:58.196Z] Error reading actual data: A Modbus Exception Occurred - See Response Body
[2024-12-10T07:46:58.197Z] Error writing to Modbus register: A Modbus Exception Occurred - See Response Body
[2024-12-10T07:46:59.207Z] Error reading or processing Modbus registers: A Modbus Exception Occurred - See Response Body
[2024-12-10T07:46:59.210Z] Error reading register 6507 for IP 10.30.4.128: A Modbus Exception Occurred - See Response Body
[2024-12-10T07:46:59.210Z] Error reading actual data: A Modbus Exception Occurred - See Response Body
[2024-12-10T07:46:59.211Z] Error writing to Modbus register: A Modbus Exception Occurred - See Response Body
[2024-12-10T07:47:00.220Z] Error reading or processing Modbus registers: A Modbus Exception Occurred - See Response Body
[2024-12-10T07:47:00.222Z] Error reading register 6507 for IP 10.30.4.128: A Modbus Exception Occurred - See Response Body
[2024-12-10T07:47:00.223Z] Error reading actual data: A Modbus Exception Occurred - See Response Body
[2024-12-10T07:47:00.223Z] Error writing to Modbus register: A Modbus Exception Occurred - See Response Body
[2024-12-10T07:47:01.232Z] Error reading or processing Modbus registers: A Modbus Exception Occurred - See Response Body
[2024-12-10T07:47:01.235Z] Error reading register 6507 for IP 10.30.4.128: A Modbus Exception Occurred - See Response Body
[2024-12-10T07:47:01.235Z] Error reading actual data: A Modbus Exception Occurred - See Response Body
[2024-12-10T07:47:01.236Z] Error writing to Modbus register: A Modbus Exception Occurred - See Response Body
[2024-12-10T07:47:02.233Z] Error reading or processing Modbus registers: A Modbus Exception Occurred - See Response Body
[2024-12-10T07:47:02.235Z] Error reading register 6507 for IP 10.30.4.128: A Modbus Exception Occurred - See Response Body
[2024-12-10T07:47:02.236Z] Error reading actual data: A Modbus Exception Occurred - See Response Body
[2024-12-10T07:47:02.236Z] Error writing to Modbus register: A Modbus Exception Occurred - See Response Body
[2024-12-10T07:47:03.246Z] Error reading or processing Modbus registers: A Modbus Exception Occurred - See Response Body
[2024-12-10T07:47:03.249Z] Error reading register 6507 for IP 10.30.4.128: A Modbus Exception Occurred - See Response Body
[2024-12-10T07:47:03.250Z] Error reading actual data: A Modbus Exception Occurred - See Response Body
[2024-12-10T07:47:03.250Z] Error writing to Modbus register: A Modbus Exception Occurred - See Response Body
[2024-12-10T07:47:04.261Z] Error reading or processing Modbus registers: A Modbus Exception Occurred - See Response Body
[2024-12-10T07:47:04.263Z] Error reading register 6507 for IP 10.30.4.128: A Modbus Exception Occurred - See Response Body
[2024-12-10T07:47:04.264Z] Error reading actual data: A Modbus Exception Occurred - See Response Body
[2024-12-10T07:47:04.264Z] Error writing to Modbus register: A Modbus Exception Occurred - See Response Body
[2024-12-10T07:47:05.274Z] Error reading or processing Modbus registers: A Modbus Exception Occurred - See Response Body
[2024-12-10T07:47:05.276Z] Error reading register 6507 for IP 10.30.4.128: A Modbus Exception Occurred - See Response Body
[2024-12-10T07:47:05.277Z] Error reading actual data: A Modbus Exception Occurred - See Response Body
[2024-12-10T07:47:05.277Z] Error writing to Modbus register: A Modbus Exception Occurred - See Response Body
[2024-12-10T07:47:06.286Z] Error reading or processing Modbus registers: A Modbus Exception Occurred - See Response Body
[2024-12-10T07:47:06.289Z] Error reading register 6507 for IP 10.30.4.128: A Modbus Exception Occurred - See Response Body
[2024-12-10T07:47:06.289Z] Error reading actual data: A Modbus Exception Occurred - See Response Body
[2024-12-10T07:47:06.290Z] Error writing to Modbus register: A Modbus Exception Occurred - See Response Body
[2024-12-10T07:47:07.315Z] Error reading or processing Modbus registers: A Modbus Exception Occurred - See Response Body
[2024-12-10T07:47:07.318Z] Error reading register 6507 for IP 10.30.4.128: A Modbus Exception Occurred - See Response Body
[2024-12-10T07:47:07.319Z] Error reading actual data: A Modbus Exception Occurred - See Response Body
[2024-12-10T07:47:07.321Z] Error writing to Modbus register: A Modbus Exception Occurred - See Response Body
[2024-12-10T07:47:08.327Z] Error reading or processing Modbus registers: A Modbus Exception Occurred - See Response Body
[2024-12-10T07:47:08.329Z] Error reading register 6507 for IP 10.30.4.128: A Modbus Exception Occurred - See Response Body
[2024-12-10T07:47:08.330Z] Error reading actual data: A Modbus Exception Occurred - See Response Body
[2024-12-10T07:47:08.331Z] Error writing to Modbus register: A Modbus Exception Occurred - See Response Body
[2024-12-10T07:47:09.341Z] Error reading or processing Modbus registers: A Modbus Exception Occurred - See Response Body
[2024-12-10T07:47:09.343Z] Error reading register 6507 for IP 10.30.4.128: A Modbus Exception Occurred - See Response Body
[2024-12-10T07:47:09.344Z] Error reading actual data: A Modbus Exception Occurred - See Response Body
[2024-12-10T07:47:09.345Z] Error writing to Modbus register: A Modbus Exception Occurred - See Response Body
[2024-12-10T07:47:10.341Z] Error reading or processing Modbus registers: A Modbus Exception Occurred - See Response Body
[2024-12-10T07:47:10.344Z] Error reading register 6507 for IP 10.30.4.128: A Modbus Exception Occurred - See Response Body
[2024-12-10T07:47:10.345Z] Error reading actual data: A Modbus Exception Occurred - See Response Body
[2024-12-10T07:47:10.345Z] Error writing to Modbus register: A Modbus Exception Occurred - See Response Body
[2024-12-10T07:47:11.343Z] Error reading or processing Modbus registers: A Modbus Exception Occurred - See Response Body
[2024-12-10T07:47:11.346Z] Error reading register 6507 for IP 10.30.4.128: A Modbus Exception Occurred - See Response Body
[2024-12-10T07:47:11.347Z] Error reading actual data: A Modbus Exception Occurred - See Response Body
[2024-12-10T07:47:11.347Z] Error writing to Modbus register: A Modbus Exception Occurred - See Response Body
[2024-12-10T07:47:12.344Z] Error reading or processing Modbus registers: A Modbus Exception Occurred - See Response Body
[2024-12-10T07:47:12.347Z] Error reading register 6507 for IP 10.30.4.128: A Modbus Exception Occurred - See Response Body
[2024-12-10T07:47:12.347Z] Error reading actual data: A Modbus Exception Occurred - See Response Body
[2024-12-10T07:47:12.348Z] Error writing to Modbus register: A Modbus Exception Occurred - See Response Body
[2024-12-10T07:47:13.345Z] Error reading or processing Modbus registers: A Modbus Exception Occurred - See Response Body
[2024-12-10T07:47:13.347Z] Error reading register 6507 for IP 10.30.4.128: A Modbus Exception Occurred - See Response Body
[2024-12-10T07:47:13.348Z] Error reading actual data: A Modbus Exception Occurred - See Response Body
[2024-12-10T07:47:13.349Z] Error writing to Modbus register: A Modbus Exception Occurred - See Response Body
[2024-12-10T07:47:14.345Z] Error reading or processing Modbus registers: A Modbus Exception Occurred - See Response Body
[2024-12-10T07:47:14.347Z] Error reading register 6507 for IP 10.30.4.128: A Modbus Exception Occurred - See Response Body
[2024-12-10T07:47:14.348Z] Error reading actual data: A Modbus Exception Occurred - See Response Body
[2024-12-10T07:47:14.349Z] Error writing to Modbus register: A Modbus Exception Occurred - See Response Body
[2024-12-10T07:47:15.345Z] Error reading or processing Modbus registers: A Modbus Exception Occurred - See Response Body
[2024-12-10T07:47:15.348Z] Error reading register 6507 for IP 10.30.4.128: A Modbus Exception Occurred - See Response Body
[2024-12-10T07:47:15.349Z] Error reading actual data: A Modbus Exception Occurred - See Response Body
[2024-12-10T07:47:15.349Z] Error writing to Modbus register: A Modbus Exception Occurred - See Response Body
[2024-12-10T07:47:16.360Z] Error reading or processing Modbus registers: A Modbus Exception Occurred - See Response Body
[2024-12-10T07:47:16.363Z] Error reading register 6507 for IP 10.30.4.128: A Modbus Exception Occurred - See Response Body
[2024-12-10T07:47:16.363Z] Error reading actual data: A Modbus Exception Occurred - See Response Body
[2024-12-10T07:47:16.364Z] Error writing to Modbus register: A Modbus Exception Occurred - See Response Body
[2024-12-10T07:47:17.375Z] Error reading or processing Modbus registers: A Modbus Exception Occurred - See Response Body
[2024-12-10T07:47:17.377Z] Error reading register 6507 for IP 10.30.4.128: A Modbus Exception Occurred - See Response Body
[2024-12-10T07:47:17.378Z] Error reading actual data: A Modbus Exception Occurred - See Response Body
[2024-12-10T07:47:17.378Z] Error writing to Modbus register: A Modbus Exception Occurred - See Response Body
[2024-12-10T07:47:18.390Z] Error reading or processing Modbus registers: A Modbus Exception Occurred - See Response Body
[2024-12-10T07:47:18.392Z] Error reading register 6507 for IP 10.30.4.128: A Modbus Exception Occurred - See Response Body
[2024-12-10T07:47:18.393Z] Error reading actual data: A Modbus Exception Occurred - See Response Body
[2024-12-10T07:47:18.393Z] Error writing to Modbus register: A Modbus Exception Occurred - See Response Body
[2024-12-10T07:47:19.392Z] Error reading or processing Modbus registers: A Modbus Exception Occurred - See Response Body
[2024-12-10T07:47:19.394Z] Error reading register 6507 for IP 10.30.4.128: A Modbus Exception Occurred - See Response Body
[2024-12-10T07:47:19.395Z] Error reading actual data: A Modbus Exception Occurred - See Response Body
[2024-12-10T07:47:19.395Z] Error writing to Modbus register: A Modbus Exception Occurred - See Response Body
[2024-12-10T07:47:20.404Z] Error reading or processing Modbus registers: A Modbus Exception Occurred - See Response Body
[2024-12-10T07:47:20.406Z] Error reading register 6507 for IP 10.30.4.128: A Modbus Exception Occurred - See Response Body
[2024-12-10T07:47:20.407Z] Error reading actual data: A Modbus Exception Occurred - See Response Body
[2024-12-10T07:47:20.407Z] Error writing to Modbus register: A Modbus Exception Occurred - See Response Body
[2024-12-10T07:47:21.419Z] Error reading or processing Modbus registers: A Modbus Exception Occurred - See Response Body
[2024-12-10T07:47:21.421Z] Error reading register 6507 for IP 10.30.4.128: A Modbus Exception Occurred - See Response Body
[2024-12-10T07:47:21.422Z] Error reading actual data: A Modbus Exception Occurred - See Response Body
[2024-12-10T07:47:21.422Z] Error writing to Modbus register: A Modbus Exception Occurred - See Response Body
[2024-12-10T07:47:22.430Z] Error reading or processing Modbus registers: A Modbus Exception Occurred - See Response Body
[2024-12-10T07:47:22.432Z] Error reading register 6507 for IP 10.30.4.128: A Modbus Exception Occurred - See Response Body
[2024-12-10T07:47:22.433Z] Error reading actual data: A Modbus Exception Occurred - See Response Body
[2024-12-10T07:47:22.433Z] Error writing to Modbus register: A Modbus Exception Occurred - See Response Body
[2024-12-10T07:47:23.443Z] Error reading or processing Modbus registers: A Modbus Exception Occurred - See Response Body
[2024-12-10T07:47:23.446Z] Error reading register 6507 for IP 10.30.4.128: A Modbus Exception Occurred - See Response Body
[2024-12-10T07:47:23.446Z] Error reading actual data: A Modbus Exception Occurred - See Response Body
[2024-12-10T07:47:23.447Z] Error writing to Modbus register: A Modbus Exception Occurred - See Response Body
[2024-12-10T07:47:24.445Z] Error reading or processing Modbus registers: A Modbus Exception Occurred - See Response Body
[2024-12-10T07:47:24.447Z] Error reading register 6507 for IP 10.30.4.128: A Modbus Exception Occurred - See Response Body
[2024-12-10T07:47:24.448Z] Error reading actual data: A Modbus Exception Occurred - See Response Body
[2024-12-10T07:47:24.448Z] Error writing to Modbus register: A Modbus Exception Occurred - See Response Body
[2024-12-10T07:47:25.445Z] Error reading or processing Modbus registers: A Modbus Exception Occurred - See Response Body
[2024-12-10T07:47:25.448Z] Error reading register 6507 for IP 10.30.4.128: A Modbus Exception Occurred - See Response Body
[2024-12-10T07:47:25.449Z] Error reading actual data: A Modbus Exception Occurred - See Response Body
[2024-12-10T07:47:25.449Z] Error writing to Modbus register: A Modbus Exception Occurred - See Response Body
[2024-12-10T07:47:26.451Z] Error reading or processing Modbus registers: A Modbus Exception Occurred - See Response Body
[2024-12-10T07:47:26.454Z] Error reading register 6507 for IP 10.30.4.128: A Modbus Exception Occurred - See Response Body
[2024-12-10T07:47:26.454Z] Error reading actual data: A Modbus Exception Occurred - See Response Body
[2024-12-10T07:47:26.455Z] Error writing to Modbus register: A Modbus Exception Occurred - See Response Body
[2024-12-10T07:47:27.454Z] Error reading or processing Modbus registers: A Modbus Exception Occurred - See Response Body
[2024-12-10T07:47:27.456Z] Error reading register 6507 for IP 10.30.4.128: A Modbus Exception Occurred - See Response Body
[2024-12-10T07:47:27.457Z] Error reading actual data: A Modbus Exception Occurred - See Response Body
[2024-12-10T07:47:27.457Z] Error writing to Modbus register: A Modbus Exception Occurred - See Response Body
[2024-12-10T07:47:28.454Z] Error reading or processing Modbus registers: A Modbus Exception Occurred - See Response Body
[2024-12-10T07:47:28.457Z] Error reading register 6507 for IP 10.30.4.128: A Modbus Exception Occurred - See Response Body
[2024-12-10T07:47:28.457Z] Error reading actual data: A Modbus Exception Occurred - See Response Body
[2024-12-10T07:47:28.458Z] Error writing to Modbus register: A Modbus Exception Occurred - See Response Body
[2024-12-10T07:47:29.470Z] Error reading or processing Modbus registers: A Modbus Exception Occurred - See Response Body
[2024-12-10T07:47:29.472Z] Error reading register 6507 for IP 10.30.4.128: A Modbus Exception Occurred - See Response Body
[2024-12-10T07:47:29.473Z] Error reading actual data: A Modbus Exception Occurred - See Response Body
[2024-12-10T07:47:29.474Z] Error writing to Modbus register: A Modbus Exception Occurred - See Response Body
[2024-12-10T07:47:30.484Z] Error reading or processing Modbus registers: A Modbus Exception Occurred - See Response Body
[2024-12-10T07:47:30.486Z] Error reading register 6507 for IP 10.30.4.128: A Modbus Exception Occurred - See Response Body
[2024-12-10T07:47:30.487Z] Error reading actual data: A Modbus Exception Occurred - See Response Body
[2024-12-10T07:47:30.488Z] Error writing to Modbus register: A Modbus Exception Occurred - See Response Body
[2024-12-10T07:47:31.486Z] Error reading or processing Modbus registers: A Modbus Exception Occurred - See Response Body
[2024-12-10T07:47:31.489Z] Error reading register 6507 for IP 10.30.4.128: A Modbus Exception Occurred - See Response Body
[2024-12-10T07:47:31.490Z] Error reading actual data: A Modbus Exception Occurred - See Response Body
[2024-12-10T07:47:31.491Z] Error writing to Modbus register: A Modbus Exception Occurred - See Response Body
[2024-12-10T07:47:32.499Z] Error reading or processing Modbus registers: A Modbus Exception Occurred - See Response Body
[2024-12-10T07:47:32.502Z] Error reading register 6507 for IP 10.30.4.128: A Modbus Exception Occurred - See Response Body
[2024-12-10T07:47:32.504Z] Error writing to Modbus register: A Modbus Exception Occurred - See Response Body
[2024-12-10T07:47:32.503Z] Error reading actual data: A Modbus Exception Occurred - See Response Body
[2024-12-10T07:47:33.499Z] Error reading or processing Modbus registers: A Modbus Exception Occurred - See Response Body
[2024-12-10T07:47:33.502Z] Error reading register 6507 for IP 10.30.4.128: A Modbus Exception Occurred - See Response Body
[2024-12-10T07:47:33.503Z] Error reading actual data: A Modbus Exception Occurred - See Response Body
[2024-12-10T07:47:33.503Z] Error writing to Modbus register: A Modbus Exception Occurred - See Response Body
[2024-12-10T07:47:34.512Z] Error reading or processing Modbus registers: A Modbus Exception Occurred - See Response Body
[2024-12-10T07:47:34.514Z] Error reading register 6507 for IP 10.30.4.128: A Modbus Exception Occurred - See Response Body
[2024-12-10T07:47:34.515Z] Error reading actual data: A Modbus Exception Occurred - See Response Body
[2024-12-10T07:47:34.515Z] Error writing to Modbus register: A Modbus Exception Occurred - See Response Body
[2024-12-10T07:47:35.512Z] Error reading or processing Modbus registers: A Modbus Exception Occurred - See Response Body
[2024-12-10T07:47:35.515Z] Error reading register 6507 for IP 10.30.4.128: A Modbus Exception Occurred - See Response Body
[2024-12-10T07:47:35.516Z] Error reading actual data: A Modbus Exception Occurred - See Response Body
[2024-12-10T07:47:35.516Z] Error writing to Modbus register: A Modbus Exception Occurred - See Response Body
[2024-12-10T07:47:36.514Z] Error reading or processing Modbus registers: A Modbus Exception Occurred - See Response Body
[2024-12-10T07:47:36.516Z] Error reading register 6507 for IP 10.30.4.128: A Modbus Exception Occurred - See Response Body
[2024-12-10T07:47:36.517Z] Error reading actual data: A Modbus Exception Occurred - See Response Body
[2024-12-10T07:47:36.518Z] Error writing to Modbus register: A Modbus Exception Occurred - See Response Body
[2024-12-10T07:47:37.518Z] Error reading or processing Modbus registers: A Modbus Exception Occurred - See Response Body
[2024-12-10T07:47:37.520Z] Error reading register 6507 for IP 10.30.4.128: A Modbus Exception Occurred - See Response Body
[2024-12-10T07:47:37.521Z] Error reading actual data: A Modbus Exception Occurred - See Response Body
[2024-12-10T07:47:37.522Z] Error writing to Modbus register: A Modbus Exception Occurred - See Response Body
[2024-12-10T07:47:38.532Z] Error reading or processing Modbus registers: A Modbus Exception Occurred - See Response Body
[2024-12-10T07:47:38.535Z] Error reading register 6507 for IP 10.30.4.128: A Modbus Exception Occurred - See Response Body
[2024-12-10T07:47:38.536Z] Error reading actual data: A Modbus Exception Occurred - See Response Body
[2024-12-10T07:47:38.536Z] Error writing to Modbus register: A Modbus Exception Occurred - See Response Body
[2024-12-10T07:47:39.532Z] Error reading or processing Modbus registers: A Modbus Exception Occurred - See Response Body
[2024-12-10T07:47:39.535Z] Error reading register 6507 for IP 10.30.4.128: A Modbus Exception Occurred - See Response Body
[2024-12-10T07:47:39.535Z] Error reading actual data: A Modbus Exception Occurred - See Response Body
[2024-12-10T07:47:39.536Z] Error writing to Modbus register: A Modbus Exception Occurred - See Response Body
[2024-12-10T07:47:40.547Z] Error reading or processing Modbus registers: A Modbus Exception Occurred - See Response Body
[2024-12-10T07:47:40.550Z] Error reading register 6507 for IP 10.30.4.128: A Modbus Exception Occurred - See Response Body
[2024-12-10T07:47:40.551Z] Error reading actual data: A Modbus Exception Occurred - See Response Body
[2024-12-10T07:47:40.551Z] Error writing to Modbus register: A Modbus Exception Occurred - See Response Body
[2024-12-10T07:47:41.550Z] Error reading or processing Modbus registers: A Modbus Exception Occurred - See Response Body
[2024-12-10T07:47:41.552Z] Error reading register 6507 for IP 10.30.4.128: A Modbus Exception Occurred - See Response Body
[2024-12-10T07:47:41.553Z] Error reading actual data: A Modbus Exception Occurred - See Response Body
[2024-12-10T07:47:41.553Z] Error writing to Modbus register: A Modbus Exception Occurred - See Response Body
[2024-12-10T07:47:42.554Z] Error reading or processing Modbus registers: A Modbus Exception Occurred - See Response Body
[2024-12-10T07:47:42.557Z] Error reading register 6507 for IP 10.30.4.128: A Modbus Exception Occurred - See Response Body
[2024-12-10T07:47:42.558Z] Error reading actual data: A Modbus Exception Occurred - See Response Body
[2024-12-10T07:47:42.559Z] Error writing to Modbus register: A Modbus Exception Occurred - See Response Body
[2024-12-10T07:47:43.555Z] Error reading or processing Modbus registers: A Modbus Exception Occurred - See Response Body
[2024-12-10T07:47:43.558Z] Error reading register 6507 for IP 10.30.4.128: A Modbus Exception Occurred - See Response Body
[2024-12-10T07:47:43.558Z] Error reading actual data: A Modbus Exception Occurred - See Response Body
[2024-12-10T07:47:43.559Z] Error writing to Modbus register: A Modbus Exception Occurred - See Response Body
[2024-12-10T07:47:44.571Z] Error reading or processing Modbus registers: A Modbus Exception Occurred - See Response Body
[2024-12-10T07:47:44.574Z] Error reading register 6507 for IP 10.30.4.128: A Modbus Exception Occurred - See Response Body
[2024-12-10T07:47:44.574Z] Error reading actual data: A Modbus Exception Occurred - See Response Body
[2024-12-10T07:47:44.575Z] Error writing to Modbus register: A Modbus Exception Occurred - See Response Body
[2024-12-10T07:47:45.585Z] Error reading or processing Modbus registers: A Modbus Exception Occurred - See Response Body
[2024-12-10T07:47:45.587Z] Error reading register 6507 for IP 10.30.4.128: A Modbus Exception Occurred - See Response Body
[2024-12-10T07:47:45.588Z] Error reading actual data: A Modbus Exception Occurred - See Response Body
[2024-12-10T07:47:45.588Z] Error writing to Modbus register: A Modbus Exception Occurred - See Response Body
[2024-12-10T07:47:46.585Z] Error reading or processing Modbus registers: A Modbus Exception Occurred - See Response Body
[2024-12-10T07:47:46.587Z] Error reading register 6507 for IP 10.30.4.128: A Modbus Exception Occurred - See Response Body
[2024-12-10T07:47:46.588Z] Error reading actual data: A Modbus Exception Occurred - See Response Body
[2024-12-10T07:47:46.588Z] Error writing to Modbus register: A Modbus Exception Occurred - See Response Body
[2024-12-10T07:47:47.596Z] Error reading or processing Modbus registers: A Modbus Exception Occurred - See Response Body
[2024-12-10T07:47:47.599Z] Error reading register 6507 for IP 10.30.4.128: A Modbus Exception Occurred - See Response Body
[2024-12-10T07:47:47.600Z] Error reading actual data: A Modbus Exception Occurred - See Response Body
[2024-12-10T07:47:47.600Z] Error writing to Modbus register: A Modbus Exception Occurred - See Response Body
[2024-12-10T07:47:48.603Z] Error reading or processing Modbus registers: A Modbus Exception Occurred - See Response Body
[2024-12-10T07:47:48.606Z] Error reading register 6507 for IP 10.30.4.128: A Modbus Exception Occurred - See Response Body
[2024-12-10T07:47:48.606Z] Error reading actual data: A Modbus Exception Occurred - See Response Body
[2024-12-10T07:47:48.607Z] Error writing to Modbus register: A Modbus Exception Occurred - See Response Body
[2024-12-10T07:47:49.603Z] Error reading or processing Modbus registers: A Modbus Exception Occurred - See Response Body
[2024-12-10T07:47:49.606Z] Error reading register 6507 for IP 10.30.4.128: A Modbus Exception Occurred - See Response Body
[2024-12-10T07:47:49.606Z] Error reading actual data: A Modbus Exception Occurred - See Response Body
[2024-12-10T07:47:49.607Z] Error writing to Modbus register: A Modbus Exception Occurred - See Response Body
[2024-12-10T07:47:50.605Z] Error reading or processing Modbus registers: A Modbus Exception Occurred - See Response Body
[2024-12-10T07:47:50.607Z] Error reading register 6507 for IP 10.30.4.128: A Modbus Exception Occurred - See Response Body
[2024-12-10T07:47:50.608Z] Error reading actual data: A Modbus Exception Occurred - See Response Body
[2024-12-10T07:47:50.608Z] Error writing to Modbus register: A Modbus Exception Occurred - See Response Body
[2024-12-10T07:47:51.607Z] Error reading or processing Modbus registers: A Modbus Exception Occurred - See Response Body
[2024-12-10T07:47:51.610Z] Error reading register 6507 for IP 10.30.4.128: A Modbus Exception Occurred - See Response Body
[2024-12-10T07:47:51.611Z] Error reading actual data: A Modbus Exception Occurred - See Response Body
[2024-12-10T07:47:51.611Z] Error writing to Modbus register: A Modbus Exception Occurred - See Response Body
[2024-12-10T07:47:52.620Z] Error reading or processing Modbus registers: A Modbus Exception Occurred - See Response Body
[2024-12-10T07:47:52.623Z] Error reading register 6507 for IP 10.30.4.128: A Modbus Exception Occurred - See Response Body
[2024-12-10T07:47:52.624Z] Error reading actual data: A Modbus Exception Occurred - See Response Body
[2024-12-10T07:47:52.624Z] Error writing to Modbus register: A Modbus Exception Occurred - See Response Body
[2024-12-10T07:47:53.634Z] Error reading or processing Modbus registers: A Modbus Exception Occurred - See Response Body
[2024-12-10T07:47:53.636Z] Error reading register 6507 for IP 10.30.4.128: A Modbus Exception Occurred - See Response Body
[2024-12-10T07:47:53.636Z] Error reading actual data: A Modbus Exception Occurred - See Response Body
[2024-12-10T07:47:53.637Z] Error writing to Modbus register: A Modbus Exception Occurred - See Response Body
[2024-12-10T07:47:54.647Z] Error reading or processing Modbus registers: A Modbus Exception Occurred - See Response Body
[2024-12-10T07:47:54.649Z] Error reading register 6507 for IP 10.30.4.128: A Modbus Exception Occurred - See Response Body
[2024-12-10T07:47:54.650Z] Error reading actual data: A Modbus Exception Occurred - See Response Body
[2024-12-10T07:47:54.651Z] Error writing to Modbus register: A Modbus Exception Occurred - See Response Body
[2024-12-10T07:47:55.662Z] Error reading or processing Modbus registers: A Modbus Exception Occurred - See Response Body
[2024-12-10T07:47:55.665Z] Error reading register 6507 for IP 10.30.4.128: A Modbus Exception Occurred - See Response Body
[2024-12-10T07:47:55.666Z] Error reading actual data: A Modbus Exception Occurred - See Response Body
[2024-12-10T07:47:55.666Z] Error writing to Modbus register: A Modbus Exception Occurred - See Response Body
[2024-12-10T07:47:56.675Z] Error reading or processing Modbus registers: A Modbus Exception Occurred - See Response Body
[2024-12-10T07:47:56.678Z] Error reading register 6507 for IP 10.30.4.128: A Modbus Exception Occurred - See Response Body
[2024-12-10T07:47:56.679Z] Error reading actual data: A Modbus Exception Occurred - See Response Body
[2024-12-10T07:47:56.680Z] Error writing to Modbus register: A Modbus Exception Occurred - See Response Body
[2024-12-10T07:47:57.690Z] Error reading or processing Modbus registers: A Modbus Exception Occurred - See Response Body
[2024-12-10T07:47:57.692Z] Error reading register 6507 for IP 10.30.4.128: A Modbus Exception Occurred - See Response Body
[2024-12-10T07:47:57.692Z] Error reading actual data: A Modbus Exception Occurred - See Response Body
[2024-12-10T07:47:57.693Z] Error writing to Modbus register: A Modbus Exception Occurred - See Response Body
[2024-12-10T07:47:58.693Z] Error reading or processing Modbus registers: A Modbus Exception Occurred - See Response Body
[2024-12-10T07:47:58.696Z] Error reading register 6507 for IP 10.30.4.128: A Modbus Exception Occurred - See Response Body
[2024-12-10T07:47:58.696Z] Error reading actual data: A Modbus Exception Occurred - See Response Body
[2024-12-10T07:47:58.697Z] Error writing to Modbus register: A Modbus Exception Occurred - See Response Body
[2024-12-10T07:47:59.708Z] Error reading or processing Modbus registers: A Modbus Exception Occurred - See Response Body
[2024-12-10T07:47:59.711Z] Error reading register 6507 for IP 10.30.4.128: A Modbus Exception Occurred - See Response Body
[2024-12-10T07:47:59.712Z] Error reading actual data: A Modbus Exception Occurred - See Response Body
[2024-12-10T07:47:59.713Z] Error writing to Modbus register: A Modbus Exception Occurred - See Response Body
[2024-12-10T07:48:00.710Z] Error reading or processing Modbus registers: A Modbus Exception Occurred - See Response Body
[2024-12-10T07:48:00.712Z] Error reading register 6507 for IP 10.30.4.128: A Modbus Exception Occurred - See Response Body
[2024-12-10T07:48:00.714Z] Error reading actual data: A Modbus Exception Occurred - See Response Body
[2024-12-10T07:48:00.714Z] Error writing to Modbus register: A Modbus Exception Occurred - See Response Body
[2024-12-10T07:48:01.723Z] Error reading or processing Modbus registers: A Modbus Exception Occurred - See Response Body
[2024-12-10T07:48:01.726Z] Error reading register 6507 for IP 10.30.4.128: A Modbus Exception Occurred - See Response Body
[2024-12-10T07:48:01.727Z] Error reading actual data: A Modbus Exception Occurred - See Response Body
[2024-12-10T07:48:01.727Z] Error writing to Modbus register: A Modbus Exception Occurred - See Response Body
[2024-12-10T07:48:02.731Z] Error reading or processing Modbus registers: A Modbus Exception Occurred - See Response Body
[2024-12-10T07:48:02.733Z] Error reading register 6507 for IP 10.30.4.128: A Modbus Exception Occurred - See Response Body
[2024-12-10T07:48:02.734Z] Error reading actual data: A Modbus Exception Occurred - See Response Body
[2024-12-10T07:48:02.735Z] Error writing to Modbus register: A Modbus Exception Occurred - See Response Body
[2024-12-10T07:48:03.736Z] Error reading or processing Modbus registers: A Modbus Exception Occurred - See Response Body
[2024-12-10T07:48:03.739Z] Error reading register 6507 for IP 10.30.4.128: A Modbus Exception Occurred - See Response Body
[2024-12-10T07:48:03.739Z] Error reading actual data: A Modbus Exception Occurred - See Response Body
[2024-12-10T07:48:03.740Z] Error writing to Modbus register: A Modbus Exception Occurred - See Response Body
[2024-12-10T07:48:04.745Z] Error reading or processing Modbus registers: A Modbus Exception Occurred - See Response Body
[2024-12-10T07:48:04.748Z] Error reading register 6507 for IP 10.30.4.128: A Modbus Exception Occurred - See Response Body
[2024-12-10T07:48:04.748Z] Error reading actual data: A Modbus Exception Occurred - See Response Body
[2024-12-10T07:48:04.749Z] Error writing to Modbus register: A Modbus Exception Occurred - See Response Body
[2024-12-10T07:48:05.752Z] Error reading or processing Modbus registers: A Modbus Exception Occurred - See Response Body
[2024-12-10T07:48:05.754Z] Error reading register 6507 for IP 10.30.4.128: A Modbus Exception Occurred - See Response Body
[2024-12-10T07:48:05.755Z] Error reading actual data: A Modbus Exception Occurred - See Response Body
[2024-12-10T07:48:05.755Z] Error writing to Modbus register: A Modbus Exception Occurred - See Response Body
[2024-12-10T07:48:06.760Z] Error reading or processing Modbus registers: A Modbus Exception Occurred - See Response Body
[2024-12-10T07:48:06.763Z] Error reading register 6507 for IP 10.30.4.128: A Modbus Exception Occurred - See Response Body
[2024-12-10T07:48:06.763Z] Error reading actual data: A Modbus Exception Occurred - See Response Body
[2024-12-10T07:48:06.764Z] Error writing to Modbus register: A Modbus Exception Occurred - See Response Body
[2024-12-10T07:48:07.766Z] Error reading or processing Modbus registers: A Modbus Exception Occurred - See Response Body
[2024-12-10T07:48:07.768Z] Error reading register 6507 for IP 10.30.4.128: A Modbus Exception Occurred - See Response Body
[2024-12-10T07:48:07.768Z] Error reading actual data: A Modbus Exception Occurred - See Response Body
[2024-12-10T07:48:07.769Z] Error writing to Modbus register: A Modbus Exception Occurred - See Response Body
[2024-12-10T07:48:08.778Z] Error reading or processing Modbus registers: A Modbus Exception Occurred - See Response Body
[2024-12-10T07:48:08.780Z] Error reading register 6507 for IP 10.30.4.128: A Modbus Exception Occurred - See Response Body
[2024-12-10T07:48:08.781Z] Error reading actual data: A Modbus Exception Occurred - See Response Body
[2024-12-10T07:48:08.781Z] Error writing to Modbus register: A Modbus Exception Occurred - See Response Body
[2024-12-10T07:48:09.792Z] Error reading or processing Modbus registers: A Modbus Exception Occurred - See Response Body
[2024-12-10T07:48:09.795Z] Error reading register 6507 for IP 10.30.4.128: A Modbus Exception Occurred - See Response Body
[2024-12-10T07:48:09.795Z] Error reading actual data: A Modbus Exception Occurred - See Response Body
[2024-12-10T07:48:09.796Z] Error writing to Modbus register: A Modbus Exception Occurred - See Response Body
[2024-12-10T07:48:10.797Z] Error reading or processing Modbus registers: A Modbus Exception Occurred - See Response Body
[2024-12-10T07:48:10.800Z] Error reading register 6507 for IP 10.30.4.128: A Modbus Exception Occurred - See Response Body
[2024-12-10T07:48:10.801Z] Error reading actual data: A Modbus Exception Occurred - See Response Body
[2024-12-10T07:48:10.801Z] Error writing to Modbus register: A Modbus Exception Occurred - See Response Body
[2024-12-10T07:48:11.811Z] Error reading or processing Modbus registers: A Modbus Exception Occurred - See Response Body
[2024-12-10T07:48:11.814Z] Error reading register 6507 for IP 10.30.4.128: A Modbus Exception Occurred - See Response Body
[2024-12-10T07:48:11.814Z] Error reading actual data: A Modbus Exception Occurred - See Response Body
[2024-12-10T07:48:11.815Z] Error writing to Modbus register: A Modbus Exception Occurred - See Response Body
[2024-12-10T07:48:12.824Z] Error reading or processing Modbus registers: A Modbus Exception Occurred - See Response Body
[2024-12-10T07:48:12.826Z] Error reading register 6507 for IP 10.30.4.128: A Modbus Exception Occurred - See Response Body
[2024-12-10T07:48:12.827Z] Error reading actual data: A Modbus Exception Occurred - See Response Body
[2024-12-10T07:48:12.828Z] Error writing to Modbus register: A Modbus Exception Occurred - See Response Body
[2024-12-10T07:48:13.837Z] Error reading or processing Modbus registers: A Modbus Exception Occurred - See Response Body
[2024-12-10T07:48:13.839Z] Error reading register 6507 for IP 10.30.4.128: A Modbus Exception Occurred - See Response Body
[2024-12-10T07:48:13.840Z] Error reading actual data: A Modbus Exception Occurred - See Response Body
[2024-12-10T07:48:13.840Z] Error writing to Modbus register: A Modbus Exception Occurred - See Response Body
[2024-12-10T07:48:14.851Z] Error reading or processing Modbus registers: A Modbus Exception Occurred - See Response Body
[2024-12-10T07:48:14.854Z] Error reading register 6507 for IP 10.30.4.128: A Modbus Exception Occurred - See Response Body
[2024-12-10T07:48:14.854Z] Error reading actual data: A Modbus Exception Occurred - See Response Body
[2024-12-10T07:48:14.855Z] Error writing to Modbus register: A Modbus Exception Occurred - See Response Body
[2024-12-10T07:48:15.853Z] Error reading or processing Modbus registers: A Modbus Exception Occurred - See Response Body
[2024-12-10T07:48:15.856Z] Error reading register 6507 for IP 10.30.4.128: A Modbus Exception Occurred - See Response Body
[2024-12-10T07:48:15.856Z] Error reading actual data: A Modbus Exception Occurred - See Response Body
[2024-12-10T07:48:15.857Z] Error writing to Modbus register: A Modbus Exception Occurred - See Response Body
[2024-12-10T07:48:16.854Z] Error reading or processing Modbus registers: A Modbus Exception Occurred - See Response Body
[2024-12-10T07:48:16.857Z] Error reading register 6507 for IP 10.30.4.128: A Modbus Exception Occurred - See Response Body
[2024-12-10T07:48:16.858Z] Error reading actual data: A Modbus Exception Occurred - See Response Body
[2024-12-10T07:48:16.859Z] Error writing to Modbus register: A Modbus Exception Occurred - See Response Body
[2024-12-10T07:48:17.867Z] Error reading or processing Modbus registers: A Modbus Exception Occurred - See Response Body
[2024-12-10T07:48:17.869Z] Error reading register 6507 for IP 10.30.4.128: A Modbus Exception Occurred - See Response Body
[2024-12-10T07:48:17.870Z] Error reading actual data: A Modbus Exception Occurred - See Response Body
[2024-12-10T07:48:17.871Z] Error writing to Modbus register: A Modbus Exception Occurred - See Response Body
[2024-12-10T07:48:18.880Z] Error reading or processing Modbus registers: A Modbus Exception Occurred - See Response Body
[2024-12-10T07:48:18.883Z] Error reading register 6507 for IP 10.30.4.128: A Modbus Exception Occurred - See Response Body
[2024-12-10T07:48:18.884Z] Error reading actual data: A Modbus Exception Occurred - See Response Body
[2024-12-10T07:48:18.885Z] Error writing to Modbus register: A Modbus Exception Occurred - See Response Body
[2024-12-10T07:48:19.880Z] Error reading or processing Modbus registers: A Modbus Exception Occurred - See Response Body
[2024-12-10T07:48:19.883Z] Error reading register 6507 for IP 10.30.4.128: A Modbus Exception Occurred - See Response Body
[2024-12-10T07:48:19.883Z] Error reading actual data: A Modbus Exception Occurred - See Response Body
[2024-12-10T07:48:19.884Z] Error writing to Modbus register: A Modbus Exception Occurred - See Response Body
[2024-12-10T07:48:20.895Z] Error reading or processing Modbus registers: A Modbus Exception Occurred - See Response Body
[2024-12-10T07:48:20.897Z] Error reading register 6507 for IP 10.30.4.128: A Modbus Exception Occurred - See Response Body
[2024-12-10T07:48:20.898Z] Error reading actual data: A Modbus Exception Occurred - See Response Body
[2024-12-10T07:48:20.899Z] Error writing to Modbus register: A Modbus Exception Occurred - See Response Body
[2024-12-10T07:48:21.897Z] Error reading or processing Modbus registers: A Modbus Exception Occurred - See Response Body
[2024-12-10T07:48:21.899Z] Error reading register 6507 for IP 10.30.4.128: A Modbus Exception Occurred - See Response Body
[2024-12-10T07:48:21.899Z] Error reading actual data: A Modbus Exception Occurred - See Response Body
[2024-12-10T07:48:21.900Z] Error writing to Modbus register: A Modbus Exception Occurred - See Response Body
[2024-12-10T07:48:22.899Z] Error reading or processing Modbus registers: A Modbus Exception Occurred - See Response Body
[2024-12-10T07:48:22.902Z] Error reading register 6507 for IP 10.30.4.128: A Modbus Exception Occurred - See Response Body
[2024-12-10T07:48:22.902Z] Error reading actual data: A Modbus Exception Occurred - See Response Body
[2024-12-10T07:48:22.903Z] Error writing to Modbus register: A Modbus Exception Occurred - See Response Body
[2024-12-10T07:48:23.901Z] Error reading or processing Modbus registers: A Modbus Exception Occurred - See Response Body
[2024-12-10T07:48:23.904Z] Error reading register 6507 for IP 10.30.4.128: A Modbus Exception Occurred - See Response Body
[2024-12-10T07:48:23.905Z] Error reading actual data: A Modbus Exception Occurred - See Response Body
[2024-12-10T07:48:23.906Z] Error writing to Modbus register: A Modbus Exception Occurred - See Response Body
[2024-12-10T07:48:24.901Z] Error reading or processing Modbus registers: A Modbus Exception Occurred - See Response Body
[2024-12-10T07:48:24.904Z] Error reading register 6507 for IP 10.30.4.128: A Modbus Exception Occurred - See Response Body
[2024-12-10T07:48:24.905Z] Error reading actual data: A Modbus Exception Occurred - See Response Body
[2024-12-10T07:48:24.905Z] Error writing to Modbus register: A Modbus Exception Occurred - See Response Body
[2024-12-10T07:48:25.916Z] Error reading or processing Modbus registers: A Modbus Exception Occurred - See Response Body
[2024-12-10T07:48:25.919Z] Error reading register 6507 for IP 10.30.4.128: A Modbus Exception Occurred - See Response Body
[2024-12-10T07:48:25.920Z] Error reading actual data: A Modbus Exception Occurred - See Response Body
[2024-12-10T07:48:25.920Z] Error writing to Modbus register: A Modbus Exception Occurred - See Response Body
[2024-12-10T07:48:26.916Z] Error reading or processing Modbus registers: A Modbus Exception Occurred - See Response Body
[2024-12-10T07:48:26.919Z] Error reading register 6507 for IP 10.30.4.128: A Modbus Exception Occurred - See Response Body
[2024-12-10T07:48:26.920Z] Error reading actual data: A Modbus Exception Occurred - See Response Body
[2024-12-10T07:48:26.920Z] Error writing to Modbus register: A Modbus Exception Occurred - See Response Body
[2024-12-10T07:48:27.916Z] Error reading or processing Modbus registers: A Modbus Exception Occurred - See Response Body
[2024-12-10T07:48:27.919Z] Error reading register 6507 for IP 10.30.4.128: A Modbus Exception Occurred - See Response Body
[2024-12-10T07:48:27.920Z] Error reading actual data: A Modbus Exception Occurred - See Response Body
[2024-12-10T07:48:27.920Z] Error writing to Modbus register: A Modbus Exception Occurred - See Response Body
[2024-12-10T07:48:28.917Z] Error reading or processing Modbus registers: A Modbus Exception Occurred - See Response Body
[2024-12-10T07:48:28.920Z] Error reading register 6507 for IP 10.30.4.128: A Modbus Exception Occurred - See Response Body
[2024-12-10T07:48:28.921Z] Error reading actual data: A Modbus Exception Occurred - See Response Body
[2024-12-10T07:48:28.921Z] Error writing to Modbus register: A Modbus Exception Occurred - See Response Body
[2024-12-10T07:48:29.928Z] Error reading or processing Modbus registers: A Modbus Exception Occurred - See Response Body
[2024-12-10T07:48:29.930Z] Error reading register 6507 for IP 10.30.4.128: A Modbus Exception Occurred - See Response Body
[2024-12-10T07:48:29.931Z] Error reading actual data: A Modbus Exception Occurred - See Response Body
[2024-12-10T07:48:29.931Z] Error writing to Modbus register: A Modbus Exception Occurred - See Response Body
[2024-12-10T07:48:30.942Z] Error reading or processing Modbus registers: A Modbus Exception Occurred - See Response Body
[2024-12-10T07:48:30.945Z] Error reading register 6507 for IP 10.30.4.128: A Modbus Exception Occurred - See Response Body
[2024-12-10T07:48:30.945Z] Error reading actual data: A Modbus Exception Occurred - See Response Body
[2024-12-10T07:48:30.946Z] Error writing to Modbus register: A Modbus Exception Occurred - See Response Body
[2024-12-10T07:48:31.956Z] Error reading or processing Modbus registers: A Modbus Exception Occurred - See Response Body
[2024-12-10T07:48:31.958Z] Error reading register 6507 for IP 10.30.4.128: A Modbus Exception Occurred - See Response Body
[2024-12-10T07:48:31.959Z] Error reading actual data: A Modbus Exception Occurred - See Response Body
[2024-12-10T07:48:31.959Z] Error writing to Modbus register: A Modbus Exception Occurred - See Response Body
[2024-12-10T07:48:32.970Z] Error reading or processing Modbus registers: A Modbus Exception Occurred - See Response Body
[2024-12-10T07:48:32.972Z] Error reading register 6507 for IP 10.30.4.128: A Modbus Exception Occurred - See Response Body
[2024-12-10T07:48:32.973Z] Error reading actual data: A Modbus Exception Occurred - See Response Body
[2024-12-10T07:48:32.973Z] Error writing to Modbus register: A Modbus Exception Occurred - See Response Body
[2024-12-10T07:48:33.985Z] Error reading or processing Modbus registers: A Modbus Exception Occurred - See Response Body
[2024-12-10T07:48:33.987Z] Error reading register 6507 for IP 10.30.4.128: A Modbus Exception Occurred - See Response Body
[2024-12-10T07:48:33.988Z] Error reading actual data: A Modbus Exception Occurred - See Response Body
[2024-12-10T07:48:33.989Z] Error writing to Modbus register: A Modbus Exception Occurred - See Response Body
[2024-12-10T07:48:34.992Z] Error reading or processing Modbus registers: A Modbus Exception Occurred - See Response Body
[2024-12-10T07:48:34.994Z] Error reading register 6507 for IP 10.30.4.128: A Modbus Exception Occurred - See Response Body
[2024-12-10T07:48:34.995Z] Error reading actual data: A Modbus Exception Occurred - See Response Body
[2024-12-10T07:48:34.996Z] Error writing to Modbus register: A Modbus Exception Occurred - See Response Body
[2024-12-10T07:48:36.003Z] Error reading or processing Modbus registers: A Modbus Exception Occurred - See Response Body
[2024-12-10T07:48:36.006Z] Error reading register 6507 for IP 10.30.4.128: A Modbus Exception Occurred - See Response Body
[2024-12-10T07:48:36.008Z] Error reading actual data: A Modbus Exception Occurred - See Response Body
[2024-12-10T07:48:36.009Z] Error writing to Modbus register: A Modbus Exception Occurred - See Response Body
[2024-12-10T07:48:37.016Z] Error reading or processing Modbus registers: A Modbus Exception Occurred - See Response Body
[2024-12-10T07:48:37.018Z] Error reading register 6507 for IP 10.30.4.128: A Modbus Exception Occurred - See Response Body
[2024-12-10T07:48:37.019Z] Error reading actual data: A Modbus Exception Occurred - See Response Body
[2024-12-10T07:48:37.020Z] Error writing to Modbus register: A Modbus Exception Occurred - See Response Body
[2024-12-10T07:48:38.030Z] Error reading or processing Modbus registers: A Modbus Exception Occurred - See Response Body
[2024-12-10T07:48:38.033Z] Error reading register 6507 for IP 10.30.4.128: A Modbus Exception Occurred - See Response Body
[2024-12-10T07:48:38.034Z] Error reading actual data: A Modbus Exception Occurred - See Response Body
[2024-12-10T07:48:38.034Z] Error writing to Modbus register: A Modbus Exception Occurred - See Response Body
[2024-12-10T07:48:39.045Z] Error reading or processing Modbus registers: A Modbus Exception Occurred - See Response Body
[2024-12-10T07:48:39.047Z] Error reading register 6507 for IP 10.30.4.128: A Modbus Exception Occurred - See Response Body
[2024-12-10T07:48:39.048Z] Error reading actual data: A Modbus Exception Occurred - See Response Body
[2024-12-10T07:48:39.049Z] Error writing to Modbus register: A Modbus Exception Occurred - See Response Body
[2024-12-10T07:48:40.060Z] Error reading or processing Modbus registers: A Modbus Exception Occurred - See Response Body
[2024-12-10T07:48:40.062Z] Error reading register 6507 for IP 10.30.4.128: A Modbus Exception Occurred - See Response Body
[2024-12-10T07:48:40.063Z] Error reading actual data: A Modbus Exception Occurred - See Response Body
[2024-12-10T07:48:40.064Z] Error writing to Modbus register: A Modbus Exception Occurred - See Response Body
[2024-12-10T07:48:41.060Z] Error reading or processing Modbus registers: A Modbus Exception Occurred - See Response Body
[2024-12-10T07:48:41.063Z] Error reading register 6507 for IP 10.30.4.128: A Modbus Exception Occurred - See Response Body
[2024-12-10T07:48:41.064Z] Error reading actual data: A Modbus Exception Occurred - See Response Body
[2024-12-10T07:48:41.064Z] Error writing to Modbus register: A Modbus Exception Occurred - See Response Body
[2024-12-10T07:48:42.075Z] Error reading or processing Modbus registers: A Modbus Exception Occurred - See Response Body
[2024-12-10T07:48:42.078Z] Error reading register 6507 for IP 10.30.4.128: A Modbus Exception Occurred - See Response Body
[2024-12-10T07:48:42.079Z] Error reading actual data: A Modbus Exception Occurred - See Response Body
[2024-12-10T07:48:42.079Z] Error writing to Modbus register: A Modbus Exception Occurred - See Response Body
[2024-12-10T07:48:43.085Z] Error reading or processing Modbus registers: A Modbus Exception Occurred - See Response Body
[2024-12-10T07:48:43.087Z] Error reading register 6507 for IP 10.30.4.128: A Modbus Exception Occurred - See Response Body
[2024-12-10T07:48:43.088Z] Error reading actual data: A Modbus Exception Occurred - See Response Body
[2024-12-10T07:48:43.088Z] Error writing to Modbus register: A Modbus Exception Occurred - See Response Body
[2024-12-10T07:48:44.100Z] Error reading or processing Modbus registers: A Modbus Exception Occurred - See Response Body
[2024-12-10T07:48:44.103Z] Error reading register 6507 for IP 10.30.4.128: A Modbus Exception Occurred - See Response Body
[2024-12-10T07:48:44.104Z] Error reading actual data: A Modbus Exception Occurred - See Response Body
[2024-12-10T07:48:44.105Z] Error writing to Modbus register: A Modbus Exception Occurred - See Response Body
[2024-12-10T07:48:45.114Z] Error reading or processing Modbus registers: A Modbus Exception Occurred - See Response Body
[2024-12-10T07:48:45.116Z] Error reading register 6507 for IP 10.30.4.128: A Modbus Exception Occurred - See Response Body
[2024-12-10T07:48:45.117Z] Error reading actual data: A Modbus Exception Occurred - See Response Body
[2024-12-10T07:48:45.118Z] Error writing to Modbus register: A Modbus Exception Occurred - See Response Body
[2024-12-10T07:48:46.124Z] Error reading or processing Modbus registers: A Modbus Exception Occurred - See Response Body
[2024-12-10T07:48:46.127Z] Error reading register 6507 for IP 10.30.4.128: A Modbus Exception Occurred - See Response Body
[2024-12-10T07:48:46.127Z] Error reading actual data: A Modbus Exception Occurred - See Response Body
[2024-12-10T07:48:46.128Z] Error writing to Modbus register: A Modbus Exception Occurred - See Response Body
[2024-12-10T07:48:47.137Z] Error reading or processing Modbus registers: A Modbus Exception Occurred - See Response Body
[2024-12-10T07:48:47.139Z] Error reading register 6507 for IP 10.30.4.128: A Modbus Exception Occurred - See Response Body
[2024-12-10T07:48:47.140Z] Error reading actual data: A Modbus Exception Occurred - See Response Body
[2024-12-10T07:48:47.141Z] Error writing to Modbus register: A Modbus Exception Occurred - See Response Body
[2024-12-10T07:48:48.149Z] Error reading or processing Modbus registers: A Modbus Exception Occurred - See Response Body
[2024-12-10T07:48:48.152Z] Error reading register 6507 for IP 10.30.4.128: A Modbus Exception Occurred - See Response Body
[2024-12-10T07:48:48.153Z] Error reading actual data: A Modbus Exception Occurred - See Response Body
[2024-12-10T07:48:48.153Z] Error writing to Modbus register: A Modbus Exception Occurred - See Response Body
[2024-12-10T07:48:49.163Z] Error reading or processing Modbus registers: A Modbus Exception Occurred - See Response Body
[2024-12-10T07:48:49.165Z] Error reading register 6507 for IP 10.30.4.128: A Modbus Exception Occurred - See Response Body
[2024-12-10T07:48:49.166Z] Error reading actual data: A Modbus Exception Occurred - See Response Body
[2024-12-10T07:48:49.166Z] Error writing to Modbus register: A Modbus Exception Occurred - See Response Body
[2024-12-10T07:48:50.177Z] Error reading or processing Modbus registers: A Modbus Exception Occurred - See Response Body
[2024-12-10T07:48:50.179Z] Error reading register 6507 for IP 10.30.4.128: A Modbus Exception Occurred - See Response Body
[2024-12-10T07:48:50.179Z] Error reading actual data: A Modbus Exception Occurred - See Response Body
[2024-12-10T07:48:50.180Z] Error writing to Modbus register: A Modbus Exception Occurred - See Response Body
[2024-12-10T07:48:51.191Z] Error reading or processing Modbus registers: A Modbus Exception Occurred - See Response Body
[2024-12-10T07:48:51.193Z] Error reading register 6507 for IP 10.30.4.128: A Modbus Exception Occurred - See Response Body
[2024-12-10T07:48:51.194Z] Error reading actual data: A Modbus Exception Occurred - See Response Body
[2024-12-10T07:48:51.194Z] Error writing to Modbus register: A Modbus Exception Occurred - See Response Body
[2024-12-10T07:48:52.205Z] Error reading or processing Modbus registers: A Modbus Exception Occurred - See Response Body
[2024-12-10T07:48:52.208Z] Error reading register 6507 for IP 10.30.4.128: A Modbus Exception Occurred - See Response Body
[2024-12-10T07:48:52.208Z] Error reading actual data: A Modbus Exception Occurred - See Response Body
[2024-12-10T07:48:52.209Z] Error writing to Modbus register: A Modbus Exception Occurred - See Response Body
[2024-12-10T07:48:53.216Z] Error reading or processing Modbus registers: A Modbus Exception Occurred - See Response Body
[2024-12-10T07:48:53.218Z] Error reading register 6507 for IP 10.30.4.128: A Modbus Exception Occurred - See Response Body
[2024-12-10T07:48:53.218Z] Error reading actual data: A Modbus Exception Occurred - See Response Body
[2024-12-10T07:48:53.219Z] Error writing to Modbus register: A Modbus Exception Occurred - See Response Body
[2024-12-10T07:48:54.226Z] Error reading or processing Modbus registers: A Modbus Exception Occurred - See Response Body
[2024-12-10T07:48:54.229Z] Error reading register 6507 for IP 10.30.4.128: A Modbus Exception Occurred - See Response Body
[2024-12-10T07:48:54.229Z] Error reading actual data: A Modbus Exception Occurred - See Response Body
[2024-12-10T07:48:54.230Z] Error writing to Modbus register: A Modbus Exception Occurred - See Response Body
[2024-12-10T07:48:55.240Z] Error reading or processing Modbus registers: A Modbus Exception Occurred - See Response Body
[2024-12-10T07:48:55.243Z] Error reading register 6507 for IP 10.30.4.128: A Modbus Exception Occurred - See Response Body
[2024-12-10T07:48:55.244Z] Error reading actual data: A Modbus Exception Occurred - See Response Body
[2024-12-10T07:48:55.245Z] Error writing to Modbus register: A Modbus Exception Occurred - See Response Body
[2024-12-10T07:48:56.254Z] Error reading or processing Modbus registers: A Modbus Exception Occurred - See Response Body
[2024-12-10T07:48:56.257Z] Error reading register 6507 for IP 10.30.4.128: A Modbus Exception Occurred - See Response Body
[2024-12-10T07:48:56.258Z] Error reading actual data: A Modbus Exception Occurred - See Response Body
[2024-12-10T07:48:56.258Z] Error writing to Modbus register: A Modbus Exception Occurred - See Response Body
[2024-12-10T07:48:57.266Z] Error reading or processing Modbus registers: A Modbus Exception Occurred - See Response Body
[2024-12-10T07:48:57.269Z] Error reading register 6507 for IP 10.30.4.128: A Modbus Exception Occurred - See Response Body
[2024-12-10T07:48:57.270Z] Error reading actual data: A Modbus Exception Occurred - See Response Body
[2024-12-10T07:48:57.271Z] Error writing to Modbus register: A Modbus Exception Occurred - See Response Body
[2024-12-10T07:48:58.278Z] Error reading or processing Modbus registers: A Modbus Exception Occurred - See Response Body
[2024-12-10T07:48:58.280Z] Error reading register 6507 for IP 10.30.4.128: A Modbus Exception Occurred - See Response Body
[2024-12-10T07:48:58.281Z] Error reading actual data: A Modbus Exception Occurred - See Response Body
[2024-12-10T07:48:58.282Z] Error writing to Modbus register: A Modbus Exception Occurred - See Response Body
[2024-12-10T07:48:59.292Z] Error reading or processing Modbus registers: A Modbus Exception Occurred - See Response Body
[2024-12-10T07:48:59.295Z] Error reading register 6507 for IP 10.30.4.128: A Modbus Exception Occurred - See Response Body
[2024-12-10T07:48:59.296Z] Error reading actual data: A Modbus Exception Occurred - See Response Body
[2024-12-10T07:48:59.296Z] Error writing to Modbus register: A Modbus Exception Occurred - See Response Body
[2024-12-10T07:49:00.305Z] Error reading or processing Modbus registers: A Modbus Exception Occurred - See Response Body
[2024-12-10T07:49:00.308Z] Error reading register 6507 for IP 10.30.4.128: A Modbus Exception Occurred - See Response Body
[2024-12-10T07:49:00.308Z] Error reading actual data: A Modbus Exception Occurred - See Response Body
[2024-12-10T07:49:00.309Z] Error writing to Modbus register: A Modbus Exception Occurred - See Response Body
[2024-12-10T08:02:20.253Z] Error reading or processing Modbus registers: A Modbus Exception Occurred - See Response Body
[2024-12-10T08:02:20.256Z] Error reading register 6507 for IP 10.30.4.128: A Modbus Exception Occurred - See Response Body
[2024-12-10T08:02:20.256Z] Error reading actual data: A Modbus Exception Occurred - See Response Body
[2024-12-10T08:02:20.257Z] Error writing to Modbus register: A Modbus Exception Occurred - See Response Body
[2024-12-10T08:02:21.263Z] Error reading or processing Modbus registers: A Modbus Exception Occurred - See Response Body
[2024-12-10T08:02:21.265Z] Error reading register 6507 for IP 10.30.4.128: A Modbus Exception Occurred - See Response Body
[2024-12-10T08:02:21.266Z] Error reading actual data: A Modbus Exception Occurred - See Response Body
[2024-12-10T08:02:21.266Z] Error writing to Modbus register: A Modbus Exception Occurred - See Response Body
[2024-12-10T08:02:22.264Z] Error reading or processing Modbus registers: A Modbus Exception Occurred - See Response Body
[2024-12-10T08:02:22.266Z] Error reading register 6507 for IP 10.30.4.128: A Modbus Exception Occurred - See Response Body
[2024-12-10T08:02:22.267Z] Error reading actual data: A Modbus Exception Occurred - See Response Body
[2024-12-10T08:02:22.268Z] Error writing to Modbus register: A Modbus Exception Occurred - See Response Body
[2024-12-10T08:02:25.092Z] Error reading or processing Modbus registers: A Modbus Exception Occurred - See Response Body
[2024-12-10T08:02:25.094Z] Error reading register 6507 for IP 10.30.4.128: A Modbus Exception Occurred - See Response Body
[2024-12-10T08:02:25.094Z] Error reading actual data: A Modbus Exception Occurred - See Response Body
[2024-12-10T08:02:25.095Z] Error writing to Modbus register: A Modbus Exception Occurred - See Response Body
[2024-12-10T08:02:26.104Z] Error reading or processing Modbus registers: A Modbus Exception Occurred - See Response Body
[2024-12-10T08:02:26.106Z] Error reading register 6507 for IP 10.30.4.128: A Modbus Exception Occurred - See Response Body
[2024-12-10T08:02:26.107Z] Error reading actual data: A Modbus Exception Occurred - See Response Body
[2024-12-10T08:02:26.108Z] Error writing to Modbus register: A Modbus Exception Occurred - See Response Body
[2024-12-10T08:02:27.116Z] Error reading or processing Modbus registers: A Modbus Exception Occurred - See Response Body
[2024-12-10T08:02:27.119Z] Error reading register 6507 for IP 10.30.4.128: A Modbus Exception Occurred - See Response Body
[2024-12-10T08:02:27.120Z] Error reading actual data: A Modbus Exception Occurred - See Response Body
[2024-12-10T08:02:27.120Z] Error writing to Modbus register: A Modbus Exception Occurred - See Response Body
[2024-12-10T08:02:28.130Z] Error reading or processing Modbus registers: A Modbus Exception Occurred - See Response Body
[2024-12-10T08:02:28.132Z] Error reading register 6507 for IP 10.30.4.128: A Modbus Exception Occurred - See Response Body
[2024-12-10T08:02:28.133Z] Error reading actual data: A Modbus Exception Occurred - See Response Body
[2024-12-10T08:02:28.134Z] Error writing to Modbus register: A Modbus Exception Occurred - See Response Body
[2024-12-10T08:02:29.144Z] Error reading or processing Modbus registers: A Modbus Exception Occurred - See Response Body
[2024-12-10T08:02:29.146Z] Error reading register 6507 for IP 10.30.4.128: A Modbus Exception Occurred - See Response Body
[2024-12-10T08:02:29.147Z] Error reading actual data: A Modbus Exception Occurred - See Response Body
[2024-12-10T08:02:29.147Z] Error writing to Modbus register: A Modbus Exception Occurred - See Response Body
[2024-12-10T08:02:30.144Z] Error reading or processing Modbus registers: A Modbus Exception Occurred - See Response Body
[2024-12-10T08:02:30.146Z] Error reading register 6507 for IP 10.30.4.128: A Modbus Exception Occurred - See Response Body
[2024-12-10T08:02:30.147Z] Error reading actual data: A Modbus Exception Occurred - See Response Body
[2024-12-10T08:02:30.148Z] Error writing to Modbus register: A Modbus Exception Occurred - See Response Body
[2024-12-10T08:02:31.145Z] Error reading or processing Modbus registers: A Modbus Exception Occurred - See Response Body
[2024-12-10T08:02:31.147Z] Error reading register 6507 for IP 10.30.4.128: A Modbus Exception Occurred - See Response Body
[2024-12-10T08:02:31.147Z] Error reading actual data: A Modbus Exception Occurred - See Response Body
[2024-12-10T08:02:31.148Z] Error writing to Modbus register: A Modbus Exception Occurred - See Response Body
[2024-12-10T08:02:32.159Z] Error reading or processing Modbus registers: A Modbus Exception Occurred - See Response Body
[2024-12-10T08:02:32.161Z] Error reading register 6507 for IP 10.30.4.128: A Modbus Exception Occurred - See Response Body
[2024-12-10T08:02:32.162Z] Error reading actual data: A Modbus Exception Occurred - See Response Body
[2024-12-10T08:02:32.162Z] Error writing to Modbus register: A Modbus Exception Occurred - See Response Body
[2024-12-10T08:02:33.173Z] Error reading or processing Modbus registers: A Modbus Exception Occurred - See Response Body
[2024-12-10T08:02:33.176Z] Error reading register 6507 for IP 10.30.4.128: A Modbus Exception Occurred - See Response Body
[2024-12-10T08:02:33.176Z] Error reading actual data: A Modbus Exception Occurred - See Response Body
[2024-12-10T08:02:33.177Z] Error writing to Modbus register: A Modbus Exception Occurred - See Response Body
[2024-12-10T08:02:34.182Z] Error reading or processing Modbus registers: A Modbus Exception Occurred - See Response Body
[2024-12-10T08:02:34.184Z] Error reading register 6507 for IP 10.30.4.128: A Modbus Exception Occurred - See Response Body
[2024-12-10T08:02:34.185Z] Error reading actual data: A Modbus Exception Occurred - See Response Body
[2024-12-10T08:02:34.186Z] Error writing to Modbus register: A Modbus Exception Occurred - See Response Body
[2024-12-10T08:02:35.192Z] Error reading or processing Modbus registers: A Modbus Exception Occurred - See Response Body
[2024-12-10T08:02:35.195Z] Error reading register 6507 for IP 10.30.4.128: A Modbus Exception Occurred - See Response Body
[2024-12-10T08:02:35.195Z] Error reading actual data: A Modbus Exception Occurred - See Response Body
[2024-12-10T08:02:35.196Z] Error writing to Modbus register: A Modbus Exception Occurred - See Response Body
[2024-12-10T08:02:36.205Z] Error reading or processing Modbus registers: A Modbus Exception Occurred - See Response Body
[2024-12-10T08:02:36.207Z] Error reading register 6507 for IP 10.30.4.128: A Modbus Exception Occurred - See Response Body
[2024-12-10T08:02:36.207Z] Error reading actual data: A Modbus Exception Occurred - See Response Body
[2024-12-10T08:02:36.208Z] Error writing to Modbus register: A Modbus Exception Occurred - See Response Body
[2024-12-10T08:02:37.218Z] Error reading or processing Modbus registers: A Modbus Exception Occurred - See Response Body
[2024-12-10T08:02:37.220Z] Error reading register 6507 for IP 10.30.4.128: A Modbus Exception Occurred - See Response Body
[2024-12-10T08:02:37.221Z] Error reading actual data: A Modbus Exception Occurred - See Response Body
[2024-12-10T08:02:37.222Z] Error writing to Modbus register: A Modbus Exception Occurred - See Response Body
[2024-12-10T08:02:38.230Z] Error reading or processing Modbus registers: A Modbus Exception Occurred - See Response Body
[2024-12-10T08:02:38.232Z] Error reading register 6507 for IP 10.30.4.128: A Modbus Exception Occurred - See Response Body
[2024-12-10T08:02:38.233Z] Error reading actual data: A Modbus Exception Occurred - See Response Body
[2024-12-10T08:02:38.233Z] Error writing to Modbus register: A Modbus Exception Occurred - See Response Body
[2024-12-10T08:02:39.244Z] Error reading or processing Modbus registers: A Modbus Exception Occurred - See Response Body
[2024-12-10T08:02:39.246Z] Error reading register 6507 for IP 10.30.4.128: A Modbus Exception Occurred - See Response Body
[2024-12-10T08:02:39.246Z] Error reading actual data: A Modbus Exception Occurred - See Response Body
[2024-12-10T08:02:39.247Z] Error writing to Modbus register: A Modbus Exception Occurred - See Response Body
[2024-12-10T08:02:40.255Z] Error reading or processing Modbus registers: A Modbus Exception Occurred - See Response Body
[2024-12-10T08:02:40.257Z] Error reading register 6507 for IP 10.30.4.128: A Modbus Exception Occurred - See Response Body
[2024-12-10T08:02:40.257Z] Error reading actual data: A Modbus Exception Occurred - See Response Body
[2024-12-10T08:02:40.258Z] Error writing to Modbus register: A Modbus Exception Occurred - See Response Body
[2024-12-10T08:02:41.268Z] Error reading or processing Modbus registers: A Modbus Exception Occurred - See Response Body
[2024-12-10T08:02:41.270Z] Error reading register 6507 for IP 10.30.4.128: A Modbus Exception Occurred - See Response Body
[2024-12-10T08:02:41.271Z] Error reading actual data: A Modbus Exception Occurred - See Response Body
[2024-12-10T08:02:41.272Z] Error writing to Modbus register: A Modbus Exception Occurred - See Response Body
[2024-12-10T08:02:42.282Z] Error reading or processing Modbus registers: A Modbus Exception Occurred - See Response Body
[2024-12-10T08:02:42.284Z] Error reading register 6507 for IP 10.30.4.128: A Modbus Exception Occurred - See Response Body
[2024-12-10T08:02:42.285Z] Error reading actual data: A Modbus Exception Occurred - See Response Body
[2024-12-10T08:02:42.285Z] Error writing to Modbus register: A Modbus Exception Occurred - See Response Body
[2024-12-10T08:02:43.296Z] Error reading or processing Modbus registers: A Modbus Exception Occurred - See Response Body
[2024-12-10T08:02:43.300Z] Error reading register 6507 for IP 10.30.4.128: A Modbus Exception Occurred - See Response Body
[2024-12-10T08:02:43.301Z] Error reading actual data: A Modbus Exception Occurred - See Response Body
[2024-12-10T08:02:43.301Z] Error writing to Modbus register: A Modbus Exception Occurred - See Response Body
[2024-12-10T08:02:44.307Z] Error reading or processing Modbus registers: A Modbus Exception Occurred - See Response Body
[2024-12-10T08:02:44.309Z] Error reading register 6507 for IP 10.30.4.128: A Modbus Exception Occurred - See Response Body
[2024-12-10T08:02:44.309Z] Error reading actual data: A Modbus Exception Occurred - See Response Body
[2024-12-10T08:02:44.310Z] Error writing to Modbus register: A Modbus Exception Occurred - See Response Body
[2024-12-10T08:02:45.316Z] Error reading or processing Modbus registers: A Modbus Exception Occurred - See Response Body
[2024-12-10T08:02:45.318Z] Error reading register 6507 for IP 10.30.4.128: A Modbus Exception Occurred - See Response Body
[2024-12-10T08:02:45.319Z] Error reading actual data: A Modbus Exception Occurred - See Response Body
[2024-12-10T08:02:45.319Z] Error writing to Modbus register: A Modbus Exception Occurred - See Response Body
[2024-12-10T08:02:46.330Z] Error reading or processing Modbus registers: A Modbus Exception Occurred - See Response Body
[2024-12-10T08:02:46.332Z] Error reading register 6507 for IP 10.30.4.128: A Modbus Exception Occurred - See Response Body
[2024-12-10T08:02:46.332Z] Error reading actual data: A Modbus Exception Occurred - See Response Body
[2024-12-10T08:02:46.333Z] Error writing to Modbus register: A Modbus Exception Occurred - See Response Body
[2024-12-10T08:02:47.339Z] Error reading or processing Modbus registers: A Modbus Exception Occurred - See Response Body
[2024-12-10T08:02:47.342Z] Error reading register 6507 for IP 10.30.4.128: A Modbus Exception Occurred - See Response Body
[2024-12-10T08:02:47.343Z] Error reading actual data: A Modbus Exception Occurred - See Response Body
[2024-12-10T08:02:47.343Z] Error writing to Modbus register: A Modbus Exception Occurred - See Response Body
[2024-12-10T08:02:48.340Z] Error reading or processing Modbus registers: A Modbus Exception Occurred - See Response Body
[2024-12-10T08:02:48.343Z] Error reading register 6507 for IP 10.30.4.128: A Modbus Exception Occurred - See Response Body
[2024-12-10T08:02:48.344Z] Error reading actual data: A Modbus Exception Occurred - See Response Body
[2024-12-10T08:02:48.344Z] Error writing to Modbus register: A Modbus Exception Occurred - See Response Body
[2024-12-10T08:02:52.701Z] Error reading or processing Modbus registers: A Modbus Exception Occurred - See Response Body
[2024-12-10T08:02:52.704Z] Error reading register 6507 for IP 10.30.4.128: A Modbus Exception Occurred - See Response Body
[2024-12-10T08:02:52.705Z] Error reading actual data: A Modbus Exception Occurred - See Response Body
[2024-12-10T08:02:52.706Z] Error writing to Modbus register: A Modbus Exception Occurred - See Response Body
[2024-12-10T08:02:53.713Z] Error reading or processing Modbus registers: A Modbus Exception Occurred - See Response Body
[2024-12-10T08:02:53.717Z] Error reading register 6507 for IP 10.30.4.128: A Modbus Exception Occurred - See Response Body
[2024-12-10T08:02:53.717Z] Error reading actual data: A Modbus Exception Occurred - See Response Body
[2024-12-10T08:02:53.718Z] Error writing to Modbus register: A Modbus Exception Occurred - See Response Body
[2024-12-10T08:02:54.714Z] Error reading or processing Modbus registers: A Modbus Exception Occurred - See Response Body
[2024-12-10T08:02:54.717Z] Error reading register 6507 for IP 10.30.4.128: A Modbus Exception Occurred - See Response Body
[2024-12-10T08:02:54.718Z] Error reading actual data: A Modbus Exception Occurred - See Response Body
[2024-12-10T08:02:54.719Z] Error writing to Modbus register: A Modbus Exception Occurred - See Response Body
[2024-12-10T08:02:55.728Z] Error reading or processing Modbus registers: A Modbus Exception Occurred - See Response Body
[2024-12-10T08:02:55.730Z] Error reading register 6507 for IP 10.30.4.128: A Modbus Exception Occurred - See Response Body
[2024-12-10T08:02:55.731Z] Error reading actual data: A Modbus Exception Occurred - See Response Body
[2024-12-10T08:02:55.731Z] Error writing to Modbus register: A Modbus Exception Occurred - See Response Body
[2024-12-10T08:02:56.741Z] Error reading or processing Modbus registers: A Modbus Exception Occurred - See Response Body
[2024-12-10T08:02:56.745Z] Error reading register 6507 for IP 10.30.4.128: A Modbus Exception Occurred - See Response Body
[2024-12-10T08:02:56.746Z] Error reading actual data: A Modbus Exception Occurred - See Response Body
[2024-12-10T08:02:56.746Z] Error writing to Modbus register: A Modbus Exception Occurred - See Response Body
[2024-12-10T08:02:57.754Z] Error reading or processing Modbus registers: A Modbus Exception Occurred - See Response Body
[2024-12-10T08:02:57.757Z] Error reading register 6507 for IP 10.30.4.128: A Modbus Exception Occurred - See Response Body
[2024-12-10T08:02:57.757Z] Error reading actual data: A Modbus Exception Occurred - See Response Body
[2024-12-10T08:02:57.758Z] Error writing to Modbus register: A Modbus Exception Occurred - See Response Body
[2024-12-10T08:02:58.768Z] Error reading or processing Modbus registers: A Modbus Exception Occurred - See Response Body
[2024-12-10T08:02:58.771Z] Error reading register 6507 for IP 10.30.4.128: A Modbus Exception Occurred - See Response Body
[2024-12-10T08:02:58.772Z] Error reading actual data: A Modbus Exception Occurred - See Response Body
[2024-12-10T08:02:58.773Z] Error writing to Modbus register: A Modbus Exception Occurred - See Response Body
[2024-12-10T08:02:59.783Z] Error reading or processing Modbus registers: A Modbus Exception Occurred - See Response Body
[2024-12-10T08:02:59.785Z] Error reading register 6507 for IP 10.30.4.128: A Modbus Exception Occurred - See Response Body
[2024-12-10T08:02:59.786Z] Error reading actual data: A Modbus Exception Occurred - See Response Body
[2024-12-10T08:02:59.787Z] Error writing to Modbus register: A Modbus Exception Occurred - See Response Body
[2024-12-10T08:03:00.792Z] Error reading or processing Modbus registers: A Modbus Exception Occurred - See Response Body
[2024-12-10T08:03:00.794Z] Error reading register 6507 for IP 10.30.4.128: A Modbus Exception Occurred - See Response Body
[2024-12-10T08:03:00.795Z] Error reading actual data: A Modbus Exception Occurred - See Response Body
[2024-12-10T08:03:00.795Z] Error writing to Modbus register: A Modbus Exception Occurred - See Response Body
[2024-12-10T08:03:01.802Z] Error reading or processing Modbus registers: A Modbus Exception Occurred - See Response Body
[2024-12-10T08:03:01.804Z] Error reading register 6507 for IP 10.30.4.128: A Modbus Exception Occurred - See Response Body
[2024-12-10T08:03:01.805Z] Error reading actual data: A Modbus Exception Occurred - See Response Body
[2024-12-10T08:03:01.806Z] Error writing to Modbus register: A Modbus Exception Occurred - See Response Body
[2024-12-10T08:03:02.804Z] Error reading or processing Modbus registers: A Modbus Exception Occurred - See Response Body
[2024-12-10T08:03:02.806Z] Error reading register 6507 for IP 10.30.4.128: A Modbus Exception Occurred - See Response Body
[2024-12-10T08:03:02.806Z] Error reading actual data: A Modbus Exception Occurred - See Response Body
[2024-12-10T08:03:02.807Z] Error writing to Modbus register: A Modbus Exception Occurred - See Response Body
[2024-12-10T08:03:03.819Z] Error reading or processing Modbus registers: A Modbus Exception Occurred - See Response Body
[2024-12-10T08:03:03.821Z] Error reading register 6507 for IP 10.30.4.128: A Modbus Exception Occurred - See Response Body
[2024-12-10T08:03:03.821Z] Error reading actual data: A Modbus Exception Occurred - See Response Body
[2024-12-10T08:03:03.822Z] Error writing to Modbus register: A Modbus Exception Occurred - See Response Body
[2024-12-10T08:03:04.821Z] Error reading or processing Modbus registers: A Modbus Exception Occurred - See Response Body
[2024-12-10T08:03:04.824Z] Error reading register 6507 for IP 10.30.4.128: A Modbus Exception Occurred - See Response Body
[2024-12-10T08:03:04.825Z] Error reading actual data: A Modbus Exception Occurred - See Response Body
[2024-12-10T08:03:04.825Z] Error writing to Modbus register: A Modbus Exception Occurred - See Response Body
[2024-12-10T08:03:05.835Z] Error reading or processing Modbus registers: A Modbus Exception Occurred - See Response Body
[2024-12-10T08:03:05.837Z] Error reading register 6507 for IP 10.30.4.128: A Modbus Exception Occurred - See Response Body
[2024-12-10T08:03:05.838Z] Error reading actual data: A Modbus Exception Occurred - See Response Body
[2024-12-10T08:03:05.839Z] Error writing to Modbus register: A Modbus Exception Occurred - See Response Body
[2024-12-10T08:03:06.849Z] Error reading or processing Modbus registers: A Modbus Exception Occurred - See Response Body
[2024-12-10T08:03:06.851Z] Error reading register 6507 for IP 10.30.4.128: A Modbus Exception Occurred - See Response Body
[2024-12-10T08:03:06.854Z] Error reading actual data: A Modbus Exception Occurred - See Response Body
[2024-12-10T08:03:06.855Z] Error writing to Modbus register: A Modbus Exception Occurred - See Response Body
[2024-12-10T08:03:07.864Z] Error reading or processing Modbus registers: A Modbus Exception Occurred - See Response Body
[2024-12-10T08:03:07.866Z] Error reading register 6507 for IP 10.30.4.128: A Modbus Exception Occurred - See Response Body
[2024-12-10T08:03:07.866Z] Error reading actual data: A Modbus Exception Occurred - See Response Body
[2024-12-10T08:03:07.867Z] Error writing to Modbus register: A Modbus Exception Occurred - See Response Body
[2024-12-10T08:03:08.876Z] Error reading or processing Modbus registers: A Modbus Exception Occurred - See Response Body
[2024-12-10T08:03:08.878Z] Error reading register 6507 for IP 10.30.4.128: A Modbus Exception Occurred - See Response Body
[2024-12-10T08:03:08.878Z] Error reading actual data: A Modbus Exception Occurred - See Response Body
[2024-12-10T08:03:08.879Z] Error writing to Modbus register: A Modbus Exception Occurred - See Response Body
[2024-12-10T08:03:09.890Z] Error reading or processing Modbus registers: A Modbus Exception Occurred - See Response Body
[2024-12-10T08:03:09.893Z] Error reading register 6507 for IP 10.30.4.128: A Modbus Exception Occurred - See Response Body
[2024-12-10T08:03:09.894Z] Error reading actual data: A Modbus Exception Occurred - See Response Body
[2024-12-10T08:03:09.894Z] Error writing to Modbus register: A Modbus Exception Occurred - See Response Body
[2024-12-10T08:03:10.905Z] Error reading or processing Modbus registers: A Modbus Exception Occurred - See Response Body
[2024-12-10T08:03:10.907Z] Error reading register 6507 for IP 10.30.4.128: A Modbus Exception Occurred - See Response Body
[2024-12-10T08:03:10.908Z] Error reading actual data: A Modbus Exception Occurred - See Response Body
[2024-12-10T08:03:10.908Z] Error writing to Modbus register: A Modbus Exception Occurred - See Response Body
[2024-12-10T08:03:11.914Z] Error reading or processing Modbus registers: A Modbus Exception Occurred - See Response Body
[2024-12-10T08:03:11.916Z] Error reading register 6507 for IP 10.30.4.128: A Modbus Exception Occurred - See Response Body
[2024-12-10T08:03:11.917Z] Error reading actual data: A Modbus Exception Occurred - See Response Body
[2024-12-10T08:03:11.917Z] Error writing to Modbus register: A Modbus Exception Occurred - See Response Body
[2024-12-10T08:03:12.929Z] Error reading or processing Modbus registers: A Modbus Exception Occurred - See Response Body
[2024-12-10T08:03:12.931Z] Error reading register 6507 for IP 10.30.4.128: A Modbus Exception Occurred - See Response Body
[2024-12-10T08:03:12.932Z] Error reading actual data: A Modbus Exception Occurred - See Response Body
[2024-12-10T08:03:12.932Z] Error writing to Modbus register: A Modbus Exception Occurred - See Response Body
[2024-12-10T08:03:13.944Z] Error reading or processing Modbus registers: A Modbus Exception Occurred - See Response Body
[2024-12-10T08:03:13.946Z] Error reading register 6507 for IP 10.30.4.128: A Modbus Exception Occurred - See Response Body
[2024-12-10T08:03:13.946Z] Error reading actual data: A Modbus Exception Occurred - See Response Body
[2024-12-10T08:03:13.947Z] Error writing to Modbus register: A Modbus Exception Occurred - See Response Body
[2024-12-10T08:03:14.958Z] Error reading or processing Modbus registers: A Modbus Exception Occurred - See Response Body
[2024-12-10T08:03:14.962Z] Error reading register 6507 for IP 10.30.4.128: A Modbus Exception Occurred - See Response Body
[2024-12-10T08:03:14.963Z] Error reading actual data: A Modbus Exception Occurred - See Response Body
[2024-12-10T08:03:14.964Z] Error writing to Modbus register: A Modbus Exception Occurred - See Response Body
[2024-12-10T08:03:15.972Z] Error reading or processing Modbus registers: A Modbus Exception Occurred - See Response Body
[2024-12-10T08:03:15.974Z] Error reading register 6507 for IP 10.30.4.128: A Modbus Exception Occurred - See Response Body
[2024-12-10T08:03:15.975Z] Error reading actual data: A Modbus Exception Occurred - See Response Body
[2024-12-10T08:03:15.976Z] Error writing to Modbus register: A Modbus Exception Occurred - See Response Body
[2024-12-10T08:03:16.976Z] Error reading or processing Modbus registers: A Modbus Exception Occurred - See Response Body
[2024-12-10T08:03:16.979Z] Error reading register 6507 for IP 10.30.4.128: A Modbus Exception Occurred - See Response Body
[2024-12-10T08:03:16.979Z] Error reading actual data: A Modbus Exception Occurred - See Response Body
[2024-12-10T08:03:16.980Z] Error writing to Modbus register: A Modbus Exception Occurred - See Response Body
[2024-12-10T08:03:17.986Z] Error reading or processing Modbus registers: A Modbus Exception Occurred - See Response Body
[2024-12-10T08:03:17.988Z] Error reading register 6507 for IP 10.30.4.128: A Modbus Exception Occurred - See Response Body
[2024-12-10T08:03:17.989Z] Error reading actual data: A Modbus Exception Occurred - See Response Body
[2024-12-10T08:03:17.989Z] Error writing to Modbus register: A Modbus Exception Occurred - See Response Body
[2024-12-10T08:03:18.996Z] Error reading or processing Modbus registers: A Modbus Exception Occurred - See Response Body
[2024-12-10T08:03:18.999Z] Error reading register 6507 for IP 10.30.4.128: A Modbus Exception Occurred - See Response Body
[2024-12-10T08:03:19.000Z] Error reading actual data: A Modbus Exception Occurred - See Response Body
[2024-12-10T08:03:19.000Z] Error writing to Modbus register: A Modbus Exception Occurred - See Response Body
[2024-12-10T08:03:20.009Z] Error reading or processing Modbus registers: A Modbus Exception Occurred - See Response Body
[2024-12-10T08:03:20.012Z] Error reading register 6507 for IP 10.30.4.128: A Modbus Exception Occurred - See Response Body
[2024-12-10T08:03:20.013Z] Error reading actual data: A Modbus Exception Occurred - See Response Body
[2024-12-10T08:03:20.013Z] Error writing to Modbus register: A Modbus Exception Occurred - See Response Body
[2024-12-10T08:03:21.021Z] Error reading or processing Modbus registers: A Modbus Exception Occurred - See Response Body
[2024-12-10T08:03:21.025Z] Error reading register 6507 for IP 10.30.4.128: A Modbus Exception Occurred - See Response Body
[2024-12-10T08:03:21.026Z] Error reading actual data: A Modbus Exception Occurred - See Response Body
[2024-12-10T08:03:21.027Z] Error writing to Modbus register: A Modbus Exception Occurred - See Response Body
[2024-12-10T08:03:22.021Z] Error reading or processing Modbus registers: A Modbus Exception Occurred - See Response Body
[2024-12-10T08:03:22.023Z] Error reading register 6507 for IP 10.30.4.128: A Modbus Exception Occurred - See Response Body
[2024-12-10T08:03:22.024Z] Error reading actual data: A Modbus Exception Occurred - See Response Body
[2024-12-10T08:03:22.025Z] Error writing to Modbus register: A Modbus Exception Occurred - See Response Body
[2024-12-10T08:03:23.033Z] Error reading or processing Modbus registers: A Modbus Exception Occurred - See Response Body
[2024-12-10T08:03:23.035Z] Error reading register 6507 for IP 10.30.4.128: A Modbus Exception Occurred - See Response Body
[2024-12-10T08:03:23.036Z] Error reading actual data: A Modbus Exception Occurred - See Response Body
[2024-12-10T08:03:23.037Z] Error writing to Modbus register: A Modbus Exception Occurred - See Response Body
[2024-12-10T08:03:24.045Z] Error reading or processing Modbus registers: A Modbus Exception Occurred - See Response Body
[2024-12-10T08:03:24.047Z] Error reading register 6507 for IP 10.30.4.128: A Modbus Exception Occurred - See Response Body
[2024-12-10T08:03:24.048Z] Error reading actual data: A Modbus Exception Occurred - See Response Body
[2024-12-10T08:03:24.048Z] Error writing to Modbus register: A Modbus Exception Occurred - See Response Body
[2024-12-10T08:03:25.046Z] Error reading or processing Modbus registers: A Modbus Exception Occurred - See Response Body
[2024-12-10T08:03:25.049Z] Error reading register 6507 for IP 10.30.4.128: A Modbus Exception Occurred - See Response Body
[2024-12-10T08:03:25.050Z] Error reading actual data: A Modbus Exception Occurred - See Response Body
[2024-12-10T08:03:25.050Z] Error writing to Modbus register: A Modbus Exception Occurred - See Response Body
[2024-12-10T08:03:26.059Z] Error reading or processing Modbus registers: A Modbus Exception Occurred - See Response Body
[2024-12-10T08:03:26.061Z] Error reading register 6507 for IP 10.30.4.128: A Modbus Exception Occurred - See Response Body
[2024-12-10T08:03:26.062Z] Error reading actual data: A Modbus Exception Occurred - See Response Body
[2024-12-10T08:03:26.063Z] Error writing to Modbus register: A Modbus Exception Occurred - See Response Body
[2024-12-10T08:03:27.073Z] Error reading or processing Modbus registers: A Modbus Exception Occurred - See Response Body
[2024-12-10T08:03:27.075Z] Error reading register 6507 for IP 10.30.4.128: A Modbus Exception Occurred - See Response Body
[2024-12-10T08:03:27.075Z] Error reading actual data: A Modbus Exception Occurred - See Response Body
[2024-12-10T08:03:27.076Z] Error writing to Modbus register: A Modbus Exception Occurred - See Response Body
[2024-12-10T08:03:28.086Z] Error reading or processing Modbus registers: A Modbus Exception Occurred - See Response Body
[2024-12-10T08:03:28.088Z] Error reading register 6507 for IP 10.30.4.128: A Modbus Exception Occurred - See Response Body
[2024-12-10T08:03:28.088Z] Error reading actual data: A Modbus Exception Occurred - See Response Body
[2024-12-10T08:03:28.089Z] Error writing to Modbus register: A Modbus Exception Occurred - See Response Body
[2024-12-10T08:03:29.086Z] Error reading or processing Modbus registers: A Modbus Exception Occurred - See Response Body
[2024-12-10T08:03:29.088Z] Error reading register 6507 for IP 10.30.4.128: A Modbus Exception Occurred - See Response Body
[2024-12-10T08:03:29.089Z] Error reading actual data: A Modbus Exception Occurred - See Response Body
[2024-12-10T08:03:29.090Z] Error writing to Modbus register: A Modbus Exception Occurred - See Response Body
[2024-12-10T08:03:30.098Z] Error reading or processing Modbus registers: A Modbus Exception Occurred - See Response Body
[2024-12-10T08:03:30.100Z] Error reading register 6507 for IP 10.30.4.128: A Modbus Exception Occurred - See Response Body
[2024-12-10T08:03:30.101Z] Error reading actual data: A Modbus Exception Occurred - See Response Body
[2024-12-10T08:03:30.101Z] Error writing to Modbus register: A Modbus Exception Occurred - See Response Body
[2024-12-10T08:03:31.109Z] Error reading or processing Modbus registers: A Modbus Exception Occurred - See Response Body
[2024-12-10T08:03:31.111Z] Error reading register 6507 for IP 10.30.4.128: A Modbus Exception Occurred - See Response Body
[2024-12-10T08:03:31.111Z] Error reading actual data: A Modbus Exception Occurred - See Response Body
[2024-12-10T08:03:31.112Z] Error writing to Modbus register: A Modbus Exception Occurred - See Response Body
[2024-12-10T08:03:32.110Z] Error reading or processing Modbus registers: A Modbus Exception Occurred - See Response Body
[2024-12-10T08:03:32.112Z] Error reading register 6507 for IP 10.30.4.128: A Modbus Exception Occurred - See Response Body
[2024-12-10T08:03:32.112Z] Error reading actual data: A Modbus Exception Occurred - See Response Body
[2024-12-10T08:03:32.113Z] Error writing to Modbus register: A Modbus Exception Occurred - See Response Body
[2024-12-10T08:03:33.119Z] Error reading or processing Modbus registers: A Modbus Exception Occurred - See Response Body
[2024-12-10T08:03:33.121Z] Error reading register 6507 for IP 10.30.4.128: A Modbus Exception Occurred - See Response Body
[2024-12-10T08:03:33.122Z] Error reading actual data: A Modbus Exception Occurred - See Response Body
[2024-12-10T08:03:33.122Z] Error writing to Modbus register: A Modbus Exception Occurred - See Response Body
[2024-12-10T08:03:34.123Z] Error reading or processing Modbus registers: A Modbus Exception Occurred - See Response Body
[2024-12-10T08:03:34.125Z] Error reading register 6507 for IP 10.30.4.128: A Modbus Exception Occurred - See Response Body
[2024-12-10T08:03:34.125Z] Error reading actual data: A Modbus Exception Occurred - See Response Body
[2024-12-10T08:03:34.126Z] Error writing to Modbus register: A Modbus Exception Occurred - See Response Body
[2024-12-10T08:03:35.137Z] Error reading or processing Modbus registers: A Modbus Exception Occurred - See Response Body
[2024-12-10T08:03:35.140Z] Error reading register 6507 for IP 10.30.4.128: A Modbus Exception Occurred - See Response Body
[2024-12-10T08:03:35.140Z] Error reading actual data: A Modbus Exception Occurred - See Response Body
[2024-12-10T08:03:35.141Z] Error writing to Modbus register: A Modbus Exception Occurred - See Response Body
[2024-12-10T08:03:36.149Z] Error reading or processing Modbus registers: A Modbus Exception Occurred - See Response Body
[2024-12-10T08:03:36.151Z] Error reading register 6507 for IP 10.30.4.128: A Modbus Exception Occurred - See Response Body
[2024-12-10T08:03:36.152Z] Error reading actual data: A Modbus Exception Occurred - See Response Body
[2024-12-10T08:03:36.153Z] Error writing to Modbus register: A Modbus Exception Occurred - See Response Body
[2024-12-10T08:03:37.157Z] Error reading or processing Modbus registers: A Modbus Exception Occurred - See Response Body
[2024-12-10T08:03:37.161Z] Error reading register 6507 for IP 10.30.4.128: A Modbus Exception Occurred - See Response Body
[2024-12-10T08:03:37.162Z] Error reading actual data: A Modbus Exception Occurred - See Response Body
[2024-12-10T08:03:37.163Z] Error writing to Modbus register: A Modbus Exception Occurred - See Response Body
[2024-12-10T08:03:38.172Z] Error reading or processing Modbus registers: A Modbus Exception Occurred - See Response Body
[2024-12-10T08:03:38.174Z] Error reading register 6507 for IP 10.30.4.128: A Modbus Exception Occurred - See Response Body
[2024-12-10T08:03:38.175Z] Error reading actual data: A Modbus Exception Occurred - See Response Body
[2024-12-10T08:03:38.175Z] Error writing to Modbus register: A Modbus Exception Occurred - See Response Body
[2024-12-10T08:03:39.184Z] Error reading or processing Modbus registers: A Modbus Exception Occurred - See Response Body
[2024-12-10T08:03:39.186Z] Error reading register 6507 for IP 10.30.4.128: A Modbus Exception Occurred - See Response Body
[2024-12-10T08:03:39.186Z] Error reading actual data: A Modbus Exception Occurred - See Response Body
[2024-12-10T08:03:39.187Z] Error writing to Modbus register: A Modbus Exception Occurred - See Response Body
[2024-12-10T08:03:40.193Z] Error reading or processing Modbus registers: A Modbus Exception Occurred - See Response Body
[2024-12-10T08:03:40.196Z] Error reading register 6507 for IP 10.30.4.128: A Modbus Exception Occurred - See Response Body
[2024-12-10T08:03:40.196Z] Error reading actual data: A Modbus Exception Occurred - See Response Body
[2024-12-10T08:03:40.197Z] Error writing to Modbus register: A Modbus Exception Occurred - See Response Body
[2024-12-10T08:03:41.198Z] Error reading or processing Modbus registers: A Modbus Exception Occurred - See Response Body
[2024-12-10T08:03:41.201Z] Error reading register 6507 for IP 10.30.4.128: A Modbus Exception Occurred - See Response Body
[2024-12-10T08:03:41.202Z] Error reading actual data: A Modbus Exception Occurred - See Response Body
[2024-12-10T08:03:41.202Z] Error writing to Modbus register: A Modbus Exception Occurred - See Response Body
[2024-12-10T08:03:42.211Z] Error reading or processing Modbus registers: A Modbus Exception Occurred - See Response Body
[2024-12-10T08:03:42.215Z] Error reading register 6507 for IP 10.30.4.128: A Modbus Exception Occurred - See Response Body
[2024-12-10T08:03:42.216Z] Error reading actual data: A Modbus Exception Occurred - See Response Body
[2024-12-10T08:03:42.217Z] Error writing to Modbus register: A Modbus Exception Occurred - See Response Body
[2024-12-10T08:03:43.224Z] Error reading or processing Modbus registers: A Modbus Exception Occurred - See Response Body
[2024-12-10T08:03:43.226Z] Error reading register 6507 for IP 10.30.4.128: A Modbus Exception Occurred - See Response Body
[2024-12-10T08:03:43.228Z] Error reading actual data: A Modbus Exception Occurred - See Response Body
[2024-12-10T08:03:43.228Z] Error writing to Modbus register: A Modbus Exception Occurred - See Response Body
[2024-12-10T08:03:44.237Z] Error reading or processing Modbus registers: A Modbus Exception Occurred - See Response Body
[2024-12-10T08:03:44.241Z] Error reading register 6507 for IP 10.30.4.128: A Modbus Exception Occurred - See Response Body
[2024-12-10T08:03:44.242Z] Error reading actual data: A Modbus Exception Occurred - See Response Body
[2024-12-10T08:03:44.243Z] Error writing to Modbus register: A Modbus Exception Occurred - See Response Body
[2024-12-10T08:03:45.251Z] Error reading or processing Modbus registers: A Modbus Exception Occurred - See Response Body
[2024-12-10T08:03:45.254Z] Error reading register 6507 for IP 10.30.4.128: A Modbus Exception Occurred - See Response Body
[2024-12-10T08:03:45.255Z] Error reading actual data: A Modbus Exception Occurred - See Response Body
[2024-12-10T08:03:45.255Z] Error writing to Modbus register: A Modbus Exception Occurred - See Response Body
[2024-12-10T08:03:46.262Z] Error reading or processing Modbus registers: A Modbus Exception Occurred - See Response Body
[2024-12-10T08:03:46.265Z] Error reading register 6507 for IP 10.30.4.128: A Modbus Exception Occurred - See Response Body
[2024-12-10T08:03:46.265Z] Error reading actual data: A Modbus Exception Occurred - See Response Body
[2024-12-10T08:03:46.266Z] Error writing to Modbus register: A Modbus Exception Occurred - See Response Body
[2024-12-10T08:03:47.274Z] Error reading or processing Modbus registers: A Modbus Exception Occurred - See Response Body
[2024-12-10T08:03:47.276Z] Error reading register 6507 for IP 10.30.4.128: A Modbus Exception Occurred - See Response Body
[2024-12-10T08:03:47.277Z] Error reading actual data: A Modbus Exception Occurred - See Response Body
[2024-12-10T08:03:47.277Z] Error writing to Modbus register: A Modbus Exception Occurred - See Response Body
[2024-12-10T08:03:48.273Z] Error reading or processing Modbus registers: A Modbus Exception Occurred - See Response Body
[2024-12-10T08:03:48.276Z] Error reading register 6507 for IP 10.30.4.128: A Modbus Exception Occurred - See Response Body
[2024-12-10T08:03:48.276Z] Error reading actual data: A Modbus Exception Occurred - See Response Body
[2024-12-10T08:03:48.277Z] Error writing to Modbus register: A Modbus Exception Occurred - See Response Body
[2024-12-10T08:03:49.287Z] Error reading or processing Modbus registers: A Modbus Exception Occurred - See Response Body
[2024-12-10T08:03:49.289Z] Error reading register 6507 for IP 10.30.4.128: A Modbus Exception Occurred - See Response Body
[2024-12-10T08:03:49.290Z] Error reading actual data: A Modbus Exception Occurred - See Response Body
[2024-12-10T08:03:49.291Z] Error writing to Modbus register: A Modbus Exception Occurred - See Response Body
[2024-12-10T08:03:50.300Z] Error reading or processing Modbus registers: A Modbus Exception Occurred - See Response Body
[2024-12-10T08:03:50.304Z] Error reading register 6507 for IP 10.30.4.128: A Modbus Exception Occurred - See Response Body
[2024-12-10T08:03:50.304Z] Error reading actual data: A Modbus Exception Occurred - See Response Body
[2024-12-10T08:03:50.305Z] Error writing to Modbus register: A Modbus Exception Occurred - See Response Body
[2024-12-10T08:03:51.312Z] Error reading or processing Modbus registers: A Modbus Exception Occurred - See Response Body
[2024-12-10T08:03:51.317Z] Error reading register 6507 for IP 10.30.4.128: A Modbus Exception Occurred - See Response Body
[2024-12-10T08:03:51.318Z] Error reading actual data: A Modbus Exception Occurred - See Response Body
[2024-12-10T08:03:51.318Z] Error writing to Modbus register: A Modbus Exception Occurred - See Response Body
[2024-12-10T08:03:52.314Z] Error reading or processing Modbus registers: A Modbus Exception Occurred - See Response Body
[2024-12-10T08:03:52.316Z] Error reading register 6507 for IP 10.30.4.128: A Modbus Exception Occurred - See Response Body
[2024-12-10T08:03:52.317Z] Error reading actual data: A Modbus Exception Occurred - See Response Body
[2024-12-10T08:03:52.317Z] Error writing to Modbus register: A Modbus Exception Occurred - See Response Body
[2024-12-10T08:03:53.329Z] Error reading or processing Modbus registers: A Modbus Exception Occurred - See Response Body
[2024-12-10T08:03:53.331Z] Error reading register 6507 for IP 10.30.4.128: A Modbus Exception Occurred - See Response Body
[2024-12-10T08:03:53.332Z] Error reading actual data: A Modbus Exception Occurred - See Response Body
[2024-12-10T08:03:53.332Z] Error writing to Modbus register: A Modbus Exception Occurred - See Response Body
[2024-12-10T08:03:54.339Z] Error reading or processing Modbus registers: A Modbus Exception Occurred - See Response Body
[2024-12-10T08:03:54.341Z] Error reading register 6507 for IP 10.30.4.128: A Modbus Exception Occurred - See Response Body
[2024-12-10T08:03:54.342Z] Error reading actual data: A Modbus Exception Occurred - See Response Body
[2024-12-10T08:03:54.342Z] Error writing to Modbus register: A Modbus Exception Occurred - See Response Body
[2024-12-10T08:03:55.352Z] Error reading or processing Modbus registers: A Modbus Exception Occurred - See Response Body
[2024-12-10T08:03:55.354Z] Error reading register 6507 for IP 10.30.4.128: A Modbus Exception Occurred - See Response Body
[2024-12-10T08:03:55.355Z] Error reading actual data: A Modbus Exception Occurred - See Response Body
[2024-12-10T08:03:55.355Z] Error writing to Modbus register: A Modbus Exception Occurred - See Response Body
[2024-12-10T08:03:56.366Z] Error reading or processing Modbus registers: A Modbus Exception Occurred - See Response Body
[2024-12-10T08:03:56.370Z] Error reading register 6507 for IP 10.30.4.128: A Modbus Exception Occurred - See Response Body
[2024-12-10T08:03:56.370Z] Error reading actual data: A Modbus Exception Occurred - See Response Body
[2024-12-10T08:03:56.371Z] Error writing to Modbus register: A Modbus Exception Occurred - See Response Body
[2024-12-10T08:03:57.382Z] Error reading or processing Modbus registers: A Modbus Exception Occurred - See Response Body
[2024-12-10T08:03:57.385Z] Error reading register 6507 for IP 10.30.4.128: A Modbus Exception Occurred - See Response Body
[2024-12-10T08:03:57.386Z] Error reading actual data: A Modbus Exception Occurred - See Response Body
[2024-12-10T08:03:57.386Z] Error writing to Modbus register: A Modbus Exception Occurred - See Response Body
[2024-12-10T08:03:58.395Z] Error reading or processing Modbus registers: A Modbus Exception Occurred - See Response Body
[2024-12-10T08:03:58.398Z] Error reading register 6507 for IP 10.30.4.128: A Modbus Exception Occurred - See Response Body
[2024-12-10T08:03:58.399Z] Error reading actual data: A Modbus Exception Occurred - See Response Body
[2024-12-10T08:03:58.399Z] Error writing to Modbus register: A Modbus Exception Occurred - See Response Body
[2024-12-10T08:03:59.398Z] Error reading or processing Modbus registers: A Modbus Exception Occurred - See Response Body
[2024-12-10T08:03:59.400Z] Error reading register 6507 for IP 10.30.4.128: A Modbus Exception Occurred - See Response Body
[2024-12-10T08:03:59.401Z] Error reading actual data: A Modbus Exception Occurred - See Response Body
[2024-12-10T08:03:59.401Z] Error writing to Modbus register: A Modbus Exception Occurred - See Response Body
[2024-12-10T08:04:00.410Z] Error reading or processing Modbus registers: A Modbus Exception Occurred - See Response Body
[2024-12-10T08:04:00.413Z] Error reading register 6507 for IP 10.30.4.128: A Modbus Exception Occurred - See Response Body
[2024-12-10T08:04:00.414Z] Error reading actual data: A Modbus Exception Occurred - See Response Body
[2024-12-10T08:04:00.414Z] Error writing to Modbus register: A Modbus Exception Occurred - See Response Body
[2024-12-10T08:04:01.425Z] Error reading or processing Modbus registers: A Modbus Exception Occurred - See Response Body
[2024-12-10T08:04:01.428Z] Error reading register 6507 for IP 10.30.4.128: A Modbus Exception Occurred - See Response Body
[2024-12-10T08:04:01.429Z] Error reading actual data: A Modbus Exception Occurred - See Response Body
[2024-12-10T08:04:01.430Z] Error writing to Modbus register: A Modbus Exception Occurred - See Response Body
[2024-12-10T08:04:02.434Z] Error reading or processing Modbus registers: A Modbus Exception Occurred - See Response Body
[2024-12-10T08:04:02.436Z] Error reading register 6507 for IP 10.30.4.128: A Modbus Exception Occurred - See Response Body
[2024-12-10T08:04:02.437Z] Error reading actual data: A Modbus Exception Occurred - See Response Body
[2024-12-10T08:04:02.438Z] Error writing to Modbus register: A Modbus Exception Occurred - See Response Body
[2024-12-10T08:04:03.449Z] Error reading or processing Modbus registers: A Modbus Exception Occurred - See Response Body
[2024-12-10T08:04:03.450Z] Error reading register 6507 for IP 10.30.4.128: A Modbus Exception Occurred - See Response Body
[2024-12-10T08:04:03.451Z] Error reading actual data: A Modbus Exception Occurred - See Response Body
[2024-12-10T08:04:03.452Z] Error writing to Modbus register: A Modbus Exception Occurred - See Response Body
[2024-12-10T08:04:04.453Z] Error reading or processing Modbus registers: A Modbus Exception Occurred - See Response Body
[2024-12-10T08:04:04.455Z] Error reading register 6507 for IP 10.30.4.128: A Modbus Exception Occurred - See Response Body
[2024-12-10T08:04:04.456Z] Error reading actual data: A Modbus Exception Occurred - See Response Body
[2024-12-10T08:04:04.458Z] Error writing to Modbus register: A Modbus Exception Occurred - See Response Body
[2024-12-10T08:04:05.465Z] Error reading or processing Modbus registers: A Modbus Exception Occurred - See Response Body
[2024-12-10T08:04:05.467Z] Error reading register 6507 for IP 10.30.4.128: A Modbus Exception Occurred - See Response Body
[2024-12-10T08:04:05.468Z] Error reading actual data: A Modbus Exception Occurred - See Response Body
[2024-12-10T08:04:05.468Z] Error writing to Modbus register: A Modbus Exception Occurred - See Response Body
[2024-12-10T08:04:06.476Z] Error reading or processing Modbus registers: A Modbus Exception Occurred - See Response Body
[2024-12-10T08:04:06.478Z] Error reading register 6507 for IP 10.30.4.128: A Modbus Exception Occurred - See Response Body
[2024-12-10T08:04:06.479Z] Error reading actual data: A Modbus Exception Occurred - See Response Body
[2024-12-10T08:04:06.480Z] Error writing to Modbus register: A Modbus Exception Occurred - See Response Body
[2024-12-10T08:04:07.478Z] Error reading or processing Modbus registers: A Modbus Exception Occurred - See Response Body
[2024-12-10T08:04:07.481Z] Error reading register 6507 for IP 10.30.4.128: A Modbus Exception Occurred - See Response Body
[2024-12-10T08:04:07.481Z] Error reading actual data: A Modbus Exception Occurred - See Response Body
[2024-12-10T08:04:07.482Z] Error writing to Modbus register: A Modbus Exception Occurred - See Response Body
[2024-12-10T08:04:08.490Z] Error reading or processing Modbus registers: A Modbus Exception Occurred - See Response Body
[2024-12-10T08:04:08.492Z] Error reading register 6507 for IP 10.30.4.128: A Modbus Exception Occurred - See Response Body
[2024-12-10T08:04:08.493Z] Error reading actual data: A Modbus Exception Occurred - See Response Body
[2024-12-10T08:04:08.494Z] Error writing to Modbus register: A Modbus Exception Occurred - See Response Body
[2024-12-10T08:04:09.500Z] Error reading or processing Modbus registers: A Modbus Exception Occurred - See Response Body
[2024-12-10T08:04:09.503Z] Error reading register 6507 for IP 10.30.4.128: A Modbus Exception Occurred - See Response Body
[2024-12-10T08:04:09.503Z] Error reading actual data: A Modbus Exception Occurred - See Response Body
[2024-12-10T08:04:09.504Z] Error writing to Modbus register: A Modbus Exception Occurred - See Response Body
[2024-12-10T08:04:10.515Z] Error reading or processing Modbus registers: A Modbus Exception Occurred - See Response Body
[2024-12-10T08:04:10.518Z] Error reading register 6507 for IP 10.30.4.128: A Modbus Exception Occurred - See Response Body
[2024-12-10T08:04:10.518Z] Error reading actual data: A Modbus Exception Occurred - See Response Body
[2024-12-10T08:04:10.519Z] Error writing to Modbus register: A Modbus Exception Occurred - See Response Body
[2024-12-10T08:04:11.528Z] Error reading or processing Modbus registers: A Modbus Exception Occurred - See Response Body
[2024-12-10T08:04:11.530Z] Error reading register 6507 for IP 10.30.4.128: A Modbus Exception Occurred - See Response Body
[2024-12-10T08:04:11.531Z] Error reading actual data: A Modbus Exception Occurred - See Response Body
[2024-12-10T08:04:11.534Z] Error writing to Modbus register: A Modbus Exception Occurred - See Response Body
[2024-12-10T08:04:12.541Z] Error reading or processing Modbus registers: A Modbus Exception Occurred - See Response Body
[2024-12-10T08:04:12.544Z] Error reading register 6507 for IP 10.30.4.128: A Modbus Exception Occurred - See Response Body
[2024-12-10T08:04:12.545Z] Error reading actual data: A Modbus Exception Occurred - See Response Body
[2024-12-10T08:04:12.545Z] Error writing to Modbus register: A Modbus Exception Occurred - See Response Body
[2024-12-10T08:04:13.555Z] Error reading or processing Modbus registers: A Modbus Exception Occurred - See Response Body
[2024-12-10T08:04:13.557Z] Error reading register 6507 for IP 10.30.4.128: A Modbus Exception Occurred - See Response Body
[2024-12-10T08:04:13.557Z] Error reading actual data: A Modbus Exception Occurred - See Response Body
[2024-12-10T08:04:13.558Z] Error writing to Modbus register: A Modbus Exception Occurred - See Response Body
[2024-12-10T08:04:14.566Z] Error reading or processing Modbus registers: A Modbus Exception Occurred - See Response Body
[2024-12-10T08:04:14.570Z] Error reading register 6507 for IP 10.30.4.128: A Modbus Exception Occurred - See Response Body
[2024-12-10T08:04:14.570Z] Error reading actual data: A Modbus Exception Occurred - See Response Body
[2024-12-10T08:04:14.571Z] Error writing to Modbus register: A Modbus Exception Occurred - See Response Body
[2024-12-10T08:04:15.578Z] Error reading or processing Modbus registers: A Modbus Exception Occurred - See Response Body
[2024-12-10T08:04:15.580Z] Error reading register 6507 for IP 10.30.4.128: A Modbus Exception Occurred - See Response Body
[2024-12-10T08:04:15.581Z] Error reading actual data: A Modbus Exception Occurred - See Response Body
[2024-12-10T08:04:15.582Z] Error writing to Modbus register: A Modbus Exception Occurred - See Response Body
[2024-12-10T08:04:16.583Z] Error reading or processing Modbus registers: A Modbus Exception Occurred - See Response Body
[2024-12-10T08:04:16.585Z] Error reading register 6507 for IP 10.30.4.128: A Modbus Exception Occurred - See Response Body
[2024-12-10T08:04:16.585Z] Error reading actual data: A Modbus Exception Occurred - See Response Body
[2024-12-10T08:04:16.586Z] Error writing to Modbus register: A Modbus Exception Occurred - See Response Body
[2024-12-10T08:04:17.594Z] Error reading or processing Modbus registers: A Modbus Exception Occurred - See Response Body
[2024-12-10T08:04:17.596Z] Error reading register 6507 for IP 10.30.4.128: A Modbus Exception Occurred - See Response Body
[2024-12-10T08:04:17.596Z] Error reading actual data: A Modbus Exception Occurred - See Response Body
[2024-12-10T08:04:17.597Z] Error writing to Modbus register: A Modbus Exception Occurred - See Response Body
[2024-12-10T08:04:18.595Z] Error reading or processing Modbus registers: A Modbus Exception Occurred - See Response Body
[2024-12-10T08:04:18.597Z] Error reading register 6507 for IP 10.30.4.128: A Modbus Exception Occurred - See Response Body
[2024-12-10T08:04:18.598Z] Error reading actual data: A Modbus Exception Occurred - See Response Body
[2024-12-10T08:04:18.598Z] Error writing to Modbus register: A Modbus Exception Occurred - See Response Body
[2024-12-10T08:04:19.605Z] Error reading or processing Modbus registers: A Modbus Exception Occurred - See Response Body
[2024-12-10T08:04:19.608Z] Error reading register 6507 for IP 10.30.4.128: A Modbus Exception Occurred - See Response Body
[2024-12-10T08:04:19.611Z] Error reading actual data: A Modbus Exception Occurred - See Response Body
[2024-12-10T08:04:19.613Z] Error writing to Modbus register: A Modbus Exception Occurred - See Response Body
[2024-12-10T08:04:20.621Z] Error reading or processing Modbus registers: A Modbus Exception Occurred - See Response Body
[2024-12-10T08:04:20.624Z] Error reading register 6507 for IP 10.30.4.128: A Modbus Exception Occurred - See Response Body
[2024-12-10T08:04:20.625Z] Error reading actual data: A Modbus Exception Occurred - See Response Body
[2024-12-10T08:04:20.625Z] Error writing to Modbus register: A Modbus Exception Occurred - See Response Body
[2024-12-10T08:04:21.631Z] Error reading or processing Modbus registers: A Modbus Exception Occurred - See Response Body
[2024-12-10T08:04:21.633Z] Error reading register 6507 for IP 10.30.4.128: A Modbus Exception Occurred - See Response Body
[2024-12-10T08:04:21.633Z] Error reading actual data: A Modbus Exception Occurred - See Response Body
[2024-12-10T08:04:21.634Z] Error writing to Modbus register: A Modbus Exception Occurred - See Response Body
[2024-12-10T08:04:22.641Z] Error reading or processing Modbus registers: A Modbus Exception Occurred - See Response Body
[2024-12-10T08:04:22.645Z] Error reading register 6507 for IP 10.30.4.128: A Modbus Exception Occurred - See Response Body
[2024-12-10T08:04:22.646Z] Error reading actual data: A Modbus Exception Occurred - See Response Body
[2024-12-10T08:04:22.646Z] Error writing to Modbus register: A Modbus Exception Occurred - See Response Body
[2024-12-10T08:04:23.654Z] Error reading or processing Modbus registers: A Modbus Exception Occurred - See Response Body
[2024-12-10T08:04:23.656Z] Error reading register 6507 for IP 10.30.4.128: A Modbus Exception Occurred - See Response Body
[2024-12-10T08:04:23.657Z] Error reading actual data: A Modbus Exception Occurred - See Response Body
[2024-12-10T08:04:23.658Z] Error writing to Modbus register: A Modbus Exception Occurred - See Response Body
[2024-12-10T08:04:24.654Z] Error reading or processing Modbus registers: A Modbus Exception Occurred - See Response Body
[2024-12-10T08:04:24.656Z] Error reading register 6507 for IP 10.30.4.128: A Modbus Exception Occurred - See Response Body
[2024-12-10T08:04:24.657Z] Error reading actual data: A Modbus Exception Occurred - See Response Body
[2024-12-10T08:04:24.658Z] Error writing to Modbus register: A Modbus Exception Occurred - See Response Body
[2024-12-10T08:04:25.667Z] Error reading or processing Modbus registers: A Modbus Exception Occurred - See Response Body
[2024-12-10T08:04:25.669Z] Error reading register 6507 for IP 10.30.4.128: A Modbus Exception Occurred - See Response Body
[2024-12-10T08:04:25.669Z] Error reading actual data: A Modbus Exception Occurred - See Response Body
[2024-12-10T08:04:25.670Z] Error writing to Modbus register: A Modbus Exception Occurred - See Response Body
[2024-12-10T08:04:26.679Z] Error reading or processing Modbus registers: A Modbus Exception Occurred - See Response Body
[2024-12-10T08:04:26.681Z] Error reading register 6507 for IP 10.30.4.128: A Modbus Exception Occurred - See Response Body
[2024-12-10T08:04:26.682Z] Error reading actual data: A Modbus Exception Occurred - See Response Body
[2024-12-10T08:04:26.683Z] Error writing to Modbus register: A Modbus Exception Occurred - See Response Body
[2024-12-10T08:04:27.680Z] Error reading or processing Modbus registers: A Modbus Exception Occurred - See Response Body
[2024-12-10T08:04:27.683Z] Error reading register 6507 for IP 10.30.4.128: A Modbus Exception Occurred - See Response Body
[2024-12-10T08:04:27.684Z] Error reading actual data: A Modbus Exception Occurred - See Response Body
[2024-12-10T08:04:27.684Z] Error writing to Modbus register: A Modbus Exception Occurred - See Response Body
[2024-12-10T08:04:28.695Z] Error reading or processing Modbus registers: A Modbus Exception Occurred - See Response Body
[2024-12-10T08:04:28.697Z] Error reading register 6507 for IP 10.30.4.128: A Modbus Exception Occurred - See Response Body
[2024-12-10T08:04:28.697Z] Error reading actual data: A Modbus Exception Occurred - See Response Body
[2024-12-10T08:04:28.698Z] Error writing to Modbus register: A Modbus Exception Occurred - See Response Body
[2024-12-10T08:04:29.704Z] Error reading or processing Modbus registers: A Modbus Exception Occurred - See Response Body
[2024-12-10T08:04:29.706Z] Error reading register 6507 for IP 10.30.4.128: A Modbus Exception Occurred - See Response Body
[2024-12-10T08:04:29.707Z] Error reading actual data: A Modbus Exception Occurred - See Response Body
[2024-12-10T08:04:29.709Z] Error writing to Modbus register: A Modbus Exception Occurred - See Response Body
[2024-12-10T08:04:30.705Z] Error reading or processing Modbus registers: A Modbus Exception Occurred - See Response Body
[2024-12-10T08:04:30.708Z] Error reading register 6507 for IP 10.30.4.128: A Modbus Exception Occurred - See Response Body
[2024-12-10T08:04:30.709Z] Error reading actual data: A Modbus Exception Occurred - See Response Body
[2024-12-10T08:04:30.709Z] Error writing to Modbus register: A Modbus Exception Occurred - See Response Body
[2024-12-10T08:04:31.706Z] Error reading or processing Modbus registers: A Modbus Exception Occurred - See Response Body
[2024-12-10T08:04:31.725Z] Error reading register 6507 for IP 10.30.4.128: A Modbus Exception Occurred - See Response Body
[2024-12-10T08:04:31.725Z] Error reading actual data: A Modbus Exception Occurred - See Response Body
[2024-12-10T08:04:31.726Z] Error writing to Modbus register: A Modbus Exception Occurred - See Response Body
[2024-12-10T08:04:32.718Z] Error reading or processing Modbus registers: A Modbus Exception Occurred - See Response Body
[2024-12-10T08:04:32.721Z] Error reading register 6507 for IP 10.30.4.128: A Modbus Exception Occurred - See Response Body
[2024-12-10T08:04:32.721Z] Error reading actual data: A Modbus Exception Occurred - See Response Body
[2024-12-10T08:04:32.722Z] Error writing to Modbus register: A Modbus Exception Occurred - See Response Body
[2024-12-10T08:04:33.730Z] Error reading or processing Modbus registers: A Modbus Exception Occurred - See Response Body
[2024-12-10T08:04:33.732Z] Error reading register 6507 for IP 10.30.4.128: A Modbus Exception Occurred - See Response Body
[2024-12-10T08:04:33.733Z] Error reading actual data: A Modbus Exception Occurred - See Response Body
[2024-12-10T08:04:33.733Z] Error writing to Modbus register: A Modbus Exception Occurred - See Response Body
[2024-12-10T08:04:34.743Z] Error reading or processing Modbus registers: A Modbus Exception Occurred - See Response Body
[2024-12-10T08:04:34.749Z] Error reading register 6507 for IP 10.30.4.128: A Modbus Exception Occurred - See Response Body
[2024-12-10T08:04:34.751Z] Error reading actual data: A Modbus Exception Occurred - See Response Body
[2024-12-10T08:04:34.751Z] Error writing to Modbus register: A Modbus Exception Occurred - See Response Body
[2024-12-10T08:04:35.754Z] Error reading or processing Modbus registers: A Modbus Exception Occurred - See Response Body
[2024-12-10T08:04:35.756Z] Error reading register 6507 for IP 10.30.4.128: A Modbus Exception Occurred - See Response Body
[2024-12-10T08:04:35.756Z] Error reading actual data: A Modbus Exception Occurred - See Response Body
[2024-12-10T08:04:35.757Z] Error writing to Modbus register: A Modbus Exception Occurred - See Response Body
[2024-12-10T08:04:36.767Z] Error reading or processing Modbus registers: A Modbus Exception Occurred - See Response Body
[2024-12-10T08:04:36.769Z] Error reading register 6507 for IP 10.30.4.128: A Modbus Exception Occurred - See Response Body
[2024-12-10T08:04:36.770Z] Error reading actual data: A Modbus Exception Occurred - See Response Body
[2024-12-10T08:04:36.770Z] Error writing to Modbus register: A Modbus Exception Occurred - See Response Body
[2024-12-10T08:04:37.781Z] Error reading or processing Modbus registers: A Modbus Exception Occurred - See Response Body
[2024-12-10T08:04:37.783Z] Error reading register 6507 for IP 10.30.4.128: A Modbus Exception Occurred - See Response Body
[2024-12-10T08:04:37.785Z] Error writing to Modbus register: A Modbus Exception Occurred - See Response Body
[2024-12-10T08:04:37.784Z] Error reading actual data: A Modbus Exception Occurred - See Response Body
[2024-12-10T08:04:38.795Z] Error reading or processing Modbus registers: A Modbus Exception Occurred - See Response Body
[2024-12-10T08:04:38.797Z] Error reading register 6507 for IP 10.30.4.128: A Modbus Exception Occurred - See Response Body
[2024-12-10T08:04:38.798Z] Error reading actual data: A Modbus Exception Occurred - See Response Body
[2024-12-10T08:04:38.798Z] Error writing to Modbus register: A Modbus Exception Occurred - See Response Body
[2024-12-10T08:04:39.810Z] Error reading or processing Modbus registers: A Modbus Exception Occurred - See Response Body
[2024-12-10T08:04:39.812Z] Error reading register 6507 for IP 10.30.4.128: A Modbus Exception Occurred - See Response Body
[2024-12-10T08:04:39.813Z] Error reading actual data: A Modbus Exception Occurred - See Response Body
[2024-12-10T08:04:39.815Z] Error writing to Modbus register: A Modbus Exception Occurred - See Response Body
[2024-12-10T08:04:40.814Z] Error reading or processing Modbus registers: A Modbus Exception Occurred - See Response Body
[2024-12-10T08:04:40.816Z] Error reading register 6507 for IP 10.30.4.128: A Modbus Exception Occurred - See Response Body
[2024-12-10T08:04:40.817Z] Error reading actual data: A Modbus Exception Occurred - See Response Body
[2024-12-10T08:04:40.818Z] Error writing to Modbus register: A Modbus Exception Occurred - See Response Body
[2024-12-10T08:04:41.825Z] Error reading or processing Modbus registers: A Modbus Exception Occurred - See Response Body
[2024-12-10T08:04:41.828Z] Error reading register 6507 for IP 10.30.4.128: A Modbus Exception Occurred - See Response Body
[2024-12-10T08:04:41.828Z] Error reading actual data: A Modbus Exception Occurred - See Response Body
[2024-12-10T08:04:41.829Z] Error writing to Modbus register: A Modbus Exception Occurred - See Response Body
[2024-12-10T08:04:42.840Z] Error reading or processing Modbus registers: A Modbus Exception Occurred - See Response Body
[2024-12-10T08:04:42.842Z] Error reading register 6507 for IP 10.30.4.128: A Modbus Exception Occurred - See Response Body
[2024-12-10T08:04:42.843Z] Error reading actual data: A Modbus Exception Occurred - See Response Body
[2024-12-10T08:04:42.844Z] Error writing to Modbus register: A Modbus Exception Occurred - See Response Body
[2024-12-10T08:04:43.851Z] Error reading or processing Modbus registers: A Modbus Exception Occurred - See Response Body
[2024-12-10T08:04:43.853Z] Error reading register 6507 for IP 10.30.4.128: A Modbus Exception Occurred - See Response Body
[2024-12-10T08:04:43.854Z] Error reading actual data: A Modbus Exception Occurred - See Response Body
[2024-12-10T08:04:43.854Z] Error writing to Modbus register: A Modbus Exception Occurred - See Response Body
[2024-12-10T08:04:44.864Z] Error reading or processing Modbus registers: A Modbus Exception Occurred - See Response Body
[2024-12-10T08:04:44.866Z] Error reading register 6507 for IP 10.30.4.128: A Modbus Exception Occurred - See Response Body
[2024-12-10T08:04:44.867Z] Error reading actual data: A Modbus Exception Occurred - See Response Body
[2024-12-10T08:04:44.868Z] Error writing to Modbus register: A Modbus Exception Occurred - See Response Body
[2024-12-10T08:04:45.879Z] Error reading or processing Modbus registers: A Modbus Exception Occurred - See Response Body
[2024-12-10T08:04:45.882Z] Error reading register 6507 for IP 10.30.4.128: A Modbus Exception Occurred - See Response Body
[2024-12-10T08:04:45.883Z] Error reading actual data: A Modbus Exception Occurred - See Response Body
[2024-12-10T08:04:45.883Z] Error writing to Modbus register: A Modbus Exception Occurred - See Response Body
[2024-12-10T08:04:46.880Z] Error reading or processing Modbus registers: A Modbus Exception Occurred - See Response Body
[2024-12-10T08:04:46.883Z] Error reading register 6507 for IP 10.30.4.128: A Modbus Exception Occurred - See Response Body
[2024-12-10T08:04:46.884Z] Error reading actual data: A Modbus Exception Occurred - See Response Body
[2024-12-10T08:04:46.885Z] Error writing to Modbus register: A Modbus Exception Occurred - See Response Body
[2024-12-10T08:04:47.894Z] Error reading or processing Modbus registers: A Modbus Exception Occurred - See Response Body
[2024-12-10T08:04:47.897Z] Error reading register 6507 for IP 10.30.4.128: A Modbus Exception Occurred - See Response Body
[2024-12-10T08:04:47.897Z] Error reading actual data: A Modbus Exception Occurred - See Response Body
[2024-12-10T08:04:47.898Z] Error writing to Modbus register: A Modbus Exception Occurred - See Response Body
[2024-12-10T08:04:48.906Z] Error reading or processing Modbus registers: A Modbus Exception Occurred - See Response Body
[2024-12-10T08:04:48.909Z] Error reading register 6507 for IP 10.30.4.128: A Modbus Exception Occurred - See Response Body
[2024-12-10T08:04:48.909Z] Error reading actual data: A Modbus Exception Occurred - See Response Body
[2024-12-10T08:04:48.910Z] Error writing to Modbus register: A Modbus Exception Occurred - See Response Body
[2024-12-10T08:04:49.920Z] Error reading or processing Modbus registers: A Modbus Exception Occurred - See Response Body
[2024-12-10T08:04:49.923Z] Error reading register 6507 for IP 10.30.4.128: A Modbus Exception Occurred - See Response Body
[2024-12-10T08:04:49.923Z] Error reading actual data: A Modbus Exception Occurred - See Response Body
[2024-12-10T08:04:49.924Z] Error writing to Modbus register: A Modbus Exception Occurred - See Response Body
[2024-12-10T08:04:50.933Z] Error reading or processing Modbus registers: A Modbus Exception Occurred - See Response Body
[2024-12-10T08:04:50.936Z] Error reading register 6507 for IP 10.30.4.128: A Modbus Exception Occurred - See Response Body
[2024-12-10T08:04:50.937Z] Error reading actual data: A Modbus Exception Occurred - See Response Body
[2024-12-10T08:04:50.940Z] Error writing to Modbus register: A Modbus Exception Occurred - See Response Body
[2024-12-10T08:04:51.944Z] Error reading or processing Modbus registers: A Modbus Exception Occurred - See Response Body
[2024-12-10T08:04:51.946Z] Error reading register 6507 for IP 10.30.4.128: A Modbus Exception Occurred - See Response Body
[2024-12-10T08:04:51.946Z] Error reading actual data: A Modbus Exception Occurred - See Response Body
[2024-12-10T08:04:51.947Z] Error writing to Modbus register: A Modbus Exception Occurred - See Response Body
[2024-12-10T08:04:52.958Z] Error reading or processing Modbus registers: A Modbus Exception Occurred - See Response Body
[2024-12-10T08:04:52.960Z] Error reading register 6507 for IP 10.30.4.128: A Modbus Exception Occurred - See Response Body
[2024-12-10T08:04:52.961Z] Error reading actual data: A Modbus Exception Occurred - See Response Body
[2024-12-10T08:04:52.962Z] Error writing to Modbus register: A Modbus Exception Occurred - See Response Body
[2024-12-10T08:04:53.972Z] Error reading or processing Modbus registers: A Modbus Exception Occurred - See Response Body
[2024-12-10T08:04:53.974Z] Error reading register 6507 for IP 10.30.4.128: A Modbus Exception Occurred - See Response Body
[2024-12-10T08:04:53.975Z] Error reading actual data: A Modbus Exception Occurred - See Response Body
[2024-12-10T08:04:53.975Z] Error writing to Modbus register: A Modbus Exception Occurred - See Response Body
[2024-12-10T08:04:54.986Z] Error reading or processing Modbus registers: A Modbus Exception Occurred - See Response Body
[2024-12-10T08:04:54.988Z] Error reading register 6507 for IP 10.30.4.128: A Modbus Exception Occurred - See Response Body
[2024-12-10T08:04:54.989Z] Error reading actual data: A Modbus Exception Occurred - See Response Body
[2024-12-10T08:04:54.990Z] Error writing to Modbus register: A Modbus Exception Occurred - See Response Body
[2024-12-10T08:04:55.988Z] Error reading or processing Modbus registers: A Modbus Exception Occurred - See Response Body
[2024-12-10T08:04:55.990Z] Error reading register 6507 for IP 10.30.4.128: A Modbus Exception Occurred - See Response Body
[2024-12-10T08:04:55.990Z] Error reading actual data: A Modbus Exception Occurred - See Response Body
[2024-12-10T08:04:55.991Z] Error writing to Modbus register: A Modbus Exception Occurred - See Response Body
[2024-12-10T08:04:57.001Z] Error reading or processing Modbus registers: A Modbus Exception Occurred - See Response Body
[2024-12-10T08:04:57.003Z] Error reading register 6507 for IP 10.30.4.128: A Modbus Exception Occurred - See Response Body
[2024-12-10T08:04:57.004Z] Error reading actual data: A Modbus Exception Occurred - See Response Body
[2024-12-10T08:04:57.004Z] Error writing to Modbus register: A Modbus Exception Occurred - See Response Body
[2024-12-10T08:04:58.014Z] Error reading or processing Modbus registers: A Modbus Exception Occurred - See Response Body
[2024-12-10T08:04:58.017Z] Error reading register 6507 for IP 10.30.4.128: A Modbus Exception Occurred - See Response Body
[2024-12-10T08:04:58.017Z] Error reading actual data: A Modbus Exception Occurred - See Response Body
[2024-12-10T08:04:58.018Z] Error writing to Modbus register: A Modbus Exception Occurred - See Response Body
[2024-12-10T08:04:59.016Z] Error reading or processing Modbus registers: A Modbus Exception Occurred - See Response Body
[2024-12-10T08:04:59.018Z] Error reading register 6507 for IP 10.30.4.128: A Modbus Exception Occurred - See Response Body
[2024-12-10T08:04:59.019Z] Error reading actual data: A Modbus Exception Occurred - See Response Body
[2024-12-10T08:04:59.020Z] Error writing to Modbus register: A Modbus Exception Occurred - See Response Body
[2024-12-10T08:05:00.030Z] Error reading or processing Modbus registers: A Modbus Exception Occurred - See Response Body
[2024-12-10T08:05:00.032Z] Error reading register 6507 for IP 10.30.4.128: A Modbus Exception Occurred - See Response Body
[2024-12-10T08:05:00.032Z] Error reading actual data: A Modbus Exception Occurred - See Response Body
[2024-12-10T08:05:00.033Z] Error writing to Modbus register: A Modbus Exception Occurred - See Response Body
[2024-12-10T08:05:01.043Z] Error reading or processing Modbus registers: A Modbus Exception Occurred - See Response Body
[2024-12-10T08:05:01.045Z] Error reading register 6507 for IP 10.30.4.128: A Modbus Exception Occurred - See Response Body
[2024-12-10T08:05:01.045Z] Error reading actual data: A Modbus Exception Occurred - See Response Body
[2024-12-10T08:05:01.046Z] Error writing to Modbus register: A Modbus Exception Occurred - See Response Body
[2024-12-10T08:05:02.059Z] Error reading or processing Modbus registers: A Modbus Exception Occurred - See Response Body
[2024-12-10T08:05:02.061Z] Error reading register 6507 for IP 10.30.4.128: A Modbus Exception Occurred - See Response Body
[2024-12-10T08:05:02.062Z] Error reading actual data: A Modbus Exception Occurred - See Response Body
[2024-12-10T08:05:02.062Z] Error writing to Modbus register: A Modbus Exception Occurred - See Response Body
[2024-12-10T08:05:03.072Z] Error reading or processing Modbus registers: A Modbus Exception Occurred - See Response Body
[2024-12-10T08:05:03.074Z] Error reading register 6507 for IP 10.30.4.128: A Modbus Exception Occurred - See Response Body
[2024-12-10T08:05:03.074Z] Error reading actual data: A Modbus Exception Occurred - See Response Body
[2024-12-10T08:05:03.075Z] Error writing to Modbus register: A Modbus Exception Occurred - See Response Body
[2024-12-10T08:05:04.082Z] Error reading or processing Modbus registers: A Modbus Exception Occurred - See Response Body
[2024-12-10T08:05:04.085Z] Error reading register 6507 for IP 10.30.4.128: A Modbus Exception Occurred - See Response Body
[2024-12-10T08:05:04.086Z] Error reading actual data: A Modbus Exception Occurred - See Response Body
[2024-12-10T08:05:04.086Z] Error writing to Modbus register: A Modbus Exception Occurred - See Response Body
[2024-12-10T08:05:05.094Z] Error reading or processing Modbus registers: A Modbus Exception Occurred - See Response Body
[2024-12-10T08:05:05.097Z] Error reading register 6507 for IP 10.30.4.128: A Modbus Exception Occurred - See Response Body
[2024-12-10T08:05:05.097Z] Error reading actual data: A Modbus Exception Occurred - See Response Body
[2024-12-10T08:05:05.098Z] Error writing to Modbus register: A Modbus Exception Occurred - See Response Body
[2024-12-10T08:05:06.104Z] Error reading or processing Modbus registers: A Modbus Exception Occurred - See Response Body
[2024-12-10T08:05:06.107Z] Error reading register 6507 for IP 10.30.4.128: A Modbus Exception Occurred - See Response Body
[2024-12-10T08:05:06.108Z] Error reading actual data: A Modbus Exception Occurred - See Response Body
[2024-12-10T08:05:06.109Z] Error writing to Modbus register: A Modbus Exception Occurred - See Response Body
[2024-12-10T08:05:07.104Z] Error reading or processing Modbus registers: A Modbus Exception Occurred - See Response Body
[2024-12-10T08:05:07.106Z] Error reading register 6507 for IP 10.30.4.128: A Modbus Exception Occurred - See Response Body
[2024-12-10T08:05:07.107Z] Error reading actual data: A Modbus Exception Occurred - See Response Body
[2024-12-10T08:05:07.108Z] Error writing to Modbus register: A Modbus Exception Occurred - See Response Body
[2024-12-10T08:05:08.117Z] Error reading or processing Modbus registers: A Modbus Exception Occurred - See Response Body
[2024-12-10T08:05:08.119Z] Error reading register 6507 for IP 10.30.4.128: A Modbus Exception Occurred - See Response Body
[2024-12-10T08:05:08.120Z] Error reading actual data: A Modbus Exception Occurred - See Response Body
[2024-12-10T08:05:08.120Z] Error writing to Modbus register: A Modbus Exception Occurred - See Response Body
[2024-12-10T08:05:09.127Z] Error reading or processing Modbus registers: A Modbus Exception Occurred - See Response Body
[2024-12-10T08:05:09.129Z] Error reading register 6507 for IP 10.30.4.128: A Modbus Exception Occurred - See Response Body
[2024-12-10T08:05:09.130Z] Error reading actual data: A Modbus Exception Occurred - See Response Body
[2024-12-10T08:05:09.130Z] Error writing to Modbus register: A Modbus Exception Occurred - See Response Body
[2024-12-10T08:05:10.129Z] Error reading or processing Modbus registers: A Modbus Exception Occurred - See Response Body
[2024-12-10T08:05:10.131Z] Error reading register 6507 for IP 10.30.4.128: A Modbus Exception Occurred - See Response Body
[2024-12-10T08:05:10.132Z] Error reading actual data: A Modbus Exception Occurred - See Response Body
[2024-12-10T08:05:10.132Z] Error writing to Modbus register: A Modbus Exception Occurred - See Response Body
[2024-12-10T08:05:11.142Z] Error reading or processing Modbus registers: A Modbus Exception Occurred - See Response Body
[2024-12-10T08:05:11.145Z] Error reading register 6507 for IP 10.30.4.128: A Modbus Exception Occurred - See Response Body
[2024-12-10T08:05:11.145Z] Error reading actual data: A Modbus Exception Occurred - See Response Body
[2024-12-10T08:05:11.146Z] Error writing to Modbus register: A Modbus Exception Occurred - See Response Body
[2024-12-10T08:05:12.158Z] Error reading or processing Modbus registers: A Modbus Exception Occurred - See Response Body
[2024-12-10T08:05:12.160Z] Error reading register 6507 for IP 10.30.4.128: A Modbus Exception Occurred - See Response Body
[2024-12-10T08:05:12.161Z] Error reading actual data: A Modbus Exception Occurred - See Response Body
[2024-12-10T08:05:12.162Z] Error writing to Modbus register: A Modbus Exception Occurred - See Response Body
[2024-12-10T08:05:13.166Z] Error reading or processing Modbus registers: A Modbus Exception Occurred - See Response Body
[2024-12-10T08:05:13.168Z] Error reading register 6507 for IP 10.30.4.128: A Modbus Exception Occurred - See Response Body
[2024-12-10T08:05:13.169Z] Error reading actual data: A Modbus Exception Occurred - See Response Body
[2024-12-10T08:05:13.170Z] Error writing to Modbus register: A Modbus Exception Occurred - See Response Body
[2024-12-10T08:05:14.181Z] Error reading or processing Modbus registers: A Modbus Exception Occurred - See Response Body
[2024-12-10T08:05:14.183Z] Error reading register 6507 for IP 10.30.4.128: A Modbus Exception Occurred - See Response Body
[2024-12-10T08:05:14.184Z] Error reading actual data: A Modbus Exception Occurred - See Response Body
[2024-12-10T08:05:14.184Z] Error writing to Modbus register: A Modbus Exception Occurred - See Response Body
[2024-12-10T08:05:15.182Z] Error reading or processing Modbus registers: A Modbus Exception Occurred - See Response Body
[2024-12-10T08:05:15.184Z] Error reading register 6507 for IP 10.30.4.128: A Modbus Exception Occurred - See Response Body
[2024-12-10T08:05:15.184Z] Error reading actual data: A Modbus Exception Occurred - See Response Body
[2024-12-10T08:05:15.185Z] Error writing to Modbus register: A Modbus Exception Occurred - See Response Body
[2024-12-10T08:05:16.196Z] Error reading or processing Modbus registers: A Modbus Exception Occurred - See Response Body
[2024-12-10T08:05:16.200Z] Error reading register 6507 for IP 10.30.4.128: A Modbus Exception Occurred - See Response Body
[2024-12-10T08:05:16.200Z] Error reading actual data: A Modbus Exception Occurred - See Response Body
[2024-12-10T08:05:16.201Z] Error writing to Modbus register: A Modbus Exception Occurred - See Response Body
[2024-12-10T08:05:17.206Z] Error reading or processing Modbus registers: A Modbus Exception Occurred - See Response Body
[2024-12-10T08:05:17.208Z] Error reading register 6507 for IP 10.30.4.128: A Modbus Exception Occurred - See Response Body
[2024-12-10T08:05:17.209Z] Error reading actual data: A Modbus Exception Occurred - See Response Body
[2024-12-10T08:05:17.209Z] Error writing to Modbus register: A Modbus Exception Occurred - See Response Body
[2024-12-10T08:05:18.221Z] Error reading or processing Modbus registers: A Modbus Exception Occurred - See Response Body
[2024-12-10T08:05:18.223Z] Error reading register 6507 for IP 10.30.4.128: A Modbus Exception Occurred - See Response Body
[2024-12-10T08:05:18.223Z] Error reading actual data: A Modbus Exception Occurred - See Response Body
[2024-12-10T08:05:18.224Z] Error writing to Modbus register: A Modbus Exception Occurred - See Response Body
[2024-12-10T08:05:19.223Z] Error reading or processing Modbus registers: A Modbus Exception Occurred - See Response Body
[2024-12-10T08:05:19.225Z] Error reading register 6507 for IP 10.30.4.128: A Modbus Exception Occurred - See Response Body
[2024-12-10T08:05:19.225Z] Error reading actual data: A Modbus Exception Occurred - See Response Body
[2024-12-10T08:05:19.226Z] Error writing to Modbus register: A Modbus Exception Occurred - See Response Body
[2024-12-10T08:05:20.232Z] Error reading or processing Modbus registers: A Modbus Exception Occurred - See Response Body
[2024-12-10T08:05:20.234Z] Error reading register 6507 for IP 10.30.4.128: A Modbus Exception Occurred - See Response Body
[2024-12-10T08:05:20.235Z] Error reading actual data: A Modbus Exception Occurred - See Response Body
[2024-12-10T08:05:20.235Z] Error writing to Modbus register: A Modbus Exception Occurred - See Response Body
[2024-12-10T08:05:21.245Z] Error reading or processing Modbus registers: A Modbus Exception Occurred - See Response Body
[2024-12-10T08:05:21.247Z] Error reading register 6507 for IP 10.30.4.128: A Modbus Exception Occurred - See Response Body
[2024-12-10T08:05:21.247Z] Error reading actual data: A Modbus Exception Occurred - See Response Body
[2024-12-10T08:05:21.248Z] Error writing to Modbus register: A Modbus Exception Occurred - See Response Body
[2024-12-10T08:05:22.254Z] Error reading or processing Modbus registers: A Modbus Exception Occurred - See Response Body
[2024-12-10T08:05:22.257Z] Error reading register 6507 for IP 10.30.4.128: A Modbus Exception Occurred - See Response Body
[2024-12-10T08:05:22.257Z] Error reading actual data: A Modbus Exception Occurred - See Response Body
[2024-12-10T08:05:22.258Z] Error writing to Modbus register: A Modbus Exception Occurred - See Response Body
[2024-12-10T08:05:23.256Z] Error reading or processing Modbus registers: A Modbus Exception Occurred - See Response Body
[2024-12-10T08:05:23.259Z] Error reading register 6507 for IP 10.30.4.128: A Modbus Exception Occurred - See Response Body
[2024-12-10T08:05:23.260Z] Error reading actual data: A Modbus Exception Occurred - See Response Body
[2024-12-10T08:05:23.260Z] Error writing to Modbus register: A Modbus Exception Occurred - See Response Body
[2024-12-10T08:05:24.270Z] Error reading or processing Modbus registers: A Modbus Exception Occurred - See Response Body
[2024-12-10T08:05:24.274Z] Error reading register 6507 for IP 10.30.4.128: A Modbus Exception Occurred - See Response Body
[2024-12-10T08:05:24.274Z] Error reading actual data: A Modbus Exception Occurred - See Response Body
[2024-12-10T08:05:24.275Z] Error writing to Modbus register: A Modbus Exception Occurred - See Response Body
[2024-12-10T08:05:25.284Z] Error reading or processing Modbus registers: A Modbus Exception Occurred - See Response Body
[2024-12-10T08:05:25.286Z] Error reading register 6507 for IP 10.30.4.128: A Modbus Exception Occurred - See Response Body
[2024-12-10T08:05:25.287Z] Error reading actual data: A Modbus Exception Occurred - See Response Body
[2024-12-10T08:05:25.287Z] Error writing to Modbus register: A Modbus Exception Occurred - See Response Body
[2024-12-10T08:05:26.297Z] Error reading or processing Modbus registers: A Modbus Exception Occurred - See Response Body
[2024-12-10T08:05:26.301Z] Error reading register 6507 for IP 10.30.4.128: A Modbus Exception Occurred - See Response Body
[2024-12-10T08:05:26.302Z] Error reading actual data: A Modbus Exception Occurred - See Response Body
[2024-12-10T08:05:26.302Z] Error writing to Modbus register: A Modbus Exception Occurred - See Response Body
[2024-12-10T08:05:27.298Z] Error reading or processing Modbus registers: A Modbus Exception Occurred - See Response Body
[2024-12-10T08:05:27.302Z] Error reading register 6507 for IP 10.30.4.128: A Modbus Exception Occurred - See Response Body
[2024-12-10T08:05:27.303Z] Error reading actual data: A Modbus Exception Occurred - See Response Body
[2024-12-10T08:05:27.303Z] Error writing to Modbus register: A Modbus Exception Occurred - See Response Body
[2024-12-10T08:05:28.311Z] Error reading or processing Modbus registers: A Modbus Exception Occurred - See Response Body
[2024-12-10T08:05:28.314Z] Error reading register 6507 for IP 10.30.4.128: A Modbus Exception Occurred - See Response Body
[2024-12-10T08:05:28.314Z] Error reading actual data: A Modbus Exception Occurred - See Response Body
[2024-12-10T08:05:28.315Z] Error writing to Modbus register: A Modbus Exception Occurred - See Response Body
[2024-12-10T08:05:29.327Z] Error reading or processing Modbus registers: A Modbus Exception Occurred - See Response Body
[2024-12-10T08:05:29.331Z] Error reading register 6507 for IP 10.30.4.128: A Modbus Exception Occurred - See Response Body
[2024-12-10T08:05:29.332Z] Error reading actual data: A Modbus Exception Occurred - See Response Body
[2024-12-10T08:05:29.333Z] Error writing to Modbus register: A Modbus Exception Occurred - See Response Body
[2024-12-10T08:05:30.341Z] Error reading or processing Modbus registers: A Modbus Exception Occurred - See Response Body
[2024-12-10T08:05:30.343Z] Error reading register 6507 for IP 10.30.4.128: A Modbus Exception Occurred - See Response Body
[2024-12-10T08:05:30.344Z] Error reading actual data: A Modbus Exception Occurred - See Response Body
[2024-12-10T08:05:30.345Z] Error writing to Modbus register: A Modbus Exception Occurred - See Response Body
[2024-12-10T08:05:31.345Z] Error reading or processing Modbus registers: A Modbus Exception Occurred - See Response Body
[2024-12-10T08:05:31.347Z] Error reading register 6507 for IP 10.30.4.128: A Modbus Exception Occurred - See Response Body
[2024-12-10T08:05:31.347Z] Error reading actual data: A Modbus Exception Occurred - See Response Body
[2024-12-10T08:05:31.348Z] Error writing to Modbus register: A Modbus Exception Occurred - See Response Body
[2024-12-10T08:05:32.357Z] Error reading or processing Modbus registers: A Modbus Exception Occurred - See Response Body
[2024-12-10T08:05:32.360Z] Error reading register 6507 for IP 10.30.4.128: A Modbus Exception Occurred - See Response Body
[2024-12-10T08:05:32.360Z] Error reading actual data: A Modbus Exception Occurred - See Response Body
[2024-12-10T08:05:32.361Z] Error writing to Modbus register: A Modbus Exception Occurred - See Response Body
[2024-12-10T08:05:33.372Z] Error reading or processing Modbus registers: A Modbus Exception Occurred - See Response Body
[2024-12-10T08:05:33.374Z] Error reading register 6507 for IP 10.30.4.128: A Modbus Exception Occurred - See Response Body
[2024-12-10T08:05:33.375Z] Error reading actual data: A Modbus Exception Occurred - See Response Body
[2024-12-10T08:05:33.375Z] Error writing to Modbus register: A Modbus Exception Occurred - See Response Body
[2024-12-10T08:05:34.384Z] Error reading or processing Modbus registers: A Modbus Exception Occurred - See Response Body
[2024-12-10T08:05:34.387Z] Error reading register 6507 for IP 10.30.4.128: A Modbus Exception Occurred - See Response Body
[2024-12-10T08:05:34.388Z] Error reading actual data: A Modbus Exception Occurred - See Response Body
[2024-12-10T08:05:34.388Z] Error writing to Modbus register: A Modbus Exception Occurred - See Response Body
[2024-12-10T08:05:35.399Z] Error reading or processing Modbus registers: A Modbus Exception Occurred - See Response Body
[2024-12-10T08:05:35.401Z] Error reading register 6507 for IP 10.30.4.128: A Modbus Exception Occurred - See Response Body
[2024-12-10T08:05:35.401Z] Error reading actual data: A Modbus Exception Occurred - See Response Body
[2024-12-10T08:05:35.402Z] Error writing to Modbus register: A Modbus Exception Occurred - See Response Body
[2024-12-10T08:05:36.413Z] Error reading or processing Modbus registers: A Modbus Exception Occurred - See Response Body
[2024-12-10T08:05:36.415Z] Error reading register 6507 for IP 10.30.4.128: A Modbus Exception Occurred - See Response Body
[2024-12-10T08:05:36.416Z] Error reading actual data: A Modbus Exception Occurred - See Response Body
[2024-12-10T08:05:36.416Z] Error writing to Modbus register: A Modbus Exception Occurred - See Response Body
[2024-12-10T08:05:37.425Z] Error reading or processing Modbus registers: A Modbus Exception Occurred - See Response Body
[2024-12-10T08:05:37.428Z] Error reading register 6507 for IP 10.30.4.128: A Modbus Exception Occurred - See Response Body
[2024-12-10T08:05:37.428Z] Error reading actual data: A Modbus Exception Occurred - See Response Body
[2024-12-10T08:05:37.429Z] Error writing to Modbus register: A Modbus Exception Occurred - See Response Body
[2024-12-10T08:05:38.427Z] Error reading or processing Modbus registers: A Modbus Exception Occurred - See Response Body
[2024-12-10T08:05:38.429Z] Error reading register 6507 for IP 10.30.4.128: A Modbus Exception Occurred - See Response Body
[2024-12-10T08:05:38.429Z] Error reading actual data: A Modbus Exception Occurred - See Response Body
[2024-12-10T08:05:38.430Z] Error writing to Modbus register: A Modbus Exception Occurred - See Response Body
[2024-12-10T08:05:39.439Z] Error reading or processing Modbus registers: A Modbus Exception Occurred - See Response Body
[2024-12-10T08:05:39.441Z] Error reading register 6507 for IP 10.30.4.128: A Modbus Exception Occurred - See Response Body
[2024-12-10T08:05:39.442Z] Error reading actual data: A Modbus Exception Occurred - See Response Body
[2024-12-10T08:05:39.442Z] Error writing to Modbus register: A Modbus Exception Occurred - See Response Body
[2024-12-10T08:05:40.451Z] Error reading or processing Modbus registers: A Modbus Exception Occurred - See Response Body
[2024-12-10T08:05:40.455Z] Error reading register 6507 for IP 10.30.4.128: A Modbus Exception Occurred - See Response Body
[2024-12-10T08:05:40.457Z] Error reading actual data: A Modbus Exception Occurred - See Response Body
[2024-12-10T08:05:40.457Z] Error writing to Modbus register: A Modbus Exception Occurred - See Response Body
[2024-12-10T08:05:41.466Z] Error reading or processing Modbus registers: A Modbus Exception Occurred - See Response Body
[2024-12-10T08:05:41.468Z] Error reading register 6507 for IP 10.30.4.128: A Modbus Exception Occurred - See Response Body
[2024-12-10T08:05:41.469Z] Error reading actual data: A Modbus Exception Occurred - See Response Body
[2024-12-10T08:05:41.469Z] Error writing to Modbus register: A Modbus Exception Occurred - See Response Body
[2024-12-10T08:05:42.475Z] Error reading or processing Modbus registers: A Modbus Exception Occurred - See Response Body
[2024-12-10T08:05:42.478Z] Error reading register 6507 for IP 10.30.4.128: A Modbus Exception Occurred - See Response Body
[2024-12-10T08:05:42.481Z] Error reading actual data: A Modbus Exception Occurred - See Response Body
[2024-12-10T08:05:42.481Z] Error writing to Modbus register: A Modbus Exception Occurred - See Response Body
[2024-12-10T08:05:43.476Z] Error reading or processing Modbus registers: A Modbus Exception Occurred - See Response Body
[2024-12-10T08:05:43.478Z] Error reading register 6507 for IP 10.30.4.128: A Modbus Exception Occurred - See Response Body
[2024-12-10T08:05:43.479Z] Error reading actual data: A Modbus Exception Occurred - See Response Body
[2024-12-10T08:05:43.479Z] Error writing to Modbus register: A Modbus Exception Occurred - See Response Body
[2024-12-10T08:05:44.489Z] Error reading or processing Modbus registers: A Modbus Exception Occurred - See Response Body
[2024-12-10T08:05:44.491Z] Error reading register 6507 for IP 10.30.4.128: A Modbus Exception Occurred - See Response Body
[2024-12-10T08:05:44.492Z] Error reading actual data: A Modbus Exception Occurred - See Response Body
[2024-12-10T08:05:44.493Z] Error writing to Modbus register: A Modbus Exception Occurred - See Response Body
[2024-12-10T08:05:45.504Z] Error reading or processing Modbus registers: A Modbus Exception Occurred - See Response Body
[2024-12-10T08:05:45.506Z] Error reading register 6507 for IP 10.30.4.128: A Modbus Exception Occurred - See Response Body
[2024-12-10T08:05:45.507Z] Error reading actual data: A Modbus Exception Occurred - See Response Body
[2024-12-10T08:05:45.508Z] Error writing to Modbus register: A Modbus Exception Occurred - See Response Body
[2024-12-10T08:05:46.516Z] Error reading or processing Modbus registers: A Modbus Exception Occurred - See Response Body
[2024-12-10T08:05:46.519Z] Error reading register 6507 for IP 10.30.4.128: A Modbus Exception Occurred - See Response Body
[2024-12-10T08:05:46.520Z] Error reading actual data: A Modbus Exception Occurred - See Response Body
[2024-12-10T08:05:46.521Z] Error writing to Modbus register: A Modbus Exception Occurred - See Response Body
[2024-12-10T08:05:47.519Z] Error reading or processing Modbus registers: A Modbus Exception Occurred - See Response Body
[2024-12-10T08:05:47.522Z] Error reading register 6507 for IP 10.30.4.128: A Modbus Exception Occurred - See Response Body
[2024-12-10T08:05:47.523Z] Error reading actual data: A Modbus Exception Occurred - See Response Body
[2024-12-10T08:05:47.524Z] Error writing to Modbus register: A Modbus Exception Occurred - See Response Body
[2024-12-10T08:05:48.520Z] Error reading or processing Modbus registers: A Modbus Exception Occurred - See Response Body
[2024-12-10T08:05:48.523Z] Error reading register 6507 for IP 10.30.4.128: A Modbus Exception Occurred - See Response Body
[2024-12-10T08:05:48.524Z] Error reading actual data: A Modbus Exception Occurred - See Response Body
[2024-12-10T08:05:48.524Z] Error writing to Modbus register: A Modbus Exception Occurred - See Response Body
[2024-12-10T08:05:49.521Z] Error reading or processing Modbus registers: A Modbus Exception Occurred - See Response Body
[2024-12-10T08:05:49.523Z] Error reading register 6507 for IP 10.30.4.128: A Modbus Exception Occurred - See Response Body
[2024-12-10T08:05:49.524Z] Error reading actual data: A Modbus Exception Occurred - See Response Body
[2024-12-10T08:05:49.524Z] Error writing to Modbus register: A Modbus Exception Occurred - See Response Body
[2024-12-10T08:05:50.534Z] Error reading or processing Modbus registers: A Modbus Exception Occurred - See Response Body
[2024-12-10T08:05:50.537Z] Error reading register 6507 for IP 10.30.4.128: A Modbus Exception Occurred - See Response Body
[2024-12-10T08:05:50.538Z] Error reading actual data: A Modbus Exception Occurred - See Response Body
[2024-12-10T08:05:50.539Z] Error writing to Modbus register: A Modbus Exception Occurred - See Response Body
[2024-12-10T08:05:51.554Z] Error reading or processing Modbus registers: A Modbus Exception Occurred - See Response Body
[2024-12-10T08:05:51.556Z] Error reading register 6507 for IP 10.30.4.128: A Modbus Exception Occurred - See Response Body
[2024-12-10T08:05:51.557Z] Error reading actual data: A Modbus Exception Occurred - See Response Body
[2024-12-10T08:05:51.558Z] Error writing to Modbus register: A Modbus Exception Occurred - See Response Body
[2024-12-10T08:05:52.557Z] Error reading or processing Modbus registers: A Modbus Exception Occurred - See Response Body
[2024-12-10T08:05:52.560Z] Error reading register 6507 for IP 10.30.4.128: A Modbus Exception Occurred - See Response Body
[2024-12-10T08:05:52.560Z] Error reading actual data: A Modbus Exception Occurred - See Response Body
[2024-12-10T08:05:52.561Z] Error writing to Modbus register: A Modbus Exception Occurred - See Response Body
[2024-12-10T08:05:53.574Z] Error reading or processing Modbus registers: A Modbus Exception Occurred - See Response Body
[2024-12-10T08:05:53.578Z] Error reading register 6507 for IP 10.30.4.128: A Modbus Exception Occurred - See Response Body
[2024-12-10T08:05:53.579Z] Error reading actual data: A Modbus Exception Occurred - See Response Body
[2024-12-10T08:05:53.579Z] Error writing to Modbus register: A Modbus Exception Occurred - See Response Body
[2024-12-10T08:05:54.578Z] Error reading or processing Modbus registers: A Modbus Exception Occurred - See Response Body
[2024-12-10T08:05:54.585Z] Error reading register 6507 for IP 10.30.4.128: A Modbus Exception Occurred - See Response Body
[2024-12-10T08:05:54.586Z] Error reading actual data: A Modbus Exception Occurred - See Response Body
[2024-12-10T08:05:54.587Z] Error writing to Modbus register: A Modbus Exception Occurred - See Response Body
[2024-12-10T08:05:55.582Z] Error reading or processing Modbus registers: A Modbus Exception Occurred - See Response Body
[2024-12-10T08:05:55.586Z] Error reading register 6507 for IP 10.30.4.128: A Modbus Exception Occurred - See Response Body
[2024-12-10T08:05:55.587Z] Error reading actual data: A Modbus Exception Occurred - See Response Body
[2024-12-10T08:05:55.587Z] Error writing to Modbus register: A Modbus Exception Occurred - See Response Body
[2024-12-10T08:05:56.594Z] Error reading or processing Modbus registers: A Modbus Exception Occurred - See Response Body
[2024-12-10T08:05:56.595Z] Error reading register 6507 for IP 10.30.4.128: A Modbus Exception Occurred - See Response Body
[2024-12-10T08:05:56.596Z] Error reading actual data: A Modbus Exception Occurred - See Response Body
[2024-12-10T08:05:56.597Z] Error writing to Modbus register: A Modbus Exception Occurred - See Response Body
[2024-12-10T08:05:57.607Z] Error reading or processing Modbus registers: A Modbus Exception Occurred - See Response Body
[2024-12-10T08:05:57.608Z] Error reading register 6507 for IP 10.30.4.128: A Modbus Exception Occurred - See Response Body
[2024-12-10T08:05:57.609Z] Error reading actual data: A Modbus Exception Occurred - See Response Body
[2024-12-10T08:05:57.609Z] Error writing to Modbus register: A Modbus Exception Occurred - See Response Body
[2024-12-10T08:05:58.622Z] Error reading or processing Modbus registers: A Modbus Exception Occurred - See Response Body
[2024-12-10T08:05:58.624Z] Error reading register 6507 for IP 10.30.4.128: A Modbus Exception Occurred - See Response Body
[2024-12-10T08:05:58.624Z] Error reading actual data: A Modbus Exception Occurred - See Response Body
[2024-12-10T08:05:58.625Z] Error writing to Modbus register: A Modbus Exception Occurred - See Response Body
[2024-12-10T08:05:59.636Z] Error reading or processing Modbus registers: A Modbus Exception Occurred - See Response Body
[2024-12-10T08:05:59.638Z] Error reading register 6507 for IP 10.30.4.128: A Modbus Exception Occurred - See Response Body
[2024-12-10T08:05:59.638Z] Error reading actual data: A Modbus Exception Occurred - See Response Body
[2024-12-10T08:05:59.640Z] Error writing to Modbus register: A Modbus Exception Occurred - See Response Body
[2024-12-10T08:06:00.639Z] Error reading or processing Modbus registers: A Modbus Exception Occurred - See Response Body
[2024-12-10T08:06:00.643Z] Error reading register 6507 for IP 10.30.4.128: A Modbus Exception Occurred - See Response Body
[2024-12-10T08:06:00.644Z] Error reading actual data: A Modbus Exception Occurred - See Response Body
[2024-12-10T08:06:00.644Z] Error writing to Modbus register: A Modbus Exception Occurred - See Response Body
[2024-12-10T08:06:01.652Z] Error reading or processing Modbus registers: A Modbus Exception Occurred - See Response Body
[2024-12-10T08:06:01.654Z] Error reading register 6507 for IP 10.30.4.128: A Modbus Exception Occurred - See Response Body
[2024-12-10T08:06:01.654Z] Error reading actual data: A Modbus Exception Occurred - See Response Body
[2024-12-10T08:06:01.655Z] Error writing to Modbus register: A Modbus Exception Occurred - See Response Body
[2024-12-10T08:06:02.666Z] Error reading or processing Modbus registers: A Modbus Exception Occurred - See Response Body
[2024-12-10T08:06:02.668Z] Error reading register 6507 for IP 10.30.4.128: A Modbus Exception Occurred - See Response Body
[2024-12-10T08:06:02.669Z] Error reading actual data: A Modbus Exception Occurred - See Response Body
[2024-12-10T08:06:02.669Z] Error writing to Modbus register: A Modbus Exception Occurred - See Response Body
[2024-12-10T08:06:03.668Z] Error reading or processing Modbus registers: A Modbus Exception Occurred - See Response Body
[2024-12-10T08:06:03.670Z] Error reading register 6507 for IP 10.30.4.128: A Modbus Exception Occurred - See Response Body
[2024-12-10T08:06:03.670Z] Error reading actual data: A Modbus Exception Occurred - See Response Body
[2024-12-10T08:06:03.671Z] Error writing to Modbus register: A Modbus Exception Occurred - See Response Body
[2024-12-10T08:06:04.683Z] Error reading or processing Modbus registers: A Modbus Exception Occurred - See Response Body
[2024-12-10T08:06:04.685Z] Error reading register 6507 for IP 10.30.4.128: A Modbus Exception Occurred - See Response Body
[2024-12-10T08:06:04.686Z] Error reading actual data: A Modbus Exception Occurred - See Response Body
[2024-12-10T08:06:04.686Z] Error writing to Modbus register: A Modbus Exception Occurred - See Response Body
[2024-12-10T08:06:05.694Z] Error reading or processing Modbus registers: A Modbus Exception Occurred - See Response Body
[2024-12-10T08:06:05.696Z] Error reading register 6507 for IP 10.30.4.128: A Modbus Exception Occurred - See Response Body
[2024-12-10T08:06:05.697Z] Error reading actual data: A Modbus Exception Occurred - See Response Body
[2024-12-10T08:06:05.698Z] Error writing to Modbus register: A Modbus Exception Occurred - See Response Body
[2024-12-10T08:06:06.703Z] Error reading or processing Modbus registers: A Modbus Exception Occurred - See Response Body
[2024-12-10T08:06:06.706Z] Error reading register 6507 for IP 10.30.4.128: A Modbus Exception Occurred - See Response Body
[2024-12-10T08:06:06.706Z] Error reading actual data: A Modbus Exception Occurred - See Response Body
[2024-12-10T08:06:06.708Z] Error writing to Modbus register: A Modbus Exception Occurred - See Response Body
[2024-12-10T08:06:07.717Z] Error reading or processing Modbus registers: A Modbus Exception Occurred - See Response Body
[2024-12-10T08:06:07.719Z] Error reading register 6507 for IP 10.30.4.128: A Modbus Exception Occurred - See Response Body
[2024-12-10T08:06:07.719Z] Error reading actual data: A Modbus Exception Occurred - See Response Body
[2024-12-10T08:06:07.720Z] Error writing to Modbus register: A Modbus Exception Occurred - See Response Body
[2024-12-10T08:06:08.732Z] Error reading or processing Modbus registers: A Modbus Exception Occurred - See Response Body
[2024-12-10T08:06:08.734Z] Error reading register 6507 for IP 10.30.4.128: A Modbus Exception Occurred - See Response Body
[2024-12-10T08:06:08.735Z] Error reading actual data: A Modbus Exception Occurred - See Response Body
[2024-12-10T08:06:08.735Z] Error writing to Modbus register: A Modbus Exception Occurred - See Response Body
[2024-12-10T08:06:09.744Z] Error reading or processing Modbus registers: A Modbus Exception Occurred - See Response Body
[2024-12-10T08:06:09.746Z] Error reading register 6507 for IP 10.30.4.128: A Modbus Exception Occurred - See Response Body
[2024-12-10T08:06:09.747Z] Error reading actual data: A Modbus Exception Occurred - See Response Body
[2024-12-10T08:06:09.748Z] Error writing to Modbus register: A Modbus Exception Occurred - See Response Body
[2024-12-10T08:06:10.757Z] Error reading or processing Modbus registers: A Modbus Exception Occurred - See Response Body
[2024-12-10T08:06:10.759Z] Error reading register 6507 for IP 10.30.4.128: A Modbus Exception Occurred - See Response Body
[2024-12-10T08:06:10.760Z] Error reading actual data: A Modbus Exception Occurred - See Response Body
[2024-12-10T08:06:10.761Z] Error writing to Modbus register: A Modbus Exception Occurred - See Response Body
[2024-12-10T08:06:11.771Z] Error reading or processing Modbus registers: A Modbus Exception Occurred - See Response Body
[2024-12-10T08:06:11.773Z] Error reading register 6507 for IP 10.30.4.128: A Modbus Exception Occurred - See Response Body
[2024-12-10T08:06:11.774Z] Error reading actual data: A Modbus Exception Occurred - See Response Body
[2024-12-10T08:06:11.775Z] Error writing to Modbus register: A Modbus Exception Occurred - See Response Body
[2024-12-10T08:06:12.787Z] Error reading or processing Modbus registers: A Modbus Exception Occurred - See Response Body
[2024-12-10T08:06:12.789Z] Error reading register 6507 for IP 10.30.4.128: A Modbus Exception Occurred - See Response Body
[2024-12-10T08:06:12.789Z] Error reading actual data: A Modbus Exception Occurred - See Response Body
[2024-12-10T08:06:12.790Z] Error writing to Modbus register: A Modbus Exception Occurred - See Response Body
[2024-12-10T08:06:13.799Z] Error reading or processing Modbus registers: A Modbus Exception Occurred - See Response Body
[2024-12-10T08:06:13.805Z] Error reading register 6507 for IP 10.30.4.128: A Modbus Exception Occurred - See Response Body
[2024-12-10T08:06:13.806Z] Error reading actual data: A Modbus Exception Occurred - See Response Body
[2024-12-10T08:06:13.807Z] Error writing to Modbus register: A Modbus Exception Occurred - See Response Body
[2024-12-10T08:06:14.813Z] Error reading or processing Modbus registers: A Modbus Exception Occurred - See Response Body
[2024-12-10T08:06:14.815Z] Error reading register 6507 for IP 10.30.4.128: A Modbus Exception Occurred - See Response Body
[2024-12-10T08:06:14.816Z] Error reading actual data: A Modbus Exception Occurred - See Response Body
[2024-12-10T08:06:14.816Z] Error writing to Modbus register: A Modbus Exception Occurred - See Response Body
[2024-12-10T08:06:15.827Z] Error reading or processing Modbus registers: A Modbus Exception Occurred - See Response Body
[2024-12-10T08:06:15.829Z] Error reading register 6507 for IP 10.30.4.128: A Modbus Exception Occurred - See Response Body
[2024-12-10T08:06:15.830Z] Error reading actual data: A Modbus Exception Occurred - See Response Body
[2024-12-10T08:06:15.830Z] Error writing to Modbus register: A Modbus Exception Occurred - See Response Body
[2024-12-10T08:06:16.833Z] Error reading or processing Modbus registers: A Modbus Exception Occurred - See Response Body
[2024-12-10T08:06:16.834Z] Error reading register 6507 for IP 10.30.4.128: A Modbus Exception Occurred - See Response Body
[2024-12-10T08:06:16.835Z] Error reading actual data: A Modbus Exception Occurred - See Response Body
[2024-12-10T08:06:16.835Z] Error writing to Modbus register: A Modbus Exception Occurred - See Response Body
[2024-12-10T08:06:17.837Z] Error reading or processing Modbus registers: A Modbus Exception Occurred - See Response Body
[2024-12-10T08:06:17.839Z] Error reading register 6507 for IP 10.30.4.128: A Modbus Exception Occurred - See Response Body
[2024-12-10T08:06:17.840Z] Error reading actual data: A Modbus Exception Occurred - See Response Body
[2024-12-10T08:06:17.840Z] Error writing to Modbus register: A Modbus Exception Occurred - See Response Body
[2024-12-10T08:06:18.847Z] Error reading or processing Modbus registers: A Modbus Exception Occurred - See Response Body
[2024-12-10T08:06:18.849Z] Error reading register 6507 for IP 10.30.4.128: A Modbus Exception Occurred - See Response Body
[2024-12-10T08:06:18.850Z] Error reading actual data: A Modbus Exception Occurred - See Response Body
[2024-12-10T08:06:18.850Z] Error writing to Modbus register: A Modbus Exception Occurred - See Response Body
[2024-12-10T08:06:19.848Z] Error reading or processing Modbus registers: A Modbus Exception Occurred - See Response Body
[2024-12-10T08:06:19.850Z] Error reading register 6507 for IP 10.30.4.128: A Modbus Exception Occurred - See Response Body
[2024-12-10T08:06:19.851Z] Error reading actual data: A Modbus Exception Occurred - See Response Body
[2024-12-10T08:06:19.851Z] Error writing to Modbus register: A Modbus Exception Occurred - See Response Body
[2024-12-10T08:06:20.859Z] Error reading or processing Modbus registers: A Modbus Exception Occurred - See Response Body
[2024-12-10T08:06:20.860Z] Error reading register 6507 for IP 10.30.4.128: A Modbus Exception Occurred - See Response Body
[2024-12-10T08:06:20.861Z] Error reading actual data: A Modbus Exception Occurred - See Response Body
[2024-12-10T08:06:20.861Z] Error writing to Modbus register: A Modbus Exception Occurred - See Response Body
[2024-12-10T08:06:21.873Z] Error reading or processing Modbus registers: A Modbus Exception Occurred - See Response Body
[2024-12-10T08:06:21.875Z] Error reading register 6507 for IP 10.30.4.128: A Modbus Exception Occurred - See Response Body
[2024-12-10T08:06:21.877Z] Error reading actual data: A Modbus Exception Occurred - See Response Body
[2024-12-10T08:06:21.878Z] Error writing to Modbus register: A Modbus Exception Occurred - See Response Body
[2024-12-10T08:06:22.887Z] Error reading or processing Modbus registers: A Modbus Exception Occurred - See Response Body
[2024-12-10T08:06:22.889Z] Error reading register 6507 for IP 10.30.4.128: A Modbus Exception Occurred - See Response Body
[2024-12-10T08:06:22.889Z] Error reading actual data: A Modbus Exception Occurred - See Response Body
[2024-12-10T08:06:22.890Z] Error writing to Modbus register: A Modbus Exception Occurred - See Response Body
[2024-12-10T08:06:23.901Z] Error reading or processing Modbus registers: A Modbus Exception Occurred - See Response Body
[2024-12-10T08:06:23.903Z] Error reading register 6507 for IP 10.30.4.128: A Modbus Exception Occurred - See Response Body
[2024-12-10T08:06:23.904Z] Error reading actual data: A Modbus Exception Occurred - See Response Body
[2024-12-10T08:06:23.905Z] Error writing to Modbus register: A Modbus Exception Occurred - See Response Body
[2024-12-10T08:06:24.901Z] Error reading or processing Modbus registers: A Modbus Exception Occurred - See Response Body
[2024-12-10T08:06:24.903Z] Error reading register 6507 for IP 10.30.4.128: A Modbus Exception Occurred - See Response Body
[2024-12-10T08:06:24.904Z] Error reading actual data: A Modbus Exception Occurred - See Response Body
[2024-12-10T08:06:24.904Z] Error writing to Modbus register: A Modbus Exception Occurred - See Response Body
[2024-12-10T08:06:25.915Z] Error reading or processing Modbus registers: A Modbus Exception Occurred - See Response Body
[2024-12-10T08:06:25.917Z] Error reading register 6507 for IP 10.30.4.128: A Modbus Exception Occurred - See Response Body
[2024-12-10T08:06:25.918Z] Error reading actual data: A Modbus Exception Occurred - See Response Body
[2024-12-10T08:06:25.919Z] Error writing to Modbus register: A Modbus Exception Occurred - See Response Body
[2024-12-10T08:06:26.915Z] Error reading or processing Modbus registers: A Modbus Exception Occurred - See Response Body
[2024-12-10T08:06:26.919Z] Error reading register 6507 for IP 10.30.4.128: A Modbus Exception Occurred - See Response Body
[2024-12-10T08:06:26.920Z] Error reading actual data: A Modbus Exception Occurred - See Response Body
[2024-12-10T08:06:26.920Z] Error writing to Modbus register: A Modbus Exception Occurred - See Response Body
[2024-12-10T08:06:27.927Z] Error reading or processing Modbus registers: A Modbus Exception Occurred - See Response Body
[2024-12-10T08:06:27.929Z] Error reading register 6507 for IP 10.30.4.128: A Modbus Exception Occurred - See Response Body
[2024-12-10T08:06:27.930Z] Error reading actual data: A Modbus Exception Occurred - See Response Body
[2024-12-10T08:06:27.930Z] Error writing to Modbus register: A Modbus Exception Occurred - See Response Body
[2024-12-10T08:06:28.928Z] Error reading or processing Modbus registers: A Modbus Exception Occurred - See Response Body
[2024-12-10T08:06:28.930Z] Error reading register 6507 for IP 10.30.4.128: A Modbus Exception Occurred - See Response Body
[2024-12-10T08:06:28.931Z] Error reading actual data: A Modbus Exception Occurred - See Response Body
[2024-12-10T08:06:28.931Z] Error writing to Modbus register: A Modbus Exception Occurred - See Response Body
[2024-12-10T08:06:29.940Z] Error reading or processing Modbus registers: A Modbus Exception Occurred - See Response Body
[2024-12-10T08:06:29.943Z] Error reading register 6507 for IP 10.30.4.128: A Modbus Exception Occurred - See Response Body
[2024-12-10T08:06:29.943Z] Error reading actual data: A Modbus Exception Occurred - See Response Body
[2024-12-10T08:06:29.944Z] Error writing to Modbus register: A Modbus Exception Occurred - See Response Body
[2024-12-10T08:06:30.953Z] Error reading or processing Modbus registers: A Modbus Exception Occurred - See Response Body
[2024-12-10T08:06:30.955Z] Error reading register 6507 for IP 10.30.4.128: A Modbus Exception Occurred - See Response Body
[2024-12-10T08:06:30.956Z] Error reading actual data: A Modbus Exception Occurred - See Response Body
[2024-12-10T08:06:30.957Z] Error writing to Modbus register: A Modbus Exception Occurred - See Response Body
[2024-12-10T08:06:31.964Z] Error reading or processing Modbus registers: A Modbus Exception Occurred - See Response Body
[2024-12-10T08:06:31.966Z] Error reading register 6507 for IP 10.30.4.128: A Modbus Exception Occurred - See Response Body
[2024-12-10T08:06:31.967Z] Error reading actual data: A Modbus Exception Occurred - See Response Body
[2024-12-10T08:06:31.968Z] Error writing to Modbus register: A Modbus Exception Occurred - See Response Body
[2024-12-10T08:06:32.977Z] Error reading or processing Modbus registers: A Modbus Exception Occurred - See Response Body
[2024-12-10T08:06:32.981Z] Error reading register 6507 for IP 10.30.4.128: A Modbus Exception Occurred - See Response Body
[2024-12-10T08:06:32.981Z] Error reading actual data: A Modbus Exception Occurred - See Response Body
[2024-12-10T08:06:32.982Z] Error writing to Modbus register: A Modbus Exception Occurred - See Response Body
[2024-12-10T08:06:33.988Z] Error reading or processing Modbus registers: A Modbus Exception Occurred - See Response Body
[2024-12-10T08:06:33.990Z] Error reading register 6507 for IP 10.30.4.128: A Modbus Exception Occurred - See Response Body
[2024-12-10T08:06:33.991Z] Error reading actual data: A Modbus Exception Occurred - See Response Body
[2024-12-10T08:06:33.992Z] Error writing to Modbus register: A Modbus Exception Occurred - See Response Body
[2024-12-10T08:06:35.001Z] Error reading or processing Modbus registers: A Modbus Exception Occurred - See Response Body
[2024-12-10T08:06:35.004Z] Error reading register 6507 for IP 10.30.4.128: A Modbus Exception Occurred - See Response Body
[2024-12-10T08:06:35.004Z] Error reading actual data: A Modbus Exception Occurred - See Response Body
[2024-12-10T08:06:35.005Z] Error writing to Modbus register: A Modbus Exception Occurred - See Response Body
[2024-12-10T08:06:36.015Z] Error reading or processing Modbus registers: A Modbus Exception Occurred - See Response Body
[2024-12-10T08:06:36.018Z] Error reading register 6507 for IP 10.30.4.128: A Modbus Exception Occurred - See Response Body
[2024-12-10T08:06:36.019Z] Error reading actual data: A Modbus Exception Occurred - See Response Body
[2024-12-10T08:06:36.020Z] Error writing to Modbus register: A Modbus Exception Occurred - See Response Body
[2024-12-10T08:06:37.015Z] Error reading or processing Modbus registers: A Modbus Exception Occurred - See Response Body
[2024-12-10T08:06:37.019Z] Error reading register 6507 for IP 10.30.4.128: A Modbus Exception Occurred - See Response Body
[2024-12-10T08:06:37.020Z] Error reading actual data: A Modbus Exception Occurred - See Response Body
[2024-12-10T08:06:37.021Z] Error writing to Modbus register: A Modbus Exception Occurred - See Response Body
[2024-12-10T08:06:38.024Z] Error reading or processing Modbus registers: A Modbus Exception Occurred - See Response Body
[2024-12-10T08:06:38.027Z] Error reading register 6507 for IP 10.30.4.128: A Modbus Exception Occurred - See Response Body
[2024-12-10T08:06:38.030Z] Error reading actual data: A Modbus Exception Occurred - See Response Body
[2024-12-10T08:06:38.031Z] Error writing to Modbus register: A Modbus Exception Occurred - See Response Body
[2024-12-10T08:06:39.034Z] Error reading or processing Modbus registers: A Modbus Exception Occurred - See Response Body
[2024-12-10T08:06:39.037Z] Error reading register 6507 for IP 10.30.4.128: A Modbus Exception Occurred - See Response Body
[2024-12-10T08:06:39.037Z] Error reading actual data: A Modbus Exception Occurred - See Response Body
[2024-12-10T08:06:39.038Z] Error writing to Modbus register: A Modbus Exception Occurred - See Response Body
[2024-12-10T08:06:40.048Z] Error reading or processing Modbus registers: A Modbus Exception Occurred - See Response Body
[2024-12-10T08:06:40.050Z] Error reading register 6507 for IP 10.30.4.128: A Modbus Exception Occurred - See Response Body
[2024-12-10T08:06:40.051Z] Error reading actual data: A Modbus Exception Occurred - See Response Body
[2024-12-10T08:06:40.051Z] Error writing to Modbus register: A Modbus Exception Occurred - See Response Body
[2024-12-10T08:06:41.048Z] Error reading or processing Modbus registers: A Modbus Exception Occurred - See Response Body
[2024-12-10T08:06:41.050Z] Error reading register 6507 for IP 10.30.4.128: A Modbus Exception Occurred - See Response Body
[2024-12-10T08:06:41.051Z] Error reading actual data: A Modbus Exception Occurred - See Response Body
[2024-12-10T08:06:41.051Z] Error writing to Modbus register: A Modbus Exception Occurred - See Response Body
[2024-12-10T08:06:42.060Z] Error reading or processing Modbus registers: A Modbus Exception Occurred - See Response Body
[2024-12-10T08:06:42.062Z] Error reading register 6507 for IP 10.30.4.128: A Modbus Exception Occurred - See Response Body
[2024-12-10T08:06:42.063Z] Error reading actual data: A Modbus Exception Occurred - See Response Body
[2024-12-10T08:06:42.064Z] Error writing to Modbus register: A Modbus Exception Occurred - See Response Body
[2024-12-10T08:06:43.061Z] Error reading or processing Modbus registers: A Modbus Exception Occurred - See Response Body
[2024-12-10T08:06:43.063Z] Error reading register 6507 for IP 10.30.4.128: A Modbus Exception Occurred - See Response Body
[2024-12-10T08:06:43.064Z] Error reading actual data: A Modbus Exception Occurred - See Response Body
[2024-12-10T08:06:43.064Z] Error writing to Modbus register: A Modbus Exception Occurred - See Response Body
[2024-12-10T08:06:44.072Z] Error reading or processing Modbus registers: A Modbus Exception Occurred - See Response Body
[2024-12-10T08:06:44.074Z] Error reading register 6507 for IP 10.30.4.128: A Modbus Exception Occurred - See Response Body
[2024-12-10T08:06:44.075Z] Error reading actual data: A Modbus Exception Occurred - See Response Body
[2024-12-10T08:06:44.075Z] Error writing to Modbus register: A Modbus Exception Occurred - See Response Body
[2024-12-10T08:06:45.085Z] Error reading or processing Modbus registers: A Modbus Exception Occurred - See Response Body
[2024-12-10T08:06:45.087Z] Error reading register 6507 for IP 10.30.4.128: A Modbus Exception Occurred - See Response Body
[2024-12-10T08:06:45.089Z] Error reading actual data: A Modbus Exception Occurred - See Response Body
[2024-12-10T08:06:45.090Z] Error writing to Modbus register: A Modbus Exception Occurred - See Response Body
[2024-12-10T08:06:46.100Z] Error reading or processing Modbus registers: A Modbus Exception Occurred - See Response Body
[2024-12-10T08:06:46.102Z] Error reading register 6507 for IP 10.30.4.128: A Modbus Exception Occurred - See Response Body
[2024-12-10T08:06:46.102Z] Error reading actual data: A Modbus Exception Occurred - See Response Body
[2024-12-10T08:06:46.103Z] Error writing to Modbus register: A Modbus Exception Occurred - See Response Body
[2024-12-10T08:06:47.102Z] Error reading or processing Modbus registers: A Modbus Exception Occurred - See Response Body
[2024-12-10T08:06:47.104Z] Error reading register 6507 for IP 10.30.4.128: A Modbus Exception Occurred - See Response Body
[2024-12-10T08:06:47.105Z] Error reading actual data: A Modbus Exception Occurred - See Response Body
[2024-12-10T08:06:47.106Z] Error writing to Modbus register: A Modbus Exception Occurred - See Response Body
[2024-12-10T08:06:48.113Z] Error reading or processing Modbus registers: A Modbus Exception Occurred - See Response Body
[2024-12-10T08:06:48.115Z] Error reading register 6507 for IP 10.30.4.128: A Modbus Exception Occurred - See Response Body
[2024-12-10T08:06:48.116Z] Error reading actual data: A Modbus Exception Occurred - See Response Body
[2024-12-10T08:06:48.117Z] Error writing to Modbus register: A Modbus Exception Occurred - See Response Body
[2024-12-10T08:06:49.127Z] Error reading or processing Modbus registers: A Modbus Exception Occurred - See Response Body
[2024-12-10T08:06:49.129Z] Error reading register 6507 for IP 10.30.4.128: A Modbus Exception Occurred - See Response Body
[2024-12-10T08:06:49.129Z] Error reading actual data: A Modbus Exception Occurred - See Response Body
[2024-12-10T08:06:49.130Z] Error writing to Modbus register: A Modbus Exception Occurred - See Response Body
[2024-12-10T08:06:50.138Z] Error reading or processing Modbus registers: A Modbus Exception Occurred - See Response Body
[2024-12-10T08:06:50.141Z] Error reading register 6507 for IP 10.30.4.128: A Modbus Exception Occurred - See Response Body
[2024-12-10T08:06:50.141Z] Error reading actual data: A Modbus Exception Occurred - See Response Body
[2024-12-10T08:06:50.142Z] Error writing to Modbus register: A Modbus Exception Occurred - See Response Body
[2024-12-10T08:06:51.152Z] Error reading or processing Modbus registers: A Modbus Exception Occurred - See Response Body
[2024-12-10T08:06:51.154Z] Error reading register 6507 for IP 10.30.4.128: A Modbus Exception Occurred - See Response Body
[2024-12-10T08:06:51.154Z] Error reading actual data: A Modbus Exception Occurred - See Response Body
[2024-12-10T08:06:51.155Z] Error writing to Modbus register: A Modbus Exception Occurred - See Response Body
[2024-12-10T08:06:52.157Z] Error reading or processing Modbus registers: A Modbus Exception Occurred - See Response Body
[2024-12-10T08:06:52.159Z] Error reading register 6507 for IP 10.30.4.128: A Modbus Exception Occurred - See Response Body
[2024-12-10T08:06:52.160Z] Error reading actual data: A Modbus Exception Occurred - See Response Body
[2024-12-10T08:06:52.161Z] Error writing to Modbus register: A Modbus Exception Occurred - See Response Body
[2024-12-10T08:06:53.173Z] Error reading or processing Modbus registers: A Modbus Exception Occurred - See Response Body
[2024-12-10T08:06:53.175Z] Error reading register 6507 for IP 10.30.4.128: A Modbus Exception Occurred - See Response Body
[2024-12-10T08:06:53.175Z] Error reading actual data: A Modbus Exception Occurred - See Response Body
[2024-12-10T08:06:53.176Z] Error writing to Modbus register: A Modbus Exception Occurred - See Response Body
[2024-12-10T08:06:54.173Z] Error reading or processing Modbus registers: A Modbus Exception Occurred - See Response Body
[2024-12-10T08:06:54.175Z] Error reading register 6507 for IP 10.30.4.128: A Modbus Exception Occurred - See Response Body
[2024-12-10T08:06:54.176Z] Error reading actual data: A Modbus Exception Occurred - See Response Body
[2024-12-10T08:06:54.177Z] Error writing to Modbus register: A Modbus Exception Occurred - See Response Body
[2024-12-10T08:06:55.188Z] Error reading or processing Modbus registers: A Modbus Exception Occurred - See Response Body
[2024-12-10T08:06:55.190Z] Error reading register 6507 for IP 10.30.4.128: A Modbus Exception Occurred - See Response Body
[2024-12-10T08:06:55.191Z] Error reading actual data: A Modbus Exception Occurred - See Response Body
[2024-12-10T08:06:55.192Z] Error writing to Modbus register: A Modbus Exception Occurred - See Response Body
[2024-12-10T08:06:56.189Z] Error reading or processing Modbus registers: A Modbus Exception Occurred - See Response Body
[2024-12-10T08:06:56.191Z] Error reading register 6507 for IP 10.30.4.128: A Modbus Exception Occurred - See Response Body
[2024-12-10T08:06:56.192Z] Error reading actual data: A Modbus Exception Occurred - See Response Body
[2024-12-10T08:06:56.193Z] Error writing to Modbus register: A Modbus Exception Occurred - See Response Body
[2024-12-10T08:06:57.200Z] Error reading or processing Modbus registers: A Modbus Exception Occurred - See Response Body
[2024-12-10T08:06:57.203Z] Error reading register 6507 for IP 10.30.4.128: A Modbus Exception Occurred - See Response Body
[2024-12-10T08:06:57.204Z] Error reading actual data: A Modbus Exception Occurred - See Response Body
[2024-12-10T08:06:57.205Z] Error writing to Modbus register: A Modbus Exception Occurred - See Response Body
[2024-12-10T08:06:58.214Z] Error reading or processing Modbus registers: A Modbus Exception Occurred - See Response Body
[2024-12-10T08:06:58.217Z] Error reading register 6507 for IP 10.30.4.128: A Modbus Exception Occurred - See Response Body
[2024-12-10T08:06:58.218Z] Error reading actual data: A Modbus Exception Occurred - See Response Body
[2024-12-10T08:06:58.218Z] Error writing to Modbus register: A Modbus Exception Occurred - See Response Body
[2024-12-10T08:06:59.214Z] Error reading or processing Modbus registers: A Modbus Exception Occurred - See Response Body
[2024-12-10T08:06:59.216Z] Error reading register 6507 for IP 10.30.4.128: A Modbus Exception Occurred - See Response Body
[2024-12-10T08:06:59.217Z] Error reading actual data: A Modbus Exception Occurred - See Response Body
[2024-12-10T08:06:59.218Z] Error writing to Modbus register: A Modbus Exception Occurred - See Response Body
[2024-12-10T08:07:00.226Z] Error reading or processing Modbus registers: A Modbus Exception Occurred - See Response Body
[2024-12-10T08:07:00.228Z] Error reading register 6507 for IP 10.30.4.128: A Modbus Exception Occurred - See Response Body
[2024-12-10T08:07:00.230Z] Error reading actual data: A Modbus Exception Occurred - See Response Body
[2024-12-10T08:07:00.231Z] Error writing to Modbus register: A Modbus Exception Occurred - See Response Body
[2024-12-10T08:07:01.238Z] Error reading or processing Modbus registers: A Modbus Exception Occurred - See Response Body
[2024-12-10T08:07:01.241Z] Error reading register 6507 for IP 10.30.4.128: A Modbus Exception Occurred - See Response Body
[2024-12-10T08:07:01.241Z] Error reading actual data: A Modbus Exception Occurred - See Response Body
[2024-12-10T08:07:01.242Z] Error writing to Modbus register: A Modbus Exception Occurred - See Response Body
[2024-12-10T08:07:02.251Z] Error reading or processing Modbus registers: A Modbus Exception Occurred - See Response Body
[2024-12-10T08:07:02.256Z] Error reading register 6507 for IP 10.30.4.128: A Modbus Exception Occurred - See Response Body
[2024-12-10T08:07:02.257Z] Error reading actual data: A Modbus Exception Occurred - See Response Body
[2024-12-10T08:07:02.257Z] Error writing to Modbus register: A Modbus Exception Occurred - See Response Body
[2024-12-10T08:07:03.265Z] Error reading or processing Modbus registers: A Modbus Exception Occurred - See Response Body
[2024-12-10T08:07:03.267Z] Error reading register 6507 for IP 10.30.4.128: A Modbus Exception Occurred - See Response Body
[2024-12-10T08:07:03.268Z] Error reading actual data: A Modbus Exception Occurred - See Response Body
[2024-12-10T08:07:03.268Z] Error writing to Modbus register: A Modbus Exception Occurred - See Response Body
[2024-12-10T08:07:04.276Z] Error reading or processing Modbus registers: A Modbus Exception Occurred - See Response Body
[2024-12-10T08:07:04.279Z] Error reading register 6507 for IP 10.30.4.128: A Modbus Exception Occurred - See Response Body
[2024-12-10T08:07:04.279Z] Error reading actual data: A Modbus Exception Occurred - See Response Body
[2024-12-10T08:07:04.280Z] Error writing to Modbus register: A Modbus Exception Occurred - See Response Body
[2024-12-10T08:07:05.288Z] Error reading or processing Modbus registers: A Modbus Exception Occurred - See Response Body
[2024-12-10T08:07:05.292Z] Error reading register 6507 for IP 10.30.4.128: A Modbus Exception Occurred - See Response Body
[2024-12-10T08:07:05.293Z] Error reading actual data: A Modbus Exception Occurred - See Response Body
[2024-12-10T08:07:05.293Z] Error writing to Modbus register: A Modbus Exception Occurred - See Response Body
[2024-12-10T08:07:06.296Z] Error reading or processing Modbus registers: A Modbus Exception Occurred - See Response Body
[2024-12-10T08:07:06.298Z] Error reading register 6507 for IP 10.30.4.128: A Modbus Exception Occurred - See Response Body
[2024-12-10T08:07:06.299Z] Error reading actual data: A Modbus Exception Occurred - See Response Body
[2024-12-10T08:07:06.299Z] Error writing to Modbus register: A Modbus Exception Occurred - See Response Body
[2024-12-10T08:07:07.310Z] Error reading or processing Modbus registers: A Modbus Exception Occurred - See Response Body
[2024-12-10T08:07:07.313Z] Error reading register 6507 for IP 10.30.4.128: A Modbus Exception Occurred - See Response Body
[2024-12-10T08:07:07.314Z] Error reading actual data: A Modbus Exception Occurred - See Response Body
[2024-12-10T08:07:07.314Z] Error writing to Modbus register: A Modbus Exception Occurred - See Response Body
[2024-12-10T08:07:08.321Z] Error reading or processing Modbus registers: A Modbus Exception Occurred - See Response Body
[2024-12-10T08:07:08.325Z] Error reading register 6507 for IP 10.30.4.128: A Modbus Exception Occurred - See Response Body
[2024-12-10T08:07:08.325Z] Error reading actual data: A Modbus Exception Occurred - See Response Body
[2024-12-10T08:07:08.326Z] Error writing to Modbus register: A Modbus Exception Occurred - See Response Body
[2024-12-10T08:07:09.325Z] Error reading or processing Modbus registers: A Modbus Exception Occurred - See Response Body
[2024-12-10T08:07:09.327Z] Error reading register 6507 for IP 10.30.4.128: A Modbus Exception Occurred - See Response Body
[2024-12-10T08:07:09.328Z] Error reading actual data: A Modbus Exception Occurred - See Response Body
[2024-12-10T08:07:09.329Z] Error writing to Modbus register: A Modbus Exception Occurred - See Response Body
[2024-12-10T08:07:10.327Z] Error reading or processing Modbus registers: A Modbus Exception Occurred - See Response Body
[2024-12-10T08:07:10.330Z] Error reading register 6507 for IP 10.30.4.128: A Modbus Exception Occurred - See Response Body
[2024-12-10T08:07:10.330Z] Error reading actual data: A Modbus Exception Occurred - See Response Body
[2024-12-10T08:07:10.331Z] Error writing to Modbus register: A Modbus Exception Occurred - See Response Body
[2024-12-10T08:07:11.330Z] Error reading or processing Modbus registers: A Modbus Exception Occurred - See Response Body
[2024-12-10T08:07:11.332Z] Error reading register 6507 for IP 10.30.4.128: A Modbus Exception Occurred - See Response Body
[2024-12-10T08:07:11.332Z] Error reading actual data: A Modbus Exception Occurred - See Response Body
[2024-12-10T08:07:11.333Z] Error writing to Modbus register: A Modbus Exception Occurred - See Response Body
[2024-12-10T08:07:12.339Z] Error reading or processing Modbus registers: A Modbus Exception Occurred - See Response Body
[2024-12-10T08:07:12.341Z] Error reading register 6507 for IP 10.30.4.128: A Modbus Exception Occurred - See Response Body
[2024-12-10T08:07:12.342Z] Error reading actual data: A Modbus Exception Occurred - See Response Body
[2024-12-10T08:07:12.343Z] Error writing to Modbus register: A Modbus Exception Occurred - See Response Body
[2024-12-10T08:07:13.352Z] Error reading or processing Modbus registers: A Modbus Exception Occurred - See Response Body
[2024-12-10T08:07:13.354Z] Error reading register 6507 for IP 10.30.4.128: A Modbus Exception Occurred - See Response Body
[2024-12-10T08:07:13.356Z] Error reading actual data: A Modbus Exception Occurred - See Response Body
[2024-12-10T08:07:13.357Z] Error writing to Modbus register: A Modbus Exception Occurred - See Response Body
[2024-12-10T08:07:14.365Z] Error reading or processing Modbus registers: A Modbus Exception Occurred - See Response Body
[2024-12-10T08:07:14.368Z] Error reading register 6507 for IP 10.30.4.128: A Modbus Exception Occurred - See Response Body
[2024-12-10T08:07:14.368Z] Error reading actual data: A Modbus Exception Occurred - See Response Body
[2024-12-10T08:07:14.369Z] Error writing to Modbus register: A Modbus Exception Occurred - See Response Body
[2024-12-10T08:07:15.376Z] Error reading or processing Modbus registers: A Modbus Exception Occurred - See Response Body
[2024-12-10T08:07:15.378Z] Error reading register 6507 for IP 10.30.4.128: A Modbus Exception Occurred - See Response Body
[2024-12-10T08:07:15.379Z] Error reading actual data: A Modbus Exception Occurred - See Response Body
[2024-12-10T08:07:15.380Z] Error writing to Modbus register: A Modbus Exception Occurred - See Response Body
[2024-12-10T08:07:16.390Z] Error reading or processing Modbus registers: A Modbus Exception Occurred - See Response Body
[2024-12-10T08:07:16.392Z] Error reading register 6507 for IP 10.30.4.128: A Modbus Exception Occurred - See Response Body
[2024-12-10T08:07:16.393Z] Error reading actual data: A Modbus Exception Occurred - See Response Body
[2024-12-10T08:07:16.394Z] Error writing to Modbus register: A Modbus Exception Occurred - See Response Body
[2024-12-10T08:07:17.391Z] Error reading or processing Modbus registers: A Modbus Exception Occurred - See Response Body
[2024-12-10T08:07:17.393Z] Error reading register 6507 for IP 10.30.4.128: A Modbus Exception Occurred - See Response Body
[2024-12-10T08:07:17.394Z] Error reading actual data: A Modbus Exception Occurred - See Response Body
[2024-12-10T08:07:17.395Z] Error writing to Modbus register: A Modbus Exception Occurred - See Response Body
[2024-12-10T08:07:18.403Z] Error reading or processing Modbus registers: A Modbus Exception Occurred - See Response Body
[2024-12-10T08:07:18.405Z] Error reading register 6507 for IP 10.30.4.128: A Modbus Exception Occurred - See Response Body
[2024-12-10T08:07:18.406Z] Error reading actual data: A Modbus Exception Occurred - See Response Body
[2024-12-10T08:07:18.407Z] Error writing to Modbus register: A Modbus Exception Occurred - See Response Body
[2024-12-10T08:07:19.405Z] Error reading or processing Modbus registers: A Modbus Exception Occurred - See Response Body
[2024-12-10T08:07:19.407Z] Error reading register 6507 for IP 10.30.4.128: A Modbus Exception Occurred - See Response Body
[2024-12-10T08:07:19.408Z] Error reading actual data: A Modbus Exception Occurred - See Response Body
[2024-12-10T08:07:19.409Z] Error writing to Modbus register: A Modbus Exception Occurred - See Response Body
[2024-12-10T08:07:20.413Z] Error reading or processing Modbus registers: A Modbus Exception Occurred - See Response Body
[2024-12-10T08:07:20.415Z] Error reading register 6507 for IP 10.30.4.128: A Modbus Exception Occurred - See Response Body
[2024-12-10T08:07:20.416Z] Error reading actual data: A Modbus Exception Occurred - See Response Body
[2024-12-10T08:07:20.417Z] Error writing to Modbus register: A Modbus Exception Occurred - See Response Body
[2024-12-10T08:07:21.427Z] Error reading or processing Modbus registers: A Modbus Exception Occurred - See Response Body
[2024-12-10T08:07:21.429Z] Error reading register 6507 for IP 10.30.4.128: A Modbus Exception Occurred - See Response Body
[2024-12-10T08:07:21.430Z] Error reading actual data: A Modbus Exception Occurred - See Response Body
[2024-12-10T08:07:21.430Z] Error writing to Modbus register: A Modbus Exception Occurred - See Response Body
[2024-12-10T08:07:22.430Z] Error reading or processing Modbus registers: A Modbus Exception Occurred - See Response Body
[2024-12-10T08:07:22.433Z] Error reading register 6507 for IP 10.30.4.128: A Modbus Exception Occurred - See Response Body
[2024-12-10T08:07:22.433Z] Error reading actual data: A Modbus Exception Occurred - See Response Body
[2024-12-10T08:07:22.434Z] Error writing to Modbus register: A Modbus Exception Occurred - See Response Body
[2024-12-10T08:07:23.440Z] Error reading or processing Modbus registers: A Modbus Exception Occurred - See Response Body
[2024-12-10T08:07:23.443Z] Error reading register 6507 for IP 10.30.4.128: A Modbus Exception Occurred - See Response Body
[2024-12-10T08:07:23.443Z] Error reading actual data: A Modbus Exception Occurred - See Response Body
[2024-12-10T08:07:23.444Z] Error writing to Modbus register: A Modbus Exception Occurred - See Response Body
[2024-12-10T08:07:24.452Z] Error reading or processing Modbus registers: A Modbus Exception Occurred - See Response Body
[2024-12-10T08:07:24.456Z] Error reading register 6507 for IP 10.30.4.128: A Modbus Exception Occurred - See Response Body
[2024-12-10T08:07:24.457Z] Error reading actual data: A Modbus Exception Occurred - See Response Body
[2024-12-10T08:07:24.457Z] Error writing to Modbus register: A Modbus Exception Occurred - See Response Body
[2024-12-10T08:07:25.466Z] Error reading or processing Modbus registers: A Modbus Exception Occurred - See Response Body
[2024-12-10T08:07:25.468Z] Error reading register 6507 for IP 10.30.4.128: A Modbus Exception Occurred - See Response Body
[2024-12-10T08:07:25.469Z] Error reading actual data: A Modbus Exception Occurred - See Response Body
[2024-12-10T08:07:25.470Z] Error writing to Modbus register: A Modbus Exception Occurred - See Response Body
[2024-12-10T08:07:26.480Z] Error reading or processing Modbus registers: A Modbus Exception Occurred - See Response Body
[2024-12-10T08:07:26.483Z] Error reading register 6507 for IP 10.30.4.128: A Modbus Exception Occurred - See Response Body
[2024-12-10T08:07:26.484Z] Error reading actual data: A Modbus Exception Occurred - See Response Body
[2024-12-10T08:07:26.484Z] Error writing to Modbus register: A Modbus Exception Occurred - See Response Body
[2024-12-10T08:07:27.494Z] Error reading or processing Modbus registers: A Modbus Exception Occurred - See Response Body
[2024-12-10T08:07:27.496Z] Error reading register 6507 for IP 10.30.4.128: A Modbus Exception Occurred - See Response Body
[2024-12-10T08:07:27.497Z] Error reading actual data: A Modbus Exception Occurred - See Response Body
[2024-12-10T08:07:27.498Z] Error writing to Modbus register: A Modbus Exception Occurred - See Response Body
[2024-12-10T08:07:28.510Z] Error reading or processing Modbus registers: A Modbus Exception Occurred - See Response Body
[2024-12-10T08:07:28.513Z] Error reading register 6507 for IP 10.30.4.128: A Modbus Exception Occurred - See Response Body
[2024-12-10T08:07:28.514Z] Error reading actual data: A Modbus Exception Occurred - See Response Body
[2024-12-10T08:07:28.514Z] Error writing to Modbus register: A Modbus Exception Occurred - See Response Body
[2024-12-10T08:07:29.518Z] Error reading or processing Modbus registers: A Modbus Exception Occurred - See Response Body
[2024-12-10T08:07:29.520Z] Error reading register 6507 for IP 10.30.4.128: A Modbus Exception Occurred - See Response Body
[2024-12-10T08:07:29.521Z] Error reading actual data: A Modbus Exception Occurred - See Response Body
[2024-12-10T08:07:29.521Z] Error writing to Modbus register: A Modbus Exception Occurred - See Response Body
[2024-12-10T08:07:30.531Z] Error reading or processing Modbus registers: A Modbus Exception Occurred - See Response Body
[2024-12-10T08:07:30.533Z] Error reading register 6507 for IP 10.30.4.128: A Modbus Exception Occurred - See Response Body
[2024-12-10T08:07:30.534Z] Error reading actual data: A Modbus Exception Occurred - See Response Body
[2024-12-10T08:07:30.534Z] Error writing to Modbus register: A Modbus Exception Occurred - See Response Body
[2024-12-10T08:07:31.543Z] Error reading or processing Modbus registers: A Modbus Exception Occurred - See Response Body
[2024-12-10T08:07:31.545Z] Error reading register 6507 for IP 10.30.4.128: A Modbus Exception Occurred - See Response Body
[2024-12-10T08:07:31.547Z] Error reading actual data: A Modbus Exception Occurred - See Response Body
[2024-12-10T08:07:31.548Z] Error writing to Modbus register: A Modbus Exception Occurred - See Response Body
[2024-12-10T08:07:32.554Z] Error reading or processing Modbus registers: A Modbus Exception Occurred - See Response Body
[2024-12-10T08:07:32.556Z] Error reading register 6507 for IP 10.30.4.128: A Modbus Exception Occurred - See Response Body
[2024-12-10T08:07:32.557Z] Error reading actual data: A Modbus Exception Occurred - See Response Body
[2024-12-10T08:07:32.557Z] Error writing to Modbus register: A Modbus Exception Occurred - See Response Body
[2024-12-10T08:07:33.565Z] Error reading or processing Modbus registers: A Modbus Exception Occurred - See Response Body
[2024-12-10T08:07:33.567Z] Error reading register 6507 for IP 10.30.4.128: A Modbus Exception Occurred - See Response Body
[2024-12-10T08:07:33.568Z] Error reading actual data: A Modbus Exception Occurred - See Response Body
[2024-12-10T08:07:33.568Z] Error writing to Modbus register: A Modbus Exception Occurred - See Response Body
[2024-12-10T08:07:34.576Z] Error reading or processing Modbus registers: A Modbus Exception Occurred - See Response Body
[2024-12-10T08:07:34.579Z] Error reading register 6507 for IP 10.30.4.128: A Modbus Exception Occurred - See Response Body
[2024-12-10T08:07:34.580Z] Error reading actual data: A Modbus Exception Occurred - See Response Body
[2024-12-10T08:07:34.580Z] Error writing to Modbus register: A Modbus Exception Occurred - See Response Body
[2024-12-10T08:07:35.590Z] Error reading or processing Modbus registers: A Modbus Exception Occurred - See Response Body
[2024-12-10T08:07:35.592Z] Error reading register 6507 for IP 10.30.4.128: A Modbus Exception Occurred - See Response Body
[2024-12-10T08:07:35.593Z] Error reading actual data: A Modbus Exception Occurred - See Response Body
[2024-12-10T08:07:35.594Z] Error writing to Modbus register: A Modbus Exception Occurred - See Response Body
[2024-12-10T08:07:36.591Z] Error reading or processing Modbus registers: A Modbus Exception Occurred - See Response Body
[2024-12-10T08:07:36.593Z] Error reading register 6507 for IP 10.30.4.128: A Modbus Exception Occurred - See Response Body
[2024-12-10T08:07:36.593Z] Error reading actual data: A Modbus Exception Occurred - See Response Body
[2024-12-10T08:07:36.594Z] Error writing to Modbus register: A Modbus Exception Occurred - See Response Body
[2024-12-10T08:07:37.600Z] Error reading or processing Modbus registers: A Modbus Exception Occurred - See Response Body
[2024-12-10T08:07:37.602Z] Error reading register 6507 for IP 10.30.4.128: A Modbus Exception Occurred - See Response Body
[2024-12-10T08:07:37.603Z] Error reading actual data: A Modbus Exception Occurred - See Response Body
[2024-12-10T08:07:37.603Z] Error writing to Modbus register: A Modbus Exception Occurred - See Response Body
[2024-12-10T08:07:38.614Z] Error reading or processing Modbus registers: A Modbus Exception Occurred - See Response Body
[2024-12-10T08:07:38.618Z] Error reading register 6507 for IP 10.30.4.128: A Modbus Exception Occurred - See Response Body
[2024-12-10T08:07:38.619Z] Error reading actual data: A Modbus Exception Occurred - See Response Body
[2024-12-10T08:07:38.620Z] Error writing to Modbus register: A Modbus Exception Occurred - See Response Body
[2024-12-10T08:07:39.629Z] Error reading or processing Modbus registers: A Modbus Exception Occurred - See Response Body
[2024-12-10T08:07:39.631Z] Error reading register 6507 for IP 10.30.4.128: A Modbus Exception Occurred - See Response Body
[2024-12-10T08:07:39.632Z] Error reading actual data: A Modbus Exception Occurred - See Response Body
[2024-12-10T08:07:39.632Z] Error writing to Modbus register: A Modbus Exception Occurred - See Response Body
[2024-12-10T08:07:40.644Z] Error reading or processing Modbus registers: A Modbus Exception Occurred - See Response Body
[2024-12-10T08:07:40.648Z] Error reading register 6507 for IP 10.30.4.128: A Modbus Exception Occurred - See Response Body
[2024-12-10T08:07:40.649Z] Error reading actual data: A Modbus Exception Occurred - See Response Body
[2024-12-10T08:07:40.650Z] Error writing to Modbus register: A Modbus Exception Occurred - See Response Body
[2024-12-10T08:07:41.656Z] Error reading or processing Modbus registers: A Modbus Exception Occurred - See Response Body
[2024-12-10T08:07:41.659Z] Error reading register 6507 for IP 10.30.4.128: A Modbus Exception Occurred - See Response Body
[2024-12-10T08:07:41.659Z] Error reading actual data: A Modbus Exception Occurred - See Response Body
[2024-12-10T08:07:41.660Z] Error writing to Modbus register: A Modbus Exception Occurred - See Response Body
[2024-12-10T08:07:42.664Z] Error reading or processing Modbus registers: A Modbus Exception Occurred - See Response Body
[2024-12-10T08:07:42.666Z] Error reading register 6507 for IP 10.30.4.128: A Modbus Exception Occurred - See Response Body
[2024-12-10T08:07:42.667Z] Error reading actual data: A Modbus Exception Occurred - See Response Body
[2024-12-10T08:07:42.668Z] Error writing to Modbus register: A Modbus Exception Occurred - See Response Body
[2024-12-10T08:07:43.675Z] Error reading or processing Modbus registers: A Modbus Exception Occurred - See Response Body
[2024-12-10T08:07:43.677Z] Error reading register 6507 for IP 10.30.4.128: A Modbus Exception Occurred - See Response Body
[2024-12-10T08:07:43.678Z] Error reading actual data: A Modbus Exception Occurred - See Response Body
[2024-12-10T08:07:43.678Z] Error writing to Modbus register: A Modbus Exception Occurred - See Response Body
[2024-12-10T08:07:44.689Z] Error reading or processing Modbus registers: A Modbus Exception Occurred - See Response Body
[2024-12-10T08:07:44.691Z] Error reading register 6507 for IP 10.30.4.128: A Modbus Exception Occurred - See Response Body
[2024-12-10T08:07:44.691Z] Error reading actual data: A Modbus Exception Occurred - See Response Body
[2024-12-10T08:07:44.692Z] Error writing to Modbus register: A Modbus Exception Occurred - See Response Body
[2024-12-10T08:07:45.698Z] Error reading or processing Modbus registers: A Modbus Exception Occurred - See Response Body
[2024-12-10T08:07:45.700Z] Error reading register 6507 for IP 10.30.4.128: A Modbus Exception Occurred - See Response Body
[2024-12-10T08:07:45.700Z] Error reading actual data: A Modbus Exception Occurred - See Response Body
[2024-12-10T08:07:45.701Z] Error writing to Modbus register: A Modbus Exception Occurred - See Response Body
[2024-12-10T08:07:46.711Z] Error reading or processing Modbus registers: A Modbus Exception Occurred - See Response Body
[2024-12-10T08:07:46.714Z] Error reading register 6507 for IP 10.30.4.128: A Modbus Exception Occurred - See Response Body
[2024-12-10T08:07:46.714Z] Error reading actual data: A Modbus Exception Occurred - See Response Body
[2024-12-10T08:07:46.715Z] Error writing to Modbus register: A Modbus Exception Occurred - See Response Body
[2024-12-10T08:07:47.713Z] Error reading or processing Modbus registers: A Modbus Exception Occurred - See Response Body
[2024-12-10T08:07:47.715Z] Error reading register 6507 for IP 10.30.4.128: A Modbus Exception Occurred - See Response Body
[2024-12-10T08:07:47.716Z] Error reading actual data: A Modbus Exception Occurred - See Response Body
[2024-12-10T08:07:47.716Z] Error writing to Modbus register: A Modbus Exception Occurred - See Response Body
[2024-12-10T08:07:48.722Z] Error reading or processing Modbus registers: A Modbus Exception Occurred - See Response Body
[2024-12-10T08:07:48.725Z] Error reading register 6507 for IP 10.30.4.128: A Modbus Exception Occurred - See Response Body
[2024-12-10T08:07:48.726Z] Error reading actual data: A Modbus Exception Occurred - See Response Body
[2024-12-10T08:07:48.726Z] Error writing to Modbus register: A Modbus Exception Occurred - See Response Body
[2024-12-10T08:07:49.735Z] Error reading or processing Modbus registers: A Modbus Exception Occurred - See Response Body
[2024-12-10T08:07:49.738Z] Error reading register 6507 for IP 10.30.4.128: A Modbus Exception Occurred - See Response Body
[2024-12-10T08:07:49.739Z] Error reading actual data: A Modbus Exception Occurred - See Response Body
[2024-12-10T08:07:49.740Z] Error writing to Modbus register: A Modbus Exception Occurred - See Response Body
[2024-12-10T08:07:50.746Z] Error reading or processing Modbus registers: A Modbus Exception Occurred - See Response Body
[2024-12-10T08:07:50.749Z] Error reading register 6507 for IP 10.30.4.128: A Modbus Exception Occurred - See Response Body
[2024-12-10T08:07:50.749Z] Error reading actual data: A Modbus Exception Occurred - See Response Body
[2024-12-10T08:07:50.750Z] Error writing to Modbus register: A Modbus Exception Occurred - See Response Body
[2024-12-10T08:07:51.757Z] Error reading or processing Modbus registers: A Modbus Exception Occurred - See Response Body
[2024-12-10T08:07:51.760Z] Error reading register 6507 for IP 10.30.4.128: A Modbus Exception Occurred - See Response Body
[2024-12-10T08:07:51.760Z] Error reading actual data: A Modbus Exception Occurred - See Response Body
[2024-12-10T08:07:51.761Z] Error writing to Modbus register: A Modbus Exception Occurred - See Response Body
[2024-12-10T08:07:52.767Z] Error reading or processing Modbus registers: A Modbus Exception Occurred - See Response Body
[2024-12-10T08:07:52.769Z] Error reading register 6507 for IP 10.30.4.128: A Modbus Exception Occurred - See Response Body
[2024-12-10T08:07:52.770Z] Error reading actual data: A Modbus Exception Occurred - See Response Body
[2024-12-10T08:07:52.770Z] Error writing to Modbus register: A Modbus Exception Occurred - See Response Body
[2024-12-10T08:07:53.779Z] Error reading or processing Modbus registers: A Modbus Exception Occurred - See Response Body
[2024-12-10T08:07:53.781Z] Error reading register 6507 for IP 10.30.4.128: A Modbus Exception Occurred - See Response Body
[2024-12-10T08:07:53.782Z] Error reading actual data: A Modbus Exception Occurred - See Response Body
[2024-12-10T08:07:53.782Z] Error writing to Modbus register: A Modbus Exception Occurred - See Response Body
[2024-12-10T08:07:54.793Z] Error reading or processing Modbus registers: A Modbus Exception Occurred - See Response Body
[2024-12-10T08:07:54.796Z] Error reading register 6507 for IP 10.30.4.128: A Modbus Exception Occurred - See Response Body
[2024-12-10T08:07:54.796Z] Error reading actual data: A Modbus Exception Occurred - See Response Body
[2024-12-10T08:07:54.797Z] Error writing to Modbus register: A Modbus Exception Occurred - See Response Body
[2024-12-10T08:07:55.808Z] Error reading or processing Modbus registers: A Modbus Exception Occurred - See Response Body
[2024-12-10T08:07:55.811Z] Error reading register 6507 for IP 10.30.4.128: A Modbus Exception Occurred - See Response Body
[2024-12-10T08:07:55.811Z] Error reading actual data: A Modbus Exception Occurred - See Response Body
[2024-12-10T08:07:55.812Z] Error writing to Modbus register: A Modbus Exception Occurred - See Response Body
[2024-12-10T08:07:56.821Z] Error reading or processing Modbus registers: A Modbus Exception Occurred - See Response Body
[2024-12-10T08:07:56.823Z] Error reading register 6507 for IP 10.30.4.128: A Modbus Exception Occurred - See Response Body
[2024-12-10T08:07:56.824Z] Error reading actual data: A Modbus Exception Occurred - See Response Body
[2024-12-10T08:07:56.824Z] Error writing to Modbus register: A Modbus Exception Occurred - See Response Body
[2024-12-10T08:07:57.835Z] Error reading or processing Modbus registers: A Modbus Exception Occurred - See Response Body
[2024-12-10T08:07:57.837Z] Error reading register 6507 for IP 10.30.4.128: A Modbus Exception Occurred - See Response Body
[2024-12-10T08:07:57.838Z] Error reading actual data: A Modbus Exception Occurred - See Response Body
[2024-12-10T08:07:57.838Z] Error writing to Modbus register: A Modbus Exception Occurred - See Response Body
[2024-12-10T08:07:58.837Z] Error reading or processing Modbus registers: A Modbus Exception Occurred - See Response Body
[2024-12-10T08:07:58.839Z] Error reading register 6507 for IP 10.30.4.128: A Modbus Exception Occurred - See Response Body
[2024-12-10T08:07:58.840Z] Error reading actual data: A Modbus Exception Occurred - See Response Body
[2024-12-10T08:07:58.840Z] Error writing to Modbus register: A Modbus Exception Occurred - See Response Body
[2024-12-10T08:07:59.847Z] Error reading or processing Modbus registers: A Modbus Exception Occurred - See Response Body
[2024-12-10T08:07:59.849Z] Error reading register 6507 for IP 10.30.4.128: A Modbus Exception Occurred - See Response Body
[2024-12-10T08:07:59.850Z] Error reading actual data: A Modbus Exception Occurred - See Response Body
[2024-12-10T08:07:59.850Z] Error writing to Modbus register: A Modbus Exception Occurred - See Response Body
[2024-12-10T08:08:00.856Z] Error reading or processing Modbus registers: A Modbus Exception Occurred - See Response Body
[2024-12-10T08:08:00.858Z] Error reading register 6507 for IP 10.30.4.128: A Modbus Exception Occurred - See Response Body
[2024-12-10T08:08:00.859Z] Error reading actual data: A Modbus Exception Occurred - See Response Body
[2024-12-10T08:08:00.859Z] Error writing to Modbus register: A Modbus Exception Occurred - See Response Body
[2024-12-10T08:08:01.869Z] Error reading or processing Modbus registers: A Modbus Exception Occurred - See Response Body
[2024-12-10T08:08:01.871Z] Error reading register 6507 for IP 10.30.4.128: A Modbus Exception Occurred - See Response Body
[2024-12-10T08:08:01.872Z] Error reading actual data: A Modbus Exception Occurred - See Response Body
[2024-12-10T08:08:01.872Z] Error writing to Modbus register: A Modbus Exception Occurred - See Response Body
[2024-12-10T08:08:02.879Z] Error reading or processing Modbus registers: A Modbus Exception Occurred - See Response Body
[2024-12-10T08:08:02.882Z] Error reading register 6507 for IP 10.30.4.128: A Modbus Exception Occurred - See Response Body
[2024-12-10T08:08:02.883Z] Error reading actual data: A Modbus Exception Occurred - See Response Body
[2024-12-10T08:08:02.883Z] Error writing to Modbus register: A Modbus Exception Occurred - See Response Body
[2024-12-10T08:08:03.894Z] Error reading or processing Modbus registers: A Modbus Exception Occurred - See Response Body
[2024-12-10T08:08:03.897Z] Error reading register 6507 for IP 10.30.4.128: A Modbus Exception Occurred - See Response Body
[2024-12-10T08:08:03.898Z] Error reading actual data: A Modbus Exception Occurred - See Response Body
[2024-12-10T08:08:03.898Z] Error writing to Modbus register: A Modbus Exception Occurred - See Response Body
[2024-12-10T08:08:04.896Z] Error reading or processing Modbus registers: A Modbus Exception Occurred - See Response Body
[2024-12-10T08:08:04.898Z] Error reading register 6507 for IP 10.30.4.128: A Modbus Exception Occurred - See Response Body
[2024-12-10T08:08:04.899Z] Error reading actual data: A Modbus Exception Occurred - See Response Body
[2024-12-10T08:08:04.900Z] Error writing to Modbus register: A Modbus Exception Occurred - See Response Body
[2024-12-10T08:08:05.910Z] Error reading or processing Modbus registers: A Modbus Exception Occurred - See Response Body
[2024-12-10T08:08:05.913Z] Error reading register 6507 for IP 10.30.4.128: A Modbus Exception Occurred - See Response Body
[2024-12-10T08:08:05.913Z] Error reading actual data: A Modbus Exception Occurred - See Response Body
[2024-12-10T08:08:05.914Z] Error writing to Modbus register: A Modbus Exception Occurred - See Response Body
[2024-12-10T08:08:06.922Z] Error reading or processing Modbus registers: A Modbus Exception Occurred - See Response Body
[2024-12-10T08:08:06.924Z] Error reading register 6507 for IP 10.30.4.128: A Modbus Exception Occurred - See Response Body
[2024-12-10T08:08:06.924Z] Error reading actual data: A Modbus Exception Occurred - See Response Body
[2024-12-10T08:08:06.925Z] Error writing to Modbus register: A Modbus Exception Occurred - See Response Body
[2024-12-10T08:08:07.924Z] Error reading or processing Modbus registers: A Modbus Exception Occurred - See Response Body
[2024-12-10T08:08:07.926Z] Error reading register 6507 for IP 10.30.4.128: A Modbus Exception Occurred - See Response Body
[2024-12-10T08:08:07.927Z] Error reading actual data: A Modbus Exception Occurred - See Response Body
[2024-12-10T08:08:07.927Z] Error writing to Modbus register: A Modbus Exception Occurred - See Response Body
[2024-12-10T08:08:08.938Z] Error reading or processing Modbus registers: A Modbus Exception Occurred - See Response Body
[2024-12-10T08:08:08.940Z] Error reading register 6507 for IP 10.30.4.128: A Modbus Exception Occurred - See Response Body
[2024-12-10T08:08:08.941Z] Error reading actual data: A Modbus Exception Occurred - See Response Body
[2024-12-10T08:08:08.942Z] Error writing to Modbus register: A Modbus Exception Occurred - See Response Body
[2024-12-10T08:08:09.950Z] Error reading or processing Modbus registers: A Modbus Exception Occurred - See Response Body
[2024-12-10T08:08:09.953Z] Error reading register 6507 for IP 10.30.4.128: A Modbus Exception Occurred - See Response Body
[2024-12-10T08:08:09.953Z] Error reading actual data: A Modbus Exception Occurred - See Response Body
[2024-12-10T08:08:09.954Z] Error writing to Modbus register: A Modbus Exception Occurred - See Response Body
[2024-12-10T08:08:10.952Z] Error reading or processing Modbus registers: A Modbus Exception Occurred - See Response Body
[2024-12-10T08:08:10.954Z] Error reading register 6507 for IP 10.30.4.128: A Modbus Exception Occurred - See Response Body
[2024-12-10T08:08:10.955Z] Error reading actual data: A Modbus Exception Occurred - See Response Body
[2024-12-10T08:08:10.956Z] Error writing to Modbus register: A Modbus Exception Occurred - See Response Body
[2024-12-10T08:08:11.964Z] Error reading or processing Modbus registers: A Modbus Exception Occurred - See Response Body
[2024-12-10T08:08:11.966Z] Error reading register 6507 for IP 10.30.4.128: A Modbus Exception Occurred - See Response Body
[2024-12-10T08:08:11.968Z] Error reading actual data: A Modbus Exception Occurred - See Response Body
[2024-12-10T08:08:11.969Z] Error writing to Modbus register: A Modbus Exception Occurred - See Response Body
[2024-12-10T08:08:12.979Z] Error reading or processing Modbus registers: A Modbus Exception Occurred - See Response Body
[2024-12-10T08:08:12.981Z] Error reading register 6507 for IP 10.30.4.128: A Modbus Exception Occurred - See Response Body
[2024-12-10T08:08:12.982Z] Error reading actual data: A Modbus Exception Occurred - See Response Body
[2024-12-10T08:08:12.983Z] Error writing to Modbus register: A Modbus Exception Occurred - See Response Body
[2024-12-10T08:08:13.987Z] Error reading or processing Modbus registers: A Modbus Exception Occurred - See Response Body
[2024-12-10T08:08:13.989Z] Error reading register 6507 for IP 10.30.4.128: A Modbus Exception Occurred - See Response Body
[2024-12-10T08:08:13.990Z] Error reading actual data: A Modbus Exception Occurred - See Response Body
[2024-12-10T08:08:13.990Z] Error writing to Modbus register: A Modbus Exception Occurred - See Response Body
[2024-12-10T08:08:14.986Z] Error reading or processing Modbus registers: A Modbus Exception Occurred - See Response Body
[2024-12-10T08:08:14.988Z] Error reading register 6507 for IP 10.30.4.128: A Modbus Exception Occurred - See Response Body
[2024-12-10T08:08:14.989Z] Error reading actual data: A Modbus Exception Occurred - See Response Body
[2024-12-10T08:08:14.989Z] Error writing to Modbus register: A Modbus Exception Occurred - See Response Body
[2024-12-10T08:08:15.996Z] Error reading or processing Modbus registers: A Modbus Exception Occurred - See Response Body
[2024-12-10T08:08:15.998Z] Error reading register 6507 for IP 10.30.4.128: A Modbus Exception Occurred - See Response Body
[2024-12-10T08:08:15.999Z] Error reading actual data: A Modbus Exception Occurred - See Response Body
[2024-12-10T08:08:15.999Z] Error writing to Modbus register: A Modbus Exception Occurred - See Response Body
[2024-12-10T08:08:16.996Z] Error reading or processing Modbus registers: A Modbus Exception Occurred - See Response Body
[2024-12-10T08:08:16.998Z] Error reading register 6507 for IP 10.30.4.128: A Modbus Exception Occurred - See Response Body
[2024-12-10T08:08:16.999Z] Error reading actual data: A Modbus Exception Occurred - See Response Body
[2024-12-10T08:08:16.999Z] Error writing to Modbus register: A Modbus Exception Occurred - See Response Body
[2024-12-10T08:08:18.011Z] Error reading or processing Modbus registers: A Modbus Exception Occurred - See Response Body
[2024-12-10T08:08:18.014Z] Error reading register 6507 for IP 10.30.4.128: A Modbus Exception Occurred - See Response Body
[2024-12-10T08:08:18.015Z] Error reading actual data: A Modbus Exception Occurred - See Response Body
[2024-12-10T08:08:18.016Z] Error writing to Modbus register: A Modbus Exception Occurred - See Response Body
[2024-12-10T08:08:19.021Z] Error reading or processing Modbus registers: A Modbus Exception Occurred - See Response Body
[2024-12-10T08:08:19.023Z] Error reading register 6507 for IP 10.30.4.128: A Modbus Exception Occurred - See Response Body
[2024-12-10T08:08:19.024Z] Error reading actual data: A Modbus Exception Occurred - See Response Body
[2024-12-10T08:08:19.024Z] Error writing to Modbus register: A Modbus Exception Occurred - See Response Body
[2024-12-10T08:08:20.032Z] Error reading or processing Modbus registers: A Modbus Exception Occurred - See Response Body
[2024-12-10T08:08:20.034Z] Error reading register 6507 for IP 10.30.4.128: A Modbus Exception Occurred - See Response Body
[2024-12-10T08:08:20.035Z] Error reading actual data: A Modbus Exception Occurred - See Response Body
[2024-12-10T08:08:20.035Z] Error writing to Modbus register: A Modbus Exception Occurred - See Response Body
[2024-12-10T08:08:21.045Z] Error reading or processing Modbus registers: A Modbus Exception Occurred - See Response Body
[2024-12-10T08:08:21.047Z] Error reading register 6507 for IP 10.30.4.128: A Modbus Exception Occurred - See Response Body
[2024-12-10T08:08:21.048Z] Error reading actual data: A Modbus Exception Occurred - See Response Body
[2024-12-10T08:08:21.048Z] Error writing to Modbus register: A Modbus Exception Occurred - See Response Body
[2024-12-10T08:08:22.054Z] Error reading or processing Modbus registers: A Modbus Exception Occurred - See Response Body
[2024-12-10T08:08:22.057Z] Error reading register 6507 for IP 10.30.4.128: A Modbus Exception Occurred - See Response Body
[2024-12-10T08:08:22.058Z] Error reading actual data: A Modbus Exception Occurred - See Response Body
[2024-12-10T08:08:22.058Z] Error writing to Modbus register: A Modbus Exception Occurred - See Response Body
[2024-12-10T08:08:23.069Z] Error reading or processing Modbus registers: A Modbus Exception Occurred - See Response Body
[2024-12-10T08:08:23.072Z] Error reading register 6507 for IP 10.30.4.128: A Modbus Exception Occurred - See Response Body
[2024-12-10T08:08:23.072Z] Error reading actual data: A Modbus Exception Occurred - See Response Body
[2024-12-10T08:08:23.073Z] Error writing to Modbus register: A Modbus Exception Occurred - See Response Body
[2024-12-10T08:08:24.079Z] Error reading or processing Modbus registers: A Modbus Exception Occurred - See Response Body
[2024-12-10T08:08:24.081Z] Error reading register 6507 for IP 10.30.4.128: A Modbus Exception Occurred - See Response Body
[2024-12-10T08:08:24.082Z] Error reading actual data: A Modbus Exception Occurred - See Response Body
[2024-12-10T08:08:24.083Z] Error writing to Modbus register: A Modbus Exception Occurred - See Response Body
[2024-12-10T08:08:25.095Z] Error reading or processing Modbus registers: A Modbus Exception Occurred - See Response Body
[2024-12-10T08:08:25.097Z] Error reading register 6507 for IP 10.30.4.128: A Modbus Exception Occurred - See Response Body
[2024-12-10T08:08:25.098Z] Error reading actual data: A Modbus Exception Occurred - See Response Body
[2024-12-10T08:08:25.099Z] Error writing to Modbus register: A Modbus Exception Occurred - See Response Body
[2024-12-10T08:08:26.108Z] Error reading or processing Modbus registers: A Modbus Exception Occurred - See Response Body
[2024-12-10T08:08:26.111Z] Error reading register 6507 for IP 10.30.4.128: A Modbus Exception Occurred - See Response Body
[2024-12-10T08:08:26.112Z] Error reading actual data: A Modbus Exception Occurred - See Response Body
[2024-12-10T08:08:26.113Z] Error writing to Modbus register: A Modbus Exception Occurred - See Response Body
[2024-12-10T08:08:27.120Z] Error reading or processing Modbus registers: A Modbus Exception Occurred - See Response Body
[2024-12-10T08:08:27.124Z] Error reading register 6507 for IP 10.30.4.128: A Modbus Exception Occurred - See Response Body
[2024-12-10T08:08:27.124Z] Error reading actual data: A Modbus Exception Occurred - See Response Body
[2024-12-10T08:08:27.125Z] Error writing to Modbus register: A Modbus Exception Occurred - See Response Body
[2024-12-10T08:08:28.133Z] Error reading or processing Modbus registers: A Modbus Exception Occurred - See Response Body
[2024-12-10T08:08:28.135Z] Error reading register 6507 for IP 10.30.4.128: A Modbus Exception Occurred - See Response Body
[2024-12-10T08:08:28.136Z] Error reading actual data: A Modbus Exception Occurred - See Response Body
[2024-12-10T08:08:28.137Z] Error writing to Modbus register: A Modbus Exception Occurred - See Response Body
[2024-12-10T08:08:29.134Z] Error reading or processing Modbus registers: A Modbus Exception Occurred - See Response Body
[2024-12-10T08:08:29.137Z] Error reading register 6507 for IP 10.30.4.128: A Modbus Exception Occurred - See Response Body
[2024-12-10T08:08:29.138Z] Error reading actual data: A Modbus Exception Occurred - See Response Body
[2024-12-10T08:08:29.139Z] Error writing to Modbus register: A Modbus Exception Occurred - See Response Body
[2024-12-10T08:08:30.146Z] Error reading or processing Modbus registers: A Modbus Exception Occurred - See Response Body
[2024-12-10T08:08:30.148Z] Error reading register 6507 for IP 10.30.4.128: A Modbus Exception Occurred - See Response Body
[2024-12-10T08:08:30.151Z] Error reading actual data: A Modbus Exception Occurred - See Response Body
[2024-12-10T08:08:30.151Z] Error writing to Modbus register: A Modbus Exception Occurred - See Response Body
[2024-12-10T08:08:31.159Z] Error reading or processing Modbus registers: A Modbus Exception Occurred - See Response Body
[2024-12-10T08:08:31.161Z] Error reading register 6507 for IP 10.30.4.128: A Modbus Exception Occurred - See Response Body
[2024-12-10T08:08:31.162Z] Error reading actual data: A Modbus Exception Occurred - See Response Body
[2024-12-10T08:08:31.162Z] Error writing to Modbus register: A Modbus Exception Occurred - See Response Body
[2024-12-10T08:08:32.171Z] Error reading or processing Modbus registers: A Modbus Exception Occurred - See Response Body
[2024-12-10T08:08:32.174Z] Error reading register 6507 for IP 10.30.4.128: A Modbus Exception Occurred - See Response Body
[2024-12-10T08:08:32.174Z] Error reading actual data: A Modbus Exception Occurred - See Response Body
[2024-12-10T08:08:32.175Z] Error writing to Modbus register: A Modbus Exception Occurred - See Response Body
[2024-12-10T08:08:33.184Z] Error reading or processing Modbus registers: A Modbus Exception Occurred - See Response Body
[2024-12-10T08:08:33.186Z] Error reading register 6507 for IP 10.30.4.128: A Modbus Exception Occurred - See Response Body
[2024-12-10T08:08:33.186Z] Error reading actual data: A Modbus Exception Occurred - See Response Body
[2024-12-10T08:08:33.187Z] Error writing to Modbus register: A Modbus Exception Occurred - See Response Body
[2024-12-10T08:08:34.196Z] Error reading or processing Modbus registers: A Modbus Exception Occurred - See Response Body
[2024-12-10T08:08:34.198Z] Error reading register 6507 for IP 10.30.4.128: A Modbus Exception Occurred - See Response Body
[2024-12-10T08:08:34.199Z] Error reading actual data: A Modbus Exception Occurred - See Response Body
[2024-12-10T08:08:34.199Z] Error writing to Modbus register: A Modbus Exception Occurred - See Response Body
[2024-12-10T08:08:35.211Z] Error reading or processing Modbus registers: A Modbus Exception Occurred - See Response Body
[2024-12-10T08:08:35.213Z] Error reading register 6507 for IP 10.30.4.128: A Modbus Exception Occurred - See Response Body
[2024-12-10T08:08:35.214Z] Error reading actual data: A Modbus Exception Occurred - See Response Body
[2024-12-10T08:08:35.214Z] Error writing to Modbus register: A Modbus Exception Occurred - See Response Body
[2024-12-10T08:08:36.227Z] Error reading or processing Modbus registers: A Modbus Exception Occurred - See Response Body
[2024-12-10T08:08:36.228Z] Error reading register 6507 for IP 10.30.4.128: A Modbus Exception Occurred - See Response Body
[2024-12-10T08:08:36.229Z] Error reading actual data: A Modbus Exception Occurred - See Response Body
[2024-12-10T08:08:36.230Z] Error writing to Modbus register: A Modbus Exception Occurred - See Response Body
[2024-12-10T08:08:37.227Z] Error reading or processing Modbus registers: A Modbus Exception Occurred - See Response Body
[2024-12-10T08:08:37.229Z] Error reading register 6507 for IP 10.30.4.128: A Modbus Exception Occurred - See Response Body
[2024-12-10T08:08:37.230Z] Error reading actual data: A Modbus Exception Occurred - See Response Body
[2024-12-10T08:08:37.230Z] Error writing to Modbus register: A Modbus Exception Occurred - See Response Body
[2024-12-10T08:08:38.242Z] Error reading or processing Modbus registers: A Modbus Exception Occurred - See Response Body
[2024-12-10T08:08:38.246Z] Error reading register 6507 for IP 10.30.4.128: A Modbus Exception Occurred - See Response Body
[2024-12-10T08:08:38.247Z] Error reading actual data: A Modbus Exception Occurred - See Response Body
[2024-12-10T08:08:38.248Z] Error writing to Modbus register: A Modbus Exception Occurred - See Response Body
[2024-12-10T08:08:39.252Z] Error reading or processing Modbus registers: A Modbus Exception Occurred - See Response Body
[2024-12-10T08:08:39.254Z] Error reading register 6507 for IP 10.30.4.128: A Modbus Exception Occurred - See Response Body
[2024-12-10T08:08:39.254Z] Error reading actual data: A Modbus Exception Occurred - See Response Body
[2024-12-10T08:08:39.255Z] Error writing to Modbus register: A Modbus Exception Occurred - See Response Body
[2024-12-10T08:08:40.261Z] Error reading or processing Modbus registers: A Modbus Exception Occurred - See Response Body
[2024-12-10T08:08:40.263Z] Error reading register 6507 for IP 10.30.4.128: A Modbus Exception Occurred - See Response Body
[2024-12-10T08:08:40.264Z] Error reading actual data: A Modbus Exception Occurred - See Response Body
[2024-12-10T08:08:40.264Z] Error writing to Modbus register: A Modbus Exception Occurred - See Response Body
[2024-12-10T08:08:41.275Z] Error reading or processing Modbus registers: A Modbus Exception Occurred - See Response Body
[2024-12-10T08:08:41.277Z] Error reading register 6507 for IP 10.30.4.128: A Modbus Exception Occurred - See Response Body
[2024-12-10T08:08:41.278Z] Error reading actual data: A Modbus Exception Occurred - See Response Body
[2024-12-10T08:08:41.279Z] Error writing to Modbus register: A Modbus Exception Occurred - See Response Body
[2024-12-10T08:08:42.287Z] Error reading or processing Modbus registers: A Modbus Exception Occurred - See Response Body
[2024-12-10T08:08:42.289Z] Error reading register 6507 for IP 10.30.4.128: A Modbus Exception Occurred - See Response Body
[2024-12-10T08:08:42.290Z] Error reading actual data: A Modbus Exception Occurred - See Response Body
[2024-12-10T08:08:42.291Z] Error writing to Modbus register: A Modbus Exception Occurred - See Response Body
[2024-12-10T08:08:43.299Z] Error reading or processing Modbus registers: A Modbus Exception Occurred - See Response Body
[2024-12-10T08:08:43.302Z] Error reading register 6507 for IP 10.30.4.128: A Modbus Exception Occurred - See Response Body
[2024-12-10T08:08:43.303Z] Error reading actual data: A Modbus Exception Occurred - See Response Body
[2024-12-10T08:08:43.303Z] Error writing to Modbus register: A Modbus Exception Occurred - See Response Body
[2024-12-10T08:08:44.313Z] Error reading or processing Modbus registers: A Modbus Exception Occurred - See Response Body
[2024-12-10T08:08:44.316Z] Error reading register 6507 for IP 10.30.4.128: A Modbus Exception Occurred - See Response Body
[2024-12-10T08:08:44.317Z] Error reading actual data: A Modbus Exception Occurred - See Response Body
[2024-12-10T08:08:44.318Z] Error writing to Modbus register: A Modbus Exception Occurred - See Response Body
[2024-12-10T08:08:45.329Z] Error reading or processing Modbus registers: A Modbus Exception Occurred - See Response Body
[2024-12-10T08:08:45.331Z] Error reading register 6507 for IP 10.30.4.128: A Modbus Exception Occurred - See Response Body
[2024-12-10T08:08:45.332Z] Error reading actual data: A Modbus Exception Occurred - See Response Body
[2024-12-10T08:08:45.332Z] Error writing to Modbus register: A Modbus Exception Occurred - See Response Body
[2024-12-10T08:08:46.342Z] Error reading or processing Modbus registers: A Modbus Exception Occurred - See Response Body
[2024-12-10T08:08:46.345Z] Error reading register 6507 for IP 10.30.4.128: A Modbus Exception Occurred - See Response Body
[2024-12-10T08:08:46.346Z] Error reading actual data: A Modbus Exception Occurred - See Response Body
[2024-12-10T08:08:46.346Z] Error writing to Modbus register: A Modbus Exception Occurred - See Response Body
[2024-12-10T08:08:47.350Z] Error reading or processing Modbus registers: A Modbus Exception Occurred - See Response Body
[2024-12-10T08:08:47.352Z] Error reading register 6507 for IP 10.30.4.128: A Modbus Exception Occurred - See Response Body
[2024-12-10T08:08:47.353Z] Error reading actual data: A Modbus Exception Occurred - See Response Body
[2024-12-10T08:08:47.353Z] Error writing to Modbus register: A Modbus Exception Occurred - See Response Body
[2024-12-10T08:08:48.364Z] Error reading or processing Modbus registers: A Modbus Exception Occurred - See Response Body
[2024-12-10T08:08:48.367Z] Error reading register 6507 for IP 10.30.4.128: A Modbus Exception Occurred - See Response Body
[2024-12-10T08:08:48.368Z] Error reading actual data: A Modbus Exception Occurred - See Response Body
[2024-12-10T08:08:48.369Z] Error writing to Modbus register: A Modbus Exception Occurred - See Response Body
[2024-12-10T08:08:49.377Z] Error reading or processing Modbus registers: A Modbus Exception Occurred - See Response Body
[2024-12-10T08:08:49.379Z] Error reading register 6507 for IP 10.30.4.128: A Modbus Exception Occurred - See Response Body
[2024-12-10T08:08:49.380Z] Error reading actual data: A Modbus Exception Occurred - See Response Body
[2024-12-10T08:08:49.380Z] Error writing to Modbus register: A Modbus Exception Occurred - See Response Body
[2024-12-10T08:08:50.392Z] Error reading or processing Modbus registers: A Modbus Exception Occurred - See Response Body
[2024-12-10T08:08:50.394Z] Error reading register 6507 for IP 10.30.4.128: A Modbus Exception Occurred - See Response Body
[2024-12-10T08:08:50.395Z] Error reading actual data: A Modbus Exception Occurred - See Response Body
[2024-12-10T08:08:50.395Z] Error writing to Modbus register: A Modbus Exception Occurred - See Response Body
[2024-12-10T08:08:51.405Z] Error reading or processing Modbus registers: A Modbus Exception Occurred - See Response Body
[2024-12-10T08:08:51.408Z] Error reading register 6507 for IP 10.30.4.128: A Modbus Exception Occurred - See Response Body
[2024-12-10T08:08:51.408Z] Error reading actual data: A Modbus Exception Occurred - See Response Body
[2024-12-10T08:08:51.409Z] Error writing to Modbus register: A Modbus Exception Occurred - See Response Body
[2024-12-10T08:08:52.407Z] Error reading or processing Modbus registers: A Modbus Exception Occurred - See Response Body
[2024-12-10T08:08:52.409Z] Error reading register 6507 for IP 10.30.4.128: A Modbus Exception Occurred - See Response Body
[2024-12-10T08:08:52.410Z] Error reading actual data: A Modbus Exception Occurred - See Response Body
[2024-12-10T08:08:52.410Z] Error writing to Modbus register: A Modbus Exception Occurred - See Response Body
[2024-12-10T08:08:53.419Z] Error reading or processing Modbus registers: A Modbus Exception Occurred - See Response Body
[2024-12-10T08:08:53.421Z] Error reading register 6507 for IP 10.30.4.128: A Modbus Exception Occurred - See Response Body
[2024-12-10T08:08:53.422Z] Error reading actual data: A Modbus Exception Occurred - See Response Body
[2024-12-10T08:08:53.422Z] Error writing to Modbus register: A Modbus Exception Occurred - See Response Body
[2024-12-10T08:08:54.434Z] Error reading or processing Modbus registers: A Modbus Exception Occurred - See Response Body
[2024-12-10T08:08:54.436Z] Error reading register 6507 for IP 10.30.4.128: A Modbus Exception Occurred - See Response Body
[2024-12-10T08:08:54.436Z] Error reading actual data: A Modbus Exception Occurred - See Response Body
[2024-12-10T08:08:54.437Z] Error writing to Modbus register: A Modbus Exception Occurred - See Response Body
[2024-12-10T08:08:55.446Z] Error reading or processing Modbus registers: A Modbus Exception Occurred - See Response Body
[2024-12-10T08:08:55.449Z] Error reading register 6507 for IP 10.30.4.128: A Modbus Exception Occurred - See Response Body
[2024-12-10T08:08:55.450Z] Error reading actual data: A Modbus Exception Occurred - See Response Body
[2024-12-10T08:08:55.451Z] Error writing to Modbus register: A Modbus Exception Occurred - See Response Body
[2024-12-10T08:08:56.458Z] Error reading or processing Modbus registers: A Modbus Exception Occurred - See Response Body
[2024-12-10T08:08:56.460Z] Error reading register 6507 for IP 10.30.4.128: A Modbus Exception Occurred - See Response Body
[2024-12-10T08:08:56.460Z] Error reading actual data: A Modbus Exception Occurred - See Response Body
[2024-12-10T08:08:56.461Z] Error writing to Modbus register: A Modbus Exception Occurred - See Response Body
[2024-12-10T08:08:57.458Z] Error reading or processing Modbus registers: A Modbus Exception Occurred - See Response Body
[2024-12-10T08:08:57.460Z] Error reading register 6507 for IP 10.30.4.128: A Modbus Exception Occurred - See Response Body
[2024-12-10T08:08:57.461Z] Error reading actual data: A Modbus Exception Occurred - See Response Body
[2024-12-10T08:08:57.462Z] Error writing to Modbus register: A Modbus Exception Occurred - See Response Body
[2024-12-10T08:08:58.471Z] Error reading or processing Modbus registers: A Modbus Exception Occurred - See Response Body
[2024-12-10T08:08:58.474Z] Error reading register 6507 for IP 10.30.4.128: A Modbus Exception Occurred - See Response Body
[2024-12-10T08:08:58.475Z] Error reading actual data: A Modbus Exception Occurred - See Response Body
[2024-12-10T08:08:58.475Z] Error writing to Modbus register: A Modbus Exception Occurred - See Response Body
[2024-12-10T08:08:59.472Z] Error reading or processing Modbus registers: A Modbus Exception Occurred - See Response Body
[2024-12-10T08:08:59.474Z] Error reading register 6507 for IP 10.30.4.128: A Modbus Exception Occurred - See Response Body
[2024-12-10T08:08:59.475Z] Error reading actual data: A Modbus Exception Occurred - See Response Body
[2024-12-10T08:08:59.476Z] Error writing to Modbus register: A Modbus Exception Occurred - See Response Body
[2024-12-10T08:09:00.483Z] Error reading or processing Modbus registers: A Modbus Exception Occurred - See Response Body
[2024-12-10T08:09:00.486Z] Error reading register 6507 for IP 10.30.4.128: A Modbus Exception Occurred - See Response Body
[2024-12-10T08:09:00.486Z] Error reading actual data: A Modbus Exception Occurred - See Response Body
[2024-12-10T08:09:00.487Z] Error writing to Modbus register: A Modbus Exception Occurred - See Response Body
[2024-12-10T08:09:01.498Z] Error reading or processing Modbus registers: A Modbus Exception Occurred - See Response Body
[2024-12-10T08:09:01.501Z] Error reading register 6507 for IP 10.30.4.128: A Modbus Exception Occurred - See Response Body
[2024-12-10T08:09:01.502Z] Error reading actual data: A Modbus Exception Occurred - See Response Body
[2024-12-10T08:09:01.502Z] Error writing to Modbus register: A Modbus Exception Occurred - See Response Body
[2024-12-10T08:09:02.505Z] Error reading or processing Modbus registers: A Modbus Exception Occurred - See Response Body
[2024-12-10T08:09:02.508Z] Error reading register 6507 for IP 10.30.4.128: A Modbus Exception Occurred - See Response Body
[2024-12-10T08:09:02.508Z] Error reading actual data: A Modbus Exception Occurred - See Response Body
[2024-12-10T08:09:02.509Z] Error writing to Modbus register: A Modbus Exception Occurred - See Response Body
[2024-12-10T08:09:03.520Z] Error reading or processing Modbus registers: A Modbus Exception Occurred - See Response Body
[2024-12-10T08:09:03.523Z] Error reading register 6507 for IP 10.30.4.128: A Modbus Exception Occurred - See Response Body
[2024-12-10T08:09:03.523Z] Error reading actual data: A Modbus Exception Occurred - See Response Body
[2024-12-10T08:09:03.524Z] Error writing to Modbus register: A Modbus Exception Occurred - See Response Body
[2024-12-10T08:09:04.533Z] Error reading or processing Modbus registers: A Modbus Exception Occurred - See Response Body
[2024-12-10T08:09:04.535Z] Error reading register 6507 for IP 10.30.4.128: A Modbus Exception Occurred - See Response Body
[2024-12-10T08:09:04.536Z] Error reading actual data: A Modbus Exception Occurred - See Response Body
[2024-12-10T08:09:04.537Z] Error writing to Modbus register: A Modbus Exception Occurred - See Response Body
[2024-12-10T08:09:05.545Z] Error reading or processing Modbus registers: A Modbus Exception Occurred - See Response Body
[2024-12-10T08:09:05.549Z] Error reading register 6507 for IP 10.30.4.128: A Modbus Exception Occurred - See Response Body
[2024-12-10T08:09:05.550Z] Error reading actual data: A Modbus Exception Occurred - See Response Body
[2024-12-10T08:09:05.550Z] Error writing to Modbus register: A Modbus Exception Occurred - See Response Body
[2024-12-10T08:09:06.558Z] Error reading or processing Modbus registers: A Modbus Exception Occurred - See Response Body
[2024-12-10T08:09:06.560Z] Error reading register 6507 for IP 10.30.4.128: A Modbus Exception Occurred - See Response Body
[2024-12-10T08:09:06.561Z] Error reading actual data: A Modbus Exception Occurred - See Response Body
[2024-12-10T08:09:06.562Z] Error writing to Modbus register: A Modbus Exception Occurred - See Response Body
[2024-12-10T08:09:07.559Z] Error reading or processing Modbus registers: A Modbus Exception Occurred - See Response Body
[2024-12-10T08:09:07.561Z] Error reading register 6507 for IP 10.30.4.128: A Modbus Exception Occurred - See Response Body
[2024-12-10T08:09:07.561Z] Error reading actual data: A Modbus Exception Occurred - See Response Body
[2024-12-10T08:09:07.562Z] Error writing to Modbus register: A Modbus Exception Occurred - See Response Body
[2024-12-10T08:09:08.570Z] Error reading or processing Modbus registers: A Modbus Exception Occurred - See Response Body
[2024-12-10T08:09:08.573Z] Error reading register 6507 for IP 10.30.4.128: A Modbus Exception Occurred - See Response Body
[2024-12-10T08:09:08.573Z] Error reading actual data: A Modbus Exception Occurred - See Response Body
[2024-12-10T08:09:08.574Z] Error writing to Modbus register: A Modbus Exception Occurred - See Response Body
[2024-12-10T08:09:09.583Z] Error reading or processing Modbus registers: A Modbus Exception Occurred - See Response Body
[2024-12-10T08:09:09.588Z] Error reading register 6507 for IP 10.30.4.128: A Modbus Exception Occurred - See Response Body
[2024-12-10T08:09:09.589Z] Error reading actual data: A Modbus Exception Occurred - See Response Body
[2024-12-10T08:09:09.589Z] Error writing to Modbus register: A Modbus Exception Occurred - See Response Body
[2024-12-10T08:09:10.585Z] Error reading or processing Modbus registers: A Modbus Exception Occurred - See Response Body
[2024-12-10T08:09:10.589Z] Error reading register 6507 for IP 10.30.4.128: A Modbus Exception Occurred - See Response Body
[2024-12-10T08:09:10.590Z] Error reading actual data: A Modbus Exception Occurred - See Response Body
[2024-12-10T08:09:10.590Z] Error writing to Modbus register: A Modbus Exception Occurred - See Response Body
[2024-12-10T08:09:11.598Z] Error reading or processing Modbus registers: A Modbus Exception Occurred - See Response Body
[2024-12-10T08:09:11.602Z] Error reading register 6507 for IP 10.30.4.128: A Modbus Exception Occurred - See Response Body
[2024-12-10T08:09:11.603Z] Error reading actual data: A Modbus Exception Occurred - See Response Body
[2024-12-10T08:09:11.603Z] Error writing to Modbus register: A Modbus Exception Occurred - See Response Body
[2024-12-10T08:09:12.609Z] Error reading or processing Modbus registers: A Modbus Exception Occurred - See Response Body
[2024-12-10T08:09:12.611Z] Error reading register 6507 for IP 10.30.4.128: A Modbus Exception Occurred - See Response Body
[2024-12-10T08:09:12.612Z] Error reading actual data: A Modbus Exception Occurred - See Response Body
[2024-12-10T08:09:12.612Z] Error writing to Modbus register: A Modbus Exception Occurred - See Response Body
[2024-12-10T08:09:13.619Z] Error reading or processing Modbus registers: A Modbus Exception Occurred - See Response Body
[2024-12-10T08:09:13.621Z] Error reading register 6507 for IP 10.30.4.128: A Modbus Exception Occurred - See Response Body
[2024-12-10T08:09:13.622Z] Error reading actual data: A Modbus Exception Occurred - See Response Body
[2024-12-10T08:09:13.622Z] Error writing to Modbus register: A Modbus Exception Occurred - See Response Body
[2024-12-10T08:09:14.636Z] Error reading or processing Modbus registers: A Modbus Exception Occurred - See Response Body
[2024-12-10T08:09:14.638Z] Error reading register 6507 for IP 10.30.4.128: A Modbus Exception Occurred - See Response Body
[2024-12-10T08:09:14.639Z] Error reading actual data: A Modbus Exception Occurred - See Response Body
[2024-12-10T08:09:14.639Z] Error writing to Modbus register: A Modbus Exception Occurred - See Response Body
[2024-12-10T08:09:15.649Z] Error reading or processing Modbus registers: A Modbus Exception Occurred - See Response Body
[2024-12-10T08:09:15.651Z] Error reading register 6507 for IP 10.30.4.128: A Modbus Exception Occurred - See Response Body
[2024-12-10T08:09:15.652Z] Error reading actual data: A Modbus Exception Occurred - See Response Body
[2024-12-10T08:09:15.652Z] Error writing to Modbus register: A Modbus Exception Occurred - See Response Body
[2024-12-10T08:09:16.665Z] Error reading or processing Modbus registers: A Modbus Exception Occurred - See Response Body
[2024-12-10T08:09:16.669Z] Error reading register 6507 for IP 10.30.4.128: A Modbus Exception Occurred - See Response Body
[2024-12-10T08:09:16.669Z] Error reading actual data: A Modbus Exception Occurred - See Response Body
[2024-12-10T08:09:16.670Z] Error writing to Modbus register: A Modbus Exception Occurred - See Response Body
[2024-12-10T08:09:17.667Z] Error reading or processing Modbus registers: A Modbus Exception Occurred - See Response Body
[2024-12-10T08:09:17.671Z] Error reading register 6507 for IP 10.30.4.128: A Modbus Exception Occurred - See Response Body
[2024-12-10T08:09:17.671Z] Error reading actual data: A Modbus Exception Occurred - See Response Body
[2024-12-10T08:09:17.672Z] Error writing to Modbus register: A Modbus Exception Occurred - See Response Body
[2024-12-10T08:09:18.677Z] Error reading or processing Modbus registers: A Modbus Exception Occurred - See Response Body
[2024-12-10T08:09:18.679Z] Error reading register 6507 for IP 10.30.4.128: A Modbus Exception Occurred - See Response Body
[2024-12-10T08:09:18.680Z] Error reading actual data: A Modbus Exception Occurred - See Response Body
[2024-12-10T08:09:18.681Z] Error writing to Modbus register: A Modbus Exception Occurred - See Response Body
[2024-12-10T08:09:19.687Z] Error reading or processing Modbus registers: A Modbus Exception Occurred - See Response Body
[2024-12-10T08:09:19.689Z] Error reading register 6507 for IP 10.30.4.128: A Modbus Exception Occurred - See Response Body
[2024-12-10T08:09:19.689Z] Error reading actual data: A Modbus Exception Occurred - See Response Body
[2024-12-10T08:09:19.690Z] Error writing to Modbus register: A Modbus Exception Occurred - See Response Body
[2024-12-10T08:09:20.702Z] Error reading or processing Modbus registers: A Modbus Exception Occurred - See Response Body
[2024-12-10T08:09:20.704Z] Error reading register 6507 for IP 10.30.4.128: A Modbus Exception Occurred - See Response Body
[2024-12-10T08:09:20.705Z] Error reading actual data: A Modbus Exception Occurred - See Response Body
[2024-12-10T08:09:20.705Z] Error writing to Modbus register: A Modbus Exception Occurred - See Response Body
[2024-12-10T08:09:21.717Z] Error reading or processing Modbus registers: A Modbus Exception Occurred - See Response Body
[2024-12-10T08:09:21.719Z] Error reading register 6507 for IP 10.30.4.128: A Modbus Exception Occurred - See Response Body
[2024-12-10T08:09:21.720Z] Error reading actual data: A Modbus Exception Occurred - See Response Body
[2024-12-10T08:09:21.720Z] Error writing to Modbus register: A Modbus Exception Occurred - See Response Body
[2024-12-10T08:09:22.725Z] Error reading or processing Modbus registers: A Modbus Exception Occurred - See Response Body
[2024-12-10T08:09:22.728Z] Error reading register 6507 for IP 10.30.4.128: A Modbus Exception Occurred - See Response Body
[2024-12-10T08:09:22.729Z] Error reading actual data: A Modbus Exception Occurred - See Response Body
[2024-12-10T08:09:22.731Z] Error writing to Modbus register: A Modbus Exception Occurred - See Response Body
[2024-12-10T08:09:23.735Z] Error reading or processing Modbus registers: A Modbus Exception Occurred - See Response Body
[2024-12-10T08:09:23.740Z] Error reading register 6507 for IP 10.30.4.128: A Modbus Exception Occurred - See Response Body
[2024-12-10T08:09:23.740Z] Error reading actual data: A Modbus Exception Occurred - See Response Body
[2024-12-10T08:09:23.741Z] Error writing to Modbus register: A Modbus Exception Occurred - See Response Body
[2024-12-10T08:09:24.748Z] Error reading or processing Modbus registers: A Modbus Exception Occurred - See Response Body
[2024-12-10T08:09:24.750Z] Error reading register 6507 for IP 10.30.4.128: A Modbus Exception Occurred - See Response Body
[2024-12-10T08:09:24.751Z] Error reading actual data: A Modbus Exception Occurred - See Response Body
[2024-12-10T08:09:24.751Z] Error writing to Modbus register: A Modbus Exception Occurred - See Response Body
[2024-12-10T08:09:25.762Z] Error reading or processing Modbus registers: A Modbus Exception Occurred - See Response Body
[2024-12-10T08:09:25.765Z] Error reading register 6507 for IP 10.30.4.128: A Modbus Exception Occurred - See Response Body
[2024-12-10T08:09:25.766Z] Error reading actual data: A Modbus Exception Occurred - See Response Body
[2024-12-10T08:09:25.767Z] Error writing to Modbus register: A Modbus Exception Occurred - See Response Body
[2024-12-10T08:09:26.777Z] Error reading or processing Modbus registers: A Modbus Exception Occurred - See Response Body
[2024-12-10T08:09:26.779Z] Error reading register 6507 for IP 10.30.4.128: A Modbus Exception Occurred - See Response Body
[2024-12-10T08:09:26.779Z] Error reading actual data: A Modbus Exception Occurred - See Response Body
[2024-12-10T08:09:26.780Z] Error writing to Modbus register: A Modbus Exception Occurred - See Response Body
[2024-12-10T08:09:27.787Z] Error reading or processing Modbus registers: A Modbus Exception Occurred - See Response Body
[2024-12-10T08:09:27.789Z] Error reading register 6507 for IP 10.30.4.128: A Modbus Exception Occurred - See Response Body
[2024-12-10T08:09:27.790Z] Error reading actual data: A Modbus Exception Occurred - See Response Body
[2024-12-10T08:09:27.792Z] Error writing to Modbus register: A Modbus Exception Occurred - See Response Body
[2024-12-10T08:09:28.788Z] Error reading or processing Modbus registers: A Modbus Exception Occurred - See Response Body
[2024-12-10T08:09:28.792Z] Error reading register 6507 for IP 10.30.4.128: A Modbus Exception Occurred - See Response Body
[2024-12-10T08:09:28.793Z] Error reading actual data: A Modbus Exception Occurred - See Response Body
[2024-12-10T08:09:28.794Z] Error writing to Modbus register: A Modbus Exception Occurred - See Response Body
[2024-12-10T08:09:29.797Z] Error reading or processing Modbus registers: A Modbus Exception Occurred - See Response Body
[2024-12-10T08:09:29.800Z] Error reading register 6507 for IP 10.30.4.128: A Modbus Exception Occurred - See Response Body
[2024-12-10T08:09:29.801Z] Error reading actual data: A Modbus Exception Occurred - See Response Body
[2024-12-10T08:09:29.801Z] Error writing to Modbus register: A Modbus Exception Occurred - See Response Body
[2024-12-10T08:09:30.811Z] Error reading or processing Modbus registers: A Modbus Exception Occurred - See Response Body
[2024-12-10T08:09:30.816Z] Error reading register 6507 for IP 10.30.4.128: A Modbus Exception Occurred - See Response Body
[2024-12-10T08:09:30.817Z] Error reading actual data: A Modbus Exception Occurred - See Response Body
[2024-12-10T08:09:30.818Z] Error writing to Modbus register: A Modbus Exception Occurred - See Response Body
[2024-12-10T08:09:31.826Z] Error reading or processing Modbus registers: A Modbus Exception Occurred - See Response Body
[2024-12-10T08:09:31.828Z] Error reading register 6507 for IP 10.30.4.128: A Modbus Exception Occurred - See Response Body
[2024-12-10T08:09:31.829Z] Error reading actual data: A Modbus Exception Occurred - See Response Body
[2024-12-10T08:09:31.829Z] Error writing to Modbus register: A Modbus Exception Occurred - See Response Body
[2024-12-10T08:09:32.838Z] Error reading or processing Modbus registers: A Modbus Exception Occurred - See Response Body
[2024-12-10T08:09:32.840Z] Error reading register 6507 for IP 10.30.4.128: A Modbus Exception Occurred - See Response Body
[2024-12-10T08:09:32.841Z] Error reading actual data: A Modbus Exception Occurred - See Response Body
[2024-12-10T08:09:32.842Z] Error writing to Modbus register: A Modbus Exception Occurred - See Response Body
[2024-12-10T08:09:33.853Z] Error reading or processing Modbus registers: A Modbus Exception Occurred - See Response Body
[2024-12-10T08:09:33.855Z] Error reading register 6507 for IP 10.30.4.128: A Modbus Exception Occurred - See Response Body
[2024-12-10T08:09:33.855Z] Error reading actual data: A Modbus Exception Occurred - See Response Body
[2024-12-10T08:09:33.856Z] Error writing to Modbus register: A Modbus Exception Occurred - See Response Body
[2024-12-10T08:09:34.853Z] Error reading or processing Modbus registers: A Modbus Exception Occurred - See Response Body
[2024-12-10T08:09:34.855Z] Error reading register 6507 for IP 10.30.4.128: A Modbus Exception Occurred - See Response Body
[2024-12-10T08:09:34.856Z] Error reading actual data: A Modbus Exception Occurred - See Response Body
[2024-12-10T08:09:34.857Z] Error writing to Modbus register: A Modbus Exception Occurred - See Response Body
[2024-12-10T08:09:35.866Z] Error reading or processing Modbus registers: A Modbus Exception Occurred - See Response Body
[2024-12-10T08:09:35.868Z] Error reading register 6507 for IP 10.30.4.128: A Modbus Exception Occurred - See Response Body
[2024-12-10T08:09:35.869Z] Error reading actual data: A Modbus Exception Occurred - See Response Body
[2024-12-10T08:09:35.869Z] Error writing to Modbus register: A Modbus Exception Occurred - See Response Body
[2024-12-10T08:09:36.866Z] Error reading or processing Modbus registers: A Modbus Exception Occurred - See Response Body
[2024-12-10T08:09:36.869Z] Error reading register 6507 for IP 10.30.4.128: A Modbus Exception Occurred - See Response Body
[2024-12-10T08:09:36.870Z] Error reading actual data: A Modbus Exception Occurred - See Response Body
[2024-12-10T08:09:36.870Z] Error writing to Modbus register: A Modbus Exception Occurred - See Response Body
[2024-12-10T08:09:37.882Z] Error reading or processing Modbus registers: A Modbus Exception Occurred - See Response Body
[2024-12-10T08:09:37.884Z] Error reading register 6507 for IP 10.30.4.128: A Modbus Exception Occurred - See Response Body
[2024-12-10T08:09:37.884Z] Error reading actual data: A Modbus Exception Occurred - See Response Body
[2024-12-10T08:09:37.885Z] Error writing to Modbus register: A Modbus Exception Occurred - See Response Body
[2024-12-10T08:09:38.894Z] Error reading or processing Modbus registers: A Modbus Exception Occurred - See Response Body
[2024-12-10T08:09:38.897Z] Error reading register 6507 for IP 10.30.4.128: A Modbus Exception Occurred - See Response Body
[2024-12-10T08:09:38.897Z] Error reading actual data: A Modbus Exception Occurred - See Response Body
[2024-12-10T08:09:38.898Z] Error writing to Modbus register: A Modbus Exception Occurred - See Response Body
[2024-12-10T08:09:39.896Z] Error reading or processing Modbus registers: A Modbus Exception Occurred - See Response Body
[2024-12-10T08:09:39.898Z] Error reading register 6507 for IP 10.30.4.128: A Modbus Exception Occurred - See Response Body
[2024-12-10T08:09:39.899Z] Error reading actual data: A Modbus Exception Occurred - See Response Body
[2024-12-10T08:09:39.899Z] Error writing to Modbus register: A Modbus Exception Occurred - See Response Body
[2024-12-10T08:09:40.904Z] Error reading or processing Modbus registers: A Modbus Exception Occurred - See Response Body
[2024-12-10T08:09:40.907Z] Error reading register 6507 for IP 10.30.4.128: A Modbus Exception Occurred - See Response Body
[2024-12-10T08:09:40.907Z] Error reading actual data: A Modbus Exception Occurred - See Response Body
[2024-12-10T08:09:40.909Z] Error writing to Modbus register: A Modbus Exception Occurred - See Response Body
[2024-12-10T08:09:41.919Z] Error reading or processing Modbus registers: A Modbus Exception Occurred - See Response Body
[2024-12-10T08:09:41.921Z] Error reading register 6507 for IP 10.30.4.128: A Modbus Exception Occurred - See Response Body
[2024-12-10T08:09:41.922Z] Error reading actual data: A Modbus Exception Occurred - See Response Body
[2024-12-10T08:09:41.923Z] Error writing to Modbus register: A Modbus Exception Occurred - See Response Body
[2024-12-10T08:09:42.931Z] Error reading or processing Modbus registers: A Modbus Exception Occurred - See Response Body
[2024-12-10T08:09:42.935Z] Error reading register 6507 for IP 10.30.4.128: A Modbus Exception Occurred - See Response Body
[2024-12-10T08:09:42.936Z] Error reading actual data: A Modbus Exception Occurred - See Response Body
[2024-12-10T08:09:42.937Z] Error writing to Modbus register: A Modbus Exception Occurred - See Response Body
[2024-12-10T08:09:43.945Z] Error reading or processing Modbus registers: A Modbus Exception Occurred - See Response Body
[2024-12-10T08:09:43.948Z] Error reading register 6507 for IP 10.30.4.128: A Modbus Exception Occurred - See Response Body
[2024-12-10T08:09:43.949Z] Error reading actual data: A Modbus Exception Occurred - See Response Body
[2024-12-10T08:09:43.949Z] Error writing to Modbus register: A Modbus Exception Occurred - See Response Body
[2024-12-10T08:09:44.958Z] Error reading or processing Modbus registers: A Modbus Exception Occurred - See Response Body
[2024-12-10T08:09:44.960Z] Error reading register 6507 for IP 10.30.4.128: A Modbus Exception Occurred - See Response Body
[2024-12-10T08:09:44.960Z] Error reading actual data: A Modbus Exception Occurred - See Response Body
[2024-12-10T08:09:44.961Z] Error writing to Modbus register: A Modbus Exception Occurred - See Response Body
[2024-12-10T08:09:45.958Z] Error reading or processing Modbus registers: A Modbus Exception Occurred - See Response Body
[2024-12-10T08:09:45.961Z] Error reading register 6507 for IP 10.30.4.128: A Modbus Exception Occurred - See Response Body
[2024-12-10T08:09:45.962Z] Error reading actual data: A Modbus Exception Occurred - See Response Body
[2024-12-10T08:09:45.962Z] Error writing to Modbus register: A Modbus Exception Occurred - See Response Body
[2024-12-10T08:09:46.971Z] Error reading or processing Modbus registers: A Modbus Exception Occurred - See Response Body
[2024-12-10T08:09:46.973Z] Error reading register 6507 for IP 10.30.4.128: A Modbus Exception Occurred - See Response Body
[2024-12-10T08:09:46.974Z] Error reading actual data: A Modbus Exception Occurred - See Response Body
[2024-12-10T08:09:46.974Z] Error writing to Modbus register: A Modbus Exception Occurred - See Response Body
[2024-12-10T08:09:47.985Z] Error reading or processing Modbus registers: A Modbus Exception Occurred - See Response Body
[2024-12-10T08:09:47.987Z] Error reading register 6507 for IP 10.30.4.128: A Modbus Exception Occurred - See Response Body
[2024-12-10T08:09:47.988Z] Error reading actual data: A Modbus Exception Occurred - See Response Body
[2024-12-10T08:09:47.988Z] Error writing to Modbus register: A Modbus Exception Occurred - See Response Body
[2024-12-10T08:09:48.995Z] Error reading or processing Modbus registers: A Modbus Exception Occurred - See Response Body
[2024-12-10T08:09:48.997Z] Error reading register 6507 for IP 10.30.4.128: A Modbus Exception Occurred - See Response Body
[2024-12-10T08:09:48.998Z] Error reading actual data: A Modbus Exception Occurred - See Response Body
[2024-12-10T08:09:48.999Z] Error writing to Modbus register: A Modbus Exception Occurred - See Response Body
[2024-12-10T08:09:50.008Z] Error reading or processing Modbus registers: A Modbus Exception Occurred - See Response Body
[2024-12-10T08:09:50.011Z] Error reading register 6507 for IP 10.30.4.128: A Modbus Exception Occurred - See Response Body
[2024-12-10T08:09:50.012Z] Error reading actual data: A Modbus Exception Occurred - See Response Body
[2024-12-10T08:09:50.013Z] Error writing to Modbus register: A Modbus Exception Occurred - See Response Body
[2024-12-10T08:09:51.024Z] Error reading or processing Modbus registers: A Modbus Exception Occurred - See Response Body
[2024-12-10T08:09:51.029Z] Error reading register 6507 for IP 10.30.4.128: A Modbus Exception Occurred - See Response Body
[2024-12-10T08:09:51.029Z] Error reading actual data: A Modbus Exception Occurred - See Response Body
[2024-12-10T08:09:51.030Z] Error writing to Modbus register: A Modbus Exception Occurred - See Response Body
[2024-12-10T08:09:52.034Z] Error reading or processing Modbus registers: A Modbus Exception Occurred - See Response Body
[2024-12-10T08:09:52.036Z] Error reading register 6507 for IP 10.30.4.128: A Modbus Exception Occurred - See Response Body
[2024-12-10T08:09:52.037Z] Error reading actual data: A Modbus Exception Occurred - See Response Body
[2024-12-10T08:09:52.037Z] Error writing to Modbus register: A Modbus Exception Occurred - See Response Body
[2024-12-10T08:09:53.045Z] Error reading or processing Modbus registers: A Modbus Exception Occurred - See Response Body
[2024-12-10T08:09:53.048Z] Error reading register 6507 for IP 10.30.4.128: A Modbus Exception Occurred - See Response Body
[2024-12-10T08:09:53.048Z] Error reading actual data: A Modbus Exception Occurred - See Response Body
[2024-12-10T08:09:53.049Z] Error writing to Modbus register: A Modbus Exception Occurred - See Response Body
[2024-12-10T08:09:54.046Z] Error reading or processing Modbus registers: A Modbus Exception Occurred - See Response Body
[2024-12-10T08:09:54.048Z] Error reading register 6507 for IP 10.30.4.128: A Modbus Exception Occurred - See Response Body
[2024-12-10T08:09:54.048Z] Error reading actual data: A Modbus Exception Occurred - See Response Body
[2024-12-10T08:09:54.049Z] Error writing to Modbus register: A Modbus Exception Occurred - See Response Body
[2024-12-10T08:09:55.054Z] Error reading or processing Modbus registers: A Modbus Exception Occurred - See Response Body
[2024-12-10T08:09:55.056Z] Error reading register 6507 for IP 10.30.4.128: A Modbus Exception Occurred - See Response Body
[2024-12-10T08:09:55.057Z] Error reading actual data: A Modbus Exception Occurred - See Response Body
[2024-12-10T08:09:55.058Z] Error writing to Modbus register: A Modbus Exception Occurred - See Response Body
[2024-12-10T08:09:56.072Z] Error reading or processing Modbus registers: A Modbus Exception Occurred - See Response Body
[2024-12-10T08:09:56.074Z] Error reading register 6507 for IP 10.30.4.128: A Modbus Exception Occurred - See Response Body
[2024-12-10T08:09:56.075Z] Error reading actual data: A Modbus Exception Occurred - See Response Body
[2024-12-10T08:09:56.076Z] Error writing to Modbus register: A Modbus Exception Occurred - See Response Body
[2024-12-10T08:09:57.075Z] Error reading or processing Modbus registers: A Modbus Exception Occurred - See Response Body
[2024-12-10T08:09:57.077Z] Error reading register 6507 for IP 10.30.4.128: A Modbus Exception Occurred - See Response Body
[2024-12-10T08:09:57.077Z] Error reading actual data: A Modbus Exception Occurred - See Response Body
[2024-12-10T08:09:57.078Z] Error writing to Modbus register: A Modbus Exception Occurred - See Response Body
[2024-12-10T08:09:58.089Z] Error reading or processing Modbus registers: A Modbus Exception Occurred - See Response Body
[2024-12-10T08:09:58.091Z] Error reading register 6507 for IP 10.30.4.128: A Modbus Exception Occurred - See Response Body
[2024-12-10T08:09:58.092Z] Error reading actual data: A Modbus Exception Occurred - See Response Body
[2024-12-10T08:09:58.092Z] Error writing to Modbus register: A Modbus Exception Occurred - See Response Body
[2024-12-10T08:09:59.101Z] Error reading or processing Modbus registers: A Modbus Exception Occurred - See Response Body
[2024-12-10T08:09:59.103Z] Error reading register 6507 for IP 10.30.4.128: A Modbus Exception Occurred - See Response Body
[2024-12-10T08:09:59.104Z] Error reading actual data: A Modbus Exception Occurred - See Response Body
[2024-12-10T08:09:59.104Z] Error writing to Modbus register: A Modbus Exception Occurred - See Response Body
[2024-12-10T08:10:00.114Z] Error reading or processing Modbus registers: A Modbus Exception Occurred - See Response Body
[2024-12-10T08:10:00.116Z] Error reading register 6507 for IP 10.30.4.128: A Modbus Exception Occurred - See Response Body
[2024-12-10T08:10:00.117Z] Error reading actual data: A Modbus Exception Occurred - See Response Body
[2024-12-10T08:10:00.118Z] Error writing to Modbus register: A Modbus Exception Occurred - See Response Body
[2024-12-10T08:10:01.127Z] Error reading or processing Modbus registers: A Modbus Exception Occurred - See Response Body
[2024-12-10T08:10:01.130Z] Error reading register 6507 for IP 10.30.4.128: A Modbus Exception Occurred - See Response Body
[2024-12-10T08:10:01.131Z] Error reading actual data: A Modbus Exception Occurred - See Response Body
[2024-12-10T08:10:01.132Z] Error writing to Modbus register: A Modbus Exception Occurred - See Response Body
[2024-12-10T08:10:02.140Z] Error reading or processing Modbus registers: A Modbus Exception Occurred - See Response Body
[2024-12-10T08:10:02.142Z] Error reading register 6507 for IP 10.30.4.128: A Modbus Exception Occurred - See Response Body
[2024-12-10T08:10:02.143Z] Error reading actual data: A Modbus Exception Occurred - See Response Body
[2024-12-10T08:10:02.143Z] Error writing to Modbus register: A Modbus Exception Occurred - See Response Body
[2024-12-10T08:10:03.142Z] Error reading or processing Modbus registers: A Modbus Exception Occurred - See Response Body
[2024-12-10T08:10:03.144Z] Error reading register 6507 for IP 10.30.4.128: A Modbus Exception Occurred - See Response Body
[2024-12-10T08:10:03.144Z] Error reading actual data: A Modbus Exception Occurred - See Response Body
[2024-12-10T08:10:03.145Z] Error writing to Modbus register: A Modbus Exception Occurred - See Response Body
[2024-12-10T08:10:04.153Z] Error reading or processing Modbus registers: A Modbus Exception Occurred - See Response Body
[2024-12-10T08:10:04.155Z] Error reading register 6507 for IP 10.30.4.128: A Modbus Exception Occurred - See Response Body
[2024-12-10T08:10:04.156Z] Error reading actual data: A Modbus Exception Occurred - See Response Body
[2024-12-10T08:10:04.158Z] Error writing to Modbus register: A Modbus Exception Occurred - See Response Body
[2024-12-10T08:10:05.165Z] Error reading or processing Modbus registers: A Modbus Exception Occurred - See Response Body
[2024-12-10T08:10:05.167Z] Error reading register 6507 for IP 10.30.4.128: A Modbus Exception Occurred - See Response Body
[2024-12-10T08:10:05.167Z] Error reading actual data: A Modbus Exception Occurred - See Response Body
[2024-12-10T08:10:05.168Z] Error writing to Modbus register: A Modbus Exception Occurred - See Response Body
[2024-12-10T08:10:06.178Z] Error reading or processing Modbus registers: A Modbus Exception Occurred - See Response Body
[2024-12-10T08:10:06.180Z] Error reading register 6507 for IP 10.30.4.128: A Modbus Exception Occurred - See Response Body
[2024-12-10T08:10:06.181Z] Error reading actual data: A Modbus Exception Occurred - See Response Body
[2024-12-10T08:10:06.182Z] Error writing to Modbus register: A Modbus Exception Occurred - See Response Body
[2024-12-10T08:10:07.192Z] Error reading or processing Modbus registers: A Modbus Exception Occurred - See Response Body
[2024-12-10T08:10:07.196Z] Error reading register 6507 for IP 10.30.4.128: A Modbus Exception Occurred - See Response Body
[2024-12-10T08:10:07.197Z] Error reading actual data: A Modbus Exception Occurred - See Response Body
[2024-12-10T08:10:07.198Z] Error writing to Modbus register: A Modbus Exception Occurred - See Response Body
[2024-12-10T08:10:08.203Z] Error reading or processing Modbus registers: A Modbus Exception Occurred - See Response Body
[2024-12-10T08:10:08.206Z] Error reading register 6507 for IP 10.30.4.128: A Modbus Exception Occurred - See Response Body
[2024-12-10T08:10:08.207Z] Error reading actual data: A Modbus Exception Occurred - See Response Body
[2024-12-10T08:10:08.207Z] Error writing to Modbus register: A Modbus Exception Occurred - See Response Body
[2024-12-10T08:10:09.218Z] Error reading or processing Modbus registers: A Modbus Exception Occurred - See Response Body
[2024-12-10T08:10:09.221Z] Error reading register 6507 for IP 10.30.4.128: A Modbus Exception Occurred - See Response Body
[2024-12-10T08:10:09.221Z] Error reading actual data: A Modbus Exception Occurred - See Response Body
[2024-12-10T08:10:09.222Z] Error writing to Modbus register: A Modbus Exception Occurred - See Response Body
[2024-12-10T08:10:10.231Z] Error reading or processing Modbus registers: A Modbus Exception Occurred - See Response Body
[2024-12-10T08:10:10.234Z] Error reading register 6507 for IP 10.30.4.128: A Modbus Exception Occurred - See Response Body
[2024-12-10T08:10:10.234Z] Error reading actual data: A Modbus Exception Occurred - See Response Body
[2024-12-10T08:10:10.235Z] Error writing to Modbus register: A Modbus Exception Occurred - See Response Body
[2024-12-10T08:10:11.243Z] Error reading or processing Modbus registers: A Modbus Exception Occurred - See Response Body
[2024-12-10T08:10:11.246Z] Error reading register 6507 for IP 10.30.4.128: A Modbus Exception Occurred - See Response Body
[2024-12-10T08:10:11.247Z] Error reading actual data: A Modbus Exception Occurred - See Response Body
[2024-12-10T08:10:11.247Z] Error writing to Modbus register: A Modbus Exception Occurred - See Response Body
[2024-12-10T08:10:12.253Z] Error reading or processing Modbus registers: A Modbus Exception Occurred - See Response Body
[2024-12-10T08:10:12.256Z] Error reading register 6507 for IP 10.30.4.128: A Modbus Exception Occurred - See Response Body
[2024-12-10T08:10:12.257Z] Error reading actual data: A Modbus Exception Occurred - See Response Body
[2024-12-10T08:10:12.257Z] Error writing to Modbus register: A Modbus Exception Occurred - See Response Body
[2024-12-10T08:10:13.264Z] Error reading or processing Modbus registers: A Modbus Exception Occurred - See Response Body
[2024-12-10T08:10:13.266Z] Error reading register 6507 for IP 10.30.4.128: A Modbus Exception Occurred - See Response Body
[2024-12-10T08:10:13.266Z] Error reading actual data: A Modbus Exception Occurred - See Response Body
[2024-12-10T08:10:13.267Z] Error writing to Modbus register: A Modbus Exception Occurred - See Response Body
[2024-12-10T08:10:14.274Z] Error reading or processing Modbus registers: A Modbus Exception Occurred - See Response Body
[2024-12-10T08:10:14.278Z] Error reading register 6507 for IP 10.30.4.128: A Modbus Exception Occurred - See Response Body
[2024-12-10T08:10:14.279Z] Error reading actual data: A Modbus Exception Occurred - See Response Body
[2024-12-10T08:10:14.279Z] Error writing to Modbus register: A Modbus Exception Occurred - See Response Body
[2024-12-10T08:10:15.281Z] Error reading or processing Modbus registers: A Modbus Exception Occurred - See Response Body
[2024-12-10T08:10:15.283Z] Error reading register 6507 for IP 10.30.4.128: A Modbus Exception Occurred - See Response Body
[2024-12-10T08:10:15.284Z] Error reading actual data: A Modbus Exception Occurred - See Response Body
[2024-12-10T08:10:15.284Z] Error writing to Modbus register: A Modbus Exception Occurred - See Response Body
[2024-12-10T08:10:16.282Z] Error reading or processing Modbus registers: A Modbus Exception Occurred - See Response Body
[2024-12-10T08:10:16.284Z] Error reading register 6507 for IP 10.30.4.128: A Modbus Exception Occurred - See Response Body
[2024-12-10T08:10:16.284Z] Error reading actual data: A Modbus Exception Occurred - See Response Body
[2024-12-10T08:10:16.285Z] Error writing to Modbus register: A Modbus Exception Occurred - See Response Body
[2024-12-10T08:10:17.295Z] Error reading or processing Modbus registers: A Modbus Exception Occurred - See Response Body
[2024-12-10T08:10:17.297Z] Error reading register 6507 for IP 10.30.4.128: A Modbus Exception Occurred - See Response Body
[2024-12-10T08:10:17.297Z] Error reading actual data: A Modbus Exception Occurred - See Response Body
[2024-12-10T08:10:17.298Z] Error writing to Modbus register: A Modbus Exception Occurred - See Response Body
[2024-12-10T08:10:18.304Z] Error reading or processing Modbus registers: A Modbus Exception Occurred - See Response Body
[2024-12-10T08:10:18.307Z] Error reading register 6507 for IP 10.30.4.128: A Modbus Exception Occurred - See Response Body
[2024-12-10T08:10:18.309Z] Error reading actual data: A Modbus Exception Occurred - See Response Body
[2024-12-10T08:10:18.309Z] Error writing to Modbus register: A Modbus Exception Occurred - See Response Body
[2024-12-10T08:10:19.316Z] Error reading or processing Modbus registers: A Modbus Exception Occurred - See Response Body
[2024-12-10T08:10:19.318Z] Error reading register 6507 for IP 10.30.4.128: A Modbus Exception Occurred - See Response Body
[2024-12-10T08:10:19.319Z] Error reading actual data: A Modbus Exception Occurred - See Response Body
[2024-12-10T08:10:19.320Z] Error writing to Modbus register: A Modbus Exception Occurred - See Response Body
[2024-12-10T08:10:20.324Z] Error reading or processing Modbus registers: A Modbus Exception Occurred - See Response Body
[2024-12-10T08:10:20.326Z] Error reading register 6507 for IP 10.30.4.128: A Modbus Exception Occurred - See Response Body
[2024-12-10T08:10:20.326Z] Error reading actual data: A Modbus Exception Occurred - See Response Body
[2024-12-10T08:10:20.327Z] Error writing to Modbus register: A Modbus Exception Occurred - See Response Body
[2024-12-10T08:10:21.337Z] Error reading or processing Modbus registers: A Modbus Exception Occurred - See Response Body
[2024-12-10T08:10:21.339Z] Error reading register 6507 for IP 10.30.4.128: A Modbus Exception Occurred - See Response Body
[2024-12-10T08:10:21.340Z] Error reading actual data: A Modbus Exception Occurred - See Response Body
[2024-12-10T08:10:21.340Z] Error writing to Modbus register: A Modbus Exception Occurred - See Response Body
[2024-12-10T08:10:22.351Z] Error reading or processing Modbus registers: A Modbus Exception Occurred - See Response Body
[2024-12-10T08:10:22.355Z] Error reading register 6507 for IP 10.30.4.128: A Modbus Exception Occurred - See Response Body
[2024-12-10T08:10:22.356Z] Error reading actual data: A Modbus Exception Occurred - See Response Body
[2024-12-10T08:10:22.357Z] Error writing to Modbus register: A Modbus Exception Occurred - See Response Body
[2024-12-10T08:10:23.367Z] Error reading or processing Modbus registers: A Modbus Exception Occurred - See Response Body
[2024-12-10T08:10:23.369Z] Error reading register 6507 for IP 10.30.4.128: A Modbus Exception Occurred - See Response Body
[2024-12-10T08:10:23.370Z] Error reading actual data: A Modbus Exception Occurred - See Response Body
[2024-12-10T08:10:23.370Z] Error writing to Modbus register: A Modbus Exception Occurred - See Response Body
[2024-12-10T08:10:24.367Z] Error reading or processing Modbus registers: A Modbus Exception Occurred - See Response Body
[2024-12-10T08:10:24.370Z] Error reading register 6507 for IP 10.30.4.128: A Modbus Exception Occurred - See Response Body
[2024-12-10T08:10:24.371Z] Error reading actual data: A Modbus Exception Occurred - See Response Body
[2024-12-10T08:10:24.371Z] Error writing to Modbus register: A Modbus Exception Occurred - See Response Body
[2024-12-10T08:10:25.381Z] Error reading or processing Modbus registers: A Modbus Exception Occurred - See Response Body
[2024-12-10T08:10:25.383Z] Error reading register 6507 for IP 10.30.4.128: A Modbus Exception Occurred - See Response Body
[2024-12-10T08:10:25.384Z] Error reading actual data: A Modbus Exception Occurred - See Response Body
[2024-12-10T08:10:25.385Z] Error writing to Modbus register: A Modbus Exception Occurred - See Response Body
[2024-12-10T08:10:26.393Z] Error reading or processing Modbus registers: A Modbus Exception Occurred - See Response Body
[2024-12-10T08:10:26.396Z] Error reading register 6507 for IP 10.30.4.128: A Modbus Exception Occurred - See Response Body
[2024-12-10T08:10:26.396Z] Error reading actual data: A Modbus Exception Occurred - See Response Body
[2024-12-10T08:10:26.397Z] Error writing to Modbus register: A Modbus Exception Occurred - See Response Body
[2024-12-10T08:10:27.400Z] Error reading or processing Modbus registers: A Modbus Exception Occurred - See Response Body
[2024-12-10T08:10:27.402Z] Error reading register 6507 for IP 10.30.4.128: A Modbus Exception Occurred - See Response Body
[2024-12-10T08:10:27.403Z] Error reading actual data: A Modbus Exception Occurred - See Response Body
[2024-12-10T08:10:27.404Z] Error writing to Modbus register: A Modbus Exception Occurred - See Response Body
[2024-12-10T08:10:28.413Z] Error reading or processing Modbus registers: A Modbus Exception Occurred - See Response Body
[2024-12-10T08:10:28.416Z] Error reading register 6507 for IP 10.30.4.128: A Modbus Exception Occurred - See Response Body
[2024-12-10T08:10:28.416Z] Error reading actual data: A Modbus Exception Occurred - See Response Body
[2024-12-10T08:10:28.418Z] Error writing to Modbus register: A Modbus Exception Occurred - See Response Body
[2024-12-10T08:10:29.414Z] Error reading or processing Modbus registers: A Modbus Exception Occurred - See Response Body
[2024-12-10T08:10:29.416Z] Error reading register 6507 for IP 10.30.4.128: A Modbus Exception Occurred - See Response Body
[2024-12-10T08:10:29.417Z] Error reading actual data: A Modbus Exception Occurred - See Response Body
[2024-12-10T08:10:29.417Z] Error writing to Modbus register: A Modbus Exception Occurred - See Response Body
[2024-12-10T08:10:30.425Z] Error reading or processing Modbus registers: A Modbus Exception Occurred - See Response Body
[2024-12-10T08:10:30.427Z] Error reading register 6507 for IP 10.30.4.128: A Modbus Exception Occurred - See Response Body
[2024-12-10T08:10:30.428Z] Error reading actual data: A Modbus Exception Occurred - See Response Body
[2024-12-10T08:10:30.428Z] Error writing to Modbus register: A Modbus Exception Occurred - See Response Body
[2024-12-10T08:10:31.439Z] Error reading or processing Modbus registers: A Modbus Exception Occurred - See Response Body
[2024-12-10T08:10:31.442Z] Error reading register 6507 for IP 10.30.4.128: A Modbus Exception Occurred - See Response Body
[2024-12-10T08:10:31.442Z] Error reading actual data: A Modbus Exception Occurred - See Response Body
[2024-12-10T08:10:31.443Z] Error writing to Modbus register: A Modbus Exception Occurred - See Response Body
[2024-12-10T08:10:32.446Z] Error reading or processing Modbus registers: A Modbus Exception Occurred - See Response Body
[2024-12-10T08:10:32.448Z] Error reading register 6507 for IP 10.30.4.128: A Modbus Exception Occurred - See Response Body
[2024-12-10T08:10:32.449Z] Error reading actual data: A Modbus Exception Occurred - See Response Body
[2024-12-10T08:10:32.451Z] Error writing to Modbus register: A Modbus Exception Occurred - See Response Body
[2024-12-10T08:10:33.464Z] Error reading or processing Modbus registers: A Modbus Exception Occurred - See Response Body
[2024-12-10T08:10:33.466Z] Error reading register 6507 for IP 10.30.4.128: A Modbus Exception Occurred - See Response Body
[2024-12-10T08:10:33.467Z] Error reading actual data: A Modbus Exception Occurred - See Response Body
[2024-12-10T08:10:33.467Z] Error writing to Modbus register: A Modbus Exception Occurred - See Response Body
[2024-12-10T08:10:34.474Z] Error reading or processing Modbus registers: A Modbus Exception Occurred - See Response Body
[2024-12-10T08:10:34.477Z] Error reading actual data: A Modbus Exception Occurred - See Response Body
[2024-12-10T08:10:34.477Z] Error writing to Modbus register: A Modbus Exception Occurred - See Response Body
[2024-12-10T08:10:34.476Z] Error reading register 6507 for IP 10.30.4.128: A Modbus Exception Occurred - See Response Body
[2024-12-10T08:10:35.487Z] Error reading or processing Modbus registers: A Modbus Exception Occurred - See Response Body
[2024-12-10T08:10:35.489Z] Error reading register 6507 for IP 10.30.4.128: A Modbus Exception Occurred - See Response Body
[2024-12-10T08:10:35.489Z] Error reading actual data: A Modbus Exception Occurred - See Response Body
[2024-12-10T08:10:35.490Z] Error writing to Modbus register: A Modbus Exception Occurred - See Response Body
[2024-12-10T08:10:36.497Z] Error reading or processing Modbus registers: A Modbus Exception Occurred - See Response Body
[2024-12-10T08:10:36.499Z] Error reading register 6507 for IP 10.30.4.128: A Modbus Exception Occurred - See Response Body
[2024-12-10T08:10:36.500Z] Error reading actual data: A Modbus Exception Occurred - See Response Body
[2024-12-10T08:10:36.500Z] Error writing to Modbus register: A Modbus Exception Occurred - See Response Body
[2024-12-10T08:10:37.508Z] Error reading or processing Modbus registers: A Modbus Exception Occurred - See Response Body
[2024-12-10T08:10:37.512Z] Error reading register 6507 for IP 10.30.4.128: A Modbus Exception Occurred - See Response Body
[2024-12-10T08:10:37.512Z] Error reading actual data: A Modbus Exception Occurred - See Response Body
[2024-12-10T08:10:37.513Z] Error writing to Modbus register: A Modbus Exception Occurred - See Response Body
[2024-12-10T08:10:38.519Z] Error reading or processing Modbus registers: A Modbus Exception Occurred - See Response Body
[2024-12-10T08:10:38.521Z] Error reading register 6507 for IP 10.30.4.128: A Modbus Exception Occurred - See Response Body
[2024-12-10T08:10:38.521Z] Error reading actual data: A Modbus Exception Occurred - See Response Body
[2024-12-10T08:10:38.522Z] Error writing to Modbus register: A Modbus Exception Occurred - See Response Body
[2024-12-10T08:10:39.529Z] Error reading or processing Modbus registers: A Modbus Exception Occurred - See Response Body
[2024-12-10T08:10:39.532Z] Error reading register 6507 for IP 10.30.4.128: A Modbus Exception Occurred - See Response Body
[2024-12-10T08:10:39.533Z] Error reading actual data: A Modbus Exception Occurred - See Response Body
[2024-12-10T08:10:39.533Z] Error writing to Modbus register: A Modbus Exception Occurred - See Response Body
[2024-12-10T08:10:40.544Z] Error reading or processing Modbus registers: A Modbus Exception Occurred - See Response Body
[2024-12-10T08:10:40.546Z] Error reading register 6507 for IP 10.30.4.128: A Modbus Exception Occurred - See Response Body
[2024-12-10T08:10:40.547Z] Error reading actual data: A Modbus Exception Occurred - See Response Body
[2024-12-10T08:10:40.548Z] Error writing to Modbus register: A Modbus Exception Occurred - See Response Body
[2024-12-10T08:10:41.550Z] Error reading or processing Modbus registers: A Modbus Exception Occurred - See Response Body
[2024-12-10T08:10:41.552Z] Error reading register 6507 for IP 10.30.4.128: A Modbus Exception Occurred - See Response Body
[2024-12-10T08:10:41.552Z] Error reading actual data: A Modbus Exception Occurred - See Response Body
[2024-12-10T08:10:41.553Z] Error writing to Modbus register: A Modbus Exception Occurred - See Response Body
[2024-12-10T08:10:42.562Z] Error reading or processing Modbus registers: A Modbus Exception Occurred - See Response Body
[2024-12-10T08:10:42.564Z] Error reading register 6507 for IP 10.30.4.128: A Modbus Exception Occurred - See Response Body
[2024-12-10T08:10:42.565Z] Error reading actual data: A Modbus Exception Occurred - See Response Body
[2024-12-10T08:10:42.565Z] Error writing to Modbus register: A Modbus Exception Occurred - See Response Body
[2024-12-10T08:10:43.574Z] Error reading or processing Modbus registers: A Modbus Exception Occurred - See Response Body
[2024-12-10T08:10:43.577Z] Error reading register 6507 for IP 10.30.4.128: A Modbus Exception Occurred - See Response Body
[2024-12-10T08:10:43.578Z] Error reading actual data: A Modbus Exception Occurred - See Response Body
[2024-12-10T08:10:43.578Z] Error writing to Modbus register: A Modbus Exception Occurred - See Response Body
[2024-12-10T08:10:44.589Z] Error reading or processing Modbus registers: A Modbus Exception Occurred - See Response Body
[2024-12-10T08:10:44.591Z] Error reading register 6507 for IP 10.30.4.128: A Modbus Exception Occurred - See Response Body
[2024-12-10T08:10:44.592Z] Error reading actual data: A Modbus Exception Occurred - See Response Body
[2024-12-10T08:10:44.592Z] Error writing to Modbus register: A Modbus Exception Occurred - See Response Body
[2024-12-10T08:10:45.602Z] Error reading or processing Modbus registers: A Modbus Exception Occurred - See Response Body
[2024-12-10T08:10:45.606Z] Error reading register 6507 for IP 10.30.4.128: A Modbus Exception Occurred - See Response Body
[2024-12-10T08:10:45.607Z] Error reading actual data: A Modbus Exception Occurred - See Response Body
[2024-12-10T08:10:45.608Z] Error writing to Modbus register: A Modbus Exception Occurred - See Response Body
[2024-12-10T08:10:46.617Z] Error reading or processing Modbus registers: A Modbus Exception Occurred - See Response Body
[2024-12-10T08:10:46.619Z] Error reading register 6507 for IP 10.30.4.128: A Modbus Exception Occurred - See Response Body
[2024-12-10T08:10:46.620Z] Error reading actual data: A Modbus Exception Occurred - See Response Body
[2024-12-10T08:10:46.621Z] Error writing to Modbus register: A Modbus Exception Occurred - See Response Body
[2024-12-10T08:10:47.629Z] Error reading or processing Modbus registers: A Modbus Exception Occurred - See Response Body
[2024-12-10T08:10:47.633Z] Error reading register 6507 for IP 10.30.4.128: A Modbus Exception Occurred - See Response Body
[2024-12-10T08:10:47.634Z] Error reading actual data: A Modbus Exception Occurred - See Response Body
[2024-12-10T08:10:47.634Z] Error writing to Modbus register: A Modbus Exception Occurred - See Response Body
[2024-12-10T08:10:48.629Z] Error reading or processing Modbus registers: A Modbus Exception Occurred - See Response Body
[2024-12-10T08:10:48.634Z] Error reading register 6507 for IP 10.30.4.128: A Modbus Exception Occurred - See Response Body
[2024-12-10T08:10:48.634Z] Error reading actual data: A Modbus Exception Occurred - See Response Body
[2024-12-10T08:10:48.635Z] Error writing to Modbus register: A Modbus Exception Occurred - See Response Body
[2024-12-10T08:10:49.641Z] Error reading or processing Modbus registers: A Modbus Exception Occurred - See Response Body
[2024-12-10T08:10:49.643Z] Error reading register 6507 for IP 10.30.4.128: A Modbus Exception Occurred - See Response Body
[2024-12-10T08:10:49.644Z] Error reading actual data: A Modbus Exception Occurred - See Response Body
[2024-12-10T08:10:49.645Z] Error writing to Modbus register: A Modbus Exception Occurred - See Response Body
[2024-12-10T08:10:50.654Z] Error reading or processing Modbus registers: A Modbus Exception Occurred - See Response Body
[2024-12-10T08:10:50.657Z] Error reading register 6507 for IP 10.30.4.128: A Modbus Exception Occurred - See Response Body
[2024-12-10T08:10:50.658Z] Error reading actual data: A Modbus Exception Occurred - See Response Body
[2024-12-10T08:10:50.658Z] Error writing to Modbus register: A Modbus Exception Occurred - See Response Body
[2024-12-10T08:10:51.657Z] Error reading or processing Modbus registers: A Modbus Exception Occurred - See Response Body
[2024-12-10T08:10:51.659Z] Error reading register 6507 for IP 10.30.4.128: A Modbus Exception Occurred - See Response Body
[2024-12-10T08:10:51.660Z] Error reading actual data: A Modbus Exception Occurred - See Response Body
[2024-12-10T08:10:51.661Z] Error writing to Modbus register: A Modbus Exception Occurred - See Response Body
[2024-12-10T08:10:52.672Z] Error reading or processing Modbus registers: A Modbus Exception Occurred - See Response Body
[2024-12-10T08:10:52.674Z] Error reading register 6507 for IP 10.30.4.128: A Modbus Exception Occurred - See Response Body
[2024-12-10T08:10:52.674Z] Error reading actual data: A Modbus Exception Occurred - See Response Body
[2024-12-10T08:10:52.677Z] Error writing to Modbus register: A Modbus Exception Occurred - See Response Body
[2024-12-10T08:10:53.684Z] Error reading or processing Modbus registers: A Modbus Exception Occurred - See Response Body
[2024-12-10T08:10:53.687Z] Error reading register 6507 for IP 10.30.4.128: A Modbus Exception Occurred - See Response Body
[2024-12-10T08:10:53.688Z] Error reading actual data: A Modbus Exception Occurred - See Response Body
[2024-12-10T08:10:53.688Z] Error writing to Modbus register: A Modbus Exception Occurred - See Response Body
[2024-12-10T08:10:54.698Z] Error reading or processing Modbus registers: A Modbus Exception Occurred - See Response Body
[2024-12-10T08:10:54.700Z] Error reading register 6507 for IP 10.30.4.128: A Modbus Exception Occurred - See Response Body
[2024-12-10T08:10:54.701Z] Error reading actual data: A Modbus Exception Occurred - See Response Body
[2024-12-10T08:10:54.701Z] Error writing to Modbus register: A Modbus Exception Occurred - See Response Body
[2024-12-10T08:10:55.710Z] Error reading or processing Modbus registers: A Modbus Exception Occurred - See Response Body
[2024-12-10T08:10:55.712Z] Error reading register 6507 for IP 10.30.4.128: A Modbus Exception Occurred - See Response Body
[2024-12-10T08:10:55.713Z] Error reading actual data: A Modbus Exception Occurred - See Response Body
[2024-12-10T08:10:55.713Z] Error writing to Modbus register: A Modbus Exception Occurred - See Response Body
[2024-12-10T08:10:56.726Z] Error reading or processing Modbus registers: A Modbus Exception Occurred - See Response Body
[2024-12-10T08:10:56.728Z] Error reading register 6507 for IP 10.30.4.128: A Modbus Exception Occurred - See Response Body
[2024-12-10T08:10:56.729Z] Error reading actual data: A Modbus Exception Occurred - See Response Body
[2024-12-10T08:10:56.730Z] Error writing to Modbus register: A Modbus Exception Occurred - See Response Body
[2024-12-10T08:10:57.738Z] Error reading or processing Modbus registers: A Modbus Exception Occurred - See Response Body
[2024-12-10T08:10:57.740Z] Error reading register 6507 for IP 10.30.4.128: A Modbus Exception Occurred - See Response Body
[2024-12-10T08:10:57.741Z] Error reading actual data: A Modbus Exception Occurred - See Response Body
[2024-12-10T08:10:57.743Z] Error writing to Modbus register: A Modbus Exception Occurred - See Response Body
[2024-12-10T08:10:58.746Z] Error reading or processing Modbus registers: A Modbus Exception Occurred - See Response Body
[2024-12-10T08:10:58.749Z] Error reading register 6507 for IP 10.30.4.128: A Modbus Exception Occurred - See Response Body
[2024-12-10T08:10:58.749Z] Error reading actual data: A Modbus Exception Occurred - See Response Body
[2024-12-10T08:10:58.750Z] Error writing to Modbus register: A Modbus Exception Occurred - See Response Body
[2024-12-10T08:10:59.760Z] Error reading or processing Modbus registers: A Modbus Exception Occurred - See Response Body
[2024-12-10T08:10:59.762Z] Error reading register 6507 for IP 10.30.4.128: A Modbus Exception Occurred - See Response Body
[2024-12-10T08:10:59.763Z] Error reading actual data: A Modbus Exception Occurred - See Response Body
[2024-12-10T08:10:59.763Z] Error writing to Modbus register: A Modbus Exception Occurred - See Response Body
[2024-12-10T08:11:00.773Z] Error reading or processing Modbus registers: A Modbus Exception Occurred - See Response Body
[2024-12-10T08:11:00.775Z] Error reading register 6507 for IP 10.30.4.128: A Modbus Exception Occurred - See Response Body
[2024-12-10T08:11:00.775Z] Error reading actual data: A Modbus Exception Occurred - See Response Body
[2024-12-10T08:11:00.776Z] Error writing to Modbus register: A Modbus Exception Occurred - See Response Body
[2024-12-10T08:11:01.773Z] Error reading or processing Modbus registers: A Modbus Exception Occurred - See Response Body
[2024-12-10T08:11:01.774Z] Error reading register 6507 for IP 10.30.4.128: A Modbus Exception Occurred - See Response Body
[2024-12-10T08:11:01.775Z] Error reading actual data: A Modbus Exception Occurred - See Response Body
[2024-12-10T08:11:01.775Z] Error writing to Modbus register: A Modbus Exception Occurred - See Response Body
[2024-12-10T08:11:02.783Z] Error reading or processing Modbus registers: A Modbus Exception Occurred - See Response Body
[2024-12-10T08:11:02.785Z] Error reading register 6507 for IP 10.30.4.128: A Modbus Exception Occurred - See Response Body
[2024-12-10T08:11:02.786Z] Error reading actual data: A Modbus Exception Occurred - See Response Body
[2024-12-10T08:11:02.787Z] Error writing to Modbus register: A Modbus Exception Occurred - See Response Body
[2024-12-10T08:11:03.795Z] Error reading or processing Modbus registers: A Modbus Exception Occurred - See Response Body
[2024-12-10T08:11:03.798Z] Error reading register 6507 for IP 10.30.4.128: A Modbus Exception Occurred - See Response Body
[2024-12-10T08:11:03.798Z] Error reading actual data: A Modbus Exception Occurred - See Response Body
[2024-12-10T08:11:03.799Z] Error writing to Modbus register: A Modbus Exception Occurred - See Response Body
[2024-12-10T08:11:04.796Z] Error reading or processing Modbus registers: A Modbus Exception Occurred - See Response Body
[2024-12-10T08:11:04.797Z] Error reading register 6507 for IP 10.30.4.128: A Modbus Exception Occurred - See Response Body
[2024-12-10T08:11:04.798Z] Error reading actual data: A Modbus Exception Occurred - See Response Body
[2024-12-10T08:11:04.798Z] Error writing to Modbus register: A Modbus Exception Occurred - See Response Body
[2024-12-10T08:11:05.811Z] Error reading or processing Modbus registers: A Modbus Exception Occurred - See Response Body
[2024-12-10T08:11:05.813Z] Error reading register 6507 for IP 10.30.4.128: A Modbus Exception Occurred - See Response Body
[2024-12-10T08:11:05.814Z] Error reading actual data: A Modbus Exception Occurred - See Response Body
[2024-12-10T08:11:05.815Z] Error writing to Modbus register: A Modbus Exception Occurred - See Response Body
[2024-12-10T08:11:06.825Z] Error reading or processing Modbus registers: A Modbus Exception Occurred - See Response Body
[2024-12-10T08:11:06.827Z] Error reading register 6507 for IP 10.30.4.128: A Modbus Exception Occurred - See Response Body
[2024-12-10T08:11:06.828Z] Error reading actual data: A Modbus Exception Occurred - See Response Body
[2024-12-10T08:11:06.829Z] Error writing to Modbus register: A Modbus Exception Occurred - See Response Body
[2024-12-10T08:11:07.838Z] Error reading or processing Modbus registers: A Modbus Exception Occurred - See Response Body
[2024-12-10T08:11:07.840Z] Error reading register 6507 for IP 10.30.4.128: A Modbus Exception Occurred - See Response Body
[2024-12-10T08:11:07.841Z] Error reading actual data: A Modbus Exception Occurred - See Response Body
[2024-12-10T08:11:07.842Z] Error writing to Modbus register: A Modbus Exception Occurred - See Response Body
[2024-12-10T08:11:08.850Z] Error reading or processing Modbus registers: A Modbus Exception Occurred - See Response Body
[2024-12-10T08:11:08.852Z] Error reading register 6507 for IP 10.30.4.128: A Modbus Exception Occurred - See Response Body
[2024-12-10T08:11:08.853Z] Error reading actual data: A Modbus Exception Occurred - See Response Body
[2024-12-10T08:11:08.854Z] Error writing to Modbus register: A Modbus Exception Occurred - See Response Body
[2024-12-10T08:11:09.849Z] Error reading or processing Modbus registers: A Modbus Exception Occurred - See Response Body
[2024-12-10T08:11:09.851Z] Error reading register 6507 for IP 10.30.4.128: A Modbus Exception Occurred - See Response Body
[2024-12-10T08:11:09.852Z] Error reading actual data: A Modbus Exception Occurred - See Response Body
[2024-12-10T08:11:09.855Z] Error writing to Modbus register: A Modbus Exception Occurred - See Response Body
[2024-12-10T08:11:10.860Z] Error reading or processing Modbus registers: A Modbus Exception Occurred - See Response Body
[2024-12-10T08:11:10.863Z] Error reading register 6507 for IP 10.30.4.128: A Modbus Exception Occurred - See Response Body
[2024-12-10T08:11:10.864Z] Error reading actual data: A Modbus Exception Occurred - See Response Body
[2024-12-10T08:11:10.864Z] Error writing to Modbus register: A Modbus Exception Occurred - See Response Body
[2024-12-10T08:11:11.875Z] Error reading or processing Modbus registers: A Modbus Exception Occurred - See Response Body
[2024-12-10T08:11:11.877Z] Error reading register 6507 for IP 10.30.4.128: A Modbus Exception Occurred - See Response Body
[2024-12-10T08:11:11.878Z] Error reading actual data: A Modbus Exception Occurred - See Response Body
[2024-12-10T08:11:11.878Z] Error writing to Modbus register: A Modbus Exception Occurred - See Response Body
[2024-12-10T08:11:12.888Z] Error reading or processing Modbus registers: A Modbus Exception Occurred - See Response Body
[2024-12-10T08:11:12.891Z] Error reading register 6507 for IP 10.30.4.128: A Modbus Exception Occurred - See Response Body
[2024-12-10T08:11:12.891Z] Error reading actual data: A Modbus Exception Occurred - See Response Body
[2024-12-10T08:11:12.892Z] Error writing to Modbus register: A Modbus Exception Occurred - See Response Body
[2024-12-10T08:11:13.904Z] Error reading or processing Modbus registers: A Modbus Exception Occurred - See Response Body
[2024-12-10T08:11:13.907Z] Error reading register 6507 for IP 10.30.4.128: A Modbus Exception Occurred - See Response Body
[2024-12-10T08:11:13.908Z] Error reading actual data: A Modbus Exception Occurred - See Response Body
[2024-12-10T08:11:13.909Z] Error writing to Modbus register: A Modbus Exception Occurred - See Response Body
[2024-12-10T08:11:14.919Z] Error reading or processing Modbus registers: A Modbus Exception Occurred - See Response Body
[2024-12-10T08:11:14.920Z] Error reading register 6507 for IP 10.30.4.128: A Modbus Exception Occurred - See Response Body
[2024-12-10T08:11:14.921Z] Error reading actual data: A Modbus Exception Occurred - See Response Body
[2024-12-10T08:11:14.921Z] Error writing to Modbus register: A Modbus Exception Occurred - See Response Body
[2024-12-10T08:11:15.932Z] Error reading or processing Modbus registers: A Modbus Exception Occurred - See Response Body
[2024-12-10T08:11:15.935Z] Error reading register 6507 for IP 10.30.4.128: A Modbus Exception Occurred - See Response Body
[2024-12-10T08:11:15.936Z] Error reading actual data: A Modbus Exception Occurred - See Response Body
[2024-12-10T08:11:15.937Z] Error writing to Modbus register: A Modbus Exception Occurred - See Response Body
[2024-12-10T08:11:16.947Z] Error reading or processing Modbus registers: A Modbus Exception Occurred - See Response Body
[2024-12-10T08:11:16.949Z] Error reading register 6507 for IP 10.30.4.128: A Modbus Exception Occurred - See Response Body
[2024-12-10T08:11:16.950Z] Error reading actual data: A Modbus Exception Occurred - See Response Body
[2024-12-10T08:11:16.950Z] Error writing to Modbus register: A Modbus Exception Occurred - See Response Body
[2024-12-10T08:11:17.958Z] Error reading or processing Modbus registers: A Modbus Exception Occurred - See Response Body
[2024-12-10T08:11:17.960Z] Error reading register 6507 for IP 10.30.4.128: A Modbus Exception Occurred - See Response Body
[2024-12-10T08:11:17.960Z] Error reading actual data: A Modbus Exception Occurred - See Response Body
[2024-12-10T08:11:17.961Z] Error writing to Modbus register: A Modbus Exception Occurred - See Response Body
[2024-12-10T08:11:18.972Z] Error reading or processing Modbus registers: A Modbus Exception Occurred - See Response Body
[2024-12-10T08:11:18.974Z] Error reading register 6507 for IP 10.30.4.128: A Modbus Exception Occurred - See Response Body
[2024-12-10T08:11:18.974Z] Error reading actual data: A Modbus Exception Occurred - See Response Body
[2024-12-10T08:11:18.975Z] Error writing to Modbus register: A Modbus Exception Occurred - See Response Body
[2024-12-10T08:11:19.983Z] Error reading or processing Modbus registers: A Modbus Exception Occurred - See Response Body
[2024-12-10T08:11:19.985Z] Error reading register 6507 for IP 10.30.4.128: A Modbus Exception Occurred - See Response Body
[2024-12-10T08:11:19.986Z] Error reading actual data: A Modbus Exception Occurred - See Response Body
[2024-12-10T08:11:19.987Z] Error writing to Modbus register: A Modbus Exception Occurred - See Response Body
[2024-12-10T08:11:20.998Z] Error reading or processing Modbus registers: A Modbus Exception Occurred - See Response Body
[2024-12-10T08:11:21.001Z] Error reading register 6507 for IP 10.30.4.128: A Modbus Exception Occurred - See Response Body
[2024-12-10T08:11:21.002Z] Error reading actual data: A Modbus Exception Occurred - See Response Body
[2024-12-10T08:11:21.002Z] Error writing to Modbus register: A Modbus Exception Occurred - See Response Body
[2024-12-10T08:11:22.008Z] Error reading or processing Modbus registers: A Modbus Exception Occurred - See Response Body
[2024-12-10T08:11:22.010Z] Error reading register 6507 for IP 10.30.4.128: A Modbus Exception Occurred - See Response Body
[2024-12-10T08:11:22.011Z] Error reading actual data: A Modbus Exception Occurred - See Response Body
[2024-12-10T08:11:22.011Z] Error writing to Modbus register: A Modbus Exception Occurred - See Response Body
[2024-12-10T08:11:23.022Z] Error reading or processing Modbus registers: A Modbus Exception Occurred - See Response Body
[2024-12-10T08:11:23.025Z] Error reading register 6507 for IP 10.30.4.128: A Modbus Exception Occurred - See Response Body
[2024-12-10T08:11:23.026Z] Error reading actual data: A Modbus Exception Occurred - See Response Body
[2024-12-10T08:11:23.026Z] Error writing to Modbus register: A Modbus Exception Occurred - See Response Body
[2024-12-10T08:11:24.037Z] Error reading or processing Modbus registers: A Modbus Exception Occurred - See Response Body
[2024-12-10T08:11:24.040Z] Error reading register 6507 for IP 10.30.4.128: A Modbus Exception Occurred - See Response Body
[2024-12-10T08:11:24.041Z] Error reading actual data: A Modbus Exception Occurred - See Response Body
[2024-12-10T08:11:24.041Z] Error writing to Modbus register: A Modbus Exception Occurred - See Response Body
[2024-12-10T08:11:25.049Z] Error reading or processing Modbus registers: A Modbus Exception Occurred - See Response Body
[2024-12-10T08:11:25.051Z] Error reading register 6507 for IP 10.30.4.128: A Modbus Exception Occurred - See Response Body
[2024-12-10T08:11:25.052Z] Error reading actual data: A Modbus Exception Occurred - See Response Body
[2024-12-10T08:11:25.053Z] Error writing to Modbus register: A Modbus Exception Occurred - See Response Body
[2024-12-10T08:11:26.059Z] Error reading or processing Modbus registers: A Modbus Exception Occurred - See Response Body
[2024-12-10T08:11:26.061Z] Error reading register 6507 for IP 10.30.4.128: A Modbus Exception Occurred - See Response Body
[2024-12-10T08:11:26.063Z] Error reading actual data: A Modbus Exception Occurred - See Response Body
[2024-12-10T08:11:26.064Z] Error writing to Modbus register: A Modbus Exception Occurred - See Response Body
[2024-12-10T08:11:27.073Z] Error reading or processing Modbus registers: A Modbus Exception Occurred - See Response Body
[2024-12-10T08:11:27.076Z] Error reading register 6507 for IP 10.30.4.128: A Modbus Exception Occurred - See Response Body
[2024-12-10T08:11:27.077Z] Error reading actual data: A Modbus Exception Occurred - See Response Body
[2024-12-10T08:11:27.077Z] Error writing to Modbus register: A Modbus Exception Occurred - See Response Body
[2024-12-10T08:11:28.085Z] Error reading or processing Modbus registers: A Modbus Exception Occurred - See Response Body
[2024-12-10T08:11:28.087Z] Error reading register 6507 for IP 10.30.4.128: A Modbus Exception Occurred - See Response Body
[2024-12-10T08:11:28.087Z] Error reading actual data: A Modbus Exception Occurred - See Response Body
[2024-12-10T08:11:28.088Z] Error writing to Modbus register: A Modbus Exception Occurred - See Response Body
[2024-12-10T08:11:29.097Z] Error reading or processing Modbus registers: A Modbus Exception Occurred - See Response Body
[2024-12-10T08:11:29.099Z] Error reading register 6507 for IP 10.30.4.128: A Modbus Exception Occurred - See Response Body
[2024-12-10T08:11:29.100Z] Error reading actual data: A Modbus Exception Occurred - See Response Body
[2024-12-10T08:11:29.100Z] Error writing to Modbus register: A Modbus Exception Occurred - See Response Body
[2024-12-10T08:11:30.109Z] Error reading or processing Modbus registers: A Modbus Exception Occurred - See Response Body
[2024-12-10T08:11:30.111Z] Error reading register 6507 for IP 10.30.4.128: A Modbus Exception Occurred - See Response Body
[2024-12-10T08:11:30.112Z] Error reading actual data: A Modbus Exception Occurred - See Response Body
[2024-12-10T08:11:30.112Z] Error writing to Modbus register: A Modbus Exception Occurred - See Response Body
[2024-12-10T08:11:31.125Z] Error reading or processing Modbus registers: A Modbus Exception Occurred - See Response Body
[2024-12-10T08:11:31.127Z] Error reading register 6507 for IP 10.30.4.128: A Modbus Exception Occurred - See Response Body
[2024-12-10T08:11:31.128Z] Error reading actual data: A Modbus Exception Occurred - See Response Body
[2024-12-10T08:11:31.129Z] Error writing to Modbus register: A Modbus Exception Occurred - See Response Body
[2024-12-10T08:11:32.138Z] Error reading or processing Modbus registers: A Modbus Exception Occurred - See Response Body
[2024-12-10T08:11:32.140Z] Error reading register 6507 for IP 10.30.4.128: A Modbus Exception Occurred - See Response Body
[2024-12-10T08:11:32.140Z] Error reading actual data: A Modbus Exception Occurred - See Response Body
[2024-12-10T08:11:32.141Z] Error writing to Modbus register: A Modbus Exception Occurred - See Response Body
[2024-12-10T08:11:33.147Z] Error reading or processing Modbus registers: A Modbus Exception Occurred - See Response Body
[2024-12-10T08:11:33.149Z] Error reading register 6507 for IP 10.30.4.128: A Modbus Exception Occurred - See Response Body
[2024-12-10T08:11:33.150Z] Error reading actual data: A Modbus Exception Occurred - See Response Body
[2024-12-10T08:11:33.152Z] Error writing to Modbus register: A Modbus Exception Occurred - See Response Body
[2024-12-10T08:11:34.158Z] Error reading or processing Modbus registers: A Modbus Exception Occurred - See Response Body
[2024-12-10T08:11:34.160Z] Error reading register 6507 for IP 10.30.4.128: A Modbus Exception Occurred - See Response Body
[2024-12-10T08:11:34.161Z] Error reading actual data: A Modbus Exception Occurred - See Response Body
[2024-12-10T08:11:34.161Z] Error writing to Modbus register: A Modbus Exception Occurred - See Response Body
[2024-12-10T08:11:35.170Z] Error reading or processing Modbus registers: A Modbus Exception Occurred - See Response Body
[2024-12-10T08:11:35.172Z] Error reading register 6507 for IP 10.30.4.128: A Modbus Exception Occurred - See Response Body
[2024-12-10T08:11:35.173Z] Error reading actual data: A Modbus Exception Occurred - See Response Body
[2024-12-10T08:11:35.173Z] Error writing to Modbus register: A Modbus Exception Occurred - See Response Body
[2024-12-10T08:11:36.183Z] Error reading or processing Modbus registers: A Modbus Exception Occurred - See Response Body
[2024-12-10T08:11:36.186Z] Error reading register 6507 for IP 10.30.4.128: A Modbus Exception Occurred - See Response Body
[2024-12-10T08:11:36.186Z] Error reading actual data: A Modbus Exception Occurred - See Response Body
[2024-12-10T08:11:36.187Z] Error writing to Modbus register: A Modbus Exception Occurred - See Response Body
[2024-12-10T08:11:37.192Z] Error reading or processing Modbus registers: A Modbus Exception Occurred - See Response Body
[2024-12-10T08:11:37.194Z] Error reading register 6507 for IP 10.30.4.128: A Modbus Exception Occurred - See Response Body
[2024-12-10T08:11:37.195Z] Error reading actual data: A Modbus Exception Occurred - See Response Body
[2024-12-10T08:11:37.196Z] Error writing to Modbus register: A Modbus Exception Occurred - See Response Body
[2024-12-10T08:11:38.208Z] Error reading or processing Modbus registers: A Modbus Exception Occurred - See Response Body
[2024-12-10T08:11:38.212Z] Error reading register 6507 for IP 10.30.4.128: A Modbus Exception Occurred - See Response Body
[2024-12-10T08:11:38.213Z] Error reading actual data: A Modbus Exception Occurred - See Response Body
[2024-12-10T08:11:38.214Z] Error writing to Modbus register: A Modbus Exception Occurred - See Response Body
[2024-12-10T08:11:39.219Z] Error reading or processing Modbus registers: A Modbus Exception Occurred - See Response Body
[2024-12-10T08:11:39.221Z] Error reading register 6507 for IP 10.30.4.128: A Modbus Exception Occurred - See Response Body
[2024-12-10T08:11:39.222Z] Error reading actual data: A Modbus Exception Occurred - See Response Body
[2024-12-10T08:11:39.222Z] Error writing to Modbus register: A Modbus Exception Occurred - See Response Body
[2024-12-10T08:11:40.223Z] Error reading or processing Modbus registers: A Modbus Exception Occurred - See Response Body
[2024-12-10T08:11:40.225Z] Error reading register 6507 for IP 10.30.4.128: A Modbus Exception Occurred - See Response Body
[2024-12-10T08:11:40.225Z] Error reading actual data: A Modbus Exception Occurred - See Response Body
[2024-12-10T08:11:40.227Z] Error writing to Modbus register: A Modbus Exception Occurred - See Response Body
[2024-12-10T08:11:41.233Z] Error reading or processing Modbus registers: A Modbus Exception Occurred - See Response Body
[2024-12-10T08:11:41.235Z] Error reading register 6507 for IP 10.30.4.128: A Modbus Exception Occurred - See Response Body
[2024-12-10T08:11:41.236Z] Error reading actual data: A Modbus Exception Occurred - See Response Body
[2024-12-10T08:11:41.237Z] Error writing to Modbus register: A Modbus Exception Occurred - See Response Body
[2024-12-10T08:11:42.244Z] Error reading or processing Modbus registers: A Modbus Exception Occurred - See Response Body
[2024-12-10T08:11:42.247Z] Error reading register 6507 for IP 10.30.4.128: A Modbus Exception Occurred - See Response Body
[2024-12-10T08:11:42.247Z] Error reading actual data: A Modbus Exception Occurred - See Response Body
[2024-12-10T08:11:42.248Z] Error writing to Modbus register: A Modbus Exception Occurred - See Response Body
[2024-12-10T08:11:43.254Z] Error reading or processing Modbus registers: A Modbus Exception Occurred - See Response Body
[2024-12-10T08:11:43.256Z] Error reading register 6507 for IP 10.30.4.128: A Modbus Exception Occurred - See Response Body
[2024-12-10T08:11:43.257Z] Error reading actual data: A Modbus Exception Occurred - See Response Body
[2024-12-10T08:11:43.258Z] Error writing to Modbus register: A Modbus Exception Occurred - See Response Body
[2024-12-10T08:11:44.263Z] Error reading or processing Modbus registers: A Modbus Exception Occurred - See Response Body
[2024-12-10T08:11:44.267Z] Error reading register 6507 for IP 10.30.4.128: A Modbus Exception Occurred - See Response Body
[2024-12-10T08:11:44.268Z] Error reading actual data: A Modbus Exception Occurred - See Response Body
[2024-12-10T08:11:44.268Z] Error writing to Modbus register: A Modbus Exception Occurred - See Response Body
[2024-12-10T08:11:45.277Z] Error reading or processing Modbus registers: A Modbus Exception Occurred - See Response Body
[2024-12-10T08:11:45.279Z] Error reading register 6507 for IP 10.30.4.128: A Modbus Exception Occurred - See Response Body
[2024-12-10T08:11:45.280Z] Error reading actual data: A Modbus Exception Occurred - See Response Body
[2024-12-10T08:11:45.280Z] Error writing to Modbus register: A Modbus Exception Occurred - See Response Body
[2024-12-10T08:11:46.289Z] Error reading or processing Modbus registers: A Modbus Exception Occurred - See Response Body
[2024-12-10T08:11:46.293Z] Error reading register 6507 for IP 10.30.4.128: A Modbus Exception Occurred - See Response Body
[2024-12-10T08:11:46.294Z] Error reading actual data: A Modbus Exception Occurred - See Response Body
[2024-12-10T08:11:46.294Z] Error writing to Modbus register: A Modbus Exception Occurred - See Response Body
[2024-12-10T08:11:47.305Z] Error reading or processing Modbus registers: A Modbus Exception Occurred - See Response Body
[2024-12-10T08:11:47.307Z] Error reading register 6507 for IP 10.30.4.128: A Modbus Exception Occurred - See Response Body
[2024-12-10T08:11:47.308Z] Error reading actual data: A Modbus Exception Occurred - See Response Body
[2024-12-10T08:11:47.311Z] Error writing to Modbus register: A Modbus Exception Occurred - See Response Body
[2024-12-10T08:11:48.317Z] Error reading or processing Modbus registers: A Modbus Exception Occurred - See Response Body
[2024-12-10T08:11:48.320Z] Error reading register 6507 for IP 10.30.4.128: A Modbus Exception Occurred - See Response Body
[2024-12-10T08:11:48.320Z] Error reading actual data: A Modbus Exception Occurred - See Response Body
[2024-12-10T08:11:48.321Z] Error writing to Modbus register: A Modbus Exception Occurred - See Response Body
[2024-12-10T08:11:49.319Z] Error reading or processing Modbus registers: A Modbus Exception Occurred - See Response Body
[2024-12-10T08:11:49.323Z] Error reading register 6507 for IP 10.30.4.128: A Modbus Exception Occurred - See Response Body
[2024-12-10T08:11:49.323Z] Error reading actual data: A Modbus Exception Occurred - See Response Body
[2024-12-10T08:11:49.324Z] Error writing to Modbus register: A Modbus Exception Occurred - See Response Body
[2024-12-10T08:11:50.332Z] Error reading or processing Modbus registers: A Modbus Exception Occurred - See Response Body
[2024-12-10T08:11:50.334Z] Error reading register 6507 for IP 10.30.4.128: A Modbus Exception Occurred - See Response Body
[2024-12-10T08:11:50.334Z] Error reading actual data: A Modbus Exception Occurred - See Response Body
[2024-12-10T08:11:50.335Z] Error writing to Modbus register: A Modbus Exception Occurred - See Response Body
[2024-12-10T08:11:51.333Z] Error reading or processing Modbus registers: A Modbus Exception Occurred - See Response Body
[2024-12-10T08:11:51.335Z] Error reading register 6507 for IP 10.30.4.128: A Modbus Exception Occurred - See Response Body
[2024-12-10T08:11:51.336Z] Error reading actual data: A Modbus Exception Occurred - See Response Body
[2024-12-10T08:11:51.336Z] Error writing to Modbus register: A Modbus Exception Occurred - See Response Body
[2024-12-10T08:11:52.342Z] Error reading or processing Modbus registers: A Modbus Exception Occurred - See Response Body
[2024-12-10T08:11:52.344Z] Error reading register 6507 for IP 10.30.4.128: A Modbus Exception Occurred - See Response Body
[2024-12-10T08:11:52.344Z] Error reading actual data: A Modbus Exception Occurred - See Response Body
[2024-12-10T08:11:52.345Z] Error writing to Modbus register: A Modbus Exception Occurred - See Response Body
[2024-12-10T08:11:53.357Z] Error reading or processing Modbus registers: A Modbus Exception Occurred - See Response Body
[2024-12-10T08:11:53.359Z] Error reading register 6507 for IP 10.30.4.128: A Modbus Exception Occurred - See Response Body
[2024-12-10T08:11:53.360Z] Error reading actual data: A Modbus Exception Occurred - See Response Body
[2024-12-10T08:11:53.360Z] Error writing to Modbus register: A Modbus Exception Occurred - See Response Body
[2024-12-10T08:11:54.370Z] Error reading or processing Modbus registers: A Modbus Exception Occurred - See Response Body
[2024-12-10T08:11:54.372Z] Error reading register 6507 for IP 10.30.4.128: A Modbus Exception Occurred - See Response Body
[2024-12-10T08:11:54.373Z] Error reading actual data: A Modbus Exception Occurred - See Response Body
[2024-12-10T08:11:54.374Z] Error writing to Modbus register: A Modbus Exception Occurred - See Response Body
[2024-12-10T08:11:55.380Z] Error reading or processing Modbus registers: A Modbus Exception Occurred - See Response Body
[2024-12-10T08:11:55.382Z] Error reading register 6507 for IP 10.30.4.128: A Modbus Exception Occurred - See Response Body
[2024-12-10T08:11:55.383Z] Error reading actual data: A Modbus Exception Occurred - See Response Body
[2024-12-10T08:11:55.383Z] Error writing to Modbus register: A Modbus Exception Occurred - See Response Body
[2024-12-10T08:11:56.382Z] Error reading or processing Modbus registers: A Modbus Exception Occurred - See Response Body
[2024-12-10T08:11:56.384Z] Error reading register 6507 for IP 10.30.4.128: A Modbus Exception Occurred - See Response Body
[2024-12-10T08:11:56.386Z] Error writing to Modbus register: A Modbus Exception Occurred - See Response Body
[2024-12-10T08:11:56.386Z] Error reading actual data: A Modbus Exception Occurred - See Response Body
[2024-12-10T08:11:57.395Z] Error reading or processing Modbus registers: A Modbus Exception Occurred - See Response Body
[2024-12-10T08:11:57.397Z] Error reading register 6507 for IP 10.30.4.128: A Modbus Exception Occurred - See Response Body
[2024-12-10T08:11:57.398Z] Error reading actual data: A Modbus Exception Occurred - See Response Body
[2024-12-10T08:11:57.399Z] Error writing to Modbus register: A Modbus Exception Occurred - See Response Body
[2024-12-10T08:11:58.409Z] Error reading or processing Modbus registers: A Modbus Exception Occurred - See Response Body
[2024-12-10T08:11:58.411Z] Error reading register 6507 for IP 10.30.4.128: A Modbus Exception Occurred - See Response Body
[2024-12-10T08:11:58.413Z] Error reading actual data: A Modbus Exception Occurred - See Response Body
[2024-12-10T08:11:58.413Z] Error writing to Modbus register: A Modbus Exception Occurred - See Response Body
[2024-12-10T08:11:59.424Z] Error reading or processing Modbus registers: A Modbus Exception Occurred - See Response Body
[2024-12-10T08:11:59.426Z] Error reading register 6507 for IP 10.30.4.128: A Modbus Exception Occurred - See Response Body
[2024-12-10T08:11:59.427Z] Error reading actual data: A Modbus Exception Occurred - See Response Body
[2024-12-10T08:11:59.427Z] Error writing to Modbus register: A Modbus Exception Occurred - See Response Body
[2024-12-10T08:12:00.438Z] Error reading or processing Modbus registers: A Modbus Exception Occurred - See Response Body
[2024-12-10T08:12:00.442Z] Error reading register 6507 for IP 10.30.4.128: A Modbus Exception Occurred - See Response Body
[2024-12-10T08:12:00.442Z] Error reading actual data: A Modbus Exception Occurred - See Response Body
[2024-12-10T08:12:00.443Z] Error writing to Modbus register: A Modbus Exception Occurred - See Response Body
[2024-12-10T08:12:01.453Z] Error reading or processing Modbus registers: A Modbus Exception Occurred - See Response Body
[2024-12-10T08:12:01.456Z] Error reading register 6507 for IP 10.30.4.128: A Modbus Exception Occurred - See Response Body
[2024-12-10T08:12:01.456Z] Error reading actual data: A Modbus Exception Occurred - See Response Body
[2024-12-10T08:12:01.457Z] Error writing to Modbus register: A Modbus Exception Occurred - See Response Body
[2024-12-10T08:12:02.463Z] Error reading or processing Modbus registers: A Modbus Exception Occurred - See Response Body
[2024-12-10T08:12:02.465Z] Error reading register 6507 for IP 10.30.4.128: A Modbus Exception Occurred - See Response Body
[2024-12-10T08:12:02.466Z] Error reading actual data: A Modbus Exception Occurred - See Response Body
[2024-12-10T08:12:02.466Z] Error writing to Modbus register: A Modbus Exception Occurred - See Response Body
[2024-12-10T08:12:03.477Z] Error reading or processing Modbus registers: A Modbus Exception Occurred - See Response Body
[2024-12-10T08:12:03.479Z] Error reading register 6507 for IP 10.30.4.128: A Modbus Exception Occurred - See Response Body
[2024-12-10T08:12:03.480Z] Error reading actual data: A Modbus Exception Occurred - See Response Body
[2024-12-10T08:12:03.480Z] Error writing to Modbus register: A Modbus Exception Occurred - See Response Body
[2024-12-10T08:12:04.476Z] Error reading or processing Modbus registers: A Modbus Exception Occurred - See Response Body
[2024-12-10T08:12:04.479Z] Error reading register 6507 for IP 10.30.4.128: A Modbus Exception Occurred - See Response Body
[2024-12-10T08:12:04.480Z] Error reading actual data: A Modbus Exception Occurred - See Response Body
[2024-12-10T08:12:04.480Z] Error writing to Modbus register: A Modbus Exception Occurred - See Response Body
[2024-12-10T08:12:05.485Z] Error reading or processing Modbus registers: A Modbus Exception Occurred - See Response Body
[2024-12-10T08:12:05.487Z] Error reading register 6507 for IP 10.30.4.128: A Modbus Exception Occurred - See Response Body
[2024-12-10T08:12:05.487Z] Error reading actual data: A Modbus Exception Occurred - See Response Body
[2024-12-10T08:12:05.488Z] Error writing to Modbus register: A Modbus Exception Occurred - See Response Body
[2024-12-10T08:12:06.485Z] Error reading or processing Modbus registers: A Modbus Exception Occurred - See Response Body
[2024-12-10T08:12:06.487Z] Error reading register 6507 for IP 10.30.4.128: A Modbus Exception Occurred - See Response Body
[2024-12-10T08:12:06.488Z] Error reading actual data: A Modbus Exception Occurred - See Response Body
[2024-12-10T08:12:06.488Z] Error writing to Modbus register: A Modbus Exception Occurred - See Response Body
[2024-12-10T08:12:07.497Z] Error reading or processing Modbus registers: A Modbus Exception Occurred - See Response Body
[2024-12-10T08:12:07.500Z] Error reading register 6507 for IP 10.30.4.128: A Modbus Exception Occurred - See Response Body
[2024-12-10T08:12:07.502Z] Error reading actual data: A Modbus Exception Occurred - See Response Body
[2024-12-10T08:12:07.503Z] Error writing to Modbus register: A Modbus Exception Occurred - See Response Body
[2024-12-10T08:12:08.510Z] Error reading or processing Modbus registers: A Modbus Exception Occurred - See Response Body
[2024-12-10T08:12:08.512Z] Error reading register 6507 for IP 10.30.4.128: A Modbus Exception Occurred - See Response Body
[2024-12-10T08:12:08.513Z] Error reading actual data: A Modbus Exception Occurred - See Response Body
[2024-12-10T08:12:08.513Z] Error writing to Modbus register: A Modbus Exception Occurred - See Response Body
[2024-12-10T08:12:09.511Z] Error reading or processing Modbus registers: A Modbus Exception Occurred - See Response Body
[2024-12-10T08:12:09.513Z] Error reading register 6507 for IP 10.30.4.128: A Modbus Exception Occurred - See Response Body
[2024-12-10T08:12:09.514Z] Error reading actual data: A Modbus Exception Occurred - See Response Body
[2024-12-10T08:12:09.515Z] Error writing to Modbus register: A Modbus Exception Occurred - See Response Body
[2024-12-10T08:12:10.513Z] Error reading or processing Modbus registers: A Modbus Exception Occurred - See Response Body
[2024-12-10T08:12:10.515Z] Error reading register 6507 for IP 10.30.4.128: A Modbus Exception Occurred - See Response Body
[2024-12-10T08:12:10.516Z] Error reading actual data: A Modbus Exception Occurred - See Response Body
[2024-12-10T08:12:10.516Z] Error writing to Modbus register: A Modbus Exception Occurred - See Response Body
[2024-12-10T08:12:11.515Z] Error reading or processing Modbus registers: A Modbus Exception Occurred - See Response Body
[2024-12-10T08:12:11.517Z] Error reading register 6507 for IP 10.30.4.128: A Modbus Exception Occurred - See Response Body
[2024-12-10T08:12:11.518Z] Error reading actual data: A Modbus Exception Occurred - See Response Body
[2024-12-10T08:12:11.519Z] Error writing to Modbus register: A Modbus Exception Occurred - See Response Body
[2024-12-10T08:12:12.525Z] Error reading or processing Modbus registers: A Modbus Exception Occurred - See Response Body
[2024-12-10T08:12:12.527Z] Error reading register 6507 for IP 10.30.4.128: A Modbus Exception Occurred - See Response Body
[2024-12-10T08:12:12.528Z] Error reading actual data: A Modbus Exception Occurred - See Response Body
[2024-12-10T08:12:12.529Z] Error writing to Modbus register: A Modbus Exception Occurred - See Response Body
[2024-12-10T08:12:13.542Z] Error reading or processing Modbus registers: A Modbus Exception Occurred - See Response Body
[2024-12-10T08:12:13.548Z] Error reading register 6507 for IP 10.30.4.128: A Modbus Exception Occurred - See Response Body
[2024-12-10T08:12:13.548Z] Error reading actual data: A Modbus Exception Occurred - See Response Body
[2024-12-10T08:12:13.549Z] Error writing to Modbus register: A Modbus Exception Occurred - See Response Body
[2024-12-10T08:12:14.556Z] Error reading or processing Modbus registers: A Modbus Exception Occurred - See Response Body
[2024-12-10T08:12:14.558Z] Error reading register 6507 for IP 10.30.4.128: A Modbus Exception Occurred - See Response Body
[2024-12-10T08:12:14.559Z] Error reading actual data: A Modbus Exception Occurred - See Response Body
[2024-12-10T08:12:14.559Z] Error writing to Modbus register: A Modbus Exception Occurred - See Response Body
[2024-12-10T08:12:15.569Z] Error reading or processing Modbus registers: A Modbus Exception Occurred - See Response Body
[2024-12-10T08:12:15.571Z] Error reading register 6507 for IP 10.30.4.128: A Modbus Exception Occurred - See Response Body
[2024-12-10T08:12:15.571Z] Error reading actual data: A Modbus Exception Occurred - See Response Body
[2024-12-10T08:12:15.571Z] Error writing to Modbus register: A Modbus Exception Occurred - See Response Body
[2024-12-10T08:12:16.580Z] Error reading or processing Modbus registers: A Modbus Exception Occurred - See Response Body
[2024-12-10T08:12:16.582Z] Error reading register 6507 for IP 10.30.4.128: A Modbus Exception Occurred - See Response Body
[2024-12-10T08:12:16.583Z] Error reading actual data: A Modbus Exception Occurred - See Response Body
[2024-12-10T08:12:16.583Z] Error writing to Modbus register: A Modbus Exception Occurred - See Response Body
[2024-12-10T08:12:17.592Z] Error reading or processing Modbus registers: A Modbus Exception Occurred - See Response Body
[2024-12-10T08:12:17.594Z] Error reading register 6507 for IP 10.30.4.128: A Modbus Exception Occurred - See Response Body
[2024-12-10T08:12:17.594Z] Error reading actual data: A Modbus Exception Occurred - See Response Body
[2024-12-10T08:12:17.595Z] Error writing to Modbus register: A Modbus Exception Occurred - See Response Body
[2024-12-10T08:12:18.600Z] Error reading or processing Modbus registers: A Modbus Exception Occurred - See Response Body
[2024-12-10T08:12:18.602Z] Error reading register 6507 for IP 10.30.4.128: A Modbus Exception Occurred - See Response Body
[2024-12-10T08:12:18.602Z] Error reading actual data: A Modbus Exception Occurred - See Response Body
[2024-12-10T08:12:18.603Z] Error writing to Modbus register: A Modbus Exception Occurred - See Response Body
[2024-12-10T08:12:19.614Z] Error reading or processing Modbus registers: A Modbus Exception Occurred - See Response Body
[2024-12-10T08:12:19.616Z] Error reading register 6507 for IP 10.30.4.128: A Modbus Exception Occurred - See Response Body
[2024-12-10T08:12:19.616Z] Error reading actual data: A Modbus Exception Occurred - See Response Body
[2024-12-10T08:12:19.617Z] Error writing to Modbus register: A Modbus Exception Occurred - See Response Body
[2024-12-10T08:12:20.629Z] Error reading or processing Modbus registers: A Modbus Exception Occurred - See Response Body
[2024-12-10T08:12:20.632Z] Error reading register 6507 for IP 10.30.4.128: A Modbus Exception Occurred - See Response Body
[2024-12-10T08:12:20.633Z] Error reading actual data: A Modbus Exception Occurred - See Response Body
[2024-12-10T08:12:20.633Z] Error writing to Modbus register: A Modbus Exception Occurred - See Response Body
[2024-12-10T08:12:21.639Z] Error reading or processing Modbus registers: A Modbus Exception Occurred - See Response Body
[2024-12-10T08:12:21.641Z] Error reading register 6507 for IP 10.30.4.128: A Modbus Exception Occurred - See Response Body
[2024-12-10T08:12:21.642Z] Error reading actual data: A Modbus Exception Occurred - See Response Body
[2024-12-10T08:12:21.642Z] Error writing to Modbus register: A Modbus Exception Occurred - See Response Body
[2024-12-10T08:12:22.653Z] Error reading or processing Modbus registers: A Modbus Exception Occurred - See Response Body
[2024-12-10T08:12:22.655Z] Error reading register 6507 for IP 10.30.4.128: A Modbus Exception Occurred - See Response Body
[2024-12-10T08:12:22.656Z] Error reading actual data: A Modbus Exception Occurred - See Response Body
[2024-12-10T08:12:22.657Z] Error writing to Modbus register: A Modbus Exception Occurred - See Response Body
[2024-12-10T08:12:23.667Z] Error reading or processing Modbus registers: A Modbus Exception Occurred - See Response Body
[2024-12-10T08:12:23.669Z] Error reading register 6507 for IP 10.30.4.128: A Modbus Exception Occurred - See Response Body
[2024-12-10T08:12:23.669Z] Error reading actual data: A Modbus Exception Occurred - See Response Body
[2024-12-10T08:12:23.670Z] Error writing to Modbus register: A Modbus Exception Occurred - See Response Body
[2024-12-10T08:12:24.677Z] Error reading or processing Modbus registers: A Modbus Exception Occurred - See Response Body
[2024-12-10T08:12:24.679Z] Error reading register 6507 for IP 10.30.4.128: A Modbus Exception Occurred - See Response Body
[2024-12-10T08:12:24.680Z] Error reading actual data: A Modbus Exception Occurred - See Response Body
[2024-12-10T08:12:24.680Z] Error writing to Modbus register: A Modbus Exception Occurred - See Response Body
[2024-12-10T08:12:25.677Z] Error reading or processing Modbus registers: A Modbus Exception Occurred - See Response Body
[2024-12-10T08:12:25.679Z] Error reading register 6507 for IP 10.30.4.128: A Modbus Exception Occurred - See Response Body
[2024-12-10T08:12:25.680Z] Error reading actual data: A Modbus Exception Occurred - See Response Body
[2024-12-10T08:12:25.680Z] Error writing to Modbus register: A Modbus Exception Occurred - See Response Body
[2024-12-10T08:12:26.688Z] Error reading or processing Modbus registers: A Modbus Exception Occurred - See Response Body
[2024-12-10T08:12:26.690Z] Error reading register 6507 for IP 10.30.4.128: A Modbus Exception Occurred - See Response Body
[2024-12-10T08:12:26.691Z] Error reading actual data: A Modbus Exception Occurred - See Response Body
[2024-12-10T08:12:26.691Z] Error writing to Modbus register: A Modbus Exception Occurred - See Response Body
[2024-12-10T08:12:27.702Z] Error reading or processing Modbus registers: A Modbus Exception Occurred - See Response Body
[2024-12-10T08:12:27.704Z] Error reading register 6507 for IP 10.30.4.128: A Modbus Exception Occurred - See Response Body
[2024-12-10T08:12:27.704Z] Error reading actual data: A Modbus Exception Occurred - See Response Body
[2024-12-10T08:12:27.705Z] Error writing to Modbus register: A Modbus Exception Occurred - See Response Body
[2024-12-10T08:12:28.714Z] Error reading or processing Modbus registers: A Modbus Exception Occurred - See Response Body
[2024-12-10T08:12:28.716Z] Error reading register 6507 for IP 10.30.4.128: A Modbus Exception Occurred - See Response Body
[2024-12-10T08:12:28.717Z] Error reading actual data: A Modbus Exception Occurred - See Response Body
[2024-12-10T08:12:28.717Z] Error writing to Modbus register: A Modbus Exception Occurred - See Response Body
[2024-12-10T08:12:29.714Z] Error reading or processing Modbus registers: A Modbus Exception Occurred - See Response Body
[2024-12-10T08:12:29.717Z] Error reading register 6507 for IP 10.30.4.128: A Modbus Exception Occurred - See Response Body
[2024-12-10T08:12:29.717Z] Error reading actual data: A Modbus Exception Occurred - See Response Body
[2024-12-10T08:12:29.718Z] Error writing to Modbus register: A Modbus Exception Occurred - See Response Body
[2024-12-10T08:12:30.727Z] Error reading or processing Modbus registers: A Modbus Exception Occurred - See Response Body
[2024-12-10T08:12:30.729Z] Error reading register 6507 for IP 10.30.4.128: A Modbus Exception Occurred - See Response Body
[2024-12-10T08:12:30.730Z] Error reading actual data: A Modbus Exception Occurred - See Response Body
[2024-12-10T08:12:30.730Z] Error writing to Modbus register: A Modbus Exception Occurred - See Response Body
[2024-12-10T08:12:31.741Z] Error reading or processing Modbus registers: A Modbus Exception Occurred - See Response Body
[2024-12-10T08:12:31.743Z] Error reading register 6507 for IP 10.30.4.128: A Modbus Exception Occurred - See Response Body
[2024-12-10T08:12:31.743Z] Error reading actual data: A Modbus Exception Occurred - See Response Body
[2024-12-10T08:12:31.744Z] Error writing to Modbus register: A Modbus Exception Occurred - See Response Body
[2024-12-10T08:12:32.755Z] Error reading or processing Modbus registers: A Modbus Exception Occurred - See Response Body
[2024-12-10T08:12:32.757Z] Error reading register 6507 for IP 10.30.4.128: A Modbus Exception Occurred - See Response Body
[2024-12-10T08:12:32.758Z] Error reading actual data: A Modbus Exception Occurred - See Response Body
[2024-12-10T08:12:32.758Z] Error writing to Modbus register: A Modbus Exception Occurred - See Response Body
[2024-12-10T08:12:33.765Z] Error reading or processing Modbus registers: A Modbus Exception Occurred - See Response Body
[2024-12-10T08:12:33.767Z] Error reading register 6507 for IP 10.30.4.128: A Modbus Exception Occurred - See Response Body
[2024-12-10T08:12:33.768Z] Error reading actual data: A Modbus Exception Occurred - See Response Body
[2024-12-10T08:12:33.768Z] Error writing to Modbus register: A Modbus Exception Occurred - See Response Body
[2024-12-10T08:12:34.776Z] Error reading or processing Modbus registers: A Modbus Exception Occurred - See Response Body
[2024-12-10T08:12:34.777Z] Error reading register 6507 for IP 10.30.4.128: A Modbus Exception Occurred - See Response Body
[2024-12-10T08:12:34.778Z] Error reading actual data: A Modbus Exception Occurred - See Response Body
[2024-12-10T08:12:34.778Z] Error writing to Modbus register: A Modbus Exception Occurred - See Response Body
[2024-12-10T08:12:35.776Z] Error reading or processing Modbus registers: A Modbus Exception Occurred - See Response Body
[2024-12-10T08:12:35.779Z] Error reading register 6507 for IP 10.30.4.128: A Modbus Exception Occurred - See Response Body
[2024-12-10T08:12:35.779Z] Error reading actual data: A Modbus Exception Occurred - See Response Body
[2024-12-10T08:12:35.780Z] Error writing to Modbus register: A Modbus Exception Occurred - See Response Body
[2024-12-10T08:12:36.777Z] Error reading or processing Modbus registers: A Modbus Exception Occurred - See Response Body
[2024-12-10T08:12:36.778Z] Error reading register 6507 for IP 10.30.4.128: A Modbus Exception Occurred - See Response Body
[2024-12-10T08:12:36.779Z] Error reading actual data: A Modbus Exception Occurred - See Response Body
[2024-12-10T08:12:36.780Z] Error writing to Modbus register: A Modbus Exception Occurred - See Response Body
[2024-12-10T08:12:37.778Z] Error reading or processing Modbus registers: A Modbus Exception Occurred - See Response Body
[2024-12-10T08:12:37.782Z] Error reading register 6507 for IP 10.30.4.128: A Modbus Exception Occurred - See Response Body
[2024-12-10T08:12:37.782Z] Error reading actual data: A Modbus Exception Occurred - See Response Body
[2024-12-10T08:12:37.783Z] Error writing to Modbus register: A Modbus Exception Occurred - See Response Body
[2024-12-10T08:12:38.789Z] Error reading or processing Modbus registers: A Modbus Exception Occurred - See Response Body
[2024-12-10T08:12:38.791Z] Error reading register 6507 for IP 10.30.4.128: A Modbus Exception Occurred - See Response Body
[2024-12-10T08:12:38.792Z] Error reading actual data: A Modbus Exception Occurred - See Response Body
[2024-12-10T08:12:38.792Z] Error writing to Modbus register: A Modbus Exception Occurred - See Response Body
[2024-12-10T08:12:39.798Z] Error reading or processing Modbus registers: A Modbus Exception Occurred - See Response Body
[2024-12-10T08:12:39.800Z] Error reading register 6507 for IP 10.30.4.128: A Modbus Exception Occurred - See Response Body
[2024-12-10T08:12:39.801Z] Error reading actual data: A Modbus Exception Occurred - See Response Body
[2024-12-10T08:12:39.801Z] Error writing to Modbus register: A Modbus Exception Occurred - See Response Body
[2024-12-10T08:12:40.799Z] Error reading or processing Modbus registers: A Modbus Exception Occurred - See Response Body
[2024-12-10T08:12:40.801Z] Error reading register 6507 for IP 10.30.4.128: A Modbus Exception Occurred - See Response Body
[2024-12-10T08:12:40.802Z] Error reading actual data: A Modbus Exception Occurred - See Response Body
[2024-12-10T08:12:40.802Z] Error writing to Modbus register: A Modbus Exception Occurred - See Response Body
[2024-12-10T08:12:41.810Z] Error reading or processing Modbus registers: A Modbus Exception Occurred - See Response Body
[2024-12-10T08:12:41.812Z] Error reading register 6507 for IP 10.30.4.128: A Modbus Exception Occurred - See Response Body
[2024-12-10T08:12:41.813Z] Error reading actual data: A Modbus Exception Occurred - See Response Body
[2024-12-10T08:12:41.813Z] Error writing to Modbus register: A Modbus Exception Occurred - See Response Body
[2024-12-10T08:12:42.811Z] Error reading or processing Modbus registers: A Modbus Exception Occurred - See Response Body
[2024-12-10T08:12:42.813Z] Error reading register 6507 for IP 10.30.4.128: A Modbus Exception Occurred - See Response Body
[2024-12-10T08:12:42.813Z] Error reading actual data: A Modbus Exception Occurred - See Response Body
[2024-12-10T08:12:42.814Z] Error writing to Modbus register: A Modbus Exception Occurred - See Response Body
[2024-12-10T08:12:43.813Z] Error reading or processing Modbus registers: A Modbus Exception Occurred - See Response Body
[2024-12-10T08:12:43.815Z] Error reading register 6507 for IP 10.30.4.128: A Modbus Exception Occurred - See Response Body
[2024-12-10T08:12:43.816Z] Error reading actual data: A Modbus Exception Occurred - See Response Body
[2024-12-10T08:12:43.817Z] Error writing to Modbus register: A Modbus Exception Occurred - See Response Body
[2024-12-10T08:12:44.815Z] Error reading or processing Modbus registers: A Modbus Exception Occurred - See Response Body
[2024-12-10T08:12:44.818Z] Error reading register 6507 for IP 10.30.4.128: A Modbus Exception Occurred - See Response Body
[2024-12-10T08:12:44.818Z] Error reading actual data: A Modbus Exception Occurred - See Response Body
[2024-12-10T08:12:44.819Z] Error writing to Modbus register: A Modbus Exception Occurred - See Response Body
[2024-12-10T08:12:45.825Z] Error reading or processing Modbus registers: A Modbus Exception Occurred - See Response Body
[2024-12-10T08:12:45.827Z] Error reading register 6507 for IP 10.30.4.128: A Modbus Exception Occurred - See Response Body
[2024-12-10T08:12:45.828Z] Error reading actual data: A Modbus Exception Occurred - See Response Body
[2024-12-10T08:12:45.829Z] Error writing to Modbus register: A Modbus Exception Occurred - See Response Body
[2024-12-10T08:12:46.827Z] Error reading or processing Modbus registers: A Modbus Exception Occurred - See Response Body
[2024-12-10T08:12:46.830Z] Error reading register 6507 for IP 10.30.4.128: A Modbus Exception Occurred - See Response Body
[2024-12-10T08:12:46.830Z] Error reading actual data: A Modbus Exception Occurred - See Response Body
[2024-12-10T08:12:46.831Z] Error writing to Modbus register: A Modbus Exception Occurred - See Response Body
[2024-12-10T08:12:47.839Z] Error reading or processing Modbus registers: A Modbus Exception Occurred - See Response Body
[2024-12-10T08:12:47.841Z] Error reading register 6507 for IP 10.30.4.128: A Modbus Exception Occurred - See Response Body
[2024-12-10T08:12:47.842Z] Error reading actual data: A Modbus Exception Occurred - See Response Body
[2024-12-10T08:12:47.843Z] Error writing to Modbus register: A Modbus Exception Occurred - See Response Body
[2024-12-10T08:12:48.840Z] Error reading or processing Modbus registers: A Modbus Exception Occurred - See Response Body
[2024-12-10T08:12:48.843Z] Error reading register 6507 for IP 10.30.4.128: A Modbus Exception Occurred - See Response Body
[2024-12-10T08:12:48.844Z] Error reading actual data: A Modbus Exception Occurred - See Response Body
[2024-12-10T08:12:48.844Z] Error writing to Modbus register: A Modbus Exception Occurred - See Response Body
[2024-12-10T08:12:49.853Z] Error reading or processing Modbus registers: A Modbus Exception Occurred - See Response Body
[2024-12-10T08:12:49.855Z] Error reading register 6507 for IP 10.30.4.128: A Modbus Exception Occurred - See Response Body
[2024-12-10T08:12:49.856Z] Error reading actual data: A Modbus Exception Occurred - See Response Body
[2024-12-10T08:12:49.857Z] Error writing to Modbus register: A Modbus Exception Occurred - See Response Body
[2024-12-10T08:12:50.866Z] Error reading or processing Modbus registers: A Modbus Exception Occurred - See Response Body
[2024-12-10T08:12:50.868Z] Error reading register 6507 for IP 10.30.4.128: A Modbus Exception Occurred - See Response Body
[2024-12-10T08:12:50.869Z] Error reading actual data: A Modbus Exception Occurred - See Response Body
[2024-12-10T08:12:50.870Z] Error writing to Modbus register: A Modbus Exception Occurred - See Response Body
[2024-12-10T08:12:51.878Z] Error reading or processing Modbus registers: A Modbus Exception Occurred - See Response Body
[2024-12-10T08:12:51.883Z] Error reading register 6507 for IP 10.30.4.128: A Modbus Exception Occurred - See Response Body
[2024-12-10T08:12:51.883Z] Error reading actual data: A Modbus Exception Occurred - See Response Body
[2024-12-10T08:12:51.884Z] Error writing to Modbus register: A Modbus Exception Occurred - See Response Body
[2024-12-10T08:12:52.879Z] Error reading or processing Modbus registers: A Modbus Exception Occurred - See Response Body
[2024-12-10T08:12:52.881Z] Error reading register 6507 for IP 10.30.4.128: A Modbus Exception Occurred - See Response Body
[2024-12-10T08:12:52.881Z] Error reading actual data: A Modbus Exception Occurred - See Response Body
[2024-12-10T08:12:52.882Z] Error writing to Modbus register: A Modbus Exception Occurred - See Response Body
[2024-12-10T08:12:53.888Z] Error reading or processing Modbus registers: A Modbus Exception Occurred - See Response Body
[2024-12-10T08:12:53.890Z] Error reading register 6507 for IP 10.30.4.128: A Modbus Exception Occurred - See Response Body
[2024-12-10T08:12:53.890Z] Error reading actual data: A Modbus Exception Occurred - See Response Body
[2024-12-10T08:12:53.891Z] Error writing to Modbus register: A Modbus Exception Occurred - See Response Body
[2024-12-10T08:12:54.889Z] Error reading or processing Modbus registers: A Modbus Exception Occurred - See Response Body
[2024-12-10T08:12:54.891Z] Error reading register 6507 for IP 10.30.4.128: A Modbus Exception Occurred - See Response Body
[2024-12-10T08:12:54.891Z] Error reading actual data: A Modbus Exception Occurred - See Response Body
[2024-12-10T08:12:54.892Z] Error writing to Modbus register: A Modbus Exception Occurred - See Response Body
[2024-12-10T08:12:55.903Z] Error reading or processing Modbus registers: A Modbus Exception Occurred - See Response Body
[2024-12-10T08:12:55.905Z] Error reading register 6507 for IP 10.30.4.128: A Modbus Exception Occurred - See Response Body
[2024-12-10T08:12:55.905Z] Error reading actual data: A Modbus Exception Occurred - See Response Body
[2024-12-10T08:12:55.906Z] Error writing to Modbus register: A Modbus Exception Occurred - See Response Body
[2024-12-10T08:12:56.911Z] Error reading or processing Modbus registers: A Modbus Exception Occurred - See Response Body
[2024-12-10T08:12:56.913Z] Error reading register 6507 for IP 10.30.4.128: A Modbus Exception Occurred - See Response Body
[2024-12-10T08:12:56.913Z] Error reading actual data: A Modbus Exception Occurred - See Response Body
[2024-12-10T08:12:56.914Z] Error writing to Modbus register: A Modbus Exception Occurred - See Response Body
[2024-12-10T08:12:57.918Z] Error reading or processing Modbus registers: A Modbus Exception Occurred - See Response Body
[2024-12-10T08:12:57.920Z] Error reading register 6507 for IP 10.30.4.128: A Modbus Exception Occurred - See Response Body
[2024-12-10T08:12:57.921Z] Error reading actual data: A Modbus Exception Occurred - See Response Body
[2024-12-10T08:12:57.921Z] Error writing to Modbus register: A Modbus Exception Occurred - See Response Body
[2024-12-10T08:12:58.929Z] Error reading or processing Modbus registers: A Modbus Exception Occurred - See Response Body
[2024-12-10T08:12:58.931Z] Error reading register 6507 for IP 10.30.4.128: A Modbus Exception Occurred - See Response Body
[2024-12-10T08:12:58.932Z] Error reading actual data: A Modbus Exception Occurred - See Response Body
[2024-12-10T08:12:58.932Z] Error writing to Modbus register: A Modbus Exception Occurred - See Response Body
[2024-12-10T08:12:59.941Z] Error reading or processing Modbus registers: A Modbus Exception Occurred - See Response Body
[2024-12-10T08:12:59.943Z] Error reading register 6507 for IP 10.30.4.128: A Modbus Exception Occurred - See Response Body
[2024-12-10T08:12:59.944Z] Error reading actual data: A Modbus Exception Occurred - See Response Body
[2024-12-10T08:12:59.944Z] Error writing to Modbus register: A Modbus Exception Occurred - See Response Body
[2024-12-10T08:13:00.954Z] Error reading or processing Modbus registers: A Modbus Exception Occurred - See Response Body
[2024-12-10T08:13:00.956Z] Error reading register 6507 for IP 10.30.4.128: A Modbus Exception Occurred - See Response Body
[2024-12-10T08:13:00.957Z] Error reading actual data: A Modbus Exception Occurred - See Response Body
[2024-12-10T08:13:00.957Z] Error writing to Modbus register: A Modbus Exception Occurred - See Response Body
[2024-12-10T08:13:01.966Z] Error reading or processing Modbus registers: A Modbus Exception Occurred - See Response Body
[2024-12-10T08:13:01.969Z] Error reading register 6507 for IP 10.30.4.128: A Modbus Exception Occurred - See Response Body
[2024-12-10T08:13:01.970Z] Error reading actual data: A Modbus Exception Occurred - See Response Body
[2024-12-10T08:13:01.970Z] Error writing to Modbus register: A Modbus Exception Occurred - See Response Body
[2024-12-10T08:13:02.981Z] Error reading or processing Modbus registers: A Modbus Exception Occurred - See Response Body
[2024-12-10T08:13:02.983Z] Error reading register 6507 for IP 10.30.4.128: A Modbus Exception Occurred - See Response Body
[2024-12-10T08:13:02.983Z] Error reading actual data: A Modbus Exception Occurred - See Response Body
[2024-12-10T08:13:02.984Z] Error writing to Modbus register: A Modbus Exception Occurred - See Response Body
[2024-12-10T08:13:03.992Z] Error reading or processing Modbus registers: A Modbus Exception Occurred - See Response Body
[2024-12-10T08:13:03.994Z] Error reading register 6507 for IP 10.30.4.128: A Modbus Exception Occurred - See Response Body
[2024-12-10T08:13:03.995Z] Error reading actual data: A Modbus Exception Occurred - See Response Body
[2024-12-10T08:13:03.996Z] Error writing to Modbus register: A Modbus Exception Occurred - See Response Body
[2024-12-20T01:00:24.149Z] Device at 10.30.4.128 is not reachable. Skipping connection attempt.
[2024-12-21T06:51:16.227Z] Device at 10.30.4.128 is not reachable. Skipping connection attempt.
[2024-12-21T06:54:03.732Z] Device at 10.30.4.128 is not reachable. Skipping connection attempt.
[2024-12-21T06:54:15.238Z] Device at 10.30.4.128 is not reachable. Skipping connection attempt.
[2024-12-21T06:54:25.224Z] Device at 10.30.4.128 is not reachable. Skipping connection attempt.
[2024-12-21T06:54:35.229Z] Device at 10.30.4.128 is not reachable. Skipping connection attempt.
[2024-12-21T06:54:44.229Z] Device at 10.30.4.128 is not reachable. Skipping connection attempt.
[2024-12-21T06:54:57.231Z] Device at 10.30.4.128 is not reachable. Skipping connection attempt.
[2024-12-21T06:55:07.224Z] Device at 10.30.4.128 is not reachable. Skipping connection attempt.
[2024-12-21T06:55:15.230Z] Device at 10.30.4.128 is not reachable. Skipping connection attempt.
[2024-12-21T06:55:25.235Z] Device at 10.30.4.128 is not reachable. Skipping connection attempt.
[2024-12-21T06:55:35.230Z] Device at 10.30.4.128 is not reachable. Skipping connection attempt.
[2024-12-21T06:55:45.231Z] Device at 10.30.4.128 is not reachable. Skipping connection attempt.
[2024-12-21T06:55:55.226Z] Device at 10.30.4.128 is not reachable. Skipping connection attempt.
[2024-12-21T06:56:05.240Z] Device at 10.30.4.128 is not reachable. Skipping connection attempt.
[2024-12-21T06:56:15.231Z] Device at 10.30.4.128 is not reachable. Skipping connection attempt.
[2024-12-21T06:56:25.244Z] Device at 10.30.4.128 is not reachable. Skipping connection attempt.
[2024-12-21T06:56:35.231Z] Device at 10.30.4.128 is not reachable. Skipping connection attempt.
[2024-12-21T06:56:45.239Z] Device at 10.30.4.128 is not reachable. Skipping connection attempt.
[2024-12-21T06:56:55.236Z] Device at 10.30.4.128 is not reachable. Skipping connection attempt.
[2024-12-21T06:57:05.226Z] Device at 10.30.4.128 is not reachable. Skipping connection attempt.
[2024-12-21T06:57:15.237Z] Device at 10.30.4.128 is not reachable. Skipping connection attempt.
[2024-12-21T06:57:25.226Z] Device at 10.30.4.128 is not reachable. Skipping connection attempt.
[2024-12-21T06:57:35.227Z] Device at 10.30.4.128 is not reachable. Skipping connection attempt.
[2024-12-21T06:57:45.229Z] Device at 10.30.4.128 is not reachable. Skipping connection attempt.
[2024-12-21T06:57:55.226Z] Device at 10.30.4.128 is not reachable. Skipping connection attempt.
[2024-12-21T06:58:05.234Z] Device at 10.30.4.128 is not reachable. Skipping connection attempt.
[2024-12-21T06:58:15.236Z] Device at 10.30.4.128 is not reachable. Skipping connection attempt.
[2024-12-21T06:58:25.732Z] Device at 10.30.4.128 is not reachable. Skipping connection attempt.
[2024-12-21T06:58:35.234Z] Device at 10.30.4.128 is not reachable. Skipping connection attempt.
[2024-12-21T06:58:45.226Z] Device at 10.30.4.128 is not reachable. Skipping connection attempt.
[2024-12-21T06:58:55.724Z] Device at 10.30.4.128 is not reachable. Skipping connection attempt.
[2024-12-21T06:59:05.739Z] Device at 10.30.4.128 is not reachable. Skipping connection attempt.
[2024-12-21T06:59:15.728Z] Device at 10.30.4.128 is not reachable. Skipping connection attempt.
[2024-12-21T06:59:25.735Z] Device at 10.30.4.128 is not reachable. Skipping connection attempt.
[2024-12-21T06:59:35.742Z] Device at 10.30.4.128 is not reachable. Skipping connection attempt.
[2024-12-21T06:59:45.742Z] Device at 10.30.4.128 is not reachable. Skipping connection attempt.
[2024-12-21T06:59:55.740Z] Device at 10.30.4.128 is not reachable. Skipping connection attempt.
[2024-12-21T07:00:05.728Z] Device at 10.30.4.128 is not reachable. Skipping connection attempt.
[2024-12-21T07:00:15.732Z] Device at 10.30.4.128 is not reachable. Skipping connection attempt.
[2024-12-21T07:00:25.730Z] Device at 10.30.4.128 is not reachable. Skipping connection attempt.
[2024-12-21T07:00:35.723Z] Device at 10.30.4.128 is not reachable. Skipping connection attempt.
[2024-12-21T07:00:45.724Z] Device at 10.30.4.128 is not reachable. Skipping connection attempt.
[2024-12-21T07:00:55.728Z] Device at 10.30.4.128 is not reachable. Skipping connection attempt.
[2024-12-21T07:01:05.730Z] Device at 10.30.4.128 is not reachable. Skipping connection attempt.
[2024-12-21T07:01:15.729Z] Device at 10.30.4.128 is not reachable. Skipping connection attempt.
[2024-12-21T07:01:25.735Z] Device at 10.30.4.128 is not reachable. Skipping connection attempt.
[2024-12-21T07:01:35.730Z] Device at 10.30.4.128 is not reachable. Skipping connection attempt.
[2024-12-21T07:01:45.732Z] Device at 10.30.4.128 is not reachable. Skipping connection attempt.
[2024-12-21T07:01:55.729Z] Device at 10.30.4.128 is not reachable. Skipping connection attempt.
[2024-12-21T07:02:05.729Z] Device at 10.30.4.128 is not reachable. Skipping connection attempt.
[2024-12-21T07:02:15.723Z] Device at 10.30.4.128 is not reachable. Skipping connection attempt.
[2024-12-21T07:02:25.725Z] Device at 10.30.4.128 is not reachable. Skipping connection attempt.
[2024-12-21T07:02:35.733Z] Device at 10.30.4.128 is not reachable. Skipping connection attempt.
[2024-12-21T07:02:45.721Z] Device at 10.30.4.128 is not reachable. Skipping connection attempt.
[2024-12-21T07:02:55.733Z] Device at 10.30.4.128 is not reachable. Skipping connection attempt.
[2024-12-21T07:03:05.727Z] Device at 10.30.4.128 is not reachable. Skipping connection attempt.
[2024-12-21T07:03:15.737Z] Device at 10.30.4.128 is not reachable. Skipping connection attempt.
[2024-12-21T07:03:25.739Z] Device at 10.30.4.128 is not reachable. Skipping connection attempt.
[2024-12-21T07:03:35.725Z] Device at 10.30.4.128 is not reachable. Skipping connection attempt.
[2024-12-21T07:03:45.729Z] Device at 10.30.4.128 is not reachable. Skipping connection attempt.
[2024-12-21T07:03:55.735Z] Device at 10.30.4.128 is not reachable. Skipping connection attempt.
[2024-12-21T07:04:05.728Z] Device at 10.30.4.128 is not reachable. Skipping connection attempt.
[2024-12-21T07:04:15.733Z] Device at 10.30.4.128 is not reachable. Skipping connection attempt.
[2024-12-21T07:04:25.733Z] Device at 10.30.4.128 is not reachable. Skipping connection attempt.
[2024-12-21T07:04:35.737Z] Device at 10.30.4.128 is not reachable. Skipping connection attempt.
[2024-12-21T07:04:45.742Z] Device at 10.30.4.128 is not reachable. Skipping connection attempt.
[2024-12-21T07:45:17.956Z] Device at 10.30.4.128 is not reachable. Skipping connection attempt.
[2024-12-21T07:45:27.946Z] Device at 10.30.4.128 is not reachable. Skipping connection attempt.
[2024-12-21T07:45:37.947Z] Device at 10.30.4.128 is not reachable. Skipping connection attempt.
[2024-12-21T07:45:47.939Z] Device at 10.30.4.128 is not reachable. Skipping connection attempt.
[2024-12-21T07:45:57.946Z] Device at 10.30.4.128 is not reachable. Skipping connection attempt.
[2024-12-21T07:46:07.937Z] Device at 10.30.4.128 is not reachable. Skipping connection attempt.
[2024-12-21T07:46:17.939Z] Device at 10.30.4.128 is not reachable. Skipping connection attempt.
[2024-12-21T07:46:27.949Z] Device at 10.30.4.128 is not reachable. Skipping connection attempt.
[2024-12-21T07:46:37.941Z] Device at 10.30.4.128 is not reachable. Skipping connection attempt.
[2024-12-21T07:46:47.944Z] Device at 10.30.4.128 is not reachable. Skipping connection attempt.
[2024-12-21T07:46:57.948Z] Device at 10.30.4.128 is not reachable. Skipping connection attempt.
[2024-12-21T07:47:07.944Z] Device at 10.30.4.128 is not reachable. Skipping connection attempt.
[2024-12-21T07:47:17.948Z] Device at 10.30.4.128 is not reachable. Skipping connection attempt.
[2024-12-21T07:47:27.943Z] Device at 10.30.4.128 is not reachable. Skipping connection attempt.
[2024-12-21T07:47:37.935Z] Device at 10.30.4.128 is not reachable. Skipping connection attempt.
[2024-12-21T07:47:47.943Z] Device at 10.30.4.128 is not reachable. Skipping connection attempt.
[2024-12-21T07:47:57.946Z] Device at 10.30.4.128 is not reachable. Skipping connection attempt.
[2024-12-21T07:48:07.940Z] Device at 10.30.4.128 is not reachable. Skipping connection attempt.
[2024-12-21T07:48:17.939Z] Device at 10.30.4.128 is not reachable. Skipping connection attempt.
[2024-12-21T07:48:27.948Z] Device at 10.30.4.128 is not reachable. Skipping connection attempt.
[2024-12-21T07:48:37.954Z] Device at 10.30.4.128 is not reachable. Skipping connection attempt.
[2024-12-21T07:48:47.940Z] Device at 10.30.4.128 is not reachable. Skipping connection attempt.
[2024-12-21T07:48:57.949Z] Device at 10.30.4.128 is not reachable. Skipping connection attempt.
[2024-12-21T07:49:07.948Z] Device at 10.30.4.128 is not reachable. Skipping connection attempt.
[2024-12-21T07:49:17.943Z] Device at 10.30.4.128 is not reachable. Skipping connection attempt.
[2024-12-21T07:49:27.943Z] Device at 10.30.4.128 is not reachable. Skipping connection attempt.
[2024-12-21T07:49:37.938Z] Device at 10.30.4.128 is not reachable. Skipping connection attempt.
[2024-12-21T07:49:47.940Z] Device at 10.30.4.128 is not reachable. Skipping connection attempt.
[2024-12-21T07:49:57.948Z] Device at 10.30.4.128 is not reachable. Skipping connection attempt.
[2024-12-21T07:50:07.944Z] Device at 10.30.4.128 is not reachable. Skipping connection attempt.
[2024-12-21T07:50:17.948Z] Device at 10.30.4.128 is not reachable. Skipping connection attempt.
[2024-12-21T07:50:27.936Z] Device at 10.30.4.128 is not reachable. Skipping connection attempt.
[2024-12-21T07:50:37.946Z] Device at 10.30.4.128 is not reachable. Skipping connection attempt.
[2024-12-21T07:50:47.943Z] Device at 10.30.4.128 is not reachable. Skipping connection attempt.
[2024-12-21T07:50:57.946Z] Device at 10.30.4.128 is not reachable. Skipping connection attempt.
[2024-12-21T07:51:07.948Z] Device at 10.30.4.128 is not reachable. Skipping connection attempt.
[2024-12-21T07:51:17.944Z] Device at 10.30.4.128 is not reachable. Skipping connection attempt.
[2024-12-21T07:51:27.941Z] Device at 10.30.4.128 is not reachable. Skipping connection attempt.
[2024-12-21T07:51:37.936Z] Device at 10.30.4.128 is not reachable. Skipping connection attempt.
[2024-12-21T07:51:47.943Z] Device at 10.30.4.128 is not reachable. Skipping connection attempt.
[2024-12-21T07:51:57.943Z] Device at 10.30.4.128 is not reachable. Skipping connection attempt.
[2024-12-21T07:52:07.943Z] Device at 10.30.4.128 is not reachable. Skipping connection attempt.
[2024-12-21T07:52:17.942Z] Device at 10.30.4.128 is not reachable. Skipping connection attempt.
[2024-12-21T07:52:27.944Z] Device at 10.30.4.128 is not reachable. Skipping connection attempt.
[2024-12-21T07:52:37.940Z] Device at 10.30.4.128 is not reachable. Skipping connection attempt.
[2024-12-21T07:52:47.947Z] Device at 10.30.4.128 is not reachable. Skipping connection attempt.
[2024-12-21T07:52:57.941Z] Device at 10.30.4.128 is not reachable. Skipping connection attempt.
[2024-12-21T07:53:07.937Z] Device at 10.30.4.128 is not reachable. Skipping connection attempt.
[2024-12-21T07:53:17.942Z] Device at 10.30.4.128 is not reachable. Skipping connection attempt.
[2024-12-21T07:53:27.940Z] Device at 10.30.4.128 is not reachable. Skipping connection attempt.
[2024-12-21T07:53:37.944Z] Device at 10.30.4.128 is not reachable. Skipping connection attempt.
[2024-12-21T07:53:47.946Z] Device at 10.30.4.128 is not reachable. Skipping connection attempt.
[2024-12-21T07:53:57.938Z] Device at 10.30.4.128 is not reachable. Skipping connection attempt.
[2024-12-21T07:54:07.948Z] Device at 10.30.4.128 is not reachable. Skipping connection attempt.
[2024-12-21T07:54:17.943Z] Device at 10.30.4.128 is not reachable. Skipping connection attempt.
[2024-12-21T07:54:27.952Z] Device at 10.30.4.128 is not reachable. Skipping connection attempt.
[2024-12-21T07:54:37.946Z] Device at 10.30.4.128 is not reachable. Skipping connection attempt.
[2024-12-21T07:54:47.947Z] Device at 10.30.4.128 is not reachable. Skipping connection attempt.
[2024-12-21T07:54:57.938Z] Device at 10.30.4.128 is not reachable. Skipping connection attempt.
[2024-12-21T07:55:07.943Z] Device at 10.30.4.128 is not reachable. Skipping connection attempt.
[2024-12-21T07:55:17.943Z] Device at 10.30.4.128 is not reachable. Skipping connection attempt.
[2024-12-21T07:55:27.945Z] Device at 10.30.4.128 is not reachable. Skipping connection attempt.
[2024-12-21T07:55:37.947Z] Device at 10.30.4.128 is not reachable. Skipping connection attempt.
[2024-12-21T07:55:47.939Z] Device at 10.30.4.128 is not reachable. Skipping connection attempt.
[2024-12-21T07:55:57.950Z] Device at 10.30.4.128 is not reachable. Skipping connection attempt.
[2024-12-21T07:56:07.948Z] Device at 10.30.4.128 is not reachable. Skipping connection attempt.
[2024-12-21T07:56:17.942Z] Device at 10.30.4.128 is not reachable. Skipping connection attempt.
[2024-12-21T07:56:27.949Z] Device at 10.30.4.128 is not reachable. Skipping connection attempt.
[2024-12-21T07:56:37.955Z] Device at 10.30.4.128 is not reachable. Skipping connection attempt.
[2024-12-21T07:56:47.949Z] Device at 10.30.4.128 is not reachable. Skipping connection attempt.
[2024-12-21T07:56:57.950Z] Device at 10.30.4.128 is not reachable. Skipping connection attempt.
[2024-12-21T07:57:07.945Z] Device at 10.30.4.128 is not reachable. Skipping connection attempt.
[2024-12-21T07:57:17.949Z] Device at 10.30.4.128 is not reachable. Skipping connection attempt.
[2024-12-21T07:57:27.936Z] Device at 10.30.4.128 is not reachable. Skipping connection attempt.
[2024-12-21T07:57:38.443Z] Device at 10.30.4.128 is not reachable. Skipping connection attempt.
[2024-12-21T07:57:48.436Z] Device at 10.30.4.128 is not reachable. Skipping connection attempt.
[2024-12-21T07:57:58.450Z] Device at 10.30.4.128 is not reachable. Skipping connection attempt.
[2024-12-21T07:58:08.449Z] Device at 10.30.4.128 is not reachable. Skipping connection attempt.
[2024-12-21T07:58:18.448Z] Device at 10.30.4.128 is not reachable. Skipping connection attempt.
[2024-12-21T07:58:28.450Z] Device at 10.30.4.128 is not reachable. Skipping connection attempt.
[2024-12-21T07:58:38.450Z] Device at 10.30.4.128 is not reachable. Skipping connection attempt.
[2024-12-21T07:58:48.452Z] Device at 10.30.4.128 is not reachable. Skipping connection attempt.
[2024-12-21T07:58:58.446Z] Device at 10.30.4.128 is not reachable. Skipping connection attempt.
[2024-12-21T07:59:08.439Z] Device at 10.30.4.128 is not reachable. Skipping connection attempt.
[2024-12-21T07:59:18.448Z] Device at 10.30.4.128 is not reachable. Skipping connection attempt.
[2024-12-21T07:59:28.452Z] Device at 10.30.4.128 is not reachable. Skipping connection attempt.
[2024-12-21T07:59:38.447Z] Device at 10.30.4.128 is not reachable. Skipping connection attempt.
[2024-12-21T07:59:48.457Z] Device at 10.30.4.128 is not reachable. Skipping connection attempt.
[2024-12-21T07:59:58.446Z] Device at 10.30.4.128 is not reachable. Skipping connection attempt.
[2024-12-21T08:00:08.448Z] Device at 10.30.4.128 is not reachable. Skipping connection attempt.
[2024-12-21T08:00:18.440Z] Device at 10.30.4.128 is not reachable. Skipping connection attempt.
[2024-12-21T08:00:28.445Z] Device at 10.30.4.128 is not reachable. Skipping connection attempt.
[2024-12-21T08:00:38.447Z] Device at 10.30.4.128 is not reachable. Skipping connection attempt.
[2024-12-21T08:00:48.452Z] Device at 10.30.4.128 is not reachable. Skipping connection attempt.
[2024-12-21T08:00:58.439Z] Device at 10.30.4.128 is not reachable. Skipping connection attempt.
[2024-12-21T08:01:08.449Z] Device at 10.30.4.128 is not reachable. Skipping connection attempt.
[2024-12-21T08:01:18.444Z] Device at 10.30.4.128 is not reachable. Skipping connection attempt.
[2024-12-21T08:01:28.445Z] Device at 10.30.4.128 is not reachable. Skipping connection attempt.
[2024-12-21T08:01:38.452Z] Device at 10.30.4.128 is not reachable. Skipping connection attempt.
[2024-12-21T08:01:48.454Z] Device at 10.30.4.128 is not reachable. Skipping connection attempt.
[2024-12-21T08:01:58.451Z] Device at 10.30.4.128 is not reachable. Skipping connection attempt.
[2024-12-21T08:02:08.446Z] Device at 10.30.4.128 is not reachable. Skipping connection attempt.
[2024-12-21T08:02:18.443Z] Device at 10.30.4.128 is not reachable. Skipping connection attempt.
[2024-12-21T08:02:28.447Z] Device at 10.30.4.128 is not reachable. Skipping connection attempt.
[2024-12-21T08:02:38.439Z] Device at 10.30.4.128 is not reachable. Skipping connection attempt.
[2024-12-21T08:02:48.451Z] Device at 10.30.4.128 is not reachable. Skipping connection attempt.
[2024-12-21T08:02:58.443Z] Device at 10.30.4.128 is not reachable. Skipping connection attempt.
[2024-12-21T08:03:08.444Z] Device at 10.30.4.128 is not reachable. Skipping connection attempt.
[2024-12-21T08:03:18.440Z] Device at 10.30.4.128 is not reachable. Skipping connection attempt.
[2024-12-21T08:03:28.453Z] Device at 10.30.4.128 is not reachable. Skipping connection attempt.
[2024-12-21T08:03:38.454Z] Device at 10.30.4.128 is not reachable. Skipping connection attempt.
[2024-12-21T08:03:48.450Z] Device at 10.30.4.128 is not reachable. Skipping connection attempt.
[2024-12-21T08:03:58.437Z] Device at 10.30.4.128 is not reachable. Skipping connection attempt.
[2024-12-21T08:04:08.443Z] Device at 10.30.4.128 is not reachable. Skipping connection attempt.
[2024-12-21T08:04:18.451Z] Device at 10.30.4.128 is not reachable. Skipping connection attempt.
[2024-12-21T08:04:28.452Z] Device at 10.30.4.128 is not reachable. Skipping connection attempt.
[2024-12-21T08:04:38.450Z] Device at 10.30.4.128 is not reachable. Skipping connection attempt.
[2024-12-21T08:04:48.443Z] Device at 10.30.4.128 is not reachable. Skipping connection attempt.
[2024-12-21T08:04:58.451Z] Device at 10.30.4.128 is not reachable. Skipping connection attempt.
[2024-12-21T08:05:08.443Z] Device at 10.30.4.128 is not reachable. Skipping connection attempt.
[2024-12-21T08:05:18.441Z] Device at 10.30.4.128 is not reachable. Skipping connection attempt.
[2024-12-21T08:05:28.438Z] Device at 10.30.4.128 is not reachable. Skipping connection attempt.
[2024-12-21T08:05:38.447Z] Device at 10.30.4.128 is not reachable. Skipping connection attempt.
[2024-12-21T08:05:48.441Z] Device at 10.30.4.128 is not reachable. Skipping connection attempt.
[2024-12-21T08:05:58.449Z] Device at 10.30.4.128 is not reachable. Skipping connection attempt.
[2024-12-21T08:06:08.439Z] Device at 10.30.4.128 is not reachable. Skipping connection attempt.
[2024-12-21T08:06:18.450Z] Device at 10.30.4.128 is not reachable. Skipping connection attempt.
[2024-12-21T08:06:28.447Z] Device at 10.30.4.128 is not reachable. Skipping connection attempt.
[2024-12-21T08:06:38.443Z] Device at 10.30.4.128 is not reachable. Skipping connection attempt.
[2024-12-21T08:06:48.442Z] Device at 10.30.4.128 is not reachable. Skipping connection attempt.
[2024-12-21T08:06:58.439Z] Device at 10.30.4.128 is not reachable. Skipping connection attempt.
[2024-12-21T08:07:08.440Z] Device at 10.30.4.128 is not reachable. Skipping connection attempt.
[2024-12-21T08:07:18.438Z] Device at 10.30.4.128 is not reachable. Skipping connection attempt.
[2024-12-21T08:07:28.943Z] Device at 10.30.4.128 is not reachable. Skipping connection attempt.
[2024-12-21T08:07:38.439Z] Device at 10.30.4.128 is not reachable. Skipping connection attempt.
[2024-12-21T08:07:48.949Z] Device at 10.30.4.128 is not reachable. Skipping connection attempt.
[2024-12-21T08:07:58.944Z] Device at 10.30.4.128 is not reachable. Skipping connection attempt.
[2024-12-21T08:08:08.941Z] Device at 10.30.4.128 is not reachable. Skipping connection attempt.
[2024-12-21T08:08:18.949Z] Device at 10.30.4.128 is not reachable. Skipping connection attempt.
[2024-12-21T08:08:28.952Z] Device at 10.30.4.128 is not reachable. Skipping connection attempt.
[2024-12-21T08:08:38.945Z] Device at 10.30.4.128 is not reachable. Skipping connection attempt.
[2024-12-21T08:08:48.954Z] Device at 10.30.4.128 is not reachable. Skipping connection attempt.
[2024-12-21T08:08:58.951Z] Device at 10.30.4.128 is not reachable. Skipping connection attempt.
[2024-12-21T08:09:08.955Z] Device at 10.30.4.128 is not reachable. Skipping connection attempt.
[2024-12-21T08:09:18.955Z] Device at 10.30.4.128 is not reachable. Skipping connection attempt.
[2024-12-21T08:09:28.949Z] Device at 10.30.4.128 is not reachable. Skipping connection attempt.
[2024-12-21T08:09:38.948Z] Device at 10.30.4.128 is not reachable. Skipping connection attempt.
[2024-12-21T08:09:48.944Z] Device at 10.30.4.128 is not reachable. Skipping connection attempt.
[2024-12-21T08:09:58.951Z] Device at 10.30.4.128 is not reachable. Skipping connection attempt.
[2024-12-21T08:10:08.950Z] Device at 10.30.4.128 is not reachable. Skipping connection attempt.
[2024-12-21T08:10:18.941Z] Device at 10.30.4.128 is not reachable. Skipping connection attempt.
[2024-12-21T08:10:28.951Z] Device at 10.30.4.128 is not reachable. Skipping connection attempt.
[2024-12-21T08:10:38.947Z] Device at 10.30.4.128 is not reachable. Skipping connection attempt.
[2024-12-21T08:10:48.948Z] Device at 10.30.4.128 is not reachable. Skipping connection attempt.
[2024-12-21T08:10:58.941Z] Device at 10.30.4.128 is not reachable. Skipping connection attempt.
[2024-12-21T08:11:08.951Z] Device at 10.30.4.128 is not reachable. Skipping connection attempt.
[2024-12-21T08:11:18.941Z] Device at 10.30.4.128 is not reachable. Skipping connection attempt.
[2024-12-21T08:11:28.950Z] Device at 10.30.4.128 is not reachable. Skipping connection attempt.
[2024-12-21T08:11:38.953Z] Device at 10.30.4.128 is not reachable. Skipping connection attempt.
[2024-12-21T08:11:48.951Z] Device at 10.30.4.128 is not reachable. Skipping connection attempt.
[2024-12-21T08:11:58.951Z] Device at 10.30.4.128 is not reachable. Skipping connection attempt.
[2024-12-21T08:12:08.944Z] Device at 10.30.4.128 is not reachable. Skipping connection attempt.
[2024-12-21T08:12:18.950Z] Device at 10.30.4.128 is not reachable. Skipping connection attempt.
[2024-12-21T08:12:28.960Z] Device at 10.30.4.128 is not reachable. Skipping connection attempt.
[2024-12-21T08:12:38.945Z] Device at 10.30.4.128 is not reachable. Skipping connection attempt.
[2024-12-21T08:12:48.946Z] Device at 10.30.4.128 is not reachable. Skipping connection attempt.
[2024-12-21T08:12:58.944Z] Device at 10.30.4.128 is not reachable. Skipping connection attempt.
[2024-12-21T08:13:08.942Z] Device at 10.30.4.128 is not reachable. Skipping connection attempt.
[2024-12-21T08:13:18.943Z] Device at 10.30.4.128 is not reachable. Skipping connection attempt.
[2024-12-21T08:13:28.948Z] Device at 10.30.4.128 is not reachable. Skipping connection attempt.
[2024-12-21T08:13:38.940Z] Device at 10.30.4.128 is not reachable. Skipping connection attempt.
[2024-12-21T08:13:48.955Z] Device at 10.30.4.128 is not reachable. Skipping connection attempt.
[2024-12-21T08:13:58.953Z] Device at 10.30.4.128 is not reachable. Skipping connection attempt.
[2024-12-21T08:14:08.948Z] Device at 10.30.4.128 is not reachable. Skipping connection attempt.
[2024-12-21T08:14:18.943Z] Device at 10.30.4.128 is not reachable. Skipping connection attempt.
[2024-12-21T08:14:28.940Z] Device at 10.30.4.128 is not reachable. Skipping connection attempt.
[2024-12-21T08:14:38.946Z] Device at 10.30.4.128 is not reachable. Skipping connection attempt.
[2024-12-21T08:14:48.953Z] Device at 10.30.4.128 is not reachable. Skipping connection attempt.
[2024-12-21T08:14:58.940Z] Device at 10.30.4.128 is not reachable. Skipping connection attempt.
[2024-12-21T08:15:08.938Z] Device at 10.30.4.128 is not reachable. Skipping connection attempt.
[2024-12-21T08:15:18.946Z] Device at 10.30.4.128 is not reachable. Skipping connection attempt.
[2024-12-21T08:15:28.952Z] Device at 10.30.4.128 is not reachable. Skipping connection attempt.
[2024-12-21T08:15:38.952Z] Device at 10.30.4.128 is not reachable. Skipping connection attempt.
[2024-12-21T08:15:48.954Z] Device at 10.30.4.128 is not reachable. Skipping connection attempt.
[2024-12-21T08:15:58.948Z] Device at 10.30.4.128 is not reachable. Skipping connection attempt.
[2024-12-21T08:16:08.942Z] Device at 10.30.4.128 is not reachable. Skipping connection attempt.
[2024-12-21T08:16:18.949Z] Device at 10.30.4.128 is not reachable. Skipping connection attempt.
[2024-12-21T08:16:28.957Z] Device at 10.30.4.128 is not reachable. Skipping connection attempt.
[2024-12-21T08:16:38.945Z] Device at 10.30.4.128 is not reachable. Skipping connection attempt.
[2024-12-21T08:16:48.942Z] Device at 10.30.4.128 is not reachable. Skipping connection attempt.
[2024-12-21T08:16:58.949Z] Device at 10.30.4.128 is not reachable. Skipping connection attempt.
[2024-12-21T08:17:08.954Z] Device at 10.30.4.128 is not reachable. Skipping connection attempt.
[2024-12-21T08:17:18.949Z] Device at 10.30.4.128 is not reachable. Skipping connection attempt.
[2024-12-21T08:17:29.449Z] Device at 10.30.4.128 is not reachable. Skipping connection attempt.
[2024-12-21T08:17:39.434Z] Device at 10.30.4.128 is not reachable. Skipping connection attempt.
[2024-12-21T08:17:49.435Z] Device at 10.30.4.128 is not reachable. Skipping connection attempt.
[2024-12-21T08:17:59.435Z] Device at 10.30.4.128 is not reachable. Skipping connection attempt.
[2024-12-21T08:18:09.435Z] Device at 10.30.4.128 is not reachable. Skipping connection attempt.
[2024-12-21T08:18:19.438Z] Device at 10.30.4.128 is not reachable. Skipping connection attempt.
[2024-12-21T08:18:29.446Z] Device at 10.30.4.128 is not reachable. Skipping connection attempt.
[2024-12-21T08:18:39.446Z] Device at 10.30.4.128 is not reachable. Skipping connection attempt.
[2024-12-21T08:18:49.445Z] Device at 10.30.4.128 is not reachable. Skipping connection attempt.
[2024-12-21T08:18:59.443Z] Device at 10.30.4.128 is not reachable. Skipping connection attempt.
[2024-12-21T08:19:09.440Z] Device at 10.30.4.128 is not reachable. Skipping connection attempt.
[2024-12-21T08:19:19.443Z] Device at 10.30.4.128 is not reachable. Skipping connection attempt.
[2024-12-21T08:19:29.437Z] Device at 10.30.4.128 is not reachable. Skipping connection attempt.
[2024-12-21T08:19:39.447Z] Device at 10.30.4.128 is not reachable. Skipping connection attempt.
[2024-12-21T08:19:49.445Z] Device at 10.30.4.128 is not reachable. Skipping connection attempt.
[2024-12-21T08:19:59.437Z] Device at 10.30.4.128 is not reachable. Skipping connection attempt.
[2024-12-21T08:20:09.439Z] Device at 10.30.4.128 is not reachable. Skipping connection attempt.
[2024-12-21T08:20:19.433Z] Device at 10.30.4.128 is not reachable. Skipping connection attempt.
[2024-12-21T08:20:29.440Z] Device at 10.30.4.128 is not reachable. Skipping connection attempt.
[2024-12-21T08:20:39.434Z] Device at 10.30.4.128 is not reachable. Skipping connection attempt.
[2024-12-21T08:20:49.439Z] Device at 10.30.4.128 is not reachable. Skipping connection attempt.
[2024-12-21T08:20:59.432Z] Device at 10.30.4.128 is not reachable. Skipping connection attempt.
[2024-12-21T08:21:09.449Z] Device at 10.30.4.128 is not reachable. Skipping connection attempt.
[2024-12-21T08:21:19.441Z] Device at 10.30.4.128 is not reachable. Skipping connection attempt.
[2024-12-21T08:21:29.437Z] Device at 10.30.4.128 is not reachable. Skipping connection attempt.
[2024-12-21T08:21:39.430Z] Device at 10.30.4.128 is not reachable. Skipping connection attempt.
[2024-12-21T08:21:49.430Z] Device at 10.30.4.128 is not reachable. Skipping connection attempt.
[2024-12-21T08:21:59.436Z] Device at 10.30.4.128 is not reachable. Skipping connection attempt.
[2024-12-21T08:22:09.436Z] Device at 10.30.4.128 is not reachable. Skipping connection attempt.
[2024-12-21T08:22:19.429Z] Device at 10.30.4.128 is not reachable. Skipping connection attempt.
[2024-12-21T08:22:29.442Z] Device at 10.30.4.128 is not reachable. Skipping connection attempt.
[2024-12-21T08:22:39.437Z] Device at 10.30.4.128 is not reachable. Skipping connection attempt.
[2024-12-21T08:22:49.433Z] Device at 10.30.4.128 is not reachable. Skipping connection attempt.
[2024-12-21T08:22:59.427Z] Device at 10.30.4.128 is not reachable. Skipping connection attempt.
[2024-12-21T08:23:09.443Z] Device at 10.30.4.128 is not reachable. Skipping connection attempt.
[2024-12-21T08:23:19.443Z] Device at 10.30.4.128 is not reachable. Skipping connection attempt.
[2024-12-21T08:23:29.435Z] Device at 10.30.4.128 is not reachable. Skipping connection attempt.
[2024-12-21T08:23:39.429Z] Device at 10.30.4.128 is not reachable. Skipping connection attempt.
[2024-12-21T08:23:49.439Z] Device at 10.30.4.128 is not reachable. Skipping connection attempt.
[2024-12-21T08:23:59.438Z] Device at 10.30.4.128 is not reachable. Skipping connection attempt.
[2024-12-21T08:24:09.437Z] Device at 10.30.4.128 is not reachable. Skipping connection attempt.
[2024-12-21T08:24:19.428Z] Device at 10.30.4.128 is not reachable. Skipping connection attempt.
[2024-12-21T08:24:29.439Z] Device at 10.30.4.128 is not reachable. Skipping connection attempt.
[2024-12-21T08:24:39.427Z] Device at 10.30.4.128 is not reachable. Skipping connection attempt.
[2024-12-21T08:24:49.432Z] Device at 10.30.4.128 is not reachable. Skipping connection attempt.
[2024-12-21T08:24:59.426Z] Device at 10.30.4.128 is not reachable. Skipping connection attempt.
[2024-12-21T08:25:09.426Z] Device at 10.30.4.128 is not reachable. Skipping connection attempt.
[2024-12-21T08:25:19.425Z] Device at 10.30.4.128 is not reachable. Skipping connection attempt.
[2024-12-21T08:25:29.430Z] Device at 10.30.4.128 is not reachable. Skipping connection attempt.
[2024-12-21T08:25:39.438Z] Device at 10.30.4.128 is not reachable. Skipping connection attempt.
[2024-12-21T08:25:49.427Z] Device at 10.30.4.128 is not reachable. Skipping connection attempt.
[2024-12-21T08:25:59.435Z] Device at 10.30.4.128 is not reachable. Skipping connection attempt.
[2024-12-21T08:26:09.430Z] Device at 10.30.4.128 is not reachable. Skipping connection attempt.
[2024-12-21T08:26:19.435Z] Device at 10.30.4.128 is not reachable. Skipping connection attempt.
[2024-12-21T08:26:29.437Z] Device at 10.30.4.128 is not reachable. Skipping connection attempt.
[2024-12-21T08:26:39.433Z] Device at 10.30.4.128 is not reachable. Skipping connection attempt.
[2024-12-21T08:26:49.930Z] Device at 10.30.4.128 is not reachable. Skipping connection attempt.
[2024-12-21T08:26:59.938Z] Device at 10.30.4.128 is not reachable. Skipping connection attempt.
[2024-12-21T08:27:09.939Z] Device at 10.30.4.128 is not reachable. Skipping connection attempt.
[2024-12-21T08:27:19.931Z] Device at 10.30.4.128 is not reachable. Skipping connection attempt.
[2024-12-21T08:27:29.932Z] Device at 10.30.4.128 is not reachable. Skipping connection attempt.
[2024-12-21T08:27:39.933Z] Device at 10.30.4.128 is not reachable. Skipping connection attempt.
[2024-12-21T08:27:49.932Z] Device at 10.30.4.128 is not reachable. Skipping connection attempt.
[2024-12-21T08:27:59.939Z] Device at 10.30.4.128 is not reachable. Skipping connection attempt.
[2024-12-21T08:28:09.939Z] Device at 10.30.4.128 is not reachable. Skipping connection attempt.
[2024-12-21T08:28:19.938Z] Device at 10.30.4.128 is not reachable. Skipping connection attempt.
[2024-12-21T08:28:29.942Z] Device at 10.30.4.128 is not reachable. Skipping connection attempt.
[2024-12-21T08:28:39.927Z] Device at 10.30.4.128 is not reachable. Skipping connection attempt.
[2024-12-21T08:28:49.939Z] Device at 10.30.4.128 is not reachable. Skipping connection attempt.
[2024-12-21T08:28:59.932Z] Device at 10.30.4.128 is not reachable. Skipping connection attempt.
[2024-12-21T08:29:09.932Z] Device at 10.30.4.128 is not reachable. Skipping connection attempt.
[2024-12-21T08:29:19.931Z] Device at 10.30.4.128 is not reachable. Skipping connection attempt.
[2024-12-21T08:29:29.931Z] Device at 10.30.4.128 is not reachable. Skipping connection attempt.
[2024-12-21T08:29:39.931Z] Device at 10.30.4.128 is not reachable. Skipping connection attempt.
[2024-12-21T08:29:49.929Z] Device at 10.30.4.128 is not reachable. Skipping connection attempt.
[2024-12-21T08:29:59.939Z] Device at 10.30.4.128 is not reachable. Skipping connection attempt.
[2024-12-21T08:30:09.935Z] Device at 10.30.4.128 is not reachable. Skipping connection attempt.
[2024-12-21T08:30:19.940Z] Device at 10.30.4.128 is not reachable. Skipping connection attempt.
[2024-12-21T08:30:29.938Z] Device at 10.30.4.128 is not reachable. Skipping connection attempt.
[2024-12-21T08:30:39.932Z] Device at 10.30.4.128 is not reachable. Skipping connection attempt.
[2024-12-21T08:30:49.946Z] Device at 10.30.4.128 is not reachable. Skipping connection attempt.
[2024-12-21T08:30:59.933Z] Device at 10.30.4.128 is not reachable. Skipping connection attempt.
[2024-12-21T08:31:09.936Z] Device at 10.30.4.128 is not reachable. Skipping connection attempt.
[2024-12-21T08:31:19.934Z] Device at 10.30.4.128 is not reachable. Skipping connection attempt.
[2024-12-21T08:31:29.935Z] Device at 10.30.4.128 is not reachable. Skipping connection attempt.
[2024-12-21T08:31:39.940Z] Device at 10.30.4.128 is not reachable. Skipping connection attempt.
[2024-12-21T08:31:49.933Z] Device at 10.30.4.128 is not reachable. Skipping connection attempt.
[2024-12-21T08:31:59.931Z] Device at 10.30.4.128 is not reachable. Skipping connection attempt.
[2024-12-21T08:32:09.937Z] Device at 10.30.4.128 is not reachable. Skipping connection attempt.
[2024-12-21T08:32:19.936Z] Device at 10.30.4.128 is not reachable. Skipping connection attempt.
[2024-12-21T08:32:29.938Z] Device at 10.30.4.128 is not reachable. Skipping connection attempt.
[2024-12-21T08:32:39.937Z] Device at 10.30.4.128 is not reachable. Skipping connection attempt.
[2024-12-21T08:32:49.925Z] Device at 10.30.4.128 is not reachable. Skipping connection attempt.
[2024-12-21T08:32:59.932Z] Device at 10.30.4.128 is not reachable. Skipping connection attempt.
[2024-12-21T08:33:09.938Z] Device at 10.30.4.128 is not reachable. Skipping connection attempt.
[2024-12-21T08:33:19.926Z] Device at 10.30.4.128 is not reachable. Skipping connection attempt.
[2024-12-21T08:33:29.934Z] Device at 10.30.4.128 is not reachable. Skipping connection attempt.
[2024-12-21T08:33:39.932Z] Device at 10.30.4.128 is not reachable. Skipping connection attempt.
[2024-12-21T08:33:49.949Z] Device at 10.30.4.128 is not reachable. Skipping connection attempt.
[2024-12-21T08:33:59.934Z] Device at 10.30.4.128 is not reachable. Skipping connection attempt.
[2024-12-21T08:34:09.932Z] Device at 10.30.4.128 is not reachable. Skipping connection attempt.
[2024-12-21T08:34:19.930Z] Device at 10.30.4.128 is not reachable. Skipping connection attempt.
[2024-12-21T08:34:29.936Z] Device at 10.30.4.128 is not reachable. Skipping connection attempt.
[2024-12-21T08:34:39.926Z] Device at 10.30.4.128 is not reachable. Skipping connection attempt.
[2024-12-21T08:34:49.931Z] Device at 10.30.4.128 is not reachable. Skipping connection attempt.
[2024-12-21T08:34:59.923Z] Device at 10.30.4.128 is not reachable. Skipping connection attempt.
[2024-12-21T08:35:09.929Z] Device at 10.30.4.128 is not reachable. Skipping connection attempt.
[2024-12-21T08:35:19.920Z] Device at 10.30.4.128 is not reachable. Skipping connection attempt.
[2024-12-21T08:35:29.921Z] Device at 10.30.4.128 is not reachable. Skipping connection attempt.
[2024-12-21T08:35:39.929Z] Device at 10.30.4.128 is not reachable. Skipping connection attempt.
[2024-12-21T08:35:49.933Z] Device at 10.30.4.128 is not reachable. Skipping connection attempt.
[2024-12-21T08:35:59.934Z] Device at 10.30.4.128 is not reachable. Skipping connection attempt.
[2024-12-21T08:36:09.930Z] Device at 10.30.4.128 is not reachable. Skipping connection attempt.
[2024-12-21T08:36:19.923Z] Device at 10.30.4.128 is not reachable. Skipping connection attempt.
[2024-12-21T08:36:29.921Z] Device at 10.30.4.128 is not reachable. Skipping connection attempt.
[2024-12-21T08:36:39.919Z] Device at 10.30.4.128 is not reachable. Skipping connection attempt.
[2024-12-21T08:36:49.930Z] Device at 10.30.4.128 is not reachable. Skipping connection attempt.
[2024-12-21T08:36:59.934Z] Device at 10.30.4.128 is not reachable. Skipping connection attempt.
[2024-12-21T08:37:09.927Z] Device at 10.30.4.128 is not reachable. Skipping connection attempt.
[2024-12-21T08:37:19.930Z] Device at 10.30.4.128 is not reachable. Skipping connection attempt.
[2024-12-21T08:37:29.927Z] Device at 10.30.4.128 is not reachable. Skipping connection attempt.
[2024-12-21T08:37:39.925Z] Device at 10.30.4.128 is not reachable. Skipping connection attempt.
[2024-12-21T08:37:50.420Z] Device at 10.30.4.128 is not reachable. Skipping connection attempt.
[2024-12-21T08:38:00.418Z] Device at 10.30.4.128 is not reachable. Skipping connection attempt.
[2024-12-21T08:38:10.422Z] Device at 10.30.4.128 is not reachable. Skipping connection attempt.
[2024-12-21T08:38:20.423Z] Device at 10.30.4.128 is not reachable. Skipping connection attempt.
[2024-12-21T08:38:30.424Z] Device at 10.30.4.128 is not reachable. Skipping connection attempt.
[2024-12-21T08:38:40.417Z] Device at 10.30.4.128 is not reachable. Skipping connection attempt.
[2024-12-21T08:38:50.419Z] Device at 10.30.4.128 is not reachable. Skipping connection attempt.
[2024-12-21T08:39:00.425Z] Device at 10.30.4.128 is not reachable. Skipping connection attempt.
[2024-12-21T08:39:10.429Z] Device at 10.30.4.128 is not reachable. Skipping connection attempt.
[2024-12-21T08:39:20.425Z] Device at 10.30.4.128 is not reachable. Skipping connection attempt.
[2024-12-21T08:39:30.416Z] Device at 10.30.4.128 is not reachable. Skipping connection attempt.
[2024-12-21T08:39:40.426Z] Device at 10.30.4.128 is not reachable. Skipping connection attempt.
[2024-12-21T08:39:50.432Z] Device at 10.30.4.128 is not reachable. Skipping connection attempt.
[2024-12-21T08:40:00.434Z] Device at 10.30.4.128 is not reachable. Skipping connection attempt.
[2024-12-21T08:40:10.423Z] Device at 10.30.4.128 is not reachable. Skipping connection attempt.
[2024-12-21T08:40:20.419Z] Device at 10.30.4.128 is not reachable. Skipping connection attempt.
[2024-12-21T08:40:30.417Z] Device at 10.30.4.128 is not reachable. Skipping connection attempt.
[2024-12-21T08:40:40.415Z] Device at 10.30.4.128 is not reachable. Skipping connection attempt.
[2024-12-21T08:40:50.422Z] Device at 10.30.4.128 is not reachable. Skipping connection attempt.
[2024-12-21T08:41:00.417Z] Device at 10.30.4.128 is not reachable. Skipping connection attempt.
[2024-12-21T08:41:10.415Z] Device at 10.30.4.128 is not reachable. Skipping connection attempt.
[2024-12-21T08:41:20.423Z] Device at 10.30.4.128 is not reachable. Skipping connection attempt.
[2024-12-21T08:41:30.421Z] Device at 10.30.4.128 is not reachable. Skipping connection attempt.
[2024-12-21T08:41:40.416Z] Device at 10.30.4.128 is not reachable. Skipping connection attempt.
[2024-12-21T08:41:50.430Z] Device at 10.30.4.128 is not reachable. Skipping connection attempt.
[2024-12-21T08:42:00.424Z] Device at 10.30.4.128 is not reachable. Skipping connection attempt.
[2024-12-21T08:42:10.420Z] Device at 10.30.4.128 is not reachable. Skipping connection attempt.
[2024-12-21T08:42:20.419Z] Device at 10.30.4.128 is not reachable. Skipping connection attempt.
[2024-12-21T08:42:30.425Z] Device at 10.30.4.128 is not reachable. Skipping connection attempt.
[2024-12-21T08:42:40.422Z] Device at 10.30.4.128 is not reachable. Skipping connection attempt.
[2024-12-21T08:42:50.425Z] Device at 10.30.4.128 is not reachable. Skipping connection attempt.
[2024-12-21T08:43:00.421Z] Device at 10.30.4.128 is not reachable. Skipping connection attempt.
[2024-12-21T08:43:10.921Z] Device at 10.30.4.128 is not reachable. Skipping connection attempt.
[2024-12-21T08:43:20.427Z] Device at 10.30.4.128 is not reachable. Skipping connection attempt.
[2024-12-21T08:43:30.420Z] Device at 10.30.4.128 is not reachable. Skipping connection attempt.
[2024-12-21T08:43:40.425Z] Device at 10.30.4.128 is not reachable. Skipping connection attempt.
[2024-12-21T08:43:50.418Z] Device at 10.30.4.128 is not reachable. Skipping connection attempt.
[2024-12-21T08:44:00.422Z] Device at 10.30.4.128 is not reachable. Skipping connection attempt.
[2024-12-21T08:44:10.416Z] Device at 10.30.4.128 is not reachable. Skipping connection attempt.
[2024-12-21T08:44:20.427Z] Device at 10.30.4.128 is not reachable. Skipping connection attempt.
[2024-12-21T08:44:30.426Z] Device at 10.30.4.128 is not reachable. Skipping connection attempt.
[2024-12-21T08:44:40.416Z] Device at 10.30.4.128 is not reachable. Skipping connection attempt.
[2024-12-21T08:44:50.423Z] Device at 10.30.4.128 is not reachable. Skipping connection attempt.
[2024-12-21T08:45:00.423Z] Device at 10.30.4.128 is not reachable. Skipping connection attempt.
[2024-12-21T08:45:10.422Z] Device at 10.30.4.128 is not reachable. Skipping connection attempt.
[2024-12-21T08:45:20.427Z] Device at 10.30.4.128 is not reachable. Skipping connection attempt.
[2024-12-21T08:45:30.419Z] Device at 10.30.4.128 is not reachable. Skipping connection attempt.
[2024-12-21T08:45:40.429Z] Device at 10.30.4.128 is not reachable. Skipping connection attempt.
[2024-12-21T08:45:50.429Z] Device at 10.30.4.128 is not reachable. Skipping connection attempt.
[2024-12-21T08:46:00.421Z] Device at 10.30.4.128 is not reachable. Skipping connection attempt.
[2024-12-21T08:46:10.423Z] Device at 10.30.4.128 is not reachable. Skipping connection attempt.
[2024-12-21T08:46:20.429Z] Device at 10.30.4.128 is not reachable. Skipping connection attempt.
[2024-12-21T08:46:30.425Z] Device at 10.30.4.128 is not reachable. Skipping connection attempt.
[2024-12-21T08:46:40.423Z] Device at 10.30.4.128 is not reachable. Skipping connection attempt.
[2024-12-21T08:46:50.415Z] Device at 10.30.4.128 is not reachable. Skipping connection attempt.
[2024-12-21T08:47:00.416Z] Device at 10.30.4.128 is not reachable. Skipping connection attempt.
[2024-12-21T08:47:10.427Z] Device at 10.30.4.128 is not reachable. Skipping connection attempt.
[2024-12-21T08:47:20.419Z] Device at 10.30.4.128 is not reachable. Skipping connection attempt.
[2024-12-21T08:47:30.424Z] Device at 10.30.4.128 is not reachable. Skipping connection attempt.
[2024-12-21T08:47:40.419Z] Device at 10.30.4.128 is not reachable. Skipping connection attempt.
[2024-12-21T08:47:50.422Z] Device at 10.30.4.128 is not reachable. Skipping connection attempt.
[2024-12-21T08:48:00.418Z] Device at 10.30.4.128 is not reachable. Skipping connection attempt.
[2024-12-21T08:48:10.429Z] Device at 10.30.4.128 is not reachable. Skipping connection attempt.
[2024-12-21T08:48:20.424Z] Device at 10.30.4.128 is not reachable. Skipping connection attempt.
[2024-12-21T08:48:30.418Z] Device at 10.30.4.128 is not reachable. Skipping connection attempt.
[2024-12-21T08:48:40.424Z] Device at 10.30.4.128 is not reachable. Skipping connection attempt.
[2024-12-21T08:48:50.924Z] Device at 10.30.4.128 is not reachable. Skipping connection attempt.
[2024-12-21T08:49:00.920Z] Device at 10.30.4.128 is not reachable. Skipping connection attempt.
[2024-12-21T08:49:10.916Z] Device at 10.30.4.128 is not reachable. Skipping connection attempt.
[2024-12-21T08:49:20.921Z] Device at 10.30.4.128 is not reachable. Skipping connection attempt.
[2024-12-21T08:49:30.914Z] Device at 10.30.4.128 is not reachable. Skipping connection attempt.
[2024-12-21T08:49:40.918Z] Device at 10.30.4.128 is not reachable. Skipping connection attempt.
[2024-12-21T08:49:50.928Z] Device at 10.30.4.128 is not reachable. Skipping connection attempt.
[2024-12-21T08:50:00.912Z] Device at 10.30.4.128 is not reachable. Skipping connection attempt.
[2024-12-21T08:50:10.925Z] Device at 10.30.4.128 is not reachable. Skipping connection attempt.
[2024-12-21T08:50:20.923Z] Device at 10.30.4.128 is not reachable. Skipping connection attempt.
[2024-12-21T08:50:30.929Z] Device at 10.30.4.128 is not reachable. Skipping connection attempt.
[2024-12-21T08:50:40.913Z] Device at 10.30.4.128 is not reachable. Skipping connection attempt.
[2024-12-21T08:50:50.913Z] Device at 10.30.4.128 is not reachable. Skipping connection attempt.
[2024-12-21T08:51:00.918Z] Device at 10.30.4.128 is not reachable. Skipping connection attempt.
[2024-12-21T08:51:10.919Z] Device at 10.30.4.128 is not reachable. Skipping connection attempt.
[2024-12-21T08:51:20.924Z] Device at 10.30.4.128 is not reachable. Skipping connection attempt.
[2024-12-21T08:51:30.915Z] Device at 10.30.4.128 is not reachable. Skipping connection attempt.
[2024-12-21T08:51:40.914Z] Device at 10.30.4.128 is not reachable. Skipping connection attempt.
[2024-12-21T08:51:50.927Z] Device at 10.30.4.128 is not reachable. Skipping connection attempt.
[2024-12-21T08:52:00.913Z] Device at 10.30.4.128 is not reachable. Skipping connection attempt.
[2024-12-21T08:52:10.916Z] Device at 10.30.4.128 is not reachable. Skipping connection attempt.
[2024-12-21T08:52:20.912Z] Device at 10.30.4.128 is not reachable. Skipping connection attempt.
[2024-12-21T08:52:30.915Z] Device at 10.30.4.128 is not reachable. Skipping connection attempt.
[2024-12-21T08:52:40.912Z] Device at 10.30.4.128 is not reachable. Skipping connection attempt.
[2024-12-21T08:52:50.913Z] Device at 10.30.4.128 is not reachable. Skipping connection attempt.
[2024-12-21T08:53:00.918Z] Device at 10.30.4.128 is not reachable. Skipping connection attempt.
[2024-12-21T08:53:10.930Z] Device at 10.30.4.128 is not reachable. Skipping connection attempt.
[2024-12-21T08:53:20.918Z] Device at 10.30.4.128 is not reachable. Skipping connection attempt.
[2024-12-21T08:53:30.914Z] Device at 10.30.4.128 is not reachable. Skipping connection attempt.
[2024-12-21T08:53:40.911Z] Device at 10.30.4.128 is not reachable. Skipping connection attempt.
[2024-12-21T08:53:50.910Z] Device at 10.30.4.128 is not reachable. Skipping connection attempt.
[2024-12-21T08:54:00.922Z] Device at 10.30.4.128 is not reachable. Skipping connection attempt.
[2024-12-21T08:54:10.909Z] Device at 10.30.4.128 is not reachable. Skipping connection attempt.
[2024-12-21T08:54:20.914Z] Device at 10.30.4.128 is not reachable. Skipping connection attempt.
[2024-12-21T08:54:30.917Z] Device at 10.30.4.128 is not reachable. Skipping connection attempt.
[2024-12-21T08:54:40.907Z] Device at 10.30.4.128 is not reachable. Skipping connection attempt.
[2024-12-21T08:54:50.914Z] Device at 10.30.4.128 is not reachable. Skipping connection attempt.
[2024-12-21T08:55:00.918Z] Device at 10.30.4.128 is not reachable. Skipping connection attempt.
[2024-12-21T08:55:10.907Z] Device at 10.30.4.128 is not reachable. Skipping connection attempt.
[2024-12-21T08:55:20.906Z] Device at 10.30.4.128 is not reachable. Skipping connection attempt.
[2024-12-21T08:55:30.906Z] Device at 10.30.4.128 is not reachable. Skipping connection attempt.
[2024-12-21T08:55:40.907Z] Device at 10.30.4.128 is not reachable. Skipping connection attempt.
[2024-12-21T08:55:50.915Z] Device at 10.30.4.128 is not reachable. Skipping connection attempt.
[2024-12-21T08:56:00.920Z] Device at 10.30.4.128 is not reachable. Skipping connection attempt.
[2024-12-21T08:56:10.914Z] Device at 10.30.4.128 is not reachable. Skipping connection attempt.
[2024-12-21T08:56:20.923Z] Device at 10.30.4.128 is not reachable. Skipping connection attempt.
[2024-12-21T08:56:30.914Z] Device at 10.30.4.128 is not reachable. Skipping connection attempt.
[2024-12-21T08:56:40.922Z] Device at 10.30.4.128 is not reachable. Skipping connection attempt.
[2024-12-21T08:56:50.908Z] Device at 10.30.4.128 is not reachable. Skipping connection attempt.
[2024-12-21T08:57:00.917Z] Device at 10.30.4.128 is not reachable. Skipping connection attempt.
[2024-12-21T08:57:10.921Z] Device at 10.30.4.128 is not reachable. Skipping connection attempt.
[2024-12-21T08:57:20.912Z] Device at 10.30.4.128 is not reachable. Skipping connection attempt.
[2024-12-21T08:57:30.906Z] Device at 10.30.4.128 is not reachable. Skipping connection attempt.
[2024-12-21T08:57:40.915Z] Device at 10.30.4.128 is not reachable. Skipping connection attempt.
[2024-12-21T08:57:50.908Z] Device at 10.30.4.128 is not reachable. Skipping connection attempt.
[2024-12-21T08:58:00.908Z] Device at 10.30.4.128 is not reachable. Skipping connection attempt.
[2024-12-21T08:58:10.913Z] Device at 10.30.4.128 is not reachable. Skipping connection attempt.
[2024-12-21T08:58:20.914Z] Device at 10.30.4.128 is not reachable. Skipping connection attempt.
[2024-12-21T08:58:30.914Z] Device at 10.30.4.128 is not reachable. Skipping connection attempt.
[2024-12-21T08:58:40.914Z] Device at 10.30.4.128 is not reachable. Skipping connection attempt.
[2024-12-21T08:58:50.907Z] Device at 10.30.4.128 is not reachable. Skipping connection attempt.
[2024-12-21T08:59:00.913Z] Device at 10.30.4.128 is not reachable. Skipping connection attempt.
[2024-12-21T08:59:10.918Z] Device at 10.30.4.128 is not reachable. Skipping connection attempt.
[2024-12-21T08:59:20.907Z] Device at 10.30.4.128 is not reachable. Skipping connection attempt.
[2024-12-21T08:59:31.416Z] Device at 10.30.4.128 is not reachable. Skipping connection attempt.
[2024-12-21T08:59:41.406Z] Device at 10.30.4.128 is not reachable. Skipping connection attempt.
[2024-12-21T08:59:51.415Z] Device at 10.30.4.128 is not reachable. Skipping connection attempt.
[2024-12-21T09:00:01.423Z] Device at 10.30.4.128 is not reachable. Skipping connection attempt.
[2024-12-21T09:00:11.417Z] Device at 10.30.4.128 is not reachable. Skipping connection attempt.
[2024-12-21T09:00:21.412Z] Device at 10.30.4.128 is not reachable. Skipping connection attempt.
[2024-12-21T09:00:31.408Z] Device at 10.30.4.128 is not reachable. Skipping connection attempt.
[2024-12-21T09:00:41.414Z] Device at 10.30.4.128 is not reachable. Skipping connection attempt.
[2024-12-21T09:00:51.406Z] Device at 10.30.4.128 is not reachable. Skipping connection attempt.
[2024-12-21T09:01:01.414Z] Device at 10.30.4.128 is not reachable. Skipping connection attempt.
[2024-12-21T09:01:11.414Z] Device at 10.30.4.128 is not reachable. Skipping connection attempt.
[2024-12-21T09:01:21.417Z] Device at 10.30.4.128 is not reachable. Skipping connection attempt.
[2024-12-21T09:01:31.418Z] Device at 10.30.4.128 is not reachable. Skipping connection attempt.
[2024-12-21T09:01:41.412Z] Device at 10.30.4.128 is not reachable. Skipping connection attempt.
[2024-12-21T09:01:51.404Z] Device at 10.30.4.128 is not reachable. Skipping connection attempt.
[2024-12-21T09:02:01.416Z] Device at 10.30.4.128 is not reachable. Skipping connection attempt.
[2024-12-21T09:02:11.402Z] Device at 10.30.4.128 is not reachable. Skipping connection attempt.
[2024-12-21T09:02:21.411Z] Device at 10.30.4.128 is not reachable. Skipping connection attempt.
[2024-12-21T09:02:31.414Z] Device at 10.30.4.128 is not reachable. Skipping connection attempt.
[2024-12-21T09:02:41.407Z] Device at 10.30.4.128 is not reachable. Skipping connection attempt.
[2024-12-21T09:02:51.406Z] Device at 10.30.4.128 is not reachable. Skipping connection attempt.
[2024-12-21T09:03:01.416Z] Device at 10.30.4.128 is not reachable. Skipping connection attempt.
[2024-12-21T09:03:11.405Z] Device at 10.30.4.128 is not reachable. Skipping connection attempt.
[2024-12-21T09:03:21.407Z] Device at 10.30.4.128 is not reachable. Skipping connection attempt.
[2024-12-21T09:03:31.403Z] Device at 10.30.4.128 is not reachable. Skipping connection attempt.
[2024-12-21T09:03:41.407Z] Device at 10.30.4.128 is not reachable. Skipping connection attempt.
[2024-12-21T09:03:51.405Z] Device at 10.30.4.128 is not reachable. Skipping connection attempt.
[2024-12-21T09:04:01.413Z] Device at 10.30.4.128 is not reachable. Skipping connection attempt.
[2024-12-21T09:04:11.406Z] Device at 10.30.4.128 is not reachable. Skipping connection attempt.
[2024-12-21T09:04:21.404Z] Device at 10.30.4.128 is not reachable. Skipping connection attempt.
[2024-12-21T09:04:31.412Z] Device at 10.30.4.128 is not reachable. Skipping connection attempt.
[2024-12-21T09:04:41.412Z] Device at 10.30.4.128 is not reachable. Skipping connection attempt.
[2024-12-21T09:04:51.419Z] Device at 10.30.4.128 is not reachable. Skipping connection attempt.
[2024-12-21T09:05:01.405Z] Device at 10.30.4.128 is not reachable. Skipping connection attempt.
[2024-12-21T09:05:11.416Z] Device at 10.30.4.128 is not reachable. Skipping connection attempt.
[2024-12-21T09:05:21.404Z] Device at 10.30.4.128 is not reachable. Skipping connection attempt.
[2024-12-21T09:05:31.415Z] Device at 10.30.4.128 is not reachable. Skipping connection attempt.
[2024-12-21T09:05:41.418Z] Device at 10.30.4.128 is not reachable. Skipping connection attempt.
[2024-12-21T09:05:51.409Z] Device at 10.30.4.128 is not reachable. Skipping connection attempt.
[2024-12-21T09:06:01.414Z] Device at 10.30.4.128 is not reachable. Skipping connection attempt.
[2024-12-21T09:06:11.410Z] Device at 10.30.4.128 is not reachable. Skipping connection attempt.
[2024-12-21T09:06:21.415Z] Device at 10.30.4.128 is not reachable. Skipping connection attempt.
[2024-12-21T09:06:31.405Z] Device at 10.30.4.128 is not reachable. Skipping connection attempt.
[2024-12-21T09:06:41.413Z] Device at 10.30.4.128 is not reachable. Skipping connection attempt.
[2024-12-21T09:06:51.414Z] Device at 10.30.4.128 is not reachable. Skipping connection attempt.
[2024-12-21T09:07:01.413Z] Device at 10.30.4.128 is not reachable. Skipping connection attempt.
[2024-12-21T09:07:11.405Z] Device at 10.30.4.128 is not reachable. Skipping connection attempt.
[2024-12-21T09:07:21.411Z] Device at 10.30.4.128 is not reachable. Skipping connection attempt.
[2024-12-21T09:07:31.413Z] Device at 10.30.4.128 is not reachable. Skipping connection attempt.
[2024-12-21T09:07:41.406Z] Device at 10.30.4.128 is not reachable. Skipping connection attempt.
[2024-12-21T09:07:51.413Z] Device at 10.30.4.128 is not reachable. Skipping connection attempt.
[2024-12-21T09:08:01.415Z] Device at 10.30.4.128 is not reachable. Skipping connection attempt.
[2024-12-21T09:08:11.411Z] Device at 10.30.4.128 is not reachable. Skipping connection attempt.
[2024-12-21T09:08:21.398Z] Device at 10.30.4.128 is not reachable. Skipping connection attempt.
[2024-12-21T09:08:31.398Z] Device at 10.30.4.128 is not reachable. Skipping connection attempt.
[2024-12-21T09:08:41.406Z] Device at 10.30.4.128 is not reachable. Skipping connection attempt.
[2024-12-21T09:08:51.405Z] Device at 10.30.4.128 is not reachable. Skipping connection attempt.
[2024-12-21T09:09:01.927Z] Device at 10.30.4.128 is not reachable. Skipping connection attempt.
[2024-12-21T09:09:11.897Z] Device at 10.30.4.128 is not reachable. Skipping connection attempt.
[2024-12-21T09:09:21.907Z] Device at 10.30.4.128 is not reachable. Skipping connection attempt.
[2024-12-21T09:09:31.900Z] Device at 10.30.4.128 is not reachable. Skipping connection attempt.
[2024-12-21T09:09:41.895Z] Device at 10.30.4.128 is not reachable. Skipping connection attempt.
[2024-12-21T09:09:51.903Z] Device at 10.30.4.128 is not reachable. Skipping connection attempt.
[2024-12-21T09:10:01.901Z] Device at 10.30.4.128 is not reachable. Skipping connection attempt.
[2024-12-21T09:10:11.902Z] Device at 10.30.4.128 is not reachable. Skipping connection attempt.
[2024-12-21T09:10:21.892Z] Device at 10.30.4.128 is not reachable. Skipping connection attempt.
[2024-12-21T09:10:31.904Z] Device at 10.30.4.128 is not reachable. Skipping connection attempt.
[2024-12-21T09:10:41.903Z] Device at 10.30.4.128 is not reachable. Skipping connection attempt.
[2024-12-21T09:10:51.901Z] Device at 10.30.4.128 is not reachable. Skipping connection attempt.
[2024-12-21T09:11:01.906Z] Device at 10.30.4.128 is not reachable. Skipping connection attempt.
[2024-12-21T09:11:11.896Z] Device at 10.30.4.128 is not reachable. Skipping connection attempt.
[2024-12-21T09:11:21.896Z] Device at 10.30.4.128 is not reachable. Skipping connection attempt.
[2024-12-21T09:11:31.894Z] Device at 10.30.4.128 is not reachable. Skipping connection attempt.
[2024-12-21T09:11:41.900Z] Device at 10.30.4.128 is not reachable. Skipping connection attempt.
[2024-12-21T09:11:51.892Z] Device at 10.30.4.128 is not reachable. Skipping connection attempt.
[2024-12-21T09:12:01.898Z] Device at 10.30.4.128 is not reachable. Skipping connection attempt.
[2024-12-21T09:12:11.893Z] Device at 10.30.4.128 is not reachable. Skipping connection attempt.
[2024-12-21T09:12:21.903Z] Device at 10.30.4.128 is not reachable. Skipping connection attempt.
[2024-12-21T09:12:31.891Z] Device at 10.30.4.128 is not reachable. Skipping connection attempt.
[2024-12-21T09:12:41.890Z] Device at 10.30.4.128 is not reachable. Skipping connection attempt.
[2024-12-21T09:12:51.896Z] Device at 10.30.4.128 is not reachable. Skipping connection attempt.
[2024-12-21T09:13:01.887Z] Device at 10.30.4.128 is not reachable. Skipping connection attempt.
[2024-12-21T09:13:11.893Z] Device at 10.30.4.128 is not reachable. Skipping connection attempt.
[2024-12-21T09:13:21.894Z] Device at 10.30.4.128 is not reachable. Skipping connection attempt.
[2024-12-21T09:13:31.901Z] Device at 10.30.4.128 is not reachable. Skipping connection attempt.
[2024-12-21T09:13:41.888Z] Device at 10.30.4.128 is not reachable. Skipping connection attempt.
[2024-12-21T09:13:51.900Z] Device at 10.30.4.128 is not reachable. Skipping connection attempt.
[2024-12-21T09:14:01.905Z] Device at 10.30.4.128 is not reachable. Skipping connection attempt.
[2024-12-21T09:14:11.889Z] Device at 10.30.4.128 is not reachable. Skipping connection attempt.
[2024-12-21T09:14:21.901Z] Device at 10.30.4.128 is not reachable. Skipping connection attempt.
[2024-12-21T09:14:31.889Z] Device at 10.30.4.128 is not reachable. Skipping connection attempt.
[2024-12-21T09:14:41.904Z] Device at 10.30.4.128 is not reachable. Skipping connection attempt.
[2024-12-21T09:14:51.900Z] Device at 10.30.4.128 is not reachable. Skipping connection attempt.
[2024-12-21T09:15:01.901Z] Device at 10.30.4.128 is not reachable. Skipping connection attempt.
[2024-12-21T09:15:11.886Z] Device at 10.30.4.128 is not reachable. Skipping connection attempt.
[2024-12-21T09:15:21.900Z] Device at 10.30.4.128 is not reachable. Skipping connection attempt.
[2024-12-21T09:15:31.895Z] Device at 10.30.4.128 is not reachable. Skipping connection attempt.
[2024-12-21T09:15:41.896Z] Device at 10.30.4.128 is not reachable. Skipping connection attempt.
[2024-12-21T09:15:51.895Z] Device at 10.30.4.128 is not reachable. Skipping connection attempt.
[2024-12-21T09:16:01.890Z] Device at 10.30.4.128 is not reachable. Skipping connection attempt.
[2024-12-21T09:16:11.895Z] Device at 10.30.4.128 is not reachable. Skipping connection attempt.
[2024-12-21T09:16:21.895Z] Device at 10.30.4.128 is not reachable. Skipping connection attempt.
[2024-12-21T09:16:31.887Z] Device at 10.30.4.128 is not reachable. Skipping connection attempt.
[2024-12-21T09:16:41.883Z] Device at 10.30.4.128 is not reachable. Skipping connection attempt.
[2024-12-21T09:16:51.882Z] Device at 10.30.4.128 is not reachable. Skipping connection attempt.
[2024-12-21T09:17:01.881Z] Device at 10.30.4.128 is not reachable. Skipping connection attempt.
[2024-12-21T09:17:11.895Z] Device at 10.30.4.128 is not reachable. Skipping connection attempt.
[2024-12-21T09:17:21.880Z] Device at 10.30.4.128 is not reachable. Skipping connection attempt.
[2024-12-21T09:17:31.883Z] Device at 10.30.4.128 is not reachable. Skipping connection attempt.
[2024-12-21T09:17:41.884Z] Device at 10.30.4.128 is not reachable. Skipping connection attempt.
[2024-12-21T09:17:51.881Z] Device at 10.30.4.128 is not reachable. Skipping connection attempt.
[2024-12-21T09:18:01.877Z] Device at 10.30.4.128 is not reachable. Skipping connection attempt.
[2024-12-21T09:18:11.881Z] Device at 10.30.4.128 is not reachable. Skipping connection attempt.
[2024-12-21T09:18:21.888Z] Device at 10.30.4.128 is not reachable. Skipping connection attempt.
[2024-12-21T09:18:31.879Z] Device at 10.30.4.128 is not reachable. Skipping connection attempt.
[2024-12-21T09:18:41.880Z] Device at 10.30.4.128 is not reachable. Skipping connection attempt.
[2024-12-21T09:18:51.875Z] Device at 10.30.4.128 is not reachable. Skipping connection attempt.
[2024-12-21T09:19:01.878Z] Device at 10.30.4.128 is not reachable. Skipping connection attempt.
[2024-12-21T09:19:11.888Z] Device at 10.30.4.128 is not reachable. Skipping connection attempt.
[2024-12-21T09:19:21.882Z] Device at 10.30.4.128 is not reachable. Skipping connection attempt.
[2024-12-21T09:19:31.878Z] Device at 10.30.4.128 is not reachable. Skipping connection attempt.
[2024-12-21T09:19:41.887Z] Device at 10.30.4.128 is not reachable. Skipping connection attempt.
[2024-12-21T09:19:52.390Z] Device at 10.30.4.128 is not reachable. Skipping connection attempt.
[2024-12-21T09:20:02.380Z] Device at 10.30.4.128 is not reachable. Skipping connection attempt.
[2024-12-21T09:20:12.385Z] Device at 10.30.4.128 is not reachable. Skipping connection attempt.
[2024-12-21T09:20:22.387Z] Device at 10.30.4.128 is not reachable. Skipping connection attempt.
[2024-12-21T09:20:32.380Z] Device at 10.30.4.128 is not reachable. Skipping connection attempt.
[2024-12-21T09:20:42.381Z] Device at 10.30.4.128 is not reachable. Skipping connection attempt.
[2024-12-21T09:20:52.381Z] Device at 10.30.4.128 is not reachable. Skipping connection attempt.
[2024-12-21T09:21:02.388Z] Device at 10.30.4.128 is not reachable. Skipping connection attempt.
[2024-12-21T09:21:12.383Z] Device at 10.30.4.128 is not reachable. Skipping connection attempt.
[2024-12-21T09:21:22.379Z] Device at 10.30.4.128 is not reachable. Skipping connection attempt.
[2024-12-21T09:21:32.388Z] Device at 10.30.4.128 is not reachable. Skipping connection attempt.
[2024-12-21T09:21:42.386Z] Device at 10.30.4.128 is not reachable. Skipping connection attempt.
[2024-12-21T09:21:52.386Z] Device at 10.30.4.128 is not reachable. Skipping connection attempt.
[2024-12-21T09:22:02.380Z] Device at 10.30.4.128 is not reachable. Skipping connection attempt.
[2024-12-21T09:22:12.386Z] Device at 10.30.4.128 is not reachable. Skipping connection attempt.
[2024-12-21T09:22:22.389Z] Device at 10.30.4.128 is not reachable. Skipping connection attempt.
[2024-12-21T09:22:32.379Z] Device at 10.30.4.128 is not reachable. Skipping connection attempt.
[2024-12-21T09:22:42.387Z] Device at 10.30.4.128 is not reachable. Skipping connection attempt.
[2024-12-21T09:22:52.376Z] Device at 10.30.4.128 is not reachable. Skipping connection attempt.
[2024-12-21T09:23:02.388Z] Device at 10.30.4.128 is not reachable. Skipping connection attempt.
[2024-12-21T09:23:12.384Z] Device at 10.30.4.128 is not reachable. Skipping connection attempt.
[2024-12-21T09:23:22.384Z] Device at 10.30.4.128 is not reachable. Skipping connection attempt.
[2024-12-21T09:23:32.391Z] Device at 10.30.4.128 is not reachable. Skipping connection attempt.
[2024-12-21T09:23:42.384Z] Device at 10.30.4.128 is not reachable. Skipping connection attempt.
[2024-12-21T09:23:52.384Z] Device at 10.30.4.128 is not reachable. Skipping connection attempt.
[2024-12-21T09:24:02.393Z] Device at 10.30.4.128 is not reachable. Skipping connection attempt.
[2024-12-21T09:24:12.389Z] Device at 10.30.4.128 is not reachable. Skipping connection attempt.
[2024-12-21T09:24:22.392Z] Device at 10.30.4.128 is not reachable. Skipping connection attempt.
[2024-12-21T09:24:32.381Z] Device at 10.30.4.128 is not reachable. Skipping connection attempt.
[2024-12-21T09:24:42.385Z] Device at 10.30.4.128 is not reachable. Skipping connection attempt.
[2024-12-21T09:24:52.390Z] Device at 10.30.4.128 is not reachable. Skipping connection attempt.
[2024-12-21T09:25:02.381Z] Device at 10.30.4.128 is not reachable. Skipping connection attempt.
[2024-12-21T09:25:12.389Z] Device at 10.30.4.128 is not reachable. Skipping connection attempt.
[2024-12-21T09:25:22.382Z] Device at 10.30.4.128 is not reachable. Skipping connection attempt.
[2024-12-21T09:25:32.385Z] Device at 10.30.4.128 is not reachable. Skipping connection attempt.
[2024-12-21T09:25:42.391Z] Device at 10.30.4.128 is not reachable. Skipping connection attempt.
[2024-12-21T09:25:52.387Z] Device at 10.30.4.128 is not reachable. Skipping connection attempt.
[2024-12-21T09:26:02.384Z] Device at 10.30.4.128 is not reachable. Skipping connection attempt.
[2024-12-21T09:26:12.388Z] Device at 10.30.4.128 is not reachable. Skipping connection attempt.
[2024-12-21T09:26:22.399Z] Device at 10.30.4.128 is not reachable. Skipping connection attempt.
[2024-12-21T09:26:32.389Z] Device at 10.30.4.128 is not reachable. Skipping connection attempt.
[2024-12-21T09:26:42.391Z] Device at 10.30.4.128 is not reachable. Skipping connection attempt.
[2024-12-21T09:26:52.386Z] Device at 10.30.4.128 is not reachable. Skipping connection attempt.
[2024-12-21T09:27:02.386Z] Device at 10.30.4.128 is not reachable. Skipping connection attempt.
[2024-12-21T09:27:12.386Z] Device at 10.30.4.128 is not reachable. Skipping connection attempt.
[2024-12-21T09:27:22.399Z] Device at 10.30.4.128 is not reachable. Skipping connection attempt.
[2024-12-21T09:27:32.396Z] Device at 10.30.4.128 is not reachable. Skipping connection attempt.
[2024-12-21T09:27:42.399Z] Device at 10.30.4.128 is not reachable. Skipping connection attempt.
[2024-12-21T09:27:52.391Z] Device at 10.30.4.128 is not reachable. Skipping connection attempt.
[2024-12-21T09:28:02.390Z] Device at 10.30.4.128 is not reachable. Skipping connection attempt.
[2024-12-21T09:28:12.400Z] Device at 10.30.4.128 is not reachable. Skipping connection attempt.
[2024-12-21T09:28:22.401Z] Device at 10.30.4.128 is not reachable. Skipping connection attempt.
[2024-12-21T09:28:32.401Z] Device at 10.30.4.128 is not reachable. Skipping connection attempt.
[2024-12-21T09:28:42.392Z] Device at 10.30.4.128 is not reachable. Skipping connection attempt.
[2024-12-21T09:28:52.396Z] Device at 10.30.4.128 is not reachable. Skipping connection attempt.
[2024-12-21T09:29:02.402Z] Device at 10.30.4.128 is not reachable. Skipping connection attempt.
[2024-12-21T09:29:12.900Z] Device at 10.30.4.128 is not reachable. Skipping connection attempt.
[2024-12-21T09:29:22.902Z] Device at 10.30.4.128 is not reachable. Skipping connection attempt.
[2024-12-21T09:29:32.892Z] Device at 10.30.4.128 is not reachable. Skipping connection attempt.
[2024-12-21T09:29:42.898Z] Device at 10.30.4.128 is not reachable. Skipping connection attempt.
[2024-12-21T09:29:52.899Z] Device at 10.30.4.128 is not reachable. Skipping connection attempt.
[2024-12-21T09:30:02.896Z] Device at 10.30.4.128 is not reachable. Skipping connection attempt.
[2024-12-21T09:30:12.898Z] Device at 10.30.4.128 is not reachable. Skipping connection attempt.
[2024-12-21T09:30:22.903Z] Device at 10.30.4.128 is not reachable. Skipping connection attempt.
[2024-12-21T09:30:32.900Z] Device at 10.30.4.128 is not reachable. Skipping connection attempt.
[2024-12-21T09:30:42.901Z] Device at 10.30.4.128 is not reachable. Skipping connection attempt.
[2024-12-21T09:30:52.901Z] Device at 10.30.4.128 is not reachable. Skipping connection attempt.
[2024-12-21T09:31:02.894Z] Device at 10.30.4.128 is not reachable. Skipping connection attempt.
[2024-12-21T09:31:12.891Z] Device at 10.30.4.128 is not reachable. Skipping connection attempt.
[2024-12-21T09:31:22.894Z] Device at 10.30.4.128 is not reachable. Skipping connection attempt.
[2024-12-21T09:31:32.898Z] Device at 10.30.4.128 is not reachable. Skipping connection attempt.
[2024-12-21T09:31:42.907Z] Device at 10.30.4.128 is not reachable. Skipping connection attempt.
[2024-12-21T09:31:52.905Z] Device at 10.30.4.128 is not reachable. Skipping connection attempt.
[2024-12-21T09:32:02.908Z] Device at 10.30.4.128 is not reachable. Skipping connection attempt.
[2024-12-21T09:32:12.899Z] Device at 10.30.4.128 is not reachable. Skipping connection attempt.
[2024-12-21T09:32:22.898Z] Device at 10.30.4.128 is not reachable. Skipping connection attempt.
[2024-12-21T09:32:32.903Z] Device at 10.30.4.128 is not reachable. Skipping connection attempt.
[2024-12-21T09:32:42.899Z] Device at 10.30.4.128 is not reachable. Skipping connection attempt.
[2024-12-21T09:32:52.901Z] Device at 10.30.4.128 is not reachable. Skipping connection attempt.
[2024-12-21T09:33:02.897Z] Device at 10.30.4.128 is not reachable. Skipping connection attempt.
[2024-12-21T09:33:12.902Z] Device at 10.30.4.128 is not reachable. Skipping connection attempt.
[2024-12-21T09:33:22.902Z] Device at 10.30.4.128 is not reachable. Skipping connection attempt.
[2024-12-21T09:33:32.907Z] Device at 10.30.4.128 is not reachable. Skipping connection attempt.
[2024-12-21T09:33:42.906Z] Device at 10.30.4.128 is not reachable. Skipping connection attempt.
[2024-12-21T09:33:52.898Z] Device at 10.30.4.128 is not reachable. Skipping connection attempt.
[2024-12-21T09:34:02.894Z] Device at 10.30.4.128 is not reachable. Skipping connection attempt.
[2024-12-21T09:34:12.902Z] Device at 10.30.4.128 is not reachable. Skipping connection attempt.
[2024-12-21T09:34:22.897Z] Device at 10.30.4.128 is not reachable. Skipping connection attempt.
[2024-12-21T09:34:32.904Z] Device at 10.30.4.128 is not reachable. Skipping connection attempt.
[2024-12-21T09:34:42.907Z] Device at 10.30.4.128 is not reachable. Skipping connection attempt.
[2024-12-21T09:34:52.895Z] Device at 10.30.4.128 is not reachable. Skipping connection attempt.
[2024-12-21T09:35:02.893Z] Device at 10.30.4.128 is not reachable. Skipping connection attempt.
[2024-12-21T09:35:12.898Z] Device at 10.30.4.128 is not reachable. Skipping connection attempt.
[2024-12-21T09:35:22.904Z] Device at 10.30.4.128 is not reachable. Skipping connection attempt.
[2024-12-21T09:35:32.904Z] Device at 10.30.4.128 is not reachable. Skipping connection attempt.
[2024-12-21T09:35:42.901Z] Device at 10.30.4.128 is not reachable. Skipping connection attempt.
[2024-12-21T09:35:52.896Z] Device at 10.30.4.128 is not reachable. Skipping connection attempt.
[2024-12-21T09:36:02.905Z] Device at 10.30.4.128 is not reachable. Skipping connection attempt.
[2024-12-21T09:36:12.907Z] Device at 10.30.4.128 is not reachable. Skipping connection attempt.
[2024-12-21T09:36:22.898Z] Device at 10.30.4.128 is not reachable. Skipping connection attempt.
[2024-12-21T09:36:32.903Z] Device at 10.30.4.128 is not reachable. Skipping connection attempt.
[2024-12-21T09:36:42.904Z] Device at 10.30.4.128 is not reachable. Skipping connection attempt.
[2024-12-21T09:36:52.898Z] Device at 10.30.4.128 is not reachable. Skipping connection attempt.
[2024-12-21T09:37:02.897Z] Device at 10.30.4.128 is not reachable. Skipping connection attempt.
[2024-12-21T09:37:12.903Z] Device at 10.30.4.128 is not reachable. Skipping connection attempt.
[2024-12-21T09:37:22.906Z] Device at 10.30.4.128 is not reachable. Skipping connection attempt.
[2024-12-21T09:37:32.906Z] Device at 10.30.4.128 is not reachable. Skipping connection attempt.
[2024-12-21T09:37:42.898Z] Device at 10.30.4.128 is not reachable. Skipping connection attempt.
[2024-12-21T09:37:52.905Z] Device at 10.30.4.128 is not reachable. Skipping connection attempt.
[2024-12-21T09:38:02.896Z] Device at 10.30.4.128 is not reachable. Skipping connection attempt.
[2024-12-21T09:38:12.907Z] Device at 10.30.4.128 is not reachable. Skipping connection attempt.
[2024-12-21T09:38:22.904Z] Device at 10.30.4.128 is not reachable. Skipping connection attempt.
[2024-12-21T09:38:32.901Z] Device at 10.30.4.128 is not reachable. Skipping connection attempt.
[2024-12-21T09:38:42.895Z] Device at 10.30.4.128 is not reachable. Skipping connection attempt.
[2024-12-21T09:38:52.896Z] Device at 10.30.4.128 is not reachable. Skipping connection attempt.
[2024-12-21T09:39:02.906Z] Device at 10.30.4.128 is not reachable. Skipping connection attempt.
[2024-12-21T09:39:13.400Z] Device at 10.30.4.128 is not reachable. Skipping connection attempt.
[2024-12-21T09:39:23.409Z] Device at 10.30.4.128 is not reachable. Skipping connection attempt.
[2024-12-21T09:39:33.398Z] Device at 10.30.4.128 is not reachable. Skipping connection attempt.
[2024-12-21T09:39:43.403Z] Device at 10.30.4.128 is not reachable. Skipping connection attempt.
[2024-12-21T09:39:53.404Z] Device at 10.30.4.128 is not reachable. Skipping connection attempt.
[2024-12-21T09:40:03.399Z] Device at 10.30.4.128 is not reachable. Skipping connection attempt.
[2024-12-21T09:40:13.410Z] Device at 10.30.4.128 is not reachable. Skipping connection attempt.
[2024-12-21T09:40:23.409Z] Device at 10.30.4.128 is not reachable. Skipping connection attempt.
[2024-12-21T09:40:33.401Z] Device at 10.30.4.128 is not reachable. Skipping connection attempt.
[2024-12-21T09:40:43.410Z] Device at 10.30.4.128 is not reachable. Skipping connection attempt.
[2024-12-21T09:40:53.403Z] Device at 10.30.4.128 is not reachable. Skipping connection attempt.
[2024-12-21T09:41:03.406Z] Device at 10.30.4.128 is not reachable. Skipping connection attempt.
[2024-12-21T09:41:13.402Z] Device at 10.30.4.128 is not reachable. Skipping connection attempt.
[2024-12-21T09:41:23.398Z] Device at 10.30.4.128 is not reachable. Skipping connection attempt.
[2024-12-21T09:41:33.401Z] Device at 10.30.4.128 is not reachable. Skipping connection attempt.
[2024-12-21T09:41:43.406Z] Device at 10.30.4.128 is not reachable. Skipping connection attempt.
[2024-12-21T09:41:53.400Z] Device at 10.30.4.128 is not reachable. Skipping connection attempt.
[2024-12-21T09:42:03.396Z] Device at 10.30.4.128 is not reachable. Skipping connection attempt.
[2024-12-21T09:42:13.400Z] Device at 10.30.4.128 is not reachable. Skipping connection attempt.
[2024-12-21T09:42:23.394Z] Device at 10.30.4.128 is not reachable. Skipping connection attempt.
[2024-12-21T09:42:33.405Z] Device at 10.30.4.128 is not reachable. Skipping connection attempt.
[2024-12-21T09:42:43.401Z] Device at 10.30.4.128 is not reachable. Skipping connection attempt.
[2024-12-21T09:42:53.398Z] Device at 10.30.4.128 is not reachable. Skipping connection attempt.
[2024-12-21T09:43:03.400Z] Device at 10.30.4.128 is not reachable. Skipping connection attempt.
[2024-12-21T09:43:13.406Z] Device at 10.30.4.128 is not reachable. Skipping connection attempt.
[2024-12-21T09:43:23.402Z] Device at 10.30.4.128 is not reachable. Skipping connection attempt.
[2024-12-21T09:43:33.396Z] Device at 10.30.4.128 is not reachable. Skipping connection attempt.
[2024-12-21T09:43:43.395Z] Device at 10.30.4.128 is not reachable. Skipping connection attempt.
[2024-12-21T09:43:53.393Z] Device at 10.30.4.128 is not reachable. Skipping connection attempt.
[2024-12-21T09:44:03.394Z] Device at 10.30.4.128 is not reachable. Skipping connection attempt.
[2024-12-21T09:44:13.407Z] Device at 10.30.4.128 is not reachable. Skipping connection attempt.
[2024-12-21T09:44:23.400Z] Device at 10.30.4.128 is not reachable. Skipping connection attempt.
[2024-12-21T09:44:33.406Z] Device at 10.30.4.128 is not reachable. Skipping connection attempt.
[2024-12-21T09:44:43.392Z] Device at 10.30.4.128 is not reachable. Skipping connection attempt.
[2024-12-21T09:44:53.407Z] Device at 10.30.4.128 is not reachable. Skipping connection attempt.
[2024-12-21T09:45:03.404Z] Device at 10.30.4.128 is not reachable. Skipping connection attempt.
[2024-12-21T09:45:13.398Z] Device at 10.30.4.128 is not reachable. Skipping connection attempt.
[2024-12-21T09:45:23.404Z] Device at 10.30.4.128 is not reachable. Skipping connection attempt.
[2024-12-21T09:45:33.399Z] Device at 10.30.4.128 is not reachable. Skipping connection attempt.
[2024-12-21T09:45:43.402Z] Device at 10.30.4.128 is not reachable. Skipping connection attempt.
[2024-12-21T09:45:53.397Z] Device at 10.30.4.128 is not reachable. Skipping connection attempt.
[2024-12-21T09:46:03.400Z] Device at 10.30.4.128 is not reachable. Skipping connection attempt.
[2024-12-21T09:46:13.401Z] Device at 10.30.4.128 is not reachable. Skipping connection attempt.
[2024-12-21T09:46:23.398Z] Device at 10.30.4.128 is not reachable. Skipping connection attempt.
[2024-12-21T09:46:33.400Z] Device at 10.30.4.128 is not reachable. Skipping connection attempt.
[2024-12-21T09:46:43.396Z] Device at 10.30.4.128 is not reachable. Skipping connection attempt.
[2024-12-21T09:46:53.400Z] Device at 10.30.4.128 is not reachable. Skipping connection attempt.
[2024-12-21T09:47:03.393Z] Device at 10.30.4.128 is not reachable. Skipping connection attempt.
[2024-12-21T09:47:13.403Z] Device at 10.30.4.128 is not reachable. Skipping connection attempt.
[2024-12-21T09:47:23.402Z] Device at 10.30.4.128 is not reachable. Skipping connection attempt.
[2024-12-21T09:47:33.398Z] Device at 10.30.4.128 is not reachable. Skipping connection attempt.
[2024-12-21T09:47:43.395Z] Device at 10.30.4.128 is not reachable. Skipping connection attempt.
[2024-12-21T09:47:53.399Z] Device at 10.30.4.128 is not reachable. Skipping connection attempt.
[2024-12-21T09:48:03.393Z] Device at 10.30.4.128 is not reachable. Skipping connection attempt.
[2024-12-21T09:48:13.403Z] Device at 10.30.4.128 is not reachable. Skipping connection attempt.
[2024-12-21T09:48:23.398Z] Device at 10.30.4.128 is not reachable. Skipping connection attempt.
[2024-12-21T09:48:33.397Z] Device at 10.30.4.128 is not reachable. Skipping connection attempt.
[2024-12-21T09:48:43.897Z] Device at 10.30.4.128 is not reachable. Skipping connection attempt.
[2024-12-21T09:48:53.901Z] Device at 10.30.4.128 is not reachable. Skipping connection attempt.
[2024-12-21T09:49:03.891Z] Device at 10.30.4.128 is not reachable. Skipping connection attempt.
[2024-12-21T09:49:13.899Z] Device at 10.30.4.128 is not reachable. Skipping connection attempt.
[2024-12-21T09:49:23.899Z] Device at 10.30.4.128 is not reachable. Skipping connection attempt.
[2024-12-21T09:49:33.893Z] Device at 10.30.4.128 is not reachable. Skipping connection attempt.
[2024-12-21T09:49:43.898Z] Device at 10.30.4.128 is not reachable. Skipping connection attempt.
[2024-12-21T09:49:53.902Z] Device at 10.30.4.128 is not reachable. Skipping connection attempt.
[2024-12-21T09:50:03.898Z] Device at 10.30.4.128 is not reachable. Skipping connection attempt.
[2024-12-21T09:50:13.897Z] Device at 10.30.4.128 is not reachable. Skipping connection attempt.
[2024-12-21T09:50:23.890Z] Device at 10.30.4.128 is not reachable. Skipping connection attempt.
[2024-12-21T09:50:33.892Z] Device at 10.30.4.128 is not reachable. Skipping connection attempt.
[2024-12-21T09:50:43.902Z] Device at 10.30.4.128 is not reachable. Skipping connection attempt.
[2024-12-21T09:50:53.894Z] Device at 10.30.4.128 is not reachable. Skipping connection attempt.
[2024-12-21T09:51:03.900Z] Device at 10.30.4.128 is not reachable. Skipping connection attempt.
[2024-12-21T09:51:13.897Z] Device at 10.30.4.128 is not reachable. Skipping connection attempt.
[2024-12-21T09:51:23.896Z] Device at 10.30.4.128 is not reachable. Skipping connection attempt.
[2024-12-21T09:51:33.891Z] Device at 10.30.4.128 is not reachable. Skipping connection attempt.
[2024-12-21T09:51:43.899Z] Device at 10.30.4.128 is not reachable. Skipping connection attempt.
[2024-12-21T09:51:53.902Z] Device at 10.30.4.128 is not reachable. Skipping connection attempt.
[2024-12-21T09:52:03.890Z] Device at 10.30.4.128 is not reachable. Skipping connection attempt.
[2024-12-21T09:52:13.899Z] Device at 10.30.4.128 is not reachable. Skipping connection attempt.
[2024-12-21T09:52:23.899Z] Device at 10.30.4.128 is not reachable. Skipping connection attempt.
[2024-12-21T09:52:33.905Z] Device at 10.30.4.128 is not reachable. Skipping connection attempt.
[2024-12-21T09:52:43.896Z] Device at 10.30.4.128 is not reachable. Skipping connection attempt.
[2024-12-21T09:52:53.889Z] Device at 10.30.4.128 is not reachable. Skipping connection attempt.
[2024-12-21T09:53:03.894Z] Device at 10.30.4.128 is not reachable. Skipping connection attempt.
[2024-12-21T09:53:13.890Z] Device at 10.30.4.128 is not reachable. Skipping connection attempt.
[2024-12-21T09:53:23.903Z] Device at 10.30.4.128 is not reachable. Skipping connection attempt.
[2024-12-21T09:53:33.903Z] Device at 10.30.4.128 is not reachable. Skipping connection attempt.
[2024-12-21T09:53:43.899Z] Device at 10.30.4.128 is not reachable. Skipping connection attempt.
[2024-12-21T09:53:53.896Z] Device at 10.30.4.128 is not reachable. Skipping connection attempt.
[2024-12-21T09:54:03.890Z] Device at 10.30.4.128 is not reachable. Skipping connection attempt.
[2024-12-21T09:54:13.893Z] Device at 10.30.4.128 is not reachable. Skipping connection attempt.
[2024-12-21T09:54:23.889Z] Device at 10.30.4.128 is not reachable. Skipping connection attempt.
[2024-12-21T09:54:33.899Z] Device at 10.30.4.128 is not reachable. Skipping connection attempt.
[2024-12-21T09:54:43.894Z] Device at 10.30.4.128 is not reachable. Skipping connection attempt.
[2024-12-21T09:54:53.893Z] Device at 10.30.4.128 is not reachable. Skipping connection attempt.
[2024-12-21T09:55:03.892Z] Device at 10.30.4.128 is not reachable. Skipping connection attempt.
[2024-12-21T09:55:13.893Z] Device at 10.30.4.128 is not reachable. Skipping connection attempt.
[2024-12-21T09:55:23.897Z] Device at 10.30.4.128 is not reachable. Skipping connection attempt.
[2024-12-21T09:55:33.903Z] Device at 10.30.4.128 is not reachable. Skipping connection attempt.
[2024-12-21T09:55:43.888Z] Device at 10.30.4.128 is not reachable. Skipping connection attempt.
[2024-12-21T09:55:53.902Z] Device at 10.30.4.128 is not reachable. Skipping connection attempt.
[2024-12-21T09:56:03.904Z] Device at 10.30.4.128 is not reachable. Skipping connection attempt.
[2024-12-21T09:56:13.894Z] Device at 10.30.4.128 is not reachable. Skipping connection attempt.
[2024-12-21T09:56:23.894Z] Device at 10.30.4.128 is not reachable. Skipping connection attempt.
[2024-12-21T09:56:33.898Z] Device at 10.30.4.128 is not reachable. Skipping connection attempt.
[2024-12-21T09:56:43.903Z] Device at 10.30.4.128 is not reachable. Skipping connection attempt.
[2024-12-21T09:56:53.894Z] Device at 10.30.4.128 is not reachable. Skipping connection attempt.
[2024-12-21T09:57:03.903Z] Device at 10.30.4.128 is not reachable. Skipping connection attempt.
[2024-12-21T09:57:13.897Z] Device at 10.30.4.128 is not reachable. Skipping connection attempt.
[2024-12-21T09:57:23.897Z] Device at 10.30.4.128 is not reachable. Skipping connection attempt.
[2024-12-21T09:57:33.892Z] Device at 10.30.4.128 is not reachable. Skipping connection attempt.
[2024-12-21T09:57:43.896Z] Device at 10.30.4.128 is not reachable. Skipping connection attempt.
[2024-12-21T09:57:53.889Z] Device at 10.30.4.128 is not reachable. Skipping connection attempt.
[2024-12-21T09:58:03.901Z] Device at 10.30.4.128 is not reachable. Skipping connection attempt.
[2024-12-21T09:58:13.890Z] Device at 10.30.4.128 is not reachable. Skipping connection attempt.
[2024-12-21T09:58:23.895Z] Device at 10.30.4.128 is not reachable. Skipping connection attempt.
[2024-12-21T09:58:33.892Z] Device at 10.30.4.128 is not reachable. Skipping connection attempt.
[2024-12-21T09:58:43.893Z] Device at 10.30.4.128 is not reachable. Skipping connection attempt.
[2024-12-21T09:58:53.895Z] Device at 10.30.4.128 is not reachable. Skipping connection attempt.
[2024-12-21T09:59:03.896Z] Device at 10.30.4.128 is not reachable. Skipping connection attempt.
[2024-12-21T09:59:13.904Z] Device at 10.30.4.128 is not reachable. Skipping connection attempt.
[2024-12-21T09:59:23.895Z] Device at 10.30.4.128 is not reachable. Skipping connection attempt.
[2024-12-21T09:59:33.892Z] Device at 10.30.4.128 is not reachable. Skipping connection attempt.
[2024-12-21T09:59:43.888Z] Device at 10.30.4.128 is not reachable. Skipping connection attempt.
[2024-12-21T09:59:53.898Z] Device at 10.30.4.128 is not reachable. Skipping connection attempt.
[2024-12-21T10:00:04.400Z] Device at 10.30.4.128 is not reachable. Skipping connection attempt.
[2024-12-21T10:00:14.397Z] Device at 10.30.4.128 is not reachable. Skipping connection attempt.
[2024-12-21T10:00:24.391Z] Device at 10.30.4.128 is not reachable. Skipping connection attempt.
[2024-12-21T10:00:34.401Z] Device at 10.30.4.128 is not reachable. Skipping connection attempt.
[2024-12-21T10:00:44.399Z] Device at 10.30.4.128 is not reachable. Skipping connection attempt.
[2024-12-21T10:00:54.393Z] Device at 10.30.4.128 is not reachable. Skipping connection attempt.
[2024-12-21T10:01:04.389Z] Device at 10.30.4.128 is not reachable. Skipping connection attempt.
[2024-12-21T10:01:14.399Z] Device at 10.30.4.128 is not reachable. Skipping connection attempt.
[2024-12-21T10:01:24.401Z] Device at 10.30.4.128 is not reachable. Skipping connection attempt.
[2024-12-21T10:01:34.392Z] Device at 10.30.4.128 is not reachable. Skipping connection attempt.
[2024-12-21T10:01:44.390Z] Device at 10.30.4.128 is not reachable. Skipping connection attempt.
[2024-12-21T10:01:54.388Z] Device at 10.30.4.128 is not reachable. Skipping connection attempt.
[2024-12-21T10:02:04.401Z] Device at 10.30.4.128 is not reachable. Skipping connection attempt.
[2024-12-21T10:02:14.400Z] Device at 10.30.4.128 is not reachable. Skipping connection attempt.
[2024-12-21T10:02:24.394Z] Device at 10.30.4.128 is not reachable. Skipping connection attempt.
[2024-12-21T10:02:34.395Z] Device at 10.30.4.128 is not reachable. Skipping connection attempt.
[2024-12-21T10:02:44.401Z] Device at 10.30.4.128 is not reachable. Skipping connection attempt.
[2024-12-21T10:02:54.394Z] Device at 10.30.4.128 is not reachable. Skipping connection attempt.
[2024-12-21T10:03:04.389Z] Device at 10.30.4.128 is not reachable. Skipping connection attempt.
[2024-12-21T10:03:14.397Z] Device at 10.30.4.128 is not reachable. Skipping connection attempt.
[2024-12-21T10:03:24.402Z] Device at 10.30.4.128 is not reachable. Skipping connection attempt.
[2024-12-21T10:03:34.395Z] Device at 10.30.4.128 is not reachable. Skipping connection attempt.
[2024-12-21T10:03:44.389Z] Device at 10.30.4.128 is not reachable. Skipping connection attempt.
[2024-12-21T10:03:54.401Z] Device at 10.30.4.128 is not reachable. Skipping connection attempt.
[2024-12-21T10:04:04.399Z] Device at 10.30.4.128 is not reachable. Skipping connection attempt.
[2024-12-21T10:04:14.395Z] Device at 10.30.4.128 is not reachable. Skipping connection attempt.
[2024-12-21T10:04:24.395Z] Device at 10.30.4.128 is not reachable. Skipping connection attempt.
[2024-12-21T10:04:34.388Z] Device at 10.30.4.128 is not reachable. Skipping connection attempt.
[2024-12-21T10:04:44.394Z] Device at 10.30.4.128 is not reachable. Skipping connection attempt.
[2024-12-21T10:04:54.388Z] Device at 10.30.4.128 is not reachable. Skipping connection attempt.
[2024-12-21T10:05:04.391Z] Device at 10.30.4.128 is not reachable. Skipping connection attempt.
[2024-12-21T10:05:14.400Z] Device at 10.30.4.128 is not reachable. Skipping connection attempt.
[2024-12-21T10:05:24.394Z] Device at 10.30.4.128 is not reachable. Skipping connection attempt.
[2024-12-21T10:05:34.386Z] Device at 10.30.4.128 is not reachable. Skipping connection attempt.
[2024-12-21T10:05:44.391Z] Device at 10.30.4.128 is not reachable. Skipping connection attempt.
[2024-12-21T10:05:54.398Z] Device at 10.30.4.128 is not reachable. Skipping connection attempt.
[2024-12-21T10:06:04.393Z] Device at 10.30.4.128 is not reachable. Skipping connection attempt.
[2024-12-21T10:06:14.402Z] Device at 10.30.4.128 is not reachable. Skipping connection attempt.
[2024-12-21T10:06:24.400Z] Device at 10.30.4.128 is not reachable. Skipping connection attempt.
[2024-12-21T10:06:34.394Z] Device at 10.30.4.128 is not reachable. Skipping connection attempt.
[2024-12-21T10:06:44.398Z] Device at 10.30.4.128 is not reachable. Skipping connection attempt.
[2024-12-21T10:06:54.393Z] Device at 10.30.4.128 is not reachable. Skipping connection attempt.
[2024-12-21T10:07:04.396Z] Device at 10.30.4.128 is not reachable. Skipping connection attempt.
[2024-12-21T10:07:14.396Z] Device at 10.30.4.128 is not reachable. Skipping connection attempt.
[2024-12-21T10:07:24.392Z] Device at 10.30.4.128 is not reachable. Skipping connection attempt.
[2024-12-21T10:07:34.390Z] Device at 10.30.4.128 is not reachable. Skipping connection attempt.
[2024-12-21T10:07:44.389Z] Device at 10.30.4.128 is not reachable. Skipping connection attempt.
[2024-12-21T10:07:54.399Z] Device at 10.30.4.128 is not reachable. Skipping connection attempt.
[2024-12-21T10:08:04.399Z] Device at 10.30.4.128 is not reachable. Skipping connection attempt.
[2024-12-21T10:08:14.401Z] Device at 10.30.4.128 is not reachable. Skipping connection attempt.
[2024-12-21T10:08:24.392Z] Device at 10.30.4.128 is not reachable. Skipping connection attempt.
[2024-12-21T10:08:34.400Z] Device at 10.30.4.128 is not reachable. Skipping connection attempt.
[2024-12-21T10:08:44.392Z] Device at 10.30.4.128 is not reachable. Skipping connection attempt.
[2024-12-21T10:08:54.401Z] Device at 10.30.4.128 is not reachable. Skipping connection attempt.
[2024-12-21T10:09:04.391Z] Device at 10.30.4.128 is not reachable. Skipping connection attempt.
[2024-12-21T10:09:14.402Z] Device at 10.30.4.128 is not reachable. Skipping connection attempt.
[2024-12-21T10:09:24.394Z] Device at 10.30.4.128 is not reachable. Skipping connection attempt.
[2024-12-21T10:09:34.400Z] Device at 10.30.4.128 is not reachable. Skipping connection attempt.
[2024-12-21T10:09:44.390Z] Device at 10.30.4.128 is not reachable. Skipping connection attempt.
[2024-12-21T10:09:54.398Z] Device at 10.30.4.128 is not reachable. Skipping connection attempt.
[2024-12-21T10:10:04.895Z] Device at 10.30.4.128 is not reachable. Skipping connection attempt.
[2024-12-21T10:10:14.901Z] Device at 10.30.4.128 is not reachable. Skipping connection attempt.
[2024-12-21T10:10:24.889Z] Device at 10.30.4.128 is not reachable. Skipping connection attempt.
[2024-12-21T10:10:34.894Z] Device at 10.30.4.128 is not reachable. Skipping connection attempt.
[2024-12-21T10:10:44.893Z] Device at 10.30.4.128 is not reachable. Skipping connection attempt.
[2024-12-21T10:10:54.895Z] Device at 10.30.4.128 is not reachable. Skipping connection attempt.
[2024-12-21T10:11:04.889Z] Device at 10.30.4.128 is not reachable. Skipping connection attempt.
[2024-12-21T10:11:14.891Z] Device at 10.30.4.128 is not reachable. Skipping connection attempt.
[2024-12-21T10:11:24.901Z] Device at 10.30.4.128 is not reachable. Skipping connection attempt.
[2024-12-21T10:11:34.892Z] Device at 10.30.4.128 is not reachable. Skipping connection attempt.
[2024-12-21T10:11:44.891Z] Device at 10.30.4.128 is not reachable. Skipping connection attempt.
[2024-12-21T10:11:54.901Z] Device at 10.30.4.128 is not reachable. Skipping connection attempt.
[2024-12-21T10:12:04.895Z] Device at 10.30.4.128 is not reachable. Skipping connection attempt.
[2024-12-21T10:12:14.896Z] Device at 10.30.4.128 is not reachable. Skipping connection attempt.
[2024-12-21T10:12:24.889Z] Device at 10.30.4.128 is not reachable. Skipping connection attempt.
[2024-12-21T10:12:34.887Z] Device at 10.30.4.128 is not reachable. Skipping connection attempt.
[2024-12-21T10:12:44.890Z] Device at 10.30.4.128 is not reachable. Skipping connection attempt.
[2024-12-21T10:12:54.897Z] Device at 10.30.4.128 is not reachable. Skipping connection attempt.
[2024-12-21T10:13:04.889Z] Device at 10.30.4.128 is not reachable. Skipping connection attempt.
[2024-12-21T10:13:14.896Z] Device at 10.30.4.128 is not reachable. Skipping connection attempt.
[2024-12-21T10:13:24.897Z] Device at 10.30.4.128 is not reachable. Skipping connection attempt.
[2024-12-21T10:13:34.898Z] Device at 10.30.4.128 is not reachable. Skipping connection attempt.
[2024-12-21T10:13:44.892Z] Device at 10.30.4.128 is not reachable. Skipping connection attempt.
[2024-12-21T10:13:54.898Z] Device at 10.30.4.128 is not reachable. Skipping connection attempt.
[2024-12-21T10:14:04.889Z] Device at 10.30.4.128 is not reachable. Skipping connection attempt.
[2024-12-21T10:14:14.896Z] Device at 10.30.4.128 is not reachable. Skipping connection attempt.
[2024-12-21T10:14:24.888Z] Device at 10.30.4.128 is not reachable. Skipping connection attempt.
[2024-12-21T10:14:34.902Z] Device at 10.30.4.128 is not reachable. Skipping connection attempt.
[2024-12-21T10:14:44.897Z] Device at 10.30.4.128 is not reachable. Skipping connection attempt.
[2024-12-21T10:14:54.904Z] Device at 10.30.4.128 is not reachable. Skipping connection attempt.
[2024-12-21T10:15:04.902Z] Device at 10.30.4.128 is not reachable. Skipping connection attempt.
[2024-12-21T10:15:14.890Z] Device at 10.30.4.128 is not reachable. Skipping connection attempt.
[2024-12-21T10:15:24.897Z] Device at 10.30.4.128 is not reachable. Skipping connection attempt.
[2024-12-21T10:15:34.896Z] Device at 10.30.4.128 is not reachable. Skipping connection attempt.
[2024-12-21T10:15:44.903Z] Device at 10.30.4.128 is not reachable. Skipping connection attempt.
[2024-12-21T10:15:54.890Z] Device at 10.30.4.128 is not reachable. Skipping connection attempt.
[2024-12-21T10:16:04.901Z] Device at 10.30.4.128 is not reachable. Skipping connection attempt.
[2024-12-21T10:16:14.895Z] Device at 10.30.4.128 is not reachable. Skipping connection attempt.
[2024-12-21T10:16:24.890Z] Device at 10.30.4.128 is not reachable. Skipping connection attempt.
[2024-12-21T10:16:34.896Z] Device at 10.30.4.128 is not reachable. Skipping connection attempt.
[2024-12-21T10:16:44.888Z] Device at 10.30.4.128 is not reachable. Skipping connection attempt.
[2024-12-21T10:16:54.894Z] Device at 10.30.4.128 is not reachable. Skipping connection attempt.
[2024-12-21T10:17:04.896Z] Device at 10.30.4.128 is not reachable. Skipping connection attempt.
[2024-12-23T01:36:11.108Z] Device at 10.30.4.128 is not reachable. Skipping connection attempt.
[2024-12-23T01:36:21.112Z] Device at 10.30.4.128 is not reachable. Skipping connection attempt.
[2024-12-23T01:36:31.104Z] Device at 10.30.4.128 is not reachable. Skipping connection attempt.
[2024-12-23T01:36:41.106Z] Device at 10.30.4.128 is not reachable. Skipping connection attempt.
[2024-12-23T01:36:51.105Z] Device at 10.30.4.128 is not reachable. Skipping connection attempt.
[2024-12-23T01:37:01.105Z] Device at 10.30.4.128 is not reachable. Skipping connection attempt.
[2024-12-23T01:37:11.101Z] Device at 10.30.4.128 is not reachable. Skipping connection attempt.
[2024-12-23T01:37:21.099Z] Device at 10.30.4.128 is not reachable. Skipping connection attempt.
[2024-12-23T01:37:31.107Z] Device at 10.30.4.128 is not reachable. Skipping connection attempt.
[2024-12-23T01:37:41.104Z] Device at 10.30.4.128 is not reachable. Skipping connection attempt.
[2024-12-23T01:37:51.133Z] Device at 10.30.4.128 is not reachable. Skipping connection attempt.
[2024-12-23T01:38:01.107Z] Device at 10.30.4.128 is not reachable. Skipping connection attempt.
[2024-12-23T01:38:11.095Z] Device at 10.30.4.128 is not reachable. Skipping connection attempt.
[2024-12-23T01:38:21.097Z] Device at 10.30.4.128 is not reachable. Skipping connection attempt.
[2024-12-23T01:38:31.108Z] Device at 10.30.4.128 is not reachable. Skipping connection attempt.
[2024-12-23T01:38:41.105Z] Device at 10.30.4.128 is not reachable. Skipping connection attempt.
[2024-12-23T01:38:51.110Z] Device at 10.30.4.128 is not reachable. Skipping connection attempt.
[2024-12-23T01:39:01.108Z] Device at 10.30.4.128 is not reachable. Skipping connection attempt.
[2024-12-23T01:39:11.101Z] Device at 10.30.4.128 is not reachable. Skipping connection attempt.
[2024-12-23T01:39:21.108Z] Device at 10.30.4.128 is not reachable. Skipping connection attempt.
[2024-12-23T01:39:31.096Z] Device at 10.30.4.128 is not reachable. Skipping connection attempt.
[2024-12-23T01:39:41.109Z] Device at 10.30.4.128 is not reachable. Skipping connection attempt.
[2024-12-23T01:39:51.106Z] Device at 10.30.4.128 is not reachable. Skipping connection attempt.
[2024-12-23T01:40:01.109Z] Device at 10.30.4.128 is not reachable. Skipping connection attempt.
[2024-12-23T01:40:11.100Z] Device at 10.30.4.128 is not reachable. Skipping connection attempt.
[2024-12-23T01:40:21.109Z] Device at 10.30.4.128 is not reachable. Skipping connection attempt.
[2024-12-23T01:40:31.094Z] Device at 10.30.4.128 is not reachable. Skipping connection attempt.
[2024-12-23T01:40:41.099Z] Device at 10.30.4.128 is not reachable. Skipping connection attempt.
[2024-12-23T01:40:51.106Z] Device at 10.30.4.128 is not reachable. Skipping connection attempt.
[2024-12-23T01:41:01.102Z] Device at 10.30.4.128 is not reachable. Skipping connection attempt.
[2024-12-23T01:41:11.104Z] Device at 10.30.4.128 is not reachable. Skipping connection attempt.
[2024-12-23T01:41:21.099Z] Device at 10.30.4.128 is not reachable. Skipping connection attempt.
[2024-12-23T01:41:31.107Z] Device at 10.30.4.128 is not reachable. Skipping connection attempt.
[2024-12-23T01:41:41.096Z] Device at 10.30.4.128 is not reachable. Skipping connection attempt.
[2024-12-23T01:41:51.098Z] Device at 10.30.4.128 is not reachable. Skipping connection attempt.
[2024-12-23T01:42:01.103Z] Device at 10.30.4.128 is not reachable. Skipping connection attempt.
[2024-12-23T01:42:11.106Z] Device at 10.30.4.128 is not reachable. Skipping connection attempt.
[2024-12-23T01:42:21.107Z] Device at 10.30.4.128 is not reachable. Skipping connection attempt.
[2024-12-23T01:42:31.108Z] Device at 10.30.4.128 is not reachable. Skipping connection attempt.
[2024-12-23T01:42:41.099Z] Device at 10.30.4.128 is not reachable. Skipping connection attempt.
[2024-12-23T01:42:51.104Z] Device at 10.30.4.128 is not reachable. Skipping connection attempt.
[2024-12-23T01:43:01.099Z] Device at 10.30.4.128 is not reachable. Skipping connection attempt.
[2024-12-23T01:43:11.097Z] Device at 10.30.4.128 is not reachable. Skipping connection attempt.
[2024-12-23T01:43:21.098Z] Device at 10.30.4.128 is not reachable. Skipping connection attempt.
[2024-12-23T01:43:31.106Z] Device at 10.30.4.128 is not reachable. Skipping connection attempt.
[2024-12-23T01:43:41.099Z] Device at 10.30.4.128 is not reachable. Skipping connection attempt.
[2024-12-23T01:43:51.096Z] Device at 10.30.4.128 is not reachable. Skipping connection attempt.
[2024-12-23T01:44:01.095Z] Device at 10.30.4.128 is not reachable. Skipping connection attempt.
[2024-12-23T01:44:11.106Z] Device at 10.30.4.128 is not reachable. Skipping connection attempt.
[2024-12-23T01:44:21.100Z] Device at 10.30.4.128 is not reachable. Skipping connection attempt.
[2024-12-23T01:44:31.092Z] Device at 10.30.4.128 is not reachable. Skipping connection attempt.
[2024-12-23T01:44:41.097Z] Device at 10.30.4.128 is not reachable. Skipping connection attempt.
[2024-12-23T01:44:51.096Z] Device at 10.30.4.128 is not reachable. Skipping connection attempt.
[2024-12-23T01:45:01.105Z] Device at 10.30.4.128 is not reachable. Skipping connection attempt.
[2024-12-23T01:45:11.095Z] Device at 10.30.4.128 is not reachable. Skipping connection attempt.
[2024-12-23T01:45:21.099Z] Device at 10.30.4.128 is not reachable. Skipping connection attempt.
[2024-12-23T01:45:31.104Z] Device at 10.30.4.128 is not reachable. Skipping connection attempt.
[2024-12-23T01:45:41.095Z] Device at 10.30.4.128 is not reachable. Skipping connection attempt.
[2024-12-23T01:45:51.606Z] Device at 10.30.4.128 is not reachable. Skipping connection attempt.
[2024-12-23T01:46:01.595Z] Device at 10.30.4.128 is not reachable. Skipping connection attempt.
[2024-12-23T01:46:11.605Z] Device at 10.30.4.128 is not reachable. Skipping connection attempt.
[2024-12-23T01:46:21.604Z] Device at 10.30.4.128 is not reachable. Skipping connection attempt.
[2024-12-23T01:46:31.605Z] Device at 10.30.4.128 is not reachable. Skipping connection attempt.
[2024-12-23T01:46:41.597Z] Device at 10.30.4.128 is not reachable. Skipping connection attempt.
[2024-12-23T01:46:51.603Z] Device at 10.30.4.128 is not reachable. Skipping connection attempt.
[2024-12-23T01:47:01.598Z] Device at 10.30.4.128 is not reachable. Skipping connection attempt.
[2024-12-23T01:47:11.601Z] Device at 10.30.4.128 is not reachable. Skipping connection attempt.
[2024-12-23T01:47:21.595Z] Device at 10.30.4.128 is not reachable. Skipping connection attempt.
[2024-12-23T01:47:31.603Z] Device at 10.30.4.128 is not reachable. Skipping connection attempt.
[2024-12-23T01:47:41.607Z] Device at 10.30.4.128 is not reachable. Skipping connection attempt.
[2024-12-23T01:47:51.604Z] Device at 10.30.4.128 is not reachable. Skipping connection attempt.
[2024-12-23T01:48:01.607Z] Device at 10.30.4.128 is not reachable. Skipping connection attempt.
[2024-12-23T01:48:11.599Z] Device at 10.30.4.128 is not reachable. Skipping connection attempt.
[2024-12-23T01:48:21.601Z] Device at 10.30.4.128 is not reachable. Skipping connection attempt.
[2024-12-23T01:48:31.602Z] Device at 10.30.4.128 is not reachable. Skipping connection attempt.
[2024-12-23T01:48:41.599Z] Device at 10.30.4.128 is not reachable. Skipping connection attempt.
[2024-12-23T01:48:51.612Z] Device at 10.30.4.128 is not reachable. Skipping connection attempt.
[2024-12-23T01:49:01.600Z] Device at 10.30.4.128 is not reachable. Skipping connection attempt.
[2024-12-23T01:49:11.601Z] Device at 10.30.4.128 is not reachable. Skipping connection attempt.
[2024-12-23T01:49:21.610Z] Device at 10.30.4.128 is not reachable. Skipping connection attempt.
[2024-12-23T01:49:31.612Z] Device at 10.30.4.128 is not reachable. Skipping connection attempt.
[2024-12-23T01:49:41.601Z] Device at 10.30.4.128 is not reachable. Skipping connection attempt.
[2024-12-23T01:49:51.607Z] Device at 10.30.4.128 is not reachable. Skipping connection attempt.
[2024-12-23T01:50:01.598Z] Device at 10.30.4.128 is not reachable. Skipping connection attempt.
[2024-12-23T01:50:11.606Z] Device at 10.30.4.128 is not reachable. Skipping connection attempt.
[2024-12-23T01:50:21.606Z] Device at 10.30.4.128 is not reachable. Skipping connection attempt.
[2024-12-23T01:50:31.609Z] Device at 10.30.4.128 is not reachable. Skipping connection attempt.
[2024-12-23T01:50:41.601Z] Device at 10.30.4.128 is not reachable. Skipping connection attempt.
[2024-12-23T01:50:51.597Z] Device at 10.30.4.128 is not reachable. Skipping connection attempt.
[2024-12-23T01:51:01.601Z] Device at 10.30.4.128 is not reachable. Skipping connection attempt.
[2024-12-23T01:51:11.610Z] Device at 10.30.4.128 is not reachable. Skipping connection attempt.
[2024-12-23T01:51:21.600Z] Device at 10.30.4.128 is not reachable. Skipping connection attempt.
[2024-12-23T01:51:31.608Z] Device at 10.30.4.128 is not reachable. Skipping connection attempt.
[2024-12-23T01:51:41.603Z] Device at 10.30.4.128 is not reachable. Skipping connection attempt.
[2024-12-23T01:51:51.603Z] Device at 10.30.4.128 is not reachable. Skipping connection attempt.
[2024-12-23T01:52:01.603Z] Device at 10.30.4.128 is not reachable. Skipping connection attempt.
[2024-12-23T01:52:11.603Z] Device at 10.30.4.128 is not reachable. Skipping connection attempt.
[2024-12-23T01:52:21.602Z] Device at 10.30.4.128 is not reachable. Skipping connection attempt.
[2024-12-23T01:52:31.609Z] Device at 10.30.4.128 is not reachable. Skipping connection attempt.
[2024-12-23T01:52:41.602Z] Device at 10.30.4.128 is not reachable. Skipping connection attempt.
[2024-12-23T01:52:51.601Z] Device at 10.30.4.128 is not reachable. Skipping connection attempt.
[2024-12-23T01:53:01.597Z] Device at 10.30.4.128 is not reachable. Skipping connection attempt.
[2024-12-23T01:53:11.612Z] Device at 10.30.4.128 is not reachable. Skipping connection attempt.
[2024-12-23T01:53:21.607Z] Device at 10.30.4.128 is not reachable. Skipping connection attempt.
[2024-12-23T01:53:31.597Z] Device at 10.30.4.128 is not reachable. Skipping connection attempt.
[2024-12-23T01:53:41.605Z] Device at 10.30.4.128 is not reachable. Skipping connection attempt.
[2024-12-23T01:53:51.599Z] Device at 10.30.4.128 is not reachable. Skipping connection attempt.
[2024-12-23T01:54:01.597Z] Device at 10.30.4.128 is not reachable. Skipping connection attempt.
[2024-12-23T01:54:11.605Z] Device at 10.30.4.128 is not reachable. Skipping connection attempt.
[2024-12-23T01:54:21.598Z] Device at 10.30.4.128 is not reachable. Skipping connection attempt.
[2024-12-23T01:54:31.593Z] Device at 10.30.4.128 is not reachable. Skipping connection attempt.
[2024-12-23T01:54:41.595Z] Device at 10.30.4.128 is not reachable. Skipping connection attempt.
[2024-12-23T01:54:51.605Z] Device at 10.30.4.128 is not reachable. Skipping connection attempt.
[2024-12-23T01:55:01.605Z] Device at 10.30.4.128 is not reachable. Skipping connection attempt.
[2024-12-23T01:55:11.604Z] Device at 10.30.4.128 is not reachable. Skipping connection attempt.
[2024-12-23T01:55:21.606Z] Device at 10.30.4.128 is not reachable. Skipping connection attempt.
[2024-12-23T01:55:31.593Z] Device at 10.30.4.128 is not reachable. Skipping connection attempt.
[2024-12-23T01:55:42.104Z] Device at 10.30.4.128 is not reachable. Skipping connection attempt.
[2024-12-23T01:55:51.599Z] Device at 10.30.4.128 is not reachable. Skipping connection attempt.
[2024-12-23T01:56:02.103Z] Device at 10.30.4.128 is not reachable. Skipping connection attempt.
[2024-12-23T01:56:12.096Z] Device at 10.30.4.128 is not reachable. Skipping connection attempt.
[2024-12-23T01:56:22.099Z] Device at 10.30.4.128 is not reachable. Skipping connection attempt.
[2024-12-23T01:56:32.105Z] Device at 10.30.4.128 is not reachable. Skipping connection attempt.
[2024-12-23T01:56:42.099Z] Device at 10.30.4.128 is not reachable. Skipping connection attempt.
[2024-12-23T01:56:52.105Z] Device at 10.30.4.128 is not reachable. Skipping connection attempt.
[2024-12-23T01:57:02.107Z] Device at 10.30.4.128 is not reachable. Skipping connection attempt.
[2024-12-23T01:57:12.106Z] Device at 10.30.4.128 is not reachable. Skipping connection attempt.
[2024-12-23T01:57:22.097Z] Device at 10.30.4.128 is not reachable. Skipping connection attempt.
[2024-12-23T01:57:32.112Z] Device at 10.30.4.128 is not reachable. Skipping connection attempt.
[2024-12-23T01:57:42.105Z] Device at 10.30.4.128 is not reachable. Skipping connection attempt.
[2024-12-23T01:57:52.105Z] Device at 10.30.4.128 is not reachable. Skipping connection attempt.
[2024-12-23T01:58:02.107Z] Device at 10.30.4.128 is not reachable. Skipping connection attempt.
[2024-12-23T01:58:12.106Z] Device at 10.30.4.128 is not reachable. Skipping connection attempt.
[2024-12-23T01:58:22.094Z] Device at 10.30.4.128 is not reachable. Skipping connection attempt.
[2024-12-23T01:58:32.098Z] Device at 10.30.4.128 is not reachable. Skipping connection attempt.
[2024-12-23T01:58:42.112Z] Device at 10.30.4.128 is not reachable. Skipping connection attempt.
[2024-12-23T01:58:52.106Z] Device at 10.30.4.128 is not reachable. Skipping connection attempt.
[2024-12-23T01:59:02.094Z] Device at 10.30.4.128 is not reachable. Skipping connection attempt.
[2024-12-23T01:59:12.097Z] Device at 10.30.4.128 is not reachable. Skipping connection attempt.
[2024-12-23T01:59:22.094Z] Device at 10.30.4.128 is not reachable. Skipping connection attempt.
[2024-12-23T01:59:32.105Z] Device at 10.30.4.128 is not reachable. Skipping connection attempt.
[2024-12-23T01:59:42.093Z] Device at 10.30.4.128 is not reachable. Skipping connection attempt.
[2024-12-23T01:59:52.098Z] Device at 10.30.4.128 is not reachable. Skipping connection attempt.
[2024-12-23T02:00:02.099Z] Device at 10.30.4.128 is not reachable. Skipping connection attempt.
[2024-12-23T02:00:12.094Z] Device at 10.30.4.128 is not reachable. Skipping connection attempt.
[2024-12-23T02:00:22.092Z] Device at 10.30.4.128 is not reachable. Skipping connection attempt.
[2024-12-23T02:00:32.092Z] Device at 10.30.4.128 is not reachable. Skipping connection attempt.
[2024-12-23T02:00:42.093Z] Device at 10.30.4.128 is not reachable. Skipping connection attempt.
[2024-12-23T02:00:52.097Z] Device at 10.30.4.128 is not reachable. Skipping connection attempt.
[2024-12-23T02:01:02.099Z] Device at 10.30.4.128 is not reachable. Skipping connection attempt.
[2024-12-23T02:01:12.092Z] Device at 10.30.4.128 is not reachable. Skipping connection attempt.
[2024-12-23T02:01:22.096Z] Device at 10.30.4.128 is not reachable. Skipping connection attempt.
[2024-12-23T02:01:32.092Z] Device at 10.30.4.128 is not reachable. Skipping connection attempt.
[2024-12-23T02:01:42.095Z] Device at 10.30.4.128 is not reachable. Skipping connection attempt.
[2024-12-23T02:01:52.095Z] Device at 10.30.4.128 is not reachable. Skipping connection attempt.
[2024-12-23T02:02:02.093Z] Device at 10.30.4.128 is not reachable. Skipping connection attempt.
[2024-12-23T02:02:12.100Z] Device at 10.30.4.128 is not reachable. Skipping connection attempt.
[2024-12-23T02:02:22.093Z] Device at 10.30.4.128 is not reachable. Skipping connection attempt.
[2024-12-23T02:02:32.095Z] Device at 10.30.4.128 is not reachable. Skipping connection attempt.
[2024-12-23T02:02:42.098Z] Device at 10.30.4.128 is not reachable. Skipping connection attempt.
[2024-12-23T02:02:52.089Z] Device at 10.30.4.128 is not reachable. Skipping connection attempt.
[2024-12-23T02:03:02.096Z] Device at 10.30.4.128 is not reachable. Skipping connection attempt.
[2024-12-23T02:03:12.102Z] Device at 10.30.4.128 is not reachable. Skipping connection attempt.
[2024-12-23T02:03:22.094Z] Device at 10.30.4.128 is not reachable. Skipping connection attempt.
[2024-12-23T02:03:32.093Z] Device at 10.30.4.128 is not reachable. Skipping connection attempt.
[2024-12-23T02:03:42.103Z] Device at 10.30.4.128 is not reachable. Skipping connection attempt.
[2024-12-23T02:03:52.095Z] Device at 10.30.4.128 is not reachable. Skipping connection attempt.
[2024-12-23T02:04:02.089Z] Device at 10.30.4.128 is not reachable. Skipping connection attempt.
[2024-12-23T02:04:12.093Z] Device at 10.30.4.128 is not reachable. Skipping connection attempt.
[2024-12-23T02:04:22.090Z] Device at 10.30.4.128 is not reachable. Skipping connection attempt.
[2024-12-23T02:04:32.097Z] Device at 10.30.4.128 is not reachable. Skipping connection attempt.
[2024-12-23T02:04:42.086Z] Device at 10.30.4.128 is not reachable. Skipping connection attempt.
[2024-12-23T02:04:52.091Z] Device at 10.30.4.128 is not reachable. Skipping connection attempt.
[2024-12-23T02:05:02.088Z] Device at 10.30.4.128 is not reachable. Skipping connection attempt.
[2024-12-23T02:05:12.097Z] Device at 10.30.4.128 is not reachable. Skipping connection attempt.
[2024-12-23T02:05:22.097Z] Device at 10.30.4.128 is not reachable. Skipping connection attempt.
[2024-12-23T02:05:32.099Z] Device at 10.30.4.128 is not reachable. Skipping connection attempt.
[2024-12-23T02:05:42.086Z] Device at 10.30.4.128 is not reachable. Skipping connection attempt.
[2024-12-23T02:05:52.097Z] Device at 10.30.4.128 is not reachable. Skipping connection attempt.
[2024-12-23T02:06:02.090Z] Device at 10.30.4.128 is not reachable. Skipping connection attempt.
[2024-12-23T02:06:12.088Z] Device at 10.30.4.128 is not reachable. Skipping connection attempt.
[2024-12-23T02:06:22.097Z] Device at 10.30.4.128 is not reachable. Skipping connection attempt.
[2024-12-23T02:06:32.599Z] Device at 10.30.4.128 is not reachable. Skipping connection attempt.
[2024-12-23T02:06:42.589Z] Device at 10.30.4.128 is not reachable. Skipping connection attempt.
[2024-12-23T02:06:52.602Z] Device at 10.30.4.128 is not reachable. Skipping connection attempt.
[2024-12-23T02:07:02.097Z] Device at 10.30.4.128 is not reachable. Skipping connection attempt.
[2024-12-23T02:07:12.586Z] Device at 10.30.4.128 is not reachable. Skipping connection attempt.
[2024-12-23T02:07:22.589Z] Device at 10.30.4.128 is not reachable. Skipping connection attempt.
[2024-12-23T02:07:32.592Z] Device at 10.30.4.128 is not reachable. Skipping connection attempt.
[2024-12-23T02:07:42.589Z] Device at 10.30.4.128 is not reachable. Skipping connection attempt.
[2024-12-23T02:07:52.598Z] Device at 10.30.4.128 is not reachable. Skipping connection attempt.
[2024-12-23T02:08:02.596Z] Device at 10.30.4.128 is not reachable. Skipping connection attempt.
[2024-12-23T02:08:12.588Z] Device at 10.30.4.128 is not reachable. Skipping connection attempt.
[2024-12-23T02:08:22.588Z] Device at 10.30.4.128 is not reachable. Skipping connection attempt.
[2024-12-23T02:08:32.587Z] Device at 10.30.4.128 is not reachable. Skipping connection attempt.
[2024-12-23T02:08:42.587Z] Device at 10.30.4.128 is not reachable. Skipping connection attempt.
[2024-12-23T02:08:52.591Z] Device at 10.30.4.128 is not reachable. Skipping connection attempt.
[2024-12-23T02:09:02.588Z] Device at 10.30.4.128 is not reachable. Skipping connection attempt.
[2024-12-23T02:09:12.586Z] Device at 10.30.4.128 is not reachable. Skipping connection attempt.
[2024-12-23T02:09:22.592Z] Device at 10.30.4.128 is not reachable. Skipping connection attempt.
[2024-12-23T02:09:32.589Z] Device at 10.30.4.128 is not reachable. Skipping connection attempt.
[2024-12-23T02:09:42.595Z] Device at 10.30.4.128 is not reachable. Skipping connection attempt.
[2024-12-23T02:09:52.593Z] Device at 10.30.4.128 is not reachable. Skipping connection attempt.
[2024-12-23T02:10:02.593Z] Device at 10.30.4.128 is not reachable. Skipping connection attempt.
[2024-12-23T02:10:12.593Z] Device at 10.30.4.128 is not reachable. Skipping connection attempt.
[2024-12-23T02:10:22.588Z] Device at 10.30.4.128 is not reachable. Skipping connection attempt.
[2024-12-23T02:10:32.587Z] Device at 10.30.4.128 is not reachable. Skipping connection attempt.
[2024-12-23T02:10:42.595Z] Device at 10.30.4.128 is not reachable. Skipping connection attempt.
[2024-12-23T02:10:52.587Z] Device at 10.30.4.128 is not reachable. Skipping connection attempt.
[2024-12-23T02:11:02.595Z] Device at 10.30.4.128 is not reachable. Skipping connection attempt.
[2024-12-23T02:11:12.592Z] Device at 10.30.4.128 is not reachable. Skipping connection attempt.
[2024-12-23T02:11:22.590Z] Device at 10.30.4.128 is not reachable. Skipping connection attempt.
[2024-12-23T02:11:32.595Z] Device at 10.30.4.128 is not reachable. Skipping connection attempt.
[2024-12-23T02:11:42.589Z] Device at 10.30.4.128 is not reachable. Skipping connection attempt.
[2024-12-23T02:11:52.598Z] Device at 10.30.4.128 is not reachable. Skipping connection attempt.
[2024-12-23T02:12:02.596Z] Device at 10.30.4.128 is not reachable. Skipping connection attempt.
[2024-12-23T02:12:12.592Z] Device at 10.30.4.128 is not reachable. Skipping connection attempt.
[2024-12-23T02:12:22.598Z] Device at 10.30.4.128 is not reachable. Skipping connection attempt.
[2024-12-23T02:12:32.598Z] Device at 10.30.4.128 is not reachable. Skipping connection attempt.
[2024-12-23T02:12:42.616Z] Device at 10.30.4.128 is not reachable. Skipping connection attempt.
[2024-12-23T02:12:52.588Z] Device at 10.30.4.128 is not reachable. Skipping connection attempt.
[2024-12-23T02:13:02.603Z] Device at 10.30.4.128 is not reachable. Skipping connection attempt.
[2024-12-23T02:13:12.581Z] Device at 10.30.4.128 is not reachable. Skipping connection attempt.
[2024-12-23T02:13:22.592Z] Device at 10.30.4.128 is not reachable. Skipping connection attempt.
[2024-12-23T02:13:32.597Z] Device at 10.30.4.128 is not reachable. Skipping connection attempt.
[2024-12-23T02:13:42.590Z] Device at 10.30.4.128 is not reachable. Skipping connection attempt.
[2024-12-23T02:13:52.595Z] Device at 10.30.4.128 is not reachable. Skipping connection attempt.
[2024-12-23T02:14:02.590Z] Device at 10.30.4.128 is not reachable. Skipping connection attempt.
[2024-12-23T02:14:12.590Z] Device at 10.30.4.128 is not reachable. Skipping connection attempt.
[2024-12-23T02:14:22.594Z] Device at 10.30.4.128 is not reachable. Skipping connection attempt.
[2024-12-23T02:14:32.589Z] Device at 10.30.4.128 is not reachable. Skipping connection attempt.
[2024-12-23T02:14:42.592Z] Device at 10.30.4.128 is not reachable. Skipping connection attempt.
[2024-12-23T02:14:52.592Z] Device at 10.30.4.128 is not reachable. Skipping connection attempt.
[2024-12-23T02:15:02.585Z] Device at 10.30.4.128 is not reachable. Skipping connection attempt.
[2024-12-23T02:15:12.594Z] Device at 10.30.4.128 is not reachable. Skipping connection attempt.
[2024-12-23T02:15:22.584Z] Device at 10.30.4.128 is not reachable. Skipping connection attempt.
[2024-12-23T02:15:32.595Z] Device at 10.30.4.128 is not reachable. Skipping connection attempt.
[2024-12-23T02:15:42.591Z] Device at 10.30.4.128 is not reachable. Skipping connection attempt.
[2024-12-23T02:15:52.593Z] Device at 10.30.4.128 is not reachable. Skipping connection attempt.
[2024-12-23T02:16:02.594Z] Device at 10.30.4.128 is not reachable. Skipping connection attempt.
[2024-12-23T02:16:12.598Z] Device at 10.30.4.128 is not reachable. Skipping connection attempt.
[2024-12-23T02:16:22.595Z] Device at 10.30.4.128 is not reachable. Skipping connection attempt.
[2024-12-23T02:16:32.597Z] Device at 10.30.4.128 is not reachable. Skipping connection attempt.
[2024-12-23T02:16:42.585Z] Device at 10.30.4.128 is not reachable. Skipping connection attempt.
[2024-12-23T02:16:52.593Z] Device at 10.30.4.128 is not reachable. Skipping connection attempt.
[2024-12-23T02:17:02.595Z] Device at 10.30.4.128 is not reachable. Skipping connection attempt.
[2024-12-23T02:17:13.088Z] Device at 10.30.4.128 is not reachable. Skipping connection attempt.
[2024-12-23T02:17:23.094Z] Device at 10.30.4.128 is not reachable. Skipping connection attempt.
[2024-12-23T02:17:32.594Z] Device at 10.30.4.128 is not reachable. Skipping connection attempt.
[2024-12-23T02:17:43.099Z] Device at 10.30.4.128 is not reachable. Skipping connection attempt.
[2024-12-23T02:17:53.092Z] Device at 10.30.4.128 is not reachable. Skipping connection attempt.
[2024-12-23T02:18:03.091Z] Device at 10.30.4.128 is not reachable. Skipping connection attempt.
[2024-12-23T02:18:13.096Z] Device at 10.30.4.128 is not reachable. Skipping connection attempt.
[2024-12-23T02:18:23.093Z] Device at 10.30.4.128 is not reachable. Skipping connection attempt.
[2024-12-23T02:18:33.100Z] Device at 10.30.4.128 is not reachable. Skipping connection attempt.
[2024-12-23T02:18:43.102Z] Device at 10.30.4.128 is not reachable. Skipping connection attempt.
[2024-12-23T02:18:53.099Z] Device at 10.30.4.128 is not reachable. Skipping connection attempt.
[2024-12-23T02:19:03.095Z] Device at 10.30.4.128 is not reachable. Skipping connection attempt.
[2024-12-23T02:19:13.111Z] Device at 10.30.4.128 is not reachable. Skipping connection attempt.
[2024-12-23T02:19:23.100Z] Device at 10.30.4.128 is not reachable. Skipping connection attempt.
[2024-12-23T02:19:33.091Z] Device at 10.30.4.128 is not reachable. Skipping connection attempt.
[2024-12-23T02:19:43.097Z] Device at 10.30.4.128 is not reachable. Skipping connection attempt.
[2024-12-23T02:19:53.092Z] Device at 10.30.4.128 is not reachable. Skipping connection attempt.
[2024-12-23T02:20:03.101Z] Device at 10.30.4.128 is not reachable. Skipping connection attempt.
[2024-12-23T02:20:13.099Z] Device at 10.30.4.128 is not reachable. Skipping connection attempt.
[2024-12-23T02:20:23.099Z] Device at 10.30.4.128 is not reachable. Skipping connection attempt.
[2024-12-23T02:20:33.085Z] Device at 10.30.4.128 is not reachable. Skipping connection attempt.
[2024-12-23T02:20:43.103Z] Device at 10.30.4.128 is not reachable. Skipping connection attempt.
[2024-12-23T02:20:53.097Z] Device at 10.30.4.128 is not reachable. Skipping connection attempt.
[2024-12-23T02:21:03.094Z] Device at 10.30.4.128 is not reachable. Skipping connection attempt.
[2024-12-23T02:21:13.095Z] Device at 10.30.4.128 is not reachable. Skipping connection attempt.
[2024-12-23T02:21:23.094Z] Device at 10.30.4.128 is not reachable. Skipping connection attempt.
[2024-12-23T02:21:33.106Z] Device at 10.30.4.128 is not reachable. Skipping connection attempt.
[2024-12-23T02:21:43.087Z] Device at 10.30.4.128 is not reachable. Skipping connection attempt.
[2024-12-23T02:21:53.091Z] Device at 10.30.4.128 is not reachable. Skipping connection attempt.
[2024-12-23T02:22:03.097Z] Device at 10.30.4.128 is not reachable. Skipping connection attempt.
[2024-12-23T02:22:13.090Z] Device at 10.30.4.128 is not reachable. Skipping connection attempt.
[2024-12-23T02:22:23.113Z] Device at 10.30.4.128 is not reachable. Skipping connection attempt.
[2024-12-23T02:22:33.091Z] Device at 10.30.4.128 is not reachable. Skipping connection attempt.
[2024-12-23T02:22:43.091Z] Device at 10.30.4.128 is not reachable. Skipping connection attempt.
[2024-12-23T02:22:53.086Z] Device at 10.30.4.128 is not reachable. Skipping connection attempt.
[2024-12-23T02:23:03.088Z] Device at 10.30.4.128 is not reachable. Skipping connection attempt.
[2024-12-23T02:23:13.087Z] Device at 10.30.4.128 is not reachable. Skipping connection attempt.
[2024-12-23T02:23:23.090Z] Device at 10.30.4.128 is not reachable. Skipping connection attempt.
[2024-12-23T02:23:33.101Z] Device at 10.30.4.128 is not reachable. Skipping connection attempt.
[2024-12-23T02:23:43.094Z] Device at 10.30.4.128 is not reachable. Skipping connection attempt.
[2024-12-23T02:23:53.098Z] Device at 10.30.4.128 is not reachable. Skipping connection attempt.
[2024-12-23T02:24:03.086Z] Device at 10.30.4.128 is not reachable. Skipping connection attempt.
[2024-12-23T02:24:13.092Z] Device at 10.30.4.128 is not reachable. Skipping connection attempt.
[2024-12-23T02:24:23.089Z] Device at 10.30.4.128 is not reachable. Skipping connection attempt.
[2024-12-23T02:24:33.086Z] Device at 10.30.4.128 is not reachable. Skipping connection attempt.
[2024-12-23T02:24:43.093Z] Device at 10.30.4.128 is not reachable. Skipping connection attempt.
[2024-12-23T02:24:53.095Z] Device at 10.30.4.128 is not reachable. Skipping connection attempt.
[2024-12-23T02:25:03.095Z] Device at 10.30.4.128 is not reachable. Skipping connection attempt.
[2024-12-23T02:25:13.089Z] Device at 10.30.4.128 is not reachable. Skipping connection attempt.
[2024-12-23T02:25:23.100Z] Device at 10.30.4.128 is not reachable. Skipping connection attempt.
[2024-12-23T02:25:33.088Z] Device at 10.30.4.128 is not reachable. Skipping connection attempt.
[2024-12-23T02:25:43.092Z] Device at 10.30.4.128 is not reachable. Skipping connection attempt.
[2024-12-23T02:25:53.102Z] Device at 10.30.4.128 is not reachable. Skipping connection attempt.
[2024-12-23T02:26:03.099Z] Device at 10.30.4.128 is not reachable. Skipping connection attempt.
[2024-12-23T02:26:13.096Z] Device at 10.30.4.128 is not reachable. Skipping connection attempt.
[2024-12-23T02:26:23.090Z] Device at 10.30.4.128 is not reachable. Skipping connection attempt.
[2024-12-23T02:26:33.092Z] Device at 10.30.4.128 is not reachable. Skipping connection attempt.
[2024-12-23T02:26:43.090Z] Device at 10.30.4.128 is not reachable. Skipping connection attempt.
[2024-12-23T02:26:53.098Z] Device at 10.30.4.128 is not reachable. Skipping connection attempt.
[2024-12-23T02:27:03.098Z] Device at 10.30.4.128 is not reachable. Skipping connection attempt.
[2024-12-23T02:27:13.099Z] Device at 10.30.4.128 is not reachable. Skipping connection attempt.
[2024-12-23T02:27:23.091Z] Device at 10.30.4.128 is not reachable. Skipping connection attempt.
[2024-12-23T02:27:33.601Z] Device at 10.30.4.128 is not reachable. Skipping connection attempt.
[2024-12-23T02:27:43.596Z] Device at 10.30.4.128 is not reachable. Skipping connection attempt.
[2024-12-23T02:27:53.599Z] Device at 10.30.4.128 is not reachable. Skipping connection attempt.
[2024-12-23T02:28:03.596Z] Device at 10.30.4.128 is not reachable. Skipping connection attempt.
[2024-12-23T02:28:13.604Z] Device at 10.30.4.128 is not reachable. Skipping connection attempt.
[2024-12-23T02:28:23.589Z] Device at 10.30.4.128 is not reachable. Skipping connection attempt.
[2024-12-23T02:28:33.588Z] Device at 10.30.4.128 is not reachable. Skipping connection attempt.
[2024-12-23T02:28:43.588Z] Device at 10.30.4.128 is not reachable. Skipping connection attempt.
[2024-12-23T02:28:53.598Z] Device at 10.30.4.128 is not reachable. Skipping connection attempt.
[2024-12-23T02:29:03.598Z] Device at 10.30.4.128 is not reachable. Skipping connection attempt.
[2024-12-23T02:29:13.590Z] Device at 10.30.4.128 is not reachable. Skipping connection attempt.
[2024-12-23T02:29:23.595Z] Device at 10.30.4.128 is not reachable. Skipping connection attempt.
[2024-12-23T02:29:33.597Z] Device at 10.30.4.128 is not reachable. Skipping connection attempt.
[2024-12-23T02:29:43.587Z] Device at 10.30.4.128 is not reachable. Skipping connection attempt.
[2024-12-23T02:29:53.598Z] Device at 10.30.4.128 is not reachable. Skipping connection attempt.
[2024-12-23T02:30:03.602Z] Device at 10.30.4.128 is not reachable. Skipping connection attempt.
[2024-12-23T02:30:13.589Z] Device at 10.30.4.128 is not reachable. Skipping connection attempt.
[2024-12-23T02:30:23.602Z] Device at 10.30.4.128 is not reachable. Skipping connection attempt.
[2024-12-23T02:30:33.591Z] Device at 10.30.4.128 is not reachable. Skipping connection attempt.
[2024-12-23T02:30:43.595Z] Device at 10.30.4.128 is not reachable. Skipping connection attempt.
[2024-12-23T02:30:53.599Z] Device at 10.30.4.128 is not reachable. Skipping connection attempt.
[2024-12-23T02:31:03.596Z] Device at 10.30.4.128 is not reachable. Skipping connection attempt.
[2024-12-23T02:31:13.596Z] Device at 10.30.4.128 is not reachable. Skipping connection attempt.
[2024-12-23T02:31:23.602Z] Device at 10.30.4.128 is not reachable. Skipping connection attempt.
[2024-12-23T02:31:33.597Z] Device at 10.30.4.128 is not reachable. Skipping connection attempt.
[2024-12-23T02:31:43.596Z] Device at 10.30.4.128 is not reachable. Skipping connection attempt.
[2024-12-23T02:31:53.586Z] Device at 10.30.4.128 is not reachable. Skipping connection attempt.
[2024-12-23T02:32:03.599Z] Device at 10.30.4.128 is not reachable. Skipping connection attempt.
[2024-12-23T02:32:13.591Z] Device at 10.30.4.128 is not reachable. Skipping connection attempt.
[2024-12-23T02:32:23.598Z] Device at 10.30.4.128 is not reachable. Skipping connection attempt.
[2024-12-23T02:32:33.597Z] Device at 10.30.4.128 is not reachable. Skipping connection attempt.
[2024-12-23T02:32:43.600Z] Device at 10.30.4.128 is not reachable. Skipping connection attempt.
[2024-12-23T02:32:53.590Z] Device at 10.30.4.128 is not reachable. Skipping connection attempt.
[2024-12-23T02:33:03.586Z] Device at 10.30.4.128 is not reachable. Skipping connection attempt.
[2024-12-23T02:33:13.593Z] Device at 10.30.4.128 is not reachable. Skipping connection attempt.
[2024-12-23T02:33:23.587Z] Device at 10.30.4.128 is not reachable. Skipping connection attempt.
[2024-12-23T02:33:33.588Z] Device at 10.30.4.128 is not reachable. Skipping connection attempt.
[2024-12-23T02:33:43.599Z] Device at 10.30.4.128 is not reachable. Skipping connection attempt.
[2024-12-23T02:33:53.600Z] Device at 10.30.4.128 is not reachable. Skipping connection attempt.
[2024-12-23T02:34:03.585Z] Device at 10.30.4.128 is not reachable. Skipping connection attempt.
[2024-12-23T02:34:13.597Z] Device at 10.30.4.128 is not reachable. Skipping connection attempt.
[2024-12-23T02:34:23.600Z] Device at 10.30.4.128 is not reachable. Skipping connection attempt.
[2024-12-23T02:34:33.598Z] Device at 10.30.4.128 is not reachable. Skipping connection attempt.
[2024-12-23T02:34:43.589Z] Device at 10.30.4.128 is not reachable. Skipping connection attempt.
[2024-12-23T02:34:53.588Z] Device at 10.30.4.128 is not reachable. Skipping connection attempt.
[2024-12-23T02:35:03.597Z] Device at 10.30.4.128 is not reachable. Skipping connection attempt.
[2024-12-23T02:35:13.598Z] Device at 10.30.4.128 is not reachable. Skipping connection attempt.
[2024-12-23T02:35:23.585Z] Device at 10.30.4.128 is not reachable. Skipping connection attempt.
[2024-12-23T02:35:33.591Z] Device at 10.30.4.128 is not reachable. Skipping connection attempt.
[2024-12-23T02:35:43.590Z] Device at 10.30.4.128 is not reachable. Skipping connection attempt.
[2024-12-23T02:35:53.601Z] Device at 10.30.4.128 is not reachable. Skipping connection attempt.
[2024-12-23T02:36:03.599Z] Device at 10.30.4.128 is not reachable. Skipping connection attempt.
[2024-12-23T02:36:13.585Z] Device at 10.30.4.128 is not reachable. Skipping connection attempt.
[2024-12-23T02:36:23.585Z] Device at 10.30.4.128 is not reachable. Skipping connection attempt.
[2024-12-23T02:36:33.591Z] Device at 10.30.4.128 is not reachable. Skipping connection attempt.
[2024-12-23T02:36:43.596Z] Device at 10.30.4.128 is not reachable. Skipping connection attempt.
[2024-12-23T02:36:53.593Z] Device at 10.30.4.128 is not reachable. Skipping connection attempt.
[2024-12-23T02:37:03.587Z] Device at 10.30.4.128 is not reachable. Skipping connection attempt.
[2024-12-23T02:37:13.584Z] Device at 10.30.4.128 is not reachable. Skipping connection attempt.
[2024-12-23T02:37:23.589Z] Device at 10.30.4.128 is not reachable. Skipping connection attempt.
[2024-12-23T02:37:33.590Z] Device at 10.30.4.128 is not reachable. Skipping connection attempt.
[2024-12-23T02:37:43.595Z] Device at 10.30.4.128 is not reachable. Skipping connection attempt.
[2024-12-23T02:37:53.599Z] Device at 10.30.4.128 is not reachable. Skipping connection attempt.
[2024-12-23T02:38:03.588Z] Device at 10.30.4.128 is not reachable. Skipping connection attempt.
[2024-12-23T02:38:13.587Z] Device at 10.30.4.128 is not reachable. Skipping connection attempt.
[2024-12-23T02:38:23.584Z] Device at 10.30.4.128 is not reachable. Skipping connection attempt.
[2024-12-23T02:38:34.085Z] Device at 10.30.4.128 is not reachable. Skipping connection attempt.
[2024-12-23T02:38:43.593Z] Device at 10.30.4.128 is not reachable. Skipping connection attempt.
[2024-12-23T02:38:54.089Z] Device at 10.30.4.128 is not reachable. Skipping connection attempt.
[2024-12-23T02:39:04.090Z] Device at 10.30.4.128 is not reachable. Skipping connection attempt.
[2024-12-23T02:39:14.101Z] Device at 10.30.4.128 is not reachable. Skipping connection attempt.
[2024-12-23T02:39:24.087Z] Device at 10.30.4.128 is not reachable. Skipping connection attempt.
[2024-12-23T02:39:34.093Z] Device at 10.30.4.128 is not reachable. Skipping connection attempt.
[2024-12-23T02:39:44.086Z] Device at 10.30.4.128 is not reachable. Skipping connection attempt.
[2024-12-23T02:39:54.087Z] Device at 10.30.4.128 is not reachable. Skipping connection attempt.
[2024-12-23T02:40:04.097Z] Device at 10.30.4.128 is not reachable. Skipping connection attempt.
[2024-12-23T02:40:14.099Z] Device at 10.30.4.128 is not reachable. Skipping connection attempt.
[2024-12-23T02:40:24.097Z] Device at 10.30.4.128 is not reachable. Skipping connection attempt.
[2024-12-23T02:40:34.089Z] Device at 10.30.4.128 is not reachable. Skipping connection attempt.
[2024-12-23T02:40:44.084Z] Device at 10.30.4.128 is not reachable. Skipping connection attempt.
[2024-12-23T02:40:54.087Z] Device at 10.30.4.128 is not reachable. Skipping connection attempt.
[2024-12-23T02:41:04.088Z] Device at 10.30.4.128 is not reachable. Skipping connection attempt.
[2024-12-23T02:41:14.092Z] Device at 10.30.4.128 is not reachable. Skipping connection attempt.
[2024-12-23T02:41:24.083Z] Device at 10.30.4.128 is not reachable. Skipping connection attempt.
[2024-12-23T02:41:34.088Z] Device at 10.30.4.128 is not reachable. Skipping connection attempt.
[2024-12-23T02:41:44.089Z] Device at 10.30.4.128 is not reachable. Skipping connection attempt.
[2024-12-23T02:41:54.104Z] Device at 10.30.4.128 is not reachable. Skipping connection attempt.
[2024-12-23T02:42:04.091Z] Device at 10.30.4.128 is not reachable. Skipping connection attempt.
[2024-12-23T02:42:14.099Z] Device at 10.30.4.128 is not reachable. Skipping connection attempt.
[2024-12-23T02:42:24.083Z] Device at 10.30.4.128 is not reachable. Skipping connection attempt.
[2024-12-23T02:42:34.090Z] Device at 10.30.4.128 is not reachable. Skipping connection attempt.
[2024-12-23T02:42:44.087Z] Device at 10.30.4.128 is not reachable. Skipping connection attempt.
[2024-12-23T02:42:54.092Z] Device at 10.30.4.128 is not reachable. Skipping connection attempt.
[2024-12-23T02:43:04.098Z] Device at 10.30.4.128 is not reachable. Skipping connection attempt.
[2024-12-23T02:43:14.088Z] Device at 10.30.4.128 is not reachable. Skipping connection attempt.
[2024-12-23T02:43:24.094Z] Device at 10.30.4.128 is not reachable. Skipping connection attempt.
[2024-12-23T02:43:34.092Z] Device at 10.30.4.128 is not reachable. Skipping connection attempt.
[2024-12-23T02:43:44.116Z] Device at 10.30.4.128 is not reachable. Skipping connection attempt.
[2024-12-23T02:43:54.091Z] Device at 10.30.4.128 is not reachable. Skipping connection attempt.
[2024-12-23T02:44:04.096Z] Device at 10.30.4.128 is not reachable. Skipping connection attempt.
[2024-12-23T02:44:14.088Z] Device at 10.30.4.128 is not reachable. Skipping connection attempt.
[2024-12-23T02:44:24.082Z] Device at 10.30.4.128 is not reachable. Skipping connection attempt.
[2024-12-23T02:44:34.088Z] Device at 10.30.4.128 is not reachable. Skipping connection attempt.
[2024-12-23T02:44:44.097Z] Device at 10.30.4.128 is not reachable. Skipping connection attempt.
[2024-12-23T02:44:54.089Z] Device at 10.30.4.128 is not reachable. Skipping connection attempt.
[2024-12-23T02:45:04.082Z] Device at 10.30.4.128 is not reachable. Skipping connection attempt.
[2024-12-23T02:45:14.089Z] Device at 10.30.4.128 is not reachable. Skipping connection attempt.
[2024-12-23T02:45:24.092Z] Device at 10.30.4.128 is not reachable. Skipping connection attempt.
[2024-12-23T02:45:34.089Z] Device at 10.30.4.128 is not reachable. Skipping connection attempt.
[2024-12-23T02:45:44.094Z] Device at 10.30.4.128 is not reachable. Skipping connection attempt.
[2024-12-23T02:45:54.088Z] Device at 10.30.4.128 is not reachable. Skipping connection attempt.
[2024-12-23T02:46:04.095Z] Device at 10.30.4.128 is not reachable. Skipping connection attempt.
[2024-12-23T02:46:14.095Z] Device at 10.30.4.128 is not reachable. Skipping connection attempt.
[2024-12-23T02:46:24.093Z] Device at 10.30.4.128 is not reachable. Skipping connection attempt.
[2024-12-23T02:46:34.084Z] Device at 10.30.4.128 is not reachable. Skipping connection attempt.
[2024-12-23T02:46:44.092Z] Device at 10.30.4.128 is not reachable. Skipping connection attempt.
[2024-12-23T02:46:54.094Z] Device at 10.30.4.128 is not reachable. Skipping connection attempt.
[2024-12-23T02:47:04.097Z] Device at 10.30.4.128 is not reachable. Skipping connection attempt.
[2024-12-23T02:47:14.084Z] Device at 10.30.4.128 is not reachable. Skipping connection attempt.
[2024-12-23T02:47:24.097Z] Device at 10.30.4.128 is not reachable. Skipping connection attempt.
[2024-12-23T02:47:34.081Z] Device at 10.30.4.128 is not reachable. Skipping connection attempt.
[2024-12-23T02:47:44.086Z] Device at 10.30.4.128 is not reachable. Skipping connection attempt.
[2024-12-23T02:47:54.088Z] Device at 10.30.4.128 is not reachable. Skipping connection attempt.
[2024-12-23T02:48:04.090Z] Device at 10.30.4.128 is not reachable. Skipping connection attempt.
[2024-12-23T02:48:14.089Z] Device at 10.30.4.128 is not reachable. Skipping connection attempt.
[2024-12-23T02:48:24.082Z] Device at 10.30.4.128 is not reachable. Skipping connection attempt.
[2024-12-23T02:48:34.083Z] Device at 10.30.4.128 is not reachable. Skipping connection attempt.
[2024-12-23T02:48:44.088Z] Device at 10.30.4.128 is not reachable. Skipping connection attempt.
[2024-12-23T02:48:54.095Z] Device at 10.30.4.128 is not reachable. Skipping connection attempt.
[2024-12-23T02:49:04.593Z] Device at 10.30.4.128 is not reachable. Skipping connection attempt.
[2024-12-23T02:49:14.593Z] Device at 10.30.4.128 is not reachable. Skipping connection attempt.
[2024-12-23T02:49:24.586Z] Device at 10.30.4.128 is not reachable. Skipping connection attempt.
[2024-12-23T02:49:34.593Z] Device at 10.30.4.128 is not reachable. Skipping connection attempt.
[2024-12-23T02:49:44.591Z] Device at 10.30.4.128 is not reachable. Skipping connection attempt.
[2024-12-23T02:49:54.587Z] Device at 10.30.4.128 is not reachable. Skipping connection attempt.
[2024-12-23T02:50:04.591Z] Device at 10.30.4.128 is not reachable. Skipping connection attempt.
[2024-12-23T02:50:14.585Z] Device at 10.30.4.128 is not reachable. Skipping connection attempt.
[2024-12-23T02:50:24.586Z] Device at 10.30.4.128 is not reachable. Skipping connection attempt.
[2024-12-23T02:50:34.590Z] Device at 10.30.4.128 is not reachable. Skipping connection attempt.
[2024-12-23T02:50:44.597Z] Device at 10.30.4.128 is not reachable. Skipping connection attempt.
[2024-12-23T02:50:54.592Z] Device at 10.30.4.128 is not reachable. Skipping connection attempt.
[2024-12-23T02:51:04.589Z] Device at 10.30.4.128 is not reachable. Skipping connection attempt.
[2024-12-23T02:51:14.598Z] Device at 10.30.4.128 is not reachable. Skipping connection attempt.
[2024-12-23T02:51:24.587Z] Device at 10.30.4.128 is not reachable. Skipping connection attempt.
[2024-12-23T02:51:34.596Z] Device at 10.30.4.128 is not reachable. Skipping connection attempt.
[2024-12-23T02:51:44.589Z] Device at 10.30.4.128 is not reachable. Skipping connection attempt.
[2024-12-23T02:51:54.585Z] Device at 10.30.4.128 is not reachable. Skipping connection attempt.
[2024-12-23T02:52:04.594Z] Device at 10.30.4.128 is not reachable. Skipping connection attempt.
[2024-12-23T02:52:14.588Z] Device at 10.30.4.128 is not reachable. Skipping connection attempt.
[2024-12-23T02:52:24.583Z] Device at 10.30.4.128 is not reachable. Skipping connection attempt.
[2024-12-23T02:52:34.590Z] Device at 10.30.4.128 is not reachable. Skipping connection attempt.
[2024-12-23T02:52:44.597Z] Device at 10.30.4.128 is not reachable. Skipping connection attempt.
[2024-12-23T02:52:54.586Z] Device at 10.30.4.128 is not reachable. Skipping connection attempt.
[2024-12-23T02:53:04.585Z] Device at 10.30.4.128 is not reachable. Skipping connection attempt.
[2024-12-23T02:53:14.589Z] Device at 10.30.4.128 is not reachable. Skipping connection attempt.
[2024-12-23T02:53:24.597Z] Device at 10.30.4.128 is not reachable. Skipping connection attempt.
[2024-12-23T02:53:34.585Z] Device at 10.30.4.128 is not reachable. Skipping connection attempt.
[2024-12-23T02:53:44.599Z] Device at 10.30.4.128 is not reachable. Skipping connection attempt.
[2024-12-23T02:53:54.586Z] Device at 10.30.4.128 is not reachable. Skipping connection attempt.
[2024-12-23T02:54:04.585Z] Device at 10.30.4.128 is not reachable. Skipping connection attempt.
[2024-12-23T02:54:14.590Z] Device at 10.30.4.128 is not reachable. Skipping connection attempt.
[2024-12-23T02:54:24.592Z] Device at 10.30.4.128 is not reachable. Skipping connection attempt.
[2024-12-23T02:54:34.599Z] Device at 10.30.4.128 is not reachable. Skipping connection attempt.
[2024-12-23T02:54:44.591Z] Device at 10.30.4.128 is not reachable. Skipping connection attempt.
[2024-12-23T02:54:54.591Z] Device at 10.30.4.128 is not reachable. Skipping connection attempt.
[2024-12-23T02:55:04.588Z] Device at 10.30.4.128 is not reachable. Skipping connection attempt.
[2024-12-23T02:55:14.599Z] Device at 10.30.4.128 is not reachable. Skipping connection attempt.
[2024-12-23T02:55:24.595Z] Device at 10.30.4.128 is not reachable. Skipping connection attempt.
[2024-12-23T02:55:34.588Z] Device at 10.30.4.128 is not reachable. Skipping connection attempt.
[2024-12-23T02:55:44.586Z] Device at 10.30.4.128 is not reachable. Skipping connection attempt.
[2024-12-23T02:55:54.591Z] Device at 10.30.4.128 is not reachable. Skipping connection attempt.
[2024-12-23T02:56:04.593Z] Device at 10.30.4.128 is not reachable. Skipping connection attempt.
[2024-12-23T02:56:14.588Z] Device at 10.30.4.128 is not reachable. Skipping connection attempt.
[2024-12-23T02:56:24.593Z] Device at 10.30.4.128 is not reachable. Skipping connection attempt.
[2024-12-23T02:56:34.592Z] Device at 10.30.4.128 is not reachable. Skipping connection attempt.
[2024-12-23T02:56:44.599Z] Device at 10.30.4.128 is not reachable. Skipping connection attempt.
[2024-12-23T02:56:54.585Z] Device at 10.30.4.128 is not reachable. Skipping connection attempt.
[2024-12-23T02:57:04.598Z] Device at 10.30.4.128 is not reachable. Skipping connection attempt.
[2024-12-23T02:57:14.596Z] Device at 10.30.4.128 is not reachable. Skipping connection attempt.
[2024-12-23T02:57:24.607Z] Device at 10.30.4.128 is not reachable. Skipping connection attempt.
[2024-12-23T02:57:34.595Z] Device at 10.30.4.128 is not reachable. Skipping connection attempt.
[2024-12-23T02:57:44.595Z] Device at 10.30.4.128 is not reachable. Skipping connection attempt.
[2024-12-23T02:57:54.600Z] Device at 10.30.4.128 is not reachable. Skipping connection attempt.
[2024-12-23T02:58:04.592Z] Device at 10.30.4.128 is not reachable. Skipping connection attempt.
[2024-12-23T02:58:14.590Z] Device at 10.30.4.128 is not reachable. Skipping connection attempt.
[2024-12-23T02:58:24.591Z] Device at 10.30.4.128 is not reachable. Skipping connection attempt.
[2024-12-23T02:58:34.593Z] Device at 10.30.4.128 is not reachable. Skipping connection attempt.
[2024-12-23T02:58:44.585Z] Device at 10.30.4.128 is not reachable. Skipping connection attempt.
[2024-12-23T02:58:54.595Z] Device at 10.30.4.128 is not reachable. Skipping connection attempt.
[2024-12-23T02:59:04.609Z] Device at 10.30.4.128 is not reachable. Skipping connection attempt.
[2024-12-23T02:59:14.594Z] Device at 10.30.4.128 is not reachable. Skipping connection attempt.
[2024-12-23T02:59:24.591Z] Device at 10.30.4.128 is not reachable. Skipping connection attempt.
[2024-12-23T02:59:34.585Z] Device at 10.30.4.128 is not reachable. Skipping connection attempt.
[2024-12-23T02:59:44.586Z] Device at 10.30.4.128 is not reachable. Skipping connection attempt.
[2024-12-23T02:59:54.588Z] Device at 10.30.4.128 is not reachable. Skipping connection attempt.
[2024-12-23T03:00:04.601Z] Device at 10.30.4.128 is not reachable. Skipping connection attempt.
[2024-12-23T03:00:14.592Z] Device at 10.30.4.128 is not reachable. Skipping connection attempt.
[2024-12-23T03:00:24.600Z] Device at 10.30.4.128 is not reachable. Skipping connection attempt.
[2024-12-23T03:00:35.089Z] Device at 10.30.4.128 is not reachable. Skipping connection attempt.
[2024-12-23T03:00:45.097Z] Device at 10.30.4.128 is not reachable. Skipping connection attempt.
[2024-12-23T03:00:55.088Z] Device at 10.30.4.128 is not reachable. Skipping connection attempt.
[2024-12-23T03:01:05.096Z] Device at 10.30.4.128 is not reachable. Skipping connection attempt.
[2024-12-23T03:01:15.089Z] Device at 10.30.4.128 is not reachable. Skipping connection attempt.
[2024-12-23T03:01:25.092Z] Device at 10.30.4.128 is not reachable. Skipping connection attempt.
[2024-12-23T03:01:35.092Z] Device at 10.30.4.128 is not reachable. Skipping connection attempt.
[2024-12-23T03:01:45.099Z] Device at 10.30.4.128 is not reachable. Skipping connection attempt.
[2024-12-23T03:01:55.088Z] Device at 10.30.4.128 is not reachable. Skipping connection attempt.
[2024-12-23T03:02:05.096Z] Device at 10.30.4.128 is not reachable. Skipping connection attempt.
[2024-12-23T03:02:15.094Z] Device at 10.30.4.128 is not reachable. Skipping connection attempt.
[2024-12-23T03:02:25.086Z] Device at 10.30.4.128 is not reachable. Skipping connection attempt.
[2024-12-23T03:02:35.092Z] Device at 10.30.4.128 is not reachable. Skipping connection attempt.
[2024-12-23T03:02:45.110Z] Device at 10.30.4.128 is not reachable. Skipping connection attempt.
[2024-12-23T03:02:55.093Z] Device at 10.30.4.128 is not reachable. Skipping connection attempt.
[2024-12-23T03:03:05.095Z] Device at 10.30.4.128 is not reachable. Skipping connection attempt.
[2024-12-23T03:03:15.101Z] Device at 10.30.4.128 is not reachable. Skipping connection attempt.
[2024-12-23T03:03:25.095Z] Device at 10.30.4.128 is not reachable. Skipping connection attempt.
[2024-12-23T03:03:35.091Z] Device at 10.30.4.128 is not reachable. Skipping connection attempt.
[2024-12-23T03:03:45.085Z] Device at 10.30.4.128 is not reachable. Skipping connection attempt.
[2024-12-23T03:03:55.087Z] Device at 10.30.4.128 is not reachable. Skipping connection attempt.
[2024-12-23T03:04:05.098Z] Device at 10.30.4.128 is not reachable. Skipping connection attempt.
[2024-12-23T03:04:15.099Z] Device at 10.30.4.128 is not reachable. Skipping connection attempt.
[2024-12-23T03:04:25.088Z] Device at 10.30.4.128 is not reachable. Skipping connection attempt.
[2024-12-23T03:04:35.085Z] Device at 10.30.4.128 is not reachable. Skipping connection attempt.
[2024-12-23T03:04:45.090Z] Device at 10.30.4.128 is not reachable. Skipping connection attempt.
[2024-12-23T03:04:55.094Z] Device at 10.30.4.128 is not reachable. Skipping connection attempt.
[2024-12-23T03:05:05.086Z] Device at 10.30.4.128 is not reachable. Skipping connection attempt.
[2024-12-23T03:05:15.094Z] Device at 10.30.4.128 is not reachable. Skipping connection attempt.
[2024-12-23T03:05:25.087Z] Device at 10.30.4.128 is not reachable. Skipping connection attempt.
[2024-12-23T03:05:35.090Z] Device at 10.30.4.128 is not reachable. Skipping connection attempt.
[2024-12-23T03:05:45.087Z] Device at 10.30.4.128 is not reachable. Skipping connection attempt.
[2024-12-23T03:05:55.089Z] Device at 10.30.4.128 is not reachable. Skipping connection attempt.
[2024-12-23T03:06:05.086Z] Device at 10.30.4.128 is not reachable. Skipping connection attempt.
[2024-12-23T03:06:15.098Z] Device at 10.30.4.128 is not reachable. Skipping connection attempt.
[2024-12-23T03:06:25.090Z] Device at 10.30.4.128 is not reachable. Skipping connection attempt.
[2024-12-23T03:06:35.093Z] Device at 10.30.4.128 is not reachable. Skipping connection attempt.
[2024-12-23T03:06:45.087Z] Device at 10.30.4.128 is not reachable. Skipping connection attempt.
[2024-12-23T03:06:55.088Z] Device at 10.30.4.128 is not reachable. Skipping connection attempt.
[2024-12-23T03:07:05.086Z] Device at 10.30.4.128 is not reachable. Skipping connection attempt.
[2024-12-23T03:07:15.086Z] Device at 10.30.4.128 is not reachable. Skipping connection attempt.
[2024-12-23T03:07:25.086Z] Device at 10.30.4.128 is not reachable. Skipping connection attempt.
[2024-12-23T03:07:35.091Z] Device at 10.30.4.128 is not reachable. Skipping connection attempt.
[2024-12-23T03:07:45.088Z] Device at 10.30.4.128 is not reachable. Skipping connection attempt.
[2024-12-23T03:07:55.085Z] Device at 10.30.4.128 is not reachable. Skipping connection attempt.
[2024-12-23T03:08:05.086Z] Device at 10.30.4.128 is not reachable. Skipping connection attempt.
[2024-12-23T03:08:15.101Z] Device at 10.30.4.128 is not reachable. Skipping connection attempt.
[2024-12-23T03:08:25.089Z] Device at 10.30.4.128 is not reachable. Skipping connection attempt.
[2024-12-23T03:08:35.080Z] Device at 10.30.4.128 is not reachable. Skipping connection attempt.
[2024-12-23T03:08:45.089Z] Device at 10.30.4.128 is not reachable. Skipping connection attempt.
[2024-12-23T03:08:55.089Z] Device at 10.30.4.128 is not reachable. Skipping connection attempt.
[2024-12-23T03:09:05.086Z] Device at 10.30.4.128 is not reachable. Skipping connection attempt.
[2024-12-23T03:09:15.077Z] Device at 10.30.4.128 is not reachable. Skipping connection attempt.
[2024-12-23T03:09:25.086Z] Device at 10.30.4.128 is not reachable. Skipping connection attempt.
[2024-12-23T03:09:35.082Z] Device at 10.30.4.128 is not reachable. Skipping connection attempt.
[2024-12-23T03:09:45.080Z] Device at 10.30.4.128 is not reachable. Skipping connection attempt.
[2024-12-23T03:09:55.092Z] Device at 10.30.4.128 is not reachable. Skipping connection attempt.
[2024-12-23T03:10:05.077Z] Device at 10.30.4.128 is not reachable. Skipping connection attempt.
[2024-12-23T03:10:15.086Z] Device at 10.30.4.128 is not reachable. Skipping connection attempt.
[2024-12-23T03:10:25.088Z] Device at 10.30.4.128 is not reachable. Skipping connection attempt.
[2024-12-23T03:10:35.086Z] Device at 10.30.4.128 is not reachable. Skipping connection attempt.
[2024-12-23T03:10:45.583Z] Device at 10.30.4.128 is not reachable. Skipping connection attempt.
[2024-12-23T03:10:55.079Z] Device at 10.30.4.128 is not reachable. Skipping connection attempt.
[2024-12-23T03:11:05.586Z] Device at 10.30.4.128 is not reachable. Skipping connection attempt.
[2024-12-23T03:11:15.579Z] Device at 10.30.4.128 is not reachable. Skipping connection attempt.
[2024-12-23T03:11:25.593Z] Device at 10.30.4.128 is not reachable. Skipping connection attempt.
[2024-12-23T03:11:35.579Z] Device at 10.30.4.128 is not reachable. Skipping connection attempt.
[2024-12-23T03:11:45.582Z] Device at 10.30.4.128 is not reachable. Skipping connection attempt.
[2024-12-23T03:11:55.576Z] Device at 10.30.4.128 is not reachable. Skipping connection attempt.
[2024-12-23T03:12:05.588Z] Device at 10.30.4.128 is not reachable. Skipping connection attempt.
[2024-12-23T03:12:15.575Z] Device at 10.30.4.128 is not reachable. Skipping connection attempt.
[2024-12-23T03:12:25.572Z] Device at 10.30.4.128 is not reachable. Skipping connection attempt.
[2024-12-23T03:12:35.585Z] Device at 10.30.4.128 is not reachable. Skipping connection attempt.
[2024-12-23T03:12:45.582Z] Device at 10.30.4.128 is not reachable. Skipping connection attempt.
[2024-12-23T03:12:55.579Z] Device at 10.30.4.128 is not reachable. Skipping connection attempt.
[2024-12-23T03:13:05.584Z] Device at 10.30.4.128 is not reachable. Skipping connection attempt.
[2024-12-23T03:13:15.571Z] Device at 10.30.4.128 is not reachable. Skipping connection attempt.
[2024-12-23T03:13:25.572Z] Device at 10.30.4.128 is not reachable. Skipping connection attempt.
[2024-12-23T03:13:35.580Z] Device at 10.30.4.128 is not reachable. Skipping connection attempt.
[2024-12-23T03:13:45.570Z] Device at 10.30.4.128 is not reachable. Skipping connection attempt.
[2024-12-23T03:13:55.580Z] Device at 10.30.4.128 is not reachable. Skipping connection attempt.
[2024-12-23T03:14:05.572Z] Device at 10.30.4.128 is not reachable. Skipping connection attempt.
[2024-12-23T03:14:15.583Z] Device at 10.30.4.128 is not reachable. Skipping connection attempt.
[2024-12-23T03:14:25.574Z] Device at 10.30.4.128 is not reachable. Skipping connection attempt.
[2024-12-23T03:14:35.583Z] Device at 10.30.4.128 is not reachable. Skipping connection attempt.
[2024-12-23T03:14:45.570Z] Device at 10.30.4.128 is not reachable. Skipping connection attempt.
[2024-12-23T03:14:55.577Z] Device at 10.30.4.128 is not reachable. Skipping connection attempt.
[2024-12-23T03:15:05.583Z] Device at 10.30.4.128 is not reachable. Skipping connection attempt.
[2024-12-23T03:15:15.575Z] Device at 10.30.4.128 is not reachable. Skipping connection attempt.
[2024-12-23T03:15:25.578Z] Device at 10.30.4.128 is not reachable. Skipping connection attempt.
[2024-12-23T03:15:35.582Z] Device at 10.30.4.128 is not reachable. Skipping connection attempt.
[2024-12-23T03:15:45.571Z] Device at 10.30.4.128 is not reachable. Skipping connection attempt.
[2024-12-23T03:15:55.582Z] Device at 10.30.4.128 is not reachable. Skipping connection attempt.
[2024-12-23T03:16:05.578Z] Device at 10.30.4.128 is not reachable. Skipping connection attempt.
[2024-12-23T03:16:15.571Z] Device at 10.30.4.128 is not reachable. Skipping connection attempt.
[2024-12-23T03:16:25.572Z] Device at 10.30.4.128 is not reachable. Skipping connection attempt.
[2024-12-23T03:16:35.584Z] Device at 10.30.4.128 is not reachable. Skipping connection attempt.
[2024-12-23T03:16:45.568Z] Device at 10.30.4.128 is not reachable. Skipping connection attempt.
[2024-12-23T03:16:55.582Z] Device at 10.30.4.128 is not reachable. Skipping connection attempt.
[2024-12-23T03:17:05.571Z] Device at 10.30.4.128 is not reachable. Skipping connection attempt.
[2024-12-23T03:17:15.574Z] Device at 10.30.4.128 is not reachable. Skipping connection attempt.
[2024-12-23T03:17:25.571Z] Device at 10.30.4.128 is not reachable. Skipping connection attempt.
[2024-12-23T03:17:35.579Z] Device at 10.30.4.128 is not reachable. Skipping connection attempt.
[2024-12-23T03:17:45.582Z] Device at 10.30.4.128 is not reachable. Skipping connection attempt.
[2024-12-23T03:17:55.576Z] Device at 10.30.4.128 is not reachable. Skipping connection attempt.
[2024-12-23T03:18:05.579Z] Device at 10.30.4.128 is not reachable. Skipping connection attempt.
[2024-12-23T03:18:15.579Z] Device at 10.30.4.128 is not reachable. Skipping connection attempt.
[2024-12-23T03:18:25.574Z] Device at 10.30.4.128 is not reachable. Skipping connection attempt.
[2024-12-23T03:18:35.581Z] Device at 10.30.4.128 is not reachable. Skipping connection attempt.
[2024-12-23T03:18:45.569Z] Device at 10.30.4.128 is not reachable. Skipping connection attempt.
[2024-12-23T03:18:55.575Z] Device at 10.30.4.128 is not reachable. Skipping connection attempt.
[2024-12-23T03:19:05.576Z] Device at 10.30.4.128 is not reachable. Skipping connection attempt.
[2024-12-23T03:19:15.576Z] Device at 10.30.4.128 is not reachable. Skipping connection attempt.
[2024-12-23T03:19:25.567Z] Device at 10.30.4.128 is not reachable. Skipping connection attempt.
[2024-12-23T03:19:35.576Z] Device at 10.30.4.128 is not reachable. Skipping connection attempt.
[2024-12-23T03:19:45.574Z] Device at 10.30.4.128 is not reachable. Skipping connection attempt.
[2024-12-23T03:19:55.574Z] Device at 10.30.4.128 is not reachable. Skipping connection attempt.
[2024-12-23T03:20:05.573Z] Device at 10.30.4.128 is not reachable. Skipping connection attempt.
[2024-12-23T03:20:15.570Z] Device at 10.30.4.128 is not reachable. Skipping connection attempt.
[2024-12-23T03:20:25.573Z] Device at 10.30.4.128 is not reachable. Skipping connection attempt.
[2024-12-23T03:20:35.566Z] Device at 10.30.4.128 is not reachable. Skipping connection attempt.
[2024-12-23T03:20:45.587Z] Device at 10.30.4.128 is not reachable. Skipping connection attempt.
[2024-12-23T03:20:55.577Z] Device at 10.30.4.128 is not reachable. Skipping connection attempt.
[2024-12-23T03:21:05.577Z] Device at 10.30.4.128 is not reachable. Skipping connection attempt.
[2024-12-23T03:21:15.572Z] Device at 10.30.4.128 is not reachable. Skipping connection attempt.
[2024-12-23T03:21:25.572Z] Device at 10.30.4.128 is not reachable. Skipping connection attempt.
[2024-12-23T03:21:36.067Z] Device at 10.30.4.128 is not reachable. Skipping connection attempt.
[2024-12-23T03:21:46.071Z] Device at 10.30.4.128 is not reachable. Skipping connection attempt.
[2024-12-23T03:21:55.572Z] Device at 10.30.4.128 is not reachable. Skipping connection attempt.
[2024-12-23T03:22:06.068Z] Device at 10.30.4.128 is not reachable. Skipping connection attempt.
[2024-12-23T03:22:16.074Z] Device at 10.30.4.128 is not reachable. Skipping connection attempt.
[2024-12-23T03:22:26.071Z] Device at 10.30.4.128 is not reachable. Skipping connection attempt.
[2024-12-23T03:22:36.073Z] Device at 10.30.4.128 is not reachable. Skipping connection attempt.
[2024-12-23T03:22:46.071Z] Device at 10.30.4.128 is not reachable. Skipping connection attempt.
[2024-12-23T03:22:56.066Z] Device at 10.30.4.128 is not reachable. Skipping connection attempt.
[2024-12-23T03:23:06.078Z] Device at 10.30.4.128 is not reachable. Skipping connection attempt.
[2024-12-23T03:23:16.078Z] Device at 10.30.4.128 is not reachable. Skipping connection attempt.
[2024-12-23T03:23:26.069Z] Device at 10.30.4.128 is not reachable. Skipping connection attempt.
[2024-12-23T03:23:36.065Z] Device at 10.30.4.128 is not reachable. Skipping connection attempt.
[2024-12-23T03:23:46.070Z] Device at 10.30.4.128 is not reachable. Skipping connection attempt.
[2024-12-23T03:23:56.077Z] Device at 10.30.4.128 is not reachable. Skipping connection attempt.
[2024-12-23T03:24:06.067Z] Device at 10.30.4.128 is not reachable. Skipping connection attempt.
[2024-12-23T03:24:16.067Z] Device at 10.30.4.128 is not reachable. Skipping connection attempt.
[2024-12-23T03:24:26.072Z] Device at 10.30.4.128 is not reachable. Skipping connection attempt.
[2024-12-23T03:24:36.073Z] Device at 10.30.4.128 is not reachable. Skipping connection attempt.
[2024-12-23T03:24:46.064Z] Device at 10.30.4.128 is not reachable. Skipping connection attempt.
[2024-12-23T03:24:56.063Z] Device at 10.30.4.128 is not reachable. Skipping connection attempt.
[2024-12-23T03:25:06.077Z] Device at 10.30.4.128 is not reachable. Skipping connection attempt.
[2024-12-23T03:25:16.063Z] Device at 10.30.4.128 is not reachable. Skipping connection attempt.
[2024-12-23T03:25:26.059Z] Device at 10.30.4.128 is not reachable. Skipping connection attempt.
[2024-12-23T03:25:36.061Z] Device at 10.30.4.128 is not reachable. Skipping connection attempt.
[2024-12-23T03:25:46.060Z] Device at 10.30.4.128 is not reachable. Skipping connection attempt.
[2024-12-23T03:25:56.078Z] Device at 10.30.4.128 is not reachable. Skipping connection attempt.
[2024-12-23T03:26:06.067Z] Device at 10.30.4.128 is not reachable. Skipping connection attempt.
[2024-12-23T03:26:16.073Z] Device at 10.30.4.128 is not reachable. Skipping connection attempt.
[2024-12-23T03:26:26.065Z] Device at 10.30.4.128 is not reachable. Skipping connection attempt.
[2024-12-23T03:26:36.071Z] Device at 10.30.4.128 is not reachable. Skipping connection attempt.
[2024-12-23T03:26:46.072Z] Device at 10.30.4.128 is not reachable. Skipping connection attempt.
[2024-12-23T03:26:56.070Z] Device at 10.30.4.128 is not reachable. Skipping connection attempt.
[2024-12-23T03:27:06.069Z] Device at 10.30.4.128 is not reachable. Skipping connection attempt.
[2024-12-23T03:27:16.070Z] Device at 10.30.4.128 is not reachable. Skipping connection attempt.
[2024-12-23T03:27:26.069Z] Device at 10.30.4.128 is not reachable. Skipping connection attempt.
[2024-12-23T03:27:36.060Z] Device at 10.30.4.128 is not reachable. Skipping connection attempt.
[2024-12-23T03:27:46.071Z] Device at 10.30.4.128 is not reachable. Skipping connection attempt.
[2024-12-23T03:27:56.066Z] Device at 10.30.4.128 is not reachable. Skipping connection attempt.
[2024-12-23T03:28:06.065Z] Device at 10.30.4.128 is not reachable. Skipping connection attempt.
[2024-12-23T03:28:16.064Z] Device at 10.30.4.128 is not reachable. Skipping connection attempt.
[2024-12-23T03:28:26.067Z] Device at 10.30.4.128 is not reachable. Skipping connection attempt.
[2024-12-23T03:28:36.060Z] Device at 10.30.4.128 is not reachable. Skipping connection attempt.
[2024-12-23T03:28:46.057Z] Device at 10.30.4.128 is not reachable. Skipping connection attempt.
[2024-12-23T03:28:56.065Z] Device at 10.30.4.128 is not reachable. Skipping connection attempt.
[2024-12-23T03:29:06.058Z] Device at 10.30.4.128 is not reachable. Skipping connection attempt.
[2024-12-23T03:29:16.060Z] Device at 10.30.4.128 is not reachable. Skipping connection attempt.
[2024-12-23T03:29:26.066Z] Device at 10.30.4.128 is not reachable. Skipping connection attempt.
[2024-12-23T03:29:36.067Z] Device at 10.30.4.128 is not reachable. Skipping connection attempt.
[2024-12-23T03:29:46.066Z] Device at 10.30.4.128 is not reachable. Skipping connection attempt.
[2024-12-23T03:29:56.068Z] Device at 10.30.4.128 is not reachable. Skipping connection attempt.
[2024-12-23T03:30:06.060Z] Device at 10.30.4.128 is not reachable. Skipping connection attempt.
[2024-12-23T03:30:16.061Z] Device at 10.30.4.128 is not reachable. Skipping connection attempt.
[2024-12-23T03:30:26.059Z] Device at 10.30.4.128 is not reachable. Skipping connection attempt.
[2024-12-23T03:30:36.058Z] Device at 10.30.4.128 is not reachable. Skipping connection attempt.
[2024-12-23T03:30:46.068Z] Device at 10.30.4.128 is not reachable. Skipping connection attempt.
[2024-12-23T03:30:56.064Z] Device at 10.30.4.128 is not reachable. Skipping connection attempt.
[2024-12-23T03:31:06.057Z] Device at 10.30.4.128 is not reachable. Skipping connection attempt.
[2024-12-23T03:31:16.059Z] Device at 10.30.4.128 is not reachable. Skipping connection attempt.
[2024-12-23T03:31:26.061Z] Device at 10.30.4.128 is not reachable. Skipping connection attempt.
[2024-12-23T03:31:36.064Z] Device at 10.30.4.128 is not reachable. Skipping connection attempt.
[2024-12-23T03:31:46.066Z] Device at 10.30.4.128 is not reachable. Skipping connection attempt.
[2024-12-23T03:31:56.065Z] Device at 10.30.4.128 is not reachable. Skipping connection attempt.
[2024-12-23T03:32:06.057Z] Device at 10.30.4.128 is not reachable. Skipping connection attempt.
[2024-12-23T03:32:16.055Z] Device at 10.30.4.128 is not reachable. Skipping connection attempt.
[2024-12-23T03:32:26.059Z] Device at 10.30.4.128 is not reachable. Skipping connection attempt.
[2024-12-23T03:32:36.561Z] Device at 10.30.4.128 is not reachable. Skipping connection attempt.
[2024-12-23T03:32:46.556Z] Device at 10.30.4.128 is not reachable. Skipping connection attempt.
[2024-12-23T03:32:56.063Z] Device at 10.30.4.128 is not reachable. Skipping connection attempt.
[2024-12-23T03:33:06.559Z] Device at 10.30.4.128 is not reachable. Skipping connection attempt.
[2024-12-23T03:33:16.570Z] Device at 10.30.4.128 is not reachable. Skipping connection attempt.
[2024-12-23T03:33:26.562Z] Device at 10.30.4.128 is not reachable. Skipping connection attempt.
[2024-12-23T03:33:36.566Z] Device at 10.30.4.128 is not reachable. Skipping connection attempt.
[2024-12-23T03:33:46.551Z] Device at 10.30.4.128 is not reachable. Skipping connection attempt.
[2024-12-23T03:33:56.556Z] Device at 10.30.4.128 is not reachable. Skipping connection attempt.
[2024-12-23T03:34:06.560Z] Device at 10.30.4.128 is not reachable. Skipping connection attempt.
[2024-12-23T03:34:16.555Z] Device at 10.30.4.128 is not reachable. Skipping connection attempt.
[2024-12-23T03:34:26.560Z] Device at 10.30.4.128 is not reachable. Skipping connection attempt.
[2024-12-23T03:34:36.555Z] Device at 10.30.4.128 is not reachable. Skipping connection attempt.
[2024-12-23T03:34:46.567Z] Device at 10.30.4.128 is not reachable. Skipping connection attempt.
[2024-12-23T03:34:56.558Z] Device at 10.30.4.128 is not reachable. Skipping connection attempt.
[2024-12-23T03:35:06.566Z] Device at 10.30.4.128 is not reachable. Skipping connection attempt.
[2024-12-23T03:35:16.554Z] Device at 10.30.4.128 is not reachable. Skipping connection attempt.
[2024-12-23T03:35:26.561Z] Device at 10.30.4.128 is not reachable. Skipping connection attempt.
[2024-12-23T03:35:36.571Z] Device at 10.30.4.128 is not reachable. Skipping connection attempt.
[2024-12-23T03:35:46.558Z] Device at 10.30.4.128 is not reachable. Skipping connection attempt.
[2024-12-23T03:35:56.567Z] Device at 10.30.4.128 is not reachable. Skipping connection attempt.
[2024-12-23T03:36:06.559Z] Device at 10.30.4.128 is not reachable. Skipping connection attempt.
[2024-12-23T03:36:16.565Z] Device at 10.30.4.128 is not reachable. Skipping connection attempt.
[2024-12-23T03:36:26.557Z] Device at 10.30.4.128 is not reachable. Skipping connection attempt.
[2024-12-23T03:36:36.565Z] Device at 10.30.4.128 is not reachable. Skipping connection attempt.
[2024-12-23T03:36:46.555Z] Device at 10.30.4.128 is not reachable. Skipping connection attempt.
[2024-12-23T03:36:56.566Z] Device at 10.30.4.128 is not reachable. Skipping connection attempt.
[2024-12-23T03:37:06.556Z] Device at 10.30.4.128 is not reachable. Skipping connection attempt.
[2024-12-23T03:37:16.553Z] Device at 10.30.4.128 is not reachable. Skipping connection attempt.
[2024-12-23T03:37:26.556Z] Device at 10.30.4.128 is not reachable. Skipping connection attempt.
[2024-12-23T03:37:36.559Z] Device at 10.30.4.128 is not reachable. Skipping connection attempt.
[2024-12-23T03:37:46.552Z] Device at 10.30.4.128 is not reachable. Skipping connection attempt.
[2024-12-23T03:37:56.554Z] Device at 10.30.4.128 is not reachable. Skipping connection attempt.
[2024-12-23T03:38:06.562Z] Device at 10.30.4.128 is not reachable. Skipping connection attempt.
[2024-12-23T03:38:16.562Z] Device at 10.30.4.128 is not reachable. Skipping connection attempt.
[2024-12-23T03:38:26.565Z] Device at 10.30.4.128 is not reachable. Skipping connection attempt.
[2024-12-23T03:38:36.558Z] Device at 10.30.4.128 is not reachable. Skipping connection attempt.
[2024-12-23T03:38:46.559Z] Device at 10.30.4.128 is not reachable. Skipping connection attempt.
[2024-12-23T03:38:56.556Z] Device at 10.30.4.128 is not reachable. Skipping connection attempt.
[2024-12-23T03:39:06.552Z] Device at 10.30.4.128 is not reachable. Skipping connection attempt.
[2024-12-23T03:39:16.560Z] Device at 10.30.4.128 is not reachable. Skipping connection attempt.
[2024-12-23T03:39:26.563Z] Device at 10.30.4.128 is not reachable. Skipping connection attempt.
[2024-12-23T03:39:36.558Z] Device at 10.30.4.128 is not reachable. Skipping connection attempt.
[2024-12-23T03:39:46.560Z] Device at 10.30.4.128 is not reachable. Skipping connection attempt.
[2024-12-23T03:39:56.552Z] Device at 10.30.4.128 is not reachable. Skipping connection attempt.
[2024-12-23T03:40:06.564Z] Device at 10.30.4.128 is not reachable. Skipping connection attempt.
[2024-12-23T03:40:16.556Z] Device at 10.30.4.128 is not reachable. Skipping connection attempt.
[2024-12-23T03:40:26.552Z] Device at 10.30.4.128 is not reachable. Skipping connection attempt.
[2024-12-23T03:40:36.550Z] Device at 10.30.4.128 is not reachable. Skipping connection attempt.
[2024-12-23T03:40:46.563Z] Device at 10.30.4.128 is not reachable. Skipping connection attempt.
[2024-12-23T03:40:56.554Z] Device at 10.30.4.128 is not reachable. Skipping connection attempt.
[2024-12-23T03:41:06.556Z] Device at 10.30.4.128 is not reachable. Skipping connection attempt.
[2024-12-23T03:41:16.556Z] Device at 10.30.4.128 is not reachable. Skipping connection attempt.
[2024-12-23T03:41:26.555Z] Device at 10.30.4.128 is not reachable. Skipping connection attempt.
[2024-12-23T03:41:36.556Z] Device at 10.30.4.128 is not reachable. Skipping connection attempt.
[2024-12-23T03:41:46.551Z] Device at 10.30.4.128 is not reachable. Skipping connection attempt.
[2024-12-23T03:41:56.555Z] Device at 10.30.4.128 is not reachable. Skipping connection attempt.
[2024-12-23T03:42:06.564Z] Device at 10.30.4.128 is not reachable. Skipping connection attempt.
[2024-12-23T03:42:16.559Z] Device at 10.30.4.128 is not reachable. Skipping connection attempt.
[2024-12-23T03:42:26.552Z] Device at 10.30.4.128 is not reachable. Skipping connection attempt.
[2024-12-23T03:42:36.558Z] Device at 10.30.4.128 is not reachable. Skipping connection attempt.
[2024-12-23T03:42:46.562Z] Device at 10.30.4.128 is not reachable. Skipping connection attempt.
[2024-12-23T03:42:56.562Z] Device at 10.30.4.128 is not reachable. Skipping connection attempt.
[2024-12-23T03:43:06.550Z] Device at 10.30.4.128 is not reachable. Skipping connection attempt.
[2024-12-23T03:43:16.559Z] Device at 10.30.4.128 is not reachable. Skipping connection attempt.
[2024-12-23T03:43:26.553Z] Device at 10.30.4.128 is not reachable. Skipping connection attempt.
[2024-12-23T03:43:36.560Z] Device at 10.30.4.128 is not reachable. Skipping connection attempt.
[2024-12-23T03:43:46.554Z] Device at 10.30.4.128 is not reachable. Skipping connection attempt.
[2024-12-23T03:43:56.553Z] Device at 10.30.4.128 is not reachable. Skipping connection attempt.
[2024-12-23T03:44:06.561Z] Device at 10.30.4.128 is not reachable. Skipping connection attempt.
[2024-12-23T03:44:16.553Z] Device at 10.30.4.128 is not reachable. Skipping connection attempt.
[2024-12-23T03:44:26.553Z] Device at 10.30.4.128 is not reachable. Skipping connection attempt.
[2024-12-23T03:44:37.063Z] Device at 10.30.4.128 is not reachable. Skipping connection attempt.
[2024-12-23T03:44:47.063Z] Device at 10.30.4.128 is not reachable. Skipping connection attempt.
[2024-12-23T03:44:57.059Z] Device at 10.30.4.128 is not reachable. Skipping connection attempt.
[2024-12-23T03:45:07.049Z] Device at 10.30.4.128 is not reachable. Skipping connection attempt.
[2024-12-23T03:45:17.056Z] Device at 10.30.4.128 is not reachable. Skipping connection attempt.
[2024-12-23T03:45:27.052Z] Device at 10.30.4.128 is not reachable. Skipping connection attempt.
[2024-12-23T03:45:37.056Z] Device at 10.30.4.128 is not reachable. Skipping connection attempt.
[2024-12-23T03:45:47.062Z] Device at 10.30.4.128 is not reachable. Skipping connection attempt.
[2024-12-23T03:45:57.060Z] Device at 10.30.4.128 is not reachable. Skipping connection attempt.
[2024-12-23T03:46:07.064Z] Device at 10.30.4.128 is not reachable. Skipping connection attempt.
[2024-12-23T03:46:17.068Z] Device at 10.30.4.128 is not reachable. Skipping connection attempt.
[2024-12-23T03:46:27.063Z] Device at 10.30.4.128 is not reachable. Skipping connection attempt.
[2024-12-23T03:46:37.052Z] Device at 10.30.4.128 is not reachable. Skipping connection attempt.
[2024-12-23T03:46:47.055Z] Device at 10.30.4.128 is not reachable. Skipping connection attempt.
[2024-12-23T03:46:57.055Z] Device at 10.30.4.128 is not reachable. Skipping connection attempt.
[2024-12-23T03:47:07.065Z] Device at 10.30.4.128 is not reachable. Skipping connection attempt.
[2024-12-23T03:47:17.064Z] Device at 10.30.4.128 is not reachable. Skipping connection attempt.
[2024-12-23T03:47:27.061Z] Device at 10.30.4.128 is not reachable. Skipping connection attempt.
[2024-12-23T03:47:37.056Z] Device at 10.30.4.128 is not reachable. Skipping connection attempt.
[2024-12-23T03:47:47.066Z] Device at 10.30.4.128 is not reachable. Skipping connection attempt.
[2024-12-23T03:47:57.055Z] Device at 10.30.4.128 is not reachable. Skipping connection attempt.
[2024-12-23T03:48:07.058Z] Device at 10.30.4.128 is not reachable. Skipping connection attempt.
[2024-12-23T03:48:17.056Z] Device at 10.30.4.128 is not reachable. Skipping connection attempt.
[2024-12-23T03:48:27.063Z] Device at 10.30.4.128 is not reachable. Skipping connection attempt.
[2024-12-23T03:48:37.061Z] Device at 10.30.4.128 is not reachable. Skipping connection attempt.
[2024-12-23T03:48:47.055Z] Device at 10.30.4.128 is not reachable. Skipping connection attempt.
[2024-12-23T03:48:57.064Z] Device at 10.30.4.128 is not reachable. Skipping connection attempt.
[2024-12-23T03:49:07.055Z] Device at 10.30.4.128 is not reachable. Skipping connection attempt.
[2024-12-23T03:49:17.052Z] Device at 10.30.4.128 is not reachable. Skipping connection attempt.
[2024-12-23T03:49:27.065Z] Device at 10.30.4.128 is not reachable. Skipping connection attempt.
[2024-12-23T03:49:37.051Z] Device at 10.30.4.128 is not reachable. Skipping connection attempt.
[2024-12-23T03:49:47.064Z] Device at 10.30.4.128 is not reachable. Skipping connection attempt.
[2024-12-23T03:49:57.059Z] Device at 10.30.4.128 is not reachable. Skipping connection attempt.
[2024-12-23T03:50:07.056Z] Device at 10.30.4.128 is not reachable. Skipping connection attempt.
[2024-12-23T03:50:17.052Z] Device at 10.30.4.128 is not reachable. Skipping connection attempt.
[2024-12-23T03:50:27.058Z] Device at 10.30.4.128 is not reachable. Skipping connection attempt.
[2024-12-23T03:50:37.052Z] Device at 10.30.4.128 is not reachable. Skipping connection attempt.
[2024-12-23T03:50:47.064Z] Device at 10.30.4.128 is not reachable. Skipping connection attempt.
[2024-12-23T03:50:57.062Z] Device at 10.30.4.128 is not reachable. Skipping connection attempt.
[2024-12-23T03:51:07.065Z] Device at 10.30.4.128 is not reachable. Skipping connection attempt.
[2024-12-23T03:51:17.050Z] Device at 10.30.4.128 is not reachable. Skipping connection attempt.
[2024-12-23T03:51:27.059Z] Device at 10.30.4.128 is not reachable. Skipping connection attempt.
[2024-12-23T03:51:37.066Z] Device at 10.30.4.128 is not reachable. Skipping connection attempt.
[2024-12-23T03:51:47.065Z] Device at 10.30.4.128 is not reachable. Skipping connection attempt.
[2024-12-23T03:51:57.052Z] Device at 10.30.4.128 is not reachable. Skipping connection attempt.
[2024-12-23T03:52:07.057Z] Device at 10.30.4.128 is not reachable. Skipping connection attempt.
[2024-12-23T03:52:17.069Z] Device at 10.30.4.128 is not reachable. Skipping connection attempt.
[2024-12-23T03:52:27.051Z] Device at 10.30.4.128 is not reachable. Skipping connection attempt.
[2024-12-23T03:52:37.052Z] Device at 10.30.4.128 is not reachable. Skipping connection attempt.
[2024-12-23T03:52:47.059Z] Device at 10.30.4.128 is not reachable. Skipping connection attempt.
[2024-12-23T03:52:57.063Z] Device at 10.30.4.128 is not reachable. Skipping connection attempt.
[2024-12-23T03:53:07.065Z] Device at 10.30.4.128 is not reachable. Skipping connection attempt.
[2024-12-23T03:53:17.070Z] Device at 10.30.4.128 is not reachable. Skipping connection attempt.
[2024-12-23T03:53:27.062Z] Device at 10.30.4.128 is not reachable. Skipping connection attempt.
[2024-12-23T03:53:37.051Z] Device at 10.30.4.128 is not reachable. Skipping connection attempt.
[2024-12-23T03:53:47.062Z] Device at 10.30.4.128 is not reachable. Skipping connection attempt.
[2024-12-23T03:53:57.058Z] Device at 10.30.4.128 is not reachable. Skipping connection attempt.
[2024-12-23T03:54:07.054Z] Device at 10.30.4.128 is not reachable. Skipping connection attempt.
[2024-12-23T03:54:17.062Z] Device at 10.30.4.128 is not reachable. Skipping connection attempt.
[2024-12-23T03:54:27.058Z] Device at 10.30.4.128 is not reachable. Skipping connection attempt.
[2024-12-23T03:54:37.051Z] Device at 10.30.4.128 is not reachable. Skipping connection attempt.
[2024-12-23T03:54:47.557Z] Device at 10.30.4.128 is not reachable. Skipping connection attempt.
[2024-12-23T03:54:57.566Z] Device at 10.30.4.128 is not reachable. Skipping connection attempt.
[2024-12-23T03:55:07.062Z] Device at 10.30.4.128 is not reachable. Skipping connection attempt.
[2024-12-23T03:55:17.068Z] Device at 10.30.4.128 is not reachable. Skipping connection attempt.
[2024-12-23T03:55:27.552Z] Device at 10.30.4.128 is not reachable. Skipping connection attempt.
[2024-12-23T03:55:37.562Z] Device at 10.30.4.128 is not reachable. Skipping connection attempt.
[2024-12-23T03:55:47.569Z] Device at 10.30.4.128 is not reachable. Skipping connection attempt.
[2024-12-23T03:55:57.551Z] Device at 10.30.4.128 is not reachable. Skipping connection attempt.
[2024-12-23T03:56:07.555Z] Device at 10.30.4.128 is not reachable. Skipping connection attempt.
[2024-12-23T03:56:17.555Z] Device at 10.30.4.128 is not reachable. Skipping connection attempt.
[2024-12-23T03:56:27.552Z] Device at 10.30.4.128 is not reachable. Skipping connection attempt.
[2024-12-23T03:56:37.552Z] Device at 10.30.4.128 is not reachable. Skipping connection attempt.
[2024-12-23T03:56:47.565Z] Device at 10.30.4.128 is not reachable. Skipping connection attempt.
[2024-12-23T03:56:57.556Z] Device at 10.30.4.128 is not reachable. Skipping connection attempt.
[2024-12-23T03:57:07.554Z] Device at 10.30.4.128 is not reachable. Skipping connection attempt.
[2024-12-23T03:57:17.564Z] Device at 10.30.4.128 is not reachable. Skipping connection attempt.
[2024-12-23T03:57:27.555Z] Device at 10.30.4.128 is not reachable. Skipping connection attempt.
[2024-12-23T03:57:37.570Z] Device at 10.30.4.128 is not reachable. Skipping connection attempt.
[2024-12-23T03:57:47.555Z] Device at 10.30.4.128 is not reachable. Skipping connection attempt.
[2024-12-23T03:57:57.558Z] Device at 10.30.4.128 is not reachable. Skipping connection attempt.
[2024-12-23T03:58:07.556Z] Device at 10.30.4.128 is not reachable. Skipping connection attempt.
[2024-12-23T03:58:17.551Z] Device at 10.30.4.128 is not reachable. Skipping connection attempt.
[2024-12-23T03:58:27.556Z] Device at 10.30.4.128 is not reachable. Skipping connection attempt.
[2024-12-23T03:58:37.556Z] Device at 10.30.4.128 is not reachable. Skipping connection attempt.
[2024-12-23T03:58:47.557Z] Device at 10.30.4.128 is not reachable. Skipping connection attempt.
[2024-12-23T03:58:57.557Z] Device at 10.30.4.128 is not reachable. Skipping connection attempt.
[2024-12-23T03:59:07.554Z] Device at 10.30.4.128 is not reachable. Skipping connection attempt.
[2024-12-23T03:59:17.552Z] Device at 10.30.4.128 is not reachable. Skipping connection attempt.
[2024-12-23T03:59:27.556Z] Device at 10.30.4.128 is not reachable. Skipping connection attempt.
[2024-12-23T03:59:37.558Z] Device at 10.30.4.128 is not reachable. Skipping connection attempt.
[2024-12-23T03:59:47.552Z] Device at 10.30.4.128 is not reachable. Skipping connection attempt.
[2024-12-23T03:59:57.558Z] Device at 10.30.4.128 is not reachable. Skipping connection attempt.
[2024-12-23T04:00:07.553Z] Device at 10.30.4.128 is not reachable. Skipping connection attempt.
[2024-12-23T04:00:17.559Z] Device at 10.30.4.128 is not reachable. Skipping connection attempt.
[2024-12-23T04:00:27.559Z] Device at 10.30.4.128 is not reachable. Skipping connection attempt.
[2024-12-23T04:00:37.558Z] Device at 10.30.4.128 is not reachable. Skipping connection attempt.
[2024-12-23T04:00:47.563Z] Device at 10.30.4.128 is not reachable. Skipping connection attempt.
[2024-12-23T04:00:57.564Z] Device at 10.30.4.128 is not reachable. Skipping connection attempt.
[2024-12-23T04:01:07.556Z] Device at 10.30.4.128 is not reachable. Skipping connection attempt.
[2024-12-23T04:01:17.555Z] Device at 10.30.4.128 is not reachable. Skipping connection attempt.
[2024-12-23T04:01:27.559Z] Device at 10.30.4.128 is not reachable. Skipping connection attempt.
[2024-12-23T04:01:37.560Z] Device at 10.30.4.128 is not reachable. Skipping connection attempt.
[2024-12-23T04:01:47.551Z] Device at 10.30.4.128 is not reachable. Skipping connection attempt.
[2024-12-23T04:01:57.555Z] Device at 10.30.4.128 is not reachable. Skipping connection attempt.
[2024-12-23T04:02:07.556Z] Device at 10.30.4.128 is not reachable. Skipping connection attempt.
[2024-12-23T04:02:17.553Z] Device at 10.30.4.128 is not reachable. Skipping connection attempt.
[2024-12-23T04:02:27.552Z] Device at 10.30.4.128 is not reachable. Skipping connection attempt.
[2024-12-23T04:02:37.563Z] Device at 10.30.4.128 is not reachable. Skipping connection attempt.
[2024-12-23T04:02:47.553Z] Device at 10.30.4.128 is not reachable. Skipping connection attempt.
[2024-12-23T04:02:57.555Z] Device at 10.30.4.128 is not reachable. Skipping connection attempt.
[2024-12-23T04:03:07.551Z] Device at 10.30.4.128 is not reachable. Skipping connection attempt.
[2024-12-23T04:03:17.571Z] Device at 10.30.4.128 is not reachable. Skipping connection attempt.
[2024-12-23T04:03:27.581Z] Device at 10.30.4.128 is not reachable. Skipping connection attempt.
[2024-12-23T04:03:37.564Z] Device at 10.30.4.128 is not reachable. Skipping connection attempt.
[2024-12-23T04:03:47.557Z] Device at 10.30.4.128 is not reachable. Skipping connection attempt.
[2024-12-23T04:03:57.562Z] Device at 10.30.4.128 is not reachable. Skipping connection attempt.
[2024-12-23T04:04:07.555Z] Device at 10.30.4.128 is not reachable. Skipping connection attempt.
[2024-12-23T04:04:17.554Z] Device at 10.30.4.128 is not reachable. Skipping connection attempt.
[2024-12-23T04:04:27.559Z] Device at 10.30.4.128 is not reachable. Skipping connection attempt.
[2024-12-23T04:04:37.555Z] Device at 10.30.4.128 is not reachable. Skipping connection attempt.
[2024-12-23T04:04:47.554Z] Device at 10.30.4.128 is not reachable. Skipping connection attempt.
[2024-12-23T04:04:57.551Z] Device at 10.30.4.128 is not reachable. Skipping connection attempt.
[2024-12-23T04:05:07.557Z] Device at 10.30.4.128 is not reachable. Skipping connection attempt.
[2024-12-23T04:05:17.560Z] Device at 10.30.4.128 is not reachable. Skipping connection attempt.
[2024-12-23T04:05:27.552Z] Device at 10.30.4.128 is not reachable. Skipping connection attempt.
[2024-12-23T04:05:37.562Z] Device at 10.30.4.128 is not reachable. Skipping connection attempt.
[2024-12-23T04:05:47.549Z] Device at 10.30.4.128 is not reachable. Skipping connection attempt.
[2024-12-23T04:05:57.548Z] Device at 10.30.4.128 is not reachable. Skipping connection attempt.
[2024-12-23T04:06:07.549Z] Device at 10.30.4.128 is not reachable. Skipping connection attempt.
[2024-12-23T04:06:17.557Z] Device at 10.30.4.128 is not reachable. Skipping connection attempt.
[2024-12-23T04:06:27.559Z] Device at 10.30.4.128 is not reachable. Skipping connection attempt.
[2024-12-23T04:06:37.550Z] Device at 10.30.4.128 is not reachable. Skipping connection attempt.
[2024-12-23T04:06:48.051Z] Device at 10.30.4.128 is not reachable. Skipping connection attempt.
[2024-12-23T04:06:58.059Z] Device at 10.30.4.128 is not reachable. Skipping connection attempt.
[2024-12-23T04:07:08.063Z] Device at 10.30.4.128 is not reachable. Skipping connection attempt.
[2024-12-23T04:07:17.556Z] Device at 10.30.4.128 is not reachable. Skipping connection attempt.
[2024-12-23T04:07:28.064Z] Device at 10.30.4.128 is not reachable. Skipping connection attempt.
[2024-12-23T04:07:38.055Z] Device at 10.30.4.128 is not reachable. Skipping connection attempt.
[2024-12-23T04:07:48.060Z] Device at 10.30.4.128 is not reachable. Skipping connection attempt.
[2024-12-23T04:07:58.051Z] Device at 10.30.4.128 is not reachable. Skipping connection attempt.
[2024-12-23T04:08:08.052Z] Device at 10.30.4.128 is not reachable. Skipping connection attempt.
[2024-12-23T04:08:18.051Z] Device at 10.30.4.128 is not reachable. Skipping connection attempt.
[2024-12-23T04:08:28.051Z] Device at 10.30.4.128 is not reachable. Skipping connection attempt.
[2024-12-23T04:08:38.060Z] Device at 10.30.4.128 is not reachable. Skipping connection attempt.
[2024-12-23T04:08:48.056Z] Device at 10.30.4.128 is not reachable. Skipping connection attempt.
[2024-12-23T04:08:58.051Z] Device at 10.30.4.128 is not reachable. Skipping connection attempt.
[2024-12-23T04:09:08.051Z] Device at 10.30.4.128 is not reachable. Skipping connection attempt.
[2024-12-23T04:09:18.050Z] Device at 10.30.4.128 is not reachable. Skipping connection attempt.
[2024-12-23T04:09:28.054Z] Device at 10.30.4.128 is not reachable. Skipping connection attempt.
[2024-12-23T04:09:38.051Z] Device at 10.30.4.128 is not reachable. Skipping connection attempt.
[2024-12-23T04:09:48.061Z] Device at 10.30.4.128 is not reachable. Skipping connection attempt.
[2024-12-23T04:09:58.052Z] Device at 10.30.4.128 is not reachable. Skipping connection attempt.
[2024-12-23T04:10:08.053Z] Device at 10.30.4.128 is not reachable. Skipping connection attempt.
[2024-12-23T04:10:18.059Z] Device at 10.30.4.128 is not reachable. Skipping connection attempt.
[2024-12-23T04:10:28.050Z] Device at 10.30.4.128 is not reachable. Skipping connection attempt.
[2024-12-23T04:10:38.057Z] Device at 10.30.4.128 is not reachable. Skipping connection attempt.
[2024-12-23T04:10:48.053Z] Device at 10.30.4.128 is not reachable. Skipping connection attempt.
[2024-12-23T04:10:58.048Z] Device at 10.30.4.128 is not reachable. Skipping connection attempt.
[2024-12-23T04:11:08.048Z] Device at 10.30.4.128 is not reachable. Skipping connection attempt.
[2024-12-23T04:11:18.055Z] Device at 10.30.4.128 is not reachable. Skipping connection attempt.
[2024-12-23T04:11:28.050Z] Device at 10.30.4.128 is not reachable. Skipping connection attempt.
[2024-12-23T04:11:38.063Z] Device at 10.30.4.128 is not reachable. Skipping connection attempt.
[2024-12-23T04:11:48.050Z] Device at 10.30.4.128 is not reachable. Skipping connection attempt.
[2024-12-23T04:11:58.054Z] Device at 10.30.4.128 is not reachable. Skipping connection attempt.
[2024-12-23T04:12:08.060Z] Device at 10.30.4.128 is not reachable. Skipping connection attempt.
[2024-12-23T04:12:18.051Z] Device at 10.30.4.128 is not reachable. Skipping connection attempt.
[2024-12-23T04:12:28.055Z] Device at 10.30.4.128 is not reachable. Skipping connection attempt.
[2024-12-23T04:12:38.051Z] Device at 10.30.4.128 is not reachable. Skipping connection attempt.
[2024-12-23T04:12:48.053Z] Device at 10.30.4.128 is not reachable. Skipping connection attempt.
[2024-12-23T04:12:58.060Z] Device at 10.30.4.128 is not reachable. Skipping connection attempt.
[2024-12-23T04:13:08.049Z] Device at 10.30.4.128 is not reachable. Skipping connection attempt.
[2024-12-23T04:13:18.048Z] Device at 10.30.4.128 is not reachable. Skipping connection attempt.
[2024-12-23T04:13:28.064Z] Device at 10.30.4.128 is not reachable. Skipping connection attempt.
[2024-12-23T04:13:38.059Z] Device at 10.30.4.128 is not reachable. Skipping connection attempt.
[2024-12-23T04:13:48.055Z] Device at 10.30.4.128 is not reachable. Skipping connection attempt.
[2024-12-23T04:13:58.061Z] Device at 10.30.4.128 is not reachable. Skipping connection attempt.
[2024-12-23T04:14:08.055Z] Device at 10.30.4.128 is not reachable. Skipping connection attempt.
[2024-12-23T04:14:18.061Z] Device at 10.30.4.128 is not reachable. Skipping connection attempt.
[2024-12-23T04:14:28.062Z] Device at 10.30.4.128 is not reachable. Skipping connection attempt.
[2024-12-23T04:14:38.051Z] Device at 10.30.4.128 is not reachable. Skipping connection attempt.
[2024-12-23T04:14:48.054Z] Device at 10.30.4.128 is not reachable. Skipping connection attempt.
[2024-12-23T04:14:58.048Z] Device at 10.30.4.128 is not reachable. Skipping connection attempt.
[2024-12-23T04:15:08.063Z] Device at 10.30.4.128 is not reachable. Skipping connection attempt.
[2024-12-23T04:15:18.050Z] Device at 10.30.4.128 is not reachable. Skipping connection attempt.
[2024-12-23T04:15:28.046Z] Device at 10.30.4.128 is not reachable. Skipping connection attempt.
[2024-12-23T04:15:38.052Z] Device at 10.30.4.128 is not reachable. Skipping connection attempt.
[2024-12-23T04:15:48.062Z] Device at 10.30.4.128 is not reachable. Skipping connection attempt.
[2024-12-23T04:15:58.060Z] Device at 10.30.4.128 is not reachable. Skipping connection attempt.
[2024-12-23T04:16:08.046Z] Device at 10.30.4.128 is not reachable. Skipping connection attempt.
[2024-12-23T04:16:18.056Z] Device at 10.30.4.128 is not reachable. Skipping connection attempt.
[2024-12-23T04:16:28.056Z] Device at 10.30.4.128 is not reachable. Skipping connection attempt.
[2024-12-23T04:16:38.048Z] Device at 10.30.4.128 is not reachable. Skipping connection attempt.
[2024-12-23T04:16:48.049Z] Device at 10.30.4.128 is not reachable. Skipping connection attempt.
[2024-12-23T04:16:58.072Z] Device at 10.30.4.128 is not reachable. Skipping connection attempt.
[2024-12-23T04:17:08.050Z] Device at 10.30.4.128 is not reachable. Skipping connection attempt.
[2024-12-23T04:17:18.052Z] Device at 10.30.4.128 is not reachable. Skipping connection attempt.
[2024-12-23T04:17:28.056Z] Device at 10.30.4.128 is not reachable. Skipping connection attempt.
[2024-12-23T04:17:38.050Z] Device at 10.30.4.128 is not reachable. Skipping connection attempt.
[2024-12-23T04:17:48.057Z] Device at 10.30.4.128 is not reachable. Skipping connection attempt.
[2024-12-23T04:17:58.045Z] Device at 10.30.4.128 is not reachable. Skipping connection attempt.
[2024-12-23T04:18:08.056Z] Device at 10.30.4.128 is not reachable. Skipping connection attempt.
[2024-12-23T04:18:18.053Z] Device at 10.30.4.128 is not reachable. Skipping connection attempt.
[2024-12-23T04:18:28.052Z] Device at 10.30.4.128 is not reachable. Skipping connection attempt.
[2024-12-23T04:18:38.042Z] Device at 10.30.4.128 is not reachable. Skipping connection attempt.
[2024-12-23T04:18:48.043Z] Device at 10.30.4.128 is not reachable. Skipping connection attempt.
[2024-12-23T04:18:58.056Z] Device at 10.30.4.128 is not reachable. Skipping connection attempt.
[2024-12-23T04:19:08.066Z] Device at 10.30.4.128 is not reachable. Skipping connection attempt.
[2024-12-23T04:19:18.049Z] Device at 10.30.4.128 is not reachable. Skipping connection attempt.
[2024-12-23T04:19:28.054Z] Device at 10.30.4.128 is not reachable. Skipping connection attempt.
[2024-12-23T04:19:38.043Z] Device at 10.30.4.128 is not reachable. Skipping connection attempt.
[2024-12-23T04:19:48.053Z] Device at 10.30.4.128 is not reachable. Skipping connection attempt.
[2024-12-23T04:19:58.053Z] Device at 10.30.4.128 is not reachable. Skipping connection attempt.
[2024-12-23T04:20:08.064Z] Device at 10.30.4.128 is not reachable. Skipping connection attempt.
[2024-12-23T04:20:18.556Z] Device at 10.30.4.128 is not reachable. Skipping connection attempt.
[2024-12-23T04:20:28.547Z] Device at 10.30.4.128 is not reachable. Skipping connection attempt.
[2024-12-23T04:20:38.556Z] Device at 10.30.4.128 is not reachable. Skipping connection attempt.
[2024-12-23T04:20:48.550Z] Device at 10.30.4.128 is not reachable. Skipping connection attempt.
[2024-12-23T04:20:58.547Z] Device at 10.30.4.128 is not reachable. Skipping connection attempt.
[2024-12-23T04:21:08.553Z] Device at 10.30.4.128 is not reachable. Skipping connection attempt.
[2024-12-23T04:21:18.547Z] Device at 10.30.4.128 is not reachable. Skipping connection attempt.
[2024-12-23T04:21:28.543Z] Device at 10.30.4.128 is not reachable. Skipping connection attempt.
[2024-12-23T04:21:38.552Z] Device at 10.30.4.128 is not reachable. Skipping connection attempt.
[2024-12-23T04:21:48.555Z] Device at 10.30.4.128 is not reachable. Skipping connection attempt.
[2024-12-23T04:21:58.547Z] Device at 10.30.4.128 is not reachable. Skipping connection attempt.
[2024-12-23T04:22:08.551Z] Device at 10.30.4.128 is not reachable. Skipping connection attempt.
[2024-12-23T04:22:18.542Z] Device at 10.30.4.128 is not reachable. Skipping connection attempt.
[2024-12-23T04:22:28.545Z] Device at 10.30.4.128 is not reachable. Skipping connection attempt.
[2024-12-23T04:22:38.538Z] Device at 10.30.4.128 is not reachable. Skipping connection attempt.
[2024-12-23T04:22:48.544Z] Device at 10.30.4.128 is not reachable. Skipping connection attempt.
[2024-12-23T04:22:58.541Z] Device at 10.30.4.128 is not reachable. Skipping connection attempt.
[2024-12-23T04:23:08.540Z] Device at 10.30.4.128 is not reachable. Skipping connection attempt.
[2024-12-23T04:23:18.543Z] Device at 10.30.4.128 is not reachable. Skipping connection attempt.
[2024-12-23T04:23:28.542Z] Device at 10.30.4.128 is not reachable. Skipping connection attempt.
[2024-12-23T04:23:38.542Z] Device at 10.30.4.128 is not reachable. Skipping connection attempt.
[2024-12-23T04:23:48.540Z] Device at 10.30.4.128 is not reachable. Skipping connection attempt.
[2024-12-23T04:23:58.541Z] Device at 10.30.4.128 is not reachable. Skipping connection attempt.
[2024-12-23T04:24:08.545Z] Device at 10.30.4.128 is not reachable. Skipping connection attempt.
[2024-12-23T04:24:18.547Z] Device at 10.30.4.128 is not reachable. Skipping connection attempt.
[2024-12-23T04:24:28.538Z] Device at 10.30.4.128 is not reachable. Skipping connection attempt.
[2024-12-23T04:24:38.546Z] Device at 10.30.4.128 is not reachable. Skipping connection attempt.
[2024-12-23T04:24:48.543Z] Device at 10.30.4.128 is not reachable. Skipping connection attempt.
[2024-12-23T04:24:58.546Z] Device at 10.30.4.128 is not reachable. Skipping connection attempt.
[2024-12-23T04:25:08.545Z] Device at 10.30.4.128 is not reachable. Skipping connection attempt.
[2024-12-23T04:25:18.539Z] Device at 10.30.4.128 is not reachable. Skipping connection attempt.
[2024-12-23T04:25:28.537Z] Device at 10.30.4.128 is not reachable. Skipping connection attempt.
[2024-12-23T04:25:38.546Z] Device at 10.30.4.128 is not reachable. Skipping connection attempt.
[2024-12-23T04:25:48.569Z] Device at 10.30.4.128 is not reachable. Skipping connection attempt.
[2024-12-23T04:25:58.548Z] Device at 10.30.4.128 is not reachable. Skipping connection attempt.
[2024-12-23T04:26:08.558Z] Device at 10.30.4.128 is not reachable. Skipping connection attempt.
[2024-12-23T04:26:18.577Z] Device at 10.30.4.128 is not reachable. Skipping connection attempt.
[2024-12-23T04:26:28.543Z] Device at 10.30.4.128 is not reachable. Skipping connection attempt.
[2024-12-23T04:26:38.544Z] Device at 10.30.4.128 is not reachable. Skipping connection attempt.
[2024-12-23T04:26:48.557Z] Device at 10.30.4.128 is not reachable. Skipping connection attempt.
[2024-12-23T04:26:58.542Z] Device at 10.30.4.128 is not reachable. Skipping connection attempt.
[2024-12-23T04:27:08.540Z] Device at 10.30.4.128 is not reachable. Skipping connection attempt.
[2024-12-23T04:27:18.546Z] Device at 10.30.4.128 is not reachable. Skipping connection attempt.
[2024-12-23T04:27:28.548Z] Device at 10.30.4.128 is not reachable. Skipping connection attempt.
[2024-12-23T04:27:38.537Z] Device at 10.30.4.128 is not reachable. Skipping connection attempt.
[2024-12-23T04:27:48.549Z] Device at 10.30.4.128 is not reachable. Skipping connection attempt.
[2024-12-23T04:27:58.549Z] Device at 10.30.4.128 is not reachable. Skipping connection attempt.
[2024-12-23T04:28:08.542Z] Device at 10.30.4.128 is not reachable. Skipping connection attempt.
[2024-12-23T04:28:18.539Z] Device at 10.30.4.128 is not reachable. Skipping connection attempt.
[2024-12-23T04:28:28.550Z] Device at 10.30.4.128 is not reachable. Skipping connection attempt.
[2024-12-23T04:28:38.544Z] Device at 10.30.4.128 is not reachable. Skipping connection attempt.
[2024-12-23T04:28:48.551Z] Device at 10.30.4.128 is not reachable. Skipping connection attempt.
[2024-12-23T04:28:58.543Z] Device at 10.30.4.128 is not reachable. Skipping connection attempt.
[2024-12-23T04:29:08.548Z] Device at 10.30.4.128 is not reachable. Skipping connection attempt.
[2024-12-23T04:29:18.535Z] Device at 10.30.4.128 is not reachable. Skipping connection attempt.
[2024-12-23T04:29:28.544Z] Device at 10.30.4.128 is not reachable. Skipping connection attempt.
[2024-12-23T04:29:38.537Z] Device at 10.30.4.128 is not reachable. Skipping connection attempt.
[2024-12-23T04:29:48.542Z] Device at 10.30.4.128 is not reachable. Skipping connection attempt.
[2024-12-23T04:29:58.537Z] Device at 10.30.4.128 is not reachable. Skipping connection attempt.
[2024-12-23T04:30:08.538Z] Device at 10.30.4.128 is not reachable. Skipping connection attempt.
[2024-12-23T04:30:18.539Z] Device at 10.30.4.128 is not reachable. Skipping connection attempt.
[2024-12-23T04:30:28.545Z] Device at 10.30.4.128 is not reachable. Skipping connection attempt.
[2024-12-23T04:30:38.540Z] Device at 10.30.4.128 is not reachable. Skipping connection attempt.
[2024-12-23T04:30:48.536Z] Device at 10.30.4.128 is not reachable. Skipping connection attempt.
[2024-12-23T04:30:58.552Z] Device at 10.30.4.128 is not reachable. Skipping connection attempt.
[2024-12-23T04:31:08.537Z] Device at 10.30.4.128 is not reachable. Skipping connection attempt.
[2024-12-23T04:31:18.553Z] Device at 10.30.4.128 is not reachable. Skipping connection attempt.
[2024-12-23T04:31:28.546Z] Device at 10.30.4.128 is not reachable. Skipping connection attempt.
[2024-12-23T04:31:38.538Z] Device at 10.30.4.128 is not reachable. Skipping connection attempt.
[2024-12-23T04:31:49.042Z] Device at 10.30.4.128 is not reachable. Skipping connection attempt.
[2024-12-23T04:31:59.037Z] Device at 10.30.4.128 is not reachable. Skipping connection attempt.
[2024-12-23T04:32:09.042Z] Device at 10.30.4.128 is not reachable. Skipping connection attempt.
[2024-12-23T04:32:19.044Z] Device at 10.30.4.128 is not reachable. Skipping connection attempt.
[2024-12-23T04:32:29.036Z] Device at 10.30.4.128 is not reachable. Skipping connection attempt.
[2024-12-23T04:32:39.041Z] Device at 10.30.4.128 is not reachable. Skipping connection attempt.
[2024-12-23T04:32:49.037Z] Device at 10.30.4.128 is not reachable. Skipping connection attempt.
[2024-12-23T04:32:59.046Z] Device at 10.30.4.128 is not reachable. Skipping connection attempt.
[2024-12-23T04:33:09.036Z] Device at 10.30.4.128 is not reachable. Skipping connection attempt.
[2024-12-23T04:33:19.054Z] Device at 10.30.4.128 is not reachable. Skipping connection attempt.
[2024-12-23T04:33:29.045Z] Device at 10.30.4.128 is not reachable. Skipping connection attempt.
[2024-12-23T04:33:39.042Z] Device at 10.30.4.128 is not reachable. Skipping connection attempt.
[2024-12-23T04:33:49.038Z] Device at 10.30.4.128 is not reachable. Skipping connection attempt.
[2024-12-23T04:33:59.043Z] Device at 10.30.4.128 is not reachable. Skipping connection attempt.
[2024-12-23T04:34:09.034Z] Device at 10.30.4.128 is not reachable. Skipping connection attempt.
[2024-12-23T04:34:19.035Z] Device at 10.30.4.128 is not reachable. Skipping connection attempt.
[2024-12-23T04:34:29.040Z] Device at 10.30.4.128 is not reachable. Skipping connection attempt.
[2024-12-23T04:34:39.035Z] Device at 10.30.4.128 is not reachable. Skipping connection attempt.
[2024-12-23T04:34:49.039Z] Device at 10.30.4.128 is not reachable. Skipping connection attempt.
[2024-12-23T04:34:59.048Z] Device at 10.30.4.128 is not reachable. Skipping connection attempt.
[2024-12-23T04:35:09.035Z] Device at 10.30.4.128 is not reachable. Skipping connection attempt.
[2024-12-23T04:35:19.037Z] Device at 10.30.4.128 is not reachable. Skipping connection attempt.
[2024-12-23T04:35:29.047Z] Device at 10.30.4.128 is not reachable. Skipping connection attempt.
[2024-12-23T04:35:39.047Z] Device at 10.30.4.128 is not reachable. Skipping connection attempt.
[2024-12-23T04:35:49.045Z] Device at 10.30.4.128 is not reachable. Skipping connection attempt.
[2024-12-23T04:35:59.036Z] Device at 10.30.4.128 is not reachable. Skipping connection attempt.
[2024-12-23T04:36:09.036Z] Device at 10.30.4.128 is not reachable. Skipping connection attempt.
[2024-12-23T04:36:19.047Z] Device at 10.30.4.128 is not reachable. Skipping connection attempt.
[2024-12-23T04:36:29.047Z] Device at 10.30.4.128 is not reachable. Skipping connection attempt.
[2024-12-23T04:36:39.041Z] Device at 10.30.4.128 is not reachable. Skipping connection attempt.
[2024-12-23T04:36:49.034Z] Device at 10.30.4.128 is not reachable. Skipping connection attempt.
[2024-12-23T04:36:59.035Z] Device at 10.30.4.128 is not reachable. Skipping connection attempt.
[2024-12-23T04:37:09.034Z] Device at 10.30.4.128 is not reachable. Skipping connection attempt.
[2024-12-23T04:37:19.032Z] Device at 10.30.4.128 is not reachable. Skipping connection attempt.
[2024-12-23T04:37:29.034Z] Device at 10.30.4.128 is not reachable. Skipping connection attempt.
[2024-12-23T04:37:39.038Z] Device at 10.30.4.128 is not reachable. Skipping connection attempt.
[2024-12-23T04:37:49.038Z] Device at 10.30.4.128 is not reachable. Skipping connection attempt.
[2024-12-23T04:37:59.036Z] Device at 10.30.4.128 is not reachable. Skipping connection attempt.
[2024-12-23T04:38:09.043Z] Device at 10.30.4.128 is not reachable. Skipping connection attempt.
[2024-12-23T04:38:19.041Z] Device at 10.30.4.128 is not reachable. Skipping connection attempt.
[2024-12-23T04:38:29.033Z] Device at 10.30.4.128 is not reachable. Skipping connection attempt.
[2024-12-23T04:38:39.045Z] Device at 10.30.4.128 is not reachable. Skipping connection attempt.
[2024-12-23T04:38:49.038Z] Device at 10.30.4.128 is not reachable. Skipping connection attempt.
[2024-12-23T04:38:59.038Z] Device at 10.30.4.128 is not reachable. Skipping connection attempt.
[2024-12-23T04:39:09.034Z] Device at 10.30.4.128 is not reachable. Skipping connection attempt.
[2024-12-23T04:39:19.046Z] Device at 10.30.4.128 is not reachable. Skipping connection attempt.
[2024-12-23T04:39:29.033Z] Device at 10.30.4.128 is not reachable. Skipping connection attempt.
[2024-12-23T04:39:39.041Z] Device at 10.30.4.128 is not reachable. Skipping connection attempt.
[2024-12-23T04:39:49.041Z] Device at 10.30.4.128 is not reachable. Skipping connection attempt.
[2024-12-23T04:39:59.030Z] Device at 10.30.4.128 is not reachable. Skipping connection attempt.
[2024-12-23T04:40:09.038Z] Device at 10.30.4.128 is not reachable. Skipping connection attempt.
[2024-12-23T04:40:19.032Z] Device at 10.30.4.128 is not reachable. Skipping connection attempt.
[2024-12-23T04:40:29.043Z] Device at 10.30.4.128 is not reachable. Skipping connection attempt.
[2024-12-23T04:40:39.045Z] Device at 10.30.4.128 is not reachable. Skipping connection attempt.
[2024-12-23T04:40:49.034Z] Device at 10.30.4.128 is not reachable. Skipping connection attempt.
[2024-12-23T04:40:59.040Z] Device at 10.30.4.128 is not reachable. Skipping connection attempt.
[2024-12-23T04:41:09.032Z] Device at 10.30.4.128 is not reachable. Skipping connection attempt.
[2024-12-23T04:41:19.045Z] Device at 10.30.4.128 is not reachable. Skipping connection attempt.
[2024-12-23T04:41:29.042Z] Device at 10.30.4.128 is not reachable. Skipping connection attempt.
[2024-12-23T04:41:39.036Z] Device at 10.30.4.128 is not reachable. Skipping connection attempt.
[2024-12-23T04:41:49.041Z] Device at 10.30.4.128 is not reachable. Skipping connection attempt.
[2024-12-23T04:41:59.033Z] Device at 10.30.4.128 is not reachable. Skipping connection attempt.
[2024-12-23T04:42:09.042Z] Device at 10.30.4.128 is not reachable. Skipping connection attempt.
[2024-12-23T04:42:19.041Z] Device at 10.30.4.128 is not reachable. Skipping connection attempt.
[2024-12-23T04:42:29.036Z] Device at 10.30.4.128 is not reachable. Skipping connection attempt.
[2024-12-23T04:42:39.043Z] Device at 10.30.4.128 is not reachable. Skipping connection attempt.
[2024-12-23T04:42:49.545Z] Device at 10.30.4.128 is not reachable. Skipping connection attempt.
[2024-12-23T04:42:59.534Z] Device at 10.30.4.128 is not reachable. Skipping connection attempt.
[2024-12-23T04:43:09.541Z] Device at 10.30.4.128 is not reachable. Skipping connection attempt.
[2024-12-23T04:43:19.537Z] Device at 10.30.4.128 is not reachable. Skipping connection attempt.
[2024-12-23T04:43:29.535Z] Device at 10.30.4.128 is not reachable. Skipping connection attempt.
[2024-12-23T04:43:39.539Z] Device at 10.30.4.128 is not reachable. Skipping connection attempt.
[2024-12-23T04:43:49.532Z] Device at 10.30.4.128 is not reachable. Skipping connection attempt.
[2024-12-23T04:43:59.540Z] Device at 10.30.4.128 is not reachable. Skipping connection attempt.
[2024-12-23T04:44:09.545Z] Device at 10.30.4.128 is not reachable. Skipping connection attempt.
[2024-12-23T04:44:19.542Z] Device at 10.30.4.128 is not reachable. Skipping connection attempt.
[2024-12-23T04:44:29.530Z] Device at 10.30.4.128 is not reachable. Skipping connection attempt.
[2024-12-23T04:44:39.534Z] Device at 10.30.4.128 is not reachable. Skipping connection attempt.
[2024-12-23T04:44:49.536Z] Device at 10.30.4.128 is not reachable. Skipping connection attempt.
[2024-12-23T04:44:59.535Z] Device at 10.30.4.128 is not reachable. Skipping connection attempt.
[2024-12-23T04:45:09.533Z] Device at 10.30.4.128 is not reachable. Skipping connection attempt.
[2024-12-23T04:45:19.529Z] Device at 10.30.4.128 is not reachable. Skipping connection attempt.
[2024-12-23T04:45:29.541Z] Device at 10.30.4.128 is not reachable. Skipping connection attempt.
[2024-12-23T04:45:39.545Z] Device at 10.30.4.128 is not reachable. Skipping connection attempt.
[2024-12-23T04:45:49.552Z] Device at 10.30.4.128 is not reachable. Skipping connection attempt.
[2024-12-23T04:45:59.546Z] Device at 10.30.4.128 is not reachable. Skipping connection attempt.
[2024-12-23T04:46:09.533Z] Device at 10.30.4.128 is not reachable. Skipping connection attempt.
[2024-12-23T04:46:19.535Z] Device at 10.30.4.128 is not reachable. Skipping connection attempt.
[2024-12-23T04:46:29.529Z] Device at 10.30.4.128 is not reachable. Skipping connection attempt.
[2024-12-23T04:46:39.530Z] Device at 10.30.4.128 is not reachable. Skipping connection attempt.
[2024-12-23T04:46:49.534Z] Device at 10.30.4.128 is not reachable. Skipping connection attempt.
[2024-12-23T04:46:59.539Z] Device at 10.30.4.128 is not reachable. Skipping connection attempt.
[2024-12-23T04:47:09.532Z] Device at 10.30.4.128 is not reachable. Skipping connection attempt.
[2024-12-23T04:47:19.534Z] Device at 10.30.4.128 is not reachable. Skipping connection attempt.
[2024-12-23T04:47:29.541Z] Device at 10.30.4.128 is not reachable. Skipping connection attempt.
[2024-12-23T04:47:39.528Z] Device at 10.30.4.128 is not reachable. Skipping connection attempt.
[2024-12-23T04:47:49.532Z] Device at 10.30.4.128 is not reachable. Skipping connection attempt.
[2024-12-23T04:47:59.539Z] Device at 10.30.4.128 is not reachable. Skipping connection attempt.
[2024-12-23T04:48:09.541Z] Device at 10.30.4.128 is not reachable. Skipping connection attempt.
[2024-12-23T04:48:19.536Z] Device at 10.30.4.128 is not reachable. Skipping connection attempt.
[2024-12-23T04:48:29.534Z] Device at 10.30.4.128 is not reachable. Skipping connection attempt.
[2024-12-23T04:48:39.540Z] Device at 10.30.4.128 is not reachable. Skipping connection attempt.
[2024-12-23T04:48:49.536Z] Device at 10.30.4.128 is not reachable. Skipping connection attempt.
[2024-12-23T04:48:59.535Z] Device at 10.30.4.128 is not reachable. Skipping connection attempt.
[2024-12-23T04:49:09.532Z] Device at 10.30.4.128 is not reachable. Skipping connection attempt.
[2024-12-23T04:49:19.535Z] Device at 10.30.4.128 is not reachable. Skipping connection attempt.
[2024-12-23T04:49:29.527Z] Device at 10.30.4.128 is not reachable. Skipping connection attempt.
[2024-12-23T04:49:39.538Z] Device at 10.30.4.128 is not reachable. Skipping connection attempt.
[2024-12-23T04:49:49.542Z] Device at 10.30.4.128 is not reachable. Skipping connection attempt.
[2024-12-23T04:49:59.540Z] Device at 10.30.4.128 is not reachable. Skipping connection attempt.
[2024-12-23T04:50:09.541Z] Device at 10.30.4.128 is not reachable. Skipping connection attempt.
[2024-12-23T04:50:19.531Z] Device at 10.30.4.128 is not reachable. Skipping connection attempt.
[2024-12-23T04:50:29.538Z] Device at 10.30.4.128 is not reachable. Skipping connection attempt.
[2024-12-23T04:50:39.537Z] Device at 10.30.4.128 is not reachable. Skipping connection attempt.
[2024-12-23T04:50:49.536Z] Device at 10.30.4.128 is not reachable. Skipping connection attempt.
[2024-12-23T04:50:59.531Z] Device at 10.30.4.128 is not reachable. Skipping connection attempt.
[2024-12-23T04:51:09.530Z] Device at 10.30.4.128 is not reachable. Skipping connection attempt.
[2024-12-23T04:51:19.528Z] Device at 10.30.4.128 is not reachable. Skipping connection attempt.
[2024-12-23T04:51:29.528Z] Device at 10.30.4.128 is not reachable. Skipping connection attempt.
[2024-12-23T04:51:39.528Z] Device at 10.30.4.128 is not reachable. Skipping connection attempt.
[2024-12-23T04:51:49.537Z] Device at 10.30.4.128 is not reachable. Skipping connection attempt.
[2024-12-23T04:51:59.526Z] Device at 10.30.4.128 is not reachable. Skipping connection attempt.
[2024-12-23T04:52:09.538Z] Device at 10.30.4.128 is not reachable. Skipping connection attempt.
[2024-12-23T04:52:19.532Z] Device at 10.30.4.128 is not reachable. Skipping connection attempt.
[2024-12-23T04:52:29.536Z] Device at 10.30.4.128 is not reachable. Skipping connection attempt.
[2024-12-23T04:52:39.536Z] Device at 10.30.4.128 is not reachable. Skipping connection attempt.
[2024-12-23T04:52:49.534Z] Device at 10.30.4.128 is not reachable. Skipping connection attempt.
[2024-12-23T04:52:59.532Z] Device at 10.30.4.128 is not reachable. Skipping connection attempt.
[2024-12-23T04:53:09.536Z] Device at 10.30.4.128 is not reachable. Skipping connection attempt.
[2024-12-23T04:53:19.533Z] Device at 10.30.4.128 is not reachable. Skipping connection attempt.
[2024-12-23T04:53:29.536Z] Device at 10.30.4.128 is not reachable. Skipping connection attempt.
[2024-12-23T04:53:39.535Z] Device at 10.30.4.128 is not reachable. Skipping connection attempt.
[2024-12-23T04:53:49.539Z] Device at 10.30.4.128 is not reachable. Skipping connection attempt.
[2024-12-23T04:54:00.028Z] Device at 10.30.4.128 is not reachable. Skipping connection attempt.
[2024-12-23T04:54:10.024Z] Device at 10.30.4.128 is not reachable. Skipping connection attempt.
[2024-12-23T04:54:20.028Z] Device at 10.30.4.128 is not reachable. Skipping connection attempt.
[2024-12-23T04:54:30.023Z] Device at 10.30.4.128 is not reachable. Skipping connection attempt.
[2024-12-23T04:54:40.024Z] Device at 10.30.4.128 is not reachable. Skipping connection attempt.
[2024-12-23T04:54:50.028Z] Device at 10.30.4.128 is not reachable. Skipping connection attempt.
[2024-12-23T04:55:00.034Z] Device at 10.30.4.128 is not reachable. Skipping connection attempt.
[2024-12-23T04:55:10.037Z] Device at 10.30.4.128 is not reachable. Skipping connection attempt.
[2024-12-23T04:55:20.037Z] Device at 10.30.4.128 is not reachable. Skipping connection attempt.
[2024-12-23T04:55:30.028Z] Device at 10.30.4.128 is not reachable. Skipping connection attempt.
[2024-12-23T04:55:40.023Z] Device at 10.30.4.128 is not reachable. Skipping connection attempt.
[2024-12-23T04:55:50.027Z] Device at 10.30.4.128 is not reachable. Skipping connection attempt.
[2024-12-23T04:56:00.031Z] Device at 10.30.4.128 is not reachable. Skipping connection attempt.
[2024-12-23T04:56:10.033Z] Device at 10.30.4.128 is not reachable. Skipping connection attempt.
[2024-12-23T04:56:20.025Z] Device at 10.30.4.128 is not reachable. Skipping connection attempt.
[2024-12-23T04:56:30.031Z] Device at 10.30.4.128 is not reachable. Skipping connection attempt.
[2024-12-23T04:56:40.027Z] Device at 10.30.4.128 is not reachable. Skipping connection attempt.
[2024-12-23T04:56:50.032Z] Device at 10.30.4.128 is not reachable. Skipping connection attempt.
[2024-12-23T04:57:00.035Z] Device at 10.30.4.128 is not reachable. Skipping connection attempt.
[2024-12-23T04:57:10.024Z] Device at 10.30.4.128 is not reachable. Skipping connection attempt.
[2024-12-23T04:57:20.023Z] Device at 10.30.4.128 is not reachable. Skipping connection attempt.
[2024-12-23T04:57:30.025Z] Device at 10.30.4.128 is not reachable. Skipping connection attempt.
[2024-12-23T04:57:40.029Z] Device at 10.30.4.128 is not reachable. Skipping connection attempt.
[2024-12-23T04:57:50.031Z] Device at 10.30.4.128 is not reachable. Skipping connection attempt.
[2024-12-23T04:58:00.027Z] Device at 10.30.4.128 is not reachable. Skipping connection attempt.
[2024-12-23T04:58:10.032Z] Device at 10.30.4.128 is not reachable. Skipping connection attempt.
[2024-12-23T04:58:20.024Z] Device at 10.30.4.128 is not reachable. Skipping connection attempt.
[2024-12-23T04:58:30.030Z] Device at 10.30.4.128 is not reachable. Skipping connection attempt.
[2024-12-23T04:58:40.027Z] Device at 10.30.4.128 is not reachable. Skipping connection attempt.
[2024-12-23T04:58:50.023Z] Device at 10.30.4.128 is not reachable. Skipping connection attempt.
[2024-12-23T04:59:00.032Z] Device at 10.30.4.128 is not reachable. Skipping connection attempt.
[2024-12-23T04:59:10.035Z] Device at 10.30.4.128 is not reachable. Skipping connection attempt.
[2024-12-23T04:59:20.026Z] Device at 10.30.4.128 is not reachable. Skipping connection attempt.
[2024-12-23T04:59:30.025Z] Device at 10.30.4.128 is not reachable. Skipping connection attempt.
[2024-12-23T04:59:40.021Z] Device at 10.30.4.128 is not reachable. Skipping connection attempt.
[2024-12-23T04:59:50.033Z] Device at 10.30.4.128 is not reachable. Skipping connection attempt.
[2024-12-23T05:00:00.037Z] Device at 10.30.4.128 is not reachable. Skipping connection attempt.
[2024-12-23T05:00:10.026Z] Device at 10.30.4.128 is not reachable. Skipping connection attempt.
[2024-12-23T05:00:20.025Z] Device at 10.30.4.128 is not reachable. Skipping connection attempt.
[2024-12-23T05:00:30.021Z] Device at 10.30.4.128 is not reachable. Skipping connection attempt.
[2024-12-23T05:00:40.021Z] Device at 10.30.4.128 is not reachable. Skipping connection attempt.
[2024-12-23T05:00:50.032Z] Device at 10.30.4.128 is not reachable. Skipping connection attempt.
[2024-12-23T05:01:00.035Z] Device at 10.30.4.128 is not reachable. Skipping connection attempt.
[2024-12-23T05:01:10.022Z] Device at 10.30.4.128 is not reachable. Skipping connection attempt.
[2024-12-23T05:01:20.035Z] Device at 10.30.4.128 is not reachable. Skipping connection attempt.
[2024-12-23T05:01:30.020Z] Device at 10.30.4.128 is not reachable. Skipping connection attempt.
[2024-12-23T05:01:40.033Z] Device at 10.30.4.128 is not reachable. Skipping connection attempt.
[2024-12-23T05:01:50.022Z] Device at 10.30.4.128 is not reachable. Skipping connection attempt.
[2024-12-23T05:02:00.037Z] Device at 10.30.4.128 is not reachable. Skipping connection attempt.
[2024-12-23T05:02:10.024Z] Device at 10.30.4.128 is not reachable. Skipping connection attempt.
[2024-12-23T05:02:20.026Z] Device at 10.30.4.128 is not reachable. Skipping connection attempt.
[2024-12-23T05:02:30.032Z] Device at 10.30.4.128 is not reachable. Skipping connection attempt.
[2024-12-23T05:02:40.023Z] Device at 10.30.4.128 is not reachable. Skipping connection attempt.
[2024-12-23T05:02:50.031Z] Device at 10.30.4.128 is not reachable. Skipping connection attempt.
[2024-12-23T05:03:00.022Z] Device at 10.30.4.128 is not reachable. Skipping connection attempt.
[2024-12-23T05:03:10.022Z] Device at 10.30.4.128 is not reachable. Skipping connection attempt.
[2024-12-23T05:03:20.027Z] Device at 10.30.4.128 is not reachable. Skipping connection attempt.
[2024-12-23T05:03:30.022Z] Device at 10.30.4.128 is not reachable. Skipping connection attempt.
[2024-12-23T05:03:40.020Z] Device at 10.30.4.128 is not reachable. Skipping connection attempt.
[2024-12-23T05:03:50.026Z] Device at 10.30.4.128 is not reachable. Skipping connection attempt.
[2024-12-23T05:04:00.034Z] Device at 10.30.4.128 is not reachable. Skipping connection attempt.
[2024-12-23T05:04:10.530Z] Device at 10.30.4.128 is not reachable. Skipping connection attempt.
[2024-12-23T05:04:20.518Z] Device at 10.30.4.128 is not reachable. Skipping connection attempt.
[2024-12-23T05:04:30.518Z] Device at 10.30.4.128 is not reachable. Skipping connection attempt.
[2024-12-23T05:04:40.031Z] Device at 10.30.4.128 is not reachable. Skipping connection attempt.
[2024-12-23T05:04:50.518Z] Device at 10.30.4.128 is not reachable. Skipping connection attempt.
[2024-12-23T05:05:00.531Z] Device at 10.30.4.128 is not reachable. Skipping connection attempt.
[2024-12-23T05:05:10.521Z] Device at 10.30.4.128 is not reachable. Skipping connection attempt.
[2024-12-23T05:05:20.528Z] Device at 10.30.4.128 is not reachable. Skipping connection attempt.
[2024-12-23T05:05:30.517Z] Device at 10.30.4.128 is not reachable. Skipping connection attempt.
[2024-12-23T05:05:40.515Z] Device at 10.30.4.128 is not reachable. Skipping connection attempt.
[2024-12-23T05:05:50.529Z] Device at 10.30.4.128 is not reachable. Skipping connection attempt.
[2024-12-23T05:06:00.523Z] Device at 10.30.4.128 is not reachable. Skipping connection attempt.
[2024-12-23T05:06:10.517Z] Device at 10.30.4.128 is not reachable. Skipping connection attempt.
[2024-12-23T05:06:20.527Z] Device at 10.30.4.128 is not reachable. Skipping connection attempt.
[2024-12-23T05:06:30.520Z] Device at 10.30.4.128 is not reachable. Skipping connection attempt.
[2024-12-23T05:06:40.519Z] Device at 10.30.4.128 is not reachable. Skipping connection attempt.
[2024-12-23T05:06:50.519Z] Device at 10.30.4.128 is not reachable. Skipping connection attempt.
[2024-12-23T05:07:00.519Z] Device at 10.30.4.128 is not reachable. Skipping connection attempt.
[2024-12-23T05:07:10.529Z] Device at 10.30.4.128 is not reachable. Skipping connection attempt.
[2024-12-23T05:07:20.518Z] Device at 10.30.4.128 is not reachable. Skipping connection attempt.
[2024-12-23T05:07:30.516Z] Device at 10.30.4.128 is not reachable. Skipping connection attempt.
[2024-12-23T05:07:40.520Z] Device at 10.30.4.128 is not reachable. Skipping connection attempt.
[2024-12-23T05:07:50.527Z] Device at 10.30.4.128 is not reachable. Skipping connection attempt.
[2024-12-23T05:08:00.524Z] Device at 10.30.4.128 is not reachable. Skipping connection attempt.
[2024-12-23T05:08:10.528Z] Device at 10.30.4.128 is not reachable. Skipping connection attempt.
[2024-12-23T05:08:20.518Z] Device at 10.30.4.128 is not reachable. Skipping connection attempt.
[2024-12-23T05:08:30.520Z] Device at 10.30.4.128 is not reachable. Skipping connection attempt.
[2024-12-23T05:08:40.518Z] Device at 10.30.4.128 is not reachable. Skipping connection attempt.
[2024-12-23T05:08:50.522Z] Device at 10.30.4.128 is not reachable. Skipping connection attempt.
[2024-12-23T05:09:00.526Z] Device at 10.30.4.128 is not reachable. Skipping connection attempt.
[2024-12-23T05:09:10.524Z] Device at 10.30.4.128 is not reachable. Skipping connection attempt.
[2024-12-23T05:09:20.527Z] Device at 10.30.4.128 is not reachable. Skipping connection attempt.
[2024-12-23T05:09:30.527Z] Device at 10.30.4.128 is not reachable. Skipping connection attempt.
[2024-12-23T05:09:40.527Z] Device at 10.30.4.128 is not reachable. Skipping connection attempt.
[2024-12-23T05:09:50.519Z] Device at 10.30.4.128 is not reachable. Skipping connection attempt.
[2024-12-23T05:10:00.522Z] Device at 10.30.4.128 is not reachable. Skipping connection attempt.
[2024-12-23T05:10:10.523Z] Device at 10.30.4.128 is not reachable. Skipping connection attempt.
[2024-12-23T05:10:20.515Z] Device at 10.30.4.128 is not reachable. Skipping connection attempt.
[2024-12-23T05:10:30.519Z] Device at 10.30.4.128 is not reachable. Skipping connection attempt.
[2024-12-23T05:10:40.531Z] Device at 10.30.4.128 is not reachable. Skipping connection attempt.
[2024-12-23T05:10:50.516Z] Device at 10.30.4.128 is not reachable. Skipping connection attempt.
[2024-12-23T05:11:00.515Z] Device at 10.30.4.128 is not reachable. Skipping connection attempt.
[2024-12-23T05:11:10.513Z] Device at 10.30.4.128 is not reachable. Skipping connection attempt.
[2024-12-23T05:11:20.527Z] Device at 10.30.4.128 is not reachable. Skipping connection attempt.
[2024-12-23T05:11:30.527Z] Device at 10.30.4.128 is not reachable. Skipping connection attempt.
[2024-12-23T05:11:40.517Z] Device at 10.30.4.128 is not reachable. Skipping connection attempt.
[2024-12-23T05:11:50.519Z] Device at 10.30.4.128 is not reachable. Skipping connection attempt.
[2024-12-23T05:12:00.519Z] Device at 10.30.4.128 is not reachable. Skipping connection attempt.
[2024-12-23T05:12:10.524Z] Device at 10.30.4.128 is not reachable. Skipping connection attempt.
[2024-12-23T05:12:20.528Z] Device at 10.30.4.128 is not reachable. Skipping connection attempt.
[2024-12-23T05:12:30.519Z] Device at 10.30.4.128 is not reachable. Skipping connection attempt.
[2024-12-23T05:12:40.517Z] Device at 10.30.4.128 is not reachable. Skipping connection attempt.
[2024-12-23T05:12:50.519Z] Device at 10.30.4.128 is not reachable. Skipping connection attempt.
[2024-12-23T05:13:00.513Z] Device at 10.30.4.128 is not reachable. Skipping connection attempt.
[2024-12-23T05:13:10.519Z] Device at 10.30.4.128 is not reachable. Skipping connection attempt.
[2024-12-23T05:13:20.516Z] Device at 10.30.4.128 is not reachable. Skipping connection attempt.
[2024-12-23T05:13:30.521Z] Device at 10.30.4.128 is not reachable. Skipping connection attempt.
[2024-12-23T05:13:40.527Z] Device at 10.30.4.128 is not reachable. Skipping connection attempt.
[2024-12-23T05:13:50.515Z] Device at 10.30.4.128 is not reachable. Skipping connection attempt.
[2024-12-23T05:14:00.522Z] Device at 10.30.4.128 is not reachable. Skipping connection attempt.
[2024-12-23T05:14:10.516Z] Device at 10.30.4.128 is not reachable. Skipping connection attempt.
[2024-12-23T05:14:20.527Z] Device at 10.30.4.128 is not reachable. Skipping connection attempt.
[2024-12-23T05:14:30.524Z] Device at 10.30.4.128 is not reachable. Skipping connection attempt.
[2024-12-23T05:14:40.522Z] Device at 10.30.4.128 is not reachable. Skipping connection attempt.
[2024-12-23T05:14:50.525Z] Device at 10.30.4.128 is not reachable. Skipping connection attempt.
[2024-12-23T05:15:00.516Z] Device at 10.30.4.128 is not reachable. Skipping connection attempt.
[2024-12-23T05:15:11.017Z] Device at 10.30.4.128 is not reachable. Skipping connection attempt.
[2024-12-23T05:15:21.021Z] Device at 10.30.4.128 is not reachable. Skipping connection attempt.
[2024-12-23T05:15:31.024Z] Device at 10.30.4.128 is not reachable. Skipping connection attempt.
[2024-12-23T05:15:41.016Z] Device at 10.30.4.128 is not reachable. Skipping connection attempt.
[2024-12-23T05:15:51.015Z] Device at 10.30.4.128 is not reachable. Skipping connection attempt.
[2024-12-23T05:16:01.020Z] Device at 10.30.4.128 is not reachable. Skipping connection attempt.
[2024-12-23T05:16:11.028Z] Device at 10.30.4.128 is not reachable. Skipping connection attempt.
[2024-12-23T05:16:21.035Z] Device at 10.30.4.128 is not reachable. Skipping connection attempt.
[2024-12-23T05:16:31.025Z] Device at 10.30.4.128 is not reachable. Skipping connection attempt.
[2024-12-23T05:16:41.023Z] Device at 10.30.4.128 is not reachable. Skipping connection attempt.
[2024-12-23T05:16:51.025Z] Device at 10.30.4.128 is not reachable. Skipping connection attempt.
[2024-12-23T05:17:01.015Z] Device at 10.30.4.128 is not reachable. Skipping connection attempt.
[2024-12-23T05:17:11.028Z] Device at 10.30.4.128 is not reachable. Skipping connection attempt.
[2024-12-23T05:17:21.026Z] Device at 10.30.4.128 is not reachable. Skipping connection attempt.
[2024-12-23T05:17:31.020Z] Device at 10.30.4.128 is not reachable. Skipping connection attempt.
[2024-12-23T05:17:41.024Z] Device at 10.30.4.128 is not reachable. Skipping connection attempt.
[2024-12-23T05:17:51.029Z] Device at 10.30.4.128 is not reachable. Skipping connection attempt.
[2024-12-23T05:18:01.025Z] Device at 10.30.4.128 is not reachable. Skipping connection attempt.
[2024-12-23T05:18:11.027Z] Device at 10.30.4.128 is not reachable. Skipping connection attempt.
[2024-12-23T05:18:21.024Z] Device at 10.30.4.128 is not reachable. Skipping connection attempt.
[2024-12-23T05:18:31.017Z] Device at 10.30.4.128 is not reachable. Skipping connection attempt.
[2024-12-23T05:18:41.019Z] Device at 10.30.4.128 is not reachable. Skipping connection attempt.
[2024-12-23T05:18:51.016Z] Device at 10.30.4.128 is not reachable. Skipping connection attempt.
[2024-12-23T05:19:01.015Z] Device at 10.30.4.128 is not reachable. Skipping connection attempt.
[2024-12-23T05:19:11.020Z] Device at 10.30.4.128 is not reachable. Skipping connection attempt.
[2024-12-23T05:19:21.023Z] Device at 10.30.4.128 is not reachable. Skipping connection attempt.
[2024-12-23T05:19:31.017Z] Device at 10.30.4.128 is not reachable. Skipping connection attempt.
[2024-12-23T05:19:41.020Z] Device at 10.30.4.128 is not reachable. Skipping connection attempt.
[2024-12-23T05:19:51.023Z] Device at 10.30.4.128 is not reachable. Skipping connection attempt.
[2024-12-23T05:20:01.014Z] Device at 10.30.4.128 is not reachable. Skipping connection attempt.
[2024-12-23T05:20:11.016Z] Device at 10.30.4.128 is not reachable. Skipping connection attempt.
[2024-12-23T05:20:21.020Z] Device at 10.30.4.128 is not reachable. Skipping connection attempt.
[2024-12-23T05:20:31.013Z] Device at 10.30.4.128 is not reachable. Skipping connection attempt.
[2024-12-23T05:20:41.023Z] Device at 10.30.4.128 is not reachable. Skipping connection attempt.
[2024-12-23T05:20:51.027Z] Device at 10.30.4.128 is not reachable. Skipping connection attempt.
[2024-12-23T05:21:01.016Z] Device at 10.30.4.128 is not reachable. Skipping connection attempt.
[2024-12-23T05:21:11.023Z] Device at 10.30.4.128 is not reachable. Skipping connection attempt.
[2024-12-23T05:21:21.012Z] Device at 10.30.4.128 is not reachable. Skipping connection attempt.
[2024-12-23T05:21:31.024Z] Device at 10.30.4.128 is not reachable. Skipping connection attempt.
[2024-12-23T05:21:41.015Z] Device at 10.30.4.128 is not reachable. Skipping connection attempt.
[2024-12-23T05:21:51.017Z] Device at 10.30.4.128 is not reachable. Skipping connection attempt.
[2024-12-23T05:22:01.022Z] Device at 10.30.4.128 is not reachable. Skipping connection attempt.
[2024-12-23T05:22:11.013Z] Device at 10.30.4.128 is not reachable. Skipping connection attempt.
[2024-12-23T05:22:21.025Z] Device at 10.30.4.128 is not reachable. Skipping connection attempt.
[2024-12-23T05:22:31.015Z] Device at 10.30.4.128 is not reachable. Skipping connection attempt.
[2024-12-23T05:22:41.010Z] Device at 10.30.4.128 is not reachable. Skipping connection attempt.
[2024-12-23T05:22:51.016Z] Device at 10.30.4.128 is not reachable. Skipping connection attempt.
[2024-12-23T05:23:01.012Z] Device at 10.30.4.128 is not reachable. Skipping connection attempt.
[2024-12-23T05:23:11.017Z] Device at 10.30.4.128 is not reachable. Skipping connection attempt.
[2024-12-23T05:23:21.022Z] Device at 10.30.4.128 is not reachable. Skipping connection attempt.
[2024-12-23T05:23:31.014Z] Device at 10.30.4.128 is not reachable. Skipping connection attempt.
[2024-12-23T05:23:41.019Z] Device at 10.30.4.128 is not reachable. Skipping connection attempt.
[2024-12-23T05:23:51.009Z] Device at 10.30.4.128 is not reachable. Skipping connection attempt.
[2024-12-23T05:24:01.011Z] Device at 10.30.4.128 is not reachable. Skipping connection attempt.
[2024-12-23T05:24:11.017Z] Device at 10.30.4.128 is not reachable. Skipping connection attempt.
[2024-12-23T05:24:21.023Z] Device at 10.30.4.128 is not reachable. Skipping connection attempt.
[2024-12-23T05:24:31.022Z] Device at 10.30.4.128 is not reachable. Skipping connection attempt.
[2024-12-23T05:24:41.015Z] Device at 10.30.4.128 is not reachable. Skipping connection attempt.
[2024-12-23T05:24:51.022Z] Device at 10.30.4.128 is not reachable. Skipping connection attempt.
[2024-12-23T05:25:01.013Z] Device at 10.30.4.128 is not reachable. Skipping connection attempt.
[2024-12-23T05:25:11.014Z] Device at 10.30.4.128 is not reachable. Skipping connection attempt.
[2024-12-23T05:25:21.018Z] Device at 10.30.4.128 is not reachable. Skipping connection attempt.
[2024-12-23T05:25:31.012Z] Device at 10.30.4.128 is not reachable. Skipping connection attempt.
[2024-12-23T05:25:41.017Z] Device at 10.30.4.128 is not reachable. Skipping connection attempt.
[2024-12-23T05:25:51.013Z] Device at 10.30.4.128 is not reachable. Skipping connection attempt.
[2024-12-23T05:26:01.010Z] Device at 10.30.4.128 is not reachable. Skipping connection attempt.
[2024-12-23T05:26:11.513Z] Device at 10.30.4.128 is not reachable. Skipping connection attempt.
[2024-12-23T05:26:21.509Z] Device at 10.30.4.128 is not reachable. Skipping connection attempt.
[2024-12-23T05:26:31.519Z] Device at 10.30.4.128 is not reachable. Skipping connection attempt.
[2024-12-23T05:26:41.510Z] Device at 10.30.4.128 is not reachable. Skipping connection attempt.
[2024-12-23T05:26:51.514Z] Device at 10.30.4.128 is not reachable. Skipping connection attempt.
[2024-12-23T05:27:01.511Z] Device at 10.30.4.128 is not reachable. Skipping connection attempt.
[2024-12-23T05:27:11.510Z] Device at 10.30.4.128 is not reachable. Skipping connection attempt.
[2024-12-23T05:27:21.512Z] Device at 10.30.4.128 is not reachable. Skipping connection attempt.
[2024-12-23T05:27:31.504Z] Device at 10.30.4.128 is not reachable. Skipping connection attempt.
[2024-12-23T05:27:41.503Z] Device at 10.30.4.128 is not reachable. Skipping connection attempt.
[2024-12-23T05:27:51.508Z] Device at 10.30.4.128 is not reachable. Skipping connection attempt.
[2024-12-23T05:28:01.510Z] Device at 10.30.4.128 is not reachable. Skipping connection attempt.
[2024-12-23T05:28:11.508Z] Device at 10.30.4.128 is not reachable. Skipping connection attempt.
[2024-12-23T05:28:21.517Z] Device at 10.30.4.128 is not reachable. Skipping connection attempt.
[2024-12-23T05:28:31.511Z] Device at 10.30.4.128 is not reachable. Skipping connection attempt.
[2024-12-23T05:28:41.511Z] Device at 10.30.4.128 is not reachable. Skipping connection attempt.
[2024-12-23T05:28:51.503Z] Device at 10.30.4.128 is not reachable. Skipping connection attempt.
[2024-12-23T05:29:01.505Z] Device at 10.30.4.128 is not reachable. Skipping connection attempt.
[2024-12-23T05:29:11.504Z] Device at 10.30.4.128 is not reachable. Skipping connection attempt.
[2024-12-23T05:29:21.510Z] Device at 10.30.4.128 is not reachable. Skipping connection attempt.
[2024-12-23T05:29:31.505Z] Device at 10.30.4.128 is not reachable. Skipping connection attempt.
[2024-12-23T05:29:41.504Z] Device at 10.30.4.128 is not reachable. Skipping connection attempt.
[2024-12-23T05:29:51.512Z] Device at 10.30.4.128 is not reachable. Skipping connection attempt.
[2024-12-23T05:30:01.503Z] Device at 10.30.4.128 is not reachable. Skipping connection attempt.
[2024-12-23T05:30:11.513Z] Device at 10.30.4.128 is not reachable. Skipping connection attempt.
[2024-12-23T05:30:21.504Z] Device at 10.30.4.128 is not reachable. Skipping connection attempt.
[2024-12-23T05:30:31.515Z] Device at 10.30.4.128 is not reachable. Skipping connection attempt.
[2024-12-23T05:30:41.508Z] Device at 10.30.4.128 is not reachable. Skipping connection attempt.
[2024-12-23T05:30:51.516Z] Device at 10.30.4.128 is not reachable. Skipping connection attempt.
[2024-12-23T05:31:01.511Z] Device at 10.30.4.128 is not reachable. Skipping connection attempt.
[2024-12-23T05:31:11.509Z] Device at 10.30.4.128 is not reachable. Skipping connection attempt.
[2024-12-23T05:31:21.507Z] Device at 10.30.4.128 is not reachable. Skipping connection attempt.
[2024-12-23T05:31:31.508Z] Device at 10.30.4.128 is not reachable. Skipping connection attempt.
[2024-12-23T05:31:41.507Z] Device at 10.30.4.128 is not reachable. Skipping connection attempt.
[2024-12-23T05:31:51.512Z] Device at 10.30.4.128 is not reachable. Skipping connection attempt.
[2024-12-23T05:32:01.511Z] Device at 10.30.4.128 is not reachable. Skipping connection attempt.
[2024-12-23T05:32:11.510Z] Device at 10.30.4.128 is not reachable. Skipping connection attempt.
[2024-12-23T05:32:21.512Z] Device at 10.30.4.128 is not reachable. Skipping connection attempt.
[2024-12-23T05:32:31.509Z] Device at 10.30.4.128 is not reachable. Skipping connection attempt.
[2024-12-23T05:32:41.498Z] Device at 10.30.4.128 is not reachable. Skipping connection attempt.
[2024-12-23T05:32:51.506Z] Device at 10.30.4.128 is not reachable. Skipping connection attempt.
[2024-12-23T05:33:01.513Z] Device at 10.30.4.128 is not reachable. Skipping connection attempt.
[2024-12-23T05:33:11.502Z] Device at 10.30.4.128 is not reachable. Skipping connection attempt.
[2024-12-23T05:33:21.503Z] Device at 10.30.4.128 is not reachable. Skipping connection attempt.
[2024-12-23T05:33:31.519Z] Device at 10.30.4.128 is not reachable. Skipping connection attempt.
[2024-12-23T05:33:41.509Z] Device at 10.30.4.128 is not reachable. Skipping connection attempt.
[2024-12-23T05:33:51.516Z] Device at 10.30.4.128 is not reachable. Skipping connection attempt.
[2024-12-23T05:34:01.513Z] Device at 10.30.4.128 is not reachable. Skipping connection attempt.
[2024-12-23T05:34:11.509Z] Device at 10.30.4.128 is not reachable. Skipping connection attempt.
[2024-12-23T05:34:21.513Z] Device at 10.30.4.128 is not reachable. Skipping connection attempt.
[2024-12-23T05:34:31.504Z] Device at 10.30.4.128 is not reachable. Skipping connection attempt.
[2024-12-23T05:34:41.497Z] Device at 10.30.4.128 is not reachable. Skipping connection attempt.
[2024-12-23T05:34:51.503Z] Device at 10.30.4.128 is not reachable. Skipping connection attempt.
[2024-12-23T05:35:01.500Z] Device at 10.30.4.128 is not reachable. Skipping connection attempt.
[2024-12-23T05:35:11.500Z] Device at 10.30.4.128 is not reachable. Skipping connection attempt.
[2024-12-23T05:35:21.519Z] Device at 10.30.4.128 is not reachable. Skipping connection attempt.
[2024-12-23T05:35:31.505Z] Device at 10.30.4.128 is not reachable. Skipping connection attempt.
[2024-12-23T05:35:41.512Z] Device at 10.30.4.128 is not reachable. Skipping connection attempt.
[2024-12-23T05:35:51.509Z] Device at 10.30.4.128 is not reachable. Skipping connection attempt.
[2024-12-23T05:36:01.507Z] Device at 10.30.4.128 is not reachable. Skipping connection attempt.
[2024-12-23T05:36:11.510Z] Device at 10.30.4.128 is not reachable. Skipping connection attempt.
[2024-12-23T05:36:22.006Z] Device at 10.30.4.128 is not reachable. Skipping connection attempt.
[2024-12-23T05:36:32.007Z] Device at 10.30.4.128 is not reachable. Skipping connection attempt.
[2024-12-23T05:36:42.007Z] Device at 10.30.4.128 is not reachable. Skipping connection attempt.
[2024-12-23T05:36:51.997Z] Device at 10.30.4.128 is not reachable. Skipping connection attempt.
[2024-12-23T05:37:02.000Z] Device at 10.30.4.128 is not reachable. Skipping connection attempt.
[2024-12-23T05:37:12.009Z] Device at 10.30.4.128 is not reachable. Skipping connection attempt.
[2024-12-23T05:37:22.003Z] Device at 10.30.4.128 is not reachable. Skipping connection attempt.
[2024-12-23T05:37:31.996Z] Device at 10.30.4.128 is not reachable. Skipping connection attempt.
[2024-12-23T05:37:42.000Z] Device at 10.30.4.128 is not reachable. Skipping connection attempt.
[2024-12-23T05:37:52.005Z] Device at 10.30.4.128 is not reachable. Skipping connection attempt.
[2024-12-23T05:38:02.005Z] Device at 10.30.4.128 is not reachable. Skipping connection attempt.
[2024-12-23T05:38:12.010Z] Device at 10.30.4.128 is not reachable. Skipping connection attempt.
[2024-12-23T05:38:22.001Z] Device at 10.30.4.128 is not reachable. Skipping connection attempt.
[2024-12-23T05:38:32.009Z] Device at 10.30.4.128 is not reachable. Skipping connection attempt.
[2024-12-23T05:38:42.000Z] Device at 10.30.4.128 is not reachable. Skipping connection attempt.
[2024-12-23T05:38:52.008Z] Device at 10.30.4.128 is not reachable. Skipping connection attempt.
[2024-12-23T05:39:02.010Z] Device at 10.30.4.128 is not reachable. Skipping connection attempt.
[2024-12-23T05:39:12.010Z] Device at 10.30.4.128 is not reachable. Skipping connection attempt.
[2024-12-23T05:39:22.013Z] Device at 10.30.4.128 is not reachable. Skipping connection attempt.
[2024-12-23T05:39:32.011Z] Device at 10.30.4.128 is not reachable. Skipping connection attempt.
[2024-12-23T05:39:42.007Z] Device at 10.30.4.128 is not reachable. Skipping connection attempt.
[2024-12-23T05:39:52.005Z] Device at 10.30.4.128 is not reachable. Skipping connection attempt.
[2024-12-23T05:40:02.008Z] Device at 10.30.4.128 is not reachable. Skipping connection attempt.
[2024-12-23T05:40:12.013Z] Device at 10.30.4.128 is not reachable. Skipping connection attempt.
[2024-12-23T05:40:21.996Z] Device at 10.30.4.128 is not reachable. Skipping connection attempt.
[2024-12-23T05:40:31.999Z] Device at 10.30.4.128 is not reachable. Skipping connection attempt.
[2024-12-23T05:40:41.995Z] Device at 10.30.4.128 is not reachable. Skipping connection attempt.
[2024-12-23T05:40:52.009Z] Device at 10.30.4.128 is not reachable. Skipping connection attempt.
[2024-12-23T05:41:02.000Z] Device at 10.30.4.128 is not reachable. Skipping connection attempt.
[2024-12-23T05:41:12.006Z] Device at 10.30.4.128 is not reachable. Skipping connection attempt.
[2024-12-23T05:41:22.005Z] Device at 10.30.4.128 is not reachable. Skipping connection attempt.
[2024-12-23T05:41:32.003Z] Device at 10.30.4.128 is not reachable. Skipping connection attempt.
[2024-12-23T05:41:42.005Z] Device at 10.30.4.128 is not reachable. Skipping connection attempt.
[2024-12-23T05:41:51.993Z] Device at 10.30.4.128 is not reachable. Skipping connection attempt.
[2024-12-23T05:42:28.495Z] Device at 10.30.4.128 is not reachable. Skipping connection attempt.
[2024-12-23T05:42:38.506Z] Device at 10.30.4.128 is not reachable. Skipping connection attempt.
[2024-12-23T05:42:48.501Z] Device at 10.30.4.128 is not reachable. Skipping connection attempt.
[2024-12-23T05:42:58.494Z] Device at 10.30.4.128 is not reachable. Skipping connection attempt.
[2024-12-23T05:43:08.505Z] Device at 10.30.4.128 is not reachable. Skipping connection attempt.
[2024-12-23T05:43:18.503Z] Device at 10.30.4.128 is not reachable. Skipping connection attempt.
[2024-12-23T05:43:28.497Z] Device at 10.30.4.128 is not reachable. Skipping connection attempt.
[2024-12-23T05:43:38.496Z] Device at 10.30.4.128 is not reachable. Skipping connection attempt.
[2024-12-23T05:43:48.498Z] Device at 10.30.4.128 is not reachable. Skipping connection attempt.
[2024-12-23T05:43:58.514Z] Device at 10.30.4.128 is not reachable. Skipping connection attempt.
[2024-12-23T05:44:08.496Z] Device at 10.30.4.128 is not reachable. Skipping connection attempt.
[2024-12-23T05:44:18.499Z] Device at 10.30.4.128 is not reachable. Skipping connection attempt.
[2024-12-23T05:44:28.502Z] Device at 10.30.4.128 is not reachable. Skipping connection attempt.
[2024-12-23T05:44:38.505Z] Device at 10.30.4.128 is not reachable. Skipping connection attempt.
[2024-12-23T05:44:48.505Z] Device at 10.30.4.128 is not reachable. Skipping connection attempt.
[2024-12-23T05:44:58.507Z] Device at 10.30.4.128 is not reachable. Skipping connection attempt.
[2024-12-23T05:45:08.503Z] Device at 10.30.4.128 is not reachable. Skipping connection attempt.
[2024-12-23T05:45:18.502Z] Device at 10.30.4.128 is not reachable. Skipping connection attempt.
[2024-12-23T05:45:28.499Z] Device at 10.30.4.128 is not reachable. Skipping connection attempt.
[2024-12-23T05:45:38.500Z] Device at 10.30.4.128 is not reachable. Skipping connection attempt.
[2024-12-23T05:45:48.501Z] Device at 10.30.4.128 is not reachable. Skipping connection attempt.
[2024-12-23T05:45:58.503Z] Device at 10.30.4.128 is not reachable. Skipping connection attempt.
[2024-12-23T05:46:08.494Z] Device at 10.30.4.128 is not reachable. Skipping connection attempt.
[2024-12-23T05:46:18.495Z] Device at 10.30.4.128 is not reachable. Skipping connection attempt.
[2024-12-23T05:46:28.497Z] Device at 10.30.4.128 is not reachable. Skipping connection attempt.
[2024-12-23T05:46:38.500Z] Device at 10.30.4.128 is not reachable. Skipping connection attempt.
[2024-12-23T05:46:48.502Z] Device at 10.30.4.128 is not reachable. Skipping connection attempt.
[2024-12-23T05:46:58.505Z] Device at 10.30.4.128 is not reachable. Skipping connection attempt.
[2024-12-23T05:47:09.002Z] Device at 10.30.4.128 is not reachable. Skipping connection attempt.
[2024-12-23T05:47:19.005Z] Device at 10.30.4.128 is not reachable. Skipping connection attempt.
[2024-12-23T05:47:29.006Z] Device at 10.30.4.128 is not reachable. Skipping connection attempt.
[2024-12-23T05:47:38.998Z] Device at 10.30.4.128 is not reachable. Skipping connection attempt.
[2024-12-23T05:47:48.997Z] Device at 10.30.4.128 is not reachable. Skipping connection attempt.
[2024-12-23T05:47:59.001Z] Device at 10.30.4.128 is not reachable. Skipping connection attempt.
[2024-12-23T05:48:09.001Z] Device at 10.30.4.128 is not reachable. Skipping connection attempt.
[2024-12-23T05:48:18.992Z] Device at 10.30.4.128 is not reachable. Skipping connection attempt.
[2024-12-23T05:48:28.998Z] Device at 10.30.4.128 is not reachable. Skipping connection attempt.
[2024-12-23T05:48:38.996Z] Device at 10.30.4.128 is not reachable. Skipping connection attempt.
[2024-12-23T05:48:48.997Z] Device at 10.30.4.128 is not reachable. Skipping connection attempt.
[2024-12-23T05:48:58.993Z] Device at 10.30.4.128 is not reachable. Skipping connection attempt.
[2024-12-23T05:49:08.996Z] Device at 10.30.4.128 is not reachable. Skipping connection attempt.
[2024-12-23T05:49:19.004Z] Device at 10.30.4.128 is not reachable. Skipping connection attempt.
[2024-12-23T05:49:28.996Z] Device at 10.30.4.128 is not reachable. Skipping connection attempt.
[2024-12-23T05:49:38.995Z] Device at 10.30.4.128 is not reachable. Skipping connection attempt.
[2024-12-23T05:49:48.990Z] Device at 10.30.4.128 is not reachable. Skipping connection attempt.
[2024-12-23T05:49:58.997Z] Device at 10.30.4.128 is not reachable. Skipping connection attempt.
[2024-12-23T05:50:08.999Z] Device at 10.30.4.128 is not reachable. Skipping connection attempt.
[2024-12-23T05:50:19.004Z] Device at 10.30.4.128 is not reachable. Skipping connection attempt.
[2024-12-23T05:50:29.004Z] Device at 10.30.4.128 is not reachable. Skipping connection attempt.
[2024-12-23T05:50:39.004Z] Device at 10.30.4.128 is not reachable. Skipping connection attempt.
[2024-12-23T05:50:49.001Z] Device at 10.30.4.128 is not reachable. Skipping connection attempt.
[2024-12-23T05:50:58.999Z] Device at 10.30.4.128 is not reachable. Skipping connection attempt.
[2024-12-23T05:51:08.997Z] Device at 10.30.4.128 is not reachable. Skipping connection attempt.
[2024-12-23T05:51:18.997Z] Device at 10.30.4.128 is not reachable. Skipping connection attempt.
[2024-12-23T05:51:29.004Z] Device at 10.30.4.128 is not reachable. Skipping connection attempt.
[2024-12-23T05:51:39.003Z] Device at 10.30.4.128 is not reachable. Skipping connection attempt.
[2024-12-23T05:51:48.998Z] Device at 10.30.4.128 is not reachable. Skipping connection attempt.
[2024-12-23T05:51:58.990Z] Device at 10.30.4.128 is not reachable. Skipping connection attempt.
[2024-12-23T05:52:08.991Z] Device at 10.30.4.128 is not reachable. Skipping connection attempt.
[2024-12-23T05:52:18.990Z] Device at 10.30.4.128 is not reachable. Skipping connection attempt.
[2024-12-23T05:52:28.998Z] Device at 10.30.4.128 is not reachable. Skipping connection attempt.
[2024-12-23T05:52:38.994Z] Device at 10.30.4.128 is not reachable. Skipping connection attempt.
[2024-12-23T05:52:48.991Z] Device at 10.30.4.128 is not reachable. Skipping connection attempt.
[2024-12-23T05:52:58.997Z] Device at 10.30.4.128 is not reachable. Skipping connection attempt.
[2024-12-23T05:53:08.997Z] Device at 10.30.4.128 is not reachable. Skipping connection attempt.
[2024-12-23T05:53:19.000Z] Device at 10.30.4.128 is not reachable. Skipping connection attempt.
[2024-12-23T05:53:28.991Z] Device at 10.30.4.128 is not reachable. Skipping connection attempt.
[2024-12-23T05:53:49.994Z] Device at 10.30.4.128 is not reachable. Skipping connection attempt.
[2024-12-23T05:54:00.009Z] Device at 10.30.4.128 is not reachable. Skipping connection attempt.
[2024-12-23T05:54:10.001Z] Device at 10.30.4.128 is not reachable. Skipping connection attempt.
[2024-12-23T05:54:18.501Z] Device at 10.30.4.128 is not reachable. Skipping connection attempt.
[2024-12-23T05:54:44.992Z] Device at 10.30.4.128 is not reachable. Skipping connection attempt.
[2024-12-23T05:54:54.997Z] Device at 10.30.4.128 is not reachable. Skipping connection attempt.
[2024-12-23T05:55:04.990Z] Device at 10.30.4.128 is not reachable. Skipping connection attempt.
[2024-12-23T05:55:15.499Z] Device at 10.30.4.128 is not reachable. Skipping connection attempt.
[2024-12-23T05:55:28.499Z] Device at 10.30.4.128 is not reachable. Skipping connection attempt.
[2024-12-23T05:55:38.500Z] Device at 10.30.4.128 is not reachable. Skipping connection attempt.
[2024-12-23T05:55:48.500Z] Device at 10.30.4.128 is not reachable. Skipping connection attempt.
[2024-12-23T05:55:58.499Z] Device at 10.30.4.128 is not reachable. Skipping connection attempt.
[2024-12-23T05:56:08.501Z] Device at 10.30.4.128 is not reachable. Skipping connection attempt.
[2024-12-23T05:56:18.493Z] Device at 10.30.4.128 is not reachable. Skipping connection attempt.
[2024-12-23T05:56:28.501Z] Device at 10.30.4.128 is not reachable. Skipping connection attempt.
[2024-12-23T05:56:38.501Z] Device at 10.30.4.128 is not reachable. Skipping connection attempt.
[2024-12-23T05:56:48.496Z] Device at 10.30.4.128 is not reachable. Skipping connection attempt.
[2024-12-23T05:56:58.492Z] Device at 10.30.4.128 is not reachable. Skipping connection attempt.
[2024-12-23T05:57:08.490Z] Device at 10.30.4.128 is not reachable. Skipping connection attempt.
[2024-12-23T05:57:18.501Z] Device at 10.30.4.128 is not reachable. Skipping connection attempt.
[2024-12-23T05:57:28.494Z] Device at 10.30.4.128 is not reachable. Skipping connection attempt.
[2024-12-23T05:57:38.499Z] Device at 10.30.4.128 is not reachable. Skipping connection attempt.
[2024-12-23T05:57:48.496Z] Device at 10.30.4.128 is not reachable. Skipping connection attempt.
[2024-12-23T05:57:58.501Z] Device at 10.30.4.128 is not reachable. Skipping connection attempt.
[2024-12-23T05:58:08.503Z] Device at 10.30.4.128 is not reachable. Skipping connection attempt.
[2024-12-23T05:58:18.492Z] Device at 10.30.4.128 is not reachable. Skipping connection attempt.
[2024-12-23T05:58:28.489Z] Device at 10.30.4.128 is not reachable. Skipping connection attempt.
[2024-12-23T05:58:38.503Z] Device at 10.30.4.128 is not reachable. Skipping connection attempt.
[2024-12-23T05:58:48.493Z] Device at 10.30.4.128 is not reachable. Skipping connection attempt.
[2024-12-23T05:58:58.501Z] Device at 10.30.4.128 is not reachable. Skipping connection attempt.
[2024-12-23T05:59:08.500Z] Device at 10.30.4.128 is not reachable. Skipping connection attempt.
[2024-12-23T05:59:18.496Z] Device at 10.30.4.128 is not reachable. Skipping connection attempt.
[2024-12-23T05:59:28.502Z] Device at 10.30.4.128 is not reachable. Skipping connection attempt.
[2024-12-23T05:59:38.494Z] Device at 10.30.4.128 is not reachable. Skipping connection attempt.
[2024-12-23T05:59:48.490Z] Device at 10.30.4.128 is not reachable. Skipping connection attempt.
[2024-12-23T05:59:58.495Z] Device at 10.30.4.128 is not reachable. Skipping connection attempt.
[2024-12-23T06:00:08.502Z] Device at 10.30.4.128 is not reachable. Skipping connection attempt.
[2024-12-23T06:00:18.489Z] Device at 10.30.4.128 is not reachable. Skipping connection attempt.
[2024-12-23T06:00:28.491Z] Device at 10.30.4.128 is not reachable. Skipping connection attempt.
[2024-12-23T06:00:38.496Z] Device at 10.30.4.128 is not reachable. Skipping connection attempt.
[2024-12-23T06:00:48.992Z] Device at 10.30.4.128 is not reachable. Skipping connection attempt.
[2024-12-23T06:00:59.007Z] Device at 10.30.4.128 is not reachable. Skipping connection attempt.
[2024-12-23T06:01:08.995Z] Device at 10.30.4.128 is not reachable. Skipping connection attempt.
[2024-12-23T06:01:18.989Z] Device at 10.30.4.128 is not reachable. Skipping connection attempt.
[2024-12-23T06:01:29.010Z] Device at 10.30.4.128 is not reachable. Skipping connection attempt.
[2024-12-23T06:01:38.996Z] Device at 10.30.4.128 is not reachable. Skipping connection attempt.
[2024-12-23T06:01:49.005Z] Device at 10.30.4.128 is not reachable. Skipping connection attempt.
[2024-12-23T06:01:58.989Z] Device at 10.30.4.128 is not reachable. Skipping connection attempt.
[2024-12-23T06:02:09.002Z] Device at 10.30.4.128 is not reachable. Skipping connection attempt.
[2024-12-23T06:02:18.995Z] Device at 10.30.4.128 is not reachable. Skipping connection attempt.
[2024-12-23T06:02:28.993Z] Device at 10.30.4.128 is not reachable. Skipping connection attempt.
[2024-12-23T06:02:38.991Z] Device at 10.30.4.128 is not reachable. Skipping connection attempt.
[2024-12-23T06:02:48.992Z] Device at 10.30.4.128 is not reachable. Skipping connection attempt.
[2024-12-23T06:02:58.997Z] Device at 10.30.4.128 is not reachable. Skipping connection attempt.
[2024-12-23T06:03:08.998Z] Device at 10.30.4.128 is not reachable. Skipping connection attempt.
[2024-12-23T06:03:18.988Z] Device at 10.30.4.128 is not reachable. Skipping connection attempt.
[2024-12-23T06:03:23.495Z] Device at 10.30.4.128 is not reachable. Skipping connection attempt.
[2024-12-23T06:03:33.991Z] Device at 10.30.4.128 is not reachable. Skipping connection attempt.
[2024-12-23T06:03:37.490Z] Device at 10.30.4.128 is not reachable. Skipping connection attempt.
[2024-12-23T06:03:53.496Z] Device at 10.30.4.128 is not reachable. Skipping connection attempt.
[2024-12-23T06:04:00.000Z] Device at 10.30.4.128 is not reachable. Skipping connection attempt.
[2024-12-23T06:04:30.988Z] Device at 10.30.4.128 is not reachable. Skipping connection attempt.
[2024-12-23T06:04:40.999Z] Device at 10.30.4.128 is not reachable. Skipping connection attempt.
[2024-12-23T06:04:51.004Z] Device at 10.30.4.128 is not reachable. Skipping connection attempt.
[2024-12-23T06:05:01.000Z] Device at 10.30.4.128 is not reachable. Skipping connection attempt.
[2024-12-23T06:05:10.994Z] Device at 10.30.4.128 is not reachable. Skipping connection attempt.
[2024-12-23T06:05:20.994Z] Device at 10.30.4.128 is not reachable. Skipping connection attempt.
[2024-12-23T06:05:30.995Z] Device at 10.30.4.128 is not reachable. Skipping connection attempt.
[2024-12-23T06:05:40.995Z] Device at 10.30.4.128 is not reachable. Skipping connection attempt.
[2024-12-23T06:05:50.991Z] Device at 10.30.4.128 is not reachable. Skipping connection attempt.
[2024-12-23T06:06:00.996Z] Device at 10.30.4.128 is not reachable. Skipping connection attempt.
[2024-12-23T06:06:07.497Z] Device at 10.30.4.128 is not reachable. Skipping connection attempt.
[2024-12-23T06:06:17.498Z] Device at 10.30.4.128 is not reachable. Skipping connection attempt.
[2024-12-23T06:06:27.497Z] Device at 10.30.4.128 is not reachable. Skipping connection attempt.
[2024-12-23T06:06:37.491Z] Device at 10.30.4.128 is not reachable. Skipping connection attempt.
[2024-12-23T06:06:47.487Z] Device at 10.30.4.128 is not reachable. Skipping connection attempt.
[2024-12-23T06:06:57.488Z] Device at 10.30.4.128 is not reachable. Skipping connection attempt.
[2024-12-23T06:07:07.489Z] Device at 10.30.4.128 is not reachable. Skipping connection attempt.
[2024-12-23T06:07:17.488Z] Device at 10.30.4.128 is not reachable. Skipping connection attempt.
[2024-12-23T06:07:27.499Z] Device at 10.30.4.128 is not reachable. Skipping connection attempt.
[2024-12-23T06:07:37.496Z] Device at 10.30.4.128 is not reachable. Skipping connection attempt.
[2024-12-23T06:07:47.490Z] Device at 10.30.4.128 is not reachable. Skipping connection attempt.
[2024-12-23T06:07:57.502Z] Device at 10.30.4.128 is not reachable. Skipping connection attempt.
[2024-12-23T06:08:07.488Z] Device at 10.30.4.128 is not reachable. Skipping connection attempt.
[2024-12-23T06:08:17.485Z] Device at 10.30.4.128 is not reachable. Skipping connection attempt.
[2024-12-23T06:08:24.996Z] Device at 10.30.4.128 is not reachable. Skipping connection attempt.
[2024-12-23T06:08:34.996Z] Device at 10.30.4.128 is not reachable. Skipping connection attempt.
[2024-12-23T06:08:44.999Z] Device at 10.30.4.128 is not reachable. Skipping connection attempt.
[2024-12-23T06:08:54.986Z] Device at 10.30.4.128 is not reachable. Skipping connection attempt.
[2024-12-23T06:09:04.989Z] Device at 10.30.4.128 is not reachable. Skipping connection attempt.
[2024-12-23T06:09:14.991Z] Device at 10.30.4.128 is not reachable. Skipping connection attempt.
[2024-12-23T06:09:24.994Z] Device at 10.30.4.128 is not reachable. Skipping connection attempt.
[2024-12-23T06:09:34.993Z] Device at 10.30.4.128 is not reachable. Skipping connection attempt.
[2024-12-23T06:09:44.986Z] Device at 10.30.4.128 is not reachable. Skipping connection attempt.
[2024-12-23T06:09:54.995Z] Device at 10.30.4.128 is not reachable. Skipping connection attempt.
[2024-12-23T06:10:04.993Z] Device at 10.30.4.128 is not reachable. Skipping connection attempt.
[2024-12-23T06:10:11.488Z] Device at 10.30.4.128 is not reachable. Skipping connection attempt.
[2024-12-23T06:10:21.487Z] Device at 10.30.4.128 is not reachable. Skipping connection attempt.
[2024-12-23T06:10:29.498Z] Device at 10.30.4.128 is not reachable. Skipping connection attempt.
[2024-12-23T06:10:38.994Z] Device at 10.30.4.128 is not reachable. Skipping connection attempt.
[2024-12-23T06:10:44.511Z] Device at 10.30.4.128 is not reachable. Skipping connection attempt.
[2024-12-23T06:10:54.494Z] Device at 10.30.4.128 is not reachable. Skipping connection attempt.
[2024-12-23T06:11:04.492Z] Device at 10.30.4.128 is not reachable. Skipping connection attempt.
[2024-12-23T06:11:14.998Z] Device at 10.30.4.128 is not reachable. Skipping connection attempt.
[2024-12-23T06:11:24.990Z] Device at 10.30.4.128 is not reachable. Skipping connection attempt.
[2024-12-23T06:11:35.494Z] Device at 10.30.4.128 is not reachable. Skipping connection attempt.
[2024-12-23T06:11:40.492Z] Device at 10.30.4.128 is not reachable. Skipping connection attempt.
[2024-12-23T06:11:51.994Z] Device at 10.30.4.128 is not reachable. Skipping connection attempt.
[2024-12-23T06:12:03.494Z] Device at 10.30.4.128 is not reachable. Skipping connection attempt.
[2024-12-23T06:12:13.493Z] Device at 10.30.4.128 is not reachable. Skipping connection attempt.
[2024-12-23T06:12:23.495Z] Device at 10.30.4.128 is not reachable. Skipping connection attempt.
[2024-12-23T06:12:33.498Z] Device at 10.30.4.128 is not reachable. Skipping connection attempt.
[2024-12-23T06:12:43.492Z] Device at 10.30.4.128 is not reachable. Skipping connection attempt.
[2024-12-23T06:12:53.489Z] Device at 10.30.4.128 is not reachable. Skipping connection attempt.
[2024-12-23T06:13:03.498Z] Device at 10.30.4.128 is not reachable. Skipping connection attempt.
[2024-12-23T06:13:13.494Z] Device at 10.30.4.128 is not reachable. Skipping connection attempt.
[2024-12-23T06:13:23.506Z] Device at 10.30.4.128 is not reachable. Skipping connection attempt.
[2024-12-23T06:13:33.485Z] Device at 10.30.4.128 is not reachable. Skipping connection attempt.
[2024-12-23T06:13:43.497Z] Device at 10.30.4.128 is not reachable. Skipping connection attempt.
[2024-12-23T06:13:53.498Z] Device at 10.30.4.128 is not reachable. Skipping connection attempt.
[2024-12-23T06:14:03.488Z] Device at 10.30.4.128 is not reachable. Skipping connection attempt.
[2024-12-23T06:14:13.492Z] Device at 10.30.4.128 is not reachable. Skipping connection attempt.
[2024-12-23T06:14:23.485Z] Device at 10.30.4.128 is not reachable. Skipping connection attempt.
[2024-12-23T06:14:33.486Z] Device at 10.30.4.128 is not reachable. Skipping connection attempt.
[2024-12-23T06:14:43.488Z] Device at 10.30.4.128 is not reachable. Skipping connection attempt.
[2024-12-23T06:14:53.490Z] Device at 10.30.4.128 is not reachable. Skipping connection attempt.
[2024-12-23T06:15:03.489Z] Device at 10.30.4.128 is not reachable. Skipping connection attempt.
[2024-12-23T06:15:13.497Z] Device at 10.30.4.128 is not reachable. Skipping connection attempt.
[2024-12-23T06:15:23.485Z] Device at 10.30.4.128 is not reachable. Skipping connection attempt.
[2024-12-23T06:15:33.492Z] Device at 10.30.4.128 is not reachable. Skipping connection attempt.
[2024-12-23T06:15:43.502Z] Device at 10.30.4.128 is not reachable. Skipping connection attempt.
[2024-12-23T06:15:53.492Z] Device at 10.30.4.128 is not reachable. Skipping connection attempt.
[2024-12-23T06:16:03.486Z] Device at 10.30.4.128 is not reachable. Skipping connection attempt.
[2024-12-23T06:16:13.490Z] Device at 10.30.4.128 is not reachable. Skipping connection attempt.
[2024-12-23T06:16:23.497Z] Device at 10.30.4.128 is not reachable. Skipping connection attempt.
[2024-12-23T06:16:33.495Z] Device at 10.30.4.128 is not reachable. Skipping connection attempt.
[2024-12-23T06:16:43.502Z] Device at 10.30.4.128 is not reachable. Skipping connection attempt.
[2024-12-23T06:16:53.497Z] Device at 10.30.4.128 is not reachable. Skipping connection attempt.
[2024-12-23T06:17:03.485Z] Device at 10.30.4.128 is not reachable. Skipping connection attempt.
[2024-12-23T06:17:13.495Z] Device at 10.30.4.128 is not reachable. Skipping connection attempt.
[2024-12-23T06:17:23.501Z] Device at 10.30.4.128 is not reachable. Skipping connection attempt.
[2024-12-23T06:17:33.489Z] Device at 10.30.4.128 is not reachable. Skipping connection attempt.
[2024-12-23T06:17:43.498Z] Device at 10.30.4.128 is not reachable. Skipping connection attempt.
[2024-12-23T06:17:53.488Z] Device at 10.30.4.128 is not reachable. Skipping connection attempt.
[2024-12-23T06:18:03.498Z] Device at 10.30.4.128 is not reachable. Skipping connection attempt.
[2024-12-23T06:18:13.491Z] Device at 10.30.4.128 is not reachable. Skipping connection attempt.
[2024-12-23T06:18:22.485Z] Device at 10.30.4.128 is not reachable. Skipping connection attempt.
[2024-12-23T06:18:32.497Z] Device at 10.30.4.128 is not reachable. Skipping connection attempt.
[2024-12-23T06:18:42.494Z] Device at 10.30.4.128 is not reachable. Skipping connection attempt.
[2024-12-23T06:18:52.492Z] Device at 10.30.4.128 is not reachable. Skipping connection attempt.
[2024-12-23T06:19:02.502Z] Device at 10.30.4.128 is not reachable. Skipping connection attempt.
[2024-12-23T06:19:12.499Z] Device at 10.30.4.128 is not reachable. Skipping connection attempt.
[2024-12-23T06:19:22.489Z] Device at 10.30.4.128 is not reachable. Skipping connection attempt.
[2024-12-23T06:19:32.490Z] Device at 10.30.4.128 is not reachable. Skipping connection attempt.
[2024-12-23T06:19:42.498Z] Device at 10.30.4.128 is not reachable. Skipping connection attempt.
[2024-12-23T06:19:52.485Z] Device at 10.30.4.128 is not reachable. Skipping connection attempt.
[2024-12-23T06:20:02.494Z] Device at 10.30.4.128 is not reachable. Skipping connection attempt.
[2024-12-23T06:20:12.487Z] Device at 10.30.4.128 is not reachable. Skipping connection attempt.
[2024-12-23T06:20:22.487Z] Device at 10.30.4.128 is not reachable. Skipping connection attempt.
[2024-12-23T06:20:32.491Z] Device at 10.30.4.128 is not reachable. Skipping connection attempt.
[2024-12-23T06:20:42.491Z] Device at 10.30.4.128 is not reachable. Skipping connection attempt.
[2024-12-23T06:20:52.999Z] Device at 10.30.4.128 is not reachable. Skipping connection attempt.
[2024-12-23T06:21:02.491Z] Device at 10.30.4.128 is not reachable. Skipping connection attempt.
[2024-12-23T06:21:12.992Z] Device at 10.30.4.128 is not reachable. Skipping connection attempt.
[2024-12-23T06:21:22.997Z] Device at 10.30.4.128 is not reachable. Skipping connection attempt.
[2024-12-23T06:21:32.992Z] Device at 10.30.4.128 is not reachable. Skipping connection attempt.
[2024-12-23T06:21:42.991Z] Device at 10.30.4.128 is not reachable. Skipping connection attempt.
[2024-12-23T06:21:52.990Z] Device at 10.30.4.128 is not reachable. Skipping connection attempt.
[2024-12-23T06:22:02.990Z] Device at 10.30.4.128 is not reachable. Skipping connection attempt.
[2024-12-23T06:22:12.984Z] Device at 10.30.4.128 is not reachable. Skipping connection attempt.
[2024-12-23T06:22:22.986Z] Device at 10.30.4.128 is not reachable. Skipping connection attempt.
[2024-12-23T06:22:32.983Z] Device at 10.30.4.128 is not reachable. Skipping connection attempt.
[2024-12-23T06:22:42.999Z] Device at 10.30.4.128 is not reachable. Skipping connection attempt.
[2024-12-23T06:22:52.985Z] Device at 10.30.4.128 is not reachable. Skipping connection attempt.
[2024-12-23T06:23:02.986Z] Device at 10.30.4.128 is not reachable. Skipping connection attempt.
[2024-12-23T06:23:12.983Z] Device at 10.30.4.128 is not reachable. Skipping connection attempt.
[2024-12-23T06:23:22.990Z] Device at 10.30.4.128 is not reachable. Skipping connection attempt.
[2024-12-23T06:23:32.991Z] Device at 10.30.4.128 is not reachable. Skipping connection attempt.
[2024-12-23T06:23:42.993Z] Device at 10.30.4.128 is not reachable. Skipping connection attempt.
[2024-12-23T06:23:52.991Z] Device at 10.30.4.128 is not reachable. Skipping connection attempt.
[2024-12-23T06:24:02.992Z] Device at 10.30.4.128 is not reachable. Skipping connection attempt.
[2024-12-23T06:24:13.010Z] Device at 10.30.4.128 is not reachable. Skipping connection attempt.
[2024-12-23T06:24:22.999Z] Device at 10.30.4.128 is not reachable. Skipping connection attempt.
[2024-12-23T06:24:32.985Z] Device at 10.30.4.128 is not reachable. Skipping connection attempt.
[2024-12-23T06:24:42.995Z] Device at 10.30.4.128 is not reachable. Skipping connection attempt.
[2024-12-23T06:24:52.992Z] Device at 10.30.4.128 is not reachable. Skipping connection attempt.
[2024-12-23T06:25:02.989Z] Device at 10.30.4.128 is not reachable. Skipping connection attempt.
[2024-12-23T06:25:12.989Z] Device at 10.30.4.128 is not reachable. Skipping connection attempt.
[2024-12-23T06:25:22.994Z] Device at 10.30.4.128 is not reachable. Skipping connection attempt.
[2024-12-23T06:25:32.994Z] Device at 10.30.4.128 is not reachable. Skipping connection attempt.
[2024-12-23T06:25:42.996Z] Device at 10.30.4.128 is not reachable. Skipping connection attempt.
[2024-12-23T06:25:52.995Z] Device at 10.30.4.128 is not reachable. Skipping connection attempt.
[2024-12-23T06:26:02.998Z] Device at 10.30.4.128 is not reachable. Skipping connection attempt.
[2024-12-23T06:26:12.985Z] Device at 10.30.4.128 is not reachable. Skipping connection attempt.
[2024-12-23T06:26:22.984Z] Device at 10.30.4.128 is not reachable. Skipping connection attempt.
[2024-12-23T06:26:32.991Z] Device at 10.30.4.128 is not reachable. Skipping connection attempt.
[2024-12-23T06:26:42.994Z] Device at 10.30.4.128 is not reachable. Skipping connection attempt.
[2024-12-23T06:26:52.989Z] Device at 10.30.4.128 is not reachable. Skipping connection attempt.
[2024-12-23T06:27:02.996Z] Device at 10.30.4.128 is not reachable. Skipping connection attempt.
[2024-12-23T06:27:12.987Z] Device at 10.30.4.128 is not reachable. Skipping connection attempt.
[2024-12-23T06:27:22.989Z] Device at 10.30.4.128 is not reachable. Skipping connection attempt.
[2024-12-23T06:27:32.993Z] Device at 10.30.4.128 is not reachable. Skipping connection attempt.
[2024-12-23T06:27:42.982Z] Device at 10.30.4.128 is not reachable. Skipping connection attempt.
[2024-12-23T06:27:52.994Z] Device at 10.30.4.128 is not reachable. Skipping connection attempt.
[2024-12-23T06:28:02.993Z] Device at 10.30.4.128 is not reachable. Skipping connection attempt.
[2024-12-23T06:28:12.996Z] Device at 10.30.4.128 is not reachable. Skipping connection attempt.
[2024-12-23T06:28:22.990Z] Device at 10.30.4.128 is not reachable. Skipping connection attempt.
[2024-12-23T06:28:32.991Z] Device at 10.30.4.128 is not reachable. Skipping connection attempt.
[2024-12-23T06:28:42.990Z] Device at 10.30.4.128 is not reachable. Skipping connection attempt.
[2024-12-23T06:28:52.987Z] Device at 10.30.4.128 is not reachable. Skipping connection attempt.
[2024-12-23T06:29:02.994Z] Device at 10.30.4.128 is not reachable. Skipping connection attempt.
[2024-12-23T06:29:12.993Z] Device at 10.30.4.128 is not reachable. Skipping connection attempt.
[2024-12-23T06:29:22.996Z] Device at 10.30.4.128 is not reachable. Skipping connection attempt.
[2024-12-23T06:29:32.995Z] Device at 10.30.4.128 is not reachable. Skipping connection attempt.
[2024-12-23T06:29:42.986Z] Device at 10.30.4.128 is not reachable. Skipping connection attempt.
[2024-12-23T06:29:52.996Z] Device at 10.30.4.128 is not reachable. Skipping connection attempt.
[2024-12-23T06:30:02.986Z] Device at 10.30.4.128 is not reachable. Skipping connection attempt.
[2024-12-23T06:30:12.989Z] Device at 10.30.4.128 is not reachable. Skipping connection attempt.
[2024-12-23T06:30:22.994Z] Device at 10.30.4.128 is not reachable. Skipping connection attempt.
[2024-12-23T06:30:32.995Z] Device at 10.30.4.128 is not reachable. Skipping connection attempt.
[2024-12-23T06:30:42.988Z] Device at 10.30.4.128 is not reachable. Skipping connection attempt.
[2024-12-23T06:30:52.985Z] Device at 10.30.4.128 is not reachable. Skipping connection attempt.
[2024-12-23T06:31:02.995Z] Device at 10.30.4.128 is not reachable. Skipping connection attempt.
[2024-12-23T06:31:12.985Z] Device at 10.30.4.128 is not reachable. Skipping connection attempt.
[2024-12-23T06:31:22.986Z] Device at 10.30.4.128 is not reachable. Skipping connection attempt.
[2024-12-23T06:31:32.982Z] Device at 10.30.4.128 is not reachable. Skipping connection attempt.
[2024-12-23T06:31:42.993Z] Device at 10.30.4.128 is not reachable. Skipping connection attempt.
[2024-12-23T06:31:52.984Z] Device at 10.30.4.128 is not reachable. Skipping connection attempt.
[2024-12-23T06:32:02.990Z] Device at 10.30.4.128 is not reachable. Skipping connection attempt.
[2024-12-23T06:32:12.993Z] Device at 10.30.4.128 is not reachable. Skipping connection attempt.
[2024-12-23T06:32:22.994Z] Device at 10.30.4.128 is not reachable. Skipping connection attempt.
[2024-12-23T06:32:32.982Z] Device at 10.30.4.128 is not reachable. Skipping connection attempt.
[2024-12-23T06:32:43.487Z] Device at 10.30.4.128 is not reachable. Skipping connection attempt.
[2024-12-23T06:32:53.482Z] Device at 10.30.4.128 is not reachable. Skipping connection attempt.
[2024-12-23T06:33:03.489Z] Device at 10.30.4.128 is not reachable. Skipping connection attempt.
[2024-12-23T06:33:13.488Z] Device at 10.30.4.128 is not reachable. Skipping connection attempt.
[2024-12-23T06:33:23.493Z] Device at 10.30.4.128 is not reachable. Skipping connection attempt.
[2024-12-23T06:33:33.485Z] Device at 10.30.4.128 is not reachable. Skipping connection attempt.
[2024-12-23T06:33:43.493Z] Device at 10.30.4.128 is not reachable. Skipping connection attempt.
[2024-12-23T06:33:53.489Z] Device at 10.30.4.128 is not reachable. Skipping connection attempt.
[2024-12-23T06:34:03.493Z] Device at 10.30.4.128 is not reachable. Skipping connection attempt.
[2024-12-23T06:34:13.484Z] Device at 10.30.4.128 is not reachable. Skipping connection attempt.
[2024-12-23T06:34:23.489Z] Device at 10.30.4.128 is not reachable. Skipping connection attempt.
[2024-12-23T06:34:33.490Z] Device at 10.30.4.128 is not reachable. Skipping connection attempt.
[2024-12-23T06:34:43.495Z] Device at 10.30.4.128 is not reachable. Skipping connection attempt.
[2024-12-23T06:34:53.483Z] Device at 10.30.4.128 is not reachable. Skipping connection attempt.
[2024-12-23T06:35:03.493Z] Device at 10.30.4.128 is not reachable. Skipping connection attempt.
[2024-12-23T06:35:13.485Z] Device at 10.30.4.128 is not reachable. Skipping connection attempt.
[2024-12-23T06:35:23.490Z] Device at 10.30.4.128 is not reachable. Skipping connection attempt.
[2024-12-23T06:35:33.493Z] Device at 10.30.4.128 is not reachable. Skipping connection attempt.
[2024-12-23T06:35:43.487Z] Device at 10.30.4.128 is not reachable. Skipping connection attempt.
[2024-12-23T06:35:53.479Z] Device at 10.30.4.128 is not reachable. Skipping connection attempt.
[2024-12-23T06:36:03.493Z] Device at 10.30.4.128 is not reachable. Skipping connection attempt.
[2024-12-23T06:36:13.487Z] Device at 10.30.4.128 is not reachable. Skipping connection attempt.
[2024-12-23T06:36:23.491Z] Device at 10.30.4.128 is not reachable. Skipping connection attempt.
[2024-12-23T06:36:33.495Z] Device at 10.30.4.128 is not reachable. Skipping connection attempt.
[2024-12-23T06:36:43.489Z] Device at 10.30.4.128 is not reachable. Skipping connection attempt.
[2024-12-23T06:36:53.483Z] Device at 10.30.4.128 is not reachable. Skipping connection attempt.
[2024-12-23T06:37:03.489Z] Device at 10.30.4.128 is not reachable. Skipping connection attempt.
[2024-12-23T06:37:13.489Z] Device at 10.30.4.128 is not reachable. Skipping connection attempt.
[2024-12-23T06:37:23.484Z] Device at 10.30.4.128 is not reachable. Skipping connection attempt.
[2024-12-23T06:37:33.494Z] Device at 10.30.4.128 is not reachable. Skipping connection attempt.
[2024-12-23T06:37:43.479Z] Device at 10.30.4.128 is not reachable. Skipping connection attempt.
[2024-12-23T06:37:53.479Z] Device at 10.30.4.128 is not reachable. Skipping connection attempt.
[2024-12-23T06:38:03.491Z] Device at 10.30.4.128 is not reachable. Skipping connection attempt.
[2024-12-23T06:38:13.491Z] Device at 10.30.4.128 is not reachable. Skipping connection attempt.
[2024-12-23T06:38:23.484Z] Device at 10.30.4.128 is not reachable. Skipping connection attempt.
[2024-12-23T06:38:33.481Z] Device at 10.30.4.128 is not reachable. Skipping connection attempt.
[2024-12-23T06:38:43.491Z] Device at 10.30.4.128 is not reachable. Skipping connection attempt.
[2024-12-23T06:38:53.485Z] Device at 10.30.4.128 is not reachable. Skipping connection attempt.
[2024-12-23T06:39:03.484Z] Device at 10.30.4.128 is not reachable. Skipping connection attempt.
[2024-12-23T06:39:13.492Z] Device at 10.30.4.128 is not reachable. Skipping connection attempt.
[2024-12-23T06:39:23.479Z] Device at 10.30.4.128 is not reachable. Skipping connection attempt.
[2024-12-23T06:39:33.493Z] Device at 10.30.4.128 is not reachable. Skipping connection attempt.
[2024-12-23T06:39:43.489Z] Device at 10.30.4.128 is not reachable. Skipping connection attempt.
[2024-12-23T06:39:53.488Z] Device at 10.30.4.128 is not reachable. Skipping connection attempt.
[2024-12-23T06:40:03.491Z] Device at 10.30.4.128 is not reachable. Skipping connection attempt.
[2024-12-23T06:40:13.489Z] Device at 10.30.4.128 is not reachable. Skipping connection attempt.
[2024-12-23T06:40:23.488Z] Device at 10.30.4.128 is not reachable. Skipping connection attempt.
[2024-12-23T06:40:33.479Z] Device at 10.30.4.128 is not reachable. Skipping connection attempt.
[2024-12-23T06:40:43.489Z] Device at 10.30.4.128 is not reachable. Skipping connection attempt.
[2024-12-23T06:40:53.486Z] Device at 10.30.4.128 is not reachable. Skipping connection attempt.
[2024-12-23T06:41:03.486Z] Device at 10.30.4.128 is not reachable. Skipping connection attempt.
[2024-12-23T06:41:13.479Z] Device at 10.30.4.128 is not reachable. Skipping connection attempt.
[2024-12-23T06:41:23.481Z] Device at 10.30.4.128 is not reachable. Skipping connection attempt.
[2024-12-23T06:41:33.489Z] Device at 10.30.4.128 is not reachable. Skipping connection attempt.
[2024-12-23T06:41:43.491Z] Device at 10.30.4.128 is not reachable. Skipping connection attempt.
[2024-12-23T06:41:53.483Z] Device at 10.30.4.128 is not reachable. Skipping connection attempt.
[2024-12-23T06:42:03.486Z] Device at 10.30.4.128 is not reachable. Skipping connection attempt.
[2024-12-23T06:42:13.480Z] Device at 10.30.4.128 is not reachable. Skipping connection attempt.
[2024-12-23T06:42:23.489Z] Device at 10.30.4.128 is not reachable. Skipping connection attempt.
[2024-12-23T06:42:33.486Z] Device at 10.30.4.128 is not reachable. Skipping connection attempt.
[2024-12-23T06:42:43.480Z] Device at 10.30.4.128 is not reachable. Skipping connection attempt.
[2024-12-23T06:42:53.480Z] Device at 10.30.4.128 is not reachable. Skipping connection attempt.
[2024-12-23T06:43:03.479Z] Device at 10.30.4.128 is not reachable. Skipping connection attempt.
[2024-12-23T06:43:13.479Z] Device at 10.30.4.128 is not reachable. Skipping connection attempt.
[2024-12-23T06:43:23.482Z] Device at 10.30.4.128 is not reachable. Skipping connection attempt.
[2024-12-23T06:43:33.487Z] Device at 10.30.4.128 is not reachable. Skipping connection attempt.
[2024-12-23T06:43:43.480Z] Device at 10.30.4.128 is not reachable. Skipping connection attempt.
[2024-12-23T06:43:53.482Z] Device at 10.30.4.128 is not reachable. Skipping connection attempt.
[2024-12-23T06:44:03.488Z] Device at 10.30.4.128 is not reachable. Skipping connection attempt.
[2024-12-23T06:44:13.485Z] Device at 10.30.4.128 is not reachable. Skipping connection attempt.
[2024-12-23T06:44:23.477Z] Device at 10.30.4.128 is not reachable. Skipping connection attempt.
[2024-12-23T06:44:33.480Z] Device at 10.30.4.128 is not reachable. Skipping connection attempt.
[2024-12-23T06:44:43.990Z] Device at 10.30.4.128 is not reachable. Skipping connection attempt.
[2024-12-23T06:44:53.986Z] Device at 10.30.4.128 is not reachable. Skipping connection attempt.
[2024-12-23T06:45:03.986Z] Device at 10.30.4.128 is not reachable. Skipping connection attempt.
[2024-12-23T06:45:13.978Z] Device at 10.30.4.128 is not reachable. Skipping connection attempt.
[2024-12-23T06:45:23.978Z] Device at 10.30.4.128 is not reachable. Skipping connection attempt.
[2024-12-23T06:45:33.976Z] Device at 10.30.4.128 is not reachable. Skipping connection attempt.
[2024-12-23T06:45:43.979Z] Device at 10.30.4.128 is not reachable. Skipping connection attempt.
[2024-12-23T06:45:53.989Z] Device at 10.30.4.128 is not reachable. Skipping connection attempt.
[2024-12-23T06:46:03.979Z] Device at 10.30.4.128 is not reachable. Skipping connection attempt.
[2024-12-23T06:46:13.979Z] Device at 10.30.4.128 is not reachable. Skipping connection attempt.
[2024-12-23T06:46:23.979Z] Device at 10.30.4.128 is not reachable. Skipping connection attempt.
[2024-12-23T06:46:33.979Z] Device at 10.30.4.128 is not reachable. Skipping connection attempt.
[2024-12-23T06:46:43.979Z] Device at 10.30.4.128 is not reachable. Skipping connection attempt.
[2024-12-23T06:46:53.992Z] Device at 10.30.4.128 is not reachable. Skipping connection attempt.
[2024-12-23T06:47:03.988Z] Device at 10.30.4.128 is not reachable. Skipping connection attempt.
[2024-12-23T06:47:13.982Z] Device at 10.30.4.128 is not reachable. Skipping connection attempt.
[2024-12-23T06:47:23.990Z] Device at 10.30.4.128 is not reachable. Skipping connection attempt.
[2024-12-23T06:47:33.986Z] Device at 10.30.4.128 is not reachable. Skipping connection attempt.
[2024-12-23T06:47:43.987Z] Device at 10.30.4.128 is not reachable. Skipping connection attempt.
[2024-12-23T06:47:53.984Z] Device at 10.30.4.128 is not reachable. Skipping connection attempt.
[2024-12-23T06:48:03.984Z] Device at 10.30.4.128 is not reachable. Skipping connection attempt.
[2024-12-23T06:48:13.984Z] Device at 10.30.4.128 is not reachable. Skipping connection attempt.
[2024-12-23T06:48:23.982Z] Device at 10.30.4.128 is not reachable. Skipping connection attempt.
[2024-12-23T06:48:33.986Z] Device at 10.30.4.128 is not reachable. Skipping connection attempt.
[2024-12-23T06:48:43.984Z] Device at 10.30.4.128 is not reachable. Skipping connection attempt.
[2024-12-23T06:48:53.982Z] Device at 10.30.4.128 is not reachable. Skipping connection attempt.
[2024-12-23T06:49:03.989Z] Device at 10.30.4.128 is not reachable. Skipping connection attempt.
[2024-12-23T06:49:13.977Z] Device at 10.30.4.128 is not reachable. Skipping connection attempt.
[2024-12-23T06:49:23.984Z] Device at 10.30.4.128 is not reachable. Skipping connection attempt.
[2024-12-23T06:49:33.986Z] Device at 10.30.4.128 is not reachable. Skipping connection attempt.
[2024-12-23T06:49:43.976Z] Device at 10.30.4.128 is not reachable. Skipping connection attempt.
[2024-12-23T06:49:53.975Z] Device at 10.30.4.128 is not reachable. Skipping connection attempt.
[2024-12-23T06:50:03.981Z] Device at 10.30.4.128 is not reachable. Skipping connection attempt.
[2024-12-23T06:50:13.988Z] Device at 10.30.4.128 is not reachable. Skipping connection attempt.
[2024-12-23T06:50:23.977Z] Device at 10.30.4.128 is not reachable. Skipping connection attempt.
[2024-12-23T06:50:33.974Z] Device at 10.30.4.128 is not reachable. Skipping connection attempt.
[2024-12-23T06:50:43.999Z] Device at 10.30.4.128 is not reachable. Skipping connection attempt.
[2024-12-23T06:50:53.988Z] Device at 10.30.4.128 is not reachable. Skipping connection attempt.
[2024-12-23T06:51:03.988Z] Device at 10.30.4.128 is not reachable. Skipping connection attempt.
[2024-12-23T06:51:13.988Z] Device at 10.30.4.128 is not reachable. Skipping connection attempt.
[2024-12-23T06:51:23.981Z] Device at 10.30.4.128 is not reachable. Skipping connection attempt.
[2024-12-23T06:51:33.983Z] Device at 10.30.4.128 is not reachable. Skipping connection attempt.
[2024-12-23T06:51:43.984Z] Device at 10.30.4.128 is not reachable. Skipping connection attempt.
[2024-12-23T06:51:53.984Z] Device at 10.30.4.128 is not reachable. Skipping connection attempt.
[2024-12-23T06:52:03.986Z] Device at 10.30.4.128 is not reachable. Skipping connection attempt.
[2024-12-23T06:52:13.978Z] Device at 10.30.4.128 is not reachable. Skipping connection attempt.
[2024-12-23T06:52:23.977Z] Device at 10.30.4.128 is not reachable. Skipping connection attempt.
[2024-12-23T06:52:33.976Z] Device at 10.30.4.128 is not reachable. Skipping connection attempt.
[2024-12-23T06:52:43.981Z] Device at 10.30.4.128 is not reachable. Skipping connection attempt.
[2024-12-23T06:52:53.979Z] Device at 10.30.4.128 is not reachable. Skipping connection attempt.
[2024-12-23T06:53:03.976Z] Device at 10.30.4.128 is not reachable. Skipping connection attempt.
[2024-12-23T06:53:13.976Z] Device at 10.30.4.128 is not reachable. Skipping connection attempt.
[2024-12-23T06:53:23.989Z] Device at 10.30.4.128 is not reachable. Skipping connection attempt.
[2024-12-23T06:53:33.982Z] Device at 10.30.4.128 is not reachable. Skipping connection attempt.
[2024-12-23T06:53:43.982Z] Device at 10.30.4.128 is not reachable. Skipping connection attempt.
[2024-12-23T06:53:53.985Z] Device at 10.30.4.128 is not reachable. Skipping connection attempt.
[2024-12-23T06:54:03.977Z] Device at 10.30.4.128 is not reachable. Skipping connection attempt.
[2024-12-23T06:54:13.978Z] Device at 10.30.4.128 is not reachable. Skipping connection attempt.
[2024-12-23T06:54:23.979Z] Device at 10.30.4.128 is not reachable. Skipping connection attempt.
[2024-12-23T06:54:33.989Z] Device at 10.30.4.128 is not reachable. Skipping connection attempt.
[2024-12-23T06:54:43.980Z] Device at 10.30.4.128 is not reachable. Skipping connection attempt.
[2024-12-23T06:54:53.978Z] Device at 10.30.4.128 is not reachable. Skipping connection attempt.
[2024-12-23T06:55:03.987Z] Device at 10.30.4.128 is not reachable. Skipping connection attempt.
[2024-12-23T06:55:13.979Z] Device at 10.30.4.128 is not reachable. Skipping connection attempt.
[2024-12-23T06:55:24.484Z] Device at 10.30.4.128 is not reachable. Skipping connection attempt.
[2024-12-23T06:55:34.483Z] Device at 10.30.4.128 is not reachable. Skipping connection attempt.
[2024-12-23T06:55:44.486Z] Device at 10.30.4.128 is not reachable. Skipping connection attempt.
[2024-12-23T06:55:54.481Z] Device at 10.30.4.128 is not reachable. Skipping connection attempt.
[2024-12-23T06:56:04.480Z] Device at 10.30.4.128 is not reachable. Skipping connection attempt.
[2024-12-23T06:56:14.479Z] Device at 10.30.4.128 is not reachable. Skipping connection attempt.
[2024-12-23T06:56:24.481Z] Device at 10.30.4.128 is not reachable. Skipping connection attempt.
[2024-12-23T06:56:34.503Z] Device at 10.30.4.128 is not reachable. Skipping connection attempt.
[2024-12-23T06:56:44.485Z] Device at 10.30.4.128 is not reachable. Skipping connection attempt.
[2024-12-23T06:56:54.537Z] Device at 10.30.4.128 is not reachable. Skipping connection attempt.
[2024-12-23T06:57:04.484Z] Device at 10.30.4.128 is not reachable. Skipping connection attempt.
[2024-12-23T06:57:14.523Z] Device at 10.30.4.128 is not reachable. Skipping connection attempt.
[2024-12-23T06:57:24.497Z] Device at 10.30.4.128 is not reachable. Skipping connection attempt.
[2024-12-23T06:57:34.495Z] Device at 10.30.4.128 is not reachable. Skipping connection attempt.
[2024-12-23T06:57:44.495Z] Device at 10.30.4.128 is not reachable. Skipping connection attempt.
[2024-12-23T06:57:54.497Z] Device at 10.30.4.128 is not reachable. Skipping connection attempt.
[2024-12-23T06:58:04.498Z] Device at 10.30.4.128 is not reachable. Skipping connection attempt.
[2024-12-23T06:58:14.481Z] Device at 10.30.4.128 is not reachable. Skipping connection attempt.
[2024-12-23T06:58:24.482Z] Device at 10.30.4.128 is not reachable. Skipping connection attempt.
[2024-12-23T06:58:34.483Z] Device at 10.30.4.128 is not reachable. Skipping connection attempt.
[2024-12-23T06:58:44.483Z] Device at 10.30.4.128 is not reachable. Skipping connection attempt.
[2024-12-23T06:58:54.489Z] Device at 10.30.4.128 is not reachable. Skipping connection attempt.
[2024-12-23T06:59:04.487Z] Device at 10.30.4.128 is not reachable. Skipping connection attempt.
[2024-12-23T06:59:14.484Z] Device at 10.30.4.128 is not reachable. Skipping connection attempt.
[2024-12-23T06:59:24.481Z] Device at 10.30.4.128 is not reachable. Skipping connection attempt.
[2024-12-23T06:59:34.481Z] Device at 10.30.4.128 is not reachable. Skipping connection attempt.
[2024-12-23T06:59:44.479Z] Device at 10.30.4.128 is not reachable. Skipping connection attempt.
[2024-12-23T06:59:54.483Z] Device at 10.30.4.128 is not reachable. Skipping connection attempt.
[2024-12-23T07:00:04.490Z] Device at 10.30.4.128 is not reachable. Skipping connection attempt.
[2024-12-23T07:00:14.487Z] Device at 10.30.4.128 is not reachable. Skipping connection attempt.
[2024-12-23T07:00:24.490Z] Device at 10.30.4.128 is not reachable. Skipping connection attempt.
[2024-12-23T07:00:34.486Z] Device at 10.30.4.128 is not reachable. Skipping connection attempt.
[2024-12-23T07:00:44.485Z] Device at 10.30.4.128 is not reachable. Skipping connection attempt.
[2024-12-23T07:00:54.482Z] Device at 10.30.4.128 is not reachable. Skipping connection attempt.
[2024-12-23T07:01:04.476Z] Device at 10.30.4.128 is not reachable. Skipping connection attempt.
[2024-12-23T07:01:14.477Z] Device at 10.30.4.128 is not reachable. Skipping connection attempt.
[2024-12-23T07:01:24.475Z] Device at 10.30.4.128 is not reachable. Skipping connection attempt.
[2024-12-23T07:01:34.487Z] Device at 10.30.4.128 is not reachable. Skipping connection attempt.
[2024-12-23T07:01:44.484Z] Device at 10.30.4.128 is not reachable. Skipping connection attempt.
[2024-12-23T07:01:54.480Z] Device at 10.30.4.128 is not reachable. Skipping connection attempt.
[2024-12-23T07:02:04.476Z] Device at 10.30.4.128 is not reachable. Skipping connection attempt.
[2024-12-23T07:02:14.479Z] Device at 10.30.4.128 is not reachable. Skipping connection attempt.
[2024-12-23T07:02:24.477Z] Device at 10.30.4.128 is not reachable. Skipping connection attempt.
[2024-12-23T07:02:34.480Z] Device at 10.30.4.128 is not reachable. Skipping connection attempt.
[2024-12-23T07:02:44.479Z] Device at 10.30.4.128 is not reachable. Skipping connection attempt.
[2024-12-23T07:02:54.487Z] Device at 10.30.4.128 is not reachable. Skipping connection attempt.
[2024-12-23T07:03:04.491Z] Device at 10.30.4.128 is not reachable. Skipping connection attempt.
[2024-12-23T07:03:14.484Z] Device at 10.30.4.128 is not reachable. Skipping connection attempt.
[2024-12-23T07:03:24.477Z] Device at 10.30.4.128 is not reachable. Skipping connection attempt.
[2024-12-23T07:03:34.482Z] Device at 10.30.4.128 is not reachable. Skipping connection attempt.
[2024-12-23T07:03:44.479Z] Device at 10.30.4.128 is not reachable. Skipping connection attempt.
[2024-12-23T07:03:54.481Z] Device at 10.30.4.128 is not reachable. Skipping connection attempt.
[2024-12-23T07:04:04.479Z] Device at 10.30.4.128 is not reachable. Skipping connection attempt.
[2024-12-23T07:04:14.488Z] Device at 10.30.4.128 is not reachable. Skipping connection attempt.
[2024-12-23T07:04:24.486Z] Device at 10.30.4.128 is not reachable. Skipping connection attempt.
[2024-12-23T07:04:34.482Z] Device at 10.30.4.128 is not reachable. Skipping connection attempt.
[2024-12-23T07:04:44.479Z] Device at 10.30.4.128 is not reachable. Skipping connection attempt.
[2024-12-23T07:04:54.487Z] Device at 10.30.4.128 is not reachable. Skipping connection attempt.
[2024-12-23T07:05:04.477Z] Device at 10.30.4.128 is not reachable. Skipping connection attempt.
[2024-12-23T07:05:14.502Z] Device at 10.30.4.128 is not reachable. Skipping connection attempt.
[2024-12-23T07:05:24.486Z] Device at 10.30.4.128 is not reachable. Skipping connection attempt.
[2024-12-23T07:05:34.483Z] Device at 10.30.4.128 is not reachable. Skipping connection attempt.
[2024-12-23T07:05:44.476Z] Device at 10.30.4.128 is not reachable. Skipping connection attempt.
[2024-12-23T07:05:54.481Z] Device at 10.30.4.128 is not reachable. Skipping connection attempt.
[2024-12-23T07:06:04.486Z] Device at 10.30.4.128 is not reachable. Skipping connection attempt.
[2024-12-23T07:06:14.484Z] Device at 10.30.4.128 is not reachable. Skipping connection attempt.
[2024-12-23T07:06:24.479Z] Device at 10.30.4.128 is not reachable. Skipping connection attempt.
[2024-12-23T07:06:34.484Z] Device at 10.30.4.128 is not reachable. Skipping connection attempt.
[2024-12-23T07:06:44.476Z] Device at 10.30.4.128 is not reachable. Skipping connection attempt.
[2024-12-23T07:06:54.978Z] Device at 10.30.4.128 is not reachable. Skipping connection attempt.
[2024-12-23T07:07:04.975Z] Device at 10.30.4.128 is not reachable. Skipping connection attempt.
[2024-12-23T07:07:14.978Z] Device at 10.30.4.128 is not reachable. Skipping connection attempt.
[2024-12-23T07:07:24.980Z] Device at 10.30.4.128 is not reachable. Skipping connection attempt.
[2024-12-23T07:07:34.981Z] Device at 10.30.4.128 is not reachable. Skipping connection attempt.
[2024-12-23T07:07:44.984Z] Device at 10.30.4.128 is not reachable. Skipping connection attempt.
[2024-12-23T07:07:54.984Z] Device at 10.30.4.128 is not reachable. Skipping connection attempt.
[2024-12-23T07:08:04.976Z] Device at 10.30.4.128 is not reachable. Skipping connection attempt.
[2024-12-23T07:08:14.982Z] Device at 10.30.4.128 is not reachable. Skipping connection attempt.
[2024-12-23T07:08:24.973Z] Device at 10.30.4.128 is not reachable. Skipping connection attempt.
[2024-12-23T07:08:34.986Z] Device at 10.30.4.128 is not reachable. Skipping connection attempt.
[2024-12-23T07:08:44.980Z] Device at 10.30.4.128 is not reachable. Skipping connection attempt.
[2024-12-23T07:08:54.977Z] Device at 10.30.4.128 is not reachable. Skipping connection attempt.
[2024-12-23T07:09:04.984Z] Device at 10.30.4.128 is not reachable. Skipping connection attempt.
[2024-12-23T07:09:14.982Z] Device at 10.30.4.128 is not reachable. Skipping connection attempt.
[2024-12-23T07:09:24.978Z] Device at 10.30.4.128 is not reachable. Skipping connection attempt.
[2024-12-23T07:09:34.986Z] Device at 10.30.4.128 is not reachable. Skipping connection attempt.
[2024-12-23T07:09:44.996Z] Device at 10.30.4.128 is not reachable. Skipping connection attempt.
[2024-12-23T07:09:54.983Z] Device at 10.30.4.128 is not reachable. Skipping connection attempt.
[2024-12-23T07:10:04.975Z] Device at 10.30.4.128 is not reachable. Skipping connection attempt.
[2024-12-23T07:10:14.974Z] Device at 10.30.4.128 is not reachable. Skipping connection attempt.
[2024-12-23T07:10:24.990Z] Device at 10.30.4.128 is not reachable. Skipping connection attempt.
[2024-12-23T07:10:34.986Z] Device at 10.30.4.128 is not reachable. Skipping connection attempt.
[2024-12-23T07:10:44.977Z] Device at 10.30.4.128 is not reachable. Skipping connection attempt.
[2024-12-23T07:10:54.978Z] Device at 10.30.4.128 is not reachable. Skipping connection attempt.
[2024-12-23T07:11:04.985Z] Device at 10.30.4.128 is not reachable. Skipping connection attempt.
[2024-12-23T07:11:14.982Z] Device at 10.30.4.128 is not reachable. Skipping connection attempt.
[2024-12-23T07:11:24.975Z] Device at 10.30.4.128 is not reachable. Skipping connection attempt.
[2024-12-23T07:11:34.981Z] Device at 10.30.4.128 is not reachable. Skipping connection attempt.
[2024-12-23T07:11:44.987Z] Device at 10.30.4.128 is not reachable. Skipping connection attempt.
[2024-12-23T07:11:54.981Z] Device at 10.30.4.128 is not reachable. Skipping connection attempt.
[2024-12-23T07:12:04.978Z] Device at 10.30.4.128 is not reachable. Skipping connection attempt.
[2024-12-23T07:12:14.977Z] Device at 10.30.4.128 is not reachable. Skipping connection attempt.
[2024-12-23T07:12:24.979Z] Device at 10.30.4.128 is not reachable. Skipping connection attempt.
[2024-12-23T07:12:34.975Z] Device at 10.30.4.128 is not reachable. Skipping connection attempt.
[2024-12-23T07:12:44.988Z] Device at 10.30.4.128 is not reachable. Skipping connection attempt.
[2024-12-23T07:12:54.977Z] Device at 10.30.4.128 is not reachable. Skipping connection attempt.
[2024-12-23T07:13:04.975Z] Device at 10.30.4.128 is not reachable. Skipping connection attempt.
[2024-12-23T07:13:14.975Z] Device at 10.30.4.128 is not reachable. Skipping connection attempt.
[2024-12-23T07:13:24.983Z] Device at 10.30.4.128 is not reachable. Skipping connection attempt.
[2024-12-23T07:13:34.977Z] Device at 10.30.4.128 is not reachable. Skipping connection attempt.
[2024-12-23T07:13:44.976Z] Device at 10.30.4.128 is not reachable. Skipping connection attempt.
[2024-12-23T07:13:54.979Z] Device at 10.30.4.128 is not reachable. Skipping connection attempt.
[2024-12-23T07:14:04.978Z] Device at 10.30.4.128 is not reachable. Skipping connection attempt.
[2024-12-23T07:14:14.980Z] Device at 10.30.4.128 is not reachable. Skipping connection attempt.
[2024-12-23T07:14:24.977Z] Device at 10.30.4.128 is not reachable. Skipping connection attempt.
[2024-12-23T07:14:34.990Z] Device at 10.30.4.128 is not reachable. Skipping connection attempt.
[2024-12-23T07:14:44.976Z] Device at 10.30.4.128 is not reachable. Skipping connection attempt.
[2024-12-23T07:14:54.974Z] Device at 10.30.4.128 is not reachable. Skipping connection attempt.
[2024-12-23T07:15:04.974Z] Device at 10.30.4.128 is not reachable. Skipping connection attempt.
[2024-12-23T07:15:14.977Z] Device at 10.30.4.128 is not reachable. Skipping connection attempt.
[2024-12-23T07:15:24.976Z] Device at 10.30.4.128 is not reachable. Skipping connection attempt.
[2024-12-23T07:15:34.981Z] Device at 10.30.4.128 is not reachable. Skipping connection attempt.
[2024-12-23T07:15:44.980Z] Device at 10.30.4.128 is not reachable. Skipping connection attempt.
[2024-12-23T07:15:54.977Z] Device at 10.30.4.128 is not reachable. Skipping connection attempt.
[2024-12-23T07:16:04.975Z] Device at 10.30.4.128 is not reachable. Skipping connection attempt.
[2024-12-23T07:16:14.981Z] Device at 10.30.4.128 is not reachable. Skipping connection attempt.
[2024-12-23T07:16:24.973Z] Device at 10.30.4.128 is not reachable. Skipping connection attempt.
[2024-12-23T07:16:34.975Z] Device at 10.30.4.128 is not reachable. Skipping connection attempt.
[2024-12-23T07:16:44.981Z] Device at 10.30.4.128 is not reachable. Skipping connection attempt.
[2024-12-23T07:16:55.474Z] Device at 10.30.4.128 is not reachable. Skipping connection attempt.
[2024-12-23T07:17:05.479Z] Device at 10.30.4.128 is not reachable. Skipping connection attempt.
[2024-12-23T07:17:15.475Z] Device at 10.30.4.128 is not reachable. Skipping connection attempt.
[2024-12-23T07:17:25.479Z] Device at 10.30.4.128 is not reachable. Skipping connection attempt.
[2024-12-23T07:17:35.500Z] Device at 10.30.4.128 is not reachable. Skipping connection attempt.
[2024-12-23T07:17:45.479Z] Device at 10.30.4.128 is not reachable. Skipping connection attempt.
[2024-12-23T07:17:55.470Z] Device at 10.30.4.128 is not reachable. Skipping connection attempt.
[2024-12-23T07:18:05.484Z] Device at 10.30.4.128 is not reachable. Skipping connection attempt.
[2024-12-23T07:18:15.487Z] Device at 10.30.4.128 is not reachable. Skipping connection attempt.
[2024-12-23T07:18:25.480Z] Device at 10.30.4.128 is not reachable. Skipping connection attempt.
[2024-12-23T07:18:35.477Z] Device at 10.30.4.128 is not reachable. Skipping connection attempt.
[2024-12-23T07:18:45.476Z] Device at 10.30.4.128 is not reachable. Skipping connection attempt.
[2024-12-23T07:18:55.482Z] Device at 10.30.4.128 is not reachable. Skipping connection attempt.
[2024-12-23T07:19:05.475Z] Device at 10.30.4.128 is not reachable. Skipping connection attempt.
[2024-12-23T07:19:15.475Z] Device at 10.30.4.128 is not reachable. Skipping connection attempt.
[2024-12-23T07:19:25.486Z] Device at 10.30.4.128 is not reachable. Skipping connection attempt.
[2024-12-23T07:19:35.472Z] Device at 10.30.4.128 is not reachable. Skipping connection attempt.
[2024-12-23T07:19:45.484Z] Device at 10.30.4.128 is not reachable. Skipping connection attempt.
[2024-12-23T07:19:55.474Z] Device at 10.30.4.128 is not reachable. Skipping connection attempt.
[2024-12-23T07:20:05.478Z] Device at 10.30.4.128 is not reachable. Skipping connection attempt.
[2024-12-23T07:20:15.478Z] Device at 10.30.4.128 is not reachable. Skipping connection attempt.
[2024-12-23T07:20:25.473Z] Device at 10.30.4.128 is not reachable. Skipping connection attempt.
[2024-12-23T07:20:35.471Z] Device at 10.30.4.128 is not reachable. Skipping connection attempt.
[2024-12-23T07:20:45.481Z] Device at 10.30.4.128 is not reachable. Skipping connection attempt.
[2024-12-23T07:20:55.476Z] Device at 10.30.4.128 is not reachable. Skipping connection attempt.
[2024-12-23T07:21:05.488Z] Device at 10.30.4.128 is not reachable. Skipping connection attempt.
[2024-12-23T07:21:15.481Z] Device at 10.30.4.128 is not reachable. Skipping connection attempt.
[2024-12-23T07:21:25.475Z] Device at 10.30.4.128 is not reachable. Skipping connection attempt.
[2024-12-23T07:21:35.481Z] Device at 10.30.4.128 is not reachable. Skipping connection attempt.
[2024-12-23T07:21:45.478Z] Device at 10.30.4.128 is not reachable. Skipping connection attempt.
[2024-12-23T07:21:55.477Z] Device at 10.30.4.128 is not reachable. Skipping connection attempt.
[2024-12-23T07:22:05.479Z] Device at 10.30.4.128 is not reachable. Skipping connection attempt.
[2024-12-23T07:22:15.484Z] Device at 10.30.4.128 is not reachable. Skipping connection attempt.
[2024-12-23T07:22:25.478Z] Device at 10.30.4.128 is not reachable. Skipping connection attempt.
[2024-12-23T07:22:35.474Z] Device at 10.30.4.128 is not reachable. Skipping connection attempt.
[2024-12-23T07:22:45.481Z] Device at 10.30.4.128 is not reachable. Skipping connection attempt.
[2024-12-23T07:22:55.472Z] Device at 10.30.4.128 is not reachable. Skipping connection attempt.
[2024-12-23T07:23:05.477Z] Device at 10.30.4.128 is not reachable. Skipping connection attempt.
[2024-12-23T07:23:15.477Z] Device at 10.30.4.128 is not reachable. Skipping connection attempt.
[2024-12-23T07:23:25.478Z] Device at 10.30.4.128 is not reachable. Skipping connection attempt.
[2024-12-23T07:23:35.482Z] Device at 10.30.4.128 is not reachable. Skipping connection attempt.
[2024-12-23T07:23:45.479Z] Device at 10.30.4.128 is not reachable. Skipping connection attempt.
[2024-12-23T07:23:55.478Z] Device at 10.30.4.128 is not reachable. Skipping connection attempt.
[2024-12-23T07:24:05.475Z] Device at 10.30.4.128 is not reachable. Skipping connection attempt.
[2024-12-23T07:24:15.470Z] Device at 10.30.4.128 is not reachable. Skipping connection attempt.
[2024-12-23T07:24:25.481Z] Device at 10.30.4.128 is not reachable. Skipping connection attempt.
[2024-12-23T07:24:35.477Z] Device at 10.30.4.128 is not reachable. Skipping connection attempt.
[2024-12-23T07:24:45.485Z] Device at 10.30.4.128 is not reachable. Skipping connection attempt.
[2024-12-23T07:24:55.477Z] Device at 10.30.4.128 is not reachable. Skipping connection attempt.
[2024-12-23T07:25:05.488Z] Device at 10.30.4.128 is not reachable. Skipping connection attempt.
[2024-12-23T07:25:15.474Z] Device at 10.30.4.128 is not reachable. Skipping connection attempt.
[2024-12-23T07:25:25.480Z] Device at 10.30.4.128 is not reachable. Skipping connection attempt.
[2024-12-23T07:25:35.484Z] Device at 10.30.4.128 is not reachable. Skipping connection attempt.
[2024-12-23T07:25:45.481Z] Device at 10.30.4.128 is not reachable. Skipping connection attempt.
[2024-12-23T07:25:55.472Z] Device at 10.30.4.128 is not reachable. Skipping connection attempt.
[2024-12-23T07:26:05.479Z] Device at 10.30.4.128 is not reachable. Skipping connection attempt.
[2024-12-23T07:26:15.479Z] Device at 10.30.4.128 is not reachable. Skipping connection attempt.
[2024-12-23T07:26:25.478Z] Device at 10.30.4.128 is not reachable. Skipping connection attempt.
[2024-12-23T07:26:35.473Z] Device at 10.30.4.128 is not reachable. Skipping connection attempt.
[2024-12-23T07:26:45.481Z] Device at 10.30.4.128 is not reachable. Skipping connection attempt.
[2024-12-23T07:26:55.475Z] Device at 10.30.4.128 is not reachable. Skipping connection attempt.
[2024-12-23T07:27:05.473Z] Device at 10.30.4.128 is not reachable. Skipping connection attempt.
[2024-12-23T07:27:15.973Z] Device at 10.30.4.128 is not reachable. Skipping connection attempt.
[2024-12-23T07:27:25.972Z] Device at 10.30.4.128 is not reachable. Skipping connection attempt.
[2024-12-23T07:27:35.977Z] Device at 10.30.4.128 is not reachable. Skipping connection attempt.
[2024-12-23T07:27:45.988Z] Device at 10.30.4.128 is not reachable. Skipping connection attempt.
[2024-12-23T07:27:55.978Z] Device at 10.30.4.128 is not reachable. Skipping connection attempt.
[2024-12-23T07:28:05.982Z] Device at 10.30.4.128 is not reachable. Skipping connection attempt.
[2024-12-23T07:28:15.981Z] Device at 10.30.4.128 is not reachable. Skipping connection attempt.
[2024-12-23T07:28:25.987Z] Device at 10.30.4.128 is not reachable. Skipping connection attempt.
[2024-12-23T07:28:35.983Z] Device at 10.30.4.128 is not reachable. Skipping connection attempt.
[2024-12-23T07:28:45.980Z] Device at 10.30.4.128 is not reachable. Skipping connection attempt.
[2024-12-23T07:28:55.985Z] Device at 10.30.4.128 is not reachable. Skipping connection attempt.
[2024-12-23T07:29:05.971Z] Device at 10.30.4.128 is not reachable. Skipping connection attempt.
[2024-12-23T07:29:15.976Z] Device at 10.30.4.128 is not reachable. Skipping connection attempt.
[2024-12-23T07:29:25.980Z] Device at 10.30.4.128 is not reachable. Skipping connection attempt.
[2024-12-23T07:29:35.981Z] Device at 10.30.4.128 is not reachable. Skipping connection attempt.
[2024-12-23T07:29:45.972Z] Device at 10.30.4.128 is not reachable. Skipping connection attempt.
[2024-12-23T07:29:55.972Z] Device at 10.30.4.128 is not reachable. Skipping connection attempt.
[2024-12-23T07:30:05.970Z] Device at 10.30.4.128 is not reachable. Skipping connection attempt.
[2024-12-23T07:30:15.980Z] Device at 10.30.4.128 is not reachable. Skipping connection attempt.
[2024-12-23T07:30:25.979Z] Device at 10.30.4.128 is not reachable. Skipping connection attempt.
[2024-12-23T07:30:35.978Z] Device at 10.30.4.128 is not reachable. Skipping connection attempt.
[2024-12-23T07:30:45.977Z] Device at 10.30.4.128 is not reachable. Skipping connection attempt.
[2024-12-23T07:30:55.972Z] Device at 10.30.4.128 is not reachable. Skipping connection attempt.
[2024-12-23T07:31:05.974Z] Device at 10.30.4.128 is not reachable. Skipping connection attempt.
[2024-12-23T07:31:15.977Z] Device at 10.30.4.128 is not reachable. Skipping connection attempt.
[2024-12-23T07:31:25.972Z] Device at 10.30.4.128 is not reachable. Skipping connection attempt.
[2024-12-23T07:31:35.977Z] Device at 10.30.4.128 is not reachable. Skipping connection attempt.
[2024-12-23T07:31:45.979Z] Device at 10.30.4.128 is not reachable. Skipping connection attempt.
[2024-12-23T07:31:55.972Z] Device at 10.30.4.128 is not reachable. Skipping connection attempt.
[2024-12-23T07:32:05.980Z] Device at 10.30.4.128 is not reachable. Skipping connection attempt.
[2024-12-23T07:32:15.977Z] Device at 10.30.4.128 is not reachable. Skipping connection attempt.
[2024-12-23T07:32:25.973Z] Device at 10.30.4.128 is not reachable. Skipping connection attempt.
[2024-12-23T07:32:35.978Z] Device at 10.30.4.128 is not reachable. Skipping connection attempt.
[2024-12-23T07:32:45.976Z] Device at 10.30.4.128 is not reachable. Skipping connection attempt.
[2024-12-23T07:32:55.975Z] Device at 10.30.4.128 is not reachable. Skipping connection attempt.
[2024-12-23T07:33:05.978Z] Device at 10.30.4.128 is not reachable. Skipping connection attempt.
[2024-12-23T07:33:15.979Z] Device at 10.30.4.128 is not reachable. Skipping connection attempt.
[2024-12-23T07:33:25.980Z] Device at 10.30.4.128 is not reachable. Skipping connection attempt.
[2024-12-23T07:33:35.989Z] Device at 10.30.4.128 is not reachable. Skipping connection attempt.
[2024-12-23T07:33:45.974Z] Device at 10.30.4.128 is not reachable. Skipping connection attempt.
[2024-12-23T07:33:55.977Z] Device at 10.30.4.128 is not reachable. Skipping connection attempt.
[2024-12-23T07:34:05.972Z] Device at 10.30.4.128 is not reachable. Skipping connection attempt.
[2024-12-23T07:34:12.473Z] Device at 10.30.4.128 is not reachable. Skipping connection attempt.
[2024-12-23T07:34:22.473Z] Device at 10.30.4.128 is not reachable. Skipping connection attempt.
[2024-12-23T07:34:32.479Z] Device at 10.30.4.128 is not reachable. Skipping connection attempt.
[2024-12-23T07:34:42.478Z] Device at 10.30.4.128 is not reachable. Skipping connection attempt.
[2024-12-23T07:34:52.471Z] Device at 10.30.4.128 is not reachable. Skipping connection attempt.
[2024-12-23T07:35:02.476Z] Device at 10.30.4.128 is not reachable. Skipping connection attempt.
[2024-12-23T07:35:12.493Z] Device at 10.30.4.128 is not reachable. Skipping connection attempt.
[2024-12-23T07:35:22.470Z] Device at 10.30.4.128 is not reachable. Skipping connection attempt.
[2024-12-23T07:35:32.478Z] Device at 10.30.4.128 is not reachable. Skipping connection attempt.
[2024-12-23T07:35:42.476Z] Device at 10.30.4.128 is not reachable. Skipping connection attempt.
[2024-12-23T07:35:52.474Z] Device at 10.30.4.128 is not reachable. Skipping connection attempt.
[2024-12-23T07:36:02.480Z] Device at 10.30.4.128 is not reachable. Skipping connection attempt.
[2024-12-23T07:36:12.471Z] Device at 10.30.4.128 is not reachable. Skipping connection attempt.
[2024-12-23T07:36:22.477Z] Device at 10.30.4.128 is not reachable. Skipping connection attempt.
[2024-12-23T07:36:32.475Z] Device at 10.30.4.128 is not reachable. Skipping connection attempt.
[2024-12-23T07:36:42.471Z] Device at 10.30.4.128 is not reachable. Skipping connection attempt.
[2024-12-23T07:36:52.483Z] Device at 10.30.4.128 is not reachable. Skipping connection attempt.
[2024-12-23T07:37:02.473Z] Device at 10.30.4.128 is not reachable. Skipping connection attempt.
[2024-12-23T07:37:12.475Z] Device at 10.30.4.128 is not reachable. Skipping connection attempt.
[2024-12-23T07:37:22.471Z] Device at 10.30.4.128 is not reachable. Skipping connection attempt.
[2024-12-23T07:37:32.473Z] Device at 10.30.4.128 is not reachable. Skipping connection attempt.
[2024-12-23T07:37:45.482Z] Device at 10.30.4.128 is not reachable. Skipping connection attempt.
[2024-12-23T07:37:55.475Z] Device at 10.30.4.128 is not reachable. Skipping connection attempt.
[2024-12-23T07:38:05.481Z] Device at 10.30.4.128 is not reachable. Skipping connection attempt.
[2024-12-23T07:38:15.475Z] Device at 10.30.4.128 is not reachable. Skipping connection attempt.
[2024-12-23T07:38:25.470Z] Device at 10.30.4.128 is not reachable. Skipping connection attempt.
[2024-12-23T07:38:35.479Z] Device at 10.30.4.128 is not reachable. Skipping connection attempt.
[2024-12-23T07:38:45.472Z] Device at 10.30.4.128 is not reachable. Skipping connection attempt.
[2024-12-23T07:38:55.484Z] Device at 10.30.4.128 is not reachable. Skipping connection attempt.
[2024-12-23T07:39:05.479Z] Device at 10.30.4.128 is not reachable. Skipping connection attempt.
[2024-12-23T07:39:15.474Z] Device at 10.30.4.128 is not reachable. Skipping connection attempt.
[2024-12-23T07:39:25.471Z] Device at 10.30.4.128 is not reachable. Skipping connection attempt.
[2024-12-23T07:39:35.476Z] Device at 10.30.4.128 is not reachable. Skipping connection attempt.
[2024-12-23T07:39:50.471Z] Device at 10.30.4.128 is not reachable. Skipping connection attempt.
[2024-12-23T07:40:22.968Z] Device at 10.30.4.128 is not reachable. Skipping connection attempt.
[2024-12-23T07:40:32.969Z] Device at 10.30.4.128 is not reachable. Skipping connection attempt.
[2024-12-23T07:41:25.471Z] Device at 10.30.4.128 is not reachable. Skipping connection attempt.
[2024-12-23T07:41:35.475Z] Device at 10.30.4.128 is not reachable. Skipping connection attempt.
[2024-12-23T07:41:45.471Z] Device at 10.30.4.128 is not reachable. Skipping connection attempt.
[2024-12-23T07:41:55.466Z] Device at 10.30.4.128 is not reachable. Skipping connection attempt.
[2024-12-23T07:42:05.470Z] Device at 10.30.4.128 is not reachable. Skipping connection attempt.
[2024-12-23T07:42:15.467Z] Device at 10.30.4.128 is not reachable. Skipping connection attempt.
[2024-12-23T07:42:25.474Z] Device at 10.30.4.128 is not reachable. Skipping connection attempt.
[2024-12-23T07:42:35.472Z] Device at 10.30.4.128 is not reachable. Skipping connection attempt.
[2024-12-23T07:42:45.466Z] Device at 10.30.4.128 is not reachable. Skipping connection attempt.
[2024-12-23T07:42:55.475Z] Device at 10.30.4.128 is not reachable. Skipping connection attempt.
[2024-12-23T07:43:05.477Z] Device at 10.30.4.128 is not reachable. Skipping connection attempt.
[2024-12-23T07:43:15.474Z] Device at 10.30.4.128 is not reachable. Skipping connection attempt.
[2024-12-23T07:43:25.464Z] Device at 10.30.4.128 is not reachable. Skipping connection attempt.
[2024-12-23T07:43:35.474Z] Device at 10.30.4.128 is not reachable. Skipping connection attempt.
[2024-12-23T07:43:45.465Z] Device at 10.30.4.128 is not reachable. Skipping connection attempt.
[2024-12-23T07:43:55.478Z] Device at 10.30.4.128 is not reachable. Skipping connection attempt.
[2024-12-23T07:44:05.473Z] Device at 10.30.4.128 is not reachable. Skipping connection attempt.
[2024-12-23T07:44:15.470Z] Device at 10.30.4.128 is not reachable. Skipping connection attempt.
[2024-12-23T07:44:25.469Z] Device at 10.30.4.128 is not reachable. Skipping connection attempt.
[2024-12-23T07:44:35.469Z] Device at 10.30.4.128 is not reachable. Skipping connection attempt.
[2024-12-23T07:44:45.475Z] Device at 10.30.4.128 is not reachable. Skipping connection attempt.
[2024-12-23T07:44:55.463Z] Device at 10.30.4.128 is not reachable. Skipping connection attempt.
[2024-12-23T07:45:05.465Z] Device at 10.30.4.128 is not reachable. Skipping connection attempt.
[2024-12-23T07:45:15.461Z] Device at 10.30.4.128 is not reachable. Skipping connection attempt.
[2024-12-23T07:45:25.471Z] Device at 10.30.4.128 is not reachable. Skipping connection attempt.
[2024-12-23T07:45:35.465Z] Device at 10.30.4.128 is not reachable. Skipping connection attempt.
[2024-12-23T07:45:45.473Z] Device at 10.30.4.128 is not reachable. Skipping connection attempt.
[2024-12-23T07:45:55.462Z] Device at 10.30.4.128 is not reachable. Skipping connection attempt.
[2024-12-23T07:46:05.466Z] Device at 10.30.4.128 is not reachable. Skipping connection attempt.
[2024-12-23T07:46:15.461Z] Device at 10.30.4.128 is not reachable. Skipping connection attempt.
[2024-12-23T07:46:25.463Z] Device at 10.30.4.128 is not reachable. Skipping connection attempt.
[2024-12-23T07:46:35.471Z] Device at 10.30.4.128 is not reachable. Skipping connection attempt.
[2024-12-23T07:46:45.461Z] Device at 10.30.4.128 is not reachable. Skipping connection attempt.
[2024-12-23T07:46:55.462Z] Device at 10.30.4.128 is not reachable. Skipping connection attempt.
[2024-12-23T07:47:05.470Z] Device at 10.30.4.128 is not reachable. Skipping connection attempt.
[2024-12-23T07:47:15.476Z] Device at 10.30.4.128 is not reachable. Skipping connection attempt.
[2024-12-23T07:47:25.469Z] Device at 10.30.4.128 is not reachable. Skipping connection attempt.
[2024-12-23T07:47:35.470Z] Device at 10.30.4.128 is not reachable. Skipping connection attempt.
[2024-12-23T07:47:45.481Z] Device at 10.30.4.128 is not reachable. Skipping connection attempt.
[2024-12-23T07:47:55.469Z] Device at 10.30.4.128 is not reachable. Skipping connection attempt.
[2024-12-23T07:48:05.466Z] Device at 10.30.4.128 is not reachable. Skipping connection attempt.
[2024-12-23T07:48:15.477Z] Device at 10.30.4.128 is not reachable. Skipping connection attempt.
[2024-12-23T07:48:25.465Z] Device at 10.30.4.128 is not reachable. Skipping connection attempt.
[2024-12-23T07:48:35.467Z] Device at 10.30.4.128 is not reachable. Skipping connection attempt.
[2024-12-23T07:48:45.468Z] Device at 10.30.4.128 is not reachable. Skipping connection attempt.
[2024-12-23T07:48:55.462Z] Device at 10.30.4.128 is not reachable. Skipping connection attempt.
[2024-12-23T07:49:05.459Z] Device at 10.30.4.128 is not reachable. Skipping connection attempt.
[2024-12-23T07:49:15.470Z] Device at 10.30.4.128 is not reachable. Skipping connection attempt.
[2024-12-23T07:49:25.460Z] Device at 10.30.4.128 is not reachable. Skipping connection attempt.
[2024-12-23T07:49:35.460Z] Device at 10.30.4.128 is not reachable. Skipping connection attempt.
[2024-12-23T07:49:45.458Z] Device at 10.30.4.128 is not reachable. Skipping connection attempt.
[2024-12-23T07:49:55.455Z] Device at 10.30.4.128 is not reachable. Skipping connection attempt.
[2024-12-23T07:50:05.461Z] Device at 10.30.4.128 is not reachable. Skipping connection attempt.
[2024-12-23T07:50:15.462Z] Device at 10.30.4.128 is not reachable. Skipping connection attempt.
[2024-12-23T07:50:25.475Z] Device at 10.30.4.128 is not reachable. Skipping connection attempt.
[2024-12-23T07:50:35.968Z] Device at 10.30.4.128 is not reachable. Skipping connection attempt.
[2024-12-23T07:50:45.466Z] Device at 10.30.4.128 is not reachable. Skipping connection attempt.
[2024-12-23T07:50:55.962Z] Device at 10.30.4.128 is not reachable. Skipping connection attempt.
[2024-12-23T07:51:05.954Z] Device at 10.30.4.128 is not reachable. Skipping connection attempt.
[2024-12-23T07:51:15.961Z] Device at 10.30.4.128 is not reachable. Skipping connection attempt.
[2024-12-23T07:51:25.969Z] Device at 10.30.4.128 is not reachable. Skipping connection attempt.
[2024-12-23T07:51:35.972Z] Device at 10.30.4.128 is not reachable. Skipping connection attempt.
[2024-12-23T07:51:45.960Z] Device at 10.30.4.128 is not reachable. Skipping connection attempt.
[2024-12-23T07:51:55.960Z] Device at 10.30.4.128 is not reachable. Skipping connection attempt.
[2024-12-23T07:52:05.953Z] Device at 10.30.4.128 is not reachable. Skipping connection attempt.
[2024-12-23T07:52:15.961Z] Device at 10.30.4.128 is not reachable. Skipping connection attempt.
[2024-12-23T07:52:25.960Z] Device at 10.30.4.128 is not reachable. Skipping connection attempt.
[2024-12-23T07:52:35.975Z] Device at 10.30.4.128 is not reachable. Skipping connection attempt.
[2024-12-23T07:52:45.964Z] Device at 10.30.4.128 is not reachable. Skipping connection attempt.
[2024-12-23T07:52:55.964Z] Device at 10.30.4.128 is not reachable. Skipping connection attempt.
[2024-12-23T07:53:05.967Z] Device at 10.30.4.128 is not reachable. Skipping connection attempt.
[2024-12-23T07:53:15.977Z] Device at 10.30.4.128 is not reachable. Skipping connection attempt.
[2024-12-23T07:53:25.956Z] Device at 10.30.4.128 is not reachable. Skipping connection attempt.
[2024-12-23T07:53:35.963Z] Device at 10.30.4.128 is not reachable. Skipping connection attempt.
[2024-12-23T07:53:45.962Z] Device at 10.30.4.128 is not reachable. Skipping connection attempt.
[2024-12-23T07:53:55.965Z] Device at 10.30.4.128 is not reachable. Skipping connection attempt.
[2024-12-23T07:54:05.959Z] Device at 10.30.4.128 is not reachable. Skipping connection attempt.
[2024-12-23T07:54:15.962Z] Device at 10.30.4.128 is not reachable. Skipping connection attempt.
[2024-12-23T07:54:25.962Z] Device at 10.30.4.128 is not reachable. Skipping connection attempt.
[2024-12-23T07:54:35.956Z] Device at 10.30.4.128 is not reachable. Skipping connection attempt.
[2024-12-23T07:54:45.964Z] Device at 10.30.4.128 is not reachable. Skipping connection attempt.
[2024-12-23T07:54:55.968Z] Device at 10.30.4.128 is not reachable. Skipping connection attempt.
[2024-12-23T07:55:05.957Z] Device at 10.30.4.128 is not reachable. Skipping connection attempt.
[2024-12-23T07:55:15.966Z] Device at 10.30.4.128 is not reachable. Skipping connection attempt.
[2024-12-23T07:55:25.953Z] Device at 10.30.4.128 is not reachable. Skipping connection attempt.
[2024-12-23T07:55:35.960Z] Device at 10.30.4.128 is not reachable. Skipping connection attempt.
[2024-12-23T07:55:45.957Z] Device at 10.30.4.128 is not reachable. Skipping connection attempt.
[2024-12-23T07:55:55.953Z] Device at 10.30.4.128 is not reachable. Skipping connection attempt.
[2024-12-23T07:56:05.957Z] Device at 10.30.4.128 is not reachable. Skipping connection attempt.
[2024-12-23T07:56:15.958Z] Device at 10.30.4.128 is not reachable. Skipping connection attempt.
[2024-12-23T07:56:25.959Z] Device at 10.30.4.128 is not reachable. Skipping connection attempt.
[2024-12-23T07:56:35.955Z] Device at 10.30.4.128 is not reachable. Skipping connection attempt.
[2024-12-23T07:56:45.957Z] Device at 10.30.4.128 is not reachable. Skipping connection attempt.
[2024-12-23T07:56:55.957Z] Device at 10.30.4.128 is not reachable. Skipping connection attempt.
[2024-12-23T07:57:05.954Z] Device at 10.30.4.128 is not reachable. Skipping connection attempt.
[2024-12-23T07:57:15.958Z] Device at 10.30.4.128 is not reachable. Skipping connection attempt.
[2024-12-23T07:57:25.957Z] Device at 10.30.4.128 is not reachable. Skipping connection attempt.
[2024-12-23T07:59:55.457Z] Device at 10.30.4.128 is not reachable. Skipping connection attempt.
[2024-12-23T08:00:06.956Z] Device at 10.30.4.128 is not reachable. Skipping connection attempt.
[2024-12-23T08:00:16.958Z] Device at 10.30.4.128 is not reachable. Skipping connection attempt.
[2024-12-23T08:00:26.947Z] Device at 10.30.4.128 is not reachable. Skipping connection attempt.
[2024-12-23T08:00:36.948Z] Device at 10.30.4.128 is not reachable. Skipping connection attempt.
[2024-12-23T08:00:46.945Z] Device at 10.30.4.128 is not reachable. Skipping connection attempt.
[2024-12-23T08:00:56.951Z] Device at 10.30.4.128 is not reachable. Skipping connection attempt.
[2024-12-23T08:01:06.955Z] Device at 10.30.4.128 is not reachable. Skipping connection attempt.
[2024-12-23T08:01:16.949Z] Device at 10.30.4.128 is not reachable. Skipping connection attempt.
[2024-12-23T08:01:26.950Z] Device at 10.30.4.128 is not reachable. Skipping connection attempt.
[2024-12-23T08:01:36.949Z] Device at 10.30.4.128 is not reachable. Skipping connection attempt.
[2024-12-23T08:01:46.954Z] Device at 10.30.4.128 is not reachable. Skipping connection attempt.
[2024-12-23T08:01:56.951Z] Device at 10.30.4.128 is not reachable. Skipping connection attempt.
[2024-12-23T08:02:06.953Z] Device at 10.30.4.128 is not reachable. Skipping connection attempt.
[2024-12-23T08:02:13.949Z] Device at 10.30.4.128 is not reachable. Skipping connection attempt.
[2024-12-23T08:02:23.947Z] Device at 10.30.4.128 is not reachable. Skipping connection attempt.
[2024-12-23T08:02:33.453Z] Device at 10.30.4.128 is not reachable. Skipping connection attempt.
[2024-12-23T08:02:43.951Z] Device at 10.30.4.128 is not reachable. Skipping connection attempt.
[2024-12-23T08:02:53.957Z] Device at 10.30.4.128 is not reachable. Skipping connection attempt.
[2024-12-23T08:03:03.967Z] Device at 10.30.4.128 is not reachable. Skipping connection attempt.
[2024-12-23T08:04:00.455Z] Device at 10.30.4.128 is not reachable. Skipping connection attempt.
[2024-12-23T08:04:10.454Z] Device at 10.30.4.128 is not reachable. Skipping connection attempt.
[2024-12-23T08:04:20.447Z] Device at 10.30.4.128 is not reachable. Skipping connection attempt.
[2024-12-23T08:04:30.456Z] Device at 10.30.4.128 is not reachable. Skipping connection attempt.
[2024-12-23T08:04:40.450Z] Device at 10.30.4.128 is not reachable. Skipping connection attempt.
[2024-12-23T08:04:50.458Z] Device at 10.30.4.128 is not reachable. Skipping connection attempt.
[2024-12-23T08:05:00.447Z] Device at 10.30.4.128 is not reachable. Skipping connection attempt.
[2024-12-23T08:05:10.452Z] Device at 10.30.4.128 is not reachable. Skipping connection attempt.
[2024-12-23T08:05:20.456Z] Device at 10.30.4.128 is not reachable. Skipping connection attempt.
[2024-12-23T08:06:11.448Z] Device at 10.30.4.128 is not reachable. Skipping connection attempt.
[2024-12-23T08:06:21.455Z] Device at 10.30.4.128 is not reachable. Skipping connection attempt.
[2024-12-23T08:06:31.456Z] Device at 10.30.4.128 is not reachable. Skipping connection attempt.
[2024-12-23T08:06:41.454Z] Device at 10.30.4.128 is not reachable. Skipping connection attempt.
[2024-12-23T08:06:51.458Z] Device at 10.30.4.128 is not reachable. Skipping connection attempt.
[2024-12-23T08:07:01.452Z] Device at 10.30.4.128 is not reachable. Skipping connection attempt.
[2024-12-23T08:07:11.444Z] Device at 10.30.4.128 is not reachable. Skipping connection attempt.
[2024-12-23T08:07:21.445Z] Device at 10.30.4.128 is not reachable. Skipping connection attempt.
[2024-12-23T08:07:31.445Z] Device at 10.30.4.128 is not reachable. Skipping connection attempt.
[2024-12-23T08:07:41.449Z] Device at 10.30.4.128 is not reachable. Skipping connection attempt.
[2024-12-23T08:07:51.451Z] Device at 10.30.4.128 is not reachable. Skipping connection attempt.
[2024-12-23T08:08:01.452Z] Device at 10.30.4.128 is not reachable. Skipping connection attempt.
[2024-12-23T08:08:11.442Z] Device at 10.30.4.128 is not reachable. Skipping connection attempt.
[2024-12-23T08:08:21.448Z] Device at 10.30.4.128 is not reachable. Skipping connection attempt.
[2024-12-23T08:08:31.449Z] Device at 10.30.4.128 is not reachable. Skipping connection attempt.
[2024-12-23T08:08:41.446Z] Device at 10.30.4.128 is not reachable. Skipping connection attempt.
[2024-12-23T08:08:51.443Z] Device at 10.30.4.128 is not reachable. Skipping connection attempt.
[2024-12-23T08:09:01.444Z] Device at 10.30.4.128 is not reachable. Skipping connection attempt.
[2024-12-23T08:09:11.450Z] Device at 10.30.4.128 is not reachable. Skipping connection attempt.
[2024-12-23T08:09:21.451Z] Device at 10.30.4.128 is not reachable. Skipping connection attempt.
[2024-12-23T08:09:31.442Z] Device at 10.30.4.128 is not reachable. Skipping connection attempt.
[2024-12-23T08:09:41.454Z] Device at 10.30.4.128 is not reachable. Skipping connection attempt.
[2024-12-23T08:09:51.443Z] Device at 10.30.4.128 is not reachable. Skipping connection attempt.
[2024-12-23T08:10:01.448Z] Device at 10.30.4.128 is not reachable. Skipping connection attempt.
[2024-12-23T08:10:11.451Z] Device at 10.30.4.128 is not reachable. Skipping connection attempt.
[2024-12-23T08:10:21.443Z] Device at 10.30.4.128 is not reachable. Skipping connection attempt.
[2024-12-23T08:10:31.457Z] Device at 10.30.4.128 is not reachable. Skipping connection attempt.
[2024-12-23T08:10:41.453Z] Device at 10.30.4.128 is not reachable. Skipping connection attempt.
[2024-12-23T08:10:51.448Z] Device at 10.30.4.128 is not reachable. Skipping connection attempt.
[2024-12-23T08:11:01.454Z] Device at 10.30.4.128 is not reachable. Skipping connection attempt.
[2024-12-23T08:11:11.955Z] Device at 10.30.4.128 is not reachable. Skipping connection attempt.
[2024-12-23T08:11:21.945Z] Device at 10.30.4.128 is not reachable. Skipping connection attempt.
[2024-12-23T08:11:31.942Z] Device at 10.30.4.128 is not reachable. Skipping connection attempt.
[2024-12-23T08:11:41.949Z] Device at 10.30.4.128 is not reachable. Skipping connection attempt.
[2024-12-23T08:11:51.948Z] Device at 10.30.4.128 is not reachable. Skipping connection attempt.
[2024-12-23T08:12:01.946Z] Device at 10.30.4.128 is not reachable. Skipping connection attempt.
[2024-12-23T08:12:11.949Z] Device at 10.30.4.128 is not reachable. Skipping connection attempt.
[2024-12-23T08:12:21.940Z] Device at 10.30.4.128 is not reachable. Skipping connection attempt.
[2024-12-23T08:12:31.950Z] Device at 10.30.4.128 is not reachable. Skipping connection attempt.
[2024-12-23T08:12:41.959Z] Device at 10.30.4.128 is not reachable. Skipping connection attempt.
[2024-12-23T08:12:51.957Z] Device at 10.30.4.128 is not reachable. Skipping connection attempt.
[2024-12-23T08:13:01.952Z] Device at 10.30.4.128 is not reachable. Skipping connection attempt.
[2024-12-23T08:13:11.954Z] Device at 10.30.4.128 is not reachable. Skipping connection attempt.
[2024-12-23T08:13:21.944Z] Device at 10.30.4.128 is not reachable. Skipping connection attempt.
[2024-12-23T08:13:31.954Z] Device at 10.30.4.128 is not reachable. Skipping connection attempt.
[2024-12-23T08:13:41.955Z] Device at 10.30.4.128 is not reachable. Skipping connection attempt.
[2024-12-23T08:13:51.944Z] Device at 10.30.4.128 is not reachable. Skipping connection attempt.
[2024-12-23T08:14:01.953Z] Device at 10.30.4.128 is not reachable. Skipping connection attempt.
[2024-12-23T08:14:11.951Z] Device at 10.30.4.128 is not reachable. Skipping connection attempt.
[2024-12-23T08:14:21.951Z] Device at 10.30.4.128 is not reachable. Skipping connection attempt.
[2024-12-23T08:14:31.950Z] Device at 10.30.4.128 is not reachable. Skipping connection attempt.
[2024-12-23T08:14:41.950Z] Device at 10.30.4.128 is not reachable. Skipping connection attempt.
[2024-12-23T08:14:51.950Z] Device at 10.30.4.128 is not reachable. Skipping connection attempt.
[2024-12-23T08:15:01.950Z] Device at 10.30.4.128 is not reachable. Skipping connection attempt.
[2024-12-23T08:15:11.950Z] Device at 10.30.4.128 is not reachable. Skipping connection attempt.
[2024-12-23T08:15:21.946Z] Device at 10.30.4.128 is not reachable. Skipping connection attempt.
[2024-12-23T08:15:31.953Z] Device at 10.30.4.128 is not reachable. Skipping connection attempt.
[2024-12-23T08:15:41.945Z] Device at 10.30.4.128 is not reachable. Skipping connection attempt.
[2024-12-23T08:15:51.953Z] Device at 10.30.4.128 is not reachable. Skipping connection attempt.
[2024-12-23T08:16:01.943Z] Device at 10.30.4.128 is not reachable. Skipping connection attempt.
[2024-12-23T08:16:11.952Z] Device at 10.30.4.128 is not reachable. Skipping connection attempt.
[2024-12-23T08:16:21.940Z] Device at 10.30.4.128 is not reachable. Skipping connection attempt.
[2024-12-23T08:16:31.951Z] Device at 10.30.4.128 is not reachable. Skipping connection attempt.
[2024-12-23T08:16:41.945Z] Device at 10.30.4.128 is not reachable. Skipping connection attempt.
[2024-12-23T08:16:51.951Z] Device at 10.30.4.128 is not reachable. Skipping connection attempt.
[2024-12-23T08:17:01.944Z] Device at 10.30.4.128 is not reachable. Skipping connection attempt.
[2024-12-23T08:17:11.952Z] Device at 10.30.4.128 is not reachable. Skipping connection attempt.
[2024-12-23T08:17:21.943Z] Device at 10.30.4.128 is not reachable. Skipping connection attempt.
[2024-12-23T08:17:31.948Z] Device at 10.30.4.128 is not reachable. Skipping connection attempt.
[2024-12-23T08:17:41.953Z] Device at 10.30.4.128 is not reachable. Skipping connection attempt.
[2024-12-23T08:17:51.944Z] Device at 10.30.4.128 is not reachable. Skipping connection attempt.
[2024-12-23T08:18:01.950Z] Device at 10.30.4.128 is not reachable. Skipping connection attempt.
[2024-12-23T08:18:11.952Z] Device at 10.30.4.128 is not reachable. Skipping connection attempt.
[2024-12-23T08:18:21.952Z] Device at 10.30.4.128 is not reachable. Skipping connection attempt.
[2024-12-23T08:18:31.942Z] Device at 10.30.4.128 is not reachable. Skipping connection attempt.
[2024-12-23T08:18:41.954Z] Device at 10.30.4.128 is not reachable. Skipping connection attempt.
[2024-12-23T08:18:51.952Z] Device at 10.30.4.128 is not reachable. Skipping connection attempt.
[2024-12-23T08:19:01.945Z] Device at 10.30.4.128 is not reachable. Skipping connection attempt.
[2024-12-23T08:19:11.958Z] Device at 10.30.4.128 is not reachable. Skipping connection attempt.
[2024-12-23T08:19:21.952Z] Device at 10.30.4.128 is not reachable. Skipping connection attempt.
[2024-12-23T08:19:31.942Z] Device at 10.30.4.128 is not reachable. Skipping connection attempt.
[2024-12-23T08:19:41.947Z] Device at 10.30.4.128 is not reachable. Skipping connection attempt.
[2024-12-23T08:19:51.941Z] Device at 10.30.4.128 is not reachable. Skipping connection attempt.
[2024-12-23T08:20:01.948Z] Device at 10.30.4.128 is not reachable. Skipping connection attempt.
[2024-12-23T08:20:11.952Z] Device at 10.30.4.128 is not reachable. Skipping connection attempt.
[2024-12-23T08:20:21.944Z] Device at 10.30.4.128 is not reachable. Skipping connection attempt.
[2024-12-23T08:20:31.937Z] Device at 10.30.4.128 is not reachable. Skipping connection attempt.
[2024-12-23T08:20:41.946Z] Device at 10.30.4.128 is not reachable. Skipping connection attempt.
[2024-12-23T08:20:52.441Z] Device at 10.30.4.128 is not reachable. Skipping connection attempt.
[2024-12-23T08:21:02.440Z] Device at 10.30.4.128 is not reachable. Skipping connection attempt.
[2024-12-23T08:21:12.437Z] Device at 10.30.4.128 is not reachable. Skipping connection attempt.
[2024-12-23T08:21:22.458Z] Device at 10.30.4.128 is not reachable. Skipping connection attempt.
[2024-12-23T08:21:32.444Z] Device at 10.30.4.128 is not reachable. Skipping connection attempt.
[2024-12-23T08:21:42.447Z] Device at 10.30.4.128 is not reachable. Skipping connection attempt.
[2024-12-23T08:21:52.449Z] Device at 10.30.4.128 is not reachable. Skipping connection attempt.
[2024-12-23T08:22:02.448Z] Device at 10.30.4.128 is not reachable. Skipping connection attempt.
[2024-12-23T08:22:12.444Z] Device at 10.30.4.128 is not reachable. Skipping connection attempt.
[2024-12-23T08:22:22.447Z] Device at 10.30.4.128 is not reachable. Skipping connection attempt.
[2024-12-23T08:22:32.442Z] Device at 10.30.4.128 is not reachable. Skipping connection attempt.
[2024-12-23T08:22:42.445Z] Device at 10.30.4.128 is not reachable. Skipping connection attempt.
[2024-12-23T08:22:52.441Z] Device at 10.30.4.128 is not reachable. Skipping connection attempt.
[2024-12-23T08:23:02.441Z] Device at 10.30.4.128 is not reachable. Skipping connection attempt.
[2024-12-23T08:23:12.442Z] Device at 10.30.4.128 is not reachable. Skipping connection attempt.
[2024-12-23T08:23:22.445Z] Device at 10.30.4.128 is not reachable. Skipping connection attempt.
[2024-12-23T08:23:32.452Z] Device at 10.30.4.128 is not reachable. Skipping connection attempt.
[2024-12-23T08:23:42.441Z] Device at 10.30.4.128 is not reachable. Skipping connection attempt.
[2024-12-23T08:23:52.441Z] Device at 10.30.4.128 is not reachable. Skipping connection attempt.
[2024-12-23T08:24:02.450Z] Device at 10.30.4.128 is not reachable. Skipping connection attempt.
[2024-12-23T08:24:12.443Z] Device at 10.30.4.128 is not reachable. Skipping connection attempt.
[2024-12-23T08:24:22.440Z] Device at 10.30.4.128 is not reachable. Skipping connection attempt.
[2024-12-23T08:24:32.448Z] Device at 10.30.4.128 is not reachable. Skipping connection attempt.
[2024-12-23T08:24:42.456Z] Device at 10.30.4.128 is not reachable. Skipping connection attempt.
[2024-12-23T08:24:52.446Z] Device at 10.30.4.128 is not reachable. Skipping connection attempt.
[2024-12-23T08:25:02.447Z] Device at 10.30.4.128 is not reachable. Skipping connection attempt.
[2024-12-23T08:25:12.441Z] Device at 10.30.4.128 is not reachable. Skipping connection attempt.
[2024-12-23T08:25:22.444Z] Device at 10.30.4.128 is not reachable. Skipping connection attempt.
[2024-12-23T08:25:32.449Z] Device at 10.30.4.128 is not reachable. Skipping connection attempt.
[2024-12-23T08:25:42.456Z] Device at 10.30.4.128 is not reachable. Skipping connection attempt.
[2024-12-23T08:25:52.451Z] Device at 10.30.4.128 is not reachable. Skipping connection attempt.
[2024-12-23T08:26:02.441Z] Device at 10.30.4.128 is not reachable. Skipping connection attempt.
[2024-12-23T08:26:12.454Z] Device at 10.30.4.128 is not reachable. Skipping connection attempt.
[2024-12-23T08:26:22.443Z] Device at 10.30.4.128 is not reachable. Skipping connection attempt.
[2024-12-23T08:26:32.444Z] Device at 10.30.4.128 is not reachable. Skipping connection attempt.
[2024-12-23T08:26:42.441Z] Device at 10.30.4.128 is not reachable. Skipping connection attempt.
[2024-12-23T08:26:52.438Z] Device at 10.30.4.128 is not reachable. Skipping connection attempt.
[2024-12-23T08:27:02.436Z] Device at 10.30.4.128 is not reachable. Skipping connection attempt.
[2024-12-23T08:27:12.441Z] Device at 10.30.4.128 is not reachable. Skipping connection attempt.
[2024-12-23T08:27:22.440Z] Device at 10.30.4.128 is not reachable. Skipping connection attempt.
[2024-12-23T08:27:32.450Z] Device at 10.30.4.128 is not reachable. Skipping connection attempt.
[2024-12-23T08:27:42.441Z] Device at 10.30.4.128 is not reachable. Skipping connection attempt.
[2024-12-23T08:27:52.449Z] Device at 10.30.4.128 is not reachable. Skipping connection attempt.
[2024-12-23T08:28:02.444Z] Device at 10.30.4.128 is not reachable. Skipping connection attempt.
[2024-12-23T08:28:12.440Z] Device at 10.30.4.128 is not reachable. Skipping connection attempt.
[2024-12-23T08:28:22.448Z] Device at 10.30.4.128 is not reachable. Skipping connection attempt.
[2024-12-23T08:28:32.437Z] Device at 10.30.4.128 is not reachable. Skipping connection attempt.
[2024-12-23T08:28:42.447Z] Device at 10.30.4.128 is not reachable. Skipping connection attempt.
[2024-12-23T08:28:52.441Z] Device at 10.30.4.128 is not reachable. Skipping connection attempt.
[2024-12-23T08:29:02.448Z] Device at 10.30.4.128 is not reachable. Skipping connection attempt.
[2024-12-23T08:29:12.450Z] Device at 10.30.4.128 is not reachable. Skipping connection attempt.
[2024-12-23T08:29:22.459Z] Device at 10.30.4.128 is not reachable. Skipping connection attempt.
[2024-12-23T08:29:32.448Z] Device at 10.30.4.128 is not reachable. Skipping connection attempt.
[2024-12-23T08:29:42.437Z] Device at 10.30.4.128 is not reachable. Skipping connection attempt.
[2024-12-23T08:29:52.438Z] Device at 10.30.4.128 is not reachable. Skipping connection attempt.
[2024-12-23T08:30:02.441Z] Device at 10.30.4.128 is not reachable. Skipping connection attempt.
[2024-12-23T08:30:12.446Z] Device at 10.30.4.128 is not reachable. Skipping connection attempt.
[2024-12-23T08:30:22.438Z] Device at 10.30.4.128 is not reachable. Skipping connection attempt.
[2024-12-23T08:30:32.448Z] Device at 10.30.4.128 is not reachable. Skipping connection attempt.
[2024-12-23T08:30:42.444Z] Device at 10.30.4.128 is not reachable. Skipping connection attempt.
[2024-12-23T08:30:52.443Z] Device at 10.30.4.128 is not reachable. Skipping connection attempt.
[2024-12-23T08:31:02.441Z] Device at 10.30.4.128 is not reachable. Skipping connection attempt.
[2024-12-23T08:31:12.448Z] Device at 10.30.4.128 is not reachable. Skipping connection attempt.
[2024-12-23T08:31:22.446Z] Device at 10.30.4.128 is not reachable. Skipping connection attempt.
[2024-12-23T08:31:32.442Z] Device at 10.30.4.128 is not reachable. Skipping connection attempt.
[2024-12-23T08:31:42.445Z] Device at 10.30.4.128 is not reachable. Skipping connection attempt.
[2024-12-23T08:31:52.946Z] Device at 10.30.4.128 is not reachable. Skipping connection attempt.
[2024-12-23T08:32:02.944Z] Device at 10.30.4.128 is not reachable. Skipping connection attempt.
[2024-12-23T08:32:12.944Z] Device at 10.30.4.128 is not reachable. Skipping connection attempt.
[2024-12-23T08:32:22.953Z] Device at 10.30.4.128 is not reachable. Skipping connection attempt.
[2024-12-23T08:32:52.948Z] Device at 10.30.4.128 is not reachable. Skipping connection attempt.
[2024-12-23T08:33:02.951Z] Device at 10.30.4.128 is not reachable. Skipping connection attempt.
[2024-12-23T08:33:12.948Z] Device at 10.30.4.128 is not reachable. Skipping connection attempt.
[2024-12-23T08:33:22.949Z] Device at 10.30.4.128 is not reachable. Skipping connection attempt.
[2024-12-23T08:33:32.942Z] Device at 10.30.4.128 is not reachable. Skipping connection attempt.
[2024-12-23T08:33:42.939Z] Device at 10.30.4.128 is not reachable. Skipping connection attempt.
[2024-12-23T08:33:52.944Z] Device at 10.30.4.128 is not reachable. Skipping connection attempt.
[2024-12-23T08:34:02.949Z] Device at 10.30.4.128 is not reachable. Skipping connection attempt.
[2024-12-23T08:34:12.950Z] Device at 10.30.4.128 is not reachable. Skipping connection attempt.
[2024-12-23T08:34:22.940Z] Device at 10.30.4.128 is not reachable. Skipping connection attempt.
[2024-12-23T08:34:32.947Z] Device at 10.30.4.128 is not reachable. Skipping connection attempt.
[2024-12-23T08:34:42.939Z] Device at 10.30.4.128 is not reachable. Skipping connection attempt.
[2024-12-23T08:34:52.943Z] Device at 10.30.4.128 is not reachable. Skipping connection attempt.
[2024-12-23T08:35:02.948Z] Device at 10.30.4.128 is not reachable. Skipping connection attempt.
[2024-12-23T08:35:12.943Z] Device at 10.30.4.128 is not reachable. Skipping connection attempt.
[2024-12-23T08:35:22.939Z] Device at 10.30.4.128 is not reachable. Skipping connection attempt.
[2024-12-23T08:35:32.944Z] Device at 10.30.4.128 is not reachable. Skipping connection attempt.
[2024-12-23T08:35:42.942Z] Device at 10.30.4.128 is not reachable. Skipping connection attempt.
[2024-12-23T08:35:52.937Z] Device at 10.30.4.128 is not reachable. Skipping connection attempt.
[2024-12-23T08:36:02.940Z] Device at 10.30.4.128 is not reachable. Skipping connection attempt.
[2024-12-23T08:36:12.949Z] Device at 10.30.4.128 is not reachable. Skipping connection attempt.
[2024-12-23T08:36:22.939Z] Device at 10.30.4.128 is not reachable. Skipping connection attempt.
[2024-12-23T08:36:32.958Z] Device at 10.30.4.128 is not reachable. Skipping connection attempt.
[2024-12-23T08:36:42.939Z] Device at 10.30.4.128 is not reachable. Skipping connection attempt.
[2024-12-23T08:36:52.940Z] Device at 10.30.4.128 is not reachable. Skipping connection attempt.
[2024-12-23T08:37:02.941Z] Device at 10.30.4.128 is not reachable. Skipping connection attempt.
[2024-12-23T08:37:12.940Z] Device at 10.30.4.128 is not reachable. Skipping connection attempt.
[2024-12-23T08:37:22.936Z] Device at 10.30.4.128 is not reachable. Skipping connection attempt.
[2024-12-23T08:37:32.937Z] Device at 10.30.4.128 is not reachable. Skipping connection attempt.
[2024-12-23T08:37:42.947Z] Device at 10.30.4.128 is not reachable. Skipping connection attempt.
[2024-12-23T08:37:52.941Z] Device at 10.30.4.128 is not reachable. Skipping connection attempt.
[2024-12-23T08:38:02.946Z] Device at 10.30.4.128 is not reachable. Skipping connection attempt.
[2024-12-23T08:38:12.936Z] Device at 10.30.4.128 is not reachable. Skipping connection attempt.
[2024-12-23T08:38:22.947Z] Device at 10.30.4.128 is not reachable. Skipping connection attempt.
[2024-12-23T08:38:32.949Z] Device at 10.30.4.128 is not reachable. Skipping connection attempt.
[2024-12-23T08:38:42.944Z] Device at 10.30.4.128 is not reachable. Skipping connection attempt.
[2024-12-23T08:38:52.935Z] Device at 10.30.4.128 is not reachable. Skipping connection attempt.
[2024-12-23T08:39:02.940Z] Device at 10.30.4.128 is not reachable. Skipping connection attempt.
[2024-12-23T08:39:12.941Z] Device at 10.30.4.128 is not reachable. Skipping connection attempt.
[2024-12-23T08:39:22.944Z] Device at 10.30.4.128 is not reachable. Skipping connection attempt.
[2024-12-23T08:39:32.936Z] Device at 10.30.4.128 is not reachable. Skipping connection attempt.
[2024-12-23T08:39:42.945Z] Device at 10.30.4.128 is not reachable. Skipping connection attempt.
[2024-12-23T08:39:52.948Z] Device at 10.30.4.128 is not reachable. Skipping connection attempt.
[2024-12-23T08:40:02.944Z] Device at 10.30.4.128 is not reachable. Skipping connection attempt.
[2024-12-23T08:44:52.437Z] Device at 10.30.4.128 is not reachable. Skipping connection attempt.
[2024-12-23T08:46:46.441Z] Device at 10.30.4.128 is not reachable. Skipping connection attempt.
[2024-12-23T08:46:57.938Z] Device at 10.30.4.128 is not reachable. Skipping connection attempt.
[2024-12-23T08:47:07.945Z] Device at 10.30.4.128 is not reachable. Skipping connection attempt.
[2024-12-23T08:47:29.938Z] Device at 10.30.4.128 is not reachable. Skipping connection attempt.
[2024-12-23T08:48:16.940Z] Device at 10.30.4.128 is not reachable. Skipping connection attempt.
[2024-12-23T08:48:26.937Z] Device at 10.30.4.128 is not reachable. Skipping connection attempt.
[2024-12-23T08:48:36.940Z] Device at 10.30.4.128 is not reachable. Skipping connection attempt.
[2024-12-23T08:48:46.940Z] Device at 10.30.4.128 is not reachable. Skipping connection attempt.
[2024-12-23T08:48:56.937Z] Device at 10.30.4.128 is not reachable. Skipping connection attempt.
[2024-12-23T08:49:06.945Z] Device at 10.30.4.128 is not reachable. Skipping connection attempt.
[2024-12-23T08:49:16.943Z] Device at 10.30.4.128 is not reachable. Skipping connection attempt.
[2024-12-23T08:49:26.938Z] Device at 10.30.4.128 is not reachable. Skipping connection attempt.
[2024-12-23T08:49:36.945Z] Device at 10.30.4.128 is not reachable. Skipping connection attempt.
[2024-12-23T08:49:46.939Z] Device at 10.30.4.128 is not reachable. Skipping connection attempt.
[2024-12-23T08:49:56.935Z] Device at 10.30.4.128 is not reachable. Skipping connection attempt.
[2024-12-23T08:50:06.937Z] Device at 10.30.4.128 is not reachable. Skipping connection attempt.
[2024-12-23T08:50:16.931Z] Device at 10.30.4.128 is not reachable. Skipping connection attempt.
[2024-12-23T08:50:26.952Z] Device at 10.30.4.128 is not reachable. Skipping connection attempt.
[2024-12-23T08:50:36.938Z] Device at 10.30.4.128 is not reachable. Skipping connection attempt.
[2024-12-23T08:50:46.927Z] Device at 10.30.4.128 is not reachable. Skipping connection attempt.
[2024-12-23T08:50:56.933Z] Device at 10.30.4.128 is not reachable. Skipping connection attempt.
[2024-12-23T08:51:06.928Z] Device at 10.30.4.128 is not reachable. Skipping connection attempt.
[2024-12-23T08:51:16.935Z] Device at 10.30.4.128 is not reachable. Skipping connection attempt.
[2024-12-23T08:51:26.929Z] Device at 10.30.4.128 is not reachable. Skipping connection attempt.
[2024-12-23T08:51:36.928Z] Device at 10.30.4.128 is not reachable. Skipping connection attempt.
[2024-12-23T08:51:46.933Z] Device at 10.30.4.128 is not reachable. Skipping connection attempt.
[2024-12-23T08:51:56.928Z] Device at 10.30.4.128 is not reachable. Skipping connection attempt.
[2024-12-23T08:52:06.939Z] Device at 10.30.4.128 is not reachable. Skipping connection attempt.
[2024-12-23T08:52:16.942Z] Device at 10.30.4.128 is not reachable. Skipping connection attempt.
[2024-12-23T08:52:26.934Z] Device at 10.30.4.128 is not reachable. Skipping connection attempt.
[2024-12-23T08:52:36.924Z] Device at 10.30.4.128 is not reachable. Skipping connection attempt.
[2024-12-23T08:52:46.930Z] Device at 10.30.4.128 is not reachable. Skipping connection attempt.
[2024-12-23T08:52:56.936Z] Device at 10.30.4.128 is not reachable. Skipping connection attempt.
[2024-12-23T08:53:06.925Z] Device at 10.30.4.128 is not reachable. Skipping connection attempt.
[2024-12-23T08:53:16.933Z] Device at 10.30.4.128 is not reachable. Skipping connection attempt.
[2024-12-23T08:53:26.938Z] Device at 10.30.4.128 is not reachable. Skipping connection attempt.
[2024-12-23T08:53:36.928Z] Device at 10.30.4.128 is not reachable. Skipping connection attempt.
[2024-12-23T08:53:46.941Z] Device at 10.30.4.128 is not reachable. Skipping connection attempt.
[2024-12-23T08:53:56.935Z] Device at 10.30.4.128 is not reachable. Skipping connection attempt.
[2024-12-23T08:54:06.939Z] Device at 10.30.4.128 is not reachable. Skipping connection attempt.
[2024-12-23T08:54:16.932Z] Device at 10.30.4.128 is not reachable. Skipping connection attempt.
[2024-12-23T08:54:26.922Z] Device at 10.30.4.128 is not reachable. Skipping connection attempt.
[2024-12-23T08:54:36.924Z] Device at 10.30.4.128 is not reachable. Skipping connection attempt.
[2024-12-23T08:54:46.920Z] Device at 10.30.4.128 is not reachable. Skipping connection attempt.
[2024-12-23T08:54:56.923Z] Device at 10.30.4.128 is not reachable. Skipping connection attempt.
[2024-12-23T08:55:06.930Z] Device at 10.30.4.128 is not reachable. Skipping connection attempt.
[2024-12-23T08:55:16.925Z] Device at 10.30.4.128 is not reachable. Skipping connection attempt.
[2024-12-23T08:55:26.923Z] Device at 10.30.4.128 is not reachable. Skipping connection attempt.
[2024-12-23T08:55:36.927Z] Device at 10.30.4.128 is not reachable. Skipping connection attempt.
[2024-12-23T08:55:46.920Z] Device at 10.30.4.128 is not reachable. Skipping connection attempt.
[2024-12-23T08:55:56.924Z] Device at 10.30.4.128 is not reachable. Skipping connection attempt.
[2024-12-23T08:56:06.919Z] Device at 10.30.4.128 is not reachable. Skipping connection attempt.
[2024-12-23T08:56:16.925Z] Device at 10.30.4.128 is not reachable. Skipping connection attempt.
[2024-12-23T08:56:26.930Z] Device at 10.30.4.128 is not reachable. Skipping connection attempt.
[2024-12-23T08:56:36.924Z] Device at 10.30.4.128 is not reachable. Skipping connection attempt.
[2024-12-23T08:56:46.930Z] Device at 10.30.4.128 is not reachable. Skipping connection attempt.
[2024-12-23T08:56:56.924Z] Device at 10.30.4.128 is not reachable. Skipping connection attempt.
[2024-12-23T08:57:06.919Z] Device at 10.30.4.128 is not reachable. Skipping connection attempt.
[2024-12-23T08:57:16.926Z] Device at 10.30.4.128 is not reachable. Skipping connection attempt.
[2024-12-23T08:57:26.916Z] Device at 10.30.4.128 is not reachable. Skipping connection attempt.
[2024-12-23T08:57:37.423Z] Device at 10.30.4.128 is not reachable. Skipping connection attempt.
[2024-12-23T08:57:47.421Z] Device at 10.30.4.128 is not reachable. Skipping connection attempt.
[2024-12-23T08:57:57.419Z] Device at 10.30.4.128 is not reachable. Skipping connection attempt.
[2024-12-23T08:58:07.425Z] Device at 10.30.4.128 is not reachable. Skipping connection attempt.
[2024-12-23T08:58:17.430Z] Device at 10.30.4.128 is not reachable. Skipping connection attempt.
[2024-12-23T08:58:27.419Z] Device at 10.30.4.128 is not reachable. Skipping connection attempt.
[2024-12-23T08:58:37.419Z] Device at 10.30.4.128 is not reachable. Skipping connection attempt.
[2024-12-23T08:58:47.415Z] Device at 10.30.4.128 is not reachable. Skipping connection attempt.
[2024-12-23T08:58:57.425Z] Device at 10.30.4.128 is not reachable. Skipping connection attempt.
[2024-12-23T08:59:07.418Z] Device at 10.30.4.128 is not reachable. Skipping connection attempt.
[2024-12-23T08:59:17.428Z] Device at 10.30.4.128 is not reachable. Skipping connection attempt.
[2024-12-23T08:59:27.421Z] Device at 10.30.4.128 is not reachable. Skipping connection attempt.
[2024-12-23T08:59:37.422Z] Device at 10.30.4.128 is not reachable. Skipping connection attempt.
[2024-12-23T08:59:47.414Z] Device at 10.30.4.128 is not reachable. Skipping connection attempt.
[2024-12-23T08:59:57.421Z] Device at 10.30.4.128 is not reachable. Skipping connection attempt.
[2024-12-23T09:00:07.425Z] Device at 10.30.4.128 is not reachable. Skipping connection attempt.
[2024-12-23T09:00:17.421Z] Device at 10.30.4.128 is not reachable. Skipping connection attempt.
[2024-12-23T09:00:27.427Z] Device at 10.30.4.128 is not reachable. Skipping connection attempt.
[2024-12-23T09:00:37.417Z] Device at 10.30.4.128 is not reachable. Skipping connection attempt.
[2024-12-23T09:00:47.421Z] Device at 10.30.4.128 is not reachable. Skipping connection attempt.
[2024-12-25T00:29:47.446Z] Device at 10.30.4.128 is not reachable. Skipping connection attempt.
[2024-12-25T00:29:58.947Z] Device at 10.30.4.128 is not reachable. Skipping connection attempt.
[2024-12-25T00:30:02.943Z] Device at 10.30.4.128 is not reachable. Skipping connection attempt.
[2024-12-25T00:30:08.937Z] Device at 10.30.4.128 is not reachable. Skipping connection attempt.
[2024-12-25T00:30:18.937Z] Device at 10.30.4.128 is not reachable. Skipping connection attempt.
[2024-12-25T00:30:28.932Z] Device at 10.30.4.128 is not reachable. Skipping connection attempt.
[2024-12-25T00:30:38.949Z] Device at 10.30.4.128 is not reachable. Skipping connection attempt.
[2024-12-25T00:30:48.946Z] Device at 10.30.4.128 is not reachable. Skipping connection attempt.
[2024-12-25T00:30:58.934Z] Device at 10.30.4.128 is not reachable. Skipping connection attempt.
[2024-12-25T00:31:08.944Z] Device at 10.30.4.128 is not reachable. Skipping connection attempt.
[2024-12-25T00:31:18.945Z] Device at 10.30.4.128 is not reachable. Skipping connection attempt.
[2024-12-25T00:31:28.931Z] Device at 10.30.4.128 is not reachable. Skipping connection attempt.
[2024-12-25T00:31:38.935Z] Device at 10.30.4.128 is not reachable. Skipping connection attempt.
[2024-12-25T00:31:48.938Z] Device at 10.30.4.128 is not reachable. Skipping connection attempt.
[2024-12-25T00:31:58.933Z] Device at 10.30.4.128 is not reachable. Skipping connection attempt.
[2024-12-25T00:32:08.937Z] Device at 10.30.4.128 is not reachable. Skipping connection attempt.
[2024-12-25T00:32:18.939Z] Device at 10.30.4.128 is not reachable. Skipping connection attempt.
[2024-12-25T00:32:28.932Z] Device at 10.30.4.128 is not reachable. Skipping connection attempt.
[2024-12-25T00:32:38.944Z] Device at 10.30.4.128 is not reachable. Skipping connection attempt.
[2024-12-25T00:32:48.938Z] Device at 10.30.4.128 is not reachable. Skipping connection attempt.
[2024-12-25T00:32:58.946Z] Device at 10.30.4.128 is not reachable. Skipping connection attempt.
[2024-12-25T00:33:08.931Z] Device at 10.30.4.128 is not reachable. Skipping connection attempt.
[2024-12-25T00:33:18.938Z] Device at 10.30.4.128 is not reachable. Skipping connection attempt.
[2024-12-25T00:33:28.940Z] Device at 10.30.4.128 is not reachable. Skipping connection attempt.
[2024-12-25T00:33:38.935Z] Device at 10.30.4.128 is not reachable. Skipping connection attempt.
[2024-12-25T00:33:48.941Z] Device at 10.30.4.128 is not reachable. Skipping connection attempt.
[2024-12-25T00:33:58.936Z] Device at 10.30.4.128 is not reachable. Skipping connection attempt.
[2024-12-25T00:34:08.937Z] Device at 10.30.4.128 is not reachable. Skipping connection attempt.
[2024-12-25T00:34:18.941Z] Device at 10.30.4.128 is not reachable. Skipping connection attempt.
[2024-12-25T00:34:28.932Z] Device at 10.30.4.128 is not reachable. Skipping connection attempt.
[2024-12-25T00:34:38.939Z] Device at 10.30.4.128 is not reachable. Skipping connection attempt.
[2024-12-25T00:34:48.934Z] Device at 10.30.4.128 is not reachable. Skipping connection attempt.
[2024-12-25T00:34:58.939Z] Device at 10.30.4.128 is not reachable. Skipping connection attempt.
[2024-12-25T00:35:08.932Z] Device at 10.30.4.128 is not reachable. Skipping connection attempt.
[2024-12-25T00:35:18.932Z] Device at 10.30.4.128 is not reachable. Skipping connection attempt.
[2024-12-25T00:35:28.934Z] Device at 10.30.4.128 is not reachable. Skipping connection attempt.
[2024-12-25T00:35:38.931Z] Device at 10.30.4.128 is not reachable. Skipping connection attempt.
[2024-12-25T00:35:48.932Z] Device at 10.30.4.128 is not reachable. Skipping connection attempt.
[2024-12-25T00:35:58.935Z] Device at 10.30.4.128 is not reachable. Skipping connection attempt.
[2024-12-25T00:36:08.931Z] Device at 10.30.4.128 is not reachable. Skipping connection attempt.
[2024-12-25T00:36:18.933Z] Device at 10.30.4.128 is not reachable. Skipping connection attempt.
[2024-12-25T00:36:28.934Z] Device at 10.30.4.128 is not reachable. Skipping connection attempt.
[2024-12-25T00:36:38.937Z] Device at 10.30.4.128 is not reachable. Skipping connection attempt.
[2024-12-25T00:36:48.928Z] Device at 10.30.4.128 is not reachable. Skipping connection attempt.
[2024-12-25T00:36:58.932Z] Device at 10.30.4.128 is not reachable. Skipping connection attempt.
[2024-12-25T00:37:08.939Z] Device at 10.30.4.128 is not reachable. Skipping connection attempt.
[2024-12-25T00:37:18.936Z] Device at 10.30.4.128 is not reachable. Skipping connection attempt.
[2024-12-25T00:37:29.443Z] Device at 10.30.4.128 is not reachable. Skipping connection attempt.
[2024-12-25T00:37:39.430Z] Device at 10.30.4.128 is not reachable. Skipping connection attempt.
[2024-12-25T00:37:49.439Z] Device at 10.30.4.128 is not reachable. Skipping connection attempt.
[2024-12-25T00:37:59.425Z] Device at 10.30.4.128 is not reachable. Skipping connection attempt.
[2024-12-25T00:38:09.432Z] Device at 10.30.4.128 is not reachable. Skipping connection attempt.
[2024-12-25T00:38:19.440Z] Device at 10.30.4.128 is not reachable. Skipping connection attempt.
[2024-12-25T00:38:29.440Z] Device at 10.30.4.128 is not reachable. Skipping connection attempt.
[2024-12-25T00:38:39.432Z] Device at 10.30.4.128 is not reachable. Skipping connection attempt.
[2024-12-25T00:38:49.432Z] Device at 10.30.4.128 is not reachable. Skipping connection attempt.
[2024-12-25T00:38:59.434Z] Device at 10.30.4.128 is not reachable. Skipping connection attempt.
[2024-12-25T00:39:09.429Z] Device at 10.30.4.128 is not reachable. Skipping connection attempt.
[2024-12-25T00:39:19.440Z] Device at 10.30.4.128 is not reachable. Skipping connection attempt.
[2024-12-25T00:39:29.435Z] Device at 10.30.4.128 is not reachable. Skipping connection attempt.
[2024-12-25T00:39:39.454Z] Device at 10.30.4.128 is not reachable. Skipping connection attempt.
[2024-12-25T00:39:49.429Z] Device at 10.30.4.128 is not reachable. Skipping connection attempt.
[2024-12-25T00:39:59.426Z] Device at 10.30.4.128 is not reachable. Skipping connection attempt.
[2024-12-25T00:40:09.429Z] Device at 10.30.4.128 is not reachable. Skipping connection attempt.
[2024-12-25T00:40:19.430Z] Device at 10.30.4.128 is not reachable. Skipping connection attempt.
[2024-12-25T00:40:29.435Z] Device at 10.30.4.128 is not reachable. Skipping connection attempt.
[2024-12-25T00:40:39.427Z] Device at 10.30.4.128 is not reachable. Skipping connection attempt.
[2024-12-25T00:40:49.440Z] Device at 10.30.4.128 is not reachable. Skipping connection attempt.
[2024-12-25T00:40:59.426Z] Device at 10.30.4.128 is not reachable. Skipping connection attempt.
[2024-12-25T00:41:09.428Z] Device at 10.30.4.128 is not reachable. Skipping connection attempt.
[2024-12-25T00:41:19.437Z] Device at 10.30.4.128 is not reachable. Skipping connection attempt.
[2024-12-25T00:41:29.436Z] Device at 10.30.4.128 is not reachable. Skipping connection attempt.
[2024-12-25T00:41:39.427Z] Device at 10.30.4.128 is not reachable. Skipping connection attempt.
[2024-12-25T00:41:49.426Z] Device at 10.30.4.128 is not reachable. Skipping connection attempt.
[2024-12-25T00:41:59.435Z] Device at 10.30.4.128 is not reachable. Skipping connection attempt.
[2024-12-25T00:42:09.428Z] Device at 10.30.4.128 is not reachable. Skipping connection attempt.
[2024-12-25T00:42:19.438Z] Device at 10.30.4.128 is not reachable. Skipping connection attempt.
[2024-12-25T00:42:29.439Z] Device at 10.30.4.128 is not reachable. Skipping connection attempt.
[2024-12-25T00:42:39.440Z] Device at 10.30.4.128 is not reachable. Skipping connection attempt.
[2024-12-25T00:42:49.439Z] Device at 10.30.4.128 is not reachable. Skipping connection attempt.
[2024-12-25T00:42:59.428Z] Device at 10.30.4.128 is not reachable. Skipping connection attempt.
[2024-12-25T00:43:09.441Z] Device at 10.30.4.128 is not reachable. Skipping connection attempt.
[2024-12-25T00:43:19.426Z] Device at 10.30.4.128 is not reachable. Skipping connection attempt.
[2024-12-25T00:43:29.426Z] Device at 10.30.4.128 is not reachable. Skipping connection attempt.
[2024-12-25T00:43:39.434Z] Device at 10.30.4.128 is not reachable. Skipping connection attempt.
[2024-12-25T00:43:49.427Z] Device at 10.30.4.128 is not reachable. Skipping connection attempt.
[2024-12-25T00:43:59.429Z] Device at 10.30.4.128 is not reachable. Skipping connection attempt.
[2024-12-25T00:44:09.429Z] Device at 10.30.4.128 is not reachable. Skipping connection attempt.
[2024-12-25T00:44:19.429Z] Device at 10.30.4.128 is not reachable. Skipping connection attempt.
[2024-12-25T00:44:29.438Z] Device at 10.30.4.128 is not reachable. Skipping connection attempt.
[2024-12-25T00:44:39.438Z] Device at 10.30.4.128 is not reachable. Skipping connection attempt.
[2024-12-25T00:44:49.425Z] Device at 10.30.4.128 is not reachable. Skipping connection attempt.
[2024-12-25T00:44:59.439Z] Device at 10.30.4.128 is not reachable. Skipping connection attempt.
[2024-12-25T00:45:09.428Z] Device at 10.30.4.128 is not reachable. Skipping connection attempt.
[2024-12-25T00:45:19.428Z] Device at 10.30.4.128 is not reachable. Skipping connection attempt.
[2024-12-25T00:45:29.435Z] Device at 10.30.4.128 is not reachable. Skipping connection attempt.
[2024-12-25T00:45:39.436Z] Device at 10.30.4.128 is not reachable. Skipping connection attempt.
[2024-12-25T00:45:49.432Z] Device at 10.30.4.128 is not reachable. Skipping connection attempt.
[2024-12-25T00:45:59.429Z] Device at 10.30.4.128 is not reachable. Skipping connection attempt.
[2024-12-25T00:46:09.426Z] Device at 10.30.4.128 is not reachable. Skipping connection attempt.
[2024-12-25T00:46:19.432Z] Device at 10.30.4.128 is not reachable. Skipping connection attempt.
[2024-12-25T00:46:29.428Z] Device at 10.30.4.128 is not reachable. Skipping connection attempt.
[2024-12-25T00:46:39.436Z] Device at 10.30.4.128 is not reachable. Skipping connection attempt.
[2024-12-25T00:46:49.434Z] Device at 10.30.4.128 is not reachable. Skipping connection attempt.
[2024-12-25T00:46:59.431Z] Device at 10.30.4.128 is not reachable. Skipping connection attempt.
[2024-12-25T00:47:09.431Z] Device at 10.30.4.128 is not reachable. Skipping connection attempt.
[2024-12-25T00:47:19.435Z] Device at 10.30.4.128 is not reachable. Skipping connection attempt.
[2024-12-25T00:47:29.434Z] Device at 10.30.4.128 is not reachable. Skipping connection attempt.
[2024-12-25T00:47:39.426Z] Device at 10.30.4.128 is not reachable. Skipping connection attempt.
[2024-12-25T00:47:49.932Z] Device at 10.30.4.128 is not reachable. Skipping connection attempt.
[2024-12-25T00:47:59.935Z] Device at 10.30.4.128 is not reachable. Skipping connection attempt.
[2024-12-25T00:48:09.929Z] Device at 10.30.4.128 is not reachable. Skipping connection attempt.
[2024-12-25T00:48:19.927Z] Device at 10.30.4.128 is not reachable. Skipping connection attempt.
[2024-12-25T00:48:29.938Z] Device at 10.30.4.128 is not reachable. Skipping connection attempt.
[2024-12-25T00:48:39.927Z] Device at 10.30.4.128 is not reachable. Skipping connection attempt.
[2024-12-25T00:48:49.929Z] Device at 10.30.4.128 is not reachable. Skipping connection attempt.
[2024-12-25T00:48:59.930Z] Device at 10.30.4.128 is not reachable. Skipping connection attempt.
[2024-12-25T00:49:09.927Z] Device at 10.30.4.128 is not reachable. Skipping connection attempt.
[2024-12-25T00:49:19.934Z] Device at 10.30.4.128 is not reachable. Skipping connection attempt.
[2024-12-25T00:49:29.948Z] Device at 10.30.4.128 is not reachable. Skipping connection attempt.
[2024-12-25T00:49:39.933Z] Device at 10.30.4.128 is not reachable. Skipping connection attempt.
[2024-12-25T00:49:49.928Z] Device at 10.30.4.128 is not reachable. Skipping connection attempt.
[2024-12-25T00:49:59.928Z] Device at 10.30.4.128 is not reachable. Skipping connection attempt.
[2024-12-25T00:50:09.929Z] Device at 10.30.4.128 is not reachable. Skipping connection attempt.
[2024-12-25T00:50:19.931Z] Device at 10.30.4.128 is not reachable. Skipping connection attempt.
[2024-12-25T00:50:29.927Z] Device at 10.30.4.128 is not reachable. Skipping connection attempt.
[2024-12-25T00:50:39.927Z] Device at 10.30.4.128 is not reachable. Skipping connection attempt.
[2024-12-25T00:50:49.925Z] Device at 10.30.4.128 is not reachable. Skipping connection attempt.
[2024-12-25T00:50:59.932Z] Device at 10.30.4.128 is not reachable. Skipping connection attempt.
[2024-12-25T00:51:09.930Z] Device at 10.30.4.128 is not reachable. Skipping connection attempt.
[2024-12-25T00:51:19.931Z] Device at 10.30.4.128 is not reachable. Skipping connection attempt.
[2024-12-25T00:51:29.932Z] Device at 10.30.4.128 is not reachable. Skipping connection attempt.
[2024-12-25T00:51:39.938Z] Device at 10.30.4.128 is not reachable. Skipping connection attempt.
[2024-12-25T00:51:49.936Z] Device at 10.30.4.128 is not reachable. Skipping connection attempt.
[2024-12-25T00:51:59.938Z] Device at 10.30.4.128 is not reachable. Skipping connection attempt.
[2024-12-25T00:52:09.926Z] Device at 10.30.4.128 is not reachable. Skipping connection attempt.
[2024-12-25T00:52:19.933Z] Device at 10.30.4.128 is not reachable. Skipping connection attempt.
[2024-12-25T00:52:29.929Z] Device at 10.30.4.128 is not reachable. Skipping connection attempt.
[2024-12-25T00:52:39.925Z] Device at 10.30.4.128 is not reachable. Skipping connection attempt.
[2024-12-25T00:52:49.927Z] Device at 10.30.4.128 is not reachable. Skipping connection attempt.
[2024-12-25T00:52:59.930Z] Device at 10.30.4.128 is not reachable. Skipping connection attempt.
[2024-12-25T00:53:09.936Z] Device at 10.30.4.128 is not reachable. Skipping connection attempt.
[2024-12-25T00:53:19.929Z] Device at 10.30.4.128 is not reachable. Skipping connection attempt.
[2024-12-25T00:53:29.933Z] Device at 10.30.4.128 is not reachable. Skipping connection attempt.
[2024-12-25T00:53:39.937Z] Device at 10.30.4.128 is not reachable. Skipping connection attempt.
[2024-12-25T00:53:49.934Z] Device at 10.30.4.128 is not reachable. Skipping connection attempt.
[2024-12-25T00:53:59.930Z] Device at 10.30.4.128 is not reachable. Skipping connection attempt.
[2024-12-25T00:54:09.932Z] Device at 10.30.4.128 is not reachable. Skipping connection attempt.
[2024-12-25T00:54:19.932Z] Device at 10.30.4.128 is not reachable. Skipping connection attempt.
[2024-12-25T00:54:29.931Z] Device at 10.30.4.128 is not reachable. Skipping connection attempt.
[2024-12-25T00:54:39.935Z] Device at 10.30.4.128 is not reachable. Skipping connection attempt.
[2024-12-25T00:54:49.924Z] Device at 10.30.4.128 is not reachable. Skipping connection attempt.
[2024-12-25T00:54:59.931Z] Device at 10.30.4.128 is not reachable. Skipping connection attempt.
[2024-12-25T00:55:09.939Z] Device at 10.30.4.128 is not reachable. Skipping connection attempt.
[2024-12-25T00:55:19.932Z] Device at 10.30.4.128 is not reachable. Skipping connection attempt.
[2024-12-25T00:55:29.926Z] Device at 10.30.4.128 is not reachable. Skipping connection attempt.
[2024-12-25T00:55:39.927Z] Device at 10.30.4.128 is not reachable. Skipping connection attempt.
[2024-12-25T00:55:49.927Z] Device at 10.30.4.128 is not reachable. Skipping connection attempt.
[2024-12-25T00:55:59.930Z] Device at 10.30.4.128 is not reachable. Skipping connection attempt.
[2024-12-25T00:56:09.933Z] Device at 10.30.4.128 is not reachable. Skipping connection attempt.
[2024-12-25T00:56:19.938Z] Device at 10.30.4.128 is not reachable. Skipping connection attempt.
[2024-12-25T00:56:29.939Z] Device at 10.30.4.128 is not reachable. Skipping connection attempt.
[2024-12-25T00:57:31.428Z] Device at 10.30.4.128 is not reachable. Skipping connection attempt.
[2024-12-25T00:57:41.428Z] Device at 10.30.4.128 is not reachable. Skipping connection attempt.
[2024-12-25T00:57:51.424Z] Device at 10.30.4.128 is not reachable. Skipping connection attempt.
[2024-12-25T00:58:01.427Z] Device at 10.30.4.128 is not reachable. Skipping connection attempt.
[2024-12-25T00:58:11.427Z] Device at 10.30.4.128 is not reachable. Skipping connection attempt.
[2024-12-25T00:58:21.424Z] Device at 10.30.4.128 is not reachable. Skipping connection attempt.
[2024-12-25T00:58:31.424Z] Device at 10.30.4.128 is not reachable. Skipping connection attempt.
[2024-12-25T00:58:41.433Z] Device at 10.30.4.128 is not reachable. Skipping connection attempt.
[2024-12-25T00:58:51.426Z] Device at 10.30.4.128 is not reachable. Skipping connection attempt.
[2024-12-25T00:59:01.421Z] Device at 10.30.4.128 is not reachable. Skipping connection attempt.
[2024-12-25T00:59:11.427Z] Device at 10.30.4.128 is not reachable. Skipping connection attempt.
[2024-12-25T00:59:21.424Z] Device at 10.30.4.128 is not reachable. Skipping connection attempt.
[2024-12-25T00:59:31.427Z] Device at 10.30.4.128 is not reachable. Skipping connection attempt.
[2024-12-25T00:59:41.434Z] Device at 10.30.4.128 is not reachable. Skipping connection attempt.
[2024-12-25T00:59:51.422Z] Device at 10.30.4.128 is not reachable. Skipping connection attempt.
[2024-12-25T01:00:01.433Z] Device at 10.30.4.128 is not reachable. Skipping connection attempt.
[2024-12-25T01:00:11.424Z] Device at 10.30.4.128 is not reachable. Skipping connection attempt.
[2024-12-25T01:00:21.425Z] Device at 10.30.4.128 is not reachable. Skipping connection attempt.
[2024-12-25T01:00:31.421Z] Device at 10.30.4.128 is not reachable. Skipping connection attempt.
[2024-12-25T01:00:41.932Z] Device at 10.30.4.128 is not reachable. Skipping connection attempt.
[2024-12-25T01:00:51.945Z] Device at 10.30.4.128 is not reachable. Skipping connection attempt.
[2024-12-25T01:01:01.930Z] Device at 10.30.4.128 is not reachable. Skipping connection attempt.
[2024-12-25T01:01:11.934Z] Device at 10.30.4.128 is not reachable. Skipping connection attempt.
[2024-12-25T01:01:21.926Z] Device at 10.30.4.128 is not reachable. Skipping connection attempt.
[2024-12-25T01:01:31.926Z] Device at 10.30.4.128 is not reachable. Skipping connection attempt.
[2024-12-25T01:01:41.926Z] Device at 10.30.4.128 is not reachable. Skipping connection attempt.
[2024-12-25T01:01:51.928Z] Device at 10.30.4.128 is not reachable. Skipping connection attempt.
[2024-12-25T01:02:01.922Z] Device at 10.30.4.128 is not reachable. Skipping connection attempt.
[2024-12-25T01:02:11.931Z] Device at 10.30.4.128 is not reachable. Skipping connection attempt.
[2024-12-25T01:02:21.925Z] Device at 10.30.4.128 is not reachable. Skipping connection attempt.
[2024-12-25T01:02:31.948Z] Device at 10.30.4.128 is not reachable. Skipping connection attempt.
[2024-12-25T01:02:41.922Z] Device at 10.30.4.128 is not reachable. Skipping connection attempt.
[2024-12-25T01:02:51.933Z] Device at 10.30.4.128 is not reachable. Skipping connection attempt.
[2024-12-25T01:03:01.928Z] Device at 10.30.4.128 is not reachable. Skipping connection attempt.
[2024-12-25T01:03:11.930Z] Device at 10.30.4.128 is not reachable. Skipping connection attempt.
[2024-12-25T01:03:21.934Z] Device at 10.30.4.128 is not reachable. Skipping connection attempt.
[2024-12-25T01:03:31.926Z] Device at 10.30.4.128 is not reachable. Skipping connection attempt.
[2024-12-25T01:03:41.926Z] Device at 10.30.4.128 is not reachable. Skipping connection attempt.
[2024-12-25T01:03:51.928Z] Device at 10.30.4.128 is not reachable. Skipping connection attempt.
[2024-12-25T01:04:01.931Z] Device at 10.30.4.128 is not reachable. Skipping connection attempt.
[2024-12-25T01:04:11.926Z] Device at 10.30.4.128 is not reachable. Skipping connection attempt.
[2024-12-25T01:04:21.929Z] Device at 10.30.4.128 is not reachable. Skipping connection attempt.
[2024-12-25T01:04:31.921Z] Device at 10.30.4.128 is not reachable. Skipping connection attempt.
[2024-12-25T01:04:41.929Z] Device at 10.30.4.128 is not reachable. Skipping connection attempt.
[2024-12-25T01:04:51.927Z] Device at 10.30.4.128 is not reachable. Skipping connection attempt.
[2024-12-25T01:05:01.924Z] Device at 10.30.4.128 is not reachable. Skipping connection attempt.
[2024-12-25T01:05:11.922Z] Device at 10.30.4.128 is not reachable. Skipping connection attempt.
[2024-12-25T01:05:21.924Z] Device at 10.30.4.128 is not reachable. Skipping connection attempt.
[2024-12-25T01:05:31.925Z] Device at 10.30.4.128 is not reachable. Skipping connection attempt.
[2024-12-25T01:05:41.922Z] Device at 10.30.4.128 is not reachable. Skipping connection attempt.
[2024-12-25T01:05:51.934Z] Device at 10.30.4.128 is not reachable. Skipping connection attempt.
[2024-12-25T01:06:01.935Z] Device at 10.30.4.128 is not reachable. Skipping connection attempt.
[2024-12-25T01:06:11.930Z] Device at 10.30.4.128 is not reachable. Skipping connection attempt.
[2024-12-25T01:06:21.924Z] Device at 10.30.4.128 is not reachable. Skipping connection attempt.
[2024-12-25T01:06:31.925Z] Device at 10.30.4.128 is not reachable. Skipping connection attempt.
[2024-12-25T01:06:41.919Z] Device at 10.30.4.128 is not reachable. Skipping connection attempt.
[2024-12-25T01:06:51.927Z] Device at 10.30.4.128 is not reachable. Skipping connection attempt.
[2024-12-25T01:07:01.922Z] Device at 10.30.4.128 is not reachable. Skipping connection attempt.
[2024-12-25T01:07:11.933Z] Device at 10.30.4.128 is not reachable. Skipping connection attempt.
[2024-12-25T01:07:21.931Z] Device at 10.30.4.128 is not reachable. Skipping connection attempt.
[2024-12-25T01:07:31.924Z] Device at 10.30.4.128 is not reachable. Skipping connection attempt.
[2024-12-25T01:07:41.922Z] Device at 10.30.4.128 is not reachable. Skipping connection attempt.
[2024-12-25T01:07:51.931Z] Device at 10.30.4.128 is not reachable. Skipping connection attempt.
[2024-12-25T01:08:01.933Z] Device at 10.30.4.128 is not reachable. Skipping connection attempt.
[2024-12-25T01:08:11.930Z] Device at 10.30.4.128 is not reachable. Skipping connection attempt.
[2024-12-25T01:08:21.925Z] Device at 10.30.4.128 is not reachable. Skipping connection attempt.
[2024-12-25T01:08:31.929Z] Device at 10.30.4.128 is not reachable. Skipping connection attempt.
[2024-12-25T01:08:41.933Z] Device at 10.30.4.128 is not reachable. Skipping connection attempt.
[2024-12-25T01:08:51.935Z] Device at 10.30.4.128 is not reachable. Skipping connection attempt.
[2024-12-25T01:09:01.920Z] Device at 10.30.4.128 is not reachable. Skipping connection attempt.
[2024-12-25T01:09:11.935Z] Device at 10.30.4.128 is not reachable. Skipping connection attempt.
[2024-12-25T01:09:21.924Z] Device at 10.30.4.128 is not reachable. Skipping connection attempt.
[2024-12-25T01:09:31.921Z] Device at 10.30.4.128 is not reachable. Skipping connection attempt.
[2024-12-25T01:09:41.924Z] Device at 10.30.4.128 is not reachable. Skipping connection attempt.
[2024-12-25T01:09:51.922Z] Device at 10.30.4.128 is not reachable. Skipping connection attempt.
[2024-12-25T01:10:01.926Z] Device at 10.30.4.128 is not reachable. Skipping connection attempt.
[2024-12-25T01:10:11.922Z] Device at 10.30.4.128 is not reachable. Skipping connection attempt.
[2024-12-25T01:10:22.427Z] Device at 10.30.4.128 is not reachable. Skipping connection attempt.
[2024-12-25T01:10:32.427Z] Device at 10.30.4.128 is not reachable. Skipping connection attempt.
[2024-12-25T01:10:45.422Z] Device at 10.30.4.128 is not reachable. Skipping connection attempt.
[2024-12-25T01:10:55.448Z] Device at 10.30.4.128 is not reachable. Skipping connection attempt.
[2024-12-25T01:11:05.427Z] Device at 10.30.4.128 is not reachable. Skipping connection attempt.
[2024-12-25T01:11:15.420Z] Device at 10.30.4.128 is not reachable. Skipping connection attempt.
[2024-12-25T01:11:25.423Z] Device at 10.30.4.128 is not reachable. Skipping connection attempt.
[2024-12-25T01:11:35.426Z] Device at 10.30.4.128 is not reachable. Skipping connection attempt.
[2024-12-25T01:11:45.432Z] Device at 10.30.4.128 is not reachable. Skipping connection attempt.
[2024-12-25T01:11:55.442Z] Device at 10.30.4.128 is not reachable. Skipping connection attempt.
[2024-12-25T01:12:05.427Z] Device at 10.30.4.128 is not reachable. Skipping connection attempt.
[2024-12-25T01:12:15.427Z] Device at 10.30.4.128 is not reachable. Skipping connection attempt.
[2024-12-25T01:12:25.429Z] Device at 10.30.4.128 is not reachable. Skipping connection attempt.
[2024-12-25T01:12:35.425Z] Device at 10.30.4.128 is not reachable. Skipping connection attempt.
[2024-12-25T01:12:45.433Z] Device at 10.30.4.128 is not reachable. Skipping connection attempt.
[2024-12-25T01:12:55.419Z] Device at 10.30.4.128 is not reachable. Skipping connection attempt.
[2024-12-25T01:13:05.431Z] Device at 10.30.4.128 is not reachable. Skipping connection attempt.
[2024-12-25T01:13:15.430Z] Device at 10.30.4.128 is not reachable. Skipping connection attempt.
[2024-12-25T01:13:25.421Z] Device at 10.30.4.128 is not reachable. Skipping connection attempt.
[2024-12-25T01:13:35.422Z] Device at 10.30.4.128 is not reachable. Skipping connection attempt.
[2024-12-25T01:13:45.434Z] Device at 10.30.4.128 is not reachable. Skipping connection attempt.
[2024-12-25T01:13:55.426Z] Device at 10.30.4.128 is not reachable. Skipping connection attempt.
[2024-12-25T01:14:05.424Z] Device at 10.30.4.128 is not reachable. Skipping connection attempt.
[2024-12-25T01:14:15.421Z] Device at 10.30.4.128 is not reachable. Skipping connection attempt.
[2024-12-25T01:14:25.423Z] Device at 10.30.4.128 is not reachable. Skipping connection attempt.
[2024-12-25T01:14:35.422Z] Device at 10.30.4.128 is not reachable. Skipping connection attempt.
[2024-12-25T01:14:45.417Z] Device at 10.30.4.128 is not reachable. Skipping connection attempt.
[2024-12-25T01:14:55.421Z] Device at 10.30.4.128 is not reachable. Skipping connection attempt.
[2024-12-25T01:15:05.429Z] Device at 10.30.4.128 is not reachable. Skipping connection attempt.
[2024-12-25T01:15:15.421Z] Device at 10.30.4.128 is not reachable. Skipping connection attempt.
[2024-12-25T01:15:25.424Z] Device at 10.30.4.128 is not reachable. Skipping connection attempt.
[2024-12-25T01:15:35.428Z] Device at 10.30.4.128 is not reachable. Skipping connection attempt.
[2024-12-25T01:15:45.422Z] Device at 10.30.4.128 is not reachable. Skipping connection attempt.
[2024-12-25T01:15:55.422Z] Device at 10.30.4.128 is not reachable. Skipping connection attempt.
[2024-12-25T01:16:05.422Z] Device at 10.30.4.128 is not reachable. Skipping connection attempt.
[2024-12-25T01:16:15.423Z] Device at 10.30.4.128 is not reachable. Skipping connection attempt.
[2024-12-25T01:16:25.425Z] Device at 10.30.4.128 is not reachable. Skipping connection attempt.
[2024-12-25T01:16:35.922Z] Device at 10.30.4.128 is not reachable. Skipping connection attempt.
[2024-12-25T01:16:45.920Z] Device at 10.30.4.128 is not reachable. Skipping connection attempt.
[2024-12-25T01:16:55.929Z] Device at 10.30.4.128 is not reachable. Skipping connection attempt.
[2024-12-25T01:17:05.918Z] Device at 10.30.4.128 is not reachable. Skipping connection attempt.
[2024-12-25T01:17:15.922Z] Device at 10.30.4.128 is not reachable. Skipping connection attempt.
[2024-12-25T01:17:25.919Z] Device at 10.30.4.128 is not reachable. Skipping connection attempt.
[2024-12-25T01:17:35.921Z] Device at 10.30.4.128 is not reachable. Skipping connection attempt.
[2024-12-25T01:17:45.932Z] Device at 10.30.4.128 is not reachable. Skipping connection attempt.
[2024-12-25T01:17:55.922Z] Device at 10.30.4.128 is not reachable. Skipping connection attempt.
[2024-12-25T01:18:05.931Z] Device at 10.30.4.128 is not reachable. Skipping connection attempt.
[2024-12-25T01:18:15.921Z] Device at 10.30.4.128 is not reachable. Skipping connection attempt.
[2024-12-25T01:18:25.930Z] Device at 10.30.4.128 is not reachable. Skipping connection attempt.
[2024-12-25T01:18:35.925Z] Device at 10.30.4.128 is not reachable. Skipping connection attempt.
[2024-12-25T01:18:45.920Z] Device at 10.30.4.128 is not reachable. Skipping connection attempt.
[2024-12-25T01:18:55.926Z] Device at 10.30.4.128 is not reachable. Skipping connection attempt.
[2024-12-25T01:19:05.929Z] Device at 10.30.4.128 is not reachable. Skipping connection attempt.
[2024-12-25T01:19:15.916Z] Device at 10.30.4.128 is not reachable. Skipping connection attempt.
[2024-12-25T01:19:25.917Z] Device at 10.30.4.128 is not reachable. Skipping connection attempt.
[2024-12-25T01:19:35.924Z] Device at 10.30.4.128 is not reachable. Skipping connection attempt.
[2024-12-25T01:19:45.918Z] Device at 10.30.4.128 is not reachable. Skipping connection attempt.
[2024-12-25T01:19:55.923Z] Device at 10.30.4.128 is not reachable. Skipping connection attempt.
[2024-12-25T01:20:05.916Z] Device at 10.30.4.128 is not reachable. Skipping connection attempt.
[2024-12-25T01:20:15.930Z] Device at 10.30.4.128 is not reachable. Skipping connection attempt.
[2024-12-25T01:20:25.920Z] Device at 10.30.4.128 is not reachable. Skipping connection attempt.
[2024-12-25T01:20:35.932Z] Device at 10.30.4.128 is not reachable. Skipping connection attempt.
[2024-12-25T01:20:45.918Z] Device at 10.30.4.128 is not reachable. Skipping connection attempt.
[2024-12-25T01:20:55.929Z] Device at 10.30.4.128 is not reachable. Skipping connection attempt.
[2024-12-25T01:21:05.929Z] Device at 10.30.4.128 is not reachable. Skipping connection attempt.
[2024-12-25T01:21:15.923Z] Device at 10.30.4.128 is not reachable. Skipping connection attempt.
[2024-12-25T01:21:25.928Z] Device at 10.30.4.128 is not reachable. Skipping connection attempt.
[2024-12-25T01:21:35.923Z] Device at 10.30.4.128 is not reachable. Skipping connection attempt.
[2024-12-25T01:21:45.932Z] Device at 10.30.4.128 is not reachable. Skipping connection attempt.
[2024-12-25T01:21:55.930Z] Device at 10.30.4.128 is not reachable. Skipping connection attempt.
[2024-12-25T01:22:05.934Z] Device at 10.30.4.128 is not reachable. Skipping connection attempt.
[2024-12-25T01:22:15.923Z] Device at 10.30.4.128 is not reachable. Skipping connection attempt.
[2024-12-25T01:22:25.922Z] Device at 10.30.4.128 is not reachable. Skipping connection attempt.
[2024-12-25T01:22:35.933Z] Device at 10.30.4.128 is not reachable. Skipping connection attempt.
[2024-12-25T01:22:45.919Z] Device at 10.30.4.128 is not reachable. Skipping connection attempt.
[2024-12-25T01:22:55.928Z] Device at 10.30.4.128 is not reachable. Skipping connection attempt.
[2024-12-25T01:23:05.925Z] Device at 10.30.4.128 is not reachable. Skipping connection attempt.
[2024-12-25T01:23:15.931Z] Device at 10.30.4.128 is not reachable. Skipping connection attempt.
[2024-12-25T01:23:25.927Z] Device at 10.30.4.128 is not reachable. Skipping connection attempt.
[2024-12-25T01:23:35.925Z] Device at 10.30.4.128 is not reachable. Skipping connection attempt.
[2024-12-25T01:23:45.925Z] Device at 10.30.4.128 is not reachable. Skipping connection attempt.
[2024-12-25T01:23:55.925Z] Device at 10.30.4.128 is not reachable. Skipping connection attempt.
[2024-12-25T01:24:05.925Z] Device at 10.30.4.128 is not reachable. Skipping connection attempt.
[2024-12-25T01:24:15.922Z] Device at 10.30.4.128 is not reachable. Skipping connection attempt.
[2024-12-25T01:24:25.920Z] Device at 10.30.4.128 is not reachable. Skipping connection attempt.
[2024-12-25T01:24:35.919Z] Device at 10.30.4.128 is not reachable. Skipping connection attempt.
[2024-12-25T01:24:45.921Z] Device at 10.30.4.128 is not reachable. Skipping connection attempt.
[2024-12-25T01:24:55.926Z] Device at 10.30.4.128 is not reachable. Skipping connection attempt.
[2024-12-25T01:25:05.926Z] Device at 10.30.4.128 is not reachable. Skipping connection attempt.
[2024-12-25T01:25:15.923Z] Device at 10.30.4.128 is not reachable. Skipping connection attempt.
[2024-12-25T01:25:25.919Z] Device at 10.30.4.128 is not reachable. Skipping connection attempt.
[2024-12-25T01:25:35.922Z] Device at 10.30.4.128 is not reachable. Skipping connection attempt.
[2024-12-25T01:25:45.928Z] Device at 10.30.4.128 is not reachable. Skipping connection attempt.
[2024-12-25T01:25:55.925Z] Device at 10.30.4.128 is not reachable. Skipping connection attempt.
[2024-12-25T01:26:05.921Z] Device at 10.30.4.128 is not reachable. Skipping connection attempt.
[2024-12-25T01:26:15.917Z] Device at 10.30.4.128 is not reachable. Skipping connection attempt.
[2024-12-25T01:26:25.917Z] Device at 10.30.4.128 is not reachable. Skipping connection attempt.
[2024-12-25T01:26:35.931Z] Device at 10.30.4.128 is not reachable. Skipping connection attempt.
[2024-12-25T01:26:45.920Z] Device at 10.30.4.128 is not reachable. Skipping connection attempt.
[2024-12-25T01:26:55.919Z] Device at 10.30.4.128 is not reachable. Skipping connection attempt.
[2024-12-25T01:27:05.921Z] Device at 10.30.4.128 is not reachable. Skipping connection attempt.
[2024-12-25T01:27:15.924Z] Device at 10.30.4.128 is not reachable. Skipping connection attempt.
[2024-12-25T01:27:26.428Z] Device at 10.30.4.128 is not reachable. Skipping connection attempt.
[2024-12-25T01:27:36.422Z] Device at 10.30.4.128 is not reachable. Skipping connection attempt.
[2024-12-25T01:27:46.419Z] Device at 10.30.4.128 is not reachable. Skipping connection attempt.
[2024-12-25T01:27:56.428Z] Device at 10.30.4.128 is not reachable. Skipping connection attempt.
[2024-12-25T01:28:06.424Z] Device at 10.30.4.128 is not reachable. Skipping connection attempt.
[2024-12-25T01:28:16.421Z] Device at 10.30.4.128 is not reachable. Skipping connection attempt.
[2024-12-25T01:28:26.420Z] Device at 10.30.4.128 is not reachable. Skipping connection attempt.
[2024-12-25T01:28:36.424Z] Device at 10.30.4.128 is not reachable. Skipping connection attempt.
[2024-12-25T01:28:46.423Z] Device at 10.30.4.128 is not reachable. Skipping connection attempt.
[2024-12-25T01:28:56.425Z] Device at 10.30.4.128 is not reachable. Skipping connection attempt.
[2024-12-25T01:29:06.428Z] Device at 10.30.4.128 is not reachable. Skipping connection attempt.
[2024-12-25T01:29:16.419Z] Device at 10.30.4.128 is not reachable. Skipping connection attempt.
[2024-12-25T01:29:26.421Z] Device at 10.30.4.128 is not reachable. Skipping connection attempt.
[2024-12-25T01:29:36.426Z] Device at 10.30.4.128 is not reachable. Skipping connection attempt.
[2024-12-25T01:29:46.422Z] Device at 10.30.4.128 is not reachable. Skipping connection attempt.
[2024-12-25T01:29:56.426Z] Device at 10.30.4.128 is not reachable. Skipping connection attempt.
[2024-12-25T01:30:06.416Z] Device at 10.30.4.128 is not reachable. Skipping connection attempt.
[2024-12-25T01:30:16.428Z] Device at 10.30.4.128 is not reachable. Skipping connection attempt.
[2024-12-25T01:30:26.428Z] Device at 10.30.4.128 is not reachable. Skipping connection attempt.
[2024-12-25T01:30:36.415Z] Device at 10.30.4.128 is not reachable. Skipping connection attempt.
[2024-12-25T01:30:46.419Z] Device at 10.30.4.128 is not reachable. Skipping connection attempt.
[2024-12-25T01:30:56.425Z] Device at 10.30.4.128 is not reachable. Skipping connection attempt.
[2024-12-25T01:31:06.417Z] Device at 10.30.4.128 is not reachable. Skipping connection attempt.
[2024-12-25T01:31:16.416Z] Device at 10.30.4.128 is not reachable. Skipping connection attempt.
[2024-12-25T01:31:26.434Z] Device at 10.30.4.128 is not reachable. Skipping connection attempt.
[2024-12-25T01:31:36.417Z] Device at 10.30.4.128 is not reachable. Skipping connection attempt.
[2024-12-25T01:31:46.414Z] Device at 10.30.4.128 is not reachable. Skipping connection attempt.
[2024-12-25T01:31:56.431Z] Device at 10.30.4.128 is not reachable. Skipping connection attempt.
[2024-12-25T01:32:06.418Z] Device at 10.30.4.128 is not reachable. Skipping connection attempt.
[2024-12-25T01:32:16.415Z] Device at 10.30.4.128 is not reachable. Skipping connection attempt.
[2024-12-25T01:32:26.417Z] Device at 10.30.4.128 is not reachable. Skipping connection attempt.
[2024-12-25T01:32:36.416Z] Device at 10.30.4.128 is not reachable. Skipping connection attempt.
[2024-12-25T01:32:46.419Z] Device at 10.30.4.128 is not reachable. Skipping connection attempt.
[2024-12-25T01:32:56.422Z] Device at 10.30.4.128 is not reachable. Skipping connection attempt.
[2024-12-25T01:33:06.419Z] Device at 10.30.4.128 is not reachable. Skipping connection attempt.
[2024-12-25T01:33:16.423Z] Device at 10.30.4.128 is not reachable. Skipping connection attempt.
[2024-12-25T01:33:26.426Z] Device at 10.30.4.128 is not reachable. Skipping connection attempt.
[2024-12-25T01:33:36.418Z] Device at 10.30.4.128 is not reachable. Skipping connection attempt.
[2024-12-25T01:33:46.417Z] Device at 10.30.4.128 is not reachable. Skipping connection attempt.
[2024-12-25T01:33:56.426Z] Device at 10.30.4.128 is not reachable. Skipping connection attempt.
[2024-12-25T01:34:06.422Z] Device at 10.30.4.128 is not reachable. Skipping connection attempt.
[2024-12-25T01:34:16.426Z] Device at 10.30.4.128 is not reachable. Skipping connection attempt.
[2024-12-25T01:34:26.422Z] Device at 10.30.4.128 is not reachable. Skipping connection attempt.
[2024-12-25T01:34:36.422Z] Device at 10.30.4.128 is not reachable. Skipping connection attempt.
[2024-12-25T01:34:44.794Z] Error reading or processing Modbus registers: A Modbus Exception Occurred - See Response Body
[2024-12-25T01:34:44.800Z] Error reading register 6507 for IP 10.30.4.128: A Modbus Exception Occurred - See Response Body
[2024-12-25T01:34:44.801Z] Error reading actual data: A Modbus Exception Occurred - See Response Body
[2024-12-25T01:34:44.801Z] Error writing to Modbus register: A Modbus Exception Occurred - See Response Body
[2024-12-25T01:34:45.801Z] Error reading or processing Modbus registers: A Modbus Exception Occurred - See Response Body
[2024-12-25T01:34:45.805Z] Error reading register 6507 for IP 10.30.4.128: A Modbus Exception Occurred - See Response Body
[2024-12-25T01:34:45.806Z] Error reading actual data: A Modbus Exception Occurred - See Response Body
[2024-12-25T01:34:45.806Z] Error writing to Modbus register: A Modbus Exception Occurred - See Response Body
[2024-12-25T01:34:46.812Z] Error reading or processing Modbus registers: A Modbus Exception Occurred - See Response Body
[2024-12-25T01:34:46.816Z] Error reading register 6507 for IP 10.30.4.128: A Modbus Exception Occurred - See Response Body
[2024-12-25T01:34:46.817Z] Error reading actual data: A Modbus Exception Occurred - See Response Body
[2024-12-25T01:34:46.818Z] Error writing to Modbus register: A Modbus Exception Occurred - See Response Body
[2024-12-25T01:34:47.823Z] Error reading or processing Modbus registers: A Modbus Exception Occurred - See Response Body
[2024-12-25T01:34:47.825Z] Error reading register 6507 for IP 10.30.4.128: A Modbus Exception Occurred - See Response Body
[2024-12-25T01:34:47.825Z] Error reading actual data: A Modbus Exception Occurred - See Response Body
[2024-12-25T01:34:47.825Z] Error writing to Modbus register: A Modbus Exception Occurred - See Response Body
[2024-12-25T01:34:48.825Z] Error reading or processing Modbus registers: A Modbus Exception Occurred - See Response Body
[2024-12-25T01:34:48.828Z] Error reading register 6507 for IP 10.30.4.128: A Modbus Exception Occurred - See Response Body
[2024-12-25T01:34:48.829Z] Error reading actual data: A Modbus Exception Occurred - See Response Body
[2024-12-25T01:34:48.829Z] Error writing to Modbus register: A Modbus Exception Occurred - See Response Body
[2024-12-25T01:34:49.840Z] Error reading or processing Modbus registers: A Modbus Exception Occurred - See Response Body
[2024-12-25T01:34:49.842Z] Error reading register 6507 for IP 10.30.4.128: A Modbus Exception Occurred - See Response Body
[2024-12-25T01:34:49.842Z] Error reading actual data: A Modbus Exception Occurred - See Response Body
[2024-12-25T01:34:49.843Z] Error writing to Modbus register: A Modbus Exception Occurred - See Response Body
[2024-12-25T01:34:50.843Z] Error reading or processing Modbus registers: A Modbus Exception Occurred - See Response Body
[2024-12-25T01:34:50.846Z] Error reading register 6507 for IP 10.30.4.128: A Modbus Exception Occurred - See Response Body
[2024-12-25T01:34:50.846Z] Error reading actual data: A Modbus Exception Occurred - See Response Body
[2024-12-25T01:34:50.847Z] Error writing to Modbus register: A Modbus Exception Occurred - See Response Body
[2024-12-25T01:34:51.848Z] Error reading or processing Modbus registers: A Modbus Exception Occurred - See Response Body
[2024-12-25T01:34:51.850Z] Error reading register 6507 for IP 10.30.4.128: A Modbus Exception Occurred - See Response Body
[2024-12-25T01:34:51.851Z] Error reading actual data: A Modbus Exception Occurred - See Response Body
[2024-12-25T01:34:51.851Z] Error writing to Modbus register: A Modbus Exception Occurred - See Response Body
[2024-12-25T01:34:52.855Z] Error reading or processing Modbus registers: A Modbus Exception Occurred - See Response Body
[2024-12-25T01:34:52.858Z] Error reading register 6507 for IP 10.30.4.128: A Modbus Exception Occurred - See Response Body
[2024-12-25T01:34:52.859Z] Error reading actual data: A Modbus Exception Occurred - See Response Body
[2024-12-25T01:34:52.860Z] Error writing to Modbus register: A Modbus Exception Occurred - See Response Body
[2024-12-25T01:34:53.857Z] Error reading or processing Modbus registers: A Modbus Exception Occurred - See Response Body
[2024-12-25T01:34:53.860Z] Error reading register 6507 for IP 10.30.4.128: A Modbus Exception Occurred - See Response Body
[2024-12-25T01:34:53.861Z] Error reading actual data: A Modbus Exception Occurred - See Response Body
[2024-12-25T01:34:53.861Z] Error writing to Modbus register: A Modbus Exception Occurred - See Response Body
[2024-12-25T01:34:54.860Z] Error reading or processing Modbus registers: A Modbus Exception Occurred - See Response Body
[2024-12-25T01:34:54.862Z] Error reading register 6507 for IP 10.30.4.128: A Modbus Exception Occurred - See Response Body
[2024-12-25T01:34:54.863Z] Error reading actual data: A Modbus Exception Occurred - See Response Body
[2024-12-25T01:34:54.863Z] Error writing to Modbus register: A Modbus Exception Occurred - See Response Body
[2024-12-25T01:34:55.867Z] Error reading or processing Modbus registers: A Modbus Exception Occurred - See Response Body
[2024-12-25T01:34:55.869Z] Error reading register 6507 for IP 10.30.4.128: A Modbus Exception Occurred - See Response Body
[2024-12-25T01:34:55.870Z] Error reading actual data: A Modbus Exception Occurred - See Response Body
[2024-12-25T01:34:55.870Z] Error writing to Modbus register: A Modbus Exception Occurred - See Response Body
[2024-12-25T01:34:56.877Z] Error reading or processing Modbus registers: A Modbus Exception Occurred - See Response Body
[2024-12-25T01:34:56.881Z] Error reading register 6507 for IP 10.30.4.128: A Modbus Exception Occurred - See Response Body
[2024-12-25T01:34:56.882Z] Error reading actual data: A Modbus Exception Occurred - See Response Body
[2024-12-25T01:34:56.882Z] Error writing to Modbus register: A Modbus Exception Occurred - See Response Body
[2024-12-25T01:34:57.891Z] Error reading or processing Modbus registers: A Modbus Exception Occurred - See Response Body
[2024-12-25T01:34:57.894Z] Error reading register 6507 for IP 10.30.4.128: A Modbus Exception Occurred - See Response Body
[2024-12-25T01:34:57.895Z] Error reading actual data: A Modbus Exception Occurred - See Response Body
[2024-12-25T01:34:57.895Z] Error writing to Modbus register: A Modbus Exception Occurred - See Response Body
[2024-12-25T01:34:58.899Z] Error reading or processing Modbus registers: A Modbus Exception Occurred - See Response Body
[2024-12-25T01:34:58.901Z] Error reading register 6507 for IP 10.30.4.128: A Modbus Exception Occurred - See Response Body
[2024-12-25T01:34:58.902Z] Error reading actual data: A Modbus Exception Occurred - See Response Body
[2024-12-25T01:34:58.903Z] Error writing to Modbus register: A Modbus Exception Occurred - See Response Body
[2024-12-25T01:34:59.904Z] Error reading or processing Modbus registers: A Modbus Exception Occurred - See Response Body
[2024-12-25T01:34:59.907Z] Error reading register 6507 for IP 10.30.4.128: A Modbus Exception Occurred - See Response Body
[2024-12-25T01:34:59.907Z] Error reading actual data: A Modbus Exception Occurred - See Response Body
[2024-12-25T01:34:59.908Z] Error writing to Modbus register: A Modbus Exception Occurred - See Response Body
[2024-12-25T01:35:00.913Z] Error reading or processing Modbus registers: A Modbus Exception Occurred - See Response Body
[2024-12-25T01:35:00.915Z] Error reading register 6507 for IP 10.30.4.128: A Modbus Exception Occurred - See Response Body
[2024-12-25T01:35:00.915Z] Error reading actual data: A Modbus Exception Occurred - See Response Body
[2024-12-25T01:35:00.916Z] Error writing to Modbus register: A Modbus Exception Occurred - See Response Body
[2024-12-25T01:35:01.919Z] Error reading or processing Modbus registers: A Modbus Exception Occurred - See Response Body
[2024-12-25T01:35:01.923Z] Error reading register 6507 for IP 10.30.4.128: A Modbus Exception Occurred - See Response Body
[2024-12-25T01:35:01.923Z] Error reading actual data: A Modbus Exception Occurred - See Response Body
[2024-12-25T01:35:01.924Z] Error writing to Modbus register: A Modbus Exception Occurred - See Response Body
[2024-12-25T01:35:02.930Z] Error reading or processing Modbus registers: A Modbus Exception Occurred - See Response Body
[2024-12-25T01:35:02.932Z] Error reading register 6507 for IP 10.30.4.128: A Modbus Exception Occurred - See Response Body
[2024-12-25T01:35:02.933Z] Error reading actual data: A Modbus Exception Occurred - See Response Body
[2024-12-25T01:35:02.934Z] Error writing to Modbus register: A Modbus Exception Occurred - See Response Body
[2024-12-25T01:35:03.930Z] Error reading or processing Modbus registers: A Modbus Exception Occurred - See Response Body
[2024-12-25T01:35:03.932Z] Error reading register 6507 for IP 10.30.4.128: A Modbus Exception Occurred - See Response Body
[2024-12-25T01:35:03.933Z] Error reading actual data: A Modbus Exception Occurred - See Response Body
[2024-12-25T01:35:03.934Z] Error writing to Modbus register: A Modbus Exception Occurred - See Response Body
[2024-12-25T01:35:04.943Z] Error reading or processing Modbus registers: A Modbus Exception Occurred - See Response Body
[2024-12-25T01:35:04.945Z] Error reading register 6507 for IP 10.30.4.128: A Modbus Exception Occurred - See Response Body
[2024-12-25T01:35:04.946Z] Error reading actual data: A Modbus Exception Occurred - See Response Body
[2024-12-25T01:35:04.946Z] Error writing to Modbus register: A Modbus Exception Occurred - See Response Body
[2024-12-25T01:35:05.945Z] Error reading or processing Modbus registers: A Modbus Exception Occurred - See Response Body
[2024-12-25T01:35:05.947Z] Error reading register 6507 for IP 10.30.4.128: A Modbus Exception Occurred - See Response Body
[2024-12-25T01:35:05.948Z] Error reading actual data: A Modbus Exception Occurred - See Response Body
[2024-12-25T01:35:05.948Z] Error writing to Modbus register: A Modbus Exception Occurred - See Response Body
[2024-12-25T01:35:06.958Z] Error reading or processing Modbus registers: A Modbus Exception Occurred - See Response Body
[2024-12-25T01:35:06.960Z] Error reading register 6507 for IP 10.30.4.128: A Modbus Exception Occurred - See Response Body
[2024-12-25T01:35:06.961Z] Error reading actual data: A Modbus Exception Occurred - See Response Body
[2024-12-25T01:35:06.961Z] Error writing to Modbus register: A Modbus Exception Occurred - See Response Body
[2024-12-25T01:35:07.959Z] Error reading or processing Modbus registers: A Modbus Exception Occurred - See Response Body
[2024-12-25T01:35:07.961Z] Error reading register 6507 for IP 10.30.4.128: A Modbus Exception Occurred - See Response Body
[2024-12-25T01:35:07.962Z] Error reading actual data: A Modbus Exception Occurred - See Response Body
[2024-12-25T01:35:07.963Z] Error writing to Modbus register: A Modbus Exception Occurred - See Response Body
[2024-12-25T01:35:08.965Z] Error reading or processing Modbus registers: A Modbus Exception Occurred - See Response Body
[2024-12-25T01:35:08.967Z] Error reading register 6507 for IP 10.30.4.128: A Modbus Exception Occurred - See Response Body
[2024-12-25T01:35:08.968Z] Error reading actual data: A Modbus Exception Occurred - See Response Body
[2024-12-25T01:35:08.969Z] Error writing to Modbus register: A Modbus Exception Occurred - See Response Body
[2024-12-25T01:35:09.970Z] Error reading or processing Modbus registers: A Modbus Exception Occurred - See Response Body
[2024-12-25T01:35:09.972Z] Error reading register 6507 for IP 10.30.4.128: A Modbus Exception Occurred - See Response Body
[2024-12-25T01:35:09.973Z] Error reading actual data: A Modbus Exception Occurred - See Response Body
[2024-12-25T01:35:09.974Z] Error writing to Modbus register: A Modbus Exception Occurred - See Response Body
[2024-12-25T01:35:10.971Z] Error reading or processing Modbus registers: A Modbus Exception Occurred - See Response Body
[2024-12-25T01:35:10.973Z] Error reading register 6507 for IP 10.30.4.128: A Modbus Exception Occurred - See Response Body
[2024-12-25T01:35:10.974Z] Error reading actual data: A Modbus Exception Occurred - See Response Body
[2024-12-25T01:35:10.975Z] Error writing to Modbus register: A Modbus Exception Occurred - See Response Body
[2024-12-25T01:35:11.977Z] Error reading or processing Modbus registers: A Modbus Exception Occurred - See Response Body
[2024-12-25T01:35:11.979Z] Error reading register 6507 for IP 10.30.4.128: A Modbus Exception Occurred - See Response Body
[2024-12-25T01:35:11.980Z] Error reading actual data: A Modbus Exception Occurred - See Response Body
[2024-12-25T01:35:11.980Z] Error writing to Modbus register: A Modbus Exception Occurred - See Response Body
[2024-12-25T01:35:12.987Z] Error reading or processing Modbus registers: A Modbus Exception Occurred - See Response Body
[2024-12-25T01:35:12.990Z] Error reading register 6507 for IP 10.30.4.128: A Modbus Exception Occurred - See Response Body
[2024-12-25T01:35:12.990Z] Error reading actual data: A Modbus Exception Occurred - See Response Body
[2024-12-25T01:35:12.991Z] Error writing to Modbus register: A Modbus Exception Occurred - See Response Body
[2024-12-25T01:35:13.988Z] Error reading or processing Modbus registers: A Modbus Exception Occurred - See Response Body
[2024-12-25T01:35:13.990Z] Error reading register 6507 for IP 10.30.4.128: A Modbus Exception Occurred - See Response Body
[2024-12-25T01:35:13.991Z] Error reading actual data: A Modbus Exception Occurred - See Response Body
[2024-12-25T01:35:13.991Z] Error writing to Modbus register: A Modbus Exception Occurred - See Response Body
[2024-12-25T01:35:15.002Z] Error reading or processing Modbus registers: A Modbus Exception Occurred - See Response Body
[2024-12-25T01:35:15.004Z] Error reading register 6507 for IP 10.30.4.128: A Modbus Exception Occurred - See Response Body
[2024-12-25T01:35:15.005Z] Error reading actual data: A Modbus Exception Occurred - See Response Body
[2024-12-25T01:35:15.005Z] Error writing to Modbus register: A Modbus Exception Occurred - See Response Body
[2024-12-25T01:35:16.003Z] Error reading or processing Modbus registers: A Modbus Exception Occurred - See Response Body
[2024-12-25T01:35:16.006Z] Error reading register 6507 for IP 10.30.4.128: A Modbus Exception Occurred - See Response Body
[2024-12-25T01:35:16.006Z] Error reading actual data: A Modbus Exception Occurred - See Response Body
[2024-12-25T01:35:16.007Z] Error writing to Modbus register: A Modbus Exception Occurred - See Response Body
[2024-12-25T01:35:17.007Z] Error reading or processing Modbus registers: A Modbus Exception Occurred - See Response Body
[2024-12-25T01:35:17.009Z] Error reading register 6507 for IP 10.30.4.128: A Modbus Exception Occurred - See Response Body
[2024-12-25T01:35:17.009Z] Error reading actual data: A Modbus Exception Occurred - See Response Body
[2024-12-25T01:35:17.010Z] Error writing to Modbus register: A Modbus Exception Occurred - See Response Body
[2024-12-25T01:35:18.008Z] Error reading or processing Modbus registers: A Modbus Exception Occurred - See Response Body
[2024-12-25T01:35:18.011Z] Error reading register 6507 for IP 10.30.4.128: A Modbus Exception Occurred - See Response Body
[2024-12-25T01:35:18.012Z] Error reading actual data: A Modbus Exception Occurred - See Response Body
[2024-12-25T01:35:18.012Z] Error writing to Modbus register: A Modbus Exception Occurred - See Response Body
[2024-12-25T01:35:19.013Z] Error reading or processing Modbus registers: A Modbus Exception Occurred - See Response Body
[2024-12-25T01:35:19.015Z] Error reading register 6507 for IP 10.30.4.128: A Modbus Exception Occurred - See Response Body
[2024-12-25T01:35:19.016Z] Error reading actual data: A Modbus Exception Occurred - See Response Body
[2024-12-25T01:35:19.017Z] Error writing to Modbus register: A Modbus Exception Occurred - See Response Body
[2024-12-25T01:35:20.016Z] Error reading or processing Modbus registers: A Modbus Exception Occurred - See Response Body
[2024-12-25T01:35:20.018Z] Error reading register 6507 for IP 10.30.4.128: A Modbus Exception Occurred - See Response Body
[2024-12-25T01:35:20.018Z] Error reading actual data: A Modbus Exception Occurred - See Response Body
[2024-12-25T01:35:20.019Z] Error writing to Modbus register: A Modbus Exception Occurred - See Response Body
[2024-12-25T01:35:21.017Z] Error reading or processing Modbus registers: A Modbus Exception Occurred - See Response Body
[2024-12-25T01:35:21.019Z] Error reading register 6507 for IP 10.30.4.128: A Modbus Exception Occurred - See Response Body
[2024-12-25T01:35:21.019Z] Error reading actual data: A Modbus Exception Occurred - See Response Body
[2024-12-25T01:35:21.020Z] Error writing to Modbus register: A Modbus Exception Occurred - See Response Body
[2024-12-25T01:35:22.022Z] Error reading or processing Modbus registers: A Modbus Exception Occurred - See Response Body
[2024-12-25T01:35:22.024Z] Error reading register 6507 for IP 10.30.4.128: A Modbus Exception Occurred - See Response Body
[2024-12-25T01:35:22.025Z] Error reading actual data: A Modbus Exception Occurred - See Response Body
[2024-12-25T01:35:22.026Z] Error writing to Modbus register: A Modbus Exception Occurred - See Response Body
[2024-12-25T01:35:23.023Z] Error reading or processing Modbus registers: A Modbus Exception Occurred - See Response Body
[2024-12-25T01:35:23.026Z] Error reading register 6507 for IP 10.30.4.128: A Modbus Exception Occurred - See Response Body
[2024-12-25T01:35:23.026Z] Error reading actual data: A Modbus Exception Occurred - See Response Body
[2024-12-25T01:35:23.027Z] Error writing to Modbus register: A Modbus Exception Occurred - See Response Body
[2024-12-25T01:35:24.027Z] Error reading or processing Modbus registers: A Modbus Exception Occurred - See Response Body
[2024-12-25T01:35:24.029Z] Error reading register 6507 for IP 10.30.4.128: A Modbus Exception Occurred - See Response Body
[2024-12-25T01:35:24.030Z] Error reading actual data: A Modbus Exception Occurred - See Response Body
[2024-12-25T01:35:24.030Z] Error writing to Modbus register: A Modbus Exception Occurred - See Response Body
[2024-12-25T01:35:25.038Z] Error reading or processing Modbus registers: A Modbus Exception Occurred - See Response Body
[2024-12-25T01:35:25.040Z] Error reading register 6507 for IP 10.30.4.128: A Modbus Exception Occurred - See Response Body
[2024-12-25T01:35:25.041Z] Error reading actual data: A Modbus Exception Occurred - See Response Body
[2024-12-25T01:35:25.041Z] Error writing to Modbus register: A Modbus Exception Occurred - See Response Body
[2024-12-25T01:35:26.047Z] Error reading or processing Modbus registers: A Modbus Exception Occurred - See Response Body
[2024-12-25T01:35:26.051Z] Error reading register 6507 for IP 10.30.4.128: A Modbus Exception Occurred - See Response Body
[2024-12-25T01:35:26.051Z] Error reading actual data: A Modbus Exception Occurred - See Response Body
[2024-12-25T01:35:26.052Z] Error writing to Modbus register: A Modbus Exception Occurred - See Response Body
[2024-12-25T01:35:27.062Z] Error reading or processing Modbus registers: A Modbus Exception Occurred - See Response Body
[2024-12-25T01:35:27.065Z] Error reading register 6507 for IP 10.30.4.128: A Modbus Exception Occurred - See Response Body
[2024-12-25T01:35:27.068Z] Error reading actual data: A Modbus Exception Occurred - See Response Body
[2024-12-25T01:35:27.068Z] Error writing to Modbus register: A Modbus Exception Occurred - See Response Body
[2024-12-25T01:35:28.067Z] Error reading or processing Modbus registers: A Modbus Exception Occurred - See Response Body
[2024-12-25T01:35:28.069Z] Error reading register 6507 for IP 10.30.4.128: A Modbus Exception Occurred - See Response Body
[2024-12-25T01:35:28.071Z] Error reading actual data: A Modbus Exception Occurred - See Response Body
[2024-12-25T01:35:28.071Z] Error writing to Modbus register: A Modbus Exception Occurred - See Response Body
[2024-12-25T01:35:29.071Z] Error reading or processing Modbus registers: A Modbus Exception Occurred - See Response Body
[2024-12-25T01:35:29.075Z] Error reading register 6507 for IP 10.30.4.128: A Modbus Exception Occurred - See Response Body
[2024-12-25T01:35:29.076Z] Error reading actual data: A Modbus Exception Occurred - See Response Body
[2024-12-25T01:35:29.077Z] Error writing to Modbus register: A Modbus Exception Occurred - See Response Body
[2024-12-25T01:35:30.076Z] Error reading or processing Modbus registers: A Modbus Exception Occurred - See Response Body
[2024-12-25T01:35:30.078Z] Error reading register 6507 for IP 10.30.4.128: A Modbus Exception Occurred - See Response Body
[2024-12-25T01:35:30.079Z] Error reading actual data: A Modbus Exception Occurred - See Response Body
[2024-12-25T01:35:30.080Z] Error writing to Modbus register: A Modbus Exception Occurred - See Response Body
[2024-12-25T01:35:31.078Z] Error reading or processing Modbus registers: A Modbus Exception Occurred - See Response Body
[2024-12-25T01:35:31.083Z] Error reading register 6507 for IP 10.30.4.128: A Modbus Exception Occurred - See Response Body
[2024-12-25T01:35:31.084Z] Error reading actual data: A Modbus Exception Occurred - See Response Body
[2024-12-25T01:35:31.084Z] Error writing to Modbus register: A Modbus Exception Occurred - See Response Body
[2024-12-25T01:35:32.087Z] Error reading or processing Modbus registers: A Modbus Exception Occurred - See Response Body
[2024-12-25T01:35:32.090Z] Error reading register 6507 for IP 10.30.4.128: A Modbus Exception Occurred - See Response Body
[2024-12-25T01:35:32.091Z] Error reading actual data: A Modbus Exception Occurred - See Response Body
[2024-12-25T01:35:32.092Z] Error writing to Modbus register: A Modbus Exception Occurred - See Response Body
[2024-12-25T01:35:33.097Z] Error reading or processing Modbus registers: A Modbus Exception Occurred - See Response Body
[2024-12-25T01:35:33.099Z] Error reading register 6507 for IP 10.30.4.128: A Modbus Exception Occurred - See Response Body
[2024-12-25T01:35:33.100Z] Error reading actual data: A Modbus Exception Occurred - See Response Body
[2024-12-25T01:35:33.101Z] Error writing to Modbus register: A Modbus Exception Occurred - See Response Body
[2024-12-25T01:35:34.102Z] Error reading or processing Modbus registers: A Modbus Exception Occurred - See Response Body
[2024-12-25T01:35:34.105Z] Error reading register 6507 for IP 10.30.4.128: A Modbus Exception Occurred - See Response Body
[2024-12-25T01:35:34.105Z] Error reading actual data: A Modbus Exception Occurred - See Response Body
[2024-12-25T01:35:34.106Z] Error writing to Modbus register: A Modbus Exception Occurred - See Response Body
[2024-12-25T01:35:35.108Z] Error reading or processing Modbus registers: A Modbus Exception Occurred - See Response Body
[2024-12-25T01:35:35.114Z] Error reading register 6507 for IP 10.30.4.128: A Modbus Exception Occurred - See Response Body
[2024-12-25T01:35:35.114Z] Error reading actual data: A Modbus Exception Occurred - See Response Body
[2024-12-25T01:35:35.115Z] Error writing to Modbus register: A Modbus Exception Occurred - See Response Body
[2024-12-25T01:35:36.115Z] Error reading or processing Modbus registers: A Modbus Exception Occurred - See Response Body
[2024-12-25T01:35:36.116Z] Error reading register 6507 for IP 10.30.4.128: A Modbus Exception Occurred - See Response Body
[2024-12-25T01:35:36.117Z] Error reading actual data: A Modbus Exception Occurred - See Response Body
[2024-12-25T01:35:36.117Z] Error writing to Modbus register: A Modbus Exception Occurred - See Response Body
[2024-12-25T01:35:37.124Z] Error reading or processing Modbus registers: A Modbus Exception Occurred - See Response Body
[2024-12-25T01:35:37.126Z] Error reading register 6507 for IP 10.30.4.128: A Modbus Exception Occurred - See Response Body
[2024-12-25T01:35:37.128Z] Error reading actual data: A Modbus Exception Occurred - See Response Body
[2024-12-25T01:35:37.129Z] Error writing to Modbus register: A Modbus Exception Occurred - See Response Body
[2024-12-25T01:35:38.127Z] Error reading or processing Modbus registers: A Modbus Exception Occurred - See Response Body
[2024-12-25T01:35:38.129Z] Error reading register 6507 for IP 10.30.4.128: A Modbus Exception Occurred - See Response Body
[2024-12-25T01:35:38.130Z] Error reading actual data: A Modbus Exception Occurred - See Response Body
[2024-12-25T01:35:38.131Z] Error writing to Modbus register: A Modbus Exception Occurred - See Response Body
[2024-12-25T01:35:39.138Z] Error reading or processing Modbus registers: A Modbus Exception Occurred - See Response Body
[2024-12-25T01:35:39.140Z] Error reading register 6507 for IP 10.30.4.128: A Modbus Exception Occurred - See Response Body
[2024-12-25T01:35:39.140Z] Error reading actual data: A Modbus Exception Occurred - See Response Body
[2024-12-25T01:35:39.141Z] Error writing to Modbus register: A Modbus Exception Occurred - See Response Body
[2024-12-25T01:35:40.144Z] Error reading or processing Modbus registers: A Modbus Exception Occurred - See Response Body
[2024-12-25T01:35:40.146Z] Error reading register 6507 for IP 10.30.4.128: A Modbus Exception Occurred - See Response Body
[2024-12-25T01:35:40.147Z] Error reading actual data: A Modbus Exception Occurred - See Response Body
[2024-12-25T01:35:40.147Z] Error writing to Modbus register: A Modbus Exception Occurred - See Response Body
[2024-12-25T01:35:41.148Z] Error reading or processing Modbus registers: A Modbus Exception Occurred - See Response Body
[2024-12-25T01:35:41.152Z] Error reading register 6507 for IP 10.30.4.128: A Modbus Exception Occurred - See Response Body
[2024-12-25T01:35:41.152Z] Error reading actual data: A Modbus Exception Occurred - See Response Body
[2024-12-25T01:35:41.153Z] Error writing to Modbus register: A Modbus Exception Occurred - See Response Body
[2024-12-25T01:35:42.156Z] Error reading or processing Modbus registers: A Modbus Exception Occurred - See Response Body
[2024-12-25T01:35:42.160Z] Error reading register 6507 for IP 10.30.4.128: A Modbus Exception Occurred - See Response Body
[2024-12-25T01:35:42.161Z] Error reading actual data: A Modbus Exception Occurred - See Response Body
[2024-12-25T01:35:42.162Z] Error writing to Modbus register: A Modbus Exception Occurred - See Response Body
[2024-12-25T01:35:43.167Z] Error reading or processing Modbus registers: A Modbus Exception Occurred - See Response Body
[2024-12-25T01:35:43.170Z] Error reading register 6507 for IP 10.30.4.128: A Modbus Exception Occurred - See Response Body
[2024-12-25T01:35:43.170Z] Error reading actual data: A Modbus Exception Occurred - See Response Body
[2024-12-25T01:35:43.171Z] Error writing to Modbus register: A Modbus Exception Occurred - See Response Body
[2024-12-25T01:35:44.175Z] Error reading or processing Modbus registers: A Modbus Exception Occurred - See Response Body
[2024-12-25T01:35:44.178Z] Error reading register 6507 for IP 10.30.4.128: A Modbus Exception Occurred - See Response Body
[2024-12-25T01:35:44.178Z] Error reading actual data: A Modbus Exception Occurred - See Response Body
[2024-12-25T01:35:44.179Z] Error writing to Modbus register: A Modbus Exception Occurred - See Response Body
[2024-12-25T01:35:45.179Z] Error reading or processing Modbus registers: A Modbus Exception Occurred - See Response Body
[2024-12-25T01:35:45.183Z] Error reading register 6507 for IP 10.30.4.128: A Modbus Exception Occurred - See Response Body
[2024-12-25T01:35:45.184Z] Error reading actual data: A Modbus Exception Occurred - See Response Body
[2024-12-25T01:35:45.184Z] Error writing to Modbus register: A Modbus Exception Occurred - See Response Body
[2024-12-25T01:35:46.193Z] Error reading or processing Modbus registers: A Modbus Exception Occurred - See Response Body
[2024-12-25T01:35:46.196Z] Error reading register 6507 for IP 10.30.4.128: A Modbus Exception Occurred - See Response Body
[2024-12-25T01:35:46.199Z] Error reading actual data: A Modbus Exception Occurred - See Response Body
[2024-12-25T01:35:46.200Z] Error writing to Modbus register: A Modbus Exception Occurred - See Response Body
[2024-12-25T01:35:47.200Z] Error reading or processing Modbus registers: A Modbus Exception Occurred - See Response Body
[2024-12-25T01:35:47.202Z] Error reading register 6507 for IP 10.30.4.128: A Modbus Exception Occurred - See Response Body
[2024-12-25T01:35:47.203Z] Error reading actual data: A Modbus Exception Occurred - See Response Body
[2024-12-25T01:35:47.204Z] Error writing to Modbus register: A Modbus Exception Occurred - See Response Body
[2024-12-25T01:35:48.208Z] Error reading or processing Modbus registers: A Modbus Exception Occurred - See Response Body
[2024-12-25T01:35:48.210Z] Error reading register 6507 for IP 10.30.4.128: A Modbus Exception Occurred - See Response Body
[2024-12-25T01:35:48.211Z] Error reading actual data: A Modbus Exception Occurred - See Response Body
[2024-12-25T01:35:48.212Z] Error writing to Modbus register: A Modbus Exception Occurred - See Response Body
[2024-12-25T01:35:49.216Z] Error reading or processing Modbus registers: A Modbus Exception Occurred - See Response Body
[2024-12-25T01:35:49.218Z] Error reading register 6507 for IP 10.30.4.128: A Modbus Exception Occurred - See Response Body
[2024-12-25T01:35:49.218Z] Error reading actual data: A Modbus Exception Occurred - See Response Body
[2024-12-25T01:35:49.219Z] Error writing to Modbus register: A Modbus Exception Occurred - See Response Body
[2024-12-25T01:35:50.218Z] Error reading or processing Modbus registers: A Modbus Exception Occurred - See Response Body
[2024-12-25T01:35:50.220Z] Error reading register 6507 for IP 10.30.4.128: A Modbus Exception Occurred - See Response Body
[2024-12-25T01:35:50.220Z] Error reading actual data: A Modbus Exception Occurred - See Response Body
[2024-12-25T01:35:50.221Z] Error writing to Modbus register: A Modbus Exception Occurred - See Response Body
[2024-12-25T01:35:51.220Z] Error reading or processing Modbus registers: A Modbus Exception Occurred - See Response Body
[2024-12-25T01:35:51.222Z] Error reading register 6507 for IP 10.30.4.128: A Modbus Exception Occurred - See Response Body
[2024-12-25T01:35:51.223Z] Error reading actual data: A Modbus Exception Occurred - See Response Body
[2024-12-25T01:35:51.223Z] Error writing to Modbus register: A Modbus Exception Occurred - See Response Body
[2024-12-25T01:35:52.225Z] Error reading or processing Modbus registers: A Modbus Exception Occurred - See Response Body
[2024-12-25T01:35:52.227Z] Error reading register 6507 for IP 10.30.4.128: A Modbus Exception Occurred - See Response Body
[2024-12-25T01:35:52.228Z] Error reading actual data: A Modbus Exception Occurred - See Response Body
[2024-12-25T01:35:52.228Z] Error writing to Modbus register: A Modbus Exception Occurred - See Response Body
[2024-12-25T01:35:53.229Z] Error reading or processing Modbus registers: A Modbus Exception Occurred - See Response Body
[2024-12-25T01:35:53.231Z] Error reading register 6507 for IP 10.30.4.128: A Modbus Exception Occurred - See Response Body
[2024-12-25T01:35:53.232Z] Error reading actual data: A Modbus Exception Occurred - See Response Body
[2024-12-25T01:35:53.232Z] Error writing to Modbus register: A Modbus Exception Occurred - See Response Body
[2024-12-25T01:35:54.234Z] Error reading or processing Modbus registers: A Modbus Exception Occurred - See Response Body
[2024-12-25T01:35:54.239Z] Error reading register 6507 for IP 10.30.4.128: A Modbus Exception Occurred - See Response Body
[2024-12-25T01:35:54.240Z] Error reading actual data: A Modbus Exception Occurred - See Response Body
[2024-12-25T01:35:54.240Z] Error writing to Modbus register: A Modbus Exception Occurred - See Response Body
[2024-12-25T01:35:55.248Z] Error reading or processing Modbus registers: A Modbus Exception Occurred - See Response Body
[2024-12-25T01:35:55.250Z] Error reading register 6507 for IP 10.30.4.128: A Modbus Exception Occurred - See Response Body
[2024-12-25T01:35:55.251Z] Error reading actual data: A Modbus Exception Occurred - See Response Body
[2024-12-25T01:35:55.251Z] Error writing to Modbus register: A Modbus Exception Occurred - See Response Body
[2024-12-25T01:35:56.253Z] Error reading or processing Modbus registers: A Modbus Exception Occurred - See Response Body
[2024-12-25T01:35:56.255Z] Error reading register 6507 for IP 10.30.4.128: A Modbus Exception Occurred - See Response Body
[2024-12-25T01:35:56.256Z] Error reading actual data: A Modbus Exception Occurred - See Response Body
[2024-12-25T01:35:56.256Z] Error writing to Modbus register: A Modbus Exception Occurred - See Response Body
[2024-12-25T01:35:57.263Z] Error reading or processing Modbus registers: A Modbus Exception Occurred - See Response Body
[2024-12-25T01:35:57.267Z] Error reading register 6507 for IP 10.30.4.128: A Modbus Exception Occurred - See Response Body
[2024-12-25T01:35:57.268Z] Error reading actual data: A Modbus Exception Occurred - See Response Body
[2024-12-25T01:35:57.269Z] Error writing to Modbus register: A Modbus Exception Occurred - See Response Body
[2024-12-25T01:35:58.270Z] Error reading or processing Modbus registers: A Modbus Exception Occurred - See Response Body
[2024-12-25T01:35:58.274Z] Error reading register 6507 for IP 10.30.4.128: A Modbus Exception Occurred - See Response Body
[2024-12-25T01:35:58.274Z] Error reading actual data: A Modbus Exception Occurred - See Response Body
[2024-12-25T01:35:58.275Z] Error writing to Modbus register: A Modbus Exception Occurred - See Response Body
[2024-12-25T01:35:59.276Z] Error reading or processing Modbus registers: A Modbus Exception Occurred - See Response Body
[2024-12-25T01:35:59.281Z] Error reading register 6507 for IP 10.30.4.128: A Modbus Exception Occurred - See Response Body
[2024-12-25T01:35:59.281Z] Error reading actual data: A Modbus Exception Occurred - See Response Body
[2024-12-25T01:35:59.282Z] Error writing to Modbus register: A Modbus Exception Occurred - See Response Body
[2024-12-25T01:36:00.280Z] Error reading or processing Modbus registers: A Modbus Exception Occurred - See Response Body
[2024-12-25T01:36:00.282Z] Error reading register 6507 for IP 10.30.4.128: A Modbus Exception Occurred - See Response Body
[2024-12-25T01:36:00.283Z] Error reading actual data: A Modbus Exception Occurred - See Response Body
[2024-12-25T01:36:00.283Z] Error writing to Modbus register: A Modbus Exception Occurred - See Response Body
[2024-12-25T01:36:01.287Z] Error reading or processing Modbus registers: A Modbus Exception Occurred - See Response Body
[2024-12-25T01:36:01.290Z] Error reading register 6507 for IP 10.30.4.128: A Modbus Exception Occurred - See Response Body
[2024-12-25T01:36:01.290Z] Error reading actual data: A Modbus Exception Occurred - See Response Body
[2024-12-25T01:36:01.291Z] Error writing to Modbus register: A Modbus Exception Occurred - See Response Body
[2024-12-25T01:36:02.287Z] Error reading or processing Modbus registers: A Modbus Exception Occurred - See Response Body
[2024-12-25T01:36:02.289Z] Error reading register 6507 for IP 10.30.4.128: A Modbus Exception Occurred - See Response Body
[2024-12-25T01:36:02.290Z] Error reading actual data: A Modbus Exception Occurred - See Response Body
[2024-12-25T01:36:02.291Z] Error writing to Modbus register: A Modbus Exception Occurred - See Response Body
[2024-12-25T01:36:03.403Z] Error reading or processing Modbus registers: A Modbus Exception Occurred - See Response Body
[2024-12-25T01:36:03.422Z] Error reading register 6507 for IP 10.30.4.128: A Modbus Exception Occurred - See Response Body
[2024-12-25T01:36:03.424Z] Error reading actual data: A Modbus Exception Occurred - See Response Body
[2024-12-25T01:36:03.424Z] Error writing to Modbus register: A Modbus Exception Occurred - See Response Body
[2024-12-25T01:36:04.300Z] Error reading or processing Modbus registers: A Modbus Exception Occurred - See Response Body
[2024-12-25T01:36:04.304Z] Error reading register 6507 for IP 10.30.4.128: A Modbus Exception Occurred - See Response Body
[2024-12-25T01:36:04.304Z] Error reading actual data: A Modbus Exception Occurred - See Response Body
[2024-12-25T01:36:04.305Z] Error writing to Modbus register: A Modbus Exception Occurred - See Response Body
[2024-12-25T01:36:05.309Z] Error reading or processing Modbus registers: A Modbus Exception Occurred - See Response Body
[2024-12-25T01:36:05.312Z] Error reading register 6507 for IP 10.30.4.128: A Modbus Exception Occurred - See Response Body
[2024-12-25T01:36:05.312Z] Error reading actual data: A Modbus Exception Occurred - See Response Body
[2024-12-25T01:36:05.313Z] Error writing to Modbus register: A Modbus Exception Occurred - See Response Body
[2024-12-25T01:36:06.319Z] Error reading or processing Modbus registers: A Modbus Exception Occurred - See Response Body
[2024-12-25T01:36:06.322Z] Error reading register 6507 for IP 10.30.4.128: A Modbus Exception Occurred - See Response Body
[2024-12-25T01:36:06.323Z] Error reading actual data: A Modbus Exception Occurred - See Response Body
[2024-12-25T01:36:06.324Z] Error writing to Modbus register: A Modbus Exception Occurred - See Response Body
[2024-12-25T01:36:07.319Z] Error reading or processing Modbus registers: A Modbus Exception Occurred - See Response Body
[2024-12-25T01:36:07.321Z] Error reading register 6507 for IP 10.30.4.128: A Modbus Exception Occurred - See Response Body
[2024-12-25T01:36:07.322Z] Error reading actual data: A Modbus Exception Occurred - See Response Body
[2024-12-25T01:36:07.323Z] Error writing to Modbus register: A Modbus Exception Occurred - See Response Body
[2024-12-25T01:36:08.331Z] Error reading or processing Modbus registers: A Modbus Exception Occurred - See Response Body
[2024-12-25T01:36:08.333Z] Error reading register 6507 for IP 10.30.4.128: A Modbus Exception Occurred - See Response Body
[2024-12-25T01:36:08.334Z] Error reading actual data: A Modbus Exception Occurred - See Response Body
[2024-12-25T01:36:08.335Z] Error writing to Modbus register: A Modbus Exception Occurred - See Response Body
[2024-12-25T01:36:09.340Z] Error reading or processing Modbus registers: A Modbus Exception Occurred - See Response Body
[2024-12-25T01:36:09.342Z] Error reading register 6507 for IP 10.30.4.128: A Modbus Exception Occurred - See Response Body
[2024-12-25T01:36:09.344Z] Error reading actual data: A Modbus Exception Occurred - See Response Body
[2024-12-25T01:36:09.344Z] Error writing to Modbus register: A Modbus Exception Occurred - See Response Body
[2024-12-25T01:36:10.350Z] Error reading or processing Modbus registers: A Modbus Exception Occurred - See Response Body
[2024-12-25T01:36:10.352Z] Error reading register 6507 for IP 10.30.4.128: A Modbus Exception Occurred - See Response Body
[2024-12-25T01:36:10.353Z] Error reading actual data: A Modbus Exception Occurred - See Response Body
[2024-12-25T01:36:10.353Z] Error writing to Modbus register: A Modbus Exception Occurred - See Response Body
[2024-12-25T01:36:11.357Z] Error reading or processing Modbus registers: A Modbus Exception Occurred - See Response Body
[2024-12-25T01:36:11.359Z] Error reading register 6507 for IP 10.30.4.128: A Modbus Exception Occurred - See Response Body
[2024-12-25T01:36:11.360Z] Error reading actual data: A Modbus Exception Occurred - See Response Body
[2024-12-25T01:36:11.361Z] Error writing to Modbus register: A Modbus Exception Occurred - See Response Body
[2024-12-25T01:36:12.364Z] Error reading or processing Modbus registers: A Modbus Exception Occurred - See Response Body
[2024-12-25T01:36:12.366Z] Error reading register 6507 for IP 10.30.4.128: A Modbus Exception Occurred - See Response Body
[2024-12-25T01:36:12.367Z] Error reading actual data: A Modbus Exception Occurred - See Response Body
[2024-12-25T01:36:12.368Z] Error writing to Modbus register: A Modbus Exception Occurred - See Response Body
[2024-12-25T01:36:13.376Z] Error reading or processing Modbus registers: A Modbus Exception Occurred - See Response Body
[2024-12-25T01:36:13.378Z] Error reading register 6507 for IP 10.30.4.128: A Modbus Exception Occurred - See Response Body
[2024-12-25T01:36:13.380Z] Error reading actual data: A Modbus Exception Occurred - See Response Body
[2024-12-25T01:36:13.380Z] Error writing to Modbus register: A Modbus Exception Occurred - See Response Body
[2024-12-25T01:36:14.385Z] Error reading or processing Modbus registers: A Modbus Exception Occurred - See Response Body
[2024-12-25T01:36:14.388Z] Error reading register 6507 for IP 10.30.4.128: A Modbus Exception Occurred - See Response Body
[2024-12-25T01:36:14.389Z] Error reading actual data: A Modbus Exception Occurred - See Response Body
[2024-12-25T01:36:14.389Z] Error writing to Modbus register: A Modbus Exception Occurred - See Response Body
[2024-12-25T01:36:15.400Z] Error reading or processing Modbus registers: A Modbus Exception Occurred - See Response Body
[2024-12-25T01:36:15.402Z] Error reading register 6507 for IP 10.30.4.128: A Modbus Exception Occurred - See Response Body
[2024-12-25T01:36:15.404Z] Error reading actual data: A Modbus Exception Occurred - See Response Body
[2024-12-25T01:36:15.405Z] Error writing to Modbus register: A Modbus Exception Occurred - See Response Body
[2024-12-25T01:36:16.408Z] Error reading or processing Modbus registers: A Modbus Exception Occurred - See Response Body
[2024-12-25T01:36:16.410Z] Error reading register 6507 for IP 10.30.4.128: A Modbus Exception Occurred - See Response Body
[2024-12-25T01:36:16.411Z] Error reading actual data: A Modbus Exception Occurred - See Response Body
[2024-12-25T01:36:16.411Z] Error writing to Modbus register: A Modbus Exception Occurred - See Response Body
[2024-12-25T01:36:17.415Z] Error reading or processing Modbus registers: A Modbus Exception Occurred - See Response Body
[2024-12-25T01:36:17.418Z] Error reading register 6507 for IP 10.30.4.128: A Modbus Exception Occurred - See Response Body
[2024-12-25T01:36:17.418Z] Error reading actual data: A Modbus Exception Occurred - See Response Body
[2024-12-25T01:36:17.419Z] Error writing to Modbus register: A Modbus Exception Occurred - See Response Body
[2024-12-25T01:36:18.418Z] Error reading or processing Modbus registers: A Modbus Exception Occurred - See Response Body
[2024-12-25T01:36:18.420Z] Error reading register 6507 for IP 10.30.4.128: A Modbus Exception Occurred - See Response Body
[2024-12-25T01:36:18.421Z] Error reading actual data: A Modbus Exception Occurred - See Response Body
[2024-12-25T01:36:18.421Z] Error writing to Modbus register: A Modbus Exception Occurred - See Response Body
[2024-12-25T01:36:19.420Z] Error reading or processing Modbus registers: A Modbus Exception Occurred - See Response Body
[2024-12-25T01:36:19.422Z] Error reading register 6507 for IP 10.30.4.128: A Modbus Exception Occurred - See Response Body
[2024-12-25T01:36:19.423Z] Error reading actual data: A Modbus Exception Occurred - See Response Body
[2024-12-25T01:36:19.424Z] Error writing to Modbus register: A Modbus Exception Occurred - See Response Body
[2024-12-25T01:36:20.423Z] Error reading or processing Modbus registers: A Modbus Exception Occurred - See Response Body
[2024-12-25T01:36:20.425Z] Error reading register 6507 for IP 10.30.4.128: A Modbus Exception Occurred - See Response Body
[2024-12-25T01:36:20.426Z] Error reading actual data: A Modbus Exception Occurred - See Response Body
[2024-12-25T01:36:20.426Z] Error writing to Modbus register: A Modbus Exception Occurred - See Response Body
[2024-12-25T01:36:21.425Z] Error reading or processing Modbus registers: A Modbus Exception Occurred - See Response Body
[2024-12-25T01:36:21.427Z] Error reading register 6507 for IP 10.30.4.128: A Modbus Exception Occurred - See Response Body
[2024-12-25T01:36:21.428Z] Error reading actual data: A Modbus Exception Occurred - See Response Body
[2024-12-25T01:36:21.429Z] Error writing to Modbus register: A Modbus Exception Occurred - See Response Body
[2024-12-25T01:36:22.425Z] Error reading or processing Modbus registers: A Modbus Exception Occurred - See Response Body
[2024-12-25T01:36:22.428Z] Error reading register 6507 for IP 10.30.4.128: A Modbus Exception Occurred - See Response Body
[2024-12-25T01:36:22.428Z] Error reading actual data: A Modbus Exception Occurred - See Response Body
[2024-12-25T01:36:22.429Z] Error writing to Modbus register: A Modbus Exception Occurred - See Response Body
[2024-12-25T01:36:23.430Z] Error reading or processing Modbus registers: A Modbus Exception Occurred - See Response Body
[2024-12-25T01:36:23.435Z] Error reading register 6507 for IP 10.30.4.128: A Modbus Exception Occurred - See Response Body
[2024-12-25T01:36:23.436Z] Error reading actual data: A Modbus Exception Occurred - See Response Body
[2024-12-25T01:36:23.437Z] Error writing to Modbus register: A Modbus Exception Occurred - See Response Body
[2024-12-25T01:36:24.436Z] Error reading or processing Modbus registers: A Modbus Exception Occurred - See Response Body
[2024-12-25T01:36:24.439Z] Error reading register 6507 for IP 10.30.4.128: A Modbus Exception Occurred - See Response Body
[2024-12-25T01:36:24.439Z] Error reading actual data: A Modbus Exception Occurred - See Response Body
[2024-12-25T01:36:24.440Z] Error writing to Modbus register: A Modbus Exception Occurred - See Response Body
[2024-12-25T01:36:25.441Z] Error reading or processing Modbus registers: A Modbus Exception Occurred - See Response Body
[2024-12-25T01:36:25.444Z] Error reading register 6507 for IP 10.30.4.128: A Modbus Exception Occurred - See Response Body
[2024-12-25T01:36:25.444Z] Error reading actual data: A Modbus Exception Occurred - See Response Body
[2024-12-25T01:36:25.445Z] Error writing to Modbus register: A Modbus Exception Occurred - See Response Body
[2024-12-25T01:36:26.447Z] Error reading or processing Modbus registers: A Modbus Exception Occurred - See Response Body
[2024-12-25T01:36:26.449Z] Error reading register 6507 for IP 10.30.4.128: A Modbus Exception Occurred - See Response Body
[2024-12-25T01:36:26.450Z] Error reading actual data: A Modbus Exception Occurred - See Response Body
[2024-12-25T01:36:26.451Z] Error writing to Modbus register: A Modbus Exception Occurred - See Response Body
[2024-12-25T01:36:27.451Z] Error reading or processing Modbus registers: A Modbus Exception Occurred - See Response Body
[2024-12-25T01:36:27.454Z] Error reading register 6507 for IP 10.30.4.128: A Modbus Exception Occurred - See Response Body
[2024-12-25T01:36:27.456Z] Error reading actual data: A Modbus Exception Occurred - See Response Body
[2024-12-25T01:36:27.456Z] Error writing to Modbus register: A Modbus Exception Occurred - See Response Body
[2024-12-25T01:36:28.455Z] Error reading or processing Modbus registers: A Modbus Exception Occurred - See Response Body
[2024-12-25T01:36:28.459Z] Error reading register 6507 for IP 10.30.4.128: A Modbus Exception Occurred - See Response Body
[2024-12-25T01:36:28.460Z] Error reading actual data: A Modbus Exception Occurred - See Response Body
[2024-12-25T01:36:28.460Z] Error writing to Modbus register: A Modbus Exception Occurred - See Response Body
[2024-12-25T01:36:29.458Z] Error reading or processing Modbus registers: A Modbus Exception Occurred - See Response Body
[2024-12-25T01:36:29.462Z] Error reading register 6507 for IP 10.30.4.128: A Modbus Exception Occurred - See Response Body
[2024-12-25T01:36:29.463Z] Error reading actual data: A Modbus Exception Occurred - See Response Body
[2024-12-25T01:36:29.463Z] Error writing to Modbus register: A Modbus Exception Occurred - See Response Body
[2024-12-25T01:36:30.462Z] Error reading or processing Modbus registers: A Modbus Exception Occurred - See Response Body
[2024-12-25T01:36:30.465Z] Error reading register 6507 for IP 10.30.4.128: A Modbus Exception Occurred - See Response Body
[2024-12-25T01:36:30.466Z] Error reading actual data: A Modbus Exception Occurred - See Response Body
[2024-12-25T01:36:30.467Z] Error writing to Modbus register: A Modbus Exception Occurred - See Response Body
[2024-12-25T01:36:31.471Z] Error reading or processing Modbus registers: A Modbus Exception Occurred - See Response Body
[2024-12-25T01:36:31.473Z] Error reading register 6507 for IP 10.30.4.128: A Modbus Exception Occurred - See Response Body
[2024-12-25T01:36:31.474Z] Error reading actual data: A Modbus Exception Occurred - See Response Body
[2024-12-25T01:36:31.474Z] Error writing to Modbus register: A Modbus Exception Occurred - See Response Body
[2024-12-25T01:36:32.480Z] Error reading or processing Modbus registers: A Modbus Exception Occurred - See Response Body
[2024-12-25T01:36:32.482Z] Error reading register 6507 for IP 10.30.4.128: A Modbus Exception Occurred - See Response Body
[2024-12-25T01:36:32.483Z] Error reading actual data: A Modbus Exception Occurred - See Response Body
[2024-12-25T01:36:32.484Z] Error writing to Modbus register: A Modbus Exception Occurred - See Response Body
[2024-12-25T01:36:33.487Z] Error reading or processing Modbus registers: A Modbus Exception Occurred - See Response Body
[2024-12-25T01:36:33.490Z] Error reading register 6507 for IP 10.30.4.128: A Modbus Exception Occurred - See Response Body
[2024-12-25T01:36:33.490Z] Error reading actual data: A Modbus Exception Occurred - See Response Body
[2024-12-25T01:36:33.491Z] Error writing to Modbus register: A Modbus Exception Occurred - See Response Body
[2024-12-25T01:36:34.489Z] Error reading or processing Modbus registers: A Modbus Exception Occurred - See Response Body
[2024-12-25T01:36:34.491Z] Error reading register 6507 for IP 10.30.4.128: A Modbus Exception Occurred - See Response Body
[2024-12-25T01:36:34.492Z] Error reading actual data: A Modbus Exception Occurred - See Response Body
[2024-12-25T01:36:34.493Z] Error writing to Modbus register: A Modbus Exception Occurred - See Response Body
[2024-12-25T01:36:35.498Z] Error reading or processing Modbus registers: A Modbus Exception Occurred - See Response Body
[2024-12-25T01:36:35.501Z] Error reading register 6507 for IP 10.30.4.128: A Modbus Exception Occurred - See Response Body
[2024-12-25T01:36:35.503Z] Error reading actual data: A Modbus Exception Occurred - See Response Body
[2024-12-25T01:36:35.504Z] Error writing to Modbus register: A Modbus Exception Occurred - See Response Body
[2024-12-25T01:36:36.505Z] Error reading or processing Modbus registers: A Modbus Exception Occurred - See Response Body
[2024-12-25T01:36:36.508Z] Error reading register 6507 for IP 10.30.4.128: A Modbus Exception Occurred - See Response Body
[2024-12-25T01:36:36.509Z] Error reading actual data: A Modbus Exception Occurred - See Response Body
[2024-12-25T01:36:36.510Z] Error writing to Modbus register: A Modbus Exception Occurred - See Response Body
[2024-12-25T01:36:37.512Z] Error reading or processing Modbus registers: A Modbus Exception Occurred - See Response Body
[2024-12-25T01:36:37.515Z] Error reading register 6507 for IP 10.30.4.128: A Modbus Exception Occurred - See Response Body
[2024-12-25T01:36:37.516Z] Error reading actual data: A Modbus Exception Occurred - See Response Body
[2024-12-25T01:36:37.516Z] Error writing to Modbus register: A Modbus Exception Occurred - See Response Body
[2024-12-25T01:36:38.524Z] Error reading or processing Modbus registers: A Modbus Exception Occurred - See Response Body
[2024-12-25T01:36:38.526Z] Error reading register 6507 for IP 10.30.4.128: A Modbus Exception Occurred - See Response Body
[2024-12-25T01:36:38.527Z] Error reading actual data: A Modbus Exception Occurred - See Response Body
[2024-12-25T01:36:38.527Z] Error writing to Modbus register: A Modbus Exception Occurred - See Response Body
[2024-12-25T01:36:39.529Z] Error reading or processing Modbus registers: A Modbus Exception Occurred - See Response Body
[2024-12-25T01:36:39.534Z] Error reading register 6507 for IP 10.30.4.128: A Modbus Exception Occurred - See Response Body
[2024-12-25T01:36:39.534Z] Error reading actual data: A Modbus Exception Occurred - See Response Body
[2024-12-25T01:36:39.535Z] Error writing to Modbus register: A Modbus Exception Occurred - See Response Body
[2024-12-25T01:36:40.538Z] Error reading or processing Modbus registers: A Modbus Exception Occurred - See Response Body
[2024-12-25T01:36:40.540Z] Error reading register 6507 for IP 10.30.4.128: A Modbus Exception Occurred - See Response Body
[2024-12-25T01:36:40.541Z] Error reading actual data: A Modbus Exception Occurred - See Response Body
[2024-12-25T01:36:40.542Z] Error writing to Modbus register: A Modbus Exception Occurred - See Response Body
[2024-12-25T01:36:41.542Z] Error reading or processing Modbus registers: A Modbus Exception Occurred - See Response Body
[2024-12-25T01:36:41.545Z] Error reading register 6507 for IP 10.30.4.128: A Modbus Exception Occurred - See Response Body
[2024-12-25T01:36:41.546Z] Error reading actual data: A Modbus Exception Occurred - See Response Body
[2024-12-25T01:36:41.546Z] Error writing to Modbus register: A Modbus Exception Occurred - See Response Body
[2024-12-25T01:36:42.546Z] Error reading or processing Modbus registers: A Modbus Exception Occurred - See Response Body
[2024-12-25T01:36:42.548Z] Error reading register 6507 for IP 10.30.4.128: A Modbus Exception Occurred - See Response Body
[2024-12-25T01:36:42.549Z] Error reading actual data: A Modbus Exception Occurred - See Response Body
[2024-12-25T01:36:42.550Z] Error writing to Modbus register: A Modbus Exception Occurred - See Response Body
[2024-12-25T01:36:43.546Z] Error reading or processing Modbus registers: A Modbus Exception Occurred - See Response Body
[2024-12-25T01:36:43.548Z] Error reading register 6507 for IP 10.30.4.128: A Modbus Exception Occurred - See Response Body
[2024-12-25T01:36:43.549Z] Error reading actual data: A Modbus Exception Occurred - See Response Body
[2024-12-25T01:36:43.549Z] Error writing to Modbus register: A Modbus Exception Occurred - See Response Body
[2024-12-25T01:36:44.546Z] Error reading or processing Modbus registers: A Modbus Exception Occurred - See Response Body
[2024-12-25T01:36:44.547Z] Error reading register 6507 for IP 10.30.4.128: A Modbus Exception Occurred - See Response Body
[2024-12-25T01:36:44.549Z] Error reading actual data: A Modbus Exception Occurred - See Response Body
[2024-12-25T01:36:44.549Z] Error writing to Modbus register: A Modbus Exception Occurred - See Response Body
[2024-12-25T01:36:45.559Z] Error reading or processing Modbus registers: A Modbus Exception Occurred - See Response Body
[2024-12-25T01:36:45.561Z] Error reading register 6507 for IP 10.30.4.128: A Modbus Exception Occurred - See Response Body
[2024-12-25T01:36:45.562Z] Error reading actual data: A Modbus Exception Occurred - See Response Body
[2024-12-25T01:36:45.562Z] Error writing to Modbus register: A Modbus Exception Occurred - See Response Body
[2024-12-25T01:36:46.560Z] Error reading or processing Modbus registers: A Modbus Exception Occurred - See Response Body
[2024-12-25T01:36:46.562Z] Error reading register 6507 for IP 10.30.4.128: A Modbus Exception Occurred - See Response Body
[2024-12-25T01:36:46.563Z] Error reading actual data: A Modbus Exception Occurred - See Response Body
[2024-12-25T01:36:46.564Z] Error writing to Modbus register: A Modbus Exception Occurred - See Response Body
[2024-12-25T01:36:47.574Z] Error reading or processing Modbus registers: A Modbus Exception Occurred - See Response Body
[2024-12-25T01:36:47.577Z] Error reading register 6507 for IP 10.30.4.128: A Modbus Exception Occurred - See Response Body
[2024-12-25T01:36:47.577Z] Error reading actual data: A Modbus Exception Occurred - See Response Body
[2024-12-25T01:36:47.578Z] Error writing to Modbus register: A Modbus Exception Occurred - See Response Body
[2024-12-25T01:36:48.581Z] Error reading or processing Modbus registers: A Modbus Exception Occurred - See Response Body
[2024-12-25T01:36:48.583Z] Error reading register 6507 for IP 10.30.4.128: A Modbus Exception Occurred - See Response Body
[2024-12-25T01:36:48.584Z] Error reading actual data: A Modbus Exception Occurred - See Response Body
[2024-12-25T01:36:48.585Z] Error writing to Modbus register: A Modbus Exception Occurred - See Response Body
[2024-12-25T01:36:49.592Z] Error reading or processing Modbus registers: A Modbus Exception Occurred - See Response Body
[2024-12-25T01:36:49.595Z] Error reading register 6507 for IP 10.30.4.128: A Modbus Exception Occurred - See Response Body
[2024-12-25T01:36:49.595Z] Error reading actual data: A Modbus Exception Occurred - See Response Body
[2024-12-25T01:36:49.596Z] Error writing to Modbus register: A Modbus Exception Occurred - See Response Body
[2024-12-25T01:36:50.606Z] Error reading or processing Modbus registers: A Modbus Exception Occurred - See Response Body
[2024-12-25T01:36:50.608Z] Error reading register 6507 for IP 10.30.4.128: A Modbus Exception Occurred - See Response Body
[2024-12-25T01:36:50.609Z] Error reading actual data: A Modbus Exception Occurred - See Response Body
[2024-12-25T01:36:50.610Z] Error writing to Modbus register: A Modbus Exception Occurred - See Response Body
[2024-12-25T01:36:51.609Z] Error reading or processing Modbus registers: A Modbus Exception Occurred - See Response Body
[2024-12-25T01:36:51.611Z] Error reading register 6507 for IP 10.30.4.128: A Modbus Exception Occurred - See Response Body
[2024-12-25T01:36:51.612Z] Error reading actual data: A Modbus Exception Occurred - See Response Body
[2024-12-25T01:36:51.613Z] Error writing to Modbus register: A Modbus Exception Occurred - See Response Body
[2024-12-25T01:36:52.611Z] Error reading or processing Modbus registers: A Modbus Exception Occurred - See Response Body
[2024-12-25T01:36:52.613Z] Error reading register 6507 for IP 10.30.4.128: A Modbus Exception Occurred - See Response Body
[2024-12-25T01:36:52.614Z] Error reading actual data: A Modbus Exception Occurred - See Response Body
[2024-12-25T01:36:52.614Z] Error writing to Modbus register: A Modbus Exception Occurred - See Response Body
[2024-12-25T01:36:53.616Z] Error reading or processing Modbus registers: A Modbus Exception Occurred - See Response Body
[2024-12-25T01:36:53.618Z] Error reading register 6507 for IP 10.30.4.128: A Modbus Exception Occurred - See Response Body
[2024-12-25T01:36:53.619Z] Error reading actual data: A Modbus Exception Occurred - See Response Body
[2024-12-25T01:36:53.619Z] Error writing to Modbus register: A Modbus Exception Occurred - See Response Body
[2024-12-25T01:36:54.624Z] Error reading or processing Modbus registers: A Modbus Exception Occurred - See Response Body
[2024-12-25T01:36:54.626Z] Error reading register 6507 for IP 10.30.4.128: A Modbus Exception Occurred - See Response Body
[2024-12-25T01:36:54.627Z] Error reading actual data: A Modbus Exception Occurred - See Response Body
[2024-12-25T01:36:54.627Z] Error writing to Modbus register: A Modbus Exception Occurred - See Response Body
[2024-12-25T01:36:55.632Z] Error reading or processing Modbus registers: A Modbus Exception Occurred - See Response Body
[2024-12-25T01:36:55.635Z] Error reading register 6507 for IP 10.30.4.128: A Modbus Exception Occurred - See Response Body
[2024-12-25T01:36:55.636Z] Error reading actual data: A Modbus Exception Occurred - See Response Body
[2024-12-25T01:36:55.636Z] Error writing to Modbus register: A Modbus Exception Occurred - See Response Body
[2024-12-25T01:36:56.639Z] Error reading or processing Modbus registers: A Modbus Exception Occurred - See Response Body
[2024-12-25T01:36:56.641Z] Error reading register 6507 for IP 10.30.4.128: A Modbus Exception Occurred - See Response Body
[2024-12-25T01:36:56.641Z] Error reading actual data: A Modbus Exception Occurred - See Response Body
[2024-12-25T01:36:56.644Z] Error writing to Modbus register: A Modbus Exception Occurred - See Response Body
[2024-12-25T01:36:57.644Z] Error reading or processing Modbus registers: A Modbus Exception Occurred - See Response Body
[2024-12-25T01:36:57.648Z] Error reading register 6507 for IP 10.30.4.128: A Modbus Exception Occurred - See Response Body
[2024-12-25T01:36:57.649Z] Error reading actual data: A Modbus Exception Occurred - See Response Body
[2024-12-25T01:36:57.651Z] Error writing to Modbus register: A Modbus Exception Occurred - See Response Body
[2024-12-25T01:36:58.656Z] Error reading or processing Modbus registers: A Modbus Exception Occurred - See Response Body
[2024-12-25T01:36:58.658Z] Error reading register 6507 for IP 10.30.4.128: A Modbus Exception Occurred - See Response Body
[2024-12-25T01:36:58.659Z] Error reading actual data: A Modbus Exception Occurred - See Response Body
[2024-12-25T01:36:58.659Z] Error writing to Modbus register: A Modbus Exception Occurred - See Response Body
[2024-12-25T01:36:59.669Z] Error reading or processing Modbus registers: A Modbus Exception Occurred - See Response Body
[2024-12-25T01:36:59.672Z] Error reading register 6507 for IP 10.30.4.128: A Modbus Exception Occurred - See Response Body
[2024-12-25T01:36:59.673Z] Error reading actual data: A Modbus Exception Occurred - See Response Body
[2024-12-25T01:36:59.673Z] Error writing to Modbus register: A Modbus Exception Occurred - See Response Body
[2024-12-25T01:37:00.673Z] Error reading or processing Modbus registers: A Modbus Exception Occurred - See Response Body
[2024-12-25T01:37:00.675Z] Error reading register 6507 for IP 10.30.4.128: A Modbus Exception Occurred - See Response Body
[2024-12-25T01:37:00.676Z] Error reading actual data: A Modbus Exception Occurred - See Response Body
[2024-12-25T01:37:00.676Z] Error writing to Modbus register: A Modbus Exception Occurred - See Response Body
[2024-12-25T01:37:01.679Z] Error reading or processing Modbus registers: A Modbus Exception Occurred - See Response Body
[2024-12-25T01:37:01.681Z] Error reading register 6507 for IP 10.30.4.128: A Modbus Exception Occurred - See Response Body
[2024-12-25T01:37:01.682Z] Error reading actual data: A Modbus Exception Occurred - See Response Body
[2024-12-25T01:37:01.682Z] Error writing to Modbus register: A Modbus Exception Occurred - See Response Body
[2024-12-25T01:37:02.680Z] Error reading or processing Modbus registers: A Modbus Exception Occurred - See Response Body
[2024-12-25T01:37:02.682Z] Error reading register 6507 for IP 10.30.4.128: A Modbus Exception Occurred - See Response Body
[2024-12-25T01:37:02.683Z] Error reading actual data: A Modbus Exception Occurred - See Response Body
[2024-12-25T01:37:02.684Z] Error writing to Modbus register: A Modbus Exception Occurred - See Response Body
[2024-12-25T01:37:03.682Z] Error reading or processing Modbus registers: A Modbus Exception Occurred - See Response Body
[2024-12-25T01:37:03.685Z] Error reading register 6507 for IP 10.30.4.128: A Modbus Exception Occurred - See Response Body
[2024-12-25T01:37:03.685Z] Error reading actual data: A Modbus Exception Occurred - See Response Body
[2024-12-25T01:37:03.686Z] Error writing to Modbus register: A Modbus Exception Occurred - See Response Body
[2024-12-25T01:37:04.685Z] Error reading or processing Modbus registers: A Modbus Exception Occurred - See Response Body
[2024-12-25T01:37:04.687Z] Error reading register 6507 for IP 10.30.4.128: A Modbus Exception Occurred - See Response Body
[2024-12-25T01:37:04.688Z] Error reading actual data: A Modbus Exception Occurred - See Response Body
[2024-12-25T01:37:04.688Z] Error writing to Modbus register: A Modbus Exception Occurred - See Response Body
[2024-12-25T01:37:05.685Z] Error reading or processing Modbus registers: A Modbus Exception Occurred - See Response Body
[2024-12-25T01:37:05.687Z] Error reading register 6507 for IP 10.30.4.128: A Modbus Exception Occurred - See Response Body
[2024-12-25T01:37:05.689Z] Error reading actual data: A Modbus Exception Occurred - See Response Body
[2024-12-25T01:37:05.690Z] Error writing to Modbus register: A Modbus Exception Occurred - See Response Body
[2024-12-25T01:37:06.696Z] Error reading or processing Modbus registers: A Modbus Exception Occurred - See Response Body
[2024-12-25T01:37:06.698Z] Error reading register 6507 for IP 10.30.4.128: A Modbus Exception Occurred - See Response Body
[2024-12-25T01:37:06.699Z] Error reading actual data: A Modbus Exception Occurred - See Response Body
[2024-12-25T01:37:06.699Z] Error writing to Modbus register: A Modbus Exception Occurred - See Response Body
[2024-12-25T01:37:07.696Z] Error reading or processing Modbus registers: A Modbus Exception Occurred - See Response Body
[2024-12-25T01:37:07.699Z] Error reading register 6507 for IP 10.30.4.128: A Modbus Exception Occurred - See Response Body
[2024-12-25T01:37:07.699Z] Error reading actual data: A Modbus Exception Occurred - See Response Body
[2024-12-25T01:37:07.700Z] Error writing to Modbus register: A Modbus Exception Occurred - See Response Body
[2024-12-25T01:37:08.701Z] Error reading or processing Modbus registers: A Modbus Exception Occurred - See Response Body
[2024-12-25T01:37:08.703Z] Error reading register 6507 for IP 10.30.4.128: A Modbus Exception Occurred - See Response Body
[2024-12-25T01:37:08.704Z] Error reading actual data: A Modbus Exception Occurred - See Response Body
[2024-12-25T01:37:08.705Z] Error writing to Modbus register: A Modbus Exception Occurred - See Response Body
[2024-12-25T01:37:09.702Z] Error reading or processing Modbus registers: A Modbus Exception Occurred - See Response Body
[2024-12-25T01:37:09.705Z] Error reading register 6507 for IP 10.30.4.128: A Modbus Exception Occurred - See Response Body
[2024-12-25T01:37:09.705Z] Error reading actual data: A Modbus Exception Occurred - See Response Body
[2024-12-25T01:37:09.706Z] Error writing to Modbus register: A Modbus Exception Occurred - See Response Body
[2024-12-25T01:37:10.705Z] Error reading or processing Modbus registers: A Modbus Exception Occurred - See Response Body
[2024-12-25T01:37:10.707Z] Error reading register 6507 for IP 10.30.4.128: A Modbus Exception Occurred - See Response Body
[2024-12-25T01:37:10.707Z] Error reading actual data: A Modbus Exception Occurred - See Response Body
[2024-12-25T01:37:10.708Z] Error writing to Modbus register: A Modbus Exception Occurred - See Response Body
[2024-12-25T01:37:11.709Z] Error reading or processing Modbus registers: A Modbus Exception Occurred - See Response Body
[2024-12-25T01:37:11.711Z] Error reading register 6507 for IP 10.30.4.128: A Modbus Exception Occurred - See Response Body
[2024-12-25T01:37:11.712Z] Error reading actual data: A Modbus Exception Occurred - See Response Body
[2024-12-25T01:37:11.713Z] Error writing to Modbus register: A Modbus Exception Occurred - See Response Body
[2024-12-25T01:37:12.719Z] Error reading or processing Modbus registers: A Modbus Exception Occurred - See Response Body
[2024-12-25T01:37:12.721Z] Error reading register 6507 for IP 10.30.4.128: A Modbus Exception Occurred - See Response Body
[2024-12-25T01:37:12.722Z] Error reading actual data: A Modbus Exception Occurred - See Response Body
[2024-12-25T01:37:12.722Z] Error writing to Modbus register: A Modbus Exception Occurred - See Response Body
[2024-12-25T01:37:13.730Z] Error reading or processing Modbus registers: A Modbus Exception Occurred - See Response Body
[2024-12-25T01:37:13.735Z] Error reading register 6507 for IP 10.30.4.128: A Modbus Exception Occurred - See Response Body
[2024-12-25T01:37:13.736Z] Error reading actual data: A Modbus Exception Occurred - See Response Body
[2024-12-25T01:37:13.737Z] Error writing to Modbus register: A Modbus Exception Occurred - See Response Body
[2024-12-25T01:37:14.735Z] Error reading or processing Modbus registers: A Modbus Exception Occurred - See Response Body
[2024-12-25T01:37:14.739Z] Error reading register 6507 for IP 10.30.4.128: A Modbus Exception Occurred - See Response Body
[2024-12-25T01:37:14.739Z] Error reading actual data: A Modbus Exception Occurred - See Response Body
[2024-12-25T01:37:14.740Z] Error writing to Modbus register: A Modbus Exception Occurred - See Response Body
[2024-12-25T01:37:15.750Z] Error reading or processing Modbus registers: A Modbus Exception Occurred - See Response Body
[2024-12-25T01:37:15.752Z] Error reading register 6507 for IP 10.30.4.128: A Modbus Exception Occurred - See Response Body
[2024-12-25T01:37:15.753Z] Error reading actual data: A Modbus Exception Occurred - See Response Body
[2024-12-25T01:37:15.754Z] Error writing to Modbus register: A Modbus Exception Occurred - See Response Body
[2024-12-25T01:37:16.769Z] Error reading or processing Modbus registers: A Modbus Exception Occurred - See Response Body
[2024-12-25T01:37:16.772Z] Error reading register 6507 for IP 10.30.4.128: A Modbus Exception Occurred - See Response Body
[2024-12-25T01:37:16.774Z] Error reading actual data: A Modbus Exception Occurred - See Response Body
[2024-12-25T01:37:16.775Z] Error writing to Modbus register: A Modbus Exception Occurred - See Response Body
[2024-12-25T01:37:17.765Z] Error reading or processing Modbus registers: A Modbus Exception Occurred - See Response Body
[2024-12-25T01:37:17.767Z] Error reading register 6507 for IP 10.30.4.128: A Modbus Exception Occurred - See Response Body
[2024-12-25T01:37:17.768Z] Error reading actual data: A Modbus Exception Occurred - See Response Body
[2024-12-25T01:37:17.769Z] Error writing to Modbus register: A Modbus Exception Occurred - See Response Body
[2024-12-25T01:37:18.777Z] Error reading or processing Modbus registers: A Modbus Exception Occurred - See Response Body
[2024-12-25T01:37:18.779Z] Error reading register 6507 for IP 10.30.4.128: A Modbus Exception Occurred - See Response Body
[2024-12-25T01:37:18.780Z] Error reading actual data: A Modbus Exception Occurred - See Response Body
[2024-12-25T01:37:18.780Z] Error writing to Modbus register: A Modbus Exception Occurred - See Response Body
[2024-12-25T01:37:19.778Z] Error reading or processing Modbus registers: A Modbus Exception Occurred - See Response Body
[2024-12-25T01:37:19.780Z] Error reading register 6507 for IP 10.30.4.128: A Modbus Exception Occurred - See Response Body
[2024-12-25T01:37:19.781Z] Error reading actual data: A Modbus Exception Occurred - See Response Body
[2024-12-25T01:37:19.781Z] Error writing to Modbus register: A Modbus Exception Occurred - See Response Body
[2024-12-25T01:37:20.790Z] Error reading or processing Modbus registers: A Modbus Exception Occurred - See Response Body
[2024-12-25T01:37:20.795Z] Error reading register 6507 for IP 10.30.4.128: A Modbus Exception Occurred - See Response Body
[2024-12-25T01:37:20.796Z] Error reading actual data: A Modbus Exception Occurred - See Response Body
[2024-12-25T01:37:20.796Z] Error writing to Modbus register: A Modbus Exception Occurred - See Response Body
[2024-12-25T01:37:21.792Z] Error reading or processing Modbus registers: A Modbus Exception Occurred - See Response Body
[2024-12-25T01:37:21.795Z] Error reading register 6507 for IP 10.30.4.128: A Modbus Exception Occurred - See Response Body
[2024-12-25T01:37:21.796Z] Error reading actual data: A Modbus Exception Occurred - See Response Body
[2024-12-25T01:37:21.798Z] Error writing to Modbus register: A Modbus Exception Occurred - See Response Body
[2024-12-25T01:37:22.805Z] Error reading or processing Modbus registers: A Modbus Exception Occurred - See Response Body
[2024-12-25T01:37:22.807Z] Error reading register 6507 for IP 10.30.4.128: A Modbus Exception Occurred - See Response Body
[2024-12-25T01:37:22.808Z] Error reading actual data: A Modbus Exception Occurred - See Response Body
[2024-12-25T01:37:22.809Z] Error writing to Modbus register: A Modbus Exception Occurred - See Response Body
[2024-12-25T01:37:23.816Z] Error reading or processing Modbus registers: A Modbus Exception Occurred - See Response Body
[2024-12-25T01:37:23.834Z] Error reading register 6507 for IP 10.30.4.128: A Modbus Exception Occurred - See Response Body
[2024-12-25T01:37:23.835Z] Error reading actual data: A Modbus Exception Occurred - See Response Body
[2024-12-25T01:37:23.836Z] Error writing to Modbus register: A Modbus Exception Occurred - See Response Body
[2024-12-25T01:37:24.816Z] Error reading or processing Modbus registers: A Modbus Exception Occurred - See Response Body
[2024-12-25T01:37:24.818Z] Error reading register 6507 for IP 10.30.4.128: A Modbus Exception Occurred - See Response Body
[2024-12-25T01:37:24.819Z] Error reading actual data: A Modbus Exception Occurred - See Response Body
[2024-12-25T01:37:24.820Z] Error writing to Modbus register: A Modbus Exception Occurred - See Response Body
[2024-12-25T01:37:25.830Z] Error reading or processing Modbus registers: A Modbus Exception Occurred - See Response Body
[2024-12-25T01:37:25.833Z] Error reading register 6507 for IP 10.30.4.128: A Modbus Exception Occurred - See Response Body
[2024-12-25T01:37:25.833Z] Error reading actual data: A Modbus Exception Occurred - See Response Body
[2024-12-25T01:37:25.834Z] Error writing to Modbus register: A Modbus Exception Occurred - See Response Body
[2024-12-25T01:37:26.830Z] Error reading or processing Modbus registers: A Modbus Exception Occurred - See Response Body
[2024-12-25T01:37:26.833Z] Error reading register 6507 for IP 10.30.4.128: A Modbus Exception Occurred - See Response Body
[2024-12-25T01:37:26.834Z] Error reading actual data: A Modbus Exception Occurred - See Response Body
[2024-12-25T01:37:26.834Z] Error writing to Modbus register: A Modbus Exception Occurred - See Response Body
[2024-12-25T01:37:27.830Z] Error reading or processing Modbus registers: A Modbus Exception Occurred - See Response Body
[2024-12-25T01:37:27.832Z] Error reading register 6507 for IP 10.30.4.128: A Modbus Exception Occurred - See Response Body
[2024-12-25T01:37:27.833Z] Error reading actual data: A Modbus Exception Occurred - See Response Body
[2024-12-25T01:37:27.834Z] Error writing to Modbus register: A Modbus Exception Occurred - See Response Body
[2024-12-25T01:37:28.846Z] Error reading or processing Modbus registers: A Modbus Exception Occurred - See Response Body
[2024-12-25T01:37:28.848Z] Error reading register 6507 for IP 10.30.4.128: A Modbus Exception Occurred - See Response Body
[2024-12-25T01:37:28.848Z] Error reading actual data: A Modbus Exception Occurred - See Response Body
[2024-12-25T01:37:28.849Z] Error writing to Modbus register: A Modbus Exception Occurred - See Response Body
[2024-12-25T01:37:29.859Z] Error reading or processing Modbus registers: A Modbus Exception Occurred - See Response Body
[2024-12-25T01:37:29.861Z] Error reading register 6507 for IP 10.30.4.128: A Modbus Exception Occurred - See Response Body
[2024-12-25T01:37:29.862Z] Error reading actual data: A Modbus Exception Occurred - See Response Body
[2024-12-25T01:37:29.862Z] Error writing to Modbus register: A Modbus Exception Occurred - See Response Body
[2024-12-25T01:37:30.873Z] Error reading or processing Modbus registers: A Modbus Exception Occurred - See Response Body
[2024-12-25T01:37:30.875Z] Error reading register 6507 for IP 10.30.4.128: A Modbus Exception Occurred - See Response Body
[2024-12-25T01:37:30.876Z] Error reading actual data: A Modbus Exception Occurred - See Response Body
[2024-12-25T01:37:30.876Z] Error writing to Modbus register: A Modbus Exception Occurred - See Response Body
[2024-12-25T01:37:31.874Z] Error reading or processing Modbus registers: A Modbus Exception Occurred - See Response Body
[2024-12-25T01:37:31.876Z] Error reading register 6507 for IP 10.30.4.128: A Modbus Exception Occurred - See Response Body
[2024-12-25T01:37:31.877Z] Error reading actual data: A Modbus Exception Occurred - See Response Body
[2024-12-25T01:37:31.877Z] Error writing to Modbus register: A Modbus Exception Occurred - See Response Body
[2024-12-25T01:37:32.889Z] Error reading or processing Modbus registers: A Modbus Exception Occurred - See Response Body
[2024-12-25T01:37:32.892Z] Error reading register 6507 for IP 10.30.4.128: A Modbus Exception Occurred - See Response Body
[2024-12-25T01:37:32.892Z] Error reading actual data: A Modbus Exception Occurred - See Response Body
[2024-12-25T01:37:32.893Z] Error writing to Modbus register: A Modbus Exception Occurred - See Response Body
[2024-12-25T01:37:33.904Z] Error reading or processing Modbus registers: A Modbus Exception Occurred - See Response Body
[2024-12-25T01:37:33.906Z] Error reading register 6507 for IP 10.30.4.128: A Modbus Exception Occurred - See Response Body
[2024-12-25T01:37:33.907Z] Error reading actual data: A Modbus Exception Occurred - See Response Body
[2024-12-25T01:37:33.907Z] Error writing to Modbus register: A Modbus Exception Occurred - See Response Body
[2024-12-25T01:37:34.916Z] Error reading or processing Modbus registers: A Modbus Exception Occurred - See Response Body
[2024-12-25T01:37:34.918Z] Error reading register 6507 for IP 10.30.4.128: A Modbus Exception Occurred - See Response Body
[2024-12-25T01:37:34.918Z] Error reading actual data: A Modbus Exception Occurred - See Response Body
[2024-12-25T01:37:34.919Z] Error writing to Modbus register: A Modbus Exception Occurred - See Response Body
[2024-12-25T01:37:35.918Z] Error reading or processing Modbus registers: A Modbus Exception Occurred - See Response Body
[2024-12-25T01:37:35.920Z] Error reading register 6507 for IP 10.30.4.128: A Modbus Exception Occurred - See Response Body
[2024-12-25T01:37:35.921Z] Error reading actual data: A Modbus Exception Occurred - See Response Body
[2024-12-25T01:37:35.921Z] Error writing to Modbus register: A Modbus Exception Occurred - See Response Body
[2024-12-25T01:37:36.929Z] Error reading or processing Modbus registers: A Modbus Exception Occurred - See Response Body
[2024-12-25T01:37:36.933Z] Error reading register 6507 for IP 10.30.4.128: A Modbus Exception Occurred - See Response Body
[2024-12-25T01:37:36.934Z] Error reading actual data: A Modbus Exception Occurred - See Response Body
[2024-12-25T01:37:36.934Z] Error writing to Modbus register: A Modbus Exception Occurred - See Response Body
[2024-12-25T01:37:37.932Z] Error reading or processing Modbus registers: A Modbus Exception Occurred - See Response Body
[2024-12-25T01:37:37.935Z] Error reading register 6507 for IP 10.30.4.128: A Modbus Exception Occurred - See Response Body
[2024-12-25T01:37:37.935Z] Error reading actual data: A Modbus Exception Occurred - See Response Body
[2024-12-25T01:37:37.937Z] Error writing to Modbus register: A Modbus Exception Occurred - See Response Body
[2024-12-25T01:37:38.947Z] Error reading or processing Modbus registers: A Modbus Exception Occurred - See Response Body
[2024-12-25T01:37:38.949Z] Error reading register 6507 for IP 10.30.4.128: A Modbus Exception Occurred - See Response Body
[2024-12-25T01:37:38.949Z] Error reading actual data: A Modbus Exception Occurred - See Response Body
[2024-12-25T01:37:38.950Z] Error writing to Modbus register: A Modbus Exception Occurred - See Response Body
[2024-12-25T01:37:39.959Z] Error reading or processing Modbus registers: A Modbus Exception Occurred - See Response Body
[2024-12-25T01:37:39.962Z] Error reading register 6507 for IP 10.30.4.128: A Modbus Exception Occurred - See Response Body
[2024-12-25T01:37:39.963Z] Error reading actual data: A Modbus Exception Occurred - See Response Body
[2024-12-25T01:37:39.964Z] Error writing to Modbus register: A Modbus Exception Occurred - See Response Body
[2024-12-25T01:37:40.964Z] Error reading or processing Modbus registers: A Modbus Exception Occurred - See Response Body
[2024-12-25T01:37:40.966Z] Error reading register 6507 for IP 10.30.4.128: A Modbus Exception Occurred - See Response Body
[2024-12-25T01:37:40.967Z] Error reading actual data: A Modbus Exception Occurred - See Response Body
[2024-12-25T01:37:40.967Z] Error writing to Modbus register: A Modbus Exception Occurred - See Response Body
[2024-12-25T01:37:41.978Z] Error reading or processing Modbus registers: A Modbus Exception Occurred - See Response Body
[2024-12-25T01:37:41.980Z] Error reading register 6507 for IP 10.30.4.128: A Modbus Exception Occurred - See Response Body
[2024-12-25T01:37:41.981Z] Error reading actual data: A Modbus Exception Occurred - See Response Body
[2024-12-25T01:37:41.981Z] Error writing to Modbus register: A Modbus Exception Occurred - See Response Body
[2024-12-25T01:37:42.992Z] Error reading or processing Modbus registers: A Modbus Exception Occurred - See Response Body
[2024-12-25T01:37:42.996Z] Error reading register 6507 for IP 10.30.4.128: A Modbus Exception Occurred - See Response Body
[2024-12-25T01:37:42.997Z] Error reading actual data: A Modbus Exception Occurred - See Response Body
[2024-12-25T01:37:42.998Z] Error writing to Modbus register: A Modbus Exception Occurred - See Response Body
[2024-12-25T01:37:43.993Z] Error reading or processing Modbus registers: A Modbus Exception Occurred - See Response Body
[2024-12-25T01:37:43.996Z] Error reading register 6507 for IP 10.30.4.128: A Modbus Exception Occurred - See Response Body
[2024-12-25T01:37:43.996Z] Error reading actual data: A Modbus Exception Occurred - See Response Body
[2024-12-25T01:37:43.997Z] Error writing to Modbus register: A Modbus Exception Occurred - See Response Body
[2024-12-25T01:37:44.995Z] Error reading or processing Modbus registers: A Modbus Exception Occurred - See Response Body
[2024-12-25T01:37:44.997Z] Error reading register 6507 for IP 10.30.4.128: A Modbus Exception Occurred - See Response Body
[2024-12-25T01:37:44.998Z] Error reading actual data: A Modbus Exception Occurred - See Response Body
[2024-12-25T01:37:44.999Z] Error writing to Modbus register: A Modbus Exception Occurred - See Response Body
[2024-12-25T01:37:45.996Z] Error reading or processing Modbus registers: A Modbus Exception Occurred - See Response Body
[2024-12-25T01:37:45.998Z] Error reading register 6507 for IP 10.30.4.128: A Modbus Exception Occurred - See Response Body
[2024-12-25T01:37:45.998Z] Error reading actual data: A Modbus Exception Occurred - See Response Body
[2024-12-25T01:37:46.001Z] Error writing to Modbus register: A Modbus Exception Occurred - See Response Body
[2024-12-25T01:37:47.008Z] Error reading or processing Modbus registers: A Modbus Exception Occurred - See Response Body
[2024-12-25T01:37:47.010Z] Error reading register 6507 for IP 10.30.4.128: A Modbus Exception Occurred - See Response Body
[2024-12-25T01:37:47.011Z] Error reading actual data: A Modbus Exception Occurred - See Response Body
[2024-12-25T01:37:47.012Z] Error writing to Modbus register: A Modbus Exception Occurred - See Response Body
[2024-12-25T01:37:48.023Z] Error reading or processing Modbus registers: A Modbus Exception Occurred - See Response Body
[2024-12-25T01:37:48.025Z] Error reading register 6507 for IP 10.30.4.128: A Modbus Exception Occurred - See Response Body
[2024-12-25T01:37:48.026Z] Error reading actual data: A Modbus Exception Occurred - See Response Body
[2024-12-25T01:37:48.026Z] Error writing to Modbus register: A Modbus Exception Occurred - See Response Body
[2024-12-25T01:37:49.024Z] Error reading or processing Modbus registers: A Modbus Exception Occurred - See Response Body
[2024-12-25T01:37:49.026Z] Error reading register 6507 for IP 10.30.4.128: A Modbus Exception Occurred - See Response Body
[2024-12-25T01:37:49.027Z] Error reading actual data: A Modbus Exception Occurred - See Response Body
[2024-12-25T01:37:49.027Z] Error writing to Modbus register: A Modbus Exception Occurred - See Response Body
[2024-12-25T01:37:50.027Z] Error reading or processing Modbus registers: A Modbus Exception Occurred - See Response Body
[2024-12-25T01:37:50.029Z] Error reading register 6507 for IP 10.30.4.128: A Modbus Exception Occurred - See Response Body
[2024-12-25T01:37:50.030Z] Error reading actual data: A Modbus Exception Occurred - See Response Body
[2024-12-25T01:37:50.030Z] Error writing to Modbus register: A Modbus Exception Occurred - See Response Body
[2024-12-25T01:37:51.030Z] Error reading or processing Modbus registers: A Modbus Exception Occurred - See Response Body
[2024-12-25T01:37:51.033Z] Error reading register 6507 for IP 10.30.4.128: A Modbus Exception Occurred - See Response Body
[2024-12-25T01:37:51.033Z] Error reading actual data: A Modbus Exception Occurred - See Response Body
[2024-12-25T01:37:51.034Z] Error writing to Modbus register: A Modbus Exception Occurred - See Response Body
[2024-12-25T01:37:52.031Z] Error reading or processing Modbus registers: A Modbus Exception Occurred - See Response Body
[2024-12-25T01:37:52.035Z] Error reading register 6507 for IP 10.30.4.128: A Modbus Exception Occurred - See Response Body
[2024-12-25T01:37:52.035Z] Error reading actual data: A Modbus Exception Occurred - See Response Body
[2024-12-25T01:37:52.036Z] Error writing to Modbus register: A Modbus Exception Occurred - See Response Body
[2024-12-25T01:37:53.035Z] Error reading or processing Modbus registers: A Modbus Exception Occurred - See Response Body
[2024-12-25T01:37:53.039Z] Error reading register 6507 for IP 10.30.4.128: A Modbus Exception Occurred - See Response Body
[2024-12-25T01:37:53.040Z] Error reading actual data: A Modbus Exception Occurred - See Response Body
[2024-12-25T01:37:53.040Z] Error writing to Modbus register: A Modbus Exception Occurred - See Response Body
[2024-12-25T01:37:54.039Z] Error reading or processing Modbus registers: A Modbus Exception Occurred - See Response Body
[2024-12-25T01:37:54.043Z] Error reading register 6507 for IP 10.30.4.128: A Modbus Exception Occurred - See Response Body
[2024-12-25T01:37:54.043Z] Error reading actual data: A Modbus Exception Occurred - See Response Body
[2024-12-25T01:37:54.044Z] Error writing to Modbus register: A Modbus Exception Occurred - See Response Body
[2024-12-25T01:37:55.046Z] Error reading or processing Modbus registers: A Modbus Exception Occurred - See Response Body
[2024-12-25T01:37:55.048Z] Error reading register 6507 for IP 10.30.4.128: A Modbus Exception Occurred - See Response Body
[2024-12-25T01:37:55.049Z] Error reading actual data: A Modbus Exception Occurred - See Response Body
[2024-12-25T01:37:55.049Z] Error writing to Modbus register: A Modbus Exception Occurred - See Response Body
[2024-12-25T01:37:56.050Z] Error reading or processing Modbus registers: A Modbus Exception Occurred - See Response Body
[2024-12-25T01:37:56.052Z] Error reading register 6507 for IP 10.30.4.128: A Modbus Exception Occurred - See Response Body
[2024-12-25T01:37:56.053Z] Error reading actual data: A Modbus Exception Occurred - See Response Body
[2024-12-25T01:37:56.053Z] Error writing to Modbus register: A Modbus Exception Occurred - See Response Body
[2024-12-25T01:37:57.062Z] Error reading or processing Modbus registers: A Modbus Exception Occurred - See Response Body
[2024-12-25T01:37:57.064Z] Error reading register 6507 for IP 10.30.4.128: A Modbus Exception Occurred - See Response Body
[2024-12-25T01:37:57.064Z] Error reading actual data: A Modbus Exception Occurred - See Response Body
[2024-12-25T01:37:57.065Z] Error writing to Modbus register: A Modbus Exception Occurred - See Response Body
[2024-12-25T01:37:58.063Z] Error reading or processing Modbus registers: A Modbus Exception Occurred - See Response Body
[2024-12-25T01:37:58.065Z] Error reading register 6507 for IP 10.30.4.128: A Modbus Exception Occurred - See Response Body
[2024-12-25T01:37:58.066Z] Error reading actual data: A Modbus Exception Occurred - See Response Body
[2024-12-25T01:37:58.067Z] Error writing to Modbus register: A Modbus Exception Occurred - See Response Body
[2024-12-25T01:37:59.071Z] Error reading or processing Modbus registers: A Modbus Exception Occurred - See Response Body
[2024-12-25T01:37:59.074Z] Error reading register 6507 for IP 10.30.4.128: A Modbus Exception Occurred - See Response Body
[2024-12-25T01:37:59.074Z] Error reading actual data: A Modbus Exception Occurred - See Response Body
[2024-12-25T01:37:59.075Z] Error writing to Modbus register: A Modbus Exception Occurred - See Response Body
[2024-12-25T01:38:00.085Z] Error reading or processing Modbus registers: A Modbus Exception Occurred - See Response Body
[2024-12-25T01:38:00.088Z] Error reading register 6507 for IP 10.30.4.128: A Modbus Exception Occurred - See Response Body
[2024-12-25T01:38:00.089Z] Error reading actual data: A Modbus Exception Occurred - See Response Body
[2024-12-25T01:38:00.090Z] Error writing to Modbus register: A Modbus Exception Occurred - See Response Body
[2024-12-25T01:38:01.100Z] Error reading or processing Modbus registers: A Modbus Exception Occurred - See Response Body
[2024-12-25T01:38:01.102Z] Error reading register 6507 for IP 10.30.4.128: A Modbus Exception Occurred - See Response Body
[2024-12-25T01:38:01.102Z] Error reading actual data: A Modbus Exception Occurred - See Response Body
[2024-12-25T01:38:01.103Z] Error writing to Modbus register: A Modbus Exception Occurred - See Response Body
[2024-12-25T01:38:02.101Z] Error reading or processing Modbus registers: A Modbus Exception Occurred - See Response Body
[2024-12-25T01:38:02.103Z] Error reading register 6507 for IP 10.30.4.128: A Modbus Exception Occurred - See Response Body
[2024-12-25T01:38:02.103Z] Error reading actual data: A Modbus Exception Occurred - See Response Body
[2024-12-25T01:38:02.104Z] Error writing to Modbus register: A Modbus Exception Occurred - See Response Body
[2024-12-25T01:38:03.116Z] Error reading or processing Modbus registers: A Modbus Exception Occurred - See Response Body
[2024-12-25T01:38:03.118Z] Error reading register 6507 for IP 10.30.4.128: A Modbus Exception Occurred - See Response Body
[2024-12-25T01:38:03.119Z] Error reading actual data: A Modbus Exception Occurred - See Response Body
[2024-12-25T01:38:03.120Z] Error writing to Modbus register: A Modbus Exception Occurred - See Response Body
[2024-12-25T01:38:04.129Z] Error reading or processing Modbus registers: A Modbus Exception Occurred - See Response Body
[2024-12-25T01:38:04.131Z] Error reading register 6507 for IP 10.30.4.128: A Modbus Exception Occurred - See Response Body
[2024-12-25T01:38:04.132Z] Error reading actual data: A Modbus Exception Occurred - See Response Body
[2024-12-25T01:38:04.133Z] Error writing to Modbus register: A Modbus Exception Occurred - See Response Body
[2024-12-25T01:38:05.142Z] Error reading or processing Modbus registers: A Modbus Exception Occurred - See Response Body
[2024-12-25T01:38:05.144Z] Error reading register 6507 for IP 10.30.4.128: A Modbus Exception Occurred - See Response Body
[2024-12-25T01:38:05.145Z] Error reading actual data: A Modbus Exception Occurred - See Response Body
[2024-12-25T01:38:05.145Z] Error writing to Modbus register: A Modbus Exception Occurred - See Response Body
[2024-12-25T01:38:06.153Z] Error reading or processing Modbus registers: A Modbus Exception Occurred - See Response Body
[2024-12-25T01:38:06.155Z] Error reading register 6507 for IP 10.30.4.128: A Modbus Exception Occurred - See Response Body
[2024-12-25T01:38:06.156Z] Error reading actual data: A Modbus Exception Occurred - See Response Body
[2024-12-25T01:38:06.156Z] Error writing to Modbus register: A Modbus Exception Occurred - See Response Body
[2024-12-25T01:38:07.152Z] Error reading or processing Modbus registers: A Modbus Exception Occurred - See Response Body
[2024-12-25T01:38:07.155Z] Error reading register 6507 for IP 10.30.4.128: A Modbus Exception Occurred - See Response Body
[2024-12-25T01:38:07.155Z] Error reading actual data: A Modbus Exception Occurred - See Response Body
[2024-12-25T01:38:07.156Z] Error writing to Modbus register: A Modbus Exception Occurred - See Response Body
[2024-12-25T01:38:08.167Z] Error reading or processing Modbus registers: A Modbus Exception Occurred - See Response Body
[2024-12-25T01:38:08.170Z] Error reading register 6507 for IP 10.30.4.128: A Modbus Exception Occurred - See Response Body
[2024-12-25T01:38:08.170Z] Error reading actual data: A Modbus Exception Occurred - See Response Body
[2024-12-25T01:38:08.173Z] Error writing to Modbus register: A Modbus Exception Occurred - See Response Body
[2024-12-25T01:38:09.178Z] Error reading or processing Modbus registers: A Modbus Exception Occurred - See Response Body
[2024-12-25T01:38:09.180Z] Error reading register 6507 for IP 10.30.4.128: A Modbus Exception Occurred - See Response Body
[2024-12-25T01:38:09.181Z] Error reading actual data: A Modbus Exception Occurred - See Response Body
[2024-12-25T01:38:09.182Z] Error writing to Modbus register: A Modbus Exception Occurred - See Response Body
[2024-12-25T01:38:10.180Z] Error reading or processing Modbus registers: A Modbus Exception Occurred - See Response Body
[2024-12-25T01:38:10.182Z] Error reading register 6507 for IP 10.30.4.128: A Modbus Exception Occurred - See Response Body
[2024-12-25T01:38:10.183Z] Error reading actual data: A Modbus Exception Occurred - See Response Body
[2024-12-25T01:38:10.184Z] Error writing to Modbus register: A Modbus Exception Occurred - See Response Body
[2024-12-25T01:38:11.192Z] Error reading or processing Modbus registers: A Modbus Exception Occurred - See Response Body
[2024-12-25T01:38:11.194Z] Error reading register 6507 for IP 10.30.4.128: A Modbus Exception Occurred - See Response Body
[2024-12-25T01:38:11.195Z] Error reading actual data: A Modbus Exception Occurred - See Response Body
[2024-12-25T01:38:11.195Z] Error writing to Modbus register: A Modbus Exception Occurred - See Response Body
[2024-12-25T01:38:12.192Z] Error reading or processing Modbus registers: A Modbus Exception Occurred - See Response Body
[2024-12-25T01:38:12.194Z] Error reading register 6507 for IP 10.30.4.128: A Modbus Exception Occurred - See Response Body
[2024-12-25T01:38:12.195Z] Error reading actual data: A Modbus Exception Occurred - See Response Body
[2024-12-25T01:38:12.196Z] Error writing to Modbus register: A Modbus Exception Occurred - See Response Body
[2024-12-25T01:38:13.194Z] Error reading or processing Modbus registers: A Modbus Exception Occurred - See Response Body
[2024-12-25T01:38:13.196Z] Error reading register 6507 for IP 10.30.4.128: A Modbus Exception Occurred - See Response Body
[2024-12-25T01:38:13.197Z] Error reading actual data: A Modbus Exception Occurred - See Response Body
[2024-12-25T01:38:13.198Z] Error writing to Modbus register: A Modbus Exception Occurred - See Response Body
[2024-12-25T01:38:14.208Z] Error reading or processing Modbus registers: A Modbus Exception Occurred - See Response Body
[2024-12-25T01:38:14.210Z] Error reading register 6507 for IP 10.30.4.128: A Modbus Exception Occurred - See Response Body
[2024-12-25T01:38:14.211Z] Error reading actual data: A Modbus Exception Occurred - See Response Body
[2024-12-25T01:38:14.211Z] Error writing to Modbus register: A Modbus Exception Occurred - See Response Body
[2024-12-25T01:38:15.222Z] Error reading or processing Modbus registers: A Modbus Exception Occurred - See Response Body
[2024-12-25T01:38:15.225Z] Error reading register 6507 for IP 10.30.4.128: A Modbus Exception Occurred - See Response Body
[2024-12-25T01:38:15.225Z] Error reading actual data: A Modbus Exception Occurred - See Response Body
[2024-12-25T01:38:15.226Z] Error writing to Modbus register: A Modbus Exception Occurred - See Response Body
[2024-12-25T01:38:16.223Z] Error reading or processing Modbus registers: A Modbus Exception Occurred - See Response Body
[2024-12-25T01:38:16.225Z] Error reading register 6507 for IP 10.30.4.128: A Modbus Exception Occurred - See Response Body
[2024-12-25T01:38:16.225Z] Error reading actual data: A Modbus Exception Occurred - See Response Body
[2024-12-25T01:38:16.226Z] Error writing to Modbus register: A Modbus Exception Occurred - See Response Body
[2024-12-25T01:38:17.224Z] Error reading or processing Modbus registers: A Modbus Exception Occurred - See Response Body
[2024-12-25T01:38:17.226Z] Error reading register 6507 for IP 10.30.4.128: A Modbus Exception Occurred - See Response Body
[2024-12-25T01:38:17.226Z] Error reading actual data: A Modbus Exception Occurred - See Response Body
[2024-12-25T01:38:17.227Z] Error writing to Modbus register: A Modbus Exception Occurred - See Response Body
[2024-12-25T01:38:18.226Z] Error reading or processing Modbus registers: A Modbus Exception Occurred - See Response Body
[2024-12-25T01:38:18.228Z] Error reading register 6507 for IP 10.30.4.128: A Modbus Exception Occurred - See Response Body
[2024-12-25T01:38:18.229Z] Error reading actual data: A Modbus Exception Occurred - See Response Body
[2024-12-25T01:38:18.230Z] Error writing to Modbus register: A Modbus Exception Occurred - See Response Body
[2024-12-25T01:38:19.241Z] Error reading or processing Modbus registers: A Modbus Exception Occurred - See Response Body
[2024-12-25T01:38:19.243Z] Error reading register 6507 for IP 10.30.4.128: A Modbus Exception Occurred - See Response Body
[2024-12-25T01:38:19.244Z] Error reading actual data: A Modbus Exception Occurred - See Response Body
[2024-12-25T01:38:19.244Z] Error writing to Modbus register: A Modbus Exception Occurred - See Response Body
[2024-12-25T01:38:20.254Z] Error reading or processing Modbus registers: A Modbus Exception Occurred - See Response Body
[2024-12-25T01:38:20.256Z] Error reading register 6507 for IP 10.30.4.128: A Modbus Exception Occurred - See Response Body
[2024-12-25T01:38:20.257Z] Error reading actual data: A Modbus Exception Occurred - See Response Body
[2024-12-25T01:38:20.257Z] Error writing to Modbus register: A Modbus Exception Occurred - See Response Body
[2024-12-25T01:38:21.255Z] Error reading or processing Modbus registers: A Modbus Exception Occurred - See Response Body
[2024-12-25T01:38:21.257Z] Error reading register 6507 for IP 10.30.4.128: A Modbus Exception Occurred - See Response Body
[2024-12-25T01:38:21.258Z] Error reading actual data: A Modbus Exception Occurred - See Response Body
[2024-12-25T01:38:21.258Z] Error writing to Modbus register: A Modbus Exception Occurred - See Response Body
[2024-12-25T01:38:22.270Z] Error reading or processing Modbus registers: A Modbus Exception Occurred - See Response Body
[2024-12-25T01:38:22.272Z] Error reading register 6507 for IP 10.30.4.128: A Modbus Exception Occurred - See Response Body
[2024-12-25T01:38:22.272Z] Error reading actual data: A Modbus Exception Occurred - See Response Body
[2024-12-25T01:38:22.273Z] Error writing to Modbus register: A Modbus Exception Occurred - See Response Body
[2024-12-25T01:38:23.284Z] Error reading or processing Modbus registers: A Modbus Exception Occurred - See Response Body
[2024-12-25T01:38:23.287Z] Error reading register 6507 for IP 10.30.4.128: A Modbus Exception Occurred - See Response Body
[2024-12-25T01:38:23.287Z] Error reading actual data: A Modbus Exception Occurred - See Response Body
[2024-12-25T01:38:23.288Z] Error writing to Modbus register: A Modbus Exception Occurred - See Response Body
[2024-12-25T01:38:24.285Z] Error reading or processing Modbus registers: A Modbus Exception Occurred - See Response Body
[2024-12-25T01:38:24.289Z] Error reading register 6507 for IP 10.30.4.128: A Modbus Exception Occurred - See Response Body
[2024-12-25T01:38:24.289Z] Error reading actual data: A Modbus Exception Occurred - See Response Body
[2024-12-25T01:38:24.290Z] Error writing to Modbus register: A Modbus Exception Occurred - See Response Body
[2024-12-25T01:38:25.286Z] Error reading or processing Modbus registers: A Modbus Exception Occurred - See Response Body
[2024-12-25T01:38:25.290Z] Error reading register 6507 for IP 10.30.4.128: A Modbus Exception Occurred - See Response Body
[2024-12-25T01:38:25.291Z] Error reading actual data: A Modbus Exception Occurred - See Response Body
[2024-12-25T01:38:25.292Z] Error writing to Modbus register: A Modbus Exception Occurred - See Response Body
[2024-12-25T01:38:26.287Z] Error reading or processing Modbus registers: A Modbus Exception Occurred - See Response Body
[2024-12-25T01:38:26.291Z] Error reading register 6507 for IP 10.30.4.128: A Modbus Exception Occurred - See Response Body
[2024-12-25T01:38:26.292Z] Error reading actual data: A Modbus Exception Occurred - See Response Body
[2024-12-25T01:38:26.293Z] Error writing to Modbus register: A Modbus Exception Occurred - See Response Body
[2024-12-25T01:38:27.300Z] Error reading or processing Modbus registers: A Modbus Exception Occurred - See Response Body
[2024-12-25T01:38:27.302Z] Error reading register 6507 for IP 10.30.4.128: A Modbus Exception Occurred - See Response Body
[2024-12-25T01:38:27.303Z] Error reading actual data: A Modbus Exception Occurred - See Response Body
[2024-12-25T01:38:27.303Z] Error writing to Modbus register: A Modbus Exception Occurred - See Response Body
[2024-12-25T01:38:28.314Z] Error reading or processing Modbus registers: A Modbus Exception Occurred - See Response Body
[2024-12-25T01:38:28.316Z] Error reading register 6507 for IP 10.30.4.128: A Modbus Exception Occurred - See Response Body
[2024-12-25T01:38:28.317Z] Error reading actual data: A Modbus Exception Occurred - See Response Body
[2024-12-25T01:38:28.317Z] Error writing to Modbus register: A Modbus Exception Occurred - See Response Body
[2024-12-25T01:38:29.316Z] Error reading or processing Modbus registers: A Modbus Exception Occurred - See Response Body
[2024-12-25T01:38:29.318Z] Error reading register 6507 for IP 10.30.4.128: A Modbus Exception Occurred - See Response Body
[2024-12-25T01:38:29.319Z] Error reading actual data: A Modbus Exception Occurred - See Response Body
[2024-12-25T01:38:29.320Z] Error writing to Modbus register: A Modbus Exception Occurred - See Response Body
[2024-12-25T01:38:30.330Z] Error reading or processing Modbus registers: A Modbus Exception Occurred - See Response Body
[2024-12-25T01:38:30.332Z] Error reading register 6507 for IP 10.30.4.128: A Modbus Exception Occurred - See Response Body
[2024-12-25T01:38:30.333Z] Error reading actual data: A Modbus Exception Occurred - See Response Body
[2024-12-25T01:38:30.334Z] Error writing to Modbus register: A Modbus Exception Occurred - See Response Body
[2024-12-25T01:38:31.334Z] Error reading or processing Modbus registers: A Modbus Exception Occurred - See Response Body
[2024-12-25T01:38:31.336Z] Error reading register 6507 for IP 10.30.4.128: A Modbus Exception Occurred - See Response Body
[2024-12-25T01:38:31.337Z] Error reading actual data: A Modbus Exception Occurred - See Response Body
[2024-12-25T01:38:31.338Z] Error writing to Modbus register: A Modbus Exception Occurred - See Response Body
[2024-12-25T01:38:32.335Z] Error reading or processing Modbus registers: A Modbus Exception Occurred - See Response Body
[2024-12-25T01:38:32.337Z] Error reading register 6507 for IP 10.30.4.128: A Modbus Exception Occurred - See Response Body
[2024-12-25T01:38:32.338Z] Error reading actual data: A Modbus Exception Occurred - See Response Body
[2024-12-25T01:38:32.339Z] Error writing to Modbus register: A Modbus Exception Occurred - See Response Body
[2024-12-25T01:38:33.346Z] Error reading or processing Modbus registers: A Modbus Exception Occurred - See Response Body
[2024-12-25T01:38:33.348Z] Error reading register 6507 for IP 10.30.4.128: A Modbus Exception Occurred - See Response Body
[2024-12-25T01:38:33.349Z] Error reading actual data: A Modbus Exception Occurred - See Response Body
[2024-12-25T01:38:33.350Z] Error writing to Modbus register: A Modbus Exception Occurred - See Response Body
[2024-12-25T01:38:34.359Z] Error reading or processing Modbus registers: A Modbus Exception Occurred - See Response Body
[2024-12-25T01:38:34.362Z] Error reading register 6507 for IP 10.30.4.128: A Modbus Exception Occurred - See Response Body
[2024-12-25T01:38:34.363Z] Error reading actual data: A Modbus Exception Occurred - See Response Body
[2024-12-25T01:38:34.364Z] Error writing to Modbus register: A Modbus Exception Occurred - See Response Body
[2024-12-25T01:38:35.365Z] Error reading or processing Modbus registers: A Modbus Exception Occurred - See Response Body
[2024-12-25T01:38:35.367Z] Error reading register 6507 for IP 10.30.4.128: A Modbus Exception Occurred - See Response Body
[2024-12-25T01:38:35.368Z] Error reading actual data: A Modbus Exception Occurred - See Response Body
[2024-12-25T01:38:35.368Z] Error writing to Modbus register: A Modbus Exception Occurred - See Response Body
[2024-12-25T01:38:36.375Z] Error reading or processing Modbus registers: A Modbus Exception Occurred - See Response Body
[2024-12-25T01:38:36.377Z] Error reading register 6507 for IP 10.30.4.128: A Modbus Exception Occurred - See Response Body
[2024-12-25T01:38:36.378Z] Error reading actual data: A Modbus Exception Occurred - See Response Body
[2024-12-25T01:38:36.379Z] Error writing to Modbus register: A Modbus Exception Occurred - See Response Body
[2024-12-25T01:38:37.379Z] Error reading or processing Modbus registers: A Modbus Exception Occurred - See Response Body
[2024-12-25T01:38:37.382Z] Error reading register 6507 for IP 10.30.4.128: A Modbus Exception Occurred - See Response Body
[2024-12-25T01:38:37.382Z] Error reading actual data: A Modbus Exception Occurred - See Response Body
[2024-12-25T01:38:37.383Z] Error writing to Modbus register: A Modbus Exception Occurred - See Response Body
[2024-12-25T01:38:38.382Z] Error reading or processing Modbus registers: A Modbus Exception Occurred - See Response Body
[2024-12-25T01:38:38.385Z] Error reading register 6507 for IP 10.30.4.128: A Modbus Exception Occurred - See Response Body
[2024-12-25T01:38:38.386Z] Error reading actual data: A Modbus Exception Occurred - See Response Body
[2024-12-25T01:38:38.386Z] Error writing to Modbus register: A Modbus Exception Occurred - See Response Body
[2024-12-25T01:38:39.397Z] Error reading or processing Modbus registers: A Modbus Exception Occurred - See Response Body
[2024-12-25T01:38:39.403Z] Error reading register 6507 for IP 10.30.4.128: A Modbus Exception Occurred - See Response Body
[2024-12-25T01:38:39.404Z] Error reading actual data: A Modbus Exception Occurred - See Response Body
[2024-12-25T01:38:39.404Z] Error writing to Modbus register: A Modbus Exception Occurred - See Response Body
[2024-12-25T01:38:40.399Z] Error reading or processing Modbus registers: A Modbus Exception Occurred - See Response Body
[2024-12-25T01:38:40.403Z] Error reading register 6507 for IP 10.30.4.128: A Modbus Exception Occurred - See Response Body
[2024-12-25T01:38:40.404Z] Error reading actual data: A Modbus Exception Occurred - See Response Body
[2024-12-25T01:38:40.404Z] Error writing to Modbus register: A Modbus Exception Occurred - See Response Body
[2024-12-25T01:38:41.404Z] Error reading or processing Modbus registers: A Modbus Exception Occurred - See Response Body
[2024-12-25T01:38:41.407Z] Error reading register 6507 for IP 10.30.4.128: A Modbus Exception Occurred - See Response Body
[2024-12-25T01:38:41.408Z] Error reading actual data: A Modbus Exception Occurred - See Response Body
[2024-12-25T01:38:41.408Z] Error writing to Modbus register: A Modbus Exception Occurred - See Response Body
[2024-12-25T01:38:42.418Z] Error reading or processing Modbus registers: A Modbus Exception Occurred - See Response Body
[2024-12-25T01:38:42.420Z] Error reading register 6507 for IP 10.30.4.128: A Modbus Exception Occurred - See Response Body
[2024-12-25T01:38:42.421Z] Error reading actual data: A Modbus Exception Occurred - See Response Body
[2024-12-25T01:38:42.421Z] Error writing to Modbus register: A Modbus Exception Occurred - See Response Body
[2024-12-25T01:38:43.433Z] Error reading or processing Modbus registers: A Modbus Exception Occurred - See Response Body
[2024-12-25T01:38:43.435Z] Error reading register 6507 for IP 10.30.4.128: A Modbus Exception Occurred - See Response Body
[2024-12-25T01:38:43.436Z] Error reading actual data: A Modbus Exception Occurred - See Response Body
[2024-12-25T01:38:43.437Z] Error writing to Modbus register: A Modbus Exception Occurred - See Response Body
[2024-12-25T01:38:44.435Z] Error reading or processing Modbus registers: A Modbus Exception Occurred - See Response Body
[2024-12-25T01:38:44.438Z] Error reading register 6507 for IP 10.30.4.128: A Modbus Exception Occurred - See Response Body
[2024-12-25T01:38:44.439Z] Error reading actual data: A Modbus Exception Occurred - See Response Body
[2024-12-25T01:38:44.439Z] Error writing to Modbus register: A Modbus Exception Occurred - See Response Body
[2024-12-25T01:38:45.437Z] Error reading or processing Modbus registers: A Modbus Exception Occurred - See Response Body
[2024-12-25T01:38:45.439Z] Error reading register 6507 for IP 10.30.4.128: A Modbus Exception Occurred - See Response Body
[2024-12-25T01:38:45.440Z] Error reading actual data: A Modbus Exception Occurred - See Response Body
[2024-12-25T01:38:45.441Z] Error writing to Modbus register: A Modbus Exception Occurred - See Response Body
[2024-12-25T01:38:46.451Z] Error reading or processing Modbus registers: A Modbus Exception Occurred - See Response Body
[2024-12-25T01:38:46.453Z] Error reading register 6507 for IP 10.30.4.128: A Modbus Exception Occurred - See Response Body
[2024-12-25T01:38:46.453Z] Error reading actual data: A Modbus Exception Occurred - See Response Body
[2024-12-25T01:38:46.454Z] Error writing to Modbus register: A Modbus Exception Occurred - See Response Body
[2024-12-25T01:38:47.454Z] Error reading or processing Modbus registers: A Modbus Exception Occurred - See Response Body
[2024-12-25T01:38:47.456Z] Error reading register 6507 for IP 10.30.4.128: A Modbus Exception Occurred - See Response Body
[2024-12-25T01:38:47.457Z] Error reading actual data: A Modbus Exception Occurred - See Response Body
[2024-12-25T01:38:47.457Z] Error writing to Modbus register: A Modbus Exception Occurred - See Response Body
[2024-12-25T01:38:48.468Z] Error reading or processing Modbus registers: A Modbus Exception Occurred - See Response Body
[2024-12-25T01:38:48.471Z] Error reading register 6507 for IP 10.30.4.128: A Modbus Exception Occurred - See Response Body
[2024-12-25T01:38:48.471Z] Error reading actual data: A Modbus Exception Occurred - See Response Body
[2024-12-25T01:38:48.472Z] Error writing to Modbus register: A Modbus Exception Occurred - See Response Body
[2024-12-25T01:38:49.481Z] Error reading or processing Modbus registers: A Modbus Exception Occurred - See Response Body
[2024-12-25T01:38:49.483Z] Error reading register 6507 for IP 10.30.4.128: A Modbus Exception Occurred - See Response Body
[2024-12-25T01:38:49.484Z] Error reading actual data: A Modbus Exception Occurred - See Response Body
[2024-12-25T01:38:49.484Z] Error writing to Modbus register: A Modbus Exception Occurred - See Response Body
[2024-12-25T01:38:50.481Z] Error reading or processing Modbus registers: A Modbus Exception Occurred - See Response Body
[2024-12-25T01:38:50.484Z] Error reading register 6507 for IP 10.30.4.128: A Modbus Exception Occurred - See Response Body
[2024-12-25T01:38:50.485Z] Error reading actual data: A Modbus Exception Occurred - See Response Body
[2024-12-25T01:38:50.486Z] Error writing to Modbus register: A Modbus Exception Occurred - See Response Body
[2024-12-25T01:38:51.496Z] Error reading or processing Modbus registers: A Modbus Exception Occurred - See Response Body
[2024-12-25T01:38:51.500Z] Error reading register 6507 for IP 10.30.4.128: A Modbus Exception Occurred - See Response Body
[2024-12-25T01:38:51.501Z] Error reading actual data: A Modbus Exception Occurred - See Response Body
[2024-12-25T01:38:51.501Z] Error writing to Modbus register: A Modbus Exception Occurred - See Response Body
[2024-12-25T01:38:52.499Z] Error reading or processing Modbus registers: A Modbus Exception Occurred - See Response Body
[2024-12-25T01:38:52.501Z] Error reading register 6507 for IP 10.30.4.128: A Modbus Exception Occurred - See Response Body
[2024-12-25T01:38:52.504Z] Error reading actual data: A Modbus Exception Occurred - See Response Body
[2024-12-25T01:38:52.505Z] Error writing to Modbus register: A Modbus Exception Occurred - See Response Body
[2024-12-25T01:38:53.500Z] Error reading or processing Modbus registers: A Modbus Exception Occurred - See Response Body
[2024-12-25T01:38:53.502Z] Error reading register 6507 for IP 10.30.4.128: A Modbus Exception Occurred - See Response Body
[2024-12-25T01:38:53.502Z] Error reading actual data: A Modbus Exception Occurred - See Response Body
[2024-12-25T01:38:53.503Z] Error writing to Modbus register: A Modbus Exception Occurred - See Response Body
[2024-12-25T01:38:54.500Z] Error reading or processing Modbus registers: A Modbus Exception Occurred - See Response Body
[2024-12-25T01:38:54.502Z] Error reading register 6507 for IP 10.30.4.128: A Modbus Exception Occurred - See Response Body
[2024-12-25T01:38:54.503Z] Error reading actual data: A Modbus Exception Occurred - See Response Body
[2024-12-25T01:38:54.504Z] Error writing to Modbus register: A Modbus Exception Occurred - See Response Body
[2024-12-25T01:38:55.515Z] Error reading or processing Modbus registers: A Modbus Exception Occurred - See Response Body
[2024-12-25T01:38:55.517Z] Error reading register 6507 for IP 10.30.4.128: A Modbus Exception Occurred - See Response Body
[2024-12-25T01:38:55.518Z] Error reading actual data: A Modbus Exception Occurred - See Response Body
[2024-12-25T01:38:55.518Z] Error writing to Modbus register: A Modbus Exception Occurred - See Response Body
[2024-12-25T01:38:56.517Z] Error reading or processing Modbus registers: A Modbus Exception Occurred - See Response Body
[2024-12-25T01:38:56.519Z] Error reading register 6507 for IP 10.30.4.128: A Modbus Exception Occurred - See Response Body
[2024-12-25T01:38:56.520Z] Error reading actual data: A Modbus Exception Occurred - See Response Body
[2024-12-25T01:38:56.520Z] Error writing to Modbus register: A Modbus Exception Occurred - See Response Body
[2024-12-25T01:38:57.518Z] Error reading or processing Modbus registers: A Modbus Exception Occurred - See Response Body
[2024-12-25T01:38:57.521Z] Error reading register 6507 for IP 10.30.4.128: A Modbus Exception Occurred - See Response Body
[2024-12-25T01:38:57.521Z] Error reading actual data: A Modbus Exception Occurred - See Response Body
[2024-12-25T01:38:57.522Z] Error writing to Modbus register: A Modbus Exception Occurred - See Response Body
[2024-12-25T01:38:58.520Z] Error reading or processing Modbus registers: A Modbus Exception Occurred - See Response Body
[2024-12-25T01:38:58.522Z] Error reading register 6507 for IP 10.30.4.128: A Modbus Exception Occurred - See Response Body
[2024-12-25T01:38:58.523Z] Error reading actual data: A Modbus Exception Occurred - See Response Body
[2024-12-25T01:38:58.524Z] Error writing to Modbus register: A Modbus Exception Occurred - See Response Body
[2024-12-25T01:38:59.535Z] Error reading or processing Modbus registers: A Modbus Exception Occurred - See Response Body
[2024-12-25T01:38:59.537Z] Error reading register 6507 for IP 10.30.4.128: A Modbus Exception Occurred - See Response Body
[2024-12-25T01:38:59.537Z] Error reading actual data: A Modbus Exception Occurred - See Response Body
[2024-12-25T01:38:59.538Z] Error writing to Modbus register: A Modbus Exception Occurred - See Response Body
[2024-12-25T01:39:00.538Z] Error reading or processing Modbus registers: A Modbus Exception Occurred - See Response Body
[2024-12-25T01:39:00.541Z] Error reading register 6507 for IP 10.30.4.128: A Modbus Exception Occurred - See Response Body
[2024-12-25T01:39:00.541Z] Error reading actual data: A Modbus Exception Occurred - See Response Body
[2024-12-25T01:39:00.542Z] Error writing to Modbus register: A Modbus Exception Occurred - See Response Body
[2024-12-25T01:39:01.553Z] Error reading or processing Modbus registers: A Modbus Exception Occurred - See Response Body
[2024-12-25T01:39:01.557Z] Error reading register 6507 for IP 10.30.4.128: A Modbus Exception Occurred - See Response Body
[2024-12-25T01:39:01.558Z] Error reading actual data: A Modbus Exception Occurred - See Response Body
[2024-12-25T01:39:01.558Z] Error writing to Modbus register: A Modbus Exception Occurred - See Response Body
[2024-12-25T01:39:02.557Z] Error reading or processing Modbus registers: A Modbus Exception Occurred - See Response Body
[2024-12-25T01:39:02.559Z] Error reading register 6507 for IP 10.30.4.128: A Modbus Exception Occurred - See Response Body
[2024-12-25T01:39:02.560Z] Error reading actual data: A Modbus Exception Occurred - See Response Body
[2024-12-25T01:39:02.561Z] Error writing to Modbus register: A Modbus Exception Occurred - See Response Body
[2024-12-25T01:39:03.558Z] Error reading or processing Modbus registers: A Modbus Exception Occurred - See Response Body
[2024-12-25T01:39:03.560Z] Error reading register 6507 for IP 10.30.4.128: A Modbus Exception Occurred - See Response Body
[2024-12-25T01:39:03.561Z] Error reading actual data: A Modbus Exception Occurred - See Response Body
[2024-12-25T01:39:03.561Z] Error writing to Modbus register: A Modbus Exception Occurred - See Response Body
[2024-12-25T01:39:04.557Z] Error reading or processing Modbus registers: A Modbus Exception Occurred - See Response Body
[2024-12-25T01:39:04.560Z] Error reading register 6507 for IP 10.30.4.128: A Modbus Exception Occurred - See Response Body
[2024-12-25T01:39:04.560Z] Error reading actual data: A Modbus Exception Occurred - See Response Body
[2024-12-25T01:39:04.561Z] Error writing to Modbus register: A Modbus Exception Occurred - See Response Body
[2024-12-25T01:39:05.559Z] Error reading or processing Modbus registers: A Modbus Exception Occurred - See Response Body
[2024-12-25T01:39:05.561Z] Error reading register 6507 for IP 10.30.4.128: A Modbus Exception Occurred - See Response Body
[2024-12-25T01:39:05.561Z] Error reading actual data: A Modbus Exception Occurred - See Response Body
[2024-12-25T01:39:05.562Z] Error writing to Modbus register: A Modbus Exception Occurred - See Response Body
[2024-12-25T01:39:06.562Z] Error reading or processing Modbus registers: A Modbus Exception Occurred - See Response Body
[2024-12-25T01:39:06.564Z] Error reading register 6507 for IP 10.30.4.128: A Modbus Exception Occurred - See Response Body
[2024-12-25T01:39:06.565Z] Error reading actual data: A Modbus Exception Occurred - See Response Body
[2024-12-25T01:39:06.565Z] Error writing to Modbus register: A Modbus Exception Occurred - See Response Body
[2024-12-25T01:39:07.576Z] Error reading or processing Modbus registers: A Modbus Exception Occurred - See Response Body
[2024-12-25T01:39:07.578Z] Error reading register 6507 for IP 10.30.4.128: A Modbus Exception Occurred - See Response Body
[2024-12-25T01:39:07.579Z] Error reading actual data: A Modbus Exception Occurred - See Response Body
[2024-12-25T01:39:07.580Z] Error writing to Modbus register: A Modbus Exception Occurred - See Response Body
[2024-12-25T01:39:08.591Z] Error reading or processing Modbus registers: A Modbus Exception Occurred - See Response Body
[2024-12-25T01:39:08.593Z] Error reading register 6507 for IP 10.30.4.128: A Modbus Exception Occurred - See Response Body
[2024-12-25T01:39:08.594Z] Error reading actual data: A Modbus Exception Occurred - See Response Body
[2024-12-25T01:39:08.595Z] Error writing to Modbus register: A Modbus Exception Occurred - See Response Body
[2024-12-25T01:39:09.592Z] Error reading or processing Modbus registers: A Modbus Exception Occurred - See Response Body
[2024-12-25T01:39:09.594Z] Error reading register 6507 for IP 10.30.4.128: A Modbus Exception Occurred - See Response Body
[2024-12-25T01:39:09.595Z] Error reading actual data: A Modbus Exception Occurred - See Response Body
[2024-12-25T01:39:09.596Z] Error writing to Modbus register: A Modbus Exception Occurred - See Response Body
[2024-12-25T01:39:10.596Z] Error reading or processing Modbus registers: A Modbus Exception Occurred - See Response Body
[2024-12-25T01:39:10.600Z] Error reading register 6507 for IP 10.30.4.128: A Modbus Exception Occurred - See Response Body
[2024-12-25T01:39:10.601Z] Error reading actual data: A Modbus Exception Occurred - See Response Body
[2024-12-25T01:39:10.602Z] Error writing to Modbus register: A Modbus Exception Occurred - See Response Body
[2024-12-25T01:39:11.599Z] Error reading or processing Modbus registers: A Modbus Exception Occurred - See Response Body
[2024-12-25T01:39:11.604Z] Error reading register 6507 for IP 10.30.4.128: A Modbus Exception Occurred - See Response Body
[2024-12-25T01:39:11.605Z] Error reading actual data: A Modbus Exception Occurred - See Response Body
[2024-12-25T01:39:11.606Z] Error writing to Modbus register: A Modbus Exception Occurred - See Response Body
[2024-12-25T01:39:12.602Z] Error reading or processing Modbus registers: A Modbus Exception Occurred - See Response Body
[2024-12-25T01:39:12.605Z] Error reading register 6507 for IP 10.30.4.128: A Modbus Exception Occurred - See Response Body
[2024-12-25T01:39:12.605Z] Error reading actual data: A Modbus Exception Occurred - See Response Body
[2024-12-25T01:39:12.606Z] Error writing to Modbus register: A Modbus Exception Occurred - See Response Body
[2024-12-25T01:39:13.605Z] Error reading or processing Modbus registers: A Modbus Exception Occurred - See Response Body
[2024-12-25T01:39:13.607Z] Error reading register 6507 for IP 10.30.4.128: A Modbus Exception Occurred - See Response Body
[2024-12-25T01:39:13.608Z] Error reading actual data: A Modbus Exception Occurred - See Response Body
[2024-12-25T01:39:13.609Z] Error writing to Modbus register: A Modbus Exception Occurred - See Response Body
[2024-12-25T01:39:14.608Z] Error reading or processing Modbus registers: A Modbus Exception Occurred - See Response Body
[2024-12-25T01:39:14.610Z] Error reading register 6507 for IP 10.30.4.128: A Modbus Exception Occurred - See Response Body
[2024-12-25T01:39:14.611Z] Error reading actual data: A Modbus Exception Occurred - See Response Body
[2024-12-25T01:39:14.611Z] Error writing to Modbus register: A Modbus Exception Occurred - See Response Body
[2024-12-25T01:39:15.622Z] Error reading or processing Modbus registers: A Modbus Exception Occurred - See Response Body
[2024-12-25T01:39:15.625Z] Error reading register 6507 for IP 10.30.4.128: A Modbus Exception Occurred - See Response Body
[2024-12-25T01:39:15.626Z] Error reading actual data: A Modbus Exception Occurred - See Response Body
[2024-12-25T01:39:15.626Z] Error writing to Modbus register: A Modbus Exception Occurred - See Response Body
[2024-12-25T01:39:16.626Z] Error reading or processing Modbus registers: A Modbus Exception Occurred - See Response Body
[2024-12-25T01:39:16.628Z] Error reading register 6507 for IP 10.30.4.128: A Modbus Exception Occurred - See Response Body
[2024-12-25T01:39:16.629Z] Error reading actual data: A Modbus Exception Occurred - See Response Body
[2024-12-25T01:39:16.629Z] Error writing to Modbus register: A Modbus Exception Occurred - See Response Body
[2024-12-25T01:39:17.631Z] Error reading or processing Modbus registers: A Modbus Exception Occurred - See Response Body
[2024-12-25T01:39:17.633Z] Error reading register 6507 for IP 10.30.4.128: A Modbus Exception Occurred - See Response Body
[2024-12-25T01:39:17.634Z] Error reading actual data: A Modbus Exception Occurred - See Response Body
[2024-12-25T01:39:17.634Z] Error writing to Modbus register: A Modbus Exception Occurred - See Response Body
[2024-12-25T01:39:18.631Z] Error reading or processing Modbus registers: A Modbus Exception Occurred - See Response Body
[2024-12-25T01:39:18.634Z] Error reading register 6507 for IP 10.30.4.128: A Modbus Exception Occurred - See Response Body
[2024-12-25T01:39:18.634Z] Error reading actual data: A Modbus Exception Occurred - See Response Body
[2024-12-25T01:39:18.635Z] Error writing to Modbus register: A Modbus Exception Occurred - See Response Body
[2024-12-25T01:39:19.633Z] Error reading or processing Modbus registers: A Modbus Exception Occurred - See Response Body
[2024-12-25T01:39:19.635Z] Error reading register 6507 for IP 10.30.4.128: A Modbus Exception Occurred - See Response Body
[2024-12-25T01:39:19.636Z] Error reading actual data: A Modbus Exception Occurred - See Response Body
[2024-12-25T01:39:19.637Z] Error writing to Modbus register: A Modbus Exception Occurred - See Response Body
[2024-12-25T01:39:20.636Z] Error reading or processing Modbus registers: A Modbus Exception Occurred - See Response Body
[2024-12-25T01:39:20.639Z] Error reading register 6507 for IP 10.30.4.128: A Modbus Exception Occurred - See Response Body
[2024-12-25T01:39:20.640Z] Error reading actual data: A Modbus Exception Occurred - See Response Body
[2024-12-25T01:39:20.640Z] Error writing to Modbus register: A Modbus Exception Occurred - See Response Body
[2024-12-25T01:39:21.650Z] Error reading or processing Modbus registers: A Modbus Exception Occurred - See Response Body
[2024-12-25T01:39:21.653Z] Error reading register 6507 for IP 10.30.4.128: A Modbus Exception Occurred - See Response Body
[2024-12-25T01:39:21.654Z] Error reading actual data: A Modbus Exception Occurred - See Response Body
[2024-12-25T01:39:21.654Z] Error writing to Modbus register: A Modbus Exception Occurred - See Response Body
[2024-12-25T01:39:22.653Z] Error reading or processing Modbus registers: A Modbus Exception Occurred - See Response Body
[2024-12-25T01:39:22.656Z] Error reading register 6507 for IP 10.30.4.128: A Modbus Exception Occurred - See Response Body
[2024-12-25T01:39:22.656Z] Error reading actual data: A Modbus Exception Occurred - See Response Body
[2024-12-25T01:39:22.657Z] Error writing to Modbus register: A Modbus Exception Occurred - See Response Body
[2024-12-25T01:39:23.669Z] Error reading or processing Modbus registers: A Modbus Exception Occurred - See Response Body
[2024-12-25T01:39:23.671Z] Error reading register 6507 for IP 10.30.4.128: A Modbus Exception Occurred - See Response Body
[2024-12-25T01:39:23.672Z] Error reading actual data: A Modbus Exception Occurred - See Response Body
[2024-12-25T01:39:23.673Z] Error writing to Modbus register: A Modbus Exception Occurred - See Response Body
[2024-12-25T01:39:24.670Z] Error reading or processing Modbus registers: A Modbus Exception Occurred - See Response Body
[2024-12-25T01:39:24.673Z] Error reading register 6507 for IP 10.30.4.128: A Modbus Exception Occurred - See Response Body
[2024-12-25T01:39:24.673Z] Error reading actual data: A Modbus Exception Occurred - See Response Body
[2024-12-25T01:39:24.674Z] Error writing to Modbus register: A Modbus Exception Occurred - See Response Body
[2024-12-25T01:39:25.674Z] Error reading or processing Modbus registers: A Modbus Exception Occurred - See Response Body
[2024-12-25T01:39:25.677Z] Error reading register 6507 for IP 10.30.4.128: A Modbus Exception Occurred - See Response Body
[2024-12-25T01:39:25.677Z] Error reading actual data: A Modbus Exception Occurred - See Response Body
[2024-12-25T01:39:25.678Z] Error writing to Modbus register: A Modbus Exception Occurred - See Response Body
[2024-12-25T01:39:26.679Z] Error reading or processing Modbus registers: A Modbus Exception Occurred - See Response Body
[2024-12-25T01:39:26.681Z] Error reading register 6507 for IP 10.30.4.128: A Modbus Exception Occurred - See Response Body
[2024-12-25T01:39:26.682Z] Error reading actual data: A Modbus Exception Occurred - See Response Body
[2024-12-25T01:39:26.683Z] Error writing to Modbus register: A Modbus Exception Occurred - See Response Body
[2024-12-25T01:39:27.679Z] Error reading or processing Modbus registers: A Modbus Exception Occurred - See Response Body
[2024-12-25T01:39:27.682Z] Error reading register 6507 for IP 10.30.4.128: A Modbus Exception Occurred - See Response Body
[2024-12-25T01:39:27.682Z] Error reading actual data: A Modbus Exception Occurred - See Response Body
[2024-12-25T01:39:27.683Z] Error writing to Modbus register: A Modbus Exception Occurred - See Response Body
[2024-12-25T01:39:28.694Z] Error reading or processing Modbus registers: A Modbus Exception Occurred - See Response Body
[2024-12-25T01:39:28.696Z] Error reading register 6507 for IP 10.30.4.128: A Modbus Exception Occurred - See Response Body
[2024-12-25T01:39:28.697Z] Error reading actual data: A Modbus Exception Occurred - See Response Body
[2024-12-25T01:39:28.699Z] Error writing to Modbus register: A Modbus Exception Occurred - See Response Body
[2024-12-25T01:39:29.708Z] Error reading or processing Modbus registers: A Modbus Exception Occurred - See Response Body
[2024-12-25T01:39:29.712Z] Error reading register 6507 for IP 10.30.4.128: A Modbus Exception Occurred - See Response Body
[2024-12-25T01:39:29.712Z] Error reading actual data: A Modbus Exception Occurred - See Response Body
[2024-12-25T01:39:29.713Z] Error writing to Modbus register: A Modbus Exception Occurred - See Response Body
[2024-12-25T01:39:30.710Z] Error reading or processing Modbus registers: A Modbus Exception Occurred - See Response Body
[2024-12-25T01:39:30.713Z] Error reading register 6507 for IP 10.30.4.128: A Modbus Exception Occurred - See Response Body
[2024-12-25T01:39:30.713Z] Error reading actual data: A Modbus Exception Occurred - See Response Body
[2024-12-25T01:39:30.714Z] Error writing to Modbus register: A Modbus Exception Occurred - See Response Body
[2024-12-25T01:39:31.715Z] Error reading or processing Modbus registers: A Modbus Exception Occurred - See Response Body
[2024-12-25T01:39:31.718Z] Error reading register 6507 for IP 10.30.4.128: A Modbus Exception Occurred - See Response Body
[2024-12-25T01:39:31.718Z] Error reading actual data: A Modbus Exception Occurred - See Response Body
[2024-12-25T01:39:31.719Z] Error writing to Modbus register: A Modbus Exception Occurred - See Response Body
[2024-12-25T01:39:32.719Z] Error reading or processing Modbus registers: A Modbus Exception Occurred - See Response Body
[2024-12-25T01:39:32.723Z] Error reading register 6507 for IP 10.30.4.128: A Modbus Exception Occurred - See Response Body
[2024-12-25T01:39:32.724Z] Error reading actual data: A Modbus Exception Occurred - See Response Body
[2024-12-25T01:39:32.725Z] Error writing to Modbus register: A Modbus Exception Occurred - See Response Body
[2024-12-25T01:39:33.792Z] Error reading or processing Modbus registers: A Modbus Exception Occurred - See Response Body
[2024-12-25T01:39:33.795Z] Error reading register 6507 for IP 10.30.4.128: A Modbus Exception Occurred - See Response Body
[2024-12-25T01:39:33.796Z] Error reading actual data: A Modbus Exception Occurred - See Response Body
[2024-12-25T01:39:33.797Z] Error writing to Modbus register: A Modbus Exception Occurred - See Response Body
[2024-12-25T01:39:34.724Z] Error reading or processing Modbus registers: A Modbus Exception Occurred - See Response Body
[2024-12-25T01:39:34.726Z] Error reading register 6507 for IP 10.30.4.128: A Modbus Exception Occurred - See Response Body
[2024-12-25T01:39:34.727Z] Error reading actual data: A Modbus Exception Occurred - See Response Body
[2024-12-25T01:39:34.728Z] Error writing to Modbus register: A Modbus Exception Occurred - See Response Body
[2024-12-25T01:39:35.726Z] Error reading or processing Modbus registers: A Modbus Exception Occurred - See Response Body
[2024-12-25T01:39:35.728Z] Error reading register 6507 for IP 10.30.4.128: A Modbus Exception Occurred - See Response Body
[2024-12-25T01:39:35.728Z] Error reading actual data: A Modbus Exception Occurred - See Response Body
[2024-12-25T01:39:35.729Z] Error writing to Modbus register: A Modbus Exception Occurred - See Response Body
[2024-12-25T01:39:37.076Z] Unable to connect to device at 10.30.4.128: read ECONNRESET
[2024-12-25T01:39:37.078Z] Error reading register 6507 for IP 10.30.4.128: rejecting because of earlier OutOfSync error
[2024-12-25T01:39:37.078Z] Error reading actual data: rejecting because of earlier OutOfSync error
[2024-12-25T01:39:37.078Z] Error writing to Modbus register: rejecting because of earlier OutOfSync error
[2024-12-25T01:39:37.078Z] Error reading or processing Modbus registers: connection to modbus server closed
[2024-12-25T01:39:37.732Z] Error reading register 6507 for IP 10.30.4.128: no connection to modbus server
[2024-12-25T01:39:37.733Z] Error reading actual data: no connection to modbus server
[2024-12-25T01:39:37.733Z] Error reading or processing Modbus registers: no connection to modbus server
[2024-12-25T01:39:37.734Z] Error writing to Modbus register: no connection to modbus server
[2024-12-25T01:39:38.737Z] Error reading register 6507 for IP 10.30.4.128: no connection to modbus server
[2024-12-25T01:39:38.737Z] Error reading actual data: no connection to modbus server
[2024-12-25T01:39:38.737Z] Error reading or processing Modbus registers: no connection to modbus server
[2024-12-25T01:39:38.738Z] Error writing to Modbus register: no connection to modbus server
[2024-12-25T01:39:39.739Z] Error reading register 6507 for IP 10.30.4.128: no connection to modbus server
[2024-12-25T01:39:39.740Z] Error reading actual data: no connection to modbus server
[2024-12-25T01:39:39.740Z] Error reading or processing Modbus registers: no connection to modbus server
[2024-12-25T01:39:39.740Z] Error writing to Modbus register: no connection to modbus server
[2024-12-25T01:39:40.741Z] Error reading register 6507 for IP 10.30.4.128: no connection to modbus server
[2024-12-25T01:39:40.742Z] Error reading actual data: no connection to modbus server
[2024-12-25T01:39:40.742Z] Error reading or processing Modbus registers: no connection to modbus server
[2024-12-25T01:39:40.742Z] Error writing to Modbus register: no connection to modbus server
[2024-12-25T01:39:41.743Z] Error reading register 6507 for IP 10.30.4.128: no connection to modbus server
[2024-12-25T01:39:41.743Z] Error reading actual data: no connection to modbus server
[2024-12-25T01:39:41.744Z] Error reading or processing Modbus registers: no connection to modbus server
[2024-12-25T01:39:41.744Z] Error writing to Modbus register: no connection to modbus server
[2024-12-25T01:39:42.746Z] Error reading register 6507 for IP 10.30.4.128: no connection to modbus server
[2024-12-25T01:39:42.746Z] Error reading actual data: no connection to modbus server
[2024-12-25T01:39:42.746Z] Error reading or processing Modbus registers: no connection to modbus server
[2024-12-25T01:39:42.747Z] Error writing to Modbus register: no connection to modbus server
[2024-12-25T01:39:43.748Z] Error reading register 6507 for IP 10.30.4.128: no connection to modbus server
[2024-12-25T01:39:43.749Z] Error reading actual data: no connection to modbus server
[2024-12-25T01:39:43.749Z] Error reading or processing Modbus registers: no connection to modbus server
[2024-12-25T01:39:43.749Z] Error writing to Modbus register: no connection to modbus server
[2024-12-25T01:39:44.748Z] Error reading register 6507 for IP 10.30.4.128: no connection to modbus server
[2024-12-25T01:39:44.749Z] Error reading actual data: no connection to modbus server
[2024-12-25T01:39:44.749Z] Error reading or processing Modbus registers: no connection to modbus server
[2024-12-25T01:39:44.763Z] Error writing to Modbus register: no connection to modbus server
[2024-12-25T01:39:45.070Z] Error reading or processing Modbus registers: A Modbus Exception Occurred - See Response Body
[2024-12-25T01:39:45.072Z] Error reading register 6507 for IP 10.30.4.128: A Modbus Exception Occurred - See Response Body
[2024-12-25T01:39:45.073Z] Error reading actual data: A Modbus Exception Occurred - See Response Body
[2024-12-25T01:39:45.073Z] Error writing to Modbus register: A Modbus Exception Occurred - See Response Body
[2024-12-25T01:39:45.749Z] Error reading register 6507 for IP 10.30.4.128: no connection to modbus server
[2024-12-25T01:39:45.749Z] Error reading actual data: no connection to modbus server
[2024-12-25T01:39:45.749Z] Error reading or processing Modbus registers: no connection to modbus server
[2024-12-25T01:39:45.778Z] Error writing to Modbus register: no connection to modbus server
[2024-12-25T01:39:46.067Z] Error reading or processing Modbus registers: A Modbus Exception Occurred - See Response Body
[2024-12-25T01:39:46.069Z] Error reading register 6507 for IP 10.30.4.128: A Modbus Exception Occurred - See Response Body
[2024-12-25T01:39:46.070Z] Error reading actual data: A Modbus Exception Occurred - See Response Body
[2024-12-25T01:39:46.071Z] Error writing to Modbus register: A Modbus Exception Occurred - See Response Body
[2024-12-25T01:39:46.749Z] Error reading register 6507 for IP 10.30.4.128: no connection to modbus server
[2024-12-25T01:39:46.749Z] Error reading actual data: no connection to modbus server
[2024-12-25T01:39:46.749Z] Error reading or processing Modbus registers: no connection to modbus server
[2024-12-25T01:39:46.779Z] Error writing to Modbus register: no connection to modbus server
[2024-12-25T01:39:47.068Z] Error reading or processing Modbus registers: A Modbus Exception Occurred - See Response Body
[2024-12-25T01:39:47.070Z] Error reading register 6507 for IP 10.30.4.128: A Modbus Exception Occurred - See Response Body
[2024-12-25T01:39:47.071Z] Error reading actual data: A Modbus Exception Occurred - See Response Body
[2024-12-25T01:39:47.071Z] Error writing to Modbus register: A Modbus Exception Occurred - See Response Body
[2024-12-25T01:39:47.749Z] Error reading register 6507 for IP 10.30.4.128: no connection to modbus server
[2024-12-25T01:39:47.750Z] Error reading or processing Modbus registers: no connection to modbus server
[2024-12-25T01:39:47.750Z] Error reading actual data: no connection to modbus server
[2024-12-25T01:39:47.795Z] Error writing to Modbus register: no connection to modbus server
[2024-12-25T01:39:48.068Z] Error reading or processing Modbus registers: A Modbus Exception Occurred - See Response Body
[2024-12-25T01:39:48.070Z] Error reading register 6507 for IP 10.30.4.128: A Modbus Exception Occurred - See Response Body
[2024-12-25T01:39:48.073Z] Error reading actual data: A Modbus Exception Occurred - See Response Body
[2024-12-25T01:39:48.073Z] Error writing to Modbus register: A Modbus Exception Occurred - See Response Body
[2024-12-25T01:39:48.763Z] Error reading register 6507 for IP 10.30.4.128: no connection to modbus server
[2024-12-25T01:39:48.763Z] Error reading actual data: no connection to modbus server
[2024-12-25T01:39:48.763Z] Error reading or processing Modbus registers: no connection to modbus server
[2024-12-25T01:39:48.809Z] Error writing to Modbus register: no connection to modbus server
[2024-12-25T01:39:49.081Z] Error reading or processing Modbus registers: A Modbus Exception Occurred - See Response Body
[2024-12-25T01:39:49.130Z] Error reading register 6507 for IP 10.30.4.128: A Modbus Exception Occurred - See Response Body
[2024-12-25T01:39:49.131Z] Error reading actual data: A Modbus Exception Occurred - See Response Body
[2024-12-25T01:39:49.132Z] Error writing to Modbus register: A Modbus Exception Occurred - See Response Body
[2024-12-25T01:39:49.778Z] Error reading register 6507 for IP 10.30.4.128: no connection to modbus server
[2024-12-25T01:39:49.778Z] Error reading actual data: no connection to modbus server
[2024-12-25T01:39:49.778Z] Error reading or processing Modbus registers: no connection to modbus server
[2024-12-25T01:39:49.824Z] Error writing to Modbus register: no connection to modbus server
[2024-12-25T01:39:50.083Z] Error reading or processing Modbus registers: A Modbus Exception Occurred - See Response Body
[2024-12-25T01:39:50.086Z] Error reading register 6507 for IP 10.30.4.128: A Modbus Exception Occurred - See Response Body
[2024-12-25T01:39:50.086Z] Error reading actual data: A Modbus Exception Occurred - See Response Body
[2024-12-25T01:39:50.087Z] Error writing to Modbus register: A Modbus Exception Occurred - See Response Body
[2024-12-25T01:39:50.793Z] Error reading register 6507 for IP 10.30.4.128: no connection to modbus server
[2024-12-25T01:39:50.793Z] Error reading actual data: no connection to modbus server
[2024-12-25T01:39:50.793Z] Error reading or processing Modbus registers: no connection to modbus server
[2024-12-25T01:39:50.839Z] Error writing to Modbus register: no connection to modbus server
[2024-12-25T01:39:51.095Z] Error reading or processing Modbus registers: A Modbus Exception Occurred - See Response Body
[2024-12-25T01:39:51.097Z] Error reading register 6507 for IP 10.30.4.128: A Modbus Exception Occurred - See Response Body
[2024-12-25T01:39:51.099Z] Error reading actual data: A Modbus Exception Occurred - See Response Body
[2024-12-25T01:39:51.099Z] Error writing to Modbus register: A Modbus Exception Occurred - See Response Body
[2024-12-25T01:39:51.807Z] Error reading register 6507 for IP 10.30.4.128: no connection to modbus server
[2024-12-25T01:39:51.807Z] Error reading actual data: no connection to modbus server
[2024-12-25T01:39:51.807Z] Error reading or processing Modbus registers: no connection to modbus server
[2024-12-25T01:39:51.853Z] Error writing to Modbus register: no connection to modbus server
[2024-12-25T01:39:52.097Z] Error reading or processing Modbus registers: A Modbus Exception Occurred - See Response Body
[2024-12-25T01:39:52.099Z] Error reading register 6507 for IP 10.30.4.128: A Modbus Exception Occurred - See Response Body
[2024-12-25T01:39:52.099Z] Error reading actual data: A Modbus Exception Occurred - See Response Body
[2024-12-25T01:39:52.100Z] Error writing to Modbus register: A Modbus Exception Occurred - See Response Body
[2024-12-25T01:39:52.810Z] Error reading register 6507 for IP 10.30.4.128: no connection to modbus server
[2024-12-25T01:39:52.810Z] Error reading actual data: no connection to modbus server
[2024-12-25T01:39:52.810Z] Error reading or processing Modbus registers: no connection to modbus server
[2024-12-25T01:39:52.856Z] Error writing to Modbus register: no connection to modbus server
[2024-12-25T01:39:53.100Z] Error reading or processing Modbus registers: A Modbus Exception Occurred - See Response Body
[2024-12-25T01:39:53.104Z] Error reading register 6507 for IP 10.30.4.128: A Modbus Exception Occurred - See Response Body
[2024-12-25T01:39:53.104Z] Error reading actual data: A Modbus Exception Occurred - See Response Body
[2024-12-25T01:39:53.105Z] Error writing to Modbus register: A Modbus Exception Occurred - See Response Body
[2024-12-25T01:39:53.810Z] Error reading register 6507 for IP 10.30.4.128: no connection to modbus server
[2024-12-25T01:39:53.811Z] Error reading actual data: no connection to modbus server
[2024-12-25T01:39:53.811Z] Error reading or processing Modbus registers: no connection to modbus server
[2024-12-25T01:39:53.856Z] Error writing to Modbus register: no connection to modbus server
[2024-12-25T01:39:54.115Z] Error reading or processing Modbus registers: A Modbus Exception Occurred - See Response Body
[2024-12-25T01:39:54.118Z] Error reading register 6507 for IP 10.30.4.128: A Modbus Exception Occurred - See Response Body
[2024-12-25T01:39:54.118Z] Error reading actual data: A Modbus Exception Occurred - See Response Body
[2024-12-25T01:39:54.119Z] Error writing to Modbus register: A Modbus Exception Occurred - See Response Body
[2024-12-25T01:39:54.825Z] Error reading register 6507 for IP 10.30.4.128: no connection to modbus server
[2024-12-25T01:39:54.825Z] Error reading actual data: no connection to modbus server
[2024-12-25T01:39:54.825Z] Error reading or processing Modbus registers: no connection to modbus server
[2024-12-25T01:39:54.871Z] Error writing to Modbus register: no connection to modbus server
[2024-12-25T01:39:55.129Z] Error reading or processing Modbus registers: A Modbus Exception Occurred - See Response Body
[2024-12-25T01:39:55.148Z] Error reading register 6507 for IP 10.30.4.128: A Modbus Exception Occurred - See Response Body
[2024-12-25T01:39:55.149Z] Error reading actual data: A Modbus Exception Occurred - See Response Body
[2024-12-25T01:39:55.150Z] Error writing to Modbus register: A Modbus Exception Occurred - See Response Body
[2024-12-25T01:39:55.826Z] Error reading register 6507 for IP 10.30.4.128: no connection to modbus server
[2024-12-25T01:39:55.826Z] Error reading actual data: no connection to modbus server
[2024-12-25T01:39:55.826Z] Error reading or processing Modbus registers: no connection to modbus server
[2024-12-25T01:39:55.872Z] Error writing to Modbus register: no connection to modbus server
[2024-12-25T01:39:56.132Z] Error reading or processing Modbus registers: A Modbus Exception Occurred - See Response Body
[2024-12-25T01:39:56.135Z] Error reading register 6507 for IP 10.30.4.128: A Modbus Exception Occurred - See Response Body
[2024-12-25T01:39:56.135Z] Error reading actual data: A Modbus Exception Occurred - See Response Body
[2024-12-25T01:39:56.137Z] Error writing to Modbus register: A Modbus Exception Occurred - See Response Body
[2024-12-25T01:39:56.828Z] Error reading register 6507 for IP 10.30.4.128: no connection to modbus server
[2024-12-25T01:39:56.829Z] Error reading actual data: no connection to modbus server
[2024-12-25T01:39:56.829Z] Error reading or processing Modbus registers: no connection to modbus server
[2024-12-25T01:39:56.873Z] Error writing to Modbus register: no connection to modbus server
[2024-12-25T01:39:57.133Z] Error reading or processing Modbus registers: A Modbus Exception Occurred - See Response Body
[2024-12-25T01:39:57.135Z] Error reading register 6507 for IP 10.30.4.128: A Modbus Exception Occurred - See Response Body
[2024-12-25T01:39:57.136Z] Error reading actual data: A Modbus Exception Occurred - See Response Body
[2024-12-25T01:39:57.137Z] Error writing to Modbus register: A Modbus Exception Occurred - See Response Body
[2024-12-25T01:39:57.830Z] Error reading register 6507 for IP 10.30.4.128: no connection to modbus server
[2024-12-25T01:39:57.830Z] Error reading actual data: no connection to modbus server
[2024-12-25T01:39:57.830Z] Error reading or processing Modbus registers: no connection to modbus server
[2024-12-25T01:39:57.875Z] Error writing to Modbus register: no connection to modbus server
[2024-12-25T01:39:58.135Z] Error reading or processing Modbus registers: A Modbus Exception Occurred - See Response Body
[2024-12-25T01:39:58.137Z] Error reading register 6507 for IP 10.30.4.128: A Modbus Exception Occurred - See Response Body
[2024-12-25T01:39:58.138Z] Error reading actual data: A Modbus Exception Occurred - See Response Body
[2024-12-25T01:39:58.139Z] Error writing to Modbus register: A Modbus Exception Occurred - See Response Body
[2024-12-25T01:39:58.833Z] Error reading register 6507 for IP 10.30.4.128: no connection to modbus server
[2024-12-25T01:39:58.833Z] Error reading actual data: no connection to modbus server
[2024-12-25T01:39:58.833Z] Error reading or processing Modbus registers: no connection to modbus server
[2024-12-25T01:39:58.878Z] Error writing to Modbus register: no connection to modbus server
[2024-12-25T01:39:59.138Z] Error reading or processing Modbus registers: A Modbus Exception Occurred - See Response Body
[2024-12-25T01:39:59.140Z] Error reading register 6507 for IP 10.30.4.128: A Modbus Exception Occurred - See Response Body
[2024-12-25T01:39:59.141Z] Error reading actual data: A Modbus Exception Occurred - See Response Body
[2024-12-25T01:39:59.141Z] Error writing to Modbus register: A Modbus Exception Occurred - See Response Body
[2024-12-25T01:39:59.834Z] Error reading register 6507 for IP 10.30.4.128: no connection to modbus server
[2024-12-25T01:39:59.834Z] Error reading actual data: no connection to modbus server
[2024-12-25T01:39:59.834Z] Error reading or processing Modbus registers: no connection to modbus server
[2024-12-25T01:39:59.878Z] Error writing to Modbus register: no connection to modbus server
[2024-12-25T01:40:00.139Z] Error reading or processing Modbus registers: A Modbus Exception Occurred - See Response Body
[2024-12-25T01:40:00.141Z] Error reading register 6507 for IP 10.30.4.128: A Modbus Exception Occurred - See Response Body
[2024-12-25T01:40:00.142Z] Error reading actual data: A Modbus Exception Occurred - See Response Body
[2024-12-25T01:40:00.143Z] Error writing to Modbus register: A Modbus Exception Occurred - See Response Body
[2024-12-25T01:40:00.838Z] Error reading register 6507 for IP 10.30.4.128: no connection to modbus server
[2024-12-25T01:40:00.838Z] Error reading actual data: no connection to modbus server
[2024-12-25T01:40:00.838Z] Error reading or processing Modbus registers: no connection to modbus server
[2024-12-25T01:40:00.882Z] Error writing to Modbus register: no connection to modbus server
[2024-12-25T01:40:01.142Z] Error reading or processing Modbus registers: A Modbus Exception Occurred - See Response Body
[2024-12-25T01:40:01.145Z] Error reading register 6507 for IP 10.30.4.128: A Modbus Exception Occurred - See Response Body
[2024-12-25T01:40:01.145Z] Error reading actual data: A Modbus Exception Occurred - See Response Body
[2024-12-25T01:40:01.146Z] Error writing to Modbus register: A Modbus Exception Occurred - See Response Body
[2024-12-25T01:40:01.852Z] Error reading register 6507 for IP 10.30.4.128: no connection to modbus server
[2024-12-25T01:40:01.852Z] Error reading actual data: no connection to modbus server
[2024-12-25T01:40:01.852Z] Error reading or processing Modbus registers: no connection to modbus server
[2024-12-25T01:40:01.897Z] Error writing to Modbus register: no connection to modbus server
[2024-12-25T01:40:02.155Z] Error reading or processing Modbus registers: A Modbus Exception Occurred - See Response Body
[2024-12-25T01:40:02.157Z] Error reading register 6507 for IP 10.30.4.128: A Modbus Exception Occurred - See Response Body
[2024-12-25T01:40:02.160Z] Error reading actual data: A Modbus Exception Occurred - See Response Body
[2024-12-25T01:40:02.161Z] Error writing to Modbus register: A Modbus Exception Occurred - See Response Body
[2024-12-25T01:40:02.867Z] Error reading register 6507 for IP 10.30.4.128: no connection to modbus server
[2024-12-25T01:40:02.867Z] Error reading actual data: no connection to modbus server
[2024-12-25T01:40:02.867Z] Error reading or processing Modbus registers: no connection to modbus server
[2024-12-25T01:40:02.897Z] Error writing to Modbus register: no connection to modbus server
[2024-12-25T01:40:03.157Z] Error reading or processing Modbus registers: A Modbus Exception Occurred - See Response Body
[2024-12-25T01:40:03.173Z] Error reading register 6507 for IP 10.30.4.128: A Modbus Exception Occurred - See Response Body
[2024-12-25T01:40:03.174Z] Error reading actual data: A Modbus Exception Occurred - See Response Body
[2024-12-25T01:40:03.175Z] Error writing to Modbus register: A Modbus Exception Occurred - See Response Body
[2024-12-25T01:40:03.870Z] Error reading register 6507 for IP 10.30.4.128: no connection to modbus server
[2024-12-25T01:40:03.870Z] Error reading actual data: no connection to modbus server
[2024-12-25T01:40:03.870Z] Error reading or processing Modbus registers: no connection to modbus server
[2024-12-25T01:40:03.900Z] Error writing to Modbus register: no connection to modbus server
[2024-12-25T01:40:04.159Z] Error reading or processing Modbus registers: A Modbus Exception Occurred - See Response Body
[2024-12-25T01:40:04.162Z] Error reading register 6507 for IP 10.30.4.128: A Modbus Exception Occurred - See Response Body
[2024-12-25T01:40:04.162Z] Error reading actual data: A Modbus Exception Occurred - See Response Body
[2024-12-25T01:40:04.163Z] Error writing to Modbus register: A Modbus Exception Occurred - See Response Body
[2024-12-25T01:40:04.871Z] Error reading register 6507 for IP 10.30.4.128: no connection to modbus server
[2024-12-25T01:40:04.871Z] Error reading actual data: no connection to modbus server
[2024-12-25T01:40:04.871Z] Error reading or processing Modbus registers: no connection to modbus server
[2024-12-25T01:40:04.903Z] Error writing to Modbus register: no connection to modbus server
[2024-12-25T01:40:05.160Z] Error reading or processing Modbus registers: A Modbus Exception Occurred - See Response Body
[2024-12-25T01:40:05.163Z] Error reading register 6507 for IP 10.30.4.128: A Modbus Exception Occurred - See Response Body
[2024-12-25T01:40:05.164Z] Error reading actual data: A Modbus Exception Occurred - See Response Body
[2024-12-25T01:40:05.165Z] Error writing to Modbus register: A Modbus Exception Occurred - See Response Body
[2024-12-25T01:40:05.887Z] Error reading register 6507 for IP 10.30.4.128: no connection to modbus server
[2024-12-25T01:40:05.887Z] Error reading actual data: no connection to modbus server
[2024-12-25T01:40:05.887Z] Error reading or processing Modbus registers: no connection to modbus server
[2024-12-25T01:40:05.916Z] Error writing to Modbus register: no connection to modbus server
[2024-12-25T01:40:06.162Z] Error reading or processing Modbus registers: A Modbus Exception Occurred - See Response Body
[2024-12-25T01:40:06.167Z] Error reading register 6507 for IP 10.30.4.128: A Modbus Exception Occurred - See Response Body
[2024-12-25T01:40:06.168Z] Error reading actual data: A Modbus Exception Occurred - See Response Body
[2024-12-25T01:40:06.168Z] Error writing to Modbus register: A Modbus Exception Occurred - See Response Body
[2024-12-25T01:40:06.890Z] Error reading register 6507 for IP 10.30.4.128: no connection to modbus server
[2024-12-25T01:40:06.891Z] Error reading actual data: no connection to modbus server
[2024-12-25T01:40:06.891Z] Error reading or processing Modbus registers: no connection to modbus server
[2024-12-25T01:40:06.921Z] Error writing to Modbus register: no connection to modbus server
[2024-12-25T01:40:07.166Z] Error reading or processing Modbus registers: A Modbus Exception Occurred - See Response Body
[2024-12-25T01:40:07.171Z] Error reading register 6507 for IP 10.30.4.128: A Modbus Exception Occurred - See Response Body
[2024-12-25T01:40:07.172Z] Error reading actual data: A Modbus Exception Occurred - See Response Body
[2024-12-25T01:40:07.172Z] Error writing to Modbus register: A Modbus Exception Occurred - See Response Body
[2024-12-25T01:40:07.893Z] Error reading register 6507 for IP 10.30.4.128: no connection to modbus server
[2024-12-25T01:40:07.893Z] Error reading or processing Modbus registers: no connection to modbus server
[2024-12-25T01:40:07.893Z] Error reading actual data: no connection to modbus server
[2024-12-25T01:40:07.924Z] Error writing to Modbus register: no connection to modbus server
[2024-12-25T01:40:08.169Z] Error reading or processing Modbus registers: A Modbus Exception Occurred - See Response Body
[2024-12-25T01:40:08.171Z] Error reading register 6507 for IP 10.30.4.128: A Modbus Exception Occurred - See Response Body
[2024-12-25T01:40:08.172Z] Error reading actual data: A Modbus Exception Occurred - See Response Body
[2024-12-25T01:40:08.173Z] Error writing to Modbus register: A Modbus Exception Occurred - See Response Body
[2024-12-25T01:40:08.897Z] Error reading register 6507 for IP 10.30.4.128: no connection to modbus server
[2024-12-25T01:40:08.897Z] Error reading actual data: no connection to modbus server
[2024-12-25T01:40:08.897Z] Error reading or processing Modbus registers: no connection to modbus server
[2024-12-25T01:40:08.926Z] Error writing to Modbus register: no connection to modbus server
[2024-12-25T01:40:09.171Z] Error reading or processing Modbus registers: A Modbus Exception Occurred - See Response Body
[2024-12-25T01:40:09.174Z] Error reading register 6507 for IP 10.30.4.128: A Modbus Exception Occurred - See Response Body
[2024-12-25T01:40:09.175Z] Error reading actual data: A Modbus Exception Occurred - See Response Body
[2024-12-25T01:40:09.175Z] Error writing to Modbus register: A Modbus Exception Occurred - See Response Body
[2024-12-25T01:40:09.899Z] Error reading register 6507 for IP 10.30.4.128: no connection to modbus server
[2024-12-25T01:40:09.900Z] Error reading actual data: no connection to modbus server
[2024-12-25T01:40:09.900Z] Error reading or processing Modbus registers: no connection to modbus server
[2024-12-25T01:40:09.928Z] Error writing to Modbus register: no connection to modbus server
[2024-12-25T01:40:10.172Z] Error reading or processing Modbus registers: A Modbus Exception Occurred - See Response Body
[2024-12-25T01:40:10.175Z] Error reading register 6507 for IP 10.30.4.128: A Modbus Exception Occurred - See Response Body
[2024-12-25T01:40:10.175Z] Error reading actual data: A Modbus Exception Occurred - See Response Body
[2024-12-25T01:40:10.176Z] Error writing to Modbus register: A Modbus Exception Occurred - See Response Body
[2024-12-25T01:40:10.913Z] Error reading register 6507 for IP 10.30.4.128: no connection to modbus server
[2024-12-25T01:40:10.913Z] Error reading actual data: no connection to modbus server
[2024-12-25T01:40:10.913Z] Error reading or processing Modbus registers: no connection to modbus server
[2024-12-25T01:40:10.928Z] Error writing to Modbus register: no connection to modbus server
[2024-12-25T01:40:11.186Z] Error reading or processing Modbus registers: A Modbus Exception Occurred - See Response Body
[2024-12-25T01:40:11.188Z] Error reading register 6507 for IP 10.30.4.128: A Modbus Exception Occurred - See Response Body
[2024-12-25T01:40:11.189Z] Error reading actual data: A Modbus Exception Occurred - See Response Body
[2024-12-25T01:40:11.190Z] Error writing to Modbus register: A Modbus Exception Occurred - See Response Body
[2024-12-25T01:40:11.928Z] Error reading register 6507 for IP 10.30.4.128: no connection to modbus server
[2024-12-25T01:40:11.928Z] Error reading actual data: no connection to modbus server
[2024-12-25T01:40:11.928Z] Error reading or processing Modbus registers: no connection to modbus server
[2024-12-25T01:40:11.929Z] Error writing to Modbus register: no connection to modbus server
[2024-12-25T01:40:12.201Z] Error reading or processing Modbus registers: A Modbus Exception Occurred - See Response Body
[2024-12-25T01:40:12.204Z] Error reading register 6507 for IP 10.30.4.128: A Modbus Exception Occurred - See Response Body
[2024-12-25T01:40:12.204Z] Error reading actual data: A Modbus Exception Occurred - See Response Body
[2024-12-25T01:40:12.205Z] Error writing to Modbus register: A Modbus Exception Occurred - See Response Body
[2024-12-25T01:40:12.927Z] Error reading register 6507 for IP 10.30.4.128: no connection to modbus server
[2024-12-25T01:40:12.927Z] Error reading actual data: no connection to modbus server
[2024-12-25T01:40:12.927Z] Error reading or processing Modbus registers: no connection to modbus server
[2024-12-25T01:40:12.942Z] Error writing to Modbus register: no connection to modbus server
[2024-12-25T01:40:13.202Z] Error reading or processing Modbus registers: A Modbus Exception Occurred - See Response Body
[2024-12-25T01:40:13.204Z] Error reading register 6507 for IP 10.30.4.128: A Modbus Exception Occurred - See Response Body
[2024-12-25T01:40:13.205Z] Error reading actual data: A Modbus Exception Occurred - See Response Body
[2024-12-25T01:40:13.205Z] Error writing to Modbus register: A Modbus Exception Occurred - See Response Body
[2024-12-25T01:40:13.929Z] Error reading register 6507 for IP 10.30.4.128: no connection to modbus server
[2024-12-25T01:40:13.929Z] Error reading actual data: no connection to modbus server
[2024-12-25T01:40:13.930Z] Error reading or processing Modbus registers: no connection to modbus server
[2024-12-25T01:40:13.945Z] Error writing to Modbus register: no connection to modbus server
[2024-12-25T01:40:14.204Z] Error reading or processing Modbus registers: A Modbus Exception Occurred - See Response Body
[2024-12-25T01:40:14.206Z] Error reading register 6507 for IP 10.30.4.128: A Modbus Exception Occurred - See Response Body
[2024-12-25T01:40:14.207Z] Error reading actual data: A Modbus Exception Occurred - See Response Body
[2024-12-25T01:40:14.207Z] Error writing to Modbus register: A Modbus Exception Occurred - See Response Body
[2024-12-25T01:40:14.931Z] Error reading register 6507 for IP 10.30.4.128: no connection to modbus server
[2024-12-25T01:40:14.931Z] Error reading actual data: no connection to modbus server
[2024-12-25T01:40:14.931Z] Error reading or processing Modbus registers: no connection to modbus server
[2024-12-25T01:40:14.945Z] Error writing to Modbus register: no connection to modbus server
[2024-12-25T01:40:15.205Z] Error reading or processing Modbus registers: A Modbus Exception Occurred - See Response Body
[2024-12-25T01:40:15.207Z] Error reading register 6507 for IP 10.30.4.128: A Modbus Exception Occurred - See Response Body
[2024-12-25T01:40:15.208Z] Error reading actual data: A Modbus Exception Occurred - See Response Body
[2024-12-25T01:40:15.208Z] Error writing to Modbus register: A Modbus Exception Occurred - See Response Body
[2024-12-25T01:40:15.931Z] Error reading register 6507 for IP 10.30.4.128: no connection to modbus server
[2024-12-25T01:40:15.932Z] Error reading actual data: no connection to modbus server
[2024-12-25T01:40:15.932Z] Error reading or processing Modbus registers: no connection to modbus server
[2024-12-25T01:40:15.946Z] Error writing to Modbus register: no connection to modbus server
[2024-12-25T01:40:16.220Z] Error reading or processing Modbus registers: A Modbus Exception Occurred - See Response Body
[2024-12-25T01:40:16.222Z] Error reading register 6507 for IP 10.30.4.128: A Modbus Exception Occurred - See Response Body
[2024-12-25T01:40:16.223Z] Error reading actual data: A Modbus Exception Occurred - See Response Body
[2024-12-25T01:40:16.223Z] Error writing to Modbus register: A Modbus Exception Occurred - See Response Body
[2024-12-25T01:40:16.933Z] Error reading register 6507 for IP 10.30.4.128: no connection to modbus server
[2024-12-25T01:40:16.933Z] Error reading actual data: no connection to modbus server
[2024-12-25T01:40:16.934Z] Error reading or processing Modbus registers: no connection to modbus server
[2024-12-25T01:40:16.948Z] Error writing to Modbus register: no connection to modbus server
[2024-12-25T01:40:17.223Z] Error reading or processing Modbus registers: A Modbus Exception Occurred - See Response Body
[2024-12-25T01:40:17.225Z] Error reading register 6507 for IP 10.30.4.128: A Modbus Exception Occurred - See Response Body
[2024-12-25T01:40:17.226Z] Error reading actual data: A Modbus Exception Occurred - See Response Body
[2024-12-25T01:40:17.227Z] Error writing to Modbus register: A Modbus Exception Occurred - See Response Body
[2024-12-25T01:40:17.936Z] Error reading register 6507 for IP 10.30.4.128: no connection to modbus server
[2024-12-25T01:40:17.936Z] Error reading actual data: no connection to modbus server
[2024-12-25T01:40:17.936Z] Error reading or processing Modbus registers: no connection to modbus server
[2024-12-25T01:40:17.951Z] Error writing to Modbus register: no connection to modbus server
[2024-12-25T01:40:18.239Z] Error reading or processing Modbus registers: A Modbus Exception Occurred - See Response Body
[2024-12-25T01:40:18.241Z] Error reading register 6507 for IP 10.30.4.128: A Modbus Exception Occurred - See Response Body
[2024-12-25T01:40:18.242Z] Error reading actual data: A Modbus Exception Occurred - See Response Body
[2024-12-25T01:40:18.242Z] Error writing to Modbus register: A Modbus Exception Occurred - See Response Body
[2024-12-25T01:40:18.949Z] Error reading register 6507 for IP 10.30.4.128: no connection to modbus server
[2024-12-25T01:40:18.949Z] Error reading actual data: no connection to modbus server
[2024-12-25T01:40:18.949Z] Error reading or processing Modbus registers: no connection to modbus server
[2024-12-25T01:40:18.950Z] Error writing to Modbus register: no connection to modbus server
[2024-12-25T01:40:19.253Z] Error reading or processing Modbus registers: A Modbus Exception Occurred - See Response Body
[2024-12-25T01:40:19.255Z] Error reading register 6507 for IP 10.30.4.128: A Modbus Exception Occurred - See Response Body
[2024-12-25T01:40:19.256Z] Error reading actual data: A Modbus Exception Occurred - See Response Body
[2024-12-25T01:40:19.258Z] Error writing to Modbus register: A Modbus Exception Occurred - See Response Body
[2024-12-25T01:40:19.964Z] Error reading register 6507 for IP 10.30.4.128: no connection to modbus server
[2024-12-25T01:40:19.965Z] Error reading actual data: no connection to modbus server
[2024-12-25T01:40:19.965Z] Error reading or processing Modbus registers: no connection to modbus server
[2024-12-25T01:40:19.966Z] Error writing to Modbus register: no connection to modbus server
[2024-12-25T01:40:20.268Z] Error reading or processing Modbus registers: A Modbus Exception Occurred - See Response Body
[2024-12-25T01:40:20.270Z] Error reading register 6507 for IP 10.30.4.128: A Modbus Exception Occurred - See Response Body
[2024-12-25T01:40:20.271Z] Error reading actual data: A Modbus Exception Occurred - See Response Body
[2024-12-25T01:40:20.271Z] Error writing to Modbus register: A Modbus Exception Occurred - See Response Body
[2024-12-25T01:40:20.978Z] Error reading register 6507 for IP 10.30.4.128: no connection to modbus server
[2024-12-25T01:40:20.978Z] Error reading actual data: no connection to modbus server
[2024-12-25T01:40:20.978Z] Error reading or processing Modbus registers: no connection to modbus server
[2024-12-25T01:40:20.978Z] Error writing to Modbus register: no connection to modbus server
[2024-12-25T01:40:21.267Z] Error reading or processing Modbus registers: A Modbus Exception Occurred - See Response Body
[2024-12-25T01:40:21.270Z] Error reading register 6507 for IP 10.30.4.128: A Modbus Exception Occurred - See Response Body
[2024-12-25T01:40:21.270Z] Error reading actual data: A Modbus Exception Occurred - See Response Body
[2024-12-25T01:40:21.271Z] Error writing to Modbus register: A Modbus Exception Occurred - See Response Body
[2024-12-25T01:40:21.979Z] Error reading register 6507 for IP 10.30.4.128: no connection to modbus server
[2024-12-25T01:40:21.979Z] Error reading actual data: no connection to modbus server
[2024-12-25T01:40:21.979Z] Error reading or processing Modbus registers: no connection to modbus server
[2024-12-25T01:40:21.979Z] Error writing to Modbus register: no connection to modbus server
[2024-12-25T01:40:22.268Z] Error reading or processing Modbus registers: A Modbus Exception Occurred - See Response Body
[2024-12-25T01:40:22.270Z] Error reading register 6507 for IP 10.30.4.128: A Modbus Exception Occurred - See Response Body
[2024-12-25T01:40:22.271Z] Error reading actual data: A Modbus Exception Occurred - See Response Body
[2024-12-25T01:40:22.271Z] Error writing to Modbus register: A Modbus Exception Occurred - See Response Body
[2024-12-25T01:40:22.980Z] Error reading register 6507 for IP 10.30.4.128: no connection to modbus server
[2024-12-25T01:40:22.980Z] Error reading actual data: no connection to modbus server
[2024-12-25T01:40:22.980Z] Error reading or processing Modbus registers: no connection to modbus server
[2024-12-25T01:40:22.980Z] Error writing to Modbus register: no connection to modbus server
[2024-12-25T01:40:23.269Z] Error reading or processing Modbus registers: A Modbus Exception Occurred - See Response Body
[2024-12-25T01:40:23.271Z] Error reading register 6507 for IP 10.30.4.128: A Modbus Exception Occurred - See Response Body
[2024-12-25T01:40:23.272Z] Error reading actual data: A Modbus Exception Occurred - See Response Body
[2024-12-25T01:40:23.272Z] Error writing to Modbus register: A Modbus Exception Occurred - See Response Body
[2024-12-25T01:40:23.994Z] Error reading register 6507 for IP 10.30.4.128: no connection to modbus server
[2024-12-25T01:40:23.994Z] Error reading actual data: no connection to modbus server
[2024-12-25T01:40:23.994Z] Error reading or processing Modbus registers: no connection to modbus server
[2024-12-25T01:40:23.995Z] Error writing to Modbus register: no connection to modbus server
[2024-12-25T01:40:24.283Z] Error reading or processing Modbus registers: A Modbus Exception Occurred - See Response Body
[2024-12-25T01:40:24.286Z] Error reading register 6507 for IP 10.30.4.128: A Modbus Exception Occurred - See Response Body
[2024-12-25T01:40:24.287Z] Error reading actual data: A Modbus Exception Occurred - See Response Body
[2024-12-25T01:40:24.287Z] Error writing to Modbus register: A Modbus Exception Occurred - See Response Body
[2024-12-25T01:40:24.997Z] Error reading register 6507 for IP 10.30.4.128: no connection to modbus server
[2024-12-25T01:40:24.997Z] Error reading actual data: no connection to modbus server
[2024-12-25T01:40:24.997Z] Error reading or processing Modbus registers: no connection to modbus server
[2024-12-25T01:40:24.998Z] Error writing to Modbus register: no connection to modbus server
[2024-12-25T01:40:25.288Z] Error reading or processing Modbus registers: A Modbus Exception Occurred - See Response Body
[2024-12-25T01:40:25.290Z] Error reading register 6507 for IP 10.30.4.128: A Modbus Exception Occurred - See Response Body
[2024-12-25T01:40:25.291Z] Error reading actual data: A Modbus Exception Occurred - See Response Body
[2024-12-25T01:40:25.292Z] Error writing to Modbus register: A Modbus Exception Occurred - See Response Body
[2024-12-25T01:40:26.009Z] Error reading register 6507 for IP 10.30.4.128: no connection to modbus server
[2024-12-25T01:40:26.009Z] Error reading actual data: no connection to modbus server
[2024-12-25T01:40:26.009Z] Error reading or processing Modbus registers: no connection to modbus server
[2024-12-25T01:40:26.009Z] Error writing to Modbus register: no connection to modbus server
[2024-12-25T01:40:26.300Z] Error reading or processing Modbus registers: A Modbus Exception Occurred - See Response Body
[2024-12-25T01:40:26.302Z] Error reading register 6507 for IP 10.30.4.128: A Modbus Exception Occurred - See Response Body
[2024-12-25T01:40:26.303Z] Error reading actual data: A Modbus Exception Occurred - See Response Body
[2024-12-25T01:40:26.304Z] Error writing to Modbus register: A Modbus Exception Occurred - See Response Body
[2024-12-25T01:40:27.017Z] Error reading register 6507 for IP 10.30.4.128: no connection to modbus server
[2024-12-25T01:40:27.017Z] Error reading actual data: no connection to modbus server
[2024-12-25T01:40:27.017Z] Error reading or processing Modbus registers: no connection to modbus server
[2024-12-25T01:40:27.018Z] Error writing to Modbus register: no connection to modbus server
[2024-12-25T01:40:27.307Z] Error reading or processing Modbus registers: A Modbus Exception Occurred - See Response Body
[2024-12-25T01:40:27.311Z] Error reading register 6507 for IP 10.30.4.128: A Modbus Exception Occurred - See Response Body
[2024-12-25T01:40:27.312Z] Error reading actual data: A Modbus Exception Occurred - See Response Body
[2024-12-25T01:40:27.313Z] Error writing to Modbus register: A Modbus Exception Occurred - See Response Body
[2024-12-25T01:40:28.030Z] Error reading register 6507 for IP 10.30.4.128: no connection to modbus server
[2024-12-25T01:40:28.030Z] Error reading actual data: no connection to modbus server
[2024-12-25T01:40:28.031Z] Error reading or processing Modbus registers: no connection to modbus server
[2024-12-25T01:40:28.031Z] Error writing to Modbus register: no connection to modbus server
[2024-12-25T01:40:28.321Z] Error reading or processing Modbus registers: A Modbus Exception Occurred - See Response Body
[2024-12-25T01:40:28.324Z] Error reading register 6507 for IP 10.30.4.128: A Modbus Exception Occurred - See Response Body
[2024-12-25T01:40:28.324Z] Error reading actual data: A Modbus Exception Occurred - See Response Body
[2024-12-25T01:40:28.325Z] Error writing to Modbus register: A Modbus Exception Occurred - See Response Body
[2024-12-25T01:40:29.040Z] Error reading register 6507 for IP 10.30.4.128: no connection to modbus server
[2024-12-25T01:40:29.041Z] Error reading actual data: no connection to modbus server
[2024-12-25T01:40:29.041Z] Error reading or processing Modbus registers: no connection to modbus server
[2024-12-25T01:40:29.041Z] Error writing to Modbus register: no connection to modbus server
[2024-12-25T01:40:29.331Z] Error reading or processing Modbus registers: A Modbus Exception Occurred - See Response Body
[2024-12-25T01:40:29.333Z] Error reading register 6507 for IP 10.30.4.128: A Modbus Exception Occurred - See Response Body
[2024-12-25T01:40:29.334Z] Error reading actual data: A Modbus Exception Occurred - See Response Body
[2024-12-25T01:40:29.334Z] Error writing to Modbus register: A Modbus Exception Occurred - See Response Body
[2024-12-25T01:40:30.051Z] Error reading register 6507 for IP 10.30.4.128: no connection to modbus server
[2024-12-25T01:40:30.051Z] Error reading actual data: no connection to modbus server
[2024-12-25T01:40:30.051Z] Error reading or processing Modbus registers: no connection to modbus server
[2024-12-25T01:40:30.052Z] Error writing to Modbus register: no connection to modbus server
[2024-12-25T01:40:30.344Z] Error reading or processing Modbus registers: A Modbus Exception Occurred - See Response Body
[2024-12-25T01:40:30.347Z] Error reading register 6507 for IP 10.30.4.128: A Modbus Exception Occurred - See Response Body
[2024-12-25T01:40:30.347Z] Error reading actual data: A Modbus Exception Occurred - See Response Body
[2024-12-25T01:40:30.348Z] Error writing to Modbus register: A Modbus Exception Occurred - See Response Body
[2024-12-25T01:40:31.066Z] Error reading register 6507 for IP 10.30.4.128: no connection to modbus server
[2024-12-25T01:40:31.067Z] Error reading actual data: no connection to modbus server
[2024-12-25T01:40:31.067Z] Error reading or processing Modbus registers: no connection to modbus server
[2024-12-25T01:40:31.067Z] Error writing to Modbus register: no connection to modbus server
[2024-12-25T01:40:31.362Z] Error reading or processing Modbus registers: A Modbus Exception Occurred - See Response Body
[2024-12-25T01:40:31.367Z] Error reading register 6507 for IP 10.30.4.128: A Modbus Exception Occurred - See Response Body
[2024-12-25T01:40:31.368Z] Error reading actual data: A Modbus Exception Occurred - See Response Body
[2024-12-25T01:40:31.369Z] Error writing to Modbus register: A Modbus Exception Occurred - See Response Body
[2024-12-25T01:40:32.076Z] Error reading register 6507 for IP 10.30.4.128: no connection to modbus server
[2024-12-25T01:40:32.077Z] Error reading actual data: no connection to modbus server
[2024-12-25T01:40:32.077Z] Error reading or processing Modbus registers: no connection to modbus server
[2024-12-25T01:40:32.077Z] Error writing to Modbus register: no connection to modbus server
[2024-12-25T01:40:32.368Z] Error reading or processing Modbus registers: A Modbus Exception Occurred - See Response Body
[2024-12-25T01:40:32.370Z] Error reading register 6507 for IP 10.30.4.128: A Modbus Exception Occurred - See Response Body
[2024-12-25T01:40:32.371Z] Error reading actual data: A Modbus Exception Occurred - See Response Body
[2024-12-25T01:40:32.372Z] Error writing to Modbus register: A Modbus Exception Occurred - See Response Body
[2024-12-25T01:40:33.078Z] Error reading register 6507 for IP 10.30.4.128: no connection to modbus server
[2024-12-25T01:40:33.078Z] Error reading actual data: no connection to modbus server
[2024-12-25T01:40:33.078Z] Error reading or processing Modbus registers: no connection to modbus server
[2024-12-25T01:40:33.078Z] Error writing to Modbus register: no connection to modbus server
[2024-12-25T01:40:33.369Z] Error reading or processing Modbus registers: A Modbus Exception Occurred - See Response Body
[2024-12-25T01:40:33.371Z] Error reading register 6507 for IP 10.30.4.128: A Modbus Exception Occurred - See Response Body
[2024-12-25T01:40:33.372Z] Error reading actual data: A Modbus Exception Occurred - See Response Body
[2024-12-25T01:40:33.373Z] Error writing to Modbus register: A Modbus Exception Occurred - See Response Body
[2024-12-25T01:40:34.082Z] Error reading register 6507 for IP 10.30.4.128: no connection to modbus server
[2024-12-25T01:40:34.082Z] Error reading actual data: no connection to modbus server
[2024-12-25T01:40:34.082Z] Error reading or processing Modbus registers: no connection to modbus server
[2024-12-25T01:40:34.082Z] Error writing to Modbus register: no connection to modbus server
[2024-12-25T01:40:34.371Z] Error reading or processing Modbus registers: A Modbus Exception Occurred - See Response Body
[2024-12-25T01:40:34.374Z] Error reading register 6507 for IP 10.30.4.128: A Modbus Exception Occurred - See Response Body
[2024-12-25T01:40:34.374Z] Error reading actual data: A Modbus Exception Occurred - See Response Body
[2024-12-25T01:40:34.375Z] Error writing to Modbus register: A Modbus Exception Occurred - See Response Body
[2024-12-25T01:40:35.083Z] Error reading register 6507 for IP 10.30.4.128: no connection to modbus server
[2024-12-25T01:40:35.084Z] Error reading actual data: no connection to modbus server
[2024-12-25T01:40:35.084Z] Error reading or processing Modbus registers: no connection to modbus server
[2024-12-25T01:40:35.084Z] Error writing to Modbus register: no connection to modbus server
[2024-12-25T01:40:35.373Z] Error reading or processing Modbus registers: A Modbus Exception Occurred - See Response Body
[2024-12-25T01:40:35.376Z] Error reading register 6507 for IP 10.30.4.128: A Modbus Exception Occurred - See Response Body
[2024-12-25T01:40:35.377Z] Error reading actual data: A Modbus Exception Occurred - See Response Body
[2024-12-25T01:40:35.378Z] Error writing to Modbus register: A Modbus Exception Occurred - See Response Body
[2024-12-25T01:40:36.084Z] Error reading register 6507 for IP 10.30.4.128: no connection to modbus server
[2024-12-25T01:40:36.084Z] Error reading actual data: no connection to modbus server
[2024-12-25T01:40:36.084Z] Error reading or processing Modbus registers: no connection to modbus server
[2024-12-25T01:40:36.085Z] Error writing to Modbus register: no connection to modbus server
[2024-12-25T01:40:36.374Z] Error reading or processing Modbus registers: A Modbus Exception Occurred - See Response Body
[2024-12-25T01:40:36.377Z] Error reading register 6507 for IP 10.30.4.128: A Modbus Exception Occurred - See Response Body
[2024-12-25T01:40:36.377Z] Error reading actual data: A Modbus Exception Occurred - See Response Body
[2024-12-25T01:40:36.378Z] Error writing to Modbus register: A Modbus Exception Occurred - See Response Body
[2024-12-25T01:40:37.098Z] Error reading register 6507 for IP 10.30.4.128: no connection to modbus server
[2024-12-25T01:40:37.098Z] Error reading actual data: no connection to modbus server
[2024-12-25T01:40:37.098Z] Error reading or processing Modbus registers: no connection to modbus server
[2024-12-25T01:40:37.098Z] Error writing to Modbus register: no connection to modbus server
[2024-12-25T01:40:37.387Z] Error reading or processing Modbus registers: A Modbus Exception Occurred - See Response Body
[2024-12-25T01:40:37.389Z] Error reading register 6507 for IP 10.30.4.128: A Modbus Exception Occurred - See Response Body
[2024-12-25T01:40:37.390Z] Error reading actual data: A Modbus Exception Occurred - See Response Body
[2024-12-25T01:40:37.391Z] Error writing to Modbus register: A Modbus Exception Occurred - See Response Body
[2024-12-25T01:40:38.112Z] Error reading register 6507 for IP 10.30.4.128: no connection to modbus server
[2024-12-25T01:40:38.113Z] Error reading actual data: no connection to modbus server
[2024-12-25T01:40:38.113Z] Error reading or processing Modbus registers: no connection to modbus server
[2024-12-25T01:40:38.113Z] Error writing to Modbus register: no connection to modbus server
[2024-12-25T01:40:38.403Z] Error reading or processing Modbus registers: A Modbus Exception Occurred - See Response Body
[2024-12-25T01:40:38.407Z] Error reading register 6507 for IP 10.30.4.128: A Modbus Exception Occurred - See Response Body
[2024-12-25T01:40:38.408Z] Error reading actual data: A Modbus Exception Occurred - See Response Body
[2024-12-25T01:40:38.408Z] Error writing to Modbus register: A Modbus Exception Occurred - See Response Body
[2024-12-25T01:40:39.115Z] Error reading register 6507 for IP 10.30.4.128: no connection to modbus server
[2024-12-25T01:40:39.115Z] Error reading actual data: no connection to modbus server
[2024-12-25T01:40:39.115Z] Error reading or processing Modbus registers: no connection to modbus server
[2024-12-25T01:40:39.115Z] Error writing to Modbus register: no connection to modbus server
[2024-12-25T01:40:39.404Z] Error reading or processing Modbus registers: A Modbus Exception Occurred - See Response Body
[2024-12-25T01:40:39.406Z] Error reading register 6507 for IP 10.30.4.128: A Modbus Exception Occurred - See Response Body
[2024-12-25T01:40:39.409Z] Error reading actual data: A Modbus Exception Occurred - See Response Body
[2024-12-25T01:40:39.410Z] Error writing to Modbus register: A Modbus Exception Occurred - See Response Body
[2024-12-25T01:40:40.116Z] Error reading register 6507 for IP 10.30.4.128: no connection to modbus server
[2024-12-25T01:40:40.116Z] Error reading or processing Modbus registers: no connection to modbus server
[2024-12-25T01:40:40.116Z] Error reading actual data: no connection to modbus server
[2024-12-25T01:40:40.117Z] Error writing to Modbus register: no connection to modbus server
[2024-12-25T01:40:40.406Z] Error reading or processing Modbus registers: A Modbus Exception Occurred - See Response Body
[2024-12-25T01:40:40.408Z] Error reading register 6507 for IP 10.30.4.128: A Modbus Exception Occurred - See Response Body
[2024-12-25T01:40:40.409Z] Error reading actual data: A Modbus Exception Occurred - See Response Body
[2024-12-25T01:40:40.410Z] Error writing to Modbus register: A Modbus Exception Occurred - See Response Body
[2024-12-25T01:40:41.119Z] Error reading register 6507 for IP 10.30.4.128: no connection to modbus server
[2024-12-25T01:40:41.119Z] Error reading actual data: no connection to modbus server
[2024-12-25T01:40:41.119Z] Error reading or processing Modbus registers: no connection to modbus server
[2024-12-25T01:40:41.120Z] Error writing to Modbus register: no connection to modbus server
[2024-12-25T01:40:41.409Z] Error reading or processing Modbus registers: A Modbus Exception Occurred - See Response Body
[2024-12-25T01:40:41.413Z] Error reading register 6507 for IP 10.30.4.128: A Modbus Exception Occurred - See Response Body
[2024-12-25T01:40:41.414Z] Error reading actual data: A Modbus Exception Occurred - See Response Body
[2024-12-25T01:40:41.415Z] Error writing to Modbus register: A Modbus Exception Occurred - See Response Body
[2024-12-25T01:40:42.119Z] Error reading register 6507 for IP 10.30.4.128: no connection to modbus server
[2024-12-25T01:40:42.119Z] Error reading actual data: no connection to modbus server
[2024-12-25T01:40:42.119Z] Error reading or processing Modbus registers: no connection to modbus server
[2024-12-25T01:40:42.120Z] Error writing to Modbus register: no connection to modbus server
[2024-12-25T01:40:42.424Z] Error reading or processing Modbus registers: A Modbus Exception Occurred - See Response Body
[2024-12-25T01:40:42.426Z] Error reading register 6507 for IP 10.30.4.128: A Modbus Exception Occurred - See Response Body
[2024-12-25T01:40:42.427Z] Error reading actual data: A Modbus Exception Occurred - See Response Body
[2024-12-25T01:40:42.427Z] Error writing to Modbus register: A Modbus Exception Occurred - See Response Body
[2024-12-25T01:40:43.121Z] Error reading register 6507 for IP 10.30.4.128: no connection to modbus server
[2024-12-25T01:40:43.121Z] Error reading actual data: no connection to modbus server
[2024-12-25T01:40:43.121Z] Error reading or processing Modbus registers: no connection to modbus server
[2024-12-25T01:40:43.122Z] Error writing to Modbus register: no connection to modbus server
[2024-12-25T01:40:43.427Z] Error reading or processing Modbus registers: A Modbus Exception Occurred - See Response Body
[2024-12-25T01:40:43.429Z] Error reading register 6507 for IP 10.30.4.128: A Modbus Exception Occurred - See Response Body
[2024-12-25T01:40:43.430Z] Error reading actual data: A Modbus Exception Occurred - See Response Body
[2024-12-25T01:40:43.431Z] Error writing to Modbus register: A Modbus Exception Occurred - See Response Body
[2024-12-25T01:40:44.120Z] Error reading register 6507 for IP 10.30.4.128: no connection to modbus server
[2024-12-25T01:40:44.121Z] Error reading actual data: no connection to modbus server
[2024-12-25T01:40:44.121Z] Error reading or processing Modbus registers: no connection to modbus server
[2024-12-25T01:40:44.122Z] Error writing to Modbus register: no connection to modbus server
[2024-12-25T01:40:44.441Z] Error reading or processing Modbus registers: A Modbus Exception Occurred - See Response Body
[2024-12-25T01:40:44.443Z] Error reading register 6507 for IP 10.30.4.128: A Modbus Exception Occurred - See Response Body
[2024-12-25T01:40:44.444Z] Error reading actual data: A Modbus Exception Occurred - See Response Body
[2024-12-25T01:40:44.444Z] Error writing to Modbus register: A Modbus Exception Occurred - See Response Body
[2024-12-25T01:40:45.122Z] Error reading register 6507 for IP 10.30.4.128: no connection to modbus server
[2024-12-25T01:40:45.122Z] Error reading actual data: no connection to modbus server
[2024-12-25T01:40:45.122Z] Error reading or processing Modbus registers: no connection to modbus server
[2024-12-25T01:40:45.122Z] Error writing to Modbus register: no connection to modbus server
[2024-12-25T01:40:45.441Z] Error reading or processing Modbus registers: A Modbus Exception Occurred - See Response Body
[2024-12-25T01:40:45.445Z] Error reading register 6507 for IP 10.30.4.128: A Modbus Exception Occurred - See Response Body
[2024-12-25T01:40:45.446Z] Error reading actual data: A Modbus Exception Occurred - See Response Body
[2024-12-25T01:40:45.447Z] Error writing to Modbus register: A Modbus Exception Occurred - See Response Body
[2024-12-25T01:40:46.123Z] Error reading register 6507 for IP 10.30.4.128: no connection to modbus server
[2024-12-25T01:40:46.123Z] Error reading actual data: no connection to modbus server
[2024-12-25T01:40:46.123Z] Error reading or processing Modbus registers: no connection to modbus server
[2024-12-25T01:40:46.123Z] Error writing to Modbus register: no connection to modbus server
[2024-12-25T01:40:46.442Z] Error reading or processing Modbus registers: A Modbus Exception Occurred - See Response Body
[2024-12-25T01:40:46.445Z] Error reading register 6507 for IP 10.30.4.128: A Modbus Exception Occurred - See Response Body
[2024-12-25T01:40:46.446Z] Error reading actual data: A Modbus Exception Occurred - See Response Body
[2024-12-25T01:40:46.447Z] Error writing to Modbus register: A Modbus Exception Occurred - See Response Body
[2024-12-25T01:40:47.125Z] Error reading register 6507 for IP 10.30.4.128: no connection to modbus server
[2024-12-25T01:40:47.126Z] Error reading actual data: no connection to modbus server
[2024-12-25T01:40:47.126Z] Error reading or processing Modbus registers: no connection to modbus server
[2024-12-25T01:40:47.126Z] Error writing to Modbus register: no connection to modbus server
[2024-12-25T01:40:47.448Z] Error reading or processing Modbus registers: A Modbus Exception Occurred - See Response Body
[2024-12-25T01:40:47.452Z] Error reading register 6507 for IP 10.30.4.128: A Modbus Exception Occurred - See Response Body
[2024-12-25T01:40:47.453Z] Error reading actual data: A Modbus Exception Occurred - See Response Body
[2024-12-25T01:40:47.453Z] Error writing to Modbus register: A Modbus Exception Occurred - See Response Body
[2024-12-25T01:40:48.129Z] Error reading register 6507 for IP 10.30.4.128: no connection to modbus server
[2024-12-25T01:40:48.129Z] Error reading actual data: no connection to modbus server
[2024-12-25T01:40:48.129Z] Error reading or processing Modbus registers: no connection to modbus server
[2024-12-25T01:40:48.129Z] Error writing to Modbus register: no connection to modbus server
[2024-12-25T01:40:48.450Z] Error reading or processing Modbus registers: A Modbus Exception Occurred - See Response Body
[2024-12-25T01:40:48.451Z] Error reading register 6507 for IP 10.30.4.128: A Modbus Exception Occurred - See Response Body
[2024-12-25T01:40:48.452Z] Error reading actual data: A Modbus Exception Occurred - See Response Body
[2024-12-25T01:40:48.453Z] Error writing to Modbus register: A Modbus Exception Occurred - See Response Body
[2024-12-25T01:40:49.132Z] Error reading register 6507 for IP 10.30.4.128: no connection to modbus server
[2024-12-25T01:40:49.132Z] Error reading actual data: no connection to modbus server
[2024-12-25T01:40:49.133Z] Error reading or processing Modbus registers: no connection to modbus server
[2024-12-25T01:40:49.133Z] Error writing to Modbus register: no connection to modbus server
[2024-12-25T01:40:49.452Z] Error reading or processing Modbus registers: A Modbus Exception Occurred - See Response Body
[2024-12-25T01:40:49.455Z] Error reading register 6507 for IP 10.30.4.128: A Modbus Exception Occurred - See Response Body
[2024-12-25T01:40:49.455Z] Error reading actual data: A Modbus Exception Occurred - See Response Body
[2024-12-25T01:40:49.456Z] Error writing to Modbus register: A Modbus Exception Occurred - See Response Body
[2024-12-25T01:40:50.134Z] Error reading register 6507 for IP 10.30.4.128: no connection to modbus server
[2024-12-25T01:40:50.134Z] Error reading actual data: no connection to modbus server
[2024-12-25T01:40:50.134Z] Error reading or processing Modbus registers: no connection to modbus server
[2024-12-25T01:40:50.135Z] Error writing to Modbus register: no connection to modbus server
[2024-12-25T01:40:50.453Z] Error reading or processing Modbus registers: A Modbus Exception Occurred - See Response Body
[2024-12-25T01:40:50.455Z] Error reading register 6507 for IP 10.30.4.128: A Modbus Exception Occurred - See Response Body
[2024-12-25T01:40:50.456Z] Error reading actual data: A Modbus Exception Occurred - See Response Body
[2024-12-25T01:40:50.456Z] Error writing to Modbus register: A Modbus Exception Occurred - See Response Body
[2024-12-25T01:40:51.135Z] Error reading register 6507 for IP 10.30.4.128: no connection to modbus server
[2024-12-25T01:40:51.135Z] Error reading actual data: no connection to modbus server
[2024-12-25T01:40:51.135Z] Error reading or processing Modbus registers: no connection to modbus server
[2024-12-25T01:40:51.136Z] Error writing to Modbus register: no connection to modbus server
[2024-12-25T01:40:51.455Z] Error reading or processing Modbus registers: A Modbus Exception Occurred - See Response Body
[2024-12-25T01:40:51.457Z] Error reading register 6507 for IP 10.30.4.128: A Modbus Exception Occurred - See Response Body
[2024-12-25T01:40:51.457Z] Error reading actual data: A Modbus Exception Occurred - See Response Body
[2024-12-25T01:40:51.458Z] Error writing to Modbus register: A Modbus Exception Occurred - See Response Body
[2024-12-25T01:40:52.135Z] Error reading register 6507 for IP 10.30.4.128: no connection to modbus server
[2024-12-25T01:40:52.135Z] Error reading actual data: no connection to modbus server
[2024-12-25T01:40:52.136Z] Error reading or processing Modbus registers: no connection to modbus server
[2024-12-25T01:40:52.136Z] Error writing to Modbus register: no connection to modbus server
[2024-12-25T01:40:52.455Z] Error reading or processing Modbus registers: A Modbus Exception Occurred - See Response Body
[2024-12-25T01:40:52.457Z] Error reading register 6507 for IP 10.30.4.128: A Modbus Exception Occurred - See Response Body
[2024-12-25T01:40:52.458Z] Error reading actual data: A Modbus Exception Occurred - See Response Body
[2024-12-25T01:40:52.458Z] Error writing to Modbus register: A Modbus Exception Occurred - See Response Body
[2024-12-25T01:40:53.136Z] Error reading register 6507 for IP 10.30.4.128: no connection to modbus server
[2024-12-25T01:40:53.136Z] Error reading actual data: no connection to modbus server
[2024-12-25T01:40:53.136Z] Error reading or processing Modbus registers: no connection to modbus server
[2024-12-25T01:40:53.136Z] Error writing to Modbus register: no connection to modbus server
[2024-12-25T01:40:53.471Z] Error reading or processing Modbus registers: A Modbus Exception Occurred - See Response Body
[2024-12-25T01:40:53.473Z] Error reading register 6507 for IP 10.30.4.128: A Modbus Exception Occurred - See Response Body
[2024-12-25T01:40:53.474Z] Error reading actual data: A Modbus Exception Occurred - See Response Body
[2024-12-25T01:40:53.474Z] Error writing to Modbus register: A Modbus Exception Occurred - See Response Body
[2024-12-25T01:40:54.136Z] Error reading register 6507 for IP 10.30.4.128: no connection to modbus server
[2024-12-25T01:40:54.136Z] Error reading actual data: no connection to modbus server
[2024-12-25T01:40:54.136Z] Error reading or processing Modbus registers: no connection to modbus server
[2024-12-25T01:40:54.137Z] Error writing to Modbus register: no connection to modbus server
[2024-12-25T01:40:54.473Z] Error reading or processing Modbus registers: A Modbus Exception Occurred - See Response Body
[2024-12-25T01:40:54.475Z] Error reading register 6507 for IP 10.30.4.128: A Modbus Exception Occurred - See Response Body
[2024-12-25T01:40:54.475Z] Error reading actual data: A Modbus Exception Occurred - See Response Body
[2024-12-25T01:40:54.476Z] Error writing to Modbus register: A Modbus Exception Occurred - See Response Body
[2024-12-25T01:40:55.138Z] Error reading register 6507 for IP 10.30.4.128: no connection to modbus server
[2024-12-25T01:40:55.138Z] Error reading actual data: no connection to modbus server
[2024-12-25T01:40:55.138Z] Error reading or processing Modbus registers: no connection to modbus server
[2024-12-25T01:40:55.139Z] Error writing to Modbus register: no connection to modbus server
[2024-12-25T01:40:55.473Z] Error reading or processing Modbus registers: A Modbus Exception Occurred - See Response Body
[2024-12-25T01:40:55.476Z] Error reading register 6507 for IP 10.30.4.128: A Modbus Exception Occurred - See Response Body
[2024-12-25T01:40:55.476Z] Error reading actual data: A Modbus Exception Occurred - See Response Body
[2024-12-25T01:40:55.477Z] Error writing to Modbus register: A Modbus Exception Occurred - See Response Body
[2024-12-25T01:40:56.139Z] Error reading actual data: no connection to modbus server
[2024-12-25T01:40:56.139Z] Error reading register 6507 for IP 10.30.4.128: no connection to modbus server
[2024-12-25T01:40:56.139Z] Error reading or processing Modbus registers: no connection to modbus server
[2024-12-25T01:40:56.139Z] Error writing to Modbus register: no connection to modbus server
[2024-12-25T01:40:56.488Z] Error reading or processing Modbus registers: A Modbus Exception Occurred - See Response Body
[2024-12-25T01:40:56.490Z] Error reading register 6507 for IP 10.30.4.128: A Modbus Exception Occurred - See Response Body
[2024-12-25T01:40:56.491Z] Error reading actual data: A Modbus Exception Occurred - See Response Body
[2024-12-25T01:40:56.491Z] Error writing to Modbus register: A Modbus Exception Occurred - See Response Body
[2024-12-25T01:40:57.138Z] Error reading register 6507 for IP 10.30.4.128: no connection to modbus server
[2024-12-25T01:40:57.138Z] Error reading actual data: no connection to modbus server
[2024-12-25T01:40:57.139Z] Error reading or processing Modbus registers: no connection to modbus server
[2024-12-25T01:40:57.153Z] Error writing to Modbus register: no connection to modbus server
[2024-12-25T01:40:57.488Z] Error reading or processing Modbus registers: A Modbus Exception Occurred - See Response Body
[2024-12-25T01:40:57.491Z] Error reading register 6507 for IP 10.30.4.128: A Modbus Exception Occurred - See Response Body
[2024-12-25T01:40:57.491Z] Error reading actual data: A Modbus Exception Occurred - See Response Body
[2024-12-25T01:40:57.492Z] Error writing to Modbus register: A Modbus Exception Occurred - See Response Body
[2024-12-25T01:40:58.139Z] Error reading register 6507 for IP 10.30.4.128: no connection to modbus server
[2024-12-25T01:40:58.139Z] Error reading actual data: no connection to modbus server
[2024-12-25T01:40:58.139Z] Error reading or processing Modbus registers: no connection to modbus server
[2024-12-25T01:40:58.153Z] Error writing to Modbus register: no connection to modbus server
[2024-12-25T01:40:58.502Z] Error reading or processing Modbus registers: A Modbus Exception Occurred - See Response Body
[2024-12-25T01:40:58.504Z] Error reading register 6507 for IP 10.30.4.128: A Modbus Exception Occurred - See Response Body
[2024-12-25T01:40:58.505Z] Error reading actual data: A Modbus Exception Occurred - See Response Body
[2024-12-25T01:40:58.506Z] Error writing to Modbus register: A Modbus Exception Occurred - See Response Body
[2024-12-25T01:40:59.139Z] Error reading register 6507 for IP 10.30.4.128: no connection to modbus server
[2024-12-25T01:40:59.139Z] Error reading actual data: no connection to modbus server
[2024-12-25T01:40:59.139Z] Error reading or processing Modbus registers: no connection to modbus server
[2024-12-25T01:40:59.154Z] Error writing to Modbus register: no connection to modbus server
[2024-12-25T01:40:59.503Z] Error reading or processing Modbus registers: A Modbus Exception Occurred - See Response Body
[2024-12-25T01:40:59.505Z] Error reading register 6507 for IP 10.30.4.128: A Modbus Exception Occurred - See Response Body
[2024-12-25T01:40:59.506Z] Error reading actual data: A Modbus Exception Occurred - See Response Body
[2024-12-25T01:40:59.507Z] Error writing to Modbus register: A Modbus Exception Occurred - See Response Body
[2024-12-25T01:41:00.148Z] Error reading register 6507 for IP 10.30.4.128: no connection to modbus server
[2024-12-25T01:41:00.148Z] Error reading actual data: no connection to modbus server
[2024-12-25T01:41:00.148Z] Error reading or processing Modbus registers: no connection to modbus server
[2024-12-25T01:41:00.164Z] Error writing to Modbus register: no connection to modbus server
[2024-12-25T01:41:00.515Z] Error reading or processing Modbus registers: A Modbus Exception Occurred - See Response Body
[2024-12-25T01:41:00.518Z] Error reading register 6507 for IP 10.30.4.128: A Modbus Exception Occurred - See Response Body
[2024-12-25T01:41:00.519Z] Error reading actual data: A Modbus Exception Occurred - See Response Body
[2024-12-25T01:41:00.519Z] Error writing to Modbus register: A Modbus Exception Occurred - See Response Body
[2024-12-25T01:41:01.152Z] Error reading register 6507 for IP 10.30.4.128: no connection to modbus server
[2024-12-25T01:41:01.153Z] Error reading actual data: no connection to modbus server
[2024-12-25T01:41:01.153Z] Error reading or processing Modbus registers: no connection to modbus server
[2024-12-25T01:41:01.167Z] Error writing to Modbus register: no connection to modbus server
[2024-12-25T01:41:01.518Z] Error reading or processing Modbus registers: A Modbus Exception Occurred - See Response Body
[2024-12-25T01:41:01.520Z] Error reading register 6507 for IP 10.30.4.128: A Modbus Exception Occurred - See Response Body
[2024-12-25T01:41:01.521Z] Error reading actual data: A Modbus Exception Occurred - See Response Body
[2024-12-25T01:41:01.522Z] Error writing to Modbus register: A Modbus Exception Occurred - See Response Body
[2024-12-25T01:41:02.166Z] Error reading register 6507 for IP 10.30.4.128: no connection to modbus server
[2024-12-25T01:41:02.166Z] Error reading actual data: no connection to modbus server
[2024-12-25T01:41:02.166Z] Error reading or processing Modbus registers: no connection to modbus server
[2024-12-25T01:41:02.167Z] Error writing to Modbus register: no connection to modbus server
[2024-12-25T01:41:02.531Z] Error reading or processing Modbus registers: A Modbus Exception Occurred - See Response Body
[2024-12-25T01:41:02.534Z] Error reading register 6507 for IP 10.30.4.128: A Modbus Exception Occurred - See Response Body
[2024-12-25T01:41:02.535Z] Error reading actual data: A Modbus Exception Occurred - See Response Body
[2024-12-25T01:41:02.535Z] Error writing to Modbus register: A Modbus Exception Occurred - See Response Body
[2024-12-25T01:41:03.166Z] Error reading register 6507 for IP 10.30.4.128: no connection to modbus server
[2024-12-25T01:41:03.167Z] Error reading actual data: no connection to modbus server
[2024-12-25T01:41:03.167Z] Error reading or processing Modbus registers: no connection to modbus server
[2024-12-25T01:41:03.167Z] Error writing to Modbus register: no connection to modbus server
[2024-12-25T01:41:03.546Z] Error reading or processing Modbus registers: A Modbus Exception Occurred - See Response Body
[2024-12-25T01:41:03.548Z] Error reading register 6507 for IP 10.30.4.128: A Modbus Exception Occurred - See Response Body
[2024-12-25T01:41:03.549Z] Error reading actual data: A Modbus Exception Occurred - See Response Body
[2024-12-25T01:41:03.550Z] Error writing to Modbus register: A Modbus Exception Occurred - See Response Body
[2024-12-25T01:41:04.180Z] Error reading register 6507 for IP 10.30.4.128: no connection to modbus server
[2024-12-25T01:41:04.180Z] Error reading actual data: no connection to modbus server
[2024-12-25T01:41:04.181Z] Error reading or processing Modbus registers: no connection to modbus server
[2024-12-25T01:41:04.182Z] Error writing to Modbus register: no connection to modbus server
[2024-12-25T01:41:05.022Z] Unable to connect to device at 10.30.4.128: read ECONNRESET
[2024-12-25T01:41:05.023Z] Error reading register 6507 for IP 10.30.4.128: rejecting because of earlier OutOfSync error
[2024-12-25T01:41:05.023Z] Error reading actual data: rejecting because of earlier OutOfSync error
[2024-12-25T01:41:05.023Z] Error writing to Modbus register: rejecting because of earlier OutOfSync error
[2024-12-25T01:41:05.023Z] Error reading or processing Modbus registers: connection to modbus server closed
[2024-12-25T01:41:05.181Z] Error reading register 6507 for IP 10.30.4.128: no connection to modbus server
[2024-12-25T01:41:05.181Z] Error reading actual data: no connection to modbus server
[2024-12-25T01:41:05.182Z] Error reading or processing Modbus registers: no connection to modbus server
[2024-12-25T01:41:05.182Z] Error writing to Modbus register: no connection to modbus server
[2024-12-25T01:41:05.561Z] Error reading register 6507 for IP 10.30.4.128: no connection to modbus server
[2024-12-25T01:41:05.561Z] Error reading actual data: no connection to modbus server
[2024-12-25T01:41:05.561Z] Error reading or processing Modbus registers: no connection to modbus server
[2024-12-25T01:41:05.561Z] Error writing to Modbus register: no connection to modbus server
[2024-12-25T01:41:06.182Z] Error reading register 6507 for IP 10.30.4.128: no connection to modbus server
[2024-12-25T01:41:06.182Z] Error reading actual data: no connection to modbus server
[2024-12-25T01:41:06.183Z] Error reading or processing Modbus registers: no connection to modbus server
[2024-12-25T01:41:06.183Z] Error writing to Modbus register: no connection to modbus server
[2024-12-25T01:41:06.576Z] Error reading register 6507 for IP 10.30.4.128: no connection to modbus server
[2024-12-25T01:41:06.576Z] Error reading actual data: no connection to modbus server
[2024-12-25T01:41:06.576Z] Error reading or processing Modbus registers: no connection to modbus server
[2024-12-25T01:41:06.576Z] Error writing to Modbus register: no connection to modbus server
[2024-12-25T01:41:07.187Z] Error reading register 6507 for IP 10.30.4.128: no connection to modbus server
[2024-12-25T01:41:07.187Z] Error reading actual data: no connection to modbus server
[2024-12-25T01:41:07.187Z] Error reading or processing Modbus registers: no connection to modbus server
[2024-12-25T01:41:07.187Z] Error writing to Modbus register: no connection to modbus server
[2024-12-25T01:41:07.583Z] Error reading register 6507 for IP 10.30.4.128: no connection to modbus server
[2024-12-25T01:41:07.583Z] Error reading actual data: no connection to modbus server
[2024-12-25T01:41:07.583Z] Error reading or processing Modbus registers: no connection to modbus server
[2024-12-25T01:41:07.584Z] Error writing to Modbus register: no connection to modbus server
[2024-12-25T01:41:08.196Z] Error reading register 6507 for IP 10.30.4.128: no connection to modbus server
[2024-12-25T01:41:08.196Z] Error reading actual data: no connection to modbus server
[2024-12-25T01:41:08.196Z] Error reading or processing Modbus registers: no connection to modbus server
[2024-12-25T01:41:08.197Z] Error writing to Modbus register: no connection to modbus server
[2024-12-25T01:41:08.593Z] Error reading register 6507 for IP 10.30.4.128: no connection to modbus server
[2024-12-25T01:41:08.593Z] Error reading actual data: no connection to modbus server
[2024-12-25T01:41:08.593Z] Error reading or processing Modbus registers: no connection to modbus server
[2024-12-25T01:41:08.594Z] Error writing to Modbus register: no connection to modbus server
[2024-12-25T01:41:09.202Z] Error reading register 6507 for IP 10.30.4.128: no connection to modbus server
[2024-12-25T01:41:09.202Z] Error reading actual data: no connection to modbus server
[2024-12-25T01:41:09.202Z] Error reading or processing Modbus registers: no connection to modbus server
[2024-12-25T01:41:09.203Z] Error writing to Modbus register: no connection to modbus server
[2024-12-25T01:41:09.599Z] Error reading register 6507 for IP 10.30.4.128: no connection to modbus server
[2024-12-25T01:41:09.599Z] Error reading actual data: no connection to modbus server
[2024-12-25T01:41:09.599Z] Error reading or processing Modbus registers: no connection to modbus server
[2024-12-25T01:41:09.600Z] Error writing to Modbus register: no connection to modbus server
[2024-12-25T01:41:10.210Z] Error reading register 6507 for IP 10.30.4.128: no connection to modbus server
[2024-12-25T01:41:10.210Z] Error reading or processing Modbus registers: no connection to modbus server
[2024-12-25T01:41:10.210Z] Error reading actual data: no connection to modbus server
[2024-12-25T01:41:10.210Z] Error writing to Modbus register: no connection to modbus server
[2024-12-25T01:41:10.608Z] Error reading register 6507 for IP 10.30.4.128: no connection to modbus server
[2024-12-25T01:41:10.608Z] Error reading actual data: no connection to modbus server
[2024-12-25T01:41:10.608Z] Error reading or processing Modbus registers: no connection to modbus server
[2024-12-25T01:41:10.608Z] Error writing to Modbus register: no connection to modbus server
[2024-12-25T01:41:11.224Z] Error reading register 6507 for IP 10.30.4.128: no connection to modbus server
[2024-12-25T01:41:11.224Z] Error reading actual data: no connection to modbus server
[2024-12-25T01:41:11.225Z] Error reading or processing Modbus registers: no connection to modbus server
[2024-12-25T01:41:11.225Z] Error writing to Modbus register: no connection to modbus server
[2024-12-25T01:41:11.620Z] Error reading register 6507 for IP 10.30.4.128: no connection to modbus server
[2024-12-25T01:41:11.621Z] Error reading actual data: no connection to modbus server
[2024-12-25T01:41:11.621Z] Error reading or processing Modbus registers: no connection to modbus server
[2024-12-25T01:41:11.621Z] Error writing to Modbus register: no connection to modbus server
[2024-12-25T01:41:12.229Z] Error reading register 6507 for IP 10.30.4.128: no connection to modbus server
[2024-12-25T01:41:12.229Z] Error reading actual data: no connection to modbus server
[2024-12-25T01:41:12.229Z] Error reading or processing Modbus registers: no connection to modbus server
[2024-12-25T01:41:12.230Z] Error writing to Modbus register: no connection to modbus server
[2024-12-25T01:41:12.622Z] Error reading register 6507 for IP 10.30.4.128: no connection to modbus server
[2024-12-25T01:41:12.622Z] Error reading actual data: no connection to modbus server
[2024-12-25T01:41:12.622Z] Error reading or processing Modbus registers: no connection to modbus server
[2024-12-25T01:41:12.623Z] Error writing to Modbus register: no connection to modbus server
[2024-12-25T01:41:13.240Z] Error reading register 6507 for IP 10.30.4.128: no connection to modbus server
[2024-12-25T01:41:13.241Z] Error reading actual data: no connection to modbus server
[2024-12-25T01:41:13.241Z] Error reading or processing Modbus registers: no connection to modbus server
[2024-12-25T01:41:13.242Z] Error writing to Modbus register: no connection to modbus server
[2024-12-25T01:41:13.637Z] Error reading register 6507 for IP 10.30.4.128: no connection to modbus server
[2024-12-25T01:41:13.637Z] Error reading actual data: no connection to modbus server
[2024-12-25T01:41:13.637Z] Error reading or processing Modbus registers: no connection to modbus server
[2024-12-25T01:41:13.638Z] Error writing to Modbus register: no connection to modbus server
[2024-12-25T01:41:14.246Z] Error reading register 6507 for IP 10.30.4.128: no connection to modbus server
[2024-12-25T01:41:14.246Z] Error reading actual data: no connection to modbus server
[2024-12-25T01:41:14.247Z] Error reading or processing Modbus registers: no connection to modbus server
[2024-12-25T01:41:14.247Z] Error writing to Modbus register: no connection to modbus server
[2024-12-25T01:41:14.643Z] Error reading register 6507 for IP 10.30.4.128: no connection to modbus server
[2024-12-25T01:41:14.643Z] Error reading actual data: no connection to modbus server
[2024-12-25T01:41:14.643Z] Error reading or processing Modbus registers: no connection to modbus server
[2024-12-25T01:41:14.643Z] Error writing to Modbus register: no connection to modbus server
[2024-12-25T01:41:15.103Z] Error reading or processing Modbus registers: A Modbus Exception Occurred - See Response Body
[2024-12-25T01:41:15.107Z] Error reading register 6507 for IP 10.30.4.128: A Modbus Exception Occurred - See Response Body
[2024-12-25T01:41:15.108Z] Error reading actual data: A Modbus Exception Occurred - See Response Body
[2024-12-25T01:41:15.109Z] Error writing to Modbus register: A Modbus Exception Occurred - See Response Body
[2024-12-25T01:41:15.251Z] Error reading register 6507 for IP 10.30.4.128: no connection to modbus server
[2024-12-25T01:41:15.251Z] Error reading actual data: no connection to modbus server
[2024-12-25T01:41:15.251Z] Error reading or processing Modbus registers: no connection to modbus server
[2024-12-25T01:41:15.251Z] Error writing to Modbus register: no connection to modbus server
[2024-12-25T01:41:15.648Z] Error reading register 6507 for IP 10.30.4.128: no connection to modbus server
[2024-12-25T01:41:15.648Z] Error reading actual data: no connection to modbus server
[2024-12-25T01:41:15.649Z] Error reading or processing Modbus registers: no connection to modbus server
[2024-12-25T01:41:15.649Z] Error writing to Modbus register: no connection to modbus server
[2024-12-25T01:41:16.109Z] Error reading or processing Modbus registers: A Modbus Exception Occurred - See Response Body
[2024-12-25T01:41:16.113Z] Error reading register 6507 for IP 10.30.4.128: A Modbus Exception Occurred - See Response Body
[2024-12-25T01:41:16.113Z] Error reading actual data: A Modbus Exception Occurred - See Response Body
[2024-12-25T01:41:16.114Z] Error writing to Modbus register: A Modbus Exception Occurred - See Response Body
[2024-12-25T01:41:16.262Z] Error reading register 6507 for IP 10.30.4.128: no connection to modbus server
[2024-12-25T01:41:16.263Z] Error reading actual data: no connection to modbus server
[2024-12-25T01:41:16.263Z] Error reading or processing Modbus registers: no connection to modbus server
[2024-12-25T01:41:16.264Z] Error writing to Modbus register: no connection to modbus server
[2024-12-25T01:41:16.662Z] Error reading register 6507 for IP 10.30.4.128: no connection to modbus server
[2024-12-25T01:41:16.663Z] Error reading actual data: no connection to modbus server
[2024-12-25T01:41:16.663Z] Error reading or processing Modbus registers: no connection to modbus server
[2024-12-25T01:41:16.663Z] Error writing to Modbus register: no connection to modbus server
[2024-12-25T01:41:17.121Z] Error reading or processing Modbus registers: A Modbus Exception Occurred - See Response Body
[2024-12-25T01:41:17.123Z] Error reading register 6507 for IP 10.30.4.128: A Modbus Exception Occurred - See Response Body
[2024-12-25T01:41:17.124Z] Error reading actual data: A Modbus Exception Occurred - See Response Body
[2024-12-25T01:41:17.124Z] Error writing to Modbus register: A Modbus Exception Occurred - See Response Body
[2024-12-25T01:41:17.273Z] Error reading register 6507 for IP 10.30.4.128: no connection to modbus server
[2024-12-25T01:41:17.273Z] Error reading actual data: no connection to modbus server
[2024-12-25T01:41:17.273Z] Error reading or processing Modbus registers: no connection to modbus server
[2024-12-25T01:41:17.273Z] Error writing to Modbus register: no connection to modbus server
[2024-12-25T01:41:17.670Z] Error reading register 6507 for IP 10.30.4.128: no connection to modbus server
[2024-12-25T01:41:17.670Z] Error reading actual data: no connection to modbus server
[2024-12-25T01:41:17.670Z] Error reading or processing Modbus registers: no connection to modbus server
[2024-12-25T01:41:17.670Z] Error writing to Modbus register: no connection to modbus server
[2024-12-25T01:41:18.129Z] Error reading or processing Modbus registers: A Modbus Exception Occurred - See Response Body
[2024-12-25T01:41:18.131Z] Error reading register 6507 for IP 10.30.4.128: A Modbus Exception Occurred - See Response Body
[2024-12-25T01:41:18.132Z] Error reading actual data: A Modbus Exception Occurred - See Response Body
[2024-12-25T01:41:18.133Z] Error writing to Modbus register: A Modbus Exception Occurred - See Response Body
[2024-12-25T01:41:18.282Z] Error reading register 6507 for IP 10.30.4.128: no connection to modbus server
[2024-12-25T01:41:18.282Z] Error reading actual data: no connection to modbus server
[2024-12-25T01:41:18.282Z] Error reading or processing Modbus registers: no connection to modbus server
[2024-12-25T01:41:18.282Z] Error writing to Modbus register: no connection to modbus server
[2024-12-25T01:41:18.680Z] Error reading register 6507 for IP 10.30.4.128: no connection to modbus server
[2024-12-25T01:41:18.680Z] Error reading actual data: no connection to modbus server
[2024-12-25T01:41:18.680Z] Error reading or processing Modbus registers: no connection to modbus server
[2024-12-25T01:41:18.681Z] Error writing to Modbus register: no connection to modbus server
[2024-12-25T01:41:19.139Z] Error reading or processing Modbus registers: A Modbus Exception Occurred - See Response Body
[2024-12-25T01:41:19.141Z] Error reading register 6507 for IP 10.30.4.128: A Modbus Exception Occurred - See Response Body
[2024-12-25T01:41:19.142Z] Error reading actual data: A Modbus Exception Occurred - See Response Body
[2024-12-25T01:41:19.142Z] Error writing to Modbus register: A Modbus Exception Occurred - See Response Body
[2024-12-25T01:41:19.289Z] Error reading register 6507 for IP 10.30.4.128: no connection to modbus server
[2024-12-25T01:41:19.289Z] Error reading actual data: no connection to modbus server
[2024-12-25T01:41:19.289Z] Error reading or processing Modbus registers: no connection to modbus server
[2024-12-25T01:41:19.290Z] Error writing to Modbus register: no connection to modbus server
[2024-12-25T01:41:19.686Z] Error reading register 6507 for IP 10.30.4.128: no connection to modbus server
[2024-12-25T01:41:19.686Z] Error reading actual data: no connection to modbus server
[2024-12-25T01:41:19.686Z] Error reading or processing Modbus registers: no connection to modbus server
[2024-12-25T01:41:19.686Z] Error writing to Modbus register: no connection to modbus server
[2024-12-25T01:41:20.141Z] Error reading or processing Modbus registers: A Modbus Exception Occurred - See Response Body
[2024-12-25T01:41:20.143Z] Error reading register 6507 for IP 10.30.4.128: A Modbus Exception Occurred - See Response Body
[2024-12-25T01:41:20.144Z] Error reading actual data: A Modbus Exception Occurred - See Response Body
[2024-12-25T01:41:20.146Z] Error writing to Modbus register: A Modbus Exception Occurred - See Response Body
[2024-12-25T01:41:20.294Z] Error reading register 6507 for IP 10.30.4.128: no connection to modbus server
[2024-12-25T01:41:20.294Z] Error reading actual data: no connection to modbus server
[2024-12-25T01:41:20.294Z] Error reading or processing Modbus registers: no connection to modbus server
[2024-12-25T01:41:20.295Z] Error writing to Modbus register: no connection to modbus server
[2024-12-25T01:41:20.687Z] Error reading register 6507 for IP 10.30.4.128: no connection to modbus server
[2024-12-25T01:41:20.687Z] Error reading actual data: no connection to modbus server
[2024-12-25T01:41:20.687Z] Error reading or processing Modbus registers: no connection to modbus server
[2024-12-25T01:41:20.687Z] Error writing to Modbus register: no connection to modbus server
[2024-12-25T01:41:21.142Z] Error reading or processing Modbus registers: A Modbus Exception Occurred - See Response Body
[2024-12-25T01:41:21.145Z] Error reading register 6507 for IP 10.30.4.128: A Modbus Exception Occurred - See Response Body
[2024-12-25T01:41:21.145Z] Error reading actual data: A Modbus Exception Occurred - See Response Body
[2024-12-25T01:41:21.146Z] Error writing to Modbus register: A Modbus Exception Occurred - See Response Body
[2024-12-25T01:41:21.307Z] Error reading register 6507 for IP 10.30.4.128: no connection to modbus server
[2024-12-25T01:41:21.307Z] Error reading actual data: no connection to modbus server
[2024-12-25T01:41:21.307Z] Error reading or processing Modbus registers: no connection to modbus server
[2024-12-25T01:41:21.308Z] Error writing to Modbus register: no connection to modbus server
[2024-12-25T01:41:21.700Z] Error reading register 6507 for IP 10.30.4.128: no connection to modbus server
[2024-12-25T01:41:21.700Z] Error reading actual data: no connection to modbus server
[2024-12-25T01:41:21.700Z] Error reading or processing Modbus registers: no connection to modbus server
[2024-12-25T01:41:21.701Z] Error writing to Modbus register: no connection to modbus server
[2024-12-25T01:41:22.156Z] Error reading or processing Modbus registers: A Modbus Exception Occurred - See Response Body
[2024-12-25T01:41:22.158Z] Error reading register 6507 for IP 10.30.4.128: A Modbus Exception Occurred - See Response Body
[2024-12-25T01:41:22.159Z] Error reading actual data: A Modbus Exception Occurred - See Response Body
[2024-12-25T01:41:22.161Z] Error writing to Modbus register: A Modbus Exception Occurred - See Response Body
[2024-12-25T01:41:22.306Z] Error reading register 6507 for IP 10.30.4.128: no connection to modbus server
[2024-12-25T01:41:22.306Z] Error reading actual data: no connection to modbus server
[2024-12-25T01:41:22.306Z] Error reading or processing Modbus registers: no connection to modbus server
[2024-12-25T01:41:22.321Z] Error writing to Modbus register: no connection to modbus server
[2024-12-25T01:41:22.715Z] Error reading register 6507 for IP 10.30.4.128: no connection to modbus server
[2024-12-25T01:41:22.715Z] Error reading actual data: no connection to modbus server
[2024-12-25T01:41:22.715Z] Error reading or processing Modbus registers: no connection to modbus server
[2024-12-25T01:41:22.716Z] Error writing to Modbus register: no connection to modbus server
[2024-12-25T01:41:23.156Z] Error reading or processing Modbus registers: A Modbus Exception Occurred - See Response Body
[2024-12-25T01:41:23.159Z] Error reading register 6507 for IP 10.30.4.128: A Modbus Exception Occurred - See Response Body
[2024-12-25T01:41:23.159Z] Error reading actual data: A Modbus Exception Occurred - See Response Body
[2024-12-25T01:41:23.160Z] Error writing to Modbus register: A Modbus Exception Occurred - See Response Body
[2024-12-25T01:41:23.307Z] Error reading register 6507 for IP 10.30.4.128: no connection to modbus server
[2024-12-25T01:41:23.307Z] Error reading actual data: no connection to modbus server
[2024-12-25T01:41:23.307Z] Error reading or processing Modbus registers: no connection to modbus server
[2024-12-25T01:41:23.322Z] Error writing to Modbus register: no connection to modbus server
[2024-12-25T01:41:23.717Z] Error reading register 6507 for IP 10.30.4.128: no connection to modbus server
[2024-12-25T01:41:23.717Z] Error reading actual data: no connection to modbus server
[2024-12-25T01:41:23.717Z] Error reading or processing Modbus registers: no connection to modbus server
[2024-12-25T01:41:23.718Z] Error writing to Modbus register: no connection to modbus server
[2024-12-25T01:41:24.156Z] Error reading or processing Modbus registers: A Modbus Exception Occurred - See Response Body
[2024-12-25T01:41:24.159Z] Error reading register 6507 for IP 10.30.4.128: A Modbus Exception Occurred - See Response Body
[2024-12-25T01:41:24.159Z] Error reading actual data: A Modbus Exception Occurred - See Response Body
[2024-12-25T01:41:24.160Z] Error writing to Modbus register: A Modbus Exception Occurred - See Response Body
[2024-12-25T01:41:24.323Z] Error reading register 6507 for IP 10.30.4.128: no connection to modbus server
[2024-12-25T01:41:24.323Z] Error reading actual data: no connection to modbus server
[2024-12-25T01:41:24.323Z] Error reading or processing Modbus registers: no connection to modbus server
[2024-12-25T01:41:24.323Z] Error writing to Modbus register: no connection to modbus server
[2024-12-25T01:41:24.717Z] Error reading register 6507 for IP 10.30.4.128: no connection to modbus server
[2024-12-25T01:41:24.718Z] Error reading actual data: no connection to modbus server
[2024-12-25T01:41:24.718Z] Error reading or processing Modbus registers: no connection to modbus server
[2024-12-25T01:41:24.732Z] Error writing to Modbus register: no connection to modbus server
[2024-12-25T01:41:25.160Z] Error reading or processing Modbus registers: A Modbus Exception Occurred - See Response Body
[2024-12-25T01:41:25.163Z] Error reading register 6507 for IP 10.30.4.128: A Modbus Exception Occurred - See Response Body
[2024-12-25T01:41:25.163Z] Error reading actual data: A Modbus Exception Occurred - See Response Body
[2024-12-25T01:41:25.164Z] Error writing to Modbus register: A Modbus Exception Occurred - See Response Body
[2024-12-25T01:41:25.327Z] Error reading register 6507 for IP 10.30.4.128: no connection to modbus server
[2024-12-25T01:41:25.327Z] Error reading actual data: no connection to modbus server
[2024-12-25T01:41:25.327Z] Error reading or processing Modbus registers: no connection to modbus server
[2024-12-25T01:41:25.327Z] Error writing to Modbus register: no connection to modbus server
[2024-12-25T01:41:25.718Z] Error reading register 6507 for IP 10.30.4.128: no connection to modbus server
[2024-12-25T01:41:25.718Z] Error reading actual data: no connection to modbus server
[2024-12-25T01:41:25.719Z] Error reading or processing Modbus registers: no connection to modbus server
[2024-12-25T01:41:25.733Z] Error writing to Modbus register: no connection to modbus server
[2024-12-25T01:41:26.175Z] Error reading or processing Modbus registers: A Modbus Exception Occurred - See Response Body
[2024-12-25T01:41:26.177Z] Error reading register 6507 for IP 10.30.4.128: A Modbus Exception Occurred - See Response Body
[2024-12-25T01:41:26.178Z] Error reading actual data: A Modbus Exception Occurred - See Response Body
[2024-12-25T01:41:26.179Z] Error writing to Modbus register: A Modbus Exception Occurred - See Response Body
[2024-12-25T01:41:26.340Z] Error reading register 6507 for IP 10.30.4.128: no connection to modbus server
[2024-12-25T01:41:26.341Z] Error reading or processing Modbus registers: no connection to modbus server
[2024-12-25T01:41:26.341Z] Error reading actual data: no connection to modbus server
[2024-12-25T01:41:26.341Z] Error writing to Modbus register: no connection to modbus server
[2024-12-25T01:41:26.733Z] Error reading register 6507 for IP 10.30.4.128: no connection to modbus server
[2024-12-25T01:41:26.733Z] Error reading actual data: no connection to modbus server
[2024-12-25T01:41:26.733Z] Error reading or processing Modbus registers: no connection to modbus server
[2024-12-25T01:41:26.734Z] Error writing to Modbus register: no connection to modbus server
[2024-12-25T01:41:27.188Z] Error reading or processing Modbus registers: A Modbus Exception Occurred - See Response Body
[2024-12-25T01:41:27.190Z] Error reading register 6507 for IP 10.30.4.128: A Modbus Exception Occurred - See Response Body
[2024-12-25T01:41:27.191Z] Error reading actual data: A Modbus Exception Occurred - See Response Body
[2024-12-25T01:41:27.192Z] Error writing to Modbus register: A Modbus Exception Occurred - See Response Body
[2024-12-25T01:41:27.355Z] Error reading register 6507 for IP 10.30.4.128: no connection to modbus server
[2024-12-25T01:41:27.355Z] Error reading actual data: no connection to modbus server
[2024-12-25T01:41:27.355Z] Error reading or processing Modbus registers: no connection to modbus server
[2024-12-25T01:41:27.355Z] Error writing to Modbus register: no connection to modbus server
[2024-12-25T01:41:27.733Z] Error reading register 6507 for IP 10.30.4.128: no connection to modbus server
[2024-12-25T01:41:27.733Z] Error reading actual data: no connection to modbus server
[2024-12-25T01:41:27.733Z] Error reading or processing Modbus registers: no connection to modbus server
[2024-12-25T01:41:27.734Z] Error writing to Modbus register: no connection to modbus server
[2024-12-25T01:41:28.197Z] Error reading or processing Modbus registers: A Modbus Exception Occurred - See Response Body
[2024-12-25T01:41:28.200Z] Error reading register 6507 for IP 10.30.4.128: A Modbus Exception Occurred - See Response Body
[2024-12-25T01:41:28.201Z] Error reading actual data: A Modbus Exception Occurred - See Response Body
[2024-12-25T01:41:28.202Z] Error writing to Modbus register: A Modbus Exception Occurred - See Response Body
[2024-12-25T01:41:28.370Z] Error reading register 6507 for IP 10.30.4.128: no connection to modbus server
[2024-12-25T01:41:28.370Z] Error reading actual data: no connection to modbus server
[2024-12-25T01:41:28.370Z] Error reading or processing Modbus registers: no connection to modbus server
[2024-12-25T01:41:28.371Z] Error writing to Modbus register: no connection to modbus server
[2024-12-25T01:41:28.748Z] Error reading register 6507 for IP 10.30.4.128: no connection to modbus server
[2024-12-25T01:41:28.748Z] Error reading actual data: no connection to modbus server
[2024-12-25T01:41:28.748Z] Error reading or processing Modbus registers: no connection to modbus server
[2024-12-25T01:41:28.748Z] Error writing to Modbus register: no connection to modbus server
[2024-12-25T01:41:29.203Z] Error reading or processing Modbus registers: A Modbus Exception Occurred - See Response Body
[2024-12-25T01:41:29.206Z] Error reading register 6507 for IP 10.30.4.128: A Modbus Exception Occurred - See Response Body
[2024-12-25T01:41:29.206Z] Error reading actual data: A Modbus Exception Occurred - See Response Body
[2024-12-25T01:41:29.207Z] Error writing to Modbus register: A Modbus Exception Occurred - See Response Body
[2024-12-25T01:41:29.384Z] Error reading register 6507 for IP 10.30.4.128: no connection to modbus server
[2024-12-25T01:41:29.385Z] Error reading actual data: no connection to modbus server
[2024-12-25T01:41:29.385Z] Error reading or processing Modbus registers: no connection to modbus server
[2024-12-25T01:41:29.385Z] Error writing to Modbus register: no connection to modbus server
[2024-12-25T01:41:29.748Z] Error reading register 6507 for IP 10.30.4.128: no connection to modbus server
[2024-12-25T01:41:29.748Z] Error reading actual data: no connection to modbus server
[2024-12-25T01:41:29.748Z] Error reading or processing Modbus registers: no connection to modbus server
[2024-12-25T01:41:29.749Z] Error writing to Modbus register: no connection to modbus server
[2024-12-25T01:41:30.205Z] Error reading or processing Modbus registers: A Modbus Exception Occurred - See Response Body
[2024-12-25T01:41:30.207Z] Error reading register 6507 for IP 10.30.4.128: A Modbus Exception Occurred - See Response Body
[2024-12-25T01:41:30.208Z] Error reading actual data: A Modbus Exception Occurred - See Response Body
[2024-12-25T01:41:30.209Z] Error writing to Modbus register: A Modbus Exception Occurred - See Response Body
[2024-12-25T01:41:30.386Z] Error reading register 6507 for IP 10.30.4.128: no connection to modbus server
[2024-12-25T01:41:30.387Z] Error reading actual data: no connection to modbus server
[2024-12-25T01:41:30.387Z] Error reading or processing Modbus registers: no connection to modbus server
[2024-12-25T01:41:30.387Z] Error writing to Modbus register: no connection to modbus server
[2024-12-25T01:41:30.750Z] Error reading register 6507 for IP 10.30.4.128: no connection to modbus server
[2024-12-25T01:41:30.750Z] Error reading actual data: no connection to modbus server
[2024-12-25T01:41:30.750Z] Error reading or processing Modbus registers: no connection to modbus server
[2024-12-25T01:41:30.751Z] Error writing to Modbus register: no connection to modbus server
[2024-12-25T01:41:31.205Z] Error reading or processing Modbus registers: A Modbus Exception Occurred - See Response Body
[2024-12-25T01:41:31.208Z] Error reading register 6507 for IP 10.30.4.128: A Modbus Exception Occurred - See Response Body
[2024-12-25T01:41:31.211Z] Error reading actual data: A Modbus Exception Occurred - See Response Body
[2024-12-25T01:41:31.212Z] Error writing to Modbus register: A Modbus Exception Occurred - See Response Body
[2024-12-25T01:41:31.386Z] Error reading register 6507 for IP 10.30.4.128: no connection to modbus server
[2024-12-25T01:41:31.387Z] Error reading actual data: no connection to modbus server
[2024-12-25T01:41:31.387Z] Error reading or processing Modbus registers: no connection to modbus server
[2024-12-25T01:41:31.387Z] Error writing to Modbus register: no connection to modbus server
[2024-12-25T01:41:31.750Z] Error reading register 6507 for IP 10.30.4.128: no connection to modbus server
[2024-12-25T01:41:31.750Z] Error reading actual data: no connection to modbus server
[2024-12-25T01:41:31.750Z] Error reading or processing Modbus registers: no connection to modbus server
[2024-12-25T01:41:31.751Z] Error writing to Modbus register: no connection to modbus server
[2024-12-25T01:41:32.207Z] Error reading or processing Modbus registers: A Modbus Exception Occurred - See Response Body
[2024-12-25T01:41:32.209Z] Error reading register 6507 for IP 10.30.4.128: A Modbus Exception Occurred - See Response Body
[2024-12-25T01:41:32.210Z] Error reading actual data: A Modbus Exception Occurred - See Response Body
[2024-12-25T01:41:32.211Z] Error writing to Modbus register: A Modbus Exception Occurred - See Response Body
[2024-12-25T01:41:32.388Z] Error reading register 6507 for IP 10.30.4.128: no connection to modbus server
[2024-12-25T01:41:32.388Z] Error reading actual data: no connection to modbus server
[2024-12-25T01:41:32.388Z] Error reading or processing Modbus registers: no connection to modbus server
[2024-12-25T01:41:32.389Z] Error writing to Modbus register: no connection to modbus server
[2024-12-25T01:41:32.756Z] Error reading register 6507 for IP 10.30.4.128: no connection to modbus server
[2024-12-25T01:41:32.757Z] Error reading actual data: no connection to modbus server
[2024-12-25T01:41:32.757Z] Error reading or processing Modbus registers: no connection to modbus server
[2024-12-25T01:41:32.757Z] Error writing to Modbus register: no connection to modbus server
[2024-12-25T01:41:33.218Z] Error reading or processing Modbus registers: A Modbus Exception Occurred - See Response Body
[2024-12-25T01:41:33.221Z] Error reading register 6507 for IP 10.30.4.128: A Modbus Exception Occurred - See Response Body
[2024-12-25T01:41:33.221Z] Error reading actual data: A Modbus Exception Occurred - See Response Body
[2024-12-25T01:41:33.222Z] Error writing to Modbus register: A Modbus Exception Occurred - See Response Body
[2024-12-25T01:41:33.401Z] Error reading register 6507 for IP 10.30.4.128: no connection to modbus server
[2024-12-25T01:41:33.402Z] Error reading actual data: no connection to modbus server
[2024-12-25T01:41:33.402Z] Error reading or processing Modbus registers: no connection to modbus server
[2024-12-25T01:41:33.402Z] Error writing to Modbus register: no connection to modbus server
[2024-12-25T01:41:33.765Z] Error reading register 6507 for IP 10.30.4.128: no connection to modbus server
[2024-12-25T01:41:33.765Z] Error reading actual data: no connection to modbus server
[2024-12-25T01:41:33.765Z] Error reading or processing Modbus registers: no connection to modbus server
[2024-12-25T01:41:33.766Z] Error writing to Modbus register: no connection to modbus server
[2024-12-25T01:41:34.234Z] Error reading or processing Modbus registers: A Modbus Exception Occurred - See Response Body
[2024-12-25T01:41:34.238Z] Error reading register 6507 for IP 10.30.4.128: A Modbus Exception Occurred - See Response Body
[2024-12-25T01:41:34.239Z] Error reading actual data: A Modbus Exception Occurred - See Response Body
[2024-12-25T01:41:34.241Z] Error writing to Modbus register: A Modbus Exception Occurred - See Response Body
[2024-12-25T01:41:34.407Z] Error reading register 6507 for IP 10.30.4.128: no connection to modbus server
[2024-12-25T01:41:34.407Z] Error reading actual data: no connection to modbus server
[2024-12-25T01:41:34.408Z] Error reading or processing Modbus registers: no connection to modbus server
[2024-12-25T01:41:34.408Z] Error writing to Modbus register: no connection to modbus server
[2024-12-25T01:41:34.776Z] Error reading register 6507 for IP 10.30.4.128: no connection to modbus server
[2024-12-25T01:41:34.776Z] Error reading actual data: no connection to modbus server
[2024-12-25T01:41:34.776Z] Error reading or processing Modbus registers: no connection to modbus server
[2024-12-25T01:41:34.777Z] Error writing to Modbus register: no connection to modbus server
[2024-12-25T01:41:35.235Z] Error reading or processing Modbus registers: A Modbus Exception Occurred - See Response Body
[2024-12-25T01:41:35.237Z] Error reading register 6507 for IP 10.30.4.128: A Modbus Exception Occurred - See Response Body
[2024-12-25T01:41:35.238Z] Error reading actual data: A Modbus Exception Occurred - See Response Body
[2024-12-25T01:41:35.241Z] Error writing to Modbus register: A Modbus Exception Occurred - See Response Body
[2024-12-25T01:41:35.416Z] Error reading register 6507 for IP 10.30.4.128: no connection to modbus server
[2024-12-25T01:41:35.417Z] Error reading actual data: no connection to modbus server
[2024-12-25T01:41:35.417Z] Error reading or processing Modbus registers: no connection to modbus server
[2024-12-25T01:41:35.417Z] Error writing to Modbus register: no connection to modbus server
[2024-12-25T01:41:35.780Z] Error reading register 6507 for IP 10.30.4.128: no connection to modbus server
[2024-12-25T01:41:35.780Z] Error reading actual data: no connection to modbus server
[2024-12-25T01:41:35.780Z] Error reading or processing Modbus registers: no connection to modbus server
[2024-12-25T01:41:35.781Z] Error writing to Modbus register: no connection to modbus server
[2024-12-25T01:41:36.244Z] Error reading or processing Modbus registers: A Modbus Exception Occurred - See Response Body
[2024-12-25T01:41:36.246Z] Error reading register 6507 for IP 10.30.4.128: A Modbus Exception Occurred - See Response Body
[2024-12-25T01:41:36.247Z] Error reading actual data: A Modbus Exception Occurred - See Response Body
[2024-12-25T01:41:36.248Z] Error writing to Modbus register: A Modbus Exception Occurred - See Response Body
[2024-12-25T02:10:58.391Z] Device at 10.30.4.128 is not reachable. Skipping connection attempt.
[2024-12-25T02:11:06.394Z] Device at 10.30.4.128 is not reachable. Skipping connection attempt.
[2024-12-25T02:11:16.398Z] Device at 10.30.4.128 is not reachable. Skipping connection attempt.
[2024-12-25T02:11:26.392Z] Device at 10.30.4.128 is not reachable. Skipping connection attempt.
[2024-12-25T02:11:36.391Z] Device at 10.30.4.128 is not reachable. Skipping connection attempt.
[2024-12-25T02:11:46.393Z] Device at 10.30.4.128 is not reachable. Skipping connection attempt.
[2024-12-25T02:11:56.394Z] Device at 10.30.4.128 is not reachable. Skipping connection attempt.
[2024-12-25T02:12:06.398Z] Device at 10.30.4.128 is not reachable. Skipping connection attempt.
[2024-12-25T02:12:16.390Z] Device at 10.30.4.128 is not reachable. Skipping connection attempt.
[2024-12-25T02:12:26.398Z] Device at 10.30.4.128 is not reachable. Skipping connection attempt.
[2024-12-25T02:12:36.397Z] Device at 10.30.4.128 is not reachable. Skipping connection attempt.
[2024-12-25T02:12:46.394Z] Device at 10.30.4.128 is not reachable. Skipping connection attempt.
[2024-12-25T02:12:56.390Z] Device at 10.30.4.128 is not reachable. Skipping connection attempt.
[2024-12-25T02:13:06.410Z] Device at 10.30.4.128 is not reachable. Skipping connection attempt.
[2024-12-25T02:13:16.396Z] Device at 10.30.4.128 is not reachable. Skipping connection attempt.
[2024-12-25T02:13:26.399Z] Device at 10.30.4.128 is not reachable. Skipping connection attempt.
[2024-12-25T02:13:36.401Z] Device at 10.30.4.128 is not reachable. Skipping connection attempt.
[2024-12-25T02:13:46.398Z] Device at 10.30.4.128 is not reachable. Skipping connection attempt.
[2024-12-25T02:13:56.405Z] Device at 10.30.4.128 is not reachable. Skipping connection attempt.
[2024-12-25T02:14:06.398Z] Device at 10.30.4.128 is not reachable. Skipping connection attempt.
[2024-12-25T02:14:16.407Z] Device at 10.30.4.128 is not reachable. Skipping connection attempt.
[2024-12-25T02:14:26.391Z] Device at 10.30.4.128 is not reachable. Skipping connection attempt.
[2024-12-25T02:14:36.400Z] Device at 10.30.4.128 is not reachable. Skipping connection attempt.
[2024-12-25T02:14:46.400Z] Device at 10.30.4.128 is not reachable. Skipping connection attempt.
[2024-12-25T02:14:56.398Z] Device at 10.30.4.128 is not reachable. Skipping connection attempt.
[2024-12-25T02:15:06.905Z] Device at 10.30.4.128 is not reachable. Skipping connection attempt.
[2024-12-25T02:15:16.897Z] Device at 10.30.4.128 is not reachable. Skipping connection attempt.
[2024-12-25T02:15:26.894Z] Device at 10.30.4.128 is not reachable. Skipping connection attempt.
[2024-12-25T02:15:36.888Z] Device at 10.30.4.128 is not reachable. Skipping connection attempt.
[2024-12-25T02:15:46.894Z] Device at 10.30.4.128 is not reachable. Skipping connection attempt.
[2024-12-25T02:15:56.895Z] Device at 10.30.4.128 is not reachable. Skipping connection attempt.
[2024-12-25T02:16:06.900Z] Device at 10.30.4.128 is not reachable. Skipping connection attempt.
[2024-12-25T02:16:16.890Z] Device at 10.30.4.128 is not reachable. Skipping connection attempt.
[2024-12-25T02:16:26.899Z] Device at 10.30.4.128 is not reachable. Skipping connection attempt.
[2024-12-25T02:16:36.893Z] Device at 10.30.4.128 is not reachable. Skipping connection attempt.
[2024-12-25T02:16:46.895Z] Device at 10.30.4.128 is not reachable. Skipping connection attempt.
[2024-12-25T02:16:56.893Z] Device at 10.30.4.128 is not reachable. Skipping connection attempt.
[2024-12-25T02:17:06.889Z] Device at 10.30.4.128 is not reachable. Skipping connection attempt.
[2024-12-25T02:17:16.893Z] Device at 10.30.4.128 is not reachable. Skipping connection attempt.
[2024-12-25T02:17:26.891Z] Device at 10.30.4.128 is not reachable. Skipping connection attempt.
[2024-12-25T02:17:36.894Z] Device at 10.30.4.128 is not reachable. Skipping connection attempt.
[2024-12-25T02:17:46.887Z] Device at 10.30.4.128 is not reachable. Skipping connection attempt.
[2024-12-25T02:17:56.890Z] Device at 10.30.4.128 is not reachable. Skipping connection attempt.
[2024-12-25T02:18:06.888Z] Device at 10.30.4.128 is not reachable. Skipping connection attempt.
[2024-12-25T02:18:16.888Z] Device at 10.30.4.128 is not reachable. Skipping connection attempt.
[2024-12-25T02:18:26.891Z] Device at 10.30.4.128 is not reachable. Skipping connection attempt.
[2024-12-25T02:18:36.895Z] Device at 10.30.4.128 is not reachable. Skipping connection attempt.
[2024-12-25T02:18:46.893Z] Device at 10.30.4.128 is not reachable. Skipping connection attempt.
[2024-12-25T02:18:56.889Z] Device at 10.30.4.128 is not reachable. Skipping connection attempt.
[2024-12-25T02:19:06.889Z] Device at 10.30.4.128 is not reachable. Skipping connection attempt.
[2024-12-25T02:19:16.889Z] Device at 10.30.4.128 is not reachable. Skipping connection attempt.
[2024-12-25T02:19:26.887Z] Device at 10.30.4.128 is not reachable. Skipping connection attempt.
[2024-12-25T02:19:36.886Z] Device at 10.30.4.128 is not reachable. Skipping connection attempt.
[2024-12-25T02:19:46.887Z] Device at 10.30.4.128 is not reachable. Skipping connection attempt.
[2024-12-25T02:19:56.903Z] Device at 10.30.4.128 is not reachable. Skipping connection attempt.
[2024-12-25T02:20:06.891Z] Device at 10.30.4.128 is not reachable. Skipping connection attempt.
[2024-12-25T02:20:16.892Z] Device at 10.30.4.128 is not reachable. Skipping connection attempt.
[2024-12-25T02:20:26.897Z] Device at 10.30.4.128 is not reachable. Skipping connection attempt.
[2024-12-25T02:20:36.891Z] Device at 10.30.4.128 is not reachable. Skipping connection attempt.
[2024-12-25T02:20:46.887Z] Device at 10.30.4.128 is not reachable. Skipping connection attempt.
[2024-12-25T02:20:56.894Z] Device at 10.30.4.128 is not reachable. Skipping connection attempt.
[2024-12-25T02:21:06.889Z] Device at 10.30.4.128 is not reachable. Skipping connection attempt.
[2024-12-25T02:21:16.886Z] Device at 10.30.4.128 is not reachable. Skipping connection attempt.
[2024-12-25T02:21:26.889Z] Device at 10.30.4.128 is not reachable. Skipping connection attempt.
[2024-12-25T02:21:36.892Z] Device at 10.30.4.128 is not reachable. Skipping connection attempt.
[2024-12-25T02:21:46.885Z] Device at 10.30.4.128 is not reachable. Skipping connection attempt.
[2024-12-25T02:21:56.893Z] Device at 10.30.4.128 is not reachable. Skipping connection attempt.
[2024-12-25T02:22:06.893Z] Device at 10.30.4.128 is not reachable. Skipping connection attempt.
[2024-12-25T02:22:16.892Z] Device at 10.30.4.128 is not reachable. Skipping connection attempt.
[2024-12-25T02:22:26.885Z] Device at 10.30.4.128 is not reachable. Skipping connection attempt.
[2024-12-25T02:22:36.894Z] Device at 10.30.4.128 is not reachable. Skipping connection attempt.
[2024-12-25T02:22:46.890Z] Device at 10.30.4.128 is not reachable. Skipping connection attempt.
[2024-12-25T02:22:56.899Z] Device at 10.30.4.128 is not reachable. Skipping connection attempt.
[2024-12-25T02:23:06.888Z] Device at 10.30.4.128 is not reachable. Skipping connection attempt.
[2024-12-25T02:23:16.890Z] Device at 10.30.4.128 is not reachable. Skipping connection attempt.
[2024-12-25T02:23:26.893Z] Device at 10.30.4.128 is not reachable. Skipping connection attempt.
[2024-12-25T02:23:36.884Z] Device at 10.30.4.128 is not reachable. Skipping connection attempt.
[2024-12-25T02:23:46.887Z] Device at 10.30.4.128 is not reachable. Skipping connection attempt.
[2024-12-25T02:23:56.893Z] Device at 10.30.4.128 is not reachable. Skipping connection attempt.
[2024-12-25T02:24:06.881Z] Device at 10.30.4.128 is not reachable. Skipping connection attempt.
[2024-12-25T02:24:16.894Z] Device at 10.30.4.128 is not reachable. Skipping connection attempt.
[2024-12-25T02:24:26.893Z] Device at 10.30.4.128 is not reachable. Skipping connection attempt.
[2024-12-25T02:24:36.894Z] Device at 10.30.4.128 is not reachable. Skipping connection attempt.
[2024-12-25T02:24:46.887Z] Device at 10.30.4.128 is not reachable. Skipping connection attempt.
[2024-12-25T02:24:56.885Z] Device at 10.30.4.128 is not reachable. Skipping connection attempt.
[2024-12-25T02:25:06.882Z] Device at 10.30.4.128 is not reachable. Skipping connection attempt.
[2024-12-25T02:25:17.381Z] Device at 10.30.4.128 is not reachable. Skipping connection attempt.
[2024-12-25T02:25:27.390Z] Device at 10.30.4.128 is not reachable. Skipping connection attempt.
[2024-12-25T02:25:37.394Z] Device at 10.30.4.128 is not reachable. Skipping connection attempt.
[2024-12-25T02:25:47.381Z] Device at 10.30.4.128 is not reachable. Skipping connection attempt.
[2024-12-25T02:25:57.381Z] Device at 10.30.4.128 is not reachable. Skipping connection attempt.
[2024-12-25T02:26:07.391Z] Device at 10.30.4.128 is not reachable. Skipping connection attempt.
[2024-12-25T02:26:17.384Z] Device at 10.30.4.128 is not reachable. Skipping connection attempt.
[2024-12-25T02:26:27.380Z] Device at 10.30.4.128 is not reachable. Skipping connection attempt.
[2024-12-25T02:26:37.390Z] Device at 10.30.4.128 is not reachable. Skipping connection attempt.
[2024-12-25T02:26:47.382Z] Device at 10.30.4.128 is not reachable. Skipping connection attempt.
[2024-12-25T02:26:57.386Z] Device at 10.30.4.128 is not reachable. Skipping connection attempt.
[2024-12-25T02:27:07.390Z] Device at 10.30.4.128 is not reachable. Skipping connection attempt.
[2024-12-25T02:27:17.386Z] Device at 10.30.4.128 is not reachable. Skipping connection attempt.
[2024-12-25T02:27:27.381Z] Device at 10.30.4.128 is not reachable. Skipping connection attempt.
[2024-12-25T02:27:37.380Z] Device at 10.30.4.128 is not reachable. Skipping connection attempt.
[2024-12-25T02:27:47.390Z] Device at 10.30.4.128 is not reachable. Skipping connection attempt.
[2024-12-25T02:27:57.381Z] Device at 10.30.4.128 is not reachable. Skipping connection attempt.
[2024-12-25T02:28:07.384Z] Device at 10.30.4.128 is not reachable. Skipping connection attempt.
[2024-12-25T02:28:17.381Z] Device at 10.30.4.128 is not reachable. Skipping connection attempt.
[2024-12-25T02:28:27.386Z] Device at 10.30.4.128 is not reachable. Skipping connection attempt.
[2024-12-25T02:28:37.391Z] Device at 10.30.4.128 is not reachable. Skipping connection attempt.
[2024-12-25T02:28:47.387Z] Device at 10.30.4.128 is not reachable. Skipping connection attempt.
[2024-12-25T02:28:57.385Z] Device at 10.30.4.128 is not reachable. Skipping connection attempt.
[2024-12-25T02:29:07.394Z] Device at 10.30.4.128 is not reachable. Skipping connection attempt.
[2024-12-25T02:29:17.382Z] Device at 10.30.4.128 is not reachable. Skipping connection attempt.
[2024-12-25T02:29:27.388Z] Device at 10.30.4.128 is not reachable. Skipping connection attempt.
[2024-12-25T02:29:37.390Z] Device at 10.30.4.128 is not reachable. Skipping connection attempt.
[2024-12-25T02:29:47.392Z] Device at 10.30.4.128 is not reachable. Skipping connection attempt.
[2024-12-25T02:29:57.379Z] Device at 10.30.4.128 is not reachable. Skipping connection attempt.
[2024-12-25T02:30:07.384Z] Device at 10.30.4.128 is not reachable. Skipping connection attempt.
[2024-12-25T02:30:17.391Z] Device at 10.30.4.128 is not reachable. Skipping connection attempt.
[2024-12-25T02:30:27.380Z] Device at 10.30.4.128 is not reachable. Skipping connection attempt.
[2024-12-25T02:30:37.392Z] Device at 10.30.4.128 is not reachable. Skipping connection attempt.
[2024-12-25T02:30:47.385Z] Device at 10.30.4.128 is not reachable. Skipping connection attempt.
[2024-12-25T02:30:57.374Z] Device at 10.30.4.128 is not reachable. Skipping connection attempt.
[2024-12-25T02:31:07.383Z] Device at 10.30.4.128 is not reachable. Skipping connection attempt.
[2024-12-25T02:31:17.384Z] Device at 10.30.4.128 is not reachable. Skipping connection attempt.
[2024-12-25T02:31:27.379Z] Device at 10.30.4.128 is not reachable. Skipping connection attempt.
[2024-12-25T02:31:37.385Z] Device at 10.30.4.128 is not reachable. Skipping connection attempt.
[2024-12-25T02:31:47.385Z] Device at 10.30.4.128 is not reachable. Skipping connection attempt.
[2024-12-25T02:31:57.391Z] Device at 10.30.4.128 is not reachable. Skipping connection attempt.
[2024-12-25T02:32:07.388Z] Device at 10.30.4.128 is not reachable. Skipping connection attempt.
[2024-12-25T02:32:17.376Z] Device at 10.30.4.128 is not reachable. Skipping connection attempt.
[2024-12-25T02:32:27.382Z] Device at 10.30.4.128 is not reachable. Skipping connection attempt.
[2024-12-25T02:32:37.390Z] Device at 10.30.4.128 is not reachable. Skipping connection attempt.
[2024-12-25T02:32:47.381Z] Device at 10.30.4.128 is not reachable. Skipping connection attempt.
[2024-12-25T02:32:57.379Z] Device at 10.30.4.128 is not reachable. Skipping connection attempt.
[2024-12-25T02:33:07.376Z] Device at 10.30.4.128 is not reachable. Skipping connection attempt.
[2024-12-25T02:33:17.384Z] Device at 10.30.4.128 is not reachable. Skipping connection attempt.
[2024-12-25T02:33:27.390Z] Device at 10.30.4.128 is not reachable. Skipping connection attempt.
[2024-12-25T02:33:37.380Z] Device at 10.30.4.128 is not reachable. Skipping connection attempt.
[2024-12-25T02:33:47.381Z] Device at 10.30.4.128 is not reachable. Skipping connection attempt.
[2024-12-25T02:33:57.384Z] Device at 10.30.4.128 is not reachable. Skipping connection attempt.
[2024-12-25T02:34:07.387Z] Device at 10.30.4.128 is not reachable. Skipping connection attempt.
[2024-12-25T02:34:17.383Z] Device at 10.30.4.128 is not reachable. Skipping connection attempt.
[2024-12-25T02:34:27.375Z] Device at 10.30.4.128 is not reachable. Skipping connection attempt.
[2024-12-25T02:34:37.376Z] Device at 10.30.4.128 is not reachable. Skipping connection attempt.
[2024-12-25T02:34:47.382Z] Device at 10.30.4.128 is not reachable. Skipping connection attempt.
[2024-12-25T02:34:57.380Z] Device at 10.30.4.128 is not reachable. Skipping connection attempt.
[2024-12-25T02:35:07.377Z] Device at 10.30.4.128 is not reachable. Skipping connection attempt.
[2024-12-25T02:35:17.386Z] Device at 10.30.4.128 is not reachable. Skipping connection attempt.
[2024-12-25T02:35:27.375Z] Device at 10.30.4.128 is not reachable. Skipping connection attempt.
[2024-12-25T02:35:37.379Z] Device at 10.30.4.128 is not reachable. Skipping connection attempt.
[2024-12-25T02:35:47.378Z] Device at 10.30.4.128 is not reachable. Skipping connection attempt.
[2024-12-25T02:35:57.873Z] Device at 10.30.4.128 is not reachable. Skipping connection attempt.
[2024-12-25T02:36:07.885Z] Device at 10.30.4.128 is not reachable. Skipping connection attempt.
[2024-12-25T02:36:17.879Z] Device at 10.30.4.128 is not reachable. Skipping connection attempt.
[2024-12-25T02:36:27.880Z] Device at 10.30.4.128 is not reachable. Skipping connection attempt.
[2024-12-25T02:36:37.873Z] Device at 10.30.4.128 is not reachable. Skipping connection attempt.
[2024-12-25T02:36:47.881Z] Device at 10.30.4.128 is not reachable. Skipping connection attempt.
[2024-12-25T02:36:57.874Z] Device at 10.30.4.128 is not reachable. Skipping connection attempt.
[2024-12-25T02:37:07.881Z] Device at 10.30.4.128 is not reachable. Skipping connection attempt.
[2024-12-25T02:37:17.881Z] Device at 10.30.4.128 is not reachable. Skipping connection attempt.
[2024-12-25T02:37:27.879Z] Device at 10.30.4.128 is not reachable. Skipping connection attempt.
[2024-12-25T02:37:37.879Z] Device at 10.30.4.128 is not reachable. Skipping connection attempt.
[2024-12-25T02:37:47.880Z] Device at 10.30.4.128 is not reachable. Skipping connection attempt.
[2024-12-25T02:37:57.883Z] Device at 10.30.4.128 is not reachable. Skipping connection attempt.
[2024-12-25T02:38:07.876Z] Device at 10.30.4.128 is not reachable. Skipping connection attempt.
[2024-12-25T02:38:17.871Z] Device at 10.30.4.128 is not reachable. Skipping connection attempt.
[2024-12-25T02:38:27.883Z] Device at 10.30.4.128 is not reachable. Skipping connection attempt.
[2024-12-25T02:38:37.876Z] Device at 10.30.4.128 is not reachable. Skipping connection attempt.
[2024-12-25T02:38:47.879Z] Device at 10.30.4.128 is not reachable. Skipping connection attempt.
[2024-12-25T02:38:57.876Z] Device at 10.30.4.128 is not reachable. Skipping connection attempt.
[2024-12-25T02:39:07.881Z] Device at 10.30.4.128 is not reachable. Skipping connection attempt.
[2024-12-25T02:39:17.885Z] Device at 10.30.4.128 is not reachable. Skipping connection attempt.
[2024-12-25T02:39:27.876Z] Device at 10.30.4.128 is not reachable. Skipping connection attempt.
[2024-12-25T02:39:37.873Z] Device at 10.30.4.128 is not reachable. Skipping connection attempt.
[2024-12-25T02:39:47.876Z] Device at 10.30.4.128 is not reachable. Skipping connection attempt.
[2024-12-25T02:39:57.893Z] Device at 10.30.4.128 is not reachable. Skipping connection attempt.
[2024-12-25T02:40:07.880Z] Device at 10.30.4.128 is not reachable. Skipping connection attempt.
[2024-12-25T02:40:17.871Z] Device at 10.30.4.128 is not reachable. Skipping connection attempt.
[2024-12-25T02:40:27.872Z] Device at 10.30.4.128 is not reachable. Skipping connection attempt.
[2024-12-25T02:40:37.873Z] Device at 10.30.4.128 is not reachable. Skipping connection attempt.
[2024-12-25T02:40:47.882Z] Device at 10.30.4.128 is not reachable. Skipping connection attempt.
[2024-12-25T02:40:57.882Z] Device at 10.30.4.128 is not reachable. Skipping connection attempt.
[2024-12-25T02:41:07.880Z] Device at 10.30.4.128 is not reachable. Skipping connection attempt.
[2024-12-25T02:41:17.876Z] Device at 10.30.4.128 is not reachable. Skipping connection attempt.
[2024-12-25T02:41:27.883Z] Device at 10.30.4.128 is not reachable. Skipping connection attempt.
[2024-12-25T02:41:37.875Z] Device at 10.30.4.128 is not reachable. Skipping connection attempt.
[2024-12-25T02:41:47.877Z] Device at 10.30.4.128 is not reachable. Skipping connection attempt.
[2024-12-25T02:41:57.874Z] Device at 10.30.4.128 is not reachable. Skipping connection attempt.
[2024-12-25T02:42:07.885Z] Device at 10.30.4.128 is not reachable. Skipping connection attempt.
[2024-12-25T02:42:17.881Z] Device at 10.30.4.128 is not reachable. Skipping connection attempt.
[2024-12-25T02:42:27.886Z] Device at 10.30.4.128 is not reachable. Skipping connection attempt.
[2024-12-25T02:42:37.883Z] Device at 10.30.4.128 is not reachable. Skipping connection attempt.
[2024-12-25T02:42:47.873Z] Device at 10.30.4.128 is not reachable. Skipping connection attempt.
[2024-12-25T02:42:57.871Z] Device at 10.30.4.128 is not reachable. Skipping connection attempt.
[2024-12-25T02:43:07.870Z] Device at 10.30.4.128 is not reachable. Skipping connection attempt.
[2024-12-25T02:43:17.870Z] Device at 10.30.4.128 is not reachable. Skipping connection attempt.
[2024-12-25T02:43:27.880Z] Device at 10.30.4.128 is not reachable. Skipping connection attempt.
[2024-12-25T02:43:37.876Z] Device at 10.30.4.128 is not reachable. Skipping connection attempt.
[2024-12-25T02:43:47.876Z] Device at 10.30.4.128 is not reachable. Skipping connection attempt.
[2024-12-25T02:43:57.869Z] Device at 10.30.4.128 is not reachable. Skipping connection attempt.
[2024-12-25T02:44:07.869Z] Device at 10.30.4.128 is not reachable. Skipping connection attempt.
[2024-12-25T02:44:17.874Z] Device at 10.30.4.128 is not reachable. Skipping connection attempt.
[2024-12-25T02:44:27.868Z] Device at 10.30.4.128 is not reachable. Skipping connection attempt.
[2024-12-25T02:44:37.867Z] Device at 10.30.4.128 is not reachable. Skipping connection attempt.
[2024-12-25T02:44:47.878Z] Device at 10.30.4.128 is not reachable. Skipping connection attempt.
[2024-12-25T02:44:57.869Z] Device at 10.30.4.128 is not reachable. Skipping connection attempt.
[2024-12-25T02:45:07.869Z] Device at 10.30.4.128 is not reachable. Skipping connection attempt.
[2024-12-25T02:45:17.872Z] Device at 10.30.4.128 is not reachable. Skipping connection attempt.
[2024-12-25T02:45:27.870Z] Device at 10.30.4.128 is not reachable. Skipping connection attempt.
[2024-12-25T02:45:37.880Z] Device at 10.30.4.128 is not reachable. Skipping connection attempt.
[2024-12-25T02:45:47.882Z] Device at 10.30.4.128 is not reachable. Skipping connection attempt.
[2024-12-25T02:45:57.868Z] Device at 10.30.4.128 is not reachable. Skipping connection attempt.
[2024-12-25T02:46:07.870Z] Device at 10.30.4.128 is not reachable. Skipping connection attempt.
[2024-12-25T02:46:17.882Z] Device at 10.30.4.128 is not reachable. Skipping connection attempt.
[2024-12-25T02:46:27.880Z] Device at 10.30.4.128 is not reachable. Skipping connection attempt.
[2024-12-25T02:46:37.870Z] Device at 10.30.4.128 is not reachable. Skipping connection attempt.
[2024-12-25T02:46:47.875Z] Device at 10.30.4.128 is not reachable. Skipping connection attempt.
[2024-12-25T02:46:57.874Z] Device at 10.30.4.128 is not reachable. Skipping connection attempt.
[2024-12-25T02:47:07.876Z] Device at 10.30.4.128 is not reachable. Skipping connection attempt.
[2024-12-25T02:47:17.866Z] Device at 10.30.4.128 is not reachable. Skipping connection attempt.
[2024-12-25T02:47:27.882Z] Device at 10.30.4.128 is not reachable. Skipping connection attempt.
[2024-12-25T02:47:38.381Z] Device at 10.30.4.128 is not reachable. Skipping connection attempt.
[2024-12-25T02:47:46.371Z] Device at 10.30.4.128 is not reachable. Skipping connection attempt.
[2024-12-25T02:47:56.368Z] Device at 10.30.4.128 is not reachable. Skipping connection attempt.
[2024-12-25T02:48:06.371Z] Device at 10.30.4.128 is not reachable. Skipping connection attempt.
[2024-12-25T02:48:16.374Z] Device at 10.30.4.128 is not reachable. Skipping connection attempt.
[2024-12-25T02:48:26.375Z] Device at 10.30.4.128 is not reachable. Skipping connection attempt.
[2024-12-25T02:48:36.376Z] Device at 10.30.4.128 is not reachable. Skipping connection attempt.
[2024-12-25T02:48:46.366Z] Device at 10.30.4.128 is not reachable. Skipping connection attempt.
[2024-12-25T02:48:56.372Z] Device at 10.30.4.128 is not reachable. Skipping connection attempt.
[2024-12-25T02:49:06.370Z] Device at 10.30.4.128 is not reachable. Skipping connection attempt.
[2024-12-25T02:49:16.378Z] Device at 10.30.4.128 is not reachable. Skipping connection attempt.
[2024-12-25T02:49:26.370Z] Device at 10.30.4.128 is not reachable. Skipping connection attempt.
[2024-12-25T02:49:36.372Z] Device at 10.30.4.128 is not reachable. Skipping connection attempt.
[2024-12-25T02:49:46.377Z] Device at 10.30.4.128 is not reachable. Skipping connection attempt.
[2024-12-25T02:49:56.365Z] Device at 10.30.4.128 is not reachable. Skipping connection attempt.
[2024-12-25T02:50:06.366Z] Device at 10.30.4.128 is not reachable. Skipping connection attempt.
[2024-12-25T02:50:16.367Z] Device at 10.30.4.128 is not reachable. Skipping connection attempt.
[2024-12-25T02:50:26.376Z] Device at 10.30.4.128 is not reachable. Skipping connection attempt.
[2024-12-25T02:50:36.374Z] Device at 10.30.4.128 is not reachable. Skipping connection attempt.
[2024-12-25T02:50:46.373Z] Device at 10.30.4.128 is not reachable. Skipping connection attempt.
[2024-12-25T02:50:56.371Z] Device at 10.30.4.128 is not reachable. Skipping connection attempt.
[2024-12-25T02:51:06.365Z] Device at 10.30.4.128 is not reachable. Skipping connection attempt.
[2024-12-25T02:51:16.373Z] Device at 10.30.4.128 is not reachable. Skipping connection attempt.
[2024-12-25T02:51:26.366Z] Device at 10.30.4.128 is not reachable. Skipping connection attempt.
[2024-12-25T02:51:36.369Z] Device at 10.30.4.128 is not reachable. Skipping connection attempt.
[2024-12-25T02:51:46.373Z] Device at 10.30.4.128 is not reachable. Skipping connection attempt.
[2024-12-25T02:51:56.374Z] Device at 10.30.4.128 is not reachable. Skipping connection attempt.
[2024-12-25T02:52:06.368Z] Device at 10.30.4.128 is not reachable. Skipping connection attempt.
[2024-12-25T02:52:16.364Z] Device at 10.30.4.128 is not reachable. Skipping connection attempt.
[2024-12-25T02:52:26.372Z] Device at 10.30.4.128 is not reachable. Skipping connection attempt.
[2024-12-25T02:52:36.374Z] Device at 10.30.4.128 is not reachable. Skipping connection attempt.
[2024-12-25T02:52:46.366Z] Device at 10.30.4.128 is not reachable. Skipping connection attempt.
[2024-12-25T02:52:56.376Z] Device at 10.30.4.128 is not reachable. Skipping connection attempt.
[2024-12-25T02:53:06.366Z] Device at 10.30.4.128 is not reachable. Skipping connection attempt.
[2024-12-25T02:53:16.375Z] Device at 10.30.4.128 is not reachable. Skipping connection attempt.
[2024-12-25T02:53:26.368Z] Device at 10.30.4.128 is not reachable. Skipping connection attempt.
[2024-12-25T02:53:36.371Z] Device at 10.30.4.128 is not reachable. Skipping connection attempt.
[2024-12-25T02:53:46.370Z] Device at 10.30.4.128 is not reachable. Skipping connection attempt.
[2024-12-25T02:53:56.371Z] Device at 10.30.4.128 is not reachable. Skipping connection attempt.
[2024-12-25T02:54:06.366Z] Device at 10.30.4.128 is not reachable. Skipping connection attempt.
[2024-12-25T02:54:16.864Z] Device at 10.30.4.128 is not reachable. Skipping connection attempt.
[2024-12-25T02:54:26.890Z] Device at 10.30.4.128 is not reachable. Skipping connection attempt.
[2024-12-25T02:54:36.867Z] Device at 10.30.4.128 is not reachable. Skipping connection attempt.
[2024-12-25T02:54:46.862Z] Device at 10.30.4.128 is not reachable. Skipping connection attempt.
[2024-12-25T02:54:56.862Z] Device at 10.30.4.128 is not reachable. Skipping connection attempt.
[2024-12-25T02:55:06.874Z] Device at 10.30.4.128 is not reachable. Skipping connection attempt.
[2024-12-25T02:55:16.869Z] Device at 10.30.4.128 is not reachable. Skipping connection attempt.
[2024-12-25T02:55:26.863Z] Device at 10.30.4.128 is not reachable. Skipping connection attempt.
[2024-12-25T02:55:36.871Z] Device at 10.30.4.128 is not reachable. Skipping connection attempt.
[2024-12-25T02:55:46.875Z] Device at 10.30.4.128 is not reachable. Skipping connection attempt.
[2024-12-25T02:55:56.869Z] Device at 10.30.4.128 is not reachable. Skipping connection attempt.
[2024-12-25T02:56:06.864Z] Device at 10.30.4.128 is not reachable. Skipping connection attempt.
[2024-12-25T02:56:16.874Z] Device at 10.30.4.128 is not reachable. Skipping connection attempt.
[2024-12-25T02:56:26.866Z] Device at 10.30.4.128 is not reachable. Skipping connection attempt.
[2024-12-25T02:56:36.870Z] Device at 10.30.4.128 is not reachable. Skipping connection attempt.
[2024-12-25T02:56:46.875Z] Device at 10.30.4.128 is not reachable. Skipping connection attempt.
[2024-12-25T02:56:56.866Z] Device at 10.30.4.128 is not reachable. Skipping connection attempt.
[2024-12-25T02:57:06.866Z] Device at 10.30.4.128 is not reachable. Skipping connection attempt.
[2024-12-25T02:57:16.874Z] Device at 10.30.4.128 is not reachable. Skipping connection attempt.
[2024-12-25T02:57:26.872Z] Device at 10.30.4.128 is not reachable. Skipping connection attempt.
[2024-12-25T02:57:36.872Z] Device at 10.30.4.128 is not reachable. Skipping connection attempt.
[2024-12-25T02:57:46.864Z] Device at 10.30.4.128 is not reachable. Skipping connection attempt.
[2024-12-25T02:57:56.861Z] Device at 10.30.4.128 is not reachable. Skipping connection attempt.
[2024-12-25T02:58:06.869Z] Device at 10.30.4.128 is not reachable. Skipping connection attempt.
[2024-12-25T02:58:16.872Z] Device at 10.30.4.128 is not reachable. Skipping connection attempt.
[2024-12-25T02:58:26.865Z] Device at 10.30.4.128 is not reachable. Skipping connection attempt.
[2024-12-25T02:58:36.870Z] Device at 10.30.4.128 is not reachable. Skipping connection attempt.
[2024-12-25T02:58:46.869Z] Device at 10.30.4.128 is not reachable. Skipping connection attempt.
[2024-12-25T02:58:56.873Z] Device at 10.30.4.128 is not reachable. Skipping connection attempt.
[2024-12-25T02:59:06.875Z] Device at 10.30.4.128 is not reachable. Skipping connection attempt.
[2024-12-25T02:59:16.876Z] Device at 10.30.4.128 is not reachable. Skipping connection attempt.
[2024-12-25T02:59:26.864Z] Device at 10.30.4.128 is not reachable. Skipping connection attempt.
[2024-12-25T02:59:36.872Z] Device at 10.30.4.128 is not reachable. Skipping connection attempt.
[2024-12-25T02:59:46.882Z] Device at 10.30.4.128 is not reachable. Skipping connection attempt.
[2024-12-25T02:59:53.388Z] Device at 10.30.4.128 is not reachable. Skipping connection attempt.
[2024-12-25T03:00:03.367Z] Device at 10.30.4.128 is not reachable. Skipping connection attempt.
[2024-12-25T03:00:13.373Z] Device at 10.30.4.128 is not reachable. Skipping connection attempt.
[2024-12-25T03:00:23.372Z] Device at 10.30.4.128 is not reachable. Skipping connection attempt.
[2024-12-25T03:00:33.377Z] Device at 10.30.4.128 is not reachable. Skipping connection attempt.
[2024-12-25T03:00:43.381Z] Device at 10.30.4.128 is not reachable. Skipping connection attempt.
[2024-12-25T03:00:53.362Z] Device at 10.30.4.128 is not reachable. Skipping connection attempt.
[2024-12-25T03:01:03.371Z] Device at 10.30.4.128 is not reachable. Skipping connection attempt.
[2024-12-25T03:01:13.375Z] Device at 10.30.4.128 is not reachable. Skipping connection attempt.
[2024-12-25T03:01:23.365Z] Device at 10.30.4.128 is not reachable. Skipping connection attempt.
[2024-12-25T03:01:33.361Z] Device at 10.30.4.128 is not reachable. Skipping connection attempt.
[2024-12-25T03:01:43.366Z] Device at 10.30.4.128 is not reachable. Skipping connection attempt.
[2024-12-25T03:01:53.360Z] Device at 10.30.4.128 is not reachable. Skipping connection attempt.
[2024-12-25T03:02:03.374Z] Device at 10.30.4.128 is not reachable. Skipping connection attempt.
[2024-12-25T03:02:13.372Z] Device at 10.30.4.128 is not reachable. Skipping connection attempt.
[2024-12-25T03:02:23.381Z] Device at 10.30.4.128 is not reachable. Skipping connection attempt.
[2024-12-25T03:02:33.365Z] Device at 10.30.4.128 is not reachable. Skipping connection attempt.
[2024-12-25T03:02:43.382Z] Device at 10.30.4.128 is not reachable. Skipping connection attempt.
[2024-12-25T03:02:53.364Z] Device at 10.30.4.128 is not reachable. Skipping connection attempt.
[2024-12-25T03:03:03.364Z] Device at 10.30.4.128 is not reachable. Skipping connection attempt.
[2024-12-25T03:03:13.368Z] Device at 10.30.4.128 is not reachable. Skipping connection attempt.
[2024-12-25T03:03:23.867Z] Device at 10.30.4.128 is not reachable. Skipping connection attempt.
[2024-12-25T03:03:33.368Z] Device at 10.30.4.128 is not reachable. Skipping connection attempt.
[2024-12-25T03:03:43.870Z] Device at 10.30.4.128 is not reachable. Skipping connection attempt.
[2024-12-25T03:03:53.869Z] Device at 10.30.4.128 is not reachable. Skipping connection attempt.
[2024-12-25T03:04:03.868Z] Device at 10.30.4.128 is not reachable. Skipping connection attempt.
[2024-12-25T03:04:13.858Z] Device at 10.30.4.128 is not reachable. Skipping connection attempt.
[2024-12-25T03:04:23.875Z] Device at 10.30.4.128 is not reachable. Skipping connection attempt.
[2024-12-25T03:04:33.878Z] Device at 10.30.4.128 is not reachable. Skipping connection attempt.
[2024-12-25T03:04:43.861Z] Device at 10.30.4.128 is not reachable. Skipping connection attempt.
[2024-12-25T03:04:53.865Z] Device at 10.30.4.128 is not reachable. Skipping connection attempt.
[2024-12-25T03:05:03.862Z] Device at 10.30.4.128 is not reachable. Skipping connection attempt.
[2024-12-25T03:05:13.861Z] Device at 10.30.4.128 is not reachable. Skipping connection attempt.
[2024-12-25T03:05:23.868Z] Device at 10.30.4.128 is not reachable. Skipping connection attempt.
[2024-12-25T03:05:33.863Z] Device at 10.30.4.128 is not reachable. Skipping connection attempt.
[2024-12-25T03:05:43.869Z] Device at 10.30.4.128 is not reachable. Skipping connection attempt.
[2024-12-25T03:05:53.862Z] Device at 10.30.4.128 is not reachable. Skipping connection attempt.
[2024-12-25T03:06:03.863Z] Device at 10.30.4.128 is not reachable. Skipping connection attempt.
[2024-12-25T03:06:13.857Z] Device at 10.30.4.128 is not reachable. Skipping connection attempt.
[2024-12-25T03:06:23.875Z] Device at 10.30.4.128 is not reachable. Skipping connection attempt.
[2024-12-25T03:06:33.861Z] Device at 10.30.4.128 is not reachable. Skipping connection attempt.
[2024-12-25T03:06:43.867Z] Device at 10.30.4.128 is not reachable. Skipping connection attempt.
[2024-12-25T03:06:53.860Z] Device at 10.30.4.128 is not reachable. Skipping connection attempt.
[2024-12-25T03:07:03.861Z] Device at 10.30.4.128 is not reachable. Skipping connection attempt.
[2024-12-25T03:07:13.870Z] Device at 10.30.4.128 is not reachable. Skipping connection attempt.
[2024-12-25T03:07:23.863Z] Device at 10.30.4.128 is not reachable. Skipping connection attempt.
[2024-12-25T03:07:33.859Z] Device at 10.30.4.128 is not reachable. Skipping connection attempt.
[2024-12-25T03:07:43.863Z] Device at 10.30.4.128 is not reachable. Skipping connection attempt.
[2024-12-25T03:07:53.870Z] Device at 10.30.4.128 is not reachable. Skipping connection attempt.
[2024-12-25T03:08:03.867Z] Device at 10.30.4.128 is not reachable. Skipping connection attempt.
[2024-12-25T03:08:13.867Z] Device at 10.30.4.128 is not reachable. Skipping connection attempt.
[2024-12-25T03:08:23.864Z] Device at 10.30.4.128 is not reachable. Skipping connection attempt.
[2024-12-25T03:08:33.861Z] Device at 10.30.4.128 is not reachable. Skipping connection attempt.
[2024-12-25T03:08:43.864Z] Device at 10.30.4.128 is not reachable. Skipping connection attempt.
[2024-12-25T03:08:53.864Z] Device at 10.30.4.128 is not reachable. Skipping connection attempt.
[2024-12-25T03:09:03.877Z] Device at 10.30.4.128 is not reachable. Skipping connection attempt.
[2024-12-25T03:09:13.860Z] Device at 10.30.4.128 is not reachable. Skipping connection attempt.
[2024-12-25T03:09:23.870Z] Device at 10.30.4.128 is not reachable. Skipping connection attempt.
[2024-12-25T03:09:33.867Z] Device at 10.30.4.128 is not reachable. Skipping connection attempt.
[2024-12-25T03:09:43.865Z] Device at 10.30.4.128 is not reachable. Skipping connection attempt.
[2024-12-25T03:09:53.862Z] Device at 10.30.4.128 is not reachable. Skipping connection attempt.
[2024-12-25T03:10:03.856Z] Device at 10.30.4.128 is not reachable. Skipping connection attempt.
[2024-12-25T03:10:13.856Z] Device at 10.30.4.128 is not reachable. Skipping connection attempt.
[2024-12-25T03:10:23.859Z] Device at 10.30.4.128 is not reachable. Skipping connection attempt.
[2024-12-25T03:10:33.858Z] Device at 10.30.4.128 is not reachable. Skipping connection attempt.
[2024-12-25T03:10:43.855Z] Device at 10.30.4.128 is not reachable. Skipping connection attempt.
[2024-12-25T03:10:53.856Z] Device at 10.30.4.128 is not reachable. Skipping connection attempt.
[2024-12-25T03:11:03.862Z] Device at 10.30.4.128 is not reachable. Skipping connection attempt.
[2024-12-25T03:11:13.865Z] Device at 10.30.4.128 is not reachable. Skipping connection attempt.
[2024-12-25T03:11:23.856Z] Device at 10.30.4.128 is not reachable. Skipping connection attempt.
[2024-12-25T03:11:33.862Z] Device at 10.30.4.128 is not reachable. Skipping connection attempt.
[2024-12-25T03:11:43.864Z] Device at 10.30.4.128 is not reachable. Skipping connection attempt.
[2024-12-25T03:11:53.856Z] Device at 10.30.4.128 is not reachable. Skipping connection attempt.
[2024-12-25T03:12:03.863Z] Device at 10.30.4.128 is not reachable. Skipping connection attempt.
[2024-12-25T03:12:13.866Z] Device at 10.30.4.128 is not reachable. Skipping connection attempt.
[2024-12-25T03:12:23.860Z] Device at 10.30.4.128 is not reachable. Skipping connection attempt.
[2024-12-25T03:12:33.866Z] Device at 10.30.4.128 is not reachable. Skipping connection attempt.
[2024-12-25T03:12:43.864Z] Device at 10.30.4.128 is not reachable. Skipping connection attempt.
[2024-12-25T03:12:53.863Z] Device at 10.30.4.128 is not reachable. Skipping connection attempt.
[2024-12-25T03:13:03.864Z] Device at 10.30.4.128 is not reachable. Skipping connection attempt.
[2024-12-25T03:13:13.852Z] Device at 10.30.4.128 is not reachable. Skipping connection attempt.
[2024-12-25T03:13:23.861Z] Device at 10.30.4.128 is not reachable. Skipping connection attempt.
[2024-12-25T03:13:33.862Z] Device at 10.30.4.128 is not reachable. Skipping connection attempt.
[2024-12-25T03:13:43.857Z] Device at 10.30.4.128 is not reachable. Skipping connection attempt.
[2024-12-25T03:13:53.854Z] Device at 10.30.4.128 is not reachable. Skipping connection attempt.
[2024-12-25T03:14:03.860Z] Device at 10.30.4.128 is not reachable. Skipping connection attempt.
[2024-12-25T03:14:13.857Z] Device at 10.30.4.128 is not reachable. Skipping connection attempt.
[2024-12-25T03:14:23.855Z] Device at 10.30.4.128 is not reachable. Skipping connection attempt.
[2024-12-25T03:14:33.862Z] Device at 10.30.4.128 is not reachable. Skipping connection attempt.
[2024-12-25T03:14:43.856Z] Device at 10.30.4.128 is not reachable. Skipping connection attempt.
[2024-12-25T03:14:53.856Z] Device at 10.30.4.128 is not reachable. Skipping connection attempt.
[2024-12-25T03:15:03.858Z] Device at 10.30.4.128 is not reachable. Skipping connection attempt.
[2024-12-25T03:15:13.863Z] Device at 10.30.4.128 is not reachable. Skipping connection attempt.
[2024-12-25T03:15:23.852Z] Device at 10.30.4.128 is not reachable. Skipping connection attempt.
[2024-12-25T03:15:33.855Z] Device at 10.30.4.128 is not reachable. Skipping connection attempt.
[2024-12-25T03:15:43.859Z] Device at 10.30.4.128 is not reachable. Skipping connection attempt.
[2024-12-25T03:15:53.863Z] Device at 10.30.4.128 is not reachable. Skipping connection attempt.
[2024-12-25T03:16:04.360Z] Device at 10.30.4.128 is not reachable. Skipping connection attempt.
[2024-12-25T03:16:13.856Z] Device at 10.30.4.128 is not reachable. Skipping connection attempt.
[2024-12-25T03:16:24.356Z] Device at 10.30.4.128 is not reachable. Skipping connection attempt.
[2024-12-25T03:16:34.353Z] Device at 10.30.4.128 is not reachable. Skipping connection attempt.
[2024-12-25T03:16:44.354Z] Device at 10.30.4.128 is not reachable. Skipping connection attempt.
[2024-12-25T03:16:54.350Z] Device at 10.30.4.128 is not reachable. Skipping connection attempt.
[2024-12-25T03:17:04.355Z] Device at 10.30.4.128 is not reachable. Skipping connection attempt.
[2024-12-25T03:17:14.348Z] Device at 10.30.4.128 is not reachable. Skipping connection attempt.
[2024-12-25T03:17:24.350Z] Device at 10.30.4.128 is not reachable. Skipping connection attempt.
[2024-12-25T03:17:34.358Z] Device at 10.30.4.128 is not reachable. Skipping connection attempt.
[2024-12-25T03:17:44.353Z] Device at 10.30.4.128 is not reachable. Skipping connection attempt.
[2024-12-25T03:17:54.355Z] Device at 10.30.4.128 is not reachable. Skipping connection attempt.
[2024-12-25T03:18:04.353Z] Device at 10.30.4.128 is not reachable. Skipping connection attempt.
[2024-12-25T03:18:14.364Z] Device at 10.30.4.128 is not reachable. Skipping connection attempt.
[2024-12-25T03:18:24.352Z] Device at 10.30.4.128 is not reachable. Skipping connection attempt.
[2024-12-25T03:18:34.353Z] Device at 10.30.4.128 is not reachable. Skipping connection attempt.
[2024-12-25T03:18:44.361Z] Device at 10.30.4.128 is not reachable. Skipping connection attempt.
[2024-12-25T03:18:54.347Z] Device at 10.30.4.128 is not reachable. Skipping connection attempt.
[2024-12-25T03:19:04.350Z] Device at 10.30.4.128 is not reachable. Skipping connection attempt.
[2024-12-25T03:19:14.355Z] Device at 10.30.4.128 is not reachable. Skipping connection attempt.
[2024-12-25T03:19:24.362Z] Device at 10.30.4.128 is not reachable. Skipping connection attempt.
[2024-12-25T03:19:34.362Z] Device at 10.30.4.128 is not reachable. Skipping connection attempt.
[2024-12-25T03:19:44.361Z] Device at 10.30.4.128 is not reachable. Skipping connection attempt.
[2024-12-25T03:19:54.351Z] Device at 10.30.4.128 is not reachable. Skipping connection attempt.
[2024-12-25T03:20:04.359Z] Device at 10.30.4.128 is not reachable. Skipping connection attempt.
[2024-12-25T03:20:14.353Z] Device at 10.30.4.128 is not reachable. Skipping connection attempt.
[2024-12-25T03:20:24.349Z] Device at 10.30.4.128 is not reachable. Skipping connection attempt.
[2024-12-25T03:20:34.359Z] Device at 10.30.4.128 is not reachable. Skipping connection attempt.
[2024-12-25T03:20:44.355Z] Device at 10.30.4.128 is not reachable. Skipping connection attempt.
[2024-12-25T03:20:54.360Z] Device at 10.30.4.128 is not reachable. Skipping connection attempt.
[2024-12-25T03:21:04.370Z] Device at 10.30.4.128 is not reachable. Skipping connection attempt.
[2024-12-25T03:21:14.355Z] Device at 10.30.4.128 is not reachable. Skipping connection attempt.
[2024-12-25T03:21:24.351Z] Device at 10.30.4.128 is not reachable. Skipping connection attempt.
[2024-12-25T03:21:34.356Z] Device at 10.30.4.128 is not reachable. Skipping connection attempt.
[2024-12-25T03:21:44.362Z] Device at 10.30.4.128 is not reachable. Skipping connection attempt.
[2024-12-25T03:21:54.355Z] Device at 10.30.4.128 is not reachable. Skipping connection attempt.
[2024-12-25T03:22:04.354Z] Device at 10.30.4.128 is not reachable. Skipping connection attempt.
[2024-12-25T03:22:14.363Z] Device at 10.30.4.128 is not reachable. Skipping connection attempt.
[2024-12-25T03:22:24.357Z] Device at 10.30.4.128 is not reachable. Skipping connection attempt.
[2024-12-25T03:22:34.351Z] Device at 10.30.4.128 is not reachable. Skipping connection attempt.
[2024-12-25T03:22:44.361Z] Device at 10.30.4.128 is not reachable. Skipping connection attempt.
[2024-12-25T03:22:54.361Z] Device at 10.30.4.128 is not reachable. Skipping connection attempt.
[2024-12-25T03:23:04.361Z] Device at 10.30.4.128 is not reachable. Skipping connection attempt.
[2024-12-25T03:23:14.355Z] Device at 10.30.4.128 is not reachable. Skipping connection attempt.
[2024-12-25T03:23:24.382Z] Device at 10.30.4.128 is not reachable. Skipping connection attempt.
[2024-12-25T03:23:34.351Z] Device at 10.30.4.128 is not reachable. Skipping connection attempt.
[2024-12-25T03:23:44.364Z] Device at 10.30.4.128 is not reachable. Skipping connection attempt.
[2024-12-25T03:23:54.360Z] Device at 10.30.4.128 is not reachable. Skipping connection attempt.
[2024-12-25T03:24:04.356Z] Device at 10.30.4.128 is not reachable. Skipping connection attempt.
[2024-12-25T03:24:14.352Z] Device at 10.30.4.128 is not reachable. Skipping connection attempt.
[2024-12-25T03:24:24.354Z] Device at 10.30.4.128 is not reachable. Skipping connection attempt.
[2024-12-25T03:24:34.363Z] Device at 10.30.4.128 is not reachable. Skipping connection attempt.
[2024-12-25T03:24:44.354Z] Device at 10.30.4.128 is not reachable. Skipping connection attempt.
[2024-12-25T03:24:54.357Z] Device at 10.30.4.128 is not reachable. Skipping connection attempt.
[2024-12-25T03:25:04.360Z] Device at 10.30.4.128 is not reachable. Skipping connection attempt.
[2024-12-25T03:25:14.360Z] Device at 10.30.4.128 is not reachable. Skipping connection attempt.
[2024-12-25T03:25:24.364Z] Device at 10.30.4.128 is not reachable. Skipping connection attempt.
[2024-12-25T03:25:34.351Z] Device at 10.30.4.128 is not reachable. Skipping connection attempt.
[2024-12-25T03:25:44.361Z] Device at 10.30.4.128 is not reachable. Skipping connection attempt.
[2024-12-25T03:25:54.350Z] Device at 10.30.4.128 is not reachable. Skipping connection attempt.
[2024-12-25T03:26:04.355Z] Device at 10.30.4.128 is not reachable. Skipping connection attempt.
[2024-12-25T03:26:14.355Z] Device at 10.30.4.128 is not reachable. Skipping connection attempt.
[2024-12-25T03:26:24.356Z] Device at 10.30.4.128 is not reachable. Skipping connection attempt.
[2024-12-25T03:26:34.349Z] Device at 10.30.4.128 is not reachable. Skipping connection attempt.
[2024-12-25T03:26:44.355Z] Device at 10.30.4.128 is not reachable. Skipping connection attempt.
[2024-12-25T03:26:54.358Z] Device at 10.30.4.128 is not reachable. Skipping connection attempt.
[2024-12-25T03:27:04.850Z] Device at 10.30.4.128 is not reachable. Skipping connection attempt.
[2024-12-25T03:27:14.851Z] Device at 10.30.4.128 is not reachable. Skipping connection attempt.
[2024-12-25T03:27:24.855Z] Device at 10.30.4.128 is not reachable. Skipping connection attempt.
[2024-12-25T03:27:34.860Z] Device at 10.30.4.128 is not reachable. Skipping connection attempt.
[2024-12-25T03:27:44.849Z] Device at 10.30.4.128 is not reachable. Skipping connection attempt.
[2024-12-25T03:27:54.865Z] Device at 10.30.4.128 is not reachable. Skipping connection attempt.
[2024-12-25T03:28:04.847Z] Device at 10.30.4.128 is not reachable. Skipping connection attempt.
[2024-12-25T03:28:14.856Z] Device at 10.30.4.128 is not reachable. Skipping connection attempt.
[2024-12-25T03:28:24.853Z] Device at 10.30.4.128 is not reachable. Skipping connection attempt.
[2024-12-25T03:28:34.849Z] Device at 10.30.4.128 is not reachable. Skipping connection attempt.
[2024-12-25T03:28:44.851Z] Device at 10.30.4.128 is not reachable. Skipping connection attempt.
[2024-12-25T03:28:54.864Z] Device at 10.30.4.128 is not reachable. Skipping connection attempt.
[2024-12-25T03:29:04.850Z] Device at 10.30.4.128 is not reachable. Skipping connection attempt.
[2024-12-25T03:29:14.857Z] Device at 10.30.4.128 is not reachable. Skipping connection attempt.
[2024-12-25T03:29:24.854Z] Device at 10.30.4.128 is not reachable. Skipping connection attempt.
[2024-12-25T03:29:34.849Z] Device at 10.30.4.128 is not reachable. Skipping connection attempt.
[2024-12-25T03:29:44.853Z] Device at 10.30.4.128 is not reachable. Skipping connection attempt.
[2024-12-25T03:29:54.856Z] Device at 10.30.4.128 is not reachable. Skipping connection attempt.
[2024-12-25T03:30:04.846Z] Device at 10.30.4.128 is not reachable. Skipping connection attempt.
[2024-12-25T03:30:14.856Z] Device at 10.30.4.128 is not reachable. Skipping connection attempt.
[2024-12-25T03:30:24.854Z] Device at 10.30.4.128 is not reachable. Skipping connection attempt.
[2024-12-25T03:30:34.853Z] Device at 10.30.4.128 is not reachable. Skipping connection attempt.
[2024-12-25T03:30:44.863Z] Device at 10.30.4.128 is not reachable. Skipping connection attempt.
[2024-12-25T03:30:54.853Z] Device at 10.30.4.128 is not reachable. Skipping connection attempt.
[2024-12-25T03:31:04.851Z] Device at 10.30.4.128 is not reachable. Skipping connection attempt.
[2024-12-25T03:31:14.860Z] Device at 10.30.4.128 is not reachable. Skipping connection attempt.
[2024-12-25T03:31:24.850Z] Device at 10.30.4.128 is not reachable. Skipping connection attempt.
[2024-12-25T03:31:34.860Z] Device at 10.30.4.128 is not reachable. Skipping connection attempt.
[2024-12-25T03:31:44.857Z] Device at 10.30.4.128 is not reachable. Skipping connection attempt.
[2024-12-25T03:31:54.859Z] Device at 10.30.4.128 is not reachable. Skipping connection attempt.
[2024-12-25T03:32:04.856Z] Device at 10.30.4.128 is not reachable. Skipping connection attempt.
[2024-12-25T03:32:14.852Z] Device at 10.30.4.128 is not reachable. Skipping connection attempt.
[2024-12-25T03:32:24.858Z] Device at 10.30.4.128 is not reachable. Skipping connection attempt.
[2024-12-25T03:32:34.850Z] Device at 10.30.4.128 is not reachable. Skipping connection attempt.
[2024-12-25T03:32:44.845Z] Device at 10.30.4.128 is not reachable. Skipping connection attempt.
[2024-12-25T03:32:54.853Z] Device at 10.30.4.128 is not reachable. Skipping connection attempt.
[2024-12-25T03:33:04.851Z] Device at 10.30.4.128 is not reachable. Skipping connection attempt.
[2024-12-25T03:33:14.852Z] Device at 10.30.4.128 is not reachable. Skipping connection attempt.
[2024-12-25T03:33:24.848Z] Device at 10.30.4.128 is not reachable. Skipping connection attempt.
[2024-12-25T03:33:34.849Z] Device at 10.30.4.128 is not reachable. Skipping connection attempt.
[2024-12-25T03:33:44.846Z] Device at 10.30.4.128 is not reachable. Skipping connection attempt.
[2024-12-25T03:33:54.856Z] Device at 10.30.4.128 is not reachable. Skipping connection attempt.
[2024-12-25T03:34:04.846Z] Device at 10.30.4.128 is not reachable. Skipping connection attempt.
[2024-12-25T03:34:14.857Z] Device at 10.30.4.128 is not reachable. Skipping connection attempt.
[2024-12-25T03:34:24.851Z] Device at 10.30.4.128 is not reachable. Skipping connection attempt.
[2024-12-25T03:34:34.844Z] Device at 10.30.4.128 is not reachable. Skipping connection attempt.
[2024-12-25T03:34:44.852Z] Device at 10.30.4.128 is not reachable. Skipping connection attempt.
[2024-12-25T03:34:54.857Z] Device at 10.30.4.128 is not reachable. Skipping connection attempt.
[2024-12-25T03:35:04.849Z] Device at 10.30.4.128 is not reachable. Skipping connection attempt.
[2024-12-25T03:35:14.856Z] Device at 10.30.4.128 is not reachable. Skipping connection attempt.
[2024-12-25T03:35:24.851Z] Device at 10.30.4.128 is not reachable. Skipping connection attempt.
[2024-12-25T03:35:34.843Z] Device at 10.30.4.128 is not reachable. Skipping connection attempt.
[2024-12-25T03:35:44.845Z] Device at 10.30.4.128 is not reachable. Skipping connection attempt.
[2024-12-25T03:35:54.849Z] Device at 10.30.4.128 is not reachable. Skipping connection attempt.
[2024-12-25T03:36:04.847Z] Device at 10.30.4.128 is not reachable. Skipping connection attempt.
[2024-12-25T03:36:14.845Z] Device at 10.30.4.128 is not reachable. Skipping connection attempt.
[2024-12-25T03:36:24.855Z] Device at 10.30.4.128 is not reachable. Skipping connection attempt.
[2024-12-25T03:36:34.845Z] Device at 10.30.4.128 is not reachable. Skipping connection attempt.
[2024-12-25T03:36:44.846Z] Device at 10.30.4.128 is not reachable. Skipping connection attempt.
[2024-12-25T03:36:54.844Z] Device at 10.30.4.128 is not reachable. Skipping connection attempt.
[2024-12-25T03:37:04.852Z] Device at 10.30.4.128 is not reachable. Skipping connection attempt.
[2024-12-25T03:37:14.854Z] Device at 10.30.4.128 is not reachable. Skipping connection attempt.
[2024-12-25T03:37:25.361Z] Device at 10.30.4.128 is not reachable. Skipping connection attempt.
[2024-12-25T03:37:34.853Z] Device at 10.30.4.128 is not reachable. Skipping connection attempt.
[2024-12-25T03:37:45.344Z] Device at 10.30.4.128 is not reachable. Skipping connection attempt.
[2024-12-25T03:37:55.349Z] Device at 10.30.4.128 is not reachable. Skipping connection attempt.
[2024-12-25T03:38:05.349Z] Device at 10.30.4.128 is not reachable. Skipping connection attempt.
[2024-12-25T03:38:15.344Z] Device at 10.30.4.128 is not reachable. Skipping connection attempt.
[2024-12-25T03:38:25.351Z] Device at 10.30.4.128 is not reachable. Skipping connection attempt.
[2024-12-25T03:38:35.343Z] Device at 10.30.4.128 is not reachable. Skipping connection attempt.
[2024-12-25T03:38:45.344Z] Device at 10.30.4.128 is not reachable. Skipping connection attempt.
[2024-12-25T03:38:55.347Z] Device at 10.30.4.128 is not reachable. Skipping connection attempt.
[2024-12-25T03:39:05.343Z] Device at 10.30.4.128 is not reachable. Skipping connection attempt.
[2024-12-25T03:39:15.346Z] Device at 10.30.4.128 is not reachable. Skipping connection attempt.
[2024-12-25T03:39:25.341Z] Device at 10.30.4.128 is not reachable. Skipping connection attempt.
[2024-12-25T03:39:35.340Z] Device at 10.30.4.128 is not reachable. Skipping connection attempt.
[2024-12-25T03:39:45.345Z] Device at 10.30.4.128 is not reachable. Skipping connection attempt.
[2024-12-25T03:39:55.342Z] Device at 10.30.4.128 is not reachable. Skipping connection attempt.
[2024-12-25T03:40:05.351Z] Device at 10.30.4.128 is not reachable. Skipping connection attempt.
[2024-12-25T03:40:15.354Z] Device at 10.30.4.128 is not reachable. Skipping connection attempt.
[2024-12-25T03:40:25.356Z] Device at 10.30.4.128 is not reachable. Skipping connection attempt.
[2024-12-25T03:40:35.345Z] Device at 10.30.4.128 is not reachable. Skipping connection attempt.
[2024-12-25T03:40:45.352Z] Device at 10.30.4.128 is not reachable. Skipping connection attempt.
[2024-12-25T03:40:55.349Z] Device at 10.30.4.128 is not reachable. Skipping connection attempt.
[2024-12-25T03:41:05.355Z] Device at 10.30.4.128 is not reachable. Skipping connection attempt.
[2024-12-25T03:41:15.352Z] Device at 10.30.4.128 is not reachable. Skipping connection attempt.
[2024-12-25T03:41:25.350Z] Device at 10.30.4.128 is not reachable. Skipping connection attempt.
[2024-12-25T03:41:35.347Z] Device at 10.30.4.128 is not reachable. Skipping connection attempt.
[2024-12-25T03:41:45.341Z] Device at 10.30.4.128 is not reachable. Skipping connection attempt.
[2024-12-25T03:41:55.352Z] Device at 10.30.4.128 is not reachable. Skipping connection attempt.
[2024-12-25T03:42:05.344Z] Device at 10.30.4.128 is not reachable. Skipping connection attempt.
[2024-12-25T03:42:15.344Z] Device at 10.30.4.128 is not reachable. Skipping connection attempt.
[2024-12-25T03:42:25.344Z] Device at 10.30.4.128 is not reachable. Skipping connection attempt.
[2024-12-25T03:42:35.348Z] Device at 10.30.4.128 is not reachable. Skipping connection attempt.
[2024-12-25T03:42:45.340Z] Device at 10.30.4.128 is not reachable. Skipping connection attempt.
[2024-12-25T03:42:55.348Z] Device at 10.30.4.128 is not reachable. Skipping connection attempt.
[2024-12-25T03:43:05.340Z] Device at 10.30.4.128 is not reachable. Skipping connection attempt.
[2024-12-25T03:43:15.342Z] Device at 10.30.4.128 is not reachable. Skipping connection attempt.
[2024-12-25T03:43:25.352Z] Device at 10.30.4.128 is not reachable. Skipping connection attempt.
[2024-12-25T03:43:35.351Z] Device at 10.30.4.128 is not reachable. Skipping connection attempt.
[2024-12-25T03:43:45.340Z] Device at 10.30.4.128 is not reachable. Skipping connection attempt.
[2024-12-25T03:43:55.345Z] Device at 10.30.4.128 is not reachable. Skipping connection attempt.
[2024-12-25T03:44:05.350Z] Device at 10.30.4.128 is not reachable. Skipping connection attempt.
[2024-12-25T03:44:15.352Z] Device at 10.30.4.128 is not reachable. Skipping connection attempt.
[2024-12-25T03:44:25.354Z] Device at 10.30.4.128 is not reachable. Skipping connection attempt.
[2024-12-25T03:44:35.345Z] Device at 10.30.4.128 is not reachable. Skipping connection attempt.
[2024-12-25T03:44:45.345Z] Device at 10.30.4.128 is not reachable. Skipping connection attempt.
[2024-12-25T03:44:55.352Z] Device at 10.30.4.128 is not reachable. Skipping connection attempt.
[2024-12-25T03:45:05.341Z] Device at 10.30.4.128 is not reachable. Skipping connection attempt.
[2024-12-25T03:45:15.343Z] Device at 10.30.4.128 is not reachable. Skipping connection attempt.
[2024-12-25T03:45:25.342Z] Device at 10.30.4.128 is not reachable. Skipping connection attempt.
[2024-12-25T03:45:35.342Z] Device at 10.30.4.128 is not reachable. Skipping connection attempt.
[2024-12-25T03:45:45.346Z] Device at 10.30.4.128 is not reachable. Skipping connection attempt.
[2024-12-25T03:45:55.342Z] Device at 10.30.4.128 is not reachable. Skipping connection attempt.
[2024-12-25T03:46:05.348Z] Device at 10.30.4.128 is not reachable. Skipping connection attempt.
[2024-12-25T03:46:15.350Z] Device at 10.30.4.128 is not reachable. Skipping connection attempt.
[2024-12-25T03:46:25.355Z] Device at 10.30.4.128 is not reachable. Skipping connection attempt.
[2024-12-25T03:46:35.346Z] Device at 10.30.4.128 is not reachable. Skipping connection attempt.
[2024-12-25T03:46:45.345Z] Device at 10.30.4.128 is not reachable. Skipping connection attempt.
[2024-12-25T03:46:55.349Z] Device at 10.30.4.128 is not reachable. Skipping connection attempt.
[2024-12-25T03:47:05.356Z] Device at 10.30.4.128 is not reachable. Skipping connection attempt.
[2024-12-25T03:47:15.348Z] Device at 10.30.4.128 is not reachable. Skipping connection attempt.
[2024-12-25T03:47:25.342Z] Device at 10.30.4.128 is not reachable. Skipping connection attempt.
[2024-12-25T03:47:35.340Z] Device at 10.30.4.128 is not reachable. Skipping connection attempt.
[2024-12-25T03:47:45.341Z] Device at 10.30.4.128 is not reachable. Skipping connection attempt.
[2024-12-25T03:47:55.343Z] Device at 10.30.4.128 is not reachable. Skipping connection attempt.
[2024-12-25T03:48:05.344Z] Device at 10.30.4.128 is not reachable. Skipping connection attempt.
[2024-12-25T03:48:15.843Z] Device at 10.30.4.128 is not reachable. Skipping connection attempt.
[2024-12-25T03:48:25.338Z] Device at 10.30.4.128 is not reachable. Skipping connection attempt.
[2024-12-25T03:48:35.840Z] Device at 10.30.4.128 is not reachable. Skipping connection attempt.
[2024-12-25T03:48:45.336Z] Device at 10.30.4.128 is not reachable. Skipping connection attempt.
[2024-12-25T03:48:55.842Z] Device at 10.30.4.128 is not reachable. Skipping connection attempt.
[2024-12-25T03:49:05.837Z] Device at 10.30.4.128 is not reachable. Skipping connection attempt.
[2024-12-25T03:49:15.842Z] Device at 10.30.4.128 is not reachable. Skipping connection attempt.
[2024-12-25T03:49:25.837Z] Device at 10.30.4.128 is not reachable. Skipping connection attempt.
[2024-12-25T03:49:35.853Z] Device at 10.30.4.128 is not reachable. Skipping connection attempt.
[2024-12-25T03:49:45.846Z] Device at 10.30.4.128 is not reachable. Skipping connection attempt.
[2024-12-25T03:49:55.849Z] Device at 10.30.4.128 is not reachable. Skipping connection attempt.
[2024-12-25T03:50:05.837Z] Device at 10.30.4.128 is not reachable. Skipping connection attempt.
[2024-12-25T03:50:15.837Z] Device at 10.30.4.128 is not reachable. Skipping connection attempt.
[2024-12-25T03:50:25.838Z] Device at 10.30.4.128 is not reachable. Skipping connection attempt.
[2024-12-25T03:50:35.846Z] Device at 10.30.4.128 is not reachable. Skipping connection attempt.
[2024-12-25T03:50:45.844Z] Device at 10.30.4.128 is not reachable. Skipping connection attempt.
[2024-12-25T03:50:55.838Z] Device at 10.30.4.128 is not reachable. Skipping connection attempt.
[2024-12-25T03:51:05.844Z] Device at 10.30.4.128 is not reachable. Skipping connection attempt.
[2024-12-25T03:51:15.839Z] Device at 10.30.4.128 is not reachable. Skipping connection attempt.
[2024-12-25T03:51:25.840Z] Device at 10.30.4.128 is not reachable. Skipping connection attempt.
[2024-12-25T03:51:35.856Z] Device at 10.30.4.128 is not reachable. Skipping connection attempt.
[2024-12-25T03:51:45.844Z] Device at 10.30.4.128 is not reachable. Skipping connection attempt.
[2024-12-25T03:51:55.844Z] Device at 10.30.4.128 is not reachable. Skipping connection attempt.
[2024-12-25T03:52:05.837Z] Device at 10.30.4.128 is not reachable. Skipping connection attempt.
[2024-12-25T03:52:15.834Z] Device at 10.30.4.128 is not reachable. Skipping connection attempt.
[2024-12-25T03:52:25.836Z] Device at 10.30.4.128 is not reachable. Skipping connection attempt.
[2024-12-25T03:52:35.845Z] Device at 10.30.4.128 is not reachable. Skipping connection attempt.
[2024-12-25T03:52:45.840Z] Device at 10.30.4.128 is not reachable. Skipping connection attempt.
[2024-12-25T03:52:55.840Z] Device at 10.30.4.128 is not reachable. Skipping connection attempt.
[2024-12-25T03:53:05.842Z] Device at 10.30.4.128 is not reachable. Skipping connection attempt.
[2024-12-25T03:53:15.835Z] Device at 10.30.4.128 is not reachable. Skipping connection attempt.
[2024-12-25T03:53:25.844Z] Device at 10.30.4.128 is not reachable. Skipping connection attempt.
[2024-12-25T03:53:35.849Z] Device at 10.30.4.128 is not reachable. Skipping connection attempt.
[2024-12-25T03:53:45.844Z] Device at 10.30.4.128 is not reachable. Skipping connection attempt.
[2024-12-25T03:53:55.833Z] Device at 10.30.4.128 is not reachable. Skipping connection attempt.
[2024-12-25T03:54:05.847Z] Device at 10.30.4.128 is not reachable. Skipping connection attempt.
[2024-12-25T03:54:15.841Z] Device at 10.30.4.128 is not reachable. Skipping connection attempt.
[2024-12-25T03:54:25.834Z] Device at 10.30.4.128 is not reachable. Skipping connection attempt.
[2024-12-25T03:54:35.847Z] Device at 10.30.4.128 is not reachable. Skipping connection attempt.
[2024-12-25T03:54:45.837Z] Device at 10.30.4.128 is not reachable. Skipping connection attempt.
[2024-12-25T03:54:55.840Z] Device at 10.30.4.128 is not reachable. Skipping connection attempt.
[2024-12-25T03:55:05.846Z] Device at 10.30.4.128 is not reachable. Skipping connection attempt.
[2024-12-25T03:55:15.835Z] Device at 10.30.4.128 is not reachable. Skipping connection attempt.
[2024-12-25T03:55:25.835Z] Device at 10.30.4.128 is not reachable. Skipping connection attempt.
[2024-12-25T03:55:35.844Z] Device at 10.30.4.128 is not reachable. Skipping connection attempt.
[2024-12-25T03:55:45.837Z] Device at 10.30.4.128 is not reachable. Skipping connection attempt.
[2024-12-25T03:55:55.840Z] Device at 10.30.4.128 is not reachable. Skipping connection attempt.
[2024-12-25T03:56:05.836Z] Device at 10.30.4.128 is not reachable. Skipping connection attempt.
[2024-12-25T03:56:15.835Z] Device at 10.30.4.128 is not reachable. Skipping connection attempt.
[2024-12-25T03:56:25.837Z] Device at 10.30.4.128 is not reachable. Skipping connection attempt.
[2024-12-25T03:56:35.840Z] Device at 10.30.4.128 is not reachable. Skipping connection attempt.
[2024-12-25T03:56:45.835Z] Device at 10.30.4.128 is not reachable. Skipping connection attempt.
[2024-12-25T03:56:55.839Z] Device at 10.30.4.128 is not reachable. Skipping connection attempt.
[2024-12-25T03:57:05.840Z] Device at 10.30.4.128 is not reachable. Skipping connection attempt.
[2024-12-25T03:57:15.837Z] Device at 10.30.4.128 is not reachable. Skipping connection attempt.
[2024-12-25T03:57:25.836Z] Device at 10.30.4.128 is not reachable. Skipping connection attempt.
[2024-12-25T03:57:35.843Z] Device at 10.30.4.128 is not reachable. Skipping connection attempt.
[2024-12-25T03:57:45.838Z] Device at 10.30.4.128 is not reachable. Skipping connection attempt.
[2024-12-25T03:57:55.853Z] Device at 10.30.4.128 is not reachable. Skipping connection attempt.
[2024-12-25T03:58:05.837Z] Device at 10.30.4.128 is not reachable. Skipping connection attempt.
[2024-12-25T03:58:15.838Z] Device at 10.30.4.128 is not reachable. Skipping connection attempt.
[2024-12-25T03:58:25.838Z] Device at 10.30.4.128 is not reachable. Skipping connection attempt.
[2024-12-25T03:58:35.840Z] Device at 10.30.4.128 is not reachable. Skipping connection attempt.
[2024-12-25T03:58:45.844Z] Device at 10.30.4.128 is not reachable. Skipping connection attempt.
[2024-12-25T03:58:55.844Z] Device at 10.30.4.128 is not reachable. Skipping connection attempt.
[2024-12-25T03:59:05.833Z] Device at 10.30.4.128 is not reachable. Skipping connection attempt.
[2024-12-25T03:59:15.845Z] Device at 10.30.4.128 is not reachable. Skipping connection attempt.
[2024-12-25T03:59:25.831Z] Device at 10.30.4.128 is not reachable. Skipping connection attempt.
[2024-12-25T03:59:35.835Z] Device at 10.30.4.128 is not reachable. Skipping connection attempt.
[2024-12-25T03:59:46.340Z] Device at 10.30.4.128 is not reachable. Skipping connection attempt.
[2024-12-25T03:59:56.335Z] Device at 10.30.4.128 is not reachable. Skipping connection attempt.
[2024-12-25T04:00:06.338Z] Device at 10.30.4.128 is not reachable. Skipping connection attempt.
[2024-12-25T04:00:16.343Z] Device at 10.30.4.128 is not reachable. Skipping connection attempt.
[2024-12-25T04:00:26.335Z] Device at 10.30.4.128 is not reachable. Skipping connection attempt.
[2024-12-25T04:00:36.353Z] Device at 10.30.4.128 is not reachable. Skipping connection attempt.
[2024-12-25T04:00:46.337Z] Device at 10.30.4.128 is not reachable. Skipping connection attempt.
[2024-12-25T04:00:56.339Z] Device at 10.30.4.128 is not reachable. Skipping connection attempt.
[2024-12-25T04:01:06.334Z] Device at 10.30.4.128 is not reachable. Skipping connection attempt.
[2024-12-25T04:01:16.341Z] Device at 10.30.4.128 is not reachable. Skipping connection attempt.
[2024-12-25T04:01:26.332Z] Device at 10.30.4.128 is not reachable. Skipping connection attempt.
[2024-12-25T04:01:36.338Z] Device at 10.30.4.128 is not reachable. Skipping connection attempt.
[2024-12-25T04:01:46.347Z] Device at 10.30.4.128 is not reachable. Skipping connection attempt.
[2024-12-25T04:01:56.339Z] Device at 10.30.4.128 is not reachable. Skipping connection attempt.
[2024-12-25T04:02:06.341Z] Device at 10.30.4.128 is not reachable. Skipping connection attempt.
[2024-12-25T04:02:16.349Z] Device at 10.30.4.128 is not reachable. Skipping connection attempt.
[2024-12-25T04:02:26.332Z] Device at 10.30.4.128 is not reachable. Skipping connection attempt.
[2024-12-25T04:02:36.336Z] Device at 10.30.4.128 is not reachable. Skipping connection attempt.
[2024-12-25T04:02:46.343Z] Device at 10.30.4.128 is not reachable. Skipping connection attempt.
[2024-12-25T04:02:56.332Z] Device at 10.30.4.128 is not reachable. Skipping connection attempt.
[2024-12-25T04:03:06.336Z] Device at 10.30.4.128 is not reachable. Skipping connection attempt.
[2024-12-25T04:03:16.339Z] Device at 10.30.4.128 is not reachable. Skipping connection attempt.
[2024-12-25T04:03:26.330Z] Device at 10.30.4.128 is not reachable. Skipping connection attempt.
[2024-12-25T04:03:36.331Z] Device at 10.30.4.128 is not reachable. Skipping connection attempt.
[2024-12-25T04:03:46.341Z] Device at 10.30.4.128 is not reachable. Skipping connection attempt.
[2024-12-25T04:03:56.332Z] Device at 10.30.4.128 is not reachable. Skipping connection attempt.
[2024-12-25T04:04:06.344Z] Device at 10.30.4.128 is not reachable. Skipping connection attempt.
[2024-12-25T04:04:16.338Z] Device at 10.30.4.128 is not reachable. Skipping connection attempt.
[2024-12-25T04:04:26.339Z] Device at 10.30.4.128 is not reachable. Skipping connection attempt.
[2024-12-25T04:04:36.331Z] Device at 10.30.4.128 is not reachable. Skipping connection attempt.
[2024-12-25T04:04:46.336Z] Device at 10.30.4.128 is not reachable. Skipping connection attempt.
[2024-12-25T04:04:56.334Z] Device at 10.30.4.128 is not reachable. Skipping connection attempt.
[2024-12-25T04:05:06.329Z] Device at 10.30.4.128 is not reachable. Skipping connection attempt.
[2024-12-25T04:05:16.338Z] Device at 10.30.4.128 is not reachable. Skipping connection attempt.
[2024-12-25T04:05:26.345Z] Device at 10.30.4.128 is not reachable. Skipping connection attempt.
[2024-12-25T04:05:36.336Z] Device at 10.30.4.128 is not reachable. Skipping connection attempt.
[2024-12-25T04:05:46.339Z] Device at 10.30.4.128 is not reachable. Skipping connection attempt.
[2024-12-25T04:05:56.344Z] Device at 10.30.4.128 is not reachable. Skipping connection attempt.
[2024-12-25T04:06:06.349Z] Device at 10.30.4.128 is not reachable. Skipping connection attempt.
[2024-12-25T04:06:16.338Z] Device at 10.30.4.128 is not reachable. Skipping connection attempt.
[2024-12-25T04:06:26.351Z] Device at 10.30.4.128 is not reachable. Skipping connection attempt.
[2024-12-25T04:06:36.334Z] Device at 10.30.4.128 is not reachable. Skipping connection attempt.
[2024-12-25T04:06:46.335Z] Device at 10.30.4.128 is not reachable. Skipping connection attempt.
[2024-12-25T04:06:56.339Z] Device at 10.30.4.128 is not reachable. Skipping connection attempt.
[2024-12-25T04:07:06.343Z] Device at 10.30.4.128 is not reachable. Skipping connection attempt.
[2024-12-25T04:07:16.335Z] Device at 10.30.4.128 is not reachable. Skipping connection attempt.
[2024-12-25T04:07:26.335Z] Device at 10.30.4.128 is not reachable. Skipping connection attempt.
[2024-12-25T04:07:36.329Z] Device at 10.30.4.128 is not reachable. Skipping connection attempt.
[2024-12-25T04:07:46.335Z] Device at 10.30.4.128 is not reachable. Skipping connection attempt.
[2024-12-25T04:07:56.331Z] Device at 10.30.4.128 is not reachable. Skipping connection attempt.
[2024-12-25T04:08:06.342Z] Device at 10.30.4.128 is not reachable. Skipping connection attempt.
[2024-12-25T04:08:16.333Z] Device at 10.30.4.128 is not reachable. Skipping connection attempt.
[2024-12-25T04:08:26.329Z] Device at 10.30.4.128 is not reachable. Skipping connection attempt.
[2024-12-25T04:08:36.333Z] Device at 10.30.4.128 is not reachable. Skipping connection attempt.
[2024-12-25T04:08:46.337Z] Device at 10.30.4.128 is not reachable. Skipping connection attempt.
[2024-12-25T04:08:56.340Z] Device at 10.30.4.128 is not reachable. Skipping connection attempt.
[2024-12-25T04:09:06.348Z] Device at 10.30.4.128 is not reachable. Skipping connection attempt.
[2024-12-25T04:09:16.338Z] Device at 10.30.4.128 is not reachable. Skipping connection attempt.
[2024-12-25T04:09:26.338Z] Device at 10.30.4.128 is not reachable. Skipping connection attempt.
[2024-12-25T04:09:36.331Z] Device at 10.30.4.128 is not reachable. Skipping connection attempt.
[2024-12-25T04:09:46.332Z] Device at 10.30.4.128 is not reachable. Skipping connection attempt.
[2024-12-25T04:09:56.335Z] Device at 10.30.4.128 is not reachable. Skipping connection attempt.
[2024-12-25T04:10:06.348Z] Device at 10.30.4.128 is not reachable. Skipping connection attempt.
[2024-12-25T04:10:16.352Z] Device at 10.30.4.128 is not reachable. Skipping connection attempt.
[2024-12-25T04:10:26.844Z] Device at 10.30.4.128 is not reachable. Skipping connection attempt.
[2024-12-25T04:10:36.334Z] Device at 10.30.4.128 is not reachable. Skipping connection attempt.
[2024-12-25T04:10:46.830Z] Device at 10.30.4.128 is not reachable. Skipping connection attempt.
[2024-12-25T04:10:56.841Z] Device at 10.30.4.128 is not reachable. Skipping connection attempt.
[2024-12-25T04:11:06.836Z] Device at 10.30.4.128 is not reachable. Skipping connection attempt.
[2024-12-25T04:11:16.842Z] Device at 10.30.4.128 is not reachable. Skipping connection attempt.
[2024-12-25T04:11:26.829Z] Device at 10.30.4.128 is not reachable. Skipping connection attempt.
[2024-12-25T04:11:36.829Z] Device at 10.30.4.128 is not reachable. Skipping connection attempt.
[2024-12-25T04:11:46.845Z] Device at 10.30.4.128 is not reachable. Skipping connection attempt.
[2024-12-25T04:11:56.843Z] Device at 10.30.4.128 is not reachable. Skipping connection attempt.
[2024-12-25T04:12:06.831Z] Device at 10.30.4.128 is not reachable. Skipping connection attempt.
[2024-12-25T04:12:16.839Z] Device at 10.30.4.128 is not reachable. Skipping connection attempt.
[2024-12-25T04:12:26.829Z] Device at 10.30.4.128 is not reachable. Skipping connection attempt.
[2024-12-25T04:12:36.831Z] Device at 10.30.4.128 is not reachable. Skipping connection attempt.
[2024-12-25T04:12:46.837Z] Device at 10.30.4.128 is not reachable. Skipping connection attempt.
[2024-12-25T04:12:56.832Z] Device at 10.30.4.128 is not reachable. Skipping connection attempt.
[2024-12-25T04:13:06.839Z] Device at 10.30.4.128 is not reachable. Skipping connection attempt.
[2024-12-25T04:13:16.831Z] Device at 10.30.4.128 is not reachable. Skipping connection attempt.
[2024-12-25T04:13:26.829Z] Device at 10.30.4.128 is not reachable. Skipping connection attempt.
[2024-12-25T04:13:36.838Z] Device at 10.30.4.128 is not reachable. Skipping connection attempt.
[2024-12-25T04:13:46.833Z] Device at 10.30.4.128 is not reachable. Skipping connection attempt.
[2024-12-25T04:13:56.832Z] Device at 10.30.4.128 is not reachable. Skipping connection attempt.
[2024-12-25T04:14:06.828Z] Device at 10.30.4.128 is not reachable. Skipping connection attempt.
[2024-12-25T04:14:16.838Z] Device at 10.30.4.128 is not reachable. Skipping connection attempt.
[2024-12-25T04:14:26.836Z] Device at 10.30.4.128 is not reachable. Skipping connection attempt.
[2024-12-25T04:14:36.836Z] Device at 10.30.4.128 is not reachable. Skipping connection attempt.
[2024-12-25T04:14:46.837Z] Device at 10.30.4.128 is not reachable. Skipping connection attempt.
[2024-12-25T04:14:56.839Z] Device at 10.30.4.128 is not reachable. Skipping connection attempt.
[2024-12-25T04:15:06.827Z] Device at 10.30.4.128 is not reachable. Skipping connection attempt.
[2024-12-25T04:15:16.827Z] Device at 10.30.4.128 is not reachable. Skipping connection attempt.
[2024-12-25T04:15:26.838Z] Device at 10.30.4.128 is not reachable. Skipping connection attempt.
[2024-12-25T04:15:36.832Z] Device at 10.30.4.128 is not reachable. Skipping connection attempt.
[2024-12-25T04:15:46.835Z] Device at 10.30.4.128 is not reachable. Skipping connection attempt.
[2024-12-25T04:15:56.839Z] Device at 10.30.4.128 is not reachable. Skipping connection attempt.
[2024-12-25T04:16:06.830Z] Device at 10.30.4.128 is not reachable. Skipping connection attempt.
[2024-12-25T04:16:16.844Z] Device at 10.30.4.128 is not reachable. Skipping connection attempt.
[2024-12-25T04:16:26.826Z] Device at 10.30.4.128 is not reachable. Skipping connection attempt.
[2024-12-25T04:16:36.832Z] Device at 10.30.4.128 is not reachable. Skipping connection attempt.
[2024-12-25T04:16:46.833Z] Device at 10.30.4.128 is not reachable. Skipping connection attempt.
[2024-12-25T04:16:56.834Z] Device at 10.30.4.128 is not reachable. Skipping connection attempt.
[2024-12-25T04:17:06.833Z] Device at 10.30.4.128 is not reachable. Skipping connection attempt.
[2024-12-25T04:17:16.832Z] Device at 10.30.4.128 is not reachable. Skipping connection attempt.
[2024-12-25T04:17:26.829Z] Device at 10.30.4.128 is not reachable. Skipping connection attempt.
[2024-12-25T04:17:36.841Z] Device at 10.30.4.128 is not reachable. Skipping connection attempt.
[2024-12-25T04:17:46.832Z] Device at 10.30.4.128 is not reachable. Skipping connection attempt.
[2024-12-25T04:17:56.828Z] Device at 10.30.4.128 is not reachable. Skipping connection attempt.
[2024-12-25T04:18:06.840Z] Device at 10.30.4.128 is not reachable. Skipping connection attempt.
[2024-12-25T04:18:16.832Z] Device at 10.30.4.128 is not reachable. Skipping connection attempt.
[2024-12-25T04:18:26.826Z] Device at 10.30.4.128 is not reachable. Skipping connection attempt.
[2024-12-25T04:18:36.826Z] Device at 10.30.4.128 is not reachable. Skipping connection attempt.
[2024-12-25T04:18:46.828Z] Device at 10.30.4.128 is not reachable. Skipping connection attempt.
[2024-12-25T04:18:56.843Z] Device at 10.30.4.128 is not reachable. Skipping connection attempt.
[2024-12-25T04:19:06.839Z] Device at 10.30.4.128 is not reachable. Skipping connection attempt.
[2024-12-25T04:19:16.830Z] Device at 10.30.4.128 is not reachable. Skipping connection attempt.
[2024-12-25T04:19:26.841Z] Device at 10.30.4.128 is not reachable. Skipping connection attempt.
[2024-12-25T04:19:36.831Z] Device at 10.30.4.128 is not reachable. Skipping connection attempt.
[2024-12-25T04:19:46.835Z] Device at 10.30.4.128 is not reachable. Skipping connection attempt.
[2024-12-25T04:19:56.825Z] Device at 10.30.4.128 is not reachable. Skipping connection attempt.
[2024-12-25T04:20:07.326Z] Device at 10.30.4.128 is not reachable. Skipping connection attempt.
[2024-12-25T04:20:17.320Z] Device at 10.30.4.128 is not reachable. Skipping connection attempt.
[2024-12-25T04:20:27.323Z] Device at 10.30.4.128 is not reachable. Skipping connection attempt.
[2024-12-25T04:20:37.326Z] Device at 10.30.4.128 is not reachable. Skipping connection attempt.
[2024-12-25T04:20:47.333Z] Device at 10.30.4.128 is not reachable. Skipping connection attempt.
[2024-12-25T04:20:57.328Z] Device at 10.30.4.128 is not reachable. Skipping connection attempt.
[2024-12-25T04:21:07.336Z] Device at 10.30.4.128 is not reachable. Skipping connection attempt.
[2024-12-25T04:21:17.330Z] Device at 10.30.4.128 is not reachable. Skipping connection attempt.
[2024-12-25T04:21:27.336Z] Device at 10.30.4.128 is not reachable. Skipping connection attempt.
[2024-12-25T04:21:37.330Z] Device at 10.30.4.128 is not reachable. Skipping connection attempt.
[2024-12-25T04:21:47.325Z] Device at 10.30.4.128 is not reachable. Skipping connection attempt.
[2024-12-25T04:21:57.328Z] Device at 10.30.4.128 is not reachable. Skipping connection attempt.
[2024-12-25T04:22:07.329Z] Device at 10.30.4.128 is not reachable. Skipping connection attempt.
[2024-12-25T04:22:17.333Z] Device at 10.30.4.128 is not reachable. Skipping connection attempt.
[2024-12-25T04:22:27.328Z] Device at 10.30.4.128 is not reachable. Skipping connection attempt.
[2024-12-25T04:22:37.335Z] Device at 10.30.4.128 is not reachable. Skipping connection attempt.
[2024-12-25T04:22:47.322Z] Device at 10.30.4.128 is not reachable. Skipping connection attempt.
[2024-12-25T04:22:57.326Z] Device at 10.30.4.128 is not reachable. Skipping connection attempt.
[2024-12-25T04:23:07.325Z] Device at 10.30.4.128 is not reachable. Skipping connection attempt.
[2024-12-25T04:23:17.334Z] Device at 10.30.4.128 is not reachable. Skipping connection attempt.
[2024-12-25T04:23:27.328Z] Device at 10.30.4.128 is not reachable. Skipping connection attempt.
[2024-12-25T04:23:37.324Z] Device at 10.30.4.128 is not reachable. Skipping connection attempt.
[2024-12-25T04:23:47.323Z] Device at 10.30.4.128 is not reachable. Skipping connection attempt.
[2024-12-25T04:23:57.330Z] Device at 10.30.4.128 is not reachable. Skipping connection attempt.
[2024-12-25T04:24:07.335Z] Device at 10.30.4.128 is not reachable. Skipping connection attempt.
[2024-12-25T04:24:17.325Z] Device at 10.30.4.128 is not reachable. Skipping connection attempt.
[2024-12-25T04:24:27.332Z] Device at 10.30.4.128 is not reachable. Skipping connection attempt.
[2024-12-25T04:24:37.335Z] Device at 10.30.4.128 is not reachable. Skipping connection attempt.
[2024-12-25T04:24:47.348Z] Device at 10.30.4.128 is not reachable. Skipping connection attempt.
[2024-12-25T04:24:57.332Z] Device at 10.30.4.128 is not reachable. Skipping connection attempt.
[2024-12-25T04:25:07.350Z] Device at 10.30.4.128 is not reachable. Skipping connection attempt.
[2024-12-25T04:25:17.334Z] Device at 10.30.4.128 is not reachable. Skipping connection attempt.
[2024-12-25T04:25:27.328Z] Device at 10.30.4.128 is not reachable. Skipping connection attempt.
[2024-12-25T04:25:37.322Z] Device at 10.30.4.128 is not reachable. Skipping connection attempt.
[2024-12-25T04:25:47.331Z] Device at 10.30.4.128 is not reachable. Skipping connection attempt.
[2024-12-25T04:25:57.332Z] Device at 10.30.4.128 is not reachable. Skipping connection attempt.
[2024-12-25T04:26:07.327Z] Device at 10.30.4.128 is not reachable. Skipping connection attempt.
[2024-12-25T04:26:17.328Z] Device at 10.30.4.128 is not reachable. Skipping connection attempt.
[2024-12-25T04:26:27.325Z] Device at 10.30.4.128 is not reachable. Skipping connection attempt.
[2024-12-25T04:26:37.323Z] Device at 10.30.4.128 is not reachable. Skipping connection attempt.
[2024-12-25T04:26:47.333Z] Device at 10.30.4.128 is not reachable. Skipping connection attempt.
[2024-12-25T04:26:57.334Z] Device at 10.30.4.128 is not reachable. Skipping connection attempt.
[2024-12-25T04:27:07.327Z] Device at 10.30.4.128 is not reachable. Skipping connection attempt.
[2024-12-25T04:27:17.336Z] Device at 10.30.4.128 is not reachable. Skipping connection attempt.
[2024-12-25T04:27:27.329Z] Device at 10.30.4.128 is not reachable. Skipping connection attempt.
[2024-12-25T04:27:37.347Z] Device at 10.30.4.128 is not reachable. Skipping connection attempt.
[2024-12-25T04:27:47.339Z] Device at 10.30.4.128 is not reachable. Skipping connection attempt.
[2024-12-25T04:27:57.322Z] Device at 10.30.4.128 is not reachable. Skipping connection attempt.
[2024-12-25T04:28:07.328Z] Device at 10.30.4.128 is not reachable. Skipping connection attempt.
[2024-12-25T04:28:17.322Z] Device at 10.30.4.128 is not reachable. Skipping connection attempt.
[2024-12-25T04:28:27.330Z] Device at 10.30.4.128 is not reachable. Skipping connection attempt.
[2024-12-25T04:28:37.335Z] Device at 10.30.4.128 is not reachable. Skipping connection attempt.
[2024-12-25T04:28:47.322Z] Device at 10.30.4.128 is not reachable. Skipping connection attempt.
[2024-12-25T04:28:57.322Z] Device at 10.30.4.128 is not reachable. Skipping connection attempt.
[2024-12-25T04:29:07.318Z] Device at 10.30.4.128 is not reachable. Skipping connection attempt.
[2024-12-25T04:29:17.321Z] Device at 10.30.4.128 is not reachable. Skipping connection attempt.
[2024-12-25T04:29:27.345Z] Device at 10.30.4.128 is not reachable. Skipping connection attempt.
[2024-12-25T04:29:37.327Z] Device at 10.30.4.128 is not reachable. Skipping connection attempt.
[2024-12-25T04:29:47.322Z] Device at 10.30.4.128 is not reachable. Skipping connection attempt.
[2024-12-25T04:29:57.327Z] Device at 10.30.4.128 is not reachable. Skipping connection attempt.
[2024-12-25T04:30:07.322Z] Device at 10.30.4.128 is not reachable. Skipping connection attempt.
[2024-12-25T04:30:17.323Z] Device at 10.30.4.128 is not reachable. Skipping connection attempt.
[2024-12-25T04:30:27.320Z] Device at 10.30.4.128 is not reachable. Skipping connection attempt.
[2024-12-25T04:30:37.325Z] Device at 10.30.4.128 is not reachable. Skipping connection attempt.
[2024-12-25T04:30:47.329Z] Device at 10.30.4.128 is not reachable. Skipping connection attempt.
[2024-12-25T04:30:57.327Z] Device at 10.30.4.128 is not reachable. Skipping connection attempt.
[2024-12-25T04:31:07.323Z] Device at 10.30.4.128 is not reachable. Skipping connection attempt.
[2024-12-25T04:31:17.330Z] Device at 10.30.4.128 is not reachable. Skipping connection attempt.
[2024-12-25T04:31:27.831Z] Device at 10.30.4.128 is not reachable. Skipping connection attempt.
[2024-12-25T04:31:37.823Z] Device at 10.30.4.128 is not reachable. Skipping connection attempt.
[2024-12-25T04:31:47.823Z] Device at 10.30.4.128 is not reachable. Skipping connection attempt.
[2024-12-25T04:31:57.823Z] Device at 10.30.4.128 is not reachable. Skipping connection attempt.
[2024-12-25T04:32:07.829Z] Device at 10.30.4.128 is not reachable. Skipping connection attempt.
[2024-12-25T04:32:17.829Z] Device at 10.30.4.128 is not reachable. Skipping connection attempt.
[2024-12-25T04:32:27.821Z] Device at 10.30.4.128 is not reachable. Skipping connection attempt.
[2024-12-25T04:32:37.833Z] Device at 10.30.4.128 is not reachable. Skipping connection attempt.
[2024-12-25T04:32:47.822Z] Device at 10.30.4.128 is not reachable. Skipping connection attempt.
[2024-12-25T04:32:57.823Z] Device at 10.30.4.128 is not reachable. Skipping connection attempt.
[2024-12-25T04:33:07.823Z] Device at 10.30.4.128 is not reachable. Skipping connection attempt.
[2024-12-25T04:33:17.829Z] Device at 10.30.4.128 is not reachable. Skipping connection attempt.
[2024-12-25T04:33:27.829Z] Device at 10.30.4.128 is not reachable. Skipping connection attempt.
[2024-12-25T04:33:37.828Z] Device at 10.30.4.128 is not reachable. Skipping connection attempt.
[2024-12-25T04:33:47.820Z] Device at 10.30.4.128 is not reachable. Skipping connection attempt.
[2024-12-25T04:33:57.826Z] Device at 10.30.4.128 is not reachable. Skipping connection attempt.
[2024-12-25T04:34:07.818Z] Device at 10.30.4.128 is not reachable. Skipping connection attempt.
[2024-12-25T04:34:17.824Z] Device at 10.30.4.128 is not reachable. Skipping connection attempt.
[2024-12-25T04:34:27.821Z] Device at 10.30.4.128 is not reachable. Skipping connection attempt.
[2024-12-25T04:34:37.829Z] Device at 10.30.4.128 is not reachable. Skipping connection attempt.
[2024-12-25T04:34:47.823Z] Device at 10.30.4.128 is not reachable. Skipping connection attempt.
[2024-12-25T04:34:57.829Z] Device at 10.30.4.128 is not reachable. Skipping connection attempt.
[2024-12-25T04:35:07.820Z] Device at 10.30.4.128 is not reachable. Skipping connection attempt.
[2024-12-25T04:35:17.830Z] Device at 10.30.4.128 is not reachable. Skipping connection attempt.
[2024-12-25T04:35:27.832Z] Device at 10.30.4.128 is not reachable. Skipping connection attempt.
[2024-12-25T04:35:37.834Z] Device at 10.30.4.128 is not reachable. Skipping connection attempt.
[2024-12-25T04:35:47.823Z] Device at 10.30.4.128 is not reachable. Skipping connection attempt.
[2024-12-25T04:35:57.825Z] Device at 10.30.4.128 is not reachable. Skipping connection attempt.
[2024-12-25T04:36:07.838Z] Device at 10.30.4.128 is not reachable. Skipping connection attempt.
[2024-12-25T04:36:17.825Z] Device at 10.30.4.128 is not reachable. Skipping connection attempt.
[2024-12-25T04:36:27.820Z] Device at 10.30.4.128 is not reachable. Skipping connection attempt.
[2024-12-25T04:36:37.831Z] Device at 10.30.4.128 is not reachable. Skipping connection attempt.
[2024-12-25T04:36:47.823Z] Device at 10.30.4.128 is not reachable. Skipping connection attempt.
[2024-12-25T04:36:57.830Z] Device at 10.30.4.128 is not reachable. Skipping connection attempt.
[2024-12-25T04:37:07.824Z] Device at 10.30.4.128 is not reachable. Skipping connection attempt.
[2024-12-25T04:37:17.826Z] Device at 10.30.4.128 is not reachable. Skipping connection attempt.
[2024-12-25T04:37:27.818Z] Device at 10.30.4.128 is not reachable. Skipping connection attempt.
[2024-12-25T04:37:37.819Z] Device at 10.30.4.128 is not reachable. Skipping connection attempt.
[2024-12-25T04:37:47.829Z] Device at 10.30.4.128 is not reachable. Skipping connection attempt.
[2024-12-25T04:37:57.821Z] Device at 10.30.4.128 is not reachable. Skipping connection attempt.
[2024-12-25T04:38:07.822Z] Device at 10.30.4.128 is not reachable. Skipping connection attempt.
[2024-12-25T04:38:17.822Z] Device at 10.30.4.128 is not reachable. Skipping connection attempt.
[2024-12-25T04:38:27.827Z] Device at 10.30.4.128 is not reachable. Skipping connection attempt.
[2024-12-25T04:38:37.821Z] Device at 10.30.4.128 is not reachable. Skipping connection attempt.
[2024-12-25T04:38:47.821Z] Device at 10.30.4.128 is not reachable. Skipping connection attempt.
[2024-12-25T04:38:57.824Z] Device at 10.30.4.128 is not reachable. Skipping connection attempt.
[2024-12-25T04:39:07.820Z] Device at 10.30.4.128 is not reachable. Skipping connection attempt.
[2024-12-25T04:39:17.819Z] Device at 10.30.4.128 is not reachable. Skipping connection attempt.
[2024-12-25T04:39:27.825Z] Device at 10.30.4.128 is not reachable. Skipping connection attempt.
[2024-12-25T04:39:37.830Z] Device at 10.30.4.128 is not reachable. Skipping connection attempt.
[2024-12-25T04:39:47.819Z] Device at 10.30.4.128 is not reachable. Skipping connection attempt.
[2024-12-25T04:39:57.824Z] Device at 10.30.4.128 is not reachable. Skipping connection attempt.
[2024-12-25T04:40:07.814Z] Device at 10.30.4.128 is not reachable. Skipping connection attempt.
[2024-12-25T04:40:17.817Z] Device at 10.30.4.128 is not reachable. Skipping connection attempt.
[2024-12-25T04:40:27.826Z] Device at 10.30.4.128 is not reachable. Skipping connection attempt.
[2024-12-25T04:40:37.814Z] Device at 10.30.4.128 is not reachable. Skipping connection attempt.
[2024-12-25T04:40:47.817Z] Device at 10.30.4.128 is not reachable. Skipping connection attempt.
[2024-12-25T04:40:57.819Z] Device at 10.30.4.128 is not reachable. Skipping connection attempt.
[2024-12-25T04:41:07.831Z] Device at 10.30.4.128 is not reachable. Skipping connection attempt.
[2024-12-25T04:41:17.820Z] Device at 10.30.4.128 is not reachable. Skipping connection attempt.
[2024-12-25T04:41:27.829Z] Device at 10.30.4.128 is not reachable. Skipping connection attempt.
[2024-12-25T04:41:37.817Z] Device at 10.30.4.128 is not reachable. Skipping connection attempt.
[2024-12-25T04:41:47.826Z] Device at 10.30.4.128 is not reachable. Skipping connection attempt.
[2024-12-25T04:41:57.813Z] Device at 10.30.4.128 is not reachable. Skipping connection attempt.
[2024-12-25T04:42:07.815Z] Device at 10.30.4.128 is not reachable. Skipping connection attempt.
[2024-12-25T04:42:17.819Z] Device at 10.30.4.128 is not reachable. Skipping connection attempt.
[2024-12-25T04:42:27.821Z] Device at 10.30.4.128 is not reachable. Skipping connection attempt.
[2024-12-25T04:42:37.828Z] Device at 10.30.4.128 is not reachable. Skipping connection attempt.
[2024-12-25T04:42:47.823Z] Device at 10.30.4.128 is not reachable. Skipping connection attempt.
[2024-12-25T04:42:57.816Z] Device at 10.30.4.128 is not reachable. Skipping connection attempt.
[2024-12-25T04:43:07.827Z] Device at 10.30.4.128 is not reachable. Skipping connection attempt.
[2024-12-25T04:43:18.318Z] Device at 10.30.4.128 is not reachable. Skipping connection attempt.
[2024-12-25T04:43:28.320Z] Device at 10.30.4.128 is not reachable. Skipping connection attempt.
[2024-12-25T04:43:38.324Z] Device at 10.30.4.128 is not reachable. Skipping connection attempt.
[2024-12-25T04:43:48.314Z] Device at 10.30.4.128 is not reachable. Skipping connection attempt.
[2024-12-25T04:43:58.327Z] Device at 10.30.4.128 is not reachable. Skipping connection attempt.
[2024-12-25T04:44:08.318Z] Device at 10.30.4.128 is not reachable. Skipping connection attempt.
[2024-12-25T04:44:18.314Z] Device at 10.30.4.128 is not reachable. Skipping connection attempt.
[2024-12-25T04:44:28.317Z] Device at 10.30.4.128 is not reachable. Skipping connection attempt.
[2024-12-25T04:44:38.325Z] Device at 10.30.4.128 is not reachable. Skipping connection attempt.
[2024-12-25T04:44:48.326Z] Device at 10.30.4.128 is not reachable. Skipping connection attempt.
[2024-12-25T04:44:58.318Z] Device at 10.30.4.128 is not reachable. Skipping connection attempt.
[2024-12-25T04:45:08.314Z] Device at 10.30.4.128 is not reachable. Skipping connection attempt.
[2024-12-25T04:45:18.314Z] Device at 10.30.4.128 is not reachable. Skipping connection attempt.
[2024-12-25T04:45:28.314Z] Device at 10.30.4.128 is not reachable. Skipping connection attempt.
[2024-12-25T04:45:38.315Z] Device at 10.30.4.128 is not reachable. Skipping connection attempt.
[2024-12-25T04:45:48.315Z] Device at 10.30.4.128 is not reachable. Skipping connection attempt.
[2024-12-25T04:45:58.315Z] Device at 10.30.4.128 is not reachable. Skipping connection attempt.
[2024-12-25T04:46:08.316Z] Device at 10.30.4.128 is not reachable. Skipping connection attempt.
[2024-12-25T04:46:18.315Z] Device at 10.30.4.128 is not reachable. Skipping connection attempt.
[2024-12-25T04:46:28.325Z] Device at 10.30.4.128 is not reachable. Skipping connection attempt.
[2024-12-25T04:46:38.322Z] Device at 10.30.4.128 is not reachable. Skipping connection attempt.
[2024-12-25T04:46:48.326Z] Device at 10.30.4.128 is not reachable. Skipping connection attempt.
[2024-12-25T04:46:58.324Z] Device at 10.30.4.128 is not reachable. Skipping connection attempt.
[2024-12-25T04:47:08.319Z] Device at 10.30.4.128 is not reachable. Skipping connection attempt.
[2024-12-25T04:47:18.322Z] Device at 10.30.4.128 is not reachable. Skipping connection attempt.
[2024-12-25T04:47:28.313Z] Device at 10.30.4.128 is not reachable. Skipping connection attempt.
[2024-12-25T04:47:38.327Z] Device at 10.30.4.128 is not reachable. Skipping connection attempt.
[2024-12-25T04:47:48.313Z] Device at 10.30.4.128 is not reachable. Skipping connection attempt.
[2024-12-25T04:47:58.326Z] Device at 10.30.4.128 is not reachable. Skipping connection attempt.
[2024-12-25T04:48:08.324Z] Device at 10.30.4.128 is not reachable. Skipping connection attempt.
[2024-12-25T04:48:18.321Z] Device at 10.30.4.128 is not reachable. Skipping connection attempt.
[2024-12-25T04:48:28.319Z] Device at 10.30.4.128 is not reachable. Skipping connection attempt.
[2024-12-25T04:48:38.325Z] Device at 10.30.4.128 is not reachable. Skipping connection attempt.
[2024-12-25T04:48:48.324Z] Device at 10.30.4.128 is not reachable. Skipping connection attempt.
[2024-12-25T04:48:58.319Z] Device at 10.30.4.128 is not reachable. Skipping connection attempt.
[2024-12-25T04:49:08.323Z] Device at 10.30.4.128 is not reachable. Skipping connection attempt.
[2024-12-25T04:49:18.319Z] Device at 10.30.4.128 is not reachable. Skipping connection attempt.
[2024-12-25T04:49:28.318Z] Device at 10.30.4.128 is not reachable. Skipping connection attempt.
[2024-12-25T04:49:38.327Z] Device at 10.30.4.128 is not reachable. Skipping connection attempt.
[2024-12-25T04:49:48.319Z] Device at 10.30.4.128 is not reachable. Skipping connection attempt.
[2024-12-25T04:49:58.322Z] Device at 10.30.4.128 is not reachable. Skipping connection attempt.
[2024-12-25T04:50:08.327Z] Device at 10.30.4.128 is not reachable. Skipping connection attempt.
[2024-12-25T04:50:18.316Z] Device at 10.30.4.128 is not reachable. Skipping connection attempt.
[2024-12-25T04:50:28.313Z] Device at 10.30.4.128 is not reachable. Skipping connection attempt.
[2024-12-25T04:50:38.316Z] Device at 10.30.4.128 is not reachable. Skipping connection attempt.
[2024-12-25T04:50:48.314Z] Device at 10.30.4.128 is not reachable. Skipping connection attempt.
[2024-12-25T04:50:58.317Z] Device at 10.30.4.128 is not reachable. Skipping connection attempt.
[2024-12-25T04:51:08.314Z] Device at 10.30.4.128 is not reachable. Skipping connection attempt.
[2024-12-25T04:51:18.319Z] Device at 10.30.4.128 is not reachable. Skipping connection attempt.
[2024-12-25T04:51:28.324Z] Device at 10.30.4.128 is not reachable. Skipping connection attempt.
[2024-12-25T04:51:38.322Z] Device at 10.30.4.128 is not reachable. Skipping connection attempt.
[2024-12-25T04:51:48.326Z] Device at 10.30.4.128 is not reachable. Skipping connection attempt.
[2024-12-25T04:51:58.326Z] Device at 10.30.4.128 is not reachable. Skipping connection attempt.
[2024-12-25T04:52:08.327Z] Device at 10.30.4.128 is not reachable. Skipping connection attempt.
[2024-12-25T04:52:18.321Z] Device at 10.30.4.128 is not reachable. Skipping connection attempt.
[2024-12-25T04:52:28.311Z] Device at 10.30.4.128 is not reachable. Skipping connection attempt.
[2024-12-25T04:52:38.326Z] Device at 10.30.4.128 is not reachable. Skipping connection attempt.
[2024-12-25T04:52:48.326Z] Device at 10.30.4.128 is not reachable. Skipping connection attempt.
[2024-12-25T04:52:58.314Z] Device at 10.30.4.128 is not reachable. Skipping connection attempt.
[2024-12-25T04:53:08.318Z] Device at 10.30.4.128 is not reachable. Skipping connection attempt.
[2024-12-25T04:53:18.314Z] Device at 10.30.4.128 is not reachable. Skipping connection attempt.
[2024-12-25T04:53:28.316Z] Device at 10.30.4.128 is not reachable. Skipping connection attempt.
[2024-12-25T04:53:38.323Z] Device at 10.30.4.128 is not reachable. Skipping connection attempt.
[2024-12-25T04:53:48.317Z] Device at 10.30.4.128 is not reachable. Skipping connection attempt.
[2024-12-25T04:53:58.322Z] Device at 10.30.4.128 is not reachable. Skipping connection attempt.
[2024-12-25T04:54:08.319Z] Device at 10.30.4.128 is not reachable. Skipping connection attempt.
[2024-12-25T04:54:18.323Z] Device at 10.30.4.128 is not reachable. Skipping connection attempt.
[2024-12-25T04:54:28.329Z] Device at 10.30.4.128 is not reachable. Skipping connection attempt.
[2024-12-25T04:54:38.320Z] Device at 10.30.4.128 is not reachable. Skipping connection attempt.
[2024-12-25T04:54:48.314Z] Device at 10.30.4.128 is not reachable. Skipping connection attempt.
[2024-12-25T04:54:58.322Z] Device at 10.30.4.128 is not reachable. Skipping connection attempt.
[2024-12-25T04:55:08.815Z] Device at 10.30.4.128 is not reachable. Skipping connection attempt.
[2024-12-25T04:55:18.817Z] Device at 10.30.4.128 is not reachable. Skipping connection attempt.
[2024-12-25T04:55:28.810Z] Device at 10.30.4.128 is not reachable. Skipping connection attempt.
[2024-12-25T04:55:38.815Z] Device at 10.30.4.128 is not reachable. Skipping connection attempt.
[2024-12-25T04:55:48.809Z] Device at 10.30.4.128 is not reachable. Skipping connection attempt.
[2024-12-25T04:55:58.825Z] Device at 10.30.4.128 is not reachable. Skipping connection attempt.
[2024-12-25T04:56:08.813Z] Device at 10.30.4.128 is not reachable. Skipping connection attempt.
[2024-12-25T04:56:18.819Z] Device at 10.30.4.128 is not reachable. Skipping connection attempt.
[2024-12-25T04:56:28.811Z] Device at 10.30.4.128 is not reachable. Skipping connection attempt.
[2024-12-25T04:56:38.812Z] Device at 10.30.4.128 is not reachable. Skipping connection attempt.
[2024-12-25T04:56:48.825Z] Device at 10.30.4.128 is not reachable. Skipping connection attempt.
[2024-12-25T04:56:58.812Z] Device at 10.30.4.128 is not reachable. Skipping connection attempt.
[2024-12-25T04:57:08.813Z] Device at 10.30.4.128 is not reachable. Skipping connection attempt.
[2024-12-25T04:57:18.810Z] Device at 10.30.4.128 is not reachable. Skipping connection attempt.
[2024-12-25T04:57:28.808Z] Device at 10.30.4.128 is not reachable. Skipping connection attempt.
[2024-12-25T04:57:38.813Z] Device at 10.30.4.128 is not reachable. Skipping connection attempt.
[2024-12-25T04:57:48.824Z] Device at 10.30.4.128 is not reachable. Skipping connection attempt.
[2024-12-25T04:57:58.818Z] Device at 10.30.4.128 is not reachable. Skipping connection attempt.
[2024-12-25T04:58:08.821Z] Device at 10.30.4.128 is not reachable. Skipping connection attempt.
[2024-12-25T04:58:18.817Z] Device at 10.30.4.128 is not reachable. Skipping connection attempt.
[2024-12-25T04:58:28.810Z] Device at 10.30.4.128 is not reachable. Skipping connection attempt.
[2024-12-25T04:58:38.810Z] Device at 10.30.4.128 is not reachable. Skipping connection attempt.
[2024-12-25T04:58:48.817Z] Device at 10.30.4.128 is not reachable. Skipping connection attempt.
[2024-12-25T04:58:58.833Z] Device at 10.30.4.128 is not reachable. Skipping connection attempt.
[2024-12-25T04:59:08.821Z] Device at 10.30.4.128 is not reachable. Skipping connection attempt.
[2024-12-25T04:59:18.807Z] Device at 10.30.4.128 is not reachable. Skipping connection attempt.
[2024-12-25T04:59:28.812Z] Device at 10.30.4.128 is not reachable. Skipping connection attempt.
[2024-12-25T04:59:38.807Z] Device at 10.30.4.128 is not reachable. Skipping connection attempt.
[2024-12-25T04:59:48.812Z] Device at 10.30.4.128 is not reachable. Skipping connection attempt.
[2024-12-25T04:59:58.813Z] Device at 10.30.4.128 is not reachable. Skipping connection attempt.
[2024-12-25T05:00:08.811Z] Device at 10.30.4.128 is not reachable. Skipping connection attempt.
[2024-12-25T05:00:18.814Z] Device at 10.30.4.128 is not reachable. Skipping connection attempt.
[2024-12-25T05:00:28.818Z] Device at 10.30.4.128 is not reachable. Skipping connection attempt.
[2024-12-25T05:00:38.812Z] Device at 10.30.4.128 is not reachable. Skipping connection attempt.
[2024-12-25T05:00:48.807Z] Device at 10.30.4.128 is not reachable. Skipping connection attempt.
[2024-12-25T05:00:58.809Z] Device at 10.30.4.128 is not reachable. Skipping connection attempt.
[2024-12-25T05:01:08.815Z] Device at 10.30.4.128 is not reachable. Skipping connection attempt.
[2024-12-25T05:01:18.817Z] Device at 10.30.4.128 is not reachable. Skipping connection attempt.
[2024-12-25T05:01:28.824Z] Device at 10.30.4.128 is not reachable. Skipping connection attempt.
[2024-12-25T05:01:38.813Z] Device at 10.30.4.128 is not reachable. Skipping connection attempt.
[2024-12-25T05:01:48.824Z] Device at 10.30.4.128 is not reachable. Skipping connection attempt.
[2024-12-25T05:01:58.813Z] Device at 10.30.4.128 is not reachable. Skipping connection attempt.
[2024-12-25T05:02:08.818Z] Device at 10.30.4.128 is not reachable. Skipping connection attempt.
[2024-12-25T05:02:18.813Z] Device at 10.30.4.128 is not reachable. Skipping connection attempt.
[2024-12-25T05:02:28.821Z] Device at 10.30.4.128 is not reachable. Skipping connection attempt.
[2024-12-25T05:02:38.822Z] Device at 10.30.4.128 is not reachable. Skipping connection attempt.
[2024-12-25T05:02:48.815Z] Device at 10.30.4.128 is not reachable. Skipping connection attempt.
[2024-12-25T05:02:58.817Z] Device at 10.30.4.128 is not reachable. Skipping connection attempt.
[2024-12-25T05:03:08.813Z] Device at 10.30.4.128 is not reachable. Skipping connection attempt.
[2024-12-25T05:03:18.807Z] Device at 10.30.4.128 is not reachable. Skipping connection attempt.
[2024-12-25T05:03:28.815Z] Device at 10.30.4.128 is not reachable. Skipping connection attempt.
[2024-12-25T05:03:38.816Z] Device at 10.30.4.128 is not reachable. Skipping connection attempt.
[2024-12-25T05:03:48.812Z] Device at 10.30.4.128 is not reachable. Skipping connection attempt.
[2024-12-25T05:03:58.811Z] Device at 10.30.4.128 is not reachable. Skipping connection attempt.
[2024-12-25T05:04:08.807Z] Device at 10.30.4.128 is not reachable. Skipping connection attempt.
[2024-12-25T05:04:18.806Z] Device at 10.30.4.128 is not reachable. Skipping connection attempt.
[2024-12-25T05:04:28.814Z] Device at 10.30.4.128 is not reachable. Skipping connection attempt.
[2024-12-25T05:04:38.807Z] Device at 10.30.4.128 is not reachable. Skipping connection attempt.
[2024-12-25T05:04:48.818Z] Device at 10.30.4.128 is not reachable. Skipping connection attempt.
[2024-12-25T05:04:58.807Z] Device at 10.30.4.128 is not reachable. Skipping connection attempt.
[2024-12-25T05:05:08.836Z] Device at 10.30.4.128 is not reachable. Skipping connection attempt.
[2024-12-25T05:05:18.807Z] Device at 10.30.4.128 is not reachable. Skipping connection attempt.
[2024-12-25T05:05:28.811Z] Device at 10.30.4.128 is not reachable. Skipping connection attempt.
[2024-12-25T05:05:38.807Z] Device at 10.30.4.128 is not reachable. Skipping connection attempt.
[2024-12-25T05:05:48.807Z] Device at 10.30.4.128 is not reachable. Skipping connection attempt.
[2024-12-25T05:05:58.820Z] Device at 10.30.4.128 is not reachable. Skipping connection attempt.
[2024-12-25T05:06:09.317Z] Device at 10.30.4.128 is not reachable. Skipping connection attempt.
[2024-12-25T05:06:19.317Z] Device at 10.30.4.128 is not reachable. Skipping connection attempt.
[2024-12-25T05:06:29.313Z] Device at 10.30.4.128 is not reachable. Skipping connection attempt.
[2024-12-25T05:06:39.316Z] Device at 10.30.4.128 is not reachable. Skipping connection attempt.
[2024-12-25T05:06:49.318Z] Device at 10.30.4.128 is not reachable. Skipping connection attempt.
[2024-12-25T05:06:59.313Z] Device at 10.30.4.128 is not reachable. Skipping connection attempt.
[2024-12-25T05:07:09.314Z] Device at 10.30.4.128 is not reachable. Skipping connection attempt.
[2024-12-25T05:07:19.316Z] Device at 10.30.4.128 is not reachable. Skipping connection attempt.
[2024-12-25T05:07:29.308Z] Device at 10.30.4.128 is not reachable. Skipping connection attempt.
[2024-12-25T05:07:39.317Z] Device at 10.30.4.128 is not reachable. Skipping connection attempt.
[2024-12-25T05:07:49.313Z] Device at 10.30.4.128 is not reachable. Skipping connection attempt.
[2024-12-25T05:07:59.305Z] Device at 10.30.4.128 is not reachable. Skipping connection attempt.
[2024-12-25T05:08:09.318Z] Device at 10.30.4.128 is not reachable. Skipping connection attempt.
[2024-12-25T05:08:19.308Z] Device at 10.30.4.128 is not reachable. Skipping connection attempt.
[2024-12-25T05:08:29.321Z] Device at 10.30.4.128 is not reachable. Skipping connection attempt.
[2024-12-25T05:08:39.310Z] Device at 10.30.4.128 is not reachable. Skipping connection attempt.
[2024-12-25T05:08:49.315Z] Device at 10.30.4.128 is not reachable. Skipping connection attempt.
[2024-12-25T05:08:59.309Z] Device at 10.30.4.128 is not reachable. Skipping connection attempt.
[2024-12-25T05:09:09.309Z] Device at 10.30.4.128 is not reachable. Skipping connection attempt.
[2024-12-25T05:09:19.315Z] Device at 10.30.4.128 is not reachable. Skipping connection attempt.
[2024-12-25T05:09:29.309Z] Device at 10.30.4.128 is not reachable. Skipping connection attempt.
[2024-12-25T05:09:39.316Z] Device at 10.30.4.128 is not reachable. Skipping connection attempt.
[2024-12-25T05:09:49.311Z] Device at 10.30.4.128 is not reachable. Skipping connection attempt.
[2024-12-25T05:09:59.315Z] Device at 10.30.4.128 is not reachable. Skipping connection attempt.
[2024-12-25T05:10:09.309Z] Device at 10.30.4.128 is not reachable. Skipping connection attempt.
[2024-12-25T05:10:19.309Z] Device at 10.30.4.128 is not reachable. Skipping connection attempt.
[2024-12-25T05:10:29.309Z] Device at 10.30.4.128 is not reachable. Skipping connection attempt.
[2024-12-25T05:10:39.316Z] Device at 10.30.4.128 is not reachable. Skipping connection attempt.
[2024-12-25T05:10:49.309Z] Device at 10.30.4.128 is not reachable. Skipping connection attempt.
[2024-12-25T05:10:59.316Z] Device at 10.30.4.128 is not reachable. Skipping connection attempt.
[2024-12-25T05:11:09.310Z] Device at 10.30.4.128 is not reachable. Skipping connection attempt.
[2024-12-25T05:11:19.315Z] Device at 10.30.4.128 is not reachable. Skipping connection attempt.
[2024-12-25T05:11:29.310Z] Device at 10.30.4.128 is not reachable. Skipping connection attempt.
[2024-12-25T05:11:39.305Z] Device at 10.30.4.128 is not reachable. Skipping connection attempt.
[2024-12-25T05:11:49.314Z] Device at 10.30.4.128 is not reachable. Skipping connection attempt.
[2024-12-25T05:11:59.306Z] Device at 10.30.4.128 is not reachable. Skipping connection attempt.
[2024-12-25T05:12:09.310Z] Device at 10.30.4.128 is not reachable. Skipping connection attempt.
[2024-12-25T05:12:19.311Z] Device at 10.30.4.128 is not reachable. Skipping connection attempt.
[2024-12-25T05:12:29.311Z] Device at 10.30.4.128 is not reachable. Skipping connection attempt.
[2024-12-25T05:12:39.310Z] Device at 10.30.4.128 is not reachable. Skipping connection attempt.
[2024-12-25T05:12:49.313Z] Device at 10.30.4.128 is not reachable. Skipping connection attempt.
[2024-12-25T05:12:59.318Z] Device at 10.30.4.128 is not reachable. Skipping connection attempt.
[2024-12-25T05:13:09.316Z] Device at 10.30.4.128 is not reachable. Skipping connection attempt.
[2024-12-25T05:13:19.312Z] Device at 10.30.4.128 is not reachable. Skipping connection attempt.
[2024-12-25T05:13:29.306Z] Device at 10.30.4.128 is not reachable. Skipping connection attempt.
[2024-12-25T05:13:39.309Z] Device at 10.30.4.128 is not reachable. Skipping connection attempt.
[2024-12-25T05:13:49.302Z] Device at 10.30.4.128 is not reachable. Skipping connection attempt.
[2024-12-25T05:13:59.315Z] Device at 10.30.4.128 is not reachable. Skipping connection attempt.
[2024-12-25T05:14:09.308Z] Device at 10.30.4.128 is not reachable. Skipping connection attempt.
[2024-12-25T05:14:19.312Z] Device at 10.30.4.128 is not reachable. Skipping connection attempt.
[2024-12-25T05:14:29.303Z] Device at 10.30.4.128 is not reachable. Skipping connection attempt.
[2024-12-25T05:14:39.309Z] Device at 10.30.4.128 is not reachable. Skipping connection attempt.
[2024-12-25T05:14:49.307Z] Device at 10.30.4.128 is not reachable. Skipping connection attempt.
[2024-12-25T05:14:59.306Z] Device at 10.30.4.128 is not reachable. Skipping connection attempt.
[2024-12-25T05:15:09.311Z] Device at 10.30.4.128 is not reachable. Skipping connection attempt.
[2024-12-25T05:15:19.309Z] Device at 10.30.4.128 is not reachable. Skipping connection attempt.
[2024-12-25T05:15:29.313Z] Device at 10.30.4.128 is not reachable. Skipping connection attempt.
[2024-12-25T05:15:39.313Z] Device at 10.30.4.128 is not reachable. Skipping connection attempt.
[2024-12-25T05:15:49.318Z] Device at 10.30.4.128 is not reachable. Skipping connection attempt.
[2024-12-25T05:15:59.304Z] Device at 10.30.4.128 is not reachable. Skipping connection attempt.
[2024-12-25T05:16:09.314Z] Device at 10.30.4.128 is not reachable. Skipping connection attempt.
[2024-12-25T05:16:19.305Z] Device at 10.30.4.128 is not reachable. Skipping connection attempt.
[2024-12-25T05:16:29.313Z] Device at 10.30.4.128 is not reachable. Skipping connection attempt.
[2024-12-25T05:16:39.816Z] Device at 10.30.4.128 is not reachable. Skipping connection attempt.
[2024-12-25T05:16:49.820Z] Device at 10.30.4.128 is not reachable. Skipping connection attempt.
[2024-12-25T05:16:59.809Z] Device at 10.30.4.128 is not reachable. Skipping connection attempt.
[2024-12-25T05:17:09.812Z] Device at 10.30.4.128 is not reachable. Skipping connection attempt.
[2024-12-25T05:17:19.805Z] Device at 10.30.4.128 is not reachable. Skipping connection attempt.
[2024-12-25T05:17:29.804Z] Device at 10.30.4.128 is not reachable. Skipping connection attempt.
[2024-12-25T05:17:39.314Z] Device at 10.30.4.128 is not reachable. Skipping connection attempt.
[2024-12-25T05:17:49.818Z] Device at 10.30.4.128 is not reachable. Skipping connection attempt.
[2024-12-25T05:17:59.804Z] Device at 10.30.4.128 is not reachable. Skipping connection attempt.
[2024-12-25T05:18:09.808Z] Device at 10.30.4.128 is not reachable. Skipping connection attempt.
[2024-12-25T05:18:19.816Z] Device at 10.30.4.128 is not reachable. Skipping connection attempt.
[2024-12-25T05:18:29.809Z] Device at 10.30.4.128 is not reachable. Skipping connection attempt.
[2024-12-25T05:18:39.811Z] Device at 10.30.4.128 is not reachable. Skipping connection attempt.
[2024-12-25T05:18:49.820Z] Device at 10.30.4.128 is not reachable. Skipping connection attempt.
[2024-12-25T05:18:59.806Z] Device at 10.30.4.128 is not reachable. Skipping connection attempt.
[2024-12-25T05:19:09.804Z] Device at 10.30.4.128 is not reachable. Skipping connection attempt.
[2024-12-25T05:19:19.819Z] Device at 10.30.4.128 is not reachable. Skipping connection attempt.
[2024-12-25T05:19:29.817Z] Device at 10.30.4.128 is not reachable. Skipping connection attempt.
[2024-12-25T05:19:39.809Z] Device at 10.30.4.128 is not reachable. Skipping connection attempt.
[2024-12-25T05:19:49.806Z] Device at 10.30.4.128 is not reachable. Skipping connection attempt.
[2024-12-25T05:19:59.805Z] Device at 10.30.4.128 is not reachable. Skipping connection attempt.
[2024-12-25T05:20:09.804Z] Device at 10.30.4.128 is not reachable. Skipping connection attempt.
[2024-12-25T05:20:19.801Z] Device at 10.30.4.128 is not reachable. Skipping connection attempt.
[2024-12-25T05:20:29.807Z] Device at 10.30.4.128 is not reachable. Skipping connection attempt.
[2024-12-25T05:20:39.807Z] Device at 10.30.4.128 is not reachable. Skipping connection attempt.
[2024-12-25T05:20:49.802Z] Device at 10.30.4.128 is not reachable. Skipping connection attempt.
[2024-12-25T05:20:59.813Z] Device at 10.30.4.128 is not reachable. Skipping connection attempt.
[2024-12-25T05:21:09.812Z] Device at 10.30.4.128 is not reachable. Skipping connection attempt.
[2024-12-25T05:21:19.815Z] Device at 10.30.4.128 is not reachable. Skipping connection attempt.
[2024-12-25T05:21:29.803Z] Device at 10.30.4.128 is not reachable. Skipping connection attempt.
[2024-12-25T05:21:39.811Z] Device at 10.30.4.128 is not reachable. Skipping connection attempt.
[2024-12-25T05:21:49.812Z] Device at 10.30.4.128 is not reachable. Skipping connection attempt.
[2024-12-25T05:21:59.807Z] Device at 10.30.4.128 is not reachable. Skipping connection attempt.
[2024-12-25T05:22:09.805Z] Device at 10.30.4.128 is not reachable. Skipping connection attempt.
[2024-12-25T05:22:19.815Z] Device at 10.30.4.128 is not reachable. Skipping connection attempt.
[2024-12-25T05:22:29.811Z] Device at 10.30.4.128 is not reachable. Skipping connection attempt.
[2024-12-25T05:22:39.815Z] Device at 10.30.4.128 is not reachable. Skipping connection attempt.
[2024-12-25T05:22:49.809Z] Device at 10.30.4.128 is not reachable. Skipping connection attempt.
[2024-12-25T05:22:59.819Z] Device at 10.30.4.128 is not reachable. Skipping connection attempt.
[2024-12-25T05:23:09.805Z] Device at 10.30.4.128 is not reachable. Skipping connection attempt.
[2024-12-25T05:23:19.801Z] Device at 10.30.4.128 is not reachable. Skipping connection attempt.
[2024-12-25T05:23:29.813Z] Device at 10.30.4.128 is not reachable. Skipping connection attempt.
[2024-12-25T05:23:39.806Z] Device at 10.30.4.128 is not reachable. Skipping connection attempt.
[2024-12-25T05:23:49.805Z] Device at 10.30.4.128 is not reachable. Skipping connection attempt.
[2024-12-25T05:23:59.803Z] Device at 10.30.4.128 is not reachable. Skipping connection attempt.
[2024-12-25T05:24:09.811Z] Device at 10.30.4.128 is not reachable. Skipping connection attempt.
[2024-12-25T05:24:19.801Z] Device at 10.30.4.128 is not reachable. Skipping connection attempt.
[2024-12-25T05:24:29.811Z] Device at 10.30.4.128 is not reachable. Skipping connection attempt.
[2024-12-25T05:24:39.811Z] Device at 10.30.4.128 is not reachable. Skipping connection attempt.
[2024-12-25T05:24:49.806Z] Device at 10.30.4.128 is not reachable. Skipping connection attempt.
[2024-12-25T05:24:59.807Z] Device at 10.30.4.128 is not reachable. Skipping connection attempt.
[2024-12-25T05:25:09.805Z] Device at 10.30.4.128 is not reachable. Skipping connection attempt.
[2024-12-25T05:25:19.805Z] Device at 10.30.4.128 is not reachable. Skipping connection attempt.
[2024-12-25T05:25:29.810Z] Device at 10.30.4.128 is not reachable. Skipping connection attempt.
[2024-12-25T05:25:39.806Z] Device at 10.30.4.128 is not reachable. Skipping connection attempt.
[2024-12-25T05:25:49.808Z] Device at 10.30.4.128 is not reachable. Skipping connection attempt.
[2024-12-25T05:25:59.808Z] Device at 10.30.4.128 is not reachable. Skipping connection attempt.
[2024-12-25T05:26:09.802Z] Device at 10.30.4.128 is not reachable. Skipping connection attempt.
[2024-12-25T05:26:19.811Z] Device at 10.30.4.128 is not reachable. Skipping connection attempt.
[2024-12-25T05:26:29.812Z] Device at 10.30.4.128 is not reachable. Skipping connection attempt.
[2024-12-25T05:26:39.806Z] Device at 10.30.4.128 is not reachable. Skipping connection attempt.
[2024-12-25T05:26:49.812Z] Device at 10.30.4.128 is not reachable. Skipping connection attempt.
[2024-12-25T05:26:59.812Z] Device at 10.30.4.128 is not reachable. Skipping connection attempt.
[2024-12-25T05:27:09.808Z] Device at 10.30.4.128 is not reachable. Skipping connection attempt.
[2024-12-25T05:27:19.816Z] Device at 10.30.4.128 is not reachable. Skipping connection attempt.
[2024-12-25T05:27:29.802Z] Device at 10.30.4.128 is not reachable. Skipping connection attempt.
[2024-12-25T05:27:39.810Z] Device at 10.30.4.128 is not reachable. Skipping connection attempt.
[2024-12-25T05:27:50.314Z] Device at 10.30.4.128 is not reachable. Skipping connection attempt.
[2024-12-25T05:28:00.314Z] Device at 10.30.4.128 is not reachable. Skipping connection attempt.
[2024-12-25T05:28:10.306Z] Device at 10.30.4.128 is not reachable. Skipping connection attempt.
[2024-12-25T05:28:20.310Z] Device at 10.30.4.128 is not reachable. Skipping connection attempt.
[2024-12-25T05:28:30.308Z] Device at 10.30.4.128 is not reachable. Skipping connection attempt.
[2024-12-25T05:28:40.300Z] Device at 10.30.4.128 is not reachable. Skipping connection attempt.
[2024-12-25T05:28:50.306Z] Device at 10.30.4.128 is not reachable. Skipping connection attempt.
[2024-12-25T05:29:00.299Z] Device at 10.30.4.128 is not reachable. Skipping connection attempt.
[2024-12-25T05:29:10.301Z] Device at 10.30.4.128 is not reachable. Skipping connection attempt.
[2024-12-25T05:29:20.301Z] Device at 10.30.4.128 is not reachable. Skipping connection attempt.
[2024-12-25T05:29:30.310Z] Device at 10.30.4.128 is not reachable. Skipping connection attempt.
[2024-12-25T05:29:40.314Z] Device at 10.30.4.128 is not reachable. Skipping connection attempt.
[2024-12-25T05:29:50.309Z] Device at 10.30.4.128 is not reachable. Skipping connection attempt.
[2024-12-25T05:30:00.307Z] Device at 10.30.4.128 is not reachable. Skipping connection attempt.
[2024-12-25T05:30:10.303Z] Device at 10.30.4.128 is not reachable. Skipping connection attempt.
[2024-12-25T05:30:20.313Z] Device at 10.30.4.128 is not reachable. Skipping connection attempt.
[2024-12-25T05:30:30.310Z] Device at 10.30.4.128 is not reachable. Skipping connection attempt.
[2024-12-25T05:30:40.310Z] Device at 10.30.4.128 is not reachable. Skipping connection attempt.
[2024-12-25T05:30:50.306Z] Device at 10.30.4.128 is not reachable. Skipping connection attempt.
[2024-12-25T05:31:00.308Z] Device at 10.30.4.128 is not reachable. Skipping connection attempt.
[2024-12-25T05:31:10.299Z] Device at 10.30.4.128 is not reachable. Skipping connection attempt.
[2024-12-25T05:31:20.306Z] Device at 10.30.4.128 is not reachable. Skipping connection attempt.
[2024-12-25T05:31:30.300Z] Device at 10.30.4.128 is not reachable. Skipping connection attempt.
[2024-12-25T05:31:40.308Z] Device at 10.30.4.128 is not reachable. Skipping connection attempt.
[2024-12-25T05:31:50.310Z] Device at 10.30.4.128 is not reachable. Skipping connection attempt.
[2024-12-25T05:32:00.308Z] Device at 10.30.4.128 is not reachable. Skipping connection attempt.
[2024-12-25T05:32:10.304Z] Device at 10.30.4.128 is not reachable. Skipping connection attempt.
[2024-12-25T05:32:20.303Z] Device at 10.30.4.128 is not reachable. Skipping connection attempt.
[2024-12-25T05:32:30.300Z] Device at 10.30.4.128 is not reachable. Skipping connection attempt.
[2024-12-25T05:32:40.301Z] Device at 10.30.4.128 is not reachable. Skipping connection attempt.
[2024-12-25T05:32:50.304Z] Device at 10.30.4.128 is not reachable. Skipping connection attempt.
[2024-12-25T05:33:00.311Z] Device at 10.30.4.128 is not reachable. Skipping connection attempt.
[2024-12-25T05:33:10.300Z] Device at 10.30.4.128 is not reachable. Skipping connection attempt.
[2024-12-25T05:33:20.308Z] Device at 10.30.4.128 is not reachable. Skipping connection attempt.
[2024-12-25T05:33:30.314Z] Device at 10.30.4.128 is not reachable. Skipping connection attempt.
[2024-12-25T05:33:40.307Z] Device at 10.30.4.128 is not reachable. Skipping connection attempt.
[2024-12-25T05:33:50.302Z] Device at 10.30.4.128 is not reachable. Skipping connection attempt.
[2024-12-25T05:34:00.311Z] Device at 10.30.4.128 is not reachable. Skipping connection attempt.
[2024-12-25T05:34:10.311Z] Device at 10.30.4.128 is not reachable. Skipping connection attempt.
[2024-12-25T05:34:20.309Z] Device at 10.30.4.128 is not reachable. Skipping connection attempt.
[2024-12-25T05:34:30.304Z] Device at 10.30.4.128 is not reachable. Skipping connection attempt.
[2024-12-25T05:34:40.312Z] Device at 10.30.4.128 is not reachable. Skipping connection attempt.
[2024-12-25T05:34:50.323Z] Device at 10.30.4.128 is not reachable. Skipping connection attempt.
[2024-12-25T05:35:00.303Z] Device at 10.30.4.128 is not reachable. Skipping connection attempt.
[2024-12-25T05:35:10.306Z] Device at 10.30.4.128 is not reachable. Skipping connection attempt.
[2024-12-25T05:35:20.300Z] Device at 10.30.4.128 is not reachable. Skipping connection attempt.
[2024-12-25T05:35:30.300Z] Device at 10.30.4.128 is not reachable. Skipping connection attempt.
[2024-12-25T05:35:40.296Z] Device at 10.30.4.128 is not reachable. Skipping connection attempt.
[2024-12-25T05:35:50.300Z] Device at 10.30.4.128 is not reachable. Skipping connection attempt.
[2024-12-25T05:36:00.308Z] Device at 10.30.4.128 is not reachable. Skipping connection attempt.
[2024-12-25T05:36:10.308Z] Device at 10.30.4.128 is not reachable. Skipping connection attempt.
[2024-12-25T05:36:20.305Z] Device at 10.30.4.128 is not reachable. Skipping connection attempt.
[2024-12-25T05:36:30.296Z] Device at 10.30.4.128 is not reachable. Skipping connection attempt.
[2024-12-25T05:36:40.300Z] Device at 10.30.4.128 is not reachable. Skipping connection attempt.
[2024-12-25T05:36:50.301Z] Device at 10.30.4.128 is not reachable. Skipping connection attempt.
[2024-12-25T05:37:00.310Z] Device at 10.30.4.128 is not reachable. Skipping connection attempt.
[2024-12-25T05:37:10.298Z] Device at 10.30.4.128 is not reachable. Skipping connection attempt.
[2024-12-25T05:37:20.303Z] Device at 10.30.4.128 is not reachable. Skipping connection attempt.
[2024-12-25T05:37:30.798Z] Device at 10.30.4.128 is not reachable. Skipping connection attempt.
[2024-12-25T05:37:40.310Z] Device at 10.30.4.128 is not reachable. Skipping connection attempt.
[2024-12-25T05:37:50.802Z] Device at 10.30.4.128 is not reachable. Skipping connection attempt.
[2024-12-25T05:38:00.797Z] Device at 10.30.4.128 is not reachable. Skipping connection attempt.
[2024-12-25T05:38:10.799Z] Device at 10.30.4.128 is not reachable. Skipping connection attempt.
[2024-12-25T05:38:20.807Z] Device at 10.30.4.128 is not reachable. Skipping connection attempt.
[2024-12-25T05:38:30.798Z] Device at 10.30.4.128 is not reachable. Skipping connection attempt.
[2024-12-25T05:38:40.806Z] Device at 10.30.4.128 is not reachable. Skipping connection attempt.
[2024-12-25T05:38:50.811Z] Device at 10.30.4.128 is not reachable. Skipping connection attempt.
[2024-12-25T05:39:00.807Z] Device at 10.30.4.128 is not reachable. Skipping connection attempt.
[2024-12-25T05:39:10.800Z] Device at 10.30.4.128 is not reachable. Skipping connection attempt.
[2024-12-25T05:39:20.797Z] Device at 10.30.4.128 is not reachable. Skipping connection attempt.
[2024-12-25T05:39:30.806Z] Device at 10.30.4.128 is not reachable. Skipping connection attempt.
[2024-12-25T05:39:40.802Z] Device at 10.30.4.128 is not reachable. Skipping connection attempt.
[2024-12-25T05:39:50.807Z] Device at 10.30.4.128 is not reachable. Skipping connection attempt.
[2024-12-25T05:40:00.796Z] Device at 10.30.4.128 is not reachable. Skipping connection attempt.
[2024-12-25T05:40:10.795Z] Device at 10.30.4.128 is not reachable. Skipping connection attempt.
[2024-12-25T05:40:20.808Z] Device at 10.30.4.128 is not reachable. Skipping connection attempt.
[2024-12-25T05:40:30.806Z] Device at 10.30.4.128 is not reachable. Skipping connection attempt.
[2024-12-25T05:40:40.795Z] Device at 10.30.4.128 is not reachable. Skipping connection attempt.
[2024-12-25T05:40:50.802Z] Device at 10.30.4.128 is not reachable. Skipping connection attempt.
[2024-12-25T05:41:00.798Z] Device at 10.30.4.128 is not reachable. Skipping connection attempt.
[2024-12-25T05:41:10.805Z] Device at 10.30.4.128 is not reachable. Skipping connection attempt.
[2024-12-25T05:41:20.804Z] Device at 10.30.4.128 is not reachable. Skipping connection attempt.
[2024-12-25T05:41:30.800Z] Device at 10.30.4.128 is not reachable. Skipping connection attempt.
[2024-12-25T05:41:40.796Z] Device at 10.30.4.128 is not reachable. Skipping connection attempt.
[2024-12-25T05:41:50.805Z] Device at 10.30.4.128 is not reachable. Skipping connection attempt.
[2024-12-25T05:42:00.793Z] Device at 10.30.4.128 is not reachable. Skipping connection attempt.
[2024-12-25T05:42:10.794Z] Device at 10.30.4.128 is not reachable. Skipping connection attempt.
[2024-12-25T05:42:20.802Z] Device at 10.30.4.128 is not reachable. Skipping connection attempt.
[2024-12-25T05:42:30.794Z] Device at 10.30.4.128 is not reachable. Skipping connection attempt.
[2024-12-25T05:42:40.800Z] Device at 10.30.4.128 is not reachable. Skipping connection attempt.
[2024-12-25T05:42:50.806Z] Device at 10.30.4.128 is not reachable. Skipping connection attempt.
[2024-12-25T05:43:00.793Z] Device at 10.30.4.128 is not reachable. Skipping connection attempt.
[2024-12-25T05:43:10.794Z] Device at 10.30.4.128 is not reachable. Skipping connection attempt.
[2024-12-25T05:43:20.796Z] Device at 10.30.4.128 is not reachable. Skipping connection attempt.
[2024-12-25T05:43:30.803Z] Device at 10.30.4.128 is not reachable. Skipping connection attempt.
[2024-12-25T05:43:40.795Z] Device at 10.30.4.128 is not reachable. Skipping connection attempt.
[2024-12-25T05:43:50.800Z] Device at 10.30.4.128 is not reachable. Skipping connection attempt.
[2024-12-25T05:44:00.807Z] Device at 10.30.4.128 is not reachable. Skipping connection attempt.
[2024-12-25T05:44:10.800Z] Device at 10.30.4.128 is not reachable. Skipping connection attempt.
[2024-12-25T05:44:20.800Z] Device at 10.30.4.128 is not reachable. Skipping connection attempt.
[2024-12-25T05:44:30.795Z] Device at 10.30.4.128 is not reachable. Skipping connection attempt.
[2024-12-25T05:44:40.810Z] Device at 10.30.4.128 is not reachable. Skipping connection attempt.
[2024-12-25T05:44:50.804Z] Device at 10.30.4.128 is not reachable. Skipping connection attempt.
[2024-12-25T05:45:00.804Z] Device at 10.30.4.128 is not reachable. Skipping connection attempt.
[2024-12-25T05:45:10.801Z] Device at 10.30.4.128 is not reachable. Skipping connection attempt.
[2024-12-25T05:45:20.808Z] Device at 10.30.4.128 is not reachable. Skipping connection attempt.
[2024-12-25T05:45:30.808Z] Device at 10.30.4.128 is not reachable. Skipping connection attempt.
[2024-12-25T05:45:40.804Z] Device at 10.30.4.128 is not reachable. Skipping connection attempt.
[2024-12-25T05:45:50.809Z] Device at 10.30.4.128 is not reachable. Skipping connection attempt.
[2024-12-25T05:46:00.801Z] Device at 10.30.4.128 is not reachable. Skipping connection attempt.
[2024-12-25T05:46:10.796Z] Device at 10.30.4.128 is not reachable. Skipping connection attempt.
[2024-12-25T05:46:20.796Z] Device at 10.30.4.128 is not reachable. Skipping connection attempt.
[2024-12-25T05:46:30.798Z] Device at 10.30.4.128 is not reachable. Skipping connection attempt.
[2024-12-25T05:46:40.795Z] Device at 10.30.4.128 is not reachable. Skipping connection attempt.
[2024-12-25T05:46:50.805Z] Device at 10.30.4.128 is not reachable. Skipping connection attempt.
[2024-12-25T05:47:00.799Z] Device at 10.30.4.128 is not reachable. Skipping connection attempt.
[2024-12-25T05:47:10.800Z] Device at 10.30.4.128 is not reachable. Skipping connection attempt.
[2024-12-25T05:47:21.302Z] Device at 10.30.4.128 is not reachable. Skipping connection attempt.
[2024-12-25T05:47:31.297Z] Device at 10.30.4.128 is not reachable. Skipping connection attempt.
[2024-12-25T05:47:41.294Z] Device at 10.30.4.128 is not reachable. Skipping connection attempt.
[2024-12-25T05:47:51.299Z] Device at 10.30.4.128 is not reachable. Skipping connection attempt.
[2024-12-25T05:48:01.300Z] Device at 10.30.4.128 is not reachable. Skipping connection attempt.
[2024-12-25T05:48:11.307Z] Device at 10.30.4.128 is not reachable. Skipping connection attempt.
[2024-12-25T05:48:21.300Z] Device at 10.30.4.128 is not reachable. Skipping connection attempt.
[2024-12-25T05:48:31.303Z] Device at 10.30.4.128 is not reachable. Skipping connection attempt.
[2024-12-25T05:48:41.298Z] Device at 10.30.4.128 is not reachable. Skipping connection attempt.
[2024-12-25T05:48:51.301Z] Device at 10.30.4.128 is not reachable. Skipping connection attempt.
[2024-12-25T05:49:01.302Z] Device at 10.30.4.128 is not reachable. Skipping connection attempt.
[2024-12-25T05:49:11.308Z] Device at 10.30.4.128 is not reachable. Skipping connection attempt.
[2024-12-25T05:49:21.300Z] Device at 10.30.4.128 is not reachable. Skipping connection attempt.
[2024-12-25T05:49:31.303Z] Device at 10.30.4.128 is not reachable. Skipping connection attempt.
[2024-12-25T05:49:41.298Z] Device at 10.30.4.128 is not reachable. Skipping connection attempt.
[2024-12-25T05:49:51.293Z] Device at 10.30.4.128 is not reachable. Skipping connection attempt.
[2024-12-25T05:50:01.308Z] Device at 10.30.4.128 is not reachable. Skipping connection attempt.
[2024-12-25T06:24:07.405Z] Device at 10.30.4.128 is not reachable. Skipping connection attempt.
[2024-12-25T06:24:17.646Z] Device at 10.30.4.128 is not reachable. Skipping connection attempt.
[2024-12-25T06:24:27.405Z] Device at 10.30.4.128 is not reachable. Skipping connection attempt.
[2024-12-25T06:24:37.374Z] Device at 10.30.4.128 is not reachable. Skipping connection attempt.
[2024-12-25T06:24:47.397Z] Device at 10.30.4.128 is not reachable. Skipping connection attempt.
[2024-12-25T06:24:57.394Z] Device at 10.30.4.128 is not reachable. Skipping connection attempt.
[2024-12-25T06:51:16.406Z] Error reading actual data: PartName không hợp lệ
[2024-12-26T02:43:29.802Z] Device at 10.30.28.23 is not reachable. Skipping connection attempt.
[2024-12-26T02:43:39.797Z] Device at 10.30.28.23 is not reachable. Skipping connection attempt.
[2024-12-26T02:43:49.807Z] Device at 10.30.28.23 is not reachable. Skipping connection attempt.
[2024-12-26T02:43:59.796Z] Device at 10.30.28.23 is not reachable. Skipping connection attempt.
[2024-12-26T02:44:09.804Z] Device at 10.30.28.23 is not reachable. Skipping connection attempt.
[2024-12-26T02:44:19.809Z] Device at 10.30.28.23 is not reachable. Skipping connection attempt.
[2024-12-26T02:44:29.800Z] Device at 10.30.28.23 is not reachable. Skipping connection attempt.
[2024-12-26T02:44:39.802Z] Device at 10.30.28.23 is not reachable. Skipping connection attempt.
[2024-12-26T02:44:49.797Z] Device at 10.30.28.23 is not reachable. Skipping connection attempt.
[2024-12-26T02:44:59.801Z] Device at 10.30.28.23 is not reachable. Skipping connection attempt.
[2024-12-26T02:45:09.795Z] Device at 10.30.28.23 is not reachable. Skipping connection attempt.
[2024-12-26T02:45:19.812Z] Device at 10.30.28.23 is not reachable. Skipping connection attempt.
[2024-12-26T02:45:29.799Z] Device at 10.30.28.23 is not reachable. Skipping connection attempt.
[2024-12-26T02:45:39.798Z] Device at 10.30.28.23 is not reachable. Skipping connection attempt.
[2024-12-26T02:45:49.799Z] Device at 10.30.28.23 is not reachable. Skipping connection attempt.
[2024-12-26T02:45:59.803Z] Device at 10.30.28.23 is not reachable. Skipping connection attempt.
[2024-12-26T02:46:09.796Z] Device at 10.30.28.23 is not reachable. Skipping connection attempt.
[2024-12-26T02:46:19.801Z] Device at 10.30.28.23 is not reachable. Skipping connection attempt.
[2024-12-26T02:46:29.806Z] Device at 10.30.28.23 is not reachable. Skipping connection attempt.
[2024-12-26T02:46:39.801Z] Device at 10.30.28.23 is not reachable. Skipping connection attempt.
[2024-12-26T03:29:17.441Z] Error reading actual data: Req timed out
[2024-12-26T03:29:49.988Z] Unable to connect to device at 10.30.28.23: read ECONNRESET
[2024-12-26T03:29:49.990Z] Error reading register 6507 for IP 10.30.28.23: rejecting because of earlier OutOfSync error
[2024-12-26T03:29:49.990Z] Error reading actual data: rejecting because of earlier OutOfSync error
[2024-12-26T03:29:49.991Z] Error writing to Modbus register: rejecting because of earlier OutOfSync error
[2024-12-26T03:29:49.991Z] Error reading register 6507 for IP 10.30.28.23: rejecting because of earlier OutOfSync error
[2024-12-26T03:29:49.991Z] Error reading actual data: rejecting because of earlier OutOfSync error
[2024-12-26T03:29:49.991Z] Error writing to Modbus register: rejecting because of earlier OutOfSync error
[2024-12-26T03:29:49.991Z] Error reading register 6507 for IP 10.30.28.23: rejecting because of earlier OutOfSync error
[2024-12-26T03:29:49.991Z] Error writing to Modbus register: rejecting because of earlier OutOfSync error
[2024-12-26T03:29:49.991Z] Error reading actual data: rejecting because of earlier OutOfSync error
[2024-12-26T03:29:49.991Z] Error reading register 6507 for IP 10.30.28.23: rejecting because of earlier OutOfSync error
[2024-12-26T03:29:49.991Z] Error reading actual data: rejecting because of earlier OutOfSync error
[2024-12-26T03:29:49.991Z] Error writing to Modbus register: rejecting because of earlier OutOfSync error
[2024-12-26T03:29:49.991Z] Error reading register 6507 for IP 10.30.28.23: rejecting because of earlier OutOfSync error
[2024-12-26T03:29:49.991Z] Error reading actual data: rejecting because of earlier OutOfSync error
[2024-12-26T03:29:49.991Z] Error writing to Modbus register: rejecting because of earlier OutOfSync error
[2024-12-26T03:29:49.991Z] Error reading register 6507 for IP 10.30.28.23: rejecting because of earlier OutOfSync error
[2024-12-26T03:29:49.991Z] Error reading actual data: rejecting because of earlier OutOfSync error
[2024-12-26T03:29:49.991Z] Error writing to Modbus register: rejecting because of earlier OutOfSync error
[2024-12-26T03:29:49.991Z] Error reading register 6507 for IP 10.30.28.23: rejecting because of earlier OutOfSync error
[2024-12-26T03:29:49.991Z] Error reading actual data: rejecting because of earlier OutOfSync error
[2024-12-26T03:29:49.991Z] Error writing to Modbus register: rejecting because of earlier OutOfSync error
[2024-12-26T03:29:49.991Z] Error reading register 6507 for IP 10.30.28.23: rejecting because of earlier OutOfSync error
[2024-12-26T03:29:49.992Z] Error reading actual data: rejecting because of earlier OutOfSync error
[2024-12-26T03:29:49.992Z] Error writing to Modbus register: rejecting because of earlier OutOfSync error
[2024-12-26T03:29:49.992Z] Error reading register 6507 for IP 10.30.28.23: rejecting because of earlier OutOfSync error
[2024-12-26T03:29:49.992Z] Error reading actual data: rejecting because of earlier OutOfSync error
[2024-12-26T03:29:49.992Z] Error writing to Modbus register: rejecting because of earlier OutOfSync error
[2024-12-26T03:29:49.992Z] Error reading register 6507 for IP 10.30.28.23: rejecting because of earlier OutOfSync error
[2024-12-26T03:29:49.992Z] Error reading actual data: rejecting because of earlier OutOfSync error
[2024-12-26T03:29:49.992Z] Error reading register 6507 for IP 10.30.28.23: rejecting because of earlier OutOfSync error
[2024-12-26T03:29:49.992Z] Error writing to Modbus register: rejecting because of earlier OutOfSync error
[2024-12-26T03:29:49.992Z] Error writing to Modbus register: rejecting because of earlier OutOfSync error
[2024-12-26T03:29:49.992Z] Error reading register 6507 for IP 10.30.28.23: rejecting because of earlier OutOfSync error
[2024-12-26T03:29:49.992Z] Error reading actual data: rejecting because of earlier OutOfSync error
[2024-12-26T03:29:49.992Z] Error writing to Modbus register: rejecting because of earlier OutOfSync error
[2024-12-26T03:29:49.992Z] Error reading register 6507 for IP 10.30.28.23: rejecting because of earlier OutOfSync error
[2024-12-26T03:29:49.992Z] Error reading actual data: rejecting because of earlier OutOfSync error
[2024-12-26T03:29:49.992Z] Error writing to Modbus register: rejecting because of earlier OutOfSync error
[2024-12-26T03:29:49.993Z] Error reading register 6507 for IP 10.30.28.23: rejecting because of earlier OutOfSync error
[2024-12-26T03:29:49.993Z] Error writing to Modbus register: rejecting because of earlier OutOfSync error
[2024-12-26T03:29:49.993Z] Error reading register 6507 for IP 10.30.28.23: rejecting because of earlier OutOfSync error
[2024-12-26T03:29:49.993Z] Error reading actual data: rejecting because of earlier OutOfSync error
[2024-12-26T03:29:49.993Z] Error writing to Modbus register: rejecting because of earlier OutOfSync error
[2024-12-26T03:29:49.993Z] Error reading register 6507 for IP 10.30.28.23: rejecting because of earlier OutOfSync error
[2024-12-26T03:29:49.993Z] Error reading actual data: rejecting because of earlier OutOfSync error
[2024-12-26T03:29:49.993Z] Error writing to Modbus register: rejecting because of earlier OutOfSync error
[2024-12-26T03:29:49.993Z] Error reading register 6507 for IP 10.30.28.23: rejecting because of earlier OutOfSync error
[2024-12-26T03:29:49.993Z] Error reading actual data: rejecting because of earlier OutOfSync error
[2024-12-26T03:29:49.993Z] Error writing to Modbus register: rejecting because of earlier OutOfSync error
[2024-12-26T03:29:49.993Z] Error reading register 6507 for IP 10.30.28.23: rejecting because of earlier OutOfSync error
[2024-12-26T03:29:49.993Z] Error reading actual data: rejecting because of earlier OutOfSync error
[2024-12-26T03:29:49.993Z] Error writing to Modbus register: rejecting because of earlier OutOfSync error
[2024-12-26T03:29:49.993Z] Error reading register 6507 for IP 10.30.28.23: rejecting because of earlier OutOfSync error
[2024-12-26T03:29:49.993Z] Error reading actual data: rejecting because of earlier OutOfSync error
[2024-12-26T03:29:49.993Z] Error writing to Modbus register: rejecting because of earlier OutOfSync error
[2024-12-26T03:29:49.993Z] Error reading register 6507 for IP 10.30.28.23: rejecting because of earlier OutOfSync error
[2024-12-26T03:29:49.993Z] Error reading actual data: rejecting because of earlier OutOfSync error
[2024-12-26T03:29:49.993Z] Error writing to Modbus register: rejecting because of earlier OutOfSync error
[2024-12-26T03:29:49.993Z] Error reading register 6507 for IP 10.30.28.23: rejecting because of earlier OutOfSync error
[2024-12-26T03:29:49.994Z] Error reading actual data: rejecting because of earlier OutOfSync error
[2024-12-26T03:29:49.994Z] Error writing to Modbus register: rejecting because of earlier OutOfSync error
[2024-12-26T03:29:49.994Z] Error reading register 6507 for IP 10.30.28.23: rejecting because of earlier OutOfSync error
[2024-12-26T03:29:49.994Z] Error reading actual data: rejecting because of earlier OutOfSync error
[2024-12-26T03:29:49.994Z] Error reading register 6507 for IP 10.30.28.23: rejecting because of earlier OutOfSync error
[2024-12-26T03:29:49.994Z] Error reading actual data: rejecting because of earlier OutOfSync error
[2024-12-26T03:29:49.994Z] Error writing to Modbus register: rejecting because of earlier OutOfSync error
[2024-12-26T03:29:49.992Z] Error reading actual data: rejecting because of earlier OutOfSync error
[2024-12-26T03:29:49.994Z] Error reading register 6507 for IP 10.30.28.23: rejecting because of earlier OutOfSync error
[2024-12-26T03:29:49.994Z] Error writing to Modbus register: rejecting because of earlier OutOfSync error
[2024-12-26T03:29:49.994Z] Error reading actual data: rejecting because of earlier OutOfSync error
[2024-12-26T03:29:49.994Z] Error reading register 6507 for IP 10.30.28.23: rejecting because of earlier OutOfSync error
[2024-12-26T03:29:49.994Z] Error reading actual data: rejecting because of earlier OutOfSync error
[2024-12-26T03:29:49.993Z] Error reading actual data: rejecting because of earlier OutOfSync error
[2024-12-26T03:29:49.994Z] Error writing to Modbus register: rejecting because of earlier OutOfSync error
[2024-12-26T03:29:49.994Z] Error writing to Modbus register: rejecting because of earlier OutOfSync error
[2024-12-26T03:29:49.994Z] Error reading register 6507 for IP 10.30.28.23: rejecting because of earlier OutOfSync error
[2024-12-26T03:29:49.994Z] Error writing to Modbus register: rejecting because of earlier OutOfSync error
[2024-12-26T03:29:49.994Z] Error reading actual data: rejecting because of earlier OutOfSync error
[2024-12-26T03:29:49.994Z] Error writing to Modbus register: rejecting because of earlier OutOfSync error
[2024-12-26T03:29:49.994Z] Error reading register 6507 for IP 10.30.28.23: rejecting because of earlier OutOfSync error
[2024-12-26T03:29:49.994Z] Error reading register 6507 for IP 10.30.28.23: rejecting because of earlier OutOfSync error
[2024-12-26T03:29:49.994Z] Error reading actual data: rejecting because of earlier OutOfSync error
[2024-12-26T03:29:49.995Z] Error reading register 6507 for IP 10.30.28.23: rejecting because of earlier OutOfSync error
[2024-12-26T03:29:49.995Z] Error reading actual data: rejecting because of earlier OutOfSync error
[2024-12-26T03:29:49.995Z] Error writing to Modbus register: rejecting because of earlier OutOfSync error
[2024-12-26T03:29:49.995Z] Error reading register 6507 for IP 10.30.28.23: rejecting because of earlier OutOfSync error
[2024-12-26T03:29:49.995Z] Error reading actual data: rejecting because of earlier OutOfSync error
[2024-12-26T03:29:49.995Z] Error writing to Modbus register: rejecting because of earlier OutOfSync error
[2024-12-26T03:29:49.995Z] Error reading register 6507 for IP 10.30.28.23: rejecting because of earlier OutOfSync error
[2024-12-26T03:29:49.994Z] Error reading actual data: rejecting because of earlier OutOfSync error
[2024-12-26T03:29:49.995Z] Error reading actual data: rejecting because of earlier OutOfSync error
[2024-12-26T03:29:49.995Z] Error writing to Modbus register: rejecting because of earlier OutOfSync error
[2024-12-26T03:29:49.995Z] Error reading register 6507 for IP 10.30.28.23: rejecting because of earlier OutOfSync error
[2024-12-26T03:29:49.995Z] Error writing to Modbus register: rejecting because of earlier OutOfSync error
[2024-12-26T03:29:49.995Z] Error writing to Modbus register: rejecting because of earlier OutOfSync error
[2024-12-26T03:29:49.995Z] Error reading register 6507 for IP 10.30.28.23: rejecting because of earlier OutOfSync error
[2024-12-26T03:29:49.995Z] Error reading actual data: rejecting because of earlier OutOfSync error
[2024-12-26T03:29:49.995Z] Error reading actual data: rejecting because of earlier OutOfSync error
[2024-12-26T03:29:49.995Z] Error writing to Modbus register: rejecting because of earlier OutOfSync error
[2024-12-26T03:29:49.995Z] Error reading register 6507 for IP 10.30.28.23: rejecting because of earlier OutOfSync error
[2024-12-26T03:29:49.995Z] Error reading actual data: rejecting because of earlier OutOfSync error
[2024-12-26T03:29:49.995Z] Error writing to Modbus register: rejecting because of earlier OutOfSync error
[2024-12-26T03:29:49.995Z] Error reading register 6507 for IP 10.30.28.23: rejecting because of earlier OutOfSync error
[2024-12-26T03:29:49.995Z] Error reading actual data: rejecting because of earlier OutOfSync error
[2024-12-26T03:29:49.995Z] Error writing to Modbus register: rejecting because of earlier OutOfSync error
[2024-12-26T03:29:49.996Z] Error reading register 6507 for IP 10.30.28.23: rejecting because of earlier OutOfSync error
[2024-12-26T03:29:49.996Z] Error writing to Modbus register: rejecting because of earlier OutOfSync error
[2024-12-26T03:29:49.996Z] Error reading register 6507 for IP 10.30.28.23: rejecting because of earlier OutOfSync error
[2024-12-26T03:29:49.996Z] Error reading actual data: rejecting because of earlier OutOfSync error
[2024-12-26T03:29:49.996Z] Error reading actual data: rejecting because of earlier OutOfSync error
[2024-12-26T03:29:49.996Z] Error writing to Modbus register: rejecting because of earlier OutOfSync error
[2024-12-26T03:29:49.996Z] Error reading or processing Modbus registers: rejecting because of earlier OutOfSync error
[2024-12-26T03:29:49.996Z] Error reading or processing Modbus registers: rejecting because of earlier OutOfSync error
[2024-12-26T03:29:49.996Z] Error reading or processing Modbus registers: rejecting because of earlier OutOfSync error
[2024-12-26T03:29:49.996Z] Error reading or processing Modbus registers: rejecting because of earlier OutOfSync error
[2024-12-26T03:29:49.996Z] Error reading or processing Modbus registers: rejecting because of earlier OutOfSync error
[2024-12-26T03:29:49.996Z] Error reading or processing Modbus registers: rejecting because of earlier OutOfSync error
[2024-12-26T03:29:49.996Z] Error reading or processing Modbus registers: rejecting because of earlier OutOfSync error
[2024-12-26T03:29:49.996Z] Error reading or processing Modbus registers: rejecting because of earlier OutOfSync error
[2024-12-26T03:29:49.996Z] Error reading or processing Modbus registers: rejecting because of earlier OutOfSync error
[2024-12-26T03:29:49.996Z] Error reading or processing Modbus registers: rejecting because of earlier OutOfSync error
[2024-12-26T03:29:49.996Z] Error reading or processing Modbus registers: rejecting because of earlier OutOfSync error
[2024-12-26T03:29:49.996Z] Error reading or processing Modbus registers: rejecting because of earlier OutOfSync error
[2024-12-26T03:29:49.996Z] Error reading or processing Modbus registers: rejecting because of earlier OutOfSync error
[2024-12-26T03:29:49.996Z] Error reading or processing Modbus registers: rejecting because of earlier OutOfSync error
[2024-12-26T03:29:49.996Z] Error reading or processing Modbus registers: rejecting because of earlier OutOfSync error
[2024-12-26T03:29:49.997Z] Error reading or processing Modbus registers: rejecting because of earlier OutOfSync error
[2024-12-26T03:29:49.997Z] Error reading or processing Modbus registers: rejecting because of earlier OutOfSync error
[2024-12-26T03:29:49.997Z] Error reading or processing Modbus registers: rejecting because of earlier OutOfSync error
[2024-12-26T03:29:49.997Z] Error reading or processing Modbus registers: rejecting because of earlier OutOfSync error
[2024-12-26T03:29:49.997Z] Error reading or processing Modbus registers: rejecting because of earlier OutOfSync error
[2024-12-26T03:29:49.997Z] Error reading or processing Modbus registers: rejecting because of earlier OutOfSync error
[2024-12-26T03:29:49.997Z] Error reading or processing Modbus registers: rejecting because of earlier OutOfSync error
[2024-12-26T03:29:49.997Z] Error reading or processing Modbus registers: rejecting because of earlier OutOfSync error
[2024-12-26T03:29:49.997Z] Error reading or processing Modbus registers: rejecting because of earlier OutOfSync error
[2024-12-26T03:29:49.997Z] Error reading or processing Modbus registers: rejecting because of earlier OutOfSync error
[2024-12-26T03:29:49.997Z] Error reading or processing Modbus registers: rejecting because of earlier OutOfSync error
[2024-12-26T03:29:49.997Z] Error reading or processing Modbus registers: rejecting because of earlier OutOfSync error
[2024-12-26T03:29:49.997Z] Error reading or processing Modbus registers: rejecting because of earlier OutOfSync error
[2024-12-26T03:29:49.997Z] Error reading or processing Modbus registers: rejecting because of earlier OutOfSync error
[2024-12-26T03:29:49.997Z] Error reading or processing Modbus registers: rejecting because of earlier OutOfSync error
[2024-12-26T03:29:49.997Z] Error reading or processing Modbus registers: rejecting because of earlier OutOfSync error
[2024-12-26T03:29:49.997Z] Error reading or processing Modbus registers: rejecting because of earlier OutOfSync error
[2024-12-26T03:29:49.997Z] Error reading or processing Modbus registers: rejecting because of earlier OutOfSync error
[2024-12-26T03:29:49.997Z] Error reading or processing Modbus registers: rejecting because of earlier OutOfSync error
[2024-12-26T03:29:49.997Z] Error reading or processing Modbus registers: rejecting because of earlier OutOfSync error
[2024-12-26T03:29:49.997Z] Error reading or processing Modbus registers: rejecting because of earlier OutOfSync error
[2024-12-26T03:29:49.997Z] Error reading or processing Modbus registers: rejecting because of earlier OutOfSync error
[2024-12-26T03:29:50.221Z] Error reading register 6507 for IP 10.30.28.23: no connection to modbus server
[2024-12-26T03:29:50.221Z] Error reading actual data: no connection to modbus server
[2024-12-26T03:29:50.221Z] Error reading or processing Modbus registers: no connection to modbus server
[2024-12-26T03:29:50.222Z] Error writing to Modbus register: no connection to modbus server
[2024-12-26T03:29:51.223Z] Error reading register 6507 for IP 10.30.28.23: no connection to modbus server
[2024-12-26T03:29:51.223Z] Error reading or processing Modbus registers: no connection to modbus server
[2024-12-26T03:29:51.223Z] Error reading actual data: no connection to modbus server
[2024-12-26T03:29:51.224Z] Error writing to Modbus register: no connection to modbus server
[2024-12-26T03:29:52.237Z] Error reading register 6507 for IP 10.30.28.23: no connection to modbus server
[2024-12-26T03:29:52.237Z] Error reading or processing Modbus registers: no connection to modbus server
[2024-12-26T03:29:52.237Z] Error reading actual data: no connection to modbus server
[2024-12-26T03:29:52.237Z] Error writing to Modbus register: no connection to modbus server
[2024-12-26T03:29:53.248Z] Error reading register 6507 for IP 10.30.28.23: no connection to modbus server
[2024-12-26T03:29:53.248Z] Error reading actual data: no connection to modbus server
[2024-12-26T03:29:53.248Z] Error reading or processing Modbus registers: no connection to modbus server
[2024-12-26T03:29:53.249Z] Error writing to Modbus register: no connection to modbus server
[2024-12-26T03:29:54.263Z] Error reading register 6507 for IP 10.30.28.23: no connection to modbus server
[2024-12-26T03:29:54.263Z] Error reading actual data: no connection to modbus server
[2024-12-26T03:29:54.264Z] Error reading or processing Modbus registers: no connection to modbus server
[2024-12-26T03:29:54.264Z] Error writing to Modbus register: no connection to modbus server
[2024-12-26T03:29:55.266Z] Error reading register 6507 for IP 10.30.28.23: no connection to modbus server
[2024-12-26T03:29:55.266Z] Error reading actual data: no connection to modbus server
[2024-12-26T03:29:55.266Z] Error reading or processing Modbus registers: no connection to modbus server
[2024-12-26T03:29:55.267Z] Error writing to Modbus register: no connection to modbus server
[2024-12-26T03:29:56.279Z] Error reading register 6507 for IP 10.30.28.23: no connection to modbus server
[2024-12-26T03:29:56.279Z] Error reading or processing Modbus registers: no connection to modbus server
[2024-12-26T03:29:56.279Z] Error reading actual data: no connection to modbus server
[2024-12-26T03:29:56.279Z] Error writing to Modbus register: no connection to modbus server
[2024-12-26T03:29:57.281Z] Error reading register 6507 for IP 10.30.28.23: no connection to modbus server
[2024-12-26T03:29:57.281Z] Error reading or processing Modbus registers: no connection to modbus server
[2024-12-26T03:29:57.281Z] Error reading actual data: no connection to modbus server
[2024-12-26T03:29:57.281Z] Error writing to Modbus register: no connection to modbus server
[2024-12-26T03:29:58.295Z] Error reading register 6507 for IP 10.30.28.23: no connection to modbus server
[2024-12-26T03:29:58.295Z] Error reading actual data: no connection to modbus server
[2024-12-26T03:29:58.295Z] Error reading or processing Modbus registers: no connection to modbus server
[2024-12-26T03:29:58.295Z] Error writing to Modbus register: no connection to modbus server
[2024-12-26T03:29:59.308Z] Error reading register 6507 for IP 10.30.28.23: no connection to modbus server
[2024-12-26T03:29:59.308Z] Error reading actual data: no connection to modbus server
[2024-12-26T03:29:59.308Z] Error reading or processing Modbus registers: no connection to modbus server
[2024-12-26T03:29:59.308Z] Error writing to Modbus register: no connection to modbus server
[2024-12-26T03:30:00.322Z] Error reading register 6507 for IP 10.30.28.23: no connection to modbus server
[2024-12-26T03:30:00.322Z] Error reading or processing Modbus registers: no connection to modbus server
[2024-12-26T03:30:00.322Z] Error reading actual data: no connection to modbus server
[2024-12-26T03:30:00.322Z] Error writing to Modbus register: no connection to modbus server
[2024-12-26T03:30:01.336Z] Error reading register 6507 for IP 10.30.28.23: no connection to modbus server
[2024-12-26T03:30:01.336Z] Error reading actual data: no connection to modbus server
[2024-12-26T03:30:01.336Z] Error reading or processing Modbus registers: no connection to modbus server
[2024-12-26T03:30:01.337Z] Error writing to Modbus register: no connection to modbus server
[2024-12-26T03:30:02.351Z] Error reading actual data: no connection to modbus server
[2024-12-26T03:30:02.350Z] Error reading register 6507 for IP 10.30.28.23: no connection to modbus server
[2024-12-26T03:30:02.351Z] Error reading or processing Modbus registers: no connection to modbus server
[2024-12-26T03:30:02.352Z] Error writing to Modbus register: no connection to modbus server
[2024-12-26T03:30:03.362Z] Error reading register 6507 for IP 10.30.28.23: no connection to modbus server
[2024-12-26T03:30:03.362Z] Error reading actual data: no connection to modbus server
[2024-12-26T03:30:03.363Z] Error reading or processing Modbus registers: no connection to modbus server
[2024-12-26T03:30:03.363Z] Error writing to Modbus register: no connection to modbus server
[2024-12-26T03:30:04.376Z] Error reading register 6507 for IP 10.30.28.23: no connection to modbus server
[2024-12-26T03:30:04.376Z] Error reading actual data: no connection to modbus server
[2024-12-26T03:30:04.376Z] Error reading or processing Modbus registers: no connection to modbus server
[2024-12-26T03:30:04.376Z] Error writing to Modbus register: no connection to modbus server
[2024-12-26T03:30:05.389Z] Error reading register 6507 for IP 10.30.28.23: no connection to modbus server
[2024-12-26T03:30:05.389Z] Error reading or processing Modbus registers: no connection to modbus server
[2024-12-26T03:30:05.389Z] Error reading actual data: no connection to modbus server
[2024-12-26T03:30:05.390Z] Error writing to Modbus register: no connection to modbus server
[2024-12-26T03:30:06.402Z] Error reading register 6507 for IP 10.30.28.23: no connection to modbus server
[2024-12-26T03:30:06.403Z] Error reading actual data: no connection to modbus server
[2024-12-26T03:30:06.403Z] Error reading or processing Modbus registers: no connection to modbus server
[2024-12-26T03:30:06.403Z] Error writing to Modbus register: no connection to modbus server
[2024-12-26T03:30:07.405Z] Error reading register 6507 for IP 10.30.28.23: no connection to modbus server
[2024-12-26T03:30:07.405Z] Error reading actual data: no connection to modbus server
[2024-12-26T03:30:07.406Z] Error reading or processing Modbus registers: no connection to modbus server
[2024-12-26T03:30:07.406Z] Error writing to Modbus register: no connection to modbus server
[2024-12-26T03:30:08.406Z] Error reading register 6507 for IP 10.30.28.23: no connection to modbus server
[2024-12-26T03:30:08.407Z] Error reading or processing Modbus registers: no connection to modbus server
[2024-12-26T03:30:08.407Z] Error reading actual data: no connection to modbus server
[2024-12-26T03:30:08.407Z] Error writing to Modbus register: no connection to modbus server
[2024-12-26T03:30:09.415Z] Error reading register 6507 for IP 10.30.28.23: no connection to modbus server
[2024-12-26T03:30:09.415Z] Error reading actual data: no connection to modbus server
[2024-12-26T03:30:09.415Z] Error reading or processing Modbus registers: no connection to modbus server
[2024-12-26T03:30:09.416Z] Error writing to Modbus register: no connection to modbus server
[2024-12-26T03:30:10.417Z] Error reading register 6507 for IP 10.30.28.23: no connection to modbus server
[2024-12-26T03:30:10.417Z] Error reading actual data: no connection to modbus server
[2024-12-26T03:30:10.417Z] Error reading or processing Modbus registers: no connection to modbus server
[2024-12-26T03:30:10.418Z] Error writing to Modbus register: no connection to modbus server
[2024-12-26T03:30:11.429Z] Error reading register 6507 for IP 10.30.28.23: no connection to modbus server
[2024-12-26T03:30:11.430Z] Error reading actual data: no connection to modbus server
[2024-12-26T03:30:11.430Z] Error reading or processing Modbus registers: no connection to modbus server
[2024-12-26T03:30:11.431Z] Error writing to Modbus register: no connection to modbus server
[2024-12-26T03:30:12.430Z] Error reading register 6507 for IP 10.30.28.23: no connection to modbus server
[2024-12-26T03:30:12.430Z] Error reading actual data: no connection to modbus server
[2024-12-26T03:30:12.431Z] Error reading or processing Modbus registers: no connection to modbus server
[2024-12-26T03:30:12.432Z] Error writing to Modbus register: no connection to modbus server
[2024-12-26T03:30:13.444Z] Error reading register 6507 for IP 10.30.28.23: no connection to modbus server
[2024-12-26T03:30:13.444Z] Error reading actual data: no connection to modbus server
[2024-12-26T03:30:13.445Z] Error reading or processing Modbus registers: no connection to modbus server
[2024-12-26T03:30:13.445Z] Error writing to Modbus register: no connection to modbus server
[2024-12-26T03:30:14.445Z] Error reading register 6507 for IP 10.30.28.23: no connection to modbus server
[2024-12-26T03:30:14.445Z] Error reading actual data: no connection to modbus server
[2024-12-26T03:30:14.446Z] Error reading or processing Modbus registers: no connection to modbus server
[2024-12-26T03:30:14.446Z] Error writing to Modbus register: no connection to modbus server
[2024-12-26T03:30:15.460Z] Error reading register 6507 for IP 10.30.28.23: no connection to modbus server
[2024-12-26T03:30:15.460Z] Error reading actual data: no connection to modbus server
[2024-12-26T03:30:15.461Z] Error reading or processing Modbus registers: no connection to modbus server
[2024-12-26T03:30:15.461Z] Error writing to Modbus register: no connection to modbus server
[2024-12-26T03:30:16.475Z] Error reading register 6507 for IP 10.30.28.23: no connection to modbus server
[2024-12-26T03:30:16.475Z] Error reading or processing Modbus registers: no connection to modbus server
[2024-12-26T03:30:16.476Z] Error writing to Modbus register: no connection to modbus server
[2024-12-26T03:30:16.475Z] Error reading actual data: no connection to modbus server
[2024-12-26T03:30:17.488Z] Error reading register 6507 for IP 10.30.28.23: no connection to modbus server
[2024-12-26T03:30:17.489Z] Error reading or processing Modbus registers: no connection to modbus server
[2024-12-26T03:30:17.488Z] Error reading actual data: no connection to modbus server
[2024-12-26T03:30:17.489Z] Error writing to Modbus register: no connection to modbus server
[2024-12-26T03:30:18.504Z] Error reading register 6507 for IP 10.30.28.23: no connection to modbus server
[2024-12-26T03:30:18.504Z] Error reading or processing Modbus registers: no connection to modbus server
[2024-12-26T03:30:18.504Z] Error reading actual data: no connection to modbus server
[2024-12-26T03:30:18.505Z] Error writing to Modbus register: no connection to modbus server
[2024-12-26T03:30:19.516Z] Error reading register 6507 for IP 10.30.28.23: no connection to modbus server
[2024-12-26T03:30:19.516Z] Error reading or processing Modbus registers: no connection to modbus server
[2024-12-26T03:30:19.516Z] Error reading actual data: no connection to modbus server
[2024-12-26T03:30:19.517Z] Error writing to Modbus register: no connection to modbus server
[2024-12-26T03:30:20.532Z] Error reading register 6507 for IP 10.30.28.23: no connection to modbus server
[2024-12-26T03:30:20.532Z] Error reading actual data: no connection to modbus server
[2024-12-26T03:30:20.532Z] Error reading or processing Modbus registers: no connection to modbus server
[2024-12-26T03:30:20.532Z] Error writing to Modbus register: no connection to modbus server
[2024-12-26T03:30:21.544Z] Error reading register 6507 for IP 10.30.28.23: no connection to modbus server
[2024-12-26T03:30:21.544Z] Error reading actual data: no connection to modbus server
[2024-12-26T03:30:21.544Z] Error reading or processing Modbus registers: no connection to modbus server
[2024-12-26T03:30:21.544Z] Error writing to Modbus register: no connection to modbus server
[2024-12-26T03:30:22.558Z] Error reading register 6507 for IP 10.30.28.23: no connection to modbus server
[2024-12-26T03:30:22.558Z] Error reading actual data: no connection to modbus server
[2024-12-26T03:30:22.558Z] Error reading or processing Modbus registers: no connection to modbus server
[2024-12-26T03:30:22.559Z] Error writing to Modbus register: no connection to modbus server
[2024-12-26T03:30:23.570Z] Error reading register 6507 for IP 10.30.28.23: no connection to modbus server
[2024-12-26T03:30:23.570Z] Error reading or processing Modbus registers: no connection to modbus server
[2024-12-26T03:30:23.570Z] Error reading actual data: no connection to modbus server
[2024-12-26T03:30:23.570Z] Error writing to Modbus register: no connection to modbus server
[2024-12-26T03:30:24.572Z] Error reading register 6507 for IP 10.30.28.23: no connection to modbus server
[2024-12-26T03:30:24.572Z] Error reading actual data: no connection to modbus server
[2024-12-26T03:30:24.572Z] Error reading or processing Modbus registers: no connection to modbus server
[2024-12-26T03:30:24.573Z] Error writing to Modbus register: no connection to modbus server
[2024-12-26T03:30:25.573Z] Error reading register 6507 for IP 10.30.28.23: no connection to modbus server
[2024-12-26T03:30:25.573Z] Error reading actual data: no connection to modbus server
[2024-12-26T03:30:25.573Z] Error reading or processing Modbus registers: no connection to modbus server
[2024-12-26T03:30:25.574Z] Error writing to Modbus register: no connection to modbus server
[2024-12-26T03:30:26.585Z] Error reading register 6507 for IP 10.30.28.23: no connection to modbus server
[2024-12-26T03:30:26.585Z] Error reading actual data: no connection to modbus server
[2024-12-26T03:30:26.586Z] Error reading or processing Modbus registers: no connection to modbus server
[2024-12-26T03:30:26.586Z] Error writing to Modbus register: no connection to modbus server
[2024-12-26T03:30:27.598Z] Error reading register 6507 for IP 10.30.28.23: no connection to modbus server
[2024-12-26T03:30:27.598Z] Error reading actual data: no connection to modbus server
[2024-12-26T03:30:27.598Z] Error reading or processing Modbus registers: no connection to modbus server
[2024-12-26T03:30:27.599Z] Error writing to Modbus register: no connection to modbus server
[2024-12-26T03:30:28.601Z] Error reading register 6507 for IP 10.30.28.23: no connection to modbus server
[2024-12-26T03:30:28.602Z] Error reading actual data: no connection to modbus server
[2024-12-26T03:30:28.602Z] Error reading or processing Modbus registers: no connection to modbus server
[2024-12-26T03:30:28.602Z] Error writing to Modbus register: no connection to modbus server
[2024-12-26T03:30:29.612Z] Error reading register 6507 for IP 10.30.28.23: no connection to modbus server
[2024-12-26T03:30:29.612Z] Error reading actual data: no connection to modbus server
[2024-12-26T03:30:29.612Z] Error reading or processing Modbus registers: no connection to modbus server
[2024-12-26T03:30:29.612Z] Error writing to Modbus register: no connection to modbus server
[2024-12-26T03:30:30.623Z] Error reading register 6507 for IP 10.30.28.23: no connection to modbus server
[2024-12-26T03:30:30.623Z] Error reading or processing Modbus registers: no connection to modbus server
[2024-12-26T03:30:30.623Z] Error reading actual data: no connection to modbus server
[2024-12-26T03:30:30.623Z] Error writing to Modbus register: no connection to modbus server
[2024-12-26T03:30:31.639Z] Error reading register 6507 for IP 10.30.28.23: no connection to modbus server
[2024-12-26T03:30:31.639Z] Error reading or processing Modbus registers: no connection to modbus server
[2024-12-26T03:30:31.639Z] Error writing to Modbus register: no connection to modbus server
[2024-12-26T03:30:31.639Z] Error reading actual data: no connection to modbus server
[2024-12-26T03:30:32.650Z] Error reading register 6507 for IP 10.30.28.23: no connection to modbus server
[2024-12-26T03:30:32.650Z] Error reading actual data: no connection to modbus server
[2024-12-26T03:30:32.650Z] Error reading or processing Modbus registers: no connection to modbus server
[2024-12-26T03:30:32.651Z] Error writing to Modbus register: no connection to modbus server
[2024-12-26T03:30:33.665Z] Error reading register 6507 for IP 10.30.28.23: no connection to modbus server
[2024-12-26T03:30:33.665Z] Error reading actual data: no connection to modbus server
[2024-12-26T03:30:33.665Z] Error reading or processing Modbus registers: no connection to modbus server
[2024-12-26T03:30:33.666Z] Error writing to Modbus register: no connection to modbus server
[2024-12-26T03:30:34.676Z] Error reading register 6507 for IP 10.30.28.23: no connection to modbus server
[2024-12-26T03:30:34.676Z] Error reading actual data: no connection to modbus server
[2024-12-26T03:30:34.676Z] Error reading or processing Modbus registers: no connection to modbus server
[2024-12-26T03:30:34.677Z] Error writing to Modbus register: no connection to modbus server
[2024-12-26T03:30:35.678Z] Error reading register 6507 for IP 10.30.28.23: no connection to modbus server
[2024-12-26T03:30:35.678Z] Error reading actual data: no connection to modbus server
[2024-12-26T03:30:35.678Z] Error reading or processing Modbus registers: no connection to modbus server
[2024-12-26T03:30:35.679Z] Error writing to Modbus register: no connection to modbus server
[2024-12-26T03:30:36.690Z] Error reading register 6507 for IP 10.30.28.23: no connection to modbus server
[2024-12-26T03:30:36.690Z] Error reading actual data: no connection to modbus server
[2024-12-26T03:30:36.690Z] Error reading or processing Modbus registers: no connection to modbus server
[2024-12-26T03:30:36.691Z] Error writing to Modbus register: no connection to modbus server
[2024-12-26T03:30:37.691Z] Error reading register 6507 for IP 10.30.28.23: no connection to modbus server
[2024-12-26T03:30:37.691Z] Error reading actual data: no connection to modbus server
[2024-12-26T03:30:37.691Z] Error reading or processing Modbus registers: no connection to modbus server
[2024-12-26T03:30:37.692Z] Error writing to Modbus register: no connection to modbus server
[2024-12-26T03:30:38.703Z] Error reading register 6507 for IP 10.30.28.23: no connection to modbus server
[2024-12-26T03:30:38.703Z] Error reading actual data: no connection to modbus server
[2024-12-26T03:30:38.704Z] Error writing to Modbus register: no connection to modbus server
[2024-12-26T03:30:38.704Z] Error reading or processing Modbus registers: no connection to modbus server
[2024-12-26T03:30:39.717Z] Error reading register 6507 for IP 10.30.28.23: no connection to modbus server
[2024-12-26T03:30:39.717Z] Error reading actual data: no connection to modbus server
[2024-12-26T03:30:39.717Z] Error reading or processing Modbus registers: no connection to modbus server
[2024-12-26T03:30:39.718Z] Error writing to Modbus register: no connection to modbus server
[2024-12-26T03:30:40.729Z] Error reading register 6507 for IP 10.30.28.23: no connection to modbus server
[2024-12-26T03:30:40.729Z] Error reading actual data: no connection to modbus server
[2024-12-26T03:30:40.729Z] Error reading or processing Modbus registers: no connection to modbus server
[2024-12-26T03:30:40.729Z] Error writing to Modbus register: no connection to modbus server
[2024-12-26T03:30:41.743Z] Error reading register 6507 for IP 10.30.28.23: no connection to modbus server
[2024-12-26T03:30:41.743Z] Error reading actual data: no connection to modbus server
[2024-12-26T03:30:41.744Z] Error reading or processing Modbus registers: no connection to modbus server
[2024-12-26T03:30:41.744Z] Error writing to Modbus register: no connection to modbus server
[2024-12-26T03:30:42.754Z] Error reading register 6507 for IP 10.30.28.23: no connection to modbus server
[2024-12-26T03:30:42.754Z] Error reading actual data: no connection to modbus server
[2024-12-26T03:30:42.754Z] Error reading or processing Modbus registers: no connection to modbus server
[2024-12-26T03:30:42.755Z] Error writing to Modbus register: no connection to modbus server
[2024-12-26T03:30:43.768Z] Error reading register 6507 for IP 10.30.28.23: no connection to modbus server
[2024-12-26T03:30:43.768Z] Error reading actual data: no connection to modbus server
[2024-12-26T03:30:43.768Z] Error reading or processing Modbus registers: no connection to modbus server
[2024-12-26T03:30:43.769Z] Error writing to Modbus register: no connection to modbus server
[2024-12-26T03:30:44.780Z] Error reading register 6507 for IP 10.30.28.23: no connection to modbus server
[2024-12-26T03:30:44.780Z] Error reading actual data: no connection to modbus server
[2024-12-26T03:30:44.780Z] Error reading or processing Modbus registers: no connection to modbus server
[2024-12-26T03:30:44.780Z] Error writing to Modbus register: no connection to modbus server
[2024-12-26T03:30:45.795Z] Error reading register 6507 for IP 10.30.28.23: no connection to modbus server
[2024-12-26T03:30:45.795Z] Error reading actual data: no connection to modbus server
[2024-12-26T03:30:45.795Z] Error reading or processing Modbus registers: no connection to modbus server
[2024-12-26T03:30:45.795Z] Error writing to Modbus register: no connection to modbus server
[2024-12-26T03:30:46.794Z] Error reading register 6507 for IP 10.30.28.23: no connection to modbus server
[2024-12-26T03:30:46.794Z] Error reading actual data: no connection to modbus server
[2024-12-26T03:30:46.794Z] Error reading or processing Modbus registers: no connection to modbus server
[2024-12-26T03:30:46.795Z] Error writing to Modbus register: no connection to modbus server
[2024-12-26T03:30:47.808Z] Error reading register 6507 for IP 10.30.28.23: no connection to modbus server
[2024-12-26T03:30:47.808Z] Error reading or processing Modbus registers: no connection to modbus server
[2024-12-26T03:30:47.808Z] Error reading actual data: no connection to modbus server
[2024-12-26T03:30:47.808Z] Error writing to Modbus register: no connection to modbus server
[2024-12-26T03:30:48.821Z] Error reading register 6507 for IP 10.30.28.23: no connection to modbus server
[2024-12-26T03:30:48.821Z] Error reading actual data: no connection to modbus server
[2024-12-26T03:30:48.821Z] Error reading or processing Modbus registers: no connection to modbus server
[2024-12-26T03:30:48.822Z] Error writing to Modbus register: no connection to modbus server
[2024-12-26T03:30:49.821Z] Error reading register 6507 for IP 10.30.28.23: no connection to modbus server
[2024-12-26T03:30:49.821Z] Error reading actual data: no connection to modbus server
[2024-12-26T03:30:49.821Z] Error reading or processing Modbus registers: no connection to modbus server
[2024-12-26T03:30:49.822Z] Error writing to Modbus register: no connection to modbus server
[2024-12-26T03:30:50.836Z] Error reading register 6507 for IP 10.30.28.23: no connection to modbus server
[2024-12-26T03:30:50.836Z] Error reading actual data: no connection to modbus server
[2024-12-26T03:30:50.836Z] Error reading or processing Modbus registers: no connection to modbus server
[2024-12-26T03:30:50.837Z] Error writing to Modbus register: no connection to modbus server
[2024-12-26T03:30:51.847Z] Error reading register 6507 for IP 10.30.28.23: no connection to modbus server
[2024-12-26T03:30:51.847Z] Error reading actual data: no connection to modbus server
[2024-12-26T03:30:51.847Z] Error writing to Modbus register: no connection to modbus server
[2024-12-26T03:30:51.847Z] Error reading or processing Modbus registers: no connection to modbus server
[2024-12-26T03:30:52.860Z] Error reading register 6507 for IP 10.30.28.23: no connection to modbus server
[2024-12-26T03:30:52.861Z] Error reading actual data: no connection to modbus server
[2024-12-26T03:30:52.861Z] Error reading or processing Modbus registers: no connection to modbus server
[2024-12-26T03:30:52.862Z] Error writing to Modbus register: no connection to modbus server
[2024-12-26T03:30:53.870Z] Error reading register 6507 for IP 10.30.28.23: no connection to modbus server
[2024-12-26T03:30:53.870Z] Error reading actual data: no connection to modbus server
[2024-12-26T03:30:53.870Z] Error reading or processing Modbus registers: no connection to modbus server
[2024-12-26T03:30:53.870Z] Error writing to Modbus register: no connection to modbus server
[2024-12-26T03:30:54.883Z] Error reading register 6507 for IP 10.30.28.23: no connection to modbus server
[2024-12-26T03:30:54.883Z] Error reading actual data: no connection to modbus server
[2024-12-26T03:30:54.884Z] Error reading or processing Modbus registers: no connection to modbus server
[2024-12-26T03:30:54.884Z] Error writing to Modbus register: no connection to modbus server
[2024-12-26T03:30:55.898Z] Error reading register 6507 for IP 10.30.28.23: no connection to modbus server
[2024-12-26T03:30:55.899Z] Error reading actual data: no connection to modbus server
[2024-12-26T03:30:55.899Z] Error reading or processing Modbus registers: no connection to modbus server
[2024-12-26T03:30:55.900Z] Error writing to Modbus register: no connection to modbus server
[2024-12-26T03:30:56.901Z] Error reading register 6507 for IP 10.30.28.23: no connection to modbus server
[2024-12-26T03:30:56.901Z] Error reading actual data: no connection to modbus server
[2024-12-26T03:30:56.902Z] Error reading or processing Modbus registers: no connection to modbus server
[2024-12-26T03:30:56.902Z] Error writing to Modbus register: no connection to modbus server
[2024-12-26T03:30:57.913Z] Error reading register 6507 for IP 10.30.28.23: no connection to modbus server
[2024-12-26T03:30:57.913Z] Error reading actual data: no connection to modbus server
[2024-12-26T03:30:57.914Z] Error reading or processing Modbus registers: no connection to modbus server
[2024-12-26T03:30:57.914Z] Error writing to Modbus register: no connection to modbus server
[2024-12-26T04:57:49.758Z] Unable to connect to device at 10.30.28.23: read ECONNRESET
[2024-12-26T04:57:50.102Z] Error reading register 6507 for IP 10.30.28.23: no connection to modbus server
[2024-12-26T04:57:50.103Z] Error reading actual data: no connection to modbus server
[2024-12-26T04:57:50.103Z] Error reading or processing Modbus registers: no connection to modbus server
[2024-12-26T04:57:50.103Z] Error writing to Modbus register: no connection to modbus server
[2024-12-26T06:01:12.579Z] Error reading register 6507 for IP 10.30.28.23: no connection to modbus server
[2024-12-26T06:01:12.579Z] Error reading actual data: no connection to modbus server
[2024-12-26T06:01:12.579Z] Error reading or processing Modbus registers: no connection to modbus server
[2024-12-26T06:01:12.580Z] Error writing to Modbus register: no connection to modbus server
[2024-12-26T06:01:14.086Z] Error reading register 6507 for IP 10.30.28.23: no connection to modbus server
[2024-12-26T06:01:14.086Z] Error reading actual data: no connection to modbus server
[2024-12-26T06:01:14.086Z] Error reading or processing Modbus registers: no connection to modbus server
[2024-12-26T06:01:14.087Z] Error writing to Modbus register: no connection to modbus server
[2024-12-26T06:01:14.423Z] Device at 10.30.28.23 is not reachable. Skipping connection attempt.
[2024-12-26T06:01:15.091Z] Error reading register 6507 for IP 10.30.28.23: no connection to modbus server
[2024-12-26T06:01:15.091Z] Error reading actual data: no connection to modbus server
[2024-12-26T06:01:15.092Z] Error reading or processing Modbus registers: no connection to modbus server
[2024-12-26T06:01:15.092Z] Error writing to Modbus register: no connection to modbus server
[2024-12-26T06:01:16.105Z] Error reading register 6507 for IP 10.30.28.23: no connection to modbus server
[2024-12-26T06:01:16.105Z] Error reading actual data: no connection to modbus server
[2024-12-26T06:01:16.105Z] Error reading or processing Modbus registers: no connection to modbus server
[2024-12-26T06:01:16.105Z] Error writing to Modbus register: no connection to modbus server
[2024-12-26T06:01:17.127Z] Error reading register 6507 for IP 10.30.28.23: no connection to modbus server
[2024-12-26T06:01:17.128Z] Error reading actual data: no connection to modbus server
[2024-12-26T06:01:17.128Z] Error reading or processing Modbus registers: no connection to modbus server
[2024-12-26T06:01:17.128Z] Error writing to Modbus register: no connection to modbus server
[2024-12-26T06:01:18.134Z] Error reading register 6507 for IP 10.30.28.23: no connection to modbus server
[2024-12-26T06:01:18.134Z] Error reading actual data: no connection to modbus server
[2024-12-26T06:01:18.135Z] Error reading or processing Modbus registers: no connection to modbus server
[2024-12-26T06:01:18.135Z] Error writing to Modbus register: no connection to modbus server
[2024-12-26T06:01:19.141Z] Error reading register 6507 for IP 10.30.28.23: no connection to modbus server
[2024-12-26T06:01:19.141Z] Error reading actual data: no connection to modbus server
[2024-12-26T06:01:19.141Z] Error reading or processing Modbus registers: no connection to modbus server
[2024-12-26T06:01:19.142Z] Error writing to Modbus register: no connection to modbus server
[2024-12-26T06:01:20.148Z] Error reading register 6507 for IP 10.30.28.23: no connection to modbus server
[2024-12-26T06:01:20.148Z] Error reading actual data: no connection to modbus server
[2024-12-26T06:01:20.148Z] Error reading or processing Modbus registers: no connection to modbus server
[2024-12-26T06:01:20.148Z] Error writing to Modbus register: no connection to modbus server
[2024-12-26T06:01:21.155Z] Error reading register 6507 for IP 10.30.28.23: no connection to modbus server
[2024-12-26T06:01:21.155Z] Error reading actual data: no connection to modbus server
[2024-12-26T06:01:21.156Z] Error reading or processing Modbus registers: no connection to modbus server
[2024-12-26T06:01:21.156Z] Error writing to Modbus register: no connection to modbus server
[2024-12-26T06:01:22.162Z] Error reading actual data: no connection to modbus server
[2024-12-26T06:01:22.162Z] Error reading register 6507 for IP 10.30.28.23: no connection to modbus server
[2024-12-26T06:01:22.162Z] Error reading or processing Modbus registers: no connection to modbus server
[2024-12-26T06:01:22.163Z] Error writing to Modbus register: no connection to modbus server
[2024-12-26T06:01:23.171Z] Error reading register 6507 for IP 10.30.28.23: no connection to modbus server
[2024-12-26T06:01:23.171Z] Error reading actual data: no connection to modbus server
[2024-12-26T06:01:23.171Z] Error reading or processing Modbus registers: no connection to modbus server
[2024-12-26T06:01:23.172Z] Error writing to Modbus register: no connection to modbus server
[2024-12-26T06:01:24.173Z] Error reading register 6507 for IP 10.30.28.23: no connection to modbus server
[2024-12-26T06:01:24.173Z] Error reading actual data: no connection to modbus server
[2024-12-26T06:01:24.173Z] Error reading or processing Modbus registers: no connection to modbus server
[2024-12-26T06:01:24.173Z] Error writing to Modbus register: no connection to modbus server
[2024-12-26T06:01:25.178Z] Error reading register 6507 for IP 10.30.28.23: no connection to modbus server
[2024-12-26T06:01:25.178Z] Error reading actual data: no connection to modbus server
[2024-12-26T06:01:25.178Z] Error reading or processing Modbus registers: no connection to modbus server
[2024-12-26T06:01:25.179Z] Error writing to Modbus register: no connection to modbus server
[2024-12-26T06:01:26.192Z] Error reading register 6507 for IP 10.30.28.23: no connection to modbus server
[2024-12-26T06:01:26.192Z] Error reading actual data: no connection to modbus server
[2024-12-26T06:01:26.192Z] Error reading or processing Modbus registers: no connection to modbus server
[2024-12-26T06:01:26.192Z] Error writing to Modbus register: no connection to modbus server
[2024-12-26T06:01:27.202Z] Error reading register 6507 for IP 10.30.28.23: no connection to modbus server
[2024-12-26T06:01:27.202Z] Error reading actual data: no connection to modbus server
[2024-12-26T06:01:27.203Z] Error reading or processing Modbus registers: no connection to modbus server
[2024-12-26T06:01:27.203Z] Error writing to Modbus register: no connection to modbus server
[2024-12-26T06:01:28.216Z] Error reading register 6507 for IP 10.30.28.23: no connection to modbus server
[2024-12-26T06:01:28.216Z] Error reading actual data: no connection to modbus server
[2024-12-26T06:01:28.216Z] Error reading or processing Modbus registers: no connection to modbus server
[2024-12-26T06:01:28.217Z] Error writing to Modbus register: no connection to modbus server
[2024-12-26T06:01:29.217Z] Error reading register 6507 for IP 10.30.28.23: no connection to modbus server
[2024-12-26T06:01:29.217Z] Error reading actual data: no connection to modbus server
[2024-12-26T06:01:29.217Z] Error reading or processing Modbus registers: no connection to modbus server
[2024-12-26T06:01:29.217Z] Error writing to Modbus register: no connection to modbus server
[2024-12-26T06:01:30.232Z] Error reading register 6507 for IP 10.30.28.23: no connection to modbus server
[2024-12-26T06:01:30.232Z] Error reading actual data: no connection to modbus server
[2024-12-26T06:01:30.232Z] Error reading or processing Modbus registers: no connection to modbus server
[2024-12-26T06:01:30.232Z] Error writing to Modbus register: no connection to modbus server
[2024-12-26T06:01:31.245Z] Error reading register 6507 for IP 10.30.28.23: no connection to modbus server
[2024-12-26T06:01:31.245Z] Error reading actual data: no connection to modbus server
[2024-12-26T06:01:31.246Z] Error reading or processing Modbus registers: no connection to modbus server
[2024-12-26T06:01:31.246Z] Error writing to Modbus register: no connection to modbus server
[2024-12-26T06:01:32.259Z] Error reading register 6507 for IP 10.30.28.23: no connection to modbus server
[2024-12-26T06:01:32.259Z] Error reading actual data: no connection to modbus server
[2024-12-26T06:01:32.259Z] Error reading or processing Modbus registers: no connection to modbus server
[2024-12-26T06:01:32.259Z] Error writing to Modbus register: no connection to modbus server
[2024-12-26T06:01:33.272Z] Error reading register 6507 for IP 10.30.28.23: no connection to modbus server
[2024-12-26T06:01:33.272Z] Error reading or processing Modbus registers: no connection to modbus server
[2024-12-26T06:01:33.272Z] Error reading actual data: no connection to modbus server
[2024-12-26T06:01:33.273Z] Error writing to Modbus register: no connection to modbus server
[2024-12-26T06:01:34.275Z] Error reading register 6507 for IP 10.30.28.23: no connection to modbus server
[2024-12-26T06:01:34.275Z] Error reading actual data: no connection to modbus server
[2024-12-26T06:01:34.275Z] Error reading or processing Modbus registers: no connection to modbus server
[2024-12-26T06:01:34.275Z] Error writing to Modbus register: no connection to modbus server
[2024-12-26T06:01:35.279Z] Error reading register 6507 for IP 10.30.28.23: no connection to modbus server
[2024-12-26T06:01:35.279Z] Error reading actual data: no connection to modbus server
[2024-12-26T06:01:35.280Z] Error reading or processing Modbus registers: no connection to modbus server
[2024-12-26T06:01:35.280Z] Error writing to Modbus register: no connection to modbus server
[2024-12-26T06:01:36.280Z] Error reading register 6507 for IP 10.30.28.23: no connection to modbus server
[2024-12-26T06:01:36.280Z] Error reading actual data: no connection to modbus server
[2024-12-26T06:01:36.280Z] Error reading or processing Modbus registers: no connection to modbus server
[2024-12-26T06:01:36.280Z] Error writing to Modbus register: no connection to modbus server
[2024-12-26T06:01:37.294Z] Error reading register 6507 for IP 10.30.28.23: no connection to modbus server
[2024-12-26T06:01:37.294Z] Error reading actual data: no connection to modbus server
[2024-12-26T06:01:37.294Z] Error reading or processing Modbus registers: no connection to modbus server
[2024-12-26T06:01:37.295Z] Error writing to Modbus register: no connection to modbus server
[2024-12-26T06:01:38.306Z] Error reading register 6507 for IP 10.30.28.23: no connection to modbus server
[2024-12-26T06:01:38.306Z] Error reading actual data: no connection to modbus server
[2024-12-26T06:01:38.306Z] Error reading or processing Modbus registers: no connection to modbus server
[2024-12-26T06:01:38.306Z] Error writing to Modbus register: no connection to modbus server
[2024-12-26T06:01:39.308Z] Error reading register 6507 for IP 10.30.28.23: no connection to modbus server
[2024-12-26T06:01:39.308Z] Error reading actual data: no connection to modbus server
[2024-12-26T06:01:39.309Z] Error reading or processing Modbus registers: no connection to modbus server
[2024-12-26T06:01:39.309Z] Error writing to Modbus register: no connection to modbus server
[2024-12-26T06:01:40.322Z] Error reading register 6507 for IP 10.30.28.23: no connection to modbus server
[2024-12-26T06:01:40.323Z] Error reading actual data: no connection to modbus server
[2024-12-26T06:01:40.323Z] Error reading or processing Modbus registers: no connection to modbus server
[2024-12-26T06:01:40.323Z] Error writing to Modbus register: no connection to modbus server
[2024-12-26T06:01:41.326Z] Error reading register 6507 for IP 10.30.28.23: no connection to modbus server
[2024-12-26T06:01:41.327Z] Error reading actual data: no connection to modbus server
[2024-12-26T06:01:41.327Z] Error reading or processing Modbus registers: no connection to modbus server
[2024-12-26T06:01:41.327Z] Error writing to Modbus register: no connection to modbus server
[2024-12-26T06:01:42.342Z] Error reading register 6507 for IP 10.30.28.23: no connection to modbus server
[2024-12-26T06:01:42.342Z] Error reading actual data: no connection to modbus server
[2024-12-26T06:01:42.342Z] Error reading or processing Modbus registers: no connection to modbus server
[2024-12-26T06:01:42.343Z] Error writing to Modbus register: no connection to modbus server
[2024-12-26T06:01:43.341Z] Error reading register 6507 for IP 10.30.28.23: no connection to modbus server
[2024-12-26T06:01:43.342Z] Error reading actual data: no connection to modbus server
[2024-12-26T06:01:43.342Z] Error reading or processing Modbus registers: no connection to modbus server
[2024-12-26T06:01:43.342Z] Error writing to Modbus register: no connection to modbus server
[2024-12-26T06:01:44.357Z] Error reading register 6507 for IP 10.30.28.23: no connection to modbus server
[2024-12-26T06:01:44.357Z] Error reading actual data: no connection to modbus server
[2024-12-26T06:01:44.357Z] Error reading or processing Modbus registers: no connection to modbus server
[2024-12-26T06:01:44.357Z] Error writing to Modbus register: no connection to modbus server
[2024-12-26T06:01:45.357Z] Error reading register 6507 for IP 10.30.28.23: no connection to modbus server
[2024-12-26T06:01:45.357Z] Error reading actual data: no connection to modbus server
[2024-12-26T06:01:45.357Z] Error reading or processing Modbus registers: no connection to modbus server
[2024-12-26T06:01:45.358Z] Error writing to Modbus register: no connection to modbus server
[2024-12-26T06:01:46.370Z] Error reading register 6507 for IP 10.30.28.23: no connection to modbus server
[2024-12-26T06:01:46.370Z] Error reading actual data: no connection to modbus server
[2024-12-26T06:01:46.370Z] Error reading or processing Modbus registers: no connection to modbus server
[2024-12-26T06:01:46.371Z] Error writing to Modbus register: no connection to modbus server
[2024-12-26T06:01:47.371Z] Error reading register 6507 for IP 10.30.28.23: no connection to modbus server
[2024-12-26T06:01:47.372Z] Error reading actual data: no connection to modbus server
[2024-12-26T06:01:47.372Z] Error reading or processing Modbus registers: no connection to modbus server
[2024-12-26T06:01:47.372Z] Error writing to Modbus register: no connection to modbus server
[2024-12-26T06:01:48.385Z] Error reading register 6507 for IP 10.30.28.23: no connection to modbus server
[2024-12-26T06:01:48.385Z] Error reading actual data: no connection to modbus server
[2024-12-26T06:01:48.385Z] Error reading or processing Modbus registers: no connection to modbus server
[2024-12-26T06:01:48.386Z] Error writing to Modbus register: no connection to modbus server
[2024-12-26T06:01:49.386Z] Error reading register 6507 for IP 10.30.28.23: no connection to modbus server
[2024-12-26T06:01:49.387Z] Error reading actual data: no connection to modbus server
[2024-12-26T06:01:49.387Z] Error reading or processing Modbus registers: no connection to modbus server
[2024-12-26T06:01:49.387Z] Error writing to Modbus register: no connection to modbus server
[2024-12-26T06:01:50.391Z] Error reading actual data: no connection to modbus server
[2024-12-26T06:01:50.390Z] Error reading register 6507 for IP 10.30.28.23: no connection to modbus server
[2024-12-26T06:01:50.391Z] Error reading or processing Modbus registers: no connection to modbus server
[2024-12-26T06:01:50.391Z] Error writing to Modbus register: no connection to modbus server
[2024-12-26T06:01:51.394Z] Error reading register 6507 for IP 10.30.28.23: no connection to modbus server
[2024-12-26T06:01:51.394Z] Error reading actual data: no connection to modbus server
[2024-12-26T06:01:51.394Z] Error reading or processing Modbus registers: no connection to modbus server
[2024-12-26T06:01:51.394Z] Error writing to Modbus register: no connection to modbus server
[2024-12-26T06:01:52.399Z] Error reading register 6507 for IP 10.30.28.23: no connection to modbus server
[2024-12-26T06:01:52.399Z] Error reading actual data: no connection to modbus server
[2024-12-26T06:01:52.400Z] Error reading or processing Modbus registers: no connection to modbus server
[2024-12-26T06:01:52.400Z] Error writing to Modbus register: no connection to modbus server
[2024-12-26T06:01:53.400Z] Error reading register 6507 for IP 10.30.28.23: no connection to modbus server
[2024-12-26T06:01:53.400Z] Error reading actual data: no connection to modbus server
[2024-12-26T06:01:53.401Z] Error reading or processing Modbus registers: no connection to modbus server
[2024-12-26T06:01:53.401Z] Error writing to Modbus register: no connection to modbus server
[2024-12-26T06:01:54.413Z] Error reading register 6507 for IP 10.30.28.23: no connection to modbus server
[2024-12-26T06:01:54.413Z] Error reading actual data: no connection to modbus server
[2024-12-26T06:01:54.414Z] Error reading or processing Modbus registers: no connection to modbus server
[2024-12-26T06:01:54.414Z] Error writing to Modbus register: no connection to modbus server
[2024-12-26T06:01:55.417Z] Error reading register 6507 for IP 10.30.28.23: no connection to modbus server
[2024-12-26T06:01:55.417Z] Error reading actual data: no connection to modbus server
[2024-12-26T06:01:55.417Z] Error reading or processing Modbus registers: no connection to modbus server
[2024-12-26T06:01:55.418Z] Error writing to Modbus register: no connection to modbus server
[2024-12-26T06:01:56.431Z] Error reading register 6507 for IP 10.30.28.23: no connection to modbus server
[2024-12-26T06:01:56.431Z] Error reading actual data: no connection to modbus server
[2024-12-26T06:01:56.432Z] Error reading or processing Modbus registers: no connection to modbus server
[2024-12-26T06:01:56.432Z] Error writing to Modbus register: no connection to modbus server
[2024-12-26T06:01:57.446Z] Error reading register 6507 for IP 10.30.28.23: no connection to modbus server
[2024-12-26T06:01:57.447Z] Error reading actual data: no connection to modbus server
[2024-12-26T06:01:57.447Z] Error reading or processing Modbus registers: no connection to modbus server
[2024-12-26T06:01:57.447Z] Error writing to Modbus register: no connection to modbus server
[2024-12-26T06:01:58.452Z] Error reading register 6507 for IP 10.30.28.23: no connection to modbus server
[2024-12-26T06:01:58.452Z] Error reading actual data: no connection to modbus server
[2024-12-26T06:01:58.453Z] Error reading or processing Modbus registers: no connection to modbus server
[2024-12-26T06:01:58.453Z] Error writing to Modbus register: no connection to modbus server
[2024-12-26T06:01:59.457Z] Error reading register 6507 for IP 10.30.28.23: no connection to modbus server
[2024-12-26T06:01:59.458Z] Error reading actual data: no connection to modbus server
[2024-12-26T06:01:59.458Z] Error reading or processing Modbus registers: no connection to modbus server
[2024-12-26T06:01:59.458Z] Error writing to Modbus register: no connection to modbus server
[2024-12-26T06:02:00.461Z] Error reading register 6507 for IP 10.30.28.23: no connection to modbus server
[2024-12-26T06:02:00.461Z] Error reading or processing Modbus registers: no connection to modbus server
[2024-12-26T06:02:00.461Z] Error reading actual data: no connection to modbus server
[2024-12-26T06:02:00.462Z] Error writing to Modbus register: no connection to modbus server
[2024-12-26T06:02:01.463Z] Error reading register 6507 for IP 10.30.28.23: no connection to modbus server
[2024-12-26T06:02:01.464Z] Error reading actual data: no connection to modbus server
[2024-12-26T06:02:01.464Z] Error reading or processing Modbus registers: no connection to modbus server
[2024-12-26T06:02:01.464Z] Error writing to Modbus register: no connection to modbus server
[2024-12-26T06:02:02.466Z] Error reading register 6507 for IP 10.30.28.23: no connection to modbus server
[2024-12-26T06:02:02.466Z] Error reading actual data: no connection to modbus server
[2024-12-26T06:02:02.466Z] Error reading or processing Modbus registers: no connection to modbus server
[2024-12-26T06:02:02.467Z] Error writing to Modbus register: no connection to modbus server
[2024-12-26T06:02:03.478Z] Error reading register 6507 for IP 10.30.28.23: no connection to modbus server
[2024-12-26T06:02:03.479Z] Error reading actual data: no connection to modbus server
[2024-12-26T06:02:03.479Z] Error reading or processing Modbus registers: no connection to modbus server
[2024-12-26T06:02:03.479Z] Error writing to Modbus register: no connection to modbus server
[2024-12-26T06:02:04.493Z] Error reading register 6507 for IP 10.30.28.23: no connection to modbus server
[2024-12-26T06:02:04.493Z] Error reading actual data: no connection to modbus server
[2024-12-26T06:02:04.493Z] Error reading or processing Modbus registers: no connection to modbus server
[2024-12-26T06:02:04.494Z] Error writing to Modbus register: no connection to modbus server
[2024-12-26T06:02:05.504Z] Error reading register 6507 for IP 10.30.28.23: no connection to modbus server
[2024-12-26T06:02:05.504Z] Error reading actual data: no connection to modbus server
[2024-12-26T06:02:05.505Z] Error reading or processing Modbus registers: no connection to modbus server
[2024-12-26T06:02:05.505Z] Error writing to Modbus register: no connection to modbus server
[2024-12-26T06:02:06.506Z] Error reading register 6507 for IP 10.30.28.23: no connection to modbus server
[2024-12-26T06:02:06.506Z] Error reading actual data: no connection to modbus server
[2024-12-26T06:02:06.506Z] Error reading or processing Modbus registers: no connection to modbus server
[2024-12-26T06:02:06.507Z] Error writing to Modbus register: no connection to modbus server
[2024-12-26T06:02:07.510Z] Error reading register 6507 for IP 10.30.28.23: no connection to modbus server
[2024-12-26T06:02:07.510Z] Error reading actual data: no connection to modbus server
[2024-12-26T06:02:07.511Z] Error reading or processing Modbus registers: no connection to modbus server
[2024-12-26T06:02:07.511Z] Error writing to Modbus register: no connection to modbus server
[2024-12-26T06:02:08.518Z] Error reading register 6507 for IP 10.30.28.23: no connection to modbus server
[2024-12-26T06:02:08.519Z] Error reading actual data: no connection to modbus server
[2024-12-26T06:02:08.519Z] Error reading or processing Modbus registers: no connection to modbus server
[2024-12-26T06:02:08.519Z] Error writing to Modbus register: no connection to modbus server
[2024-12-26T06:02:09.532Z] Error reading register 6507 for IP 10.30.28.23: no connection to modbus server
[2024-12-26T06:02:09.532Z] Error reading actual data: no connection to modbus server
[2024-12-26T06:02:09.532Z] Error reading or processing Modbus registers: no connection to modbus server
[2024-12-26T06:02:09.532Z] Error writing to Modbus register: no connection to modbus server
[2024-12-26T06:02:10.532Z] Error reading register 6507 for IP 10.30.28.23: no connection to modbus server
[2024-12-26T06:02:10.532Z] Error reading actual data: no connection to modbus server
[2024-12-26T06:02:10.532Z] Error reading or processing Modbus registers: no connection to modbus server
[2024-12-26T06:02:10.533Z] Error writing to Modbus register: no connection to modbus server
[2024-12-26T06:02:11.534Z] Error reading actual data: no connection to modbus server
[2024-12-26T06:02:11.534Z] Error reading register 6507 for IP 10.30.28.23: no connection to modbus server
[2024-12-26T06:02:11.535Z] Error reading or processing Modbus registers: no connection to modbus server
[2024-12-26T06:02:11.535Z] Error writing to Modbus register: no connection to modbus server
[2024-12-26T06:02:12.549Z] Error reading register 6507 for IP 10.30.28.23: no connection to modbus server
[2024-12-26T06:02:12.549Z] Error reading actual data: no connection to modbus server
[2024-12-26T06:02:12.550Z] Error reading or processing Modbus registers: no connection to modbus server
[2024-12-26T06:02:12.550Z] Error writing to Modbus register: no connection to modbus server
[2024-12-26T06:02:13.562Z] Error reading register 6507 for IP 10.30.28.23: no connection to modbus server
[2024-12-26T06:02:13.562Z] Error reading actual data: no connection to modbus server
[2024-12-26T06:02:13.563Z] Error writing to Modbus register: no connection to modbus server
[2024-12-26T06:02:13.563Z] Error reading or processing Modbus registers: no connection to modbus server
[2024-12-26T06:02:14.577Z] Error reading register 6507 for IP 10.30.28.23: no connection to modbus server
[2024-12-26T06:02:14.577Z] Error reading actual data: no connection to modbus server
[2024-12-26T06:02:14.577Z] Error reading or processing Modbus registers: no connection to modbus server
[2024-12-26T06:02:14.578Z] Error writing to Modbus register: no connection to modbus server
[2024-12-26T06:02:15.577Z] Error reading register 6507 for IP 10.30.28.23: no connection to modbus server
[2024-12-26T06:02:15.578Z] Error reading actual data: no connection to modbus server
[2024-12-26T06:02:15.578Z] Error reading or processing Modbus registers: no connection to modbus server
[2024-12-26T06:02:15.578Z] Error writing to Modbus register: no connection to modbus server
[2024-12-26T06:02:16.592Z] Error reading register 6507 for IP 10.30.28.23: no connection to modbus server
[2024-12-26T06:02:16.592Z] Error reading actual data: no connection to modbus server
[2024-12-26T06:02:16.592Z] Error reading or processing Modbus registers: no connection to modbus server
[2024-12-26T06:02:16.593Z] Error writing to Modbus register: no connection to modbus server
[2024-12-26T06:02:17.595Z] Error reading actual data: no connection to modbus server
[2024-12-26T06:02:17.594Z] Error reading register 6507 for IP 10.30.28.23: no connection to modbus server
[2024-12-26T06:02:17.595Z] Error reading or processing Modbus registers: no connection to modbus server
[2024-12-26T06:02:17.595Z] Error writing to Modbus register: no connection to modbus server
[2024-12-26T06:02:18.610Z] Error reading actual data: no connection to modbus server
[2024-12-26T06:02:18.609Z] Error reading register 6507 for IP 10.30.28.23: no connection to modbus server
[2024-12-26T06:02:18.610Z] Error reading or processing Modbus registers: no connection to modbus server
[2024-12-26T06:02:18.610Z] Error writing to Modbus register: no connection to modbus server
[2024-12-26T06:02:19.611Z] Error reading register 6507 for IP 10.30.28.23: no connection to modbus server
[2024-12-26T06:02:19.612Z] Error reading actual data: no connection to modbus server
[2024-12-26T06:02:19.612Z] Error reading or processing Modbus registers: no connection to modbus server
[2024-12-26T06:02:19.612Z] Error writing to Modbus register: no connection to modbus server
[2024-12-26T06:02:20.622Z] Error reading register 6507 for IP 10.30.28.23: no connection to modbus server
[2024-12-26T06:02:20.622Z] Error reading actual data: no connection to modbus server
[2024-12-26T06:02:20.622Z] Error reading or processing Modbus registers: no connection to modbus server
[2024-12-26T06:02:20.622Z] Error writing to Modbus register: no connection to modbus server
[2024-12-26T06:02:21.637Z] Error reading register 6507 for IP 10.30.28.23: no connection to modbus server
[2024-12-26T06:02:21.637Z] Error reading actual data: no connection to modbus server
[2024-12-26T06:02:21.638Z] Error reading or processing Modbus registers: no connection to modbus server
[2024-12-26T06:02:21.638Z] Error writing to Modbus register: no connection to modbus server
[2024-12-26T06:02:22.640Z] Error reading register 6507 for IP 10.30.28.23: no connection to modbus server
[2024-12-26T06:02:22.640Z] Error reading actual data: no connection to modbus server
[2024-12-26T06:02:22.640Z] Error reading or processing Modbus registers: no connection to modbus server
[2024-12-26T06:02:22.640Z] Error writing to Modbus register: no connection to modbus server
[2024-12-26T06:02:23.639Z] Error reading register 6507 for IP 10.30.28.23: no connection to modbus server
[2024-12-26T06:02:23.639Z] Error reading actual data: no connection to modbus server
[2024-12-26T06:02:23.640Z] Error reading or processing Modbus registers: no connection to modbus server
[2024-12-26T06:02:23.640Z] Error writing to Modbus register: no connection to modbus server
[2024-12-26T06:02:24.653Z] Error reading actual data: no connection to modbus server
[2024-12-26T06:02:24.653Z] Error reading register 6507 for IP 10.30.28.23: no connection to modbus server
[2024-12-26T06:02:24.653Z] Error reading or processing Modbus registers: no connection to modbus server
[2024-12-26T06:02:24.654Z] Error writing to Modbus register: no connection to modbus server
[2024-12-26T06:02:25.654Z] Error reading register 6507 for IP 10.30.28.23: no connection to modbus server
[2024-12-26T06:02:25.655Z] Error reading actual data: no connection to modbus server
[2024-12-26T06:02:25.655Z] Error writing to Modbus register: no connection to modbus server
[2024-12-26T06:02:25.655Z] Error reading or processing Modbus registers: no connection to modbus server
[2024-12-26T06:02:26.668Z] Error reading register 6507 for IP 10.30.28.23: no connection to modbus server
[2024-12-26T06:02:26.668Z] Error reading actual data: no connection to modbus server
[2024-12-26T06:02:26.669Z] Error reading or processing Modbus registers: no connection to modbus server
[2024-12-26T06:02:26.669Z] Error writing to Modbus register: no connection to modbus server
[2024-12-26T06:02:27.682Z] Error reading register 6507 for IP 10.30.28.23: no connection to modbus server
[2024-12-26T06:02:27.682Z] Error reading actual data: no connection to modbus server
[2024-12-26T06:02:27.683Z] Error reading or processing Modbus registers: no connection to modbus server
[2024-12-26T06:02:27.683Z] Error writing to Modbus register: no connection to modbus server
[2024-12-26T06:02:28.688Z] Error reading register 6507 for IP 10.30.28.23: no connection to modbus server
[2024-12-26T06:02:28.689Z] Error reading actual data: no connection to modbus server
[2024-12-26T06:02:28.689Z] Error reading or processing Modbus registers: no connection to modbus server
[2024-12-26T06:02:28.689Z] Error writing to Modbus register: no connection to modbus server
[2024-12-26T06:02:29.691Z] Error reading register 6507 for IP 10.30.28.23: no connection to modbus server
[2024-12-26T06:02:29.692Z] Error reading actual data: no connection to modbus server
[2024-12-26T06:02:29.692Z] Error reading or processing Modbus registers: no connection to modbus server
[2024-12-26T06:02:29.692Z] Error writing to Modbus register: no connection to modbus server
[2024-12-26T06:02:30.692Z] Error reading register 6507 for IP 10.30.28.23: no connection to modbus server
[2024-12-26T06:02:30.692Z] Error reading actual data: no connection to modbus server
[2024-12-26T06:02:30.692Z] Error reading or processing Modbus registers: no connection to modbus server
[2024-12-26T06:02:30.692Z] Error writing to Modbus register: no connection to modbus server
[2024-12-26T06:02:31.707Z] Error reading register 6507 for IP 10.30.28.23: no connection to modbus server
[2024-12-26T06:02:31.707Z] Error reading actual data: no connection to modbus server
[2024-12-26T06:02:31.708Z] Error reading or processing Modbus registers: no connection to modbus server
[2024-12-26T06:02:31.708Z] Error writing to Modbus register: no connection to modbus server
[2024-12-26T06:02:32.720Z] Error reading register 6507 for IP 10.30.28.23: no connection to modbus server
[2024-12-26T06:02:32.720Z] Error reading actual data: no connection to modbus server
[2024-12-26T06:02:32.721Z] Error reading or processing Modbus registers: no connection to modbus server
[2024-12-26T06:02:32.721Z] Error writing to Modbus register: no connection to modbus server
[2024-12-26T06:02:33.725Z] Error reading register 6507 for IP 10.30.28.23: no connection to modbus server
[2024-12-26T06:02:33.725Z] Error reading or processing Modbus registers: no connection to modbus server
[2024-12-26T06:02:33.725Z] Error reading actual data: no connection to modbus server
[2024-12-26T06:02:33.726Z] Error writing to Modbus register: no connection to modbus server
[2024-12-26T06:02:34.739Z] Error reading register 6507 for IP 10.30.28.23: no connection to modbus server
[2024-12-26T06:02:34.740Z] Error reading actual data: no connection to modbus server
[2024-12-26T06:02:34.740Z] Error reading or processing Modbus registers: no connection to modbus server
[2024-12-26T06:02:34.740Z] Error writing to Modbus register: no connection to modbus server
[2024-12-26T06:02:35.755Z] Error reading register 6507 for IP 10.30.28.23: no connection to modbus server
[2024-12-26T06:02:35.755Z] Error reading actual data: no connection to modbus server
[2024-12-26T06:02:35.755Z] Error reading or processing Modbus registers: no connection to modbus server
[2024-12-26T06:02:35.756Z] Error writing to Modbus register: no connection to modbus server
[2024-12-26T06:02:36.756Z] Error reading register 6507 for IP 10.30.28.23: no connection to modbus server
[2024-12-26T06:02:36.757Z] Error reading or processing Modbus registers: no connection to modbus server
[2024-12-26T06:02:36.756Z] Error reading actual data: no connection to modbus server
[2024-12-26T06:02:36.757Z] Error writing to Modbus register: no connection to modbus server
[2024-12-26T06:02:37.771Z] Error reading register 6507 for IP 10.30.28.23: no connection to modbus server
[2024-12-26T06:02:37.771Z] Error reading or processing Modbus registers: no connection to modbus server
[2024-12-26T06:02:37.771Z] Error reading actual data: no connection to modbus server
[2024-12-26T06:02:37.772Z] Error writing to Modbus register: no connection to modbus server
[2024-12-26T06:02:38.785Z] Error reading register 6507 for IP 10.30.28.23: no connection to modbus server
[2024-12-26T06:02:38.785Z] Error reading actual data: no connection to modbus server
[2024-12-26T06:02:38.785Z] Error reading or processing Modbus registers: no connection to modbus server
[2024-12-26T06:02:38.785Z] Error writing to Modbus register: no connection to modbus server
[2024-12-26T06:02:39.787Z] Error reading register 6507 for IP 10.30.28.23: no connection to modbus server
[2024-12-26T06:02:39.787Z] Error reading actual data: no connection to modbus server
[2024-12-26T06:02:39.787Z] Error reading or processing Modbus registers: no connection to modbus server
[2024-12-26T06:02:39.787Z] Error writing to Modbus register: no connection to modbus server
[2024-12-26T06:02:40.801Z] Error reading register 6507 for IP 10.30.28.23: no connection to modbus server
[2024-12-26T06:02:40.801Z] Error reading actual data: no connection to modbus server
[2024-12-26T06:02:40.801Z] Error reading or processing Modbus registers: no connection to modbus server
[2024-12-26T06:02:40.801Z] Error writing to Modbus register: no connection to modbus server
[2024-12-26T06:02:41.813Z] Error reading register 6507 for IP 10.30.28.23: no connection to modbus server
[2024-12-26T06:02:41.813Z] Error reading actual data: no connection to modbus server
[2024-12-26T06:02:41.814Z] Error writing to Modbus register: no connection to modbus server
[2024-12-26T06:02:41.814Z] Error reading or processing Modbus registers: no connection to modbus server
[2024-12-26T06:02:42.827Z] Error reading register 6507 for IP 10.30.28.23: no connection to modbus server
[2024-12-26T06:02:42.827Z] Error reading actual data: no connection to modbus server
[2024-12-26T06:02:42.828Z] Error reading or processing Modbus registers: no connection to modbus server
[2024-12-26T06:02:42.828Z] Error writing to Modbus register: no connection to modbus server
[2024-12-26T06:02:43.839Z] Error reading register 6507 for IP 10.30.28.23: no connection to modbus server
[2024-12-26T06:02:43.839Z] Error reading actual data: no connection to modbus server
[2024-12-26T06:02:43.839Z] Error reading or processing Modbus registers: no connection to modbus server
[2024-12-26T06:02:43.839Z] Error writing to Modbus register: no connection to modbus server
[2024-12-26T06:02:44.839Z] Error reading register 6507 for IP 10.30.28.23: no connection to modbus server
[2024-12-26T06:02:44.840Z] Error reading actual data: no connection to modbus server
[2024-12-26T06:02:44.840Z] Error reading or processing Modbus registers: no connection to modbus server
[2024-12-26T06:02:44.840Z] Error writing to Modbus register: no connection to modbus server
[2024-12-26T06:02:45.849Z] Error reading register 6507 for IP 10.30.28.23: no connection to modbus server
[2024-12-26T06:02:45.849Z] Error reading actual data: no connection to modbus server
[2024-12-26T06:02:45.849Z] Error reading or processing Modbus registers: no connection to modbus server
[2024-12-26T06:02:45.850Z] Error writing to Modbus register: no connection to modbus server
[2024-12-26T06:02:46.856Z] Error reading register 6507 for IP 10.30.28.23: no connection to modbus server
[2024-12-26T06:02:46.856Z] Error reading actual data: no connection to modbus server
[2024-12-26T06:02:46.856Z] Error reading or processing Modbus registers: no connection to modbus server
[2024-12-26T06:02:46.857Z] Error writing to Modbus register: no connection to modbus server
[2024-12-26T06:02:47.859Z] Error reading register 6507 for IP 10.30.28.23: no connection to modbus server
[2024-12-26T06:02:47.859Z] Error reading actual data: no connection to modbus server
[2024-12-26T06:02:47.859Z] Error reading or processing Modbus registers: no connection to modbus server
[2024-12-26T06:02:47.859Z] Error writing to Modbus register: no connection to modbus server
[2024-12-26T06:02:48.871Z] Error reading register 6507 for IP 10.30.28.23: no connection to modbus server
[2024-12-26T06:02:48.871Z] Error reading actual data: no connection to modbus server
[2024-12-26T06:02:48.872Z] Error writing to Modbus register: no connection to modbus server
[2024-12-26T06:02:48.871Z] Error reading or processing Modbus registers: no connection to modbus server
[2024-12-26T06:02:49.871Z] Error reading register 6507 for IP 10.30.28.23: no connection to modbus server
[2024-12-26T06:02:49.871Z] Error reading actual data: no connection to modbus server
[2024-12-26T06:02:49.872Z] Error reading or processing Modbus registers: no connection to modbus server
[2024-12-26T06:02:49.872Z] Error writing to Modbus register: no connection to modbus server
[2024-12-26T06:02:50.876Z] Error reading register 6507 for IP 10.30.28.23: no connection to modbus server
[2024-12-26T06:02:50.876Z] Error reading actual data: no connection to modbus server
[2024-12-26T06:02:50.876Z] Error reading or processing Modbus registers: no connection to modbus server
[2024-12-26T06:02:50.876Z] Error writing to Modbus register: no connection to modbus server
[2024-12-26T06:02:51.876Z] Error reading register 6507 for IP 10.30.28.23: no connection to modbus server
[2024-12-26T06:02:51.876Z] Error reading actual data: no connection to modbus server
[2024-12-26T06:02:51.877Z] Error reading or processing Modbus registers: no connection to modbus server
[2024-12-26T06:02:51.877Z] Error writing to Modbus register: no connection to modbus server
[2024-12-26T06:02:52.877Z] Error reading register 6507 for IP 10.30.28.23: no connection to modbus server
[2024-12-26T06:02:52.878Z] Error reading actual data: no connection to modbus server
[2024-12-26T06:02:52.878Z] Error reading or processing Modbus registers: no connection to modbus server
[2024-12-26T06:02:52.878Z] Error writing to Modbus register: no connection to modbus server
[2024-12-26T06:02:53.879Z] Error reading register 6507 for IP 10.30.28.23: no connection to modbus server
[2024-12-26T06:02:53.879Z] Error reading or processing Modbus registers: no connection to modbus server
[2024-12-26T06:02:53.879Z] Error reading actual data: no connection to modbus server
[2024-12-26T06:02:53.880Z] Error writing to Modbus register: no connection to modbus server
[2024-12-26T06:02:54.879Z] Error reading register 6507 for IP 10.30.28.23: no connection to modbus server
[2024-12-26T06:02:54.879Z] Error reading actual data: no connection to modbus server
[2024-12-26T06:02:54.879Z] Error reading or processing Modbus registers: no connection to modbus server
[2024-12-26T06:02:54.880Z] Error writing to Modbus register: no connection to modbus server
[2024-12-26T06:02:55.882Z] Error reading register 6507 for IP 10.30.28.23: no connection to modbus server
[2024-12-26T06:02:55.882Z] Error reading actual data: no connection to modbus server
[2024-12-26T06:02:55.882Z] Error reading or processing Modbus registers: no connection to modbus server
[2024-12-26T06:02:55.882Z] Error writing to Modbus register: no connection to modbus server
[2024-12-26T06:02:56.895Z] Error reading register 6507 for IP 10.30.28.23: no connection to modbus server
[2024-12-26T06:02:56.895Z] Error reading actual data: no connection to modbus server
[2024-12-26T06:02:56.895Z] Error reading or processing Modbus registers: no connection to modbus server
[2024-12-26T06:02:56.896Z] Error writing to Modbus register: no connection to modbus server
[2024-12-26T06:02:57.900Z] Error reading register 6507 for IP 10.30.28.23: no connection to modbus server
[2024-12-26T06:02:57.900Z] Error reading actual data: no connection to modbus server
[2024-12-26T06:02:57.900Z] Error reading or processing Modbus registers: no connection to modbus server
[2024-12-26T06:02:57.900Z] Error writing to Modbus register: no connection to modbus server
[2024-12-26T06:02:58.907Z] Error reading register 6507 for IP 10.30.28.23: no connection to modbus server
[2024-12-26T06:02:58.907Z] Error reading actual data: no connection to modbus server
[2024-12-26T06:02:58.907Z] Error reading or processing Modbus registers: no connection to modbus server
[2024-12-26T06:02:58.908Z] Error writing to Modbus register: no connection to modbus server
[2024-12-26T06:02:59.912Z] Error reading register 6507 for IP 10.30.28.23: no connection to modbus server
[2024-12-26T06:02:59.912Z] Error reading actual data: no connection to modbus server
[2024-12-26T06:02:59.912Z] Error reading or processing Modbus registers: no connection to modbus server
[2024-12-26T06:02:59.913Z] Error writing to Modbus register: no connection to modbus server
[2024-12-26T06:03:00.912Z] Error reading register 6507 for IP 10.30.28.23: no connection to modbus server
[2024-12-26T06:03:00.912Z] Error reading actual data: no connection to modbus server
[2024-12-26T06:03:00.912Z] Error reading or processing Modbus registers: no connection to modbus server
[2024-12-26T06:03:00.913Z] Error writing to Modbus register: no connection to modbus server
[2024-12-26T06:03:01.919Z] Error reading register 6507 for IP 10.30.28.23: no connection to modbus server
[2024-12-26T06:03:01.919Z] Error reading actual data: no connection to modbus server
[2024-12-26T06:03:01.919Z] Error reading or processing Modbus registers: no connection to modbus server
[2024-12-26T06:03:01.920Z] Error writing to Modbus register: no connection to modbus server
[2024-12-26T06:03:02.922Z] Error reading register 6507 for IP 10.30.28.23: no connection to modbus server
[2024-12-26T06:03:02.922Z] Error reading actual data: no connection to modbus server
[2024-12-26T06:03:02.922Z] Error reading or processing Modbus registers: no connection to modbus server
[2024-12-26T06:03:02.922Z] Error writing to Modbus register: no connection to modbus server
[2024-12-26T06:03:03.926Z] Error reading register 6507 for IP 10.30.28.23: no connection to modbus server
[2024-12-26T06:03:03.927Z] Error reading or processing Modbus registers: no connection to modbus server
[2024-12-26T06:03:03.927Z] Error writing to Modbus register: no connection to modbus server
[2024-12-26T06:03:03.926Z] Error reading actual data: no connection to modbus server
[2024-12-26T06:03:04.928Z] Error reading register 6507 for IP 10.30.28.23: no connection to modbus server
[2024-12-26T06:03:04.929Z] Error reading actual data: no connection to modbus server
[2024-12-26T06:03:04.929Z] Error reading or processing Modbus registers: no connection to modbus server
[2024-12-26T06:03:04.929Z] Error writing to Modbus register: no connection to modbus server
[2024-12-26T06:03:05.930Z] Error reading register 6507 for IP 10.30.28.23: no connection to modbus server
[2024-12-26T06:03:05.931Z] Error reading actual data: no connection to modbus server
[2024-12-26T06:03:05.931Z] Error reading or processing Modbus registers: no connection to modbus server
[2024-12-26T06:03:05.931Z] Error writing to Modbus register: no connection to modbus server
[2024-12-26T06:03:06.930Z] Error reading register 6507 for IP 10.30.28.23: no connection to modbus server
[2024-12-26T06:03:06.931Z] Error reading actual data: no connection to modbus server
[2024-12-26T06:03:06.931Z] Error reading or processing Modbus registers: no connection to modbus server
[2024-12-26T06:03:06.931Z] Error writing to Modbus register: no connection to modbus server
[2024-12-26T06:03:07.933Z] Error reading register 6507 for IP 10.30.28.23: no connection to modbus server
[2024-12-26T06:03:07.933Z] Error reading actual data: no connection to modbus server
[2024-12-26T06:03:07.933Z] Error reading or processing Modbus registers: no connection to modbus server
[2024-12-26T06:03:07.933Z] Error writing to Modbus register: no connection to modbus server
[2024-12-26T06:03:08.939Z] Error reading register 6507 for IP 10.30.28.23: no connection to modbus server
[2024-12-26T06:03:08.939Z] Error reading actual data: no connection to modbus server
[2024-12-26T06:03:08.939Z] Error reading or processing Modbus registers: no connection to modbus server
[2024-12-26T06:03:08.940Z] Error writing to Modbus register: no connection to modbus server
[2024-12-26T06:03:09.943Z] Error reading register 6507 for IP 10.30.28.23: no connection to modbus server
[2024-12-26T06:03:09.943Z] Error reading actual data: no connection to modbus server
[2024-12-26T06:03:09.943Z] Error reading or processing Modbus registers: no connection to modbus server
[2024-12-26T06:03:09.943Z] Error writing to Modbus register: no connection to modbus server
[2024-12-26T06:03:10.946Z] Error reading register 6507 for IP 10.30.28.23: no connection to modbus server
[2024-12-26T06:03:10.946Z] Error reading actual data: no connection to modbus server
[2024-12-26T06:03:10.946Z] Error reading or processing Modbus registers: no connection to modbus server
[2024-12-26T06:03:10.947Z] Error writing to Modbus register: no connection to modbus server
[2024-12-26T06:03:11.949Z] Error reading register 6507 for IP 10.30.28.23: no connection to modbus server
[2024-12-26T06:03:11.949Z] Error reading actual data: no connection to modbus server
[2024-12-26T06:03:11.949Z] Error reading or processing Modbus registers: no connection to modbus server
[2024-12-26T06:03:11.950Z] Error writing to Modbus register: no connection to modbus server
[2024-12-26T06:03:12.949Z] Error reading register 6507 for IP 10.30.28.23: no connection to modbus server
[2024-12-26T06:03:12.949Z] Error reading actual data: no connection to modbus server
[2024-12-26T06:03:12.949Z] Error reading or processing Modbus registers: no connection to modbus server
[2024-12-26T06:03:12.949Z] Error writing to Modbus register: no connection to modbus server
[2024-12-26T06:03:13.953Z] Error reading register 6507 for IP 10.30.28.23: no connection to modbus server
[2024-12-26T06:03:13.953Z] Error reading actual data: no connection to modbus server
[2024-12-26T06:03:13.954Z] Error reading or processing Modbus registers: no connection to modbus server
[2024-12-26T06:03:13.954Z] Error writing to Modbus register: no connection to modbus server
[2024-12-26T06:03:14.958Z] Error reading actual data: no connection to modbus server
[2024-12-26T06:03:14.958Z] Error reading register 6507 for IP 10.30.28.23: no connection to modbus server
[2024-12-26T06:03:14.958Z] Error reading or processing Modbus registers: no connection to modbus server
[2024-12-26T06:03:14.958Z] Error writing to Modbus register: no connection to modbus server
[2024-12-26T06:03:15.962Z] Error reading register 6507 for IP 10.30.28.23: no connection to modbus server
[2024-12-26T06:03:15.962Z] Error reading actual data: no connection to modbus server
[2024-12-26T06:03:15.963Z] Error reading or processing Modbus registers: no connection to modbus server
[2024-12-26T06:03:15.963Z] Error writing to Modbus register: no connection to modbus server
[2024-12-26T06:03:16.967Z] Error reading register 6507 for IP 10.30.28.23: no connection to modbus server
[2024-12-26T06:03:16.967Z] Error reading actual data: no connection to modbus server
[2024-12-26T06:03:16.967Z] Error reading or processing Modbus registers: no connection to modbus server
[2024-12-26T06:03:16.968Z] Error writing to Modbus register: no connection to modbus server
[2024-12-26T06:03:17.972Z] Error reading register 6507 for IP 10.30.28.23: no connection to modbus server
[2024-12-26T06:03:17.972Z] Error reading actual data: no connection to modbus server
[2024-12-26T06:03:17.972Z] Error reading or processing Modbus registers: no connection to modbus server
[2024-12-26T06:03:17.973Z] Error writing to Modbus register: no connection to modbus server
[2024-12-26T06:03:18.972Z] Error reading register 6507 for IP 10.30.28.23: no connection to modbus server
[2024-12-26T06:03:18.973Z] Error reading actual data: no connection to modbus server
[2024-12-26T06:03:18.973Z] Error reading or processing Modbus registers: no connection to modbus server
[2024-12-26T06:03:18.973Z] Error writing to Modbus register: no connection to modbus server
[2024-12-26T06:03:19.976Z] Error reading register 6507 for IP 10.30.28.23: no connection to modbus server
[2024-12-26T06:03:19.976Z] Error reading actual data: no connection to modbus server
[2024-12-26T06:03:19.976Z] Error reading or processing Modbus registers: no connection to modbus server
[2024-12-26T06:03:19.976Z] Error writing to Modbus register: no connection to modbus server
[2024-12-26T06:03:20.978Z] Error reading register 6507 for IP 10.30.28.23: no connection to modbus server
[2024-12-26T06:03:20.978Z] Error reading actual data: no connection to modbus server
[2024-12-26T06:03:20.978Z] Error reading or processing Modbus registers: no connection to modbus server
[2024-12-26T06:03:20.979Z] Error writing to Modbus register: no connection to modbus server
[2024-12-26T06:03:21.981Z] Error reading register 6507 for IP 10.30.28.23: no connection to modbus server
[2024-12-26T06:03:21.981Z] Error reading actual data: no connection to modbus server
[2024-12-26T06:03:21.981Z] Error reading or processing Modbus registers: no connection to modbus server
[2024-12-26T06:03:21.982Z] Error writing to Modbus register: no connection to modbus server
[2024-12-26T06:03:22.995Z] Error reading register 6507 for IP 10.30.28.23: no connection to modbus server
[2024-12-26T06:03:22.995Z] Error reading actual data: no connection to modbus server
[2024-12-26T06:03:22.995Z] Error reading or processing Modbus registers: no connection to modbus server
[2024-12-26T06:03:22.996Z] Error writing to Modbus register: no connection to modbus server
[2024-12-26T06:03:23.997Z] Error reading register 6507 for IP 10.30.28.23: no connection to modbus server
[2024-12-26T06:03:23.997Z] Error reading actual data: no connection to modbus server
[2024-12-26T06:03:23.997Z] Error reading or processing Modbus registers: no connection to modbus server
[2024-12-26T06:03:23.997Z] Error writing to Modbus register: no connection to modbus server
[2024-12-26T06:03:25.002Z] Error reading register 6507 for IP 10.30.28.23: no connection to modbus server
[2024-12-26T06:03:25.002Z] Error reading actual data: no connection to modbus server
[2024-12-26T06:03:25.002Z] Error reading or processing Modbus registers: no connection to modbus server
[2024-12-26T06:03:25.003Z] Error writing to Modbus register: no connection to modbus server
[2024-12-26T06:03:26.007Z] Error reading register 6507 for IP 10.30.28.23: no connection to modbus server
[2024-12-26T06:03:26.008Z] Error reading actual data: no connection to modbus server
[2024-12-26T06:03:26.008Z] Error reading or processing Modbus registers: no connection to modbus server
[2024-12-26T06:03:26.008Z] Error writing to Modbus register: no connection to modbus server
[2024-12-26T06:03:27.010Z] Error reading register 6507 for IP 10.30.28.23: no connection to modbus server
[2024-12-26T06:03:27.010Z] Error reading actual data: no connection to modbus server
[2024-12-26T06:03:27.010Z] Error reading or processing Modbus registers: no connection to modbus server
[2024-12-26T06:03:27.010Z] Error writing to Modbus register: no connection to modbus server
[2024-12-26T06:03:28.015Z] Error reading register 6507 for IP 10.30.28.23: no connection to modbus server
[2024-12-26T06:03:28.015Z] Error reading actual data: no connection to modbus server
[2024-12-26T06:03:28.015Z] Error reading or processing Modbus registers: no connection to modbus server
[2024-12-26T06:03:28.016Z] Error writing to Modbus register: no connection to modbus server
[2024-12-26T06:03:29.031Z] Error reading register 6507 for IP 10.30.28.23: no connection to modbus server
[2024-12-26T06:03:29.031Z] Error reading actual data: no connection to modbus server
[2024-12-26T06:03:29.031Z] Error reading or processing Modbus registers: no connection to modbus server
[2024-12-26T06:03:29.031Z] Error writing to Modbus register: no connection to modbus server
[2024-12-26T06:03:30.033Z] Error reading register 6507 for IP 10.30.28.23: no connection to modbus server
[2024-12-26T06:03:30.033Z] Error reading actual data: no connection to modbus server
[2024-12-26T06:03:30.033Z] Error reading or processing Modbus registers: no connection to modbus server
[2024-12-26T06:03:30.033Z] Error writing to Modbus register: no connection to modbus server
[2024-12-26T06:03:31.037Z] Error reading register 6507 for IP 10.30.28.23: no connection to modbus server
[2024-12-26T06:03:31.037Z] Error reading actual data: no connection to modbus server
[2024-12-26T06:03:31.038Z] Error reading or processing Modbus registers: no connection to modbus server
[2024-12-26T06:03:31.038Z] Error writing to Modbus register: no connection to modbus server
[2024-12-26T06:03:32.041Z] Error reading actual data: no connection to modbus server
[2024-12-26T06:03:32.041Z] Error reading register 6507 for IP 10.30.28.23: no connection to modbus server
[2024-12-26T06:03:32.042Z] Error reading or processing Modbus registers: no connection to modbus server
[2024-12-26T06:03:32.042Z] Error writing to Modbus register: no connection to modbus server
[2024-12-26T06:03:33.041Z] Error reading register 6507 for IP 10.30.28.23: no connection to modbus server
[2024-12-26T06:03:33.041Z] Error reading actual data: no connection to modbus server
[2024-12-26T06:03:33.041Z] Error reading or processing Modbus registers: no connection to modbus server
[2024-12-26T06:03:33.042Z] Error writing to Modbus register: no connection to modbus server
[2024-12-26T06:03:34.045Z] Error reading register 6507 for IP 10.30.28.23: no connection to modbus server
[2024-12-26T06:03:34.045Z] Error reading actual data: no connection to modbus server
[2024-12-26T06:03:34.045Z] Error reading or processing Modbus registers: no connection to modbus server
[2024-12-26T06:03:34.046Z] Error writing to Modbus register: no connection to modbus server
[2024-12-26T06:03:35.059Z] Error reading register 6507 for IP 10.30.28.23: no connection to modbus server
[2024-12-26T06:03:35.059Z] Error reading actual data: no connection to modbus server
[2024-12-26T06:03:35.059Z] Error reading or processing Modbus registers: no connection to modbus server
[2024-12-26T06:03:35.059Z] Error writing to Modbus register: no connection to modbus server
[2024-12-26T06:03:36.061Z] Error reading register 6507 for IP 10.30.28.23: no connection to modbus server
[2024-12-26T06:03:36.062Z] Error reading actual data: no connection to modbus server
[2024-12-26T06:03:36.062Z] Error reading or processing Modbus registers: no connection to modbus server
[2024-12-26T06:03:36.062Z] Error writing to Modbus register: no connection to modbus server
[2024-12-26T06:03:37.063Z] Error reading register 6507 for IP 10.30.28.23: no connection to modbus server
[2024-12-26T06:03:37.063Z] Error reading actual data: no connection to modbus server
[2024-12-26T06:03:37.063Z] Error reading or processing Modbus registers: no connection to modbus server
[2024-12-26T06:03:37.064Z] Error writing to Modbus register: no connection to modbus server
[2024-12-26T06:03:38.078Z] Error reading register 6507 for IP 10.30.28.23: no connection to modbus server
[2024-12-26T06:03:38.078Z] Error reading actual data: no connection to modbus server
[2024-12-26T06:03:38.079Z] Error reading or processing Modbus registers: no connection to modbus server
[2024-12-26T06:03:38.079Z] Error writing to Modbus register: no connection to modbus server
[2024-12-26T06:03:39.084Z] Error reading register 6507 for IP 10.30.28.23: no connection to modbus server
[2024-12-26T06:03:39.084Z] Error reading actual data: no connection to modbus server
[2024-12-26T06:03:39.084Z] Error reading or processing Modbus registers: no connection to modbus server
[2024-12-26T06:03:39.085Z] Error writing to Modbus register: no connection to modbus server
[2024-12-26T06:03:40.091Z] Error reading register 6507 for IP 10.30.28.23: no connection to modbus server
[2024-12-26T06:03:40.091Z] Error reading actual data: no connection to modbus server
[2024-12-26T06:03:40.091Z] Error reading or processing Modbus registers: no connection to modbus server
[2024-12-26T06:03:40.091Z] Error writing to Modbus register: no connection to modbus server
[2024-12-26T06:03:41.093Z] Error reading register 6507 for IP 10.30.28.23: no connection to modbus server
[2024-12-26T06:03:41.093Z] Error reading actual data: no connection to modbus server
[2024-12-26T06:03:41.093Z] Error reading or processing Modbus registers: no connection to modbus server
[2024-12-26T06:03:41.094Z] Error writing to Modbus register: no connection to modbus server
[2024-12-26T06:03:42.096Z] Error reading register 6507 for IP 10.30.28.23: no connection to modbus server
[2024-12-26T06:03:42.096Z] Error reading actual data: no connection to modbus server
[2024-12-26T06:03:42.097Z] Error reading or processing Modbus registers: no connection to modbus server
[2024-12-26T06:03:42.097Z] Error writing to Modbus register: no connection to modbus server
[2024-12-26T06:03:43.110Z] Error reading register 6507 for IP 10.30.28.23: no connection to modbus server
[2024-12-26T06:03:43.110Z] Error reading actual data: no connection to modbus server
[2024-12-26T06:03:43.110Z] Error reading or processing Modbus registers: no connection to modbus server
[2024-12-26T06:03:43.111Z] Error writing to Modbus register: no connection to modbus server
[2024-12-26T06:03:44.110Z] Error reading register 6507 for IP 10.30.28.23: no connection to modbus server
[2024-12-26T06:03:44.110Z] Error reading actual data: no connection to modbus server
[2024-12-26T06:03:44.110Z] Error reading or processing Modbus registers: no connection to modbus server
[2024-12-26T06:03:44.111Z] Error writing to Modbus register: no connection to modbus server
[2024-12-26T06:03:45.111Z] Error reading register 6507 for IP 10.30.28.23: no connection to modbus server
[2024-12-26T06:03:45.111Z] Error reading actual data: no connection to modbus server
[2024-12-26T06:03:45.112Z] Error reading or processing Modbus registers: no connection to modbus server
[2024-12-26T06:03:45.112Z] Error writing to Modbus register: no connection to modbus server
[2024-12-26T06:03:46.111Z] Error reading register 6507 for IP 10.30.28.23: no connection to modbus server
[2024-12-26T06:03:46.111Z] Error reading actual data: no connection to modbus server
[2024-12-26T06:03:46.112Z] Error reading or processing Modbus registers: no connection to modbus server
[2024-12-26T06:03:46.112Z] Error writing to Modbus register: no connection to modbus server
[2024-12-26T06:03:47.112Z] Error reading register 6507 for IP 10.30.28.23: no connection to modbus server
[2024-12-26T06:03:47.112Z] Error reading actual data: no connection to modbus server
[2024-12-26T06:03:47.112Z] Error reading or processing Modbus registers: no connection to modbus server
[2024-12-26T06:03:47.113Z] Error writing to Modbus register: no connection to modbus server
[2024-12-26T06:03:48.114Z] Error reading register 6507 for IP 10.30.28.23: no connection to modbus server
[2024-12-26T06:03:48.114Z] Error reading actual data: no connection to modbus server
[2024-12-26T06:03:48.114Z] Error reading or processing Modbus registers: no connection to modbus server
[2024-12-26T06:03:48.114Z] Error writing to Modbus register: no connection to modbus server
[2024-12-26T06:03:49.116Z] Error reading register 6507 for IP 10.30.28.23: no connection to modbus server
[2024-12-26T06:03:49.117Z] Error reading actual data: no connection to modbus server
[2024-12-26T06:03:49.117Z] Error reading or processing Modbus registers: no connection to modbus server
[2024-12-26T06:03:49.117Z] Error writing to Modbus register: no connection to modbus server
[2024-12-26T06:03:50.123Z] Error reading register 6507 for IP 10.30.28.23: no connection to modbus server
[2024-12-26T06:03:50.123Z] Error reading actual data: no connection to modbus server
[2024-12-26T06:03:50.124Z] Error reading or processing Modbus registers: no connection to modbus server
[2024-12-26T06:03:50.124Z] Error writing to Modbus register: no connection to modbus server
[2024-12-26T06:03:51.126Z] Error reading register 6507 for IP 10.30.28.23: no connection to modbus server
[2024-12-26T06:03:51.126Z] Error reading actual data: no connection to modbus server
[2024-12-26T06:03:51.126Z] Error reading or processing Modbus registers: no connection to modbus server
[2024-12-26T06:03:51.127Z] Error writing to Modbus register: no connection to modbus server
[2024-12-26T06:03:52.129Z] Error reading register 6507 for IP 10.30.28.23: no connection to modbus server
[2024-12-26T06:03:52.129Z] Error reading actual data: no connection to modbus server
[2024-12-26T06:03:52.129Z] Error reading or processing Modbus registers: no connection to modbus server
[2024-12-26T06:03:52.130Z] Error writing to Modbus register: no connection to modbus server
[2024-12-26T06:03:53.130Z] Error reading register 6507 for IP 10.30.28.23: no connection to modbus server
[2024-12-26T06:03:53.130Z] Error reading actual data: no connection to modbus server
[2024-12-26T06:03:53.130Z] Error reading or processing Modbus registers: no connection to modbus server
[2024-12-26T06:03:53.131Z] Error writing to Modbus register: no connection to modbus server
[2024-12-26T06:03:54.145Z] Error reading register 6507 for IP 10.30.28.23: no connection to modbus server
[2024-12-26T06:03:54.145Z] Error reading actual data: no connection to modbus server
[2024-12-26T06:03:54.145Z] Error reading or processing Modbus registers: no connection to modbus server
[2024-12-26T06:03:54.146Z] Error writing to Modbus register: no connection to modbus server
[2024-12-26T06:03:55.147Z] Error reading register 6507 for IP 10.30.28.23: no connection to modbus server
[2024-12-26T06:03:55.148Z] Error reading actual data: no connection to modbus server
[2024-12-26T06:03:55.148Z] Error reading or processing Modbus registers: no connection to modbus server
[2024-12-26T06:03:55.148Z] Error writing to Modbus register: no connection to modbus server
[2024-12-26T06:03:56.151Z] Error reading register 6507 for IP 10.30.28.23: no connection to modbus server
[2024-12-26T06:03:56.151Z] Error reading actual data: no connection to modbus server
[2024-12-26T06:03:56.151Z] Error reading or processing Modbus registers: no connection to modbus server
[2024-12-26T06:03:56.152Z] Error writing to Modbus register: no connection to modbus server
[2024-12-26T06:03:57.156Z] Error reading register 6507 for IP 10.30.28.23: no connection to modbus server
[2024-12-26T06:03:57.156Z] Error reading or processing Modbus registers: no connection to modbus server
[2024-12-26T06:03:57.157Z] Error writing to Modbus register: no connection to modbus server
[2024-12-26T06:03:57.156Z] Error reading actual data: no connection to modbus server
[2024-12-26T06:03:58.158Z] Error reading register 6507 for IP 10.30.28.23: no connection to modbus server
[2024-12-26T06:03:58.158Z] Error reading actual data: no connection to modbus server
[2024-12-26T06:03:58.158Z] Error reading or processing Modbus registers: no connection to modbus server
[2024-12-26T06:03:58.158Z] Error writing to Modbus register: no connection to modbus server
[2024-12-26T06:03:59.162Z] Error reading register 6507 for IP 10.30.28.23: no connection to modbus server
[2024-12-26T06:03:59.162Z] Error reading actual data: no connection to modbus server
[2024-12-26T06:03:59.162Z] Error reading or processing Modbus registers: no connection to modbus server
[2024-12-26T06:03:59.163Z] Error writing to Modbus register: no connection to modbus server
[2024-12-26T06:04:00.165Z] Error reading register 6507 for IP 10.30.28.23: no connection to modbus server
[2024-12-26T06:04:00.165Z] Error reading actual data: no connection to modbus server
[2024-12-26T06:04:00.166Z] Error reading or processing Modbus registers: no connection to modbus server
[2024-12-26T06:04:00.166Z] Error writing to Modbus register: no connection to modbus server
[2024-12-26T06:04:01.169Z] Error reading register 6507 for IP 10.30.28.23: no connection to modbus server
[2024-12-26T06:04:01.169Z] Error reading actual data: no connection to modbus server
[2024-12-26T06:04:01.169Z] Error reading or processing Modbus registers: no connection to modbus server
[2024-12-26T06:04:01.170Z] Error writing to Modbus register: no connection to modbus server
[2024-12-26T06:04:02.173Z] Error reading register 6507 for IP 10.30.28.23: no connection to modbus server
[2024-12-26T06:04:02.173Z] Error reading actual data: no connection to modbus server
[2024-12-26T06:04:02.173Z] Error reading or processing Modbus registers: no connection to modbus server
[2024-12-26T06:04:02.174Z] Error writing to Modbus register: no connection to modbus server
[2024-12-26T06:04:03.187Z] Error reading register 6507 for IP 10.30.28.23: no connection to modbus server
[2024-12-26T06:04:03.187Z] Error reading actual data: no connection to modbus server
[2024-12-26T06:04:03.188Z] Error reading or processing Modbus registers: no connection to modbus server
[2024-12-26T06:04:03.188Z] Error writing to Modbus register: no connection to modbus server
[2024-12-26T06:04:04.202Z] Error reading register 6507 for IP 10.30.28.23: no connection to modbus server
[2024-12-26T06:04:04.202Z] Error reading actual data: no connection to modbus server
[2024-12-26T06:04:04.202Z] Error reading or processing Modbus registers: no connection to modbus server
[2024-12-26T06:04:04.203Z] Error writing to Modbus register: no connection to modbus server
[2024-12-26T06:04:05.209Z] Error reading register 6507 for IP 10.30.28.23: no connection to modbus server
[2024-12-26T06:04:05.210Z] Error reading actual data: no connection to modbus server
[2024-12-26T06:04:05.210Z] Error reading or processing Modbus registers: no connection to modbus server
[2024-12-26T06:04:05.210Z] Error writing to Modbus register: no connection to modbus server
[2024-12-26T06:04:06.209Z] Error reading register 6507 for IP 10.30.28.23: no connection to modbus server
[2024-12-26T06:04:06.209Z] Error reading actual data: no connection to modbus server
[2024-12-26T06:04:06.210Z] Error reading or processing Modbus registers: no connection to modbus server
[2024-12-26T06:04:06.210Z] Error writing to Modbus register: no connection to modbus server
[2024-12-26T06:04:07.215Z] Error reading register 6507 for IP 10.30.28.23: no connection to modbus server
[2024-12-26T06:04:07.215Z] Error reading actual data: no connection to modbus server
[2024-12-26T06:04:07.215Z] Error reading or processing Modbus registers: no connection to modbus server
[2024-12-26T06:04:07.216Z] Error writing to Modbus register: no connection to modbus server
[2024-12-26T06:04:08.218Z] Error reading register 6507 for IP 10.30.28.23: no connection to modbus server
[2024-12-26T06:04:08.218Z] Error reading actual data: no connection to modbus server
[2024-12-26T06:04:08.218Z] Error reading or processing Modbus registers: no connection to modbus server
[2024-12-26T06:04:08.219Z] Error writing to Modbus register: no connection to modbus server
[2024-12-26T06:04:09.221Z] Error reading register 6507 for IP 10.30.28.23: no connection to modbus server
[2024-12-26T06:04:09.221Z] Error reading actual data: no connection to modbus server
[2024-12-26T06:04:09.221Z] Error reading or processing Modbus registers: no connection to modbus server
[2024-12-26T06:04:09.221Z] Error writing to Modbus register: no connection to modbus server
[2024-12-26T06:04:10.226Z] Error reading register 6507 for IP 10.30.28.23: no connection to modbus server
[2024-12-26T06:04:10.226Z] Error reading actual data: no connection to modbus server
[2024-12-26T06:04:10.227Z] Error reading or processing Modbus registers: no connection to modbus server
[2024-12-26T06:04:10.227Z] Error writing to Modbus register: no connection to modbus server
[2024-12-26T06:04:11.226Z] Error reading register 6507 for IP 10.30.28.23: no connection to modbus server
[2024-12-26T06:04:11.227Z] Error reading actual data: no connection to modbus server
[2024-12-26T06:04:11.227Z] Error reading or processing Modbus registers: no connection to modbus server
[2024-12-26T06:04:11.227Z] Error writing to Modbus register: no connection to modbus server
[2024-12-26T06:04:12.230Z] Error reading register 6507 for IP 10.30.28.23: no connection to modbus server
[2024-12-26T06:04:12.230Z] Error reading actual data: no connection to modbus server
[2024-12-26T06:04:12.231Z] Error reading or processing Modbus registers: no connection to modbus server
[2024-12-26T06:04:12.231Z] Error writing to Modbus register: no connection to modbus server
[2024-12-26T06:04:13.241Z] Error reading register 6507 for IP 10.30.28.23: no connection to modbus server
[2024-12-26T06:04:13.241Z] Error reading actual data: no connection to modbus server
[2024-12-26T06:04:13.241Z] Error reading or processing Modbus registers: no connection to modbus server
[2024-12-26T06:04:13.242Z] Error writing to Modbus register: no connection to modbus server
[2024-12-26T06:04:14.246Z] Error reading register 6507 for IP 10.30.28.23: no connection to modbus server
[2024-12-26T06:04:14.246Z] Error reading actual data: no connection to modbus server
[2024-12-26T06:04:14.246Z] Error reading or processing Modbus registers: no connection to modbus server
[2024-12-26T06:04:14.247Z] Error writing to Modbus register: no connection to modbus server
[2024-12-26T06:04:15.249Z] Error reading register 6507 for IP 10.30.28.23: no connection to modbus server
[2024-12-26T06:04:15.249Z] Error reading actual data: no connection to modbus server
[2024-12-26T06:04:15.249Z] Error reading or processing Modbus registers: no connection to modbus server
[2024-12-26T06:04:15.250Z] Error writing to Modbus register: no connection to modbus server
[2024-12-26T06:04:16.253Z] Error reading register 6507 for IP 10.30.28.23: no connection to modbus server
[2024-12-26T06:04:16.253Z] Error reading actual data: no connection to modbus server
[2024-12-26T06:04:16.253Z] Error reading or processing Modbus registers: no connection to modbus server
[2024-12-26T06:04:16.254Z] Error writing to Modbus register: no connection to modbus server
[2024-12-26T06:04:17.254Z] Error reading register 6507 for IP 10.30.28.23: no connection to modbus server
[2024-12-26T06:04:17.254Z] Error reading actual data: no connection to modbus server
[2024-12-26T06:04:17.254Z] Error reading or processing Modbus registers: no connection to modbus server
[2024-12-26T06:04:17.254Z] Error writing to Modbus register: no connection to modbus server
[2024-12-26T06:04:18.260Z] Error reading register 6507 for IP 10.30.28.23: no connection to modbus server
[2024-12-26T06:04:18.260Z] Error reading actual data: no connection to modbus server
[2024-12-26T06:04:18.261Z] Error writing to Modbus register: no connection to modbus server
[2024-12-26T06:04:18.260Z] Error reading or processing Modbus registers: no connection to modbus server
[2024-12-26T06:04:19.262Z] Error reading register 6507 for IP 10.30.28.23: no connection to modbus server
[2024-12-26T06:04:19.263Z] Error reading actual data: no connection to modbus server
[2024-12-26T06:04:19.263Z] Error reading or processing Modbus registers: no connection to modbus server
[2024-12-26T06:04:19.263Z] Error writing to Modbus register: no connection to modbus server
[2024-12-26T06:04:20.264Z] Error reading register 6507 for IP 10.30.28.23: no connection to modbus server
[2024-12-26T06:04:20.264Z] Error reading actual data: no connection to modbus server
[2024-12-26T06:04:20.264Z] Error reading or processing Modbus registers: no connection to modbus server
[2024-12-26T06:04:20.265Z] Error writing to Modbus register: no connection to modbus server
[2024-12-26T06:04:21.267Z] Error reading register 6507 for IP 10.30.28.23: no connection to modbus server
[2024-12-26T06:04:21.267Z] Error reading actual data: no connection to modbus server
[2024-12-26T06:04:21.267Z] Error reading or processing Modbus registers: no connection to modbus server
[2024-12-26T06:04:21.268Z] Error writing to Modbus register: no connection to modbus server
[2024-12-26T06:04:22.270Z] Error reading register 6507 for IP 10.30.28.23: no connection to modbus server
[2024-12-26T06:04:22.271Z] Error reading actual data: no connection to modbus server
[2024-12-26T06:04:22.271Z] Error reading or processing Modbus registers: no connection to modbus server
[2024-12-26T06:04:22.271Z] Error writing to Modbus register: no connection to modbus server
[2024-12-26T06:04:23.273Z] Error reading register 6507 for IP 10.30.28.23: no connection to modbus server
[2024-12-26T06:04:23.273Z] Error reading actual data: no connection to modbus server
[2024-12-26T06:04:23.273Z] Error reading or processing Modbus registers: no connection to modbus server
[2024-12-26T06:04:23.274Z] Error writing to Modbus register: no connection to modbus server
[2024-12-26T06:04:24.280Z] Error reading register 6507 for IP 10.30.28.23: no connection to modbus server
[2024-12-26T06:04:24.280Z] Error reading actual data: no connection to modbus server
[2024-12-26T06:04:24.280Z] Error reading or processing Modbus registers: no connection to modbus server
[2024-12-26T06:04:24.281Z] Error writing to Modbus register: no connection to modbus server
[2024-12-26T06:04:25.283Z] Error reading register 6507 for IP 10.30.28.23: no connection to modbus server
[2024-12-26T06:04:25.284Z] Error reading actual data: no connection to modbus server
[2024-12-26T06:04:25.284Z] Error reading or processing Modbus registers: no connection to modbus server
[2024-12-26T06:04:25.284Z] Error writing to Modbus register: no connection to modbus server
[2024-12-26T06:04:26.288Z] Error reading actual data: no connection to modbus server
[2024-12-26T06:04:26.288Z] Error reading register 6507 for IP 10.30.28.23: no connection to modbus server
[2024-12-26T06:04:26.288Z] Error reading or processing Modbus registers: no connection to modbus server
[2024-12-26T06:04:26.289Z] Error writing to Modbus register: no connection to modbus server
[2024-12-26T06:04:27.290Z] Error reading register 6507 for IP 10.30.28.23: no connection to modbus server
[2024-12-26T06:04:27.291Z] Error reading actual data: no connection to modbus server
[2024-12-26T06:04:27.291Z] Error reading or processing Modbus registers: no connection to modbus server
[2024-12-26T06:04:27.291Z] Error writing to Modbus register: no connection to modbus server
[2024-12-26T06:04:28.295Z] Error reading register 6507 for IP 10.30.28.23: no connection to modbus server
[2024-12-26T06:04:28.295Z] Error reading actual data: no connection to modbus server
[2024-12-26T06:04:28.296Z] Error reading or processing Modbus registers: no connection to modbus server
[2024-12-26T06:04:28.296Z] Error writing to Modbus register: no connection to modbus server
[2024-12-26T06:04:29.298Z] Error reading register 6507 for IP 10.30.28.23: no connection to modbus server
[2024-12-26T06:04:29.299Z] Error reading actual data: no connection to modbus server
[2024-12-26T06:04:29.299Z] Error reading or processing Modbus registers: no connection to modbus server
[2024-12-26T06:04:29.299Z] Error writing to Modbus register: no connection to modbus server
[2024-12-26T06:04:30.300Z] Error reading register 6507 for IP 10.30.28.23: no connection to modbus server
[2024-12-26T06:04:30.300Z] Error reading actual data: no connection to modbus server
[2024-12-26T06:04:30.300Z] Error reading or processing Modbus registers: no connection to modbus server
[2024-12-26T06:04:30.301Z] Error writing to Modbus register: no connection to modbus server
[2024-12-26T06:04:31.304Z] Error reading register 6507 for IP 10.30.28.23: no connection to modbus server
[2024-12-26T06:04:31.305Z] Error reading actual data: no connection to modbus server
[2024-12-26T06:04:31.305Z] Error reading or processing Modbus registers: no connection to modbus server
[2024-12-26T06:04:31.305Z] Error writing to Modbus register: no connection to modbus server
[2024-12-26T06:04:32.307Z] Error reading register 6507 for IP 10.30.28.23: no connection to modbus server
[2024-12-26T06:04:32.307Z] Error reading actual data: no connection to modbus server
[2024-12-26T06:04:32.308Z] Error reading or processing Modbus registers: no connection to modbus server
[2024-12-26T06:04:32.308Z] Error writing to Modbus register: no connection to modbus server
[2024-12-26T06:04:33.319Z] Error reading actual data: no connection to modbus server
[2024-12-26T06:04:33.319Z] Error reading register 6507 for IP 10.30.28.23: no connection to modbus server
[2024-12-26T06:04:33.319Z] Error reading or processing Modbus registers: no connection to modbus server
[2024-12-26T06:04:33.320Z] Error writing to Modbus register: no connection to modbus server
[2024-12-26T06:04:34.325Z] Error reading register 6507 for IP 10.30.28.23: no connection to modbus server
[2024-12-26T06:04:34.326Z] Error reading actual data: no connection to modbus server
[2024-12-26T06:04:34.326Z] Error reading or processing Modbus registers: no connection to modbus server
[2024-12-26T06:04:34.326Z] Error writing to Modbus register: no connection to modbus server
[2024-12-26T06:04:35.333Z] Error reading register 6507 for IP 10.30.28.23: no connection to modbus server
[2024-12-26T06:04:35.333Z] Error reading actual data: no connection to modbus server
[2024-12-26T06:04:35.333Z] Error reading or processing Modbus registers: no connection to modbus server
[2024-12-26T06:04:35.334Z] Error writing to Modbus register: no connection to modbus server
[2024-12-26T06:04:36.334Z] Error reading register 6507 for IP 10.30.28.23: no connection to modbus server
[2024-12-26T06:04:36.335Z] Error reading actual data: no connection to modbus server
[2024-12-26T06:04:36.335Z] Error reading or processing Modbus registers: no connection to modbus server
[2024-12-26T06:04:36.335Z] Error writing to Modbus register: no connection to modbus server
[2024-12-26T06:04:37.338Z] Error reading register 6507 for IP 10.30.28.23: no connection to modbus server
[2024-12-26T06:04:37.338Z] Error reading actual data: no connection to modbus server
[2024-12-26T06:04:37.339Z] Error reading or processing Modbus registers: no connection to modbus server
[2024-12-26T06:04:37.339Z] Error writing to Modbus register: no connection to modbus server
[2024-12-26T06:04:38.353Z] Error reading register 6507 for IP 10.30.28.23: no connection to modbus server
[2024-12-26T06:04:38.353Z] Error reading actual data: no connection to modbus server
[2024-12-26T06:04:38.353Z] Error reading or processing Modbus registers: no connection to modbus server
[2024-12-26T06:04:38.353Z] Error writing to Modbus register: no connection to modbus server
[2024-12-26T06:04:39.356Z] Error reading register 6507 for IP 10.30.28.23: no connection to modbus server
[2024-12-26T06:04:39.356Z] Error reading actual data: no connection to modbus server
[2024-12-26T06:04:39.356Z] Error reading or processing Modbus registers: no connection to modbus server
[2024-12-26T06:04:39.357Z] Error writing to Modbus register: no connection to modbus server
[2024-12-26T06:04:40.360Z] Error reading register 6507 for IP 10.30.28.23: no connection to modbus server
[2024-12-26T06:04:40.360Z] Error reading actual data: no connection to modbus server
[2024-12-26T06:04:40.360Z] Error reading or processing Modbus registers: no connection to modbus server
[2024-12-26T06:04:40.361Z] Error writing to Modbus register: no connection to modbus server
[2024-12-26T06:04:41.373Z] Error reading register 6507 for IP 10.30.28.23: no connection to modbus server
[2024-12-26T06:04:41.374Z] Error reading actual data: no connection to modbus server
[2024-12-26T06:04:41.374Z] Error reading or processing Modbus registers: no connection to modbus server
[2024-12-26T06:04:41.374Z] Error writing to Modbus register: no connection to modbus server
[2024-12-26T06:04:42.376Z] Error reading register 6507 for IP 10.30.28.23: no connection to modbus server
[2024-12-26T06:04:42.376Z] Error reading actual data: no connection to modbus server
[2024-12-26T06:04:42.377Z] Error reading or processing Modbus registers: no connection to modbus server
[2024-12-26T06:04:42.377Z] Error writing to Modbus register: no connection to modbus server
[2024-12-26T06:04:43.376Z] Error reading register 6507 for IP 10.30.28.23: no connection to modbus server
[2024-12-26T06:04:43.377Z] Error reading or processing Modbus registers: no connection to modbus server
[2024-12-26T06:04:43.377Z] Error reading actual data: no connection to modbus server
[2024-12-26T06:04:43.377Z] Error writing to Modbus register: no connection to modbus server
[2024-12-26T06:04:44.379Z] Error reading register 6507 for IP 10.30.28.23: no connection to modbus server
[2024-12-26T06:04:44.380Z] Error reading actual data: no connection to modbus server
[2024-12-26T06:04:44.380Z] Error reading or processing Modbus registers: no connection to modbus server
[2024-12-26T06:04:44.380Z] Error writing to Modbus register: no connection to modbus server
[2024-12-26T06:04:45.383Z] Error reading register 6507 for IP 10.30.28.23: no connection to modbus server
[2024-12-26T06:04:45.384Z] Error reading actual data: no connection to modbus server
[2024-12-26T06:04:45.384Z] Error reading or processing Modbus registers: no connection to modbus server
[2024-12-26T06:04:45.384Z] Error writing to Modbus register: no connection to modbus server
[2024-12-26T06:04:46.387Z] Error reading register 6507 for IP 10.30.28.23: no connection to modbus server
[2024-12-26T06:04:46.387Z] Error reading actual data: no connection to modbus server
[2024-12-26T06:04:46.387Z] Error reading or processing Modbus registers: no connection to modbus server
[2024-12-26T06:04:46.388Z] Error writing to Modbus register: no connection to modbus server
[2024-12-26T06:04:47.390Z] Error reading register 6507 for IP 10.30.28.23: no connection to modbus server
[2024-12-26T06:04:47.390Z] Error reading actual data: no connection to modbus server
[2024-12-26T06:04:47.391Z] Error reading or processing Modbus registers: no connection to modbus server
[2024-12-26T06:04:47.391Z] Error writing to Modbus register: no connection to modbus server
[2024-12-26T06:04:48.393Z] Error reading register 6507 for IP 10.30.28.23: no connection to modbus server
[2024-12-26T06:04:48.393Z] Error reading actual data: no connection to modbus server
[2024-12-26T06:04:48.393Z] Error reading or processing Modbus registers: no connection to modbus server
[2024-12-26T06:04:48.394Z] Error writing to Modbus register: no connection to modbus server
[2024-12-26T06:04:49.395Z] Error reading register 6507 for IP 10.30.28.23: no connection to modbus server
[2024-12-26T06:04:49.396Z] Error reading actual data: no connection to modbus server
[2024-12-26T06:04:49.396Z] Error reading or processing Modbus registers: no connection to modbus server
[2024-12-26T06:04:49.396Z] Error writing to Modbus register: no connection to modbus server
[2024-12-26T06:04:50.396Z] Error reading register 6507 for IP 10.30.28.23: no connection to modbus server
[2024-12-26T06:04:50.396Z] Error reading actual data: no connection to modbus server
[2024-12-26T06:04:50.397Z] Error reading or processing Modbus registers: no connection to modbus server
[2024-12-26T06:04:50.397Z] Error writing to Modbus register: no connection to modbus server
[2024-12-26T06:04:51.402Z] Error reading register 6507 for IP 10.30.28.23: no connection to modbus server
[2024-12-26T06:04:51.402Z] Error reading or processing Modbus registers: no connection to modbus server
[2024-12-26T06:04:51.402Z] Error reading actual data: no connection to modbus server
[2024-12-26T06:04:51.403Z] Error writing to Modbus register: no connection to modbus server
[2024-12-26T06:04:52.404Z] Error reading register 6507 for IP 10.30.28.23: no connection to modbus server
[2024-12-26T06:04:52.404Z] Error reading actual data: no connection to modbus server
[2024-12-26T06:04:52.404Z] Error reading or processing Modbus registers: no connection to modbus server
[2024-12-26T06:04:52.405Z] Error writing to Modbus register: no connection to modbus server
[2024-12-26T06:04:53.404Z] Error reading register 6507 for IP 10.30.28.23: no connection to modbus server
[2024-12-26T06:04:53.404Z] Error reading actual data: no connection to modbus server
[2024-12-26T06:04:53.404Z] Error reading or processing Modbus registers: no connection to modbus server
[2024-12-26T06:04:53.405Z] Error writing to Modbus register: no connection to modbus server
[2024-12-26T06:04:54.408Z] Error reading register 6507 for IP 10.30.28.23: no connection to modbus server
[2024-12-26T06:04:54.408Z] Error reading actual data: no connection to modbus server
[2024-12-26T06:04:54.408Z] Error reading or processing Modbus registers: no connection to modbus server
[2024-12-26T06:04:54.409Z] Error writing to Modbus register: no connection to modbus server
[2024-12-26T06:04:55.421Z] Error reading register 6507 for IP 10.30.28.23: no connection to modbus server
[2024-12-26T06:04:55.421Z] Error reading actual data: no connection to modbus server
[2024-12-26T06:04:55.421Z] Error reading or processing Modbus registers: no connection to modbus server
[2024-12-26T06:04:55.421Z] Error writing to Modbus register: no connection to modbus server
[2024-12-26T06:04:56.425Z] Error reading register 6507 for IP 10.30.28.23: no connection to modbus server
[2024-12-26T06:04:56.425Z] Error reading actual data: no connection to modbus server
[2024-12-26T06:04:56.426Z] Error reading or processing Modbus registers: no connection to modbus server
[2024-12-26T06:04:56.426Z] Error writing to Modbus register: no connection to modbus server
[2024-12-26T06:04:57.426Z] Error reading register 6507 for IP 10.30.28.23: no connection to modbus server
[2024-12-26T06:04:57.426Z] Error reading actual data: no connection to modbus server
[2024-12-26T06:04:57.426Z] Error reading or processing Modbus registers: no connection to modbus server
[2024-12-26T06:04:57.427Z] Error writing to Modbus register: no connection to modbus server
[2024-12-26T06:04:58.430Z] Error reading register 6507 for IP 10.30.28.23: no connection to modbus server
[2024-12-26T06:04:58.430Z] Error reading actual data: no connection to modbus server
[2024-12-26T06:04:58.430Z] Error reading or processing Modbus registers: no connection to modbus server
[2024-12-26T06:04:58.431Z] Error writing to Modbus register: no connection to modbus server
[2024-12-26T06:04:59.436Z] Error reading register 6507 for IP 10.30.28.23: no connection to modbus server
[2024-12-26T06:04:59.436Z] Error reading actual data: no connection to modbus server
[2024-12-26T06:04:59.436Z] Error reading or processing Modbus registers: no connection to modbus server
[2024-12-26T06:04:59.436Z] Error writing to Modbus register: no connection to modbus server
[2024-12-26T06:05:00.438Z] Error reading register 6507 for IP 10.30.28.23: no connection to modbus server
[2024-12-26T06:05:00.438Z] Error reading actual data: no connection to modbus server
[2024-12-26T06:05:00.439Z] Error reading or processing Modbus registers: no connection to modbus server
[2024-12-26T06:05:00.439Z] Error writing to Modbus register: no connection to modbus server
[2024-12-26T06:05:01.440Z] Error reading register 6507 for IP 10.30.28.23: no connection to modbus server
[2024-12-26T06:05:01.441Z] Error reading actual data: no connection to modbus server
[2024-12-26T06:05:01.441Z] Error reading or processing Modbus registers: no connection to modbus server
[2024-12-26T06:05:01.441Z] Error writing to Modbus register: no connection to modbus server
[2024-12-26T06:05:02.447Z] Error reading register 6507 for IP 10.30.28.23: no connection to modbus server
[2024-12-26T06:05:02.447Z] Error reading actual data: no connection to modbus server
[2024-12-26T06:05:02.447Z] Error reading or processing Modbus registers: no connection to modbus server
[2024-12-26T06:05:02.448Z] Error writing to Modbus register: no connection to modbus server
[2024-12-26T06:05:03.448Z] Error reading register 6507 for IP 10.30.28.23: no connection to modbus server
[2024-12-26T06:05:03.448Z] Error reading actual data: no connection to modbus server
[2024-12-26T06:05:03.448Z] Error reading or processing Modbus registers: no connection to modbus server
[2024-12-26T06:05:03.449Z] Error writing to Modbus register: no connection to modbus server
[2024-12-26T06:05:04.450Z] Error reading or processing Modbus registers: no connection to modbus server
[2024-12-26T06:05:04.450Z] Error reading register 6507 for IP 10.30.28.23: no connection to modbus server
[2024-12-26T06:05:04.450Z] Error reading actual data: no connection to modbus server
[2024-12-26T06:05:04.451Z] Error writing to Modbus register: no connection to modbus server
[2024-12-26T06:05:05.465Z] Error reading register 6507 for IP 10.30.28.23: no connection to modbus server
[2024-12-26T06:05:05.465Z] Error reading actual data: no connection to modbus server
[2024-12-26T06:05:05.465Z] Error reading or processing Modbus registers: no connection to modbus server
[2024-12-26T06:05:05.466Z] Error writing to Modbus register: no connection to modbus server
[2024-12-26T06:05:06.468Z] Error reading register 6507 for IP 10.30.28.23: no connection to modbus server
[2024-12-26T06:05:06.469Z] Error reading actual data: no connection to modbus server
[2024-12-26T06:05:06.469Z] Error reading or processing Modbus registers: no connection to modbus server
[2024-12-26T06:05:06.469Z] Error writing to Modbus register: no connection to modbus server
[2024-12-26T06:05:07.472Z] Error reading register 6507 for IP 10.30.28.23: no connection to modbus server
[2024-12-26T06:05:07.472Z] Error reading actual data: no connection to modbus server
[2024-12-26T06:05:07.472Z] Error reading or processing Modbus registers: no connection to modbus server
[2024-12-26T06:05:07.472Z] Error writing to Modbus register: no connection to modbus server
[2024-12-26T06:05:08.476Z] Error reading register 6507 for IP 10.30.28.23: no connection to modbus server
[2024-12-26T06:05:08.476Z] Error reading actual data: no connection to modbus server
[2024-12-26T06:05:08.476Z] Error reading or processing Modbus registers: no connection to modbus server
[2024-12-26T06:05:08.476Z] Error writing to Modbus register: no connection to modbus server
[2024-12-26T06:05:09.477Z] Error reading register 6507 for IP 10.30.28.23: no connection to modbus server
[2024-12-26T06:05:09.477Z] Error reading actual data: no connection to modbus server
[2024-12-26T06:05:09.478Z] Error reading or processing Modbus registers: no connection to modbus server
[2024-12-26T06:05:09.478Z] Error writing to Modbus register: no connection to modbus server
[2024-12-26T06:05:10.479Z] Error reading register 6507 for IP 10.30.28.23: no connection to modbus server
[2024-12-26T06:05:10.480Z] Error reading actual data: no connection to modbus server
[2024-12-26T06:05:10.480Z] Error reading or processing Modbus registers: no connection to modbus server
[2024-12-26T06:05:10.480Z] Error writing to Modbus register: no connection to modbus server
[2024-12-26T06:05:11.484Z] Error reading register 6507 for IP 10.30.28.23: no connection to modbus server
[2024-12-26T06:05:11.485Z] Error reading or processing Modbus registers: no connection to modbus server
[2024-12-26T06:05:11.485Z] Error reading actual data: no connection to modbus server
[2024-12-26T06:05:11.485Z] Error writing to Modbus register: no connection to modbus server
[2024-12-26T06:05:12.489Z] Error reading register 6507 for IP 10.30.28.23: no connection to modbus server
[2024-12-26T06:05:12.489Z] Error reading actual data: no connection to modbus server
[2024-12-26T06:05:12.489Z] Error reading or processing Modbus registers: no connection to modbus server
[2024-12-26T06:05:12.489Z] Error writing to Modbus register: no connection to modbus server
[2024-12-26T06:05:13.502Z] Error reading register 6507 for IP 10.30.28.23: no connection to modbus server
[2024-12-26T06:05:13.502Z] Error reading actual data: no connection to modbus server
[2024-12-26T06:05:13.502Z] Error reading or processing Modbus registers: no connection to modbus server
[2024-12-26T06:05:13.502Z] Error writing to Modbus register: no connection to modbus server
[2024-12-26T06:05:14.507Z] Error reading register 6507 for IP 10.30.28.23: no connection to modbus server
[2024-12-26T06:05:14.507Z] Error reading actual data: no connection to modbus server
[2024-12-26T06:05:14.508Z] Error reading or processing Modbus registers: no connection to modbus server
[2024-12-26T06:05:14.508Z] Error writing to Modbus register: no connection to modbus server
[2024-12-26T06:05:15.520Z] Error reading register 6507 for IP 10.30.28.23: no connection to modbus server
[2024-12-26T06:05:15.520Z] Error reading actual data: no connection to modbus server
[2024-12-26T06:05:15.520Z] Error reading or processing Modbus registers: no connection to modbus server
[2024-12-26T06:05:15.521Z] Error writing to Modbus register: no connection to modbus server
[2024-12-26T06:05:16.521Z] Error reading register 6507 for IP 10.30.28.23: no connection to modbus server
[2024-12-26T06:05:16.521Z] Error reading actual data: no connection to modbus server
[2024-12-26T06:05:16.521Z] Error reading or processing Modbus registers: no connection to modbus server
[2024-12-26T06:05:16.522Z] Error writing to Modbus register: no connection to modbus server
[2024-12-26T06:05:17.535Z] Error reading register 6507 for IP 10.30.28.23: no connection to modbus server
[2024-12-26T06:05:17.535Z] Error reading actual data: no connection to modbus server
[2024-12-26T06:05:17.535Z] Error reading or processing Modbus registers: no connection to modbus server
[2024-12-26T06:05:17.535Z] Error writing to Modbus register: no connection to modbus server
[2024-12-26T06:05:18.538Z] Error reading register 6507 for IP 10.30.28.23: no connection to modbus server
[2024-12-26T06:05:18.538Z] Error reading actual data: no connection to modbus server
[2024-12-26T06:05:18.539Z] Error reading or processing Modbus registers: no connection to modbus server
[2024-12-26T06:05:18.539Z] Error writing to Modbus register: no connection to modbus server
[2024-12-26T06:05:19.544Z] Error reading register 6507 for IP 10.30.28.23: no connection to modbus server
[2024-12-26T06:05:19.544Z] Error reading actual data: no connection to modbus server
[2024-12-26T06:05:19.544Z] Error reading or processing Modbus registers: no connection to modbus server
[2024-12-26T06:05:19.544Z] Error writing to Modbus register: no connection to modbus server
[2024-12-26T06:05:20.548Z] Error reading register 6507 for IP 10.30.28.23: no connection to modbus server
[2024-12-26T06:05:20.548Z] Error reading actual data: no connection to modbus server
[2024-12-26T06:05:20.548Z] Error reading or processing Modbus registers: no connection to modbus server
[2024-12-26T06:05:20.549Z] Error writing to Modbus register: no connection to modbus server
[2024-12-26T06:05:21.553Z] Error reading register 6507 for IP 10.30.28.23: no connection to modbus server
[2024-12-26T06:05:21.553Z] Error reading actual data: no connection to modbus server
[2024-12-26T06:05:21.553Z] Error reading or processing Modbus registers: no connection to modbus server
[2024-12-26T06:05:21.554Z] Error writing to Modbus register: no connection to modbus server
[2024-12-26T06:05:22.560Z] Error reading register 6507 for IP 10.30.28.23: no connection to modbus server
[2024-12-26T06:05:22.560Z] Error reading actual data: no connection to modbus server
[2024-12-26T06:05:22.560Z] Error reading or processing Modbus registers: no connection to modbus server
[2024-12-26T06:05:22.561Z] Error writing to Modbus register: no connection to modbus server
[2024-12-26T06:05:23.563Z] Error reading register 6507 for IP 10.30.28.23: no connection to modbus server
[2024-12-26T06:05:23.563Z] Error reading actual data: no connection to modbus server
[2024-12-26T06:05:23.563Z] Error reading or processing Modbus registers: no connection to modbus server
[2024-12-26T06:05:23.563Z] Error writing to Modbus register: no connection to modbus server
[2024-12-26T06:05:24.563Z] Error reading register 6507 for IP 10.30.28.23: no connection to modbus server
[2024-12-26T06:05:24.563Z] Error reading actual data: no connection to modbus server
[2024-12-26T06:05:24.563Z] Error reading or processing Modbus registers: no connection to modbus server
[2024-12-26T06:05:24.564Z] Error writing to Modbus register: no connection to modbus server
[2024-12-26T06:05:25.567Z] Error reading register 6507 for IP 10.30.28.23: no connection to modbus server
[2024-12-26T06:05:25.567Z] Error reading actual data: no connection to modbus server
[2024-12-26T06:05:25.567Z] Error reading or processing Modbus registers: no connection to modbus server
[2024-12-26T06:05:25.567Z] Error writing to Modbus register: no connection to modbus server
[2024-12-26T06:05:26.568Z] Error reading register 6507 for IP 10.30.28.23: no connection to modbus server
[2024-12-26T06:05:26.568Z] Error reading actual data: no connection to modbus server
[2024-12-26T06:05:26.568Z] Error reading or processing Modbus registers: no connection to modbus server
[2024-12-26T06:05:26.569Z] Error writing to Modbus register: no connection to modbus server
[2024-12-26T06:05:27.569Z] Error reading actual data: no connection to modbus server
[2024-12-26T06:05:27.569Z] Error reading register 6507 for IP 10.30.28.23: no connection to modbus server
[2024-12-26T06:05:27.569Z] Error reading or processing Modbus registers: no connection to modbus server
[2024-12-26T06:05:27.570Z] Error writing to Modbus register: no connection to modbus server
[2024-12-26T06:05:28.583Z] Error reading register 6507 for IP 10.30.28.23: no connection to modbus server
[2024-12-26T06:05:28.583Z] Error reading actual data: no connection to modbus server
[2024-12-26T06:05:28.584Z] Error reading or processing Modbus registers: no connection to modbus server
[2024-12-26T06:05:28.584Z] Error writing to Modbus register: no connection to modbus server
[2024-12-26T06:05:29.589Z] Error reading register 6507 for IP 10.30.28.23: no connection to modbus server
[2024-12-26T06:05:29.589Z] Error reading actual data: no connection to modbus server
[2024-12-26T06:05:29.589Z] Error reading or processing Modbus registers: no connection to modbus server
[2024-12-26T06:05:29.589Z] Error writing to Modbus register: no connection to modbus server
[2024-12-26T06:05:30.592Z] Error reading register 6507 for IP 10.30.28.23: no connection to modbus server
[2024-12-26T06:05:30.593Z] Error reading actual data: no connection to modbus server
[2024-12-26T06:05:30.593Z] Error reading or processing Modbus registers: no connection to modbus server
[2024-12-26T06:05:30.593Z] Error writing to Modbus register: no connection to modbus server
[2024-12-26T06:05:31.593Z] Error reading register 6507 for IP 10.30.28.23: no connection to modbus server
[2024-12-26T06:05:31.593Z] Error reading actual data: no connection to modbus server
[2024-12-26T06:05:31.593Z] Error reading or processing Modbus registers: no connection to modbus server
[2024-12-26T06:05:31.593Z] Error writing to Modbus register: no connection to modbus server
[2024-12-26T06:05:32.598Z] Error reading register 6507 for IP 10.30.28.23: no connection to modbus server
[2024-12-26T06:05:32.598Z] Error reading actual data: no connection to modbus server
[2024-12-26T06:05:32.598Z] Error reading or processing Modbus registers: no connection to modbus server
[2024-12-26T06:05:32.599Z] Error writing to Modbus register: no connection to modbus server
[2024-12-26T06:05:33.599Z] Error reading actual data: no connection to modbus server
[2024-12-26T06:05:33.599Z] Error reading register 6507 for IP 10.30.28.23: no connection to modbus server
[2024-12-26T06:05:33.599Z] Error reading or processing Modbus registers: no connection to modbus server
[2024-12-26T06:05:33.600Z] Error writing to Modbus register: no connection to modbus server
[2024-12-26T06:05:34.601Z] Error reading register 6507 for IP 10.30.28.23: no connection to modbus server
[2024-12-26T06:05:34.601Z] Error reading actual data: no connection to modbus server
[2024-12-26T06:05:34.602Z] Error reading or processing Modbus registers: no connection to modbus server
[2024-12-26T06:05:34.602Z] Error writing to Modbus register: no connection to modbus server
[2024-12-26T06:05:35.603Z] Error reading register 6507 for IP 10.30.28.23: no connection to modbus server
[2024-12-26T06:05:35.604Z] Error reading actual data: no connection to modbus server
[2024-12-26T06:05:35.604Z] Error reading or processing Modbus registers: no connection to modbus server
[2024-12-26T06:05:35.604Z] Error writing to Modbus register: no connection to modbus server
[2024-12-26T06:05:36.606Z] Error reading register 6507 for IP 10.30.28.23: no connection to modbus server
[2024-12-26T06:05:36.607Z] Error reading actual data: no connection to modbus server
[2024-12-26T06:05:36.607Z] Error reading or processing Modbus registers: no connection to modbus server
[2024-12-26T06:05:36.607Z] Error writing to Modbus register: no connection to modbus server
[2024-12-26T06:05:37.611Z] Error reading register 6507 for IP 10.30.28.23: no connection to modbus server
[2024-12-26T06:05:37.611Z] Error reading actual data: no connection to modbus server
[2024-12-26T06:05:37.612Z] Error reading or processing Modbus registers: no connection to modbus server
[2024-12-26T06:05:37.612Z] Error writing to Modbus register: no connection to modbus server
[2024-12-26T06:05:38.615Z] Error reading register 6507 for IP 10.30.28.23: no connection to modbus server
[2024-12-26T06:05:38.615Z] Error reading actual data: no connection to modbus server
[2024-12-26T06:05:38.615Z] Error reading or processing Modbus registers: no connection to modbus server
[2024-12-26T06:05:38.616Z] Error writing to Modbus register: no connection to modbus server
[2024-12-26T06:05:39.618Z] Error reading register 6507 for IP 10.30.28.23: no connection to modbus server
[2024-12-26T06:05:39.619Z] Error reading actual data: no connection to modbus server
[2024-12-26T06:05:39.619Z] Error reading or processing Modbus registers: no connection to modbus server
[2024-12-26T06:05:39.619Z] Error writing to Modbus register: no connection to modbus server
[2024-12-26T06:05:40.633Z] Error reading register 6507 for IP 10.30.28.23: no connection to modbus server
[2024-12-26T06:05:40.633Z] Error reading actual data: no connection to modbus server
[2024-12-26T06:05:40.634Z] Error reading or processing Modbus registers: no connection to modbus server
[2024-12-26T06:05:40.634Z] Error writing to Modbus register: no connection to modbus server
[2024-12-26T06:05:41.636Z] Error reading register 6507 for IP 10.30.28.23: no connection to modbus server
[2024-12-26T06:05:41.636Z] Error reading actual data: no connection to modbus server
[2024-12-26T06:05:41.636Z] Error reading or processing Modbus registers: no connection to modbus server
[2024-12-26T06:05:41.636Z] Error writing to Modbus register: no connection to modbus server
[2024-12-26T06:05:42.639Z] Error reading register 6507 for IP 10.30.28.23: no connection to modbus server
[2024-12-26T06:05:42.639Z] Error reading actual data: no connection to modbus server
[2024-12-26T06:05:42.639Z] Error reading or processing Modbus registers: no connection to modbus server
[2024-12-26T06:05:42.640Z] Error writing to Modbus register: no connection to modbus server
[2024-12-26T06:05:43.654Z] Error reading register 6507 for IP 10.30.28.23: no connection to modbus server
[2024-12-26T06:05:43.654Z] Error reading actual data: no connection to modbus server
[2024-12-26T06:05:43.655Z] Error reading or processing Modbus registers: no connection to modbus server
[2024-12-26T06:05:43.655Z] Error writing to Modbus register: no connection to modbus server
[2024-12-26T06:05:44.657Z] Error reading register 6507 for IP 10.30.28.23: no connection to modbus server
[2024-12-26T06:05:44.657Z] Error reading actual data: no connection to modbus server
[2024-12-26T06:05:44.657Z] Error reading or processing Modbus registers: no connection to modbus server
[2024-12-26T06:05:44.658Z] Error writing to Modbus register: no connection to modbus server
[2024-12-26T06:05:45.664Z] Error reading register 6507 for IP 10.30.28.23: no connection to modbus server
[2024-12-26T06:05:45.664Z] Error reading actual data: no connection to modbus server
[2024-12-26T06:05:45.664Z] Error reading or processing Modbus registers: no connection to modbus server
[2024-12-26T06:05:45.664Z] Error writing to Modbus register: no connection to modbus server
[2024-12-26T06:05:46.665Z] Error reading register 6507 for IP 10.30.28.23: no connection to modbus server
[2024-12-26T06:05:46.666Z] Error reading actual data: no connection to modbus server
[2024-12-26T06:05:46.666Z] Error reading or processing Modbus registers: no connection to modbus server
[2024-12-26T06:05:46.666Z] Error writing to Modbus register: no connection to modbus server
[2024-12-26T06:05:47.672Z] Error reading register 6507 for IP 10.30.28.23: no connection to modbus server
[2024-12-26T06:05:47.672Z] Error reading actual data: no connection to modbus server
[2024-12-26T06:05:47.672Z] Error reading or processing Modbus registers: no connection to modbus server
[2024-12-26T06:05:47.672Z] Error writing to Modbus register: no connection to modbus server
[2024-12-26T06:05:48.676Z] Error reading register 6507 for IP 10.30.28.23: no connection to modbus server
[2024-12-26T06:05:48.676Z] Error reading actual data: no connection to modbus server
[2024-12-26T06:05:48.676Z] Error reading or processing Modbus registers: no connection to modbus server
[2024-12-26T06:05:48.677Z] Error writing to Modbus register: no connection to modbus server
[2024-12-26T06:05:49.680Z] Error reading register 6507 for IP 10.30.28.23: no connection to modbus server
[2024-12-26T06:05:49.681Z] Error reading actual data: no connection to modbus server
[2024-12-26T06:05:49.681Z] Error reading or processing Modbus registers: no connection to modbus server
[2024-12-26T06:05:49.681Z] Error writing to Modbus register: no connection to modbus server
[2024-12-26T06:05:50.681Z] Error reading register 6507 for IP 10.30.28.23: no connection to modbus server
[2024-12-26T06:05:50.682Z] Error reading actual data: no connection to modbus server
[2024-12-26T06:05:50.682Z] Error reading or processing Modbus registers: no connection to modbus server
[2024-12-26T06:05:50.682Z] Error writing to Modbus register: no connection to modbus server
[2024-12-26T06:05:51.688Z] Error reading register 6507 for IP 10.30.28.23: no connection to modbus server
[2024-12-26T06:05:51.688Z] Error reading actual data: no connection to modbus server
[2024-12-26T06:05:51.688Z] Error reading or processing Modbus registers: no connection to modbus server
[2024-12-26T06:05:51.689Z] Error writing to Modbus register: no connection to modbus server
[2024-12-26T06:05:52.690Z] Error reading register 6507 for IP 10.30.28.23: no connection to modbus server
[2024-12-26T06:05:52.690Z] Error reading actual data: no connection to modbus server
[2024-12-26T06:05:52.690Z] Error reading or processing Modbus registers: no connection to modbus server
[2024-12-26T06:05:52.690Z] Error writing to Modbus register: no connection to modbus server
[2024-12-26T06:05:53.693Z] Error reading register 6507 for IP 10.30.28.23: no connection to modbus server
[2024-12-26T06:05:53.694Z] Error reading actual data: no connection to modbus server
[2024-12-26T06:05:53.694Z] Error reading or processing Modbus registers: no connection to modbus server
[2024-12-26T06:05:53.694Z] Error writing to Modbus register: no connection to modbus server
[2024-12-26T06:05:54.696Z] Error reading register 6507 for IP 10.30.28.23: no connection to modbus server
[2024-12-26T06:05:54.697Z] Error reading actual data: no connection to modbus server
[2024-12-26T06:05:54.697Z] Error reading or processing Modbus registers: no connection to modbus server
[2024-12-26T06:05:54.697Z] Error writing to Modbus register: no connection to modbus server
[2024-12-26T06:05:55.697Z] Error reading register 6507 for IP 10.30.28.23: no connection to modbus server
[2024-12-26T06:05:55.697Z] Error reading actual data: no connection to modbus server
[2024-12-26T06:05:55.697Z] Error reading or processing Modbus registers: no connection to modbus server
[2024-12-26T06:05:55.698Z] Error writing to Modbus register: no connection to modbus server
[2024-12-26T06:05:56.699Z] Error reading register 6507 for IP 10.30.28.23: no connection to modbus server
[2024-12-26T06:05:56.700Z] Error reading actual data: no connection to modbus server
[2024-12-26T06:05:56.700Z] Error reading or processing Modbus registers: no connection to modbus server
[2024-12-26T06:05:56.700Z] Error writing to Modbus register: no connection to modbus server
[2024-12-26T06:05:57.702Z] Error reading register 6507 for IP 10.30.28.23: no connection to modbus server
[2024-12-26T06:05:57.702Z] Error reading actual data: no connection to modbus server
[2024-12-26T06:05:57.703Z] Error reading or processing Modbus registers: no connection to modbus server
[2024-12-26T06:05:57.703Z] Error writing to Modbus register: no connection to modbus server
[2024-12-26T06:05:58.705Z] Error reading register 6507 for IP 10.30.28.23: no connection to modbus server
[2024-12-26T06:05:58.706Z] Error reading actual data: no connection to modbus server
[2024-12-26T06:05:58.706Z] Error reading or processing Modbus registers: no connection to modbus server
[2024-12-26T06:05:58.706Z] Error writing to Modbus register: no connection to modbus server
[2024-12-26T06:05:59.708Z] Error reading register 6507 for IP 10.30.28.23: no connection to modbus server
[2024-12-26T06:05:59.709Z] Error reading actual data: no connection to modbus server
[2024-12-26T06:05:59.709Z] Error reading or processing Modbus registers: no connection to modbus server
[2024-12-26T06:05:59.709Z] Error writing to Modbus register: no connection to modbus server
[2024-12-26T06:06:00.711Z] Error reading register 6507 for IP 10.30.28.23: no connection to modbus server
[2024-12-26T06:06:00.712Z] Error reading actual data: no connection to modbus server
[2024-12-26T06:06:00.712Z] Error reading or processing Modbus registers: no connection to modbus server
[2024-12-26T06:06:00.712Z] Error writing to Modbus register: no connection to modbus server
[2024-12-26T06:06:01.714Z] Error reading register 6507 for IP 10.30.28.23: no connection to modbus server
[2024-12-26T06:06:01.714Z] Error reading actual data: no connection to modbus server
[2024-12-26T06:06:01.714Z] Error reading or processing Modbus registers: no connection to modbus server
[2024-12-26T06:06:01.714Z] Error writing to Modbus register: no connection to modbus server
[2024-12-26T06:06:02.719Z] Error reading register 6507 for IP 10.30.28.23: no connection to modbus server
[2024-12-26T06:06:02.720Z] Error reading actual data: no connection to modbus server
[2024-12-26T06:06:02.720Z] Error reading or processing Modbus registers: no connection to modbus server
[2024-12-26T06:06:02.720Z] Error writing to Modbus register: no connection to modbus server
[2024-12-26T06:06:03.722Z] Error reading actual data: no connection to modbus server
[2024-12-26T06:06:03.722Z] Error reading register 6507 for IP 10.30.28.23: no connection to modbus server
[2024-12-26T06:06:03.722Z] Error reading or processing Modbus registers: no connection to modbus server
[2024-12-26T06:06:03.723Z] Error writing to Modbus register: no connection to modbus server
[2024-12-26T06:06:04.723Z] Error reading register 6507 for IP 10.30.28.23: no connection to modbus server
[2024-12-26T06:06:04.723Z] Error reading actual data: no connection to modbus server
[2024-12-26T06:06:04.723Z] Error reading or processing Modbus registers: no connection to modbus server
[2024-12-26T06:06:04.725Z] Error writing to Modbus register: no connection to modbus server
[2024-12-26T06:06:05.737Z] Error reading register 6507 for IP 10.30.28.23: no connection to modbus server
[2024-12-26T06:06:05.737Z] Error reading actual data: no connection to modbus server
[2024-12-26T06:06:05.737Z] Error reading or processing Modbus registers: no connection to modbus server
[2024-12-26T06:06:05.738Z] Error writing to Modbus register: no connection to modbus server
[2024-12-26T06:06:06.752Z] Error reading register 6507 for IP 10.30.28.23: no connection to modbus server
[2024-12-26T06:06:06.752Z] Error reading actual data: no connection to modbus server
[2024-12-26T06:06:06.752Z] Error reading or processing Modbus registers: no connection to modbus server
[2024-12-26T06:06:06.752Z] Error writing to Modbus register: no connection to modbus server
[2024-12-26T06:06:07.753Z] Error reading register 6507 for IP 10.30.28.23: no connection to modbus server
[2024-12-26T06:06:07.753Z] Error reading actual data: no connection to modbus server
[2024-12-26T06:06:07.754Z] Error reading or processing Modbus registers: no connection to modbus server
[2024-12-26T06:06:07.754Z] Error writing to Modbus register: no connection to modbus server
[2024-12-26T06:06:08.755Z] Error reading register 6507 for IP 10.30.28.23: no connection to modbus server
[2024-12-26T06:06:08.755Z] Error reading actual data: no connection to modbus server
[2024-12-26T06:06:08.755Z] Error reading or processing Modbus registers: no connection to modbus server
[2024-12-26T06:06:08.756Z] Error writing to Modbus register: no connection to modbus server
[2024-12-26T06:06:09.755Z] Error reading register 6507 for IP 10.30.28.23: no connection to modbus server
[2024-12-26T06:06:09.755Z] Error reading actual data: no connection to modbus server
[2024-12-26T06:06:09.756Z] Error reading or processing Modbus registers: no connection to modbus server
[2024-12-26T06:06:09.756Z] Error writing to Modbus register: no connection to modbus server
[2024-12-26T06:06:10.768Z] Error reading register 6507 for IP 10.30.28.23: no connection to modbus server
[2024-12-26T06:06:10.769Z] Error reading actual data: no connection to modbus server
[2024-12-26T06:06:10.769Z] Error reading or processing Modbus registers: no connection to modbus server
[2024-12-26T06:06:10.769Z] Error writing to Modbus register: no connection to modbus server
[2024-12-26T06:06:11.771Z] Error reading register 6507 for IP 10.30.28.23: no connection to modbus server
[2024-12-26T06:06:11.771Z] Error reading actual data: no connection to modbus server
[2024-12-26T06:06:11.772Z] Error reading or processing Modbus registers: no connection to modbus server
[2024-12-26T06:06:11.772Z] Error writing to Modbus register: no connection to modbus server
[2024-12-26T06:06:12.774Z] Error reading register 6507 for IP 10.30.28.23: no connection to modbus server
[2024-12-26T06:06:12.775Z] Error reading or processing Modbus registers: no connection to modbus server
[2024-12-26T06:06:12.775Z] Error reading actual data: no connection to modbus server
[2024-12-26T06:06:12.775Z] Error writing to Modbus register: no connection to modbus server
[2024-12-26T06:06:13.776Z] Error reading register 6507 for IP 10.30.28.23: no connection to modbus server
[2024-12-26T06:06:13.776Z] Error reading actual data: no connection to modbus server
[2024-12-26T06:06:13.776Z] Error reading or processing Modbus registers: no connection to modbus server
[2024-12-26T06:06:13.777Z] Error writing to Modbus register: no connection to modbus server
[2024-12-26T06:06:14.776Z] Error reading register 6507 for IP 10.30.28.23: no connection to modbus server
[2024-12-26T06:06:14.776Z] Error reading actual data: no connection to modbus server
[2024-12-26T06:06:14.776Z] Error reading or processing Modbus registers: no connection to modbus server
[2024-12-26T06:06:14.777Z] Error writing to Modbus register: no connection to modbus server
[2024-12-26T06:06:15.778Z] Error reading register 6507 for IP 10.30.28.23: no connection to modbus server
[2024-12-26T06:06:15.778Z] Error reading actual data: no connection to modbus server
[2024-12-26T06:06:15.778Z] Error reading or processing Modbus registers: no connection to modbus server
[2024-12-26T06:06:15.778Z] Error writing to Modbus register: no connection to modbus server
[2024-12-26T06:06:16.780Z] Error reading register 6507 for IP 10.30.28.23: no connection to modbus server
[2024-12-26T06:06:16.781Z] Error reading actual data: no connection to modbus server
[2024-12-26T06:06:16.781Z] Error writing to Modbus register: no connection to modbus server
[2024-12-26T06:06:16.781Z] Error reading or processing Modbus registers: no connection to modbus server
[2024-12-26T06:06:17.786Z] Error reading register 6507 for IP 10.30.28.23: no connection to modbus server
[2024-12-26T06:06:17.786Z] Error reading actual data: no connection to modbus server
[2024-12-26T06:06:17.786Z] Error reading or processing Modbus registers: no connection to modbus server
[2024-12-26T06:06:17.786Z] Error writing to Modbus register: no connection to modbus server
[2024-12-26T06:06:18.799Z] Error reading register 6507 for IP 10.30.28.23: no connection to modbus server
[2024-12-26T06:06:18.799Z] Error reading actual data: no connection to modbus server
[2024-12-26T06:06:18.799Z] Error reading or processing Modbus registers: no connection to modbus server
[2024-12-26T06:06:18.800Z] Error writing to Modbus register: no connection to modbus server
[2024-12-26T06:06:19.802Z] Error reading register 6507 for IP 10.30.28.23: no connection to modbus server
[2024-12-26T06:06:19.802Z] Error reading actual data: no connection to modbus server
[2024-12-26T06:06:19.802Z] Error reading or processing Modbus registers: no connection to modbus server
[2024-12-26T06:06:19.803Z] Error writing to Modbus register: no connection to modbus server
[2024-12-26T06:06:20.811Z] Error reading register 6507 for IP 10.30.28.23: no connection to modbus server
[2024-12-26T06:06:20.811Z] Error reading actual data: no connection to modbus server
[2024-12-26T06:06:20.811Z] Error reading or processing Modbus registers: no connection to modbus server
[2024-12-26T06:06:20.812Z] Error writing to Modbus register: no connection to modbus server
[2024-12-26T06:06:21.818Z] Error reading register 6507 for IP 10.30.28.23: no connection to modbus server
[2024-12-26T06:06:21.818Z] Error reading actual data: no connection to modbus server
[2024-12-26T06:06:21.819Z] Error reading or processing Modbus registers: no connection to modbus server
[2024-12-26T06:06:21.819Z] Error writing to Modbus register: no connection to modbus server
[2024-12-26T06:06:22.821Z] Error reading register 6507 for IP 10.30.28.23: no connection to modbus server
[2024-12-26T06:06:22.821Z] Error reading actual data: no connection to modbus server
[2024-12-26T06:06:22.822Z] Error reading or processing Modbus registers: no connection to modbus server
[2024-12-26T06:06:22.822Z] Error writing to Modbus register: no connection to modbus server
[2024-12-26T06:06:23.835Z] Error reading register 6507 for IP 10.30.28.23: no connection to modbus server
[2024-12-26T06:06:23.836Z] Error reading actual data: no connection to modbus server
[2024-12-26T06:06:23.836Z] Error reading or processing Modbus registers: no connection to modbus server
[2024-12-26T06:06:23.836Z] Error writing to Modbus register: no connection to modbus server
[2024-12-26T06:06:24.840Z] Error reading register 6507 for IP 10.30.28.23: no connection to modbus server
[2024-12-26T06:06:24.840Z] Error reading or processing Modbus registers: no connection to modbus server
[2024-12-26T06:06:24.840Z] Error reading actual data: no connection to modbus server
[2024-12-26T06:06:24.841Z] Error writing to Modbus register: no connection to modbus server
[2024-12-26T06:06:25.855Z] Error reading register 6507 for IP 10.30.28.23: no connection to modbus server
[2024-12-26T06:06:25.855Z] Error reading or processing Modbus registers: no connection to modbus server
[2024-12-26T06:06:25.855Z] Error writing to Modbus register: no connection to modbus server
[2024-12-26T06:06:25.855Z] Error reading actual data: no connection to modbus server
[2024-12-26T06:06:26.858Z] Error reading register 6507 for IP 10.30.28.23: no connection to modbus server
[2024-12-26T06:06:26.858Z] Error reading actual data: no connection to modbus server
[2024-12-26T06:06:26.859Z] Error reading or processing Modbus registers: no connection to modbus server
[2024-12-26T06:06:26.859Z] Error writing to Modbus register: no connection to modbus server
[2024-12-26T06:06:27.860Z] Error reading register 6507 for IP 10.30.28.23: no connection to modbus server
[2024-12-26T06:06:27.861Z] Error reading actual data: no connection to modbus server
[2024-12-26T06:06:27.861Z] Error reading or processing Modbus registers: no connection to modbus server
[2024-12-26T06:06:27.861Z] Error writing to Modbus register: no connection to modbus server
[2024-12-26T06:06:28.876Z] Error reading register 6507 for IP 10.30.28.23: no connection to modbus server
[2024-12-26T06:06:28.876Z] Error reading actual data: no connection to modbus server
[2024-12-26T06:06:28.876Z] Error reading or processing Modbus registers: no connection to modbus server
[2024-12-26T06:06:28.877Z] Error writing to Modbus register: no connection to modbus server
[2024-12-26T06:06:29.892Z] Error reading actual data: no connection to modbus server
[2024-12-26T06:06:29.892Z] Error reading register 6507 for IP 10.30.28.23: no connection to modbus server
[2024-12-26T06:06:29.892Z] Error reading or processing Modbus registers: no connection to modbus server
[2024-12-26T06:06:29.892Z] Error writing to Modbus register: no connection to modbus server
[2024-12-26T06:06:30.896Z] Error reading register 6507 for IP 10.30.28.23: no connection to modbus server
[2024-12-26T06:06:30.897Z] Error reading actual data: no connection to modbus server
[2024-12-26T06:06:30.897Z] Error reading or processing Modbus registers: no connection to modbus server
[2024-12-26T06:06:30.897Z] Error writing to Modbus register: no connection to modbus server
[2024-12-26T06:06:31.898Z] Error reading register 6507 for IP 10.30.28.23: no connection to modbus server
[2024-12-26T06:06:31.898Z] Error reading actual data: no connection to modbus server
[2024-12-26T06:06:31.898Z] Error reading or processing Modbus registers: no connection to modbus server
[2024-12-26T06:06:31.898Z] Error writing to Modbus register: no connection to modbus server
[2024-12-26T06:06:32.912Z] Error reading register 6507 for IP 10.30.28.23: no connection to modbus server
[2024-12-26T06:06:32.912Z] Error reading actual data: no connection to modbus server
[2024-12-26T06:06:32.913Z] Error reading or processing Modbus registers: no connection to modbus server
[2024-12-26T06:06:32.913Z] Error writing to Modbus register: no connection to modbus server
[2024-12-26T06:06:33.916Z] Error reading register 6507 for IP 10.30.28.23: no connection to modbus server
[2024-12-26T06:06:33.917Z] Error reading or processing Modbus registers: no connection to modbus server
[2024-12-26T06:06:33.916Z] Error reading actual data: no connection to modbus server
[2024-12-26T06:06:33.917Z] Error writing to Modbus register: no connection to modbus server
[2024-12-26T06:06:34.931Z] Error reading register 6507 for IP 10.30.28.23: no connection to modbus server
[2024-12-26T06:06:34.931Z] Error reading actual data: no connection to modbus server
[2024-12-26T06:06:34.931Z] Error reading or processing Modbus registers: no connection to modbus server
[2024-12-26T06:06:34.931Z] Error writing to Modbus register: no connection to modbus server
[2024-12-26T06:06:35.936Z] Error reading register 6507 for IP 10.30.28.23: no connection to modbus server
[2024-12-26T06:06:35.937Z] Error reading actual data: no connection to modbus server
[2024-12-26T06:06:35.937Z] Error reading or processing Modbus registers: no connection to modbus server
[2024-12-26T06:06:35.937Z] Error writing to Modbus register: no connection to modbus server
[2024-12-26T06:06:36.951Z] Error reading register 6507 for IP 10.30.28.23: no connection to modbus server
[2024-12-26T06:06:36.951Z] Error reading actual data: no connection to modbus server
[2024-12-26T06:06:36.951Z] Error reading or processing Modbus registers: no connection to modbus server
[2024-12-26T06:06:36.951Z] Error writing to Modbus register: no connection to modbus server
[2024-12-26T06:06:37.956Z] Error reading register 6507 for IP 10.30.28.23: no connection to modbus server
[2024-12-26T06:06:37.957Z] Error reading actual data: no connection to modbus server
[2024-12-26T06:06:37.957Z] Error reading or processing Modbus registers: no connection to modbus server
[2024-12-26T06:06:37.957Z] Error writing to Modbus register: no connection to modbus server
[2024-12-26T06:06:38.961Z] Error reading register 6507 for IP 10.30.28.23: no connection to modbus server
[2024-12-26T06:06:38.961Z] Error reading actual data: no connection to modbus server
[2024-12-26T06:06:38.961Z] Error reading or processing Modbus registers: no connection to modbus server
[2024-12-26T06:06:38.961Z] Error writing to Modbus register: no connection to modbus server
[2024-12-26T06:06:39.976Z] Error reading register 6507 for IP 10.30.28.23: no connection to modbus server
[2024-12-26T06:06:39.976Z] Error reading actual data: no connection to modbus server
[2024-12-26T06:06:39.977Z] Error reading or processing Modbus registers: no connection to modbus server
[2024-12-26T06:06:39.977Z] Error writing to Modbus register: no connection to modbus server
[2024-12-26T06:06:40.977Z] Error reading register 6507 for IP 10.30.28.23: no connection to modbus server
[2024-12-26T06:06:40.977Z] Error reading actual data: no connection to modbus server
[2024-12-26T06:06:40.977Z] Error reading or processing Modbus registers: no connection to modbus server
[2024-12-26T06:06:40.978Z] Error writing to Modbus register: no connection to modbus server
[2024-12-26T06:06:41.983Z] Error reading register 6507 for IP 10.30.28.23: no connection to modbus server
[2024-12-26T06:06:41.983Z] Error reading actual data: no connection to modbus server
[2024-12-26T06:06:41.983Z] Error reading or processing Modbus registers: no connection to modbus server
[2024-12-26T06:06:41.984Z] Error writing to Modbus register: no connection to modbus server
[2024-12-26T06:06:42.984Z] Error reading register 6507 for IP 10.30.28.23: no connection to modbus server
[2024-12-26T06:06:42.984Z] Error reading actual data: no connection to modbus server
[2024-12-26T06:06:42.984Z] Error reading or processing Modbus registers: no connection to modbus server
[2024-12-26T06:06:42.984Z] Error writing to Modbus register: no connection to modbus server
[2024-12-26T06:06:43.999Z] Error reading register 6507 for IP 10.30.28.23: no connection to modbus server
[2024-12-26T06:06:43.999Z] Error reading actual data: no connection to modbus server
[2024-12-26T06:06:43.999Z] Error reading or processing Modbus registers: no connection to modbus server
[2024-12-26T06:06:44.000Z] Error writing to Modbus register: no connection to modbus server
[2024-12-26T06:06:45.013Z] Error reading register 6507 for IP 10.30.28.23: no connection to modbus server
[2024-12-26T06:06:45.013Z] Error reading actual data: no connection to modbus server
[2024-12-26T06:06:45.013Z] Error reading or processing Modbus registers: no connection to modbus server
[2024-12-26T06:06:45.014Z] Error writing to Modbus register: no connection to modbus server
[2024-12-26T06:06:46.027Z] Error reading register 6507 for IP 10.30.28.23: no connection to modbus server
[2024-12-26T06:06:46.027Z] Error reading actual data: no connection to modbus server
[2024-12-26T06:06:46.028Z] Error reading or processing Modbus registers: no connection to modbus server
[2024-12-26T06:06:46.028Z] Error writing to Modbus register: no connection to modbus server
[2024-12-26T06:06:47.032Z] Error reading register 6507 for IP 10.30.28.23: no connection to modbus server
[2024-12-26T06:06:47.032Z] Error reading actual data: no connection to modbus server
[2024-12-26T06:06:47.032Z] Error reading or processing Modbus registers: no connection to modbus server
[2024-12-26T06:06:47.033Z] Error writing to Modbus register: no connection to modbus server
[2024-12-26T06:06:48.037Z] Error reading register 6507 for IP 10.30.28.23: no connection to modbus server
[2024-12-26T06:06:48.037Z] Error reading actual data: no connection to modbus server
[2024-12-26T06:06:48.037Z] Error reading or processing Modbus registers: no connection to modbus server
[2024-12-26T06:06:48.038Z] Error writing to Modbus register: no connection to modbus server
[2024-12-26T06:06:49.040Z] Error reading actual data: no connection to modbus server
[2024-12-26T06:06:49.040Z] Error reading register 6507 for IP 10.30.28.23: no connection to modbus server
[2024-12-26T06:06:49.040Z] Error reading or processing Modbus registers: no connection to modbus server
[2024-12-26T06:06:49.041Z] Error writing to Modbus register: no connection to modbus server
[2024-12-26T06:06:50.045Z] Error reading register 6507 for IP 10.30.28.23: no connection to modbus server
[2024-12-26T06:06:50.045Z] Error reading actual data: no connection to modbus server
[2024-12-26T06:06:50.045Z] Error reading or processing Modbus registers: no connection to modbus server
[2024-12-26T06:06:50.046Z] Error writing to Modbus register: no connection to modbus server
[2024-12-26T06:06:51.047Z] Error reading register 6507 for IP 10.30.28.23: no connection to modbus server
[2024-12-26T06:06:51.047Z] Error reading actual data: no connection to modbus server
[2024-12-26T06:06:51.048Z] Error reading or processing Modbus registers: no connection to modbus server
[2024-12-26T06:06:51.048Z] Error writing to Modbus register: no connection to modbus server
[2024-12-26T06:06:52.050Z] Error reading register 6507 for IP 10.30.28.23: no connection to modbus server
[2024-12-26T06:06:52.050Z] Error reading actual data: no connection to modbus server
[2024-12-26T06:06:52.051Z] Error reading or processing Modbus registers: no connection to modbus server
[2024-12-26T06:06:52.051Z] Error writing to Modbus register: no connection to modbus server
[2024-12-26T06:06:53.063Z] Error reading register 6507 for IP 10.30.28.23: no connection to modbus server
[2024-12-26T06:06:53.063Z] Error reading actual data: no connection to modbus server
[2024-12-26T06:06:53.063Z] Error reading or processing Modbus registers: no connection to modbus server
[2024-12-26T06:06:53.064Z] Error writing to Modbus register: no connection to modbus server
[2024-12-26T06:06:54.068Z] Error reading register 6507 for IP 10.30.28.23: no connection to modbus server
[2024-12-26T06:06:54.068Z] Error reading actual data: no connection to modbus server
[2024-12-26T06:06:54.068Z] Error reading or processing Modbus registers: no connection to modbus server
[2024-12-26T06:06:54.069Z] Error writing to Modbus register: no connection to modbus server
[2024-12-26T06:06:55.071Z] Error reading register 6507 for IP 10.30.28.23: no connection to modbus server
[2024-12-26T06:06:55.071Z] Error reading actual data: no connection to modbus server
[2024-12-26T06:06:55.071Z] Error reading or processing Modbus registers: no connection to modbus server
[2024-12-26T06:06:55.072Z] Error writing to Modbus register: no connection to modbus server
[2024-12-26T06:06:56.075Z] Error reading register 6507 for IP 10.30.28.23: no connection to modbus server
[2024-12-26T06:06:56.076Z] Error reading actual data: no connection to modbus server
[2024-12-26T06:06:56.076Z] Error reading or processing Modbus registers: no connection to modbus server
[2024-12-26T06:06:56.076Z] Error writing to Modbus register: no connection to modbus server
[2024-12-26T06:06:57.081Z] Error reading register 6507 for IP 10.30.28.23: no connection to modbus server
[2024-12-26T06:06:57.082Z] Error reading actual data: no connection to modbus server
[2024-12-26T06:06:57.082Z] Error reading or processing Modbus registers: no connection to modbus server
[2024-12-26T06:06:57.082Z] Error writing to Modbus register: no connection to modbus server
[2024-12-26T06:06:58.096Z] Error reading register 6507 for IP 10.30.28.23: no connection to modbus server
[2024-12-26T06:06:58.096Z] Error reading actual data: no connection to modbus server
[2024-12-26T06:06:58.097Z] Error reading or processing Modbus registers: no connection to modbus server
[2024-12-26T06:06:58.097Z] Error writing to Modbus register: no connection to modbus server
[2024-12-26T06:06:59.103Z] Error reading register 6507 for IP 10.30.28.23: no connection to modbus server
[2024-12-26T06:06:59.103Z] Error reading actual data: no connection to modbus server
[2024-12-26T06:06:59.103Z] Error reading or processing Modbus registers: no connection to modbus server
[2024-12-26T06:06:59.103Z] Error writing to Modbus register: no connection to modbus server
[2024-12-26T06:07:00.106Z] Error reading register 6507 for IP 10.30.28.23: no connection to modbus server
[2024-12-26T06:07:00.106Z] Error reading actual data: no connection to modbus server
[2024-12-26T06:07:00.107Z] Error reading or processing Modbus registers: no connection to modbus server
[2024-12-26T06:07:00.107Z] Error writing to Modbus register: no connection to modbus server
[2024-12-26T06:07:01.112Z] Error reading register 6507 for IP 10.30.28.23: no connection to modbus server
[2024-12-26T06:07:01.113Z] Error reading actual data: no connection to modbus server
[2024-12-26T06:07:01.113Z] Error reading or processing Modbus registers: no connection to modbus server
[2024-12-26T06:07:01.113Z] Error writing to Modbus register: no connection to modbus server
[2024-12-26T06:07:02.117Z] Error reading register 6507 for IP 10.30.28.23: no connection to modbus server
[2024-12-26T06:07:02.118Z] Error reading actual data: no connection to modbus server
[2024-12-26T06:07:02.118Z] Error reading or processing Modbus registers: no connection to modbus server
[2024-12-26T06:07:02.118Z] Error writing to Modbus register: no connection to modbus server
[2024-12-26T06:07:03.119Z] Error reading register 6507 for IP 10.30.28.23: no connection to modbus server
[2024-12-26T06:07:03.119Z] Error reading actual data: no connection to modbus server
[2024-12-26T06:07:03.119Z] Error reading or processing Modbus registers: no connection to modbus server
[2024-12-26T06:07:03.120Z] Error writing to Modbus register: no connection to modbus server
[2024-12-26T06:07:04.120Z] Error reading register 6507 for IP 10.30.28.23: no connection to modbus server
[2024-12-26T06:07:04.120Z] Error reading actual data: no connection to modbus server
[2024-12-26T06:07:04.120Z] Error reading or processing Modbus registers: no connection to modbus server
[2024-12-26T06:07:04.121Z] Error writing to Modbus register: no connection to modbus server
[2024-12-26T06:07:05.120Z] Error reading register 6507 for IP 10.30.28.23: no connection to modbus server
[2024-12-26T06:07:05.120Z] Error reading actual data: no connection to modbus server
[2024-12-26T06:07:05.120Z] Error reading or processing Modbus registers: no connection to modbus server
[2024-12-26T06:07:05.121Z] Error writing to Modbus register: no connection to modbus server
[2024-12-26T06:07:06.122Z] Error reading actual data: no connection to modbus server
[2024-12-26T06:07:06.121Z] Error reading register 6507 for IP 10.30.28.23: no connection to modbus server
[2024-12-26T06:07:06.122Z] Error reading or processing Modbus registers: no connection to modbus server
[2024-12-26T06:07:06.122Z] Error writing to Modbus register: no connection to modbus server
[2024-12-26T06:07:07.125Z] Error reading register 6507 for IP 10.30.28.23: no connection to modbus server
[2024-12-26T06:07:07.125Z] Error reading actual data: no connection to modbus server
[2024-12-26T06:07:07.126Z] Error reading or processing Modbus registers: no connection to modbus server
[2024-12-26T06:07:07.126Z] Error writing to Modbus register: no connection to modbus server
[2024-12-26T06:07:08.129Z] Error reading register 6507 for IP 10.30.28.23: no connection to modbus server
[2024-12-26T06:07:08.130Z] Error reading actual data: no connection to modbus server
[2024-12-26T06:07:08.130Z] Error reading or processing Modbus registers: no connection to modbus server
[2024-12-26T06:07:08.130Z] Error writing to Modbus register: no connection to modbus server
[2024-12-26T06:07:09.144Z] Error reading register 6507 for IP 10.30.28.23: no connection to modbus server
[2024-12-26T06:07:09.144Z] Error reading actual data: no connection to modbus server
[2024-12-26T06:07:09.144Z] Error reading or processing Modbus registers: no connection to modbus server
[2024-12-26T06:07:09.145Z] Error writing to Modbus register: no connection to modbus server
[2024-12-26T06:07:10.150Z] Error reading register 6507 for IP 10.30.28.23: no connection to modbus server
[2024-12-26T06:07:10.150Z] Error reading actual data: no connection to modbus server
[2024-12-26T06:07:10.150Z] Error reading or processing Modbus registers: no connection to modbus server
[2024-12-26T06:07:10.151Z] Error writing to Modbus register: no connection to modbus server
[2024-12-26T06:07:11.152Z] Error reading register 6507 for IP 10.30.28.23: no connection to modbus server
[2024-12-26T06:07:11.152Z] Error reading actual data: no connection to modbus server
[2024-12-26T06:07:11.152Z] Error reading or processing Modbus registers: no connection to modbus server
[2024-12-26T06:07:11.153Z] Error writing to Modbus register: no connection to modbus server
[2024-12-26T06:07:12.158Z] Error reading register 6507 for IP 10.30.28.23: no connection to modbus server
[2024-12-26T06:07:12.158Z] Error reading actual data: no connection to modbus server
[2024-12-26T06:07:12.158Z] Error reading or processing Modbus registers: no connection to modbus server
[2024-12-26T06:07:12.158Z] Error writing to Modbus register: no connection to modbus server
[2024-12-26T06:07:13.200Z] Error reading register 6507 for IP 10.30.28.23: no connection to modbus server
[2024-12-26T06:07:13.200Z] Error reading actual data: no connection to modbus server
[2024-12-26T06:07:13.200Z] Error reading or processing Modbus registers: no connection to modbus server
[2024-12-26T06:07:13.201Z] Error writing to Modbus register: no connection to modbus server
[2024-12-26T06:07:14.202Z] Error reading register 6507 for IP 10.30.28.23: no connection to modbus server
[2024-12-26T06:07:14.203Z] Error reading actual data: no connection to modbus server
[2024-12-26T06:07:14.203Z] Error reading or processing Modbus registers: no connection to modbus server
[2024-12-26T06:07:14.203Z] Error writing to Modbus register: no connection to modbus server
[2024-12-26T06:07:15.218Z] Error reading register 6507 for IP 10.30.28.23: no connection to modbus server
[2024-12-26T06:07:15.218Z] Error reading actual data: no connection to modbus server
[2024-12-26T06:07:15.218Z] Error reading or processing Modbus registers: no connection to modbus server
[2024-12-26T06:07:15.218Z] Error writing to Modbus register: no connection to modbus server
[2024-12-26T06:07:16.233Z] Error reading register 6507 for IP 10.30.28.23: no connection to modbus server
[2024-12-26T06:07:16.233Z] Error reading actual data: no connection to modbus server
[2024-12-26T06:07:16.233Z] Error reading or processing Modbus registers: no connection to modbus server
[2024-12-26T06:07:16.233Z] Error writing to Modbus register: no connection to modbus server
[2024-12-26T06:07:17.234Z] Error reading register 6507 for IP 10.30.28.23: no connection to modbus server
[2024-12-26T06:07:17.234Z] Error reading actual data: no connection to modbus server
[2024-12-26T06:07:17.234Z] Error reading or processing Modbus registers: no connection to modbus server
[2024-12-26T06:07:17.235Z] Error writing to Modbus register: no connection to modbus server
[2024-12-26T06:07:18.238Z] Error reading register 6507 for IP 10.30.28.23: no connection to modbus server
[2024-12-26T06:07:18.238Z] Error reading actual data: no connection to modbus server
[2024-12-26T06:07:18.238Z] Error reading or processing Modbus registers: no connection to modbus server
[2024-12-26T06:07:18.239Z] Error writing to Modbus register: no connection to modbus server
[2024-12-26T06:07:19.241Z] Error reading register 6507 for IP 10.30.28.23: no connection to modbus server
[2024-12-26T06:07:19.241Z] Error reading actual data: no connection to modbus server
[2024-12-26T06:07:19.241Z] Error reading or processing Modbus registers: no connection to modbus server
[2024-12-26T06:07:19.241Z] Error writing to Modbus register: no connection to modbus server
[2024-12-26T06:07:20.244Z] Error reading register 6507 for IP 10.30.28.23: no connection to modbus server
[2024-12-26T06:07:20.245Z] Error reading actual data: no connection to modbus server
[2024-12-26T06:07:20.245Z] Error reading or processing Modbus registers: no connection to modbus server
[2024-12-26T06:07:20.245Z] Error writing to Modbus register: no connection to modbus server
[2024-12-26T06:07:21.249Z] Error reading register 6507 for IP 10.30.28.23: no connection to modbus server
[2024-12-26T06:07:21.249Z] Error reading actual data: no connection to modbus server
[2024-12-26T06:07:21.250Z] Error reading or processing Modbus registers: no connection to modbus server
[2024-12-26T06:07:21.250Z] Error writing to Modbus register: no connection to modbus server
[2024-12-26T06:07:22.254Z] Error reading register 6507 for IP 10.30.28.23: no connection to modbus server
[2024-12-26T06:07:22.254Z] Error reading actual data: no connection to modbus server
[2024-12-26T06:07:22.255Z] Error reading or processing Modbus registers: no connection to modbus server
[2024-12-26T06:07:22.255Z] Error writing to Modbus register: no connection to modbus server
[2024-12-26T06:07:23.258Z] Error reading register 6507 for IP 10.30.28.23: no connection to modbus server
[2024-12-26T06:07:23.258Z] Error reading actual data: no connection to modbus server
[2024-12-26T06:07:23.259Z] Error reading or processing Modbus registers: no connection to modbus server
[2024-12-26T06:07:23.259Z] Error writing to Modbus register: no connection to modbus server
[2024-12-26T06:07:24.262Z] Error reading register 6507 for IP 10.30.28.23: no connection to modbus server
[2024-12-26T06:07:24.262Z] Error reading actual data: no connection to modbus server
[2024-12-26T06:07:24.262Z] Error reading or processing Modbus registers: no connection to modbus server
[2024-12-26T06:07:24.263Z] Error writing to Modbus register: no connection to modbus server
[2024-12-26T06:07:25.266Z] Error reading register 6507 for IP 10.30.28.23: no connection to modbus server
[2024-12-26T06:07:25.266Z] Error reading actual data: no connection to modbus server
[2024-12-26T06:07:25.267Z] Error reading or processing Modbus registers: no connection to modbus server
[2024-12-26T06:07:25.267Z] Error writing to Modbus register: no connection to modbus server
[2024-12-26T06:07:26.281Z] Error reading register 6507 for IP 10.30.28.23: no connection to modbus server
[2024-12-26T06:07:26.281Z] Error reading actual data: no connection to modbus server
[2024-12-26T06:07:26.281Z] Error reading or processing Modbus registers: no connection to modbus server
[2024-12-26T06:07:26.282Z] Error writing to Modbus register: no connection to modbus server
[2024-12-26T06:07:27.285Z] Error reading register 6507 for IP 10.30.28.23: no connection to modbus server
[2024-12-26T06:07:27.286Z] Error reading actual data: no connection to modbus server
[2024-12-26T06:07:27.286Z] Error reading or processing Modbus registers: no connection to modbus server
[2024-12-26T06:07:27.286Z] Error writing to Modbus register: no connection to modbus server
[2024-12-26T06:07:28.289Z] Error reading register 6507 for IP 10.30.28.23: no connection to modbus server
[2024-12-26T06:07:28.289Z] Error reading actual data: no connection to modbus server
[2024-12-26T06:07:28.289Z] Error reading or processing Modbus registers: no connection to modbus server
[2024-12-26T06:07:28.290Z] Error writing to Modbus register: no connection to modbus server
[2024-12-26T06:07:29.291Z] Error reading register 6507 for IP 10.30.28.23: no connection to modbus server
[2024-12-26T06:07:29.291Z] Error reading actual data: no connection to modbus server
[2024-12-26T06:07:29.291Z] Error reading or processing Modbus registers: no connection to modbus server
[2024-12-26T06:07:29.292Z] Error writing to Modbus register: no connection to modbus server
[2024-12-26T06:07:30.293Z] Error reading register 6507 for IP 10.30.28.23: no connection to modbus server
[2024-12-26T06:07:30.293Z] Error reading actual data: no connection to modbus server
[2024-12-26T06:07:30.293Z] Error reading or processing Modbus registers: no connection to modbus server
[2024-12-26T06:07:30.294Z] Error writing to Modbus register: no connection to modbus server
[2024-12-26T06:07:31.296Z] Error reading register 6507 for IP 10.30.28.23: no connection to modbus server
[2024-12-26T06:07:31.296Z] Error reading actual data: no connection to modbus server
[2024-12-26T06:07:31.296Z] Error reading or processing Modbus registers: no connection to modbus server
[2024-12-26T06:07:31.296Z] Error writing to Modbus register: no connection to modbus server
[2024-12-26T06:07:32.302Z] Error reading register 6507 for IP 10.30.28.23: no connection to modbus server
[2024-12-26T06:07:32.302Z] Error reading actual data: no connection to modbus server
[2024-12-26T06:07:32.302Z] Error reading or processing Modbus registers: no connection to modbus server
[2024-12-26T06:07:32.302Z] Error writing to Modbus register: no connection to modbus server
[2024-12-26T06:07:33.314Z] Error reading register 6507 for IP 10.30.28.23: no connection to modbus server
[2024-12-26T06:07:33.314Z] Error reading actual data: no connection to modbus server
[2024-12-26T06:07:33.315Z] Error reading or processing Modbus registers: no connection to modbus server
[2024-12-26T06:07:33.315Z] Error writing to Modbus register: no connection to modbus server
[2024-12-26T06:07:34.316Z] Error reading register 6507 for IP 10.30.28.23: no connection to modbus server
[2024-12-26T06:07:34.316Z] Error reading actual data: no connection to modbus server
[2024-12-26T06:07:34.316Z] Error reading or processing Modbus registers: no connection to modbus server
[2024-12-26T06:07:34.316Z] Error writing to Modbus register: no connection to modbus server
[2024-12-26T06:07:35.331Z] Error reading register 6507 for IP 10.30.28.23: no connection to modbus server
[2024-12-26T06:07:35.331Z] Error reading actual data: no connection to modbus server
[2024-12-26T06:07:35.331Z] Error reading or processing Modbus registers: no connection to modbus server
[2024-12-26T06:07:35.332Z] Error writing to Modbus register: no connection to modbus server
[2024-12-26T06:07:36.335Z] Error reading actual data: no connection to modbus server
[2024-12-26T06:07:36.335Z] Error reading register 6507 for IP 10.30.28.23: no connection to modbus server
[2024-12-26T06:07:36.335Z] Error reading or processing Modbus registers: no connection to modbus server
[2024-12-26T06:07:36.335Z] Error writing to Modbus register: no connection to modbus server
[2024-12-26T06:07:37.338Z] Error reading register 6507 for IP 10.30.28.23: no connection to modbus server
[2024-12-26T06:07:37.338Z] Error reading actual data: no connection to modbus server
[2024-12-26T06:07:37.338Z] Error reading or processing Modbus registers: no connection to modbus server
[2024-12-26T06:07:37.338Z] Error writing to Modbus register: no connection to modbus server
[2024-12-26T06:07:38.343Z] Error reading register 6507 for IP 10.30.28.23: no connection to modbus server
[2024-12-26T06:07:38.344Z] Error reading actual data: no connection to modbus server
[2024-12-26T06:07:38.344Z] Error reading or processing Modbus registers: no connection to modbus server
[2024-12-26T06:07:38.344Z] Error writing to Modbus register: no connection to modbus server
[2024-12-26T06:07:39.346Z] Error reading register 6507 for IP 10.30.28.23: no connection to modbus server
[2024-12-26T06:07:39.347Z] Error reading actual data: no connection to modbus server
[2024-12-26T06:07:39.347Z] Error reading or processing Modbus registers: no connection to modbus server
[2024-12-26T06:07:39.347Z] Error writing to Modbus register: no connection to modbus server
[2024-12-26T06:07:40.347Z] Error reading register 6507 for IP 10.30.28.23: no connection to modbus server
[2024-12-26T06:07:40.347Z] Error reading actual data: no connection to modbus server
[2024-12-26T06:07:40.347Z] Error reading or processing Modbus registers: no connection to modbus server
[2024-12-26T06:07:40.348Z] Error writing to Modbus register: no connection to modbus server
[2024-12-26T06:07:41.352Z] Error reading register 6507 for IP 10.30.28.23: no connection to modbus server
[2024-12-26T06:07:41.353Z] Error reading actual data: no connection to modbus server
[2024-12-26T06:07:41.353Z] Error reading or processing Modbus registers: no connection to modbus server
[2024-12-26T06:07:41.353Z] Error writing to Modbus register: no connection to modbus server
[2024-12-26T06:07:42.356Z] Error reading register 6507 for IP 10.30.28.23: no connection to modbus server
[2024-12-26T06:07:42.357Z] Error reading actual data: no connection to modbus server
[2024-12-26T06:07:42.357Z] Error reading or processing Modbus registers: no connection to modbus server
[2024-12-26T06:07:42.357Z] Error writing to Modbus register: no connection to modbus server
[2024-12-26T06:07:43.361Z] Error reading register 6507 for IP 10.30.28.23: no connection to modbus server
[2024-12-26T06:07:43.361Z] Error reading actual data: no connection to modbus server
[2024-12-26T06:07:43.361Z] Error reading or processing Modbus registers: no connection to modbus server
[2024-12-26T06:07:43.361Z] Error writing to Modbus register: no connection to modbus server
[2024-12-26T06:07:44.363Z] Error reading register 6507 for IP 10.30.28.23: no connection to modbus server
[2024-12-26T06:07:44.364Z] Error reading actual data: no connection to modbus server
[2024-12-26T06:07:44.364Z] Error reading or processing Modbus registers: no connection to modbus server
[2024-12-26T06:07:44.364Z] Error writing to Modbus register: no connection to modbus server
[2024-12-26T06:07:45.379Z] Error reading register 6507 for IP 10.30.28.23: no connection to modbus server
[2024-12-26T06:07:45.379Z] Error reading actual data: no connection to modbus server
[2024-12-26T06:07:45.379Z] Error reading or processing Modbus registers: no connection to modbus server
[2024-12-26T06:07:45.380Z] Error writing to Modbus register: no connection to modbus server
[2024-12-26T06:07:46.383Z] Error reading register 6507 for IP 10.30.28.23: no connection to modbus server
[2024-12-26T06:07:46.383Z] Error reading actual data: no connection to modbus server
[2024-12-26T06:07:46.383Z] Error reading or processing Modbus registers: no connection to modbus server
[2024-12-26T06:07:46.383Z] Error writing to Modbus register: no connection to modbus server
[2024-12-26T06:07:47.385Z] Error reading register 6507 for IP 10.30.28.23: no connection to modbus server
[2024-12-26T06:07:47.385Z] Error reading actual data: no connection to modbus server
[2024-12-26T06:07:47.385Z] Error reading or processing Modbus registers: no connection to modbus server
[2024-12-26T06:07:47.385Z] Error writing to Modbus register: no connection to modbus server
[2024-12-26T06:07:48.390Z] Error reading register 6507 for IP 10.30.28.23: no connection to modbus server
[2024-12-26T06:07:48.390Z] Error reading actual data: no connection to modbus server
[2024-12-26T06:07:48.390Z] Error reading or processing Modbus registers: no connection to modbus server
[2024-12-26T06:07:48.391Z] Error writing to Modbus register: no connection to modbus server
[2024-12-26T06:07:49.400Z] Error reading register 6507 for IP 10.30.28.23: no connection to modbus server
[2024-12-26T06:07:49.400Z] Error reading actual data: no connection to modbus server
[2024-12-26T06:07:49.400Z] Error reading or processing Modbus registers: no connection to modbus server
[2024-12-26T06:07:49.401Z] Error writing to Modbus register: no connection to modbus server
[2024-12-26T06:07:50.407Z] Error reading register 6507 for IP 10.30.28.23: no connection to modbus server
[2024-12-26T06:07:50.408Z] Error reading actual data: no connection to modbus server
[2024-12-26T06:07:50.408Z] Error reading or processing Modbus registers: no connection to modbus server
[2024-12-26T06:07:50.408Z] Error writing to Modbus register: no connection to modbus server
[2024-12-26T06:07:51.408Z] Error reading register 6507 for IP 10.30.28.23: no connection to modbus server
[2024-12-26T06:07:51.408Z] Error reading or processing Modbus registers: no connection to modbus server
[2024-12-26T06:07:51.408Z] Error reading actual data: no connection to modbus server
[2024-12-26T06:07:51.409Z] Error writing to Modbus register: no connection to modbus server
[2024-12-26T06:07:52.410Z] Error reading register 6507 for IP 10.30.28.23: no connection to modbus server
[2024-12-26T06:07:52.410Z] Error reading actual data: no connection to modbus server
[2024-12-26T06:07:52.410Z] Error reading or processing Modbus registers: no connection to modbus server
[2024-12-26T06:07:52.410Z] Error writing to Modbus register: no connection to modbus server
[2024-12-26T06:07:53.414Z] Error reading register 6507 for IP 10.30.28.23: no connection to modbus server
[2024-12-26T06:07:53.414Z] Error reading actual data: no connection to modbus server
[2024-12-26T06:07:53.414Z] Error reading or processing Modbus registers: no connection to modbus server
[2024-12-26T06:07:53.415Z] Error writing to Modbus register: no connection to modbus server
[2024-12-26T06:07:54.419Z] Error reading register 6507 for IP 10.30.28.23: no connection to modbus server
[2024-12-26T06:07:54.419Z] Error reading actual data: no connection to modbus server
[2024-12-26T06:07:54.419Z] Error reading or processing Modbus registers: no connection to modbus server
[2024-12-26T06:07:54.420Z] Error writing to Modbus register: no connection to modbus server
[2024-12-26T06:07:55.421Z] Error reading register 6507 for IP 10.30.28.23: no connection to modbus server
[2024-12-26T06:07:55.421Z] Error reading or processing Modbus registers: no connection to modbus server
[2024-12-26T06:07:55.421Z] Error reading actual data: no connection to modbus server
[2024-12-26T06:07:55.422Z] Error writing to Modbus register: no connection to modbus server
[2024-12-26T06:07:56.422Z] Error reading register 6507 for IP 10.30.28.23: no connection to modbus server
[2024-12-26T06:07:56.422Z] Error reading actual data: no connection to modbus server
[2024-12-26T06:07:56.422Z] Error reading or processing Modbus registers: no connection to modbus server
[2024-12-26T06:07:56.423Z] Error writing to Modbus register: no connection to modbus server
[2024-12-26T06:07:57.428Z] Error reading register 6507 for IP 10.30.28.23: no connection to modbus server
[2024-12-26T06:07:57.428Z] Error reading actual data: no connection to modbus server
[2024-12-26T06:07:57.429Z] Error reading or processing Modbus registers: no connection to modbus server
[2024-12-26T06:07:57.429Z] Error writing to Modbus register: no connection to modbus server
[2024-12-26T06:07:58.432Z] Error reading register 6507 for IP 10.30.28.23: no connection to modbus server
[2024-12-26T06:07:58.433Z] Error reading actual data: no connection to modbus server
[2024-12-26T06:07:58.433Z] Error reading or processing Modbus registers: no connection to modbus server
[2024-12-26T06:07:58.433Z] Error writing to Modbus register: no connection to modbus server
[2024-12-26T06:07:59.437Z] Error reading register 6507 for IP 10.30.28.23: no connection to modbus server
[2024-12-26T06:07:59.438Z] Error reading actual data: no connection to modbus server
[2024-12-26T06:07:59.438Z] Error reading or processing Modbus registers: no connection to modbus server
[2024-12-26T06:07:59.438Z] Error writing to Modbus register: no connection to modbus server
[2024-12-26T06:08:00.440Z] Error reading register 6507 for IP 10.30.28.23: no connection to modbus server
[2024-12-26T06:08:00.440Z] Error reading actual data: no connection to modbus server
[2024-12-26T06:08:00.441Z] Error reading or processing Modbus registers: no connection to modbus server
[2024-12-26T06:08:00.441Z] Error writing to Modbus register: no connection to modbus server
[2024-12-26T06:08:01.443Z] Error reading register 6507 for IP 10.30.28.23: no connection to modbus server
[2024-12-26T06:08:01.443Z] Error reading actual data: no connection to modbus server
[2024-12-26T06:08:01.444Z] Error reading or processing Modbus registers: no connection to modbus server
[2024-12-26T06:08:01.444Z] Error writing to Modbus register: no connection to modbus server
[2024-12-26T06:08:02.447Z] Error reading register 6507 for IP 10.30.28.23: no connection to modbus server
[2024-12-26T06:08:02.448Z] Error writing to Modbus register: no connection to modbus server
[2024-12-26T06:08:02.448Z] Error reading actual data: no connection to modbus server
[2024-12-26T06:08:02.448Z] Error reading or processing Modbus registers: no connection to modbus server
[2024-12-26T06:08:03.449Z] Error reading register 6507 for IP 10.30.28.23: no connection to modbus server
[2024-12-26T06:08:03.450Z] Error reading or processing Modbus registers: no connection to modbus server
[2024-12-26T06:08:03.449Z] Error reading actual data: no connection to modbus server
[2024-12-26T06:08:03.450Z] Error writing to Modbus register: no connection to modbus server
[2024-12-26T06:08:04.463Z] Error reading register 6507 for IP 10.30.28.23: no connection to modbus server
[2024-12-26T06:08:04.463Z] Error reading or processing Modbus registers: no connection to modbus server
[2024-12-26T06:08:04.463Z] Error reading actual data: no connection to modbus server
[2024-12-26T06:08:04.464Z] Error writing to Modbus register: no connection to modbus server
[2024-12-26T06:08:05.465Z] Error reading register 6507 for IP 10.30.28.23: no connection to modbus server
[2024-12-26T06:08:05.465Z] Error reading actual data: no connection to modbus server
[2024-12-26T06:08:05.465Z] Error reading or processing Modbus registers: no connection to modbus server
[2024-12-26T06:08:05.466Z] Error writing to Modbus register: no connection to modbus server
[2024-12-26T06:08:06.475Z] Error reading register 6507 for IP 10.30.28.23: no connection to modbus server
[2024-12-26T06:08:06.475Z] Error reading actual data: no connection to modbus server
[2024-12-26T06:08:06.475Z] Error reading or processing Modbus registers: no connection to modbus server
[2024-12-26T06:08:06.476Z] Error writing to Modbus register: no connection to modbus server
[2024-12-26T06:08:07.478Z] Error reading register 6507 for IP 10.30.28.23: no connection to modbus server
[2024-12-26T06:08:07.478Z] Error reading actual data: no connection to modbus server
[2024-12-26T06:08:07.478Z] Error reading or processing Modbus registers: no connection to modbus server
[2024-12-26T06:08:07.478Z] Error writing to Modbus register: no connection to modbus server
[2024-12-26T06:08:08.481Z] Error reading register 6507 for IP 10.30.28.23: no connection to modbus server
[2024-12-26T06:08:08.481Z] Error reading actual data: no connection to modbus server
[2024-12-26T06:08:08.482Z] Error reading or processing Modbus registers: no connection to modbus server
[2024-12-26T06:08:08.482Z] Error writing to Modbus register: no connection to modbus server
[2024-12-26T06:08:09.483Z] Error reading register 6507 for IP 10.30.28.23: no connection to modbus server
[2024-12-26T06:08:09.483Z] Error reading actual data: no connection to modbus server
[2024-12-26T06:08:09.484Z] Error reading or processing Modbus registers: no connection to modbus server
[2024-12-26T06:08:09.484Z] Error writing to Modbus register: no connection to modbus server
[2024-12-26T06:08:10.485Z] Error reading register 6507 for IP 10.30.28.23: no connection to modbus server
[2024-12-26T06:08:10.485Z] Error reading actual data: no connection to modbus server
[2024-12-26T06:08:10.485Z] Error reading or processing Modbus registers: no connection to modbus server
[2024-12-26T06:08:10.485Z] Error writing to Modbus register: no connection to modbus server
[2024-12-26T06:08:11.490Z] Error reading register 6507 for IP 10.30.28.23: no connection to modbus server
[2024-12-26T06:08:11.491Z] Error reading actual data: no connection to modbus server
[2024-12-26T06:08:11.491Z] Error reading or processing Modbus registers: no connection to modbus server
[2024-12-26T06:08:11.491Z] Error writing to Modbus register: no connection to modbus server
[2024-12-26T06:08:12.494Z] Error reading register 6507 for IP 10.30.28.23: no connection to modbus server
[2024-12-26T06:08:12.495Z] Error reading or processing Modbus registers: no connection to modbus server
[2024-12-26T06:08:12.495Z] Error reading actual data: no connection to modbus server
[2024-12-26T06:08:12.495Z] Error writing to Modbus register: no connection to modbus server
[2024-12-26T06:08:13.552Z] Error reading register 6507 for IP 10.30.28.23: no connection to modbus server
[2024-12-26T06:08:13.552Z] Error reading or processing Modbus registers: no connection to modbus server
[2024-12-26T06:08:13.552Z] Error reading actual data: no connection to modbus server
[2024-12-26T06:08:13.553Z] Error writing to Modbus register: no connection to modbus server
[2024-12-26T06:08:14.556Z] Error reading register 6507 for IP 10.30.28.23: no connection to modbus server
[2024-12-26T06:08:14.556Z] Error reading actual data: no connection to modbus server
[2024-12-26T06:08:14.556Z] Error reading or processing Modbus registers: no connection to modbus server
[2024-12-26T06:08:14.557Z] Error writing to Modbus register: no connection to modbus server
[2024-12-26T06:08:15.558Z] Error reading register 6507 for IP 10.30.28.23: no connection to modbus server
[2024-12-26T06:08:15.558Z] Error reading actual data: no connection to modbus server
[2024-12-26T06:08:15.558Z] Error reading or processing Modbus registers: no connection to modbus server
[2024-12-26T06:08:15.559Z] Error writing to Modbus register: no connection to modbus server
[2024-12-26T06:08:16.559Z] Error reading register 6507 for IP 10.30.28.23: no connection to modbus server
[2024-12-26T06:08:16.560Z] Error reading actual data: no connection to modbus server
[2024-12-26T06:08:16.560Z] Error reading or processing Modbus registers: no connection to modbus server
[2024-12-26T06:08:16.560Z] Error writing to Modbus register: no connection to modbus server
[2024-12-26T06:08:17.565Z] Error reading register 6507 for IP 10.30.28.23: no connection to modbus server
[2024-12-26T06:08:17.565Z] Error reading actual data: no connection to modbus server
[2024-12-26T06:08:17.565Z] Error reading or processing Modbus registers: no connection to modbus server
[2024-12-26T06:08:17.566Z] Error writing to Modbus register: no connection to modbus server
[2024-12-26T06:08:18.570Z] Error reading register 6507 for IP 10.30.28.23: no connection to modbus server
[2024-12-26T06:08:18.570Z] Error reading actual data: no connection to modbus server
[2024-12-26T06:08:18.570Z] Error reading or processing Modbus registers: no connection to modbus server
[2024-12-26T06:08:18.571Z] Error writing to Modbus register: no connection to modbus server
[2024-12-26T06:08:19.572Z] Error reading register 6507 for IP 10.30.28.23: no connection to modbus server
[2024-12-26T06:08:19.573Z] Error reading actual data: no connection to modbus server
[2024-12-26T06:08:19.573Z] Error reading or processing Modbus registers: no connection to modbus server
[2024-12-26T06:08:19.573Z] Error writing to Modbus register: no connection to modbus server
[2024-12-26T06:08:20.574Z] Error reading register 6507 for IP 10.30.28.23: no connection to modbus server
[2024-12-26T06:08:20.574Z] Error reading actual data: no connection to modbus server
[2024-12-26T06:08:20.574Z] Error reading or processing Modbus registers: no connection to modbus server
[2024-12-26T06:08:20.575Z] Error writing to Modbus register: no connection to modbus server
[2024-12-26T06:08:21.577Z] Error reading register 6507 for IP 10.30.28.23: no connection to modbus server
[2024-12-26T06:08:21.577Z] Error reading actual data: no connection to modbus server
[2024-12-26T06:08:21.578Z] Error reading or processing Modbus registers: no connection to modbus server
[2024-12-26T06:08:21.578Z] Error writing to Modbus register: no connection to modbus server
[2024-12-26T06:08:22.580Z] Error reading actual data: no connection to modbus server
[2024-12-26T06:08:22.580Z] Error reading register 6507 for IP 10.30.28.23: no connection to modbus server
[2024-12-26T06:08:22.580Z] Error reading or processing Modbus registers: no connection to modbus server
[2024-12-26T06:08:22.581Z] Error writing to Modbus register: no connection to modbus server
[2024-12-26T06:08:23.581Z] Error reading register 6507 for IP 10.30.28.23: no connection to modbus server
[2024-12-26T06:08:23.582Z] Error reading actual data: no connection to modbus server
[2024-12-26T06:08:23.582Z] Error reading or processing Modbus registers: no connection to modbus server
[2024-12-26T06:08:23.582Z] Error writing to Modbus register: no connection to modbus server
[2024-12-26T06:08:24.584Z] Error reading register 6507 for IP 10.30.28.23: no connection to modbus server
[2024-12-26T06:08:24.584Z] Error reading actual data: no connection to modbus server
[2024-12-26T06:08:24.584Z] Error reading or processing Modbus registers: no connection to modbus server
[2024-12-26T06:08:24.585Z] Error writing to Modbus register: no connection to modbus server
[2024-12-26T06:08:25.597Z] Error reading register 6507 for IP 10.30.28.23: no connection to modbus server
[2024-12-26T06:08:25.598Z] Error reading actual data: no connection to modbus server
[2024-12-26T06:08:25.598Z] Error reading or processing Modbus registers: no connection to modbus server
[2024-12-26T06:08:25.598Z] Error writing to Modbus register: no connection to modbus server
[2024-12-26T06:08:26.602Z] Error reading register 6507 for IP 10.30.28.23: no connection to modbus server
[2024-12-26T06:08:26.603Z] Error reading actual data: no connection to modbus server
[2024-12-26T06:08:26.603Z] Error reading or processing Modbus registers: no connection to modbus server
[2024-12-26T06:08:26.603Z] Error writing to Modbus register: no connection to modbus server
[2024-12-26T06:08:27.607Z] Error reading register 6507 for IP 10.30.28.23: no connection to modbus server
[2024-12-26T06:08:27.607Z] Error reading actual data: no connection to modbus server
[2024-12-26T06:08:27.607Z] Error reading or processing Modbus registers: no connection to modbus server
[2024-12-26T06:08:27.608Z] Error writing to Modbus register: no connection to modbus server
[2024-12-26T06:08:28.610Z] Error reading register 6507 for IP 10.30.28.23: no connection to modbus server
[2024-12-26T06:08:28.610Z] Error reading actual data: no connection to modbus server
[2024-12-26T06:08:28.611Z] Error reading or processing Modbus registers: no connection to modbus server
[2024-12-26T06:08:28.611Z] Error writing to Modbus register: no connection to modbus server
[2024-12-26T06:08:29.625Z] Error reading register 6507 for IP 10.30.28.23: no connection to modbus server
[2024-12-26T06:08:29.625Z] Error reading actual data: no connection to modbus server
[2024-12-26T06:08:29.625Z] Error reading or processing Modbus registers: no connection to modbus server
[2024-12-26T06:08:29.625Z] Error writing to Modbus register: no connection to modbus server
[2024-12-26T06:08:30.638Z] Error reading register 6507 for IP 10.30.28.23: no connection to modbus server
[2024-12-26T06:08:30.638Z] Error reading actual data: no connection to modbus server
[2024-12-26T06:08:30.638Z] Error reading or processing Modbus registers: no connection to modbus server
[2024-12-26T06:08:30.639Z] Error writing to Modbus register: no connection to modbus server
[2024-12-26T06:08:31.643Z] Error reading register 6507 for IP 10.30.28.23: no connection to modbus server
[2024-12-26T06:08:31.643Z] Error reading actual data: no connection to modbus server
[2024-12-26T06:08:31.643Z] Error reading or processing Modbus registers: no connection to modbus server
[2024-12-26T06:08:31.644Z] Error writing to Modbus register: no connection to modbus server
[2024-12-26T06:08:32.649Z] Error reading register 6507 for IP 10.30.28.23: no connection to modbus server
[2024-12-26T06:08:32.649Z] Error reading actual data: no connection to modbus server
[2024-12-26T06:08:32.649Z] Error reading or processing Modbus registers: no connection to modbus server
[2024-12-26T06:08:32.650Z] Error writing to Modbus register: no connection to modbus server
[2024-12-26T06:08:33.655Z] Error reading register 6507 for IP 10.30.28.23: no connection to modbus server
[2024-12-26T06:08:33.656Z] Error reading or processing Modbus registers: no connection to modbus server
[2024-12-26T06:08:33.656Z] Error writing to Modbus register: no connection to modbus server
[2024-12-26T06:08:33.655Z] Error reading actual data: no connection to modbus server
[2024-12-26T06:08:34.670Z] Error reading register 6507 for IP 10.30.28.23: no connection to modbus server
[2024-12-26T06:08:34.670Z] Error reading actual data: no connection to modbus server
[2024-12-26T06:08:34.670Z] Error reading or processing Modbus registers: no connection to modbus server
[2024-12-26T06:08:34.670Z] Error writing to Modbus register: no connection to modbus server
[2024-12-26T06:08:35.672Z] Error reading register 6507 for IP 10.30.28.23: no connection to modbus server
[2024-12-26T06:08:35.673Z] Error reading or processing Modbus registers: no connection to modbus server
[2024-12-26T06:08:35.672Z] Error reading actual data: no connection to modbus server
[2024-12-26T06:08:35.673Z] Error writing to Modbus register: no connection to modbus server
[2024-12-26T06:08:36.687Z] Error reading register 6507 for IP 10.30.28.23: no connection to modbus server
[2024-12-26T06:08:36.687Z] Error reading actual data: no connection to modbus server
[2024-12-26T06:08:36.687Z] Error reading or processing Modbus registers: no connection to modbus server
[2024-12-26T06:08:36.688Z] Error writing to Modbus register: no connection to modbus server
[2024-12-26T06:08:37.701Z] Error reading register 6507 for IP 10.30.28.23: no connection to modbus server
[2024-12-26T06:08:37.701Z] Error reading actual data: no connection to modbus server
[2024-12-26T06:08:37.701Z] Error reading or processing Modbus registers: no connection to modbus server
[2024-12-26T06:08:37.702Z] Error writing to Modbus register: no connection to modbus server
[2024-12-26T06:08:38.705Z] Error reading register 6507 for IP 10.30.28.23: no connection to modbus server
[2024-12-26T06:08:38.706Z] Error reading actual data: no connection to modbus server
[2024-12-26T06:08:38.706Z] Error reading or processing Modbus registers: no connection to modbus server
[2024-12-26T06:08:38.706Z] Error writing to Modbus register: no connection to modbus server
[2024-12-26T06:08:39.709Z] Error reading register 6507 for IP 10.30.28.23: no connection to modbus server
[2024-12-26T06:08:39.709Z] Error reading actual data: no connection to modbus server
[2024-12-26T06:08:39.709Z] Error reading or processing Modbus registers: no connection to modbus server
[2024-12-26T06:08:39.709Z] Error writing to Modbus register: no connection to modbus server
[2024-12-26T06:08:40.712Z] Error reading register 6507 for IP 10.30.28.23: no connection to modbus server
[2024-12-26T06:08:40.712Z] Error reading actual data: no connection to modbus server
[2024-12-26T06:08:40.713Z] Error reading or processing Modbus registers: no connection to modbus server
[2024-12-26T06:08:40.713Z] Error writing to Modbus register: no connection to modbus server
[2024-12-26T06:08:41.715Z] Error reading register 6507 for IP 10.30.28.23: no connection to modbus server
[2024-12-26T06:08:41.716Z] Error reading actual data: no connection to modbus server
[2024-12-26T06:08:41.716Z] Error reading or processing Modbus registers: no connection to modbus server
[2024-12-26T06:08:41.716Z] Error writing to Modbus register: no connection to modbus server
[2024-12-26T06:08:42.719Z] Error reading register 6507 for IP 10.30.28.23: no connection to modbus server
[2024-12-26T06:08:42.720Z] Error reading actual data: no connection to modbus server
[2024-12-26T06:08:42.720Z] Error reading or processing Modbus registers: no connection to modbus server
[2024-12-26T06:08:42.720Z] Error writing to Modbus register: no connection to modbus server
[2024-12-26T06:08:43.732Z] Error reading register 6507 for IP 10.30.28.23: no connection to modbus server
[2024-12-26T06:08:43.732Z] Error reading actual data: no connection to modbus server
[2024-12-26T06:08:43.733Z] Error reading or processing Modbus registers: no connection to modbus server
[2024-12-26T06:08:43.733Z] Error writing to Modbus register: no connection to modbus server
[2024-12-26T06:08:44.735Z] Error reading register 6507 for IP 10.30.28.23: no connection to modbus server
[2024-12-26T06:08:44.735Z] Error reading actual data: no connection to modbus server
[2024-12-26T06:08:44.736Z] Error reading or processing Modbus registers: no connection to modbus server
[2024-12-26T06:08:44.736Z] Error writing to Modbus register: no connection to modbus server
[2024-12-26T06:08:45.737Z] Error reading register 6507 for IP 10.30.28.23: no connection to modbus server
[2024-12-26T06:08:45.737Z] Error reading actual data: no connection to modbus server
[2024-12-26T06:08:45.737Z] Error reading or processing Modbus registers: no connection to modbus server
[2024-12-26T06:08:45.738Z] Error writing to Modbus register: no connection to modbus server
[2024-12-26T06:08:46.738Z] Error reading register 6507 for IP 10.30.28.23: no connection to modbus server
[2024-12-26T06:08:46.738Z] Error reading actual data: no connection to modbus server
[2024-12-26T06:08:46.739Z] Error reading or processing Modbus registers: no connection to modbus server
[2024-12-26T06:08:46.739Z] Error writing to Modbus register: no connection to modbus server
[2024-12-26T06:08:47.744Z] Error reading register 6507 for IP 10.30.28.23: no connection to modbus server
[2024-12-26T06:08:47.744Z] Error reading actual data: no connection to modbus server
[2024-12-26T06:08:47.744Z] Error reading or processing Modbus registers: no connection to modbus server
[2024-12-26T06:08:47.745Z] Error writing to Modbus register: no connection to modbus server
[2024-12-26T06:08:48.747Z] Error reading register 6507 for IP 10.30.28.23: no connection to modbus server
[2024-12-26T06:08:48.747Z] Error reading actual data: no connection to modbus server
[2024-12-26T06:08:48.747Z] Error reading or processing Modbus registers: no connection to modbus server
[2024-12-26T06:08:48.748Z] Error writing to Modbus register: no connection to modbus server
[2024-12-26T06:08:49.750Z] Error reading register 6507 for IP 10.30.28.23: no connection to modbus server
[2024-12-26T06:08:49.751Z] Error reading actual data: no connection to modbus server
[2024-12-26T06:08:49.751Z] Error reading or processing Modbus registers: no connection to modbus server
[2024-12-26T06:08:49.751Z] Error writing to Modbus register: no connection to modbus server
[2024-12-26T06:08:50.755Z] Error reading register 6507 for IP 10.30.28.23: no connection to modbus server
[2024-12-26T06:08:50.755Z] Error reading actual data: no connection to modbus server
[2024-12-26T06:08:50.755Z] Error reading or processing Modbus registers: no connection to modbus server
[2024-12-26T06:08:50.755Z] Error writing to Modbus register: no connection to modbus server
[2024-12-26T06:08:51.759Z] Error reading register 6507 for IP 10.30.28.23: no connection to modbus server
[2024-12-26T06:08:51.760Z] Error reading actual data: no connection to modbus server
[2024-12-26T06:08:51.760Z] Error reading or processing Modbus registers: no connection to modbus server
[2024-12-26T06:08:51.760Z] Error writing to Modbus register: no connection to modbus server
[2024-12-26T06:08:52.764Z] Error reading register 6507 for IP 10.30.28.23: no connection to modbus server
[2024-12-26T06:08:52.764Z] Error reading actual data: no connection to modbus server
[2024-12-26T06:08:52.765Z] Error writing to Modbus register: no connection to modbus server
[2024-12-26T06:08:52.764Z] Error reading or processing Modbus registers: no connection to modbus server
[2024-12-26T06:08:53.768Z] Error reading register 6507 for IP 10.30.28.23: no connection to modbus server
[2024-12-26T06:08:53.769Z] Error reading actual data: no connection to modbus server
[2024-12-26T06:08:53.769Z] Error reading or processing Modbus registers: no connection to modbus server
[2024-12-26T06:08:53.769Z] Error writing to Modbus register: no connection to modbus server
[2024-12-26T06:08:54.770Z] Error reading register 6507 for IP 10.30.28.23: no connection to modbus server
[2024-12-26T06:08:54.770Z] Error reading actual data: no connection to modbus server
[2024-12-26T06:08:54.771Z] Error reading or processing Modbus registers: no connection to modbus server
[2024-12-26T06:08:54.771Z] Error writing to Modbus register: no connection to modbus server
[2024-12-26T06:08:55.776Z] Error reading register 6507 for IP 10.30.28.23: no connection to modbus server
[2024-12-26T06:08:55.776Z] Error reading actual data: no connection to modbus server
[2024-12-26T06:08:55.776Z] Error reading or processing Modbus registers: no connection to modbus server
[2024-12-26T06:08:55.777Z] Error writing to Modbus register: no connection to modbus server
[2024-12-26T06:08:56.781Z] Error reading register 6507 for IP 10.30.28.23: no connection to modbus server
[2024-12-26T06:08:56.782Z] Error reading actual data: no connection to modbus server
[2024-12-26T06:08:56.782Z] Error reading or processing Modbus registers: no connection to modbus server
[2024-12-26T06:08:56.782Z] Error writing to Modbus register: no connection to modbus server
[2024-12-26T06:08:57.788Z] Error reading register 6507 for IP 10.30.28.23: no connection to modbus server
[2024-12-26T06:08:57.788Z] Error reading actual data: no connection to modbus server
[2024-12-26T06:08:57.788Z] Error reading or processing Modbus registers: no connection to modbus server
[2024-12-26T06:08:57.789Z] Error writing to Modbus register: no connection to modbus server
[2024-12-26T06:08:58.803Z] Error reading register 6507 for IP 10.30.28.23: no connection to modbus server
[2024-12-26T06:08:58.803Z] Error reading actual data: no connection to modbus server
[2024-12-26T06:08:58.803Z] Error reading or processing Modbus registers: no connection to modbus server
[2024-12-26T06:08:58.804Z] Error writing to Modbus register: no connection to modbus server
[2024-12-26T06:08:59.818Z] Error reading register 6507 for IP 10.30.28.23: no connection to modbus server
[2024-12-26T06:08:59.818Z] Error reading actual data: no connection to modbus server
[2024-12-26T06:08:59.818Z] Error reading or processing Modbus registers: no connection to modbus server
[2024-12-26T06:08:59.819Z] Error writing to Modbus register: no connection to modbus server
[2024-12-26T06:09:00.818Z] Error reading register 6507 for IP 10.30.28.23: no connection to modbus server
[2024-12-26T06:09:00.819Z] Error reading actual data: no connection to modbus server
[2024-12-26T06:09:00.819Z] Error reading or processing Modbus registers: no connection to modbus server
[2024-12-26T06:09:00.820Z] Error writing to Modbus register: no connection to modbus server
[2024-12-26T06:09:01.820Z] Error reading register 6507 for IP 10.30.28.23: no connection to modbus server
[2024-12-26T06:09:01.821Z] Error reading actual data: no connection to modbus server
[2024-12-26T06:09:01.821Z] Error reading or processing Modbus registers: no connection to modbus server
[2024-12-26T06:09:01.821Z] Error writing to Modbus register: no connection to modbus server
[2024-12-26T06:09:02.825Z] Error reading register 6507 for IP 10.30.28.23: no connection to modbus server
[2024-12-26T06:09:02.825Z] Error reading actual data: no connection to modbus server
[2024-12-26T06:09:02.825Z] Error reading or processing Modbus registers: no connection to modbus server
[2024-12-26T06:09:02.826Z] Error writing to Modbus register: no connection to modbus server
[2024-12-26T06:09:03.830Z] Error reading register 6507 for IP 10.30.28.23: no connection to modbus server
[2024-12-26T06:09:03.830Z] Error reading actual data: no connection to modbus server
[2024-12-26T06:09:03.830Z] Error reading or processing Modbus registers: no connection to modbus server
[2024-12-26T06:09:03.831Z] Error writing to Modbus register: no connection to modbus server
[2024-12-26T06:09:04.831Z] Error reading register 6507 for IP 10.30.28.23: no connection to modbus server
[2024-12-26T06:09:04.831Z] Error reading actual data: no connection to modbus server
[2024-12-26T06:09:04.832Z] Error reading or processing Modbus registers: no connection to modbus server
[2024-12-26T06:09:04.832Z] Error writing to Modbus register: no connection to modbus server
[2024-12-26T06:09:05.835Z] Error reading register 6507 for IP 10.30.28.23: no connection to modbus server
[2024-12-26T06:09:05.835Z] Error reading actual data: no connection to modbus server
[2024-12-26T06:09:05.835Z] Error reading or processing Modbus registers: no connection to modbus server
[2024-12-26T06:09:05.836Z] Error writing to Modbus register: no connection to modbus server
[2024-12-26T06:09:06.841Z] Error reading register 6507 for IP 10.30.28.23: no connection to modbus server
[2024-12-26T06:09:06.841Z] Error reading actual data: no connection to modbus server
[2024-12-26T06:09:06.841Z] Error reading or processing Modbus registers: no connection to modbus server
[2024-12-26T06:09:06.842Z] Error writing to Modbus register: no connection to modbus server
[2024-12-26T06:09:07.846Z] Error reading register 6507 for IP 10.30.28.23: no connection to modbus server
[2024-12-26T06:09:07.846Z] Error reading actual data: no connection to modbus server
[2024-12-26T06:09:07.846Z] Error reading or processing Modbus registers: no connection to modbus server
[2024-12-26T06:09:07.846Z] Error writing to Modbus register: no connection to modbus server
[2024-12-26T06:09:08.848Z] Error reading register 6507 for IP 10.30.28.23: no connection to modbus server
[2024-12-26T06:09:08.848Z] Error reading actual data: no connection to modbus server
[2024-12-26T06:09:08.848Z] Error reading or processing Modbus registers: no connection to modbus server
[2024-12-26T06:09:08.848Z] Error writing to Modbus register: no connection to modbus server
[2024-12-26T06:09:09.851Z] Error reading register 6507 for IP 10.30.28.23: no connection to modbus server
[2024-12-26T06:09:09.851Z] Error reading or processing Modbus registers: no connection to modbus server
[2024-12-26T06:09:09.851Z] Error reading actual data: no connection to modbus server
[2024-12-26T06:09:09.852Z] Error writing to Modbus register: no connection to modbus server
[2024-12-26T06:09:10.853Z] Error reading register 6507 for IP 10.30.28.23: no connection to modbus server
[2024-12-26T06:09:10.854Z] Error reading actual data: no connection to modbus server
[2024-12-26T06:09:10.854Z] Error reading or processing Modbus registers: no connection to modbus server
[2024-12-26T06:09:10.854Z] Error writing to Modbus register: no connection to modbus server
[2024-12-26T06:09:11.860Z] Error reading register 6507 for IP 10.30.28.23: no connection to modbus server
[2024-12-26T06:09:11.860Z] Error reading actual data: no connection to modbus server
[2024-12-26T06:09:11.860Z] Error reading or processing Modbus registers: no connection to modbus server
[2024-12-26T06:09:11.861Z] Error writing to Modbus register: no connection to modbus server
[2024-12-26T06:09:12.864Z] Error reading register 6507 for IP 10.30.28.23: no connection to modbus server
[2024-12-26T06:09:12.865Z] Error reading actual data: no connection to modbus server
[2024-12-26T06:09:12.865Z] Error reading or processing Modbus registers: no connection to modbus server
[2024-12-26T06:09:12.865Z] Error writing to Modbus register: no connection to modbus server
[2024-12-26T06:09:13.933Z] Error reading register 6507 for IP 10.30.28.23: no connection to modbus server
[2024-12-26T06:09:13.933Z] Error reading actual data: no connection to modbus server
[2024-12-26T06:09:13.933Z] Error reading or processing Modbus registers: no connection to modbus server
[2024-12-26T06:09:13.934Z] Error writing to Modbus register: no connection to modbus server
[2024-12-26T06:09:14.933Z] Error reading register 6507 for IP 10.30.28.23: no connection to modbus server
[2024-12-26T06:09:14.933Z] Error reading actual data: no connection to modbus server
[2024-12-26T06:09:14.934Z] Error reading or processing Modbus registers: no connection to modbus server
[2024-12-26T06:09:14.934Z] Error writing to Modbus register: no connection to modbus server
[2024-12-26T06:09:15.936Z] Error reading register 6507 for IP 10.30.28.23: no connection to modbus server
[2024-12-26T06:09:15.937Z] Error reading actual data: no connection to modbus server
[2024-12-26T06:09:15.937Z] Error reading or processing Modbus registers: no connection to modbus server
[2024-12-26T06:09:15.937Z] Error writing to Modbus register: no connection to modbus server
[2024-12-26T06:09:16.939Z] Error reading register 6507 for IP 10.30.28.23: no connection to modbus server
[2024-12-26T06:09:16.939Z] Error reading actual data: no connection to modbus server
[2024-12-26T06:09:16.939Z] Error reading or processing Modbus registers: no connection to modbus server
[2024-12-26T06:09:16.939Z] Error writing to Modbus register: no connection to modbus server
[2024-12-26T06:09:17.943Z] Error reading register 6507 for IP 10.30.28.23: no connection to modbus server
[2024-12-26T06:09:17.943Z] Error reading actual data: no connection to modbus server
[2024-12-26T06:09:17.943Z] Error reading or processing Modbus registers: no connection to modbus server
[2024-12-26T06:09:17.943Z] Error writing to Modbus register: no connection to modbus server
[2024-12-26T06:09:18.946Z] Error reading register 6507 for IP 10.30.28.23: no connection to modbus server
[2024-12-26T06:09:18.946Z] Error reading actual data: no connection to modbus server
[2024-12-26T06:09:18.946Z] Error reading or processing Modbus registers: no connection to modbus server
[2024-12-26T06:09:18.946Z] Error writing to Modbus register: no connection to modbus server
[2024-12-26T06:09:19.950Z] Error reading register 6507 for IP 10.30.28.23: no connection to modbus server
[2024-12-26T06:09:19.950Z] Error reading actual data: no connection to modbus server
[2024-12-26T06:09:19.950Z] Error reading or processing Modbus registers: no connection to modbus server
[2024-12-26T06:09:19.951Z] Error writing to Modbus register: no connection to modbus server
[2024-12-26T06:09:20.950Z] Error reading register 6507 for IP 10.30.28.23: no connection to modbus server
[2024-12-26T06:09:20.951Z] Error reading actual data: no connection to modbus server
[2024-12-26T06:09:20.951Z] Error reading or processing Modbus registers: no connection to modbus server
[2024-12-26T06:09:20.951Z] Error writing to Modbus register: no connection to modbus server
[2024-12-26T06:09:21.953Z] Error reading register 6507 for IP 10.30.28.23: no connection to modbus server
[2024-12-26T06:09:21.954Z] Error reading actual data: no connection to modbus server
[2024-12-26T06:09:21.954Z] Error reading or processing Modbus registers: no connection to modbus server
[2024-12-26T06:09:21.954Z] Error writing to Modbus register: no connection to modbus server
[2024-12-26T06:09:22.956Z] Error reading register 6507 for IP 10.30.28.23: no connection to modbus server
[2024-12-26T06:09:22.957Z] Error reading actual data: no connection to modbus server
[2024-12-26T06:09:22.957Z] Error reading or processing Modbus registers: no connection to modbus server
[2024-12-26T06:09:22.957Z] Error writing to Modbus register: no connection to modbus server
[2024-12-26T06:09:23.962Z] Error reading register 6507 for IP 10.30.28.23: no connection to modbus server
[2024-12-26T06:09:23.962Z] Error reading actual data: no connection to modbus server
[2024-12-26T06:09:23.963Z] Error reading or processing Modbus registers: no connection to modbus server
[2024-12-26T06:09:23.963Z] Error writing to Modbus register: no connection to modbus server
[2024-12-26T06:09:24.975Z] Error reading register 6507 for IP 10.30.28.23: no connection to modbus server
[2024-12-26T06:09:24.975Z] Error reading actual data: no connection to modbus server
[2024-12-26T06:09:24.975Z] Error reading or processing Modbus registers: no connection to modbus server
[2024-12-26T06:09:24.976Z] Error writing to Modbus register: no connection to modbus server
[2024-12-26T06:09:25.979Z] Error reading register 6507 for IP 10.30.28.23: no connection to modbus server
[2024-12-26T06:09:25.979Z] Error reading actual data: no connection to modbus server
[2024-12-26T06:09:25.980Z] Error reading or processing Modbus registers: no connection to modbus server
[2024-12-26T06:09:25.980Z] Error writing to Modbus register: no connection to modbus server
[2024-12-26T06:09:26.980Z] Error reading register 6507 for IP 10.30.28.23: no connection to modbus server
[2024-12-26T06:09:26.981Z] Error reading actual data: no connection to modbus server
[2024-12-26T06:09:26.981Z] Error writing to Modbus register: no connection to modbus server
[2024-12-26T06:09:26.981Z] Error reading or processing Modbus registers: no connection to modbus server
[2024-12-26T06:09:27.985Z] Error reading register 6507 for IP 10.30.28.23: no connection to modbus server
[2024-12-26T06:09:27.985Z] Error reading actual data: no connection to modbus server
[2024-12-26T06:09:27.985Z] Error reading or processing Modbus registers: no connection to modbus server
[2024-12-26T06:09:27.985Z] Error writing to Modbus register: no connection to modbus server
[2024-12-26T06:09:28.987Z] Error reading register 6507 for IP 10.30.28.23: no connection to modbus server
[2024-12-26T06:09:28.987Z] Error reading actual data: no connection to modbus server
[2024-12-26T06:09:28.987Z] Error reading or processing Modbus registers: no connection to modbus server
[2024-12-26T06:09:28.988Z] Error writing to Modbus register: no connection to modbus server
[2024-12-26T06:09:29.990Z] Error reading register 6507 for IP 10.30.28.23: no connection to modbus server
[2024-12-26T06:09:29.990Z] Error reading actual data: no connection to modbus server
[2024-12-26T06:09:29.991Z] Error reading or processing Modbus registers: no connection to modbus server
[2024-12-26T06:09:29.991Z] Error writing to Modbus register: no connection to modbus server
[2024-12-26T06:09:30.991Z] Error reading register 6507 for IP 10.30.28.23: no connection to modbus server
[2024-12-26T06:09:30.991Z] Error reading actual data: no connection to modbus server
[2024-12-26T06:09:30.992Z] Error reading or processing Modbus registers: no connection to modbus server
[2024-12-26T06:09:30.992Z] Error writing to Modbus register: no connection to modbus server
[2024-12-26T06:09:31.995Z] Error reading register 6507 for IP 10.30.28.23: no connection to modbus server
[2024-12-26T06:09:31.995Z] Error reading actual data: no connection to modbus server
[2024-12-26T06:09:31.995Z] Error reading or processing Modbus registers: no connection to modbus server
[2024-12-26T06:09:31.996Z] Error writing to Modbus register: no connection to modbus server
[2024-12-26T06:09:32.997Z] Error reading register 6507 for IP 10.30.28.23: no connection to modbus server
[2024-12-26T06:09:32.997Z] Error reading actual data: no connection to modbus server
[2024-12-26T06:09:32.997Z] Error reading or processing Modbus registers: no connection to modbus server
[2024-12-26T06:09:32.998Z] Error writing to Modbus register: no connection to modbus server
[2024-12-26T06:09:34.003Z] Error reading register 6507 for IP 10.30.28.23: no connection to modbus server
[2024-12-26T06:09:34.003Z] Error reading actual data: no connection to modbus server
[2024-12-26T06:09:34.003Z] Error reading or processing Modbus registers: no connection to modbus server
[2024-12-26T06:09:34.004Z] Error writing to Modbus register: no connection to modbus server
[2024-12-26T06:09:35.004Z] Error reading register 6507 for IP 10.30.28.23: no connection to modbus server
[2024-12-26T06:09:35.004Z] Error reading actual data: no connection to modbus server
[2024-12-26T06:09:35.004Z] Error reading or processing Modbus registers: no connection to modbus server
[2024-12-26T06:09:35.005Z] Error writing to Modbus register: no connection to modbus server
[2024-12-26T06:09:36.008Z] Error reading register 6507 for IP 10.30.28.23: no connection to modbus server
[2024-12-26T06:09:36.008Z] Error reading actual data: no connection to modbus server
[2024-12-26T06:09:36.009Z] Error reading or processing Modbus registers: no connection to modbus server
[2024-12-26T06:09:36.009Z] Error writing to Modbus register: no connection to modbus server
[2024-12-26T06:09:37.011Z] Error reading register 6507 for IP 10.30.28.23: no connection to modbus server
[2024-12-26T06:09:37.011Z] Error reading or processing Modbus registers: no connection to modbus server
[2024-12-26T06:09:37.012Z] Error writing to Modbus register: no connection to modbus server
[2024-12-26T06:09:37.011Z] Error reading actual data: no connection to modbus server
[2024-12-26T06:09:38.016Z] Error reading register 6507 for IP 10.30.28.23: no connection to modbus server
[2024-12-26T06:09:38.016Z] Error reading actual data: no connection to modbus server
[2024-12-26T06:09:38.017Z] Error reading or processing Modbus registers: no connection to modbus server
[2024-12-26T06:09:38.017Z] Error writing to Modbus register: no connection to modbus server
[2024-12-26T06:09:39.017Z] Error reading register 6507 for IP 10.30.28.23: no connection to modbus server
[2024-12-26T06:09:39.017Z] Error reading actual data: no connection to modbus server
[2024-12-26T06:09:39.017Z] Error reading or processing Modbus registers: no connection to modbus server
[2024-12-26T06:09:39.018Z] Error writing to Modbus register: no connection to modbus server
[2024-12-26T06:09:40.023Z] Error reading register 6507 for IP 10.30.28.23: no connection to modbus server
[2024-12-26T06:09:40.024Z] Error reading actual data: no connection to modbus server
[2024-12-26T06:09:40.024Z] Error reading or processing Modbus registers: no connection to modbus server
[2024-12-26T06:09:40.024Z] Error writing to Modbus register: no connection to modbus server
[2024-12-26T06:09:41.025Z] Error reading register 6507 for IP 10.30.28.23: no connection to modbus server
[2024-12-26T06:09:41.025Z] Error reading actual data: no connection to modbus server
[2024-12-26T06:09:41.026Z] Error reading or processing Modbus registers: no connection to modbus server
[2024-12-26T06:09:41.026Z] Error writing to Modbus register: no connection to modbus server
[2024-12-26T06:09:42.027Z] Error reading register 6507 for IP 10.30.28.23: no connection to modbus server
[2024-12-26T06:09:42.027Z] Error reading actual data: no connection to modbus server
[2024-12-26T06:09:42.027Z] Error reading or processing Modbus registers: no connection to modbus server
[2024-12-26T06:09:42.028Z] Error writing to Modbus register: no connection to modbus server
[2024-12-26T06:09:43.037Z] Error reading register 6507 for IP 10.30.28.23: no connection to modbus server
[2024-12-26T06:09:43.037Z] Error reading actual data: no connection to modbus server
[2024-12-26T06:09:43.037Z] Error reading or processing Modbus registers: no connection to modbus server
[2024-12-26T06:09:43.038Z] Error writing to Modbus register: no connection to modbus server
[2024-12-26T06:09:44.040Z] Error reading register 6507 for IP 10.30.28.23: no connection to modbus server
[2024-12-26T06:09:44.040Z] Error reading actual data: no connection to modbus server
[2024-12-26T06:09:44.041Z] Error reading or processing Modbus registers: no connection to modbus server
[2024-12-26T06:09:44.041Z] Error writing to Modbus register: no connection to modbus server
[2024-12-26T06:09:45.042Z] Error reading register 6507 for IP 10.30.28.23: no connection to modbus server
[2024-12-26T06:09:45.042Z] Error reading actual data: no connection to modbus server
[2024-12-26T06:09:45.043Z] Error reading or processing Modbus registers: no connection to modbus server
[2024-12-26T06:09:45.043Z] Error writing to Modbus register: no connection to modbus server
[2024-12-26T06:09:46.046Z] Error reading register 6507 for IP 10.30.28.23: no connection to modbus server
[2024-12-26T06:09:46.047Z] Error writing to Modbus register: no connection to modbus server
[2024-12-26T06:09:46.047Z] Error reading actual data: no connection to modbus server
[2024-12-26T06:09:46.047Z] Error reading or processing Modbus registers: no connection to modbus server
[2024-12-26T06:09:47.047Z] Error reading register 6507 for IP 10.30.28.23: no connection to modbus server
[2024-12-26T06:09:47.047Z] Error reading actual data: no connection to modbus server
[2024-12-26T06:09:47.048Z] Error reading or processing Modbus registers: no connection to modbus server
[2024-12-26T06:09:47.048Z] Error writing to Modbus register: no connection to modbus server
[2024-12-26T06:09:48.049Z] Error reading register 6507 for IP 10.30.28.23: no connection to modbus server
[2024-12-26T06:09:48.049Z] Error reading actual data: no connection to modbus server
[2024-12-26T06:09:48.049Z] Error reading or processing Modbus registers: no connection to modbus server
[2024-12-26T06:09:48.050Z] Error writing to Modbus register: no connection to modbus server
[2024-12-26T06:09:49.051Z] Error reading register 6507 for IP 10.30.28.23: no connection to modbus server
[2024-12-26T06:09:49.051Z] Error reading actual data: no connection to modbus server
[2024-12-26T06:09:49.051Z] Error reading or processing Modbus registers: no connection to modbus server
[2024-12-26T06:09:49.051Z] Error writing to Modbus register: no connection to modbus server
[2024-12-26T06:09:50.052Z] Error reading register 6507 for IP 10.30.28.23: no connection to modbus server
[2024-12-26T06:09:50.052Z] Error reading actual data: no connection to modbus server
[2024-12-26T06:09:50.052Z] Error reading or processing Modbus registers: no connection to modbus server
[2024-12-26T06:09:50.053Z] Error writing to Modbus register: no connection to modbus server
[2024-12-26T06:09:51.054Z] Error reading register 6507 for IP 10.30.28.23: no connection to modbus server
[2024-12-26T06:09:51.054Z] Error reading actual data: no connection to modbus server
[2024-12-26T06:09:51.055Z] Error reading or processing Modbus registers: no connection to modbus server
[2024-12-26T06:09:51.055Z] Error writing to Modbus register: no connection to modbus server
[2024-12-26T06:09:52.057Z] Error reading register 6507 for IP 10.30.28.23: no connection to modbus server
[2024-12-26T06:09:52.057Z] Error reading actual data: no connection to modbus server
[2024-12-26T06:09:52.057Z] Error reading or processing Modbus registers: no connection to modbus server
[2024-12-26T06:09:52.058Z] Error writing to Modbus register: no connection to modbus server
[2024-12-26T06:09:53.072Z] Error reading register 6507 for IP 10.30.28.23: no connection to modbus server
[2024-12-26T06:09:53.072Z] Error reading actual data: no connection to modbus server
[2024-12-26T06:09:53.072Z] Error reading or processing Modbus registers: no connection to modbus server
[2024-12-26T06:09:53.073Z] Error writing to Modbus register: no connection to modbus server
[2024-12-26T06:09:54.074Z] Error reading register 6507 for IP 10.30.28.23: no connection to modbus server
[2024-12-26T06:09:54.074Z] Error reading actual data: no connection to modbus server
[2024-12-26T06:09:54.075Z] Error reading or processing Modbus registers: no connection to modbus server
[2024-12-26T06:09:54.075Z] Error writing to Modbus register: no connection to modbus server
[2024-12-26T06:09:55.081Z] Error reading register 6507 for IP 10.30.28.23: no connection to modbus server
[2024-12-26T06:09:55.081Z] Error reading actual data: no connection to modbus server
[2024-12-26T06:09:55.081Z] Error reading or processing Modbus registers: no connection to modbus server
[2024-12-26T06:09:55.081Z] Error writing to Modbus register: no connection to modbus server
[2024-12-26T06:09:56.081Z] Error reading register 6507 for IP 10.30.28.23: no connection to modbus server
[2024-12-26T06:09:56.081Z] Error reading actual data: no connection to modbus server
[2024-12-26T06:09:56.081Z] Error reading or processing Modbus registers: no connection to modbus server
[2024-12-26T06:09:56.082Z] Error writing to Modbus register: no connection to modbus server
[2024-12-26T06:09:57.094Z] Error reading register 6507 for IP 10.30.28.23: no connection to modbus server
[2024-12-26T06:09:57.094Z] Error reading actual data: no connection to modbus server
[2024-12-26T06:09:57.094Z] Error reading or processing Modbus registers: no connection to modbus server
[2024-12-26T06:09:57.095Z] Error writing to Modbus register: no connection to modbus server
[2024-12-26T06:09:58.100Z] Error reading register 6507 for IP 10.30.28.23: no connection to modbus server
[2024-12-26T06:09:58.100Z] Error reading actual data: no connection to modbus server
[2024-12-26T06:09:58.100Z] Error reading or processing Modbus registers: no connection to modbus server
[2024-12-26T06:09:58.100Z] Error writing to Modbus register: no connection to modbus server
[2024-12-26T06:09:59.102Z] Error reading register 6507 for IP 10.30.28.23: no connection to modbus server
[2024-12-26T06:09:59.102Z] Error reading actual data: no connection to modbus server
[2024-12-26T06:09:59.103Z] Error reading or processing Modbus registers: no connection to modbus server
[2024-12-26T06:09:59.103Z] Error writing to Modbus register: no connection to modbus server
[2024-12-26T06:10:00.117Z] Error reading register 6507 for IP 10.30.28.23: no connection to modbus server
[2024-12-26T06:10:00.117Z] Error reading actual data: no connection to modbus server
[2024-12-26T06:10:00.117Z] Error reading or processing Modbus registers: no connection to modbus server
[2024-12-26T06:10:00.118Z] Error writing to Modbus register: no connection to modbus server
[2024-12-26T06:10:01.120Z] Error reading register 6507 for IP 10.30.28.23: no connection to modbus server
[2024-12-26T06:10:01.120Z] Error reading actual data: no connection to modbus server
[2024-12-26T06:10:01.121Z] Error reading or processing Modbus registers: no connection to modbus server
[2024-12-26T06:10:01.121Z] Error writing to Modbus register: no connection to modbus server
[2024-12-26T06:10:02.123Z] Error reading register 6507 for IP 10.30.28.23: no connection to modbus server
[2024-12-26T06:10:02.123Z] Error reading actual data: no connection to modbus server
[2024-12-26T06:10:02.123Z] Error reading or processing Modbus registers: no connection to modbus server
[2024-12-26T06:10:02.123Z] Error writing to Modbus register: no connection to modbus server
[2024-12-26T06:10:03.131Z] Error reading register 6507 for IP 10.30.28.23: no connection to modbus server
[2024-12-26T06:10:03.131Z] Error reading actual data: no connection to modbus server
[2024-12-26T06:10:03.131Z] Error reading or processing Modbus registers: no connection to modbus server
[2024-12-26T06:10:03.132Z] Error writing to Modbus register: no connection to modbus server
[2024-12-26T06:10:04.134Z] Error reading register 6507 for IP 10.30.28.23: no connection to modbus server
[2024-12-26T06:10:04.134Z] Error reading actual data: no connection to modbus server
[2024-12-26T06:10:04.134Z] Error reading or processing Modbus registers: no connection to modbus server
[2024-12-26T06:10:04.135Z] Error writing to Modbus register: no connection to modbus server
[2024-12-26T06:10:05.135Z] Error reading register 6507 for IP 10.30.28.23: no connection to modbus server
[2024-12-26T06:10:05.136Z] Error reading actual data: no connection to modbus server
[2024-12-26T06:10:05.136Z] Error reading or processing Modbus registers: no connection to modbus server
[2024-12-26T06:10:05.136Z] Error writing to Modbus register: no connection to modbus server
[2024-12-26T06:10:06.150Z] Error reading register 6507 for IP 10.30.28.23: no connection to modbus server
[2024-12-26T06:10:06.150Z] Error reading actual data: no connection to modbus server
[2024-12-26T06:10:06.150Z] Error reading or processing Modbus registers: no connection to modbus server
[2024-12-26T06:10:06.151Z] Error writing to Modbus register: no connection to modbus server
[2024-12-26T06:10:07.154Z] Error reading register 6507 for IP 10.30.28.23: no connection to modbus server
[2024-12-26T06:10:07.154Z] Error reading actual data: no connection to modbus server
[2024-12-26T06:10:07.154Z] Error reading or processing Modbus registers: no connection to modbus server
[2024-12-26T06:10:07.155Z] Error writing to Modbus register: no connection to modbus server
[2024-12-26T06:10:08.159Z] Error reading register 6507 for IP 10.30.28.23: no connection to modbus server
[2024-12-26T06:10:08.159Z] Error reading actual data: no connection to modbus server
[2024-12-26T06:10:08.159Z] Error reading or processing Modbus registers: no connection to modbus server
[2024-12-26T06:10:08.160Z] Error writing to Modbus register: no connection to modbus server
[2024-12-26T06:10:09.163Z] Error reading register 6507 for IP 10.30.28.23: no connection to modbus server
[2024-12-26T06:10:09.163Z] Error reading actual data: no connection to modbus server
[2024-12-26T06:10:09.163Z] Error reading or processing Modbus registers: no connection to modbus server
[2024-12-26T06:10:09.163Z] Error writing to Modbus register: no connection to modbus server
[2024-12-26T06:10:10.178Z] Error reading register 6507 for IP 10.30.28.23: no connection to modbus server
[2024-12-26T06:10:10.178Z] Error reading actual data: no connection to modbus server
[2024-12-26T06:10:10.178Z] Error reading or processing Modbus registers: no connection to modbus server
[2024-12-26T06:10:10.179Z] Error writing to Modbus register: no connection to modbus server
[2024-12-26T06:10:11.179Z] Error reading register 6507 for IP 10.30.28.23: no connection to modbus server
[2024-12-26T06:10:11.180Z] Error reading actual data: no connection to modbus server
[2024-12-26T06:10:11.180Z] Error reading or processing Modbus registers: no connection to modbus server
[2024-12-26T06:10:11.181Z] Error writing to Modbus register: no connection to modbus server
[2024-12-26T06:10:12.180Z] Error reading register 6507 for IP 10.30.28.23: no connection to modbus server
[2024-12-26T06:10:12.180Z] Error reading actual data: no connection to modbus server
[2024-12-26T06:10:12.181Z] Error reading or processing Modbus registers: no connection to modbus server
[2024-12-26T06:10:12.181Z] Error writing to Modbus register: no connection to modbus server
[2024-12-26T06:10:13.238Z] Error reading register 6507 for IP 10.30.28.23: no connection to modbus server
[2024-12-26T06:10:13.238Z] Error reading actual data: no connection to modbus server
[2024-12-26T06:10:13.239Z] Error writing to Modbus register: no connection to modbus server
[2024-12-26T06:10:13.238Z] Error reading or processing Modbus registers: no connection to modbus server
[2024-12-26T06:10:14.239Z] Error reading register 6507 for IP 10.30.28.23: no connection to modbus server
[2024-12-26T06:10:14.239Z] Error reading actual data: no connection to modbus server
[2024-12-26T06:10:14.239Z] Error reading or processing Modbus registers: no connection to modbus server
[2024-12-26T06:10:14.240Z] Error writing to Modbus register: no connection to modbus server
[2024-12-26T06:10:15.239Z] Error reading register 6507 for IP 10.30.28.23: no connection to modbus server
[2024-12-26T06:10:15.239Z] Error reading actual data: no connection to modbus server
[2024-12-26T06:10:15.239Z] Error reading or processing Modbus registers: no connection to modbus server
[2024-12-26T06:10:15.240Z] Error writing to Modbus register: no connection to modbus server
[2024-12-26T06:10:16.238Z] Error reading register 6507 for IP 10.30.28.23: no connection to modbus server
[2024-12-26T06:10:16.239Z] Error reading actual data: no connection to modbus server
[2024-12-26T06:10:16.239Z] Error reading or processing Modbus registers: no connection to modbus server
[2024-12-26T06:10:16.240Z] Error writing to Modbus register: no connection to modbus server
[2024-12-26T06:10:17.242Z] Error reading register 6507 for IP 10.30.28.23: no connection to modbus server
[2024-12-26T06:10:17.243Z] Error reading actual data: no connection to modbus server
[2024-12-26T06:10:17.243Z] Error reading or processing Modbus registers: no connection to modbus server
[2024-12-26T06:10:17.243Z] Error writing to Modbus register: no connection to modbus server
[2024-12-26T06:10:18.247Z] Error reading register 6507 for IP 10.30.28.23: no connection to modbus server
[2024-12-26T06:10:18.248Z] Error reading actual data: no connection to modbus server
[2024-12-26T06:10:18.248Z] Error reading or processing Modbus registers: no connection to modbus server
[2024-12-26T06:10:18.248Z] Error writing to Modbus register: no connection to modbus server
[2024-12-26T06:10:19.249Z] Error reading register 6507 for IP 10.30.28.23: no connection to modbus server
[2024-12-26T06:10:19.249Z] Error reading actual data: no connection to modbus server
[2024-12-26T06:10:19.249Z] Error reading or processing Modbus registers: no connection to modbus server
[2024-12-26T06:10:19.250Z] Error writing to Modbus register: no connection to modbus server
[2024-12-26T06:10:20.249Z] Error reading register 6507 for IP 10.30.28.23: no connection to modbus server
[2024-12-26T06:10:20.249Z] Error reading actual data: no connection to modbus server
[2024-12-26T06:10:20.249Z] Error reading or processing Modbus registers: no connection to modbus server
[2024-12-26T06:10:20.250Z] Error writing to Modbus register: no connection to modbus server
[2024-12-26T06:10:21.253Z] Error reading register 6507 for IP 10.30.28.23: no connection to modbus server
[2024-12-26T06:10:21.254Z] Error reading actual data: no connection to modbus server
[2024-12-26T06:10:21.254Z] Error reading or processing Modbus registers: no connection to modbus server
[2024-12-26T06:10:21.254Z] Error writing to Modbus register: no connection to modbus server
[2024-12-26T06:10:22.262Z] Error reading register 6507 for IP 10.30.28.23: no connection to modbus server
[2024-12-26T06:10:22.262Z] Error reading actual data: no connection to modbus server
[2024-12-26T06:10:22.262Z] Error reading or processing Modbus registers: no connection to modbus server
[2024-12-26T06:10:22.262Z] Error writing to Modbus register: no connection to modbus server
[2024-12-26T06:10:23.269Z] Error reading register 6507 for IP 10.30.28.23: no connection to modbus server
[2024-12-26T06:10:23.270Z] Error reading actual data: no connection to modbus server
[2024-12-26T06:10:23.270Z] Error reading or processing Modbus registers: no connection to modbus server
[2024-12-26T06:10:23.270Z] Error writing to Modbus register: no connection to modbus server
[2024-12-26T06:10:24.273Z] Error reading register 6507 for IP 10.30.28.23: no connection to modbus server
[2024-12-26T06:10:24.273Z] Error reading actual data: no connection to modbus server
[2024-12-26T06:10:24.274Z] Error reading or processing Modbus registers: no connection to modbus server
[2024-12-26T06:10:24.274Z] Error writing to Modbus register: no connection to modbus server
[2024-12-26T06:10:25.279Z] Error reading register 6507 for IP 10.30.28.23: no connection to modbus server
[2024-12-26T06:10:25.279Z] Error reading actual data: no connection to modbus server
[2024-12-26T06:10:25.279Z] Error reading or processing Modbus registers: no connection to modbus server
[2024-12-26T06:10:25.280Z] Error writing to Modbus register: no connection to modbus server
[2024-12-26T06:10:26.281Z] Error reading register 6507 for IP 10.30.28.23: no connection to modbus server
[2024-12-26T06:10:26.282Z] Error reading actual data: no connection to modbus server
[2024-12-26T06:10:26.282Z] Error reading or processing Modbus registers: no connection to modbus server
[2024-12-26T06:10:26.282Z] Error writing to Modbus register: no connection to modbus server
[2024-12-26T06:10:27.283Z] Error reading register 6507 for IP 10.30.28.23: no connection to modbus server
[2024-12-26T06:10:27.283Z] Error reading actual data: no connection to modbus server
[2024-12-26T06:10:27.283Z] Error reading or processing Modbus registers: no connection to modbus server
[2024-12-26T06:10:27.283Z] Error writing to Modbus register: no connection to modbus server
[2024-12-26T06:10:28.284Z] Error reading register 6507 for IP 10.30.28.23: no connection to modbus server
[2024-12-26T06:10:28.285Z] Error reading actual data: no connection to modbus server
[2024-12-26T06:10:28.285Z] Error reading or processing Modbus registers: no connection to modbus server
[2024-12-26T06:10:28.285Z] Error writing to Modbus register: no connection to modbus server
[2024-12-26T06:10:29.298Z] Error reading actual data: no connection to modbus server
[2024-12-26T06:10:29.298Z] Error reading register 6507 for IP 10.30.28.23: no connection to modbus server
[2024-12-26T06:10:29.299Z] Error reading or processing Modbus registers: no connection to modbus server
[2024-12-26T06:10:29.299Z] Error writing to Modbus register: no connection to modbus server
[2024-12-26T06:10:30.312Z] Error reading register 6507 for IP 10.30.28.23: no connection to modbus server
[2024-12-26T06:10:30.312Z] Error reading actual data: no connection to modbus server
[2024-12-26T06:10:30.312Z] Error reading or processing Modbus registers: no connection to modbus server
[2024-12-26T06:10:30.313Z] Error writing to Modbus register: no connection to modbus server
[2024-12-26T06:10:31.314Z] Error reading register 6507 for IP 10.30.28.23: no connection to modbus server
[2024-12-26T06:10:31.314Z] Error reading actual data: no connection to modbus server
[2024-12-26T06:10:31.315Z] Error reading or processing Modbus registers: no connection to modbus server
[2024-12-26T06:10:31.315Z] Error writing to Modbus register: no connection to modbus server
[2024-12-26T06:10:32.318Z] Error reading register 6507 for IP 10.30.28.23: no connection to modbus server
[2024-12-26T06:10:32.318Z] Error reading actual data: no connection to modbus server
[2024-12-26T06:10:32.319Z] Error reading or processing Modbus registers: no connection to modbus server
[2024-12-26T06:10:32.319Z] Error writing to Modbus register: no connection to modbus server
[2024-12-26T06:10:33.323Z] Error reading register 6507 for IP 10.30.28.23: no connection to modbus server
[2024-12-26T06:10:33.323Z] Error reading actual data: no connection to modbus server
[2024-12-26T06:10:33.323Z] Error reading or processing Modbus registers: no connection to modbus server
[2024-12-26T06:10:33.323Z] Error writing to Modbus register: no connection to modbus server
[2024-12-26T06:10:34.325Z] Error reading register 6507 for IP 10.30.28.23: no connection to modbus server
[2024-12-26T06:10:34.325Z] Error reading actual data: no connection to modbus server
[2024-12-26T06:10:34.325Z] Error reading or processing Modbus registers: no connection to modbus server
[2024-12-26T06:10:34.325Z] Error writing to Modbus register: no connection to modbus server
[2024-12-26T06:10:35.327Z] Error reading register 6507 for IP 10.30.28.23: no connection to modbus server
[2024-12-26T06:10:35.327Z] Error reading actual data: no connection to modbus server
[2024-12-26T06:10:35.328Z] Error reading or processing Modbus registers: no connection to modbus server
[2024-12-26T06:10:35.328Z] Error writing to Modbus register: no connection to modbus server
[2024-12-26T06:10:36.343Z] Error reading register 6507 for IP 10.30.28.23: no connection to modbus server
[2024-12-26T06:10:36.343Z] Error reading actual data: no connection to modbus server
[2024-12-26T06:10:36.343Z] Error reading or processing Modbus registers: no connection to modbus server
[2024-12-26T06:10:36.344Z] Error writing to Modbus register: no connection to modbus server
[2024-12-26T06:10:37.345Z] Error reading register 6507 for IP 10.30.28.23: no connection to modbus server
[2024-12-26T06:10:37.345Z] Error reading actual data: no connection to modbus server
[2024-12-26T06:10:37.346Z] Error reading or processing Modbus registers: no connection to modbus server
[2024-12-26T06:10:37.346Z] Error writing to Modbus register: no connection to modbus server
[2024-12-26T06:10:38.348Z] Error reading register 6507 for IP 10.30.28.23: no connection to modbus server
[2024-12-26T06:10:38.349Z] Error reading actual data: no connection to modbus server
[2024-12-26T06:10:38.349Z] Error reading or processing Modbus registers: no connection to modbus server
[2024-12-26T06:10:38.349Z] Error writing to Modbus register: no connection to modbus server
[2024-12-26T06:10:39.348Z] Error reading register 6507 for IP 10.30.28.23: no connection to modbus server
[2024-12-26T06:10:39.348Z] Error reading actual data: no connection to modbus server
[2024-12-26T06:10:39.348Z] Error reading or processing Modbus registers: no connection to modbus server
[2024-12-26T06:10:39.349Z] Error writing to Modbus register: no connection to modbus server
[2024-12-26T06:10:40.353Z] Error reading actual data: no connection to modbus server
[2024-12-26T06:10:40.353Z] Error reading register 6507 for IP 10.30.28.23: no connection to modbus server
[2024-12-26T06:10:40.353Z] Error reading or processing Modbus registers: no connection to modbus server
[2024-12-26T06:10:40.354Z] Error writing to Modbus register: no connection to modbus server
[2024-12-26T06:10:41.357Z] Error reading register 6507 for IP 10.30.28.23: no connection to modbus server
[2024-12-26T06:10:41.357Z] Error reading actual data: no connection to modbus server
[2024-12-26T06:10:41.358Z] Error reading or processing Modbus registers: no connection to modbus server
[2024-12-26T06:10:41.358Z] Error writing to Modbus register: no connection to modbus server
[2024-12-26T06:10:42.359Z] Error reading register 6507 for IP 10.30.28.23: no connection to modbus server
[2024-12-26T06:10:42.359Z] Error reading actual data: no connection to modbus server
[2024-12-26T06:10:42.359Z] Error reading or processing Modbus registers: no connection to modbus server
[2024-12-26T06:10:42.360Z] Error writing to Modbus register: no connection to modbus server
[2024-12-26T06:10:43.364Z] Error reading register 6507 for IP 10.30.28.23: no connection to modbus server
[2024-12-26T06:10:43.364Z] Error reading actual data: no connection to modbus server
[2024-12-26T06:10:43.364Z] Error reading or processing Modbus registers: no connection to modbus server
[2024-12-26T06:10:43.365Z] Error writing to Modbus register: no connection to modbus server
[2024-12-26T06:10:44.367Z] Error reading register 6507 for IP 10.30.28.23: no connection to modbus server
[2024-12-26T06:10:44.367Z] Error reading actual data: no connection to modbus server
[2024-12-26T06:10:44.367Z] Error reading or processing Modbus registers: no connection to modbus server
[2024-12-26T06:10:44.367Z] Error writing to Modbus register: no connection to modbus server
[2024-12-26T06:10:45.371Z] Error reading register 6507 for IP 10.30.28.23: no connection to modbus server
[2024-12-26T06:10:45.371Z] Error reading actual data: no connection to modbus server
[2024-12-26T06:10:45.371Z] Error reading or processing Modbus registers: no connection to modbus server
[2024-12-26T06:10:45.372Z] Error writing to Modbus register: no connection to modbus server
[2024-12-26T06:10:46.375Z] Error reading register 6507 for IP 10.30.28.23: no connection to modbus server
[2024-12-26T06:10:46.375Z] Error reading actual data: no connection to modbus server
[2024-12-26T06:10:46.375Z] Error reading or processing Modbus registers: no connection to modbus server
[2024-12-26T06:10:46.376Z] Error writing to Modbus register: no connection to modbus server
[2024-12-26T06:10:47.378Z] Error reading register 6507 for IP 10.30.28.23: no connection to modbus server
[2024-12-26T06:10:47.379Z] Error reading actual data: no connection to modbus server
[2024-12-26T06:10:47.379Z] Error reading or processing Modbus registers: no connection to modbus server
[2024-12-26T06:10:47.379Z] Error writing to Modbus register: no connection to modbus server
[2024-12-26T06:10:48.385Z] Error reading register 6507 for IP 10.30.28.23: no connection to modbus server
[2024-12-26T06:10:48.385Z] Error reading actual data: no connection to modbus server
[2024-12-26T06:10:48.385Z] Error reading or processing Modbus registers: no connection to modbus server
[2024-12-26T06:10:48.386Z] Error writing to Modbus register: no connection to modbus server
[2024-12-26T06:10:49.385Z] Error reading register 6507 for IP 10.30.28.23: no connection to modbus server
[2024-12-26T06:10:49.385Z] Error reading actual data: no connection to modbus server
[2024-12-26T06:10:49.386Z] Error reading or processing Modbus registers: no connection to modbus server
[2024-12-26T06:10:49.386Z] Error writing to Modbus register: no connection to modbus server
[2024-12-26T06:10:50.392Z] Error reading register 6507 for IP 10.30.28.23: no connection to modbus server
[2024-12-26T06:10:50.392Z] Error reading actual data: no connection to modbus server
[2024-12-26T06:10:50.392Z] Error reading or processing Modbus registers: no connection to modbus server
[2024-12-26T06:10:50.393Z] Error writing to Modbus register: no connection to modbus server
[2024-12-26T06:10:51.398Z] Error reading register 6507 for IP 10.30.28.23: no connection to modbus server
[2024-12-26T06:10:51.398Z] Error reading or processing Modbus registers: no connection to modbus server
[2024-12-26T06:10:51.398Z] Error reading actual data: no connection to modbus server
[2024-12-26T06:10:51.399Z] Error writing to Modbus register: no connection to modbus server
[2024-12-26T06:10:52.401Z] Error reading register 6507 for IP 10.30.28.23: no connection to modbus server
[2024-12-26T06:10:52.401Z] Error reading actual data: no connection to modbus server
[2024-12-26T06:10:52.401Z] Error reading or processing Modbus registers: no connection to modbus server
[2024-12-26T06:10:52.402Z] Error writing to Modbus register: no connection to modbus server
[2024-12-26T06:10:53.401Z] Error reading register 6507 for IP 10.30.28.23: no connection to modbus server
[2024-12-26T06:10:53.401Z] Error reading actual data: no connection to modbus server
[2024-12-26T06:10:53.401Z] Error reading or processing Modbus registers: no connection to modbus server
[2024-12-26T06:10:53.402Z] Error writing to Modbus register: no connection to modbus server
[2024-12-26T06:10:54.404Z] Error reading register 6507 for IP 10.30.28.23: no connection to modbus server
[2024-12-26T06:10:54.404Z] Error reading actual data: no connection to modbus server
[2024-12-26T06:10:54.405Z] Error reading or processing Modbus registers: no connection to modbus server
[2024-12-26T06:10:54.405Z] Error writing to Modbus register: no connection to modbus server
[2024-12-26T06:10:55.408Z] Error reading register 6507 for IP 10.30.28.23: no connection to modbus server
[2024-12-26T06:10:55.408Z] Error reading actual data: no connection to modbus server
[2024-12-26T06:10:55.408Z] Error reading or processing Modbus registers: no connection to modbus server
[2024-12-26T06:10:55.409Z] Error writing to Modbus register: no connection to modbus server
[2024-12-26T06:10:56.414Z] Error reading register 6507 for IP 10.30.28.23: no connection to modbus server
[2024-12-26T06:10:56.415Z] Error reading actual data: no connection to modbus server
[2024-12-26T06:10:56.415Z] Error reading or processing Modbus registers: no connection to modbus server
[2024-12-26T06:10:56.415Z] Error writing to Modbus register: no connection to modbus server
[2024-12-26T06:10:57.419Z] Error reading register 6507 for IP 10.30.28.23: no connection to modbus server
[2024-12-26T06:10:57.420Z] Error reading actual data: no connection to modbus server
[2024-12-26T06:10:57.420Z] Error reading or processing Modbus registers: no connection to modbus server
[2024-12-26T06:10:57.420Z] Error writing to Modbus register: no connection to modbus server
[2024-12-26T06:10:58.425Z] Error reading register 6507 for IP 10.30.28.23: no connection to modbus server
[2024-12-26T06:10:58.425Z] Error reading actual data: no connection to modbus server
[2024-12-26T06:10:58.425Z] Error reading or processing Modbus registers: no connection to modbus server
[2024-12-26T06:10:58.425Z] Error writing to Modbus register: no connection to modbus server
[2024-12-26T06:10:59.427Z] Error reading register 6507 for IP 10.30.28.23: no connection to modbus server
[2024-12-26T06:10:59.427Z] Error reading actual data: no connection to modbus server
[2024-12-26T06:10:59.428Z] Error reading or processing Modbus registers: no connection to modbus server
[2024-12-26T06:10:59.428Z] Error writing to Modbus register: no connection to modbus server
[2024-12-26T06:11:00.430Z] Error reading register 6507 for IP 10.30.28.23: no connection to modbus server
[2024-12-26T06:11:00.430Z] Error reading actual data: no connection to modbus server
[2024-12-26T06:11:00.430Z] Error reading or processing Modbus registers: no connection to modbus server
[2024-12-26T06:11:00.430Z] Error writing to Modbus register: no connection to modbus server
[2024-12-26T06:11:01.444Z] Error reading register 6507 for IP 10.30.28.23: no connection to modbus server
[2024-12-26T06:11:01.444Z] Error reading actual data: no connection to modbus server
[2024-12-26T06:11:01.444Z] Error reading or processing Modbus registers: no connection to modbus server
[2024-12-26T06:11:01.445Z] Error writing to Modbus register: no connection to modbus server
[2024-12-26T06:11:02.447Z] Error reading register 6507 for IP 10.30.28.23: no connection to modbus server
[2024-12-26T06:11:02.448Z] Error reading actual data: no connection to modbus server
[2024-12-26T06:11:02.448Z] Error reading or processing Modbus registers: no connection to modbus server
[2024-12-26T06:11:02.448Z] Error writing to Modbus register: no connection to modbus server
[2024-12-26T06:11:03.451Z] Error reading register 6507 for IP 10.30.28.23: no connection to modbus server
[2024-12-26T06:11:03.452Z] Error reading actual data: no connection to modbus server
[2024-12-26T06:11:03.452Z] Error reading or processing Modbus registers: no connection to modbus server
[2024-12-26T06:11:03.452Z] Error writing to Modbus register: no connection to modbus server
[2024-12-26T06:11:04.457Z] Error reading register 6507 for IP 10.30.28.23: no connection to modbus server
[2024-12-26T06:11:04.457Z] Error reading actual data: no connection to modbus server
[2024-12-26T06:11:04.458Z] Error reading or processing Modbus registers: no connection to modbus server
[2024-12-26T06:11:04.458Z] Error writing to Modbus register: no connection to modbus server
[2024-12-26T06:11:05.463Z] Error reading register 6507 for IP 10.30.28.23: no connection to modbus server
[2024-12-26T06:11:05.463Z] Error reading actual data: no connection to modbus server
[2024-12-26T06:11:05.463Z] Error reading or processing Modbus registers: no connection to modbus server
[2024-12-26T06:11:05.464Z] Error writing to Modbus register: no connection to modbus server
[2024-12-26T06:11:06.465Z] Error reading register 6507 for IP 10.30.28.23: no connection to modbus server
[2024-12-26T06:11:06.466Z] Error reading actual data: no connection to modbus server
[2024-12-26T06:11:06.466Z] Error reading or processing Modbus registers: no connection to modbus server
[2024-12-26T06:11:06.466Z] Error writing to Modbus register: no connection to modbus server
[2024-12-26T06:11:07.468Z] Error reading register 6507 for IP 10.30.28.23: no connection to modbus server
[2024-12-26T06:11:07.468Z] Error reading actual data: no connection to modbus server
[2024-12-26T06:11:07.468Z] Error reading or processing Modbus registers: no connection to modbus server
[2024-12-26T06:11:07.469Z] Error writing to Modbus register: no connection to modbus server
[2024-12-26T06:11:08.475Z] Error reading register 6507 for IP 10.30.28.23: no connection to modbus server
[2024-12-26T06:11:08.476Z] Error reading actual data: no connection to modbus server
[2024-12-26T06:11:08.476Z] Error reading or processing Modbus registers: no connection to modbus server
[2024-12-26T06:11:08.476Z] Error writing to Modbus register: no connection to modbus server
[2024-12-26T06:11:09.477Z] Error reading register 6507 for IP 10.30.28.23: no connection to modbus server
[2024-12-26T06:11:09.477Z] Error reading actual data: no connection to modbus server
[2024-12-26T06:11:09.478Z] Error reading or processing Modbus registers: no connection to modbus server
[2024-12-26T06:11:09.478Z] Error writing to Modbus register: no connection to modbus server
[2024-12-26T06:11:10.491Z] Error reading register 6507 for IP 10.30.28.23: no connection to modbus server
[2024-12-26T06:11:10.491Z] Error reading actual data: no connection to modbus server
[2024-12-26T06:11:10.491Z] Error reading or processing Modbus registers: no connection to modbus server
[2024-12-26T06:11:10.491Z] Error writing to Modbus register: no connection to modbus server
[2024-12-26T06:11:11.491Z] Error reading register 6507 for IP 10.30.28.23: no connection to modbus server
[2024-12-26T06:11:11.491Z] Error reading actual data: no connection to modbus server
[2024-12-26T06:11:11.492Z] Error reading or processing Modbus registers: no connection to modbus server
[2024-12-26T06:11:11.492Z] Error writing to Modbus register: no connection to modbus server
[2024-12-26T06:11:12.499Z] Error reading register 6507 for IP 10.30.28.23: no connection to modbus server
[2024-12-26T06:11:12.499Z] Error reading actual data: no connection to modbus server
[2024-12-26T06:11:12.499Z] Error reading or processing Modbus registers: no connection to modbus server
[2024-12-26T06:11:12.500Z] Error writing to Modbus register: no connection to modbus server
[2024-12-26T06:11:13.556Z] Error reading register 6507 for IP 10.30.28.23: no connection to modbus server
[2024-12-26T06:11:13.557Z] Error reading actual data: no connection to modbus server
[2024-12-26T06:11:13.557Z] Error reading or processing Modbus registers: no connection to modbus server
[2024-12-26T06:11:13.557Z] Error writing to Modbus register: no connection to modbus server
[2024-12-26T06:11:14.557Z] Error reading register 6507 for IP 10.30.28.23: no connection to modbus server
[2024-12-26T06:11:14.557Z] Error reading actual data: no connection to modbus server
[2024-12-26T06:11:14.557Z] Error reading or processing Modbus registers: no connection to modbus server
[2024-12-26T06:11:14.557Z] Error writing to Modbus register: no connection to modbus server
[2024-12-26T06:11:15.558Z] Error reading register 6507 for IP 10.30.28.23: no connection to modbus server
[2024-12-26T06:11:15.559Z] Error reading or processing Modbus registers: no connection to modbus server
[2024-12-26T06:11:15.559Z] Error writing to Modbus register: no connection to modbus server
[2024-12-26T06:11:15.559Z] Error reading actual data: no connection to modbus server
[2024-12-26T06:11:16.561Z] Error reading register 6507 for IP 10.30.28.23: no connection to modbus server
[2024-12-26T06:11:16.561Z] Error reading actual data: no connection to modbus server
[2024-12-26T06:11:16.561Z] Error reading or processing Modbus registers: no connection to modbus server
[2024-12-26T06:11:16.562Z] Error writing to Modbus register: no connection to modbus server
[2024-12-26T06:11:17.564Z] Error reading register 6507 for IP 10.30.28.23: no connection to modbus server
[2024-12-26T06:11:17.564Z] Error reading actual data: no connection to modbus server
[2024-12-26T06:11:17.564Z] Error reading or processing Modbus registers: no connection to modbus server
[2024-12-26T06:11:17.564Z] Error writing to Modbus register: no connection to modbus server
[2024-12-26T06:11:18.564Z] Error reading actual data: no connection to modbus server
[2024-12-26T06:11:18.564Z] Error reading register 6507 for IP 10.30.28.23: no connection to modbus server
[2024-12-26T06:11:18.564Z] Error reading or processing Modbus registers: no connection to modbus server
[2024-12-26T06:11:18.564Z] Error writing to Modbus register: no connection to modbus server
[2024-12-26T06:11:19.567Z] Error reading register 6507 for IP 10.30.28.23: no connection to modbus server
[2024-12-26T06:11:19.567Z] Error reading actual data: no connection to modbus server
[2024-12-26T06:11:19.567Z] Error reading or processing Modbus registers: no connection to modbus server
[2024-12-26T06:11:19.567Z] Error writing to Modbus register: no connection to modbus server
[2024-12-26T06:11:20.572Z] Error reading register 6507 for IP 10.30.28.23: no connection to modbus server
[2024-12-26T06:11:20.572Z] Error reading actual data: no connection to modbus server
[2024-12-26T06:11:20.572Z] Error reading or processing Modbus registers: no connection to modbus server
[2024-12-26T06:11:20.573Z] Error writing to Modbus register: no connection to modbus server
[2024-12-26T06:11:21.580Z] Error reading register 6507 for IP 10.30.28.23: no connection to modbus server
[2024-12-26T06:11:21.581Z] Error reading actual data: no connection to modbus server
[2024-12-26T06:11:21.581Z] Error reading or processing Modbus registers: no connection to modbus server
[2024-12-26T06:11:21.581Z] Error writing to Modbus register: no connection to modbus server
[2024-12-26T06:11:22.583Z] Error reading register 6507 for IP 10.30.28.23: no connection to modbus server
[2024-12-26T06:11:22.583Z] Error reading actual data: no connection to modbus server
[2024-12-26T06:11:22.584Z] Error reading or processing Modbus registers: no connection to modbus server
[2024-12-26T06:11:22.584Z] Error writing to Modbus register: no connection to modbus server
[2024-12-26T06:11:23.584Z] Error reading register 6507 for IP 10.30.28.23: no connection to modbus server
[2024-12-26T06:11:23.584Z] Error reading actual data: no connection to modbus server
[2024-12-26T06:11:23.585Z] Error reading or processing Modbus registers: no connection to modbus server
[2024-12-26T06:11:23.585Z] Error writing to Modbus register: no connection to modbus server
[2024-12-26T06:11:24.586Z] Error reading register 6507 for IP 10.30.28.23: no connection to modbus server
[2024-12-26T06:11:24.586Z] Error reading actual data: no connection to modbus server
[2024-12-26T06:11:24.586Z] Error reading or processing Modbus registers: no connection to modbus server
[2024-12-26T06:11:24.587Z] Error writing to Modbus register: no connection to modbus server
[2024-12-26T06:11:25.600Z] Error reading register 6507 for IP 10.30.28.23: no connection to modbus server
[2024-12-26T06:11:25.600Z] Error reading actual data: no connection to modbus server
[2024-12-26T06:11:25.600Z] Error reading or processing Modbus registers: no connection to modbus server
[2024-12-26T06:11:25.601Z] Error writing to Modbus register: no connection to modbus server
[2024-12-26T06:11:26.604Z] Error reading register 6507 for IP 10.30.28.23: no connection to modbus server
[2024-12-26T06:11:26.604Z] Error reading actual data: no connection to modbus server
[2024-12-26T06:11:26.604Z] Error reading or processing Modbus registers: no connection to modbus server
[2024-12-26T06:11:26.605Z] Error writing to Modbus register: no connection to modbus server
[2024-12-26T06:11:27.605Z] Error reading register 6507 for IP 10.30.28.23: no connection to modbus server
[2024-12-26T06:11:27.605Z] Error reading actual data: no connection to modbus server
[2024-12-26T06:11:27.605Z] Error reading or processing Modbus registers: no connection to modbus server
[2024-12-26T06:11:27.605Z] Error writing to Modbus register: no connection to modbus server
[2024-12-26T06:11:28.607Z] Error reading register 6507 for IP 10.30.28.23: no connection to modbus server
[2024-12-26T06:11:28.607Z] Error reading actual data: no connection to modbus server
[2024-12-26T06:11:28.607Z] Error reading or processing Modbus registers: no connection to modbus server
[2024-12-26T06:11:28.608Z] Error writing to Modbus register: no connection to modbus server
[2024-12-26T06:11:29.621Z] Error reading register 6507 for IP 10.30.28.23: no connection to modbus server
[2024-12-26T06:11:29.622Z] Error reading actual data: no connection to modbus server
[2024-12-26T06:11:29.622Z] Error reading or processing Modbus registers: no connection to modbus server
[2024-12-26T06:11:29.622Z] Error writing to Modbus register: no connection to modbus server
[2024-12-26T06:11:30.624Z] Error reading register 6507 for IP 10.30.28.23: no connection to modbus server
[2024-12-26T06:11:30.624Z] Error reading actual data: no connection to modbus server
[2024-12-26T06:11:30.624Z] Error reading or processing Modbus registers: no connection to modbus server
[2024-12-26T06:11:30.625Z] Error writing to Modbus register: no connection to modbus server
[2024-12-26T06:11:31.630Z] Error reading register 6507 for IP 10.30.28.23: no connection to modbus server
[2024-12-26T06:11:31.631Z] Error reading or processing Modbus registers: no connection to modbus server
[2024-12-26T06:11:31.631Z] Error reading actual data: no connection to modbus server
[2024-12-26T06:11:31.631Z] Error writing to Modbus register: no connection to modbus server
[2024-12-26T06:11:32.633Z] Error reading actual data: no connection to modbus server
[2024-12-26T06:11:32.633Z] Error reading register 6507 for IP 10.30.28.23: no connection to modbus server
[2024-12-26T06:11:32.633Z] Error reading or processing Modbus registers: no connection to modbus server
[2024-12-26T06:11:32.634Z] Error writing to Modbus register: no connection to modbus server
[2024-12-26T06:11:33.636Z] Error reading register 6507 for IP 10.30.28.23: no connection to modbus server
[2024-12-26T06:11:33.636Z] Error reading actual data: no connection to modbus server
[2024-12-26T06:11:33.636Z] Error reading or processing Modbus registers: no connection to modbus server
[2024-12-26T06:11:33.637Z] Error writing to Modbus register: no connection to modbus server
[2024-12-26T06:11:34.639Z] Error reading register 6507 for IP 10.30.28.23: no connection to modbus server
[2024-12-26T06:11:34.639Z] Error reading actual data: no connection to modbus server
[2024-12-26T06:11:34.639Z] Error reading or processing Modbus registers: no connection to modbus server
[2024-12-26T06:11:34.639Z] Error writing to Modbus register: no connection to modbus server
[2024-12-26T06:11:35.644Z] Error reading register 6507 for IP 10.30.28.23: no connection to modbus server
[2024-12-26T06:11:35.644Z] Error reading actual data: no connection to modbus server
[2024-12-26T06:11:35.644Z] Error reading or processing Modbus registers: no connection to modbus server
[2024-12-26T06:11:35.645Z] Error writing to Modbus register: no connection to modbus server
[2024-12-26T06:11:36.651Z] Error reading register 6507 for IP 10.30.28.23: no connection to modbus server
[2024-12-26T06:11:36.652Z] Error reading actual data: no connection to modbus server
[2024-12-26T06:11:36.652Z] Error reading or processing Modbus registers: no connection to modbus server
[2024-12-26T06:11:36.652Z] Error writing to Modbus register: no connection to modbus server
[2024-12-26T06:11:37.658Z] Error reading register 6507 for IP 10.30.28.23: no connection to modbus server
[2024-12-26T06:11:37.658Z] Error reading actual data: no connection to modbus server
[2024-12-26T06:11:37.658Z] Error reading or processing Modbus registers: no connection to modbus server
[2024-12-26T06:11:37.659Z] Error writing to Modbus register: no connection to modbus server
[2024-12-26T06:11:38.659Z] Error reading register 6507 for IP 10.30.28.23: no connection to modbus server
[2024-12-26T06:11:38.659Z] Error reading actual data: no connection to modbus server
[2024-12-26T06:11:38.659Z] Error reading or processing Modbus registers: no connection to modbus server
[2024-12-26T06:11:38.660Z] Error writing to Modbus register: no connection to modbus server
[2024-12-26T06:11:39.673Z] Error reading register 6507 for IP 10.30.28.23: no connection to modbus server
[2024-12-26T06:11:39.673Z] Error reading actual data: no connection to modbus server
[2024-12-26T06:11:39.673Z] Error reading or processing Modbus registers: no connection to modbus server
[2024-12-26T06:11:39.674Z] Error writing to Modbus register: no connection to modbus server
[2024-12-26T06:11:40.675Z] Error reading register 6507 for IP 10.30.28.23: no connection to modbus server
[2024-12-26T06:11:40.675Z] Error reading actual data: no connection to modbus server
[2024-12-26T06:11:40.675Z] Error reading or processing Modbus registers: no connection to modbus server
[2024-12-26T06:11:40.676Z] Error writing to Modbus register: no connection to modbus server
[2024-12-26T06:11:41.681Z] Error reading register 6507 for IP 10.30.28.23: no connection to modbus server
[2024-12-26T06:11:41.681Z] Error reading actual data: no connection to modbus server
[2024-12-26T06:11:41.681Z] Error reading or processing Modbus registers: no connection to modbus server
[2024-12-26T06:11:41.681Z] Error writing to Modbus register: no connection to modbus server
[2024-12-26T06:11:42.689Z] Error reading register 6507 for IP 10.30.28.23: no connection to modbus server
[2024-12-26T06:11:42.689Z] Error reading actual data: no connection to modbus server
[2024-12-26T06:11:42.689Z] Error reading or processing Modbus registers: no connection to modbus server
[2024-12-26T06:11:42.690Z] Error writing to Modbus register: no connection to modbus server
[2024-12-26T06:11:43.701Z] Error reading register 6507 for IP 10.30.28.23: no connection to modbus server
[2024-12-26T06:11:43.702Z] Error reading actual data: no connection to modbus server
[2024-12-26T06:11:43.702Z] Error reading or processing Modbus registers: no connection to modbus server
[2024-12-26T06:11:43.702Z] Error writing to Modbus register: no connection to modbus server
[2024-12-26T06:11:44.711Z] Error reading register 6507 for IP 10.30.28.23: no connection to modbus server
[2024-12-26T06:11:44.711Z] Error reading actual data: no connection to modbus server
[2024-12-26T06:11:44.711Z] Error reading or processing Modbus registers: no connection to modbus server
[2024-12-26T06:11:44.712Z] Error writing to Modbus register: no connection to modbus server
[2024-12-26T06:11:45.714Z] Error reading register 6507 for IP 10.30.28.23: no connection to modbus server
[2024-12-26T06:11:45.714Z] Error reading actual data: no connection to modbus server
[2024-12-26T06:11:45.714Z] Error reading or processing Modbus registers: no connection to modbus server
[2024-12-26T06:11:45.714Z] Error writing to Modbus register: no connection to modbus server
[2024-12-26T06:11:46.719Z] Error reading register 6507 for IP 10.30.28.23: no connection to modbus server
[2024-12-26T06:11:46.719Z] Error reading actual data: no connection to modbus server
[2024-12-26T06:11:46.720Z] Error reading or processing Modbus registers: no connection to modbus server
[2024-12-26T06:11:46.720Z] Error writing to Modbus register: no connection to modbus server
[2024-12-26T06:11:47.722Z] Error reading register 6507 for IP 10.30.28.23: no connection to modbus server
[2024-12-26T06:11:47.722Z] Error reading actual data: no connection to modbus server
[2024-12-26T06:11:47.722Z] Error reading or processing Modbus registers: no connection to modbus server
[2024-12-26T06:11:47.723Z] Error writing to Modbus register: no connection to modbus server
[2024-12-26T06:11:48.735Z] Error reading register 6507 for IP 10.30.28.23: no connection to modbus server
[2024-12-26T06:11:48.736Z] Error reading actual data: no connection to modbus server
[2024-12-26T06:11:48.736Z] Error reading or processing Modbus registers: no connection to modbus server
[2024-12-26T06:11:48.736Z] Error writing to Modbus register: no connection to modbus server
[2024-12-26T06:11:49.736Z] Error reading register 6507 for IP 10.30.28.23: no connection to modbus server
[2024-12-26T06:11:49.736Z] Error reading actual data: no connection to modbus server
[2024-12-26T06:11:49.737Z] Error reading or processing Modbus registers: no connection to modbus server
[2024-12-26T06:11:49.737Z] Error writing to Modbus register: no connection to modbus server
[2024-12-26T06:11:50.736Z] Error reading register 6507 for IP 10.30.28.23: no connection to modbus server
[2024-12-26T06:11:50.736Z] Error reading actual data: no connection to modbus server
[2024-12-26T06:11:50.736Z] Error reading or processing Modbus registers: no connection to modbus server
[2024-12-26T06:11:50.737Z] Error writing to Modbus register: no connection to modbus server
[2024-12-26T06:11:51.750Z] Error reading register 6507 for IP 10.30.28.23: no connection to modbus server
[2024-12-26T06:11:51.750Z] Error reading actual data: no connection to modbus server
[2024-12-26T06:11:51.750Z] Error reading or processing Modbus registers: no connection to modbus server
[2024-12-26T06:11:51.751Z] Error writing to Modbus register: no connection to modbus server
[2024-12-26T06:11:52.753Z] Error reading register 6507 for IP 10.30.28.23: no connection to modbus server
[2024-12-26T06:11:52.754Z] Error reading actual data: no connection to modbus server
[2024-12-26T06:11:52.754Z] Error reading or processing Modbus registers: no connection to modbus server
[2024-12-26T06:11:52.754Z] Error writing to Modbus register: no connection to modbus server
[2024-12-26T06:11:53.766Z] Error reading register 6507 for IP 10.30.28.23: no connection to modbus server
[2024-12-26T06:11:53.767Z] Error reading actual data: no connection to modbus server
[2024-12-26T06:11:53.767Z] Error reading or processing Modbus registers: no connection to modbus server
[2024-12-26T06:11:53.767Z] Error writing to Modbus register: no connection to modbus server
[2024-12-26T06:11:54.781Z] Error reading register 6507 for IP 10.30.28.23: no connection to modbus server
[2024-12-26T06:11:54.781Z] Error reading actual data: no connection to modbus server
[2024-12-26T06:11:54.781Z] Error reading or processing Modbus registers: no connection to modbus server
[2024-12-26T06:11:54.781Z] Error writing to Modbus register: no connection to modbus server
[2024-12-26T06:11:55.784Z] Error reading register 6507 for IP 10.30.28.23: no connection to modbus server
[2024-12-26T06:11:55.784Z] Error reading actual data: no connection to modbus server
[2024-12-26T06:11:55.785Z] Error reading or processing Modbus registers: no connection to modbus server
[2024-12-26T06:11:55.785Z] Error writing to Modbus register: no connection to modbus server
[2024-12-26T06:11:56.789Z] Error reading register 6507 for IP 10.30.28.23: no connection to modbus server
[2024-12-26T06:11:56.789Z] Error reading actual data: no connection to modbus server
[2024-12-26T06:11:56.789Z] Error reading or processing Modbus registers: no connection to modbus server
[2024-12-26T06:11:56.790Z] Error writing to Modbus register: no connection to modbus server
[2024-12-26T06:11:57.791Z] Error reading register 6507 for IP 10.30.28.23: no connection to modbus server
[2024-12-26T06:11:57.791Z] Error reading actual data: no connection to modbus server
[2024-12-26T06:11:57.791Z] Error reading or processing Modbus registers: no connection to modbus server
[2024-12-26T06:11:57.791Z] Error writing to Modbus register: no connection to modbus server
[2024-12-26T06:11:58.793Z] Error reading register 6507 for IP 10.30.28.23: no connection to modbus server
[2024-12-26T06:11:58.793Z] Error reading actual data: no connection to modbus server
[2024-12-26T06:11:58.793Z] Error reading or processing Modbus registers: no connection to modbus server
[2024-12-26T06:11:58.794Z] Error writing to Modbus register: no connection to modbus server
[2024-12-26T06:11:59.808Z] Error reading register 6507 for IP 10.30.28.23: no connection to modbus server
[2024-12-26T06:11:59.808Z] Error reading actual data: no connection to modbus server
[2024-12-26T06:11:59.808Z] Error reading or processing Modbus registers: no connection to modbus server
[2024-12-26T06:11:59.809Z] Error writing to Modbus register: no connection to modbus server
[2024-12-26T06:12:00.813Z] Error reading register 6507 for IP 10.30.28.23: no connection to modbus server
[2024-12-26T06:12:00.813Z] Error reading actual data: no connection to modbus server
[2024-12-26T06:12:00.813Z] Error reading or processing Modbus registers: no connection to modbus server
[2024-12-26T06:12:00.814Z] Error writing to Modbus register: no connection to modbus server
[2024-12-26T06:12:01.813Z] Error reading register 6507 for IP 10.30.28.23: no connection to modbus server
[2024-12-26T06:12:01.814Z] Error reading actual data: no connection to modbus server
[2024-12-26T06:12:01.814Z] Error reading or processing Modbus registers: no connection to modbus server
[2024-12-26T06:12:01.814Z] Error writing to Modbus register: no connection to modbus server
[2024-12-26T06:12:02.814Z] Error reading register 6507 for IP 10.30.28.23: no connection to modbus server
[2024-12-26T06:12:02.814Z] Error reading actual data: no connection to modbus server
[2024-12-26T06:12:02.814Z] Error reading or processing Modbus registers: no connection to modbus server
[2024-12-26T06:12:02.815Z] Error writing to Modbus register: no connection to modbus server
[2024-12-26T06:12:03.829Z] Error reading register 6507 for IP 10.30.28.23: no connection to modbus server
[2024-12-26T06:12:03.829Z] Error reading actual data: no connection to modbus server
[2024-12-26T06:12:03.829Z] Error reading or processing Modbus registers: no connection to modbus server
[2024-12-26T06:12:03.830Z] Error writing to Modbus register: no connection to modbus server
[2024-12-26T06:12:04.834Z] Error reading register 6507 for IP 10.30.28.23: no connection to modbus server
[2024-12-26T06:12:04.834Z] Error reading actual data: no connection to modbus server
[2024-12-26T06:12:04.834Z] Error reading or processing Modbus registers: no connection to modbus server
[2024-12-26T06:12:04.835Z] Error writing to Modbus register: no connection to modbus server
[2024-12-26T06:12:05.837Z] Error reading register 6507 for IP 10.30.28.23: no connection to modbus server
[2024-12-26T06:12:05.837Z] Error reading actual data: no connection to modbus server
[2024-12-26T06:12:05.837Z] Error reading or processing Modbus registers: no connection to modbus server
[2024-12-26T06:12:05.837Z] Error writing to Modbus register: no connection to modbus server
[2024-12-26T06:12:06.843Z] Error reading register 6507 for IP 10.30.28.23: no connection to modbus server
[2024-12-26T06:12:06.844Z] Error reading actual data: no connection to modbus server
[2024-12-26T06:12:06.844Z] Error reading or processing Modbus registers: no connection to modbus server
[2024-12-26T06:12:06.844Z] Error writing to Modbus register: no connection to modbus server
[2024-12-26T06:12:07.849Z] Error reading register 6507 for IP 10.30.28.23: no connection to modbus server
[2024-12-26T06:12:07.849Z] Error reading actual data: no connection to modbus server
[2024-12-26T06:12:07.850Z] Error reading or processing Modbus registers: no connection to modbus server
[2024-12-26T06:12:07.850Z] Error writing to Modbus register: no connection to modbus server
[2024-12-26T06:12:08.854Z] Error reading register 6507 for IP 10.30.28.23: no connection to modbus server
[2024-12-26T06:12:08.854Z] Error reading actual data: no connection to modbus server
[2024-12-26T06:12:08.854Z] Error reading or processing Modbus registers: no connection to modbus server
[2024-12-26T06:12:08.855Z] Error writing to Modbus register: no connection to modbus server
[2024-12-26T06:12:09.859Z] Error reading register 6507 for IP 10.30.28.23: no connection to modbus server
[2024-12-26T06:12:09.859Z] Error reading actual data: no connection to modbus server
[2024-12-26T06:12:09.859Z] Error reading or processing Modbus registers: no connection to modbus server
[2024-12-26T06:12:09.860Z] Error writing to Modbus register: no connection to modbus server
[2024-12-26T06:12:10.875Z] Error reading register 6507 for IP 10.30.28.23: no connection to modbus server
[2024-12-26T06:12:10.875Z] Error reading actual data: no connection to modbus server
[2024-12-26T06:12:10.875Z] Error reading or processing Modbus registers: no connection to modbus server
[2024-12-26T06:12:10.876Z] Error writing to Modbus register: no connection to modbus server
[2024-12-26T06:12:11.876Z] Error reading register 6507 for IP 10.30.28.23: no connection to modbus server
[2024-12-26T06:12:11.876Z] Error reading actual data: no connection to modbus server
[2024-12-26T06:12:11.876Z] Error reading or processing Modbus registers: no connection to modbus server
[2024-12-26T06:12:11.877Z] Error writing to Modbus register: no connection to modbus server
[2024-12-26T06:12:12.881Z] Error reading register 6507 for IP 10.30.28.23: no connection to modbus server
[2024-12-26T06:12:12.882Z] Error reading actual data: no connection to modbus server
[2024-12-26T06:12:12.882Z] Error reading or processing Modbus registers: no connection to modbus server
[2024-12-26T06:12:12.882Z] Error writing to Modbus register: no connection to modbus server
[2024-12-26T06:12:13.902Z] Error reading register 6507 for IP 10.30.28.23: no connection to modbus server
[2024-12-26T06:12:13.902Z] Error reading actual data: no connection to modbus server
[2024-12-26T06:12:13.902Z] Error reading or processing Modbus registers: no connection to modbus server
[2024-12-26T06:12:13.902Z] Error writing to Modbus register: no connection to modbus server
[2024-12-26T06:12:14.905Z] Error reading register 6507 for IP 10.30.28.23: no connection to modbus server
[2024-12-26T06:12:14.906Z] Error reading actual data: no connection to modbus server
[2024-12-26T06:12:14.906Z] Error reading or processing Modbus registers: no connection to modbus server
[2024-12-26T06:12:14.906Z] Error writing to Modbus register: no connection to modbus server
[2024-12-26T06:12:15.908Z] Error reading register 6507 for IP 10.30.28.23: no connection to modbus server
[2024-12-26T06:12:15.908Z] Error reading actual data: no connection to modbus server
[2024-12-26T06:12:15.908Z] Error reading or processing Modbus registers: no connection to modbus server
[2024-12-26T06:12:15.909Z] Error writing to Modbus register: no connection to modbus server
[2024-12-26T06:12:16.913Z] Error reading register 6507 for IP 10.30.28.23: no connection to modbus server
[2024-12-26T06:12:16.913Z] Error reading actual data: no connection to modbus server
[2024-12-26T06:12:16.913Z] Error reading or processing Modbus registers: no connection to modbus server
[2024-12-26T06:12:16.914Z] Error writing to Modbus register: no connection to modbus server
[2024-12-26T06:12:17.917Z] Error reading register 6507 for IP 10.30.28.23: no connection to modbus server
[2024-12-26T06:12:17.917Z] Error reading actual data: no connection to modbus server
[2024-12-26T06:12:17.918Z] Error reading or processing Modbus registers: no connection to modbus server
[2024-12-26T06:12:17.918Z] Error writing to Modbus register: no connection to modbus server
[2024-12-26T06:12:18.922Z] Error reading register 6507 for IP 10.30.28.23: no connection to modbus server
[2024-12-26T06:12:18.922Z] Error reading actual data: no connection to modbus server
[2024-12-26T06:12:18.922Z] Error reading or processing Modbus registers: no connection to modbus server
[2024-12-26T06:12:18.924Z] Error writing to Modbus register: no connection to modbus server
[2024-12-26T06:12:19.926Z] Error reading register 6507 for IP 10.30.28.23: no connection to modbus server
[2024-12-26T06:12:19.927Z] Error reading actual data: no connection to modbus server
[2024-12-26T06:12:19.927Z] Error reading or processing Modbus registers: no connection to modbus server
[2024-12-26T06:12:19.927Z] Error writing to Modbus register: no connection to modbus server
[2024-12-26T06:12:20.927Z] Error reading register 6507 for IP 10.30.28.23: no connection to modbus server
[2024-12-26T06:12:20.928Z] Error reading actual data: no connection to modbus server
[2024-12-26T06:12:20.928Z] Error reading or processing Modbus registers: no connection to modbus server
[2024-12-26T06:12:20.928Z] Error writing to Modbus register: no connection to modbus server
[2024-12-26T06:12:21.934Z] Error reading register 6507 for IP 10.30.28.23: no connection to modbus server
[2024-12-26T06:12:21.934Z] Error reading actual data: no connection to modbus server
[2024-12-26T06:12:21.934Z] Error reading or processing Modbus registers: no connection to modbus server
[2024-12-26T06:12:21.935Z] Error writing to Modbus register: no connection to modbus server
[2024-12-26T06:12:22.939Z] Error reading register 6507 for IP 10.30.28.23: no connection to modbus server
[2024-12-26T06:12:22.939Z] Error reading actual data: no connection to modbus server
[2024-12-26T06:12:22.939Z] Error reading or processing Modbus registers: no connection to modbus server
[2024-12-26T06:12:22.940Z] Error writing to Modbus register: no connection to modbus server
[2024-12-26T06:12:23.942Z] Error reading register 6507 for IP 10.30.28.23: no connection to modbus server
[2024-12-26T06:12:23.942Z] Error reading actual data: no connection to modbus server
[2024-12-26T06:12:23.942Z] Error reading or processing Modbus registers: no connection to modbus server
[2024-12-26T06:12:23.943Z] Error writing to Modbus register: no connection to modbus server
[2024-12-26T06:12:24.941Z] Error reading register 6507 for IP 10.30.28.23: no connection to modbus server
[2024-12-26T06:12:24.942Z] Error reading actual data: no connection to modbus server
[2024-12-26T06:12:24.942Z] Error reading or processing Modbus registers: no connection to modbus server
[2024-12-26T06:12:24.943Z] Error writing to Modbus register: no connection to modbus server
[2024-12-26T06:12:25.947Z] Error reading register 6507 for IP 10.30.28.23: no connection to modbus server
[2024-12-26T06:12:25.947Z] Error reading actual data: no connection to modbus server
[2024-12-26T06:12:25.947Z] Error reading or processing Modbus registers: no connection to modbus server
[2024-12-26T06:12:25.948Z] Error writing to Modbus register: no connection to modbus server
[2024-12-26T06:12:26.951Z] Error reading register 6507 for IP 10.30.28.23: no connection to modbus server
[2024-12-26T06:12:26.951Z] Error reading actual data: no connection to modbus server
[2024-12-26T06:12:26.952Z] Error reading or processing Modbus registers: no connection to modbus server
[2024-12-26T06:12:26.952Z] Error writing to Modbus register: no connection to modbus server
[2024-12-26T06:12:27.958Z] Error reading register 6507 for IP 10.30.28.23: no connection to modbus server
[2024-12-26T06:12:27.959Z] Error reading actual data: no connection to modbus server
[2024-12-26T06:12:27.959Z] Error writing to Modbus register: no connection to modbus server
[2024-12-26T06:12:27.959Z] Error reading or processing Modbus registers: no connection to modbus server
[2024-12-26T06:12:28.961Z] Error reading register 6507 for IP 10.30.28.23: no connection to modbus server
[2024-12-26T06:12:28.962Z] Error reading or processing Modbus registers: no connection to modbus server
[2024-12-26T06:12:28.962Z] Error reading actual data: no connection to modbus server
[2024-12-26T06:12:28.962Z] Error writing to Modbus register: no connection to modbus server
[2024-12-26T06:12:29.968Z] Error reading register 6507 for IP 10.30.28.23: no connection to modbus server
[2024-12-26T06:12:29.968Z] Error reading actual data: no connection to modbus server
[2024-12-26T06:12:29.969Z] Error reading or processing Modbus registers: no connection to modbus server
[2024-12-26T06:12:29.969Z] Error writing to Modbus register: no connection to modbus server
[2024-12-26T06:12:30.974Z] Error reading register 6507 for IP 10.30.28.23: no connection to modbus server
[2024-12-26T06:12:30.974Z] Error reading actual data: no connection to modbus server
[2024-12-26T06:12:30.974Z] Error reading or processing Modbus registers: no connection to modbus server
[2024-12-26T06:12:30.975Z] Error writing to Modbus register: no connection to modbus server
[2024-12-26T06:12:31.980Z] Error reading register 6507 for IP 10.30.28.23: no connection to modbus server
[2024-12-26T06:12:31.980Z] Error reading actual data: no connection to modbus server
[2024-12-26T06:12:31.981Z] Error reading or processing Modbus registers: no connection to modbus server
[2024-12-26T06:12:31.981Z] Error writing to Modbus register: no connection to modbus server
[2024-12-26T06:12:32.996Z] Error reading register 6507 for IP 10.30.28.23: no connection to modbus server
[2024-12-26T06:12:32.996Z] Error reading actual data: no connection to modbus server
[2024-12-26T06:12:32.996Z] Error reading or processing Modbus registers: no connection to modbus server
[2024-12-26T06:12:32.996Z] Error writing to Modbus register: no connection to modbus server
[2024-12-26T06:12:34.009Z] Error reading register 6507 for IP 10.30.28.23: no connection to modbus server
[2024-12-26T06:12:34.009Z] Error reading actual data: no connection to modbus server
[2024-12-26T06:12:34.009Z] Error reading or processing Modbus registers: no connection to modbus server
[2024-12-26T06:12:34.010Z] Error writing to Modbus register: no connection to modbus server
[2024-12-26T06:12:35.013Z] Error reading actual data: no connection to modbus server
[2024-12-26T06:12:35.013Z] Error reading register 6507 for IP 10.30.28.23: no connection to modbus server
[2024-12-26T06:12:35.013Z] Error reading or processing Modbus registers: no connection to modbus server
[2024-12-26T06:12:35.014Z] Error writing to Modbus register: no connection to modbus server
[2024-12-26T06:12:36.012Z] Error reading register 6507 for IP 10.30.28.23: no connection to modbus server
[2024-12-26T06:12:36.012Z] Error reading actual data: no connection to modbus server
[2024-12-26T06:12:36.013Z] Error reading or processing Modbus registers: no connection to modbus server
[2024-12-26T06:12:36.014Z] Error writing to Modbus register: no connection to modbus server
[2024-12-26T06:12:37.026Z] Error reading register 6507 for IP 10.30.28.23: no connection to modbus server
[2024-12-26T06:12:37.026Z] Error reading actual data: no connection to modbus server
[2024-12-26T06:12:37.026Z] Error reading or processing Modbus registers: no connection to modbus server
[2024-12-26T06:12:37.027Z] Error writing to Modbus register: no connection to modbus server
[2024-12-26T06:12:38.028Z] Error reading register 6507 for IP 10.30.28.23: no connection to modbus server
[2024-12-26T06:12:38.028Z] Error reading actual data: no connection to modbus server
[2024-12-26T06:12:38.028Z] Error reading or processing Modbus registers: no connection to modbus server
[2024-12-26T06:12:38.028Z] Error writing to Modbus register: no connection to modbus server
[2024-12-26T06:12:39.029Z] Error reading register 6507 for IP 10.30.28.23: no connection to modbus server
[2024-12-26T06:12:39.030Z] Error reading actual data: no connection to modbus server
[2024-12-26T06:12:39.030Z] Error reading or processing Modbus registers: no connection to modbus server
[2024-12-26T06:12:39.030Z] Error writing to Modbus register: no connection to modbus server
[2024-12-26T06:12:40.040Z] Error reading register 6507 for IP 10.30.28.23: no connection to modbus server
[2024-12-26T06:12:40.040Z] Error reading actual data: no connection to modbus server
[2024-12-26T06:12:40.041Z] Error reading or processing Modbus registers: no connection to modbus server
[2024-12-26T06:12:40.041Z] Error writing to Modbus register: no connection to modbus server
[2024-12-26T06:12:41.045Z] Error reading register 6507 for IP 10.30.28.23: no connection to modbus server
[2024-12-26T06:12:41.045Z] Error reading actual data: no connection to modbus server
[2024-12-26T06:12:41.045Z] Error reading or processing Modbus registers: no connection to modbus server
[2024-12-26T06:12:41.046Z] Error writing to Modbus register: no connection to modbus server
[2024-12-26T06:12:42.051Z] Error reading register 6507 for IP 10.30.28.23: no connection to modbus server
[2024-12-26T06:12:42.051Z] Error reading actual data: no connection to modbus server
[2024-12-26T06:12:42.051Z] Error reading or processing Modbus registers: no connection to modbus server
[2024-12-26T06:12:42.052Z] Error writing to Modbus register: no connection to modbus server
[2024-12-26T06:12:43.053Z] Error reading register 6507 for IP 10.30.28.23: no connection to modbus server
[2024-12-26T06:12:43.053Z] Error reading actual data: no connection to modbus server
[2024-12-26T06:12:43.053Z] Error reading or processing Modbus registers: no connection to modbus server
[2024-12-26T06:12:43.054Z] Error writing to Modbus register: no connection to modbus server
[2024-12-26T06:12:44.057Z] Error reading register 6507 for IP 10.30.28.23: no connection to modbus server
[2024-12-26T06:12:44.058Z] Error writing to Modbus register: no connection to modbus server
[2024-12-26T06:12:44.057Z] Error reading actual data: no connection to modbus server
[2024-12-26T06:12:44.057Z] Error reading or processing Modbus registers: no connection to modbus server
[2024-12-26T06:12:45.062Z] Error reading register 6507 for IP 10.30.28.23: no connection to modbus server
[2024-12-26T06:12:45.062Z] Error reading actual data: no connection to modbus server
[2024-12-26T06:12:45.063Z] Error reading or processing Modbus registers: no connection to modbus server
[2024-12-26T06:12:45.063Z] Error writing to Modbus register: no connection to modbus server
[2024-12-26T06:12:46.068Z] Error reading register 6507 for IP 10.30.28.23: no connection to modbus server
[2024-12-26T06:12:46.068Z] Error reading actual data: no connection to modbus server
[2024-12-26T06:12:46.068Z] Error reading or processing Modbus registers: no connection to modbus server
[2024-12-26T06:12:46.069Z] Error writing to Modbus register: no connection to modbus server
[2024-12-26T06:12:47.071Z] Error reading register 6507 for IP 10.30.28.23: no connection to modbus server
[2024-12-26T06:12:47.071Z] Error reading actual data: no connection to modbus server
[2024-12-26T06:12:47.071Z] Error reading or processing Modbus registers: no connection to modbus server
[2024-12-26T06:12:47.072Z] Error writing to Modbus register: no connection to modbus server
[2024-12-26T06:12:48.075Z] Error reading register 6507 for IP 10.30.28.23: no connection to modbus server
[2024-12-26T06:12:48.075Z] Error reading actual data: no connection to modbus server
[2024-12-26T06:12:48.075Z] Error reading or processing Modbus registers: no connection to modbus server
[2024-12-26T06:12:48.076Z] Error writing to Modbus register: no connection to modbus server
[2024-12-26T06:12:49.075Z] Error reading register 6507 for IP 10.30.28.23: no connection to modbus server
[2024-12-26T06:12:49.075Z] Error reading actual data: no connection to modbus server
[2024-12-26T06:12:49.076Z] Error reading or processing Modbus registers: no connection to modbus server
[2024-12-26T06:12:49.076Z] Error writing to Modbus register: no connection to modbus server
[2024-12-26T06:12:50.079Z] Error reading register 6507 for IP 10.30.28.23: no connection to modbus server
[2024-12-26T06:12:50.079Z] Error reading actual data: no connection to modbus server
[2024-12-26T06:12:50.079Z] Error reading or processing Modbus registers: no connection to modbus server
[2024-12-26T06:12:50.080Z] Error writing to Modbus register: no connection to modbus server
[2024-12-26T06:12:51.092Z] Error reading register 6507 for IP 10.30.28.23: no connection to modbus server
[2024-12-26T06:12:51.092Z] Error reading actual data: no connection to modbus server
[2024-12-26T06:12:51.092Z] Error reading or processing Modbus registers: no connection to modbus server
[2024-12-26T06:12:51.092Z] Error writing to Modbus register: no connection to modbus server
[2024-12-26T06:12:52.092Z] Error reading register 6507 for IP 10.30.28.23: no connection to modbus server
[2024-12-26T06:12:52.092Z] Error reading actual data: no connection to modbus server
[2024-12-26T06:12:52.093Z] Error reading or processing Modbus registers: no connection to modbus server
[2024-12-26T06:12:52.093Z] Error writing to Modbus register: no connection to modbus server
[2024-12-26T06:12:53.100Z] Error reading register 6507 for IP 10.30.28.23: no connection to modbus server
[2024-12-26T06:12:53.100Z] Error reading actual data: no connection to modbus server
[2024-12-26T06:12:53.100Z] Error reading or processing Modbus registers: no connection to modbus server
[2024-12-26T06:12:53.100Z] Error writing to Modbus register: no connection to modbus server
[2024-12-26T06:12:54.115Z] Error reading register 6507 for IP 10.30.28.23: no connection to modbus server
[2024-12-26T06:12:54.115Z] Error reading actual data: no connection to modbus server
[2024-12-26T06:12:54.115Z] Error reading or processing Modbus registers: no connection to modbus server
[2024-12-26T06:12:54.116Z] Error writing to Modbus register: no connection to modbus server
[2024-12-26T06:12:55.114Z] Error reading register 6507 for IP 10.30.28.23: no connection to modbus server
[2024-12-26T06:12:55.115Z] Error reading actual data: no connection to modbus server
[2024-12-26T06:12:55.115Z] Error reading or processing Modbus registers: no connection to modbus server
[2024-12-26T06:12:55.116Z] Error writing to Modbus register: no connection to modbus server
[2024-12-26T06:12:56.116Z] Error reading register 6507 for IP 10.30.28.23: no connection to modbus server
[2024-12-26T06:12:56.116Z] Error reading actual data: no connection to modbus server
[2024-12-26T06:12:56.116Z] Error reading or processing Modbus registers: no connection to modbus server
[2024-12-26T06:12:56.117Z] Error writing to Modbus register: no connection to modbus server
[2024-12-26T06:12:57.122Z] Error reading register 6507 for IP 10.30.28.23: no connection to modbus server
[2024-12-26T06:12:57.122Z] Error reading actual data: no connection to modbus server
[2024-12-26T06:12:57.123Z] Error reading or processing Modbus registers: no connection to modbus server
[2024-12-26T06:12:57.123Z] Error writing to Modbus register: no connection to modbus server
[2024-12-26T06:12:58.123Z] Error reading register 6507 for IP 10.30.28.23: no connection to modbus server
[2024-12-26T06:12:58.123Z] Error reading actual data: no connection to modbus server
[2024-12-26T06:12:58.123Z] Error reading or processing Modbus registers: no connection to modbus server
[2024-12-26T06:12:58.124Z] Error writing to Modbus register: no connection to modbus server
[2024-12-26T06:12:59.128Z] Error reading register 6507 for IP 10.30.28.23: no connection to modbus server
[2024-12-26T06:12:59.128Z] Error reading actual data: no connection to modbus server
[2024-12-26T06:12:59.128Z] Error reading or processing Modbus registers: no connection to modbus server
[2024-12-26T06:12:59.129Z] Error writing to Modbus register: no connection to modbus server
[2024-12-26T06:13:00.133Z] Error reading register 6507 for IP 10.30.28.23: no connection to modbus server
[2024-12-26T06:13:00.133Z] Error reading actual data: no connection to modbus server
[2024-12-26T06:13:00.133Z] Error reading or processing Modbus registers: no connection to modbus server
[2024-12-26T06:13:00.134Z] Error writing to Modbus register: no connection to modbus server
[2024-12-26T06:13:01.136Z] Error reading register 6507 for IP 10.30.28.23: no connection to modbus server
[2024-12-26T06:13:01.136Z] Error reading actual data: no connection to modbus server
[2024-12-26T06:13:01.137Z] Error reading or processing Modbus registers: no connection to modbus server
[2024-12-26T06:13:01.137Z] Error writing to Modbus register: no connection to modbus server
[2024-12-26T06:13:02.139Z] Error reading register 6507 for IP 10.30.28.23: no connection to modbus server
[2024-12-26T06:13:02.139Z] Error reading actual data: no connection to modbus server
[2024-12-26T06:13:02.139Z] Error reading or processing Modbus registers: no connection to modbus server
[2024-12-26T06:13:02.140Z] Error writing to Modbus register: no connection to modbus server
[2024-12-26T06:13:03.141Z] Error reading register 6507 for IP 10.30.28.23: no connection to modbus server
[2024-12-26T06:13:03.141Z] Error reading actual data: no connection to modbus server
[2024-12-26T06:13:03.141Z] Error reading or processing Modbus registers: no connection to modbus server
[2024-12-26T06:13:03.141Z] Error writing to Modbus register: no connection to modbus server
[2024-12-26T06:13:04.145Z] Error reading register 6507 for IP 10.30.28.23: no connection to modbus server
[2024-12-26T06:13:04.145Z] Error reading actual data: no connection to modbus server
[2024-12-26T06:13:04.145Z] Error reading or processing Modbus registers: no connection to modbus server
[2024-12-26T06:13:04.146Z] Error writing to Modbus register: no connection to modbus server
[2024-12-26T06:13:05.149Z] Error reading register 6507 for IP 10.30.28.23: no connection to modbus server
[2024-12-26T06:13:05.149Z] Error reading actual data: no connection to modbus server
[2024-12-26T06:13:05.149Z] Error reading or processing Modbus registers: no connection to modbus server
[2024-12-26T06:13:05.150Z] Error writing to Modbus register: no connection to modbus server
[2024-12-26T06:13:06.163Z] Error reading register 6507 for IP 10.30.28.23: no connection to modbus server
[2024-12-26T06:13:06.163Z] Error reading actual data: no connection to modbus server
[2024-12-26T06:13:06.164Z] Error reading or processing Modbus registers: no connection to modbus server
[2024-12-26T06:13:06.164Z] Error writing to Modbus register: no connection to modbus server
[2024-12-26T06:13:07.166Z] Error reading register 6507 for IP 10.30.28.23: no connection to modbus server
[2024-12-26T06:13:07.166Z] Error reading actual data: no connection to modbus server
[2024-12-26T06:13:07.166Z] Error reading or processing Modbus registers: no connection to modbus server
[2024-12-26T06:13:07.167Z] Error writing to Modbus register: no connection to modbus server
[2024-12-26T06:13:08.173Z] Error reading register 6507 for IP 10.30.28.23: no connection to modbus server
[2024-12-26T06:13:08.173Z] Error reading actual data: no connection to modbus server
[2024-12-26T06:13:08.174Z] Error reading or processing Modbus registers: no connection to modbus server
[2024-12-26T06:13:08.174Z] Error writing to Modbus register: no connection to modbus server
[2024-12-26T06:13:09.177Z] Error reading register 6507 for IP 10.30.28.23: no connection to modbus server
[2024-12-26T06:13:09.178Z] Error reading actual data: no connection to modbus server
[2024-12-26T06:13:09.178Z] Error reading or processing Modbus registers: no connection to modbus server
[2024-12-26T06:13:09.178Z] Error writing to Modbus register: no connection to modbus server
[2024-12-26T06:13:10.180Z] Error reading register 6507 for IP 10.30.28.23: no connection to modbus server
[2024-12-26T06:13:10.181Z] Error reading actual data: no connection to modbus server
[2024-12-26T06:13:10.181Z] Error writing to Modbus register: no connection to modbus server
[2024-12-26T06:13:10.181Z] Error reading or processing Modbus registers: no connection to modbus server
[2024-12-26T06:13:11.182Z] Error reading register 6507 for IP 10.30.28.23: no connection to modbus server
[2024-12-26T06:13:11.182Z] Error reading actual data: no connection to modbus server
[2024-12-26T06:13:11.182Z] Error reading or processing Modbus registers: no connection to modbus server
[2024-12-26T06:13:11.183Z] Error writing to Modbus register: no connection to modbus server
[2024-12-26T06:13:12.187Z] Error reading register 6507 for IP 10.30.28.23: no connection to modbus server
[2024-12-26T06:13:12.187Z] Error reading actual data: no connection to modbus server
[2024-12-26T06:13:12.187Z] Error reading or processing Modbus registers: no connection to modbus server
[2024-12-26T06:13:12.187Z] Error writing to Modbus register: no connection to modbus server
[2024-12-26T06:13:13.187Z] Error reading register 6507 for IP 10.30.28.23: no connection to modbus server
[2024-12-26T06:13:13.188Z] Error reading actual data: no connection to modbus server
[2024-12-26T06:13:13.188Z] Error reading or processing Modbus registers: no connection to modbus server
[2024-12-26T06:13:13.188Z] Error writing to Modbus register: no connection to modbus server
[2024-12-26T06:13:14.199Z] Error reading register 6507 for IP 10.30.28.23: no connection to modbus server
[2024-12-26T06:13:14.199Z] Error reading actual data: no connection to modbus server
[2024-12-26T06:13:14.199Z] Error reading or processing Modbus registers: no connection to modbus server
[2024-12-26T06:13:14.200Z] Error writing to Modbus register: no connection to modbus server
[2024-12-26T06:13:15.202Z] Error reading register 6507 for IP 10.30.28.23: no connection to modbus server
[2024-12-26T06:13:15.202Z] Error reading actual data: no connection to modbus server
[2024-12-26T06:13:15.202Z] Error reading or processing Modbus registers: no connection to modbus server
[2024-12-26T06:13:15.203Z] Error writing to Modbus register: no connection to modbus server
[2024-12-26T06:13:16.203Z] Error reading register 6507 for IP 10.30.28.23: no connection to modbus server
[2024-12-26T06:13:16.203Z] Error reading actual data: no connection to modbus server
[2024-12-26T06:13:16.203Z] Error reading or processing Modbus registers: no connection to modbus server
[2024-12-26T06:13:16.204Z] Error writing to Modbus register: no connection to modbus server
[2024-12-26T06:13:17.208Z] Error reading register 6507 for IP 10.30.28.23: no connection to modbus server
[2024-12-26T06:13:17.209Z] Error reading or processing Modbus registers: no connection to modbus server
[2024-12-26T06:13:17.209Z] Error reading actual data: no connection to modbus server
[2024-12-26T06:13:17.209Z] Error writing to Modbus register: no connection to modbus server
[2024-12-26T06:13:18.213Z] Error reading register 6507 for IP 10.30.28.23: no connection to modbus server
[2024-12-26T06:13:18.214Z] Error reading or processing Modbus registers: no connection to modbus server
[2024-12-26T06:13:18.213Z] Error reading actual data: no connection to modbus server
[2024-12-26T06:13:18.214Z] Error writing to Modbus register: no connection to modbus server
[2024-12-26T06:13:19.216Z] Error reading register 6507 for IP 10.30.28.23: no connection to modbus server
[2024-12-26T06:13:19.216Z] Error reading actual data: no connection to modbus server
[2024-12-26T06:13:19.216Z] Error reading or processing Modbus registers: no connection to modbus server
[2024-12-26T06:13:19.217Z] Error writing to Modbus register: no connection to modbus server
[2024-12-26T06:13:20.223Z] Error reading register 6507 for IP 10.30.28.23: no connection to modbus server
[2024-12-26T06:13:20.223Z] Error reading actual data: no connection to modbus server
[2024-12-26T06:13:20.223Z] Error reading or processing Modbus registers: no connection to modbus server
[2024-12-26T06:13:20.223Z] Error writing to Modbus register: no connection to modbus server
[2024-12-26T06:13:21.226Z] Error reading register 6507 for IP 10.30.28.23: no connection to modbus server
[2024-12-26T06:13:21.227Z] Error reading actual data: no connection to modbus server
[2024-12-26T06:13:21.227Z] Error reading or processing Modbus registers: no connection to modbus server
[2024-12-26T06:13:21.227Z] Error writing to Modbus register: no connection to modbus server
[2024-12-26T06:13:22.227Z] Error reading register 6507 for IP 10.30.28.23: no connection to modbus server
[2024-12-26T06:13:22.227Z] Error reading actual data: no connection to modbus server
[2024-12-26T06:13:22.228Z] Error reading or processing Modbus registers: no connection to modbus server
[2024-12-26T06:13:22.228Z] Error writing to Modbus register: no connection to modbus server
[2024-12-26T06:13:23.232Z] Error reading register 6507 for IP 10.30.28.23: no connection to modbus server
[2024-12-26T06:13:23.232Z] Error reading actual data: no connection to modbus server
[2024-12-26T06:13:23.233Z] Error reading or processing Modbus registers: no connection to modbus server
[2024-12-26T06:13:23.233Z] Error writing to Modbus register: no connection to modbus server
[2024-12-26T06:13:24.248Z] Error reading register 6507 for IP 10.30.28.23: no connection to modbus server
[2024-12-26T06:13:24.248Z] Error reading actual data: no connection to modbus server
[2024-12-26T06:13:24.248Z] Error reading or processing Modbus registers: no connection to modbus server
[2024-12-26T06:13:24.248Z] Error writing to Modbus register: no connection to modbus server
[2024-12-26T06:13:25.256Z] Error reading register 6507 for IP 10.30.28.23: no connection to modbus server
[2024-12-26T06:13:25.257Z] Error reading actual data: no connection to modbus server
[2024-12-26T06:13:25.257Z] Error reading or processing Modbus registers: no connection to modbus server
[2024-12-26T06:13:25.257Z] Error writing to Modbus register: no connection to modbus server
[2024-12-26T06:13:26.257Z] Error reading register 6507 for IP 10.30.28.23: no connection to modbus server
[2024-12-26T06:13:26.257Z] Error reading actual data: no connection to modbus server
[2024-12-26T06:13:26.257Z] Error reading or processing Modbus registers: no connection to modbus server
[2024-12-26T06:13:26.258Z] Error writing to Modbus register: no connection to modbus server
[2024-12-26T06:13:27.261Z] Error reading register 6507 for IP 10.30.28.23: no connection to modbus server
[2024-12-26T06:13:27.261Z] Error reading actual data: no connection to modbus server
[2024-12-26T06:13:27.261Z] Error reading or processing Modbus registers: no connection to modbus server
[2024-12-26T06:13:27.262Z] Error writing to Modbus register: no connection to modbus server
[2024-12-26T06:13:28.262Z] Error reading register 6507 for IP 10.30.28.23: no connection to modbus server
[2024-12-26T06:13:28.262Z] Error reading actual data: no connection to modbus server
[2024-12-26T06:13:28.262Z] Error reading or processing Modbus registers: no connection to modbus server
[2024-12-26T06:13:28.263Z] Error writing to Modbus register: no connection to modbus server
[2024-12-26T06:13:29.263Z] Error reading register 6507 for IP 10.30.28.23: no connection to modbus server
[2024-12-26T06:13:29.263Z] Error reading actual data: no connection to modbus server
[2024-12-26T06:13:29.264Z] Error reading or processing Modbus registers: no connection to modbus server
[2024-12-26T06:13:29.264Z] Error writing to Modbus register: no connection to modbus server
[2024-12-26T06:13:30.265Z] Error reading register 6507 for IP 10.30.28.23: no connection to modbus server
[2024-12-26T06:13:30.266Z] Error reading actual data: no connection to modbus server
[2024-12-26T06:13:30.266Z] Error reading or processing Modbus registers: no connection to modbus server
[2024-12-26T06:13:30.266Z] Error writing to Modbus register: no connection to modbus server
[2024-12-26T06:13:31.266Z] Error reading register 6507 for IP 10.30.28.23: no connection to modbus server
[2024-12-26T06:13:31.266Z] Error reading actual data: no connection to modbus server
[2024-12-26T06:13:31.266Z] Error reading or processing Modbus registers: no connection to modbus server
[2024-12-26T06:13:31.267Z] Error writing to Modbus register: no connection to modbus server
[2024-12-26T06:13:32.272Z] Error reading register 6507 for IP 10.30.28.23: no connection to modbus server
[2024-12-26T06:13:32.273Z] Error reading actual data: no connection to modbus server
[2024-12-26T06:13:32.273Z] Error reading or processing Modbus registers: no connection to modbus server
[2024-12-26T06:13:32.273Z] Error writing to Modbus register: no connection to modbus server
[2024-12-26T06:13:33.274Z] Error reading register 6507 for IP 10.30.28.23: no connection to modbus server
[2024-12-26T06:13:33.274Z] Error reading actual data: no connection to modbus server
[2024-12-26T06:13:33.275Z] Error reading or processing Modbus registers: no connection to modbus server
[2024-12-26T06:13:33.275Z] Error writing to Modbus register: no connection to modbus server
[2024-12-26T06:13:34.287Z] Error reading register 6507 for IP 10.30.28.23: no connection to modbus server
[2024-12-26T06:13:34.287Z] Error reading actual data: no connection to modbus server
[2024-12-26T06:13:34.288Z] Error reading or processing Modbus registers: no connection to modbus server
[2024-12-26T06:13:34.288Z] Error writing to Modbus register: no connection to modbus server
[2024-12-26T06:13:35.293Z] Error reading register 6507 for IP 10.30.28.23: no connection to modbus server
[2024-12-26T06:13:35.293Z] Error reading actual data: no connection to modbus server
[2024-12-26T06:13:35.293Z] Error reading or processing Modbus registers: no connection to modbus server
[2024-12-26T06:13:35.294Z] Error writing to Modbus register: no connection to modbus server
[2024-12-26T06:13:36.294Z] Error reading register 6507 for IP 10.30.28.23: no connection to modbus server
[2024-12-26T06:13:36.295Z] Error reading actual data: no connection to modbus server
[2024-12-26T06:13:36.295Z] Error reading or processing Modbus registers: no connection to modbus server
[2024-12-26T06:13:36.295Z] Error writing to Modbus register: no connection to modbus server
[2024-12-26T06:13:37.297Z] Error reading register 6507 for IP 10.30.28.23: no connection to modbus server
[2024-12-26T06:13:37.297Z] Error reading actual data: no connection to modbus server
[2024-12-26T06:13:37.297Z] Error reading or processing Modbus registers: no connection to modbus server
[2024-12-26T06:13:37.298Z] Error writing to Modbus register: no connection to modbus server
[2024-12-26T06:13:38.299Z] Error reading register 6507 for IP 10.30.28.23: no connection to modbus server
[2024-12-26T06:13:38.299Z] Error reading actual data: no connection to modbus server
[2024-12-26T06:13:38.299Z] Error reading or processing Modbus registers: no connection to modbus server
[2024-12-26T06:13:38.300Z] Error writing to Modbus register: no connection to modbus server
[2024-12-26T06:13:39.305Z] Error reading register 6507 for IP 10.30.28.23: no connection to modbus server
[2024-12-26T06:13:39.305Z] Error reading actual data: no connection to modbus server
[2024-12-26T06:13:39.305Z] Error reading or processing Modbus registers: no connection to modbus server
[2024-12-26T06:13:39.306Z] Error writing to Modbus register: no connection to modbus server
[2024-12-26T06:13:40.308Z] Error reading register 6507 for IP 10.30.28.23: no connection to modbus server
[2024-12-26T06:13:40.308Z] Error reading actual data: no connection to modbus server
[2024-12-26T06:13:40.308Z] Error reading or processing Modbus registers: no connection to modbus server
[2024-12-26T06:13:40.309Z] Error writing to Modbus register: no connection to modbus server
[2024-12-26T06:13:41.311Z] Error reading register 6507 for IP 10.30.28.23: no connection to modbus server
[2024-12-26T06:13:41.311Z] Error reading actual data: no connection to modbus server
[2024-12-26T06:13:41.312Z] Error reading or processing Modbus registers: no connection to modbus server
[2024-12-26T06:13:41.312Z] Error writing to Modbus register: no connection to modbus server
[2024-12-26T06:13:42.313Z] Error reading register 6507 for IP 10.30.28.23: no connection to modbus server
[2024-12-26T06:13:42.313Z] Error reading actual data: no connection to modbus server
[2024-12-26T06:13:42.313Z] Error reading or processing Modbus registers: no connection to modbus server
[2024-12-26T06:13:42.314Z] Error writing to Modbus register: no connection to modbus server
[2024-12-26T06:13:43.313Z] Error reading register 6507 for IP 10.30.28.23: no connection to modbus server
[2024-12-26T06:13:43.314Z] Error reading actual data: no connection to modbus server
[2024-12-26T06:13:43.314Z] Error reading or processing Modbus registers: no connection to modbus server
[2024-12-26T06:13:43.314Z] Error writing to Modbus register: no connection to modbus server
[2024-12-26T06:13:44.316Z] Error reading register 6507 for IP 10.30.28.23: no connection to modbus server
[2024-12-26T06:13:44.316Z] Error reading actual data: no connection to modbus server
[2024-12-26T06:13:44.316Z] Error reading or processing Modbus registers: no connection to modbus server
[2024-12-26T06:13:44.316Z] Error writing to Modbus register: no connection to modbus server
[2024-12-26T06:13:45.317Z] Error reading register 6507 for IP 10.30.28.23: no connection to modbus server
[2024-12-26T06:13:45.317Z] Error reading actual data: no connection to modbus server
[2024-12-26T06:13:45.317Z] Error reading or processing Modbus registers: no connection to modbus server
[2024-12-26T06:13:45.318Z] Error writing to Modbus register: no connection to modbus server
[2024-12-26T06:13:46.322Z] Error reading register 6507 for IP 10.30.28.23: no connection to modbus server
[2024-12-26T06:13:46.322Z] Error reading actual data: no connection to modbus server
[2024-12-26T06:13:46.323Z] Error reading or processing Modbus registers: no connection to modbus server
[2024-12-26T06:13:46.323Z] Error writing to Modbus register: no connection to modbus server
[2024-12-26T06:13:47.324Z] Error reading register 6507 for IP 10.30.28.23: no connection to modbus server
[2024-12-26T06:13:47.324Z] Error reading actual data: no connection to modbus server
[2024-12-26T06:13:47.325Z] Error reading or processing Modbus registers: no connection to modbus server
[2024-12-26T06:13:47.325Z] Error writing to Modbus register: no connection to modbus server
[2024-12-26T06:13:48.327Z] Error reading register 6507 for IP 10.30.28.23: no connection to modbus server
[2024-12-26T06:13:48.328Z] Error reading or processing Modbus registers: no connection to modbus server
[2024-12-26T06:13:48.327Z] Error reading actual data: no connection to modbus server
[2024-12-26T06:13:48.328Z] Error writing to Modbus register: no connection to modbus server
[2024-12-26T06:13:49.332Z] Error reading register 6507 for IP 10.30.28.23: no connection to modbus server
[2024-12-26T06:13:49.333Z] Error reading actual data: no connection to modbus server
[2024-12-26T06:13:49.333Z] Error reading or processing Modbus registers: no connection to modbus server
[2024-12-26T06:13:49.333Z] Error writing to Modbus register: no connection to modbus server
[2024-12-26T06:13:50.335Z] Error reading register 6507 for IP 10.30.28.23: no connection to modbus server
[2024-12-26T06:13:50.335Z] Error reading actual data: no connection to modbus server
[2024-12-26T06:13:50.335Z] Error reading or processing Modbus registers: no connection to modbus server
[2024-12-26T06:13:50.336Z] Error writing to Modbus register: no connection to modbus server
[2024-12-26T06:13:51.336Z] Error reading actual data: no connection to modbus server
[2024-12-26T06:13:51.336Z] Error reading register 6507 for IP 10.30.28.23: no connection to modbus server
[2024-12-26T06:13:51.337Z] Error reading or processing Modbus registers: no connection to modbus server
[2024-12-26T06:13:51.337Z] Error writing to Modbus register: no connection to modbus server
[2024-12-26T06:13:52.340Z] Error reading register 6507 for IP 10.30.28.23: no connection to modbus server
[2024-12-26T06:13:52.341Z] Error writing to Modbus register: no connection to modbus server
[2024-12-26T06:13:52.341Z] Error reading or processing Modbus registers: no connection to modbus server
[2024-12-26T06:13:52.341Z] Error reading actual data: no connection to modbus server
[2024-12-26T06:13:53.342Z] Error reading register 6507 for IP 10.30.28.23: no connection to modbus server
[2024-12-26T06:13:53.342Z] Error reading actual data: no connection to modbus server
[2024-12-26T06:13:53.343Z] Error reading or processing Modbus registers: no connection to modbus server
[2024-12-26T06:13:53.343Z] Error writing to Modbus register: no connection to modbus server
[2024-12-26T06:13:54.344Z] Error reading register 6507 for IP 10.30.28.23: no connection to modbus server
[2024-12-26T06:13:54.344Z] Error reading actual data: no connection to modbus server
[2024-12-26T06:13:54.344Z] Error reading or processing Modbus registers: no connection to modbus server
[2024-12-26T06:13:54.344Z] Error writing to Modbus register: no connection to modbus server
[2024-12-26T06:13:55.359Z] Error reading register 6507 for IP 10.30.28.23: no connection to modbus server
[2024-12-26T06:13:55.359Z] Error reading actual data: no connection to modbus server
[2024-12-26T06:13:55.359Z] Error reading or processing Modbus registers: no connection to modbus server
[2024-12-26T06:13:55.360Z] Error writing to Modbus register: no connection to modbus server
[2024-12-26T06:13:56.366Z] Error reading register 6507 for IP 10.30.28.23: no connection to modbus server
[2024-12-26T06:13:56.367Z] Error reading actual data: no connection to modbus server
[2024-12-26T06:13:56.367Z] Error reading or processing Modbus registers: no connection to modbus server
[2024-12-26T06:13:56.367Z] Error writing to Modbus register: no connection to modbus server
[2024-12-26T06:13:57.369Z] Error reading register 6507 for IP 10.30.28.23: no connection to modbus server
[2024-12-26T06:13:57.370Z] Error reading or processing Modbus registers: no connection to modbus server
[2024-12-26T06:13:57.369Z] Error reading actual data: no connection to modbus server
[2024-12-26T06:13:57.370Z] Error writing to Modbus register: no connection to modbus server
[2024-12-26T06:13:58.372Z] Error reading register 6507 for IP 10.30.28.23: no connection to modbus server
[2024-12-26T06:13:58.373Z] Error reading actual data: no connection to modbus server
[2024-12-26T06:13:58.373Z] Error reading or processing Modbus registers: no connection to modbus server
[2024-12-26T06:13:58.373Z] Error writing to Modbus register: no connection to modbus server
[2024-12-26T06:13:59.378Z] Error reading register 6507 for IP 10.30.28.23: no connection to modbus server
[2024-12-26T06:13:59.379Z] Error reading actual data: no connection to modbus server
[2024-12-26T06:13:59.379Z] Error reading or processing Modbus registers: no connection to modbus server
[2024-12-26T06:13:59.379Z] Error writing to Modbus register: no connection to modbus server
[2024-12-26T06:14:00.379Z] Error reading register 6507 for IP 10.30.28.23: no connection to modbus server
[2024-12-26T06:14:00.379Z] Error reading actual data: no connection to modbus server
[2024-12-26T06:14:00.380Z] Error reading or processing Modbus registers: no connection to modbus server
[2024-12-26T06:14:00.380Z] Error writing to Modbus register: no connection to modbus server
[2024-12-26T06:14:01.383Z] Error reading register 6507 for IP 10.30.28.23: no connection to modbus server
[2024-12-26T06:14:01.383Z] Error reading actual data: no connection to modbus server
[2024-12-26T06:14:01.383Z] Error reading or processing Modbus registers: no connection to modbus server
[2024-12-26T06:14:01.384Z] Error writing to Modbus register: no connection to modbus server
[2024-12-26T06:14:02.390Z] Error reading register 6507 for IP 10.30.28.23: no connection to modbus server
[2024-12-26T06:14:02.390Z] Error reading actual data: no connection to modbus server
[2024-12-26T06:14:02.390Z] Error reading or processing Modbus registers: no connection to modbus server
[2024-12-26T06:14:02.391Z] Error writing to Modbus register: no connection to modbus server
[2024-12-26T06:14:03.397Z] Error reading register 6507 for IP 10.30.28.23: no connection to modbus server
[2024-12-26T06:14:03.397Z] Error reading actual data: no connection to modbus server
[2024-12-26T06:14:03.397Z] Error reading or processing Modbus registers: no connection to modbus server
[2024-12-26T06:14:03.398Z] Error writing to Modbus register: no connection to modbus server
[2024-12-26T06:14:04.400Z] Error reading register 6507 for IP 10.30.28.23: no connection to modbus server
[2024-12-26T06:14:04.400Z] Error reading actual data: no connection to modbus server
[2024-12-26T06:14:04.401Z] Error reading or processing Modbus registers: no connection to modbus server
[2024-12-26T06:14:04.401Z] Error writing to Modbus register: no connection to modbus server
[2024-12-26T06:14:05.406Z] Error reading register 6507 for IP 10.30.28.23: no connection to modbus server
[2024-12-26T06:14:05.406Z] Error reading actual data: no connection to modbus server
[2024-12-26T06:14:05.407Z] Error reading or processing Modbus registers: no connection to modbus server
[2024-12-26T06:14:05.407Z] Error writing to Modbus register: no connection to modbus server
[2024-12-26T06:14:06.409Z] Error reading register 6507 for IP 10.30.28.23: no connection to modbus server
[2024-12-26T06:14:06.409Z] Error reading actual data: no connection to modbus server
[2024-12-26T06:14:06.409Z] Error reading or processing Modbus registers: no connection to modbus server
[2024-12-26T06:14:06.409Z] Error writing to Modbus register: no connection to modbus server
[2024-12-26T06:14:07.415Z] Error reading register 6507 for IP 10.30.28.23: no connection to modbus server
[2024-12-26T06:14:07.415Z] Error reading actual data: no connection to modbus server
[2024-12-26T06:14:07.415Z] Error reading or processing Modbus registers: no connection to modbus server
[2024-12-26T06:14:07.416Z] Error writing to Modbus register: no connection to modbus server
[2024-12-26T06:14:08.420Z] Error reading register 6507 for IP 10.30.28.23: no connection to modbus server
[2024-12-26T06:14:08.420Z] Error reading actual data: no connection to modbus server
[2024-12-26T06:14:08.420Z] Error reading or processing Modbus registers: no connection to modbus server
[2024-12-26T06:14:08.421Z] Error writing to Modbus register: no connection to modbus server
[2024-12-26T06:14:09.424Z] Error reading register 6507 for IP 10.30.28.23: no connection to modbus server
[2024-12-26T06:14:09.425Z] Error reading actual data: no connection to modbus server
[2024-12-26T06:14:09.425Z] Error reading or processing Modbus registers: no connection to modbus server
[2024-12-26T06:14:09.425Z] Error writing to Modbus register: no connection to modbus server
[2024-12-26T06:14:10.438Z] Error reading register 6507 for IP 10.30.28.23: no connection to modbus server
[2024-12-26T06:14:10.439Z] Error reading actual data: no connection to modbus server
[2024-12-26T06:14:10.439Z] Error reading or processing Modbus registers: no connection to modbus server
[2024-12-26T06:14:10.439Z] Error writing to Modbus register: no connection to modbus server
[2024-12-26T06:14:11.441Z] Error reading register 6507 for IP 10.30.28.23: no connection to modbus server
[2024-12-26T06:14:11.441Z] Error reading actual data: no connection to modbus server
[2024-12-26T06:14:11.442Z] Error reading or processing Modbus registers: no connection to modbus server
[2024-12-26T06:14:11.442Z] Error writing to Modbus register: no connection to modbus server
[2024-12-26T06:14:12.444Z] Error reading register 6507 for IP 10.30.28.23: no connection to modbus server
[2024-12-26T06:14:12.445Z] Error reading actual data: no connection to modbus server
[2024-12-26T06:14:12.445Z] Error reading or processing Modbus registers: no connection to modbus server
[2024-12-26T06:14:12.445Z] Error writing to Modbus register: no connection to modbus server
[2024-12-26T06:14:13.461Z] Error reading register 6507 for IP 10.30.28.23: no connection to modbus server
[2024-12-26T06:14:13.461Z] Error reading actual data: no connection to modbus server
[2024-12-26T06:14:13.461Z] Error reading or processing Modbus registers: no connection to modbus server
[2024-12-26T06:14:13.462Z] Error writing to Modbus register: no connection to modbus server
[2024-12-26T06:14:14.467Z] Error reading register 6507 for IP 10.30.28.23: no connection to modbus server
[2024-12-26T06:14:14.467Z] Error reading actual data: no connection to modbus server
[2024-12-26T06:14:14.468Z] Error reading or processing Modbus registers: no connection to modbus server
[2024-12-26T06:14:14.468Z] Error writing to Modbus register: no connection to modbus server
[2024-12-26T06:14:15.475Z] Error reading register 6507 for IP 10.30.28.23: no connection to modbus server
[2024-12-26T06:14:15.475Z] Error reading actual data: no connection to modbus server
[2024-12-26T06:14:15.476Z] Error writing to Modbus register: no connection to modbus server
[2024-12-26T06:14:15.475Z] Error reading or processing Modbus registers: no connection to modbus server
[2024-12-26T06:14:16.479Z] Error reading register 6507 for IP 10.30.28.23: no connection to modbus server
[2024-12-26T06:14:16.479Z] Error reading actual data: no connection to modbus server
[2024-12-26T06:14:16.479Z] Error reading or processing Modbus registers: no connection to modbus server
[2024-12-26T06:14:16.480Z] Error writing to Modbus register: no connection to modbus server
[2024-12-26T06:14:17.483Z] Error reading register 6507 for IP 10.30.28.23: no connection to modbus server
[2024-12-26T06:14:17.483Z] Error reading actual data: no connection to modbus server
[2024-12-26T06:14:17.483Z] Error reading or processing Modbus registers: no connection to modbus server
[2024-12-26T06:14:17.484Z] Error writing to Modbus register: no connection to modbus server
[2024-12-26T06:14:18.487Z] Error reading register 6507 for IP 10.30.28.23: no connection to modbus server
[2024-12-26T06:14:18.487Z] Error reading actual data: no connection to modbus server
[2024-12-26T06:14:18.488Z] Error reading or processing Modbus registers: no connection to modbus server
[2024-12-26T06:14:18.488Z] Error writing to Modbus register: no connection to modbus server
[2024-12-26T06:14:19.492Z] Error reading register 6507 for IP 10.30.28.23: no connection to modbus server
[2024-12-26T06:14:19.492Z] Error reading actual data: no connection to modbus server
[2024-12-26T06:14:19.492Z] Error reading or processing Modbus registers: no connection to modbus server
[2024-12-26T06:14:19.492Z] Error writing to Modbus register: no connection to modbus server
[2024-12-26T06:14:20.494Z] Error reading register 6507 for IP 10.30.28.23: no connection to modbus server
[2024-12-26T06:14:20.494Z] Error reading actual data: no connection to modbus server
[2024-12-26T06:14:20.494Z] Error reading or processing Modbus registers: no connection to modbus server
[2024-12-26T06:14:20.495Z] Error writing to Modbus register: no connection to modbus server
[2024-12-26T06:14:21.500Z] Error reading register 6507 for IP 10.30.28.23: no connection to modbus server
[2024-12-26T06:14:21.500Z] Error reading actual data: no connection to modbus server
[2024-12-26T06:14:21.501Z] Error reading or processing Modbus registers: no connection to modbus server
[2024-12-26T06:14:21.501Z] Error writing to Modbus register: no connection to modbus server
[2024-12-26T06:14:22.507Z] Error reading register 6507 for IP 10.30.28.23: no connection to modbus server
[2024-12-26T06:14:22.507Z] Error reading actual data: no connection to modbus server
[2024-12-26T06:14:22.508Z] Error reading or processing Modbus registers: no connection to modbus server
[2024-12-26T06:14:22.508Z] Error writing to Modbus register: no connection to modbus server
[2024-12-26T06:14:23.509Z] Error reading register 6507 for IP 10.30.28.23: no connection to modbus server
[2024-12-26T06:14:23.510Z] Error reading actual data: no connection to modbus server
[2024-12-26T06:14:23.510Z] Error reading or processing Modbus registers: no connection to modbus server
[2024-12-26T06:14:23.510Z] Error writing to Modbus register: no connection to modbus server
[2024-12-26T06:14:24.524Z] Error reading register 6507 for IP 10.30.28.23: no connection to modbus server
[2024-12-26T06:14:24.524Z] Error reading actual data: no connection to modbus server
[2024-12-26T06:14:24.524Z] Error reading or processing Modbus registers: no connection to modbus server
[2024-12-26T06:14:24.524Z] Error writing to Modbus register: no connection to modbus server
[2024-12-26T06:14:25.538Z] Error reading register 6507 for IP 10.30.28.23: no connection to modbus server
[2024-12-26T06:14:25.538Z] Error reading actual data: no connection to modbus server
[2024-12-26T06:14:25.538Z] Error reading or processing Modbus registers: no connection to modbus server
[2024-12-26T06:14:25.539Z] Error writing to Modbus register: no connection to modbus server
[2024-12-26T06:14:26.543Z] Error reading register 6507 for IP 10.30.28.23: no connection to modbus server
[2024-12-26T06:14:26.543Z] Error reading actual data: no connection to modbus server
[2024-12-26T06:14:26.543Z] Error reading or processing Modbus registers: no connection to modbus server
[2024-12-26T06:14:26.544Z] Error writing to Modbus register: no connection to modbus server
[2024-12-26T06:14:27.548Z] Error reading register 6507 for IP 10.30.28.23: no connection to modbus server
[2024-12-26T06:14:27.548Z] Error reading actual data: no connection to modbus server
[2024-12-26T06:14:27.548Z] Error reading or processing Modbus registers: no connection to modbus server
[2024-12-26T06:14:27.549Z] Error writing to Modbus register: no connection to modbus server
[2024-12-26T06:14:28.550Z] Error reading register 6507 for IP 10.30.28.23: no connection to modbus server
[2024-12-26T06:14:28.550Z] Error reading actual data: no connection to modbus server
[2024-12-26T06:14:28.550Z] Error reading or processing Modbus registers: no connection to modbus server
[2024-12-26T06:14:28.551Z] Error writing to Modbus register: no connection to modbus server
[2024-12-26T06:14:29.551Z] Error reading register 6507 for IP 10.30.28.23: no connection to modbus server
[2024-12-26T06:14:29.551Z] Error reading actual data: no connection to modbus server
[2024-12-26T06:14:29.551Z] Error reading or processing Modbus registers: no connection to modbus server
[2024-12-26T06:14:29.552Z] Error writing to Modbus register: no connection to modbus server
[2024-12-26T06:14:30.552Z] Error reading register 6507 for IP 10.30.28.23: no connection to modbus server
[2024-12-26T06:14:30.552Z] Error reading actual data: no connection to modbus server
[2024-12-26T06:14:30.553Z] Error reading or processing Modbus registers: no connection to modbus server
[2024-12-26T06:14:30.553Z] Error writing to Modbus register: no connection to modbus server
[2024-12-26T06:14:31.555Z] Error reading register 6507 for IP 10.30.28.23: no connection to modbus server
[2024-12-26T06:14:31.555Z] Error reading actual data: no connection to modbus server
[2024-12-26T06:14:31.555Z] Error reading or processing Modbus registers: no connection to modbus server
[2024-12-26T06:14:31.556Z] Error writing to Modbus register: no connection to modbus server
[2024-12-26T06:14:32.561Z] Error reading register 6507 for IP 10.30.28.23: no connection to modbus server
[2024-12-26T06:14:32.561Z] Error reading actual data: no connection to modbus server
[2024-12-26T06:14:32.561Z] Error reading or processing Modbus registers: no connection to modbus server
[2024-12-26T06:14:32.562Z] Error writing to Modbus register: no connection to modbus server
[2024-12-26T06:14:33.563Z] Error reading register 6507 for IP 10.30.28.23: no connection to modbus server
[2024-12-26T06:14:33.563Z] Error reading actual data: no connection to modbus server
[2024-12-26T06:14:33.564Z] Error reading or processing Modbus registers: no connection to modbus server
[2024-12-26T06:14:33.564Z] Error writing to Modbus register: no connection to modbus server
[2024-12-26T06:14:34.578Z] Error reading register 6507 for IP 10.30.28.23: no connection to modbus server
[2024-12-26T06:14:34.578Z] Error reading actual data: no connection to modbus server
[2024-12-26T06:14:34.579Z] Error reading or processing Modbus registers: no connection to modbus server
[2024-12-26T06:14:34.579Z] Error writing to Modbus register: no connection to modbus server
[2024-12-26T06:14:35.579Z] Error reading register 6507 for IP 10.30.28.23: no connection to modbus server
[2024-12-26T06:14:35.579Z] Error reading actual data: no connection to modbus server
[2024-12-26T06:14:35.579Z] Error reading or processing Modbus registers: no connection to modbus server
[2024-12-26T06:14:35.580Z] Error writing to Modbus register: no connection to modbus server
[2024-12-26T06:14:36.582Z] Error reading register 6507 for IP 10.30.28.23: no connection to modbus server
[2024-12-26T06:14:36.582Z] Error reading actual data: no connection to modbus server
[2024-12-26T06:14:36.583Z] Error reading or processing Modbus registers: no connection to modbus server
[2024-12-26T06:14:36.583Z] Error writing to Modbus register: no connection to modbus server
[2024-12-26T06:14:37.589Z] Error reading register 6507 for IP 10.30.28.23: no connection to modbus server
[2024-12-26T06:14:37.589Z] Error reading actual data: no connection to modbus server
[2024-12-26T06:14:37.590Z] Error reading or processing Modbus registers: no connection to modbus server
[2024-12-26T06:14:37.590Z] Error writing to Modbus register: no connection to modbus server
[2024-12-26T06:14:38.593Z] Error reading register 6507 for IP 10.30.28.23: no connection to modbus server
[2024-12-26T06:14:38.593Z] Error reading actual data: no connection to modbus server
[2024-12-26T06:14:38.593Z] Error reading or processing Modbus registers: no connection to modbus server
[2024-12-26T06:14:38.593Z] Error writing to Modbus register: no connection to modbus server
[2024-12-26T06:14:39.595Z] Error reading register 6507 for IP 10.30.28.23: no connection to modbus server
[2024-12-26T06:14:39.595Z] Error reading actual data: no connection to modbus server
[2024-12-26T06:14:39.595Z] Error reading or processing Modbus registers: no connection to modbus server
[2024-12-26T06:14:39.595Z] Error writing to Modbus register: no connection to modbus server
[2024-12-26T06:14:40.609Z] Error reading register 6507 for IP 10.30.28.23: no connection to modbus server
[2024-12-26T06:14:40.609Z] Error reading actual data: no connection to modbus server
[2024-12-26T06:14:40.609Z] Error reading or processing Modbus registers: no connection to modbus server
[2024-12-26T06:14:40.609Z] Error writing to Modbus register: no connection to modbus server
[2024-12-26T06:14:41.610Z] Error reading register 6507 for IP 10.30.28.23: no connection to modbus server
[2024-12-26T06:14:41.610Z] Error reading actual data: no connection to modbus server
[2024-12-26T06:14:41.611Z] Error reading or processing Modbus registers: no connection to modbus server
[2024-12-26T06:14:41.611Z] Error writing to Modbus register: no connection to modbus server
[2024-12-26T06:14:42.612Z] Error reading register 6507 for IP 10.30.28.23: no connection to modbus server
[2024-12-26T06:14:42.612Z] Error reading actual data: no connection to modbus server
[2024-12-26T06:14:42.612Z] Error reading or processing Modbus registers: no connection to modbus server
[2024-12-26T06:14:42.613Z] Error writing to Modbus register: no connection to modbus server
[2024-12-26T06:14:43.614Z] Error reading register 6507 for IP 10.30.28.23: no connection to modbus server
[2024-12-26T06:14:43.614Z] Error reading actual data: no connection to modbus server
[2024-12-26T06:14:43.614Z] Error reading or processing Modbus registers: no connection to modbus server
[2024-12-26T06:14:43.615Z] Error writing to Modbus register: no connection to modbus server
[2024-12-26T06:14:44.615Z] Error reading register 6507 for IP 10.30.28.23: no connection to modbus server
[2024-12-26T06:14:44.615Z] Error reading actual data: no connection to modbus server
[2024-12-26T06:14:44.615Z] Error reading or processing Modbus registers: no connection to modbus server
[2024-12-26T06:14:44.616Z] Error writing to Modbus register: no connection to modbus server
[2024-12-26T06:14:45.618Z] Error reading register 6507 for IP 10.30.28.23: no connection to modbus server
[2024-12-26T06:14:45.618Z] Error reading actual data: no connection to modbus server
[2024-12-26T06:14:45.619Z] Error reading or processing Modbus registers: no connection to modbus server
[2024-12-26T06:14:45.619Z] Error writing to Modbus register: no connection to modbus server
[2024-12-26T06:14:46.623Z] Error reading register 6507 for IP 10.30.28.23: no connection to modbus server
[2024-12-26T06:14:46.623Z] Error reading actual data: no connection to modbus server
[2024-12-26T06:14:46.623Z] Error reading or processing Modbus registers: no connection to modbus server
[2024-12-26T06:14:46.624Z] Error writing to Modbus register: no connection to modbus server
[2024-12-26T06:14:47.624Z] Error reading register 6507 for IP 10.30.28.23: no connection to modbus server
[2024-12-26T06:14:47.625Z] Error reading actual data: no connection to modbus server
[2024-12-26T06:14:47.625Z] Error reading or processing Modbus registers: no connection to modbus server
[2024-12-26T06:14:47.625Z] Error writing to Modbus register: no connection to modbus server
[2024-12-26T06:14:48.627Z] Error reading register 6507 for IP 10.30.28.23: no connection to modbus server
[2024-12-26T06:14:48.628Z] Error reading actual data: no connection to modbus server
[2024-12-26T06:14:48.628Z] Error reading or processing Modbus registers: no connection to modbus server
[2024-12-26T06:14:48.628Z] Error writing to Modbus register: no connection to modbus server
[2024-12-26T06:14:49.630Z] Error reading register 6507 for IP 10.30.28.23: no connection to modbus server
[2024-12-26T06:14:49.630Z] Error reading actual data: no connection to modbus server
[2024-12-26T06:14:49.630Z] Error reading or processing Modbus registers: no connection to modbus server
[2024-12-26T06:14:49.630Z] Error writing to Modbus register: no connection to modbus server
[2024-12-26T06:14:50.632Z] Error reading register 6507 for IP 10.30.28.23: no connection to modbus server
[2024-12-26T06:14:50.632Z] Error reading actual data: no connection to modbus server
[2024-12-26T06:14:50.633Z] Error reading or processing Modbus registers: no connection to modbus server
[2024-12-26T06:14:50.633Z] Error writing to Modbus register: no connection to modbus server
[2024-12-26T06:14:51.636Z] Error reading register 6507 for IP 10.30.28.23: no connection to modbus server
[2024-12-26T06:14:51.636Z] Error reading actual data: no connection to modbus server
[2024-12-26T06:14:51.636Z] Error reading or processing Modbus registers: no connection to modbus server
[2024-12-26T06:14:51.637Z] Error writing to Modbus register: no connection to modbus server
[2024-12-26T06:14:52.641Z] Error reading register 6507 for IP 10.30.28.23: no connection to modbus server
[2024-12-26T06:14:52.641Z] Error reading actual data: no connection to modbus server
[2024-12-26T06:14:52.642Z] Error reading or processing Modbus registers: no connection to modbus server
[2024-12-26T06:14:52.642Z] Error writing to Modbus register: no connection to modbus server
[2024-12-26T06:14:53.642Z] Error reading register 6507 for IP 10.30.28.23: no connection to modbus server
[2024-12-26T06:14:53.642Z] Error reading actual data: no connection to modbus server
[2024-12-26T06:14:53.642Z] Error reading or processing Modbus registers: no connection to modbus server
[2024-12-26T06:14:53.643Z] Error writing to Modbus register: no connection to modbus server
[2024-12-26T06:14:54.652Z] Error reading register 6507 for IP 10.30.28.23: no connection to modbus server
[2024-12-26T06:14:54.652Z] Error reading actual data: no connection to modbus server
[2024-12-26T06:14:54.652Z] Error reading or processing Modbus registers: no connection to modbus server
[2024-12-26T06:14:54.653Z] Error writing to Modbus register: no connection to modbus server
[2024-12-26T06:14:55.655Z] Error reading register 6507 for IP 10.30.28.23: no connection to modbus server
[2024-12-26T06:14:55.655Z] Error reading actual data: no connection to modbus server
[2024-12-26T06:14:55.656Z] Error reading or processing Modbus registers: no connection to modbus server
[2024-12-26T06:14:55.656Z] Error writing to Modbus register: no connection to modbus server
[2024-12-26T06:14:56.668Z] Error reading register 6507 for IP 10.30.28.23: no connection to modbus server
[2024-12-26T06:14:56.668Z] Error reading actual data: no connection to modbus server
[2024-12-26T06:14:56.668Z] Error reading or processing Modbus registers: no connection to modbus server
[2024-12-26T06:14:56.669Z] Error writing to Modbus register: no connection to modbus server
[2024-12-26T06:14:57.670Z] Error reading register 6507 for IP 10.30.28.23: no connection to modbus server
[2024-12-26T06:14:57.670Z] Error reading actual data: no connection to modbus server
[2024-12-26T06:14:57.671Z] Error reading or processing Modbus registers: no connection to modbus server
[2024-12-26T06:14:57.671Z] Error writing to Modbus register: no connection to modbus server
[2024-12-26T06:14:58.675Z] Error reading register 6507 for IP 10.30.28.23: no connection to modbus server
[2024-12-26T06:14:58.675Z] Error reading actual data: no connection to modbus server
[2024-12-26T06:14:58.676Z] Error reading or processing Modbus registers: no connection to modbus server
[2024-12-26T06:14:58.676Z] Error writing to Modbus register: no connection to modbus server
[2024-12-26T06:14:59.680Z] Error reading register 6507 for IP 10.30.28.23: no connection to modbus server
[2024-12-26T06:14:59.680Z] Error reading actual data: no connection to modbus server
[2024-12-26T06:14:59.680Z] Error reading or processing Modbus registers: no connection to modbus server
[2024-12-26T06:14:59.681Z] Error writing to Modbus register: no connection to modbus server
[2024-12-26T06:15:00.687Z] Error reading register 6507 for IP 10.30.28.23: no connection to modbus server
[2024-12-26T06:15:00.687Z] Error reading actual data: no connection to modbus server
[2024-12-26T06:15:00.687Z] Error reading or processing Modbus registers: no connection to modbus server
[2024-12-26T06:15:00.688Z] Error writing to Modbus register: no connection to modbus server
[2024-12-26T06:15:01.687Z] Error reading register 6507 for IP 10.30.28.23: no connection to modbus server
[2024-12-26T06:15:01.687Z] Error reading actual data: no connection to modbus server
[2024-12-26T06:15:01.687Z] Error reading or processing Modbus registers: no connection to modbus server
[2024-12-26T06:15:01.688Z] Error writing to Modbus register: no connection to modbus server
[2024-12-26T06:15:02.687Z] Error reading register 6507 for IP 10.30.28.23: no connection to modbus server
[2024-12-26T06:15:02.687Z] Error reading actual data: no connection to modbus server
[2024-12-26T06:15:02.688Z] Error reading or processing Modbus registers: no connection to modbus server
[2024-12-26T06:15:02.688Z] Error writing to Modbus register: no connection to modbus server
[2024-12-26T06:15:03.689Z] Error reading register 6507 for IP 10.30.28.23: no connection to modbus server
[2024-12-26T06:15:03.689Z] Error reading actual data: no connection to modbus server
[2024-12-26T06:15:03.690Z] Error reading or processing Modbus registers: no connection to modbus server
[2024-12-26T06:15:03.690Z] Error writing to Modbus register: no connection to modbus server
[2024-12-26T06:15:04.705Z] Error reading register 6507 for IP 10.30.28.23: no connection to modbus server
[2024-12-26T06:15:04.705Z] Error reading actual data: no connection to modbus server
[2024-12-26T06:15:04.706Z] Error reading or processing Modbus registers: no connection to modbus server
[2024-12-26T06:15:04.706Z] Error writing to Modbus register: no connection to modbus server
[2024-12-26T06:15:05.707Z] Error reading register 6507 for IP 10.30.28.23: no connection to modbus server
[2024-12-26T06:15:05.707Z] Error reading actual data: no connection to modbus server
[2024-12-26T06:15:05.708Z] Error reading or processing Modbus registers: no connection to modbus server
[2024-12-26T06:15:05.708Z] Error writing to Modbus register: no connection to modbus server
[2024-12-26T06:15:06.710Z] Error reading register 6507 for IP 10.30.28.23: no connection to modbus server
[2024-12-26T06:15:06.711Z] Error reading actual data: no connection to modbus server
[2024-12-26T06:15:06.711Z] Error reading or processing Modbus registers: no connection to modbus server
[2024-12-26T06:15:06.711Z] Error writing to Modbus register: no connection to modbus server
[2024-12-26T06:15:07.717Z] Error reading register 6507 for IP 10.30.28.23: no connection to modbus server
[2024-12-26T06:15:07.717Z] Error reading actual data: no connection to modbus server
[2024-12-26T06:15:07.717Z] Error reading or processing Modbus registers: no connection to modbus server
[2024-12-26T06:15:07.717Z] Error writing to Modbus register: no connection to modbus server
[2024-12-26T06:15:08.721Z] Error reading register 6507 for IP 10.30.28.23: no connection to modbus server
[2024-12-26T06:15:08.721Z] Error reading actual data: no connection to modbus server
[2024-12-26T06:15:08.721Z] Error reading or processing Modbus registers: no connection to modbus server
[2024-12-26T06:15:08.722Z] Error writing to Modbus register: no connection to modbus server
[2024-12-26T06:15:09.730Z] Error reading register 6507 for IP 10.30.28.23: no connection to modbus server
[2024-12-26T06:15:09.730Z] Error reading actual data: no connection to modbus server
[2024-12-26T06:15:09.730Z] Error reading or processing Modbus registers: no connection to modbus server
[2024-12-26T06:15:09.731Z] Error writing to Modbus register: no connection to modbus server
[2024-12-26T06:15:10.734Z] Error reading register 6507 for IP 10.30.28.23: no connection to modbus server
[2024-12-26T06:15:10.734Z] Error reading actual data: no connection to modbus server
[2024-12-26T06:15:10.734Z] Error reading or processing Modbus registers: no connection to modbus server
[2024-12-26T06:15:10.735Z] Error writing to Modbus register: no connection to modbus server
[2024-12-26T06:15:11.739Z] Error reading actual data: no connection to modbus server
[2024-12-26T06:15:11.739Z] Error reading register 6507 for IP 10.30.28.23: no connection to modbus server
[2024-12-26T06:15:11.739Z] Error reading or processing Modbus registers: no connection to modbus server
[2024-12-26T06:15:11.739Z] Error writing to Modbus register: no connection to modbus server
[2024-12-26T06:15:12.743Z] Error reading register 6507 for IP 10.30.28.23: no connection to modbus server
[2024-12-26T06:15:12.743Z] Error reading actual data: no connection to modbus server
[2024-12-26T06:15:12.743Z] Error reading or processing Modbus registers: no connection to modbus server
[2024-12-26T06:15:12.743Z] Error writing to Modbus register: no connection to modbus server
[2024-12-26T06:15:13.744Z] Error reading register 6507 for IP 10.30.28.23: no connection to modbus server
[2024-12-26T06:15:13.744Z] Error reading actual data: no connection to modbus server
[2024-12-26T06:15:13.744Z] Error reading or processing Modbus registers: no connection to modbus server
[2024-12-26T06:15:13.745Z] Error writing to Modbus register: no connection to modbus server
[2024-12-26T06:15:14.747Z] Error reading register 6507 for IP 10.30.28.23: no connection to modbus server
[2024-12-26T06:15:14.748Z] Error reading actual data: no connection to modbus server
[2024-12-26T06:15:14.748Z] Error reading or processing Modbus registers: no connection to modbus server
[2024-12-26T06:15:14.749Z] Error writing to Modbus register: no connection to modbus server
[2024-12-26T06:15:15.748Z] Error reading register 6507 for IP 10.30.28.23: no connection to modbus server
[2024-12-26T06:15:15.748Z] Error reading actual data: no connection to modbus server
[2024-12-26T06:15:15.748Z] Error reading or processing Modbus registers: no connection to modbus server
[2024-12-26T06:15:15.749Z] Error writing to Modbus register: no connection to modbus server
[2024-12-26T06:15:16.750Z] Error reading register 6507 for IP 10.30.28.23: no connection to modbus server
[2024-12-26T06:15:16.751Z] Error reading actual data: no connection to modbus server
[2024-12-26T06:15:16.751Z] Error reading or processing Modbus registers: no connection to modbus server
[2024-12-26T06:15:16.751Z] Error writing to Modbus register: no connection to modbus server
[2024-12-26T06:15:17.756Z] Error reading register 6507 for IP 10.30.28.23: no connection to modbus server
[2024-12-26T06:15:17.756Z] Error reading actual data: no connection to modbus server
[2024-12-26T06:15:17.756Z] Error reading or processing Modbus registers: no connection to modbus server
[2024-12-26T06:15:17.756Z] Error writing to Modbus register: no connection to modbus server
[2024-12-26T06:15:18.756Z] Error reading register 6507 for IP 10.30.28.23: no connection to modbus server
[2024-12-26T06:15:18.756Z] Error reading actual data: no connection to modbus server
[2024-12-26T06:15:18.756Z] Error reading or processing Modbus registers: no connection to modbus server
[2024-12-26T06:15:18.757Z] Error writing to Modbus register: no connection to modbus server
[2024-12-26T06:15:19.758Z] Error reading register 6507 for IP 10.30.28.23: no connection to modbus server
[2024-12-26T06:15:19.758Z] Error reading actual data: no connection to modbus server
[2024-12-26T06:15:19.758Z] Error reading or processing Modbus registers: no connection to modbus server
[2024-12-26T06:15:19.758Z] Error writing to Modbus register: no connection to modbus server
[2024-12-26T06:15:20.759Z] Error reading register 6507 for IP 10.30.28.23: no connection to modbus server
[2024-12-26T06:15:20.760Z] Error reading actual data: no connection to modbus server
[2024-12-26T06:15:20.760Z] Error reading or processing Modbus registers: no connection to modbus server
[2024-12-26T06:15:20.760Z] Error writing to Modbus register: no connection to modbus server
[2024-12-26T06:15:21.763Z] Error reading register 6507 for IP 10.30.28.23: no connection to modbus server
[2024-12-26T06:15:21.763Z] Error reading actual data: no connection to modbus server
[2024-12-26T06:15:21.764Z] Error reading or processing Modbus registers: no connection to modbus server
[2024-12-26T06:15:21.764Z] Error writing to Modbus register: no connection to modbus server
[2024-12-26T06:15:22.778Z] Error reading register 6507 for IP 10.30.28.23: no connection to modbus server
[2024-12-26T06:15:22.778Z] Error reading actual data: no connection to modbus server
[2024-12-26T06:15:22.778Z] Error reading or processing Modbus registers: no connection to modbus server
[2024-12-26T06:15:22.779Z] Error writing to Modbus register: no connection to modbus server
[2024-12-26T06:15:23.784Z] Error reading register 6507 for IP 10.30.28.23: no connection to modbus server
[2024-12-26T06:15:23.784Z] Error reading actual data: no connection to modbus server
[2024-12-26T06:15:23.785Z] Error reading or processing Modbus registers: no connection to modbus server
[2024-12-26T06:15:23.785Z] Error writing to Modbus register: no connection to modbus server
[2024-12-26T06:15:24.786Z] Error reading register 6507 for IP 10.30.28.23: no connection to modbus server
[2024-12-26T06:15:24.787Z] Error reading actual data: no connection to modbus server
[2024-12-26T06:15:24.787Z] Error reading or processing Modbus registers: no connection to modbus server
[2024-12-26T06:15:24.787Z] Error writing to Modbus register: no connection to modbus server
[2024-12-26T06:15:25.789Z] Error reading register 6507 for IP 10.30.28.23: no connection to modbus server
[2024-12-26T06:15:25.790Z] Error reading actual data: no connection to modbus server
[2024-12-26T06:15:25.790Z] Error reading or processing Modbus registers: no connection to modbus server
[2024-12-26T06:15:25.790Z] Error writing to Modbus register: no connection to modbus server
[2024-12-26T06:15:26.792Z] Error reading register 6507 for IP 10.30.28.23: no connection to modbus server
[2024-12-26T06:15:26.792Z] Error reading actual data: no connection to modbus server
[2024-12-26T06:15:26.793Z] Error reading or processing Modbus registers: no connection to modbus server
[2024-12-26T06:15:26.793Z] Error writing to Modbus register: no connection to modbus server
[2024-12-26T06:15:27.795Z] Error reading register 6507 for IP 10.30.28.23: no connection to modbus server
[2024-12-26T06:15:27.795Z] Error reading actual data: no connection to modbus server
[2024-12-26T06:15:27.795Z] Error reading or processing Modbus registers: no connection to modbus server
[2024-12-26T06:15:27.796Z] Error writing to Modbus register: no connection to modbus server
[2024-12-26T06:15:28.796Z] Error reading register 6507 for IP 10.30.28.23: no connection to modbus server
[2024-12-26T06:15:28.796Z] Error reading actual data: no connection to modbus server
[2024-12-26T06:15:28.796Z] Error reading or processing Modbus registers: no connection to modbus server
[2024-12-26T06:15:28.797Z] Error writing to Modbus register: no connection to modbus server
[2024-12-26T06:15:29.799Z] Error reading register 6507 for IP 10.30.28.23: no connection to modbus server
[2024-12-26T06:15:29.799Z] Error reading actual data: no connection to modbus server
[2024-12-26T06:15:29.799Z] Error reading or processing Modbus registers: no connection to modbus server
[2024-12-26T06:15:29.800Z] Error writing to Modbus register: no connection to modbus server
[2024-12-26T06:15:30.803Z] Error reading register 6507 for IP 10.30.28.23: no connection to modbus server
[2024-12-26T06:15:30.803Z] Error reading actual data: no connection to modbus server
[2024-12-26T06:15:30.803Z] Error reading or processing Modbus registers: no connection to modbus server
[2024-12-26T06:15:30.804Z] Error writing to Modbus register: no connection to modbus server
[2024-12-26T06:15:31.807Z] Error reading register 6507 for IP 10.30.28.23: no connection to modbus server
[2024-12-26T06:15:31.807Z] Error reading actual data: no connection to modbus server
[2024-12-26T06:15:31.808Z] Error reading or processing Modbus registers: no connection to modbus server
[2024-12-26T06:15:31.808Z] Error writing to Modbus register: no connection to modbus server
[2024-12-26T06:15:32.814Z] Error reading register 6507 for IP 10.30.28.23: no connection to modbus server
[2024-12-26T06:15:32.814Z] Error reading actual data: no connection to modbus server
[2024-12-26T06:15:32.814Z] Error reading or processing Modbus registers: no connection to modbus server
[2024-12-26T06:15:32.814Z] Error writing to Modbus register: no connection to modbus server
[2024-12-26T06:15:33.814Z] Error reading register 6507 for IP 10.30.28.23: no connection to modbus server
[2024-12-26T06:15:33.814Z] Error reading actual data: no connection to modbus server
[2024-12-26T06:15:33.814Z] Error reading or processing Modbus registers: no connection to modbus server
[2024-12-26T06:15:33.815Z] Error writing to Modbus register: no connection to modbus server
[2024-12-26T06:15:34.818Z] Error reading register 6507 for IP 10.30.28.23: no connection to modbus server
[2024-12-26T06:15:34.818Z] Error reading actual data: no connection to modbus server
[2024-12-26T06:15:34.818Z] Error reading or processing Modbus registers: no connection to modbus server
[2024-12-26T06:15:34.818Z] Error writing to Modbus register: no connection to modbus server
[2024-12-26T06:15:35.819Z] Error reading register 6507 for IP 10.30.28.23: no connection to modbus server
[2024-12-26T06:15:35.819Z] Error reading actual data: no connection to modbus server
[2024-12-26T06:15:35.819Z] Error reading or processing Modbus registers: no connection to modbus server
[2024-12-26T06:15:35.819Z] Error writing to Modbus register: no connection to modbus server
[2024-12-26T06:15:36.823Z] Error reading register 6507 for IP 10.30.28.23: no connection to modbus server
[2024-12-26T06:15:36.823Z] Error reading actual data: no connection to modbus server
[2024-12-26T06:15:36.823Z] Error reading or processing Modbus registers: no connection to modbus server
[2024-12-26T06:15:36.823Z] Error writing to Modbus register: no connection to modbus server
[2024-12-26T06:15:37.826Z] Error reading register 6507 for IP 10.30.28.23: no connection to modbus server
[2024-12-26T06:15:37.826Z] Error reading actual data: no connection to modbus server
[2024-12-26T06:15:37.826Z] Error reading or processing Modbus registers: no connection to modbus server
[2024-12-26T06:15:37.827Z] Error writing to Modbus register: no connection to modbus server
[2024-12-26T06:15:38.830Z] Error reading register 6507 for IP 10.30.28.23: no connection to modbus server
[2024-12-26T06:15:38.830Z] Error reading actual data: no connection to modbus server
[2024-12-26T06:15:38.830Z] Error reading or processing Modbus registers: no connection to modbus server
[2024-12-26T06:15:38.831Z] Error writing to Modbus register: no connection to modbus server
[2024-12-26T06:15:39.830Z] Error reading register 6507 for IP 10.30.28.23: no connection to modbus server
[2024-12-26T06:15:39.830Z] Error reading actual data: no connection to modbus server
[2024-12-26T06:15:39.830Z] Error reading or processing Modbus registers: no connection to modbus server
[2024-12-26T06:15:39.831Z] Error writing to Modbus register: no connection to modbus server
[2024-12-26T06:15:40.837Z] Error reading register 6507 for IP 10.30.28.23: no connection to modbus server
[2024-12-26T06:15:40.838Z] Error reading actual data: no connection to modbus server
[2024-12-26T06:15:40.838Z] Error reading or processing Modbus registers: no connection to modbus server
[2024-12-26T06:15:40.838Z] Error writing to Modbus register: no connection to modbus server
[2024-12-26T06:15:41.846Z] Error reading register 6507 for IP 10.30.28.23: no connection to modbus server
[2024-12-26T06:15:41.846Z] Error reading actual data: no connection to modbus server
[2024-12-26T06:15:41.847Z] Error reading or processing Modbus registers: no connection to modbus server
[2024-12-26T06:15:41.847Z] Error writing to Modbus register: no connection to modbus server
[2024-12-26T06:15:42.854Z] Error reading register 6507 for IP 10.30.28.23: no connection to modbus server
[2024-12-26T06:15:42.854Z] Error reading actual data: no connection to modbus server
[2024-12-26T06:15:42.854Z] Error reading or processing Modbus registers: no connection to modbus server
[2024-12-26T06:15:42.855Z] Error writing to Modbus register: no connection to modbus server
[2024-12-26T06:15:43.868Z] Error reading register 6507 for IP 10.30.28.23: no connection to modbus server
[2024-12-26T06:15:43.868Z] Error reading actual data: no connection to modbus server
[2024-12-26T06:15:43.869Z] Error reading or processing Modbus registers: no connection to modbus server
[2024-12-26T06:15:43.869Z] Error writing to Modbus register: no connection to modbus server
[2024-12-26T06:15:44.870Z] Error reading register 6507 for IP 10.30.28.23: no connection to modbus server
[2024-12-26T06:15:44.870Z] Error reading actual data: no connection to modbus server
[2024-12-26T06:15:44.870Z] Error reading or processing Modbus registers: no connection to modbus server
[2024-12-26T06:15:44.871Z] Error writing to Modbus register: no connection to modbus server
[2024-12-26T06:15:45.872Z] Error reading register 6507 for IP 10.30.28.23: no connection to modbus server
[2024-12-26T06:15:45.872Z] Error reading actual data: no connection to modbus server
[2024-12-26T06:15:45.872Z] Error reading or processing Modbus registers: no connection to modbus server
[2024-12-26T06:15:45.872Z] Error writing to Modbus register: no connection to modbus server
[2024-12-26T06:15:46.877Z] Error reading register 6507 for IP 10.30.28.23: no connection to modbus server
[2024-12-26T06:15:46.877Z] Error reading actual data: no connection to modbus server
[2024-12-26T06:15:46.877Z] Error reading or processing Modbus registers: no connection to modbus server
[2024-12-26T06:15:46.878Z] Error writing to Modbus register: no connection to modbus server
[2024-12-26T06:15:47.886Z] Error reading register 6507 for IP 10.30.28.23: no connection to modbus server
[2024-12-26T06:15:47.886Z] Error reading actual data: no connection to modbus server
[2024-12-26T06:15:47.886Z] Error reading or processing Modbus registers: no connection to modbus server
[2024-12-26T06:15:47.887Z] Error writing to Modbus register: no connection to modbus server
[2024-12-26T06:15:48.891Z] Error reading register 6507 for IP 10.30.28.23: no connection to modbus server
[2024-12-26T06:15:48.891Z] Error reading actual data: no connection to modbus server
[2024-12-26T06:15:48.892Z] Error reading or processing Modbus registers: no connection to modbus server
[2024-12-26T06:15:48.892Z] Error writing to Modbus register: no connection to modbus server
[2024-12-26T06:15:49.899Z] Error reading register 6507 for IP 10.30.28.23: no connection to modbus server
[2024-12-26T06:15:49.899Z] Error reading actual data: no connection to modbus server
[2024-12-26T06:15:49.900Z] Error writing to Modbus register: no connection to modbus server
[2024-12-26T06:15:49.899Z] Error reading or processing Modbus registers: no connection to modbus server
[2024-12-26T06:15:50.905Z] Error reading register 6507 for IP 10.30.28.23: no connection to modbus server
[2024-12-26T06:15:50.905Z] Error reading actual data: no connection to modbus server
[2024-12-26T06:15:50.905Z] Error reading or processing Modbus registers: no connection to modbus server
[2024-12-26T06:15:50.906Z] Error writing to Modbus register: no connection to modbus server
[2024-12-26T06:15:51.906Z] Error reading register 6507 for IP 10.30.28.23: no connection to modbus server
[2024-12-26T06:15:51.907Z] Error reading actual data: no connection to modbus server
[2024-12-26T06:15:51.907Z] Error reading or processing Modbus registers: no connection to modbus server
[2024-12-26T06:15:51.907Z] Error writing to Modbus register: no connection to modbus server
[2024-12-26T06:15:52.913Z] Error reading register 6507 for IP 10.30.28.23: no connection to modbus server
[2024-12-26T06:15:52.913Z] Error reading actual data: no connection to modbus server
[2024-12-26T06:15:52.913Z] Error reading or processing Modbus registers: no connection to modbus server
[2024-12-26T06:15:52.914Z] Error writing to Modbus register: no connection to modbus server
[2024-12-26T06:15:53.927Z] Error reading register 6507 for IP 10.30.28.23: no connection to modbus server
[2024-12-26T06:15:53.927Z] Error reading actual data: no connection to modbus server
[2024-12-26T06:15:53.927Z] Error reading or processing Modbus registers: no connection to modbus server
[2024-12-26T06:15:53.928Z] Error writing to Modbus register: no connection to modbus server
[2024-12-26T06:15:54.929Z] Error reading register 6507 for IP 10.30.28.23: no connection to modbus server
[2024-12-26T06:15:54.929Z] Error reading actual data: no connection to modbus server
[2024-12-26T06:15:54.930Z] Error reading or processing Modbus registers: no connection to modbus server
[2024-12-26T06:15:54.930Z] Error writing to Modbus register: no connection to modbus server
[2024-12-26T06:15:55.932Z] Error reading register 6507 for IP 10.30.28.23: no connection to modbus server
[2024-12-26T06:15:55.932Z] Error reading actual data: no connection to modbus server
[2024-12-26T06:15:55.933Z] Error reading or processing Modbus registers: no connection to modbus server
[2024-12-26T06:15:55.934Z] Error writing to Modbus register: no connection to modbus server
[2024-12-26T06:15:56.939Z] Error reading register 6507 for IP 10.30.28.23: no connection to modbus server
[2024-12-26T06:15:56.939Z] Error reading actual data: no connection to modbus server
[2024-12-26T06:15:56.939Z] Error reading or processing Modbus registers: no connection to modbus server
[2024-12-26T06:15:56.940Z] Error writing to Modbus register: no connection to modbus server
[2024-12-26T06:15:57.946Z] Error reading register 6507 for IP 10.30.28.23: no connection to modbus server
[2024-12-26T06:15:57.946Z] Error reading actual data: no connection to modbus server
[2024-12-26T06:15:57.947Z] Error reading or processing Modbus registers: no connection to modbus server
[2024-12-26T06:15:57.947Z] Error writing to Modbus register: no connection to modbus server
[2024-12-26T06:15:58.949Z] Error reading register 6507 for IP 10.30.28.23: no connection to modbus server
[2024-12-26T06:15:58.949Z] Error reading actual data: no connection to modbus server
[2024-12-26T06:15:58.949Z] Error reading or processing Modbus registers: no connection to modbus server
[2024-12-26T06:15:58.950Z] Error writing to Modbus register: no connection to modbus server
[2024-12-26T06:15:59.952Z] Error reading register 6507 for IP 10.30.28.23: no connection to modbus server
[2024-12-26T06:15:59.952Z] Error reading actual data: no connection to modbus server
[2024-12-26T06:15:59.953Z] Error reading or processing Modbus registers: no connection to modbus server
[2024-12-26T06:15:59.953Z] Error writing to Modbus register: no connection to modbus server
[2024-12-26T06:16:00.958Z] Error reading register 6507 for IP 10.30.28.23: no connection to modbus server
[2024-12-26T06:16:00.958Z] Error reading actual data: no connection to modbus server
[2024-12-26T06:16:00.958Z] Error reading or processing Modbus registers: no connection to modbus server
[2024-12-26T06:16:00.959Z] Error writing to Modbus register: no connection to modbus server
[2024-12-26T06:16:01.960Z] Error reading register 6507 for IP 10.30.28.23: no connection to modbus server
[2024-12-26T06:16:01.961Z] Error reading actual data: no connection to modbus server
[2024-12-26T06:16:01.961Z] Error reading or processing Modbus registers: no connection to modbus server
[2024-12-26T06:16:01.961Z] Error writing to Modbus register: no connection to modbus server
[2024-12-26T06:16:02.962Z] Error reading register 6507 for IP 10.30.28.23: no connection to modbus server
[2024-12-26T06:16:02.962Z] Error reading actual data: no connection to modbus server
[2024-12-26T06:16:02.962Z] Error reading or processing Modbus registers: no connection to modbus server
[2024-12-26T06:16:02.963Z] Error writing to Modbus register: no connection to modbus server
[2024-12-26T06:16:03.967Z] Error reading register 6507 for IP 10.30.28.23: no connection to modbus server
[2024-12-26T06:16:03.968Z] Error reading actual data: no connection to modbus server
[2024-12-26T06:16:03.968Z] Error reading or processing Modbus registers: no connection to modbus server
[2024-12-26T06:16:03.968Z] Error writing to Modbus register: no connection to modbus server
[2024-12-26T06:16:04.970Z] Error reading register 6507 for IP 10.30.28.23: no connection to modbus server
[2024-12-26T06:16:04.970Z] Error reading actual data: no connection to modbus server
[2024-12-26T06:16:04.970Z] Error reading or processing Modbus registers: no connection to modbus server
[2024-12-26T06:16:04.971Z] Error writing to Modbus register: no connection to modbus server
[2024-12-26T06:16:05.973Z] Error reading register 6507 for IP 10.30.28.23: no connection to modbus server
[2024-12-26T06:16:05.974Z] Error reading actual data: no connection to modbus server
[2024-12-26T06:16:05.974Z] Error reading or processing Modbus registers: no connection to modbus server
[2024-12-26T06:16:05.974Z] Error writing to Modbus register: no connection to modbus server
[2024-12-26T06:16:06.979Z] Error reading register 6507 for IP 10.30.28.23: no connection to modbus server
[2024-12-26T06:16:06.979Z] Error reading actual data: no connection to modbus server
[2024-12-26T06:16:06.979Z] Error reading or processing Modbus registers: no connection to modbus server
[2024-12-26T06:16:06.980Z] Error writing to Modbus register: no connection to modbus server
[2024-12-26T06:16:07.985Z] Error reading register 6507 for IP 10.30.28.23: no connection to modbus server
[2024-12-26T06:16:07.985Z] Error reading actual data: no connection to modbus server
[2024-12-26T06:16:07.985Z] Error reading or processing Modbus registers: no connection to modbus server
[2024-12-26T06:16:07.985Z] Error writing to Modbus register: no connection to modbus server
[2024-12-26T06:16:08.988Z] Error reading register 6507 for IP 10.30.28.23: no connection to modbus server
[2024-12-26T06:16:08.989Z] Error reading actual data: no connection to modbus server
[2024-12-26T06:16:08.989Z] Error reading or processing Modbus registers: no connection to modbus server
[2024-12-26T06:16:08.989Z] Error writing to Modbus register: no connection to modbus server
[2024-12-26T06:16:09.990Z] Error reading register 6507 for IP 10.30.28.23: no connection to modbus server
[2024-12-26T06:16:09.990Z] Error reading actual data: no connection to modbus server
[2024-12-26T06:16:09.990Z] Error reading or processing Modbus registers: no connection to modbus server
[2024-12-26T06:16:09.991Z] Error writing to Modbus register: no connection to modbus server
[2024-12-26T06:16:10.991Z] Error reading register 6507 for IP 10.30.28.23: no connection to modbus server
[2024-12-26T06:16:10.991Z] Error reading actual data: no connection to modbus server
[2024-12-26T06:16:10.991Z] Error reading or processing Modbus registers: no connection to modbus server
[2024-12-26T06:16:10.992Z] Error writing to Modbus register: no connection to modbus server
[2024-12-26T06:16:11.992Z] Error reading register 6507 for IP 10.30.28.23: no connection to modbus server
[2024-12-26T06:16:11.993Z] Error reading actual data: no connection to modbus server
[2024-12-26T06:16:11.993Z] Error reading or processing Modbus registers: no connection to modbus server
[2024-12-26T06:16:11.993Z] Error writing to Modbus register: no connection to modbus server
[2024-12-26T06:16:12.996Z] Error reading register 6507 for IP 10.30.28.23: no connection to modbus server
[2024-12-26T06:16:12.997Z] Error reading actual data: no connection to modbus server
[2024-12-26T06:16:12.997Z] Error reading or processing Modbus registers: no connection to modbus server
[2024-12-26T06:16:12.997Z] Error writing to Modbus register: no connection to modbus server
[2024-12-26T06:16:13.998Z] Error reading register 6507 for IP 10.30.28.23: no connection to modbus server
[2024-12-26T06:16:13.998Z] Error reading actual data: no connection to modbus server
[2024-12-26T06:16:13.998Z] Error reading or processing Modbus registers: no connection to modbus server
[2024-12-26T06:16:13.999Z] Error writing to Modbus register: no connection to modbus server
[2024-12-26T06:16:15.000Z] Error reading register 6507 for IP 10.30.28.23: no connection to modbus server
[2024-12-26T06:16:15.001Z] Error reading actual data: no connection to modbus server
[2024-12-26T06:16:15.001Z] Error reading or processing Modbus registers: no connection to modbus server
[2024-12-26T06:16:15.001Z] Error writing to Modbus register: no connection to modbus server
[2024-12-26T06:16:16.003Z] Error reading register 6507 for IP 10.30.28.23: no connection to modbus server
[2024-12-26T06:16:16.003Z] Error reading actual data: no connection to modbus server
[2024-12-26T06:16:16.003Z] Error reading or processing Modbus registers: no connection to modbus server
[2024-12-26T06:16:16.004Z] Error writing to Modbus register: no connection to modbus server
[2024-12-26T06:16:17.009Z] Error reading register 6507 for IP 10.30.28.23: no connection to modbus server
[2024-12-26T06:16:17.009Z] Error reading actual data: no connection to modbus server
[2024-12-26T06:16:17.009Z] Error reading or processing Modbus registers: no connection to modbus server
[2024-12-26T06:16:17.010Z] Error writing to Modbus register: no connection to modbus server
[2024-12-26T06:16:18.013Z] Error reading register 6507 for IP 10.30.28.23: no connection to modbus server
[2024-12-26T06:16:18.014Z] Error reading actual data: no connection to modbus server
[2024-12-26T06:16:18.014Z] Error reading or processing Modbus registers: no connection to modbus server
[2024-12-26T06:16:18.014Z] Error writing to Modbus register: no connection to modbus server
[2024-12-26T06:16:19.021Z] Error reading register 6507 for IP 10.30.28.23: no connection to modbus server
[2024-12-26T06:16:19.021Z] Error reading actual data: no connection to modbus server
[2024-12-26T06:16:19.021Z] Error reading or processing Modbus registers: no connection to modbus server
[2024-12-26T06:16:19.022Z] Error writing to Modbus register: no connection to modbus server
[2024-12-26T06:16:20.036Z] Error reading register 6507 for IP 10.30.28.23: no connection to modbus server
[2024-12-26T06:16:20.036Z] Error reading actual data: no connection to modbus server
[2024-12-26T06:16:20.036Z] Error reading or processing Modbus registers: no connection to modbus server
[2024-12-26T06:16:20.037Z] Error writing to Modbus register: no connection to modbus server
[2024-12-26T06:16:21.041Z] Error reading register 6507 for IP 10.30.28.23: no connection to modbus server
[2024-12-26T06:16:21.041Z] Error reading actual data: no connection to modbus server
[2024-12-26T06:16:21.041Z] Error reading or processing Modbus registers: no connection to modbus server
[2024-12-26T06:16:21.042Z] Error writing to Modbus register: no connection to modbus server
[2024-12-26T06:16:22.048Z] Error reading register 6507 for IP 10.30.28.23: no connection to modbus server
[2024-12-26T06:16:22.048Z] Error reading actual data: no connection to modbus server
[2024-12-26T06:16:22.049Z] Error reading or processing Modbus registers: no connection to modbus server
[2024-12-26T06:16:22.049Z] Error writing to Modbus register: no connection to modbus server
[2024-12-26T06:16:23.050Z] Error reading register 6507 for IP 10.30.28.23: no connection to modbus server
[2024-12-26T06:16:23.050Z] Error reading actual data: no connection to modbus server
[2024-12-26T06:16:23.050Z] Error reading or processing Modbus registers: no connection to modbus server
[2024-12-26T06:16:23.051Z] Error writing to Modbus register: no connection to modbus server
[2024-12-26T06:16:24.052Z] Error reading register 6507 for IP 10.30.28.23: no connection to modbus server
[2024-12-26T06:16:24.052Z] Error reading actual data: no connection to modbus server
[2024-12-26T06:16:24.052Z] Error reading or processing Modbus registers: no connection to modbus server
[2024-12-26T06:16:24.052Z] Error writing to Modbus register: no connection to modbus server
[2024-12-26T06:16:25.056Z] Error reading register 6507 for IP 10.30.28.23: no connection to modbus server
[2024-12-26T06:16:25.056Z] Error reading actual data: no connection to modbus server
[2024-12-26T06:16:25.056Z] Error reading or processing Modbus registers: no connection to modbus server
[2024-12-26T06:16:25.057Z] Error writing to Modbus register: no connection to modbus server
[2024-12-26T06:16:26.058Z] Error reading actual data: no connection to modbus server
[2024-12-26T06:16:26.058Z] Error reading register 6507 for IP 10.30.28.23: no connection to modbus server
[2024-12-26T06:16:26.059Z] Error reading or processing Modbus registers: no connection to modbus server
[2024-12-26T06:16:26.059Z] Error writing to Modbus register: no connection to modbus server
[2024-12-26T06:16:27.073Z] Error reading register 6507 for IP 10.30.28.23: no connection to modbus server
[2024-12-26T06:16:27.074Z] Error reading actual data: no connection to modbus server
[2024-12-26T06:16:27.074Z] Error reading or processing Modbus registers: no connection to modbus server
[2024-12-26T06:16:27.074Z] Error writing to Modbus register: no connection to modbus server
[2024-12-26T06:16:28.074Z] Error reading register 6507 for IP 10.30.28.23: no connection to modbus server
[2024-12-26T06:16:28.074Z] Error reading actual data: no connection to modbus server
[2024-12-26T06:16:28.074Z] Error reading or processing Modbus registers: no connection to modbus server
[2024-12-26T06:16:28.074Z] Error writing to Modbus register: no connection to modbus server
[2024-12-26T06:16:29.075Z] Error reading register 6507 for IP 10.30.28.23: no connection to modbus server
[2024-12-26T06:16:29.075Z] Error reading actual data: no connection to modbus server
[2024-12-26T06:16:29.075Z] Error reading or processing Modbus registers: no connection to modbus server
[2024-12-26T06:16:29.076Z] Error writing to Modbus register: no connection to modbus server
[2024-12-26T06:16:30.077Z] Error reading actual data: no connection to modbus server
[2024-12-26T06:16:30.077Z] Error reading register 6507 for IP 10.30.28.23: no connection to modbus server
[2024-12-26T06:16:30.077Z] Error reading or processing Modbus registers: no connection to modbus server
[2024-12-26T06:16:30.078Z] Error writing to Modbus register: no connection to modbus server
[2024-12-26T06:16:31.090Z] Error reading register 6507 for IP 10.30.28.23: no connection to modbus server
[2024-12-26T06:16:31.090Z] Error reading actual data: no connection to modbus server
[2024-12-26T06:16:31.090Z] Error reading or processing Modbus registers: no connection to modbus server
[2024-12-26T06:16:31.091Z] Error writing to Modbus register: no connection to modbus server
[2024-12-26T06:16:32.093Z] Error reading register 6507 for IP 10.30.28.23: no connection to modbus server
[2024-12-26T06:16:32.093Z] Error reading actual data: no connection to modbus server
[2024-12-26T06:16:32.093Z] Error reading or processing Modbus registers: no connection to modbus server
[2024-12-26T06:16:32.094Z] Error writing to Modbus register: no connection to modbus server
[2024-12-26T06:16:33.093Z] Error reading register 6507 for IP 10.30.28.23: no connection to modbus server
[2024-12-26T06:16:33.093Z] Error reading actual data: no connection to modbus server
[2024-12-26T06:16:33.093Z] Error reading or processing Modbus registers: no connection to modbus server
[2024-12-26T06:16:33.094Z] Error writing to Modbus register: no connection to modbus server
[2024-12-26T06:16:34.107Z] Error reading register 6507 for IP 10.30.28.23: no connection to modbus server
[2024-12-26T06:16:34.107Z] Error reading actual data: no connection to modbus server
[2024-12-26T06:16:34.107Z] Error reading or processing Modbus registers: no connection to modbus server
[2024-12-26T06:16:34.108Z] Error writing to Modbus register: no connection to modbus server
[2024-12-26T06:16:35.108Z] Error reading register 6507 for IP 10.30.28.23: no connection to modbus server
[2024-12-26T06:16:35.108Z] Error reading actual data: no connection to modbus server
[2024-12-26T06:16:35.108Z] Error reading or processing Modbus registers: no connection to modbus server
[2024-12-26T06:16:35.109Z] Error writing to Modbus register: no connection to modbus server
[2024-12-26T06:16:36.113Z] Error reading actual data: no connection to modbus server
[2024-12-26T06:16:36.113Z] Error reading register 6507 for IP 10.30.28.23: no connection to modbus server
[2024-12-26T06:16:36.113Z] Error reading or processing Modbus registers: no connection to modbus server
[2024-12-26T06:16:36.114Z] Error writing to Modbus register: no connection to modbus server
[2024-12-26T06:16:37.116Z] Error reading register 6507 for IP 10.30.28.23: no connection to modbus server
[2024-12-26T06:16:37.116Z] Error reading actual data: no connection to modbus server
[2024-12-26T06:16:37.117Z] Error reading or processing Modbus registers: no connection to modbus server
[2024-12-26T06:16:37.117Z] Error writing to Modbus register: no connection to modbus server
[2024-12-26T06:16:38.122Z] Error reading register 6507 for IP 10.30.28.23: no connection to modbus server
[2024-12-26T06:16:38.122Z] Error reading actual data: no connection to modbus server
[2024-12-26T06:16:38.123Z] Error reading or processing Modbus registers: no connection to modbus server
[2024-12-26T06:16:38.123Z] Error writing to Modbus register: no connection to modbus server
[2024-12-26T06:16:39.125Z] Error reading register 6507 for IP 10.30.28.23: no connection to modbus server
[2024-12-26T06:16:39.125Z] Error reading actual data: no connection to modbus server
[2024-12-26T06:16:39.125Z] Error reading or processing Modbus registers: no connection to modbus server
[2024-12-26T06:16:39.125Z] Error writing to Modbus register: no connection to modbus server
[2024-12-26T06:16:40.129Z] Error reading actual data: no connection to modbus server
[2024-12-26T06:16:40.129Z] Error reading register 6507 for IP 10.30.28.23: no connection to modbus server
[2024-12-26T06:16:40.129Z] Error reading or processing Modbus registers: no connection to modbus server
[2024-12-26T06:16:40.129Z] Error writing to Modbus register: no connection to modbus server
[2024-12-26T06:16:41.134Z] Error reading register 6507 for IP 10.30.28.23: no connection to modbus server
[2024-12-26T06:16:41.134Z] Error reading actual data: no connection to modbus server
[2024-12-26T06:16:41.134Z] Error reading or processing Modbus registers: no connection to modbus server
[2024-12-26T06:16:41.135Z] Error writing to Modbus register: no connection to modbus server
[2024-12-26T06:16:42.139Z] Error reading register 6507 for IP 10.30.28.23: no connection to modbus server
[2024-12-26T06:16:42.140Z] Error reading actual data: no connection to modbus server
[2024-12-26T06:16:42.140Z] Error reading or processing Modbus registers: no connection to modbus server
[2024-12-26T06:16:42.140Z] Error writing to Modbus register: no connection to modbus server
[2024-12-26T06:16:43.143Z] Error reading register 6507 for IP 10.30.28.23: no connection to modbus server
[2024-12-26T06:16:43.144Z] Error writing to Modbus register: no connection to modbus server
[2024-12-26T06:16:43.143Z] Error reading or processing Modbus registers: no connection to modbus server
[2024-12-26T06:16:43.143Z] Error reading actual data: no connection to modbus server
[2024-12-26T06:16:44.144Z] Error reading register 6507 for IP 10.30.28.23: no connection to modbus server
[2024-12-26T06:16:44.144Z] Error reading actual data: no connection to modbus server
[2024-12-26T06:16:44.144Z] Error reading or processing Modbus registers: no connection to modbus server
[2024-12-26T06:16:44.144Z] Error writing to Modbus register: no connection to modbus server
[2024-12-26T06:16:45.150Z] Error reading register 6507 for IP 10.30.28.23: no connection to modbus server
[2024-12-26T06:16:45.150Z] Error reading actual data: no connection to modbus server
[2024-12-26T06:16:45.151Z] Error reading or processing Modbus registers: no connection to modbus server
[2024-12-26T06:16:45.151Z] Error writing to Modbus register: no connection to modbus server
[2024-12-26T06:16:46.153Z] Error reading register 6507 for IP 10.30.28.23: no connection to modbus server
[2024-12-26T06:16:46.153Z] Error reading actual data: no connection to modbus server
[2024-12-26T06:16:46.153Z] Error reading or processing Modbus registers: no connection to modbus server
[2024-12-26T06:16:46.154Z] Error writing to Modbus register: no connection to modbus server
[2024-12-26T06:16:47.159Z] Error reading register 6507 for IP 10.30.28.23: no connection to modbus server
[2024-12-26T06:16:47.159Z] Error reading actual data: no connection to modbus server
[2024-12-26T06:16:47.159Z] Error reading or processing Modbus registers: no connection to modbus server
[2024-12-26T06:16:47.160Z] Error writing to Modbus register: no connection to modbus server
[2024-12-26T06:16:48.161Z] Error reading register 6507 for IP 10.30.28.23: no connection to modbus server
[2024-12-26T06:16:48.161Z] Error reading actual data: no connection to modbus server
[2024-12-26T06:16:48.161Z] Error reading or processing Modbus registers: no connection to modbus server
[2024-12-26T06:16:48.162Z] Error writing to Modbus register: no connection to modbus server
[2024-12-26T06:16:49.164Z] Error reading register 6507 for IP 10.30.28.23: no connection to modbus server
[2024-12-26T06:16:49.164Z] Error reading actual data: no connection to modbus server
[2024-12-26T06:16:49.164Z] Error reading or processing Modbus registers: no connection to modbus server
[2024-12-26T06:16:49.164Z] Error writing to Modbus register: no connection to modbus server
[2024-12-26T06:16:50.166Z] Error reading register 6507 for IP 10.30.28.23: no connection to modbus server
[2024-12-26T06:16:50.166Z] Error reading actual data: no connection to modbus server
[2024-12-26T06:16:50.167Z] Error reading or processing Modbus registers: no connection to modbus server
[2024-12-26T06:16:50.167Z] Error writing to Modbus register: no connection to modbus server
[2024-12-26T06:16:51.181Z] Error reading register 6507 for IP 10.30.28.23: no connection to modbus server
[2024-12-26T06:16:51.181Z] Error reading actual data: no connection to modbus server
[2024-12-26T06:16:51.181Z] Error reading or processing Modbus registers: no connection to modbus server
[2024-12-26T06:16:51.182Z] Error writing to Modbus register: no connection to modbus server
[2024-12-26T06:16:52.186Z] Error reading register 6507 for IP 10.30.28.23: no connection to modbus server
[2024-12-26T06:16:52.186Z] Error reading actual data: no connection to modbus server
[2024-12-26T06:16:52.186Z] Error reading or processing Modbus registers: no connection to modbus server
[2024-12-26T06:16:52.187Z] Error writing to Modbus register: no connection to modbus server
[2024-12-26T06:16:53.191Z] Error reading register 6507 for IP 10.30.28.23: no connection to modbus server
[2024-12-26T06:16:53.191Z] Error reading actual data: no connection to modbus server
[2024-12-26T06:16:53.191Z] Error reading or processing Modbus registers: no connection to modbus server
[2024-12-26T06:16:53.192Z] Error writing to Modbus register: no connection to modbus server
[2024-12-26T06:16:54.192Z] Error reading register 6507 for IP 10.30.28.23: no connection to modbus server
[2024-12-26T06:16:54.193Z] Error reading actual data: no connection to modbus server
[2024-12-26T06:16:54.193Z] Error reading or processing Modbus registers: no connection to modbus server
[2024-12-26T06:16:54.193Z] Error writing to Modbus register: no connection to modbus server
[2024-12-26T06:16:55.198Z] Error reading register 6507 for IP 10.30.28.23: no connection to modbus server
[2024-12-26T06:16:55.198Z] Error reading actual data: no connection to modbus server
[2024-12-26T06:16:55.198Z] Error reading or processing Modbus registers: no connection to modbus server
[2024-12-26T06:16:55.199Z] Error writing to Modbus register: no connection to modbus server
[2024-12-26T06:16:56.212Z] Error reading register 6507 for IP 10.30.28.23: no connection to modbus server
[2024-12-26T06:16:56.212Z] Error reading actual data: no connection to modbus server
[2024-12-26T06:16:56.212Z] Error reading or processing Modbus registers: no connection to modbus server
[2024-12-26T06:16:56.213Z] Error writing to Modbus register: no connection to modbus server
[2024-12-26T06:16:57.219Z] Error reading register 6507 for IP 10.30.28.23: no connection to modbus server
[2024-12-26T06:16:57.220Z] Error reading actual data: no connection to modbus server
[2024-12-26T06:16:57.220Z] Error reading or processing Modbus registers: no connection to modbus server
[2024-12-26T06:16:57.220Z] Error writing to Modbus register: no connection to modbus server
[2024-12-26T06:16:58.223Z] Error reading register 6507 for IP 10.30.28.23: no connection to modbus server
[2024-12-26T06:16:58.223Z] Error reading actual data: no connection to modbus server
[2024-12-26T06:16:58.224Z] Error reading or processing Modbus registers: no connection to modbus server
[2024-12-26T06:16:58.225Z] Error writing to Modbus register: no connection to modbus server
[2024-12-26T06:16:59.229Z] Error reading register 6507 for IP 10.30.28.23: no connection to modbus server
[2024-12-26T06:16:59.229Z] Error reading actual data: no connection to modbus server
[2024-12-26T06:16:59.229Z] Error reading or processing Modbus registers: no connection to modbus server
[2024-12-26T06:16:59.230Z] Error writing to Modbus register: no connection to modbus server
[2024-12-26T06:17:00.237Z] Error reading register 6507 for IP 10.30.28.23: no connection to modbus server
[2024-12-26T06:17:00.237Z] Error reading actual data: no connection to modbus server
[2024-12-26T06:17:00.237Z] Error reading or processing Modbus registers: no connection to modbus server
[2024-12-26T06:17:00.237Z] Error writing to Modbus register: no connection to modbus server
[2024-12-26T06:17:01.241Z] Error reading register 6507 for IP 10.30.28.23: no connection to modbus server
[2024-12-26T06:17:01.242Z] Error reading actual data: no connection to modbus server
[2024-12-26T06:17:01.242Z] Error reading or processing Modbus registers: no connection to modbus server
[2024-12-26T06:17:01.242Z] Error writing to Modbus register: no connection to modbus server
[2024-12-26T06:17:02.245Z] Error reading register 6507 for IP 10.30.28.23: no connection to modbus server
[2024-12-26T06:17:02.245Z] Error reading actual data: no connection to modbus server
[2024-12-26T06:17:02.245Z] Error reading or processing Modbus registers: no connection to modbus server
[2024-12-26T06:17:02.246Z] Error writing to Modbus register: no connection to modbus server
[2024-12-26T06:17:03.247Z] Error reading register 6507 for IP 10.30.28.23: no connection to modbus server
[2024-12-26T06:17:03.248Z] Error reading actual data: no connection to modbus server
[2024-12-26T06:17:03.248Z] Error reading or processing Modbus registers: no connection to modbus server
[2024-12-26T06:17:03.248Z] Error writing to Modbus register: no connection to modbus server
[2024-12-26T06:17:04.263Z] Error reading register 6507 for IP 10.30.28.23: no connection to modbus server
[2024-12-26T06:17:04.263Z] Error reading actual data: no connection to modbus server
[2024-12-26T06:17:04.263Z] Error reading or processing Modbus registers: no connection to modbus server
[2024-12-26T06:17:04.264Z] Error writing to Modbus register: no connection to modbus server
[2024-12-26T06:17:05.277Z] Error reading register 6507 for IP 10.30.28.23: no connection to modbus server
[2024-12-26T06:17:05.278Z] Error reading actual data: no connection to modbus server
[2024-12-26T06:17:05.278Z] Error reading or processing Modbus registers: no connection to modbus server
[2024-12-26T06:17:05.278Z] Error writing to Modbus register: no connection to modbus server
[2024-12-26T06:17:06.278Z] Error reading register 6507 for IP 10.30.28.23: no connection to modbus server
[2024-12-26T06:17:06.278Z] Error reading actual data: no connection to modbus server
[2024-12-26T06:17:06.278Z] Error reading or processing Modbus registers: no connection to modbus server
[2024-12-26T06:17:06.279Z] Error writing to Modbus register: no connection to modbus server
[2024-12-26T06:17:07.280Z] Error reading actual data: no connection to modbus server
[2024-12-26T06:17:07.279Z] Error reading register 6507 for IP 10.30.28.23: no connection to modbus server
[2024-12-26T06:17:07.280Z] Error reading or processing Modbus registers: no connection to modbus server
[2024-12-26T06:17:07.280Z] Error writing to Modbus register: no connection to modbus server
[2024-12-26T06:17:08.280Z] Error reading register 6507 for IP 10.30.28.23: no connection to modbus server
[2024-12-26T06:17:08.280Z] Error reading actual data: no connection to modbus server
[2024-12-26T06:17:08.280Z] Error reading or processing Modbus registers: no connection to modbus server
[2024-12-26T06:17:08.281Z] Error writing to Modbus register: no connection to modbus server
[2024-12-26T06:17:09.286Z] Error reading register 6507 for IP 10.30.28.23: no connection to modbus server
[2024-12-26T06:17:09.286Z] Error reading actual data: no connection to modbus server
[2024-12-26T06:17:09.286Z] Error reading or processing Modbus registers: no connection to modbus server
[2024-12-26T06:17:09.287Z] Error writing to Modbus register: no connection to modbus server
[2024-12-26T06:17:10.291Z] Error reading register 6507 for IP 10.30.28.23: no connection to modbus server
[2024-12-26T06:17:10.291Z] Error reading actual data: no connection to modbus server
[2024-12-26T06:17:10.291Z] Error reading or processing Modbus registers: no connection to modbus server
[2024-12-26T06:17:10.292Z] Error writing to Modbus register: no connection to modbus server
[2024-12-26T06:17:11.291Z] Error reading register 6507 for IP 10.30.28.23: no connection to modbus server
[2024-12-26T06:17:11.292Z] Error reading actual data: no connection to modbus server
[2024-12-26T06:17:11.292Z] Error reading or processing Modbus registers: no connection to modbus server
[2024-12-26T06:17:11.292Z] Error writing to Modbus register: no connection to modbus server
[2024-12-26T06:17:12.293Z] Error reading register 6507 for IP 10.30.28.23: no connection to modbus server
[2024-12-26T06:17:12.293Z] Error reading actual data: no connection to modbus server
[2024-12-26T06:17:12.293Z] Error reading or processing Modbus registers: no connection to modbus server
[2024-12-26T06:17:12.293Z] Error writing to Modbus register: no connection to modbus server
[2024-12-26T06:17:13.298Z] Error reading register 6507 for IP 10.30.28.23: no connection to modbus server
[2024-12-26T06:17:13.299Z] Error reading actual data: no connection to modbus server
[2024-12-26T06:17:13.299Z] Error reading or processing Modbus registers: no connection to modbus server
[2024-12-26T06:17:13.299Z] Error writing to Modbus register: no connection to modbus server
[2024-12-26T06:17:14.302Z] Error reading register 6507 for IP 10.30.28.23: no connection to modbus server
[2024-12-26T06:17:14.302Z] Error reading actual data: no connection to modbus server
[2024-12-26T06:17:14.302Z] Error reading or processing Modbus registers: no connection to modbus server
[2024-12-26T06:17:14.302Z] Error writing to Modbus register: no connection to modbus server
[2024-12-26T06:17:15.304Z] Error reading register 6507 for IP 10.30.28.23: no connection to modbus server
[2024-12-26T06:17:15.304Z] Error reading actual data: no connection to modbus server
[2024-12-26T06:17:15.305Z] Error reading or processing Modbus registers: no connection to modbus server
[2024-12-26T06:17:15.305Z] Error writing to Modbus register: no connection to modbus server
[2024-12-26T06:17:16.307Z] Error reading register 6507 for IP 10.30.28.23: no connection to modbus server
[2024-12-26T06:17:16.307Z] Error reading actual data: no connection to modbus server
[2024-12-26T06:17:16.307Z] Error reading or processing Modbus registers: no connection to modbus server
[2024-12-26T06:17:16.307Z] Error writing to Modbus register: no connection to modbus server
[2024-12-26T06:17:17.307Z] Error reading register 6507 for IP 10.30.28.23: no connection to modbus server
[2024-12-26T06:17:17.307Z] Error reading actual data: no connection to modbus server
[2024-12-26T06:17:17.308Z] Error reading or processing Modbus registers: no connection to modbus server
[2024-12-26T06:17:17.308Z] Error writing to Modbus register: no connection to modbus server
[2024-12-26T06:17:18.310Z] Error reading register 6507 for IP 10.30.28.23: no connection to modbus server
[2024-12-26T06:17:18.310Z] Error reading actual data: no connection to modbus server
[2024-12-26T06:17:18.310Z] Error reading or processing Modbus registers: no connection to modbus server
[2024-12-26T06:17:18.311Z] Error writing to Modbus register: no connection to modbus server
[2024-12-26T06:17:19.313Z] Error reading register 6507 for IP 10.30.28.23: no connection to modbus server
[2024-12-26T06:17:19.314Z] Error reading actual data: no connection to modbus server
[2024-12-26T06:17:19.314Z] Error reading or processing Modbus registers: no connection to modbus server
[2024-12-26T06:17:19.314Z] Error writing to Modbus register: no connection to modbus server
[2024-12-26T06:17:20.321Z] Error reading register 6507 for IP 10.30.28.23: no connection to modbus server
[2024-12-26T06:17:20.321Z] Error reading actual data: no connection to modbus server
[2024-12-26T06:17:20.322Z] Error reading or processing Modbus registers: no connection to modbus server
[2024-12-26T06:17:20.322Z] Error writing to Modbus register: no connection to modbus server
[2024-12-26T06:17:21.323Z] Error reading register 6507 for IP 10.30.28.23: no connection to modbus server
[2024-12-26T06:17:21.323Z] Error reading actual data: no connection to modbus server
[2024-12-26T06:17:21.323Z] Error reading or processing Modbus registers: no connection to modbus server
[2024-12-26T06:17:21.323Z] Error writing to Modbus register: no connection to modbus server
[2024-12-26T06:17:22.326Z] Error reading register 6507 for IP 10.30.28.23: no connection to modbus server
[2024-12-26T06:17:22.327Z] Error reading actual data: no connection to modbus server
[2024-12-26T06:17:22.327Z] Error reading or processing Modbus registers: no connection to modbus server
[2024-12-26T06:17:22.327Z] Error writing to Modbus register: no connection to modbus server
[2024-12-26T06:17:23.330Z] Error reading register 6507 for IP 10.30.28.23: no connection to modbus server
[2024-12-26T06:17:23.330Z] Error reading actual data: no connection to modbus server
[2024-12-26T06:17:23.331Z] Error reading or processing Modbus registers: no connection to modbus server
[2024-12-26T06:17:23.331Z] Error writing to Modbus register: no connection to modbus server
[2024-12-26T06:17:24.334Z] Error reading register 6507 for IP 10.30.28.23: no connection to modbus server
[2024-12-26T06:17:24.334Z] Error reading actual data: no connection to modbus server
[2024-12-26T06:17:24.334Z] Error reading or processing Modbus registers: no connection to modbus server
[2024-12-26T06:17:24.335Z] Error writing to Modbus register: no connection to modbus server
[2024-12-26T06:17:25.339Z] Error reading register 6507 for IP 10.30.28.23: no connection to modbus server
[2024-12-26T06:17:25.340Z] Error reading actual data: no connection to modbus server
[2024-12-26T06:17:25.340Z] Error reading or processing Modbus registers: no connection to modbus server
[2024-12-26T06:17:25.340Z] Error writing to Modbus register: no connection to modbus server
[2024-12-26T06:17:26.353Z] Error reading register 6507 for IP 10.30.28.23: no connection to modbus server
[2024-12-26T06:17:26.353Z] Error reading actual data: no connection to modbus server
[2024-12-26T06:17:26.354Z] Error reading or processing Modbus registers: no connection to modbus server
[2024-12-26T06:17:26.354Z] Error writing to Modbus register: no connection to modbus server
[2024-12-26T06:17:27.358Z] Error reading register 6507 for IP 10.30.28.23: no connection to modbus server
[2024-12-26T06:17:27.359Z] Error reading actual data: no connection to modbus server
[2024-12-26T06:17:27.359Z] Error reading or processing Modbus registers: no connection to modbus server
[2024-12-26T06:17:27.359Z] Error writing to Modbus register: no connection to modbus server
[2024-12-26T06:17:28.373Z] Error reading register 6507 for IP 10.30.28.23: no connection to modbus server
[2024-12-26T06:17:28.373Z] Error reading actual data: no connection to modbus server
[2024-12-26T06:17:28.373Z] Error reading or processing Modbus registers: no connection to modbus server
[2024-12-26T06:17:28.374Z] Error writing to Modbus register: no connection to modbus server
[2024-12-26T06:17:29.377Z] Error reading register 6507 for IP 10.30.28.23: no connection to modbus server
[2024-12-26T06:17:29.377Z] Error reading actual data: no connection to modbus server
[2024-12-26T06:17:29.377Z] Error reading or processing Modbus registers: no connection to modbus server
[2024-12-26T06:17:29.378Z] Error writing to Modbus register: no connection to modbus server
[2024-12-26T06:17:30.383Z] Error reading register 6507 for IP 10.30.28.23: no connection to modbus server
[2024-12-26T06:17:30.384Z] Error reading or processing Modbus registers: no connection to modbus server
[2024-12-26T06:17:30.384Z] Error reading actual data: no connection to modbus server
[2024-12-26T06:17:30.384Z] Error writing to Modbus register: no connection to modbus server
[2024-12-26T06:17:31.387Z] Error reading register 6507 for IP 10.30.28.23: no connection to modbus server
[2024-12-26T06:17:31.387Z] Error reading actual data: no connection to modbus server
[2024-12-26T06:17:31.387Z] Error reading or processing Modbus registers: no connection to modbus server
[2024-12-26T06:17:31.388Z] Error writing to Modbus register: no connection to modbus server
[2024-12-26T06:17:32.389Z] Error reading register 6507 for IP 10.30.28.23: no connection to modbus server
[2024-12-26T06:17:32.390Z] Error reading or processing Modbus registers: no connection to modbus server
[2024-12-26T06:17:32.390Z] Error reading actual data: no connection to modbus server
[2024-12-26T06:17:32.390Z] Error writing to Modbus register: no connection to modbus server
[2024-12-26T06:17:33.393Z] Error reading register 6507 for IP 10.30.28.23: no connection to modbus server
[2024-12-26T06:17:33.393Z] Error reading actual data: no connection to modbus server
[2024-12-26T06:17:33.393Z] Error reading or processing Modbus registers: no connection to modbus server
[2024-12-26T06:17:33.393Z] Error writing to Modbus register: no connection to modbus server
[2024-12-26T06:17:34.393Z] Error reading register 6507 for IP 10.30.28.23: no connection to modbus server
[2024-12-26T06:17:34.393Z] Error reading actual data: no connection to modbus server
[2024-12-26T06:17:34.394Z] Error reading or processing Modbus registers: no connection to modbus server
[2024-12-26T06:17:34.394Z] Error writing to Modbus register: no connection to modbus server
[2024-12-26T06:17:35.398Z] Error reading register 6507 for IP 10.30.28.23: no connection to modbus server
[2024-12-26T06:17:35.398Z] Error reading actual data: no connection to modbus server
[2024-12-26T06:17:35.398Z] Error reading or processing Modbus registers: no connection to modbus server
[2024-12-26T06:17:35.399Z] Error writing to Modbus register: no connection to modbus server
[2024-12-26T06:17:36.403Z] Error reading register 6507 for IP 10.30.28.23: no connection to modbus server
[2024-12-26T06:17:36.404Z] Error reading actual data: no connection to modbus server
[2024-12-26T06:17:36.404Z] Error reading or processing Modbus registers: no connection to modbus server
[2024-12-26T06:17:36.404Z] Error writing to Modbus register: no connection to modbus server
[2024-12-26T06:17:37.408Z] Error reading register 6507 for IP 10.30.28.23: no connection to modbus server
[2024-12-26T06:17:37.408Z] Error reading actual data: no connection to modbus server
[2024-12-26T06:17:37.409Z] Error reading or processing Modbus registers: no connection to modbus server
[2024-12-26T06:17:37.409Z] Error writing to Modbus register: no connection to modbus server
[2024-12-26T06:17:38.424Z] Error reading register 6507 for IP 10.30.28.23: no connection to modbus server
[2024-12-26T06:17:38.424Z] Error reading actual data: no connection to modbus server
[2024-12-26T06:17:38.424Z] Error reading or processing Modbus registers: no connection to modbus server
[2024-12-26T06:17:38.425Z] Error writing to Modbus register: no connection to modbus server
[2024-12-26T06:17:39.429Z] Error reading register 6507 for IP 10.30.28.23: no connection to modbus server
[2024-12-26T06:17:39.429Z] Error reading actual data: no connection to modbus server
[2024-12-26T06:17:39.429Z] Error reading or processing Modbus registers: no connection to modbus server
[2024-12-26T06:17:39.429Z] Error writing to Modbus register: no connection to modbus server
[2024-12-26T06:17:40.432Z] Error reading register 6507 for IP 10.30.28.23: no connection to modbus server
[2024-12-26T06:17:40.432Z] Error reading or processing Modbus registers: no connection to modbus server
[2024-12-26T06:17:40.432Z] Error reading actual data: no connection to modbus server
[2024-12-26T06:17:40.432Z] Error writing to Modbus register: no connection to modbus server
[2024-12-26T06:17:41.445Z] Error reading register 6507 for IP 10.30.28.23: no connection to modbus server
[2024-12-26T06:17:41.446Z] Error reading actual data: no connection to modbus server
[2024-12-26T06:17:41.446Z] Error reading or processing Modbus registers: no connection to modbus server
[2024-12-26T06:17:41.446Z] Error writing to Modbus register: no connection to modbus server
[2024-12-26T06:17:42.447Z] Error reading register 6507 for IP 10.30.28.23: no connection to modbus server
[2024-12-26T06:17:42.447Z] Error reading actual data: no connection to modbus server
[2024-12-26T06:17:42.448Z] Error reading or processing Modbus registers: no connection to modbus server
[2024-12-26T06:17:42.448Z] Error writing to Modbus register: no connection to modbus server
[2024-12-26T06:17:43.453Z] Error reading register 6507 for IP 10.30.28.23: no connection to modbus server
[2024-12-26T06:17:43.453Z] Error reading actual data: no connection to modbus server
[2024-12-26T06:17:43.453Z] Error reading or processing Modbus registers: no connection to modbus server
[2024-12-26T06:17:43.454Z] Error writing to Modbus register: no connection to modbus server
[2024-12-26T06:17:44.459Z] Error reading register 6507 for IP 10.30.28.23: no connection to modbus server
[2024-12-26T06:17:44.460Z] Error reading actual data: no connection to modbus server
[2024-12-26T06:17:44.460Z] Error reading or processing Modbus registers: no connection to modbus server
[2024-12-26T06:17:44.460Z] Error writing to Modbus register: no connection to modbus server
[2024-12-26T06:17:45.461Z] Error reading register 6507 for IP 10.30.28.23: no connection to modbus server
[2024-12-26T06:17:45.461Z] Error reading actual data: no connection to modbus server
[2024-12-26T06:17:45.462Z] Error reading or processing Modbus registers: no connection to modbus server
[2024-12-26T06:17:45.462Z] Error writing to Modbus register: no connection to modbus server
[2024-12-26T06:17:46.476Z] Error reading register 6507 for IP 10.30.28.23: no connection to modbus server
[2024-12-26T06:17:46.476Z] Error reading actual data: no connection to modbus server
[2024-12-26T06:17:46.476Z] Error reading or processing Modbus registers: no connection to modbus server
[2024-12-26T06:17:46.477Z] Error writing to Modbus register: no connection to modbus server
[2024-12-26T06:17:47.478Z] Error reading register 6507 for IP 10.30.28.23: no connection to modbus server
[2024-12-26T06:17:47.478Z] Error reading actual data: no connection to modbus server
[2024-12-26T06:17:47.479Z] Error reading or processing Modbus registers: no connection to modbus server
[2024-12-26T06:17:47.479Z] Error writing to Modbus register: no connection to modbus server
[2024-12-26T06:17:48.483Z] Error reading register 6507 for IP 10.30.28.23: no connection to modbus server
[2024-12-26T06:17:48.483Z] Error reading actual data: no connection to modbus server
[2024-12-26T06:17:48.484Z] Error reading or processing Modbus registers: no connection to modbus server
[2024-12-26T06:17:48.484Z] Error writing to Modbus register: no connection to modbus server
[2024-12-26T06:17:49.497Z] Error reading register 6507 for IP 10.30.28.23: no connection to modbus server
[2024-12-26T06:17:49.497Z] Error reading actual data: no connection to modbus server
[2024-12-26T06:17:49.497Z] Error reading or processing Modbus registers: no connection to modbus server
[2024-12-26T06:17:49.497Z] Error writing to Modbus register: no connection to modbus server
[2024-12-26T06:17:50.501Z] Error reading register 6507 for IP 10.30.28.23: no connection to modbus server
[2024-12-26T06:17:50.501Z] Error reading actual data: no connection to modbus server
[2024-12-26T06:17:50.501Z] Error reading or processing Modbus registers: no connection to modbus server
[2024-12-26T06:17:50.502Z] Error writing to Modbus register: no connection to modbus server
[2024-12-26T06:17:51.503Z] Error reading register 6507 for IP 10.30.28.23: no connection to modbus server
[2024-12-26T06:17:51.503Z] Error reading actual data: no connection to modbus server
[2024-12-26T06:17:51.504Z] Error reading or processing Modbus registers: no connection to modbus server
[2024-12-26T06:17:51.504Z] Error writing to Modbus register: no connection to modbus server
[2024-12-26T06:17:52.508Z] Error reading register 6507 for IP 10.30.28.23: no connection to modbus server
[2024-12-26T06:17:52.508Z] Error reading actual data: no connection to modbus server
[2024-12-26T06:17:52.508Z] Error reading or processing Modbus registers: no connection to modbus server
[2024-12-26T06:17:52.509Z] Error writing to Modbus register: no connection to modbus server
[2024-12-26T06:17:53.513Z] Error reading register 6507 for IP 10.30.28.23: no connection to modbus server
[2024-12-26T06:17:53.513Z] Error reading actual data: no connection to modbus server
[2024-12-26T06:17:53.513Z] Error reading or processing Modbus registers: no connection to modbus server
[2024-12-26T06:17:53.514Z] Error writing to Modbus register: no connection to modbus server
[2024-12-26T06:17:54.527Z] Error reading register 6507 for IP 10.30.28.23: no connection to modbus server
[2024-12-26T06:17:54.527Z] Error reading actual data: no connection to modbus server
[2024-12-26T06:17:54.528Z] Error reading or processing Modbus registers: no connection to modbus server
[2024-12-26T06:17:54.528Z] Error writing to Modbus register: no connection to modbus server
[2024-12-26T06:17:55.529Z] Error reading register 6507 for IP 10.30.28.23: no connection to modbus server
[2024-12-26T06:17:55.530Z] Error reading actual data: no connection to modbus server
[2024-12-26T06:17:55.530Z] Error reading or processing Modbus registers: no connection to modbus server
[2024-12-26T06:17:55.530Z] Error writing to Modbus register: no connection to modbus server
[2024-12-26T06:17:56.533Z] Error reading register 6507 for IP 10.30.28.23: no connection to modbus server
[2024-12-26T06:17:56.533Z] Error reading actual data: no connection to modbus server
[2024-12-26T06:17:56.534Z] Error reading or processing Modbus registers: no connection to modbus server
[2024-12-26T06:17:56.534Z] Error writing to Modbus register: no connection to modbus server
[2024-12-26T06:17:57.538Z] Error reading register 6507 for IP 10.30.28.23: no connection to modbus server
[2024-12-26T06:17:57.538Z] Error reading actual data: no connection to modbus server
[2024-12-26T06:17:57.538Z] Error reading or processing Modbus registers: no connection to modbus server
[2024-12-26T06:17:57.539Z] Error writing to Modbus register: no connection to modbus server
[2024-12-26T06:17:58.542Z] Error reading register 6507 for IP 10.30.28.23: no connection to modbus server
[2024-12-26T06:17:58.542Z] Error reading actual data: no connection to modbus server
[2024-12-26T06:17:58.542Z] Error reading or processing Modbus registers: no connection to modbus server
[2024-12-26T06:17:58.543Z] Error writing to Modbus register: no connection to modbus server
[2024-12-26T06:17:59.543Z] Error reading actual data: no connection to modbus server
[2024-12-26T06:17:59.543Z] Error reading register 6507 for IP 10.30.28.23: no connection to modbus server
[2024-12-26T06:17:59.543Z] Error reading or processing Modbus registers: no connection to modbus server
[2024-12-26T06:17:59.544Z] Error writing to Modbus register: no connection to modbus server
[2024-12-26T06:18:00.548Z] Error reading register 6507 for IP 10.30.28.23: no connection to modbus server
[2024-12-26T06:18:00.548Z] Error reading or processing Modbus registers: no connection to modbus server
[2024-12-26T06:18:00.548Z] Error reading actual data: no connection to modbus server
[2024-12-26T06:18:00.549Z] Error writing to Modbus register: no connection to modbus server
[2024-12-26T06:18:01.551Z] Error reading register 6507 for IP 10.30.28.23: no connection to modbus server
[2024-12-26T06:18:01.551Z] Error reading actual data: no connection to modbus server
[2024-12-26T06:18:01.551Z] Error reading or processing Modbus registers: no connection to modbus server
[2024-12-26T06:18:01.551Z] Error writing to Modbus register: no connection to modbus server
[2024-12-26T06:18:02.550Z] Error reading register 6507 for IP 10.30.28.23: no connection to modbus server
[2024-12-26T06:18:02.550Z] Error reading actual data: no connection to modbus server
[2024-12-26T06:18:02.551Z] Error reading or processing Modbus registers: no connection to modbus server
[2024-12-26T06:18:02.551Z] Error writing to Modbus register: no connection to modbus server
[2024-12-26T06:18:03.554Z] Error reading register 6507 for IP 10.30.28.23: no connection to modbus server
[2024-12-26T06:18:03.554Z] Error reading actual data: no connection to modbus server
[2024-12-26T06:18:03.555Z] Error writing to Modbus register: no connection to modbus server
[2024-12-26T06:18:03.554Z] Error reading or processing Modbus registers: no connection to modbus server
[2024-12-26T06:18:04.566Z] Error reading register 6507 for IP 10.30.28.23: no connection to modbus server
[2024-12-26T06:18:04.566Z] Error reading actual data: no connection to modbus server
[2024-12-26T06:18:04.566Z] Error reading or processing Modbus registers: no connection to modbus server
[2024-12-26T06:18:04.566Z] Error writing to Modbus register: no connection to modbus server
[2024-12-26T06:18:05.571Z] Error reading register 6507 for IP 10.30.28.23: no connection to modbus server
[2024-12-26T06:18:05.572Z] Error reading actual data: no connection to modbus server
[2024-12-26T06:18:05.572Z] Error reading or processing Modbus registers: no connection to modbus server
[2024-12-26T06:18:05.572Z] Error writing to Modbus register: no connection to modbus server
[2024-12-26T06:18:06.577Z] Error reading register 6507 for IP 10.30.28.23: no connection to modbus server
[2024-12-26T06:18:06.577Z] Error reading actual data: no connection to modbus server
[2024-12-26T06:18:06.577Z] Error reading or processing Modbus registers: no connection to modbus server
[2024-12-26T06:18:06.578Z] Error writing to Modbus register: no connection to modbus server
[2024-12-26T06:18:07.583Z] Error reading register 6507 for IP 10.30.28.23: no connection to modbus server
[2024-12-26T06:18:07.584Z] Error reading actual data: no connection to modbus server
[2024-12-26T06:18:07.584Z] Error reading or processing Modbus registers: no connection to modbus server
[2024-12-26T06:18:07.584Z] Error writing to Modbus register: no connection to modbus server
[2024-12-26T06:18:08.599Z] Error reading register 6507 for IP 10.30.28.23: no connection to modbus server
[2024-12-26T06:18:08.599Z] Error reading or processing Modbus registers: no connection to modbus server
[2024-12-26T06:18:08.599Z] Error reading actual data: no connection to modbus server
[2024-12-26T06:18:08.599Z] Error writing to Modbus register: no connection to modbus server
[2024-12-26T06:18:09.602Z] Error reading register 6507 for IP 10.30.28.23: no connection to modbus server
[2024-12-26T06:18:09.602Z] Error reading actual data: no connection to modbus server
[2024-12-26T06:18:09.602Z] Error reading or processing Modbus registers: no connection to modbus server
[2024-12-26T06:18:09.602Z] Error writing to Modbus register: no connection to modbus server
[2024-12-26T06:18:10.605Z] Error reading register 6507 for IP 10.30.28.23: no connection to modbus server
[2024-12-26T06:18:10.605Z] Error reading actual data: no connection to modbus server
[2024-12-26T06:18:10.606Z] Error reading or processing Modbus registers: no connection to modbus server
[2024-12-26T06:18:10.606Z] Error writing to Modbus register: no connection to modbus server
[2024-12-26T06:18:11.611Z] Error reading register 6507 for IP 10.30.28.23: no connection to modbus server
[2024-12-26T06:18:11.612Z] Error reading actual data: no connection to modbus server
[2024-12-26T06:18:11.612Z] Error reading or processing Modbus registers: no connection to modbus server
[2024-12-26T06:18:11.612Z] Error writing to Modbus register: no connection to modbus server
[2024-12-26T06:18:12.612Z] Error reading register 6507 for IP 10.30.28.23: no connection to modbus server
[2024-12-26T06:18:12.612Z] Error reading actual data: no connection to modbus server
[2024-12-26T06:18:12.612Z] Error reading or processing Modbus registers: no connection to modbus server
[2024-12-26T06:18:12.613Z] Error writing to Modbus register: no connection to modbus server
[2024-12-26T06:18:13.626Z] Error reading register 6507 for IP 10.30.28.23: no connection to modbus server
[2024-12-26T06:18:13.626Z] Error reading actual data: no connection to modbus server
[2024-12-26T06:18:13.626Z] Error reading or processing Modbus registers: no connection to modbus server
[2024-12-26T06:18:13.627Z] Error writing to Modbus register: no connection to modbus server
[2024-12-26T06:18:14.642Z] Error reading register 6507 for IP 10.30.28.23: no connection to modbus server
[2024-12-26T06:18:14.642Z] Error reading actual data: no connection to modbus server
[2024-12-26T06:18:14.643Z] Error reading or processing Modbus registers: no connection to modbus server
[2024-12-26T06:18:14.643Z] Error writing to Modbus register: no connection to modbus server
[2024-12-26T06:18:15.647Z] Error reading register 6507 for IP 10.30.28.23: no connection to modbus server
[2024-12-26T06:18:15.648Z] Error reading actual data: no connection to modbus server
[2024-12-26T06:18:15.648Z] Error reading or processing Modbus registers: no connection to modbus server
[2024-12-26T06:18:15.648Z] Error writing to Modbus register: no connection to modbus server
[2024-12-26T06:18:16.648Z] Error reading register 6507 for IP 10.30.28.23: no connection to modbus server
[2024-12-26T06:18:16.648Z] Error reading actual data: no connection to modbus server
[2024-12-26T06:18:16.648Z] Error reading or processing Modbus registers: no connection to modbus server
[2024-12-26T06:18:16.649Z] Error writing to Modbus register: no connection to modbus server
[2024-12-26T06:18:17.648Z] Error reading register 6507 for IP 10.30.28.23: no connection to modbus server
[2024-12-26T06:18:17.648Z] Error reading actual data: no connection to modbus server
[2024-12-26T06:18:17.649Z] Error reading or processing Modbus registers: no connection to modbus server
[2024-12-26T06:18:17.649Z] Error writing to Modbus register: no connection to modbus server
[2024-12-26T06:18:18.663Z] Error reading register 6507 for IP 10.30.28.23: no connection to modbus server
[2024-12-26T06:18:18.663Z] Error reading actual data: no connection to modbus server
[2024-12-26T06:18:18.663Z] Error reading or processing Modbus registers: no connection to modbus server
[2024-12-26T06:18:18.664Z] Error writing to Modbus register: no connection to modbus server
[2024-12-26T06:18:19.677Z] Error reading register 6507 for IP 10.30.28.23: no connection to modbus server
[2024-12-26T06:18:19.677Z] Error reading actual data: no connection to modbus server
[2024-12-26T06:18:19.677Z] Error reading or processing Modbus registers: no connection to modbus server
[2024-12-26T06:18:19.678Z] Error writing to Modbus register: no connection to modbus server
[2024-12-26T06:18:20.677Z] Error reading register 6507 for IP 10.30.28.23: no connection to modbus server
[2024-12-26T06:18:20.677Z] Error reading actual data: no connection to modbus server
[2024-12-26T06:18:20.677Z] Error reading or processing Modbus registers: no connection to modbus server
[2024-12-26T06:18:20.678Z] Error writing to Modbus register: no connection to modbus server
[2024-12-26T06:18:21.691Z] Error reading register 6507 for IP 10.30.28.23: no connection to modbus server
[2024-12-26T06:18:21.692Z] Error reading actual data: no connection to modbus server
[2024-12-26T06:18:21.692Z] Error reading or processing Modbus registers: no connection to modbus server
[2024-12-26T06:18:21.692Z] Error writing to Modbus register: no connection to modbus server
[2024-12-26T06:18:22.695Z] Error reading register 6507 for IP 10.30.28.23: no connection to modbus server
[2024-12-26T06:18:22.695Z] Error reading actual data: no connection to modbus server
[2024-12-26T06:18:22.695Z] Error reading or processing Modbus registers: no connection to modbus server
[2024-12-26T06:18:22.696Z] Error writing to Modbus register: no connection to modbus server
[2024-12-26T06:18:23.708Z] Error reading register 6507 for IP 10.30.28.23: no connection to modbus server
[2024-12-26T06:18:23.709Z] Error reading actual data: no connection to modbus server
[2024-12-26T06:18:23.709Z] Error reading or processing Modbus registers: no connection to modbus server
[2024-12-26T06:18:23.709Z] Error writing to Modbus register: no connection to modbus server
[2024-12-26T06:18:24.712Z] Error reading register 6507 for IP 10.30.28.23: no connection to modbus server
[2024-12-26T06:18:24.712Z] Error reading actual data: no connection to modbus server
[2024-12-26T06:18:24.712Z] Error reading or processing Modbus registers: no connection to modbus server
[2024-12-26T06:18:24.712Z] Error writing to Modbus register: no connection to modbus server
[2024-12-26T06:18:25.716Z] Error reading actual data: no connection to modbus server
[2024-12-26T06:18:25.715Z] Error reading register 6507 for IP 10.30.28.23: no connection to modbus server
[2024-12-26T06:18:25.716Z] Error reading or processing Modbus registers: no connection to modbus server
[2024-12-26T06:18:25.716Z] Error writing to Modbus register: no connection to modbus server
[2024-12-26T06:18:26.722Z] Error reading register 6507 for IP 10.30.28.23: no connection to modbus server
[2024-12-26T06:18:26.722Z] Error reading actual data: no connection to modbus server
[2024-12-26T06:18:26.722Z] Error reading or processing Modbus registers: no connection to modbus server
[2024-12-26T06:18:26.722Z] Error writing to Modbus register: no connection to modbus server
[2024-12-26T06:18:27.721Z] Error reading register 6507 for IP 10.30.28.23: no connection to modbus server
[2024-12-26T06:18:27.722Z] Error reading actual data: no connection to modbus server
[2024-12-26T06:18:27.722Z] Error reading or processing Modbus registers: no connection to modbus server
[2024-12-26T06:18:27.722Z] Error writing to Modbus register: no connection to modbus server
[2024-12-26T06:18:28.725Z] Error reading register 6507 for IP 10.30.28.23: no connection to modbus server
[2024-12-26T06:18:28.725Z] Error reading actual data: no connection to modbus server
[2024-12-26T06:18:28.725Z] Error reading or processing Modbus registers: no connection to modbus server
[2024-12-26T06:18:28.725Z] Error writing to Modbus register: no connection to modbus server
[2024-12-26T06:18:29.726Z] Error reading register 6507 for IP 10.30.28.23: no connection to modbus server
[2024-12-26T06:18:29.726Z] Error reading actual data: no connection to modbus server
[2024-12-26T06:18:29.726Z] Error reading or processing Modbus registers: no connection to modbus server
[2024-12-26T06:18:29.726Z] Error writing to Modbus register: no connection to modbus server
[2024-12-26T06:18:30.729Z] Error reading register 6507 for IP 10.30.28.23: no connection to modbus server
[2024-12-26T06:18:30.729Z] Error reading actual data: no connection to modbus server
[2024-12-26T06:18:30.729Z] Error reading or processing Modbus registers: no connection to modbus server
[2024-12-26T06:18:30.730Z] Error writing to Modbus register: no connection to modbus server
[2024-12-26T06:18:31.730Z] Error reading actual data: no connection to modbus server
[2024-12-26T06:18:31.729Z] Error reading register 6507 for IP 10.30.28.23: no connection to modbus server
[2024-12-26T06:18:31.730Z] Error reading or processing Modbus registers: no connection to modbus server
[2024-12-26T06:18:31.730Z] Error writing to Modbus register: no connection to modbus server
[2024-12-26T06:18:32.731Z] Error reading register 6507 for IP 10.30.28.23: no connection to modbus server
[2024-12-26T06:18:32.732Z] Error reading actual data: no connection to modbus server
[2024-12-26T06:18:32.732Z] Error reading or processing Modbus registers: no connection to modbus server
[2024-12-26T06:18:32.732Z] Error writing to Modbus register: no connection to modbus server
[2024-12-26T06:18:33.737Z] Error reading register 6507 for IP 10.30.28.23: no connection to modbus server
[2024-12-26T06:18:33.737Z] Error reading actual data: no connection to modbus server
[2024-12-26T06:18:33.737Z] Error reading or processing Modbus registers: no connection to modbus server
[2024-12-26T06:18:33.737Z] Error writing to Modbus register: no connection to modbus server
[2024-12-26T06:18:34.743Z] Error reading register 6507 for IP 10.30.28.23: no connection to modbus server
[2024-12-26T06:18:34.744Z] Error reading actual data: no connection to modbus server
[2024-12-26T06:18:34.744Z] Error reading or processing Modbus registers: no connection to modbus server
[2024-12-26T06:18:34.744Z] Error writing to Modbus register: no connection to modbus server
[2024-12-26T06:18:35.745Z] Error reading register 6507 for IP 10.30.28.23: no connection to modbus server
[2024-12-26T06:18:35.745Z] Error reading actual data: no connection to modbus server
[2024-12-26T06:18:35.746Z] Error reading or processing Modbus registers: no connection to modbus server
[2024-12-26T06:18:35.746Z] Error writing to Modbus register: no connection to modbus server
[2024-12-26T06:18:36.759Z] Error reading register 6507 for IP 10.30.28.23: no connection to modbus server
[2024-12-26T06:18:36.759Z] Error reading actual data: no connection to modbus server
[2024-12-26T06:18:36.759Z] Error reading or processing Modbus registers: no connection to modbus server
[2024-12-26T06:18:36.760Z] Error writing to Modbus register: no connection to modbus server
[2024-12-26T06:18:37.774Z] Error reading register 6507 for IP 10.30.28.23: no connection to modbus server
[2024-12-26T06:18:37.774Z] Error reading actual data: no connection to modbus server
[2024-12-26T06:18:37.774Z] Error reading or processing Modbus registers: no connection to modbus server
[2024-12-26T06:18:37.775Z] Error writing to Modbus register: no connection to modbus server
[2024-12-26T06:18:38.779Z] Error reading register 6507 for IP 10.30.28.23: no connection to modbus server
[2024-12-26T06:18:38.779Z] Error reading actual data: no connection to modbus server
[2024-12-26T06:18:38.779Z] Error reading or processing Modbus registers: no connection to modbus server
[2024-12-26T06:18:38.780Z] Error writing to Modbus register: no connection to modbus server
[2024-12-26T06:18:39.780Z] Error reading register 6507 for IP 10.30.28.23: no connection to modbus server
[2024-12-26T06:18:39.780Z] Error reading actual data: no connection to modbus server
[2024-12-26T06:18:39.780Z] Error reading or processing Modbus registers: no connection to modbus server
[2024-12-26T06:18:39.781Z] Error writing to Modbus register: no connection to modbus server
[2024-12-26T06:18:40.781Z] Error reading register 6507 for IP 10.30.28.23: no connection to modbus server
[2024-12-26T06:18:40.781Z] Error reading actual data: no connection to modbus server
[2024-12-26T06:18:40.781Z] Error reading or processing Modbus registers: no connection to modbus server
[2024-12-26T06:18:40.782Z] Error writing to Modbus register: no connection to modbus server
[2024-12-26T06:18:41.784Z] Error reading register 6507 for IP 10.30.28.23: no connection to modbus server
[2024-12-26T06:18:41.784Z] Error reading actual data: no connection to modbus server
[2024-12-26T06:18:41.784Z] Error reading or processing Modbus registers: no connection to modbus server
[2024-12-26T06:18:41.785Z] Error writing to Modbus register: no connection to modbus server
[2024-12-26T06:18:42.788Z] Error reading register 6507 for IP 10.30.28.23: no connection to modbus server
[2024-12-26T06:18:42.788Z] Error reading actual data: no connection to modbus server
[2024-12-26T06:18:42.788Z] Error reading or processing Modbus registers: no connection to modbus server
[2024-12-26T06:18:42.788Z] Error writing to Modbus register: no connection to modbus server
[2024-12-26T06:18:43.789Z] Error reading register 6507 for IP 10.30.28.23: no connection to modbus server
[2024-12-26T06:18:43.790Z] Error reading actual data: no connection to modbus server
[2024-12-26T06:18:43.790Z] Error writing to Modbus register: no connection to modbus server
[2024-12-26T06:18:43.790Z] Error reading or processing Modbus registers: no connection to modbus server
[2024-12-26T06:18:44.793Z] Error reading register 6507 for IP 10.30.28.23: no connection to modbus server
[2024-12-26T06:18:44.794Z] Error reading actual data: no connection to modbus server
[2024-12-26T06:18:44.794Z] Error reading or processing Modbus registers: no connection to modbus server
[2024-12-26T06:18:44.794Z] Error writing to Modbus register: no connection to modbus server
[2024-12-26T06:18:45.796Z] Error reading register 6507 for IP 10.30.28.23: no connection to modbus server
[2024-12-26T06:18:45.796Z] Error reading actual data: no connection to modbus server
[2024-12-26T06:18:45.797Z] Error reading or processing Modbus registers: no connection to modbus server
[2024-12-26T06:18:45.797Z] Error writing to Modbus register: no connection to modbus server
[2024-12-26T06:18:46.798Z] Error reading register 6507 for IP 10.30.28.23: no connection to modbus server
[2024-12-26T06:18:46.798Z] Error reading actual data: no connection to modbus server
[2024-12-26T06:18:46.798Z] Error reading or processing Modbus registers: no connection to modbus server
[2024-12-26T06:18:46.799Z] Error writing to Modbus register: no connection to modbus server
[2024-12-26T06:18:47.802Z] Error reading register 6507 for IP 10.30.28.23: no connection to modbus server
[2024-12-26T06:18:47.803Z] Error reading actual data: no connection to modbus server
[2024-12-26T06:18:47.803Z] Error reading or processing Modbus registers: no connection to modbus server
[2024-12-26T06:18:47.803Z] Error writing to Modbus register: no connection to modbus server
[2024-12-26T06:18:48.808Z] Error reading register 6507 for IP 10.30.28.23: no connection to modbus server
[2024-12-26T06:18:48.808Z] Error reading actual data: no connection to modbus server
[2024-12-26T06:18:48.808Z] Error reading or processing Modbus registers: no connection to modbus server
[2024-12-26T06:18:48.809Z] Error writing to Modbus register: no connection to modbus server
[2024-12-26T06:18:49.811Z] Error reading register 6507 for IP 10.30.28.23: no connection to modbus server
[2024-12-26T06:18:49.812Z] Error reading actual data: no connection to modbus server
[2024-12-26T06:18:49.812Z] Error reading or processing Modbus registers: no connection to modbus server
[2024-12-26T06:18:49.812Z] Error writing to Modbus register: no connection to modbus server
[2024-12-26T06:18:50.817Z] Error reading register 6507 for IP 10.30.28.23: no connection to modbus server
[2024-12-26T06:18:50.817Z] Error reading actual data: no connection to modbus server
[2024-12-26T06:18:50.817Z] Error reading or processing Modbus registers: no connection to modbus server
[2024-12-26T06:18:50.818Z] Error writing to Modbus register: no connection to modbus server
[2024-12-26T06:18:51.819Z] Error reading register 6507 for IP 10.30.28.23: no connection to modbus server
[2024-12-26T06:18:51.819Z] Error reading actual data: no connection to modbus server
[2024-12-26T06:18:51.819Z] Error reading or processing Modbus registers: no connection to modbus server
[2024-12-26T06:18:51.820Z] Error writing to Modbus register: no connection to modbus server
[2024-12-26T06:18:52.820Z] Error reading register 6507 for IP 10.30.28.23: no connection to modbus server
[2024-12-26T06:18:52.820Z] Error reading actual data: no connection to modbus server
[2024-12-26T06:18:52.820Z] Error reading or processing Modbus registers: no connection to modbus server
[2024-12-26T06:18:52.821Z] Error writing to Modbus register: no connection to modbus server
[2024-12-26T06:18:53.825Z] Error reading register 6507 for IP 10.30.28.23: no connection to modbus server
[2024-12-26T06:18:53.825Z] Error reading actual data: no connection to modbus server
[2024-12-26T06:18:53.826Z] Error reading or processing Modbus registers: no connection to modbus server
[2024-12-26T06:18:53.826Z] Error writing to Modbus register: no connection to modbus server
[2024-12-26T06:18:54.830Z] Error reading register 6507 for IP 10.30.28.23: no connection to modbus server
[2024-12-26T06:18:54.830Z] Error reading actual data: no connection to modbus server
[2024-12-26T06:18:54.831Z] Error reading or processing Modbus registers: no connection to modbus server
[2024-12-26T06:18:54.831Z] Error writing to Modbus register: no connection to modbus server
[2024-12-26T06:18:55.831Z] Error reading register 6507 for IP 10.30.28.23: no connection to modbus server
[2024-12-26T06:18:55.831Z] Error reading actual data: no connection to modbus server
[2024-12-26T06:18:55.832Z] Error reading or processing Modbus registers: no connection to modbus server
[2024-12-26T06:18:55.832Z] Error writing to Modbus register: no connection to modbus server
[2024-12-26T06:18:56.846Z] Error reading register 6507 for IP 10.30.28.23: no connection to modbus server
[2024-12-26T06:18:56.847Z] Error reading actual data: no connection to modbus server
[2024-12-26T06:18:56.847Z] Error reading or processing Modbus registers: no connection to modbus server
[2024-12-26T06:18:56.847Z] Error writing to Modbus register: no connection to modbus server
[2024-12-26T06:18:57.861Z] Error reading register 6507 for IP 10.30.28.23: no connection to modbus server
[2024-12-26T06:18:57.862Z] Error reading actual data: no connection to modbus server
[2024-12-26T06:18:57.862Z] Error reading or processing Modbus registers: no connection to modbus server
[2024-12-26T06:18:57.862Z] Error writing to Modbus register: no connection to modbus server
[2024-12-26T06:18:58.862Z] Error reading register 6507 for IP 10.30.28.23: no connection to modbus server
[2024-12-26T06:18:58.862Z] Error reading actual data: no connection to modbus server
[2024-12-26T06:18:58.863Z] Error reading or processing Modbus registers: no connection to modbus server
[2024-12-26T06:18:58.863Z] Error writing to Modbus register: no connection to modbus server
[2024-12-26T06:18:59.864Z] Error reading register 6507 for IP 10.30.28.23: no connection to modbus server
[2024-12-26T06:18:59.864Z] Error reading actual data: no connection to modbus server
[2024-12-26T06:18:59.865Z] Error reading or processing Modbus registers: no connection to modbus server
[2024-12-26T06:18:59.865Z] Error writing to Modbus register: no connection to modbus server
[2024-12-26T06:19:00.865Z] Error reading register 6507 for IP 10.30.28.23: no connection to modbus server
[2024-12-26T06:19:00.866Z] Error reading actual data: no connection to modbus server
[2024-12-26T06:19:00.866Z] Error reading or processing Modbus registers: no connection to modbus server
[2024-12-26T06:19:00.866Z] Error writing to Modbus register: no connection to modbus server
[2024-12-26T06:19:01.866Z] Error reading register 6507 for IP 10.30.28.23: no connection to modbus server
[2024-12-26T06:19:01.866Z] Error reading actual data: no connection to modbus server
[2024-12-26T06:19:01.866Z] Error reading or processing Modbus registers: no connection to modbus server
[2024-12-26T06:19:01.867Z] Error writing to Modbus register: no connection to modbus server
[2024-12-26T06:19:02.869Z] Error reading register 6507 for IP 10.30.28.23: no connection to modbus server
[2024-12-26T06:19:02.869Z] Error reading actual data: no connection to modbus server
[2024-12-26T06:19:02.869Z] Error reading or processing Modbus registers: no connection to modbus server
[2024-12-26T06:19:02.870Z] Error writing to Modbus register: no connection to modbus server
[2024-12-26T06:19:03.872Z] Error reading register 6507 for IP 10.30.28.23: no connection to modbus server
[2024-12-26T06:19:03.872Z] Error reading actual data: no connection to modbus server
[2024-12-26T06:19:03.873Z] Error reading or processing Modbus registers: no connection to modbus server
[2024-12-26T06:19:03.873Z] Error writing to Modbus register: no connection to modbus server
[2024-12-26T06:19:04.874Z] Error reading register 6507 for IP 10.30.28.23: no connection to modbus server
[2024-12-26T06:19:04.874Z] Error reading actual data: no connection to modbus server
[2024-12-26T06:19:04.874Z] Error reading or processing Modbus registers: no connection to modbus server
[2024-12-26T06:19:04.875Z] Error writing to Modbus register: no connection to modbus server
[2024-12-26T06:19:05.889Z] Error reading register 6507 for IP 10.30.28.23: no connection to modbus server
[2024-12-26T06:19:05.889Z] Error reading actual data: no connection to modbus server
[2024-12-26T06:19:05.889Z] Error reading or processing Modbus registers: no connection to modbus server
[2024-12-26T06:19:05.889Z] Error writing to Modbus register: no connection to modbus server
[2024-12-26T06:19:06.891Z] Error reading register 6507 for IP 10.30.28.23: no connection to modbus server
[2024-12-26T06:19:06.891Z] Error reading actual data: no connection to modbus server
[2024-12-26T06:19:06.891Z] Error reading or processing Modbus registers: no connection to modbus server
[2024-12-26T06:19:06.891Z] Error writing to Modbus register: no connection to modbus server
[2024-12-26T06:19:07.894Z] Error reading register 6507 for IP 10.30.28.23: no connection to modbus server
[2024-12-26T06:19:07.894Z] Error reading actual data: no connection to modbus server
[2024-12-26T06:19:07.894Z] Error reading or processing Modbus registers: no connection to modbus server
[2024-12-26T06:19:07.894Z] Error writing to Modbus register: no connection to modbus server
[2024-12-26T06:19:08.896Z] Error reading register 6507 for IP 10.30.28.23: no connection to modbus server
[2024-12-26T06:19:08.896Z] Error reading actual data: no connection to modbus server
[2024-12-26T06:19:08.897Z] Error reading or processing Modbus registers: no connection to modbus server
[2024-12-26T06:19:08.897Z] Error writing to Modbus register: no connection to modbus server
[2024-12-26T06:19:09.898Z] Error reading register 6507 for IP 10.30.28.23: no connection to modbus server
[2024-12-26T06:19:09.898Z] Error reading actual data: no connection to modbus server
[2024-12-26T06:19:09.898Z] Error reading or processing Modbus registers: no connection to modbus server
[2024-12-26T06:19:09.899Z] Error writing to Modbus register: no connection to modbus server
[2024-12-26T06:19:10.902Z] Error reading register 6507 for IP 10.30.28.23: no connection to modbus server
[2024-12-26T06:19:10.903Z] Error reading actual data: no connection to modbus server
[2024-12-26T06:19:10.903Z] Error reading or processing Modbus registers: no connection to modbus server
[2024-12-26T06:19:10.903Z] Error writing to Modbus register: no connection to modbus server
[2024-12-26T06:19:11.909Z] Error reading register 6507 for IP 10.30.28.23: no connection to modbus server
[2024-12-26T06:19:11.910Z] Error reading actual data: no connection to modbus server
[2024-12-26T06:19:11.910Z] Error reading or processing Modbus registers: no connection to modbus server
[2024-12-26T06:19:11.910Z] Error writing to Modbus register: no connection to modbus server
[2024-12-26T06:19:12.915Z] Error reading register 6507 for IP 10.30.28.23: no connection to modbus server
[2024-12-26T06:19:12.915Z] Error reading actual data: no connection to modbus server
[2024-12-26T06:19:12.916Z] Error reading or processing Modbus registers: no connection to modbus server
[2024-12-26T06:19:12.916Z] Error writing to Modbus register: no connection to modbus server
[2024-12-26T06:19:13.919Z] Error reading register 6507 for IP 10.30.28.23: no connection to modbus server
[2024-12-26T06:19:13.919Z] Error reading actual data: no connection to modbus server
[2024-12-26T06:19:13.919Z] Error reading or processing Modbus registers: no connection to modbus server
[2024-12-26T06:19:13.920Z] Error writing to Modbus register: no connection to modbus server
[2024-12-26T06:19:14.921Z] Error reading register 6507 for IP 10.30.28.23: no connection to modbus server
[2024-12-26T06:19:14.921Z] Error reading actual data: no connection to modbus server
[2024-12-26T06:19:14.921Z] Error reading or processing Modbus registers: no connection to modbus server
[2024-12-26T06:19:14.922Z] Error writing to Modbus register: no connection to modbus server
[2024-12-26T06:19:15.921Z] Error reading register 6507 for IP 10.30.28.23: no connection to modbus server
[2024-12-26T06:19:15.921Z] Error reading actual data: no connection to modbus server
[2024-12-26T06:19:15.921Z] Error reading or processing Modbus registers: no connection to modbus server
[2024-12-26T06:19:15.921Z] Error writing to Modbus register: no connection to modbus server
[2024-12-26T06:19:16.924Z] Error reading register 6507 for IP 10.30.28.23: no connection to modbus server
[2024-12-26T06:19:16.924Z] Error reading actual data: no connection to modbus server
[2024-12-26T06:19:16.925Z] Error reading or processing Modbus registers: no connection to modbus server
[2024-12-26T06:19:16.925Z] Error writing to Modbus register: no connection to modbus server
[2024-12-26T06:19:17.927Z] Error reading register 6507 for IP 10.30.28.23: no connection to modbus server
[2024-12-26T06:19:17.928Z] Error reading actual data: no connection to modbus server
[2024-12-26T06:19:17.928Z] Error reading or processing Modbus registers: no connection to modbus server
[2024-12-26T06:19:17.928Z] Error writing to Modbus register: no connection to modbus server
[2024-12-26T06:19:18.942Z] Error reading register 6507 for IP 10.30.28.23: no connection to modbus server
[2024-12-26T06:19:18.942Z] Error reading actual data: no connection to modbus server
[2024-12-26T06:19:18.943Z] Error reading or processing Modbus registers: no connection to modbus server
[2024-12-26T06:19:18.943Z] Error writing to Modbus register: no connection to modbus server
[2024-12-26T06:19:19.957Z] Error reading register 6507 for IP 10.30.28.23: no connection to modbus server
[2024-12-26T06:19:19.957Z] Error reading actual data: no connection to modbus server
[2024-12-26T06:19:19.958Z] Error reading or processing Modbus registers: no connection to modbus server
[2024-12-26T06:19:19.958Z] Error writing to Modbus register: no connection to modbus server
[2024-12-26T06:19:20.960Z] Error reading register 6507 for IP 10.30.28.23: no connection to modbus server
[2024-12-26T06:19:20.960Z] Error reading actual data: no connection to modbus server
[2024-12-26T06:19:20.960Z] Error reading or processing Modbus registers: no connection to modbus server
[2024-12-26T06:19:20.961Z] Error writing to Modbus register: no connection to modbus server
[2024-12-26T06:19:21.967Z] Error reading register 6507 for IP 10.30.28.23: no connection to modbus server
[2024-12-26T06:19:21.967Z] Error reading actual data: no connection to modbus server
[2024-12-26T06:19:21.967Z] Error reading or processing Modbus registers: no connection to modbus server
[2024-12-26T06:19:21.968Z] Error writing to Modbus register: no connection to modbus server
[2024-12-26T06:19:22.968Z] Error reading register 6507 for IP 10.30.28.23: no connection to modbus server
[2024-12-26T06:19:22.969Z] Error reading actual data: no connection to modbus server
[2024-12-26T06:19:22.969Z] Error reading or processing Modbus registers: no connection to modbus server
[2024-12-26T06:19:22.969Z] Error writing to Modbus register: no connection to modbus server
[2024-12-26T06:19:23.972Z] Error reading register 6507 for IP 10.30.28.23: no connection to modbus server
[2024-12-26T06:19:23.972Z] Error reading actual data: no connection to modbus server
[2024-12-26T06:19:23.972Z] Error reading or processing Modbus registers: no connection to modbus server
[2024-12-26T06:19:23.973Z] Error writing to Modbus register: no connection to modbus server
[2024-12-26T06:19:24.979Z] Error reading register 6507 for IP 10.30.28.23: no connection to modbus server
[2024-12-26T06:19:24.979Z] Error reading actual data: no connection to modbus server
[2024-12-26T06:19:24.979Z] Error reading or processing Modbus registers: no connection to modbus server
[2024-12-26T06:19:24.979Z] Error writing to Modbus register: no connection to modbus server
[2024-12-26T06:19:25.981Z] Error reading register 6507 for IP 10.30.28.23: no connection to modbus server
[2024-12-26T06:19:25.981Z] Error reading actual data: no connection to modbus server
[2024-12-26T06:19:25.981Z] Error reading or processing Modbus registers: no connection to modbus server
[2024-12-26T06:19:25.981Z] Error writing to Modbus register: no connection to modbus server
[2024-12-26T06:19:26.982Z] Error reading register 6507 for IP 10.30.28.23: no connection to modbus server
[2024-12-26T06:19:26.982Z] Error reading actual data: no connection to modbus server
[2024-12-26T06:19:26.982Z] Error reading or processing Modbus registers: no connection to modbus server
[2024-12-26T06:19:26.983Z] Error writing to Modbus register: no connection to modbus server
[2024-12-26T06:19:27.988Z] Error reading register 6507 for IP 10.30.28.23: no connection to modbus server
[2024-12-26T06:19:27.989Z] Error reading actual data: no connection to modbus server
[2024-12-26T06:19:27.989Z] Error reading or processing Modbus registers: no connection to modbus server
[2024-12-26T06:19:27.989Z] Error writing to Modbus register: no connection to modbus server
[2024-12-26T06:19:28.992Z] Error reading register 6507 for IP 10.30.28.23: no connection to modbus server
[2024-12-26T06:19:28.992Z] Error reading actual data: no connection to modbus server
[2024-12-26T06:19:28.993Z] Error reading or processing Modbus registers: no connection to modbus server
[2024-12-26T06:19:28.993Z] Error writing to Modbus register: no connection to modbus server
[2024-12-26T06:19:29.997Z] Error reading register 6507 for IP 10.30.28.23: no connection to modbus server
[2024-12-26T06:19:29.997Z] Error reading actual data: no connection to modbus server
[2024-12-26T06:19:29.997Z] Error reading or processing Modbus registers: no connection to modbus server
[2024-12-26T06:19:29.998Z] Error writing to Modbus register: no connection to modbus server
[2024-12-26T06:19:31.001Z] Error reading register 6507 for IP 10.30.28.23: no connection to modbus server
[2024-12-26T06:19:31.002Z] Error reading actual data: no connection to modbus server
[2024-12-26T06:19:31.002Z] Error reading or processing Modbus registers: no connection to modbus server
[2024-12-26T06:19:31.002Z] Error writing to Modbus register: no connection to modbus server
[2024-12-26T06:19:32.004Z] Error reading register 6507 for IP 10.30.28.23: no connection to modbus server
[2024-12-26T06:19:32.004Z] Error reading actual data: no connection to modbus server
[2024-12-26T06:19:32.004Z] Error reading or processing Modbus registers: no connection to modbus server
[2024-12-26T06:19:32.005Z] Error writing to Modbus register: no connection to modbus server
[2024-12-26T06:19:33.006Z] Error reading register 6507 for IP 10.30.28.23: no connection to modbus server
[2024-12-26T06:19:33.006Z] Error reading actual data: no connection to modbus server
[2024-12-26T06:19:33.006Z] Error reading or processing Modbus registers: no connection to modbus server
[2024-12-26T06:19:33.007Z] Error writing to Modbus register: no connection to modbus server
[2024-12-26T06:19:34.007Z] Error reading register 6507 for IP 10.30.28.23: no connection to modbus server
[2024-12-26T06:19:34.007Z] Error reading actual data: no connection to modbus server
[2024-12-26T06:19:34.007Z] Error reading or processing Modbus registers: no connection to modbus server
[2024-12-26T06:19:34.008Z] Error writing to Modbus register: no connection to modbus server
[2024-12-26T06:19:35.007Z] Error reading register 6507 for IP 10.30.28.23: no connection to modbus server
[2024-12-26T06:19:35.007Z] Error reading actual data: no connection to modbus server
[2024-12-26T06:19:35.007Z] Error reading or processing Modbus registers: no connection to modbus server
[2024-12-26T06:19:35.007Z] Error writing to Modbus register: no connection to modbus server
[2024-12-26T06:19:36.008Z] Error reading register 6507 for IP 10.30.28.23: no connection to modbus server
[2024-12-26T06:19:36.008Z] Error reading actual data: no connection to modbus server
[2024-12-26T06:19:36.008Z] Error reading or processing Modbus registers: no connection to modbus server
[2024-12-26T06:19:36.008Z] Error writing to Modbus register: no connection to modbus server
[2024-12-26T06:19:37.010Z] Error reading register 6507 for IP 10.30.28.23: no connection to modbus server
[2024-12-26T06:19:37.011Z] Error reading actual data: no connection to modbus server
[2024-12-26T06:19:37.011Z] Error reading or processing Modbus registers: no connection to modbus server
[2024-12-26T06:19:37.011Z] Error writing to Modbus register: no connection to modbus server
[2024-12-26T06:19:38.013Z] Error reading register 6507 for IP 10.30.28.23: no connection to modbus server
[2024-12-26T06:19:38.014Z] Error reading actual data: no connection to modbus server
[2024-12-26T06:19:38.014Z] Error reading or processing Modbus registers: no connection to modbus server
[2024-12-26T06:19:38.014Z] Error writing to Modbus register: no connection to modbus server
[2024-12-26T06:19:39.019Z] Error reading register 6507 for IP 10.30.28.23: no connection to modbus server
[2024-12-26T06:19:39.019Z] Error reading actual data: no connection to modbus server
[2024-12-26T06:19:39.019Z] Error reading or processing Modbus registers: no connection to modbus server
[2024-12-26T06:19:39.020Z] Error writing to Modbus register: no connection to modbus server
[2024-12-26T06:19:40.021Z] Error reading register 6507 for IP 10.30.28.23: no connection to modbus server
[2024-12-26T06:19:40.022Z] Error reading actual data: no connection to modbus server
[2024-12-26T06:19:40.022Z] Error reading or processing Modbus registers: no connection to modbus server
[2024-12-26T06:19:40.022Z] Error writing to Modbus register: no connection to modbus server
[2024-12-26T06:19:41.034Z] Error reading register 6507 for IP 10.30.28.23: no connection to modbus server
[2024-12-26T06:19:41.034Z] Error reading actual data: no connection to modbus server
[2024-12-26T06:19:41.034Z] Error reading or processing Modbus registers: no connection to modbus server
[2024-12-26T06:19:41.035Z] Error writing to Modbus register: no connection to modbus server
[2024-12-26T06:19:42.036Z] Error reading register 6507 for IP 10.30.28.23: no connection to modbus server
[2024-12-26T06:19:42.036Z] Error reading actual data: no connection to modbus server
[2024-12-26T06:19:42.036Z] Error reading or processing Modbus registers: no connection to modbus server
[2024-12-26T06:19:42.036Z] Error writing to Modbus register: no connection to modbus server
[2024-12-26T06:19:43.042Z] Error reading register 6507 for IP 10.30.28.23: no connection to modbus server
[2024-12-26T06:19:43.042Z] Error reading actual data: no connection to modbus server
[2024-12-26T06:19:43.043Z] Error reading or processing Modbus registers: no connection to modbus server
[2024-12-26T06:19:43.043Z] Error writing to Modbus register: no connection to modbus server
[2024-12-26T06:19:44.043Z] Error reading register 6507 for IP 10.30.28.23: no connection to modbus server
[2024-12-26T06:19:44.043Z] Error reading actual data: no connection to modbus server
[2024-12-26T06:19:44.043Z] Error reading or processing Modbus registers: no connection to modbus server
[2024-12-26T06:19:44.043Z] Error writing to Modbus register: no connection to modbus server
[2024-12-26T06:19:45.044Z] Error reading register 6507 for IP 10.30.28.23: no connection to modbus server
[2024-12-26T06:19:45.044Z] Error reading actual data: no connection to modbus server
[2024-12-26T06:19:45.045Z] Error reading or processing Modbus registers: no connection to modbus server
[2024-12-26T06:19:45.045Z] Error writing to Modbus register: no connection to modbus server
[2024-12-26T06:19:46.048Z] Error reading register 6507 for IP 10.30.28.23: no connection to modbus server
[2024-12-26T06:19:46.048Z] Error reading actual data: no connection to modbus server
[2024-12-26T06:19:46.048Z] Error reading or processing Modbus registers: no connection to modbus server
[2024-12-26T06:19:46.049Z] Error writing to Modbus register: no connection to modbus server
[2024-12-26T06:19:47.063Z] Error reading register 6507 for IP 10.30.28.23: no connection to modbus server
[2024-12-26T06:19:47.063Z] Error reading actual data: no connection to modbus server
[2024-12-26T06:19:47.063Z] Error reading or processing Modbus registers: no connection to modbus server
[2024-12-26T06:19:47.063Z] Error writing to Modbus register: no connection to modbus server
[2024-12-26T06:19:48.069Z] Error reading register 6507 for IP 10.30.28.23: no connection to modbus server
[2024-12-26T06:19:48.069Z] Error reading actual data: no connection to modbus server
[2024-12-26T06:19:48.069Z] Error reading or processing Modbus registers: no connection to modbus server
[2024-12-26T06:19:48.070Z] Error writing to Modbus register: no connection to modbus server
[2024-12-26T06:19:49.070Z] Error reading register 6507 for IP 10.30.28.23: no connection to modbus server
[2024-12-26T06:19:49.070Z] Error reading actual data: no connection to modbus server
[2024-12-26T06:19:49.070Z] Error reading or processing Modbus registers: no connection to modbus server
[2024-12-26T06:19:49.070Z] Error writing to Modbus register: no connection to modbus server
[2024-12-26T06:19:50.075Z] Error reading register 6507 for IP 10.30.28.23: no connection to modbus server
[2024-12-26T06:19:50.075Z] Error reading actual data: no connection to modbus server
[2024-12-26T06:19:50.076Z] Error reading or processing Modbus registers: no connection to modbus server
[2024-12-26T06:19:50.076Z] Error writing to Modbus register: no connection to modbus server
[2024-12-26T06:19:51.075Z] Error reading register 6507 for IP 10.30.28.23: no connection to modbus server
[2024-12-26T06:19:51.075Z] Error reading actual data: no connection to modbus server
[2024-12-26T06:19:51.075Z] Error reading or processing Modbus registers: no connection to modbus server
[2024-12-26T06:19:51.076Z] Error writing to Modbus register: no connection to modbus server
[2024-12-26T06:19:52.076Z] Error reading register 6507 for IP 10.30.28.23: no connection to modbus server
[2024-12-26T06:19:52.077Z] Error reading actual data: no connection to modbus server
[2024-12-26T06:19:52.077Z] Error reading or processing Modbus registers: no connection to modbus server
[2024-12-26T06:19:52.077Z] Error writing to Modbus register: no connection to modbus server
[2024-12-26T06:19:53.080Z] Error reading register 6507 for IP 10.30.28.23: no connection to modbus server
[2024-12-26T06:19:53.081Z] Error writing to Modbus register: no connection to modbus server
[2024-12-26T06:19:53.081Z] Error reading actual data: no connection to modbus server
[2024-12-26T06:19:53.081Z] Error reading or processing Modbus registers: no connection to modbus server
[2024-12-26T06:19:54.082Z] Error reading register 6507 for IP 10.30.28.23: no connection to modbus server
[2024-12-26T06:19:54.082Z] Error reading actual data: no connection to modbus server
[2024-12-26T06:19:54.083Z] Error reading or processing Modbus registers: no connection to modbus server
[2024-12-26T06:19:54.083Z] Error writing to Modbus register: no connection to modbus server
[2024-12-26T06:19:55.087Z] Error reading register 6507 for IP 10.30.28.23: no connection to modbus server
[2024-12-26T06:19:55.087Z] Error reading actual data: no connection to modbus server
[2024-12-26T06:19:55.087Z] Error reading or processing Modbus registers: no connection to modbus server
[2024-12-26T06:19:55.088Z] Error writing to Modbus register: no connection to modbus server
[2024-12-26T06:19:56.090Z] Error reading register 6507 for IP 10.30.28.23: no connection to modbus server
[2024-12-26T06:19:56.090Z] Error reading actual data: no connection to modbus server
[2024-12-26T06:19:56.090Z] Error reading or processing Modbus registers: no connection to modbus server
[2024-12-26T06:19:56.091Z] Error writing to Modbus register: no connection to modbus server
[2024-12-26T06:19:57.105Z] Error reading register 6507 for IP 10.30.28.23: no connection to modbus server
[2024-12-26T06:19:57.105Z] Error reading actual data: no connection to modbus server
[2024-12-26T06:19:57.105Z] Error reading or processing Modbus registers: no connection to modbus server
[2024-12-26T06:19:57.105Z] Error writing to Modbus register: no connection to modbus server
[2024-12-26T06:19:58.109Z] Error reading register 6507 for IP 10.30.28.23: no connection to modbus server
[2024-12-26T06:19:58.109Z] Error reading actual data: no connection to modbus server
[2024-12-26T06:19:58.109Z] Error reading or processing Modbus registers: no connection to modbus server
[2024-12-26T06:19:58.110Z] Error writing to Modbus register: no connection to modbus server
[2024-12-26T06:19:59.110Z] Error reading register 6507 for IP 10.30.28.23: no connection to modbus server
[2024-12-26T06:19:59.110Z] Error reading actual data: no connection to modbus server
[2024-12-26T06:19:59.110Z] Error reading or processing Modbus registers: no connection to modbus server
[2024-12-26T06:19:59.110Z] Error writing to Modbus register: no connection to modbus server
[2024-12-26T06:20:00.114Z] Error reading register 6507 for IP 10.30.28.23: no connection to modbus server
[2024-12-26T06:20:00.114Z] Error reading actual data: no connection to modbus server
[2024-12-26T06:20:00.114Z] Error reading or processing Modbus registers: no connection to modbus server
[2024-12-26T06:20:00.114Z] Error writing to Modbus register: no connection to modbus server
[2024-12-26T06:20:01.119Z] Error reading register 6507 for IP 10.30.28.23: no connection to modbus server
[2024-12-26T06:20:01.119Z] Error reading actual data: no connection to modbus server
[2024-12-26T06:20:01.120Z] Error writing to Modbus register: no connection to modbus server
[2024-12-26T06:20:01.119Z] Error reading or processing Modbus registers: no connection to modbus server
[2024-12-26T06:20:02.134Z] Error reading register 6507 for IP 10.30.28.23: no connection to modbus server
[2024-12-26T06:20:02.134Z] Error reading actual data: no connection to modbus server
[2024-12-26T06:20:02.135Z] Error reading or processing Modbus registers: no connection to modbus server
[2024-12-26T06:20:02.135Z] Error writing to Modbus register: no connection to modbus server
[2024-12-26T06:20:03.137Z] Error reading register 6507 for IP 10.30.28.23: no connection to modbus server
[2024-12-26T06:20:03.137Z] Error reading actual data: no connection to modbus server
[2024-12-26T06:20:03.137Z] Error reading or processing Modbus registers: no connection to modbus server
[2024-12-26T06:20:03.138Z] Error writing to Modbus register: no connection to modbus server
[2024-12-26T06:20:04.151Z] Error reading register 6507 for IP 10.30.28.23: no connection to modbus server
[2024-12-26T06:20:04.151Z] Error reading actual data: no connection to modbus server
[2024-12-26T06:20:04.151Z] Error reading or processing Modbus registers: no connection to modbus server
[2024-12-26T06:20:04.152Z] Error writing to Modbus register: no connection to modbus server
[2024-12-26T06:20:05.152Z] Error reading register 6507 for IP 10.30.28.23: no connection to modbus server
[2024-12-26T06:20:05.152Z] Error reading actual data: no connection to modbus server
[2024-12-26T06:20:05.152Z] Error writing to Modbus register: no connection to modbus server
[2024-12-26T06:20:05.152Z] Error reading or processing Modbus registers: no connection to modbus server
[2024-12-26T06:20:06.164Z] Error reading register 6507 for IP 10.30.28.23: no connection to modbus server
[2024-12-26T06:20:06.165Z] Error reading actual data: no connection to modbus server
[2024-12-26T06:20:06.165Z] Error reading or processing Modbus registers: no connection to modbus server
[2024-12-26T06:20:06.165Z] Error writing to Modbus register: no connection to modbus server
[2024-12-26T06:20:07.164Z] Error reading register 6507 for IP 10.30.28.23: no connection to modbus server
[2024-12-26T06:20:07.164Z] Error reading actual data: no connection to modbus server
[2024-12-26T06:20:07.165Z] Error reading or processing Modbus registers: no connection to modbus server
[2024-12-26T06:20:07.165Z] Error writing to Modbus register: no connection to modbus server
[2024-12-26T06:20:08.178Z] Error reading register 6507 for IP 10.30.28.23: no connection to modbus server
[2024-12-26T06:20:08.178Z] Error reading actual data: no connection to modbus server
[2024-12-26T06:20:08.178Z] Error reading or processing Modbus registers: no connection to modbus server
[2024-12-26T06:20:08.179Z] Error writing to Modbus register: no connection to modbus server
[2024-12-26T06:20:09.181Z] Error reading register 6507 for IP 10.30.28.23: no connection to modbus server
[2024-12-26T06:20:09.181Z] Error reading actual data: no connection to modbus server
[2024-12-26T06:20:09.182Z] Error reading or processing Modbus registers: no connection to modbus server
[2024-12-26T06:20:09.182Z] Error writing to Modbus register: no connection to modbus server
[2024-12-26T06:20:10.186Z] Error reading register 6507 for IP 10.30.28.23: no connection to modbus server
[2024-12-26T06:20:10.186Z] Error reading actual data: no connection to modbus server
[2024-12-26T06:20:10.186Z] Error reading or processing Modbus registers: no connection to modbus server
[2024-12-26T06:20:10.187Z] Error writing to Modbus register: no connection to modbus server
[2024-12-26T06:20:11.188Z] Error reading register 6507 for IP 10.30.28.23: no connection to modbus server
[2024-12-26T06:20:11.188Z] Error reading actual data: no connection to modbus server
[2024-12-26T06:20:11.188Z] Error reading or processing Modbus registers: no connection to modbus server
[2024-12-26T06:20:11.189Z] Error writing to Modbus register: no connection to modbus server
[2024-12-26T06:20:12.193Z] Error reading register 6507 for IP 10.30.28.23: no connection to modbus server
[2024-12-26T06:20:12.193Z] Error reading actual data: no connection to modbus server
[2024-12-26T06:20:12.193Z] Error reading or processing Modbus registers: no connection to modbus server
[2024-12-26T06:20:12.194Z] Error writing to Modbus register: no connection to modbus server
[2024-12-26T06:20:13.198Z] Error reading register 6507 for IP 10.30.28.23: no connection to modbus server
[2024-12-26T06:20:13.198Z] Error reading actual data: no connection to modbus server
[2024-12-26T06:20:13.199Z] Error reading or processing Modbus registers: no connection to modbus server
[2024-12-26T06:20:13.199Z] Error writing to Modbus register: no connection to modbus server
[2024-12-26T06:20:14.200Z] Error reading register 6507 for IP 10.30.28.23: no connection to modbus server
[2024-12-26T06:20:14.201Z] Error reading actual data: no connection to modbus server
[2024-12-26T06:20:14.201Z] Error reading or processing Modbus registers: no connection to modbus server
[2024-12-26T06:20:14.201Z] Error writing to Modbus register: no connection to modbus server
[2024-12-26T06:20:15.206Z] Error reading register 6507 for IP 10.30.28.23: no connection to modbus server
[2024-12-26T06:20:15.206Z] Error reading actual data: no connection to modbus server
[2024-12-26T06:20:15.207Z] Error reading or processing Modbus registers: no connection to modbus server
[2024-12-26T06:20:15.207Z] Error writing to Modbus register: no connection to modbus server
[2024-12-26T06:20:16.210Z] Error reading register 6507 for IP 10.30.28.23: no connection to modbus server
[2024-12-26T06:20:16.210Z] Error reading actual data: no connection to modbus server
[2024-12-26T06:20:16.210Z] Error reading or processing Modbus registers: no connection to modbus server
[2024-12-26T06:20:16.211Z] Error writing to Modbus register: no connection to modbus server
[2024-12-26T06:20:17.225Z] Error reading register 6507 for IP 10.30.28.23: no connection to modbus server
[2024-12-26T06:20:17.225Z] Error reading actual data: no connection to modbus server
[2024-12-26T06:20:17.226Z] Error reading or processing Modbus registers: no connection to modbus server
[2024-12-26T06:20:17.226Z] Error writing to Modbus register: no connection to modbus server
[2024-12-26T06:20:18.230Z] Error reading register 6507 for IP 10.30.28.23: no connection to modbus server
[2024-12-26T06:20:18.230Z] Error reading actual data: no connection to modbus server
[2024-12-26T06:20:18.230Z] Error reading or processing Modbus registers: no connection to modbus server
[2024-12-26T06:20:18.231Z] Error writing to Modbus register: no connection to modbus server
[2024-12-26T06:20:19.231Z] Error reading actual data: no connection to modbus server
[2024-12-26T06:20:19.231Z] Error reading register 6507 for IP 10.30.28.23: no connection to modbus server
[2024-12-26T06:20:19.231Z] Error reading or processing Modbus registers: no connection to modbus server
[2024-12-26T06:20:19.231Z] Error writing to Modbus register: no connection to modbus server
[2024-12-26T06:20:20.233Z] Error reading register 6507 for IP 10.30.28.23: no connection to modbus server
[2024-12-26T06:20:20.233Z] Error reading actual data: no connection to modbus server
[2024-12-26T06:20:20.233Z] Error reading or processing Modbus registers: no connection to modbus server
[2024-12-26T06:20:20.234Z] Error writing to Modbus register: no connection to modbus server
[2024-12-26T06:20:21.239Z] Error reading register 6507 for IP 10.30.28.23: no connection to modbus server
[2024-12-26T06:20:21.239Z] Error reading actual data: no connection to modbus server
[2024-12-26T06:20:21.239Z] Error reading or processing Modbus registers: no connection to modbus server
[2024-12-26T06:20:21.240Z] Error writing to Modbus register: no connection to modbus server
[2024-12-26T06:20:22.254Z] Error reading register 6507 for IP 10.30.28.23: no connection to modbus server
[2024-12-26T06:20:22.255Z] Error reading or processing Modbus registers: no connection to modbus server
[2024-12-26T06:20:22.254Z] Error reading actual data: no connection to modbus server
[2024-12-26T06:20:22.255Z] Error writing to Modbus register: no connection to modbus server
[2024-12-26T06:20:23.257Z] Error reading register 6507 for IP 10.30.28.23: no connection to modbus server
[2024-12-26T06:20:23.257Z] Error reading actual data: no connection to modbus server
[2024-12-26T06:20:23.257Z] Error reading or processing Modbus registers: no connection to modbus server
[2024-12-26T06:20:23.257Z] Error writing to Modbus register: no connection to modbus server
[2024-12-26T06:20:24.257Z] Error reading register 6507 for IP 10.30.28.23: no connection to modbus server
[2024-12-26T06:20:24.257Z] Error reading actual data: no connection to modbus server
[2024-12-26T06:20:24.257Z] Error reading or processing Modbus registers: no connection to modbus server
[2024-12-26T06:20:24.258Z] Error writing to Modbus register: no connection to modbus server
[2024-12-26T06:20:25.260Z] Error reading register 6507 for IP 10.30.28.23: no connection to modbus server
[2024-12-26T06:20:25.260Z] Error reading actual data: no connection to modbus server
[2024-12-26T06:20:25.260Z] Error reading or processing Modbus registers: no connection to modbus server
[2024-12-26T06:20:25.261Z] Error writing to Modbus register: no connection to modbus server
[2024-12-26T06:20:26.263Z] Error reading register 6507 for IP 10.30.28.23: no connection to modbus server
[2024-12-26T06:20:26.264Z] Error reading actual data: no connection to modbus server
[2024-12-26T06:20:26.264Z] Error reading or processing Modbus registers: no connection to modbus server
[2024-12-26T06:20:26.264Z] Error writing to Modbus register: no connection to modbus server
[2024-12-26T06:20:27.265Z] Error reading register 6507 for IP 10.30.28.23: no connection to modbus server
[2024-12-26T06:20:27.265Z] Error reading actual data: no connection to modbus server
[2024-12-26T06:20:27.265Z] Error reading or processing Modbus registers: no connection to modbus server
[2024-12-26T06:20:27.266Z] Error writing to Modbus register: no connection to modbus server
[2024-12-26T06:20:28.270Z] Error reading register 6507 for IP 10.30.28.23: no connection to modbus server
[2024-12-26T06:20:28.270Z] Error reading actual data: no connection to modbus server
[2024-12-26T06:20:28.270Z] Error reading or processing Modbus registers: no connection to modbus server
[2024-12-26T06:20:28.271Z] Error writing to Modbus register: no connection to modbus server
[2024-12-26T06:20:29.275Z] Error reading register 6507 for IP 10.30.28.23: no connection to modbus server
[2024-12-26T06:20:29.276Z] Error reading actual data: no connection to modbus server
[2024-12-26T06:20:29.276Z] Error reading or processing Modbus registers: no connection to modbus server
[2024-12-26T06:20:29.276Z] Error writing to Modbus register: no connection to modbus server
[2024-12-26T06:20:30.277Z] Error reading register 6507 for IP 10.30.28.23: no connection to modbus server
[2024-12-26T06:20:30.278Z] Error reading actual data: no connection to modbus server
[2024-12-26T06:20:30.278Z] Error reading or processing Modbus registers: no connection to modbus server
[2024-12-26T06:20:30.278Z] Error writing to Modbus register: no connection to modbus server
[2024-12-26T06:20:31.283Z] Error reading register 6507 for IP 10.30.28.23: no connection to modbus server
[2024-12-26T06:20:31.283Z] Error reading actual data: no connection to modbus server
[2024-12-26T06:20:31.283Z] Error reading or processing Modbus registers: no connection to modbus server
[2024-12-26T06:20:31.283Z] Error writing to Modbus register: no connection to modbus server
[2024-12-26T06:20:32.288Z] Error reading register 6507 for IP 10.30.28.23: no connection to modbus server
[2024-12-26T06:20:32.288Z] Error reading actual data: no connection to modbus server
[2024-12-26T06:20:32.288Z] Error reading or processing Modbus registers: no connection to modbus server
[2024-12-26T06:20:32.289Z] Error writing to Modbus register: no connection to modbus server
[2024-12-26T06:20:33.291Z] Error reading register 6507 for IP 10.30.28.23: no connection to modbus server
[2024-12-26T06:20:33.292Z] Error reading actual data: no connection to modbus server
[2024-12-26T06:20:33.292Z] Error reading or processing Modbus registers: no connection to modbus server
[2024-12-26T06:20:33.292Z] Error writing to Modbus register: no connection to modbus server
[2024-12-26T06:20:34.292Z] Error reading register 6507 for IP 10.30.28.23: no connection to modbus server
[2024-12-26T06:20:34.292Z] Error reading actual data: no connection to modbus server
[2024-12-26T06:20:34.292Z] Error reading or processing Modbus registers: no connection to modbus server
[2024-12-26T06:20:34.293Z] Error writing to Modbus register: no connection to modbus server
[2024-12-26T06:20:35.293Z] Error reading register 6507 for IP 10.30.28.23: no connection to modbus server
[2024-12-26T06:20:35.293Z] Error reading actual data: no connection to modbus server
[2024-12-26T06:20:35.293Z] Error reading or processing Modbus registers: no connection to modbus server
[2024-12-26T06:20:35.294Z] Error writing to Modbus register: no connection to modbus server
[2024-12-26T06:20:36.295Z] Error reading register 6507 for IP 10.30.28.23: no connection to modbus server
[2024-12-26T06:20:36.296Z] Error reading actual data: no connection to modbus server
[2024-12-26T06:20:36.296Z] Error reading or processing Modbus registers: no connection to modbus server
[2024-12-26T06:20:36.296Z] Error writing to Modbus register: no connection to modbus server
[2024-12-26T06:20:37.297Z] Error reading register 6507 for IP 10.30.28.23: no connection to modbus server
[2024-12-26T06:20:37.297Z] Error reading actual data: no connection to modbus server
[2024-12-26T06:20:37.298Z] Error reading or processing Modbus registers: no connection to modbus server
[2024-12-26T06:20:37.298Z] Error writing to Modbus register: no connection to modbus server
[2024-12-26T06:20:38.298Z] Error reading register 6507 for IP 10.30.28.23: no connection to modbus server
[2024-12-26T06:20:38.298Z] Error reading actual data: no connection to modbus server
[2024-12-26T06:20:38.299Z] Error reading or processing Modbus registers: no connection to modbus server
[2024-12-26T06:20:38.299Z] Error writing to Modbus register: no connection to modbus server
[2024-12-26T06:20:39.303Z] Error reading register 6507 for IP 10.30.28.23: no connection to modbus server
[2024-12-26T06:20:39.303Z] Error reading actual data: no connection to modbus server
[2024-12-26T06:20:39.303Z] Error reading or processing Modbus registers: no connection to modbus server
[2024-12-26T06:20:39.304Z] Error writing to Modbus register: no connection to modbus server
[2024-12-26T06:20:40.304Z] Error reading register 6507 for IP 10.30.28.23: no connection to modbus server
[2024-12-26T06:20:40.304Z] Error reading actual data: no connection to modbus server
[2024-12-26T06:20:40.305Z] Error reading or processing Modbus registers: no connection to modbus server
[2024-12-26T06:20:40.305Z] Error writing to Modbus register: no connection to modbus server
[2024-12-26T06:20:41.318Z] Error reading register 6507 for IP 10.30.28.23: no connection to modbus server
[2024-12-26T06:20:41.318Z] Error reading actual data: no connection to modbus server
[2024-12-26T06:20:41.318Z] Error reading or processing Modbus registers: no connection to modbus server
[2024-12-26T06:20:41.319Z] Error writing to Modbus register: no connection to modbus server
[2024-12-26T06:20:42.318Z] Error reading register 6507 for IP 10.30.28.23: no connection to modbus server
[2024-12-26T06:20:42.318Z] Error reading actual data: no connection to modbus server
[2024-12-26T06:20:42.318Z] Error reading or processing Modbus registers: no connection to modbus server
[2024-12-26T06:20:42.319Z] Error writing to Modbus register: no connection to modbus server
[2024-12-26T06:20:43.319Z] Error reading register 6507 for IP 10.30.28.23: no connection to modbus server
[2024-12-26T06:20:43.319Z] Error reading actual data: no connection to modbus server
[2024-12-26T06:20:43.319Z] Error reading or processing Modbus registers: no connection to modbus server
[2024-12-26T06:20:43.319Z] Error writing to Modbus register: no connection to modbus server
[2024-12-26T06:20:44.323Z] Error reading register 6507 for IP 10.30.28.23: no connection to modbus server
[2024-12-26T06:20:44.323Z] Error reading actual data: no connection to modbus server
[2024-12-26T06:20:44.323Z] Error reading or processing Modbus registers: no connection to modbus server
[2024-12-26T06:20:44.324Z] Error writing to Modbus register: no connection to modbus server
[2024-12-26T06:20:45.326Z] Error reading register 6507 for IP 10.30.28.23: no connection to modbus server
[2024-12-26T06:20:45.326Z] Error reading actual data: no connection to modbus server
[2024-12-26T06:20:45.327Z] Error reading or processing Modbus registers: no connection to modbus server
[2024-12-26T06:20:45.327Z] Error writing to Modbus register: no connection to modbus server
[2024-12-26T06:20:46.328Z] Error reading register 6507 for IP 10.30.28.23: no connection to modbus server
[2024-12-26T06:20:46.328Z] Error reading actual data: no connection to modbus server
[2024-12-26T06:20:46.328Z] Error reading or processing Modbus registers: no connection to modbus server
[2024-12-26T06:20:46.328Z] Error writing to Modbus register: no connection to modbus server
[2024-12-26T06:20:47.342Z] Error reading register 6507 for IP 10.30.28.23: no connection to modbus server
[2024-12-26T06:20:47.342Z] Error reading actual data: no connection to modbus server
[2024-12-26T06:20:47.342Z] Error reading or processing Modbus registers: no connection to modbus server
[2024-12-26T06:20:47.343Z] Error writing to Modbus register: no connection to modbus server
[2024-12-26T06:20:48.345Z] Error reading register 6507 for IP 10.30.28.23: no connection to modbus server
[2024-12-26T06:20:48.345Z] Error reading actual data: no connection to modbus server
[2024-12-26T06:20:48.346Z] Error reading or processing Modbus registers: no connection to modbus server
[2024-12-26T06:20:48.346Z] Error writing to Modbus register: no connection to modbus server
[2024-12-26T06:20:49.360Z] Error reading register 6507 for IP 10.30.28.23: no connection to modbus server
[2024-12-26T06:20:49.360Z] Error reading actual data: no connection to modbus server
[2024-12-26T06:20:49.360Z] Error reading or processing Modbus registers: no connection to modbus server
[2024-12-26T06:20:49.361Z] Error writing to Modbus register: no connection to modbus server
[2024-12-26T06:20:50.363Z] Error reading actual data: no connection to modbus server
[2024-12-26T06:20:50.363Z] Error reading register 6507 for IP 10.30.28.23: no connection to modbus server
[2024-12-26T06:20:50.363Z] Error reading or processing Modbus registers: no connection to modbus server
[2024-12-26T06:20:50.364Z] Error writing to Modbus register: no connection to modbus server
[2024-12-26T06:20:51.373Z] Error reading register 6507 for IP 10.30.28.23: no connection to modbus server
[2024-12-26T06:20:51.373Z] Error reading actual data: no connection to modbus server
[2024-12-26T06:20:51.373Z] Error reading or processing Modbus registers: no connection to modbus server
[2024-12-26T06:20:51.373Z] Error writing to Modbus register: no connection to modbus server
[2024-12-26T06:20:52.374Z] Error reading register 6507 for IP 10.30.28.23: no connection to modbus server
[2024-12-26T06:20:52.374Z] Error reading actual data: no connection to modbus server
[2024-12-26T06:20:52.374Z] Error reading or processing Modbus registers: no connection to modbus server
[2024-12-26T06:20:52.375Z] Error writing to Modbus register: no connection to modbus server
[2024-12-26T06:20:53.389Z] Error reading register 6507 for IP 10.30.28.23: no connection to modbus server
[2024-12-26T06:20:53.389Z] Error reading actual data: no connection to modbus server
[2024-12-26T06:20:53.389Z] Error reading or processing Modbus registers: no connection to modbus server
[2024-12-26T06:20:53.390Z] Error writing to Modbus register: no connection to modbus server
[2024-12-26T06:20:54.392Z] Error reading register 6507 for IP 10.30.28.23: no connection to modbus server
[2024-12-26T06:20:54.392Z] Error reading actual data: no connection to modbus server
[2024-12-26T06:20:54.392Z] Error reading or processing Modbus registers: no connection to modbus server
[2024-12-26T06:20:54.393Z] Error writing to Modbus register: no connection to modbus server
[2024-12-26T06:20:55.394Z] Error reading register 6507 for IP 10.30.28.23: no connection to modbus server
[2024-12-26T06:20:55.395Z] Error reading actual data: no connection to modbus server
[2024-12-26T06:20:55.395Z] Error reading or processing Modbus registers: no connection to modbus server
[2024-12-26T06:20:55.395Z] Error writing to Modbus register: no connection to modbus server
[2024-12-26T06:20:56.399Z] Error reading register 6507 for IP 10.30.28.23: no connection to modbus server
[2024-12-26T06:20:56.399Z] Error reading actual data: no connection to modbus server
[2024-12-26T06:20:56.399Z] Error reading or processing Modbus registers: no connection to modbus server
[2024-12-26T06:20:56.399Z] Error writing to Modbus register: no connection to modbus server
[2024-12-26T06:20:57.401Z] Error reading register 6507 for IP 10.30.28.23: no connection to modbus server
[2024-12-26T06:20:57.402Z] Error reading actual data: no connection to modbus server
[2024-12-26T06:20:57.402Z] Error reading or processing Modbus registers: no connection to modbus server
[2024-12-26T06:20:57.402Z] Error writing to Modbus register: no connection to modbus server
[2024-12-26T06:20:58.406Z] Error reading register 6507 for IP 10.30.28.23: no connection to modbus server
[2024-12-26T06:20:58.406Z] Error reading actual data: no connection to modbus server
[2024-12-26T06:20:58.406Z] Error reading or processing Modbus registers: no connection to modbus server
[2024-12-26T06:20:58.407Z] Error writing to Modbus register: no connection to modbus server
[2024-12-26T06:20:59.407Z] Error reading register 6507 for IP 10.30.28.23: no connection to modbus server
[2024-12-26T06:20:59.408Z] Error reading actual data: no connection to modbus server
[2024-12-26T06:20:59.408Z] Error reading or processing Modbus registers: no connection to modbus server
[2024-12-26T06:20:59.408Z] Error writing to Modbus register: no connection to modbus server
[2024-12-26T06:21:00.409Z] Error reading register 6507 for IP 10.30.28.23: no connection to modbus server
[2024-12-26T06:21:00.409Z] Error reading actual data: no connection to modbus server
[2024-12-26T06:21:00.409Z] Error reading or processing Modbus registers: no connection to modbus server
[2024-12-26T06:21:00.409Z] Error writing to Modbus register: no connection to modbus server
[2024-12-26T06:21:01.418Z] Error reading register 6507 for IP 10.30.28.23: no connection to modbus server
[2024-12-26T06:21:01.418Z] Error reading actual data: no connection to modbus server
[2024-12-26T06:21:01.418Z] Error reading or processing Modbus registers: no connection to modbus server
[2024-12-26T06:21:01.420Z] Error writing to Modbus register: no connection to modbus server
[2024-12-26T06:21:02.419Z] Error reading register 6507 for IP 10.30.28.23: no connection to modbus server
[2024-12-26T06:21:02.419Z] Error reading actual data: no connection to modbus server
[2024-12-26T06:21:02.419Z] Error reading or processing Modbus registers: no connection to modbus server
[2024-12-26T06:21:02.419Z] Error writing to Modbus register: no connection to modbus server
[2024-12-26T06:21:03.423Z] Error reading register 6507 for IP 10.30.28.23: no connection to modbus server
[2024-12-26T06:21:03.423Z] Error reading actual data: no connection to modbus server
[2024-12-26T06:21:03.423Z] Error reading or processing Modbus registers: no connection to modbus server
[2024-12-26T06:21:03.424Z] Error writing to Modbus register: no connection to modbus server
[2024-12-26T06:21:04.430Z] Error reading register 6507 for IP 10.30.28.23: no connection to modbus server
[2024-12-26T06:21:04.430Z] Error reading actual data: no connection to modbus server
[2024-12-26T06:21:04.430Z] Error reading or processing Modbus registers: no connection to modbus server
[2024-12-26T06:21:04.431Z] Error writing to Modbus register: no connection to modbus server
[2024-12-26T06:21:05.433Z] Error reading register 6507 for IP 10.30.28.23: no connection to modbus server
[2024-12-26T06:21:05.433Z] Error reading actual data: no connection to modbus server
[2024-12-26T06:21:05.433Z] Error reading or processing Modbus registers: no connection to modbus server
[2024-12-26T06:21:05.434Z] Error writing to Modbus register: no connection to modbus server
[2024-12-26T06:21:06.433Z] Error reading register 6507 for IP 10.30.28.23: no connection to modbus server
[2024-12-26T06:21:06.433Z] Error reading actual data: no connection to modbus server
[2024-12-26T06:21:06.434Z] Error reading or processing Modbus registers: no connection to modbus server
[2024-12-26T06:21:06.434Z] Error writing to Modbus register: no connection to modbus server
[2024-12-26T06:21:07.437Z] Error reading register 6507 for IP 10.30.28.23: no connection to modbus server
[2024-12-26T06:21:07.438Z] Error reading actual data: no connection to modbus server
[2024-12-26T06:21:07.438Z] Error reading or processing Modbus registers: no connection to modbus server
[2024-12-26T06:21:07.438Z] Error writing to Modbus register: no connection to modbus server
[2024-12-26T06:21:08.443Z] Error reading register 6507 for IP 10.30.28.23: no connection to modbus server
[2024-12-26T06:21:08.443Z] Error reading actual data: no connection to modbus server
[2024-12-26T06:21:08.444Z] Error reading or processing Modbus registers: no connection to modbus server
[2024-12-26T06:21:08.444Z] Error writing to Modbus register: no connection to modbus server
[2024-12-26T06:21:09.444Z] Error reading register 6507 for IP 10.30.28.23: no connection to modbus server
[2024-12-26T06:21:09.444Z] Error reading actual data: no connection to modbus server
[2024-12-26T06:21:09.444Z] Error reading or processing Modbus registers: no connection to modbus server
[2024-12-26T06:21:09.445Z] Error writing to Modbus register: no connection to modbus server
[2024-12-26T06:21:10.449Z] Error reading register 6507 for IP 10.30.28.23: no connection to modbus server
[2024-12-26T06:21:10.449Z] Error reading actual data: no connection to modbus server
[2024-12-26T06:21:10.449Z] Error reading or processing Modbus registers: no connection to modbus server
[2024-12-26T06:21:10.450Z] Error writing to Modbus register: no connection to modbus server
[2024-12-26T06:21:11.450Z] Error reading register 6507 for IP 10.30.28.23: no connection to modbus server
[2024-12-26T06:21:11.450Z] Error reading actual data: no connection to modbus server
[2024-12-26T06:21:11.450Z] Error reading or processing Modbus registers: no connection to modbus server
[2024-12-26T06:21:11.451Z] Error writing to Modbus register: no connection to modbus server
[2024-12-26T06:21:12.454Z] Error reading register 6507 for IP 10.30.28.23: no connection to modbus server
[2024-12-26T06:21:12.454Z] Error reading actual data: no connection to modbus server
[2024-12-26T06:21:12.454Z] Error reading or processing Modbus registers: no connection to modbus server
[2024-12-26T06:21:12.455Z] Error writing to Modbus register: no connection to modbus server
[2024-12-26T06:21:13.457Z] Error reading register 6507 for IP 10.30.28.23: no connection to modbus server
[2024-12-26T06:21:13.457Z] Error reading actual data: no connection to modbus server
[2024-12-26T06:21:13.457Z] Error reading or processing Modbus registers: no connection to modbus server
[2024-12-26T06:21:13.458Z] Error writing to Modbus register: no connection to modbus server
[2024-12-26T06:21:14.469Z] Error reading register 6507 for IP 10.30.28.23: no connection to modbus server
[2024-12-26T06:21:14.469Z] Error reading actual data: no connection to modbus server
[2024-12-26T06:21:14.470Z] Error reading or processing Modbus registers: no connection to modbus server
[2024-12-26T06:21:14.470Z] Error writing to Modbus register: no connection to modbus server
[2024-12-26T06:21:15.474Z] Error reading register 6507 for IP 10.30.28.23: no connection to modbus server
[2024-12-26T06:21:15.474Z] Error reading actual data: no connection to modbus server
[2024-12-26T06:21:15.474Z] Error reading or processing Modbus registers: no connection to modbus server
[2024-12-26T06:21:15.474Z] Error writing to Modbus register: no connection to modbus server
[2024-12-26T06:21:16.486Z] Error reading register 6507 for IP 10.30.28.23: no connection to modbus server
[2024-12-26T06:21:16.486Z] Error reading actual data: no connection to modbus server
[2024-12-26T06:21:16.486Z] Error reading or processing Modbus registers: no connection to modbus server
[2024-12-26T06:21:16.487Z] Error writing to Modbus register: no connection to modbus server
[2024-12-26T06:21:17.488Z] Error reading register 6507 for IP 10.30.28.23: no connection to modbus server
[2024-12-26T06:21:17.489Z] Error reading actual data: no connection to modbus server
[2024-12-26T06:21:17.489Z] Error reading or processing Modbus registers: no connection to modbus server
[2024-12-26T06:21:17.489Z] Error writing to Modbus register: no connection to modbus server
[2024-12-26T06:21:18.492Z] Error reading register 6507 for IP 10.30.28.23: no connection to modbus server
[2024-12-26T06:21:18.492Z] Error reading actual data: no connection to modbus server
[2024-12-26T06:21:18.493Z] Error reading or processing Modbus registers: no connection to modbus server
[2024-12-26T06:21:18.493Z] Error writing to Modbus register: no connection to modbus server
[2024-12-26T06:21:19.494Z] Error reading register 6507 for IP 10.30.28.23: no connection to modbus server
[2024-12-26T06:21:19.494Z] Error reading actual data: no connection to modbus server
[2024-12-26T06:21:19.494Z] Error reading or processing Modbus registers: no connection to modbus server
[2024-12-26T06:21:19.495Z] Error writing to Modbus register: no connection to modbus server
[2024-12-26T06:21:20.501Z] Error reading register 6507 for IP 10.30.28.23: no connection to modbus server
[2024-12-26T06:21:20.501Z] Error reading actual data: no connection to modbus server
[2024-12-26T06:21:20.502Z] Error reading or processing Modbus registers: no connection to modbus server
[2024-12-26T06:21:20.502Z] Error writing to Modbus register: no connection to modbus server
[2024-12-28T03:29:13.723Z] Device at 10.30.28.23 is not reachable. Skipping connection attempt.
[2024-12-28T03:29:23.684Z] Device at 10.30.28.23 is not reachable. Skipping connection attempt.
[2024-12-28T03:29:33.723Z] Device at 10.30.28.23 is not reachable. Skipping connection attempt.
[2024-12-28T03:29:43.706Z] Device at 10.30.28.23 is not reachable. Skipping connection attempt.
[2024-12-28T03:29:53.664Z] Device at 10.30.28.23 is not reachable. Skipping connection attempt.
[2024-12-28T03:30:03.699Z] Device at 10.30.28.23 is not reachable. Skipping connection attempt.
[2024-12-28T03:30:13.671Z] Device at 10.30.28.23 is not reachable. Skipping connection attempt.
[2024-12-28T03:30:23.702Z] Device at 10.30.28.23 is not reachable. Skipping connection attempt.
[2024-12-28T03:30:33.708Z] Device at 10.30.28.23 is not reachable. Skipping connection attempt.
[2024-12-28T03:30:43.729Z] Device at 10.30.28.23 is not reachable. Skipping connection attempt.
[2024-12-28T03:30:53.730Z] Device at 10.30.28.23 is not reachable. Skipping connection attempt.
[2024-12-28T03:31:03.738Z] Device at 10.30.28.23 is not reachable. Skipping connection attempt.
[2024-12-28T03:31:13.769Z] Device at 10.30.28.23 is not reachable. Skipping connection attempt.
[2024-12-28T03:31:23.749Z] Device at 10.30.28.23 is not reachable. Skipping connection attempt.
[2024-12-28T03:31:33.747Z] Device at 10.30.28.23 is not reachable. Skipping connection attempt.
[2024-12-28T03:31:43.750Z] Device at 10.30.28.23 is not reachable. Skipping connection attempt.
[2024-12-28T03:31:53.760Z] Device at 10.30.28.23 is not reachable. Skipping connection attempt.
[2024-12-28T03:32:03.778Z] Device at 10.30.28.23 is not reachable. Skipping connection attempt.
[2024-12-28T03:32:13.802Z] Device at 10.30.28.23 is not reachable. Skipping connection attempt.
[2024-12-28T03:32:23.776Z] Device at 10.30.28.23 is not reachable. Skipping connection attempt.
[2024-12-28T03:32:33.784Z] Device at 10.30.28.23 is not reachable. Skipping connection attempt.
[2024-12-28T03:32:43.802Z] Device at 10.30.28.23 is not reachable. Skipping connection attempt.
[2024-12-28T03:32:53.805Z] Device at 10.30.28.23 is not reachable. Skipping connection attempt.
[2024-12-28T03:33:03.822Z] Device at 10.30.28.23 is not reachable. Skipping connection attempt.
[2024-12-28T03:33:13.831Z] Device at 10.30.28.23 is not reachable. Skipping connection attempt.
[2024-12-28T03:33:23.857Z] Device at 10.30.28.23 is not reachable. Skipping connection attempt.
[2024-12-28T03:33:33.864Z] Device at 10.30.28.23 is not reachable. Skipping connection attempt.
[2024-12-28T03:33:43.861Z] Device at 10.30.28.23 is not reachable. Skipping connection attempt.
[2024-12-28T03:33:53.866Z] Device at 10.30.28.23 is not reachable. Skipping connection attempt.
[2024-12-28T03:34:03.874Z] Device at 10.30.28.23 is not reachable. Skipping connection attempt.
[2024-12-28T03:34:13.870Z] Device at 10.30.28.23 is not reachable. Skipping connection attempt.
[2024-12-28T03:34:23.891Z] Device at 10.30.28.23 is not reachable. Skipping connection attempt.
[2024-12-28T03:34:33.913Z] Device at 10.30.28.23 is not reachable. Skipping connection attempt.
[2024-12-28T03:34:43.910Z] Device at 10.30.28.23 is not reachable. Skipping connection attempt.
[2024-12-28T03:34:53.915Z] Device at 10.30.28.23 is not reachable. Skipping connection attempt.
[2024-12-28T03:35:03.920Z] Device at 10.30.28.23 is not reachable. Skipping connection attempt.
[2024-12-28T03:35:13.930Z] Device at 10.30.28.23 is not reachable. Skipping connection attempt.
[2024-12-28T03:35:23.937Z] Device at 10.30.28.23 is not reachable. Skipping connection attempt.
[2024-12-28T03:35:33.942Z] Device at 10.30.28.23 is not reachable. Skipping connection attempt.
[2024-12-28T03:35:43.953Z] Device at 10.30.28.23 is not reachable. Skipping connection attempt.
[2024-12-28T03:35:53.964Z] Device at 10.30.28.23 is not reachable. Skipping connection attempt.
[2024-12-28T03:36:03.978Z] Device at 10.30.28.23 is not reachable. Skipping connection attempt.
[2024-12-28T03:36:13.987Z] Device at 10.30.28.23 is not reachable. Skipping connection attempt.
[2024-12-28T03:36:23.983Z] Device at 10.30.28.23 is not reachable. Skipping connection attempt.
[2024-12-28T03:36:34.003Z] Device at 10.30.28.23 is not reachable. Skipping connection attempt.
[2024-12-28T03:36:44.006Z] Device at 10.30.28.23 is not reachable. Skipping connection attempt.
[2024-12-28T03:36:54.021Z] Device at 10.30.28.23 is not reachable. Skipping connection attempt.
[2024-12-28T03:37:04.039Z] Device at 10.30.28.23 is not reachable. Skipping connection attempt.
[2024-12-28T03:37:14.044Z] Device at 10.30.28.23 is not reachable. Skipping connection attempt.
[2024-12-28T03:37:24.042Z] Device at 10.30.28.23 is not reachable. Skipping connection attempt.
[2024-12-28T03:37:34.048Z] Device at 10.30.28.23 is not reachable. Skipping connection attempt.
[2024-12-28T03:37:44.083Z] Device at 10.30.28.23 is not reachable. Skipping connection attempt.
[2024-12-28T03:37:54.070Z] Device at 10.30.28.23 is not reachable. Skipping connection attempt.
[2024-12-28T03:38:04.085Z] Device at 10.30.28.23 is not reachable. Skipping connection attempt.
[2024-12-28T03:38:14.094Z] Device at 10.30.28.23 is not reachable. Skipping connection attempt.
[2024-12-28T03:38:24.097Z] Device at 10.30.28.23 is not reachable. Skipping connection attempt.
[2024-12-28T03:38:34.107Z] Device at 10.30.28.23 is not reachable. Skipping connection attempt.
[2024-12-28T03:38:44.125Z] Device at 10.30.28.23 is not reachable. Skipping connection attempt.
[2024-12-28T03:38:54.133Z] Device at 10.30.28.23 is not reachable. Skipping connection attempt.
[2024-12-28T03:39:05.919Z] Device at 10.30.28.23 is not reachable. Skipping connection attempt.
[2024-12-28T03:39:14.142Z] Device at 10.30.28.23 is not reachable. Skipping connection attempt.
[2024-12-28T03:39:24.148Z] Device at 10.30.28.23 is not reachable. Skipping connection attempt.
[2024-12-28T03:39:34.164Z] Device at 10.30.28.23 is not reachable. Skipping connection attempt.
[2024-12-28T03:39:44.171Z] Device at 10.30.28.23 is not reachable. Skipping connection attempt.
[2024-12-28T03:39:54.179Z] Device at 10.30.28.23 is not reachable. Skipping connection attempt.
[2024-12-28T03:40:04.208Z] Device at 10.30.28.23 is not reachable. Skipping connection attempt.
[2024-12-28T03:40:14.190Z] Device at 10.30.28.23 is not reachable. Skipping connection attempt.
[2024-12-28T03:40:24.207Z] Device at 10.30.28.23 is not reachable. Skipping connection attempt.
[2024-12-28T03:40:34.243Z] Device at 10.30.28.23 is not reachable. Skipping connection attempt.
[2024-12-28T03:40:44.228Z] Device at 10.30.28.23 is not reachable. Skipping connection attempt.
[2024-12-28T03:40:54.239Z] Device at 10.30.28.23 is not reachable. Skipping connection attempt.
[2024-12-28T03:41:04.241Z] Device at 10.30.28.23 is not reachable. Skipping connection attempt.
[2024-12-28T03:41:14.250Z] Device at 10.30.28.23 is not reachable. Skipping connection attempt.
[2024-12-28T03:41:24.283Z] Device at 10.30.28.23 is not reachable. Skipping connection attempt.
[2024-12-28T03:41:34.259Z] Device at 10.30.28.23 is not reachable. Skipping connection attempt.
[2024-12-28T03:41:44.277Z] Device at 10.30.28.23 is not reachable. Skipping connection attempt.
[2024-12-28T03:41:54.274Z] Device at 10.30.28.23 is not reachable. Skipping connection attempt.
[2024-12-28T03:42:04.281Z] Device at 10.30.28.23 is not reachable. Skipping connection attempt.
[2024-12-28T03:42:14.294Z] Device at 10.30.28.23 is not reachable. Skipping connection attempt.
[2024-12-28T03:42:24.274Z] Device at 10.30.28.23 is not reachable. Skipping connection attempt.
[2024-12-28T03:42:34.322Z] Device at 10.30.28.23 is not reachable. Skipping connection attempt.
[2024-12-28T03:42:44.324Z] Device at 10.30.28.23 is not reachable. Skipping connection attempt.
[2024-12-28T03:42:54.333Z] Device at 10.30.28.23 is not reachable. Skipping connection attempt.
[2024-12-28T03:43:04.310Z] Device at 10.30.28.23 is not reachable. Skipping connection attempt.
[2024-12-28T03:43:14.345Z] Device at 10.30.28.23 is not reachable. Skipping connection attempt.
[2024-12-28T03:43:24.364Z] Device at 10.30.28.23 is not reachable. Skipping connection attempt.
[2024-12-28T03:43:34.371Z] Device at 10.30.28.23 is not reachable. Skipping connection attempt.
[2024-12-28T03:43:44.368Z] Device at 10.30.28.23 is not reachable. Skipping connection attempt.
[2024-12-28T03:43:54.396Z] Device at 10.30.28.23 is not reachable. Skipping connection attempt.
[2024-12-28T03:44:04.399Z] Device at 10.30.28.23 is not reachable. Skipping connection attempt.
[2024-12-28T03:44:14.414Z] Device at 10.30.28.23 is not reachable. Skipping connection attempt.
[2024-12-28T03:44:24.433Z] Device at 10.30.28.23 is not reachable. Skipping connection attempt.
[2024-12-28T03:44:34.442Z] Device at 10.30.28.23 is not reachable. Skipping connection attempt.
[2024-12-28T03:44:44.468Z] Device at 10.30.28.23 is not reachable. Skipping connection attempt.
[2024-12-28T03:44:54.438Z] Device at 10.30.28.23 is not reachable. Skipping connection attempt.
[2024-12-28T03:45:04.458Z] Device at 10.30.28.23 is not reachable. Skipping connection attempt.
[2024-12-28T03:45:14.466Z] Device at 10.30.28.23 is not reachable. Skipping connection attempt.
[2024-12-28T03:45:24.463Z] Device at 10.30.28.23 is not reachable. Skipping connection attempt.
[2024-12-28T03:45:34.479Z] Device at 10.30.28.23 is not reachable. Skipping connection attempt.
[2024-12-28T03:45:44.499Z] Device at 10.30.28.23 is not reachable. Skipping connection attempt.
[2024-12-28T03:45:54.496Z] Device at 10.30.28.23 is not reachable. Skipping connection attempt.
[2024-12-28T03:46:04.508Z] Device at 10.30.28.23 is not reachable. Skipping connection attempt.
[2024-12-28T03:46:14.516Z] Device at 10.30.28.23 is not reachable. Skipping connection attempt.
[2024-12-28T03:46:24.521Z] Device at 10.30.28.23 is not reachable. Skipping connection attempt.
[2024-12-28T03:46:34.524Z] Device at 10.30.28.23 is not reachable. Skipping connection attempt.
[2024-12-28T03:46:44.530Z] Device at 10.30.28.23 is not reachable. Skipping connection attempt.
[2024-12-28T03:46:54.537Z] Device at 10.30.28.23 is not reachable. Skipping connection attempt.
[2024-12-28T03:47:04.545Z] Device at 10.30.28.23 is not reachable. Skipping connection attempt.
[2024-12-28T03:47:14.551Z] Device at 10.30.28.23 is not reachable. Skipping connection attempt.
[2024-12-28T03:47:24.557Z] Device at 10.30.28.23 is not reachable. Skipping connection attempt.
[2024-12-28T03:47:34.564Z] Device at 10.30.28.23 is not reachable. Skipping connection attempt.
[2024-12-28T03:47:44.540Z] Device at 10.30.28.23 is not reachable. Skipping connection attempt.
[2024-12-28T03:47:54.578Z] Device at 10.30.28.23 is not reachable. Skipping connection attempt.
[2024-12-28T03:48:04.583Z] Device at 10.30.28.23 is not reachable. Skipping connection attempt.
[2024-12-28T03:48:14.597Z] Device at 10.30.28.23 is not reachable. Skipping connection attempt.
[2024-12-28T03:48:24.596Z] Device at 10.30.28.23 is not reachable. Skipping connection attempt.
[2024-12-28T03:48:34.606Z] Device at 10.30.28.23 is not reachable. Skipping connection attempt.
[2024-12-28T03:48:44.621Z] Device at 10.30.28.23 is not reachable. Skipping connection attempt.
[2024-12-28T03:48:54.624Z] Device at 10.30.28.23 is not reachable. Skipping connection attempt.
[2024-12-28T03:49:04.642Z] Device at 10.30.28.23 is not reachable. Skipping connection attempt.
[2024-12-28T03:49:14.650Z] Device at 10.30.28.23 is not reachable. Skipping connection attempt.
[2024-12-28T03:49:24.656Z] Device at 10.30.28.23 is not reachable. Skipping connection attempt.
[2024-12-28T03:49:34.641Z] Device at 10.30.28.23 is not reachable. Skipping connection attempt.
[2024-12-28T03:49:44.689Z] Device at 10.30.28.23 is not reachable. Skipping connection attempt.
[2024-12-28T03:49:54.682Z] Device at 10.30.28.23 is not reachable. Skipping connection attempt.
[2024-12-28T03:50:04.674Z] Device at 10.30.28.23 is not reachable. Skipping connection attempt.
[2024-12-28T03:50:14.715Z] Device at 10.30.28.23 is not reachable. Skipping connection attempt.
[2024-12-28T03:50:24.722Z] Device at 10.30.28.23 is not reachable. Skipping connection attempt.
[2024-12-28T03:50:34.741Z] Device at 10.30.28.23 is not reachable. Skipping connection attempt.
[2024-12-28T03:50:44.748Z] Device at 10.30.28.23 is not reachable. Skipping connection attempt.
[2024-12-28T03:50:54.763Z] Device at 10.30.28.23 is not reachable. Skipping connection attempt.
[2024-12-28T03:51:04.769Z] Device at 10.30.28.23 is not reachable. Skipping connection attempt.
[2024-12-28T03:51:14.786Z] Device at 10.30.28.23 is not reachable. Skipping connection attempt.
[2024-12-28T03:51:24.792Z] Device at 10.30.28.23 is not reachable. Skipping connection attempt.
[2024-12-28T03:51:34.806Z] Device at 10.30.28.23 is not reachable. Skipping connection attempt.
[2024-12-28T03:51:44.814Z] Device at 10.30.28.23 is not reachable. Skipping connection attempt.
[2024-12-28T03:51:54.830Z] Device at 10.30.28.23 is not reachable. Skipping connection attempt.
[2024-12-28T03:52:04.828Z] Device at 10.30.28.23 is not reachable. Skipping connection attempt.
[2024-12-28T03:52:14.834Z] Device at 10.30.28.23 is not reachable. Skipping connection attempt.
[2024-12-28T03:52:24.841Z] Device at 10.30.28.23 is not reachable. Skipping connection attempt.
[2024-12-28T03:52:34.827Z] Device at 10.30.28.23 is not reachable. Skipping connection attempt.
[2024-12-28T03:52:44.864Z] Device at 10.30.28.23 is not reachable. Skipping connection attempt.
[2024-12-28T03:52:54.870Z] Device at 10.30.28.23 is not reachable. Skipping connection attempt.
[2024-12-28T03:53:04.890Z] Device at 10.30.28.23 is not reachable. Skipping connection attempt.
[2024-12-28T03:53:14.892Z] Device at 10.30.28.23 is not reachable. Skipping connection attempt.
[2024-12-28T03:53:24.901Z] Device at 10.30.28.23 is not reachable. Skipping connection attempt.
[2024-12-28T03:53:34.908Z] Device at 10.30.28.23 is not reachable. Skipping connection attempt.
[2024-12-28T03:53:44.907Z] Device at 10.30.28.23 is not reachable. Skipping connection attempt.
[2024-12-28T03:53:54.915Z] Device at 10.30.28.23 is not reachable. Skipping connection attempt.
[2024-12-28T03:54:04.935Z] Device at 10.30.28.23 is not reachable. Skipping connection attempt.
[2024-12-28T03:54:14.939Z] Device at 10.30.28.23 is not reachable. Skipping connection attempt.
[2024-12-28T03:54:24.948Z] Device at 10.30.28.23 is not reachable. Skipping connection attempt.
[2024-12-28T03:54:34.923Z] Device at 10.30.28.23 is not reachable. Skipping connection attempt.
[2024-12-28T03:54:44.959Z] Device at 10.30.28.23 is not reachable. Skipping connection attempt.
[2024-12-28T03:54:54.964Z] Device at 10.30.28.23 is not reachable. Skipping connection attempt.
[2024-12-28T03:55:04.976Z] Device at 10.30.28.23 is not reachable. Skipping connection attempt.
[2024-12-28T03:55:14.981Z] Device at 10.30.28.23 is not reachable. Skipping connection attempt.
[2024-12-28T03:55:24.994Z] Device at 10.30.28.23 is not reachable. Skipping connection attempt.
[2024-12-28T03:55:35.002Z] Device at 10.30.28.23 is not reachable. Skipping connection attempt.
[2024-12-28T03:55:45.009Z] Device at 10.30.28.23 is not reachable. Skipping connection attempt.
[2024-12-28T03:55:55.026Z] Device at 10.30.28.23 is not reachable. Skipping connection attempt.
[2024-12-28T03:56:05.048Z] Device at 10.30.28.23 is not reachable. Skipping connection attempt.
[2024-12-28T03:56:15.057Z] Device at 10.30.28.23 is not reachable. Skipping connection attempt.
[2024-12-28T03:56:25.065Z] Device at 10.30.28.23 is not reachable. Skipping connection attempt.
[2024-12-28T03:56:35.086Z] Device at 10.30.28.23 is not reachable. Skipping connection attempt.
[2024-12-28T03:56:45.087Z] Device at 10.30.28.23 is not reachable. Skipping connection attempt.
[2024-12-28T03:56:55.095Z] Device at 10.30.28.23 is not reachable. Skipping connection attempt.
[2024-12-28T03:57:05.105Z] Device at 10.30.28.23 is not reachable. Skipping connection attempt.
[2024-12-28T03:57:16.916Z] Device at 10.30.28.23 is not reachable. Skipping connection attempt.
[2024-12-28T03:57:25.124Z] Device at 10.30.28.23 is not reachable. Skipping connection attempt.
[2024-12-28T03:57:35.133Z] Device at 10.30.28.23 is not reachable. Skipping connection attempt.
[2024-12-28T03:57:45.140Z] Device at 10.30.28.23 is not reachable. Skipping connection attempt.
[2024-12-28T03:57:55.143Z] Device at 10.30.28.23 is not reachable. Skipping connection attempt.
[2024-12-28T03:58:05.149Z] Device at 10.30.28.23 is not reachable. Skipping connection attempt.
[2024-12-28T03:58:15.155Z] Device at 10.30.28.23 is not reachable. Skipping connection attempt.
[2024-12-28T03:58:25.161Z] Device at 10.30.28.23 is not reachable. Skipping connection attempt.
[2024-12-28T03:58:35.176Z] Device at 10.30.28.23 is not reachable. Skipping connection attempt.
[2024-12-28T03:58:45.194Z] Device at 10.30.28.23 is not reachable. Skipping connection attempt.
[2024-12-28T03:58:55.203Z] Device at 10.30.28.23 is not reachable. Skipping connection attempt.
[2024-12-28T03:59:05.200Z] Device at 10.30.28.23 is not reachable. Skipping connection attempt.
[2024-12-28T03:59:15.202Z] Device at 10.30.28.23 is not reachable. Skipping connection attempt.
[2024-12-28T03:59:25.218Z] Device at 10.30.28.23 is not reachable. Skipping connection attempt.
[2024-12-28T03:59:35.241Z] Device at 10.30.28.23 is not reachable. Skipping connection attempt.
[2024-12-28T03:59:45.242Z] Device at 10.30.28.23 is not reachable. Skipping connection attempt.
[2024-12-28T03:59:55.249Z] Device at 10.30.28.23 is not reachable. Skipping connection attempt.
[2024-12-28T04:00:05.246Z] Device at 10.30.28.23 is not reachable. Skipping connection attempt.
[2024-12-28T04:00:15.251Z] Device at 10.30.28.23 is not reachable. Skipping connection attempt.
[2024-12-28T04:00:25.255Z] Device at 10.30.28.23 is not reachable. Skipping connection attempt.
[2024-12-28T04:00:35.269Z] Device at 10.30.28.23 is not reachable. Skipping connection attempt.
[2024-12-28T04:00:45.283Z] Device at 10.30.28.23 is not reachable. Skipping connection attempt.
[2024-12-28T04:00:55.306Z] Device at 10.30.28.23 is not reachable. Skipping connection attempt.
[2024-12-28T04:01:05.281Z] Device at 10.30.28.23 is not reachable. Skipping connection attempt.
[2024-12-28T04:01:15.274Z] Device at 10.30.28.23 is not reachable. Skipping connection attempt.
[2024-12-28T04:01:25.317Z] Device at 10.30.28.23 is not reachable. Skipping connection attempt.
[2024-12-28T04:01:35.301Z] Device at 10.30.28.23 is not reachable. Skipping connection attempt.
[2024-12-28T04:01:45.320Z] Device at 10.30.28.23 is not reachable. Skipping connection attempt.
[2024-12-28T04:01:55.348Z] Device at 10.30.28.23 is not reachable. Skipping connection attempt.
[2024-12-28T04:02:05.299Z] Device at 10.30.28.23 is not reachable. Skipping connection attempt.
[2024-12-28T04:02:15.348Z] Device at 10.30.28.23 is not reachable. Skipping connection attempt.
[2024-12-28T04:02:25.351Z] Device at 10.30.28.23 is not reachable. Skipping connection attempt.
[2024-12-28T04:02:35.399Z] Device at 10.30.28.23 is not reachable. Skipping connection attempt.
[2024-12-28T04:02:45.372Z] Device at 10.30.28.23 is not reachable. Skipping connection attempt.
[2024-12-28T04:02:55.381Z] Device at 10.30.28.23 is not reachable. Skipping connection attempt.
[2024-12-28T04:03:05.397Z] Device at 10.30.28.23 is not reachable. Skipping connection attempt.
[2024-12-28T04:03:15.414Z] Device at 10.30.28.23 is not reachable. Skipping connection attempt.
[2024-12-28T04:03:25.407Z] Device at 10.30.28.23 is not reachable. Skipping connection attempt.
[2024-12-28T04:03:35.418Z] Device at 10.30.28.23 is not reachable. Skipping connection attempt.
[2024-12-28T04:03:45.440Z] Device at 10.30.28.23 is not reachable. Skipping connection attempt.
[2024-12-28T04:03:55.435Z] Device at 10.30.28.23 is not reachable. Skipping connection attempt.
[2024-12-28T04:04:05.445Z] Device at 10.30.28.23 is not reachable. Skipping connection attempt.
[2024-12-28T04:04:15.449Z] Device at 10.30.28.23 is not reachable. Skipping connection attempt.
[2024-12-28T04:04:25.457Z] Device at 10.30.28.23 is not reachable. Skipping connection attempt.
[2024-12-28T04:04:35.462Z] Device at 10.30.28.23 is not reachable. Skipping connection attempt.
[2024-12-28T04:04:45.469Z] Device at 10.30.28.23 is not reachable. Skipping connection attempt.
[2024-12-28T04:04:55.477Z] Device at 10.30.28.23 is not reachable. Skipping connection attempt.
[2024-12-28T04:05:05.515Z] Device at 10.30.28.23 is not reachable. Skipping connection attempt.
[2024-12-28T04:05:15.500Z] Device at 10.30.28.23 is not reachable. Skipping connection attempt.
[2024-12-28T04:05:25.505Z] Device at 10.30.28.23 is not reachable. Skipping connection attempt.
[2024-12-28T04:05:35.516Z] Device at 10.30.28.23 is not reachable. Skipping connection attempt.
[2024-12-28T04:05:45.525Z] Device at 10.30.28.23 is not reachable. Skipping connection attempt.
[2024-12-28T04:05:55.544Z] Device at 10.30.28.23 is not reachable. Skipping connection attempt.
[2024-12-28T04:06:05.551Z] Device at 10.30.28.23 is not reachable. Skipping connection attempt.
[2024-12-28T04:06:15.556Z] Device at 10.30.28.23 is not reachable. Skipping connection attempt.
[2024-12-28T04:06:25.567Z] Device at 10.30.28.23 is not reachable. Skipping connection attempt.
[2024-12-28T04:06:35.580Z] Device at 10.30.28.23 is not reachable. Skipping connection attempt.
[2024-12-28T04:06:45.583Z] Device at 10.30.28.23 is not reachable. Skipping connection attempt.
[2024-12-28T04:06:55.595Z] Device at 10.30.28.23 is not reachable. Skipping connection attempt.
[2024-12-28T04:07:05.599Z] Device at 10.30.28.23 is not reachable. Skipping connection attempt.
[2024-12-28T04:07:15.615Z] Device at 10.30.28.23 is not reachable. Skipping connection attempt.
[2024-12-28T04:07:25.612Z] Device at 10.30.28.23 is not reachable. Skipping connection attempt.
[2024-12-28T04:07:35.620Z] Device at 10.30.28.23 is not reachable. Skipping connection attempt.
[2024-12-28T04:07:45.626Z] Device at 10.30.28.23 is not reachable. Skipping connection attempt.
[2024-12-28T04:07:55.632Z] Device at 10.30.28.23 is not reachable. Skipping connection attempt.
[2024-12-28T04:08:05.609Z] Device at 10.30.28.23 is not reachable. Skipping connection attempt.
[2024-12-28T04:08:15.652Z] Device at 10.30.28.23 is not reachable. Skipping connection attempt.
[2024-12-28T04:08:25.641Z] Device at 10.30.28.23 is not reachable. Skipping connection attempt.
[2024-12-28T04:08:35.667Z] Device at 10.30.28.23 is not reachable. Skipping connection attempt.
[2024-12-28T04:08:45.682Z] Device at 10.30.28.23 is not reachable. Skipping connection attempt.
[2024-12-28T04:08:55.687Z] Device at 10.30.28.23 is not reachable. Skipping connection attempt.
[2024-12-28T04:09:05.706Z] Device at 10.30.28.23 is not reachable. Skipping connection attempt.
[2024-12-28T04:09:15.712Z] Device at 10.30.28.23 is not reachable. Skipping connection attempt.
[2024-12-28T04:09:25.720Z] Device at 10.30.28.23 is not reachable. Skipping connection attempt.
[2024-12-28T04:09:35.729Z] Device at 10.30.28.23 is not reachable. Skipping connection attempt.
[2024-12-28T04:09:45.723Z] Device at 10.30.28.23 is not reachable. Skipping connection attempt.
[2024-12-28T04:09:55.734Z] Device at 10.30.28.23 is not reachable. Skipping connection attempt.
[2024-12-28T04:10:05.771Z] Device at 10.30.28.23 is not reachable. Skipping connection attempt.
[2024-12-28T04:10:15.738Z] Device at 10.30.28.23 is not reachable. Skipping connection attempt.
[2024-12-28T04:10:25.746Z] Device at 10.30.28.23 is not reachable. Skipping connection attempt.
[2024-12-28T04:10:35.742Z] Device at 10.30.28.23 is not reachable. Skipping connection attempt.
[2024-12-28T04:10:45.773Z] Device at 10.30.28.23 is not reachable. Skipping connection attempt.
[2024-12-28T04:10:55.768Z] Device at 10.30.28.23 is not reachable. Skipping connection attempt.
[2024-12-28T04:11:05.777Z] Device at 10.30.28.23 is not reachable. Skipping connection attempt.
[2024-12-28T04:11:15.770Z] Device at 10.30.28.23 is not reachable. Skipping connection attempt.
[2024-12-28T04:11:25.773Z] Device at 10.30.28.23 is not reachable. Skipping connection attempt.
[2024-12-28T04:11:35.796Z] Device at 10.30.28.23 is not reachable. Skipping connection attempt.
[2024-12-28T04:11:45.797Z] Device at 10.30.28.23 is not reachable. Skipping connection attempt.
[2024-12-28T04:11:55.792Z] Device at 10.30.28.23 is not reachable. Skipping connection attempt.
[2024-12-28T04:12:05.809Z] Device at 10.30.28.23 is not reachable. Skipping connection attempt.
[2024-12-28T04:12:15.818Z] Device at 10.30.28.23 is not reachable. Skipping connection attempt.
[2024-12-28T04:12:25.821Z] Device at 10.30.28.23 is not reachable. Skipping connection attempt.
[2024-12-28T04:12:35.828Z] Device at 10.30.28.23 is not reachable. Skipping connection attempt.
[2024-12-28T04:12:45.840Z] Device at 10.30.28.23 is not reachable. Skipping connection attempt.
[2024-12-28T04:12:55.851Z] Device at 10.30.28.23 is not reachable. Skipping connection attempt.
[2024-12-28T04:13:05.868Z] Device at 10.30.28.23 is not reachable. Skipping connection attempt.
[2024-12-28T04:13:15.862Z] Device at 10.30.28.23 is not reachable. Skipping connection attempt.
[2024-12-28T04:13:25.862Z] Device at 10.30.28.23 is not reachable. Skipping connection attempt.
[2024-12-28T04:13:35.879Z] Device at 10.30.28.23 is not reachable. Skipping connection attempt.
[2024-12-28T04:13:45.853Z] Device at 10.30.28.23 is not reachable. Skipping connection attempt.
[2024-12-28T04:13:55.889Z] Device at 10.30.28.23 is not reachable. Skipping connection attempt.
[2024-12-28T04:14:05.865Z] Device at 10.30.28.23 is not reachable. Skipping connection attempt.
[2024-12-28T04:14:15.902Z] Device at 10.30.28.23 is not reachable. Skipping connection attempt.
[2024-12-28T04:14:25.907Z] Device at 10.30.28.23 is not reachable. Skipping connection attempt.
[2024-12-28T04:14:35.924Z] Device at 10.30.28.23 is not reachable. Skipping connection attempt.
[2024-12-28T04:14:45.934Z] Device at 10.30.28.23 is not reachable. Skipping connection attempt.
[2024-12-28T04:14:55.948Z] Device at 10.30.28.23 is not reachable. Skipping connection attempt.
[2024-12-28T04:15:05.953Z] Device at 10.30.28.23 is not reachable. Skipping connection attempt.
[2024-12-28T04:15:15.972Z] Device at 10.30.28.23 is not reachable. Skipping connection attempt.
[2024-12-28T04:15:25.967Z] Device at 10.30.28.23 is not reachable. Skipping connection attempt.
[2024-12-28T04:15:35.980Z] Device at 10.30.28.23 is not reachable. Skipping connection attempt.
[2024-12-28T04:15:45.996Z] Device at 10.30.28.23 is not reachable. Skipping connection attempt.
[2024-12-28T04:15:56.023Z] Device at 10.30.28.23 is not reachable. Skipping connection attempt.
[2024-12-28T04:16:06.003Z] Device at 10.30.28.23 is not reachable. Skipping connection attempt.
[2024-12-28T04:16:16.001Z] Device at 10.30.28.23 is not reachable. Skipping connection attempt.
[2024-12-28T04:16:26.007Z] Device at 10.30.28.23 is not reachable. Skipping connection attempt.
[2024-12-28T04:16:36.023Z] Device at 10.30.28.23 is not reachable. Skipping connection attempt.
[2024-12-28T04:16:46.032Z] Device at 10.30.28.23 is not reachable. Skipping connection attempt.
[2024-12-28T04:16:56.036Z] Device at 10.30.28.23 is not reachable. Skipping connection attempt.
[2024-12-28T04:17:06.052Z] Device at 10.30.28.23 is not reachable. Skipping connection attempt.
[2024-12-28T04:17:16.060Z] Device at 10.30.28.23 is not reachable. Skipping connection attempt.
[2024-12-28T04:17:26.061Z] Device at 10.30.28.23 is not reachable. Skipping connection attempt.
[2024-12-28T04:17:36.062Z] Device at 10.30.28.23 is not reachable. Skipping connection attempt.
[2024-12-28T04:17:46.068Z] Device at 10.30.28.23 is not reachable. Skipping connection attempt.
[2024-12-28T04:17:56.076Z] Device at 10.30.28.23 is not reachable. Skipping connection attempt.
[2024-12-28T04:18:06.080Z] Device at 10.30.28.23 is not reachable. Skipping connection attempt.
[2024-12-28T04:18:16.087Z] Device at 10.30.28.23 is not reachable. Skipping connection attempt.
[2024-12-28T04:18:26.101Z] Device at 10.30.28.23 is not reachable. Skipping connection attempt.
[2024-12-28T04:18:36.108Z] Device at 10.30.28.23 is not reachable. Skipping connection attempt.
[2024-12-28T04:18:46.127Z] Device at 10.30.28.23 is not reachable. Skipping connection attempt.
[2024-12-28T04:18:57.901Z] Device at 10.30.28.23 is not reachable. Skipping connection attempt.
[2024-12-28T04:19:06.146Z] Device at 10.30.28.23 is not reachable. Skipping connection attempt.
[2024-12-28T04:19:16.156Z] Device at 10.30.28.23 is not reachable. Skipping connection attempt.
[2024-12-28T04:19:26.159Z] Device at 10.30.28.23 is not reachable. Skipping connection attempt.
[2024-12-28T04:19:36.148Z] Device at 10.30.28.23 is not reachable. Skipping connection attempt.
[2024-12-28T04:19:46.186Z] Device at 10.30.28.23 is not reachable. Skipping connection attempt.
[2024-12-28T04:19:56.195Z] Device at 10.30.28.23 is not reachable. Skipping connection attempt.
[2024-12-28T04:20:06.211Z] Device at 10.30.28.23 is not reachable. Skipping connection attempt.
[2024-12-28T04:20:16.215Z] Device at 10.30.28.23 is not reachable. Skipping connection attempt.
[2024-12-28T04:20:26.234Z] Device at 10.30.28.23 is not reachable. Skipping connection attempt.
[2024-12-28T04:20:36.229Z] Device at 10.30.28.23 is not reachable. Skipping connection attempt.
[2024-12-28T04:20:46.234Z] Device at 10.30.28.23 is not reachable. Skipping connection attempt.
[2024-12-28T04:20:56.264Z] Device at 10.30.28.23 is not reachable. Skipping connection attempt.
[2024-12-28T04:21:06.259Z] Device at 10.30.28.23 is not reachable. Skipping connection attempt.
[2024-12-28T04:21:16.267Z] Device at 10.30.28.23 is not reachable. Skipping connection attempt.
[2024-12-28T04:21:26.276Z] Device at 10.30.28.23 is not reachable. Skipping connection attempt.
[2024-12-28T04:21:36.267Z] Device at 10.30.28.23 is not reachable. Skipping connection attempt.
[2024-12-28T04:21:46.314Z] Device at 10.30.28.23 is not reachable. Skipping connection attempt.
[2024-12-28T04:21:56.289Z] Device at 10.30.28.23 is not reachable. Skipping connection attempt.
[2024-12-28T04:22:06.304Z] Device at 10.30.28.23 is not reachable. Skipping connection attempt.
[2024-12-28T04:22:16.308Z] Device at 10.30.28.23 is not reachable. Skipping connection attempt.
[2024-12-28T04:22:26.317Z] Device at 10.30.28.23 is not reachable. Skipping connection attempt.
[2024-12-28T04:22:36.311Z] Device at 10.30.28.23 is not reachable. Skipping connection attempt.
[2024-12-28T04:22:46.329Z] Device at 10.30.28.23 is not reachable. Skipping connection attempt.
[2024-12-28T04:22:56.336Z] Device at 10.30.28.23 is not reachable. Skipping connection attempt.
[2024-12-28T04:23:06.332Z] Device at 10.30.28.23 is not reachable. Skipping connection attempt.
[2024-12-28T04:23:16.347Z] Device at 10.30.28.23 is not reachable. Skipping connection attempt.
[2024-12-28T04:23:26.365Z] Device at 10.30.28.23 is not reachable. Skipping connection attempt.
[2024-12-28T04:23:36.374Z] Device at 10.30.28.23 is not reachable. Skipping connection attempt.
[2024-12-28T04:23:46.393Z] Device at 10.30.28.23 is not reachable. Skipping connection attempt.
[2024-12-28T04:23:56.393Z] Device at 10.30.28.23 is not reachable. Skipping connection attempt.
[2024-12-28T04:24:06.404Z] Device at 10.30.28.23 is not reachable. Skipping connection attempt.
[2024-12-28T04:24:16.407Z] Device at 10.30.28.23 is not reachable. Skipping connection attempt.
[2024-12-28T04:24:26.404Z] Device at 10.30.28.23 is not reachable. Skipping connection attempt.
[2024-12-28T04:24:36.418Z] Device at 10.30.28.23 is not reachable. Skipping connection attempt.
[2024-12-28T04:24:46.429Z] Device at 10.30.28.23 is not reachable. Skipping connection attempt.
[2024-12-28T04:24:56.432Z] Device at 10.30.28.23 is not reachable. Skipping connection attempt.
[2024-12-28T04:25:06.410Z] Device at 10.30.28.23 is not reachable. Skipping connection attempt.
[2024-12-28T04:25:16.459Z] Device at 10.30.28.23 is not reachable. Skipping connection attempt.
[2024-12-28T04:25:26.475Z] Device at 10.30.28.23 is not reachable. Skipping connection attempt.
[2024-12-28T04:25:36.468Z] Device at 10.30.28.23 is not reachable. Skipping connection attempt.
[2024-12-28T04:25:46.482Z] Device at 10.30.28.23 is not reachable. Skipping connection attempt.
[2024-12-28T04:25:56.495Z] Device at 10.30.28.23 is not reachable. Skipping connection attempt.
[2024-12-28T04:26:06.506Z] Device at 10.30.28.23 is not reachable. Skipping connection attempt.
[2024-12-28T04:26:16.516Z] Device at 10.30.28.23 is not reachable. Skipping connection attempt.
[2024-12-28T04:26:26.522Z] Device at 10.30.28.23 is not reachable. Skipping connection attempt.
[2024-12-28T04:26:36.526Z] Device at 10.30.28.23 is not reachable. Skipping connection attempt.
[2024-12-28T04:26:46.534Z] Device at 10.30.28.23 is not reachable. Skipping connection attempt.
[2024-12-28T04:26:56.530Z] Device at 10.30.28.23 is not reachable. Skipping connection attempt.
[2024-12-28T04:27:06.555Z] Device at 10.30.28.23 is not reachable. Skipping connection attempt.
[2024-12-28T04:27:16.562Z] Device at 10.30.28.23 is not reachable. Skipping connection attempt.
[2024-12-28T04:27:26.559Z] Device at 10.30.28.23 is not reachable. Skipping connection attempt.
[2024-12-28T04:27:36.556Z] Device at 10.30.28.23 is not reachable. Skipping connection attempt.
[2024-12-28T04:27:46.571Z] Device at 10.30.28.23 is not reachable. Skipping connection attempt.
[2024-12-28T04:27:56.588Z] Device at 10.30.28.23 is not reachable. Skipping connection attempt.
[2024-12-28T04:28:06.585Z] Device at 10.30.28.23 is not reachable. Skipping connection attempt.
[2024-12-28T04:28:16.591Z] Device at 10.30.28.23 is not reachable. Skipping connection attempt.
[2024-12-28T04:28:26.598Z] Device at 10.30.28.23 is not reachable. Skipping connection attempt.
[2024-12-28T04:28:36.610Z] Device at 10.30.28.23 is not reachable. Skipping connection attempt.
[2024-12-28T04:28:46.604Z] Device at 10.30.28.23 is not reachable. Skipping connection attempt.
[2024-12-28T04:28:56.608Z] Device at 10.30.28.23 is not reachable. Skipping connection attempt.
[2024-12-28T04:29:06.615Z] Device at 10.30.28.23 is not reachable. Skipping connection attempt.
[2024-12-28T04:29:16.629Z] Device at 10.30.28.23 is not reachable. Skipping connection attempt.
[2024-12-28T04:29:26.648Z] Device at 10.30.28.23 is not reachable. Skipping connection attempt.
[2024-12-28T04:29:36.653Z] Device at 10.30.28.23 is not reachable. Skipping connection attempt.
[2024-12-28T04:29:46.670Z] Device at 10.30.28.23 is not reachable. Skipping connection attempt.
[2024-12-28T04:29:56.667Z] Device at 10.30.28.23 is not reachable. Skipping connection attempt.
[2024-12-28T04:30:06.704Z] Device at 10.30.28.23 is not reachable. Skipping connection attempt.
[2024-12-28T04:30:16.718Z] Device at 10.30.28.23 is not reachable. Skipping connection attempt.
[2024-12-28T04:30:26.708Z] Device at 10.30.28.23 is not reachable. Skipping connection attempt.
[2024-12-28T04:30:36.714Z] Device at 10.30.28.23 is not reachable. Skipping connection attempt.
[2024-12-28T04:30:46.731Z] Device at 10.30.28.23 is not reachable. Skipping connection attempt.
[2024-12-28T04:30:56.736Z] Device at 10.30.28.23 is not reachable. Skipping connection attempt.
[2024-12-28T04:31:06.742Z] Device at 10.30.28.23 is not reachable. Skipping connection attempt.
[2024-12-28T04:31:16.751Z] Device at 10.30.28.23 is not reachable. Skipping connection attempt.
[2024-12-28T04:31:26.764Z] Device at 10.30.28.23 is not reachable. Skipping connection attempt.
[2024-12-28T04:31:36.771Z] Device at 10.30.28.23 is not reachable. Skipping connection attempt.
[2024-12-28T04:31:46.787Z] Device at 10.30.28.23 is not reachable. Skipping connection attempt.
[2024-12-28T04:31:56.796Z] Device at 10.30.28.23 is not reachable. Skipping connection attempt.
[2024-12-28T04:32:06.798Z] Device at 10.30.28.23 is not reachable. Skipping connection attempt.
[2024-12-28T04:32:16.805Z] Device at 10.30.28.23 is not reachable. Skipping connection attempt.
[2024-12-28T04:32:26.816Z] Device at 10.30.28.23 is not reachable. Skipping connection attempt.
[2024-12-28T04:32:36.818Z] Device at 10.30.28.23 is not reachable. Skipping connection attempt.
[2024-12-28T04:32:46.805Z] Device at 10.30.28.23 is not reachable. Skipping connection attempt.
[2024-12-28T04:32:56.841Z] Device at 10.30.28.23 is not reachable. Skipping connection attempt.
[2024-12-28T04:33:06.848Z] Device at 10.30.28.23 is not reachable. Skipping connection attempt.
[2024-12-28T04:33:16.853Z] Device at 10.30.28.23 is not reachable. Skipping connection attempt.
[2024-12-28T04:33:26.863Z] Device at 10.30.28.23 is not reachable. Skipping connection attempt.
[2024-12-28T04:33:36.864Z] Device at 10.30.28.23 is not reachable. Skipping connection attempt.
[2024-12-28T04:33:46.871Z] Device at 10.30.28.23 is not reachable. Skipping connection attempt.
[2024-12-28T04:33:56.900Z] Device at 10.30.28.23 is not reachable. Skipping connection attempt.
[2024-12-28T04:34:06.887Z] Device at 10.30.28.23 is not reachable. Skipping connection attempt.
[2024-12-28T04:34:16.905Z] Device at 10.30.28.23 is not reachable. Skipping connection attempt.
[2024-12-28T04:34:26.885Z] Device at 10.30.28.23 is not reachable. Skipping connection attempt.
[2024-12-28T04:34:36.903Z] Device at 10.30.28.23 is not reachable. Skipping connection attempt.
[2024-12-28T04:34:46.911Z] Device at 10.30.28.23 is not reachable. Skipping connection attempt.
[2024-12-28T04:34:56.929Z] Device at 10.30.28.23 is not reachable. Skipping connection attempt.
[2024-12-28T04:35:06.933Z] Device at 10.30.28.23 is not reachable. Skipping connection attempt.
[2024-12-28T04:35:16.930Z] Device at 10.30.28.23 is not reachable. Skipping connection attempt.
[2024-12-28T04:35:26.936Z] Device at 10.30.28.23 is not reachable. Skipping connection attempt.
[2024-12-28T04:35:36.939Z] Device at 10.30.28.23 is not reachable. Skipping connection attempt.
[2024-12-28T04:35:46.960Z] Device at 10.30.28.23 is not reachable. Skipping connection attempt.
[2024-12-28T04:35:56.964Z] Device at 10.30.28.23 is not reachable. Skipping connection attempt.
[2024-12-28T04:36:06.970Z] Device at 10.30.28.23 is not reachable. Skipping connection attempt.
[2024-12-28T04:36:16.989Z] Device at 10.30.28.23 is not reachable. Skipping connection attempt.
[2024-12-28T04:36:26.994Z] Device at 10.30.28.23 is not reachable. Skipping connection attempt.
[2024-12-28T04:36:36.999Z] Device at 10.30.28.23 is not reachable. Skipping connection attempt.
[2024-12-28T04:36:46.995Z] Device at 10.30.28.23 is not reachable. Skipping connection attempt.
[2024-12-28T04:36:57.003Z] Device at 10.30.28.23 is not reachable. Skipping connection attempt.
[2024-12-28T04:37:06.999Z] Device at 10.30.28.23 is not reachable. Skipping connection attempt.
[2024-12-28T04:37:17.014Z] Device at 10.30.28.23 is not reachable. Skipping connection attempt.
[2024-12-28T04:37:27.017Z] Device at 10.30.28.23 is not reachable. Skipping connection attempt.
[2024-12-28T04:37:37.035Z] Device at 10.30.28.23 is not reachable. Skipping connection attempt.
[2024-12-28T04:37:47.043Z] Device at 10.30.28.23 is not reachable. Skipping connection attempt.
[2024-12-28T04:37:57.048Z] Device at 10.30.28.23 is not reachable. Skipping connection attempt.
[2024-12-28T04:38:07.056Z] Device at 10.30.28.23 is not reachable. Skipping connection attempt.
[2024-12-28T04:38:17.052Z] Device at 10.30.28.23 is not reachable. Skipping connection attempt.
[2024-12-28T04:38:27.056Z] Device at 10.30.28.23 is not reachable. Skipping connection attempt.
[2024-12-28T04:38:37.061Z] Device at 10.30.28.23 is not reachable. Skipping connection attempt.
[2024-12-28T04:38:47.091Z] Device at 10.30.28.23 is not reachable. Skipping connection attempt.
[2024-12-28T04:38:57.047Z] Device at 10.30.28.23 is not reachable. Skipping connection attempt.
[2024-12-28T04:39:07.095Z] Device at 10.30.28.23 is not reachable. Skipping connection attempt.
[2024-12-28T04:39:17.089Z] Device at 10.30.28.23 is not reachable. Skipping connection attempt.
[2024-12-28T04:39:27.109Z] Device at 10.30.28.23 is not reachable. Skipping connection attempt.
[2024-12-28T04:39:37.116Z] Device at 10.30.28.23 is not reachable. Skipping connection attempt.
[2024-12-28T04:39:47.132Z] Device at 10.30.28.23 is not reachable. Skipping connection attempt.
[2024-12-28T04:39:57.124Z] Device at 10.30.28.23 is not reachable. Skipping connection attempt.
[2024-12-28T04:40:07.122Z] Device at 10.30.28.23 is not reachable. Skipping connection attempt.
[2024-12-28T04:40:17.137Z] Device at 10.30.28.23 is not reachable. Skipping connection attempt.
[2024-12-28T04:40:27.141Z] Device at 10.30.28.23 is not reachable. Skipping connection attempt.
[2024-12-28T04:40:37.149Z] Device at 10.30.28.23 is not reachable. Skipping connection attempt.
[2024-12-28T04:40:47.167Z] Device at 10.30.28.23 is not reachable. Skipping connection attempt.
[2024-12-28T04:40:57.187Z] Device at 10.30.28.23 is not reachable. Skipping connection attempt.
[2024-12-28T04:41:07.176Z] Device at 10.30.28.23 is not reachable. Skipping connection attempt.
[2024-12-28T04:41:17.183Z] Device at 10.30.28.23 is not reachable. Skipping connection attempt.
[2024-12-28T04:41:27.189Z] Device at 10.30.28.23 is not reachable. Skipping connection attempt.
[2024-12-28T04:41:37.198Z] Device at 10.30.28.23 is not reachable. Skipping connection attempt.
[2024-12-28T04:41:47.207Z] Device at 10.30.28.23 is not reachable. Skipping connection attempt.
[2024-12-28T04:41:57.223Z] Device at 10.30.28.23 is not reachable. Skipping connection attempt.
[2024-12-28T04:42:07.226Z] Device at 10.30.28.23 is not reachable. Skipping connection attempt.
[2024-12-28T04:42:17.241Z] Device at 10.30.28.23 is not reachable. Skipping connection attempt.
[2024-12-28T04:42:27.251Z] Device at 10.30.28.23 is not reachable. Skipping connection attempt.
[2024-12-28T04:42:37.256Z] Device at 10.30.28.23 is not reachable. Skipping connection attempt.
[2024-12-28T04:42:47.273Z] Device at 10.30.28.23 is not reachable. Skipping connection attempt.
[2024-12-28T04:42:57.289Z] Device at 10.30.28.23 is not reachable. Skipping connection attempt.
[2024-12-28T04:43:07.284Z] Device at 10.30.28.23 is not reachable. Skipping connection attempt.
[2024-12-28T04:43:17.290Z] Device at 10.30.28.23 is not reachable. Skipping connection attempt.
[2024-12-28T04:43:27.298Z] Device at 10.30.28.23 is not reachable. Skipping connection attempt.
[2024-12-28T04:43:37.305Z] Device at 10.30.28.23 is not reachable. Skipping connection attempt.
[2024-12-28T04:43:47.312Z] Device at 10.30.28.23 is not reachable. Skipping connection attempt.
[2024-12-28T04:43:57.317Z] Device at 10.30.28.23 is not reachable. Skipping connection attempt.
[2024-12-28T04:44:07.321Z] Device at 10.30.28.23 is not reachable. Skipping connection attempt.
[2024-12-28T04:44:17.327Z] Device at 10.30.28.23 is not reachable. Skipping connection attempt.
[2024-12-28T04:44:27.323Z] Device at 10.30.28.23 is not reachable. Skipping connection attempt.
[2024-12-28T04:44:37.339Z] Device at 10.30.28.23 is not reachable. Skipping connection attempt.
[2024-12-28T04:44:47.346Z] Device at 10.30.28.23 is not reachable. Skipping connection attempt.
[2024-12-28T04:44:57.354Z] Device at 10.30.28.23 is not reachable. Skipping connection attempt.
[2024-12-28T04:45:07.339Z] Device at 10.30.28.23 is not reachable. Skipping connection attempt.
[2024-12-28T04:45:17.365Z] Device at 10.30.28.23 is not reachable. Skipping connection attempt.
[2024-12-28T04:45:27.372Z] Device at 10.30.28.23 is not reachable. Skipping connection attempt.
[2024-12-28T04:45:37.381Z] Device at 10.30.28.23 is not reachable. Skipping connection attempt.
[2024-12-28T04:45:47.375Z] Device at 10.30.28.23 is not reachable. Skipping connection attempt.
[2024-12-28T04:45:57.379Z] Device at 10.30.28.23 is not reachable. Skipping connection attempt.
[2024-12-28T04:46:07.386Z] Device at 10.30.28.23 is not reachable. Skipping connection attempt.
[2024-12-28T04:46:17.395Z] Device at 10.30.28.23 is not reachable. Skipping connection attempt.
[2024-12-28T04:46:27.398Z] Device at 10.30.28.23 is not reachable. Skipping connection attempt.
[2024-12-28T04:46:37.407Z] Device at 10.30.28.23 is not reachable. Skipping connection attempt.
[2024-12-28T04:46:47.405Z] Device at 10.30.28.23 is not reachable. Skipping connection attempt.
[2024-12-28T04:46:57.411Z] Device at 10.30.28.23 is not reachable. Skipping connection attempt.
[2024-12-28T04:47:07.429Z] Device at 10.30.28.23 is not reachable. Skipping connection attempt.
[2024-12-28T04:47:17.433Z] Device at 10.30.28.23 is not reachable. Skipping connection attempt.
[2024-12-28T04:47:27.451Z] Device at 10.30.28.23 is not reachable. Skipping connection attempt.
[2024-12-28T04:47:37.447Z] Device at 10.30.28.23 is not reachable. Skipping connection attempt.
[2024-12-28T04:47:47.444Z] Device at 10.30.28.23 is not reachable. Skipping connection attempt.
[2024-12-28T04:47:57.471Z] Device at 10.30.28.23 is not reachable. Skipping connection attempt.
[2024-12-28T04:48:07.466Z] Device at 10.30.28.23 is not reachable. Skipping connection attempt.
[2024-12-28T04:48:17.472Z] Device at 10.30.28.23 is not reachable. Skipping connection attempt.
[2024-12-28T04:48:27.477Z] Device at 10.30.28.23 is not reachable. Skipping connection attempt.
[2024-12-28T04:48:37.485Z] Device at 10.30.28.23 is not reachable. Skipping connection attempt.
[2024-12-28T04:48:47.499Z] Device at 10.30.28.23 is not reachable. Skipping connection attempt.
[2024-12-28T04:48:57.509Z] Device at 10.30.28.23 is not reachable. Skipping connection attempt.
[2024-12-28T04:49:07.495Z] Device at 10.30.28.23 is not reachable. Skipping connection attempt.
[2024-12-28T04:49:17.518Z] Device at 10.30.28.23 is not reachable. Skipping connection attempt.
[2024-12-28T04:49:27.537Z] Device at 10.30.28.23 is not reachable. Skipping connection attempt.
[2024-12-28T04:49:37.555Z] Device at 10.30.28.23 is not reachable. Skipping connection attempt.
[2024-12-28T04:49:47.575Z] Device at 10.30.28.23 is not reachable. Skipping connection attempt.
[2024-12-28T04:49:57.578Z] Device at 10.30.28.23 is not reachable. Skipping connection attempt.
[2024-12-28T04:50:07.585Z] Device at 10.30.28.23 is not reachable. Skipping connection attempt.
[2024-12-28T04:50:17.601Z] Device at 10.30.28.23 is not reachable. Skipping connection attempt.
[2024-12-28T04:50:27.616Z] Device at 10.30.28.23 is not reachable. Skipping connection attempt.
[2024-12-28T04:50:37.613Z] Device at 10.30.28.23 is not reachable. Skipping connection attempt.
[2024-12-28T04:50:47.618Z] Device at 10.30.28.23 is not reachable. Skipping connection attempt.
[2024-12-28T04:50:57.626Z] Device at 10.30.28.23 is not reachable. Skipping connection attempt.
[2024-12-28T04:51:07.639Z] Device at 10.30.28.23 is not reachable. Skipping connection attempt.
[2024-12-28T04:51:17.669Z] Device at 10.30.28.23 is not reachable. Skipping connection attempt.
[2024-12-28T04:51:27.645Z] Device at 10.30.28.23 is not reachable. Skipping connection attempt.
[2024-12-28T04:51:37.661Z] Device at 10.30.28.23 is not reachable. Skipping connection attempt.
[2024-12-28T04:51:47.669Z] Device at 10.30.28.23 is not reachable. Skipping connection attempt.
[2024-12-28T04:51:57.672Z] Device at 10.30.28.23 is not reachable. Skipping connection attempt.
[2024-12-28T04:52:07.680Z] Device at 10.30.28.23 is not reachable. Skipping connection attempt.
[2024-12-28T04:52:17.682Z] Device at 10.30.28.23 is not reachable. Skipping connection attempt.
[2024-12-28T04:52:27.692Z] Device at 10.30.28.23 is not reachable. Skipping connection attempt.
[2024-12-28T04:52:37.695Z] Device at 10.30.28.23 is not reachable. Skipping connection attempt.
[2024-12-28T04:52:47.694Z] Device at 10.30.28.23 is not reachable. Skipping connection attempt.
[2024-12-28T04:52:57.709Z] Device at 10.30.28.23 is not reachable. Skipping connection attempt.
[2024-12-28T04:53:07.714Z] Device at 10.30.28.23 is not reachable. Skipping connection attempt.
[2024-12-28T04:53:17.725Z] Device at 10.30.28.23 is not reachable. Skipping connection attempt.
[2024-12-28T04:53:27.739Z] Device at 10.30.28.23 is not reachable. Skipping connection attempt.
[2024-12-28T04:53:37.745Z] Device at 10.30.28.23 is not reachable. Skipping connection attempt.
[2024-12-28T04:53:47.741Z] Device at 10.30.28.23 is not reachable. Skipping connection attempt.
[2024-12-28T04:53:57.758Z] Device at 10.30.28.23 is not reachable. Skipping connection attempt.
[2024-12-28T04:54:07.776Z] Device at 10.30.28.23 is not reachable. Skipping connection attempt.
[2024-12-28T04:54:17.793Z] Device at 10.30.28.23 is not reachable. Skipping connection attempt.
[2024-12-28T04:54:27.786Z] Device at 10.30.28.23 is not reachable. Skipping connection attempt.
[2024-12-28T04:54:37.794Z] Device at 10.30.28.23 is not reachable. Skipping connection attempt.
[2024-12-28T04:54:47.791Z] Device at 10.30.28.23 is not reachable. Skipping connection attempt.
[2024-12-28T04:54:57.807Z] Device at 10.30.28.23 is not reachable. Skipping connection attempt.
[2024-12-28T04:55:07.801Z] Device at 10.30.28.23 is not reachable. Skipping connection attempt.
[2024-12-28T04:55:17.809Z] Device at 10.30.28.23 is not reachable. Skipping connection attempt.
[2024-12-28T04:55:27.814Z] Device at 10.30.28.23 is not reachable. Skipping connection attempt.
[2024-12-28T04:55:37.824Z] Device at 10.30.28.23 is not reachable. Skipping connection attempt.
[2024-12-28T04:55:47.839Z] Device at 10.30.28.23 is not reachable. Skipping connection attempt.
[2024-12-28T04:55:57.820Z] Device at 10.30.28.23 is not reachable. Skipping connection attempt.
[2024-12-28T04:56:07.853Z] Device at 10.30.28.23 is not reachable. Skipping connection attempt.
[2024-12-28T04:56:17.858Z] Device at 10.30.28.23 is not reachable. Skipping connection attempt.
[2024-12-28T04:56:27.864Z] Device at 10.30.28.23 is not reachable. Skipping connection attempt.
[2024-12-28T04:56:37.872Z] Device at 10.30.28.23 is not reachable. Skipping connection attempt.
[2024-12-28T04:56:47.885Z] Device at 10.30.28.23 is not reachable. Skipping connection attempt.
[2024-12-28T04:56:57.871Z] Device at 10.30.28.23 is not reachable. Skipping connection attempt.
[2024-12-28T04:57:07.887Z] Device at 10.30.28.23 is not reachable. Skipping connection attempt.
[2024-12-28T04:57:17.896Z] Device at 10.30.28.23 is not reachable. Skipping connection attempt.
[2024-12-28T04:57:29.879Z] Device at 10.30.28.23 is not reachable. Skipping connection attempt.
[2024-12-28T04:57:37.909Z] Device at 10.30.28.23 is not reachable. Skipping connection attempt.
[2024-12-28T04:57:47.916Z] Device at 10.30.28.23 is not reachable. Skipping connection attempt.
[2024-12-28T04:57:57.931Z] Device at 10.30.28.23 is not reachable. Skipping connection attempt.
[2024-12-28T04:58:07.938Z] Device at 10.30.28.23 is not reachable. Skipping connection attempt.
[2024-12-28T04:58:17.947Z] Device at 10.30.28.23 is not reachable. Skipping connection attempt.
[2024-12-28T04:58:27.963Z] Device at 10.30.28.23 is not reachable. Skipping connection attempt.
[2024-12-28T04:58:37.957Z] Device at 10.30.28.23 is not reachable. Skipping connection attempt.
[2024-12-28T04:58:47.964Z] Device at 10.30.28.23 is not reachable. Skipping connection attempt.
[2024-12-28T04:58:57.971Z] Device at 10.30.28.23 is not reachable. Skipping connection attempt.
[2024-12-28T04:59:07.977Z] Device at 10.30.28.23 is not reachable. Skipping connection attempt.
[2024-12-28T04:59:17.994Z] Device at 10.30.28.23 is not reachable. Skipping connection attempt.
[2024-12-28T04:59:28.000Z] Device at 10.30.28.23 is not reachable. Skipping connection attempt.
[2024-12-28T04:59:38.006Z] Device at 10.30.28.23 is not reachable. Skipping connection attempt.
[2024-12-28T04:59:48.001Z] Device at 10.30.28.23 is not reachable. Skipping connection attempt.
[2024-12-28T04:59:58.009Z] Device at 10.30.28.23 is not reachable. Skipping connection attempt.
[2024-12-28T05:00:08.016Z] Device at 10.30.28.23 is not reachable. Skipping connection attempt.
[2024-12-28T05:00:18.021Z] Device at 10.30.28.23 is not reachable. Skipping connection attempt.
[2024-12-28T05:00:28.040Z] Device at 10.30.28.23 is not reachable. Skipping connection attempt.
[2024-12-28T05:00:38.045Z] Device at 10.30.28.23 is not reachable. Skipping connection attempt.
[2024-12-28T05:00:48.062Z] Device at 10.30.28.23 is not reachable. Skipping connection attempt.
[2024-12-28T05:00:58.076Z] Device at 10.30.28.23 is not reachable. Skipping connection attempt.
[2024-12-28T05:01:08.088Z] Device at 10.30.28.23 is not reachable. Skipping connection attempt.
[2024-12-28T05:01:18.093Z] Device at 10.30.28.23 is not reachable. Skipping connection attempt.
[2024-12-28T05:01:28.095Z] Device at 10.30.28.23 is not reachable. Skipping connection attempt.
[2024-12-28T05:01:38.101Z] Device at 10.30.28.23 is not reachable. Skipping connection attempt.
[2024-12-28T05:01:48.109Z] Device at 10.30.28.23 is not reachable. Skipping connection attempt.
[2024-12-28T05:01:58.126Z] Device at 10.30.28.23 is not reachable. Skipping connection attempt.
[2024-12-28T05:02:08.129Z] Device at 10.30.28.23 is not reachable. Skipping connection attempt.
[2024-12-28T05:02:18.149Z] Device at 10.30.28.23 is not reachable. Skipping connection attempt.
[2024-12-28T05:02:28.157Z] Device at 10.30.28.23 is not reachable. Skipping connection attempt.
[2024-12-28T05:02:38.170Z] Device at 10.30.28.23 is not reachable. Skipping connection attempt.
[2024-12-28T05:02:48.179Z] Device at 10.30.28.23 is not reachable. Skipping connection attempt.
[2024-12-28T05:02:58.184Z] Device at 10.30.28.23 is not reachable. Skipping connection attempt.
[2024-12-28T05:03:08.201Z] Device at 10.30.28.23 is not reachable. Skipping connection attempt.
[2024-12-28T05:03:18.206Z] Device at 10.30.28.23 is not reachable. Skipping connection attempt.
[2024-12-28T05:03:28.210Z] Device at 10.30.28.23 is not reachable. Skipping connection attempt.
[2024-12-28T05:03:38.229Z] Device at 10.30.28.23 is not reachable. Skipping connection attempt.
[2024-12-28T05:03:48.233Z] Device at 10.30.28.23 is not reachable. Skipping connection attempt.
[2024-12-28T05:03:58.264Z] Device at 10.30.28.23 is not reachable. Skipping connection attempt.
[2024-12-28T05:04:08.227Z] Device at 10.30.28.23 is not reachable. Skipping connection attempt.
[2024-12-28T05:04:18.264Z] Device at 10.30.28.23 is not reachable. Skipping connection attempt.
[2024-12-28T05:04:28.272Z] Device at 10.30.28.23 is not reachable. Skipping connection attempt.
[2024-12-28T05:04:38.267Z] Device at 10.30.28.23 is not reachable. Skipping connection attempt.
[2024-12-28T05:04:48.284Z] Device at 10.30.28.23 is not reachable. Skipping connection attempt.
[2024-12-28T05:04:58.291Z] Device at 10.30.28.23 is not reachable. Skipping connection attempt.
[2024-12-28T05:05:08.296Z] Device at 10.30.28.23 is not reachable. Skipping connection attempt.
[2024-12-28T05:05:18.303Z] Device at 10.30.28.23 is not reachable. Skipping connection attempt.
[2024-12-28T05:05:28.309Z] Device at 10.30.28.23 is not reachable. Skipping connection attempt.
[2024-12-28T05:05:38.296Z] Device at 10.30.28.23 is not reachable. Skipping connection attempt.
[2024-12-28T05:05:48.346Z] Device at 10.30.28.23 is not reachable. Skipping connection attempt.
[2024-12-28T05:05:58.366Z] Device at 10.30.28.23 is not reachable. Skipping connection attempt.
[2024-12-28T05:06:08.355Z] Device at 10.30.28.23 is not reachable. Skipping connection attempt.
[2024-12-28T05:06:18.371Z] Device at 10.30.28.23 is not reachable. Skipping connection attempt.
[2024-12-28T05:06:28.379Z] Device at 10.30.28.23 is not reachable. Skipping connection attempt.
[2024-12-28T05:06:38.379Z] Device at 10.30.28.23 is not reachable. Skipping connection attempt.
[2024-12-28T05:06:48.381Z] Device at 10.30.28.23 is not reachable. Skipping connection attempt.
[2024-12-28T05:06:58.367Z] Device at 10.30.28.23 is not reachable. Skipping connection attempt.
[2024-12-28T05:07:08.406Z] Device at 10.30.28.23 is not reachable. Skipping connection attempt.
[2024-12-28T05:07:18.411Z] Device at 10.30.28.23 is not reachable. Skipping connection attempt.
[2024-12-28T05:07:28.438Z] Device at 10.30.28.23 is not reachable. Skipping connection attempt.
[2024-12-28T05:07:38.412Z] Device at 10.30.28.23 is not reachable. Skipping connection attempt.
[2024-12-28T05:07:48.420Z] Device at 10.30.28.23 is not reachable. Skipping connection attempt.
[2024-12-28T05:07:58.428Z] Device at 10.30.28.23 is not reachable. Skipping connection attempt.
[2024-12-28T05:08:08.433Z] Device at 10.30.28.23 is not reachable. Skipping connection attempt.
[2024-12-28T05:08:18.460Z] Device at 10.30.28.23 is not reachable. Skipping connection attempt.
[2024-12-28T05:08:28.475Z] Device at 10.30.28.23 is not reachable. Skipping connection attempt.
[2024-12-28T05:08:38.460Z] Device at 10.30.28.23 is not reachable. Skipping connection attempt.
[2024-12-28T05:08:48.478Z] Device at 10.30.28.23 is not reachable. Skipping connection attempt.
[2024-12-28T05:08:58.483Z] Device at 10.30.28.23 is not reachable. Skipping connection attempt.
[2024-12-28T05:09:08.462Z] Device at 10.30.28.23 is not reachable. Skipping connection attempt.
[2024-12-28T05:09:18.495Z] Device at 10.30.28.23 is not reachable. Skipping connection attempt.
[2024-12-28T05:09:28.512Z] Device at 10.30.28.23 is not reachable. Skipping connection attempt.
[2024-12-28T05:09:38.522Z] Device at 10.30.28.23 is not reachable. Skipping connection attempt.
[2024-12-28T05:09:48.527Z] Device at 10.30.28.23 is not reachable. Skipping connection attempt.
[2024-12-28T05:09:58.543Z] Device at 10.30.28.23 is not reachable. Skipping connection attempt.
[2024-12-28T05:10:08.541Z] Device at 10.30.28.23 is not reachable. Skipping connection attempt.
[2024-12-28T05:10:18.558Z] Device at 10.30.28.23 is not reachable. Skipping connection attempt.
[2024-12-28T05:10:28.562Z] Device at 10.30.28.23 is not reachable. Skipping connection attempt.
[2024-12-28T05:10:38.560Z] Device at 10.30.28.23 is not reachable. Skipping connection attempt.
[2024-12-28T05:10:48.575Z] Device at 10.30.28.23 is not reachable. Skipping connection attempt.
[2024-12-28T05:10:58.579Z] Device at 10.30.28.23 is not reachable. Skipping connection attempt.
[2024-12-28T05:11:08.598Z] Device at 10.30.28.23 is not reachable. Skipping connection attempt.
[2024-12-28T05:11:18.624Z] Device at 10.30.28.23 is not reachable. Skipping connection attempt.
[2024-12-28T05:11:28.614Z] Device at 10.30.28.23 is not reachable. Skipping connection attempt.
[2024-12-28T05:11:38.625Z] Device at 10.30.28.23 is not reachable. Skipping connection attempt.
[2024-12-28T05:11:48.595Z] Device at 10.30.28.23 is not reachable. Skipping connection attempt.
[2024-12-28T05:11:58.621Z] Device at 10.30.28.23 is not reachable. Skipping connection attempt.
[2024-12-28T05:12:08.639Z] Device at 10.30.28.23 is not reachable. Skipping connection attempt.
[2024-12-28T05:12:18.644Z] Device at 10.30.28.23 is not reachable. Skipping connection attempt.
[2024-12-28T05:12:28.651Z] Device at 10.30.28.23 is not reachable. Skipping connection attempt.
[2024-12-28T05:12:38.668Z] Device at 10.30.28.23 is not reachable. Skipping connection attempt.
[2024-12-28T05:12:48.664Z] Device at 10.30.28.23 is not reachable. Skipping connection attempt.
[2024-12-28T05:12:58.680Z] Device at 10.30.28.23 is not reachable. Skipping connection attempt.
[2024-12-28T05:13:08.679Z] Device at 10.30.28.23 is not reachable. Skipping connection attempt.
[2024-12-28T05:13:18.681Z] Device at 10.30.28.23 is not reachable. Skipping connection attempt.
[2024-12-28T05:13:28.694Z] Device at 10.30.28.23 is not reachable. Skipping connection attempt.
[2024-12-28T05:13:38.693Z] Device at 10.30.28.23 is not reachable. Skipping connection attempt.
[2024-12-28T05:13:48.699Z] Device at 10.30.28.23 is not reachable. Skipping connection attempt.
[2024-12-28T05:13:58.711Z] Device at 10.30.28.23 is not reachable. Skipping connection attempt.
[2024-12-28T05:14:08.715Z] Device at 10.30.28.23 is not reachable. Skipping connection attempt.
[2024-12-28T05:14:18.732Z] Device at 10.30.28.23 is not reachable. Skipping connection attempt.
[2024-12-28T05:14:28.747Z] Device at 10.30.28.23 is not reachable. Skipping connection attempt.
[2024-12-28T05:14:38.752Z] Device at 10.30.28.23 is not reachable. Skipping connection attempt.
[2024-12-28T05:14:48.759Z] Device at 10.30.28.23 is not reachable. Skipping connection attempt.
[2024-12-28T05:14:58.765Z] Device at 10.30.28.23 is not reachable. Skipping connection attempt.
[2024-12-28T05:15:08.772Z] Device at 10.30.28.23 is not reachable. Skipping connection attempt.
[2024-12-28T05:15:18.779Z] Device at 10.30.28.23 is not reachable. Skipping connection attempt.
[2024-12-28T05:15:28.797Z] Device at 10.30.28.23 is not reachable. Skipping connection attempt.
[2024-12-28T05:15:38.792Z] Device at 10.30.28.23 is not reachable. Skipping connection attempt.
[2024-12-28T05:15:48.808Z] Device at 10.30.28.23 is not reachable. Skipping connection attempt.
[2024-12-28T05:15:58.816Z] Device at 10.30.28.23 is not reachable. Skipping connection attempt.
[2024-12-28T05:16:08.831Z] Device at 10.30.28.23 is not reachable. Skipping connection attempt.
[2024-12-28T05:16:18.840Z] Device at 10.30.28.23 is not reachable. Skipping connection attempt.
[2024-12-28T05:16:28.844Z] Device at 10.30.28.23 is not reachable. Skipping connection attempt.
[2024-12-28T05:16:38.860Z] Device at 10.30.28.23 is not reachable. Skipping connection attempt.
[2024-12-28T05:16:48.867Z] Device at 10.30.28.23 is not reachable. Skipping connection attempt.
[2024-12-28T05:16:58.875Z] Device at 10.30.28.23 is not reachable. Skipping connection attempt.
[2024-12-28T05:17:08.881Z] Device at 10.30.28.23 is not reachable. Skipping connection attempt.
[2024-12-28T05:17:18.895Z] Device at 10.30.28.23 is not reachable. Skipping connection attempt.
[2024-12-28T05:17:28.872Z] Device at 10.30.28.23 is not reachable. Skipping connection attempt.
[2024-12-28T05:17:38.920Z] Device at 10.30.28.23 is not reachable. Skipping connection attempt.
[2024-12-28T05:17:48.924Z] Device at 10.30.28.23 is not reachable. Skipping connection attempt.
[2024-12-28T05:17:58.944Z] Device at 10.30.28.23 is not reachable. Skipping connection attempt.
[2024-12-28T05:18:08.960Z] Device at 10.30.28.23 is not reachable. Skipping connection attempt.
[2024-12-28T05:18:18.965Z] Device at 10.30.28.23 is not reachable. Skipping connection attempt.
[2024-12-28T05:18:28.971Z] Device at 10.30.28.23 is not reachable. Skipping connection attempt.
[2024-12-28T05:18:38.977Z] Device at 10.30.28.23 is not reachable. Skipping connection attempt.
[2024-12-28T05:18:48.965Z] Device at 10.30.28.23 is not reachable. Skipping connection attempt.
[2024-12-28T05:18:58.998Z] Device at 10.30.28.23 is not reachable. Skipping connection attempt.
[2024-12-28T05:19:09.006Z] Device at 10.30.28.23 is not reachable. Skipping connection attempt.
[2024-12-28T05:19:19.025Z] Device at 10.30.28.23 is not reachable. Skipping connection attempt.
[2024-12-28T05:19:29.019Z] Device at 10.30.28.23 is not reachable. Skipping connection attempt.
[2024-12-28T05:19:39.013Z] Device at 10.30.28.23 is not reachable. Skipping connection attempt.
[2024-12-28T05:19:49.032Z] Device at 10.30.28.23 is not reachable. Skipping connection attempt.
[2024-12-28T05:19:59.036Z] Device at 10.30.28.23 is not reachable. Skipping connection attempt.
[2024-12-28T05:20:09.057Z] Device at 10.30.28.23 is not reachable. Skipping connection attempt.
[2024-12-28T05:20:19.060Z] Device at 10.30.28.23 is not reachable. Skipping connection attempt.
[2024-12-28T05:20:29.067Z] Device at 10.30.28.23 is not reachable. Skipping connection attempt.
[2024-12-28T05:20:39.076Z] Device at 10.30.28.23 is not reachable. Skipping connection attempt.
[2024-12-28T05:20:49.070Z] Device at 10.30.28.23 is not reachable. Skipping connection attempt.
[2024-12-28T05:20:59.056Z] Device at 10.30.28.23 is not reachable. Skipping connection attempt.
[2024-12-28T05:21:09.093Z] Device at 10.30.28.23 is not reachable. Skipping connection attempt.
[2024-12-28T05:21:19.099Z] Device at 10.30.28.23 is not reachable. Skipping connection attempt.
[2024-12-28T05:21:29.116Z] Device at 10.30.28.23 is not reachable. Skipping connection attempt.
[2024-12-28T05:21:39.117Z] Device at 10.30.28.23 is not reachable. Skipping connection attempt.
[2024-12-28T05:21:49.138Z] Device at 10.30.28.23 is not reachable. Skipping connection attempt.
[2024-12-28T05:21:59.145Z] Device at 10.30.28.23 is not reachable. Skipping connection attempt.
[2024-12-28T05:22:09.141Z] Device at 10.30.28.23 is not reachable. Skipping connection attempt.
[2024-12-28T05:22:19.161Z] Device at 10.30.28.23 is not reachable. Skipping connection attempt.
[2024-12-28T05:22:29.165Z] Device at 10.30.28.23 is not reachable. Skipping connection attempt.
[2024-12-28T05:22:39.173Z] Device at 10.30.28.23 is not reachable. Skipping connection attempt.
[2024-12-28T05:22:49.189Z] Device at 10.30.28.23 is not reachable. Skipping connection attempt.
[2024-12-28T05:22:59.203Z] Device at 10.30.28.23 is not reachable. Skipping connection attempt.
[2024-12-28T05:23:09.200Z] Device at 10.30.28.23 is not reachable. Skipping connection attempt.
[2024-12-28T05:23:19.209Z] Device at 10.30.28.23 is not reachable. Skipping connection attempt.
[2024-12-28T05:23:29.213Z] Device at 10.30.28.23 is not reachable. Skipping connection attempt.
[2024-12-28T05:23:39.230Z] Device at 10.30.28.23 is not reachable. Skipping connection attempt.
[2024-12-28T05:23:49.237Z] Device at 10.30.28.23 is not reachable. Skipping connection attempt.
[2024-12-28T05:23:59.253Z] Device at 10.30.28.23 is not reachable. Skipping connection attempt.
[2024-12-28T05:24:09.261Z] Device at 10.30.28.23 is not reachable. Skipping connection attempt.
[2024-12-28T05:24:19.265Z] Device at 10.30.28.23 is not reachable. Skipping connection attempt.
[2024-12-28T05:24:29.272Z] Device at 10.30.28.23 is not reachable. Skipping connection attempt.
[2024-12-28T05:24:39.279Z] Device at 10.30.28.23 is not reachable. Skipping connection attempt.
[2024-12-28T05:24:49.255Z] Device at 10.30.28.23 is not reachable. Skipping connection attempt.
[2024-12-28T05:24:59.292Z] Device at 10.30.28.23 is not reachable. Skipping connection attempt.
[2024-12-28T05:25:09.296Z] Device at 10.30.28.23 is not reachable. Skipping connection attempt.
[2024-12-28T05:25:19.315Z] Device at 10.30.28.23 is not reachable. Skipping connection attempt.
[2024-12-28T05:25:29.312Z] Device at 10.30.28.23 is not reachable. Skipping connection attempt.
[2024-12-28T05:25:39.319Z] Device at 10.30.28.23 is not reachable. Skipping connection attempt.
[2024-12-28T05:25:49.328Z] Device at 10.30.28.23 is not reachable. Skipping connection attempt.
[2024-12-28T05:25:59.327Z] Device at 10.30.28.23 is not reachable. Skipping connection attempt.
[2024-12-28T05:26:09.337Z] Device at 10.30.28.23 is not reachable. Skipping connection attempt.
[2024-12-28T05:26:19.352Z] Device at 10.30.28.23 is not reachable. Skipping connection attempt.
[2024-12-28T05:26:29.350Z] Device at 10.30.28.23 is not reachable. Skipping connection attempt.
[2024-12-28T05:26:39.354Z] Device at 10.30.28.23 is not reachable. Skipping connection attempt.
[2024-12-28T05:26:49.362Z] Device at 10.30.28.23 is not reachable. Skipping connection attempt.
[2024-12-28T05:26:59.369Z] Device at 10.30.28.23 is not reachable. Skipping connection attempt.
[2024-12-28T05:27:09.375Z] Device at 10.30.28.23 is not reachable. Skipping connection attempt.
[2024-12-28T05:27:19.383Z] Device at 10.30.28.23 is not reachable. Skipping connection attempt.
[2024-12-28T05:27:31.383Z] Device at 10.30.28.23 is not reachable. Skipping connection attempt.
[2024-12-28T05:27:39.404Z] Device at 10.30.28.23 is not reachable. Skipping connection attempt.
[2024-12-28T05:27:49.421Z] Device at 10.30.28.23 is not reachable. Skipping connection attempt.
[2024-12-28T05:27:59.429Z] Device at 10.30.28.23 is not reachable. Skipping connection attempt.
[2024-12-28T05:28:09.438Z] Device at 10.30.28.23 is not reachable. Skipping connection attempt.
[2024-12-28T05:28:19.442Z] Device at 10.30.28.23 is not reachable. Skipping connection attempt.
[2024-12-28T05:28:29.447Z] Device at 10.30.28.23 is not reachable. Skipping connection attempt.
[2024-12-28T05:28:39.452Z] Device at 10.30.28.23 is not reachable. Skipping connection attempt.
[2024-12-28T05:28:49.430Z] Device at 10.30.28.23 is not reachable. Skipping connection attempt.
[2024-12-28T05:28:59.454Z] Device at 10.30.28.23 is not reachable. Skipping connection attempt.
[2024-12-28T05:29:09.471Z] Device at 10.30.28.23 is not reachable. Skipping connection attempt.
[2024-12-28T05:29:19.484Z] Device at 10.30.28.23 is not reachable. Skipping connection attempt.
[2024-12-28T05:29:29.494Z] Device at 10.30.28.23 is not reachable. Skipping connection attempt.
[2024-12-28T05:29:39.503Z] Device at 10.30.28.23 is not reachable. Skipping connection attempt.
[2024-12-28T05:29:49.510Z] Device at 10.30.28.23 is not reachable. Skipping connection attempt.
[2024-12-28T05:29:59.516Z] Device at 10.30.28.23 is not reachable. Skipping connection attempt.
[2024-12-28T05:30:09.522Z] Device at 10.30.28.23 is not reachable. Skipping connection attempt.
[2024-12-28T05:30:19.526Z] Device at 10.30.28.23 is not reachable. Skipping connection attempt.
[2024-12-28T05:30:29.536Z] Device at 10.30.28.23 is not reachable. Skipping connection attempt.
[2024-12-28T05:30:39.539Z] Device at 10.30.28.23 is not reachable. Skipping connection attempt.
[2024-12-28T05:30:49.546Z] Device at 10.30.28.23 is not reachable. Skipping connection attempt.
[2024-12-28T05:30:59.550Z] Device at 10.30.28.23 is not reachable. Skipping connection attempt.
[2024-12-28T05:31:09.553Z] Device at 10.30.28.23 is not reachable. Skipping connection attempt.
[2024-12-28T05:31:19.558Z] Device at 10.30.28.23 is not reachable. Skipping connection attempt.
[2024-12-28T05:31:29.565Z] Device at 10.30.28.23 is not reachable. Skipping connection attempt.
[2024-12-28T05:31:39.589Z] Device at 10.30.28.23 is not reachable. Skipping connection attempt.
[2024-12-28T05:31:49.598Z] Device at 10.30.28.23 is not reachable. Skipping connection attempt.
[2024-12-28T05:31:59.631Z] Device at 10.30.28.23 is not reachable. Skipping connection attempt.
[2024-12-28T05:32:09.590Z] Device at 10.30.28.23 is not reachable. Skipping connection attempt.
[2024-12-28T05:32:19.598Z] Device at 10.30.28.23 is not reachable. Skipping connection attempt.
[2024-12-28T05:32:29.614Z] Device at 10.30.28.23 is not reachable. Skipping connection attempt.
[2024-12-28T05:32:39.609Z] Device at 10.30.28.23 is not reachable. Skipping connection attempt.
[2024-12-28T05:32:49.616Z] Device at 10.30.28.23 is not reachable. Skipping connection attempt.
[2024-12-28T05:32:59.623Z] Device at 10.30.28.23 is not reachable. Skipping connection attempt.
[2024-12-28T05:33:09.643Z] Device at 10.30.28.23 is not reachable. Skipping connection attempt.
[2024-12-28T05:33:19.635Z] Device at 10.30.28.23 is not reachable. Skipping connection attempt.
[2024-12-28T05:33:29.611Z] Device at 10.30.28.23 is not reachable. Skipping connection attempt.
[2024-12-28T05:33:39.646Z] Device at 10.30.28.23 is not reachable. Skipping connection attempt.
[2024-12-28T05:33:49.665Z] Device at 10.30.28.23 is not reachable. Skipping connection attempt.
[2024-12-28T05:33:59.668Z] Device at 10.30.28.23 is not reachable. Skipping connection attempt.
[2024-12-28T05:34:09.686Z] Device at 10.30.28.23 is not reachable. Skipping connection attempt.
[2024-12-28T05:34:19.704Z] Device at 10.30.28.23 is not reachable. Skipping connection attempt.
[2024-12-28T05:34:29.699Z] Device at 10.30.28.23 is not reachable. Skipping connection attempt.
[2024-12-28T05:34:39.716Z] Device at 10.30.28.23 is not reachable. Skipping connection attempt.
[2024-12-28T05:34:49.712Z] Device at 10.30.28.23 is not reachable. Skipping connection attempt.
[2024-12-28T05:34:59.729Z] Device at 10.30.28.23 is not reachable. Skipping connection attempt.
[2024-12-28T05:35:09.734Z] Device at 10.30.28.23 is not reachable. Skipping connection attempt.
[2024-12-28T05:35:19.980Z] Device at 10.30.28.23 is not reachable. Skipping connection attempt.
[2024-12-28T05:35:29.748Z] Device at 10.30.28.23 is not reachable. Skipping connection attempt.
[2024-12-28T05:35:39.755Z] Device at 10.30.28.23 is not reachable. Skipping connection attempt.
[2024-12-28T05:35:49.772Z] Device at 10.30.28.23 is not reachable. Skipping connection attempt.
[2024-12-28T05:35:59.768Z] Device at 10.30.28.23 is not reachable. Skipping connection attempt.
[2024-12-28T05:36:09.774Z] Device at 10.30.28.23 is not reachable. Skipping connection attempt.
[2024-12-28T05:36:19.801Z] Device at 10.30.28.23 is not reachable. Skipping connection attempt.
[2024-12-28T05:36:31.373Z] Device at 10.30.28.23 is not reachable. Skipping connection attempt.
[2024-12-28T05:36:39.793Z] Device at 10.30.28.23 is not reachable. Skipping connection attempt.
[2024-12-28T05:36:49.839Z] Device at 10.30.28.23 is not reachable. Skipping connection attempt.
[2024-12-28T05:36:59.821Z] Device at 10.30.28.23 is not reachable. Skipping connection attempt.
[2024-12-28T05:37:09.813Z] Device at 10.30.28.23 is not reachable. Skipping connection attempt.
[2024-12-28T05:37:19.827Z] Device at 10.30.28.23 is not reachable. Skipping connection attempt.
[2024-12-28T05:37:29.839Z] Device at 10.30.28.23 is not reachable. Skipping connection attempt.
[2024-12-28T05:37:39.843Z] Device at 10.30.28.23 is not reachable. Skipping connection attempt.
[2024-12-28T05:37:49.848Z] Device at 10.30.28.23 is not reachable. Skipping connection attempt.
[2024-12-28T05:37:59.853Z] Device at 10.30.28.23 is not reachable. Skipping connection attempt.
[2024-12-28T05:38:09.875Z] Device at 10.30.28.23 is not reachable. Skipping connection attempt.
[2024-12-28T05:38:19.860Z] Device at 10.30.28.23 is not reachable. Skipping connection attempt.
[2024-12-28T05:38:29.883Z] Device at 10.30.28.23 is not reachable. Skipping connection attempt.
[2024-12-28T05:38:39.899Z] Device at 10.30.28.23 is not reachable. Skipping connection attempt.
[2024-12-28T05:38:49.907Z] Device at 10.30.28.23 is not reachable. Skipping connection attempt.
[2024-12-28T05:38:59.912Z] Device at 10.30.28.23 is not reachable. Skipping connection attempt.
[2024-12-28T05:39:09.918Z] Device at 10.30.28.23 is not reachable. Skipping connection attempt.
[2024-12-28T05:39:19.938Z] Device at 10.30.28.23 is not reachable. Skipping connection attempt.
[2024-12-28T05:39:29.952Z] Device at 10.30.28.23 is not reachable. Skipping connection attempt.
[2024-12-28T05:39:39.969Z] Device at 10.30.28.23 is not reachable. Skipping connection attempt.
[2024-12-28T05:39:49.994Z] Device at 10.30.28.23 is not reachable. Skipping connection attempt.
[2024-12-28T05:39:59.973Z] Device at 10.30.28.23 is not reachable. Skipping connection attempt.
[2024-12-28T05:40:09.996Z] Device at 10.30.28.23 is not reachable. Skipping connection attempt.
[2024-12-28T05:40:19.997Z] Device at 10.30.28.23 is not reachable. Skipping connection attempt.
[2024-12-28T05:40:30.000Z] Device at 10.30.28.23 is not reachable. Skipping connection attempt.
[2024-12-28T05:40:40.025Z] Device at 10.30.28.23 is not reachable. Skipping connection attempt.
[2024-12-28T05:40:50.023Z] Device at 10.30.28.23 is not reachable. Skipping connection attempt.
[2024-12-28T05:41:00.041Z] Device at 10.30.28.23 is not reachable. Skipping connection attempt.
[2024-12-28T05:41:10.047Z] Device at 10.30.28.23 is not reachable. Skipping connection attempt.
[2024-12-28T05:41:20.052Z] Device at 10.30.28.23 is not reachable. Skipping connection attempt.
[2024-12-28T05:41:30.060Z] Device at 10.30.28.23 is not reachable. Skipping connection attempt.
[2024-12-28T05:41:40.061Z] Device at 10.30.28.23 is not reachable. Skipping connection attempt.
[2024-12-28T05:41:50.073Z] Device at 10.30.28.23 is not reachable. Skipping connection attempt.
[2024-12-28T05:42:00.092Z] Device at 10.30.28.23 is not reachable. Skipping connection attempt.
[2024-12-28T05:42:10.087Z] Device at 10.30.28.23 is not reachable. Skipping connection attempt.
[2024-12-28T05:42:20.118Z] Device at 10.30.28.23 is not reachable. Skipping connection attempt.
[2024-12-28T05:42:30.099Z] Device at 10.30.28.23 is not reachable. Skipping connection attempt.
[2024-12-28T05:42:40.116Z] Device at 10.30.28.23 is not reachable. Skipping connection attempt.
[2024-12-28T05:42:50.110Z] Device at 10.30.28.23 is not reachable. Skipping connection attempt.
[2024-12-28T05:43:00.337Z] Device at 10.30.28.23 is not reachable. Skipping connection attempt.
[2024-12-28T05:43:10.105Z] Device at 10.30.28.23 is not reachable. Skipping connection attempt.
[2024-12-28T05:43:20.152Z] Device at 10.30.28.23 is not reachable. Skipping connection attempt.
[2024-12-28T05:43:32.387Z] Device at 10.30.28.23 is not reachable. Skipping connection attempt.
[2024-12-28T05:43:40.187Z] Device at 10.30.28.23 is not reachable. Skipping connection attempt.
[2024-12-28T05:43:50.154Z] Device at 10.30.28.23 is not reachable. Skipping connection attempt.
[2024-12-28T05:44:00.735Z] Device at 10.30.28.23 is not reachable. Skipping connection attempt.
[2024-12-28T05:44:10.172Z] Device at 10.30.28.23 is not reachable. Skipping connection attempt.
[2024-12-28T05:44:20.226Z] Device at 10.30.28.23 is not reachable. Skipping connection attempt.
[2024-12-28T05:44:30.185Z] Device at 10.30.28.23 is not reachable. Skipping connection attempt.
[2024-12-28T05:44:40.205Z] Device at 10.30.28.23 is not reachable. Skipping connection attempt.
[2024-12-28T05:44:50.201Z] Device at 10.30.28.23 is not reachable. Skipping connection attempt.
[2024-12-28T05:45:00.187Z] Device at 10.30.28.23 is not reachable. Skipping connection attempt.
[2024-12-28T05:45:10.203Z] Device at 10.30.28.23 is not reachable. Skipping connection attempt.
[2024-12-28T05:45:20.221Z] Device at 10.30.28.23 is not reachable. Skipping connection attempt.
[2024-12-28T05:45:30.192Z] Device at 10.30.28.23 is not reachable. Skipping connection attempt.
[2024-12-28T05:45:40.244Z] Device at 10.30.28.23 is not reachable. Skipping connection attempt.
[2024-12-28T05:45:50.199Z] Device at 10.30.28.23 is not reachable. Skipping connection attempt.
[2024-12-28T05:46:00.220Z] Device at 10.30.28.23 is not reachable. Skipping connection attempt.
[2024-12-28T05:46:10.239Z] Device at 10.30.28.23 is not reachable. Skipping connection attempt.
[2024-12-28T05:46:20.285Z] Device at 10.30.28.23 is not reachable. Skipping connection attempt.
[2024-12-28T05:46:30.269Z] Device at 10.30.28.23 is not reachable. Skipping connection attempt.
[2024-12-28T05:46:40.284Z] Device at 10.30.28.23 is not reachable. Skipping connection attempt.
[2024-12-28T05:46:50.311Z] Device at 10.30.28.23 is not reachable. Skipping connection attempt.
[2024-12-28T05:47:00.290Z] Device at 10.30.28.23 is not reachable. Skipping connection attempt.
[2024-12-28T05:47:10.372Z] Device at 10.30.28.23 is not reachable. Skipping connection attempt.
[2024-12-28T05:47:20.314Z] Device at 10.30.28.23 is not reachable. Skipping connection attempt.
[2024-12-28T05:47:30.319Z] Device at 10.30.28.23 is not reachable. Skipping connection attempt.
[2024-12-28T05:47:40.304Z] Device at 10.30.28.23 is not reachable. Skipping connection attempt.
[2024-12-28T05:47:50.331Z] Device at 10.30.28.23 is not reachable. Skipping connection attempt.
[2024-12-28T05:48:00.579Z] Device at 10.30.28.23 is not reachable. Skipping connection attempt.
[2024-12-28T05:48:10.335Z] Device at 10.30.28.23 is not reachable. Skipping connection attempt.
[2024-12-28T05:48:20.358Z] Device at 10.30.28.23 is not reachable. Skipping connection attempt.
[2024-12-28T05:48:30.356Z] Device at 10.30.28.23 is not reachable. Skipping connection attempt.
[2024-12-28T05:48:40.350Z] Device at 10.30.28.23 is not reachable. Skipping connection attempt.
[2024-12-28T05:48:50.358Z] Device at 10.30.28.23 is not reachable. Skipping connection attempt.
[2024-12-28T05:49:00.375Z] Device at 10.30.28.23 is not reachable. Skipping connection attempt.
[2024-12-28T05:49:10.381Z] Device at 10.30.28.23 is not reachable. Skipping connection attempt.
[2024-12-28T05:49:20.396Z] Device at 10.30.28.23 is not reachable. Skipping connection attempt.
[2024-12-28T05:49:30.390Z] Device at 10.30.28.23 is not reachable. Skipping connection attempt.
[2024-12-28T05:49:40.407Z] Device at 10.30.28.23 is not reachable. Skipping connection attempt.
[2024-12-28T05:49:50.428Z] Device at 10.30.28.23 is not reachable. Skipping connection attempt.
[2024-12-28T05:50:00.402Z] Device at 10.30.28.23 is not reachable. Skipping connection attempt.
[2024-12-28T05:50:10.429Z] Device at 10.30.28.23 is not reachable. Skipping connection attempt.
[2024-12-28T05:50:20.406Z] Device at 10.30.28.23 is not reachable. Skipping connection attempt.
[2024-12-28T05:50:30.443Z] Device at 10.30.28.23 is not reachable. Skipping connection attempt.
[2024-12-28T05:50:40.447Z] Device at 10.30.28.23 is not reachable. Skipping connection attempt.
[2024-12-28T05:50:50.463Z] Device at 10.30.28.23 is not reachable. Skipping connection attempt.
[2024-12-28T05:51:00.480Z] Device at 10.30.28.23 is not reachable. Skipping connection attempt.
[2024-12-28T05:51:10.484Z] Device at 10.30.28.23 is not reachable. Skipping connection attempt.
[2024-12-28T05:51:20.516Z] Device at 10.30.28.23 is not reachable. Skipping connection attempt.
[2024-12-28T05:51:30.520Z] Device at 10.30.28.23 is not reachable. Skipping connection attempt.
[2024-12-28T05:51:40.538Z] Device at 10.30.28.23 is not reachable. Skipping connection attempt.
[2024-12-28T05:51:50.549Z] Device at 10.30.28.23 is not reachable. Skipping connection attempt.
[2024-12-28T05:52:00.556Z] Device at 10.30.28.23 is not reachable. Skipping connection attempt.
[2024-12-28T05:52:10.567Z] Device at 10.30.28.23 is not reachable. Skipping connection attempt.
[2024-12-28T05:52:22.368Z] Device at 10.30.28.23 is not reachable. Skipping connection attempt.
[2024-12-28T05:52:30.618Z] Device at 10.30.28.23 is not reachable. Skipping connection attempt.
[2024-12-28T05:52:40.606Z] Device at 10.30.28.23 is not reachable. Skipping connection attempt.
[2024-12-28T05:52:50.604Z] Device at 10.30.28.23 is not reachable. Skipping connection attempt.
[2024-12-28T05:53:00.632Z] Device at 10.30.28.23 is not reachable. Skipping connection attempt.
[2024-12-28T05:53:10.624Z] Device at 10.30.28.23 is not reachable. Skipping connection attempt.
[2024-12-28T05:53:20.629Z] Device at 10.30.28.23 is not reachable. Skipping connection attempt.
[2024-12-28T05:53:30.637Z] Device at 10.30.28.23 is not reachable. Skipping connection attempt.
[2024-12-28T05:53:40.664Z] Device at 10.30.28.23 is not reachable. Skipping connection attempt.
[2024-12-28T05:53:50.627Z] Device at 10.30.28.23 is not reachable. Skipping connection attempt.
[2024-12-28T05:54:00.665Z] Device at 10.30.28.23 is not reachable. Skipping connection attempt.
[2024-12-28T05:54:10.671Z] Device at 10.30.28.23 is not reachable. Skipping connection attempt.
[2024-12-28T05:54:20.688Z] Device at 10.30.28.23 is not reachable. Skipping connection attempt.
[2024-12-28T05:54:30.708Z] Device at 10.30.28.23 is not reachable. Skipping connection attempt.
[2024-12-28T05:54:40.690Z] Device at 10.30.28.23 is not reachable. Skipping connection attempt.
[2024-12-28T05:54:50.711Z] Device at 10.30.28.23 is not reachable. Skipping connection attempt.
[2024-12-28T05:55:00.713Z] Device at 10.30.28.23 is not reachable. Skipping connection attempt.
[2024-12-28T05:55:10.727Z] Device at 10.30.28.23 is not reachable. Skipping connection attempt.
[2024-12-28T05:55:20.725Z] Device at 10.30.28.23 is not reachable. Skipping connection attempt.
[2024-12-28T05:55:30.723Z] Device at 10.30.28.23 is not reachable. Skipping connection attempt.
[2024-12-28T05:55:40.728Z] Device at 10.30.28.23 is not reachable. Skipping connection attempt.
[2024-12-28T05:55:50.732Z] Device at 10.30.28.23 is not reachable. Skipping connection attempt.
[2024-12-28T05:56:00.740Z] Device at 10.30.28.23 is not reachable. Skipping connection attempt.
[2024-12-28T05:56:10.757Z] Device at 10.30.28.23 is not reachable. Skipping connection attempt.
[2024-12-28T05:56:20.764Z] Device at 10.30.28.23 is not reachable. Skipping connection attempt.
[2024-12-28T05:56:30.773Z] Device at 10.30.28.23 is not reachable. Skipping connection attempt.
[2024-12-28T05:56:40.766Z] Device at 10.30.28.23 is not reachable. Skipping connection attempt.
[2024-12-28T05:56:50.747Z] Device at 10.30.28.23 is not reachable. Skipping connection attempt.
[2024-12-28T05:57:00.798Z] Device at 10.30.28.23 is not reachable. Skipping connection attempt.
[2024-12-28T05:57:10.803Z] Device at 10.30.28.23 is not reachable. Skipping connection attempt.
[2024-12-28T05:57:20.789Z] Device at 10.30.28.23 is not reachable. Skipping connection attempt.
[2024-12-28T05:57:30.820Z] Device at 10.30.28.23 is not reachable. Skipping connection attempt.
[2024-12-28T05:57:40.840Z] Device at 10.30.28.23 is not reachable. Skipping connection attempt.
[2024-12-28T05:57:50.830Z] Device at 10.30.28.23 is not reachable. Skipping connection attempt.
[2024-12-28T05:58:00.809Z] Device at 10.30.28.23 is not reachable. Skipping connection attempt.
[2024-12-28T05:58:10.854Z] Device at 10.30.28.23 is not reachable. Skipping connection attempt.
[2024-12-28T05:58:20.830Z] Device at 10.30.28.23 is not reachable. Skipping connection attempt.
[2024-12-28T05:58:30.865Z] Device at 10.30.28.23 is not reachable. Skipping connection attempt.
[2024-12-28T05:58:40.882Z] Device at 10.30.28.23 is not reachable. Skipping connection attempt.
[2024-12-28T05:58:50.880Z] Device at 10.30.28.23 is not reachable. Skipping connection attempt.
[2024-12-28T05:59:00.885Z] Device at 10.30.28.23 is not reachable. Skipping connection attempt.
[2024-12-28T05:59:10.890Z] Device at 10.30.28.23 is not reachable. Skipping connection attempt.
[2024-12-28T05:59:20.860Z] Device at 10.30.28.23 is not reachable. Skipping connection attempt.
[2024-12-28T05:59:30.902Z] Device at 10.30.28.23 is not reachable. Skipping connection attempt.
[2024-12-28T05:59:40.932Z] Device at 10.30.28.23 is not reachable. Skipping connection attempt.
[2024-12-28T05:59:50.923Z] Device at 10.30.28.23 is not reachable. Skipping connection attempt.
[2024-12-28T06:00:00.924Z] Device at 10.30.28.23 is not reachable. Skipping connection attempt.
[2024-12-28T06:00:10.920Z] Device at 10.30.28.23 is not reachable. Skipping connection attempt.
[2024-12-28T06:00:20.941Z] Device at 10.30.28.23 is not reachable. Skipping connection attempt.
[2024-12-28T06:00:30.942Z] Device at 10.30.28.23 is not reachable. Skipping connection attempt.
[2024-12-28T06:00:40.954Z] Device at 10.30.28.23 is not reachable. Skipping connection attempt.
[2024-12-28T06:00:50.954Z] Device at 10.30.28.23 is not reachable. Skipping connection attempt.
[2024-12-28T06:01:00.961Z] Device at 10.30.28.23 is not reachable. Skipping connection attempt.
[2024-12-28T06:01:10.962Z] Device at 10.30.28.23 is not reachable. Skipping connection attempt.
[2024-12-28T06:01:21.078Z] Device at 10.30.28.23 is not reachable. Skipping connection attempt.
[2024-12-28T06:01:31.040Z] Device at 10.30.28.23 is not reachable. Skipping connection attempt.
[2024-12-28T06:01:41.038Z] Device at 10.30.28.23 is not reachable. Skipping connection attempt.
[2024-12-28T06:01:51.047Z] Device at 10.30.28.23 is not reachable. Skipping connection attempt.
[2024-12-28T06:02:01.055Z] Device at 10.30.28.23 is not reachable. Skipping connection attempt.
[2024-12-28T06:02:11.055Z] Device at 10.30.28.23 is not reachable. Skipping connection attempt.
[2024-12-28T06:02:21.064Z] Device at 10.30.28.23 is not reachable. Skipping connection attempt.
[2024-12-28T06:02:31.076Z] Device at 10.30.28.23 is not reachable. Skipping connection attempt.
[2024-12-28T06:02:41.068Z] Device at 10.30.28.23 is not reachable. Skipping connection attempt.
[2024-12-28T06:02:51.086Z] Device at 10.30.28.23 is not reachable. Skipping connection attempt.
[2024-12-28T06:03:01.089Z] Device at 10.30.28.23 is not reachable. Skipping connection attempt.
[2024-12-28T06:03:11.096Z] Device at 10.30.28.23 is not reachable. Skipping connection attempt.
[2024-12-28T06:03:21.111Z] Device at 10.30.28.23 is not reachable. Skipping connection attempt.
[2024-12-28T06:03:31.117Z] Device at 10.30.28.23 is not reachable. Skipping connection attempt.
[2024-12-28T06:03:41.135Z] Device at 10.30.28.23 is not reachable. Skipping connection attempt.
[2024-12-28T06:03:51.150Z] Device at 10.30.28.23 is not reachable. Skipping connection attempt.
[2024-12-28T06:04:01.140Z] Device at 10.30.28.23 is not reachable. Skipping connection attempt.
[2024-12-28T06:04:11.154Z] Device at 10.30.28.23 is not reachable. Skipping connection attempt.
[2024-12-28T06:04:21.148Z] Device at 10.30.28.23 is not reachable. Skipping connection attempt.
[2024-12-28T06:04:31.170Z] Device at 10.30.28.23 is not reachable. Skipping connection attempt.
[2024-12-28T06:04:41.175Z] Device at 10.30.28.23 is not reachable. Skipping connection attempt.
[2024-12-28T06:04:51.149Z] Device at 10.30.28.23 is not reachable. Skipping connection attempt.
[2024-12-28T06:05:01.187Z] Device at 10.30.28.23 is not reachable. Skipping connection attempt.
[2024-12-28T06:05:11.192Z] Device at 10.30.28.23 is not reachable. Skipping connection attempt.
[2024-12-28T06:05:21.208Z] Device at 10.30.28.23 is not reachable. Skipping connection attempt.
[2024-12-28T06:05:31.183Z] Device at 10.30.28.23 is not reachable. Skipping connection attempt.
[2024-12-28T06:05:41.222Z] Device at 10.30.28.23 is not reachable. Skipping connection attempt.
[2024-12-28T06:05:51.226Z] Device at 10.30.28.23 is not reachable. Skipping connection attempt.
[2024-12-28T06:06:01.245Z] Device at 10.30.28.23 is not reachable. Skipping connection attempt.
[2024-12-28T06:06:11.241Z] Device at 10.30.28.23 is not reachable. Skipping connection attempt.
[2024-12-28T06:06:21.279Z] Device at 10.30.28.23 is not reachable. Skipping connection attempt.
[2024-12-28T06:06:31.271Z] Device at 10.30.28.23 is not reachable. Skipping connection attempt.
[2024-12-28T06:06:41.280Z] Device at 10.30.28.23 is not reachable. Skipping connection attempt.
[2024-12-28T06:06:51.308Z] Device at 10.30.28.23 is not reachable. Skipping connection attempt.
[2024-12-28T06:07:01.305Z] Device at 10.30.28.23 is not reachable. Skipping connection attempt.
[2024-12-28T06:07:11.308Z] Device at 10.30.28.23 is not reachable. Skipping connection attempt.
[2024-12-28T06:07:21.325Z] Device at 10.30.28.23 is not reachable. Skipping connection attempt.
[2024-12-28T06:07:31.330Z] Device at 10.30.28.23 is not reachable. Skipping connection attempt.
[2024-12-28T06:07:41.347Z] Device at 10.30.28.23 is not reachable. Skipping connection attempt.
[2024-12-28T06:07:51.344Z] Device at 10.30.28.23 is not reachable. Skipping connection attempt.
[2024-12-28T06:08:01.341Z] Device at 10.30.28.23 is not reachable. Skipping connection attempt.
[2024-12-28T06:08:11.357Z] Device at 10.30.28.23 is not reachable. Skipping connection attempt.
[2024-12-28T06:08:21.365Z] Device at 10.30.28.23 is not reachable. Skipping connection attempt.
[2024-12-28T06:08:31.380Z] Device at 10.30.28.23 is not reachable. Skipping connection attempt.
[2024-12-28T06:08:41.384Z] Device at 10.30.28.23 is not reachable. Skipping connection attempt.
[2024-12-28T06:08:51.393Z] Device at 10.30.28.23 is not reachable. Skipping connection attempt.
[2024-12-28T06:09:01.396Z] Device at 10.30.28.23 is not reachable. Skipping connection attempt.
[2024-12-28T06:09:11.412Z] Device at 10.30.28.23 is not reachable. Skipping connection attempt.
[2024-12-28T06:09:21.428Z] Device at 10.30.28.23 is not reachable. Skipping connection attempt.
[2024-12-28T06:09:31.428Z] Device at 10.30.28.23 is not reachable. Skipping connection attempt.
[2024-12-28T06:09:41.452Z] Device at 10.30.28.23 is not reachable. Skipping connection attempt.
[2024-12-28T06:09:51.451Z] Device at 10.30.28.23 is not reachable. Skipping connection attempt.
[2024-12-28T06:10:01.446Z] Device at 10.30.28.23 is not reachable. Skipping connection attempt.
[2024-12-28T06:10:11.464Z] Device at 10.30.28.23 is not reachable. Skipping connection attempt.
[2024-12-28T06:10:21.478Z] Device at 10.30.28.23 is not reachable. Skipping connection attempt.
[2024-12-28T06:10:31.505Z] Device at 10.30.28.23 is not reachable. Skipping connection attempt.
[2024-12-28T06:10:41.492Z] Device at 10.30.28.23 is not reachable. Skipping connection attempt.
[2024-12-28T06:10:51.489Z] Device at 10.30.28.23 is not reachable. Skipping connection attempt.
[2024-12-28T06:11:01.496Z] Device at 10.30.28.23 is not reachable. Skipping connection attempt.
[2024-12-28T06:11:11.503Z] Device at 10.30.28.23 is not reachable. Skipping connection attempt.
[2024-12-28T06:11:21.518Z] Device at 10.30.28.23 is not reachable. Skipping connection attempt.
[2024-12-28T06:11:31.530Z] Device at 10.30.28.23 is not reachable. Skipping connection attempt.
[2024-12-28T06:11:41.522Z] Device at 10.30.28.23 is not reachable. Skipping connection attempt.
[2024-12-28T06:11:51.536Z] Device at 10.30.28.23 is not reachable. Skipping connection attempt.
[2024-12-28T06:12:01.537Z] Device at 10.30.28.23 is not reachable. Skipping connection attempt.
[2024-12-28T06:12:11.552Z] Device at 10.30.28.23 is not reachable. Skipping connection attempt.
[2024-12-28T06:12:21.587Z] Device at 10.30.28.23 is not reachable. Skipping connection attempt.
[2024-12-28T06:12:31.571Z] Device at 10.30.28.23 is not reachable. Skipping connection attempt.
[2024-12-28T06:12:41.568Z] Device at 10.30.28.23 is not reachable. Skipping connection attempt.
[2024-12-28T06:12:51.547Z] Device at 10.30.28.23 is not reachable. Skipping connection attempt.
[2024-12-28T06:13:01.590Z] Device at 10.30.28.23 is not reachable. Skipping connection attempt.
[2024-12-28T06:13:11.598Z] Device at 10.30.28.23 is not reachable. Skipping connection attempt.
[2024-12-28T06:13:21.609Z] Device at 10.30.28.23 is not reachable. Skipping connection attempt.
[2024-12-28T06:13:31.623Z] Device at 10.30.28.23 is not reachable. Skipping connection attempt.
[2024-12-28T06:13:41.619Z] Device at 10.30.28.23 is not reachable. Skipping connection attempt.
[2024-12-28T06:13:51.625Z] Device at 10.30.28.23 is not reachable. Skipping connection attempt.
[2024-12-28T06:14:01.630Z] Device at 10.30.28.23 is not reachable. Skipping connection attempt.
[2024-12-28T06:14:11.649Z] Device at 10.30.28.23 is not reachable. Skipping connection attempt.
[2024-12-28T06:14:21.657Z] Device at 10.30.28.23 is not reachable. Skipping connection attempt.
[2024-12-28T06:14:31.641Z] Device at 10.30.28.23 is not reachable. Skipping connection attempt.
[2024-12-28T06:14:41.676Z] Device at 10.30.28.23 is not reachable. Skipping connection attempt.
[2024-12-28T06:14:51.683Z] Device at 10.30.28.23 is not reachable. Skipping connection attempt.
[2024-12-28T06:15:01.690Z] Device at 10.30.28.23 is not reachable. Skipping connection attempt.
[2024-12-28T06:15:11.708Z] Device at 10.30.28.23 is not reachable. Skipping connection attempt.
[2024-12-28T06:15:21.713Z] Device at 10.30.28.23 is not reachable. Skipping connection attempt.
[2024-12-28T06:15:31.731Z] Device at 10.30.28.23 is not reachable. Skipping connection attempt.
[2024-12-28T06:15:41.744Z] Device at 10.30.28.23 is not reachable. Skipping connection attempt.
[2024-12-28T06:15:51.741Z] Device at 10.30.28.23 is not reachable. Skipping connection attempt.
[2024-12-28T06:16:01.748Z] Device at 10.30.28.23 is not reachable. Skipping connection attempt.
[2024-12-28T06:16:11.753Z] Device at 10.30.28.23 is not reachable. Skipping connection attempt.
[2024-12-28T06:16:21.763Z] Device at 10.30.28.23 is not reachable. Skipping connection attempt.
[2024-12-28T06:16:31.757Z] Device at 10.30.28.23 is not reachable. Skipping connection attempt.
[2024-12-28T06:16:41.779Z] Device at 10.30.28.23 is not reachable. Skipping connection attempt.
[2024-12-28T06:16:51.790Z] Device at 10.30.28.23 is not reachable. Skipping connection attempt.
[2024-12-28T06:17:01.808Z] Device at 10.30.28.23 is not reachable. Skipping connection attempt.
[2024-12-28T06:17:11.843Z] Device at 10.30.28.23 is not reachable. Skipping connection attempt.
[2024-12-28T06:17:21.831Z] Device at 10.30.28.23 is not reachable. Skipping connection attempt.
[2024-12-28T06:17:31.842Z] Device at 10.30.28.23 is not reachable. Skipping connection attempt.
[2024-12-28T06:17:41.861Z] Device at 10.30.28.23 is not reachable. Skipping connection attempt.
[2024-12-28T06:17:53.865Z] Device at 10.30.28.23 is not reachable. Skipping connection attempt.
[2024-12-28T06:18:01.867Z] Device at 10.30.28.23 is not reachable. Skipping connection attempt.
[2024-12-28T06:18:11.876Z] Device at 10.30.28.23 is not reachable. Skipping connection attempt.
[2024-12-28T06:18:21.872Z] Device at 10.30.28.23 is not reachable. Skipping connection attempt.
[2024-12-28T06:18:31.891Z] Device at 10.30.28.23 is not reachable. Skipping connection attempt.
[2024-12-28T06:18:41.880Z] Device at 10.30.28.23 is not reachable. Skipping connection attempt.
[2024-12-28T06:18:51.888Z] Device at 10.30.28.23 is not reachable. Skipping connection attempt.
[2024-12-28T06:19:01.907Z] Device at 10.30.28.23 is not reachable. Skipping connection attempt.
[2024-12-28T06:19:11.912Z] Device at 10.30.28.23 is not reachable. Skipping connection attempt.
[2024-12-28T06:19:21.938Z] Device at 10.30.28.23 is not reachable. Skipping connection attempt.
[2024-12-28T06:19:31.935Z] Device at 10.30.28.23 is not reachable. Skipping connection attempt.
[2024-12-28T06:19:41.944Z] Device at 10.30.28.23 is not reachable. Skipping connection attempt.
[2024-12-28T06:19:51.954Z] Device at 10.30.28.23 is not reachable. Skipping connection attempt.
[2024-12-28T06:20:01.961Z] Device at 10.30.28.23 is not reachable. Skipping connection attempt.
[2024-12-28T06:20:11.984Z] Device at 10.30.28.23 is not reachable. Skipping connection attempt.
[2024-12-28T06:20:21.966Z] Device at 10.30.28.23 is not reachable. Skipping connection attempt.
[2024-12-28T06:20:31.964Z] Device at 10.30.28.23 is not reachable. Skipping connection attempt.
[2024-12-28T06:20:41.978Z] Device at 10.30.28.23 is not reachable. Skipping connection attempt.
[2024-12-28T06:20:51.980Z] Device at 10.30.28.23 is not reachable. Skipping connection attempt.
[2024-12-28T06:21:01.994Z] Device at 10.30.28.23 is not reachable. Skipping connection attempt.
[2024-12-28T06:21:11.968Z] Device at 10.30.28.23 is not reachable. Skipping connection attempt.
[2024-12-28T06:21:22.003Z] Device at 10.30.28.23 is not reachable. Skipping connection attempt.
[2024-12-28T06:21:32.013Z] Device at 10.30.28.23 is not reachable. Skipping connection attempt.
[2024-12-28T06:21:42.018Z] Device at 10.30.28.23 is not reachable. Skipping connection attempt.
[2024-12-28T06:21:52.024Z] Device at 10.30.28.23 is not reachable. Skipping connection attempt.
[2024-12-28T06:22:02.029Z] Device at 10.30.28.23 is not reachable. Skipping connection attempt.
[2024-12-28T06:22:12.034Z] Device at 10.30.28.23 is not reachable. Skipping connection attempt.
[2024-12-28T06:22:22.054Z] Device at 10.30.28.23 is not reachable. Skipping connection attempt.
[2024-12-28T06:22:32.049Z] Device at 10.30.28.23 is not reachable. Skipping connection attempt.
[2024-12-28T06:22:42.052Z] Device at 10.30.28.23 is not reachable. Skipping connection attempt.
[2024-12-28T06:22:52.055Z] Device at 10.30.28.23 is not reachable. Skipping connection attempt.
[2024-12-28T06:23:02.061Z] Device at 10.30.28.23 is not reachable. Skipping connection attempt.
[2024-12-28T06:23:12.074Z] Device at 10.30.28.23 is not reachable. Skipping connection attempt.
[2024-12-28T06:23:22.073Z] Device at 10.30.28.23 is not reachable. Skipping connection attempt.
[2024-12-28T06:23:32.072Z] Device at 10.30.28.23 is not reachable. Skipping connection attempt.
[2024-12-28T06:23:42.096Z] Device at 10.30.28.23 is not reachable. Skipping connection attempt.
[2024-12-28T06:23:52.113Z] Device at 10.30.28.23 is not reachable. Skipping connection attempt.
[2024-12-28T06:24:02.111Z] Device at 10.30.28.23 is not reachable. Skipping connection attempt.
[2024-12-28T06:24:12.113Z] Device at 10.30.28.23 is not reachable. Skipping connection attempt.
[2024-12-28T06:24:22.120Z] Device at 10.30.28.23 is not reachable. Skipping connection attempt.
[2024-12-28T06:24:32.140Z] Device at 10.30.28.23 is not reachable. Skipping connection attempt.
[2024-12-28T06:24:42.142Z] Device at 10.30.28.23 is not reachable. Skipping connection attempt.
[2024-12-28T06:24:52.149Z] Device at 10.30.28.23 is not reachable. Skipping connection attempt.
[2024-12-28T06:25:02.159Z] Device at 10.30.28.23 is not reachable. Skipping connection attempt.
[2024-12-28T06:25:12.164Z] Device at 10.30.28.23 is not reachable. Skipping connection attempt.
[2024-12-28T06:25:22.171Z] Device at 10.30.28.23 is not reachable. Skipping connection attempt.
[2024-12-28T06:25:32.180Z] Device at 10.30.28.23 is not reachable. Skipping connection attempt.
[2024-12-28T06:25:42.184Z] Device at 10.30.28.23 is not reachable. Skipping connection attempt.
[2024-12-28T06:25:52.190Z] Device at 10.30.28.23 is not reachable. Skipping connection attempt.
[2024-12-28T06:26:02.196Z] Device at 10.30.28.23 is not reachable. Skipping connection attempt.
[2024-12-28T06:26:12.225Z] Device at 10.30.28.23 is not reachable. Skipping connection attempt.
[2024-12-28T06:26:22.239Z] Device at 10.30.28.23 is not reachable. Skipping connection attempt.
[2024-12-28T06:26:32.234Z] Device at 10.30.28.23 is not reachable. Skipping connection attempt.
[2024-12-28T06:26:42.210Z] Device at 10.30.28.23 is not reachable. Skipping connection attempt.
[2024-12-28T06:26:52.250Z] Device at 10.30.28.23 is not reachable. Skipping connection attempt.
[2024-12-28T06:27:02.275Z] Device at 10.30.28.23 is not reachable. Skipping connection attempt.
[2024-12-28T06:27:12.270Z] Device at 10.30.28.23 is not reachable. Skipping connection attempt.
[2024-12-28T06:27:22.253Z] Device at 10.30.28.23 is not reachable. Skipping connection attempt.
[2024-12-28T06:27:32.264Z] Device at 10.30.28.23 is not reachable. Skipping connection attempt.
[2024-12-28T06:27:42.279Z] Device at 10.30.28.23 is not reachable. Skipping connection attempt.
[2024-12-28T06:27:52.285Z] Device at 10.30.28.23 is not reachable. Skipping connection attempt.
[2024-12-28T06:28:02.292Z] Device at 10.30.28.23 is not reachable. Skipping connection attempt.
[2024-12-28T06:28:12.298Z] Device at 10.30.28.23 is not reachable. Skipping connection attempt.
[2024-12-28T06:28:22.296Z] Device at 10.30.28.23 is not reachable. Skipping connection attempt.
[2024-12-28T06:28:32.302Z] Device at 10.30.28.23 is not reachable. Skipping connection attempt.
[2024-12-28T06:28:42.318Z] Device at 10.30.28.23 is not reachable. Skipping connection attempt.
[2024-12-28T06:28:52.315Z] Device at 10.30.28.23 is not reachable. Skipping connection attempt.
[2024-12-28T06:29:02.322Z] Device at 10.30.28.23 is not reachable. Skipping connection attempt.
[2024-12-28T06:29:12.326Z] Device at 10.30.28.23 is not reachable. Skipping connection attempt.
[2024-12-28T06:29:22.334Z] Device at 10.30.28.23 is not reachable. Skipping connection attempt.
[2024-12-28T06:29:32.330Z] Device at 10.30.28.23 is not reachable. Skipping connection attempt.
[2024-12-28T06:29:42.367Z] Device at 10.30.28.23 is not reachable. Skipping connection attempt.
[2024-12-28T06:29:52.385Z] Device at 10.30.28.23 is not reachable. Skipping connection attempt.
[2024-12-28T06:30:02.379Z] Device at 10.30.28.23 is not reachable. Skipping connection attempt.
[2024-12-28T06:30:12.387Z] Device at 10.30.28.23 is not reachable. Skipping connection attempt.
[2024-12-28T06:30:22.405Z] Device at 10.30.28.23 is not reachable. Skipping connection attempt.
[2024-12-28T06:30:32.411Z] Device at 10.30.28.23 is not reachable. Skipping connection attempt.
[2024-12-28T06:30:42.414Z] Device at 10.30.28.23 is not reachable. Skipping connection attempt.
[2024-12-28T06:30:52.442Z] Device at 10.30.28.23 is not reachable. Skipping connection attempt.
[2024-12-28T06:31:02.416Z] Device at 10.30.28.23 is not reachable. Skipping connection attempt.
[2024-12-28T06:31:12.506Z] Device at 10.30.28.23 is not reachable. Skipping connection attempt.
[2024-12-28T06:31:24.365Z] Device at 10.30.28.23 is not reachable. Skipping connection attempt.
[2024-12-28T06:31:32.538Z] Device at 10.30.28.23 is not reachable. Skipping connection attempt.
[2024-12-28T06:31:42.573Z] Device at 10.30.28.23 is not reachable. Skipping connection attempt.
[2024-12-28T06:31:52.558Z] Device at 10.30.28.23 is not reachable. Skipping connection attempt.
[2024-12-28T06:32:02.574Z] Device at 10.30.28.23 is not reachable. Skipping connection attempt.
[2024-12-28T06:32:12.575Z] Device at 10.30.28.23 is not reachable. Skipping connection attempt.
[2024-12-28T06:32:22.578Z] Device at 10.30.28.23 is not reachable. Skipping connection attempt.
[2024-12-28T06:32:32.587Z] Device at 10.30.28.23 is not reachable. Skipping connection attempt.
[2024-12-28T06:32:42.593Z] Device at 10.30.28.23 is not reachable. Skipping connection attempt.
[2024-12-28T06:32:52.608Z] Device at 10.30.28.23 is not reachable. Skipping connection attempt.
[2024-12-28T06:33:02.620Z] Device at 10.30.28.23 is not reachable. Skipping connection attempt.
[2024-12-28T06:33:12.632Z] Device at 10.30.28.23 is not reachable. Skipping connection attempt.
[2024-12-28T06:33:22.650Z] Device at 10.30.28.23 is not reachable. Skipping connection attempt.
[2024-12-28T06:33:32.656Z] Device at 10.30.28.23 is not reachable. Skipping connection attempt.
[2024-12-28T06:33:42.664Z] Device at 10.30.28.23 is not reachable. Skipping connection attempt.
[2024-12-28T06:33:52.677Z] Device at 10.30.28.23 is not reachable. Skipping connection attempt.
[2024-12-28T06:34:02.685Z] Device at 10.30.28.23 is not reachable. Skipping connection attempt.
[2024-12-28T06:34:12.690Z] Device at 10.30.28.23 is not reachable. Skipping connection attempt.
[2024-12-28T06:34:22.708Z] Device at 10.30.28.23 is not reachable. Skipping connection attempt.
[2024-12-28T06:34:32.711Z] Device at 10.30.28.23 is not reachable. Skipping connection attempt.
[2024-12-28T06:34:42.710Z] Device at 10.30.28.23 is not reachable. Skipping connection attempt.
[2024-12-28T06:34:52.726Z] Device at 10.30.28.23 is not reachable. Skipping connection attempt.
[2024-12-28T06:35:02.741Z] Device at 10.30.28.23 is not reachable. Skipping connection attempt.
[2024-12-28T06:35:12.738Z] Device at 10.30.28.23 is not reachable. Skipping connection attempt.
[2024-12-28T06:35:22.743Z] Device at 10.30.28.23 is not reachable. Skipping connection attempt.
[2024-12-28T06:35:32.756Z] Device at 10.30.28.23 is not reachable. Skipping connection attempt.
[2024-12-28T06:35:42.760Z] Device at 10.30.28.23 is not reachable. Skipping connection attempt.
[2024-12-28T06:35:52.756Z] Device at 10.30.28.23 is not reachable. Skipping connection attempt.
[2024-12-28T06:36:02.750Z] Device at 10.30.28.23 is not reachable. Skipping connection attempt.
[2024-12-28T06:36:12.786Z] Device at 10.30.28.23 is not reachable. Skipping connection attempt.
[2024-12-28T06:36:22.803Z] Device at 10.30.28.23 is not reachable. Skipping connection attempt.
[2024-12-28T06:36:32.802Z] Device at 10.30.28.23 is not reachable. Skipping connection attempt.
[2024-12-28T06:36:42.818Z] Device at 10.30.28.23 is not reachable. Skipping connection attempt.
[2024-12-28T06:36:52.812Z] Device at 10.30.28.23 is not reachable. Skipping connection attempt.
[2024-12-28T06:37:02.840Z] Device at 10.30.28.23 is not reachable. Skipping connection attempt.
[2024-12-28T06:37:12.826Z] Device at 10.30.28.23 is not reachable. Skipping connection attempt.
[2024-12-28T06:37:22.832Z] Device at 10.30.28.23 is not reachable. Skipping connection attempt.
[2024-12-28T06:37:32.829Z] Device at 10.30.28.23 is not reachable. Skipping connection attempt.
[2024-12-28T06:37:42.844Z] Device at 10.30.28.23 is not reachable. Skipping connection attempt.
[2024-12-28T06:37:52.822Z] Device at 10.30.28.23 is not reachable. Skipping connection attempt.
[2024-12-28T06:38:02.848Z] Device at 10.30.28.23 is not reachable. Skipping connection attempt.
[2024-12-28T06:38:12.865Z] Device at 10.30.28.23 is not reachable. Skipping connection attempt.
[2024-12-28T06:38:22.862Z] Device at 10.30.28.23 is not reachable. Skipping connection attempt.
[2024-12-28T06:38:32.879Z] Device at 10.30.28.23 is not reachable. Skipping connection attempt.
[2024-12-28T06:38:42.882Z] Device at 10.30.28.23 is not reachable. Skipping connection attempt.
[2024-12-28T06:38:52.889Z] Device at 10.30.28.23 is not reachable. Skipping connection attempt.
[2024-12-28T06:39:02.888Z] Device at 10.30.28.23 is not reachable. Skipping connection attempt.
[2024-12-28T06:39:12.907Z] Device at 10.30.28.23 is not reachable. Skipping connection attempt.
[2024-12-28T06:39:22.901Z] Device at 10.30.28.23 is not reachable. Skipping connection attempt.
[2024-12-28T06:39:32.927Z] Device at 10.30.28.23 is not reachable. Skipping connection attempt.
[2024-12-28T06:39:42.936Z] Device at 10.30.28.23 is not reachable. Skipping connection attempt.
[2024-12-28T06:39:52.940Z] Device at 10.30.28.23 is not reachable. Skipping connection attempt.
[2024-12-28T06:40:02.919Z] Device at 10.30.28.23 is not reachable. Skipping connection attempt.
[2024-12-28T06:40:12.941Z] Device at 10.30.28.23 is not reachable. Skipping connection attempt.
[2024-12-28T06:40:22.959Z] Device at 10.30.28.23 is not reachable. Skipping connection attempt.
[2024-12-28T06:40:32.966Z] Device at 10.30.28.23 is not reachable. Skipping connection attempt.
[2024-12-28T06:40:42.986Z] Device at 10.30.28.23 is not reachable. Skipping connection attempt.
[2024-12-28T06:40:52.989Z] Device at 10.30.28.23 is not reachable. Skipping connection attempt.
[2024-12-28T06:41:02.994Z] Device at 10.30.28.23 is not reachable. Skipping connection attempt.
[2024-12-28T06:41:13.001Z] Device at 10.30.28.23 is not reachable. Skipping connection attempt.
[2024-12-28T06:41:22.987Z] Device at 10.30.28.23 is not reachable. Skipping connection attempt.
[2024-12-28T06:41:33.013Z] Device at 10.30.28.23 is not reachable. Skipping connection attempt.
[2024-12-28T06:41:43.020Z] Device at 10.30.28.23 is not reachable. Skipping connection attempt.
[2024-12-28T06:41:53.036Z] Device at 10.30.28.23 is not reachable. Skipping connection attempt.
[2024-12-28T06:42:03.043Z] Device at 10.30.28.23 is not reachable. Skipping connection attempt.
[2024-12-28T06:42:13.059Z] Device at 10.30.28.23 is not reachable. Skipping connection attempt.
[2024-12-28T06:42:23.067Z] Device at 10.30.28.23 is not reachable. Skipping connection attempt.
[2024-12-28T06:42:33.075Z] Device at 10.30.28.23 is not reachable. Skipping connection attempt.
[2024-12-28T06:42:43.081Z] Device at 10.30.28.23 is not reachable. Skipping connection attempt.
[2024-12-28T06:42:53.087Z] Device at 10.30.28.23 is not reachable. Skipping connection attempt.
[2024-12-28T06:43:03.093Z] Device at 10.30.28.23 is not reachable. Skipping connection attempt.
[2024-12-28T06:43:13.099Z] Device at 10.30.28.23 is not reachable. Skipping connection attempt.
[2024-12-28T06:43:23.118Z] Device at 10.30.28.23 is not reachable. Skipping connection attempt.
[2024-12-28T06:43:33.114Z] Device at 10.30.28.23 is not reachable. Skipping connection attempt.
[2024-12-28T06:43:43.130Z] Device at 10.30.28.23 is not reachable. Skipping connection attempt.
[2024-12-28T06:43:53.126Z] Device at 10.30.28.23 is not reachable. Skipping connection attempt.
[2024-12-28T06:44:03.160Z] Device at 10.30.28.23 is not reachable. Skipping connection attempt.
[2024-12-28T06:44:13.147Z] Device at 10.30.28.23 is not reachable. Skipping connection attempt.
[2024-12-28T06:44:23.151Z] Device at 10.30.28.23 is not reachable. Skipping connection attempt.
[2024-12-28T06:44:33.193Z] Device at 10.30.28.23 is not reachable. Skipping connection attempt.
[2024-12-28T06:44:43.178Z] Device at 10.30.28.23 is not reachable. Skipping connection attempt.
[2024-12-28T06:44:53.184Z] Device at 10.30.28.23 is not reachable. Skipping connection attempt.
[2024-12-28T06:45:03.200Z] Device at 10.30.28.23 is not reachable. Skipping connection attempt.
[2024-12-28T06:45:13.206Z] Device at 10.30.28.23 is not reachable. Skipping connection attempt.
[2024-12-28T06:45:23.214Z] Device at 10.30.28.23 is not reachable. Skipping connection attempt.
[2024-12-28T06:45:33.217Z] Device at 10.30.28.23 is not reachable. Skipping connection attempt.
[2024-12-28T06:45:43.225Z] Device at 10.30.28.23 is not reachable. Skipping connection attempt.
[2024-12-28T06:45:53.231Z] Device at 10.30.28.23 is not reachable. Skipping connection attempt.
[2024-12-28T06:46:03.227Z] Device at 10.30.28.23 is not reachable. Skipping connection attempt.
[2024-12-28T06:46:13.241Z] Device at 10.30.28.23 is not reachable. Skipping connection attempt.
[2024-12-28T06:46:23.245Z] Device at 10.30.28.23 is not reachable. Skipping connection attempt.
[2024-12-28T06:46:33.238Z] Device at 10.30.28.23 is not reachable. Skipping connection attempt.
[2024-12-28T06:46:43.255Z] Device at 10.30.28.23 is not reachable. Skipping connection attempt.
[2024-12-28T06:46:53.263Z] Device at 10.30.28.23 is not reachable. Skipping connection attempt.
[2024-12-28T06:47:03.268Z] Device at 10.30.28.23 is not reachable. Skipping connection attempt.
[2024-12-28T06:47:13.273Z] Device at 10.30.28.23 is not reachable. Skipping connection attempt.
[2024-12-28T06:47:23.277Z] Device at 10.30.28.23 is not reachable. Skipping connection attempt.
[2024-12-28T06:47:33.286Z] Device at 10.30.28.23 is not reachable. Skipping connection attempt.
[2024-12-28T06:47:43.300Z] Device at 10.30.28.23 is not reachable. Skipping connection attempt.
[2024-12-28T06:47:53.309Z] Device at 10.30.28.23 is not reachable. Skipping connection attempt.
[2024-12-28T06:48:03.328Z] Device at 10.30.28.23 is not reachable. Skipping connection attempt.
[2024-12-28T06:48:13.320Z] Device at 10.30.28.23 is not reachable. Skipping connection attempt.
[2024-12-28T06:48:23.327Z] Device at 10.30.28.23 is not reachable. Skipping connection attempt.
[2024-12-28T06:48:33.321Z] Device at 10.30.28.23 is not reachable. Skipping connection attempt.
[2024-12-28T06:48:43.347Z] Device at 10.30.28.23 is not reachable. Skipping connection attempt.
[2024-12-28T06:48:53.348Z] Device at 10.30.28.23 is not reachable. Skipping connection attempt.
[2024-12-28T06:49:03.353Z] Device at 10.30.28.23 is not reachable. Skipping connection attempt.
[2024-12-28T06:49:13.363Z] Device at 10.30.28.23 is not reachable. Skipping connection attempt.
[2024-12-28T06:49:23.356Z] Device at 10.30.28.23 is not reachable. Skipping connection attempt.
[2024-12-28T06:49:33.360Z] Device at 10.30.28.23 is not reachable. Skipping connection attempt.
[2024-12-28T06:49:43.387Z] Device at 10.30.28.23 is not reachable. Skipping connection attempt.
[2024-12-28T06:49:53.348Z] Device at 10.30.28.23 is not reachable. Skipping connection attempt.
[2024-12-28T06:50:03.372Z] Device at 10.30.28.23 is not reachable. Skipping connection attempt.
[2024-12-28T06:50:13.391Z] Device at 10.30.28.23 is not reachable. Skipping connection attempt.
[2024-12-28T06:50:23.384Z] Device at 10.30.28.23 is not reachable. Skipping connection attempt.
[2024-12-28T06:50:33.415Z] Device at 10.30.28.23 is not reachable. Skipping connection attempt.
[2024-12-28T06:50:43.411Z] Device at 10.30.28.23 is not reachable. Skipping connection attempt.
[2024-12-28T06:50:53.417Z] Device at 10.30.28.23 is not reachable. Skipping connection attempt.
[2024-12-28T06:51:03.421Z] Device at 10.30.28.23 is not reachable. Skipping connection attempt.
[2024-12-28T06:51:13.428Z] Device at 10.30.28.23 is not reachable. Skipping connection attempt.
[2024-12-28T06:51:26.195Z] Device at 10.30.28.23 is not reachable. Skipping connection attempt.
[2024-12-28T06:51:36.161Z] Device at 10.30.28.23 is not reachable. Skipping connection attempt.
[2024-12-28T06:51:46.178Z] Device at 10.30.28.23 is not reachable. Skipping connection attempt.
[2024-12-28T06:51:56.239Z] Device at 10.30.28.23 is not reachable. Skipping connection attempt.
[2024-12-28T06:52:06.198Z] Device at 10.30.28.23 is not reachable. Skipping connection attempt.
[2024-12-28T06:52:16.197Z] Device at 10.30.28.23 is not reachable. Skipping connection attempt.
[2024-12-28T06:52:26.214Z] Device at 10.30.28.23 is not reachable. Skipping connection attempt.
[2024-12-28T06:52:36.226Z] Device at 10.30.28.23 is not reachable. Skipping connection attempt.
[2024-12-28T06:52:46.225Z] Device at 10.30.28.23 is not reachable. Skipping connection attempt.
[2024-12-28T06:52:56.231Z] Device at 10.30.28.23 is not reachable. Skipping connection attempt.
[2024-12-28T06:53:01.424Z] Device at 10.30.28.23 is not reachable. Skipping connection attempt.
[2024-12-28T06:53:11.392Z] Device at 10.30.28.23 is not reachable. Skipping connection attempt.
[2024-12-28T07:48:33.802Z] Error reading actual data: PartName không hợp lệ
[2024-12-30T02:57:57.275Z] Device at 10.30.4.128 is not reachable. Skipping connection attempt.
[2024-12-30T02:58:03.275Z] Device at 10.30.4.128 is not reachable. Skipping connection attempt.
[2024-12-30T02:58:13.771Z] Device at 10.30.4.128 is not reachable. Skipping connection attempt.
[2024-12-30T02:58:25.272Z] Device at 10.30.4.128 is not reachable. Skipping connection attempt.
[2024-12-30T02:58:33.773Z] Device at 10.30.4.128 is not reachable. Skipping connection attempt.
[2024-12-30T02:58:44.783Z] Device at 10.30.4.128 is not reachable. Skipping connection attempt.
[2024-12-30T02:58:56.285Z] Device at 10.30.4.128 is not reachable. Skipping connection attempt.
[2024-12-30T02:59:04.275Z] Device at 10.30.4.128 is not reachable. Skipping connection attempt.
[2024-12-30T02:59:13.776Z] Device at 10.30.4.128 is not reachable. Skipping connection attempt.
[2024-12-30T02:59:23.274Z] Device at 10.30.4.128 is not reachable. Skipping connection attempt.
[2024-12-30T02:59:33.274Z] Device at 10.30.4.128 is not reachable. Skipping connection attempt.
[2024-12-30T02:59:43.272Z] Device at 10.30.4.128 is not reachable. Skipping connection attempt.
[2024-12-30T02:59:53.278Z] Device at 10.30.4.128 is not reachable. Skipping connection attempt.
[2024-12-30T03:00:03.278Z] Device at 10.30.4.128 is not reachable. Skipping connection attempt.
[2024-12-30T03:00:15.271Z] Device at 10.30.4.128 is not reachable. Skipping connection attempt.
[2024-12-30T03:00:23.790Z] Device at 10.30.4.128 is not reachable. Skipping connection attempt.
[2024-12-30T06:44:47.175Z] Device at 10.30.4.128 is not reachable. Skipping connection attempt.
[2024-12-30T06:44:58.676Z] Device at 10.30.4.128 is not reachable. Skipping connection attempt.
[2024-12-30T06:45:08.663Z] Device at 10.30.4.128 is not reachable. Skipping connection attempt.
[2024-12-30T06:45:18.676Z] Device at 10.30.4.128 is not reachable. Skipping connection attempt.
[2024-12-30T06:45:28.680Z] Device at 10.30.4.128 is not reachable. Skipping connection attempt.
[2024-12-30T06:45:38.668Z] Device at 10.30.4.128 is not reachable. Skipping connection attempt.
[2024-12-30T06:45:48.669Z] Device at 10.30.4.128 is not reachable. Skipping connection attempt.
[2024-12-30T06:45:58.672Z] Device at 10.30.4.128 is not reachable. Skipping connection attempt.
[2024-12-30T06:46:08.664Z] Device at 10.30.4.128 is not reachable. Skipping connection attempt.
[2024-12-30T06:46:18.665Z] Device at 10.30.4.128 is not reachable. Skipping connection attempt.
[2024-12-30T06:46:28.672Z] Device at 10.30.4.128 is not reachable. Skipping connection attempt.
[2024-12-30T06:46:38.672Z] Device at 10.30.4.128 is not reachable. Skipping connection attempt.
[2024-12-30T06:46:48.670Z] Device at 10.30.4.128 is not reachable. Skipping connection attempt.
[2024-12-30T06:47:47.671Z] Device at 10.30.4.128 is not reachable. Skipping connection attempt.
[2024-12-30T06:47:57.674Z] Device at 10.30.4.128 is not reachable. Skipping connection attempt.
[2024-12-30T06:49:29.675Z] Device at 10.30.4.128 is not reachable. Skipping connection attempt.
[2024-12-30T06:49:40.664Z] Device at 10.30.4.128 is not reachable. Skipping connection attempt.
[2024-12-30T06:49:50.667Z] Device at 10.30.4.128 is not reachable. Skipping connection attempt.
[2024-12-30T06:49:57.673Z] Device at 10.30.4.128 is not reachable. Skipping connection attempt.
[2024-12-30T06:50:07.670Z] Device at 10.30.4.128 is not reachable. Skipping connection attempt.
[2024-12-30T06:50:17.666Z] Device at 10.30.4.128 is not reachable. Skipping connection attempt.
[2024-12-30T06:50:21.673Z] Device at 10.30.4.128 is not reachable. Skipping connection attempt.
[2024-12-30T06:50:28.667Z] Device at 10.30.4.128 is not reachable. Skipping connection attempt.
[2024-12-30T06:50:33.162Z] Device at 10.30.4.128 is not reachable. Skipping connection attempt.
[2024-12-30T06:50:43.170Z] Device at 10.30.4.128 is not reachable. Skipping connection attempt.
[2024-12-30T06:50:53.161Z] Device at 10.30.4.128 is not reachable. Skipping connection attempt.
[2024-12-30T06:50:57.665Z] Device at 10.30.4.128 is not reachable. Skipping connection attempt.
[2024-12-30T06:51:07.674Z] Device at 10.30.4.128 is not reachable. Skipping connection attempt.
[2024-12-30T06:51:17.670Z] Device at 10.30.4.128 is not reachable. Skipping connection attempt.
[2024-12-30T06:51:27.673Z] Device at 10.30.4.128 is not reachable. Skipping connection attempt.
[2024-12-30T06:51:37.665Z] Device at 10.30.4.128 is not reachable. Skipping connection attempt.
[2024-12-30T06:51:47.666Z] Device at 10.30.4.128 is not reachable. Skipping connection attempt.
[2024-12-30T06:51:57.669Z] Device at 10.30.4.128 is not reachable. Skipping connection attempt.
[2024-12-30T06:57:21.178Z] Device at 10.30.4.128 is not reachable. Skipping connection attempt.
[2024-12-30T06:57:32.665Z] Device at 10.30.4.128 is not reachable. Skipping connection attempt.
[2024-12-30T06:57:42.680Z] Device at 10.30.4.128 is not reachable. Skipping connection attempt.
[2024-12-30T06:57:52.673Z] Device at 10.30.4.128 is not reachable. Skipping connection attempt.
[2024-12-30T06:57:57.172Z] Device at 10.30.4.128 is not reachable. Skipping connection attempt.
[2024-12-30T06:58:07.169Z] Device at 10.30.4.128 is not reachable. Skipping connection attempt.
[2024-12-30T06:58:17.170Z] Device at 10.30.4.128 is not reachable. Skipping connection attempt.
[2024-12-30T06:58:23.669Z] Device at 10.30.4.128 is not reachable. Skipping connection attempt.
[2024-12-30T06:58:33.668Z] Device at 10.30.4.128 is not reachable. Skipping connection attempt.
[2024-12-30T06:58:43.670Z] Device at 10.30.4.128 is not reachable. Skipping connection attempt.
[2024-12-30T06:58:52.179Z] Device at 10.30.4.128 is not reachable. Skipping connection attempt.
[2024-12-30T06:59:05.675Z] Device at 10.30.4.128 is not reachable. Skipping connection attempt.
[2024-12-30T06:59:15.682Z] Device at 10.30.4.128 is not reachable. Skipping connection attempt.
[2024-12-30T06:59:25.680Z] Device at 10.30.4.128 is not reachable. Skipping connection attempt.
[2024-12-30T06:59:35.670Z] Device at 10.30.4.128 is not reachable. Skipping connection attempt.
[2024-12-30T06:59:45.681Z] Device at 10.30.4.128 is not reachable. Skipping connection attempt.
[2024-12-30T06:59:55.675Z] Device at 10.30.4.128 is not reachable. Skipping connection attempt.
[2024-12-30T07:00:05.682Z] Device at 10.30.4.128 is not reachable. Skipping connection attempt.
[2024-12-30T07:00:15.676Z] Device at 10.30.4.128 is not reachable. Skipping connection attempt.
[2024-12-30T07:00:25.678Z] Device at 10.30.4.128 is not reachable. Skipping connection attempt.
[2024-12-30T07:00:35.675Z] Device at 10.30.4.128 is not reachable. Skipping connection attempt.
[2024-12-30T07:00:45.674Z] Device at 10.30.4.128 is not reachable. Skipping connection attempt.
[2024-12-30T07:00:55.679Z] Device at 10.30.4.128 is not reachable. Skipping connection attempt.
[2024-12-30T07:01:05.680Z] Device at 10.30.4.128 is not reachable. Skipping connection attempt.
[2024-12-30T07:01:15.684Z] Device at 10.30.4.128 is not reachable. Skipping connection attempt.
[2024-12-30T07:01:25.682Z] Device at 10.30.4.128 is not reachable. Skipping connection attempt.
[2024-12-30T07:01:35.681Z] Device at 10.30.4.128 is not reachable. Skipping connection attempt.
[2024-12-30T07:01:45.681Z] Device at 10.30.4.128 is not reachable. Skipping connection attempt.
[2024-12-30T07:01:55.687Z] Device at 10.30.4.128 is not reachable. Skipping connection attempt.
[2024-12-30T07:02:05.685Z] Device at 10.30.4.128 is not reachable. Skipping connection attempt.
[2024-12-30T07:02:15.692Z] Device at 10.30.4.128 is not reachable. Skipping connection attempt.
[2024-12-30T07:02:25.691Z] Device at 10.30.4.128 is not reachable. Skipping connection attempt.
[2024-12-30T07:02:35.685Z] Device at 10.30.4.128 is not reachable. Skipping connection attempt.
[2024-12-30T07:02:45.681Z] Device at 10.30.4.128 is not reachable. Skipping connection attempt.
[2024-12-30T07:02:55.692Z] Device at 10.30.4.128 is not reachable. Skipping connection attempt.
[2024-12-30T07:03:05.691Z] Device at 10.30.4.128 is not reachable. Skipping connection attempt.
[2024-12-30T07:03:15.690Z] Device at 10.30.4.128 is not reachable. Skipping connection attempt.
[2024-12-30T07:03:25.689Z] Device at 10.30.4.128 is not reachable. Skipping connection attempt.
[2024-12-30T07:03:35.696Z] Device at 10.30.4.128 is not reachable. Skipping connection attempt.
[2024-12-30T07:03:45.694Z] Device at 10.30.4.128 is not reachable. Skipping connection attempt.
[2024-12-30T07:03:55.691Z] Device at 10.30.4.128 is not reachable. Skipping connection attempt.
[2024-12-30T07:04:05.698Z] Device at 10.30.4.128 is not reachable. Skipping connection attempt.
[2024-12-30T07:04:15.694Z] Device at 10.30.4.128 is not reachable. Skipping connection attempt.
[2024-12-30T07:04:25.696Z] Device at 10.30.4.128 is not reachable. Skipping connection attempt.
[2024-12-30T07:04:35.697Z] Device at 10.30.4.128 is not reachable. Skipping connection attempt.
[2024-12-30T07:04:45.694Z] Device at 10.30.4.128 is not reachable. Skipping connection attempt.
[2024-12-30T07:04:55.687Z] Device at 10.30.4.128 is not reachable. Skipping connection attempt.
[2024-12-30T07:05:05.690Z] Device at 10.30.4.128 is not reachable. Skipping connection attempt.
[2024-12-30T07:05:15.699Z] Device at 10.30.4.128 is not reachable. Skipping connection attempt.
[2024-12-30T07:05:25.710Z] Device at 10.30.4.128 is not reachable. Skipping connection attempt.
[2024-12-30T07:05:35.702Z] Device at 10.30.4.128 is not reachable. Skipping connection attempt.
[2024-12-30T07:05:45.693Z] Device at 10.30.4.128 is not reachable. Skipping connection attempt.
[2024-12-30T07:05:55.702Z] Device at 10.30.4.128 is not reachable. Skipping connection attempt.
[2024-12-30T07:06:05.693Z] Device at 10.30.4.128 is not reachable. Skipping connection attempt.
[2024-12-30T07:06:15.695Z] Device at 10.30.4.128 is not reachable. Skipping connection attempt.
[2024-12-30T07:06:25.695Z] Device at 10.30.4.128 is not reachable. Skipping connection attempt.
[2024-12-30T07:06:35.694Z] Device at 10.30.4.128 is not reachable. Skipping connection attempt.
[2024-12-30T07:06:45.702Z] Device at 10.30.4.128 is not reachable. Skipping connection attempt.
[2024-12-30T07:06:55.696Z] Device at 10.30.4.128 is not reachable. Skipping connection attempt.
[2024-12-30T07:07:05.698Z] Device at 10.30.4.128 is not reachable. Skipping connection attempt.
[2024-12-30T07:07:16.206Z] Device at 10.30.4.128 is not reachable. Skipping connection attempt.
[2024-12-30T07:07:26.206Z] Device at 10.30.4.128 is not reachable. Skipping connection attempt.
[2024-12-30T07:07:35.711Z] Device at 10.30.4.128 is not reachable. Skipping connection attempt.
[2024-12-30T07:07:46.205Z] Device at 10.30.4.128 is not reachable. Skipping connection attempt.
[2024-12-30T07:07:56.192Z] Device at 10.30.4.128 is not reachable. Skipping connection attempt.
[2024-12-30T07:08:06.198Z] Device at 10.30.4.128 is not reachable. Skipping connection attempt.
[2024-12-30T07:08:16.199Z] Device at 10.30.4.128 is not reachable. Skipping connection attempt.
[2024-12-30T07:08:26.209Z] Device at 10.30.4.128 is not reachable. Skipping connection attempt.
[2024-12-30T07:08:36.205Z] Device at 10.30.4.128 is not reachable. Skipping connection attempt.
[2024-12-30T07:08:46.204Z] Device at 10.30.4.128 is not reachable. Skipping connection attempt.
[2024-12-30T07:08:56.198Z] Device at 10.30.4.128 is not reachable. Skipping connection attempt.
[2024-12-30T07:09:06.200Z] Device at 10.30.4.128 is not reachable. Skipping connection attempt.
[2024-12-30T07:09:16.220Z] Device at 10.30.4.128 is not reachable. Skipping connection attempt.
[2024-12-30T07:09:26.204Z] Device at 10.30.4.128 is not reachable. Skipping connection attempt.
[2024-12-30T07:09:36.212Z] Device at 10.30.4.128 is not reachable. Skipping connection attempt.
[2024-12-30T07:09:46.213Z] Device at 10.30.4.128 is not reachable. Skipping connection attempt.
[2024-12-30T07:09:56.208Z] Device at 10.30.4.128 is not reachable. Skipping connection attempt.
[2024-12-30T07:10:06.209Z] Device at 10.30.4.128 is not reachable. Skipping connection attempt.
[2024-12-30T07:10:16.210Z] Device at 10.30.4.128 is not reachable. Skipping connection attempt.
[2024-12-30T07:10:26.211Z] Device at 10.30.4.128 is not reachable. Skipping connection attempt.
[2024-12-30T07:10:36.209Z] Device at 10.30.4.128 is not reachable. Skipping connection attempt.
[2024-12-30T07:10:46.201Z] Device at 10.30.4.128 is not reachable. Skipping connection attempt.
[2024-12-30T07:10:56.211Z] Device at 10.30.4.128 is not reachable. Skipping connection attempt.
[2024-12-30T07:11:06.203Z] Device at 10.30.4.128 is not reachable. Skipping connection attempt.
[2024-12-30T07:11:16.211Z] Device at 10.30.4.128 is not reachable. Skipping connection attempt.
[2024-12-30T07:11:26.215Z] Device at 10.30.4.128 is not reachable. Skipping connection attempt.
[2024-12-30T07:11:36.209Z] Device at 10.30.4.128 is not reachable. Skipping connection attempt.
[2024-12-30T07:11:46.208Z] Device at 10.30.4.128 is not reachable. Skipping connection attempt.
[2024-12-30T07:11:56.212Z] Device at 10.30.4.128 is not reachable. Skipping connection attempt.
[2024-12-30T07:12:06.206Z] Device at 10.30.4.128 is not reachable. Skipping connection attempt.
[2024-12-30T07:12:16.211Z] Device at 10.30.4.128 is not reachable. Skipping connection attempt.
[2024-12-30T07:12:26.214Z] Device at 10.30.4.128 is not reachable. Skipping connection attempt.
[2024-12-30T07:12:36.217Z] Device at 10.30.4.128 is not reachable. Skipping connection attempt.
[2024-12-30T07:12:46.215Z] Device at 10.30.4.128 is not reachable. Skipping connection attempt.
[2024-12-30T07:12:56.210Z] Device at 10.30.4.128 is not reachable. Skipping connection attempt.
[2024-12-30T07:13:06.205Z] Device at 10.30.4.128 is not reachable. Skipping connection attempt.
[2024-12-30T07:13:16.207Z] Device at 10.30.4.128 is not reachable. Skipping connection attempt.
[2024-12-30T07:13:26.216Z] Device at 10.30.4.128 is not reachable. Skipping connection attempt.
[2024-12-30T07:13:36.205Z] Device at 10.30.4.128 is not reachable. Skipping connection attempt.
[2024-12-30T07:13:46.206Z] Device at 10.30.4.128 is not reachable. Skipping connection attempt.
[2024-12-30T07:13:56.219Z] Device at 10.30.4.128 is not reachable. Skipping connection attempt.
[2024-12-30T07:14:06.207Z] Device at 10.30.4.128 is not reachable. Skipping connection attempt.
[2024-12-30T07:14:16.218Z] Device at 10.30.4.128 is not reachable. Skipping connection attempt.
[2024-12-30T07:14:26.205Z] Device at 10.30.4.128 is not reachable. Skipping connection attempt.
[2024-12-30T07:14:36.219Z] Device at 10.30.4.128 is not reachable. Skipping connection attempt.
[2024-12-30T07:14:46.218Z] Device at 10.30.4.128 is not reachable. Skipping connection attempt.
[2024-12-30T07:14:56.213Z] Device at 10.30.4.128 is not reachable. Skipping connection attempt.
[2024-12-30T07:15:06.209Z] Device at 10.30.4.128 is not reachable. Skipping connection attempt.
[2024-12-30T07:15:16.212Z] Device at 10.30.4.128 is not reachable. Skipping connection attempt.
[2024-12-30T07:15:26.209Z] Device at 10.30.4.128 is not reachable. Skipping connection attempt.
[2024-12-30T07:15:36.214Z] Device at 10.30.4.128 is not reachable. Skipping connection attempt.
[2024-12-30T07:15:46.212Z] Device at 10.30.4.128 is not reachable. Skipping connection attempt.
[2024-12-30T07:15:56.210Z] Device at 10.30.4.128 is not reachable. Skipping connection attempt.
[2024-12-30T07:16:06.210Z] Device at 10.30.4.128 is not reachable. Skipping connection attempt.
[2024-12-30T07:16:16.232Z] Device at 10.30.4.128 is not reachable. Skipping connection attempt.
[2024-12-30T07:16:26.214Z] Device at 10.30.4.128 is not reachable. Skipping connection attempt.
[2024-12-30T07:16:36.215Z] Device at 10.30.4.128 is not reachable. Skipping connection attempt.
[2024-12-30T07:16:46.211Z] Device at 10.30.4.128 is not reachable. Skipping connection attempt.
[2024-12-30T07:16:56.209Z] Device at 10.30.4.128 is not reachable. Skipping connection attempt.
[2024-12-30T07:17:06.214Z] Device at 10.30.4.128 is not reachable. Skipping connection attempt.
[2024-12-30T07:17:16.217Z] Device at 10.30.4.128 is not reachable. Skipping connection attempt.
[2024-12-30T07:17:26.232Z] Device at 10.30.4.128 is not reachable. Skipping connection attempt.
[2024-12-30T07:17:36.717Z] Device at 10.30.4.128 is not reachable. Skipping connection attempt.
[2024-12-30T07:17:46.712Z] Device at 10.30.4.128 is not reachable. Skipping connection attempt.
[2024-12-30T07:17:56.717Z] Device at 10.30.4.128 is not reachable. Skipping connection attempt.
[2024-12-30T07:18:06.720Z] Device at 10.30.4.128 is not reachable. Skipping connection attempt.
[2024-12-30T07:18:16.717Z] Device at 10.30.4.128 is not reachable. Skipping connection attempt.
[2024-12-30T07:18:26.722Z] Device at 10.30.4.128 is not reachable. Skipping connection attempt.
[2024-12-30T07:18:36.717Z] Device at 10.30.4.128 is not reachable. Skipping connection attempt.
[2024-12-30T07:18:46.721Z] Device at 10.30.4.128 is not reachable. Skipping connection attempt.
[2024-12-30T07:18:56.714Z] Device at 10.30.4.128 is not reachable. Skipping connection attempt.
[2024-12-30T07:19:06.711Z] Device at 10.30.4.128 is not reachable. Skipping connection attempt.
[2024-12-30T07:19:16.721Z] Device at 10.30.4.128 is not reachable. Skipping connection attempt.
[2024-12-30T07:19:26.712Z] Device at 10.30.4.128 is not reachable. Skipping connection attempt.
[2024-12-30T07:19:36.736Z] Device at 10.30.4.128 is not reachable. Skipping connection attempt.
[2024-12-30T07:19:46.715Z] Device at 10.30.4.128 is not reachable. Skipping connection attempt.
[2024-12-30T07:19:56.721Z] Device at 10.30.4.128 is not reachable. Skipping connection attempt.
[2024-12-30T07:20:06.712Z] Device at 10.30.4.128 is not reachable. Skipping connection attempt.
[2024-12-30T07:20:16.723Z] Device at 10.30.4.128 is not reachable. Skipping connection attempt.
[2024-12-30T07:20:26.722Z] Device at 10.30.4.128 is not reachable. Skipping connection attempt.
[2024-12-30T07:20:36.727Z] Device at 10.30.4.128 is not reachable. Skipping connection attempt.
[2024-12-30T07:20:46.713Z] Device at 10.30.4.128 is not reachable. Skipping connection attempt.
[2024-12-30T07:20:56.722Z] Device at 10.30.4.128 is not reachable. Skipping connection attempt.
[2024-12-30T07:21:06.720Z] Device at 10.30.4.128 is not reachable. Skipping connection attempt.
[2024-12-30T07:21:16.719Z] Device at 10.30.4.128 is not reachable. Skipping connection attempt.
[2024-12-30T07:21:26.718Z] Device at 10.30.4.128 is not reachable. Skipping connection attempt.
[2024-12-30T07:21:36.716Z] Device at 10.30.4.128 is not reachable. Skipping connection attempt.
[2024-12-30T07:21:46.722Z] Device at 10.30.4.128 is not reachable. Skipping connection attempt.
[2024-12-30T07:21:56.712Z] Device at 10.30.4.128 is not reachable. Skipping connection attempt.
[2024-12-30T07:22:06.718Z] Device at 10.30.4.128 is not reachable. Skipping connection attempt.
[2024-12-30T07:22:16.719Z] Device at 10.30.4.128 is not reachable. Skipping connection attempt.
[2024-12-30T07:22:26.719Z] Device at 10.30.4.128 is not reachable. Skipping connection attempt.
[2024-12-30T07:22:36.725Z] Device at 10.30.4.128 is not reachable. Skipping connection attempt.
[2024-12-30T07:22:46.723Z] Device at 10.30.4.128 is not reachable. Skipping connection attempt.
[2024-12-30T07:22:56.720Z] Device at 10.30.4.128 is not reachable. Skipping connection attempt.
[2024-12-30T07:23:06.716Z] Device at 10.30.4.128 is not reachable. Skipping connection attempt.
[2024-12-30T07:23:16.722Z] Device at 10.30.4.128 is not reachable. Skipping connection attempt.
[2024-12-30T07:23:26.716Z] Device at 10.30.4.128 is not reachable. Skipping connection attempt.
[2024-12-30T07:23:36.728Z] Device at 10.30.4.128 is not reachable. Skipping connection attempt.
[2024-12-30T07:23:46.730Z] Device at 10.30.4.128 is not reachable. Skipping connection attempt.
[2024-12-30T07:23:56.721Z] Device at 10.30.4.128 is not reachable. Skipping connection attempt.
[2024-12-30T07:24:06.718Z] Device at 10.30.4.128 is not reachable. Skipping connection attempt.
[2024-12-30T07:24:16.727Z] Device at 10.30.4.128 is not reachable. Skipping connection attempt.
[2024-12-30T07:24:26.731Z] Device at 10.30.4.128 is not reachable. Skipping connection attempt.
[2024-12-30T07:24:36.727Z] Device at 10.30.4.128 is not reachable. Skipping connection attempt.
[2024-12-30T07:24:46.723Z] Device at 10.30.4.128 is not reachable. Skipping connection attempt.
[2024-12-30T07:24:56.728Z] Device at 10.30.4.128 is not reachable. Skipping connection attempt.
[2024-12-30T07:25:06.723Z] Device at 10.30.4.128 is not reachable. Skipping connection attempt.
[2024-12-30T07:25:16.729Z] Device at 10.30.4.128 is not reachable. Skipping connection attempt.
[2024-12-30T07:25:26.723Z] Device at 10.30.4.128 is not reachable. Skipping connection attempt.
[2024-12-30T07:25:36.729Z] Device at 10.30.4.128 is not reachable. Skipping connection attempt.
[2024-12-30T07:25:46.723Z] Device at 10.30.4.128 is not reachable. Skipping connection attempt.
[2024-12-30T07:25:56.730Z] Device at 10.30.4.128 is not reachable. Skipping connection attempt.
[2024-12-30T07:26:06.734Z] Device at 10.30.4.128 is not reachable. Skipping connection attempt.
[2024-12-30T07:26:16.732Z] Device at 10.30.4.128 is not reachable. Skipping connection attempt.
[2024-12-30T07:26:26.732Z] Device at 10.30.4.128 is not reachable. Skipping connection attempt.
[2024-12-30T07:26:36.730Z] Device at 10.30.4.128 is not reachable. Skipping connection attempt.
[2024-12-30T07:26:46.723Z] Device at 10.30.4.128 is not reachable. Skipping connection attempt.
[2024-12-30T07:26:56.726Z] Device at 10.30.4.128 is not reachable. Skipping connection attempt.
[2024-12-30T07:27:06.718Z] Device at 10.30.4.128 is not reachable. Skipping connection attempt.
[2024-12-30T07:27:16.717Z] Device at 10.30.4.128 is not reachable. Skipping connection attempt.
[2024-12-30T07:27:26.727Z] Device at 10.30.4.128 is not reachable. Skipping connection attempt.
[2024-12-30T07:27:36.724Z] Device at 10.30.4.128 is not reachable. Skipping connection attempt.
[2024-12-30T07:27:46.728Z] Device at 10.30.4.128 is not reachable. Skipping connection attempt.
[2024-12-30T07:27:56.729Z] Device at 10.30.4.128 is not reachable. Skipping connection attempt.
[2024-12-30T07:28:06.723Z] Device at 10.30.4.128 is not reachable. Skipping connection attempt.
[2024-12-30T07:28:16.729Z] Device at 10.30.4.128 is not reachable. Skipping connection attempt.
[2024-12-30T07:28:26.727Z] Device at 10.30.4.128 is not reachable. Skipping connection attempt.
[2024-12-30T07:28:36.724Z] Device at 10.30.4.128 is not reachable. Skipping connection attempt.
[2024-12-30T07:28:46.725Z] Device at 10.30.4.128 is not reachable. Skipping connection attempt.
[2024-12-30T07:28:57.240Z] Device at 10.30.4.128 is not reachable. Skipping connection attempt.
[2024-12-30T07:29:06.719Z] Device at 10.30.4.128 is not reachable. Skipping connection attempt.
[2024-12-30T07:29:17.219Z] Device at 10.30.4.128 is not reachable. Skipping connection attempt.
[2024-12-30T07:29:27.226Z] Device at 10.30.4.128 is not reachable. Skipping connection attempt.
[2024-12-30T07:29:37.219Z] Device at 10.30.4.128 is not reachable. Skipping connection attempt.
[2024-12-30T07:29:47.216Z] Device at 10.30.4.128 is not reachable. Skipping connection attempt.
[2024-12-30T07:29:57.223Z] Device at 10.30.4.128 is not reachable. Skipping connection attempt.
[2024-12-30T07:30:07.217Z] Device at 10.30.4.128 is not reachable. Skipping connection attempt.
[2024-12-30T07:30:17.220Z] Device at 10.30.4.128 is not reachable. Skipping connection attempt.
[2024-12-30T07:30:27.223Z] Device at 10.30.4.128 is not reachable. Skipping connection attempt.
[2024-12-30T07:30:37.229Z] Device at 10.30.4.128 is not reachable. Skipping connection attempt.
[2024-12-30T07:30:47.226Z] Device at 10.30.4.128 is not reachable. Skipping connection attempt.
[2024-12-30T07:30:57.218Z] Device at 10.30.4.128 is not reachable. Skipping connection attempt.
[2024-12-30T07:31:07.220Z] Device at 10.30.4.128 is not reachable. Skipping connection attempt.
[2024-12-30T07:31:17.218Z] Device at 10.30.4.128 is not reachable. Skipping connection attempt.
[2024-12-30T07:31:27.227Z] Device at 10.30.4.128 is not reachable. Skipping connection attempt.
[2024-12-30T07:31:37.221Z] Device at 10.30.4.128 is not reachable. Skipping connection attempt.
[2024-12-30T07:31:47.226Z] Device at 10.30.4.128 is not reachable. Skipping connection attempt.
[2024-12-30T07:31:57.218Z] Device at 10.30.4.128 is not reachable. Skipping connection attempt.
[2024-12-30T07:32:07.219Z] Device at 10.30.4.128 is not reachable. Skipping connection attempt.
[2024-12-30T07:32:17.220Z] Device at 10.30.4.128 is not reachable. Skipping connection attempt.
[2024-12-30T07:32:27.219Z] Device at 10.30.4.128 is not reachable. Skipping connection attempt.
[2024-12-30T07:32:37.213Z] Device at 10.30.4.128 is not reachable. Skipping connection attempt.
[2024-12-30T07:32:47.223Z] Device at 10.30.4.128 is not reachable. Skipping connection attempt.
[2024-12-30T07:32:57.212Z] Device at 10.30.4.128 is not reachable. Skipping connection attempt.
[2024-12-30T07:33:07.211Z] Device at 10.30.4.128 is not reachable. Skipping connection attempt.
[2024-12-30T07:33:17.213Z] Device at 10.30.4.128 is not reachable. Skipping connection attempt.
[2024-12-30T07:33:27.206Z] Device at 10.30.4.128 is not reachable. Skipping connection attempt.
[2024-12-30T07:33:37.205Z] Device at 10.30.4.128 is not reachable. Skipping connection attempt.
[2024-12-30T07:33:47.214Z] Device at 10.30.4.128 is not reachable. Skipping connection attempt.
[2024-12-30T07:33:57.206Z] Device at 10.30.4.128 is not reachable. Skipping connection attempt.
[2024-12-30T07:34:07.217Z] Device at 10.30.4.128 is not reachable. Skipping connection attempt.
[2024-12-30T07:34:17.208Z] Device at 10.30.4.128 is not reachable. Skipping connection attempt.
[2024-12-30T07:34:27.207Z] Device at 10.30.4.128 is not reachable. Skipping connection attempt.
[2024-12-30T07:34:37.206Z] Device at 10.30.4.128 is not reachable. Skipping connection attempt.
[2024-12-30T07:34:47.204Z] Device at 10.30.4.128 is not reachable. Skipping connection attempt.
[2024-12-30T07:34:57.202Z] Device at 10.30.4.128 is not reachable. Skipping connection attempt.
[2024-12-30T07:35:07.213Z] Device at 10.30.4.128 is not reachable. Skipping connection attempt.
[2024-12-30T07:35:17.202Z] Device at 10.30.4.128 is not reachable. Skipping connection attempt.
[2024-12-30T07:35:27.201Z] Device at 10.30.4.128 is not reachable. Skipping connection attempt.
[2024-12-30T07:35:37.209Z] Device at 10.30.4.128 is not reachable. Skipping connection attempt.
[2024-12-30T07:35:47.199Z] Device at 10.30.4.128 is not reachable. Skipping connection attempt.
[2024-12-30T07:35:57.198Z] Device at 10.30.4.128 is not reachable. Skipping connection attempt.
[2024-12-30T07:36:07.206Z] Device at 10.30.4.128 is not reachable. Skipping connection attempt.
[2024-12-30T07:36:17.197Z] Device at 10.30.4.128 is not reachable. Skipping connection attempt.
[2024-12-30T07:36:27.195Z] Device at 10.30.4.128 is not reachable. Skipping connection attempt.
[2024-12-30T07:36:37.202Z] Device at 10.30.4.128 is not reachable. Skipping connection attempt.
[2024-12-30T07:36:47.195Z] Device at 10.30.4.128 is not reachable. Skipping connection attempt.
[2024-12-30T07:36:57.197Z] Device at 10.30.4.128 is not reachable. Skipping connection attempt.
[2024-12-30T07:37:07.203Z] Device at 10.30.4.128 is not reachable. Skipping connection attempt.
[2024-12-30T07:37:17.194Z] Device at 10.30.4.128 is not reachable. Skipping connection attempt.
[2024-12-30T07:37:27.191Z] Device at 10.30.4.128 is not reachable. Skipping connection attempt.
[2024-12-30T07:37:37.195Z] Device at 10.30.4.128 is not reachable. Skipping connection attempt.
[2024-12-30T07:37:47.203Z] Device at 10.30.4.128 is not reachable. Skipping connection attempt.
[2024-12-30T07:37:57.191Z] Device at 10.30.4.128 is not reachable. Skipping connection attempt.
[2024-12-30T07:38:07.199Z] Device at 10.30.4.128 is not reachable. Skipping connection attempt.
[2024-12-30T07:38:17.195Z] Device at 10.30.4.128 is not reachable. Skipping connection attempt.
[2024-12-30T07:38:27.184Z] Device at 10.30.4.128 is not reachable. Skipping connection attempt.
[2024-12-30T07:38:37.185Z] Device at 10.30.4.128 is not reachable. Skipping connection attempt.
[2024-12-30T07:38:47.189Z] Device at 10.30.4.128 is not reachable. Skipping connection attempt.
[2024-12-30T07:38:57.192Z] Device at 10.30.4.128 is not reachable. Skipping connection attempt.
[2024-12-30T07:39:07.201Z] Device at 10.30.4.128 is not reachable. Skipping connection attempt.
[2024-12-30T07:39:17.195Z] Device at 10.30.4.128 is not reachable. Skipping connection attempt.
[2024-12-30T07:39:27.686Z] Device at 10.30.4.128 is not reachable. Skipping connection attempt.
[2024-12-30T07:39:37.694Z] Device at 10.30.4.128 is not reachable. Skipping connection attempt.
[2024-12-30T07:39:47.696Z] Device at 10.30.4.128 is not reachable. Skipping connection attempt.
[2024-12-30T07:39:57.686Z] Device at 10.30.4.128 is not reachable. Skipping connection attempt.
[2024-12-30T07:40:07.682Z] Device at 10.30.4.128 is not reachable. Skipping connection attempt.
[2024-12-30T07:40:17.686Z] Device at 10.30.4.128 is not reachable. Skipping connection attempt.
[2024-12-30T07:40:27.691Z] Device at 10.30.4.128 is not reachable. Skipping connection attempt.
[2024-12-30T07:40:37.682Z] Device at 10.30.4.128 is not reachable. Skipping connection attempt.
[2024-12-30T07:40:47.691Z] Device at 10.30.4.128 is not reachable. Skipping connection attempt.
[2024-12-30T07:40:57.685Z] Device at 10.30.4.128 is not reachable. Skipping connection attempt.
[2024-12-30T07:41:07.683Z] Device at 10.30.4.128 is not reachable. Skipping connection attempt.
[2024-12-30T07:41:17.693Z] Device at 10.30.4.128 is not reachable. Skipping connection attempt.
[2024-12-30T07:41:27.692Z] Device at 10.30.4.128 is not reachable. Skipping connection attempt.
[2024-12-30T07:41:37.680Z] Device at 10.30.4.128 is not reachable. Skipping connection attempt.
[2024-12-30T07:41:47.679Z] Device at 10.30.4.128 is not reachable. Skipping connection attempt.
[2024-12-30T07:41:57.676Z] Device at 10.30.4.128 is not reachable. Skipping connection attempt.
[2024-12-30T07:42:07.680Z] Device at 10.30.4.128 is not reachable. Skipping connection attempt.
[2024-12-30T07:42:17.679Z] Device at 10.30.4.128 is not reachable. Skipping connection attempt.
[2024-12-30T07:42:27.681Z] Device at 10.30.4.128 is not reachable. Skipping connection attempt.
[2024-12-30T07:42:37.682Z] Device at 10.30.4.128 is not reachable. Skipping connection attempt.
[2024-12-30T07:42:47.683Z] Device at 10.30.4.128 is not reachable. Skipping connection attempt.
[2024-12-30T07:42:57.684Z] Device at 10.30.4.128 is not reachable. Skipping connection attempt.
[2024-12-30T07:43:07.675Z] Device at 10.30.4.128 is not reachable. Skipping connection attempt.
[2024-12-30T07:43:17.688Z] Device at 10.30.4.128 is not reachable. Skipping connection attempt.
[2024-12-30T07:43:27.678Z] Device at 10.30.4.128 is not reachable. Skipping connection attempt.
[2024-12-30T07:43:37.686Z] Device at 10.30.4.128 is not reachable. Skipping connection attempt.
[2024-12-30T07:43:47.686Z] Device at 10.30.4.128 is not reachable. Skipping connection attempt.
[2024-12-30T07:43:57.672Z] Device at 10.30.4.128 is not reachable. Skipping connection attempt.
[2024-12-30T07:44:07.685Z] Device at 10.30.4.128 is not reachable. Skipping connection attempt.
[2024-12-30T07:44:17.683Z] Device at 10.30.4.128 is not reachable. Skipping connection attempt.
[2024-12-30T07:44:27.683Z] Device at 10.30.4.128 is not reachable. Skipping connection attempt.
[2024-12-30T07:44:37.669Z] Device at 10.30.4.128 is not reachable. Skipping connection attempt.
[2024-12-30T07:44:47.674Z] Device at 10.30.4.128 is not reachable. Skipping connection attempt.
[2024-12-30T07:44:57.675Z] Device at 10.30.4.128 is not reachable. Skipping connection attempt.
[2024-12-30T07:45:07.676Z] Device at 10.30.4.128 is not reachable. Skipping connection attempt.
[2024-12-30T07:45:17.670Z] Device at 10.30.4.128 is not reachable. Skipping connection attempt.
[2024-12-30T07:45:27.669Z] Device at 10.30.4.128 is not reachable. Skipping connection attempt.
[2024-12-30T07:45:37.666Z] Device at 10.30.4.128 is not reachable. Skipping connection attempt.
[2024-12-30T07:45:47.676Z] Device at 10.30.4.128 is not reachable. Skipping connection attempt.
[2024-12-30T07:45:57.676Z] Device at 10.30.4.128 is not reachable. Skipping connection attempt.
[2024-12-30T07:46:07.671Z] Device at 10.30.4.128 is not reachable. Skipping connection attempt.
[2024-12-30T07:46:17.666Z] Device at 10.30.4.128 is not reachable. Skipping connection attempt.
[2024-12-30T07:46:27.679Z] Device at 10.30.4.128 is not reachable. Skipping connection attempt.
[2024-12-30T07:46:37.670Z] Device at 10.30.4.128 is not reachable. Skipping connection attempt.
[2024-12-30T07:46:47.669Z] Device at 10.30.4.128 is not reachable. Skipping connection attempt.
[2024-12-30T07:46:57.672Z] Device at 10.30.4.128 is not reachable. Skipping connection attempt.
[2024-12-30T07:47:07.677Z] Device at 10.30.4.128 is not reachable. Skipping connection attempt.
[2024-12-30T07:47:17.674Z] Device at 10.30.4.128 is not reachable. Skipping connection attempt.
[2024-12-30T07:47:27.674Z] Device at 10.30.4.128 is not reachable. Skipping connection attempt.
[2024-12-30T07:47:37.674Z] Device at 10.30.4.128 is not reachable. Skipping connection attempt.
[2024-12-30T07:47:47.669Z] Device at 10.30.4.128 is not reachable. Skipping connection attempt.
[2024-12-30T07:47:57.666Z] Device at 10.30.4.128 is not reachable. Skipping connection attempt.
[2024-12-30T07:48:07.670Z] Device at 10.30.4.128 is not reachable. Skipping connection attempt.
[2024-12-30T07:48:17.664Z] Device at 10.30.4.128 is not reachable. Skipping connection attempt.
[2024-12-30T07:48:27.669Z] Device at 10.30.4.128 is not reachable. Skipping connection attempt.
[2024-12-30T07:48:37.669Z] Device at 10.30.4.128 is not reachable. Skipping connection attempt.
[2024-12-30T07:48:47.667Z] Device at 10.30.4.128 is not reachable. Skipping connection attempt.
[2024-12-30T07:48:57.667Z] Device at 10.30.4.128 is not reachable. Skipping connection attempt.
[2024-12-30T07:49:07.679Z] Device at 10.30.4.128 is not reachable. Skipping connection attempt.
[2024-12-30T07:49:17.673Z] Device at 10.30.4.128 is not reachable. Skipping connection attempt.
[2024-12-30T07:49:27.664Z] Device at 10.30.4.128 is not reachable. Skipping connection attempt.
[2024-12-30T07:49:37.664Z] Device at 10.30.4.128 is not reachable. Skipping connection attempt.
[2024-12-30T07:49:47.665Z] Device at 10.30.4.128 is not reachable. Skipping connection attempt.
[2024-12-30T07:49:57.662Z] Device at 10.30.4.128 is not reachable. Skipping connection attempt.
[2024-12-30T07:50:07.662Z] Device at 10.30.4.128 is not reachable. Skipping connection attempt.
[2024-12-30T07:50:17.664Z] Device at 10.30.4.128 is not reachable. Skipping connection attempt.
[2024-12-30T07:50:28.168Z] Device at 10.30.4.128 is not reachable. Skipping connection attempt.
[2024-12-30T07:50:37.666Z] Device at 10.30.4.128 is not reachable. Skipping connection attempt.
[2024-12-30T07:50:48.172Z] Device at 10.30.4.128 is not reachable. Skipping connection attempt.
[2024-12-30T07:50:58.160Z] Device at 10.30.4.128 is not reachable. Skipping connection attempt.
[2024-12-30T07:51:08.161Z] Device at 10.30.4.128 is not reachable. Skipping connection attempt.
[2024-12-30T07:51:18.159Z] Device at 10.30.4.128 is not reachable. Skipping connection attempt.
[2024-12-30T07:51:28.159Z] Device at 10.30.4.128 is not reachable. Skipping connection attempt.
[2024-12-30T07:51:38.174Z] Device at 10.30.4.128 is not reachable. Skipping connection attempt.
[2024-12-30T07:51:48.171Z] Device at 10.30.4.128 is not reachable. Skipping connection attempt.
[2024-12-30T07:51:58.158Z] Device at 10.30.4.128 is not reachable. Skipping connection attempt.
[2024-12-30T07:52:08.157Z] Device at 10.30.4.128 is not reachable. Skipping connection attempt.
[2024-12-30T07:52:18.160Z] Device at 10.30.4.128 is not reachable. Skipping connection attempt.
[2024-12-30T07:52:28.164Z] Device at 10.30.4.128 is not reachable. Skipping connection attempt.
[2024-12-30T07:52:38.162Z] Device at 10.30.4.128 is not reachable. Skipping connection attempt.
[2024-12-30T07:52:48.160Z] Device at 10.30.4.128 is not reachable. Skipping connection attempt.
[2024-12-30T07:52:58.171Z] Device at 10.30.4.128 is not reachable. Skipping connection attempt.
[2024-12-30T07:53:08.161Z] Device at 10.30.4.128 is not reachable. Skipping connection attempt.
[2024-12-30T07:53:18.156Z] Device at 10.30.4.128 is not reachable. Skipping connection attempt.
[2024-12-30T07:53:28.164Z] Device at 10.30.4.128 is not reachable. Skipping connection attempt.
[2024-12-30T07:53:38.164Z] Device at 10.30.4.128 is not reachable. Skipping connection attempt.
[2024-12-30T07:53:48.163Z] Device at 10.30.4.128 is not reachable. Skipping connection attempt.
[2024-12-30T07:53:58.158Z] Device at 10.30.4.128 is not reachable. Skipping connection attempt.
[2024-12-30T07:54:08.170Z] Device at 10.30.4.128 is not reachable. Skipping connection attempt.
[2024-12-30T07:54:18.164Z] Device at 10.30.4.128 is not reachable. Skipping connection attempt.
[2024-12-30T07:54:28.172Z] Device at 10.30.4.128 is not reachable. Skipping connection attempt.
[2024-12-30T07:54:38.180Z] Device at 10.30.4.128 is not reachable. Skipping connection attempt.
[2024-12-30T07:54:48.165Z] Device at 10.30.4.128 is not reachable. Skipping connection attempt.
[2024-12-30T07:54:58.173Z] Device at 10.30.4.128 is not reachable. Skipping connection attempt.
[2024-12-30T07:55:08.158Z] Device at 10.30.4.128 is not reachable. Skipping connection attempt.
[2024-12-30T07:55:18.154Z] Device at 10.30.4.128 is not reachable. Skipping connection attempt.
[2024-12-30T07:55:28.169Z] Device at 10.30.4.128 is not reachable. Skipping connection attempt.
[2024-12-30T07:55:38.166Z] Device at 10.30.4.128 is not reachable. Skipping connection attempt.
[2024-12-30T07:55:48.154Z] Device at 10.30.4.128 is not reachable. Skipping connection attempt.
[2024-12-30T07:55:58.156Z] Device at 10.30.4.128 is not reachable. Skipping connection attempt.
[2024-12-30T07:56:08.157Z] Device at 10.30.4.128 is not reachable. Skipping connection attempt.
[2024-12-30T07:56:18.168Z] Device at 10.30.4.128 is not reachable. Skipping connection attempt.
[2024-12-30T07:56:28.161Z] Device at 10.30.4.128 is not reachable. Skipping connection attempt.
[2024-12-30T07:56:38.165Z] Device at 10.30.4.128 is not reachable. Skipping connection attempt.
[2024-12-30T07:56:48.164Z] Device at 10.30.4.128 is not reachable. Skipping connection attempt.
[2024-12-30T07:56:58.156Z] Device at 10.30.4.128 is not reachable. Skipping connection attempt.
[2024-12-30T07:57:08.153Z] Device at 10.30.4.128 is not reachable. Skipping connection attempt.
[2024-12-30T07:57:18.153Z] Device at 10.30.4.128 is not reachable. Skipping connection attempt.
[2024-12-30T07:57:28.163Z] Device at 10.30.4.128 is not reachable. Skipping connection attempt.
[2024-12-30T07:57:38.154Z] Device at 10.30.4.128 is not reachable. Skipping connection attempt.
[2024-12-30T07:57:48.150Z] Device at 10.30.4.128 is not reachable. Skipping connection attempt.
[2024-12-30T07:57:58.157Z] Device at 10.30.4.128 is not reachable. Skipping connection attempt.
[2024-12-30T07:58:08.156Z] Device at 10.30.4.128 is not reachable. Skipping connection attempt.
[2024-12-30T07:58:18.160Z] Device at 10.30.4.128 is not reachable. Skipping connection attempt.
[2024-12-30T07:58:28.155Z] Device at 10.30.4.128 is not reachable. Skipping connection attempt.
[2024-12-30T07:58:38.161Z] Device at 10.30.4.128 is not reachable. Skipping connection attempt.
[2024-12-30T07:58:48.156Z] Device at 10.30.4.128 is not reachable. Skipping connection attempt.
[2024-12-30T07:58:58.155Z] Device at 10.30.4.128 is not reachable. Skipping connection attempt.
[2024-12-30T07:59:08.154Z] Device at 10.30.4.128 is not reachable. Skipping connection attempt.
[2024-12-30T07:59:18.159Z] Device at 10.30.4.128 is not reachable. Skipping connection attempt.
[2024-12-30T07:59:28.154Z] Device at 10.30.4.128 is not reachable. Skipping connection attempt.
[2024-12-30T07:59:38.163Z] Device at 10.30.4.128 is not reachable. Skipping connection attempt.
[2024-12-30T07:59:48.159Z] Device at 10.30.4.128 is not reachable. Skipping connection attempt.
[2024-12-30T07:59:58.169Z] Device at 10.30.4.128 is not reachable. Skipping connection attempt.
[2024-12-30T08:00:08.157Z] Device at 10.30.4.128 is not reachable. Skipping connection attempt.
[2024-12-30T08:00:18.150Z] Device at 10.30.4.128 is not reachable. Skipping connection attempt.
[2024-12-30T08:00:28.651Z] Device at 10.30.4.128 is not reachable. Skipping connection attempt.
[2024-12-30T08:00:38.662Z] Device at 10.30.4.128 is not reachable. Skipping connection attempt.
[2024-12-30T08:00:48.652Z] Device at 10.30.4.128 is not reachable. Skipping connection attempt.
[2024-12-30T08:00:58.659Z] Device at 10.30.4.128 is not reachable. Skipping connection attempt.
[2024-12-30T08:01:08.659Z] Device at 10.30.4.128 is not reachable. Skipping connection attempt.
[2024-12-30T08:01:18.651Z] Device at 10.30.4.128 is not reachable. Skipping connection attempt.
[2024-12-30T08:01:28.654Z] Device at 10.30.4.128 is not reachable. Skipping connection attempt.
[2024-12-30T08:01:38.660Z] Device at 10.30.4.128 is not reachable. Skipping connection attempt.
[2024-12-30T08:01:48.648Z] Device at 10.30.4.128 is not reachable. Skipping connection attempt.
[2024-12-30T08:01:58.648Z] Device at 10.30.4.128 is not reachable. Skipping connection attempt.
[2024-12-30T08:02:08.660Z] Device at 10.30.4.128 is not reachable. Skipping connection attempt.
[2024-12-30T08:02:18.650Z] Device at 10.30.4.128 is not reachable. Skipping connection attempt.
[2024-12-30T08:02:28.647Z] Device at 10.30.4.128 is not reachable. Skipping connection attempt.
[2024-12-30T08:02:38.659Z] Device at 10.30.4.128 is not reachable. Skipping connection attempt.
[2024-12-30T08:02:48.648Z] Device at 10.30.4.128 is not reachable. Skipping connection attempt.
[2024-12-30T08:02:58.651Z] Device at 10.30.4.128 is not reachable. Skipping connection attempt.
[2024-12-30T08:03:08.657Z] Device at 10.30.4.128 is not reachable. Skipping connection attempt.
[2024-12-30T08:03:18.657Z] Device at 10.30.4.128 is not reachable. Skipping connection attempt.
[2024-12-30T08:03:28.647Z] Device at 10.30.4.128 is not reachable. Skipping connection attempt.
[2024-12-30T08:03:38.652Z] Device at 10.30.4.128 is not reachable. Skipping connection attempt.
[2024-12-30T08:03:48.657Z] Device at 10.30.4.128 is not reachable. Skipping connection attempt.
[2024-12-30T08:03:58.646Z] Device at 10.30.4.128 is not reachable. Skipping connection attempt.
[2024-12-30T08:04:08.646Z] Device at 10.30.4.128 is not reachable. Skipping connection attempt.
[2024-12-30T08:04:18.664Z] Device at 10.30.4.128 is not reachable. Skipping connection attempt.
[2024-12-30T08:04:28.650Z] Device at 10.30.4.128 is not reachable. Skipping connection attempt.
[2024-12-30T08:04:38.646Z] Device at 10.30.4.128 is not reachable. Skipping connection attempt.
[2024-12-30T08:04:48.660Z] Device at 10.30.4.128 is not reachable. Skipping connection attempt.
[2024-12-30T08:04:58.652Z] Device at 10.30.4.128 is not reachable. Skipping connection attempt.
[2024-12-30T08:05:08.656Z] Device at 10.30.4.128 is not reachable. Skipping connection attempt.
[2024-12-30T08:05:18.652Z] Device at 10.30.4.128 is not reachable. Skipping connection attempt.
[2024-12-30T08:05:28.655Z] Device at 10.30.4.128 is not reachable. Skipping connection attempt.
[2024-12-30T08:05:38.654Z] Device at 10.30.4.128 is not reachable. Skipping connection attempt.
[2024-12-30T08:05:48.661Z] Device at 10.30.4.128 is not reachable. Skipping connection attempt.
[2024-12-30T08:05:58.649Z] Device at 10.30.4.128 is not reachable. Skipping connection attempt.
[2024-12-30T08:06:08.644Z] Device at 10.30.4.128 is not reachable. Skipping connection attempt.
[2024-12-30T08:06:18.660Z] Device at 10.30.4.128 is not reachable. Skipping connection attempt.
[2024-12-30T08:06:28.647Z] Device at 10.30.4.128 is not reachable. Skipping connection attempt.
[2024-12-30T08:06:38.653Z] Device at 10.30.4.128 is not reachable. Skipping connection attempt.
[2024-12-30T08:06:48.652Z] Device at 10.30.4.128 is not reachable. Skipping connection attempt.
[2024-12-30T08:06:58.655Z] Device at 10.30.4.128 is not reachable. Skipping connection attempt.
[2024-12-30T08:07:08.653Z] Device at 10.30.4.128 is not reachable. Skipping connection attempt.
[2024-12-30T08:07:18.661Z] Device at 10.30.4.128 is not reachable. Skipping connection attempt.
[2024-12-30T08:07:28.651Z] Device at 10.30.4.128 is not reachable. Skipping connection attempt.
[2024-12-30T08:07:38.662Z] Device at 10.30.4.128 is not reachable. Skipping connection attempt.
[2024-12-30T08:07:48.658Z] Device at 10.30.4.128 is not reachable. Skipping connection attempt.
[2024-12-30T08:07:58.654Z] Device at 10.30.4.128 is not reachable. Skipping connection attempt.
[2024-12-30T08:08:08.659Z] Device at 10.30.4.128 is not reachable. Skipping connection attempt.
[2024-12-30T08:08:18.653Z] Device at 10.30.4.128 is not reachable. Skipping connection attempt.
[2024-12-30T08:08:28.650Z] Device at 10.30.4.128 is not reachable. Skipping connection attempt.
[2024-12-30T08:08:38.660Z] Device at 10.30.4.128 is not reachable. Skipping connection attempt.
[2024-12-30T08:08:48.652Z] Device at 10.30.4.128 is not reachable. Skipping connection attempt.
[2024-12-30T08:08:58.658Z] Device at 10.30.4.128 is not reachable. Skipping connection attempt.
[2024-12-30T08:09:08.655Z] Device at 10.30.4.128 is not reachable. Skipping connection attempt.
[2024-12-30T08:09:18.660Z] Device at 10.30.4.128 is not reachable. Skipping connection attempt.
[2024-12-30T08:09:28.655Z] Device at 10.30.4.128 is not reachable. Skipping connection attempt.
[2024-12-30T08:09:38.659Z] Device at 10.30.4.128 is not reachable. Skipping connection attempt.
[2024-12-30T08:09:48.661Z] Device at 10.30.4.128 is not reachable. Skipping connection attempt.
[2024-12-30T08:09:58.664Z] Device at 10.30.4.128 is not reachable. Skipping connection attempt.
[2024-12-30T08:10:08.674Z] Device at 10.30.4.128 is not reachable. Skipping connection attempt.
[2024-12-30T08:10:18.651Z] Device at 10.30.4.128 is not reachable. Skipping connection attempt.
[2024-12-30T08:10:28.655Z] Device at 10.30.4.128 is not reachable. Skipping connection attempt.
[2024-12-30T08:10:38.670Z] Device at 10.30.4.128 is not reachable. Skipping connection attempt.
[2024-12-30T08:10:48.652Z] Device at 10.30.4.128 is not reachable. Skipping connection attempt.
[2024-12-30T08:10:58.665Z] Device at 10.30.4.128 is not reachable. Skipping connection attempt.
[2024-12-30T08:11:08.666Z] Device at 10.30.4.128 is not reachable. Skipping connection attempt.
[2024-12-30T08:11:18.664Z] Device at 10.30.4.128 is not reachable. Skipping connection attempt.
[2024-12-30T08:11:28.660Z] Device at 10.30.4.128 is not reachable. Skipping connection attempt.
[2024-12-30T08:11:38.660Z] Device at 10.30.4.128 is not reachable. Skipping connection attempt.
[2024-12-30T08:11:48.662Z] Device at 10.30.4.128 is not reachable. Skipping connection attempt.
[2024-12-30T08:11:59.161Z] Device at 10.30.4.128 is not reachable. Skipping connection attempt.
[2024-12-30T08:12:09.155Z] Device at 10.30.4.128 is not reachable. Skipping connection attempt.
[2024-12-30T08:12:19.159Z] Device at 10.30.4.128 is not reachable. Skipping connection attempt.
[2024-12-30T08:12:29.161Z] Device at 10.30.4.128 is not reachable. Skipping connection attempt.
[2024-12-30T08:12:39.168Z] Device at 10.30.4.128 is not reachable. Skipping connection attempt.
[2024-12-30T08:12:48.666Z] Device at 10.30.4.128 is not reachable. Skipping connection attempt.
[2024-12-30T08:12:59.162Z] Device at 10.30.4.128 is not reachable. Skipping connection attempt.
[2024-12-30T08:13:09.166Z] Device at 10.30.4.128 is not reachable. Skipping connection attempt.
[2024-12-30T08:13:19.165Z] Device at 10.30.4.128 is not reachable. Skipping connection attempt.
[2024-12-30T08:13:29.166Z] Device at 10.30.4.128 is not reachable. Skipping connection attempt.
[2024-12-30T08:13:39.160Z] Device at 10.30.4.128 is not reachable. Skipping connection attempt.
[2024-12-30T08:13:49.157Z] Device at 10.30.4.128 is not reachable. Skipping connection attempt.
[2024-12-30T08:13:59.170Z] Device at 10.30.4.128 is not reachable. Skipping connection attempt.
[2024-12-30T08:14:09.154Z] Device at 10.30.4.128 is not reachable. Skipping connection attempt.
[2024-12-30T08:14:19.164Z] Device at 10.30.4.128 is not reachable. Skipping connection attempt.
[2024-12-30T08:14:29.161Z] Device at 10.30.4.128 is not reachable. Skipping connection attempt.
[2024-12-30T08:14:39.168Z] Device at 10.30.4.128 is not reachable. Skipping connection attempt.
[2024-12-30T08:14:49.159Z] Device at 10.30.4.128 is not reachable. Skipping connection attempt.
[2024-12-30T08:14:59.161Z] Device at 10.30.4.128 is not reachable. Skipping connection attempt.
[2024-12-30T08:15:09.156Z] Device at 10.30.4.128 is not reachable. Skipping connection attempt.
[2024-12-30T08:15:19.170Z] Device at 10.30.4.128 is not reachable. Skipping connection attempt.
[2024-12-30T08:15:29.158Z] Device at 10.30.4.128 is not reachable. Skipping connection attempt.
[2024-12-30T08:15:39.169Z] Device at 10.30.4.128 is not reachable. Skipping connection attempt.
[2024-12-30T08:15:49.169Z] Device at 10.30.4.128 is not reachable. Skipping connection attempt.
[2024-12-30T08:15:59.161Z] Device at 10.30.4.128 is not reachable. Skipping connection attempt.
[2024-12-30T08:16:09.165Z] Device at 10.30.4.128 is not reachable. Skipping connection attempt.
[2024-12-30T08:16:19.169Z] Device at 10.30.4.128 is not reachable. Skipping connection attempt.
[2024-12-30T08:16:29.164Z] Device at 10.30.4.128 is not reachable. Skipping connection attempt.
[2024-12-30T08:16:39.174Z] Device at 10.30.4.128 is not reachable. Skipping connection attempt.
[2024-12-30T08:16:49.161Z] Device at 10.30.4.128 is not reachable. Skipping connection attempt.
[2024-12-30T08:16:59.166Z] Device at 10.30.4.128 is not reachable. Skipping connection attempt.
[2024-12-30T08:17:09.165Z] Device at 10.30.4.128 is not reachable. Skipping connection attempt.
[2024-12-30T08:17:19.158Z] Device at 10.30.4.128 is not reachable. Skipping connection attempt.
[2024-12-30T08:17:29.163Z] Device at 10.30.4.128 is not reachable. Skipping connection attempt.
[2024-12-30T08:17:39.158Z] Device at 10.30.4.128 is not reachable. Skipping connection attempt.
[2024-12-30T08:17:49.165Z] Device at 10.30.4.128 is not reachable. Skipping connection attempt.
[2024-12-30T08:17:59.168Z] Device at 10.30.4.128 is not reachable. Skipping connection attempt.
[2024-12-30T08:18:09.158Z] Device at 10.30.4.128 is not reachable. Skipping connection attempt.
[2024-12-30T08:18:19.167Z] Device at 10.30.4.128 is not reachable. Skipping connection attempt.
[2024-12-30T08:18:29.161Z] Device at 10.30.4.128 is not reachable. Skipping connection attempt.
[2024-12-30T08:18:39.167Z] Device at 10.30.4.128 is not reachable. Skipping connection attempt.
[2024-12-30T08:18:49.170Z] Device at 10.30.4.128 is not reachable. Skipping connection attempt.
[2024-12-30T08:18:59.159Z] Device at 10.30.4.128 is not reachable. Skipping connection attempt.
[2024-12-30T08:19:09.158Z] Device at 10.30.4.128 is not reachable. Skipping connection attempt.
[2024-12-30T08:19:19.162Z] Device at 10.30.4.128 is not reachable. Skipping connection attempt.
[2024-12-30T08:19:29.163Z] Device at 10.30.4.128 is not reachable. Skipping connection attempt.
[2024-12-30T08:19:39.169Z] Device at 10.30.4.128 is not reachable. Skipping connection attempt.
[2024-12-30T08:19:49.165Z] Device at 10.30.4.128 is not reachable. Skipping connection attempt.
[2024-12-30T08:19:59.169Z] Device at 10.30.4.128 is not reachable. Skipping connection attempt.
[2024-12-30T08:20:09.168Z] Device at 10.30.4.128 is not reachable. Skipping connection attempt.
[2024-12-30T08:20:19.166Z] Device at 10.30.4.128 is not reachable. Skipping connection attempt.
[2024-12-30T08:20:29.170Z] Device at 10.30.4.128 is not reachable. Skipping connection attempt.
[2024-12-30T08:20:39.167Z] Device at 10.30.4.128 is not reachable. Skipping connection attempt.
[2024-12-30T08:20:49.171Z] Device at 10.30.4.128 is not reachable. Skipping connection attempt.
[2024-12-30T08:20:59.167Z] Device at 10.30.4.128 is not reachable. Skipping connection attempt.
[2024-12-30T08:21:09.171Z] Device at 10.30.4.128 is not reachable. Skipping connection attempt.
[2024-12-30T08:21:19.166Z] Device at 10.30.4.128 is not reachable. Skipping connection attempt.
[2024-12-30T08:21:29.175Z] Device at 10.30.4.128 is not reachable. Skipping connection attempt.
[2024-12-30T08:21:39.161Z] Device at 10.30.4.128 is not reachable. Skipping connection attempt.
[2024-12-30T08:21:49.166Z] Device at 10.30.4.128 is not reachable. Skipping connection attempt.
[2024-12-30T08:21:59.160Z] Device at 10.30.4.128 is not reachable. Skipping connection attempt.
[2024-12-30T08:22:09.167Z] Device at 10.30.4.128 is not reachable. Skipping connection attempt.
[2024-12-30T08:22:19.162Z] Device at 10.30.4.128 is not reachable. Skipping connection attempt.
[2024-12-30T08:22:29.164Z] Device at 10.30.4.128 is not reachable. Skipping connection attempt.
[2024-12-30T08:22:39.162Z] Device at 10.30.4.128 is not reachable. Skipping connection attempt.
[2024-12-30T08:22:49.172Z] Device at 10.30.4.128 is not reachable. Skipping connection attempt.
[2024-12-30T08:22:59.173Z] Device at 10.30.4.128 is not reachable. Skipping connection attempt.
[2024-12-30T08:23:09.665Z] Device at 10.30.4.128 is not reachable. Skipping connection attempt.
[2024-12-30T08:23:19.662Z] Device at 10.30.4.128 is not reachable. Skipping connection attempt.
[2024-12-30T08:23:29.659Z] Device at 10.30.4.128 is not reachable. Skipping connection attempt.
[2024-12-30T08:23:39.665Z] Device at 10.30.4.128 is not reachable. Skipping connection attempt.
[2024-12-30T08:23:49.672Z] Device at 10.30.4.128 is not reachable. Skipping connection attempt.
[2024-12-30T08:23:59.166Z] Device at 10.30.4.128 is not reachable. Skipping connection attempt.
[2024-12-30T08:24:09.671Z] Device at 10.30.4.128 is not reachable. Skipping connection attempt.
[2024-12-30T08:24:19.662Z] Device at 10.30.4.128 is not reachable. Skipping connection attempt.
[2024-12-30T08:24:29.672Z] Device at 10.30.4.128 is not reachable. Skipping connection attempt.
[2024-12-30T08:24:39.666Z] Device at 10.30.4.128 is not reachable. Skipping connection attempt.
[2024-12-30T08:24:49.661Z] Device at 10.30.4.128 is not reachable. Skipping connection attempt.
[2024-12-30T08:24:59.663Z] Device at 10.30.4.128 is not reachable. Skipping connection attempt.
[2024-12-30T08:25:09.673Z] Device at 10.30.4.128 is not reachable. Skipping connection attempt.
[2024-12-30T08:25:19.664Z] Device at 10.30.4.128 is not reachable. Skipping connection attempt.
[2024-12-30T08:25:29.664Z] Device at 10.30.4.128 is not reachable. Skipping connection attempt.
[2024-12-30T08:25:39.672Z] Device at 10.30.4.128 is not reachable. Skipping connection attempt.
[2024-12-30T08:25:49.672Z] Device at 10.30.4.128 is not reachable. Skipping connection attempt.
[2024-12-30T08:25:59.670Z] Device at 10.30.4.128 is not reachable. Skipping connection attempt.
[2024-12-30T08:26:09.672Z] Device at 10.30.4.128 is not reachable. Skipping connection attempt.
[2024-12-30T08:26:19.669Z] Device at 10.30.4.128 is not reachable. Skipping connection attempt.
[2024-12-30T08:26:29.661Z] Device at 10.30.4.128 is not reachable. Skipping connection attempt.
[2024-12-30T08:26:39.660Z] Device at 10.30.4.128 is not reachable. Skipping connection attempt.
[2024-12-30T08:26:49.672Z] Device at 10.30.4.128 is not reachable. Skipping connection attempt.
[2024-12-30T08:26:59.659Z] Device at 10.30.4.128 is not reachable. Skipping connection attempt.
[2024-12-30T08:27:09.662Z] Device at 10.30.4.128 is not reachable. Skipping connection attempt.
[2024-12-30T08:27:19.664Z] Device at 10.30.4.128 is not reachable. Skipping connection attempt.
[2024-12-30T08:27:29.665Z] Device at 10.30.4.128 is not reachable. Skipping connection attempt.
[2024-12-30T08:27:39.666Z] Device at 10.30.4.128 is not reachable. Skipping connection attempt.
[2024-12-30T08:27:49.671Z] Device at 10.30.4.128 is not reachable. Skipping connection attempt.
[2024-12-30T08:27:59.667Z] Device at 10.30.4.128 is not reachable. Skipping connection attempt.
[2024-12-30T08:28:09.664Z] Device at 10.30.4.128 is not reachable. Skipping connection attempt.
[2024-12-30T08:28:19.671Z] Device at 10.30.4.128 is not reachable. Skipping connection attempt.
[2024-12-30T08:28:29.670Z] Device at 10.30.4.128 is not reachable. Skipping connection attempt.
[2024-12-30T08:28:39.660Z] Device at 10.30.4.128 is not reachable. Skipping connection attempt.
[2024-12-30T08:28:49.672Z] Device at 10.30.4.128 is not reachable. Skipping connection attempt.
[2024-12-30T08:28:59.661Z] Device at 10.30.4.128 is not reachable. Skipping connection attempt.
[2024-12-30T08:29:09.666Z] Device at 10.30.4.128 is not reachable. Skipping connection attempt.
[2024-12-30T08:29:19.674Z] Device at 10.30.4.128 is not reachable. Skipping connection attempt.
[2024-12-30T08:29:29.671Z] Device at 10.30.4.128 is not reachable. Skipping connection attempt.
[2024-12-30T08:29:39.666Z] Device at 10.30.4.128 is not reachable. Skipping connection attempt.
[2024-12-30T08:29:49.661Z] Device at 10.30.4.128 is not reachable. Skipping connection attempt.
[2024-12-30T08:29:59.673Z] Device at 10.30.4.128 is not reachable. Skipping connection attempt.
[2024-12-30T08:30:09.667Z] Device at 10.30.4.128 is not reachable. Skipping connection attempt.
[2024-12-30T08:30:19.666Z] Device at 10.30.4.128 is not reachable. Skipping connection attempt.
[2024-12-30T08:30:29.662Z] Device at 10.30.4.128 is not reachable. Skipping connection attempt.
[2024-12-30T08:30:39.672Z] Device at 10.30.4.128 is not reachable. Skipping connection attempt.
[2024-12-30T08:30:49.666Z] Device at 10.30.4.128 is not reachable. Skipping connection attempt.
[2024-12-30T08:30:59.673Z] Device at 10.30.4.128 is not reachable. Skipping connection attempt.
[2024-12-30T08:31:09.666Z] Device at 10.30.4.128 is not reachable. Skipping connection attempt.
[2024-12-30T08:31:19.662Z] Device at 10.30.4.128 is not reachable. Skipping connection attempt.
[2024-12-30T08:31:29.673Z] Device at 10.30.4.128 is not reachable. Skipping connection attempt.
[2024-12-30T08:31:39.668Z] Device at 10.30.4.128 is not reachable. Skipping connection attempt.
[2024-12-30T08:31:49.674Z] Device at 10.30.4.128 is not reachable. Skipping connection attempt.
[2024-12-30T08:31:59.662Z] Device at 10.30.4.128 is not reachable. Skipping connection attempt.
[2024-12-30T08:32:09.671Z] Device at 10.30.4.128 is not reachable. Skipping connection attempt.
[2024-12-30T08:32:19.665Z] Device at 10.30.4.128 is not reachable. Skipping connection attempt.
[2024-12-30T08:32:29.660Z] Device at 10.30.4.128 is not reachable. Skipping connection attempt.
[2024-12-30T08:32:39.662Z] Device at 10.30.4.128 is not reachable. Skipping connection attempt.
[2024-12-30T08:32:49.669Z] Device at 10.30.4.128 is not reachable. Skipping connection attempt.
[2024-12-30T08:32:59.670Z] Device at 10.30.4.128 is not reachable. Skipping connection attempt.
[2024-12-30T08:33:10.172Z] Device at 10.30.4.128 is not reachable. Skipping connection attempt.
[2024-12-30T08:33:19.665Z] Device at 10.30.4.128 is not reachable. Skipping connection attempt.
[2024-12-30T08:33:30.171Z] Device at 10.30.4.128 is not reachable. Skipping connection attempt.
[2024-12-30T08:33:40.167Z] Device at 10.30.4.128 is not reachable. Skipping connection attempt.
[2024-12-30T08:33:50.166Z] Device at 10.30.4.128 is not reachable. Skipping connection attempt.
[2024-12-30T08:34:00.163Z] Device at 10.30.4.128 is not reachable. Skipping connection attempt.
[2024-12-30T08:34:10.174Z] Device at 10.30.4.128 is not reachable. Skipping connection attempt.
[2024-12-30T08:34:20.165Z] Device at 10.30.4.128 is not reachable. Skipping connection attempt.
[2024-12-30T08:34:30.172Z] Device at 10.30.4.128 is not reachable. Skipping connection attempt.
[2024-12-30T08:34:40.166Z] Device at 10.30.4.128 is not reachable. Skipping connection attempt.
[2024-12-30T08:34:50.160Z] Device at 10.30.4.128 is not reachable. Skipping connection attempt.
[2024-12-30T08:35:00.160Z] Device at 10.30.4.128 is not reachable. Skipping connection attempt.
[2024-12-30T08:35:10.167Z] Device at 10.30.4.128 is not reachable. Skipping connection attempt.
[2024-12-30T08:35:20.163Z] Device at 10.30.4.128 is not reachable. Skipping connection attempt.
[2024-12-30T08:35:30.164Z] Device at 10.30.4.128 is not reachable. Skipping connection attempt.
[2024-12-30T08:35:40.164Z] Device at 10.30.4.128 is not reachable. Skipping connection attempt.
[2024-12-30T08:35:50.168Z] Device at 10.30.4.128 is not reachable. Skipping connection attempt.
[2024-12-30T08:36:00.161Z] Device at 10.30.4.128 is not reachable. Skipping connection attempt.
[2024-12-30T08:36:10.167Z] Device at 10.30.4.128 is not reachable. Skipping connection attempt.
[2024-12-30T08:36:20.165Z] Device at 10.30.4.128 is not reachable. Skipping connection attempt.
[2024-12-30T08:36:30.163Z] Device at 10.30.4.128 is not reachable. Skipping connection attempt.
[2024-12-30T08:36:40.161Z] Device at 10.30.4.128 is not reachable. Skipping connection attempt.
[2024-12-30T08:36:50.183Z] Device at 10.30.4.128 is not reachable. Skipping connection attempt.
[2024-12-30T08:37:00.166Z] Device at 10.30.4.128 is not reachable. Skipping connection attempt.
[2024-12-30T08:37:10.182Z] Device at 10.30.4.128 is not reachable. Skipping connection attempt.
[2024-12-30T08:37:20.167Z] Device at 10.30.4.128 is not reachable. Skipping connection attempt.
[2024-12-30T08:37:30.173Z] Device at 10.30.4.128 is not reachable. Skipping connection attempt.
[2024-12-30T08:37:40.161Z] Device at 10.30.4.128 is not reachable. Skipping connection attempt.
[2024-12-30T08:37:50.165Z] Device at 10.30.4.128 is not reachable. Skipping connection attempt.
[2024-12-30T08:38:00.165Z] Device at 10.30.4.128 is not reachable. Skipping connection attempt.
[2024-12-30T08:38:10.171Z] Device at 10.30.4.128 is not reachable. Skipping connection attempt.
[2024-12-30T08:38:20.164Z] Device at 10.30.4.128 is not reachable. Skipping connection attempt.
[2024-12-30T08:38:30.164Z] Device at 10.30.4.128 is not reachable. Skipping connection attempt.
[2024-12-30T08:38:40.170Z] Device at 10.30.4.128 is not reachable. Skipping connection attempt.
[2024-12-30T08:38:50.168Z] Device at 10.30.4.128 is not reachable. Skipping connection attempt.
[2024-12-30T08:39:00.161Z] Device at 10.30.4.128 is not reachable. Skipping connection attempt.
[2024-12-30T08:39:10.167Z] Device at 10.30.4.128 is not reachable. Skipping connection attempt.
[2024-12-30T08:39:20.167Z] Device at 10.30.4.128 is not reachable. Skipping connection attempt.
[2024-12-30T08:39:30.166Z] Device at 10.30.4.128 is not reachable. Skipping connection attempt.
[2024-12-30T08:39:40.165Z] Device at 10.30.4.128 is not reachable. Skipping connection attempt.
[2024-12-30T08:39:50.160Z] Device at 10.30.4.128 is not reachable. Skipping connection attempt.
[2024-12-30T08:40:00.168Z] Device at 10.30.4.128 is not reachable. Skipping connection attempt.
[2024-12-30T08:40:10.167Z] Device at 10.30.4.128 is not reachable. Skipping connection attempt.
[2024-12-30T08:40:20.173Z] Device at 10.30.4.128 is not reachable. Skipping connection attempt.
[2024-12-30T08:40:30.172Z] Device at 10.30.4.128 is not reachable. Skipping connection attempt.
[2024-12-30T08:40:40.168Z] Device at 10.30.4.128 is not reachable. Skipping connection attempt.
[2024-12-30T08:40:50.171Z] Device at 10.30.4.128 is not reachable. Skipping connection attempt.
[2024-12-30T08:41:00.164Z] Device at 10.30.4.128 is not reachable. Skipping connection attempt.
[2024-12-30T08:41:10.181Z] Device at 10.30.4.128 is not reachable. Skipping connection attempt.
[2024-12-30T08:41:20.185Z] Device at 10.30.4.128 is not reachable. Skipping connection attempt.
[2024-12-30T08:41:30.170Z] Device at 10.30.4.128 is not reachable. Skipping connection attempt.
[2024-12-30T08:41:40.172Z] Device at 10.30.4.128 is not reachable. Skipping connection attempt.
[2024-12-30T08:41:50.173Z] Device at 10.30.4.128 is not reachable. Skipping connection attempt.
[2024-12-30T08:42:00.167Z] Device at 10.30.4.128 is not reachable. Skipping connection attempt.
[2024-12-30T08:42:10.176Z] Device at 10.30.4.128 is not reachable. Skipping connection attempt.
[2024-12-30T08:42:20.173Z] Device at 10.30.4.128 is not reachable. Skipping connection attempt.
[2024-12-30T08:42:30.178Z] Device at 10.30.4.128 is not reachable. Skipping connection attempt.
[2024-12-30T08:42:40.171Z] Device at 10.30.4.128 is not reachable. Skipping connection attempt.
[2024-12-30T08:42:50.173Z] Device at 10.30.4.128 is not reachable. Skipping connection attempt.
[2024-12-30T08:43:00.172Z] Device at 10.30.4.128 is not reachable. Skipping connection attempt.
[2024-12-30T08:43:10.174Z] Device at 10.30.4.128 is not reachable. Skipping connection attempt.
[2024-12-30T08:43:20.175Z] Device at 10.30.4.128 is not reachable. Skipping connection attempt.
[2024-12-30T08:43:30.672Z] Device at 10.30.4.128 is not reachable. Skipping connection attempt.
[2024-12-30T08:43:40.668Z] Device at 10.30.4.128 is not reachable. Skipping connection attempt.
[2024-12-30T08:43:50.674Z] Device at 10.30.4.128 is not reachable. Skipping connection attempt.
[2024-12-30T08:44:00.672Z] Device at 10.30.4.128 is not reachable. Skipping connection attempt.
[2024-12-30T08:44:10.679Z] Device at 10.30.4.128 is not reachable. Skipping connection attempt.
[2024-12-30T08:44:20.665Z] Device at 10.30.4.128 is not reachable. Skipping connection attempt.
[2024-12-30T08:44:30.679Z] Device at 10.30.4.128 is not reachable. Skipping connection attempt.
[2024-12-30T08:44:40.665Z] Device at 10.30.4.128 is not reachable. Skipping connection attempt.
[2024-12-30T08:44:50.670Z] Device at 10.30.4.128 is not reachable. Skipping connection attempt.
[2024-12-30T08:45:00.685Z] Device at 10.30.4.128 is not reachable. Skipping connection attempt.
[2024-12-30T08:45:10.669Z] Device at 10.30.4.128 is not reachable. Skipping connection attempt.
[2024-12-30T08:45:20.667Z] Device at 10.30.4.128 is not reachable. Skipping connection attempt.
[2024-12-30T08:45:30.673Z] Device at 10.30.4.128 is not reachable. Skipping connection attempt.
[2024-12-30T08:45:40.670Z] Device at 10.30.4.128 is not reachable. Skipping connection attempt.
[2024-12-30T08:45:50.677Z] Device at 10.30.4.128 is not reachable. Skipping connection attempt.
[2024-12-30T08:46:00.670Z] Device at 10.30.4.128 is not reachable. Skipping connection attempt.
[2024-12-30T08:46:10.675Z] Device at 10.30.4.128 is not reachable. Skipping connection attempt.
[2024-12-30T08:46:20.673Z] Device at 10.30.4.128 is not reachable. Skipping connection attempt.
[2024-12-30T08:46:30.673Z] Device at 10.30.4.128 is not reachable. Skipping connection attempt.
[2024-12-30T08:46:40.672Z] Device at 10.30.4.128 is not reachable. Skipping connection attempt.
[2024-12-30T08:46:50.684Z] Device at 10.30.4.128 is not reachable. Skipping connection attempt.
[2024-12-30T08:47:00.679Z] Device at 10.30.4.128 is not reachable. Skipping connection attempt.
[2024-12-30T08:47:10.680Z] Device at 10.30.4.128 is not reachable. Skipping connection attempt.
[2024-12-30T08:47:20.679Z] Device at 10.30.4.128 is not reachable. Skipping connection attempt.
[2024-12-30T08:47:30.670Z] Device at 10.30.4.128 is not reachable. Skipping connection attempt.
[2024-12-30T08:47:40.668Z] Device at 10.30.4.128 is not reachable. Skipping connection attempt.
[2024-12-30T08:47:50.679Z] Device at 10.30.4.128 is not reachable. Skipping connection attempt.
[2024-12-30T08:48:00.668Z] Device at 10.30.4.128 is not reachable. Skipping connection attempt.
[2024-12-30T08:48:10.668Z] Device at 10.30.4.128 is not reachable. Skipping connection attempt.
[2024-12-30T08:48:20.677Z] Device at 10.30.4.128 is not reachable. Skipping connection attempt.
[2024-12-30T08:48:30.668Z] Device at 10.30.4.128 is not reachable. Skipping connection attempt.
[2024-12-30T08:48:40.669Z] Device at 10.30.4.128 is not reachable. Skipping connection attempt.
[2024-12-30T08:48:50.673Z] Device at 10.30.4.128 is not reachable. Skipping connection attempt.
[2024-12-30T08:49:00.672Z] Device at 10.30.4.128 is not reachable. Skipping connection attempt.
[2024-12-30T08:49:10.666Z] Device at 10.30.4.128 is not reachable. Skipping connection attempt.
[2024-12-30T08:49:20.674Z] Device at 10.30.4.128 is not reachable. Skipping connection attempt.
[2024-12-30T08:49:30.667Z] Device at 10.30.4.128 is not reachable. Skipping connection attempt.
[2024-12-30T08:49:40.679Z] Device at 10.30.4.128 is not reachable. Skipping connection attempt.
[2024-12-30T08:49:50.674Z] Device at 10.30.4.128 is not reachable. Skipping connection attempt.
[2024-12-30T08:50:00.674Z] Device at 10.30.4.128 is not reachable. Skipping connection attempt.
[2024-12-30T08:50:10.669Z] Device at 10.30.4.128 is not reachable. Skipping connection attempt.
[2024-12-30T08:50:20.687Z] Device at 10.30.4.128 is not reachable. Skipping connection attempt.
[2024-12-30T08:50:30.681Z] Device at 10.30.4.128 is not reachable. Skipping connection attempt.
[2024-12-30T08:50:40.669Z] Device at 10.30.4.128 is not reachable. Skipping connection attempt.
[2024-12-30T08:50:50.673Z] Device at 10.30.4.128 is not reachable. Skipping connection attempt.
[2024-12-30T08:51:00.682Z] Device at 10.30.4.128 is not reachable. Skipping connection attempt.
[2024-12-30T08:51:10.673Z] Device at 10.30.4.128 is not reachable. Skipping connection attempt.
[2024-12-30T08:51:20.677Z] Device at 10.30.4.128 is not reachable. Skipping connection attempt.
[2024-12-30T08:51:30.670Z] Device at 10.30.4.128 is not reachable. Skipping connection attempt.
[2024-12-30T08:51:40.675Z] Device at 10.30.4.128 is not reachable. Skipping connection attempt.
[2024-12-30T08:51:50.676Z] Device at 10.30.4.128 is not reachable. Skipping connection attempt.
[2024-12-30T08:52:00.670Z] Device at 10.30.4.128 is not reachable. Skipping connection attempt.
[2024-12-30T08:52:10.671Z] Device at 10.30.4.128 is not reachable. Skipping connection attempt.
[2024-12-30T08:52:20.678Z] Device at 10.30.4.128 is not reachable. Skipping connection attempt.
[2024-12-30T08:52:30.669Z] Device at 10.30.4.128 is not reachable. Skipping connection attempt.
[2024-12-30T08:52:40.672Z] Device at 10.30.4.128 is not reachable. Skipping connection attempt.
[2024-12-30T08:52:50.669Z] Device at 10.30.4.128 is not reachable. Skipping connection attempt.
[2024-12-30T08:53:00.666Z] Device at 10.30.4.128 is not reachable. Skipping connection attempt.
[2024-12-30T08:53:10.682Z] Device at 10.30.4.128 is not reachable. Skipping connection attempt.
[2024-12-30T08:53:20.681Z] Device at 10.30.4.128 is not reachable. Skipping connection attempt.
[2024-12-30T08:53:30.670Z] Device at 10.30.4.128 is not reachable. Skipping connection attempt.
[2024-12-30T08:53:40.671Z] Device at 10.30.4.128 is not reachable. Skipping connection attempt.
[2024-12-30T08:53:50.674Z] Device at 10.30.4.128 is not reachable. Skipping connection attempt.
[2024-12-30T08:54:00.681Z] Device at 10.30.4.128 is not reachable. Skipping connection attempt.
[2024-12-30T08:54:10.680Z] Device at 10.30.4.128 is not reachable. Skipping connection attempt.
[2024-12-30T08:54:20.666Z] Device at 10.30.4.128 is not reachable. Skipping connection attempt.
[2024-12-30T08:54:30.667Z] Device at 10.30.4.128 is not reachable. Skipping connection attempt.
[2024-12-30T08:54:40.678Z] Device at 10.30.4.128 is not reachable. Skipping connection attempt.
[2024-12-30T08:54:51.171Z] Device at 10.30.4.128 is not reachable. Skipping connection attempt.
[2024-12-30T08:55:01.172Z] Device at 10.30.4.128 is not reachable. Skipping connection attempt.
[2024-12-30T08:55:11.168Z] Device at 10.30.4.128 is not reachable. Skipping connection attempt.
[2024-12-30T08:55:21.169Z] Device at 10.30.4.128 is not reachable. Skipping connection attempt.
[2024-12-30T08:55:31.178Z] Device at 10.30.4.128 is not reachable. Skipping connection attempt.
[2024-12-30T08:55:41.169Z] Device at 10.30.4.128 is not reachable. Skipping connection attempt.
[2024-12-30T08:55:51.170Z] Device at 10.30.4.128 is not reachable. Skipping connection attempt.
[2024-12-30T08:56:01.173Z] Device at 10.30.4.128 is not reachable. Skipping connection attempt.
[2024-12-30T08:56:11.181Z] Device at 10.30.4.128 is not reachable. Skipping connection attempt.
[2024-12-30T08:56:21.165Z] Device at 10.30.4.128 is not reachable. Skipping connection attempt.
[2024-12-30T08:56:31.172Z] Device at 10.30.4.128 is not reachable. Skipping connection attempt.
[2024-12-30T08:56:41.179Z] Device at 10.30.4.128 is not reachable. Skipping connection attempt.
[2024-12-30T08:56:51.174Z] Device at 10.30.4.128 is not reachable. Skipping connection attempt.
[2024-12-30T08:57:01.175Z] Device at 10.30.4.128 is not reachable. Skipping connection attempt.
[2024-12-30T08:57:11.174Z] Device at 10.30.4.128 is not reachable. Skipping connection attempt.
[2024-12-30T08:57:21.167Z] Device at 10.30.4.128 is not reachable. Skipping connection attempt.
[2024-12-30T08:57:31.169Z] Device at 10.30.4.128 is not reachable. Skipping connection attempt.
[2024-12-30T08:57:41.169Z] Device at 10.30.4.128 is not reachable. Skipping connection attempt.
[2024-12-30T08:57:51.163Z] Device at 10.30.4.128 is not reachable. Skipping connection attempt.
[2024-12-30T08:58:01.174Z] Device at 10.30.4.128 is not reachable. Skipping connection attempt.
[2024-12-30T08:58:11.169Z] Device at 10.30.4.128 is not reachable. Skipping connection attempt.
[2024-12-30T08:58:21.171Z] Device at 10.30.4.128 is not reachable. Skipping connection attempt.
[2024-12-30T08:58:31.176Z] Device at 10.30.4.128 is not reachable. Skipping connection attempt.
[2024-12-30T08:58:58.185Z] Device at 10.30.4.128 is not reachable. Skipping connection attempt.
[2024-12-30T08:59:08.170Z] Device at 10.30.4.128 is not reachable. Skipping connection attempt.
[2024-12-30T08:59:18.177Z] Device at 10.30.4.128 is not reachable. Skipping connection attempt.
[2024-12-30T08:59:28.184Z] Device at 10.30.4.128 is not reachable. Skipping connection attempt.
[2024-12-30T08:59:38.176Z] Device at 10.30.4.128 is not reachable. Skipping connection attempt.
[2024-12-30T08:59:52.681Z] Device at 10.30.4.128 is not reachable. Skipping connection attempt.
[2024-12-30T09:00:02.681Z] Device at 10.30.4.128 is not reachable. Skipping connection attempt.
[2024-12-30T09:00:07.677Z] Device at 10.30.4.128 is not reachable. Skipping connection attempt.
[2024-12-30T09:00:17.667Z] Device at 10.30.4.128 is not reachable. Skipping connection attempt.
[2024-12-30T09:00:27.680Z] Device at 10.30.4.128 is not reachable. Skipping connection attempt.
[2024-12-30T09:00:37.668Z] Device at 10.30.4.128 is not reachable. Skipping connection attempt.
[2024-12-30T09:00:47.668Z] Device at 10.30.4.128 is not reachable. Skipping connection attempt.
[2024-12-30T09:00:58.179Z] Device at 10.30.4.128 is not reachable. Skipping connection attempt.
[2024-12-30T09:01:07.671Z] Device at 10.30.4.128 is not reachable. Skipping connection attempt.
[2024-12-30T09:01:18.167Z] Device at 10.30.4.128 is not reachable. Skipping connection attempt.
[2024-12-30T09:01:28.167Z] Device at 10.30.4.128 is not reachable. Skipping connection attempt.
[2024-12-30T09:01:38.178Z] Device at 10.30.4.128 is not reachable. Skipping connection attempt.
[2024-12-30T09:01:48.176Z] Device at 10.30.4.128 is not reachable. Skipping connection attempt.
[2024-12-30T09:01:58.174Z] Device at 10.30.4.128 is not reachable. Skipping connection attempt.
[2024-12-30T09:02:08.175Z] Device at 10.30.4.128 is not reachable. Skipping connection attempt.
[2024-12-30T09:02:18.178Z] Device at 10.30.4.128 is not reachable. Skipping connection attempt.
[2024-12-30T09:02:28.172Z] Device at 10.30.4.128 is not reachable. Skipping connection attempt.
[2024-12-30T09:02:38.169Z] Device at 10.30.4.128 is not reachable. Skipping connection attempt.
[2024-12-30T09:02:48.178Z] Device at 10.30.4.128 is not reachable. Skipping connection attempt.
[2024-12-30T09:02:58.165Z] Device at 10.30.4.128 is not reachable. Skipping connection attempt.
[2024-12-30T09:03:08.168Z] Device at 10.30.4.128 is not reachable. Skipping connection attempt.
[2024-12-30T09:03:18.166Z] Device at 10.30.4.128 is not reachable. Skipping connection attempt.
[2024-12-30T09:03:28.172Z] Device at 10.30.4.128 is not reachable. Skipping connection attempt.
[2024-12-30T09:03:38.174Z] Device at 10.30.4.128 is not reachable. Skipping connection attempt.
[2024-12-30T09:03:48.173Z] Device at 10.30.4.128 is not reachable. Skipping connection attempt.
[2024-12-30T09:03:58.170Z] Device at 10.30.4.128 is not reachable. Skipping connection attempt.
[2024-12-30T09:04:08.167Z] Device at 10.30.4.128 is not reachable. Skipping connection attempt.
[2024-12-30T09:04:18.176Z] Device at 10.30.4.128 is not reachable. Skipping connection attempt.
[2024-12-30T09:04:28.171Z] Device at 10.30.4.128 is not reachable. Skipping connection attempt.
[2024-12-30T09:04:38.168Z] Device at 10.30.4.128 is not reachable. Skipping connection attempt.
[2024-12-30T09:04:48.176Z] Device at 10.30.4.128 is not reachable. Skipping connection attempt.
[2024-12-30T09:04:58.179Z] Device at 10.30.4.128 is not reachable. Skipping connection attempt.
[2024-12-30T09:05:08.189Z] Device at 10.30.4.128 is not reachable. Skipping connection attempt.
[2024-12-30T09:05:18.176Z] Device at 10.30.4.128 is not reachable. Skipping connection attempt.
[2024-12-30T09:05:28.170Z] Device at 10.30.4.128 is not reachable. Skipping connection attempt.
[2024-12-30T09:05:38.175Z] Device at 10.30.4.128 is not reachable. Skipping connection attempt.
[2024-12-30T09:05:48.180Z] Device at 10.30.4.128 is not reachable. Skipping connection attempt.
[2024-12-30T09:05:58.175Z] Device at 10.30.4.128 is not reachable. Skipping connection attempt.
[2024-12-30T09:06:08.173Z] Device at 10.30.4.128 is not reachable. Skipping connection attempt.
[2024-12-30T09:06:18.182Z] Device at 10.30.4.128 is not reachable. Skipping connection attempt.
[2024-12-30T09:06:28.180Z] Device at 10.30.4.128 is not reachable. Skipping connection attempt.
[2024-12-30T09:06:38.174Z] Device at 10.30.4.128 is not reachable. Skipping connection attempt.
[2024-12-30T09:06:48.175Z] Device at 10.30.4.128 is not reachable. Skipping connection attempt.
[2024-12-30T09:06:58.172Z] Device at 10.30.4.128 is not reachable. Skipping connection attempt.
[2024-12-30T09:07:08.168Z] Device at 10.30.4.128 is not reachable. Skipping connection attempt.
[2024-12-30T09:07:18.177Z] Device at 10.30.4.128 is not reachable. Skipping connection attempt.
[2024-12-30T09:07:28.168Z] Device at 10.30.4.128 is not reachable. Skipping connection attempt.
[2024-12-30T09:07:38.169Z] Device at 10.30.4.128 is not reachable. Skipping connection attempt.
[2024-12-30T09:07:48.175Z] Device at 10.30.4.128 is not reachable. Skipping connection attempt.
[2024-12-30T09:07:58.175Z] Device at 10.30.4.128 is not reachable. Skipping connection attempt.
[2024-12-30T09:08:08.171Z] Device at 10.30.4.128 is not reachable. Skipping connection attempt.
[2024-12-30T09:08:18.170Z] Device at 10.30.4.128 is not reachable. Skipping connection attempt.
[2024-12-30T09:08:28.163Z] Device at 10.30.4.128 is not reachable. Skipping connection attempt.
[2024-12-30T09:08:38.174Z] Device at 10.30.4.128 is not reachable. Skipping connection attempt.
[2024-12-30T09:08:48.168Z] Device at 10.30.4.128 is not reachable. Skipping connection attempt.
[2024-12-30T09:08:58.170Z] Device at 10.30.4.128 is not reachable. Skipping connection attempt.
[2024-12-30T09:09:08.176Z] Device at 10.30.4.128 is not reachable. Skipping connection attempt.
[2024-12-30T09:09:18.171Z] Device at 10.30.4.128 is not reachable. Skipping connection attempt.
[2024-12-30T09:09:28.167Z] Device at 10.30.4.128 is not reachable. Skipping connection attempt.
[2024-12-30T09:09:38.173Z] Device at 10.30.4.128 is not reachable. Skipping connection attempt.
[2024-12-30T09:09:48.167Z] Device at 10.30.4.128 is not reachable. Skipping connection attempt.
[2024-12-30T09:09:58.177Z] Device at 10.30.4.128 is not reachable. Skipping connection attempt.
[2024-12-30T09:10:08.167Z] Device at 10.30.4.128 is not reachable. Skipping connection attempt.
[2024-12-30T09:10:18.166Z] Device at 10.30.4.128 is not reachable. Skipping connection attempt.
[2024-12-30T09:10:28.165Z] Device at 10.30.4.128 is not reachable. Skipping connection attempt.
[2024-12-30T09:10:38.171Z] Device at 10.30.4.128 is not reachable. Skipping connection attempt.
[2024-12-30T09:10:48.168Z] Device at 10.30.4.128 is not reachable. Skipping connection attempt.
[2024-12-30T09:10:58.166Z] Device at 10.30.4.128 is not reachable. Skipping connection attempt.
[2024-12-30T09:11:08.172Z] Device at 10.30.4.128 is not reachable. Skipping connection attempt.
[2024-12-30T09:11:18.168Z] Device at 10.30.4.128 is not reachable. Skipping connection attempt.
[2024-12-30T09:11:28.173Z] Device at 10.30.4.128 is not reachable. Skipping connection attempt.
[2024-12-30T09:11:38.176Z] Device at 10.30.4.128 is not reachable. Skipping connection attempt.
[2024-12-30T09:11:48.169Z] Device at 10.30.4.128 is not reachable. Skipping connection attempt.
[2024-12-30T09:11:58.177Z] Device at 10.30.4.128 is not reachable. Skipping connection attempt.
[2024-12-30T09:12:08.175Z] Device at 10.30.4.128 is not reachable. Skipping connection attempt.
[2024-12-30T09:12:18.670Z] Device at 10.30.4.128 is not reachable. Skipping connection attempt.
[2024-12-30T09:12:28.674Z] Device at 10.30.4.128 is not reachable. Skipping connection attempt.
[2024-12-30T09:12:38.687Z] Device at 10.30.4.128 is not reachable. Skipping connection attempt.
[2024-12-30T09:12:48.170Z] Device at 10.30.4.128 is not reachable. Skipping connection attempt.
[2024-12-30T09:12:58.670Z] Device at 10.30.4.128 is not reachable. Skipping connection attempt.
[2025-01-02T08:40:43.243Z] Error reading or processing Modbus registers: A Modbus Exception Occurred - See Response Body
[2025-01-02T08:40:43.246Z] Error reading register 6507 for IP 10.30.4.128: A Modbus Exception Occurred - See Response Body
[2025-01-02T08:40:43.246Z] Error reading actual data: A Modbus Exception Occurred - See Response Body
[2025-01-02T08:40:43.247Z] Error writing to Modbus register: A Modbus Exception Occurred - See Response Body
[2025-01-02T08:40:44.252Z] Error reading or processing Modbus registers: A Modbus Exception Occurred - See Response Body
[2025-01-02T08:40:44.257Z] Error reading register 6507 for IP 10.30.4.128: A Modbus Exception Occurred - See Response Body
[2025-01-02T08:40:44.257Z] Error reading actual data: A Modbus Exception Occurred - See Response Body
[2025-01-02T08:40:44.258Z] Error writing to Modbus register: A Modbus Exception Occurred - See Response Body
[2025-01-02T08:40:45.266Z] Error reading or processing Modbus registers: A Modbus Exception Occurred - See Response Body
[2025-01-02T08:40:45.268Z] Error reading register 6507 for IP 10.30.4.128: A Modbus Exception Occurred - See Response Body
[2025-01-02T08:40:45.269Z] Error reading actual data: A Modbus Exception Occurred - See Response Body
[2025-01-02T08:40:45.270Z] Error writing to Modbus register: A Modbus Exception Occurred - See Response Body
[2025-01-02T08:40:46.266Z] Error reading or processing Modbus registers: A Modbus Exception Occurred - See Response Body
[2025-01-02T08:40:46.269Z] Error reading register 6507 for IP 10.30.4.128: A Modbus Exception Occurred - See Response Body
[2025-01-02T08:40:46.269Z] Error reading actual data: A Modbus Exception Occurred - See Response Body
[2025-01-02T08:40:46.270Z] Error writing to Modbus register: A Modbus Exception Occurred - See Response Body
[2025-01-02T08:40:47.268Z] Error reading or processing Modbus registers: A Modbus Exception Occurred - See Response Body
[2025-01-02T08:40:47.270Z] Error reading register 6507 for IP 10.30.4.128: A Modbus Exception Occurred - See Response Body
[2025-01-02T08:40:47.271Z] Error reading actual data: A Modbus Exception Occurred - See Response Body
[2025-01-02T08:40:47.272Z] Error writing to Modbus register: A Modbus Exception Occurred - See Response Body
[2025-01-02T08:40:48.268Z] Error reading or processing Modbus registers: A Modbus Exception Occurred - See Response Body
[2025-01-02T08:40:48.271Z] Error reading register 6507 for IP 10.30.4.128: A Modbus Exception Occurred - See Response Body
[2025-01-02T08:40:48.271Z] Error reading actual data: A Modbus Exception Occurred - See Response Body
[2025-01-02T08:40:48.272Z] Error writing to Modbus register: A Modbus Exception Occurred - See Response Body
[2025-01-02T08:40:49.282Z] Error reading or processing Modbus registers: A Modbus Exception Occurred - See Response Body
[2025-01-02T08:40:49.284Z] Error reading register 6507 for IP 10.30.4.128: A Modbus Exception Occurred - See Response Body
[2025-01-02T08:40:49.285Z] Error reading actual data: A Modbus Exception Occurred - See Response Body
[2025-01-02T08:40:49.286Z] Error writing to Modbus register: A Modbus Exception Occurred - See Response Body
[2025-01-02T08:40:50.284Z] Error reading or processing Modbus registers: A Modbus Exception Occurred - See Response Body
[2025-01-02T08:40:50.286Z] Error reading register 6507 for IP 10.30.4.128: A Modbus Exception Occurred - See Response Body
[2025-01-02T08:40:50.288Z] Error reading actual data: A Modbus Exception Occurred - See Response Body
[2025-01-02T08:40:50.288Z] Error writing to Modbus register: A Modbus Exception Occurred - See Response Body
[2025-01-02T08:40:51.284Z] Error reading or processing Modbus registers: A Modbus Exception Occurred - See Response Body
[2025-01-02T08:40:51.286Z] Error reading register 6507 for IP 10.30.4.128: A Modbus Exception Occurred - See Response Body
[2025-01-02T08:40:51.287Z] Error reading actual data: A Modbus Exception Occurred - See Response Body
[2025-01-02T08:40:51.288Z] Error writing to Modbus register: A Modbus Exception Occurred - See Response Body
[2025-01-02T08:40:52.298Z] Error reading or processing Modbus registers: A Modbus Exception Occurred - See Response Body
[2025-01-02T08:40:52.301Z] Error reading register 6507 for IP 10.30.4.128: A Modbus Exception Occurred - See Response Body
[2025-01-02T08:40:52.302Z] Error reading actual data: A Modbus Exception Occurred - See Response Body
[2025-01-02T08:40:52.303Z] Error writing to Modbus register: A Modbus Exception Occurred - See Response Body
[2025-01-02T08:40:53.303Z] Error reading or processing Modbus registers: A Modbus Exception Occurred - See Response Body
[2025-01-02T08:40:53.305Z] Error reading register 6507 for IP 10.30.4.128: A Modbus Exception Occurred - See Response Body
[2025-01-02T08:40:53.306Z] Error reading actual data: A Modbus Exception Occurred - See Response Body
[2025-01-02T08:40:53.306Z] Error writing to Modbus register: A Modbus Exception Occurred - See Response Body
[2025-01-02T08:40:54.304Z] Error reading or processing Modbus registers: A Modbus Exception Occurred - See Response Body
[2025-01-02T08:40:54.308Z] Error reading register 6507 for IP 10.30.4.128: A Modbus Exception Occurred - See Response Body
[2025-01-02T08:40:54.308Z] Error reading actual data: A Modbus Exception Occurred - See Response Body
[2025-01-02T08:40:54.309Z] Error writing to Modbus register: A Modbus Exception Occurred - See Response Body
[2025-01-02T08:40:55.304Z] Error reading or processing Modbus registers: A Modbus Exception Occurred - See Response Body
[2025-01-02T08:40:55.306Z] Error reading register 6507 for IP 10.30.4.128: A Modbus Exception Occurred - See Response Body
[2025-01-02T08:40:55.307Z] Error reading actual data: A Modbus Exception Occurred - See Response Body
[2025-01-02T08:40:55.308Z] Error writing to Modbus register: A Modbus Exception Occurred - See Response Body
[2025-01-02T08:40:56.307Z] Error reading or processing Modbus registers: A Modbus Exception Occurred - See Response Body
[2025-01-02T08:40:56.310Z] Error reading register 6507 for IP 10.30.4.128: A Modbus Exception Occurred - See Response Body
[2025-01-02T08:40:56.311Z] Error reading actual data: A Modbus Exception Occurred - See Response Body
[2025-01-02T08:40:56.311Z] Error writing to Modbus register: A Modbus Exception Occurred - See Response Body
[2025-01-02T08:40:57.322Z] Error reading or processing Modbus registers: A Modbus Exception Occurred - See Response Body
[2025-01-02T08:40:57.324Z] Error reading register 6507 for IP 10.30.4.128: A Modbus Exception Occurred - See Response Body
[2025-01-02T08:40:57.325Z] Error reading actual data: A Modbus Exception Occurred - See Response Body
[2025-01-02T08:40:57.326Z] Error writing to Modbus register: A Modbus Exception Occurred - See Response Body
[2025-01-02T08:40:58.326Z] Error reading or processing Modbus registers: A Modbus Exception Occurred - See Response Body
[2025-01-02T08:40:58.328Z] Error reading register 6507 for IP 10.30.4.128: A Modbus Exception Occurred - See Response Body
[2025-01-02T08:40:58.329Z] Error reading actual data: A Modbus Exception Occurred - See Response Body
[2025-01-02T08:40:58.330Z] Error writing to Modbus register: A Modbus Exception Occurred - See Response Body
[2025-01-02T08:40:59.328Z] Error reading or processing Modbus registers: A Modbus Exception Occurred - See Response Body
[2025-01-02T08:40:59.331Z] Error reading register 6507 for IP 10.30.4.128: A Modbus Exception Occurred - See Response Body
[2025-01-02T08:40:59.332Z] Error reading actual data: A Modbus Exception Occurred - See Response Body
[2025-01-02T08:40:59.334Z] Error writing to Modbus register: A Modbus Exception Occurred - See Response Body
[2025-01-02T08:41:00.330Z] Error reading or processing Modbus registers: A Modbus Exception Occurred - See Response Body
[2025-01-02T08:41:00.332Z] Error reading register 6507 for IP 10.30.4.128: A Modbus Exception Occurred - See Response Body
[2025-01-02T08:41:00.333Z] Error reading actual data: A Modbus Exception Occurred - See Response Body
[2025-01-02T08:41:00.333Z] Error writing to Modbus register: A Modbus Exception Occurred - See Response Body
[2025-01-02T08:41:01.344Z] Error reading or processing Modbus registers: A Modbus Exception Occurred - See Response Body
[2025-01-02T08:41:01.347Z] Error reading register 6507 for IP 10.30.4.128: A Modbus Exception Occurred - See Response Body
[2025-01-02T08:41:01.347Z] Error reading actual data: A Modbus Exception Occurred - See Response Body
[2025-01-02T08:41:01.348Z] Error writing to Modbus register: A Modbus Exception Occurred - See Response Body
[2025-01-02T08:41:02.359Z] Error reading or processing Modbus registers: A Modbus Exception Occurred - See Response Body
[2025-01-02T08:41:02.361Z] Error reading register 6507 for IP 10.30.4.128: A Modbus Exception Occurred - See Response Body
[2025-01-02T08:41:02.362Z] Error reading actual data: A Modbus Exception Occurred - See Response Body
[2025-01-02T08:41:02.363Z] Error writing to Modbus register: A Modbus Exception Occurred - See Response Body
[2025-01-02T08:41:03.359Z] Error reading or processing Modbus registers: A Modbus Exception Occurred - See Response Body
[2025-01-02T08:41:03.361Z] Error reading register 6507 for IP 10.30.4.128: A Modbus Exception Occurred - See Response Body
[2025-01-02T08:41:03.362Z] Error reading actual data: A Modbus Exception Occurred - See Response Body
[2025-01-02T08:41:03.363Z] Error writing to Modbus register: A Modbus Exception Occurred - See Response Body
[2025-01-02T08:41:04.374Z] Error reading or processing Modbus registers: A Modbus Exception Occurred - See Response Body
[2025-01-02T08:41:04.377Z] Error reading register 6507 for IP 10.30.4.128: A Modbus Exception Occurred - See Response Body
[2025-01-02T08:41:04.379Z] Error reading actual data: A Modbus Exception Occurred - See Response Body
[2025-01-02T08:41:04.381Z] Error writing to Modbus register: A Modbus Exception Occurred - See Response Body
[2025-01-02T08:41:05.377Z] Error reading or processing Modbus registers: A Modbus Exception Occurred - See Response Body
[2025-01-02T08:41:05.381Z] Error reading register 6507 for IP 10.30.4.128: A Modbus Exception Occurred - See Response Body
[2025-01-02T08:41:05.382Z] Error reading actual data: A Modbus Exception Occurred - See Response Body
[2025-01-02T08:41:05.383Z] Error writing to Modbus register: A Modbus Exception Occurred - See Response Body
[2025-01-02T08:41:06.379Z] Error reading or processing Modbus registers: A Modbus Exception Occurred - See Response Body
[2025-01-02T08:41:06.383Z] Error reading register 6507 for IP 10.30.4.128: A Modbus Exception Occurred - See Response Body
[2025-01-02T08:41:06.383Z] Error reading actual data: A Modbus Exception Occurred - See Response Body
[2025-01-02T08:41:06.384Z] Error writing to Modbus register: A Modbus Exception Occurred - See Response Body
[2025-01-02T08:41:07.383Z] Error reading or processing Modbus registers: A Modbus Exception Occurred - See Response Body
[2025-01-02T08:41:07.387Z] Error reading register 6507 for IP 10.30.4.128: A Modbus Exception Occurred - See Response Body
[2025-01-02T08:41:07.388Z] Error reading actual data: A Modbus Exception Occurred - See Response Body
[2025-01-02T08:41:07.389Z] Error writing to Modbus register: A Modbus Exception Occurred - See Response Body
[2025-01-02T08:41:08.397Z] Error reading or processing Modbus registers: A Modbus Exception Occurred - See Response Body
[2025-01-02T08:41:08.400Z] Error reading register 6507 for IP 10.30.4.128: A Modbus Exception Occurred - See Response Body
[2025-01-02T08:41:08.401Z] Error reading actual data: A Modbus Exception Occurred - See Response Body
[2025-01-02T08:41:08.401Z] Error writing to Modbus register: A Modbus Exception Occurred - See Response Body
[2025-01-02T08:41:09.398Z] Error reading or processing Modbus registers: A Modbus Exception Occurred - See Response Body
[2025-01-02T08:41:09.400Z] Error reading register 6507 for IP 10.30.4.128: A Modbus Exception Occurred - See Response Body
[2025-01-02T08:41:09.401Z] Error reading actual data: A Modbus Exception Occurred - See Response Body
[2025-01-02T08:41:09.402Z] Error writing to Modbus register: A Modbus Exception Occurred - See Response Body
[2025-01-02T08:41:10.414Z] Error reading or processing Modbus registers: A Modbus Exception Occurred - See Response Body
[2025-01-02T08:41:10.416Z] Error reading register 6507 for IP 10.30.4.128: A Modbus Exception Occurred - See Response Body
[2025-01-02T08:41:10.417Z] Error reading actual data: A Modbus Exception Occurred - See Response Body
[2025-01-02T08:41:10.417Z] Error writing to Modbus register: A Modbus Exception Occurred - See Response Body
[2025-01-02T08:41:11.415Z] Error reading or processing Modbus registers: A Modbus Exception Occurred - See Response Body
[2025-01-02T08:41:11.417Z] Error reading register 6507 for IP 10.30.4.128: A Modbus Exception Occurred - See Response Body
[2025-01-02T08:41:11.417Z] Error reading actual data: A Modbus Exception Occurred - See Response Body
[2025-01-02T08:41:11.418Z] Error writing to Modbus register: A Modbus Exception Occurred - See Response Body
[2025-01-02T08:41:12.415Z] Error reading or processing Modbus registers: A Modbus Exception Occurred - See Response Body
[2025-01-02T08:41:12.419Z] Error reading register 6507 for IP 10.30.4.128: A Modbus Exception Occurred - See Response Body
[2025-01-02T08:41:12.420Z] Error reading actual data: A Modbus Exception Occurred - See Response Body
[2025-01-02T08:41:12.421Z] Error writing to Modbus register: A Modbus Exception Occurred - See Response Body
[2025-01-02T08:41:13.419Z] Error reading or processing Modbus registers: A Modbus Exception Occurred - See Response Body
[2025-01-02T08:41:13.422Z] Error reading register 6507 for IP 10.30.4.128: A Modbus Exception Occurred - See Response Body
[2025-01-02T08:41:13.423Z] Error reading actual data: A Modbus Exception Occurred - See Response Body
[2025-01-02T08:41:13.423Z] Error writing to Modbus register: A Modbus Exception Occurred - See Response Body
[2025-01-02T08:41:14.423Z] Error reading or processing Modbus registers: A Modbus Exception Occurred - See Response Body
[2025-01-02T08:41:14.426Z] Error reading register 6507 for IP 10.30.4.128: A Modbus Exception Occurred - See Response Body
[2025-01-02T08:41:14.427Z] Error reading actual data: A Modbus Exception Occurred - See Response Body
[2025-01-02T08:41:14.428Z] Error writing to Modbus register: A Modbus Exception Occurred - See Response Body
[2025-01-02T08:41:15.437Z] Error reading or processing Modbus registers: A Modbus Exception Occurred - See Response Body
[2025-01-02T08:41:15.439Z] Error reading register 6507 for IP 10.30.4.128: A Modbus Exception Occurred - See Response Body
[2025-01-02T08:41:15.439Z] Error reading actual data: A Modbus Exception Occurred - See Response Body
[2025-01-02T08:41:15.440Z] Error writing to Modbus register: A Modbus Exception Occurred - See Response Body
[2025-01-02T08:41:16.438Z] Error reading or processing Modbus registers: A Modbus Exception Occurred - See Response Body
[2025-01-02T08:41:16.441Z] Error reading register 6507 for IP 10.30.4.128: A Modbus Exception Occurred - See Response Body
[2025-01-02T08:41:16.442Z] Error reading actual data: A Modbus Exception Occurred - See Response Body
[2025-01-02T08:41:16.442Z] Error writing to Modbus register: A Modbus Exception Occurred - See Response Body
[2025-01-02T08:41:17.453Z] Error reading or processing Modbus registers: A Modbus Exception Occurred - See Response Body
[2025-01-02T08:41:17.456Z] Error reading register 6507 for IP 10.30.4.128: A Modbus Exception Occurred - See Response Body
[2025-01-02T08:41:17.456Z] Error reading actual data: A Modbus Exception Occurred - See Response Body
[2025-01-02T08:41:17.457Z] Error writing to Modbus register: A Modbus Exception Occurred - See Response Body
[2025-01-02T08:41:18.469Z] Error reading or processing Modbus registers: A Modbus Exception Occurred - See Response Body
[2025-01-02T08:41:18.471Z] Error reading register 6507 for IP 10.30.4.128: A Modbus Exception Occurred - See Response Body
[2025-01-02T08:41:18.471Z] Error reading actual data: A Modbus Exception Occurred - See Response Body
[2025-01-02T08:41:18.472Z] Error writing to Modbus register: A Modbus Exception Occurred - See Response Body
[2025-01-02T08:41:19.469Z] Error reading or processing Modbus registers: A Modbus Exception Occurred - See Response Body
[2025-01-02T08:41:19.471Z] Error reading register 6507 for IP 10.30.4.128: A Modbus Exception Occurred - See Response Body
[2025-01-02T08:41:19.472Z] Error reading actual data: A Modbus Exception Occurred - See Response Body
[2025-01-02T08:41:19.472Z] Error writing to Modbus register: A Modbus Exception Occurred - See Response Body
[2025-01-02T08:41:20.471Z] Error reading or processing Modbus registers: A Modbus Exception Occurred - See Response Body
[2025-01-02T08:41:20.473Z] Error reading register 6507 for IP 10.30.4.128: A Modbus Exception Occurred - See Response Body
[2025-01-02T08:41:20.474Z] Error reading actual data: A Modbus Exception Occurred - See Response Body
[2025-01-02T08:41:20.475Z] Error writing to Modbus register: A Modbus Exception Occurred - See Response Body
[2025-01-02T08:41:21.476Z] Error reading or processing Modbus registers: A Modbus Exception Occurred - See Response Body
[2025-01-02T08:41:21.479Z] Error reading register 6507 for IP 10.30.4.128: A Modbus Exception Occurred - See Response Body
[2025-01-02T08:41:21.480Z] Error reading actual data: A Modbus Exception Occurred - See Response Body
[2025-01-02T08:41:21.482Z] Error writing to Modbus register: A Modbus Exception Occurred - See Response Body
[2025-01-02T08:41:22.483Z] Error reading or processing Modbus registers: A Modbus Exception Occurred - See Response Body
[2025-01-02T08:41:22.485Z] Error reading register 6507 for IP 10.30.4.128: A Modbus Exception Occurred - See Response Body
[2025-01-02T08:41:22.486Z] Error reading actual data: A Modbus Exception Occurred - See Response Body
[2025-01-02T08:41:22.486Z] Error writing to Modbus register: A Modbus Exception Occurred - See Response Body
[2025-01-02T08:41:23.495Z] Error reading or processing Modbus registers: A Modbus Exception Occurred - See Response Body
[2025-01-02T08:41:23.497Z] Error reading register 6507 for IP 10.30.4.128: A Modbus Exception Occurred - See Response Body
[2025-01-02T08:41:23.498Z] Error reading actual data: A Modbus Exception Occurred - See Response Body
[2025-01-02T08:41:23.499Z] Error writing to Modbus register: A Modbus Exception Occurred - See Response Body
[2025-01-02T08:41:24.497Z] Error reading or processing Modbus registers: A Modbus Exception Occurred - See Response Body
[2025-01-02T08:41:24.500Z] Error reading register 6507 for IP 10.30.4.128: A Modbus Exception Occurred - See Response Body
[2025-01-02T08:41:24.501Z] Error reading actual data: A Modbus Exception Occurred - See Response Body
[2025-01-02T08:41:24.501Z] Error writing to Modbus register: A Modbus Exception Occurred - See Response Body
[2025-01-02T08:41:25.499Z] Error reading or processing Modbus registers: A Modbus Exception Occurred - See Response Body
[2025-01-02T08:41:25.501Z] Error reading register 6507 for IP 10.30.4.128: A Modbus Exception Occurred - See Response Body
[2025-01-02T08:41:25.502Z] Error reading actual data: A Modbus Exception Occurred - See Response Body
[2025-01-02T08:41:25.503Z] Error writing to Modbus register: A Modbus Exception Occurred - See Response Body
[2025-01-02T08:41:26.513Z] Error reading or processing Modbus registers: A Modbus Exception Occurred - See Response Body
[2025-01-02T08:41:26.515Z] Error reading register 6507 for IP 10.30.4.128: A Modbus Exception Occurred - See Response Body
[2025-01-02T08:41:26.516Z] Error reading actual data: A Modbus Exception Occurred - See Response Body
[2025-01-02T08:41:26.516Z] Error writing to Modbus register: A Modbus Exception Occurred - See Response Body
[2025-01-02T08:41:27.515Z] Error reading or processing Modbus registers: A Modbus Exception Occurred - See Response Body
[2025-01-02T08:41:27.517Z] Error reading register 6507 for IP 10.30.4.128: A Modbus Exception Occurred - See Response Body
[2025-01-02T08:41:27.518Z] Error reading actual data: A Modbus Exception Occurred - See Response Body
[2025-01-02T08:41:27.521Z] Error writing to Modbus register: A Modbus Exception Occurred - See Response Body
[2025-01-02T08:41:28.517Z] Error reading or processing Modbus registers: A Modbus Exception Occurred - See Response Body
[2025-01-02T08:41:28.519Z] Error reading register 6507 for IP 10.30.4.128: A Modbus Exception Occurred - See Response Body
[2025-01-02T08:41:28.520Z] Error reading actual data: A Modbus Exception Occurred - See Response Body
[2025-01-02T08:41:28.520Z] Error writing to Modbus register: A Modbus Exception Occurred - See Response Body
[2025-01-02T08:41:29.518Z] Error reading or processing Modbus registers: A Modbus Exception Occurred - See Response Body
[2025-01-02T08:41:29.520Z] Error reading register 6507 for IP 10.30.4.128: A Modbus Exception Occurred - See Response Body
[2025-01-02T08:41:29.521Z] Error reading actual data: A Modbus Exception Occurred - See Response Body
[2025-01-02T08:41:29.522Z] Error writing to Modbus register: A Modbus Exception Occurred - See Response Body
[2025-01-02T08:41:30.533Z] Error reading or processing Modbus registers: A Modbus Exception Occurred - See Response Body
[2025-01-02T08:41:30.536Z] Error reading register 6507 for IP 10.30.4.128: A Modbus Exception Occurred - See Response Body
[2025-01-02T08:41:30.537Z] Error reading actual data: A Modbus Exception Occurred - See Response Body
[2025-01-02T08:41:30.537Z] Error writing to Modbus register: A Modbus Exception Occurred - See Response Body
[2025-01-02T08:41:31.548Z] Error reading or processing Modbus registers: A Modbus Exception Occurred - See Response Body
[2025-01-02T08:41:31.551Z] Error reading register 6507 for IP 10.30.4.128: A Modbus Exception Occurred - See Response Body
[2025-01-02T08:41:31.552Z] Error reading actual data: A Modbus Exception Occurred - See Response Body
[2025-01-02T08:41:31.552Z] Error writing to Modbus register: A Modbus Exception Occurred - See Response Body
[2025-01-02T08:41:32.563Z] Error reading or processing Modbus registers: A Modbus Exception Occurred - See Response Body
[2025-01-02T08:41:32.565Z] Error reading register 6507 for IP 10.30.4.128: A Modbus Exception Occurred - See Response Body
[2025-01-02T08:41:32.566Z] Error reading actual data: A Modbus Exception Occurred - See Response Body
[2025-01-02T08:41:32.566Z] Error writing to Modbus register: A Modbus Exception Occurred - See Response Body
[2025-01-02T08:41:33.568Z] Error reading or processing Modbus registers: A Modbus Exception Occurred - See Response Body
[2025-01-02T08:41:33.610Z] Error reading register 6507 for IP 10.30.4.128: A Modbus Exception Occurred - See Response Body
[2025-01-02T08:41:33.612Z] Error reading actual data: A Modbus Exception Occurred - See Response Body
[2025-01-02T08:41:33.614Z] Error writing to Modbus register: A Modbus Exception Occurred - See Response Body
[2025-01-04T07:48:57.748Z] Error reading or processing Modbus registers: A Modbus Exception Occurred - See Response Body
[2025-01-04T07:48:57.750Z] Error reading register 6507 for IP 10.30.4.128: A Modbus Exception Occurred - See Response Body
[2025-01-04T07:48:57.751Z] Error reading actual data: A Modbus Exception Occurred - See Response Body
[2025-01-04T07:48:57.752Z] Error writing to Modbus register: A Modbus Exception Occurred - See Response Body
[2025-01-04T07:48:58.749Z] Error reading or processing Modbus registers: A Modbus Exception Occurred - See Response Body
[2025-01-04T07:48:58.752Z] Error reading register 6507 for IP 10.30.4.128: A Modbus Exception Occurred - See Response Body
[2025-01-04T07:48:58.752Z] Error reading actual data: A Modbus Exception Occurred - See Response Body
[2025-01-04T07:48:58.753Z] Error writing to Modbus register: A Modbus Exception Occurred - See Response Body
[2025-01-04T07:48:59.754Z] Error reading or processing Modbus registers: A Modbus Exception Occurred - See Response Body
[2025-01-04T07:48:59.756Z] Error reading register 6507 for IP 10.30.4.128: A Modbus Exception Occurred - See Response Body
[2025-01-04T07:48:59.757Z] Error reading actual data: A Modbus Exception Occurred - See Response Body
[2025-01-04T07:48:59.760Z] Error writing to Modbus register: A Modbus Exception Occurred - See Response Body
[2025-01-04T07:49:00.762Z] Error reading or processing Modbus registers: A Modbus Exception Occurred - See Response Body
[2025-01-04T07:49:00.768Z] Error reading register 6507 for IP 10.30.4.128: A Modbus Exception Occurred - See Response Body
[2025-01-04T07:49:00.768Z] Error reading actual data: A Modbus Exception Occurred - See Response Body
[2025-01-04T07:49:00.769Z] Error writing to Modbus register: A Modbus Exception Occurred - See Response Body
[2025-01-04T07:49:01.775Z] Error reading or processing Modbus registers: A Modbus Exception Occurred - See Response Body
[2025-01-04T07:49:01.777Z] Error reading register 6507 for IP 10.30.4.128: A Modbus Exception Occurred - See Response Body
[2025-01-04T07:49:01.778Z] Error reading actual data: A Modbus Exception Occurred - See Response Body
[2025-01-04T07:49:01.778Z] Error writing to Modbus register: A Modbus Exception Occurred - See Response Body
[2025-01-04T07:49:02.785Z] Error reading or processing Modbus registers: A Modbus Exception Occurred - See Response Body
[2025-01-04T07:49:02.788Z] Error reading register 6507 for IP 10.30.4.128: A Modbus Exception Occurred - See Response Body
[2025-01-04T07:49:02.788Z] Error reading actual data: A Modbus Exception Occurred - See Response Body
[2025-01-04T07:49:02.789Z] Error writing to Modbus register: A Modbus Exception Occurred - See Response Body
[2025-01-04T07:49:03.801Z] Error reading or processing Modbus registers: A Modbus Exception Occurred - See Response Body
[2025-01-04T07:49:03.804Z] Error reading register 6507 for IP 10.30.4.128: A Modbus Exception Occurred - See Response Body
[2025-01-04T07:49:03.805Z] Error reading actual data: A Modbus Exception Occurred - See Response Body
[2025-01-04T07:49:03.805Z] Error writing to Modbus register: A Modbus Exception Occurred - See Response Body
[2025-01-04T07:49:04.813Z] Error reading or processing Modbus registers: A Modbus Exception Occurred - See Response Body
[2025-01-04T07:49:04.815Z] Error reading register 6507 for IP 10.30.4.128: A Modbus Exception Occurred - See Response Body
[2025-01-04T07:49:04.815Z] Error reading actual data: A Modbus Exception Occurred - See Response Body
[2025-01-04T07:49:04.816Z] Error writing to Modbus register: A Modbus Exception Occurred - See Response Body
[2025-01-04T07:49:05.827Z] Error reading or processing Modbus registers: A Modbus Exception Occurred - See Response Body
[2025-01-04T07:49:05.832Z] Error reading register 6507 for IP 10.30.4.128: A Modbus Exception Occurred - See Response Body
[2025-01-04T07:49:05.832Z] Error reading actual data: A Modbus Exception Occurred - See Response Body
[2025-01-04T07:49:05.833Z] Error writing to Modbus register: A Modbus Exception Occurred - See Response Body
[2025-01-04T07:49:06.828Z] Error reading or processing Modbus registers: A Modbus Exception Occurred - See Response Body
[2025-01-04T07:49:06.833Z] Error reading register 6507 for IP 10.30.4.128: A Modbus Exception Occurred - See Response Body
[2025-01-04T07:49:06.834Z] Error reading actual data: A Modbus Exception Occurred - See Response Body
[2025-01-04T07:49:06.835Z] Error writing to Modbus register: A Modbus Exception Occurred - See Response Body
[2025-01-04T07:49:07.841Z] Error reading or processing Modbus registers: A Modbus Exception Occurred - See Response Body
[2025-01-04T07:49:07.844Z] Error reading register 6507 for IP 10.30.4.128: A Modbus Exception Occurred - See Response Body
[2025-01-04T07:49:07.844Z] Error reading actual data: A Modbus Exception Occurred - See Response Body
[2025-01-04T07:49:07.845Z] Error writing to Modbus register: A Modbus Exception Occurred - See Response Body
[2025-01-04T07:49:08.859Z] Error reading or processing Modbus registers: A Modbus Exception Occurred - See Response Body
[2025-01-04T07:49:08.862Z] Error reading register 6507 for IP 10.30.4.128: A Modbus Exception Occurred - See Response Body
[2025-01-04T07:49:08.862Z] Error reading actual data: A Modbus Exception Occurred - See Response Body
[2025-01-04T07:49:08.863Z] Error writing to Modbus register: A Modbus Exception Occurred - See Response Body
[2025-01-04T07:49:09.868Z] Error reading or processing Modbus registers: A Modbus Exception Occurred - See Response Body
[2025-01-04T07:49:09.870Z] Error reading register 6507 for IP 10.30.4.128: A Modbus Exception Occurred - See Response Body
[2025-01-04T07:49:09.871Z] Error reading actual data: A Modbus Exception Occurred - See Response Body
[2025-01-04T07:49:09.871Z] Error writing to Modbus register: A Modbus Exception Occurred - See Response Body
[2025-01-04T07:49:10.884Z] Error reading or processing Modbus registers: A Modbus Exception Occurred - See Response Body
[2025-01-04T07:49:10.890Z] Error reading register 6507 for IP 10.30.4.128: A Modbus Exception Occurred - See Response Body
[2025-01-04T07:49:10.891Z] Error reading actual data: A Modbus Exception Occurred - See Response Body
[2025-01-04T07:49:10.891Z] Error writing to Modbus register: A Modbus Exception Occurred - See Response Body
[2025-01-04T07:49:11.892Z] Error reading or processing Modbus registers: A Modbus Exception Occurred - See Response Body
[2025-01-04T07:49:11.894Z] Error reading register 6507 for IP 10.30.4.128: A Modbus Exception Occurred - See Response Body
[2025-01-04T07:49:11.895Z] Error reading actual data: A Modbus Exception Occurred - See Response Body
[2025-01-04T07:49:11.895Z] Error writing to Modbus register: A Modbus Exception Occurred - See Response Body
[2025-01-04T07:49:12.893Z] Error reading or processing Modbus registers: A Modbus Exception Occurred - See Response Body
[2025-01-04T07:49:12.895Z] Error reading register 6507 for IP 10.30.4.128: A Modbus Exception Occurred - See Response Body
[2025-01-04T07:49:12.896Z] Error reading actual data: A Modbus Exception Occurred - See Response Body
[2025-01-04T07:49:12.897Z] Error writing to Modbus register: A Modbus Exception Occurred - See Response Body
[2025-01-04T07:49:13.907Z] Error reading or processing Modbus registers: A Modbus Exception Occurred - See Response Body
[2025-01-04T07:49:13.908Z] Error reading register 6507 for IP 10.30.4.128: A Modbus Exception Occurred - See Response Body
[2025-01-04T07:49:13.909Z] Error reading actual data: A Modbus Exception Occurred - See Response Body
[2025-01-04T07:49:13.909Z] Error writing to Modbus register: A Modbus Exception Occurred - See Response Body
[2025-01-04T07:49:14.907Z] Error reading or processing Modbus registers: A Modbus Exception Occurred - See Response Body
[2025-01-04T07:49:14.909Z] Error reading register 6507 for IP 10.30.4.128: A Modbus Exception Occurred - See Response Body
[2025-01-04T07:49:14.910Z] Error reading actual data: A Modbus Exception Occurred - See Response Body
[2025-01-04T07:49:14.911Z] Error writing to Modbus register: A Modbus Exception Occurred - See Response Body
[2025-01-04T07:49:15.924Z] Error reading or processing Modbus registers: A Modbus Exception Occurred - See Response Body
[2025-01-04T07:49:15.926Z] Error reading register 6507 for IP 10.30.4.128: A Modbus Exception Occurred - See Response Body
[2025-01-04T07:49:15.927Z] Error reading actual data: A Modbus Exception Occurred - See Response Body
[2025-01-04T07:49:15.927Z] Error writing to Modbus register: A Modbus Exception Occurred - See Response Body
[2025-01-04T07:49:16.937Z] Error reading or processing Modbus registers: A Modbus Exception Occurred - See Response Body
[2025-01-04T07:49:16.939Z] Error reading register 6507 for IP 10.30.4.128: A Modbus Exception Occurred - See Response Body
[2025-01-04T07:49:16.940Z] Error reading actual data: A Modbus Exception Occurred - See Response Body
[2025-01-04T07:49:16.941Z] Error writing to Modbus register: A Modbus Exception Occurred - See Response Body
[2025-01-04T07:49:17.938Z] Error reading or processing Modbus registers: A Modbus Exception Occurred - See Response Body
[2025-01-04T07:49:17.941Z] Error reading register 6507 for IP 10.30.4.128: A Modbus Exception Occurred - See Response Body
[2025-01-04T07:49:17.941Z] Error reading actual data: A Modbus Exception Occurred - See Response Body
[2025-01-04T07:49:17.942Z] Error writing to Modbus register: A Modbus Exception Occurred - See Response Body
[2025-01-04T07:49:18.948Z] Error reading or processing Modbus registers: A Modbus Exception Occurred - See Response Body
[2025-01-04T07:49:18.950Z] Error reading register 6507 for IP 10.30.4.128: A Modbus Exception Occurred - See Response Body
[2025-01-04T07:49:18.950Z] Error reading actual data: A Modbus Exception Occurred - See Response Body
[2025-01-04T07:49:18.951Z] Error writing to Modbus register: A Modbus Exception Occurred - See Response Body
[2025-01-04T07:49:19.962Z] Error reading or processing Modbus registers: A Modbus Exception Occurred - See Response Body
[2025-01-04T07:49:19.964Z] Error reading register 6507 for IP 10.30.4.128: A Modbus Exception Occurred - See Response Body
[2025-01-04T07:49:19.965Z] Error reading actual data: A Modbus Exception Occurred - See Response Body
[2025-01-04T07:49:19.966Z] Error writing to Modbus register: A Modbus Exception Occurred - See Response Body
[2025-01-04T07:49:20.977Z] Error reading or processing Modbus registers: A Modbus Exception Occurred - See Response Body
[2025-01-04T07:49:20.979Z] Error reading register 6507 for IP 10.30.4.128: A Modbus Exception Occurred - See Response Body
[2025-01-04T07:49:20.980Z] Error reading actual data: A Modbus Exception Occurred - See Response Body
[2025-01-04T07:49:20.980Z] Error writing to Modbus register: A Modbus Exception Occurred - See Response Body
[2025-01-04T07:49:21.980Z] Error reading or processing Modbus registers: A Modbus Exception Occurred - See Response Body
[2025-01-04T07:49:21.982Z] Error reading register 6507 for IP 10.30.4.128: A Modbus Exception Occurred - See Response Body
[2025-01-04T07:49:21.983Z] Error reading actual data: A Modbus Exception Occurred - See Response Body
[2025-01-04T07:49:21.983Z] Error writing to Modbus register: A Modbus Exception Occurred - See Response Body
[2025-01-04T07:49:22.994Z] Error reading or processing Modbus registers: A Modbus Exception Occurred - See Response Body
[2025-01-04T07:49:22.996Z] Error reading register 6507 for IP 10.30.4.128: A Modbus Exception Occurred - See Response Body
[2025-01-04T07:49:22.997Z] Error reading actual data: A Modbus Exception Occurred - See Response Body
[2025-01-04T07:49:22.998Z] Error writing to Modbus register: A Modbus Exception Occurred - See Response Body
[2025-01-04T07:49:24.008Z] Error reading or processing Modbus registers: A Modbus Exception Occurred - See Response Body
[2025-01-04T07:49:24.010Z] Error reading register 6507 for IP 10.30.4.128: A Modbus Exception Occurred - See Response Body
[2025-01-04T07:49:24.011Z] Error reading actual data: A Modbus Exception Occurred - See Response Body
[2025-01-04T07:49:24.012Z] Error writing to Modbus register: A Modbus Exception Occurred - See Response Body
[2025-01-04T07:49:25.022Z] Error reading or processing Modbus registers: A Modbus Exception Occurred - See Response Body
[2025-01-04T07:49:25.024Z] Error reading register 6507 for IP 10.30.4.128: A Modbus Exception Occurred - See Response Body
[2025-01-04T07:49:25.025Z] Error reading actual data: A Modbus Exception Occurred - See Response Body
[2025-01-04T07:49:25.025Z] Error writing to Modbus register: A Modbus Exception Occurred - See Response Body
[2025-01-04T07:49:26.022Z] Error reading or processing Modbus registers: A Modbus Exception Occurred - See Response Body
[2025-01-04T07:49:26.025Z] Error reading register 6507 for IP 10.30.4.128: A Modbus Exception Occurred - See Response Body
[2025-01-04T07:49:26.026Z] Error reading actual data: A Modbus Exception Occurred - See Response Body
[2025-01-04T07:49:26.026Z] Error writing to Modbus register: A Modbus Exception Occurred - See Response Body
[2025-01-04T07:49:27.025Z] Error reading or processing Modbus registers: A Modbus Exception Occurred - See Response Body
[2025-01-04T07:49:27.027Z] Error reading register 6507 for IP 10.30.4.128: A Modbus Exception Occurred - See Response Body
[2025-01-04T07:49:27.027Z] Error reading actual data: A Modbus Exception Occurred - See Response Body
[2025-01-04T07:49:27.028Z] Error writing to Modbus register: A Modbus Exception Occurred - See Response Body
[2025-01-04T07:49:28.026Z] Error reading or processing Modbus registers: A Modbus Exception Occurred - See Response Body
[2025-01-04T07:49:28.029Z] Error reading register 6507 for IP 10.30.4.128: A Modbus Exception Occurred - See Response Body
[2025-01-04T07:49:28.030Z] Error reading actual data: A Modbus Exception Occurred - See Response Body
[2025-01-04T07:49:28.030Z] Error writing to Modbus register: A Modbus Exception Occurred - See Response Body
[2025-01-04T07:49:29.036Z] Error reading or processing Modbus registers: A Modbus Exception Occurred - See Response Body
[2025-01-04T07:49:29.038Z] Error reading register 6507 for IP 10.30.4.128: A Modbus Exception Occurred - See Response Body
[2025-01-04T07:49:29.038Z] Error reading actual data: A Modbus Exception Occurred - See Response Body
[2025-01-04T07:49:29.039Z] Error writing to Modbus register: A Modbus Exception Occurred - See Response Body
[2025-01-04T07:49:30.052Z] Error reading or processing Modbus registers: A Modbus Exception Occurred - See Response Body
[2025-01-04T07:49:30.054Z] Error reading register 6507 for IP 10.30.4.128: A Modbus Exception Occurred - See Response Body
[2025-01-04T07:49:30.055Z] Error reading actual data: A Modbus Exception Occurred - See Response Body
[2025-01-04T07:49:30.056Z] Error writing to Modbus register: A Modbus Exception Occurred - See Response Body
[2025-01-04T07:49:31.064Z] Error reading or processing Modbus registers: A Modbus Exception Occurred - See Response Body
[2025-01-04T07:49:31.066Z] Error reading register 6507 for IP 10.30.4.128: A Modbus Exception Occurred - See Response Body
[2025-01-04T07:49:31.067Z] Error reading actual data: A Modbus Exception Occurred - See Response Body
[2025-01-04T07:49:31.067Z] Error writing to Modbus register: A Modbus Exception Occurred - See Response Body
[2025-01-04T07:49:32.065Z] Error reading or processing Modbus registers: A Modbus Exception Occurred - See Response Body
[2025-01-04T07:49:32.067Z] Error reading register 6507 for IP 10.30.4.128: A Modbus Exception Occurred - See Response Body
[2025-01-04T07:49:32.067Z] Error reading actual data: A Modbus Exception Occurred - See Response Body
[2025-01-04T07:49:32.068Z] Error writing to Modbus register: A Modbus Exception Occurred - See Response Body
[2025-01-04T07:49:33.069Z] Error reading or processing Modbus registers: A Modbus Exception Occurred - See Response Body
[2025-01-04T07:49:33.072Z] Error reading register 6507 for IP 10.30.4.128: A Modbus Exception Occurred - See Response Body
[2025-01-04T07:49:33.072Z] Error reading actual data: A Modbus Exception Occurred - See Response Body
[2025-01-04T07:49:33.073Z] Error writing to Modbus register: A Modbus Exception Occurred - See Response Body
[2025-01-04T07:49:34.070Z] Error reading or processing Modbus registers: A Modbus Exception Occurred - See Response Body
[2025-01-04T07:49:34.073Z] Error reading register 6507 for IP 10.30.4.128: A Modbus Exception Occurred - See Response Body
[2025-01-04T07:49:34.074Z] Error reading actual data: A Modbus Exception Occurred - See Response Body
[2025-01-04T07:49:34.074Z] Error writing to Modbus register: A Modbus Exception Occurred - See Response Body
[2025-01-04T07:49:35.073Z] Error reading or processing Modbus registers: A Modbus Exception Occurred - See Response Body
[2025-01-04T07:49:35.075Z] Error reading register 6507 for IP 10.30.4.128: A Modbus Exception Occurred - See Response Body
[2025-01-04T07:49:35.076Z] Error reading actual data: A Modbus Exception Occurred - See Response Body
[2025-01-04T07:49:35.077Z] Error writing to Modbus register: A Modbus Exception Occurred - See Response Body
[2025-01-04T07:49:36.088Z] Error reading or processing Modbus registers: A Modbus Exception Occurred - See Response Body
[2025-01-04T07:49:36.090Z] Error reading register 6507 for IP 10.30.4.128: A Modbus Exception Occurred - See Response Body
[2025-01-04T07:49:36.090Z] Error reading actual data: A Modbus Exception Occurred - See Response Body
[2025-01-04T07:49:36.091Z] Error writing to Modbus register: A Modbus Exception Occurred - See Response Body
[2025-01-04T07:49:37.103Z] Error reading or processing Modbus registers: A Modbus Exception Occurred - See Response Body
[2025-01-04T07:49:37.109Z] Error reading register 6507 for IP 10.30.4.128: A Modbus Exception Occurred - See Response Body
[2025-01-04T07:49:37.110Z] Error reading actual data: A Modbus Exception Occurred - See Response Body
[2025-01-04T07:49:37.110Z] Error writing to Modbus register: A Modbus Exception Occurred - See Response Body
[2025-01-04T07:49:38.117Z] Error reading or processing Modbus registers: A Modbus Exception Occurred - See Response Body
[2025-01-04T07:49:38.120Z] Error reading register 6507 for IP 10.30.4.128: A Modbus Exception Occurred - See Response Body
[2025-01-04T07:49:38.121Z] Error reading actual data: A Modbus Exception Occurred - See Response Body
[2025-01-04T07:49:38.121Z] Error writing to Modbus register: A Modbus Exception Occurred - See Response Body
[2025-01-04T07:49:39.118Z] Error reading or processing Modbus registers: A Modbus Exception Occurred - See Response Body
[2025-01-04T07:49:39.120Z] Error reading register 6507 for IP 10.30.4.128: A Modbus Exception Occurred - See Response Body
[2025-01-04T07:49:39.121Z] Error reading actual data: A Modbus Exception Occurred - See Response Body
[2025-01-04T07:49:39.121Z] Error writing to Modbus register: A Modbus Exception Occurred - See Response Body
[2025-01-04T07:49:40.133Z] Error reading or processing Modbus registers: A Modbus Exception Occurred - See Response Body
[2025-01-04T07:49:40.135Z] Error reading register 6507 for IP 10.30.4.128: A Modbus Exception Occurred - See Response Body
[2025-01-04T07:49:40.136Z] Error reading actual data: A Modbus Exception Occurred - See Response Body
[2025-01-04T07:49:40.136Z] Error writing to Modbus register: A Modbus Exception Occurred - See Response Body
[2025-01-04T07:49:41.138Z] Error reading or processing Modbus registers: A Modbus Exception Occurred - See Response Body
[2025-01-04T07:49:41.143Z] Error reading register 6507 for IP 10.30.4.128: A Modbus Exception Occurred - See Response Body
[2025-01-04T07:49:41.143Z] Error reading actual data: A Modbus Exception Occurred - See Response Body
[2025-01-04T07:49:41.144Z] Error writing to Modbus register: A Modbus Exception Occurred - See Response Body
[2025-01-04T07:49:42.147Z] Error reading or processing Modbus registers: A Modbus Exception Occurred - See Response Body
[2025-01-04T07:49:42.150Z] Error reading register 6507 for IP 10.30.4.128: A Modbus Exception Occurred - See Response Body
[2025-01-04T07:49:42.152Z] Error reading actual data: A Modbus Exception Occurred - See Response Body
[2025-01-04T07:49:42.152Z] Error writing to Modbus register: A Modbus Exception Occurred - See Response Body
[2025-01-04T07:49:43.159Z] Error reading or processing Modbus registers: A Modbus Exception Occurred - See Response Body
[2025-01-04T07:49:43.161Z] Error reading register 6507 for IP 10.30.4.128: A Modbus Exception Occurred - See Response Body
[2025-01-04T07:49:43.162Z] Error reading actual data: A Modbus Exception Occurred - See Response Body
[2025-01-04T07:49:43.162Z] Error writing to Modbus register: A Modbus Exception Occurred - See Response Body
[2025-01-04T07:49:44.172Z] Error reading or processing Modbus registers: A Modbus Exception Occurred - See Response Body
[2025-01-04T07:49:44.177Z] Error reading register 6507 for IP 10.30.4.128: A Modbus Exception Occurred - See Response Body
[2025-01-04T07:49:44.178Z] Error reading actual data: A Modbus Exception Occurred - See Response Body
[2025-01-04T07:49:44.178Z] Error writing to Modbus register: A Modbus Exception Occurred - See Response Body
[2025-01-04T07:49:45.173Z] Error reading or processing Modbus registers: A Modbus Exception Occurred - See Response Body
[2025-01-04T07:49:45.175Z] Error reading register 6507 for IP 10.30.4.128: A Modbus Exception Occurred - See Response Body
[2025-01-04T07:49:45.179Z] Error reading actual data: A Modbus Exception Occurred - See Response Body
[2025-01-04T07:49:45.179Z] Error writing to Modbus register: A Modbus Exception Occurred - See Response Body
[2025-01-04T07:49:46.185Z] Error reading or processing Modbus registers: A Modbus Exception Occurred - See Response Body
[2025-01-04T07:49:46.188Z] Error reading register 6507 for IP 10.30.4.128: A Modbus Exception Occurred - See Response Body
[2025-01-04T07:49:46.189Z] Error reading actual data: A Modbus Exception Occurred - See Response Body
[2025-01-04T07:49:46.189Z] Error writing to Modbus register: A Modbus Exception Occurred - See Response Body
[2025-01-04T07:49:47.188Z] Error reading or processing Modbus registers: A Modbus Exception Occurred - See Response Body
[2025-01-04T07:49:47.190Z] Error reading register 6507 for IP 10.30.4.128: A Modbus Exception Occurred - See Response Body
[2025-01-04T07:49:47.191Z] Error reading actual data: A Modbus Exception Occurred - See Response Body
[2025-01-04T07:49:47.192Z] Error writing to Modbus register: A Modbus Exception Occurred - See Response Body
[2025-02-08T01:11:58.705Z] Device at 10.30.28.23 is not reachable. Skipping connection attempt.
[2025-02-08T01:12:08.702Z] Device at 10.30.28.23 is not reachable. Skipping connection attempt.
[2025-02-08T01:12:18.706Z] Device at 10.30.28.23 is not reachable. Skipping connection attempt.
[2025-02-08T01:12:28.727Z] Device at 10.30.28.23 is not reachable. Skipping connection attempt.
[2025-02-08T01:12:38.745Z] Device at 10.30.28.23 is not reachable. Skipping connection attempt.
[2025-02-08T01:12:48.735Z] Device at 10.30.28.23 is not reachable. Skipping connection attempt.
[2025-02-08T01:12:58.743Z] Device at 10.30.28.23 is not reachable. Skipping connection attempt.
[2025-02-08T01:13:08.764Z] Device at 10.30.28.23 is not reachable. Skipping connection attempt.
[2025-02-08T01:13:18.756Z] Device at 10.30.28.23 is not reachable. Skipping connection attempt.
[2025-02-08T01:13:28.743Z] Device at 10.30.28.23 is not reachable. Skipping connection attempt.
[2025-02-08T01:13:38.760Z] Device at 10.30.28.23 is not reachable. Skipping connection attempt.
[2025-02-08T01:13:48.776Z] Device at 10.30.28.23 is not reachable. Skipping connection attempt.
[2025-02-08T01:13:58.782Z] Device at 10.30.28.23 is not reachable. Skipping connection attempt.
[2025-02-08T01:14:08.769Z] Device at 10.30.28.23 is not reachable. Skipping connection attempt.
[2025-02-08T01:14:18.794Z] Device at 10.30.28.23 is not reachable. Skipping connection attempt.
[2025-02-08T01:14:28.792Z] Device at 10.30.28.23 is not reachable. Skipping connection attempt.
[2025-02-08T01:14:38.797Z] Device at 10.30.28.23 is not reachable. Skipping connection attempt.
[2025-02-08T01:14:48.783Z] Device at 10.30.28.23 is not reachable. Skipping connection attempt.
[2025-02-08T01:14:58.801Z] Device at 10.30.28.23 is not reachable. Skipping connection attempt.
[2025-02-08T01:15:08.816Z] Device at 10.30.28.23 is not reachable. Skipping connection attempt.
[2025-02-08T01:15:18.802Z] Device at 10.30.28.23 is not reachable. Skipping connection attempt.
[2025-02-08T01:15:28.800Z] Device at 10.30.28.23 is not reachable. Skipping connection attempt.
[2025-02-08T01:15:38.819Z] Device at 10.30.28.23 is not reachable. Skipping connection attempt.
[2025-02-08T01:15:48.842Z] Device at 10.30.28.23 is not reachable. Skipping connection attempt.
[2025-02-08T01:15:58.838Z] Device at 10.30.28.23 is not reachable. Skipping connection attempt.
[2025-02-08T01:16:08.848Z] Device at 10.30.28.23 is not reachable. Skipping connection attempt.
[2025-02-08T01:16:18.844Z] Device at 10.30.28.23 is not reachable. Skipping connection attempt.
[2025-02-08T01:16:28.867Z] Device at 10.30.28.23 is not reachable. Skipping connection attempt.
[2025-02-08T01:16:38.892Z] Device at 10.30.28.23 is not reachable. Skipping connection attempt.
[2025-02-08T01:16:48.882Z] Device at 10.30.28.23 is not reachable. Skipping connection attempt.
[2025-02-08T01:16:58.875Z] Device at 10.30.28.23 is not reachable. Skipping connection attempt.
[2025-02-08T01:17:08.883Z] Device at 10.30.28.23 is not reachable. Skipping connection attempt.
[2025-02-08T01:17:18.881Z] Device at 10.30.28.23 is not reachable. Skipping connection attempt.
[2025-02-08T01:17:28.906Z] Device at 10.30.28.23 is not reachable. Skipping connection attempt.
[2025-02-08T01:17:38.913Z] Device at 10.30.28.23 is not reachable. Skipping connection attempt.
[2025-02-08T01:17:48.921Z] Device at 10.30.28.23 is not reachable. Skipping connection attempt.
[2025-02-08T01:17:58.920Z] Device at 10.30.28.23 is not reachable. Skipping connection attempt.
[2025-02-08T01:18:08.922Z] Device at 10.30.28.23 is not reachable. Skipping connection attempt.
[2025-02-08T01:18:18.939Z] Device at 10.30.28.23 is not reachable. Skipping connection attempt.
[2025-02-08T01:18:28.947Z] Device at 10.30.28.23 is not reachable. Skipping connection attempt.
[2025-02-08T01:18:39.004Z] Device at 10.30.28.23 is not reachable. Skipping connection attempt.
[2025-02-08T01:18:48.970Z] Device at 10.30.28.23 is not reachable. Skipping connection attempt.
[2025-02-08T01:18:58.965Z] Device at 10.30.28.23 is not reachable. Skipping connection attempt.
[2025-02-08T01:19:08.983Z] Device at 10.30.28.23 is not reachable. Skipping connection attempt.
[2025-02-08T01:19:18.992Z] Device at 10.30.28.23 is not reachable. Skipping connection attempt.
[2025-02-08T01:19:29.019Z] Device at 10.30.28.23 is not reachable. Skipping connection attempt.
[2025-02-08T01:19:39.023Z] Device at 10.30.28.23 is not reachable. Skipping connection attempt.
[2025-02-08T01:19:49.040Z] Device at 10.30.28.23 is not reachable. Skipping connection attempt.
[2025-02-08T01:19:59.044Z] Device at 10.30.28.23 is not reachable. Skipping connection attempt.
[2025-02-08T01:20:09.060Z] Device at 10.30.28.23 is not reachable. Skipping connection attempt.
[2025-02-08T01:20:19.099Z] Device at 10.30.28.23 is not reachable. Skipping connection attempt.
[2025-02-08T01:20:29.076Z] Device at 10.30.28.23 is not reachable. Skipping connection attempt.
[2025-02-08T01:20:39.081Z] Device at 10.30.28.23 is not reachable. Skipping connection attempt.
[2025-02-08T01:20:49.097Z] Device at 10.30.28.23 is not reachable. Skipping connection attempt.
[2025-02-08T01:20:59.092Z] Device at 10.30.28.23 is not reachable. Skipping connection attempt.
[2025-02-08T01:21:09.090Z] Device at 10.30.28.23 is not reachable. Skipping connection attempt.
[2025-02-08T01:21:19.095Z] Device at 10.30.28.23 is not reachable. Skipping connection attempt.
[2025-02-08T01:21:29.098Z] Device at 10.30.28.23 is not reachable. Skipping connection attempt.
[2025-02-08T01:21:39.108Z] Device at 10.30.28.23 is not reachable. Skipping connection attempt.
[2025-02-08T01:21:49.114Z] Device at 10.30.28.23 is not reachable. Skipping connection attempt.
[2025-02-08T01:21:59.120Z] Device at 10.30.28.23 is not reachable. Skipping connection attempt.
[2025-02-08T01:22:09.148Z] Device at 10.30.28.23 is not reachable. Skipping connection attempt.
[2025-02-08T01:22:19.152Z] Device at 10.30.28.23 is not reachable. Skipping connection attempt.
[2025-02-08T01:22:29.147Z] Device at 10.30.28.23 is not reachable. Skipping connection attempt.
[2025-02-08T01:22:39.176Z] Device at 10.30.28.23 is not reachable. Skipping connection attempt.
[2025-02-08T01:22:49.482Z] Device at 10.30.28.23 is not reachable. Skipping connection attempt.
[2025-02-08T01:22:59.187Z] Device at 10.30.28.23 is not reachable. Skipping connection attempt.
[2025-02-08T01:23:09.205Z] Device at 10.30.28.23 is not reachable. Skipping connection attempt.
[2025-02-08T01:23:19.193Z] Device at 10.30.28.23 is not reachable. Skipping connection attempt.
[2025-02-08T01:23:29.222Z] Device at 10.30.28.23 is not reachable. Skipping connection attempt.
[2025-02-08T01:23:39.237Z] Device at 10.30.28.23 is not reachable. Skipping connection attempt.
[2025-02-08T01:23:49.252Z] Device at 10.30.28.23 is not reachable. Skipping connection attempt.
[2025-02-08T01:23:59.249Z] Device at 10.30.28.23 is not reachable. Skipping connection attempt.
[2025-02-08T01:24:09.282Z] Device at 10.30.28.23 is not reachable. Skipping connection attempt.
[2025-02-08T01:24:19.290Z] Device at 10.30.28.23 is not reachable. Skipping connection attempt.
[2025-02-08T01:24:29.276Z] Device at 10.30.28.23 is not reachable. Skipping connection attempt.
[2025-02-08T01:24:39.294Z] Device at 10.30.28.23 is not reachable. Skipping connection attempt.
[2025-02-08T01:24:49.300Z] Device at 10.30.28.23 is not reachable. Skipping connection attempt.
[2025-02-08T01:24:59.306Z] Device at 10.30.28.23 is not reachable. Skipping connection attempt.
[2025-02-08T01:25:09.337Z] Device at 10.30.28.23 is not reachable. Skipping connection attempt.
[2025-02-08T01:25:19.320Z] Device at 10.30.28.23 is not reachable. Skipping connection attempt.
[2025-02-08T01:25:29.337Z] Device at 10.30.28.23 is not reachable. Skipping connection attempt.
[2025-02-08T01:25:39.342Z] Device at 10.30.28.23 is not reachable. Skipping connection attempt.
[2025-02-08T01:25:49.349Z] Device at 10.30.28.23 is not reachable. Skipping connection attempt.
[2025-02-08T01:25:59.358Z] Device at 10.30.28.23 is not reachable. Skipping connection attempt.
[2025-02-08T01:26:09.671Z] Device at 10.30.28.23 is not reachable. Skipping connection attempt.
[2025-02-08T01:26:19.669Z] Device at 10.30.28.23 is not reachable. Skipping connection attempt.
[2025-02-08T01:26:29.674Z] Device at 10.30.28.23 is not reachable. Skipping connection attempt.
[2025-02-08T01:26:39.680Z] Device at 10.30.28.23 is not reachable. Skipping connection attempt.
[2025-02-08T01:26:49.697Z] Device at 10.30.28.23 is not reachable. Skipping connection attempt.
[2025-02-08T01:26:59.703Z] Device at 10.30.28.23 is not reachable. Skipping connection attempt.
[2025-02-08T01:27:09.720Z] Device at 10.30.28.23 is not reachable. Skipping connection attempt.
[2025-02-08T01:27:19.727Z] Device at 10.30.28.23 is not reachable. Skipping connection attempt.
[2025-02-08T01:27:29.732Z] Device at 10.30.28.23 is not reachable. Skipping connection attempt.
[2025-02-08T01:27:39.757Z] Device at 10.30.28.23 is not reachable. Skipping connection attempt.
[2025-02-08T01:27:49.743Z] Device at 10.30.28.23 is not reachable. Skipping connection attempt.
[2025-02-08T01:27:59.752Z] Device at 10.30.28.23 is not reachable. Skipping connection attempt.
[2025-02-08T01:28:09.758Z] Device at 10.30.28.23 is not reachable. Skipping connection attempt.
[2025-02-08T01:28:19.777Z] Device at 10.30.28.23 is not reachable. Skipping connection attempt.
[2025-02-08T01:28:29.781Z] Device at 10.30.28.23 is not reachable. Skipping connection attempt.
[2025-02-08T01:28:39.800Z] Device at 10.30.28.23 is not reachable. Skipping connection attempt.
[2025-02-08T01:28:49.800Z] Device at 10.30.28.23 is not reachable. Skipping connection attempt.
[2025-02-08T01:28:59.802Z] Device at 10.30.28.23 is not reachable. Skipping connection attempt.
[2025-02-08T01:29:09.803Z] Device at 10.30.28.23 is not reachable. Skipping connection attempt.
[2025-02-08T01:29:19.807Z] Device at 10.30.28.23 is not reachable. Skipping connection attempt.
[2025-02-08T01:29:29.820Z] Device at 10.30.28.23 is not reachable. Skipping connection attempt.
[2025-02-08T01:29:39.828Z] Device at 10.30.28.23 is not reachable. Skipping connection attempt.
[2025-02-08T01:29:49.834Z] Device at 10.30.28.23 is not reachable. Skipping connection attempt.
[2025-02-08T01:29:59.841Z] Device at 10.30.28.23 is not reachable. Skipping connection attempt.
[2025-02-08T01:30:09.860Z] Device at 10.30.28.23 is not reachable. Skipping connection attempt.
[2025-02-08T01:30:19.851Z] Device at 10.30.28.23 is not reachable. Skipping connection attempt.
[2025-02-08T01:30:29.868Z] Device at 10.30.28.23 is not reachable. Skipping connection attempt.
[2025-02-08T01:30:39.875Z] Device at 10.30.28.23 is not reachable. Skipping connection attempt.
[2025-02-08T01:30:49.871Z] Device at 10.30.28.23 is not reachable. Skipping connection attempt.
[2025-02-08T01:30:59.878Z] Device at 10.30.28.23 is not reachable. Skipping connection attempt.
[2025-02-08T01:31:09.882Z] Device at 10.30.28.23 is not reachable. Skipping connection attempt.
[2025-02-08T01:31:19.885Z] Device at 10.30.28.23 is not reachable. Skipping connection attempt.
[2025-02-08T01:31:29.886Z] Device at 10.30.28.23 is not reachable. Skipping connection attempt.
[2025-02-08T01:31:39.894Z] Device at 10.30.28.23 is not reachable. Skipping connection attempt.
[2025-02-08T01:31:49.901Z] Device at 10.30.28.23 is not reachable. Skipping connection attempt.
[2025-02-08T01:31:59.906Z] Device at 10.30.28.23 is not reachable. Skipping connection attempt.
[2025-02-08T01:32:09.925Z] Device at 10.30.28.23 is not reachable. Skipping connection attempt.
[2025-02-08T01:32:19.935Z] Device at 10.30.28.23 is not reachable. Skipping connection attempt.
[2025-02-08T01:32:29.941Z] Device at 10.30.28.23 is not reachable. Skipping connection attempt.
[2025-02-08T01:32:39.941Z] Device at 10.30.28.23 is not reachable. Skipping connection attempt.
[2025-02-08T01:32:49.953Z] Device at 10.30.28.23 is not reachable. Skipping connection attempt.
[2025-02-08T01:32:59.948Z] Device at 10.30.28.23 is not reachable. Skipping connection attempt.
[2025-02-08T01:33:09.951Z] Device at 10.30.28.23 is not reachable. Skipping connection attempt.
[2025-02-08T01:33:19.947Z] Device at 10.30.28.23 is not reachable. Skipping connection attempt.
[2025-02-08T01:33:29.955Z] Device at 10.30.28.23 is not reachable. Skipping connection attempt.
[2025-02-08T01:33:39.973Z] Device at 10.30.28.23 is not reachable. Skipping connection attempt.
[2025-02-08T01:33:49.968Z] Device at 10.30.28.23 is not reachable. Skipping connection attempt.
[2025-02-08T01:34:00.025Z] Device at 10.30.28.23 is not reachable. Skipping connection attempt.
[2025-02-08T01:34:09.991Z] Device at 10.30.28.23 is not reachable. Skipping connection attempt.
[2025-02-08T01:34:20.008Z] Device at 10.30.28.23 is not reachable. Skipping connection attempt.
[2025-02-08T01:34:30.030Z] Device at 10.30.28.23 is not reachable. Skipping connection attempt.
[2025-02-08T01:34:40.029Z] Device at 10.30.28.23 is not reachable. Skipping connection attempt.
[2025-02-08T01:34:50.038Z] Device at 10.30.28.23 is not reachable. Skipping connection attempt.
[2025-02-08T01:35:00.043Z] Device at 10.30.28.23 is not reachable. Skipping connection attempt.
[2025-02-08T01:35:10.060Z] Device at 10.30.28.23 is not reachable. Skipping connection attempt.
[2025-02-08T01:35:20.062Z] Device at 10.30.28.23 is not reachable. Skipping connection attempt.
[2025-02-08T01:35:30.105Z] Device at 10.30.28.23 is not reachable. Skipping connection attempt.
[2025-02-08T01:35:40.090Z] Device at 10.30.28.23 is not reachable. Skipping connection attempt.
[2025-02-08T01:35:50.095Z] Device at 10.30.28.23 is not reachable. Skipping connection attempt.
[2025-02-08T01:36:00.103Z] Device at 10.30.28.23 is not reachable. Skipping connection attempt.
[2025-02-08T01:36:10.102Z] Device at 10.30.28.23 is not reachable. Skipping connection attempt.
[2025-02-08T01:36:20.107Z] Device at 10.30.28.23 is not reachable. Skipping connection attempt.
[2025-02-08T01:36:30.107Z] Device at 10.30.28.23 is not reachable. Skipping connection attempt.
[2025-02-08T01:36:40.129Z] Device at 10.30.28.23 is not reachable. Skipping connection attempt.
[2025-02-08T01:36:50.130Z] Device at 10.30.28.23 is not reachable. Skipping connection attempt.
[2025-02-08T01:37:00.148Z] Device at 10.30.28.23 is not reachable. Skipping connection attempt.
[2025-02-08T01:37:10.150Z] Device at 10.30.28.23 is not reachable. Skipping connection attempt.
[2025-02-08T01:37:20.152Z] Device at 10.30.28.23 is not reachable. Skipping connection attempt.
[2025-02-08T01:37:30.160Z] Device at 10.30.28.23 is not reachable. Skipping connection attempt.
[2025-02-08T01:37:40.168Z] Device at 10.30.28.23 is not reachable. Skipping connection attempt.
[2025-02-08T01:37:50.183Z] Device at 10.30.28.23 is not reachable. Skipping connection attempt.
[2025-02-08T01:38:00.178Z] Device at 10.30.28.23 is not reachable. Skipping connection attempt.
[2025-02-08T01:38:10.221Z] Device at 10.30.28.23 is not reachable. Skipping connection attempt.
[2025-02-08T01:38:20.200Z] Device at 10.30.28.23 is not reachable. Skipping connection attempt.
[2025-02-08T01:38:30.209Z] Device at 10.30.28.23 is not reachable. Skipping connection attempt.
[2025-02-08T01:38:40.205Z] Device at 10.30.28.23 is not reachable. Skipping connection attempt.
[2025-02-08T01:38:50.220Z] Device at 10.30.28.23 is not reachable. Skipping connection attempt.
[2025-02-08T01:39:00.237Z] Device at 10.30.28.23 is not reachable. Skipping connection attempt.
[2025-02-08T01:39:10.233Z] Device at 10.30.28.23 is not reachable. Skipping connection attempt.
[2025-02-08T01:39:20.233Z] Device at 10.30.28.23 is not reachable. Skipping connection attempt.
[2025-02-08T01:39:30.236Z] Device at 10.30.28.23 is not reachable. Skipping connection attempt.
[2025-02-08T01:39:40.244Z] Device at 10.30.28.23 is not reachable. Skipping connection attempt.
[2025-02-08T01:39:50.251Z] Device at 10.30.28.23 is not reachable. Skipping connection attempt.
[2025-02-08T01:40:00.244Z] Device at 10.30.28.23 is not reachable. Skipping connection attempt.
[2025-02-08T01:40:10.264Z] Device at 10.30.28.23 is not reachable. Skipping connection attempt.
[2025-02-08T01:40:20.268Z] Device at 10.30.28.23 is not reachable. Skipping connection attempt.
[2025-02-08T01:40:30.253Z] Device at 10.30.28.23 is not reachable. Skipping connection attempt.
[2025-02-08T01:40:40.270Z] Device at 10.30.28.23 is not reachable. Skipping connection attempt.
[2025-02-08T01:40:50.277Z] Device at 10.30.28.23 is not reachable. Skipping connection attempt.
[2025-02-08T01:41:00.285Z] Device at 10.30.28.23 is not reachable. Skipping connection attempt.
[2025-02-08T01:41:10.291Z] Device at 10.30.28.23 is not reachable. Skipping connection attempt.
[2025-02-08T01:41:20.296Z] Device at 10.30.28.23 is not reachable. Skipping connection attempt.
[2025-02-08T01:41:30.314Z] Device at 10.30.28.23 is not reachable. Skipping connection attempt.
[2025-02-08T01:41:40.320Z] Device at 10.30.28.23 is not reachable. Skipping connection attempt.
[2025-02-08T01:41:50.337Z] Device at 10.30.28.23 is not reachable. Skipping connection attempt.
[2025-02-08T01:42:00.331Z] Device at 10.30.28.23 is not reachable. Skipping connection attempt.
[2025-02-08T01:42:10.349Z] Device at 10.30.28.23 is not reachable. Skipping connection attempt.
[2025-02-08T01:42:20.366Z] Device at 10.30.28.23 is not reachable. Skipping connection attempt.
[2025-02-08T01:42:30.359Z] Device at 10.30.28.23 is not reachable. Skipping connection attempt.
[2025-02-08T01:42:40.368Z] Device at 10.30.28.23 is not reachable. Skipping connection attempt.
[2025-02-08T01:42:50.374Z] Device at 10.30.28.23 is not reachable. Skipping connection attempt.
[2025-02-08T01:43:00.380Z] Device at 10.30.28.23 is not reachable. Skipping connection attempt.
[2025-02-08T01:43:10.387Z] Device at 10.30.28.23 is not reachable. Skipping connection attempt.
[2025-02-08T01:43:20.404Z] Device at 10.30.28.23 is not reachable. Skipping connection attempt.
[2025-02-08T01:43:30.408Z] Device at 10.30.28.23 is not reachable. Skipping connection attempt.
[2025-02-08T01:43:40.406Z] Device at 10.30.28.23 is not reachable. Skipping connection attempt.
[2025-02-08T01:43:50.422Z] Device at 10.30.28.23 is not reachable. Skipping connection attempt.
[2025-02-08T01:44:00.437Z] Device at 10.30.28.23 is not reachable. Skipping connection attempt.
[2025-02-08T01:44:10.445Z] Device at 10.30.28.23 is not reachable. Skipping connection attempt.
[2025-02-08T01:44:20.466Z] Device at 10.30.28.23 is not reachable. Skipping connection attempt.
[2025-02-08T01:44:30.468Z] Device at 10.30.28.23 is not reachable. Skipping connection attempt.
[2025-02-08T01:44:40.478Z] Device at 10.30.28.23 is not reachable. Skipping connection attempt.
[2025-02-08T01:44:50.487Z] Device at 10.30.28.23 is not reachable. Skipping connection attempt.
[2025-02-08T01:45:02.320Z] Device at 10.30.28.23 is not reachable. Skipping connection attempt.
[2025-02-08T01:45:10.499Z] Device at 10.30.28.23 is not reachable. Skipping connection attempt.
[2025-02-08T01:45:20.515Z] Device at 10.30.28.23 is not reachable. Skipping connection attempt.
[2025-02-08T01:45:30.526Z] Device at 10.30.28.23 is not reachable. Skipping connection attempt.
[2025-02-08T01:45:40.527Z] Device at 10.30.28.23 is not reachable. Skipping connection attempt.
[2025-02-08T01:45:50.529Z] Device at 10.30.28.23 is not reachable. Skipping connection attempt.
[2025-02-08T01:46:00.527Z] Device at 10.30.28.23 is not reachable. Skipping connection attempt.
[2025-02-08T01:46:10.543Z] Device at 10.30.28.23 is not reachable. Skipping connection attempt.
[2025-02-08T01:46:20.549Z] Device at 10.30.28.23 is not reachable. Skipping connection attempt.
[2025-02-08T01:46:30.560Z] Device at 10.30.28.23 is not reachable. Skipping connection attempt.
[2025-02-08T01:46:40.605Z] Device at 10.30.28.23 is not reachable. Skipping connection attempt.
[2025-02-08T01:46:50.572Z] Device at 10.30.28.23 is not reachable. Skipping connection attempt.
[2025-02-08T01:47:00.577Z] Device at 10.30.28.23 is not reachable. Skipping connection attempt.
[2025-02-08T01:47:10.583Z] Device at 10.30.28.23 is not reachable. Skipping connection attempt.
[2025-02-08T01:47:20.587Z] Device at 10.30.28.23 is not reachable. Skipping connection attempt.
[2025-02-08T01:47:30.603Z] Device at 10.30.28.23 is not reachable. Skipping connection attempt.
[2025-02-08T01:47:40.614Z] Device at 10.30.28.23 is not reachable. Skipping connection attempt.
[2025-02-08T01:47:50.621Z] Device at 10.30.28.23 is not reachable. Skipping connection attempt.
[2025-02-08T01:48:00.636Z] Device at 10.30.28.23 is not reachable. Skipping connection attempt.
[2025-02-08T01:48:10.631Z] Device at 10.30.28.23 is not reachable. Skipping connection attempt.
[2025-02-08T01:48:20.648Z] Device at 10.30.28.23 is not reachable. Skipping connection attempt.
[2025-02-08T01:48:30.682Z] Device at 10.30.28.23 is not reachable. Skipping connection attempt.
[2025-02-08T01:48:40.661Z] Device at 10.30.28.23 is not reachable. Skipping connection attempt.
[2025-02-08T01:48:50.669Z] Device at 10.30.28.23 is not reachable. Skipping connection attempt.
[2025-02-08T01:49:00.675Z] Device at 10.30.28.23 is not reachable. Skipping connection attempt.
[2025-02-08T01:49:10.681Z] Device at 10.30.28.23 is not reachable. Skipping connection attempt.
[2025-02-08T01:49:20.686Z] Device at 10.30.28.23 is not reachable. Skipping connection attempt.
[2025-02-08T01:49:30.703Z] Device at 10.30.28.23 is not reachable. Skipping connection attempt.
[2025-02-08T01:49:40.697Z] Device at 10.30.28.23 is not reachable. Skipping connection attempt.
[2025-02-08T01:49:50.705Z] Device at 10.30.28.23 is not reachable. Skipping connection attempt.
[2025-02-08T01:50:00.711Z] Device at 10.30.28.23 is not reachable. Skipping connection attempt.
[2025-02-08T01:50:10.726Z] Device at 10.30.28.23 is not reachable. Skipping connection attempt.
[2025-02-08T01:50:20.772Z] Device at 10.30.28.23 is not reachable. Skipping connection attempt.
[2025-02-08T01:50:30.747Z] Device at 10.30.28.23 is not reachable. Skipping connection attempt.
[2025-02-08T01:50:40.755Z] Device at 10.30.28.23 is not reachable. Skipping connection attempt.
[2025-02-08T01:50:50.770Z] Device at 10.30.28.23 is not reachable. Skipping connection attempt.
[2025-02-08T01:51:00.781Z] Device at 10.30.28.23 is not reachable. Skipping connection attempt.
[2025-02-08T01:51:10.777Z] Device at 10.30.28.23 is not reachable. Skipping connection attempt.
[2025-02-08T01:51:20.813Z] Device at 10.30.28.23 is not reachable. Skipping connection attempt.
[2025-02-08T01:51:30.837Z] Device at 10.30.28.23 is not reachable. Skipping connection attempt.
[2025-02-08T01:51:40.807Z] Device at 10.30.28.23 is not reachable. Skipping connection attempt.
[2025-02-08T01:51:50.824Z] Device at 10.30.28.23 is not reachable. Skipping connection attempt.
[2025-02-08T01:52:00.828Z] Device at 10.30.28.23 is not reachable. Skipping connection attempt.
[2025-02-08T01:52:10.824Z] Device at 10.30.28.23 is not reachable. Skipping connection attempt.
[2025-02-08T01:52:20.849Z] Device at 10.30.28.23 is not reachable. Skipping connection attempt.
[2025-02-08T01:52:30.848Z] Device at 10.30.28.23 is not reachable. Skipping connection attempt.
[2025-02-08T01:52:40.867Z] Device at 10.30.28.23 is not reachable. Skipping connection attempt.
[2025-02-08T01:52:50.864Z] Device at 10.30.28.23 is not reachable. Skipping connection attempt.
[2025-02-08T01:53:00.869Z] Device at 10.30.28.23 is not reachable. Skipping connection attempt.
[2025-02-08T01:53:10.881Z] Device at 10.30.28.23 is not reachable. Skipping connection attempt.
[2025-02-08T01:53:20.889Z] Device at 10.30.28.23 is not reachable. Skipping connection attempt.
[2025-02-08T01:53:30.899Z] Device at 10.30.28.23 is not reachable. Skipping connection attempt.
[2025-02-08T01:53:40.906Z] Device at 10.30.28.23 is not reachable. Skipping connection attempt.
[2025-02-08T01:53:50.941Z] Device at 10.30.28.23 is not reachable. Skipping connection attempt.
[2025-02-08T01:54:00.916Z] Device at 10.30.28.23 is not reachable. Skipping connection attempt.
[2025-02-08T01:54:10.923Z] Device at 10.30.28.23 is not reachable. Skipping connection attempt.
[2025-02-08T01:54:20.928Z] Device at 10.30.28.23 is not reachable. Skipping connection attempt.
[2025-02-08T01:54:30.959Z] Device at 10.30.28.23 is not reachable. Skipping connection attempt.
[2025-02-08T01:54:40.952Z] Device at 10.30.28.23 is not reachable. Skipping connection attempt.
[2025-02-08T01:54:50.964Z] Device at 10.30.28.23 is not reachable. Skipping connection attempt.
[2025-02-08T01:55:01.022Z] Device at 10.30.28.23 is not reachable. Skipping connection attempt.
[2025-02-08T01:55:10.982Z] Device at 10.30.28.23 is not reachable. Skipping connection attempt.
[2025-02-08T01:55:20.987Z] Device at 10.30.28.23 is not reachable. Skipping connection attempt.
[2025-02-08T01:55:30.994Z] Device at 10.30.28.23 is not reachable. Skipping connection attempt.
[2025-02-08T01:55:41.039Z] Device at 10.30.28.23 is not reachable. Skipping connection attempt.
[2025-02-08T01:55:51.014Z] Device at 10.30.28.23 is not reachable. Skipping connection attempt.
[2025-02-08T01:56:01.012Z] Device at 10.30.28.23 is not reachable. Skipping connection attempt.
[2025-02-08T01:56:11.018Z] Device at 10.30.28.23 is not reachable. Skipping connection attempt.
[2025-02-08T01:56:21.036Z] Device at 10.30.28.23 is not reachable. Skipping connection attempt.
[2025-02-08T01:56:31.043Z] Device at 10.30.28.23 is not reachable. Skipping connection attempt.
[2025-02-08T01:56:41.048Z] Device at 10.30.28.23 is not reachable. Skipping connection attempt.
[2025-02-08T01:56:51.066Z] Device at 10.30.28.23 is not reachable. Skipping connection attempt.
[2025-02-08T01:57:01.060Z] Device at 10.30.28.23 is not reachable. Skipping connection attempt.
[2025-02-08T01:57:11.069Z] Device at 10.30.28.23 is not reachable. Skipping connection attempt.
[2025-02-08T01:57:21.074Z] Device at 10.30.28.23 is not reachable. Skipping connection attempt.
[2025-02-08T01:57:31.080Z] Device at 10.30.28.23 is not reachable. Skipping connection attempt.
[2025-02-08T01:57:41.089Z] Device at 10.30.28.23 is not reachable. Skipping connection attempt.
[2025-02-08T01:57:51.093Z] Device at 10.30.28.23 is not reachable. Skipping connection attempt.
[2025-02-08T01:58:01.097Z] Device at 10.30.28.23 is not reachable. Skipping connection attempt.
[2025-02-08T01:58:11.119Z] Device at 10.30.28.23 is not reachable. Skipping connection attempt.
[2025-02-08T01:58:21.130Z] Device at 10.30.28.23 is not reachable. Skipping connection attempt.
[2025-02-08T01:58:31.138Z] Device at 10.30.28.23 is not reachable. Skipping connection attempt.
[2025-02-08T01:58:41.154Z] Device at 10.30.28.23 is not reachable. Skipping connection attempt.
[2025-02-08T01:58:52.812Z] Device at 10.30.28.23 is not reachable. Skipping connection attempt.
[2025-02-08T01:59:01.151Z] Device at 10.30.28.23 is not reachable. Skipping connection attempt.
[2025-02-08T01:59:11.153Z] Device at 10.30.28.23 is not reachable. Skipping connection attempt.
[2025-02-08T01:59:21.161Z] Device at 10.30.28.23 is not reachable. Skipping connection attempt.
[2025-02-08T01:59:31.180Z] Device at 10.30.28.23 is not reachable. Skipping connection attempt.
[2025-02-08T01:59:41.224Z] Device at 10.30.28.23 is not reachable. Skipping connection attempt.
[2025-02-08T01:59:51.200Z] Device at 10.30.28.23 is not reachable. Skipping connection attempt.
[2025-02-08T02:00:01.239Z] Device at 10.30.28.23 is not reachable. Skipping connection attempt.
[2025-02-08T02:00:11.212Z] Device at 10.30.28.23 is not reachable. Skipping connection attempt.
[2025-02-08T02:00:21.212Z] Device at 10.30.28.23 is not reachable. Skipping connection attempt.
[2025-02-08T02:00:31.244Z] Device at 10.30.28.23 is not reachable. Skipping connection attempt.
[2025-02-08T02:00:41.224Z] Device at 10.30.28.23 is not reachable. Skipping connection attempt.
[2025-02-08T02:00:51.270Z] Device at 10.30.28.23 is not reachable. Skipping connection attempt.
[2025-02-08T02:01:01.237Z] Device at 10.30.28.23 is not reachable. Skipping connection attempt.
[2025-02-08T02:01:11.254Z] Device at 10.30.28.23 is not reachable. Skipping connection attempt.
[2025-02-08T02:01:21.259Z] Device at 10.30.28.23 is not reachable. Skipping connection attempt.
[2025-02-08T02:01:31.263Z] Device at 10.30.28.23 is not reachable. Skipping connection attempt.
[2025-02-08T02:01:41.312Z] Device at 10.30.28.23 is not reachable. Skipping connection attempt.
[2025-02-08T02:01:51.270Z] Device at 10.30.28.23 is not reachable. Skipping connection attempt.
[2025-02-08T02:02:01.282Z] Device at 10.30.28.23 is not reachable. Skipping connection attempt.
[2025-02-08T02:02:11.289Z] Device at 10.30.28.23 is not reachable. Skipping connection attempt.
[2025-02-08T02:02:21.297Z] Device at 10.30.28.23 is not reachable. Skipping connection attempt.
[2025-02-08T02:02:31.312Z] Device at 10.30.28.23 is not reachable. Skipping connection attempt.
[2025-02-08T02:02:41.320Z] Device at 10.30.28.23 is not reachable. Skipping connection attempt.
[2025-02-08T02:02:51.330Z] Device at 10.30.28.23 is not reachable. Skipping connection attempt.
[2025-02-08T02:03:01.334Z] Device at 10.30.28.23 is not reachable. Skipping connection attempt.
[2025-02-08T02:03:11.328Z] Device at 10.30.28.23 is not reachable. Skipping connection attempt.
[2025-02-08T02:03:21.335Z] Device at 10.30.28.23 is not reachable. Skipping connection attempt.
[2025-02-08T02:03:31.339Z] Device at 10.30.28.23 is not reachable. Skipping connection attempt.
[2025-02-08T02:03:41.359Z] Device at 10.30.28.23 is not reachable. Skipping connection attempt.
[2025-02-08T02:03:51.374Z] Device at 10.30.28.23 is not reachable. Skipping connection attempt.
[2025-02-08T02:04:01.403Z] Device at 10.30.28.23 is not reachable. Skipping connection attempt.
[2025-02-08T02:04:11.439Z] Device at 10.30.28.23 is not reachable. Skipping connection attempt.
[2025-02-08T02:04:21.434Z] Device at 10.30.28.23 is not reachable. Skipping connection attempt.
[2025-02-08T02:04:31.411Z] Device at 10.30.28.23 is not reachable. Skipping connection attempt.
[2025-02-08T02:04:41.409Z] Device at 10.30.28.23 is not reachable. Skipping connection attempt.
[2025-02-08T02:04:51.418Z] Device at 10.30.28.23 is not reachable. Skipping connection attempt.
[2025-02-08T02:05:01.410Z] Device at 10.30.28.23 is not reachable. Skipping connection attempt.
[2025-02-08T02:05:11.417Z] Device at 10.30.28.23 is not reachable. Skipping connection attempt.
[2025-02-08T02:05:21.423Z] Device at 10.30.28.23 is not reachable. Skipping connection attempt.
[2025-02-08T02:05:31.439Z] Device at 10.30.28.23 is not reachable. Skipping connection attempt.
[2025-02-08T02:05:41.446Z] Device at 10.30.28.23 is not reachable. Skipping connection attempt.
[2025-02-08T02:05:51.451Z] Device at 10.30.28.23 is not reachable. Skipping connection attempt.
[2025-02-08T02:06:01.467Z] Device at 10.30.28.23 is not reachable. Skipping connection attempt.
[2025-02-08T02:06:11.493Z] Device at 10.30.28.23 is not reachable. Skipping connection attempt.
[2025-02-08T02:06:21.498Z] Device at 10.30.28.23 is not reachable. Skipping connection attempt.
[2025-02-08T02:06:31.497Z] Device at 10.30.28.23 is not reachable. Skipping connection attempt.
[2025-02-08T02:06:41.504Z] Device at 10.30.28.23 is not reachable. Skipping connection attempt.
[2025-02-08T02:06:51.525Z] Device at 10.30.28.23 is not reachable. Skipping connection attempt.
[2025-02-08T02:07:01.508Z] Device at 10.30.28.23 is not reachable. Skipping connection attempt.
[2025-02-08T02:07:11.522Z] Device at 10.30.28.23 is not reachable. Skipping connection attempt.
[2025-02-08T02:07:21.531Z] Device at 10.30.28.23 is not reachable. Skipping connection attempt.
[2025-02-08T02:07:31.537Z] Device at 10.30.28.23 is not reachable. Skipping connection attempt.
[2025-02-08T02:07:41.544Z] Device at 10.30.28.23 is not reachable. Skipping connection attempt.
[2025-02-08T02:07:51.560Z] Device at 10.30.28.23 is not reachable. Skipping connection attempt.
[2025-02-08T02:08:01.566Z] Device at 10.30.28.23 is not reachable. Skipping connection attempt.
[2025-02-08T02:08:11.574Z] Device at 10.30.28.23 is not reachable. Skipping connection attempt.
[2025-02-08T02:08:21.569Z] Device at 10.30.28.23 is not reachable. Skipping connection attempt.
[2025-02-08T02:08:31.588Z] Device at 10.30.28.23 is not reachable. Skipping connection attempt.
[2025-02-08T02:08:41.581Z] Device at 10.30.28.23 is not reachable. Skipping connection attempt.
[2025-02-08T02:08:51.588Z] Device at 10.30.28.23 is not reachable. Skipping connection attempt.
[2025-02-08T02:09:01.604Z] Device at 10.30.28.23 is not reachable. Skipping connection attempt.
[2025-02-08T02:09:11.640Z] Device at 10.30.28.23 is not reachable. Skipping connection attempt.
[2025-02-08T02:09:21.616Z] Device at 10.30.28.23 is not reachable. Skipping connection attempt.
[2025-02-08T02:09:31.634Z] Device at 10.30.28.23 is not reachable. Skipping connection attempt.
[2025-02-08T02:09:41.638Z] Device at 10.30.28.23 is not reachable. Skipping connection attempt.
[2025-02-08T02:09:51.667Z] Device at 10.30.28.23 is not reachable. Skipping connection attempt.
[2025-02-08T02:10:01.661Z] Device at 10.30.28.23 is not reachable. Skipping connection attempt.
[2025-02-08T02:10:11.672Z] Device at 10.30.28.23 is not reachable. Skipping connection attempt.
[2025-02-08T02:10:21.665Z] Device at 10.30.28.23 is not reachable. Skipping connection attempt.
[2025-02-08T02:10:31.674Z] Device at 10.30.28.23 is not reachable. Skipping connection attempt.
[2025-02-08T02:10:41.688Z] Device at 10.30.28.23 is not reachable. Skipping connection attempt.
[2025-02-08T02:10:51.686Z] Device at 10.30.28.23 is not reachable. Skipping connection attempt.
[2025-02-08T02:11:01.699Z] Device at 10.30.28.23 is not reachable. Skipping connection attempt.
[2025-02-08T02:11:11.701Z] Device at 10.30.28.23 is not reachable. Skipping connection attempt.
[2025-02-08T02:11:21.722Z] Device at 10.30.28.23 is not reachable. Skipping connection attempt.
[2025-02-08T02:11:31.721Z] Device at 10.30.28.23 is not reachable. Skipping connection attempt.
[2025-02-08T02:11:41.767Z] Device at 10.30.28.23 is not reachable. Skipping connection attempt.
[2025-02-08T02:11:51.769Z] Device at 10.30.28.23 is not reachable. Skipping connection attempt.
[2025-02-08T02:12:01.739Z] Device at 10.30.28.23 is not reachable. Skipping connection attempt.
[2025-02-08T02:12:11.736Z] Device at 10.30.28.23 is not reachable. Skipping connection attempt.
[2025-02-08T02:12:21.754Z] Device at 10.30.28.23 is not reachable. Skipping connection attempt.
[2025-02-08T02:12:31.759Z] Device at 10.30.28.23 is not reachable. Skipping connection attempt.
[2025-02-08T02:12:41.764Z] Device at 10.30.28.23 is not reachable. Skipping connection attempt.
[2025-02-08T02:12:51.773Z] Device at 10.30.28.23 is not reachable. Skipping connection attempt.
[2025-02-08T02:13:01.777Z] Device at 10.30.28.23 is not reachable. Skipping connection attempt.
[2025-02-08T02:13:11.777Z] Device at 10.30.28.23 is not reachable. Skipping connection attempt.
[2025-02-08T02:13:21.791Z] Device at 10.30.28.23 is not reachable. Skipping connection attempt.
[2025-02-08T02:13:31.800Z] Device at 10.30.28.23 is not reachable. Skipping connection attempt.
[2025-02-08T02:13:41.794Z] Device at 10.30.28.23 is not reachable. Skipping connection attempt.
[2025-02-08T02:13:51.830Z] Device at 10.30.28.23 is not reachable. Skipping connection attempt.
[2025-02-08T02:14:01.808Z] Device at 10.30.28.23 is not reachable. Skipping connection attempt.
[2025-02-08T02:14:11.822Z] Device at 10.30.28.23 is not reachable. Skipping connection attempt.
[2025-02-08T02:14:21.819Z] Device at 10.30.28.23 is not reachable. Skipping connection attempt.
[2025-02-08T02:14:31.855Z] Device at 10.30.28.23 is not reachable. Skipping connection attempt.
[2025-02-08T02:14:41.825Z] Device at 10.30.28.23 is not reachable. Skipping connection attempt.
[2025-02-08T02:14:51.869Z] Device at 10.30.28.23 is not reachable. Skipping connection attempt.
[2025-02-08T02:15:01.875Z] Device at 10.30.28.23 is not reachable. Skipping connection attempt.
[2025-02-08T02:15:11.883Z] Device at 10.30.28.23 is not reachable. Skipping connection attempt.
[2025-02-08T02:15:21.859Z] Device at 10.30.28.23 is not reachable. Skipping connection attempt.
[2025-02-08T02:15:31.873Z] Device at 10.30.28.23 is not reachable. Skipping connection attempt.
[2025-02-08T02:15:41.872Z] Device at 10.30.28.23 is not reachable. Skipping connection attempt.
[2025-02-08T02:15:51.883Z] Device at 10.30.28.23 is not reachable. Skipping connection attempt.
[2025-02-08T02:16:01.890Z] Device at 10.30.28.23 is not reachable. Skipping connection attempt.
[2025-02-08T02:16:11.890Z] Device at 10.30.28.23 is not reachable. Skipping connection attempt.
[2025-02-08T02:16:21.907Z] Device at 10.30.28.23 is not reachable. Skipping connection attempt.
[2025-02-08T02:16:31.913Z] Device at 10.30.28.23 is not reachable. Skipping connection attempt.
[2025-02-08T02:16:41.961Z] Device at 10.30.28.23 is not reachable. Skipping connection attempt.
[2025-02-08T02:16:51.968Z] Device at 10.30.28.23 is not reachable. Skipping connection attempt.
[2025-02-08T02:17:01.949Z] Device at 10.30.28.23 is not reachable. Skipping connection attempt.
[2025-02-08T02:17:11.952Z] Device at 10.30.28.23 is not reachable. Skipping connection attempt.
[2025-02-08T02:17:21.963Z] Device at 10.30.28.23 is not reachable. Skipping connection attempt.
[2025-02-08T02:17:31.964Z] Device at 10.30.28.23 is not reachable. Skipping connection attempt.
[2025-02-08T02:17:41.990Z] Device at 10.30.28.23 is not reachable. Skipping connection attempt.
[2025-02-08T02:17:51.985Z] Device at 10.30.28.23 is not reachable. Skipping connection attempt.
[2025-02-08T02:18:01.996Z] Device at 10.30.28.23 is not reachable. Skipping connection attempt.
[2025-02-08T02:18:12.000Z] Device at 10.30.28.23 is not reachable. Skipping connection attempt.
[2025-02-08T02:18:22.009Z] Device at 10.30.28.23 is not reachable. Skipping connection attempt.
[2025-02-08T02:18:32.019Z] Device at 10.30.28.23 is not reachable. Skipping connection attempt.
[2025-02-08T02:18:42.037Z] Device at 10.30.28.23 is not reachable. Skipping connection attempt.
[2025-02-08T02:18:52.065Z] Device at 10.30.28.23 is not reachable. Skipping connection attempt.
[2025-02-08T02:19:02.069Z] Device at 10.30.28.23 is not reachable. Skipping connection attempt.
[2025-02-08T02:19:12.048Z] Device at 10.30.28.23 is not reachable. Skipping connection attempt.
[2025-02-08T02:19:22.093Z] Device at 10.30.28.23 is not reachable. Skipping connection attempt.
[2025-02-08T02:19:32.076Z] Device at 10.30.28.23 is not reachable. Skipping connection attempt.
[2025-02-08T02:19:42.096Z] Device at 10.30.28.23 is not reachable. Skipping connection attempt.
[2025-02-08T02:19:52.091Z] Device at 10.30.28.23 is not reachable. Skipping connection attempt.
[2025-02-08T02:20:02.089Z] Device at 10.30.28.23 is not reachable. Skipping connection attempt.
[2025-02-08T02:20:12.095Z] Device at 10.30.28.23 is not reachable. Skipping connection attempt.
[2025-02-08T02:20:22.107Z] Device at 10.30.28.23 is not reachable. Skipping connection attempt.
[2025-02-08T02:20:32.109Z] Device at 10.30.28.23 is not reachable. Skipping connection attempt.
[2025-02-08T02:20:42.113Z] Device at 10.30.28.23 is not reachable. Skipping connection attempt.
[2025-02-08T02:20:52.132Z] Device at 10.30.28.23 is not reachable. Skipping connection attempt.
[2025-02-08T02:21:02.136Z] Device at 10.30.28.23 is not reachable. Skipping connection attempt.
[2025-02-08T02:21:12.154Z] Device at 10.30.28.23 is not reachable. Skipping connection attempt.
[2025-02-08T02:21:22.152Z] Device at 10.30.28.23 is not reachable. Skipping connection attempt.
[2025-02-08T02:21:32.165Z] Device at 10.30.28.23 is not reachable. Skipping connection attempt.
[2025-02-08T02:21:42.201Z] Device at 10.30.28.23 is not reachable. Skipping connection attempt.
[2025-02-08T02:21:52.186Z] Device at 10.30.28.23 is not reachable. Skipping connection attempt.
[2025-02-08T02:22:02.195Z] Device at 10.30.28.23 is not reachable. Skipping connection attempt.
[2025-02-08T02:22:12.241Z] Device at 10.30.28.23 is not reachable. Skipping connection attempt.
[2025-02-08T02:22:22.213Z] Device at 10.30.28.23 is not reachable. Skipping connection attempt.
[2025-02-08T02:22:32.216Z] Device at 10.30.28.23 is not reachable. Skipping connection attempt.
[2025-02-08T02:22:42.224Z] Device at 10.30.28.23 is not reachable. Skipping connection attempt.
[2025-02-08T02:22:52.243Z] Device at 10.30.28.23 is not reachable. Skipping connection attempt.
[2025-02-08T02:23:02.246Z] Device at 10.30.28.23 is not reachable. Skipping connection attempt.
[2025-02-08T02:23:12.261Z] Device at 10.30.28.23 is not reachable. Skipping connection attempt.
[2025-02-08T02:23:22.277Z] Device at 10.30.28.23 is not reachable. Skipping connection attempt.
[2025-02-08T02:23:32.276Z] Device at 10.30.28.23 is not reachable. Skipping connection attempt.
[2025-02-08T02:23:42.269Z] Device at 10.30.28.23 is not reachable. Skipping connection attempt.
[2025-02-08T02:23:52.279Z] Device at 10.30.28.23 is not reachable. Skipping connection attempt.
[2025-02-08T02:24:02.283Z] Device at 10.30.28.23 is not reachable. Skipping connection attempt.
[2025-02-08T02:24:12.278Z] Device at 10.30.28.23 is not reachable. Skipping connection attempt.
[2025-02-08T02:24:22.299Z] Device at 10.30.28.23 is not reachable. Skipping connection attempt.
[2025-02-08T02:24:32.303Z] Device at 10.30.28.23 is not reachable. Skipping connection attempt.
[2025-02-08T02:24:42.308Z] Device at 10.30.28.23 is not reachable. Skipping connection attempt.
[2025-02-08T02:24:52.336Z] Device at 10.30.28.23 is not reachable. Skipping connection attempt.
[2025-02-08T02:25:02.332Z] Device at 10.30.28.23 is not reachable. Skipping connection attempt.
[2025-02-08T02:25:12.340Z] Device at 10.30.28.23 is not reachable. Skipping connection attempt.
[2025-02-08T02:25:22.346Z] Device at 10.30.28.23 is not reachable. Skipping connection attempt.
[2025-02-08T02:25:32.370Z] Device at 10.30.28.23 is not reachable. Skipping connection attempt.
[2025-02-08T02:25:42.357Z] Device at 10.30.28.23 is not reachable. Skipping connection attempt.
[2025-02-08T02:25:52.362Z] Device at 10.30.28.23 is not reachable. Skipping connection attempt.
[2025-02-08T02:26:02.399Z] Device at 10.30.28.23 is not reachable. Skipping connection attempt.
[2025-02-08T02:26:12.395Z] Device at 10.30.28.23 is not reachable. Skipping connection attempt.
[2025-02-08T02:26:22.386Z] Device at 10.30.28.23 is not reachable. Skipping connection attempt.
[2025-02-08T02:26:32.398Z] Device at 10.30.28.23 is not reachable. Skipping connection attempt.
[2025-02-08T02:26:42.398Z] Device at 10.30.28.23 is not reachable. Skipping connection attempt.
[2025-02-08T02:26:52.391Z] Device at 10.30.28.23 is not reachable. Skipping connection attempt.
[2025-02-08T02:27:02.397Z] Device at 10.30.28.23 is not reachable. Skipping connection attempt.
[2025-02-08T02:27:12.434Z] Device at 10.30.28.23 is not reachable. Skipping connection attempt.
[2025-02-08T02:27:22.410Z] Device at 10.30.28.23 is not reachable. Skipping connection attempt.
[2025-02-08T02:27:32.417Z] Device at 10.30.28.23 is not reachable. Skipping connection attempt.
[2025-02-08T02:27:42.426Z] Device at 10.30.28.23 is not reachable. Skipping connection attempt.
[2025-02-08T02:27:52.429Z] Device at 10.30.28.23 is not reachable. Skipping connection attempt.
[2025-02-08T02:28:02.439Z] Device at 10.30.28.23 is not reachable. Skipping connection attempt.
[2025-02-08T02:28:12.463Z] Device at 10.30.28.23 is not reachable. Skipping connection attempt.
[2025-02-08T02:28:22.460Z] Device at 10.30.28.23 is not reachable. Skipping connection attempt.
[2025-02-08T02:28:32.466Z] Device at 10.30.28.23 is not reachable. Skipping connection attempt.
[2025-02-08T02:28:42.461Z] Device at 10.30.28.23 is not reachable. Skipping connection attempt.
[2025-02-08T02:28:52.507Z] Device at 10.30.28.23 is not reachable. Skipping connection attempt.
[2025-02-08T02:29:02.496Z] Device at 10.30.28.23 is not reachable. Skipping connection attempt.
[2025-02-08T02:29:12.474Z] Device at 10.30.28.23 is not reachable. Skipping connection attempt.
[2025-02-08T02:29:22.467Z] Device at 10.30.28.23 is not reachable. Skipping connection attempt.
[2025-02-08T02:29:32.473Z] Device at 10.30.28.23 is not reachable. Skipping connection attempt.
[2025-02-08T02:29:42.523Z] Device at 10.30.28.23 is not reachable. Skipping connection attempt.
[2025-02-08T02:29:52.487Z] Device at 10.30.28.23 is not reachable. Skipping connection attempt.
[2025-02-08T02:30:02.491Z] Device at 10.30.28.23 is not reachable. Skipping connection attempt.
[2025-02-08T02:30:12.489Z] Device at 10.30.28.23 is not reachable. Skipping connection attempt.
[2025-02-08T02:30:22.506Z] Device at 10.30.28.23 is not reachable. Skipping connection attempt.
[2025-02-08T02:30:32.507Z] Device at 10.30.28.23 is not reachable. Skipping connection attempt.
[2025-02-08T02:30:42.524Z] Device at 10.30.28.23 is not reachable. Skipping connection attempt.
[2025-02-08T02:30:52.524Z] Device at 10.30.28.23 is not reachable. Skipping connection attempt.
[2025-02-08T02:31:02.531Z] Device at 10.30.28.23 is not reachable. Skipping connection attempt.
[2025-02-08T02:31:12.546Z] Device at 10.30.28.23 is not reachable. Skipping connection attempt.
[2025-02-08T02:31:22.543Z] Device at 10.30.28.23 is not reachable. Skipping connection attempt.
[2025-02-08T02:31:32.548Z] Device at 10.30.28.23 is not reachable. Skipping connection attempt.
[2025-02-08T02:31:42.545Z] Device at 10.30.28.23 is not reachable. Skipping connection attempt.
[2025-02-08T02:31:52.556Z] Device at 10.30.28.23 is not reachable. Skipping connection attempt.
[2025-02-08T02:32:02.570Z] Device at 10.30.28.23 is not reachable. Skipping connection attempt.
[2025-02-08T02:32:12.577Z] Device at 10.30.28.23 is not reachable. Skipping connection attempt.
[2025-02-08T02:32:22.577Z] Device at 10.30.28.23 is not reachable. Skipping connection attempt.
[2025-02-08T02:32:32.597Z] Device at 10.30.28.23 is not reachable. Skipping connection attempt.
[2025-02-08T02:32:42.603Z] Device at 10.30.28.23 is not reachable. Skipping connection attempt.
[2025-02-08T02:32:52.605Z] Device at 10.30.28.23 is not reachable. Skipping connection attempt.
[2025-02-08T02:33:02.607Z] Device at 10.30.28.23 is not reachable. Skipping connection attempt.
[2025-02-08T02:33:12.619Z] Device at 10.30.28.23 is not reachable. Skipping connection attempt.
[2025-02-08T02:33:22.624Z] Device at 10.30.28.23 is not reachable. Skipping connection attempt.
[2025-02-08T02:33:32.640Z] Device at 10.30.28.23 is not reachable. Skipping connection attempt.
[2025-02-08T02:33:42.646Z] Device at 10.30.28.23 is not reachable. Skipping connection attempt.
[2025-02-08T02:33:52.641Z] Device at 10.30.28.23 is not reachable. Skipping connection attempt.
[2025-02-08T02:34:02.658Z] Device at 10.30.28.23 is not reachable. Skipping connection attempt.
[2025-02-08T02:34:12.673Z] Device at 10.30.28.23 is not reachable. Skipping connection attempt.
[2025-02-08T02:34:22.661Z] Device at 10.30.28.23 is not reachable. Skipping connection attempt.
[2025-02-08T02:34:32.691Z] Device at 10.30.28.23 is not reachable. Skipping connection attempt.
[2025-02-08T02:34:42.686Z] Device at 10.30.28.23 is not reachable. Skipping connection attempt.
[2025-02-08T02:34:52.693Z] Device at 10.30.28.23 is not reachable. Skipping connection attempt.
[2025-02-08T02:35:02.707Z] Device at 10.30.28.23 is not reachable. Skipping connection attempt.
[2025-02-08T02:35:12.714Z] Device at 10.30.28.23 is not reachable. Skipping connection attempt.
[2025-02-08T02:35:22.730Z] Device at 10.30.28.23 is not reachable. Skipping connection attempt.
[2025-02-08T02:35:32.733Z] Device at 10.30.28.23 is not reachable. Skipping connection attempt.
[2025-02-08T02:35:42.730Z] Device at 10.30.28.23 is not reachable. Skipping connection attempt.
[2025-02-08T02:35:52.770Z] Device at 10.30.28.23 is not reachable. Skipping connection attempt.
[2025-02-08T02:36:02.743Z] Device at 10.30.28.23 is not reachable. Skipping connection attempt.
[2025-02-08T02:36:12.763Z] Device at 10.30.28.23 is not reachable. Skipping connection attempt.
[2025-02-08T02:36:22.787Z] Device at 10.30.28.23 is not reachable. Skipping connection attempt.
[2025-02-08T02:36:32.785Z] Device at 10.30.28.23 is not reachable. Skipping connection attempt.
[2025-02-08T02:36:42.787Z] Device at 10.30.28.23 is not reachable. Skipping connection attempt.
[2025-02-08T02:36:52.798Z] Device at 10.30.28.23 is not reachable. Skipping connection attempt.
[2025-02-08T02:37:02.810Z] Device at 10.30.28.23 is not reachable. Skipping connection attempt.
[2025-02-08T02:37:12.818Z] Device at 10.30.28.23 is not reachable. Skipping connection attempt.
[2025-02-08T02:37:22.827Z] Device at 10.30.28.23 is not reachable. Skipping connection attempt.
[2025-02-08T02:37:32.842Z] Device at 10.30.28.23 is not reachable. Skipping connection attempt.
[2025-02-08T02:37:42.861Z] Device at 10.30.28.23 is not reachable. Skipping connection attempt.
[2025-02-08T02:37:52.884Z] Device at 10.30.28.23 is not reachable. Skipping connection attempt.
[2025-02-08T02:38:02.875Z] Device at 10.30.28.23 is not reachable. Skipping connection attempt.
[2025-02-08T02:38:12.884Z] Device at 10.30.28.23 is not reachable. Skipping connection attempt.
[2025-02-08T02:38:22.932Z] Device at 10.30.28.23 is not reachable. Skipping connection attempt.
[2025-02-08T02:38:32.925Z] Device at 10.30.28.23 is not reachable. Skipping connection attempt.
[2025-02-08T02:38:42.926Z] Device at 10.30.28.23 is not reachable. Skipping connection attempt.
[2025-02-08T02:38:52.915Z] Device at 10.30.28.23 is not reachable. Skipping connection attempt.
[2025-02-08T02:39:02.925Z] Device at 10.30.28.23 is not reachable. Skipping connection attempt.
[2025-02-08T02:39:12.937Z] Device at 10.30.28.23 is not reachable. Skipping connection attempt.
[2025-02-08T02:39:22.943Z] Device at 10.30.28.23 is not reachable. Skipping connection attempt.
[2025-02-08T02:39:32.954Z] Device at 10.30.28.23 is not reachable. Skipping connection attempt.
[2025-02-08T02:39:42.956Z] Device at 10.30.28.23 is not reachable. Skipping connection attempt.
[2025-02-08T02:39:52.964Z] Device at 10.30.28.23 is not reachable. Skipping connection attempt.
[2025-02-08T02:40:02.969Z] Device at 10.30.28.23 is not reachable. Skipping connection attempt.
[2025-02-08T02:40:12.974Z] Device at 10.30.28.23 is not reachable. Skipping connection attempt.
[2025-02-08T02:40:22.980Z] Device at 10.30.28.23 is not reachable. Skipping connection attempt.
[2025-02-08T02:40:33.009Z] Device at 10.30.28.23 is not reachable. Skipping connection attempt.
[2025-02-08T02:40:43.042Z] Device at 10.30.28.23 is not reachable. Skipping connection attempt.
[2025-02-08T02:40:53.030Z] Device at 10.30.28.23 is not reachable. Skipping connection attempt.
[2025-02-08T02:41:03.030Z] Device at 10.30.28.23 is not reachable. Skipping connection attempt.
[2025-02-08T02:41:13.043Z] Device at 10.30.28.23 is not reachable. Skipping connection attempt.
[2025-02-08T02:41:23.042Z] Device at 10.30.28.23 is not reachable. Skipping connection attempt.
[2025-02-08T02:41:33.048Z] Device at 10.30.28.23 is not reachable. Skipping connection attempt.
[2025-02-08T02:41:43.080Z] Device at 10.30.28.23 is not reachable. Skipping connection attempt.
[2025-02-08T02:41:53.066Z] Device at 10.30.28.23 is not reachable. Skipping connection attempt.
[2025-02-08T02:42:03.077Z] Device at 10.30.28.23 is not reachable. Skipping connection attempt.
[2025-02-08T02:42:13.071Z] Device at 10.30.28.23 is not reachable. Skipping connection attempt.
[2025-02-08T02:42:23.090Z] Device at 10.30.28.23 is not reachable. Skipping connection attempt.
[2025-02-08T02:42:33.103Z] Device at 10.30.28.23 is not reachable. Skipping connection attempt.
[2025-02-08T02:42:43.102Z] Device at 10.30.28.23 is not reachable. Skipping connection attempt.
[2025-02-08T02:42:53.122Z] Device at 10.30.28.23 is not reachable. Skipping connection attempt.
[2025-02-08T02:43:03.137Z] Device at 10.30.28.23 is not reachable. Skipping connection attempt.
[2025-02-08T02:43:13.149Z] Device at 10.30.28.23 is not reachable. Skipping connection attempt.
[2025-02-08T02:43:23.159Z] Device at 10.30.28.23 is not reachable. Skipping connection attempt.
[2025-02-08T02:43:33.169Z] Device at 10.30.28.23 is not reachable. Skipping connection attempt.
[2025-02-08T02:43:43.202Z] Device at 10.30.28.23 is not reachable. Skipping connection attempt.
[2025-02-08T02:43:53.178Z] Device at 10.30.28.23 is not reachable. Skipping connection attempt.
[2025-02-08T02:44:03.217Z] Device at 10.30.28.23 is not reachable. Skipping connection attempt.
[2025-02-08T02:44:13.233Z] Device at 10.30.28.23 is not reachable. Skipping connection attempt.
[2025-02-08T02:44:23.197Z] Device at 10.30.28.23 is not reachable. Skipping connection attempt.
[2025-02-08T02:44:33.202Z] Device at 10.30.28.23 is not reachable. Skipping connection attempt.
[2025-02-08T02:44:43.202Z] Device at 10.30.28.23 is not reachable. Skipping connection attempt.
[2025-02-08T02:44:53.207Z] Device at 10.30.28.23 is not reachable. Skipping connection attempt.
[2025-02-08T02:45:03.223Z] Device at 10.30.28.23 is not reachable. Skipping connection attempt.
[2025-02-08T02:45:13.222Z] Device at 10.30.28.23 is not reachable. Skipping connection attempt.
[2025-02-08T02:45:23.231Z] Device at 10.30.28.23 is not reachable. Skipping connection attempt.
[2025-02-08T02:45:33.243Z] Device at 10.30.28.23 is not reachable. Skipping connection attempt.
[2025-02-08T02:45:43.240Z] Device at 10.30.28.23 is not reachable. Skipping connection attempt.
[2025-02-08T02:45:53.277Z] Device at 10.30.28.23 is not reachable. Skipping connection attempt.
[2025-02-08T02:46:03.261Z] Device at 10.30.28.23 is not reachable. Skipping connection attempt.
[2025-02-08T02:46:13.268Z] Device at 10.30.28.23 is not reachable. Skipping connection attempt.
[2025-02-08T02:46:23.286Z] Device at 10.30.28.23 is not reachable. Skipping connection attempt.
[2025-02-08T02:46:33.283Z] Device at 10.30.28.23 is not reachable. Skipping connection attempt.
[2025-02-08T02:46:43.294Z] Device at 10.30.28.23 is not reachable. Skipping connection attempt.
[2025-02-08T02:46:53.294Z] Device at 10.30.28.23 is not reachable. Skipping connection attempt.
[2025-02-08T02:47:03.313Z] Device at 10.30.28.23 is not reachable. Skipping connection attempt.
[2025-02-08T02:47:13.331Z] Device at 10.30.28.23 is not reachable. Skipping connection attempt.
[2025-02-08T02:47:23.322Z] Device at 10.30.28.23 is not reachable. Skipping connection attempt.
[2025-02-08T02:47:33.338Z] Device at 10.30.28.23 is not reachable. Skipping connection attempt.
[2025-02-08T02:47:43.348Z] Device at 10.30.28.23 is not reachable. Skipping connection attempt.
[2025-02-08T02:47:53.380Z] Device at 10.30.28.23 is not reachable. Skipping connection attempt.
[2025-02-08T02:48:03.339Z] Device at 10.30.28.23 is not reachable. Skipping connection attempt.
[2025-02-08T02:48:13.347Z] Device at 10.30.28.23 is not reachable. Skipping connection attempt.
[2025-02-08T02:48:23.365Z] Device at 10.30.28.23 is not reachable. Skipping connection attempt.
[2025-02-08T02:48:33.367Z] Device at 10.30.28.23 is not reachable. Skipping connection attempt.
[2025-02-08T02:48:43.387Z] Device at 10.30.28.23 is not reachable. Skipping connection attempt.
[2025-02-08T02:48:53.386Z] Device at 10.30.28.23 is not reachable. Skipping connection attempt.
[2025-02-08T02:49:03.388Z] Device at 10.30.28.23 is not reachable. Skipping connection attempt.
[2025-02-08T02:49:13.407Z] Device at 10.30.28.23 is not reachable. Skipping connection attempt.
[2025-02-08T02:49:23.414Z] Device at 10.30.28.23 is not reachable. Skipping connection attempt.
[2025-02-08T02:49:33.418Z] Device at 10.30.28.23 is not reachable. Skipping connection attempt.
[2025-02-08T02:49:43.457Z] Device at 10.30.28.23 is not reachable. Skipping connection attempt.
[2025-02-08T02:49:53.428Z] Device at 10.30.28.23 is not reachable. Skipping connection attempt.
[2025-02-08T02:50:03.457Z] Device at 10.30.28.23 is not reachable. Skipping connection attempt.
[2025-02-08T02:50:13.464Z] Device at 10.30.28.23 is not reachable. Skipping connection attempt.
[2025-02-08T02:50:23.482Z] Device at 10.30.28.23 is not reachable. Skipping connection attempt.
[2025-02-08T02:50:33.444Z] Device at 10.30.28.23 is not reachable. Skipping connection attempt.
[2025-02-08T02:50:43.450Z] Device at 10.30.28.23 is not reachable. Skipping connection attempt.
[2025-02-08T02:50:53.455Z] Device at 10.30.28.23 is not reachable. Skipping connection attempt.
[2025-02-08T02:51:03.464Z] Device at 10.30.28.23 is not reachable. Skipping connection attempt.
[2025-02-08T02:51:13.473Z] Device at 10.30.28.23 is not reachable. Skipping connection attempt.
[2025-02-08T02:51:23.478Z] Device at 10.30.28.23 is not reachable. Skipping connection attempt.
[2025-02-08T02:51:33.476Z] Device at 10.30.28.23 is not reachable. Skipping connection attempt.
[2025-02-08T02:51:43.492Z] Device at 10.30.28.23 is not reachable. Skipping connection attempt.
[2025-02-08T02:51:53.494Z] Device at 10.30.28.23 is not reachable. Skipping connection attempt.
[2025-02-08T02:52:03.503Z] Device at 10.30.28.23 is not reachable. Skipping connection attempt.
[2025-02-08T02:52:13.517Z] Device at 10.30.28.23 is not reachable. Skipping connection attempt.
[2025-02-08T02:52:23.566Z] Device at 10.30.28.23 is not reachable. Skipping connection attempt.
[2025-02-08T02:52:33.530Z] Device at 10.30.28.23 is not reachable. Skipping connection attempt.
[2025-02-08T02:52:43.541Z] Device at 10.30.28.23 is not reachable. Skipping connection attempt.
[2025-02-08T02:52:53.555Z] Device at 10.30.28.23 is not reachable. Skipping connection attempt.
[2025-02-08T02:53:03.567Z] Device at 10.30.28.23 is not reachable. Skipping connection attempt.
[2025-02-08T02:53:13.561Z] Device at 10.30.28.23 is not reachable. Skipping connection attempt.
[2025-02-08T02:53:23.566Z] Device at 10.30.28.23 is not reachable. Skipping connection attempt.
[2025-02-08T02:53:33.571Z] Device at 10.30.28.23 is not reachable. Skipping connection attempt.
[2025-02-08T02:53:43.579Z] Device at 10.30.28.23 is not reachable. Skipping connection attempt.
[2025-02-08T02:53:53.641Z] Device at 10.30.28.23 is not reachable. Skipping connection attempt.
[2025-02-08T02:54:03.591Z] Device at 10.30.28.23 is not reachable. Skipping connection attempt.
[2025-02-08T02:54:13.598Z] Device at 10.30.28.23 is not reachable. Skipping connection attempt.
[2025-02-08T02:54:23.603Z] Device at 10.30.28.23 is not reachable. Skipping connection attempt.
[2025-02-08T02:54:33.612Z] Device at 10.30.28.23 is not reachable. Skipping connection attempt.
[2025-02-08T02:54:43.610Z] Device at 10.30.28.23 is not reachable. Skipping connection attempt.
[2025-02-08T02:54:53.611Z] Device at 10.30.28.23 is not reachable. Skipping connection attempt.
[2025-02-08T02:55:03.657Z] Device at 10.30.28.23 is not reachable. Skipping connection attempt.
[2025-02-08T02:55:13.635Z] Device at 10.30.28.23 is not reachable. Skipping connection attempt.
[2025-02-08T02:55:23.644Z] Device at 10.30.28.23 is not reachable. Skipping connection attempt.
[2025-02-08T02:55:33.647Z] Device at 10.30.28.23 is not reachable. Skipping connection attempt.
[2025-02-08T02:55:43.664Z] Device at 10.30.28.23 is not reachable. Skipping connection attempt.
[2025-02-08T02:55:53.660Z] Device at 10.30.28.23 is not reachable. Skipping connection attempt.
[2025-02-08T02:56:03.669Z] Device at 10.30.28.23 is not reachable. Skipping connection attempt.
[2025-02-08T02:56:13.685Z] Device at 10.30.28.23 is not reachable. Skipping connection attempt.
[2025-02-08T02:56:23.733Z] Device at 10.30.28.23 is not reachable. Skipping connection attempt.
[2025-02-08T02:56:33.740Z] Device at 10.30.28.23 is not reachable. Skipping connection attempt.
[2025-02-08T02:56:43.706Z] Device at 10.30.28.23 is not reachable. Skipping connection attempt.
[2025-02-08T02:56:53.709Z] Device at 10.30.28.23 is not reachable. Skipping connection attempt.
[2025-02-08T02:57:03.728Z] Device at 10.30.28.23 is not reachable. Skipping connection attempt.
[2025-02-08T02:57:13.733Z] Device at 10.30.28.23 is not reachable. Skipping connection attempt.
[2025-02-08T02:57:23.750Z] Device at 10.30.28.23 is not reachable. Skipping connection attempt.
[2025-02-08T02:57:33.745Z] Device at 10.30.28.23 is not reachable. Skipping connection attempt.
[2025-02-08T02:57:43.762Z] Device at 10.30.28.23 is not reachable. Skipping connection attempt.
[2025-02-08T02:57:53.781Z] Device at 10.30.28.23 is not reachable. Skipping connection attempt.
[2025-02-08T02:58:03.775Z] Device at 10.30.28.23 is not reachable. Skipping connection attempt.
[2025-02-08T02:58:13.823Z] Device at 10.30.28.23 is not reachable. Skipping connection attempt.
[2025-02-08T02:58:23.799Z] Device at 10.30.28.23 is not reachable. Skipping connection attempt.
[2025-02-08T02:58:33.802Z] Device at 10.30.28.23 is not reachable. Skipping connection attempt.
[2025-02-08T02:58:43.815Z] Device at 10.30.28.23 is not reachable. Skipping connection attempt.
[2025-02-08T02:58:53.819Z] Device at 10.30.28.23 is not reachable. Skipping connection attempt.
[2025-02-08T02:59:03.838Z] Device at 10.30.28.23 is not reachable. Skipping connection attempt.
[2025-02-08T02:59:13.841Z] Device at 10.30.28.23 is not reachable. Skipping connection attempt.
[2025-02-08T02:59:23.837Z] Device at 10.30.28.23 is not reachable. Skipping connection attempt.
[2025-02-08T02:59:33.845Z] Device at 10.30.28.23 is not reachable. Skipping connection attempt.
[2025-02-08T02:59:43.861Z] Device at 10.30.28.23 is not reachable. Skipping connection attempt.
[2025-02-08T02:59:53.878Z] Device at 10.30.28.23 is not reachable. Skipping connection attempt.
[2025-02-08T03:00:03.874Z] Device at 10.30.28.23 is not reachable. Skipping connection attempt.
[2025-02-08T03:00:13.889Z] Device at 10.30.28.23 is not reachable. Skipping connection attempt.
[2025-02-08T03:00:23.896Z] Device at 10.30.28.23 is not reachable. Skipping connection attempt.
[2025-02-08T03:00:33.892Z] Device at 10.30.28.23 is not reachable. Skipping connection attempt.
[2025-02-08T03:00:43.909Z] Device at 10.30.28.23 is not reachable. Skipping connection attempt.
[2025-02-08T03:00:53.948Z] Device at 10.30.28.23 is not reachable. Skipping connection attempt.
[2025-02-08T03:01:03.932Z] Device at 10.30.28.23 is not reachable. Skipping connection attempt.
[2025-02-08T03:01:13.947Z] Device at 10.30.28.23 is not reachable. Skipping connection attempt.
[2025-02-08T03:01:23.994Z] Device at 10.30.28.23 is not reachable. Skipping connection attempt.
[2025-02-08T03:01:33.963Z] Device at 10.30.28.23 is not reachable. Skipping connection attempt.
[2025-02-08T03:01:43.969Z] Device at 10.30.28.23 is not reachable. Skipping connection attempt.
[2025-02-08T03:01:53.963Z] Device at 10.30.28.23 is not reachable. Skipping connection attempt.
[2025-02-08T03:02:03.976Z] Device at 10.30.28.23 is not reachable. Skipping connection attempt.
[2025-02-08T03:02:13.976Z] Device at 10.30.28.23 is not reachable. Skipping connection attempt.
[2025-02-08T03:02:23.980Z] Device at 10.30.28.23 is not reachable. Skipping connection attempt.
[2025-02-08T03:02:34.027Z] Device at 10.30.28.23 is not reachable. Skipping connection attempt.
[2025-02-08T03:02:43.995Z] Device at 10.30.28.23 is not reachable. Skipping connection attempt.
[2025-02-08T03:02:53.993Z] Device at 10.30.28.23 is not reachable. Skipping connection attempt.
[2025-02-08T03:03:04.008Z] Device at 10.30.28.23 is not reachable. Skipping connection attempt.
[2025-02-08T03:03:14.007Z] Device at 10.30.28.23 is not reachable. Skipping connection attempt.
[2025-02-08T03:03:24.014Z] Device at 10.30.28.23 is not reachable. Skipping connection attempt.
[2025-02-08T03:03:34.020Z] Device at 10.30.28.23 is not reachable. Skipping connection attempt.
[2025-02-08T03:03:44.032Z] Device at 10.30.28.23 is not reachable. Skipping connection attempt.
[2025-02-08T03:03:54.048Z] Device at 10.30.28.23 is not reachable. Skipping connection attempt.
[2025-02-08T03:04:04.088Z] Device at 10.30.28.23 is not reachable. Skipping connection attempt.
[2025-02-08T03:04:14.063Z] Device at 10.30.28.23 is not reachable. Skipping connection attempt.
[2025-02-08T03:04:24.081Z] Device at 10.30.28.23 is not reachable. Skipping connection attempt.
[2025-02-08T03:04:34.087Z] Device at 10.30.28.23 is not reachable. Skipping connection attempt.
[2025-02-08T03:04:44.093Z] Device at 10.30.28.23 is not reachable. Skipping connection attempt.
[2025-02-08T03:04:54.099Z] Device at 10.30.28.23 is not reachable. Skipping connection attempt.
[2025-02-08T03:05:04.095Z] Device at 10.30.28.23 is not reachable. Skipping connection attempt.
[2025-02-08T03:05:14.113Z] Device at 10.30.28.23 is not reachable. Skipping connection attempt.
[2025-02-08T03:05:24.118Z] Device at 10.30.28.23 is not reachable. Skipping connection attempt.
[2025-02-08T03:05:34.123Z] Device at 10.30.28.23 is not reachable. Skipping connection attempt.
[2025-02-08T03:05:44.146Z] Device at 10.30.28.23 is not reachable. Skipping connection attempt.
[2025-02-08T03:05:54.138Z] Device at 10.30.28.23 is not reachable. Skipping connection attempt.
[2025-02-08T03:06:04.182Z] Device at 10.30.28.23 is not reachable. Skipping connection attempt.
[2025-02-08T03:06:14.149Z] Device at 10.30.28.23 is not reachable. Skipping connection attempt.
[2025-02-08T03:06:24.165Z] Device at 10.30.28.23 is not reachable. Skipping connection attempt.
[2025-02-08T03:06:34.160Z] Device at 10.30.28.23 is not reachable. Skipping connection attempt.
[2025-02-08T03:06:44.177Z] Device at 10.30.28.23 is not reachable. Skipping connection attempt.
[2025-02-08T03:06:54.184Z] Device at 10.30.28.23 is not reachable. Skipping connection attempt.
[2025-02-08T03:07:04.193Z] Device at 10.30.28.23 is not reachable. Skipping connection attempt.
[2025-02-08T03:07:14.197Z] Device at 10.30.28.23 is not reachable. Skipping connection attempt.
[2025-02-08T03:07:24.205Z] Device at 10.30.28.23 is not reachable. Skipping connection attempt.
[2025-02-08T03:07:34.219Z] Device at 10.30.28.23 is not reachable. Skipping connection attempt.
[2025-02-08T03:07:44.215Z] Device at 10.30.28.23 is not reachable. Skipping connection attempt.
[2025-02-08T03:07:54.224Z] Device at 10.30.28.23 is not reachable. Skipping connection attempt.
[2025-02-08T03:08:04.234Z] Device at 10.30.28.23 is not reachable. Skipping connection attempt.
[2025-02-08T03:08:14.248Z] Device at 10.30.28.23 is not reachable. Skipping connection attempt.
[2025-02-08T03:08:24.254Z] Device at 10.30.28.23 is not reachable. Skipping connection attempt.
[2025-02-08T03:08:34.264Z] Device at 10.30.28.23 is not reachable. Skipping connection attempt.
[2025-02-08T03:08:44.257Z] Device at 10.30.28.23 is not reachable. Skipping connection attempt.
[2025-02-08T03:08:54.274Z] Device at 10.30.28.23 is not reachable. Skipping connection attempt.
[2025-02-08T03:09:04.268Z] Device at 10.30.28.23 is not reachable. Skipping connection attempt.
[2025-02-08T03:09:14.275Z] Device at 10.30.28.23 is not reachable. Skipping connection attempt.
[2025-02-08T03:09:24.282Z] Device at 10.30.28.23 is not reachable. Skipping connection attempt.
[2025-02-08T03:09:34.298Z] Device at 10.30.28.23 is not reachable. Skipping connection attempt.
[2025-02-08T03:09:44.307Z] Device at 10.30.28.23 is not reachable. Skipping connection attempt.
[2025-02-08T03:09:54.312Z] Device at 10.30.28.23 is not reachable. Skipping connection attempt.
[2025-02-08T03:10:04.310Z] Device at 10.30.28.23 is not reachable. Skipping connection attempt.
[2025-02-08T03:10:14.365Z] Device at 10.30.28.23 is not reachable. Skipping connection attempt.
[2025-02-08T03:10:24.342Z] Device at 10.30.28.23 is not reachable. Skipping connection attempt.
[2025-02-08T03:10:34.337Z] Device at 10.30.28.23 is not reachable. Skipping connection attempt.
[2025-02-08T03:10:44.346Z] Device at 10.30.28.23 is not reachable. Skipping connection attempt.
[2025-02-08T03:10:54.353Z] Device at 10.30.28.23 is not reachable. Skipping connection attempt.
[2025-02-08T03:11:04.358Z] Device at 10.30.28.23 is not reachable. Skipping connection attempt.
[2025-02-08T03:11:14.379Z] Device at 10.30.28.23 is not reachable. Skipping connection attempt.
[2025-02-08T03:11:24.373Z] Device at 10.30.28.23 is not reachable. Skipping connection attempt.
[2025-02-08T03:11:34.378Z] Device at 10.30.28.23 is not reachable. Skipping connection attempt.
[2025-02-08T03:11:44.385Z] Device at 10.30.28.23 is not reachable. Skipping connection attempt.
[2025-02-08T03:11:54.391Z] Device at 10.30.28.23 is not reachable. Skipping connection attempt.
[2025-02-08T03:12:04.395Z] Device at 10.30.28.23 is not reachable. Skipping connection attempt.
[2025-02-08T03:12:14.415Z] Device at 10.30.28.23 is not reachable. Skipping connection attempt.
[2025-02-08T03:12:24.423Z] Device at 10.30.28.23 is not reachable. Skipping connection attempt.
[2025-02-08T03:12:34.435Z] Device at 10.30.28.23 is not reachable. Skipping connection attempt.
[2025-02-08T03:12:44.433Z] Device at 10.30.28.23 is not reachable. Skipping connection attempt.
[2025-02-08T03:12:54.454Z] Device at 10.30.28.23 is not reachable. Skipping connection attempt.
[2025-02-08T03:13:04.464Z] Device at 10.30.28.23 is not reachable. Skipping connection attempt.
[2025-02-08T03:13:14.493Z] Device at 10.30.28.23 is not reachable. Skipping connection attempt.
[2025-02-08T03:13:24.478Z] Device at 10.30.28.23 is not reachable. Skipping connection attempt.
[2025-02-08T03:13:34.477Z] Device at 10.30.28.23 is not reachable. Skipping connection attempt.
[2025-02-08T03:13:44.493Z] Device at 10.30.28.23 is not reachable. Skipping connection attempt.
[2025-02-08T03:13:54.500Z] Device at 10.30.28.23 is not reachable. Skipping connection attempt.
[2025-02-08T03:14:04.505Z] Device at 10.30.28.23 is not reachable. Skipping connection attempt.
[2025-02-08T03:14:14.509Z] Device at 10.30.28.23 is not reachable. Skipping connection attempt.
[2025-02-08T03:14:24.517Z] Device at 10.30.28.23 is not reachable. Skipping connection attempt.
[2025-02-08T03:14:34.552Z] Device at 10.30.28.23 is not reachable. Skipping connection attempt.
[2025-02-08T03:14:44.528Z] Device at 10.30.28.23 is not reachable. Skipping connection attempt.
[2025-02-08T03:14:54.544Z] Device at 10.30.28.23 is not reachable. Skipping connection attempt.
[2025-02-08T03:15:04.552Z] Device at 10.30.28.23 is not reachable. Skipping connection attempt.
[2025-02-08T03:15:14.564Z] Device at 10.30.28.23 is not reachable. Skipping connection attempt.
[2025-02-08T03:15:24.556Z] Device at 10.30.28.23 is not reachable. Skipping connection attempt.
[2025-02-08T03:15:34.551Z] Device at 10.30.28.23 is not reachable. Skipping connection attempt.
[2025-02-08T03:15:44.578Z] Device at 10.30.28.23 is not reachable. Skipping connection attempt.
[2025-02-08T03:15:54.611Z] Device at 10.30.28.23 is not reachable. Skipping connection attempt.
[2025-02-08T03:16:04.592Z] Device at 10.30.28.23 is not reachable. Skipping connection attempt.
[2025-02-08T03:16:14.587Z] Device at 10.30.28.23 is not reachable. Skipping connection attempt.
[2025-02-08T03:16:24.596Z] Device at 10.30.28.23 is not reachable. Skipping connection attempt.
[2025-02-08T03:16:34.611Z] Device at 10.30.28.23 is not reachable. Skipping connection attempt.
[2025-02-08T03:16:44.610Z] Device at 10.30.28.23 is not reachable. Skipping connection attempt.
[2025-02-08T03:16:54.630Z] Device at 10.30.28.23 is not reachable. Skipping connection attempt.
[2025-02-08T03:17:04.623Z] Device at 10.30.28.23 is not reachable. Skipping connection attempt.
[2025-02-08T03:17:14.641Z] Device at 10.30.28.23 is not reachable. Skipping connection attempt.
[2025-02-08T03:17:24.632Z] Device at 10.30.28.23 is not reachable. Skipping connection attempt.
[2025-02-08T03:17:34.637Z] Device at 10.30.28.23 is not reachable. Skipping connection attempt.
[2025-02-08T03:17:44.645Z] Device at 10.30.28.23 is not reachable. Skipping connection attempt.
[2025-02-08T03:17:54.694Z] Device at 10.30.28.23 is not reachable. Skipping connection attempt.
[2025-02-08T03:18:04.669Z] Device at 10.30.28.23 is not reachable. Skipping connection attempt.
[2025-02-08T03:18:14.674Z] Device at 10.30.28.23 is not reachable. Skipping connection attempt.
[2025-02-08T03:18:24.673Z] Device at 10.30.28.23 is not reachable. Skipping connection attempt.
[2025-02-08T03:18:34.669Z] Device at 10.30.28.23 is not reachable. Skipping connection attempt.
[2025-02-08T03:18:44.744Z] Device at 10.30.28.23 is not reachable. Skipping connection attempt.
[2025-02-08T03:18:54.706Z] Device at 10.30.28.23 is not reachable. Skipping connection attempt.
[2025-02-08T03:19:04.720Z] Device at 10.30.28.23 is not reachable. Skipping connection attempt.
[2025-02-08T03:19:14.724Z] Device at 10.30.28.23 is not reachable. Skipping connection attempt.
[2025-02-08T03:19:24.731Z] Device at 10.30.28.23 is not reachable. Skipping connection attempt.
[2025-02-08T03:19:34.737Z] Device at 10.30.28.23 is not reachable. Skipping connection attempt.
[2025-02-08T03:19:44.741Z] Device at 10.30.28.23 is not reachable. Skipping connection attempt.
[2025-02-08T03:19:54.790Z] Device at 10.30.28.23 is not reachable. Skipping connection attempt.
[2025-02-08T03:20:04.756Z] Device at 10.30.28.23 is not reachable. Skipping connection attempt.
[2025-02-08T03:20:14.775Z] Device at 10.30.28.23 is not reachable. Skipping connection attempt.
[2025-02-08T03:20:24.769Z] Device at 10.30.28.23 is not reachable. Skipping connection attempt.
[2025-02-08T03:20:34.775Z] Device at 10.30.28.23 is not reachable. Skipping connection attempt.
[2025-02-08T03:20:44.798Z] Device at 10.30.28.23 is not reachable. Skipping connection attempt.
[2025-02-08T03:20:54.800Z] Device at 10.30.28.23 is not reachable. Skipping connection attempt.
[2025-02-08T03:21:04.788Z] Device at 10.30.28.23 is not reachable. Skipping connection attempt.
[2025-02-08T03:21:14.792Z] Device at 10.30.28.23 is not reachable. Skipping connection attempt.
[2025-02-08T03:21:24.816Z] Device at 10.30.28.23 is not reachable. Skipping connection attempt.
[2025-02-08T03:21:34.824Z] Device at 10.30.28.23 is not reachable. Skipping connection attempt.
[2025-02-08T03:21:44.830Z] Device at 10.30.28.23 is not reachable. Skipping connection attempt.
[2025-02-08T03:21:54.837Z] Device at 10.30.28.23 is not reachable. Skipping connection attempt.
[2025-02-08T03:22:04.843Z] Device at 10.30.28.23 is not reachable. Skipping connection attempt.
[2025-02-08T03:22:14.860Z] Device at 10.30.28.23 is not reachable. Skipping connection attempt.
[2025-02-08T03:22:24.885Z] Device at 10.30.28.23 is not reachable. Skipping connection attempt.
[2025-02-08T03:22:34.863Z] Device at 10.30.28.23 is not reachable. Skipping connection attempt.
[2025-02-08T03:22:44.881Z] Device at 10.30.28.23 is not reachable. Skipping connection attempt.
[2025-02-08T03:22:54.904Z] Device at 10.30.28.23 is not reachable. Skipping connection attempt.
[2025-02-08T03:23:04.904Z] Device at 10.30.28.23 is not reachable. Skipping connection attempt.
[2025-02-08T03:23:14.941Z] Device at 10.30.28.23 is not reachable. Skipping connection attempt.
[2025-02-08T03:23:24.924Z] Device at 10.30.28.23 is not reachable. Skipping connection attempt.
[2025-02-08T03:23:34.911Z] Device at 10.30.28.23 is not reachable. Skipping connection attempt.
[2025-02-08T03:23:44.918Z] Device at 10.30.28.23 is not reachable. Skipping connection attempt.
[2025-02-08T03:23:54.925Z] Device at 10.30.28.23 is not reachable. Skipping connection attempt.
[2025-02-08T03:24:04.940Z] Device at 10.30.28.23 is not reachable. Skipping connection attempt.
[2025-02-08T03:24:14.949Z] Device at 10.30.28.23 is not reachable. Skipping connection attempt.
[2025-02-08T03:24:25.022Z] Device at 10.30.28.23 is not reachable. Skipping connection attempt.
[2025-02-08T03:24:34.960Z] Device at 10.30.28.23 is not reachable. Skipping connection attempt.
[2025-02-08T03:24:44.965Z] Device at 10.30.28.23 is not reachable. Skipping connection attempt.
[2025-02-08T03:24:54.980Z] Device at 10.30.28.23 is not reachable. Skipping connection attempt.
[2025-02-08T03:25:04.989Z] Device at 10.30.28.23 is not reachable. Skipping connection attempt.
[2025-02-08T03:25:14.995Z] Device at 10.30.28.23 is not reachable. Skipping connection attempt.
[2025-02-08T03:25:25.010Z] Device at 10.30.28.23 is not reachable. Skipping connection attempt.
[2025-02-08T03:25:35.019Z] Device at 10.30.28.23 is not reachable. Skipping connection attempt.
[2025-02-08T03:25:45.022Z] Device at 10.30.28.23 is not reachable. Skipping connection attempt.
[2025-02-08T03:25:55.030Z] Device at 10.30.28.23 is not reachable. Skipping connection attempt.
[2025-02-08T03:26:05.037Z] Device at 10.30.28.23 is not reachable. Skipping connection attempt.
[2025-02-08T03:26:15.033Z] Device at 10.30.28.23 is not reachable. Skipping connection attempt.
[2025-02-08T03:26:25.040Z] Device at 10.30.28.23 is not reachable. Skipping connection attempt.
[2025-02-08T03:26:35.054Z] Device at 10.30.28.23 is not reachable. Skipping connection attempt.
[2025-02-08T03:26:45.065Z] Device at 10.30.28.23 is not reachable. Skipping connection attempt.
[2025-02-08T03:26:55.070Z] Device at 10.30.28.23 is not reachable. Skipping connection attempt.
[2025-02-08T03:27:05.076Z] Device at 10.30.28.23 is not reachable. Skipping connection attempt.
[2025-02-08T03:27:15.111Z] Device at 10.30.28.23 is not reachable. Skipping connection attempt.
[2025-02-08T03:27:25.079Z] Device at 10.30.28.23 is not reachable. Skipping connection attempt.
[2025-02-08T03:27:35.099Z] Device at 10.30.28.23 is not reachable. Skipping connection attempt.
[2025-02-08T03:27:45.103Z] Device at 10.30.28.23 is not reachable. Skipping connection attempt.
[2025-02-08T03:27:55.098Z] Device at 10.30.28.23 is not reachable. Skipping connection attempt.
[2025-02-08T03:28:05.116Z] Device at 10.30.28.23 is not reachable. Skipping connection attempt.
[2025-02-08T03:28:15.152Z] Device at 10.30.28.23 is not reachable. Skipping connection attempt.
[2025-02-08T03:28:25.110Z] Device at 10.30.28.23 is not reachable. Skipping connection attempt.
[2025-02-08T03:28:35.116Z] Device at 10.30.28.23 is not reachable. Skipping connection attempt.
[2025-02-08T03:28:45.124Z] Device at 10.30.28.23 is not reachable. Skipping connection attempt.
[2025-02-08T03:28:55.127Z] Device at 10.30.28.23 is not reachable. Skipping connection attempt.
[2025-02-08T03:29:05.157Z] Device at 10.30.28.23 is not reachable. Skipping connection attempt.
[2025-02-08T03:29:15.148Z] Device at 10.30.28.23 is not reachable. Skipping connection attempt.
[2025-02-08T03:29:25.190Z] Device at 10.30.28.23 is not reachable. Skipping connection attempt.
[2025-02-08T03:29:35.164Z] Device at 10.30.28.23 is not reachable. Skipping connection attempt.
[2025-02-08T03:29:45.182Z] Device at 10.30.28.23 is not reachable. Skipping connection attempt.
[2025-02-08T03:29:55.177Z] Device at 10.30.28.23 is not reachable. Skipping connection attempt.
[2025-02-08T03:30:05.182Z] Device at 10.30.28.23 is not reachable. Skipping connection attempt.
[2025-02-08T03:30:15.189Z] Device at 10.30.28.23 is not reachable. Skipping connection attempt.
[2025-02-08T03:30:25.189Z] Device at 10.30.28.23 is not reachable. Skipping connection attempt.
[2025-02-08T03:30:35.233Z] Device at 10.30.28.23 is not reachable. Skipping connection attempt.
[2025-02-08T03:30:45.229Z] Device at 10.30.28.23 is not reachable. Skipping connection attempt.
[2025-02-08T03:30:55.225Z] Device at 10.30.28.23 is not reachable. Skipping connection attempt.
[2025-02-08T03:31:05.222Z] Device at 10.30.28.23 is not reachable. Skipping connection attempt.
[2025-02-08T03:31:15.232Z] Device at 10.30.28.23 is not reachable. Skipping connection attempt.
[2025-02-08T03:31:25.236Z] Device at 10.30.28.23 is not reachable. Skipping connection attempt.
[2025-02-08T03:31:35.271Z] Device at 10.30.28.23 is not reachable. Skipping connection attempt.
[2025-02-08T03:31:45.257Z] Device at 10.30.28.23 is not reachable. Skipping connection attempt.
[2025-02-08T03:31:55.299Z] Device at 10.30.28.23 is not reachable. Skipping connection attempt.
[2025-02-08T03:32:05.257Z] Device at 10.30.28.23 is not reachable. Skipping connection attempt.
[2025-02-08T03:32:15.297Z] Device at 10.30.28.23 is not reachable. Skipping connection attempt.
[2025-02-08T03:32:25.263Z] Device at 10.30.28.23 is not reachable. Skipping connection attempt.
[2025-02-08T03:32:35.279Z] Device at 10.30.28.23 is not reachable. Skipping connection attempt.
[2025-02-08T03:32:45.286Z] Device at 10.30.28.23 is not reachable. Skipping connection attempt.
[2025-02-08T03:32:55.293Z] Device at 10.30.28.23 is not reachable. Skipping connection attempt.
[2025-02-08T03:33:05.303Z] Device at 10.30.28.23 is not reachable. Skipping connection attempt.
[2025-02-08T03:33:15.305Z] Device at 10.30.28.23 is not reachable. Skipping connection attempt.
[2025-02-08T03:33:25.352Z] Device at 10.30.28.23 is not reachable. Skipping connection attempt.
[2025-02-08T03:33:35.318Z] Device at 10.30.28.23 is not reachable. Skipping connection attempt.
[2025-02-08T03:33:45.326Z] Device at 10.30.28.23 is not reachable. Skipping connection attempt.
[2025-02-08T03:33:55.323Z] Device at 10.30.28.23 is not reachable. Skipping connection attempt.
[2025-02-08T03:34:05.338Z] Device at 10.30.28.23 is not reachable. Skipping connection attempt.
[2025-02-08T03:34:15.354Z] Device at 10.30.28.23 is not reachable. Skipping connection attempt.
[2025-02-08T03:34:25.362Z] Device at 10.30.28.23 is not reachable. Skipping connection attempt.
[2025-02-08T03:34:35.364Z] Device at 10.30.28.23 is not reachable. Skipping connection attempt.
[2025-02-08T03:34:45.376Z] Device at 10.30.28.23 is not reachable. Skipping connection attempt.
[2025-02-08T03:34:55.381Z] Device at 10.30.28.23 is not reachable. Skipping connection attempt.
[2025-02-08T03:35:05.400Z] Device at 10.30.28.23 is not reachable. Skipping connection attempt.
[2025-02-08T03:35:15.401Z] Device at 10.30.28.23 is not reachable. Skipping connection attempt.
[2025-02-08T03:35:25.447Z] Device at 10.30.28.23 is not reachable. Skipping connection attempt.
[2025-02-08T03:35:35.458Z] Device at 10.30.28.23 is not reachable. Skipping connection attempt.
[2025-02-08T03:35:45.442Z] Device at 10.30.28.23 is not reachable. Skipping connection attempt.
[2025-02-08T03:35:55.448Z] Device at 10.30.28.23 is not reachable. Skipping connection attempt.
[2025-02-08T03:36:05.484Z] Device at 10.30.28.23 is not reachable. Skipping connection attempt.
[2025-02-08T03:36:15.471Z] Device at 10.30.28.23 is not reachable. Skipping connection attempt.
[2025-02-08T03:36:25.466Z] Device at 10.30.28.23 is not reachable. Skipping connection attempt.
[2025-02-08T03:36:35.462Z] Device at 10.30.28.23 is not reachable. Skipping connection attempt.
[2025-02-08T03:36:45.469Z] Device at 10.30.28.23 is not reachable. Skipping connection attempt.
[2025-02-08T03:36:55.517Z] Device at 10.30.28.23 is not reachable. Skipping connection attempt.
[2025-02-08T03:37:05.504Z] Device at 10.30.28.23 is not reachable. Skipping connection attempt.
[2025-02-08T03:37:15.522Z] Device at 10.30.28.23 is not reachable. Skipping connection attempt.
[2025-02-08T03:37:25.504Z] Device at 10.30.28.23 is not reachable. Skipping connection attempt.
[2025-02-08T03:37:35.521Z] Device at 10.30.28.23 is not reachable. Skipping connection attempt.
[2025-02-08T03:37:45.529Z] Device at 10.30.28.23 is not reachable. Skipping connection attempt.
[2025-02-08T03:37:55.549Z] Device at 10.30.28.23 is not reachable. Skipping connection attempt.
[2025-02-08T03:38:05.583Z] Device at 10.30.28.23 is not reachable. Skipping connection attempt.
[2025-02-08T03:38:15.605Z] Device at 10.30.28.23 is not reachable. Skipping connection attempt.
[2025-02-08T03:38:25.597Z] Device at 10.30.28.23 is not reachable. Skipping connection attempt.
[2025-02-08T03:38:35.580Z] Device at 10.30.28.23 is not reachable. Skipping connection attempt.
[2025-02-08T03:38:45.590Z] Device at 10.30.28.23 is not reachable. Skipping connection attempt.
[2025-02-08T03:38:55.593Z] Device at 10.30.28.23 is not reachable. Skipping connection attempt.
[2025-02-08T03:39:05.621Z] Device at 10.30.28.23 is not reachable. Skipping connection attempt.
[2025-02-08T03:39:15.615Z] Device at 10.30.28.23 is not reachable. Skipping connection attempt.
[2025-02-08T03:39:25.614Z] Device at 10.30.28.23 is not reachable. Skipping connection attempt.
[2025-02-08T03:39:35.629Z] Device at 10.30.28.23 is not reachable. Skipping connection attempt.
[2025-02-08T03:39:45.625Z] Device at 10.30.28.23 is not reachable. Skipping connection attempt.
[2025-02-08T03:39:55.633Z] Device at 10.30.28.23 is not reachable. Skipping connection attempt.
[2025-02-08T03:40:05.637Z] Device at 10.30.28.23 is not reachable. Skipping connection attempt.
[2025-02-08T03:40:15.652Z] Device at 10.30.28.23 is not reachable. Skipping connection attempt.
[2025-02-08T03:40:25.643Z] Device at 10.30.28.23 is not reachable. Skipping connection attempt.
[2025-02-08T03:40:35.639Z] Device at 10.30.28.23 is not reachable. Skipping connection attempt.
[2025-02-08T03:40:45.654Z] Device at 10.30.28.23 is not reachable. Skipping connection attempt.
[2025-02-08T03:40:55.650Z] Device at 10.30.28.23 is not reachable. Skipping connection attempt.
[2025-02-08T03:41:05.668Z] Device at 10.30.28.23 is not reachable. Skipping connection attempt.
[2025-02-08T03:41:15.664Z] Device at 10.30.28.23 is not reachable. Skipping connection attempt.
[2025-02-08T03:41:25.671Z] Device at 10.30.28.23 is not reachable. Skipping connection attempt.
[2025-02-08T03:41:35.696Z] Device at 10.30.28.23 is not reachable. Skipping connection attempt.
[2025-02-08T03:41:45.691Z] Device at 10.30.28.23 is not reachable. Skipping connection attempt.
[2025-02-08T03:41:55.708Z] Device at 10.30.28.23 is not reachable. Skipping connection attempt.
[2025-02-08T03:42:05.695Z] Device at 10.30.28.23 is not reachable. Skipping connection attempt.
[2025-02-08T03:42:15.745Z] Device at 10.30.28.23 is not reachable. Skipping connection attempt.
[2025-02-08T03:42:25.756Z] Device at 10.30.28.23 is not reachable. Skipping connection attempt.
[2025-02-08T03:42:35.755Z] Device at 10.30.28.23 is not reachable. Skipping connection attempt.
[2025-02-08T03:42:45.763Z] Device at 10.30.28.23 is not reachable. Skipping connection attempt.
[2025-02-08T03:42:55.779Z] Device at 10.30.28.23 is not reachable. Skipping connection attempt.
[2025-02-08T03:43:05.754Z] Device at 10.30.28.23 is not reachable. Skipping connection attempt.
[2025-02-08T03:43:15.760Z] Device at 10.30.28.23 is not reachable. Skipping connection attempt.
[2025-02-08T03:43:25.757Z] Device at 10.30.28.23 is not reachable. Skipping connection attempt.
[2025-02-08T03:43:35.774Z] Device at 10.30.28.23 is not reachable. Skipping connection attempt.
[2025-02-08T03:43:45.782Z] Device at 10.30.28.23 is not reachable. Skipping connection attempt.
[2025-02-08T03:43:55.785Z] Device at 10.30.28.23 is not reachable. Skipping connection attempt.
[2025-02-08T03:44:05.795Z] Device at 10.30.28.23 is not reachable. Skipping connection attempt.
[2025-02-08T03:44:15.830Z] Device at 10.30.28.23 is not reachable. Skipping connection attempt.
[2025-02-08T03:44:25.848Z] Device at 10.30.28.23 is not reachable. Skipping connection attempt.
[2025-02-08T03:44:35.822Z] Device at 10.30.28.23 is not reachable. Skipping connection attempt.
[2025-02-08T03:44:45.830Z] Device at 10.30.28.23 is not reachable. Skipping connection attempt.
[2025-02-08T03:44:55.837Z] Device at 10.30.28.23 is not reachable. Skipping connection attempt.
[2025-02-08T03:45:05.840Z] Device at 10.30.28.23 is not reachable. Skipping connection attempt.
[2025-02-08T03:45:15.837Z] Device at 10.30.28.23 is not reachable. Skipping connection attempt.
[2025-02-08T03:45:25.855Z] Device at 10.30.28.23 is not reachable. Skipping connection attempt.
[2025-02-08T03:45:35.873Z] Device at 10.30.28.23 is not reachable. Skipping connection attempt.
[2025-02-08T03:45:45.866Z] Device at 10.30.28.23 is not reachable. Skipping connection attempt.
[2025-02-08T03:45:55.873Z] Device at 10.30.28.23 is not reachable. Skipping connection attempt.
[2025-02-08T03:46:05.880Z] Device at 10.30.28.23 is not reachable. Skipping connection attempt.
[2025-02-08T03:46:15.915Z] Device at 10.30.28.23 is not reachable. Skipping connection attempt.
[2025-02-08T03:46:25.906Z] Device at 10.30.28.23 is not reachable. Skipping connection attempt.
[2025-02-08T03:46:35.911Z] Device at 10.30.28.23 is not reachable. Skipping connection attempt.
[2025-02-08T03:46:45.892Z] Device at 10.30.28.23 is not reachable. Skipping connection attempt.
[2025-02-08T03:46:55.915Z] Device at 10.30.28.23 is not reachable. Skipping connection attempt.
[2025-02-08T03:47:05.920Z] Device at 10.30.28.23 is not reachable. Skipping connection attempt.
[2025-02-08T03:47:15.936Z] Device at 10.30.28.23 is not reachable. Skipping connection attempt.
[2025-02-08T03:47:25.952Z] Device at 10.30.28.23 is not reachable. Skipping connection attempt.
[2025-02-08T03:47:35.960Z] Device at 10.30.28.23 is not reachable. Skipping connection attempt.
[2025-02-08T03:47:45.966Z] Device at 10.30.28.23 is not reachable. Skipping connection attempt.
[2025-02-08T03:47:55.971Z] Device at 10.30.28.23 is not reachable. Skipping connection attempt.
[2025-02-08T03:48:05.976Z] Device at 10.30.28.23 is not reachable. Skipping connection attempt.
[2025-02-08T03:48:16.027Z] Device at 10.30.28.23 is not reachable. Skipping connection attempt.
[2025-02-08T03:48:26.004Z] Device at 10.30.28.23 is not reachable. Skipping connection attempt.
[2025-02-08T03:48:36.008Z] Device at 10.30.28.23 is not reachable. Skipping connection attempt.
[2025-02-08T03:48:46.013Z] Device at 10.30.28.23 is not reachable. Skipping connection attempt.
[2025-02-08T03:48:56.021Z] Device at 10.30.28.23 is not reachable. Skipping connection attempt.
[2025-02-08T03:49:06.017Z] Device at 10.30.28.23 is not reachable. Skipping connection attempt.
[2025-02-08T03:49:16.032Z] Device at 10.30.28.23 is not reachable. Skipping connection attempt.
[2025-02-08T03:49:26.032Z] Device at 10.30.28.23 is not reachable. Skipping connection attempt.
[2025-02-08T03:49:36.044Z] Device at 10.30.28.23 is not reachable. Skipping connection attempt.
[2025-02-08T03:49:46.064Z] Device at 10.30.28.23 is not reachable. Skipping connection attempt.
[2025-02-08T03:49:56.070Z] Device at 10.30.28.23 is not reachable. Skipping connection attempt.
[2025-02-08T03:50:06.065Z] Device at 10.30.28.23 is not reachable. Skipping connection attempt.
[2025-02-08T03:50:16.071Z] Device at 10.30.28.23 is not reachable. Skipping connection attempt.
[2025-02-08T03:50:26.086Z] Device at 10.30.28.23 is not reachable. Skipping connection attempt.
[2025-02-08T03:50:36.094Z] Device at 10.30.28.23 is not reachable. Skipping connection attempt.
[2025-02-08T03:50:46.100Z] Device at 10.30.28.23 is not reachable. Skipping connection attempt.
[2025-02-08T03:50:56.125Z] Device at 10.30.28.23 is not reachable. Skipping connection attempt.
[2025-02-08T03:51:06.123Z] Device at 10.30.28.23 is not reachable. Skipping connection attempt.
[2025-02-08T03:51:16.120Z] Device at 10.30.28.23 is not reachable. Skipping connection attempt.
[2025-02-08T03:51:26.188Z] Device at 10.30.28.23 is not reachable. Skipping connection attempt.
[2025-02-08T03:51:36.160Z] Device at 10.30.28.23 is not reachable. Skipping connection attempt.
[2025-02-08T03:51:46.162Z] Device at 10.30.28.23 is not reachable. Skipping connection attempt.
[2025-02-08T03:51:56.179Z] Device at 10.30.28.23 is not reachable. Skipping connection attempt.
[2025-02-08T03:52:06.174Z] Device at 10.30.28.23 is not reachable. Skipping connection attempt.
[2025-02-08T03:52:16.182Z] Device at 10.30.28.23 is not reachable. Skipping connection attempt.
[2025-02-08T03:52:26.187Z] Device at 10.30.28.23 is not reachable. Skipping connection attempt.
[2025-02-08T03:52:36.182Z] Device at 10.30.28.23 is not reachable. Skipping connection attempt.
[2025-02-08T03:52:46.190Z] Device at 10.30.28.23 is not reachable. Skipping connection attempt.
[2025-02-08T03:52:56.210Z] Device at 10.30.28.23 is not reachable. Skipping connection attempt.
[2025-02-08T03:53:06.212Z] Device at 10.30.28.23 is not reachable. Skipping connection attempt.
[2025-02-08T03:53:16.259Z] Device at 10.30.28.23 is not reachable. Skipping connection attempt.
[2025-02-08T03:53:26.221Z] Device at 10.30.28.23 is not reachable. Skipping connection attempt.
[2025-02-08T03:53:36.242Z] Device at 10.30.28.23 is not reachable. Skipping connection attempt.
[2025-02-08T03:53:46.241Z] Device at 10.30.28.23 is not reachable. Skipping connection attempt.
[2025-02-08T03:53:56.245Z] Device at 10.30.28.23 is not reachable. Skipping connection attempt.
[2025-02-08T03:54:06.250Z] Device at 10.30.28.23 is not reachable. Skipping connection attempt.
[2025-02-08T03:54:16.267Z] Device at 10.30.28.23 is not reachable. Skipping connection attempt.
[2025-02-08T03:54:26.263Z] Device at 10.30.28.23 is not reachable. Skipping connection attempt.
[2025-02-08T03:54:36.278Z] Device at 10.30.28.23 is not reachable. Skipping connection attempt.
[2025-02-08T03:54:46.276Z] Device at 10.30.28.23 is not reachable. Skipping connection attempt.
[2025-02-08T03:54:56.283Z] Device at 10.30.28.23 is not reachable. Skipping connection attempt.
[2025-02-08T03:55:06.290Z] Device at 10.30.28.23 is not reachable. Skipping connection attempt.
[2025-02-08T03:55:16.305Z] Device at 10.30.28.23 is not reachable. Skipping connection attempt.
[2025-02-08T03:55:26.313Z] Device at 10.30.28.23 is not reachable. Skipping connection attempt.
[2025-02-08T03:55:36.358Z] Device at 10.30.28.23 is not reachable. Skipping connection attempt.
[2025-02-08T03:55:46.326Z] Device at 10.30.28.23 is not reachable. Skipping connection attempt.
[2025-02-08T03:55:58.288Z] Device at 10.30.28.23 is not reachable. Skipping connection attempt.
[2025-02-08T03:56:06.387Z] Device at 10.30.28.23 is not reachable. Skipping connection attempt.
[2025-02-08T03:56:16.354Z] Device at 10.30.28.23 is not reachable. Skipping connection attempt.
[2025-02-08T03:56:26.378Z] Device at 10.30.28.23 is not reachable. Skipping connection attempt.
[2025-02-08T03:56:36.377Z] Device at 10.30.28.23 is not reachable. Skipping connection attempt.
[2025-02-08T03:56:46.388Z] Device at 10.30.28.23 is not reachable. Skipping connection attempt.
[2025-02-08T03:56:56.429Z] Device at 10.30.28.23 is not reachable. Skipping connection attempt.
[2025-02-08T03:57:06.408Z] Device at 10.30.28.23 is not reachable. Skipping connection attempt.
[2025-02-08T03:57:16.414Z] Device at 10.30.28.23 is not reachable. Skipping connection attempt.
[2025-02-08T03:57:26.417Z] Device at 10.30.28.23 is not reachable. Skipping connection attempt.
[2025-02-08T03:57:36.444Z] Device at 10.30.28.23 is not reachable. Skipping connection attempt.
[2025-02-08T03:57:46.430Z] Device at 10.30.28.23 is not reachable. Skipping connection attempt.
[2025-02-08T03:57:56.430Z] Device at 10.30.28.23 is not reachable. Skipping connection attempt.
[2025-02-08T03:58:06.455Z] Device at 10.30.28.23 is not reachable. Skipping connection attempt.
[2025-02-08T03:58:16.453Z] Device at 10.30.28.23 is not reachable. Skipping connection attempt.
[2025-02-08T03:58:26.448Z] Device at 10.30.28.23 is not reachable. Skipping connection attempt.
[2025-02-08T03:58:36.457Z] Device at 10.30.28.23 is not reachable. Skipping connection attempt.
[2025-02-08T03:58:46.469Z] Device at 10.30.28.23 is not reachable. Skipping connection attempt.
[2025-02-08T03:58:56.487Z] Device at 10.30.28.23 is not reachable. Skipping connection attempt.
[2025-02-08T03:59:06.494Z] Device at 10.30.28.23 is not reachable. Skipping connection attempt.
[2025-02-08T03:59:16.500Z] Device at 10.30.28.23 is not reachable. Skipping connection attempt.
[2025-02-08T03:59:26.516Z] Device at 10.30.28.23 is not reachable. Skipping connection attempt.
[2025-02-08T03:59:36.512Z] Device at 10.30.28.23 is not reachable. Skipping connection attempt.
[2025-02-08T03:59:46.528Z] Device at 10.30.28.23 is not reachable. Skipping connection attempt.
[2025-02-08T03:59:56.534Z] Device at 10.30.28.23 is not reachable. Skipping connection attempt.
[2025-02-08T04:00:06.548Z] Device at 10.30.28.23 is not reachable. Skipping connection attempt.
[2025-02-08T04:00:16.539Z] Device at 10.30.28.23 is not reachable. Skipping connection attempt.
[2025-02-08T04:00:26.557Z] Device at 10.30.28.23 is not reachable. Skipping connection attempt.
[2025-02-08T04:00:36.561Z] Device at 10.30.28.23 is not reachable. Skipping connection attempt.
[2025-02-08T04:00:46.578Z] Device at 10.30.28.23 is not reachable. Skipping connection attempt.
[2025-02-08T04:00:56.587Z] Device at 10.30.28.23 is not reachable. Skipping connection attempt.
[2025-02-08T04:01:06.580Z] Device at 10.30.28.23 is not reachable. Skipping connection attempt.
[2025-02-08T04:01:16.590Z] Device at 10.30.28.23 is not reachable. Skipping connection attempt.
[2025-02-08T04:01:26.596Z] Device at 10.30.28.23 is not reachable. Skipping connection attempt.
[2025-02-08T04:01:36.599Z] Device at 10.30.28.23 is not reachable. Skipping connection attempt.
[2025-02-08T04:01:46.606Z] Device at 10.30.28.23 is not reachable. Skipping connection attempt.
[2025-02-08T04:01:56.623Z] Device at 10.30.28.23 is not reachable. Skipping connection attempt.
[2025-02-08T04:02:06.639Z] Device at 10.30.28.23 is not reachable. Skipping connection attempt.
[2025-02-08T04:02:16.656Z] Device at 10.30.28.23 is not reachable. Skipping connection attempt.
[2025-02-08T04:02:26.661Z] Device at 10.30.28.23 is not reachable. Skipping connection attempt.
[2025-02-08T04:02:36.677Z] Device at 10.30.28.23 is not reachable. Skipping connection attempt.
[2025-02-08T04:02:46.689Z] Device at 10.30.28.23 is not reachable. Skipping connection attempt.
[2025-02-08T04:02:56.712Z] Device at 10.30.28.23 is not reachable. Skipping connection attempt.
[2025-02-08T04:03:06.690Z] Device at 10.30.28.23 is not reachable. Skipping connection attempt.
[2025-02-08T04:03:16.694Z] Device at 10.30.28.23 is not reachable. Skipping connection attempt.
[2025-02-08T04:03:26.704Z] Device at 10.30.28.23 is not reachable. Skipping connection attempt.
[2025-02-08T04:03:36.719Z] Device at 10.30.28.23 is not reachable. Skipping connection attempt.
[2025-02-08T04:03:46.724Z] Device at 10.30.28.23 is not reachable. Skipping connection attempt.
[2025-02-08T04:03:56.731Z] Device at 10.30.28.23 is not reachable. Skipping connection attempt.
[2025-02-08T04:04:06.747Z] Device at 10.30.28.23 is not reachable. Skipping connection attempt.
[2025-02-08T04:04:16.756Z] Device at 10.30.28.23 is not reachable. Skipping connection attempt.
[2025-02-08T04:04:26.772Z] Device at 10.30.28.23 is not reachable. Skipping connection attempt.
[2025-02-08T04:04:36.787Z] Device at 10.30.28.23 is not reachable. Skipping connection attempt.
[2025-02-08T04:04:46.794Z] Device at 10.30.28.23 is not reachable. Skipping connection attempt.
[2025-02-08T04:04:56.808Z] Device at 10.30.28.23 is not reachable. Skipping connection attempt.
[2025-02-08T04:05:06.830Z] Device at 10.30.28.23 is not reachable. Skipping connection attempt.
[2025-02-08T04:05:16.854Z] Device at 10.30.28.23 is not reachable. Skipping connection attempt.
[2025-02-08T04:05:26.841Z] Device at 10.30.28.23 is not reachable. Skipping connection attempt.
[2025-02-08T04:05:36.837Z] Device at 10.30.28.23 is not reachable. Skipping connection attempt.
[2025-02-08T04:05:46.881Z] Device at 10.30.28.23 is not reachable. Skipping connection attempt.
[2025-02-08T04:05:56.867Z] Device at 10.30.28.23 is not reachable. Skipping connection attempt.
[2025-02-08T04:06:06.873Z] Device at 10.30.28.23 is not reachable. Skipping connection attempt.
[2025-02-08T04:06:16.892Z] Device at 10.30.28.23 is not reachable. Skipping connection attempt.
[2025-02-08T04:06:26.930Z] Device at 10.30.28.23 is not reachable. Skipping connection attempt.
[2025-02-08T04:06:36.913Z] Device at 10.30.28.23 is not reachable. Skipping connection attempt.
[2025-02-08T04:06:46.921Z] Device at 10.30.28.23 is not reachable. Skipping connection attempt.
[2025-02-08T04:06:56.937Z] Device at 10.30.28.23 is not reachable. Skipping connection attempt.
[2025-02-08T04:07:06.942Z] Device at 10.30.28.23 is not reachable. Skipping connection attempt.
[2025-02-08T04:07:16.988Z] Device at 10.30.28.23 is not reachable. Skipping connection attempt.
[2025-02-08T04:07:26.994Z] Device at 10.30.28.23 is not reachable. Skipping connection attempt.
[2025-02-08T04:07:36.965Z] Device at 10.30.28.23 is not reachable. Skipping connection attempt.
[2025-02-08T04:07:46.979Z] Device at 10.30.28.23 is not reachable. Skipping connection attempt.
[2025-02-08T04:07:56.983Z] Device at 10.30.28.23 is not reachable. Skipping connection attempt.
[2025-02-08T04:08:07.001Z] Device at 10.30.28.23 is not reachable. Skipping connection attempt.
[2025-02-08T04:08:17.007Z] Device at 10.30.28.23 is not reachable. Skipping connection attempt.
[2025-02-08T04:08:27.044Z] Device at 10.30.28.23 is not reachable. Skipping connection attempt.
[2025-02-08T04:08:37.021Z] Device at 10.30.28.23 is not reachable. Skipping connection attempt.
[2025-02-08T04:08:47.067Z] Device at 10.30.28.23 is not reachable. Skipping connection attempt.
[2025-02-08T04:08:57.037Z] Device at 10.30.28.23 is not reachable. Skipping connection attempt.
[2025-02-08T04:09:07.032Z] Device at 10.30.28.23 is not reachable. Skipping connection attempt.
[2025-02-08T04:09:17.036Z] Device at 10.30.28.23 is not reachable. Skipping connection attempt.
[2025-02-08T04:09:27.041Z] Device at 10.30.28.23 is not reachable. Skipping connection attempt.
[2025-02-08T04:09:37.049Z] Device at 10.30.28.23 is not reachable. Skipping connection attempt.
[2025-02-08T04:09:47.058Z] Device at 10.30.28.23 is not reachable. Skipping connection attempt.
[2025-02-08T04:09:57.069Z] Device at 10.30.28.23 is not reachable. Skipping connection attempt.
[2025-02-08T04:10:07.077Z] Device at 10.30.28.23 is not reachable. Skipping connection attempt.
[2025-02-08T04:10:17.114Z] Device at 10.30.28.23 is not reachable. Skipping connection attempt.
[2025-02-08T04:10:27.111Z] Device at 10.30.28.23 is not reachable. Skipping connection attempt.
[2025-02-08T04:10:37.108Z] Device at 10.30.28.23 is not reachable. Skipping connection attempt.
[2025-02-08T04:10:47.154Z] Device at 10.30.28.23 is not reachable. Skipping connection attempt.
[2025-02-08T04:10:57.123Z] Device at 10.30.28.23 is not reachable. Skipping connection attempt.
[2025-02-08T04:11:07.127Z] Device at 10.30.28.23 is not reachable. Skipping connection attempt.
[2025-02-08T04:11:17.140Z] Device at 10.30.28.23 is not reachable. Skipping connection attempt.
[2025-02-08T04:11:27.141Z] Device at 10.30.28.23 is not reachable. Skipping connection attempt.
[2025-02-08T04:11:37.188Z] Device at 10.30.28.23 is not reachable. Skipping connection attempt.
[2025-02-08T04:11:47.168Z] Device at 10.30.28.23 is not reachable. Skipping connection attempt.
[2025-02-08T04:11:57.172Z] Device at 10.30.28.23 is not reachable. Skipping connection attempt.
[2025-02-08T04:12:07.177Z] Device at 10.30.28.23 is not reachable. Skipping connection attempt.
[2025-02-08T04:12:17.175Z] Device at 10.30.28.23 is not reachable. Skipping connection attempt.
[2025-02-08T04:12:27.180Z] Device at 10.30.28.23 is not reachable. Skipping connection attempt.
[2025-02-08T04:12:37.196Z] Device at 10.30.28.23 is not reachable. Skipping connection attempt.
[2025-02-08T04:12:47.212Z] Device at 10.30.28.23 is not reachable. Skipping connection attempt.
[2025-02-08T04:12:57.237Z] Device at 10.30.28.23 is not reachable. Skipping connection attempt.
[2025-02-08T04:13:07.235Z] Device at 10.30.28.23 is not reachable. Skipping connection attempt.
[2025-02-08T04:13:17.230Z] Device at 10.30.28.23 is not reachable. Skipping connection attempt.
[2025-02-08T04:13:27.214Z] Device at 10.30.28.23 is not reachable. Skipping connection attempt.
[2025-02-08T04:13:37.233Z] Device at 10.30.28.23 is not reachable. Skipping connection attempt.
[2025-02-08T04:13:47.293Z] Device at 10.30.28.23 is not reachable. Skipping connection attempt.
[2025-02-08T04:13:57.258Z] Device at 10.30.28.23 is not reachable. Skipping connection attempt.
[2025-02-08T04:14:07.263Z] Device at 10.30.28.23 is not reachable. Skipping connection attempt.
[2025-02-08T04:14:17.284Z] Device at 10.30.28.23 is not reachable. Skipping connection attempt.
[2025-02-08T04:14:27.285Z] Device at 10.30.28.23 is not reachable. Skipping connection attempt.
[2025-02-08T04:14:37.292Z] Device at 10.30.28.23 is not reachable. Skipping connection attempt.
[2025-02-08T04:14:47.306Z] Device at 10.30.28.23 is not reachable. Skipping connection attempt.
[2025-02-08T04:14:57.308Z] Device at 10.30.28.23 is not reachable. Skipping connection attempt.
[2025-02-08T04:15:07.312Z] Device at 10.30.28.23 is not reachable. Skipping connection attempt.
[2025-02-08T04:15:17.322Z] Device at 10.30.28.23 is not reachable. Skipping connection attempt.
[2025-02-08T04:15:27.342Z] Device at 10.30.28.23 is not reachable. Skipping connection attempt.
[2025-02-08T04:15:37.341Z] Device at 10.30.28.23 is not reachable. Skipping connection attempt.
[2025-02-08T04:15:47.358Z] Device at 10.30.28.23 is not reachable. Skipping connection attempt.
[2025-02-08T04:15:57.365Z] Device at 10.30.28.23 is not reachable. Skipping connection attempt.
[2025-02-08T04:16:07.379Z] Device at 10.30.28.23 is not reachable. Skipping connection attempt.
[2025-02-08T04:16:17.421Z] Device at 10.30.28.23 is not reachable. Skipping connection attempt.
[2025-02-08T04:16:27.393Z] Device at 10.30.28.23 is not reachable. Skipping connection attempt.
[2025-02-08T04:16:37.419Z] Device at 10.30.28.23 is not reachable. Skipping connection attempt.
[2025-02-08T04:16:47.387Z] Device at 10.30.28.23 is not reachable. Skipping connection attempt.
[2025-02-08T04:16:57.393Z] Device at 10.30.28.23 is not reachable. Skipping connection attempt.
[2025-02-08T04:17:07.408Z] Device at 10.30.28.23 is not reachable. Skipping connection attempt.
[2025-02-08T04:17:17.414Z] Device at 10.30.28.23 is not reachable. Skipping connection attempt.
[2025-02-08T04:17:27.424Z] Device at 10.30.28.23 is not reachable. Skipping connection attempt.
[2025-02-08T04:17:37.429Z] Device at 10.30.28.23 is not reachable. Skipping connection attempt.
[2025-02-08T04:17:47.434Z] Device at 10.30.28.23 is not reachable. Skipping connection attempt.
[2025-02-08T04:17:57.480Z] Device at 10.30.28.23 is not reachable. Skipping connection attempt.
[2025-02-08T04:18:07.509Z] Device at 10.30.28.23 is not reachable. Skipping connection attempt.
[2025-02-08T04:18:17.465Z] Device at 10.30.28.23 is not reachable. Skipping connection attempt.
[2025-02-08T04:18:27.462Z] Device at 10.30.28.23 is not reachable. Skipping connection attempt.
[2025-02-08T04:18:37.467Z] Device at 10.30.28.23 is not reachable. Skipping connection attempt.
[2025-02-08T04:18:47.472Z] Device at 10.30.28.23 is not reachable. Skipping connection attempt.
[2025-02-08T04:18:57.483Z] Device at 10.30.28.23 is not reachable. Skipping connection attempt.
[2025-02-08T04:19:07.488Z] Device at 10.30.28.23 is not reachable. Skipping connection attempt.
[2025-02-08T04:19:17.502Z] Device at 10.30.28.23 is not reachable. Skipping connection attempt.
[2025-02-08T04:19:27.508Z] Device at 10.30.28.23 is not reachable. Skipping connection attempt.
[2025-02-08T04:19:37.513Z] Device at 10.30.28.23 is not reachable. Skipping connection attempt.
[2025-02-08T04:19:47.554Z] Device at 10.30.28.23 is not reachable. Skipping connection attempt.
[2025-02-08T04:19:57.528Z] Device at 10.30.28.23 is not reachable. Skipping connection attempt.
[2025-02-08T04:20:07.534Z] Device at 10.30.28.23 is not reachable. Skipping connection attempt.
[2025-02-08T04:20:17.553Z] Device at 10.30.28.23 is not reachable. Skipping connection attempt.
[2025-02-08T04:20:27.551Z] Device at 10.30.28.23 is not reachable. Skipping connection attempt.
[2025-02-08T04:20:37.565Z] Device at 10.30.28.23 is not reachable. Skipping connection attempt.
[2025-02-08T04:20:47.574Z] Device at 10.30.28.23 is not reachable. Skipping connection attempt.
[2025-02-08T04:20:57.579Z] Device at 10.30.28.23 is not reachable. Skipping connection attempt.
[2025-02-08T04:21:07.595Z] Device at 10.30.28.23 is not reachable. Skipping connection attempt.
[2025-02-08T04:21:17.609Z] Device at 10.30.28.23 is not reachable. Skipping connection attempt.
[2025-02-08T04:21:27.606Z] Device at 10.30.28.23 is not reachable. Skipping connection attempt.
[2025-02-08T04:21:37.602Z] Device at 10.30.28.23 is not reachable. Skipping connection attempt.
[2025-02-08T04:21:47.609Z] Device at 10.30.28.23 is not reachable. Skipping connection attempt.
[2025-02-08T04:21:57.616Z] Device at 10.30.28.23 is not reachable. Skipping connection attempt.
[2025-02-08T04:22:07.620Z] Device at 10.30.28.23 is not reachable. Skipping connection attempt.
[2025-02-08T04:22:17.637Z] Device at 10.30.28.23 is not reachable. Skipping connection attempt.
[2025-02-08T04:22:27.685Z] Device at 10.30.28.23 is not reachable. Skipping connection attempt.
[2025-02-08T04:22:37.651Z] Device at 10.30.28.23 is not reachable. Skipping connection attempt.
[2025-02-08T04:22:47.658Z] Device at 10.30.28.23 is not reachable. Skipping connection attempt.
[2025-02-08T04:22:57.666Z] Device at 10.30.28.23 is not reachable. Skipping connection attempt.
[2025-02-08T04:23:07.682Z] Device at 10.30.28.23 is not reachable. Skipping connection attempt.
[2025-02-08T04:23:17.696Z] Device at 10.30.28.23 is not reachable. Skipping connection attempt.
[2025-02-08T04:23:27.707Z] Device at 10.30.28.23 is not reachable. Skipping connection attempt.
[2025-02-08T04:23:37.707Z] Device at 10.30.28.23 is not reachable. Skipping connection attempt.
[2025-02-08T04:23:47.717Z] Device at 10.30.28.23 is not reachable. Skipping connection attempt.
[2025-02-08T04:23:57.722Z] Device at 10.30.28.23 is not reachable. Skipping connection attempt.
[2025-02-08T04:24:07.739Z] Device at 10.30.28.23 is not reachable. Skipping connection attempt.
[2025-02-08T04:24:17.745Z] Device at 10.30.28.23 is not reachable. Skipping connection attempt.
[2025-02-08T04:24:29.280Z] Device at 10.30.28.23 is not reachable. Skipping connection attempt.
[2025-02-08T04:24:37.757Z] Device at 10.30.28.23 is not reachable. Skipping connection attempt.
[2025-02-08T04:24:47.763Z] Device at 10.30.28.23 is not reachable. Skipping connection attempt.
[2025-02-08T04:24:57.775Z] Device at 10.30.28.23 is not reachable. Skipping connection attempt.
[2025-02-08T04:25:07.789Z] Device at 10.30.28.23 is not reachable. Skipping connection attempt.
[2025-02-08T04:25:17.795Z] Device at 10.30.28.23 is not reachable. Skipping connection attempt.
[2025-02-08T04:25:27.801Z] Device at 10.30.28.23 is not reachable. Skipping connection attempt.
[2025-02-08T04:25:37.808Z] Device at 10.30.28.23 is not reachable. Skipping connection attempt.
[2025-02-08T04:25:47.819Z] Device at 10.30.28.23 is not reachable. Skipping connection attempt.
[2025-02-08T04:25:57.819Z] Device at 10.30.28.23 is not reachable. Skipping connection attempt.
[2025-02-08T04:26:07.828Z] Device at 10.30.28.23 is not reachable. Skipping connection attempt.
[2025-02-08T04:26:17.862Z] Device at 10.30.28.23 is not reachable. Skipping connection attempt.
[2025-02-08T04:26:27.851Z] Device at 10.30.28.23 is not reachable. Skipping connection attempt.
[2025-02-08T04:26:37.853Z] Device at 10.30.28.23 is not reachable. Skipping connection attempt.
[2025-02-08T04:26:47.879Z] Device at 10.30.28.23 is not reachable. Skipping connection attempt.
[2025-02-08T04:26:57.867Z] Device at 10.30.28.23 is not reachable. Skipping connection attempt.
[2025-02-08T04:27:07.872Z] Device at 10.30.28.23 is not reachable. Skipping connection attempt.
[2025-02-08T04:27:17.909Z] Device at 10.30.28.23 is not reachable. Skipping connection attempt.
[2025-02-08T04:27:27.885Z] Device at 10.30.28.23 is not reachable. Skipping connection attempt.
[2025-02-08T04:27:37.883Z] Device at 10.30.28.23 is not reachable. Skipping connection attempt.
[2025-02-08T04:27:47.900Z] Device at 10.30.28.23 is not reachable. Skipping connection attempt.
[2025-02-08T04:27:57.908Z] Device at 10.30.28.23 is not reachable. Skipping connection attempt.
[2025-02-08T04:28:07.901Z] Device at 10.30.28.23 is not reachable. Skipping connection attempt.
[2025-02-08T04:28:17.952Z] Device at 10.30.28.23 is not reachable. Skipping connection attempt.
[2025-02-08T04:28:27.928Z] Device at 10.30.28.23 is not reachable. Skipping connection attempt.
[2025-02-08T04:28:37.950Z] Device at 10.30.28.23 is not reachable. Skipping connection attempt.
[2025-02-08T04:28:47.937Z] Device at 10.30.28.23 is not reachable. Skipping connection attempt.
[2025-02-08T04:28:57.947Z] Device at 10.30.28.23 is not reachable. Skipping connection attempt.
[2025-02-08T04:29:07.954Z] Device at 10.30.28.23 is not reachable. Skipping connection attempt.
[2025-02-08T04:29:17.972Z] Device at 10.30.28.23 is not reachable. Skipping connection attempt.
[2025-02-08T04:29:27.976Z] Device at 10.30.28.23 is not reachable. Skipping connection attempt.
[2025-02-08T04:29:37.973Z] Device at 10.30.28.23 is not reachable. Skipping connection attempt.
[2025-02-08T04:29:47.979Z] Device at 10.30.28.23 is not reachable. Skipping connection attempt.
[2025-02-08T04:29:57.984Z] Device at 10.30.28.23 is not reachable. Skipping connection attempt.
[2025-02-08T04:30:08.004Z] Device at 10.30.28.23 is not reachable. Skipping connection attempt.
[2025-02-08T04:30:18.039Z] Device at 10.30.28.23 is not reachable. Skipping connection attempt.
[2025-02-08T04:30:28.024Z] Device at 10.30.28.23 is not reachable. Skipping connection attempt.
[2025-02-08T04:30:38.037Z] Device at 10.30.28.23 is not reachable. Skipping connection attempt.
[2025-02-08T04:30:48.027Z] Device at 10.30.28.23 is not reachable. Skipping connection attempt.
[2025-02-08T04:30:58.034Z] Device at 10.30.28.23 is not reachable. Skipping connection attempt.
[2025-02-08T04:31:08.040Z] Device at 10.30.28.23 is not reachable. Skipping connection attempt.
[2025-02-08T04:31:18.046Z] Device at 10.30.28.23 is not reachable. Skipping connection attempt.
[2025-02-08T04:31:28.053Z] Device at 10.30.28.23 is not reachable. Skipping connection attempt.
[2025-02-08T04:31:38.058Z] Device at 10.30.28.23 is not reachable. Skipping connection attempt.
[2025-02-08T04:31:48.069Z] Device at 10.30.28.23 is not reachable. Skipping connection attempt.
[2025-02-08T04:31:58.074Z] Device at 10.30.28.23 is not reachable. Skipping connection attempt.
[2025-02-08T04:32:08.079Z] Device at 10.30.28.23 is not reachable. Skipping connection attempt.
[2025-02-08T04:32:18.087Z] Device at 10.30.28.23 is not reachable. Skipping connection attempt.
[2025-02-08T04:32:28.121Z] Device at 10.30.28.23 is not reachable. Skipping connection attempt.
[2025-02-08T04:32:38.097Z] Device at 10.30.28.23 is not reachable. Skipping connection attempt.
[2025-02-08T04:32:48.103Z] Device at 10.30.28.23 is not reachable. Skipping connection attempt.
[2025-02-08T04:32:58.110Z] Device at 10.30.28.23 is not reachable. Skipping connection attempt.
[2025-02-08T04:33:08.115Z] Device at 10.30.28.23 is not reachable. Skipping connection attempt.
[2025-02-08T04:33:18.126Z] Device at 10.30.28.23 is not reachable. Skipping connection attempt.
[2025-02-08T04:33:28.153Z] Device at 10.30.28.23 is not reachable. Skipping connection attempt.
[2025-02-08T04:33:38.117Z] Device at 10.30.28.23 is not reachable. Skipping connection attempt.
[2025-02-08T04:33:48.121Z] Device at 10.30.28.23 is not reachable. Skipping connection attempt.
[2025-02-08T04:33:58.140Z] Device at 10.30.28.23 is not reachable. Skipping connection attempt.
[2025-02-08T04:34:08.147Z] Device at 10.30.28.23 is not reachable. Skipping connection attempt.
[2025-02-08T04:34:18.154Z] Device at 10.30.28.23 is not reachable. Skipping connection attempt.
[2025-02-08T04:34:29.774Z] Device at 10.30.28.23 is not reachable. Skipping connection attempt.
[2025-02-08T04:34:38.164Z] Device at 10.30.28.23 is not reachable. Skipping connection attempt.
[2025-02-08T04:34:48.171Z] Device at 10.30.28.23 is not reachable. Skipping connection attempt.
[2025-02-08T04:34:58.196Z] Device at 10.30.28.23 is not reachable. Skipping connection attempt.
[2025-02-08T04:35:08.194Z] Device at 10.30.28.23 is not reachable. Skipping connection attempt.
[2025-02-08T04:35:18.190Z] Device at 10.30.28.23 is not reachable. Skipping connection attempt.
[2025-02-08T04:35:28.199Z] Device at 10.30.28.23 is not reachable. Skipping connection attempt.
[2025-02-08T04:35:38.214Z] Device at 10.30.28.23 is not reachable. Skipping connection attempt.
[2025-02-08T04:35:48.252Z] Device at 10.30.28.23 is not reachable. Skipping connection attempt.
[2025-02-08T04:35:58.226Z] Device at 10.30.28.23 is not reachable. Skipping connection attempt.
[2025-02-08T04:36:08.264Z] Device at 10.30.28.23 is not reachable. Skipping connection attempt.
[2025-02-08T04:36:18.253Z] Device at 10.30.28.23 is not reachable. Skipping connection attempt.
[2025-02-08T04:36:28.257Z] Device at 10.30.28.23 is not reachable. Skipping connection attempt.
[2025-02-08T04:36:38.275Z] Device at 10.30.28.23 is not reachable. Skipping connection attempt.
[2025-02-08T04:36:48.270Z] Device at 10.30.28.23 is not reachable. Skipping connection attempt.
[2025-02-08T04:36:58.277Z] Device at 10.30.28.23 is not reachable. Skipping connection attempt.
[2025-02-08T04:37:08.283Z] Device at 10.30.28.23 is not reachable. Skipping connection attempt.
[2025-02-08T04:37:20.280Z] Device at 10.30.28.23 is not reachable. Skipping connection attempt.
[2025-02-08T04:37:28.328Z] Device at 10.30.28.23 is not reachable. Skipping connection attempt.
[2025-02-08T04:37:38.322Z] Device at 10.30.28.23 is not reachable. Skipping connection attempt.
[2025-02-08T04:37:48.318Z] Device at 10.30.28.23 is not reachable. Skipping connection attempt.
[2025-02-08T04:37:58.335Z] Device at 10.30.28.23 is not reachable. Skipping connection attempt.
[2025-02-08T04:38:08.332Z] Device at 10.30.28.23 is not reachable. Skipping connection attempt.
[2025-02-08T04:38:18.340Z] Device at 10.30.28.23 is not reachable. Skipping connection attempt.
[2025-02-08T04:38:28.343Z] Device at 10.30.28.23 is not reachable. Skipping connection attempt.
[2025-02-08T04:38:38.349Z] Device at 10.30.28.23 is not reachable. Skipping connection attempt.
[2025-02-08T04:38:48.369Z] Device at 10.30.28.23 is not reachable. Skipping connection attempt.
[2025-02-08T04:38:58.410Z] Device at 10.30.28.23 is not reachable. Skipping connection attempt.
[2025-02-08T04:39:08.380Z] Device at 10.30.28.23 is not reachable. Skipping connection attempt.
[2025-02-08T04:39:18.395Z] Device at 10.30.28.23 is not reachable. Skipping connection attempt.
[2025-02-08T04:39:28.414Z] Device at 10.30.28.23 is not reachable. Skipping connection attempt.
[2025-02-08T04:39:38.426Z] Device at 10.30.28.23 is not reachable. Skipping connection attempt.
[2025-02-08T04:39:48.429Z] Device at 10.30.28.23 is not reachable. Skipping connection attempt.
[2025-02-08T04:39:58.442Z] Device at 10.30.28.23 is not reachable. Skipping connection attempt.
[2025-02-08T04:40:08.448Z] Device at 10.30.28.23 is not reachable. Skipping connection attempt.
[2025-02-08T04:40:18.452Z] Device at 10.30.28.23 is not reachable. Skipping connection attempt.
[2025-02-08T04:40:28.460Z] Device at 10.30.28.23 is not reachable. Skipping connection attempt.
[2025-02-08T04:40:38.480Z] Device at 10.30.28.23 is not reachable. Skipping connection attempt.
[2025-02-08T04:40:48.495Z] Device at 10.30.28.23 is not reachable. Skipping connection attempt.
[2025-02-08T04:40:58.490Z] Device at 10.30.28.23 is not reachable. Skipping connection attempt.
[2025-02-08T04:41:08.526Z] Device at 10.30.28.23 is not reachable. Skipping connection attempt.
[2025-02-08T04:41:18.514Z] Device at 10.30.28.23 is not reachable. Skipping connection attempt.
[2025-02-08T04:41:28.517Z] Device at 10.30.28.23 is not reachable. Skipping connection attempt.
[2025-02-08T04:41:38.546Z] Device at 10.30.28.23 is not reachable. Skipping connection attempt.
[2025-02-08T04:41:48.530Z] Device at 10.30.28.23 is not reachable. Skipping connection attempt.
[2025-02-08T04:41:58.550Z] Device at 10.30.28.23 is not reachable. Skipping connection attempt.
[2025-02-08T04:42:08.554Z] Device at 10.30.28.23 is not reachable. Skipping connection attempt.
[2025-02-08T04:42:18.602Z] Device at 10.30.28.23 is not reachable. Skipping connection attempt.
[2025-02-08T04:42:28.566Z] Device at 10.30.28.23 is not reachable. Skipping connection attempt.
[2025-02-08T04:42:38.574Z] Device at 10.30.28.23 is not reachable. Skipping connection attempt.
[2025-02-08T04:42:48.572Z] Device at 10.30.28.23 is not reachable. Skipping connection attempt.
[2025-02-08T04:42:58.578Z] Device at 10.30.28.23 is not reachable. Skipping connection attempt.
[2025-02-08T04:43:08.587Z] Device at 10.30.28.23 is not reachable. Skipping connection attempt.
[2025-02-08T04:43:18.599Z] Device at 10.30.28.23 is not reachable. Skipping connection attempt.
[2025-02-08T04:43:28.594Z] Device at 10.30.28.23 is not reachable. Skipping connection attempt.
[2025-02-08T04:43:38.601Z] Device at 10.30.28.23 is not reachable. Skipping connection attempt.
[2025-02-08T04:43:48.608Z] Device at 10.30.28.23 is not reachable. Skipping connection attempt.
[2025-02-08T04:43:58.618Z] Device at 10.30.28.23 is not reachable. Skipping connection attempt.
[2025-02-08T04:44:08.622Z] Device at 10.30.28.23 is not reachable. Skipping connection attempt.
[2025-02-08T04:44:18.631Z] Device at 10.30.28.23 is not reachable. Skipping connection attempt.
[2025-02-08T04:44:28.624Z] Device at 10.30.28.23 is not reachable. Skipping connection attempt.
[2025-02-08T04:44:38.633Z] Device at 10.30.28.23 is not reachable. Skipping connection attempt.
[2025-02-08T04:44:48.650Z] Device at 10.30.28.23 is not reachable. Skipping connection attempt.
[2025-02-08T04:44:58.644Z] Device at 10.30.28.23 is not reachable. Skipping connection attempt.
[2025-02-08T04:45:08.650Z] Device at 10.30.28.23 is not reachable. Skipping connection attempt.
[2025-02-08T04:45:18.669Z] Device at 10.30.28.23 is not reachable. Skipping connection attempt.
[2025-02-08T04:45:28.674Z] Device at 10.30.28.23 is not reachable. Skipping connection attempt.
[2025-02-08T04:45:38.711Z] Device at 10.30.28.23 is not reachable. Skipping connection attempt.
[2025-02-08T04:45:48.686Z] Device at 10.30.28.23 is not reachable. Skipping connection attempt.
[2025-02-08T04:45:58.695Z] Device at 10.30.28.23 is not reachable. Skipping connection attempt.
[2025-02-08T04:46:08.706Z] Device at 10.30.28.23 is not reachable. Skipping connection attempt.
[2025-02-08T04:46:18.706Z] Device at 10.30.28.23 is not reachable. Skipping connection attempt.
[2025-02-08T04:46:28.724Z] Device at 10.30.28.23 is not reachable. Skipping connection attempt.
[2025-02-08T04:46:38.709Z] Device at 10.30.28.23 is not reachable. Skipping connection attempt.
[2025-02-08T04:46:48.726Z] Device at 10.30.28.23 is not reachable. Skipping connection attempt.
[2025-02-08T04:46:58.732Z] Device at 10.30.28.23 is not reachable. Skipping connection attempt.
[2025-02-08T04:47:08.739Z] Device at 10.30.28.23 is not reachable. Skipping connection attempt.
[2025-02-08T04:47:18.724Z] Device at 10.30.28.23 is not reachable. Skipping connection attempt.
[2025-02-08T04:47:28.770Z] Device at 10.30.28.23 is not reachable. Skipping connection attempt.
[2025-02-08T04:47:38.748Z] Device at 10.30.28.23 is not reachable. Skipping connection attempt.
[2025-02-08T04:47:48.745Z] Device at 10.30.28.23 is not reachable. Skipping connection attempt.
[2025-02-08T04:47:58.760Z] Device at 10.30.28.23 is not reachable. Skipping connection attempt.
[2025-02-08T04:48:08.767Z] Device at 10.30.28.23 is not reachable. Skipping connection attempt.
[2025-02-08T04:48:18.783Z] Device at 10.30.28.23 is not reachable. Skipping connection attempt.
[2025-02-08T04:48:28.801Z] Device at 10.30.28.23 is not reachable. Skipping connection attempt.
[2025-02-08T04:48:38.807Z] Device at 10.30.28.23 is not reachable. Skipping connection attempt.
[2025-02-08T04:48:48.843Z] Device at 10.30.28.23 is not reachable. Skipping connection attempt.
[2025-02-08T04:48:58.817Z] Device at 10.30.28.23 is not reachable. Skipping connection attempt.
[2025-02-08T04:49:08.844Z] Device at 10.30.28.23 is not reachable. Skipping connection attempt.
[2025-02-08T04:49:18.842Z] Device at 10.30.28.23 is not reachable. Skipping connection attempt.
[2025-02-08T04:49:28.880Z] Device at 10.30.28.23 is not reachable. Skipping connection attempt.
[2025-02-08T04:49:38.847Z] Device at 10.30.28.23 is not reachable. Skipping connection attempt.
[2025-02-08T04:49:48.855Z] Device at 10.30.28.23 is not reachable. Skipping connection attempt.
[2025-02-08T04:49:58.860Z] Device at 10.30.28.23 is not reachable. Skipping connection attempt.
[2025-02-08T04:50:08.865Z] Device at 10.30.28.23 is not reachable. Skipping connection attempt.
[2025-02-08T04:50:20.775Z] Device at 10.30.28.23 is not reachable. Skipping connection attempt.
[2025-02-08T04:50:28.890Z] Device at 10.30.28.23 is not reachable. Skipping connection attempt.
[2025-02-08T04:50:38.894Z] Device at 10.30.28.23 is not reachable. Skipping connection attempt.
[2025-02-08T04:50:48.903Z] Device at 10.30.28.23 is not reachable. Skipping connection attempt.
[2025-02-08T04:50:58.938Z] Device at 10.30.28.23 is not reachable. Skipping connection attempt.
[2025-02-08T04:51:08.913Z] Device at 10.30.28.23 is not reachable. Skipping connection attempt.
[2025-02-08T04:51:18.922Z] Device at 10.30.28.23 is not reachable. Skipping connection attempt.
[2025-02-08T04:51:28.925Z] Device at 10.30.28.23 is not reachable. Skipping connection attempt.
[2025-02-08T04:51:38.942Z] Device at 10.30.28.23 is not reachable. Skipping connection attempt.
[2025-02-08T04:51:48.958Z] Device at 10.30.28.23 is not reachable. Skipping connection attempt.
[2025-02-08T04:51:58.967Z] Device at 10.30.28.23 is not reachable. Skipping connection attempt.
[2025-02-08T04:52:08.983Z] Device at 10.30.28.23 is not reachable. Skipping connection attempt.
[2025-02-08T04:52:18.988Z] Device at 10.30.28.23 is not reachable. Skipping connection attempt.
[2025-02-08T04:52:29.004Z] Device at 10.30.28.23 is not reachable. Skipping connection attempt.
[2025-02-08T04:52:39.051Z] Device at 10.30.28.23 is not reachable. Skipping connection attempt.
[2025-02-08T04:52:49.038Z] Device at 10.30.28.23 is not reachable. Skipping connection attempt.
[2025-02-08T04:52:59.034Z] Device at 10.30.28.23 is not reachable. Skipping connection attempt.
[2025-02-08T04:53:10.782Z] Device at 10.30.28.23 is not reachable. Skipping connection attempt.
[2025-02-08T04:53:19.065Z] Device at 10.30.28.23 is not reachable. Skipping connection attempt.
[2025-02-08T04:53:29.063Z] Device at 10.30.28.23 is not reachable. Skipping connection attempt.
[2025-02-08T04:53:39.073Z] Device at 10.30.28.23 is not reachable. Skipping connection attempt.
[2025-02-08T04:53:49.078Z] Device at 10.30.28.23 is not reachable. Skipping connection attempt.
[2025-02-08T04:53:59.085Z] Device at 10.30.28.23 is not reachable. Skipping connection attempt.
[2025-02-08T04:54:09.091Z] Device at 10.30.28.23 is not reachable. Skipping connection attempt.
[2025-02-08T04:54:19.088Z] Device at 10.30.28.23 is not reachable. Skipping connection attempt.
[2025-02-08T04:54:29.094Z] Device at 10.30.28.23 is not reachable. Skipping connection attempt.
[2025-02-08T04:54:39.147Z] Device at 10.30.28.23 is not reachable. Skipping connection attempt.
[2025-02-08T04:54:49.105Z] Device at 10.30.28.23 is not reachable. Skipping connection attempt.
[2025-02-08T04:54:59.121Z] Device at 10.30.28.23 is not reachable. Skipping connection attempt.
[2025-02-08T04:55:09.116Z] Device at 10.30.28.23 is not reachable. Skipping connection attempt.
[2025-02-08T04:55:19.126Z] Device at 10.30.28.23 is not reachable. Skipping connection attempt.
[2025-02-08T04:55:29.146Z] Device at 10.30.28.23 is not reachable. Skipping connection attempt.
[2025-02-08T04:55:39.157Z] Device at 10.30.28.23 is not reachable. Skipping connection attempt.
[2025-02-08T04:55:49.166Z] Device at 10.30.28.23 is not reachable. Skipping connection attempt.
[2025-02-08T04:55:59.170Z] Device at 10.30.28.23 is not reachable. Skipping connection attempt.
[2025-02-08T04:56:09.186Z] Device at 10.30.28.23 is not reachable. Skipping connection attempt.
[2025-02-08T04:56:19.195Z] Device at 10.30.28.23 is not reachable. Skipping connection attempt.
[2025-02-08T04:56:29.202Z] Device at 10.30.28.23 is not reachable. Skipping connection attempt.
[2025-02-08T04:56:39.208Z] Device at 10.30.28.23 is not reachable. Skipping connection attempt.
[2025-02-08T04:56:49.218Z] Device at 10.30.28.23 is not reachable. Skipping connection attempt.
[2025-02-08T04:56:59.239Z] Device at 10.30.28.23 is not reachable. Skipping connection attempt.
[2025-02-08T04:57:09.212Z] Device at 10.30.28.23 is not reachable. Skipping connection attempt.
[2025-02-08T04:57:20.776Z] Device at 10.30.28.23 is not reachable. Skipping connection attempt.
[2025-02-08T04:57:29.268Z] Device at 10.30.28.23 is not reachable. Skipping connection attempt.
[2025-02-08T04:57:39.257Z] Device at 10.30.28.23 is not reachable. Skipping connection attempt.
[2025-02-08T04:57:49.270Z] Device at 10.30.28.23 is not reachable. Skipping connection attempt.
[2025-02-08T04:57:59.267Z] Device at 10.30.28.23 is not reachable. Skipping connection attempt.
[2025-02-08T04:58:09.275Z] Device at 10.30.28.23 is not reachable. Skipping connection attempt.
[2025-02-08T04:58:19.292Z] Device at 10.30.28.23 is not reachable. Skipping connection attempt.
[2025-02-08T04:58:29.297Z] Device at 10.30.28.23 is not reachable. Skipping connection attempt.
[2025-02-08T04:58:39.355Z] Device at 10.30.28.23 is not reachable. Skipping connection attempt.
[2025-02-08T04:58:49.319Z] Device at 10.30.28.23 is not reachable. Skipping connection attempt.
[2025-02-08T04:58:59.329Z] Device at 10.30.28.23 is not reachable. Skipping connection attempt.
[2025-02-08T04:59:09.332Z] Device at 10.30.28.23 is not reachable. Skipping connection attempt.
[2025-02-08T04:59:19.339Z] Device at 10.30.28.23 is not reachable. Skipping connection attempt.
[2025-02-08T04:59:29.375Z] Device at 10.30.28.23 is not reachable. Skipping connection attempt.
[2025-02-08T04:59:39.352Z] Device at 10.30.28.23 is not reachable. Skipping connection attempt.
[2025-02-08T04:59:49.358Z] Device at 10.30.28.23 is not reachable. Skipping connection attempt.
[2025-02-08T04:59:59.375Z] Device at 10.30.28.23 is not reachable. Skipping connection attempt.
[2025-02-08T05:00:09.384Z] Device at 10.30.28.23 is not reachable. Skipping connection attempt.
[2025-02-08T05:00:19.387Z] Device at 10.30.28.23 is not reachable. Skipping connection attempt.
[2025-02-08T05:00:29.395Z] Device at 10.30.28.23 is not reachable. Skipping connection attempt.
[2025-02-08T05:00:39.411Z] Device at 10.30.28.23 is not reachable. Skipping connection attempt.
[2025-02-08T05:00:49.412Z] Device at 10.30.28.23 is not reachable. Skipping connection attempt.
[2025-02-08T05:00:59.415Z] Device at 10.30.28.23 is not reachable. Skipping connection attempt.
[2025-02-08T05:01:09.421Z] Device at 10.30.28.23 is not reachable. Skipping connection attempt.
[2025-02-08T05:01:19.428Z] Device at 10.30.28.23 is not reachable. Skipping connection attempt.
[2025-02-08T05:01:29.425Z] Device at 10.30.28.23 is not reachable. Skipping connection attempt.
[2025-02-08T05:01:39.467Z] Device at 10.30.28.23 is not reachable. Skipping connection attempt.
[2025-02-08T05:01:49.447Z] Device at 10.30.28.23 is not reachable. Skipping connection attempt.
[2025-02-08T05:01:59.455Z] Device at 10.30.28.23 is not reachable. Skipping connection attempt.
[2025-02-08T05:02:09.461Z] Device at 10.30.28.23 is not reachable. Skipping connection attempt.
[2025-02-08T05:02:19.446Z] Device at 10.30.28.23 is not reachable. Skipping connection attempt.
[2025-02-08T05:02:29.461Z] Device at 10.30.28.23 is not reachable. Skipping connection attempt.
[2025-02-08T05:02:39.470Z] Device at 10.30.28.23 is not reachable. Skipping connection attempt.
[2025-02-08T05:02:49.477Z] Device at 10.30.28.23 is not reachable. Skipping connection attempt.
[2025-02-08T05:02:59.481Z] Device at 10.30.28.23 is not reachable. Skipping connection attempt.
[2025-02-08T05:03:09.491Z] Device at 10.30.28.23 is not reachable. Skipping connection attempt.
[2025-02-08T05:03:19.497Z] Device at 10.30.28.23 is not reachable. Skipping connection attempt.
[2025-02-08T05:03:29.502Z] Device at 10.30.28.23 is not reachable. Skipping connection attempt.
[2025-02-08T05:03:39.508Z] Device at 10.30.28.23 is not reachable. Skipping connection attempt.
[2025-02-08T05:03:49.545Z] Device at 10.30.28.23 is not reachable. Skipping connection attempt.
[2025-02-08T05:03:59.521Z] Device at 10.30.28.23 is not reachable. Skipping connection attempt.
[2025-02-08T05:04:09.538Z] Device at 10.30.28.23 is not reachable. Skipping connection attempt.
[2025-02-08T05:04:19.555Z] Device at 10.30.28.23 is not reachable. Skipping connection attempt.
[2025-02-08T05:04:29.592Z] Device at 10.30.28.23 is not reachable. Skipping connection attempt.
[2025-02-08T05:04:39.568Z] Device at 10.30.28.23 is not reachable. Skipping connection attempt.
[2025-02-08T05:04:49.613Z] Device at 10.30.28.23 is not reachable. Skipping connection attempt.
[2025-02-08T05:04:59.600Z] Device at 10.30.28.23 is not reachable. Skipping connection attempt.
[2025-02-08T05:05:09.578Z] Device at 10.30.28.23 is not reachable. Skipping connection attempt.
[2025-02-08T05:05:19.582Z] Device at 10.30.28.23 is not reachable. Skipping connection attempt.
[2025-02-08T05:05:29.600Z] Device at 10.30.28.23 is not reachable. Skipping connection attempt.
[2025-02-08T05:05:39.606Z] Device at 10.30.28.23 is not reachable. Skipping connection attempt.
[2025-02-08T05:05:49.614Z] Device at 10.30.28.23 is not reachable. Skipping connection attempt.
[2025-02-08T05:05:59.608Z] Device at 10.30.28.23 is not reachable. Skipping connection attempt.
[2025-02-08T05:06:09.615Z] Device at 10.30.28.23 is not reachable. Skipping connection attempt.
[2025-02-08T05:06:19.631Z] Device at 10.30.28.23 is not reachable. Skipping connection attempt.
[2025-02-08T05:06:29.636Z] Device at 10.30.28.23 is not reachable. Skipping connection attempt.
[2025-02-08T05:06:39.643Z] Device at 10.30.28.23 is not reachable. Skipping connection attempt.
[2025-02-08T05:06:49.649Z] Device at 10.30.28.23 is not reachable. Skipping connection attempt.
[2025-02-08T05:06:59.656Z] Device at 10.30.28.23 is not reachable. Skipping connection attempt.
[2025-02-08T05:07:09.666Z] Device at 10.30.28.23 is not reachable. Skipping connection attempt.
[2025-02-08T05:07:19.668Z] Device at 10.30.28.23 is not reachable. Skipping connection attempt.
[2025-02-08T05:07:29.709Z] Device at 10.30.28.23 is not reachable. Skipping connection attempt.
[2025-02-08T05:07:39.671Z] Device at 10.30.28.23 is not reachable. Skipping connection attempt.
[2025-02-08T05:07:49.689Z] Device at 10.30.28.23 is not reachable. Skipping connection attempt.
[2025-02-08T05:07:59.685Z] Device at 10.30.28.23 is not reachable. Skipping connection attempt.
[2025-02-08T05:08:09.691Z] Device at 10.30.28.23 is not reachable. Skipping connection attempt.
[2025-02-08T05:08:19.709Z] Device at 10.30.28.23 is not reachable. Skipping connection attempt.
[2025-02-08T05:08:29.714Z] Device at 10.30.28.23 is not reachable. Skipping connection attempt.
[2025-02-08T05:08:39.722Z] Device at 10.30.28.23 is not reachable. Skipping connection attempt.
[2025-02-08T05:08:49.739Z] Device at 10.30.28.23 is not reachable. Skipping connection attempt.
[2025-02-08T05:08:59.797Z] Device at 10.30.28.23 is not reachable. Skipping connection attempt.
[2025-02-08T05:09:09.752Z] Device at 10.30.28.23 is not reachable. Skipping connection attempt.
[2025-02-08T05:09:19.769Z] Device at 10.30.28.23 is not reachable. Skipping connection attempt.
[2025-02-08T05:09:29.783Z] Device at 10.30.28.23 is not reachable. Skipping connection attempt.
[2025-02-08T05:09:39.791Z] Device at 10.30.28.23 is not reachable. Skipping connection attempt.
[2025-02-08T05:09:49.788Z] Device at 10.30.28.23 is not reachable. Skipping connection attempt.
[2025-02-08T05:09:59.791Z] Device at 10.30.28.23 is not reachable. Skipping connection attempt.
[2025-02-08T05:10:09.790Z] Device at 10.30.28.23 is not reachable. Skipping connection attempt.
[2025-02-08T05:10:19.795Z] Device at 10.30.28.23 is not reachable. Skipping connection attempt.
[2025-02-08T05:10:29.790Z] Device at 10.30.28.23 is not reachable. Skipping connection attempt.
[2025-02-08T05:10:39.808Z] Device at 10.30.28.23 is not reachable. Skipping connection attempt.
[2025-02-08T05:10:49.815Z] Device at 10.30.28.23 is not reachable. Skipping connection attempt.
[2025-02-08T05:10:59.857Z] Device at 10.30.28.23 is not reachable. Skipping connection attempt.
[2025-02-08T05:11:09.850Z] Device at 10.30.28.23 is not reachable. Skipping connection attempt.
[2025-02-08T05:11:19.863Z] Device at 10.30.28.23 is not reachable. Skipping connection attempt.
[2025-02-08T05:11:29.871Z] Device at 10.30.28.23 is not reachable. Skipping connection attempt.
[2025-02-08T05:11:39.868Z] Device at 10.30.28.23 is not reachable. Skipping connection attempt.
[2025-02-08T05:11:49.872Z] Device at 10.30.28.23 is not reachable. Skipping connection attempt.
[2025-02-08T05:11:59.900Z] Device at 10.30.28.23 is not reachable. Skipping connection attempt.
[2025-02-08T05:12:09.895Z] Device at 10.30.28.23 is not reachable. Skipping connection attempt.
[2025-02-08T05:12:19.923Z] Device at 10.30.28.23 is not reachable. Skipping connection attempt.
[2025-02-08T05:12:29.910Z] Device at 10.30.28.23 is not reachable. Skipping connection attempt.
[2025-02-08T05:12:39.916Z] Device at 10.30.28.23 is not reachable. Skipping connection attempt.
[2025-02-08T05:12:49.923Z] Device at 10.30.28.23 is not reachable. Skipping connection attempt.
[2025-02-08T05:12:59.925Z] Device at 10.30.28.23 is not reachable. Skipping connection attempt.
[2025-02-08T05:13:09.934Z] Device at 10.30.28.23 is not reachable. Skipping connection attempt.
[2025-02-08T05:13:19.943Z] Device at 10.30.28.23 is not reachable. Skipping connection attempt.
[2025-02-08T05:13:29.961Z] Device at 10.30.28.23 is not reachable. Skipping connection attempt.
[2025-02-08T05:13:39.963Z] Device at 10.30.28.23 is not reachable. Skipping connection attempt.
[2025-02-08T05:13:49.970Z] Device at 10.30.28.23 is not reachable. Skipping connection attempt.
[2025-02-08T05:13:59.979Z] Device at 10.30.28.23 is not reachable. Skipping connection attempt.
[2025-02-08T05:14:09.984Z] Device at 10.30.28.23 is not reachable. Skipping connection attempt.
[2025-02-08T05:14:20.001Z] Device at 10.30.28.23 is not reachable. Skipping connection attempt.
[2025-02-08T05:14:30.007Z] Device at 10.30.28.23 is not reachable. Skipping connection attempt.
[2025-02-08T05:14:40.057Z] Device at 10.30.28.23 is not reachable. Skipping connection attempt.
[2025-02-08T05:14:50.020Z] Device at 10.30.28.23 is not reachable. Skipping connection attempt.
[2025-02-08T05:15:00.029Z] Device at 10.30.28.23 is not reachable. Skipping connection attempt.
[2025-02-08T05:15:10.044Z] Device at 10.30.28.23 is not reachable. Skipping connection attempt.
[2025-02-08T05:15:20.050Z] Device at 10.30.28.23 is not reachable. Skipping connection attempt.
[2025-02-08T05:15:30.067Z] Device at 10.30.28.23 is not reachable. Skipping connection attempt.
[2025-02-08T05:15:40.072Z] Device at 10.30.28.23 is not reachable. Skipping connection attempt.
[2025-02-08T05:15:50.079Z] Device at 10.30.28.23 is not reachable. Skipping connection attempt.
[2025-02-08T05:16:00.086Z] Device at 10.30.28.23 is not reachable. Skipping connection attempt.
[2025-02-08T05:16:10.094Z] Device at 10.30.28.23 is not reachable. Skipping connection attempt.
[2025-02-08T05:16:20.107Z] Device at 10.30.28.23 is not reachable. Skipping connection attempt.
[2025-02-08T05:16:30.114Z] Device at 10.30.28.23 is not reachable. Skipping connection attempt.
[2025-02-08T05:16:40.127Z] Device at 10.30.28.23 is not reachable. Skipping connection attempt.
[2025-02-08T05:16:50.128Z] Device at 10.30.28.23 is not reachable. Skipping connection attempt.
[2025-02-08T05:17:00.133Z] Device at 10.30.28.23 is not reachable. Skipping connection attempt.
[2025-02-08T05:17:10.162Z] Device at 10.30.28.23 is not reachable. Skipping connection attempt.
[2025-02-08T05:17:20.159Z] Device at 10.30.28.23 is not reachable. Skipping connection attempt.
[2025-02-08T05:17:30.153Z] Device at 10.30.28.23 is not reachable. Skipping connection attempt.
[2025-02-08T05:17:40.177Z] Device at 10.30.28.23 is not reachable. Skipping connection attempt.
[2025-02-08T05:17:50.204Z] Device at 10.30.28.23 is not reachable. Skipping connection attempt.
[2025-02-08T05:18:00.180Z] Device at 10.30.28.23 is not reachable. Skipping connection attempt.
[2025-02-08T05:18:10.187Z] Device at 10.30.28.23 is not reachable. Skipping connection attempt.
[2025-02-08T05:18:20.182Z] Device at 10.30.28.23 is not reachable. Skipping connection attempt.
[2025-02-08T05:18:30.200Z] Device at 10.30.28.23 is not reachable. Skipping connection attempt.
[2025-02-08T05:18:40.208Z] Device at 10.30.28.23 is not reachable. Skipping connection attempt.
[2025-02-08T05:18:50.224Z] Device at 10.30.28.23 is not reachable. Skipping connection attempt.
[2025-02-08T05:19:00.229Z] Device at 10.30.28.23 is not reachable. Skipping connection attempt.
[2025-02-08T05:19:10.246Z] Device at 10.30.28.23 is not reachable. Skipping connection attempt.
[2025-02-08T05:19:20.251Z] Device at 10.30.28.23 is not reachable. Skipping connection attempt.
[2025-02-08T05:19:30.271Z] Device at 10.30.28.23 is not reachable. Skipping connection attempt.
[2025-02-08T05:19:40.256Z] Device at 10.30.28.23 is not reachable. Skipping connection attempt.
[2025-02-08T05:19:50.271Z] Device at 10.30.28.23 is not reachable. Skipping connection attempt.
[2025-02-08T05:20:00.278Z] Device at 10.30.28.23 is not reachable. Skipping connection attempt.
[2025-02-08T05:20:10.292Z] Device at 10.30.28.23 is not reachable. Skipping connection attempt.
[2025-02-08T05:20:20.313Z] Device at 10.30.28.23 is not reachable. Skipping connection attempt.
[2025-02-08T05:20:30.315Z] Device at 10.30.28.23 is not reachable. Skipping connection attempt.
[2025-02-08T05:20:40.334Z] Device at 10.30.28.23 is not reachable. Skipping connection attempt.
[2025-02-08T05:20:50.345Z] Device at 10.30.28.23 is not reachable. Skipping connection attempt.
[2025-02-08T05:21:00.347Z] Device at 10.30.28.23 is not reachable. Skipping connection attempt.
[2025-02-08T05:21:10.357Z] Device at 10.30.28.23 is not reachable. Skipping connection attempt.
[2025-02-08T05:21:20.371Z] Device at 10.30.28.23 is not reachable. Skipping connection attempt.
[2025-02-08T05:21:30.379Z] Device at 10.30.28.23 is not reachable. Skipping connection attempt.
[2025-02-08T05:21:40.394Z] Device at 10.30.28.23 is not reachable. Skipping connection attempt.
[2025-02-08T05:21:50.402Z] Device at 10.30.28.23 is not reachable. Skipping connection attempt.
[2025-02-08T05:22:00.417Z] Device at 10.30.28.23 is not reachable. Skipping connection attempt.
[2025-02-08T05:22:10.421Z] Device at 10.30.28.23 is not reachable. Skipping connection attempt.
[2025-02-08T05:22:20.437Z] Device at 10.30.28.23 is not reachable. Skipping connection attempt.
[2025-02-08T05:22:30.444Z] Device at 10.30.28.23 is not reachable. Skipping connection attempt.
[2025-02-08T05:22:40.443Z] Device at 10.30.28.23 is not reachable. Skipping connection attempt.
[2025-02-08T05:22:50.460Z] Device at 10.30.28.23 is not reachable. Skipping connection attempt.
[2025-02-08T05:23:00.467Z] Device at 10.30.28.23 is not reachable. Skipping connection attempt.
[2025-02-08T05:23:10.475Z] Device at 10.30.28.23 is not reachable. Skipping connection attempt.
[2025-02-08T05:23:20.493Z] Device at 10.30.28.23 is not reachable. Skipping connection attempt.
[2025-02-08T05:23:30.495Z] Device at 10.30.28.23 is not reachable. Skipping connection attempt.
[2025-02-08T05:23:40.500Z] Device at 10.30.28.23 is not reachable. Skipping connection attempt.
[2025-02-08T05:23:50.537Z] Device at 10.30.28.23 is not reachable. Skipping connection attempt.
[2025-02-08T05:24:00.523Z] Device at 10.30.28.23 is not reachable. Skipping connection attempt.
[2025-02-08T05:24:10.539Z] Device at 10.30.28.23 is not reachable. Skipping connection attempt.
[2025-02-08T05:24:20.537Z] Device at 10.30.28.23 is not reachable. Skipping connection attempt.
[2025-02-08T05:24:30.542Z] Device at 10.30.28.23 is not reachable. Skipping connection attempt.
[2025-02-08T05:24:40.592Z] Device at 10.30.28.23 is not reachable. Skipping connection attempt.
[2025-02-08T05:24:50.557Z] Device at 10.30.28.23 is not reachable. Skipping connection attempt.
[2025-02-08T05:25:00.572Z] Device at 10.30.28.23 is not reachable. Skipping connection attempt.
[2025-02-08T05:25:10.588Z] Device at 10.30.28.23 is not reachable. Skipping connection attempt.
[2025-02-08T05:25:20.603Z] Device at 10.30.28.23 is not reachable. Skipping connection attempt.
[2025-02-08T05:25:30.613Z] Device at 10.30.28.23 is not reachable. Skipping connection attempt.
[2025-02-08T05:25:40.621Z] Device at 10.30.28.23 is not reachable. Skipping connection attempt.
[2025-02-08T05:25:50.625Z] Device at 10.30.28.23 is not reachable. Skipping connection attempt.
[2025-02-08T05:26:00.664Z] Device at 10.30.28.23 is not reachable. Skipping connection attempt.
[2025-02-08T05:26:10.675Z] Device at 10.30.28.23 is not reachable. Skipping connection attempt.
[2025-02-08T05:26:20.678Z] Device at 10.30.28.23 is not reachable. Skipping connection attempt.
[2025-02-08T05:26:30.648Z] Device at 10.30.28.23 is not reachable. Skipping connection attempt.
[2025-02-08T05:26:40.648Z] Device at 10.30.28.23 is not reachable. Skipping connection attempt.
[2025-02-08T05:26:50.673Z] Device at 10.30.28.23 is not reachable. Skipping connection attempt.
[2025-02-08T05:27:00.679Z] Device at 10.30.28.23 is not reachable. Skipping connection attempt.
[2025-02-08T05:27:10.666Z] Device at 10.30.28.23 is not reachable. Skipping connection attempt.
[2025-02-08T05:27:20.671Z] Device at 10.30.28.23 is not reachable. Skipping connection attempt.
[2025-02-08T05:27:30.679Z] Device at 10.30.28.23 is not reachable. Skipping connection attempt.
[2025-02-08T05:27:40.684Z] Device at 10.30.28.23 is not reachable. Skipping connection attempt.
[2025-02-08T05:27:50.702Z] Device at 10.30.28.23 is not reachable. Skipping connection attempt.
[2025-02-08T05:28:00.740Z] Device at 10.30.28.23 is not reachable. Skipping connection attempt.
[2025-02-08T05:28:10.725Z] Device at 10.30.28.23 is not reachable. Skipping connection attempt.
[2025-02-08T05:28:20.733Z] Device at 10.30.28.23 is not reachable. Skipping connection attempt.
[2025-02-08T05:28:30.736Z] Device at 10.30.28.23 is not reachable. Skipping connection attempt.
[2025-02-08T05:28:40.745Z] Device at 10.30.28.23 is not reachable. Skipping connection attempt.
[2025-02-08T05:28:50.740Z] Device at 10.30.28.23 is not reachable. Skipping connection attempt.
[2025-02-08T05:29:00.759Z] Device at 10.30.28.23 is not reachable. Skipping connection attempt.
[2025-02-08T05:29:10.775Z] Device at 10.30.28.23 is not reachable. Skipping connection attempt.
[2025-02-08T05:29:20.770Z] Device at 10.30.28.23 is not reachable. Skipping connection attempt.
[2025-02-08T05:29:30.810Z] Device at 10.30.28.23 is not reachable. Skipping connection attempt.
[2025-02-08T05:29:40.783Z] Device at 10.30.28.23 is not reachable. Skipping connection attempt.
[2025-02-08T05:29:50.781Z] Device at 10.30.28.23 is not reachable. Skipping connection attempt.
[2025-02-08T05:30:00.828Z] Device at 10.30.28.23 is not reachable. Skipping connection attempt.
[2025-02-08T05:30:10.817Z] Device at 10.30.28.23 is not reachable. Skipping connection attempt.
[2025-02-08T05:30:20.817Z] Device at 10.30.28.23 is not reachable. Skipping connection attempt.
[2025-02-08T05:30:30.827Z] Device at 10.30.28.23 is not reachable. Skipping connection attempt.
[2025-02-08T05:30:40.822Z] Device at 10.30.28.23 is not reachable. Skipping connection attempt.
[2025-02-08T05:30:50.839Z] Device at 10.30.28.23 is not reachable. Skipping connection attempt.
[2025-02-08T05:31:00.854Z] Device at 10.30.28.23 is not reachable. Skipping connection attempt.
[2025-02-08T05:31:09.343Z] Device at 10.30.28.23 is not reachable. Skipping connection attempt.
[2025-02-08T05:31:19.328Z] Device at 10.30.28.23 is not reachable. Skipping connection attempt.
[2025-02-08T05:31:29.334Z] Device at 10.30.28.23 is not reachable. Skipping connection attempt.
[2025-02-08T05:31:39.340Z] Device at 10.30.28.23 is not reachable. Skipping connection attempt.
[2025-02-08T05:31:49.337Z] Device at 10.30.28.23 is not reachable. Skipping connection attempt.
[2025-02-08T05:31:59.345Z] Device at 10.30.28.23 is not reachable. Skipping connection attempt.
[2025-02-08T05:32:09.350Z] Device at 10.30.28.23 is not reachable. Skipping connection attempt.
[2025-02-08T05:32:19.358Z] Device at 10.30.28.23 is not reachable. Skipping connection attempt.
[2025-02-08T05:32:29.363Z] Device at 10.30.28.23 is not reachable. Skipping connection attempt.
[2025-02-08T05:32:42.764Z] Device at 10.30.28.23 is not reachable. Skipping connection attempt.
[2025-02-08T05:32:49.383Z] Device at 10.30.28.23 is not reachable. Skipping connection attempt.
[2025-02-08T05:32:59.401Z] Device at 10.30.28.23 is not reachable. Skipping connection attempt.
[2025-02-08T05:33:09.409Z] Device at 10.30.28.23 is not reachable. Skipping connection attempt.
[2025-02-08T05:33:19.403Z] Device at 10.30.28.23 is not reachable. Skipping connection attempt.
[2025-02-08T05:33:29.422Z] Device at 10.30.28.23 is not reachable. Skipping connection attempt.
[2025-02-08T05:33:39.416Z] Device at 10.30.28.23 is not reachable. Skipping connection attempt.
[2025-02-08T05:33:49.426Z] Device at 10.30.28.23 is not reachable. Skipping connection attempt.
[2025-02-08T05:33:59.448Z] Device at 10.30.28.23 is not reachable. Skipping connection attempt.
[2025-02-08T05:34:09.427Z] Device at 10.30.28.23 is not reachable. Skipping connection attempt.
[2025-02-08T05:34:19.433Z] Device at 10.30.28.23 is not reachable. Skipping connection attempt.
[2025-02-08T05:34:29.448Z] Device at 10.30.28.23 is not reachable. Skipping connection attempt.
[2025-02-08T05:34:39.482Z] Device at 10.30.28.23 is not reachable. Skipping connection attempt.
[2025-02-08T05:34:49.471Z] Device at 10.30.28.23 is not reachable. Skipping connection attempt.
[2025-02-08T05:34:59.500Z] Device at 10.30.28.23 is not reachable. Skipping connection attempt.
[2025-02-08T05:35:09.485Z] Device at 10.30.28.23 is not reachable. Skipping connection attempt.
[2025-02-08T05:35:19.504Z] Device at 10.30.28.23 is not reachable. Skipping connection attempt.
[2025-02-08T05:35:29.496Z] Device at 10.30.28.23 is not reachable. Skipping connection attempt.
[2025-02-08T05:35:39.516Z] Device at 10.30.28.23 is not reachable. Skipping connection attempt.
[2025-02-08T05:35:49.539Z] Device at 10.30.28.23 is not reachable. Skipping connection attempt.
[2025-02-08T05:35:59.518Z] Device at 10.30.28.23 is not reachable. Skipping connection attempt.
[2025-02-08T05:36:09.523Z] Device at 10.30.28.23 is not reachable. Skipping connection attempt.
[2025-02-08T05:36:19.521Z] Device at 10.30.28.23 is not reachable. Skipping connection attempt.
[2025-02-08T05:36:29.558Z] Device at 10.30.28.23 is not reachable. Skipping connection attempt.
[2025-02-08T05:36:39.546Z] Device at 10.30.28.23 is not reachable. Skipping connection attempt.
[2025-02-08T05:36:49.542Z] Device at 10.30.28.23 is not reachable. Skipping connection attempt.
[2025-02-08T05:36:59.557Z] Device at 10.30.28.23 is not reachable. Skipping connection attempt.
[2025-02-08T05:37:09.563Z] Device at 10.30.28.23 is not reachable. Skipping connection attempt.
[2025-02-08T05:37:19.560Z] Device at 10.30.28.23 is not reachable. Skipping connection attempt.
[2025-02-08T05:37:29.576Z] Device at 10.30.28.23 is not reachable. Skipping connection attempt.
[2025-02-08T05:37:39.578Z] Device at 10.30.28.23 is not reachable. Skipping connection attempt.
[2025-02-08T05:37:49.590Z] Device at 10.30.28.23 is not reachable. Skipping connection attempt.
[2025-02-08T05:37:59.617Z] Device at 10.30.28.23 is not reachable. Skipping connection attempt.
[2025-02-08T05:38:09.620Z] Device at 10.30.28.23 is not reachable. Skipping connection attempt.
[2025-02-08T05:38:19.638Z] Device at 10.30.28.23 is not reachable. Skipping connection attempt.
[2025-02-08T05:38:29.655Z] Device at 10.30.28.23 is not reachable. Skipping connection attempt.
[2025-02-08T05:38:39.653Z] Device at 10.30.28.23 is not reachable. Skipping connection attempt.
[2025-02-08T05:38:49.665Z] Device at 10.30.28.23 is not reachable. Skipping connection attempt.
[2025-02-08T05:38:59.688Z] Device at 10.30.28.23 is not reachable. Skipping connection attempt.
[2025-02-08T05:39:09.692Z] Device at 10.30.28.23 is not reachable. Skipping connection attempt.
[2025-02-08T05:39:19.712Z] Device at 10.30.28.23 is not reachable. Skipping connection attempt.
[2025-02-08T05:39:29.705Z] Device at 10.30.28.23 is not reachable. Skipping connection attempt.
[2025-02-08T05:39:39.721Z] Device at 10.30.28.23 is not reachable. Skipping connection attempt.
[2025-02-08T05:39:49.728Z] Device at 10.30.28.23 is not reachable. Skipping connection attempt.
[2025-02-08T05:39:59.744Z] Device at 10.30.28.23 is not reachable. Skipping connection attempt.
[2025-02-08T05:40:09.740Z] Device at 10.30.28.23 is not reachable. Skipping connection attempt.
[2025-02-08T05:40:19.747Z] Device at 10.30.28.23 is not reachable. Skipping connection attempt.
[2025-02-08T05:40:29.752Z] Device at 10.30.28.23 is not reachable. Skipping connection attempt.
[2025-02-08T05:40:39.768Z] Device at 10.30.28.23 is not reachable. Skipping connection attempt.
[2025-02-08T05:40:49.775Z] Device at 10.30.28.23 is not reachable. Skipping connection attempt.
[2025-02-08T05:40:59.790Z] Device at 10.30.28.23 is not reachable. Skipping connection attempt.
[2025-02-08T05:41:09.797Z] Device at 10.30.28.23 is not reachable. Skipping connection attempt.
[2025-02-08T05:41:19.806Z] Device at 10.30.28.23 is not reachable. Skipping connection attempt.
[2025-02-08T05:41:29.801Z] Device at 10.30.28.23 is not reachable. Skipping connection attempt.
[2025-02-08T05:41:39.817Z] Device at 10.30.28.23 is not reachable. Skipping connection attempt.
[2025-02-08T05:41:49.823Z] Device at 10.30.28.23 is not reachable. Skipping connection attempt.
[2025-02-08T05:41:59.834Z] Device at 10.30.28.23 is not reachable. Skipping connection attempt.
[2025-02-08T05:42:09.838Z] Device at 10.30.28.23 is not reachable. Skipping connection attempt.
[2025-02-08T05:42:19.844Z] Device at 10.30.28.23 is not reachable. Skipping connection attempt.
[2025-02-08T05:42:29.861Z] Device at 10.30.28.23 is not reachable. Skipping connection attempt.
[2025-02-08T05:42:39.854Z] Device at 10.30.28.23 is not reachable. Skipping connection attempt.
[2025-02-08T05:42:49.862Z] Device at 10.30.28.23 is not reachable. Skipping connection attempt.
[2025-02-08T05:42:59.890Z] Device at 10.30.28.23 is not reachable. Skipping connection attempt.
[2025-02-08T05:43:09.877Z] Device at 10.30.28.23 is not reachable. Skipping connection attempt.
[2025-02-08T05:43:19.871Z] Device at 10.30.28.23 is not reachable. Skipping connection attempt.
[2025-02-08T05:43:29.890Z] Device at 10.30.28.23 is not reachable. Skipping connection attempt.
[2025-02-08T05:43:39.898Z] Device at 10.30.28.23 is not reachable. Skipping connection attempt.
[2025-02-08T05:43:49.922Z] Device at 10.30.28.23 is not reachable. Skipping connection attempt.
[2025-02-08T05:43:59.928Z] Device at 10.30.28.23 is not reachable. Skipping connection attempt.
[2025-02-08T05:44:09.936Z] Device at 10.30.28.23 is not reachable. Skipping connection attempt.
[2025-02-08T05:44:19.932Z] Device at 10.30.28.23 is not reachable. Skipping connection attempt.
[2025-02-08T05:44:29.951Z] Device at 10.30.28.23 is not reachable. Skipping connection attempt.
[2025-02-08T05:44:39.953Z] Device at 10.30.28.23 is not reachable. Skipping connection attempt.
[2025-02-08T05:44:49.960Z] Device at 10.30.28.23 is not reachable. Skipping connection attempt.
[2025-02-08T05:44:59.977Z] Device at 10.30.28.23 is not reachable. Skipping connection attempt.
[2025-02-08T05:45:09.994Z] Device at 10.30.28.23 is not reachable. Skipping connection attempt.
[2025-02-08T05:45:20.001Z] Device at 10.30.28.23 is not reachable. Skipping connection attempt.
[2025-02-08T05:45:30.017Z] Device at 10.30.28.23 is not reachable. Skipping connection attempt.
[2025-02-08T05:45:40.033Z] Device at 10.30.28.23 is not reachable. Skipping connection attempt.
[2025-02-08T05:45:50.030Z] Device at 10.30.28.23 is not reachable. Skipping connection attempt.
[2025-02-08T05:46:00.050Z] Device at 10.30.28.23 is not reachable. Skipping connection attempt.
[2025-02-08T05:46:10.041Z] Device at 10.30.28.23 is not reachable. Skipping connection attempt.
[2025-02-08T05:46:20.046Z] Device at 10.30.28.23 is not reachable. Skipping connection attempt.
[2025-02-08T05:46:30.065Z] Device at 10.30.28.23 is not reachable. Skipping connection attempt.
[2025-02-08T05:46:40.095Z] Device at 10.30.28.23 is not reachable. Skipping connection attempt.
[2025-02-08T05:46:50.087Z] Device at 10.30.28.23 is not reachable. Skipping connection attempt.
[2025-02-08T05:47:00.104Z] Device at 10.30.28.23 is not reachable. Skipping connection attempt.
[2025-02-08T05:47:10.103Z] Device at 10.30.28.23 is not reachable. Skipping connection attempt.
[2025-02-08T05:47:20.118Z] Device at 10.30.28.23 is not reachable. Skipping connection attempt.
[2025-02-08T05:47:30.123Z] Device at 10.30.28.23 is not reachable. Skipping connection attempt.
[2025-02-08T05:47:40.144Z] Device at 10.30.28.23 is not reachable. Skipping connection attempt.
[2025-02-08T05:47:50.145Z] Device at 10.30.28.23 is not reachable. Skipping connection attempt.
[2025-02-08T05:48:00.141Z] Device at 10.30.28.23 is not reachable. Skipping connection attempt.
[2025-02-08T05:48:10.149Z] Device at 10.30.28.23 is not reachable. Skipping connection attempt.
[2025-02-08T05:48:20.157Z] Device at 10.30.28.23 is not reachable. Skipping connection attempt.
[2025-02-08T05:48:30.162Z] Device at 10.30.28.23 is not reachable. Skipping connection attempt.
[2025-02-08T05:48:40.169Z] Device at 10.30.28.23 is not reachable. Skipping connection attempt.
[2025-02-08T05:48:50.173Z] Device at 10.30.28.23 is not reachable. Skipping connection attempt.
[2025-02-08T05:49:00.191Z] Device at 10.30.28.23 is not reachable. Skipping connection attempt.
[2025-02-08T05:49:10.200Z] Device at 10.30.28.23 is not reachable. Skipping connection attempt.
[2025-02-08T05:49:20.193Z] Device at 10.30.28.23 is not reachable. Skipping connection attempt.
[2025-02-08T05:49:30.210Z] Device at 10.30.28.23 is not reachable. Skipping connection attempt.
[2025-02-08T05:49:40.220Z] Device at 10.30.28.23 is not reachable. Skipping connection attempt.
[2025-02-08T05:49:50.222Z] Device at 10.30.28.23 is not reachable. Skipping connection attempt.
[2025-02-08T05:50:00.219Z] Device at 10.30.28.23 is not reachable. Skipping connection attempt.
[2025-02-08T05:50:10.247Z] Device at 10.30.28.23 is not reachable. Skipping connection attempt.
[2025-02-08T05:50:20.263Z] Device at 10.30.28.23 is not reachable. Skipping connection attempt.
[2025-02-08T05:50:30.262Z] Device at 10.30.28.23 is not reachable. Skipping connection attempt.
[2025-02-08T05:50:40.266Z] Device at 10.30.28.23 is not reachable. Skipping connection attempt.
[2025-02-08T05:50:50.271Z] Device at 10.30.28.23 is not reachable. Skipping connection attempt.
[2025-02-08T05:51:00.289Z] Device at 10.30.28.23 is not reachable. Skipping connection attempt.
[2025-02-08T05:51:10.289Z] Device at 10.30.28.23 is not reachable. Skipping connection attempt.
[2025-02-08T05:51:20.295Z] Device at 10.30.28.23 is not reachable. Skipping connection attempt.
[2025-02-08T05:51:30.328Z] Device at 10.30.28.23 is not reachable. Skipping connection attempt.
[2025-02-08T05:51:40.326Z] Device at 10.30.28.23 is not reachable. Skipping connection attempt.
[2025-02-08T05:51:50.330Z] Device at 10.30.28.23 is not reachable. Skipping connection attempt.
[2025-02-08T05:52:00.337Z] Device at 10.30.28.23 is not reachable. Skipping connection attempt.
[2025-02-08T05:52:10.343Z] Device at 10.30.28.23 is not reachable. Skipping connection attempt.
[2025-02-08T05:52:20.349Z] Device at 10.30.28.23 is not reachable. Skipping connection attempt.
[2025-02-08T05:52:30.344Z] Device at 10.30.28.23 is not reachable. Skipping connection attempt.
[2025-02-08T05:52:40.343Z] Device at 10.30.28.23 is not reachable. Skipping connection attempt.
[2025-02-08T05:52:50.347Z] Device at 10.30.28.23 is not reachable. Skipping connection attempt.
[2025-02-08T05:53:00.354Z] Device at 10.30.28.23 is not reachable. Skipping connection attempt.
[2025-02-08T05:53:10.362Z] Device at 10.30.28.23 is not reachable. Skipping connection attempt.
[2025-02-08T05:53:20.378Z] Device at 10.30.28.23 is not reachable. Skipping connection attempt.
[2025-02-08T05:53:30.373Z] Device at 10.30.28.23 is not reachable. Skipping connection attempt.
[2025-02-08T05:53:40.392Z] Device at 10.30.28.23 is not reachable. Skipping connection attempt.
[2025-02-08T05:53:50.389Z] Device at 10.30.28.23 is not reachable. Skipping connection attempt.
[2025-02-08T05:54:00.407Z] Device at 10.30.28.23 is not reachable. Skipping connection attempt.
[2025-02-08T05:54:10.391Z] Device at 10.30.28.23 is not reachable. Skipping connection attempt.
[2025-02-08T05:54:20.398Z] Device at 10.30.28.23 is not reachable. Skipping connection attempt.
[2025-02-08T05:54:30.416Z] Device at 10.30.28.23 is not reachable. Skipping connection attempt.
[2025-02-08T05:54:40.429Z] Device at 10.30.28.23 is not reachable. Skipping connection attempt.
[2025-02-08T05:54:50.437Z] Device at 10.30.28.23 is not reachable. Skipping connection attempt.
[2025-02-08T05:55:00.432Z] Device at 10.30.28.23 is not reachable. Skipping connection attempt.
[2025-02-08T05:55:10.449Z] Device at 10.30.28.23 is not reachable. Skipping connection attempt.
[2025-02-08T05:55:20.449Z] Device at 10.30.28.23 is not reachable. Skipping connection attempt.
[2025-02-08T05:55:30.446Z] Device at 10.30.28.23 is not reachable. Skipping connection attempt.
[2025-02-08T05:55:40.458Z] Device at 10.30.28.23 is not reachable. Skipping connection attempt.
[2025-02-08T05:55:50.476Z] Device at 10.30.28.23 is not reachable. Skipping connection attempt.
[2025-02-08T05:56:00.482Z] Device at 10.30.28.23 is not reachable. Skipping connection attempt.
[2025-02-08T05:56:10.478Z] Device at 10.30.28.23 is not reachable. Skipping connection attempt.
[2025-02-08T05:56:20.477Z] Device at 10.30.28.23 is not reachable. Skipping connection attempt.
[2025-02-08T05:56:30.489Z] Device at 10.30.28.23 is not reachable. Skipping connection attempt.
[2025-02-08T05:56:40.498Z] Device at 10.30.28.23 is not reachable. Skipping connection attempt.
[2025-02-08T05:56:50.510Z] Device at 10.30.28.23 is not reachable. Skipping connection attempt.
[2025-02-08T05:57:00.490Z] Device at 10.30.28.23 is not reachable. Skipping connection attempt.
[2025-02-08T05:57:10.497Z] Device at 10.30.28.23 is not reachable. Skipping connection attempt.
[2025-02-08T05:57:20.512Z] Device at 10.30.28.23 is not reachable. Skipping connection attempt.
[2025-02-08T05:57:30.510Z] Device at 10.30.28.23 is not reachable. Skipping connection attempt.
[2025-02-08T05:57:40.517Z] Device at 10.30.28.23 is not reachable. Skipping connection attempt.
[2025-02-08T05:57:50.524Z] Device at 10.30.28.23 is not reachable. Skipping connection attempt.
[2025-02-08T05:58:00.561Z] Device at 10.30.28.23 is not reachable. Skipping connection attempt.
[2025-02-08T05:58:10.565Z] Device at 10.30.28.23 is not reachable. Skipping connection attempt.
[2025-02-08T05:58:20.551Z] Device at 10.30.28.23 is not reachable. Skipping connection attempt.
[2025-02-08T05:58:30.565Z] Device at 10.30.28.23 is not reachable. Skipping connection attempt.
[2025-02-08T05:58:42.160Z] Device at 10.30.28.23 is not reachable. Skipping connection attempt.
[2025-02-08T05:58:52.200Z] Device at 10.30.28.23 is not reachable. Skipping connection attempt.
[2025-02-08T05:59:02.177Z] Device at 10.30.28.23 is not reachable. Skipping connection attempt.
[2025-02-08T05:59:12.182Z] Device at 10.30.28.23 is not reachable. Skipping connection attempt.
[2025-02-08T05:59:22.188Z] Device at 10.30.28.23 is not reachable. Skipping connection attempt.
[2025-02-08T05:59:32.207Z] Device at 10.30.28.23 is not reachable. Skipping connection attempt.
[2025-02-08T05:59:42.194Z] Device at 10.30.28.23 is not reachable. Skipping connection attempt.
[2025-02-08T05:59:52.199Z] Device at 10.30.28.23 is not reachable. Skipping connection attempt.
[2025-02-08T06:00:02.209Z] Device at 10.30.28.23 is not reachable. Skipping connection attempt.
[2025-02-08T06:00:12.212Z] Device at 10.30.28.23 is not reachable. Skipping connection attempt.
[2025-02-08T06:00:22.217Z] Device at 10.30.28.23 is not reachable. Skipping connection attempt.
[2025-02-08T06:00:32.225Z] Device at 10.30.28.23 is not reachable. Skipping connection attempt.
[2025-02-08T06:00:42.241Z] Device at 10.30.28.23 is not reachable. Skipping connection attempt.
[2025-02-08T06:00:52.249Z] Device at 10.30.28.23 is not reachable. Skipping connection attempt.
[2025-02-08T06:01:02.244Z] Device at 10.30.28.23 is not reachable. Skipping connection attempt.
[2025-02-08T06:01:12.261Z] Device at 10.30.28.23 is not reachable. Skipping connection attempt.
[2025-02-08T06:01:22.270Z] Device at 10.30.28.23 is not reachable. Skipping connection attempt.
[2025-02-08T06:01:32.285Z] Device at 10.30.28.23 is not reachable. Skipping connection attempt.
[2025-02-08T06:01:42.281Z] Device at 10.30.28.23 is not reachable. Skipping connection attempt.
[2025-02-08T06:01:52.300Z] Device at 10.30.28.23 is not reachable. Skipping connection attempt.
[2025-02-08T06:02:02.302Z] Device at 10.30.28.23 is not reachable. Skipping connection attempt.
[2025-02-08T06:02:12.309Z] Device at 10.30.28.23 is not reachable. Skipping connection attempt.
[2025-02-08T06:02:22.315Z] Device at 10.30.28.23 is not reachable. Skipping connection attempt.
[2025-02-08T06:02:32.313Z] Device at 10.30.28.23 is not reachable. Skipping connection attempt.
[2025-02-08T06:02:42.318Z] Device at 10.30.28.23 is not reachable. Skipping connection attempt.
[2025-02-08T06:02:52.325Z] Device at 10.30.28.23 is not reachable. Skipping connection attempt.
[2025-02-08T06:03:02.331Z] Device at 10.30.28.23 is not reachable. Skipping connection attempt.
[2025-02-08T06:03:12.338Z] Device at 10.30.28.23 is not reachable. Skipping connection attempt.
[2025-02-08T06:03:22.359Z] Device at 10.30.28.23 is not reachable. Skipping connection attempt.
[2025-02-08T06:03:32.353Z] Device at 10.30.28.23 is not reachable. Skipping connection attempt.
[2025-02-08T06:03:42.378Z] Device at 10.30.28.23 is not reachable. Skipping connection attempt.
[2025-02-08T06:03:52.400Z] Device at 10.30.28.23 is not reachable. Skipping connection attempt.
[2025-02-08T06:04:02.392Z] Device at 10.30.28.23 is not reachable. Skipping connection attempt.
[2025-02-08T06:04:12.391Z] Device at 10.30.28.23 is not reachable. Skipping connection attempt.
[2025-02-08T06:04:22.384Z] Device at 10.30.28.23 is not reachable. Skipping connection attempt.
[2025-02-08T06:04:32.391Z] Device at 10.30.28.23 is not reachable. Skipping connection attempt.
[2025-02-08T06:04:42.449Z] Device at 10.30.28.23 is not reachable. Skipping connection attempt.
[2025-02-08T06:04:52.402Z] Device at 10.30.28.23 is not reachable. Skipping connection attempt.
[2025-02-08T06:05:02.405Z] Device at 10.30.28.23 is not reachable. Skipping connection attempt.
[2025-02-08T06:05:12.415Z] Device at 10.30.28.23 is not reachable. Skipping connection attempt.
[2025-02-08T06:05:22.432Z] Device at 10.30.28.23 is not reachable. Skipping connection attempt.
[2025-02-08T06:05:32.442Z] Device at 10.30.28.23 is not reachable. Skipping connection attempt.
[2025-02-08T06:05:42.442Z] Device at 10.30.28.23 is not reachable. Skipping connection attempt.
[2025-02-08T06:05:52.464Z] Device at 10.30.28.23 is not reachable. Skipping connection attempt.
[2025-02-08T06:06:02.471Z] Device at 10.30.28.23 is not reachable. Skipping connection attempt.
[2025-02-08T06:06:12.483Z] Device at 10.30.28.23 is not reachable. Skipping connection attempt.
[2025-02-08T06:06:22.501Z] Device at 10.30.28.23 is not reachable. Skipping connection attempt.
[2025-02-08T06:06:32.496Z] Device at 10.30.28.23 is not reachable. Skipping connection attempt.
[2025-02-08T06:06:42.502Z] Device at 10.30.28.23 is not reachable. Skipping connection attempt.
[2025-02-08T06:06:52.510Z] Device at 10.30.28.23 is not reachable. Skipping connection attempt.
[2025-02-08T06:07:02.519Z] Device at 10.30.28.23 is not reachable. Skipping connection attempt.
[2025-02-08T06:07:12.563Z] Device at 10.30.28.23 is not reachable. Skipping connection attempt.
[2025-02-08T06:07:22.529Z] Device at 10.30.28.23 is not reachable. Skipping connection attempt.
[2025-02-08T06:07:32.544Z] Device at 10.30.28.23 is not reachable. Skipping connection attempt.
[2025-02-08T06:07:42.562Z] Device at 10.30.28.23 is not reachable. Skipping connection attempt.
[2025-02-08T06:07:52.580Z] Device at 10.30.28.23 is not reachable. Skipping connection attempt.
[2025-02-08T06:08:02.584Z] Device at 10.30.28.23 is not reachable. Skipping connection attempt.
[2025-02-08T06:08:12.633Z] Device at 10.30.28.23 is not reachable. Skipping connection attempt.
[2025-02-08T06:08:22.597Z] Device at 10.30.28.23 is not reachable. Skipping connection attempt.
[2025-02-08T06:08:32.604Z] Device at 10.30.28.23 is not reachable. Skipping connection attempt.
[2025-02-08T06:08:42.603Z] Device at 10.30.28.23 is not reachable. Skipping connection attempt.
[2025-02-08T06:08:52.645Z] Device at 10.30.28.23 is not reachable. Skipping connection attempt.
[2025-02-08T06:09:02.625Z] Device at 10.30.28.23 is not reachable. Skipping connection attempt.
[2025-02-08T06:09:12.676Z] Device at 10.30.28.23 is not reachable. Skipping connection attempt.
[2025-02-08T06:09:22.638Z] Device at 10.30.28.23 is not reachable. Skipping connection attempt.
[2025-02-08T06:09:32.642Z] Device at 10.30.28.23 is not reachable. Skipping connection attempt.
[2025-02-08T06:09:42.652Z] Device at 10.30.28.23 is not reachable. Skipping connection attempt.
[2025-02-08T06:09:52.645Z] Device at 10.30.28.23 is not reachable. Skipping connection attempt.
[2025-02-08T06:10:02.660Z] Device at 10.30.28.23 is not reachable. Skipping connection attempt.
[2025-02-08T06:10:12.661Z] Device at 10.30.28.23 is not reachable. Skipping connection attempt.
[2025-02-08T06:10:22.664Z] Device at 10.30.28.23 is not reachable. Skipping connection attempt.
[2025-02-08T06:10:32.671Z] Device at 10.30.28.23 is not reachable. Skipping connection attempt.
[2025-02-08T06:10:42.679Z] Device at 10.30.28.23 is not reachable. Skipping connection attempt.
[2025-02-08T06:10:52.686Z] Device at 10.30.28.23 is not reachable. Skipping connection attempt.
[2025-02-08T06:11:02.688Z] Device at 10.30.28.23 is not reachable. Skipping connection attempt.
[2025-02-08T06:11:12.689Z] Device at 10.30.28.23 is not reachable. Skipping connection attempt.
[2025-02-08T06:11:22.694Z] Device at 10.30.28.23 is not reachable. Skipping connection attempt.
[2025-02-08T06:11:32.701Z] Device at 10.30.28.23 is not reachable. Skipping connection attempt.
[2025-02-08T06:11:42.707Z] Device at 10.30.28.23 is not reachable. Skipping connection attempt.
[2025-02-08T06:11:52.712Z] Device at 10.30.28.23 is not reachable. Skipping connection attempt.
[2025-02-08T06:12:02.731Z] Device at 10.30.28.23 is not reachable. Skipping connection attempt.
[2025-02-08T06:12:12.724Z] Device at 10.30.28.23 is not reachable. Skipping connection attempt.
[2025-02-08T06:12:22.742Z] Device at 10.30.28.23 is not reachable. Skipping connection attempt.
[2025-02-08T06:12:32.748Z] Device at 10.30.28.23 is not reachable. Skipping connection attempt.
[2025-02-08T06:12:42.764Z] Device at 10.30.28.23 is not reachable. Skipping connection attempt.
[2025-02-08T06:12:52.771Z] Device at 10.30.28.23 is not reachable. Skipping connection attempt.
[2025-02-08T06:13:02.778Z] Device at 10.30.28.23 is not reachable. Skipping connection attempt.
[2025-02-08T06:13:12.786Z] Device at 10.30.28.23 is not reachable. Skipping connection attempt.
[2025-02-08T06:13:22.780Z] Device at 10.30.28.23 is not reachable. Skipping connection attempt.
[2025-02-08T06:13:32.786Z] Device at 10.30.28.23 is not reachable. Skipping connection attempt.
[2025-02-08T06:13:42.785Z] Device at 10.30.28.23 is not reachable. Skipping connection attempt.
[2025-02-08T06:13:52.818Z] Device at 10.30.28.23 is not reachable. Skipping connection attempt.
[2025-02-08T06:14:02.796Z] Device at 10.30.28.23 is not reachable. Skipping connection attempt.
[2025-02-08T06:14:12.815Z] Device at 10.30.28.23 is not reachable. Skipping connection attempt.
[2025-02-08T06:14:22.860Z] Device at 10.30.28.23 is not reachable. Skipping connection attempt.
[2025-02-08T06:14:32.837Z] Device at 10.30.28.23 is not reachable. Skipping connection attempt.
[2025-02-08T06:14:42.843Z] Device at 10.30.28.23 is not reachable. Skipping connection attempt.
[2025-02-08T06:14:52.850Z] Device at 10.30.28.23 is not reachable. Skipping connection attempt.
[2025-02-08T06:15:02.896Z] Device at 10.30.28.23 is not reachable. Skipping connection attempt.
[2025-02-08T06:15:12.876Z] Device at 10.30.28.23 is not reachable. Skipping connection attempt.
[2025-02-08T06:15:22.880Z] Device at 10.30.28.23 is not reachable. Skipping connection attempt.
[2025-02-08T06:15:32.885Z] Device at 10.30.28.23 is not reachable. Skipping connection attempt.
[2025-02-08T06:15:42.901Z] Device at 10.30.28.23 is not reachable. Skipping connection attempt.
[2025-02-08T06:15:52.908Z] Device at 10.30.28.23 is not reachable. Skipping connection attempt.
[2025-02-08T06:16:02.917Z] Device at 10.30.28.23 is not reachable. Skipping connection attempt.
[2025-02-08T06:16:12.921Z] Device at 10.30.28.23 is not reachable. Skipping connection attempt.
[2025-02-08T06:16:22.927Z] Device at 10.30.28.23 is not reachable. Skipping connection attempt.
[2025-02-08T06:16:32.942Z] Device at 10.30.28.23 is not reachable. Skipping connection attempt.
[2025-02-08T06:16:42.960Z] Device at 10.30.28.23 is not reachable. Skipping connection attempt.
[2025-02-08T06:16:52.956Z] Device at 10.30.28.23 is not reachable. Skipping connection attempt.
[2025-02-08T06:17:02.963Z] Device at 10.30.28.23 is not reachable. Skipping connection attempt.
[2025-02-08T06:17:12.977Z] Device at 10.30.28.23 is not reachable. Skipping connection attempt.
[2025-02-08T06:17:22.974Z] Device at 10.30.28.23 is not reachable. Skipping connection attempt.
[2025-02-08T06:17:32.980Z] Device at 10.30.28.23 is not reachable. Skipping connection attempt.
[2025-02-08T06:17:42.985Z] Device at 10.30.28.23 is not reachable. Skipping connection attempt.
[2025-02-08T06:17:52.972Z] Device at 10.30.28.23 is not reachable. Skipping connection attempt.
[2025-02-08T06:18:02.990Z] Device at 10.30.28.23 is not reachable. Skipping connection attempt.
[2025-02-08T06:18:12.996Z] Device at 10.30.28.23 is not reachable. Skipping connection attempt.
[2025-02-08T06:18:23.007Z] Device at 10.30.28.23 is not reachable. Skipping connection attempt.
[2025-02-08T06:18:33.050Z] Device at 10.30.28.23 is not reachable. Skipping connection attempt.
[2025-02-08T06:18:43.029Z] Device at 10.30.28.23 is not reachable. Skipping connection attempt.
[2025-02-08T06:18:53.022Z] Device at 10.30.28.23 is not reachable. Skipping connection attempt.
[2025-02-08T06:19:03.029Z] Device at 10.30.28.23 is not reachable. Skipping connection attempt.
[2025-02-08T06:19:13.054Z] Device at 10.30.28.23 is not reachable. Skipping connection attempt.
[2025-02-08T06:19:23.052Z] Device at 10.30.28.23 is not reachable. Skipping connection attempt.
[2025-02-08T06:19:33.068Z] Device at 10.30.28.23 is not reachable. Skipping connection attempt.
[2025-02-08T06:19:43.080Z] Device at 10.30.28.23 is not reachable. Skipping connection attempt.
[2025-02-08T06:19:53.082Z] Device at 10.30.28.23 is not reachable. Skipping connection attempt.
[2025-02-08T06:20:03.100Z] Device at 10.30.28.23 is not reachable. Skipping connection attempt.
[2025-02-08T06:20:13.108Z] Device at 10.30.28.23 is not reachable. Skipping connection attempt.
[2025-02-08T06:20:23.114Z] Device at 10.30.28.23 is not reachable. Skipping connection attempt.
[2025-02-08T06:20:33.111Z] Device at 10.30.28.23 is not reachable. Skipping connection attempt.
[2025-02-08T06:20:43.124Z] Device at 10.30.28.23 is not reachable. Skipping connection attempt.
[2025-02-08T06:20:53.131Z] Device at 10.30.28.23 is not reachable. Skipping connection attempt.
[2025-02-08T06:21:03.150Z] Device at 10.30.28.23 is not reachable. Skipping connection attempt.
[2025-02-08T06:21:13.145Z] Device at 10.30.28.23 is not reachable. Skipping connection attempt.
[2025-02-08T06:21:23.160Z] Device at 10.30.28.23 is not reachable. Skipping connection attempt.
[2025-02-08T06:21:33.167Z] Device at 10.30.28.23 is not reachable. Skipping connection attempt.
[2025-02-08T06:21:43.184Z] Device at 10.30.28.23 is not reachable. Skipping connection attempt.
[2025-02-08T06:21:53.187Z] Device at 10.30.28.23 is not reachable. Skipping connection attempt.
[2025-02-08T06:22:03.199Z] Device at 10.30.28.23 is not reachable. Skipping connection attempt.
[2025-02-08T06:22:13.216Z] Device at 10.30.28.23 is not reachable. Skipping connection attempt.
[2025-02-08T06:22:23.207Z] Device at 10.30.28.23 is not reachable. Skipping connection attempt.
[2025-02-08T06:22:33.239Z] Device at 10.30.28.23 is not reachable. Skipping connection attempt.
[2025-02-08T06:22:43.223Z] Device at 10.30.28.23 is not reachable. Skipping connection attempt.
[2025-02-08T06:22:53.262Z] Device at 10.30.28.23 is not reachable. Skipping connection attempt.
[2025-02-08T06:23:03.242Z] Device at 10.30.28.23 is not reachable. Skipping connection attempt.
[2025-02-08T06:23:13.252Z] Device at 10.30.28.23 is not reachable. Skipping connection attempt.
[2025-02-08T06:23:23.282Z] Device at 10.30.28.23 is not reachable. Skipping connection attempt.
[2025-02-08T06:23:33.274Z] Device at 10.30.28.23 is not reachable. Skipping connection attempt.
[2025-02-08T06:23:43.282Z] Device at 10.30.28.23 is not reachable. Skipping connection attempt.
[2025-02-08T06:23:53.328Z] Device at 10.30.28.23 is not reachable. Skipping connection attempt.
[2025-02-08T06:24:03.305Z] Device at 10.30.28.23 is not reachable. Skipping connection attempt.
[2025-02-08T06:24:13.313Z] Device at 10.30.28.23 is not reachable. Skipping connection attempt.
[2025-02-08T06:24:23.317Z] Device at 10.30.28.23 is not reachable. Skipping connection attempt.
[2025-02-08T06:24:33.362Z] Device at 10.30.28.23 is not reachable. Skipping connection attempt.
[2025-02-08T06:24:43.344Z] Device at 10.30.28.23 is not reachable. Skipping connection attempt.
[2025-02-08T06:24:53.348Z] Device at 10.30.28.23 is not reachable. Skipping connection attempt.
[2025-02-08T06:25:03.361Z] Device at 10.30.28.23 is not reachable. Skipping connection attempt.
[2025-02-08T06:25:13.369Z] Device at 10.30.28.23 is not reachable. Skipping connection attempt.
[2025-02-08T06:25:23.374Z] Device at 10.30.28.23 is not reachable. Skipping connection attempt.
[2025-02-08T06:25:33.383Z] Device at 10.30.28.23 is not reachable. Skipping connection attempt.
[2025-02-08T06:25:43.381Z] Device at 10.30.28.23 is not reachable. Skipping connection attempt.
[2025-02-08T06:25:53.384Z] Device at 10.30.28.23 is not reachable. Skipping connection attempt.
[2025-02-08T06:26:03.420Z] Device at 10.30.28.23 is not reachable. Skipping connection attempt.
[2025-02-08T06:26:13.406Z] Device at 10.30.28.23 is not reachable. Skipping connection attempt.
[2025-02-08T06:26:23.414Z] Device at 10.30.28.23 is not reachable. Skipping connection attempt.
[2025-02-08T06:26:33.424Z] Device at 10.30.28.23 is not reachable. Skipping connection attempt.
[2025-02-08T06:26:43.416Z] Device at 10.30.28.23 is not reachable. Skipping connection attempt.
[2025-02-08T06:26:53.422Z] Device at 10.30.28.23 is not reachable. Skipping connection attempt.
[2025-02-08T06:27:03.418Z] Device at 10.30.28.23 is not reachable. Skipping connection attempt.
[2025-02-08T06:27:13.424Z] Device at 10.30.28.23 is not reachable. Skipping connection attempt.
[2025-02-08T06:27:23.471Z] Device at 10.30.28.23 is not reachable. Skipping connection attempt.
[2025-02-08T06:27:33.441Z] Device at 10.30.28.23 is not reachable. Skipping connection attempt.
[2025-02-08T06:27:43.444Z] Device at 10.30.28.23 is not reachable. Skipping connection attempt.
[2025-02-08T06:27:53.453Z] Device at 10.30.28.23 is not reachable. Skipping connection attempt.
[2025-02-08T06:28:03.449Z] Device at 10.30.28.23 is not reachable. Skipping connection attempt.
[2025-02-08T06:28:13.470Z] Device at 10.30.28.23 is not reachable. Skipping connection attempt.
[2025-02-08T06:28:23.510Z] Device at 10.30.28.23 is not reachable. Skipping connection attempt.
[2025-02-08T06:28:33.478Z] Device at 10.30.28.23 is not reachable. Skipping connection attempt.
[2025-02-08T06:28:43.485Z] Device at 10.30.28.23 is not reachable. Skipping connection attempt.
[2025-02-08T06:28:53.493Z] Device at 10.30.28.23 is not reachable. Skipping connection attempt.
[2025-02-08T06:29:03.527Z] Device at 10.30.28.23 is not reachable. Skipping connection attempt.
[2025-02-08T06:29:13.512Z] Device at 10.30.28.23 is not reachable. Skipping connection attempt.
[2025-02-08T06:29:23.519Z] Device at 10.30.28.23 is not reachable. Skipping connection attempt.
[2025-02-08T06:29:33.527Z] Device at 10.30.28.23 is not reachable. Skipping connection attempt.
[2025-02-08T06:29:43.545Z] Device at 10.30.28.23 is not reachable. Skipping connection attempt.
[2025-02-08T06:29:53.537Z] Device at 10.30.28.23 is not reachable. Skipping connection attempt.
[2025-02-08T06:30:03.545Z] Device at 10.30.28.23 is not reachable. Skipping connection attempt.
[2025-02-08T06:30:13.551Z] Device at 10.30.28.23 is not reachable. Skipping connection attempt.
[2025-02-08T06:30:23.600Z] Device at 10.30.28.23 is not reachable. Skipping connection attempt.
[2025-02-08T06:30:33.552Z] Device at 10.30.28.23 is not reachable. Skipping connection attempt.
[2025-02-08T06:30:43.590Z] Device at 10.30.28.23 is not reachable. Skipping connection attempt.
[2025-02-08T06:30:53.566Z] Device at 10.30.28.23 is not reachable. Skipping connection attempt.
[2025-02-08T06:31:03.573Z] Device at 10.30.28.23 is not reachable. Skipping connection attempt.
[2025-02-08T06:31:13.577Z] Device at 10.30.28.23 is not reachable. Skipping connection attempt.
[2025-02-08T06:31:23.576Z] Device at 10.30.28.23 is not reachable. Skipping connection attempt.
[2025-02-08T06:31:33.583Z] Device at 10.30.28.23 is not reachable. Skipping connection attempt.
[2025-02-08T06:31:43.586Z] Device at 10.30.28.23 is not reachable. Skipping connection attempt.
[2025-02-08T06:31:53.601Z] Device at 10.30.28.23 is not reachable. Skipping connection attempt.
[2025-02-08T06:32:03.599Z] Device at 10.30.28.23 is not reachable. Skipping connection attempt.
[2025-02-08T06:32:13.607Z] Device at 10.30.28.23 is not reachable. Skipping connection attempt.
[2025-02-08T06:32:23.629Z] Device at 10.30.28.23 is not reachable. Skipping connection attempt.
[2025-02-08T06:32:33.626Z] Device at 10.30.28.23 is not reachable. Skipping connection attempt.
[2025-02-08T06:32:43.626Z] Device at 10.30.28.23 is not reachable. Skipping connection attempt.
[2025-02-08T06:32:53.642Z] Device at 10.30.28.23 is not reachable. Skipping connection attempt.
[2025-02-08T06:33:03.659Z] Device at 10.30.28.23 is not reachable. Skipping connection attempt.
[2025-02-08T06:33:13.656Z] Device at 10.30.28.23 is not reachable. Skipping connection attempt.
[2025-02-08T06:33:23.659Z] Device at 10.30.28.23 is not reachable. Skipping connection attempt.
[2025-02-08T06:33:33.667Z] Device at 10.30.28.23 is not reachable. Skipping connection attempt.
[2025-02-08T06:33:43.692Z] Device at 10.30.28.23 is not reachable. Skipping connection attempt.
[2025-02-08T06:33:53.690Z] Device at 10.30.28.23 is not reachable. Skipping connection attempt.
[2025-02-08T06:34:03.717Z] Device at 10.30.28.23 is not reachable. Skipping connection attempt.
[2025-02-08T06:34:13.681Z] Device at 10.30.28.23 is not reachable. Skipping connection attempt.
[2025-02-08T06:34:23.690Z] Device at 10.30.28.23 is not reachable. Skipping connection attempt.
[2025-02-08T06:34:33.721Z] Device at 10.30.28.23 is not reachable. Skipping connection attempt.
[2025-02-08T06:34:43.690Z] Device at 10.30.28.23 is not reachable. Skipping connection attempt.
[2025-02-08T06:34:53.695Z] Device at 10.30.28.23 is not reachable. Skipping connection attempt.
[2025-02-08T06:35:03.713Z] Device at 10.30.28.23 is not reachable. Skipping connection attempt.
[2025-02-08T06:35:13.717Z] Device at 10.30.28.23 is not reachable. Skipping connection attempt.
[2025-02-08T06:35:23.728Z] Device at 10.30.28.23 is not reachable. Skipping connection attempt.
[2025-02-08T06:35:33.744Z] Device at 10.30.28.23 is not reachable. Skipping connection attempt.
[2025-02-08T06:35:43.750Z] Device at 10.30.28.23 is not reachable. Skipping connection attempt.
[2025-02-08T06:35:53.752Z] Device at 10.30.28.23 is not reachable. Skipping connection attempt.
[2025-02-08T06:36:03.761Z] Device at 10.30.28.23 is not reachable. Skipping connection attempt.
[2025-02-08T06:36:13.771Z] Device at 10.30.28.23 is not reachable. Skipping connection attempt.
[2025-02-08T06:36:23.774Z] Device at 10.30.28.23 is not reachable. Skipping connection attempt.
[2025-02-08T06:36:33.785Z] Device at 10.30.28.23 is not reachable. Skipping connection attempt.
[2025-02-08T06:36:43.786Z] Device at 10.30.28.23 is not reachable. Skipping connection attempt.
[2025-02-08T06:36:53.804Z] Device at 10.30.28.23 is not reachable. Skipping connection attempt.
[2025-02-08T06:37:03.821Z] Device at 10.30.28.23 is not reachable. Skipping connection attempt.
[2025-02-08T06:37:13.812Z] Device at 10.30.28.23 is not reachable. Skipping connection attempt.
[2025-02-08T06:37:23.833Z] Device at 10.30.28.23 is not reachable. Skipping connection attempt.
[2025-02-08T06:37:33.860Z] Device at 10.30.28.23 is not reachable. Skipping connection attempt.
[2025-02-08T06:37:43.834Z] Device at 10.30.28.23 is not reachable. Skipping connection attempt.
[2025-02-08T06:37:53.830Z] Device at 10.30.28.23 is not reachable. Skipping connection attempt.
[2025-02-08T06:38:03.836Z] Device at 10.30.28.23 is not reachable. Skipping connection attempt.
[2025-02-08T06:38:13.852Z] Device at 10.30.28.23 is not reachable. Skipping connection attempt.
[2025-02-08T06:38:23.847Z] Device at 10.30.28.23 is not reachable. Skipping connection attempt.
[2025-02-08T06:38:33.885Z] Device at 10.30.28.23 is not reachable. Skipping connection attempt.
[2025-02-08T06:38:43.894Z] Device at 10.30.28.23 is not reachable. Skipping connection attempt.
[2025-02-08T06:38:53.858Z] Device at 10.30.28.23 is not reachable. Skipping connection attempt.
[2025-02-08T06:39:03.866Z] Device at 10.30.28.23 is not reachable. Skipping connection attempt.
[2025-02-08T06:39:13.873Z] Device at 10.30.28.23 is not reachable. Skipping connection attempt.
[2025-02-08T06:39:23.875Z] Device at 10.30.28.23 is not reachable. Skipping connection attempt.
[2025-02-08T06:39:33.885Z] Device at 10.30.28.23 is not reachable. Skipping connection attempt.
[2025-02-08T06:39:43.892Z] Device at 10.30.28.23 is not reachable. Skipping connection attempt.
[2025-02-08T06:39:53.906Z] Device at 10.30.28.23 is not reachable. Skipping connection attempt.
[2025-02-08T06:40:03.912Z] Device at 10.30.28.23 is not reachable. Skipping connection attempt.
[2025-02-08T06:40:13.928Z] Device at 10.30.28.23 is not reachable. Skipping connection attempt.
[2025-02-08T06:40:23.935Z] Device at 10.30.28.23 is not reachable. Skipping connection attempt.
[2025-02-08T06:40:33.941Z] Device at 10.30.28.23 is not reachable. Skipping connection attempt.
[2025-02-08T06:40:43.939Z] Device at 10.30.28.23 is not reachable. Skipping connection attempt.
[2025-02-08T06:40:53.944Z] Device at 10.30.28.23 is not reachable. Skipping connection attempt.
[2025-02-08T06:41:03.950Z] Device at 10.30.28.23 is not reachable. Skipping connection attempt.
[2025-02-08T06:41:13.954Z] Device at 10.30.28.23 is not reachable. Skipping connection attempt.
[2025-02-08T06:41:23.972Z] Device at 10.30.28.23 is not reachable. Skipping connection attempt.
[2025-02-08T06:41:33.968Z] Device at 10.30.28.23 is not reachable. Skipping connection attempt.
[2025-02-08T06:41:43.985Z] Device at 10.30.28.23 is not reachable. Skipping connection attempt.
[2025-02-08T06:41:53.990Z] Device at 10.30.28.23 is not reachable. Skipping connection attempt.
[2025-02-08T06:42:04.008Z] Device at 10.30.28.23 is not reachable. Skipping connection attempt.
[2025-02-08T06:42:14.000Z] Device at 10.30.28.23 is not reachable. Skipping connection attempt.
[2025-02-08T06:42:24.039Z] Device at 10.30.28.23 is not reachable. Skipping connection attempt.
[2025-02-08T06:42:34.036Z] Device at 10.30.28.23 is not reachable. Skipping connection attempt.
[2025-02-08T06:42:44.072Z] Device at 10.30.28.23 is not reachable. Skipping connection attempt.
[2025-02-08T06:42:54.043Z] Device at 10.30.28.23 is not reachable. Skipping connection attempt.
[2025-02-08T06:43:04.064Z] Device at 10.30.28.23 is not reachable. Skipping connection attempt.
[2025-02-08T06:43:14.052Z] Device at 10.30.28.23 is not reachable. Skipping connection attempt.
[2025-02-08T06:43:24.065Z] Device at 10.30.28.23 is not reachable. Skipping connection attempt.
[2025-02-08T06:43:34.100Z] Device at 10.30.28.23 is not reachable. Skipping connection attempt.
[2025-02-08T06:43:44.089Z] Device at 10.30.28.23 is not reachable. Skipping connection attempt.
[2025-02-08T06:43:54.090Z] Device at 10.30.28.23 is not reachable. Skipping connection attempt.
[2025-02-08T06:44:04.082Z] Device at 10.30.28.23 is not reachable. Skipping connection attempt.
[2025-02-08T06:44:14.099Z] Device at 10.30.28.23 is not reachable. Skipping connection attempt.
[2025-02-08T06:44:24.103Z] Device at 10.30.28.23 is not reachable. Skipping connection attempt.
[2025-02-08T06:44:34.126Z] Device at 10.30.28.23 is not reachable. Skipping connection attempt.
[2025-02-08T06:44:44.138Z] Device at 10.30.28.23 is not reachable. Skipping connection attempt.
[2025-02-08T06:44:54.137Z] Device at 10.30.28.23 is not reachable. Skipping connection attempt.
[2025-02-08T06:45:04.141Z] Device at 10.30.28.23 is not reachable. Skipping connection attempt.
[2025-02-08T06:45:14.158Z] Device at 10.30.28.23 is not reachable. Skipping connection attempt.
[2025-02-08T06:45:24.162Z] Device at 10.30.28.23 is not reachable. Skipping connection attempt.
[2025-02-08T06:45:34.199Z] Device at 10.30.28.23 is not reachable. Skipping connection attempt.
[2025-02-08T06:45:44.185Z] Device at 10.30.28.23 is not reachable. Skipping connection attempt.
[2025-02-08T06:45:54.241Z] Device at 10.30.28.23 is not reachable. Skipping connection attempt.
[2025-02-08T06:46:04.200Z] Device at 10.30.28.23 is not reachable. Skipping connection attempt.
[2025-02-08T06:46:14.224Z] Device at 10.30.28.23 is not reachable. Skipping connection attempt.
[2025-02-08T06:46:24.231Z] Device at 10.30.28.23 is not reachable. Skipping connection attempt.
[2025-02-08T06:46:34.238Z] Device at 10.30.28.23 is not reachable. Skipping connection attempt.
[2025-02-08T06:46:44.243Z] Device at 10.30.28.23 is not reachable. Skipping connection attempt.
[2025-02-08T06:46:54.249Z] Device at 10.30.28.23 is not reachable. Skipping connection attempt.
[2025-02-08T06:47:04.248Z] Device at 10.30.28.23 is not reachable. Skipping connection attempt.
[2025-02-08T06:47:14.291Z] Device at 10.30.28.23 is not reachable. Skipping connection attempt.
[2025-02-08T06:47:24.282Z] Device at 10.30.28.23 is not reachable. Skipping connection attempt.
[2025-02-08T06:47:34.284Z] Device at 10.30.28.23 is not reachable. Skipping connection attempt.
[2025-02-08T06:47:44.293Z] Device at 10.30.28.23 is not reachable. Skipping connection attempt.
[2025-02-08T06:47:54.302Z] Device at 10.30.28.23 is not reachable. Skipping connection attempt.
[2025-02-08T06:48:04.316Z] Device at 10.30.28.23 is not reachable. Skipping connection attempt.
[2025-02-08T06:48:14.327Z] Device at 10.30.28.23 is not reachable. Skipping connection attempt.
[2025-02-08T06:48:24.316Z] Device at 10.30.28.23 is not reachable. Skipping connection attempt.
[2025-02-08T06:48:34.364Z] Device at 10.30.28.23 is not reachable. Skipping connection attempt.
[2025-02-08T06:48:44.341Z] Device at 10.30.28.23 is not reachable. Skipping connection attempt.
[2025-02-08T06:48:54.347Z] Device at 10.30.28.23 is not reachable. Skipping connection attempt.
[2025-02-08T06:49:04.354Z] Device at 10.30.28.23 is not reachable. Skipping connection attempt.
[2025-02-08T06:49:14.363Z] Device at 10.30.28.23 is not reachable. Skipping connection attempt.
[2025-02-08T06:49:24.370Z] Device at 10.30.28.23 is not reachable. Skipping connection attempt.
[2025-02-08T06:49:34.381Z] Device at 10.30.28.23 is not reachable. Skipping connection attempt.
[2025-02-08T06:49:44.386Z] Device at 10.30.28.23 is not reachable. Skipping connection attempt.
[2025-02-08T06:49:54.399Z] Device at 10.30.28.23 is not reachable. Skipping connection attempt.
[2025-02-08T06:50:04.434Z] Device at 10.30.28.23 is not reachable. Skipping connection attempt.
[2025-02-08T06:50:14.404Z] Device at 10.30.28.23 is not reachable. Skipping connection attempt.
[2025-02-08T06:50:24.420Z] Device at 10.30.28.23 is not reachable. Skipping connection attempt.
[2025-02-08T06:50:34.429Z] Device at 10.30.28.23 is not reachable. Skipping connection attempt.
[2025-02-08T06:50:44.435Z] Device at 10.30.28.23 is not reachable. Skipping connection attempt.
[2025-02-08T06:50:54.428Z] Device at 10.30.28.23 is not reachable. Skipping connection attempt.
[2025-02-08T06:51:04.452Z] Device at 10.30.28.23 is not reachable. Skipping connection attempt.
[2025-02-08T06:51:14.446Z] Device at 10.30.28.23 is not reachable. Skipping connection attempt.
[2025-02-08T06:51:24.464Z] Device at 10.30.28.23 is not reachable. Skipping connection attempt.
[2025-02-08T06:51:34.458Z] Device at 10.30.28.23 is not reachable. Skipping connection attempt.
[2025-02-08T06:51:44.472Z] Device at 10.30.28.23 is not reachable. Skipping connection attempt.
[2025-02-08T06:51:54.479Z] Device at 10.30.28.23 is not reachable. Skipping connection attempt.
[2025-02-08T06:52:04.493Z] Device at 10.30.28.23 is not reachable. Skipping connection attempt.
[2025-02-08T06:52:14.491Z] Device at 10.30.28.23 is not reachable. Skipping connection attempt.
[2025-02-08T06:52:24.509Z] Device at 10.30.28.23 is not reachable. Skipping connection attempt.
[2025-02-08T06:52:34.515Z] Device at 10.30.28.23 is not reachable. Skipping connection attempt.
[2025-02-08T06:52:44.531Z] Device at 10.30.28.23 is not reachable. Skipping connection attempt.
[2025-02-08T06:52:54.526Z] Device at 10.30.28.23 is not reachable. Skipping connection attempt.
[2025-02-08T06:53:04.598Z] Device at 10.30.28.23 is not reachable. Skipping connection attempt.
[2025-02-08T06:53:14.570Z] Device at 10.30.28.23 is not reachable. Skipping connection attempt.
[2025-02-08T06:53:24.578Z] Device at 10.30.28.23 is not reachable. Skipping connection attempt.
[2025-02-08T06:53:34.553Z] Device at 10.30.28.23 is not reachable. Skipping connection attempt.
[2025-02-08T06:53:44.557Z] Device at 10.30.28.23 is not reachable. Skipping connection attempt.
[2025-02-08T06:53:54.573Z] Device at 10.30.28.23 is not reachable. Skipping connection attempt.
[2025-02-08T06:54:04.584Z] Device at 10.30.28.23 is not reachable. Skipping connection attempt.
[2025-02-08T06:54:14.577Z] Device at 10.30.28.23 is not reachable. Skipping connection attempt.
[2025-02-08T06:54:24.585Z] Device at 10.30.28.23 is not reachable. Skipping connection attempt.
[2025-02-08T06:54:34.599Z] Device at 10.30.28.23 is not reachable. Skipping connection attempt.
[2025-02-08T06:54:44.587Z] Device at 10.30.28.23 is not reachable. Skipping connection attempt.
[2025-02-08T06:54:54.633Z] Device at 10.30.28.23 is not reachable. Skipping connection attempt.
[2025-02-08T06:55:04.621Z] Device at 10.30.28.23 is not reachable. Skipping connection attempt.
[2025-02-08T06:55:14.625Z] Device at 10.30.28.23 is not reachable. Skipping connection attempt.
[2025-02-08T06:55:24.632Z] Device at 10.30.28.23 is not reachable. Skipping connection attempt.
[2025-02-08T06:55:34.637Z] Device at 10.30.28.23 is not reachable. Skipping connection attempt.
[2025-02-08T06:55:44.649Z] Device at 10.30.28.23 is not reachable. Skipping connection attempt.
[2025-02-08T06:55:54.641Z] Device at 10.30.28.23 is not reachable. Skipping connection attempt.
[2025-02-08T06:56:04.657Z] Device at 10.30.28.23 is not reachable. Skipping connection attempt.
[2025-02-08T06:56:14.662Z] Device at 10.30.28.23 is not reachable. Skipping connection attempt.
[2025-02-08T06:56:24.688Z] Device at 10.30.28.23 is not reachable. Skipping connection attempt.
[2025-02-08T06:56:34.696Z] Device at 10.30.28.23 is not reachable. Skipping connection attempt.
[2025-02-08T06:56:44.702Z] Device at 10.30.28.23 is not reachable. Skipping connection attempt.
[2025-02-08T06:56:54.707Z] Device at 10.30.28.23 is not reachable. Skipping connection attempt.
[2025-02-08T06:57:04.714Z] Device at 10.30.28.23 is not reachable. Skipping connection attempt.
[2025-02-08T06:57:14.721Z] Device at 10.30.28.23 is not reachable. Skipping connection attempt.
[2025-02-08T06:57:24.726Z] Device at 10.30.28.23 is not reachable. Skipping connection attempt.
[2025-02-08T06:57:34.733Z] Device at 10.30.28.23 is not reachable. Skipping connection attempt.
[2025-02-08T06:57:44.750Z] Device at 10.30.28.23 is not reachable. Skipping connection attempt.
[2025-02-08T06:57:54.778Z] Device at 10.30.28.23 is not reachable. Skipping connection attempt.
[2025-02-08T06:58:04.784Z] Device at 10.30.28.23 is not reachable. Skipping connection attempt.
[2025-02-08T06:58:14.799Z] Device at 10.30.28.23 is not reachable. Skipping connection attempt.
[2025-02-08T06:58:24.808Z] Device at 10.30.28.23 is not reachable. Skipping connection attempt.
[2025-02-08T06:58:34.825Z] Device at 10.30.28.23 is not reachable. Skipping connection attempt.
[2025-02-08T06:58:44.821Z] Device at 10.30.28.23 is not reachable. Skipping connection attempt.
[2025-02-08T06:58:54.825Z] Device at 10.30.28.23 is not reachable. Skipping connection attempt.
[2025-02-08T06:59:04.865Z] Device at 10.30.28.23 is not reachable. Skipping connection attempt.
[2025-02-08T06:59:14.836Z] Device at 10.30.28.23 is not reachable. Skipping connection attempt.
[2025-02-08T06:59:24.851Z] Device at 10.30.28.23 is not reachable. Skipping connection attempt.
[2025-02-08T06:59:34.859Z] Device at 10.30.28.23 is not reachable. Skipping connection attempt.
[2025-02-08T06:59:44.888Z] Device at 10.30.28.23 is not reachable. Skipping connection attempt.
[2025-02-08T06:59:54.875Z] Device at 10.30.28.23 is not reachable. Skipping connection attempt.
[2025-02-08T07:00:04.871Z] Device at 10.30.28.23 is not reachable. Skipping connection attempt.
[2025-02-08T07:00:14.883Z] Device at 10.30.28.23 is not reachable. Skipping connection attempt.
[2025-02-08T07:00:24.890Z] Device at 10.30.28.23 is not reachable. Skipping connection attempt.
[2025-02-08T07:00:34.899Z] Device at 10.30.28.23 is not reachable. Skipping connection attempt.
[2025-02-08T07:00:44.923Z] Device at 10.30.28.23 is not reachable. Skipping connection attempt.
[2025-02-08T07:00:54.900Z] Device at 10.30.28.23 is not reachable. Skipping connection attempt.
[2025-02-08T07:01:04.918Z] Device at 10.30.28.23 is not reachable. Skipping connection attempt.
[2025-02-08T07:01:16.742Z] Device at 10.30.28.23 is not reachable. Skipping connection attempt.
[2025-02-08T07:01:24.948Z] Device at 10.30.28.23 is not reachable. Skipping connection attempt.
[2025-02-08T07:01:34.945Z] Device at 10.30.28.23 is not reachable. Skipping connection attempt.
[2025-02-08T07:01:44.943Z] Device at 10.30.28.23 is not reachable. Skipping connection attempt.
[2025-02-08T07:01:54.947Z] Device at 10.30.28.23 is not reachable. Skipping connection attempt.
[2025-02-08T07:02:04.952Z] Device at 10.30.28.23 is not reachable. Skipping connection attempt.
[2025-02-08T07:02:14.959Z] Device at 10.30.28.23 is not reachable. Skipping connection attempt.
[2025-02-08T07:02:24.966Z] Device at 10.30.28.23 is not reachable. Skipping connection attempt.
[2025-02-08T07:02:34.973Z] Device at 10.30.28.23 is not reachable. Skipping connection attempt.
[2025-02-08T07:02:45.011Z] Device at 10.30.28.23 is not reachable. Skipping connection attempt.
[2025-02-08T07:02:54.997Z] Device at 10.30.28.23 is not reachable. Skipping connection attempt.
[2025-02-08T07:03:04.988Z] Device at 10.30.28.23 is not reachable. Skipping connection attempt.
[2025-02-08T07:03:14.986Z] Device at 10.30.28.23 is not reachable. Skipping connection attempt.
[2025-02-08T07:03:25.024Z] Device at 10.30.28.23 is not reachable. Skipping connection attempt.
[2025-02-08T07:03:35.013Z] Device at 10.30.28.23 is not reachable. Skipping connection attempt.
[2025-02-08T07:03:45.020Z] Device at 10.30.28.23 is not reachable. Skipping connection attempt.
[2025-02-08T07:03:55.076Z] Device at 10.30.28.23 is not reachable. Skipping connection attempt.
[2025-02-08T07:04:05.017Z] Device at 10.30.28.23 is not reachable. Skipping connection attempt.
[2025-02-08T07:04:15.069Z] Device at 10.30.28.23 is not reachable. Skipping connection attempt.
[2025-02-08T07:04:25.031Z] Device at 10.30.28.23 is not reachable. Skipping connection attempt.
[2025-02-08T07:04:35.050Z] Device at 10.30.28.23 is not reachable. Skipping connection attempt.
[2025-02-08T07:04:45.063Z] Device at 10.30.28.23 is not reachable. Skipping connection attempt.
[2025-02-08T07:04:55.074Z] Device at 10.30.28.23 is not reachable. Skipping connection attempt.
[2025-02-08T07:05:05.069Z] Device at 10.30.28.23 is not reachable. Skipping connection attempt.
[2025-02-08T07:05:15.073Z] Device at 10.30.28.23 is not reachable. Skipping connection attempt.
[2025-02-08T07:05:25.100Z] Device at 10.30.28.23 is not reachable. Skipping connection attempt.
[2025-02-08T07:05:35.086Z] Device at 10.30.28.23 is not reachable. Skipping connection attempt.
[2025-02-08T07:05:45.101Z] Device at 10.30.28.23 is not reachable. Skipping connection attempt.
[2025-02-08T07:05:55.101Z] Device at 10.30.28.23 is not reachable. Skipping connection attempt.
[2025-02-08T07:06:05.095Z] Device at 10.30.28.23 is not reachable. Skipping connection attempt.
[2025-02-08T07:06:15.114Z] Device at 10.30.28.23 is not reachable. Skipping connection attempt.
[2025-02-08T07:06:25.119Z] Device at 10.30.28.23 is not reachable. Skipping connection attempt.
[2025-02-08T07:06:35.133Z] Device at 10.30.28.23 is not reachable. Skipping connection attempt.
[2025-02-08T07:06:45.131Z] Device at 10.30.28.23 is not reachable. Skipping connection attempt.
[2025-02-08T07:06:55.142Z] Device at 10.30.28.23 is not reachable. Skipping connection attempt.
[2025-02-08T07:07:05.152Z] Device at 10.30.28.23 is not reachable. Skipping connection attempt.
[2025-02-08T07:07:15.159Z] Device at 10.30.28.23 is not reachable. Skipping connection attempt.
[2025-02-08T07:07:25.166Z] Device at 10.30.28.23 is not reachable. Skipping connection attempt.
[2025-02-08T07:07:35.174Z] Device at 10.30.28.23 is not reachable. Skipping connection attempt.
[2025-02-08T07:07:45.191Z] Device at 10.30.28.23 is not reachable. Skipping connection attempt.
[2025-02-08T07:07:55.202Z] Device at 10.30.28.23 is not reachable. Skipping connection attempt.
[2025-02-08T07:08:05.201Z] Device at 10.30.28.23 is not reachable. Skipping connection attempt.
[2025-02-08T07:08:15.236Z] Device at 10.30.28.23 is not reachable. Skipping connection attempt.
[2025-02-08T07:08:25.228Z] Device at 10.30.28.23 is not reachable. Skipping connection attempt.
[2025-02-08T07:08:35.230Z] Device at 10.30.28.23 is not reachable. Skipping connection attempt.
[2025-02-08T07:08:45.228Z] Device at 10.30.28.23 is not reachable. Skipping connection attempt.
[2025-02-08T07:08:55.250Z] Device at 10.30.28.23 is not reachable. Skipping connection attempt.
[2025-02-08T07:09:05.244Z] Device at 10.30.28.23 is not reachable. Skipping connection attempt.
[2025-02-08T07:09:15.256Z] Device at 10.30.28.23 is not reachable. Skipping connection attempt.
[2025-02-08T07:09:25.263Z] Device at 10.30.28.23 is not reachable. Skipping connection attempt.
[2025-02-08T07:09:35.279Z] Device at 10.30.28.23 is not reachable. Skipping connection attempt.
[2025-02-08T07:09:45.284Z] Device at 10.30.28.23 is not reachable. Skipping connection attempt.
[2025-02-08T07:09:55.290Z] Device at 10.30.28.23 is not reachable. Skipping connection attempt.
[2025-02-08T07:10:05.309Z] Device at 10.30.28.23 is not reachable. Skipping connection attempt.
[2025-02-08T07:10:15.312Z] Device at 10.30.28.23 is not reachable. Skipping connection attempt.
[2025-02-08T07:10:25.320Z] Device at 10.30.28.23 is not reachable. Skipping connection attempt.
[2025-02-08T07:10:35.326Z] Device at 10.30.28.23 is not reachable. Skipping connection attempt.
[2025-02-08T07:10:45.331Z] Device at 10.30.28.23 is not reachable. Skipping connection attempt.
[2025-02-08T07:10:55.343Z] Device at 10.30.28.23 is not reachable. Skipping connection attempt.
[2025-02-08T07:11:05.345Z] Device at 10.30.28.23 is not reachable. Skipping connection attempt.
[2025-02-08T07:11:15.366Z] Device at 10.30.28.23 is not reachable. Skipping connection attempt.
[2025-02-08T07:11:25.367Z] Device at 10.30.28.23 is not reachable. Skipping connection attempt.
[2025-02-08T07:11:35.363Z] Device at 10.30.28.23 is not reachable. Skipping connection attempt.
[2025-02-08T07:11:45.377Z] Device at 10.30.28.23 is not reachable. Skipping connection attempt.
[2025-02-08T07:11:55.406Z] Device at 10.30.28.23 is not reachable. Skipping connection attempt.
[2025-02-08T07:12:05.395Z] Device at 10.30.28.23 is not reachable. Skipping connection attempt.
[2025-02-08T07:12:15.389Z] Device at 10.30.28.23 is not reachable. Skipping connection attempt.
[2025-02-08T07:12:25.395Z] Device at 10.30.28.23 is not reachable. Skipping connection attempt.
[2025-02-08T07:12:35.404Z] Device at 10.30.28.23 is not reachable. Skipping connection attempt.
[2025-02-08T07:12:45.420Z] Device at 10.30.28.23 is not reachable. Skipping connection attempt.
[2025-02-08T07:12:55.415Z] Device at 10.30.28.23 is not reachable. Skipping connection attempt.
[2025-02-08T07:13:05.426Z] Device at 10.30.28.23 is not reachable. Skipping connection attempt.
[2025-02-08T07:13:15.428Z] Device at 10.30.28.23 is not reachable. Skipping connection attempt.
[2025-02-08T07:13:25.433Z] Device at 10.30.28.23 is not reachable. Skipping connection attempt.
[2025-02-08T07:13:35.480Z] Device at 10.30.28.23 is not reachable. Skipping connection attempt.
[2025-02-08T07:13:45.458Z] Device at 10.30.28.23 is not reachable. Skipping connection attempt.
[2025-02-08T07:13:55.476Z] Device at 10.30.28.23 is not reachable. Skipping connection attempt.
[2025-02-08T07:14:05.480Z] Device at 10.30.28.23 is not reachable. Skipping connection attempt.
[2025-02-08T07:14:15.505Z] Device at 10.30.28.23 is not reachable. Skipping connection attempt.
[2025-02-08T07:14:25.495Z] Device at 10.30.28.23 is not reachable. Skipping connection attempt.
[2025-02-08T07:14:35.511Z] Device at 10.30.28.23 is not reachable. Skipping connection attempt.
[2025-02-08T07:14:45.515Z] Device at 10.30.28.23 is not reachable. Skipping connection attempt.
[2025-02-08T07:14:55.532Z] Device at 10.30.28.23 is not reachable. Skipping connection attempt.
[2025-02-08T07:15:05.539Z] Device at 10.30.28.23 is not reachable. Skipping connection attempt.
[2025-02-08T07:15:15.544Z] Device at 10.30.28.23 is not reachable. Skipping connection attempt.
[2025-02-08T07:15:25.552Z] Device at 10.30.28.23 is not reachable. Skipping connection attempt.
[2025-02-08T07:15:35.576Z] Device at 10.30.28.23 is not reachable. Skipping connection attempt.
[2025-02-08T07:15:45.574Z] Device at 10.30.28.23 is not reachable. Skipping connection attempt.
[2025-02-08T07:15:55.580Z] Device at 10.30.28.23 is not reachable. Skipping connection attempt.
[2025-02-08T07:16:05.599Z] Device at 10.30.28.23 is not reachable. Skipping connection attempt.
[2025-02-08T07:16:15.604Z] Device at 10.30.28.23 is not reachable. Skipping connection attempt.
[2025-02-08T07:16:25.621Z] Device at 10.30.28.23 is not reachable. Skipping connection attempt.
[2025-02-08T07:16:35.625Z] Device at 10.30.28.23 is not reachable. Skipping connection attempt.
[2025-02-08T07:16:45.630Z] Device at 10.30.28.23 is not reachable. Skipping connection attempt.
[2025-02-08T07:16:55.626Z] Device at 10.30.28.23 is not reachable. Skipping connection attempt.
[2025-02-08T07:17:05.634Z] Device at 10.30.28.23 is not reachable. Skipping connection attempt.
[2025-02-08T07:17:15.650Z] Device at 10.30.28.23 is not reachable. Skipping connection attempt.
[2025-02-08T07:17:25.657Z] Device at 10.30.28.23 is not reachable. Skipping connection attempt.
[2025-02-08T07:17:35.671Z] Device at 10.30.28.23 is not reachable. Skipping connection attempt.
[2025-02-08T07:17:45.691Z] Device at 10.30.28.23 is not reachable. Skipping connection attempt.
[2025-02-08T07:17:55.696Z] Device at 10.30.28.23 is not reachable. Skipping connection attempt.
[2025-02-08T07:18:05.692Z] Device at 10.30.28.23 is not reachable. Skipping connection attempt.
[2025-02-08T07:18:15.697Z] Device at 10.30.28.23 is not reachable. Skipping connection attempt.
[2025-02-08T07:18:25.707Z] Device at 10.30.28.23 is not reachable. Skipping connection attempt.
[2025-02-08T07:18:35.720Z] Device at 10.30.28.23 is not reachable. Skipping connection attempt.
[2025-02-08T07:18:45.728Z] Device at 10.30.28.23 is not reachable. Skipping connection attempt.
[2025-02-08T07:18:55.725Z] Device at 10.30.28.23 is not reachable. Skipping connection attempt.
[2025-02-08T07:19:05.763Z] Device at 10.30.28.23 is not reachable. Skipping connection attempt.
[2025-02-08T07:19:15.733Z] Device at 10.30.28.23 is not reachable. Skipping connection attempt.
[2025-02-08T07:19:25.741Z] Device at 10.30.28.23 is not reachable. Skipping connection attempt.
[2025-02-08T07:19:35.786Z] Device at 10.30.28.23 is not reachable. Skipping connection attempt.
[2025-02-08T07:19:45.768Z] Device at 10.30.28.23 is not reachable. Skipping connection attempt.
[2025-02-08T07:19:55.801Z] Device at 10.30.28.23 is not reachable. Skipping connection attempt.
[2025-02-08T07:20:05.779Z] Device at 10.30.28.23 is not reachable. Skipping connection attempt.
[2025-02-08T07:20:15.783Z] Device at 10.30.28.23 is not reachable. Skipping connection attempt.
[2025-02-08T07:20:25.823Z] Device at 10.30.28.23 is not reachable. Skipping connection attempt.
[2025-02-08T07:20:35.777Z] Device at 10.30.28.23 is not reachable. Skipping connection attempt.
[2025-02-08T07:20:45.793Z] Device at 10.30.28.23 is not reachable. Skipping connection attempt.
[2025-02-08T07:20:55.807Z] Device at 10.30.28.23 is not reachable. Skipping connection attempt.
[2025-02-08T07:21:05.824Z] Device at 10.30.28.23 is not reachable. Skipping connection attempt.
[2025-02-08T07:21:15.862Z] Device at 10.30.28.23 is not reachable. Skipping connection attempt.
[2025-02-08T07:21:25.839Z] Device at 10.30.28.23 is not reachable. Skipping connection attempt.
[2025-02-08T07:21:35.876Z] Device at 10.30.28.23 is not reachable. Skipping connection attempt.
[2025-02-08T07:21:45.860Z] Device at 10.30.28.23 is not reachable. Skipping connection attempt.
[2025-02-08T07:21:55.856Z] Device at 10.30.28.23 is not reachable. Skipping connection attempt.
[2025-02-08T07:22:05.873Z] Device at 10.30.28.23 is not reachable. Skipping connection attempt.
[2025-02-08T07:22:15.881Z] Device at 10.30.28.23 is not reachable. Skipping connection attempt.
[2025-02-08T07:22:25.884Z] Device at 10.30.28.23 is not reachable. Skipping connection attempt.
[2025-02-08T07:22:35.897Z] Device at 10.30.28.23 is not reachable. Skipping connection attempt.
[2025-02-08T07:22:45.911Z] Device at 10.30.28.23 is not reachable. Skipping connection attempt.
[2025-02-08T07:22:55.936Z] Device at 10.30.28.23 is not reachable. Skipping connection attempt.
[2025-02-08T07:23:05.950Z] Device at 10.30.28.23 is not reachable. Skipping connection attempt.
[2025-02-08T07:23:15.926Z] Device at 10.30.28.23 is not reachable. Skipping connection attempt.
[2025-02-08T07:23:25.933Z] Device at 10.30.28.23 is not reachable. Skipping connection attempt.
[2025-02-08T07:23:35.948Z] Device at 10.30.28.23 is not reachable. Skipping connection attempt.
[2025-02-08T07:23:45.959Z] Device at 10.30.28.23 is not reachable. Skipping connection attempt.
[2025-02-08T07:23:55.983Z] Device at 10.30.28.23 is not reachable. Skipping connection attempt.
[2025-02-08T07:24:05.968Z] Device at 10.30.28.23 is not reachable. Skipping connection attempt.
[2025-02-08T07:24:15.973Z] Device at 10.30.28.23 is not reachable. Skipping connection attempt.
[2025-02-08T07:24:25.971Z] Device at 10.30.28.23 is not reachable. Skipping connection attempt.
[2025-02-08T07:24:35.979Z] Device at 10.30.28.23 is not reachable. Skipping connection attempt.
[2025-02-08T07:24:45.987Z] Device at 10.30.28.23 is not reachable. Skipping connection attempt.
[2025-02-08T07:24:55.991Z] Device at 10.30.28.23 is not reachable. Skipping connection attempt.
[2025-02-08T07:25:06.000Z] Device at 10.30.28.23 is not reachable. Skipping connection attempt.
[2025-02-08T07:25:16.002Z] Device at 10.30.28.23 is not reachable. Skipping connection attempt.
[2025-02-08T07:25:26.011Z] Device at 10.30.28.23 is not reachable. Skipping connection attempt.
[2025-02-08T07:25:36.025Z] Device at 10.30.28.23 is not reachable. Skipping connection attempt.
[2025-02-08T07:25:46.037Z] Device at 10.30.28.23 is not reachable. Skipping connection attempt.
[2025-02-08T07:25:56.049Z] Device at 10.30.28.23 is not reachable. Skipping connection attempt.
[2025-02-08T07:26:06.104Z] Device at 10.30.28.23 is not reachable. Skipping connection attempt.
[2025-02-08T07:26:16.052Z] Device at 10.30.28.23 is not reachable. Skipping connection attempt.
[2025-02-08T07:26:26.070Z] Device at 10.30.28.23 is not reachable. Skipping connection attempt.
[2025-02-08T07:26:36.104Z] Device at 10.30.28.23 is not reachable. Skipping connection attempt.
[2025-02-08T07:26:46.081Z] Device at 10.30.28.23 is not reachable. Skipping connection attempt.
[2025-02-08T07:26:56.075Z] Device at 10.30.28.23 is not reachable. Skipping connection attempt.
[2025-02-08T07:27:06.096Z] Device at 10.30.28.23 is not reachable. Skipping connection attempt.
[2025-02-08T07:27:16.100Z] Device at 10.30.28.23 is not reachable. Skipping connection attempt.
[2025-02-08T07:27:26.118Z] Device at 10.30.28.23 is not reachable. Skipping connection attempt.
[2025-02-08T07:27:36.138Z] Device at 10.30.28.23 is not reachable. Skipping connection attempt.
[2025-02-08T07:27:46.138Z] Device at 10.30.28.23 is not reachable. Skipping connection attempt.
[2025-02-08T07:27:56.134Z] Device at 10.30.28.23 is not reachable. Skipping connection attempt.
[2025-02-08T07:28:06.170Z] Device at 10.30.28.23 is not reachable. Skipping connection attempt.
[2025-02-08T07:28:16.147Z] Device at 10.30.28.23 is not reachable. Skipping connection attempt.
[2025-02-08T07:28:26.184Z] Device at 10.30.28.23 is not reachable. Skipping connection attempt.
[2025-02-08T07:28:36.152Z] Device at 10.30.28.23 is not reachable. Skipping connection attempt.
[2025-02-08T07:28:46.157Z] Device at 10.30.28.23 is not reachable. Skipping connection attempt.
[2025-02-08T07:28:56.203Z] Device at 10.30.28.23 is not reachable. Skipping connection attempt.
[2025-02-08T07:29:06.181Z] Device at 10.30.28.23 is not reachable. Skipping connection attempt.
[2025-02-08T07:29:16.225Z] Device at 10.30.28.23 is not reachable. Skipping connection attempt.
[2025-02-08T07:29:26.201Z] Device at 10.30.28.23 is not reachable. Skipping connection attempt.
[2025-02-08T07:29:36.228Z] Device at 10.30.28.23 is not reachable. Skipping connection attempt.
[2025-02-08T07:29:46.214Z] Device at 10.30.28.23 is not reachable. Skipping connection attempt.
[2025-02-08T07:29:56.220Z] Device at 10.30.28.23 is not reachable. Skipping connection attempt.
[2025-02-08T07:30:06.231Z] Device at 10.30.28.23 is not reachable. Skipping connection attempt.
[2025-02-08T07:30:16.223Z] Device at 10.30.28.23 is not reachable. Skipping connection attempt.
[2025-02-08T07:30:26.229Z] Device at 10.30.28.23 is not reachable. Skipping connection attempt.
[2025-02-08T07:30:36.245Z] Device at 10.30.28.23 is not reachable. Skipping connection attempt.
[2025-02-08T07:30:46.257Z] Device at 10.30.28.23 is not reachable. Skipping connection attempt.
[2025-02-08T07:30:56.260Z] Device at 10.30.28.23 is not reachable. Skipping connection attempt.
[2025-02-08T07:31:06.277Z] Device at 10.30.28.23 is not reachable. Skipping connection attempt.
[2025-02-08T07:31:16.273Z] Device at 10.30.28.23 is not reachable. Skipping connection attempt.
[2025-02-08T07:31:26.289Z] Device at 10.30.28.23 is not reachable. Skipping connection attempt.
[2025-02-08T07:31:36.343Z] Device at 10.30.28.23 is not reachable. Skipping connection attempt.
[2025-02-08T07:31:46.312Z] Device at 10.30.28.23 is not reachable. Skipping connection attempt.
[2025-02-08T07:31:56.318Z] Device at 10.30.28.23 is not reachable. Skipping connection attempt.
[2025-02-08T07:32:06.313Z] Device at 10.30.28.23 is not reachable. Skipping connection attempt.
[2025-02-08T07:32:16.319Z] Device at 10.30.28.23 is not reachable. Skipping connection attempt.
[2025-02-08T07:32:26.336Z] Device at 10.30.28.23 is not reachable. Skipping connection attempt.
[2025-02-08T07:32:36.333Z] Device at 10.30.28.23 is not reachable. Skipping connection attempt.
[2025-02-08T07:32:46.361Z] Device at 10.30.28.23 is not reachable. Skipping connection attempt.
[2025-02-08T07:32:56.358Z] Device at 10.30.28.23 is not reachable. Skipping connection attempt.
[2025-02-08T07:33:06.367Z] Device at 10.30.28.23 is not reachable. Skipping connection attempt.
[2025-02-08T07:33:16.369Z] Device at 10.30.28.23 is not reachable. Skipping connection attempt.
[2025-02-08T07:33:26.388Z] Device at 10.30.28.23 is not reachable. Skipping connection attempt.
[2025-02-08T07:33:36.404Z] Device at 10.30.28.23 is not reachable. Skipping connection attempt.
[2025-02-08T07:33:46.410Z] Device at 10.30.28.23 is not reachable. Skipping connection attempt.
[2025-02-08T07:33:56.417Z] Device at 10.30.28.23 is not reachable. Skipping connection attempt.
[2025-02-08T07:34:06.436Z] Device at 10.30.28.23 is not reachable. Skipping connection attempt.
[2025-02-08T07:34:16.441Z] Device at 10.30.28.23 is not reachable. Skipping connection attempt.
[2025-02-08T07:34:26.444Z] Device at 10.30.28.23 is not reachable. Skipping connection attempt.
[2025-02-08T07:34:36.475Z] Device at 10.30.28.23 is not reachable. Skipping connection attempt.
[2025-02-08T07:34:46.467Z] Device at 10.30.28.23 is not reachable. Skipping connection attempt.
[2025-02-08T07:34:56.483Z] Device at 10.30.28.23 is not reachable. Skipping connection attempt.
[2025-02-08T07:35:06.483Z] Device at 10.30.28.23 is not reachable. Skipping connection attempt.
[2025-02-08T07:35:16.485Z] Device at 10.30.28.23 is not reachable. Skipping connection attempt.
[2025-02-08T07:35:26.501Z] Device at 10.30.28.23 is not reachable. Skipping connection attempt.
[2025-02-08T07:35:36.531Z] Device at 10.30.28.23 is not reachable. Skipping connection attempt.
[2025-02-08T07:35:46.514Z] Device at 10.30.28.23 is not reachable. Skipping connection attempt.
[2025-02-08T07:35:56.532Z] Device at 10.30.28.23 is not reachable. Skipping connection attempt.
[2025-02-08T07:36:06.539Z] Device at 10.30.28.23 is not reachable. Skipping connection attempt.
[2025-02-08T07:36:16.543Z] Device at 10.30.28.23 is not reachable. Skipping connection attempt.
[2025-02-08T07:36:26.550Z] Device at 10.30.28.23 is not reachable. Skipping connection attempt.
[2025-02-08T07:36:36.558Z] Device at 10.30.28.23 is not reachable. Skipping connection attempt.
[2025-02-08T07:36:46.561Z] Device at 10.30.28.23 is not reachable. Skipping connection attempt.
[2025-02-08T07:36:56.573Z] Device at 10.30.28.23 is not reachable. Skipping connection attempt.
[2025-02-08T07:37:06.586Z] Device at 10.30.28.23 is not reachable. Skipping connection attempt.
[2025-02-08T07:37:16.584Z] Device at 10.30.28.23 is not reachable. Skipping connection attempt.
[2025-02-08T07:37:26.594Z] Device at 10.30.28.23 is not reachable. Skipping connection attempt.
[2025-02-08T07:37:36.585Z] Device at 10.30.28.23 is not reachable. Skipping connection attempt.
[2025-02-08T07:37:46.609Z] Device at 10.30.28.23 is not reachable. Skipping connection attempt.
[2025-02-08T07:37:56.609Z] Device at 10.30.28.23 is not reachable. Skipping connection attempt.
[2025-02-08T07:38:06.617Z] Device at 10.30.28.23 is not reachable. Skipping connection attempt.
[2025-02-08T07:38:16.620Z] Device at 10.30.28.23 is not reachable. Skipping connection attempt.
[2025-02-08T07:38:26.640Z] Device at 10.30.28.23 is not reachable. Skipping connection attempt.
[2025-02-08T07:38:36.639Z] Device at 10.30.28.23 is not reachable. Skipping connection attempt.
[2025-02-08T07:38:46.642Z] Device at 10.30.28.23 is not reachable. Skipping connection attempt.
[2025-02-08T07:38:56.648Z] Device at 10.30.28.23 is not reachable. Skipping connection attempt.
[2025-02-08T07:39:06.676Z] Device at 10.30.28.23 is not reachable. Skipping connection attempt.
[2025-02-08T07:39:16.705Z] Device at 10.30.28.23 is not reachable. Skipping connection attempt.
[2025-02-08T07:39:26.674Z] Device at 10.30.28.23 is not reachable. Skipping connection attempt.
[2025-02-08T07:39:36.682Z] Device at 10.30.28.23 is not reachable. Skipping connection attempt.
[2025-02-08T07:39:46.680Z] Device at 10.30.28.23 is not reachable. Skipping connection attempt.
[2025-02-08T07:39:56.727Z] Device at 10.30.28.23 is not reachable. Skipping connection attempt.
[2025-02-08T07:40:06.716Z] Device at 10.30.28.23 is not reachable. Skipping connection attempt.
[2025-02-08T07:40:16.706Z] Device at 10.30.28.23 is not reachable. Skipping connection attempt.
[2025-02-08T07:40:26.755Z] Device at 10.30.28.23 is not reachable. Skipping connection attempt.
[2025-02-08T07:40:36.730Z] Device at 10.30.28.23 is not reachable. Skipping connection attempt.
[2025-02-08T07:40:46.736Z] Device at 10.30.28.23 is not reachable. Skipping connection attempt.
[2025-02-08T07:40:56.763Z] Device at 10.30.28.23 is not reachable. Skipping connection attempt.
[2025-02-08T07:41:06.749Z] Device at 10.30.28.23 is not reachable. Skipping connection attempt.
[2025-02-08T07:41:16.755Z] Device at 10.30.28.23 is not reachable. Skipping connection attempt.
[2025-02-08T07:41:26.759Z] Device at 10.30.28.23 is not reachable. Skipping connection attempt.
[2025-02-08T07:41:36.766Z] Device at 10.30.28.23 is not reachable. Skipping connection attempt.
[2025-02-08T07:41:46.776Z] Device at 10.30.28.23 is not reachable. Skipping connection attempt.
[2025-02-08T07:41:56.785Z] Device at 10.30.28.23 is not reachable. Skipping connection attempt.
[2025-02-08T07:42:06.801Z] Device at 10.30.28.23 is not reachable. Skipping connection attempt.
[2025-02-08T07:42:16.832Z] Device at 10.30.28.23 is not reachable. Skipping connection attempt.
[2025-02-08T07:42:26.807Z] Device at 10.30.28.23 is not reachable. Skipping connection attempt.
[2025-02-08T07:42:36.809Z] Device at 10.30.28.23 is not reachable. Skipping connection attempt.
[2025-02-08T07:42:46.820Z] Device at 10.30.28.23 is not reachable. Skipping connection attempt.
[2025-02-08T07:42:56.817Z] Device at 10.30.28.23 is not reachable. Skipping connection attempt.
[2025-02-08T07:43:06.824Z] Device at 10.30.28.23 is not reachable. Skipping connection attempt.
[2025-02-08T07:43:16.821Z] Device at 10.30.28.23 is not reachable. Skipping connection attempt.
[2025-02-08T07:43:26.836Z] Device at 10.30.28.23 is not reachable. Skipping connection attempt.
[2025-02-08T07:43:36.843Z] Device at 10.30.28.23 is not reachable. Skipping connection attempt.
[2025-02-08T07:43:46.850Z] Device at 10.30.28.23 is not reachable. Skipping connection attempt.
[2025-02-08T07:43:56.873Z] Device at 10.30.28.23 is not reachable. Skipping connection attempt.
[2025-02-08T07:44:06.875Z] Device at 10.30.28.23 is not reachable. Skipping connection attempt.
[2025-02-08T07:44:16.879Z] Device at 10.30.28.23 is not reachable. Skipping connection attempt.
[2025-02-08T07:44:26.916Z] Device at 10.30.28.23 is not reachable. Skipping connection attempt.
[2025-02-08T07:44:36.894Z] Device at 10.30.28.23 is not reachable. Skipping connection attempt.
[2025-02-08T07:44:46.898Z] Device at 10.30.28.23 is not reachable. Skipping connection attempt.
[2025-02-08T07:44:56.908Z] Device at 10.30.28.23 is not reachable. Skipping connection attempt.
[2025-02-08T07:45:06.921Z] Device at 10.30.28.23 is not reachable. Skipping connection attempt.
[2025-02-08T07:45:16.926Z] Device at 10.30.28.23 is not reachable. Skipping connection attempt.
[2025-02-08T07:45:26.925Z] Device at 10.30.28.23 is not reachable. Skipping connection attempt.
[2025-02-08T07:45:36.972Z] Device at 10.30.28.23 is not reachable. Skipping connection attempt.
[2025-02-08T07:45:46.947Z] Device at 10.30.28.23 is not reachable. Skipping connection attempt.
[2025-02-08T07:45:56.953Z] Device at 10.30.28.23 is not reachable. Skipping connection attempt.
[2025-02-08T07:46:06.958Z] Device at 10.30.28.23 is not reachable. Skipping connection attempt.
[2025-02-08T07:46:16.969Z] Device at 10.30.28.23 is not reachable. Skipping connection attempt.
[2025-02-08T07:46:26.962Z] Device at 10.30.28.23 is not reachable. Skipping connection attempt.
[2025-02-08T07:46:36.968Z] Device at 10.30.28.23 is not reachable. Skipping connection attempt.
[2025-02-08T07:46:46.964Z] Device at 10.30.28.23 is not reachable. Skipping connection attempt.
[2025-02-08T07:46:56.980Z] Device at 10.30.28.23 is not reachable. Skipping connection attempt.
[2025-02-08T07:47:06.977Z] Device at 10.30.28.23 is not reachable. Skipping connection attempt.
[2025-02-08T07:47:16.982Z] Device at 10.30.28.23 is not reachable. Skipping connection attempt.
[2025-02-08T07:47:26.978Z] Device at 10.30.28.23 is not reachable. Skipping connection attempt.
[2025-02-08T07:47:36.986Z] Device at 10.30.28.23 is not reachable. Skipping connection attempt.
[2025-02-08T07:47:47.002Z] Device at 10.30.28.23 is not reachable. Skipping connection attempt.
[2025-02-08T07:47:57.020Z] Device at 10.30.28.23 is not reachable. Skipping connection attempt.
[2025-02-08T07:48:07.026Z] Device at 10.30.28.23 is not reachable. Skipping connection attempt.
[2025-02-08T07:48:17.040Z] Device at 10.30.28.23 is not reachable. Skipping connection attempt.
[2025-02-08T07:48:27.088Z] Device at 10.30.28.23 is not reachable. Skipping connection attempt.
[2025-02-08T07:48:37.060Z] Device at 10.30.28.23 is not reachable. Skipping connection attempt.
[2025-02-08T07:48:47.061Z] Device at 10.30.28.23 is not reachable. Skipping connection attempt.
[2025-02-08T07:48:57.066Z] Device at 10.30.28.23 is not reachable. Skipping connection attempt.
[2025-02-08T07:49:07.072Z] Device at 10.30.28.23 is not reachable. Skipping connection attempt.
[2025-02-08T07:49:17.091Z] Device at 10.30.28.23 is not reachable. Skipping connection attempt.
[2025-02-08T07:49:27.098Z] Device at 10.30.28.23 is not reachable. Skipping connection attempt.
[2025-02-08T07:49:37.104Z] Device at 10.30.28.23 is not reachable. Skipping connection attempt.
[2025-02-08T07:49:47.168Z] Device at 10.30.28.23 is not reachable. Skipping connection attempt.
[2025-02-08T07:49:57.106Z] Device at 10.30.28.23 is not reachable. Skipping connection attempt.
[2025-02-08T07:50:07.132Z] Device at 10.30.28.23 is not reachable. Skipping connection attempt.
[2025-02-08T07:50:17.142Z] Device at 10.30.28.23 is not reachable. Skipping connection attempt.
[2025-02-08T07:50:27.177Z] Device at 10.30.28.23 is not reachable. Skipping connection attempt.
[2025-02-08T07:50:37.161Z] Device at 10.30.28.23 is not reachable. Skipping connection attempt.
[2025-02-08T07:50:47.177Z] Device at 10.30.28.23 is not reachable. Skipping connection attempt.
[2025-02-08T07:50:57.173Z] Device at 10.30.28.23 is not reachable. Skipping connection attempt.
[2025-02-08T07:51:07.259Z] Device at 10.30.28.23 is not reachable. Skipping connection attempt.
[2025-02-08T07:51:17.199Z] Device at 10.30.28.23 is not reachable. Skipping connection attempt.
[2025-02-08T07:51:27.206Z] Device at 10.30.28.23 is not reachable. Skipping connection attempt.
[2025-02-08T07:51:37.219Z] Device at 10.30.28.23 is not reachable. Skipping connection attempt.
[2025-02-08T07:51:47.241Z] Device at 10.30.28.23 is not reachable. Skipping connection attempt.
[2025-02-08T07:51:57.248Z] Device at 10.30.28.23 is not reachable. Skipping connection attempt.
[2025-02-08T07:52:07.240Z] Device at 10.30.28.23 is not reachable. Skipping connection attempt.
[2025-02-08T07:52:17.258Z] Device at 10.30.28.23 is not reachable. Skipping connection attempt.
[2025-02-08T07:52:27.250Z] Device at 10.30.28.23 is not reachable. Skipping connection attempt.
[2025-02-08T07:52:37.281Z] Device at 10.30.28.23 is not reachable. Skipping connection attempt.
[2025-02-08T07:52:47.287Z] Device at 10.30.28.23 is not reachable. Skipping connection attempt.
[2025-02-08T07:52:57.311Z] Device at 10.30.28.23 is not reachable. Skipping connection attempt.
[2025-02-08T07:53:07.341Z] Device at 10.30.28.23 is not reachable. Skipping connection attempt.
[2025-02-08T07:53:17.323Z] Device at 10.30.28.23 is not reachable. Skipping connection attempt.
[2025-02-08T07:53:27.362Z] Device at 10.30.28.23 is not reachable. Skipping connection attempt.
[2025-02-08T07:53:37.334Z] Device at 10.30.28.23 is not reachable. Skipping connection attempt.
[2025-02-08T07:53:47.345Z] Device at 10.30.28.23 is not reachable. Skipping connection attempt.
[2025-02-08T07:53:57.330Z] Device at 10.30.28.23 is not reachable. Skipping connection attempt.
[2025-02-08T07:54:07.366Z] Device at 10.30.28.23 is not reachable. Skipping connection attempt.
[2025-02-08T07:54:17.340Z] Device at 10.30.28.23 is not reachable. Skipping connection attempt.
[2025-02-08T07:54:27.374Z] Device at 10.30.28.23 is not reachable. Skipping connection attempt.
[2025-02-08T07:54:37.374Z] Device at 10.30.28.23 is not reachable. Skipping connection attempt.
[2025-02-08T07:54:47.399Z] Device at 10.30.28.23 is not reachable. Skipping connection attempt.
[2025-02-08T07:54:57.385Z] Device at 10.30.28.23 is not reachable. Skipping connection attempt.
[2025-02-08T07:55:07.402Z] Device at 10.30.28.23 is not reachable. Skipping connection attempt.
[2025-02-08T07:55:17.411Z] Device at 10.30.28.23 is not reachable. Skipping connection attempt.
[2025-02-08T07:55:27.414Z] Device at 10.30.28.23 is not reachable. Skipping connection attempt.
[2025-02-08T07:55:37.431Z] Device at 10.30.28.23 is not reachable. Skipping connection attempt.
[2025-02-08T07:55:47.441Z] Device at 10.30.28.23 is not reachable. Skipping connection attempt.
[2025-02-08T07:55:57.444Z] Device at 10.30.28.23 is not reachable. Skipping connection attempt.
[2025-02-08T07:56:07.466Z] Device at 10.30.28.23 is not reachable. Skipping connection attempt.
[2025-02-08T07:56:17.457Z] Device at 10.30.28.23 is not reachable. Skipping connection attempt.
[2025-02-08T07:56:27.454Z] Device at 10.30.28.23 is not reachable. Skipping connection attempt.
[2025-02-08T07:56:37.471Z] Device at 10.30.28.23 is not reachable. Skipping connection attempt.
[2025-02-08T07:56:47.467Z] Device at 10.30.28.23 is not reachable. Skipping connection attempt.
[2025-02-08T07:56:57.464Z] Device at 10.30.28.23 is not reachable. Skipping connection attempt.
[2025-02-08T07:57:07.466Z] Device at 10.30.28.23 is not reachable. Skipping connection attempt.
[2025-02-08T07:57:17.475Z] Device at 10.30.28.23 is not reachable. Skipping connection attempt.
[2025-02-08T07:57:27.469Z] Device at 10.30.28.23 is not reachable. Skipping connection attempt.
[2025-02-08T07:57:37.476Z] Device at 10.30.28.23 is not reachable. Skipping connection attempt.
[2025-02-08T07:57:47.513Z] Device at 10.30.28.23 is not reachable. Skipping connection attempt.
[2025-02-08T07:57:57.499Z] Device at 10.30.28.23 is not reachable. Skipping connection attempt.
[2025-02-08T07:58:07.514Z] Device at 10.30.28.23 is not reachable. Skipping connection attempt.
[2025-02-08T07:58:17.513Z] Device at 10.30.28.23 is not reachable. Skipping connection attempt.
[2025-02-08T07:58:27.529Z] Device at 10.30.28.23 is not reachable. Skipping connection attempt.
[2025-02-08T07:58:37.535Z] Device at 10.30.28.23 is not reachable. Skipping connection attempt.
[2025-02-08T07:58:47.581Z] Device at 10.30.28.23 is not reachable. Skipping connection attempt.
[2025-02-08T07:58:57.556Z] Device at 10.30.28.23 is not reachable. Skipping connection attempt.
[2025-02-08T07:59:07.575Z] Device at 10.30.28.23 is not reachable. Skipping connection attempt.
[2025-02-08T07:59:17.611Z] Device at 10.30.28.23 is not reachable. Skipping connection attempt.
[2025-02-08T07:59:27.587Z] Device at 10.30.28.23 is not reachable. Skipping connection attempt.
[2025-02-08T07:59:37.605Z] Device at 10.30.28.23 is not reachable. Skipping connection attempt.
[2025-02-08T07:59:47.601Z] Device at 10.30.28.23 is not reachable. Skipping connection attempt.
[2025-02-08T07:59:57.594Z] Device at 10.30.28.23 is not reachable. Skipping connection attempt.
[2025-02-08T08:00:07.620Z] Device at 10.30.28.23 is not reachable. Skipping connection attempt.
[2025-02-08T08:00:17.618Z] Device at 10.30.28.23 is not reachable. Skipping connection attempt.
[2025-02-08T08:00:27.633Z] Device at 10.30.28.23 is not reachable. Skipping connection attempt.
[2025-02-08T08:00:37.641Z] Device at 10.30.28.23 is not reachable. Skipping connection attempt.
[2025-02-08T08:00:47.661Z] Device at 10.30.28.23 is not reachable. Skipping connection attempt.
[2025-02-08T08:00:57.678Z] Device at 10.30.28.23 is not reachable. Skipping connection attempt.
[2025-02-08T08:01:07.665Z] Device at 10.30.28.23 is not reachable. Skipping connection attempt.
[2025-02-08T08:01:17.678Z] Device at 10.30.28.23 is not reachable. Skipping connection attempt.
[2025-02-08T08:01:27.701Z] Device at 10.30.28.23 is not reachable. Skipping connection attempt.
[2025-02-08T08:01:37.688Z] Device at 10.30.28.23 is not reachable. Skipping connection attempt.
[2025-02-08T08:01:47.698Z] Device at 10.30.28.23 is not reachable. Skipping connection attempt.
[2025-02-08T08:01:57.700Z] Device at 10.30.28.23 is not reachable. Skipping connection attempt.
[2025-02-08T08:02:07.696Z] Device at 10.30.28.23 is not reachable. Skipping connection attempt.
[2025-02-08T08:02:17.693Z] Device at 10.30.28.23 is not reachable. Skipping connection attempt.
[2025-02-08T08:02:27.699Z] Device at 10.30.28.23 is not reachable. Skipping connection attempt.
[2025-02-08T08:02:37.707Z] Device at 10.30.28.23 is not reachable. Skipping connection attempt.
[2025-02-08T08:02:47.744Z] Device at 10.30.28.23 is not reachable. Skipping connection attempt.
[2025-02-08T08:02:57.718Z] Device at 10.30.28.23 is not reachable. Skipping connection attempt.
[2025-02-08T08:03:07.726Z] Device at 10.30.28.23 is not reachable. Skipping connection attempt.
[2025-02-08T08:03:17.735Z] Device at 10.30.28.23 is not reachable. Skipping connection attempt.
[2025-02-08T08:03:27.755Z] Device at 10.30.28.23 is not reachable. Skipping connection attempt.
[2025-02-08T08:03:37.745Z] Device at 10.30.28.23 is not reachable. Skipping connection attempt.
[2025-02-08T08:03:47.754Z] Device at 10.30.28.23 is not reachable. Skipping connection attempt.
[2025-02-08T08:03:57.792Z] Device at 10.30.28.23 is not reachable. Skipping connection attempt.
[2025-02-08T08:04:07.787Z] Device at 10.30.28.23 is not reachable. Skipping connection attempt.
[2025-02-08T08:04:17.771Z] Device at 10.30.28.23 is not reachable. Skipping connection attempt.
[2025-02-08T08:04:27.778Z] Device at 10.30.28.23 is not reachable. Skipping connection attempt.
[2025-02-08T08:04:37.812Z] Device at 10.30.28.23 is not reachable. Skipping connection attempt.
[2025-02-08T08:04:47.821Z] Device at 10.30.28.23 is not reachable. Skipping connection attempt.
[2025-02-08T08:04:57.796Z] Device at 10.30.28.23 is not reachable. Skipping connection attempt.
[2025-02-08T08:05:07.806Z] Device at 10.30.28.23 is not reachable. Skipping connection attempt.
[2025-02-08T08:05:17.799Z] Device at 10.30.28.23 is not reachable. Skipping connection attempt.
[2025-02-08T08:05:27.843Z] Device at 10.30.28.23 is not reachable. Skipping connection attempt.
[2025-02-08T08:05:37.819Z] Device at 10.30.28.23 is not reachable. Skipping connection attempt.
[2025-02-08T08:05:47.832Z] Device at 10.30.28.23 is not reachable. Skipping connection attempt.
[2025-02-08T08:05:57.835Z] Device at 10.30.28.23 is not reachable. Skipping connection attempt.
[2025-02-08T08:06:07.855Z] Device at 10.30.28.23 is not reachable. Skipping connection attempt.
[2025-02-08T08:06:17.859Z] Device at 10.30.28.23 is not reachable. Skipping connection attempt.
[2025-02-08T08:06:27.863Z] Device at 10.30.28.23 is not reachable. Skipping connection attempt.
[2025-02-08T08:06:37.910Z] Device at 10.30.28.23 is not reachable. Skipping connection attempt.
[2025-02-08T08:06:47.886Z] Device at 10.30.28.23 is not reachable. Skipping connection attempt.
[2025-02-08T08:06:57.893Z] Device at 10.30.28.23 is not reachable. Skipping connection attempt.
[2025-02-08T08:07:07.902Z] Device at 10.30.28.23 is not reachable. Skipping connection attempt.
[2025-02-08T08:07:17.908Z] Device at 10.30.28.23 is not reachable. Skipping connection attempt.
[2025-02-08T08:07:27.910Z] Device at 10.30.28.23 is not reachable. Skipping connection attempt.
[2025-02-08T08:07:37.937Z] Device at 10.30.28.23 is not reachable. Skipping connection attempt.
[2025-02-08T08:07:47.933Z] Device at 10.30.28.23 is not reachable. Skipping connection attempt.
[2025-02-08T08:07:57.941Z] Device at 10.30.28.23 is not reachable. Skipping connection attempt.
[2025-02-08T08:08:07.978Z] Device at 10.30.28.23 is not reachable. Skipping connection attempt.
[2025-02-08T08:08:17.962Z] Device at 10.30.28.23 is not reachable. Skipping connection attempt.
[2025-02-08T08:08:27.979Z] Device at 10.30.28.23 is not reachable. Skipping connection attempt.
[2025-02-08T08:08:37.986Z] Device at 10.30.28.23 is not reachable. Skipping connection attempt.
[2025-02-08T08:08:47.995Z] Device at 10.30.28.23 is not reachable. Skipping connection attempt.
[2025-02-08T08:08:57.998Z] Device at 10.30.28.23 is not reachable. Skipping connection attempt.
[2025-02-08T08:09:08.014Z] Device at 10.30.28.23 is not reachable. Skipping connection attempt.
[2025-02-08T08:09:18.023Z] Device at 10.30.28.23 is not reachable. Skipping connection attempt.
[2025-02-08T08:09:28.029Z] Device at 10.30.28.23 is not reachable. Skipping connection attempt.
[2025-02-08T08:09:38.035Z] Device at 10.30.28.23 is not reachable. Skipping connection attempt.
[2025-02-08T08:09:48.042Z] Device at 10.30.28.23 is not reachable. Skipping connection attempt.
[2025-02-08T08:09:58.046Z] Device at 10.30.28.23 is not reachable. Skipping connection attempt.
[2025-02-08T08:10:08.067Z] Device at 10.30.28.23 is not reachable. Skipping connection attempt.
[2025-02-08T08:10:18.061Z] Device at 10.30.28.23 is not reachable. Skipping connection attempt.
[2025-02-08T08:10:28.075Z] Device at 10.30.28.23 is not reachable. Skipping connection attempt.
[2025-02-08T08:10:38.081Z] Device at 10.30.28.23 is not reachable. Skipping connection attempt.
[2025-02-08T08:10:48.090Z] Device at 10.30.28.23 is not reachable. Skipping connection attempt.
[2025-02-08T08:10:58.129Z] Device at 10.30.28.23 is not reachable. Skipping connection attempt.
[2025-02-08T08:11:08.101Z] Device at 10.30.28.23 is not reachable. Skipping connection attempt.
[2025-02-08T08:11:21.461Z] Device at 10.30.28.23 is not reachable. Skipping connection attempt.
[2025-02-08T08:11:31.425Z] Device at 10.30.28.23 is not reachable. Skipping connection attempt.
[2025-02-08T08:11:41.431Z] Device at 10.30.28.23 is not reachable. Skipping connection attempt.
[2025-02-08T08:11:51.451Z] Device at 10.30.28.23 is not reachable. Skipping connection attempt.
[2025-02-08T08:12:01.454Z] Device at 10.30.28.23 is not reachable. Skipping connection attempt.
[2025-02-08T08:12:11.466Z] Device at 10.30.28.23 is not reachable. Skipping connection attempt.
[2025-02-08T08:12:21.466Z] Device at 10.30.28.23 is not reachable. Skipping connection attempt.
[2025-02-08T08:12:31.472Z] Device at 10.30.28.23 is not reachable. Skipping connection attempt.
[2025-02-08T08:12:41.480Z] Device at 10.30.28.23 is not reachable. Skipping connection attempt.
[2025-02-08T08:12:51.485Z] Device at 10.30.28.23 is not reachable. Skipping connection attempt.
[2025-02-08T08:13:01.491Z] Device at 10.30.28.23 is not reachable. Skipping connection attempt.
[2025-02-08T08:13:11.498Z] Device at 10.30.28.23 is not reachable. Skipping connection attempt.
[2025-02-08T08:13:21.520Z] Device at 10.30.28.23 is not reachable. Skipping connection attempt.
[2025-02-08T08:13:31.510Z] Device at 10.30.28.23 is not reachable. Skipping connection attempt.
[2025-02-08T08:13:41.516Z] Device at 10.30.28.23 is not reachable. Skipping connection attempt.
[2025-02-08T08:13:51.534Z] Device at 10.30.28.23 is not reachable. Skipping connection attempt.
[2025-02-08T08:14:01.541Z] Device at 10.30.28.23 is not reachable. Skipping connection attempt.
[2025-02-08T08:14:11.547Z] Device at 10.30.28.23 is not reachable. Skipping connection attempt.
[2025-02-08T08:14:21.562Z] Device at 10.30.28.23 is not reachable. Skipping connection attempt.
[2025-02-08T08:14:31.580Z] Device at 10.30.28.23 is not reachable. Skipping connection attempt.
[2025-02-08T08:14:41.579Z] Device at 10.30.28.23 is not reachable. Skipping connection attempt.
[2025-02-08T08:14:51.581Z] Device at 10.30.28.23 is not reachable. Skipping connection attempt.
[2025-02-08T08:15:01.587Z] Device at 10.30.28.23 is not reachable. Skipping connection attempt.
[2025-02-08T08:15:11.593Z] Device at 10.30.28.23 is not reachable. Skipping connection attempt.
[2025-02-08T08:15:21.602Z] Device at 10.30.28.23 is not reachable. Skipping connection attempt.
[2025-02-08T08:15:31.659Z] Device at 10.30.28.23 is not reachable. Skipping connection attempt.
[2025-02-08T08:15:41.606Z] Device at 10.30.28.23 is not reachable. Skipping connection attempt.
[2025-02-08T08:15:51.610Z] Device at 10.30.28.23 is not reachable. Skipping connection attempt.
[2025-02-08T08:16:01.618Z] Device at 10.30.28.23 is not reachable. Skipping connection attempt.
[2025-02-08T08:16:11.622Z] Device at 10.30.28.23 is not reachable. Skipping connection attempt.
[2025-02-08T08:16:23.184Z] Device at 10.30.28.23 is not reachable. Skipping connection attempt.
[2025-02-08T08:16:31.637Z] Device at 10.30.28.23 is not reachable. Skipping connection attempt.
[2025-02-08T08:16:41.635Z] Device at 10.30.28.23 is not reachable. Skipping connection attempt.
[2025-02-08T08:16:51.650Z] Device at 10.30.28.23 is not reachable. Skipping connection attempt.
[2025-02-08T08:17:01.672Z] Device at 10.30.28.23 is not reachable. Skipping connection attempt.
[2025-02-08T08:17:11.671Z] Device at 10.30.28.23 is not reachable. Skipping connection attempt.
[2025-02-08T08:17:21.669Z] Device at 10.30.28.23 is not reachable. Skipping connection attempt.
[2025-02-08T08:17:31.154Z] Device at 10.30.28.23 is not reachable. Skipping connection attempt.
[2025-02-08T08:17:41.123Z] Device at 10.30.28.23 is not reachable. Skipping connection attempt.
[2025-02-08T08:17:51.119Z] Device at 10.30.28.23 is not reachable. Skipping connection attempt.
[2025-02-08T08:18:01.121Z] Device at 10.30.28.23 is not reachable. Skipping connection attempt.
[2025-02-08T08:18:11.120Z] Device at 10.30.28.23 is not reachable. Skipping connection attempt.
[2025-02-08T08:18:21.148Z] Device at 10.30.28.23 is not reachable. Skipping connection attempt.
[2025-02-08T08:18:31.144Z] Device at 10.30.28.23 is not reachable. Skipping connection attempt.
[2025-02-08T08:18:41.159Z] Device at 10.30.28.23 is not reachable. Skipping connection attempt.
[2025-02-08T08:18:51.154Z] Device at 10.30.28.23 is not reachable. Skipping connection attempt.
[2025-02-08T08:19:01.164Z] Device at 10.30.28.23 is not reachable. Skipping connection attempt.
[2025-02-08T08:19:11.210Z] Device at 10.30.28.23 is not reachable. Skipping connection attempt.
[2025-02-08T08:19:21.175Z] Device at 10.30.28.23 is not reachable. Skipping connection attempt.
[2025-02-08T08:19:31.192Z] Device at 10.30.28.23 is not reachable. Skipping connection attempt.
[2025-02-08T08:19:41.203Z] Device at 10.30.28.23 is not reachable. Skipping connection attempt.
[2025-02-08T08:19:51.225Z] Device at 10.30.28.23 is not reachable. Skipping connection attempt.
[2025-02-08T08:20:01.212Z] Device at 10.30.28.23 is not reachable. Skipping connection attempt.
[2025-02-08T08:20:11.236Z] Device at 10.30.28.23 is not reachable. Skipping connection attempt.
[2025-02-08T08:20:21.224Z] Device at 10.30.28.23 is not reachable. Skipping connection attempt.
[2025-02-08T08:20:31.232Z] Device at 10.30.28.23 is not reachable. Skipping connection attempt.
[2025-02-08T08:20:41.282Z] Device at 10.30.28.23 is not reachable. Skipping connection attempt.
[2025-02-08T08:20:51.255Z] Device at 10.30.28.23 is not reachable. Skipping connection attempt.
[2025-02-08T08:21:01.267Z] Device at 10.30.28.23 is not reachable. Skipping connection attempt.
[2025-02-08T08:21:11.295Z] Device at 10.30.28.23 is not reachable. Skipping connection attempt.
[2025-02-08T08:21:21.315Z] Device at 10.30.28.23 is not reachable. Skipping connection attempt.
[2025-02-08T08:21:31.296Z] Device at 10.30.28.23 is not reachable. Skipping connection attempt.
[2025-02-08T08:21:41.302Z] Device at 10.30.28.23 is not reachable. Skipping connection attempt.
[2025-02-08T08:21:51.320Z] Device at 10.30.28.23 is not reachable. Skipping connection attempt.
[2025-02-08T08:22:01.336Z] Device at 10.30.28.23 is not reachable. Skipping connection attempt.
[2025-02-08T08:22:11.366Z] Device at 10.30.28.23 is not reachable. Skipping connection attempt.
[2025-02-08T08:22:21.350Z] Device at 10.30.28.23 is not reachable. Skipping connection attempt.
[2025-02-08T08:22:31.355Z] Device at 10.30.28.23 is not reachable. Skipping connection attempt.
[2025-02-08T08:22:41.381Z] Device at 10.30.28.23 is not reachable. Skipping connection attempt.
[2025-02-08T08:22:51.379Z] Device at 10.30.28.23 is not reachable. Skipping connection attempt.
[2025-02-08T08:23:01.376Z] Device at 10.30.28.23 is not reachable. Skipping connection attempt.
[2025-02-08T08:23:11.402Z] Device at 10.30.28.23 is not reachable. Skipping connection attempt.
[2025-02-08T08:23:21.398Z] Device at 10.30.28.23 is not reachable. Skipping connection attempt.
[2025-02-08T08:23:31.417Z] Device at 10.30.28.23 is not reachable. Skipping connection attempt.
[2025-02-08T08:23:41.437Z] Device at 10.30.28.23 is not reachable. Skipping connection attempt.
[2025-02-08T08:23:51.447Z] Device at 10.30.28.23 is not reachable. Skipping connection attempt.
[2025-02-08T08:24:01.445Z] Device at 10.30.28.23 is not reachable. Skipping connection attempt.
[2025-02-08T08:24:11.451Z] Device at 10.30.28.23 is not reachable. Skipping connection attempt.
[2025-02-08T08:24:21.466Z] Device at 10.30.28.23 is not reachable. Skipping connection attempt.
[2025-02-08T08:24:31.604Z] Device at 10.30.28.23 is not reachable. Skipping connection attempt.
[2025-02-08T08:24:41.480Z] Device at 10.30.28.23 is not reachable. Skipping connection attempt.
[2025-02-08T08:24:51.485Z] Device at 10.30.28.23 is not reachable. Skipping connection attempt.
[2025-02-08T08:25:01.493Z] Device at 10.30.28.23 is not reachable. Skipping connection attempt.
[2025-02-08T08:25:11.498Z] Device at 10.30.28.23 is not reachable. Skipping connection attempt.
[2025-02-08T08:25:21.505Z] Device at 10.30.28.23 is not reachable. Skipping connection attempt.
[2025-02-08T08:25:31.511Z] Device at 10.30.28.23 is not reachable. Skipping connection attempt.
[2025-02-08T08:25:41.517Z] Device at 10.30.28.23 is not reachable. Skipping connection attempt.
[2025-02-08T08:25:51.522Z] Device at 10.30.28.23 is not reachable. Skipping connection attempt.
[2025-02-08T08:26:01.528Z] Device at 10.30.28.23 is not reachable. Skipping connection attempt.
[2025-02-08T08:26:11.550Z] Device at 10.30.28.23 is not reachable. Skipping connection attempt.
[2025-02-08T08:26:21.550Z] Device at 10.30.28.23 is not reachable. Skipping connection attempt.
[2025-02-08T08:26:31.549Z] Device at 10.30.28.23 is not reachable. Skipping connection attempt.
[2025-02-08T08:26:41.562Z] Device at 10.30.28.23 is not reachable. Skipping connection attempt.
[2025-02-08T08:26:51.570Z] Device at 10.30.28.23 is not reachable. Skipping connection attempt.
[2025-02-08T08:27:01.587Z] Device at 10.30.28.23 is not reachable. Skipping connection attempt.
[2025-02-08T08:27:11.610Z] Device at 10.30.28.23 is not reachable. Skipping connection attempt.
[2025-02-08T08:27:21.611Z] Device at 10.30.28.23 is not reachable. Skipping connection attempt.
[2025-02-08T08:27:31.636Z] Device at 10.30.28.23 is not reachable. Skipping connection attempt.
[2025-02-08T08:27:41.624Z] Device at 10.30.28.23 is not reachable. Skipping connection attempt.
[2025-02-08T08:27:53.171Z] Device at 10.30.28.23 is not reachable. Skipping connection attempt.
[2025-02-08T08:28:01.636Z] Device at 10.30.28.23 is not reachable. Skipping connection attempt.
[2025-02-08T08:28:11.652Z] Device at 10.30.28.23 is not reachable. Skipping connection attempt.
[2025-02-08T08:28:21.701Z] Device at 10.30.28.23 is not reachable. Skipping connection attempt.
[2025-02-08T08:28:31.673Z] Device at 10.30.28.23 is not reachable. Skipping connection attempt.
[2025-02-08T08:28:41.683Z] Device at 10.30.28.23 is not reachable. Skipping connection attempt.
[2025-02-08T08:28:51.690Z] Device at 10.30.28.23 is not reachable. Skipping connection attempt.
[2025-02-08T08:29:01.694Z] Device at 10.30.28.23 is not reachable. Skipping connection attempt.
[2025-02-08T08:29:11.693Z] Device at 10.30.28.23 is not reachable. Skipping connection attempt.
[2025-02-08T08:29:21.708Z] Device at 10.30.28.23 is not reachable. Skipping connection attempt.
[2025-02-08T08:29:31.728Z] Device at 10.30.28.23 is not reachable. Skipping connection attempt.
[2025-02-08T08:29:41.731Z] Device at 10.30.28.23 is not reachable. Skipping connection attempt.
[2025-02-08T08:29:51.736Z] Device at 10.30.28.23 is not reachable. Skipping connection attempt.
[2025-02-08T08:30:01.742Z] Device at 10.30.28.23 is not reachable. Skipping connection attempt.
[2025-02-08T08:30:11.772Z] Device at 10.30.28.23 is not reachable. Skipping connection attempt.
[2025-02-08T08:30:21.764Z] Device at 10.30.28.23 is not reachable. Skipping connection attempt.
[2025-02-08T08:30:31.788Z] Device at 10.30.28.23 is not reachable. Skipping connection attempt.
[2025-02-08T08:30:41.778Z] Device at 10.30.28.23 is not reachable. Skipping connection attempt.
[2025-02-08T08:30:51.823Z] Device at 10.30.28.23 is not reachable. Skipping connection attempt.
[2025-02-08T08:31:01.800Z] Device at 10.30.28.23 is not reachable. Skipping connection attempt.
[2025-02-08T08:31:11.808Z] Device at 10.30.28.23 is not reachable. Skipping connection attempt.
[2025-02-08T08:31:21.819Z] Device at 10.30.28.23 is not reachable. Skipping connection attempt.
[2025-02-08T08:31:31.822Z] Device at 10.30.28.23 is not reachable. Skipping connection attempt.
[2025-02-08T08:31:41.874Z] Device at 10.30.28.23 is not reachable. Skipping connection attempt.
[2025-02-08T08:31:51.843Z] Device at 10.30.28.23 is not reachable. Skipping connection attempt.
[2025-02-08T08:32:01.849Z] Device at 10.30.28.23 is not reachable. Skipping connection attempt.
[2025-02-08T08:32:11.836Z] Device at 10.30.28.23 is not reachable. Skipping connection attempt.
[2025-02-08T08:32:21.917Z] Device at 10.30.28.23 is not reachable. Skipping connection attempt.
[2025-02-08T08:32:31.859Z] Device at 10.30.28.23 is not reachable. Skipping connection attempt.
[2025-02-08T08:32:41.880Z] Device at 10.30.28.23 is not reachable. Skipping connection attempt.
[2025-02-08T08:32:51.871Z] Device at 10.30.28.23 is not reachable. Skipping connection attempt.
[2025-02-08T08:33:01.870Z] Device at 10.30.28.23 is not reachable. Skipping connection attempt.
[2025-02-08T08:33:11.894Z] Device at 10.30.28.23 is not reachable. Skipping connection attempt.
[2025-02-08T08:33:21.891Z] Device at 10.30.28.23 is not reachable. Skipping connection attempt.
[2025-02-08T08:33:31.909Z] Device at 10.30.28.23 is not reachable. Skipping connection attempt.
[2025-02-08T08:33:41.923Z] Device at 10.30.28.23 is not reachable. Skipping connection attempt.
[2025-02-08T08:33:51.922Z] Device at 10.30.28.23 is not reachable. Skipping connection attempt.
[2025-02-08T08:34:01.947Z] Device at 10.30.28.23 is not reachable. Skipping connection attempt.
[2025-02-08T08:34:11.961Z] Device at 10.30.28.23 is not reachable. Skipping connection attempt.
[2025-02-08T08:34:21.959Z] Device at 10.30.28.23 is not reachable. Skipping connection attempt.
[2025-02-08T08:34:31.964Z] Device at 10.30.28.23 is not reachable. Skipping connection attempt.
[2025-02-08T08:34:41.970Z] Device at 10.30.28.23 is not reachable. Skipping connection attempt.
[2025-02-08T08:34:51.989Z] Device at 10.30.28.23 is not reachable. Skipping connection attempt.
[2025-02-08T08:35:01.985Z] Device at 10.30.28.23 is not reachable. Skipping connection attempt.
[2025-02-08T08:35:11.992Z] Device at 10.30.28.23 is not reachable. Skipping connection attempt.
[2025-02-08T08:35:22.016Z] Device at 10.30.28.23 is not reachable. Skipping connection attempt.
[2025-02-08T08:35:32.002Z] Device at 10.30.28.23 is not reachable. Skipping connection attempt.
[2025-02-08T08:35:42.030Z] Device at 10.30.28.23 is not reachable. Skipping connection attempt.
[2025-02-08T08:35:52.060Z] Device at 10.30.28.23 is not reachable. Skipping connection attempt.
[2025-02-08T08:36:02.026Z] Device at 10.30.28.23 is not reachable. Skipping connection attempt.
[2025-02-08T08:36:12.038Z] Device at 10.30.28.23 is not reachable. Skipping connection attempt.
[2025-02-08T08:36:22.032Z] Device at 10.30.28.23 is not reachable. Skipping connection attempt.
[2025-02-08T08:36:32.051Z] Device at 10.30.28.23 is not reachable. Skipping connection attempt.
[2025-02-08T08:36:42.057Z] Device at 10.30.28.23 is not reachable. Skipping connection attempt.
[2025-02-08T08:36:52.059Z] Device at 10.30.28.23 is not reachable. Skipping connection attempt.
[2025-02-08T08:37:02.066Z] Device at 10.30.28.23 is not reachable. Skipping connection attempt.
[2025-02-08T08:37:12.097Z] Device at 10.30.28.23 is not reachable. Skipping connection attempt.
[2025-02-08T08:37:22.100Z] Device at 10.30.28.23 is not reachable. Skipping connection attempt.
[2025-02-08T08:37:32.095Z] Device at 10.30.28.23 is not reachable. Skipping connection attempt.
[2025-02-08T08:37:42.101Z] Device at 10.30.28.23 is not reachable. Skipping connection attempt.
[2025-02-08T08:37:52.097Z] Device at 10.30.28.23 is not reachable. Skipping connection attempt.
[2025-02-08T08:38:02.104Z] Device at 10.30.28.23 is not reachable. Skipping connection attempt.
[2025-02-08T08:38:12.124Z] Device at 10.30.28.23 is not reachable. Skipping connection attempt.
[2025-02-08T08:38:22.166Z] Device at 10.30.28.23 is not reachable. Skipping connection attempt.
[2025-02-08T08:38:32.144Z] Device at 10.30.28.23 is not reachable. Skipping connection attempt.
[2025-02-08T08:38:42.140Z] Device at 10.30.28.23 is not reachable. Skipping connection attempt.
[2025-02-08T08:38:52.157Z] Device at 10.30.28.23 is not reachable. Skipping connection attempt.
[2025-02-08T08:39:02.164Z] Device at 10.30.28.23 is not reachable. Skipping connection attempt.
[2025-02-08T08:39:12.170Z] Device at 10.30.28.23 is not reachable. Skipping connection attempt.
[2025-02-08T08:39:22.166Z] Device at 10.30.28.23 is not reachable. Skipping connection attempt.
[2025-02-08T08:39:32.172Z] Device at 10.30.28.23 is not reachable. Skipping connection attempt.
[2025-02-08T08:39:42.179Z] Device at 10.30.28.23 is not reachable. Skipping connection attempt.
[2025-02-08T08:39:52.186Z] Device at 10.30.28.23 is not reachable. Skipping connection attempt.
[2025-02-08T08:40:02.194Z] Device at 10.30.28.23 is not reachable. Skipping connection attempt.
[2025-02-08T08:40:12.209Z] Device at 10.30.28.23 is not reachable. Skipping connection attempt.
[2025-02-08T08:40:22.214Z] Device at 10.30.28.23 is not reachable. Skipping connection attempt.
[2025-02-08T08:40:32.217Z] Device at 10.30.28.23 is not reachable. Skipping connection attempt.
[2025-02-08T08:40:42.260Z] Device at 10.30.28.23 is not reachable. Skipping connection attempt.
[2025-02-08T08:40:52.235Z] Device at 10.30.28.23 is not reachable. Skipping connection attempt.
[2025-02-08T08:41:02.250Z] Device at 10.30.28.23 is not reachable. Skipping connection attempt.
[2025-02-08T08:41:12.257Z] Device at 10.30.28.23 is not reachable. Skipping connection attempt.
[2025-02-08T08:41:22.269Z] Device at 10.30.28.23 is not reachable. Skipping connection attempt.
[2025-02-08T08:41:32.269Z] Device at 10.30.28.23 is not reachable. Skipping connection attempt.
[2025-02-08T08:41:42.277Z] Device at 10.30.28.23 is not reachable. Skipping connection attempt.
[2025-02-08T08:41:52.280Z] Device at 10.30.28.23 is not reachable. Skipping connection attempt.
[2025-02-08T08:42:04.149Z] Device at 10.30.28.23 is not reachable. Skipping connection attempt.
[2025-02-08T08:42:12.309Z] Device at 10.30.28.23 is not reachable. Skipping connection attempt.
[2025-02-08T08:42:22.311Z] Device at 10.30.28.23 is not reachable. Skipping connection attempt.
[2025-02-08T08:42:32.316Z] Device at 10.30.28.23 is not reachable. Skipping connection attempt.
[2025-02-08T08:42:42.335Z] Device at 10.30.28.23 is not reachable. Skipping connection attempt.
[2025-02-08T08:42:52.371Z] Device at 10.30.28.23 is not reachable. Skipping connection attempt.
[2025-02-08T08:43:02.355Z] Device at 10.30.28.23 is not reachable. Skipping connection attempt.
[2025-02-08T08:43:12.353Z] Device at 10.30.28.23 is not reachable. Skipping connection attempt.
[2025-02-08T08:43:22.359Z] Device at 10.30.28.23 is not reachable. Skipping connection attempt.
[2025-02-08T08:43:32.364Z] Device at 10.30.28.23 is not reachable. Skipping connection attempt.
[2025-02-08T08:43:42.371Z] Device at 10.30.28.23 is not reachable. Skipping connection attempt.
[2025-02-08T08:43:52.379Z] Device at 10.30.28.23 is not reachable. Skipping connection attempt.
[2025-02-08T08:44:02.394Z] Device at 10.30.28.23 is not reachable. Skipping connection attempt.
[2025-02-08T08:44:12.404Z] Device at 10.30.28.23 is not reachable. Skipping connection attempt.
[2025-02-08T08:44:22.416Z] Device at 10.30.28.23 is not reachable. Skipping connection attempt.
[2025-02-08T08:44:32.414Z] Device at 10.30.28.23 is not reachable. Skipping connection attempt.
[2025-02-08T08:44:42.429Z] Device at 10.30.28.23 is not reachable. Skipping connection attempt.
[2025-02-08T08:44:52.457Z] Device at 10.30.28.23 is not reachable. Skipping connection attempt.
[2025-02-08T08:45:02.437Z] Device at 10.30.28.23 is not reachable. Skipping connection attempt.
[2025-02-08T08:45:12.454Z] Device at 10.30.28.23 is not reachable. Skipping connection attempt.
[2025-02-08T08:45:22.488Z] Device at 10.30.28.23 is not reachable. Skipping connection attempt.
[2025-02-08T08:45:32.466Z] Device at 10.30.28.23 is not reachable. Skipping connection attempt.
[2025-02-08T08:45:42.482Z] Device at 10.30.28.23 is not reachable. Skipping connection attempt.
[2025-02-08T08:45:52.477Z] Device at 10.30.28.23 is not reachable. Skipping connection attempt.
[2025-02-08T08:46:02.484Z] Device at 10.30.28.23 is not reachable. Skipping connection attempt.
[2025-02-08T08:46:12.493Z] Device at 10.30.28.23 is not reachable. Skipping connection attempt.
[2025-02-08T08:46:22.507Z] Device at 10.30.28.23 is not reachable. Skipping connection attempt.
[2025-02-08T08:46:32.512Z] Device at 10.30.28.23 is not reachable. Skipping connection attempt.
[2025-02-08T08:46:42.528Z] Device at 10.30.28.23 is not reachable. Skipping connection attempt.
[2025-02-08T08:46:52.526Z] Device at 10.30.28.23 is not reachable. Skipping connection attempt.
[2025-02-08T08:47:02.553Z] Device at 10.30.28.23 is not reachable. Skipping connection attempt.
[2025-02-08T08:47:12.542Z] Device at 10.30.28.23 is not reachable. Skipping connection attempt.
[2025-02-08T08:47:22.544Z] Device at 10.30.28.23 is not reachable. Skipping connection attempt.
[2025-02-08T08:47:32.562Z] Device at 10.30.28.23 is not reachable. Skipping connection attempt.
[2025-02-08T08:47:42.569Z] Device at 10.30.28.23 is not reachable. Skipping connection attempt.
[2025-02-08T08:47:52.570Z] Device at 10.30.28.23 is not reachable. Skipping connection attempt.
[2025-02-08T08:48:02.582Z] Device at 10.30.28.23 is not reachable. Skipping connection attempt.
[2025-02-08T08:48:12.585Z] Device at 10.30.28.23 is not reachable. Skipping connection attempt.
[2025-02-08T08:48:22.594Z] Device at 10.30.28.23 is not reachable. Skipping connection attempt.
[2025-02-08T08:48:32.609Z] Device at 10.30.28.23 is not reachable. Skipping connection attempt.
[2025-02-08T08:48:42.620Z] Device at 10.30.28.23 is not reachable. Skipping connection attempt.
[2025-02-08T08:48:54.164Z] Device at 10.30.28.23 is not reachable. Skipping connection attempt.
[2025-02-08T08:49:02.634Z] Device at 10.30.28.23 is not reachable. Skipping connection attempt.
[2025-02-08T08:49:12.634Z] Device at 10.30.28.23 is not reachable. Skipping connection attempt.
[2025-02-08T08:49:22.652Z] Device at 10.30.28.23 is not reachable. Skipping connection attempt.
[2025-02-08T08:49:32.649Z] Device at 10.30.28.23 is not reachable. Skipping connection attempt.
[2025-02-08T08:49:42.663Z] Device at 10.30.28.23 is not reachable. Skipping connection attempt.
[2025-02-08T08:49:54.655Z] Device at 10.30.28.23 is not reachable. Skipping connection attempt.
[2025-02-08T08:50:02.668Z] Device at 10.30.28.23 is not reachable. Skipping connection attempt.
[2025-02-08T08:50:12.673Z] Device at 10.30.28.23 is not reachable. Skipping connection attempt.
[2025-02-08T08:50:22.689Z] Device at 10.30.28.23 is not reachable. Skipping connection attempt.
[2025-02-08T08:50:32.697Z] Device at 10.30.28.23 is not reachable. Skipping connection attempt.
[2025-02-08T08:50:42.694Z] Device at 10.30.28.23 is not reachable. Skipping connection attempt.
[2025-02-08T08:50:52.699Z] Device at 10.30.28.23 is not reachable. Skipping connection attempt.
[2025-02-08T08:51:02.708Z] Device at 10.30.28.23 is not reachable. Skipping connection attempt.
[2025-02-08T08:51:12.709Z] Device at 10.30.28.23 is not reachable. Skipping connection attempt.
[2025-02-08T08:51:22.718Z] Device at 10.30.28.23 is not reachable. Skipping connection attempt.
[2025-02-08T08:51:32.726Z] Device at 10.30.28.23 is not reachable. Skipping connection attempt.
[2025-02-08T08:51:42.743Z] Device at 10.30.28.23 is not reachable. Skipping connection attempt.
[2025-02-08T08:51:52.757Z] Device at 10.30.28.23 is not reachable. Skipping connection attempt.
[2025-02-08T08:52:02.755Z] Device at 10.30.28.23 is not reachable. Skipping connection attempt.
[2025-02-08T08:52:12.761Z] Device at 10.30.28.23 is not reachable. Skipping connection attempt.
[2025-02-08T08:52:22.777Z] Device at 10.30.28.23 is not reachable. Skipping connection attempt.
[2025-02-08T08:52:32.781Z] Device at 10.30.28.23 is not reachable. Skipping connection attempt.
[2025-02-08T08:52:42.778Z] Device at 10.30.28.23 is not reachable. Skipping connection attempt.
[2025-02-08T08:52:52.794Z] Device at 10.30.28.23 is not reachable. Skipping connection attempt.
[2025-02-08T08:53:02.806Z] Device at 10.30.28.23 is not reachable. Skipping connection attempt.
[2025-02-08T08:53:12.817Z] Device at 10.30.28.23 is not reachable. Skipping connection attempt.
[2025-02-08T08:53:22.825Z] Device at 10.30.28.23 is not reachable. Skipping connection attempt.
[2025-02-08T08:53:32.828Z] Device at 10.30.28.23 is not reachable. Skipping connection attempt.
[2025-02-08T08:53:42.838Z] Device at 10.30.28.23 is not reachable. Skipping connection attempt.
[2025-02-08T08:53:52.843Z] Device at 10.30.28.23 is not reachable. Skipping connection attempt.
[2025-02-08T08:54:02.852Z] Device at 10.30.28.23 is not reachable. Skipping connection attempt.
[2025-02-08T08:54:12.858Z] Device at 10.30.28.23 is not reachable. Skipping connection attempt.
[2025-02-08T08:54:22.870Z] Device at 10.30.28.23 is not reachable. Skipping connection attempt.
[2025-02-08T08:54:32.866Z] Device at 10.30.28.23 is not reachable. Skipping connection attempt.
[2025-02-08T08:54:42.873Z] Device at 10.30.28.23 is not reachable. Skipping connection attempt.
[2025-02-08T08:54:52.885Z] Device at 10.30.28.23 is not reachable. Skipping connection attempt.
[2025-02-08T08:55:02.888Z] Device at 10.30.28.23 is not reachable. Skipping connection attempt.
[2025-02-08T08:55:12.910Z] Device at 10.30.28.23 is not reachable. Skipping connection attempt.
[2025-02-08T08:55:22.911Z] Device at 10.30.28.23 is not reachable. Skipping connection attempt.
[2025-02-08T08:55:32.917Z] Device at 10.30.28.23 is not reachable. Skipping connection attempt.
[2025-02-08T08:55:42.931Z] Device at 10.30.28.23 is not reachable. Skipping connection attempt.
[2025-02-08T08:55:52.928Z] Device at 10.30.28.23 is not reachable. Skipping connection attempt.
[2025-02-08T08:56:02.947Z] Device at 10.30.28.23 is not reachable. Skipping connection attempt.
[2025-02-08T08:56:12.945Z] Device at 10.30.28.23 is not reachable. Skipping connection attempt.
[2025-02-08T08:56:22.956Z] Device at 10.30.28.23 is not reachable. Skipping connection attempt.
[2025-02-08T08:56:32.953Z] Device at 10.30.28.23 is not reachable. Skipping connection attempt.
[2025-02-08T08:56:42.951Z] Device at 10.30.28.23 is not reachable. Skipping connection attempt.
[2025-02-08T08:56:52.968Z] Device at 10.30.28.23 is not reachable. Skipping connection attempt.
[2025-02-08T08:57:02.972Z] Device at 10.30.28.23 is not reachable. Skipping connection attempt.
[2025-02-08T08:57:12.967Z] Device at 10.30.28.23 is not reachable. Skipping connection attempt.
[2025-02-08T08:57:23.016Z] Device at 10.30.28.23 is not reachable. Skipping connection attempt.
[2025-02-08T08:57:32.991Z] Device at 10.30.28.23 is not reachable. Skipping connection attempt.
[2025-02-08T08:57:43.000Z] Device at 10.30.28.23 is not reachable. Skipping connection attempt.
[2025-02-08T08:57:53.014Z] Device at 10.30.28.23 is not reachable. Skipping connection attempt.
[2025-02-08T08:58:03.033Z] Device at 10.30.28.23 is not reachable. Skipping connection attempt.
[2025-02-08T08:58:13.047Z] Device at 10.30.28.23 is not reachable. Skipping connection attempt.
[2025-02-08T08:58:23.041Z] Device at 10.30.28.23 is not reachable. Skipping connection attempt.
[2025-02-08T08:58:33.051Z] Device at 10.30.28.23 is not reachable. Skipping connection attempt.
[2025-02-08T08:58:43.055Z] Device at 10.30.28.23 is not reachable. Skipping connection attempt.
[2025-02-08T08:58:53.064Z] Device at 10.30.28.23 is not reachable. Skipping connection attempt.
[2025-02-08T08:59:03.068Z] Device at 10.30.28.23 is not reachable. Skipping connection attempt.
[2025-02-08T08:59:13.077Z] Device at 10.30.28.23 is not reachable. Skipping connection attempt.
[2025-02-08T08:59:23.081Z] Device at 10.30.28.23 is not reachable. Skipping connection attempt.
[2025-02-08T08:59:33.089Z] Device at 10.30.28.23 is not reachable. Skipping connection attempt.
[2025-02-08T08:59:43.093Z] Device at 10.30.28.23 is not reachable. Skipping connection attempt.
[2025-02-08T08:59:53.122Z] Device at 10.30.28.23 is not reachable. Skipping connection attempt.
[2025-02-08T09:00:03.110Z] Device at 10.30.28.23 is not reachable. Skipping connection attempt.
[2025-02-08T09:00:13.122Z] Device at 10.30.28.23 is not reachable. Skipping connection attempt.
[2025-02-08T09:00:23.121Z] Device at 10.30.28.23 is not reachable. Skipping connection attempt.
[2025-02-08T09:00:33.127Z] Device at 10.30.28.23 is not reachable. Skipping connection attempt.
[2025-02-08T09:00:43.134Z] Device at 10.30.28.23 is not reachable. Skipping connection attempt.
[2025-02-08T09:00:53.157Z] Device at 10.30.28.23 is not reachable. Skipping connection attempt.
[2025-02-08T09:01:03.192Z] Device at 10.30.28.23 is not reachable. Skipping connection attempt.
[2025-02-08T09:01:13.164Z] Device at 10.30.28.23 is not reachable. Skipping connection attempt.
[2025-02-08T09:01:23.172Z] Device at 10.30.28.23 is not reachable. Skipping connection attempt.
[2025-02-08T09:01:33.174Z] Device at 10.30.28.23 is not reachable. Skipping connection attempt.
[2025-02-08T09:01:43.174Z] Device at 10.30.28.23 is not reachable. Skipping connection attempt.
[2025-02-08T09:01:53.179Z] Device at 10.30.28.23 is not reachable. Skipping connection attempt.
[2025-02-08T09:02:03.197Z] Device at 10.30.28.23 is not reachable. Skipping connection attempt.
[2025-02-08T09:02:13.222Z] Device at 10.30.28.23 is not reachable. Skipping connection attempt.
[2025-02-08T09:02:23.224Z] Device at 10.30.28.23 is not reachable. Skipping connection attempt.
[2025-02-08T09:02:33.230Z] Device at 10.30.28.23 is not reachable. Skipping connection attempt.
[2025-02-08T09:02:43.244Z] Device at 10.30.28.23 is not reachable. Skipping connection attempt.
[2025-02-08T09:02:53.248Z] Device at 10.30.28.23 is not reachable. Skipping connection attempt.
[2025-02-08T09:03:03.255Z] Device at 10.30.28.23 is not reachable. Skipping connection attempt.
[2025-02-08T09:03:13.272Z] Device at 10.30.28.23 is not reachable. Skipping connection attempt.
[2025-02-08T09:03:23.269Z] Device at 10.30.28.23 is not reachable. Skipping connection attempt.
[2025-02-08T09:03:33.290Z] Device at 10.30.28.23 is not reachable. Skipping connection attempt.
[2025-02-08T09:03:43.282Z] Device at 10.30.28.23 is not reachable. Skipping connection attempt.
[2025-02-08T09:03:53.299Z] Device at 10.30.28.23 is not reachable. Skipping connection attempt.
[2025-02-08T09:04:03.298Z] Device at 10.30.28.23 is not reachable. Skipping connection attempt.
[2025-02-08T09:04:13.301Z] Device at 10.30.28.23 is not reachable. Skipping connection attempt.
[2025-02-08T09:04:23.330Z] Device at 10.30.28.23 is not reachable. Skipping connection attempt.
[2025-02-08T09:04:33.312Z] Device at 10.30.28.23 is not reachable. Skipping connection attempt.
[2025-02-08T09:04:43.318Z] Device at 10.30.28.23 is not reachable. Skipping connection attempt.
[2025-02-08T09:04:53.350Z] Device at 10.30.28.23 is not reachable. Skipping connection attempt.
[2025-02-08T09:05:03.343Z] Device at 10.30.28.23 is not reachable. Skipping connection attempt.
[2025-02-08T09:05:13.362Z] Device at 10.30.28.23 is not reachable. Skipping connection attempt.
[2025-02-08T09:05:23.370Z] Device at 10.30.28.23 is not reachable. Skipping connection attempt.
[2025-02-08T09:05:33.370Z] Device at 10.30.28.23 is not reachable. Skipping connection attempt.
[2025-02-08T09:05:43.370Z] Device at 10.30.28.23 is not reachable. Skipping connection attempt.
[2025-02-08T09:05:53.435Z] Device at 10.30.28.23 is not reachable. Skipping connection attempt.
[2025-02-08T09:06:03.396Z] Device at 10.30.28.23 is not reachable. Skipping connection attempt.
[2025-02-08T09:06:13.407Z] Device at 10.30.28.23 is not reachable. Skipping connection attempt.
[2025-02-08T09:06:23.411Z] Device at 10.30.28.23 is not reachable. Skipping connection attempt.
[2025-02-08T09:06:33.431Z] Device at 10.30.28.23 is not reachable. Skipping connection attempt.
[2025-02-08T09:06:43.448Z] Device at 10.30.28.23 is not reachable. Skipping connection attempt.
[2025-02-08T09:06:53.453Z] Device at 10.30.28.23 is not reachable. Skipping connection attempt.
[2025-02-08T09:07:03.449Z] Device at 10.30.28.23 is not reachable. Skipping connection attempt.
[2025-02-08T09:07:13.445Z] Device at 10.30.28.23 is not reachable. Skipping connection attempt.
[2025-02-08T09:07:23.461Z] Device at 10.30.28.23 is not reachable. Skipping connection attempt.
[2025-02-08T09:07:33.459Z] Device at 10.30.28.23 is not reachable. Skipping connection attempt.
[2025-02-08T09:07:43.462Z] Device at 10.30.28.23 is not reachable. Skipping connection attempt.
[2025-02-08T09:07:53.469Z] Device at 10.30.28.23 is not reachable. Skipping connection attempt.
[2025-02-08T09:08:03.479Z] Device at 10.30.28.23 is not reachable. Skipping connection attempt.
[2025-02-08T09:08:13.493Z] Device at 10.30.28.23 is not reachable. Skipping connection attempt.
[2025-02-08T09:08:23.522Z] Device at 10.30.28.23 is not reachable. Skipping connection attempt.
[2025-02-08T09:08:33.516Z] Device at 10.30.28.23 is not reachable. Skipping connection attempt.
[2025-02-08T09:08:43.515Z] Device at 10.30.28.23 is not reachable. Skipping connection attempt.
[2025-02-08T09:08:53.528Z] Device at 10.30.28.23 is not reachable. Skipping connection attempt.
[2025-02-08T09:09:03.525Z] Device at 10.30.28.23 is not reachable. Skipping connection attempt.
[2025-02-10T01:46:48.513Z] Device at 10.30.28.23 is not reachable. Skipping connection attempt.
[2025-02-10T01:46:58.479Z] Device at 10.30.28.23 is not reachable. Skipping connection attempt.
[2025-02-10T01:47:08.486Z] Device at 10.30.28.23 is not reachable. Skipping connection attempt.
[2025-02-10T01:47:18.497Z] Device at 10.30.28.23 is not reachable. Skipping connection attempt.
[2025-02-10T01:47:28.515Z] Device at 10.30.28.23 is not reachable. Skipping connection attempt.
[2025-02-10T01:47:38.527Z] Device at 10.30.28.23 is not reachable. Skipping connection attempt.
[2025-02-10T01:47:48.533Z] Device at 10.30.28.23 is not reachable. Skipping connection attempt.
[2025-02-10T01:47:58.528Z] Device at 10.30.28.23 is not reachable. Skipping connection attempt.
[2025-02-10T01:48:08.545Z] Device at 10.30.28.23 is not reachable. Skipping connection attempt.
[2025-02-10T01:48:18.551Z] Device at 10.30.28.23 is not reachable. Skipping connection attempt.
[2025-02-10T01:48:28.557Z] Device at 10.30.28.23 is not reachable. Skipping connection attempt.
[2025-02-10T01:48:38.553Z] Device at 10.30.28.23 is not reachable. Skipping connection attempt.
[2025-02-10T01:48:48.561Z] Device at 10.30.28.23 is not reachable. Skipping connection attempt.
[2025-02-10T01:48:58.563Z] Device at 10.30.28.23 is not reachable. Skipping connection attempt.
[2025-02-10T01:49:08.571Z] Device at 10.30.28.23 is not reachable. Skipping connection attempt.
[2025-02-10T01:49:18.609Z] Device at 10.30.28.23 is not reachable. Skipping connection attempt.
[2025-02-10T01:49:28.587Z] Device at 10.30.28.23 is not reachable. Skipping connection attempt.
[2025-02-10T01:49:38.593Z] Device at 10.30.28.23 is not reachable. Skipping connection attempt.
[2025-02-10T01:49:48.609Z] Device at 10.30.28.23 is not reachable. Skipping connection attempt.
[2025-02-10T01:49:58.612Z] Device at 10.30.28.23 is not reachable. Skipping connection attempt.
[2025-02-10T01:50:10.512Z] Device at 10.30.28.23 is not reachable. Skipping connection attempt.
[2025-02-10T01:50:18.641Z] Device at 10.30.28.23 is not reachable. Skipping connection attempt.
[2025-02-10T01:50:28.656Z] Device at 10.30.28.23 is not reachable. Skipping connection attempt.
[2025-02-10T01:50:38.662Z] Device at 10.30.28.23 is not reachable. Skipping connection attempt.
[2025-02-10T01:50:48.704Z] Device at 10.30.28.23 is not reachable. Skipping connection attempt.
[2025-02-10T01:50:58.685Z] Device at 10.30.28.23 is not reachable. Skipping connection attempt.
[2025-02-10T01:51:08.679Z] Device at 10.30.28.23 is not reachable. Skipping connection attempt.
[2025-02-10T01:51:18.692Z] Device at 10.30.28.23 is not reachable. Skipping connection attempt.
[2025-02-10T02:14:01.520Z] Device at 10.30.28.23 is not reachable. Skipping connection attempt.
[2025-02-10T02:14:11.462Z] Device at 10.30.28.23 is not reachable. Skipping connection attempt.
[2025-02-10T02:14:21.504Z] Device at 10.30.28.23 is not reachable. Skipping connection attempt.
[2025-02-10T02:14:31.487Z] Device at 10.30.28.23 is not reachable. Skipping connection attempt.
[2025-02-10T02:14:41.482Z] Device at 10.30.28.23 is not reachable. Skipping connection attempt.
[2025-02-10T02:14:51.521Z] Device at 10.30.28.23 is not reachable. Skipping connection attempt.
[2025-02-10T02:15:01.493Z] Device at 10.30.28.23 is not reachable. Skipping connection attempt.
[2025-02-10T02:15:11.500Z] Device at 10.30.28.23 is not reachable. Skipping connection attempt.
[2025-02-10T02:15:21.532Z] Device at 10.30.28.23 is not reachable. Skipping connection attempt.
[2025-02-10T02:15:31.532Z] Device at 10.30.28.23 is not reachable. Skipping connection attempt.
[2025-02-10T02:15:41.550Z] Device at 10.30.28.23 is not reachable. Skipping connection attempt.
[2025-02-10T02:15:51.525Z] Device at 10.30.28.23 is not reachable. Skipping connection attempt.
[2025-02-10T02:16:01.533Z] Device at 10.30.28.23 is not reachable. Skipping connection attempt.
[2025-02-10T02:16:11.549Z] Device at 10.30.28.23 is not reachable. Skipping connection attempt.
[2025-02-10T02:16:21.566Z] Device at 10.30.28.23 is not reachable. Skipping connection attempt.
[2025-02-10T02:16:31.579Z] Device at 10.30.28.23 is not reachable. Skipping connection attempt.
[2025-02-10T02:16:41.581Z] Device at 10.30.28.23 is not reachable. Skipping connection attempt.
[2025-02-10T02:16:51.574Z] Device at 10.30.28.23 is not reachable. Skipping connection attempt.
[2025-02-10T02:17:01.581Z] Device at 10.30.28.23 is not reachable. Skipping connection attempt.
[2025-02-10T02:17:09.050Z] Device at 10.30.28.23 is not reachable. Skipping connection attempt.
[2025-02-10T02:17:18.986Z] Device at 10.30.28.23 is not reachable. Skipping connection attempt.
[2025-02-10T02:17:29.029Z] Device at 10.30.28.23 is not reachable. Skipping connection attempt.
[2025-02-10T02:17:38.987Z] Device at 10.30.28.23 is not reachable. Skipping connection attempt.
[2025-02-10T02:17:48.995Z] Device at 10.30.28.23 is not reachable. Skipping connection attempt.
[2025-02-10T02:17:59.009Z] Device at 10.30.28.23 is not reachable. Skipping connection attempt.
[2025-02-10T02:18:09.028Z] Device at 10.30.28.23 is not reachable. Skipping connection attempt.
[2025-02-10T02:18:19.022Z] Device at 10.30.28.23 is not reachable. Skipping connection attempt.
[2025-02-10T02:18:29.040Z] Device at 10.30.28.23 is not reachable. Skipping connection attempt.
[2025-02-10T02:18:39.064Z] Device at 10.30.28.23 is not reachable. Skipping connection attempt.
[2025-02-10T02:18:49.053Z] Device at 10.30.28.23 is not reachable. Skipping connection attempt.
[2025-02-10T02:18:59.096Z] Device at 10.30.28.23 is not reachable. Skipping connection attempt.
[2025-02-10T02:19:09.066Z] Device at 10.30.28.23 is not reachable. Skipping connection attempt.
[2025-02-10T02:19:19.080Z] Device at 10.30.28.23 is not reachable. Skipping connection attempt.
[2025-02-10T02:19:29.078Z] Device at 10.30.28.23 is not reachable. Skipping connection attempt.
[2025-02-10T02:19:39.094Z] Device at 10.30.28.23 is not reachable. Skipping connection attempt.
[2025-02-10T02:19:49.104Z] Device at 10.30.28.23 is not reachable. Skipping connection attempt.
[2025-02-10T02:19:59.099Z] Device at 10.30.28.23 is not reachable. Skipping connection attempt.
[2025-02-10T02:20:09.104Z] Device at 10.30.28.23 is not reachable. Skipping connection attempt.
[2025-02-10T02:20:19.118Z] Device at 10.30.28.23 is not reachable. Skipping connection attempt.
[2025-02-10T02:20:29.145Z] Device at 10.30.28.23 is not reachable. Skipping connection attempt.
[2025-02-10T02:20:39.144Z] Device at 10.30.28.23 is not reachable. Skipping connection attempt.
[2025-02-10T02:20:49.141Z] Device at 10.30.28.23 is not reachable. Skipping connection attempt.
[2025-02-10T02:20:59.155Z] Device at 10.30.28.23 is not reachable. Skipping connection attempt.
[2025-02-10T02:21:09.153Z] Device at 10.30.28.23 is not reachable. Skipping connection attempt.
[2025-02-10T02:21:19.179Z] Device at 10.30.28.23 is not reachable. Skipping connection attempt.
[2025-02-10T02:21:29.187Z] Device at 10.30.28.23 is not reachable. Skipping connection attempt.
[2025-02-10T02:21:39.184Z] Device at 10.30.28.23 is not reachable. Skipping connection attempt.
[2025-02-10T02:21:49.198Z] Device at 10.30.28.23 is not reachable. Skipping connection attempt.
[2025-02-10T02:21:59.225Z] Device at 10.30.28.23 is not reachable. Skipping connection attempt.
[2025-02-10T02:22:09.234Z] Device at 10.30.28.23 is not reachable. Skipping connection attempt.
[2025-02-10T02:22:19.239Z] Device at 10.30.28.23 is not reachable. Skipping connection attempt.
[2025-02-10T02:22:29.246Z] Device at 10.30.28.23 is not reachable. Skipping connection attempt.
[2025-02-10T02:22:39.262Z] Device at 10.30.28.23 is not reachable. Skipping connection attempt.
[2025-02-10T02:22:49.271Z] Device at 10.30.28.23 is not reachable. Skipping connection attempt.
[2025-02-10T02:22:59.275Z] Device at 10.30.28.23 is not reachable. Skipping connection attempt.
[2025-02-10T02:23:09.290Z] Device at 10.30.28.23 is not reachable. Skipping connection attempt.
[2025-02-10T02:23:19.288Z] Device at 10.30.28.23 is not reachable. Skipping connection attempt.
[2025-02-10T02:23:29.298Z] Device at 10.30.28.23 is not reachable. Skipping connection attempt.
[2025-02-10T02:23:39.310Z] Device at 10.30.28.23 is not reachable. Skipping connection attempt.
[2025-02-10T02:23:49.305Z] Device at 10.30.28.23 is not reachable. Skipping connection attempt.
[2025-02-10T02:23:59.314Z] Device at 10.30.28.23 is not reachable. Skipping connection attempt.
[2025-02-10T02:24:09.323Z] Device at 10.30.28.23 is not reachable. Skipping connection attempt.
[2025-02-10T02:24:19.342Z] Device at 10.30.28.23 is not reachable. Skipping connection attempt.
[2025-02-10T02:24:29.350Z] Device at 10.30.28.23 is not reachable. Skipping connection attempt.
[2025-02-10T02:24:39.347Z] Device at 10.30.28.23 is not reachable. Skipping connection attempt.
[2025-02-10T02:24:49.353Z] Device at 10.30.28.23 is not reachable. Skipping connection attempt.
[2025-02-10T02:24:59.362Z] Device at 10.30.28.23 is not reachable. Skipping connection attempt.
[2025-02-10T02:25:09.356Z] Device at 10.30.28.23 is not reachable. Skipping connection attempt.
[2025-02-10T02:25:19.378Z] Device at 10.30.28.23 is not reachable. Skipping connection attempt.
[2025-02-10T02:25:29.392Z] Device at 10.30.28.23 is not reachable. Skipping connection attempt.
[2025-02-10T02:25:39.397Z] Device at 10.30.28.23 is not reachable. Skipping connection attempt.
[2025-02-10T02:25:49.396Z] Device at 10.30.28.23 is not reachable. Skipping connection attempt.
[2025-02-10T02:25:59.399Z] Device at 10.30.28.23 is not reachable. Skipping connection attempt.
[2025-02-10T02:26:09.416Z] Device at 10.30.28.23 is not reachable. Skipping connection attempt.
[2025-02-10T02:26:19.404Z] Device at 10.30.28.23 is not reachable. Skipping connection attempt.
[2025-02-10T02:26:29.430Z] Device at 10.30.28.23 is not reachable. Skipping connection attempt.
[2025-02-10T02:26:39.423Z] Device at 10.30.28.23 is not reachable. Skipping connection attempt.
[2025-02-10T02:26:49.443Z] Device at 10.30.28.23 is not reachable. Skipping connection attempt.
[2025-02-10T02:26:59.458Z] Device at 10.30.28.23 is not reachable. Skipping connection attempt.
[2025-02-10T02:27:09.463Z] Device at 10.30.28.23 is not reachable. Skipping connection attempt.
[2025-02-10T02:27:19.469Z] Device at 10.30.28.23 is not reachable. Skipping connection attempt.
[2025-02-10T02:27:29.489Z] Device at 10.30.28.23 is not reachable. Skipping connection attempt.
[2025-02-10T02:27:39.518Z] Device at 10.30.28.23 is not reachable. Skipping connection attempt.
[2025-02-10T02:27:49.501Z] Device at 10.30.28.23 is not reachable. Skipping connection attempt.
[2025-02-10T02:27:59.508Z] Device at 10.30.28.23 is not reachable. Skipping connection attempt.
[2025-02-10T02:28:09.526Z] Device at 10.30.28.23 is not reachable. Skipping connection attempt.
[2025-02-10T02:28:19.528Z] Device at 10.30.28.23 is not reachable. Skipping connection attempt.
[2025-02-10T02:28:29.574Z] Device at 10.30.28.23 is not reachable. Skipping connection attempt.
[2025-02-10T02:28:39.543Z] Device at 10.30.28.23 is not reachable. Skipping connection attempt.
[2025-02-10T02:28:49.540Z] Device at 10.30.28.23 is not reachable. Skipping connection attempt.
[2025-02-10T02:28:59.557Z] Device at 10.30.28.23 is not reachable. Skipping connection attempt.
[2025-02-10T02:29:09.575Z] Device at 10.30.28.23 is not reachable. Skipping connection attempt.
[2025-02-10T02:29:19.567Z] Device at 10.30.28.23 is not reachable. Skipping connection attempt.
[2025-02-10T02:29:29.588Z] Device at 10.30.28.23 is not reachable. Skipping connection attempt.
[2025-02-10T02:29:39.581Z] Device at 10.30.28.23 is not reachable. Skipping connection attempt.
[2025-02-10T02:29:49.576Z] Device at 10.30.28.23 is not reachable. Skipping connection attempt.
[2025-02-10T02:29:59.587Z] Device at 10.30.28.23 is not reachable. Skipping connection attempt.
[2025-02-10T02:30:09.611Z] Device at 10.30.28.23 is not reachable. Skipping connection attempt.
[2025-02-10T02:30:19.615Z] Device at 10.30.28.23 is not reachable. Skipping connection attempt.
[2025-02-10T02:30:29.627Z] Device at 10.30.28.23 is not reachable. Skipping connection attempt.
[2025-02-10T02:30:39.619Z] Device at 10.30.28.23 is not reachable. Skipping connection attempt.
[2025-02-10T02:30:49.638Z] Device at 10.30.28.23 is not reachable. Skipping connection attempt.
[2025-02-10T02:30:59.644Z] Device at 10.30.28.23 is not reachable. Skipping connection attempt.
[2025-02-10T02:31:09.673Z] Device at 10.30.28.23 is not reachable. Skipping connection attempt.
[2025-02-10T02:31:19.659Z] Device at 10.30.28.23 is not reachable. Skipping connection attempt.
[2025-02-10T02:31:29.669Z] Device at 10.30.28.23 is not reachable. Skipping connection attempt.
[2025-02-10T02:31:39.689Z] Device at 10.30.28.23 is not reachable. Skipping connection attempt.
[2025-02-10T02:31:49.685Z] Device at 10.30.28.23 is not reachable. Skipping connection attempt.
[2025-02-10T02:31:59.688Z] Device at 10.30.28.23 is not reachable. Skipping connection attempt.
[2025-02-10T02:32:09.699Z] Device at 10.30.28.23 is not reachable. Skipping connection attempt.
[2025-02-10T02:32:19.720Z] Device at 10.30.28.23 is not reachable. Skipping connection attempt.
[2025-02-10T02:32:29.710Z] Device at 10.30.28.23 is not reachable. Skipping connection attempt.
[2025-02-10T02:32:39.695Z] Device at 10.30.28.23 is not reachable. Skipping connection attempt.
[2025-02-10T02:32:49.738Z] Device at 10.30.28.23 is not reachable. Skipping connection attempt.
[2025-02-10T02:32:59.737Z] Device at 10.30.28.23 is not reachable. Skipping connection attempt.
[2025-02-10T02:33:09.722Z] Device at 10.30.28.23 is not reachable. Skipping connection attempt.
[2025-02-10T02:33:19.727Z] Device at 10.30.28.23 is not reachable. Skipping connection attempt.
[2025-02-10T02:33:29.727Z] Device at 10.30.28.23 is not reachable. Skipping connection attempt.
[2025-02-10T02:33:39.740Z] Device at 10.30.28.23 is not reachable. Skipping connection attempt.
[2025-02-10T02:33:49.751Z] Device at 10.30.28.23 is not reachable. Skipping connection attempt.
[2025-02-10T02:33:59.754Z] Device at 10.30.28.23 is not reachable. Skipping connection attempt.
[2025-02-10T02:34:09.750Z] Device at 10.30.28.23 is not reachable. Skipping connection attempt.
[2025-02-10T02:34:19.764Z] Device at 10.30.28.23 is not reachable. Skipping connection attempt.
[2025-02-10T02:34:29.775Z] Device at 10.30.28.23 is not reachable. Skipping connection attempt.
[2025-02-10T02:34:39.791Z] Device at 10.30.28.23 is not reachable. Skipping connection attempt.
[2025-02-10T02:34:49.788Z] Device at 10.30.28.23 is not reachable. Skipping connection attempt.
[2025-02-10T02:34:59.782Z] Device at 10.30.28.23 is not reachable. Skipping connection attempt.
[2025-02-10T02:35:09.786Z] Device at 10.30.28.23 is not reachable. Skipping connection attempt.
[2025-02-10T02:35:19.791Z] Device at 10.30.28.23 is not reachable. Skipping connection attempt.
[2025-02-10T02:35:29.800Z] Device at 10.30.28.23 is not reachable. Skipping connection attempt.
[2025-02-10T02:35:39.805Z] Device at 10.30.28.23 is not reachable. Skipping connection attempt.
[2025-02-10T02:35:49.812Z] Device at 10.30.28.23 is not reachable. Skipping connection attempt.
[2025-02-10T02:35:59.819Z] Device at 10.30.28.23 is not reachable. Skipping connection attempt.
[2025-02-10T02:36:09.804Z] Device at 10.30.28.23 is not reachable. Skipping connection attempt.
[2025-02-10T02:36:19.819Z] Device at 10.30.28.23 is not reachable. Skipping connection attempt.
[2025-02-10T02:36:29.837Z] Device at 10.30.28.23 is not reachable. Skipping connection attempt.
[2025-02-10T02:36:39.845Z] Device at 10.30.28.23 is not reachable. Skipping connection attempt.
[2025-02-10T02:36:49.853Z] Device at 10.30.28.23 is not reachable. Skipping connection attempt.
[2025-02-10T02:36:59.864Z] Device at 10.30.28.23 is not reachable. Skipping connection attempt.
[2025-02-10T02:37:09.883Z] Device at 10.30.28.23 is not reachable. Skipping connection attempt.
[2025-02-10T02:37:19.899Z] Device at 10.30.28.23 is not reachable. Skipping connection attempt.
[2025-02-10T02:37:29.895Z] Device at 10.30.28.23 is not reachable. Skipping connection attempt.
[2025-02-10T02:37:39.905Z] Device at 10.30.28.23 is not reachable. Skipping connection attempt.
[2025-02-10T02:37:49.911Z] Device at 10.30.28.23 is not reachable. Skipping connection attempt.
[2025-02-10T02:37:59.915Z] Device at 10.30.28.23 is not reachable. Skipping connection attempt.
[2025-02-10T02:38:09.910Z] Device at 10.30.28.23 is not reachable. Skipping connection attempt.
[2025-02-10T02:38:19.931Z] Device at 10.30.28.23 is not reachable. Skipping connection attempt.
[2025-02-10T02:47:53.680Z] Device at 10.30.28.23 is not reachable. Skipping connection attempt.
[2025-02-10T02:48:03.699Z] Device at 10.30.28.23 is not reachable. Skipping connection attempt.
[2025-02-10T02:48:13.695Z] Device at 10.30.28.23 is not reachable. Skipping connection attempt.
[2025-02-10T02:48:23.691Z] Device at 10.30.28.23 is not reachable. Skipping connection attempt.
[2025-02-10T02:48:33.699Z] Device at 10.30.28.23 is not reachable. Skipping connection attempt.
[2025-02-10T02:48:43.737Z] Device at 10.30.28.23 is not reachable. Skipping connection attempt.
[2025-02-10T02:48:53.731Z] Device at 10.30.28.23 is not reachable. Skipping connection attempt.
[2025-02-10T02:49:03.731Z] Device at 10.30.28.23 is not reachable. Skipping connection attempt.
[2025-02-10T02:49:13.727Z] Device at 10.30.28.23 is not reachable. Skipping connection attempt.
[2025-02-10T02:49:23.730Z] Device at 10.30.28.23 is not reachable. Skipping connection attempt.
[2025-02-10T02:49:33.740Z] Device at 10.30.28.23 is not reachable. Skipping connection attempt.
[2025-02-10T02:49:43.755Z] Device at 10.30.28.23 is not reachable. Skipping connection attempt.
[2025-02-10T02:49:53.754Z] Device at 10.30.28.23 is not reachable. Skipping connection attempt.
[2025-02-10T02:50:03.782Z] Device at 10.30.28.23 is not reachable. Skipping connection attempt.
[2025-02-10T02:50:13.788Z] Device at 10.30.28.23 is not reachable. Skipping connection attempt.
[2025-02-10T02:50:23.810Z] Device at 10.30.28.23 is not reachable. Skipping connection attempt.
[2025-02-10T02:50:33.821Z] Device at 10.30.28.23 is not reachable. Skipping connection attempt.
[2025-02-10T02:50:43.828Z] Device at 10.30.28.23 is not reachable. Skipping connection attempt.
[2025-02-10T02:50:53.844Z] Device at 10.30.28.23 is not reachable. Skipping connection attempt.
[2025-02-10T02:51:03.859Z] Device at 10.30.28.23 is not reachable. Skipping connection attempt.
[2025-02-10T02:51:13.872Z] Device at 10.30.28.23 is not reachable. Skipping connection attempt.
[2025-02-10T02:51:23.872Z] Device at 10.30.28.23 is not reachable. Skipping connection attempt.
[2025-02-10T02:51:33.893Z] Device at 10.30.28.23 is not reachable. Skipping connection attempt.
[2025-02-10T02:51:43.887Z] Device at 10.30.28.23 is not reachable. Skipping connection attempt.
[2025-02-10T02:51:53.885Z] Device at 10.30.28.23 is not reachable. Skipping connection attempt.
[2025-02-10T02:52:03.892Z] Device at 10.30.28.23 is not reachable. Skipping connection attempt.
[2025-02-10T02:52:13.888Z] Device at 10.30.28.23 is not reachable. Skipping connection attempt.
[2025-02-10T02:52:23.897Z] Device at 10.30.28.23 is not reachable. Skipping connection attempt.
[2025-02-10T02:52:33.914Z] Device at 10.30.28.23 is not reachable. Skipping connection attempt.
[2025-02-10T02:52:43.938Z] Device at 10.30.28.23 is not reachable. Skipping connection attempt.
[2025-02-10T02:52:53.934Z] Device at 10.30.28.23 is not reachable. Skipping connection attempt.
[2025-02-10T02:53:03.963Z] Device at 10.30.28.23 is not reachable. Skipping connection attempt.
[2025-02-10T02:53:13.946Z] Device at 10.30.28.23 is not reachable. Skipping connection attempt.
[2025-02-10T02:53:26.493Z] Device at 10.30.28.23 is not reachable. Skipping connection attempt.
[2025-02-10T02:53:34.892Z] Device at 10.30.28.23 is not reachable. Skipping connection attempt.
[2025-02-10T02:53:43.969Z] Device at 10.30.28.23 is not reachable. Skipping connection attempt.
[2025-02-10T02:53:53.986Z] Device at 10.30.28.23 is not reachable. Skipping connection attempt.
[2025-02-10T02:54:03.982Z] Device at 10.30.28.23 is not reachable. Skipping connection attempt.
[2025-02-10T02:54:13.999Z] Device at 10.30.28.23 is not reachable. Skipping connection attempt.
[2025-02-10T02:54:23.990Z] Device at 10.30.28.23 is not reachable. Skipping connection attempt.
[2025-02-10T02:54:33.982Z] Device at 10.30.28.23 is not reachable. Skipping connection attempt.
[2025-02-10T02:54:43.996Z] Device at 10.30.28.23 is not reachable. Skipping connection attempt.
[2025-02-10T02:54:54.012Z] Device at 10.30.28.23 is not reachable. Skipping connection attempt.
[2025-02-10T02:55:04.022Z] Device at 10.30.28.23 is not reachable. Skipping connection attempt.
[2025-02-10T02:55:14.039Z] Device at 10.30.28.23 is not reachable. Skipping connection attempt.
[2025-02-10T02:55:24.032Z] Device at 10.30.28.23 is not reachable. Skipping connection attempt.
[2025-02-10T02:55:34.031Z] Device at 10.30.28.23 is not reachable. Skipping connection attempt.
[2025-02-10T02:55:44.045Z] Device at 10.30.28.23 is not reachable. Skipping connection attempt.
[2025-02-10T02:55:54.059Z] Device at 10.30.28.23 is not reachable. Skipping connection attempt.
[2025-02-10T02:56:04.062Z] Device at 10.30.28.23 is not reachable. Skipping connection attempt.
[2025-02-10T02:56:14.067Z] Device at 10.30.28.23 is not reachable. Skipping connection attempt.
[2025-02-10T02:56:24.092Z] Device at 10.30.28.23 is not reachable. Skipping connection attempt.
[2025-02-10T02:56:34.092Z] Device at 10.30.28.23 is not reachable. Skipping connection attempt.
[2025-02-10T02:56:44.087Z] Device at 10.30.28.23 is not reachable. Skipping connection attempt.
[2025-02-10T02:56:54.104Z] Device at 10.30.28.23 is not reachable. Skipping connection attempt.
[2025-02-10T02:57:04.103Z] Device at 10.30.28.23 is not reachable. Skipping connection attempt.
[2025-02-10T02:57:14.107Z] Device at 10.30.28.23 is not reachable. Skipping connection attempt.
[2025-02-10T02:57:24.111Z] Device at 10.30.28.23 is not reachable. Skipping connection attempt.
[2025-02-10T02:57:34.122Z] Device at 10.30.28.23 is not reachable. Skipping connection attempt.
[2025-02-10T02:57:44.136Z] Device at 10.30.28.23 is not reachable. Skipping connection attempt.
[2025-02-10T02:57:54.145Z] Device at 10.30.28.23 is not reachable. Skipping connection attempt.
[2025-02-10T02:58:04.158Z] Device at 10.30.28.23 is not reachable. Skipping connection attempt.
[2025-02-10T02:58:14.145Z] Device at 10.30.28.23 is not reachable. Skipping connection attempt.
[2025-02-10T02:58:24.165Z] Device at 10.30.28.23 is not reachable. Skipping connection attempt.
[2025-02-10T02:58:34.170Z] Device at 10.30.28.23 is not reachable. Skipping connection attempt.
[2025-02-10T02:58:44.177Z] Device at 10.30.28.23 is not reachable. Skipping connection attempt.
[2025-02-10T02:58:54.174Z] Device at 10.30.28.23 is not reachable. Skipping connection attempt.
[2025-02-10T02:59:04.183Z] Device at 10.30.28.23 is not reachable. Skipping connection attempt.
[2025-02-10T02:59:14.196Z] Device at 10.30.28.23 is not reachable. Skipping connection attempt.
[2025-02-10T02:59:24.204Z] Device at 10.30.28.23 is not reachable. Skipping connection attempt.
[2025-02-10T02:59:34.209Z] Device at 10.30.28.23 is not reachable. Skipping connection attempt.
[2025-02-10T02:59:44.228Z] Device at 10.30.28.23 is not reachable. Skipping connection attempt.
[2025-02-10T02:59:54.215Z] Device at 10.30.28.23 is not reachable. Skipping connection attempt.
[2025-02-10T03:00:04.227Z] Device at 10.30.28.23 is not reachable. Skipping connection attempt.
[2025-02-10T03:00:14.233Z] Device at 10.30.28.23 is not reachable. Skipping connection attempt.
[2025-02-10T03:00:24.242Z] Device at 10.30.28.23 is not reachable. Skipping connection attempt.
[2025-02-10T03:00:34.261Z] Device at 10.30.28.23 is not reachable. Skipping connection attempt.
[2025-02-10T03:00:44.277Z] Device at 10.30.28.23 is not reachable. Skipping connection attempt.
[2025-02-10T03:00:54.291Z] Device at 10.30.28.23 is not reachable. Skipping connection attempt.
[2025-02-10T03:01:04.300Z] Device at 10.30.28.23 is not reachable. Skipping connection attempt.
[2025-02-10T03:01:14.295Z] Device at 10.30.28.23 is not reachable. Skipping connection attempt.
[2025-02-10T03:01:24.310Z] Device at 10.30.28.23 is not reachable. Skipping connection attempt.
[2025-02-10T03:01:34.316Z] Device at 10.30.28.23 is not reachable. Skipping connection attempt.
[2025-02-10T03:01:44.332Z] Device at 10.30.28.23 is not reachable. Skipping connection attempt.
[2025-02-10T03:01:54.321Z] Device at 10.30.28.23 is not reachable. Skipping connection attempt.
[2025-02-10T03:02:04.355Z] Device at 10.30.28.23 is not reachable. Skipping connection attempt.
[2025-02-10T03:02:14.334Z] Device at 10.30.28.23 is not reachable. Skipping connection attempt.
[2025-02-10T03:02:24.339Z] Device at 10.30.28.23 is not reachable. Skipping connection attempt.
[2025-02-10T03:02:34.348Z] Device at 10.30.28.23 is not reachable. Skipping connection attempt.
[2025-02-10T03:02:44.351Z] Device at 10.30.28.23 is not reachable. Skipping connection attempt.
[2025-02-10T03:02:54.370Z] Device at 10.30.28.23 is not reachable. Skipping connection attempt.
[2025-02-10T03:03:04.385Z] Device at 10.30.28.23 is not reachable. Skipping connection attempt.
[2025-02-10T03:03:14.403Z] Device at 10.30.28.23 is not reachable. Skipping connection attempt.
[2025-02-10T03:03:24.407Z] Device at 10.30.28.23 is not reachable. Skipping connection attempt.
[2025-02-10T03:03:34.426Z] Device at 10.30.28.23 is not reachable. Skipping connection attempt.
[2025-02-10T03:03:44.435Z] Device at 10.30.28.23 is not reachable. Skipping connection attempt.
[2025-02-10T03:03:54.439Z] Device at 10.30.28.23 is not reachable. Skipping connection attempt.
[2025-02-10T03:04:04.456Z] Device at 10.30.28.23 is not reachable. Skipping connection attempt.
[2025-02-10T03:04:14.471Z] Device at 10.30.28.23 is not reachable. Skipping connection attempt.
[2025-02-10T03:04:24.479Z] Device at 10.30.28.23 is not reachable. Skipping connection attempt.
[2025-02-10T03:04:34.485Z] Device at 10.30.28.23 is not reachable. Skipping connection attempt.
[2025-02-10T03:04:44.482Z] Device at 10.30.28.23 is not reachable. Skipping connection attempt.
[2025-02-10T03:04:54.490Z] Device at 10.30.28.23 is not reachable. Skipping connection attempt.
[2025-02-10T03:05:04.483Z] Device at 10.30.28.23 is not reachable. Skipping connection attempt.
[2025-02-10T03:05:14.502Z] Device at 10.30.28.23 is not reachable. Skipping connection attempt.
[2025-02-10T03:05:24.506Z] Device at 10.30.28.23 is not reachable. Skipping connection attempt.
[2025-02-10T03:05:34.514Z] Device at 10.30.28.23 is not reachable. Skipping connection attempt.
[2025-02-10T03:05:44.521Z] Device at 10.30.28.23 is not reachable. Skipping connection attempt.
[2025-02-10T03:05:54.532Z] Device at 10.30.28.23 is not reachable. Skipping connection attempt.
[2025-02-10T03:06:04.535Z] Device at 10.30.28.23 is not reachable. Skipping connection attempt.
[2025-02-10T03:06:14.538Z] Device at 10.30.28.23 is not reachable. Skipping connection attempt.
[2025-02-10T03:06:24.526Z] Device at 10.30.28.23 is not reachable. Skipping connection attempt.
[2025-02-10T03:06:34.530Z] Device at 10.30.28.23 is not reachable. Skipping connection attempt.
[2025-02-10T03:06:44.546Z] Device at 10.30.28.23 is not reachable. Skipping connection attempt.
[2025-02-10T03:06:54.540Z] Device at 10.30.28.23 is not reachable. Skipping connection attempt.
[2025-02-10T03:07:04.548Z] Device at 10.30.28.23 is not reachable. Skipping connection attempt.
[2025-02-10T03:07:14.565Z] Device at 10.30.28.23 is not reachable. Skipping connection attempt.
[2025-02-10T03:07:24.568Z] Device at 10.30.28.23 is not reachable. Skipping connection attempt.
[2025-02-10T03:07:34.587Z] Device at 10.30.28.23 is not reachable. Skipping connection attempt.
[2025-02-10T03:07:47.506Z] Device at 10.30.28.23 is not reachable. Skipping connection attempt.
[2025-02-10T03:07:54.580Z] Device at 10.30.28.23 is not reachable. Skipping connection attempt.
[2025-02-10T03:08:04.574Z] Device at 10.30.28.23 is not reachable. Skipping connection attempt.
[2025-02-10T03:08:14.586Z] Device at 10.30.28.23 is not reachable. Skipping connection attempt.
[2025-02-10T03:08:24.596Z] Device at 10.30.28.23 is not reachable. Skipping connection attempt.
[2025-02-10T03:08:34.587Z] Device at 10.30.28.23 is not reachable. Skipping connection attempt.
[2025-02-10T03:08:44.606Z] Device at 10.30.28.23 is not reachable. Skipping connection attempt.
[2025-02-10T03:08:54.608Z] Device at 10.30.28.23 is not reachable. Skipping connection attempt.
[2025-02-10T03:09:04.605Z] Device at 10.30.28.23 is not reachable. Skipping connection attempt.
[2025-02-10T03:09:14.620Z] Device at 10.30.28.23 is not reachable. Skipping connection attempt.
[2025-02-10T03:09:24.640Z] Device at 10.30.28.23 is not reachable. Skipping connection attempt.
[2025-02-10T03:09:34.645Z] Device at 10.30.28.23 is not reachable. Skipping connection attempt.
[2025-02-10T03:09:44.660Z] Device at 10.30.28.23 is not reachable. Skipping connection attempt.
[2025-02-10T03:09:54.665Z] Device at 10.30.28.23 is not reachable. Skipping connection attempt.
[2025-02-10T03:10:04.673Z] Device at 10.30.28.23 is not reachable. Skipping connection attempt.
[2025-02-10T03:10:14.691Z] Device at 10.30.28.23 is not reachable. Skipping connection attempt.
[2025-02-10T03:10:24.686Z] Device at 10.30.28.23 is not reachable. Skipping connection attempt.
[2025-02-10T03:10:34.711Z] Device at 10.30.28.23 is not reachable. Skipping connection attempt.
[2025-02-10T03:10:44.709Z] Device at 10.30.28.23 is not reachable. Skipping connection attempt.
[2025-02-10T03:10:54.716Z] Device at 10.30.28.23 is not reachable. Skipping connection attempt.
[2025-02-10T03:11:04.722Z] Device at 10.30.28.23 is not reachable. Skipping connection attempt.
[2025-02-10T03:11:14.726Z] Device at 10.30.28.23 is not reachable. Skipping connection attempt.
[2025-02-10T03:11:24.754Z] Device at 10.30.28.23 is not reachable. Skipping connection attempt.
[2025-02-10T03:11:34.749Z] Device at 10.30.28.23 is not reachable. Skipping connection attempt.
[2025-02-10T03:11:44.771Z] Device at 10.30.28.23 is not reachable. Skipping connection attempt.
[2025-02-10T03:11:54.754Z] Device at 10.30.28.23 is not reachable. Skipping connection attempt.
[2025-02-10T03:12:04.767Z] Device at 10.30.28.23 is not reachable. Skipping connection attempt.
[2025-02-10T03:12:14.765Z] Device at 10.30.28.23 is not reachable. Skipping connection attempt.
[2025-02-10T03:12:24.769Z] Device at 10.30.28.23 is not reachable. Skipping connection attempt.
[2025-02-10T03:12:34.777Z] Device at 10.30.28.23 is not reachable. Skipping connection attempt.
[2025-02-10T03:12:44.804Z] Device at 10.30.28.23 is not reachable. Skipping connection attempt.
[2025-02-10T03:12:54.812Z] Device at 10.30.28.23 is not reachable. Skipping connection attempt.
[2025-02-10T03:13:04.836Z] Device at 10.30.28.23 is not reachable. Skipping connection attempt.
[2025-02-10T03:13:14.822Z] Device at 10.30.28.23 is not reachable. Skipping connection attempt.
[2025-02-10T03:13:24.818Z] Device at 10.30.28.23 is not reachable. Skipping connection attempt.
[2025-02-10T03:13:34.827Z] Device at 10.30.28.23 is not reachable. Skipping connection attempt.
[2025-02-10T03:13:44.825Z] Device at 10.30.28.23 is not reachable. Skipping connection attempt.
[2025-02-10T03:13:54.842Z] Device at 10.30.28.23 is not reachable. Skipping connection attempt.
[2025-02-10T03:14:04.849Z] Device at 10.30.28.23 is not reachable. Skipping connection attempt.
[2025-02-10T03:14:14.844Z] Device at 10.30.28.23 is not reachable. Skipping connection attempt.
[2025-02-10T03:14:24.850Z] Device at 10.30.28.23 is not reachable. Skipping connection attempt.
[2025-02-10T03:14:34.875Z] Device at 10.30.28.23 is not reachable. Skipping connection attempt.
[2025-02-10T03:14:44.876Z] Device at 10.30.28.23 is not reachable. Skipping connection attempt.
[2025-02-10T03:14:54.884Z] Device at 10.30.28.23 is not reachable. Skipping connection attempt.
[2025-02-10T03:15:04.897Z] Device at 10.30.28.23 is not reachable. Skipping connection attempt.
[2025-02-10T03:15:14.909Z] Device at 10.30.28.23 is not reachable. Skipping connection attempt.
[2025-02-10T03:15:24.925Z] Device at 10.30.28.23 is not reachable. Skipping connection attempt.
[2025-02-10T03:15:34.935Z] Device at 10.30.28.23 is not reachable. Skipping connection attempt.
[2025-02-10T03:15:44.918Z] Device at 10.30.28.23 is not reachable. Skipping connection attempt.
[2025-02-10T03:15:54.945Z] Device at 10.30.28.23 is not reachable. Skipping connection attempt.
[2025-02-10T03:16:04.959Z] Device at 10.30.28.23 is not reachable. Skipping connection attempt.
[2025-02-10T03:16:14.956Z] Device at 10.30.28.23 is not reachable. Skipping connection attempt.
[2025-02-10T03:16:24.951Z] Device at 10.30.28.23 is not reachable. Skipping connection attempt.
[2025-02-10T03:16:34.960Z] Device at 10.30.28.23 is not reachable. Skipping connection attempt.
[2025-02-10T03:16:44.975Z] Device at 10.30.28.23 is not reachable. Skipping connection attempt.
[2025-02-10T03:16:54.991Z] Device at 10.30.28.23 is not reachable. Skipping connection attempt.
[2025-02-10T03:17:04.987Z] Device at 10.30.28.23 is not reachable. Skipping connection attempt.
[2025-02-10T03:17:14.995Z] Device at 10.30.28.23 is not reachable. Skipping connection attempt.
[2025-02-10T03:17:24.988Z] Device at 10.30.28.23 is not reachable. Skipping connection attempt.
[2025-02-10T03:17:35.005Z] Device at 10.30.28.23 is not reachable. Skipping connection attempt.
[2025-02-10T03:17:45.008Z] Device at 10.30.28.23 is not reachable. Skipping connection attempt.
[2025-02-10T03:17:55.008Z] Device at 10.30.28.23 is not reachable. Skipping connection attempt.
[2025-02-10T03:18:05.024Z] Device at 10.30.28.23 is not reachable. Skipping connection attempt.
[2025-02-10T03:18:15.030Z] Device at 10.30.28.23 is not reachable. Skipping connection attempt.
[2025-02-10T03:18:25.054Z] Device at 10.30.28.23 is not reachable. Skipping connection attempt.
[2025-02-10T03:18:35.050Z] Device at 10.30.28.23 is not reachable. Skipping connection attempt.
[2025-02-10T03:18:45.046Z] Device at 10.30.28.23 is not reachable. Skipping connection attempt.
[2025-02-10T03:18:55.059Z] Device at 10.30.28.23 is not reachable. Skipping connection attempt.
[2025-02-10T03:19:05.059Z] Device at 10.30.28.23 is not reachable. Skipping connection attempt.
[2025-02-10T03:19:15.066Z] Device at 10.30.28.23 is not reachable. Skipping connection attempt.
[2025-02-10T03:19:25.073Z] Device at 10.30.28.23 is not reachable. Skipping connection attempt.
[2025-02-10T03:19:35.098Z] Device at 10.30.28.23 is not reachable. Skipping connection attempt.
[2025-02-10T03:19:45.084Z] Device at 10.30.28.23 is not reachable. Skipping connection attempt.
[2025-02-10T03:19:55.113Z] Device at 10.30.28.23 is not reachable. Skipping connection attempt.
[2025-02-10T03:20:05.120Z] Device at 10.30.28.23 is not reachable. Skipping connection attempt.
[2025-02-10T03:20:15.095Z] Device at 10.30.28.23 is not reachable. Skipping connection attempt.
[2025-02-10T03:20:25.111Z] Device at 10.30.28.23 is not reachable. Skipping connection attempt.
[2025-02-10T03:20:35.108Z] Device at 10.30.28.23 is not reachable. Skipping connection attempt.
[2025-02-10T03:20:45.126Z] Device at 10.30.28.23 is not reachable. Skipping connection attempt.
[2025-02-10T03:20:55.130Z] Device at 10.30.28.23 is not reachable. Skipping connection attempt.
[2025-02-10T03:21:05.129Z] Device at 10.30.28.23 is not reachable. Skipping connection attempt.
[2025-02-10T03:21:15.143Z] Device at 10.30.28.23 is not reachable. Skipping connection attempt.
[2025-02-10T03:21:25.150Z] Device at 10.30.28.23 is not reachable. Skipping connection attempt.
[2025-02-10T03:21:35.158Z] Device at 10.30.28.23 is not reachable. Skipping connection attempt.
[2025-02-10T03:21:45.174Z] Device at 10.30.28.23 is not reachable. Skipping connection attempt.
[2025-02-10T03:21:55.171Z] Device at 10.30.28.23 is not reachable. Skipping connection attempt.
[2025-02-10T03:22:05.184Z] Device at 10.30.28.23 is not reachable. Skipping connection attempt.
[2025-02-10T03:22:15.184Z] Device at 10.30.28.23 is not reachable. Skipping connection attempt.
[2025-02-10T03:22:25.189Z] Device at 10.30.28.23 is not reachable. Skipping connection attempt.
[2025-02-10T03:22:35.187Z] Device at 10.30.28.23 is not reachable. Skipping connection attempt.
[2025-02-10T03:22:45.202Z] Device at 10.30.28.23 is not reachable. Skipping connection attempt.
[2025-02-10T03:22:55.208Z] Device at 10.30.28.23 is not reachable. Skipping connection attempt.
[2025-02-10T03:23:05.233Z] Device at 10.30.28.23 is not reachable. Skipping connection attempt.
[2025-02-10T03:23:15.221Z] Device at 10.30.28.23 is not reachable. Skipping connection attempt.
[2025-02-10T03:23:25.235Z] Device at 10.30.28.23 is not reachable. Skipping connection attempt.
[2025-02-10T03:23:35.244Z] Device at 10.30.28.23 is not reachable. Skipping connection attempt.
[2025-02-10T03:23:45.258Z] Device at 10.30.28.23 is not reachable. Skipping connection attempt.
[2025-02-10T03:23:55.253Z] Device at 10.30.28.23 is not reachable. Skipping connection attempt.
[2025-02-10T03:24:05.250Z] Device at 10.30.28.23 is not reachable. Skipping connection attempt.
[2025-02-10T03:24:15.276Z] Device at 10.30.28.23 is not reachable. Skipping connection attempt.
[2025-02-10T03:24:25.252Z] Device at 10.30.28.23 is not reachable. Skipping connection attempt.
[2025-02-10T03:24:35.278Z] Device at 10.30.28.23 is not reachable. Skipping connection attempt.
[2025-02-10T03:24:45.276Z] Device at 10.30.28.23 is not reachable. Skipping connection attempt.
[2025-02-10T03:24:55.282Z] Device at 10.30.28.23 is not reachable. Skipping connection attempt.
[2025-02-10T03:25:05.296Z] Device at 10.30.28.23 is not reachable. Skipping connection attempt.
[2025-02-10T03:25:15.311Z] Device at 10.30.28.23 is not reachable. Skipping connection attempt.
[2025-02-10T03:25:25.321Z] Device at 10.30.28.23 is not reachable. Skipping connection attempt.
[2025-02-10T03:25:35.321Z] Device at 10.30.28.23 is not reachable. Skipping connection attempt.
[2025-02-10T03:25:45.319Z] Device at 10.30.28.23 is not reachable. Skipping connection attempt.
[2025-02-10T03:25:55.337Z] Device at 10.30.28.23 is not reachable. Skipping connection attempt.
[2025-02-10T03:26:05.339Z] Device at 10.30.28.23 is not reachable. Skipping connection attempt.
[2025-02-10T03:26:15.337Z] Device at 10.30.28.23 is not reachable. Skipping connection attempt.
[2025-02-10T03:26:25.356Z] Device at 10.30.28.23 is not reachable. Skipping connection attempt.
[2025-02-10T03:26:35.362Z] Device at 10.30.28.23 is not reachable. Skipping connection attempt.
[2025-02-10T03:26:45.368Z] Device at 10.30.28.23 is not reachable. Skipping connection attempt.
[2025-02-10T03:26:55.362Z] Device at 10.30.28.23 is not reachable. Skipping connection attempt.
[2025-02-10T03:27:05.384Z] Device at 10.30.28.23 is not reachable. Skipping connection attempt.
[2025-02-10T03:27:15.395Z] Device at 10.30.28.23 is not reachable. Skipping connection attempt.
[2025-02-10T03:27:25.410Z] Device at 10.30.28.23 is not reachable. Skipping connection attempt.
[2025-02-10T03:27:35.417Z] Device at 10.30.28.23 is not reachable. Skipping connection attempt.
[2025-02-10T03:27:45.404Z] Device at 10.30.28.23 is not reachable. Skipping connection attempt.
[2025-02-10T03:27:55.442Z] Device at 10.30.28.23 is not reachable. Skipping connection attempt.
[2025-02-10T03:28:05.439Z] Device at 10.30.28.23 is not reachable. Skipping connection attempt.
[2025-02-10T03:28:15.432Z] Device at 10.30.28.23 is not reachable. Skipping connection attempt.
[2025-02-10T03:28:25.451Z] Device at 10.30.28.23 is not reachable. Skipping connection attempt.
[2025-02-10T03:28:35.467Z] Device at 10.30.28.23 is not reachable. Skipping connection attempt.
[2025-02-10T03:28:45.454Z] Device at 10.30.28.23 is not reachable. Skipping connection attempt.
[2025-02-10T03:28:55.477Z] Device at 10.30.28.23 is not reachable. Skipping connection attempt.
[2025-02-10T03:29:05.472Z] Device at 10.30.28.23 is not reachable. Skipping connection attempt.
[2025-02-10T03:29:15.491Z] Device at 10.30.28.23 is not reachable. Skipping connection attempt.
[2025-02-10T03:29:25.508Z] Device at 10.30.28.23 is not reachable. Skipping connection attempt.
[2025-02-10T03:29:35.523Z] Device at 10.30.28.23 is not reachable. Skipping connection attempt.
[2025-02-10T03:29:45.531Z] Device at 10.30.28.23 is not reachable. Skipping connection attempt.
[2025-02-10T03:29:55.557Z] Device at 10.30.28.23 is not reachable. Skipping connection attempt.
[2025-02-10T03:30:05.551Z] Device at 10.30.28.23 is not reachable. Skipping connection attempt.
[2025-02-10T03:30:15.559Z] Device at 10.30.28.23 is not reachable. Skipping connection attempt.
[2025-02-10T03:30:25.568Z] Device at 10.30.28.23 is not reachable. Skipping connection attempt.
[2025-02-10T03:30:35.574Z] Device at 10.30.28.23 is not reachable. Skipping connection attempt.
[2025-02-10T03:30:45.589Z] Device at 10.30.28.23 is not reachable. Skipping connection attempt.
[2025-02-10T03:30:55.596Z] Device at 10.30.28.23 is not reachable. Skipping connection attempt.
[2025-02-10T03:31:05.599Z] Device at 10.30.28.23 is not reachable. Skipping connection attempt.
[2025-02-10T03:31:15.607Z] Device at 10.30.28.23 is not reachable. Skipping connection attempt.
[2025-02-10T03:31:25.607Z] Device at 10.30.28.23 is not reachable. Skipping connection attempt.
[2025-02-10T03:31:35.651Z] Device at 10.30.28.23 is not reachable. Skipping connection attempt.
[2025-02-10T03:31:45.635Z] Device at 10.30.28.23 is not reachable. Skipping connection attempt.
[2025-02-10T03:31:55.641Z] Device at 10.30.28.23 is not reachable. Skipping connection attempt.
[2025-02-10T03:32:05.639Z] Device at 10.30.28.23 is not reachable. Skipping connection attempt.
[2025-02-10T03:32:15.666Z] Device at 10.30.28.23 is not reachable. Skipping connection attempt.
[2025-02-10T03:32:25.673Z] Device at 10.30.28.23 is not reachable. Skipping connection attempt.
[2025-02-10T03:32:35.670Z] Device at 10.30.28.23 is not reachable. Skipping connection attempt.
[2025-02-10T03:32:45.680Z] Device at 10.30.28.23 is not reachable. Skipping connection attempt.
[2025-02-10T03:32:55.695Z] Device at 10.30.28.23 is not reachable. Skipping connection attempt.
[2025-02-10T03:33:05.694Z] Device at 10.30.28.23 is not reachable. Skipping connection attempt.
[2025-02-10T03:33:15.693Z] Device at 10.30.28.23 is not reachable. Skipping connection attempt.
[2025-02-10T03:33:25.698Z] Device at 10.30.28.23 is not reachable. Skipping connection attempt.
[2025-02-10T03:33:35.704Z] Device at 10.30.28.23 is not reachable. Skipping connection attempt.
[2025-02-10T03:33:45.722Z] Device at 10.30.28.23 is not reachable. Skipping connection attempt.
[2025-02-10T03:33:55.728Z] Device at 10.30.28.23 is not reachable. Skipping connection attempt.
[2025-02-10T03:34:05.737Z] Device at 10.30.28.23 is not reachable. Skipping connection attempt.
[2025-02-10T03:34:15.732Z] Device at 10.30.28.23 is not reachable. Skipping connection attempt.
[2025-02-10T03:34:28.475Z] Device at 10.30.28.23 is not reachable. Skipping connection attempt.
[2025-02-10T03:34:35.724Z] Device at 10.30.28.23 is not reachable. Skipping connection attempt.
[2025-02-10T03:34:45.730Z] Device at 10.30.28.23 is not reachable. Skipping connection attempt.
[2025-02-10T03:34:55.844Z] Device at 10.30.28.23 is not reachable. Skipping connection attempt.
[2025-02-10T03:35:05.744Z] Device at 10.30.28.23 is not reachable. Skipping connection attempt.
[2025-02-10T03:35:15.786Z] Device at 10.30.28.23 is not reachable. Skipping connection attempt.
[2025-02-10T03:35:25.758Z] Device at 10.30.28.23 is not reachable. Skipping connection attempt.
[2025-02-10T03:35:35.750Z] Device at 10.30.28.23 is not reachable. Skipping connection attempt.
[2025-02-10T03:35:45.760Z] Device at 10.30.28.23 is not reachable. Skipping connection attempt.
[2025-02-10T03:35:55.764Z] Device at 10.30.28.23 is not reachable. Skipping connection attempt.
[2025-02-10T03:36:05.762Z] Device at 10.30.28.23 is not reachable. Skipping connection attempt.
[2025-02-10T03:36:15.776Z] Device at 10.30.28.23 is not reachable. Skipping connection attempt.
[2025-02-10T03:36:25.785Z] Device at 10.30.28.23 is not reachable. Skipping connection attempt.
[2025-02-10T03:36:35.792Z] Device at 10.30.28.23 is not reachable. Skipping connection attempt.
[2025-02-10T03:36:45.809Z] Device at 10.30.28.23 is not reachable. Skipping connection attempt.
[2025-02-10T03:36:55.813Z] Device at 10.30.28.23 is not reachable. Skipping connection attempt.
[2025-02-10T03:37:05.798Z] Device at 10.30.28.23 is not reachable. Skipping connection attempt.
[2025-02-10T03:37:15.810Z] Device at 10.30.28.23 is not reachable. Skipping connection attempt.
[2025-02-10T03:37:25.813Z] Device at 10.30.28.23 is not reachable. Skipping connection attempt.
[2025-02-10T03:37:35.819Z] Device at 10.30.28.23 is not reachable. Skipping connection attempt.
[2025-02-10T03:37:45.847Z] Device at 10.30.28.23 is not reachable. Skipping connection attempt.
[2025-02-10T03:37:55.844Z] Device at 10.30.28.23 is not reachable. Skipping connection attempt.
[2025-02-10T03:38:05.870Z] Device at 10.30.28.23 is not reachable. Skipping connection attempt.
[2025-02-10T03:38:15.895Z] Device at 10.30.28.23 is not reachable. Skipping connection attempt.
[2025-02-10T03:38:25.893Z] Device at 10.30.28.23 is not reachable. Skipping connection attempt.
[2025-02-10T03:38:35.890Z] Device at 10.30.28.23 is not reachable. Skipping connection attempt.
[2025-02-10T03:38:45.905Z] Device at 10.30.28.23 is not reachable. Skipping connection attempt.
[2025-02-10T03:38:55.917Z] Device at 10.30.28.23 is not reachable. Skipping connection attempt.
[2025-02-10T03:39:05.923Z] Device at 10.30.28.23 is not reachable. Skipping connection attempt.
[2025-02-10T03:39:15.922Z] Device at 10.30.28.23 is not reachable. Skipping connection attempt.
[2025-02-10T03:39:25.920Z] Device at 10.30.28.23 is not reachable. Skipping connection attempt.
[2025-02-10T03:39:35.938Z] Device at 10.30.28.23 is not reachable. Skipping connection attempt.
[2025-02-10T03:39:45.937Z] Device at 10.30.28.23 is not reachable. Skipping connection attempt.
[2025-02-10T03:39:55.924Z] Device at 10.30.28.23 is not reachable. Skipping connection attempt.
[2025-02-10T03:40:08.972Z] Device at 10.30.28.23 is not reachable. Skipping connection attempt.
[2025-02-10T03:40:15.941Z] Device at 10.30.28.23 is not reachable. Skipping connection attempt.
[2025-02-10T03:40:25.946Z] Device at 10.30.28.23 is not reachable. Skipping connection attempt.
[2025-02-10T03:40:35.963Z] Device at 10.30.28.23 is not reachable. Skipping connection attempt.
[2025-02-10T03:40:45.971Z] Device at 10.30.28.23 is not reachable. Skipping connection attempt.
[2025-02-10T03:40:55.973Z] Device at 10.30.28.23 is not reachable. Skipping connection attempt.
[2025-02-10T03:41:05.980Z] Device at 10.30.28.23 is not reachable. Skipping connection attempt.
[2025-02-10T03:41:15.988Z] Device at 10.30.28.23 is not reachable. Skipping connection attempt.
[2025-02-10T03:41:25.994Z] Device at 10.30.28.23 is not reachable. Skipping connection attempt.
[2025-02-10T03:41:35.998Z] Device at 10.30.28.23 is not reachable. Skipping connection attempt.
[2025-02-10T03:41:46.017Z] Device at 10.30.28.23 is not reachable. Skipping connection attempt.
[2025-02-10T03:41:56.008Z] Device at 10.30.28.23 is not reachable. Skipping connection attempt.
[2025-02-10T03:42:06.015Z] Device at 10.30.28.23 is not reachable. Skipping connection attempt.
[2025-02-10T03:42:16.024Z] Device at 10.30.28.23 is not reachable. Skipping connection attempt.
[2025-02-10T03:42:26.051Z] Device at 10.30.28.23 is not reachable. Skipping connection attempt.
[2025-02-10T03:42:36.064Z] Device at 10.30.28.23 is not reachable. Skipping connection attempt.
[2025-02-10T03:42:46.071Z] Device at 10.30.28.23 is not reachable. Skipping connection attempt.
[2025-02-10T03:42:56.055Z] Device at 10.30.28.23 is not reachable. Skipping connection attempt.
[2025-02-10T03:43:06.062Z] Device at 10.30.28.23 is not reachable. Skipping connection attempt.
[2025-02-10T03:43:16.077Z] Device at 10.30.28.23 is not reachable. Skipping connection attempt.
[2025-02-10T03:43:26.077Z] Device at 10.30.28.23 is not reachable. Skipping connection attempt.
[2025-02-10T03:43:36.085Z] Device at 10.30.28.23 is not reachable. Skipping connection attempt.
[2025-02-10T03:43:46.099Z] Device at 10.30.28.23 is not reachable. Skipping connection attempt.
[2025-02-10T03:43:56.094Z] Device at 10.30.28.23 is not reachable. Skipping connection attempt.
[2025-02-10T03:44:08.967Z] Device at 10.30.28.23 is not reachable. Skipping connection attempt.
[2025-02-10T03:44:16.136Z] Device at 10.30.28.23 is not reachable. Skipping connection attempt.
[2025-02-10T03:44:26.140Z] Device at 10.30.28.23 is not reachable. Skipping connection attempt.
[2025-02-10T03:44:36.160Z] Device at 10.30.28.23 is not reachable. Skipping connection attempt.
[2025-02-10T03:44:46.159Z] Device at 10.30.28.23 is not reachable. Skipping connection attempt.
[2025-02-10T03:44:56.160Z] Device at 10.30.28.23 is not reachable. Skipping connection attempt.
[2025-02-10T03:45:06.179Z] Device at 10.30.28.23 is not reachable. Skipping connection attempt.
[2025-02-10T03:45:16.188Z] Device at 10.30.28.23 is not reachable. Skipping connection attempt.
[2025-02-10T03:45:26.182Z] Device at 10.30.28.23 is not reachable. Skipping connection attempt.
[2025-02-10T03:45:36.197Z] Device at 10.30.28.23 is not reachable. Skipping connection attempt.
[2025-02-10T03:45:46.199Z] Device at 10.30.28.23 is not reachable. Skipping connection attempt.
[2025-02-10T03:45:56.199Z] Device at 10.30.28.23 is not reachable. Skipping connection attempt.
[2025-02-10T03:46:06.195Z] Device at 10.30.28.23 is not reachable. Skipping connection attempt.
[2025-02-10T03:46:16.219Z] Device at 10.30.28.23 is not reachable. Skipping connection attempt.
[2025-02-10T03:46:26.228Z] Device at 10.30.28.23 is not reachable. Skipping connection attempt.
[2025-02-10T03:46:36.236Z] Device at 10.30.28.23 is not reachable. Skipping connection attempt.
[2025-02-10T03:46:46.242Z] Device at 10.30.28.23 is not reachable. Skipping connection attempt.
[2025-02-10T03:46:56.249Z] Device at 10.30.28.23 is not reachable. Skipping connection attempt.
[2025-02-10T03:47:06.256Z] Device at 10.30.28.23 is not reachable. Skipping connection attempt.
[2025-02-10T03:47:16.250Z] Device at 10.30.28.23 is not reachable. Skipping connection attempt.
[2025-02-10T03:47:26.280Z] Device at 10.30.28.23 is not reachable. Skipping connection attempt.
[2025-02-10T03:47:36.268Z] Device at 10.30.28.23 is not reachable. Skipping connection attempt.
[2025-02-10T03:47:46.283Z] Device at 10.30.28.23 is not reachable. Skipping connection attempt.
[2025-02-10T03:47:56.286Z] Device at 10.30.28.23 is not reachable. Skipping connection attempt.
[2025-02-10T03:48:08.959Z] Device at 10.30.28.23 is not reachable. Skipping connection attempt.
[2025-02-10T03:48:16.307Z] Device at 10.30.28.23 is not reachable. Skipping connection attempt.
[2025-02-10T03:48:26.317Z] Device at 10.30.28.23 is not reachable. Skipping connection attempt.
[2025-02-10T03:48:36.333Z] Device at 10.30.28.23 is not reachable. Skipping connection attempt.
[2025-02-10T03:48:46.332Z] Device at 10.30.28.23 is not reachable. Skipping connection attempt.
[2025-02-10T03:48:56.323Z] Device at 10.30.28.23 is not reachable. Skipping connection attempt.
[2025-02-10T03:49:06.330Z] Device at 10.30.28.23 is not reachable. Skipping connection attempt.
[2025-02-10T03:49:16.333Z] Device at 10.30.28.23 is not reachable. Skipping connection attempt.
[2025-02-10T03:49:26.333Z] Device at 10.30.28.23 is not reachable. Skipping connection attempt.
[2025-02-10T03:49:36.340Z] Device at 10.30.28.23 is not reachable. Skipping connection attempt.
[2025-02-10T03:49:46.368Z] Device at 10.30.28.23 is not reachable. Skipping connection attempt.
[2025-02-10T03:49:56.358Z] Device at 10.30.28.23 is not reachable. Skipping connection attempt.
[2025-02-10T03:50:06.357Z] Device at 10.30.28.23 is not reachable. Skipping connection attempt.
[2025-02-10T03:50:18.961Z] Device at 10.30.28.23 is not reachable. Skipping connection attempt.
[2025-02-10T03:50:26.380Z] Device at 10.30.28.23 is not reachable. Skipping connection attempt.
[2025-02-10T03:50:36.365Z] Device at 10.30.28.23 is not reachable. Skipping connection attempt.
[2025-02-10T03:50:46.394Z] Device at 10.30.28.23 is not reachable. Skipping connection attempt.
[2025-02-10T03:50:56.388Z] Device at 10.30.28.23 is not reachable. Skipping connection attempt.
[2025-02-10T03:51:06.407Z] Device at 10.30.28.23 is not reachable. Skipping connection attempt.
[2025-02-10T03:51:16.425Z] Device at 10.30.28.23 is not reachable. Skipping connection attempt.
[2025-02-10T03:51:26.429Z] Device at 10.30.28.23 is not reachable. Skipping connection attempt.
[2025-02-10T03:51:36.458Z] Device at 10.30.28.23 is not reachable. Skipping connection attempt.
[2025-02-10T03:51:46.434Z] Device at 10.30.28.23 is not reachable. Skipping connection attempt.
[2025-02-10T03:51:56.439Z] Device at 10.30.28.23 is not reachable. Skipping connection attempt.
[2025-02-10T03:52:06.455Z] Device at 10.30.28.23 is not reachable. Skipping connection attempt.
[2025-02-10T03:52:16.451Z] Device at 10.30.28.23 is not reachable. Skipping connection attempt.
[2025-02-10T03:52:29.463Z] Device at 10.30.28.23 is not reachable. Skipping connection attempt.
[2025-02-10T03:52:36.493Z] Device at 10.30.28.23 is not reachable. Skipping connection attempt.
[2025-02-10T03:52:46.480Z] Device at 10.30.28.23 is not reachable. Skipping connection attempt.
[2025-02-10T03:52:56.487Z] Device at 10.30.28.23 is not reachable. Skipping connection attempt.
[2025-02-10T03:53:06.513Z] Device at 10.30.28.23 is not reachable. Skipping connection attempt.
[2025-02-10T03:53:16.545Z] Device at 10.30.28.23 is not reachable. Skipping connection attempt.
[2025-02-10T03:53:26.514Z] Device at 10.30.28.23 is not reachable. Skipping connection attempt.
[2025-02-10T03:53:36.523Z] Device at 10.30.28.23 is not reachable. Skipping connection attempt.
[2025-02-10T03:53:46.529Z] Device at 10.30.28.23 is not reachable. Skipping connection attempt.
[2025-02-10T03:53:56.535Z] Device at 10.30.28.23 is not reachable. Skipping connection attempt.
[2025-02-10T03:54:06.552Z] Device at 10.30.28.23 is not reachable. Skipping connection attempt.
[2025-02-10T03:54:16.569Z] Device at 10.30.28.23 is not reachable. Skipping connection attempt.
[2025-02-10T03:54:26.573Z] Device at 10.30.28.23 is not reachable. Skipping connection attempt.
[2025-02-10T03:54:36.559Z] Device at 10.30.28.23 is not reachable. Skipping connection attempt.
[2025-02-10T03:54:46.567Z] Device at 10.30.28.23 is not reachable. Skipping connection attempt.
[2025-02-10T03:54:56.583Z] Device at 10.30.28.23 is not reachable. Skipping connection attempt.
[2025-02-10T03:55:06.590Z] Device at 10.30.28.23 is not reachable. Skipping connection attempt.
[2025-02-10T03:55:16.596Z] Device at 10.30.28.23 is not reachable. Skipping connection attempt.
[2025-02-10T03:55:26.613Z] Device at 10.30.28.23 is not reachable. Skipping connection attempt.
[2025-02-10T03:55:36.617Z] Device at 10.30.28.23 is not reachable. Skipping connection attempt.
[2025-02-10T03:55:46.625Z] Device at 10.30.28.23 is not reachable. Skipping connection attempt.
[2025-02-10T03:55:56.624Z] Device at 10.30.28.23 is not reachable. Skipping connection attempt.
[2025-02-10T03:56:06.617Z] Device at 10.30.28.23 is not reachable. Skipping connection attempt.
[2025-02-10T03:56:16.644Z] Device at 10.30.28.23 is not reachable. Skipping connection attempt.
[2025-02-10T03:56:26.630Z] Device at 10.30.28.23 is not reachable. Skipping connection attempt.
[2025-02-10T03:56:36.646Z] Device at 10.30.28.23 is not reachable. Skipping connection attempt.
[2025-02-10T03:56:46.673Z] Device at 10.30.28.23 is not reachable. Skipping connection attempt.
[2025-02-10T03:56:56.677Z] Device at 10.30.28.23 is not reachable. Skipping connection attempt.
[2025-02-10T03:57:06.685Z] Device at 10.30.28.23 is not reachable. Skipping connection attempt.
[2025-02-10T03:57:16.690Z] Device at 10.30.28.23 is not reachable. Skipping connection attempt.
[2025-02-10T03:57:26.710Z] Device at 10.30.28.23 is not reachable. Skipping connection attempt.
[2025-02-10T03:57:36.692Z] Device at 10.30.28.23 is not reachable. Skipping connection attempt.
[2025-02-10T03:57:46.718Z] Device at 10.30.28.23 is not reachable. Skipping connection attempt.
[2025-02-10T03:57:56.708Z] Device at 10.30.28.23 is not reachable. Skipping connection attempt.
[2025-02-10T03:58:06.730Z] Device at 10.30.28.23 is not reachable. Skipping connection attempt.
[2025-02-10T03:58:16.727Z] Device at 10.30.28.23 is not reachable. Skipping connection attempt.
[2025-02-10T03:58:26.752Z] Device at 10.30.28.23 is not reachable. Skipping connection attempt.
[2025-02-10T03:58:36.760Z] Device at 10.30.28.23 is not reachable. Skipping connection attempt.
[2025-02-10T03:58:46.747Z] Device at 10.30.28.23 is not reachable. Skipping connection attempt.
[2025-02-10T03:58:56.762Z] Device at 10.30.28.23 is not reachable. Skipping connection attempt.
[2025-02-10T03:59:06.776Z] Device at 10.30.28.23 is not reachable. Skipping connection attempt.
[2025-02-10T03:59:17.825Z] Device at 10.30.28.23 is not reachable. Skipping connection attempt.
[2025-02-10T03:59:26.778Z] Device at 10.30.28.23 is not reachable. Skipping connection attempt.
[2025-02-10T03:59:36.812Z] Device at 10.30.28.23 is not reachable. Skipping connection attempt.
[2025-02-10T03:59:46.793Z] Device at 10.30.28.23 is not reachable. Skipping connection attempt.
[2025-02-10T03:59:56.808Z] Device at 10.30.28.23 is not reachable. Skipping connection attempt.
[2025-02-10T04:00:09.454Z] Device at 10.30.28.23 is not reachable. Skipping connection attempt.
[2025-02-10T04:00:16.810Z] Device at 10.30.28.23 is not reachable. Skipping connection attempt.
[2025-02-10T04:00:26.817Z] Device at 10.30.28.23 is not reachable. Skipping connection attempt.
[2025-02-10T04:00:36.824Z] Device at 10.30.28.23 is not reachable. Skipping connection attempt.
[2025-02-10T04:00:46.821Z] Device at 10.30.28.23 is not reachable. Skipping connection attempt.
[2025-02-10T04:00:56.837Z] Device at 10.30.28.23 is not reachable. Skipping connection attempt.
[2025-02-10T04:01:06.851Z] Device at 10.30.28.23 is not reachable. Skipping connection attempt.
[2025-02-10T04:01:16.849Z] Device at 10.30.28.23 is not reachable. Skipping connection attempt.
[2025-02-10T04:01:26.866Z] Device at 10.30.28.23 is not reachable. Skipping connection attempt.
[2025-02-10T04:01:36.879Z] Device at 10.30.28.23 is not reachable. Skipping connection attempt.
[2025-02-10T04:01:46.889Z] Device at 10.30.28.23 is not reachable. Skipping connection attempt.
[2025-02-10T04:01:56.875Z] Device at 10.30.28.23 is not reachable. Skipping connection attempt.
[2025-02-10T04:02:06.889Z] Device at 10.30.28.23 is not reachable. Skipping connection attempt.
[2025-02-10T04:02:16.883Z] Device at 10.30.28.23 is not reachable. Skipping connection attempt.
[2025-02-10T04:02:26.907Z] Device at 10.30.28.23 is not reachable. Skipping connection attempt.
[2025-02-10T04:02:36.910Z] Device at 10.30.28.23 is not reachable. Skipping connection attempt.
[2025-02-10T04:02:46.927Z] Device at 10.30.28.23 is not reachable. Skipping connection attempt.
[2025-02-10T04:02:56.919Z] Device at 10.30.28.23 is not reachable. Skipping connection attempt.
[2025-02-10T04:03:06.927Z] Device at 10.30.28.23 is not reachable. Skipping connection attempt.
[2025-02-10T04:03:16.935Z] Device at 10.30.28.23 is not reachable. Skipping connection attempt.
[2025-02-10T04:03:26.940Z] Device at 10.30.28.23 is not reachable. Skipping connection attempt.
[2025-02-10T04:03:36.981Z] Device at 10.30.28.23 is not reachable. Skipping connection attempt.
[2025-02-10T04:03:46.964Z] Device at 10.30.28.23 is not reachable. Skipping connection attempt.
[2025-02-10T04:03:56.961Z] Device at 10.30.28.23 is not reachable. Skipping connection attempt.
[2025-02-10T04:04:06.978Z] Device at 10.30.28.23 is not reachable. Skipping connection attempt.
[2025-02-10T04:04:16.977Z] Device at 10.30.28.23 is not reachable. Skipping connection attempt.
[2025-02-10T04:04:26.989Z] Device at 10.30.28.23 is not reachable. Skipping connection attempt.
[2025-02-10T04:04:37.016Z] Device at 10.30.28.23 is not reachable. Skipping connection attempt.
[2025-02-10T04:04:47.015Z] Device at 10.30.28.23 is not reachable. Skipping connection attempt.
[2025-02-10T04:04:57.010Z] Device at 10.30.28.23 is not reachable. Skipping connection attempt.
[2025-02-10T04:05:07.026Z] Device at 10.30.28.23 is not reachable. Skipping connection attempt.
[2025-02-10T04:05:17.023Z] Device at 10.30.28.23 is not reachable. Skipping connection attempt.
[2025-02-10T04:05:27.031Z] Device at 10.30.28.23 is not reachable. Skipping connection attempt.
[2025-02-10T04:05:37.045Z] Device at 10.30.28.23 is not reachable. Skipping connection attempt.
[2025-02-10T04:05:47.051Z] Device at 10.30.28.23 is not reachable. Skipping connection attempt.
[2025-02-10T04:05:57.061Z] Device at 10.30.28.23 is not reachable. Skipping connection attempt.
[2025-02-10T04:06:07.067Z] Device at 10.30.28.23 is not reachable. Skipping connection attempt.
[2025-02-10T04:06:17.101Z] Device at 10.30.28.23 is not reachable. Skipping connection attempt.
[2025-02-10T04:06:27.066Z] Device at 10.30.28.23 is not reachable. Skipping connection attempt.
[2025-02-10T04:06:37.085Z] Device at 10.30.28.23 is not reachable. Skipping connection attempt.
[2025-02-10T04:06:47.093Z] Device at 10.30.28.23 is not reachable. Skipping connection attempt.
[2025-02-10T04:06:57.095Z] Device at 10.30.28.23 is not reachable. Skipping connection attempt.
[2025-02-10T04:07:07.110Z] Device at 10.30.28.23 is not reachable. Skipping connection attempt.
[2025-02-10T04:07:17.108Z] Device at 10.30.28.23 is not reachable. Skipping connection attempt.
[2025-02-10T04:07:27.115Z] Device at 10.30.28.23 is not reachable. Skipping connection attempt.
[2025-02-10T04:07:37.115Z] Device at 10.30.28.23 is not reachable. Skipping connection attempt.
[2025-02-10T04:07:47.129Z] Device at 10.30.28.23 is not reachable. Skipping connection attempt.
[2025-02-10T04:07:57.135Z] Device at 10.30.28.23 is not reachable. Skipping connection attempt.
[2025-02-10T04:08:07.143Z] Device at 10.30.28.23 is not reachable. Skipping connection attempt.
[2025-02-10T04:08:17.149Z] Device at 10.30.28.23 is not reachable. Skipping connection attempt.
[2025-02-10T04:08:27.155Z] Device at 10.30.28.23 is not reachable. Skipping connection attempt.
[2025-02-10T04:08:37.162Z] Device at 10.30.28.23 is not reachable. Skipping connection attempt.
[2025-02-10T04:08:47.167Z] Device at 10.30.28.23 is not reachable. Skipping connection attempt.
[2025-02-10T04:08:57.168Z] Device at 10.30.28.23 is not reachable. Skipping connection attempt.
[2025-02-10T04:09:07.170Z] Device at 10.30.28.23 is not reachable. Skipping connection attempt.
[2025-02-10T04:09:17.187Z] Device at 10.30.28.23 is not reachable. Skipping connection attempt.
[2025-02-10T04:09:27.191Z] Device at 10.30.28.23 is not reachable. Skipping connection attempt.
[2025-02-10T04:09:37.188Z] Device at 10.30.28.23 is not reachable. Skipping connection attempt.
[2025-02-10T04:09:47.205Z] Device at 10.30.28.23 is not reachable. Skipping connection attempt.
[2025-02-10T04:09:57.218Z] Device at 10.30.28.23 is not reachable. Skipping connection attempt.
[2025-02-10T04:10:07.230Z] Device at 10.30.28.23 is not reachable. Skipping connection attempt.
[2025-02-10T04:10:17.245Z] Device at 10.30.28.23 is not reachable. Skipping connection attempt.
[2025-02-10T04:10:27.231Z] Device at 10.30.28.23 is not reachable. Skipping connection attempt.
[2025-02-10T04:10:37.236Z] Device at 10.30.28.23 is not reachable. Skipping connection attempt.
[2025-02-10T04:10:47.241Z] Device at 10.30.28.23 is not reachable. Skipping connection attempt.
[2025-02-10T04:10:57.242Z] Device at 10.30.28.23 is not reachable. Skipping connection attempt.
[2025-02-10T04:11:07.278Z] Device at 10.30.28.23 is not reachable. Skipping connection attempt.
[2025-02-10T04:11:17.263Z] Device at 10.30.28.23 is not reachable. Skipping connection attempt.
[2025-02-10T04:11:28.309Z] Device at 10.30.28.23 is not reachable. Skipping connection attempt.
[2025-02-10T04:11:37.267Z] Device at 10.30.28.23 is not reachable. Skipping connection attempt.
[2025-02-10T04:11:47.290Z] Device at 10.30.28.23 is not reachable. Skipping connection attempt.
[2025-02-10T04:11:57.290Z] Device at 10.30.28.23 is not reachable. Skipping connection attempt.
[2025-02-10T04:12:07.310Z] Device at 10.30.28.23 is not reachable. Skipping connection attempt.
[2025-02-10T04:12:17.315Z] Device at 10.30.28.23 is not reachable. Skipping connection attempt.
[2025-02-10T04:12:27.337Z] Device at 10.30.28.23 is not reachable. Skipping connection attempt.
[2025-02-10T04:12:37.334Z] Device at 10.30.28.23 is not reachable. Skipping connection attempt.
[2025-02-10T04:12:47.359Z] Device at 10.30.28.23 is not reachable. Skipping connection attempt.
[2025-02-10T04:12:57.349Z] Device at 10.30.28.23 is not reachable. Skipping connection attempt.
[2025-02-10T04:13:07.353Z] Device at 10.30.28.23 is not reachable. Skipping connection attempt.
[2025-02-10T04:13:17.411Z] Device at 10.30.28.23 is not reachable. Skipping connection attempt.
[2025-02-10T04:13:27.364Z] Device at 10.30.28.23 is not reachable. Skipping connection attempt.
[2025-02-10T04:13:37.371Z] Device at 10.30.28.23 is not reachable. Skipping connection attempt.
[2025-02-10T04:13:47.379Z] Device at 10.30.28.23 is not reachable. Skipping connection attempt.
[2025-02-10T04:13:57.377Z] Device at 10.30.28.23 is not reachable. Skipping connection attempt.
[2025-02-10T04:14:07.402Z] Device at 10.30.28.23 is not reachable. Skipping connection attempt.
[2025-02-10T04:14:17.416Z] Device at 10.30.28.23 is not reachable. Skipping connection attempt.
[2025-02-10T04:14:27.437Z] Device at 10.30.28.23 is not reachable. Skipping connection attempt.
[2025-02-10T04:14:37.447Z] Device at 10.30.28.23 is not reachable. Skipping connection attempt.
[2025-02-10T04:14:47.449Z] Device at 10.30.28.23 is not reachable. Skipping connection attempt.
[2025-02-10T04:14:57.442Z] Device at 10.30.28.23 is not reachable. Skipping connection attempt.
[2025-02-10T04:15:07.449Z] Device at 10.30.28.23 is not reachable. Skipping connection attempt.
[2025-02-10T04:15:17.469Z] Device at 10.30.28.23 is not reachable. Skipping connection attempt.
[2025-02-10T04:15:27.474Z] Device at 10.30.28.23 is not reachable. Skipping connection attempt.
[2025-02-10T04:15:37.489Z] Device at 10.30.28.23 is not reachable. Skipping connection attempt.
[2025-02-10T04:15:47.480Z] Device at 10.30.28.23 is not reachable. Skipping connection attempt.
[2025-02-10T04:15:57.483Z] Device at 10.30.28.23 is not reachable. Skipping connection attempt.
[2025-02-10T04:16:07.488Z] Device at 10.30.28.23 is not reachable. Skipping connection attempt.
[2025-02-10T04:16:17.487Z] Device at 10.30.28.23 is not reachable. Skipping connection attempt.
[2025-02-10T04:16:27.501Z] Device at 10.30.28.23 is not reachable. Skipping connection attempt.
[2025-02-10T04:16:37.502Z] Device at 10.30.28.23 is not reachable. Skipping connection attempt.
[2025-02-10T04:16:47.505Z] Device at 10.30.28.23 is not reachable. Skipping connection attempt.
[2025-02-10T04:16:57.509Z] Device at 10.30.28.23 is not reachable. Skipping connection attempt.
[2025-02-10T04:17:07.510Z] Device at 10.30.28.23 is not reachable. Skipping connection attempt.
[2025-02-10T04:17:17.533Z] Device at 10.30.28.23 is not reachable. Skipping connection attempt.
[2025-02-10T04:17:27.531Z] Device at 10.30.28.23 is not reachable. Skipping connection attempt.
[2025-02-10T04:17:37.577Z] Device at 10.30.28.23 is not reachable. Skipping connection attempt.
[2025-02-10T04:17:47.553Z] Device at 10.30.28.23 is not reachable. Skipping connection attempt.
[2025-02-10T04:17:57.573Z] Device at 10.30.28.23 is not reachable. Skipping connection attempt.
[2025-02-10T04:18:07.587Z] Device at 10.30.28.23 is not reachable. Skipping connection attempt.
[2025-02-10T04:18:17.583Z] Device at 10.30.28.23 is not reachable. Skipping connection attempt.
[2025-02-10T04:18:27.581Z] Device at 10.30.28.23 is not reachable. Skipping connection attempt.
[2025-02-10T04:18:37.606Z] Device at 10.30.28.23 is not reachable. Skipping connection attempt.
[2025-02-10T04:18:47.618Z] Device at 10.30.28.23 is not reachable. Skipping connection attempt.
[2025-02-10T04:18:57.618Z] Device at 10.30.28.23 is not reachable. Skipping connection attempt.
[2025-02-10T04:19:07.637Z] Device at 10.30.28.23 is not reachable. Skipping connection attempt.
[2025-02-10T04:19:17.652Z] Device at 10.30.28.23 is not reachable. Skipping connection attempt.
[2025-02-10T04:19:27.677Z] Device at 10.30.28.23 is not reachable. Skipping connection attempt.
[2025-02-10T04:19:37.675Z] Device at 10.30.28.23 is not reachable. Skipping connection attempt.
[2025-02-10T04:19:47.684Z] Device at 10.30.28.23 is not reachable. Skipping connection attempt.
[2025-02-10T04:19:57.697Z] Device at 10.30.28.23 is not reachable. Skipping connection attempt.
[2025-02-10T04:20:07.706Z] Device at 10.30.28.23 is not reachable. Skipping connection attempt.
[2025-02-10T04:20:17.711Z] Device at 10.30.28.23 is not reachable. Skipping connection attempt.
[2025-02-10T04:20:27.739Z] Device at 10.30.28.23 is not reachable. Skipping connection attempt.
[2025-02-10T04:20:37.724Z] Device at 10.30.28.23 is not reachable. Skipping connection attempt.
[2025-02-10T04:20:47.724Z] Device at 10.30.28.23 is not reachable. Skipping connection attempt.
[2025-02-10T04:20:57.717Z] Device at 10.30.28.23 is not reachable. Skipping connection attempt.
[2025-02-10T04:21:07.745Z] Device at 10.30.28.23 is not reachable. Skipping connection attempt.
[2025-02-10T04:21:17.727Z] Device at 10.30.28.23 is not reachable. Skipping connection attempt.
[2025-02-10T04:21:27.739Z] Device at 10.30.28.23 is not reachable. Skipping connection attempt.
[2025-02-10T04:21:37.732Z] Device at 10.30.28.23 is not reachable. Skipping connection attempt.
[2025-02-10T04:21:47.746Z] Device at 10.30.28.23 is not reachable. Skipping connection attempt.
[2025-02-10T04:21:57.755Z] Device at 10.30.28.23 is not reachable. Skipping connection attempt.
[2025-02-10T04:22:07.763Z] Device at 10.30.28.23 is not reachable. Skipping connection attempt.
[2025-02-10T04:22:17.790Z] Device at 10.30.28.23 is not reachable. Skipping connection attempt.
[2025-02-10T04:22:27.782Z] Device at 10.30.28.23 is not reachable. Skipping connection attempt.
[2025-02-10T04:22:37.799Z] Device at 10.30.28.23 is not reachable. Skipping connection attempt.
[2025-02-10T04:22:47.798Z] Device at 10.30.28.23 is not reachable. Skipping connection attempt.
[2025-02-10T04:22:57.803Z] Device at 10.30.28.23 is not reachable. Skipping connection attempt.
[2025-02-10T04:23:07.820Z] Device at 10.30.28.23 is not reachable. Skipping connection attempt.
[2025-02-10T04:23:17.827Z] Device at 10.30.28.23 is not reachable. Skipping connection attempt.
[2025-02-10T04:23:27.833Z] Device at 10.30.28.23 is not reachable. Skipping connection attempt.
[2025-02-10T04:23:37.840Z] Device at 10.30.28.23 is not reachable. Skipping connection attempt.
[2025-02-10T04:23:47.837Z] Device at 10.30.28.23 is not reachable. Skipping connection attempt.
[2025-02-10T04:23:57.854Z] Device at 10.30.28.23 is not reachable. Skipping connection attempt.
[2025-02-10T04:24:07.858Z] Device at 10.30.28.23 is not reachable. Skipping connection attempt.
[2025-02-10T04:24:17.880Z] Device at 10.30.28.23 is not reachable. Skipping connection attempt.
[2025-02-10T04:24:27.861Z] Device at 10.30.28.23 is not reachable. Skipping connection attempt.
[2025-02-10T04:24:37.879Z] Device at 10.30.28.23 is not reachable. Skipping connection attempt.
[2025-02-10T04:24:47.900Z] Device at 10.30.28.23 is not reachable. Skipping connection attempt.
[2025-02-10T04:24:57.911Z] Device at 10.30.28.23 is not reachable. Skipping connection attempt.
[2025-02-10T04:25:07.907Z] Device at 10.30.28.23 is not reachable. Skipping connection attempt.
[2025-02-10T04:25:17.925Z] Device at 10.30.28.23 is not reachable. Skipping connection attempt.
[2025-02-10T04:25:27.947Z] Device at 10.30.28.23 is not reachable. Skipping connection attempt.
[2025-02-10T04:25:38.925Z] Device at 10.30.28.23 is not reachable. Skipping connection attempt.
[2025-02-10T04:25:47.954Z] Device at 10.30.28.23 is not reachable. Skipping connection attempt.
[2025-02-10T04:25:57.955Z] Device at 10.30.28.23 is not reachable. Skipping connection attempt.
[2025-02-10T04:26:07.967Z] Device at 10.30.28.23 is not reachable. Skipping connection attempt.
[2025-02-10T04:26:17.963Z] Device at 10.30.28.23 is not reachable. Skipping connection attempt.
[2025-02-10T04:26:27.979Z] Device at 10.30.28.23 is not reachable. Skipping connection attempt.
[2025-02-10T04:26:38.008Z] Device at 10.30.28.23 is not reachable. Skipping connection attempt.
[2025-02-10T04:26:48.012Z] Device at 10.30.28.23 is not reachable. Skipping connection attempt.
[2025-02-10T04:26:58.021Z] Device at 10.30.28.23 is not reachable. Skipping connection attempt.
[2025-02-10T04:27:08.035Z] Device at 10.30.28.23 is not reachable. Skipping connection attempt.
[2025-02-10T04:27:18.042Z] Device at 10.30.28.23 is not reachable. Skipping connection attempt.
[2025-02-10T04:27:28.046Z] Device at 10.30.28.23 is not reachable. Skipping connection attempt.
[2025-02-10T04:27:38.044Z] Device at 10.30.28.23 is not reachable. Skipping connection attempt.
[2025-02-10T04:27:48.082Z] Device at 10.30.28.23 is not reachable. Skipping connection attempt.
[2025-02-10T04:27:58.071Z] Device at 10.30.28.23 is not reachable. Skipping connection attempt.
[2025-02-10T04:28:08.073Z] Device at 10.30.28.23 is not reachable. Skipping connection attempt.
[2025-02-10T04:28:18.080Z] Device at 10.30.28.23 is not reachable. Skipping connection attempt.
[2025-02-10T04:28:28.089Z] Device at 10.30.28.23 is not reachable. Skipping connection attempt.
[2025-02-10T04:28:38.102Z] Device at 10.30.28.23 is not reachable. Skipping connection attempt.
[2025-02-10T04:28:48.109Z] Device at 10.30.28.23 is not reachable. Skipping connection attempt.
[2025-02-10T04:28:58.128Z] Device at 10.30.28.23 is not reachable. Skipping connection attempt.
[2025-02-10T04:29:08.143Z] Device at 10.30.28.23 is not reachable. Skipping connection attempt.
[2025-02-10T04:29:20.946Z] Device at 10.30.28.23 is not reachable. Skipping connection attempt.
[2025-02-10T04:29:28.137Z] Device at 10.30.28.23 is not reachable. Skipping connection attempt.
[2025-02-10T04:29:38.163Z] Device at 10.30.28.23 is not reachable. Skipping connection attempt.
[2025-02-10T04:29:48.178Z] Device at 10.30.28.23 is not reachable. Skipping connection attempt.
[2025-02-10T04:29:58.169Z] Device at 10.30.28.23 is not reachable. Skipping connection attempt.
[2025-02-10T04:30:08.185Z] Device at 10.30.28.23 is not reachable. Skipping connection attempt.
[2025-02-10T04:30:18.180Z] Device at 10.30.28.23 is not reachable. Skipping connection attempt.
[2025-02-10T04:30:28.209Z] Device at 10.30.28.23 is not reachable. Skipping connection attempt.
[2025-02-10T04:30:39.152Z] Device at 10.30.28.23 is not reachable. Skipping connection attempt.
[2025-02-10T04:30:48.210Z] Device at 10.30.28.23 is not reachable. Skipping connection attempt.
[2025-02-10T04:30:58.207Z] Device at 10.30.28.23 is not reachable. Skipping connection attempt.
[2025-02-10T04:31:08.212Z] Device at 10.30.28.23 is not reachable. Skipping connection attempt.
[2025-02-10T04:31:18.229Z] Device at 10.30.28.23 is not reachable. Skipping connection attempt.
[2025-02-10T04:31:28.234Z] Device at 10.30.28.23 is not reachable. Skipping connection attempt.
[2025-02-10T04:31:38.231Z] Device at 10.30.28.23 is not reachable. Skipping connection attempt.
[2025-02-10T04:31:48.237Z] Device at 10.30.28.23 is not reachable. Skipping connection attempt.
[2025-02-10T04:31:58.256Z] Device at 10.30.28.23 is not reachable. Skipping connection attempt.
[2025-02-10T04:32:08.263Z] Device at 10.30.28.23 is not reachable. Skipping connection attempt.
[2025-02-10T04:32:18.268Z] Device at 10.30.28.23 is not reachable. Skipping connection attempt.
[2025-02-10T04:32:28.273Z] Device at 10.30.28.23 is not reachable. Skipping connection attempt.
[2025-02-10T04:32:38.279Z] Device at 10.30.28.23 is not reachable. Skipping connection attempt.
[2025-02-10T04:32:48.308Z] Device at 10.30.28.23 is not reachable. Skipping connection attempt.
[2025-02-10T04:32:58.319Z] Device at 10.30.28.23 is not reachable. Skipping connection attempt.
[2025-02-10T04:33:08.346Z] Device at 10.30.28.23 is not reachable. Skipping connection attempt.
[2025-02-10T04:33:18.358Z] Device at 10.30.28.23 is not reachable. Skipping connection attempt.
[2025-02-10T04:33:28.327Z] Device at 10.30.28.23 is not reachable. Skipping connection attempt.
[2025-02-10T04:33:38.353Z] Device at 10.30.28.23 is not reachable. Skipping connection attempt.
[2025-02-10T04:33:48.429Z] Device at 10.30.28.23 is not reachable. Skipping connection attempt.
[2025-02-10T04:33:58.359Z] Device at 10.30.28.23 is not reachable. Skipping connection attempt.
[2025-02-10T04:34:08.366Z] Device at 10.30.28.23 is not reachable. Skipping connection attempt.
[2025-02-10T04:34:18.371Z] Device at 10.30.28.23 is not reachable. Skipping connection attempt.
[2025-02-10T04:34:28.377Z] Device at 10.30.28.23 is not reachable. Skipping connection attempt.
[2025-02-10T04:34:38.394Z] Device at 10.30.28.23 is not reachable. Skipping connection attempt.
[2025-02-10T04:34:48.400Z] Device at 10.30.28.23 is not reachable. Skipping connection attempt.
[2025-02-10T04:34:58.409Z] Device at 10.30.28.23 is not reachable. Skipping connection attempt.
[2025-02-10T04:35:08.417Z] Device at 10.30.28.23 is not reachable. Skipping connection attempt.
[2025-02-10T04:35:18.420Z] Device at 10.30.28.23 is not reachable. Skipping connection attempt.
[2025-02-10T04:35:28.434Z] Device at 10.30.28.23 is not reachable. Skipping connection attempt.
[2025-02-10T04:35:38.454Z] Device at 10.30.28.23 is not reachable. Skipping connection attempt.
[2025-02-10T04:35:48.451Z] Device at 10.30.28.23 is not reachable. Skipping connection attempt.
[2025-02-10T04:35:58.465Z] Device at 10.30.28.23 is not reachable. Skipping connection attempt.
[2025-02-10T04:36:08.473Z] Device at 10.30.28.23 is not reachable. Skipping connection attempt.
[2025-02-10T04:36:20.953Z] Device at 10.30.28.23 is not reachable. Skipping connection attempt.
[2025-02-10T04:36:28.487Z] Device at 10.30.28.23 is not reachable. Skipping connection attempt.
[2025-02-10T04:36:38.504Z] Device at 10.30.28.23 is not reachable. Skipping connection attempt.
[2025-02-10T04:36:48.506Z] Device at 10.30.28.23 is not reachable. Skipping connection attempt.
[2025-02-10T04:36:58.498Z] Device at 10.30.28.23 is not reachable. Skipping connection attempt.
[2025-02-10T04:37:08.532Z] Device at 10.30.28.23 is not reachable. Skipping connection attempt.
[2025-02-10T04:37:18.508Z] Device at 10.30.28.23 is not reachable. Skipping connection attempt.
[2025-02-10T04:37:28.525Z] Device at 10.30.28.23 is not reachable. Skipping connection attempt.
[2025-02-10T04:37:38.557Z] Device at 10.30.28.23 is not reachable. Skipping connection attempt.
[2025-02-10T04:37:48.536Z] Device at 10.30.28.23 is not reachable. Skipping connection attempt.
[2025-02-10T04:37:58.555Z] Device at 10.30.28.23 is not reachable. Skipping connection attempt.
[2025-02-10T04:38:08.561Z] Device at 10.30.28.23 is not reachable. Skipping connection attempt.
[2025-02-10T04:38:18.578Z] Device at 10.30.28.23 is not reachable. Skipping connection attempt.
[2025-02-10T04:38:28.578Z] Device at 10.30.28.23 is not reachable. Skipping connection attempt.
[2025-02-10T04:38:38.591Z] Device at 10.30.28.23 is not reachable. Skipping connection attempt.
[2025-02-10T04:38:48.602Z] Device at 10.30.28.23 is not reachable. Skipping connection attempt.
[2025-02-10T04:38:58.612Z] Device at 10.30.28.23 is not reachable. Skipping connection attempt.
[2025-02-10T04:39:08.611Z] Device at 10.30.28.23 is not reachable. Skipping connection attempt.
[2025-02-10T04:39:18.622Z] Device at 10.30.28.23 is not reachable. Skipping connection attempt.
[2025-02-10T04:39:28.635Z] Device at 10.30.28.23 is not reachable. Skipping connection attempt.
[2025-02-10T04:39:38.641Z] Device at 10.30.28.23 is not reachable. Skipping connection attempt.
[2025-02-10T04:39:48.637Z] Device at 10.30.28.23 is not reachable. Skipping connection attempt.
[2025-02-10T04:39:58.653Z] Device at 10.30.28.23 is not reachable. Skipping connection attempt.
[2025-02-10T04:40:08.668Z] Device at 10.30.28.23 is not reachable. Skipping connection attempt.
[2025-02-10T04:40:18.678Z] Device at 10.30.28.23 is not reachable. Skipping connection attempt.
[2025-02-10T04:40:28.674Z] Device at 10.30.28.23 is not reachable. Skipping connection attempt.
[2025-02-10T04:40:38.688Z] Device at 10.30.28.23 is not reachable. Skipping connection attempt.
[2025-02-10T04:40:48.706Z] Device at 10.30.28.23 is not reachable. Skipping connection attempt.
[2025-02-10T04:41:01.454Z] Device at 10.30.28.23 is not reachable. Skipping connection attempt.
[2025-02-10T04:41:08.709Z] Device at 10.30.28.23 is not reachable. Skipping connection attempt.
[2025-02-10T04:41:18.726Z] Device at 10.30.28.23 is not reachable. Skipping connection attempt.
[2025-02-10T04:41:28.747Z] Device at 10.30.28.23 is not reachable. Skipping connection attempt.
[2025-02-10T04:41:38.759Z] Device at 10.30.28.23 is not reachable. Skipping connection attempt.
[2025-02-10T04:41:48.756Z] Device at 10.30.28.23 is not reachable. Skipping connection attempt.
[2025-02-10T04:41:58.761Z] Device at 10.30.28.23 is not reachable. Skipping connection attempt.
[2025-02-10T04:42:08.771Z] Device at 10.30.28.23 is not reachable. Skipping connection attempt.
[2025-02-10T04:42:18.789Z] Device at 10.30.28.23 is not reachable. Skipping connection attempt.
[2025-02-10T04:42:28.784Z] Device at 10.30.28.23 is not reachable. Skipping connection attempt.
[2025-02-10T04:42:38.790Z] Device at 10.30.28.23 is not reachable. Skipping connection attempt.
[2025-02-10T04:42:48.814Z] Device at 10.30.28.23 is not reachable. Skipping connection attempt.
[2025-02-10T04:42:58.815Z] Device at 10.30.28.23 is not reachable. Skipping connection attempt.
[2025-02-10T04:43:08.821Z] Device at 10.30.28.23 is not reachable. Skipping connection attempt.
[2025-02-10T04:43:18.838Z] Device at 10.30.28.23 is not reachable. Skipping connection attempt.
[2025-02-10T04:43:28.832Z] Device at 10.30.28.23 is not reachable. Skipping connection attempt.
[2025-02-10T04:43:38.829Z] Device at 10.30.28.23 is not reachable. Skipping connection attempt.
[2025-02-10T04:43:48.856Z] Device at 10.30.28.23 is not reachable. Skipping connection attempt.
[2025-02-10T04:43:58.843Z] Device at 10.30.28.23 is not reachable. Skipping connection attempt.
[2025-02-10T04:44:08.869Z] Device at 10.30.28.23 is not reachable. Skipping connection attempt.
[2025-02-10T04:44:18.880Z] Device at 10.30.28.23 is not reachable. Skipping connection attempt.
[2025-02-10T04:44:28.892Z] Device at 10.30.28.23 is not reachable. Skipping connection attempt.
[2025-02-10T04:44:38.881Z] Device at 10.30.28.23 is not reachable. Skipping connection attempt.
[2025-02-10T04:44:48.889Z] Device at 10.30.28.23 is not reachable. Skipping connection attempt.
[2025-02-10T04:44:58.903Z] Device at 10.30.28.23 is not reachable. Skipping connection attempt.
[2025-02-10T04:45:08.927Z] Device at 10.30.28.23 is not reachable. Skipping connection attempt.
[2025-02-10T04:45:18.927Z] Device at 10.30.28.23 is not reachable. Skipping connection attempt.
[2025-02-10T04:45:28.951Z] Device at 10.30.28.23 is not reachable. Skipping connection attempt.
[2025-02-10T04:45:38.969Z] Device at 10.30.28.23 is not reachable. Skipping connection attempt.
[2025-02-10T04:45:48.966Z] Device at 10.30.28.23 is not reachable. Skipping connection attempt.
[2025-02-10T04:45:58.961Z] Device at 10.30.28.23 is not reachable. Skipping connection attempt.
[2025-02-10T04:46:08.981Z] Device at 10.30.28.23 is not reachable. Skipping connection attempt.
[2025-02-10T04:46:18.988Z] Device at 10.30.28.23 is not reachable. Skipping connection attempt.
[2025-02-10T04:46:28.995Z] Device at 10.30.28.23 is not reachable. Skipping connection attempt.
[2025-02-10T04:46:38.989Z] Device at 10.30.28.23 is not reachable. Skipping connection attempt.
[2025-02-10T04:46:48.996Z] Device at 10.30.28.23 is not reachable. Skipping connection attempt.
[2025-02-10T04:46:58.991Z] Device at 10.30.28.23 is not reachable. Skipping connection attempt.
[2025-02-10T04:47:08.990Z] Device at 10.30.28.23 is not reachable. Skipping connection attempt.
[2025-02-10T04:47:19.016Z] Device at 10.30.28.23 is not reachable. Skipping connection attempt.
[2025-02-10T04:47:29.026Z] Device at 10.30.28.23 is not reachable. Skipping connection attempt.
[2025-02-10T04:47:39.029Z] Device at 10.30.28.23 is not reachable. Skipping connection attempt.
[2025-02-10T04:47:49.023Z] Device at 10.30.28.23 is not reachable. Skipping connection attempt.
[2025-02-10T04:47:59.029Z] Device at 10.30.28.23 is not reachable. Skipping connection attempt.
[2025-02-10T04:48:09.026Z] Device at 10.30.28.23 is not reachable. Skipping connection attempt.
[2025-02-10T04:48:19.045Z] Device at 10.30.28.23 is not reachable. Skipping connection attempt.
[2025-02-10T04:48:29.060Z] Device at 10.30.28.23 is not reachable. Skipping connection attempt.
[2025-02-10T04:48:39.045Z] Device at 10.30.28.23 is not reachable. Skipping connection attempt.
[2025-02-10T04:48:49.062Z] Device at 10.30.28.23 is not reachable. Skipping connection attempt.
[2025-02-10T04:48:59.071Z] Device at 10.30.28.23 is not reachable. Skipping connection attempt.
[2025-02-10T04:49:09.078Z] Device at 10.30.28.23 is not reachable. Skipping connection attempt.
[2025-02-10T04:49:19.091Z] Device at 10.30.28.23 is not reachable. Skipping connection attempt.
[2025-02-10T04:49:29.106Z] Device at 10.30.28.23 is not reachable. Skipping connection attempt.
[2025-02-10T04:49:39.107Z] Device at 10.30.28.23 is not reachable. Skipping connection attempt.
[2025-02-10T04:49:49.113Z] Device at 10.30.28.23 is not reachable. Skipping connection attempt.
[2025-02-10T04:49:59.122Z] Device at 10.30.28.23 is not reachable. Skipping connection attempt.
[2025-02-10T04:50:09.138Z] Device at 10.30.28.23 is not reachable. Skipping connection attempt.
[2025-02-10T04:50:19.152Z] Device at 10.30.28.23 is not reachable. Skipping connection attempt.
[2025-02-10T04:50:29.159Z] Device at 10.30.28.23 is not reachable. Skipping connection attempt.
[2025-02-10T04:50:39.195Z] Device at 10.30.28.23 is not reachable. Skipping connection attempt.
[2025-02-10T04:50:49.193Z] Device at 10.30.28.23 is not reachable. Skipping connection attempt.
[2025-02-10T04:50:59.197Z] Device at 10.30.28.23 is not reachable. Skipping connection attempt.
[2025-02-10T04:51:09.195Z] Device at 10.30.28.23 is not reachable. Skipping connection attempt.
[2025-02-10T04:51:19.224Z] Device at 10.30.28.23 is not reachable. Skipping connection attempt.
[2025-02-10T04:51:29.218Z] Device at 10.30.28.23 is not reachable. Skipping connection attempt.
[2025-02-10T04:51:39.237Z] Device at 10.30.28.23 is not reachable. Skipping connection attempt.
[2025-02-10T04:51:49.219Z] Device at 10.30.28.23 is not reachable. Skipping connection attempt.
[2025-02-10T04:51:59.250Z] Device at 10.30.28.23 is not reachable. Skipping connection attempt.
[2025-02-10T04:52:09.243Z] Device at 10.30.28.23 is not reachable. Skipping connection attempt.
[2025-02-10T04:52:19.272Z] Device at 10.30.28.23 is not reachable. Skipping connection attempt.
[2025-02-10T04:52:29.289Z] Device at 10.30.28.23 is not reachable. Skipping connection attempt.
[2025-02-10T04:52:39.295Z] Device at 10.30.28.23 is not reachable. Skipping connection attempt.
[2025-02-10T04:52:49.300Z] Device at 10.30.28.23 is not reachable. Skipping connection attempt.
[2025-02-10T04:52:59.308Z] Device at 10.30.28.23 is not reachable. Skipping connection attempt.
[2025-02-10T04:53:09.313Z] Device at 10.30.28.23 is not reachable. Skipping connection attempt.
[2025-02-10T04:53:19.320Z] Device at 10.30.28.23 is not reachable. Skipping connection attempt.
[2025-02-10T04:53:29.329Z] Device at 10.30.28.23 is not reachable. Skipping connection attempt.
[2025-02-10T04:53:39.354Z] Device at 10.30.28.23 is not reachable. Skipping connection attempt.
[2025-02-10T04:53:49.341Z] Device at 10.30.28.23 is not reachable. Skipping connection attempt.
[2025-02-10T04:53:59.341Z] Device at 10.30.28.23 is not reachable. Skipping connection attempt.
[2025-02-10T04:54:09.363Z] Device at 10.30.28.23 is not reachable. Skipping connection attempt.
[2025-02-10T04:54:19.357Z] Device at 10.30.28.23 is not reachable. Skipping connection attempt.
[2025-02-10T04:54:29.366Z] Device at 10.30.28.23 is not reachable. Skipping connection attempt.
[2025-02-10T04:54:39.374Z] Device at 10.30.28.23 is not reachable. Skipping connection attempt.
[2025-02-10T04:54:49.379Z] Device at 10.30.28.23 is not reachable. Skipping connection attempt.
[2025-02-10T04:54:59.636Z] Device at 10.30.28.23 is not reachable. Skipping connection attempt.
[2025-02-10T04:55:09.392Z] Device at 10.30.28.23 is not reachable. Skipping connection attempt.
[2025-02-10T04:55:19.397Z] Device at 10.30.28.23 is not reachable. Skipping connection attempt.
[2025-02-10T04:55:29.405Z] Device at 10.30.28.23 is not reachable. Skipping connection attempt.
[2025-02-10T04:55:39.429Z] Device at 10.30.28.23 is not reachable. Skipping connection attempt.
[2025-02-10T04:55:49.447Z] Device at 10.30.28.23 is not reachable. Skipping connection attempt.
[2025-02-10T04:55:59.447Z] Device at 10.30.28.23 is not reachable. Skipping connection attempt.
[2025-02-10T04:56:10.361Z] Device at 10.30.28.23 is not reachable. Skipping connection attempt.
[2025-02-10T04:56:19.474Z] Device at 10.30.28.23 is not reachable. Skipping connection attempt.
[2025-02-10T04:56:29.475Z] Device at 10.30.28.23 is not reachable. Skipping connection attempt.
[2025-02-10T04:56:39.483Z] Device at 10.30.28.23 is not reachable. Skipping connection attempt.
[2025-02-10T04:56:49.519Z] Device at 10.30.28.23 is not reachable. Skipping connection attempt.
[2025-02-10T04:56:59.502Z] Device at 10.30.28.23 is not reachable. Skipping connection attempt.
[2025-02-10T04:57:09.504Z] Device at 10.30.28.23 is not reachable. Skipping connection attempt.
[2025-02-10T04:57:19.526Z] Device at 10.30.28.23 is not reachable. Skipping connection attempt.
[2025-02-10T04:57:29.554Z] Device at 10.30.28.23 is not reachable. Skipping connection attempt.
[2025-02-10T04:57:39.561Z] Device at 10.30.28.23 is not reachable. Skipping connection attempt.
[2025-02-10T04:57:49.566Z] Device at 10.30.28.23 is not reachable. Skipping connection attempt.
[2025-02-10T04:57:59.569Z] Device at 10.30.28.23 is not reachable. Skipping connection attempt.
[2025-02-10T04:58:09.609Z] Device at 10.30.28.23 is not reachable. Skipping connection attempt.
[2025-02-10T04:58:19.614Z] Device at 10.30.28.23 is not reachable. Skipping connection attempt.
[2025-02-10T04:58:29.615Z] Device at 10.30.28.23 is not reachable. Skipping connection attempt.
[2025-02-10T04:58:39.609Z] Device at 10.30.28.23 is not reachable. Skipping connection attempt.
[2025-02-10T04:58:49.634Z] Device at 10.30.28.23 is not reachable. Skipping connection attempt.
[2025-02-10T04:58:59.632Z] Device at 10.30.28.23 is not reachable. Skipping connection attempt.
[2025-02-10T04:59:09.648Z] Device at 10.30.28.23 is not reachable. Skipping connection attempt.
[2025-02-10T04:59:19.635Z] Device at 10.30.28.23 is not reachable. Skipping connection attempt.
[2025-02-10T04:59:29.660Z] Device at 10.30.28.23 is not reachable. Skipping connection attempt.
[2025-02-10T04:59:39.705Z] Device at 10.30.28.23 is not reachable. Skipping connection attempt.
[2025-02-10T04:59:49.691Z] Device at 10.30.28.23 is not reachable. Skipping connection attempt.
[2025-02-10T04:59:59.690Z] Device at 10.30.28.23 is not reachable. Skipping connection attempt.
[2025-02-10T05:00:09.708Z] Device at 10.30.28.23 is not reachable. Skipping connection attempt.
[2025-02-10T05:00:19.722Z] Device at 10.30.28.23 is not reachable. Skipping connection attempt.
[2025-02-10T05:00:29.729Z] Device at 10.30.28.23 is not reachable. Skipping connection attempt.
[2025-02-10T05:00:39.726Z] Device at 10.30.28.23 is not reachable. Skipping connection attempt.
[2025-02-10T05:00:49.743Z] Device at 10.30.28.23 is not reachable. Skipping connection attempt.
[2025-02-10T05:00:59.760Z] Device at 10.30.28.23 is not reachable. Skipping connection attempt.
[2025-02-10T05:01:09.758Z] Device at 10.30.28.23 is not reachable. Skipping connection attempt.
[2025-02-10T05:01:19.763Z] Device at 10.30.28.23 is not reachable. Skipping connection attempt.
[2025-02-10T05:01:29.782Z] Device at 10.30.28.23 is not reachable. Skipping connection attempt.
[2025-02-10T05:01:39.800Z] Device at 10.30.28.23 is not reachable. Skipping connection attempt.
[2025-02-10T05:01:49.789Z] Device at 10.30.28.23 is not reachable. Skipping connection attempt.
[2025-02-10T05:01:59.790Z] Device at 10.30.28.23 is not reachable. Skipping connection attempt.
[2025-02-10T05:02:09.807Z] Device at 10.30.28.23 is not reachable. Skipping connection attempt.
[2025-02-10T05:02:19.819Z] Device at 10.30.28.23 is not reachable. Skipping connection attempt.
[2025-02-10T05:02:29.840Z] Device at 10.30.28.23 is not reachable. Skipping connection attempt.
[2025-02-10T05:02:39.848Z] Device at 10.30.28.23 is not reachable. Skipping connection attempt.
[2025-02-10T05:02:49.850Z] Device at 10.30.28.23 is not reachable. Skipping connection attempt.
[2025-02-10T05:02:59.859Z] Device at 10.30.28.23 is not reachable. Skipping connection attempt.
[2025-02-10T05:03:09.864Z] Device at 10.30.28.23 is not reachable. Skipping connection attempt.
[2025-02-10T05:03:19.870Z] Device at 10.30.28.23 is not reachable. Skipping connection attempt.
[2025-02-10T05:03:29.876Z] Device at 10.30.28.23 is not reachable. Skipping connection attempt.
[2025-02-10T05:03:39.904Z] Device at 10.30.28.23 is not reachable. Skipping connection attempt.
[2025-02-10T05:03:49.901Z] Device at 10.30.28.23 is not reachable. Skipping connection attempt.
[2025-02-10T05:03:59.916Z] Device at 10.30.28.23 is not reachable. Skipping connection attempt.
[2025-02-10T05:04:09.921Z] Device at 10.30.28.23 is not reachable. Skipping connection attempt.
[2025-02-10T05:04:19.924Z] Device at 10.30.28.23 is not reachable. Skipping connection attempt.
[2025-02-10T05:04:29.905Z] Device at 10.30.28.23 is not reachable. Skipping connection attempt.
[2025-02-10T05:04:39.925Z] Device at 10.30.28.23 is not reachable. Skipping connection attempt.
[2025-02-10T05:04:49.920Z] Device at 10.30.28.23 is not reachable. Skipping connection attempt.
[2025-02-10T05:04:59.945Z] Device at 10.30.28.23 is not reachable. Skipping connection attempt.
[2025-02-10T05:05:09.968Z] Device at 10.30.28.23 is not reachable. Skipping connection attempt.
[2025-02-10T05:05:19.967Z] Device at 10.30.28.23 is not reachable. Skipping connection attempt.
[2025-02-10T05:05:29.963Z] Device at 10.30.28.23 is not reachable. Skipping connection attempt.
[2025-02-10T05:05:39.978Z] Device at 10.30.28.23 is not reachable. Skipping connection attempt.
[2025-02-10T05:05:49.996Z] Device at 10.30.28.23 is not reachable. Skipping connection attempt.
[2025-02-10T05:05:59.987Z] Device at 10.30.28.23 is not reachable. Skipping connection attempt.
[2025-02-10T05:06:10.024Z] Device at 10.30.28.23 is not reachable. Skipping connection attempt.
[2025-02-10T05:06:19.991Z] Device at 10.30.28.23 is not reachable. Skipping connection attempt.
[2025-02-10T05:06:30.068Z] Device at 10.30.28.23 is not reachable. Skipping connection attempt.
[2025-02-10T05:06:40.095Z] Device at 10.30.28.23 is not reachable. Skipping connection attempt.
[2025-02-10T05:06:50.040Z] Device at 10.30.28.23 is not reachable. Skipping connection attempt.
[2025-02-10T05:07:00.044Z] Device at 10.30.28.23 is not reachable. Skipping connection attempt.
[2025-02-10T05:07:10.059Z] Device at 10.30.28.23 is not reachable. Skipping connection attempt.
[2025-02-10T05:07:20.067Z] Device at 10.30.28.23 is not reachable. Skipping connection attempt.
[2025-02-10T05:07:30.076Z] Device at 10.30.28.23 is not reachable. Skipping connection attempt.
[2025-02-10T05:07:40.079Z] Device at 10.30.28.23 is not reachable. Skipping connection attempt.
[2025-02-10T05:07:50.086Z] Device at 10.30.28.23 is not reachable. Skipping connection attempt.
[2025-02-10T05:08:00.099Z] Device at 10.30.28.23 is not reachable. Skipping connection attempt.
[2025-02-10T05:08:10.089Z] Device at 10.30.28.23 is not reachable. Skipping connection attempt.
[2025-02-10T05:08:20.103Z] Device at 10.30.28.23 is not reachable. Skipping connection attempt.
[2025-02-10T05:08:30.131Z] Device at 10.30.28.23 is not reachable. Skipping connection attempt.
[2025-02-10T05:08:40.134Z] Device at 10.30.28.23 is not reachable. Skipping connection attempt.
[2025-02-10T05:08:50.144Z] Device at 10.30.28.23 is not reachable. Skipping connection attempt.
[2025-02-10T05:09:00.127Z] Device at 10.30.28.23 is not reachable. Skipping connection attempt.
[2025-02-10T05:09:10.153Z] Device at 10.30.28.23 is not reachable. Skipping connection attempt.
[2025-02-10T05:09:20.155Z] Device at 10.30.28.23 is not reachable. Skipping connection attempt.
[2025-02-10T05:09:30.146Z] Device at 10.30.28.23 is not reachable. Skipping connection attempt.
[2025-02-10T05:09:40.158Z] Device at 10.30.28.23 is not reachable. Skipping connection attempt.
[2025-02-10T05:09:50.176Z] Device at 10.30.28.23 is not reachable. Skipping connection attempt.
[2025-02-10T05:10:00.179Z] Device at 10.30.28.23 is not reachable. Skipping connection attempt.
[2025-02-10T05:10:10.186Z] Device at 10.30.28.23 is not reachable. Skipping connection attempt.
[2025-02-10T05:10:20.197Z] Device at 10.30.28.23 is not reachable. Skipping connection attempt.
[2025-02-10T05:10:30.195Z] Device at 10.30.28.23 is not reachable. Skipping connection attempt.
[2025-02-10T05:10:40.217Z] Device at 10.30.28.23 is not reachable. Skipping connection attempt.
[2025-02-10T05:10:50.245Z] Device at 10.30.28.23 is not reachable. Skipping connection attempt.
[2025-02-10T05:11:00.229Z] Device at 10.30.28.23 is not reachable. Skipping connection attempt.
[2025-02-10T05:11:10.245Z] Device at 10.30.28.23 is not reachable. Skipping connection attempt.
[2025-02-10T05:11:20.241Z] Device at 10.30.28.23 is not reachable. Skipping connection attempt.
[2025-02-10T05:11:30.247Z] Device at 10.30.28.23 is not reachable. Skipping connection attempt.
[2025-02-10T05:11:40.234Z] Device at 10.30.28.23 is not reachable. Skipping connection attempt.
[2025-02-10T05:11:50.261Z] Device at 10.30.28.23 is not reachable. Skipping connection attempt.
[2025-02-10T05:12:00.253Z] Device at 10.30.28.23 is not reachable. Skipping connection attempt.
[2025-02-10T05:12:10.270Z] Device at 10.30.28.23 is not reachable. Skipping connection attempt.
[2025-02-10T05:12:20.270Z] Device at 10.30.28.23 is not reachable. Skipping connection attempt.
[2025-02-10T05:12:30.297Z] Device at 10.30.28.23 is not reachable. Skipping connection attempt.
[2025-02-10T05:12:40.292Z] Device at 10.30.28.23 is not reachable. Skipping connection attempt.
[2025-02-10T05:12:50.308Z] Device at 10.30.28.23 is not reachable. Skipping connection attempt.
[2025-02-10T05:13:00.322Z] Device at 10.30.28.23 is not reachable. Skipping connection attempt.
[2025-02-10T05:13:10.345Z] Device at 10.30.28.23 is not reachable. Skipping connection attempt.
[2025-02-10T05:13:20.325Z] Device at 10.30.28.23 is not reachable. Skipping connection attempt.
[2025-02-10T05:13:30.331Z] Device at 10.30.28.23 is not reachable. Skipping connection attempt.
[2025-02-10T05:13:40.334Z] Device at 10.30.28.23 is not reachable. Skipping connection attempt.
[2025-02-10T05:13:50.343Z] Device at 10.30.28.23 is not reachable. Skipping connection attempt.
[2025-02-10T05:14:00.346Z] Device at 10.30.28.23 is not reachable. Skipping connection attempt.
[2025-02-10T05:14:10.366Z] Device at 10.30.28.23 is not reachable. Skipping connection attempt.
[2025-02-10T05:14:20.382Z] Device at 10.30.28.23 is not reachable. Skipping connection attempt.
[2025-02-10T05:14:30.375Z] Device at 10.30.28.23 is not reachable. Skipping connection attempt.
[2025-02-10T05:14:40.409Z] Device at 10.30.28.23 is not reachable. Skipping connection attempt.
[2025-02-10T05:14:50.409Z] Device at 10.30.28.23 is not reachable. Skipping connection attempt.
[2025-02-10T05:15:00.428Z] Device at 10.30.28.23 is not reachable. Skipping connection attempt.
[2025-02-10T05:15:10.443Z] Device at 10.30.28.23 is not reachable. Skipping connection attempt.
[2025-02-10T05:15:20.455Z] Device at 10.30.28.23 is not reachable. Skipping connection attempt.
[2025-02-10T05:15:30.474Z] Device at 10.30.28.23 is not reachable. Skipping connection attempt.
[2025-02-10T05:15:40.460Z] Device at 10.30.28.23 is not reachable. Skipping connection attempt.
[2025-02-10T05:15:50.480Z] Device at 10.30.28.23 is not reachable. Skipping connection attempt.
[2025-02-10T05:16:00.462Z] Device at 10.30.28.23 is not reachable. Skipping connection attempt.
[2025-02-10T05:16:10.489Z] Device at 10.30.28.23 is not reachable. Skipping connection attempt.
[2025-02-10T05:16:20.506Z] Device at 10.30.28.23 is not reachable. Skipping connection attempt.
[2025-02-10T05:16:30.503Z] Device at 10.30.28.23 is not reachable. Skipping connection attempt.
[2025-02-10T05:16:40.564Z] Device at 10.30.28.23 is not reachable. Skipping connection attempt.
[2025-02-10T05:16:50.517Z] Device at 10.30.28.23 is not reachable. Skipping connection attempt.
[2025-02-10T05:17:00.530Z] Device at 10.30.28.23 is not reachable. Skipping connection attempt.
[2025-02-10T05:17:10.547Z] Device at 10.30.28.23 is not reachable. Skipping connection attempt.
[2025-02-10T05:17:20.532Z] Device at 10.30.28.23 is not reachable. Skipping connection attempt.
[2025-02-10T05:17:30.549Z] Device at 10.30.28.23 is not reachable. Skipping connection attempt.
[2025-02-10T05:17:40.545Z] Device at 10.30.28.23 is not reachable. Skipping connection attempt.
[2025-02-10T05:17:50.549Z] Device at 10.30.28.23 is not reachable. Skipping connection attempt.
[2025-02-10T05:18:00.568Z] Device at 10.30.28.23 is not reachable. Skipping connection attempt.
[2025-02-10T05:18:10.571Z] Device at 10.30.28.23 is not reachable. Skipping connection attempt.
[2025-02-10T05:18:20.580Z] Device at 10.30.28.23 is not reachable. Skipping connection attempt.
[2025-02-10T05:18:30.595Z] Device at 10.30.28.23 is not reachable. Skipping connection attempt.
[2025-02-10T05:18:40.598Z] Device at 10.30.28.23 is not reachable. Skipping connection attempt.
[2025-02-10T05:18:50.606Z] Device at 10.30.28.23 is not reachable. Skipping connection attempt.
[2025-02-10T05:19:00.625Z] Device at 10.30.28.23 is not reachable. Skipping connection attempt.
[2025-02-10T05:19:10.622Z] Device at 10.30.28.23 is not reachable. Skipping connection attempt.
[2025-02-10T05:19:20.635Z] Device at 10.30.28.23 is not reachable. Skipping connection attempt.
[2025-02-10T05:19:30.654Z] Device at 10.30.28.23 is not reachable. Skipping connection attempt.
[2025-02-10T05:19:40.671Z] Device at 10.30.28.23 is not reachable. Skipping connection attempt.
[2025-02-10T05:19:50.666Z] Device at 10.30.28.23 is not reachable. Skipping connection attempt.
[2025-02-10T05:20:00.700Z] Device at 10.30.28.23 is not reachable. Skipping connection attempt.
[2025-02-10T05:20:10.687Z] Device at 10.30.28.23 is not reachable. Skipping connection attempt.
[2025-02-10T05:20:20.724Z] Device at 10.30.28.23 is not reachable. Skipping connection attempt.
[2025-02-10T05:20:30.733Z] Device at 10.30.28.23 is not reachable. Skipping connection attempt.
[2025-02-10T05:20:40.747Z] Device at 10.30.28.23 is not reachable. Skipping connection attempt.
[2025-02-10T05:20:50.753Z] Device at 10.30.28.23 is not reachable. Skipping connection attempt.
[2025-02-10T05:21:00.748Z] Device at 10.30.28.23 is not reachable. Skipping connection attempt.
[2025-02-10T05:21:10.746Z] Device at 10.30.28.23 is not reachable. Skipping connection attempt.
[2025-02-10T05:21:20.762Z] Device at 10.30.28.23 is not reachable. Skipping connection attempt.
[2025-02-10T05:21:30.747Z] Device at 10.30.28.23 is not reachable. Skipping connection attempt.
[2025-02-10T05:21:40.775Z] Device at 10.30.28.23 is not reachable. Skipping connection attempt.
[2025-02-10T05:21:50.784Z] Device at 10.30.28.23 is not reachable. Skipping connection attempt.
[2025-02-10T05:22:00.776Z] Device at 10.30.28.23 is not reachable. Skipping connection attempt.
[2025-02-10T05:22:10.785Z] Device at 10.30.28.23 is not reachable. Skipping connection attempt.
[2025-02-10T05:22:20.802Z] Device at 10.30.28.23 is not reachable. Skipping connection attempt.
[2025-02-10T05:22:30.799Z] Device at 10.30.28.23 is not reachable. Skipping connection attempt.
[2025-02-10T05:22:40.817Z] Device at 10.30.28.23 is not reachable. Skipping connection attempt.
[2025-02-10T05:22:50.809Z] Device at 10.30.28.23 is not reachable. Skipping connection attempt.
[2025-02-10T05:23:00.824Z] Device at 10.30.28.23 is not reachable. Skipping connection attempt.
[2025-02-10T05:23:10.821Z] Device at 10.30.28.23 is not reachable. Skipping connection attempt.
[2025-02-10T05:23:20.838Z] Device at 10.30.28.23 is not reachable. Skipping connection attempt.
[2025-02-10T05:23:30.844Z] Device at 10.30.28.23 is not reachable. Skipping connection attempt.
[2025-02-10T05:23:40.832Z] Device at 10.30.28.23 is not reachable. Skipping connection attempt.
[2025-02-10T05:23:50.849Z] Device at 10.30.28.23 is not reachable. Skipping connection attempt.
[2025-02-10T05:24:00.853Z] Device at 10.30.28.23 is not reachable. Skipping connection attempt.
[2025-02-10T05:24:10.869Z] Device at 10.30.28.23 is not reachable. Skipping connection attempt.
[2025-02-10T05:24:20.865Z] Device at 10.30.28.23 is not reachable. Skipping connection attempt.
[2025-02-10T05:24:30.884Z] Device at 10.30.28.23 is not reachable. Skipping connection attempt.
[2025-02-10T05:24:40.890Z] Device at 10.30.28.23 is not reachable. Skipping connection attempt.
[2025-02-10T05:24:50.977Z] Device at 10.30.28.23 is not reachable. Skipping connection attempt.
[2025-02-10T05:25:00.893Z] Device at 10.30.28.23 is not reachable. Skipping connection attempt.
[2025-02-10T05:25:10.917Z] Device at 10.30.28.23 is not reachable. Skipping connection attempt.
[2025-02-10T05:25:20.935Z] Device at 10.30.28.23 is not reachable. Skipping connection attempt.
[2025-02-10T05:25:30.939Z] Device at 10.30.28.23 is not reachable. Skipping connection attempt.
[2025-02-10T05:25:40.945Z] Device at 10.30.28.23 is not reachable. Skipping connection attempt.
[2025-02-10T05:25:50.964Z] Device at 10.30.28.23 is not reachable. Skipping connection attempt.
[2025-02-10T05:26:00.945Z] Device at 10.30.28.23 is not reachable. Skipping connection attempt.
[2025-02-10T05:26:10.945Z] Device at 10.30.28.23 is not reachable. Skipping connection attempt.
[2025-02-10T05:26:20.980Z] Device at 10.30.28.23 is not reachable. Skipping connection attempt.
[2025-02-10T05:26:30.989Z] Device at 10.30.28.23 is not reachable. Skipping connection attempt.
[2025-02-10T05:26:41.024Z] Device at 10.30.28.23 is not reachable. Skipping connection attempt.
[2025-02-10T05:26:50.991Z] Device at 10.30.28.23 is not reachable. Skipping connection attempt.
[2025-02-10T05:27:01.017Z] Device at 10.30.28.23 is not reachable. Skipping connection attempt.
[2025-02-10T05:27:11.022Z] Device at 10.30.28.23 is not reachable. Skipping connection attempt.
[2025-02-10T05:27:21.029Z] Device at 10.30.28.23 is not reachable. Skipping connection attempt.
[2025-02-10T05:27:31.047Z] Device at 10.30.28.23 is not reachable. Skipping connection attempt.
[2025-02-10T05:27:41.054Z] Device at 10.30.28.23 is not reachable. Skipping connection attempt.
[2025-02-10T05:27:51.061Z] Device at 10.30.28.23 is not reachable. Skipping connection attempt.
[2025-02-10T05:28:01.088Z] Device at 10.30.28.23 is not reachable. Skipping connection attempt.
[2025-02-10T05:28:11.071Z] Device at 10.30.28.23 is not reachable. Skipping connection attempt.
[2025-02-10T05:28:21.079Z] Device at 10.30.28.23 is not reachable. Skipping connection attempt.
[2025-02-10T05:28:31.092Z] Device at 10.30.28.23 is not reachable. Skipping connection attempt.
[2025-02-10T05:28:41.088Z] Device at 10.30.28.23 is not reachable. Skipping connection attempt.
[2025-02-10T05:28:51.110Z] Device at 10.30.28.23 is not reachable. Skipping connection attempt.
[2025-02-10T05:29:01.103Z] Device at 10.30.28.23 is not reachable. Skipping connection attempt.
[2025-02-10T05:29:11.123Z] Device at 10.30.28.23 is not reachable. Skipping connection attempt.
[2025-02-10T05:29:21.116Z] Device at 10.30.28.23 is not reachable. Skipping connection attempt.
[2025-02-10T05:29:31.204Z] Device at 10.30.28.23 is not reachable. Skipping connection attempt.
[2025-02-10T05:29:41.139Z] Device at 10.30.28.23 is not reachable. Skipping connection attempt.
[2025-02-10T05:29:51.142Z] Device at 10.30.28.23 is not reachable. Skipping connection attempt.
[2025-02-10T05:30:01.143Z] Device at 10.30.28.23 is not reachable. Skipping connection attempt.
[2025-02-10T05:30:11.128Z] Device at 10.30.28.23 is not reachable. Skipping connection attempt.
[2025-02-10T05:30:21.145Z] Device at 10.30.28.23 is not reachable. Skipping connection attempt.
[2025-02-10T05:30:31.151Z] Device at 10.30.28.23 is not reachable. Skipping connection attempt.
[2025-02-10T05:30:41.164Z] Device at 10.30.28.23 is not reachable. Skipping connection attempt.
[2025-02-10T05:30:51.184Z] Device at 10.30.28.23 is not reachable. Skipping connection attempt.
[2025-02-10T05:31:01.186Z] Device at 10.30.28.23 is not reachable. Skipping connection attempt.
[2025-02-10T05:31:13.917Z] Device at 10.30.28.23 is not reachable. Skipping connection attempt.
[2025-02-10T05:31:21.193Z] Device at 10.30.28.23 is not reachable. Skipping connection attempt.
[2025-02-10T05:31:31.198Z] Device at 10.30.28.23 is not reachable. Skipping connection attempt.
[2025-02-10T05:31:41.213Z] Device at 10.30.28.23 is not reachable. Skipping connection attempt.
[2025-02-10T05:31:51.231Z] Device at 10.30.28.23 is not reachable. Skipping connection attempt.
[2025-02-10T05:32:01.239Z] Device at 10.30.28.23 is not reachable. Skipping connection attempt.
[2025-02-10T05:32:11.237Z] Device at 10.30.28.23 is not reachable. Skipping connection attempt.
[2025-02-10T05:32:21.243Z] Device at 10.30.28.23 is not reachable. Skipping connection attempt.
[2025-02-10T05:32:31.257Z] Device at 10.30.28.23 is not reachable. Skipping connection attempt.
[2025-02-10T05:32:41.244Z] Device at 10.30.28.23 is not reachable. Skipping connection attempt.
[2025-02-10T05:32:51.262Z] Device at 10.30.28.23 is not reachable. Skipping connection attempt.
[2025-02-10T05:33:01.267Z] Device at 10.30.28.23 is not reachable. Skipping connection attempt.
[2025-02-10T05:33:11.282Z] Device at 10.30.28.23 is not reachable. Skipping connection attempt.
[2025-02-10T05:33:21.288Z] Device at 10.30.28.23 is not reachable. Skipping connection attempt.
[2025-02-10T05:33:31.293Z] Device at 10.30.28.23 is not reachable. Skipping connection attempt.
[2025-02-10T05:33:41.298Z] Device at 10.30.28.23 is not reachable. Skipping connection attempt.
[2025-02-10T05:33:51.297Z] Device at 10.30.28.23 is not reachable. Skipping connection attempt.
[2025-02-10T05:34:02.293Z] Device at 10.30.28.23 is not reachable. Skipping connection attempt.
[2025-02-10T05:34:13.917Z] Device at 10.30.28.23 is not reachable. Skipping connection attempt.
[2025-02-10T05:34:22.277Z] Device at 10.30.28.23 is not reachable. Skipping connection attempt.
[2025-02-10T05:34:32.283Z] Device at 10.30.28.23 is not reachable. Skipping connection attempt.
[2025-02-10T05:34:42.291Z] Device at 10.30.28.23 is not reachable. Skipping connection attempt.
[2025-02-10T05:34:52.293Z] Device at 10.30.28.23 is not reachable. Skipping connection attempt.
[2025-02-10T05:35:02.314Z] Device at 10.30.28.23 is not reachable. Skipping connection attempt.
[2025-02-10T05:35:12.303Z] Device at 10.30.28.23 is not reachable. Skipping connection attempt.
[2025-02-10T05:35:22.308Z] Device at 10.30.28.23 is not reachable. Skipping connection attempt.
[2025-02-10T05:35:32.300Z] Device at 10.30.28.23 is not reachable. Skipping connection attempt.
[2025-02-10T05:35:42.319Z] Device at 10.30.28.23 is not reachable. Skipping connection attempt.
[2025-02-10T05:35:52.322Z] Device at 10.30.28.23 is not reachable. Skipping connection attempt.
[2025-02-10T05:36:02.328Z] Device at 10.30.28.23 is not reachable. Skipping connection attempt.
[2025-02-10T05:36:12.345Z] Device at 10.30.28.23 is not reachable. Skipping connection attempt.
[2025-02-10T05:36:22.354Z] Device at 10.30.28.23 is not reachable. Skipping connection attempt.
[2025-02-10T05:36:32.352Z] Device at 10.30.28.23 is not reachable. Skipping connection attempt.
[2025-02-10T05:36:42.367Z] Device at 10.30.28.23 is not reachable. Skipping connection attempt.
[2025-02-10T05:36:52.373Z] Device at 10.30.28.23 is not reachable. Skipping connection attempt.
[2025-02-10T05:37:02.381Z] Device at 10.30.28.23 is not reachable. Skipping connection attempt.
[2025-02-10T05:37:12.373Z] Device at 10.30.28.23 is not reachable. Skipping connection attempt.
[2025-02-10T05:37:22.389Z] Device at 10.30.28.23 is not reachable. Skipping connection attempt.
[2025-02-10T05:37:32.407Z] Device at 10.30.28.23 is not reachable. Skipping connection attempt.
[2025-02-10T05:37:42.415Z] Device at 10.30.28.23 is not reachable. Skipping connection attempt.
[2025-02-10T05:37:52.423Z] Device at 10.30.28.23 is not reachable. Skipping connection attempt.
[2025-02-10T05:38:02.436Z] Device at 10.30.28.23 is not reachable. Skipping connection attempt.
[2025-02-10T05:38:12.430Z] Device at 10.30.28.23 is not reachable. Skipping connection attempt.
[2025-02-10T05:38:22.437Z] Device at 10.30.28.23 is not reachable. Skipping connection attempt.
[2025-02-10T05:38:32.468Z] Device at 10.30.28.23 is not reachable. Skipping connection attempt.
[2025-02-10T05:38:42.462Z] Device at 10.30.28.23 is not reachable. Skipping connection attempt.
[2025-02-10T05:38:52.469Z] Device at 10.30.28.23 is not reachable. Skipping connection attempt.
[2025-02-10T05:39:02.476Z] Device at 10.30.28.23 is not reachable. Skipping connection attempt.
[2025-02-10T05:39:12.492Z] Device at 10.30.28.23 is not reachable. Skipping connection attempt.
[2025-02-10T05:39:22.499Z] Device at 10.30.28.23 is not reachable. Skipping connection attempt.
[2025-02-10T05:39:32.502Z] Device at 10.30.28.23 is not reachable. Skipping connection attempt.
[2025-02-10T05:39:42.502Z] Device at 10.30.28.23 is not reachable. Skipping connection attempt.
[2025-02-10T05:39:52.510Z] Device at 10.30.28.23 is not reachable. Skipping connection attempt.
[2025-02-10T05:40:02.517Z] Device at 10.30.28.23 is not reachable. Skipping connection attempt.
[2025-02-10T05:40:12.522Z] Device at 10.30.28.23 is not reachable. Skipping connection attempt.
[2025-02-10T05:40:22.531Z] Device at 10.30.28.23 is not reachable. Skipping connection attempt.
[2025-02-10T05:40:32.544Z] Device at 10.30.28.23 is not reachable. Skipping connection attempt.
[2025-02-10T05:40:42.550Z] Device at 10.30.28.23 is not reachable. Skipping connection attempt.
[2025-02-10T05:40:52.557Z] Device at 10.30.28.23 is not reachable. Skipping connection attempt.
[2025-02-10T05:41:02.566Z] Device at 10.30.28.23 is not reachable. Skipping connection attempt.
[2025-02-10T05:41:12.580Z] Device at 10.30.28.23 is not reachable. Skipping connection attempt.
[2025-02-10T05:41:22.588Z] Device at 10.30.28.23 is not reachable. Skipping connection attempt.
[2025-02-10T05:41:32.593Z] Device at 10.30.28.23 is not reachable. Skipping connection attempt.
[2025-02-10T05:41:42.599Z] Device at 10.30.28.23 is not reachable. Skipping connection attempt.
[2025-02-10T05:41:52.595Z] Device at 10.30.28.23 is not reachable. Skipping connection attempt.
[2025-02-10T05:42:02.604Z] Device at 10.30.28.23 is not reachable. Skipping connection attempt.
[2025-02-10T05:42:12.612Z] Device at 10.30.28.23 is not reachable. Skipping connection attempt.
[2025-02-10T05:42:22.625Z] Device at 10.30.28.23 is not reachable. Skipping connection attempt.
[2025-02-10T05:42:32.635Z] Device at 10.30.28.23 is not reachable. Skipping connection attempt.
[2025-02-10T05:42:42.639Z] Device at 10.30.28.23 is not reachable. Skipping connection attempt.
[2025-02-10T05:42:52.635Z] Device at 10.30.28.23 is not reachable. Skipping connection attempt.
[2025-02-10T05:43:02.641Z] Device at 10.30.28.23 is not reachable. Skipping connection attempt.
[2025-02-10T05:43:12.661Z] Device at 10.30.28.23 is not reachable. Skipping connection attempt.
[2025-02-10T05:43:22.669Z] Device at 10.30.28.23 is not reachable. Skipping connection attempt.
[2025-02-10T05:43:32.674Z] Device at 10.30.28.23 is not reachable. Skipping connection attempt.
[2025-02-10T05:43:42.680Z] Device at 10.30.28.23 is not reachable. Skipping connection attempt.
[2025-02-10T05:43:52.698Z] Device at 10.30.28.23 is not reachable. Skipping connection attempt.
[2025-02-10T05:44:02.703Z] Device at 10.30.28.23 is not reachable. Skipping connection attempt.
[2025-02-10T05:44:12.708Z] Device at 10.30.28.23 is not reachable. Skipping connection attempt.
[2025-02-10T05:44:22.728Z] Device at 10.30.28.23 is not reachable. Skipping connection attempt.
[2025-02-10T05:44:32.745Z] Device at 10.30.28.23 is not reachable. Skipping connection attempt.
[2025-02-10T05:44:42.749Z] Device at 10.30.28.23 is not reachable. Skipping connection attempt.
[2025-02-10T05:44:52.755Z] Device at 10.30.28.23 is not reachable. Skipping connection attempt.
[2025-02-10T05:45:02.760Z] Device at 10.30.28.23 is not reachable. Skipping connection attempt.
[2025-02-10T05:45:12.769Z] Device at 10.30.28.23 is not reachable. Skipping connection attempt.
[2025-02-10T05:45:22.785Z] Device at 10.30.28.23 is not reachable. Skipping connection attempt.
[2025-02-10T05:45:32.781Z] Device at 10.30.28.23 is not reachable. Skipping connection attempt.
[2025-02-10T05:45:42.790Z] Device at 10.30.28.23 is not reachable. Skipping connection attempt.
[2025-02-10T05:45:52.806Z] Device at 10.30.28.23 is not reachable. Skipping connection attempt.
[2025-02-10T05:46:02.823Z] Device at 10.30.28.23 is not reachable. Skipping connection attempt.
[2025-02-10T05:46:12.832Z] Device at 10.30.28.23 is not reachable. Skipping connection attempt.
[2025-02-10T05:46:22.854Z] Device at 10.30.28.23 is not reachable. Skipping connection attempt.
[2025-02-10T05:46:32.851Z] Device at 10.30.28.23 is not reachable. Skipping connection attempt.
[2025-02-10T05:46:42.851Z] Device at 10.30.28.23 is not reachable. Skipping connection attempt.
[2025-02-10T05:46:52.863Z] Device at 10.30.28.23 is not reachable. Skipping connection attempt.
[2025-02-10T05:47:02.885Z] Device at 10.30.28.23 is not reachable. Skipping connection attempt.
[2025-02-10T05:47:12.877Z] Device at 10.30.28.23 is not reachable. Skipping connection attempt.
[2025-02-10T05:47:22.884Z] Device at 10.30.28.23 is not reachable. Skipping connection attempt.
[2025-02-10T05:47:32.889Z] Device at 10.30.28.23 is not reachable. Skipping connection attempt.
[2025-02-10T05:47:42.896Z] Device at 10.30.28.23 is not reachable. Skipping connection attempt.
[2025-02-10T05:47:52.935Z] Device at 10.30.28.23 is not reachable. Skipping connection attempt.
[2025-02-10T05:48:02.909Z] Device at 10.30.28.23 is not reachable. Skipping connection attempt.
[2025-02-10T05:48:12.906Z] Device at 10.30.28.23 is not reachable. Skipping connection attempt.
[2025-02-10T05:48:22.923Z] Device at 10.30.28.23 is not reachable. Skipping connection attempt.
[2025-02-10T05:48:32.941Z] Device at 10.30.28.23 is not reachable. Skipping connection attempt.
[2025-02-10T05:48:42.944Z] Device at 10.30.28.23 is not reachable. Skipping connection attempt.
[2025-02-10T05:48:52.952Z] Device at 10.30.28.23 is not reachable. Skipping connection attempt.
[2025-02-10T05:49:02.979Z] Device at 10.30.28.23 is not reachable. Skipping connection attempt.
[2025-02-10T05:49:12.986Z] Device at 10.30.28.23 is not reachable. Skipping connection attempt.
[2025-02-10T05:49:22.981Z] Device at 10.30.28.23 is not reachable. Skipping connection attempt.
[2025-02-10T05:49:32.990Z] Device at 10.30.28.23 is not reachable. Skipping connection attempt.
[2025-02-10T05:49:43.004Z] Device at 10.30.28.23 is not reachable. Skipping connection attempt.
[2025-02-10T05:49:53.001Z] Device at 10.30.28.23 is not reachable. Skipping connection attempt.
[2025-02-10T05:50:03.021Z] Device at 10.30.28.23 is not reachable. Skipping connection attempt.
[2025-02-10T05:50:13.024Z] Device at 10.30.28.23 is not reachable. Skipping connection attempt.
[2025-02-10T05:50:23.042Z] Device at 10.30.28.23 is not reachable. Skipping connection attempt.
[2025-02-10T05:50:33.040Z] Device at 10.30.28.23 is not reachable. Skipping connection attempt.
[2025-02-10T05:50:43.048Z] Device at 10.30.28.23 is not reachable. Skipping connection attempt.
[2025-02-10T05:50:53.062Z] Device at 10.30.28.23 is not reachable. Skipping connection attempt.
[2025-02-10T05:51:03.069Z] Device at 10.30.28.23 is not reachable. Skipping connection attempt.
[2025-02-10T05:51:13.073Z] Device at 10.30.28.23 is not reachable. Skipping connection attempt.
[2025-02-10T05:51:23.070Z] Device at 10.30.28.23 is not reachable. Skipping connection attempt.
[2025-02-10T05:51:33.077Z] Device at 10.30.28.23 is not reachable. Skipping connection attempt.
[2025-02-10T05:51:43.096Z] Device at 10.30.28.23 is not reachable. Skipping connection attempt.
[2025-02-10T05:51:53.100Z] Device at 10.30.28.23 is not reachable. Skipping connection attempt.
[2025-02-10T05:52:03.105Z] Device at 10.30.28.23 is not reachable. Skipping connection attempt.
[2025-02-10T05:52:13.115Z] Device at 10.30.28.23 is not reachable. Skipping connection attempt.
[2025-02-10T05:52:23.130Z] Device at 10.30.28.23 is not reachable. Skipping connection attempt.
[2025-02-10T05:52:33.126Z] Device at 10.30.28.23 is not reachable. Skipping connection attempt.
[2025-02-10T05:52:43.122Z] Device at 10.30.28.23 is not reachable. Skipping connection attempt.
[2025-02-10T05:52:53.131Z] Device at 10.30.28.23 is not reachable. Skipping connection attempt.
[2025-02-10T05:53:03.125Z] Device at 10.30.28.23 is not reachable. Skipping connection attempt.
[2025-02-10T05:53:13.142Z] Device at 10.30.28.23 is not reachable. Skipping connection attempt.
[2025-02-10T05:53:23.148Z] Device at 10.30.28.23 is not reachable. Skipping connection attempt.
[2025-02-10T05:53:33.168Z] Device at 10.30.28.23 is not reachable. Skipping connection attempt.
[2025-02-10T05:53:43.203Z] Device at 10.30.28.23 is not reachable. Skipping connection attempt.
[2025-02-10T05:53:53.178Z] Device at 10.30.28.23 is not reachable. Skipping connection attempt.
[2025-02-10T05:54:03.189Z] Device at 10.30.28.23 is not reachable. Skipping connection attempt.
[2025-02-10T05:54:13.200Z] Device at 10.30.28.23 is not reachable. Skipping connection attempt.
[2025-02-10T05:54:23.209Z] Device at 10.30.28.23 is not reachable. Skipping connection attempt.
[2025-02-10T05:54:33.202Z] Device at 10.30.28.23 is not reachable. Skipping connection attempt.
[2025-02-10T05:54:43.212Z] Device at 10.30.28.23 is not reachable. Skipping connection attempt.
[2025-02-10T05:54:53.216Z] Device at 10.30.28.23 is not reachable. Skipping connection attempt.
[2025-02-10T05:55:03.235Z] Device at 10.30.28.23 is not reachable. Skipping connection attempt.
[2025-02-10T05:55:13.257Z] Device at 10.30.28.23 is not reachable. Skipping connection attempt.
[2025-02-10T05:55:23.257Z] Device at 10.30.28.23 is not reachable. Skipping connection attempt.
[2025-02-10T05:55:33.263Z] Device at 10.30.28.23 is not reachable. Skipping connection attempt.
[2025-02-10T05:55:43.262Z] Device at 10.30.28.23 is not reachable. Skipping connection attempt.
[2025-02-10T05:55:53.264Z] Device at 10.30.28.23 is not reachable. Skipping connection attempt.
[2025-02-10T05:56:03.272Z] Device at 10.30.28.23 is not reachable. Skipping connection attempt.
[2025-02-10T05:56:13.270Z] Device at 10.30.28.23 is not reachable. Skipping connection attempt.
[2025-02-10T05:56:23.277Z] Device at 10.30.28.23 is not reachable. Skipping connection attempt.
[2025-02-10T05:56:33.280Z] Device at 10.30.28.23 is not reachable. Skipping connection attempt.
[2025-02-10T05:56:43.287Z] Device at 10.30.28.23 is not reachable. Skipping connection attempt.
[2025-02-10T05:56:53.286Z] Device at 10.30.28.23 is not reachable. Skipping connection attempt.
[2025-02-10T05:57:03.302Z] Device at 10.30.28.23 is not reachable. Skipping connection attempt.
[2025-02-10T05:57:13.309Z] Device at 10.30.28.23 is not reachable. Skipping connection attempt.
[2025-02-10T05:57:23.316Z] Device at 10.30.28.23 is not reachable. Skipping connection attempt.
[2025-02-10T05:57:33.323Z] Device at 10.30.28.23 is not reachable. Skipping connection attempt.
[2025-02-10T05:57:43.329Z] Device at 10.30.28.23 is not reachable. Skipping connection attempt.
[2025-02-10T05:57:53.334Z] Device at 10.30.28.23 is not reachable. Skipping connection attempt.
[2025-02-10T05:58:03.341Z] Device at 10.30.28.23 is not reachable. Skipping connection attempt.
[2025-02-10T05:58:13.347Z] Device at 10.30.28.23 is not reachable. Skipping connection attempt.
[2025-02-10T05:58:23.351Z] Device at 10.30.28.23 is not reachable. Skipping connection attempt.
[2025-02-10T05:58:33.367Z] Device at 10.30.28.23 is not reachable. Skipping connection attempt.
[2025-02-10T05:58:43.367Z] Device at 10.30.28.23 is not reachable. Skipping connection attempt.
[2025-02-10T05:58:53.370Z] Device at 10.30.28.23 is not reachable. Skipping connection attempt.
[2025-02-10T05:59:03.409Z] Device at 10.30.28.23 is not reachable. Skipping connection attempt.
[2025-02-10T05:59:13.386Z] Device at 10.30.28.23 is not reachable. Skipping connection attempt.
[2025-02-10T05:59:23.393Z] Device at 10.30.28.23 is not reachable. Skipping connection attempt.
[2025-02-10T05:59:33.389Z] Device at 10.30.28.23 is not reachable. Skipping connection attempt.
[2025-02-10T05:59:43.407Z] Device at 10.30.28.23 is not reachable. Skipping connection attempt.
[2025-02-10T05:59:53.401Z] Device at 10.30.28.23 is not reachable. Skipping connection attempt.
[2025-02-10T06:00:03.409Z] Device at 10.30.28.23 is not reachable. Skipping connection attempt.
[2025-02-10T06:00:13.414Z] Device at 10.30.28.23 is not reachable. Skipping connection attempt.
[2025-02-10T06:00:23.423Z] Device at 10.30.28.23 is not reachable. Skipping connection attempt.
[2025-02-10T06:00:33.428Z] Device at 10.30.28.23 is not reachable. Skipping connection attempt.
[2025-02-10T06:00:43.426Z] Device at 10.30.28.23 is not reachable. Skipping connection attempt.
[2025-02-10T06:00:53.438Z] Device at 10.30.28.23 is not reachable. Skipping connection attempt.
[2025-02-10T06:01:03.450Z] Device at 10.30.28.23 is not reachable. Skipping connection attempt.
[2025-02-10T06:01:13.458Z] Device at 10.30.28.23 is not reachable. Skipping connection attempt.
[2025-02-10T06:01:23.460Z] Device at 10.30.28.23 is not reachable. Skipping connection attempt.
[2025-02-10T06:01:33.479Z] Device at 10.30.28.23 is not reachable. Skipping connection attempt.
[2025-02-10T06:01:43.471Z] Device at 10.30.28.23 is not reachable. Skipping connection attempt.
[2025-02-10T06:01:53.485Z] Device at 10.30.28.23 is not reachable. Skipping connection attempt.
[2025-02-10T06:02:03.510Z] Device at 10.30.28.23 is not reachable. Skipping connection attempt.
[2025-02-10T06:02:13.503Z] Device at 10.30.28.23 is not reachable. Skipping connection attempt.
[2025-02-10T06:02:23.521Z] Device at 10.30.28.23 is not reachable. Skipping connection attempt.
[2025-02-10T06:02:33.524Z] Device at 10.30.28.23 is not reachable. Skipping connection attempt.
[2025-02-10T06:02:43.531Z] Device at 10.30.28.23 is not reachable. Skipping connection attempt.
[2025-02-10T06:02:53.528Z] Device at 10.30.28.23 is not reachable. Skipping connection attempt.
[2025-02-10T06:03:03.535Z] Device at 10.30.28.23 is not reachable. Skipping connection attempt.
[2025-02-10T06:03:13.548Z] Device at 10.30.28.23 is not reachable. Skipping connection attempt.
[2025-02-10T06:03:23.545Z] Device at 10.30.28.23 is not reachable. Skipping connection attempt.
[2025-02-10T06:03:33.558Z] Device at 10.30.28.23 is not reachable. Skipping connection attempt.
[2025-02-10T06:03:43.564Z] Device at 10.30.28.23 is not reachable. Skipping connection attempt.
[2025-02-10T06:03:53.598Z] Device at 10.30.28.23 is not reachable. Skipping connection attempt.
[2025-02-10T06:04:03.582Z] Device at 10.30.28.23 is not reachable. Skipping connection attempt.
[2025-02-10T06:04:13.581Z] Device at 10.30.28.23 is not reachable. Skipping connection attempt.
[2025-02-10T06:04:23.637Z] Device at 10.30.28.23 is not reachable. Skipping connection attempt.
[2025-02-10T06:04:33.615Z] Device at 10.30.28.23 is not reachable. Skipping connection attempt.
[2025-02-10T06:04:43.630Z] Device at 10.30.28.23 is not reachable. Skipping connection attempt.
[2025-02-10T06:04:53.619Z] Device at 10.30.28.23 is not reachable. Skipping connection attempt.
[2025-02-10T06:05:03.633Z] Device at 10.30.28.23 is not reachable. Skipping connection attempt.
[2025-02-10T06:05:13.637Z] Device at 10.30.28.23 is not reachable. Skipping connection attempt.
[2025-02-10T06:05:23.645Z] Device at 10.30.28.23 is not reachable. Skipping connection attempt.
[2025-02-10T06:05:33.652Z] Device at 10.30.28.23 is not reachable. Skipping connection attempt.
[2025-02-10T06:05:43.656Z] Device at 10.30.28.23 is not reachable. Skipping connection attempt.
[2025-02-10T06:05:53.667Z] Device at 10.30.28.23 is not reachable. Skipping connection attempt.
[2025-02-10T06:06:03.676Z] Device at 10.30.28.23 is not reachable. Skipping connection attempt.
[2025-02-10T06:06:13.687Z] Device at 10.30.28.23 is not reachable. Skipping connection attempt.
[2025-02-10T06:06:23.688Z] Device at 10.30.28.23 is not reachable. Skipping connection attempt.
[2025-02-10T06:06:33.700Z] Device at 10.30.28.23 is not reachable. Skipping connection attempt.
[2025-02-10T06:06:43.699Z] Device at 10.30.28.23 is not reachable. Skipping connection attempt.
[2025-02-10T06:06:53.741Z] Device at 10.30.28.23 is not reachable. Skipping connection attempt.
[2025-02-10T06:07:03.711Z] Device at 10.30.28.23 is not reachable. Skipping connection attempt.
[2025-02-10T06:07:13.718Z] Device at 10.30.28.23 is not reachable. Skipping connection attempt.
[2025-02-10T06:07:23.743Z] Device at 10.30.28.23 is not reachable. Skipping connection attempt.
[2025-02-10T06:07:33.730Z] Device at 10.30.28.23 is not reachable. Skipping connection attempt.
[2025-02-10T06:07:43.727Z] Device at 10.30.28.23 is not reachable. Skipping connection attempt.
[2025-02-10T06:07:53.735Z] Device at 10.30.28.23 is not reachable. Skipping connection attempt.
[2025-02-10T06:08:03.772Z] Device at 10.30.28.23 is not reachable. Skipping connection attempt.
[2025-02-10T06:08:13.748Z] Device at 10.30.28.23 is not reachable. Skipping connection attempt.
[2025-02-10T06:08:23.761Z] Device at 10.30.28.23 is not reachable. Skipping connection attempt.
[2025-02-10T06:08:33.758Z] Device at 10.30.28.23 is not reachable. Skipping connection attempt.
[2025-02-10T06:08:43.794Z] Device at 10.30.28.23 is not reachable. Skipping connection attempt.
[2025-02-10T06:08:53.780Z] Device at 10.30.28.23 is not reachable. Skipping connection attempt.
[2025-02-10T06:09:03.790Z] Device at 10.30.28.23 is not reachable. Skipping connection attempt.
[2025-02-10T06:09:13.795Z] Device at 10.30.28.23 is not reachable. Skipping connection attempt.
[2025-02-10T06:09:23.792Z] Device at 10.30.28.23 is not reachable. Skipping connection attempt.
[2025-02-10T06:09:33.801Z] Device at 10.30.28.23 is not reachable. Skipping connection attempt.
[2025-02-10T06:09:43.802Z] Device at 10.30.28.23 is not reachable. Skipping connection attempt.
[2025-02-10T06:09:53.801Z] Device at 10.30.28.23 is not reachable. Skipping connection attempt.
[2025-02-10T06:10:03.819Z] Device at 10.30.28.23 is not reachable. Skipping connection attempt.
[2025-02-10T06:10:13.816Z] Device at 10.30.28.23 is not reachable. Skipping connection attempt.
[2025-02-10T06:10:23.830Z] Device at 10.30.28.23 is not reachable. Skipping connection attempt.
[2025-02-10T06:10:33.849Z] Device at 10.30.28.23 is not reachable. Skipping connection attempt.
[2025-02-10T06:10:43.863Z] Device at 10.30.28.23 is not reachable. Skipping connection attempt.
[2025-02-10T06:10:53.870Z] Device at 10.30.28.23 is not reachable. Skipping connection attempt.
[2025-02-10T06:11:03.885Z] Device at 10.30.28.23 is not reachable. Skipping connection attempt.
[2025-02-10T06:11:13.881Z] Device at 10.30.28.23 is not reachable. Skipping connection attempt.
[2025-02-10T06:11:23.891Z] Device at 10.30.28.23 is not reachable. Skipping connection attempt.
[2025-02-10T06:11:33.885Z] Device at 10.30.28.23 is not reachable. Skipping connection attempt.
[2025-02-10T06:11:43.913Z] Device at 10.30.28.23 is not reachable. Skipping connection attempt.
[2025-02-10T06:11:53.917Z] Device at 10.30.28.23 is not reachable. Skipping connection attempt.
[2025-02-10T06:12:03.934Z] Device at 10.30.28.23 is not reachable. Skipping connection attempt.
[2025-02-10T06:12:13.950Z] Device at 10.30.28.23 is not reachable. Skipping connection attempt.
[2025-02-10T06:12:23.948Z] Device at 10.30.28.23 is not reachable. Skipping connection attempt.
[2025-02-10T06:12:33.955Z] Device at 10.30.28.23 is not reachable. Skipping connection attempt.
[2025-02-10T06:12:43.950Z] Device at 10.30.28.23 is not reachable. Skipping connection attempt.
[2025-02-10T06:12:53.967Z] Device at 10.30.28.23 is not reachable. Skipping connection attempt.
[2025-02-10T06:13:03.974Z] Device at 10.30.28.23 is not reachable. Skipping connection attempt.
[2025-02-10T06:13:13.972Z] Device at 10.30.28.23 is not reachable. Skipping connection attempt.
[2025-02-10T06:13:23.987Z] Device at 10.30.28.23 is not reachable. Skipping connection attempt.
[2025-02-28T03:27:03.076Z] ❌ Error reading register 1000 for IP 10.30.4.91: getSizeAndDistributionDataFromDb is not defined
[2025-02-28T03:28:59.524Z] ❌ Error reading register 1000 for IP 10.30.4.91: logToFile is not defined
[2025-02-28T03:29:52.554Z] Error reading register 3105 for IP 10.30.4.91: no connection to modbus server
[2025-02-28T03:29:52.554Z] ❌ Error reading register 1000 for IP 10.30.4.91: no connection to modbus server
[2025-02-28T03:29:52.554Z] Error writing to Modbus register: no connection to modbus server
[2025-02-28T03:29:52.575Z] ❌ Error reading register 1000 for IP 10.30.4.91: logToFile is not defined
[2025-02-28T03:29:53.556Z] Error reading register 3105 for IP 10.30.4.91: no connection to modbus server
[2025-02-28T03:29:53.556Z] ❌ Error reading register 1000 for IP 10.30.4.91: no connection to modbus server
[2025-02-28T03:29:53.557Z] Error writing to Modbus register: no connection to modbus server
[2025-02-28T03:30:44.911Z] ❌ Error reading register 1000 for IP 10.30.4.91: request fc and response fc does not match.
[2025-02-28T03:30:44.911Z] Error reading register 3105 for IP 10.30.4.91: rejecting because of earlier OutOfSync error
[2025-02-28T03:30:44.907Z] Error writing to Modbus register: Req timed out
[2025-02-28T03:30:44.912Z] ❌ Error reading register 1000 for IP 10.30.4.91: rejecting because of earlier OutOfSync error
[2025-02-28T03:30:44.912Z] Error writing to Modbus register: rejecting because of earlier OutOfSync error
[2025-02-28T03:39:26.494Z] Error reading actual data: sizeID is not defined
[2025-02-28T03:39:27.493Z] Error reading actual data: sizeID is not defined
[2025-02-28T03:39:28.488Z] Error reading actual data: sizeID is not defined
[2025-02-28T03:39:29.496Z] Error reading actual data: sizeID is not defined
[2025-02-28T03:39:30.499Z] Error reading actual data: sizeID is not defined
[2025-02-28T03:39:31.507Z] Error reading actual data: sizeID is not defined
[2025-02-28T03:39:32.510Z] Error reading actual data: sizeID is not defined
[2025-02-28T03:39:33.512Z] Error reading actual data: sizeID is not defined
[2025-02-28T03:39:34.517Z] Error reading actual data: sizeID is not defined
[2025-02-28T03:39:35.513Z] Error reading actual data: sizeID is not defined
[2025-02-28T03:39:36.515Z] Error reading actual data: sizeID is not defined
[2025-02-28T03:39:37.517Z] Error reading actual data: sizeID is not defined
[2025-02-28T03:39:38.527Z] Error reading actual data: sizeID is not defined
[2025-02-28T03:39:39.535Z] Error reading actual data: sizeID is not defined
[2025-02-28T03:39:40.539Z] Error reading actual data: sizeID is not defined
[2025-02-28T03:39:41.537Z] Error reading actual data: sizeID is not defined
[2025-02-28T03:39:42.541Z] Error reading actual data: sizeID is not defined
[2025-02-28T03:39:43.544Z] Error reading actual data: sizeID is not defined
[2025-02-28T03:39:44.560Z] Error reading actual data: sizeID is not defined
[2025-02-28T03:39:45.562Z] Error reading actual data: sizeID is not defined
[2025-02-28T03:39:46.558Z] Error reading actual data: sizeID is not defined
[2025-02-28T03:39:47.568Z] Error reading actual data: sizeID is not defined
[2025-02-28T03:39:48.579Z] Error reading actual data: sizeID is not defined
[2025-02-28T03:39:49.587Z] Error reading actual data: sizeID is not defined
[2025-02-28T03:39:50.601Z] Error reading actual data: sizeID is not defined
[2025-02-28T03:39:51.613Z] Error reading actual data: sizeID is not defined
[2025-02-28T03:39:52.630Z] Error reading actual data: sizeID is not defined
[2025-02-28T03:39:53.641Z] Error reading actual data: sizeID is not defined
[2025-02-28T03:39:54.648Z] Error reading actual data: sizeID is not defined
[2025-02-28T03:39:55.654Z] Error reading actual data: sizeID is not defined
[2025-02-28T03:39:56.651Z] Error reading actual data: sizeID is not defined
[2025-02-28T03:39:57.661Z] Error reading actual data: sizeID is not defined
[2025-02-28T03:39:58.663Z] Error reading actual data: sizeID is not defined
[2025-02-28T03:39:59.677Z] Error reading actual data: sizeID is not defined
[2025-02-28T03:40:00.674Z] Error reading actual data: sizeID is not defined
[2025-02-28T03:40:01.677Z] Error reading actual data: sizeID is not defined
[2025-02-28T03:40:02.673Z] Error reading actual data: sizeID is not defined
[2025-02-28T03:40:03.687Z] Error reading actual data: sizeID is not defined
[2025-02-28T03:40:04.688Z] Error reading actual data: sizeID is not defined
[2025-02-28T03:40:05.691Z] Error reading actual data: sizeID is not defined
[2025-02-28T03:40:06.702Z] Error reading actual data: sizeID is not defined
[2025-02-28T03:40:07.707Z] Error reading actual data: sizeID is not defined
[2025-02-28T03:40:08.708Z] Error reading actual data: sizeID is not defined
[2025-02-28T03:40:09.714Z] Error reading actual data: sizeID is not defined
[2025-02-28T03:40:10.727Z] Error reading actual data: sizeID is not defined
[2025-02-28T03:40:11.740Z] Error reading actual data: sizeID is not defined
[2025-02-28T03:40:12.753Z] Error reading actual data: sizeID is not defined
[2025-02-28T03:40:13.756Z] Error reading actual data: sizeID is not defined
[2025-02-28T03:40:14.773Z] Error reading actual data: sizeID is not defined
[2025-02-28T03:40:15.779Z] Error reading actual data: sizeID is not defined
[2025-02-28T03:40:16.780Z] Error reading actual data: sizeID is not defined
[2025-02-28T03:40:17.790Z] Error reading actual data: sizeID is not defined
[2025-02-28T03:40:18.791Z] Error reading actual data: sizeID is not defined
[2025-02-28T03:40:19.792Z] Error reading actual data: sizeID is not defined
[2025-02-28T03:40:20.798Z] Error reading actual data: sizeID is not defined
[2025-02-28T03:40:21.802Z] Error reading actual data: sizeID is not defined
[2025-02-28T03:40:22.803Z] Error reading actual data: sizeID is not defined
[2025-02-28T03:40:23.814Z] Error reading actual data: sizeID is not defined
[2025-02-28T03:40:24.826Z] Error reading actual data: sizeID is not defined
[2025-02-28T03:40:30.364Z] Error reading actual data: sizeID is not defined
[2025-02-28T03:40:31.405Z] Error reading actual data: sizeID is not defined
[2025-02-28T03:40:31.891Z] Error reading actual data: sizeID is not defined
[2025-02-28T03:40:32.668Z] Error reading actual data: sizeID is not defined
[2025-02-28T03:40:34.353Z] Error reading actual data: sizeID is not defined
[2025-02-28T03:40:38.925Z] Error reading actual data: sizeID is not defined
[2025-02-28T03:40:39.849Z] Error reading actual data: sizeID is not defined
[2025-02-28T03:40:40.385Z] Error reading actual data: sizeID is not defined
[2025-02-28T03:50:48.747Z] Error reading actual data: Cannot read properties of undefined (reading 'map')
[2025-02-28T03:51:19.283Z] Error reading actual data: Cannot read properties of undefined (reading 'map')
[2025-02-28T03:54:40.739Z] Error reading actual data: Cannot read properties of undefined (reading 'map')
[2025-02-28T03:59:49.581Z] Error reading actual data: sizeID is not defined
[2025-02-28T03:59:52.233Z] Error reading actual data: sizeID is not defined
[2025-02-28T04:02:47.701Z] Error writing to Modbus register: rejecting because of earlier OutOfSync error
[2025-02-28T04:02:47.701Z] Error reading register 3105 for IP 10.30.4.91: rejecting because of earlier OutOfSync error
[2025-02-28T04:02:47.701Z] Error reading actual data: rejecting because of earlier OutOfSync error
[2025-02-28T04:02:47.703Z] Unable to connect to device at 10.30.4.91: read ECONNRESET
[2025-02-28T04:02:47.701Z] ❌ Error reading register 1000 for IP 10.30.4.91: rejecting because of earlier OutOfSync error
[2025-02-28T04:02:48.700Z] Error writing to Modbus register: no connection to modbus server
[2025-02-28T04:02:48.702Z] Error reading register 3105 for IP 10.30.4.91: no connection to modbus server
[2025-02-28T04:02:48.702Z] ❌ Error reading register 1000 for IP 10.30.4.91: no connection to modbus server
[2025-02-28T04:02:48.703Z] Error reading actual data: no connection to modbus server
[2025-02-28T04:02:51.956Z] Error writing to Modbus register: no connection to modbus server
[2025-02-28T04:02:51.956Z] Error reading register 3105 for IP 10.30.4.91: no connection to modbus server
[2025-02-28T04:02:51.957Z] Error reading actual data: no connection to modbus server
[2025-02-28T04:02:51.957Z] ❌ Error reading register 1000 for IP 10.30.4.91: no connection to modbus server
[2025-02-28T04:02:56.996Z] Error writing to Modbus register: no connection to modbus server
[2025-02-28T04:02:56.997Z] Error reading register 3105 for IP 10.30.4.91: no connection to modbus server
[2025-02-28T04:02:56.997Z] ❌ Error reading register 1000 for IP 10.30.4.91: no connection to modbus server
[2025-02-28T04:02:56.997Z] Error reading actual data: no connection to modbus server
[2025-02-28T04:03:08.366Z] Error writing to Modbus register: no connection to modbus server
[2025-02-28T04:03:08.366Z] Error reading register 3105 for IP 10.30.4.91: no connection to modbus server
[2025-02-28T04:03:08.366Z] ❌ Error reading register 1000 for IP 10.30.4.91: no connection to modbus server
[2025-02-28T04:03:08.366Z] Error reading actual data: no connection to modbus server
[2025-02-28T04:03:09.471Z] Error writing to Modbus register: no connection to modbus server
[2025-02-28T04:03:09.472Z] Error reading register 3105 for IP 10.30.4.91: no connection to modbus server
[2025-02-28T04:03:09.472Z] ❌ Error reading register 1000 for IP 10.30.4.91: no connection to modbus server
[2025-02-28T04:03:09.472Z] Error reading actual data: no connection to modbus server
[2025-02-28T04:03:10.479Z] Error writing to Modbus register: no connection to modbus server
[2025-02-28T04:03:10.480Z] Error reading register 3105 for IP 10.30.4.91: no connection to modbus server
[2025-02-28T04:03:10.480Z] ❌ Error reading register 1000 for IP 10.30.4.91: no connection to modbus server
[2025-02-28T04:03:10.480Z] Error reading actual data: no connection to modbus server
[2025-02-28T04:04:22.308Z] ❌ Error reading register 1000 for IP 10.30.4.91: connection to modbus server closed
[2025-02-28T04:04:22.308Z] Error reading actual data: rejecting because of earlier OutOfSync error
[2025-02-28T04:04:22.309Z] Error writing to Modbus register: rejecting because of earlier OutOfSync error
[2025-02-28T04:04:22.309Z] ❌ Error reading register 1000 for IP 10.30.4.91: rejecting because of earlier OutOfSync error
[2025-02-28T04:04:22.311Z] Error reading register 3105 for IP 10.30.4.91: rejecting because of earlier OutOfSync error
[2025-02-28T04:04:22.311Z] ❌ Error reading register 1000 for IP 10.30.4.91: rejecting because of earlier OutOfSync error
[2025-02-28T04:04:22.311Z] Error reading actual data: rejecting because of earlier OutOfSync error
[2025-02-28T04:04:22.311Z] Error writing to Modbus register: rejecting because of earlier OutOfSync error
[2025-02-28T04:04:22.313Z] Error writing to Modbus register: no connection to modbus server
[2025-02-28T04:04:22.313Z] Error reading register 3105 for IP 10.30.4.91: no connection to modbus server
[2025-02-28T04:04:22.313Z] ❌ Error reading register 1000 for IP 10.30.4.91: no connection to modbus server
[2025-02-28T04:04:22.313Z] Error reading actual data: no connection to modbus server
[2025-02-28T04:04:22.314Z] Error reading register 3105 for IP 10.30.4.91: no connection to modbus server
[2025-02-28T04:04:22.314Z] ❌ Error reading register 1000 for IP 10.30.4.91: no connection to modbus server
[2025-02-28T04:04:22.314Z] Error reading actual data: no connection to modbus server
[2025-02-28T04:04:22.314Z] Error writing to Modbus register: no connection to modbus server
[2025-02-28T04:04:22.315Z] Error reading actual data: sizeID is not defined
[2025-02-28T04:04:23.329Z] Error writing to Modbus register: no connection to modbus server
[2025-02-28T04:04:23.330Z] Error reading register 3105 for IP 10.30.4.91: no connection to modbus server
[2025-02-28T04:04:23.330Z] ❌ Error reading register 1000 for IP 10.30.4.91: no connection to modbus server
[2025-02-28T04:04:23.331Z] Error reading actual data: no connection to modbus server
[2025-02-28T04:04:23.333Z] ❌ Error reading register 1000 for IP 10.30.4.91: no connection to modbus server
[2025-02-28T04:04:23.332Z] Error reading register 3105 for IP 10.30.4.91: no connection to modbus server
[2025-02-28T04:04:23.333Z] Error reading actual data: no connection to modbus server
[2025-02-28T04:04:23.334Z] Error writing to Modbus register: no connection to modbus server
[2025-02-28T04:04:31.155Z] Error writing to Modbus register: no connection to modbus server
[2025-02-28T04:04:31.156Z] Error reading register 3105 for IP 10.30.4.91: no connection to modbus server
[2025-02-28T04:04:31.157Z] ❌ Error reading register 1000 for IP 10.30.4.91: no connection to modbus server
[2025-02-28T04:04:31.157Z] Error reading actual data: no connection to modbus server
[2025-02-28T04:04:31.159Z] Error reading register 3105 for IP 10.30.4.91: no connection to modbus server
[2025-02-28T04:04:31.160Z] ❌ Error reading register 1000 for IP 10.30.4.91: no connection to modbus server
[2025-02-28T04:04:31.160Z] Error reading actual data: no connection to modbus server
[2025-02-28T04:04:31.161Z] Error writing to Modbus register: no connection to modbus server
[2025-02-28T04:04:31.164Z] Error reading register 3105 for IP 10.30.4.91: rejecting because of earlier OutOfSync error
[2025-02-28T04:04:31.165Z] ❌ Error reading register 1000 for IP 10.30.4.91: rejecting because of earlier OutOfSync error
[2025-02-28T04:04:31.165Z] Error reading actual data: rejecting because of earlier OutOfSync error
[2025-02-28T04:04:31.165Z] Error writing to Modbus register: rejecting because of earlier OutOfSync error
[2025-02-28T04:04:32.159Z] Error writing to Modbus register: no connection to modbus server
[2025-02-28T04:04:32.160Z] Error reading register 3105 for IP 10.30.4.91: no connection to modbus server
[2025-02-28T04:04:32.161Z] ❌ Error reading register 1000 for IP 10.30.4.91: no connection to modbus server
[2025-02-28T04:04:32.161Z] Error reading actual data: no connection to modbus server
[2025-02-28T04:04:32.163Z] ❌ Error reading register 1000 for IP 10.30.4.91: no connection to modbus server
[2025-02-28T04:04:32.162Z] Error reading register 3105 for IP 10.30.4.91: no connection to modbus server
[2025-02-28T04:04:32.163Z] Error reading actual data: no connection to modbus server
[2025-02-28T04:04:32.164Z] Error writing to Modbus register: no connection to modbus server
[2025-02-28T04:04:33.311Z] Error writing to Modbus register: no connection to modbus server
[2025-02-28T04:04:33.311Z] Error reading register 3105 for IP 10.30.4.91: no connection to modbus server
[2025-02-28T04:04:33.312Z] Error reading register 3105 for IP 10.30.4.91: no connection to modbus server
[2025-02-28T04:04:33.311Z] ❌ Error reading register 1000 for IP 10.30.4.91: no connection to modbus server
[2025-02-28T04:04:33.312Z] ❌ Error reading register 1000 for IP 10.30.4.91: no connection to modbus server
[2025-02-28T04:04:33.312Z] Error reading actual data: no connection to modbus server
[2025-02-28T04:04:33.313Z] Error writing to Modbus register: no connection to modbus server
[2025-02-28T04:04:33.311Z] Error reading actual data: no connection to modbus server
[2025-02-28T04:04:38.082Z] Error writing to Modbus register: no connection to modbus server
[2025-02-28T04:04:38.083Z] Error reading register 3105 for IP 10.30.4.91: no connection to modbus server
[2025-02-28T04:04:38.083Z] Error reading actual data: no connection to modbus server
[2025-02-28T04:04:38.083Z] ❌ Error reading register 1000 for IP 10.30.4.91: no connection to modbus server
[2025-02-28T04:04:38.084Z] ❌ Error reading register 1000 for IP 10.30.4.91: no connection to modbus server
[2025-02-28T04:04:38.084Z] Error reading register 3105 for IP 10.30.4.91: no connection to modbus server
[2025-02-28T04:04:38.084Z] Error reading actual data: no connection to modbus server
[2025-02-28T04:04:38.085Z] Error writing to Modbus register: no connection to modbus server
[2025-02-28T04:04:40.872Z] Error reading register 3105 for IP 10.30.4.91: no connection to modbus server
[2025-02-28T04:04:40.872Z] ❌ Error reading register 1000 for IP 10.30.4.91: no connection to modbus server
[2025-02-28T04:04:40.871Z] Error writing to Modbus register: no connection to modbus server
[2025-02-28T04:04:40.872Z] Error reading actual data: no connection to modbus server
[2025-02-28T04:04:40.873Z] Error reading register 3105 for IP 10.30.4.91: no connection to modbus server
[2025-02-28T04:04:40.874Z] Error reading actual data: no connection to modbus server
[2025-02-28T04:04:40.873Z] ❌ Error reading register 1000 for IP 10.30.4.91: no connection to modbus server
[2025-02-28T04:04:40.874Z] Error writing to Modbus register: no connection to modbus server
[2025-02-28T04:05:01.559Z] Error writing to Modbus register: no connection to modbus server
[2025-02-28T04:05:01.560Z] Error reading register 3105 for IP 10.30.4.91: no connection to modbus server
[2025-02-28T04:05:01.560Z] Error reading actual data: no connection to modbus server
[2025-02-28T04:05:01.560Z] ❌ Error reading register 1000 for IP 10.30.4.91: no connection to modbus server
[2025-02-28T04:05:01.560Z] Error reading register 3105 for IP 10.30.4.91: no connection to modbus server
[2025-02-28T04:05:01.561Z] ❌ Error reading register 1000 for IP 10.30.4.91: no connection to modbus server
[2025-02-28T04:05:01.561Z] Error reading actual data: no connection to modbus server
[2025-02-28T04:05:01.561Z] Error writing to Modbus register: no connection to modbus server
[2025-02-28T04:05:01.564Z] ❌ Error reading register 1000 for IP 10.30.4.91: rejecting because of earlier OutOfSync error
[2025-02-28T04:05:01.565Z] Error reading register 3105 for IP 10.30.4.91: rejecting because of earlier OutOfSync error
[2025-02-28T04:05:01.566Z] ❌ Error reading register 1000 for IP 10.30.4.91: rejecting because of earlier OutOfSync error
[2025-02-28T04:05:01.566Z] Error reading actual data: rejecting because of earlier OutOfSync error
[2025-02-28T04:05:01.566Z] Error writing to Modbus register: rejecting because of earlier OutOfSync error
[2025-02-28T04:05:02.564Z] Error writing to Modbus register: no connection to modbus server
[2025-02-28T04:05:02.566Z] Error reading register 3105 for IP 10.30.4.91: no connection to modbus server
[2025-02-28T04:05:02.566Z] ❌ Error reading register 1000 for IP 10.30.4.91: no connection to modbus server
[2025-02-28T04:05:02.566Z] Error reading actual data: no connection to modbus server
[2025-02-28T04:05:02.568Z] Error reading register 3105 for IP 10.30.4.91: no connection to modbus server
[2025-02-28T04:05:02.569Z] ❌ Error reading register 1000 for IP 10.30.4.91: no connection to modbus server
[2025-02-28T04:05:02.569Z] Error reading actual data: no connection to modbus server
[2025-02-28T04:05:02.570Z] Error writing to Modbus register: no connection to modbus server
[2025-02-28T04:05:06.786Z] Error writing to Modbus register: no connection to modbus server
[2025-02-28T04:05:06.786Z] Error reading register 3105 for IP 10.30.4.91: no connection to modbus server
[2025-02-28T04:05:06.788Z] Error reading register 3105 for IP 10.30.4.91: no connection to modbus server
[2025-02-28T04:05:06.787Z] Error reading actual data: no connection to modbus server
[2025-02-28T04:05:06.787Z] ❌ Error reading register 1000 for IP 10.30.4.91: no connection to modbus server
[2025-02-28T04:05:06.788Z] ❌ Error reading register 1000 for IP 10.30.4.91: no connection to modbus server
[2025-02-28T04:05:06.789Z] Error writing to Modbus register: no connection to modbus server
[2025-02-28T04:05:06.789Z] Error reading actual data: no connection to modbus server
[2025-02-28T04:05:08.911Z] Error writing to Modbus register: no connection to modbus server
[2025-02-28T04:05:08.911Z] ❌ Error reading register 1000 for IP 10.30.4.91: no connection to modbus server
[2025-02-28T04:05:08.911Z] Error reading register 3105 for IP 10.30.4.91: no connection to modbus server
[2025-02-28T04:05:08.912Z] ❌ Error reading register 1000 for IP 10.30.4.91: no connection to modbus server
[2025-02-28T04:05:08.911Z] Error reading actual data: no connection to modbus server
[2025-02-28T04:05:08.912Z] Error reading register 3105 for IP 10.30.4.91: no connection to modbus server
[2025-02-28T04:05:08.912Z] Error reading actual data: no connection to modbus server
[2025-02-28T04:05:08.912Z] Error writing to Modbus register: no connection to modbus server
[2025-02-28T04:05:15.605Z] Error writing to Modbus register: no connection to modbus server
[2025-02-28T04:05:15.605Z] Error reading register 3105 for IP 10.30.4.91: no connection to modbus server
[2025-02-28T04:05:15.605Z] ❌ Error reading register 1000 for IP 10.30.4.91: no connection to modbus server
[2025-02-28T04:05:15.605Z] Error reading actual data: no connection to modbus server
[2025-02-28T04:05:15.606Z] Error reading register 3105 for IP 10.30.4.91: no connection to modbus server
[2025-02-28T04:05:15.606Z] ❌ Error reading register 1000 for IP 10.30.4.91: no connection to modbus server
[2025-02-28T04:05:15.606Z] Error reading actual data: no connection to modbus server
[2025-02-28T04:05:15.606Z] Error writing to Modbus register: no connection to modbus server
[2025-02-28T04:05:17.262Z] Error writing to Modbus register: no connection to modbus server
[2025-02-28T04:05:17.262Z] Error reading register 3105 for IP 10.30.4.91: no connection to modbus server
[2025-02-28T04:05:17.263Z] Error reading actual data: no connection to modbus server
[2025-02-28T04:05:17.263Z] ❌ Error reading register 1000 for IP 10.30.4.91: no connection to modbus server
[2025-02-28T04:05:17.263Z] Error reading register 3105 for IP 10.30.4.91: no connection to modbus server
[2025-02-28T04:05:17.263Z] ❌ Error reading register 1000 for IP 10.30.4.91: no connection to modbus server
[2025-02-28T04:05:17.263Z] Error reading actual data: no connection to modbus server
[2025-02-28T04:05:17.263Z] Error writing to Modbus register: no connection to modbus server
[2025-02-28T04:05:18.783Z] Error writing to Modbus register: no connection to modbus server
[2025-02-28T04:05:18.783Z] Error reading register 3105 for IP 10.30.4.91: no connection to modbus server
[2025-02-28T04:05:18.783Z] Error reading register 3105 for IP 10.30.4.91: no connection to modbus server
[2025-02-28T04:05:18.783Z] Error reading actual data: no connection to modbus server
[2025-02-28T04:05:18.783Z] ❌ Error reading register 1000 for IP 10.30.4.91: no connection to modbus server
[2025-02-28T04:05:18.783Z] ❌ Error reading register 1000 for IP 10.30.4.91: no connection to modbus server
[2025-02-28T04:05:18.784Z] Error reading actual data: no connection to modbus server
[2025-02-28T04:05:18.784Z] Error writing to Modbus register: no connection to modbus server
[2025-02-28T04:05:19.984Z] Error writing to Modbus register: no connection to modbus server
[2025-02-28T04:05:19.985Z] Error reading register 3105 for IP 10.30.4.91: no connection to modbus server
[2025-02-28T04:05:19.985Z] Error reading actual data: no connection to modbus server
[2025-02-28T04:05:19.985Z] ❌ Error reading register 1000 for IP 10.30.4.91: no connection to modbus server
[2025-02-28T04:05:19.985Z] Error reading actual data: no connection to modbus server
[2025-02-28T04:05:19.985Z] ❌ Error reading register 1000 for IP 10.30.4.91: no connection to modbus server
[2025-02-28T04:05:19.986Z] Error writing to Modbus register: no connection to modbus server
[2025-02-28T04:05:19.985Z] Error reading register 3105 for IP 10.30.4.91: no connection to modbus server
[2025-02-28T04:05:21.108Z] Error writing to Modbus register: no connection to modbus server
[2025-02-28T04:05:21.110Z] ❌ Error reading register 1000 for IP 10.30.4.91: no connection to modbus server
[2025-02-28T04:05:21.110Z] Error reading actual data: no connection to modbus server
[2025-02-28T04:05:21.111Z] Error reading register 3105 for IP 10.30.4.91: no connection to modbus server
[2025-02-28T04:05:21.109Z] Error reading register 3105 for IP 10.30.4.91: no connection to modbus server
[2025-02-28T04:05:21.111Z] ❌ Error reading register 1000 for IP 10.30.4.91: no connection to modbus server
[2025-02-28T04:05:21.111Z] Error reading actual data: no connection to modbus server
[2025-02-28T04:05:21.112Z] Error writing to Modbus register: no connection to modbus server
[2025-02-28T04:05:22.335Z] Error writing to Modbus register: no connection to modbus server
[2025-02-28T04:05:22.335Z] Error reading register 3105 for IP 10.30.4.91: no connection to modbus server
[2025-02-28T04:05:22.335Z] ❌ Error reading register 1000 for IP 10.30.4.91: no connection to modbus server
[2025-02-28T04:05:22.335Z] Error reading actual data: no connection to modbus server
[2025-02-28T04:05:22.336Z] Error reading register 3105 for IP 10.30.4.91: no connection to modbus server
[2025-02-28T04:05:22.336Z] ❌ Error reading register 1000 for IP 10.30.4.91: no connection to modbus server
[2025-02-28T04:05:22.336Z] Error reading actual data: no connection to modbus server
[2025-02-28T04:05:22.336Z] Error writing to Modbus register: no connection to modbus server
[2025-02-28T04:05:23.620Z] Error writing to Modbus register: no connection to modbus server
[2025-02-28T04:05:23.621Z] Error reading register 3105 for IP 10.30.4.91: no connection to modbus server
[2025-02-28T04:05:23.621Z] ❌ Error reading register 1000 for IP 10.30.4.91: no connection to modbus server
[2025-02-28T04:05:23.622Z] Error reading register 3105 for IP 10.30.4.91: no connection to modbus server
[2025-02-28T04:05:23.623Z] Error writing to Modbus register: no connection to modbus server
[2025-02-28T04:05:23.622Z] Error reading actual data: no connection to modbus server
[2025-02-28T04:05:23.621Z] Error reading actual data: no connection to modbus server
[2025-02-28T04:05:23.622Z] ❌ Error reading register 1000 for IP 10.30.4.91: no connection to modbus server
[2025-02-28T04:05:24.644Z] Error writing to Modbus register: no connection to modbus server
[2025-02-28T04:05:24.644Z] Error reading register 3105 for IP 10.30.4.91: no connection to modbus server
[2025-02-28T04:05:24.645Z] ❌ Error reading register 1000 for IP 10.30.4.91: no connection to modbus server
[2025-02-28T04:05:24.645Z] Error reading register 3105 for IP 10.30.4.91: no connection to modbus server
[2025-02-28T04:05:24.645Z] Error reading actual data: no connection to modbus server
[2025-02-28T04:05:24.645Z] ❌ Error reading register 1000 for IP 10.30.4.91: no connection to modbus server
[2025-02-28T04:05:24.646Z] Error reading actual data: no connection to modbus server
[2025-02-28T04:05:24.646Z] Error writing to Modbus register: no connection to modbus server
[2025-02-28T04:05:40.901Z] Error writing to Modbus register: no connection to modbus server
[2025-02-28T04:05:40.901Z] Error reading register 3105 for IP 10.30.4.91: no connection to modbus server
[2025-02-28T04:05:40.901Z] Error reading register 3105 for IP 10.30.4.91: no connection to modbus server
[2025-02-28T04:05:40.901Z] ❌ Error reading register 1000 for IP 10.30.4.91: no connection to modbus server
[2025-02-28T04:05:40.901Z] Error reading actual data: no connection to modbus server
[2025-02-28T04:05:40.901Z] ❌ Error reading register 1000 for IP 10.30.4.91: no connection to modbus server
[2025-02-28T04:05:40.902Z] Error writing to Modbus register: no connection to modbus server
[2025-02-28T04:05:40.902Z] Error reading actual data: no connection to modbus server
[2025-02-28T04:05:40.907Z] Error reading actual data: sizeID is not defined
[2025-02-28T04:05:43.329Z] Error writing to Modbus register: no connection to modbus server
[2025-02-28T04:05:43.330Z] Error reading register 3105 for IP 10.30.4.91: no connection to modbus server
[2025-02-28T04:05:43.331Z] ❌ Error reading register 1000 for IP 10.30.4.91: no connection to modbus server
[2025-02-28T04:05:43.331Z] Error reading actual data: no connection to modbus server
[2025-02-28T04:05:43.332Z] Error reading register 3105 for IP 10.30.4.91: no connection to modbus server
[2025-02-28T04:05:43.332Z] ❌ Error reading register 1000 for IP 10.30.4.91: no connection to modbus server
[2025-02-28T04:05:43.333Z] Error writing to Modbus register: no connection to modbus server
[2025-02-28T04:05:43.333Z] Error reading actual data: no connection to modbus server
[2025-02-28T04:05:45.412Z] Error writing to Modbus register: no connection to modbus server
[2025-02-28T04:05:45.413Z] Error reading register 3105 for IP 10.30.4.91: no connection to modbus server
[2025-02-28T04:05:45.413Z] Error reading register 3105 for IP 10.30.4.91: no connection to modbus server
[2025-02-28T04:05:45.414Z] ❌ Error reading register 1000 for IP 10.30.4.91: no connection to modbus server
[2025-02-28T04:05:45.414Z] Error reading actual data: no connection to modbus server
[2025-02-28T04:05:45.413Z] Error reading actual data: no connection to modbus server
[2025-02-28T04:05:45.414Z] Error writing to Modbus register: no connection to modbus server
[2025-02-28T04:05:45.413Z] ❌ Error reading register 1000 for IP 10.30.4.91: no connection to modbus server
[2025-02-28T04:05:46.802Z] Error writing to Modbus register: no connection to modbus server
[2025-02-28T04:05:46.803Z] Error reading register 3105 for IP 10.30.4.91: no connection to modbus server
[2025-02-28T04:05:46.804Z] Error reading actual data: no connection to modbus server
[2025-02-28T04:05:46.804Z] ❌ Error reading register 1000 for IP 10.30.4.91: no connection to modbus server
[2025-02-28T04:05:46.804Z] ❌ Error reading register 1000 for IP 10.30.4.91: no connection to modbus server
[2025-02-28T04:05:46.804Z] Error reading register 3105 for IP 10.30.4.91: no connection to modbus server
[2025-02-28T04:05:46.805Z] Error reading actual data: no connection to modbus server
[2025-02-28T04:05:46.805Z] Error writing to Modbus register: no connection to modbus server
[2025-02-28T04:05:48.129Z] Error writing to Modbus register: no connection to modbus server
[2025-02-28T04:05:48.129Z] Error reading register 3105 for IP 10.30.4.91: no connection to modbus server
[2025-02-28T04:05:48.129Z] ❌ Error reading register 1000 for IP 10.30.4.91: no connection to modbus server
[2025-02-28T04:05:48.129Z] Error reading actual data: no connection to modbus server
[2025-02-28T04:05:48.130Z] Error reading register 3105 for IP 10.30.4.91: no connection to modbus server
[2025-02-28T04:05:48.130Z] ❌ Error reading register 1000 for IP 10.30.4.91: no connection to modbus server
[2025-02-28T04:05:48.130Z] Error reading actual data: no connection to modbus server
[2025-02-28T04:05:48.130Z] Error writing to Modbus register: no connection to modbus server
[2025-02-28T04:06:06.606Z] Error writing to Modbus register: no connection to modbus server
[2025-02-28T04:06:06.606Z] Error reading register 3105 for IP 10.30.4.91: no connection to modbus server
[2025-02-28T04:06:06.606Z] ❌ Error reading register 1000 for IP 10.30.4.91: no connection to modbus server
[2025-02-28T04:06:06.607Z] ❌ Error reading register 1000 for IP 10.30.4.91: no connection to modbus server
[2025-02-28T04:06:06.607Z] Error reading register 3105 for IP 10.30.4.91: no connection to modbus server
[2025-02-28T04:06:06.606Z] Error reading actual data: no connection to modbus server
[2025-02-28T04:06:06.607Z] Error writing to Modbus register: no connection to modbus server
[2025-02-28T04:06:06.607Z] Error reading actual data: no connection to modbus server
[2025-02-28T04:06:14.004Z] Error writing to Modbus register: no connection to modbus server
[2025-02-28T04:06:14.005Z] Error reading register 3105 for IP 10.30.4.91: no connection to modbus server
[2025-02-28T04:06:14.007Z] Error reading register 3105 for IP 10.30.4.91: no connection to modbus server
[2025-02-28T04:06:14.006Z] ❌ Error reading register 1000 for IP 10.30.4.91: no connection to modbus server
[2025-02-28T04:06:14.007Z] ❌ Error reading register 1000 for IP 10.30.4.91: no connection to modbus server
[2025-02-28T04:06:14.007Z] Error reading actual data: no connection to modbus server
[2025-02-28T04:06:14.006Z] Error reading actual data: no connection to modbus server
[2025-02-28T04:06:14.008Z] Error writing to Modbus register: no connection to modbus server
[2025-02-28T04:06:16.240Z] Error writing to Modbus register: no connection to modbus server
[2025-02-28T04:06:16.241Z] Error reading register 3105 for IP 10.30.4.91: no connection to modbus server
[2025-02-28T04:06:16.241Z] ❌ Error reading register 1000 for IP 10.30.4.91: no connection to modbus server
[2025-02-28T04:06:16.241Z] Error reading register 3105 for IP 10.30.4.91: no connection to modbus server
[2025-02-28T04:06:16.241Z] Error reading actual data: no connection to modbus server
[2025-02-28T04:06:16.241Z] ❌ Error reading register 1000 for IP 10.30.4.91: no connection to modbus server
[2025-02-28T04:06:16.242Z] Error reading actual data: no connection to modbus server
[2025-02-28T04:06:16.242Z] Error writing to Modbus register: no connection to modbus server
[2025-02-28T04:07:38.467Z] Unable to connect to device at 10.30.4.91: read ECONNRESET
[2025-02-28T04:07:38.470Z] Error reading register 3105 for IP 10.30.4.91: connection to modbus server closed
[2025-02-28T04:07:38.471Z] ❌ Error reading register 1000 for IP 10.30.4.91: rejecting because of earlier OutOfSync error
[2025-02-28T04:07:38.471Z] Error writing to Modbus register: rejecting because of earlier OutOfSync error
[2025-02-28T04:07:39.473Z] Error reading register 3105 for IP 10.30.4.91: no connection to modbus server
[2025-02-28T04:07:39.473Z] ❌ Error reading register 1000 for IP 10.30.4.91: no connection to modbus server
[2025-02-28T04:07:39.473Z] Error writing to Modbus register: no connection to modbus server
[2025-02-28T04:07:40.485Z] Error reading register 3105 for IP 10.30.4.91: no connection to modbus server
[2025-02-28T04:07:40.486Z] ❌ Error reading register 1000 for IP 10.30.4.91: no connection to modbus server
[2025-02-28T04:07:40.486Z] Error writing to Modbus register: no connection to modbus server
[2025-02-28T04:07:41.487Z] Error reading register 3105 for IP 10.30.4.91: no connection to modbus server
[2025-02-28T04:07:41.488Z] ❌ Error reading register 1000 for IP 10.30.4.91: no connection to modbus server
[2025-02-28T04:07:41.488Z] Error writing to Modbus register: no connection to modbus server
[2025-02-28T04:07:42.489Z] Error reading register 3105 for IP 10.30.4.91: no connection to modbus server
[2025-02-28T04:07:42.489Z] ❌ Error reading register 1000 for IP 10.30.4.91: no connection to modbus server
[2025-02-28T04:07:42.490Z] Error writing to Modbus register: no connection to modbus server
[2025-02-28T04:07:43.504Z] Error reading register 3105 for IP 10.30.4.91: no connection to modbus server
[2025-02-28T04:07:43.504Z] ❌ Error reading register 1000 for IP 10.30.4.91: no connection to modbus server
[2025-02-28T04:07:43.504Z] Error writing to Modbus register: no connection to modbus server
[2025-02-28T04:07:44.516Z] Error reading register 3105 for IP 10.30.4.91: no connection to modbus server
[2025-02-28T04:07:44.517Z] ❌ Error reading register 1000 for IP 10.30.4.91: no connection to modbus server
[2025-02-28T04:07:44.517Z] Error writing to Modbus register: no connection to modbus server
[2025-02-28T04:07:45.531Z] Error reading register 3105 for IP 10.30.4.91: no connection to modbus server
[2025-02-28T04:07:45.532Z] ❌ Error reading register 1000 for IP 10.30.4.91: no connection to modbus server
[2025-02-28T04:07:45.534Z] Error writing to Modbus register: no connection to modbus server
[2025-02-28T04:07:46.543Z] Error reading register 3105 for IP 10.30.4.91: no connection to modbus server
[2025-02-28T04:07:46.543Z] ❌ Error reading register 1000 for IP 10.30.4.91: no connection to modbus server
[2025-02-28T04:07:46.544Z] Error writing to Modbus register: no connection to modbus server
[2025-02-28T04:07:47.558Z] Error reading register 3105 for IP 10.30.4.91: no connection to modbus server
[2025-02-28T04:07:47.558Z] ❌ Error reading register 1000 for IP 10.30.4.91: no connection to modbus server
[2025-02-28T04:07:47.558Z] Error writing to Modbus register: no connection to modbus server
[2025-02-28T04:07:48.568Z] Error reading register 3105 for IP 10.30.4.91: no connection to modbus server
[2025-02-28T04:07:48.568Z] ❌ Error reading register 1000 for IP 10.30.4.91: no connection to modbus server
[2025-02-28T04:07:48.569Z] Error writing to Modbus register: no connection to modbus server
[2025-02-28T04:07:49.578Z] Error reading register 3105 for IP 10.30.4.91: no connection to modbus server
[2025-02-28T04:07:49.578Z] ❌ Error reading register 1000 for IP 10.30.4.91: no connection to modbus server
[2025-02-28T04:07:49.578Z] Error writing to Modbus register: no connection to modbus server
[2025-02-28T04:07:50.587Z] Error reading register 3105 for IP 10.30.4.91: no connection to modbus server
[2025-02-28T04:07:50.588Z] ❌ Error reading register 1000 for IP 10.30.4.91: no connection to modbus server
[2025-02-28T04:07:50.589Z] Error writing to Modbus register: no connection to modbus server
[2025-02-28T04:07:51.600Z] Error reading register 3105 for IP 10.30.4.91: no connection to modbus server
[2025-02-28T04:07:51.601Z] ❌ Error reading register 1000 for IP 10.30.4.91: no connection to modbus server
[2025-02-28T04:07:51.601Z] Error writing to Modbus register: no connection to modbus server
[2025-02-28T04:07:52.604Z] Error reading register 3105 for IP 10.30.4.91: no connection to modbus server
[2025-02-28T04:07:52.605Z] ❌ Error reading register 1000 for IP 10.30.4.91: no connection to modbus server
[2025-02-28T04:07:52.606Z] Error writing to Modbus register: no connection to modbus server
[2025-02-28T04:07:53.618Z] Error reading register 3105 for IP 10.30.4.91: no connection to modbus server
[2025-02-28T04:07:53.618Z] ❌ Error reading register 1000 for IP 10.30.4.91: no connection to modbus server
[2025-02-28T04:07:53.619Z] Error writing to Modbus register: no connection to modbus server
[2025-02-28T04:07:54.632Z] Error reading register 3105 for IP 10.30.4.91: no connection to modbus server
[2025-02-28T04:07:54.633Z] ❌ Error reading register 1000 for IP 10.30.4.91: no connection to modbus server
[2025-02-28T04:07:54.634Z] Error writing to Modbus register: no connection to modbus server
[2025-02-28T04:07:55.645Z] Error reading register 3105 for IP 10.30.4.91: no connection to modbus server
[2025-02-28T04:07:55.645Z] ❌ Error reading register 1000 for IP 10.30.4.91: no connection to modbus server
[2025-02-28T04:07:55.646Z] Error writing to Modbus register: no connection to modbus server
[2025-02-28T04:07:56.646Z] Error reading register 3105 for IP 10.30.4.91: no connection to modbus server
[2025-02-28T04:07:56.646Z] ❌ Error reading register 1000 for IP 10.30.4.91: no connection to modbus server
[2025-02-28T04:07:56.647Z] Error writing to Modbus register: no connection to modbus server
[2025-02-28T04:07:57.648Z] Error reading register 3105 for IP 10.30.4.91: no connection to modbus server
[2025-02-28T04:07:57.648Z] ❌ Error reading register 1000 for IP 10.30.4.91: no connection to modbus server
[2025-02-28T04:07:57.649Z] Error writing to Modbus register: no connection to modbus server
[2025-02-28T04:07:58.658Z] Error reading register 3105 for IP 10.30.4.91: no connection to modbus server
[2025-02-28T04:07:58.658Z] ❌ Error reading register 1000 for IP 10.30.4.91: no connection to modbus server
[2025-02-28T04:07:58.659Z] Error writing to Modbus register: no connection to modbus server
[2025-02-28T04:07:59.661Z] Error reading register 3105 for IP 10.30.4.91: no connection to modbus server
[2025-02-28T04:07:59.662Z] ❌ Error reading register 1000 for IP 10.30.4.91: no connection to modbus server
[2025-02-28T04:07:59.663Z] Error writing to Modbus register: no connection to modbus server
[2025-02-28T04:08:00.660Z] Error reading register 3105 for IP 10.30.4.91: no connection to modbus server
[2025-02-28T04:08:00.661Z] ❌ Error reading register 1000 for IP 10.30.4.91: no connection to modbus server
[2025-02-28T04:08:00.676Z] Error writing to Modbus register: no connection to modbus server
[2025-02-28T04:08:01.664Z] Error reading register 3105 for IP 10.30.4.91: no connection to modbus server
[2025-02-28T04:08:01.664Z] ❌ Error reading register 1000 for IP 10.30.4.91: no connection to modbus server
[2025-02-28T04:08:01.679Z] Error writing to Modbus register: no connection to modbus server
[2025-02-28T04:08:02.679Z] Error reading register 3105 for IP 10.30.4.91: no connection to modbus server
[2025-02-28T04:08:02.680Z] ❌ Error reading register 1000 for IP 10.30.4.91: no connection to modbus server
[2025-02-28T04:08:02.681Z] Error writing to Modbus register: no connection to modbus server
[2025-02-28T04:08:03.694Z] Error reading register 3105 for IP 10.30.4.91: no connection to modbus server
[2025-02-28T04:08:03.694Z] ❌ Error reading register 1000 for IP 10.30.4.91: no connection to modbus server
[2025-02-28T04:08:03.694Z] Error writing to Modbus register: no connection to modbus server
[2025-02-28T04:08:04.705Z] Error reading register 3105 for IP 10.30.4.91: no connection to modbus server
[2025-02-28T04:08:04.706Z] ❌ Error reading register 1000 for IP 10.30.4.91: no connection to modbus server
[2025-02-28T04:08:04.706Z] Error writing to Modbus register: no connection to modbus server
[2025-02-28T04:08:05.708Z] Error reading register 3105 for IP 10.30.4.91: no connection to modbus server
[2025-02-28T04:08:05.709Z] ❌ Error reading register 1000 for IP 10.30.4.91: no connection to modbus server
[2025-02-28T04:08:05.711Z] Error writing to Modbus register: no connection to modbus server
[2025-02-28T04:08:06.717Z] Error reading register 3105 for IP 10.30.4.91: no connection to modbus server
[2025-02-28T04:08:06.718Z] ❌ Error reading register 1000 for IP 10.30.4.91: no connection to modbus server
[2025-02-28T04:08:06.718Z] Error writing to Modbus register: no connection to modbus server
[2025-02-28T04:08:07.728Z] Error reading register 3105 for IP 10.30.4.91: no connection to modbus server
[2025-02-28T04:08:07.728Z] ❌ Error reading register 1000 for IP 10.30.4.91: no connection to modbus server
[2025-02-28T04:08:07.729Z] Error writing to Modbus register: no connection to modbus server
[2025-02-28T04:08:08.733Z] Error reading register 3105 for IP 10.30.4.91: no connection to modbus server
[2025-02-28T04:08:08.735Z] Error writing to Modbus register: no connection to modbus server
[2025-02-28T04:08:08.734Z] ❌ Error reading register 1000 for IP 10.30.4.91: no connection to modbus server
[2025-02-28T04:08:09.736Z] Error reading register 3105 for IP 10.30.4.91: no connection to modbus server
[2025-02-28T04:08:09.737Z] ❌ Error reading register 1000 for IP 10.30.4.91: no connection to modbus server
[2025-02-28T04:08:09.737Z] Error writing to Modbus register: no connection to modbus server
[2025-02-28T04:08:10.736Z] Error reading register 3105 for IP 10.30.4.91: no connection to modbus server
[2025-02-28T04:08:10.736Z] ❌ Error reading register 1000 for IP 10.30.4.91: no connection to modbus server
[2025-02-28T04:08:10.736Z] Error writing to Modbus register: no connection to modbus server
[2025-02-28T04:08:11.739Z] Error reading register 3105 for IP 10.30.4.91: no connection to modbus server
[2025-02-28T04:08:11.740Z] ❌ Error reading register 1000 for IP 10.30.4.91: no connection to modbus server
[2025-02-28T04:08:11.741Z] Error writing to Modbus register: no connection to modbus server
[2025-02-28T04:08:12.754Z] Error reading register 3105 for IP 10.30.4.91: no connection to modbus server
[2025-02-28T04:08:12.755Z] ❌ Error reading register 1000 for IP 10.30.4.91: no connection to modbus server
[2025-02-28T04:08:12.756Z] Error writing to Modbus register: no connection to modbus server
[2025-02-28T04:08:26.830Z] Error reading register 3105 for IP 10.30.4.91: no connection to modbus server
[2025-02-28T04:08:26.830Z] ❌ Error reading register 1000 for IP 10.30.4.91: no connection to modbus server
[2025-02-28T04:08:26.831Z] Error writing to Modbus register: no connection to modbus server
[2025-02-28T04:08:27.837Z] Error reading register 3105 for IP 10.30.4.91: no connection to modbus server
[2025-02-28T04:08:27.838Z] ❌ Error reading register 1000 for IP 10.30.4.91: no connection to modbus server
[2025-02-28T04:08:27.838Z] Error writing to Modbus register: no connection to modbus server
[2025-02-28T04:08:28.851Z] Error reading register 3105 for IP 10.30.4.91: no connection to modbus server
[2025-02-28T04:08:28.852Z] ❌ Error reading register 1000 for IP 10.30.4.91: no connection to modbus server
[2025-02-28T04:08:28.852Z] Error writing to Modbus register: no connection to modbus server
[2025-02-28T04:08:29.865Z] Error reading register 3105 for IP 10.30.4.91: no connection to modbus server
[2025-02-28T04:08:29.866Z] Error writing to Modbus register: no connection to modbus server
[2025-02-28T04:08:29.865Z] ❌ Error reading register 1000 for IP 10.30.4.91: no connection to modbus server
[2025-02-28T04:08:30.866Z] Error reading register 3105 for IP 10.30.4.91: no connection to modbus server
[2025-02-28T04:08:30.866Z] ❌ Error reading register 1000 for IP 10.30.4.91: no connection to modbus server
[2025-02-28T04:08:30.866Z] Error writing to Modbus register: no connection to modbus server
[2025-02-28T04:08:31.876Z] Error reading register 3105 for IP 10.30.4.91: no connection to modbus server
[2025-02-28T04:08:31.876Z] ❌ Error reading register 1000 for IP 10.30.4.91: no connection to modbus server
[2025-02-28T04:08:31.877Z] Error writing to Modbus register: no connection to modbus server
[2025-02-28T04:08:32.881Z] ❌ Error reading register 1000 for IP 10.30.4.91: no connection to modbus server
[2025-02-28T04:08:32.880Z] Error reading register 3105 for IP 10.30.4.91: no connection to modbus server
[2025-02-28T04:08:32.882Z] Error writing to Modbus register: no connection to modbus server
[2025-02-28T04:08:33.893Z] Error reading register 3105 for IP 10.30.4.91: no connection to modbus server
[2025-02-28T04:08:33.893Z] ❌ Error reading register 1000 for IP 10.30.4.91: no connection to modbus server
[2025-02-28T04:08:33.894Z] Error writing to Modbus register: no connection to modbus server
[2025-02-28T04:08:34.909Z] Error reading register 3105 for IP 10.30.4.91: no connection to modbus server
[2025-02-28T04:08:34.909Z] ❌ Error reading register 1000 for IP 10.30.4.91: no connection to modbus server
[2025-02-28T04:08:34.910Z] Error writing to Modbus register: no connection to modbus server
[2025-02-28T04:08:35.922Z] Error reading register 3105 for IP 10.30.4.91: no connection to modbus server
[2025-02-28T04:08:35.923Z] ❌ Error reading register 1000 for IP 10.30.4.91: no connection to modbus server
[2025-02-28T04:08:35.924Z] Error writing to Modbus register: no connection to modbus server
[2025-02-28T04:08:36.922Z] ❌ Error reading register 1000 for IP 10.30.4.91: no connection to modbus server
[2025-02-28T04:08:36.922Z] Error reading register 3105 for IP 10.30.4.91: no connection to modbus server
[2025-02-28T04:08:36.923Z] Error writing to Modbus register: no connection to modbus server
[2025-02-28T04:08:37.931Z] Error reading register 3105 for IP 10.30.4.91: no connection to modbus server
[2025-02-28T04:08:37.932Z] ❌ Error reading register 1000 for IP 10.30.4.91: no connection to modbus server
[2025-02-28T04:08:37.933Z] Error writing to Modbus register: no connection to modbus server
[2025-02-28T04:08:38.934Z] Error reading register 3105 for IP 10.30.4.91: no connection to modbus server
[2025-02-28T04:08:38.935Z] ❌ Error reading register 1000 for IP 10.30.4.91: no connection to modbus server
[2025-02-28T04:08:38.936Z] Error writing to Modbus register: no connection to modbus server
[2025-02-28T04:08:39.949Z] Error reading register 3105 for IP 10.30.4.91: no connection to modbus server
[2025-02-28T04:08:39.949Z] ❌ Error reading register 1000 for IP 10.30.4.91: no connection to modbus server
[2025-02-28T04:08:39.950Z] Error writing to Modbus register: no connection to modbus server
[2025-02-28T04:08:40.950Z] Error reading register 3105 for IP 10.30.4.91: no connection to modbus server
[2025-02-28T04:08:40.951Z] ❌ Error reading register 1000 for IP 10.30.4.91: no connection to modbus server
[2025-02-28T04:08:40.952Z] Error writing to Modbus register: no connection to modbus server
[2025-02-28T04:08:41.951Z] Error reading register 3105 for IP 10.30.4.91: no connection to modbus server
[2025-02-28T04:08:41.951Z] ❌ Error reading register 1000 for IP 10.30.4.91: no connection to modbus server
[2025-02-28T04:08:41.952Z] Error writing to Modbus register: no connection to modbus server
[2025-02-28T04:08:42.959Z] Error reading register 3105 for IP 10.30.4.91: no connection to modbus server
[2025-02-28T04:08:42.959Z] ❌ Error reading register 1000 for IP 10.30.4.91: no connection to modbus server
[2025-02-28T04:08:42.960Z] Error writing to Modbus register: no connection to modbus server
[2025-02-28T04:08:43.960Z] Error reading register 3105 for IP 10.30.4.91: no connection to modbus server
[2025-02-28T04:08:43.962Z] Error writing to Modbus register: no connection to modbus server
[2025-02-28T04:08:43.961Z] ❌ Error reading register 1000 for IP 10.30.4.91: no connection to modbus server
[2025-02-28T04:08:44.961Z] Error reading register 3105 for IP 10.30.4.91: no connection to modbus server
[2025-02-28T04:08:44.962Z] ❌ Error reading register 1000 for IP 10.30.4.91: no connection to modbus server
[2025-02-28T04:08:44.963Z] Error writing to Modbus register: no connection to modbus server
[2025-02-28T04:08:45.966Z] Error reading register 3105 for IP 10.30.4.91: no connection to modbus server
[2025-02-28T04:08:45.967Z] ❌ Error reading register 1000 for IP 10.30.4.91: no connection to modbus server
[2025-02-28T04:08:45.968Z] Error writing to Modbus register: no connection to modbus server
[2025-02-28T04:08:46.980Z] Error reading register 3105 for IP 10.30.4.91: no connection to modbus server
[2025-02-28T04:08:46.980Z] ❌ Error reading register 1000 for IP 10.30.4.91: no connection to modbus server
[2025-02-28T04:08:46.980Z] Error writing to Modbus register: no connection to modbus server
[2025-02-28T04:08:47.994Z] Error reading register 3105 for IP 10.30.4.91: no connection to modbus server
[2025-02-28T04:08:47.995Z] ❌ Error reading register 1000 for IP 10.30.4.91: no connection to modbus server
[2025-02-28T04:08:47.996Z] Error writing to Modbus register: no connection to modbus server
[2025-02-28T04:08:48.994Z] Error reading register 3105 for IP 10.30.4.91: no connection to modbus server
[2025-02-28T04:08:48.994Z] ❌ Error reading register 1000 for IP 10.30.4.91: no connection to modbus server
[2025-02-28T04:08:48.995Z] Error writing to Modbus register: no connection to modbus server
[2025-02-28T04:08:49.996Z] Error reading register 3105 for IP 10.30.4.91: no connection to modbus server
[2025-02-28T04:08:49.996Z] ❌ Error reading register 1000 for IP 10.30.4.91: no connection to modbus server
[2025-02-28T04:08:49.997Z] Error writing to Modbus register: no connection to modbus server
[2025-02-28T04:08:51.009Z] Error reading register 3105 for IP 10.30.4.91: no connection to modbus server
[2025-02-28T04:08:51.010Z] ❌ Error reading register 1000 for IP 10.30.4.91: no connection to modbus server
[2025-02-28T04:08:51.011Z] Error writing to Modbus register: no connection to modbus server
[2025-02-28T04:08:52.009Z] Error reading register 3105 for IP 10.30.4.91: no connection to modbus server
[2025-02-28T04:08:52.010Z] ❌ Error reading register 1000 for IP 10.30.4.91: no connection to modbus server
[2025-02-28T04:08:52.011Z] Error writing to Modbus register: no connection to modbus server
[2025-02-28T04:08:53.012Z] Error reading register 3105 for IP 10.30.4.91: no connection to modbus server
[2025-02-28T04:08:53.013Z] ❌ Error reading register 1000 for IP 10.30.4.91: no connection to modbus server
[2025-02-28T04:08:53.014Z] Error writing to Modbus register: no connection to modbus server
[2025-02-28T04:08:54.012Z] Error reading register 3105 for IP 10.30.4.91: no connection to modbus server
[2025-02-28T04:08:54.012Z] ❌ Error reading register 1000 for IP 10.30.4.91: no connection to modbus server
[2025-02-28T04:08:54.013Z] Error writing to Modbus register: no connection to modbus server
[2025-02-28T04:08:55.028Z] Error reading register 3105 for IP 10.30.4.91: no connection to modbus server
[2025-02-28T04:08:55.028Z] ❌ Error reading register 1000 for IP 10.30.4.91: no connection to modbus server
[2025-02-28T04:08:55.028Z] Error writing to Modbus register: no connection to modbus server
[2025-02-28T04:08:56.042Z] Error reading register 3105 for IP 10.30.4.91: no connection to modbus server
[2025-02-28T04:08:56.042Z] ❌ Error reading register 1000 for IP 10.30.4.91: no connection to modbus server
[2025-02-28T04:08:56.043Z] Error writing to Modbus register: no connection to modbus server
[2025-02-28T04:08:57.057Z] Error reading register 3105 for IP 10.30.4.91: no connection to modbus server
[2025-02-28T04:08:57.057Z] ❌ Error reading register 1000 for IP 10.30.4.91: no connection to modbus server
[2025-02-28T04:08:57.058Z] Error writing to Modbus register: no connection to modbus server
[2025-02-28T04:08:59.892Z] Error reading register 3105 for IP 10.30.4.91: no connection to modbus server
[2025-02-28T04:08:59.892Z] ❌ Error reading register 1000 for IP 10.30.4.91: no connection to modbus server
[2025-02-28T04:08:59.892Z] Error writing to Modbus register: no connection to modbus server
[2025-02-28T04:09:05.232Z] Error reading register 3105 for IP 10.30.4.91: no connection to modbus server
[2025-02-28T04:09:05.232Z] ❌ Error reading register 1000 for IP 10.30.4.91: no connection to modbus server
[2025-02-28T04:09:05.233Z] ❌ Error reading register 1000 for IP 10.30.4.91: Req timed out
[2025-02-28T04:09:05.233Z] Error writing to Modbus register: request fc and response fc does not match.
[2025-02-28T04:09:05.232Z] Error writing to Modbus register: no connection to modbus server
[2025-02-28T04:09:05.233Z] Error reading register 3105 for IP 10.30.4.91: rejecting because of earlier OutOfSync error
[2025-02-28T04:09:05.233Z] ❌ Error reading register 1000 for IP 10.30.4.91: rejecting because of earlier OutOfSync error
[2025-02-28T04:09:05.234Z] Error writing to Modbus register: rejecting because of earlier OutOfSync error
[2025-02-28T04:09:06.243Z] Error reading register 3105 for IP 10.30.4.91: no connection to modbus server
[2025-02-28T04:09:06.243Z] ❌ Error reading register 1000 for IP 10.30.4.91: no connection to modbus server
[2025-02-28T04:09:06.244Z] Error writing to Modbus register: no connection to modbus server
[2025-02-28T04:10:01.170Z] Error reading register 3105 for IP 10.30.4.91: no connection to modbus server
[2025-02-28T04:10:01.170Z] ❌ Error reading register 1000 for IP 10.30.4.91: no connection to modbus server
[2025-02-28T04:10:01.172Z] Unable to connect to device at 10.30.4.91: read ECONNRESET
[2025-02-28T04:10:01.170Z] Error writing to Modbus register: no connection to modbus server
[2025-02-28T04:14:44.254Z] Error reading register 3105 for IP 10.30.4.91: rejecting because of earlier OutOfSync error
[2025-02-28T04:14:44.254Z] ❌ Error reading register 1000 for IP 10.30.4.91: rejecting because of earlier OutOfSync error
[2025-02-28T04:14:44.254Z] Error reading actual data: rejecting because of earlier OutOfSync error
[2025-02-28T04:14:44.255Z] Error writing to Modbus register: rejecting because of earlier OutOfSync error
[2025-02-28T05:38:08.304Z] Error writing to Modbus register: request fc and response fc does not match.
[2025-02-28T05:38:08.302Z] ❌ Error reading register 1000 for IP 10.30.4.91: Req timed out
[2025-02-28T05:38:10.525Z] Error reading register 3105 for IP 10.30.4.91: rejecting because of earlier OutOfSync error
[2025-02-28T05:38:10.525Z] ❌ Error reading register 1000 for IP 10.30.4.91: rejecting because of earlier OutOfSync error
[2025-02-28T05:38:10.526Z] Error writing to Modbus register: rejecting because of earlier OutOfSync error
[2025-02-28T05:56:01.031Z] Error reading register 3105 for IP 10.30.4.91: no connection to modbus server
[2025-02-28T05:56:01.031Z] ❌ Error reading register 1000 for IP 10.30.4.91: no connection to modbus server
[2025-02-28T05:56:01.032Z] Error writing to Modbus register: no connection to modbus server
[2025-02-28T05:56:02.032Z] Error reading register 3105 for IP 10.30.4.91: no connection to modbus server
[2025-02-28T05:56:02.032Z] ❌ Error reading register 1000 for IP 10.30.4.91: no connection to modbus server
[2025-02-28T05:56:02.033Z] Error writing to Modbus register: no connection to modbus server
[2025-02-28T06:14:44.276Z] Error reading register 3105 for IP 10.30.4.91: no connection to modbus server
[2025-02-28T06:14:44.276Z] ❌ Error reading register 1000 for IP 10.30.4.91: no connection to modbus server
[2025-02-28T06:14:44.276Z] Error writing to Modbus register: no connection to modbus server
[2025-02-28T06:14:45.289Z] Error reading register 3105 for IP 10.30.4.91: no connection to modbus server
[2025-02-28T06:14:45.290Z] ❌ Error reading register 1000 for IP 10.30.4.91: no connection to modbus server
[2025-02-28T06:14:45.292Z] Error writing to Modbus register: no connection to modbus server
[2025-02-28T06:15:40.185Z] Error reading register 3105 for IP 10.30.4.91: no connection to modbus server
[2025-02-28T06:15:40.186Z] ❌ Error reading register 1000 for IP 10.30.4.91: no connection to modbus server
[2025-02-28T06:15:40.186Z] Error writing to Modbus register: no connection to modbus server
[2025-02-28T06:15:40.187Z] Error reading register 3105 for IP 10.30.4.91: no connection to modbus server
[2025-02-28T06:15:40.187Z] ❌ Error reading register 1000 for IP 10.30.4.91: no connection to modbus server
[2025-02-28T06:15:40.187Z] Error writing to Modbus register: no connection to modbus server
[2025-02-28T06:15:41.190Z] Error reading register 3105 for IP 10.30.4.91: no connection to modbus server
[2025-02-28T06:15:41.192Z] Error writing to Modbus register: no connection to modbus server
[2025-02-28T06:15:41.191Z] ❌ Error reading register 1000 for IP 10.30.4.91: no connection to modbus server
[2025-02-28T06:15:41.193Z] Error reading register 3105 for IP 10.30.4.91: no connection to modbus server
[2025-02-28T06:15:41.193Z] ❌ Error reading register 1000 for IP 10.30.4.91: no connection to modbus server
[2025-02-28T06:15:41.194Z] Error writing to Modbus register: no connection to modbus server
[2025-02-28T06:15:42.263Z] Error reading register 3105 for IP 10.30.4.91: no connection to modbus server
[2025-02-28T06:15:42.264Z] ❌ Error reading register 1000 for IP 10.30.4.91: no connection to modbus server
[2025-02-28T06:15:42.264Z] Error writing to Modbus register: no connection to modbus server
[2025-02-28T06:15:42.265Z] Error reading register 3105 for IP 10.30.4.91: no connection to modbus server
[2025-02-28T06:15:42.265Z] ❌ Error reading register 1000 for IP 10.30.4.91: no connection to modbus server
[2025-02-28T06:15:42.265Z] Error writing to Modbus register: no connection to modbus server
[2025-02-28T06:15:43.594Z] Error reading register 3105 for IP 10.30.4.91: no connection to modbus server
[2025-02-28T06:15:43.595Z] ❌ Error reading register 1000 for IP 10.30.4.91: no connection to modbus server
[2025-02-28T06:15:43.596Z] Error reading register 3105 for IP 10.30.4.91: no connection to modbus server
[2025-02-28T06:15:43.596Z] Error writing to Modbus register: no connection to modbus server
[2025-02-28T06:15:43.595Z] Error writing to Modbus register: no connection to modbus server
[2025-02-28T06:15:43.596Z] ❌ Error reading register 1000 for IP 10.30.4.91: no connection to modbus server
[2025-02-28T06:15:44.608Z] Error reading register 3105 for IP 10.30.4.91: no connection to modbus server
[2025-02-28T06:15:44.609Z] ❌ Error reading register 1000 for IP 10.30.4.91: no connection to modbus server
[2025-02-28T06:15:44.612Z] ❌ Error reading register 1000 for IP 10.30.4.91: no connection to modbus server
[2025-02-28T06:15:44.610Z] Error writing to Modbus register: no connection to modbus server
[2025-02-28T06:15:44.612Z] Error writing to Modbus register: no connection to modbus server
[2025-02-28T06:15:44.611Z] Error reading register 3105 for IP 10.30.4.91: no connection to modbus server
[2025-02-28T06:15:45.621Z] Error reading register 3105 for IP 10.30.4.91: no connection to modbus server
[2025-02-28T06:15:45.622Z] ❌ Error reading register 1000 for IP 10.30.4.91: no connection to modbus server
[2025-02-28T06:15:45.624Z] Error writing to Modbus register: no connection to modbus server
[2025-02-28T06:15:45.625Z] Error reading register 3105 for IP 10.30.4.91: no connection to modbus server
[2025-02-28T06:15:45.626Z] ❌ Error reading register 1000 for IP 10.30.4.91: no connection to modbus server
[2025-02-28T06:15:45.626Z] Error writing to Modbus register: no connection to modbus server
[2025-02-28T06:15:46.622Z] Error reading register 3105 for IP 10.30.4.91: no connection to modbus server
[2025-02-28T06:15:46.623Z] ❌ Error reading register 1000 for IP 10.30.4.91: no connection to modbus server
[2025-02-28T06:15:46.624Z] Error writing to Modbus register: no connection to modbus server
[2025-02-28T06:15:46.625Z] Error reading register 3105 for IP 10.30.4.91: no connection to modbus server
[2025-02-28T06:15:46.626Z] ❌ Error reading register 1000 for IP 10.30.4.91: no connection to modbus server
[2025-02-28T06:15:46.626Z] Error writing to Modbus register: no connection to modbus server
[2025-02-28T06:15:47.625Z] Error reading register 3105 for IP 10.30.4.91: no connection to modbus server
[2025-02-28T06:15:47.626Z] ❌ Error reading register 1000 for IP 10.30.4.91: no connection to modbus server
[2025-02-28T06:15:47.627Z] Error writing to Modbus register: no connection to modbus server
[2025-02-28T06:15:47.629Z] Error reading register 3105 for IP 10.30.4.91: no connection to modbus server
[2025-02-28T06:15:47.629Z] ❌ Error reading register 1000 for IP 10.30.4.91: no connection to modbus server
[2025-02-28T06:15:47.629Z] Error writing to Modbus register: no connection to modbus server
[2025-02-28T06:15:48.640Z] Error reading register 3105 for IP 10.30.4.91: no connection to modbus server
[2025-02-28T06:15:48.641Z] ❌ Error reading register 1000 for IP 10.30.4.91: no connection to modbus server
[2025-02-28T06:15:48.642Z] Error writing to Modbus register: no connection to modbus server
[2025-02-28T06:15:48.644Z] Error reading register 3105 for IP 10.30.4.91: no connection to modbus server
[2025-02-28T06:15:48.645Z] ❌ Error reading register 1000 for IP 10.30.4.91: no connection to modbus server
[2025-02-28T06:15:48.646Z] Error writing to Modbus register: no connection to modbus server
[2025-02-28T06:15:49.653Z] Error reading register 3105 for IP 10.30.4.91: no connection to modbus server
[2025-02-28T06:15:49.653Z] ❌ Error reading register 1000 for IP 10.30.4.91: no connection to modbus server
[2025-02-28T06:15:49.655Z] Error reading register 3105 for IP 10.30.4.91: no connection to modbus server
[2025-02-28T06:15:49.655Z] ❌ Error reading register 1000 for IP 10.30.4.91: no connection to modbus server
[2025-02-28T06:15:49.654Z] Error writing to Modbus register: no connection to modbus server
[2025-02-28T06:15:49.656Z] Error writing to Modbus register: no connection to modbus server
[2025-02-28T06:15:50.667Z] Error reading register 3105 for IP 10.30.4.91: no connection to modbus server
[2025-02-28T06:15:50.668Z] ❌ Error reading register 1000 for IP 10.30.4.91: no connection to modbus server
[2025-02-28T06:15:50.670Z] Error writing to Modbus register: no connection to modbus server
[2025-02-28T06:15:50.671Z] Error reading register 3105 for IP 10.30.4.91: no connection to modbus server
[2025-02-28T06:15:50.672Z] ❌ Error reading register 1000 for IP 10.30.4.91: no connection to modbus server
[2025-02-28T06:15:50.672Z] Error writing to Modbus register: no connection to modbus server
[2025-02-28T06:15:51.667Z] Error reading register 3105 for IP 10.30.4.91: no connection to modbus server
[2025-02-28T06:15:51.668Z] ❌ Error reading register 1000 for IP 10.30.4.91: no connection to modbus server
[2025-02-28T06:15:51.670Z] Error writing to Modbus register: no connection to modbus server
[2025-02-28T06:15:51.671Z] Error reading register 3105 for IP 10.30.4.91: no connection to modbus server
[2025-02-28T06:15:51.672Z] ❌ Error reading register 1000 for IP 10.30.4.91: no connection to modbus server
[2025-02-28T06:15:51.674Z] Error writing to Modbus register: no connection to modbus server
[2025-02-28T06:15:52.681Z] Error reading register 3105 for IP 10.30.4.91: no connection to modbus server
[2025-02-28T06:15:52.681Z] ❌ Error reading register 1000 for IP 10.30.4.91: no connection to modbus server
[2025-02-28T06:15:52.681Z] Error writing to Modbus register: no connection to modbus server
[2025-02-28T06:15:52.682Z] Error reading register 3105 for IP 10.30.4.91: no connection to modbus server
[2025-02-28T06:15:52.682Z] ❌ Error reading register 1000 for IP 10.30.4.91: no connection to modbus server
[2025-02-28T06:15:52.682Z] Error writing to Modbus register: no connection to modbus server
[2025-02-28T06:15:53.697Z] Error reading register 3105 for IP 10.30.4.91: no connection to modbus server
[2025-02-28T06:15:53.700Z] Error writing to Modbus register: no connection to modbus server
[2025-02-28T06:15:53.698Z] ❌ Error reading register 1000 for IP 10.30.4.91: no connection to modbus server
[2025-02-28T06:15:53.703Z] Error writing to Modbus register: no connection to modbus server
[2025-02-28T06:15:53.701Z] Error reading register 3105 for IP 10.30.4.91: no connection to modbus server
[2025-02-28T06:15:53.702Z] ❌ Error reading register 1000 for IP 10.30.4.91: no connection to modbus server
[2025-02-28T06:15:54.712Z] ❌ Error reading register 1000 for IP 10.30.4.91: no connection to modbus server
[2025-02-28T06:15:54.711Z] Error reading register 3105 for IP 10.30.4.91: no connection to modbus server
[2025-02-28T06:15:54.715Z] Error reading register 3105 for IP 10.30.4.91: no connection to modbus server
[2025-02-28T06:15:54.716Z] ❌ Error reading register 1000 for IP 10.30.4.91: no connection to modbus server
[2025-02-28T06:15:54.713Z] Error writing to Modbus register: no connection to modbus server
[2025-02-28T06:15:54.716Z] Error writing to Modbus register: no connection to modbus server
[2025-02-28T06:15:55.712Z] Error reading register 3105 for IP 10.30.4.91: no connection to modbus server
[2025-02-28T06:15:55.712Z] ❌ Error reading register 1000 for IP 10.30.4.91: no connection to modbus server
[2025-02-28T06:15:55.713Z] Error writing to Modbus register: no connection to modbus server
[2025-02-28T06:15:55.713Z] Error reading register 3105 for IP 10.30.4.91: no connection to modbus server
[2025-02-28T06:15:55.714Z] ❌ Error reading register 1000 for IP 10.30.4.91: no connection to modbus server
[2025-02-28T06:15:55.725Z] Error writing to Modbus register: no connection to modbus server
[2025-02-28T06:15:56.711Z] Error reading register 3105 for IP 10.30.4.91: no connection to modbus server
[2025-02-28T06:15:56.712Z] ❌ Error reading register 1000 for IP 10.30.4.91: no connection to modbus server
[2025-02-28T06:15:56.727Z] Error writing to Modbus register: no connection to modbus server
[2025-02-28T06:15:56.727Z] Error reading register 3105 for IP 10.30.4.91: no connection to modbus server
[2025-02-28T06:15:56.727Z] ❌ Error reading register 1000 for IP 10.30.4.91: no connection to modbus server
[2025-02-28T06:15:56.727Z] Error writing to Modbus register: no connection to modbus server
[2025-02-28T06:15:57.713Z] Error reading register 3105 for IP 10.30.4.91: no connection to modbus server
[2025-02-28T06:15:57.714Z] ❌ Error reading register 1000 for IP 10.30.4.91: no connection to modbus server
[2025-02-28T06:15:57.727Z] Error writing to Modbus register: no connection to modbus server
[2025-02-28T06:15:57.728Z] Error reading register 3105 for IP 10.30.4.91: no connection to modbus server
[2025-02-28T06:15:57.728Z] ❌ Error reading register 1000 for IP 10.30.4.91: no connection to modbus server
[2025-02-28T06:15:57.729Z] Error writing to Modbus register: no connection to modbus server
[2025-02-28T06:15:58.728Z] Error reading register 3105 for IP 10.30.4.91: no connection to modbus server
[2025-02-28T06:15:58.729Z] ❌ Error reading register 1000 for IP 10.30.4.91: no connection to modbus server
[2025-02-28T06:15:58.730Z] Error reading register 3105 for IP 10.30.4.91: no connection to modbus server
[2025-02-28T06:15:58.729Z] Error writing to Modbus register: no connection to modbus server
[2025-02-28T06:15:58.731Z] ❌ Error reading register 1000 for IP 10.30.4.91: no connection to modbus server
[2025-02-28T06:15:58.731Z] Error writing to Modbus register: no connection to modbus server
[2025-02-28T06:15:59.743Z] Error reading register 3105 for IP 10.30.4.91: no connection to modbus server
[2025-02-28T06:15:59.744Z] ❌ Error reading register 1000 for IP 10.30.4.91: no connection to modbus server
[2025-02-28T06:15:59.747Z] Error reading register 3105 for IP 10.30.4.91: no connection to modbus server
[2025-02-28T06:15:59.746Z] Error writing to Modbus register: no connection to modbus server
[2025-02-28T06:15:59.748Z] ❌ Error reading register 1000 for IP 10.30.4.91: no connection to modbus server
[2025-02-28T06:15:59.748Z] Error writing to Modbus register: no connection to modbus server
[2025-02-28T06:16:00.755Z] Error reading register 3105 for IP 10.30.4.91: no connection to modbus server
[2025-02-28T06:16:00.755Z] ❌ Error reading register 1000 for IP 10.30.4.91: no connection to modbus server
[2025-02-28T06:16:00.756Z] Error reading register 3105 for IP 10.30.4.91: no connection to modbus server
[2025-02-28T06:16:00.756Z] ❌ Error reading register 1000 for IP 10.30.4.91: no connection to modbus server
[2025-02-28T06:16:00.756Z] Error writing to Modbus register: no connection to modbus server
[2025-02-28T06:16:00.756Z] Error writing to Modbus register: no connection to modbus server
[2025-02-28T06:16:01.757Z] Error reading register 3105 for IP 10.30.4.91: no connection to modbus server
[2025-02-28T06:16:01.758Z] ❌ Error reading register 1000 for IP 10.30.4.91: no connection to modbus server
[2025-02-28T06:16:01.759Z] Error writing to Modbus register: no connection to modbus server
[2025-02-28T06:16:01.760Z] ❌ Error reading register 1000 for IP 10.30.4.91: no connection to modbus server
[2025-02-28T06:16:01.759Z] Error reading register 3105 for IP 10.30.4.91: no connection to modbus server
[2025-02-28T06:16:01.761Z] Error writing to Modbus register: no connection to modbus server
[2025-02-28T06:16:02.759Z] Error reading register 3105 for IP 10.30.4.91: no connection to modbus server
[2025-02-28T06:16:02.760Z] ❌ Error reading register 1000 for IP 10.30.4.91: no connection to modbus server
[2025-02-28T06:16:02.762Z] Error writing to Modbus register: no connection to modbus server
[2025-02-28T06:16:02.763Z] Error reading register 3105 for IP 10.30.4.91: no connection to modbus server
[2025-02-28T06:16:02.763Z] ❌ Error reading register 1000 for IP 10.30.4.91: no connection to modbus server
[2025-02-28T06:16:02.764Z] Error writing to Modbus register: no connection to modbus server
[2025-02-28T06:16:03.759Z] Error reading register 3105 for IP 10.30.4.91: no connection to modbus server
[2025-02-28T06:16:03.760Z] ❌ Error reading register 1000 for IP 10.30.4.91: no connection to modbus server
[2025-02-28T06:16:03.762Z] Error writing to Modbus register: no connection to modbus server
[2025-02-28T06:16:03.764Z] Error reading register 3105 for IP 10.30.4.91: no connection to modbus server
[2025-02-28T06:16:03.764Z] ❌ Error reading register 1000 for IP 10.30.4.91: no connection to modbus server
[2025-02-28T06:16:03.766Z] Error writing to Modbus register: no connection to modbus server
[2025-02-28T06:16:04.763Z] Error reading register 3105 for IP 10.30.4.91: no connection to modbus server
[2025-02-28T06:16:04.763Z] ❌ Error reading register 1000 for IP 10.30.4.91: no connection to modbus server
[2025-02-28T06:16:04.763Z] Error writing to Modbus register: no connection to modbus server
[2025-02-28T06:16:04.764Z] Error reading register 3105 for IP 10.30.4.91: no connection to modbus server
[2025-02-28T06:16:04.764Z] ❌ Error reading register 1000 for IP 10.30.4.91: no connection to modbus server
[2025-02-28T06:16:04.765Z] Error writing to Modbus register: no connection to modbus server
[2025-02-28T06:16:05.768Z] Error reading register 3105 for IP 10.30.4.91: no connection to modbus server
[2025-02-28T06:16:05.769Z] ❌ Error reading register 1000 for IP 10.30.4.91: no connection to modbus server
[2025-02-28T06:16:05.770Z] Error writing to Modbus register: no connection to modbus server
[2025-02-28T06:16:05.771Z] ❌ Error reading register 1000 for IP 10.30.4.91: no connection to modbus server
[2025-02-28T06:16:05.771Z] Error reading register 3105 for IP 10.30.4.91: no connection to modbus server
[2025-02-28T06:16:05.772Z] Error writing to Modbus register: no connection to modbus server
[2025-02-28T06:16:06.772Z] Error reading register 3105 for IP 10.30.4.91: no connection to modbus server
[2025-02-28T06:16:06.773Z] ❌ Error reading register 1000 for IP 10.30.4.91: no connection to modbus server
[2025-02-28T06:16:06.775Z] Error reading register 3105 for IP 10.30.4.91: no connection to modbus server
[2025-02-28T06:16:06.774Z] Error writing to Modbus register: no connection to modbus server
[2025-02-28T06:16:06.775Z] ❌ Error reading register 1000 for IP 10.30.4.91: no connection to modbus server
[2025-02-28T06:16:06.776Z] Error writing to Modbus register: no connection to modbus server
[2025-02-28T06:16:07.783Z] Error reading register 3105 for IP 10.30.4.91: no connection to modbus server
[2025-02-28T06:16:07.783Z] ❌ Error reading register 1000 for IP 10.30.4.91: no connection to modbus server
[2025-02-28T06:16:07.784Z] Error writing to Modbus register: no connection to modbus server
[2025-02-28T06:16:07.784Z] Error reading register 3105 for IP 10.30.4.91: no connection to modbus server
[2025-02-28T06:16:07.784Z] ❌ Error reading register 1000 for IP 10.30.4.91: no connection to modbus server
[2025-02-28T06:16:07.784Z] Error writing to Modbus register: no connection to modbus server
[2025-02-28T06:16:08.798Z] Error reading register 3105 for IP 10.30.4.91: no connection to modbus server
[2025-02-28T06:16:08.799Z] ❌ Error reading register 1000 for IP 10.30.4.91: no connection to modbus server
[2025-02-28T06:16:08.799Z] Error reading register 3105 for IP 10.30.4.91: no connection to modbus server
[2025-02-28T06:16:08.799Z] Error writing to Modbus register: no connection to modbus server
[2025-02-28T06:16:08.799Z] ❌ Error reading register 1000 for IP 10.30.4.91: no connection to modbus server
[2025-02-28T06:16:08.799Z] Error writing to Modbus register: no connection to modbus server
[2025-02-28T06:16:09.799Z] Error reading register 3105 for IP 10.30.4.91: no connection to modbus server
[2025-02-28T06:16:09.800Z] ❌ Error reading register 1000 for IP 10.30.4.91: no connection to modbus server
[2025-02-28T06:16:09.800Z] Error writing to Modbus register: no connection to modbus server
[2025-02-28T06:16:09.800Z] Error writing to Modbus register: no connection to modbus server
[2025-02-28T06:16:09.800Z] ❌ Error reading register 1000 for IP 10.30.4.91: no connection to modbus server
[2025-02-28T06:16:09.800Z] Error reading register 3105 for IP 10.30.4.91: no connection to modbus server
[2025-02-28T06:16:10.802Z] Error reading register 3105 for IP 10.30.4.91: no connection to modbus server
[2025-02-28T06:16:10.803Z] ❌ Error reading register 1000 for IP 10.30.4.91: no connection to modbus server
[2025-02-28T06:16:10.804Z] Error writing to Modbus register: no connection to modbus server
[2025-02-28T06:16:10.805Z] Error reading register 3105 for IP 10.30.4.91: no connection to modbus server
[2025-02-28T06:16:10.805Z] ❌ Error reading register 1000 for IP 10.30.4.91: no connection to modbus server
[2025-02-28T06:16:10.806Z] Error writing to Modbus register: no connection to modbus server
[2025-02-28T06:16:11.816Z] Error reading register 3105 for IP 10.30.4.91: no connection to modbus server
[2025-02-28T06:16:11.816Z] ❌ Error reading register 1000 for IP 10.30.4.91: no connection to modbus server
[2025-02-28T06:16:11.817Z] Error writing to Modbus register: no connection to modbus server
[2025-02-28T06:16:11.818Z] Error reading register 3105 for IP 10.30.4.91: no connection to modbus server
[2025-02-28T06:16:11.819Z] ❌ Error reading register 1000 for IP 10.30.4.91: no connection to modbus server
[2025-02-28T06:16:11.820Z] Error writing to Modbus register: no connection to modbus server
[2025-02-28T06:16:12.815Z] Error reading register 3105 for IP 10.30.4.91: no connection to modbus server
[2025-02-28T06:16:12.816Z] ❌ Error reading register 1000 for IP 10.30.4.91: no connection to modbus server
[2025-02-28T06:16:12.817Z] Error writing to Modbus register: no connection to modbus server
[2025-02-28T06:16:12.820Z] Error reading register 3105 for IP 10.30.4.91: no connection to modbus server
[2025-02-28T06:16:12.821Z] ❌ Error reading register 1000 for IP 10.30.4.91: no connection to modbus server
[2025-02-28T06:16:12.822Z] Error writing to Modbus register: no connection to modbus server
[2025-02-28T06:16:13.827Z] Error reading register 3105 for IP 10.30.4.91: no connection to modbus server
[2025-02-28T06:16:13.827Z] ❌ Error reading register 1000 for IP 10.30.4.91: no connection to modbus server
[2025-02-28T06:16:13.828Z] Error writing to Modbus register: no connection to modbus server
[2025-02-28T06:16:13.828Z] Error reading register 3105 for IP 10.30.4.91: no connection to modbus server
[2025-02-28T06:16:13.828Z] ❌ Error reading register 1000 for IP 10.30.4.91: no connection to modbus server
[2025-02-28T06:16:13.828Z] Error writing to Modbus register: no connection to modbus server
[2025-02-28T06:16:14.830Z] Error reading register 3105 for IP 10.30.4.91: no connection to modbus server
[2025-02-28T06:16:14.832Z] Error writing to Modbus register: no connection to modbus server
[2025-02-28T06:16:14.831Z] ❌ Error reading register 1000 for IP 10.30.4.91: no connection to modbus server
[2025-02-28T06:16:14.833Z] Error reading register 3105 for IP 10.30.4.91: no connection to modbus server
[2025-02-28T06:16:14.833Z] ❌ Error reading register 1000 for IP 10.30.4.91: no connection to modbus server
[2025-02-28T06:16:14.834Z] Error writing to Modbus register: no connection to modbus server
[2025-02-28T06:16:15.841Z] Error reading register 3105 for IP 10.30.4.91: no connection to modbus server
[2025-02-28T06:16:15.841Z] ❌ Error reading register 1000 for IP 10.30.4.91: no connection to modbus server
[2025-02-28T06:16:15.842Z] Error writing to Modbus register: no connection to modbus server
[2025-02-28T06:16:15.842Z] Error reading register 3105 for IP 10.30.4.91: no connection to modbus server
[2025-02-28T06:16:15.842Z] ❌ Error reading register 1000 for IP 10.30.4.91: no connection to modbus server
[2025-02-28T06:16:15.842Z] Error writing to Modbus register: no connection to modbus server
[2025-02-28T06:16:16.854Z] Error reading register 3105 for IP 10.30.4.91: no connection to modbus server
[2025-02-28T06:16:16.855Z] ❌ Error reading register 1000 for IP 10.30.4.91: no connection to modbus server
[2025-02-28T06:16:16.855Z] Error writing to Modbus register: no connection to modbus server
[2025-02-28T06:16:16.855Z] Error reading register 3105 for IP 10.30.4.91: no connection to modbus server
[2025-02-28T06:16:16.855Z] ❌ Error reading register 1000 for IP 10.30.4.91: no connection to modbus server
[2025-02-28T06:16:16.855Z] Error writing to Modbus register: no connection to modbus server
[2025-02-28T06:16:17.868Z] Error reading register 3105 for IP 10.30.4.91: no connection to modbus server
[2025-02-28T06:16:17.868Z] ❌ Error reading register 1000 for IP 10.30.4.91: no connection to modbus server
[2025-02-28T06:16:17.869Z] Error writing to Modbus register: no connection to modbus server
[2025-02-28T06:16:17.870Z] Error reading register 3105 for IP 10.30.4.91: no connection to modbus server
[2025-02-28T06:16:17.871Z] ❌ Error reading register 1000 for IP 10.30.4.91: no connection to modbus server
[2025-02-28T06:16:17.872Z] Error writing to Modbus register: no connection to modbus server
[2025-02-28T06:16:18.880Z] Error reading register 3105 for IP 10.30.4.91: no connection to modbus server
[2025-02-28T06:16:18.881Z] ❌ Error reading register 1000 for IP 10.30.4.91: no connection to modbus server
[2025-02-28T06:16:18.881Z] Error writing to Modbus register: no connection to modbus server
[2025-02-28T06:16:18.882Z] Error reading register 3105 for IP 10.30.4.91: no connection to modbus server
[2025-02-28T06:16:18.883Z] ❌ Error reading register 1000 for IP 10.30.4.91: no connection to modbus server
[2025-02-28T06:16:18.883Z] Error writing to Modbus register: no connection to modbus server
[2025-02-28T06:16:19.887Z] Error writing to Modbus register: no connection to modbus server
[2025-02-28T06:16:19.886Z] Error reading register 3105 for IP 10.30.4.91: no connection to modbus server
[2025-02-28T06:16:19.887Z] ❌ Error reading register 1000 for IP 10.30.4.91: no connection to modbus server
[2025-02-28T06:16:19.887Z] ❌ Error reading register 1000 for IP 10.30.4.91: no connection to modbus server
[2025-02-28T06:16:19.887Z] Error reading register 3105 for IP 10.30.4.91: no connection to modbus server
[2025-02-28T06:16:19.887Z] Error writing to Modbus register: no connection to modbus server
[2025-02-28T06:16:20.902Z] Error reading register 3105 for IP 10.30.4.91: no connection to modbus server
[2025-02-28T06:16:20.902Z] ❌ Error reading register 1000 for IP 10.30.4.91: no connection to modbus server
[2025-02-28T06:16:20.903Z] Error writing to Modbus register: no connection to modbus server
[2025-02-28T06:16:20.903Z] Error reading register 3105 for IP 10.30.4.91: no connection to modbus server
[2025-02-28T06:16:20.902Z] Error writing to Modbus register: no connection to modbus server
[2025-02-28T06:16:20.903Z] ❌ Error reading register 1000 for IP 10.30.4.91: no connection to modbus server
[2025-02-28T06:16:21.902Z] Error reading register 3105 for IP 10.30.4.91: no connection to modbus server
[2025-02-28T06:16:21.902Z] ❌ Error reading register 1000 for IP 10.30.4.91: no connection to modbus server
[2025-02-28T06:16:21.903Z] Error reading register 3105 for IP 10.30.4.91: no connection to modbus server
[2025-02-28T06:16:21.903Z] ❌ Error reading register 1000 for IP 10.30.4.91: no connection to modbus server
[2025-02-28T06:16:21.903Z] Error writing to Modbus register: no connection to modbus server
[2025-02-28T06:16:21.904Z] Error writing to Modbus register: no connection to modbus server
[2025-02-28T06:16:22.917Z] Error reading register 3105 for IP 10.30.4.91: no connection to modbus server
[2025-02-28T06:16:22.917Z] ❌ Error reading register 1000 for IP 10.30.4.91: no connection to modbus server
[2025-02-28T06:16:22.918Z] ❌ Error reading register 1000 for IP 10.30.4.91: no connection to modbus server
[2025-02-28T06:16:22.918Z] Error reading register 3105 for IP 10.30.4.91: no connection to modbus server
[2025-02-28T06:16:22.917Z] Error writing to Modbus register: no connection to modbus server
[2025-02-28T06:16:22.919Z] Error writing to Modbus register: no connection to modbus server
[2025-02-28T06:16:23.920Z] Error reading register 3105 for IP 10.30.4.91: no connection to modbus server
[2025-02-28T06:16:23.921Z] ❌ Error reading register 1000 for IP 10.30.4.91: no connection to modbus server
[2025-02-28T06:16:23.921Z] Error writing to Modbus register: no connection to modbus server
[2025-02-28T06:16:23.922Z] Error reading register 3105 for IP 10.30.4.91: no connection to modbus server
[2025-02-28T06:16:23.922Z] ❌ Error reading register 1000 for IP 10.30.4.91: no connection to modbus server
[2025-02-28T06:16:23.923Z] Error writing to Modbus register: no connection to modbus server
[2025-02-28T06:16:24.922Z] Error reading register 3105 for IP 10.30.4.91: no connection to modbus server
[2025-02-28T06:16:24.922Z] ❌ Error reading register 1000 for IP 10.30.4.91: no connection to modbus server
[2025-02-28T06:16:24.923Z] Error reading register 3105 for IP 10.30.4.91: no connection to modbus server
[2025-02-28T06:16:24.922Z] Error writing to Modbus register: no connection to modbus server
[2025-02-28T06:16:24.923Z] Error writing to Modbus register: no connection to modbus server
[2025-02-28T06:16:24.923Z] ❌ Error reading register 1000 for IP 10.30.4.91: no connection to modbus server
[2025-02-28T06:16:25.937Z] ❌ Error reading register 1000 for IP 10.30.4.91: no connection to modbus server
[2025-02-28T06:16:25.937Z] Error reading register 3105 for IP 10.30.4.91: no connection to modbus server
[2025-02-28T06:16:25.937Z] ❌ Error reading register 1000 for IP 10.30.4.91: no connection to modbus server
[2025-02-28T06:16:25.937Z] Error writing to Modbus register: no connection to modbus server
[2025-02-28T06:16:25.937Z] Error writing to Modbus register: no connection to modbus server
[2025-02-28T06:16:25.937Z] Error reading register 3105 for IP 10.30.4.91: no connection to modbus server
[2025-02-28T06:16:26.951Z] Error reading register 3105 for IP 10.30.4.91: no connection to modbus server
[2025-02-28T06:16:26.952Z] ❌ Error reading register 1000 for IP 10.30.4.91: no connection to modbus server
[2025-02-28T06:16:26.952Z] Error writing to Modbus register: no connection to modbus server
[2025-02-28T06:16:26.952Z] Error reading register 3105 for IP 10.30.4.91: no connection to modbus server
[2025-02-28T06:16:26.952Z] ❌ Error reading register 1000 for IP 10.30.4.91: no connection to modbus server
[2025-02-28T06:16:26.952Z] Error writing to Modbus register: no connection to modbus server
[2025-02-28T06:16:27.965Z] ❌ Error reading register 1000 for IP 10.30.4.91: no connection to modbus server
[2025-02-28T06:16:27.966Z] ❌ Error reading register 1000 for IP 10.30.4.91: no connection to modbus server
[2025-02-28T06:16:27.966Z] Error writing to Modbus register: no connection to modbus server
[2025-02-28T06:16:27.965Z] Error reading register 3105 for IP 10.30.4.91: no connection to modbus server
[2025-02-28T06:16:27.966Z] Error writing to Modbus register: no connection to modbus server
[2025-02-28T06:16:27.966Z] Error reading register 3105 for IP 10.30.4.91: no connection to modbus server
[2025-02-28T06:16:28.981Z] Error reading register 3105 for IP 10.30.4.91: no connection to modbus server
[2025-02-28T06:16:28.982Z] ❌ Error reading register 1000 for IP 10.30.4.91: no connection to modbus server
[2025-02-28T06:16:28.983Z] Error reading register 3105 for IP 10.30.4.91: no connection to modbus server
[2025-02-28T06:16:28.983Z] ❌ Error reading register 1000 for IP 10.30.4.91: no connection to modbus server
[2025-02-28T06:16:28.984Z] Error writing to Modbus register: no connection to modbus server
[2025-02-28T06:16:28.982Z] Error writing to Modbus register: no connection to modbus server
[2025-02-28T06:16:29.993Z] Error reading register 3105 for IP 10.30.4.91: no connection to modbus server
[2025-02-28T06:16:29.993Z] ❌ Error reading register 1000 for IP 10.30.4.91: no connection to modbus server
[2025-02-28T06:16:29.994Z] Error reading register 3105 for IP 10.30.4.91: no connection to modbus server
[2025-02-28T06:16:29.993Z] Error writing to Modbus register: no connection to modbus server
[2025-02-28T06:16:29.994Z] ❌ Error reading register 1000 for IP 10.30.4.91: no connection to modbus server
[2025-02-28T06:16:29.994Z] Error writing to Modbus register: no connection to modbus server
[2025-02-28T06:16:31.004Z] Error reading register 3105 for IP 10.30.4.91: no connection to modbus server
[2025-02-28T06:16:31.005Z] ❌ Error reading register 1000 for IP 10.30.4.91: no connection to modbus server
[2025-02-28T06:16:31.005Z] Error writing to Modbus register: no connection to modbus server
[2025-02-28T06:16:31.005Z] Error reading register 3105 for IP 10.30.4.91: no connection to modbus server
[2025-02-28T06:16:31.005Z] ❌ Error reading register 1000 for IP 10.30.4.91: no connection to modbus server
[2025-02-28T06:16:31.006Z] Error writing to Modbus register: no connection to modbus server
[2025-02-28T06:40:10.552Z] Unable to connect to device at 10.30.4.91: read ECONNRESET
[2025-02-28T06:40:10.556Z] Error reading register 3105 for IP 10.30.4.91: connection to modbus server closed
[2025-02-28T06:40:10.556Z] ❌ Error reading register 1000 for IP 10.30.4.91: rejecting because of earlier OutOfSync error
[2025-02-28T06:40:10.556Z] Error writing to Modbus register: rejecting because of earlier OutOfSync error
[2025-02-28T06:40:10.557Z] Error reading register 3105 for IP 10.30.4.91: rejecting because of earlier OutOfSync error
[2025-02-28T06:40:10.557Z] ❌ Error reading register 1000 for IP 10.30.4.91: rejecting because of earlier OutOfSync error
[2025-02-28T06:40:10.557Z] Error writing to Modbus register: rejecting because of earlier OutOfSync error
[2025-02-28T06:40:10.557Z] Error reading register 3105 for IP 10.30.4.91: rejecting because of earlier OutOfSync error
[2025-02-28T06:40:10.557Z] ❌ Error reading register 1000 for IP 10.30.4.91: rejecting because of earlier OutOfSync error
[2025-02-28T06:40:10.557Z] Error writing to Modbus register: rejecting because of earlier OutOfSync error
[2025-02-28T06:40:11.266Z] Error reading register 3105 for IP 10.30.4.91: no connection to modbus server
[2025-02-28T06:40:11.267Z] ❌ Error reading register 1000 for IP 10.30.4.91: no connection to modbus server
[2025-02-28T06:40:11.268Z] Error writing to Modbus register: no connection to modbus server
[2025-02-28T06:40:12.266Z] Error reading register 3105 for IP 10.30.4.91: no connection to modbus server
[2025-02-28T06:40:12.266Z] ❌ Error reading register 1000 for IP 10.30.4.91: no connection to modbus server
[2025-02-28T06:40:12.267Z] Error writing to Modbus register: no connection to modbus server
[2025-02-28T06:40:13.265Z] Error reading register 3105 for IP 10.30.4.91: no connection to modbus server
[2025-02-28T06:40:13.266Z] ❌ Error reading register 1000 for IP 10.30.4.91: no connection to modbus server
[2025-02-28T06:40:13.267Z] Error writing to Modbus register: no connection to modbus server
[2025-02-28T06:40:14.279Z] Error reading register 3105 for IP 10.30.4.91: no connection to modbus server
[2025-02-28T06:40:14.280Z] ❌ Error reading register 1000 for IP 10.30.4.91: no connection to modbus server
[2025-02-28T06:40:14.281Z] Error writing to Modbus register: no connection to modbus server
[2025-02-28T06:40:15.284Z] Error reading register 3105 for IP 10.30.4.91: no connection to modbus server
[2025-02-28T06:40:15.284Z] ❌ Error reading register 1000 for IP 10.30.4.91: no connection to modbus server
[2025-02-28T06:40:15.285Z] Error writing to Modbus register: no connection to modbus server
[2025-02-28T06:40:16.283Z] Error reading register 3105 for IP 10.30.4.91: no connection to modbus server
[2025-02-28T06:40:16.284Z] ❌ Error reading register 1000 for IP 10.30.4.91: no connection to modbus server
[2025-02-28T06:40:16.285Z] Error writing to Modbus register: no connection to modbus server
[2025-02-28T06:40:17.297Z] Error reading register 3105 for IP 10.30.4.91: no connection to modbus server
[2025-02-28T06:40:17.298Z] ❌ Error reading register 1000 for IP 10.30.4.91: no connection to modbus server
[2025-02-28T06:40:17.299Z] Error writing to Modbus register: no connection to modbus server
[2025-02-28T06:40:18.308Z] Error reading register 3105 for IP 10.30.4.91: no connection to modbus server
[2025-02-28T06:40:18.309Z] ❌ Error reading register 1000 for IP 10.30.4.91: no connection to modbus server
[2025-02-28T06:40:18.309Z] Error writing to Modbus register: no connection to modbus server
[2025-02-28T06:40:19.309Z] Error reading register 3105 for IP 10.30.4.91: no connection to modbus server
[2025-02-28T06:40:19.309Z] ❌ Error reading register 1000 for IP 10.30.4.91: no connection to modbus server
[2025-02-28T06:40:19.309Z] Error writing to Modbus register: no connection to modbus server
[2025-02-28T06:40:20.323Z] Error reading register 3105 for IP 10.30.4.91: no connection to modbus server
[2025-02-28T06:40:20.324Z] ❌ Error reading register 1000 for IP 10.30.4.91: no connection to modbus server
[2025-02-28T06:40:20.324Z] Error writing to Modbus register: no connection to modbus server
[2025-02-28T06:40:21.338Z] Error reading register 3105 for IP 10.30.4.91: no connection to modbus server
[2025-02-28T06:40:21.339Z] ❌ Error reading register 1000 for IP 10.30.4.91: no connection to modbus server
[2025-02-28T06:40:21.339Z] Error writing to Modbus register: no connection to modbus server
[2025-02-28T06:40:22.353Z] Error reading register 3105 for IP 10.30.4.91: no connection to modbus server
[2025-02-28T06:40:22.353Z] ❌ Error reading register 1000 for IP 10.30.4.91: no connection to modbus server
[2025-02-28T06:40:22.354Z] Error writing to Modbus register: no connection to modbus server
[2025-02-28T06:40:23.352Z] Error reading register 3105 for IP 10.30.4.91: no connection to modbus server
[2025-02-28T06:40:23.353Z] ❌ Error reading register 1000 for IP 10.30.4.91: no connection to modbus server
[2025-02-28T06:40:23.354Z] Error writing to Modbus register: no connection to modbus server
[2025-02-28T06:40:24.365Z] Error reading register 3105 for IP 10.30.4.91: no connection to modbus server
[2025-02-28T06:40:24.365Z] ❌ Error reading register 1000 for IP 10.30.4.91: no connection to modbus server
[2025-02-28T06:40:24.366Z] Error writing to Modbus register: no connection to modbus server
[2025-02-28T06:40:25.366Z] Error reading register 3105 for IP 10.30.4.91: no connection to modbus server
[2025-02-28T06:40:25.367Z] ❌ Error reading register 1000 for IP 10.30.4.91: no connection to modbus server
[2025-02-28T06:40:25.368Z] Error writing to Modbus register: no connection to modbus server
[2025-02-28T06:40:26.366Z] Error reading register 3105 for IP 10.30.4.91: no connection to modbus server
[2025-02-28T06:40:26.366Z] ❌ Error reading register 1000 for IP 10.30.4.91: no connection to modbus server
[2025-02-28T06:40:26.367Z] Error writing to Modbus register: no connection to modbus server
[2025-02-28T06:40:27.380Z] Error reading register 3105 for IP 10.30.4.91: no connection to modbus server
[2025-02-28T06:40:27.380Z] ❌ Error reading register 1000 for IP 10.30.4.91: no connection to modbus server
[2025-02-28T06:40:27.380Z] Error writing to Modbus register: no connection to modbus server
[2025-02-28T06:40:28.381Z] Error reading register 3105 for IP 10.30.4.91: no connection to modbus server
[2025-02-28T06:40:28.382Z] ❌ Error reading register 1000 for IP 10.30.4.91: no connection to modbus server
[2025-02-28T06:40:28.383Z] Error writing to Modbus register: no connection to modbus server
[2025-02-28T06:40:29.394Z] Error reading register 3105 for IP 10.30.4.91: no connection to modbus server
[2025-02-28T06:40:29.395Z] ❌ Error reading register 1000 for IP 10.30.4.91: no connection to modbus server
[2025-02-28T06:40:29.396Z] Error writing to Modbus register: no connection to modbus server
[2025-02-28T06:40:30.397Z] Error reading register 3105 for IP 10.30.4.91: no connection to modbus server
[2025-02-28T06:40:30.397Z] ❌ Error reading register 1000 for IP 10.30.4.91: no connection to modbus server
[2025-02-28T06:40:30.397Z] Error writing to Modbus register: no connection to modbus server
[2025-02-28T06:40:31.401Z] Error reading register 3105 for IP 10.30.4.91: no connection to modbus server
[2025-02-28T06:40:31.401Z] ❌ Error reading register 1000 for IP 10.30.4.91: no connection to modbus server
[2025-02-28T06:40:31.402Z] Error writing to Modbus register: no connection to modbus server
[2025-02-28T06:40:32.406Z] Error reading register 3105 for IP 10.30.4.91: no connection to modbus server
[2025-02-28T06:40:32.407Z] ❌ Error reading register 1000 for IP 10.30.4.91: no connection to modbus server
[2025-02-28T06:40:32.408Z] Error writing to Modbus register: no connection to modbus server
[2025-02-28T06:40:33.408Z] Error reading register 3105 for IP 10.30.4.91: no connection to modbus server
[2025-02-28T06:40:33.409Z] ❌ Error reading register 1000 for IP 10.30.4.91: no connection to modbus server
[2025-02-28T06:40:33.409Z] Error writing to Modbus register: no connection to modbus server
[2025-02-28T06:40:34.409Z] Error reading register 3105 for IP 10.30.4.91: no connection to modbus server
[2025-02-28T06:40:34.410Z] ❌ Error reading register 1000 for IP 10.30.4.91: no connection to modbus server
[2025-02-28T06:40:34.411Z] Error writing to Modbus register: no connection to modbus server
[2025-02-28T06:40:35.411Z] Error reading register 3105 for IP 10.30.4.91: no connection to modbus server
[2025-02-28T06:40:35.411Z] ❌ Error reading register 1000 for IP 10.30.4.91: no connection to modbus server
[2025-02-28T06:40:35.411Z] Error writing to Modbus register: no connection to modbus server
[2025-02-28T06:40:36.411Z] Error reading register 3105 for IP 10.30.4.91: no connection to modbus server
[2025-02-28T06:40:36.412Z] ❌ Error reading register 1000 for IP 10.30.4.91: no connection to modbus server
[2025-02-28T06:40:36.413Z] Error writing to Modbus register: no connection to modbus server
[2025-02-28T06:40:37.423Z] Error reading register 3105 for IP 10.30.4.91: no connection to modbus server
[2025-02-28T06:40:37.424Z] ❌ Error reading register 1000 for IP 10.30.4.91: no connection to modbus server
[2025-02-28T06:40:37.425Z] Error writing to Modbus register: no connection to modbus server
[2025-02-28T06:40:38.436Z] ❌ Error reading register 1000 for IP 10.30.4.91: no connection to modbus server
[2025-02-28T06:40:38.436Z] Error reading register 3105 for IP 10.30.4.91: no connection to modbus server
[2025-02-28T06:40:38.437Z] Error writing to Modbus register: no connection to modbus server
[2025-02-28T06:40:39.438Z] Error reading register 3105 for IP 10.30.4.91: no connection to modbus server
[2025-02-28T06:40:39.439Z] ❌ Error reading register 1000 for IP 10.30.4.91: no connection to modbus server
[2025-02-28T06:40:39.440Z] Error writing to Modbus register: no connection to modbus server
[2025-02-28T06:40:40.452Z] Error reading register 3105 for IP 10.30.4.91: no connection to modbus server
[2025-02-28T06:40:40.452Z] ❌ Error reading register 1000 for IP 10.30.4.91: no connection to modbus server
[2025-02-28T06:40:40.453Z] Error writing to Modbus register: no connection to modbus server
[2025-02-28T06:40:41.465Z] Error reading register 3105 for IP 10.30.4.91: no connection to modbus server
[2025-02-28T06:40:41.466Z] ❌ Error reading register 1000 for IP 10.30.4.91: no connection to modbus server
[2025-02-28T06:40:41.466Z] Error writing to Modbus register: no connection to modbus server
[2025-02-28T06:40:42.477Z] Error reading register 3105 for IP 10.30.4.91: no connection to modbus server
[2025-02-28T06:40:42.478Z] ❌ Error reading register 1000 for IP 10.30.4.91: no connection to modbus server
[2025-02-28T06:40:42.479Z] Error writing to Modbus register: no connection to modbus server
[2025-02-28T06:40:43.492Z] Error reading register 3105 for IP 10.30.4.91: no connection to modbus server
[2025-02-28T06:40:43.493Z] ❌ Error reading register 1000 for IP 10.30.4.91: no connection to modbus server
[2025-02-28T06:40:43.493Z] Error writing to Modbus register: no connection to modbus server
[2025-02-28T06:40:44.506Z] Error reading register 3105 for IP 10.30.4.91: no connection to modbus server
[2025-02-28T06:40:44.506Z] ❌ Error reading register 1000 for IP 10.30.4.91: no connection to modbus server
[2025-02-28T06:40:44.507Z] Error writing to Modbus register: no connection to modbus server
[2025-02-28T06:40:45.519Z] Error reading register 3105 for IP 10.30.4.91: no connection to modbus server
[2025-02-28T06:40:45.520Z] ❌ Error reading register 1000 for IP 10.30.4.91: no connection to modbus server
[2025-02-28T06:40:45.520Z] Error writing to Modbus register: no connection to modbus server
[2025-02-28T06:40:46.534Z] Error reading register 3105 for IP 10.30.4.91: no connection to modbus server
[2025-02-28T06:40:46.535Z] ❌ Error reading register 1000 for IP 10.30.4.91: no connection to modbus server
[2025-02-28T06:40:46.536Z] Error writing to Modbus register: no connection to modbus server
[2025-02-28T06:40:47.546Z] Error reading register 3105 for IP 10.30.4.91: no connection to modbus server
[2025-02-28T06:40:47.547Z] ❌ Error reading register 1000 for IP 10.30.4.91: no connection to modbus server
[2025-02-28T06:40:47.547Z] Error writing to Modbus register: no connection to modbus server
[2025-02-28T06:40:48.551Z] Error reading register 3105 for IP 10.30.4.91: no connection to modbus server
[2025-02-28T06:40:48.552Z] ❌ Error reading register 1000 for IP 10.30.4.91: no connection to modbus server
[2025-02-28T06:40:48.553Z] Error writing to Modbus register: no connection to modbus server
[2025-02-28T06:40:49.567Z] Error reading register 3105 for IP 10.30.4.91: no connection to modbus server
[2025-02-28T06:40:49.568Z] ❌ Error reading register 1000 for IP 10.30.4.91: no connection to modbus server
[2025-02-28T06:40:49.568Z] Error writing to Modbus register: no connection to modbus server
[2025-02-28T06:40:50.567Z] Error reading register 3105 for IP 10.30.4.91: no connection to modbus server
[2025-02-28T06:40:50.568Z] ❌ Error reading register 1000 for IP 10.30.4.91: no connection to modbus server
[2025-02-28T06:40:50.569Z] Error writing to Modbus register: no connection to modbus server
[2025-02-28T06:40:51.582Z] Error reading register 3105 for IP 10.30.4.91: no connection to modbus server
[2025-02-28T06:40:51.583Z] ❌ Error reading register 1000 for IP 10.30.4.91: no connection to modbus server
[2025-02-28T06:40:51.584Z] Error writing to Modbus register: no connection to modbus server
[2025-02-28T06:40:52.594Z] Error reading register 3105 for IP 10.30.4.91: no connection to modbus server
[2025-02-28T06:40:52.594Z] ❌ Error reading register 1000 for IP 10.30.4.91: no connection to modbus server
[2025-02-28T06:40:52.595Z] Error writing to Modbus register: no connection to modbus server
[2025-02-28T06:40:53.607Z] Error reading register 3105 for IP 10.30.4.91: no connection to modbus server
[2025-02-28T06:40:53.608Z] ❌ Error reading register 1000 for IP 10.30.4.91: no connection to modbus server
[2025-02-28T06:40:53.609Z] Error writing to Modbus register: no connection to modbus server
[2025-02-28T06:40:54.606Z] Error reading register 3105 for IP 10.30.4.91: no connection to modbus server
[2025-02-28T06:40:54.607Z] ❌ Error reading register 1000 for IP 10.30.4.91: no connection to modbus server
[2025-02-28T06:40:54.621Z] Error writing to Modbus register: no connection to modbus server
[2025-02-28T06:40:55.608Z] Error reading register 3105 for IP 10.30.4.91: no connection to modbus server
[2025-02-28T06:40:55.608Z] ❌ Error reading register 1000 for IP 10.30.4.91: no connection to modbus server
[2025-02-28T06:40:55.622Z] Error writing to Modbus register: no connection to modbus server
[2025-02-28T06:40:56.618Z] Error reading register 3105 for IP 10.30.4.91: no connection to modbus server
[2025-02-28T06:40:56.618Z] ❌ Error reading register 1000 for IP 10.30.4.91: no connection to modbus server
[2025-02-28T06:40:56.633Z] Error writing to Modbus register: no connection to modbus server
[2025-02-28T06:40:57.623Z] Error reading register 3105 for IP 10.30.4.91: no connection to modbus server
[2025-02-28T06:40:57.623Z] ❌ Error reading register 1000 for IP 10.30.4.91: no connection to modbus server
[2025-02-28T06:40:57.636Z] Error writing to Modbus register: no connection to modbus server
[2025-02-28T06:40:58.636Z] Error reading register 3105 for IP 10.30.4.91: no connection to modbus server
[2025-02-28T06:40:58.637Z] ❌ Error reading register 1000 for IP 10.30.4.91: no connection to modbus server
[2025-02-28T06:40:58.638Z] Error writing to Modbus register: no connection to modbus server
[2025-02-28T06:40:59.638Z] Error reading register 3105 for IP 10.30.4.91: no connection to modbus server
[2025-02-28T06:40:59.638Z] ❌ Error reading register 1000 for IP 10.30.4.91: no connection to modbus server
[2025-02-28T06:40:59.638Z] Error writing to Modbus register: no connection to modbus server
[2025-02-28T06:41:00.653Z] Error reading register 3105 for IP 10.30.4.91: no connection to modbus server
[2025-02-28T06:41:00.654Z] ❌ Error reading register 1000 for IP 10.30.4.91: no connection to modbus server
[2025-02-28T06:41:00.655Z] Error writing to Modbus register: no connection to modbus server
[2025-02-28T06:41:01.655Z] Error reading register 3105 for IP 10.30.4.91: no connection to modbus server
[2025-02-28T06:41:01.656Z] ❌ Error reading register 1000 for IP 10.30.4.91: no connection to modbus server
[2025-02-28T06:41:01.656Z] Error writing to Modbus register: no connection to modbus server
[2025-02-28T06:41:02.655Z] Error reading register 3105 for IP 10.30.4.91: no connection to modbus server
[2025-02-28T06:41:02.655Z] ❌ Error reading register 1000 for IP 10.30.4.91: no connection to modbus server
[2025-02-28T06:41:02.656Z] Error writing to Modbus register: no connection to modbus server
[2025-02-28T06:41:03.670Z] Error reading register 3105 for IP 10.30.4.91: no connection to modbus server
[2025-02-28T06:41:03.670Z] ❌ Error reading register 1000 for IP 10.30.4.91: no connection to modbus server
[2025-02-28T06:41:03.671Z] Error writing to Modbus register: no connection to modbus server
[2025-02-28T06:41:04.673Z] Error reading register 3105 for IP 10.30.4.91: no connection to modbus server
[2025-02-28T06:41:04.673Z] ❌ Error reading register 1000 for IP 10.30.4.91: no connection to modbus server
[2025-02-28T06:41:04.674Z] Error writing to Modbus register: no connection to modbus server
[2025-02-28T06:41:05.677Z] Error reading register 3105 for IP 10.30.4.91: no connection to modbus server
[2025-02-28T06:41:05.677Z] ❌ Error reading register 1000 for IP 10.30.4.91: no connection to modbus server
[2025-02-28T06:41:05.677Z] Error writing to Modbus register: no connection to modbus server
[2025-02-28T06:41:06.693Z] Error reading register 3105 for IP 10.30.4.91: no connection to modbus server
[2025-02-28T06:41:06.694Z] ❌ Error reading register 1000 for IP 10.30.4.91: no connection to modbus server
[2025-02-28T06:41:06.695Z] Error writing to Modbus register: no connection to modbus server
[2025-02-28T06:41:07.695Z] Error reading register 3105 for IP 10.30.4.91: no connection to modbus server
[2025-02-28T06:41:07.695Z] ❌ Error reading register 1000 for IP 10.30.4.91: no connection to modbus server
[2025-02-28T06:41:07.696Z] Error writing to Modbus register: no connection to modbus server
[2025-02-28T06:41:08.698Z] Error reading register 3105 for IP 10.30.4.91: no connection to modbus server
[2025-02-28T06:41:08.699Z] ❌ Error reading register 1000 for IP 10.30.4.91: no connection to modbus server
[2025-02-28T06:41:08.699Z] Error writing to Modbus register: no connection to modbus server
[2025-02-28T06:41:09.698Z] Error reading register 3105 for IP 10.30.4.91: no connection to modbus server
[2025-02-28T06:41:09.698Z] ❌ Error reading register 1000 for IP 10.30.4.91: no connection to modbus server
[2025-02-28T06:41:09.714Z] Error writing to Modbus register: no connection to modbus server
[2025-02-28T06:41:10.712Z] Error reading register 3105 for IP 10.30.4.91: no connection to modbus server
[2025-02-28T06:41:10.712Z] ❌ Error reading register 1000 for IP 10.30.4.91: no connection to modbus server
[2025-02-28T06:41:10.713Z] Error writing to Modbus register: no connection to modbus server
[2025-02-28T06:41:11.712Z] Error reading register 3105 for IP 10.30.4.91: no connection to modbus server
[2025-02-28T06:41:11.713Z] ❌ Error reading register 1000 for IP 10.30.4.91: no connection to modbus server
[2025-02-28T06:41:11.714Z] Error writing to Modbus register: no connection to modbus server
[2025-02-28T06:41:12.721Z] Error reading register 3105 for IP 10.30.4.91: no connection to modbus server
[2025-02-28T06:41:12.721Z] ❌ Error reading register 1000 for IP 10.30.4.91: no connection to modbus server
[2025-02-28T06:41:12.721Z] Error writing to Modbus register: no connection to modbus server
[2025-02-28T06:41:13.722Z] Error reading register 3105 for IP 10.30.4.91: no connection to modbus server
[2025-02-28T06:41:13.723Z] ❌ Error reading register 1000 for IP 10.30.4.91: no connection to modbus server
[2025-02-28T06:41:13.723Z] Error writing to Modbus register: no connection to modbus server
[2025-02-28T06:41:14.738Z] Error reading register 3105 for IP 10.30.4.91: no connection to modbus server
[2025-02-28T06:41:14.739Z] ❌ Error reading register 1000 for IP 10.30.4.91: no connection to modbus server
[2025-02-28T06:41:14.740Z] Error writing to Modbus register: no connection to modbus server
[2025-02-28T06:41:15.740Z] Error reading register 3105 for IP 10.30.4.91: no connection to modbus server
[2025-02-28T06:41:15.740Z] ❌ Error reading register 1000 for IP 10.30.4.91: no connection to modbus server
[2025-02-28T06:41:15.740Z] Error writing to Modbus register: no connection to modbus server
[2025-02-28T06:41:16.742Z] Error reading register 3105 for IP 10.30.4.91: no connection to modbus server
[2025-02-28T06:41:16.742Z] ❌ Error reading register 1000 for IP 10.30.4.91: no connection to modbus server
[2025-02-28T06:41:16.743Z] Error writing to Modbus register: no connection to modbus server
[2025-02-28T06:41:17.744Z] Error reading register 3105 for IP 10.30.4.91: no connection to modbus server
[2025-02-28T06:41:17.745Z] ❌ Error reading register 1000 for IP 10.30.4.91: no connection to modbus server
[2025-02-28T06:41:17.745Z] Error writing to Modbus register: no connection to modbus server
[2025-02-28T06:41:18.756Z] Error reading register 3105 for IP 10.30.4.91: no connection to modbus server
[2025-02-28T06:41:18.756Z] ❌ Error reading register 1000 for IP 10.30.4.91: no connection to modbus server
[2025-02-28T06:41:18.757Z] Error writing to Modbus register: no connection to modbus server
[2025-02-28T06:41:19.755Z] Error reading register 3105 for IP 10.30.4.91: no connection to modbus server
[2025-02-28T06:41:19.756Z] ❌ Error reading register 1000 for IP 10.30.4.91: no connection to modbus server
[2025-02-28T06:41:19.756Z] Error writing to Modbus register: no connection to modbus server
[2025-02-28T06:41:20.771Z] Error reading register 3105 for IP 10.30.4.91: no connection to modbus server
[2025-02-28T06:41:20.772Z] ❌ Error reading register 1000 for IP 10.30.4.91: no connection to modbus server
[2025-02-28T06:41:20.772Z] Error writing to Modbus register: no connection to modbus server
[2025-02-28T06:41:21.782Z] Error reading register 3105 for IP 10.30.4.91: no connection to modbus server
[2025-02-28T06:41:21.782Z] ❌ Error reading register 1000 for IP 10.30.4.91: no connection to modbus server
[2025-02-28T06:41:21.783Z] Error writing to Modbus register: no connection to modbus server
[2025-02-28T06:41:22.787Z] Error reading register 3105 for IP 10.30.4.91: no connection to modbus server
[2025-02-28T06:41:22.787Z] ❌ Error reading register 1000 for IP 10.30.4.91: no connection to modbus server
[2025-02-28T06:41:22.787Z] Error writing to Modbus register: no connection to modbus server
[2025-02-28T06:41:23.788Z] Error reading register 3105 for IP 10.30.4.91: no connection to modbus server
[2025-02-28T06:41:23.788Z] ❌ Error reading register 1000 for IP 10.30.4.91: no connection to modbus server
[2025-02-28T06:41:23.789Z] Error writing to Modbus register: no connection to modbus server
[2025-02-28T06:41:24.790Z] ❌ Error reading register 1000 for IP 10.30.4.91: no connection to modbus server
[2025-02-28T06:41:24.790Z] Error writing to Modbus register: no connection to modbus server
[2025-02-28T06:41:24.790Z] Error reading register 3105 for IP 10.30.4.91: no connection to modbus server
[2025-02-28T06:41:25.803Z] Error reading register 3105 for IP 10.30.4.91: no connection to modbus server
[2025-02-28T06:41:25.803Z] ❌ Error reading register 1000 for IP 10.30.4.91: no connection to modbus server
[2025-02-28T06:41:25.803Z] Error writing to Modbus register: no connection to modbus server
[2025-02-28T06:41:26.806Z] Error reading register 3105 for IP 10.30.4.91: no connection to modbus server
[2025-02-28T06:41:26.806Z] ❌ Error reading register 1000 for IP 10.30.4.91: no connection to modbus server
[2025-02-28T06:41:26.807Z] Error writing to Modbus register: no connection to modbus server
[2025-02-28T06:41:27.818Z] Error reading register 3105 for IP 10.30.4.91: no connection to modbus server
[2025-02-28T06:41:27.819Z] ❌ Error reading register 1000 for IP 10.30.4.91: no connection to modbus server
[2025-02-28T06:41:27.820Z] Error writing to Modbus register: no connection to modbus server
[2025-02-28T06:41:28.832Z] Error reading register 3105 for IP 10.30.4.91: no connection to modbus server
[2025-02-28T06:41:28.833Z] ❌ Error reading register 1000 for IP 10.30.4.91: no connection to modbus server
[2025-02-28T06:41:28.833Z] Error writing to Modbus register: no connection to modbus server
[2025-02-28T06:41:29.835Z] Error reading register 3105 for IP 10.30.4.91: no connection to modbus server
[2025-02-28T06:41:29.836Z] ❌ Error reading register 1000 for IP 10.30.4.91: no connection to modbus server
[2025-02-28T06:41:29.837Z] Error writing to Modbus register: no connection to modbus server
[2025-02-28T06:41:30.849Z] Error reading register 3105 for IP 10.30.4.91: no connection to modbus server
[2025-02-28T06:41:30.849Z] ❌ Error reading register 1000 for IP 10.30.4.91: no connection to modbus server
[2025-02-28T06:41:30.851Z] Error writing to Modbus register: no connection to modbus server
[2025-02-28T06:41:31.849Z] Error reading register 3105 for IP 10.30.4.91: no connection to modbus server
[2025-02-28T06:41:31.849Z] ❌ Error reading register 1000 for IP 10.30.4.91: no connection to modbus server
[2025-02-28T06:41:31.864Z] Error writing to Modbus register: no connection to modbus server
[2025-02-28T06:41:32.863Z] Error reading register 3105 for IP 10.30.4.91: no connection to modbus server
[2025-02-28T06:41:32.864Z] ❌ Error reading register 1000 for IP 10.30.4.91: no connection to modbus server
[2025-02-28T06:41:32.865Z] Error writing to Modbus register: no connection to modbus server
[2025-02-28T06:41:33.876Z] Error reading register 3105 for IP 10.30.4.91: no connection to modbus server
[2025-02-28T06:41:33.876Z] ❌ Error reading register 1000 for IP 10.30.4.91: no connection to modbus server
[2025-02-28T06:41:33.877Z] Error writing to Modbus register: no connection to modbus server
[2025-02-28T06:41:34.890Z] Error reading register 3105 for IP 10.30.4.91: no connection to modbus server
[2025-02-28T06:41:34.890Z] ❌ Error reading register 1000 for IP 10.30.4.91: no connection to modbus server
[2025-02-28T06:41:34.891Z] Error writing to Modbus register: no connection to modbus server
[2025-02-28T06:41:35.906Z] Error reading register 3105 for IP 10.30.4.91: no connection to modbus server
[2025-02-28T06:41:35.906Z] ❌ Error reading register 1000 for IP 10.30.4.91: no connection to modbus server
[2025-02-28T06:41:35.907Z] Error writing to Modbus register: no connection to modbus server
[2025-02-28T06:41:36.906Z] Error reading register 3105 for IP 10.30.4.91: no connection to modbus server
[2025-02-28T06:41:36.906Z] ❌ Error reading register 1000 for IP 10.30.4.91: no connection to modbus server
[2025-02-28T06:41:36.907Z] Error writing to Modbus register: no connection to modbus server
[2025-02-28T06:41:37.906Z] Error reading register 3105 for IP 10.30.4.91: no connection to modbus server
[2025-02-28T06:41:37.906Z] ❌ Error reading register 1000 for IP 10.30.4.91: no connection to modbus server
[2025-02-28T06:41:37.906Z] Error writing to Modbus register: no connection to modbus server
[2025-02-28T06:41:38.908Z] Error reading register 3105 for IP 10.30.4.91: no connection to modbus server
[2025-02-28T06:41:38.908Z] ❌ Error reading register 1000 for IP 10.30.4.91: no connection to modbus server
[2025-02-28T06:41:38.909Z] Error writing to Modbus register: no connection to modbus server
[2025-02-28T06:41:39.913Z] ❌ Error reading register 1000 for IP 10.30.4.91: no connection to modbus server
[2025-02-28T06:41:39.912Z] Error reading register 3105 for IP 10.30.4.91: no connection to modbus server
[2025-02-28T06:41:39.914Z] Error writing to Modbus register: no connection to modbus server
[2025-02-28T06:41:40.925Z] Error reading register 3105 for IP 10.30.4.91: no connection to modbus server
[2025-02-28T06:41:40.925Z] ❌ Error reading register 1000 for IP 10.30.4.91: no connection to modbus server
[2025-02-28T06:41:40.925Z] Error writing to Modbus register: no connection to modbus server
[2025-02-28T06:41:41.928Z] Error reading register 3105 for IP 10.30.4.91: no connection to modbus server
[2025-02-28T06:41:41.928Z] ❌ Error reading register 1000 for IP 10.30.4.91: no connection to modbus server
[2025-02-28T06:41:41.929Z] Error writing to Modbus register: no connection to modbus server
[2025-02-28T06:41:42.943Z] Error reading register 3105 for IP 10.30.4.91: no connection to modbus server
[2025-02-28T06:41:42.943Z] ❌ Error reading register 1000 for IP 10.30.4.91: no connection to modbus server
[2025-02-28T06:41:42.944Z] Error writing to Modbus register: no connection to modbus server
[2025-02-28T06:41:43.947Z] Error reading register 3105 for IP 10.30.4.91: no connection to modbus server
[2025-02-28T06:41:43.947Z] ❌ Error reading register 1000 for IP 10.30.4.91: no connection to modbus server
[2025-02-28T06:41:43.947Z] Error writing to Modbus register: no connection to modbus server
[2025-02-28T06:41:44.961Z] Error reading register 3105 for IP 10.30.4.91: no connection to modbus server
[2025-02-28T06:41:44.962Z] ❌ Error reading register 1000 for IP 10.30.4.91: no connection to modbus server
[2025-02-28T06:41:44.962Z] Error writing to Modbus register: no connection to modbus server
[2025-02-28T06:41:45.977Z] Error reading register 3105 for IP 10.30.4.91: no connection to modbus server
[2025-02-28T06:41:45.978Z] ❌ Error reading register 1000 for IP 10.30.4.91: no connection to modbus server
[2025-02-28T06:41:45.979Z] Error writing to Modbus register: no connection to modbus server
[2025-02-28T06:41:46.991Z] Error reading register 3105 for IP 10.30.4.91: no connection to modbus server
[2025-02-28T06:41:46.991Z] ❌ Error reading register 1000 for IP 10.30.4.91: no connection to modbus server
[2025-02-28T06:41:46.991Z] Error writing to Modbus register: no connection to modbus server
[2025-02-28T06:41:47.991Z] Error reading register 3105 for IP 10.30.4.91: no connection to modbus server
[2025-02-28T06:41:47.991Z] ❌ Error reading register 1000 for IP 10.30.4.91: no connection to modbus server
[2025-02-28T06:41:47.992Z] Error writing to Modbus register: no connection to modbus server
[2025-02-28T06:41:49.006Z] Error reading register 3105 for IP 10.30.4.91: no connection to modbus server
[2025-02-28T06:41:49.006Z] ❌ Error reading register 1000 for IP 10.30.4.91: no connection to modbus server
[2025-02-28T06:41:49.007Z] Error writing to Modbus register: no connection to modbus server
[2025-02-28T06:41:50.006Z] Error reading register 3105 for IP 10.30.4.91: no connection to modbus server
[2025-02-28T06:41:50.006Z] ❌ Error reading register 1000 for IP 10.30.4.91: no connection to modbus server
[2025-02-28T06:41:50.006Z] Error writing to Modbus register: no connection to modbus server
[2025-02-28T06:41:51.020Z] Error reading register 3105 for IP 10.30.4.91: no connection to modbus server
[2025-02-28T06:41:51.021Z] ❌ Error reading register 1000 for IP 10.30.4.91: no connection to modbus server
[2025-02-28T06:41:51.022Z] Error writing to Modbus register: no connection to modbus server
[2025-02-28T06:41:52.024Z] Error reading register 3105 for IP 10.30.4.91: no connection to modbus server
[2025-02-28T06:41:52.025Z] ❌ Error reading register 1000 for IP 10.30.4.91: no connection to modbus server
[2025-02-28T06:41:52.025Z] Error writing to Modbus register: no connection to modbus server
[2025-02-28T06:41:53.025Z] Error reading register 3105 for IP 10.30.4.91: no connection to modbus server
[2025-02-28T06:41:53.025Z] ❌ Error reading register 1000 for IP 10.30.4.91: no connection to modbus server
[2025-02-28T06:41:53.026Z] Error writing to Modbus register: no connection to modbus server
[2025-02-28T06:41:54.028Z] Error reading register 3105 for IP 10.30.4.91: no connection to modbus server
[2025-02-28T06:41:54.028Z] ❌ Error reading register 1000 for IP 10.30.4.91: no connection to modbus server
[2025-02-28T06:41:54.029Z] Error writing to Modbus register: no connection to modbus server
[2025-02-28T06:41:55.043Z] Error reading register 3105 for IP 10.30.4.91: no connection to modbus server
[2025-02-28T06:41:55.044Z] ❌ Error reading register 1000 for IP 10.30.4.91: no connection to modbus server
[2025-02-28T06:41:55.045Z] Error writing to Modbus register: no connection to modbus server
[2025-02-28T06:41:56.045Z] Error reading register 3105 for IP 10.30.4.91: no connection to modbus server
[2025-02-28T06:41:56.046Z] ❌ Error reading register 1000 for IP 10.30.4.91: no connection to modbus server
[2025-02-28T06:41:56.046Z] Error writing to Modbus register: no connection to modbus server
[2025-02-28T06:41:57.049Z] Error reading register 3105 for IP 10.30.4.91: no connection to modbus server
[2025-02-28T06:41:57.049Z] ❌ Error reading register 1000 for IP 10.30.4.91: no connection to modbus server
[2025-02-28T06:41:57.049Z] Error writing to Modbus register: no connection to modbus server
[2025-02-28T06:41:58.051Z] Error reading register 3105 for IP 10.30.4.91: no connection to modbus server
[2025-02-28T06:41:58.051Z] ❌ Error reading register 1000 for IP 10.30.4.91: no connection to modbus server
[2025-02-28T06:41:58.051Z] Error writing to Modbus register: no connection to modbus server
[2025-02-28T06:41:59.055Z] Error reading register 3105 for IP 10.30.4.91: no connection to modbus server
[2025-02-28T06:41:59.055Z] ❌ Error reading register 1000 for IP 10.30.4.91: no connection to modbus server
[2025-02-28T06:41:59.056Z] Error writing to Modbus register: no connection to modbus server
[2025-02-28T06:42:00.056Z] Error reading register 3105 for IP 10.30.4.91: no connection to modbus server
[2025-02-28T06:42:00.056Z] ❌ Error reading register 1000 for IP 10.30.4.91: no connection to modbus server
[2025-02-28T06:42:00.056Z] Error writing to Modbus register: no connection to modbus server
[2025-02-28T06:42:01.059Z] Error reading register 3105 for IP 10.30.4.91: no connection to modbus server
[2025-02-28T06:42:01.060Z] ❌ Error reading register 1000 for IP 10.30.4.91: no connection to modbus server
[2025-02-28T06:42:01.060Z] Error writing to Modbus register: no connection to modbus server
[2025-02-28T06:42:02.075Z] Error reading register 3105 for IP 10.30.4.91: no connection to modbus server
[2025-02-28T06:42:02.076Z] ❌ Error reading register 1000 for IP 10.30.4.91: no connection to modbus server
[2025-02-28T06:42:02.076Z] Error writing to Modbus register: no connection to modbus server
[2025-02-28T06:42:03.076Z] Error reading register 3105 for IP 10.30.4.91: no connection to modbus server
[2025-02-28T06:42:03.076Z] ❌ Error reading register 1000 for IP 10.30.4.91: no connection to modbus server
[2025-02-28T06:42:03.077Z] Error writing to Modbus register: no connection to modbus server
[2025-02-28T06:42:04.079Z] Error reading register 3105 for IP 10.30.4.91: no connection to modbus server
[2025-02-28T06:42:04.079Z] ❌ Error reading register 1000 for IP 10.30.4.91: no connection to modbus server
[2025-02-28T06:42:04.079Z] Error writing to Modbus register: no connection to modbus server
[2025-02-28T06:42:05.083Z] ❌ Error reading register 1000 for IP 10.30.4.91: no connection to modbus server
[2025-02-28T06:42:05.082Z] Error reading register 3105 for IP 10.30.4.91: no connection to modbus server
[2025-02-28T06:42:05.084Z] Error writing to Modbus register: no connection to modbus server
[2025-02-28T06:42:06.084Z] Error reading register 3105 for IP 10.30.4.91: no connection to modbus server
[2025-02-28T06:42:06.084Z] ❌ Error reading register 1000 for IP 10.30.4.91: no connection to modbus server
[2025-02-28T06:42:06.085Z] Error writing to Modbus register: no connection to modbus server
[2025-02-28T06:42:07.085Z] Error reading register 3105 for IP 10.30.4.91: no connection to modbus server
[2025-02-28T06:42:07.085Z] ❌ Error reading register 1000 for IP 10.30.4.91: no connection to modbus server
[2025-02-28T06:42:07.085Z] Error writing to Modbus register: no connection to modbus server
[2025-02-28T06:42:08.087Z] Error reading register 3105 for IP 10.30.4.91: no connection to modbus server
[2025-02-28T06:42:08.087Z] ❌ Error reading register 1000 for IP 10.30.4.91: no connection to modbus server
[2025-02-28T06:42:08.087Z] Error writing to Modbus register: no connection to modbus server
[2025-02-28T06:42:09.093Z] Error reading register 3105 for IP 10.30.4.91: no connection to modbus server
[2025-02-28T06:42:09.093Z] ❌ Error reading register 1000 for IP 10.30.4.91: no connection to modbus server
[2025-02-28T06:42:09.094Z] Error writing to Modbus register: no connection to modbus server
[2025-02-28T06:42:10.101Z] Error reading register 3105 for IP 10.30.4.91: no connection to modbus server
[2025-02-28T06:42:10.101Z] ❌ Error reading register 1000 for IP 10.30.4.91: no connection to modbus server
[2025-02-28T06:42:10.102Z] Error writing to Modbus register: no connection to modbus server
[2025-02-28T06:42:11.102Z] Error reading register 3105 for IP 10.30.4.91: no connection to modbus server
[2025-02-28T06:42:11.103Z] ❌ Error reading register 1000 for IP 10.30.4.91: no connection to modbus server
[2025-02-28T06:42:11.103Z] Error writing to Modbus register: no connection to modbus server
[2025-02-28T06:42:12.106Z] Error reading register 3105 for IP 10.30.4.91: no connection to modbus server
[2025-02-28T06:42:12.107Z] ❌ Error reading register 1000 for IP 10.30.4.91: no connection to modbus server
[2025-02-28T06:42:12.108Z] Error writing to Modbus register: no connection to modbus server
[2025-02-28T06:42:13.106Z] Error reading register 3105 for IP 10.30.4.91: no connection to modbus server
[2025-02-28T06:42:13.106Z] ❌ Error reading register 1000 for IP 10.30.4.91: no connection to modbus server
[2025-02-28T06:42:13.121Z] Error writing to Modbus register: no connection to modbus server
[2025-02-28T06:42:14.107Z] Error reading register 3105 for IP 10.30.4.91: no connection to modbus server
[2025-02-28T06:42:14.108Z] ❌ Error reading register 1000 for IP 10.30.4.91: no connection to modbus server
[2025-02-28T06:42:14.124Z] Error writing to Modbus register: no connection to modbus server
[2025-02-28T06:42:15.111Z] Error reading register 3105 for IP 10.30.4.91: no connection to modbus server
[2025-02-28T06:42:15.111Z] ❌ Error reading register 1000 for IP 10.30.4.91: no connection to modbus server
[2025-02-28T06:42:15.126Z] Error writing to Modbus register: no connection to modbus server
[2025-02-28T06:42:16.115Z] Error reading register 3105 for IP 10.30.4.91: no connection to modbus server
[2025-02-28T06:42:16.115Z] ❌ Error reading register 1000 for IP 10.30.4.91: no connection to modbus server
[2025-02-28T06:42:16.130Z] Error writing to Modbus register: no connection to modbus server
[2025-02-28T06:42:17.115Z] Error reading register 3105 for IP 10.30.4.91: no connection to modbus server
[2025-02-28T06:42:17.115Z] ❌ Error reading register 1000 for IP 10.30.4.91: no connection to modbus server
[2025-02-28T06:42:17.130Z] Error writing to Modbus register: no connection to modbus server
[2025-02-28T06:42:18.117Z] Error reading register 3105 for IP 10.30.4.91: no connection to modbus server
[2025-02-28T06:42:18.117Z] ❌ Error reading register 1000 for IP 10.30.4.91: no connection to modbus server
[2025-02-28T06:42:18.132Z] Error writing to Modbus register: no connection to modbus server
[2025-02-28T06:42:19.119Z] Error reading register 3105 for IP 10.30.4.91: no connection to modbus server
[2025-02-28T06:42:19.119Z] ❌ Error reading register 1000 for IP 10.30.4.91: no connection to modbus server
[2025-02-28T06:42:19.134Z] Error writing to Modbus register: no connection to modbus server
[2025-02-28T06:42:20.119Z] Error reading register 3105 for IP 10.30.4.91: no connection to modbus server
[2025-02-28T06:42:20.120Z] ❌ Error reading register 1000 for IP 10.30.4.91: no connection to modbus server
[2025-02-28T06:42:20.134Z] Error writing to Modbus register: no connection to modbus server
[2025-02-28T06:42:21.120Z] Error reading register 3105 for IP 10.30.4.91: no connection to modbus server
[2025-02-28T06:42:21.121Z] ❌ Error reading register 1000 for IP 10.30.4.91: no connection to modbus server
[2025-02-28T06:42:21.136Z] Error writing to Modbus register: no connection to modbus server
[2025-02-28T06:42:22.122Z] Error reading register 3105 for IP 10.30.4.91: no connection to modbus server
[2025-02-28T06:42:22.122Z] ❌ Error reading register 1000 for IP 10.30.4.91: no connection to modbus server
[2025-02-28T06:42:22.137Z] Error writing to Modbus register: no connection to modbus server
[2025-02-28T06:42:23.122Z] Error reading register 3105 for IP 10.30.4.91: no connection to modbus server
[2025-02-28T06:42:23.122Z] ❌ Error reading register 1000 for IP 10.30.4.91: no connection to modbus server
[2025-02-28T06:42:23.137Z] Error writing to Modbus register: no connection to modbus server
[2025-02-28T06:42:24.135Z] Error reading register 3105 for IP 10.30.4.91: no connection to modbus server
[2025-02-28T06:42:24.135Z] ❌ Error reading register 1000 for IP 10.30.4.91: no connection to modbus server
[2025-02-28T06:42:24.150Z] Error writing to Modbus register: no connection to modbus server
[2025-02-28T06:42:25.148Z] Error reading register 3105 for IP 10.30.4.91: no connection to modbus server
[2025-02-28T06:42:25.148Z] ❌ Error reading register 1000 for IP 10.30.4.91: no connection to modbus server
[2025-02-28T06:42:25.150Z] Error writing to Modbus register: no connection to modbus server
[2025-02-28T06:42:26.160Z] Error reading register 3105 for IP 10.30.4.91: no connection to modbus server
[2025-02-28T06:42:26.160Z] ❌ Error reading register 1000 for IP 10.30.4.91: no connection to modbus server
[2025-02-28T06:42:26.161Z] Error writing to Modbus register: no connection to modbus server
[2025-02-28T06:42:27.172Z] Error reading register 3105 for IP 10.30.4.91: no connection to modbus server
[2025-02-28T06:42:27.173Z] ❌ Error reading register 1000 for IP 10.30.4.91: no connection to modbus server
[2025-02-28T06:42:27.173Z] Error writing to Modbus register: no connection to modbus server
[2025-02-28T06:42:28.185Z] Error reading register 3105 for IP 10.30.4.91: no connection to modbus server
[2025-02-28T06:42:28.185Z] ❌ Error reading register 1000 for IP 10.30.4.91: no connection to modbus server
[2025-02-28T06:42:28.186Z] Error writing to Modbus register: no connection to modbus server
[2025-02-28T06:42:29.199Z] Error reading register 3105 for IP 10.30.4.91: no connection to modbus server
[2025-02-28T06:42:29.199Z] ❌ Error reading register 1000 for IP 10.30.4.91: no connection to modbus server
[2025-02-28T06:42:29.199Z] Error writing to Modbus register: no connection to modbus server
[2025-02-28T06:42:30.212Z] Error reading register 3105 for IP 10.30.4.91: no connection to modbus server
[2025-02-28T06:42:30.213Z] ❌ Error reading register 1000 for IP 10.30.4.91: no connection to modbus server
[2025-02-28T06:42:30.214Z] Error writing to Modbus register: no connection to modbus server
[2025-02-28T06:42:31.214Z] Error reading register 3105 for IP 10.30.4.91: no connection to modbus server
[2025-02-28T06:42:31.214Z] ❌ Error reading register 1000 for IP 10.30.4.91: no connection to modbus server
[2025-02-28T06:42:31.215Z] Error writing to Modbus register: no connection to modbus server
[2025-02-28T06:42:32.230Z] Error reading register 3105 for IP 10.30.4.91: no connection to modbus server
[2025-02-28T06:42:32.230Z] ❌ Error reading register 1000 for IP 10.30.4.91: no connection to modbus server
[2025-02-28T06:42:32.231Z] Error writing to Modbus register: no connection to modbus server
[2025-02-28T06:42:33.245Z] Error reading register 3105 for IP 10.30.4.91: no connection to modbus server
[2025-02-28T06:42:33.246Z] ❌ Error reading register 1000 for IP 10.30.4.91: no connection to modbus server
[2025-02-28T06:42:33.247Z] Error writing to Modbus register: no connection to modbus server
[2025-02-28T06:42:34.248Z] Error reading register 3105 for IP 10.30.4.91: no connection to modbus server
[2025-02-28T06:42:34.249Z] ❌ Error reading register 1000 for IP 10.30.4.91: no connection to modbus server
[2025-02-28T06:42:34.250Z] Error writing to Modbus register: no connection to modbus server
[2025-02-28T06:42:35.249Z] Error reading register 3105 for IP 10.30.4.91: no connection to modbus server
[2025-02-28T06:42:35.249Z] ❌ Error reading register 1000 for IP 10.30.4.91: no connection to modbus server
[2025-02-28T06:42:35.250Z] Error writing to Modbus register: no connection to modbus server
[2025-02-28T06:42:36.248Z] Error reading register 3105 for IP 10.30.4.91: no connection to modbus server
[2025-02-28T06:42:36.248Z] ❌ Error reading register 1000 for IP 10.30.4.91: no connection to modbus server
[2025-02-28T06:42:36.265Z] Error writing to Modbus register: no connection to modbus server
[2025-02-28T06:42:37.262Z] Error reading register 3105 for IP 10.30.4.91: no connection to modbus server
[2025-02-28T06:42:37.263Z] ❌ Error reading register 1000 for IP 10.30.4.91: no connection to modbus server
[2025-02-28T06:42:37.263Z] Error writing to Modbus register: no connection to modbus server
[2025-02-28T06:42:38.277Z] Error reading register 3105 for IP 10.30.4.91: no connection to modbus server
[2025-02-28T06:42:38.277Z] ❌ Error reading register 1000 for IP 10.30.4.91: no connection to modbus server
[2025-02-28T06:42:38.278Z] Error writing to Modbus register: no connection to modbus server
[2025-02-28T06:42:39.280Z] Error reading register 3105 for IP 10.30.4.91: no connection to modbus server
[2025-02-28T06:42:39.281Z] ❌ Error reading register 1000 for IP 10.30.4.91: no connection to modbus server
[2025-02-28T06:42:39.282Z] Error writing to Modbus register: no connection to modbus server
[2025-02-28T06:42:40.282Z] Error reading register 3105 for IP 10.30.4.91: no connection to modbus server
[2025-02-28T06:42:40.283Z] ❌ Error reading register 1000 for IP 10.30.4.91: no connection to modbus server
[2025-02-28T06:42:40.283Z] Error writing to Modbus register: no connection to modbus server
[2025-02-28T06:42:41.295Z] Error reading register 3105 for IP 10.30.4.91: no connection to modbus server
[2025-02-28T06:42:41.296Z] ❌ Error reading register 1000 for IP 10.30.4.91: no connection to modbus server
[2025-02-28T06:42:41.296Z] Error writing to Modbus register: no connection to modbus server
[2025-02-28T06:42:42.299Z] Error reading register 3105 for IP 10.30.4.91: no connection to modbus server
[2025-02-28T06:42:42.299Z] ❌ Error reading register 1000 for IP 10.30.4.91: no connection to modbus server
[2025-02-28T06:42:42.299Z] Error writing to Modbus register: no connection to modbus server
[2025-02-28T06:42:43.302Z] Error reading register 3105 for IP 10.30.4.91: no connection to modbus server
[2025-02-28T06:42:43.303Z] ❌ Error reading register 1000 for IP 10.30.4.91: no connection to modbus server
[2025-02-28T06:42:43.304Z] Error writing to Modbus register: no connection to modbus server
[2025-02-28T06:42:44.314Z] Error reading register 3105 for IP 10.30.4.91: no connection to modbus server
[2025-02-28T06:42:44.314Z] ❌ Error reading register 1000 for IP 10.30.4.91: no connection to modbus server
[2025-02-28T06:42:44.314Z] Error writing to Modbus register: no connection to modbus server
[2025-02-28T06:42:45.316Z] Error reading register 3105 for IP 10.30.4.91: no connection to modbus server
[2025-02-28T06:42:45.317Z] ❌ Error reading register 1000 for IP 10.30.4.91: no connection to modbus server
[2025-02-28T06:42:45.318Z] Error writing to Modbus register: no connection to modbus server
[2025-02-28T06:42:46.331Z] Error reading register 3105 for IP 10.30.4.91: no connection to modbus server
[2025-02-28T06:42:46.331Z] ❌ Error reading register 1000 for IP 10.30.4.91: no connection to modbus server
[2025-02-28T06:42:46.332Z] Error writing to Modbus register: no connection to modbus server
[2025-02-28T06:42:47.340Z] Error reading register 3105 for IP 10.30.4.91: no connection to modbus server
[2025-02-28T06:42:47.341Z] ❌ Error reading register 1000 for IP 10.30.4.91: no connection to modbus server
[2025-02-28T06:42:47.341Z] Error writing to Modbus register: no connection to modbus server
[2025-02-28T06:42:48.342Z] ❌ Error reading register 1000 for IP 10.30.4.91: no connection to modbus server
[2025-02-28T06:42:48.342Z] Error reading register 3105 for IP 10.30.4.91: no connection to modbus server
[2025-02-28T06:42:48.342Z] Error writing to Modbus register: no connection to modbus server
[2025-02-28T06:42:49.356Z] Error reading register 3105 for IP 10.30.4.91: no connection to modbus server
[2025-02-28T06:42:49.357Z] ❌ Error reading register 1000 for IP 10.30.4.91: no connection to modbus server
[2025-02-28T06:42:49.357Z] Error writing to Modbus register: no connection to modbus server
[2025-02-28T06:42:50.359Z] Error reading register 3105 for IP 10.30.4.91: no connection to modbus server
[2025-02-28T06:42:50.359Z] ❌ Error reading register 1000 for IP 10.30.4.91: no connection to modbus server
[2025-02-28T06:42:50.359Z] Error writing to Modbus register: no connection to modbus server
[2025-02-28T06:42:51.374Z] Error reading register 3105 for IP 10.30.4.91: no connection to modbus server
[2025-02-28T06:42:51.374Z] ❌ Error reading register 1000 for IP 10.30.4.91: no connection to modbus server
[2025-02-28T06:42:51.375Z] Error writing to Modbus register: no connection to modbus server
[2025-02-28T06:42:52.376Z] Error reading register 3105 for IP 10.30.4.91: no connection to modbus server
[2025-02-28T06:42:52.377Z] ❌ Error reading register 1000 for IP 10.30.4.91: no connection to modbus server
[2025-02-28T06:42:52.377Z] Error writing to Modbus register: no connection to modbus server
[2025-02-28T06:42:53.388Z] Error reading register 3105 for IP 10.30.4.91: no connection to modbus server
[2025-02-28T06:42:53.389Z] ❌ Error reading register 1000 for IP 10.30.4.91: no connection to modbus server
[2025-02-28T06:42:53.389Z] Error writing to Modbus register: no connection to modbus server
[2025-02-28T06:42:54.402Z] Error reading register 3105 for IP 10.30.4.91: no connection to modbus server
[2025-02-28T06:42:54.402Z] ❌ Error reading register 1000 for IP 10.30.4.91: no connection to modbus server
[2025-02-28T06:42:54.403Z] Error writing to Modbus register: no connection to modbus server
[2025-02-28T06:42:55.413Z] Error reading register 3105 for IP 10.30.4.91: no connection to modbus server
[2025-02-28T06:42:55.414Z] ❌ Error reading register 1000 for IP 10.30.4.91: no connection to modbus server
[2025-02-28T06:42:55.415Z] Error writing to Modbus register: no connection to modbus server
[2025-02-28T06:42:56.413Z] Error reading register 3105 for IP 10.30.4.91: no connection to modbus server
[2025-02-28T06:42:56.414Z] ❌ Error reading register 1000 for IP 10.30.4.91: no connection to modbus server
[2025-02-28T06:42:56.414Z] Error writing to Modbus register: no connection to modbus server
[2025-02-28T06:42:57.430Z] Error reading register 3105 for IP 10.30.4.91: no connection to modbus server
[2025-02-28T06:42:57.431Z] ❌ Error reading register 1000 for IP 10.30.4.91: no connection to modbus server
[2025-02-28T06:42:57.432Z] Error writing to Modbus register: no connection to modbus server
[2025-02-28T06:42:58.443Z] Error reading register 3105 for IP 10.30.4.91: no connection to modbus server
[2025-02-28T06:42:58.444Z] ❌ Error reading register 1000 for IP 10.30.4.91: no connection to modbus server
[2025-02-28T06:42:58.445Z] Error writing to Modbus register: no connection to modbus server
[2025-02-28T06:42:59.457Z] Error reading register 3105 for IP 10.30.4.91: no connection to modbus server
[2025-02-28T06:42:59.457Z] ❌ Error reading register 1000 for IP 10.30.4.91: no connection to modbus server
[2025-02-28T06:42:59.457Z] Error writing to Modbus register: no connection to modbus server
[2025-02-28T06:43:00.458Z] Error reading register 3105 for IP 10.30.4.91: no connection to modbus server
[2025-02-28T06:43:00.459Z] ❌ Error reading register 1000 for IP 10.30.4.91: no connection to modbus server
[2025-02-28T06:43:00.460Z] Error writing to Modbus register: no connection to modbus server
[2025-02-28T06:43:01.473Z] Error reading register 3105 for IP 10.30.4.91: no connection to modbus server
[2025-02-28T06:43:01.474Z] ❌ Error reading register 1000 for IP 10.30.4.91: no connection to modbus server
[2025-02-28T06:43:01.475Z] Error writing to Modbus register: no connection to modbus server
[2025-02-28T06:43:02.476Z] Error reading register 3105 for IP 10.30.4.91: no connection to modbus server
[2025-02-28T06:43:02.476Z] ❌ Error reading register 1000 for IP 10.30.4.91: no connection to modbus server
[2025-02-28T06:43:02.477Z] Error writing to Modbus register: no connection to modbus server
[2025-02-28T06:43:03.489Z] Error reading register 3105 for IP 10.30.4.91: no connection to modbus server
[2025-02-28T06:43:03.490Z] ❌ Error reading register 1000 for IP 10.30.4.91: no connection to modbus server
[2025-02-28T06:43:03.490Z] Error writing to Modbus register: no connection to modbus server
[2025-02-28T06:43:04.491Z] Error reading register 3105 for IP 10.30.4.91: no connection to modbus server
[2025-02-28T06:43:04.491Z] ❌ Error reading register 1000 for IP 10.30.4.91: no connection to modbus server
[2025-02-28T06:43:04.494Z] Error writing to Modbus register: no connection to modbus server
[2025-02-28T06:43:05.492Z] Error reading register 3105 for IP 10.30.4.91: no connection to modbus server
[2025-02-28T06:43:05.493Z] ❌ Error reading register 1000 for IP 10.30.4.91: no connection to modbus server
[2025-02-28T06:43:05.494Z] Error writing to Modbus register: no connection to modbus server
[2025-02-28T06:43:06.506Z] Error reading register 3105 for IP 10.30.4.91: no connection to modbus server
[2025-02-28T06:43:06.506Z] ❌ Error reading register 1000 for IP 10.30.4.91: no connection to modbus server
[2025-02-28T06:43:06.506Z] Error writing to Modbus register: no connection to modbus server
[2025-02-28T06:43:07.517Z] Error reading register 3105 for IP 10.30.4.91: no connection to modbus server
[2025-02-28T06:43:07.518Z] ❌ Error reading register 1000 for IP 10.30.4.91: no connection to modbus server
[2025-02-28T06:43:07.518Z] Error writing to Modbus register: no connection to modbus server
[2025-02-28T06:43:08.530Z] Error reading register 3105 for IP 10.30.4.91: no connection to modbus server
[2025-02-28T06:43:08.530Z] ❌ Error reading register 1000 for IP 10.30.4.91: no connection to modbus server
[2025-02-28T06:43:08.530Z] Error writing to Modbus register: no connection to modbus server
[2025-02-28T06:43:09.530Z] Error reading register 3105 for IP 10.30.4.91: no connection to modbus server
[2025-02-28T06:43:09.530Z] ❌ Error reading register 1000 for IP 10.30.4.91: no connection to modbus server
[2025-02-28T06:43:09.531Z] Error writing to Modbus register: no connection to modbus server
[2025-02-28T06:43:10.533Z] Error reading register 3105 for IP 10.30.4.91: no connection to modbus server
[2025-02-28T06:43:10.533Z] ❌ Error reading register 1000 for IP 10.30.4.91: no connection to modbus server
[2025-02-28T06:43:10.534Z] Error writing to Modbus register: no connection to modbus server
[2025-02-28T06:43:11.536Z] Error reading register 3105 for IP 10.30.4.91: no connection to modbus server
[2025-02-28T06:43:11.536Z] ❌ Error reading register 1000 for IP 10.30.4.91: no connection to modbus server
[2025-02-28T06:43:11.537Z] Error writing to Modbus register: no connection to modbus server
[2025-02-28T06:43:12.549Z] Error reading register 3105 for IP 10.30.4.91: no connection to modbus server
[2025-02-28T06:43:12.549Z] ❌ Error reading register 1000 for IP 10.30.4.91: no connection to modbus server
[2025-02-28T06:43:12.550Z] Error writing to Modbus register: no connection to modbus server
[2025-02-28T06:43:13.562Z] Error reading register 3105 for IP 10.30.4.91: no connection to modbus server
[2025-02-28T06:43:13.562Z] ❌ Error reading register 1000 for IP 10.30.4.91: no connection to modbus server
[2025-02-28T06:43:13.563Z] Error writing to Modbus register: no connection to modbus server
[2025-02-28T06:43:14.563Z] Error reading register 3105 for IP 10.30.4.91: no connection to modbus server
[2025-02-28T06:43:14.563Z] ❌ Error reading register 1000 for IP 10.30.4.91: no connection to modbus server
[2025-02-28T06:43:14.565Z] Error writing to Modbus register: no connection to modbus server
[2025-02-28T06:43:15.563Z] Error reading register 3105 for IP 10.30.4.91: no connection to modbus server
[2025-02-28T06:43:15.563Z] ❌ Error reading register 1000 for IP 10.30.4.91: no connection to modbus server
[2025-02-28T06:43:15.565Z] Error writing to Modbus register: no connection to modbus server
[2025-02-28T06:43:16.577Z] Error reading register 3105 for IP 10.30.4.91: no connection to modbus server
[2025-02-28T06:43:16.578Z] ❌ Error reading register 1000 for IP 10.30.4.91: no connection to modbus server
[2025-02-28T06:43:16.579Z] Error writing to Modbus register: no connection to modbus server
[2025-02-28T06:43:17.592Z] Error reading register 3105 for IP 10.30.4.91: no connection to modbus server
[2025-02-28T06:43:17.592Z] ❌ Error reading register 1000 for IP 10.30.4.91: no connection to modbus server
[2025-02-28T06:43:17.593Z] Error writing to Modbus register: no connection to modbus server
[2025-02-28T06:43:18.593Z] Error reading register 3105 for IP 10.30.4.91: no connection to modbus server
[2025-02-28T06:43:18.594Z] ❌ Error reading register 1000 for IP 10.30.4.91: no connection to modbus server
[2025-02-28T06:43:18.595Z] Error writing to Modbus register: no connection to modbus server
[2025-02-28T06:43:19.596Z] Error reading register 3105 for IP 10.30.4.91: no connection to modbus server
[2025-02-28T06:43:19.596Z] ❌ Error reading register 1000 for IP 10.30.4.91: no connection to modbus server
[2025-02-28T06:43:19.596Z] Error writing to Modbus register: no connection to modbus server
[2025-02-28T06:43:20.599Z] Error reading register 3105 for IP 10.30.4.91: no connection to modbus server
[2025-02-28T06:43:20.599Z] ❌ Error reading register 1000 for IP 10.30.4.91: no connection to modbus server
[2025-02-28T06:43:20.600Z] Error writing to Modbus register: no connection to modbus server
[2025-02-28T06:43:21.608Z] Error reading register 3105 for IP 10.30.4.91: no connection to modbus server
[2025-02-28T06:43:21.608Z] ❌ Error reading register 1000 for IP 10.30.4.91: no connection to modbus server
[2025-02-28T06:43:21.609Z] Error writing to Modbus register: no connection to modbus server
[2025-02-28T06:43:22.622Z] Error reading register 3105 for IP 10.30.4.91: no connection to modbus server
[2025-02-28T06:43:22.623Z] ❌ Error reading register 1000 for IP 10.30.4.91: no connection to modbus server
[2025-02-28T06:43:22.624Z] Error writing to Modbus register: no connection to modbus server
[2025-02-28T06:43:23.636Z] Error reading register 3105 for IP 10.30.4.91: no connection to modbus server
[2025-02-28T06:43:23.637Z] ❌ Error reading register 1000 for IP 10.30.4.91: no connection to modbus server
[2025-02-28T06:43:23.638Z] Error writing to Modbus register: no connection to modbus server
[2025-02-28T06:43:24.638Z] Error reading register 3105 for IP 10.30.4.91: no connection to modbus server
[2025-02-28T06:43:24.639Z] ❌ Error reading register 1000 for IP 10.30.4.91: no connection to modbus server
[2025-02-28T06:43:24.640Z] Error writing to Modbus register: no connection to modbus server
[2025-02-28T06:43:25.643Z] Error reading register 3105 for IP 10.30.4.91: no connection to modbus server
[2025-02-28T06:43:25.644Z] ❌ Error reading register 1000 for IP 10.30.4.91: no connection to modbus server
[2025-02-28T06:43:25.645Z] Error writing to Modbus register: no connection to modbus server
[2025-02-28T06:43:26.645Z] Error reading register 3105 for IP 10.30.4.91: no connection to modbus server
[2025-02-28T06:43:26.646Z] ❌ Error reading register 1000 for IP 10.30.4.91: no connection to modbus server
[2025-02-28T06:43:26.646Z] Error writing to Modbus register: no connection to modbus server
[2025-02-28T06:43:27.658Z] Error reading register 3105 for IP 10.30.4.91: no connection to modbus server
[2025-02-28T06:43:27.658Z] ❌ Error reading register 1000 for IP 10.30.4.91: no connection to modbus server
[2025-02-28T06:43:27.658Z] Error writing to Modbus register: no connection to modbus server
[2025-02-28T06:43:28.661Z] Error reading register 3105 for IP 10.30.4.91: no connection to modbus server
[2025-02-28T06:43:28.661Z] ❌ Error reading register 1000 for IP 10.30.4.91: no connection to modbus server
[2025-02-28T06:43:28.662Z] Error writing to Modbus register: no connection to modbus server
[2025-02-28T06:43:29.661Z] Error reading register 3105 for IP 10.30.4.91: no connection to modbus server
[2025-02-28T06:43:29.661Z] ❌ Error reading register 1000 for IP 10.30.4.91: no connection to modbus server
[2025-02-28T06:43:29.661Z] Error writing to Modbus register: no connection to modbus server
[2025-02-28T06:43:30.676Z] Error reading register 3105 for IP 10.30.4.91: no connection to modbus server
[2025-02-28T06:43:30.677Z] ❌ Error reading register 1000 for IP 10.30.4.91: no connection to modbus server
[2025-02-28T06:43:30.677Z] Error writing to Modbus register: no connection to modbus server
[2025-02-28T06:43:31.690Z] Error reading register 3105 for IP 10.30.4.91: no connection to modbus server
[2025-02-28T06:43:31.690Z] ❌ Error reading register 1000 for IP 10.30.4.91: no connection to modbus server
[2025-02-28T06:43:31.691Z] Error writing to Modbus register: no connection to modbus server
[2025-02-28T06:43:32.692Z] Error reading register 3105 for IP 10.30.4.91: no connection to modbus server
[2025-02-28T06:43:32.692Z] ❌ Error reading register 1000 for IP 10.30.4.91: no connection to modbus server
[2025-02-28T06:43:32.693Z] Error writing to Modbus register: no connection to modbus server
[2025-02-28T06:43:33.695Z] Error reading register 3105 for IP 10.30.4.91: no connection to modbus server
[2025-02-28T06:43:33.695Z] ❌ Error reading register 1000 for IP 10.30.4.91: no connection to modbus server
[2025-02-28T06:43:33.696Z] Error writing to Modbus register: no connection to modbus server
[2025-02-28T06:43:34.707Z] Error reading register 3105 for IP 10.30.4.91: no connection to modbus server
[2025-02-28T06:43:34.707Z] ❌ Error reading register 1000 for IP 10.30.4.91: no connection to modbus server
[2025-02-28T06:43:34.708Z] Error writing to Modbus register: no connection to modbus server
[2025-02-28T06:43:35.720Z] Error reading register 3105 for IP 10.30.4.91: no connection to modbus server
[2025-02-28T06:43:35.721Z] ❌ Error reading register 1000 for IP 10.30.4.91: no connection to modbus server
[2025-02-28T06:43:35.721Z] Error writing to Modbus register: no connection to modbus server
[2025-02-28T06:43:36.735Z] Error reading register 3105 for IP 10.30.4.91: no connection to modbus server
[2025-02-28T06:43:36.735Z] ❌ Error reading register 1000 for IP 10.30.4.91: no connection to modbus server
[2025-02-28T06:43:36.736Z] Error writing to Modbus register: no connection to modbus server
[2025-02-28T06:43:37.748Z] Error reading register 3105 for IP 10.30.4.91: no connection to modbus server
[2025-02-28T06:43:37.748Z] ❌ Error reading register 1000 for IP 10.30.4.91: no connection to modbus server
[2025-02-28T06:43:37.749Z] Error writing to Modbus register: no connection to modbus server
[2025-02-28T06:43:38.761Z] Error reading register 3105 for IP 10.30.4.91: no connection to modbus server
[2025-02-28T06:43:38.761Z] ❌ Error reading register 1000 for IP 10.30.4.91: no connection to modbus server
[2025-02-28T06:43:38.761Z] Error writing to Modbus register: no connection to modbus server
[2025-02-28T06:43:39.762Z] Error reading register 3105 for IP 10.30.4.91: no connection to modbus server
[2025-02-28T06:43:39.763Z] ❌ Error reading register 1000 for IP 10.30.4.91: no connection to modbus server
[2025-02-28T06:43:39.764Z] Error writing to Modbus register: no connection to modbus server
[2025-02-28T06:43:40.764Z] Error reading register 3105 for IP 10.30.4.91: no connection to modbus server
[2025-02-28T06:43:40.764Z] ❌ Error reading register 1000 for IP 10.30.4.91: no connection to modbus server
[2025-02-28T06:43:40.766Z] Error writing to Modbus register: no connection to modbus server
[2025-02-28T06:43:41.777Z] Error reading register 3105 for IP 10.30.4.91: no connection to modbus server
[2025-02-28T06:43:41.778Z] ❌ Error reading register 1000 for IP 10.30.4.91: no connection to modbus server
[2025-02-28T06:43:41.779Z] Error writing to Modbus register: no connection to modbus server
[2025-02-28T06:43:42.792Z] ❌ Error reading register 1000 for IP 10.30.4.91: no connection to modbus server
[2025-02-28T06:43:42.792Z] Error reading register 3105 for IP 10.30.4.91: no connection to modbus server
[2025-02-28T06:43:42.793Z] Error writing to Modbus register: no connection to modbus server
[2025-02-28T06:43:43.806Z] Error reading register 3105 for IP 10.30.4.91: no connection to modbus server
[2025-02-28T06:43:43.807Z] ❌ Error reading register 1000 for IP 10.30.4.91: no connection to modbus server
[2025-02-28T06:43:43.808Z] Error writing to Modbus register: no connection to modbus server
[2025-02-28T06:43:44.807Z] Error reading register 3105 for IP 10.30.4.91: no connection to modbus server
[2025-02-28T06:43:44.807Z] ❌ Error reading register 1000 for IP 10.30.4.91: no connection to modbus server
[2025-02-28T06:43:44.808Z] Error writing to Modbus register: no connection to modbus server
[2025-02-28T06:43:45.809Z] Error reading register 3105 for IP 10.30.4.91: no connection to modbus server
[2025-02-28T06:43:45.809Z] ❌ Error reading register 1000 for IP 10.30.4.91: no connection to modbus server
[2025-02-28T06:43:45.810Z] Error writing to Modbus register: no connection to modbus server
[2025-02-28T06:43:46.811Z] ❌ Error reading register 1000 for IP 10.30.4.91: no connection to modbus server
[2025-02-28T06:43:46.810Z] Error reading register 3105 for IP 10.30.4.91: no connection to modbus server
[2025-02-28T06:43:46.812Z] Error writing to Modbus register: no connection to modbus server
[2025-02-28T06:43:47.812Z] Error reading register 3105 for IP 10.30.4.91: no connection to modbus server
[2025-02-28T06:43:47.813Z] ❌ Error reading register 1000 for IP 10.30.4.91: no connection to modbus server
[2025-02-28T06:43:47.814Z] Error writing to Modbus register: no connection to modbus server
[2025-02-28T06:43:48.816Z] Error reading register 3105 for IP 10.30.4.91: no connection to modbus server
[2025-02-28T06:43:48.817Z] ❌ Error reading register 1000 for IP 10.30.4.91: no connection to modbus server
[2025-02-28T06:43:48.818Z] Error writing to Modbus register: no connection to modbus server
[2025-02-28T06:43:49.818Z] Error reading register 3105 for IP 10.30.4.91: no connection to modbus server
[2025-02-28T06:43:49.819Z] ❌ Error reading register 1000 for IP 10.30.4.91: no connection to modbus server
[2025-02-28T06:43:49.819Z] Error writing to Modbus register: no connection to modbus server
[2025-02-28T06:43:50.821Z] ❌ Error reading register 1000 for IP 10.30.4.91: no connection to modbus server
[2025-02-28T06:43:50.821Z] Error reading register 3105 for IP 10.30.4.91: no connection to modbus server
[2025-02-28T06:43:50.821Z] Error writing to Modbus register: no connection to modbus server
[2025-02-28T06:43:51.835Z] ❌ Error reading register 1000 for IP 10.30.4.91: no connection to modbus server
[2025-02-28T06:43:51.835Z] Error reading register 3105 for IP 10.30.4.91: no connection to modbus server
[2025-02-28T06:43:51.835Z] Error writing to Modbus register: no connection to modbus server
[2025-02-28T06:43:52.837Z] Error reading register 3105 for IP 10.30.4.91: no connection to modbus server
[2025-02-28T06:43:52.837Z] ❌ Error reading register 1000 for IP 10.30.4.91: no connection to modbus server
[2025-02-28T06:43:52.837Z] Error writing to Modbus register: no connection to modbus server
[2025-02-28T06:43:53.850Z] Error reading register 3105 for IP 10.30.4.91: no connection to modbus server
[2025-02-28T06:43:53.850Z] ❌ Error reading register 1000 for IP 10.30.4.91: no connection to modbus server
[2025-02-28T06:43:53.850Z] Error writing to Modbus register: no connection to modbus server
[2025-02-28T06:43:54.865Z] Error reading register 3105 for IP 10.30.4.91: no connection to modbus server
[2025-02-28T06:43:54.865Z] ❌ Error reading register 1000 for IP 10.30.4.91: no connection to modbus server
[2025-02-28T06:43:54.865Z] Error writing to Modbus register: no connection to modbus server
[2025-02-28T06:43:55.865Z] Error reading register 3105 for IP 10.30.4.91: no connection to modbus server
[2025-02-28T06:43:55.865Z] ❌ Error reading register 1000 for IP 10.30.4.91: no connection to modbus server
[2025-02-28T06:43:55.881Z] Error writing to Modbus register: no connection to modbus server
[2025-02-28T06:43:56.879Z] Error reading register 3105 for IP 10.30.4.91: no connection to modbus server
[2025-02-28T06:43:56.879Z] ❌ Error reading register 1000 for IP 10.30.4.91: no connection to modbus server
[2025-02-28T06:43:56.894Z] Error writing to Modbus register: no connection to modbus server
[2025-02-28T06:43:57.892Z] Error reading register 3105 for IP 10.30.4.91: no connection to modbus server
[2025-02-28T06:43:57.893Z] ❌ Error reading register 1000 for IP 10.30.4.91: no connection to modbus server
[2025-02-28T06:43:57.894Z] Error writing to Modbus register: no connection to modbus server
[2025-02-28T06:43:58.895Z] Error reading register 3105 for IP 10.30.4.91: no connection to modbus server
[2025-02-28T06:43:58.896Z] ❌ Error reading register 1000 for IP 10.30.4.91: no connection to modbus server
[2025-02-28T06:43:58.897Z] Error writing to Modbus register: no connection to modbus server
[2025-02-28T06:43:59.909Z] Error reading register 3105 for IP 10.30.4.91: no connection to modbus server
[2025-02-28T06:43:59.909Z] ❌ Error reading register 1000 for IP 10.30.4.91: no connection to modbus server
[2025-02-28T06:43:59.910Z] Error writing to Modbus register: no connection to modbus server
[2025-02-28T06:44:00.912Z] Error reading register 3105 for IP 10.30.4.91: no connection to modbus server
[2025-02-28T06:44:00.912Z] ❌ Error reading register 1000 for IP 10.30.4.91: no connection to modbus server
[2025-02-28T06:44:00.912Z] Error writing to Modbus register: no connection to modbus server
[2025-02-28T06:44:01.925Z] Error reading register 3105 for IP 10.30.4.91: no connection to modbus server
[2025-02-28T06:44:01.926Z] ❌ Error reading register 1000 for IP 10.30.4.91: no connection to modbus server
[2025-02-28T06:44:01.926Z] Error writing to Modbus register: no connection to modbus server
[2025-02-28T06:44:02.930Z] Error reading register 3105 for IP 10.30.4.91: no connection to modbus server
[2025-02-28T06:44:02.931Z] ❌ Error reading register 1000 for IP 10.30.4.91: no connection to modbus server
[2025-02-28T06:44:02.931Z] Error writing to Modbus register: no connection to modbus server
[2025-02-28T06:44:03.930Z] ❌ Error reading register 1000 for IP 10.30.4.91: no connection to modbus server
[2025-02-28T06:44:03.930Z] Error reading register 3105 for IP 10.30.4.91: no connection to modbus server
[2025-02-28T06:44:03.931Z] Error writing to Modbus register: no connection to modbus server
[2025-02-28T06:44:04.944Z] Error reading register 3105 for IP 10.30.4.91: no connection to modbus server
[2025-02-28T06:44:04.945Z] ❌ Error reading register 1000 for IP 10.30.4.91: no connection to modbus server
[2025-02-28T06:44:04.946Z] Error writing to Modbus register: no connection to modbus server
[2025-02-28T06:44:05.946Z] Error reading register 3105 for IP 10.30.4.91: no connection to modbus server
[2025-02-28T06:44:05.946Z] ❌ Error reading register 1000 for IP 10.30.4.91: no connection to modbus server
[2025-02-28T06:44:05.947Z] Error writing to Modbus register: no connection to modbus server
[2025-02-28T06:44:06.960Z] Error reading register 3105 for IP 10.30.4.91: no connection to modbus server
[2025-02-28T06:44:06.961Z] ❌ Error reading register 1000 for IP 10.30.4.91: no connection to modbus server
[2025-02-28T06:44:06.962Z] Error writing to Modbus register: no connection to modbus server
[2025-02-28T06:44:07.961Z] Error reading register 3105 for IP 10.30.4.91: no connection to modbus server
[2025-02-28T06:44:07.962Z] ❌ Error reading register 1000 for IP 10.30.4.91: no connection to modbus server
[2025-02-28T06:44:07.963Z] Error writing to Modbus register: no connection to modbus server
[2025-02-28T06:44:08.964Z] Error reading register 3105 for IP 10.30.4.91: no connection to modbus server
[2025-02-28T06:44:08.965Z] ❌ Error reading register 1000 for IP 10.30.4.91: no connection to modbus server
[2025-02-28T06:44:08.966Z] Error writing to Modbus register: no connection to modbus server
[2025-02-28T06:44:09.976Z] Error reading register 3105 for IP 10.30.4.91: no connection to modbus server
[2025-02-28T06:44:09.976Z] ❌ Error reading register 1000 for IP 10.30.4.91: no connection to modbus server
[2025-02-28T06:44:09.977Z] Error writing to Modbus register: no connection to modbus server
[2025-02-28T06:44:10.978Z] Error reading register 3105 for IP 10.30.4.91: no connection to modbus server
[2025-02-28T06:44:10.979Z] Error writing to Modbus register: no connection to modbus server
[2025-02-28T06:44:10.978Z] ❌ Error reading register 1000 for IP 10.30.4.91: no connection to modbus server
[2025-02-28T06:44:11.978Z] Error reading register 3105 for IP 10.30.4.91: no connection to modbus server
[2025-02-28T06:44:11.979Z] ❌ Error reading register 1000 for IP 10.30.4.91: no connection to modbus server
[2025-02-28T06:44:11.979Z] Error writing to Modbus register: no connection to modbus server
[2025-02-28T06:44:12.992Z] Error reading register 3105 for IP 10.30.4.91: no connection to modbus server
[2025-02-28T06:44:12.993Z] ❌ Error reading register 1000 for IP 10.30.4.91: no connection to modbus server
[2025-02-28T06:44:12.994Z] Error writing to Modbus register: no connection to modbus server
[2025-02-28T06:44:14.006Z] Error reading register 3105 for IP 10.30.4.91: no connection to modbus server
[2025-02-28T06:44:14.006Z] ❌ Error reading register 1000 for IP 10.30.4.91: no connection to modbus server
[2025-02-28T06:44:14.006Z] Error writing to Modbus register: no connection to modbus server
[2025-02-28T06:44:15.008Z] Error reading register 3105 for IP 10.30.4.91: no connection to modbus server
[2025-02-28T06:44:15.008Z] ❌ Error reading register 1000 for IP 10.30.4.91: no connection to modbus server
[2025-02-28T06:44:15.009Z] Error writing to Modbus register: no connection to modbus server
[2025-02-28T06:44:16.022Z] Error reading register 3105 for IP 10.30.4.91: no connection to modbus server
[2025-02-28T06:44:16.022Z] ❌ Error reading register 1000 for IP 10.30.4.91: no connection to modbus server
[2025-02-28T06:44:16.023Z] Error writing to Modbus register: no connection to modbus server
[2025-02-28T06:44:17.037Z] Error reading register 3105 for IP 10.30.4.91: no connection to modbus server
[2025-02-28T06:44:17.037Z] ❌ Error reading register 1000 for IP 10.30.4.91: no connection to modbus server
[2025-02-28T06:44:17.038Z] Error writing to Modbus register: no connection to modbus server
[2025-02-28T06:44:18.050Z] Error reading register 3105 for IP 10.30.4.91: no connection to modbus server
[2025-02-28T06:44:18.050Z] ❌ Error reading register 1000 for IP 10.30.4.91: no connection to modbus server
[2025-02-28T06:44:18.050Z] Error writing to Modbus register: no connection to modbus server
[2025-02-28T06:44:19.064Z] Error reading register 3105 for IP 10.30.4.91: no connection to modbus server
[2025-02-28T06:44:19.065Z] ❌ Error reading register 1000 for IP 10.30.4.91: no connection to modbus server
[2025-02-28T06:44:19.066Z] Error writing to Modbus register: no connection to modbus server
[2025-02-28T06:44:20.067Z] Error reading register 3105 for IP 10.30.4.91: no connection to modbus server
[2025-02-28T06:44:20.067Z] ❌ Error reading register 1000 for IP 10.30.4.91: no connection to modbus server
[2025-02-28T06:44:20.068Z] Error writing to Modbus register: no connection to modbus server
[2025-02-28T06:44:21.066Z] Error reading register 3105 for IP 10.30.4.91: no connection to modbus server
[2025-02-28T06:44:21.067Z] ❌ Error reading register 1000 for IP 10.30.4.91: no connection to modbus server
[2025-02-28T06:44:21.068Z] Error writing to Modbus register: no connection to modbus server
[2025-02-28T06:44:22.067Z] Error reading register 3105 for IP 10.30.4.91: no connection to modbus server
[2025-02-28T06:44:22.067Z] ❌ Error reading register 1000 for IP 10.30.4.91: no connection to modbus server
[2025-02-28T06:44:22.068Z] Error writing to Modbus register: no connection to modbus server
[2025-02-28T06:44:23.068Z] Error reading register 3105 for IP 10.30.4.91: no connection to modbus server
[2025-02-28T06:44:23.069Z] Error writing to Modbus register: no connection to modbus server
[2025-02-28T06:44:23.069Z] ❌ Error reading register 1000 for IP 10.30.4.91: no connection to modbus server
[2025-02-28T06:44:24.071Z] Error reading register 3105 for IP 10.30.4.91: no connection to modbus server
[2025-02-28T06:44:24.071Z] ❌ Error reading register 1000 for IP 10.30.4.91: no connection to modbus server
[2025-02-28T06:44:24.072Z] Error writing to Modbus register: no connection to modbus server
[2025-02-28T06:44:25.084Z] Error reading register 3105 for IP 10.30.4.91: no connection to modbus server
[2025-02-28T06:44:25.084Z] ❌ Error reading register 1000 for IP 10.30.4.91: no connection to modbus server
[2025-02-28T06:44:25.085Z] Error writing to Modbus register: no connection to modbus server
[2025-02-28T06:44:26.097Z] ❌ Error reading register 1000 for IP 10.30.4.91: no connection to modbus server
[2025-02-28T06:44:26.097Z] Error writing to Modbus register: no connection to modbus server
[2025-02-28T06:44:26.097Z] Error reading register 3105 for IP 10.30.4.91: no connection to modbus server
[2025-02-28T06:44:27.113Z] Error reading register 3105 for IP 10.30.4.91: no connection to modbus server
[2025-02-28T06:44:27.113Z] ❌ Error reading register 1000 for IP 10.30.4.91: no connection to modbus server
[2025-02-28T06:44:27.114Z] Error writing to Modbus register: no connection to modbus server
[2025-02-28T06:44:28.113Z] Error reading register 3105 for IP 10.30.4.91: no connection to modbus server
[2025-02-28T06:44:28.114Z] ❌ Error reading register 1000 for IP 10.30.4.91: no connection to modbus server
[2025-02-28T06:44:28.114Z] Error writing to Modbus register: no connection to modbus server
[2025-02-28T06:44:29.117Z] Error reading register 3105 for IP 10.30.4.91: no connection to modbus server
[2025-02-28T06:44:29.118Z] ❌ Error reading register 1000 for IP 10.30.4.91: no connection to modbus server
[2025-02-28T06:44:29.119Z] Error writing to Modbus register: no connection to modbus server
[2025-02-28T06:44:30.115Z] Error reading register 3105 for IP 10.30.4.91: no connection to modbus server
[2025-02-28T06:44:30.115Z] ❌ Error reading register 1000 for IP 10.30.4.91: no connection to modbus server
[2025-02-28T06:44:30.130Z] Error writing to Modbus register: no connection to modbus server
[2025-02-28T06:44:31.130Z] Error reading register 3105 for IP 10.30.4.91: no connection to modbus server
[2025-02-28T06:44:31.130Z] ❌ Error reading register 1000 for IP 10.30.4.91: no connection to modbus server
[2025-02-28T06:44:31.131Z] Error writing to Modbus register: no connection to modbus server
[2025-02-28T06:44:32.130Z] ❌ Error reading register 1000 for IP 10.30.4.91: no connection to modbus server
[2025-02-28T06:44:32.130Z] Error reading register 3105 for IP 10.30.4.91: no connection to modbus server
[2025-02-28T06:44:32.130Z] Error writing to Modbus register: no connection to modbus server
[2025-02-28T06:44:33.144Z] Error reading register 3105 for IP 10.30.4.91: no connection to modbus server
[2025-02-28T06:44:33.145Z] ❌ Error reading register 1000 for IP 10.30.4.91: no connection to modbus server
[2025-02-28T06:44:33.145Z] Error writing to Modbus register: no connection to modbus server
[2025-02-28T06:44:34.148Z] Error reading register 3105 for IP 10.30.4.91: no connection to modbus server
[2025-02-28T06:44:34.149Z] ❌ Error reading register 1000 for IP 10.30.4.91: no connection to modbus server
[2025-02-28T06:44:34.149Z] Error writing to Modbus register: no connection to modbus server
[2025-02-28T06:44:35.162Z] Error reading register 3105 for IP 10.30.4.91: no connection to modbus server
[2025-02-28T06:44:35.162Z] ❌ Error reading register 1000 for IP 10.30.4.91: no connection to modbus server
[2025-02-28T06:44:35.163Z] Error writing to Modbus register: no connection to modbus server
[2025-02-28T06:44:36.163Z] Error reading register 3105 for IP 10.30.4.91: no connection to modbus server
[2025-02-28T06:44:36.163Z] ❌ Error reading register 1000 for IP 10.30.4.91: no connection to modbus server
[2025-02-28T06:44:36.163Z] Error writing to Modbus register: no connection to modbus server
[2025-02-28T06:44:37.176Z] Error reading register 3105 for IP 10.30.4.91: no connection to modbus server
[2025-02-28T06:44:37.177Z] ❌ Error reading register 1000 for IP 10.30.4.91: no connection to modbus server
[2025-02-28T06:44:37.178Z] Error writing to Modbus register: no connection to modbus server
[2025-02-28T06:44:38.189Z] Error reading register 3105 for IP 10.30.4.91: no connection to modbus server
[2025-02-28T06:44:38.190Z] ❌ Error reading register 1000 for IP 10.30.4.91: no connection to modbus server
[2025-02-28T06:44:38.190Z] Error writing to Modbus register: no connection to modbus server
[2025-02-28T06:44:39.195Z] Error reading register 3105 for IP 10.30.4.91: no connection to modbus server
[2025-02-28T06:44:39.195Z] ❌ Error reading register 1000 for IP 10.30.4.91: no connection to modbus server
[2025-02-28T06:44:39.196Z] Error writing to Modbus register: no connection to modbus server
[2025-02-28T06:44:40.198Z] Error reading register 3105 for IP 10.30.4.91: no connection to modbus server
[2025-02-28T06:44:40.198Z] ❌ Error reading register 1000 for IP 10.30.4.91: no connection to modbus server
[2025-02-28T06:44:40.199Z] Error writing to Modbus register: no connection to modbus server
[2025-02-28T06:44:41.210Z] Error reading register 3105 for IP 10.30.4.91: no connection to modbus server
[2025-02-28T06:44:41.211Z] ❌ Error reading register 1000 for IP 10.30.4.91: no connection to modbus server
[2025-02-28T06:44:41.212Z] Error writing to Modbus register: no connection to modbus server
[2025-02-28T06:44:42.225Z] Error reading register 3105 for IP 10.30.4.91: no connection to modbus server
[2025-02-28T06:44:42.226Z] ❌ Error reading register 1000 for IP 10.30.4.91: no connection to modbus server
[2025-02-28T06:44:42.227Z] Error writing to Modbus register: no connection to modbus server
[2025-02-28T06:44:43.238Z] Error reading register 3105 for IP 10.30.4.91: no connection to modbus server
[2025-02-28T06:44:43.239Z] ❌ Error reading register 1000 for IP 10.30.4.91: no connection to modbus server
[2025-02-28T06:44:43.240Z] Error writing to Modbus register: no connection to modbus server
[2025-02-28T06:44:44.238Z] Error reading register 3105 for IP 10.30.4.91: no connection to modbus server
[2025-02-28T06:44:44.238Z] ❌ Error reading register 1000 for IP 10.30.4.91: no connection to modbus server
[2025-02-28T06:44:44.241Z] Error writing to Modbus register: no connection to modbus server
[2025-02-28T06:44:45.241Z] Error reading register 3105 for IP 10.30.4.91: no connection to modbus server
[2025-02-28T06:44:45.241Z] ❌ Error reading register 1000 for IP 10.30.4.91: no connection to modbus server
[2025-02-28T06:44:45.243Z] Error writing to Modbus register: no connection to modbus server
[2025-02-28T06:44:46.255Z] Error reading register 3105 for IP 10.30.4.91: no connection to modbus server
[2025-02-28T06:44:46.256Z] ❌ Error reading register 1000 for IP 10.30.4.91: no connection to modbus server
[2025-02-28T06:44:46.257Z] Error writing to Modbus register: no connection to modbus server
[2025-02-28T06:44:47.267Z] Error reading register 3105 for IP 10.30.4.91: no connection to modbus server
[2025-02-28T06:44:47.268Z] ❌ Error reading register 1000 for IP 10.30.4.91: no connection to modbus server
[2025-02-28T06:44:47.269Z] Error writing to Modbus register: no connection to modbus server
[2025-02-28T06:44:48.269Z] Error reading register 3105 for IP 10.30.4.91: no connection to modbus server
[2025-02-28T06:44:48.270Z] ❌ Error reading register 1000 for IP 10.30.4.91: no connection to modbus server
[2025-02-28T06:44:48.271Z] Error writing to Modbus register: no connection to modbus server
[2025-02-28T06:44:49.271Z] Error reading register 3105 for IP 10.30.4.91: no connection to modbus server
[2025-02-28T06:44:49.271Z] ❌ Error reading register 1000 for IP 10.30.4.91: no connection to modbus server
[2025-02-28T06:44:49.272Z] Error writing to Modbus register: no connection to modbus server
[2025-02-28T06:44:50.285Z] Error reading register 3105 for IP 10.30.4.91: no connection to modbus server
[2025-02-28T06:44:50.285Z] ❌ Error reading register 1000 for IP 10.30.4.91: no connection to modbus server
[2025-02-28T06:44:50.286Z] Error writing to Modbus register: no connection to modbus server
[2025-02-28T06:44:51.285Z] Error reading register 3105 for IP 10.30.4.91: no connection to modbus server
[2025-02-28T06:44:51.285Z] ❌ Error reading register 1000 for IP 10.30.4.91: no connection to modbus server
[2025-02-28T06:44:51.286Z] Error writing to Modbus register: no connection to modbus server
[2025-02-28T06:44:52.287Z] Error reading register 3105 for IP 10.30.4.91: no connection to modbus server
[2025-02-28T06:44:52.287Z] ❌ Error reading register 1000 for IP 10.30.4.91: no connection to modbus server
[2025-02-28T06:44:52.288Z] Error writing to Modbus register: no connection to modbus server
[2025-02-28T06:44:53.302Z] Error reading register 3105 for IP 10.30.4.91: no connection to modbus server
[2025-02-28T06:44:53.303Z] ❌ Error reading register 1000 for IP 10.30.4.91: no connection to modbus server
[2025-02-28T06:44:53.303Z] Error writing to Modbus register: no connection to modbus server
[2025-02-28T06:44:54.317Z] Error reading register 3105 for IP 10.30.4.91: no connection to modbus server
[2025-02-28T06:44:54.317Z] ❌ Error reading register 1000 for IP 10.30.4.91: no connection to modbus server
[2025-02-28T06:44:54.318Z] Error writing to Modbus register: no connection to modbus server
[2025-02-28T06:44:55.318Z] Error reading register 3105 for IP 10.30.4.91: no connection to modbus server
[2025-02-28T06:44:55.319Z] Error writing to Modbus register: no connection to modbus server
[2025-02-28T06:44:55.319Z] ❌ Error reading register 1000 for IP 10.30.4.91: no connection to modbus server
[2025-02-28T06:44:56.323Z] Error reading register 3105 for IP 10.30.4.91: no connection to modbus server
[2025-02-28T06:44:56.324Z] ❌ Error reading register 1000 for IP 10.30.4.91: no connection to modbus server
[2025-02-28T06:44:56.325Z] Error writing to Modbus register: no connection to modbus server
[2025-02-28T06:44:57.337Z] Error reading register 3105 for IP 10.30.4.91: no connection to modbus server
[2025-02-28T06:44:57.338Z] ❌ Error reading register 1000 for IP 10.30.4.91: no connection to modbus server
[2025-02-28T06:44:57.340Z] Error writing to Modbus register: no connection to modbus server
[2025-02-28T06:44:58.350Z] Error reading register 3105 for IP 10.30.4.91: no connection to modbus server
[2025-02-28T06:44:58.350Z] ❌ Error reading register 1000 for IP 10.30.4.91: no connection to modbus server
[2025-02-28T06:44:58.351Z] Error writing to Modbus register: no connection to modbus server
[2025-02-28T06:44:59.364Z] Error reading register 3105 for IP 10.30.4.91: no connection to modbus server
[2025-02-28T06:44:59.365Z] ❌ Error reading register 1000 for IP 10.30.4.91: no connection to modbus server
[2025-02-28T06:44:59.366Z] Error writing to Modbus register: no connection to modbus server
[2025-02-28T06:45:00.365Z] Error reading register 3105 for IP 10.30.4.91: no connection to modbus server
[2025-02-28T06:45:00.366Z] ❌ Error reading register 1000 for IP 10.30.4.91: no connection to modbus server
[2025-02-28T06:45:00.367Z] Error writing to Modbus register: no connection to modbus server
[2025-02-28T06:45:01.379Z] Error reading register 3105 for IP 10.30.4.91: no connection to modbus server
[2025-02-28T06:45:01.380Z] ❌ Error reading register 1000 for IP 10.30.4.91: no connection to modbus server
[2025-02-28T06:45:01.381Z] Error writing to Modbus register: no connection to modbus server
[2025-02-28T06:45:02.379Z] Error reading register 3105 for IP 10.30.4.91: no connection to modbus server
[2025-02-28T06:45:02.380Z] ❌ Error reading register 1000 for IP 10.30.4.91: no connection to modbus server
[2025-02-28T06:45:02.381Z] Error writing to Modbus register: no connection to modbus server
[2025-02-28T06:45:03.393Z] Error reading register 3105 for IP 10.30.4.91: no connection to modbus server
[2025-02-28T06:45:03.394Z] ❌ Error reading register 1000 for IP 10.30.4.91: no connection to modbus server
[2025-02-28T06:45:03.395Z] Error writing to Modbus register: no connection to modbus server
[2025-02-28T06:45:04.407Z] Error reading register 3105 for IP 10.30.4.91: no connection to modbus server
[2025-02-28T06:45:04.408Z] ❌ Error reading register 1000 for IP 10.30.4.91: no connection to modbus server
[2025-02-28T06:45:04.409Z] Error writing to Modbus register: no connection to modbus server
[2025-02-28T06:45:05.420Z] Error reading register 3105 for IP 10.30.4.91: no connection to modbus server
[2025-02-28T06:45:05.421Z] ❌ Error reading register 1000 for IP 10.30.4.91: no connection to modbus server
[2025-02-28T06:45:05.422Z] Error writing to Modbus register: no connection to modbus server
[2025-02-28T06:45:06.422Z] Error reading register 3105 for IP 10.30.4.91: no connection to modbus server
[2025-02-28T06:45:06.422Z] ❌ Error reading register 1000 for IP 10.30.4.91: no connection to modbus server
[2025-02-28T06:45:06.423Z] Error writing to Modbus register: no connection to modbus server
[2025-02-28T06:45:07.435Z] Error reading register 3105 for IP 10.30.4.91: no connection to modbus server
[2025-02-28T06:45:07.435Z] ❌ Error reading register 1000 for IP 10.30.4.91: no connection to modbus server
[2025-02-28T06:45:07.435Z] Error writing to Modbus register: no connection to modbus server
[2025-02-28T06:45:08.437Z] Error reading register 3105 for IP 10.30.4.91: no connection to modbus server
[2025-02-28T06:45:08.438Z] ❌ Error reading register 1000 for IP 10.30.4.91: no connection to modbus server
[2025-02-28T06:45:08.439Z] Error writing to Modbus register: no connection to modbus server
[2025-02-28T06:45:09.450Z] Error reading register 3105 for IP 10.30.4.91: no connection to modbus server
[2025-02-28T06:45:09.451Z] ❌ Error reading register 1000 for IP 10.30.4.91: no connection to modbus server
[2025-02-28T06:45:09.452Z] Error writing to Modbus register: no connection to modbus server
[2025-02-28T06:45:10.450Z] Error reading register 3105 for IP 10.30.4.91: no connection to modbus server
[2025-02-28T06:45:10.450Z] ❌ Error reading register 1000 for IP 10.30.4.91: no connection to modbus server
[2025-02-28T06:45:10.452Z] Error writing to Modbus register: no connection to modbus server
[2025-02-28T06:45:11.450Z] Error reading register 3105 for IP 10.30.4.91: no connection to modbus server
[2025-02-28T06:45:11.451Z] ❌ Error reading register 1000 for IP 10.30.4.91: no connection to modbus server
[2025-02-28T06:45:11.452Z] Error writing to Modbus register: no connection to modbus server
[2025-02-28T06:45:12.465Z] Error reading register 3105 for IP 10.30.4.91: no connection to modbus server
[2025-02-28T06:45:12.466Z] ❌ Error reading register 1000 for IP 10.30.4.91: no connection to modbus server
[2025-02-28T06:45:12.467Z] Error writing to Modbus register: no connection to modbus server
[2025-02-28T06:45:13.478Z] Error reading register 3105 for IP 10.30.4.91: no connection to modbus server
[2025-02-28T06:45:13.478Z] ❌ Error reading register 1000 for IP 10.30.4.91: no connection to modbus server
[2025-02-28T06:45:13.479Z] Error writing to Modbus register: no connection to modbus server
[2025-02-28T06:45:14.478Z] Error reading register 3105 for IP 10.30.4.91: no connection to modbus server
[2025-02-28T06:45:14.479Z] ❌ Error reading register 1000 for IP 10.30.4.91: no connection to modbus server
[2025-02-28T06:45:14.479Z] Error writing to Modbus register: no connection to modbus server
[2025-02-28T06:45:15.493Z] Error reading register 3105 for IP 10.30.4.91: no connection to modbus server
[2025-02-28T06:45:15.494Z] ❌ Error reading register 1000 for IP 10.30.4.91: no connection to modbus server
[2025-02-28T06:45:15.495Z] Error writing to Modbus register: no connection to modbus server
[2025-02-28T06:45:16.512Z] Error reading register 3105 for IP 10.30.4.91: no connection to modbus server
[2025-02-28T06:45:16.513Z] ❌ Error reading register 1000 for IP 10.30.4.91: no connection to modbus server
[2025-02-28T06:45:16.513Z] Error writing to Modbus register: no connection to modbus server
[2025-02-28T06:45:17.526Z] Error reading register 3105 for IP 10.30.4.91: no connection to modbus server
[2025-02-28T06:45:17.526Z] ❌ Error reading register 1000 for IP 10.30.4.91: no connection to modbus server
[2025-02-28T06:45:17.527Z] Error writing to Modbus register: no connection to modbus server
[2025-02-28T06:45:18.541Z] Error reading register 3105 for IP 10.30.4.91: no connection to modbus server
[2025-02-28T06:45:18.541Z] ❌ Error reading register 1000 for IP 10.30.4.91: no connection to modbus server
[2025-02-28T06:45:18.542Z] Error writing to Modbus register: no connection to modbus server
[2025-02-28T06:45:19.554Z] Error reading register 3105 for IP 10.30.4.91: no connection to modbus server
[2025-02-28T06:45:19.554Z] ❌ Error reading register 1000 for IP 10.30.4.91: no connection to modbus server
[2025-02-28T06:45:19.554Z] Error writing to Modbus register: no connection to modbus server
[2025-02-28T06:45:20.568Z] Error reading register 3105 for IP 10.30.4.91: no connection to modbus server
[2025-02-28T06:45:20.569Z] ❌ Error reading register 1000 for IP 10.30.4.91: no connection to modbus server
[2025-02-28T06:45:20.569Z] Error writing to Modbus register: no connection to modbus server
[2025-02-28T06:45:21.582Z] Error reading register 3105 for IP 10.30.4.91: no connection to modbus server
[2025-02-28T06:45:21.582Z] ❌ Error reading register 1000 for IP 10.30.4.91: no connection to modbus server
[2025-02-28T06:45:21.583Z] Error writing to Modbus register: no connection to modbus server
[2025-02-28T06:45:22.598Z] Error reading register 3105 for IP 10.30.4.91: no connection to modbus server
[2025-02-28T06:45:22.599Z] ❌ Error reading register 1000 for IP 10.30.4.91: no connection to modbus server
[2025-02-28T06:45:22.600Z] Error writing to Modbus register: no connection to modbus server
[2025-02-28T06:45:23.599Z] Error reading register 3105 for IP 10.30.4.91: no connection to modbus server
[2025-02-28T06:45:23.599Z] ❌ Error reading register 1000 for IP 10.30.4.91: no connection to modbus server
[2025-02-28T06:45:23.600Z] Error writing to Modbus register: no connection to modbus server
[2025-02-28T06:45:24.608Z] Error reading register 3105 for IP 10.30.4.91: no connection to modbus server
[2025-02-28T06:45:24.609Z] Error writing to Modbus register: no connection to modbus server
[2025-02-28T06:45:24.609Z] ❌ Error reading register 1000 for IP 10.30.4.91: no connection to modbus server
[2025-02-28T06:45:25.608Z] ❌ Error reading register 1000 for IP 10.30.4.91: no connection to modbus server
[2025-02-28T06:45:25.608Z] Error reading register 3105 for IP 10.30.4.91: no connection to modbus server
[2025-02-28T06:45:25.609Z] Error writing to Modbus register: no connection to modbus server
[2025-02-28T06:45:26.610Z] Error reading register 3105 for IP 10.30.4.91: no connection to modbus server
[2025-02-28T06:45:26.610Z] ❌ Error reading register 1000 for IP 10.30.4.91: no connection to modbus server
[2025-02-28T06:45:26.611Z] Error writing to Modbus register: no connection to modbus server
[2025-02-28T06:45:27.610Z] Error reading register 3105 for IP 10.30.4.91: no connection to modbus server
[2025-02-28T06:45:27.611Z] ❌ Error reading register 1000 for IP 10.30.4.91: no connection to modbus server
[2025-02-28T06:45:27.611Z] Error writing to Modbus register: no connection to modbus server
[2025-02-28T06:45:28.625Z] Error reading register 3105 for IP 10.30.4.91: no connection to modbus server
[2025-02-28T06:45:28.626Z] ❌ Error reading register 1000 for IP 10.30.4.91: no connection to modbus server
[2025-02-28T06:45:28.626Z] Error writing to Modbus register: no connection to modbus server
[2025-02-28T06:45:29.625Z] Error reading register 3105 for IP 10.30.4.91: no connection to modbus server
[2025-02-28T06:45:29.626Z] ❌ Error reading register 1000 for IP 10.30.4.91: no connection to modbus server
[2025-02-28T06:45:29.627Z] Error writing to Modbus register: no connection to modbus server
[2025-02-28T06:45:30.626Z] Error reading register 3105 for IP 10.30.4.91: no connection to modbus server
[2025-02-28T06:45:30.627Z] ❌ Error reading register 1000 for IP 10.30.4.91: no connection to modbus server
[2025-02-28T06:45:30.628Z] Error writing to Modbus register: no connection to modbus server
[2025-02-28T06:45:31.631Z] Error reading register 3105 for IP 10.30.4.91: no connection to modbus server
[2025-02-28T06:45:31.632Z] ❌ Error reading register 1000 for IP 10.30.4.91: no connection to modbus server
[2025-02-28T06:45:31.633Z] Error writing to Modbus register: no connection to modbus server
[2025-02-28T06:45:32.632Z] Error reading register 3105 for IP 10.30.4.91: no connection to modbus server
[2025-02-28T06:45:32.633Z] ❌ Error reading register 1000 for IP 10.30.4.91: no connection to modbus server
[2025-02-28T06:45:32.634Z] Error writing to Modbus register: no connection to modbus server
[2025-02-28T06:45:33.645Z] ❌ Error reading register 1000 for IP 10.30.4.91: no connection to modbus server
[2025-02-28T06:45:33.645Z] Error reading register 3105 for IP 10.30.4.91: no connection to modbus server
[2025-02-28T06:45:33.646Z] Error writing to Modbus register: no connection to modbus server
[2025-02-28T06:45:34.659Z] Error reading register 3105 for IP 10.30.4.91: no connection to modbus server
[2025-02-28T06:45:34.659Z] ❌ Error reading register 1000 for IP 10.30.4.91: no connection to modbus server
[2025-02-28T06:45:34.660Z] Error writing to Modbus register: no connection to modbus server
[2025-02-28T06:45:35.673Z] Error reading register 3105 for IP 10.30.4.91: no connection to modbus server
[2025-02-28T06:45:35.674Z] ❌ Error reading register 1000 for IP 10.30.4.91: no connection to modbus server
[2025-02-28T06:45:35.675Z] Error writing to Modbus register: no connection to modbus server
[2025-02-28T06:45:36.676Z] Error reading register 3105 for IP 10.30.4.91: no connection to modbus server
[2025-02-28T06:45:36.676Z] ❌ Error reading register 1000 for IP 10.30.4.91: no connection to modbus server
[2025-02-28T06:45:36.677Z] Error writing to Modbus register: no connection to modbus server
[2025-02-28T06:45:37.676Z] Error reading register 3105 for IP 10.30.4.91: no connection to modbus server
[2025-02-28T06:45:37.676Z] ❌ Error reading register 1000 for IP 10.30.4.91: no connection to modbus server
[2025-02-28T06:45:37.677Z] Error writing to Modbus register: no connection to modbus server
[2025-02-28T06:45:38.676Z] Error reading register 3105 for IP 10.30.4.91: no connection to modbus server
[2025-02-28T06:45:38.676Z] ❌ Error reading register 1000 for IP 10.30.4.91: no connection to modbus server
[2025-02-28T06:45:38.678Z] Error writing to Modbus register: no connection to modbus server
[2025-02-28T06:45:39.690Z] Error reading register 3105 for IP 10.30.4.91: no connection to modbus server
[2025-02-28T06:45:39.690Z] ❌ Error reading register 1000 for IP 10.30.4.91: no connection to modbus server
[2025-02-28T06:45:39.691Z] Error writing to Modbus register: no connection to modbus server
[2025-02-28T06:45:40.704Z] Error reading register 3105 for IP 10.30.4.91: no connection to modbus server
[2025-02-28T06:45:40.704Z] ❌ Error reading register 1000 for IP 10.30.4.91: no connection to modbus server
[2025-02-28T06:45:40.705Z] Error writing to Modbus register: no connection to modbus server
[2025-02-28T06:45:41.717Z] Error reading register 3105 for IP 10.30.4.91: no connection to modbus server
[2025-02-28T06:45:41.718Z] ❌ Error reading register 1000 for IP 10.30.4.91: no connection to modbus server
[2025-02-28T06:45:41.719Z] Error writing to Modbus register: no connection to modbus server
[2025-02-28T06:45:42.732Z] Error reading register 3105 for IP 10.30.4.91: no connection to modbus server
[2025-02-28T06:45:42.732Z] ❌ Error reading register 1000 for IP 10.30.4.91: no connection to modbus server
[2025-02-28T06:45:42.733Z] Error writing to Modbus register: no connection to modbus server
[2025-02-28T06:45:43.745Z] Error reading register 3105 for IP 10.30.4.91: no connection to modbus server
[2025-02-28T06:45:43.746Z] ❌ Error reading register 1000 for IP 10.30.4.91: no connection to modbus server
[2025-02-28T06:45:43.746Z] Error writing to Modbus register: no connection to modbus server
[2025-02-28T06:45:44.757Z] ❌ Error reading register 1000 for IP 10.30.4.91: no connection to modbus server
[2025-02-28T06:45:44.756Z] Error reading register 3105 for IP 10.30.4.91: no connection to modbus server
[2025-02-28T06:45:44.758Z] Error writing to Modbus register: no connection to modbus server
[2025-02-28T06:45:45.758Z] Error reading register 3105 for IP 10.30.4.91: no connection to modbus server
[2025-02-28T06:45:45.759Z] ❌ Error reading register 1000 for IP 10.30.4.91: no connection to modbus server
[2025-02-28T06:45:45.760Z] Error writing to Modbus register: no connection to modbus server
[2025-02-28T06:45:46.762Z] Error reading register 3105 for IP 10.30.4.91: no connection to modbus server
[2025-02-28T06:45:46.763Z] ❌ Error reading register 1000 for IP 10.30.4.91: no connection to modbus server
[2025-02-28T06:45:46.764Z] Error writing to Modbus register: no connection to modbus server
[2025-02-28T06:45:47.763Z] Error reading register 3105 for IP 10.30.4.91: no connection to modbus server
[2025-02-28T06:45:47.764Z] ❌ Error reading register 1000 for IP 10.30.4.91: no connection to modbus server
[2025-02-28T06:45:47.765Z] Error writing to Modbus register: no connection to modbus server
[2025-02-28T06:45:48.776Z] Error reading register 3105 for IP 10.30.4.91: no connection to modbus server
[2025-02-28T06:45:48.776Z] ❌ Error reading register 1000 for IP 10.30.4.91: no connection to modbus server
[2025-02-28T06:45:48.777Z] Error writing to Modbus register: no connection to modbus server
[2025-02-28T06:45:49.781Z] Error reading register 3105 for IP 10.30.4.91: no connection to modbus server
[2025-02-28T06:45:49.781Z] ❌ Error reading register 1000 for IP 10.30.4.91: no connection to modbus server
[2025-02-28T06:45:49.782Z] Error writing to Modbus register: no connection to modbus server
[2025-02-28T06:45:50.782Z] Error reading register 3105 for IP 10.30.4.91: no connection to modbus server
[2025-02-28T06:45:50.782Z] ❌ Error reading register 1000 for IP 10.30.4.91: no connection to modbus server
[2025-02-28T06:45:50.784Z] Error writing to Modbus register: no connection to modbus server
[2025-02-28T06:45:51.795Z] Error reading register 3105 for IP 10.30.4.91: no connection to modbus server
[2025-02-28T06:45:51.795Z] ❌ Error reading register 1000 for IP 10.30.4.91: no connection to modbus server
[2025-02-28T06:45:51.796Z] Error writing to Modbus register: no connection to modbus server
[2025-02-28T06:45:52.811Z] Error reading register 3105 for IP 10.30.4.91: no connection to modbus server
[2025-02-28T06:45:52.813Z] Error writing to Modbus register: no connection to modbus server
[2025-02-28T06:45:52.812Z] ❌ Error reading register 1000 for IP 10.30.4.91: no connection to modbus server
[2025-02-28T06:45:53.824Z] Error reading register 3105 for IP 10.30.4.91: no connection to modbus server
[2025-02-28T06:45:53.824Z] ❌ Error reading register 1000 for IP 10.30.4.91: no connection to modbus server
[2025-02-28T06:45:53.825Z] Error writing to Modbus register: no connection to modbus server
[2025-02-28T06:45:54.839Z] Error reading register 3105 for IP 10.30.4.91: no connection to modbus server
[2025-02-28T06:45:54.840Z] ❌ Error reading register 1000 for IP 10.30.4.91: no connection to modbus server
[2025-02-28T06:45:54.841Z] Error writing to Modbus register: no connection to modbus server
[2025-02-28T06:45:55.841Z] Error reading register 3105 for IP 10.30.4.91: no connection to modbus server
[2025-02-28T06:45:55.841Z] ❌ Error reading register 1000 for IP 10.30.4.91: no connection to modbus server
[2025-02-28T06:45:55.842Z] Error writing to Modbus register: no connection to modbus server
[2025-02-28T06:45:56.855Z] Error reading register 3105 for IP 10.30.4.91: no connection to modbus server
[2025-02-28T06:45:56.856Z] ❌ Error reading register 1000 for IP 10.30.4.91: no connection to modbus server
[2025-02-28T06:45:56.857Z] Error writing to Modbus register: no connection to modbus server
[2025-02-28T06:45:57.868Z] Error reading register 3105 for IP 10.30.4.91: no connection to modbus server
[2025-02-28T06:45:57.868Z] ❌ Error reading register 1000 for IP 10.30.4.91: no connection to modbus server
[2025-02-28T06:45:57.869Z] Error writing to Modbus register: no connection to modbus server
[2025-02-28T06:45:58.884Z] Error reading register 3105 for IP 10.30.4.91: no connection to modbus server
[2025-02-28T06:45:58.884Z] ❌ Error reading register 1000 for IP 10.30.4.91: no connection to modbus server
[2025-02-28T06:45:58.885Z] Error writing to Modbus register: no connection to modbus server
[2025-02-28T06:45:59.897Z] Error reading register 3105 for IP 10.30.4.91: no connection to modbus server
[2025-02-28T06:45:59.898Z] ❌ Error reading register 1000 for IP 10.30.4.91: no connection to modbus server
[2025-02-28T06:45:59.900Z] Error writing to Modbus register: no connection to modbus server
[2025-02-28T06:46:00.912Z] Error reading register 3105 for IP 10.30.4.91: no connection to modbus server
[2025-02-28T06:46:00.912Z] ❌ Error reading register 1000 for IP 10.30.4.91: no connection to modbus server
[2025-02-28T06:46:00.913Z] Error writing to Modbus register: no connection to modbus server
[2025-02-28T06:46:01.926Z] Error reading register 3105 for IP 10.30.4.91: no connection to modbus server
[2025-02-28T06:46:01.927Z] ❌ Error reading register 1000 for IP 10.30.4.91: no connection to modbus server
[2025-02-28T06:46:01.928Z] Error writing to Modbus register: no connection to modbus server
[2025-02-28T06:46:02.939Z] Error reading register 3105 for IP 10.30.4.91: no connection to modbus server
[2025-02-28T06:46:02.939Z] ❌ Error reading register 1000 for IP 10.30.4.91: no connection to modbus server
[2025-02-28T06:46:02.939Z] Error writing to Modbus register: no connection to modbus server
[2025-02-28T06:46:03.943Z] Error reading register 3105 for IP 10.30.4.91: no connection to modbus server
[2025-02-28T06:46:03.943Z] ❌ Error reading register 1000 for IP 10.30.4.91: no connection to modbus server
[2025-02-28T06:46:03.944Z] Error writing to Modbus register: no connection to modbus server
[2025-02-28T06:46:04.944Z] Error reading register 3105 for IP 10.30.4.91: no connection to modbus server
[2025-02-28T06:46:04.945Z] ❌ Error reading register 1000 for IP 10.30.4.91: no connection to modbus server
[2025-02-28T06:46:04.945Z] Error writing to Modbus register: no connection to modbus server
[2025-02-28T06:46:05.945Z] Error reading register 3105 for IP 10.30.4.91: no connection to modbus server
[2025-02-28T06:46:05.946Z] ❌ Error reading register 1000 for IP 10.30.4.91: no connection to modbus server
[2025-02-28T06:46:05.947Z] Error writing to Modbus register: no connection to modbus server
[2025-02-28T06:46:06.946Z] Error reading register 3105 for IP 10.30.4.91: no connection to modbus server
[2025-02-28T06:46:06.946Z] ❌ Error reading register 1000 for IP 10.30.4.91: no connection to modbus server
[2025-02-28T06:46:06.948Z] Error writing to Modbus register: no connection to modbus server
[2025-02-28T06:46:07.959Z] Error reading register 3105 for IP 10.30.4.91: no connection to modbus server
[2025-02-28T06:46:07.959Z] ❌ Error reading register 1000 for IP 10.30.4.91: no connection to modbus server
[2025-02-28T06:46:07.960Z] Error writing to Modbus register: no connection to modbus server
[2025-02-28T06:46:08.960Z] Error reading register 3105 for IP 10.30.4.91: no connection to modbus server
[2025-02-28T06:46:08.960Z] ❌ Error reading register 1000 for IP 10.30.4.91: no connection to modbus server
[2025-02-28T06:46:08.961Z] Error writing to Modbus register: no connection to modbus server
[2025-02-28T06:46:09.974Z] Error reading register 3105 for IP 10.30.4.91: no connection to modbus server
[2025-02-28T06:46:09.974Z] Error writing to Modbus register: no connection to modbus server
[2025-02-28T06:46:09.974Z] ❌ Error reading register 1000 for IP 10.30.4.91: no connection to modbus server
[2025-02-28T06:46:10.975Z] Error reading register 3105 for IP 10.30.4.91: no connection to modbus server
[2025-02-28T06:46:10.976Z] ❌ Error reading register 1000 for IP 10.30.4.91: no connection to modbus server
[2025-02-28T06:46:10.977Z] Error writing to Modbus register: no connection to modbus server
[2025-02-28T06:46:11.990Z] Error reading register 3105 for IP 10.30.4.91: no connection to modbus server
[2025-02-28T06:46:11.990Z] ❌ Error reading register 1000 for IP 10.30.4.91: no connection to modbus server
[2025-02-28T06:46:11.991Z] Error writing to Modbus register: no connection to modbus server
[2025-02-28T06:46:12.990Z] Error reading register 3105 for IP 10.30.4.91: no connection to modbus server
[2025-02-28T06:46:12.991Z] ❌ Error reading register 1000 for IP 10.30.4.91: no connection to modbus server
[2025-02-28T06:46:12.992Z] Error writing to Modbus register: no connection to modbus server
[2025-02-28T06:46:14.004Z] Error reading register 3105 for IP 10.30.4.91: no connection to modbus server
[2025-02-28T06:46:14.005Z] ❌ Error reading register 1000 for IP 10.30.4.91: no connection to modbus server
[2025-02-28T06:46:14.006Z] Error writing to Modbus register: no connection to modbus server
[2025-02-28T06:46:15.018Z] Error reading register 3105 for IP 10.30.4.91: no connection to modbus server
[2025-02-28T06:46:15.018Z] ❌ Error reading register 1000 for IP 10.30.4.91: no connection to modbus server
[2025-02-28T06:46:15.019Z] Error writing to Modbus register: no connection to modbus server
[2025-02-28T06:46:16.032Z] Error reading register 3105 for IP 10.30.4.91: no connection to modbus server
[2025-02-28T06:46:16.033Z] ❌ Error reading register 1000 for IP 10.30.4.91: no connection to modbus server
[2025-02-28T06:46:16.033Z] Error writing to Modbus register: no connection to modbus server
[2025-02-28T06:46:17.046Z] Error reading register 3105 for IP 10.30.4.91: no connection to modbus server
[2025-02-28T06:46:17.046Z] ❌ Error reading register 1000 for IP 10.30.4.91: no connection to modbus server
[2025-02-28T06:46:17.047Z] Error writing to Modbus register: no connection to modbus server
[2025-02-28T06:46:18.046Z] Error reading register 3105 for IP 10.30.4.91: no connection to modbus server
[2025-02-28T06:46:18.047Z] ❌ Error reading register 1000 for IP 10.30.4.91: no connection to modbus server
[2025-02-28T06:46:18.048Z] Error writing to Modbus register: no connection to modbus server
[2025-02-28T06:46:19.060Z] Error reading register 3105 for IP 10.30.4.91: no connection to modbus server
[2025-02-28T06:46:19.060Z] ❌ Error reading register 1000 for IP 10.30.4.91: no connection to modbus server
[2025-02-28T06:46:19.060Z] Error writing to Modbus register: no connection to modbus server
[2025-02-28T06:46:20.061Z] Error reading register 3105 for IP 10.30.4.91: no connection to modbus server
[2025-02-28T06:46:20.062Z] ❌ Error reading register 1000 for IP 10.30.4.91: no connection to modbus server
[2025-02-28T06:46:20.063Z] Error writing to Modbus register: no connection to modbus server
[2025-02-28T06:46:21.075Z] Error reading register 3105 for IP 10.30.4.91: no connection to modbus server
[2025-02-28T06:46:21.076Z] ❌ Error reading register 1000 for IP 10.30.4.91: no connection to modbus server
[2025-02-28T06:46:21.077Z] Error writing to Modbus register: no connection to modbus server
[2025-02-28T06:46:22.088Z] Error reading register 3105 for IP 10.30.4.91: no connection to modbus server
[2025-02-28T06:46:22.089Z] Error writing to Modbus register: no connection to modbus server
[2025-02-28T06:46:22.089Z] ❌ Error reading register 1000 for IP 10.30.4.91: no connection to modbus server
[2025-02-28T06:46:23.090Z] Error reading register 3105 for IP 10.30.4.91: no connection to modbus server
[2025-02-28T06:46:23.091Z] ❌ Error reading register 1000 for IP 10.30.4.91: no connection to modbus server
[2025-02-28T06:46:23.092Z] Error writing to Modbus register: no connection to modbus server
[2025-02-28T06:46:24.089Z] Error reading register 3105 for IP 10.30.4.91: no connection to modbus server
[2025-02-28T06:46:24.089Z] ❌ Error reading register 1000 for IP 10.30.4.91: no connection to modbus server
[2025-02-28T06:46:24.105Z] Error writing to Modbus register: no connection to modbus server
[2025-02-28T06:46:25.091Z] Error reading register 3105 for IP 10.30.4.91: no connection to modbus server
[2025-02-28T06:46:25.091Z] ❌ Error reading register 1000 for IP 10.30.4.91: no connection to modbus server
[2025-02-28T06:46:25.105Z] Error writing to Modbus register: no connection to modbus server
[2025-02-28T06:46:26.103Z] Error reading register 3105 for IP 10.30.4.91: no connection to modbus server
[2025-02-28T06:46:26.103Z] ❌ Error reading register 1000 for IP 10.30.4.91: no connection to modbus server
[2025-02-28T06:46:26.119Z] Error writing to Modbus register: no connection to modbus server
[2025-02-28T06:46:27.113Z] Error reading register 3105 for IP 10.30.4.91: no connection to modbus server
[2025-02-28T06:46:27.114Z] ❌ Error reading register 1000 for IP 10.30.4.91: no connection to modbus server
[2025-02-28T06:46:27.129Z] Error writing to Modbus register: no connection to modbus server
[2025-02-28T06:46:28.114Z] Error reading register 3105 for IP 10.30.4.91: no connection to modbus server
[2025-02-28T06:46:28.114Z] ❌ Error reading register 1000 for IP 10.30.4.91: no connection to modbus server
[2025-02-28T06:46:28.144Z] Error writing to Modbus register: no connection to modbus server
[2025-02-28T06:46:29.129Z] Error reading register 3105 for IP 10.30.4.91: no connection to modbus server
[2025-02-28T06:46:29.130Z] ❌ Error reading register 1000 for IP 10.30.4.91: no connection to modbus server
[2025-02-28T06:46:29.159Z] Error writing to Modbus register: no connection to modbus server
[2025-02-28T06:46:30.131Z] Error reading register 3105 for IP 10.30.4.91: no connection to modbus server
[2025-02-28T06:46:30.131Z] ❌ Error reading register 1000 for IP 10.30.4.91: no connection to modbus server
[2025-02-28T06:46:30.161Z] Error writing to Modbus register: no connection to modbus server
[2025-02-28T06:46:31.143Z] Error reading register 3105 for IP 10.30.4.91: no connection to modbus server
[2025-02-28T06:46:31.143Z] ❌ Error reading register 1000 for IP 10.30.4.91: no connection to modbus server
[2025-02-28T06:46:31.173Z] Error writing to Modbus register: no connection to modbus server
[2025-02-28T06:46:32.146Z] Error reading register 3105 for IP 10.30.4.91: no connection to modbus server
[2025-02-28T06:46:32.147Z] ❌ Error reading register 1000 for IP 10.30.4.91: no connection to modbus server
[2025-02-28T06:46:32.176Z] Error writing to Modbus register: no connection to modbus server
[2025-02-28T06:46:33.146Z] Error reading register 3105 for IP 10.30.4.91: no connection to modbus server
[2025-02-28T06:46:33.146Z] ❌ Error reading register 1000 for IP 10.30.4.91: no connection to modbus server
[2025-02-28T06:46:33.177Z] Error writing to Modbus register: no connection to modbus server
[2025-02-28T06:46:34.161Z] Error reading register 3105 for IP 10.30.4.91: no connection to modbus server
[2025-02-28T06:46:34.161Z] ❌ Error reading register 1000 for IP 10.30.4.91: no connection to modbus server
[2025-02-28T06:46:34.191Z] Error writing to Modbus register: no connection to modbus server
[2025-02-28T06:46:35.161Z] Error reading register 3105 for IP 10.30.4.91: no connection to modbus server
[2025-02-28T06:46:35.162Z] ❌ Error reading register 1000 for IP 10.30.4.91: no connection to modbus server
[2025-02-28T06:46:35.191Z] Error writing to Modbus register: no connection to modbus server
[2025-02-28T06:46:36.174Z] Error reading register 3105 for IP 10.30.4.91: no connection to modbus server
[2025-02-28T06:46:36.174Z] ❌ Error reading register 1000 for IP 10.30.4.91: no connection to modbus server
[2025-02-28T06:46:36.204Z] Error writing to Modbus register: no connection to modbus server
[2025-02-28T06:46:37.186Z] Error reading register 3105 for IP 10.30.4.91: no connection to modbus server
[2025-02-28T06:46:37.186Z] ❌ Error reading register 1000 for IP 10.30.4.91: no connection to modbus server
[2025-02-28T06:46:37.216Z] Error writing to Modbus register: no connection to modbus server
[2025-02-28T06:46:38.198Z] Error reading register 3105 for IP 10.30.4.91: no connection to modbus server
[2025-02-28T06:46:38.198Z] ❌ Error reading register 1000 for IP 10.30.4.91: no connection to modbus server
[2025-02-28T06:46:38.229Z] Error writing to Modbus register: no connection to modbus server
[2025-02-28T06:46:39.199Z] Error reading register 3105 for IP 10.30.4.91: no connection to modbus server
[2025-02-28T06:46:39.199Z] ❌ Error reading register 1000 for IP 10.30.4.91: no connection to modbus server
[2025-02-28T06:46:39.228Z] Error writing to Modbus register: no connection to modbus server
[2025-02-28T06:46:40.209Z] Error reading register 3105 for IP 10.30.4.91: no connection to modbus server
[2025-02-28T06:46:40.209Z] ❌ Error reading register 1000 for IP 10.30.4.91: no connection to modbus server
[2025-02-28T06:46:40.239Z] Error writing to Modbus register: no connection to modbus server
[2025-02-28T06:46:41.211Z] Error reading register 3105 for IP 10.30.4.91: no connection to modbus server
[2025-02-28T06:46:41.211Z] ❌ Error reading register 1000 for IP 10.30.4.91: no connection to modbus server
[2025-02-28T06:46:41.242Z] Error writing to Modbus register: no connection to modbus server
[2025-02-28T06:46:42.225Z] Error reading register 3105 for IP 10.30.4.91: no connection to modbus server
[2025-02-28T06:46:42.226Z] ❌ Error reading register 1000 for IP 10.30.4.91: no connection to modbus server
[2025-02-28T06:46:42.257Z] Error writing to Modbus register: no connection to modbus server
[2025-02-28T06:46:43.227Z] Error reading register 3105 for IP 10.30.4.91: no connection to modbus server
[2025-02-28T06:46:43.227Z] ❌ Error reading register 1000 for IP 10.30.4.91: no connection to modbus server
[2025-02-28T06:46:43.258Z] Error writing to Modbus register: no connection to modbus server
[2025-02-28T06:46:44.232Z] Error reading register 3105 for IP 10.30.4.91: no connection to modbus server
[2025-02-28T06:46:44.232Z] ❌ Error reading register 1000 for IP 10.30.4.91: no connection to modbus server
[2025-02-28T06:46:44.262Z] Error writing to Modbus register: no connection to modbus server
[2025-02-28T06:46:45.231Z] Error reading register 3105 for IP 10.30.4.91: no connection to modbus server
[2025-02-28T06:46:45.231Z] ❌ Error reading register 1000 for IP 10.30.4.91: no connection to modbus server
[2025-02-28T06:46:45.278Z] Error writing to Modbus register: no connection to modbus server
[2025-02-28T06:46:46.244Z] Error reading register 3105 for IP 10.30.4.91: no connection to modbus server
[2025-02-28T06:46:46.245Z] ❌ Error reading register 1000 for IP 10.30.4.91: no connection to modbus server
[2025-02-28T06:46:46.290Z] Error writing to Modbus register: no connection to modbus server
[2025-02-28T06:46:47.254Z] Error reading register 3105 for IP 10.30.4.91: no connection to modbus server
[2025-02-28T06:46:47.254Z] ❌ Error reading register 1000 for IP 10.30.4.91: no connection to modbus server
[2025-02-28T06:46:47.300Z] Error writing to Modbus register: no connection to modbus server
[2025-02-28T06:46:48.268Z] Error reading register 3105 for IP 10.30.4.91: no connection to modbus server
[2025-02-28T06:46:48.268Z] ❌ Error reading register 1000 for IP 10.30.4.91: no connection to modbus server
[2025-02-28T06:46:48.313Z] Error writing to Modbus register: no connection to modbus server
[2025-02-28T06:46:49.268Z] Error reading register 3105 for IP 10.30.4.91: no connection to modbus server
[2025-02-28T06:46:49.269Z] ❌ Error reading register 1000 for IP 10.30.4.91: no connection to modbus server
[2025-02-28T06:46:49.314Z] Error writing to Modbus register: no connection to modbus server
[2025-02-28T06:46:50.271Z] Error reading register 3105 for IP 10.30.4.91: no connection to modbus server
[2025-02-28T06:46:50.271Z] ❌ Error reading register 1000 for IP 10.30.4.91: no connection to modbus server
[2025-02-28T06:46:50.317Z] Error writing to Modbus register: no connection to modbus server
[2025-02-28T06:46:51.284Z] Error reading register 3105 for IP 10.30.4.91: no connection to modbus server
[2025-02-28T06:46:51.284Z] ❌ Error reading register 1000 for IP 10.30.4.91: no connection to modbus server
[2025-02-28T06:46:51.331Z] Error writing to Modbus register: no connection to modbus server
[2025-02-28T06:46:52.286Z] Error reading register 3105 for IP 10.30.4.91: no connection to modbus server
[2025-02-28T06:46:52.287Z] ❌ Error reading register 1000 for IP 10.30.4.91: no connection to modbus server
[2025-02-28T06:46:52.331Z] Error writing to Modbus register: no connection to modbus server
[2025-02-28T06:46:53.300Z] Error reading register 3105 for IP 10.30.4.91: no connection to modbus server
[2025-02-28T06:46:53.300Z] ❌ Error reading register 1000 for IP 10.30.4.91: no connection to modbus server
[2025-02-28T06:46:53.346Z] Error writing to Modbus register: no connection to modbus server
[2025-02-28T06:46:54.315Z] Error reading register 3105 for IP 10.30.4.91: no connection to modbus server
[2025-02-28T06:46:54.315Z] ❌ Error reading register 1000 for IP 10.30.4.91: no connection to modbus server
[2025-02-28T06:46:54.346Z] Error writing to Modbus register: no connection to modbus server
[2025-02-28T06:46:55.327Z] Error reading register 3105 for IP 10.30.4.91: no connection to modbus server
[2025-02-28T06:46:55.328Z] ❌ Error reading register 1000 for IP 10.30.4.91: no connection to modbus server
[2025-02-28T06:46:55.358Z] Error writing to Modbus register: no connection to modbus server
[2025-02-28T06:46:56.328Z] Error reading register 3105 for IP 10.30.4.91: no connection to modbus server
[2025-02-28T06:46:56.329Z] ❌ Error reading register 1000 for IP 10.30.4.91: no connection to modbus server
[2025-02-28T06:46:56.358Z] Error writing to Modbus register: no connection to modbus server
[2025-02-28T06:46:57.328Z] Error reading register 3105 for IP 10.30.4.91: no connection to modbus server
[2025-02-28T06:46:57.328Z] ❌ Error reading register 1000 for IP 10.30.4.91: no connection to modbus server
[2025-02-28T06:46:57.359Z] Error writing to Modbus register: no connection to modbus server
[2025-02-28T06:46:58.329Z] Error reading register 3105 for IP 10.30.4.91: no connection to modbus server
[2025-02-28T06:46:58.329Z] ❌ Error reading register 1000 for IP 10.30.4.91: no connection to modbus server
[2025-02-28T06:46:58.360Z] Error writing to Modbus register: no connection to modbus server
[2025-02-28T06:46:59.329Z] Error reading register 3105 for IP 10.30.4.91: no connection to modbus server
[2025-02-28T06:46:59.330Z] ❌ Error reading register 1000 for IP 10.30.4.91: no connection to modbus server
[2025-02-28T06:46:59.359Z] Error writing to Modbus register: no connection to modbus server
[2025-02-28T06:47:00.330Z] Error reading register 3105 for IP 10.30.4.91: no connection to modbus server
[2025-02-28T06:47:00.330Z] ❌ Error reading register 1000 for IP 10.30.4.91: no connection to modbus server
[2025-02-28T06:47:00.361Z] Error writing to Modbus register: no connection to modbus server
[2025-02-28T06:47:01.333Z] Error reading register 3105 for IP 10.30.4.91: no connection to modbus server
[2025-02-28T06:47:01.334Z] ❌ Error reading register 1000 for IP 10.30.4.91: no connection to modbus server
[2025-02-28T06:47:01.364Z] Error writing to Modbus register: no connection to modbus server
[2025-02-28T06:47:02.346Z] Error reading register 3105 for IP 10.30.4.91: no connection to modbus server
[2025-02-28T06:47:02.346Z] ❌ Error reading register 1000 for IP 10.30.4.91: no connection to modbus server
[2025-02-28T06:47:02.377Z] Error writing to Modbus register: no connection to modbus server
[2025-02-28T06:47:03.357Z] Error reading register 3105 for IP 10.30.4.91: no connection to modbus server
[2025-02-28T06:47:03.357Z] ❌ Error reading register 1000 for IP 10.30.4.91: no connection to modbus server
[2025-02-28T06:47:03.388Z] Error writing to Modbus register: no connection to modbus server
[2025-02-28T06:47:04.374Z] Error reading register 3105 for IP 10.30.4.91: no connection to modbus server
[2025-02-28T06:47:04.374Z] ❌ Error reading register 1000 for IP 10.30.4.91: no connection to modbus server
[2025-02-28T06:47:04.404Z] Error writing to Modbus register: no connection to modbus server
[2025-02-28T06:47:05.387Z] Error reading register 3105 for IP 10.30.4.91: no connection to modbus server
[2025-02-28T06:47:05.387Z] ❌ Error reading register 1000 for IP 10.30.4.91: no connection to modbus server
[2025-02-28T06:47:05.418Z] Error writing to Modbus register: no connection to modbus server
[2025-02-28T06:47:06.398Z] Error reading register 3105 for IP 10.30.4.91: no connection to modbus server
[2025-02-28T06:47:06.398Z] ❌ Error reading register 1000 for IP 10.30.4.91: no connection to modbus server
[2025-02-28T06:47:06.427Z] Error writing to Modbus register: no connection to modbus server
[2025-02-28T06:47:07.412Z] Error reading register 3105 for IP 10.30.4.91: no connection to modbus server
[2025-02-28T06:47:07.413Z] ❌ Error reading register 1000 for IP 10.30.4.91: no connection to modbus server
[2025-02-28T06:47:07.442Z] Error writing to Modbus register: no connection to modbus server
[2025-02-28T06:47:08.413Z] Error reading register 3105 for IP 10.30.4.91: no connection to modbus server
[2025-02-28T06:47:08.414Z] ❌ Error reading register 1000 for IP 10.30.4.91: no connection to modbus server
[2025-02-28T06:47:08.443Z] Error writing to Modbus register: no connection to modbus server
[2025-02-28T06:47:09.426Z] Error reading register 3105 for IP 10.30.4.91: no connection to modbus server
[2025-02-28T06:47:09.426Z] ❌ Error reading register 1000 for IP 10.30.4.91: no connection to modbus server
[2025-02-28T06:47:09.455Z] Error writing to Modbus register: no connection to modbus server
[2025-02-28T06:47:10.429Z] Error reading register 3105 for IP 10.30.4.91: no connection to modbus server
[2025-02-28T06:47:10.429Z] ❌ Error reading register 1000 for IP 10.30.4.91: no connection to modbus server
[2025-02-28T06:47:10.459Z] Error writing to Modbus register: no connection to modbus server
[2025-02-28T06:47:11.432Z] Error reading register 3105 for IP 10.30.4.91: no connection to modbus server
[2025-02-28T06:47:11.433Z] ❌ Error reading register 1000 for IP 10.30.4.91: no connection to modbus server
[2025-02-28T06:47:11.463Z] Error writing to Modbus register: no connection to modbus server
[2025-02-28T06:47:12.445Z] Error reading register 3105 for IP 10.30.4.91: no connection to modbus server
[2025-02-28T06:47:12.446Z] ❌ Error reading register 1000 for IP 10.30.4.91: no connection to modbus server
[2025-02-28T06:47:12.475Z] Error writing to Modbus register: no connection to modbus server
[2025-02-28T06:47:13.460Z] Error reading register 3105 for IP 10.30.4.91: no connection to modbus server
[2025-02-28T06:47:13.460Z] ❌ Error reading register 1000 for IP 10.30.4.91: no connection to modbus server
[2025-02-28T06:47:13.475Z] Error writing to Modbus register: no connection to modbus server
[2025-02-28T06:47:14.465Z] Error reading register 3105 for IP 10.30.4.91: no connection to modbus server
[2025-02-28T06:47:14.466Z] ❌ Error reading register 1000 for IP 10.30.4.91: no connection to modbus server
[2025-02-28T06:47:14.481Z] Error writing to Modbus register: no connection to modbus server
[2025-02-28T06:47:15.468Z] Error reading register 3105 for IP 10.30.4.91: no connection to modbus server
[2025-02-28T06:47:15.469Z] ❌ Error reading register 1000 for IP 10.30.4.91: no connection to modbus server
[2025-02-28T06:47:15.484Z] Error writing to Modbus register: no connection to modbus server
[2025-02-28T06:47:16.482Z] Error reading register 3105 for IP 10.30.4.91: no connection to modbus server
[2025-02-28T06:47:16.482Z] ❌ Error reading register 1000 for IP 10.30.4.91: no connection to modbus server
[2025-02-28T06:47:16.497Z] Error writing to Modbus register: no connection to modbus server
[2025-02-28T06:47:17.494Z] Error reading register 3105 for IP 10.30.4.91: no connection to modbus server
[2025-02-28T06:47:17.495Z] ❌ Error reading register 1000 for IP 10.30.4.91: no connection to modbus server
[2025-02-28T06:47:17.511Z] Error writing to Modbus register: no connection to modbus server
[2025-02-28T06:47:18.496Z] Error reading register 3105 for IP 10.30.4.91: no connection to modbus server
[2025-02-28T06:47:18.496Z] ❌ Error reading register 1000 for IP 10.30.4.91: no connection to modbus server
[2025-02-28T06:47:18.511Z] Error writing to Modbus register: no connection to modbus server
[2025-02-28T06:47:19.498Z] Error reading register 3105 for IP 10.30.4.91: no connection to modbus server
[2025-02-28T06:47:19.498Z] ❌ Error reading register 1000 for IP 10.30.4.91: no connection to modbus server
[2025-02-28T06:47:19.513Z] Error writing to Modbus register: no connection to modbus server
[2025-02-28T06:47:20.498Z] Error reading register 3105 for IP 10.30.4.91: no connection to modbus server
[2025-02-28T06:47:20.498Z] ❌ Error reading register 1000 for IP 10.30.4.91: no connection to modbus server
[2025-02-28T06:47:20.513Z] Error writing to Modbus register: no connection to modbus server
[2025-02-28T06:47:21.500Z] Error reading register 3105 for IP 10.30.4.91: no connection to modbus server
[2025-02-28T06:47:21.501Z] ❌ Error reading register 1000 for IP 10.30.4.91: no connection to modbus server
[2025-02-28T06:47:21.515Z] Error writing to Modbus register: no connection to modbus server
[2025-02-28T06:47:22.513Z] Error reading register 3105 for IP 10.30.4.91: no connection to modbus server
[2025-02-28T06:47:22.514Z] ❌ Error reading register 1000 for IP 10.30.4.91: no connection to modbus server
[2025-02-28T06:47:22.514Z] Error writing to Modbus register: no connection to modbus server
[2025-02-28T06:47:23.517Z] Error reading register 3105 for IP 10.30.4.91: no connection to modbus server
[2025-02-28T06:47:23.518Z] Error writing to Modbus register: no connection to modbus server
[2025-02-28T06:47:23.517Z] ❌ Error reading register 1000 for IP 10.30.4.91: no connection to modbus server
[2025-02-28T06:47:24.529Z] Error reading register 3105 for IP 10.30.4.91: no connection to modbus server
[2025-02-28T06:47:24.530Z] ❌ Error reading register 1000 for IP 10.30.4.91: no connection to modbus server
[2025-02-28T06:47:24.531Z] Error writing to Modbus register: no connection to modbus server
[2025-02-28T06:47:25.543Z] Error reading register 3105 for IP 10.30.4.91: no connection to modbus server
[2025-02-28T06:47:25.544Z] ❌ Error reading register 1000 for IP 10.30.4.91: no connection to modbus server
[2025-02-28T06:47:25.545Z] Error writing to Modbus register: no connection to modbus server
[2025-02-28T06:47:26.556Z] Error reading register 3105 for IP 10.30.4.91: no connection to modbus server
[2025-02-28T06:47:26.557Z] ❌ Error reading register 1000 for IP 10.30.4.91: no connection to modbus server
[2025-02-28T06:47:26.558Z] Error writing to Modbus register: no connection to modbus server
[2025-02-28T06:47:27.570Z] Error reading register 3105 for IP 10.30.4.91: no connection to modbus server
[2025-02-28T06:47:27.570Z] ❌ Error reading register 1000 for IP 10.30.4.91: no connection to modbus server
[2025-02-28T06:47:27.571Z] Error writing to Modbus register: no connection to modbus server
[2025-02-28T06:47:28.582Z] Error reading register 3105 for IP 10.30.4.91: no connection to modbus server
[2025-02-28T06:47:28.582Z] Error writing to Modbus register: no connection to modbus server
[2025-02-28T06:47:28.582Z] ❌ Error reading register 1000 for IP 10.30.4.91: no connection to modbus server
[2025-02-28T06:47:29.597Z] Error reading register 3105 for IP 10.30.4.91: no connection to modbus server
[2025-02-28T06:47:29.598Z] ❌ Error reading register 1000 for IP 10.30.4.91: no connection to modbus server
[2025-02-28T06:47:29.599Z] Error writing to Modbus register: no connection to modbus server
[2025-02-28T06:47:30.597Z] Error reading register 3105 for IP 10.30.4.91: no connection to modbus server
[2025-02-28T06:47:30.597Z] ❌ Error reading register 1000 for IP 10.30.4.91: no connection to modbus server
[2025-02-28T06:47:30.597Z] Error writing to Modbus register: no connection to modbus server
[2025-02-28T06:47:31.612Z] Error reading register 3105 for IP 10.30.4.91: no connection to modbus server
[2025-02-28T06:47:31.613Z] ❌ Error reading register 1000 for IP 10.30.4.91: no connection to modbus server
[2025-02-28T06:47:31.613Z] Error writing to Modbus register: no connection to modbus server
[2025-02-28T06:47:32.614Z] Error reading register 3105 for IP 10.30.4.91: no connection to modbus server
[2025-02-28T06:47:32.614Z] ❌ Error reading register 1000 for IP 10.30.4.91: no connection to modbus server
[2025-02-28T06:47:32.614Z] Error writing to Modbus register: no connection to modbus server
[2025-02-28T06:47:33.629Z] Error reading register 3105 for IP 10.30.4.91: no connection to modbus server
[2025-02-28T06:47:33.630Z] ❌ Error reading register 1000 for IP 10.30.4.91: no connection to modbus server
[2025-02-28T06:47:33.631Z] Error writing to Modbus register: no connection to modbus server
[2025-02-28T06:47:34.636Z] Error reading register 3105 for IP 10.30.4.91: no connection to modbus server
[2025-02-28T06:47:34.636Z] ❌ Error reading register 1000 for IP 10.30.4.91: no connection to modbus server
[2025-02-28T06:47:34.637Z] Error writing to Modbus register: no connection to modbus server
[2025-02-28T06:47:35.635Z] Error reading register 3105 for IP 10.30.4.91: no connection to modbus server
[2025-02-28T06:47:35.636Z] ❌ Error reading register 1000 for IP 10.30.4.91: no connection to modbus server
[2025-02-28T06:47:35.637Z] Error writing to Modbus register: no connection to modbus server
[2025-02-28T06:47:36.649Z] Error reading register 3105 for IP 10.30.4.91: no connection to modbus server
[2025-02-28T06:47:36.649Z] ❌ Error reading register 1000 for IP 10.30.4.91: no connection to modbus server
[2025-02-28T06:47:36.650Z] Error writing to Modbus register: no connection to modbus server
[2025-02-28T06:47:37.663Z] Error reading register 3105 for IP 10.30.4.91: no connection to modbus server
[2025-02-28T06:47:37.664Z] ❌ Error reading register 1000 for IP 10.30.4.91: no connection to modbus server
[2025-02-28T06:47:37.664Z] Error writing to Modbus register: no connection to modbus server
[2025-02-28T06:47:38.668Z] Error reading register 3105 for IP 10.30.4.91: no connection to modbus server
[2025-02-28T06:47:38.669Z] ❌ Error reading register 1000 for IP 10.30.4.91: no connection to modbus server
[2025-02-28T06:47:38.670Z] Error writing to Modbus register: no connection to modbus server
[2025-02-28T06:47:39.683Z] Error reading register 3105 for IP 10.30.4.91: no connection to modbus server
[2025-02-28T06:47:39.684Z] ❌ Error reading register 1000 for IP 10.30.4.91: no connection to modbus server
[2025-02-28T06:47:39.685Z] Error writing to Modbus register: no connection to modbus server
[2025-02-28T06:47:40.686Z] Error reading register 3105 for IP 10.30.4.91: no connection to modbus server
[2025-02-28T06:47:40.686Z] ❌ Error reading register 1000 for IP 10.30.4.91: no connection to modbus server
[2025-02-28T06:47:40.687Z] Error writing to Modbus register: no connection to modbus server
[2025-02-28T06:47:41.700Z] Error reading register 3105 for IP 10.30.4.91: no connection to modbus server
[2025-02-28T06:47:41.700Z] ❌ Error reading register 1000 for IP 10.30.4.91: no connection to modbus server
[2025-02-28T06:47:41.702Z] Error writing to Modbus register: no connection to modbus server
[2025-02-28T06:47:42.715Z] Error reading register 3105 for IP 10.30.4.91: no connection to modbus server
[2025-02-28T06:47:42.716Z] Error writing to Modbus register: no connection to modbus server
[2025-02-28T06:47:42.716Z] ❌ Error reading register 1000 for IP 10.30.4.91: no connection to modbus server
[2025-02-28T06:47:43.729Z] Error reading register 3105 for IP 10.30.4.91: no connection to modbus server
[2025-02-28T06:47:43.729Z] ❌ Error reading register 1000 for IP 10.30.4.91: no connection to modbus server
[2025-02-28T06:47:43.729Z] Error writing to Modbus register: no connection to modbus server
[2025-02-28T06:47:44.732Z] Error reading register 3105 for IP 10.30.4.91: no connection to modbus server
[2025-02-28T06:47:44.732Z] ❌ Error reading register 1000 for IP 10.30.4.91: no connection to modbus server
[2025-02-28T06:47:44.733Z] Error writing to Modbus register: no connection to modbus server
[2025-02-28T06:47:45.732Z] Error reading register 3105 for IP 10.30.4.91: no connection to modbus server
[2025-02-28T06:47:45.732Z] ❌ Error reading register 1000 for IP 10.30.4.91: no connection to modbus server
[2025-02-28T06:47:45.733Z] Error writing to Modbus register: no connection to modbus server
[2025-02-28T06:47:46.746Z] ❌ Error reading register 1000 for IP 10.30.4.91: no connection to modbus server
[2025-02-28T06:47:46.746Z] Error reading register 3105 for IP 10.30.4.91: no connection to modbus server
[2025-02-28T06:47:46.746Z] Error writing to Modbus register: no connection to modbus server
[2025-02-28T06:47:47.760Z] Error reading register 3105 for IP 10.30.4.91: no connection to modbus server
[2025-02-28T06:47:47.760Z] ❌ Error reading register 1000 for IP 10.30.4.91: no connection to modbus server
[2025-02-28T06:47:47.761Z] Error writing to Modbus register: no connection to modbus server
[2025-02-28T06:47:48.773Z] Error reading register 3105 for IP 10.30.4.91: no connection to modbus server
[2025-02-28T06:47:48.774Z] ❌ Error reading register 1000 for IP 10.30.4.91: no connection to modbus server
[2025-02-28T06:47:48.775Z] Error writing to Modbus register: no connection to modbus server
[2025-02-28T06:47:49.787Z] Error reading register 3105 for IP 10.30.4.91: no connection to modbus server
[2025-02-28T06:47:49.787Z] ❌ Error reading register 1000 for IP 10.30.4.91: no connection to modbus server
[2025-02-28T06:47:49.789Z] Error writing to Modbus register: no connection to modbus server
[2025-02-28T06:47:50.801Z] Error reading register 3105 for IP 10.30.4.91: no connection to modbus server
[2025-02-28T06:47:50.802Z] ❌ Error reading register 1000 for IP 10.30.4.91: no connection to modbus server
[2025-02-28T06:47:50.803Z] Error writing to Modbus register: no connection to modbus server
[2025-02-28T06:47:51.815Z] Error reading register 3105 for IP 10.30.4.91: no connection to modbus server
[2025-02-28T06:47:51.816Z] ❌ Error reading register 1000 for IP 10.30.4.91: no connection to modbus server
[2025-02-28T06:47:51.817Z] Error writing to Modbus register: no connection to modbus server
[2025-02-28T06:47:52.829Z] Error reading register 3105 for IP 10.30.4.91: no connection to modbus server
[2025-02-28T06:47:52.830Z] ❌ Error reading register 1000 for IP 10.30.4.91: no connection to modbus server
[2025-02-28T06:47:52.831Z] Error writing to Modbus register: no connection to modbus server
[2025-02-28T06:47:53.829Z] Error reading register 3105 for IP 10.30.4.91: no connection to modbus server
[2025-02-28T06:47:53.829Z] ❌ Error reading register 1000 for IP 10.30.4.91: no connection to modbus server
[2025-02-28T06:47:53.830Z] Error writing to Modbus register: no connection to modbus server
[2025-02-28T06:47:54.844Z] Error reading register 3105 for IP 10.30.4.91: no connection to modbus server
[2025-02-28T06:47:54.844Z] ❌ Error reading register 1000 for IP 10.30.4.91: no connection to modbus server
[2025-02-28T06:47:54.845Z] Error writing to Modbus register: no connection to modbus server
[2025-02-28T06:47:55.848Z] Error reading register 3105 for IP 10.30.4.91: no connection to modbus server
[2025-02-28T06:47:55.849Z] ❌ Error reading register 1000 for IP 10.30.4.91: no connection to modbus server
[2025-02-28T06:47:55.850Z] Error writing to Modbus register: no connection to modbus server
[2025-02-28T06:47:56.862Z] Error reading register 3105 for IP 10.30.4.91: no connection to modbus server
[2025-02-28T06:47:56.863Z] ❌ Error reading register 1000 for IP 10.30.4.91: no connection to modbus server
[2025-02-28T06:47:56.863Z] Error writing to Modbus register: no connection to modbus server
[2025-02-28T06:47:57.864Z] Error reading register 3105 for IP 10.30.4.91: no connection to modbus server
[2025-02-28T06:47:57.865Z] ❌ Error reading register 1000 for IP 10.30.4.91: no connection to modbus server
[2025-02-28T06:47:57.866Z] Error writing to Modbus register: no connection to modbus server
[2025-02-28T06:47:58.877Z] ❌ Error reading register 1000 for IP 10.30.4.91: no connection to modbus server
[2025-02-28T06:47:58.878Z] Error writing to Modbus register: no connection to modbus server
[2025-02-28T06:47:58.877Z] Error reading register 3105 for IP 10.30.4.91: no connection to modbus server
[2025-02-28T06:47:59.881Z] Error reading register 3105 for IP 10.30.4.91: no connection to modbus server
[2025-02-28T06:47:59.882Z] ❌ Error reading register 1000 for IP 10.30.4.91: no connection to modbus server
[2025-02-28T06:47:59.883Z] Error writing to Modbus register: no connection to modbus server
[2025-02-28T06:48:00.895Z] Error reading register 3105 for IP 10.30.4.91: no connection to modbus server
[2025-02-28T06:48:00.895Z] ❌ Error reading register 1000 for IP 10.30.4.91: no connection to modbus server
[2025-02-28T06:48:00.896Z] Error writing to Modbus register: no connection to modbus server
[2025-02-28T06:48:01.909Z] Error reading register 3105 for IP 10.30.4.91: no connection to modbus server
[2025-02-28T06:48:01.910Z] Error writing to Modbus register: no connection to modbus server
[2025-02-28T06:48:01.909Z] ❌ Error reading register 1000 for IP 10.30.4.91: no connection to modbus server
[2025-02-28T06:48:02.924Z] Error reading register 3105 for IP 10.30.4.91: no connection to modbus server
[2025-02-28T06:48:02.925Z] ❌ Error reading register 1000 for IP 10.30.4.91: no connection to modbus server
[2025-02-28T06:48:02.926Z] Error writing to Modbus register: no connection to modbus server
[2025-02-28T06:48:03.939Z] Error reading register 3105 for IP 10.30.4.91: no connection to modbus server
[2025-02-28T06:48:03.940Z] ❌ Error reading register 1000 for IP 10.30.4.91: no connection to modbus server
[2025-02-28T06:48:03.941Z] Error writing to Modbus register: no connection to modbus server
[2025-02-28T06:48:04.955Z] Error reading register 3105 for IP 10.30.4.91: no connection to modbus server
[2025-02-28T06:48:04.956Z] ❌ Error reading register 1000 for IP 10.30.4.91: no connection to modbus server
[2025-02-28T06:48:04.957Z] Error writing to Modbus register: no connection to modbus server
[2025-02-28T06:48:05.967Z] Error reading register 3105 for IP 10.30.4.91: no connection to modbus server
[2025-02-28T06:48:05.968Z] ❌ Error reading register 1000 for IP 10.30.4.91: no connection to modbus server
[2025-02-28T06:48:05.969Z] Error writing to Modbus register: no connection to modbus server
[2025-02-28T06:48:06.981Z] Error reading register 3105 for IP 10.30.4.91: no connection to modbus server
[2025-02-28T06:48:06.981Z] ❌ Error reading register 1000 for IP 10.30.4.91: no connection to modbus server
[2025-02-28T06:48:06.982Z] Error writing to Modbus register: no connection to modbus server
[2025-02-28T06:48:07.993Z] Error reading register 3105 for IP 10.30.4.91: no connection to modbus server
[2025-02-28T06:48:07.993Z] ❌ Error reading register 1000 for IP 10.30.4.91: no connection to modbus server
[2025-02-28T06:48:07.994Z] Error writing to Modbus register: no connection to modbus server
[2025-02-28T06:48:08.996Z] Error reading register 3105 for IP 10.30.4.91: no connection to modbus server
[2025-02-28T06:48:08.997Z] ❌ Error reading register 1000 for IP 10.30.4.91: no connection to modbus server
[2025-02-28T06:48:08.998Z] Error writing to Modbus register: no connection to modbus server
[2025-02-28T06:48:10.007Z] Error reading register 3105 for IP 10.30.4.91: no connection to modbus server
[2025-02-28T06:48:10.008Z] ❌ Error reading register 1000 for IP 10.30.4.91: no connection to modbus server
[2025-02-28T06:48:10.009Z] Error writing to Modbus register: no connection to modbus server
[2025-02-28T06:48:11.009Z] Error reading register 3105 for IP 10.30.4.91: no connection to modbus server
[2025-02-28T06:48:11.009Z] ❌ Error reading register 1000 for IP 10.30.4.91: no connection to modbus server
[2025-02-28T06:48:11.011Z] Error writing to Modbus register: no connection to modbus server
[2025-02-28T06:48:12.010Z] Error reading register 3105 for IP 10.30.4.91: no connection to modbus server
[2025-02-28T06:48:12.010Z] ❌ Error reading register 1000 for IP 10.30.4.91: no connection to modbus server
[2025-02-28T06:48:12.011Z] Error writing to Modbus register: no connection to modbus server
[2025-02-28T06:48:13.022Z] Error reading register 3105 for IP 10.30.4.91: no connection to modbus server
[2025-02-28T06:48:13.023Z] ❌ Error reading register 1000 for IP 10.30.4.91: no connection to modbus server
[2025-02-28T06:48:13.024Z] Error writing to Modbus register: no connection to modbus server
[2025-02-28T06:48:14.025Z] Error reading register 3105 for IP 10.30.4.91: no connection to modbus server
[2025-02-28T06:48:14.026Z] ❌ Error reading register 1000 for IP 10.30.4.91: no connection to modbus server
[2025-02-28T06:48:14.027Z] Error writing to Modbus register: no connection to modbus server
[2025-02-28T06:48:15.026Z] Error reading register 3105 for IP 10.30.4.91: no connection to modbus server
[2025-02-28T06:48:15.027Z] ❌ Error reading register 1000 for IP 10.30.4.91: no connection to modbus server
[2025-02-28T06:48:15.028Z] Error writing to Modbus register: no connection to modbus server
[2025-02-28T06:48:16.026Z] Error reading register 3105 for IP 10.30.4.91: no connection to modbus server
[2025-02-28T06:48:16.027Z] ❌ Error reading register 1000 for IP 10.30.4.91: no connection to modbus server
[2025-02-28T06:48:16.028Z] Error writing to Modbus register: no connection to modbus server
[2025-02-28T06:48:17.026Z] Error reading register 3105 for IP 10.30.4.91: no connection to modbus server
[2025-02-28T06:48:17.026Z] ❌ Error reading register 1000 for IP 10.30.4.91: no connection to modbus server
[2025-02-28T06:48:17.027Z] Error writing to Modbus register: no connection to modbus server
[2025-02-28T06:48:18.040Z] Error reading register 3105 for IP 10.30.4.91: no connection to modbus server
[2025-02-28T06:48:18.040Z] ❌ Error reading register 1000 for IP 10.30.4.91: no connection to modbus server
[2025-02-28T06:48:18.041Z] Error writing to Modbus register: no connection to modbus server
[2025-02-28T06:48:19.053Z] Error reading register 3105 for IP 10.30.4.91: no connection to modbus server
[2025-02-28T06:48:19.054Z] ❌ Error reading register 1000 for IP 10.30.4.91: no connection to modbus server
[2025-02-28T06:48:19.054Z] Error writing to Modbus register: no connection to modbus server
[2025-02-28T06:48:20.069Z] Error reading register 3105 for IP 10.30.4.91: no connection to modbus server
[2025-02-28T06:48:20.069Z] ❌ Error reading register 1000 for IP 10.30.4.91: no connection to modbus server
[2025-02-28T06:48:20.070Z] Error writing to Modbus register: no connection to modbus server
[2025-02-28T06:48:21.070Z] Error reading register 3105 for IP 10.30.4.91: no connection to modbus server
[2025-02-28T06:48:21.071Z] ❌ Error reading register 1000 for IP 10.30.4.91: no connection to modbus server
[2025-02-28T06:48:21.071Z] Error writing to Modbus register: no connection to modbus server
[2025-02-28T06:48:22.083Z] Error reading register 3105 for IP 10.30.4.91: no connection to modbus server
[2025-02-28T06:48:22.083Z] ❌ Error reading register 1000 for IP 10.30.4.91: no connection to modbus server
[2025-02-28T06:48:22.083Z] Error writing to Modbus register: no connection to modbus server
[2025-02-28T06:48:23.084Z] Error reading register 3105 for IP 10.30.4.91: no connection to modbus server
[2025-02-28T06:48:23.084Z] ❌ Error reading register 1000 for IP 10.30.4.91: no connection to modbus server
[2025-02-28T06:48:23.084Z] Error writing to Modbus register: no connection to modbus server
[2025-02-28T06:48:24.097Z] Error reading register 3105 for IP 10.30.4.91: no connection to modbus server
[2025-02-28T06:48:24.097Z] ❌ Error reading register 1000 for IP 10.30.4.91: no connection to modbus server
[2025-02-28T06:48:24.097Z] Error writing to Modbus register: no connection to modbus server
[2025-02-28T06:48:25.111Z] Error reading register 3105 for IP 10.30.4.91: no connection to modbus server
[2025-02-28T06:48:25.111Z] ❌ Error reading register 1000 for IP 10.30.4.91: no connection to modbus server
[2025-02-28T06:48:25.112Z] Error writing to Modbus register: no connection to modbus server
[2025-02-28T06:48:26.114Z] Error reading register 3105 for IP 10.30.4.91: no connection to modbus server
[2025-02-28T06:48:26.115Z] ❌ Error reading register 1000 for IP 10.30.4.91: no connection to modbus server
[2025-02-28T06:48:26.115Z] Error writing to Modbus register: no connection to modbus server
[2025-02-28T06:48:27.124Z] Error reading register 3105 for IP 10.30.4.91: no connection to modbus server
[2025-02-28T06:48:27.125Z] ❌ Error reading register 1000 for IP 10.30.4.91: no connection to modbus server
[2025-02-28T06:48:27.125Z] Error writing to Modbus register: no connection to modbus server
[2025-02-28T06:48:28.125Z] ❌ Error reading register 1000 for IP 10.30.4.91: no connection to modbus server
[2025-02-28T06:48:28.125Z] Error reading register 3105 for IP 10.30.4.91: no connection to modbus server
[2025-02-28T06:48:28.125Z] Error writing to Modbus register: no connection to modbus server
[2025-02-28T06:48:29.136Z] Error reading register 3105 for IP 10.30.4.91: no connection to modbus server
[2025-02-28T06:48:29.136Z] ❌ Error reading register 1000 for IP 10.30.4.91: no connection to modbus server
[2025-02-28T06:48:29.137Z] Error writing to Modbus register: no connection to modbus server
[2025-02-28T06:48:30.151Z] Error reading register 3105 for IP 10.30.4.91: no connection to modbus server
[2025-02-28T06:48:30.151Z] ❌ Error reading register 1000 for IP 10.30.4.91: no connection to modbus server
[2025-02-28T06:48:30.151Z] Error writing to Modbus register: no connection to modbus server
[2025-02-28T06:48:31.154Z] Error reading register 3105 for IP 10.30.4.91: no connection to modbus server
[2025-02-28T06:48:31.154Z] ❌ Error reading register 1000 for IP 10.30.4.91: no connection to modbus server
[2025-02-28T06:48:31.155Z] Error writing to Modbus register: no connection to modbus server
[2025-02-28T06:48:32.163Z] Error reading register 3105 for IP 10.30.4.91: no connection to modbus server
[2025-02-28T06:48:32.163Z] ❌ Error reading register 1000 for IP 10.30.4.91: no connection to modbus server
[2025-02-28T06:48:32.164Z] Error writing to Modbus register: no connection to modbus server
[2025-02-28T06:48:33.174Z] Error reading register 3105 for IP 10.30.4.91: no connection to modbus server
[2025-02-28T06:48:33.175Z] ❌ Error reading register 1000 for IP 10.30.4.91: no connection to modbus server
[2025-02-28T06:48:33.175Z] Error writing to Modbus register: no connection to modbus server
[2025-02-28T06:48:34.190Z] Error reading register 3105 for IP 10.30.4.91: no connection to modbus server
[2025-02-28T06:48:34.191Z] ❌ Error reading register 1000 for IP 10.30.4.91: no connection to modbus server
[2025-02-28T06:48:34.192Z] Error writing to Modbus register: no connection to modbus server
[2025-02-28T06:48:35.193Z] Error reading register 3105 for IP 10.30.4.91: no connection to modbus server
[2025-02-28T06:48:35.194Z] ❌ Error reading register 1000 for IP 10.30.4.91: no connection to modbus server
[2025-02-28T06:48:35.195Z] Error writing to Modbus register: no connection to modbus server
[2025-02-28T06:48:36.197Z] Error reading register 3105 for IP 10.30.4.91: no connection to modbus server
[2025-02-28T06:48:36.198Z] ❌ Error reading register 1000 for IP 10.30.4.91: no connection to modbus server
[2025-02-28T06:48:36.199Z] Error writing to Modbus register: no connection to modbus server
[2025-02-28T06:48:37.196Z] Error reading register 3105 for IP 10.30.4.91: no connection to modbus server
[2025-02-28T06:48:37.196Z] ❌ Error reading register 1000 for IP 10.30.4.91: no connection to modbus server
[2025-02-28T06:48:37.211Z] Error writing to Modbus register: no connection to modbus server
[2025-02-28T06:48:38.197Z] Error reading register 3105 for IP 10.30.4.91: no connection to modbus server
[2025-02-28T06:48:38.197Z] ❌ Error reading register 1000 for IP 10.30.4.91: no connection to modbus server
[2025-02-28T06:48:38.212Z] Error writing to Modbus register: no connection to modbus server
[2025-02-28T06:48:39.208Z] Error reading register 3105 for IP 10.30.4.91: no connection to modbus server
[2025-02-28T06:48:39.208Z] ❌ Error reading register 1000 for IP 10.30.4.91: no connection to modbus server
[2025-02-28T06:48:39.223Z] Error writing to Modbus register: no connection to modbus server
[2025-02-28T06:48:40.209Z] Error reading register 3105 for IP 10.30.4.91: no connection to modbus server
[2025-02-28T06:48:40.210Z] ❌ Error reading register 1000 for IP 10.30.4.91: no connection to modbus server
[2025-02-28T06:48:40.224Z] Error writing to Modbus register: no connection to modbus server
[2025-02-28T06:48:41.216Z] Error reading register 3105 for IP 10.30.4.91: no connection to modbus server
[2025-02-28T06:48:41.217Z] ❌ Error reading register 1000 for IP 10.30.4.91: no connection to modbus server
[2025-02-28T06:48:41.231Z] Error writing to Modbus register: no connection to modbus server
[2025-02-28T06:48:42.221Z] Error reading register 3105 for IP 10.30.4.91: no connection to modbus server
[2025-02-28T06:48:42.221Z] ❌ Error reading register 1000 for IP 10.30.4.91: no connection to modbus server
[2025-02-28T06:48:42.236Z] Error writing to Modbus register: no connection to modbus server
[2025-02-28T06:48:43.223Z] Error reading register 3105 for IP 10.30.4.91: no connection to modbus server
[2025-02-28T06:48:43.223Z] ❌ Error reading register 1000 for IP 10.30.4.91: no connection to modbus server
[2025-02-28T06:48:43.237Z] Error writing to Modbus register: no connection to modbus server
[2025-02-28T06:48:44.237Z] Error reading register 3105 for IP 10.30.4.91: no connection to modbus server
[2025-02-28T06:48:44.237Z] ❌ Error reading register 1000 for IP 10.30.4.91: no connection to modbus server
[2025-02-28T06:48:44.238Z] Error writing to Modbus register: no connection to modbus server
[2025-02-28T06:48:45.250Z] Error reading register 3105 for IP 10.30.4.91: no connection to modbus server
[2025-02-28T06:48:45.250Z] ❌ Error reading register 1000 for IP 10.30.4.91: no connection to modbus server
[2025-02-28T06:48:45.251Z] Error writing to Modbus register: no connection to modbus server
[2025-02-28T06:48:46.264Z] Error reading register 3105 for IP 10.30.4.91: no connection to modbus server
[2025-02-28T06:48:46.264Z] ❌ Error reading register 1000 for IP 10.30.4.91: no connection to modbus server
[2025-02-28T06:48:46.264Z] Error writing to Modbus register: no connection to modbus server
[2025-02-28T06:48:47.263Z] Error reading register 3105 for IP 10.30.4.91: no connection to modbus server
[2025-02-28T06:48:47.263Z] ❌ Error reading register 1000 for IP 10.30.4.91: no connection to modbus server
[2025-02-28T06:48:47.265Z] Error writing to Modbus register: no connection to modbus server
[2025-02-28T06:48:48.264Z] Error reading register 3105 for IP 10.30.4.91: no connection to modbus server
[2025-02-28T06:48:48.264Z] ❌ Error reading register 1000 for IP 10.30.4.91: no connection to modbus server
[2025-02-28T06:48:48.265Z] Error writing to Modbus register: no connection to modbus server
[2025-02-28T06:48:49.265Z] Error reading register 3105 for IP 10.30.4.91: no connection to modbus server
[2025-02-28T06:48:49.265Z] ❌ Error reading register 1000 for IP 10.30.4.91: no connection to modbus server
[2025-02-28T06:48:49.267Z] Error writing to Modbus register: no connection to modbus server
[2025-02-28T06:48:50.269Z] Error reading register 3105 for IP 10.30.4.91: no connection to modbus server
[2025-02-28T06:48:50.270Z] ❌ Error reading register 1000 for IP 10.30.4.91: no connection to modbus server
[2025-02-28T06:48:50.270Z] Error writing to Modbus register: no connection to modbus server
[2025-02-28T06:48:51.270Z] Error reading register 3105 for IP 10.30.4.91: no connection to modbus server
[2025-02-28T06:48:51.270Z] ❌ Error reading register 1000 for IP 10.30.4.91: no connection to modbus server
[2025-02-28T06:48:51.271Z] Error writing to Modbus register: no connection to modbus server
[2025-02-28T06:48:52.271Z] Error reading register 3105 for IP 10.30.4.91: no connection to modbus server
[2025-02-28T06:48:52.271Z] ❌ Error reading register 1000 for IP 10.30.4.91: no connection to modbus server
[2025-02-28T06:48:52.272Z] Error writing to Modbus register: no connection to modbus server
[2025-02-28T06:48:53.270Z] Error reading register 3105 for IP 10.30.4.91: no connection to modbus server
[2025-02-28T06:48:53.270Z] ❌ Error reading register 1000 for IP 10.30.4.91: no connection to modbus server
[2025-02-28T06:48:53.271Z] Error writing to Modbus register: no connection to modbus server
[2025-02-28T06:48:54.284Z] Error reading register 3105 for IP 10.30.4.91: no connection to modbus server
[2025-02-28T06:48:54.284Z] ❌ Error reading register 1000 for IP 10.30.4.91: no connection to modbus server
[2025-02-28T06:48:54.284Z] Error writing to Modbus register: no connection to modbus server
[2025-02-28T06:48:55.284Z] Error reading register 3105 for IP 10.30.4.91: no connection to modbus server
[2025-02-28T06:48:55.284Z] ❌ Error reading register 1000 for IP 10.30.4.91: no connection to modbus server
[2025-02-28T06:48:55.285Z] Error writing to Modbus register: no connection to modbus server
[2025-02-28T06:48:56.297Z] Error reading register 3105 for IP 10.30.4.91: no connection to modbus server
[2025-02-28T06:48:56.297Z] ❌ Error reading register 1000 for IP 10.30.4.91: no connection to modbus server
[2025-02-28T06:48:56.297Z] Error writing to Modbus register: no connection to modbus server
[2025-02-28T06:48:57.308Z] Error reading register 3105 for IP 10.30.4.91: no connection to modbus server
[2025-02-28T06:48:57.308Z] ❌ Error reading register 1000 for IP 10.30.4.91: no connection to modbus server
[2025-02-28T06:48:57.309Z] Error writing to Modbus register: no connection to modbus server
[2025-02-28T06:48:58.323Z] Error reading register 3105 for IP 10.30.4.91: no connection to modbus server
[2025-02-28T06:48:58.324Z] ❌ Error reading register 1000 for IP 10.30.4.91: no connection to modbus server
[2025-02-28T06:48:58.324Z] Error writing to Modbus register: no connection to modbus server
[2025-02-28T06:48:59.337Z] ❌ Error reading register 1000 for IP 10.30.4.91: no connection to modbus server
[2025-02-28T06:48:59.336Z] Error reading register 3105 for IP 10.30.4.91: no connection to modbus server
[2025-02-28T06:48:59.337Z] Error writing to Modbus register: no connection to modbus server
[2025-02-28T06:49:00.337Z] Error reading register 3105 for IP 10.30.4.91: no connection to modbus server
[2025-02-28T06:49:00.337Z] ❌ Error reading register 1000 for IP 10.30.4.91: no connection to modbus server
[2025-02-28T06:49:00.337Z] Error writing to Modbus register: no connection to modbus server
[2025-02-28T06:49:01.338Z] Error reading register 3105 for IP 10.30.4.91: no connection to modbus server
[2025-02-28T06:49:01.339Z] ❌ Error reading register 1000 for IP 10.30.4.91: no connection to modbus server
[2025-02-28T06:49:01.340Z] Error writing to Modbus register: no connection to modbus server
[2025-02-28T06:49:02.338Z] Error reading register 3105 for IP 10.30.4.91: no connection to modbus server
[2025-02-28T06:49:02.339Z] ❌ Error reading register 1000 for IP 10.30.4.91: no connection to modbus server
[2025-02-28T06:49:02.341Z] Error writing to Modbus register: no connection to modbus server
[2025-02-28T06:49:03.340Z] Error reading register 3105 for IP 10.30.4.91: no connection to modbus server
[2025-02-28T06:49:03.340Z] ❌ Error reading register 1000 for IP 10.30.4.91: no connection to modbus server
[2025-02-28T06:49:03.340Z] Error writing to Modbus register: no connection to modbus server
[2025-02-28T06:49:04.356Z] Error reading register 3105 for IP 10.30.4.91: no connection to modbus server
[2025-02-28T06:49:04.357Z] ❌ Error reading register 1000 for IP 10.30.4.91: no connection to modbus server
[2025-02-28T06:49:04.358Z] Error writing to Modbus register: no connection to modbus server
[2025-02-28T06:49:05.356Z] Error reading register 3105 for IP 10.30.4.91: no connection to modbus server
[2025-02-28T06:49:05.357Z] ❌ Error reading register 1000 for IP 10.30.4.91: no connection to modbus server
[2025-02-28T06:49:05.358Z] Error writing to Modbus register: no connection to modbus server
[2025-02-28T06:49:06.370Z] Error reading register 3105 for IP 10.30.4.91: no connection to modbus server
[2025-02-28T06:49:06.370Z] ❌ Error reading register 1000 for IP 10.30.4.91: no connection to modbus server
[2025-02-28T06:49:06.371Z] Error writing to Modbus register: no connection to modbus server
[2025-02-28T06:49:07.372Z] Error reading register 3105 for IP 10.30.4.91: no connection to modbus server
[2025-02-28T06:49:07.373Z] ❌ Error reading register 1000 for IP 10.30.4.91: no connection to modbus server
[2025-02-28T06:49:07.374Z] Error writing to Modbus register: no connection to modbus server
[2025-02-28T06:49:08.372Z] Error reading register 3105 for IP 10.30.4.91: no connection to modbus server
[2025-02-28T06:49:08.373Z] ❌ Error reading register 1000 for IP 10.30.4.91: no connection to modbus server
[2025-02-28T06:49:08.376Z] Error writing to Modbus register: no connection to modbus server
[2025-02-28T06:49:09.372Z] Error reading register 3105 for IP 10.30.4.91: no connection to modbus server
[2025-02-28T06:49:09.372Z] ❌ Error reading register 1000 for IP 10.30.4.91: no connection to modbus server
[2025-02-28T06:49:09.388Z] Error writing to Modbus register: no connection to modbus server
[2025-02-28T06:49:10.384Z] Error reading register 3105 for IP 10.30.4.91: no connection to modbus server
[2025-02-28T06:49:10.385Z] ❌ Error reading register 1000 for IP 10.30.4.91: no connection to modbus server
[2025-02-28T06:49:10.387Z] Error writing to Modbus register: no connection to modbus server
[2025-02-28T06:49:11.385Z] Error reading register 3105 for IP 10.30.4.91: no connection to modbus server
[2025-02-28T06:49:11.386Z] ❌ Error reading register 1000 for IP 10.30.4.91: no connection to modbus server
[2025-02-28T06:49:11.387Z] Error writing to Modbus register: no connection to modbus server
[2025-02-28T06:49:12.399Z] Error reading register 3105 for IP 10.30.4.91: no connection to modbus server
[2025-02-28T06:49:12.399Z] ❌ Error reading register 1000 for IP 10.30.4.91: no connection to modbus server
[2025-02-28T06:49:12.399Z] Error writing to Modbus register: no connection to modbus server
[2025-02-28T06:49:13.413Z] Error reading register 3105 for IP 10.30.4.91: no connection to modbus server
[2025-02-28T06:49:13.413Z] ❌ Error reading register 1000 for IP 10.30.4.91: no connection to modbus server
[2025-02-28T06:49:13.414Z] Error writing to Modbus register: no connection to modbus server
[2025-02-28T06:49:14.418Z] Error reading register 3105 for IP 10.30.4.91: no connection to modbus server
[2025-02-28T06:49:14.419Z] ❌ Error reading register 1000 for IP 10.30.4.91: no connection to modbus server
[2025-02-28T06:49:14.421Z] Error writing to Modbus register: no connection to modbus server
[2025-02-28T06:49:15.431Z] Error reading register 3105 for IP 10.30.4.91: no connection to modbus server
[2025-02-28T06:49:15.432Z] ❌ Error reading register 1000 for IP 10.30.4.91: no connection to modbus server
[2025-02-28T06:49:15.433Z] Error writing to Modbus register: no connection to modbus server
[2025-02-28T06:49:16.443Z] Error reading register 3105 for IP 10.30.4.91: no connection to modbus server
[2025-02-28T06:49:16.443Z] ❌ Error reading register 1000 for IP 10.30.4.91: no connection to modbus server
[2025-02-28T06:49:16.444Z] Error writing to Modbus register: no connection to modbus server
[2025-02-28T06:49:17.455Z] Error reading register 3105 for IP 10.30.4.91: no connection to modbus server
[2025-02-28T06:49:17.456Z] ❌ Error reading register 1000 for IP 10.30.4.91: no connection to modbus server
[2025-02-28T06:49:17.457Z] Error writing to Modbus register: no connection to modbus server
[2025-02-28T06:49:18.467Z] Error reading register 3105 for IP 10.30.4.91: no connection to modbus server
[2025-02-28T06:49:18.467Z] ❌ Error reading register 1000 for IP 10.30.4.91: no connection to modbus server
[2025-02-28T06:49:18.468Z] Error writing to Modbus register: no connection to modbus server
[2025-02-28T06:49:19.468Z] Error reading register 3105 for IP 10.30.4.91: no connection to modbus server
[2025-02-28T06:49:19.468Z] ❌ Error reading register 1000 for IP 10.30.4.91: no connection to modbus server
[2025-02-28T06:49:19.469Z] Error writing to Modbus register: no connection to modbus server
[2025-02-28T06:49:20.468Z] Error reading register 3105 for IP 10.30.4.91: no connection to modbus server
[2025-02-28T06:49:20.469Z] ❌ Error reading register 1000 for IP 10.30.4.91: no connection to modbus server
[2025-02-28T06:49:20.469Z] Error writing to Modbus register: no connection to modbus server
[2025-02-28T06:49:21.481Z] Error reading register 3105 for IP 10.30.4.91: no connection to modbus server
[2025-02-28T06:49:21.482Z] ❌ Error reading register 1000 for IP 10.30.4.91: no connection to modbus server
[2025-02-28T06:49:21.482Z] Error writing to Modbus register: no connection to modbus server
[2025-02-28T06:49:22.495Z] Error reading register 3105 for IP 10.30.4.91: no connection to modbus server
[2025-02-28T06:49:22.496Z] ❌ Error reading register 1000 for IP 10.30.4.91: no connection to modbus server
[2025-02-28T06:49:22.496Z] Error writing to Modbus register: no connection to modbus server
[2025-02-28T06:49:23.509Z] Error reading register 3105 for IP 10.30.4.91: no connection to modbus server
[2025-02-28T06:49:23.509Z] ❌ Error reading register 1000 for IP 10.30.4.91: no connection to modbus server
[2025-02-28T06:49:23.509Z] Error writing to Modbus register: no connection to modbus server
[2025-02-28T06:49:24.510Z] Error reading register 3105 for IP 10.30.4.91: no connection to modbus server
[2025-02-28T06:49:24.510Z] ❌ Error reading register 1000 for IP 10.30.4.91: no connection to modbus server
[2025-02-28T06:49:24.511Z] Error writing to Modbus register: no connection to modbus server
[2025-02-28T06:49:25.510Z] Error reading register 3105 for IP 10.30.4.91: no connection to modbus server
[2025-02-28T06:49:25.511Z] ❌ Error reading register 1000 for IP 10.30.4.91: no connection to modbus server
[2025-02-28T06:49:25.511Z] Error writing to Modbus register: no connection to modbus server
[2025-02-28T06:49:26.521Z] Error reading register 3105 for IP 10.30.4.91: no connection to modbus server
[2025-02-28T06:49:26.521Z] ❌ Error reading register 1000 for IP 10.30.4.91: no connection to modbus server
[2025-02-28T06:49:26.521Z] Error writing to Modbus register: no connection to modbus server
[2025-02-28T06:49:27.532Z] Error reading register 3105 for IP 10.30.4.91: no connection to modbus server
[2025-02-28T06:49:27.533Z] ❌ Error reading register 1000 for IP 10.30.4.91: no connection to modbus server
[2025-02-28T06:49:27.533Z] Error writing to Modbus register: no connection to modbus server
[2025-02-28T06:49:28.548Z] Error reading register 3105 for IP 10.30.4.91: no connection to modbus server
[2025-02-28T06:49:28.548Z] ❌ Error reading register 1000 for IP 10.30.4.91: no connection to modbus server
[2025-02-28T06:49:28.549Z] Error writing to Modbus register: no connection to modbus server
[2025-02-28T06:49:29.549Z] Error reading register 3105 for IP 10.30.4.91: no connection to modbus server
[2025-02-28T06:49:29.549Z] ❌ Error reading register 1000 for IP 10.30.4.91: no connection to modbus server
[2025-02-28T06:49:29.550Z] Error writing to Modbus register: no connection to modbus server
[2025-02-28T06:49:30.551Z] Error reading register 3105 for IP 10.30.4.91: no connection to modbus server
[2025-02-28T06:49:30.551Z] ❌ Error reading register 1000 for IP 10.30.4.91: no connection to modbus server
[2025-02-28T06:49:30.552Z] Error writing to Modbus register: no connection to modbus server
[2025-02-28T06:49:31.552Z] Error reading register 3105 for IP 10.30.4.91: no connection to modbus server
[2025-02-28T06:49:31.553Z] ❌ Error reading register 1000 for IP 10.30.4.91: no connection to modbus server
[2025-02-28T06:49:31.554Z] Error writing to Modbus register: no connection to modbus server
[2025-02-28T06:49:32.566Z] Error reading register 3105 for IP 10.30.4.91: no connection to modbus server
[2025-02-28T06:49:32.567Z] ❌ Error reading register 1000 for IP 10.30.4.91: no connection to modbus server
[2025-02-28T06:49:32.568Z] Error writing to Modbus register: no connection to modbus server
[2025-02-28T06:49:33.569Z] Error reading register 3105 for IP 10.30.4.91: no connection to modbus server
[2025-02-28T06:49:33.569Z] ❌ Error reading register 1000 for IP 10.30.4.91: no connection to modbus server
[2025-02-28T06:49:33.570Z] Error writing to Modbus register: no connection to modbus server
[2025-02-28T06:49:34.571Z] Error reading register 3105 for IP 10.30.4.91: no connection to modbus server
[2025-02-28T06:49:34.572Z] ❌ Error reading register 1000 for IP 10.30.4.91: no connection to modbus server
[2025-02-28T06:49:34.573Z] Error writing to Modbus register: no connection to modbus server
[2025-02-28T06:49:35.585Z] Error reading register 3105 for IP 10.30.4.91: no connection to modbus server
[2025-02-28T06:49:35.586Z] ❌ Error reading register 1000 for IP 10.30.4.91: no connection to modbus server
[2025-02-28T06:49:35.587Z] Error writing to Modbus register: no connection to modbus server
[2025-02-28T06:49:36.598Z] Error reading register 3105 for IP 10.30.4.91: no connection to modbus server
[2025-02-28T06:49:36.598Z] ❌ Error reading register 1000 for IP 10.30.4.91: no connection to modbus server
[2025-02-28T06:49:36.598Z] Error writing to Modbus register: no connection to modbus server
[2025-02-28T06:49:37.612Z] Error reading register 3105 for IP 10.30.4.91: no connection to modbus server
[2025-02-28T06:49:37.613Z] ❌ Error reading register 1000 for IP 10.30.4.91: no connection to modbus server
[2025-02-28T06:49:37.613Z] Error writing to Modbus register: no connection to modbus server
[2025-02-28T06:49:38.628Z] Error reading register 3105 for IP 10.30.4.91: no connection to modbus server
[2025-02-28T06:49:38.629Z] ❌ Error reading register 1000 for IP 10.30.4.91: no connection to modbus server
[2025-02-28T06:49:38.630Z] Error writing to Modbus register: no connection to modbus server
[2025-02-28T06:49:39.640Z] Error reading register 3105 for IP 10.30.4.91: no connection to modbus server
[2025-02-28T06:49:39.640Z] ❌ Error reading register 1000 for IP 10.30.4.91: no connection to modbus server
[2025-02-28T06:49:39.640Z] Error writing to Modbus register: no connection to modbus server
[2025-02-28T06:49:40.644Z] Error reading register 3105 for IP 10.30.4.91: no connection to modbus server
[2025-02-28T06:49:40.644Z] ❌ Error reading register 1000 for IP 10.30.4.91: no connection to modbus server
[2025-02-28T06:49:40.644Z] Error writing to Modbus register: no connection to modbus server
[2025-02-28T06:49:41.654Z] Error reading register 3105 for IP 10.30.4.91: no connection to modbus server
[2025-02-28T06:49:41.655Z] ❌ Error reading register 1000 for IP 10.30.4.91: no connection to modbus server
[2025-02-28T06:49:41.656Z] Error writing to Modbus register: no connection to modbus server
[2025-02-28T06:49:42.667Z] Error reading register 3105 for IP 10.30.4.91: no connection to modbus server
[2025-02-28T06:49:42.667Z] ❌ Error reading register 1000 for IP 10.30.4.91: no connection to modbus server
[2025-02-28T06:49:42.667Z] Error writing to Modbus register: no connection to modbus server
[2025-02-28T06:49:43.668Z] Error reading register 3105 for IP 10.30.4.91: no connection to modbus server
[2025-02-28T06:49:43.668Z] ❌ Error reading register 1000 for IP 10.30.4.91: no connection to modbus server
[2025-02-28T06:49:43.668Z] Error writing to Modbus register: no connection to modbus server
[2025-02-28T06:49:44.681Z] Error reading register 3105 for IP 10.30.4.91: no connection to modbus server
[2025-02-28T06:49:44.681Z] ❌ Error reading register 1000 for IP 10.30.4.91: no connection to modbus server
[2025-02-28T06:49:44.682Z] Error writing to Modbus register: no connection to modbus server
[2025-02-28T06:49:45.685Z] Error reading register 3105 for IP 10.30.4.91: no connection to modbus server
[2025-02-28T06:49:45.685Z] ❌ Error reading register 1000 for IP 10.30.4.91: no connection to modbus server
[2025-02-28T06:49:45.686Z] Error writing to Modbus register: no connection to modbus server
[2025-02-28T06:49:46.696Z] Error reading register 3105 for IP 10.30.4.91: no connection to modbus server
[2025-02-28T06:49:46.696Z] ❌ Error reading register 1000 for IP 10.30.4.91: no connection to modbus server
[2025-02-28T06:49:46.696Z] Error writing to Modbus register: no connection to modbus server
[2025-02-28T06:49:47.709Z] Error reading register 3105 for IP 10.30.4.91: no connection to modbus server
[2025-02-28T06:49:47.710Z] ❌ Error reading register 1000 for IP 10.30.4.91: no connection to modbus server
[2025-02-28T06:49:47.711Z] Error writing to Modbus register: no connection to modbus server
[2025-02-28T06:49:48.722Z] Error reading register 3105 for IP 10.30.4.91: no connection to modbus server
[2025-02-28T06:49:48.722Z] ❌ Error reading register 1000 for IP 10.30.4.91: no connection to modbus server
[2025-02-28T06:49:48.723Z] Error writing to Modbus register: no connection to modbus server
[2025-02-28T06:49:49.738Z] Error reading register 3105 for IP 10.30.4.91: no connection to modbus server
[2025-02-28T06:49:49.739Z] ❌ Error reading register 1000 for IP 10.30.4.91: no connection to modbus server
[2025-02-28T06:49:49.740Z] Error writing to Modbus register: no connection to modbus server
[2025-02-28T06:49:50.743Z] Error reading register 3105 for IP 10.30.4.91: no connection to modbus server
[2025-02-28T06:49:50.743Z] ❌ Error reading register 1000 for IP 10.30.4.91: no connection to modbus server
[2025-02-28T06:49:50.744Z] Error writing to Modbus register: no connection to modbus server
[2025-02-28T06:49:51.747Z] ❌ Error reading register 1000 for IP 10.30.4.91: no connection to modbus server
[2025-02-28T06:49:51.747Z] Error writing to Modbus register: no connection to modbus server
[2025-02-28T06:49:51.747Z] Error reading register 3105 for IP 10.30.4.91: no connection to modbus server
[2025-02-28T06:49:52.762Z] Error reading register 3105 for IP 10.30.4.91: no connection to modbus server
[2025-02-28T06:49:52.762Z] ❌ Error reading register 1000 for IP 10.30.4.91: no connection to modbus server
[2025-02-28T06:49:52.763Z] Error writing to Modbus register: no connection to modbus server
[2025-02-28T06:49:53.775Z] Error reading register 3105 for IP 10.30.4.91: no connection to modbus server
[2025-02-28T06:49:53.775Z] Error writing to Modbus register: no connection to modbus server
[2025-02-28T06:49:53.775Z] ❌ Error reading register 1000 for IP 10.30.4.91: no connection to modbus server
[2025-02-28T06:49:54.776Z] Error reading register 3105 for IP 10.30.4.91: no connection to modbus server
[2025-02-28T06:49:54.777Z] ❌ Error reading register 1000 for IP 10.30.4.91: no connection to modbus server
[2025-02-28T06:49:54.778Z] Error writing to Modbus register: no connection to modbus server
[2025-02-28T06:49:55.780Z] Error reading register 3105 for IP 10.30.4.91: no connection to modbus server
[2025-02-28T06:49:55.781Z] ❌ Error reading register 1000 for IP 10.30.4.91: no connection to modbus server
[2025-02-28T06:49:55.782Z] Error writing to Modbus register: no connection to modbus server
[2025-02-28T06:49:56.792Z] Error reading register 3105 for IP 10.30.4.91: no connection to modbus server
[2025-02-28T06:49:56.792Z] ❌ Error reading register 1000 for IP 10.30.4.91: no connection to modbus server
[2025-02-28T06:49:56.793Z] Error writing to Modbus register: no connection to modbus server
[2025-02-28T06:49:57.808Z] Error reading register 3105 for IP 10.30.4.91: no connection to modbus server
[2025-02-28T06:49:57.808Z] ❌ Error reading register 1000 for IP 10.30.4.91: no connection to modbus server
[2025-02-28T06:49:57.809Z] Error writing to Modbus register: no connection to modbus server
[2025-02-28T06:49:58.813Z] Error reading register 3105 for IP 10.30.4.91: no connection to modbus server
[2025-02-28T06:49:58.813Z] ❌ Error reading register 1000 for IP 10.30.4.91: no connection to modbus server
[2025-02-28T06:49:58.814Z] Error writing to Modbus register: no connection to modbus server
[2025-02-28T06:49:59.827Z] Error reading register 3105 for IP 10.30.4.91: no connection to modbus server
[2025-02-28T06:49:59.828Z] ❌ Error reading register 1000 for IP 10.30.4.91: no connection to modbus server
[2025-02-28T06:49:59.829Z] Error writing to Modbus register: no connection to modbus server
[2025-02-28T06:50:00.841Z] Error reading register 3105 for IP 10.30.4.91: no connection to modbus server
[2025-02-28T06:50:00.841Z] ❌ Error reading register 1000 for IP 10.30.4.91: no connection to modbus server
[2025-02-28T06:50:00.842Z] Error writing to Modbus register: no connection to modbus server
[2025-02-28T06:50:01.854Z] Error writing to Modbus register: no connection to modbus server
[2025-02-28T06:50:01.854Z] ❌ Error reading register 1000 for IP 10.30.4.91: no connection to modbus server
[2025-02-28T06:50:01.853Z] Error reading register 3105 for IP 10.30.4.91: no connection to modbus server
[2025-02-28T06:50:02.868Z] Error reading register 3105 for IP 10.30.4.91: no connection to modbus server
[2025-02-28T06:50:02.869Z] ❌ Error reading register 1000 for IP 10.30.4.91: no connection to modbus server
[2025-02-28T06:50:02.870Z] Error writing to Modbus register: no connection to modbus server
[2025-02-28T06:50:03.868Z] Error reading register 3105 for IP 10.30.4.91: no connection to modbus server
[2025-02-28T06:50:03.868Z] ❌ Error reading register 1000 for IP 10.30.4.91: no connection to modbus server
[2025-02-28T06:50:03.869Z] Error writing to Modbus register: no connection to modbus server
[2025-02-28T06:50:04.884Z] Error reading register 3105 for IP 10.30.4.91: no connection to modbus server
[2025-02-28T06:50:04.884Z] ❌ Error reading register 1000 for IP 10.30.4.91: no connection to modbus server
[2025-02-28T06:50:04.884Z] Error writing to Modbus register: no connection to modbus server
[2025-02-28T06:50:05.898Z] Error reading register 3105 for IP 10.30.4.91: no connection to modbus server
[2025-02-28T06:50:05.898Z] ❌ Error reading register 1000 for IP 10.30.4.91: no connection to modbus server
[2025-02-28T06:50:05.899Z] Error writing to Modbus register: no connection to modbus server
[2025-02-28T06:50:06.912Z] Error reading register 3105 for IP 10.30.4.91: no connection to modbus server
[2025-02-28T06:50:06.912Z] ❌ Error reading register 1000 for IP 10.30.4.91: no connection to modbus server
[2025-02-28T06:50:06.912Z] Error writing to Modbus register: no connection to modbus server
[2025-02-28T06:50:07.922Z] Error reading register 3105 for IP 10.30.4.91: no connection to modbus server
[2025-02-28T06:50:07.923Z] ❌ Error reading register 1000 for IP 10.30.4.91: no connection to modbus server
[2025-02-28T06:50:07.923Z] Error writing to Modbus register: no connection to modbus server
[2025-02-28T06:50:08.925Z] Error reading register 3105 for IP 10.30.4.91: no connection to modbus server
[2025-02-28T06:50:08.926Z] ❌ Error reading register 1000 for IP 10.30.4.91: no connection to modbus server
[2025-02-28T06:50:08.926Z] Error writing to Modbus register: no connection to modbus server
[2025-02-28T06:50:09.927Z] Error reading register 3105 for IP 10.30.4.91: no connection to modbus server
[2025-02-28T06:50:09.927Z] ❌ Error reading register 1000 for IP 10.30.4.91: no connection to modbus server
[2025-02-28T06:50:09.928Z] Error writing to Modbus register: no connection to modbus server
[2025-02-28T06:50:10.933Z] Error reading register 3105 for IP 10.30.4.91: no connection to modbus server
[2025-02-28T06:50:10.934Z] ❌ Error reading register 1000 for IP 10.30.4.91: no connection to modbus server
[2025-02-28T06:50:10.935Z] Error writing to Modbus register: no connection to modbus server
[2025-02-28T06:50:11.947Z] Error reading register 3105 for IP 10.30.4.91: no connection to modbus server
[2025-02-28T06:50:11.947Z] ❌ Error reading register 1000 for IP 10.30.4.91: no connection to modbus server
[2025-02-28T06:50:11.947Z] Error writing to Modbus register: no connection to modbus server
[2025-02-28T06:50:12.958Z] Error reading register 3105 for IP 10.30.4.91: no connection to modbus server
[2025-02-28T06:50:12.958Z] ❌ Error reading register 1000 for IP 10.30.4.91: no connection to modbus server
[2025-02-28T06:50:12.959Z] Error writing to Modbus register: no connection to modbus server
[2025-02-28T06:50:13.974Z] Error reading register 3105 for IP 10.30.4.91: no connection to modbus server
[2025-02-28T06:50:13.975Z] ❌ Error reading register 1000 for IP 10.30.4.91: no connection to modbus server
[2025-02-28T06:50:13.975Z] Error writing to Modbus register: no connection to modbus server
[2025-02-28T06:50:14.974Z] Error reading register 3105 for IP 10.30.4.91: no connection to modbus server
[2025-02-28T06:50:14.974Z] ❌ Error reading register 1000 for IP 10.30.4.91: no connection to modbus server
[2025-02-28T06:50:14.975Z] Error writing to Modbus register: no connection to modbus server
[2025-02-28T06:50:15.976Z] Error reading register 3105 for IP 10.30.4.91: no connection to modbus server
[2025-02-28T06:50:15.976Z] ❌ Error reading register 1000 for IP 10.30.4.91: no connection to modbus server
[2025-02-28T06:50:15.976Z] Error writing to Modbus register: no connection to modbus server
[2025-02-28T06:50:16.991Z] Error reading register 3105 for IP 10.30.4.91: no connection to modbus server
[2025-02-28T06:50:16.991Z] ❌ Error reading register 1000 for IP 10.30.4.91: no connection to modbus server
[2025-02-28T06:50:16.991Z] Error writing to Modbus register: no connection to modbus server
[2025-02-28T06:50:17.992Z] Error reading register 3105 for IP 10.30.4.91: no connection to modbus server
[2025-02-28T06:50:17.992Z] ❌ Error reading register 1000 for IP 10.30.4.91: no connection to modbus server
[2025-02-28T06:50:17.992Z] Error writing to Modbus register: no connection to modbus server
[2025-02-28T06:50:18.995Z] Error reading register 3105 for IP 10.30.4.91: no connection to modbus server
[2025-02-28T06:50:18.996Z] ❌ Error reading register 1000 for IP 10.30.4.91: no connection to modbus server
[2025-02-28T06:50:18.996Z] Error writing to Modbus register: no connection to modbus server
[2025-02-28T06:50:19.998Z] Error reading register 3105 for IP 10.30.4.91: no connection to modbus server
[2025-02-28T06:50:19.999Z] ❌ Error reading register 1000 for IP 10.30.4.91: no connection to modbus server
[2025-02-28T06:50:20.000Z] Error writing to Modbus register: no connection to modbus server
[2025-02-28T06:50:21.011Z] Error reading register 3105 for IP 10.30.4.91: no connection to modbus server
[2025-02-28T06:50:21.011Z] ❌ Error reading register 1000 for IP 10.30.4.91: no connection to modbus server
[2025-02-28T06:50:21.012Z] Error writing to Modbus register: no connection to modbus server
[2025-02-28T06:50:22.014Z] Error reading register 3105 for IP 10.30.4.91: no connection to modbus server
[2025-02-28T06:50:22.015Z] ❌ Error reading register 1000 for IP 10.30.4.91: no connection to modbus server
[2025-02-28T06:50:22.016Z] Error writing to Modbus register: no connection to modbus server
[2025-02-28T06:50:23.026Z] Error reading register 3105 for IP 10.30.4.91: no connection to modbus server
[2025-02-28T06:50:23.027Z] ❌ Error reading register 1000 for IP 10.30.4.91: no connection to modbus server
[2025-02-28T06:50:23.027Z] Error writing to Modbus register: no connection to modbus server
[2025-02-28T06:50:24.029Z] Error reading register 3105 for IP 10.30.4.91: no connection to modbus server
[2025-02-28T06:50:24.029Z] ❌ Error reading register 1000 for IP 10.30.4.91: no connection to modbus server
[2025-02-28T06:50:24.030Z] Error writing to Modbus register: no connection to modbus server
[2025-02-28T06:50:25.029Z] Error reading register 3105 for IP 10.30.4.91: no connection to modbus server
[2025-02-28T06:50:25.029Z] ❌ Error reading register 1000 for IP 10.30.4.91: no connection to modbus server
[2025-02-28T06:50:25.030Z] Error writing to Modbus register: no connection to modbus server
[2025-02-28T06:50:26.043Z] Error reading register 3105 for IP 10.30.4.91: no connection to modbus server
[2025-02-28T06:50:26.043Z] ❌ Error reading register 1000 for IP 10.30.4.91: no connection to modbus server
[2025-02-28T06:50:26.044Z] Error writing to Modbus register: no connection to modbus server
[2025-02-28T06:50:27.042Z] Error reading register 3105 for IP 10.30.4.91: no connection to modbus server
[2025-02-28T06:50:27.043Z] ❌ Error reading register 1000 for IP 10.30.4.91: no connection to modbus server
[2025-02-28T06:50:27.044Z] Error writing to Modbus register: no connection to modbus server
[2025-02-28T06:50:28.056Z] Error reading register 3105 for IP 10.30.4.91: no connection to modbus server
[2025-02-28T06:50:28.057Z] ❌ Error reading register 1000 for IP 10.30.4.91: no connection to modbus server
[2025-02-28T06:50:28.057Z] Error writing to Modbus register: no connection to modbus server
[2025-02-28T06:50:29.063Z] Error reading register 3105 for IP 10.30.4.91: no connection to modbus server
[2025-02-28T06:50:29.063Z] ❌ Error reading register 1000 for IP 10.30.4.91: no connection to modbus server
[2025-02-28T06:50:29.063Z] Error writing to Modbus register: no connection to modbus server
[2025-02-28T06:50:30.076Z] Error reading register 3105 for IP 10.30.4.91: no connection to modbus server
[2025-02-28T06:50:30.076Z] ❌ Error reading register 1000 for IP 10.30.4.91: no connection to modbus server
[2025-02-28T06:50:30.076Z] Error writing to Modbus register: no connection to modbus server
[2025-02-28T06:50:31.090Z] Error reading register 3105 for IP 10.30.4.91: no connection to modbus server
[2025-02-28T06:50:31.090Z] ❌ Error reading register 1000 for IP 10.30.4.91: no connection to modbus server
[2025-02-28T06:50:31.090Z] Error writing to Modbus register: no connection to modbus server
[2025-02-28T06:50:32.101Z] Error reading register 3105 for IP 10.30.4.91: no connection to modbus server
[2025-02-28T06:50:32.102Z] ❌ Error reading register 1000 for IP 10.30.4.91: no connection to modbus server
[2025-02-28T06:50:32.102Z] Error writing to Modbus register: no connection to modbus server
[2025-02-28T06:50:33.116Z] Error reading register 3105 for IP 10.30.4.91: no connection to modbus server
[2025-02-28T06:50:33.117Z] ❌ Error reading register 1000 for IP 10.30.4.91: no connection to modbus server
[2025-02-28T06:50:33.118Z] Error writing to Modbus register: no connection to modbus server
[2025-02-28T06:50:34.117Z] Error reading register 3105 for IP 10.30.4.91: no connection to modbus server
[2025-02-28T06:50:34.117Z] ❌ Error reading register 1000 for IP 10.30.4.91: no connection to modbus server
[2025-02-28T06:50:34.118Z] Error writing to Modbus register: no connection to modbus server
[2025-02-28T06:50:35.120Z] Error reading register 3105 for IP 10.30.4.91: no connection to modbus server
[2025-02-28T06:50:35.120Z] ❌ Error reading register 1000 for IP 10.30.4.91: no connection to modbus server
[2025-02-28T06:50:35.120Z] Error writing to Modbus register: no connection to modbus server
[2025-02-28T06:50:36.121Z] Error reading register 3105 for IP 10.30.4.91: no connection to modbus server
[2025-02-28T06:50:36.121Z] ❌ Error reading register 1000 for IP 10.30.4.91: no connection to modbus server
[2025-02-28T06:50:36.122Z] Error writing to Modbus register: no connection to modbus server
[2025-02-28T06:50:37.136Z] Error reading register 3105 for IP 10.30.4.91: no connection to modbus server
[2025-02-28T06:50:37.138Z] Error writing to Modbus register: no connection to modbus server
[2025-02-28T06:50:37.137Z] ❌ Error reading register 1000 for IP 10.30.4.91: no connection to modbus server
[2025-02-28T06:50:38.136Z] Error reading register 3105 for IP 10.30.4.91: no connection to modbus server
[2025-02-28T06:50:38.136Z] ❌ Error reading register 1000 for IP 10.30.4.91: no connection to modbus server
[2025-02-28T06:50:38.137Z] Error writing to Modbus register: no connection to modbus server
[2025-02-28T06:50:39.149Z] Error reading register 3105 for IP 10.30.4.91: no connection to modbus server
[2025-02-28T06:50:39.149Z] ❌ Error reading register 1000 for IP 10.30.4.91: no connection to modbus server
[2025-02-28T06:50:39.150Z] Error writing to Modbus register: no connection to modbus server
[2025-02-28T06:50:40.152Z] Error reading register 3105 for IP 10.30.4.91: no connection to modbus server
[2025-02-28T06:50:40.152Z] ❌ Error reading register 1000 for IP 10.30.4.91: no connection to modbus server
[2025-02-28T06:50:40.152Z] Error writing to Modbus register: no connection to modbus server
[2025-02-28T06:50:41.154Z] Error reading register 3105 for IP 10.30.4.91: no connection to modbus server
[2025-02-28T06:50:41.154Z] ❌ Error reading register 1000 for IP 10.30.4.91: no connection to modbus server
[2025-02-28T06:50:41.155Z] Error writing to Modbus register: no connection to modbus server
[2025-02-28T06:50:42.155Z] Error reading register 3105 for IP 10.30.4.91: no connection to modbus server
[2025-02-28T06:50:42.155Z] ❌ Error reading register 1000 for IP 10.30.4.91: no connection to modbus server
[2025-02-28T06:50:42.156Z] Error writing to Modbus register: no connection to modbus server
[2025-02-28T06:50:43.156Z] Error reading register 3105 for IP 10.30.4.91: no connection to modbus server
[2025-02-28T06:50:43.156Z] ❌ Error reading register 1000 for IP 10.30.4.91: no connection to modbus server
[2025-02-28T06:50:43.158Z] Error writing to Modbus register: no connection to modbus server
[2025-02-28T06:50:44.166Z] Error reading register 3105 for IP 10.30.4.91: no connection to modbus server
[2025-02-28T06:50:44.166Z] ❌ Error reading register 1000 for IP 10.30.4.91: no connection to modbus server
[2025-02-28T06:50:44.167Z] Error writing to Modbus register: no connection to modbus server
[2025-02-28T06:50:45.176Z] Error reading register 3105 for IP 10.30.4.91: no connection to modbus server
[2025-02-28T06:50:45.176Z] ❌ Error reading register 1000 for IP 10.30.4.91: no connection to modbus server
[2025-02-28T06:50:45.176Z] Error writing to Modbus register: no connection to modbus server
[2025-02-28T06:50:46.190Z] Error reading register 3105 for IP 10.30.4.91: no connection to modbus server
[2025-02-28T06:50:46.191Z] ❌ Error reading register 1000 for IP 10.30.4.91: no connection to modbus server
[2025-02-28T06:50:46.192Z] Error writing to Modbus register: no connection to modbus server
[2025-02-28T06:50:47.197Z] Error reading register 3105 for IP 10.30.4.91: no connection to modbus server
[2025-02-28T06:50:47.197Z] ❌ Error reading register 1000 for IP 10.30.4.91: no connection to modbus server
[2025-02-28T06:50:47.198Z] Error writing to Modbus register: no connection to modbus server
[2025-02-28T06:50:48.198Z] Error reading register 3105 for IP 10.30.4.91: no connection to modbus server
[2025-02-28T06:50:48.199Z] ❌ Error reading register 1000 for IP 10.30.4.91: no connection to modbus server
[2025-02-28T06:50:48.200Z] Error writing to Modbus register: no connection to modbus server
[2025-02-28T06:50:49.197Z] Error reading register 3105 for IP 10.30.4.91: no connection to modbus server
[2025-02-28T06:50:49.197Z] ❌ Error reading register 1000 for IP 10.30.4.91: no connection to modbus server
[2025-02-28T06:50:49.212Z] Error writing to Modbus register: no connection to modbus server
[2025-02-28T06:50:50.208Z] Error reading register 3105 for IP 10.30.4.91: no connection to modbus server
[2025-02-28T06:50:50.208Z] ❌ Error reading register 1000 for IP 10.30.4.91: no connection to modbus server
[2025-02-28T06:50:50.224Z] Error writing to Modbus register: no connection to modbus server
[2025-02-28T06:50:51.221Z] Error reading register 3105 for IP 10.30.4.91: no connection to modbus server
[2025-02-28T06:50:51.221Z] ❌ Error reading register 1000 for IP 10.30.4.91: no connection to modbus server
[2025-02-28T06:50:51.237Z] Error writing to Modbus register: no connection to modbus server
[2025-02-28T06:50:52.224Z] Error reading register 3105 for IP 10.30.4.91: no connection to modbus server
[2025-02-28T06:50:52.224Z] ❌ Error reading register 1000 for IP 10.30.4.91: no connection to modbus server
[2025-02-28T06:50:52.239Z] Error writing to Modbus register: no connection to modbus server
[2025-02-28T06:50:53.226Z] Error reading register 3105 for IP 10.30.4.91: no connection to modbus server
[2025-02-28T06:50:53.226Z] ❌ Error reading register 1000 for IP 10.30.4.91: no connection to modbus server
[2025-02-28T06:50:53.240Z] Error writing to Modbus register: no connection to modbus server
[2025-02-28T06:50:54.237Z] Error reading register 3105 for IP 10.30.4.91: no connection to modbus server
[2025-02-28T06:50:54.237Z] ❌ Error reading register 1000 for IP 10.30.4.91: no connection to modbus server
[2025-02-28T06:50:54.253Z] Error writing to Modbus register: no connection to modbus server
[2025-02-28T06:50:55.251Z] Error reading register 3105 for IP 10.30.4.91: no connection to modbus server
[2025-02-28T06:50:55.251Z] ❌ Error reading register 1000 for IP 10.30.4.91: no connection to modbus server
[2025-02-28T06:50:55.252Z] Error writing to Modbus register: no connection to modbus server
[2025-02-28T06:50:56.253Z] Error reading register 3105 for IP 10.30.4.91: no connection to modbus server
[2025-02-28T06:50:56.254Z] ❌ Error reading register 1000 for IP 10.30.4.91: no connection to modbus server
[2025-02-28T06:50:56.255Z] Error writing to Modbus register: no connection to modbus server
[2025-02-28T06:50:57.265Z] Error reading register 3105 for IP 10.30.4.91: no connection to modbus server
[2025-02-28T06:50:57.266Z] ❌ Error reading register 1000 for IP 10.30.4.91: no connection to modbus server
[2025-02-28T06:50:57.267Z] Error writing to Modbus register: no connection to modbus server
[2025-02-28T06:50:58.267Z] Error reading register 3105 for IP 10.30.4.91: no connection to modbus server
[2025-02-28T06:50:58.267Z] ❌ Error reading register 1000 for IP 10.30.4.91: no connection to modbus server
[2025-02-28T06:50:58.267Z] Error writing to Modbus register: no connection to modbus server
[2025-02-28T06:50:59.282Z] Error reading register 3105 for IP 10.30.4.91: no connection to modbus server
[2025-02-28T06:50:59.283Z] ❌ Error reading register 1000 for IP 10.30.4.91: no connection to modbus server
[2025-02-28T06:50:59.284Z] Error writing to Modbus register: no connection to modbus server
[2025-02-28T06:51:00.282Z] Error reading register 3105 for IP 10.30.4.91: no connection to modbus server
[2025-02-28T06:51:00.282Z] ❌ Error reading register 1000 for IP 10.30.4.91: no connection to modbus server
[2025-02-28T06:51:00.282Z] Error writing to Modbus register: no connection to modbus server
[2025-02-28T06:51:01.283Z] Error reading register 3105 for IP 10.30.4.91: no connection to modbus server
[2025-02-28T06:51:01.284Z] ❌ Error reading register 1000 for IP 10.30.4.91: no connection to modbus server
[2025-02-28T06:51:01.285Z] Error writing to Modbus register: no connection to modbus server
[2025-02-28T06:51:02.283Z] Error reading register 3105 for IP 10.30.4.91: no connection to modbus server
[2025-02-28T06:51:02.284Z] ❌ Error reading register 1000 for IP 10.30.4.91: no connection to modbus server
[2025-02-28T06:51:02.285Z] Error writing to Modbus register: no connection to modbus server
[2025-02-28T06:51:03.295Z] Error reading register 3105 for IP 10.30.4.91: no connection to modbus server
[2025-02-28T06:51:03.296Z] ❌ Error reading register 1000 for IP 10.30.4.91: no connection to modbus server
[2025-02-28T06:51:03.297Z] Error writing to Modbus register: no connection to modbus server
[2025-02-28T06:51:04.296Z] Error reading register 3105 for IP 10.30.4.91: no connection to modbus server
[2025-02-28T06:51:04.297Z] ❌ Error reading register 1000 for IP 10.30.4.91: no connection to modbus server
[2025-02-28T06:51:04.298Z] Error writing to Modbus register: no connection to modbus server
[2025-02-28T06:51:05.309Z] Error reading register 3105 for IP 10.30.4.91: no connection to modbus server
[2025-02-28T06:51:05.310Z] ❌ Error reading register 1000 for IP 10.30.4.91: no connection to modbus server
[2025-02-28T06:51:05.310Z] Error writing to Modbus register: no connection to modbus server
[2025-02-28T06:51:06.314Z] Error reading register 3105 for IP 10.30.4.91: no connection to modbus server
[2025-02-28T06:51:06.314Z] ❌ Error reading register 1000 for IP 10.30.4.91: no connection to modbus server
[2025-02-28T06:51:06.314Z] Error writing to Modbus register: no connection to modbus server
[2025-02-28T06:51:07.317Z] Error reading register 3105 for IP 10.30.4.91: no connection to modbus server
[2025-02-28T06:51:07.317Z] ❌ Error reading register 1000 for IP 10.30.4.91: no connection to modbus server
[2025-02-28T06:51:07.317Z] Error writing to Modbus register: no connection to modbus server
[2025-02-28T06:51:08.329Z] Error reading register 3105 for IP 10.30.4.91: no connection to modbus server
[2025-02-28T06:51:08.329Z] ❌ Error reading register 1000 for IP 10.30.4.91: no connection to modbus server
[2025-02-28T06:51:08.330Z] Error writing to Modbus register: no connection to modbus server
[2025-02-28T06:51:09.345Z] Error reading register 3105 for IP 10.30.4.91: no connection to modbus server
[2025-02-28T06:51:09.346Z] ❌ Error reading register 1000 for IP 10.30.4.91: no connection to modbus server
[2025-02-28T06:51:09.347Z] Error writing to Modbus register: no connection to modbus server
[2025-02-28T06:51:10.358Z] Error reading register 3105 for IP 10.30.4.91: no connection to modbus server
[2025-02-28T06:51:10.358Z] ❌ Error reading register 1000 for IP 10.30.4.91: no connection to modbus server
[2025-02-28T06:51:10.358Z] Error writing to Modbus register: no connection to modbus server
[2025-02-28T06:51:11.369Z] Error reading register 3105 for IP 10.30.4.91: no connection to modbus server
[2025-02-28T06:51:11.369Z] ❌ Error reading register 1000 for IP 10.30.4.91: no connection to modbus server
[2025-02-28T06:51:11.370Z] Error writing to Modbus register: no connection to modbus server
[2025-02-28T06:51:12.371Z] Error reading register 3105 for IP 10.30.4.91: no connection to modbus server
[2025-02-28T06:51:12.373Z] Error writing to Modbus register: no connection to modbus server
[2025-02-28T06:51:12.372Z] ❌ Error reading register 1000 for IP 10.30.4.91: no connection to modbus server
[2025-02-28T06:51:13.384Z] Error reading register 3105 for IP 10.30.4.91: no connection to modbus server
[2025-02-28T06:51:13.385Z] Error writing to Modbus register: no connection to modbus server
[2025-02-28T06:51:13.384Z] ❌ Error reading register 1000 for IP 10.30.4.91: no connection to modbus server
[2025-02-28T06:51:14.398Z] Error reading register 3105 for IP 10.30.4.91: no connection to modbus server
[2025-02-28T06:51:14.398Z] ❌ Error reading register 1000 for IP 10.30.4.91: no connection to modbus server
[2025-02-28T06:51:14.398Z] Error writing to Modbus register: no connection to modbus server
[2025-02-28T06:51:15.402Z] ❌ Error reading register 1000 for IP 10.30.4.91: no connection to modbus server
[2025-02-28T06:51:15.402Z] Error reading register 3105 for IP 10.30.4.91: no connection to modbus server
[2025-02-28T06:51:15.403Z] Error writing to Modbus register: no connection to modbus server
[2025-02-28T06:51:16.402Z] Error reading register 3105 for IP 10.30.4.91: no connection to modbus server
[2025-02-28T06:51:16.403Z] ❌ Error reading register 1000 for IP 10.30.4.91: no connection to modbus server
[2025-02-28T06:51:16.403Z] Error writing to Modbus register: no connection to modbus server
[2025-02-28T06:51:17.416Z] Error reading register 3105 for IP 10.30.4.91: no connection to modbus server
[2025-02-28T06:51:17.416Z] ❌ Error reading register 1000 for IP 10.30.4.91: no connection to modbus server
[2025-02-28T06:51:17.417Z] Error writing to Modbus register: no connection to modbus server
[2025-02-28T06:51:18.416Z] Error reading register 3105 for IP 10.30.4.91: no connection to modbus server
[2025-02-28T06:51:18.416Z] ❌ Error reading register 1000 for IP 10.30.4.91: no connection to modbus server
[2025-02-28T06:51:18.417Z] Error writing to Modbus register: no connection to modbus server
[2025-02-28T06:51:19.430Z] Error reading register 3105 for IP 10.30.4.91: no connection to modbus server
[2025-02-28T06:51:19.430Z] ❌ Error reading register 1000 for IP 10.30.4.91: no connection to modbus server
[2025-02-28T06:51:19.430Z] Error writing to Modbus register: no connection to modbus server
[2025-02-28T06:51:20.444Z] Error reading register 3105 for IP 10.30.4.91: no connection to modbus server
[2025-02-28T06:51:20.445Z] ❌ Error reading register 1000 for IP 10.30.4.91: no connection to modbus server
[2025-02-28T06:51:20.446Z] Error writing to Modbus register: no connection to modbus server
[2025-02-28T06:51:21.445Z] Error reading register 3105 for IP 10.30.4.91: no connection to modbus server
[2025-02-28T06:51:21.446Z] ❌ Error reading register 1000 for IP 10.30.4.91: no connection to modbus server
[2025-02-28T06:51:21.447Z] Error writing to Modbus register: no connection to modbus server
[2025-02-28T06:51:22.451Z] Error reading register 3105 for IP 10.30.4.91: no connection to modbus server
[2025-02-28T06:51:22.451Z] ❌ Error reading register 1000 for IP 10.30.4.91: no connection to modbus server
[2025-02-28T06:51:22.451Z] Error writing to Modbus register: no connection to modbus server
[2025-02-28T06:51:23.454Z] Error reading register 3105 for IP 10.30.4.91: no connection to modbus server
[2025-02-28T06:51:23.455Z] ❌ Error reading register 1000 for IP 10.30.4.91: no connection to modbus server
[2025-02-28T06:51:23.455Z] Error writing to Modbus register: no connection to modbus server
[2025-02-28T06:51:24.457Z] Error reading register 3105 for IP 10.30.4.91: no connection to modbus server
[2025-02-28T06:51:24.457Z] ❌ Error reading register 1000 for IP 10.30.4.91: no connection to modbus server
[2025-02-28T06:51:24.458Z] Error writing to Modbus register: no connection to modbus server
[2025-02-28T06:51:25.471Z] Error reading register 3105 for IP 10.30.4.91: no connection to modbus server
[2025-02-28T06:51:25.471Z] ❌ Error reading register 1000 for IP 10.30.4.91: no connection to modbus server
[2025-02-28T06:51:25.471Z] Error writing to Modbus register: no connection to modbus server
[2025-02-28T06:51:26.474Z] Error reading register 3105 for IP 10.30.4.91: no connection to modbus server
[2025-02-28T06:51:26.475Z] ❌ Error reading register 1000 for IP 10.30.4.91: no connection to modbus server
[2025-02-28T06:51:26.476Z] Error writing to Modbus register: no connection to modbus server
[2025-02-28T06:51:27.476Z] Error reading register 3105 for IP 10.30.4.91: no connection to modbus server
[2025-02-28T06:51:27.477Z] ❌ Error reading register 1000 for IP 10.30.4.91: no connection to modbus server
[2025-02-28T06:51:27.478Z] Error writing to Modbus register: no connection to modbus server
[2025-02-28T06:51:28.482Z] Error reading register 3105 for IP 10.30.4.91: no connection to modbus server
[2025-02-28T06:51:28.483Z] ❌ Error reading register 1000 for IP 10.30.4.91: no connection to modbus server
[2025-02-28T06:51:28.484Z] Error writing to Modbus register: no connection to modbus server
[2025-02-28T06:51:29.493Z] Error reading register 3105 for IP 10.30.4.91: no connection to modbus server
[2025-02-28T06:51:29.494Z] ❌ Error reading register 1000 for IP 10.30.4.91: no connection to modbus server
[2025-02-28T06:51:29.494Z] Error writing to Modbus register: no connection to modbus server
[2025-02-28T06:51:30.494Z] Error reading register 3105 for IP 10.30.4.91: no connection to modbus server
[2025-02-28T06:51:30.495Z] ❌ Error reading register 1000 for IP 10.30.4.91: no connection to modbus server
[2025-02-28T06:51:30.495Z] Error writing to Modbus register: no connection to modbus server
[2025-02-28T06:51:31.509Z] Error reading register 3105 for IP 10.30.4.91: no connection to modbus server
[2025-02-28T06:51:31.509Z] ❌ Error reading register 1000 for IP 10.30.4.91: no connection to modbus server
[2025-02-28T06:51:31.509Z] Error writing to Modbus register: no connection to modbus server
[2025-02-28T06:51:32.524Z] Error reading register 3105 for IP 10.30.4.91: no connection to modbus server
[2025-02-28T06:51:32.524Z] ❌ Error reading register 1000 for IP 10.30.4.91: no connection to modbus server
[2025-02-28T06:51:32.524Z] Error writing to Modbus register: no connection to modbus server
[2025-02-28T06:51:33.525Z] Error reading register 3105 for IP 10.30.4.91: no connection to modbus server
[2025-02-28T06:51:33.525Z] ❌ Error reading register 1000 for IP 10.30.4.91: no connection to modbus server
[2025-02-28T06:51:33.526Z] Error writing to Modbus register: no connection to modbus server
[2025-02-28T06:51:34.540Z] Error reading register 3105 for IP 10.30.4.91: no connection to modbus server
[2025-02-28T06:51:34.541Z] ❌ Error reading register 1000 for IP 10.30.4.91: no connection to modbus server
[2025-02-28T06:51:34.542Z] Error writing to Modbus register: no connection to modbus server
[2025-02-28T06:51:35.540Z] Error reading register 3105 for IP 10.30.4.91: no connection to modbus server
[2025-02-28T06:51:35.541Z] ❌ Error reading register 1000 for IP 10.30.4.91: no connection to modbus server
[2025-02-28T06:51:35.541Z] Error writing to Modbus register: no connection to modbus server
[2025-02-28T06:51:36.542Z] Error reading register 3105 for IP 10.30.4.91: no connection to modbus server
[2025-02-28T06:51:36.542Z] ❌ Error reading register 1000 for IP 10.30.4.91: no connection to modbus server
[2025-02-28T06:51:36.543Z] Error writing to Modbus register: no connection to modbus server
[2025-02-28T06:51:37.544Z] Error reading register 3105 for IP 10.30.4.91: no connection to modbus server
[2025-02-28T06:51:37.545Z] ❌ Error reading register 1000 for IP 10.30.4.91: no connection to modbus server
[2025-02-28T06:51:37.546Z] Error writing to Modbus register: no connection to modbus server
[2025-02-28T06:51:38.559Z] Error reading register 3105 for IP 10.30.4.91: no connection to modbus server
[2025-02-28T06:51:38.559Z] ❌ Error reading register 1000 for IP 10.30.4.91: no connection to modbus server
[2025-02-28T06:51:38.560Z] Error writing to Modbus register: no connection to modbus server
[2025-02-28T06:51:39.573Z] Error reading register 3105 for IP 10.30.4.91: no connection to modbus server
[2025-02-28T06:51:39.573Z] ❌ Error reading register 1000 for IP 10.30.4.91: no connection to modbus server
[2025-02-28T06:51:39.574Z] Error writing to Modbus register: no connection to modbus server
[2025-02-28T06:51:40.588Z] Error reading register 3105 for IP 10.30.4.91: no connection to modbus server
[2025-02-28T06:51:40.589Z] ❌ Error reading register 1000 for IP 10.30.4.91: no connection to modbus server
[2025-02-28T06:51:40.590Z] Error writing to Modbus register: no connection to modbus server
[2025-02-28T06:51:41.590Z] Error reading register 3105 for IP 10.30.4.91: no connection to modbus server
[2025-02-28T06:51:41.590Z] ❌ Error reading register 1000 for IP 10.30.4.91: no connection to modbus server
[2025-02-28T06:51:41.591Z] Error writing to Modbus register: no connection to modbus server
[2025-02-28T06:51:42.604Z] Error reading register 3105 for IP 10.30.4.91: no connection to modbus server
[2025-02-28T06:51:42.604Z] ❌ Error reading register 1000 for IP 10.30.4.91: no connection to modbus server
[2025-02-28T06:51:42.605Z] Error writing to Modbus register: no connection to modbus server
[2025-02-28T06:51:43.619Z] Error reading register 3105 for IP 10.30.4.91: no connection to modbus server
[2025-02-28T06:51:43.619Z] ❌ Error reading register 1000 for IP 10.30.4.91: no connection to modbus server
[2025-02-28T06:51:43.620Z] Error writing to Modbus register: no connection to modbus server
[2025-02-28T06:51:44.632Z] Error reading register 3105 for IP 10.30.4.91: no connection to modbus server
[2025-02-28T06:51:44.633Z] ❌ Error reading register 1000 for IP 10.30.4.91: no connection to modbus server
[2025-02-28T06:51:44.634Z] Error writing to Modbus register: no connection to modbus server
[2025-02-28T06:51:45.636Z] Error reading register 3105 for IP 10.30.4.91: no connection to modbus server
[2025-02-28T06:51:45.636Z] ❌ Error reading register 1000 for IP 10.30.4.91: no connection to modbus server
[2025-02-28T06:51:45.636Z] Error writing to Modbus register: no connection to modbus server
[2025-02-28T06:51:46.639Z] ❌ Error reading register 1000 for IP 10.30.4.91: no connection to modbus server
[2025-02-28T06:51:46.639Z] Error reading register 3105 for IP 10.30.4.91: no connection to modbus server
[2025-02-28T06:51:46.639Z] Error writing to Modbus register: no connection to modbus server
[2025-02-28T06:51:47.649Z] Error reading register 3105 for IP 10.30.4.91: no connection to modbus server
[2025-02-28T06:51:47.649Z] ❌ Error reading register 1000 for IP 10.30.4.91: no connection to modbus server
[2025-02-28T06:51:47.650Z] Error writing to Modbus register: no connection to modbus server
[2025-02-28T06:51:48.650Z] Error reading register 3105 for IP 10.30.4.91: no connection to modbus server
[2025-02-28T06:51:48.650Z] ❌ Error reading register 1000 for IP 10.30.4.91: no connection to modbus server
[2025-02-28T06:51:48.650Z] Error writing to Modbus register: no connection to modbus server
[2025-02-28T06:51:49.663Z] Error reading register 3105 for IP 10.30.4.91: no connection to modbus server
[2025-02-28T06:51:49.663Z] ❌ Error reading register 1000 for IP 10.30.4.91: no connection to modbus server
[2025-02-28T06:51:49.664Z] Error writing to Modbus register: no connection to modbus server
[2025-02-28T06:51:50.667Z] Error reading register 3105 for IP 10.30.4.91: no connection to modbus server
[2025-02-28T06:51:50.667Z] ❌ Error reading register 1000 for IP 10.30.4.91: no connection to modbus server
[2025-02-28T06:51:50.667Z] Error writing to Modbus register: no connection to modbus server
[2025-02-28T06:51:51.669Z] Error reading register 3105 for IP 10.30.4.91: no connection to modbus server
[2025-02-28T06:51:51.670Z] ❌ Error reading register 1000 for IP 10.30.4.91: no connection to modbus server
[2025-02-28T06:51:51.671Z] Error writing to Modbus register: no connection to modbus server
[2025-02-28T06:51:52.669Z] Error reading register 3105 for IP 10.30.4.91: no connection to modbus server
[2025-02-28T06:51:52.669Z] ❌ Error reading register 1000 for IP 10.30.4.91: no connection to modbus server
[2025-02-28T06:51:52.670Z] Error writing to Modbus register: no connection to modbus server
[2025-02-28T06:51:53.669Z] Error reading register 3105 for IP 10.30.4.91: no connection to modbus server
[2025-02-28T06:51:53.670Z] ❌ Error reading register 1000 for IP 10.30.4.91: no connection to modbus server
[2025-02-28T06:51:53.671Z] Error writing to Modbus register: no connection to modbus server
[2025-02-28T06:51:54.682Z] Error reading register 3105 for IP 10.30.4.91: no connection to modbus server
[2025-02-28T06:51:54.683Z] Error writing to Modbus register: no connection to modbus server
[2025-02-28T06:51:54.683Z] ❌ Error reading register 1000 for IP 10.30.4.91: no connection to modbus server
[2025-02-28T06:51:55.697Z] Error reading register 3105 for IP 10.30.4.91: no connection to modbus server
[2025-02-28T06:51:55.698Z] ❌ Error reading register 1000 for IP 10.30.4.91: no connection to modbus server
[2025-02-28T06:51:55.699Z] Error writing to Modbus register: no connection to modbus server
[2025-02-28T06:51:56.710Z] Error reading register 3105 for IP 10.30.4.91: no connection to modbus server
[2025-02-28T06:51:56.710Z] ❌ Error reading register 1000 for IP 10.30.4.91: no connection to modbus server
[2025-02-28T06:51:56.710Z] Error writing to Modbus register: no connection to modbus server
[2025-02-28T06:51:57.723Z] Error reading register 3105 for IP 10.30.4.91: no connection to modbus server
[2025-02-28T06:51:57.723Z] ❌ Error reading register 1000 for IP 10.30.4.91: no connection to modbus server
[2025-02-28T06:51:57.723Z] Error writing to Modbus register: no connection to modbus server
[2025-02-28T06:51:58.724Z] ❌ Error reading register 1000 for IP 10.30.4.91: no connection to modbus server
[2025-02-28T06:51:58.725Z] Error writing to Modbus register: no connection to modbus server
[2025-02-28T06:51:58.724Z] Error reading register 3105 for IP 10.30.4.91: no connection to modbus server
[2025-02-28T06:51:59.726Z] Error reading register 3105 for IP 10.30.4.91: no connection to modbus server
[2025-02-28T06:51:59.727Z] ❌ Error reading register 1000 for IP 10.30.4.91: no connection to modbus server
[2025-02-28T06:51:59.728Z] Error writing to Modbus register: no connection to modbus server
[2025-02-28T06:52:00.732Z] Error reading register 3105 for IP 10.30.4.91: no connection to modbus server
[2025-02-28T06:52:00.733Z] Error writing to Modbus register: no connection to modbus server
[2025-02-28T06:52:00.732Z] ❌ Error reading register 1000 for IP 10.30.4.91: no connection to modbus server
[2025-02-28T06:52:01.735Z] Error reading register 3105 for IP 10.30.4.91: no connection to modbus server
[2025-02-28T06:52:01.736Z] ❌ Error reading register 1000 for IP 10.30.4.91: no connection to modbus server
[2025-02-28T06:52:01.737Z] Error writing to Modbus register: no connection to modbus server
[2025-02-28T06:52:02.747Z] Error reading register 3105 for IP 10.30.4.91: no connection to modbus server
[2025-02-28T06:52:02.747Z] ❌ Error reading register 1000 for IP 10.30.4.91: no connection to modbus server
[2025-02-28T06:52:02.748Z] Error writing to Modbus register: no connection to modbus server
[2025-02-28T06:52:03.759Z] Error reading register 3105 for IP 10.30.4.91: no connection to modbus server
[2025-02-28T06:52:03.759Z] ❌ Error reading register 1000 for IP 10.30.4.91: no connection to modbus server
[2025-02-28T06:52:03.760Z] Error writing to Modbus register: no connection to modbus server
[2025-02-28T06:52:04.761Z] Error reading register 3105 for IP 10.30.4.91: no connection to modbus server
[2025-02-28T06:52:04.762Z] ❌ Error reading register 1000 for IP 10.30.4.91: no connection to modbus server
[2025-02-28T06:52:04.763Z] Error writing to Modbus register: no connection to modbus server
[2025-02-28T06:52:05.762Z] Error reading register 3105 for IP 10.30.4.91: no connection to modbus server
[2025-02-28T06:52:05.762Z] ❌ Error reading register 1000 for IP 10.30.4.91: no connection to modbus server
[2025-02-28T06:52:05.763Z] Error writing to Modbus register: no connection to modbus server
[2025-02-28T06:52:06.765Z] Error reading register 3105 for IP 10.30.4.91: no connection to modbus server
[2025-02-28T06:52:06.765Z] ❌ Error reading register 1000 for IP 10.30.4.91: no connection to modbus server
[2025-02-28T06:52:06.766Z] Error writing to Modbus register: no connection to modbus server
[2025-02-28T06:52:07.772Z] Error reading register 3105 for IP 10.30.4.91: no connection to modbus server
[2025-02-28T06:52:07.772Z] ❌ Error reading register 1000 for IP 10.30.4.91: no connection to modbus server
[2025-02-28T06:52:07.772Z] Error writing to Modbus register: no connection to modbus server
[2025-02-28T06:52:08.774Z] Error reading register 3105 for IP 10.30.4.91: no connection to modbus server
[2025-02-28T06:52:08.775Z] ❌ Error reading register 1000 for IP 10.30.4.91: no connection to modbus server
[2025-02-28T06:52:08.776Z] Error writing to Modbus register: no connection to modbus server
[2025-02-28T06:52:09.778Z] Error reading register 3105 for IP 10.30.4.91: no connection to modbus server
[2025-02-28T06:52:09.778Z] ❌ Error reading register 1000 for IP 10.30.4.91: no connection to modbus server
[2025-02-28T06:52:09.779Z] Error writing to Modbus register: no connection to modbus server
[2025-02-28T06:52:10.778Z] Error reading register 3105 for IP 10.30.4.91: no connection to modbus server
[2025-02-28T06:52:10.778Z] ❌ Error reading register 1000 for IP 10.30.4.91: no connection to modbus server
[2025-02-28T06:52:10.779Z] Error writing to Modbus register: no connection to modbus server
[2025-02-28T06:52:11.784Z] Error reading register 3105 for IP 10.30.4.91: no connection to modbus server
[2025-02-28T06:52:11.784Z] ❌ Error reading register 1000 for IP 10.30.4.91: no connection to modbus server
[2025-02-28T06:52:11.784Z] Error writing to Modbus register: no connection to modbus server
[2025-02-28T06:52:12.787Z] Error reading register 3105 for IP 10.30.4.91: no connection to modbus server
[2025-02-28T06:52:12.787Z] ❌ Error reading register 1000 for IP 10.30.4.91: no connection to modbus server
[2025-02-28T06:52:12.788Z] Error writing to Modbus register: no connection to modbus server
[2025-02-28T06:52:13.788Z] Error reading register 3105 for IP 10.30.4.91: no connection to modbus server
[2025-02-28T06:52:13.788Z] ❌ Error reading register 1000 for IP 10.30.4.91: no connection to modbus server
[2025-02-28T06:52:13.789Z] Error writing to Modbus register: no connection to modbus server
[2025-02-28T06:52:14.803Z] Error reading register 3105 for IP 10.30.4.91: no connection to modbus server
[2025-02-28T06:52:14.804Z] ❌ Error reading register 1000 for IP 10.30.4.91: no connection to modbus server
[2025-02-28T06:52:14.805Z] Error writing to Modbus register: no connection to modbus server
[2025-02-28T06:52:15.805Z] Error reading register 3105 for IP 10.30.4.91: no connection to modbus server
[2025-02-28T06:52:15.806Z] ❌ Error reading register 1000 for IP 10.30.4.91: no connection to modbus server
[2025-02-28T06:52:15.806Z] Error writing to Modbus register: no connection to modbus server
[2025-02-28T06:52:16.812Z] Error reading register 3105 for IP 10.30.4.91: no connection to modbus server
[2025-02-28T06:52:16.812Z] ❌ Error reading register 1000 for IP 10.30.4.91: no connection to modbus server
[2025-02-28T06:52:16.813Z] Error writing to Modbus register: no connection to modbus server
[2025-02-28T06:52:17.815Z] Error reading register 3105 for IP 10.30.4.91: no connection to modbus server
[2025-02-28T06:52:17.816Z] ❌ Error reading register 1000 for IP 10.30.4.91: no connection to modbus server
[2025-02-28T06:52:17.816Z] Error writing to Modbus register: no connection to modbus server
[2025-02-28T06:52:18.830Z] Error reading register 3105 for IP 10.30.4.91: no connection to modbus server
[2025-02-28T06:52:18.831Z] ❌ Error reading register 1000 for IP 10.30.4.91: no connection to modbus server
[2025-02-28T06:52:18.832Z] Error writing to Modbus register: no connection to modbus server
[2025-02-28T06:52:19.831Z] Error reading register 3105 for IP 10.30.4.91: no connection to modbus server
[2025-02-28T06:52:19.831Z] ❌ Error reading register 1000 for IP 10.30.4.91: no connection to modbus server
[2025-02-28T06:52:19.831Z] Error writing to Modbus register: no connection to modbus server
[2025-02-28T06:52:20.835Z] Error reading register 3105 for IP 10.30.4.91: no connection to modbus server
[2025-02-28T06:52:20.836Z] Error writing to Modbus register: no connection to modbus server
[2025-02-28T06:52:20.835Z] ❌ Error reading register 1000 for IP 10.30.4.91: no connection to modbus server
[2025-02-28T06:52:21.847Z] Error reading register 3105 for IP 10.30.4.91: no connection to modbus server
[2025-02-28T06:52:21.847Z] ❌ Error reading register 1000 for IP 10.30.4.91: no connection to modbus server
[2025-02-28T06:52:21.848Z] Error writing to Modbus register: no connection to modbus server
[2025-02-28T06:52:22.860Z] Error reading register 3105 for IP 10.30.4.91: no connection to modbus server
[2025-02-28T06:52:22.860Z] ❌ Error reading register 1000 for IP 10.30.4.91: no connection to modbus server
[2025-02-28T06:52:22.860Z] Error writing to Modbus register: no connection to modbus server
[2025-02-28T06:52:23.873Z] Error reading register 3105 for IP 10.30.4.91: no connection to modbus server
[2025-02-28T06:52:23.873Z] ❌ Error reading register 1000 for IP 10.30.4.91: no connection to modbus server
[2025-02-28T06:52:23.873Z] Error writing to Modbus register: no connection to modbus server
[2025-02-28T06:52:24.884Z] Error reading register 3105 for IP 10.30.4.91: no connection to modbus server
[2025-02-28T06:52:24.885Z] ❌ Error reading register 1000 for IP 10.30.4.91: no connection to modbus server
[2025-02-28T06:52:24.885Z] Error writing to Modbus register: no connection to modbus server
[2025-02-28T06:52:25.899Z] Error reading register 3105 for IP 10.30.4.91: no connection to modbus server
[2025-02-28T06:52:25.899Z] ❌ Error reading register 1000 for IP 10.30.4.91: no connection to modbus server
[2025-02-28T06:52:25.900Z] Error writing to Modbus register: no connection to modbus server
[2025-02-28T06:52:26.903Z] Error reading register 3105 for IP 10.30.4.91: no connection to modbus server
[2025-02-28T06:52:26.903Z] ❌ Error reading register 1000 for IP 10.30.4.91: no connection to modbus server
[2025-02-28T06:52:26.904Z] Error writing to Modbus register: no connection to modbus server
[2025-02-28T06:52:27.909Z] Error reading register 3105 for IP 10.30.4.91: no connection to modbus server
[2025-02-28T06:52:27.909Z] ❌ Error reading register 1000 for IP 10.30.4.91: no connection to modbus server
[2025-02-28T06:52:27.910Z] Error writing to Modbus register: no connection to modbus server
[2025-02-28T06:52:28.923Z] Error reading register 3105 for IP 10.30.4.91: no connection to modbus server
[2025-02-28T06:52:28.924Z] ❌ Error reading register 1000 for IP 10.30.4.91: no connection to modbus server
[2025-02-28T06:52:28.925Z] Error writing to Modbus register: no connection to modbus server
[2025-02-28T06:52:29.933Z] Error reading register 3105 for IP 10.30.4.91: no connection to modbus server
[2025-02-28T06:52:29.934Z] ❌ Error reading register 1000 for IP 10.30.4.91: no connection to modbus server
[2025-02-28T06:52:29.935Z] Error writing to Modbus register: no connection to modbus server
[2025-02-28T06:52:30.934Z] Error reading register 3105 for IP 10.30.4.91: no connection to modbus server
[2025-02-28T06:52:30.934Z] ❌ Error reading register 1000 for IP 10.30.4.91: no connection to modbus server
[2025-02-28T06:52:30.935Z] Error writing to Modbus register: no connection to modbus server
[2025-02-28T06:52:31.946Z] Error reading register 3105 for IP 10.30.4.91: no connection to modbus server
[2025-02-28T06:52:31.946Z] ❌ Error reading register 1000 for IP 10.30.4.91: no connection to modbus server
[2025-02-28T06:52:31.946Z] Error writing to Modbus register: no connection to modbus server
[2025-02-28T06:52:32.947Z] Error reading register 3105 for IP 10.30.4.91: no connection to modbus server
[2025-02-28T06:52:32.947Z] ❌ Error reading register 1000 for IP 10.30.4.91: no connection to modbus server
[2025-02-28T06:52:32.948Z] Error writing to Modbus register: no connection to modbus server
[2025-02-28T06:52:33.951Z] ❌ Error reading register 1000 for IP 10.30.4.91: no connection to modbus server
[2025-02-28T06:52:33.951Z] Error reading register 3105 for IP 10.30.4.91: no connection to modbus server
[2025-02-28T06:52:33.952Z] Error writing to Modbus register: no connection to modbus server
[2025-02-28T06:52:34.961Z] Error reading register 3105 for IP 10.30.4.91: no connection to modbus server
[2025-02-28T06:52:34.961Z] ❌ Error reading register 1000 for IP 10.30.4.91: no connection to modbus server
[2025-02-28T06:52:34.961Z] Error writing to Modbus register: no connection to modbus server
[2025-02-28T06:52:35.968Z] Error reading register 3105 for IP 10.30.4.91: no connection to modbus server
[2025-02-28T06:52:35.969Z] ❌ Error reading register 1000 for IP 10.30.4.91: no connection to modbus server
[2025-02-28T06:52:35.969Z] Error writing to Modbus register: no connection to modbus server
[2025-02-28T06:52:36.979Z] Error reading register 3105 for IP 10.30.4.91: no connection to modbus server
[2025-02-28T06:52:36.979Z] ❌ Error reading register 1000 for IP 10.30.4.91: no connection to modbus server
[2025-02-28T06:52:36.979Z] Error writing to Modbus register: no connection to modbus server
[2025-02-28T06:52:37.986Z] Error reading register 3105 for IP 10.30.4.91: no connection to modbus server
[2025-02-28T06:52:37.986Z] ❌ Error reading register 1000 for IP 10.30.4.91: no connection to modbus server
[2025-02-28T06:52:37.987Z] Error writing to Modbus register: no connection to modbus server
[2025-02-28T06:52:38.991Z] Error reading register 3105 for IP 10.30.4.91: no connection to modbus server
[2025-02-28T06:52:38.991Z] ❌ Error reading register 1000 for IP 10.30.4.91: no connection to modbus server
[2025-02-28T06:52:38.991Z] Error writing to Modbus register: no connection to modbus server
[2025-02-28T06:52:40.005Z] ❌ Error reading register 1000 for IP 10.30.4.91: no connection to modbus server
[2025-02-28T06:52:40.005Z] Error writing to Modbus register: no connection to modbus server
[2025-02-28T06:52:40.004Z] Error reading register 3105 for IP 10.30.4.91: no connection to modbus server
[2025-02-28T06:52:41.021Z] Error reading register 3105 for IP 10.30.4.91: no connection to modbus server
[2025-02-28T06:52:41.021Z] ❌ Error reading register 1000 for IP 10.30.4.91: no connection to modbus server
[2025-02-28T06:52:41.022Z] Error writing to Modbus register: no connection to modbus server
[2025-02-28T06:52:42.031Z] Error reading register 3105 for IP 10.30.4.91: no connection to modbus server
[2025-02-28T06:52:42.032Z] ❌ Error reading register 1000 for IP 10.30.4.91: no connection to modbus server
[2025-02-28T06:52:42.034Z] Error writing to Modbus register: no connection to modbus server
[2025-02-28T06:52:43.033Z] Error reading register 3105 for IP 10.30.4.91: no connection to modbus server
[2025-02-28T06:52:43.033Z] ❌ Error reading register 1000 for IP 10.30.4.91: no connection to modbus server
[2025-02-28T06:52:43.035Z] Error writing to Modbus register: no connection to modbus server
[2025-02-28T06:52:44.045Z] Error reading register 3105 for IP 10.30.4.91: no connection to modbus server
[2025-02-28T06:52:44.046Z] ❌ Error reading register 1000 for IP 10.30.4.91: no connection to modbus server
[2025-02-28T06:52:44.047Z] Error writing to Modbus register: no connection to modbus server
[2025-02-28T06:52:45.047Z] Error reading register 3105 for IP 10.30.4.91: no connection to modbus server
[2025-02-28T06:52:45.048Z] ❌ Error reading register 1000 for IP 10.30.4.91: no connection to modbus server
[2025-02-28T06:52:45.049Z] Error writing to Modbus register: no connection to modbus server
[2025-02-28T06:52:46.059Z] Error reading register 3105 for IP 10.30.4.91: no connection to modbus server
[2025-02-28T06:52:46.059Z] ❌ Error reading register 1000 for IP 10.30.4.91: no connection to modbus server
[2025-02-28T06:52:46.060Z] Error writing to Modbus register: no connection to modbus server
[2025-02-28T06:52:47.070Z] Error reading register 3105 for IP 10.30.4.91: no connection to modbus server
[2025-02-28T06:52:47.070Z] ❌ Error reading register 1000 for IP 10.30.4.91: no connection to modbus server
[2025-02-28T06:52:47.070Z] Error writing to Modbus register: no connection to modbus server
[2025-02-28T06:52:48.081Z] Error reading register 3105 for IP 10.30.4.91: no connection to modbus server
[2025-02-28T06:52:48.081Z] ❌ Error reading register 1000 for IP 10.30.4.91: no connection to modbus server
[2025-02-28T06:52:48.082Z] Error writing to Modbus register: no connection to modbus server
[2025-02-28T06:52:49.096Z] Error reading register 3105 for IP 10.30.4.91: no connection to modbus server
[2025-02-28T06:52:49.096Z] ❌ Error reading register 1000 for IP 10.30.4.91: no connection to modbus server
[2025-02-28T06:52:49.098Z] Error writing to Modbus register: no connection to modbus server
[2025-02-28T06:52:50.109Z] Error reading register 3105 for IP 10.30.4.91: no connection to modbus server
[2025-02-28T06:52:50.109Z] ❌ Error reading register 1000 for IP 10.30.4.91: no connection to modbus server
[2025-02-28T06:52:50.110Z] Error writing to Modbus register: no connection to modbus server
[2025-02-28T06:52:51.109Z] Error reading register 3105 for IP 10.30.4.91: no connection to modbus server
[2025-02-28T06:52:51.109Z] ❌ Error reading register 1000 for IP 10.30.4.91: no connection to modbus server
[2025-02-28T06:52:51.110Z] Error writing to Modbus register: no connection to modbus server
[2025-02-28T06:52:52.123Z] Error reading register 3105 for IP 10.30.4.91: no connection to modbus server
[2025-02-28T06:52:52.123Z] ❌ Error reading register 1000 for IP 10.30.4.91: no connection to modbus server
[2025-02-28T06:52:52.124Z] Error writing to Modbus register: no connection to modbus server
[2025-02-28T06:52:53.137Z] Error reading register 3105 for IP 10.30.4.91: no connection to modbus server
[2025-02-28T06:52:53.138Z] ❌ Error reading register 1000 for IP 10.30.4.91: no connection to modbus server
[2025-02-28T06:52:53.139Z] Error writing to Modbus register: no connection to modbus server
[2025-02-28T06:52:54.150Z] ❌ Error reading register 1000 for IP 10.30.4.91: no connection to modbus server
[2025-02-28T06:52:54.151Z] Error writing to Modbus register: no connection to modbus server
[2025-02-28T06:52:54.150Z] Error reading register 3105 for IP 10.30.4.91: no connection to modbus server
[2025-02-28T06:52:55.164Z] Error reading register 3105 for IP 10.30.4.91: no connection to modbus server
[2025-02-28T06:52:55.164Z] ❌ Error reading register 1000 for IP 10.30.4.91: no connection to modbus server
[2025-02-28T06:52:55.165Z] Error writing to Modbus register: no connection to modbus server
[2025-02-28T06:52:56.177Z] Error reading register 3105 for IP 10.30.4.91: no connection to modbus server
[2025-02-28T06:52:56.178Z] ❌ Error reading register 1000 for IP 10.30.4.91: no connection to modbus server
[2025-02-28T06:52:56.179Z] Error writing to Modbus register: no connection to modbus server
[2025-02-28T06:52:57.192Z] Error reading register 3105 for IP 10.30.4.91: no connection to modbus server
[2025-02-28T06:52:57.192Z] ❌ Error reading register 1000 for IP 10.30.4.91: no connection to modbus server
[2025-02-28T06:52:57.193Z] Error writing to Modbus register: no connection to modbus server
[2025-02-28T06:52:58.191Z] Error reading register 3105 for IP 10.30.4.91: no connection to modbus server
[2025-02-28T06:52:58.191Z] ❌ Error reading register 1000 for IP 10.30.4.91: no connection to modbus server
[2025-02-28T06:52:58.192Z] Error writing to Modbus register: no connection to modbus server
[2025-02-28T06:52:59.194Z] Error reading register 3105 for IP 10.30.4.91: no connection to modbus server
[2025-02-28T06:52:59.195Z] ❌ Error reading register 1000 for IP 10.30.4.91: no connection to modbus server
[2025-02-28T06:52:59.196Z] Error writing to Modbus register: no connection to modbus server
[2025-02-28T06:53:00.206Z] Error reading register 3105 for IP 10.30.4.91: no connection to modbus server
[2025-02-28T06:53:00.207Z] ❌ Error reading register 1000 for IP 10.30.4.91: no connection to modbus server
[2025-02-28T06:53:00.207Z] Error writing to Modbus register: no connection to modbus server
[2025-02-28T06:53:01.222Z] Error reading register 3105 for IP 10.30.4.91: no connection to modbus server
[2025-02-28T06:53:01.222Z] ❌ Error reading register 1000 for IP 10.30.4.91: no connection to modbus server
[2025-02-28T06:53:01.222Z] Error writing to Modbus register: no connection to modbus server
[2025-02-28T06:53:02.238Z] Error reading register 3105 for IP 10.30.4.91: no connection to modbus server
[2025-02-28T06:53:02.238Z] ❌ Error reading register 1000 for IP 10.30.4.91: no connection to modbus server
[2025-02-28T06:53:02.239Z] Error writing to Modbus register: no connection to modbus server
[2025-02-28T06:53:03.239Z] Error reading register 3105 for IP 10.30.4.91: no connection to modbus server
[2025-02-28T06:53:03.239Z] ❌ Error reading register 1000 for IP 10.30.4.91: no connection to modbus server
[2025-02-28T06:53:03.239Z] Error writing to Modbus register: no connection to modbus server
[2025-02-28T06:53:04.239Z] Error reading register 3105 for IP 10.30.4.91: no connection to modbus server
[2025-02-28T06:53:04.240Z] ❌ Error reading register 1000 for IP 10.30.4.91: no connection to modbus server
[2025-02-28T06:53:04.241Z] Error writing to Modbus register: no connection to modbus server
[2025-02-28T06:53:05.239Z] Error reading register 3105 for IP 10.30.4.91: no connection to modbus server
[2025-02-28T06:53:05.239Z] ❌ Error reading register 1000 for IP 10.30.4.91: no connection to modbus server
[2025-02-28T06:53:05.239Z] Error writing to Modbus register: no connection to modbus server
[2025-02-28T06:53:06.252Z] Error reading register 3105 for IP 10.30.4.91: no connection to modbus server
[2025-02-28T06:53:06.252Z] ❌ Error reading register 1000 for IP 10.30.4.91: no connection to modbus server
[2025-02-28T06:53:06.253Z] Error writing to Modbus register: no connection to modbus server
[2025-02-28T06:53:07.262Z] Error reading register 3105 for IP 10.30.4.91: no connection to modbus server
[2025-02-28T06:53:07.262Z] ❌ Error reading register 1000 for IP 10.30.4.91: no connection to modbus server
[2025-02-28T06:53:07.262Z] Error writing to Modbus register: no connection to modbus server
[2025-02-28T06:53:08.278Z] Error reading register 3105 for IP 10.30.4.91: no connection to modbus server
[2025-02-28T06:53:08.278Z] ❌ Error reading register 1000 for IP 10.30.4.91: no connection to modbus server
[2025-02-28T06:53:08.280Z] Error writing to Modbus register: no connection to modbus server
[2025-02-28T06:53:09.292Z] Error reading register 3105 for IP 10.30.4.91: no connection to modbus server
[2025-02-28T06:53:09.292Z] ❌ Error reading register 1000 for IP 10.30.4.91: no connection to modbus server
[2025-02-28T06:53:09.292Z] Error writing to Modbus register: no connection to modbus server
[2025-02-28T06:53:10.295Z] Error reading register 3105 for IP 10.30.4.91: no connection to modbus server
[2025-02-28T06:53:10.296Z] ❌ Error reading register 1000 for IP 10.30.4.91: no connection to modbus server
[2025-02-28T06:53:10.297Z] Error writing to Modbus register: no connection to modbus server
[2025-02-28T06:53:11.307Z] Error reading register 3105 for IP 10.30.4.91: no connection to modbus server
[2025-02-28T06:53:11.307Z] ❌ Error reading register 1000 for IP 10.30.4.91: no connection to modbus server
[2025-02-28T06:53:11.307Z] Error writing to Modbus register: no connection to modbus server
[2025-02-28T06:53:12.309Z] Error reading register 3105 for IP 10.30.4.91: no connection to modbus server
[2025-02-28T06:53:12.309Z] ❌ Error reading register 1000 for IP 10.30.4.91: no connection to modbus server
[2025-02-28T06:53:12.311Z] Error writing to Modbus register: no connection to modbus server
[2025-02-28T06:53:13.324Z] Error reading register 3105 for IP 10.30.4.91: no connection to modbus server
[2025-02-28T06:53:13.324Z] ❌ Error reading register 1000 for IP 10.30.4.91: no connection to modbus server
[2025-02-28T06:53:13.325Z] Error writing to Modbus register: no connection to modbus server
[2025-02-28T06:53:14.336Z] Error reading register 3105 for IP 10.30.4.91: no connection to modbus server
[2025-02-28T06:53:14.336Z] ❌ Error reading register 1000 for IP 10.30.4.91: no connection to modbus server
[2025-02-28T06:53:14.336Z] Error writing to Modbus register: no connection to modbus server
[2025-02-28T06:53:15.352Z] Error reading register 3105 for IP 10.30.4.91: no connection to modbus server
[2025-02-28T06:53:15.352Z] ❌ Error reading register 1000 for IP 10.30.4.91: no connection to modbus server
[2025-02-28T06:53:15.353Z] Error writing to Modbus register: no connection to modbus server
[2025-02-28T06:53:16.356Z] Error reading register 3105 for IP 10.30.4.91: no connection to modbus server
[2025-02-28T06:53:16.356Z] ❌ Error reading register 1000 for IP 10.30.4.91: no connection to modbus server
[2025-02-28T06:53:16.357Z] Error writing to Modbus register: no connection to modbus server
[2025-02-28T06:53:17.357Z] Error reading register 3105 for IP 10.30.4.91: no connection to modbus server
[2025-02-28T06:53:17.357Z] ❌ Error reading register 1000 for IP 10.30.4.91: no connection to modbus server
[2025-02-28T06:53:17.357Z] Error writing to Modbus register: no connection to modbus server
[2025-02-28T06:53:18.363Z] Error reading register 3105 for IP 10.30.4.91: no connection to modbus server
[2025-02-28T06:53:18.364Z] ❌ Error reading register 1000 for IP 10.30.4.91: no connection to modbus server
[2025-02-28T06:53:18.364Z] Error writing to Modbus register: no connection to modbus server
[2025-02-28T06:53:19.364Z] Error reading register 3105 for IP 10.30.4.91: no connection to modbus server
[2025-02-28T06:53:19.364Z] ❌ Error reading register 1000 for IP 10.30.4.91: no connection to modbus server
[2025-02-28T06:53:19.366Z] Error writing to Modbus register: no connection to modbus server
[2025-02-28T06:53:20.363Z] Error reading register 3105 for IP 10.30.4.91: no connection to modbus server
[2025-02-28T06:53:20.363Z] ❌ Error reading register 1000 for IP 10.30.4.91: no connection to modbus server
[2025-02-28T06:53:20.365Z] Error writing to Modbus register: no connection to modbus server
[2025-02-28T06:53:21.378Z] Error reading register 3105 for IP 10.30.4.91: no connection to modbus server
[2025-02-28T06:53:21.378Z] ❌ Error reading register 1000 for IP 10.30.4.91: no connection to modbus server
[2025-02-28T06:53:21.379Z] Error writing to Modbus register: no connection to modbus server
[2025-02-28T06:53:22.389Z] ❌ Error reading register 1000 for IP 10.30.4.91: no connection to modbus server
[2025-02-28T06:53:22.389Z] Error reading register 3105 for IP 10.30.4.91: no connection to modbus server
[2025-02-28T06:53:22.390Z] Error writing to Modbus register: no connection to modbus server
[2025-02-28T06:53:23.394Z] Error reading register 3105 for IP 10.30.4.91: no connection to modbus server
[2025-02-28T06:53:23.395Z] ❌ Error reading register 1000 for IP 10.30.4.91: no connection to modbus server
[2025-02-28T06:53:23.395Z] Error writing to Modbus register: no connection to modbus server
[2025-02-28T06:53:24.408Z] Error reading register 3105 for IP 10.30.4.91: no connection to modbus server
[2025-02-28T06:53:24.409Z] ❌ Error reading register 1000 for IP 10.30.4.91: no connection to modbus server
[2025-02-28T06:53:24.410Z] Error writing to Modbus register: no connection to modbus server
[2025-02-28T06:53:25.419Z] Error reading register 3105 for IP 10.30.4.91: no connection to modbus server
[2025-02-28T06:53:25.419Z] ❌ Error reading register 1000 for IP 10.30.4.91: no connection to modbus server
[2025-02-28T06:53:25.420Z] Error writing to Modbus register: no connection to modbus server
[2025-02-28T06:53:26.432Z] Error reading register 3105 for IP 10.30.4.91: no connection to modbus server
[2025-02-28T06:53:26.432Z] ❌ Error reading register 1000 for IP 10.30.4.91: no connection to modbus server
[2025-02-28T06:53:26.432Z] Error writing to Modbus register: no connection to modbus server
[2025-02-28T06:53:27.432Z] Error reading register 3105 for IP 10.30.4.91: no connection to modbus server
[2025-02-28T06:53:27.432Z] ❌ Error reading register 1000 for IP 10.30.4.91: no connection to modbus server
[2025-02-28T06:53:27.433Z] Error writing to Modbus register: no connection to modbus server
[2025-02-28T06:53:28.444Z] Error reading register 3105 for IP 10.30.4.91: no connection to modbus server
[2025-02-28T06:53:28.445Z] ❌ Error reading register 1000 for IP 10.30.4.91: no connection to modbus server
[2025-02-28T06:53:28.445Z] Error writing to Modbus register: no connection to modbus server
[2025-02-28T06:53:29.446Z] Error reading register 3105 for IP 10.30.4.91: no connection to modbus server
[2025-02-28T06:53:29.446Z] ❌ Error reading register 1000 for IP 10.30.4.91: no connection to modbus server
[2025-02-28T06:53:29.446Z] Error writing to Modbus register: no connection to modbus server
[2025-02-28T06:53:30.459Z] Error reading register 3105 for IP 10.30.4.91: no connection to modbus server
[2025-02-28T06:53:30.460Z] ❌ Error reading register 1000 for IP 10.30.4.91: no connection to modbus server
[2025-02-28T06:53:30.461Z] Error writing to Modbus register: no connection to modbus server
[2025-02-28T06:53:31.472Z] Error reading register 3105 for IP 10.30.4.91: no connection to modbus server
[2025-02-28T06:53:31.472Z] ❌ Error reading register 1000 for IP 10.30.4.91: no connection to modbus server
[2025-02-28T06:53:31.472Z] Error writing to Modbus register: no connection to modbus server
[2025-02-28T06:53:32.487Z] Error reading register 3105 for IP 10.30.4.91: no connection to modbus server
[2025-02-28T06:53:32.488Z] ❌ Error reading register 1000 for IP 10.30.4.91: no connection to modbus server
[2025-02-28T06:53:32.489Z] Error writing to Modbus register: no connection to modbus server
[2025-02-28T06:53:33.488Z] Error reading register 3105 for IP 10.30.4.91: no connection to modbus server
[2025-02-28T06:53:33.488Z] ❌ Error reading register 1000 for IP 10.30.4.91: no connection to modbus server
[2025-02-28T06:53:33.489Z] Error writing to Modbus register: no connection to modbus server
[2025-02-28T06:53:34.500Z] Error reading register 3105 for IP 10.30.4.91: no connection to modbus server
[2025-02-28T06:53:34.501Z] ❌ Error reading register 1000 for IP 10.30.4.91: no connection to modbus server
[2025-02-28T06:53:34.501Z] Error writing to Modbus register: no connection to modbus server
[2025-02-28T06:53:35.502Z] Error reading register 3105 for IP 10.30.4.91: no connection to modbus server
[2025-02-28T06:53:35.503Z] ❌ Error reading register 1000 for IP 10.30.4.91: no connection to modbus server
[2025-02-28T06:53:35.503Z] Error writing to Modbus register: no connection to modbus server
[2025-02-28T06:53:36.503Z] Error reading register 3105 for IP 10.30.4.91: no connection to modbus server
[2025-02-28T06:53:36.504Z] ❌ Error reading register 1000 for IP 10.30.4.91: no connection to modbus server
[2025-02-28T06:53:36.504Z] Error writing to Modbus register: no connection to modbus server
[2025-02-28T06:53:37.515Z] Error reading register 3105 for IP 10.30.4.91: no connection to modbus server
[2025-02-28T06:53:37.516Z] Error writing to Modbus register: no connection to modbus server
[2025-02-28T06:53:37.516Z] ❌ Error reading register 1000 for IP 10.30.4.91: no connection to modbus server
[2025-02-28T06:53:38.530Z] Error reading register 3105 for IP 10.30.4.91: no connection to modbus server
[2025-02-28T06:53:38.530Z] ❌ Error reading register 1000 for IP 10.30.4.91: no connection to modbus server
[2025-02-28T06:53:38.530Z] Error writing to Modbus register: no connection to modbus server
[2025-02-28T06:53:39.534Z] Error reading register 3105 for IP 10.30.4.91: no connection to modbus server
[2025-02-28T06:53:39.534Z] ❌ Error reading register 1000 for IP 10.30.4.91: no connection to modbus server
[2025-02-28T06:53:39.535Z] Error writing to Modbus register: no connection to modbus server
[2025-02-28T06:53:40.536Z] ❌ Error reading register 1000 for IP 10.30.4.91: no connection to modbus server
[2025-02-28T06:53:40.536Z] Error writing to Modbus register: no connection to modbus server
[2025-02-28T06:53:40.536Z] Error reading register 3105 for IP 10.30.4.91: no connection to modbus server
[2025-02-28T06:53:41.538Z] Error reading register 3105 for IP 10.30.4.91: no connection to modbus server
[2025-02-28T06:53:41.538Z] ❌ Error reading register 1000 for IP 10.30.4.91: no connection to modbus server
[2025-02-28T06:53:41.538Z] Error writing to Modbus register: no connection to modbus server
[2025-02-28T06:53:42.552Z] Error reading register 3105 for IP 10.30.4.91: no connection to modbus server
[2025-02-28T06:53:42.552Z] ❌ Error reading register 1000 for IP 10.30.4.91: no connection to modbus server
[2025-02-28T06:53:42.553Z] Error writing to Modbus register: no connection to modbus server
[2025-02-28T06:53:43.553Z] Error reading register 3105 for IP 10.30.4.91: no connection to modbus server
[2025-02-28T06:53:43.553Z] ❌ Error reading register 1000 for IP 10.30.4.91: no connection to modbus server
[2025-02-28T06:53:43.553Z] Error writing to Modbus register: no connection to modbus server
[2025-02-28T06:53:44.569Z] Error reading register 3105 for IP 10.30.4.91: no connection to modbus server
[2025-02-28T06:53:44.570Z] ❌ Error reading register 1000 for IP 10.30.4.91: no connection to modbus server
[2025-02-28T06:53:44.571Z] Error writing to Modbus register: no connection to modbus server
[2025-02-28T06:53:45.569Z] Error reading register 3105 for IP 10.30.4.91: no connection to modbus server
[2025-02-28T06:53:45.570Z] ❌ Error reading register 1000 for IP 10.30.4.91: no connection to modbus server
[2025-02-28T06:53:45.570Z] Error writing to Modbus register: no connection to modbus server
[2025-02-28T06:53:46.581Z] ❌ Error reading register 1000 for IP 10.30.4.91: no connection to modbus server
[2025-02-28T06:53:46.581Z] Error reading register 3105 for IP 10.30.4.91: no connection to modbus server
[2025-02-28T06:53:46.582Z] Error writing to Modbus register: no connection to modbus server
[2025-02-28T06:53:47.579Z] Error reading register 3105 for IP 10.30.4.91: no connection to modbus server
[2025-02-28T06:53:47.579Z] ❌ Error reading register 1000 for IP 10.30.4.91: no connection to modbus server
[2025-02-28T06:53:47.594Z] Error writing to Modbus register: no connection to modbus server
[2025-02-28T06:53:48.581Z] Error reading register 3105 for IP 10.30.4.91: no connection to modbus server
[2025-02-28T06:53:48.582Z] ❌ Error reading register 1000 for IP 10.30.4.91: no connection to modbus server
[2025-02-28T06:53:48.597Z] Error writing to Modbus register: no connection to modbus server
[2025-02-28T06:53:49.583Z] Error reading register 3105 for IP 10.30.4.91: no connection to modbus server
[2025-02-28T06:53:49.584Z] ❌ Error reading register 1000 for IP 10.30.4.91: no connection to modbus server
[2025-02-28T06:53:49.598Z] Error writing to Modbus register: no connection to modbus server
[2025-02-28T06:53:50.584Z] Error reading register 3105 for IP 10.30.4.91: no connection to modbus server
[2025-02-28T06:53:50.584Z] ❌ Error reading register 1000 for IP 10.30.4.91: no connection to modbus server
[2025-02-28T06:53:50.599Z] Error writing to Modbus register: no connection to modbus server
[2025-02-28T06:53:51.584Z] Error reading register 3105 for IP 10.30.4.91: no connection to modbus server
[2025-02-28T06:53:51.585Z] ❌ Error reading register 1000 for IP 10.30.4.91: no connection to modbus server
[2025-02-28T06:53:51.600Z] Error writing to Modbus register: no connection to modbus server
[2025-02-28T06:53:52.588Z] Error reading register 3105 for IP 10.30.4.91: no connection to modbus server
[2025-02-28T06:53:52.588Z] ❌ Error reading register 1000 for IP 10.30.4.91: no connection to modbus server
[2025-02-28T06:53:52.603Z] Error writing to Modbus register: no connection to modbus server
[2025-02-28T06:53:53.603Z] Error reading register 3105 for IP 10.30.4.91: no connection to modbus server
[2025-02-28T06:53:53.603Z] ❌ Error reading register 1000 for IP 10.30.4.91: no connection to modbus server
[2025-02-28T06:53:53.604Z] Error writing to Modbus register: no connection to modbus server
[2025-02-28T06:53:54.606Z] Error reading register 3105 for IP 10.30.4.91: no connection to modbus server
[2025-02-28T06:53:54.607Z] ❌ Error reading register 1000 for IP 10.30.4.91: no connection to modbus server
[2025-02-28T06:53:54.607Z] Error writing to Modbus register: no connection to modbus server
[2025-02-28T06:53:55.613Z] Error reading register 3105 for IP 10.30.4.91: no connection to modbus server
[2025-02-28T06:53:55.614Z] ❌ Error reading register 1000 for IP 10.30.4.91: no connection to modbus server
[2025-02-28T06:53:55.615Z] Error writing to Modbus register: no connection to modbus server
[2025-02-28T06:53:56.617Z] Error reading register 3105 for IP 10.30.4.91: no connection to modbus server
[2025-02-28T06:53:56.617Z] ❌ Error reading register 1000 for IP 10.30.4.91: no connection to modbus server
[2025-02-28T06:53:56.618Z] Error writing to Modbus register: no connection to modbus server
[2025-02-28T06:53:57.617Z] Error reading register 3105 for IP 10.30.4.91: no connection to modbus server
[2025-02-28T06:53:57.617Z] ❌ Error reading register 1000 for IP 10.30.4.91: no connection to modbus server
[2025-02-28T06:53:57.618Z] Error writing to Modbus register: no connection to modbus server
[2025-02-28T06:53:58.629Z] Error reading register 3105 for IP 10.30.4.91: no connection to modbus server
[2025-02-28T06:53:58.629Z] ❌ Error reading register 1000 for IP 10.30.4.91: no connection to modbus server
[2025-02-28T06:53:58.630Z] Error writing to Modbus register: no connection to modbus server
[2025-02-28T06:53:59.632Z] Error reading register 3105 for IP 10.30.4.91: no connection to modbus server
[2025-02-28T06:53:59.633Z] ❌ Error reading register 1000 for IP 10.30.4.91: no connection to modbus server
[2025-02-28T06:53:59.633Z] Error writing to Modbus register: no connection to modbus server
[2025-02-28T06:54:00.646Z] Error reading register 3105 for IP 10.30.4.91: no connection to modbus server
[2025-02-28T06:54:00.647Z] ❌ Error reading register 1000 for IP 10.30.4.91: no connection to modbus server
[2025-02-28T06:54:00.648Z] Error writing to Modbus register: no connection to modbus server
[2025-02-28T06:54:01.647Z] Error reading register 3105 for IP 10.30.4.91: no connection to modbus server
[2025-02-28T06:54:01.647Z] ❌ Error reading register 1000 for IP 10.30.4.91: no connection to modbus server
[2025-02-28T06:54:01.648Z] Error writing to Modbus register: no connection to modbus server
[2025-02-28T06:54:02.657Z] Error reading register 3105 for IP 10.30.4.91: no connection to modbus server
[2025-02-28T06:54:02.658Z] ❌ Error reading register 1000 for IP 10.30.4.91: no connection to modbus server
[2025-02-28T06:54:02.658Z] Error writing to Modbus register: no connection to modbus server
[2025-02-28T06:54:03.664Z] Error reading register 3105 for IP 10.30.4.91: no connection to modbus server
[2025-02-28T06:54:03.664Z] ❌ Error reading register 1000 for IP 10.30.4.91: no connection to modbus server
[2025-02-28T06:54:03.665Z] Error writing to Modbus register: no connection to modbus server
[2025-02-28T06:54:04.668Z] Error reading register 3105 for IP 10.30.4.91: no connection to modbus server
[2025-02-28T06:54:04.668Z] ❌ Error reading register 1000 for IP 10.30.4.91: no connection to modbus server
[2025-02-28T06:54:04.669Z] Error writing to Modbus register: no connection to modbus server
[2025-02-28T06:54:05.670Z] Error reading register 3105 for IP 10.30.4.91: no connection to modbus server
[2025-02-28T06:54:05.670Z] ❌ Error reading register 1000 for IP 10.30.4.91: no connection to modbus server
[2025-02-28T06:54:05.670Z] Error writing to Modbus register: no connection to modbus server
[2025-02-28T06:54:06.684Z] Error reading register 3105 for IP 10.30.4.91: no connection to modbus server
[2025-02-28T06:54:06.684Z] ❌ Error reading register 1000 for IP 10.30.4.91: no connection to modbus server
[2025-02-28T06:54:06.684Z] Error writing to Modbus register: no connection to modbus server
[2025-02-28T06:54:07.696Z] Error reading register 3105 for IP 10.30.4.91: no connection to modbus server
[2025-02-28T06:54:07.696Z] ❌ Error reading register 1000 for IP 10.30.4.91: no connection to modbus server
[2025-02-28T06:54:07.696Z] Error writing to Modbus register: no connection to modbus server
[2025-02-28T06:54:08.708Z] Error reading register 3105 for IP 10.30.4.91: no connection to modbus server
[2025-02-28T06:54:08.708Z] ❌ Error reading register 1000 for IP 10.30.4.91: no connection to modbus server
[2025-02-28T06:54:08.709Z] Error writing to Modbus register: no connection to modbus server
[2025-02-28T06:54:09.722Z] ❌ Error reading register 1000 for IP 10.30.4.91: no connection to modbus server
[2025-02-28T06:54:09.722Z] Error reading register 3105 for IP 10.30.4.91: no connection to modbus server
[2025-02-28T06:54:09.722Z] Error writing to Modbus register: no connection to modbus server
[2025-02-28T06:54:10.737Z] Error reading register 3105 for IP 10.30.4.91: no connection to modbus server
[2025-02-28T06:54:10.738Z] ❌ Error reading register 1000 for IP 10.30.4.91: no connection to modbus server
[2025-02-28T06:54:10.739Z] Error writing to Modbus register: no connection to modbus server
[2025-02-28T06:54:11.738Z] Error reading register 3105 for IP 10.30.4.91: no connection to modbus server
[2025-02-28T06:54:11.738Z] ❌ Error reading register 1000 for IP 10.30.4.91: no connection to modbus server
[2025-02-28T06:54:11.739Z] Error writing to Modbus register: no connection to modbus server
[2025-02-28T06:54:12.740Z] Error reading register 3105 for IP 10.30.4.91: no connection to modbus server
[2025-02-28T06:54:12.741Z] ❌ Error reading register 1000 for IP 10.30.4.91: no connection to modbus server
[2025-02-28T06:54:12.742Z] Error writing to Modbus register: no connection to modbus server
[2025-02-28T06:54:13.755Z] Error reading register 3105 for IP 10.30.4.91: no connection to modbus server
[2025-02-28T06:54:13.756Z] ❌ Error reading register 1000 for IP 10.30.4.91: no connection to modbus server
[2025-02-28T06:54:13.757Z] Error writing to Modbus register: no connection to modbus server
[2025-02-28T06:54:14.767Z] Error reading register 3105 for IP 10.30.4.91: no connection to modbus server
[2025-02-28T06:54:14.767Z] ❌ Error reading register 1000 for IP 10.30.4.91: no connection to modbus server
[2025-02-28T06:54:14.768Z] Error writing to Modbus register: no connection to modbus server
[2025-02-28T06:54:15.772Z] Error reading register 3105 for IP 10.30.4.91: no connection to modbus server
[2025-02-28T06:54:15.772Z] ❌ Error reading register 1000 for IP 10.30.4.91: no connection to modbus server
[2025-02-28T06:54:15.773Z] Error writing to Modbus register: no connection to modbus server
[2025-02-28T06:54:16.772Z] Error reading register 3105 for IP 10.30.4.91: no connection to modbus server
[2025-02-28T06:54:16.772Z] ❌ Error reading register 1000 for IP 10.30.4.91: no connection to modbus server
[2025-02-28T06:54:16.772Z] Error writing to Modbus register: no connection to modbus server
[2025-02-28T06:54:17.775Z] Error reading register 3105 for IP 10.30.4.91: no connection to modbus server
[2025-02-28T06:54:17.776Z] ❌ Error reading register 1000 for IP 10.30.4.91: no connection to modbus server
[2025-02-28T06:54:17.777Z] Error writing to Modbus register: no connection to modbus server
[2025-02-28T06:54:18.790Z] Error reading register 3105 for IP 10.30.4.91: no connection to modbus server
[2025-02-28T06:54:18.791Z] ❌ Error reading register 1000 for IP 10.30.4.91: no connection to modbus server
[2025-02-28T06:54:18.792Z] Error writing to Modbus register: no connection to modbus server
[2025-02-28T06:54:19.803Z] Error reading register 3105 for IP 10.30.4.91: no connection to modbus server
[2025-02-28T06:54:19.804Z] ❌ Error reading register 1000 for IP 10.30.4.91: no connection to modbus server
[2025-02-28T06:54:19.804Z] Error writing to Modbus register: no connection to modbus server
[2025-02-28T06:54:20.807Z] Error reading register 3105 for IP 10.30.4.91: no connection to modbus server
[2025-02-28T06:54:20.807Z] ❌ Error reading register 1000 for IP 10.30.4.91: no connection to modbus server
[2025-02-28T06:54:20.808Z] Error writing to Modbus register: no connection to modbus server
[2025-02-28T06:54:21.819Z] Error reading register 3105 for IP 10.30.4.91: no connection to modbus server
[2025-02-28T06:54:21.820Z] ❌ Error reading register 1000 for IP 10.30.4.91: no connection to modbus server
[2025-02-28T06:54:21.821Z] Error writing to Modbus register: no connection to modbus server
[2025-02-28T06:54:22.833Z] Error reading register 3105 for IP 10.30.4.91: no connection to modbus server
[2025-02-28T06:54:22.833Z] ❌ Error reading register 1000 for IP 10.30.4.91: no connection to modbus server
[2025-02-28T06:54:22.833Z] Error writing to Modbus register: no connection to modbus server
[2025-02-28T06:54:23.846Z] Error reading register 3105 for IP 10.30.4.91: no connection to modbus server
[2025-02-28T06:54:23.847Z] ❌ Error reading register 1000 for IP 10.30.4.91: no connection to modbus server
[2025-02-28T06:54:23.848Z] Error writing to Modbus register: no connection to modbus server
[2025-02-28T06:54:24.861Z] Error reading register 3105 for IP 10.30.4.91: no connection to modbus server
[2025-02-28T06:54:24.862Z] ❌ Error reading register 1000 for IP 10.30.4.91: no connection to modbus server
[2025-02-28T06:54:24.863Z] Error writing to Modbus register: no connection to modbus server
[2025-02-28T06:54:25.863Z] Error reading register 3105 for IP 10.30.4.91: no connection to modbus server
[2025-02-28T06:54:25.863Z] ❌ Error reading register 1000 for IP 10.30.4.91: no connection to modbus server
[2025-02-28T06:54:25.864Z] Error writing to Modbus register: no connection to modbus server
[2025-02-28T06:54:26.876Z] Error reading register 3105 for IP 10.30.4.91: no connection to modbus server
[2025-02-28T06:54:26.877Z] ❌ Error reading register 1000 for IP 10.30.4.91: no connection to modbus server
[2025-02-28T06:54:26.877Z] Error writing to Modbus register: no connection to modbus server
[2025-02-28T06:54:27.876Z] Error reading register 3105 for IP 10.30.4.91: no connection to modbus server
[2025-02-28T06:54:27.877Z] ❌ Error reading register 1000 for IP 10.30.4.91: no connection to modbus server
[2025-02-28T06:54:27.878Z] Error writing to Modbus register: no connection to modbus server
[2025-02-28T06:54:28.882Z] Error reading register 3105 for IP 10.30.4.91: no connection to modbus server
[2025-02-28T06:54:28.882Z] ❌ Error reading register 1000 for IP 10.30.4.91: no connection to modbus server
[2025-02-28T06:54:28.883Z] Error writing to Modbus register: no connection to modbus server
[2025-02-28T06:54:29.896Z] ❌ Error reading register 1000 for IP 10.30.4.91: no connection to modbus server
[2025-02-28T06:54:29.896Z] Error writing to Modbus register: no connection to modbus server
[2025-02-28T06:54:29.895Z] Error reading register 3105 for IP 10.30.4.91: no connection to modbus server
[2025-02-28T06:54:30.899Z] Error reading register 3105 for IP 10.30.4.91: no connection to modbus server
[2025-02-28T06:54:30.900Z] ❌ Error reading register 1000 for IP 10.30.4.91: no connection to modbus server
[2025-02-28T06:54:30.901Z] Error writing to Modbus register: no connection to modbus server
[2025-02-28T06:54:31.912Z] Error reading register 3105 for IP 10.30.4.91: no connection to modbus server
[2025-02-28T06:54:31.912Z] ❌ Error reading register 1000 for IP 10.30.4.91: no connection to modbus server
[2025-02-28T06:54:31.912Z] Error writing to Modbus register: no connection to modbus server
[2025-02-28T06:54:32.914Z] Error reading register 3105 for IP 10.30.4.91: no connection to modbus server
[2025-02-28T06:54:32.915Z] ❌ Error reading register 1000 for IP 10.30.4.91: no connection to modbus server
[2025-02-28T06:54:32.916Z] Error writing to Modbus register: no connection to modbus server
[2025-02-28T06:54:33.913Z] Error reading register 3105 for IP 10.30.4.91: no connection to modbus server
[2025-02-28T06:54:33.913Z] ❌ Error reading register 1000 for IP 10.30.4.91: no connection to modbus server
[2025-02-28T06:54:33.929Z] Error writing to Modbus register: no connection to modbus server
[2025-02-28T06:54:34.915Z] Error reading register 3105 for IP 10.30.4.91: no connection to modbus server
[2025-02-28T06:54:34.915Z] ❌ Error reading register 1000 for IP 10.30.4.91: no connection to modbus server
[2025-02-28T06:54:34.930Z] Error writing to Modbus register: no connection to modbus server
[2025-02-28T06:54:35.919Z] Error reading register 3105 for IP 10.30.4.91: no connection to modbus server
[2025-02-28T06:54:35.919Z] ❌ Error reading register 1000 for IP 10.30.4.91: no connection to modbus server
[2025-02-28T06:54:35.935Z] Error writing to Modbus register: no connection to modbus server
[2025-02-28T06:54:36.926Z] Error reading register 3105 for IP 10.30.4.91: no connection to modbus server
[2025-02-28T06:54:36.926Z] ❌ Error reading register 1000 for IP 10.30.4.91: no connection to modbus server
[2025-02-28T06:54:36.935Z] Error writing to Modbus register: no connection to modbus server
[2025-02-28T06:54:37.934Z] Error reading register 3105 for IP 10.30.4.91: no connection to modbus server
[2025-02-28T06:54:37.934Z] ❌ Error reading register 1000 for IP 10.30.4.91: no connection to modbus server
[2025-02-28T06:54:37.935Z] Error writing to Modbus register: no connection to modbus server
[2025-02-28T06:54:38.937Z] Error reading register 3105 for IP 10.30.4.91: no connection to modbus server
[2025-02-28T06:54:38.938Z] ❌ Error reading register 1000 for IP 10.30.4.91: no connection to modbus server
[2025-02-28T06:54:38.939Z] Error writing to Modbus register: no connection to modbus server
[2025-02-28T06:54:39.948Z] Error reading register 3105 for IP 10.30.4.91: no connection to modbus server
[2025-02-28T06:54:39.949Z] ❌ Error reading register 1000 for IP 10.30.4.91: no connection to modbus server
[2025-02-28T06:54:39.950Z] Error writing to Modbus register: no connection to modbus server
[2025-02-28T06:54:40.951Z] Error reading register 3105 for IP 10.30.4.91: no connection to modbus server
[2025-02-28T06:54:40.953Z] Error writing to Modbus register: no connection to modbus server
[2025-02-28T06:54:40.952Z] ❌ Error reading register 1000 for IP 10.30.4.91: no connection to modbus server
[2025-02-28T06:54:41.955Z] Error reading register 3105 for IP 10.30.4.91: no connection to modbus server
[2025-02-28T06:54:41.956Z] ❌ Error reading register 1000 for IP 10.30.4.91: no connection to modbus server
[2025-02-28T06:54:41.957Z] Error writing to Modbus register: no connection to modbus server
[2025-02-28T06:54:42.956Z] Error reading register 3105 for IP 10.30.4.91: no connection to modbus server
[2025-02-28T06:54:42.956Z] ❌ Error reading register 1000 for IP 10.30.4.91: no connection to modbus server
[2025-02-28T06:54:42.957Z] Error writing to Modbus register: no connection to modbus server
[2025-02-28T06:54:43.970Z] Error reading register 3105 for IP 10.30.4.91: no connection to modbus server
[2025-02-28T06:54:43.970Z] ❌ Error reading register 1000 for IP 10.30.4.91: no connection to modbus server
[2025-02-28T06:54:43.972Z] Error writing to Modbus register: no connection to modbus server
[2025-02-28T06:54:44.981Z] Error reading register 3105 for IP 10.30.4.91: no connection to modbus server
[2025-02-28T06:54:44.981Z] ❌ Error reading register 1000 for IP 10.30.4.91: no connection to modbus server
[2025-02-28T06:54:44.981Z] Error writing to Modbus register: no connection to modbus server
[2025-02-28T06:54:45.983Z] Error reading register 3105 for IP 10.30.4.91: no connection to modbus server
[2025-02-28T06:54:45.983Z] ❌ Error reading register 1000 for IP 10.30.4.91: no connection to modbus server
[2025-02-28T06:54:45.984Z] Error writing to Modbus register: no connection to modbus server
[2025-02-28T06:54:46.993Z] Error reading register 3105 for IP 10.30.4.91: no connection to modbus server
[2025-02-28T06:54:46.994Z] ❌ Error reading register 1000 for IP 10.30.4.91: no connection to modbus server
[2025-02-28T06:54:46.995Z] Error writing to Modbus register: no connection to modbus server
[2025-02-28T06:54:48.008Z] Error reading register 3105 for IP 10.30.4.91: no connection to modbus server
[2025-02-28T06:54:48.009Z] ❌ Error reading register 1000 for IP 10.30.4.91: no connection to modbus server
[2025-02-28T06:54:48.009Z] Error writing to Modbus register: no connection to modbus server
[2025-02-28T06:54:49.021Z] Error reading register 3105 for IP 10.30.4.91: no connection to modbus server
[2025-02-28T06:54:49.021Z] ❌ Error reading register 1000 for IP 10.30.4.91: no connection to modbus server
[2025-02-28T06:54:49.021Z] Error writing to Modbus register: no connection to modbus server
[2025-02-28T06:54:50.032Z] Error reading register 3105 for IP 10.30.4.91: no connection to modbus server
[2025-02-28T06:54:50.033Z] ❌ Error reading register 1000 for IP 10.30.4.91: no connection to modbus server
[2025-02-28T06:54:50.033Z] Error writing to Modbus register: no connection to modbus server
[2025-02-28T06:54:51.032Z] Error reading register 3105 for IP 10.30.4.91: no connection to modbus server
[2025-02-28T06:54:51.033Z] ❌ Error reading register 1000 for IP 10.30.4.91: no connection to modbus server
[2025-02-28T06:54:51.033Z] Error writing to Modbus register: no connection to modbus server
[2025-02-28T06:54:52.045Z] Error reading register 3105 for IP 10.30.4.91: no connection to modbus server
[2025-02-28T06:54:52.045Z] ❌ Error reading register 1000 for IP 10.30.4.91: no connection to modbus server
[2025-02-28T06:54:52.046Z] Error writing to Modbus register: no connection to modbus server
[2025-02-28T06:54:53.060Z] Error reading register 3105 for IP 10.30.4.91: no connection to modbus server
[2025-02-28T06:54:53.060Z] ❌ Error reading register 1000 for IP 10.30.4.91: no connection to modbus server
[2025-02-28T06:54:53.060Z] Error writing to Modbus register: no connection to modbus server
[2025-02-28T06:54:54.072Z] Error reading register 3105 for IP 10.30.4.91: no connection to modbus server
[2025-02-28T06:54:54.073Z] ❌ Error reading register 1000 for IP 10.30.4.91: no connection to modbus server
[2025-02-28T06:54:54.073Z] Error writing to Modbus register: no connection to modbus server
[2025-02-28T06:54:55.077Z] Error reading register 3105 for IP 10.30.4.91: no connection to modbus server
[2025-02-28T06:54:55.077Z] ❌ Error reading register 1000 for IP 10.30.4.91: no connection to modbus server
[2025-02-28T06:54:55.077Z] Error writing to Modbus register: no connection to modbus server
[2025-02-28T06:54:56.092Z] Error reading register 3105 for IP 10.30.4.91: no connection to modbus server
[2025-02-28T06:54:56.093Z] ❌ Error reading register 1000 for IP 10.30.4.91: no connection to modbus server
[2025-02-28T06:54:56.094Z] Error writing to Modbus register: no connection to modbus server
[2025-02-28T06:54:57.108Z] Error reading register 3105 for IP 10.30.4.91: no connection to modbus server
[2025-02-28T06:54:57.108Z] ❌ Error reading register 1000 for IP 10.30.4.91: no connection to modbus server
[2025-02-28T06:54:57.110Z] Error writing to Modbus register: no connection to modbus server
[2025-02-28T06:54:58.120Z] Error reading register 3105 for IP 10.30.4.91: no connection to modbus server
[2025-02-28T06:54:58.120Z] ❌ Error reading register 1000 for IP 10.30.4.91: no connection to modbus server
[2025-02-28T06:54:58.121Z] Error writing to Modbus register: no connection to modbus server
[2025-02-28T06:54:59.133Z] Error reading register 3105 for IP 10.30.4.91: no connection to modbus server
[2025-02-28T06:54:59.133Z] ❌ Error reading register 1000 for IP 10.30.4.91: no connection to modbus server
[2025-02-28T06:54:59.134Z] Error writing to Modbus register: no connection to modbus server
[2025-02-28T06:55:00.134Z] Error reading register 3105 for IP 10.30.4.91: no connection to modbus server
[2025-02-28T06:55:00.134Z] ❌ Error reading register 1000 for IP 10.30.4.91: no connection to modbus server
[2025-02-28T06:55:00.134Z] Error writing to Modbus register: no connection to modbus server
[2025-02-28T06:55:01.133Z] Error reading register 3105 for IP 10.30.4.91: no connection to modbus server
[2025-02-28T06:55:01.133Z] ❌ Error reading register 1000 for IP 10.30.4.91: no connection to modbus server
[2025-02-28T06:55:01.134Z] Error writing to Modbus register: no connection to modbus server
[2025-02-28T06:55:02.148Z] Error reading register 3105 for IP 10.30.4.91: no connection to modbus server
[2025-02-28T06:55:02.149Z] ❌ Error reading register 1000 for IP 10.30.4.91: no connection to modbus server
[2025-02-28T06:55:02.150Z] Error writing to Modbus register: no connection to modbus server
[2025-02-28T06:55:03.162Z] Error reading register 3105 for IP 10.30.4.91: no connection to modbus server
[2025-02-28T06:55:03.162Z] ❌ Error reading register 1000 for IP 10.30.4.91: no connection to modbus server
[2025-02-28T06:55:03.162Z] Error writing to Modbus register: no connection to modbus server
[2025-02-28T06:55:04.161Z] Error reading register 3105 for IP 10.30.4.91: no connection to modbus server
[2025-02-28T06:55:04.161Z] ❌ Error reading register 1000 for IP 10.30.4.91: no connection to modbus server
[2025-02-28T06:55:04.162Z] Error writing to Modbus register: no connection to modbus server
[2025-02-28T06:55:05.177Z] Error reading register 3105 for IP 10.30.4.91: no connection to modbus server
[2025-02-28T06:55:05.177Z] ❌ Error reading register 1000 for IP 10.30.4.91: no connection to modbus server
[2025-02-28T06:55:05.178Z] Error writing to Modbus register: no connection to modbus server
[2025-02-28T06:55:06.178Z] Error reading register 3105 for IP 10.30.4.91: no connection to modbus server
[2025-02-28T06:55:06.179Z] Error writing to Modbus register: no connection to modbus server
[2025-02-28T06:55:06.179Z] ❌ Error reading register 1000 for IP 10.30.4.91: no connection to modbus server
[2025-02-28T06:55:07.190Z] Error reading register 3105 for IP 10.30.4.91: no connection to modbus server
[2025-02-28T06:55:07.190Z] ❌ Error reading register 1000 for IP 10.30.4.91: no connection to modbus server
[2025-02-28T06:55:07.190Z] Error writing to Modbus register: no connection to modbus server
[2025-02-28T06:55:08.191Z] Error reading register 3105 for IP 10.30.4.91: no connection to modbus server
[2025-02-28T06:55:08.191Z] ❌ Error reading register 1000 for IP 10.30.4.91: no connection to modbus server
[2025-02-28T06:55:08.192Z] Error writing to Modbus register: no connection to modbus server
[2025-02-28T06:55:09.204Z] Error reading register 3105 for IP 10.30.4.91: no connection to modbus server
[2025-02-28T06:55:09.204Z] ❌ Error reading register 1000 for IP 10.30.4.91: no connection to modbus server
[2025-02-28T06:55:09.205Z] Error writing to Modbus register: no connection to modbus server
[2025-02-28T06:55:10.204Z] Error reading register 3105 for IP 10.30.4.91: no connection to modbus server
[2025-02-28T06:55:10.204Z] ❌ Error reading register 1000 for IP 10.30.4.91: no connection to modbus server
[2025-02-28T06:55:10.205Z] Error writing to Modbus register: no connection to modbus server
[2025-02-28T06:55:11.216Z] Error reading register 3105 for IP 10.30.4.91: no connection to modbus server
[2025-02-28T06:55:11.217Z] ❌ Error reading register 1000 for IP 10.30.4.91: no connection to modbus server
[2025-02-28T06:55:11.218Z] Error writing to Modbus register: no connection to modbus server
[2025-02-28T06:55:12.217Z] Error reading register 3105 for IP 10.30.4.91: no connection to modbus server
[2025-02-28T06:55:12.217Z] ❌ Error reading register 1000 for IP 10.30.4.91: no connection to modbus server
[2025-02-28T06:55:12.219Z] Error writing to Modbus register: no connection to modbus server
[2025-02-28T06:55:13.220Z] ❌ Error reading register 1000 for IP 10.30.4.91: no connection to modbus server
[2025-02-28T06:55:13.219Z] Error reading register 3105 for IP 10.30.4.91: no connection to modbus server
[2025-02-28T06:55:13.220Z] Error writing to Modbus register: no connection to modbus server
[2025-02-28T06:55:14.235Z] Error reading register 3105 for IP 10.30.4.91: no connection to modbus server
[2025-02-28T06:55:14.236Z] ❌ Error reading register 1000 for IP 10.30.4.91: no connection to modbus server
[2025-02-28T06:55:14.237Z] Error writing to Modbus register: no connection to modbus server
[2025-02-28T06:55:15.238Z] Error reading register 3105 for IP 10.30.4.91: no connection to modbus server
[2025-02-28T06:55:15.238Z] ❌ Error reading register 1000 for IP 10.30.4.91: no connection to modbus server
[2025-02-28T06:55:15.239Z] Error writing to Modbus register: no connection to modbus server
[2025-02-28T06:55:16.238Z] Error reading register 3105 for IP 10.30.4.91: no connection to modbus server
[2025-02-28T06:55:16.239Z] ❌ Error reading register 1000 for IP 10.30.4.91: no connection to modbus server
[2025-02-28T06:55:16.239Z] Error writing to Modbus register: no connection to modbus server
[2025-02-28T06:55:17.256Z] Error reading register 3105 for IP 10.30.4.91: no connection to modbus server
[2025-02-28T06:55:17.256Z] ❌ Error reading register 1000 for IP 10.30.4.91: no connection to modbus server
[2025-02-28T06:55:17.258Z] Error writing to Modbus register: no connection to modbus server
[2025-02-28T06:55:18.269Z] Error reading register 3105 for IP 10.30.4.91: no connection to modbus server
[2025-02-28T06:55:18.269Z] ❌ Error reading register 1000 for IP 10.30.4.91: no connection to modbus server
[2025-02-28T06:55:18.269Z] Error writing to Modbus register: no connection to modbus server
[2025-02-28T06:55:19.269Z] Error reading register 3105 for IP 10.30.4.91: no connection to modbus server
[2025-02-28T06:55:19.269Z] ❌ Error reading register 1000 for IP 10.30.4.91: no connection to modbus server
[2025-02-28T06:55:19.270Z] Error writing to Modbus register: no connection to modbus server
[2025-02-28T06:55:20.285Z] Error reading register 3105 for IP 10.30.4.91: no connection to modbus server
[2025-02-28T06:55:20.286Z] ❌ Error reading register 1000 for IP 10.30.4.91: no connection to modbus server
[2025-02-28T06:55:20.287Z] Error writing to Modbus register: no connection to modbus server
[2025-02-28T06:55:21.299Z] Error reading register 3105 for IP 10.30.4.91: no connection to modbus server
[2025-02-28T06:55:21.299Z] Error writing to Modbus register: no connection to modbus server
[2025-02-28T06:55:21.299Z] ❌ Error reading register 1000 for IP 10.30.4.91: no connection to modbus server
[2025-02-28T06:55:22.312Z] Error reading register 3105 for IP 10.30.4.91: no connection to modbus server
[2025-02-28T06:55:22.313Z] ❌ Error reading register 1000 for IP 10.30.4.91: no connection to modbus server
[2025-02-28T06:55:22.314Z] Error writing to Modbus register: no connection to modbus server
[2025-02-28T06:55:23.327Z] Error reading register 3105 for IP 10.30.4.91: no connection to modbus server
[2025-02-28T06:55:23.328Z] ❌ Error reading register 1000 for IP 10.30.4.91: no connection to modbus server
[2025-02-28T06:55:23.329Z] Error writing to Modbus register: no connection to modbus server
[2025-02-28T06:55:24.341Z] Error reading register 3105 for IP 10.30.4.91: no connection to modbus server
[2025-02-28T06:55:24.341Z] ❌ Error reading register 1000 for IP 10.30.4.91: no connection to modbus server
[2025-02-28T06:55:24.342Z] Error writing to Modbus register: no connection to modbus server
[2025-02-28T06:55:25.344Z] Error reading register 3105 for IP 10.30.4.91: no connection to modbus server
[2025-02-28T06:55:25.344Z] ❌ Error reading register 1000 for IP 10.30.4.91: no connection to modbus server
[2025-02-28T06:55:25.345Z] Error writing to Modbus register: no connection to modbus server
[2025-02-28T06:55:26.349Z] Error reading register 3105 for IP 10.30.4.91: no connection to modbus server
[2025-02-28T06:55:26.349Z] ❌ Error reading register 1000 for IP 10.30.4.91: no connection to modbus server
[2025-02-28T06:55:26.349Z] Error writing to Modbus register: no connection to modbus server
[2025-02-28T06:55:27.359Z] Error reading register 3105 for IP 10.30.4.91: no connection to modbus server
[2025-02-28T06:55:27.359Z] ❌ Error reading register 1000 for IP 10.30.4.91: no connection to modbus server
[2025-02-28T06:55:27.360Z] Error writing to Modbus register: no connection to modbus server
[2025-02-28T06:55:28.365Z] Error reading register 3105 for IP 10.30.4.91: no connection to modbus server
[2025-02-28T06:55:28.365Z] ❌ Error reading register 1000 for IP 10.30.4.91: no connection to modbus server
[2025-02-28T06:55:28.366Z] Error writing to Modbus register: no connection to modbus server
[2025-02-28T06:55:29.365Z] Error reading register 3105 for IP 10.30.4.91: no connection to modbus server
[2025-02-28T06:55:29.366Z] ❌ Error reading register 1000 for IP 10.30.4.91: no connection to modbus server
[2025-02-28T06:55:29.367Z] Error writing to Modbus register: no connection to modbus server
[2025-02-28T06:55:30.378Z] Error reading register 3105 for IP 10.30.4.91: no connection to modbus server
[2025-02-28T06:55:30.378Z] ❌ Error reading register 1000 for IP 10.30.4.91: no connection to modbus server
[2025-02-28T06:55:30.378Z] Error writing to Modbus register: no connection to modbus server
[2025-02-28T06:55:31.381Z] Error reading register 3105 for IP 10.30.4.91: no connection to modbus server
[2025-02-28T06:55:31.381Z] ❌ Error reading register 1000 for IP 10.30.4.91: no connection to modbus server
[2025-02-28T06:55:31.382Z] Error writing to Modbus register: no connection to modbus server
[2025-02-28T06:55:32.384Z] Error reading register 3105 for IP 10.30.4.91: no connection to modbus server
[2025-02-28T06:55:32.385Z] ❌ Error reading register 1000 for IP 10.30.4.91: no connection to modbus server
[2025-02-28T06:55:32.385Z] Error writing to Modbus register: no connection to modbus server
[2025-02-28T06:55:33.399Z] Error reading register 3105 for IP 10.30.4.91: no connection to modbus server
[2025-02-28T06:55:33.399Z] ❌ Error reading register 1000 for IP 10.30.4.91: no connection to modbus server
[2025-02-28T06:55:33.399Z] Error writing to Modbus register: no connection to modbus server
[2025-02-28T06:55:34.400Z] Error reading register 3105 for IP 10.30.4.91: no connection to modbus server
[2025-02-28T06:55:34.400Z] ❌ Error reading register 1000 for IP 10.30.4.91: no connection to modbus server
[2025-02-28T06:55:34.401Z] Error writing to Modbus register: no connection to modbus server
[2025-02-28T06:55:35.401Z] Error reading register 3105 for IP 10.30.4.91: no connection to modbus server
[2025-02-28T06:55:35.401Z] ❌ Error reading register 1000 for IP 10.30.4.91: no connection to modbus server
[2025-02-28T06:55:35.402Z] Error writing to Modbus register: no connection to modbus server
[2025-02-28T06:55:36.401Z] Error reading register 3105 for IP 10.30.4.91: no connection to modbus server
[2025-02-28T06:55:36.401Z] ❌ Error reading register 1000 for IP 10.30.4.91: no connection to modbus server
[2025-02-28T06:55:36.403Z] Error writing to Modbus register: no connection to modbus server
[2025-02-28T06:55:37.410Z] Error reading register 3105 for IP 10.30.4.91: no connection to modbus server
[2025-02-28T06:55:37.410Z] ❌ Error reading register 1000 for IP 10.30.4.91: no connection to modbus server
[2025-02-28T06:55:37.410Z] Error writing to Modbus register: no connection to modbus server
[2025-02-28T06:55:38.425Z] Error reading register 3105 for IP 10.30.4.91: no connection to modbus server
[2025-02-28T06:55:38.425Z] ❌ Error reading register 1000 for IP 10.30.4.91: no connection to modbus server
[2025-02-28T06:55:38.425Z] Error writing to Modbus register: no connection to modbus server
[2025-02-28T06:55:39.428Z] Error reading register 3105 for IP 10.30.4.91: no connection to modbus server
[2025-02-28T06:55:39.428Z] ❌ Error reading register 1000 for IP 10.30.4.91: no connection to modbus server
[2025-02-28T06:55:39.429Z] Error writing to Modbus register: no connection to modbus server
[2025-02-28T06:55:40.427Z] Error reading register 3105 for IP 10.30.4.91: no connection to modbus server
[2025-02-28T06:55:40.427Z] ❌ Error reading register 1000 for IP 10.30.4.91: no connection to modbus server
[2025-02-28T06:55:40.443Z] Error writing to Modbus register: no connection to modbus server
[2025-02-28T06:55:41.442Z] Error reading register 3105 for IP 10.30.4.91: no connection to modbus server
[2025-02-28T06:55:41.442Z] ❌ Error reading register 1000 for IP 10.30.4.91: no connection to modbus server
[2025-02-28T06:55:41.443Z] Error writing to Modbus register: no connection to modbus server
[2025-02-28T06:55:42.444Z] Error reading register 3105 for IP 10.30.4.91: no connection to modbus server
[2025-02-28T06:55:42.445Z] ❌ Error reading register 1000 for IP 10.30.4.91: no connection to modbus server
[2025-02-28T06:55:42.446Z] Error writing to Modbus register: no connection to modbus server
[2025-02-28T06:55:43.457Z] Error reading register 3105 for IP 10.30.4.91: no connection to modbus server
[2025-02-28T06:55:43.458Z] ❌ Error reading register 1000 for IP 10.30.4.91: no connection to modbus server
[2025-02-28T06:55:43.459Z] Error writing to Modbus register: no connection to modbus server
[2025-02-28T06:55:44.469Z] Error reading register 3105 for IP 10.30.4.91: no connection to modbus server
[2025-02-28T06:55:44.469Z] ❌ Error reading register 1000 for IP 10.30.4.91: no connection to modbus server
[2025-02-28T06:55:44.469Z] Error writing to Modbus register: no connection to modbus server
[2025-02-28T06:55:45.484Z] Error reading register 3105 for IP 10.30.4.91: no connection to modbus server
[2025-02-28T06:55:45.484Z] ❌ Error reading register 1000 for IP 10.30.4.91: no connection to modbus server
[2025-02-28T06:55:45.485Z] Error writing to Modbus register: no connection to modbus server
[2025-02-28T06:55:46.495Z] Error reading register 3105 for IP 10.30.4.91: no connection to modbus server
[2025-02-28T06:55:46.496Z] ❌ Error reading register 1000 for IP 10.30.4.91: no connection to modbus server
[2025-02-28T06:55:46.497Z] Error writing to Modbus register: no connection to modbus server
[2025-02-28T06:55:47.506Z] Error reading register 3105 for IP 10.30.4.91: no connection to modbus server
[2025-02-28T06:55:47.507Z] ❌ Error reading register 1000 for IP 10.30.4.91: no connection to modbus server
[2025-02-28T06:55:47.507Z] Error writing to Modbus register: no connection to modbus server
[2025-02-28T06:55:48.521Z] Error reading register 3105 for IP 10.30.4.91: no connection to modbus server
[2025-02-28T06:55:48.522Z] ❌ Error reading register 1000 for IP 10.30.4.91: no connection to modbus server
[2025-02-28T06:55:48.523Z] Error writing to Modbus register: no connection to modbus server
[2025-02-28T06:55:49.534Z] Error reading register 3105 for IP 10.30.4.91: no connection to modbus server
[2025-02-28T06:55:49.534Z] ❌ Error reading register 1000 for IP 10.30.4.91: no connection to modbus server
[2025-02-28T06:55:49.535Z] Error writing to Modbus register: no connection to modbus server
[2025-02-28T06:55:50.546Z] Error reading register 3105 for IP 10.30.4.91: no connection to modbus server
[2025-02-28T06:55:50.547Z] ❌ Error reading register 1000 for IP 10.30.4.91: no connection to modbus server
[2025-02-28T06:55:50.547Z] Error writing to Modbus register: no connection to modbus server
[2025-02-28T06:55:51.559Z] Error reading register 3105 for IP 10.30.4.91: no connection to modbus server
[2025-02-28T06:55:51.560Z] ❌ Error reading register 1000 for IP 10.30.4.91: no connection to modbus server
[2025-02-28T06:55:51.561Z] Error writing to Modbus register: no connection to modbus server
[2025-02-28T06:55:52.562Z] Error reading register 3105 for IP 10.30.4.91: no connection to modbus server
[2025-02-28T06:55:52.563Z] ❌ Error reading register 1000 for IP 10.30.4.91: no connection to modbus server
[2025-02-28T06:55:52.564Z] Error writing to Modbus register: no connection to modbus server
[2025-02-28T06:55:53.576Z] Error reading register 3105 for IP 10.30.4.91: no connection to modbus server
[2025-02-28T06:55:53.576Z] ❌ Error reading register 1000 for IP 10.30.4.91: no connection to modbus server
[2025-02-28T06:55:53.577Z] Error writing to Modbus register: no connection to modbus server
[2025-02-28T06:55:54.579Z] Error reading register 3105 for IP 10.30.4.91: no connection to modbus server
[2025-02-28T06:55:54.580Z] ❌ Error reading register 1000 for IP 10.30.4.91: no connection to modbus server
[2025-02-28T06:55:54.581Z] Error writing to Modbus register: no connection to modbus server
[2025-02-28T06:55:55.590Z] Error reading register 3105 for IP 10.30.4.91: no connection to modbus server
[2025-02-28T06:55:55.590Z] ❌ Error reading register 1000 for IP 10.30.4.91: no connection to modbus server
[2025-02-28T06:55:55.592Z] Error writing to Modbus register: no connection to modbus server
[2025-02-28T06:55:56.595Z] Error reading register 3105 for IP 10.30.4.91: no connection to modbus server
[2025-02-28T06:55:56.595Z] ❌ Error reading register 1000 for IP 10.30.4.91: no connection to modbus server
[2025-02-28T06:55:56.596Z] Error writing to Modbus register: no connection to modbus server
[2025-02-28T06:55:57.607Z] Error reading register 3105 for IP 10.30.4.91: no connection to modbus server
[2025-02-28T06:55:57.608Z] ❌ Error reading register 1000 for IP 10.30.4.91: no connection to modbus server
[2025-02-28T06:55:57.608Z] Error writing to Modbus register: no connection to modbus server
[2025-02-28T06:55:58.609Z] Error reading register 3105 for IP 10.30.4.91: no connection to modbus server
[2025-02-28T06:55:58.610Z] ❌ Error reading register 1000 for IP 10.30.4.91: no connection to modbus server
[2025-02-28T06:55:58.611Z] Error writing to Modbus register: no connection to modbus server
[2025-02-28T06:55:59.622Z] Error reading register 3105 for IP 10.30.4.91: no connection to modbus server
[2025-02-28T06:55:59.622Z] ❌ Error reading register 1000 for IP 10.30.4.91: no connection to modbus server
[2025-02-28T06:55:59.622Z] Error writing to Modbus register: no connection to modbus server
[2025-02-28T06:56:00.624Z] Error reading register 3105 for IP 10.30.4.91: no connection to modbus server
[2025-02-28T06:56:00.625Z] ❌ Error reading register 1000 for IP 10.30.4.91: no connection to modbus server
[2025-02-28T06:56:00.626Z] Error writing to Modbus register: no connection to modbus server
[2025-02-28T06:56:01.625Z] Error reading register 3105 for IP 10.30.4.91: no connection to modbus server
[2025-02-28T06:56:01.625Z] ❌ Error reading register 1000 for IP 10.30.4.91: no connection to modbus server
[2025-02-28T06:56:01.640Z] Error writing to Modbus register: no connection to modbus server
[2025-02-28T06:56:02.639Z] Error reading register 3105 for IP 10.30.4.91: no connection to modbus server
[2025-02-28T06:56:02.640Z] ❌ Error reading register 1000 for IP 10.30.4.91: no connection to modbus server
[2025-02-28T06:56:02.640Z] Error writing to Modbus register: no connection to modbus server
[2025-02-28T06:56:03.650Z] Error reading register 3105 for IP 10.30.4.91: no connection to modbus server
[2025-02-28T06:56:03.651Z] ❌ Error reading register 1000 for IP 10.30.4.91: no connection to modbus server
[2025-02-28T06:56:03.652Z] Error writing to Modbus register: no connection to modbus server
[2025-02-28T06:56:04.652Z] Error reading register 3105 for IP 10.30.4.91: no connection to modbus server
[2025-02-28T06:56:04.652Z] ❌ Error reading register 1000 for IP 10.30.4.91: no connection to modbus server
[2025-02-28T06:56:04.652Z] Error writing to Modbus register: no connection to modbus server
[2025-02-28T06:56:05.667Z] Error reading register 3105 for IP 10.30.4.91: no connection to modbus server
[2025-02-28T06:56:05.667Z] ❌ Error reading register 1000 for IP 10.30.4.91: no connection to modbus server
[2025-02-28T06:56:05.668Z] Error writing to Modbus register: no connection to modbus server
[2025-02-28T06:56:06.680Z] Error reading register 3105 for IP 10.30.4.91: no connection to modbus server
[2025-02-28T06:56:06.681Z] ❌ Error reading register 1000 for IP 10.30.4.91: no connection to modbus server
[2025-02-28T06:56:06.682Z] Error writing to Modbus register: no connection to modbus server
[2025-02-28T06:56:07.693Z] Error reading register 3105 for IP 10.30.4.91: no connection to modbus server
[2025-02-28T06:56:07.694Z] ❌ Error reading register 1000 for IP 10.30.4.91: no connection to modbus server
[2025-02-28T06:56:07.694Z] Error writing to Modbus register: no connection to modbus server
[2025-02-28T06:56:08.695Z] Error reading register 3105 for IP 10.30.4.91: no connection to modbus server
[2025-02-28T06:56:08.696Z] ❌ Error reading register 1000 for IP 10.30.4.91: no connection to modbus server
[2025-02-28T06:56:08.697Z] Error writing to Modbus register: no connection to modbus server
[2025-02-28T06:56:09.695Z] Error reading register 3105 for IP 10.30.4.91: no connection to modbus server
[2025-02-28T06:56:09.696Z] ❌ Error reading register 1000 for IP 10.30.4.91: no connection to modbus server
[2025-02-28T06:56:09.697Z] Error writing to Modbus register: no connection to modbus server
[2025-02-28T06:56:10.709Z] Error reading register 3105 for IP 10.30.4.91: no connection to modbus server
[2025-02-28T06:56:10.710Z] ❌ Error reading register 1000 for IP 10.30.4.91: no connection to modbus server
[2025-02-28T06:56:10.710Z] Error writing to Modbus register: no connection to modbus server
[2025-02-28T06:56:11.710Z] Error reading register 3105 for IP 10.30.4.91: no connection to modbus server
[2025-02-28T06:56:11.710Z] ❌ Error reading register 1000 for IP 10.30.4.91: no connection to modbus server
[2025-02-28T06:56:11.712Z] Error writing to Modbus register: no connection to modbus server
[2025-02-28T06:56:12.713Z] Error reading register 3105 for IP 10.30.4.91: no connection to modbus server
[2025-02-28T06:56:12.714Z] ❌ Error reading register 1000 for IP 10.30.4.91: no connection to modbus server
[2025-02-28T06:56:12.715Z] Error writing to Modbus register: no connection to modbus server
[2025-02-28T06:56:13.715Z] Error reading register 3105 for IP 10.30.4.91: no connection to modbus server
[2025-02-28T06:56:13.715Z] ❌ Error reading register 1000 for IP 10.30.4.91: no connection to modbus server
[2025-02-28T06:56:13.716Z] Error writing to Modbus register: no connection to modbus server
[2025-02-28T06:56:14.730Z] Error reading register 3105 for IP 10.30.4.91: no connection to modbus server
[2025-02-28T06:56:14.731Z] ❌ Error reading register 1000 for IP 10.30.4.91: no connection to modbus server
[2025-02-28T06:56:14.732Z] Error writing to Modbus register: no connection to modbus server
[2025-02-28T06:56:15.744Z] Error reading register 3105 for IP 10.30.4.91: no connection to modbus server
[2025-02-28T06:56:15.745Z] ❌ Error reading register 1000 for IP 10.30.4.91: no connection to modbus server
[2025-02-28T06:56:15.746Z] Error writing to Modbus register: no connection to modbus server
[2025-02-28T06:56:16.747Z] Error reading register 3105 for IP 10.30.4.91: no connection to modbus server
[2025-02-28T06:56:16.747Z] ❌ Error reading register 1000 for IP 10.30.4.91: no connection to modbus server
[2025-02-28T06:56:16.747Z] Error writing to Modbus register: no connection to modbus server
[2025-02-28T06:56:17.759Z] Error reading register 3105 for IP 10.30.4.91: no connection to modbus server
[2025-02-28T06:56:17.760Z] ❌ Error reading register 1000 for IP 10.30.4.91: no connection to modbus server
[2025-02-28T06:56:17.760Z] Error writing to Modbus register: no connection to modbus server
[2025-02-28T06:56:18.759Z] Error reading register 3105 for IP 10.30.4.91: no connection to modbus server
[2025-02-28T06:56:18.759Z] ❌ Error reading register 1000 for IP 10.30.4.91: no connection to modbus server
[2025-02-28T06:56:18.760Z] Error writing to Modbus register: no connection to modbus server
[2025-02-28T06:56:19.760Z] Error reading register 3105 for IP 10.30.4.91: no connection to modbus server
[2025-02-28T06:56:19.761Z] ❌ Error reading register 1000 for IP 10.30.4.91: no connection to modbus server
[2025-02-28T06:56:19.762Z] Error writing to Modbus register: no connection to modbus server
[2025-02-28T06:56:20.774Z] Error reading register 3105 for IP 10.30.4.91: no connection to modbus server
[2025-02-28T06:56:20.775Z] ❌ Error reading register 1000 for IP 10.30.4.91: no connection to modbus server
[2025-02-28T06:56:20.776Z] Error writing to Modbus register: no connection to modbus server
[2025-02-28T06:56:21.788Z] Error reading register 3105 for IP 10.30.4.91: no connection to modbus server
[2025-02-28T06:56:21.789Z] ❌ Error reading register 1000 for IP 10.30.4.91: no connection to modbus server
[2025-02-28T06:56:21.790Z] Error writing to Modbus register: no connection to modbus server
[2025-02-28T06:56:22.801Z] Error reading register 3105 for IP 10.30.4.91: no connection to modbus server
[2025-02-28T06:56:22.801Z] ❌ Error reading register 1000 for IP 10.30.4.91: no connection to modbus server
[2025-02-28T06:56:22.802Z] Error writing to Modbus register: no connection to modbus server
[2025-02-28T06:56:23.801Z] Error reading register 3105 for IP 10.30.4.91: no connection to modbus server
[2025-02-28T06:56:23.802Z] ❌ Error reading register 1000 for IP 10.30.4.91: no connection to modbus server
[2025-02-28T06:56:23.803Z] Error writing to Modbus register: no connection to modbus server
[2025-02-28T06:56:24.813Z] Error reading register 3105 for IP 10.30.4.91: no connection to modbus server
[2025-02-28T06:56:24.813Z] ❌ Error reading register 1000 for IP 10.30.4.91: no connection to modbus server
[2025-02-28T06:56:24.814Z] Error writing to Modbus register: no connection to modbus server
[2025-02-28T06:56:25.813Z] Error reading register 3105 for IP 10.30.4.91: no connection to modbus server
[2025-02-28T06:56:25.814Z] ❌ Error reading register 1000 for IP 10.30.4.91: no connection to modbus server
[2025-02-28T06:56:25.815Z] Error writing to Modbus register: no connection to modbus server
[2025-02-28T06:56:26.827Z] Error reading register 3105 for IP 10.30.4.91: no connection to modbus server
[2025-02-28T06:56:26.828Z] ❌ Error reading register 1000 for IP 10.30.4.91: no connection to modbus server
[2025-02-28T06:56:26.828Z] Error writing to Modbus register: no connection to modbus server
[2025-02-28T06:56:27.839Z] Error reading register 3105 for IP 10.30.4.91: no connection to modbus server
[2025-02-28T06:56:27.839Z] ❌ Error reading register 1000 for IP 10.30.4.91: no connection to modbus server
[2025-02-28T06:56:27.840Z] Error writing to Modbus register: no connection to modbus server
[2025-02-28T06:56:28.852Z] Error reading register 3105 for IP 10.30.4.91: no connection to modbus server
[2025-02-28T06:56:28.853Z] ❌ Error reading register 1000 for IP 10.30.4.91: no connection to modbus server
[2025-02-28T06:56:28.854Z] Error writing to Modbus register: no connection to modbus server
[2025-02-28T06:56:29.865Z] Error reading register 3105 for IP 10.30.4.91: no connection to modbus server
[2025-02-28T06:56:29.866Z] ❌ Error reading register 1000 for IP 10.30.4.91: no connection to modbus server
[2025-02-28T06:56:29.867Z] Error writing to Modbus register: no connection to modbus server
[2025-02-28T06:56:30.878Z] Error reading register 3105 for IP 10.30.4.91: no connection to modbus server
[2025-02-28T06:56:30.879Z] ❌ Error reading register 1000 for IP 10.30.4.91: no connection to modbus server
[2025-02-28T06:56:30.880Z] Error writing to Modbus register: no connection to modbus server
[2025-02-28T06:56:31.878Z] Error reading register 3105 for IP 10.30.4.91: no connection to modbus server
[2025-02-28T06:56:31.878Z] ❌ Error reading register 1000 for IP 10.30.4.91: no connection to modbus server
[2025-02-28T06:56:31.893Z] Error writing to Modbus register: no connection to modbus server
[2025-02-28T06:56:32.893Z] Error reading register 3105 for IP 10.30.4.91: no connection to modbus server
[2025-02-28T06:56:32.893Z] ❌ Error reading register 1000 for IP 10.30.4.91: no connection to modbus server
[2025-02-28T06:56:32.894Z] Error writing to Modbus register: no connection to modbus server
[2025-02-28T06:56:33.906Z] Error reading register 3105 for IP 10.30.4.91: no connection to modbus server
[2025-02-28T06:56:33.906Z] ❌ Error reading register 1000 for IP 10.30.4.91: no connection to modbus server
[2025-02-28T06:56:33.907Z] Error writing to Modbus register: no connection to modbus server
[2025-02-28T06:56:34.906Z] Error reading register 3105 for IP 10.30.4.91: no connection to modbus server
[2025-02-28T06:56:34.907Z] ❌ Error reading register 1000 for IP 10.30.4.91: no connection to modbus server
[2025-02-28T06:56:34.907Z] Error writing to Modbus register: no connection to modbus server
[2025-02-28T06:56:35.910Z] Error reading register 3105 for IP 10.30.4.91: no connection to modbus server
[2025-02-28T06:56:35.911Z] ❌ Error reading register 1000 for IP 10.30.4.91: no connection to modbus server
[2025-02-28T06:56:35.911Z] Error writing to Modbus register: no connection to modbus server
[2025-02-28T06:56:36.912Z] Error reading register 3105 for IP 10.30.4.91: no connection to modbus server
[2025-02-28T06:56:36.912Z] ❌ Error reading register 1000 for IP 10.30.4.91: no connection to modbus server
[2025-02-28T06:56:36.913Z] Error writing to Modbus register: no connection to modbus server
[2025-02-28T06:56:37.913Z] Error reading register 3105 for IP 10.30.4.91: no connection to modbus server
[2025-02-28T06:56:37.913Z] ❌ Error reading register 1000 for IP 10.30.4.91: no connection to modbus server
[2025-02-28T06:56:37.913Z] Error writing to Modbus register: no connection to modbus server
[2025-02-28T06:56:38.926Z] Error reading register 3105 for IP 10.30.4.91: no connection to modbus server
[2025-02-28T06:56:38.926Z] ❌ Error reading register 1000 for IP 10.30.4.91: no connection to modbus server
[2025-02-28T06:56:38.927Z] Error writing to Modbus register: no connection to modbus server
[2025-02-28T06:56:39.940Z] Error reading register 3105 for IP 10.30.4.91: no connection to modbus server
[2025-02-28T06:56:39.940Z] ❌ Error reading register 1000 for IP 10.30.4.91: no connection to modbus server
[2025-02-28T06:56:39.941Z] Error writing to Modbus register: no connection to modbus server
[2025-02-28T06:56:40.950Z] Error reading register 3105 for IP 10.30.4.91: no connection to modbus server
[2025-02-28T06:56:40.950Z] ❌ Error reading register 1000 for IP 10.30.4.91: no connection to modbus server
[2025-02-28T06:56:40.950Z] Error writing to Modbus register: no connection to modbus server
[2025-02-28T06:56:41.966Z] Error reading register 3105 for IP 10.30.4.91: no connection to modbus server
[2025-02-28T06:56:41.967Z] ❌ Error reading register 1000 for IP 10.30.4.91: no connection to modbus server
[2025-02-28T06:56:41.968Z] Error writing to Modbus register: no connection to modbus server
[2025-02-28T06:56:42.967Z] Error reading register 3105 for IP 10.30.4.91: no connection to modbus server
[2025-02-28T06:56:42.968Z] ❌ Error reading register 1000 for IP 10.30.4.91: no connection to modbus server
[2025-02-28T06:56:42.969Z] Error writing to Modbus register: no connection to modbus server
[2025-02-28T06:56:43.967Z] Error reading register 3105 for IP 10.30.4.91: no connection to modbus server
[2025-02-28T06:56:43.967Z] ❌ Error reading register 1000 for IP 10.30.4.91: no connection to modbus server
[2025-02-28T06:56:43.982Z] Error writing to Modbus register: no connection to modbus server
[2025-02-28T06:56:44.982Z] Error reading register 3105 for IP 10.30.4.91: no connection to modbus server
[2025-02-28T06:56:44.983Z] ❌ Error reading register 1000 for IP 10.30.4.91: no connection to modbus server
[2025-02-28T06:56:44.984Z] Error writing to Modbus register: no connection to modbus server
[2025-02-28T06:56:45.996Z] Error reading register 3105 for IP 10.30.4.91: no connection to modbus server
[2025-02-28T06:56:45.996Z] ❌ Error reading register 1000 for IP 10.30.4.91: no connection to modbus server
[2025-02-28T06:56:45.997Z] Error writing to Modbus register: no connection to modbus server
[2025-02-28T06:56:47.013Z] ❌ Error reading register 1000 for IP 10.30.4.91: no connection to modbus server
[2025-02-28T06:56:47.013Z] Error reading register 3105 for IP 10.30.4.91: no connection to modbus server
[2025-02-28T06:56:47.013Z] Error writing to Modbus register: no connection to modbus server
[2025-02-28T06:56:48.023Z] Error reading register 3105 for IP 10.30.4.91: no connection to modbus server
[2025-02-28T06:56:48.023Z] ❌ Error reading register 1000 for IP 10.30.4.91: no connection to modbus server
[2025-02-28T06:56:48.024Z] Error writing to Modbus register: no connection to modbus server
[2025-02-28T06:56:49.024Z] Error reading register 3105 for IP 10.30.4.91: no connection to modbus server
[2025-02-28T06:56:49.024Z] ❌ Error reading register 1000 for IP 10.30.4.91: no connection to modbus server
[2025-02-28T06:56:49.025Z] Error writing to Modbus register: no connection to modbus server
[2025-02-28T06:56:50.039Z] Error reading register 3105 for IP 10.30.4.91: no connection to modbus server
[2025-02-28T06:56:50.039Z] ❌ Error reading register 1000 for IP 10.30.4.91: no connection to modbus server
[2025-02-28T06:56:50.041Z] Error writing to Modbus register: no connection to modbus server
[2025-02-28T06:56:51.039Z] Error reading register 3105 for IP 10.30.4.91: no connection to modbus server
[2025-02-28T06:56:51.039Z] ❌ Error reading register 1000 for IP 10.30.4.91: no connection to modbus server
[2025-02-28T06:56:51.040Z] Error writing to Modbus register: no connection to modbus server
[2025-02-28T06:56:52.040Z] Error reading register 3105 for IP 10.30.4.91: no connection to modbus server
[2025-02-28T06:56:52.040Z] ❌ Error reading register 1000 for IP 10.30.4.91: no connection to modbus server
[2025-02-28T06:56:52.041Z] Error writing to Modbus register: no connection to modbus server
[2025-02-28T06:56:53.053Z] Error reading register 3105 for IP 10.30.4.91: no connection to modbus server
[2025-02-28T06:56:53.053Z] ❌ Error reading register 1000 for IP 10.30.4.91: no connection to modbus server
[2025-02-28T06:56:53.054Z] Error writing to Modbus register: no connection to modbus server
[2025-02-28T06:56:54.067Z] ❌ Error reading register 1000 for IP 10.30.4.91: no connection to modbus server
[2025-02-28T06:56:54.067Z] Error reading register 3105 for IP 10.30.4.91: no connection to modbus server
[2025-02-28T06:56:54.067Z] Error writing to Modbus register: no connection to modbus server
[2025-02-28T06:56:55.082Z] Error reading register 3105 for IP 10.30.4.91: no connection to modbus server
[2025-02-28T06:56:55.082Z] ❌ Error reading register 1000 for IP 10.30.4.91: no connection to modbus server
[2025-02-28T06:56:55.082Z] Error writing to Modbus register: no connection to modbus server
[2025-02-28T06:56:56.084Z] Error reading register 3105 for IP 10.30.4.91: no connection to modbus server
[2025-02-28T06:56:56.085Z] ❌ Error reading register 1000 for IP 10.30.4.91: no connection to modbus server
[2025-02-28T06:56:56.086Z] Error writing to Modbus register: no connection to modbus server
[2025-02-28T06:56:57.098Z] Error reading register 3105 for IP 10.30.4.91: no connection to modbus server
[2025-02-28T06:56:57.098Z] ❌ Error reading register 1000 for IP 10.30.4.91: no connection to modbus server
[2025-02-28T06:56:57.098Z] Error writing to Modbus register: no connection to modbus server
[2025-02-28T06:56:58.113Z] Error reading register 3105 for IP 10.30.4.91: no connection to modbus server
[2025-02-28T06:56:58.113Z] ❌ Error reading register 1000 for IP 10.30.4.91: no connection to modbus server
[2025-02-28T06:56:58.113Z] Error writing to Modbus register: no connection to modbus server
[2025-02-28T06:56:59.124Z] Error reading register 3105 for IP 10.30.4.91: no connection to modbus server
[2025-02-28T06:56:59.125Z] ❌ Error reading register 1000 for IP 10.30.4.91: no connection to modbus server
[2025-02-28T06:56:59.126Z] Error writing to Modbus register: no connection to modbus server
[2025-02-28T06:57:00.138Z] Error reading register 3105 for IP 10.30.4.91: no connection to modbus server
[2025-02-28T06:57:00.138Z] ❌ Error reading register 1000 for IP 10.30.4.91: no connection to modbus server
[2025-02-28T06:57:00.140Z] Error writing to Modbus register: no connection to modbus server
[2025-02-28T06:57:01.141Z] Error reading register 3105 for IP 10.30.4.91: no connection to modbus server
[2025-02-28T06:57:01.141Z] ❌ Error reading register 1000 for IP 10.30.4.91: no connection to modbus server
[2025-02-28T06:57:01.141Z] Error writing to Modbus register: no connection to modbus server
[2025-02-28T06:57:02.143Z] Error reading register 3105 for IP 10.30.4.91: no connection to modbus server
[2025-02-28T06:57:02.144Z] ❌ Error reading register 1000 for IP 10.30.4.91: no connection to modbus server
[2025-02-28T06:57:02.145Z] Error writing to Modbus register: no connection to modbus server
[2025-02-28T06:57:03.145Z] Error reading register 3105 for IP 10.30.4.91: no connection to modbus server
[2025-02-28T06:57:03.145Z] ❌ Error reading register 1000 for IP 10.30.4.91: no connection to modbus server
[2025-02-28T06:57:03.146Z] Error writing to Modbus register: no connection to modbus server
[2025-02-28T06:57:04.156Z] Error reading register 3105 for IP 10.30.4.91: no connection to modbus server
[2025-02-28T06:57:04.157Z] Error writing to Modbus register: no connection to modbus server
[2025-02-28T06:57:04.157Z] ❌ Error reading register 1000 for IP 10.30.4.91: no connection to modbus server
[2025-02-28T06:57:05.159Z] Error reading register 3105 for IP 10.30.4.91: no connection to modbus server
[2025-02-28T06:57:05.160Z] Error writing to Modbus register: no connection to modbus server
[2025-02-28T06:57:05.160Z] ❌ Error reading register 1000 for IP 10.30.4.91: no connection to modbus server
[2025-02-28T06:57:06.162Z] Error reading register 3105 for IP 10.30.4.91: no connection to modbus server
[2025-02-28T06:57:06.163Z] ❌ Error reading register 1000 for IP 10.30.4.91: no connection to modbus server
[2025-02-28T06:57:06.164Z] Error writing to Modbus register: no connection to modbus server
[2025-02-28T06:57:07.174Z] Error reading register 3105 for IP 10.30.4.91: no connection to modbus server
[2025-02-28T06:57:07.174Z] ❌ Error reading register 1000 for IP 10.30.4.91: no connection to modbus server
[2025-02-28T06:57:07.174Z] Error writing to Modbus register: no connection to modbus server
[2025-02-28T06:57:08.190Z] Error reading register 3105 for IP 10.30.4.91: no connection to modbus server
[2025-02-28T06:57:08.190Z] ❌ Error reading register 1000 for IP 10.30.4.91: no connection to modbus server
[2025-02-28T06:57:08.191Z] Error writing to Modbus register: no connection to modbus server
[2025-02-28T06:57:09.201Z] Error reading register 3105 for IP 10.30.4.91: no connection to modbus server
[2025-02-28T06:57:09.201Z] ❌ Error reading register 1000 for IP 10.30.4.91: no connection to modbus server
[2025-02-28T06:57:09.202Z] Error writing to Modbus register: no connection to modbus server
[2025-02-28T06:57:10.201Z] Error reading register 3105 for IP 10.30.4.91: no connection to modbus server
[2025-02-28T06:57:10.202Z] ❌ Error reading register 1000 for IP 10.30.4.91: no connection to modbus server
[2025-02-28T06:57:10.202Z] Error writing to Modbus register: no connection to modbus server
[2025-02-28T06:57:11.204Z] Error reading register 3105 for IP 10.30.4.91: no connection to modbus server
[2025-02-28T06:57:11.204Z] ❌ Error reading register 1000 for IP 10.30.4.91: no connection to modbus server
[2025-02-28T06:57:11.204Z] Error writing to Modbus register: no connection to modbus server
[2025-02-28T06:57:12.205Z] Error reading register 3105 for IP 10.30.4.91: no connection to modbus server
[2025-02-28T06:57:12.205Z] ❌ Error reading register 1000 for IP 10.30.4.91: no connection to modbus server
[2025-02-28T06:57:12.206Z] Error writing to Modbus register: no connection to modbus server
[2025-02-28T06:57:13.220Z] Error reading register 3105 for IP 10.30.4.91: no connection to modbus server
[2025-02-28T06:57:13.221Z] ❌ Error reading register 1000 for IP 10.30.4.91: no connection to modbus server
[2025-02-28T06:57:13.222Z] Error writing to Modbus register: no connection to modbus server
[2025-02-28T06:57:14.234Z] Error reading register 3105 for IP 10.30.4.91: no connection to modbus server
[2025-02-28T06:57:14.235Z] ❌ Error reading register 1000 for IP 10.30.4.91: no connection to modbus server
[2025-02-28T06:57:14.236Z] Error writing to Modbus register: no connection to modbus server
[2025-02-28T06:57:15.244Z] Error reading register 3105 for IP 10.30.4.91: no connection to modbus server
[2025-02-28T06:57:15.244Z] ❌ Error reading register 1000 for IP 10.30.4.91: no connection to modbus server
[2025-02-28T06:57:15.244Z] Error writing to Modbus register: no connection to modbus server
[2025-02-28T06:57:16.245Z] ❌ Error reading register 1000 for IP 10.30.4.91: no connection to modbus server
[2025-02-28T06:57:16.245Z] Error writing to Modbus register: no connection to modbus server
[2025-02-28T06:57:16.244Z] Error reading register 3105 for IP 10.30.4.91: no connection to modbus server
[2025-02-28T06:57:17.247Z] Error reading register 3105 for IP 10.30.4.91: no connection to modbus server
[2025-02-28T06:57:17.247Z] ❌ Error reading register 1000 for IP 10.30.4.91: no connection to modbus server
[2025-02-28T06:57:17.248Z] Error writing to Modbus register: no connection to modbus server
[2025-02-28T06:57:18.250Z] Error reading register 3105 for IP 10.30.4.91: no connection to modbus server
[2025-02-28T06:57:18.250Z] ❌ Error reading register 1000 for IP 10.30.4.91: no connection to modbus server
[2025-02-28T06:57:18.251Z] Error writing to Modbus register: no connection to modbus server
[2025-02-28T06:57:19.257Z] Error reading register 3105 for IP 10.30.4.91: no connection to modbus server
[2025-02-28T06:57:19.257Z] ❌ Error reading register 1000 for IP 10.30.4.91: no connection to modbus server
[2025-02-28T06:57:19.258Z] Error writing to Modbus register: no connection to modbus server
[2025-02-28T06:57:20.256Z] Error reading register 3105 for IP 10.30.4.91: no connection to modbus server
[2025-02-28T06:57:20.257Z] ❌ Error reading register 1000 for IP 10.30.4.91: no connection to modbus server
[2025-02-28T06:57:20.257Z] Error writing to Modbus register: no connection to modbus server
[2025-02-28T06:57:21.272Z] Error reading register 3105 for IP 10.30.4.91: no connection to modbus server
[2025-02-28T06:57:21.272Z] ❌ Error reading register 1000 for IP 10.30.4.91: no connection to modbus server
[2025-02-28T06:57:21.273Z] Error writing to Modbus register: no connection to modbus server
[2025-02-28T06:57:22.286Z] Error reading register 3105 for IP 10.30.4.91: no connection to modbus server
[2025-02-28T06:57:22.287Z] ❌ Error reading register 1000 for IP 10.30.4.91: no connection to modbus server
[2025-02-28T06:57:22.288Z] Error writing to Modbus register: no connection to modbus server
[2025-02-28T06:57:23.300Z] Error reading register 3105 for IP 10.30.4.91: no connection to modbus server
[2025-02-28T06:57:23.301Z] ❌ Error reading register 1000 for IP 10.30.4.91: no connection to modbus server
[2025-02-28T06:57:23.301Z] Error writing to Modbus register: no connection to modbus server
[2025-02-28T06:57:24.305Z] Error reading register 3105 for IP 10.30.4.91: no connection to modbus server
[2025-02-28T06:57:24.306Z] ❌ Error reading register 1000 for IP 10.30.4.91: no connection to modbus server
[2025-02-28T06:57:24.307Z] Error writing to Modbus register: no connection to modbus server
[2025-02-28T06:57:25.317Z] Error reading register 3105 for IP 10.30.4.91: no connection to modbus server
[2025-02-28T06:57:25.317Z] ❌ Error reading register 1000 for IP 10.30.4.91: no connection to modbus server
[2025-02-28T06:57:25.318Z] Error writing to Modbus register: no connection to modbus server
[2025-02-28T06:57:26.330Z] Error reading register 3105 for IP 10.30.4.91: no connection to modbus server
[2025-02-28T06:57:26.331Z] ❌ Error reading register 1000 for IP 10.30.4.91: no connection to modbus server
[2025-02-28T06:57:26.331Z] Error writing to Modbus register: no connection to modbus server
[2025-02-28T06:57:27.331Z] Error reading register 3105 for IP 10.30.4.91: no connection to modbus server
[2025-02-28T06:57:27.331Z] ❌ Error reading register 1000 for IP 10.30.4.91: no connection to modbus server
[2025-02-28T06:57:27.332Z] Error writing to Modbus register: no connection to modbus server
[2025-02-28T06:57:28.341Z] Error reading register 3105 for IP 10.30.4.91: no connection to modbus server
[2025-02-28T06:57:28.342Z] ❌ Error reading register 1000 for IP 10.30.4.91: no connection to modbus server
[2025-02-28T06:57:28.343Z] Error writing to Modbus register: no connection to modbus server
[2025-02-28T06:57:29.354Z] Error reading register 3105 for IP 10.30.4.91: no connection to modbus server
[2025-02-28T06:57:29.354Z] ❌ Error reading register 1000 for IP 10.30.4.91: no connection to modbus server
[2025-02-28T06:57:29.355Z] Error writing to Modbus register: no connection to modbus server
[2025-02-28T06:57:30.371Z] Error reading register 3105 for IP 10.30.4.91: no connection to modbus server
[2025-02-28T06:57:30.372Z] ❌ Error reading register 1000 for IP 10.30.4.91: no connection to modbus server
[2025-02-28T06:57:30.372Z] Error writing to Modbus register: no connection to modbus server
[2025-02-28T06:57:31.383Z] Error reading register 3105 for IP 10.30.4.91: no connection to modbus server
[2025-02-28T06:57:31.384Z] ❌ Error reading register 1000 for IP 10.30.4.91: no connection to modbus server
[2025-02-28T06:57:31.385Z] Error writing to Modbus register: no connection to modbus server
[2025-02-28T06:57:32.398Z] Error reading register 3105 for IP 10.30.4.91: no connection to modbus server
[2025-02-28T06:57:32.399Z] ❌ Error reading register 1000 for IP 10.30.4.91: no connection to modbus server
[2025-02-28T06:57:32.400Z] Error writing to Modbus register: no connection to modbus server
[2025-02-28T06:57:33.413Z] Error reading register 3105 for IP 10.30.4.91: no connection to modbus server
[2025-02-28T06:57:33.414Z] ❌ Error reading register 1000 for IP 10.30.4.91: no connection to modbus server
[2025-02-28T06:57:33.415Z] Error writing to Modbus register: no connection to modbus server
[2025-02-28T06:57:34.427Z] Error reading register 3105 for IP 10.30.4.91: no connection to modbus server
[2025-02-28T06:57:34.428Z] ❌ Error reading register 1000 for IP 10.30.4.91: no connection to modbus server
[2025-02-28T06:57:34.429Z] Error writing to Modbus register: no connection to modbus server
[2025-02-28T06:57:35.443Z] Error reading register 3105 for IP 10.30.4.91: no connection to modbus server
[2025-02-28T06:57:35.444Z] ❌ Error reading register 1000 for IP 10.30.4.91: no connection to modbus server
[2025-02-28T06:57:35.445Z] Error writing to Modbus register: no connection to modbus server
[2025-02-28T06:57:36.456Z] Error reading register 3105 for IP 10.30.4.91: no connection to modbus server
[2025-02-28T06:57:36.456Z] ❌ Error reading register 1000 for IP 10.30.4.91: no connection to modbus server
[2025-02-28T06:57:36.456Z] Error writing to Modbus register: no connection to modbus server
[2025-02-28T06:57:37.460Z] Error reading register 3105 for IP 10.30.4.91: no connection to modbus server
[2025-02-28T06:57:37.461Z] ❌ Error reading register 1000 for IP 10.30.4.91: no connection to modbus server
[2025-02-28T06:57:37.462Z] Error writing to Modbus register: no connection to modbus server
[2025-02-28T06:57:38.474Z] Error reading register 3105 for IP 10.30.4.91: no connection to modbus server
[2025-02-28T06:57:38.475Z] ❌ Error reading register 1000 for IP 10.30.4.91: no connection to modbus server
[2025-02-28T06:57:38.476Z] Error writing to Modbus register: no connection to modbus server
[2025-02-28T06:57:39.487Z] Error reading register 3105 for IP 10.30.4.91: no connection to modbus server
[2025-02-28T06:57:39.487Z] ❌ Error reading register 1000 for IP 10.30.4.91: no connection to modbus server
[2025-02-28T06:57:39.488Z] Error writing to Modbus register: no connection to modbus server
[2025-02-28T06:57:40.502Z] Error reading register 3105 for IP 10.30.4.91: no connection to modbus server
[2025-02-28T06:57:40.504Z] Error writing to Modbus register: no connection to modbus server
[2025-02-28T06:57:40.503Z] ❌ Error reading register 1000 for IP 10.30.4.91: no connection to modbus server
[2025-02-28T06:57:41.517Z] Error reading register 3105 for IP 10.30.4.91: no connection to modbus server
[2025-02-28T06:57:41.518Z] ❌ Error reading register 1000 for IP 10.30.4.91: no connection to modbus server
[2025-02-28T06:57:41.519Z] Error writing to Modbus register: no connection to modbus server
[2025-02-28T06:57:42.530Z] Error reading register 3105 for IP 10.30.4.91: no connection to modbus server
[2025-02-28T06:57:42.530Z] ❌ Error reading register 1000 for IP 10.30.4.91: no connection to modbus server
[2025-02-28T06:57:42.531Z] Error writing to Modbus register: no connection to modbus server
[2025-02-28T06:57:43.545Z] Error reading register 3105 for IP 10.30.4.91: no connection to modbus server
[2025-02-28T06:57:43.546Z] ❌ Error reading register 1000 for IP 10.30.4.91: no connection to modbus server
[2025-02-28T06:57:43.547Z] Error writing to Modbus register: no connection to modbus server
[2025-02-28T06:57:44.559Z] Error reading register 3105 for IP 10.30.4.91: no connection to modbus server
[2025-02-28T06:57:44.559Z] ❌ Error reading register 1000 for IP 10.30.4.91: no connection to modbus server
[2025-02-28T06:57:44.560Z] Error writing to Modbus register: no connection to modbus server
[2025-02-28T06:57:45.573Z] Error reading register 3105 for IP 10.30.4.91: no connection to modbus server
[2025-02-28T06:57:45.574Z] ❌ Error reading register 1000 for IP 10.30.4.91: no connection to modbus server
[2025-02-28T06:57:45.574Z] Error writing to Modbus register: no connection to modbus server
[2025-02-28T06:57:46.587Z] Error reading register 3105 for IP 10.30.4.91: no connection to modbus server
[2025-02-28T06:57:46.588Z] ❌ Error reading register 1000 for IP 10.30.4.91: no connection to modbus server
[2025-02-28T06:57:46.588Z] Error writing to Modbus register: no connection to modbus server
[2025-02-28T06:57:47.585Z] Error reading register 3105 for IP 10.30.4.91: no connection to modbus server
[2025-02-28T06:57:47.585Z] ❌ Error reading register 1000 for IP 10.30.4.91: no connection to modbus server
[2025-02-28T06:57:47.586Z] Error writing to Modbus register: no connection to modbus server
[2025-02-28T06:57:48.593Z] Error reading register 3105 for IP 10.30.4.91: no connection to modbus server
[2025-02-28T06:57:48.593Z] ❌ Error reading register 1000 for IP 10.30.4.91: no connection to modbus server
[2025-02-28T06:57:48.594Z] Error writing to Modbus register: no connection to modbus server
[2025-02-28T06:57:49.605Z] Error reading register 3105 for IP 10.30.4.91: no connection to modbus server
[2025-02-28T06:57:49.605Z] ❌ Error reading register 1000 for IP 10.30.4.91: no connection to modbus server
[2025-02-28T06:57:49.606Z] Error writing to Modbus register: no connection to modbus server
[2025-02-28T06:57:50.618Z] Error reading register 3105 for IP 10.30.4.91: no connection to modbus server
[2025-02-28T06:57:50.619Z] ❌ Error reading register 1000 for IP 10.30.4.91: no connection to modbus server
[2025-02-28T06:57:50.619Z] Error writing to Modbus register: no connection to modbus server
[2025-02-28T06:57:51.618Z] Error reading register 3105 for IP 10.30.4.91: no connection to modbus server
[2025-02-28T06:57:51.618Z] ❌ Error reading register 1000 for IP 10.30.4.91: no connection to modbus server
[2025-02-28T06:57:51.633Z] Error writing to Modbus register: no connection to modbus server
[2025-02-28T06:57:52.619Z] Error reading register 3105 for IP 10.30.4.91: no connection to modbus server
[2025-02-28T06:57:52.619Z] ❌ Error reading register 1000 for IP 10.30.4.91: no connection to modbus server
[2025-02-28T06:57:52.648Z] Error writing to Modbus register: no connection to modbus server
[2025-02-28T06:57:53.618Z] Error reading register 3105 for IP 10.30.4.91: no connection to modbus server
[2025-02-28T06:57:53.619Z] ❌ Error reading register 1000 for IP 10.30.4.91: no connection to modbus server
[2025-02-28T06:57:53.649Z] Error writing to Modbus register: no connection to modbus server
[2025-02-28T06:57:54.633Z] Error reading register 3105 for IP 10.30.4.91: no connection to modbus server
[2025-02-28T06:57:54.633Z] ❌ Error reading register 1000 for IP 10.30.4.91: no connection to modbus server
[2025-02-28T06:57:54.663Z] Error writing to Modbus register: no connection to modbus server
[2025-02-28T06:57:55.633Z] Error reading register 3105 for IP 10.30.4.91: no connection to modbus server
[2025-02-28T06:57:55.633Z] ❌ Error reading register 1000 for IP 10.30.4.91: no connection to modbus server
[2025-02-28T06:57:55.664Z] Error writing to Modbus register: no connection to modbus server
[2025-02-28T06:57:56.633Z] Error reading register 3105 for IP 10.30.4.91: no connection to modbus server
[2025-02-28T06:57:56.634Z] ❌ Error reading register 1000 for IP 10.30.4.91: no connection to modbus server
[2025-02-28T06:57:56.663Z] Error writing to Modbus register: no connection to modbus server
[2025-02-28T06:57:57.633Z] Error reading register 3105 for IP 10.30.4.91: no connection to modbus server
[2025-02-28T06:57:57.633Z] ❌ Error reading register 1000 for IP 10.30.4.91: no connection to modbus server
[2025-02-28T06:57:57.663Z] Error writing to Modbus register: no connection to modbus server
[2025-02-28T06:57:58.636Z] Error reading register 3105 for IP 10.30.4.91: no connection to modbus server
[2025-02-28T06:57:58.637Z] ❌ Error reading register 1000 for IP 10.30.4.91: no connection to modbus server
[2025-02-28T06:57:58.668Z] Error writing to Modbus register: no connection to modbus server
[2025-02-28T06:57:59.649Z] Error reading register 3105 for IP 10.30.4.91: no connection to modbus server
[2025-02-28T06:57:59.650Z] ❌ Error reading register 1000 for IP 10.30.4.91: no connection to modbus server
[2025-02-28T06:57:59.680Z] Error writing to Modbus register: no connection to modbus server
[2025-02-28T06:58:00.650Z] Error reading register 3105 for IP 10.30.4.91: no connection to modbus server
[2025-02-28T06:58:00.650Z] ❌ Error reading register 1000 for IP 10.30.4.91: no connection to modbus server
[2025-02-28T06:58:00.679Z] Error writing to Modbus register: no connection to modbus server
[2025-02-28T06:58:01.650Z] Error reading register 3105 for IP 10.30.4.91: no connection to modbus server
[2025-02-28T06:58:01.651Z] ❌ Error reading register 1000 for IP 10.30.4.91: no connection to modbus server
[2025-02-28T06:58:01.681Z] Error writing to Modbus register: no connection to modbus server
[2025-02-28T06:58:02.665Z] Error reading register 3105 for IP 10.30.4.91: no connection to modbus server
[2025-02-28T06:58:02.665Z] ❌ Error reading register 1000 for IP 10.30.4.91: no connection to modbus server
[2025-02-28T06:58:02.680Z] Error writing to Modbus register: no connection to modbus server
[2025-02-28T06:58:03.667Z] Error reading register 3105 for IP 10.30.4.91: no connection to modbus server
[2025-02-28T06:58:03.667Z] ❌ Error reading register 1000 for IP 10.30.4.91: no connection to modbus server
[2025-02-28T06:58:03.682Z] Error writing to Modbus register: no connection to modbus server
[2025-02-28T06:58:04.668Z] Error reading register 3105 for IP 10.30.4.91: no connection to modbus server
[2025-02-28T06:58:04.668Z] ❌ Error reading register 1000 for IP 10.30.4.91: no connection to modbus server
[2025-02-28T06:58:04.684Z] Error writing to Modbus register: no connection to modbus server
[2025-02-28T06:58:05.670Z] Error reading register 3105 for IP 10.30.4.91: no connection to modbus server
[2025-02-28T06:58:05.671Z] ❌ Error reading register 1000 for IP 10.30.4.91: no connection to modbus server
[2025-02-28T06:58:05.685Z] Error writing to Modbus register: no connection to modbus server
[2025-02-28T06:58:06.672Z] Error reading register 3105 for IP 10.30.4.91: no connection to modbus server
[2025-02-28T06:58:06.673Z] ❌ Error reading register 1000 for IP 10.30.4.91: no connection to modbus server
[2025-02-28T06:58:06.687Z] Error writing to Modbus register: no connection to modbus server
[2025-02-28T06:58:07.682Z] Error reading register 3105 for IP 10.30.4.91: no connection to modbus server
[2025-02-28T06:58:07.682Z] ❌ Error reading register 1000 for IP 10.30.4.91: no connection to modbus server
[2025-02-28T06:58:07.697Z] Error writing to Modbus register: no connection to modbus server
[2025-02-28T06:58:08.697Z] Error reading register 3105 for IP 10.30.4.91: no connection to modbus server
[2025-02-28T06:58:08.697Z] ❌ Error reading register 1000 for IP 10.30.4.91: no connection to modbus server
[2025-02-28T06:58:08.698Z] Error writing to Modbus register: no connection to modbus server
[2025-02-28T06:58:09.709Z] Error reading register 3105 for IP 10.30.4.91: no connection to modbus server
[2025-02-28T06:58:09.709Z] ❌ Error reading register 1000 for IP 10.30.4.91: no connection to modbus server
[2025-02-28T06:58:09.710Z] Error writing to Modbus register: no connection to modbus server
[2025-02-28T06:58:10.723Z] Error reading register 3105 for IP 10.30.4.91: no connection to modbus server
[2025-02-28T06:58:10.724Z] ❌ Error reading register 1000 for IP 10.30.4.91: no connection to modbus server
[2025-02-28T06:58:10.725Z] Error writing to Modbus register: no connection to modbus server
[2025-02-28T06:58:11.738Z] Error reading register 3105 for IP 10.30.4.91: no connection to modbus server
[2025-02-28T06:58:11.739Z] ❌ Error reading register 1000 for IP 10.30.4.91: no connection to modbus server
[2025-02-28T06:58:11.739Z] Error writing to Modbus register: no connection to modbus server
[2025-02-28T06:58:12.752Z] Error reading register 3105 for IP 10.30.4.91: no connection to modbus server
[2025-02-28T06:58:12.752Z] ❌ Error reading register 1000 for IP 10.30.4.91: no connection to modbus server
[2025-02-28T06:58:12.753Z] Error writing to Modbus register: no connection to modbus server
[2025-02-28T06:58:13.753Z] Error reading register 3105 for IP 10.30.4.91: no connection to modbus server
[2025-02-28T06:58:13.753Z] ❌ Error reading register 1000 for IP 10.30.4.91: no connection to modbus server
[2025-02-28T06:58:13.754Z] Error writing to Modbus register: no connection to modbus server
[2025-02-28T06:58:14.767Z] Error reading register 3105 for IP 10.30.4.91: no connection to modbus server
[2025-02-28T06:58:14.767Z] ❌ Error reading register 1000 for IP 10.30.4.91: no connection to modbus server
[2025-02-28T06:58:14.768Z] Error writing to Modbus register: no connection to modbus server
[2025-02-28T06:58:15.783Z] Error reading register 3105 for IP 10.30.4.91: no connection to modbus server
[2025-02-28T06:58:15.784Z] ❌ Error reading register 1000 for IP 10.30.4.91: no connection to modbus server
[2025-02-28T06:58:15.785Z] Error writing to Modbus register: no connection to modbus server
[2025-02-28T06:58:16.798Z] Error reading register 3105 for IP 10.30.4.91: no connection to modbus server
[2025-02-28T06:58:16.798Z] ❌ Error reading register 1000 for IP 10.30.4.91: no connection to modbus server
[2025-02-28T06:58:16.799Z] Error writing to Modbus register: no connection to modbus server
[2025-02-28T06:58:17.808Z] Error reading register 3105 for IP 10.30.4.91: no connection to modbus server
[2025-02-28T06:58:17.808Z] Error writing to Modbus register: no connection to modbus server
[2025-02-28T06:58:17.808Z] ❌ Error reading register 1000 for IP 10.30.4.91: no connection to modbus server
[2025-02-28T06:58:18.812Z] Error reading register 3105 for IP 10.30.4.91: no connection to modbus server
[2025-02-28T06:58:18.814Z] Error writing to Modbus register: no connection to modbus server
[2025-02-28T06:58:18.813Z] ❌ Error reading register 1000 for IP 10.30.4.91: no connection to modbus server
[2025-02-28T06:58:19.812Z] Error reading register 3105 for IP 10.30.4.91: no connection to modbus server
[2025-02-28T06:58:19.812Z] ❌ Error reading register 1000 for IP 10.30.4.91: no connection to modbus server
[2025-02-28T06:58:19.813Z] Error writing to Modbus register: no connection to modbus server
[2025-02-28T06:58:20.817Z] Error reading register 3105 for IP 10.30.4.91: no connection to modbus server
[2025-02-28T06:58:20.818Z] ❌ Error reading register 1000 for IP 10.30.4.91: no connection to modbus server
[2025-02-28T06:58:20.818Z] Error writing to Modbus register: no connection to modbus server
[2025-02-28T06:58:21.819Z] ❌ Error reading register 1000 for IP 10.30.4.91: no connection to modbus server
[2025-02-28T06:58:21.819Z] Error writing to Modbus register: no connection to modbus server
[2025-02-28T06:58:21.819Z] Error reading register 3105 for IP 10.30.4.91: no connection to modbus server
[2025-02-28T06:58:22.822Z] Error reading register 3105 for IP 10.30.4.91: no connection to modbus server
[2025-02-28T06:58:22.823Z] ❌ Error reading register 1000 for IP 10.30.4.91: no connection to modbus server
[2025-02-28T06:58:22.824Z] Error writing to Modbus register: no connection to modbus server
[2025-02-28T06:58:23.822Z] Error reading register 3105 for IP 10.30.4.91: no connection to modbus server
[2025-02-28T06:58:23.822Z] ❌ Error reading register 1000 for IP 10.30.4.91: no connection to modbus server
[2025-02-28T06:58:23.837Z] Error writing to Modbus register: no connection to modbus server
[2025-02-28T06:58:24.837Z] Error reading register 3105 for IP 10.30.4.91: no connection to modbus server
[2025-02-28T06:58:24.838Z] ❌ Error reading register 1000 for IP 10.30.4.91: no connection to modbus server
[2025-02-28T06:58:24.839Z] Error writing to Modbus register: no connection to modbus server
[2025-02-28T06:58:25.850Z] Error reading register 3105 for IP 10.30.4.91: no connection to modbus server
[2025-02-28T06:58:25.850Z] ❌ Error reading register 1000 for IP 10.30.4.91: no connection to modbus server
[2025-02-28T06:58:25.851Z] Error writing to Modbus register: no connection to modbus server
[2025-02-28T06:58:26.852Z] Error reading register 3105 for IP 10.30.4.91: no connection to modbus server
[2025-02-28T06:58:26.852Z] ❌ Error reading register 1000 for IP 10.30.4.91: no connection to modbus server
[2025-02-28T06:58:26.852Z] Error writing to Modbus register: no connection to modbus server
[2025-02-28T06:58:27.865Z] Error reading register 3105 for IP 10.30.4.91: no connection to modbus server
[2025-02-28T06:58:27.866Z] ❌ Error reading register 1000 for IP 10.30.4.91: no connection to modbus server
[2025-02-28T06:58:27.867Z] Error writing to Modbus register: no connection to modbus server
[2025-02-28T06:58:28.879Z] Error reading register 3105 for IP 10.30.4.91: no connection to modbus server
[2025-02-28T06:58:28.880Z] ❌ Error reading register 1000 for IP 10.30.4.91: no connection to modbus server
[2025-02-28T06:58:28.881Z] Error writing to Modbus register: no connection to modbus server
[2025-02-28T06:58:29.891Z] Error reading register 3105 for IP 10.30.4.91: no connection to modbus server
[2025-02-28T06:58:29.891Z] ❌ Error reading register 1000 for IP 10.30.4.91: no connection to modbus server
[2025-02-28T06:58:29.892Z] Error writing to Modbus register: no connection to modbus server
[2025-02-28T06:58:30.905Z] Error reading register 3105 for IP 10.30.4.91: no connection to modbus server
[2025-02-28T06:58:30.905Z] ❌ Error reading register 1000 for IP 10.30.4.91: no connection to modbus server
[2025-02-28T06:58:30.905Z] Error writing to Modbus register: no connection to modbus server
[2025-02-28T06:58:31.905Z] Error reading register 3105 for IP 10.30.4.91: no connection to modbus server
[2025-02-28T06:58:31.906Z] ❌ Error reading register 1000 for IP 10.30.4.91: no connection to modbus server
[2025-02-28T06:58:31.907Z] Error writing to Modbus register: no connection to modbus server
[2025-02-28T06:58:32.919Z] Error reading register 3105 for IP 10.30.4.91: no connection to modbus server
[2025-02-28T06:58:32.919Z] ❌ Error reading register 1000 for IP 10.30.4.91: no connection to modbus server
[2025-02-28T06:58:32.919Z] Error writing to Modbus register: no connection to modbus server
[2025-02-28T06:58:33.934Z] Error reading register 3105 for IP 10.30.4.91: no connection to modbus server
[2025-02-28T06:58:33.935Z] ❌ Error reading register 1000 for IP 10.30.4.91: no connection to modbus server
[2025-02-28T06:58:33.935Z] Error writing to Modbus register: no connection to modbus server
[2025-02-28T06:58:34.946Z] Error reading register 3105 for IP 10.30.4.91: no connection to modbus server
[2025-02-28T06:58:34.946Z] ❌ Error reading register 1000 for IP 10.30.4.91: no connection to modbus server
[2025-02-28T06:58:34.947Z] Error writing to Modbus register: no connection to modbus server
[2025-02-28T06:58:35.949Z] Error reading register 3105 for IP 10.30.4.91: no connection to modbus server
[2025-02-28T06:58:35.950Z] Error writing to Modbus register: no connection to modbus server
[2025-02-28T06:58:35.949Z] ❌ Error reading register 1000 for IP 10.30.4.91: no connection to modbus server
[2025-02-28T06:58:36.949Z] Error reading register 3105 for IP 10.30.4.91: no connection to modbus server
[2025-02-28T06:58:36.949Z] ❌ Error reading register 1000 for IP 10.30.4.91: no connection to modbus server
[2025-02-28T06:58:36.950Z] Error writing to Modbus register: no connection to modbus server
[2025-02-28T06:58:37.965Z] Error reading register 3105 for IP 10.30.4.91: no connection to modbus server
[2025-02-28T06:58:37.965Z] ❌ Error reading register 1000 for IP 10.30.4.91: no connection to modbus server
[2025-02-28T06:58:37.966Z] Error writing to Modbus register: no connection to modbus server
[2025-02-28T06:58:38.977Z] Error reading register 3105 for IP 10.30.4.91: no connection to modbus server
[2025-02-28T06:58:38.977Z] ❌ Error reading register 1000 for IP 10.30.4.91: no connection to modbus server
[2025-02-28T06:58:38.978Z] Error writing to Modbus register: no connection to modbus server
[2025-02-28T06:58:39.990Z] Error reading register 3105 for IP 10.30.4.91: no connection to modbus server
[2025-02-28T06:58:39.990Z] ❌ Error reading register 1000 for IP 10.30.4.91: no connection to modbus server
[2025-02-28T06:58:39.992Z] Error writing to Modbus register: no connection to modbus server
[2025-02-28T06:58:40.994Z] Error reading register 3105 for IP 10.30.4.91: no connection to modbus server
[2025-02-28T06:58:40.995Z] ❌ Error reading register 1000 for IP 10.30.4.91: no connection to modbus server
[2025-02-28T06:58:40.996Z] Error writing to Modbus register: no connection to modbus server
[2025-02-28T06:58:42.006Z] Error reading register 3105 for IP 10.30.4.91: no connection to modbus server
[2025-02-28T06:58:42.007Z] ❌ Error reading register 1000 for IP 10.30.4.91: no connection to modbus server
[2025-02-28T06:58:42.008Z] Error writing to Modbus register: no connection to modbus server
[2025-02-28T06:58:43.006Z] Error reading register 3105 for IP 10.30.4.91: no connection to modbus server
[2025-02-28T06:58:43.007Z] ❌ Error reading register 1000 for IP 10.30.4.91: no connection to modbus server
[2025-02-28T06:58:43.008Z] Error writing to Modbus register: no connection to modbus server
[2025-02-28T06:58:44.021Z] Error reading register 3105 for IP 10.30.4.91: no connection to modbus server
[2025-02-28T06:58:44.021Z] ❌ Error reading register 1000 for IP 10.30.4.91: no connection to modbus server
[2025-02-28T06:58:44.022Z] Error writing to Modbus register: no connection to modbus server
[2025-02-28T06:58:45.034Z] Error reading register 3105 for IP 10.30.4.91: no connection to modbus server
[2025-02-28T06:58:45.035Z] ❌ Error reading register 1000 for IP 10.30.4.91: no connection to modbus server
[2025-02-28T06:58:45.036Z] Error writing to Modbus register: no connection to modbus server
[2025-02-28T06:58:46.037Z] Error reading register 3105 for IP 10.30.4.91: no connection to modbus server
[2025-02-28T06:58:46.041Z] ❌ Error reading register 1000 for IP 10.30.4.91: no connection to modbus server
[2025-02-28T06:58:46.041Z] Error writing to Modbus register: no connection to modbus server
[2025-02-28T06:58:47.048Z] Error reading register 3105 for IP 10.30.4.91: no connection to modbus server
[2025-02-28T06:58:47.049Z] ❌ Error reading register 1000 for IP 10.30.4.91: no connection to modbus server
[2025-02-28T06:58:47.050Z] Error writing to Modbus register: no connection to modbus server
[2025-02-28T06:58:48.061Z] Error reading register 3105 for IP 10.30.4.91: no connection to modbus server
[2025-02-28T06:58:48.061Z] ❌ Error reading register 1000 for IP 10.30.4.91: no connection to modbus server
[2025-02-28T06:58:48.061Z] Error writing to Modbus register: no connection to modbus server
[2025-02-28T06:58:49.067Z] Error reading register 3105 for IP 10.30.4.91: no connection to modbus server
[2025-02-28T06:58:49.067Z] ❌ Error reading register 1000 for IP 10.30.4.91: no connection to modbus server
[2025-02-28T06:58:49.068Z] Error writing to Modbus register: no connection to modbus server
[2025-02-28T06:58:50.084Z] Error reading register 3105 for IP 10.30.4.91: no connection to modbus server
[2025-02-28T06:58:50.085Z] ❌ Error reading register 1000 for IP 10.30.4.91: no connection to modbus server
[2025-02-28T06:58:50.086Z] Error writing to Modbus register: no connection to modbus server
[2025-02-28T06:58:51.086Z] Error reading register 3105 for IP 10.30.4.91: no connection to modbus server
[2025-02-28T06:58:51.086Z] ❌ Error reading register 1000 for IP 10.30.4.91: no connection to modbus server
[2025-02-28T06:58:51.086Z] Error writing to Modbus register: no connection to modbus server
[2025-02-28T06:58:52.100Z] Error reading register 3105 for IP 10.30.4.91: no connection to modbus server
[2025-02-28T06:58:52.101Z] ❌ Error reading register 1000 for IP 10.30.4.91: no connection to modbus server
[2025-02-28T06:58:52.102Z] Error writing to Modbus register: no connection to modbus server
[2025-02-28T06:58:53.102Z] Error reading register 3105 for IP 10.30.4.91: no connection to modbus server
[2025-02-28T06:58:53.102Z] ❌ Error reading register 1000 for IP 10.30.4.91: no connection to modbus server
[2025-02-28T06:58:53.102Z] Error writing to Modbus register: no connection to modbus server
[2025-02-28T06:58:54.103Z] Error reading register 3105 for IP 10.30.4.91: no connection to modbus server
[2025-02-28T06:58:54.103Z] ❌ Error reading register 1000 for IP 10.30.4.91: no connection to modbus server
[2025-02-28T06:58:54.104Z] Error writing to Modbus register: no connection to modbus server
[2025-02-28T06:58:55.117Z] Error reading register 3105 for IP 10.30.4.91: no connection to modbus server
[2025-02-28T06:58:55.118Z] ❌ Error reading register 1000 for IP 10.30.4.91: no connection to modbus server
[2025-02-28T06:58:55.119Z] Error writing to Modbus register: no connection to modbus server
[2025-02-28T06:58:56.119Z] Error reading register 3105 for IP 10.30.4.91: no connection to modbus server
[2025-02-28T06:58:56.120Z] ❌ Error reading register 1000 for IP 10.30.4.91: no connection to modbus server
[2025-02-28T06:58:56.121Z] Error writing to Modbus register: no connection to modbus server
[2025-02-28T06:58:57.131Z] Error reading register 3105 for IP 10.30.4.91: no connection to modbus server
[2025-02-28T06:58:57.131Z] ❌ Error reading register 1000 for IP 10.30.4.91: no connection to modbus server
[2025-02-28T06:58:57.132Z] Error writing to Modbus register: no connection to modbus server
[2025-02-28T06:58:58.146Z] Error reading register 3105 for IP 10.30.4.91: no connection to modbus server
[2025-02-28T06:58:58.147Z] ❌ Error reading register 1000 for IP 10.30.4.91: no connection to modbus server
[2025-02-28T06:58:58.148Z] Error writing to Modbus register: no connection to modbus server
[2025-02-28T06:58:59.162Z] Error reading register 3105 for IP 10.30.4.91: no connection to modbus server
[2025-02-28T06:58:59.162Z] ❌ Error reading register 1000 for IP 10.30.4.91: no connection to modbus server
[2025-02-28T06:58:59.163Z] Error writing to Modbus register: no connection to modbus server
[2025-02-28T06:59:00.164Z] Error reading register 3105 for IP 10.30.4.91: no connection to modbus server
[2025-02-28T06:59:00.164Z] ❌ Error reading register 1000 for IP 10.30.4.91: no connection to modbus server
[2025-02-28T06:59:00.165Z] Error writing to Modbus register: no connection to modbus server
[2025-02-28T06:59:01.174Z] Error reading register 3105 for IP 10.30.4.91: no connection to modbus server
[2025-02-28T06:59:01.175Z] ❌ Error reading register 1000 for IP 10.30.4.91: no connection to modbus server
[2025-02-28T06:59:01.176Z] Error writing to Modbus register: no connection to modbus server
[2025-02-28T06:59:02.187Z] Error reading register 3105 for IP 10.30.4.91: no connection to modbus server
[2025-02-28T06:59:02.188Z] ❌ Error reading register 1000 for IP 10.30.4.91: no connection to modbus server
[2025-02-28T06:59:02.188Z] Error writing to Modbus register: no connection to modbus server
[2025-02-28T06:59:03.190Z] Error reading register 3105 for IP 10.30.4.91: no connection to modbus server
[2025-02-28T06:59:03.190Z] ❌ Error reading register 1000 for IP 10.30.4.91: no connection to modbus server
[2025-02-28T06:59:03.191Z] Error writing to Modbus register: no connection to modbus server
[2025-02-28T06:59:04.203Z] Error reading register 3105 for IP 10.30.4.91: no connection to modbus server
[2025-02-28T06:59:04.203Z] Error writing to Modbus register: no connection to modbus server
[2025-02-28T06:59:04.203Z] ❌ Error reading register 1000 for IP 10.30.4.91: no connection to modbus server
[2025-02-28T06:59:05.219Z] Error reading register 3105 for IP 10.30.4.91: no connection to modbus server
[2025-02-28T06:59:05.220Z] ❌ Error reading register 1000 for IP 10.30.4.91: no connection to modbus server
[2025-02-28T06:59:05.221Z] Error writing to Modbus register: no connection to modbus server
[2025-02-28T06:59:06.233Z] Error reading register 3105 for IP 10.30.4.91: no connection to modbus server
[2025-02-28T06:59:06.233Z] ❌ Error reading register 1000 for IP 10.30.4.91: no connection to modbus server
[2025-02-28T06:59:06.235Z] Error writing to Modbus register: no connection to modbus server
[2025-02-28T06:59:07.233Z] Error reading register 3105 for IP 10.30.4.91: no connection to modbus server
[2025-02-28T06:59:07.233Z] ❌ Error reading register 1000 for IP 10.30.4.91: no connection to modbus server
[2025-02-28T06:59:07.234Z] Error writing to Modbus register: no connection to modbus server
[2025-02-28T06:59:08.247Z] Error reading register 3105 for IP 10.30.4.91: no connection to modbus server
[2025-02-28T06:59:08.247Z] ❌ Error reading register 1000 for IP 10.30.4.91: no connection to modbus server
[2025-02-28T06:59:08.247Z] Error writing to Modbus register: no connection to modbus server
[2025-02-28T06:59:09.262Z] Error reading register 3105 for IP 10.30.4.91: no connection to modbus server
[2025-02-28T06:59:09.262Z] ❌ Error reading register 1000 for IP 10.30.4.91: no connection to modbus server
[2025-02-28T06:59:09.263Z] Error writing to Modbus register: no connection to modbus server
[2025-02-28T06:59:10.263Z] Error reading register 3105 for IP 10.30.4.91: no connection to modbus server
[2025-02-28T06:59:10.263Z] ❌ Error reading register 1000 for IP 10.30.4.91: no connection to modbus server
[2025-02-28T06:59:10.264Z] Error writing to Modbus register: no connection to modbus server
[2025-02-28T06:59:11.273Z] ❌ Error reading register 1000 for IP 10.30.4.91: no connection to modbus server
[2025-02-28T06:59:11.273Z] Error reading register 3105 for IP 10.30.4.91: no connection to modbus server
[2025-02-28T06:59:11.274Z] Error writing to Modbus register: no connection to modbus server
[2025-02-28T06:59:12.276Z] Error reading register 3105 for IP 10.30.4.91: no connection to modbus server
[2025-02-28T06:59:12.276Z] ❌ Error reading register 1000 for IP 10.30.4.91: no connection to modbus server
[2025-02-28T06:59:12.276Z] Error writing to Modbus register: no connection to modbus server
[2025-02-28T06:59:13.290Z] Error reading register 3105 for IP 10.30.4.91: no connection to modbus server
[2025-02-28T06:59:13.291Z] ❌ Error reading register 1000 for IP 10.30.4.91: no connection to modbus server
[2025-02-28T06:59:13.292Z] Error writing to Modbus register: no connection to modbus server
[2025-02-28T06:59:14.292Z] Error reading register 3105 for IP 10.30.4.91: no connection to modbus server
[2025-02-28T06:59:14.292Z] ❌ Error reading register 1000 for IP 10.30.4.91: no connection to modbus server
[2025-02-28T06:59:14.294Z] Error writing to Modbus register: no connection to modbus server
[2025-02-28T06:59:15.292Z] Error reading register 3105 for IP 10.30.4.91: no connection to modbus server
[2025-02-28T06:59:15.292Z] ❌ Error reading register 1000 for IP 10.30.4.91: no connection to modbus server
[2025-02-28T06:59:15.293Z] Error writing to Modbus register: no connection to modbus server
[2025-02-28T06:59:16.307Z] Error reading register 3105 for IP 10.30.4.91: no connection to modbus server
[2025-02-28T06:59:16.307Z] ❌ Error reading register 1000 for IP 10.30.4.91: no connection to modbus server
[2025-02-28T06:59:16.307Z] Error writing to Modbus register: no connection to modbus server
[2025-02-28T06:59:17.322Z] Error reading register 3105 for IP 10.30.4.91: no connection to modbus server
[2025-02-28T06:59:17.322Z] ❌ Error reading register 1000 for IP 10.30.4.91: no connection to modbus server
[2025-02-28T06:59:17.323Z] Error writing to Modbus register: no connection to modbus server
[2025-02-28T06:59:18.336Z] Error reading register 3105 for IP 10.30.4.91: no connection to modbus server
[2025-02-28T06:59:18.336Z] ❌ Error reading register 1000 for IP 10.30.4.91: no connection to modbus server
[2025-02-28T06:59:18.337Z] Error writing to Modbus register: no connection to modbus server
[2025-02-28T06:59:19.336Z] Error reading register 3105 for IP 10.30.4.91: no connection to modbus server
[2025-02-28T06:59:19.336Z] ❌ Error reading register 1000 for IP 10.30.4.91: no connection to modbus server
[2025-02-28T06:59:19.337Z] Error writing to Modbus register: no connection to modbus server
[2025-02-28T06:59:20.351Z] Error reading register 3105 for IP 10.30.4.91: no connection to modbus server
[2025-02-28T06:59:20.352Z] ❌ Error reading register 1000 for IP 10.30.4.91: no connection to modbus server
[2025-02-28T06:59:20.353Z] Error writing to Modbus register: no connection to modbus server
[2025-02-28T06:59:21.365Z] Error reading register 3105 for IP 10.30.4.91: no connection to modbus server
[2025-02-28T06:59:21.365Z] ❌ Error reading register 1000 for IP 10.30.4.91: no connection to modbus server
[2025-02-28T06:59:21.365Z] Error writing to Modbus register: no connection to modbus server
[2025-02-28T06:59:22.367Z] Error reading register 3105 for IP 10.30.4.91: no connection to modbus server
[2025-02-28T06:59:22.367Z] ❌ Error reading register 1000 for IP 10.30.4.91: no connection to modbus server
[2025-02-28T06:59:22.368Z] Error writing to Modbus register: no connection to modbus server
[2025-02-28T06:59:23.381Z] Error reading register 3105 for IP 10.30.4.91: no connection to modbus server
[2025-02-28T06:59:23.381Z] ❌ Error reading register 1000 for IP 10.30.4.91: no connection to modbus server
[2025-02-28T06:59:23.382Z] Error writing to Modbus register: no connection to modbus server
[2025-02-28T06:59:24.394Z] Error reading register 3105 for IP 10.30.4.91: no connection to modbus server
[2025-02-28T06:59:24.394Z] ❌ Error reading register 1000 for IP 10.30.4.91: no connection to modbus server
[2025-02-28T06:59:24.395Z] Error writing to Modbus register: no connection to modbus server
[2025-02-28T06:59:25.410Z] Error reading register 3105 for IP 10.30.4.91: no connection to modbus server
[2025-02-28T06:59:25.410Z] ❌ Error reading register 1000 for IP 10.30.4.91: no connection to modbus server
[2025-02-28T06:59:25.412Z] Error writing to Modbus register: no connection to modbus server
[2025-02-28T06:59:26.410Z] Error reading register 3105 for IP 10.30.4.91: no connection to modbus server
[2025-02-28T06:59:26.411Z] ❌ Error reading register 1000 for IP 10.30.4.91: no connection to modbus server
[2025-02-28T06:59:26.412Z] Error writing to Modbus register: no connection to modbus server
[2025-02-28T06:59:27.409Z] Error reading register 3105 for IP 10.30.4.91: no connection to modbus server
[2025-02-28T06:59:27.409Z] ❌ Error reading register 1000 for IP 10.30.4.91: no connection to modbus server
[2025-02-28T06:59:27.425Z] Error writing to Modbus register: no connection to modbus server
[2025-02-28T06:59:28.422Z] Error reading register 3105 for IP 10.30.4.91: no connection to modbus server
[2025-02-28T06:59:28.423Z] ❌ Error reading register 1000 for IP 10.30.4.91: no connection to modbus server
[2025-02-28T06:59:28.424Z] Error writing to Modbus register: no connection to modbus server
[2025-02-28T06:59:29.424Z] Error reading register 3105 for IP 10.30.4.91: no connection to modbus server
[2025-02-28T06:59:29.424Z] ❌ Error reading register 1000 for IP 10.30.4.91: no connection to modbus server
[2025-02-28T06:59:29.425Z] Error writing to Modbus register: no connection to modbus server
[2025-02-28T06:59:30.426Z] Error reading register 3105 for IP 10.30.4.91: no connection to modbus server
[2025-02-28T06:59:30.427Z] ❌ Error reading register 1000 for IP 10.30.4.91: no connection to modbus server
[2025-02-28T06:59:30.428Z] Error writing to Modbus register: no connection to modbus server
[2025-02-28T06:59:31.434Z] Error reading register 3105 for IP 10.30.4.91: no connection to modbus server
[2025-02-28T06:59:31.435Z] ❌ Error reading register 1000 for IP 10.30.4.91: no connection to modbus server
[2025-02-28T06:59:31.436Z] Error writing to Modbus register: no connection to modbus server
[2025-02-28T06:59:32.439Z] Error reading register 3105 for IP 10.30.4.91: no connection to modbus server
[2025-02-28T06:59:32.439Z] ❌ Error reading register 1000 for IP 10.30.4.91: no connection to modbus server
[2025-02-28T06:59:32.440Z] Error writing to Modbus register: no connection to modbus server
[2025-02-28T06:59:33.452Z] Error reading register 3105 for IP 10.30.4.91: no connection to modbus server
[2025-02-28T06:59:33.452Z] ❌ Error reading register 1000 for IP 10.30.4.91: no connection to modbus server
[2025-02-28T06:59:33.453Z] Error writing to Modbus register: no connection to modbus server
[2025-02-28T06:59:34.452Z] Error reading register 3105 for IP 10.30.4.91: no connection to modbus server
[2025-02-28T06:59:34.452Z] ❌ Error reading register 1000 for IP 10.30.4.91: no connection to modbus server
[2025-02-28T06:59:34.453Z] Error writing to Modbus register: no connection to modbus server
[2025-02-28T06:59:35.467Z] Error reading register 3105 for IP 10.30.4.91: no connection to modbus server
[2025-02-28T06:59:35.467Z] ❌ Error reading register 1000 for IP 10.30.4.91: no connection to modbus server
[2025-02-28T06:59:35.468Z] Error writing to Modbus register: no connection to modbus server
[2025-02-28T06:59:36.469Z] Error reading register 3105 for IP 10.30.4.91: no connection to modbus server
[2025-02-28T06:59:36.470Z] ❌ Error reading register 1000 for IP 10.30.4.91: no connection to modbus server
[2025-02-28T06:59:36.471Z] Error writing to Modbus register: no connection to modbus server
[2025-02-28T06:59:37.481Z] Error reading register 3105 for IP 10.30.4.91: no connection to modbus server
[2025-02-28T06:59:37.483Z] Error writing to Modbus register: no connection to modbus server
[2025-02-28T06:59:37.482Z] ❌ Error reading register 1000 for IP 10.30.4.91: no connection to modbus server
[2025-02-28T06:59:38.482Z] Error reading register 3105 for IP 10.30.4.91: no connection to modbus server
[2025-02-28T06:59:38.484Z] Error writing to Modbus register: no connection to modbus server
[2025-02-28T06:59:38.482Z] ❌ Error reading register 1000 for IP 10.30.4.91: no connection to modbus server
[2025-02-28T06:59:39.494Z] Error reading register 3105 for IP 10.30.4.91: no connection to modbus server
[2025-02-28T06:59:39.494Z] Error writing to Modbus register: no connection to modbus server
[2025-02-28T06:59:39.494Z] ❌ Error reading register 1000 for IP 10.30.4.91: no connection to modbus server
[2025-02-28T06:59:40.495Z] Error reading register 3105 for IP 10.30.4.91: no connection to modbus server
[2025-02-28T06:59:40.496Z] ❌ Error reading register 1000 for IP 10.30.4.91: no connection to modbus server
[2025-02-28T06:59:40.497Z] Error writing to Modbus register: no connection to modbus server
[2025-02-28T06:59:41.496Z] Error reading register 3105 for IP 10.30.4.91: no connection to modbus server
[2025-02-28T06:59:41.496Z] ❌ Error reading register 1000 for IP 10.30.4.91: no connection to modbus server
[2025-02-28T06:59:41.497Z] Error writing to Modbus register: no connection to modbus server
[2025-02-28T06:59:42.510Z] Error reading register 3105 for IP 10.30.4.91: no connection to modbus server
[2025-02-28T06:59:42.511Z] ❌ Error reading register 1000 for IP 10.30.4.91: no connection to modbus server
[2025-02-28T06:59:42.512Z] Error writing to Modbus register: no connection to modbus server
[2025-02-28T06:59:43.511Z] Error reading register 3105 for IP 10.30.4.91: no connection to modbus server
[2025-02-28T06:59:43.512Z] ❌ Error reading register 1000 for IP 10.30.4.91: no connection to modbus server
[2025-02-28T06:59:43.513Z] Error writing to Modbus register: no connection to modbus server
[2025-02-28T06:59:44.526Z] Error reading register 3105 for IP 10.30.4.91: no connection to modbus server
[2025-02-28T06:59:44.527Z] ❌ Error reading register 1000 for IP 10.30.4.91: no connection to modbus server
[2025-02-28T06:59:44.528Z] Error writing to Modbus register: no connection to modbus server
[2025-02-28T06:59:45.542Z] Error reading register 3105 for IP 10.30.4.91: no connection to modbus server
[2025-02-28T06:59:45.543Z] ❌ Error reading register 1000 for IP 10.30.4.91: no connection to modbus server
[2025-02-28T06:59:45.544Z] Error writing to Modbus register: no connection to modbus server
[2025-02-28T06:59:46.555Z] Error reading register 3105 for IP 10.30.4.91: no connection to modbus server
[2025-02-28T06:59:46.555Z] ❌ Error reading register 1000 for IP 10.30.4.91: no connection to modbus server
[2025-02-28T06:59:46.556Z] Error writing to Modbus register: no connection to modbus server
[2025-02-28T06:59:47.565Z] Error reading register 3105 for IP 10.30.4.91: no connection to modbus server
[2025-02-28T06:59:47.565Z] ❌ Error reading register 1000 for IP 10.30.4.91: no connection to modbus server
[2025-02-28T06:59:47.565Z] Error writing to Modbus register: no connection to modbus server
[2025-02-28T06:59:48.580Z] Error reading register 3105 for IP 10.30.4.91: no connection to modbus server
[2025-02-28T06:59:48.580Z] ❌ Error reading register 1000 for IP 10.30.4.91: no connection to modbus server
[2025-02-28T06:59:48.580Z] Error writing to Modbus register: no connection to modbus server
[2025-02-28T06:59:49.596Z] Error reading register 3105 for IP 10.30.4.91: no connection to modbus server
[2025-02-28T06:59:49.597Z] ❌ Error reading register 1000 for IP 10.30.4.91: no connection to modbus server
[2025-02-28T06:59:49.598Z] Error writing to Modbus register: no connection to modbus server
[2025-02-28T06:59:50.610Z] Error reading register 3105 for IP 10.30.4.91: no connection to modbus server
[2025-02-28T06:59:50.611Z] ❌ Error reading register 1000 for IP 10.30.4.91: no connection to modbus server
[2025-02-28T06:59:50.612Z] Error writing to Modbus register: no connection to modbus server
[2025-02-28T06:59:51.624Z] Error reading register 3105 for IP 10.30.4.91: no connection to modbus server
[2025-02-28T06:59:51.624Z] ❌ Error reading register 1000 for IP 10.30.4.91: no connection to modbus server
[2025-02-28T06:59:51.625Z] Error writing to Modbus register: no connection to modbus server
[2025-02-28T06:59:52.625Z] Error reading register 3105 for IP 10.30.4.91: no connection to modbus server
[2025-02-28T06:59:52.626Z] ❌ Error reading register 1000 for IP 10.30.4.91: no connection to modbus server
[2025-02-28T06:59:52.627Z] Error writing to Modbus register: no connection to modbus server
[2025-02-28T06:59:53.625Z] Error reading register 3105 for IP 10.30.4.91: no connection to modbus server
[2025-02-28T06:59:53.625Z] ❌ Error reading register 1000 for IP 10.30.4.91: no connection to modbus server
[2025-02-28T06:59:53.626Z] Error writing to Modbus register: no connection to modbus server
[2025-02-28T06:59:54.628Z] ❌ Error reading register 1000 for IP 10.30.4.91: no connection to modbus server
[2025-02-28T06:59:54.628Z] Error reading register 3105 for IP 10.30.4.91: no connection to modbus server
[2025-02-28T06:59:54.629Z] Error writing to Modbus register: no connection to modbus server
[2025-02-28T06:59:55.642Z] Error reading register 3105 for IP 10.30.4.91: no connection to modbus server
[2025-02-28T06:59:55.642Z] ❌ Error reading register 1000 for IP 10.30.4.91: no connection to modbus server
[2025-02-28T06:59:55.643Z] Error writing to Modbus register: no connection to modbus server
[2025-02-28T06:59:56.657Z] Error reading register 3105 for IP 10.30.4.91: no connection to modbus server
[2025-02-28T06:59:56.658Z] ❌ Error reading register 1000 for IP 10.30.4.91: no connection to modbus server
[2025-02-28T06:59:56.659Z] Error writing to Modbus register: no connection to modbus server
[2025-02-28T06:59:57.669Z] Error reading register 3105 for IP 10.30.4.91: no connection to modbus server
[2025-02-28T06:59:57.669Z] Error writing to Modbus register: no connection to modbus server
[2025-02-28T06:59:57.669Z] ❌ Error reading register 1000 for IP 10.30.4.91: no connection to modbus server
[2025-02-28T06:59:58.685Z] Error reading register 3105 for IP 10.30.4.91: no connection to modbus server
[2025-02-28T06:59:58.685Z] ❌ Error reading register 1000 for IP 10.30.4.91: no connection to modbus server
[2025-02-28T06:59:58.686Z] Error writing to Modbus register: no connection to modbus server
[2025-02-28T06:59:59.698Z] Error reading register 3105 for IP 10.30.4.91: no connection to modbus server
[2025-02-28T06:59:59.698Z] ❌ Error reading register 1000 for IP 10.30.4.91: no connection to modbus server
[2025-02-28T06:59:59.700Z] Error writing to Modbus register: no connection to modbus server
[2025-02-28T07:00:00.700Z] Error reading register 3105 for IP 10.30.4.91: no connection to modbus server
[2025-02-28T07:00:00.701Z] ❌ Error reading register 1000 for IP 10.30.4.91: no connection to modbus server
[2025-02-28T07:00:00.701Z] Error writing to Modbus register: no connection to modbus server
[2025-02-28T07:00:01.712Z] Error reading register 3105 for IP 10.30.4.91: no connection to modbus server
[2025-02-28T07:00:01.713Z] ❌ Error reading register 1000 for IP 10.30.4.91: no connection to modbus server
[2025-02-28T07:00:01.714Z] Error writing to Modbus register: no connection to modbus server
[2025-02-28T07:00:02.726Z] Error reading register 3105 for IP 10.30.4.91: no connection to modbus server
[2025-02-28T07:00:02.727Z] ❌ Error reading register 1000 for IP 10.30.4.91: no connection to modbus server
[2025-02-28T07:00:02.728Z] Error writing to Modbus register: no connection to modbus server
[2025-02-28T07:00:03.728Z] Error reading register 3105 for IP 10.30.4.91: no connection to modbus server
[2025-02-28T07:00:03.729Z] ❌ Error reading register 1000 for IP 10.30.4.91: no connection to modbus server
[2025-02-28T07:00:03.729Z] Error writing to Modbus register: no connection to modbus server
[2025-02-28T07:00:04.730Z] Error reading register 3105 for IP 10.30.4.91: no connection to modbus server
[2025-02-28T07:00:04.730Z] ❌ Error reading register 1000 for IP 10.30.4.91: no connection to modbus server
[2025-02-28T07:00:04.730Z] Error writing to Modbus register: no connection to modbus server
[2025-02-28T07:00:05.730Z] Error reading register 3105 for IP 10.30.4.91: no connection to modbus server
[2025-02-28T07:00:05.730Z] ❌ Error reading register 1000 for IP 10.30.4.91: no connection to modbus server
[2025-02-28T07:00:05.731Z] Error writing to Modbus register: no connection to modbus server
[2025-02-28T07:00:06.731Z] Error reading register 3105 for IP 10.30.4.91: no connection to modbus server
[2025-02-28T07:00:06.731Z] ❌ Error reading register 1000 for IP 10.30.4.91: no connection to modbus server
[2025-02-28T07:00:06.731Z] Error writing to Modbus register: no connection to modbus server
[2025-02-28T07:00:07.744Z] Error reading register 3105 for IP 10.30.4.91: no connection to modbus server
[2025-02-28T07:00:07.744Z] ❌ Error reading register 1000 for IP 10.30.4.91: no connection to modbus server
[2025-02-28T07:00:07.744Z] Error writing to Modbus register: no connection to modbus server
[2025-02-28T07:00:08.746Z] Error reading register 3105 for IP 10.30.4.91: no connection to modbus server
[2025-02-28T07:00:08.747Z] ❌ Error reading register 1000 for IP 10.30.4.91: no connection to modbus server
[2025-02-28T07:00:08.748Z] Error writing to Modbus register: no connection to modbus server
[2025-02-28T07:00:09.750Z] Error reading register 3105 for IP 10.30.4.91: no connection to modbus server
[2025-02-28T07:00:09.751Z] ❌ Error reading register 1000 for IP 10.30.4.91: no connection to modbus server
[2025-02-28T07:00:09.752Z] Error writing to Modbus register: no connection to modbus server
[2025-02-28T07:00:10.753Z] Error reading register 3105 for IP 10.30.4.91: no connection to modbus server
[2025-02-28T07:00:10.753Z] ❌ Error reading register 1000 for IP 10.30.4.91: no connection to modbus server
[2025-02-28T07:00:10.754Z] Error writing to Modbus register: no connection to modbus server
[2025-02-28T07:00:11.766Z] Error reading register 3105 for IP 10.30.4.91: no connection to modbus server
[2025-02-28T07:00:11.766Z] ❌ Error reading register 1000 for IP 10.30.4.91: no connection to modbus server
[2025-02-28T07:00:11.768Z] Error writing to Modbus register: no connection to modbus server
[2025-02-28T07:00:12.780Z] Error reading register 3105 for IP 10.30.4.91: no connection to modbus server
[2025-02-28T07:00:12.780Z] ❌ Error reading register 1000 for IP 10.30.4.91: no connection to modbus server
[2025-02-28T07:00:12.781Z] Error writing to Modbus register: no connection to modbus server
[2025-02-28T07:00:13.793Z] Error reading register 3105 for IP 10.30.4.91: no connection to modbus server
[2025-02-28T07:00:13.794Z] ❌ Error reading register 1000 for IP 10.30.4.91: no connection to modbus server
[2025-02-28T07:00:13.795Z] Error writing to Modbus register: no connection to modbus server
[2025-02-28T07:00:14.807Z] Error reading register 3105 for IP 10.30.4.91: no connection to modbus server
[2025-02-28T07:00:14.808Z] ❌ Error reading register 1000 for IP 10.30.4.91: no connection to modbus server
[2025-02-28T07:00:14.808Z] Error writing to Modbus register: no connection to modbus server
[2025-02-28T07:00:15.810Z] Error reading register 3105 for IP 10.30.4.91: no connection to modbus server
[2025-02-28T07:00:15.810Z] ❌ Error reading register 1000 for IP 10.30.4.91: no connection to modbus server
[2025-02-28T07:00:15.811Z] Error writing to Modbus register: no connection to modbus server
[2025-02-28T07:00:16.817Z] Error reading register 3105 for IP 10.30.4.91: no connection to modbus server
[2025-02-28T07:00:16.817Z] ❌ Error reading register 1000 for IP 10.30.4.91: no connection to modbus server
[2025-02-28T07:00:16.818Z] Error writing to Modbus register: no connection to modbus server
[2025-02-28T07:00:17.829Z] Error reading register 3105 for IP 10.30.4.91: no connection to modbus server
[2025-02-28T07:00:17.829Z] ❌ Error reading register 1000 for IP 10.30.4.91: no connection to modbus server
[2025-02-28T07:00:17.830Z] Error writing to Modbus register: no connection to modbus server
[2025-02-28T07:00:18.832Z] Error reading register 3105 for IP 10.30.4.91: no connection to modbus server
[2025-02-28T07:00:18.833Z] Error writing to Modbus register: no connection to modbus server
[2025-02-28T07:00:18.832Z] ❌ Error reading register 1000 for IP 10.30.4.91: no connection to modbus server
[2025-02-28T07:00:19.845Z] Error reading register 3105 for IP 10.30.4.91: no connection to modbus server
[2025-02-28T07:00:19.846Z] ❌ Error reading register 1000 for IP 10.30.4.91: no connection to modbus server
[2025-02-28T07:00:19.847Z] Error writing to Modbus register: no connection to modbus server
[2025-02-28T07:00:20.845Z] Error reading register 3105 for IP 10.30.4.91: no connection to modbus server
[2025-02-28T07:00:20.846Z] ❌ Error reading register 1000 for IP 10.30.4.91: no connection to modbus server
[2025-02-28T07:00:20.846Z] Error writing to Modbus register: no connection to modbus server
[2025-02-28T07:00:21.856Z] Error reading register 3105 for IP 10.30.4.91: no connection to modbus server
[2025-02-28T07:00:21.857Z] Error writing to Modbus register: no connection to modbus server
[2025-02-28T07:00:21.856Z] ❌ Error reading register 1000 for IP 10.30.4.91: no connection to modbus server
[2025-02-28T07:00:22.870Z] Error reading register 3105 for IP 10.30.4.91: no connection to modbus server
[2025-02-28T07:00:22.870Z] ❌ Error reading register 1000 for IP 10.30.4.91: no connection to modbus server
[2025-02-28T07:00:22.871Z] Error writing to Modbus register: no connection to modbus server
[2025-02-28T07:00:23.870Z] Error reading register 3105 for IP 10.30.4.91: no connection to modbus server
[2025-02-28T07:00:23.871Z] ❌ Error reading register 1000 for IP 10.30.4.91: no connection to modbus server
[2025-02-28T07:00:23.871Z] Error writing to Modbus register: no connection to modbus server
[2025-02-28T07:00:24.885Z] Error reading register 3105 for IP 10.30.4.91: no connection to modbus server
[2025-02-28T07:00:24.885Z] ❌ Error reading register 1000 for IP 10.30.4.91: no connection to modbus server
[2025-02-28T07:00:24.885Z] Error writing to Modbus register: no connection to modbus server
[2025-02-28T07:00:25.900Z] Error reading register 3105 for IP 10.30.4.91: no connection to modbus server
[2025-02-28T07:00:25.900Z] ❌ Error reading register 1000 for IP 10.30.4.91: no connection to modbus server
[2025-02-28T07:00:25.901Z] Error writing to Modbus register: no connection to modbus server
[2025-02-28T07:00:26.914Z] Error reading register 3105 for IP 10.30.4.91: no connection to modbus server
[2025-02-28T07:00:26.914Z] ❌ Error reading register 1000 for IP 10.30.4.91: no connection to modbus server
[2025-02-28T07:00:26.915Z] Error writing to Modbus register: no connection to modbus server
[2025-02-28T07:00:27.927Z] Error reading register 3105 for IP 10.30.4.91: no connection to modbus server
[2025-02-28T07:00:27.928Z] ❌ Error reading register 1000 for IP 10.30.4.91: no connection to modbus server
[2025-02-28T07:00:27.928Z] Error writing to Modbus register: no connection to modbus server
[2025-02-28T07:00:28.929Z] Error reading register 3105 for IP 10.30.4.91: no connection to modbus server
[2025-02-28T07:00:28.929Z] ❌ Error reading register 1000 for IP 10.30.4.91: no connection to modbus server
[2025-02-28T07:00:28.930Z] Error writing to Modbus register: no connection to modbus server
[2025-02-28T07:00:29.942Z] Error reading register 3105 for IP 10.30.4.91: no connection to modbus server
[2025-02-28T07:00:29.942Z] ❌ Error reading register 1000 for IP 10.30.4.91: no connection to modbus server
[2025-02-28T07:00:29.943Z] Error writing to Modbus register: no connection to modbus server
[2025-02-28T07:00:30.955Z] Error reading register 3105 for IP 10.30.4.91: no connection to modbus server
[2025-02-28T07:00:30.955Z] ❌ Error reading register 1000 for IP 10.30.4.91: no connection to modbus server
[2025-02-28T07:00:30.956Z] Error writing to Modbus register: no connection to modbus server
[2025-02-28T07:00:31.966Z] Error reading register 3105 for IP 10.30.4.91: no connection to modbus server
[2025-02-28T07:00:31.967Z] ❌ Error reading register 1000 for IP 10.30.4.91: no connection to modbus server
[2025-02-28T07:00:31.968Z] Error writing to Modbus register: no connection to modbus server
[2025-02-28T07:00:32.981Z] Error reading register 3105 for IP 10.30.4.91: no connection to modbus server
[2025-02-28T07:00:32.981Z] ❌ Error reading register 1000 for IP 10.30.4.91: no connection to modbus server
[2025-02-28T07:00:32.981Z] Error writing to Modbus register: no connection to modbus server
[2025-02-28T07:00:33.982Z] Error reading register 3105 for IP 10.30.4.91: no connection to modbus server
[2025-02-28T07:00:33.982Z] ❌ Error reading register 1000 for IP 10.30.4.91: no connection to modbus server
[2025-02-28T07:00:33.982Z] Error writing to Modbus register: no connection to modbus server
[2025-02-28T07:00:34.994Z] Error reading register 3105 for IP 10.30.4.91: no connection to modbus server
[2025-02-28T07:00:34.994Z] ❌ Error reading register 1000 for IP 10.30.4.91: no connection to modbus server
[2025-02-28T07:00:34.995Z] Error writing to Modbus register: no connection to modbus server
[2025-02-28T07:00:35.993Z] Error reading register 3105 for IP 10.30.4.91: no connection to modbus server
[2025-02-28T07:00:35.993Z] ❌ Error reading register 1000 for IP 10.30.4.91: no connection to modbus server
[2025-02-28T07:00:36.009Z] Error writing to Modbus register: no connection to modbus server
[2025-02-28T07:00:37.009Z] Error reading register 3105 for IP 10.30.4.91: no connection to modbus server
[2025-02-28T07:00:37.010Z] ❌ Error reading register 1000 for IP 10.30.4.91: no connection to modbus server
[2025-02-28T07:00:37.012Z] Error writing to Modbus register: no connection to modbus server
[2025-02-28T07:00:38.021Z] Error reading register 3105 for IP 10.30.4.91: no connection to modbus server
[2025-02-28T07:00:38.021Z] ❌ Error reading register 1000 for IP 10.30.4.91: no connection to modbus server
[2025-02-28T07:00:38.023Z] Error writing to Modbus register: no connection to modbus server
[2025-02-28T07:00:39.021Z] Error reading register 3105 for IP 10.30.4.91: no connection to modbus server
[2025-02-28T07:00:39.022Z] ❌ Error reading register 1000 for IP 10.30.4.91: no connection to modbus server
[2025-02-28T07:00:39.023Z] Error writing to Modbus register: no connection to modbus server
[2025-02-28T07:00:40.035Z] Error reading register 3105 for IP 10.30.4.91: no connection to modbus server
[2025-02-28T07:00:40.036Z] ❌ Error reading register 1000 for IP 10.30.4.91: no connection to modbus server
[2025-02-28T07:00:40.036Z] Error writing to Modbus register: no connection to modbus server
[2025-02-28T07:00:41.037Z] Error reading register 3105 for IP 10.30.4.91: no connection to modbus server
[2025-02-28T07:00:41.038Z] ❌ Error reading register 1000 for IP 10.30.4.91: no connection to modbus server
[2025-02-28T07:00:41.038Z] Error writing to Modbus register: no connection to modbus server
[2025-02-28T07:00:42.051Z] Error reading register 3105 for IP 10.30.4.91: no connection to modbus server
[2025-02-28T07:00:42.052Z] ❌ Error reading register 1000 for IP 10.30.4.91: no connection to modbus server
[2025-02-28T07:00:42.052Z] Error writing to Modbus register: no connection to modbus server
[2025-02-28T07:00:43.051Z] Error reading register 3105 for IP 10.30.4.91: no connection to modbus server
[2025-02-28T07:00:43.051Z] ❌ Error reading register 1000 for IP 10.30.4.91: no connection to modbus server
[2025-02-28T07:00:43.066Z] Error writing to Modbus register: no connection to modbus server
[2025-02-28T07:00:44.066Z] Error reading register 3105 for IP 10.30.4.91: no connection to modbus server
[2025-02-28T07:00:44.066Z] ❌ Error reading register 1000 for IP 10.30.4.91: no connection to modbus server
[2025-02-28T07:00:44.067Z] Error writing to Modbus register: no connection to modbus server
[2025-02-28T07:00:45.076Z] Error reading register 3105 for IP 10.30.4.91: no connection to modbus server
[2025-02-28T07:00:45.076Z] ❌ Error reading register 1000 for IP 10.30.4.91: no connection to modbus server
[2025-02-28T07:00:45.076Z] Error writing to Modbus register: no connection to modbus server
[2025-02-28T07:00:46.078Z] Error reading register 3105 for IP 10.30.4.91: no connection to modbus server
[2025-02-28T07:00:46.079Z] ❌ Error reading register 1000 for IP 10.30.4.91: no connection to modbus server
[2025-02-28T07:00:46.079Z] Error writing to Modbus register: no connection to modbus server
[2025-02-28T07:00:47.087Z] Error reading register 3105 for IP 10.30.4.91: no connection to modbus server
[2025-02-28T07:00:47.087Z] ❌ Error reading register 1000 for IP 10.30.4.91: no connection to modbus server
[2025-02-28T07:00:47.087Z] Error writing to Modbus register: no connection to modbus server
[2025-02-28T07:00:48.087Z] ❌ Error reading register 1000 for IP 10.30.4.91: no connection to modbus server
[2025-02-28T07:00:48.087Z] Error reading register 3105 for IP 10.30.4.91: no connection to modbus server
[2025-02-28T07:00:48.088Z] Error writing to Modbus register: no connection to modbus server
[2025-02-28T07:00:49.087Z] Error reading register 3105 for IP 10.30.4.91: no connection to modbus server
[2025-02-28T07:00:49.087Z] ❌ Error reading register 1000 for IP 10.30.4.91: no connection to modbus server
[2025-02-28T07:00:49.088Z] Error writing to Modbus register: no connection to modbus server
[2025-02-28T07:00:50.099Z] Error reading register 3105 for IP 10.30.4.91: no connection to modbus server
[2025-02-28T07:00:50.099Z] ❌ Error reading register 1000 for IP 10.30.4.91: no connection to modbus server
[2025-02-28T07:00:50.099Z] Error writing to Modbus register: no connection to modbus server
[2025-02-28T07:00:51.102Z] ❌ Error reading register 1000 for IP 10.30.4.91: no connection to modbus server
[2025-02-28T07:00:51.102Z] Error reading register 3105 for IP 10.30.4.91: no connection to modbus server
[2025-02-28T07:00:51.103Z] Error writing to Modbus register: no connection to modbus server
[2025-02-28T07:02:15.340Z] ❌ Error reading register 1000 for IP 10.30.4.91: registerAddress is not defined
[2025-02-28T07:02:16.351Z] ❌ Error reading register 1000 for IP 10.30.4.91: registerAddress is not defined
[2025-02-28T07:02:17.364Z] ❌ Error reading register 1000 for IP 10.30.4.91: registerAddress is not defined
[2025-02-28T07:02:18.376Z] ❌ Error reading register 1000 for IP 10.30.4.91: registerAddress is not defined
[2025-02-28T07:02:19.373Z] ❌ Error reading register 1000 for IP 10.30.4.91: registerAddress is not defined
[2025-02-28T07:02:20.379Z] ❌ Error reading register 1000 for IP 10.30.4.91: registerAddress is not defined
[2025-02-28T07:02:21.393Z] ❌ Error reading register 1000 for IP 10.30.4.91: registerAddress is not defined
[2025-02-28T07:02:22.402Z] ❌ Error reading register 1000 for IP 10.30.4.91: registerAddress is not defined
[2025-02-28T07:02:23.419Z] ❌ Error reading register 1000 for IP 10.30.4.91: registerAddress is not defined
[2025-02-28T07:02:24.429Z] ❌ Error reading register 1000 for IP 10.30.4.91: registerAddress is not defined
[2025-02-28T07:02:25.436Z] ❌ Error reading register 1000 for IP 10.30.4.91: registerAddress is not defined
[2025-02-28T07:02:26.448Z] ❌ Error reading register 1000 for IP 10.30.4.91: registerAddress is not defined
[2025-02-28T07:02:27.443Z] ❌ Error reading register 1000 for IP 10.30.4.91: registerAddress is not defined
[2025-02-28T07:02:28.470Z] ❌ Error reading register 1000 for IP 10.30.4.91: registerAddress is not defined
[2025-02-28T07:02:29.470Z] ❌ Error reading register 1000 for IP 10.30.4.91: registerAddress is not defined
[2025-02-28T07:02:30.497Z] ❌ Error reading register 1000 for IP 10.30.4.91: registerAddress is not defined
[2025-02-28T07:02:31.488Z] ❌ Error reading register 1000 for IP 10.30.4.91: registerAddress is not defined
[2025-02-28T07:02:32.510Z] ❌ Error reading register 1000 for IP 10.30.4.91: registerAddress is not defined
[2025-02-28T07:02:33.511Z] ❌ Error reading register 1000 for IP 10.30.4.91: registerAddress is not defined
[2025-02-28T07:02:34.523Z] ❌ Error reading register 1000 for IP 10.30.4.91: registerAddress is not defined
[2025-02-28T07:02:35.518Z] ❌ Error reading register 1000 for IP 10.30.4.91: registerAddress is not defined
[2025-02-28T07:02:36.521Z] ❌ Error reading register 1000 for IP 10.30.4.91: registerAddress is not defined
[2025-02-28T07:02:37.542Z] ❌ Error reading register 1000 for IP 10.30.4.91: registerAddress is not defined
[2025-02-28T07:02:38.538Z] ❌ Error reading register 1000 for IP 10.30.4.91: registerAddress is not defined
[2025-02-28T07:02:39.557Z] ❌ Error reading register 1000 for IP 10.30.4.91: registerAddress is not defined
[2025-02-28T07:02:40.559Z] ❌ Error reading register 1000 for IP 10.30.4.91: registerAddress is not defined
[2025-02-28T07:02:41.574Z] ❌ Error reading register 1000 for IP 10.30.4.91: registerAddress is not defined
[2025-02-28T07:02:42.568Z] ❌ Error reading register 1000 for IP 10.30.4.91: registerAddress is not defined
[2025-02-28T07:02:43.584Z] ❌ Error reading register 1000 for IP 10.30.4.91: registerAddress is not defined
[2025-02-28T07:02:44.576Z] ❌ Error reading register 1000 for IP 10.30.4.91: registerAddress is not defined
[2025-02-28T07:02:45.588Z] ❌ Error reading register 1000 for IP 10.30.4.91: registerAddress is not defined
[2025-02-28T07:02:46.606Z] ❌ Error reading register 1000 for IP 10.30.4.91: registerAddress is not defined
[2025-02-28T07:02:47.620Z] ❌ Error reading register 1000 for IP 10.30.4.91: registerAddress is not defined
[2025-02-28T07:02:48.630Z] ❌ Error reading register 1000 for IP 10.30.4.91: registerAddress is not defined
[2025-02-28T07:02:49.655Z] ❌ Error reading register 1000 for IP 10.30.4.91: registerAddress is not defined
[2025-02-28T07:02:50.663Z] ❌ Error reading register 1000 for IP 10.30.4.91: registerAddress is not defined
[2025-02-28T07:02:51.659Z] ❌ Error reading register 1000 for IP 10.30.4.91: registerAddress is not defined
[2025-02-28T07:02:52.671Z] ❌ Error reading register 1000 for IP 10.30.4.91: registerAddress is not defined
[2025-02-28T07:02:53.668Z] ❌ Error reading register 1000 for IP 10.30.4.91: registerAddress is not defined
[2025-02-28T07:02:54.674Z] ❌ Error reading register 1000 for IP 10.30.4.91: registerAddress is not defined
[2025-02-28T07:02:55.675Z] ❌ Error reading register 1000 for IP 10.30.4.91: registerAddress is not defined
[2025-02-28T07:02:56.680Z] ❌ Error reading register 1000 for IP 10.30.4.91: registerAddress is not defined
[2025-02-28T07:02:57.683Z] ❌ Error reading register 1000 for IP 10.30.4.91: registerAddress is not defined
[2025-02-28T07:02:58.690Z] ❌ Error reading register 1000 for IP 10.30.4.91: registerAddress is not defined
[2025-02-28T07:02:59.689Z] ❌ Error reading register 1000 for IP 10.30.4.91: registerAddress is not defined
[2025-02-28T07:03:00.703Z] ❌ Error reading register 1000 for IP 10.30.4.91: registerAddress is not defined
[2025-02-28T07:03:01.723Z] ❌ Error reading register 1000 for IP 10.30.4.91: registerAddress is not defined
[2025-02-28T07:03:02.734Z] ❌ Error reading register 1000 for IP 10.30.4.91: registerAddress is not defined
[2025-02-28T07:03:03.743Z] ❌ Error reading register 1000 for IP 10.30.4.91: registerAddress is not defined
[2025-02-28T07:03:04.749Z] ❌ Error reading register 1000 for IP 10.30.4.91: registerAddress is not defined
[2025-02-28T07:03:05.764Z] ❌ Error reading register 1000 for IP 10.30.4.91: registerAddress is not defined
[2025-02-28T07:03:06.766Z] ❌ Error reading register 1000 for IP 10.30.4.91: registerAddress is not defined
[2025-02-28T07:03:07.778Z] ❌ Error reading register 1000 for IP 10.30.4.91: registerAddress is not defined
[2025-02-28T07:03:08.775Z] ❌ Error reading register 1000 for IP 10.30.4.91: registerAddress is not defined
[2025-02-28T07:03:09.782Z] ❌ Error reading register 1000 for IP 10.30.4.91: registerAddress is not defined
[2025-02-28T07:03:10.788Z] ❌ Error reading register 1000 for IP 10.30.4.91: registerAddress is not defined
[2025-02-28T07:03:11.790Z] ❌ Error reading register 1000 for IP 10.30.4.91: registerAddress is not defined
[2025-02-28T07:03:12.791Z] ❌ Error reading register 1000 for IP 10.30.4.91: registerAddress is not defined
[2025-02-28T07:03:13.804Z] ❌ Error reading register 1000 for IP 10.30.4.91: registerAddress is not defined
[2025-02-28T07:03:14.809Z] ❌ Error reading register 1000 for IP 10.30.4.91: registerAddress is not defined
[2025-02-28T07:03:15.825Z] ❌ Error reading register 1000 for IP 10.30.4.91: registerAddress is not defined
[2025-02-28T07:03:16.840Z] ❌ Error reading register 1000 for IP 10.30.4.91: registerAddress is not defined
[2025-02-28T07:03:17.844Z] ❌ Error reading register 1000 for IP 10.30.4.91: registerAddress is not defined
[2025-02-28T07:03:18.854Z] ❌ Error reading register 1000 for IP 10.30.4.91: registerAddress is not defined
[2025-02-28T07:03:19.868Z] ❌ Error reading register 1000 for IP 10.30.4.91: registerAddress is not defined
[2025-02-28T07:03:20.881Z] ❌ Error reading register 1000 for IP 10.30.4.91: registerAddress is not defined
[2025-02-28T07:03:21.891Z] ❌ Error reading register 1000 for IP 10.30.4.91: registerAddress is not defined
[2025-02-28T07:03:22.901Z] ❌ Error reading register 1000 for IP 10.30.4.91: registerAddress is not defined
[2025-02-28T07:03:23.904Z] ❌ Error reading register 1000 for IP 10.30.4.91: registerAddress is not defined
[2025-02-28T07:03:24.925Z] ❌ Error reading register 1000 for IP 10.30.4.91: registerAddress is not defined
[2025-02-28T07:03:25.929Z] ❌ Error reading register 1000 for IP 10.30.4.91: registerAddress is not defined
[2025-02-28T07:03:26.942Z] ❌ Error reading register 1000 for IP 10.30.4.91: registerAddress is not defined
[2025-02-28T07:03:27.935Z] ❌ Error reading register 1000 for IP 10.30.4.91: registerAddress is not defined
[2025-02-28T07:03:28.947Z] ❌ Error reading register 1000 for IP 10.30.4.91: registerAddress is not defined
[2025-02-28T07:03:29.951Z] ❌ Error reading register 1000 for IP 10.30.4.91: registerAddress is not defined
[2025-02-28T07:03:30.950Z] ❌ Error reading register 1000 for IP 10.30.4.91: registerAddress is not defined
[2025-02-28T07:03:31.970Z] ❌ Error reading register 1000 for IP 10.30.4.91: registerAddress is not defined
[2025-02-28T07:03:32.984Z] ❌ Error reading register 1000 for IP 10.30.4.91: registerAddress is not defined
[2025-02-28T07:03:33.995Z] ❌ Error reading register 1000 for IP 10.30.4.91: registerAddress is not defined
[2025-02-28T07:03:41.114Z] ❌ Error reading register 1000 for IP 10.30.4.91: registerAddress is not defined
[2025-02-28T07:03:41.129Z] ❌ Error reading register 1000 for IP 10.30.4.91: registerAddress is not defined
[2025-02-28T07:03:42.127Z] ❌ Error reading register 1000 for IP 10.30.4.91: registerAddress is not defined
[2025-02-28T07:03:43.134Z] ❌ Error reading register 1000 for IP 10.30.4.91: registerAddress is not defined
[2025-02-28T07:03:44.138Z] ❌ Error reading register 1000 for IP 10.30.4.91: registerAddress is not defined
[2025-02-28T07:03:45.144Z] ❌ Error reading register 1000 for IP 10.30.4.91: registerAddress is not defined
[2025-02-28T07:03:46.139Z] ❌ Error reading register 1000 for IP 10.30.4.91: registerAddress is not defined
[2025-02-28T07:04:01.031Z] ❌ Error reading register 1000 for IP 10.30.4.91: registerAddress is not defined
[2025-02-28T07:04:05.043Z] ❌ Error reading register 1000 for IP 10.30.4.91: registerAddress is not defined
[2025-02-28T07:04:05.052Z] ❌ Error reading register 1000 for IP 10.30.4.91: registerAddress is not defined
[2025-02-28T07:04:05.059Z] ❌ Error reading register 1000 for IP 10.30.4.91: registerAddress is not defined
[2025-02-28T07:04:06.062Z] ❌ Error reading register 1000 for IP 10.30.4.91: registerAddress is not defined
[2025-02-28T07:04:07.075Z] ❌ Error reading register 1000 for IP 10.30.4.91: registerAddress is not defined
[2025-02-28T07:04:08.074Z] ❌ Error reading register 1000 for IP 10.30.4.91: registerAddress is not defined
[2025-02-28T07:04:09.087Z] ❌ Error reading register 1000 for IP 10.30.4.91: registerAddress is not defined
[2025-02-28T07:04:30.424Z] ❌ Error reading register 1000 for IP 10.30.4.91: registerAddress is not defined
[2025-02-28T07:04:31.425Z] ❌ Error reading register 1000 for IP 10.30.4.91: registerAddress is not defined
[2025-02-28T07:04:32.443Z] ❌ Error reading register 1000 for IP 10.30.4.91: registerAddress is not defined
[2025-02-28T07:04:33.444Z] ❌ Error reading register 1000 for IP 10.30.4.91: registerAddress is not defined
[2025-02-28T07:04:34.459Z] ❌ Error reading register 1000 for IP 10.30.4.91: registerAddress is not defined
[2025-02-28T07:04:35.475Z] ❌ Error reading register 1000 for IP 10.30.4.91: registerAddress is not defined
[2025-02-28T07:04:36.484Z] ❌ Error reading register 1000 for IP 10.30.4.91: registerAddress is not defined
[2025-02-28T07:04:37.502Z] ❌ Error reading register 1000 for IP 10.30.4.91: registerAddress is not defined
[2025-02-28T07:04:38.507Z] ❌ Error reading register 1000 for IP 10.30.4.91: registerAddress is not defined
[2025-02-28T07:04:39.512Z] ❌ Error reading register 1000 for IP 10.30.4.91: registerAddress is not defined
[2025-02-28T07:04:40.529Z] ❌ Error reading register 1000 for IP 10.30.4.91: registerAddress is not defined
[2025-02-28T07:04:41.547Z] ❌ Error reading register 1000 for IP 10.30.4.91: registerAddress is not defined
[2025-02-28T07:04:42.564Z] ❌ Error reading register 1000 for IP 10.30.4.91: registerAddress is not defined
[2025-02-28T07:04:43.572Z] ❌ Error reading register 1000 for IP 10.30.4.91: registerAddress is not defined
[2025-02-28T07:04:44.565Z] ❌ Error reading register 1000 for IP 10.30.4.91: registerAddress is not defined
[2025-02-28T07:04:45.582Z] ❌ Error reading register 1000 for IP 10.30.4.91: registerAddress is not defined
[2025-02-28T07:04:46.591Z] ❌ Error reading register 1000 for IP 10.30.4.91: registerAddress is not defined
[2025-02-28T07:04:47.605Z] ❌ Error reading register 1000 for IP 10.30.4.91: registerAddress is not defined
[2025-02-28T07:04:48.605Z] ❌ Error reading register 1000 for IP 10.30.4.91: registerAddress is not defined
[2025-02-28T07:04:49.609Z] ❌ Error reading register 1000 for IP 10.30.4.91: registerAddress is not defined
[2025-02-28T07:04:50.622Z] ❌ Error reading register 1000 for IP 10.30.4.91: registerAddress is not defined
[2025-02-28T07:04:51.643Z] ❌ Error reading register 1000 for IP 10.30.4.91: registerAddress is not defined
[2025-02-28T07:04:52.650Z] ❌ Error reading register 1000 for IP 10.30.4.91: registerAddress is not defined
[2025-02-28T07:04:53.661Z] ❌ Error reading register 1000 for IP 10.30.4.91: registerAddress is not defined
[2025-02-28T07:04:54.663Z] ❌ Error reading register 1000 for IP 10.30.4.91: registerAddress is not defined
[2025-02-28T07:04:58.723Z] ❌ Error reading register 1000 for IP 10.30.4.91: registerAddress is not defined
[2025-02-28T07:04:58.734Z] ❌ Error reading register 1000 for IP 10.30.4.91: registerAddress is not defined
[2025-02-28T07:04:59.743Z] ❌ Error reading register 1000 for IP 10.30.4.91: registerAddress is not defined
[2025-02-28T07:05:00.750Z] ❌ Error reading register 1000 for IP 10.30.4.91: registerAddress is not defined
[2025-02-28T07:05:01.754Z] ❌ Error reading register 1000 for IP 10.30.4.91: registerAddress is not defined
[2025-02-28T07:05:06.196Z] ❌ Error reading register 1000 for IP 10.30.4.91: registerAddress is not defined
[2025-02-28T07:05:06.209Z] ❌ Error reading register 1000 for IP 10.30.4.91: registerAddress is not defined
[2025-02-28T07:05:07.217Z] ❌ Error reading register 1000 for IP 10.30.4.91: registerAddress is not defined
[2025-02-28T07:05:08.215Z] ❌ Error reading register 1000 for IP 10.30.4.91: registerAddress is not defined
[2025-02-28T07:05:09.228Z] ❌ Error reading register 1000 for IP 10.30.4.91: registerAddress is not defined
[2025-02-28T07:05:10.248Z] ❌ Error reading register 1000 for IP 10.30.4.91: registerAddress is not defined
[2025-02-28T07:05:11.249Z] ❌ Error reading register 1000 for IP 10.30.4.91: registerAddress is not defined
[2025-02-28T07:05:12.254Z] ❌ Error reading register 1000 for IP 10.30.4.91: registerAddress is not defined
[2025-02-28T07:05:13.255Z] ❌ Error reading register 1000 for IP 10.30.4.91: registerAddress is not defined
[2025-02-28T07:05:14.267Z] ❌ Error reading register 1000 for IP 10.30.4.91: registerAddress is not defined
[2025-02-28T07:05:15.262Z] ❌ Error reading register 1000 for IP 10.30.4.91: registerAddress is not defined
[2025-02-28T07:05:16.283Z] ❌ Error reading register 1000 for IP 10.30.4.91: registerAddress is not defined
[2025-02-28T07:05:17.284Z] ❌ Error reading register 1000 for IP 10.30.4.91: registerAddress is not defined
[2025-02-28T07:14:22.353Z] Error reading register 3105 for IP 10.30.4.91: connection to modbus server closed
[2025-02-28T07:14:22.353Z] ❌ Error reading register 1000 for IP 10.30.4.91: rejecting because of earlier OutOfSync error
[2025-02-28T07:14:22.353Z] Error reading register 3105 for IP 10.30.4.91: rejecting because of earlier OutOfSync error
[2025-02-28T07:14:22.354Z] ❌ Error reading register 1000 for IP 10.30.4.91: rejecting because of earlier OutOfSync error
[2025-02-28T07:14:22.353Z] Error writing to Modbus register: rejecting because of earlier OutOfSync error
[2025-02-28T07:14:22.354Z] Error writing to Modbus register: rejecting because of earlier OutOfSync error
[2025-02-28T07:14:22.894Z] Error reading register 3105 for IP 10.30.4.91: no connection to modbus server
[2025-02-28T07:14:22.895Z] ❌ Error reading register 1000 for IP 10.30.4.91: no connection to modbus server
[2025-02-28T07:14:22.896Z] Error writing to Modbus register: no connection to modbus server
[2025-02-28T07:14:23.908Z] ❌ Error reading register 1000 for IP 10.30.4.91: no connection to modbus server
[2025-02-28T07:14:23.908Z] Error reading register 3105 for IP 10.30.4.91: no connection to modbus server
[2025-02-28T07:14:23.908Z] Error writing to Modbus register: no connection to modbus server
[2025-02-28T07:14:24.907Z] Error reading register 3105 for IP 10.30.4.91: no connection to modbus server
[2025-02-28T07:14:24.908Z] ❌ Error reading register 1000 for IP 10.30.4.91: no connection to modbus server
[2025-02-28T07:14:24.908Z] Error writing to Modbus register: no connection to modbus server
[2025-02-28T08:05:15.366Z] Error reading actual data: Cannot read properties of undefined (reading 'map')
[2025-02-28T08:05:16.129Z] Error reading actual data: sizeID is not defined
[2025-02-28T08:05:17.548Z] Error reading actual data: sizeID is not defined
[2025-02-28T08:05:17.581Z] Error reading actual data: sizeID is not defined
[2025-02-28T08:05:18.573Z] Error reading actual data: sizeID is not defined
[2025-02-28T08:05:19.589Z] Error reading actual data: sizeID is not defined
[2025-02-28T08:05:20.600Z] Error reading actual data: sizeID is not defined
[2025-02-28T08:05:21.605Z] Error reading actual data: sizeID is not defined
[2025-02-28T08:05:22.606Z] Error reading actual data: sizeID is not defined
[2025-02-28T08:05:23.621Z] Error reading actual data: sizeID is not defined
[2025-02-28T08:05:24.636Z] Error reading actual data: sizeID is not defined
[2025-02-28T08:05:25.650Z] Error reading actual data: sizeID is not defined
[2025-02-28T08:05:26.649Z] Error reading actual data: sizeID is not defined
[2025-02-28T08:05:27.652Z] Error reading actual data: sizeID is not defined
[2025-02-28T08:05:28.651Z] Error reading actual data: sizeID is not defined
[2025-02-28T08:05:29.671Z] Error reading actual data: sizeID is not defined
[2025-02-28T08:05:30.669Z] Error reading actual data: sizeID is not defined
[2025-02-28T08:05:31.668Z] Error reading actual data: sizeID is not defined
[2025-02-28T08:05:32.679Z] Error reading actual data: sizeID is not defined
[2025-02-28T08:05:33.684Z] Error reading actual data: sizeID is not defined
[2025-02-28T08:05:34.681Z] Error reading actual data: sizeID is not defined
[2025-02-28T08:05:35.689Z] Error reading actual data: sizeID is not defined
[2025-02-28T08:05:36.689Z] Error reading actual data: sizeID is not defined
[2025-02-28T08:05:37.696Z] Error reading actual data: sizeID is not defined
[2025-02-28T08:05:38.703Z] Error reading actual data: sizeID is not defined
[2025-02-28T08:05:39.723Z] Error reading actual data: sizeID is not defined
[2025-02-28T08:05:40.726Z] Error reading actual data: sizeID is not defined
[2025-02-28T08:05:41.738Z] Error reading actual data: sizeID is not defined
[2025-02-28T08:05:42.742Z] Error reading actual data: sizeID is not defined
[2025-02-28T08:05:43.755Z] Error reading actual data: sizeID is not defined
[2025-02-28T08:06:04.872Z] Error reading actual data: sizeID is not defined
[2025-02-28T08:06:04.906Z] Error reading actual data: sizeID is not defined
[2025-02-28T08:06:05.867Z] Error reading actual data: sizeID is not defined
[2025-02-28T08:06:06.870Z] Error reading actual data: sizeID is not defined
[2025-02-28T08:08:27.705Z] Error reading actual data: sizeID is not defined
[2025-02-28T08:08:28.706Z] Error reading actual data: sizeID is not defined
[2025-02-28T08:08:29.725Z] Error reading actual data: sizeID is not defined
[2025-02-28T08:08:30.723Z] Error reading actual data: sizeID is not defined
[2025-02-28T08:08:31.730Z] Error reading actual data: sizeID is not defined
[2025-02-28T08:08:32.730Z] Error reading actual data: sizeID is not defined
[2025-02-28T08:08:33.737Z] Error reading actual data: sizeID is not defined
[2025-02-28T08:08:34.734Z] Error reading actual data: sizeID is not defined
[2025-02-28T08:08:35.741Z] Error reading actual data: sizeID is not defined
[2025-02-28T08:08:36.740Z] Error reading actual data: sizeID is not defined
[2025-02-28T08:08:37.745Z] Error reading actual data: sizeID is not defined
[2025-02-28T08:08:38.746Z] Error reading actual data: sizeID is not defined
[2025-02-28T08:08:39.748Z] Error reading actual data: sizeID is not defined
[2025-02-28T08:08:40.766Z] Error reading actual data: sizeID is not defined
[2025-02-28T08:08:41.773Z] Error reading actual data: sizeID is not defined
[2025-02-28T08:08:42.792Z] Error reading actual data: sizeID is not defined
[2025-02-28T08:08:43.800Z] Error reading actual data: sizeID is not defined
[2025-02-28T08:08:44.813Z] Error reading actual data: sizeID is not defined
[2025-02-28T08:08:54.794Z] Error reading actual data: sizeID is not defined
[2025-02-28T08:08:55.754Z] Error reading actual data: sizeID is not defined
[2025-02-28T08:08:56.756Z] Error reading actual data: sizeID is not defined
[2025-02-28T08:10:45.794Z] Error reading actual data: sizeID is not defined
[2025-02-28T08:10:46.800Z] Error reading actual data: sizeID is not defined
[2025-02-28T08:10:47.813Z] Error reading actual data: sizeID is not defined
[2025-02-28T08:10:48.828Z] Error reading actual data: sizeID is not defined
[2025-02-28T08:10:49.843Z] Error reading actual data: sizeID is not defined
[2025-02-28T08:10:50.842Z] Error reading actual data: sizeID is not defined
[2025-02-28T08:10:51.844Z] Error reading actual data: sizeID is not defined
[2025-02-28T08:10:52.856Z] Error reading actual data: sizeID is not defined
[2025-02-28T08:10:53.873Z] Error reading actual data: sizeID is not defined
[2025-02-28T08:10:54.875Z] Error reading actual data: sizeID is not defined
[2025-02-28T08:10:55.882Z] Error reading actual data: sizeID is not defined
[2025-02-28T08:28:34.062Z] Error reading actual data: sizeID is not defined
[2025-02-28T08:28:34.099Z] Error reading actual data: sizeID is not defined
[2025-02-28T08:28:34.130Z] Error reading actual data: sizeID is not defined
[2025-02-28T08:28:35.080Z] Error reading actual data: sizeID is not defined
[2025-02-28T08:28:36.084Z] Error reading actual data: sizeID is not defined
[2025-02-28T08:28:37.098Z] Error reading actual data: sizeID is not defined
[2025-02-28T08:28:38.113Z] Error reading actual data: sizeID is not defined
[2025-02-28T08:28:39.123Z] Error reading actual data: sizeID is not defined
[2025-02-28T08:28:41.146Z] Error reading actual data: sizeID is not defined
[2025-02-28T08:28:42.143Z] Error reading actual data: sizeID is not defined
[2025-02-28T08:28:44.180Z] Error reading actual data: sizeID is not defined
[2025-02-28T08:28:45.179Z] Error reading actual data: sizeID is not defined
[2025-02-28T08:28:46.182Z] Error reading actual data: sizeID is not defined
[2025-02-28T08:28:47.189Z] Error reading actual data: sizeID is not defined
[2025-02-28T08:28:48.189Z] Error reading actual data: sizeID is not defined
[2025-02-28T08:28:49.206Z] Error reading actual data: sizeID is not defined
[2025-02-28T08:28:50.204Z] Error reading actual data: sizeID is not defined
[2025-02-28T08:28:51.209Z] Error reading actual data: sizeID is not defined
[2025-02-28T08:28:52.215Z] Error reading actual data: sizeID is not defined
[2025-02-28T08:29:01.380Z] Error reading actual data: sizeID is not defined
[2025-02-28T08:29:01.420Z] Error reading actual data: sizeID is not defined
[2025-02-28T08:29:02.374Z] Error reading actual data: sizeID is not defined
[2025-02-28T08:29:04.406Z] Error reading actual data: sizeID is not defined
[2025-02-28T08:29:05.406Z] Error reading actual data: sizeID is not defined
[2025-02-28T08:29:06.407Z] Error reading actual data: sizeID is not defined
[2025-02-28T08:29:07.425Z] Error reading actual data: sizeID is not defined
[2025-02-28T08:29:08.438Z] Error reading actual data: sizeID is not defined
[2025-02-28T08:29:10.463Z] Error reading actual data: sizeID is not defined
[2025-02-28T08:29:11.468Z] Error reading actual data: sizeID is not defined
[2025-02-28T08:29:12.477Z] Error reading actual data: sizeID is not defined
[2025-02-28T08:29:13.487Z] Error reading actual data: sizeID is not defined
[2025-02-28T08:29:14.487Z] Error reading actual data: sizeID is not defined
[2025-02-28T08:29:15.495Z] Error reading actual data: sizeID is not defined
[2025-02-28T08:29:16.492Z] Error reading actual data: sizeID is not defined
[2025-02-28T08:30:02.928Z] Error reading register 3105 for IP 10.30.4.91: no connection to modbus server
[2025-02-28T08:30:02.928Z] Error reading actual data: no connection to modbus server
[2025-02-28T08:30:02.928Z] Error writing to Modbus register: no connection to modbus server
[2025-02-28T08:30:02.928Z] ❌ Error reading register 1000 for IP 10.30.4.91: no connection to modbus server
[2025-02-28T08:30:02.990Z] Error reading actual data: sizeID is not defined
[2025-02-28T08:30:03.930Z] Error reading register 3105 for IP 10.30.4.91: no connection to modbus server
[2025-02-28T08:30:03.931Z] ❌ Error reading register 1000 for IP 10.30.4.91: no connection to modbus server
[2025-02-28T08:30:03.932Z] Error writing to Modbus register: no connection to modbus server
[2025-02-28T08:30:03.931Z] Error reading actual data: no connection to modbus server
[2025-02-28T08:30:04.106Z] Error reading actual data: sizeID is not defined
[2025-02-28T08:39:52.928Z] Error reading register 3105 for IP 10.30.4.91: no connection to modbus server
[2025-02-28T08:39:52.929Z] ❌ Error reading register 1000 for IP 10.30.4.91: no connection to modbus server
[2025-02-28T08:39:52.929Z] Error writing to Modbus register: no connection to modbus server
[2025-02-28T08:39:53.929Z] Error reading register 3105 for IP 10.30.4.91: no connection to modbus server
[2025-02-28T08:39:53.930Z] ❌ Error reading register 1000 for IP 10.30.4.91: no connection to modbus server
[2025-02-28T08:39:53.933Z] Error writing to Modbus register: no connection to modbus server
[2025-02-28T08:39:54.932Z] Error reading register 3105 for IP 10.30.4.91: no connection to modbus server
[2025-02-28T08:39:54.934Z] ❌ Error reading register 1000 for IP 10.30.4.91: no connection to modbus server
[2025-02-28T08:39:54.935Z] Error writing to Modbus register: no connection to modbus server
[2025-02-28T08:39:55.935Z] Error reading register 3105 for IP 10.30.4.91: no connection to modbus server
[2025-02-28T08:39:55.936Z] ❌ Error reading register 1000 for IP 10.30.4.91: no connection to modbus server
[2025-02-28T08:39:55.938Z] Error writing to Modbus register: no connection to modbus server
[2025-02-28T08:39:56.938Z] Error reading register 3105 for IP 10.30.4.91: no connection to modbus server
[2025-02-28T08:39:56.939Z] ❌ Error reading register 1000 for IP 10.30.4.91: no connection to modbus server
[2025-02-28T08:39:56.941Z] Error writing to Modbus register: no connection to modbus server
[2025-02-28T08:39:57.940Z] Error reading register 3105 for IP 10.30.4.91: no connection to modbus server
[2025-02-28T08:39:57.941Z] ❌ Error reading register 1000 for IP 10.30.4.91: no connection to modbus server
[2025-02-28T08:39:57.942Z] Error writing to Modbus register: no connection to modbus server
[2025-02-28T08:39:58.945Z] Error reading register 3105 for IP 10.30.4.91: no connection to modbus server
[2025-02-28T08:39:58.946Z] ❌ Error reading register 1000 for IP 10.30.4.91: no connection to modbus server
[2025-02-28T08:39:58.948Z] Error writing to Modbus register: no connection to modbus server
[2025-02-28T08:39:59.951Z] Error reading register 3105 for IP 10.30.4.91: no connection to modbus server
[2025-02-28T08:39:59.951Z] ❌ Error reading register 1000 for IP 10.30.4.91: no connection to modbus server
[2025-02-28T08:39:59.952Z] Error writing to Modbus register: no connection to modbus server
[2025-02-28T08:40:00.955Z] Error reading register 3105 for IP 10.30.4.91: no connection to modbus server
[2025-02-28T08:40:00.956Z] ❌ Error reading register 1000 for IP 10.30.4.91: no connection to modbus server
[2025-02-28T08:40:00.957Z] Error writing to Modbus register: no connection to modbus server
[2025-02-28T08:40:01.957Z] Error reading register 3105 for IP 10.30.4.91: no connection to modbus server
[2025-02-28T08:40:01.958Z] ❌ Error reading register 1000 for IP 10.30.4.91: no connection to modbus server
[2025-02-28T08:40:01.958Z] Error writing to Modbus register: no connection to modbus server
[2025-02-28T08:40:02.975Z] Error reading register 3105 for IP 10.30.4.91: no connection to modbus server
[2025-02-28T08:40:02.975Z] ❌ Error reading register 1000 for IP 10.30.4.91: no connection to modbus server
[2025-02-28T08:40:02.975Z] Error writing to Modbus register: no connection to modbus server
[2025-02-28T08:40:03.992Z] Error reading register 3105 for IP 10.30.4.91: no connection to modbus server
[2025-02-28T08:40:03.993Z] ❌ Error reading register 1000 for IP 10.30.4.91: no connection to modbus server
[2025-02-28T08:40:03.995Z] Error writing to Modbus register: no connection to modbus server
[2025-02-28T08:40:05.005Z] Error reading register 3105 for IP 10.30.4.91: no connection to modbus server
[2025-02-28T08:40:05.006Z] ❌ Error reading register 1000 for IP 10.30.4.91: no connection to modbus server
[2025-02-28T08:40:05.006Z] Error writing to Modbus register: no connection to modbus server
[2025-02-28T08:40:06.010Z] Error reading register 3105 for IP 10.30.4.91: no connection to modbus server
[2025-02-28T08:40:06.011Z] ❌ Error reading register 1000 for IP 10.30.4.91: no connection to modbus server
[2025-02-28T08:40:06.012Z] Error writing to Modbus register: no connection to modbus server
[2025-02-28T08:40:07.013Z] Error reading register 3105 for IP 10.30.4.91: no connection to modbus server
[2025-02-28T08:40:07.015Z] ❌ Error reading register 1000 for IP 10.30.4.91: no connection to modbus server
[2025-02-28T08:40:07.016Z] Error writing to Modbus register: no connection to modbus server
[2025-02-28T08:40:08.028Z] Error reading register 3105 for IP 10.30.4.91: no connection to modbus server
[2025-02-28T08:40:08.029Z] ❌ Error reading register 1000 for IP 10.30.4.91: no connection to modbus server
[2025-02-28T08:40:08.030Z] Error writing to Modbus register: no connection to modbus server
[2025-02-28T08:40:09.040Z] Error reading register 3105 for IP 10.30.4.91: no connection to modbus server
[2025-02-28T08:40:09.041Z] ❌ Error reading register 1000 for IP 10.30.4.91: no connection to modbus server
[2025-02-28T08:40:09.041Z] Error writing to Modbus register: no connection to modbus server
[2025-02-28T08:40:10.042Z] Error reading register 3105 for IP 10.30.4.91: no connection to modbus server
[2025-02-28T08:40:10.042Z] ❌ Error reading register 1000 for IP 10.30.4.91: no connection to modbus server
[2025-02-28T08:40:10.043Z] Error writing to Modbus register: no connection to modbus server
[2025-02-28T08:40:11.041Z] Error reading register 3105 for IP 10.30.4.91: no connection to modbus server
[2025-02-28T08:40:11.042Z] ❌ Error reading register 1000 for IP 10.30.4.91: no connection to modbus server
[2025-02-28T08:40:11.042Z] Error writing to Modbus register: no connection to modbus server
[2025-02-28T08:40:12.045Z] Error reading register 3105 for IP 10.30.4.91: no connection to modbus server
[2025-02-28T08:40:12.045Z] ❌ Error reading register 1000 for IP 10.30.4.91: no connection to modbus server
[2025-02-28T08:40:12.046Z] Error writing to Modbus register: no connection to modbus server
[2025-02-28T08:40:13.059Z] Error reading register 3105 for IP 10.30.4.91: no connection to modbus server
[2025-02-28T08:40:13.059Z] ❌ Error reading register 1000 for IP 10.30.4.91: no connection to modbus server
[2025-02-28T08:40:13.060Z] Error writing to Modbus register: no connection to modbus server
[2025-02-28T08:40:14.073Z] Error reading register 3105 for IP 10.30.4.91: no connection to modbus server
[2025-02-28T08:40:14.074Z] ❌ Error reading register 1000 for IP 10.30.4.91: no connection to modbus server
[2025-02-28T08:40:14.075Z] Error writing to Modbus register: no connection to modbus server
[2025-02-28T08:40:15.088Z] Error reading register 3105 for IP 10.30.4.91: no connection to modbus server
[2025-02-28T08:40:15.089Z] ❌ Error reading register 1000 for IP 10.30.4.91: no connection to modbus server
[2025-02-28T08:40:15.090Z] Error writing to Modbus register: no connection to modbus server
[2025-02-28T08:40:16.088Z] Error reading register 3105 for IP 10.30.4.91: no connection to modbus server
[2025-02-28T08:40:16.088Z] ❌ Error reading register 1000 for IP 10.30.4.91: no connection to modbus server
[2025-02-28T08:40:16.090Z] Error writing to Modbus register: no connection to modbus server
[2025-02-28T08:40:17.089Z] Error reading register 3105 for IP 10.30.4.91: no connection to modbus server
[2025-02-28T08:40:17.089Z] ❌ Error reading register 1000 for IP 10.30.4.91: no connection to modbus server
[2025-02-28T08:40:17.090Z] Error writing to Modbus register: no connection to modbus server
[2025-02-28T08:40:18.094Z] Error reading register 3105 for IP 10.30.4.91: no connection to modbus server
[2025-02-28T08:40:18.095Z] ❌ Error reading register 1000 for IP 10.30.4.91: no connection to modbus server
[2025-02-28T08:40:18.095Z] Error writing to Modbus register: no connection to modbus server
[2025-02-28T08:47:29.205Z] Error reading actual data: sizeID is not defined
[2025-02-28T08:47:37.223Z] Error reading actual data: sizeID is not defined
[2025-02-28T08:47:42.273Z] Error reading actual data: sizeID is not defined
[2025-02-28T08:47:47.282Z] Error reading actual data: sizeID is not defined
[2025-02-28T08:47:55.302Z] Error reading actual data: sizeID is not defined
[2025-02-28T08:48:01.345Z] Error reading actual data: sizeID is not defined
[2025-02-28T09:23:05.011Z] Error reading actual data: sizeID is not defined
[2025-02-28T09:23:13.054Z] Error reading actual data: sizeID is not defined
[2025-02-28T09:23:18.072Z] Error reading actual data: sizeID is not defined
[2025-03-01T02:48:26.102Z] Unable to connect to device at 10.30.4.91: read ECONNRESET
[2025-03-01T02:48:26.111Z] Error reading register 3105 for IP 10.30.4.91: connection to modbus server closed
[2025-03-01T02:48:26.111Z] ❌ Error reading register 1000 for IP 10.30.4.91: rejecting because of earlier OutOfSync error
[2025-03-01T02:48:26.111Z] Error writing to Modbus register: rejecting because of earlier OutOfSync error
[2025-03-01T02:48:26.111Z] Error reading actual data: rejecting because of earlier OutOfSync error
[2025-03-01T02:48:26.120Z] ❌ Error reading register 1000 for IP 10.30.4.91: Failed to save distribution data: no connection to modbus server
[2025-03-01T02:48:26.395Z] Error reading register 3105 for IP 10.30.4.91: no connection to modbus server
[2025-03-01T02:48:26.396Z] ❌ Error reading register 1000 for IP 10.30.4.91: no connection to modbus server
[2025-03-01T02:48:26.397Z] Error reading actual data: no connection to modbus server
[2025-03-01T02:48:26.397Z] Error writing to Modbus register: no connection to modbus server
[2025-03-01T02:48:27.402Z] Error reading register 3105 for IP 10.30.4.91: no connection to modbus server
[2025-03-01T02:48:27.402Z] ❌ Error reading register 1000 for IP 10.30.4.91: no connection to modbus server
[2025-03-01T02:48:27.402Z] Error reading actual data: no connection to modbus server
[2025-03-01T02:48:27.402Z] Error writing to Modbus register: no connection to modbus server
[2025-03-01T02:48:28.418Z] Error reading register 3105 for IP 10.30.4.91: no connection to modbus server
[2025-03-01T02:48:28.419Z] ❌ Error reading register 1000 for IP 10.30.4.91: no connection to modbus server
[2025-03-01T02:48:28.419Z] Error reading actual data: no connection to modbus server
[2025-03-01T02:48:28.419Z] Error writing to Modbus register: no connection to modbus server
[2025-03-01T02:48:29.435Z] Error reading register 3105 for IP 10.30.4.91: no connection to modbus server
[2025-03-01T02:48:29.435Z] ❌ Error reading register 1000 for IP 10.30.4.91: no connection to modbus server
[2025-03-01T02:48:29.435Z] Error reading actual data: no connection to modbus server
[2025-03-01T02:48:29.436Z] Error writing to Modbus register: no connection to modbus server
[2025-03-01T02:48:30.436Z] Error reading register 3105 for IP 10.30.4.91: no connection to modbus server
[2025-03-01T02:48:30.436Z] ❌ Error reading register 1000 for IP 10.30.4.91: no connection to modbus server
[2025-03-01T02:48:30.437Z] Error reading actual data: no connection to modbus server
[2025-03-01T02:48:30.437Z] Error writing to Modbus register: no connection to modbus server
[2025-03-01T02:48:31.435Z] Error reading register 3105 for IP 10.30.4.91: no connection to modbus server
[2025-03-01T02:48:31.435Z] ❌ Error reading register 1000 for IP 10.30.4.91: no connection to modbus server
[2025-03-01T02:48:31.435Z] Error reading actual data: no connection to modbus server
[2025-03-01T02:48:31.451Z] Error writing to Modbus register: no connection to modbus server
[2025-03-01T02:48:32.436Z] Error reading register 3105 for IP 10.30.4.91: no connection to modbus server
[2025-03-01T02:48:32.436Z] ❌ Error reading register 1000 for IP 10.30.4.91: no connection to modbus server
[2025-03-01T02:48:32.436Z] Error reading actual data: no connection to modbus server
[2025-03-01T02:48:32.451Z] Error writing to Modbus register: no connection to modbus server
[2025-03-01T02:48:33.437Z] Error reading register 3105 for IP 10.30.4.91: no connection to modbus server
[2025-03-01T02:48:33.438Z] ❌ Error reading register 1000 for IP 10.30.4.91: no connection to modbus server
[2025-03-01T02:48:33.438Z] Error reading actual data: no connection to modbus server
[2025-03-01T02:48:33.452Z] Error writing to Modbus register: no connection to modbus server
[2025-03-01T02:48:34.439Z] Error reading register 3105 for IP 10.30.4.91: no connection to modbus server
[2025-03-01T02:48:34.439Z] ❌ Error reading register 1000 for IP 10.30.4.91: no connection to modbus server
[2025-03-01T02:48:34.439Z] Error reading actual data: no connection to modbus server
[2025-03-01T02:48:34.454Z] Error writing to Modbus register: no connection to modbus server
[2025-03-01T02:48:35.444Z] ❌ Error reading register 1000 for IP 10.30.4.91: no connection to modbus server
[2025-03-01T02:48:35.443Z] Error reading register 3105 for IP 10.30.4.91: no connection to modbus server
[2025-03-01T02:48:35.444Z] Error reading actual data: no connection to modbus server
[2025-03-01T02:48:35.459Z] Error writing to Modbus register: no connection to modbus server
[2025-03-01T02:48:36.454Z] Error reading register 3105 for IP 10.30.4.91: no connection to modbus server
[2025-03-01T02:48:36.454Z] ❌ Error reading register 1000 for IP 10.30.4.91: no connection to modbus server
[2025-03-01T02:48:36.454Z] Error reading actual data: no connection to modbus server
[2025-03-01T02:48:36.469Z] Error writing to Modbus register: no connection to modbus server
[2025-03-01T02:48:37.453Z] Error reading register 3105 for IP 10.30.4.91: no connection to modbus server
[2025-03-01T02:48:37.454Z] ❌ Error reading register 1000 for IP 10.30.4.91: no connection to modbus server
[2025-03-01T02:48:37.454Z] Error reading actual data: no connection to modbus server
[2025-03-01T02:48:37.469Z] Error writing to Modbus register: no connection to modbus server
[2025-03-01T02:48:38.454Z] Error reading register 3105 for IP 10.30.4.91: no connection to modbus server
[2025-03-01T02:48:38.454Z] ❌ Error reading register 1000 for IP 10.30.4.91: no connection to modbus server
[2025-03-01T02:48:38.454Z] Error reading actual data: no connection to modbus server
[2025-03-01T02:48:38.468Z] Error writing to Modbus register: no connection to modbus server
[2025-03-01T02:48:39.464Z] ❌ Error reading register 1000 for IP 10.30.4.91: no connection to modbus server
[2025-03-01T02:48:39.464Z] Error reading actual data: no connection to modbus server
[2025-03-01T02:48:39.463Z] Error reading register 3105 for IP 10.30.4.91: no connection to modbus server
[2025-03-01T02:48:39.469Z] Error writing to Modbus register: no connection to modbus server
[2025-03-01T02:48:40.464Z] ❌ Error reading register 1000 for IP 10.30.4.91: no connection to modbus server
[2025-03-01T02:48:40.464Z] Error reading actual data: no connection to modbus server
[2025-03-01T02:48:40.464Z] Error reading register 3105 for IP 10.30.4.91: no connection to modbus server
[2025-03-01T02:48:40.468Z] Error writing to Modbus register: no connection to modbus server
[2025-03-01T02:48:41.463Z] Error reading register 3105 for IP 10.30.4.91: no connection to modbus server
[2025-03-01T02:48:41.463Z] ❌ Error reading register 1000 for IP 10.30.4.91: no connection to modbus server
[2025-03-01T02:48:41.463Z] Error reading actual data: no connection to modbus server
[2025-03-01T02:48:41.469Z] Error writing to Modbus register: no connection to modbus server
[2025-03-01T02:48:42.464Z] Error reading register 3105 for IP 10.30.4.91: no connection to modbus server
[2025-03-01T02:48:42.464Z] ❌ Error reading register 1000 for IP 10.30.4.91: no connection to modbus server
[2025-03-01T02:48:42.464Z] Error reading actual data: no connection to modbus server
[2025-03-01T02:48:42.475Z] Error writing to Modbus register: no connection to modbus server
[2025-03-01T02:48:43.464Z] ❌ Error reading register 1000 for IP 10.30.4.91: no connection to modbus server
[2025-03-01T02:48:43.464Z] Error reading register 3105 for IP 10.30.4.91: no connection to modbus server
[2025-03-01T02:48:43.464Z] Error reading actual data: no connection to modbus server
[2025-03-01T02:48:43.476Z] Error writing to Modbus register: no connection to modbus server
[2025-03-01T02:48:44.469Z] Error reading register 3105 for IP 10.30.4.91: no connection to modbus server
[2025-03-01T02:48:44.469Z] ❌ Error reading register 1000 for IP 10.30.4.91: no connection to modbus server
[2025-03-01T02:48:44.469Z] Error reading actual data: no connection to modbus server
[2025-03-01T02:48:44.485Z] Error writing to Modbus register: no connection to modbus server
[2025-03-01T02:48:45.468Z] ❌ Error reading register 1000 for IP 10.30.4.91: no connection to modbus server
[2025-03-01T02:48:45.468Z] Error reading register 3105 for IP 10.30.4.91: no connection to modbus server
[2025-03-01T02:48:45.468Z] Error reading actual data: no connection to modbus server
[2025-03-01T02:48:45.485Z] Error writing to Modbus register: no connection to modbus server
[2025-03-01T02:48:46.476Z] Error reading register 3105 for IP 10.30.4.91: no connection to modbus server
[2025-03-01T02:48:46.476Z] ❌ Error reading register 1000 for IP 10.30.4.91: no connection to modbus server
[2025-03-01T02:48:46.476Z] Error reading actual data: no connection to modbus server
[2025-03-01T02:48:46.485Z] Error writing to Modbus register: no connection to modbus server
[2025-03-01T02:48:47.475Z] Error reading register 3105 for IP 10.30.4.91: no connection to modbus server
[2025-03-01T02:48:47.475Z] ❌ Error reading register 1000 for IP 10.30.4.91: no connection to modbus server
[2025-03-01T02:48:47.475Z] Error reading actual data: no connection to modbus server
[2025-03-01T02:48:47.484Z] Error writing to Modbus register: no connection to modbus server
[2025-03-01T02:48:48.485Z] Error reading register 3105 for IP 10.30.4.91: no connection to modbus server
[2025-03-01T02:48:48.485Z] ❌ Error reading register 1000 for IP 10.30.4.91: no connection to modbus server
[2025-03-01T02:48:48.486Z] Error writing to Modbus register: no connection to modbus server
[2025-03-01T02:48:48.485Z] Error reading actual data: no connection to modbus server
[2025-03-01T02:48:49.485Z] Error reading register 3105 for IP 10.30.4.91: no connection to modbus server
[2025-03-01T02:48:49.485Z] ❌ Error reading register 1000 for IP 10.30.4.91: no connection to modbus server
[2025-03-01T02:48:49.485Z] Error reading actual data: no connection to modbus server
[2025-03-01T02:48:49.488Z] Error writing to Modbus register: no connection to modbus server
[2025-03-01T02:48:50.485Z] Error reading register 3105 for IP 10.30.4.91: no connection to modbus server
[2025-03-01T02:48:50.485Z] ❌ Error reading register 1000 for IP 10.30.4.91: no connection to modbus server
[2025-03-01T02:48:50.485Z] Error reading actual data: no connection to modbus server
[2025-03-01T02:48:50.507Z] Error writing to Modbus register: no connection to modbus server
[2025-03-01T02:48:51.503Z] ❌ Error reading register 1000 for IP 10.30.4.91: no connection to modbus server
[2025-03-01T02:48:51.503Z] Error reading actual data: no connection to modbus server
[2025-03-01T02:48:51.503Z] Error reading register 3105 for IP 10.30.4.91: no connection to modbus server
[2025-03-01T02:48:51.506Z] Error writing to Modbus register: no connection to modbus server
[2025-03-01T02:48:52.525Z] Error reading register 3105 for IP 10.30.4.91: no connection to modbus server
[2025-03-01T02:48:52.525Z] ❌ Error reading register 1000 for IP 10.30.4.91: no connection to modbus server
[2025-03-01T02:48:52.526Z] Error reading actual data: no connection to modbus server
[2025-03-01T02:48:52.526Z] Error writing to Modbus register: no connection to modbus server
[2025-03-01T02:48:53.525Z] ❌ Error reading register 1000 for IP 10.30.4.91: no connection to modbus server
[2025-03-01T02:48:53.526Z] Error writing to Modbus register: no connection to modbus server
[2025-03-01T02:48:53.525Z] Error reading register 3105 for IP 10.30.4.91: no connection to modbus server
[2025-03-01T02:48:53.526Z] Error reading actual data: no connection to modbus server
[2025-03-01T02:48:54.556Z] Error reading register 3105 for IP 10.30.4.91: no connection to modbus server
[2025-03-01T02:48:54.556Z] ❌ Error reading register 1000 for IP 10.30.4.91: no connection to modbus server
[2025-03-01T02:48:54.556Z] Error reading actual data: no connection to modbus server
[2025-03-01T02:48:54.556Z] Error writing to Modbus register: no connection to modbus server
[2025-03-01T02:48:55.556Z] ❌ Error reading register 1000 for IP 10.30.4.91: no connection to modbus server
[2025-03-01T02:48:55.556Z] Error reading register 3105 for IP 10.30.4.91: no connection to modbus server
[2025-03-01T02:48:55.556Z] Error reading actual data: no connection to modbus server
[2025-03-01T02:48:55.557Z] Error writing to Modbus register: no connection to modbus server
[2025-03-01T02:48:56.559Z] Error reading register 3105 for IP 10.30.4.91: no connection to modbus server
[2025-03-01T02:48:56.560Z] ❌ Error reading register 1000 for IP 10.30.4.91: no connection to modbus server
[2025-03-01T02:48:56.560Z] Error reading actual data: no connection to modbus server
[2025-03-01T02:48:56.560Z] Error writing to Modbus register: no connection to modbus server
[2025-03-01T02:48:57.587Z] Error reading register 3105 for IP 10.30.4.91: no connection to modbus server
[2025-03-01T02:48:57.587Z] ❌ Error reading register 1000 for IP 10.30.4.91: no connection to modbus server
[2025-03-01T02:48:57.588Z] Error reading actual data: no connection to modbus server
[2025-03-01T02:48:57.588Z] Error writing to Modbus register: no connection to modbus server
[2025-03-01T02:48:58.587Z] Error reading register 3105 for IP 10.30.4.91: no connection to modbus server
[2025-03-01T02:48:58.587Z] ❌ Error reading register 1000 for IP 10.30.4.91: no connection to modbus server
[2025-03-01T02:48:58.587Z] Error reading actual data: no connection to modbus server
[2025-03-01T02:48:58.588Z] Error writing to Modbus register: no connection to modbus server
[2025-03-01T02:48:59.588Z] Error reading register 3105 for IP 10.30.4.91: no connection to modbus server
[2025-03-01T02:48:59.588Z] ❌ Error reading register 1000 for IP 10.30.4.91: no connection to modbus server
[2025-03-01T02:48:59.588Z] Error reading actual data: no connection to modbus server
[2025-03-01T02:48:59.589Z] Error writing to Modbus register: no connection to modbus server
[2025-03-01T02:49:00.595Z] Error reading register 3105 for IP 10.30.4.91: no connection to modbus server
[2025-03-01T02:49:00.596Z] ❌ Error reading register 1000 for IP 10.30.4.91: no connection to modbus server
[2025-03-01T02:49:00.596Z] Error reading actual data: no connection to modbus server
[2025-03-01T02:49:00.596Z] Error writing to Modbus register: no connection to modbus server
[2025-03-01T02:49:01.596Z] Error reading register 3105 for IP 10.30.4.91: no connection to modbus server
[2025-03-01T02:49:01.596Z] ❌ Error reading register 1000 for IP 10.30.4.91: no connection to modbus server
[2025-03-01T02:49:01.597Z] Error writing to Modbus register: no connection to modbus server
[2025-03-01T02:49:01.597Z] Error reading actual data: no connection to modbus server
[2025-03-01T02:49:02.605Z] Error reading register 3105 for IP 10.30.4.91: no connection to modbus server
[2025-03-01T02:49:02.605Z] ❌ Error reading register 1000 for IP 10.30.4.91: no connection to modbus server
[2025-03-01T02:49:02.605Z] Error reading actual data: no connection to modbus server
[2025-03-01T02:49:02.605Z] Error writing to Modbus register: no connection to modbus server
[2025-03-01T02:49:03.605Z] Error reading register 3105 for IP 10.30.4.91: no connection to modbus server
[2025-03-01T02:49:03.605Z] ❌ Error reading register 1000 for IP 10.30.4.91: no connection to modbus server
[2025-03-01T02:49:03.605Z] Error reading actual data: no connection to modbus server
[2025-03-01T02:49:03.606Z] Error writing to Modbus register: no connection to modbus server
[2025-03-01T02:49:04.591Z] Error reading register 3105 for IP 10.30.4.91: no connection to modbus server
[2025-03-01T02:49:04.591Z] ❌ Error reading register 1000 for IP 10.30.4.91: no connection to modbus server
[2025-03-01T02:49:04.591Z] Error reading actual data: no connection to modbus server
[2025-03-01T02:49:04.594Z] Error writing to Modbus register: no connection to modbus server
[2025-03-01T02:49:05.591Z] Error reading register 3105 for IP 10.30.4.91: no connection to modbus server
[2025-03-01T02:49:05.591Z] ❌ Error reading register 1000 for IP 10.30.4.91: no connection to modbus server
[2025-03-01T02:49:05.591Z] Error reading actual data: no connection to modbus server
[2025-03-01T02:49:05.594Z] Error writing to Modbus register: no connection to modbus server
[2025-03-01T02:49:06.605Z] Error reading register 3105 for IP 10.30.4.91: no connection to modbus server
[2025-03-01T02:49:06.605Z] ❌ Error reading register 1000 for IP 10.30.4.91: no connection to modbus server
[2025-03-01T02:49:06.605Z] Error reading actual data: no connection to modbus server
[2025-03-01T02:49:06.629Z] Error writing to Modbus register: no connection to modbus server
[2025-03-01T02:49:07.605Z] Error reading register 3105 for IP 10.30.4.91: no connection to modbus server
[2025-03-01T02:49:07.605Z] ❌ Error reading register 1000 for IP 10.30.4.91: no connection to modbus server
[2025-03-01T02:49:07.605Z] Error reading actual data: no connection to modbus server
[2025-03-01T02:49:07.628Z] Error writing to Modbus register: no connection to modbus server
[2025-03-01T02:49:08.610Z] Error reading register 3105 for IP 10.30.4.91: no connection to modbus server
[2025-03-01T02:49:08.610Z] ❌ Error reading register 1000 for IP 10.30.4.91: no connection to modbus server
[2025-03-01T02:49:08.610Z] Error reading actual data: no connection to modbus server
[2025-03-01T02:49:08.629Z] Error writing to Modbus register: no connection to modbus server
[2025-03-01T02:49:09.610Z] Error reading register 3105 for IP 10.30.4.91: no connection to modbus server
[2025-03-01T02:49:09.611Z] ❌ Error reading register 1000 for IP 10.30.4.91: no connection to modbus server
[2025-03-01T02:49:09.611Z] Error reading actual data: no connection to modbus server
[2025-03-01T02:49:09.629Z] Error writing to Modbus register: no connection to modbus server
[2025-03-01T02:49:10.625Z] Error reading register 3105 for IP 10.30.4.91: no connection to modbus server
[2025-03-01T02:49:10.625Z] ❌ Error reading register 1000 for IP 10.30.4.91: no connection to modbus server
[2025-03-01T02:49:10.625Z] Error reading actual data: no connection to modbus server
[2025-03-01T02:49:10.642Z] Error writing to Modbus register: no connection to modbus server
[2025-03-01T02:49:11.626Z] Error reading register 3105 for IP 10.30.4.91: no connection to modbus server
[2025-03-01T02:49:11.626Z] ❌ Error reading register 1000 for IP 10.30.4.91: no connection to modbus server
[2025-03-01T02:49:11.626Z] Error reading actual data: no connection to modbus server
[2025-03-01T02:49:11.643Z] Error writing to Modbus register: no connection to modbus server
[2025-03-01T02:49:12.634Z] Error reading register 3105 for IP 10.30.4.91: no connection to modbus server
[2025-03-01T02:49:12.634Z] ❌ Error reading register 1000 for IP 10.30.4.91: no connection to modbus server
[2025-03-01T02:49:12.634Z] Error reading actual data: no connection to modbus server
[2025-03-01T02:49:12.657Z] Error writing to Modbus register: no connection to modbus server
[2025-03-01T02:49:13.639Z] Error reading register 3105 for IP 10.30.4.91: no connection to modbus server
[2025-03-01T02:49:13.639Z] ❌ Error reading register 1000 for IP 10.30.4.91: no connection to modbus server
[2025-03-01T02:49:13.639Z] Error reading actual data: no connection to modbus server
[2025-03-01T02:49:13.671Z] Error writing to Modbus register: no connection to modbus server
[2025-03-01T02:49:14.640Z] Error reading register 3105 for IP 10.30.4.91: no connection to modbus server
[2025-03-01T02:49:14.640Z] ❌ Error reading register 1000 for IP 10.30.4.91: no connection to modbus server
[2025-03-01T02:49:14.640Z] Error reading actual data: no connection to modbus server
[2025-03-01T02:49:14.678Z] Error writing to Modbus register: no connection to modbus server
[2025-03-01T02:49:15.640Z] Error reading register 3105 for IP 10.30.4.91: no connection to modbus server
[2025-03-01T02:49:15.640Z] ❌ Error reading register 1000 for IP 10.30.4.91: no connection to modbus server
[2025-03-01T02:49:15.640Z] Error reading actual data: no connection to modbus server
[2025-03-01T02:49:15.696Z] Error writing to Modbus register: no connection to modbus server
[2025-03-01T02:49:16.657Z] Error reading register 3105 for IP 10.30.4.91: no connection to modbus server
[2025-03-01T02:49:16.657Z] ❌ Error reading register 1000 for IP 10.30.4.91: no connection to modbus server
[2025-03-01T02:49:16.657Z] Error reading actual data: no connection to modbus server
[2025-03-01T02:49:16.696Z] Error writing to Modbus register: no connection to modbus server
[2025-03-01T02:49:17.658Z] Error reading register 3105 for IP 10.30.4.91: no connection to modbus server
[2025-03-01T02:49:17.658Z] ❌ Error reading register 1000 for IP 10.30.4.91: no connection to modbus server
[2025-03-01T02:49:17.658Z] Error reading actual data: no connection to modbus server
[2025-03-01T02:49:17.696Z] Error writing to Modbus register: no connection to modbus server
[2025-03-01T02:49:18.666Z] Error reading register 3105 for IP 10.30.4.91: no connection to modbus server
[2025-03-01T02:49:18.666Z] ❌ Error reading register 1000 for IP 10.30.4.91: no connection to modbus server
[2025-03-01T02:49:18.666Z] Error reading actual data: no connection to modbus server
[2025-03-01T02:49:18.710Z] Error writing to Modbus register: no connection to modbus server
[2025-03-01T02:49:19.675Z] Error reading register 3105 for IP 10.30.4.91: no connection to modbus server
[2025-03-01T02:49:19.675Z] ❌ Error reading register 1000 for IP 10.30.4.91: no connection to modbus server
[2025-03-01T02:49:19.675Z] Error reading actual data: no connection to modbus server
[2025-03-01T02:49:19.710Z] Error writing to Modbus register: no connection to modbus server
[2025-03-01T02:49:20.675Z] Error reading register 3105 for IP 10.30.4.91: no connection to modbus server
[2025-03-01T02:49:20.675Z] ❌ Error reading register 1000 for IP 10.30.4.91: no connection to modbus server
[2025-03-01T02:49:20.675Z] Error reading actual data: no connection to modbus server
[2025-03-01T02:49:20.711Z] Error writing to Modbus register: no connection to modbus server
[2025-03-01T02:49:21.681Z] Error reading register 3105 for IP 10.30.4.91: no connection to modbus server
[2025-03-01T02:49:21.681Z] ❌ Error reading register 1000 for IP 10.30.4.91: no connection to modbus server
[2025-03-01T02:49:21.681Z] Error reading actual data: no connection to modbus server
[2025-03-01T02:49:21.717Z] Error writing to Modbus register: no connection to modbus server
[2025-03-01T02:49:22.686Z] Error reading register 3105 for IP 10.30.4.91: no connection to modbus server
[2025-03-01T02:49:22.686Z] ❌ Error reading register 1000 for IP 10.30.4.91: no connection to modbus server
[2025-03-01T02:49:22.686Z] Error reading actual data: no connection to modbus server
[2025-03-01T02:49:22.717Z] Error writing to Modbus register: no connection to modbus server
[2025-03-01T02:49:23.708Z] Error reading register 3105 for IP 10.30.4.91: no connection to modbus server
[2025-03-01T02:49:23.708Z] ❌ Error reading register 1000 for IP 10.30.4.91: no connection to modbus server
[2025-03-01T02:49:23.708Z] Error reading actual data: no connection to modbus server
[2025-03-01T02:49:23.721Z] Error writing to Modbus register: no connection to modbus server
[2025-03-01T02:49:24.708Z] Error reading register 3105 for IP 10.30.4.91: no connection to modbus server
[2025-03-01T02:49:24.708Z] ❌ Error reading register 1000 for IP 10.30.4.91: no connection to modbus server
[2025-03-01T02:49:24.708Z] Error reading actual data: no connection to modbus server
[2025-03-01T02:49:24.721Z] Error writing to Modbus register: no connection to modbus server
[2025-03-01T02:49:25.721Z] Error reading register 3105 for IP 10.30.4.91: no connection to modbus server
[2025-03-01T02:49:25.721Z] ❌ Error reading register 1000 for IP 10.30.4.91: no connection to modbus server
[2025-03-01T02:49:25.722Z] Error reading actual data: no connection to modbus server
[2025-03-01T02:49:25.746Z] Error writing to Modbus register: no connection to modbus server
[2025-03-01T02:49:26.724Z] Error reading register 3105 for IP 10.30.4.91: no connection to modbus server
[2025-03-01T02:49:26.724Z] ❌ Error reading register 1000 for IP 10.30.4.91: no connection to modbus server
[2025-03-01T02:49:26.724Z] Error reading actual data: no connection to modbus server
[2025-03-01T02:49:26.746Z] Error writing to Modbus register: no connection to modbus server
[2025-03-01T02:49:27.763Z] ❌ Error reading register 1000 for IP 10.30.4.91: no connection to modbus server
[2025-03-01T02:49:27.763Z] Error reading register 3105 for IP 10.30.4.91: no connection to modbus server
[2025-03-01T02:49:27.763Z] Error reading actual data: no connection to modbus server
[2025-03-01T02:49:27.764Z] Error writing to Modbus register: no connection to modbus server
[2025-03-01T02:49:28.763Z] Error reading register 3105 for IP 10.30.4.91: no connection to modbus server
[2025-03-01T02:49:28.763Z] ❌ Error reading register 1000 for IP 10.30.4.91: no connection to modbus server
[2025-03-01T02:49:28.763Z] Error reading actual data: no connection to modbus server
[2025-03-01T02:49:28.764Z] Error writing to Modbus register: no connection to modbus server
[2025-03-01T02:49:29.770Z] Error reading register 3105 for IP 10.30.4.91: no connection to modbus server
[2025-03-01T02:49:29.770Z] ❌ Error reading register 1000 for IP 10.30.4.91: no connection to modbus server
[2025-03-01T02:49:29.770Z] Error reading actual data: no connection to modbus server
[2025-03-01T02:49:29.771Z] Error writing to Modbus register: no connection to modbus server
[2025-03-01T02:49:30.770Z] ❌ Error reading register 1000 for IP 10.30.4.91: no connection to modbus server
[2025-03-01T02:49:30.770Z] Error reading register 3105 for IP 10.30.4.91: no connection to modbus server
[2025-03-01T02:49:30.770Z] Error reading actual data: no connection to modbus server
[2025-03-01T02:49:30.771Z] Error writing to Modbus register: no connection to modbus server
[2025-03-01T02:49:31.781Z] Error reading register 3105 for IP 10.30.4.91: no connection to modbus server
[2025-03-01T02:49:31.781Z] ❌ Error reading register 1000 for IP 10.30.4.91: no connection to modbus server
[2025-03-01T02:49:31.781Z] Error writing to Modbus register: no connection to modbus server
[2025-03-01T02:49:31.781Z] Error reading actual data: no connection to modbus server
[2025-03-01T02:49:32.781Z] Error reading register 3105 for IP 10.30.4.91: no connection to modbus server
[2025-03-01T02:49:32.782Z] ❌ Error reading register 1000 for IP 10.30.4.91: no connection to modbus server
[2025-03-01T02:49:32.782Z] Error writing to Modbus register: no connection to modbus server
[2025-03-01T02:49:32.782Z] Error reading actual data: no connection to modbus server
[2025-03-01T02:49:33.782Z] Error reading register 3105 for IP 10.30.4.91: no connection to modbus server
[2025-03-01T02:49:33.782Z] ❌ Error reading register 1000 for IP 10.30.4.91: no connection to modbus server
[2025-03-01T02:49:33.782Z] Error reading actual data: no connection to modbus server
[2025-03-01T02:49:33.783Z] Error writing to Modbus register: no connection to modbus server
[2025-03-01T02:49:34.784Z] Error reading register 3105 for IP 10.30.4.91: no connection to modbus server
[2025-03-01T02:49:34.785Z] ❌ Error reading register 1000 for IP 10.30.4.91: no connection to modbus server
[2025-03-01T02:49:34.785Z] Error writing to Modbus register: no connection to modbus server
[2025-03-01T02:49:34.785Z] Error reading actual data: no connection to modbus server
[2025-03-01T02:49:35.813Z] Error reading register 3105 for IP 10.30.4.91: no connection to modbus server
[2025-03-01T02:49:35.814Z] ❌ Error reading register 1000 for IP 10.30.4.91: no connection to modbus server
[2025-03-01T02:49:35.814Z] Error writing to Modbus register: no connection to modbus server
[2025-03-01T02:49:35.814Z] Error reading actual data: no connection to modbus server
[2025-03-01T02:49:36.813Z] Error reading register 3105 for IP 10.30.4.91: no connection to modbus server
[2025-03-01T02:49:36.813Z] ❌ Error reading register 1000 for IP 10.30.4.91: no connection to modbus server
[2025-03-01T02:49:36.813Z] Error reading actual data: no connection to modbus server
[2025-03-01T02:49:36.813Z] Error writing to Modbus register: no connection to modbus server
[2025-03-01T02:49:37.832Z] Error reading register 3105 for IP 10.30.4.91: no connection to modbus server
[2025-03-01T02:49:37.833Z] ❌ Error reading register 1000 for IP 10.30.4.91: no connection to modbus server
[2025-03-01T02:49:37.833Z] Error writing to Modbus register: no connection to modbus server
[2025-03-01T02:49:37.833Z] Error reading actual data: no connection to modbus server
[2025-03-01T02:49:38.832Z] Error reading register 3105 for IP 10.30.4.91: no connection to modbus server
[2025-03-01T02:49:38.832Z] ❌ Error reading register 1000 for IP 10.30.4.91: no connection to modbus server
[2025-03-01T02:49:38.832Z] Error reading actual data: no connection to modbus server
[2025-03-01T02:49:38.833Z] Error writing to Modbus register: no connection to modbus server
[2025-03-01T02:49:39.838Z] ❌ Error reading register 1000 for IP 10.30.4.91: no connection to modbus server
[2025-03-01T02:49:39.838Z] Error reading register 3105 for IP 10.30.4.91: no connection to modbus server
[2025-03-01T02:49:39.838Z] Error reading actual data: no connection to modbus server
[2025-03-01T02:49:39.838Z] Error writing to Modbus register: no connection to modbus server
[2025-03-01T02:49:40.839Z] Error reading register 3105 for IP 10.30.4.91: no connection to modbus server
[2025-03-01T02:49:40.839Z] ❌ Error reading register 1000 for IP 10.30.4.91: no connection to modbus server
[2025-03-01T02:49:40.839Z] Error reading actual data: no connection to modbus server
[2025-03-01T02:49:40.841Z] Error writing to Modbus register: no connection to modbus server
[2025-03-01T02:49:41.865Z] ❌ Error reading register 1000 for IP 10.30.4.91: no connection to modbus server
[2025-03-01T02:49:41.865Z] Error reading register 3105 for IP 10.30.4.91: no connection to modbus server
[2025-03-01T02:49:41.865Z] Error reading actual data: no connection to modbus server
[2025-03-01T02:49:41.866Z] Error writing to Modbus register: no connection to modbus server
[2025-03-01T02:49:42.865Z] Error reading register 3105 for IP 10.30.4.91: no connection to modbus server
[2025-03-01T02:49:42.865Z] ❌ Error reading register 1000 for IP 10.30.4.91: no connection to modbus server
[2025-03-01T02:49:42.865Z] Error reading actual data: no connection to modbus server
[2025-03-01T02:49:42.867Z] Error writing to Modbus register: no connection to modbus server
[2025-03-01T02:49:43.872Z] Error reading register 3105 for IP 10.30.4.91: no connection to modbus server
[2025-03-01T02:49:43.872Z] ❌ Error reading register 1000 for IP 10.30.4.91: no connection to modbus server
[2025-03-01T02:49:43.872Z] Error reading actual data: no connection to modbus server
[2025-03-01T02:49:43.873Z] Error writing to Modbus register: no connection to modbus server
[2025-03-01T02:49:44.873Z] Error reading register 3105 for IP 10.30.4.91: no connection to modbus server
[2025-03-01T02:49:44.873Z] ❌ Error reading register 1000 for IP 10.30.4.91: no connection to modbus server
[2025-03-01T02:49:44.873Z] Error writing to Modbus register: no connection to modbus server
[2025-03-01T02:49:44.873Z] Error reading actual data: no connection to modbus server
[2025-03-01T02:49:45.895Z] Error reading register 3105 for IP 10.30.4.91: no connection to modbus server
[2025-03-01T02:49:45.895Z] ❌ Error reading register 1000 for IP 10.30.4.91: no connection to modbus server
[2025-03-01T02:49:45.895Z] Error reading actual data: no connection to modbus server
[2025-03-01T02:49:45.896Z] Error writing to Modbus register: no connection to modbus server
[2025-03-01T02:49:46.895Z] Error reading register 3105 for IP 10.30.4.91: no connection to modbus server
[2025-03-01T02:49:46.895Z] ❌ Error reading register 1000 for IP 10.30.4.91: no connection to modbus server
[2025-03-01T02:49:46.895Z] Error reading actual data: no connection to modbus server
[2025-03-01T02:49:46.896Z] Error writing to Modbus register: no connection to modbus server
[2025-03-01T02:49:47.896Z] Error reading register 3105 for IP 10.30.4.91: no connection to modbus server
[2025-03-01T02:49:47.896Z] ❌ Error reading register 1000 for IP 10.30.4.91: no connection to modbus server
[2025-03-01T02:49:47.896Z] Error reading actual data: no connection to modbus server
[2025-03-01T02:49:47.897Z] Error writing to Modbus register: no connection to modbus server
[2025-03-01T02:49:48.895Z] Error reading register 3105 for IP 10.30.4.91: no connection to modbus server
[2025-03-01T02:49:48.895Z] ❌ Error reading register 1000 for IP 10.30.4.91: no connection to modbus server
[2025-03-01T02:49:48.895Z] Error reading actual data: no connection to modbus server
[2025-03-01T02:49:48.898Z] Error writing to Modbus register: no connection to modbus server
[2025-03-01T02:49:49.911Z] Error reading register 3105 for IP 10.30.4.91: no connection to modbus server
[2025-03-01T02:49:49.911Z] ❌ Error reading register 1000 for IP 10.30.4.91: no connection to modbus server
[2025-03-01T02:49:49.912Z] Error writing to Modbus register: no connection to modbus server
[2025-03-01T02:49:49.911Z] Error reading actual data: no connection to modbus server
[2025-03-01T02:49:50.912Z] Error reading register 3105 for IP 10.30.4.91: no connection to modbus server
[2025-03-01T02:49:50.912Z] ❌ Error reading register 1000 for IP 10.30.4.91: no connection to modbus server
[2025-03-01T02:49:50.912Z] Error reading actual data: no connection to modbus server
[2025-03-01T02:49:50.912Z] Error writing to Modbus register: no connection to modbus server
[2025-03-01T02:49:51.927Z] Error reading register 3105 for IP 10.30.4.91: no connection to modbus server
[2025-03-01T02:49:51.927Z] ❌ Error reading register 1000 for IP 10.30.4.91: no connection to modbus server
[2025-03-01T02:49:51.928Z] Error writing to Modbus register: no connection to modbus server
[2025-03-01T02:49:51.928Z] Error reading actual data: no connection to modbus server
[2025-03-01T02:49:52.927Z] Error reading register 3105 for IP 10.30.4.91: no connection to modbus server
[2025-03-01T02:49:52.927Z] ❌ Error reading register 1000 for IP 10.30.4.91: no connection to modbus server
[2025-03-01T02:49:52.927Z] Error reading actual data: no connection to modbus server
[2025-03-01T02:49:52.928Z] Error writing to Modbus register: no connection to modbus server
[2025-03-01T02:49:53.935Z] Error reading register 3105 for IP 10.30.4.91: no connection to modbus server
[2025-03-01T02:49:53.935Z] ❌ Error reading register 1000 for IP 10.30.4.91: no connection to modbus server
[2025-03-01T02:49:53.935Z] Error reading actual data: no connection to modbus server
[2025-03-01T02:49:53.936Z] Error writing to Modbus register: no connection to modbus server
[2025-03-01T02:49:54.944Z] Error reading register 3105 for IP 10.30.4.91: no connection to modbus server
[2025-03-01T02:49:54.944Z] ❌ Error reading register 1000 for IP 10.30.4.91: no connection to modbus server
[2025-03-01T02:49:54.944Z] Error writing to Modbus register: no connection to modbus server
[2025-03-01T02:49:54.944Z] Error reading actual data: no connection to modbus server
[2025-03-01T02:49:55.945Z] Error reading register 3105 for IP 10.30.4.91: no connection to modbus server
[2025-03-01T02:49:55.945Z] Error reading actual data: no connection to modbus server
[2025-03-01T02:49:55.946Z] Error writing to Modbus register: no connection to modbus server
[2025-03-01T02:49:55.945Z] ❌ Error reading register 1000 for IP 10.30.4.91: no connection to modbus server
[2025-03-01T02:49:56.952Z] Error reading register 3105 for IP 10.30.4.91: no connection to modbus server
[2025-03-01T02:49:56.953Z] Error writing to Modbus register: no connection to modbus server
[2025-03-01T02:49:56.952Z] Error reading actual data: no connection to modbus server
[2025-03-01T02:49:56.952Z] ❌ Error reading register 1000 for IP 10.30.4.91: no connection to modbus server
[2025-03-01T02:49:57.952Z] Error reading register 3105 for IP 10.30.4.91: no connection to modbus server
[2025-03-01T02:49:57.952Z] ❌ Error reading register 1000 for IP 10.30.4.91: no connection to modbus server
[2025-03-01T02:49:57.952Z] Error reading actual data: no connection to modbus server
[2025-03-01T02:49:57.957Z] Error writing to Modbus register: no connection to modbus server
[2025-03-01T02:49:58.959Z] Error reading register 3105 for IP 10.30.4.91: no connection to modbus server
[2025-03-01T02:49:58.959Z] ❌ Error reading register 1000 for IP 10.30.4.91: no connection to modbus server
[2025-03-01T02:49:58.959Z] Error reading actual data: no connection to modbus server
[2025-03-01T02:49:58.982Z] Error writing to Modbus register: no connection to modbus server
[2025-03-01T02:49:59.959Z] Error reading register 3105 for IP 10.30.4.91: no connection to modbus server
[2025-03-01T02:49:59.959Z] ❌ Error reading register 1000 for IP 10.30.4.91: no connection to modbus server
[2025-03-01T02:49:59.959Z] Error reading actual data: no connection to modbus server
[2025-03-01T02:49:59.982Z] Error writing to Modbus register: no connection to modbus server
[2025-03-01T02:50:00.958Z] Error reading register 3105 for IP 10.30.4.91: no connection to modbus server
[2025-03-01T02:50:00.958Z] ❌ Error reading register 1000 for IP 10.30.4.91: no connection to modbus server
[2025-03-01T02:50:00.958Z] Error reading actual data: no connection to modbus server
[2025-03-01T02:50:00.983Z] Error writing to Modbus register: no connection to modbus server
[2025-03-01T02:50:01.958Z] Error reading register 3105 for IP 10.30.4.91: no connection to modbus server
[2025-03-01T02:50:01.958Z] ❌ Error reading register 1000 for IP 10.30.4.91: no connection to modbus server
[2025-03-01T02:50:01.958Z] Error reading actual data: no connection to modbus server
[2025-03-01T02:50:01.992Z] Error writing to Modbus register: no connection to modbus server
[2025-03-01T02:50:02.966Z] Error reading register 3105 for IP 10.30.4.91: no connection to modbus server
[2025-03-01T02:50:02.966Z] ❌ Error reading register 1000 for IP 10.30.4.91: no connection to modbus server
[2025-03-01T02:50:02.966Z] Error reading actual data: no connection to modbus server
[2025-03-01T02:50:02.992Z] Error writing to Modbus register: no connection to modbus server
[2025-03-01T02:50:03.970Z] Error reading register 3105 for IP 10.30.4.91: no connection to modbus server
[2025-03-01T02:50:03.970Z] ❌ Error reading register 1000 for IP 10.30.4.91: no connection to modbus server
[2025-03-01T02:50:03.970Z] Error reading actual data: no connection to modbus server
[2025-03-01T02:50:03.992Z] Error writing to Modbus register: no connection to modbus server
[2025-03-01T02:50:04.978Z] Error reading register 3105 for IP 10.30.4.91: no connection to modbus server
[2025-03-01T02:50:04.978Z] ❌ Error reading register 1000 for IP 10.30.4.91: no connection to modbus server
[2025-03-01T02:50:04.978Z] Error reading actual data: no connection to modbus server
[2025-03-01T02:50:05.001Z] Error writing to Modbus register: no connection to modbus server
[2025-03-01T02:50:05.978Z] ❌ Error reading register 1000 for IP 10.30.4.91: no connection to modbus server
[2025-03-01T02:50:05.978Z] Error reading register 3105 for IP 10.30.4.91: no connection to modbus server
[2025-03-01T02:50:05.979Z] Error reading actual data: no connection to modbus server
[2025-03-01T02:50:06.018Z] Error writing to Modbus register: no connection to modbus server
[2025-03-01T02:50:06.980Z] Error reading register 3105 for IP 10.30.4.91: no connection to modbus server
[2025-03-01T02:50:06.981Z] ❌ Error reading register 1000 for IP 10.30.4.91: no connection to modbus server
[2025-03-01T02:50:06.981Z] Error reading actual data: no connection to modbus server
[2025-03-01T02:50:07.018Z] Error writing to Modbus register: no connection to modbus server
[2025-03-01T02:50:07.981Z] Error reading register 3105 for IP 10.30.4.91: no connection to modbus server
[2025-03-01T02:50:07.982Z] ❌ Error reading register 1000 for IP 10.30.4.91: no connection to modbus server
[2025-03-01T02:50:07.982Z] Error reading actual data: no connection to modbus server
[2025-03-01T02:50:08.027Z] Error writing to Modbus register: no connection to modbus server
[2025-03-01T02:50:08.980Z] Error reading register 3105 for IP 10.30.4.91: no connection to modbus server
[2025-03-01T02:50:08.980Z] ❌ Error reading register 1000 for IP 10.30.4.91: no connection to modbus server
[2025-03-01T02:50:08.980Z] Error reading actual data: no connection to modbus server
[2025-03-01T02:50:09.031Z] Error writing to Modbus register: no connection to modbus server
[2025-03-01T02:50:09.991Z] Error reading register 3105 for IP 10.30.4.91: no connection to modbus server
[2025-03-01T02:50:09.992Z] ❌ Error reading register 1000 for IP 10.30.4.91: no connection to modbus server
[2025-03-01T02:50:09.992Z] Error reading actual data: no connection to modbus server
[2025-03-01T02:50:10.031Z] Error writing to Modbus register: no connection to modbus server
[2025-03-01T02:50:10.998Z] Error reading register 3105 for IP 10.30.4.91: no connection to modbus server
[2025-03-01T02:50:10.999Z] ❌ Error reading register 1000 for IP 10.30.4.91: no connection to modbus server
[2025-03-01T02:50:10.999Z] Error reading actual data: no connection to modbus server
[2025-03-01T02:50:11.033Z] Error writing to Modbus register: no connection to modbus server
[2025-03-01T02:50:12.007Z] Error reading register 3105 for IP 10.30.4.91: no connection to modbus server
[2025-03-01T02:50:12.007Z] ❌ Error reading register 1000 for IP 10.30.4.91: no connection to modbus server
[2025-03-01T02:50:12.007Z] Error reading actual data: no connection to modbus server
[2025-03-01T02:50:12.052Z] Error writing to Modbus register: no connection to modbus server
[2025-03-01T02:50:13.015Z] Error reading register 3105 for IP 10.30.4.91: no connection to modbus server
[2025-03-01T02:50:13.015Z] ❌ Error reading register 1000 for IP 10.30.4.91: no connection to modbus server
[2025-03-01T02:50:13.015Z] Error reading actual data: no connection to modbus server
[2025-03-01T02:50:13.052Z] Error writing to Modbus register: no connection to modbus server
[2025-03-01T02:50:14.014Z] Error reading register 3105 for IP 10.30.4.91: no connection to modbus server
[2025-03-01T02:50:14.015Z] ❌ Error reading register 1000 for IP 10.30.4.91: no connection to modbus server
[2025-03-01T02:50:14.015Z] Error reading actual data: no connection to modbus server
[2025-03-01T02:50:14.053Z] Error writing to Modbus register: no connection to modbus server
[2025-03-01T02:50:15.029Z] Error reading register 3105 for IP 10.30.4.91: no connection to modbus server
[2025-03-01T02:50:15.030Z] ❌ Error reading register 1000 for IP 10.30.4.91: no connection to modbus server
[2025-03-01T02:50:15.030Z] Error reading actual data: no connection to modbus server
[2025-03-01T02:50:15.070Z] Error writing to Modbus register: no connection to modbus server
[2025-03-01T02:50:16.031Z] Error reading register 3105 for IP 10.30.4.91: no connection to modbus server
[2025-03-01T02:50:16.031Z] ❌ Error reading register 1000 for IP 10.30.4.91: no connection to modbus server
[2025-03-01T02:50:16.032Z] Error reading actual data: no connection to modbus server
[2025-03-01T02:50:16.069Z] Error writing to Modbus register: no connection to modbus server
[2025-03-01T02:50:17.029Z] Error reading register 3105 for IP 10.30.4.91: no connection to modbus server
[2025-03-01T02:50:17.029Z] ❌ Error reading register 1000 for IP 10.30.4.91: no connection to modbus server
[2025-03-01T02:50:17.030Z] Error reading actual data: no connection to modbus server
[2025-03-01T02:50:17.083Z] Error writing to Modbus register: no connection to modbus server
[2025-03-01T02:50:18.048Z] Error reading register 3105 for IP 10.30.4.91: no connection to modbus server
[2025-03-01T02:50:18.049Z] ❌ Error reading register 1000 for IP 10.30.4.91: no connection to modbus server
[2025-03-01T02:50:18.049Z] Error reading actual data: no connection to modbus server
[2025-03-01T02:50:18.082Z] Error writing to Modbus register: no connection to modbus server
[2025-03-01T02:50:19.050Z] Error reading register 3105 for IP 10.30.4.91: no connection to modbus server
[2025-03-01T02:50:19.050Z] ❌ Error reading register 1000 for IP 10.30.4.91: no connection to modbus server
[2025-03-01T02:50:19.051Z] Error reading actual data: no connection to modbus server
[2025-03-01T02:50:19.085Z] Error writing to Modbus register: no connection to modbus server
[2025-03-01T02:50:20.065Z] Error reading register 3105 for IP 10.30.4.91: no connection to modbus server
[2025-03-01T02:50:20.065Z] ❌ Error reading register 1000 for IP 10.30.4.91: no connection to modbus server
[2025-03-01T02:50:20.066Z] Error reading actual data: no connection to modbus server
[2025-03-01T02:50:20.096Z] Error writing to Modbus register: no connection to modbus server
[2025-03-01T02:50:21.076Z] Error reading register 3105 for IP 10.30.4.91: no connection to modbus server
[2025-03-01T02:50:21.076Z] ❌ Error reading register 1000 for IP 10.30.4.91: no connection to modbus server
[2025-03-01T02:50:21.076Z] Error reading actual data: no connection to modbus server
[2025-03-01T02:50:21.097Z] Error writing to Modbus register: no connection to modbus server
[2025-03-01T02:50:22.081Z] Error reading register 3105 for IP 10.30.4.91: no connection to modbus server
[2025-03-01T02:50:22.082Z] ❌ Error reading register 1000 for IP 10.30.4.91: no connection to modbus server
[2025-03-01T02:50:22.082Z] Error reading actual data: no connection to modbus server
[2025-03-01T02:50:22.097Z] Error writing to Modbus register: no connection to modbus server
[2025-03-01T02:50:23.082Z] Error reading register 3105 for IP 10.30.4.91: no connection to modbus server
[2025-03-01T02:50:23.082Z] ❌ Error reading register 1000 for IP 10.30.4.91: no connection to modbus server
[2025-03-01T02:50:23.083Z] Error reading actual data: no connection to modbus server
[2025-03-01T02:50:23.098Z] Error writing to Modbus register: no connection to modbus server
[2025-03-01T02:50:24.097Z] Error reading register 3105 for IP 10.30.4.91: no connection to modbus server
[2025-03-01T02:50:24.098Z] ❌ Error reading register 1000 for IP 10.30.4.91: no connection to modbus server
[2025-03-01T02:50:24.098Z] Error reading actual data: no connection to modbus server
[2025-03-01T02:50:24.102Z] Error writing to Modbus register: no connection to modbus server
[2025-03-01T02:50:25.098Z] Error reading register 3105 for IP 10.30.4.91: no connection to modbus server
[2025-03-01T02:50:25.098Z] ❌ Error reading register 1000 for IP 10.30.4.91: no connection to modbus server
[2025-03-01T02:50:25.098Z] Error reading actual data: no connection to modbus server
[2025-03-01T02:50:25.103Z] Error writing to Modbus register: no connection to modbus server
[2025-03-01T02:50:26.104Z] Error reading register 3105 for IP 10.30.4.91: no connection to modbus server
[2025-03-01T02:50:26.105Z] ❌ Error reading register 1000 for IP 10.30.4.91: no connection to modbus server
[2025-03-01T02:50:26.105Z] Error writing to Modbus register: no connection to modbus server
[2025-03-01T02:50:26.105Z] Error reading actual data: no connection to modbus server
[2025-03-01T02:50:27.107Z] Error reading register 3105 for IP 10.30.4.91: no connection to modbus server
[2025-03-01T02:50:27.107Z] ❌ Error reading register 1000 for IP 10.30.4.91: no connection to modbus server
[2025-03-01T02:50:27.107Z] Error reading actual data: no connection to modbus server
[2025-03-01T02:50:27.107Z] Error writing to Modbus register: no connection to modbus server
[2025-03-01T02:50:28.112Z] Error reading register 3105 for IP 10.30.4.91: no connection to modbus server
[2025-03-01T02:50:28.112Z] ❌ Error reading register 1000 for IP 10.30.4.91: no connection to modbus server
[2025-03-01T02:50:28.114Z] Error writing to Modbus register: no connection to modbus server
[2025-03-01T02:50:28.113Z] Error reading actual data: no connection to modbus server
[2025-03-01T02:50:29.114Z] Error reading register 3105 for IP 10.30.4.91: no connection to modbus server
[2025-03-01T02:50:29.115Z] ❌ Error reading register 1000 for IP 10.30.4.91: no connection to modbus server
[2025-03-01T02:50:29.115Z] Error reading actual data: no connection to modbus server
[2025-03-01T02:50:29.123Z] Error writing to Modbus register: no connection to modbus server
[2025-03-01T02:50:30.115Z] Error reading register 3105 for IP 10.30.4.91: no connection to modbus server
[2025-03-01T02:50:30.116Z] ❌ Error reading register 1000 for IP 10.30.4.91: no connection to modbus server
[2025-03-01T02:50:30.116Z] Error reading actual data: no connection to modbus server
[2025-03-01T02:50:30.125Z] Error writing to Modbus register: no connection to modbus server
[2025-03-01T02:50:31.115Z] Error reading register 3105 for IP 10.30.4.91: no connection to modbus server
[2025-03-01T02:50:31.116Z] ❌ Error reading register 1000 for IP 10.30.4.91: no connection to modbus server
[2025-03-01T02:50:31.116Z] Error reading actual data: no connection to modbus server
[2025-03-01T02:50:31.125Z] Error writing to Modbus register: no connection to modbus server
[2025-03-01T02:50:32.123Z] Error reading register 3105 for IP 10.30.4.91: no connection to modbus server
[2025-03-01T02:50:32.124Z] ❌ Error reading register 1000 for IP 10.30.4.91: no connection to modbus server
[2025-03-01T02:50:32.124Z] Error reading actual data: no connection to modbus server
[2025-03-01T02:50:32.125Z] Error writing to Modbus register: no connection to modbus server
[2025-03-01T02:50:33.128Z] Error reading register 3105 for IP 10.30.4.91: no connection to modbus server
[2025-03-01T02:50:33.129Z] ❌ Error reading register 1000 for IP 10.30.4.91: no connection to modbus server
[2025-03-01T02:50:33.129Z] Error writing to Modbus register: no connection to modbus server
[2025-03-01T02:50:33.129Z] Error reading actual data: no connection to modbus server
[2025-03-01T02:50:34.132Z] Error reading register 3105 for IP 10.30.4.91: no connection to modbus server
[2025-03-01T02:50:34.132Z] ❌ Error reading register 1000 for IP 10.30.4.91: no connection to modbus server
[2025-03-01T02:50:34.132Z] Error reading actual data: no connection to modbus server
[2025-03-01T02:50:34.135Z] Error writing to Modbus register: no connection to modbus server
[2025-03-01T02:50:35.144Z] Error reading register 3105 for IP 10.30.4.91: no connection to modbus server
[2025-03-01T02:50:35.144Z] ❌ Error reading register 1000 for IP 10.30.4.91: no connection to modbus server
[2025-03-01T02:50:35.144Z] Error reading actual data: no connection to modbus server
[2025-03-01T02:50:35.144Z] Error writing to Modbus register: no connection to modbus server
[2025-03-01T02:50:36.146Z] Error reading register 3105 for IP 10.30.4.91: no connection to modbus server
[2025-03-01T02:50:36.146Z] ❌ Error reading register 1000 for IP 10.30.4.91: no connection to modbus server
[2025-03-01T02:50:36.147Z] Error reading actual data: no connection to modbus server
[2025-03-01T02:50:36.147Z] Error writing to Modbus register: no connection to modbus server
[2025-03-01T02:50:37.148Z] Error reading register 3105 for IP 10.30.4.91: no connection to modbus server
[2025-03-01T02:50:37.148Z] ❌ Error reading register 1000 for IP 10.30.4.91: no connection to modbus server
[2025-03-01T02:50:37.149Z] Error reading actual data: no connection to modbus server
[2025-03-01T02:50:37.153Z] Error writing to Modbus register: no connection to modbus server
[2025-03-01T02:50:38.148Z] Error reading register 3105 for IP 10.30.4.91: no connection to modbus server
[2025-03-01T02:50:38.149Z] ❌ Error reading register 1000 for IP 10.30.4.91: no connection to modbus server
[2025-03-01T02:50:38.149Z] Error reading actual data: no connection to modbus server
[2025-03-01T02:50:38.157Z] Error writing to Modbus register: no connection to modbus server
[2025-03-01T02:50:39.165Z] Error reading register 3105 for IP 10.30.4.91: no connection to modbus server
[2025-03-01T02:50:39.165Z] ❌ Error reading register 1000 for IP 10.30.4.91: no connection to modbus server
[2025-03-01T02:50:39.167Z] Error writing to Modbus register: no connection to modbus server
[2025-03-01T02:50:39.166Z] Error reading actual data: no connection to modbus server
[2025-03-01T02:50:40.165Z] Error reading register 3105 for IP 10.30.4.91: no connection to modbus server
[2025-03-01T02:50:40.166Z] ❌ Error reading register 1000 for IP 10.30.4.91: no connection to modbus server
[2025-03-01T02:50:40.166Z] Error reading actual data: no connection to modbus server
[2025-03-01T02:50:40.169Z] Error writing to Modbus register: no connection to modbus server
[2025-03-01T02:50:41.167Z] Error reading register 3105 for IP 10.30.4.91: no connection to modbus server
[2025-03-01T02:50:41.167Z] ❌ Error reading register 1000 for IP 10.30.4.91: no connection to modbus server
[2025-03-01T02:50:41.168Z] Error reading actual data: no connection to modbus server
[2025-03-01T02:50:41.169Z] Error writing to Modbus register: no connection to modbus server
[2025-03-01T02:50:42.181Z] Error reading register 3105 for IP 10.30.4.91: no connection to modbus server
[2025-03-01T02:50:42.182Z] ❌ Error reading register 1000 for IP 10.30.4.91: no connection to modbus server
[2025-03-01T02:50:42.182Z] Error reading actual data: no connection to modbus server
[2025-03-01T02:50:42.183Z] Error writing to Modbus register: no connection to modbus server
[2025-03-01T02:50:43.181Z] Error reading register 3105 for IP 10.30.4.91: no connection to modbus server
[2025-03-01T02:50:43.182Z] ❌ Error reading register 1000 for IP 10.30.4.91: no connection to modbus server
[2025-03-01T02:50:43.182Z] Error reading actual data: no connection to modbus server
[2025-03-01T02:50:43.185Z] Error writing to Modbus register: no connection to modbus server
[2025-03-01T02:50:44.181Z] Error reading register 3105 for IP 10.30.4.91: no connection to modbus server
[2025-03-01T02:50:44.181Z] ❌ Error reading register 1000 for IP 10.30.4.91: no connection to modbus server
[2025-03-01T02:50:44.181Z] Error reading actual data: no connection to modbus server
[2025-03-01T02:50:44.184Z] Error writing to Modbus register: no connection to modbus server
[2025-03-01T02:50:45.181Z] Error reading register 3105 for IP 10.30.4.91: no connection to modbus server
[2025-03-01T02:50:45.182Z] ❌ Error reading register 1000 for IP 10.30.4.91: no connection to modbus server
[2025-03-01T02:50:45.182Z] Error reading actual data: no connection to modbus server
[2025-03-01T02:50:45.184Z] Error writing to Modbus register: no connection to modbus server
[2025-03-01T02:50:46.197Z] Error reading register 3105 for IP 10.30.4.91: no connection to modbus server
[2025-03-01T02:50:46.198Z] Error reading actual data: no connection to modbus server
[2025-03-01T02:50:46.199Z] Error writing to Modbus register: no connection to modbus server
[2025-03-01T02:50:46.198Z] ❌ Error reading register 1000 for IP 10.30.4.91: no connection to modbus server
[2025-03-01T02:50:47.199Z] Error reading register 3105 for IP 10.30.4.91: no connection to modbus server
[2025-03-01T02:50:47.200Z] ❌ Error reading register 1000 for IP 10.30.4.91: no connection to modbus server
[2025-03-01T02:50:47.200Z] Error reading actual data: no connection to modbus server
[2025-03-01T02:50:47.202Z] Error writing to Modbus register: no connection to modbus server
[2025-03-01T02:50:48.215Z] Error reading register 3105 for IP 10.30.4.91: no connection to modbus server
[2025-03-01T02:50:48.215Z] ❌ Error reading register 1000 for IP 10.30.4.91: no connection to modbus server
[2025-03-01T02:50:48.216Z] Error reading actual data: no connection to modbus server
[2025-03-01T02:50:48.217Z] Error writing to Modbus register: no connection to modbus server
[2025-03-01T02:50:49.213Z] Error reading register 3105 for IP 10.30.4.91: no connection to modbus server
[2025-03-01T02:50:49.214Z] ❌ Error reading register 1000 for IP 10.30.4.91: no connection to modbus server
[2025-03-01T02:50:49.214Z] Error reading actual data: no connection to modbus server
[2025-03-01T02:50:49.217Z] Error writing to Modbus register: no connection to modbus server
[2025-03-01T02:50:50.229Z] Error reading register 3105 for IP 10.30.4.91: no connection to modbus server
[2025-03-01T02:50:50.229Z] ❌ Error reading register 1000 for IP 10.30.4.91: no connection to modbus server
[2025-03-01T02:50:50.230Z] Error reading actual data: no connection to modbus server
[2025-03-01T02:50:50.230Z] Error writing to Modbus register: no connection to modbus server
[2025-03-01T02:50:51.230Z] Error reading register 3105 for IP 10.30.4.91: no connection to modbus server
[2025-03-01T02:50:51.230Z] ❌ Error reading register 1000 for IP 10.30.4.91: no connection to modbus server
[2025-03-01T02:50:51.230Z] Error reading actual data: no connection to modbus server
[2025-03-01T02:50:51.231Z] Error writing to Modbus register: no connection to modbus server
[2025-03-01T02:50:52.246Z] Error reading register 3105 for IP 10.30.4.91: no connection to modbus server
[2025-03-01T02:50:52.246Z] ❌ Error reading register 1000 for IP 10.30.4.91: no connection to modbus server
[2025-03-01T02:50:52.246Z] Error writing to Modbus register: no connection to modbus server
[2025-03-01T02:50:52.246Z] Error reading actual data: no connection to modbus server
[2025-03-01T02:50:53.248Z] Error reading register 3105 for IP 10.30.4.91: no connection to modbus server
[2025-03-01T02:50:53.249Z] ❌ Error reading register 1000 for IP 10.30.4.91: no connection to modbus server
[2025-03-01T02:50:53.250Z] Error writing to Modbus register: no connection to modbus server
[2025-03-01T02:50:53.249Z] Error reading actual data: no connection to modbus server
[2025-03-01T02:50:54.259Z] Error reading register 3105 for IP 10.30.4.91: no connection to modbus server
[2025-03-01T02:50:54.259Z] ❌ Error reading register 1000 for IP 10.30.4.91: no connection to modbus server
[2025-03-01T02:50:54.260Z] Error reading actual data: no connection to modbus server
[2025-03-01T02:50:54.260Z] Error writing to Modbus register: no connection to modbus server
[2025-03-01T02:50:55.268Z] Error reading register 3105 for IP 10.30.4.91: no connection to modbus server
[2025-03-01T02:50:55.268Z] ❌ Error reading register 1000 for IP 10.30.4.91: no connection to modbus server
[2025-03-01T02:50:55.268Z] Error reading actual data: no connection to modbus server
[2025-03-01T02:50:55.268Z] Error writing to Modbus register: no connection to modbus server
[2025-03-01T02:50:56.281Z] Error reading register 3105 for IP 10.30.4.91: no connection to modbus server
[2025-03-01T02:50:56.282Z] Error reading actual data: no connection to modbus server
[2025-03-01T02:50:56.282Z] ❌ Error reading register 1000 for IP 10.30.4.91: no connection to modbus server
[2025-03-01T02:50:56.283Z] Error writing to Modbus register: no connection to modbus server
[2025-03-01T02:50:57.288Z] Error reading register 3105 for IP 10.30.4.91: no connection to modbus server
[2025-03-01T02:50:57.289Z] Error writing to Modbus register: no connection to modbus server
[2025-03-01T02:50:57.288Z] ❌ Error reading register 1000 for IP 10.30.4.91: no connection to modbus server
[2025-03-01T02:50:57.288Z] Error reading actual data: no connection to modbus server
[2025-03-01T02:50:58.289Z] Error reading register 3105 for IP 10.30.4.91: no connection to modbus server
[2025-03-01T02:50:58.289Z] ❌ Error reading register 1000 for IP 10.30.4.91: no connection to modbus server
[2025-03-01T02:50:58.290Z] Error writing to Modbus register: no connection to modbus server
[2025-03-01T02:50:58.289Z] Error reading actual data: no connection to modbus server
[2025-03-01T02:50:59.290Z] Error reading register 3105 for IP 10.30.4.91: no connection to modbus server
[2025-03-01T02:50:59.291Z] ❌ Error reading register 1000 for IP 10.30.4.91: no connection to modbus server
[2025-03-01T02:50:59.291Z] Error reading actual data: no connection to modbus server
[2025-03-01T02:50:59.291Z] Error writing to Modbus register: no connection to modbus server
[2025-03-01T02:51:00.298Z] Error reading register 3105 for IP 10.30.4.91: no connection to modbus server
[2025-03-01T02:51:00.298Z] ❌ Error reading register 1000 for IP 10.30.4.91: no connection to modbus server
[2025-03-01T02:51:00.299Z] Error reading actual data: no connection to modbus server
[2025-03-01T02:51:00.300Z] Error writing to Modbus register: no connection to modbus server
[2025-03-01T02:51:01.314Z] Error reading register 3105 for IP 10.30.4.91: no connection to modbus server
[2025-03-01T02:51:01.315Z] ❌ Error reading register 1000 for IP 10.30.4.91: no connection to modbus server
[2025-03-01T02:51:01.315Z] Error reading actual data: no connection to modbus server
[2025-03-01T02:51:01.316Z] Error writing to Modbus register: no connection to modbus server
[2025-03-01T02:51:02.329Z] ❌ Error reading register 1000 for IP 10.30.4.91: no connection to modbus server
[2025-03-01T02:51:02.328Z] Error reading register 3105 for IP 10.30.4.91: no connection to modbus server
[2025-03-01T02:51:02.329Z] Error writing to Modbus register: no connection to modbus server
[2025-03-01T02:51:02.329Z] Error reading actual data: no connection to modbus server
[2025-03-01T02:51:03.344Z] Error reading register 3105 for IP 10.30.4.91: no connection to modbus server
[2025-03-01T02:51:03.345Z] ❌ Error reading register 1000 for IP 10.30.4.91: no connection to modbus server
[2025-03-01T02:51:03.347Z] Error writing to Modbus register: no connection to modbus server
[2025-03-01T02:51:03.346Z] Error reading actual data: no connection to modbus server
[2025-03-01T02:51:04.340Z] Error reading register 3105 for IP 10.30.4.91: no connection to modbus server
[2025-03-01T02:51:04.340Z] ❌ Error reading register 1000 for IP 10.30.4.91: no connection to modbus server
[2025-03-01T02:51:04.340Z] Error reading actual data: no connection to modbus server
[2025-03-01T02:51:04.341Z] Error writing to Modbus register: no connection to modbus server
[2025-03-01T02:51:05.342Z] Error reading register 3105 for IP 10.30.4.91: no connection to modbus server
[2025-03-01T02:51:05.343Z] ❌ Error reading register 1000 for IP 10.30.4.91: no connection to modbus server
[2025-03-01T02:51:05.343Z] Error reading actual data: no connection to modbus server
[2025-03-01T02:51:05.347Z] Error writing to Modbus register: no connection to modbus server
[2025-03-01T02:51:06.342Z] Error reading register 3105 for IP 10.30.4.91: no connection to modbus server
[2025-03-01T02:51:06.343Z] ❌ Error reading register 1000 for IP 10.30.4.91: no connection to modbus server
[2025-03-01T02:51:06.343Z] Error reading actual data: no connection to modbus server
[2025-03-01T02:51:06.347Z] Error writing to Modbus register: no connection to modbus server
[2025-03-01T02:51:07.344Z] Error reading register 3105 for IP 10.30.4.91: no connection to modbus server
[2025-03-01T02:51:07.344Z] ❌ Error reading register 1000 for IP 10.30.4.91: no connection to modbus server
[2025-03-01T02:51:07.344Z] Error reading actual data: no connection to modbus server
[2025-03-01T02:51:07.348Z] Error writing to Modbus register: no connection to modbus server
[2025-03-01T02:51:08.358Z] Error reading register 3105 for IP 10.30.4.91: no connection to modbus server
[2025-03-01T02:51:08.358Z] ❌ Error reading register 1000 for IP 10.30.4.91: no connection to modbus server
[2025-03-01T02:51:08.360Z] Error writing to Modbus register: no connection to modbus server
[2025-03-01T02:51:08.359Z] Error reading actual data: no connection to modbus server
[2025-03-01T02:51:09.373Z] Error reading register 3105 for IP 10.30.4.91: no connection to modbus server
[2025-03-01T02:51:09.373Z] ❌ Error reading register 1000 for IP 10.30.4.91: no connection to modbus server
[2025-03-01T02:51:09.374Z] Error writing to Modbus register: no connection to modbus server
[2025-03-01T02:51:09.373Z] Error reading actual data: no connection to modbus server
[2025-03-01T02:51:10.391Z] Error reading register 3105 for IP 10.30.4.91: no connection to modbus server
[2025-03-01T02:51:10.392Z] ❌ Error reading register 1000 for IP 10.30.4.91: no connection to modbus server
[2025-03-01T02:51:10.393Z] Error reading actual data: no connection to modbus server
[2025-03-01T02:51:10.394Z] Error writing to Modbus register: no connection to modbus server
[2025-03-01T02:51:11.406Z] Error reading register 3105 for IP 10.30.4.91: no connection to modbus server
[2025-03-01T02:51:11.406Z] ❌ Error reading register 1000 for IP 10.30.4.91: no connection to modbus server
[2025-03-01T02:51:11.406Z] Error reading actual data: no connection to modbus server
[2025-03-01T02:51:11.406Z] Error writing to Modbus register: no connection to modbus server
[2025-03-01T02:51:12.420Z] Error reading register 3105 for IP 10.30.4.91: no connection to modbus server
[2025-03-01T02:51:12.420Z] ❌ Error reading register 1000 for IP 10.30.4.91: no connection to modbus server
[2025-03-01T02:51:12.420Z] Error reading actual data: no connection to modbus server
[2025-03-01T02:51:12.421Z] Error writing to Modbus register: no connection to modbus server
[2025-03-01T02:51:13.426Z] Error reading register 3105 for IP 10.30.4.91: no connection to modbus server
[2025-03-01T02:51:13.426Z] ❌ Error reading register 1000 for IP 10.30.4.91: no connection to modbus server
[2025-03-01T02:51:13.428Z] Error writing to Modbus register: no connection to modbus server
[2025-03-01T02:51:13.427Z] Error reading actual data: no connection to modbus server
[2025-03-01T02:51:14.439Z] Error reading register 3105 for IP 10.30.4.91: no connection to modbus server
[2025-03-01T02:51:14.440Z] Error reading actual data: no connection to modbus server
[2025-03-01T02:51:14.440Z] ❌ Error reading register 1000 for IP 10.30.4.91: no connection to modbus server
[2025-03-01T02:51:14.440Z] Error writing to Modbus register: no connection to modbus server
[2025-03-01T02:51:15.440Z] Error reading register 3105 for IP 10.30.4.91: no connection to modbus server
[2025-03-01T02:51:15.441Z] ❌ Error reading register 1000 for IP 10.30.4.91: no connection to modbus server
[2025-03-01T02:51:15.441Z] Error reading actual data: no connection to modbus server
[2025-03-01T02:51:15.444Z] Error writing to Modbus register: no connection to modbus server
[2025-03-01T02:51:16.441Z] Error reading register 3105 for IP 10.30.4.91: no connection to modbus server
[2025-03-01T02:51:16.441Z] ❌ Error reading register 1000 for IP 10.30.4.91: no connection to modbus server
[2025-03-01T02:51:16.442Z] Error reading actual data: no connection to modbus server
[2025-03-01T02:51:16.444Z] Error writing to Modbus register: no connection to modbus server
[2025-03-01T02:51:17.443Z] Error reading register 3105 for IP 10.30.4.91: no connection to modbus server
[2025-03-01T02:51:17.443Z] ❌ Error reading register 1000 for IP 10.30.4.91: no connection to modbus server
[2025-03-01T02:51:17.443Z] Error reading actual data: no connection to modbus server
[2025-03-01T02:51:17.445Z] Error writing to Modbus register: no connection to modbus server
[2025-03-01T02:51:18.454Z] Error reading register 3105 for IP 10.30.4.91: no connection to modbus server
[2025-03-01T02:51:18.455Z] ❌ Error reading register 1000 for IP 10.30.4.91: no connection to modbus server
[2025-03-01T02:51:18.455Z] Error reading actual data: no connection to modbus server
[2025-03-01T02:51:18.456Z] Error writing to Modbus register: no connection to modbus server
[2025-03-01T02:51:19.458Z] Error reading register 3105 for IP 10.30.4.91: no connection to modbus server
[2025-03-01T02:51:19.458Z] ❌ Error reading register 1000 for IP 10.30.4.91: no connection to modbus server
[2025-03-01T02:51:19.459Z] Error reading actual data: no connection to modbus server
[2025-03-01T02:51:19.460Z] Error writing to Modbus register: no connection to modbus server
[2025-03-01T02:51:20.461Z] Error reading register 3105 for IP 10.30.4.91: no connection to modbus server
[2025-03-01T02:51:20.461Z] ❌ Error reading register 1000 for IP 10.30.4.91: no connection to modbus server
[2025-03-01T02:51:20.462Z] Error writing to Modbus register: no connection to modbus server
[2025-03-01T02:51:20.462Z] Error reading actual data: no connection to modbus server
[2025-03-01T02:51:21.460Z] Error reading register 3105 for IP 10.30.4.91: no connection to modbus server
[2025-03-01T02:51:21.460Z] ❌ Error reading register 1000 for IP 10.30.4.91: no connection to modbus server
[2025-03-01T02:51:21.460Z] Error reading actual data: no connection to modbus server
[2025-03-01T02:51:21.466Z] Error writing to Modbus register: no connection to modbus server
[2025-03-01T02:51:22.464Z] Error reading register 3105 for IP 10.30.4.91: no connection to modbus server
[2025-03-01T02:51:22.464Z] ❌ Error reading register 1000 for IP 10.30.4.91: no connection to modbus server
[2025-03-01T02:51:22.464Z] Error reading actual data: no connection to modbus server
[2025-03-01T02:51:22.467Z] Error writing to Modbus register: no connection to modbus server
[2025-03-01T02:51:23.465Z] Error reading register 3105 for IP 10.30.4.91: no connection to modbus server
[2025-03-01T02:51:23.465Z] ❌ Error reading register 1000 for IP 10.30.4.91: no connection to modbus server
[2025-03-01T02:51:23.465Z] Error reading actual data: no connection to modbus server
[2025-03-01T02:51:23.468Z] Error writing to Modbus register: no connection to modbus server
[2025-03-01T02:51:24.473Z] Error reading register 3105 for IP 10.30.4.91: no connection to modbus server
[2025-03-01T02:51:24.473Z] ❌ Error reading register 1000 for IP 10.30.4.91: no connection to modbus server
[2025-03-01T02:51:24.473Z] Error reading actual data: no connection to modbus server
[2025-03-01T02:51:24.473Z] Error writing to Modbus register: no connection to modbus server
[2025-03-01T02:51:25.475Z] Error reading register 3105 for IP 10.30.4.91: no connection to modbus server
[2025-03-01T02:51:25.475Z] ❌ Error reading register 1000 for IP 10.30.4.91: no connection to modbus server
[2025-03-01T02:51:25.476Z] Error writing to Modbus register: no connection to modbus server
[2025-03-01T02:51:25.475Z] Error reading actual data: no connection to modbus server
[2025-03-01T02:51:26.491Z] Error reading register 3105 for IP 10.30.4.91: no connection to modbus server
[2025-03-01T02:51:26.492Z] ❌ Error reading register 1000 for IP 10.30.4.91: no connection to modbus server
[2025-03-01T02:51:26.493Z] Error writing to Modbus register: no connection to modbus server
[2025-03-01T02:51:26.492Z] Error reading actual data: no connection to modbus server
[2025-03-01T02:51:27.491Z] Error reading register 3105 for IP 10.30.4.91: no connection to modbus server
[2025-03-01T02:51:27.491Z] ❌ Error reading register 1000 for IP 10.30.4.91: no connection to modbus server
[2025-03-01T02:51:27.491Z] Error reading actual data: no connection to modbus server
[2025-03-01T02:51:27.495Z] Error writing to Modbus register: no connection to modbus server
[2025-03-01T02:51:28.506Z] Error reading register 3105 for IP 10.30.4.91: no connection to modbus server
[2025-03-01T02:51:28.507Z] Error writing to Modbus register: no connection to modbus server
[2025-03-01T02:51:28.506Z] ❌ Error reading register 1000 for IP 10.30.4.91: no connection to modbus server
[2025-03-01T02:51:28.506Z] Error reading actual data: no connection to modbus server
[2025-03-01T02:51:29.520Z] Error reading register 3105 for IP 10.30.4.91: no connection to modbus server
[2025-03-01T02:51:29.520Z] ❌ Error reading register 1000 for IP 10.30.4.91: no connection to modbus server
[2025-03-01T02:51:29.520Z] Error reading actual data: no connection to modbus server
[2025-03-01T02:51:29.520Z] Error writing to Modbus register: no connection to modbus server
[2025-03-01T02:51:30.524Z] Error reading register 3105 for IP 10.30.4.91: no connection to modbus server
[2025-03-01T02:51:30.525Z] ❌ Error reading register 1000 for IP 10.30.4.91: no connection to modbus server
[2025-03-01T02:51:30.525Z] Error reading actual data: no connection to modbus server
[2025-03-01T02:51:30.526Z] Error writing to Modbus register: no connection to modbus server
[2025-03-01T02:51:31.526Z] Error reading register 3105 for IP 10.30.4.91: no connection to modbus server
[2025-03-01T02:51:31.527Z] ❌ Error reading register 1000 for IP 10.30.4.91: no connection to modbus server
[2025-03-01T02:51:31.527Z] Error reading actual data: no connection to modbus server
[2025-03-01T02:51:31.528Z] Error writing to Modbus register: no connection to modbus server
[2025-03-01T02:51:32.541Z] Error reading register 3105 for IP 10.30.4.91: no connection to modbus server
[2025-03-01T02:51:32.542Z] ❌ Error reading register 1000 for IP 10.30.4.91: no connection to modbus server
[2025-03-01T02:51:32.542Z] Error reading actual data: no connection to modbus server
[2025-03-01T02:51:32.543Z] Error writing to Modbus register: no connection to modbus server
[2025-03-01T02:51:33.557Z] Error reading register 3105 for IP 10.30.4.91: no connection to modbus server
[2025-03-01T02:51:33.557Z] ❌ Error reading register 1000 for IP 10.30.4.91: no connection to modbus server
[2025-03-01T02:51:33.557Z] Error reading actual data: no connection to modbus server
[2025-03-01T02:51:33.558Z] Error writing to Modbus register: no connection to modbus server
[2025-03-01T02:51:34.572Z] Error reading register 3105 for IP 10.30.4.91: no connection to modbus server
[2025-03-01T02:51:34.573Z] ❌ Error reading register 1000 for IP 10.30.4.91: no connection to modbus server
[2025-03-01T02:51:34.573Z] Error reading actual data: no connection to modbus server
[2025-03-01T02:51:34.573Z] Error writing to Modbus register: no connection to modbus server
[2025-03-01T02:51:35.580Z] ❌ Error reading register 1000 for IP 10.30.4.91: no connection to modbus server
[2025-03-01T02:51:35.581Z] Error writing to Modbus register: no connection to modbus server
[2025-03-01T02:51:35.580Z] Error reading register 3105 for IP 10.30.4.91: no connection to modbus server
[2025-03-01T02:51:35.581Z] Error reading actual data: no connection to modbus server
[2025-03-01T02:51:36.583Z] Error reading register 3105 for IP 10.30.4.91: no connection to modbus server
[2025-03-01T02:51:36.583Z] ❌ Error reading register 1000 for IP 10.30.4.91: no connection to modbus server
[2025-03-01T02:51:36.584Z] Error writing to Modbus register: no connection to modbus server
[2025-03-01T02:51:36.583Z] Error reading actual data: no connection to modbus server
[2025-03-01T02:51:37.590Z] Error reading register 3105 for IP 10.30.4.91: no connection to modbus server
[2025-03-01T02:51:37.591Z] ❌ Error reading register 1000 for IP 10.30.4.91: no connection to modbus server
[2025-03-01T02:51:37.591Z] Error reading actual data: no connection to modbus server
[2025-03-01T02:51:37.592Z] Error writing to Modbus register: no connection to modbus server
[2025-03-01T02:51:38.596Z] Error reading register 3105 for IP 10.30.4.91: no connection to modbus server
[2025-03-01T02:51:38.596Z] ❌ Error reading register 1000 for IP 10.30.4.91: no connection to modbus server
[2025-03-01T02:51:38.596Z] Error writing to Modbus register: no connection to modbus server
[2025-03-01T02:51:38.596Z] Error reading actual data: no connection to modbus server
[2025-03-01T02:51:39.597Z] Error reading register 3105 for IP 10.30.4.91: no connection to modbus server
[2025-03-01T02:51:39.597Z] ❌ Error reading register 1000 for IP 10.30.4.91: no connection to modbus server
[2025-03-01T02:51:39.598Z] Error writing to Modbus register: no connection to modbus server
[2025-03-01T02:51:39.597Z] Error reading actual data: no connection to modbus server
[2025-03-01T02:51:40.602Z] ❌ Error reading register 1000 for IP 10.30.4.91: no connection to modbus server
[2025-03-01T02:51:40.602Z] Error reading register 3105 for IP 10.30.4.91: no connection to modbus server
[2025-03-01T02:51:40.602Z] Error reading actual data: no connection to modbus server
[2025-03-01T02:51:40.602Z] Error writing to Modbus register: no connection to modbus server
[2025-03-01T02:51:41.603Z] Error reading register 3105 for IP 10.30.4.91: no connection to modbus server
[2025-03-01T02:51:41.603Z] ❌ Error reading register 1000 for IP 10.30.4.91: no connection to modbus server
[2025-03-01T02:51:41.603Z] Error writing to Modbus register: no connection to modbus server
[2025-03-01T02:51:41.603Z] Error reading actual data: no connection to modbus server
[2025-03-01T02:51:42.606Z] Error reading register 3105 for IP 10.30.4.91: no connection to modbus server
[2025-03-01T02:51:42.606Z] ❌ Error reading register 1000 for IP 10.30.4.91: no connection to modbus server
[2025-03-01T02:51:42.608Z] Error writing to Modbus register: no connection to modbus server
[2025-03-01T02:51:42.607Z] Error reading actual data: no connection to modbus server
[2025-03-01T02:51:43.607Z] Error reading register 3105 for IP 10.30.4.91: no connection to modbus server
[2025-03-01T02:51:43.607Z] ❌ Error reading register 1000 for IP 10.30.4.91: no connection to modbus server
[2025-03-01T02:51:43.607Z] Error reading actual data: no connection to modbus server
[2025-03-01T02:51:43.609Z] Error writing to Modbus register: no connection to modbus server
[2025-03-01T02:51:44.607Z] Error reading register 3105 for IP 10.30.4.91: no connection to modbus server
[2025-03-01T02:51:44.607Z] ❌ Error reading register 1000 for IP 10.30.4.91: no connection to modbus server
[2025-03-01T02:51:44.607Z] Error reading actual data: no connection to modbus server
[2025-03-01T02:51:44.610Z] Error writing to Modbus register: no connection to modbus server
[2025-03-01T02:51:45.608Z] Error reading register 3105 for IP 10.30.4.91: no connection to modbus server
[2025-03-01T02:51:45.608Z] ❌ Error reading register 1000 for IP 10.30.4.91: no connection to modbus server
[2025-03-01T02:51:45.609Z] Error reading actual data: no connection to modbus server
[2025-03-01T02:51:45.612Z] Error writing to Modbus register: no connection to modbus server
[2025-03-01T02:51:46.610Z] Error reading register 3105 for IP 10.30.4.91: no connection to modbus server
[2025-03-01T02:51:46.611Z] ❌ Error reading register 1000 for IP 10.30.4.91: no connection to modbus server
[2025-03-01T02:51:46.611Z] Error reading actual data: no connection to modbus server
[2025-03-01T02:51:46.611Z] Error writing to Modbus register: no connection to modbus server
[2025-03-01T02:51:47.621Z] Error reading register 3105 for IP 10.30.4.91: no connection to modbus server
[2025-03-01T02:51:47.621Z] ❌ Error reading register 1000 for IP 10.30.4.91: no connection to modbus server
[2025-03-01T02:51:47.622Z] Error writing to Modbus register: no connection to modbus server
[2025-03-01T02:51:47.622Z] Error reading actual data: no connection to modbus server
[2025-03-01T02:51:48.624Z] Error reading register 3105 for IP 10.30.4.91: no connection to modbus server
[2025-03-01T02:51:48.625Z] ❌ Error reading register 1000 for IP 10.30.4.91: no connection to modbus server
[2025-03-01T02:51:48.626Z] Error writing to Modbus register: no connection to modbus server
[2025-03-01T02:51:48.625Z] Error reading actual data: no connection to modbus server
[2025-03-01T02:51:49.626Z] ❌ Error reading register 1000 for IP 10.30.4.91: no connection to modbus server
[2025-03-01T02:51:49.626Z] Error reading actual data: no connection to modbus server
[2025-03-01T02:51:49.625Z] Error reading register 3105 for IP 10.30.4.91: no connection to modbus server
[2025-03-01T02:51:49.628Z] Error writing to Modbus register: no connection to modbus server
[2025-03-01T02:51:50.639Z] Error reading register 3105 for IP 10.30.4.91: no connection to modbus server
[2025-03-01T02:51:50.640Z] ❌ Error reading register 1000 for IP 10.30.4.91: no connection to modbus server
[2025-03-01T02:51:50.640Z] Error reading actual data: no connection to modbus server
[2025-03-01T02:51:50.640Z] Error writing to Modbus register: no connection to modbus server
[2025-03-01T02:51:51.657Z] Error reading register 3105 for IP 10.30.4.91: no connection to modbus server
[2025-03-01T02:51:51.657Z] ❌ Error reading register 1000 for IP 10.30.4.91: no connection to modbus server
[2025-03-01T02:51:51.659Z] Error writing to Modbus register: no connection to modbus server
[2025-03-01T02:51:51.658Z] Error reading actual data: no connection to modbus server
[2025-03-01T02:51:52.660Z] Error reading register 3105 for IP 10.30.4.91: no connection to modbus server
[2025-03-01T02:51:52.660Z] ❌ Error reading register 1000 for IP 10.30.4.91: no connection to modbus server
[2025-03-01T02:51:52.662Z] Error writing to Modbus register: no connection to modbus server
[2025-03-01T02:51:52.661Z] Error reading actual data: no connection to modbus server
[2025-03-01T02:51:53.674Z] Error reading register 3105 for IP 10.30.4.91: no connection to modbus server
[2025-03-01T02:51:53.675Z] ❌ Error reading register 1000 for IP 10.30.4.91: no connection to modbus server
[2025-03-01T02:51:53.675Z] Error reading actual data: no connection to modbus server
[2025-03-01T02:51:53.676Z] Error writing to Modbus register: no connection to modbus server
[2025-03-01T02:51:54.675Z] Error reading register 3105 for IP 10.30.4.91: no connection to modbus server
[2025-03-01T02:51:54.675Z] ❌ Error reading register 1000 for IP 10.30.4.91: no connection to modbus server
[2025-03-01T02:51:54.676Z] Error reading actual data: no connection to modbus server
[2025-03-01T02:51:54.679Z] Error writing to Modbus register: no connection to modbus server
[2025-03-01T02:51:55.676Z] Error reading register 3105 for IP 10.30.4.91: no connection to modbus server
[2025-03-01T02:51:55.676Z] ❌ Error reading register 1000 for IP 10.30.4.91: no connection to modbus server
[2025-03-01T02:51:55.677Z] Error reading actual data: no connection to modbus server
[2025-03-01T02:51:55.679Z] Error writing to Modbus register: no connection to modbus server
[2025-03-01T02:51:56.691Z] Error reading register 3105 for IP 10.30.4.91: no connection to modbus server
[2025-03-01T02:51:56.693Z] Error writing to Modbus register: no connection to modbus server
[2025-03-01T02:51:56.692Z] Error reading actual data: no connection to modbus server
[2025-03-01T02:51:56.691Z] ❌ Error reading register 1000 for IP 10.30.4.91: no connection to modbus server
[2025-03-01T02:51:57.691Z] Error reading register 3105 for IP 10.30.4.91: no connection to modbus server
[2025-03-01T02:51:57.691Z] ❌ Error reading register 1000 for IP 10.30.4.91: no connection to modbus server
[2025-03-01T02:51:57.691Z] Error reading actual data: no connection to modbus server
[2025-03-01T02:51:57.693Z] Error writing to Modbus register: no connection to modbus server
[2025-03-01T02:51:58.702Z] Error reading register 3105 for IP 10.30.4.91: no connection to modbus server
[2025-03-01T02:51:58.702Z] ❌ Error reading register 1000 for IP 10.30.4.91: no connection to modbus server
[2025-03-01T02:51:58.702Z] Error reading actual data: no connection to modbus server
[2025-03-01T02:51:58.703Z] Error writing to Modbus register: no connection to modbus server
[2025-03-01T02:51:59.701Z] Error reading register 3105 for IP 10.30.4.91: no connection to modbus server
[2025-03-01T02:51:59.701Z] ❌ Error reading register 1000 for IP 10.30.4.91: no connection to modbus server
[2025-03-01T02:51:59.701Z] Error reading actual data: no connection to modbus server
[2025-03-01T02:51:59.703Z] Error writing to Modbus register: no connection to modbus server
[2025-03-01T02:52:00.704Z] ❌ Error reading register 1000 for IP 10.30.4.91: no connection to modbus server
[2025-03-01T02:52:00.704Z] Error reading register 3105 for IP 10.30.4.91: no connection to modbus server
[2025-03-01T02:52:00.704Z] Error reading actual data: no connection to modbus server
[2025-03-01T02:52:00.705Z] Error writing to Modbus register: no connection to modbus server
[2025-03-01T02:52:01.704Z] Error reading register 3105 for IP 10.30.4.91: no connection to modbus server
[2025-03-01T02:52:01.705Z] ❌ Error reading register 1000 for IP 10.30.4.91: no connection to modbus server
[2025-03-01T02:52:01.705Z] Error reading actual data: no connection to modbus server
[2025-03-01T02:52:01.707Z] Error writing to Modbus register: no connection to modbus server
[2025-03-01T02:52:02.706Z] Error reading register 3105 for IP 10.30.4.91: no connection to modbus server
[2025-03-01T02:52:02.706Z] ❌ Error reading register 1000 for IP 10.30.4.91: no connection to modbus server
[2025-03-01T02:52:02.706Z] Error reading actual data: no connection to modbus server
[2025-03-01T02:52:02.707Z] Error writing to Modbus register: no connection to modbus server
[2025-03-01T02:52:03.708Z] Error reading register 3105 for IP 10.30.4.91: no connection to modbus server
[2025-03-01T02:52:03.708Z] ❌ Error reading register 1000 for IP 10.30.4.91: no connection to modbus server
[2025-03-01T02:52:03.709Z] Error reading actual data: no connection to modbus server
[2025-03-01T02:52:03.710Z] Error writing to Modbus register: no connection to modbus server
[2025-03-01T02:52:04.725Z] Error reading register 3105 for IP 10.30.4.91: no connection to modbus server
[2025-03-01T02:52:04.726Z] ❌ Error reading register 1000 for IP 10.30.4.91: no connection to modbus server
[2025-03-01T02:52:04.728Z] Error writing to Modbus register: no connection to modbus server
[2025-03-01T02:52:04.727Z] Error reading actual data: no connection to modbus server
[2025-03-01T02:52:05.725Z] Error reading register 3105 for IP 10.30.4.91: no connection to modbus server
[2025-03-01T02:52:05.725Z] ❌ Error reading register 1000 for IP 10.30.4.91: no connection to modbus server
[2025-03-01T02:52:05.725Z] Error reading actual data: no connection to modbus server
[2025-03-01T02:52:05.728Z] Error writing to Modbus register: no connection to modbus server
[2025-03-01T02:52:06.727Z] Error reading register 3105 for IP 10.30.4.91: no connection to modbus server
[2025-03-01T02:52:06.728Z] Error reading actual data: no connection to modbus server
[2025-03-01T02:52:06.728Z] ❌ Error reading register 1000 for IP 10.30.4.91: no connection to modbus server
[2025-03-01T02:52:06.730Z] Error writing to Modbus register: no connection to modbus server
[2025-03-01T02:52:07.742Z] Error reading register 3105 for IP 10.30.4.91: no connection to modbus server
[2025-03-01T02:52:07.743Z] ❌ Error reading register 1000 for IP 10.30.4.91: no connection to modbus server
[2025-03-01T02:52:07.744Z] Error writing to Modbus register: no connection to modbus server
[2025-03-01T02:52:07.743Z] Error reading actual data: no connection to modbus server
[2025-03-01T02:52:08.758Z] Error reading register 3105 for IP 10.30.4.91: no connection to modbus server
[2025-03-01T02:52:08.759Z] ❌ Error reading register 1000 for IP 10.30.4.91: no connection to modbus server
[2025-03-01T02:52:08.760Z] Error writing to Modbus register: no connection to modbus server
[2025-03-01T02:52:08.759Z] Error reading actual data: no connection to modbus server
[2025-03-01T02:52:09.759Z] Error reading register 3105 for IP 10.30.4.91: no connection to modbus server
[2025-03-01T02:52:09.760Z] Error reading actual data: no connection to modbus server
[2025-03-01T02:52:09.760Z] ❌ Error reading register 1000 for IP 10.30.4.91: no connection to modbus server
[2025-03-01T02:52:09.762Z] Error writing to Modbus register: no connection to modbus server
[2025-03-01T02:52:10.772Z] Error reading register 3105 for IP 10.30.4.91: no connection to modbus server
[2025-03-01T02:52:10.772Z] ❌ Error reading register 1000 for IP 10.30.4.91: no connection to modbus server
[2025-03-01T02:52:10.772Z] Error reading actual data: no connection to modbus server
[2025-03-01T02:52:10.772Z] Error writing to Modbus register: no connection to modbus server
[2025-03-01T02:52:11.775Z] Error reading register 3105 for IP 10.30.4.91: no connection to modbus server
[2025-03-01T02:52:11.776Z] Error reading actual data: no connection to modbus server
[2025-03-01T02:52:11.777Z] Error writing to Modbus register: no connection to modbus server
[2025-03-01T02:52:11.776Z] ❌ Error reading register 1000 for IP 10.30.4.91: no connection to modbus server
[2025-03-01T02:52:12.789Z] Error reading register 3105 for IP 10.30.4.91: no connection to modbus server
[2025-03-01T02:52:12.790Z] ❌ Error reading register 1000 for IP 10.30.4.91: no connection to modbus server
[2025-03-01T02:52:12.790Z] Error reading actual data: no connection to modbus server
[2025-03-01T02:52:12.791Z] Error writing to Modbus register: no connection to modbus server
[2025-03-01T02:52:13.791Z] Error reading register 3105 for IP 10.30.4.91: no connection to modbus server
[2025-03-01T02:52:13.791Z] ❌ Error reading register 1000 for IP 10.30.4.91: no connection to modbus server
[2025-03-01T02:52:13.792Z] Error reading actual data: no connection to modbus server
[2025-03-01T02:52:13.793Z] Error writing to Modbus register: no connection to modbus server
[2025-03-01T02:52:14.793Z] Error reading register 3105 for IP 10.30.4.91: no connection to modbus server
[2025-03-01T02:52:14.793Z] ❌ Error reading register 1000 for IP 10.30.4.91: no connection to modbus server
[2025-03-01T02:52:14.793Z] Error reading actual data: no connection to modbus server
[2025-03-01T02:52:14.802Z] Error writing to Modbus register: no connection to modbus server
[2025-03-01T02:52:15.795Z] Error reading register 3105 for IP 10.30.4.91: no connection to modbus server
[2025-03-01T02:52:15.796Z] ❌ Error reading register 1000 for IP 10.30.4.91: no connection to modbus server
[2025-03-01T02:52:15.796Z] Error reading actual data: no connection to modbus server
[2025-03-01T02:52:15.802Z] Error writing to Modbus register: no connection to modbus server
[2025-03-01T02:52:16.795Z] Error reading register 3105 for IP 10.30.4.91: no connection to modbus server
[2025-03-01T02:52:16.796Z] ❌ Error reading register 1000 for IP 10.30.4.91: no connection to modbus server
[2025-03-01T02:52:16.796Z] Error reading actual data: no connection to modbus server
[2025-03-01T02:52:16.804Z] Error writing to Modbus register: no connection to modbus server
[2025-03-01T02:52:17.802Z] Error reading register 3105 for IP 10.30.4.91: no connection to modbus server
[2025-03-01T02:52:17.802Z] ❌ Error reading register 1000 for IP 10.30.4.91: no connection to modbus server
[2025-03-01T02:52:17.802Z] Error reading actual data: no connection to modbus server
[2025-03-01T02:52:17.805Z] Error writing to Modbus register: no connection to modbus server
[2025-03-01T02:52:18.808Z] Error reading register 3105 for IP 10.30.4.91: no connection to modbus server
[2025-03-01T02:52:18.808Z] ❌ Error reading register 1000 for IP 10.30.4.91: no connection to modbus server
[2025-03-01T02:52:18.808Z] Error reading actual data: no connection to modbus server
[2025-03-01T02:52:18.808Z] Error writing to Modbus register: no connection to modbus server
[2025-03-01T02:52:19.808Z] Error reading register 3105 for IP 10.30.4.91: no connection to modbus server
[2025-03-01T02:52:19.809Z] ❌ Error reading register 1000 for IP 10.30.4.91: no connection to modbus server
[2025-03-01T02:52:19.809Z] Error reading actual data: no connection to modbus server
[2025-03-01T02:52:19.812Z] Error writing to Modbus register: no connection to modbus server
[2025-03-01T02:52:20.810Z] Error reading register 3105 for IP 10.30.4.91: no connection to modbus server
[2025-03-01T02:52:20.811Z] ❌ Error reading register 1000 for IP 10.30.4.91: no connection to modbus server
[2025-03-01T02:52:20.811Z] Error reading actual data: no connection to modbus server
[2025-03-01T02:52:20.814Z] Error writing to Modbus register: no connection to modbus server
[2025-03-01T02:52:21.823Z] Error reading register 3105 for IP 10.30.4.91: no connection to modbus server
[2025-03-01T02:52:21.823Z] ❌ Error reading register 1000 for IP 10.30.4.91: no connection to modbus server
[2025-03-01T02:52:21.824Z] Error reading actual data: no connection to modbus server
[2025-03-01T02:52:21.824Z] Error writing to Modbus register: no connection to modbus server
[2025-03-01T02:52:22.835Z] Error reading register 3105 for IP 10.30.4.91: no connection to modbus server
[2025-03-01T02:52:22.835Z] ❌ Error reading register 1000 for IP 10.30.4.91: no connection to modbus server
[2025-03-01T02:52:22.836Z] Error writing to Modbus register: no connection to modbus server
[2025-03-01T02:52:22.836Z] Error reading actual data: no connection to modbus server
[2025-03-01T02:52:23.839Z] Error reading register 3105 for IP 10.30.4.91: no connection to modbus server
[2025-03-01T02:52:23.839Z] ❌ Error reading register 1000 for IP 10.30.4.91: no connection to modbus server
[2025-03-01T02:52:23.840Z] Error writing to Modbus register: no connection to modbus server
[2025-03-01T02:52:23.840Z] Error reading actual data: no connection to modbus server
[2025-03-01T02:52:24.840Z] Error reading register 3105 for IP 10.30.4.91: no connection to modbus server
[2025-03-01T02:52:24.841Z] ❌ Error reading register 1000 for IP 10.30.4.91: no connection to modbus server
[2025-03-01T02:52:24.841Z] Error reading actual data: no connection to modbus server
[2025-03-01T02:52:24.844Z] Error writing to Modbus register: no connection to modbus server
[2025-03-01T02:52:25.841Z] Error reading register 3105 for IP 10.30.4.91: no connection to modbus server
[2025-03-01T02:52:25.841Z] ❌ Error reading register 1000 for IP 10.30.4.91: no connection to modbus server
[2025-03-01T02:52:25.841Z] Error reading actual data: no connection to modbus server
[2025-03-01T02:52:25.844Z] Error writing to Modbus register: no connection to modbus server
[2025-03-01T02:52:26.856Z] Error reading register 3105 for IP 10.30.4.91: no connection to modbus server
[2025-03-01T02:52:26.856Z] Error reading actual data: no connection to modbus server
[2025-03-01T02:52:26.856Z] ❌ Error reading register 1000 for IP 10.30.4.91: no connection to modbus server
[2025-03-01T02:52:26.857Z] Error writing to Modbus register: no connection to modbus server
[2025-03-01T02:52:27.864Z] ❌ Error reading register 1000 for IP 10.30.4.91: no connection to modbus server
[2025-03-01T02:52:27.863Z] Error reading register 3105 for IP 10.30.4.91: no connection to modbus server
[2025-03-01T02:52:27.864Z] Error reading actual data: no connection to modbus server
[2025-03-01T02:52:27.864Z] Error writing to Modbus register: no connection to modbus server
[2025-03-01T02:52:28.877Z] Error reading register 3105 for IP 10.30.4.91: no connection to modbus server
[2025-03-01T02:52:28.878Z] ❌ Error reading register 1000 for IP 10.30.4.91: no connection to modbus server
[2025-03-01T02:52:28.879Z] Error writing to Modbus register: no connection to modbus server
[2025-03-01T02:52:28.878Z] Error reading actual data: no connection to modbus server
[2025-03-01T02:52:29.889Z] Error reading register 3105 for IP 10.30.4.91: no connection to modbus server
[2025-03-01T02:52:29.890Z] ❌ Error reading register 1000 for IP 10.30.4.91: no connection to modbus server
[2025-03-01T02:52:29.890Z] Error reading actual data: no connection to modbus server
[2025-03-01T02:52:29.890Z] Error writing to Modbus register: no connection to modbus server
[2025-03-01T02:52:30.903Z] Error reading register 3105 for IP 10.30.4.91: no connection to modbus server
[2025-03-01T02:52:30.903Z] ❌ Error reading register 1000 for IP 10.30.4.91: no connection to modbus server
[2025-03-01T02:52:30.904Z] Error reading actual data: no connection to modbus server
[2025-03-01T02:52:30.904Z] Error writing to Modbus register: no connection to modbus server
[2025-03-01T02:52:31.907Z] Error reading register 3105 for IP 10.30.4.91: no connection to modbus server
[2025-03-01T02:52:31.908Z] ❌ Error reading register 1000 for IP 10.30.4.91: no connection to modbus server
[2025-03-01T02:52:31.908Z] Error reading actual data: no connection to modbus server
[2025-03-01T02:52:31.909Z] Error writing to Modbus register: no connection to modbus server
[2025-03-01T02:52:32.921Z] Error reading register 3105 for IP 10.30.4.91: no connection to modbus server
[2025-03-01T02:52:32.921Z] ❌ Error reading register 1000 for IP 10.30.4.91: no connection to modbus server
[2025-03-01T02:52:32.921Z] Error reading actual data: no connection to modbus server
[2025-03-01T02:52:32.921Z] Error writing to Modbus register: no connection to modbus server
[2025-03-01T02:52:33.923Z] Error reading register 3105 for IP 10.30.4.91: no connection to modbus server
[2025-03-01T02:52:33.924Z] ❌ Error reading register 1000 for IP 10.30.4.91: no connection to modbus server
[2025-03-01T02:52:33.924Z] Error reading actual data: no connection to modbus server
[2025-03-01T02:52:33.925Z] Error writing to Modbus register: no connection to modbus server
[2025-03-01T02:52:34.924Z] ❌ Error reading register 1000 for IP 10.30.4.91: no connection to modbus server
[2025-03-01T02:52:34.924Z] Error reading register 3105 for IP 10.30.4.91: no connection to modbus server
[2025-03-01T02:52:34.924Z] Error reading actual data: no connection to modbus server
[2025-03-01T02:52:34.925Z] Error writing to Modbus register: no connection to modbus server
[2025-03-01T02:52:35.940Z] Error reading register 3105 for IP 10.30.4.91: no connection to modbus server
[2025-03-01T02:52:35.940Z] ❌ Error reading register 1000 for IP 10.30.4.91: no connection to modbus server
[2025-03-01T02:52:35.940Z] Error reading actual data: no connection to modbus server
[2025-03-01T02:52:35.940Z] Error writing to Modbus register: no connection to modbus server
[2025-03-01T02:52:36.943Z] ❌ Error reading register 1000 for IP 10.30.4.91: no connection to modbus server
[2025-03-01T02:52:36.943Z] Error reading register 3105 for IP 10.30.4.91: no connection to modbus server
[2025-03-01T02:52:36.945Z] Error writing to Modbus register: no connection to modbus server
[2025-03-01T02:52:36.944Z] Error reading actual data: no connection to modbus server
[2025-03-01T02:52:37.949Z] Error reading register 3105 for IP 10.30.4.91: no connection to modbus server
[2025-03-01T02:52:37.949Z] ❌ Error reading register 1000 for IP 10.30.4.91: no connection to modbus server
[2025-03-01T02:52:37.949Z] Error reading actual data: no connection to modbus server
[2025-03-01T02:52:37.949Z] Error writing to Modbus register: no connection to modbus server
[2025-03-01T02:52:38.953Z] Error reading register 3105 for IP 10.30.4.91: no connection to modbus server
[2025-03-01T02:52:38.953Z] ❌ Error reading register 1000 for IP 10.30.4.91: no connection to modbus server
[2025-03-01T02:52:38.953Z] Error reading actual data: no connection to modbus server
[2025-03-01T02:52:38.954Z] Error writing to Modbus register: no connection to modbus server
[2025-03-01T02:52:39.957Z] Error reading register 3105 for IP 10.30.4.91: no connection to modbus server
[2025-03-01T02:52:39.958Z] ❌ Error reading register 1000 for IP 10.30.4.91: no connection to modbus server
[2025-03-01T02:52:39.958Z] Error reading actual data: no connection to modbus server
[2025-03-01T02:52:39.959Z] Error writing to Modbus register: no connection to modbus server
[2025-03-01T02:52:40.959Z] Error reading register 3105 for IP 10.30.4.91: no connection to modbus server
[2025-03-01T02:52:40.960Z] ❌ Error reading register 1000 for IP 10.30.4.91: no connection to modbus server
[2025-03-01T02:52:40.960Z] Error reading actual data: no connection to modbus server
[2025-03-01T02:52:40.962Z] Error writing to Modbus register: no connection to modbus server
[2025-03-01T02:52:41.973Z] Error reading register 3105 for IP 10.30.4.91: no connection to modbus server
[2025-03-01T02:52:41.973Z] ❌ Error reading register 1000 for IP 10.30.4.91: no connection to modbus server
[2025-03-01T02:52:41.973Z] Error reading actual data: no connection to modbus server
[2025-03-01T02:52:41.973Z] Error writing to Modbus register: no connection to modbus server
[2025-03-01T02:52:42.988Z] Error reading register 3105 for IP 10.30.4.91: no connection to modbus server
[2025-03-01T02:52:42.988Z] ❌ Error reading register 1000 for IP 10.30.4.91: no connection to modbus server
[2025-03-01T02:52:42.988Z] Error reading actual data: no connection to modbus server
[2025-03-01T02:52:42.988Z] Error writing to Modbus register: no connection to modbus server
[2025-03-01T02:52:43.993Z] Error reading register 3105 for IP 10.30.4.91: no connection to modbus server
[2025-03-01T02:52:43.994Z] ❌ Error reading register 1000 for IP 10.30.4.91: no connection to modbus server
[2025-03-01T02:52:43.995Z] Error writing to Modbus register: no connection to modbus server
[2025-03-01T02:52:43.994Z] Error reading actual data: no connection to modbus server
[2025-03-01T02:52:44.999Z] Error reading register 3105 for IP 10.30.4.91: no connection to modbus server
[2025-03-01T02:52:44.999Z] ❌ Error reading register 1000 for IP 10.30.4.91: no connection to modbus server
[2025-03-01T02:52:44.999Z] Error writing to Modbus register: no connection to modbus server
[2025-03-01T02:52:44.999Z] Error reading actual data: no connection to modbus server
[2025-03-01T02:52:46.006Z] ❌ Error reading register 1000 for IP 10.30.4.91: no connection to modbus server
[2025-03-01T02:52:46.005Z] Error reading register 3105 for IP 10.30.4.91: no connection to modbus server
[2025-03-01T02:52:46.006Z] Error reading actual data: no connection to modbus server
[2025-03-01T02:52:46.007Z] Error writing to Modbus register: no connection to modbus server
[2025-03-01T02:52:47.009Z] Error reading register 3105 for IP 10.30.4.91: no connection to modbus server
[2025-03-01T02:52:47.010Z] ❌ Error reading register 1000 for IP 10.30.4.91: no connection to modbus server
[2025-03-01T02:52:47.010Z] Error reading actual data: no connection to modbus server
[2025-03-01T02:52:47.012Z] Error writing to Modbus register: no connection to modbus server
[2025-03-01T02:52:48.023Z] Error reading register 3105 for IP 10.30.4.91: no connection to modbus server
[2025-03-01T02:52:48.024Z] ❌ Error reading register 1000 for IP 10.30.4.91: no connection to modbus server
[2025-03-01T02:52:48.024Z] Error reading actual data: no connection to modbus server
[2025-03-01T02:52:48.025Z] Error writing to Modbus register: no connection to modbus server
[2025-03-01T02:52:49.023Z] Error reading register 3105 for IP 10.30.4.91: no connection to modbus server
[2025-03-01T02:52:49.024Z] ❌ Error reading register 1000 for IP 10.30.4.91: no connection to modbus server
[2025-03-01T02:52:49.024Z] Error reading actual data: no connection to modbus server
[2025-03-01T02:52:49.025Z] Error writing to Modbus register: no connection to modbus server
[2025-03-01T02:52:50.042Z] Error reading register 3105 for IP 10.30.4.91: no connection to modbus server
[2025-03-01T02:52:50.042Z] ❌ Error reading register 1000 for IP 10.30.4.91: no connection to modbus server
[2025-03-01T02:52:50.043Z] Error reading actual data: no connection to modbus server
[2025-03-01T02:52:50.044Z] Error writing to Modbus register: no connection to modbus server
[2025-03-01T02:52:51.056Z] Error reading register 3105 for IP 10.30.4.91: no connection to modbus server
[2025-03-01T02:52:51.057Z] ❌ Error reading register 1000 for IP 10.30.4.91: no connection to modbus server
[2025-03-01T02:52:51.057Z] Error reading actual data: no connection to modbus server
[2025-03-01T02:52:51.058Z] Error writing to Modbus register: no connection to modbus server
[2025-03-01T02:52:52.059Z] Error reading register 3105 for IP 10.30.4.91: no connection to modbus server
[2025-03-01T02:52:52.060Z] ❌ Error reading register 1000 for IP 10.30.4.91: no connection to modbus server
[2025-03-01T02:52:52.060Z] Error reading actual data: no connection to modbus server
[2025-03-01T02:52:52.061Z] Error writing to Modbus register: no connection to modbus server
[2025-03-01T02:52:53.075Z] Error reading register 3105 for IP 10.30.4.91: no connection to modbus server
[2025-03-01T02:52:53.076Z] ❌ Error reading register 1000 for IP 10.30.4.91: no connection to modbus server
[2025-03-01T02:52:53.076Z] Error reading actual data: no connection to modbus server
[2025-03-01T02:52:53.077Z] Error writing to Modbus register: no connection to modbus server
[2025-03-01T02:52:54.089Z] Error reading register 3105 for IP 10.30.4.91: no connection to modbus server
[2025-03-01T02:52:54.089Z] ❌ Error reading register 1000 for IP 10.30.4.91: no connection to modbus server
[2025-03-01T02:52:54.090Z] Error writing to Modbus register: no connection to modbus server
[2025-03-01T02:52:54.090Z] Error reading actual data: no connection to modbus server
[2025-03-01T02:52:55.091Z] Error reading register 3105 for IP 10.30.4.91: no connection to modbus server
[2025-03-01T02:52:55.092Z] ❌ Error reading register 1000 for IP 10.30.4.91: no connection to modbus server
[2025-03-01T02:52:55.092Z] Error reading actual data: no connection to modbus server
[2025-03-01T02:52:55.100Z] Error writing to Modbus register: no connection to modbus server
[2025-03-01T02:52:56.108Z] ❌ Error reading register 1000 for IP 10.30.4.91: no connection to modbus server
[2025-03-01T02:52:56.109Z] Error writing to Modbus register: no connection to modbus server
[2025-03-01T02:52:56.108Z] Error reading actual data: no connection to modbus server
[2025-03-01T02:52:56.107Z] Error reading register 3105 for IP 10.30.4.91: no connection to modbus server
[2025-03-01T02:52:57.107Z] Error reading register 3105 for IP 10.30.4.91: no connection to modbus server
[2025-03-01T02:52:57.107Z] ❌ Error reading register 1000 for IP 10.30.4.91: no connection to modbus server
[2025-03-01T02:52:57.108Z] Error reading actual data: no connection to modbus server
[2025-03-01T02:52:57.109Z] Error writing to Modbus register: no connection to modbus server
[2025-03-01T02:52:58.112Z] Error reading register 3105 for IP 10.30.4.91: no connection to modbus server
[2025-03-01T02:52:58.112Z] ❌ Error reading register 1000 for IP 10.30.4.91: no connection to modbus server
[2025-03-01T02:52:58.113Z] Error reading actual data: no connection to modbus server
[2025-03-01T02:52:58.113Z] Error writing to Modbus register: no connection to modbus server
[2025-03-01T02:52:59.126Z] Error reading register 3105 for IP 10.30.4.91: no connection to modbus server
[2025-03-01T02:52:59.127Z] ❌ Error reading register 1000 for IP 10.30.4.91: no connection to modbus server
[2025-03-01T02:52:59.127Z] Error reading actual data: no connection to modbus server
[2025-03-01T02:52:59.128Z] Error writing to Modbus register: no connection to modbus server
[2025-03-01T02:53:00.142Z] Error reading register 3105 for IP 10.30.4.91: no connection to modbus server
[2025-03-01T02:53:00.143Z] ❌ Error reading register 1000 for IP 10.30.4.91: no connection to modbus server
[2025-03-01T02:53:00.143Z] Error reading actual data: no connection to modbus server
[2025-03-01T02:53:00.144Z] Error writing to Modbus register: no connection to modbus server
[2025-03-01T02:53:01.159Z] Error reading register 3105 for IP 10.30.4.91: no connection to modbus server
[2025-03-01T02:53:01.159Z] ❌ Error reading register 1000 for IP 10.30.4.91: no connection to modbus server
[2025-03-01T02:53:01.161Z] Error writing to Modbus register: no connection to modbus server
[2025-03-01T02:53:01.160Z] Error reading actual data: no connection to modbus server
[2025-03-01T02:53:02.173Z] Error reading register 3105 for IP 10.30.4.91: no connection to modbus server
[2025-03-01T02:53:02.174Z] ❌ Error reading register 1000 for IP 10.30.4.91: no connection to modbus server
[2025-03-01T02:53:02.174Z] Error writing to Modbus register: no connection to modbus server
[2025-03-01T02:53:02.174Z] Error reading actual data: no connection to modbus server
[2025-03-01T02:53:03.174Z] Error reading register 3105 for IP 10.30.4.91: no connection to modbus server
[2025-03-01T02:53:03.174Z] ❌ Error reading register 1000 for IP 10.30.4.91: no connection to modbus server
[2025-03-01T02:53:03.175Z] Error reading actual data: no connection to modbus server
[2025-03-01T02:53:03.175Z] Error writing to Modbus register: no connection to modbus server
[2025-03-01T02:53:04.178Z] Error reading register 3105 for IP 10.30.4.91: no connection to modbus server
[2025-03-01T02:53:04.178Z] ❌ Error reading register 1000 for IP 10.30.4.91: no connection to modbus server
[2025-03-01T02:53:04.180Z] Error writing to Modbus register: no connection to modbus server
[2025-03-01T02:53:04.179Z] Error reading actual data: no connection to modbus server
[2025-03-01T02:53:05.195Z] ❌ Error reading register 1000 for IP 10.30.4.91: no connection to modbus server
[2025-03-01T02:53:05.195Z] Error reading register 3105 for IP 10.30.4.91: no connection to modbus server
[2025-03-01T02:53:05.196Z] Error reading actual data: no connection to modbus server
[2025-03-01T02:53:05.196Z] Error writing to Modbus register: no connection to modbus server
[2025-03-01T02:53:06.197Z] Error reading register 3105 for IP 10.30.4.91: no connection to modbus server
[2025-03-01T02:53:06.198Z] ❌ Error reading register 1000 for IP 10.30.4.91: no connection to modbus server
[2025-03-01T02:53:06.198Z] Error reading actual data: no connection to modbus server
[2025-03-01T02:53:06.201Z] Error writing to Modbus register: no connection to modbus server
[2025-03-01T02:53:07.198Z] Error reading register 3105 for IP 10.30.4.91: no connection to modbus server
[2025-03-01T02:53:07.198Z] ❌ Error reading register 1000 for IP 10.30.4.91: no connection to modbus server
[2025-03-01T02:53:07.199Z] Error reading actual data: no connection to modbus server
[2025-03-01T02:53:07.202Z] Error writing to Modbus register: no connection to modbus server
[2025-03-01T02:53:08.199Z] Error reading register 3105 for IP 10.30.4.91: no connection to modbus server
[2025-03-01T02:53:08.199Z] ❌ Error reading register 1000 for IP 10.30.4.91: no connection to modbus server
[2025-03-01T02:53:08.200Z] Error reading actual data: no connection to modbus server
[2025-03-01T02:53:08.202Z] Error writing to Modbus register: no connection to modbus server
[2025-03-01T02:53:09.199Z] Error reading register 3105 for IP 10.30.4.91: no connection to modbus server
[2025-03-01T02:53:09.199Z] ❌ Error reading register 1000 for IP 10.30.4.91: no connection to modbus server
[2025-03-01T02:53:09.200Z] Error reading actual data: no connection to modbus server
[2025-03-01T02:53:09.202Z] Error writing to Modbus register: no connection to modbus server
[2025-03-01T02:53:10.213Z] Error reading register 3105 for IP 10.30.4.91: no connection to modbus server
[2025-03-01T02:53:10.213Z] ❌ Error reading register 1000 for IP 10.30.4.91: no connection to modbus server
[2025-03-01T02:53:10.214Z] Error reading actual data: no connection to modbus server
[2025-03-01T02:53:10.214Z] Error writing to Modbus register: no connection to modbus server
[2025-03-01T02:53:11.215Z] Error reading register 3105 for IP 10.30.4.91: no connection to modbus server
[2025-03-01T02:53:11.215Z] ❌ Error reading register 1000 for IP 10.30.4.91: no connection to modbus server
[2025-03-01T02:53:11.215Z] Error reading actual data: no connection to modbus server
[2025-03-01T02:53:11.220Z] Error writing to Modbus register: no connection to modbus server
[2025-03-01T02:53:12.222Z] Error reading register 3105 for IP 10.30.4.91: no connection to modbus server
[2025-03-01T02:53:12.223Z] ❌ Error reading register 1000 for IP 10.30.4.91: no connection to modbus server
[2025-03-01T02:53:12.224Z] Error writing to Modbus register: no connection to modbus server
[2025-03-01T02:53:12.223Z] Error reading actual data: no connection to modbus server
[2025-03-01T02:53:13.231Z] Error reading register 3105 for IP 10.30.4.91: no connection to modbus server
[2025-03-01T02:53:13.232Z] ❌ Error reading register 1000 for IP 10.30.4.91: no connection to modbus server
[2025-03-01T02:53:13.232Z] Error reading actual data: no connection to modbus server
[2025-03-01T02:53:13.233Z] Error writing to Modbus register: no connection to modbus server
[2025-03-01T02:53:14.232Z] Error reading register 3105 for IP 10.30.4.91: no connection to modbus server
[2025-03-01T02:53:14.233Z] Error reading actual data: no connection to modbus server
[2025-03-01T02:53:14.233Z] ❌ Error reading register 1000 for IP 10.30.4.91: no connection to modbus server
[2025-03-01T02:53:14.242Z] Error writing to Modbus register: no connection to modbus server
[2025-03-01T02:53:15.238Z] Error reading register 3105 for IP 10.30.4.91: no connection to modbus server
[2025-03-01T02:53:15.238Z] ❌ Error reading register 1000 for IP 10.30.4.91: no connection to modbus server
[2025-03-01T02:53:15.238Z] Error reading actual data: no connection to modbus server
[2025-03-01T02:53:15.241Z] Error writing to Modbus register: no connection to modbus server
[2025-03-01T02:53:16.238Z] Error reading register 3105 for IP 10.30.4.91: no connection to modbus server
[2025-03-01T02:53:16.239Z] ❌ Error reading register 1000 for IP 10.30.4.91: no connection to modbus server
[2025-03-01T02:53:16.239Z] Error reading actual data: no connection to modbus server
[2025-03-01T02:53:16.242Z] Error writing to Modbus register: no connection to modbus server
[2025-03-01T02:53:17.246Z] Error reading register 3105 for IP 10.30.4.91: no connection to modbus server
[2025-03-01T02:53:17.246Z] ❌ Error reading register 1000 for IP 10.30.4.91: no connection to modbus server
[2025-03-01T02:53:17.246Z] Error reading actual data: no connection to modbus server
[2025-03-01T02:53:17.246Z] Error writing to Modbus register: no connection to modbus server
[2025-03-01T02:53:18.248Z] Error reading register 3105 for IP 10.30.4.91: no connection to modbus server
[2025-03-01T02:53:18.248Z] ❌ Error reading register 1000 for IP 10.30.4.91: no connection to modbus server
[2025-03-01T02:53:18.248Z] Error reading actual data: no connection to modbus server
[2025-03-01T02:53:18.248Z] Error writing to Modbus register: no connection to modbus server
[2025-03-01T02:53:19.248Z] Error reading register 3105 for IP 10.30.4.91: no connection to modbus server
[2025-03-01T02:53:19.249Z] ❌ Error reading register 1000 for IP 10.30.4.91: no connection to modbus server
[2025-03-01T02:53:19.250Z] Error writing to Modbus register: no connection to modbus server
[2025-03-01T02:53:19.249Z] Error reading actual data: no connection to modbus server
[2025-03-01T02:53:20.263Z] Error reading register 3105 for IP 10.30.4.91: no connection to modbus server
[2025-03-01T02:53:20.263Z] ❌ Error reading register 1000 for IP 10.30.4.91: no connection to modbus server
[2025-03-01T02:53:20.263Z] Error reading actual data: no connection to modbus server
[2025-03-01T02:53:20.264Z] Error writing to Modbus register: no connection to modbus server
[2025-03-01T02:53:21.264Z] Error reading register 3105 for IP 10.30.4.91: no connection to modbus server
[2025-03-01T02:53:21.265Z] ❌ Error reading register 1000 for IP 10.30.4.91: no connection to modbus server
[2025-03-01T02:53:21.265Z] Error reading actual data: no connection to modbus server
[2025-03-01T02:53:21.267Z] Error writing to Modbus register: no connection to modbus server
[2025-03-01T02:53:22.281Z] Error reading register 3105 for IP 10.30.4.91: no connection to modbus server
[2025-03-01T02:53:22.282Z] ❌ Error reading register 1000 for IP 10.30.4.91: no connection to modbus server
[2025-03-01T02:53:22.282Z] Error reading actual data: no connection to modbus server
[2025-03-01T02:53:22.283Z] Error writing to Modbus register: no connection to modbus server
[2025-03-01T02:53:23.296Z] Error reading register 3105 for IP 10.30.4.91: no connection to modbus server
[2025-03-01T02:53:23.297Z] ❌ Error reading register 1000 for IP 10.30.4.91: no connection to modbus server
[2025-03-01T02:53:23.298Z] Error writing to Modbus register: no connection to modbus server
[2025-03-01T02:53:23.297Z] Error reading actual data: no connection to modbus server
[2025-03-01T02:53:24.297Z] Error reading register 3105 for IP 10.30.4.91: no connection to modbus server
[2025-03-01T02:53:24.298Z] ❌ Error reading register 1000 for IP 10.30.4.91: no connection to modbus server
[2025-03-01T02:53:24.298Z] Error reading actual data: no connection to modbus server
[2025-03-01T02:53:24.305Z] Error writing to Modbus register: no connection to modbus server
[2025-03-01T02:53:25.313Z] Error reading register 3105 for IP 10.30.4.91: no connection to modbus server
[2025-03-01T02:53:25.314Z] ❌ Error reading register 1000 for IP 10.30.4.91: no connection to modbus server
[2025-03-01T02:53:25.315Z] Error writing to Modbus register: no connection to modbus server
[2025-03-01T02:53:25.314Z] Error reading actual data: no connection to modbus server
[2025-03-01T02:53:26.315Z] Error reading register 3105 for IP 10.30.4.91: no connection to modbus server
[2025-03-01T02:53:26.315Z] ❌ Error reading register 1000 for IP 10.30.4.91: no connection to modbus server
[2025-03-01T02:53:26.316Z] Error reading actual data: no connection to modbus server
[2025-03-01T02:53:26.322Z] Error writing to Modbus register: no connection to modbus server
[2025-03-01T02:53:27.326Z] Error reading register 3105 for IP 10.30.4.91: no connection to modbus server
[2025-03-01T02:53:27.327Z] ❌ Error reading register 1000 for IP 10.30.4.91: no connection to modbus server
[2025-03-01T02:53:27.327Z] Error reading actual data: no connection to modbus server
[2025-03-01T02:53:27.328Z] Error writing to Modbus register: no connection to modbus server
[2025-03-01T02:53:28.332Z] Error reading register 3105 for IP 10.30.4.91: no connection to modbus server
[2025-03-01T02:53:28.333Z] ❌ Error reading register 1000 for IP 10.30.4.91: no connection to modbus server
[2025-03-01T02:53:28.333Z] Error reading actual data: no connection to modbus server
[2025-03-01T02:53:28.334Z] Error writing to Modbus register: no connection to modbus server
[2025-03-01T02:53:29.331Z] Error reading register 3105 for IP 10.30.4.91: no connection to modbus server
[2025-03-01T02:53:29.332Z] ❌ Error reading register 1000 for IP 10.30.4.91: no connection to modbus server
[2025-03-01T02:53:29.332Z] Error reading actual data: no connection to modbus server
[2025-03-01T02:53:29.334Z] Error writing to Modbus register: no connection to modbus server
[2025-03-01T02:53:30.345Z] Error reading register 3105 for IP 10.30.4.91: no connection to modbus server
[2025-03-01T02:53:30.346Z] ❌ Error reading register 1000 for IP 10.30.4.91: no connection to modbus server
[2025-03-01T02:53:30.346Z] Error reading actual data: no connection to modbus server
[2025-03-01T02:53:30.347Z] Error writing to Modbus register: no connection to modbus server
[2025-03-01T02:53:31.348Z] Error reading register 3105 for IP 10.30.4.91: no connection to modbus server
[2025-03-01T02:53:31.349Z] ❌ Error reading register 1000 for IP 10.30.4.91: no connection to modbus server
[2025-03-01T02:53:31.349Z] Error reading actual data: no connection to modbus server
[2025-03-01T02:53:31.352Z] Error writing to Modbus register: no connection to modbus server
[2025-03-01T02:53:32.349Z] Error reading register 3105 for IP 10.30.4.91: no connection to modbus server
[2025-03-01T02:53:32.349Z] ❌ Error reading register 1000 for IP 10.30.4.91: no connection to modbus server
[2025-03-01T02:53:32.350Z] Error reading actual data: no connection to modbus server
[2025-03-01T02:53:32.359Z] Error writing to Modbus register: no connection to modbus server
[2025-03-01T02:53:33.365Z] ❌ Error reading register 1000 for IP 10.30.4.91: no connection to modbus server
[2025-03-01T02:53:33.364Z] Error reading register 3105 for IP 10.30.4.91: no connection to modbus server
[2025-03-01T02:53:33.366Z] Error writing to Modbus register: no connection to modbus server
[2025-03-01T02:53:33.366Z] Error reading actual data: no connection to modbus server
[2025-03-01T02:53:34.363Z] Error reading register 3105 for IP 10.30.4.91: no connection to modbus server
[2025-03-01T02:53:34.363Z] ❌ Error reading register 1000 for IP 10.30.4.91: no connection to modbus server
[2025-03-01T02:53:34.364Z] Error reading actual data: no connection to modbus server
[2025-03-01T02:53:34.367Z] Error writing to Modbus register: no connection to modbus server
[2025-03-01T02:53:35.381Z] Error reading register 3105 for IP 10.30.4.91: no connection to modbus server
[2025-03-01T02:53:35.382Z] ❌ Error reading register 1000 for IP 10.30.4.91: no connection to modbus server
[2025-03-01T02:53:35.382Z] Error reading actual data: no connection to modbus server
[2025-03-01T02:53:35.383Z] Error writing to Modbus register: no connection to modbus server
[2025-03-01T02:53:36.395Z] Error reading register 3105 for IP 10.30.4.91: no connection to modbus server
[2025-03-01T02:53:36.396Z] ❌ Error reading register 1000 for IP 10.30.4.91: no connection to modbus server
[2025-03-01T02:53:36.397Z] Error writing to Modbus register: no connection to modbus server
[2025-03-01T02:53:36.397Z] Error reading actual data: no connection to modbus server
[2025-03-01T02:53:37.398Z] Error reading register 3105 for IP 10.30.4.91: no connection to modbus server
[2025-03-01T02:53:37.399Z] ❌ Error reading register 1000 for IP 10.30.4.91: no connection to modbus server
[2025-03-01T02:53:37.399Z] Error reading actual data: no connection to modbus server
[2025-03-01T02:53:37.402Z] Error writing to Modbus register: no connection to modbus server
[2025-03-01T02:53:38.399Z] Error reading register 3105 for IP 10.30.4.91: no connection to modbus server
[2025-03-01T02:53:38.400Z] ❌ Error reading register 1000 for IP 10.30.4.91: no connection to modbus server
[2025-03-01T02:53:38.400Z] Error reading actual data: no connection to modbus server
[2025-03-01T02:53:38.402Z] Error writing to Modbus register: no connection to modbus server
[2025-03-01T02:53:39.402Z] Error reading register 3105 for IP 10.30.4.91: no connection to modbus server
[2025-03-01T02:53:39.402Z] ❌ Error reading register 1000 for IP 10.30.4.91: no connection to modbus server
[2025-03-01T02:53:39.402Z] Error reading actual data: no connection to modbus server
[2025-03-01T02:53:39.403Z] Error writing to Modbus register: no connection to modbus server
[2025-03-01T02:53:40.415Z] Error reading register 3105 for IP 10.30.4.91: no connection to modbus server
[2025-03-01T02:53:40.416Z] ❌ Error reading register 1000 for IP 10.30.4.91: no connection to modbus server
[2025-03-01T02:53:40.416Z] Error reading actual data: no connection to modbus server
[2025-03-01T02:53:40.417Z] Error writing to Modbus register: no connection to modbus server
[2025-03-01T02:53:41.424Z] Error reading register 3105 for IP 10.30.4.91: no connection to modbus server
[2025-03-01T02:53:41.424Z] ❌ Error reading register 1000 for IP 10.30.4.91: no connection to modbus server
[2025-03-01T02:53:41.424Z] Error writing to Modbus register: no connection to modbus server
[2025-03-01T02:53:41.424Z] Error reading actual data: no connection to modbus server
[2025-03-01T02:53:42.429Z] Error reading register 3105 for IP 10.30.4.91: no connection to modbus server
[2025-03-01T02:53:42.429Z] ❌ Error reading register 1000 for IP 10.30.4.91: no connection to modbus server
[2025-03-01T02:53:42.431Z] Error writing to Modbus register: no connection to modbus server
[2025-03-01T02:53:42.430Z] Error reading actual data: no connection to modbus server
[2025-03-01T02:53:43.431Z] Error reading register 3105 for IP 10.30.4.91: no connection to modbus server
[2025-03-01T02:53:43.432Z] ❌ Error reading register 1000 for IP 10.30.4.91: no connection to modbus server
[2025-03-01T02:53:43.432Z] Error reading actual data: no connection to modbus server
[2025-03-01T02:53:43.435Z] Error writing to Modbus register: no connection to modbus server
[2025-03-01T02:53:44.432Z] Error reading register 3105 for IP 10.30.4.91: no connection to modbus server
[2025-03-01T02:53:44.432Z] ❌ Error reading register 1000 for IP 10.30.4.91: no connection to modbus server
[2025-03-01T02:53:44.433Z] Error reading actual data: no connection to modbus server
[2025-03-01T02:53:44.439Z] Error writing to Modbus register: no connection to modbus server
[2025-03-01T02:53:45.448Z] Error reading register 3105 for IP 10.30.4.91: no connection to modbus server
[2025-03-01T02:53:45.449Z] Error reading actual data: no connection to modbus server
[2025-03-01T02:53:45.449Z] ❌ Error reading register 1000 for IP 10.30.4.91: no connection to modbus server
[2025-03-01T02:53:45.450Z] Error writing to Modbus register: no connection to modbus server
[2025-03-01T02:53:46.448Z] Error reading register 3105 for IP 10.30.4.91: no connection to modbus server
[2025-03-01T02:53:46.449Z] ❌ Error reading register 1000 for IP 10.30.4.91: no connection to modbus server
[2025-03-01T02:53:46.449Z] Error reading actual data: no connection to modbus server
[2025-03-01T02:53:46.452Z] Error writing to Modbus register: no connection to modbus server
[2025-03-01T02:53:47.450Z] Error reading register 3105 for IP 10.30.4.91: no connection to modbus server
[2025-03-01T02:53:47.451Z] ❌ Error reading register 1000 for IP 10.30.4.91: no connection to modbus server
[2025-03-01T02:53:47.452Z] Error reading actual data: no connection to modbus server
[2025-03-01T02:53:47.454Z] Error writing to Modbus register: no connection to modbus server
[2025-03-01T02:53:48.464Z] Error reading register 3105 for IP 10.30.4.91: no connection to modbus server
[2025-03-01T02:53:48.465Z] ❌ Error reading register 1000 for IP 10.30.4.91: no connection to modbus server
[2025-03-01T02:53:48.466Z] Error writing to Modbus register: no connection to modbus server
[2025-03-01T02:53:48.465Z] Error reading actual data: no connection to modbus server
[2025-03-01T02:53:49.463Z] Error reading register 3105 for IP 10.30.4.91: no connection to modbus server
[2025-03-01T02:53:49.464Z] ❌ Error reading register 1000 for IP 10.30.4.91: no connection to modbus server
[2025-03-01T02:53:49.464Z] Error reading actual data: no connection to modbus server
[2025-03-01T02:53:49.466Z] Error writing to Modbus register: no connection to modbus server
[2025-03-01T02:53:50.465Z] Error reading register 3105 for IP 10.30.4.91: no connection to modbus server
[2025-03-01T02:53:50.465Z] ❌ Error reading register 1000 for IP 10.30.4.91: no connection to modbus server
[2025-03-01T02:53:50.465Z] Error reading actual data: no connection to modbus server
[2025-03-01T02:53:50.467Z] Error writing to Modbus register: no connection to modbus server
[2025-03-01T02:53:51.465Z] Error reading register 3105 for IP 10.30.4.91: no connection to modbus server
[2025-03-01T02:53:51.466Z] ❌ Error reading register 1000 for IP 10.30.4.91: no connection to modbus server
[2025-03-01T02:53:51.466Z] Error reading actual data: no connection to modbus server
[2025-03-01T02:53:51.469Z] Error writing to Modbus register: no connection to modbus server
[2025-03-01T02:53:52.480Z] ❌ Error reading register 1000 for IP 10.30.4.91: no connection to modbus server
[2025-03-01T02:53:52.480Z] Error reading register 3105 for IP 10.30.4.91: no connection to modbus server
[2025-03-01T02:53:52.480Z] Error reading actual data: no connection to modbus server
[2025-03-01T02:53:52.480Z] Error writing to Modbus register: no connection to modbus server
[2025-03-01T02:53:53.482Z] Error reading register 3105 for IP 10.30.4.91: no connection to modbus server
[2025-03-01T02:53:53.483Z] ❌ Error reading register 1000 for IP 10.30.4.91: no connection to modbus server
[2025-03-01T02:53:53.483Z] Error reading actual data: no connection to modbus server
[2025-03-01T02:53:53.486Z] Error writing to Modbus register: no connection to modbus server
[2025-03-01T02:53:54.481Z] Error reading register 3105 for IP 10.30.4.91: no connection to modbus server
[2025-03-01T02:53:54.481Z] ❌ Error reading register 1000 for IP 10.30.4.91: no connection to modbus server
[2025-03-01T02:53:54.481Z] Error reading actual data: no connection to modbus server
[2025-03-01T02:53:54.485Z] Error writing to Modbus register: no connection to modbus server
[2025-03-01T02:53:55.498Z] Error reading register 3105 for IP 10.30.4.91: no connection to modbus server
[2025-03-01T02:53:55.499Z] Error reading actual data: no connection to modbus server
[2025-03-01T02:53:55.500Z] Error writing to Modbus register: no connection to modbus server
[2025-03-01T02:53:55.499Z] ❌ Error reading register 1000 for IP 10.30.4.91: no connection to modbus server
[2025-03-01T02:53:56.498Z] Error reading register 3105 for IP 10.30.4.91: no connection to modbus server
[2025-03-01T02:53:56.499Z] ❌ Error reading register 1000 for IP 10.30.4.91: no connection to modbus server
[2025-03-01T02:53:56.499Z] Error reading actual data: no connection to modbus server
[2025-03-01T02:53:56.505Z] Error writing to Modbus register: no connection to modbus server
[2025-03-01T02:53:57.513Z] Error reading register 3105 for IP 10.30.4.91: no connection to modbus server
[2025-03-01T02:53:57.514Z] Error reading actual data: no connection to modbus server
[2025-03-01T02:53:57.514Z] ❌ Error reading register 1000 for IP 10.30.4.91: no connection to modbus server
[2025-03-01T02:53:57.515Z] Error writing to Modbus register: no connection to modbus server
[2025-03-01T02:53:58.513Z] Error reading register 3105 for IP 10.30.4.91: no connection to modbus server
[2025-03-01T02:53:58.513Z] ❌ Error reading register 1000 for IP 10.30.4.91: no connection to modbus server
[2025-03-01T02:53:58.513Z] Error reading actual data: no connection to modbus server
[2025-03-01T02:53:58.515Z] Error writing to Modbus register: no connection to modbus server
[2025-03-01T02:53:59.519Z] Error reading register 3105 for IP 10.30.4.91: no connection to modbus server
[2025-03-01T02:53:59.519Z] ❌ Error reading register 1000 for IP 10.30.4.91: no connection to modbus server
[2025-03-01T02:53:59.520Z] Error writing to Modbus register: no connection to modbus server
[2025-03-01T02:53:59.519Z] Error reading actual data: no connection to modbus server
[2025-03-01T02:54:00.520Z] Error reading register 3105 for IP 10.30.4.91: no connection to modbus server
[2025-03-01T02:54:00.520Z] ❌ Error reading register 1000 for IP 10.30.4.91: no connection to modbus server
[2025-03-01T02:54:00.520Z] Error reading actual data: no connection to modbus server
[2025-03-01T02:54:00.520Z] Error writing to Modbus register: no connection to modbus server
[2025-03-01T02:54:01.520Z] Error reading register 3105 for IP 10.30.4.91: no connection to modbus server
[2025-03-01T02:54:01.520Z] ❌ Error reading register 1000 for IP 10.30.4.91: no connection to modbus server
[2025-03-01T02:54:01.520Z] Error reading actual data: no connection to modbus server
[2025-03-01T02:54:01.524Z] Error writing to Modbus register: no connection to modbus server
[2025-03-01T02:54:02.520Z] Error reading register 3105 for IP 10.30.4.91: no connection to modbus server
[2025-03-01T02:54:02.520Z] ❌ Error reading register 1000 for IP 10.30.4.91: no connection to modbus server
[2025-03-01T02:54:02.520Z] Error reading actual data: no connection to modbus server
[2025-03-01T02:54:02.524Z] Error writing to Modbus register: no connection to modbus server
[2025-03-01T02:54:03.526Z] Error reading register 3105 for IP 10.30.4.91: no connection to modbus server
[2025-03-01T02:54:03.526Z] ❌ Error reading register 1000 for IP 10.30.4.91: no connection to modbus server
[2025-03-01T02:54:03.526Z] Error reading actual data: no connection to modbus server
[2025-03-01T02:54:03.526Z] Error writing to Modbus register: no connection to modbus server
[2025-03-01T02:54:04.533Z] Error reading register 3105 for IP 10.30.4.91: no connection to modbus server
[2025-03-01T02:54:04.533Z] ❌ Error reading register 1000 for IP 10.30.4.91: no connection to modbus server
[2025-03-01T02:54:04.533Z] Error reading actual data: no connection to modbus server
[2025-03-01T02:54:04.534Z] Error writing to Modbus register: no connection to modbus server
[2025-03-01T02:54:05.534Z] Error reading register 3105 for IP 10.30.4.91: no connection to modbus server
[2025-03-01T02:54:05.534Z] ❌ Error reading register 1000 for IP 10.30.4.91: no connection to modbus server
[2025-03-01T02:54:05.534Z] Error reading actual data: no connection to modbus server
[2025-03-01T02:54:05.535Z] Error writing to Modbus register: no connection to modbus server
[2025-03-01T02:54:06.551Z] Error reading register 3105 for IP 10.30.4.91: no connection to modbus server
[2025-03-01T02:54:06.552Z] ❌ Error reading register 1000 for IP 10.30.4.91: no connection to modbus server
[2025-03-01T02:54:06.553Z] Error reading actual data: no connection to modbus server
[2025-03-01T02:54:06.554Z] Error writing to Modbus register: no connection to modbus server
[2025-03-01T02:54:07.557Z] Error reading register 3105 for IP 10.30.4.91: no connection to modbus server
[2025-03-01T02:54:07.557Z] ❌ Error reading register 1000 for IP 10.30.4.91: no connection to modbus server
[2025-03-01T02:54:07.558Z] Error reading actual data: no connection to modbus server
[2025-03-01T02:54:07.558Z] Error writing to Modbus register: no connection to modbus server
[2025-03-01T02:54:08.559Z] Error reading register 3105 for IP 10.30.4.91: no connection to modbus server
[2025-03-01T02:54:08.560Z] ❌ Error reading register 1000 for IP 10.30.4.91: no connection to modbus server
[2025-03-01T02:54:08.560Z] Error reading actual data: no connection to modbus server
[2025-03-01T02:54:08.560Z] Error writing to Modbus register: no connection to modbus server
[2025-03-01T02:54:09.568Z] Error reading register 3105 for IP 10.30.4.91: no connection to modbus server
[2025-03-01T02:54:09.569Z] ❌ Error reading register 1000 for IP 10.30.4.91: no connection to modbus server
[2025-03-01T02:54:09.570Z] Error reading actual data: no connection to modbus server
[2025-03-01T02:54:09.571Z] Error writing to Modbus register: no connection to modbus server
[2025-03-01T02:54:10.570Z] Error reading register 3105 for IP 10.30.4.91: no connection to modbus server
[2025-03-01T02:54:10.571Z] ❌ Error reading register 1000 for IP 10.30.4.91: no connection to modbus server
[2025-03-01T02:54:10.571Z] Error reading actual data: no connection to modbus server
[2025-03-01T02:54:10.579Z] Error writing to Modbus register: no connection to modbus server
[2025-03-01T02:54:11.581Z] Error reading register 3105 for IP 10.30.4.91: no connection to modbus server
[2025-03-01T02:54:11.582Z] ❌ Error reading register 1000 for IP 10.30.4.91: no connection to modbus server
[2025-03-01T02:54:11.582Z] Error reading actual data: no connection to modbus server
[2025-03-01T02:54:11.585Z] Error writing to Modbus register: no connection to modbus server
[2025-03-01T02:54:12.583Z] Error reading register 3105 for IP 10.30.4.91: no connection to modbus server
[2025-03-01T02:54:12.583Z] ❌ Error reading register 1000 for IP 10.30.4.91: no connection to modbus server
[2025-03-01T02:54:12.583Z] Error reading actual data: no connection to modbus server
[2025-03-01T02:54:12.585Z] Error writing to Modbus register: no connection to modbus server
[2025-03-01T02:54:13.585Z] Error reading register 3105 for IP 10.30.4.91: no connection to modbus server
[2025-03-01T02:54:13.586Z] ❌ Error reading register 1000 for IP 10.30.4.91: no connection to modbus server
[2025-03-01T02:54:13.586Z] Error reading actual data: no connection to modbus server
[2025-03-01T02:54:13.588Z] Error writing to Modbus register: no connection to modbus server
[2025-03-01T02:54:14.584Z] Error reading register 3105 for IP 10.30.4.91: no connection to modbus server
[2025-03-01T02:54:14.585Z] ❌ Error reading register 1000 for IP 10.30.4.91: no connection to modbus server
[2025-03-01T02:54:14.585Z] Error reading actual data: no connection to modbus server
[2025-03-01T02:54:14.588Z] Error writing to Modbus register: no connection to modbus server
[2025-03-01T02:54:15.597Z] Error reading register 3105 for IP 10.30.4.91: no connection to modbus server
[2025-03-01T02:54:15.597Z] ❌ Error reading register 1000 for IP 10.30.4.91: no connection to modbus server
[2025-03-01T02:54:15.597Z] Error reading actual data: no connection to modbus server
[2025-03-01T02:54:15.598Z] Error writing to Modbus register: no connection to modbus server
[2025-03-01T02:54:16.598Z] Error reading register 3105 for IP 10.30.4.91: no connection to modbus server
[2025-03-01T02:54:16.598Z] ❌ Error reading register 1000 for IP 10.30.4.91: no connection to modbus server
[2025-03-01T02:54:16.599Z] Error reading actual data: no connection to modbus server
[2025-03-01T02:54:16.599Z] Error writing to Modbus register: no connection to modbus server
[2025-03-01T02:54:17.600Z] Error reading register 3105 for IP 10.30.4.91: no connection to modbus server
[2025-03-01T02:54:17.601Z] ❌ Error reading register 1000 for IP 10.30.4.91: no connection to modbus server
[2025-03-01T02:54:17.601Z] Error reading actual data: no connection to modbus server
[2025-03-01T02:54:17.611Z] Error writing to Modbus register: no connection to modbus server
[2025-03-01T02:54:18.607Z] Error reading register 3105 for IP 10.30.4.91: no connection to modbus server
[2025-03-01T02:54:18.607Z] ❌ Error reading register 1000 for IP 10.30.4.91: no connection to modbus server
[2025-03-01T02:54:18.608Z] Error reading actual data: no connection to modbus server
[2025-03-01T02:54:18.611Z] Error writing to Modbus register: no connection to modbus server
[2025-03-01T02:54:19.613Z] Error reading register 3105 for IP 10.30.4.91: no connection to modbus server
[2025-03-01T02:54:19.613Z] ❌ Error reading register 1000 for IP 10.30.4.91: no connection to modbus server
[2025-03-01T02:54:19.613Z] Error reading actual data: no connection to modbus server
[2025-03-01T02:54:19.613Z] Error writing to Modbus register: no connection to modbus server
[2025-03-01T02:54:20.617Z] Error reading register 3105 for IP 10.30.4.91: no connection to modbus server
[2025-03-01T02:54:20.618Z] Error reading actual data: no connection to modbus server
[2025-03-01T02:54:20.618Z] ❌ Error reading register 1000 for IP 10.30.4.91: no connection to modbus server
[2025-03-01T02:54:20.619Z] Error writing to Modbus register: no connection to modbus server
[2025-03-01T02:54:21.618Z] Error reading register 3105 for IP 10.30.4.91: no connection to modbus server
[2025-03-01T02:54:21.619Z] ❌ Error reading register 1000 for IP 10.30.4.91: no connection to modbus server
[2025-03-01T02:54:21.619Z] Error reading actual data: no connection to modbus server
[2025-03-01T02:54:21.622Z] Error writing to Modbus register: no connection to modbus server
[2025-03-01T02:54:22.620Z] Error reading register 3105 for IP 10.30.4.91: no connection to modbus server
[2025-03-01T02:54:22.620Z] ❌ Error reading register 1000 for IP 10.30.4.91: no connection to modbus server
[2025-03-01T02:54:22.620Z] Error reading actual data: no connection to modbus server
[2025-03-01T02:54:22.621Z] Error writing to Modbus register: no connection to modbus server
[2025-03-01T02:54:23.634Z] Error reading register 3105 for IP 10.30.4.91: no connection to modbus server
[2025-03-01T02:54:23.635Z] Error reading actual data: no connection to modbus server
[2025-03-01T02:54:23.635Z] ❌ Error reading register 1000 for IP 10.30.4.91: no connection to modbus server
[2025-03-01T02:54:23.636Z] Error writing to Modbus register: no connection to modbus server
[2025-03-01T02:54:24.633Z] Error reading register 3105 for IP 10.30.4.91: no connection to modbus server
[2025-03-01T02:54:24.634Z] ❌ Error reading register 1000 for IP 10.30.4.91: no connection to modbus server
[2025-03-01T02:54:24.634Z] Error reading actual data: no connection to modbus server
[2025-03-01T02:54:24.636Z] Error writing to Modbus register: no connection to modbus server
[2025-03-01T02:54:25.646Z] ❌ Error reading register 1000 for IP 10.30.4.91: no connection to modbus server
[2025-03-01T02:54:25.645Z] Error reading register 3105 for IP 10.30.4.91: no connection to modbus server
[2025-03-01T02:54:25.646Z] Error reading actual data: no connection to modbus server
[2025-03-01T02:54:25.646Z] Error writing to Modbus register: no connection to modbus server
[2025-03-01T02:54:26.651Z] Error reading register 3105 for IP 10.30.4.91: no connection to modbus server
[2025-03-01T02:54:26.652Z] ❌ Error reading register 1000 for IP 10.30.4.91: no connection to modbus server
[2025-03-01T02:54:26.653Z] Error reading actual data: no connection to modbus server
[2025-03-01T02:54:26.654Z] Error writing to Modbus register: no connection to modbus server
[2025-03-01T02:54:27.653Z] Error reading register 3105 for IP 10.30.4.91: no connection to modbus server
[2025-03-01T02:54:27.654Z] Error reading actual data: no connection to modbus server
[2025-03-01T02:54:27.653Z] ❌ Error reading register 1000 for IP 10.30.4.91: no connection to modbus server
[2025-03-01T02:54:27.657Z] Error writing to Modbus register: no connection to modbus server
[2025-03-01T02:54:28.658Z] Error reading register 3105 for IP 10.30.4.91: no connection to modbus server
[2025-03-01T02:54:28.658Z] ❌ Error reading register 1000 for IP 10.30.4.91: no connection to modbus server
[2025-03-01T02:54:28.658Z] Error reading actual data: no connection to modbus server
[2025-03-01T02:54:28.658Z] Error writing to Modbus register: no connection to modbus server
[2025-03-01T02:54:29.657Z] Error reading register 3105 for IP 10.30.4.91: no connection to modbus server
[2025-03-01T02:54:29.657Z] ❌ Error reading register 1000 for IP 10.30.4.91: no connection to modbus server
[2025-03-01T02:54:29.657Z] Error reading actual data: no connection to modbus server
[2025-03-01T02:54:29.659Z] Error writing to Modbus register: no connection to modbus server
[2025-03-01T02:54:30.667Z] ❌ Error reading register 1000 for IP 10.30.4.91: no connection to modbus server
[2025-03-01T02:54:30.666Z] Error reading register 3105 for IP 10.30.4.91: no connection to modbus server
[2025-03-01T02:54:30.667Z] Error reading actual data: no connection to modbus server
[2025-03-01T02:54:30.669Z] Error writing to Modbus register: no connection to modbus server
[2025-03-01T02:54:31.667Z] Error reading register 3105 for IP 10.30.4.91: no connection to modbus server
[2025-03-01T02:54:31.668Z] ❌ Error reading register 1000 for IP 10.30.4.91: no connection to modbus server
[2025-03-01T02:54:31.668Z] Error reading actual data: no connection to modbus server
[2025-03-01T02:54:31.670Z] Error writing to Modbus register: no connection to modbus server
[2025-03-01T02:54:32.668Z] Error reading register 3105 for IP 10.30.4.91: no connection to modbus server
[2025-03-01T02:54:32.668Z] ❌ Error reading register 1000 for IP 10.30.4.91: no connection to modbus server
[2025-03-01T02:54:32.669Z] Error reading actual data: no connection to modbus server
[2025-03-01T02:54:32.673Z] Error writing to Modbus register: no connection to modbus server
[2025-03-01T02:54:33.674Z] Error reading register 3105 for IP 10.30.4.91: no connection to modbus server
[2025-03-01T02:54:33.674Z] ❌ Error reading register 1000 for IP 10.30.4.91: no connection to modbus server
[2025-03-01T02:54:33.675Z] Error writing to Modbus register: no connection to modbus server
[2025-03-01T02:54:33.675Z] Error reading actual data: no connection to modbus server
[2025-03-01T02:54:34.684Z] Error reading register 3105 for IP 10.30.4.91: no connection to modbus server
[2025-03-01T02:54:34.685Z] ❌ Error reading register 1000 for IP 10.30.4.91: no connection to modbus server
[2025-03-01T02:54:34.686Z] Error writing to Modbus register: no connection to modbus server
[2025-03-01T02:54:34.685Z] Error reading actual data: no connection to modbus server
[2025-03-01T02:54:35.687Z] Error reading register 3105 for IP 10.30.4.91: no connection to modbus server
[2025-03-01T02:54:35.688Z] Error reading actual data: no connection to modbus server
[2025-03-01T02:54:35.687Z] ❌ Error reading register 1000 for IP 10.30.4.91: no connection to modbus server
[2025-03-01T02:54:35.689Z] Error writing to Modbus register: no connection to modbus server
[2025-03-01T02:54:36.690Z] ❌ Error reading register 1000 for IP 10.30.4.91: no connection to modbus server
[2025-03-01T02:54:36.690Z] Error reading register 3105 for IP 10.30.4.91: no connection to modbus server
[2025-03-01T02:54:36.691Z] Error writing to Modbus register: no connection to modbus server
[2025-03-01T02:54:36.690Z] Error reading actual data: no connection to modbus server
[2025-03-01T02:54:37.690Z] Error reading register 3105 for IP 10.30.4.91: no connection to modbus server
[2025-03-01T02:54:37.691Z] Error reading actual data: no connection to modbus server
[2025-03-01T02:54:37.691Z] Error writing to Modbus register: no connection to modbus server
[2025-03-01T02:54:37.691Z] ❌ Error reading register 1000 for IP 10.30.4.91: no connection to modbus server
[2025-03-01T02:54:38.693Z] ❌ Error reading register 1000 for IP 10.30.4.91: no connection to modbus server
[2025-03-01T02:54:38.693Z] Error writing to Modbus register: no connection to modbus server
[2025-03-01T02:54:38.693Z] Error reading register 3105 for IP 10.30.4.91: no connection to modbus server
[2025-03-01T02:54:38.693Z] Error reading actual data: no connection to modbus server
[2025-03-01T02:54:39.701Z] Error reading register 3105 for IP 10.30.4.91: no connection to modbus server
[2025-03-01T02:54:39.702Z] Error reading actual data: no connection to modbus server
[2025-03-01T02:54:39.702Z] ❌ Error reading register 1000 for IP 10.30.4.91: no connection to modbus server
[2025-03-01T02:54:39.703Z] Error writing to Modbus register: no connection to modbus server
[2025-03-01T02:54:40.717Z] Error reading register 3105 for IP 10.30.4.91: no connection to modbus server
[2025-03-01T02:54:40.718Z] ❌ Error reading register 1000 for IP 10.30.4.91: no connection to modbus server
[2025-03-01T02:54:40.719Z] Error reading actual data: no connection to modbus server
[2025-03-01T02:54:40.720Z] Error writing to Modbus register: no connection to modbus server
[2025-03-01T02:54:41.719Z] Error reading register 3105 for IP 10.30.4.91: no connection to modbus server
[2025-03-01T02:54:41.719Z] ❌ Error reading register 1000 for IP 10.30.4.91: no connection to modbus server
[2025-03-01T02:54:41.719Z] Error reading actual data: no connection to modbus server
[2025-03-01T02:54:41.722Z] Error writing to Modbus register: no connection to modbus server
[2025-03-01T02:54:42.719Z] Error reading register 3105 for IP 10.30.4.91: no connection to modbus server
[2025-03-01T02:54:42.720Z] ❌ Error reading register 1000 for IP 10.30.4.91: no connection to modbus server
[2025-03-01T02:54:42.720Z] Error reading actual data: no connection to modbus server
[2025-03-01T02:54:42.722Z] Error writing to Modbus register: no connection to modbus server
[2025-03-01T02:54:43.735Z] Error reading register 3105 for IP 10.30.4.91: no connection to modbus server
[2025-03-01T02:54:43.735Z] ❌ Error reading register 1000 for IP 10.30.4.91: no connection to modbus server
[2025-03-01T02:54:43.736Z] Error reading actual data: no connection to modbus server
[2025-03-01T02:54:43.737Z] Error writing to Modbus register: no connection to modbus server
[2025-03-01T02:54:44.736Z] Error reading register 3105 for IP 10.30.4.91: no connection to modbus server
[2025-03-01T02:54:44.737Z] ❌ Error reading register 1000 for IP 10.30.4.91: no connection to modbus server
[2025-03-01T02:54:44.737Z] Error reading actual data: no connection to modbus server
[2025-03-01T02:54:44.738Z] Error writing to Modbus register: no connection to modbus server
[2025-03-01T02:54:45.753Z] Error reading register 3105 for IP 10.30.4.91: no connection to modbus server
[2025-03-01T02:54:45.753Z] ❌ Error reading register 1000 for IP 10.30.4.91: no connection to modbus server
[2025-03-01T02:54:45.754Z] Error reading actual data: no connection to modbus server
[2025-03-01T02:54:45.755Z] Error writing to Modbus register: no connection to modbus server
[2025-03-01T02:54:46.767Z] Error reading register 3105 for IP 10.30.4.91: no connection to modbus server
[2025-03-01T02:54:46.768Z] ❌ Error reading register 1000 for IP 10.30.4.91: no connection to modbus server
[2025-03-01T02:54:46.768Z] Error reading actual data: no connection to modbus server
[2025-03-01T02:54:46.769Z] Error writing to Modbus register: no connection to modbus server
[2025-03-01T02:54:47.783Z] Error reading register 3105 for IP 10.30.4.91: no connection to modbus server
[2025-03-01T02:54:47.783Z] ❌ Error reading register 1000 for IP 10.30.4.91: no connection to modbus server
[2025-03-01T02:54:47.784Z] Error writing to Modbus register: no connection to modbus server
[2025-03-01T02:54:47.784Z] Error reading actual data: no connection to modbus server
[2025-03-01T02:54:48.783Z] Error reading register 3105 for IP 10.30.4.91: no connection to modbus server
[2025-03-01T02:54:48.783Z] ❌ Error reading register 1000 for IP 10.30.4.91: no connection to modbus server
[2025-03-01T02:54:48.784Z] Error reading actual data: no connection to modbus server
[2025-03-01T02:54:48.785Z] Error writing to Modbus register: no connection to modbus server
[2025-03-01T02:54:49.799Z] Error reading register 3105 for IP 10.30.4.91: no connection to modbus server
[2025-03-01T02:54:49.799Z] ❌ Error reading register 1000 for IP 10.30.4.91: no connection to modbus server
[2025-03-01T02:54:49.799Z] Error reading actual data: no connection to modbus server
[2025-03-01T02:54:49.799Z] Error writing to Modbus register: no connection to modbus server
[2025-03-01T02:54:50.816Z] Error reading register 3105 for IP 10.30.4.91: no connection to modbus server
[2025-03-01T02:54:50.816Z] Error reading actual data: no connection to modbus server
[2025-03-01T02:54:50.816Z] ❌ Error reading register 1000 for IP 10.30.4.91: no connection to modbus server
[2025-03-01T02:54:50.817Z] Error writing to Modbus register: no connection to modbus server
[2025-03-01T02:54:51.822Z] Error reading actual data: no connection to modbus server
[2025-03-01T02:54:51.822Z] Error reading register 3105 for IP 10.30.4.91: no connection to modbus server
[2025-03-01T02:54:51.823Z] Error writing to Modbus register: no connection to modbus server
[2025-03-01T02:54:51.822Z] ❌ Error reading register 1000 for IP 10.30.4.91: no connection to modbus server
[2025-03-01T02:54:52.833Z] Error reading register 3105 for IP 10.30.4.91: no connection to modbus server
[2025-03-01T02:54:52.834Z] ❌ Error reading register 1000 for IP 10.30.4.91: no connection to modbus server
[2025-03-01T02:54:52.835Z] Error writing to Modbus register: no connection to modbus server
[2025-03-01T02:54:52.834Z] Error reading actual data: no connection to modbus server
[2025-03-01T02:54:53.835Z] Error reading register 3105 for IP 10.30.4.91: no connection to modbus server
[2025-03-01T02:54:53.836Z] ❌ Error reading register 1000 for IP 10.30.4.91: no connection to modbus server
[2025-03-01T02:54:53.836Z] Error reading actual data: no connection to modbus server
[2025-03-01T02:54:53.844Z] Error writing to Modbus register: no connection to modbus server
[2025-03-01T02:54:54.848Z] Error reading register 3105 for IP 10.30.4.91: no connection to modbus server
[2025-03-01T02:54:54.849Z] ❌ Error reading register 1000 for IP 10.30.4.91: no connection to modbus server
[2025-03-01T02:54:54.849Z] Error reading actual data: no connection to modbus server
[2025-03-01T02:54:54.850Z] Error writing to Modbus register: no connection to modbus server
[2025-03-01T02:54:55.850Z] Error reading register 3105 for IP 10.30.4.91: no connection to modbus server
[2025-03-01T02:54:55.851Z] ❌ Error reading register 1000 for IP 10.30.4.91: no connection to modbus server
[2025-03-01T02:54:55.851Z] Error reading actual data: no connection to modbus server
[2025-03-01T02:54:55.854Z] Error writing to Modbus register: no connection to modbus server
[2025-03-01T02:54:56.860Z] Error reading register 3105 for IP 10.30.4.91: no connection to modbus server
[2025-03-01T02:54:56.860Z] ❌ Error reading register 1000 for IP 10.30.4.91: no connection to modbus server
[2025-03-01T02:54:56.861Z] Error writing to Modbus register: no connection to modbus server
[2025-03-01T02:54:56.860Z] Error reading actual data: no connection to modbus server
[2025-03-01T02:54:57.867Z] Error reading register 3105 for IP 10.30.4.91: no connection to modbus server
[2025-03-01T02:54:57.868Z] ❌ Error reading register 1000 for IP 10.30.4.91: no connection to modbus server
[2025-03-01T02:54:57.869Z] Error reading actual data: no connection to modbus server
[2025-03-01T02:54:57.869Z] Error writing to Modbus register: no connection to modbus server
[2025-03-01T02:54:58.882Z] Error reading register 3105 for IP 10.30.4.91: no connection to modbus server
[2025-03-01T02:54:58.882Z] ❌ Error reading register 1000 for IP 10.30.4.91: no connection to modbus server
[2025-03-01T02:54:58.883Z] Error reading actual data: no connection to modbus server
[2025-03-01T02:54:58.884Z] Error writing to Modbus register: no connection to modbus server
[2025-03-01T02:54:59.883Z] Error reading register 3105 for IP 10.30.4.91: no connection to modbus server
[2025-03-01T02:54:59.883Z] ❌ Error reading register 1000 for IP 10.30.4.91: no connection to modbus server
[2025-03-01T02:54:59.883Z] Error reading actual data: no connection to modbus server
[2025-03-01T02:54:59.883Z] Error writing to Modbus register: no connection to modbus server
[2025-03-01T02:55:00.900Z] Error reading register 3105 for IP 10.30.4.91: no connection to modbus server
[2025-03-01T02:55:00.901Z] ❌ Error reading register 1000 for IP 10.30.4.91: no connection to modbus server
[2025-03-01T02:55:00.902Z] Error reading actual data: no connection to modbus server
[2025-03-01T02:55:00.903Z] Error writing to Modbus register: no connection to modbus server
[2025-03-01T02:55:01.901Z] Error reading register 3105 for IP 10.30.4.91: no connection to modbus server
[2025-03-01T02:55:01.901Z] ❌ Error reading register 1000 for IP 10.30.4.91: no connection to modbus server
[2025-03-01T02:55:01.902Z] Error reading actual data: no connection to modbus server
[2025-03-01T02:55:01.906Z] Error writing to Modbus register: no connection to modbus server
[2025-03-01T02:55:02.900Z] Error reading register 3105 for IP 10.30.4.91: no connection to modbus server
[2025-03-01T02:55:02.901Z] ❌ Error reading register 1000 for IP 10.30.4.91: no connection to modbus server
[2025-03-01T02:55:02.901Z] Error reading actual data: no connection to modbus server
[2025-03-01T02:55:02.910Z] Error writing to Modbus register: no connection to modbus server
[2025-03-01T02:55:03.900Z] Error reading register 3105 for IP 10.30.4.91: no connection to modbus server
[2025-03-01T02:55:03.901Z] ❌ Error reading register 1000 for IP 10.30.4.91: no connection to modbus server
[2025-03-01T02:55:03.901Z] Error reading actual data: no connection to modbus server
[2025-03-01T02:55:03.910Z] Error writing to Modbus register: no connection to modbus server
[2025-03-01T02:55:04.902Z] Error reading register 3105 for IP 10.30.4.91: no connection to modbus server
[2025-03-01T02:55:04.903Z] Error reading actual data: no connection to modbus server
[2025-03-01T02:55:04.902Z] ❌ Error reading register 1000 for IP 10.30.4.91: no connection to modbus server
[2025-03-01T02:55:04.910Z] Error writing to Modbus register: no connection to modbus server
[2025-03-01T02:55:05.917Z] Error reading register 3105 for IP 10.30.4.91: no connection to modbus server
[2025-03-01T02:55:05.918Z] ❌ Error reading register 1000 for IP 10.30.4.91: no connection to modbus server
[2025-03-01T02:55:05.919Z] Error reading actual data: no connection to modbus server
[2025-03-01T02:55:05.920Z] Error writing to Modbus register: no connection to modbus server
[2025-03-01T02:55:06.931Z] Error reading register 3105 for IP 10.30.4.91: no connection to modbus server
[2025-03-01T02:55:06.931Z] ❌ Error reading register 1000 for IP 10.30.4.91: no connection to modbus server
[2025-03-01T02:55:06.932Z] Error reading actual data: no connection to modbus server
[2025-03-01T02:55:06.933Z] Error writing to Modbus register: no connection to modbus server
[2025-03-01T02:55:07.930Z] ❌ Error reading register 1000 for IP 10.30.4.91: no connection to modbus server
[2025-03-01T02:55:07.930Z] Error reading register 3105 for IP 10.30.4.91: no connection to modbus server
[2025-03-01T02:55:07.930Z] Error reading actual data: no connection to modbus server
[2025-03-01T02:55:07.934Z] Error writing to Modbus register: no connection to modbus server
[2025-03-01T02:55:08.950Z] Error reading register 3105 for IP 10.30.4.91: no connection to modbus server
[2025-03-01T02:55:08.950Z] ❌ Error reading register 1000 for IP 10.30.4.91: no connection to modbus server
[2025-03-01T02:55:08.951Z] Error reading actual data: no connection to modbus server
[2025-03-01T02:55:08.951Z] Error writing to Modbus register: no connection to modbus server
[2025-03-01T02:55:09.951Z] Error reading register 3105 for IP 10.30.4.91: no connection to modbus server
[2025-03-01T02:55:09.951Z] Error reading actual data: no connection to modbus server
[2025-03-01T02:55:09.951Z] ❌ Error reading register 1000 for IP 10.30.4.91: no connection to modbus server
[2025-03-01T02:55:09.953Z] Error writing to Modbus register: no connection to modbus server
[2025-03-01T02:55:10.954Z] Error reading register 3105 for IP 10.30.4.91: no connection to modbus server
[2025-03-01T02:55:10.955Z] ❌ Error reading register 1000 for IP 10.30.4.91: no connection to modbus server
[2025-03-01T02:55:10.955Z] Error writing to Modbus register: no connection to modbus server
[2025-03-01T02:55:10.955Z] Error reading actual data: no connection to modbus server
[2025-03-01T02:55:11.966Z] Error reading register 3105 for IP 10.30.4.91: no connection to modbus server
[2025-03-01T02:55:11.966Z] ❌ Error reading register 1000 for IP 10.30.4.91: no connection to modbus server
[2025-03-01T02:55:11.968Z] Error writing to Modbus register: no connection to modbus server
[2025-03-01T02:55:11.967Z] Error reading actual data: no connection to modbus server
[2025-03-01T02:55:12.968Z] Error reading register 3105 for IP 10.30.4.91: no connection to modbus server
[2025-03-01T02:55:12.968Z] ❌ Error reading register 1000 for IP 10.30.4.91: no connection to modbus server
[2025-03-01T02:55:12.969Z] Error reading actual data: no connection to modbus server
[2025-03-01T02:55:12.972Z] Error writing to Modbus register: no connection to modbus server
[2025-03-01T02:55:13.984Z] Error reading register 3105 for IP 10.30.4.91: no connection to modbus server
[2025-03-01T02:55:13.985Z] ❌ Error reading register 1000 for IP 10.30.4.91: no connection to modbus server
[2025-03-01T02:55:13.986Z] Error writing to Modbus register: no connection to modbus server
[2025-03-01T02:55:13.985Z] Error reading actual data: no connection to modbus server
[2025-03-01T02:55:14.990Z] Error reading register 3105 for IP 10.30.4.91: no connection to modbus server
[2025-03-01T02:55:14.990Z] ❌ Error reading register 1000 for IP 10.30.4.91: no connection to modbus server
[2025-03-01T02:55:14.991Z] Error reading actual data: no connection to modbus server
[2025-03-01T02:55:14.991Z] Error writing to Modbus register: no connection to modbus server
[2025-03-01T02:55:16.017Z] Error reading register 3105 for IP 10.30.4.91: no connection to modbus server
[2025-03-01T02:55:16.018Z] ❌ Error reading register 1000 for IP 10.30.4.91: no connection to modbus server
[2025-03-01T02:55:16.019Z] Error writing to Modbus register: no connection to modbus server
[2025-03-01T02:55:16.018Z] Error reading actual data: no connection to modbus server
[2025-03-01T02:55:17.023Z] Error reading register 3105 for IP 10.30.4.91: no connection to modbus server
[2025-03-01T02:55:17.023Z] ❌ Error reading register 1000 for IP 10.30.4.91: no connection to modbus server
[2025-03-01T02:55:17.024Z] Error reading actual data: no connection to modbus server
[2025-03-01T02:55:17.024Z] Error writing to Modbus register: no connection to modbus server
[2025-03-01T02:55:18.025Z] Error reading register 3105 for IP 10.30.4.91: no connection to modbus server
[2025-03-01T02:55:18.025Z] ❌ Error reading register 1000 for IP 10.30.4.91: no connection to modbus server
[2025-03-01T02:55:18.025Z] Error reading actual data: no connection to modbus server
[2025-03-01T02:55:18.026Z] Error writing to Modbus register: no connection to modbus server
[2025-03-01T02:55:19.026Z] Error reading register 3105 for IP 10.30.4.91: no connection to modbus server
[2025-03-01T02:55:19.026Z] ❌ Error reading register 1000 for IP 10.30.4.91: no connection to modbus server
[2025-03-01T02:55:19.026Z] Error reading actual data: no connection to modbus server
[2025-03-01T02:55:19.031Z] Error writing to Modbus register: no connection to modbus server
[2025-03-01T02:55:20.031Z] Error reading register 3105 for IP 10.30.4.91: no connection to modbus server
[2025-03-01T02:55:20.032Z] ❌ Error reading register 1000 for IP 10.30.4.91: no connection to modbus server
[2025-03-01T02:55:20.033Z] Error reading actual data: no connection to modbus server
[2025-03-01T02:55:20.035Z] Error writing to Modbus register: no connection to modbus server
[2025-03-01T02:55:21.034Z] Error reading register 3105 for IP 10.30.4.91: no connection to modbus server
[2025-03-01T02:55:21.035Z] Error reading actual data: no connection to modbus server
[2025-03-01T02:55:21.034Z] ❌ Error reading register 1000 for IP 10.30.4.91: no connection to modbus server
[2025-03-01T02:55:21.038Z] Error writing to Modbus register: no connection to modbus server
[2025-03-01T02:55:22.044Z] Error reading register 3105 for IP 10.30.4.91: no connection to modbus server
[2025-03-01T02:55:22.044Z] ❌ Error reading register 1000 for IP 10.30.4.91: no connection to modbus server
[2025-03-01T02:55:22.045Z] Error reading actual data: no connection to modbus server
[2025-03-01T02:55:22.045Z] Error writing to Modbus register: no connection to modbus server
[2025-03-01T02:55:23.050Z] Error reading register 3105 for IP 10.30.4.91: no connection to modbus server
[2025-03-01T02:55:23.051Z] ❌ Error reading register 1000 for IP 10.30.4.91: no connection to modbus server
[2025-03-01T02:55:23.052Z] Error writing to Modbus register: no connection to modbus server
[2025-03-01T02:55:23.051Z] Error reading actual data: no connection to modbus server
[2025-03-01T02:55:24.053Z] Error reading register 3105 for IP 10.30.4.91: no connection to modbus server
[2025-03-01T02:55:24.054Z] ❌ Error reading register 1000 for IP 10.30.4.91: no connection to modbus server
[2025-03-01T02:55:24.055Z] Error writing to Modbus register: no connection to modbus server
[2025-03-01T02:55:24.054Z] Error reading actual data: no connection to modbus server
[2025-03-01T02:55:25.067Z] Error reading register 3105 for IP 10.30.4.91: no connection to modbus server
[2025-03-01T02:55:25.068Z] ❌ Error reading register 1000 for IP 10.30.4.91: no connection to modbus server
[2025-03-01T02:55:25.068Z] Error reading actual data: no connection to modbus server
[2025-03-01T02:55:25.069Z] Error writing to Modbus register: no connection to modbus server
[2025-03-01T02:55:26.074Z] Error reading register 3105 for IP 10.30.4.91: no connection to modbus server
[2025-03-01T02:55:26.075Z] ❌ Error reading register 1000 for IP 10.30.4.91: no connection to modbus server
[2025-03-01T02:55:26.075Z] Error reading actual data: no connection to modbus server
[2025-03-01T02:55:26.075Z] Error writing to Modbus register: no connection to modbus server
[2025-03-01T02:55:27.082Z] Error reading register 3105 for IP 10.30.4.91: no connection to modbus server
[2025-03-01T02:55:27.083Z] ❌ Error reading register 1000 for IP 10.30.4.91: no connection to modbus server
[2025-03-01T02:55:27.083Z] Error reading actual data: no connection to modbus server
[2025-03-01T02:55:27.084Z] Error writing to Modbus register: no connection to modbus server
[2025-03-01T02:55:28.083Z] Error reading register 3105 for IP 10.30.4.91: no connection to modbus server
[2025-03-01T02:55:28.084Z] ❌ Error reading register 1000 for IP 10.30.4.91: no connection to modbus server
[2025-03-01T02:55:28.084Z] Error reading actual data: no connection to modbus server
[2025-03-01T02:55:28.091Z] Error writing to Modbus register: no connection to modbus server
[2025-03-01T02:55:29.089Z] Error reading register 3105 for IP 10.30.4.91: no connection to modbus server
[2025-03-01T02:55:29.090Z] ❌ Error reading register 1000 for IP 10.30.4.91: no connection to modbus server
[2025-03-01T02:55:29.090Z] Error reading actual data: no connection to modbus server
[2025-03-01T02:55:29.092Z] Error writing to Modbus register: no connection to modbus server
[2025-03-01T02:55:30.100Z] Error reading register 3105 for IP 10.30.4.91: no connection to modbus server
[2025-03-01T02:55:30.100Z] ❌ Error reading register 1000 for IP 10.30.4.91: no connection to modbus server
[2025-03-01T02:55:30.101Z] Error reading actual data: no connection to modbus server
[2025-03-01T02:55:30.102Z] Error writing to Modbus register: no connection to modbus server
[2025-03-01T02:55:31.099Z] Error reading register 3105 for IP 10.30.4.91: no connection to modbus server
[2025-03-01T02:55:31.099Z] ❌ Error reading register 1000 for IP 10.30.4.91: no connection to modbus server
[2025-03-01T02:55:31.099Z] Error reading actual data: no connection to modbus server
[2025-03-01T02:55:31.103Z] Error writing to Modbus register: no connection to modbus server
[2025-03-01T02:55:32.113Z] Error reading register 3105 for IP 10.30.4.91: no connection to modbus server
[2025-03-01T02:55:32.114Z] ❌ Error reading register 1000 for IP 10.30.4.91: no connection to modbus server
[2025-03-01T02:55:32.114Z] Error reading actual data: no connection to modbus server
[2025-03-01T02:55:32.115Z] Error writing to Modbus register: no connection to modbus server
[2025-03-01T02:55:33.118Z] Error reading register 3105 for IP 10.30.4.91: no connection to modbus server
[2025-03-01T02:55:33.118Z] ❌ Error reading register 1000 for IP 10.30.4.91: no connection to modbus server
[2025-03-01T02:55:33.119Z] Error reading actual data: no connection to modbus server
[2025-03-01T02:55:33.120Z] Error writing to Modbus register: no connection to modbus server
[2025-03-01T02:55:34.124Z] Error reading register 3105 for IP 10.30.4.91: no connection to modbus server
[2025-03-01T02:55:34.124Z] ❌ Error reading register 1000 for IP 10.30.4.91: no connection to modbus server
[2025-03-01T02:55:34.124Z] Error reading actual data: no connection to modbus server
[2025-03-01T02:55:34.125Z] Error writing to Modbus register: no connection to modbus server
[2025-03-01T02:55:35.131Z] Error reading register 3105 for IP 10.30.4.91: no connection to modbus server
[2025-03-01T02:55:35.131Z] ❌ Error reading register 1000 for IP 10.30.4.91: no connection to modbus server
[2025-03-01T02:55:35.131Z] Error reading actual data: no connection to modbus server
[2025-03-01T02:55:35.132Z] Error writing to Modbus register: no connection to modbus server
[2025-03-01T02:55:36.146Z] Error reading register 3105 for IP 10.30.4.91: no connection to modbus server
[2025-03-01T02:55:36.147Z] ❌ Error reading register 1000 for IP 10.30.4.91: no connection to modbus server
[2025-03-01T02:55:36.147Z] Error reading actual data: no connection to modbus server
[2025-03-01T02:55:36.147Z] Error writing to Modbus register: no connection to modbus server
[2025-03-01T02:55:37.148Z] Error reading register 3105 for IP 10.30.4.91: no connection to modbus server
[2025-03-01T02:55:37.148Z] ❌ Error reading register 1000 for IP 10.30.4.91: no connection to modbus server
[2025-03-01T02:55:37.148Z] Error reading actual data: no connection to modbus server
[2025-03-01T02:55:37.149Z] Error writing to Modbus register: no connection to modbus server
[2025-03-01T02:55:38.156Z] Error reading register 3105 for IP 10.30.4.91: no connection to modbus server
[2025-03-01T02:55:38.156Z] ❌ Error reading register 1000 for IP 10.30.4.91: no connection to modbus server
[2025-03-01T02:55:38.156Z] Error reading actual data: no connection to modbus server
[2025-03-01T02:55:38.157Z] Error writing to Modbus register: no connection to modbus server
[2025-03-01T02:55:39.166Z] Error reading register 3105 for IP 10.30.4.91: no connection to modbus server
[2025-03-01T02:55:39.167Z] ❌ Error reading register 1000 for IP 10.30.4.91: no connection to modbus server
[2025-03-01T02:55:39.168Z] Error writing to Modbus register: no connection to modbus server
[2025-03-01T02:55:39.167Z] Error reading actual data: no connection to modbus server
[2025-03-01T02:55:40.167Z] Error reading register 3105 for IP 10.30.4.91: no connection to modbus server
[2025-03-01T02:55:40.168Z] ❌ Error reading register 1000 for IP 10.30.4.91: no connection to modbus server
[2025-03-01T02:55:40.168Z] Error reading actual data: no connection to modbus server
[2025-03-01T02:55:40.170Z] Error writing to Modbus register: no connection to modbus server
[2025-03-01T02:55:41.184Z] Error reading register 3105 for IP 10.30.4.91: no connection to modbus server
[2025-03-01T02:55:41.184Z] ❌ Error reading register 1000 for IP 10.30.4.91: no connection to modbus server
[2025-03-01T02:55:41.185Z] Error reading actual data: no connection to modbus server
[2025-03-01T02:55:41.186Z] Error writing to Modbus register: no connection to modbus server
[2025-03-01T02:55:42.184Z] Error reading register 3105 for IP 10.30.4.91: no connection to modbus server
[2025-03-01T02:55:42.184Z] ❌ Error reading register 1000 for IP 10.30.4.91: no connection to modbus server
[2025-03-01T02:55:42.185Z] Error reading actual data: no connection to modbus server
[2025-03-01T02:55:42.187Z] Error writing to Modbus register: no connection to modbus server
[2025-03-01T02:55:43.193Z] Error reading register 3105 for IP 10.30.4.91: no connection to modbus server
[2025-03-01T02:55:43.193Z] ❌ Error reading register 1000 for IP 10.30.4.91: no connection to modbus server
[2025-03-01T02:55:43.193Z] Error writing to Modbus register: no connection to modbus server
[2025-03-01T02:55:43.193Z] Error reading actual data: no connection to modbus server
[2025-03-01T02:55:44.193Z] Error reading register 3105 for IP 10.30.4.91: no connection to modbus server
[2025-03-01T02:55:44.193Z] ❌ Error reading register 1000 for IP 10.30.4.91: no connection to modbus server
[2025-03-01T02:55:44.193Z] Error reading actual data: no connection to modbus server
[2025-03-01T02:55:44.194Z] Error writing to Modbus register: no connection to modbus server
[2025-03-01T02:55:45.198Z] Error reading register 3105 for IP 10.30.4.91: no connection to modbus server
[2025-03-01T02:55:45.198Z] ❌ Error reading register 1000 for IP 10.30.4.91: no connection to modbus server
[2025-03-01T02:55:45.199Z] Error reading actual data: no connection to modbus server
[2025-03-01T02:55:45.199Z] Error writing to Modbus register: no connection to modbus server
[2025-03-01T02:55:46.209Z] Error reading register 3105 for IP 10.30.4.91: no connection to modbus server
[2025-03-01T02:55:46.210Z] ❌ Error reading register 1000 for IP 10.30.4.91: no connection to modbus server
[2025-03-01T02:55:46.210Z] Error writing to Modbus register: no connection to modbus server
[2025-03-01T02:55:46.210Z] Error reading actual data: no connection to modbus server
[2025-03-01T02:55:47.210Z] Error reading register 3105 for IP 10.30.4.91: no connection to modbus server
[2025-03-01T02:55:47.210Z] ❌ Error reading register 1000 for IP 10.30.4.91: no connection to modbus server
[2025-03-01T02:55:47.210Z] Error reading actual data: no connection to modbus server
[2025-03-01T02:55:47.212Z] Error writing to Modbus register: no connection to modbus server
[2025-03-01T02:55:48.212Z] Error reading register 3105 for IP 10.30.4.91: no connection to modbus server
[2025-03-01T02:55:48.212Z] ❌ Error reading register 1000 for IP 10.30.4.91: no connection to modbus server
[2025-03-01T02:55:48.212Z] Error reading actual data: no connection to modbus server
[2025-03-01T02:55:48.214Z] Error writing to Modbus register: no connection to modbus server
[2025-03-01T02:55:49.216Z] Error reading register 3105 for IP 10.30.4.91: no connection to modbus server
[2025-03-01T02:55:49.216Z] ❌ Error reading register 1000 for IP 10.30.4.91: no connection to modbus server
[2025-03-01T02:55:49.216Z] Error reading actual data: no connection to modbus server
[2025-03-01T02:55:49.217Z] Error writing to Modbus register: no connection to modbus server
[2025-03-01T02:55:50.218Z] Error reading register 3105 for IP 10.30.4.91: no connection to modbus server
[2025-03-01T02:55:50.218Z] ❌ Error reading register 1000 for IP 10.30.4.91: no connection to modbus server
[2025-03-01T02:55:50.218Z] Error reading actual data: no connection to modbus server
[2025-03-01T02:55:50.219Z] Error writing to Modbus register: no connection to modbus server
[2025-03-01T02:55:51.231Z] Error reading register 3105 for IP 10.30.4.91: no connection to modbus server
[2025-03-01T02:55:51.232Z] Error reading actual data: no connection to modbus server
[2025-03-01T02:55:51.231Z] ❌ Error reading register 1000 for IP 10.30.4.91: no connection to modbus server
[2025-03-01T02:55:51.232Z] Error writing to Modbus register: no connection to modbus server
[2025-03-01T02:55:52.234Z] Error reading register 3105 for IP 10.30.4.91: no connection to modbus server
[2025-03-01T02:55:52.234Z] ❌ Error reading register 1000 for IP 10.30.4.91: no connection to modbus server
[2025-03-01T02:55:52.234Z] Error reading actual data: no connection to modbus server
[2025-03-01T02:55:52.235Z] Error writing to Modbus register: no connection to modbus server
[2025-03-01T02:55:53.238Z] Error reading register 3105 for IP 10.30.4.91: no connection to modbus server
[2025-03-01T02:55:53.238Z] ❌ Error reading register 1000 for IP 10.30.4.91: no connection to modbus server
[2025-03-01T02:55:53.239Z] Error reading actual data: no connection to modbus server
[2025-03-01T02:55:53.239Z] Error writing to Modbus register: no connection to modbus server
[2025-03-01T02:55:54.248Z] Error reading register 3105 for IP 10.30.4.91: no connection to modbus server
[2025-03-01T02:55:54.248Z] ❌ Error reading register 1000 for IP 10.30.4.91: no connection to modbus server
[2025-03-01T02:55:54.248Z] Error reading actual data: no connection to modbus server
[2025-03-01T02:55:54.248Z] Error writing to Modbus register: no connection to modbus server
[2025-03-01T02:55:55.256Z] Error reading register 3105 for IP 10.30.4.91: no connection to modbus server
[2025-03-01T02:55:55.256Z] ❌ Error reading register 1000 for IP 10.30.4.91: no connection to modbus server
[2025-03-01T02:55:55.256Z] Error reading actual data: no connection to modbus server
[2025-03-01T02:55:55.256Z] Error writing to Modbus register: no connection to modbus server
[2025-03-01T02:55:56.264Z] Error reading register 3105 for IP 10.30.4.91: no connection to modbus server
[2025-03-01T02:55:56.265Z] ❌ Error reading register 1000 for IP 10.30.4.91: no connection to modbus server
[2025-03-01T02:55:56.265Z] Error reading actual data: no connection to modbus server
[2025-03-01T02:55:56.265Z] Error writing to Modbus register: no connection to modbus server
[2025-03-01T02:55:57.264Z] Error reading register 3105 for IP 10.30.4.91: no connection to modbus server
[2025-03-01T02:55:57.265Z] ❌ Error reading register 1000 for IP 10.30.4.91: no connection to modbus server
[2025-03-01T02:55:57.265Z] Error reading actual data: no connection to modbus server
[2025-03-01T02:55:57.266Z] Error writing to Modbus register: no connection to modbus server
[2025-03-01T02:55:58.266Z] Error reading register 3105 for IP 10.30.4.91: no connection to modbus server
[2025-03-01T02:55:58.266Z] ❌ Error reading register 1000 for IP 10.30.4.91: no connection to modbus server
[2025-03-01T02:55:58.266Z] Error reading actual data: no connection to modbus server
[2025-03-01T02:55:58.267Z] Error writing to Modbus register: no connection to modbus server
[2025-03-01T02:55:59.281Z] Error reading register 3105 for IP 10.30.4.91: no connection to modbus server
[2025-03-01T02:55:59.282Z] ❌ Error reading register 1000 for IP 10.30.4.91: no connection to modbus server
[2025-03-01T02:55:59.282Z] Error reading actual data: no connection to modbus server
[2025-03-01T02:55:59.282Z] Error writing to Modbus register: no connection to modbus server
[2025-03-01T02:56:00.293Z] Error reading register 3105 for IP 10.30.4.91: no connection to modbus server
[2025-03-01T02:56:00.293Z] ❌ Error reading register 1000 for IP 10.30.4.91: no connection to modbus server
[2025-03-01T02:56:00.294Z] Error reading actual data: no connection to modbus server
[2025-03-01T02:56:00.295Z] Error writing to Modbus register: no connection to modbus server
[2025-03-01T02:56:01.298Z] Error reading register 3105 for IP 10.30.4.91: no connection to modbus server
[2025-03-01T02:56:01.298Z] ❌ Error reading register 1000 for IP 10.30.4.91: no connection to modbus server
[2025-03-01T02:56:01.299Z] Error reading actual data: no connection to modbus server
[2025-03-01T02:56:01.299Z] Error writing to Modbus register: no connection to modbus server
[2025-03-01T02:56:02.315Z] Error reading register 3105 for IP 10.30.4.91: no connection to modbus server
[2025-03-01T02:56:02.316Z] ❌ Error reading register 1000 for IP 10.30.4.91: no connection to modbus server
[2025-03-01T02:56:02.316Z] Error writing to Modbus register: no connection to modbus server
[2025-03-01T02:56:02.316Z] Error reading actual data: no connection to modbus server
[2025-03-01T02:56:03.315Z] ❌ Error reading register 1000 for IP 10.30.4.91: no connection to modbus server
[2025-03-01T02:56:03.315Z] Error reading register 3105 for IP 10.30.4.91: no connection to modbus server
[2025-03-01T02:56:03.315Z] Error reading actual data: no connection to modbus server
[2025-03-01T02:56:03.316Z] Error writing to Modbus register: no connection to modbus server
[2025-03-01T02:56:04.332Z] Error reading register 3105 for IP 10.30.4.91: no connection to modbus server
[2025-03-01T02:56:04.332Z] ❌ Error reading register 1000 for IP 10.30.4.91: no connection to modbus server
[2025-03-01T02:56:04.332Z] Error writing to Modbus register: no connection to modbus server
[2025-03-01T02:56:04.332Z] Error reading actual data: no connection to modbus server
[2025-03-01T02:56:05.327Z] Error reading register 3105 for IP 10.30.4.91: no connection to modbus server
[2025-03-01T02:56:05.328Z] ❌ Error reading register 1000 for IP 10.30.4.91: no connection to modbus server
[2025-03-01T02:56:05.328Z] Error reading actual data: no connection to modbus server
[2025-03-01T02:56:05.330Z] Error writing to Modbus register: no connection to modbus server
[2025-03-01T02:56:06.328Z] Error reading register 3105 for IP 10.30.4.91: no connection to modbus server
[2025-03-01T02:56:06.329Z] ❌ Error reading register 1000 for IP 10.30.4.91: no connection to modbus server
[2025-03-01T02:56:06.329Z] Error reading actual data: no connection to modbus server
[2025-03-01T02:56:06.332Z] Error writing to Modbus register: no connection to modbus server
[2025-03-01T02:56:07.328Z] Error reading register 3105 for IP 10.30.4.91: no connection to modbus server
[2025-03-01T02:56:07.328Z] ❌ Error reading register 1000 for IP 10.30.4.91: no connection to modbus server
[2025-03-01T02:56:07.328Z] Error reading actual data: no connection to modbus server
[2025-03-01T02:56:07.331Z] Error writing to Modbus register: no connection to modbus server
[2025-03-01T02:56:08.342Z] Error reading register 3105 for IP 10.30.4.91: no connection to modbus server
[2025-03-01T02:56:08.343Z] ❌ Error reading register 1000 for IP 10.30.4.91: no connection to modbus server
[2025-03-01T02:56:08.343Z] Error writing to Modbus register: no connection to modbus server
[2025-03-01T02:56:08.343Z] Error reading actual data: no connection to modbus server
[2025-03-01T02:56:09.345Z] Error reading register 3105 for IP 10.30.4.91: no connection to modbus server
[2025-03-01T02:56:09.345Z] ❌ Error reading register 1000 for IP 10.30.4.91: no connection to modbus server
[2025-03-01T02:56:09.345Z] Error reading actual data: no connection to modbus server
[2025-03-01T02:56:09.346Z] Error writing to Modbus register: no connection to modbus server
[2025-03-01T02:56:10.359Z] Error reading register 3105 for IP 10.30.4.91: no connection to modbus server
[2025-03-01T02:56:10.359Z] ❌ Error reading register 1000 for IP 10.30.4.91: no connection to modbus server
[2025-03-01T02:56:10.360Z] Error reading actual data: no connection to modbus server
[2025-03-01T02:56:10.360Z] Error writing to Modbus register: no connection to modbus server
[2025-03-01T02:56:11.361Z] Error reading register 3105 for IP 10.30.4.91: no connection to modbus server
[2025-03-01T02:56:11.362Z] Error reading actual data: no connection to modbus server
[2025-03-01T02:56:11.362Z] ❌ Error reading register 1000 for IP 10.30.4.91: no connection to modbus server
[2025-03-01T02:56:11.364Z] Error writing to Modbus register: no connection to modbus server
[2025-03-01T02:56:12.376Z] Error reading register 3105 for IP 10.30.4.91: no connection to modbus server
[2025-03-01T02:56:12.376Z] ❌ Error reading register 1000 for IP 10.30.4.91: no connection to modbus server
[2025-03-01T02:56:12.376Z] Error reading actual data: no connection to modbus server
[2025-03-01T02:56:12.377Z] Error writing to Modbus register: no connection to modbus server
[2025-03-01T02:56:13.376Z] Error reading register 3105 for IP 10.30.4.91: no connection to modbus server
[2025-03-01T02:56:13.376Z] ❌ Error reading register 1000 for IP 10.30.4.91: no connection to modbus server
[2025-03-01T02:56:13.376Z] Error reading actual data: no connection to modbus server
[2025-03-01T02:56:13.377Z] Error writing to Modbus register: no connection to modbus server
[2025-03-01T02:56:14.382Z] Error reading register 3105 for IP 10.30.4.91: no connection to modbus server
[2025-03-01T02:56:14.382Z] ❌ Error reading register 1000 for IP 10.30.4.91: no connection to modbus server
[2025-03-01T02:56:14.383Z] Error writing to Modbus register: no connection to modbus server
[2025-03-01T02:56:14.382Z] Error reading actual data: no connection to modbus server
[2025-03-01T02:56:15.392Z] Error reading register 3105 for IP 10.30.4.91: no connection to modbus server
[2025-03-01T02:56:15.393Z] ❌ Error reading register 1000 for IP 10.30.4.91: no connection to modbus server
[2025-03-01T02:56:15.393Z] Error reading actual data: no connection to modbus server
[2025-03-01T02:56:15.393Z] Error writing to Modbus register: no connection to modbus server
[2025-03-01T02:56:16.394Z] Error reading register 3105 for IP 10.30.4.91: no connection to modbus server
[2025-03-01T02:56:16.394Z] ❌ Error reading register 1000 for IP 10.30.4.91: no connection to modbus server
[2025-03-01T02:56:16.395Z] Error reading actual data: no connection to modbus server
[2025-03-01T02:56:16.395Z] Error writing to Modbus register: no connection to modbus server
[2025-03-01T02:56:17.410Z] Error reading register 3105 for IP 10.30.4.91: no connection to modbus server
[2025-03-01T02:56:17.411Z] ❌ Error reading register 1000 for IP 10.30.4.91: no connection to modbus server
[2025-03-01T02:56:17.411Z] Error reading actual data: no connection to modbus server
[2025-03-01T02:56:17.412Z] Error writing to Modbus register: no connection to modbus server
[2025-03-01T02:56:18.410Z] Error reading register 3105 for IP 10.30.4.91: no connection to modbus server
[2025-03-01T02:56:18.411Z] ❌ Error reading register 1000 for IP 10.30.4.91: no connection to modbus server
[2025-03-01T02:56:18.411Z] Error reading actual data: no connection to modbus server
[2025-03-01T02:56:18.412Z] Error writing to Modbus register: no connection to modbus server
[2025-03-01T02:56:19.427Z] Error reading register 3105 for IP 10.30.4.91: no connection to modbus server
[2025-03-01T02:56:19.427Z] ❌ Error reading register 1000 for IP 10.30.4.91: no connection to modbus server
[2025-03-01T02:56:19.428Z] Error reading actual data: no connection to modbus server
[2025-03-01T02:56:19.428Z] Error writing to Modbus register: no connection to modbus server
[2025-03-01T02:56:20.428Z] Error reading register 3105 for IP 10.30.4.91: no connection to modbus server
[2025-03-01T02:56:20.429Z] ❌ Error reading register 1000 for IP 10.30.4.91: no connection to modbus server
[2025-03-01T02:56:20.429Z] Error reading actual data: no connection to modbus server
[2025-03-01T02:56:20.431Z] Error writing to Modbus register: no connection to modbus server
[2025-03-01T02:56:21.429Z] Error reading register 3105 for IP 10.30.4.91: no connection to modbus server
[2025-03-01T02:56:21.429Z] ❌ Error reading register 1000 for IP 10.30.4.91: no connection to modbus server
[2025-03-01T02:56:21.430Z] Error reading actual data: no connection to modbus server
[2025-03-01T02:56:21.439Z] Error writing to Modbus register: no connection to modbus server
[2025-03-01T02:56:22.442Z] Error reading register 3105 for IP 10.30.4.91: no connection to modbus server
[2025-03-01T02:56:22.442Z] ❌ Error reading register 1000 for IP 10.30.4.91: no connection to modbus server
[2025-03-01T02:56:22.442Z] Error reading actual data: no connection to modbus server
[2025-03-01T02:56:22.443Z] Error writing to Modbus register: no connection to modbus server
[2025-03-01T02:56:23.443Z] Error reading register 3105 for IP 10.30.4.91: no connection to modbus server
[2025-03-01T02:56:23.443Z] ❌ Error reading register 1000 for IP 10.30.4.91: no connection to modbus server
[2025-03-01T02:56:23.443Z] Error reading actual data: no connection to modbus server
[2025-03-01T02:56:23.443Z] Error writing to Modbus register: no connection to modbus server
[2025-03-01T02:56:24.443Z] Error reading register 3105 for IP 10.30.4.91: no connection to modbus server
[2025-03-01T02:56:24.443Z] ❌ Error reading register 1000 for IP 10.30.4.91: no connection to modbus server
[2025-03-01T02:56:24.443Z] Error reading actual data: no connection to modbus server
[2025-03-01T02:56:24.447Z] Error writing to Modbus register: no connection to modbus server
[2025-03-01T02:56:25.459Z] Error reading register 3105 for IP 10.30.4.91: no connection to modbus server
[2025-03-01T02:56:25.459Z] ❌ Error reading register 1000 for IP 10.30.4.91: no connection to modbus server
[2025-03-01T02:56:25.460Z] Error reading actual data: no connection to modbus server
[2025-03-01T02:56:25.460Z] Error writing to Modbus register: no connection to modbus server
[2025-03-01T02:56:26.460Z] Error reading register 3105 for IP 10.30.4.91: no connection to modbus server
[2025-03-01T02:56:26.460Z] ❌ Error reading register 1000 for IP 10.30.4.91: no connection to modbus server
[2025-03-01T02:56:26.461Z] Error reading actual data: no connection to modbus server
[2025-03-01T02:56:26.461Z] Error writing to Modbus register: no connection to modbus server
[2025-03-01T02:56:27.475Z] Error reading register 3105 for IP 10.30.4.91: no connection to modbus server
[2025-03-01T02:56:27.476Z] ❌ Error reading register 1000 for IP 10.30.4.91: no connection to modbus server
[2025-03-01T02:56:27.476Z] Error writing to Modbus register: no connection to modbus server
[2025-03-01T02:56:27.476Z] Error reading actual data: no connection to modbus server
[2025-03-01T02:56:28.476Z] Error reading register 3105 for IP 10.30.4.91: no connection to modbus server
[2025-03-01T02:56:28.476Z] ❌ Error reading register 1000 for IP 10.30.4.91: no connection to modbus server
[2025-03-01T02:56:28.476Z] Error reading actual data: no connection to modbus server
[2025-03-01T02:56:28.477Z] Error writing to Modbus register: no connection to modbus server
[2025-03-01T02:56:29.478Z] Error reading register 3105 for IP 10.30.4.91: no connection to modbus server
[2025-03-01T02:56:29.479Z] ❌ Error reading register 1000 for IP 10.30.4.91: no connection to modbus server
[2025-03-01T02:56:29.479Z] Error reading actual data: no connection to modbus server
[2025-03-01T02:56:29.480Z] Error writing to Modbus register: no connection to modbus server
[2025-03-01T02:56:30.478Z] Error reading register 3105 for IP 10.30.4.91: no connection to modbus server
[2025-03-01T02:56:30.478Z] ❌ Error reading register 1000 for IP 10.30.4.91: no connection to modbus server
[2025-03-01T02:56:30.478Z] Error reading actual data: no connection to modbus server
[2025-03-01T02:56:30.481Z] Error writing to Modbus register: no connection to modbus server
[2025-03-01T02:56:31.493Z] ❌ Error reading register 1000 for IP 10.30.4.91: no connection to modbus server
[2025-03-01T02:56:31.494Z] Error reading actual data: no connection to modbus server
[2025-03-01T02:56:31.493Z] Error reading register 3105 for IP 10.30.4.91: no connection to modbus server
[2025-03-01T02:56:31.494Z] Error writing to Modbus register: no connection to modbus server
[2025-03-01T02:56:32.510Z] Error reading register 3105 for IP 10.30.4.91: no connection to modbus server
[2025-03-01T02:56:32.511Z] ❌ Error reading register 1000 for IP 10.30.4.91: no connection to modbus server
[2025-03-01T02:56:32.511Z] Error reading actual data: no connection to modbus server
[2025-03-01T02:56:32.512Z] Error writing to Modbus register: no connection to modbus server
[2025-03-01T02:56:33.527Z] Error reading register 3105 for IP 10.30.4.91: no connection to modbus server
[2025-03-01T02:56:33.528Z] ❌ Error reading register 1000 for IP 10.30.4.91: no connection to modbus server
[2025-03-01T02:56:33.529Z] Error writing to Modbus register: no connection to modbus server
[2025-03-01T02:56:33.529Z] Error reading actual data: no connection to modbus server
[2025-03-01T02:56:34.526Z] ❌ Error reading register 1000 for IP 10.30.4.91: no connection to modbus server
[2025-03-01T02:56:34.526Z] Error reading actual data: no connection to modbus server
[2025-03-01T02:56:34.526Z] Error reading register 3105 for IP 10.30.4.91: no connection to modbus server
[2025-03-01T02:56:34.530Z] Error writing to Modbus register: no connection to modbus server
[2025-03-01T02:56:35.537Z] Error reading register 3105 for IP 10.30.4.91: no connection to modbus server
[2025-03-01T02:56:35.538Z] ❌ Error reading register 1000 for IP 10.30.4.91: no connection to modbus server
[2025-03-01T02:56:35.538Z] Error reading actual data: no connection to modbus server
[2025-03-01T02:56:35.538Z] Error writing to Modbus register: no connection to modbus server
[2025-03-01T02:56:36.541Z] Error reading register 3105 for IP 10.30.4.91: no connection to modbus server
[2025-03-01T02:56:36.541Z] ❌ Error reading register 1000 for IP 10.30.4.91: no connection to modbus server
[2025-03-01T02:56:36.543Z] Error writing to Modbus register: no connection to modbus server
[2025-03-01T02:56:36.542Z] Error reading actual data: no connection to modbus server
[2025-03-01T02:56:37.544Z] Error reading register 3105 for IP 10.30.4.91: no connection to modbus server
[2025-03-01T02:56:37.544Z] Error reading actual data: no connection to modbus server
[2025-03-01T02:56:37.544Z] ❌ Error reading register 1000 for IP 10.30.4.91: no connection to modbus server
[2025-03-01T02:56:37.545Z] Error writing to Modbus register: no connection to modbus server
[2025-03-01T02:56:38.545Z] Error reading register 3105 for IP 10.30.4.91: no connection to modbus server
[2025-03-01T02:56:38.546Z] ❌ Error reading register 1000 for IP 10.30.4.91: no connection to modbus server
[2025-03-01T02:56:38.546Z] Error reading actual data: no connection to modbus server
[2025-03-01T02:56:38.554Z] Error writing to Modbus register: no connection to modbus server
[2025-03-01T02:56:39.544Z] Error reading register 3105 for IP 10.30.4.91: no connection to modbus server
[2025-03-01T02:56:39.545Z] ❌ Error reading register 1000 for IP 10.30.4.91: no connection to modbus server
[2025-03-01T02:56:39.545Z] Error reading actual data: no connection to modbus server
[2025-03-01T02:56:39.554Z] Error writing to Modbus register: no connection to modbus server
[2025-03-01T02:56:40.557Z] Error reading register 3105 for IP 10.30.4.91: no connection to modbus server
[2025-03-01T02:56:40.558Z] ❌ Error reading register 1000 for IP 10.30.4.91: no connection to modbus server
[2025-03-01T02:56:40.558Z] Error writing to Modbus register: no connection to modbus server
[2025-03-01T02:56:40.558Z] Error reading actual data: no connection to modbus server
[2025-03-01T02:56:41.559Z] Error reading register 3105 for IP 10.30.4.91: no connection to modbus server
[2025-03-01T02:56:41.560Z] Error reading actual data: no connection to modbus server
[2025-03-01T02:56:41.560Z] ❌ Error reading register 1000 for IP 10.30.4.91: no connection to modbus server
[2025-03-01T02:56:41.561Z] Error writing to Modbus register: no connection to modbus server
[2025-03-01T02:56:42.574Z] Error reading register 3105 for IP 10.30.4.91: no connection to modbus server
[2025-03-01T02:56:42.574Z] ❌ Error reading register 1000 for IP 10.30.4.91: no connection to modbus server
[2025-03-01T02:56:42.574Z] Error reading actual data: no connection to modbus server
[2025-03-01T02:56:42.574Z] Error writing to Modbus register: no connection to modbus server
[2025-03-01T02:56:43.578Z] Error reading register 3105 for IP 10.30.4.91: no connection to modbus server
[2025-03-01T02:56:43.579Z] ❌ Error reading register 1000 for IP 10.30.4.91: no connection to modbus server
[2025-03-01T02:56:43.579Z] Error reading actual data: no connection to modbus server
[2025-03-01T02:56:43.580Z] Error writing to Modbus register: no connection to modbus server
[2025-03-01T02:56:44.592Z] Error reading register 3105 for IP 10.30.4.91: no connection to modbus server
[2025-03-01T02:56:44.593Z] ❌ Error reading register 1000 for IP 10.30.4.91: no connection to modbus server
[2025-03-01T02:56:44.593Z] Error reading actual data: no connection to modbus server
[2025-03-01T02:56:44.593Z] Error writing to Modbus register: no connection to modbus server
[2025-03-01T02:56:45.592Z] Error reading register 3105 for IP 10.30.4.91: no connection to modbus server
[2025-03-01T02:56:45.592Z] ❌ Error reading register 1000 for IP 10.30.4.91: no connection to modbus server
[2025-03-01T02:56:45.592Z] Error reading actual data: no connection to modbus server
[2025-03-01T02:56:45.593Z] Error writing to Modbus register: no connection to modbus server
[2025-03-01T02:56:46.593Z] Error reading register 3105 for IP 10.30.4.91: no connection to modbus server
[2025-03-01T02:56:46.593Z] ❌ Error reading register 1000 for IP 10.30.4.91: no connection to modbus server
[2025-03-01T02:56:46.594Z] Error reading actual data: no connection to modbus server
[2025-03-01T02:56:46.594Z] Error writing to Modbus register: no connection to modbus server
[2025-03-01T02:56:47.600Z] Error reading register 3105 for IP 10.30.4.91: no connection to modbus server
[2025-03-01T02:56:47.600Z] ❌ Error reading register 1000 for IP 10.30.4.91: no connection to modbus server
[2025-03-01T02:56:47.601Z] Error writing to Modbus register: no connection to modbus server
[2025-03-01T02:56:47.600Z] Error reading actual data: no connection to modbus server
[2025-03-01T02:56:48.607Z] Error reading register 3105 for IP 10.30.4.91: no connection to modbus server
[2025-03-01T02:56:48.608Z] ❌ Error reading register 1000 for IP 10.30.4.91: no connection to modbus server
[2025-03-01T02:56:48.608Z] Error reading actual data: no connection to modbus server
[2025-03-01T02:56:48.608Z] Error writing to Modbus register: no connection to modbus server
[2025-03-01T02:56:49.609Z] Error reading register 3105 for IP 10.30.4.91: no connection to modbus server
[2025-03-01T02:56:49.609Z] ❌ Error reading register 1000 for IP 10.30.4.91: no connection to modbus server
[2025-03-01T02:56:49.610Z] Error reading actual data: no connection to modbus server
[2025-03-01T02:56:49.610Z] Error writing to Modbus register: no connection to modbus server
[2025-03-01T02:56:50.614Z] ❌ Error reading register 1000 for IP 10.30.4.91: no connection to modbus server
[2025-03-01T02:56:50.614Z] Error reading register 3105 for IP 10.30.4.91: no connection to modbus server
[2025-03-01T02:56:50.614Z] Error reading actual data: no connection to modbus server
[2025-03-01T02:56:50.614Z] Error writing to Modbus register: no connection to modbus server
[2025-03-01T02:56:51.615Z] Error reading register 3105 for IP 10.30.4.91: no connection to modbus server
[2025-03-01T02:56:51.615Z] ❌ Error reading register 1000 for IP 10.30.4.91: no connection to modbus server
[2025-03-01T02:56:51.615Z] Error reading actual data: no connection to modbus server
[2025-03-01T02:56:51.615Z] Error writing to Modbus register: no connection to modbus server
[2025-03-01T02:56:52.620Z] Error reading register 3105 for IP 10.30.4.91: no connection to modbus server
[2025-03-01T02:56:52.621Z] ❌ Error reading register 1000 for IP 10.30.4.91: no connection to modbus server
[2025-03-01T02:56:52.621Z] Error reading actual data: no connection to modbus server
[2025-03-01T02:56:52.621Z] Error writing to Modbus register: no connection to modbus server
[2025-03-01T02:56:53.628Z] Error reading register 3105 for IP 10.30.4.91: no connection to modbus server
[2025-03-01T02:56:53.629Z] ❌ Error reading register 1000 for IP 10.30.4.91: no connection to modbus server
[2025-03-01T02:56:53.630Z] Error writing to Modbus register: no connection to modbus server
[2025-03-01T02:56:53.629Z] Error reading actual data: no connection to modbus server
[2025-03-01T02:56:54.637Z] Error reading register 3105 for IP 10.30.4.91: no connection to modbus server
[2025-03-01T02:56:54.637Z] ❌ Error reading register 1000 for IP 10.30.4.91: no connection to modbus server
[2025-03-01T02:56:54.637Z] Error writing to Modbus register: no connection to modbus server
[2025-03-01T02:56:54.637Z] Error reading actual data: no connection to modbus server
[2025-03-01T02:56:55.659Z] Error reading register 3105 for IP 10.30.4.91: no connection to modbus server
[2025-03-01T02:56:55.659Z] ❌ Error reading register 1000 for IP 10.30.4.91: no connection to modbus server
[2025-03-01T02:56:55.660Z] Error writing to Modbus register: no connection to modbus server
[2025-03-01T02:56:55.660Z] Error reading actual data: no connection to modbus server
[2025-03-01T02:56:56.661Z] Error reading register 3105 for IP 10.30.4.91: no connection to modbus server
[2025-03-01T02:56:56.661Z] ❌ Error reading register 1000 for IP 10.30.4.91: no connection to modbus server
[2025-03-01T02:56:56.661Z] Error reading actual data: no connection to modbus server
[2025-03-01T02:56:56.661Z] Error writing to Modbus register: no connection to modbus server
[2025-03-01T02:56:57.671Z] Error reading register 3105 for IP 10.30.4.91: no connection to modbus server
[2025-03-01T02:56:57.672Z] ❌ Error reading register 1000 for IP 10.30.4.91: no connection to modbus server
[2025-03-01T02:56:57.672Z] Error reading actual data: no connection to modbus server
[2025-03-01T02:56:57.672Z] Error writing to Modbus register: no connection to modbus server
[2025-03-01T02:56:58.673Z] Error reading register 3105 for IP 10.30.4.91: no connection to modbus server
[2025-03-01T02:56:58.674Z] ❌ Error reading register 1000 for IP 10.30.4.91: no connection to modbus server
[2025-03-01T02:56:58.674Z] Error reading actual data: no connection to modbus server
[2025-03-01T02:56:58.682Z] Error writing to Modbus register: no connection to modbus server
[2025-03-01T02:56:59.688Z] Error reading register 3105 for IP 10.30.4.91: no connection to modbus server
[2025-03-01T02:56:59.689Z] ❌ Error reading register 1000 for IP 10.30.4.91: no connection to modbus server
[2025-03-01T02:56:59.689Z] Error reading actual data: no connection to modbus server
[2025-03-01T02:56:59.690Z] Error writing to Modbus register: no connection to modbus server
[2025-03-01T02:57:00.694Z] Error reading register 3105 for IP 10.30.4.91: no connection to modbus server
[2025-03-01T02:57:00.695Z] ❌ Error reading register 1000 for IP 10.30.4.91: no connection to modbus server
[2025-03-01T02:57:00.696Z] Error writing to Modbus register: no connection to modbus server
[2025-03-01T02:57:00.695Z] Error reading actual data: no connection to modbus server
[2025-03-01T02:57:01.696Z] ❌ Error reading register 1000 for IP 10.30.4.91: no connection to modbus server
[2025-03-01T02:57:01.696Z] Error reading actual data: no connection to modbus server
[2025-03-01T02:57:01.695Z] Error reading register 3105 for IP 10.30.4.91: no connection to modbus server
[2025-03-01T02:57:01.698Z] Error writing to Modbus register: no connection to modbus server
[2025-03-01T02:57:02.710Z] Error reading register 3105 for IP 10.30.4.91: no connection to modbus server
[2025-03-01T02:57:02.710Z] ❌ Error reading register 1000 for IP 10.30.4.91: no connection to modbus server
[2025-03-01T02:57:02.710Z] Error reading actual data: no connection to modbus server
[2025-03-01T02:57:02.711Z] Error writing to Modbus register: no connection to modbus server
[2025-03-01T02:57:03.711Z] Error reading register 3105 for IP 10.30.4.91: no connection to modbus server
[2025-03-01T02:57:03.711Z] ❌ Error reading register 1000 for IP 10.30.4.91: no connection to modbus server
[2025-03-01T02:57:03.711Z] Error reading actual data: no connection to modbus server
[2025-03-01T02:57:03.714Z] Error writing to Modbus register: no connection to modbus server
[2025-03-01T02:57:04.705Z] ❌ Error reading register 1000 for IP 10.30.4.91: no connection to modbus server
[2025-03-01T02:57:04.705Z] Error reading register 3105 for IP 10.30.4.91: no connection to modbus server
[2025-03-01T02:57:04.705Z] Error reading actual data: no connection to modbus server
[2025-03-01T02:57:04.709Z] Error writing to Modbus register: no connection to modbus server
[2025-03-01T02:57:05.706Z] Error reading register 3105 for IP 10.30.4.91: no connection to modbus server
[2025-03-01T02:57:05.707Z] Error reading actual data: no connection to modbus server
[2025-03-01T02:57:05.707Z] ❌ Error reading register 1000 for IP 10.30.4.91: no connection to modbus server
[2025-03-01T02:57:05.709Z] Error writing to Modbus register: no connection to modbus server
[2025-03-01T02:57:06.709Z] Error reading register 3105 for IP 10.30.4.91: no connection to modbus server
[2025-03-01T02:57:06.710Z] ❌ Error reading register 1000 for IP 10.30.4.91: no connection to modbus server
[2025-03-01T02:57:06.710Z] Error reading actual data: no connection to modbus server
[2025-03-01T02:57:06.712Z] Error writing to Modbus register: no connection to modbus server
[2025-03-01T02:57:07.722Z] Error reading register 3105 for IP 10.30.4.91: no connection to modbus server
[2025-03-01T02:57:07.722Z] ❌ Error reading register 1000 for IP 10.30.4.91: no connection to modbus server
[2025-03-01T02:57:07.723Z] Error reading actual data: no connection to modbus server
[2025-03-01T02:57:07.723Z] Error writing to Modbus register: no connection to modbus server
[2025-03-01T02:57:08.722Z] Error reading register 3105 for IP 10.30.4.91: no connection to modbus server
[2025-03-01T02:57:08.722Z] ❌ Error reading register 1000 for IP 10.30.4.91: no connection to modbus server
[2025-03-01T02:57:08.723Z] Error reading actual data: no connection to modbus server
[2025-03-01T02:57:08.723Z] Error writing to Modbus register: no connection to modbus server
[2025-03-01T02:57:09.724Z] Error reading register 3105 for IP 10.30.4.91: no connection to modbus server
[2025-03-01T02:57:09.725Z] ❌ Error reading register 1000 for IP 10.30.4.91: no connection to modbus server
[2025-03-01T02:57:09.725Z] Error reading actual data: no connection to modbus server
[2025-03-01T02:57:09.734Z] Error writing to Modbus register: no connection to modbus server
[2025-03-01T02:57:10.724Z] Error reading register 3105 for IP 10.30.4.91: no connection to modbus server
[2025-03-01T02:57:10.724Z] ❌ Error reading register 1000 for IP 10.30.4.91: no connection to modbus server
[2025-03-01T02:57:10.724Z] Error reading actual data: no connection to modbus server
[2025-03-01T02:57:10.736Z] Error writing to Modbus register: no connection to modbus server
[2025-03-01T02:57:11.737Z] Error reading register 3105 for IP 10.30.4.91: no connection to modbus server
[2025-03-01T02:57:11.738Z] ❌ Error reading register 1000 for IP 10.30.4.91: no connection to modbus server
[2025-03-01T02:57:11.738Z] Error reading actual data: no connection to modbus server
[2025-03-01T02:57:11.741Z] Error writing to Modbus register: no connection to modbus server
[2025-03-01T02:57:12.738Z] Error reading register 3105 for IP 10.30.4.91: no connection to modbus server
[2025-03-01T02:57:12.739Z] ❌ Error reading register 1000 for IP 10.30.4.91: no connection to modbus server
[2025-03-01T02:57:12.739Z] Error reading actual data: no connection to modbus server
[2025-03-01T02:57:12.740Z] Error writing to Modbus register: no connection to modbus server
[2025-03-01T02:57:13.752Z] Error reading register 3105 for IP 10.30.4.91: no connection to modbus server
[2025-03-01T02:57:13.753Z] ❌ Error reading register 1000 for IP 10.30.4.91: no connection to modbus server
[2025-03-01T02:57:13.753Z] Error reading actual data: no connection to modbus server
[2025-03-01T02:57:13.753Z] Error writing to Modbus register: no connection to modbus server
[2025-03-01T02:57:14.762Z] Error reading register 3105 for IP 10.30.4.91: no connection to modbus server
[2025-03-01T02:57:14.763Z] Error writing to Modbus register: no connection to modbus server
[2025-03-01T02:57:14.762Z] ❌ Error reading register 1000 for IP 10.30.4.91: no connection to modbus server
[2025-03-01T02:57:14.763Z] Error reading actual data: no connection to modbus server
[2025-03-01T02:57:15.773Z] Error reading register 3105 for IP 10.30.4.91: no connection to modbus server
[2025-03-01T02:57:15.773Z] ❌ Error reading register 1000 for IP 10.30.4.91: no connection to modbus server
[2025-03-01T02:57:15.774Z] Error reading actual data: no connection to modbus server
[2025-03-01T02:57:15.775Z] Error writing to Modbus register: no connection to modbus server
[2025-03-01T02:57:16.775Z] Error reading register 3105 for IP 10.30.4.91: no connection to modbus server
[2025-03-01T02:57:16.776Z] Error reading actual data: no connection to modbus server
[2025-03-01T02:57:16.776Z] ❌ Error reading register 1000 for IP 10.30.4.91: no connection to modbus server
[2025-03-01T02:57:16.779Z] Error writing to Modbus register: no connection to modbus server
[2025-03-01T02:57:17.790Z] Error reading register 3105 for IP 10.30.4.91: no connection to modbus server
[2025-03-01T02:57:17.790Z] ❌ Error reading register 1000 for IP 10.30.4.91: no connection to modbus server
[2025-03-01T02:57:17.791Z] Error reading actual data: no connection to modbus server
[2025-03-01T02:57:17.792Z] Error writing to Modbus register: no connection to modbus server
[2025-03-01T02:57:18.795Z] Error reading register 3105 for IP 10.30.4.91: no connection to modbus server
[2025-03-01T02:57:18.795Z] ❌ Error reading register 1000 for IP 10.30.4.91: no connection to modbus server
[2025-03-01T02:57:18.795Z] Error reading actual data: no connection to modbus server
[2025-03-01T02:57:18.796Z] Error writing to Modbus register: no connection to modbus server
[2025-03-01T02:57:19.806Z] Error reading register 3105 for IP 10.30.4.91: no connection to modbus server
[2025-03-01T02:57:19.807Z] ❌ Error reading register 1000 for IP 10.30.4.91: no connection to modbus server
[2025-03-01T02:57:19.807Z] Error reading actual data: no connection to modbus server
[2025-03-01T02:57:19.808Z] Error writing to Modbus register: no connection to modbus server
[2025-03-01T02:57:20.805Z] Error reading register 3105 for IP 10.30.4.91: no connection to modbus server
[2025-03-01T02:57:20.806Z] ❌ Error reading register 1000 for IP 10.30.4.91: no connection to modbus server
[2025-03-01T02:57:20.806Z] Error reading actual data: no connection to modbus server
[2025-03-01T02:57:20.809Z] Error writing to Modbus register: no connection to modbus server
[2025-03-01T02:57:21.811Z] Error reading register 3105 for IP 10.30.4.91: no connection to modbus server
[2025-03-01T02:57:21.811Z] ❌ Error reading register 1000 for IP 10.30.4.91: no connection to modbus server
[2025-03-01T02:57:21.811Z] Error reading actual data: no connection to modbus server
[2025-03-01T02:57:21.812Z] Error writing to Modbus register: no connection to modbus server
[2025-03-01T02:57:22.819Z] Error reading register 3105 for IP 10.30.4.91: no connection to modbus server
[2025-03-01T02:57:22.819Z] Error reading actual data: no connection to modbus server
[2025-03-01T02:57:22.819Z] ❌ Error reading register 1000 for IP 10.30.4.91: no connection to modbus server
[2025-03-01T02:57:22.819Z] Error writing to Modbus register: no connection to modbus server
[2025-03-01T02:57:23.826Z] Error reading register 3105 for IP 10.30.4.91: no connection to modbus server
[2025-03-01T02:57:23.827Z] ❌ Error reading register 1000 for IP 10.30.4.91: no connection to modbus server
[2025-03-01T02:57:23.827Z] Error reading actual data: no connection to modbus server
[2025-03-01T02:57:23.827Z] Error writing to Modbus register: no connection to modbus server
[2025-03-01T02:57:24.840Z] Error reading register 3105 for IP 10.30.4.91: no connection to modbus server
[2025-03-01T02:57:24.841Z] ❌ Error reading register 1000 for IP 10.30.4.91: no connection to modbus server
[2025-03-01T02:57:24.841Z] Error reading actual data: no connection to modbus server
[2025-03-01T02:57:24.842Z] Error writing to Modbus register: no connection to modbus server
[2025-03-01T02:57:25.851Z] Error reading register 3105 for IP 10.30.4.91: no connection to modbus server
[2025-03-01T02:57:25.851Z] ❌ Error reading register 1000 for IP 10.30.4.91: no connection to modbus server
[2025-03-01T02:57:25.851Z] Error reading actual data: no connection to modbus server
[2025-03-01T02:57:25.851Z] Error writing to Modbus register: no connection to modbus server
[2025-03-01T02:57:26.862Z] Error reading register 3105 for IP 10.30.4.91: no connection to modbus server
[2025-03-01T02:57:26.862Z] ❌ Error reading register 1000 for IP 10.30.4.91: no connection to modbus server
[2025-03-01T02:57:26.862Z] Error reading actual data: no connection to modbus server
[2025-03-01T02:57:26.863Z] Error writing to Modbus register: no connection to modbus server
[2025-03-01T02:57:27.891Z] Error reading register 3105 for IP 10.30.4.91: no connection to modbus server
[2025-03-01T02:57:27.891Z] ❌ Error reading register 1000 for IP 10.30.4.91: no connection to modbus server
[2025-03-01T02:57:27.893Z] Error writing to Modbus register: no connection to modbus server
[2025-03-01T02:57:27.892Z] Error reading actual data: no connection to modbus server
[2025-03-01T02:57:28.891Z] Error reading register 3105 for IP 10.30.4.91: no connection to modbus server
[2025-03-01T02:57:28.891Z] ❌ Error reading register 1000 for IP 10.30.4.91: no connection to modbus server
[2025-03-01T02:57:28.891Z] Error reading actual data: no connection to modbus server
[2025-03-01T02:57:28.895Z] Error writing to Modbus register: no connection to modbus server
[2025-03-01T02:57:29.897Z] Error reading register 3105 for IP 10.30.4.91: no connection to modbus server
[2025-03-01T02:57:29.897Z] Error writing to Modbus register: no connection to modbus server
[2025-03-01T02:57:29.897Z] ❌ Error reading register 1000 for IP 10.30.4.91: no connection to modbus server
[2025-03-01T02:57:29.897Z] Error reading actual data: no connection to modbus server
[2025-03-01T02:57:30.898Z] Error reading register 3105 for IP 10.30.4.91: no connection to modbus server
[2025-03-01T02:57:30.899Z] ❌ Error reading register 1000 for IP 10.30.4.91: no connection to modbus server
[2025-03-01T02:57:30.900Z] Error writing to Modbus register: no connection to modbus server
[2025-03-01T02:57:30.899Z] Error reading actual data: no connection to modbus server
[2025-03-01T02:57:31.907Z] Error reading register 3105 for IP 10.30.4.91: no connection to modbus server
[2025-03-01T02:57:31.907Z] ❌ Error reading register 1000 for IP 10.30.4.91: no connection to modbus server
[2025-03-01T02:57:31.907Z] Error reading actual data: no connection to modbus server
[2025-03-01T02:57:31.907Z] Error writing to Modbus register: no connection to modbus server
[2025-03-01T02:57:32.924Z] ❌ Error reading register 1000 for IP 10.30.4.91: no connection to modbus server
[2025-03-01T02:57:32.925Z] Error writing to Modbus register: no connection to modbus server
[2025-03-01T02:57:32.923Z] Error reading register 3105 for IP 10.30.4.91: no connection to modbus server
[2025-03-01T02:57:32.924Z] Error reading actual data: no connection to modbus server
[2025-03-01T02:57:33.925Z] Error reading register 3105 for IP 10.30.4.91: no connection to modbus server
[2025-03-01T02:57:33.925Z] ❌ Error reading register 1000 for IP 10.30.4.91: no connection to modbus server
[2025-03-01T02:57:33.926Z] Error reading actual data: no connection to modbus server
[2025-03-01T02:57:33.927Z] Error writing to Modbus register: no connection to modbus server
[2025-03-01T02:57:34.939Z] Error reading register 3105 for IP 10.30.4.91: no connection to modbus server
[2025-03-01T02:57:34.939Z] ❌ Error reading register 1000 for IP 10.30.4.91: no connection to modbus server
[2025-03-01T02:57:34.940Z] Error writing to Modbus register: no connection to modbus server
[2025-03-01T02:57:34.939Z] Error reading actual data: no connection to modbus server
[2025-03-01T02:57:35.956Z] Error reading register 3105 for IP 10.30.4.91: no connection to modbus server
[2025-03-01T02:57:35.958Z] Error writing to Modbus register: no connection to modbus server
[2025-03-01T02:57:35.957Z] ❌ Error reading register 1000 for IP 10.30.4.91: no connection to modbus server
[2025-03-01T02:57:35.958Z] Error reading actual data: no connection to modbus server
[2025-03-01T02:57:36.974Z] Error reading register 3105 for IP 10.30.4.91: no connection to modbus server
[2025-03-01T02:57:36.974Z] ❌ Error reading register 1000 for IP 10.30.4.91: no connection to modbus server
[2025-03-01T02:57:36.975Z] Error reading actual data: no connection to modbus server
[2025-03-01T02:57:36.975Z] Error writing to Modbus register: no connection to modbus server
[2025-03-01T02:57:37.975Z] Error reading register 3105 for IP 10.30.4.91: no connection to modbus server
[2025-03-01T02:57:37.976Z] ❌ Error reading register 1000 for IP 10.30.4.91: no connection to modbus server
[2025-03-01T02:57:37.976Z] Error reading actual data: no connection to modbus server
[2025-03-01T02:57:37.978Z] Error writing to Modbus register: no connection to modbus server
[2025-03-01T02:57:38.987Z] Error reading register 3105 for IP 10.30.4.91: no connection to modbus server
[2025-03-01T02:57:38.988Z] ❌ Error reading register 1000 for IP 10.30.4.91: no connection to modbus server
[2025-03-01T02:57:38.988Z] Error reading actual data: no connection to modbus server
[2025-03-01T02:57:38.989Z] Error writing to Modbus register: no connection to modbus server
[2025-03-01T02:57:39.993Z] Error reading register 3105 for IP 10.30.4.91: no connection to modbus server
[2025-03-01T02:57:39.993Z] ❌ Error reading register 1000 for IP 10.30.4.91: no connection to modbus server
[2025-03-01T02:57:39.993Z] Error reading actual data: no connection to modbus server
[2025-03-01T02:57:39.993Z] Error writing to Modbus register: no connection to modbus server
[2025-03-01T02:57:40.994Z] Error reading register 3105 for IP 10.30.4.91: no connection to modbus server
[2025-03-01T02:57:40.994Z] ❌ Error reading register 1000 for IP 10.30.4.91: no connection to modbus server
[2025-03-01T02:57:40.994Z] Error reading actual data: no connection to modbus server
[2025-03-01T02:57:40.995Z] Error writing to Modbus register: no connection to modbus server
[2025-03-01T02:57:42.007Z] Error reading register 3105 for IP 10.30.4.91: no connection to modbus server
[2025-03-01T02:57:42.007Z] ❌ Error reading register 1000 for IP 10.30.4.91: no connection to modbus server
[2025-03-01T02:57:42.008Z] Error writing to Modbus register: no connection to modbus server
[2025-03-01T02:57:42.007Z] Error reading actual data: no connection to modbus server
[2025-03-01T02:57:43.018Z] Error reading register 3105 for IP 10.30.4.91: no connection to modbus server
[2025-03-01T02:57:43.018Z] ❌ Error reading register 1000 for IP 10.30.4.91: no connection to modbus server
[2025-03-01T02:57:43.018Z] Error reading actual data: no connection to modbus server
[2025-03-01T02:57:43.018Z] Error writing to Modbus register: no connection to modbus server
[2025-03-01T02:57:44.023Z] Error reading register 3105 for IP 10.30.4.91: no connection to modbus server
[2025-03-01T02:57:44.023Z] ❌ Error reading register 1000 for IP 10.30.4.91: no connection to modbus server
[2025-03-01T02:57:44.023Z] Error reading actual data: no connection to modbus server
[2025-03-01T02:57:44.024Z] Error writing to Modbus register: no connection to modbus server
[2025-03-01T02:57:45.022Z] Error reading register 3105 for IP 10.30.4.91: no connection to modbus server
[2025-03-01T02:57:45.023Z] ❌ Error reading register 1000 for IP 10.30.4.91: no connection to modbus server
[2025-03-01T02:57:45.023Z] Error reading actual data: no connection to modbus server
[2025-03-01T02:57:45.024Z] Error writing to Modbus register: no connection to modbus server
[2025-03-01T02:57:46.036Z] Error reading register 3105 for IP 10.30.4.91: no connection to modbus server
[2025-03-01T02:57:46.036Z] ❌ Error reading register 1000 for IP 10.30.4.91: no connection to modbus server
[2025-03-01T02:57:46.036Z] Error reading actual data: no connection to modbus server
[2025-03-01T02:57:46.036Z] Error writing to Modbus register: no connection to modbus server
[2025-03-01T02:57:47.042Z] Error reading register 3105 for IP 10.30.4.91: no connection to modbus server
[2025-03-01T02:57:47.042Z] ❌ Error reading register 1000 for IP 10.30.4.91: no connection to modbus server
[2025-03-01T02:57:47.042Z] Error reading actual data: no connection to modbus server
[2025-03-01T02:57:47.043Z] Error writing to Modbus register: no connection to modbus server
[2025-03-01T02:57:48.043Z] Error reading register 3105 for IP 10.30.4.91: no connection to modbus server
[2025-03-01T02:57:48.044Z] ❌ Error reading register 1000 for IP 10.30.4.91: no connection to modbus server
[2025-03-01T02:57:48.044Z] Error reading actual data: no connection to modbus server
[2025-03-01T02:57:48.044Z] Error writing to Modbus register: no connection to modbus server
[2025-03-01T02:57:49.051Z] Error reading register 3105 for IP 10.30.4.91: no connection to modbus server
[2025-03-01T02:57:49.051Z] ❌ Error reading register 1000 for IP 10.30.4.91: no connection to modbus server
[2025-03-01T02:57:49.051Z] Error reading actual data: no connection to modbus server
[2025-03-01T02:57:49.051Z] Error writing to Modbus register: no connection to modbus server
[2025-03-01T02:57:50.055Z] ❌ Error reading register 1000 for IP 10.30.4.91: no connection to modbus server
[2025-03-01T02:57:50.054Z] Error reading register 3105 for IP 10.30.4.91: no connection to modbus server
[2025-03-01T02:57:50.055Z] Error writing to Modbus register: no connection to modbus server
[2025-03-01T02:57:50.055Z] Error reading actual data: no connection to modbus server
[2025-03-01T02:57:51.058Z] ❌ Error reading register 1000 for IP 10.30.4.91: no connection to modbus server
[2025-03-01T02:57:51.058Z] Error reading register 3105 for IP 10.30.4.91: no connection to modbus server
[2025-03-01T02:57:51.058Z] Error reading actual data: no connection to modbus server
[2025-03-01T02:57:51.058Z] Error writing to Modbus register: no connection to modbus server
[2025-03-01T02:57:52.073Z] Error reading register 3105 for IP 10.30.4.91: no connection to modbus server
[2025-03-01T02:57:52.074Z] ❌ Error reading register 1000 for IP 10.30.4.91: no connection to modbus server
[2025-03-01T02:57:52.075Z] Error writing to Modbus register: no connection to modbus server
[2025-03-01T02:57:52.074Z] Error reading actual data: no connection to modbus server
[2025-03-01T02:57:53.088Z] Error reading register 3105 for IP 10.30.4.91: no connection to modbus server
[2025-03-01T02:57:53.088Z] ❌ Error reading register 1000 for IP 10.30.4.91: no connection to modbus server
[2025-03-01T02:57:53.089Z] Error writing to Modbus register: no connection to modbus server
[2025-03-01T02:57:53.089Z] Error reading actual data: no connection to modbus server
[2025-03-01T02:57:54.106Z] ❌ Error reading register 1000 for IP 10.30.4.91: no connection to modbus server
[2025-03-01T02:57:54.105Z] Error reading register 3105 for IP 10.30.4.91: no connection to modbus server
[2025-03-01T02:57:54.106Z] Error reading actual data: no connection to modbus server
[2025-03-01T02:57:54.106Z] Error writing to Modbus register: no connection to modbus server
[2025-03-01T02:57:55.108Z] Error reading register 3105 for IP 10.30.4.91: no connection to modbus server
[2025-03-01T02:57:55.108Z] ❌ Error reading register 1000 for IP 10.30.4.91: no connection to modbus server
[2025-03-01T02:57:55.109Z] Error writing to Modbus register: no connection to modbus server
[2025-03-01T02:57:55.109Z] Error reading actual data: no connection to modbus server
[2025-03-01T02:57:56.109Z] Error reading register 3105 for IP 10.30.4.91: no connection to modbus server
[2025-03-01T02:57:56.109Z] ❌ Error reading register 1000 for IP 10.30.4.91: no connection to modbus server
[2025-03-01T02:57:56.110Z] Error writing to Modbus register: no connection to modbus server
[2025-03-01T02:57:56.110Z] Error reading actual data: no connection to modbus server
[2025-03-01T02:57:57.119Z] Error reading register 3105 for IP 10.30.4.91: no connection to modbus server
[2025-03-01T02:57:57.119Z] ❌ Error reading register 1000 for IP 10.30.4.91: no connection to modbus server
[2025-03-01T02:57:57.120Z] Error writing to Modbus register: no connection to modbus server
[2025-03-01T02:57:57.120Z] Error reading actual data: no connection to modbus server
[2025-03-01T02:57:58.121Z] Error reading register 3105 for IP 10.30.4.91: no connection to modbus server
[2025-03-01T02:57:58.121Z] ❌ Error reading register 1000 for IP 10.30.4.91: no connection to modbus server
[2025-03-01T02:57:58.121Z] Error reading actual data: no connection to modbus server
[2025-03-01T02:57:58.122Z] Error writing to Modbus register: no connection to modbus server
[2025-03-01T02:57:59.124Z] Error reading register 3105 for IP 10.30.4.91: no connection to modbus server
[2025-03-01T02:57:59.124Z] ❌ Error reading register 1000 for IP 10.30.4.91: no connection to modbus server
[2025-03-01T02:57:59.125Z] Error writing to Modbus register: no connection to modbus server
[2025-03-01T02:57:59.124Z] Error reading actual data: no connection to modbus server
[2025-03-01T02:58:00.138Z] Error reading register 3105 for IP 10.30.4.91: no connection to modbus server
[2025-03-01T02:58:00.138Z] ❌ Error reading register 1000 for IP 10.30.4.91: no connection to modbus server
[2025-03-01T02:58:00.139Z] Error reading actual data: no connection to modbus server
[2025-03-01T02:58:00.139Z] Error writing to Modbus register: no connection to modbus server
[2025-03-01T02:58:01.144Z] Error reading register 3105 for IP 10.30.4.91: no connection to modbus server
[2025-03-01T02:58:01.145Z] ❌ Error reading register 1000 for IP 10.30.4.91: no connection to modbus server
[2025-03-01T02:58:01.145Z] Error reading actual data: no connection to modbus server
[2025-03-01T02:58:01.145Z] Error writing to Modbus register: no connection to modbus server
[2025-03-01T02:58:02.156Z] ❌ Error reading register 1000 for IP 10.30.4.91: no connection to modbus server
[2025-03-01T02:58:02.155Z] Error reading register 3105 for IP 10.30.4.91: no connection to modbus server
[2025-03-01T02:58:02.157Z] Error writing to Modbus register: no connection to modbus server
[2025-03-01T02:58:02.156Z] Error reading actual data: no connection to modbus server
[2025-03-01T02:58:03.172Z] Error reading register 3105 for IP 10.30.4.91: no connection to modbus server
[2025-03-01T02:58:03.172Z] ❌ Error reading register 1000 for IP 10.30.4.91: no connection to modbus server
[2025-03-01T02:58:03.173Z] Error writing to Modbus register: no connection to modbus server
[2025-03-01T02:58:03.172Z] Error reading actual data: no connection to modbus server
[2025-03-01T02:58:04.173Z] Error reading register 3105 for IP 10.30.4.91: no connection to modbus server
[2025-03-01T02:58:04.174Z] ❌ Error reading register 1000 for IP 10.30.4.91: no connection to modbus server
[2025-03-01T02:58:04.174Z] Error reading actual data: no connection to modbus server
[2025-03-01T02:58:04.175Z] Error writing to Modbus register: no connection to modbus server
[2025-03-01T02:58:05.169Z] Error reading register 3105 for IP 10.30.4.91: no connection to modbus server
[2025-03-01T02:58:05.170Z] ❌ Error reading register 1000 for IP 10.30.4.91: no connection to modbus server
[2025-03-01T02:58:05.170Z] Error reading actual data: no connection to modbus server
[2025-03-01T02:58:05.171Z] Error writing to Modbus register: no connection to modbus server
[2025-03-01T02:58:06.174Z] Error reading register 3105 for IP 10.30.4.91: no connection to modbus server
[2025-03-01T02:58:06.174Z] ❌ Error reading register 1000 for IP 10.30.4.91: no connection to modbus server
[2025-03-01T02:58:06.175Z] Error writing to Modbus register: no connection to modbus server
[2025-03-01T02:58:06.174Z] Error reading actual data: no connection to modbus server
[2025-03-01T02:58:07.184Z] Error reading register 3105 for IP 10.30.4.91: no connection to modbus server
[2025-03-01T02:58:07.185Z] ❌ Error reading register 1000 for IP 10.30.4.91: no connection to modbus server
[2025-03-01T02:58:07.186Z] Error reading actual data: no connection to modbus server
[2025-03-01T02:58:07.186Z] Error writing to Modbus register: no connection to modbus server
[2025-03-01T02:58:08.198Z] Error reading register 3105 for IP 10.30.4.91: no connection to modbus server
[2025-03-01T02:58:08.199Z] Error reading actual data: no connection to modbus server
[2025-03-01T02:58:08.199Z] ❌ Error reading register 1000 for IP 10.30.4.91: no connection to modbus server
[2025-03-01T02:58:08.200Z] Error writing to Modbus register: no connection to modbus server
[2025-03-01T02:58:09.200Z] Error reading register 3105 for IP 10.30.4.91: no connection to modbus server
[2025-03-01T02:58:09.201Z] ❌ Error reading register 1000 for IP 10.30.4.91: no connection to modbus server
[2025-03-01T02:58:09.201Z] Error reading actual data: no connection to modbus server
[2025-03-01T02:58:09.203Z] Error writing to Modbus register: no connection to modbus server
[2025-03-01T02:58:10.213Z] Error reading register 3105 for IP 10.30.4.91: no connection to modbus server
[2025-03-01T02:58:10.214Z] ❌ Error reading register 1000 for IP 10.30.4.91: no connection to modbus server
[2025-03-01T02:58:10.214Z] Error writing to Modbus register: no connection to modbus server
[2025-03-01T02:58:10.214Z] Error reading actual data: no connection to modbus server
[2025-03-01T02:58:11.218Z] Error reading register 3105 for IP 10.30.4.91: no connection to modbus server
[2025-03-01T02:58:11.218Z] ❌ Error reading register 1000 for IP 10.30.4.91: no connection to modbus server
[2025-03-01T02:58:11.218Z] Error reading actual data: no connection to modbus server
[2025-03-01T02:58:11.219Z] Error writing to Modbus register: no connection to modbus server
[2025-03-01T02:58:12.225Z] ❌ Error reading register 1000 for IP 10.30.4.91: no connection to modbus server
[2025-03-01T02:58:12.225Z] Error reading actual data: no connection to modbus server
[2025-03-01T02:58:12.225Z] Error reading register 3105 for IP 10.30.4.91: no connection to modbus server
[2025-03-01T02:58:12.226Z] Error writing to Modbus register: no connection to modbus server
[2025-03-01T02:58:13.229Z] Error reading register 3105 for IP 10.30.4.91: no connection to modbus server
[2025-03-01T02:58:13.230Z] ❌ Error reading register 1000 for IP 10.30.4.91: no connection to modbus server
[2025-03-01T02:58:13.230Z] Error reading actual data: no connection to modbus server
[2025-03-01T02:58:13.231Z] Error writing to Modbus register: no connection to modbus server
[2025-03-01T02:58:14.241Z] Error reading register 3105 for IP 10.30.4.91: no connection to modbus server
[2025-03-01T02:58:14.242Z] ❌ Error reading register 1000 for IP 10.30.4.91: no connection to modbus server
[2025-03-01T02:58:14.242Z] Error reading actual data: no connection to modbus server
[2025-03-01T02:58:14.242Z] Error writing to Modbus register: no connection to modbus server
[2025-03-01T02:58:15.242Z] Error reading register 3105 for IP 10.30.4.91: no connection to modbus server
[2025-03-01T02:58:15.242Z] ❌ Error reading register 1000 for IP 10.30.4.91: no connection to modbus server
[2025-03-01T02:58:15.242Z] Error reading actual data: no connection to modbus server
[2025-03-01T02:58:15.243Z] Error writing to Modbus register: no connection to modbus server
[2025-03-01T02:58:16.255Z] ❌ Error reading register 1000 for IP 10.30.4.91: no connection to modbus server
[2025-03-01T02:58:16.255Z] Error reading register 3105 for IP 10.30.4.91: no connection to modbus server
[2025-03-01T02:58:16.255Z] Error reading actual data: no connection to modbus server
[2025-03-01T02:58:16.255Z] Error writing to Modbus register: no connection to modbus server
[2025-03-01T02:58:17.266Z] Error reading register 3105 for IP 10.30.4.91: no connection to modbus server
[2025-03-01T02:58:17.266Z] ❌ Error reading register 1000 for IP 10.30.4.91: no connection to modbus server
[2025-03-01T02:58:17.266Z] Error reading actual data: no connection to modbus server
[2025-03-01T02:58:17.267Z] Error writing to Modbus register: no connection to modbus server
[2025-03-01T02:58:18.268Z] Error reading register 3105 for IP 10.30.4.91: no connection to modbus server
[2025-03-01T02:58:18.269Z] ❌ Error reading register 1000 for IP 10.30.4.91: no connection to modbus server
[2025-03-01T02:58:18.269Z] Error reading actual data: no connection to modbus server
[2025-03-01T02:58:18.271Z] Error writing to Modbus register: no connection to modbus server
[2025-03-01T02:58:19.282Z] Error reading register 3105 for IP 10.30.4.91: no connection to modbus server
[2025-03-01T02:58:19.283Z] ❌ Error reading register 1000 for IP 10.30.4.91: no connection to modbus server
[2025-03-01T02:58:19.283Z] Error reading actual data: no connection to modbus server
[2025-03-01T02:58:19.283Z] Error writing to Modbus register: no connection to modbus server
[2025-03-01T02:58:20.298Z] Error reading register 3105 for IP 10.30.4.91: no connection to modbus server
[2025-03-01T02:58:20.299Z] Error reading actual data: no connection to modbus server
[2025-03-01T02:58:20.298Z] ❌ Error reading register 1000 for IP 10.30.4.91: no connection to modbus server
[2025-03-01T02:58:20.299Z] Error writing to Modbus register: no connection to modbus server
[2025-03-01T02:58:21.300Z] Error reading register 3105 for IP 10.30.4.91: no connection to modbus server
[2025-03-01T02:58:21.301Z] ❌ Error reading register 1000 for IP 10.30.4.91: no connection to modbus server
[2025-03-01T02:58:21.301Z] Error reading actual data: no connection to modbus server
[2025-03-01T02:58:21.303Z] Error writing to Modbus register: no connection to modbus server
[2025-03-01T02:58:22.302Z] Error reading register 3105 for IP 10.30.4.91: no connection to modbus server
[2025-03-01T02:58:22.302Z] ❌ Error reading register 1000 for IP 10.30.4.91: no connection to modbus server
[2025-03-01T02:58:22.302Z] Error reading actual data: no connection to modbus server
[2025-03-01T02:58:22.303Z] Error writing to Modbus register: no connection to modbus server
[2025-03-01T02:58:23.306Z] Error reading register 3105 for IP 10.30.4.91: no connection to modbus server
[2025-03-01T02:58:23.307Z] ❌ Error reading register 1000 for IP 10.30.4.91: no connection to modbus server
[2025-03-01T02:58:23.307Z] Error reading actual data: no connection to modbus server
[2025-03-01T02:58:23.307Z] Error writing to Modbus register: no connection to modbus server
[2025-03-01T02:58:24.320Z] Error reading register 3105 for IP 10.30.4.91: no connection to modbus server
[2025-03-01T02:58:24.321Z] ❌ Error reading register 1000 for IP 10.30.4.91: no connection to modbus server
[2025-03-01T02:58:24.321Z] Error writing to Modbus register: no connection to modbus server
[2025-03-01T02:58:24.321Z] Error reading actual data: no connection to modbus server
[2025-03-01T02:58:25.331Z] Error reading register 3105 for IP 10.30.4.91: no connection to modbus server
[2025-03-01T02:58:25.331Z] ❌ Error reading register 1000 for IP 10.30.4.91: no connection to modbus server
[2025-03-01T02:58:25.331Z] Error reading actual data: no connection to modbus server
[2025-03-01T02:58:25.332Z] Error writing to Modbus register: no connection to modbus server
[2025-03-01T02:58:26.333Z] Error reading register 3105 for IP 10.30.4.91: no connection to modbus server
[2025-03-01T02:58:26.333Z] ❌ Error reading register 1000 for IP 10.30.4.91: no connection to modbus server
[2025-03-01T02:58:26.333Z] Error reading actual data: no connection to modbus server
[2025-03-01T02:58:26.335Z] Error writing to Modbus register: no connection to modbus server
[2025-03-01T02:58:27.348Z] Error reading register 3105 for IP 10.30.4.91: no connection to modbus server
[2025-03-01T02:58:27.349Z] ❌ Error reading register 1000 for IP 10.30.4.91: no connection to modbus server
[2025-03-01T02:58:27.349Z] Error writing to Modbus register: no connection to modbus server
[2025-03-01T02:58:27.349Z] Error reading actual data: no connection to modbus server
[2025-03-01T02:58:28.348Z] Error reading register 3105 for IP 10.30.4.91: no connection to modbus server
[2025-03-01T02:58:28.348Z] ❌ Error reading register 1000 for IP 10.30.4.91: no connection to modbus server
[2025-03-01T02:58:28.348Z] Error reading actual data: no connection to modbus server
[2025-03-01T02:58:28.350Z] Error writing to Modbus register: no connection to modbus server
[2025-03-01T02:58:29.349Z] Error reading register 3105 for IP 10.30.4.91: no connection to modbus server
[2025-03-01T02:58:29.350Z] ❌ Error reading register 1000 for IP 10.30.4.91: no connection to modbus server
[2025-03-01T02:58:29.351Z] Error reading actual data: no connection to modbus server
[2025-03-01T02:58:29.353Z] Error writing to Modbus register: no connection to modbus server
[2025-03-01T02:58:30.350Z] Error reading register 3105 for IP 10.30.4.91: no connection to modbus server
[2025-03-01T02:58:30.350Z] ❌ Error reading register 1000 for IP 10.30.4.91: no connection to modbus server
[2025-03-01T02:58:30.350Z] Error reading actual data: no connection to modbus server
[2025-03-01T02:58:30.353Z] Error writing to Modbus register: no connection to modbus server
[2025-03-01T02:58:31.352Z] ❌ Error reading register 1000 for IP 10.30.4.91: no connection to modbus server
[2025-03-01T02:58:31.352Z] Error reading register 3105 for IP 10.30.4.91: no connection to modbus server
[2025-03-01T02:58:31.352Z] Error reading actual data: no connection to modbus server
[2025-03-01T02:58:31.355Z] Error writing to Modbus register: no connection to modbus server
[2025-03-01T02:58:32.353Z] ❌ Error reading register 1000 for IP 10.30.4.91: no connection to modbus server
[2025-03-01T02:58:32.352Z] Error reading register 3105 for IP 10.30.4.91: no connection to modbus server
[2025-03-01T02:58:32.353Z] Error reading actual data: no connection to modbus server
[2025-03-01T02:58:32.355Z] Error writing to Modbus register: no connection to modbus server
[2025-03-01T02:58:33.360Z] Error reading register 3105 for IP 10.30.4.91: no connection to modbus server
[2025-03-01T02:58:33.361Z] ❌ Error reading register 1000 for IP 10.30.4.91: no connection to modbus server
[2025-03-01T02:58:33.361Z] Error reading actual data: no connection to modbus server
[2025-03-01T02:58:33.362Z] Error writing to Modbus register: no connection to modbus server
[2025-03-01T02:58:34.361Z] Error reading register 3105 for IP 10.30.4.91: no connection to modbus server
[2025-03-01T02:58:34.361Z] ❌ Error reading register 1000 for IP 10.30.4.91: no connection to modbus server
[2025-03-01T02:58:34.361Z] Error reading actual data: no connection to modbus server
[2025-03-01T02:58:34.362Z] Error writing to Modbus register: no connection to modbus server
[2025-03-01T02:58:35.361Z] Error reading register 3105 for IP 10.30.4.91: no connection to modbus server
[2025-03-01T02:58:35.361Z] ❌ Error reading register 1000 for IP 10.30.4.91: no connection to modbus server
[2025-03-01T02:58:35.361Z] Error reading actual data: no connection to modbus server
[2025-03-01T02:58:35.363Z] Error writing to Modbus register: no connection to modbus server
[2025-03-01T02:58:36.360Z] ❌ Error reading register 1000 for IP 10.30.4.91: no connection to modbus server
[2025-03-01T02:58:36.360Z] Error reading register 3105 for IP 10.30.4.91: no connection to modbus server
[2025-03-01T02:58:36.361Z] Error reading actual data: no connection to modbus server
[2025-03-01T02:58:36.363Z] Error writing to Modbus register: no connection to modbus server
[2025-03-01T02:58:37.365Z] Error reading register 3105 for IP 10.30.4.91: no connection to modbus server
[2025-03-01T02:58:37.366Z] ❌ Error reading register 1000 for IP 10.30.4.91: no connection to modbus server
[2025-03-01T02:58:37.366Z] Error reading actual data: no connection to modbus server
[2025-03-01T02:58:37.366Z] Error writing to Modbus register: no connection to modbus server
[2025-03-01T02:58:38.371Z] Error reading register 3105 for IP 10.30.4.91: no connection to modbus server
[2025-03-01T02:58:38.372Z] ❌ Error reading register 1000 for IP 10.30.4.91: no connection to modbus server
[2025-03-01T02:58:38.372Z] Error reading actual data: no connection to modbus server
[2025-03-01T02:58:38.372Z] Error writing to Modbus register: no connection to modbus server
[2025-03-01T02:58:39.380Z] Error reading register 3105 for IP 10.30.4.91: no connection to modbus server
[2025-03-01T02:58:39.380Z] ❌ Error reading register 1000 for IP 10.30.4.91: no connection to modbus server
[2025-03-01T02:58:39.381Z] Error writing to Modbus register: no connection to modbus server
[2025-03-01T02:58:39.381Z] Error reading actual data: no connection to modbus server
[2025-03-01T02:58:40.397Z] Error reading register 3105 for IP 10.30.4.91: no connection to modbus server
[2025-03-01T02:58:40.398Z] ❌ Error reading register 1000 for IP 10.30.4.91: no connection to modbus server
[2025-03-01T02:58:40.398Z] Error reading actual data: no connection to modbus server
[2025-03-01T02:58:40.398Z] Error writing to Modbus register: no connection to modbus server
[2025-03-01T02:58:41.399Z] Error reading register 3105 for IP 10.30.4.91: no connection to modbus server
[2025-03-01T02:58:41.399Z] ❌ Error reading register 1000 for IP 10.30.4.91: no connection to modbus server
[2025-03-01T02:58:41.399Z] Error writing to Modbus register: no connection to modbus server
[2025-03-01T02:58:41.399Z] Error reading actual data: no connection to modbus server
[2025-03-01T02:58:42.405Z] Error reading register 3105 for IP 10.30.4.91: no connection to modbus server
[2025-03-01T02:58:42.406Z] Error reading actual data: no connection to modbus server
[2025-03-01T02:58:42.406Z] ❌ Error reading register 1000 for IP 10.30.4.91: no connection to modbus server
[2025-03-01T02:58:42.407Z] Error writing to Modbus register: no connection to modbus server
[2025-03-01T02:58:43.416Z] Error reading register 3105 for IP 10.30.4.91: no connection to modbus server
[2025-03-01T02:58:43.416Z] ❌ Error reading register 1000 for IP 10.30.4.91: no connection to modbus server
[2025-03-01T02:58:43.417Z] Error reading actual data: no connection to modbus server
[2025-03-01T02:58:43.417Z] Error writing to Modbus register: no connection to modbus server
[2025-03-01T02:58:44.416Z] Error reading register 3105 for IP 10.30.4.91: no connection to modbus server
[2025-03-01T02:58:44.416Z] ❌ Error reading register 1000 for IP 10.30.4.91: no connection to modbus server
[2025-03-01T02:58:44.416Z] Error reading actual data: no connection to modbus server
[2025-03-01T02:58:44.419Z] Error writing to Modbus register: no connection to modbus server
[2025-03-01T02:58:45.416Z] Error reading register 3105 for IP 10.30.4.91: no connection to modbus server
[2025-03-01T02:58:45.416Z] ❌ Error reading register 1000 for IP 10.30.4.91: no connection to modbus server
[2025-03-01T02:58:45.416Z] Error reading actual data: no connection to modbus server
[2025-03-01T02:58:45.419Z] Error writing to Modbus register: no connection to modbus server
[2025-03-01T02:58:46.418Z] Error reading register 3105 for IP 10.30.4.91: no connection to modbus server
[2025-03-01T02:58:46.418Z] ❌ Error reading register 1000 for IP 10.30.4.91: no connection to modbus server
[2025-03-01T02:58:46.418Z] Error reading actual data: no connection to modbus server
[2025-03-01T02:58:46.423Z] Error writing to Modbus register: no connection to modbus server
[2025-03-01T02:58:47.419Z] Error reading register 3105 for IP 10.30.4.91: no connection to modbus server
[2025-03-01T02:58:47.420Z] ❌ Error reading register 1000 for IP 10.30.4.91: no connection to modbus server
[2025-03-01T02:58:47.420Z] Error reading actual data: no connection to modbus server
[2025-03-01T02:58:47.424Z] Error writing to Modbus register: no connection to modbus server
[2025-03-01T02:58:48.431Z] Error reading register 3105 for IP 10.30.4.91: no connection to modbus server
[2025-03-01T02:58:48.431Z] ❌ Error reading register 1000 for IP 10.30.4.91: no connection to modbus server
[2025-03-01T02:58:48.432Z] Error reading actual data: no connection to modbus server
[2025-03-01T02:58:48.432Z] Error writing to Modbus register: no connection to modbus server
[2025-03-01T02:58:49.435Z] Error reading register 3105 for IP 10.30.4.91: no connection to modbus server
[2025-03-01T02:58:49.435Z] ❌ Error reading register 1000 for IP 10.30.4.91: no connection to modbus server
[2025-03-01T02:58:49.435Z] Error reading actual data: no connection to modbus server
[2025-03-01T02:58:49.436Z] Error writing to Modbus register: no connection to modbus server
[2025-03-01T02:58:50.446Z] Error reading register 3105 for IP 10.30.4.91: no connection to modbus server
[2025-03-01T02:58:50.447Z] ❌ Error reading register 1000 for IP 10.30.4.91: no connection to modbus server
[2025-03-01T02:58:50.449Z] Error writing to Modbus register: no connection to modbus server
[2025-03-01T02:58:50.448Z] Error reading actual data: no connection to modbus server
[2025-03-01T02:58:51.449Z] Error reading register 3105 for IP 10.30.4.91: no connection to modbus server
[2025-03-01T02:58:51.450Z] ❌ Error reading register 1000 for IP 10.30.4.91: no connection to modbus server
[2025-03-01T02:58:51.450Z] Error reading actual data: no connection to modbus server
[2025-03-01T02:58:51.453Z] Error writing to Modbus register: no connection to modbus server
[2025-03-01T02:58:52.467Z] Error reading register 3105 for IP 10.30.4.91: no connection to modbus server
[2025-03-01T02:58:52.467Z] ❌ Error reading register 1000 for IP 10.30.4.91: no connection to modbus server
[2025-03-01T02:58:52.469Z] Error writing to Modbus register: no connection to modbus server
[2025-03-01T02:58:52.468Z] Error reading actual data: no connection to modbus server
[2025-03-01T02:58:53.475Z] Error reading register 3105 for IP 10.30.4.91: no connection to modbus server
[2025-03-01T02:58:53.475Z] ❌ Error reading register 1000 for IP 10.30.4.91: no connection to modbus server
[2025-03-01T02:58:53.476Z] Error writing to Modbus register: no connection to modbus server
[2025-03-01T02:58:53.476Z] Error reading actual data: no connection to modbus server
[2025-03-01T02:58:54.483Z] Error reading register 3105 for IP 10.30.4.91: no connection to modbus server
[2025-03-01T02:58:54.484Z] ❌ Error reading register 1000 for IP 10.30.4.91: no connection to modbus server
[2025-03-01T02:58:54.484Z] Error reading actual data: no connection to modbus server
[2025-03-01T02:58:54.485Z] Error writing to Modbus register: no connection to modbus server
[2025-03-01T02:58:55.484Z] Error reading register 3105 for IP 10.30.4.91: no connection to modbus server
[2025-03-01T02:58:55.484Z] ❌ Error reading register 1000 for IP 10.30.4.91: no connection to modbus server
[2025-03-01T02:58:55.485Z] Error reading actual data: no connection to modbus server
[2025-03-01T02:58:55.487Z] Error writing to Modbus register: no connection to modbus server
[2025-03-01T02:58:56.501Z] Error reading register 3105 for IP 10.30.4.91: no connection to modbus server
[2025-03-01T02:58:56.502Z] ❌ Error reading register 1000 for IP 10.30.4.91: no connection to modbus server
[2025-03-01T02:58:56.503Z] Error writing to Modbus register: no connection to modbus server
[2025-03-01T02:58:56.502Z] Error reading actual data: no connection to modbus server
[2025-03-01T02:58:57.502Z] Error reading register 3105 for IP 10.30.4.91: no connection to modbus server
[2025-03-01T02:58:57.502Z] ❌ Error reading register 1000 for IP 10.30.4.91: no connection to modbus server
[2025-03-01T02:58:57.502Z] Error reading actual data: no connection to modbus server
[2025-03-01T02:58:57.506Z] Error writing to Modbus register: no connection to modbus server
[2025-03-01T02:58:58.516Z] Error reading register 3105 for IP 10.30.4.91: no connection to modbus server
[2025-03-01T02:58:58.517Z] ❌ Error reading register 1000 for IP 10.30.4.91: no connection to modbus server
[2025-03-01T02:58:58.519Z] Error writing to Modbus register: no connection to modbus server
[2025-03-01T02:58:58.518Z] Error reading actual data: no connection to modbus server
[2025-03-01T02:58:59.517Z] Error reading register 3105 for IP 10.30.4.91: no connection to modbus server
[2025-03-01T02:58:59.517Z] ❌ Error reading register 1000 for IP 10.30.4.91: no connection to modbus server
[2025-03-01T02:58:59.518Z] Error reading actual data: no connection to modbus server
[2025-03-01T02:58:59.523Z] Error writing to Modbus register: no connection to modbus server
[2025-03-01T02:59:00.516Z] Error reading register 3105 for IP 10.30.4.91: no connection to modbus server
[2025-03-01T02:59:00.517Z] ❌ Error reading register 1000 for IP 10.30.4.91: no connection to modbus server
[2025-03-01T02:59:00.517Z] Error reading actual data: no connection to modbus server
[2025-03-01T02:59:00.522Z] Error writing to Modbus register: no connection to modbus server
[2025-03-01T02:59:01.515Z] Error reading register 3105 for IP 10.30.4.91: no connection to modbus server
[2025-03-01T02:59:01.516Z] ❌ Error reading register 1000 for IP 10.30.4.91: no connection to modbus server
[2025-03-01T02:59:01.516Z] Error reading actual data: no connection to modbus server
[2025-03-01T02:59:01.522Z] Error writing to Modbus register: no connection to modbus server
[2025-03-01T02:59:02.530Z] Error reading register 3105 for IP 10.30.4.91: no connection to modbus server
[2025-03-01T02:59:02.531Z] ❌ Error reading register 1000 for IP 10.30.4.91: no connection to modbus server
[2025-03-01T02:59:02.536Z] Error writing to Modbus register: no connection to modbus server
[2025-03-01T02:59:02.531Z] Error reading actual data: no connection to modbus server
[2025-03-01T02:59:03.531Z] Error reading register 3105 for IP 10.30.4.91: no connection to modbus server
[2025-03-01T02:59:03.531Z] ❌ Error reading register 1000 for IP 10.30.4.91: no connection to modbus server
[2025-03-01T02:59:03.531Z] Error reading actual data: no connection to modbus server
[2025-03-01T02:59:03.533Z] Error writing to Modbus register: no connection to modbus server
[2025-03-01T02:59:04.533Z] Error reading register 3105 for IP 10.30.4.91: no connection to modbus server
[2025-03-01T02:59:04.534Z] ❌ Error reading register 1000 for IP 10.30.4.91: no connection to modbus server
[2025-03-01T02:59:04.534Z] Error reading actual data: no connection to modbus server
[2025-03-01T02:59:04.536Z] Error writing to Modbus register: no connection to modbus server
[2025-03-01T02:59:05.563Z] Error reading register 3105 for IP 10.30.4.91: no connection to modbus server
[2025-03-01T02:59:05.565Z] Error writing to Modbus register: no connection to modbus server
[2025-03-01T02:59:05.564Z] ❌ Error reading register 1000 for IP 10.30.4.91: no connection to modbus server
[2025-03-01T02:59:05.564Z] Error reading actual data: no connection to modbus server
[2025-03-01T02:59:06.570Z] ❌ Error reading register 1000 for IP 10.30.4.91: no connection to modbus server
[2025-03-01T02:59:06.570Z] Error reading register 3105 for IP 10.30.4.91: no connection to modbus server
[2025-03-01T02:59:06.570Z] Error writing to Modbus register: no connection to modbus server
[2025-03-01T02:59:06.570Z] Error reading actual data: no connection to modbus server
[2025-03-01T02:59:07.570Z] Error reading register 3105 for IP 10.30.4.91: no connection to modbus server
[2025-03-01T02:59:07.570Z] ❌ Error reading register 1000 for IP 10.30.4.91: no connection to modbus server
[2025-03-01T02:59:07.570Z] Error reading actual data: no connection to modbus server
[2025-03-01T02:59:07.571Z] Error writing to Modbus register: no connection to modbus server
[2025-03-01T02:59:08.571Z] Error reading register 3105 for IP 10.30.4.91: no connection to modbus server
[2025-03-01T02:59:08.571Z] ❌ Error reading register 1000 for IP 10.30.4.91: no connection to modbus server
[2025-03-01T02:59:08.571Z] Error reading actual data: no connection to modbus server
[2025-03-01T02:59:08.573Z] Error writing to Modbus register: no connection to modbus server
[2025-03-01T02:59:09.579Z] Error reading register 3105 for IP 10.30.4.91: no connection to modbus server
[2025-03-01T02:59:09.579Z] ❌ Error reading register 1000 for IP 10.30.4.91: no connection to modbus server
[2025-03-01T02:59:09.580Z] Error reading actual data: no connection to modbus server
[2025-03-01T02:59:09.581Z] Error writing to Modbus register: no connection to modbus server
[2025-03-01T02:59:10.580Z] Error reading register 3105 for IP 10.30.4.91: no connection to modbus server
[2025-03-01T02:59:10.580Z] ❌ Error reading register 1000 for IP 10.30.4.91: no connection to modbus server
[2025-03-01T02:59:10.580Z] Error reading actual data: no connection to modbus server
[2025-03-01T02:59:10.583Z] Error writing to Modbus register: no connection to modbus server
[2025-03-01T02:59:11.595Z] Error reading register 3105 for IP 10.30.4.91: no connection to modbus server
[2025-03-01T02:59:11.596Z] Error reading actual data: no connection to modbus server
[2025-03-01T02:59:11.595Z] ❌ Error reading register 1000 for IP 10.30.4.91: no connection to modbus server
[2025-03-01T02:59:11.597Z] Error writing to Modbus register: no connection to modbus server
[2025-03-01T02:59:12.595Z] Error reading register 3105 for IP 10.30.4.91: no connection to modbus server
[2025-03-01T02:59:12.596Z] ❌ Error reading register 1000 for IP 10.30.4.91: no connection to modbus server
[2025-03-01T02:59:12.596Z] Error reading actual data: no connection to modbus server
[2025-03-01T02:59:12.599Z] Error writing to Modbus register: no connection to modbus server
[2025-03-01T02:59:13.609Z] Error reading register 3105 for IP 10.30.4.91: no connection to modbus server
[2025-03-01T02:59:13.610Z] ❌ Error reading register 1000 for IP 10.30.4.91: no connection to modbus server
[2025-03-01T02:59:13.611Z] Error reading actual data: no connection to modbus server
[2025-03-01T02:59:13.612Z] Error writing to Modbus register: no connection to modbus server
[2025-03-01T02:59:14.611Z] Error reading register 3105 for IP 10.30.4.91: no connection to modbus server
[2025-03-01T02:59:14.612Z] ❌ Error reading register 1000 for IP 10.30.4.91: no connection to modbus server
[2025-03-01T02:59:14.612Z] Error reading actual data: no connection to modbus server
[2025-03-01T02:59:14.615Z] Error writing to Modbus register: no connection to modbus server
[2025-03-01T02:59:15.613Z] Error reading register 3105 for IP 10.30.4.91: no connection to modbus server
[2025-03-01T02:59:15.614Z] ❌ Error reading register 1000 for IP 10.30.4.91: no connection to modbus server
[2025-03-01T02:59:15.614Z] Error reading actual data: no connection to modbus server
[2025-03-01T02:59:15.619Z] Error writing to Modbus register: no connection to modbus server
[2025-03-01T02:59:16.623Z] Error reading register 3105 for IP 10.30.4.91: no connection to modbus server
[2025-03-01T02:59:16.623Z] ❌ Error reading register 1000 for IP 10.30.4.91: no connection to modbus server
[2025-03-01T02:59:16.624Z] Error writing to Modbus register: no connection to modbus server
[2025-03-01T02:59:16.623Z] Error reading actual data: no connection to modbus server
[2025-03-01T02:59:17.622Z] Error reading register 3105 for IP 10.30.4.91: no connection to modbus server
[2025-03-01T02:59:17.623Z] ❌ Error reading register 1000 for IP 10.30.4.91: no connection to modbus server
[2025-03-01T02:59:17.623Z] Error reading actual data: no connection to modbus server
[2025-03-01T02:59:17.625Z] Error writing to Modbus register: no connection to modbus server
[2025-03-01T02:59:18.629Z] Error reading register 3105 for IP 10.30.4.91: no connection to modbus server
[2025-03-01T02:59:18.629Z] ❌ Error reading register 1000 for IP 10.30.4.91: no connection to modbus server
[2025-03-01T02:59:18.630Z] Error reading actual data: no connection to modbus server
[2025-03-01T02:59:18.631Z] Error writing to Modbus register: no connection to modbus server
[2025-03-01T02:59:19.630Z] Error reading register 3105 for IP 10.30.4.91: no connection to modbus server
[2025-03-01T02:59:19.630Z] ❌ Error reading register 1000 for IP 10.30.4.91: no connection to modbus server
[2025-03-01T02:59:19.630Z] Error reading actual data: no connection to modbus server
[2025-03-01T02:59:19.633Z] Error writing to Modbus register: no connection to modbus server
[2025-03-01T02:59:20.640Z] Error reading register 3105 for IP 10.30.4.91: no connection to modbus server
[2025-03-01T02:59:20.640Z] ❌ Error reading register 1000 for IP 10.30.4.91: no connection to modbus server
[2025-03-01T02:59:20.640Z] Error reading actual data: no connection to modbus server
[2025-03-01T02:59:20.641Z] Error writing to Modbus register: no connection to modbus server
[2025-03-01T02:59:21.646Z] Error reading register 3105 for IP 10.30.4.91: no connection to modbus server
[2025-03-01T02:59:21.647Z] ❌ Error reading register 1000 for IP 10.30.4.91: no connection to modbus server
[2025-03-01T02:59:21.648Z] Error writing to Modbus register: no connection to modbus server
[2025-03-01T02:59:21.647Z] Error reading actual data: no connection to modbus server
[2025-03-01T02:59:22.661Z] Error reading actual data: no connection to modbus server
[2025-03-01T02:59:22.661Z] Error reading register 3105 for IP 10.30.4.91: no connection to modbus server
[2025-03-01T02:59:22.661Z] Error writing to Modbus register: no connection to modbus server
[2025-03-01T02:59:22.661Z] ❌ Error reading register 1000 for IP 10.30.4.91: no connection to modbus server
[2025-03-01T02:59:23.669Z] Error reading register 3105 for IP 10.30.4.91: no connection to modbus server
[2025-03-01T02:59:23.669Z] ❌ Error reading register 1000 for IP 10.30.4.91: no connection to modbus server
[2025-03-01T02:59:23.669Z] Error reading actual data: no connection to modbus server
[2025-03-01T02:59:23.669Z] Error writing to Modbus register: no connection to modbus server
[2025-03-01T02:59:24.677Z] Error reading register 3105 for IP 10.30.4.91: no connection to modbus server
[2025-03-01T02:59:24.677Z] ❌ Error reading register 1000 for IP 10.30.4.91: no connection to modbus server
[2025-03-01T02:59:24.677Z] Error reading actual data: no connection to modbus server
[2025-03-01T02:59:24.677Z] Error writing to Modbus register: no connection to modbus server
[2025-03-01T02:59:25.681Z] Error reading register 3105 for IP 10.30.4.91: no connection to modbus server
[2025-03-01T02:59:25.681Z] ❌ Error reading register 1000 for IP 10.30.4.91: no connection to modbus server
[2025-03-01T02:59:25.681Z] Error reading actual data: no connection to modbus server
[2025-03-01T02:59:25.682Z] Error writing to Modbus register: no connection to modbus server
[2025-03-01T02:59:26.695Z] Error reading register 3105 for IP 10.30.4.91: no connection to modbus server
[2025-03-01T02:59:26.697Z] Error reading actual data: no connection to modbus server
[2025-03-01T02:59:26.696Z] ❌ Error reading register 1000 for IP 10.30.4.91: no connection to modbus server
[2025-03-01T02:59:26.698Z] Error writing to Modbus register: no connection to modbus server
[2025-03-01T02:59:27.704Z] Error reading register 3105 for IP 10.30.4.91: no connection to modbus server
[2025-03-01T02:59:27.704Z] ❌ Error reading register 1000 for IP 10.30.4.91: no connection to modbus server
[2025-03-01T02:59:27.704Z] Error writing to Modbus register: no connection to modbus server
[2025-03-01T02:59:27.704Z] Error reading actual data: no connection to modbus server
[2025-03-01T02:59:28.712Z] Error reading register 3105 for IP 10.30.4.91: no connection to modbus server
[2025-03-01T02:59:28.713Z] ❌ Error reading register 1000 for IP 10.30.4.91: no connection to modbus server
[2025-03-01T02:59:28.714Z] Error writing to Modbus register: no connection to modbus server
[2025-03-01T02:59:28.714Z] Error reading actual data: no connection to modbus server
[2025-03-01T02:59:29.711Z] Error reading register 3105 for IP 10.30.4.91: no connection to modbus server
[2025-03-01T02:59:29.712Z] ❌ Error reading register 1000 for IP 10.30.4.91: no connection to modbus server
[2025-03-01T02:59:29.712Z] Error reading actual data: no connection to modbus server
[2025-03-01T02:59:29.715Z] Error writing to Modbus register: no connection to modbus server
[2025-03-01T02:59:30.729Z] Error reading register 3105 for IP 10.30.4.91: no connection to modbus server
[2025-03-01T02:59:30.729Z] ❌ Error reading register 1000 for IP 10.30.4.91: no connection to modbus server
[2025-03-01T02:59:30.730Z] Error reading actual data: no connection to modbus server
[2025-03-01T02:59:30.731Z] Error writing to Modbus register: no connection to modbus server
[2025-03-01T02:59:31.732Z] Error reading register 3105 for IP 10.30.4.91: no connection to modbus server
[2025-03-01T02:59:31.732Z] ❌ Error reading register 1000 for IP 10.30.4.91: no connection to modbus server
[2025-03-01T02:59:31.732Z] Error reading actual data: no connection to modbus server
[2025-03-01T02:59:31.733Z] Error writing to Modbus register: no connection to modbus server
[2025-03-01T02:59:32.746Z] Error reading register 3105 for IP 10.30.4.91: no connection to modbus server
[2025-03-01T02:59:32.746Z] ❌ Error reading register 1000 for IP 10.30.4.91: no connection to modbus server
[2025-03-01T02:59:32.747Z] Error reading actual data: no connection to modbus server
[2025-03-01T02:59:32.748Z] Error writing to Modbus register: no connection to modbus server
[2025-03-01T02:59:33.746Z] Error reading register 3105 for IP 10.30.4.91: no connection to modbus server
[2025-03-01T02:59:33.746Z] ❌ Error reading register 1000 for IP 10.30.4.91: no connection to modbus server
[2025-03-01T02:59:33.747Z] Error reading actual data: no connection to modbus server
[2025-03-01T02:59:33.749Z] Error writing to Modbus register: no connection to modbus server
[2025-03-01T02:59:34.752Z] Error reading register 3105 for IP 10.30.4.91: no connection to modbus server
[2025-03-01T02:59:34.752Z] ❌ Error reading register 1000 for IP 10.30.4.91: no connection to modbus server
[2025-03-01T02:59:34.752Z] Error reading actual data: no connection to modbus server
[2025-03-01T02:59:34.753Z] Error writing to Modbus register: no connection to modbus server
[2025-03-01T02:59:35.761Z] Error reading register 3105 for IP 10.30.4.91: no connection to modbus server
[2025-03-01T02:59:35.761Z] ❌ Error reading register 1000 for IP 10.30.4.91: no connection to modbus server
[2025-03-01T02:59:35.762Z] Error reading actual data: no connection to modbus server
[2025-03-01T02:59:35.762Z] Error writing to Modbus register: no connection to modbus server
[2025-03-01T02:59:36.779Z] Error reading register 3105 for IP 10.30.4.91: no connection to modbus server
[2025-03-01T02:59:36.779Z] ❌ Error reading register 1000 for IP 10.30.4.91: no connection to modbus server
[2025-03-01T02:59:36.780Z] Error reading actual data: no connection to modbus server
[2025-03-01T02:59:36.781Z] Error writing to Modbus register: no connection to modbus server
[2025-03-01T02:59:37.796Z] Error reading register 3105 for IP 10.30.4.91: no connection to modbus server
[2025-03-01T02:59:37.797Z] ❌ Error reading register 1000 for IP 10.30.4.91: no connection to modbus server
[2025-03-01T02:59:37.798Z] Error writing to Modbus register: no connection to modbus server
[2025-03-01T02:59:37.797Z] Error reading actual data: no connection to modbus server
[2025-03-01T02:59:38.796Z] Error reading register 3105 for IP 10.30.4.91: no connection to modbus server
[2025-03-01T02:59:38.796Z] ❌ Error reading register 1000 for IP 10.30.4.91: no connection to modbus server
[2025-03-01T02:59:38.796Z] Error reading actual data: no connection to modbus server
[2025-03-01T02:59:38.800Z] Error writing to Modbus register: no connection to modbus server
[2025-03-01T02:59:39.795Z] Error reading register 3105 for IP 10.30.4.91: no connection to modbus server
[2025-03-01T02:59:39.795Z] ❌ Error reading register 1000 for IP 10.30.4.91: no connection to modbus server
[2025-03-01T02:59:39.795Z] Error reading actual data: no connection to modbus server
[2025-03-01T02:59:39.800Z] Error writing to Modbus register: no connection to modbus server
[2025-03-01T02:59:40.809Z] Error reading register 3105 for IP 10.30.4.91: no connection to modbus server
[2025-03-01T02:59:40.810Z] ❌ Error reading register 1000 for IP 10.30.4.91: no connection to modbus server
[2025-03-01T02:59:40.810Z] Error reading actual data: no connection to modbus server
[2025-03-01T02:59:40.810Z] Error writing to Modbus register: no connection to modbus server
[2025-03-01T02:59:41.826Z] Error reading register 3105 for IP 10.30.4.91: no connection to modbus server
[2025-03-01T02:59:41.827Z] ❌ Error reading register 1000 for IP 10.30.4.91: no connection to modbus server
[2025-03-01T02:59:41.828Z] Error writing to Modbus register: no connection to modbus server
[2025-03-01T02:59:41.827Z] Error reading actual data: no connection to modbus server
[2025-03-01T02:59:42.827Z] Error reading register 3105 for IP 10.30.4.91: no connection to modbus server
[2025-03-01T02:59:42.828Z] Error reading actual data: no connection to modbus server
[2025-03-01T02:59:42.827Z] ❌ Error reading register 1000 for IP 10.30.4.91: no connection to modbus server
[2025-03-01T02:59:42.834Z] Error writing to Modbus register: no connection to modbus server
[2025-03-01T02:59:43.827Z] Error reading register 3105 for IP 10.30.4.91: no connection to modbus server
[2025-03-01T02:59:43.827Z] ❌ Error reading register 1000 for IP 10.30.4.91: no connection to modbus server
[2025-03-01T02:59:43.827Z] Error reading actual data: no connection to modbus server
[2025-03-01T02:59:43.834Z] Error writing to Modbus register: no connection to modbus server
[2025-03-01T02:59:44.830Z] ❌ Error reading register 1000 for IP 10.30.4.91: no connection to modbus server
[2025-03-01T02:59:44.830Z] Error reading register 3105 for IP 10.30.4.91: no connection to modbus server
[2025-03-01T02:59:44.830Z] Error reading actual data: no connection to modbus server
[2025-03-01T02:59:44.833Z] Error writing to Modbus register: no connection to modbus server
[2025-03-01T02:59:45.840Z] ❌ Error reading register 1000 for IP 10.30.4.91: no connection to modbus server
[2025-03-01T02:59:45.840Z] Error reading register 3105 for IP 10.30.4.91: no connection to modbus server
[2025-03-01T02:59:45.840Z] Error writing to Modbus register: no connection to modbus server
[2025-03-01T02:59:45.840Z] Error reading actual data: no connection to modbus server
[2025-03-01T02:59:46.844Z] Error reading register 3105 for IP 10.30.4.91: no connection to modbus server
[2025-03-01T02:59:46.844Z] ❌ Error reading register 1000 for IP 10.30.4.91: no connection to modbus server
[2025-03-01T02:59:46.845Z] Error writing to Modbus register: no connection to modbus server
[2025-03-01T02:59:46.844Z] Error reading actual data: no connection to modbus server
[2025-03-01T02:59:47.847Z] ❌ Error reading register 1000 for IP 10.30.4.91: no connection to modbus server
[2025-03-01T02:59:47.847Z] Error reading actual data: no connection to modbus server
[2025-03-01T02:59:47.848Z] Error writing to Modbus register: no connection to modbus server
[2025-03-01T02:59:47.847Z] Error reading register 3105 for IP 10.30.4.91: no connection to modbus server
[2025-03-01T02:59:48.862Z] Error reading register 3105 for IP 10.30.4.91: no connection to modbus server
[2025-03-01T02:59:48.862Z] ❌ Error reading register 1000 for IP 10.30.4.91: no connection to modbus server
[2025-03-01T02:59:48.864Z] Error writing to Modbus register: no connection to modbus server
[2025-03-01T02:59:48.863Z] Error reading actual data: no connection to modbus server
[2025-03-01T02:59:49.862Z] Error reading register 3105 for IP 10.30.4.91: no connection to modbus server
[2025-03-01T02:59:49.862Z] ❌ Error reading register 1000 for IP 10.30.4.91: no connection to modbus server
[2025-03-01T02:59:49.863Z] Error reading actual data: no connection to modbus server
[2025-03-01T02:59:49.865Z] Error writing to Modbus register: no connection to modbus server
[2025-03-01T02:59:50.879Z] Error reading register 3105 for IP 10.30.4.91: no connection to modbus server
[2025-03-01T02:59:50.879Z] ❌ Error reading register 1000 for IP 10.30.4.91: no connection to modbus server
[2025-03-01T02:59:50.880Z] Error writing to Modbus register: no connection to modbus server
[2025-03-01T02:59:50.879Z] Error reading actual data: no connection to modbus server
[2025-03-01T02:59:51.893Z] Error reading register 3105 for IP 10.30.4.91: no connection to modbus server
[2025-03-01T02:59:51.894Z] ❌ Error reading register 1000 for IP 10.30.4.91: no connection to modbus server
[2025-03-01T02:59:51.894Z] Error reading actual data: no connection to modbus server
[2025-03-01T02:59:51.895Z] Error writing to Modbus register: no connection to modbus server
[2025-03-01T02:59:52.900Z] Error reading register 3105 for IP 10.30.4.91: no connection to modbus server
[2025-03-01T02:59:52.900Z] ❌ Error reading register 1000 for IP 10.30.4.91: no connection to modbus server
[2025-03-01T02:59:52.901Z] Error writing to Modbus register: no connection to modbus server
[2025-03-01T02:59:52.900Z] Error reading actual data: no connection to modbus server
[2025-03-01T02:59:53.899Z] Error reading register 3105 for IP 10.30.4.91: no connection to modbus server
[2025-03-01T02:59:53.900Z] ❌ Error reading register 1000 for IP 10.30.4.91: no connection to modbus server
[2025-03-01T02:59:53.900Z] Error reading actual data: no connection to modbus server
[2025-03-01T02:59:53.901Z] Error writing to Modbus register: no connection to modbus server
[2025-03-01T02:59:54.914Z] Error reading register 3105 for IP 10.30.4.91: no connection to modbus server
[2025-03-01T02:59:54.914Z] ❌ Error reading register 1000 for IP 10.30.4.91: no connection to modbus server
[2025-03-01T02:59:54.914Z] Error reading actual data: no connection to modbus server
[2025-03-01T02:59:54.915Z] Error writing to Modbus register: no connection to modbus server
[2025-03-01T02:59:55.928Z] Error reading register 3105 for IP 10.30.4.91: no connection to modbus server
[2025-03-01T02:59:55.929Z] ❌ Error reading register 1000 for IP 10.30.4.91: no connection to modbus server
[2025-03-01T02:59:55.930Z] Error reading actual data: no connection to modbus server
[2025-03-01T02:59:55.931Z] Error writing to Modbus register: no connection to modbus server
[2025-03-01T02:59:56.929Z] Error reading register 3105 for IP 10.30.4.91: no connection to modbus server
[2025-03-01T02:59:56.930Z] ❌ Error reading register 1000 for IP 10.30.4.91: no connection to modbus server
[2025-03-01T02:59:56.930Z] Error reading actual data: no connection to modbus server
[2025-03-01T02:59:56.932Z] Error writing to Modbus register: no connection to modbus server
[2025-03-01T02:59:57.938Z] Error reading register 3105 for IP 10.30.4.91: no connection to modbus server
[2025-03-01T02:59:57.939Z] ❌ Error reading register 1000 for IP 10.30.4.91: no connection to modbus server
[2025-03-01T02:59:57.940Z] Error writing to Modbus register: no connection to modbus server
[2025-03-01T02:59:57.939Z] Error reading actual data: no connection to modbus server
[2025-03-01T02:59:58.945Z] Error reading register 3105 for IP 10.30.4.91: no connection to modbus server
[2025-03-01T02:59:58.946Z] ❌ Error reading register 1000 for IP 10.30.4.91: no connection to modbus server
[2025-03-01T02:59:58.946Z] Error reading actual data: no connection to modbus server
[2025-03-01T02:59:58.947Z] Error writing to Modbus register: no connection to modbus server
[2025-03-01T02:59:59.958Z] Error reading register 3105 for IP 10.30.4.91: no connection to modbus server
[2025-03-01T02:59:59.959Z] ❌ Error reading register 1000 for IP 10.30.4.91: no connection to modbus server
[2025-03-01T02:59:59.960Z] Error reading actual data: no connection to modbus server
[2025-03-01T02:59:59.961Z] Error writing to Modbus register: no connection to modbus server
[2025-03-01T03:00:00.963Z] Error reading register 3105 for IP 10.30.4.91: no connection to modbus server
[2025-03-01T03:00:00.963Z] ❌ Error reading register 1000 for IP 10.30.4.91: no connection to modbus server
[2025-03-01T03:00:00.964Z] Error reading actual data: no connection to modbus server
[2025-03-01T03:00:00.966Z] Error writing to Modbus register: no connection to modbus server
[2025-03-01T03:00:01.964Z] Error reading register 3105 for IP 10.30.4.91: no connection to modbus server
[2025-03-01T03:00:01.965Z] Error reading actual data: no connection to modbus server
[2025-03-01T03:00:01.965Z] ❌ Error reading register 1000 for IP 10.30.4.91: no connection to modbus server
[2025-03-01T03:00:01.967Z] Error writing to Modbus register: no connection to modbus server
[2025-03-01T03:00:02.977Z] Error reading register 3105 for IP 10.30.4.91: no connection to modbus server
[2025-03-01T03:00:02.977Z] ❌ Error reading register 1000 for IP 10.30.4.91: no connection to modbus server
[2025-03-01T03:00:02.977Z] Error reading actual data: no connection to modbus server
[2025-03-01T03:00:02.978Z] Error writing to Modbus register: no connection to modbus server
[2025-03-01T03:00:03.980Z] ❌ Error reading register 1000 for IP 10.30.4.91: no connection to modbus server
[2025-03-01T03:00:03.979Z] Error reading register 3105 for IP 10.30.4.91: no connection to modbus server
[2025-03-01T03:00:03.980Z] Error reading actual data: no connection to modbus server
[2025-03-01T03:00:03.982Z] Error writing to Modbus register: no connection to modbus server
[2025-03-01T03:00:04.994Z] Error reading register 3105 for IP 10.30.4.91: no connection to modbus server
[2025-03-01T03:00:04.994Z] ❌ Error reading register 1000 for IP 10.30.4.91: no connection to modbus server
[2025-03-01T03:00:04.995Z] Error writing to Modbus register: no connection to modbus server
[2025-03-01T03:00:04.995Z] Error reading actual data: no connection to modbus server
[2025-03-01T03:00:05.996Z] Error reading register 3105 for IP 10.30.4.91: no connection to modbus server
[2025-03-01T03:00:05.997Z] ❌ Error reading register 1000 for IP 10.30.4.91: no connection to modbus server
[2025-03-01T03:00:05.997Z] Error reading actual data: no connection to modbus server
[2025-03-01T03:00:05.998Z] Error writing to Modbus register: no connection to modbus server
[2025-03-01T03:00:07.008Z] Error reading register 3105 for IP 10.30.4.91: no connection to modbus server
[2025-03-01T03:00:07.009Z] ❌ Error reading register 1000 for IP 10.30.4.91: no connection to modbus server
[2025-03-01T03:00:07.009Z] Error reading actual data: no connection to modbus server
[2025-03-01T03:00:07.009Z] Error writing to Modbus register: no connection to modbus server
[2025-03-01T03:00:08.012Z] Error reading register 3105 for IP 10.30.4.91: no connection to modbus server
[2025-03-01T03:00:08.013Z] ❌ Error reading register 1000 for IP 10.30.4.91: no connection to modbus server
[2025-03-01T03:00:08.014Z] Error reading actual data: no connection to modbus server
[2025-03-01T03:00:08.015Z] Error writing to Modbus register: no connection to modbus server
[2025-03-01T03:00:09.012Z] Error reading register 3105 for IP 10.30.4.91: no connection to modbus server
[2025-03-01T03:00:09.012Z] ❌ Error reading register 1000 for IP 10.30.4.91: no connection to modbus server
[2025-03-01T03:00:09.012Z] Error reading actual data: no connection to modbus server
[2025-03-01T03:00:09.014Z] Error writing to Modbus register: no connection to modbus server
[2025-03-01T03:00:10.027Z] Error reading register 3105 for IP 10.30.4.91: no connection to modbus server
[2025-03-01T03:00:10.028Z] ❌ Error reading register 1000 for IP 10.30.4.91: no connection to modbus server
[2025-03-01T03:00:10.029Z] Error writing to Modbus register: no connection to modbus server
[2025-03-01T03:00:10.028Z] Error reading actual data: no connection to modbus server
[2025-03-01T03:00:11.029Z] Error reading register 3105 for IP 10.30.4.91: no connection to modbus server
[2025-03-01T03:00:11.030Z] ❌ Error reading register 1000 for IP 10.30.4.91: no connection to modbus server
[2025-03-01T03:00:11.030Z] Error reading actual data: no connection to modbus server
[2025-03-01T03:00:11.033Z] Error writing to Modbus register: no connection to modbus server
[2025-03-01T03:00:12.034Z] Error reading register 3105 for IP 10.30.4.91: no connection to modbus server
[2025-03-01T03:00:12.034Z] ❌ Error reading register 1000 for IP 10.30.4.91: no connection to modbus server
[2025-03-01T03:00:12.035Z] Error reading actual data: no connection to modbus server
[2025-03-01T03:00:12.037Z] Error writing to Modbus register: no connection to modbus server
[2025-03-01T03:00:13.045Z] Error reading register 3105 for IP 10.30.4.91: no connection to modbus server
[2025-03-01T03:00:13.045Z] ❌ Error reading register 1000 for IP 10.30.4.91: no connection to modbus server
[2025-03-01T03:00:13.046Z] Error writing to Modbus register: no connection to modbus server
[2025-03-01T03:00:13.045Z] Error reading actual data: no connection to modbus server
[2025-03-01T03:00:14.060Z] Error reading register 3105 for IP 10.30.4.91: no connection to modbus server
[2025-03-01T03:00:14.060Z] ❌ Error reading register 1000 for IP 10.30.4.91: no connection to modbus server
[2025-03-01T03:00:14.061Z] Error writing to Modbus register: no connection to modbus server
[2025-03-01T03:00:14.061Z] Error reading actual data: no connection to modbus server
[2025-03-01T03:00:15.060Z] Error reading register 3105 for IP 10.30.4.91: no connection to modbus server
[2025-03-01T03:00:15.061Z] ❌ Error reading register 1000 for IP 10.30.4.91: no connection to modbus server
[2025-03-01T03:00:15.061Z] Error reading actual data: no connection to modbus server
[2025-03-01T03:00:15.063Z] Error writing to Modbus register: no connection to modbus server
[2025-03-01T03:00:16.060Z] Error reading register 3105 for IP 10.30.4.91: no connection to modbus server
[2025-03-01T03:00:16.060Z] ❌ Error reading register 1000 for IP 10.30.4.91: no connection to modbus server
[2025-03-01T03:00:16.060Z] Error reading actual data: no connection to modbus server
[2025-03-01T03:00:16.062Z] Error writing to Modbus register: no connection to modbus server
[2025-03-01T03:00:17.079Z] Error reading register 3105 for IP 10.30.4.91: no connection to modbus server
[2025-03-01T03:00:17.079Z] ❌ Error reading register 1000 for IP 10.30.4.91: no connection to modbus server
[2025-03-01T03:00:17.080Z] Error writing to Modbus register: no connection to modbus server
[2025-03-01T03:00:17.080Z] Error reading actual data: no connection to modbus server
[2025-03-01T03:00:18.081Z] Error reading register 3105 for IP 10.30.4.91: no connection to modbus server
[2025-03-01T03:00:18.081Z] ❌ Error reading register 1000 for IP 10.30.4.91: no connection to modbus server
[2025-03-01T03:00:18.081Z] Error reading actual data: no connection to modbus server
[2025-03-01T03:00:18.083Z] Error writing to Modbus register: no connection to modbus server
[2025-03-01T03:00:19.091Z] Error reading register 3105 for IP 10.30.4.91: no connection to modbus server
[2025-03-01T03:00:19.091Z] ❌ Error reading register 1000 for IP 10.30.4.91: no connection to modbus server
[2025-03-01T03:00:19.091Z] Error reading actual data: no connection to modbus server
[2025-03-01T03:00:19.091Z] Error writing to Modbus register: no connection to modbus server
[2025-03-01T03:00:20.104Z] Error reading register 3105 for IP 10.30.4.91: no connection to modbus server
[2025-03-01T03:00:20.104Z] ❌ Error reading register 1000 for IP 10.30.4.91: no connection to modbus server
[2025-03-01T03:00:20.104Z] Error reading actual data: no connection to modbus server
[2025-03-01T03:00:20.104Z] Error writing to Modbus register: no connection to modbus server
[2025-03-01T03:00:21.114Z] Error reading register 3105 for IP 10.30.4.91: no connection to modbus server
[2025-03-01T03:00:21.114Z] ❌ Error reading register 1000 for IP 10.30.4.91: no connection to modbus server
[2025-03-01T03:00:21.114Z] Error reading actual data: no connection to modbus server
[2025-03-01T03:00:21.114Z] Error writing to Modbus register: no connection to modbus server
[2025-03-01T03:00:22.115Z] ❌ Error reading register 1000 for IP 10.30.4.91: no connection to modbus server
[2025-03-01T03:00:22.115Z] Error reading register 3105 for IP 10.30.4.91: no connection to modbus server
[2025-03-01T03:00:22.115Z] Error reading actual data: no connection to modbus server
[2025-03-01T03:00:22.115Z] Error writing to Modbus register: no connection to modbus server
[2025-03-01T03:00:23.129Z] Error reading register 3105 for IP 10.30.4.91: no connection to modbus server
[2025-03-01T03:00:23.130Z] ❌ Error reading register 1000 for IP 10.30.4.91: no connection to modbus server
[2025-03-01T03:00:23.130Z] Error reading actual data: no connection to modbus server
[2025-03-01T03:00:23.131Z] Error writing to Modbus register: no connection to modbus server
[2025-03-01T03:00:24.131Z] Error reading register 3105 for IP 10.30.4.91: no connection to modbus server
[2025-03-01T03:00:24.132Z] ❌ Error reading register 1000 for IP 10.30.4.91: no connection to modbus server
[2025-03-01T03:00:24.132Z] Error reading actual data: no connection to modbus server
[2025-03-01T03:00:24.136Z] Error writing to Modbus register: no connection to modbus server
[2025-03-01T03:00:25.138Z] Error reading register 3105 for IP 10.30.4.91: no connection to modbus server
[2025-03-01T03:00:25.138Z] ❌ Error reading register 1000 for IP 10.30.4.91: no connection to modbus server
[2025-03-01T03:00:25.139Z] Error writing to Modbus register: no connection to modbus server
[2025-03-01T03:00:25.138Z] Error reading actual data: no connection to modbus server
[2025-03-01T03:00:26.140Z] Error reading actual data: no connection to modbus server
[2025-03-01T03:00:26.139Z] ❌ Error reading register 1000 for IP 10.30.4.91: no connection to modbus server
[2025-03-01T03:00:26.139Z] Error reading register 3105 for IP 10.30.4.91: no connection to modbus server
[2025-03-01T03:00:26.140Z] Error writing to Modbus register: no connection to modbus server
[2025-03-01T03:00:27.145Z] Error reading register 3105 for IP 10.30.4.91: no connection to modbus server
[2025-03-01T03:00:27.146Z] ❌ Error reading register 1000 for IP 10.30.4.91: no connection to modbus server
[2025-03-01T03:00:27.147Z] Error writing to Modbus register: no connection to modbus server
[2025-03-01T03:00:27.146Z] Error reading actual data: no connection to modbus server
[2025-03-01T03:00:28.147Z] Error reading register 3105 for IP 10.30.4.91: no connection to modbus server
[2025-03-01T03:00:28.147Z] ❌ Error reading register 1000 for IP 10.30.4.91: no connection to modbus server
[2025-03-01T03:00:28.148Z] Error writing to Modbus register: no connection to modbus server
[2025-03-01T03:00:28.148Z] Error reading actual data: no connection to modbus server
[2025-03-01T03:00:29.160Z] Error reading register 3105 for IP 10.30.4.91: no connection to modbus server
[2025-03-01T03:00:29.160Z] ❌ Error reading register 1000 for IP 10.30.4.91: no connection to modbus server
[2025-03-01T03:00:29.160Z] Error reading actual data: no connection to modbus server
[2025-03-01T03:00:29.161Z] Error writing to Modbus register: no connection to modbus server
[2025-03-01T03:00:30.179Z] Error reading register 3105 for IP 10.30.4.91: no connection to modbus server
[2025-03-01T03:00:30.180Z] ❌ Error reading register 1000 for IP 10.30.4.91: no connection to modbus server
[2025-03-01T03:00:30.180Z] Error reading actual data: no connection to modbus server
[2025-03-01T03:00:30.181Z] Error writing to Modbus register: no connection to modbus server
[2025-03-01T03:00:31.182Z] Error reading register 3105 for IP 10.30.4.91: no connection to modbus server
[2025-03-01T03:00:31.183Z] ❌ Error reading register 1000 for IP 10.30.4.91: no connection to modbus server
[2025-03-01T03:00:31.184Z] Error writing to Modbus register: no connection to modbus server
[2025-03-01T03:00:31.183Z] Error reading actual data: no connection to modbus server
[2025-03-01T03:00:32.191Z] Error reading register 3105 for IP 10.30.4.91: no connection to modbus server
[2025-03-01T03:00:32.192Z] ❌ Error reading register 1000 for IP 10.30.4.91: no connection to modbus server
[2025-03-01T03:00:32.192Z] Error reading actual data: no connection to modbus server
[2025-03-01T03:00:32.192Z] Error writing to Modbus register: no connection to modbus server
[2025-03-01T03:00:33.195Z] Error reading register 3105 for IP 10.30.4.91: no connection to modbus server
[2025-03-01T03:00:33.195Z] ❌ Error reading register 1000 for IP 10.30.4.91: no connection to modbus server
[2025-03-01T03:00:33.197Z] Error writing to Modbus register: no connection to modbus server
[2025-03-01T03:00:33.196Z] Error reading actual data: no connection to modbus server
[2025-03-01T03:00:34.197Z] Error reading register 3105 for IP 10.30.4.91: no connection to modbus server
[2025-03-01T03:00:34.197Z] ❌ Error reading register 1000 for IP 10.30.4.91: no connection to modbus server
[2025-03-01T03:00:34.198Z] Error reading actual data: no connection to modbus server
[2025-03-01T03:00:34.199Z] Error writing to Modbus register: no connection to modbus server
[2025-03-01T03:00:35.208Z] Error reading register 3105 for IP 10.30.4.91: no connection to modbus server
[2025-03-01T03:00:35.209Z] Error reading actual data: no connection to modbus server
[2025-03-01T03:00:35.208Z] ❌ Error reading register 1000 for IP 10.30.4.91: no connection to modbus server
[2025-03-01T03:00:35.209Z] Error writing to Modbus register: no connection to modbus server
[2025-03-01T03:00:36.213Z] Error reading register 3105 for IP 10.30.4.91: no connection to modbus server
[2025-03-01T03:00:36.214Z] ❌ Error reading register 1000 for IP 10.30.4.91: no connection to modbus server
[2025-03-01T03:00:36.215Z] Error writing to Modbus register: no connection to modbus server
[2025-03-01T03:00:36.214Z] Error reading actual data: no connection to modbus server
[2025-03-01T03:00:37.217Z] ❌ Error reading register 1000 for IP 10.30.4.91: no connection to modbus server
[2025-03-01T03:00:37.216Z] Error reading register 3105 for IP 10.30.4.91: no connection to modbus server
[2025-03-01T03:00:37.217Z] Error reading actual data: no connection to modbus server
[2025-03-01T03:00:37.219Z] Error writing to Modbus register: no connection to modbus server
[2025-03-01T03:00:38.229Z] Error reading register 3105 for IP 10.30.4.91: no connection to modbus server
[2025-03-01T03:00:38.230Z] ❌ Error reading register 1000 for IP 10.30.4.91: no connection to modbus server
[2025-03-01T03:00:38.231Z] Error writing to Modbus register: no connection to modbus server
[2025-03-01T03:00:38.230Z] Error reading actual data: no connection to modbus server
[2025-03-01T03:00:39.246Z] Error reading register 3105 for IP 10.30.4.91: no connection to modbus server
[2025-03-01T03:00:39.246Z] ❌ Error reading register 1000 for IP 10.30.4.91: no connection to modbus server
[2025-03-01T03:00:39.248Z] Error writing to Modbus register: no connection to modbus server
[2025-03-01T03:00:39.247Z] Error reading actual data: no connection to modbus server
[2025-03-01T03:00:40.249Z] Error reading register 3105 for IP 10.30.4.91: no connection to modbus server
[2025-03-01T03:00:40.249Z] ❌ Error reading register 1000 for IP 10.30.4.91: no connection to modbus server
[2025-03-01T03:00:40.249Z] Error reading actual data: no connection to modbus server
[2025-03-01T03:00:40.250Z] Error writing to Modbus register: no connection to modbus server
[2025-03-01T03:00:41.257Z] Error reading register 3105 for IP 10.30.4.91: no connection to modbus server
[2025-03-01T03:00:41.257Z] ❌ Error reading register 1000 for IP 10.30.4.91: no connection to modbus server
[2025-03-01T03:00:41.257Z] Error reading actual data: no connection to modbus server
[2025-03-01T03:00:41.258Z] Error writing to Modbus register: no connection to modbus server
[2025-03-01T03:00:42.265Z] Error reading register 3105 for IP 10.30.4.91: no connection to modbus server
[2025-03-01T03:00:42.266Z] Error writing to Modbus register: no connection to modbus server
[2025-03-01T03:00:42.265Z] ❌ Error reading register 1000 for IP 10.30.4.91: no connection to modbus server
[2025-03-01T03:00:42.266Z] Error reading actual data: no connection to modbus server
[2025-03-01T03:00:43.266Z] Error reading register 3105 for IP 10.30.4.91: no connection to modbus server
[2025-03-01T03:00:43.266Z] ❌ Error reading register 1000 for IP 10.30.4.91: no connection to modbus server
[2025-03-01T03:00:43.266Z] Error reading actual data: no connection to modbus server
[2025-03-01T03:00:43.267Z] Error writing to Modbus register: no connection to modbus server
[2025-03-01T03:00:44.281Z] Error reading register 3105 for IP 10.30.4.91: no connection to modbus server
[2025-03-01T03:00:44.281Z] ❌ Error reading register 1000 for IP 10.30.4.91: no connection to modbus server
[2025-03-01T03:00:44.282Z] Error reading actual data: no connection to modbus server
[2025-03-01T03:00:44.282Z] Error writing to Modbus register: no connection to modbus server
[2025-03-01T03:00:45.294Z] Error reading register 3105 for IP 10.30.4.91: no connection to modbus server
[2025-03-01T03:00:45.294Z] ❌ Error reading register 1000 for IP 10.30.4.91: no connection to modbus server
[2025-03-01T03:00:45.294Z] Error writing to Modbus register: no connection to modbus server
[2025-03-01T03:00:45.294Z] Error reading actual data: no connection to modbus server
[2025-03-01T03:00:46.298Z] ❌ Error reading register 1000 for IP 10.30.4.91: no connection to modbus server
[2025-03-01T03:00:46.298Z] Error reading register 3105 for IP 10.30.4.91: no connection to modbus server
[2025-03-01T03:00:46.298Z] Error reading actual data: no connection to modbus server
[2025-03-01T03:00:46.299Z] Error writing to Modbus register: no connection to modbus server
[2025-03-01T03:00:47.308Z] Error reading register 3105 for IP 10.30.4.91: no connection to modbus server
[2025-03-01T03:00:47.308Z] ❌ Error reading register 1000 for IP 10.30.4.91: no connection to modbus server
[2025-03-01T03:00:47.309Z] Error reading actual data: no connection to modbus server
[2025-03-01T03:00:47.309Z] Error writing to Modbus register: no connection to modbus server
[2025-03-01T03:00:48.311Z] Error reading register 3105 for IP 10.30.4.91: no connection to modbus server
[2025-03-01T03:00:48.312Z] Error writing to Modbus register: no connection to modbus server
[2025-03-01T03:00:48.311Z] ❌ Error reading register 1000 for IP 10.30.4.91: no connection to modbus server
[2025-03-01T03:00:48.311Z] Error reading actual data: no connection to modbus server
[2025-03-01T03:00:49.312Z] Error reading register 3105 for IP 10.30.4.91: no connection to modbus server
[2025-03-01T03:00:49.312Z] ❌ Error reading register 1000 for IP 10.30.4.91: no connection to modbus server
[2025-03-01T03:00:49.312Z] Error reading actual data: no connection to modbus server
[2025-03-01T03:00:49.313Z] Error writing to Modbus register: no connection to modbus server
[2025-03-01T03:00:50.313Z] Error reading register 3105 for IP 10.30.4.91: no connection to modbus server
[2025-03-01T03:00:50.313Z] ❌ Error reading register 1000 for IP 10.30.4.91: no connection to modbus server
[2025-03-01T03:00:50.314Z] Error writing to Modbus register: no connection to modbus server
[2025-03-01T03:00:50.314Z] Error reading actual data: no connection to modbus server
[2025-03-01T03:00:51.321Z] Error reading register 3105 for IP 10.30.4.91: no connection to modbus server
[2025-03-01T03:00:51.321Z] Error reading actual data: no connection to modbus server
[2025-03-01T03:00:51.321Z] ❌ Error reading register 1000 for IP 10.30.4.91: no connection to modbus server
[2025-03-01T03:00:51.321Z] Error writing to Modbus register: no connection to modbus server
[2025-03-01T03:00:52.328Z] Error reading register 3105 for IP 10.30.4.91: no connection to modbus server
[2025-03-01T03:00:52.329Z] Error reading actual data: no connection to modbus server
[2025-03-01T03:00:52.328Z] ❌ Error reading register 1000 for IP 10.30.4.91: no connection to modbus server
[2025-03-01T03:00:52.329Z] Error writing to Modbus register: no connection to modbus server
[2025-03-01T03:00:53.329Z] Error reading actual data: no connection to modbus server
[2025-03-01T03:00:53.329Z] Error reading register 3105 for IP 10.30.4.91: no connection to modbus server
[2025-03-01T03:00:53.329Z] ❌ Error reading register 1000 for IP 10.30.4.91: no connection to modbus server
[2025-03-01T03:00:53.329Z] Error writing to Modbus register: no connection to modbus server
[2025-03-01T03:00:54.343Z] Error reading register 3105 for IP 10.30.4.91: no connection to modbus server
[2025-03-01T03:00:54.344Z] ❌ Error reading register 1000 for IP 10.30.4.91: no connection to modbus server
[2025-03-01T03:00:54.344Z] Error reading actual data: no connection to modbus server
[2025-03-01T03:00:54.344Z] Error writing to Modbus register: no connection to modbus server
[2025-03-01T03:00:55.356Z] Error reading register 3105 for IP 10.30.4.91: no connection to modbus server
[2025-03-01T03:00:55.356Z] ❌ Error reading register 1000 for IP 10.30.4.91: no connection to modbus server
[2025-03-01T03:00:55.357Z] Error reading actual data: no connection to modbus server
[2025-03-01T03:00:55.357Z] Error writing to Modbus register: no connection to modbus server
[2025-03-01T03:00:56.367Z] Error reading register 3105 for IP 10.30.4.91: no connection to modbus server
[2025-03-01T03:00:56.367Z] ❌ Error reading register 1000 for IP 10.30.4.91: no connection to modbus server
[2025-03-01T03:00:56.367Z] Error reading actual data: no connection to modbus server
[2025-03-01T03:00:56.368Z] Error writing to Modbus register: no connection to modbus server
[2025-03-01T03:00:57.370Z] Error reading register 3105 for IP 10.30.4.91: no connection to modbus server
[2025-03-01T03:00:57.371Z] ❌ Error reading register 1000 for IP 10.30.4.91: no connection to modbus server
[2025-03-01T03:00:57.371Z] Error reading actual data: no connection to modbus server
[2025-03-01T03:00:57.371Z] Error writing to Modbus register: no connection to modbus server
[2025-03-01T03:00:58.377Z] Error reading register 3105 for IP 10.30.4.91: no connection to modbus server
[2025-03-01T03:00:58.377Z] ❌ Error reading register 1000 for IP 10.30.4.91: no connection to modbus server
[2025-03-01T03:00:58.378Z] Error reading actual data: no connection to modbus server
[2025-03-01T03:00:58.378Z] Error writing to Modbus register: no connection to modbus server
[2025-03-01T03:00:59.377Z] Error reading register 3105 for IP 10.30.4.91: no connection to modbus server
[2025-03-01T03:00:59.377Z] ❌ Error reading register 1000 for IP 10.30.4.91: no connection to modbus server
[2025-03-01T03:00:59.377Z] Error reading actual data: no connection to modbus server
[2025-03-01T03:00:59.378Z] Error writing to Modbus register: no connection to modbus server
[2025-03-01T03:01:00.378Z] Error reading register 3105 for IP 10.30.4.91: no connection to modbus server
[2025-03-01T03:01:00.378Z] ❌ Error reading register 1000 for IP 10.30.4.91: no connection to modbus server
[2025-03-01T03:01:00.379Z] Error writing to Modbus register: no connection to modbus server
[2025-03-01T03:01:00.379Z] Error reading actual data: no connection to modbus server
[2025-03-01T03:01:01.379Z] Error reading register 3105 for IP 10.30.4.91: no connection to modbus server
[2025-03-01T03:01:01.379Z] ❌ Error reading register 1000 for IP 10.30.4.91: no connection to modbus server
[2025-03-01T03:01:01.379Z] Error reading actual data: no connection to modbus server
[2025-03-01T03:01:01.380Z] Error writing to Modbus register: no connection to modbus server
[2025-03-01T03:01:02.393Z] Error reading register 3105 for IP 10.30.4.91: no connection to modbus server
[2025-03-01T03:01:02.393Z] ❌ Error reading register 1000 for IP 10.30.4.91: no connection to modbus server
[2025-03-01T03:01:02.394Z] Error writing to Modbus register: no connection to modbus server
[2025-03-01T03:01:02.393Z] Error reading actual data: no connection to modbus server
[2025-03-01T03:01:03.403Z] Error reading register 3105 for IP 10.30.4.91: no connection to modbus server
[2025-03-01T03:01:03.403Z] ❌ Error reading register 1000 for IP 10.30.4.91: no connection to modbus server
[2025-03-01T03:01:03.403Z] Error reading actual data: no connection to modbus server
[2025-03-01T03:01:03.403Z] Error writing to Modbus register: no connection to modbus server
[2025-03-01T03:01:04.412Z] Error reading register 3105 for IP 10.30.4.91: no connection to modbus server
[2025-03-01T03:01:04.412Z] ❌ Error reading register 1000 for IP 10.30.4.91: no connection to modbus server
[2025-03-01T03:01:04.413Z] Error writing to Modbus register: no connection to modbus server
[2025-03-01T03:01:04.413Z] Error reading actual data: no connection to modbus server
[2025-03-01T03:01:05.414Z] Error reading register 3105 for IP 10.30.4.91: no connection to modbus server
[2025-03-01T03:01:05.415Z] ❌ Error reading register 1000 for IP 10.30.4.91: no connection to modbus server
[2025-03-01T03:01:05.415Z] Error reading actual data: no connection to modbus server
[2025-03-01T03:01:05.415Z] Error writing to Modbus register: no connection to modbus server
[2025-03-01T03:01:06.428Z] Error reading register 3105 for IP 10.30.4.91: no connection to modbus server
[2025-03-01T03:01:06.428Z] ❌ Error reading register 1000 for IP 10.30.4.91: no connection to modbus server
[2025-03-01T03:01:06.430Z] Error writing to Modbus register: no connection to modbus server
[2025-03-01T03:01:06.429Z] Error reading actual data: no connection to modbus server
[2025-03-01T03:01:07.445Z] Error reading register 3105 for IP 10.30.4.91: no connection to modbus server
[2025-03-01T03:01:07.445Z] ❌ Error reading register 1000 for IP 10.30.4.91: no connection to modbus server
[2025-03-01T03:01:07.446Z] Error reading actual data: no connection to modbus server
[2025-03-01T03:01:07.447Z] Error writing to Modbus register: no connection to modbus server
[2025-03-01T03:01:08.459Z] Error reading register 3105 for IP 10.30.4.91: no connection to modbus server
[2025-03-01T03:01:08.460Z] ❌ Error reading register 1000 for IP 10.30.4.91: no connection to modbus server
[2025-03-01T03:01:08.461Z] Error reading actual data: no connection to modbus server
[2025-03-01T03:01:08.462Z] Error writing to Modbus register: no connection to modbus server
[2025-03-01T03:01:09.460Z] Error reading register 3105 for IP 10.30.4.91: no connection to modbus server
[2025-03-01T03:01:09.460Z] ❌ Error reading register 1000 for IP 10.30.4.91: no connection to modbus server
[2025-03-01T03:01:09.460Z] Error reading actual data: no connection to modbus server
[2025-03-01T03:01:09.461Z] Error writing to Modbus register: no connection to modbus server
[2025-03-01T03:01:10.462Z] Error reading register 3105 for IP 10.30.4.91: no connection to modbus server
[2025-03-01T03:01:10.463Z] ❌ Error reading register 1000 for IP 10.30.4.91: no connection to modbus server
[2025-03-01T03:01:10.463Z] Error reading actual data: no connection to modbus server
[2025-03-01T03:01:10.471Z] Error writing to Modbus register: no connection to modbus server
[2025-03-01T03:01:11.478Z] Error reading register 3105 for IP 10.30.4.91: no connection to modbus server
[2025-03-01T03:01:11.478Z] ❌ Error reading register 1000 for IP 10.30.4.91: no connection to modbus server
[2025-03-01T03:01:11.479Z] Error reading actual data: no connection to modbus server
[2025-03-01T03:01:11.480Z] Error writing to Modbus register: no connection to modbus server
[2025-03-01T03:01:12.490Z] Error reading register 3105 for IP 10.30.4.91: no connection to modbus server
[2025-03-01T03:01:12.490Z] Error reading actual data: no connection to modbus server
[2025-03-01T03:01:12.490Z] ❌ Error reading register 1000 for IP 10.30.4.91: no connection to modbus server
[2025-03-01T03:01:12.491Z] Error writing to Modbus register: no connection to modbus server
[2025-03-01T03:01:13.493Z] Error reading register 3105 for IP 10.30.4.91: no connection to modbus server
[2025-03-01T03:01:13.493Z] ❌ Error reading register 1000 for IP 10.30.4.91: no connection to modbus server
[2025-03-01T03:01:13.494Z] Error reading actual data: no connection to modbus server
[2025-03-01T03:01:13.494Z] Error writing to Modbus register: no connection to modbus server
[2025-03-01T03:01:14.511Z] Error reading register 3105 for IP 10.30.4.91: no connection to modbus server
[2025-03-01T03:01:14.512Z] ❌ Error reading register 1000 for IP 10.30.4.91: no connection to modbus server
[2025-03-01T03:01:14.513Z] Error reading actual data: no connection to modbus server
[2025-03-01T03:01:14.514Z] Error writing to Modbus register: no connection to modbus server
[2025-03-01T03:01:15.512Z] Error reading register 3105 for IP 10.30.4.91: no connection to modbus server
[2025-03-01T03:01:15.512Z] ❌ Error reading register 1000 for IP 10.30.4.91: no connection to modbus server
[2025-03-01T03:01:15.513Z] Error reading actual data: no connection to modbus server
[2025-03-01T03:01:15.515Z] Error writing to Modbus register: no connection to modbus server
[2025-03-01T03:01:16.513Z] Error reading register 3105 for IP 10.30.4.91: no connection to modbus server
[2025-03-01T03:01:16.514Z] ❌ Error reading register 1000 for IP 10.30.4.91: no connection to modbus server
[2025-03-01T03:01:16.514Z] Error reading actual data: no connection to modbus server
[2025-03-01T03:01:16.517Z] Error writing to Modbus register: no connection to modbus server
[2025-03-01T03:01:17.527Z] Error reading register 3105 for IP 10.30.4.91: no connection to modbus server
[2025-03-01T03:01:17.527Z] ❌ Error reading register 1000 for IP 10.30.4.91: no connection to modbus server
[2025-03-01T03:01:17.528Z] Error reading actual data: no connection to modbus server
[2025-03-01T03:01:17.529Z] Error writing to Modbus register: no connection to modbus server
[2025-03-01T03:01:18.540Z] Error reading register 3105 for IP 10.30.4.91: no connection to modbus server
[2025-03-01T03:01:18.541Z] ❌ Error reading register 1000 for IP 10.30.4.91: no connection to modbus server
[2025-03-01T03:01:18.541Z] Error reading actual data: no connection to modbus server
[2025-03-01T03:01:18.542Z] Error writing to Modbus register: no connection to modbus server
[2025-03-01T03:01:19.544Z] Error reading register 3105 for IP 10.30.4.91: no connection to modbus server
[2025-03-01T03:01:19.545Z] ❌ Error reading register 1000 for IP 10.30.4.91: no connection to modbus server
[2025-03-01T03:01:19.546Z] Error reading actual data: no connection to modbus server
[2025-03-01T03:01:19.547Z] Error writing to Modbus register: no connection to modbus server
[2025-03-01T03:01:20.546Z] Error reading register 3105 for IP 10.30.4.91: no connection to modbus server
[2025-03-01T03:01:20.547Z] Error reading actual data: no connection to modbus server
[2025-03-01T03:01:20.546Z] ❌ Error reading register 1000 for IP 10.30.4.91: no connection to modbus server
[2025-03-01T03:01:20.553Z] Error writing to Modbus register: no connection to modbus server
[2025-03-01T03:01:21.550Z] Error reading register 3105 for IP 10.30.4.91: no connection to modbus server
[2025-03-01T03:01:21.551Z] ❌ Error reading register 1000 for IP 10.30.4.91: no connection to modbus server
[2025-03-01T03:01:21.551Z] Error reading actual data: no connection to modbus server
[2025-03-01T03:01:21.555Z] Error writing to Modbus register: no connection to modbus server
[2025-03-01T03:01:22.561Z] Error reading register 3105 for IP 10.30.4.91: no connection to modbus server
[2025-03-01T03:01:22.561Z] ❌ Error reading register 1000 for IP 10.30.4.91: no connection to modbus server
[2025-03-01T03:01:22.563Z] Error writing to Modbus register: no connection to modbus server
[2025-03-01T03:01:22.562Z] Error reading actual data: no connection to modbus server
[2025-03-01T03:01:23.561Z] Error reading register 3105 for IP 10.30.4.91: no connection to modbus server
[2025-03-01T03:01:23.562Z] ❌ Error reading register 1000 for IP 10.30.4.91: no connection to modbus server
[2025-03-01T03:01:23.562Z] Error reading actual data: no connection to modbus server
[2025-03-01T03:01:23.567Z] Error writing to Modbus register: no connection to modbus server
[2025-03-01T03:01:24.568Z] Error reading register 3105 for IP 10.30.4.91: no connection to modbus server
[2025-03-01T03:01:24.568Z] ❌ Error reading register 1000 for IP 10.30.4.91: no connection to modbus server
[2025-03-01T03:01:24.568Z] Error reading actual data: no connection to modbus server
[2025-03-01T03:01:24.569Z] Error writing to Modbus register: no connection to modbus server
[2025-03-01T03:01:25.571Z] ❌ Error reading register 1000 for IP 10.30.4.91: no connection to modbus server
[2025-03-01T03:01:25.571Z] Error reading register 3105 for IP 10.30.4.91: no connection to modbus server
[2025-03-01T03:01:25.571Z] Error reading actual data: no connection to modbus server
[2025-03-01T03:01:25.571Z] Error writing to Modbus register: no connection to modbus server
[2025-03-01T03:01:26.577Z] Error reading register 3105 for IP 10.30.4.91: no connection to modbus server
[2025-03-01T03:01:26.577Z] ❌ Error reading register 1000 for IP 10.30.4.91: no connection to modbus server
[2025-03-01T03:01:26.578Z] Error reading actual data: no connection to modbus server
[2025-03-01T03:01:26.579Z] Error writing to Modbus register: no connection to modbus server
[2025-03-01T03:01:27.577Z] Error reading register 3105 for IP 10.30.4.91: no connection to modbus server
[2025-03-01T03:01:27.578Z] ❌ Error reading register 1000 for IP 10.30.4.91: no connection to modbus server
[2025-03-01T03:01:27.578Z] Error reading actual data: no connection to modbus server
[2025-03-01T03:01:27.581Z] Error writing to Modbus register: no connection to modbus server
[2025-03-01T03:01:28.578Z] Error reading register 3105 for IP 10.30.4.91: no connection to modbus server
[2025-03-01T03:01:28.578Z] ❌ Error reading register 1000 for IP 10.30.4.91: no connection to modbus server
[2025-03-01T03:01:28.578Z] Error reading actual data: no connection to modbus server
[2025-03-01T03:01:28.582Z] Error writing to Modbus register: no connection to modbus server
[2025-03-01T03:01:29.593Z] Error reading register 3105 for IP 10.30.4.91: no connection to modbus server
[2025-03-01T03:01:29.594Z] ❌ Error reading register 1000 for IP 10.30.4.91: no connection to modbus server
[2025-03-01T03:01:29.594Z] Error reading actual data: no connection to modbus server
[2025-03-01T03:01:29.595Z] Error writing to Modbus register: no connection to modbus server
[2025-03-01T03:01:30.601Z] Error reading register 3105 for IP 10.30.4.91: no connection to modbus server
[2025-03-01T03:01:30.601Z] ❌ Error reading register 1000 for IP 10.30.4.91: no connection to modbus server
[2025-03-01T03:01:30.601Z] Error reading actual data: no connection to modbus server
[2025-03-01T03:01:30.602Z] Error writing to Modbus register: no connection to modbus server
[2025-03-01T03:01:31.611Z] Error reading register 3105 for IP 10.30.4.91: no connection to modbus server
[2025-03-01T03:01:31.612Z] ❌ Error reading register 1000 for IP 10.30.4.91: no connection to modbus server
[2025-03-01T03:01:31.612Z] Error reading actual data: no connection to modbus server
[2025-03-01T03:01:31.613Z] Error writing to Modbus register: no connection to modbus server
[2025-03-01T03:01:32.617Z] Error reading register 3105 for IP 10.30.4.91: no connection to modbus server
[2025-03-01T03:01:32.617Z] ❌ Error reading register 1000 for IP 10.30.4.91: no connection to modbus server
[2025-03-01T03:01:32.618Z] Error writing to Modbus register: no connection to modbus server
[2025-03-01T03:01:32.618Z] Error reading actual data: no connection to modbus server
[2025-03-01T03:01:33.628Z] Error reading register 3105 for IP 10.30.4.91: no connection to modbus server
[2025-03-01T03:01:33.628Z] ❌ Error reading register 1000 for IP 10.30.4.91: no connection to modbus server
[2025-03-01T03:01:33.628Z] Error reading actual data: no connection to modbus server
[2025-03-01T03:01:33.629Z] Error writing to Modbus register: no connection to modbus server
[2025-03-01T03:01:34.627Z] Error reading register 3105 for IP 10.30.4.91: no connection to modbus server
[2025-03-01T03:01:34.627Z] ❌ Error reading register 1000 for IP 10.30.4.91: no connection to modbus server
[2025-03-01T03:01:34.628Z] Error reading actual data: no connection to modbus server
[2025-03-01T03:01:34.630Z] Error writing to Modbus register: no connection to modbus server
[2025-03-01T03:01:35.635Z] Error reading register 3105 for IP 10.30.4.91: no connection to modbus server
[2025-03-01T03:01:35.635Z] ❌ Error reading register 1000 for IP 10.30.4.91: no connection to modbus server
[2025-03-01T03:01:35.636Z] Error writing to Modbus register: no connection to modbus server
[2025-03-01T03:01:35.635Z] Error reading actual data: no connection to modbus server
[2025-03-01T03:01:36.641Z] Error reading register 3105 for IP 10.30.4.91: no connection to modbus server
[2025-03-01T03:01:36.641Z] ❌ Error reading register 1000 for IP 10.30.4.91: no connection to modbus server
[2025-03-01T03:01:36.643Z] Error writing to Modbus register: no connection to modbus server
[2025-03-01T03:01:36.642Z] Error reading actual data: no connection to modbus server
[2025-03-01T03:01:37.644Z] Error reading register 3105 for IP 10.30.4.91: no connection to modbus server
[2025-03-01T03:01:37.644Z] ❌ Error reading register 1000 for IP 10.30.4.91: no connection to modbus server
[2025-03-01T03:01:37.645Z] Error reading actual data: no connection to modbus server
[2025-03-01T03:01:37.652Z] Error writing to Modbus register: no connection to modbus server
[2025-03-01T03:01:38.646Z] Error reading register 3105 for IP 10.30.4.91: no connection to modbus server
[2025-03-01T03:01:38.646Z] ❌ Error reading register 1000 for IP 10.30.4.91: no connection to modbus server
[2025-03-01T03:01:38.646Z] Error reading actual data: no connection to modbus server
[2025-03-01T03:01:38.652Z] Error writing to Modbus register: no connection to modbus server
[2025-03-01T03:01:39.656Z] Error reading register 3105 for IP 10.30.4.91: no connection to modbus server
[2025-03-01T03:01:39.656Z] ❌ Error reading register 1000 for IP 10.30.4.91: no connection to modbus server
[2025-03-01T03:01:39.656Z] Error reading actual data: no connection to modbus server
[2025-03-01T03:01:39.656Z] Error writing to Modbus register: no connection to modbus server
[2025-03-01T03:01:40.659Z] Error reading register 3105 for IP 10.30.4.91: no connection to modbus server
[2025-03-01T03:01:40.660Z] Error reading actual data: no connection to modbus server
[2025-03-01T03:01:40.660Z] Error writing to Modbus register: no connection to modbus server
[2025-03-01T03:01:40.659Z] ❌ Error reading register 1000 for IP 10.30.4.91: no connection to modbus server
[2025-03-01T03:01:41.663Z] Error reading register 3105 for IP 10.30.4.91: no connection to modbus server
[2025-03-01T03:01:41.663Z] ❌ Error reading register 1000 for IP 10.30.4.91: no connection to modbus server
[2025-03-01T03:01:41.663Z] Error reading actual data: no connection to modbus server
[2025-03-01T03:01:41.664Z] Error writing to Modbus register: no connection to modbus server
[2025-03-01T03:01:42.677Z] Error reading register 3105 for IP 10.30.4.91: no connection to modbus server
[2025-03-01T03:01:42.678Z] ❌ Error reading register 1000 for IP 10.30.4.91: no connection to modbus server
[2025-03-01T03:01:42.679Z] Error writing to Modbus register: no connection to modbus server
[2025-03-01T03:01:42.678Z] Error reading actual data: no connection to modbus server
[2025-03-01T03:01:43.677Z] Error reading register 3105 for IP 10.30.4.91: no connection to modbus server
[2025-03-01T03:01:43.678Z] ❌ Error reading register 1000 for IP 10.30.4.91: no connection to modbus server
[2025-03-01T03:01:43.678Z] Error reading actual data: no connection to modbus server
[2025-03-01T03:01:43.681Z] Error writing to Modbus register: no connection to modbus server
[2025-03-01T03:01:44.691Z] Error reading register 3105 for IP 10.30.4.91: no connection to modbus server
[2025-03-01T03:01:44.692Z] ❌ Error reading register 1000 for IP 10.30.4.91: no connection to modbus server
[2025-03-01T03:01:44.692Z] Error reading actual data: no connection to modbus server
[2025-03-01T03:01:44.692Z] Error writing to Modbus register: no connection to modbus server
[2025-03-01T03:01:45.696Z] Error reading register 3105 for IP 10.30.4.91: no connection to modbus server
[2025-03-01T03:01:45.696Z] ❌ Error reading register 1000 for IP 10.30.4.91: no connection to modbus server
[2025-03-01T03:01:45.697Z] Error writing to Modbus register: no connection to modbus server
[2025-03-01T03:01:45.697Z] Error reading actual data: no connection to modbus server
[2025-03-01T03:01:46.708Z] Error reading register 3105 for IP 10.30.4.91: no connection to modbus server
[2025-03-01T03:01:46.709Z] ❌ Error reading register 1000 for IP 10.30.4.91: no connection to modbus server
[2025-03-01T03:01:46.709Z] Error writing to Modbus register: no connection to modbus server
[2025-03-01T03:01:46.709Z] Error reading actual data: no connection to modbus server
[2025-03-01T03:01:47.710Z] Error reading register 3105 for IP 10.30.4.91: no connection to modbus server
[2025-03-01T03:01:47.710Z] ❌ Error reading register 1000 for IP 10.30.4.91: no connection to modbus server
[2025-03-01T03:01:47.710Z] Error reading actual data: no connection to modbus server
[2025-03-01T03:01:47.710Z] Error writing to Modbus register: no connection to modbus server
[2025-03-01T03:01:48.712Z] Error reading register 3105 for IP 10.30.4.91: no connection to modbus server
[2025-03-01T03:01:48.712Z] ❌ Error reading register 1000 for IP 10.30.4.91: no connection to modbus server
[2025-03-01T03:01:48.712Z] Error reading actual data: no connection to modbus server
[2025-03-01T03:01:48.712Z] Error writing to Modbus register: no connection to modbus server
[2025-03-01T03:01:49.726Z] Error reading register 3105 for IP 10.30.4.91: no connection to modbus server
[2025-03-01T03:01:49.726Z] ❌ Error reading register 1000 for IP 10.30.4.91: no connection to modbus server
[2025-03-01T03:01:49.726Z] Error reading actual data: no connection to modbus server
[2025-03-01T03:01:49.726Z] Error writing to Modbus register: no connection to modbus server
[2025-03-01T03:01:50.742Z] Error reading register 3105 for IP 10.30.4.91: no connection to modbus server
[2025-03-01T03:01:50.742Z] ❌ Error reading register 1000 for IP 10.30.4.91: no connection to modbus server
[2025-03-01T03:01:50.743Z] Error writing to Modbus register: no connection to modbus server
[2025-03-01T03:01:50.743Z] Error reading actual data: no connection to modbus server
[2025-03-01T03:01:51.746Z] Error reading register 3105 for IP 10.30.4.91: no connection to modbus server
[2025-03-01T03:01:51.747Z] Error reading actual data: no connection to modbus server
[2025-03-01T03:01:51.746Z] ❌ Error reading register 1000 for IP 10.30.4.91: no connection to modbus server
[2025-03-01T03:01:51.747Z] Error writing to Modbus register: no connection to modbus server
[2025-03-01T03:01:52.761Z] ❌ Error reading register 1000 for IP 10.30.4.91: no connection to modbus server
[2025-03-01T03:01:52.760Z] Error reading register 3105 for IP 10.30.4.91: no connection to modbus server
[2025-03-01T03:01:52.761Z] Error reading actual data: no connection to modbus server
[2025-03-01T03:01:52.762Z] Error writing to Modbus register: no connection to modbus server
[2025-03-01T03:01:53.761Z] Error reading register 3105 for IP 10.30.4.91: no connection to modbus server
[2025-03-01T03:01:53.762Z] ❌ Error reading register 1000 for IP 10.30.4.91: no connection to modbus server
[2025-03-01T03:01:53.762Z] Error reading actual data: no connection to modbus server
[2025-03-01T03:01:53.765Z] Error writing to Modbus register: no connection to modbus server
[2025-03-01T03:01:54.778Z] Error reading register 3105 for IP 10.30.4.91: no connection to modbus server
[2025-03-01T03:01:54.778Z] ❌ Error reading register 1000 for IP 10.30.4.91: no connection to modbus server
[2025-03-01T03:01:54.779Z] Error reading actual data: no connection to modbus server
[2025-03-01T03:01:54.779Z] Error writing to Modbus register: no connection to modbus server
[2025-03-01T03:01:55.779Z] Error reading register 3105 for IP 10.30.4.91: no connection to modbus server
[2025-03-01T03:01:55.779Z] ❌ Error reading register 1000 for IP 10.30.4.91: no connection to modbus server
[2025-03-01T03:01:55.780Z] Error reading actual data: no connection to modbus server
[2025-03-01T03:01:55.785Z] Error writing to Modbus register: no connection to modbus server
[2025-03-01T03:01:56.785Z] Error reading register 3105 for IP 10.30.4.91: no connection to modbus server
[2025-03-01T03:01:56.785Z] ❌ Error reading register 1000 for IP 10.30.4.91: no connection to modbus server
[2025-03-01T03:01:56.785Z] Error reading actual data: no connection to modbus server
[2025-03-01T03:01:56.785Z] Error writing to Modbus register: no connection to modbus server
[2025-03-01T03:01:57.785Z] Error reading register 3105 for IP 10.30.4.91: no connection to modbus server
[2025-03-01T03:01:57.785Z] ❌ Error reading register 1000 for IP 10.30.4.91: no connection to modbus server
[2025-03-01T03:01:57.785Z] Error reading actual data: no connection to modbus server
[2025-03-01T03:01:57.786Z] Error writing to Modbus register: no connection to modbus server
[2025-03-01T03:01:58.788Z] Error reading register 3105 for IP 10.30.4.91: no connection to modbus server
[2025-03-01T03:01:58.788Z] ❌ Error reading register 1000 for IP 10.30.4.91: no connection to modbus server
[2025-03-01T03:01:58.788Z] Error reading actual data: no connection to modbus server
[2025-03-01T03:01:58.792Z] Error writing to Modbus register: no connection to modbus server
[2025-03-01T03:01:59.792Z] Error reading register 3105 for IP 10.30.4.91: no connection to modbus server
[2025-03-01T03:01:59.792Z] ❌ Error reading register 1000 for IP 10.30.4.91: no connection to modbus server
[2025-03-01T03:01:59.793Z] Error writing to Modbus register: no connection to modbus server
[2025-03-01T03:01:59.793Z] Error reading actual data: no connection to modbus server
[2025-03-01T03:02:00.807Z] Error reading register 3105 for IP 10.30.4.91: no connection to modbus server
[2025-03-01T03:02:00.807Z] ❌ Error reading register 1000 for IP 10.30.4.91: no connection to modbus server
[2025-03-01T03:02:00.808Z] Error reading actual data: no connection to modbus server
[2025-03-01T03:02:00.808Z] Error writing to Modbus register: no connection to modbus server
[2025-03-01T03:02:01.811Z] Error reading register 3105 for IP 10.30.4.91: no connection to modbus server
[2025-03-01T03:02:01.812Z] Error reading actual data: no connection to modbus server
[2025-03-01T03:02:01.811Z] ❌ Error reading register 1000 for IP 10.30.4.91: no connection to modbus server
[2025-03-01T03:02:01.813Z] Error writing to Modbus register: no connection to modbus server
[2025-03-01T03:02:02.825Z] Error reading register 3105 for IP 10.30.4.91: no connection to modbus server
[2025-03-01T03:02:02.826Z] ❌ Error reading register 1000 for IP 10.30.4.91: no connection to modbus server
[2025-03-01T03:02:02.826Z] Error reading actual data: no connection to modbus server
[2025-03-01T03:02:02.827Z] Error writing to Modbus register: no connection to modbus server
[2025-03-01T03:02:03.826Z] Error reading register 3105 for IP 10.30.4.91: no connection to modbus server
[2025-03-01T03:02:03.826Z] Error reading actual data: no connection to modbus server
[2025-03-01T03:02:03.826Z] ❌ Error reading register 1000 for IP 10.30.4.91: no connection to modbus server
[2025-03-01T03:02:03.828Z] Error writing to Modbus register: no connection to modbus server
[2025-03-01T03:02:04.835Z] Error reading register 3105 for IP 10.30.4.91: no connection to modbus server
[2025-03-01T03:02:04.835Z] ❌ Error reading register 1000 for IP 10.30.4.91: no connection to modbus server
[2025-03-01T03:02:04.835Z] Error reading actual data: no connection to modbus server
[2025-03-01T03:02:04.835Z] Error writing to Modbus register: no connection to modbus server
[2025-03-01T03:02:05.841Z] Error reading register 3105 for IP 10.30.4.91: no connection to modbus server
[2025-03-01T03:02:05.842Z] ❌ Error reading register 1000 for IP 10.30.4.91: no connection to modbus server
[2025-03-01T03:02:05.842Z] Error writing to Modbus register: no connection to modbus server
[2025-03-01T03:02:05.842Z] Error reading actual data: no connection to modbus server
[2025-03-01T03:02:06.842Z] Error reading register 3105 for IP 10.30.4.91: no connection to modbus server
[2025-03-01T03:02:06.843Z] ❌ Error reading register 1000 for IP 10.30.4.91: no connection to modbus server
[2025-03-01T03:02:06.843Z] Error reading actual data: no connection to modbus server
[2025-03-01T03:02:06.846Z] Error writing to Modbus register: no connection to modbus server
[2025-03-01T03:02:07.845Z] ❌ Error reading register 1000 for IP 10.30.4.91: no connection to modbus server
[2025-03-01T03:02:07.845Z] Error reading register 3105 for IP 10.30.4.91: no connection to modbus server
[2025-03-01T03:02:07.845Z] Error reading actual data: no connection to modbus server
[2025-03-01T03:02:07.846Z] Error writing to Modbus register: no connection to modbus server
[2025-03-01T03:02:08.856Z] Error reading register 3105 for IP 10.30.4.91: no connection to modbus server
[2025-03-01T03:02:08.856Z] ❌ Error reading register 1000 for IP 10.30.4.91: no connection to modbus server
[2025-03-01T03:02:08.857Z] Error reading actual data: no connection to modbus server
[2025-03-01T03:02:08.857Z] Error writing to Modbus register: no connection to modbus server
[2025-03-01T03:02:09.861Z] Error reading register 3105 for IP 10.30.4.91: no connection to modbus server
[2025-03-01T03:02:09.861Z] ❌ Error reading register 1000 for IP 10.30.4.91: no connection to modbus server
[2025-03-01T03:02:09.862Z] Error reading actual data: no connection to modbus server
[2025-03-01T03:02:09.863Z] Error writing to Modbus register: no connection to modbus server
[2025-03-01T03:02:10.874Z] Error reading register 3105 for IP 10.30.4.91: no connection to modbus server
[2025-03-01T03:02:10.874Z] ❌ Error reading register 1000 for IP 10.30.4.91: no connection to modbus server
[2025-03-01T03:02:10.875Z] Error reading actual data: no connection to modbus server
[2025-03-01T03:02:10.875Z] Error writing to Modbus register: no connection to modbus server
[2025-03-01T03:02:11.887Z] Error reading register 3105 for IP 10.30.4.91: no connection to modbus server
[2025-03-01T03:02:11.887Z] ❌ Error reading register 1000 for IP 10.30.4.91: no connection to modbus server
[2025-03-01T03:02:11.887Z] Error reading actual data: no connection to modbus server
[2025-03-01T03:02:11.888Z] Error writing to Modbus register: no connection to modbus server
[2025-03-01T03:02:12.893Z] Error reading register 3105 for IP 10.30.4.91: no connection to modbus server
[2025-03-01T03:02:12.893Z] ❌ Error reading register 1000 for IP 10.30.4.91: no connection to modbus server
[2025-03-01T03:02:12.894Z] Error reading actual data: no connection to modbus server
[2025-03-01T03:02:12.894Z] Error writing to Modbus register: no connection to modbus server
[2025-03-01T03:02:13.894Z] Error reading register 3105 for IP 10.30.4.91: no connection to modbus server
[2025-03-01T03:02:13.895Z] ❌ Error reading register 1000 for IP 10.30.4.91: no connection to modbus server
[2025-03-01T03:02:13.895Z] Error reading actual data: no connection to modbus server
[2025-03-01T03:02:13.895Z] Error writing to Modbus register: no connection to modbus server
[2025-03-01T03:02:14.902Z] Error reading register 3105 for IP 10.30.4.91: no connection to modbus server
[2025-03-01T03:02:14.902Z] ❌ Error reading register 1000 for IP 10.30.4.91: no connection to modbus server
[2025-03-01T03:02:14.902Z] Error reading actual data: no connection to modbus server
[2025-03-01T03:02:14.902Z] Error writing to Modbus register: no connection to modbus server
[2025-03-01T03:02:15.907Z] Error reading register 3105 for IP 10.30.4.91: no connection to modbus server
[2025-03-01T03:02:15.907Z] ❌ Error reading register 1000 for IP 10.30.4.91: no connection to modbus server
[2025-03-01T03:02:15.908Z] Error reading actual data: no connection to modbus server
[2025-03-01T03:02:15.908Z] Error writing to Modbus register: no connection to modbus server
[2025-03-01T03:02:16.921Z] Error reading register 3105 for IP 10.30.4.91: no connection to modbus server
[2025-03-01T03:02:16.921Z] ❌ Error reading register 1000 for IP 10.30.4.91: no connection to modbus server
[2025-03-01T03:02:16.921Z] Error reading actual data: no connection to modbus server
[2025-03-01T03:02:16.922Z] Error writing to Modbus register: no connection to modbus server
[2025-03-01T03:02:17.925Z] Error reading register 3105 for IP 10.30.4.91: no connection to modbus server
[2025-03-01T03:02:17.925Z] ❌ Error reading register 1000 for IP 10.30.4.91: no connection to modbus server
[2025-03-01T03:02:17.927Z] Error writing to Modbus register: no connection to modbus server
[2025-03-01T03:02:17.926Z] Error reading actual data: no connection to modbus server
[2025-03-01T03:02:18.925Z] Error reading register 3105 for IP 10.30.4.91: no connection to modbus server
[2025-03-01T03:02:18.925Z] ❌ Error reading register 1000 for IP 10.30.4.91: no connection to modbus server
[2025-03-01T03:02:18.925Z] Error reading actual data: no connection to modbus server
[2025-03-01T03:02:18.926Z] Error writing to Modbus register: no connection to modbus server
[2025-03-01T03:02:19.941Z] Error reading register 3105 for IP 10.30.4.91: no connection to modbus server
[2025-03-01T03:02:19.942Z] ❌ Error reading register 1000 for IP 10.30.4.91: no connection to modbus server
[2025-03-01T03:02:19.942Z] Error reading actual data: no connection to modbus server
[2025-03-01T03:02:19.943Z] Error writing to Modbus register: no connection to modbus server
[2025-03-01T03:02:20.950Z] Error reading register 3105 for IP 10.30.4.91: no connection to modbus server
[2025-03-01T03:02:20.950Z] ❌ Error reading register 1000 for IP 10.30.4.91: no connection to modbus server
[2025-03-01T03:02:20.950Z] Error reading actual data: no connection to modbus server
[2025-03-01T03:02:20.950Z] Error writing to Modbus register: no connection to modbus server
[2025-03-01T03:02:21.951Z] Error reading register 3105 for IP 10.30.4.91: no connection to modbus server
[2025-03-01T03:02:21.951Z] ❌ Error reading register 1000 for IP 10.30.4.91: no connection to modbus server
[2025-03-01T03:02:21.951Z] Error reading actual data: no connection to modbus server
[2025-03-01T03:02:21.951Z] Error writing to Modbus register: no connection to modbus server
[2025-03-01T03:02:22.959Z] Error reading register 3105 for IP 10.30.4.91: no connection to modbus server
[2025-03-01T03:02:22.960Z] ❌ Error reading register 1000 for IP 10.30.4.91: no connection to modbus server
[2025-03-01T03:02:22.960Z] Error reading actual data: no connection to modbus server
[2025-03-01T03:02:22.960Z] Error writing to Modbus register: no connection to modbus server
[2025-03-01T03:02:23.961Z] Error reading register 3105 for IP 10.30.4.91: no connection to modbus server
[2025-03-01T03:02:23.961Z] ❌ Error reading register 1000 for IP 10.30.4.91: no connection to modbus server
[2025-03-01T03:02:23.962Z] Error reading actual data: no connection to modbus server
[2025-03-01T03:02:23.964Z] Error writing to Modbus register: no connection to modbus server
[2025-03-01T03:02:24.974Z] Error reading register 3105 for IP 10.30.4.91: no connection to modbus server
[2025-03-01T03:02:24.975Z] ❌ Error reading register 1000 for IP 10.30.4.91: no connection to modbus server
[2025-03-01T03:02:24.975Z] Error reading actual data: no connection to modbus server
[2025-03-01T03:02:24.975Z] Error writing to Modbus register: no connection to modbus server
[2025-03-01T03:02:25.978Z] Error reading register 3105 for IP 10.30.4.91: no connection to modbus server
[2025-03-01T03:02:25.978Z] ❌ Error reading register 1000 for IP 10.30.4.91: no connection to modbus server
[2025-03-01T03:02:25.979Z] Error reading actual data: no connection to modbus server
[2025-03-01T03:02:25.980Z] Error writing to Modbus register: no connection to modbus server
[2025-03-01T03:02:26.991Z] Error reading register 3105 for IP 10.30.4.91: no connection to modbus server
[2025-03-01T03:02:26.991Z] ❌ Error reading register 1000 for IP 10.30.4.91: no connection to modbus server
[2025-03-01T03:02:26.991Z] Error reading actual data: no connection to modbus server
[2025-03-01T03:02:26.992Z] Error writing to Modbus register: no connection to modbus server
[2025-03-01T03:02:28.002Z] Error reading register 3105 for IP 10.30.4.91: no connection to modbus server
[2025-03-01T03:02:28.002Z] ❌ Error reading register 1000 for IP 10.30.4.91: no connection to modbus server
[2025-03-01T03:02:28.002Z] Error writing to Modbus register: no connection to modbus server
[2025-03-01T03:02:28.002Z] Error reading actual data: no connection to modbus server
[2025-03-01T03:02:29.017Z] Error reading register 3105 for IP 10.30.4.91: no connection to modbus server
[2025-03-01T03:02:29.017Z] ❌ Error reading register 1000 for IP 10.30.4.91: no connection to modbus server
[2025-03-01T03:02:29.021Z] Error writing to Modbus register: no connection to modbus server
[2025-03-01T03:02:29.020Z] Error reading actual data: no connection to modbus server
[2025-03-01T03:02:30.025Z] Error reading register 3105 for IP 10.30.4.91: no connection to modbus server
[2025-03-01T03:02:30.026Z] ❌ Error reading register 1000 for IP 10.30.4.91: no connection to modbus server
[2025-03-01T03:02:30.026Z] Error reading actual data: no connection to modbus server
[2025-03-01T03:02:30.027Z] Error writing to Modbus register: no connection to modbus server
[2025-03-01T03:02:31.041Z] Error reading register 3105 for IP 10.30.4.91: no connection to modbus server
[2025-03-01T03:02:31.041Z] ❌ Error reading register 1000 for IP 10.30.4.91: no connection to modbus server
[2025-03-01T03:02:31.041Z] Error reading actual data: no connection to modbus server
[2025-03-01T03:02:31.042Z] Error writing to Modbus register: no connection to modbus server
[2025-03-01T03:02:32.045Z] Error reading register 3105 for IP 10.30.4.91: no connection to modbus server
[2025-03-01T03:02:32.046Z] Error reading actual data: no connection to modbus server
[2025-03-01T03:02:32.046Z] ❌ Error reading register 1000 for IP 10.30.4.91: no connection to modbus server
[2025-03-01T03:02:32.046Z] Error writing to Modbus register: no connection to modbus server
[2025-03-01T03:02:33.058Z] Error reading register 3105 for IP 10.30.4.91: no connection to modbus server
[2025-03-01T03:02:33.058Z] ❌ Error reading register 1000 for IP 10.30.4.91: no connection to modbus server
[2025-03-01T03:02:33.058Z] Error reading actual data: no connection to modbus server
[2025-03-01T03:02:33.058Z] Error writing to Modbus register: no connection to modbus server
[2025-03-01T03:02:34.058Z] Error reading register 3105 for IP 10.30.4.91: no connection to modbus server
[2025-03-01T03:02:34.058Z] ❌ Error reading register 1000 for IP 10.30.4.91: no connection to modbus server
[2025-03-01T03:02:34.059Z] Error reading actual data: no connection to modbus server
[2025-03-01T03:02:34.060Z] Error writing to Modbus register: no connection to modbus server
[2025-03-01T03:02:35.059Z] Error reading register 3105 for IP 10.30.4.91: no connection to modbus server
[2025-03-01T03:02:35.059Z] ❌ Error reading register 1000 for IP 10.30.4.91: no connection to modbus server
[2025-03-01T03:02:35.060Z] Error reading actual data: no connection to modbus server
[2025-03-01T03:02:35.062Z] Error writing to Modbus register: no connection to modbus server
[2025-03-01T03:02:36.064Z] Error reading register 3105 for IP 10.30.4.91: no connection to modbus server
[2025-03-01T03:02:36.065Z] ❌ Error reading register 1000 for IP 10.30.4.91: no connection to modbus server
[2025-03-01T03:02:36.065Z] Error reading actual data: no connection to modbus server
[2025-03-01T03:02:36.065Z] Error writing to Modbus register: no connection to modbus server
[2025-03-01T03:02:37.074Z] Error reading register 3105 for IP 10.30.4.91: no connection to modbus server
[2025-03-01T03:02:37.074Z] ❌ Error reading register 1000 for IP 10.30.4.91: no connection to modbus server
[2025-03-01T03:02:37.075Z] Error reading actual data: no connection to modbus server
[2025-03-01T03:02:37.075Z] Error writing to Modbus register: no connection to modbus server
[2025-03-01T03:02:38.074Z] Error reading register 3105 for IP 10.30.4.91: no connection to modbus server
[2025-03-01T03:02:38.075Z] ❌ Error reading register 1000 for IP 10.30.4.91: no connection to modbus server
[2025-03-01T03:02:38.075Z] Error reading actual data: no connection to modbus server
[2025-03-01T03:02:38.076Z] Error writing to Modbus register: no connection to modbus server
[2025-03-01T03:02:39.090Z] Error reading register 3105 for IP 10.30.4.91: no connection to modbus server
[2025-03-01T03:02:39.091Z] Error reading actual data: no connection to modbus server
[2025-03-01T03:02:39.090Z] ❌ Error reading register 1000 for IP 10.30.4.91: no connection to modbus server
[2025-03-01T03:02:39.092Z] Error writing to Modbus register: no connection to modbus server
[2025-03-01T03:02:40.091Z] Error reading register 3105 for IP 10.30.4.91: no connection to modbus server
[2025-03-01T03:02:40.091Z] ❌ Error reading register 1000 for IP 10.30.4.91: no connection to modbus server
[2025-03-01T03:02:40.091Z] Error reading actual data: no connection to modbus server
[2025-03-01T03:02:40.091Z] Error writing to Modbus register: no connection to modbus server
[2025-03-01T03:02:41.093Z] Error reading register 3105 for IP 10.30.4.91: no connection to modbus server
[2025-03-01T03:02:41.094Z] Error reading actual data: no connection to modbus server
[2025-03-01T03:02:41.094Z] ❌ Error reading register 1000 for IP 10.30.4.91: no connection to modbus server
[2025-03-01T03:02:41.095Z] Error writing to Modbus register: no connection to modbus server
[2025-03-01T03:02:42.100Z] Error reading register 3105 for IP 10.30.4.91: no connection to modbus server
[2025-03-01T03:02:42.100Z] ❌ Error reading register 1000 for IP 10.30.4.91: no connection to modbus server
[2025-03-01T03:02:42.100Z] Error reading actual data: no connection to modbus server
[2025-03-01T03:02:42.101Z] Error writing to Modbus register: no connection to modbus server
[2025-03-01T03:02:43.099Z] Error reading register 3105 for IP 10.30.4.91: no connection to modbus server
[2025-03-01T03:02:43.099Z] ❌ Error reading register 1000 for IP 10.30.4.91: no connection to modbus server
[2025-03-01T03:02:43.100Z] Error reading actual data: no connection to modbus server
[2025-03-01T03:02:43.100Z] Error writing to Modbus register: no connection to modbus server
[2025-03-01T03:02:44.110Z] Error reading register 3105 for IP 10.30.4.91: no connection to modbus server
[2025-03-01T03:02:44.111Z] ❌ Error reading register 1000 for IP 10.30.4.91: no connection to modbus server
[2025-03-01T03:02:44.111Z] Error reading actual data: no connection to modbus server
[2025-03-01T03:02:44.112Z] Error writing to Modbus register: no connection to modbus server
[2025-03-01T03:02:45.115Z] Error reading register 3105 for IP 10.30.4.91: no connection to modbus server
[2025-03-01T03:02:45.115Z] ❌ Error reading register 1000 for IP 10.30.4.91: no connection to modbus server
[2025-03-01T03:02:45.115Z] Error reading actual data: no connection to modbus server
[2025-03-01T03:02:45.116Z] Error writing to Modbus register: no connection to modbus server
[2025-03-01T03:02:46.117Z] Error reading register 3105 for IP 10.30.4.91: no connection to modbus server
[2025-03-01T03:02:46.117Z] ❌ Error reading register 1000 for IP 10.30.4.91: no connection to modbus server
[2025-03-01T03:02:46.117Z] Error reading actual data: no connection to modbus server
[2025-03-01T03:02:46.118Z] Error writing to Modbus register: no connection to modbus server
[2025-03-01T03:02:47.116Z] Error reading register 3105 for IP 10.30.4.91: no connection to modbus server
[2025-03-01T03:02:47.117Z] ❌ Error reading register 1000 for IP 10.30.4.91: no connection to modbus server
[2025-03-01T03:02:47.117Z] Error reading actual data: no connection to modbus server
[2025-03-01T03:02:47.119Z] Error writing to Modbus register: no connection to modbus server
[2025-03-01T03:02:48.125Z] Error reading register 3105 for IP 10.30.4.91: no connection to modbus server
[2025-03-01T03:02:48.125Z] ❌ Error reading register 1000 for IP 10.30.4.91: no connection to modbus server
[2025-03-01T03:02:48.126Z] Error writing to Modbus register: no connection to modbus server
[2025-03-01T03:02:48.125Z] Error reading actual data: no connection to modbus server
[2025-03-01T03:02:49.135Z] Error reading register 3105 for IP 10.30.4.91: no connection to modbus server
[2025-03-01T03:02:49.136Z] ❌ Error reading register 1000 for IP 10.30.4.91: no connection to modbus server
[2025-03-01T03:02:49.137Z] Error reading actual data: no connection to modbus server
[2025-03-01T03:02:49.138Z] Error writing to Modbus register: no connection to modbus server
[2025-03-01T03:02:50.143Z] Error reading register 3105 for IP 10.30.4.91: no connection to modbus server
[2025-03-01T03:02:50.144Z] ❌ Error reading register 1000 for IP 10.30.4.91: no connection to modbus server
[2025-03-01T03:02:50.144Z] Error reading actual data: no connection to modbus server
[2025-03-01T03:02:50.145Z] Error writing to Modbus register: no connection to modbus server
[2025-03-01T03:02:51.157Z] Error reading register 3105 for IP 10.30.4.91: no connection to modbus server
[2025-03-01T03:02:51.157Z] ❌ Error reading register 1000 for IP 10.30.4.91: no connection to modbus server
[2025-03-01T03:02:51.158Z] Error reading actual data: no connection to modbus server
[2025-03-01T03:02:51.158Z] Error writing to Modbus register: no connection to modbus server
[2025-03-01T03:02:52.160Z] Error reading register 3105 for IP 10.30.4.91: no connection to modbus server
[2025-03-01T03:02:52.161Z] ❌ Error reading register 1000 for IP 10.30.4.91: no connection to modbus server
[2025-03-01T03:02:52.161Z] Error reading actual data: no connection to modbus server
[2025-03-01T03:02:52.163Z] Error writing to Modbus register: no connection to modbus server
[2025-03-01T03:02:53.160Z] Error reading register 3105 for IP 10.30.4.91: no connection to modbus server
[2025-03-01T03:02:53.161Z] ❌ Error reading register 1000 for IP 10.30.4.91: no connection to modbus server
[2025-03-01T03:02:53.161Z] Error reading actual data: no connection to modbus server
[2025-03-01T03:02:53.168Z] Error writing to Modbus register: no connection to modbus server
[2025-03-01T03:02:54.168Z] Error reading register 3105 for IP 10.30.4.91: no connection to modbus server
[2025-03-01T03:02:54.168Z] Error reading actual data: no connection to modbus server
[2025-03-01T03:02:54.168Z] ❌ Error reading register 1000 for IP 10.30.4.91: no connection to modbus server
[2025-03-01T03:02:54.168Z] Error writing to Modbus register: no connection to modbus server
[2025-03-01T03:02:55.172Z] Error reading register 3105 for IP 10.30.4.91: no connection to modbus server
[2025-03-01T03:02:55.172Z] ❌ Error reading register 1000 for IP 10.30.4.91: no connection to modbus server
[2025-03-01T03:02:55.172Z] Error reading actual data: no connection to modbus server
[2025-03-01T03:02:55.173Z] Error writing to Modbus register: no connection to modbus server
[2025-03-01T03:02:56.188Z] Error reading register 3105 for IP 10.30.4.91: no connection to modbus server
[2025-03-01T03:02:56.188Z] ❌ Error reading register 1000 for IP 10.30.4.91: no connection to modbus server
[2025-03-01T03:02:56.188Z] Error reading actual data: no connection to modbus server
[2025-03-01T03:02:56.189Z] Error writing to Modbus register: no connection to modbus server
[2025-03-01T03:02:57.197Z] Error reading register 3105 for IP 10.30.4.91: no connection to modbus server
[2025-03-01T03:02:57.197Z] ❌ Error reading register 1000 for IP 10.30.4.91: no connection to modbus server
[2025-03-01T03:02:57.197Z] Error reading actual data: no connection to modbus server
[2025-03-01T03:02:57.198Z] Error writing to Modbus register: no connection to modbus server
[2025-03-01T03:02:58.208Z] Error reading register 3105 for IP 10.30.4.91: no connection to modbus server
[2025-03-01T03:02:58.208Z] ❌ Error reading register 1000 for IP 10.30.4.91: no connection to modbus server
[2025-03-01T03:02:58.208Z] Error reading actual data: no connection to modbus server
[2025-03-01T03:02:58.209Z] Error writing to Modbus register: no connection to modbus server
[2025-03-01T03:02:59.209Z] Error reading register 3105 for IP 10.30.4.91: no connection to modbus server
[2025-03-01T03:02:59.210Z] ❌ Error reading register 1000 for IP 10.30.4.91: no connection to modbus server
[2025-03-01T03:02:59.210Z] Error reading actual data: no connection to modbus server
[2025-03-01T03:02:59.219Z] Error writing to Modbus register: no connection to modbus server
[2025-03-01T03:03:00.210Z] Error reading register 3105 for IP 10.30.4.91: no connection to modbus server
[2025-03-01T03:03:00.211Z] ❌ Error reading register 1000 for IP 10.30.4.91: no connection to modbus server
[2025-03-01T03:03:00.211Z] Error reading actual data: no connection to modbus server
[2025-03-01T03:03:00.219Z] Error writing to Modbus register: no connection to modbus server
[2025-03-01T03:03:01.223Z] Error reading register 3105 for IP 10.30.4.91: no connection to modbus server
[2025-03-01T03:03:01.224Z] ❌ Error reading register 1000 for IP 10.30.4.91: no connection to modbus server
[2025-03-01T03:03:01.224Z] Error reading actual data: no connection to modbus server
[2025-03-01T03:03:01.225Z] Error writing to Modbus register: no connection to modbus server
[2025-03-01T03:03:02.228Z] Error reading register 3105 for IP 10.30.4.91: no connection to modbus server
[2025-03-01T03:03:02.229Z] ❌ Error reading register 1000 for IP 10.30.4.91: no connection to modbus server
[2025-03-01T03:03:02.229Z] Error reading actual data: no connection to modbus server
[2025-03-01T03:03:02.230Z] Error writing to Modbus register: no connection to modbus server
[2025-03-01T03:03:03.243Z] Error reading register 3105 for IP 10.30.4.91: no connection to modbus server
[2025-03-01T03:03:03.244Z] ❌ Error reading register 1000 for IP 10.30.4.91: no connection to modbus server
[2025-03-01T03:03:03.245Z] Error writing to Modbus register: no connection to modbus server
[2025-03-01T03:03:03.244Z] Error reading actual data: no connection to modbus server
[2025-03-01T03:03:04.242Z] Error reading register 3105 for IP 10.30.4.91: no connection to modbus server
[2025-03-01T03:03:04.242Z] ❌ Error reading register 1000 for IP 10.30.4.91: no connection to modbus server
[2025-03-01T03:03:04.242Z] Error reading actual data: no connection to modbus server
[2025-03-01T03:03:04.246Z] Error writing to Modbus register: no connection to modbus server
[2025-03-01T03:03:05.257Z] Error reading register 3105 for IP 10.30.4.91: no connection to modbus server
[2025-03-01T03:03:05.257Z] ❌ Error reading register 1000 for IP 10.30.4.91: no connection to modbus server
[2025-03-01T03:03:05.258Z] Error writing to Modbus register: no connection to modbus server
[2025-03-01T03:03:05.257Z] Error reading actual data: no connection to modbus server
[2025-03-01T03:03:06.259Z] Error reading register 3105 for IP 10.30.4.91: no connection to modbus server
[2025-03-01T03:03:06.259Z] ❌ Error reading register 1000 for IP 10.30.4.91: no connection to modbus server
[2025-03-01T03:03:06.260Z] Error reading actual data: no connection to modbus server
[2025-03-01T03:03:06.265Z] Error writing to Modbus register: no connection to modbus server
[2025-03-01T03:03:07.262Z] ❌ Error reading register 1000 for IP 10.30.4.91: no connection to modbus server
[2025-03-01T03:03:07.261Z] Error reading register 3105 for IP 10.30.4.91: no connection to modbus server
[2025-03-01T03:03:07.262Z] Error reading actual data: no connection to modbus server
[2025-03-01T03:03:07.266Z] Error writing to Modbus register: no connection to modbus server
[2025-03-01T03:03:08.262Z] Error reading register 3105 for IP 10.30.4.91: no connection to modbus server
[2025-03-01T03:03:08.263Z] ❌ Error reading register 1000 for IP 10.30.4.91: no connection to modbus server
[2025-03-01T03:03:08.263Z] Error reading actual data: no connection to modbus server
[2025-03-01T03:03:08.268Z] Error writing to Modbus register: no connection to modbus server
[2025-03-01T03:03:09.276Z] Error reading register 3105 for IP 10.30.4.91: no connection to modbus server
[2025-03-01T03:03:09.276Z] ❌ Error reading register 1000 for IP 10.30.4.91: no connection to modbus server
[2025-03-01T03:03:09.278Z] Error writing to Modbus register: no connection to modbus server
[2025-03-01T03:03:09.277Z] Error reading actual data: no connection to modbus server
[2025-03-01T03:03:10.292Z] Error reading register 3105 for IP 10.30.4.91: no connection to modbus server
[2025-03-01T03:03:10.292Z] ❌ Error reading register 1000 for IP 10.30.4.91: no connection to modbus server
[2025-03-01T03:03:10.292Z] Error reading actual data: no connection to modbus server
[2025-03-01T03:03:10.293Z] Error writing to Modbus register: no connection to modbus server
[2025-03-01T03:03:11.303Z] Error reading register 3105 for IP 10.30.4.91: no connection to modbus server
[2025-03-01T03:03:11.304Z] ❌ Error reading register 1000 for IP 10.30.4.91: no connection to modbus server
[2025-03-01T03:03:11.304Z] Error writing to Modbus register: no connection to modbus server
[2025-03-01T03:03:11.304Z] Error reading actual data: no connection to modbus server
[2025-03-01T03:03:12.310Z] Error reading register 3105 for IP 10.30.4.91: no connection to modbus server
[2025-03-01T03:03:12.310Z] ❌ Error reading register 1000 for IP 10.30.4.91: no connection to modbus server
[2025-03-01T03:03:12.311Z] Error reading actual data: no connection to modbus server
[2025-03-01T03:03:12.312Z] Error writing to Modbus register: no connection to modbus server
[2025-03-01T03:03:13.310Z] Error reading register 3105 for IP 10.30.4.91: no connection to modbus server
[2025-03-01T03:03:13.310Z] ❌ Error reading register 1000 for IP 10.30.4.91: no connection to modbus server
[2025-03-01T03:03:13.310Z] Error reading actual data: no connection to modbus server
[2025-03-01T03:03:13.312Z] Error writing to Modbus register: no connection to modbus server
[2025-03-01T03:03:14.313Z] Error reading register 3105 for IP 10.30.4.91: no connection to modbus server
[2025-03-01T03:03:14.313Z] ❌ Error reading register 1000 for IP 10.30.4.91: no connection to modbus server
[2025-03-01T03:03:14.313Z] Error reading actual data: no connection to modbus server
[2025-03-01T03:03:14.313Z] Error writing to Modbus register: no connection to modbus server
[2025-03-01T03:03:15.313Z] Error reading register 3105 for IP 10.30.4.91: no connection to modbus server
[2025-03-01T03:03:15.313Z] ❌ Error reading register 1000 for IP 10.30.4.91: no connection to modbus server
[2025-03-01T03:03:15.313Z] Error reading actual data: no connection to modbus server
[2025-03-01T03:03:15.314Z] Error writing to Modbus register: no connection to modbus server
[2025-03-01T03:03:16.316Z] Error reading register 3105 for IP 10.30.4.91: no connection to modbus server
[2025-03-01T03:03:16.317Z] ❌ Error reading register 1000 for IP 10.30.4.91: no connection to modbus server
[2025-03-01T03:03:16.317Z] Error reading actual data: no connection to modbus server
[2025-03-01T03:03:16.317Z] Error writing to Modbus register: no connection to modbus server
[2025-03-01T03:03:17.323Z] Error reading register 3105 for IP 10.30.4.91: no connection to modbus server
[2025-03-01T03:03:17.323Z] ❌ Error reading register 1000 for IP 10.30.4.91: no connection to modbus server
[2025-03-01T03:03:17.324Z] Error writing to Modbus register: no connection to modbus server
[2025-03-01T03:03:17.324Z] Error reading actual data: no connection to modbus server
[2025-03-01T03:03:18.326Z] Error reading register 3105 for IP 10.30.4.91: no connection to modbus server
[2025-03-01T03:03:18.326Z] ❌ Error reading register 1000 for IP 10.30.4.91: no connection to modbus server
[2025-03-01T03:03:18.328Z] Error writing to Modbus register: no connection to modbus server
[2025-03-01T03:03:18.327Z] Error reading actual data: no connection to modbus server
[2025-03-01T03:03:19.327Z] Error reading register 3105 for IP 10.30.4.91: no connection to modbus server
[2025-03-01T03:03:19.327Z] ❌ Error reading register 1000 for IP 10.30.4.91: no connection to modbus server
[2025-03-01T03:03:19.328Z] Error reading actual data: no connection to modbus server
[2025-03-01T03:03:19.330Z] Error writing to Modbus register: no connection to modbus server
[2025-03-01T03:03:20.330Z] Error reading register 3105 for IP 10.30.4.91: no connection to modbus server
[2025-03-01T03:03:20.330Z] ❌ Error reading register 1000 for IP 10.30.4.91: no connection to modbus server
[2025-03-01T03:03:20.330Z] Error reading actual data: no connection to modbus server
[2025-03-01T03:03:20.334Z] Error writing to Modbus register: no connection to modbus server
[2025-03-01T03:03:21.341Z] Error reading register 3105 for IP 10.30.4.91: no connection to modbus server
[2025-03-01T03:03:21.342Z] Error reading actual data: no connection to modbus server
[2025-03-01T03:03:21.341Z] ❌ Error reading register 1000 for IP 10.30.4.91: no connection to modbus server
[2025-03-01T03:03:21.342Z] Error writing to Modbus register: no connection to modbus server
[2025-03-01T03:03:22.342Z] Error reading register 3105 for IP 10.30.4.91: no connection to modbus server
[2025-03-01T03:03:22.343Z] ❌ Error reading register 1000 for IP 10.30.4.91: no connection to modbus server
[2025-03-01T03:03:22.343Z] Error reading actual data: no connection to modbus server
[2025-03-01T03:03:22.346Z] Error writing to Modbus register: no connection to modbus server
[2025-03-01T03:03:23.359Z] Error reading register 3105 for IP 10.30.4.91: no connection to modbus server
[2025-03-01T03:03:23.359Z] ❌ Error reading register 1000 for IP 10.30.4.91: no connection to modbus server
[2025-03-01T03:03:23.360Z] Error reading actual data: no connection to modbus server
[2025-03-01T03:03:23.361Z] Error writing to Modbus register: no connection to modbus server
[2025-03-01T03:03:24.371Z] Error reading register 3105 for IP 10.30.4.91: no connection to modbus server
[2025-03-01T03:03:24.371Z] ❌ Error reading register 1000 for IP 10.30.4.91: no connection to modbus server
[2025-03-01T03:03:24.372Z] Error reading actual data: no connection to modbus server
[2025-03-01T03:03:24.372Z] Error writing to Modbus register: no connection to modbus server
[2025-03-01T03:03:25.371Z] Error reading register 3105 for IP 10.30.4.91: no connection to modbus server
[2025-03-01T03:03:25.371Z] ❌ Error reading register 1000 for IP 10.30.4.91: no connection to modbus server
[2025-03-01T03:03:25.371Z] Error reading actual data: no connection to modbus server
[2025-03-01T03:03:25.374Z] Error writing to Modbus register: no connection to modbus server
[2025-03-01T03:03:26.377Z] Error reading register 3105 for IP 10.30.4.91: no connection to modbus server
[2025-03-01T03:03:26.377Z] ❌ Error reading register 1000 for IP 10.30.4.91: no connection to modbus server
[2025-03-01T03:03:26.378Z] Error reading actual data: no connection to modbus server
[2025-03-01T03:03:26.379Z] Error writing to Modbus register: no connection to modbus server
[2025-03-01T03:03:27.376Z] Error reading register 3105 for IP 10.30.4.91: no connection to modbus server
[2025-03-01T03:03:27.377Z] ❌ Error reading register 1000 for IP 10.30.4.91: no connection to modbus server
[2025-03-01T03:03:27.377Z] Error reading actual data: no connection to modbus server
[2025-03-01T03:03:27.380Z] Error writing to Modbus register: no connection to modbus server
[2025-03-01T03:03:28.376Z] Error reading register 3105 for IP 10.30.4.91: no connection to modbus server
[2025-03-01T03:03:28.377Z] ❌ Error reading register 1000 for IP 10.30.4.91: no connection to modbus server
[2025-03-01T03:03:28.377Z] Error reading actual data: no connection to modbus server
[2025-03-01T03:03:28.382Z] Error writing to Modbus register: no connection to modbus server
[2025-03-01T03:03:29.385Z] Error reading register 3105 for IP 10.30.4.91: no connection to modbus server
[2025-03-01T03:03:29.385Z] ❌ Error reading register 1000 for IP 10.30.4.91: no connection to modbus server
[2025-03-01T03:03:29.386Z] Error writing to Modbus register: no connection to modbus server
[2025-03-01T03:03:29.386Z] Error reading actual data: no connection to modbus server
[2025-03-01T03:03:30.390Z] Error reading register 3105 for IP 10.30.4.91: no connection to modbus server
[2025-03-01T03:03:30.391Z] ❌ Error reading register 1000 for IP 10.30.4.91: no connection to modbus server
[2025-03-01T03:03:30.392Z] Error reading actual data: no connection to modbus server
[2025-03-01T03:03:30.393Z] Error writing to Modbus register: no connection to modbus server
[2025-03-01T03:03:31.392Z] Error reading register 3105 for IP 10.30.4.91: no connection to modbus server
[2025-03-01T03:03:31.392Z] ❌ Error reading register 1000 for IP 10.30.4.91: no connection to modbus server
[2025-03-01T03:03:31.393Z] Error reading actual data: no connection to modbus server
[2025-03-01T03:03:31.395Z] Error writing to Modbus register: no connection to modbus server
[2025-03-01T03:03:32.392Z] Error reading register 3105 for IP 10.30.4.91: no connection to modbus server
[2025-03-01T03:03:32.392Z] ❌ Error reading register 1000 for IP 10.30.4.91: no connection to modbus server
[2025-03-01T03:03:32.392Z] Error reading actual data: no connection to modbus server
[2025-03-01T03:03:32.397Z] Error writing to Modbus register: no connection to modbus server
[2025-03-01T03:03:33.400Z] Error reading register 3105 for IP 10.30.4.91: no connection to modbus server
[2025-03-01T03:03:33.401Z] ❌ Error reading register 1000 for IP 10.30.4.91: no connection to modbus server
[2025-03-01T03:03:33.401Z] Error reading actual data: no connection to modbus server
[2025-03-01T03:03:33.401Z] Error writing to Modbus register: no connection to modbus server
[2025-03-01T03:03:34.409Z] Error reading register 3105 for IP 10.30.4.91: no connection to modbus server
[2025-03-01T03:03:34.410Z] ❌ Error reading register 1000 for IP 10.30.4.91: no connection to modbus server
[2025-03-01T03:03:34.412Z] Error writing to Modbus register: no connection to modbus server
[2025-03-01T03:03:34.411Z] Error reading actual data: no connection to modbus server
[2025-03-01T03:03:35.410Z] Error reading register 3105 for IP 10.30.4.91: no connection to modbus server
[2025-03-01T03:03:35.411Z] ❌ Error reading register 1000 for IP 10.30.4.91: no connection to modbus server
[2025-03-01T03:03:35.411Z] Error reading actual data: no connection to modbus server
[2025-03-01T03:03:35.412Z] Error writing to Modbus register: no connection to modbus server
[2025-03-01T03:03:36.426Z] Error reading register 3105 for IP 10.30.4.91: no connection to modbus server
[2025-03-01T03:03:36.427Z] Error reading actual data: no connection to modbus server
[2025-03-01T03:03:36.426Z] ❌ Error reading register 1000 for IP 10.30.4.91: no connection to modbus server
[2025-03-01T03:03:36.428Z] Error writing to Modbus register: no connection to modbus server
[2025-03-01T03:03:37.427Z] Error reading register 3105 for IP 10.30.4.91: no connection to modbus server
[2025-03-01T03:03:37.427Z] ❌ Error reading register 1000 for IP 10.30.4.91: no connection to modbus server
[2025-03-01T03:03:37.427Z] Error reading actual data: no connection to modbus server
[2025-03-01T03:03:37.430Z] Error writing to Modbus register: no connection to modbus server
[2025-03-01T03:03:38.443Z] Error reading register 3105 for IP 10.30.4.91: no connection to modbus server
[2025-03-01T03:03:38.443Z] ❌ Error reading register 1000 for IP 10.30.4.91: no connection to modbus server
[2025-03-01T03:03:38.444Z] Error reading actual data: no connection to modbus server
[2025-03-01T03:03:38.445Z] Error writing to Modbus register: no connection to modbus server
[2025-03-01T03:03:39.453Z] ❌ Error reading register 1000 for IP 10.30.4.91: no connection to modbus server
[2025-03-01T03:03:39.453Z] Error reading register 3105 for IP 10.30.4.91: no connection to modbus server
[2025-03-01T03:03:39.453Z] Error reading actual data: no connection to modbus server
[2025-03-01T03:03:39.454Z] Error writing to Modbus register: no connection to modbus server
[2025-03-01T03:03:40.460Z] Error reading register 3105 for IP 10.30.4.91: no connection to modbus server
[2025-03-01T03:03:40.461Z] ❌ Error reading register 1000 for IP 10.30.4.91: no connection to modbus server
[2025-03-01T03:03:40.461Z] Error reading actual data: no connection to modbus server
[2025-03-01T03:03:40.462Z] Error writing to Modbus register: no connection to modbus server
[2025-03-01T03:03:41.476Z] Error reading register 3105 for IP 10.30.4.91: no connection to modbus server
[2025-03-01T03:03:41.476Z] ❌ Error reading register 1000 for IP 10.30.4.91: no connection to modbus server
[2025-03-01T03:03:41.478Z] Error writing to Modbus register: no connection to modbus server
[2025-03-01T03:03:41.477Z] Error reading actual data: no connection to modbus server
[2025-03-01T03:03:42.477Z] Error reading register 3105 for IP 10.30.4.91: no connection to modbus server
[2025-03-01T03:03:42.478Z] ❌ Error reading register 1000 for IP 10.30.4.91: no connection to modbus server
[2025-03-01T03:03:42.478Z] Error reading actual data: no connection to modbus server
[2025-03-01T03:03:42.480Z] Error writing to Modbus register: no connection to modbus server
[2025-03-01T03:03:43.490Z] Error reading register 3105 for IP 10.30.4.91: no connection to modbus server
[2025-03-01T03:03:43.491Z] ❌ Error reading register 1000 for IP 10.30.4.91: no connection to modbus server
[2025-03-01T03:03:43.491Z] Error writing to Modbus register: no connection to modbus server
[2025-03-01T03:03:43.491Z] Error reading actual data: no connection to modbus server
[2025-03-01T03:03:44.492Z] Error reading register 3105 for IP 10.30.4.91: no connection to modbus server
[2025-03-01T03:03:44.492Z] ❌ Error reading register 1000 for IP 10.30.4.91: no connection to modbus server
[2025-03-01T03:03:44.493Z] Error reading actual data: no connection to modbus server
[2025-03-01T03:03:44.495Z] Error writing to Modbus register: no connection to modbus server
[2025-03-01T03:03:45.491Z] Error reading register 3105 for IP 10.30.4.91: no connection to modbus server
[2025-03-01T03:03:45.491Z] Error reading actual data: no connection to modbus server
[2025-03-01T03:03:45.491Z] ❌ Error reading register 1000 for IP 10.30.4.91: no connection to modbus server
[2025-03-01T03:03:45.495Z] Error writing to Modbus register: no connection to modbus server
[2025-03-01T03:03:46.507Z] Error reading register 3105 for IP 10.30.4.91: no connection to modbus server
[2025-03-01T03:03:46.507Z] ❌ Error reading register 1000 for IP 10.30.4.91: no connection to modbus server
[2025-03-01T03:03:46.507Z] Error reading actual data: no connection to modbus server
[2025-03-01T03:03:46.507Z] Error writing to Modbus register: no connection to modbus server
[2025-03-01T03:03:47.509Z] Error reading register 3105 for IP 10.30.4.91: no connection to modbus server
[2025-03-01T03:03:47.509Z] ❌ Error reading register 1000 for IP 10.30.4.91: no connection to modbus server
[2025-03-01T03:03:47.509Z] Error reading actual data: no connection to modbus server
[2025-03-01T03:03:47.515Z] Error writing to Modbus register: no connection to modbus server
[2025-03-01T03:03:48.524Z] Error reading register 3105 for IP 10.30.4.91: no connection to modbus server
[2025-03-01T03:03:48.525Z] ❌ Error reading register 1000 for IP 10.30.4.91: no connection to modbus server
[2025-03-01T03:03:48.526Z] Error reading actual data: no connection to modbus server
[2025-03-01T03:03:48.527Z] Error writing to Modbus register: no connection to modbus server
[2025-03-01T03:03:49.540Z] Error reading register 3105 for IP 10.30.4.91: no connection to modbus server
[2025-03-01T03:03:49.541Z] ❌ Error reading register 1000 for IP 10.30.4.91: no connection to modbus server
[2025-03-01T03:03:49.541Z] Error reading actual data: no connection to modbus server
[2025-03-01T03:03:49.541Z] Error writing to Modbus register: no connection to modbus server
[2025-03-01T03:03:50.559Z] ❌ Error reading register 1000 for IP 10.30.4.91: no connection to modbus server
[2025-03-01T03:03:50.561Z] Error writing to Modbus register: no connection to modbus server
[2025-03-01T03:03:50.560Z] Error reading actual data: no connection to modbus server
[2025-03-01T03:03:50.559Z] Error reading register 3105 for IP 10.30.4.91: no connection to modbus server
[2025-03-01T03:03:51.574Z] Error reading register 3105 for IP 10.30.4.91: no connection to modbus server
[2025-03-01T03:03:51.574Z] ❌ Error reading register 1000 for IP 10.30.4.91: no connection to modbus server
[2025-03-01T03:03:51.574Z] Error reading actual data: no connection to modbus server
[2025-03-01T03:03:51.575Z] Error writing to Modbus register: no connection to modbus server
[2025-03-01T03:03:52.574Z] Error reading register 3105 for IP 10.30.4.91: no connection to modbus server
[2025-03-01T03:03:52.574Z] ❌ Error reading register 1000 for IP 10.30.4.91: no connection to modbus server
[2025-03-01T03:03:52.574Z] Error reading actual data: no connection to modbus server
[2025-03-01T03:03:52.575Z] Error writing to Modbus register: no connection to modbus server
[2025-03-01T03:03:53.584Z] Error reading register 3105 for IP 10.30.4.91: no connection to modbus server
[2025-03-01T03:03:53.584Z] ❌ Error reading register 1000 for IP 10.30.4.91: no connection to modbus server
[2025-03-01T03:03:53.585Z] Error writing to Modbus register: no connection to modbus server
[2025-03-01T03:03:53.585Z] Error reading actual data: no connection to modbus server
[2025-03-01T03:03:54.592Z] Error reading register 3105 for IP 10.30.4.91: no connection to modbus server
[2025-03-01T03:03:54.592Z] ❌ Error reading register 1000 for IP 10.30.4.91: no connection to modbus server
[2025-03-01T03:03:54.593Z] Error reading actual data: no connection to modbus server
[2025-03-01T03:03:54.594Z] Error writing to Modbus register: no connection to modbus server
[2025-03-01T03:03:55.601Z] Error reading register 3105 for IP 10.30.4.91: no connection to modbus server
[2025-03-01T03:03:55.601Z] ❌ Error reading register 1000 for IP 10.30.4.91: no connection to modbus server
[2025-03-01T03:03:55.601Z] Error reading actual data: no connection to modbus server
[2025-03-01T03:03:55.601Z] Error writing to Modbus register: no connection to modbus server
[2025-03-01T03:03:56.610Z] Error reading register 3105 for IP 10.30.4.91: no connection to modbus server
[2025-03-01T03:03:56.611Z] ❌ Error reading register 1000 for IP 10.30.4.91: no connection to modbus server
[2025-03-01T03:03:56.612Z] Error writing to Modbus register: no connection to modbus server
[2025-03-01T03:03:56.612Z] Error reading actual data: no connection to modbus server
[2025-03-01T03:03:57.623Z] Error reading register 3105 for IP 10.30.4.91: no connection to modbus server
[2025-03-01T03:03:57.624Z] ❌ Error reading register 1000 for IP 10.30.4.91: no connection to modbus server
[2025-03-01T03:03:57.624Z] Error reading actual data: no connection to modbus server
[2025-03-01T03:03:57.624Z] Error writing to Modbus register: no connection to modbus server
[2025-03-01T03:03:58.628Z] Error reading register 3105 for IP 10.30.4.91: no connection to modbus server
[2025-03-01T03:03:58.628Z] ❌ Error reading register 1000 for IP 10.30.4.91: no connection to modbus server
[2025-03-01T03:03:58.628Z] Error reading actual data: no connection to modbus server
[2025-03-01T03:03:58.629Z] Error writing to Modbus register: no connection to modbus server
[2025-03-01T03:03:59.640Z] Error reading register 3105 for IP 10.30.4.91: no connection to modbus server
[2025-03-01T03:03:59.640Z] ❌ Error reading register 1000 for IP 10.30.4.91: no connection to modbus server
[2025-03-01T03:03:59.641Z] Error writing to Modbus register: no connection to modbus server
[2025-03-01T03:03:59.640Z] Error reading actual data: no connection to modbus server
[2025-03-01T03:04:00.647Z] Error reading register 3105 for IP 10.30.4.91: no connection to modbus server
[2025-03-01T03:04:00.647Z] ❌ Error reading register 1000 for IP 10.30.4.91: no connection to modbus server
[2025-03-01T03:04:00.648Z] Error reading actual data: no connection to modbus server
[2025-03-01T03:04:00.648Z] Error writing to Modbus register: no connection to modbus server
[2025-03-01T03:04:01.658Z] Error reading register 3105 for IP 10.30.4.91: no connection to modbus server
[2025-03-01T03:04:01.658Z] ❌ Error reading register 1000 for IP 10.30.4.91: no connection to modbus server
[2025-03-01T03:04:01.658Z] Error reading actual data: no connection to modbus server
[2025-03-01T03:04:01.659Z] Error writing to Modbus register: no connection to modbus server
[2025-03-01T03:04:02.664Z] Error reading register 3105 for IP 10.30.4.91: no connection to modbus server
[2025-03-01T03:04:02.665Z] ❌ Error reading register 1000 for IP 10.30.4.91: no connection to modbus server
[2025-03-01T03:04:02.665Z] Error reading actual data: no connection to modbus server
[2025-03-01T03:04:02.665Z] Error writing to Modbus register: no connection to modbus server
[2025-03-01T03:04:03.667Z] Error reading register 3105 for IP 10.30.4.91: no connection to modbus server
[2025-03-01T03:04:03.667Z] ❌ Error reading register 1000 for IP 10.30.4.91: no connection to modbus server
[2025-03-01T03:04:03.667Z] Error reading actual data: no connection to modbus server
[2025-03-01T03:04:03.667Z] Error writing to Modbus register: no connection to modbus server
[2025-03-01T03:04:04.670Z] Error reading register 3105 for IP 10.30.4.91: no connection to modbus server
[2025-03-01T03:04:04.670Z] ❌ Error reading register 1000 for IP 10.30.4.91: no connection to modbus server
[2025-03-01T03:04:04.671Z] Error reading actual data: no connection to modbus server
[2025-03-01T03:04:04.671Z] Error writing to Modbus register: no connection to modbus server
[2025-03-01T03:04:05.674Z] Error reading register 3105 for IP 10.30.4.91: no connection to modbus server
[2025-03-01T03:04:05.674Z] ❌ Error reading register 1000 for IP 10.30.4.91: no connection to modbus server
[2025-03-01T03:04:05.675Z] Error writing to Modbus register: no connection to modbus server
[2025-03-01T03:04:05.675Z] Error reading actual data: no connection to modbus server
[2025-03-01T03:04:06.682Z] Error reading register 3105 for IP 10.30.4.91: no connection to modbus server
[2025-03-01T03:04:06.682Z] ❌ Error reading register 1000 for IP 10.30.4.91: no connection to modbus server
[2025-03-01T03:04:06.683Z] Error reading actual data: no connection to modbus server
[2025-03-01T03:04:06.683Z] Error writing to Modbus register: no connection to modbus server
[2025-03-01T03:04:07.686Z] Error reading register 3105 for IP 10.30.4.91: no connection to modbus server
[2025-03-01T03:04:07.686Z] ❌ Error reading register 1000 for IP 10.30.4.91: no connection to modbus server
[2025-03-01T03:04:07.686Z] Error reading actual data: no connection to modbus server
[2025-03-01T03:04:07.686Z] Error writing to Modbus register: no connection to modbus server
[2025-03-01T03:04:08.692Z] ❌ Error reading register 1000 for IP 10.30.4.91: no connection to modbus server
[2025-03-01T03:04:08.692Z] Error reading register 3105 for IP 10.30.4.91: no connection to modbus server
[2025-03-01T03:04:08.692Z] Error reading actual data: no connection to modbus server
[2025-03-01T03:04:08.692Z] Error writing to Modbus register: no connection to modbus server
[2025-03-01T03:04:09.696Z] Error reading register 3105 for IP 10.30.4.91: no connection to modbus server
[2025-03-01T03:04:09.696Z] Error reading actual data: no connection to modbus server
[2025-03-01T03:04:09.696Z] ❌ Error reading register 1000 for IP 10.30.4.91: no connection to modbus server
[2025-03-01T03:04:09.696Z] Error writing to Modbus register: no connection to modbus server
[2025-03-01T03:04:10.697Z] Error reading register 3105 for IP 10.30.4.91: no connection to modbus server
[2025-03-01T03:04:10.697Z] ❌ Error reading register 1000 for IP 10.30.4.91: no connection to modbus server
[2025-03-01T03:04:10.698Z] Error writing to Modbus register: no connection to modbus server
[2025-03-01T03:04:10.698Z] Error reading actual data: no connection to modbus server
[2025-03-01T03:04:11.704Z] Error reading register 3105 for IP 10.30.4.91: no connection to modbus server
[2025-03-01T03:04:11.704Z] ❌ Error reading register 1000 for IP 10.30.4.91: no connection to modbus server
[2025-03-01T03:04:11.704Z] Error reading actual data: no connection to modbus server
[2025-03-01T03:04:11.704Z] Error writing to Modbus register: no connection to modbus server
[2025-03-01T03:04:12.705Z] ❌ Error reading register 1000 for IP 10.30.4.91: no connection to modbus server
[2025-03-01T03:04:12.705Z] Error reading register 3105 for IP 10.30.4.91: no connection to modbus server
[2025-03-01T03:04:12.705Z] Error reading actual data: no connection to modbus server
[2025-03-01T03:04:12.706Z] Error writing to Modbus register: no connection to modbus server
[2025-03-01T03:04:13.705Z] Error reading register 3105 for IP 10.30.4.91: no connection to modbus server
[2025-03-01T03:04:13.705Z] ❌ Error reading register 1000 for IP 10.30.4.91: no connection to modbus server
[2025-03-01T03:04:13.705Z] Error reading actual data: no connection to modbus server
[2025-03-01T03:04:13.705Z] Error writing to Modbus register: no connection to modbus server
[2025-03-01T03:04:14.709Z] Error reading register 3105 for IP 10.30.4.91: no connection to modbus server
[2025-03-01T03:04:14.709Z] ❌ Error reading register 1000 for IP 10.30.4.91: no connection to modbus server
[2025-03-01T03:04:14.710Z] Error reading actual data: no connection to modbus server
[2025-03-01T03:04:14.711Z] Error writing to Modbus register: no connection to modbus server
[2025-03-01T03:04:15.708Z] Error reading register 3105 for IP 10.30.4.91: no connection to modbus server
[2025-03-01T03:04:15.709Z] ❌ Error reading register 1000 for IP 10.30.4.91: no connection to modbus server
[2025-03-01T03:04:15.709Z] Error reading actual data: no connection to modbus server
[2025-03-01T03:04:15.712Z] Error writing to Modbus register: no connection to modbus server
[2025-03-01T03:04:16.726Z] Error reading register 3105 for IP 10.30.4.91: no connection to modbus server
[2025-03-01T03:04:16.726Z] ❌ Error reading register 1000 for IP 10.30.4.91: no connection to modbus server
[2025-03-01T03:04:16.727Z] Error reading actual data: no connection to modbus server
[2025-03-01T03:04:16.728Z] Error writing to Modbus register: no connection to modbus server
[2025-03-01T03:04:17.725Z] Error reading register 3105 for IP 10.30.4.91: no connection to modbus server
[2025-03-01T03:04:17.726Z] ❌ Error reading register 1000 for IP 10.30.4.91: no connection to modbus server
[2025-03-01T03:04:17.726Z] Error reading actual data: no connection to modbus server
[2025-03-01T03:04:17.728Z] Error writing to Modbus register: no connection to modbus server
[2025-03-01T03:04:18.742Z] Error reading register 3105 for IP 10.30.4.91: no connection to modbus server
[2025-03-01T03:04:18.742Z] ❌ Error reading register 1000 for IP 10.30.4.91: no connection to modbus server
[2025-03-01T03:04:18.744Z] Error writing to Modbus register: no connection to modbus server
[2025-03-01T03:04:18.743Z] Error reading actual data: no connection to modbus server
[2025-03-01T03:04:19.741Z] Error reading register 3105 for IP 10.30.4.91: no connection to modbus server
[2025-03-01T03:04:19.742Z] ❌ Error reading register 1000 for IP 10.30.4.91: no connection to modbus server
[2025-03-01T03:04:19.742Z] Error reading actual data: no connection to modbus server
[2025-03-01T03:04:19.744Z] Error writing to Modbus register: no connection to modbus server
[2025-03-01T03:04:20.743Z] Error reading register 3105 for IP 10.30.4.91: no connection to modbus server
[2025-03-01T03:04:20.744Z] ❌ Error reading register 1000 for IP 10.30.4.91: no connection to modbus server
[2025-03-01T03:04:20.744Z] Error reading actual data: no connection to modbus server
[2025-03-01T03:04:20.747Z] Error writing to Modbus register: no connection to modbus server
[2025-03-01T03:04:21.748Z] Error reading register 3105 for IP 10.30.4.91: no connection to modbus server
[2025-03-01T03:04:21.748Z] ❌ Error reading register 1000 for IP 10.30.4.91: no connection to modbus server
[2025-03-01T03:04:21.748Z] Error reading actual data: no connection to modbus server
[2025-03-01T03:04:21.748Z] Error writing to Modbus register: no connection to modbus server
[2025-03-01T03:04:22.759Z] Error reading register 3105 for IP 10.30.4.91: no connection to modbus server
[2025-03-01T03:04:22.759Z] ❌ Error reading register 1000 for IP 10.30.4.91: no connection to modbus server
[2025-03-01T03:04:22.760Z] Error writing to Modbus register: no connection to modbus server
[2025-03-01T03:04:22.759Z] Error reading actual data: no connection to modbus server
[2025-03-01T03:04:23.759Z] Error reading register 3105 for IP 10.30.4.91: no connection to modbus server
[2025-03-01T03:04:23.760Z] ❌ Error reading register 1000 for IP 10.30.4.91: no connection to modbus server
[2025-03-01T03:04:23.760Z] Error reading actual data: no connection to modbus server
[2025-03-01T03:04:23.763Z] Error writing to Modbus register: no connection to modbus server
[2025-03-01T03:04:24.768Z] Error reading register 3105 for IP 10.30.4.91: no connection to modbus server
[2025-03-01T03:04:24.768Z] ❌ Error reading register 1000 for IP 10.30.4.91: no connection to modbus server
[2025-03-01T03:04:24.768Z] Error reading actual data: no connection to modbus server
[2025-03-01T03:04:24.769Z] Error writing to Modbus register: no connection to modbus server
[2025-03-01T03:04:25.775Z] Error reading register 3105 for IP 10.30.4.91: no connection to modbus server
[2025-03-01T03:04:25.776Z] ❌ Error reading register 1000 for IP 10.30.4.91: no connection to modbus server
[2025-03-01T03:04:25.777Z] Error writing to Modbus register: no connection to modbus server
[2025-03-01T03:04:25.776Z] Error reading actual data: no connection to modbus server
[2025-03-01T03:04:26.775Z] ❌ Error reading register 1000 for IP 10.30.4.91: no connection to modbus server
[2025-03-01T03:04:26.775Z] Error reading register 3105 for IP 10.30.4.91: no connection to modbus server
[2025-03-01T03:04:26.776Z] Error reading actual data: no connection to modbus server
[2025-03-01T03:04:26.778Z] Error writing to Modbus register: no connection to modbus server
[2025-03-01T03:04:27.776Z] Error reading register 3105 for IP 10.30.4.91: no connection to modbus server
[2025-03-01T03:04:27.776Z] ❌ Error reading register 1000 for IP 10.30.4.91: no connection to modbus server
[2025-03-01T03:04:27.777Z] Error reading actual data: no connection to modbus server
[2025-03-01T03:04:27.778Z] Error writing to Modbus register: no connection to modbus server
[2025-03-01T03:04:28.780Z] Error reading register 3105 for IP 10.30.4.91: no connection to modbus server
[2025-03-01T03:04:28.780Z] ❌ Error reading register 1000 for IP 10.30.4.91: no connection to modbus server
[2025-03-01T03:04:28.782Z] Error writing to Modbus register: no connection to modbus server
[2025-03-01T03:04:28.781Z] Error reading actual data: no connection to modbus server
[2025-03-01T03:04:29.787Z] Error reading register 3105 for IP 10.30.4.91: no connection to modbus server
[2025-03-01T03:04:29.787Z] ❌ Error reading register 1000 for IP 10.30.4.91: no connection to modbus server
[2025-03-01T03:04:29.787Z] Error reading actual data: no connection to modbus server
[2025-03-01T03:04:29.788Z] Error writing to Modbus register: no connection to modbus server
[2025-03-01T03:04:30.792Z] Error reading register 3105 for IP 10.30.4.91: no connection to modbus server
[2025-03-01T03:04:30.792Z] ❌ Error reading register 1000 for IP 10.30.4.91: no connection to modbus server
[2025-03-01T03:04:30.793Z] Error reading actual data: no connection to modbus server
[2025-03-01T03:04:30.794Z] Error writing to Modbus register: no connection to modbus server
[2025-03-01T03:04:31.791Z] ❌ Error reading register 1000 for IP 10.30.4.91: no connection to modbus server
[2025-03-01T03:04:31.791Z] Error reading register 3105 for IP 10.30.4.91: no connection to modbus server
[2025-03-01T03:04:31.791Z] Error reading actual data: no connection to modbus server
[2025-03-01T03:04:31.796Z] Error writing to Modbus register: no connection to modbus server
[2025-03-01T03:04:32.793Z] Error reading register 3105 for IP 10.30.4.91: no connection to modbus server
[2025-03-01T03:04:32.793Z] ❌ Error reading register 1000 for IP 10.30.4.91: no connection to modbus server
[2025-03-01T03:04:32.794Z] Error reading actual data: no connection to modbus server
[2025-03-01T03:04:32.798Z] Error writing to Modbus register: no connection to modbus server
[2025-03-01T03:04:33.809Z] Error reading register 3105 for IP 10.30.4.91: no connection to modbus server
[2025-03-01T03:04:33.809Z] ❌ Error reading register 1000 for IP 10.30.4.91: no connection to modbus server
[2025-03-01T03:04:33.810Z] Error reading actual data: no connection to modbus server
[2025-03-01T03:04:33.811Z] Error writing to Modbus register: no connection to modbus server
[2025-03-01T03:04:34.808Z] Error reading register 3105 for IP 10.30.4.91: no connection to modbus server
[2025-03-01T03:04:34.808Z] ❌ Error reading register 1000 for IP 10.30.4.91: no connection to modbus server
[2025-03-01T03:04:34.808Z] Error reading actual data: no connection to modbus server
[2025-03-01T03:04:34.811Z] Error writing to Modbus register: no connection to modbus server
[2025-03-01T03:04:35.825Z] Error reading register 3105 for IP 10.30.4.91: no connection to modbus server
[2025-03-01T03:04:35.826Z] ❌ Error reading register 1000 for IP 10.30.4.91: no connection to modbus server
[2025-03-01T03:04:35.828Z] Error writing to Modbus register: no connection to modbus server
[2025-03-01T03:04:35.827Z] Error reading actual data: no connection to modbus server
[2025-03-01T03:04:36.825Z] Error reading register 3105 for IP 10.30.4.91: no connection to modbus server
[2025-03-01T03:04:36.826Z] ❌ Error reading register 1000 for IP 10.30.4.91: no connection to modbus server
[2025-03-01T03:04:36.826Z] Error reading actual data: no connection to modbus server
[2025-03-01T03:04:36.834Z] Error writing to Modbus register: no connection to modbus server
[2025-03-01T03:04:37.841Z] Error reading register 3105 for IP 10.30.4.91: no connection to modbus server
[2025-03-01T03:04:37.842Z] ❌ Error reading register 1000 for IP 10.30.4.91: no connection to modbus server
[2025-03-01T03:04:37.842Z] Error reading actual data: no connection to modbus server
[2025-03-01T03:04:37.843Z] Error writing to Modbus register: no connection to modbus server
[2025-03-01T03:04:38.849Z] Error reading register 3105 for IP 10.30.4.91: no connection to modbus server
[2025-03-01T03:04:38.850Z] Error reading actual data: no connection to modbus server
[2025-03-01T03:04:38.850Z] ❌ Error reading register 1000 for IP 10.30.4.91: no connection to modbus server
[2025-03-01T03:04:38.851Z] Error writing to Modbus register: no connection to modbus server
[2025-03-01T03:04:39.855Z] Error reading register 3105 for IP 10.30.4.91: no connection to modbus server
[2025-03-01T03:04:39.856Z] ❌ Error reading register 1000 for IP 10.30.4.91: no connection to modbus server
[2025-03-01T03:04:39.857Z] Error reading actual data: no connection to modbus server
[2025-03-01T03:04:39.858Z] Error writing to Modbus register: no connection to modbus server
[2025-03-01T03:04:40.858Z] Error reading register 3105 for IP 10.30.4.91: no connection to modbus server
[2025-03-01T03:04:40.859Z] ❌ Error reading register 1000 for IP 10.30.4.91: no connection to modbus server
[2025-03-01T03:04:40.860Z] Error reading actual data: no connection to modbus server
[2025-03-01T03:04:40.862Z] Error writing to Modbus register: no connection to modbus server
[2025-03-01T03:04:41.873Z] Error reading register 3105 for IP 10.30.4.91: no connection to modbus server
[2025-03-01T03:04:41.874Z] ❌ Error reading register 1000 for IP 10.30.4.91: no connection to modbus server
[2025-03-01T03:04:41.875Z] Error reading actual data: no connection to modbus server
[2025-03-01T03:04:41.876Z] Error writing to Modbus register: no connection to modbus server
[2025-03-01T03:04:42.875Z] Error reading register 3105 for IP 10.30.4.91: no connection to modbus server
[2025-03-01T03:04:42.876Z] ❌ Error reading register 1000 for IP 10.30.4.91: no connection to modbus server
[2025-03-01T03:04:42.876Z] Error reading actual data: no connection to modbus server
[2025-03-01T03:04:42.885Z] Error writing to Modbus register: no connection to modbus server
[2025-03-01T03:04:43.876Z] Error reading register 3105 for IP 10.30.4.91: no connection to modbus server
[2025-03-01T03:04:43.877Z] Error reading actual data: no connection to modbus server
[2025-03-01T03:04:43.876Z] ❌ Error reading register 1000 for IP 10.30.4.91: no connection to modbus server
[2025-03-01T03:04:43.885Z] Error writing to Modbus register: no connection to modbus server
[2025-03-01T03:04:44.887Z] Error reading register 3105 for IP 10.30.4.91: no connection to modbus server
[2025-03-01T03:04:44.887Z] ❌ Error reading register 1000 for IP 10.30.4.91: no connection to modbus server
[2025-03-01T03:04:44.887Z] Error reading actual data: no connection to modbus server
[2025-03-01T03:04:44.887Z] Error writing to Modbus register: no connection to modbus server
[2025-03-01T03:04:45.893Z] Error reading register 3105 for IP 10.30.4.91: no connection to modbus server
[2025-03-01T03:04:45.893Z] ❌ Error reading register 1000 for IP 10.30.4.91: no connection to modbus server
[2025-03-01T03:04:45.893Z] Error reading actual data: no connection to modbus server
[2025-03-01T03:04:45.894Z] Error writing to Modbus register: no connection to modbus server
[2025-03-01T03:04:46.906Z] ❌ Error reading register 1000 for IP 10.30.4.91: no connection to modbus server
[2025-03-01T03:04:46.906Z] Error reading actual data: no connection to modbus server
[2025-03-01T03:04:46.906Z] Error reading register 3105 for IP 10.30.4.91: no connection to modbus server
[2025-03-01T03:04:46.906Z] Error writing to Modbus register: no connection to modbus server
[2025-03-01T03:04:47.920Z] Error reading register 3105 for IP 10.30.4.91: no connection to modbus server
[2025-03-01T03:04:47.920Z] ❌ Error reading register 1000 for IP 10.30.4.91: no connection to modbus server
[2025-03-01T03:04:47.920Z] Error reading actual data: no connection to modbus server
[2025-03-01T03:04:47.921Z] Error writing to Modbus register: no connection to modbus server
[2025-03-01T03:04:48.921Z] Error reading register 3105 for IP 10.30.4.91: no connection to modbus server
[2025-03-01T03:04:48.921Z] ❌ Error reading register 1000 for IP 10.30.4.91: no connection to modbus server
[2025-03-01T03:04:48.921Z] Error reading actual data: no connection to modbus server
[2025-03-01T03:04:48.921Z] Error writing to Modbus register: no connection to modbus server
[2025-03-01T03:04:49.925Z] Error reading register 3105 for IP 10.30.4.91: no connection to modbus server
[2025-03-01T03:04:49.925Z] ❌ Error reading register 1000 for IP 10.30.4.91: no connection to modbus server
[2025-03-01T03:04:49.926Z] Error reading actual data: no connection to modbus server
[2025-03-01T03:04:49.926Z] Error writing to Modbus register: no connection to modbus server
[2025-03-01T03:04:50.925Z] Error reading register 3105 for IP 10.30.4.91: no connection to modbus server
[2025-03-01T03:04:50.926Z] ❌ Error reading register 1000 for IP 10.30.4.91: no connection to modbus server
[2025-03-01T03:04:50.926Z] Error reading actual data: no connection to modbus server
[2025-03-01T03:04:50.929Z] Error writing to Modbus register: no connection to modbus server
[2025-03-01T03:04:51.925Z] Error reading register 3105 for IP 10.30.4.91: no connection to modbus server
[2025-03-01T03:04:51.925Z] ❌ Error reading register 1000 for IP 10.30.4.91: no connection to modbus server
[2025-03-01T03:04:51.925Z] Error reading actual data: no connection to modbus server
[2025-03-01T03:04:51.928Z] Error writing to Modbus register: no connection to modbus server
[2025-03-01T03:04:52.940Z] Error reading register 3105 for IP 10.30.4.91: no connection to modbus server
[2025-03-01T03:04:52.940Z] ❌ Error reading register 1000 for IP 10.30.4.91: no connection to modbus server
[2025-03-01T03:04:52.941Z] Error writing to Modbus register: no connection to modbus server
[2025-03-01T03:04:52.940Z] Error reading actual data: no connection to modbus server
[2025-03-01T03:04:53.951Z] Error reading register 3105 for IP 10.30.4.91: no connection to modbus server
[2025-03-01T03:04:53.951Z] ❌ Error reading register 1000 for IP 10.30.4.91: no connection to modbus server
[2025-03-01T03:04:53.953Z] Error writing to Modbus register: no connection to modbus server
[2025-03-01T03:04:53.952Z] Error reading actual data: no connection to modbus server
[2025-03-01T03:04:54.953Z] Error reading register 3105 for IP 10.30.4.91: no connection to modbus server
[2025-03-01T03:04:54.953Z] ❌ Error reading register 1000 for IP 10.30.4.91: no connection to modbus server
[2025-03-01T03:04:54.953Z] Error reading actual data: no connection to modbus server
[2025-03-01T03:04:54.953Z] Error writing to Modbus register: no connection to modbus server
[2025-03-01T03:04:55.960Z] Error reading register 3105 for IP 10.30.4.91: no connection to modbus server
[2025-03-01T03:04:55.960Z] ❌ Error reading register 1000 for IP 10.30.4.91: no connection to modbus server
[2025-03-01T03:04:55.961Z] Error reading actual data: no connection to modbus server
[2025-03-01T03:04:55.962Z] Error writing to Modbus register: no connection to modbus server
[2025-03-01T03:04:56.973Z] Error reading register 3105 for IP 10.30.4.91: no connection to modbus server
[2025-03-01T03:04:56.974Z] ❌ Error reading register 1000 for IP 10.30.4.91: no connection to modbus server
[2025-03-01T03:04:56.974Z] Error reading actual data: no connection to modbus server
[2025-03-01T03:04:56.975Z] Error writing to Modbus register: no connection to modbus server
[2025-03-01T03:04:57.976Z] ❌ Error reading register 1000 for IP 10.30.4.91: no connection to modbus server
[2025-03-01T03:04:57.976Z] Error reading register 3105 for IP 10.30.4.91: no connection to modbus server
[2025-03-01T03:04:57.976Z] Error writing to Modbus register: no connection to modbus server
[2025-03-01T03:04:57.976Z] Error reading actual data: no connection to modbus server
[2025-03-01T03:04:58.978Z] Error reading register 3105 for IP 10.30.4.91: no connection to modbus server
[2025-03-01T03:04:58.978Z] ❌ Error reading register 1000 for IP 10.30.4.91: no connection to modbus server
[2025-03-01T03:04:58.978Z] Error reading actual data: no connection to modbus server
[2025-03-01T03:04:58.979Z] Error writing to Modbus register: no connection to modbus server
[2025-03-01T03:04:59.990Z] Error reading register 3105 for IP 10.30.4.91: no connection to modbus server
[2025-03-01T03:04:59.990Z] ❌ Error reading register 1000 for IP 10.30.4.91: no connection to modbus server
[2025-03-01T03:04:59.991Z] Error reading actual data: no connection to modbus server
[2025-03-01T03:04:59.992Z] Error writing to Modbus register: no connection to modbus server
[2025-03-01T03:05:00.992Z] Error reading register 3105 for IP 10.30.4.91: no connection to modbus server
[2025-03-01T03:05:00.992Z] ❌ Error reading register 1000 for IP 10.30.4.91: no connection to modbus server
[2025-03-01T03:05:00.993Z] Error reading actual data: no connection to modbus server
[2025-03-01T03:05:00.995Z] Error writing to Modbus register: no connection to modbus server
[2025-03-01T03:05:01.999Z] Error reading register 3105 for IP 10.30.4.91: no connection to modbus server
[2025-03-01T03:05:01.999Z] ❌ Error reading register 1000 for IP 10.30.4.91: no connection to modbus server
[2025-03-01T03:05:01.999Z] Error reading actual data: no connection to modbus server
[2025-03-01T03:05:02.000Z] Error writing to Modbus register: no connection to modbus server
[2025-03-01T03:05:03.008Z] Error reading register 3105 for IP 10.30.4.91: no connection to modbus server
[2025-03-01T03:05:03.009Z] ❌ Error reading register 1000 for IP 10.30.4.91: no connection to modbus server
[2025-03-01T03:05:03.009Z] Error reading actual data: no connection to modbus server
[2025-03-01T03:05:03.010Z] Error writing to Modbus register: no connection to modbus server
[2025-03-01T03:05:04.022Z] Error reading register 3105 for IP 10.30.4.91: no connection to modbus server
[2025-03-01T03:05:04.022Z] ❌ Error reading register 1000 for IP 10.30.4.91: no connection to modbus server
[2025-03-01T03:05:04.023Z] Error writing to Modbus register: no connection to modbus server
[2025-03-01T03:05:04.022Z] Error reading actual data: no connection to modbus server
[2025-03-01T03:05:05.026Z] Error reading register 3105 for IP 10.30.4.91: no connection to modbus server
[2025-03-01T03:05:05.026Z] ❌ Error reading register 1000 for IP 10.30.4.91: no connection to modbus server
[2025-03-01T03:05:05.027Z] Error reading actual data: no connection to modbus server
[2025-03-01T03:05:05.027Z] Error writing to Modbus register: no connection to modbus server
[2025-03-01T03:05:06.039Z] ❌ Error reading register 1000 for IP 10.30.4.91: no connection to modbus server
[2025-03-01T03:05:06.038Z] Error reading register 3105 for IP 10.30.4.91: no connection to modbus server
[2025-03-01T03:05:06.039Z] Error reading actual data: no connection to modbus server
[2025-03-01T03:05:06.039Z] Error writing to Modbus register: no connection to modbus server
[2025-03-01T03:05:07.051Z] Error reading register 3105 for IP 10.30.4.91: no connection to modbus server
[2025-03-01T03:05:07.052Z] ❌ Error reading register 1000 for IP 10.30.4.91: no connection to modbus server
[2025-03-01T03:05:07.052Z] Error reading actual data: no connection to modbus server
[2025-03-01T03:05:07.052Z] Error writing to Modbus register: no connection to modbus server
[2025-03-01T03:05:08.053Z] Error reading register 3105 for IP 10.30.4.91: no connection to modbus server
[2025-03-01T03:05:08.053Z] Error reading actual data: no connection to modbus server
[2025-03-01T03:05:08.053Z] ❌ Error reading register 1000 for IP 10.30.4.91: no connection to modbus server
[2025-03-01T03:05:08.054Z] Error writing to Modbus register: no connection to modbus server
[2025-03-01T03:05:09.065Z] Error reading register 3105 for IP 10.30.4.91: no connection to modbus server
[2025-03-01T03:05:09.065Z] ❌ Error reading register 1000 for IP 10.30.4.91: no connection to modbus server
[2025-03-01T03:05:09.065Z] Error reading actual data: no connection to modbus server
[2025-03-01T03:05:09.066Z] Error writing to Modbus register: no connection to modbus server
[2025-03-01T03:05:10.071Z] ❌ Error reading register 1000 for IP 10.30.4.91: no connection to modbus server
[2025-03-01T03:05:10.070Z] Error reading register 3105 for IP 10.30.4.91: no connection to modbus server
[2025-03-01T03:05:10.071Z] Error reading actual data: no connection to modbus server
[2025-03-01T03:05:10.071Z] Error writing to Modbus register: no connection to modbus server
[2025-03-01T03:05:11.071Z] Error reading register 3105 for IP 10.30.4.91: no connection to modbus server
[2025-03-01T03:05:11.071Z] ❌ Error reading register 1000 for IP 10.30.4.91: no connection to modbus server
[2025-03-01T03:05:11.071Z] Error reading actual data: no connection to modbus server
[2025-03-01T03:05:11.072Z] Error writing to Modbus register: no connection to modbus server
[2025-03-01T03:05:12.077Z] Error reading register 3105 for IP 10.30.4.91: no connection to modbus server
[2025-03-01T03:05:12.077Z] ❌ Error reading register 1000 for IP 10.30.4.91: no connection to modbus server
[2025-03-01T03:05:12.078Z] Error reading actual data: no connection to modbus server
[2025-03-01T03:05:12.078Z] Error writing to Modbus register: no connection to modbus server
[2025-03-01T03:05:13.088Z] ❌ Error reading register 1000 for IP 10.30.4.91: no connection to modbus server
[2025-03-01T03:05:13.088Z] Error reading register 3105 for IP 10.30.4.91: no connection to modbus server
[2025-03-01T03:05:13.088Z] Error reading actual data: no connection to modbus server
[2025-03-01T03:05:13.089Z] Error writing to Modbus register: no connection to modbus server
[2025-03-01T03:05:14.097Z] Error reading register 3105 for IP 10.30.4.91: no connection to modbus server
[2025-03-01T03:05:14.097Z] ❌ Error reading register 1000 for IP 10.30.4.91: no connection to modbus server
[2025-03-01T03:05:14.097Z] Error reading actual data: no connection to modbus server
[2025-03-01T03:05:14.098Z] Error writing to Modbus register: no connection to modbus server
[2025-03-01T03:05:15.107Z] Error reading register 3105 for IP 10.30.4.91: no connection to modbus server
[2025-03-01T03:05:15.108Z] ❌ Error reading register 1000 for IP 10.30.4.91: no connection to modbus server
[2025-03-01T03:05:15.108Z] Error reading actual data: no connection to modbus server
[2025-03-01T03:05:15.109Z] Error writing to Modbus register: no connection to modbus server
[2025-03-01T03:05:16.108Z] Error reading register 3105 for IP 10.30.4.91: no connection to modbus server
[2025-03-01T03:05:16.109Z] ❌ Error reading register 1000 for IP 10.30.4.91: no connection to modbus server
[2025-03-01T03:05:16.109Z] Error reading actual data: no connection to modbus server
[2025-03-01T03:05:16.115Z] Error writing to Modbus register: no connection to modbus server
[2025-03-01T03:05:17.123Z] Error reading register 3105 for IP 10.30.4.91: no connection to modbus server
[2025-03-01T03:05:17.124Z] ❌ Error reading register 1000 for IP 10.30.4.91: no connection to modbus server
[2025-03-01T03:05:17.124Z] Error reading actual data: no connection to modbus server
[2025-03-01T03:05:17.125Z] Error writing to Modbus register: no connection to modbus server
[2025-03-01T03:05:18.124Z] Error reading register 3105 for IP 10.30.4.91: no connection to modbus server
[2025-03-01T03:05:18.125Z] ❌ Error reading register 1000 for IP 10.30.4.91: no connection to modbus server
[2025-03-01T03:05:18.125Z] Error reading actual data: no connection to modbus server
[2025-03-01T03:05:18.128Z] Error writing to Modbus register: no connection to modbus server
[2025-03-01T03:05:19.139Z] Error reading register 3105 for IP 10.30.4.91: no connection to modbus server
[2025-03-01T03:05:19.140Z] Error reading actual data: no connection to modbus server
[2025-03-01T03:05:19.140Z] ❌ Error reading register 1000 for IP 10.30.4.91: no connection to modbus server
[2025-03-01T03:05:19.141Z] Error writing to Modbus register: no connection to modbus server
[2025-03-01T03:05:20.151Z] Error reading register 3105 for IP 10.30.4.91: no connection to modbus server
[2025-03-01T03:05:20.151Z] ❌ Error reading register 1000 for IP 10.30.4.91: no connection to modbus server
[2025-03-01T03:05:20.152Z] Error reading actual data: no connection to modbus server
[2025-03-01T03:05:20.153Z] Error writing to Modbus register: no connection to modbus server
[2025-03-01T03:05:21.158Z] Error reading register 3105 for IP 10.30.4.91: no connection to modbus server
[2025-03-01T03:05:21.159Z] ❌ Error reading register 1000 for IP 10.30.4.91: no connection to modbus server
[2025-03-01T03:05:21.159Z] Error reading actual data: no connection to modbus server
[2025-03-01T03:05:21.160Z] Error writing to Modbus register: no connection to modbus server
[2025-03-01T03:05:22.158Z] Error reading register 3105 for IP 10.30.4.91: no connection to modbus server
[2025-03-01T03:05:22.159Z] ❌ Error reading register 1000 for IP 10.30.4.91: no connection to modbus server
[2025-03-01T03:05:22.159Z] Error reading actual data: no connection to modbus server
[2025-03-01T03:05:22.162Z] Error writing to Modbus register: no connection to modbus server
[2025-03-01T03:05:23.173Z] Error reading register 3105 for IP 10.30.4.91: no connection to modbus server
[2025-03-01T03:05:23.174Z] ❌ Error reading register 1000 for IP 10.30.4.91: no connection to modbus server
[2025-03-01T03:05:23.174Z] Error reading actual data: no connection to modbus server
[2025-03-01T03:05:23.175Z] Error writing to Modbus register: no connection to modbus server
[2025-03-01T03:05:24.173Z] Error reading register 3105 for IP 10.30.4.91: no connection to modbus server
[2025-03-01T03:05:24.173Z] ❌ Error reading register 1000 for IP 10.30.4.91: no connection to modbus server
[2025-03-01T03:05:24.174Z] Error reading actual data: no connection to modbus server
[2025-03-01T03:05:24.175Z] Error writing to Modbus register: no connection to modbus server
[2025-03-01T03:05:25.192Z] Error reading register 3105 for IP 10.30.4.91: no connection to modbus server
[2025-03-01T03:05:25.193Z] ❌ Error reading register 1000 for IP 10.30.4.91: no connection to modbus server
[2025-03-01T03:05:25.193Z] Error reading actual data: no connection to modbus server
[2025-03-01T03:05:25.194Z] Error writing to Modbus register: no connection to modbus server
[2025-03-01T03:05:26.209Z] Error reading register 3105 for IP 10.30.4.91: no connection to modbus server
[2025-03-01T03:05:26.209Z] ❌ Error reading register 1000 for IP 10.30.4.91: no connection to modbus server
[2025-03-01T03:05:26.210Z] Error reading actual data: no connection to modbus server
[2025-03-01T03:05:26.211Z] Error writing to Modbus register: no connection to modbus server
[2025-03-01T03:05:27.209Z] Error reading register 3105 for IP 10.30.4.91: no connection to modbus server
[2025-03-01T03:05:27.210Z] ❌ Error reading register 1000 for IP 10.30.4.91: no connection to modbus server
[2025-03-01T03:05:27.210Z] Error reading actual data: no connection to modbus server
[2025-03-01T03:05:27.213Z] Error writing to Modbus register: no connection to modbus server
[2025-03-01T03:05:28.223Z] Error reading register 3105 for IP 10.30.4.91: no connection to modbus server
[2025-03-01T03:05:28.224Z] ❌ Error reading register 1000 for IP 10.30.4.91: no connection to modbus server
[2025-03-01T03:05:28.225Z] Error writing to Modbus register: no connection to modbus server
[2025-03-01T03:05:28.224Z] Error reading actual data: no connection to modbus server
[2025-03-01T03:05:29.229Z] Error reading register 3105 for IP 10.30.4.91: no connection to modbus server
[2025-03-01T03:05:29.229Z] ❌ Error reading register 1000 for IP 10.30.4.91: no connection to modbus server
[2025-03-01T03:05:29.229Z] Error reading actual data: no connection to modbus server
[2025-03-01T03:05:29.229Z] Error writing to Modbus register: no connection to modbus server
[2025-03-01T03:05:30.236Z] Error reading register 3105 for IP 10.30.4.91: no connection to modbus server
[2025-03-01T03:05:30.236Z] ❌ Error reading register 1000 for IP 10.30.4.91: no connection to modbus server
[2025-03-01T03:05:30.237Z] Error reading actual data: no connection to modbus server
[2025-03-01T03:05:30.238Z] Error writing to Modbus register: no connection to modbus server
[2025-03-01T03:05:31.241Z] Error reading register 3105 for IP 10.30.4.91: no connection to modbus server
[2025-03-01T03:05:31.242Z] ❌ Error reading register 1000 for IP 10.30.4.91: no connection to modbus server
[2025-03-01T03:05:31.243Z] Error reading actual data: no connection to modbus server
[2025-03-01T03:05:31.244Z] Error writing to Modbus register: no connection to modbus server
[2025-03-01T03:05:32.258Z] Error reading register 3105 for IP 10.30.4.91: no connection to modbus server
[2025-03-01T03:05:32.259Z] Error reading actual data: no connection to modbus server
[2025-03-01T03:05:32.259Z] ❌ Error reading register 1000 for IP 10.30.4.91: no connection to modbus server
[2025-03-01T03:05:32.260Z] Error writing to Modbus register: no connection to modbus server
[2025-03-01T03:05:33.257Z] Error reading register 3105 for IP 10.30.4.91: no connection to modbus server
[2025-03-01T03:05:33.257Z] ❌ Error reading register 1000 for IP 10.30.4.91: no connection to modbus server
[2025-03-01T03:05:33.257Z] Error reading actual data: no connection to modbus server
[2025-03-01T03:05:33.260Z] Error writing to Modbus register: no connection to modbus server
[2025-03-01T03:05:34.257Z] Error reading register 3105 for IP 10.30.4.91: no connection to modbus server
[2025-03-01T03:05:34.258Z] ❌ Error reading register 1000 for IP 10.30.4.91: no connection to modbus server
[2025-03-01T03:05:34.258Z] Error reading actual data: no connection to modbus server
[2025-03-01T03:05:34.261Z] Error writing to Modbus register: no connection to modbus server
[2025-03-01T03:05:35.273Z] Error reading register 3105 for IP 10.30.4.91: no connection to modbus server
[2025-03-01T03:05:35.273Z] ❌ Error reading register 1000 for IP 10.30.4.91: no connection to modbus server
[2025-03-01T03:05:35.273Z] Error reading actual data: no connection to modbus server
[2025-03-01T03:05:35.273Z] Error writing to Modbus register: no connection to modbus server
[2025-03-01T03:05:36.274Z] ❌ Error reading register 1000 for IP 10.30.4.91: no connection to modbus server
[2025-03-01T03:05:36.274Z] Error reading actual data: no connection to modbus server
[2025-03-01T03:05:36.274Z] Error reading register 3105 for IP 10.30.4.91: no connection to modbus server
[2025-03-01T03:05:36.274Z] Error writing to Modbus register: no connection to modbus server
[2025-03-01T03:05:37.290Z] ❌ Error reading register 1000 for IP 10.30.4.91: no connection to modbus server
[2025-03-01T03:05:37.289Z] Error reading register 3105 for IP 10.30.4.91: no connection to modbus server
[2025-03-01T03:05:37.292Z] Error writing to Modbus register: no connection to modbus server
[2025-03-01T03:05:37.291Z] Error reading actual data: no connection to modbus server
[2025-03-01T03:05:38.292Z] Error reading register 3105 for IP 10.30.4.91: no connection to modbus server
[2025-03-01T03:05:38.292Z] ❌ Error reading register 1000 for IP 10.30.4.91: no connection to modbus server
[2025-03-01T03:05:38.292Z] Error reading actual data: no connection to modbus server
[2025-03-01T03:05:38.295Z] Error writing to Modbus register: no connection to modbus server
[2025-03-01T03:05:39.304Z] Error reading register 3105 for IP 10.30.4.91: no connection to modbus server
[2025-03-01T03:05:39.305Z] ❌ Error reading register 1000 for IP 10.30.4.91: no connection to modbus server
[2025-03-01T03:05:39.305Z] Error reading actual data: no connection to modbus server
[2025-03-01T03:05:39.305Z] Error writing to Modbus register: no connection to modbus server
[2025-03-01T03:05:40.309Z] Error reading register 3105 for IP 10.30.4.91: no connection to modbus server
[2025-03-01T03:05:40.310Z] ❌ Error reading register 1000 for IP 10.30.4.91: no connection to modbus server
[2025-03-01T03:05:40.310Z] Error reading actual data: no connection to modbus server
[2025-03-01T03:05:40.311Z] Error writing to Modbus register: no connection to modbus server
[2025-03-01T03:05:41.324Z] Error reading register 3105 for IP 10.30.4.91: no connection to modbus server
[2025-03-01T03:05:41.324Z] ❌ Error reading register 1000 for IP 10.30.4.91: no connection to modbus server
[2025-03-01T03:05:41.326Z] Error writing to Modbus register: no connection to modbus server
[2025-03-01T03:05:41.325Z] Error reading actual data: no connection to modbus server
[2025-03-01T03:05:42.324Z] Error reading register 3105 for IP 10.30.4.91: no connection to modbus server
[2025-03-01T03:05:42.324Z] ❌ Error reading register 1000 for IP 10.30.4.91: no connection to modbus server
[2025-03-01T03:05:42.324Z] Error reading actual data: no connection to modbus server
[2025-03-01T03:05:42.325Z] Error writing to Modbus register: no connection to modbus server
[2025-03-01T03:05:43.325Z] Error reading register 3105 for IP 10.30.4.91: no connection to modbus server
[2025-03-01T03:05:43.325Z] ❌ Error reading register 1000 for IP 10.30.4.91: no connection to modbus server
[2025-03-01T03:05:43.325Z] Error reading actual data: no connection to modbus server
[2025-03-01T03:05:43.327Z] Error writing to Modbus register: no connection to modbus server
[2025-03-01T03:05:44.340Z] Error reading register 3105 for IP 10.30.4.91: no connection to modbus server
[2025-03-01T03:05:44.340Z] ❌ Error reading register 1000 for IP 10.30.4.91: no connection to modbus server
[2025-03-01T03:05:44.341Z] Error writing to Modbus register: no connection to modbus server
[2025-03-01T03:05:44.340Z] Error reading actual data: no connection to modbus server
[2025-03-01T03:05:45.342Z] Error reading register 3105 for IP 10.30.4.91: no connection to modbus server
[2025-03-01T03:05:45.342Z] ❌ Error reading register 1000 for IP 10.30.4.91: no connection to modbus server
[2025-03-01T03:05:45.342Z] Error writing to Modbus register: no connection to modbus server
[2025-03-01T03:05:45.342Z] Error reading actual data: no connection to modbus server
[2025-03-01T03:05:46.347Z] ❌ Error reading register 1000 for IP 10.30.4.91: no connection to modbus server
[2025-03-01T03:05:46.347Z] Error reading actual data: no connection to modbus server
[2025-03-01T03:05:46.346Z] Error reading register 3105 for IP 10.30.4.91: no connection to modbus server
[2025-03-01T03:05:46.347Z] Error writing to Modbus register: no connection to modbus server
[2025-03-01T03:05:47.356Z] Error reading register 3105 for IP 10.30.4.91: no connection to modbus server
[2025-03-01T03:05:47.356Z] ❌ Error reading register 1000 for IP 10.30.4.91: no connection to modbus server
[2025-03-01T03:05:47.356Z] Error writing to Modbus register: no connection to modbus server
[2025-03-01T03:05:47.356Z] Error reading actual data: no connection to modbus server
[2025-03-01T03:05:48.375Z] Error reading register 3105 for IP 10.30.4.91: no connection to modbus server
[2025-03-01T03:05:48.376Z] Error reading actual data: no connection to modbus server
[2025-03-01T03:05:48.375Z] ❌ Error reading register 1000 for IP 10.30.4.91: no connection to modbus server
[2025-03-01T03:05:48.376Z] Error writing to Modbus register: no connection to modbus server
[2025-03-01T03:05:49.376Z] Error reading register 3105 for IP 10.30.4.91: no connection to modbus server
[2025-03-01T03:05:49.376Z] ❌ Error reading register 1000 for IP 10.30.4.91: no connection to modbus server
[2025-03-01T03:05:49.376Z] Error reading actual data: no connection to modbus server
[2025-03-01T03:05:49.377Z] Error writing to Modbus register: no connection to modbus server
[2025-03-01T03:05:50.389Z] Error reading register 3105 for IP 10.30.4.91: no connection to modbus server
[2025-03-01T03:05:50.389Z] ❌ Error reading register 1000 for IP 10.30.4.91: no connection to modbus server
[2025-03-01T03:05:50.390Z] Error reading actual data: no connection to modbus server
[2025-03-01T03:05:50.390Z] Error writing to Modbus register: no connection to modbus server
[2025-03-01T03:05:51.391Z] Error reading register 3105 for IP 10.30.4.91: no connection to modbus server
[2025-03-01T03:05:51.391Z] ❌ Error reading register 1000 for IP 10.30.4.91: no connection to modbus server
[2025-03-01T03:05:51.392Z] Error reading actual data: no connection to modbus server
[2025-03-01T03:05:51.394Z] Error writing to Modbus register: no connection to modbus server
[2025-03-01T03:05:52.392Z] Error reading register 3105 for IP 10.30.4.91: no connection to modbus server
[2025-03-01T03:05:52.393Z] ❌ Error reading register 1000 for IP 10.30.4.91: no connection to modbus server
[2025-03-01T03:05:52.393Z] Error reading actual data: no connection to modbus server
[2025-03-01T03:05:52.395Z] Error writing to Modbus register: no connection to modbus server
[2025-03-01T03:05:53.394Z] Error reading register 3105 for IP 10.30.4.91: no connection to modbus server
[2025-03-01T03:05:53.394Z] ❌ Error reading register 1000 for IP 10.30.4.91: no connection to modbus server
[2025-03-01T03:05:53.395Z] Error reading actual data: no connection to modbus server
[2025-03-01T03:05:53.397Z] Error writing to Modbus register: no connection to modbus server
[2025-03-01T03:05:54.393Z] Error reading register 3105 for IP 10.30.4.91: no connection to modbus server
[2025-03-01T03:05:54.393Z] ❌ Error reading register 1000 for IP 10.30.4.91: no connection to modbus server
[2025-03-01T03:05:54.394Z] Error reading actual data: no connection to modbus server
[2025-03-01T03:05:54.397Z] Error writing to Modbus register: no connection to modbus server
[2025-03-01T03:05:55.394Z] Error reading register 3105 for IP 10.30.4.91: no connection to modbus server
[2025-03-01T03:05:55.394Z] ❌ Error reading register 1000 for IP 10.30.4.91: no connection to modbus server
[2025-03-01T03:05:55.394Z] Error reading actual data: no connection to modbus server
[2025-03-01T03:05:55.398Z] Error writing to Modbus register: no connection to modbus server
[2025-03-01T03:05:56.406Z] Error reading register 3105 for IP 10.30.4.91: no connection to modbus server
[2025-03-01T03:05:56.406Z] ❌ Error reading register 1000 for IP 10.30.4.91: no connection to modbus server
[2025-03-01T03:05:56.407Z] Error reading actual data: no connection to modbus server
[2025-03-01T03:05:56.408Z] Error writing to Modbus register: no connection to modbus server
[2025-03-01T03:05:57.408Z] Error reading register 3105 for IP 10.30.4.91: no connection to modbus server
[2025-03-01T03:05:57.409Z] Error reading actual data: no connection to modbus server
[2025-03-01T03:05:57.408Z] ❌ Error reading register 1000 for IP 10.30.4.91: no connection to modbus server
[2025-03-01T03:05:57.415Z] Error writing to Modbus register: no connection to modbus server
[2025-03-01T03:05:58.411Z] Error reading register 3105 for IP 10.30.4.91: no connection to modbus server
[2025-03-01T03:05:58.411Z] ❌ Error reading register 1000 for IP 10.30.4.91: no connection to modbus server
[2025-03-01T03:05:58.412Z] Error reading actual data: no connection to modbus server
[2025-03-01T03:05:58.417Z] Error writing to Modbus register: no connection to modbus server
[2025-03-01T03:05:59.425Z] Error reading register 3105 for IP 10.30.4.91: no connection to modbus server
[2025-03-01T03:05:59.426Z] ❌ Error reading register 1000 for IP 10.30.4.91: no connection to modbus server
[2025-03-01T03:05:59.426Z] Error reading actual data: no connection to modbus server
[2025-03-01T03:05:59.427Z] Error writing to Modbus register: no connection to modbus server
[2025-03-01T03:06:00.426Z] Error reading register 3105 for IP 10.30.4.91: no connection to modbus server
[2025-03-01T03:06:00.426Z] ❌ Error reading register 1000 for IP 10.30.4.91: no connection to modbus server
[2025-03-01T03:06:00.426Z] Error reading actual data: no connection to modbus server
[2025-03-01T03:06:00.429Z] Error writing to Modbus register: no connection to modbus server
[2025-03-01T03:06:01.439Z] Error reading register 3105 for IP 10.30.4.91: no connection to modbus server
[2025-03-01T03:06:01.439Z] ❌ Error reading register 1000 for IP 10.30.4.91: no connection to modbus server
[2025-03-01T03:06:01.439Z] Error reading actual data: no connection to modbus server
[2025-03-01T03:06:01.440Z] Error writing to Modbus register: no connection to modbus server
[2025-03-01T03:06:02.441Z] Error reading register 3105 for IP 10.30.4.91: no connection to modbus server
[2025-03-01T03:06:02.441Z] ❌ Error reading register 1000 for IP 10.30.4.91: no connection to modbus server
[2025-03-01T03:06:02.441Z] Error reading actual data: no connection to modbus server
[2025-03-01T03:06:02.441Z] Error writing to Modbus register: no connection to modbus server
[2025-03-01T03:06:03.442Z] Error reading register 3105 for IP 10.30.4.91: no connection to modbus server
[2025-03-01T03:06:03.443Z] Error reading actual data: no connection to modbus server
[2025-03-01T03:06:03.443Z] ❌ Error reading register 1000 for IP 10.30.4.91: no connection to modbus server
[2025-03-01T03:06:03.444Z] Error writing to Modbus register: no connection to modbus server
[2025-03-01T03:06:04.457Z] Error reading register 3105 for IP 10.30.4.91: no connection to modbus server
[2025-03-01T03:06:04.458Z] ❌ Error reading register 1000 for IP 10.30.4.91: no connection to modbus server
[2025-03-01T03:06:04.459Z] Error reading actual data: no connection to modbus server
[2025-03-01T03:06:04.460Z] Error writing to Modbus register: no connection to modbus server
[2025-03-01T03:06:05.445Z] Error reading register 3105 for IP 10.30.4.91: no connection to modbus server
[2025-03-01T03:06:05.446Z] ❌ Error reading register 1000 for IP 10.30.4.91: no connection to modbus server
[2025-03-01T03:06:05.446Z] Error reading actual data: no connection to modbus server
[2025-03-01T03:06:05.448Z] Error writing to Modbus register: no connection to modbus server
[2025-03-01T03:06:06.446Z] Error reading register 3105 for IP 10.30.4.91: no connection to modbus server
[2025-03-01T03:06:06.446Z] ❌ Error reading register 1000 for IP 10.30.4.91: no connection to modbus server
[2025-03-01T03:06:06.447Z] Error reading actual data: no connection to modbus server
[2025-03-01T03:06:06.449Z] Error writing to Modbus register: no connection to modbus server
[2025-03-01T03:06:07.453Z] Error reading register 3105 for IP 10.30.4.91: no connection to modbus server
[2025-03-01T03:06:07.453Z] ❌ Error reading register 1000 for IP 10.30.4.91: no connection to modbus server
[2025-03-01T03:06:07.453Z] Error reading actual data: no connection to modbus server
[2025-03-01T03:06:07.454Z] Error writing to Modbus register: no connection to modbus server
[2025-03-01T03:06:08.453Z] Error reading register 3105 for IP 10.30.4.91: no connection to modbus server
[2025-03-01T03:06:08.453Z] ❌ Error reading register 1000 for IP 10.30.4.91: no connection to modbus server
[2025-03-01T03:06:08.454Z] Error writing to Modbus register: no connection to modbus server
[2025-03-01T03:06:08.454Z] Error reading actual data: no connection to modbus server
[2025-03-01T03:06:09.461Z] Error reading register 3105 for IP 10.30.4.91: no connection to modbus server
[2025-03-01T03:06:09.462Z] Error reading actual data: no connection to modbus server
[2025-03-01T03:06:09.462Z] ❌ Error reading register 1000 for IP 10.30.4.91: no connection to modbus server
[2025-03-01T03:06:09.463Z] Error writing to Modbus register: no connection to modbus server
[2025-03-01T03:06:10.478Z] Error reading register 3105 for IP 10.30.4.91: no connection to modbus server
[2025-03-01T03:06:10.479Z] ❌ Error reading register 1000 for IP 10.30.4.91: no connection to modbus server
[2025-03-01T03:06:10.479Z] Error reading actual data: no connection to modbus server
[2025-03-01T03:06:10.480Z] Error writing to Modbus register: no connection to modbus server
[2025-03-01T03:06:11.495Z] Error reading register 3105 for IP 10.30.4.91: no connection to modbus server
[2025-03-01T03:06:11.496Z] ❌ Error reading register 1000 for IP 10.30.4.91: no connection to modbus server
[2025-03-01T03:06:11.497Z] Error writing to Modbus register: no connection to modbus server
[2025-03-01T03:06:11.496Z] Error reading actual data: no connection to modbus server
[2025-03-01T03:06:12.493Z] Error reading register 3105 for IP 10.30.4.91: no connection to modbus server
[2025-03-01T03:06:12.493Z] ❌ Error reading register 1000 for IP 10.30.4.91: no connection to modbus server
[2025-03-01T03:06:12.493Z] Error reading actual data: no connection to modbus server
[2025-03-01T03:06:12.497Z] Error writing to Modbus register: no connection to modbus server
[2025-03-01T03:06:13.511Z] Error reading register 3105 for IP 10.30.4.91: no connection to modbus server
[2025-03-01T03:06:13.512Z] ❌ Error reading register 1000 for IP 10.30.4.91: no connection to modbus server
[2025-03-01T03:06:13.513Z] Error reading actual data: no connection to modbus server
[2025-03-01T03:06:13.513Z] Error writing to Modbus register: no connection to modbus server
[2025-03-01T03:06:14.517Z] Error reading register 3105 for IP 10.30.4.91: no connection to modbus server
[2025-03-01T03:06:14.517Z] ❌ Error reading register 1000 for IP 10.30.4.91: no connection to modbus server
[2025-03-01T03:06:14.517Z] Error reading actual data: no connection to modbus server
[2025-03-01T03:06:14.518Z] Error writing to Modbus register: no connection to modbus server
[2025-03-01T03:06:15.527Z] Error reading register 3105 for IP 10.30.4.91: no connection to modbus server
[2025-03-01T03:06:15.528Z] ❌ Error reading register 1000 for IP 10.30.4.91: no connection to modbus server
[2025-03-01T03:06:15.529Z] Error writing to Modbus register: no connection to modbus server
[2025-03-01T03:06:15.528Z] Error reading actual data: no connection to modbus server
[2025-03-01T03:06:16.528Z] Error reading register 3105 for IP 10.30.4.91: no connection to modbus server
[2025-03-01T03:06:16.529Z] Error reading actual data: no connection to modbus server
[2025-03-01T03:06:16.528Z] ❌ Error reading register 1000 for IP 10.30.4.91: no connection to modbus server
[2025-03-01T03:06:16.534Z] Error writing to Modbus register: no connection to modbus server
[2025-03-01T03:06:17.528Z] Error reading register 3105 for IP 10.30.4.91: no connection to modbus server
[2025-03-01T03:06:17.529Z] ❌ Error reading register 1000 for IP 10.30.4.91: no connection to modbus server
[2025-03-01T03:06:17.529Z] Error reading actual data: no connection to modbus server
[2025-03-01T03:06:17.533Z] Error writing to Modbus register: no connection to modbus server
[2025-03-01T03:06:18.528Z] Error reading register 3105 for IP 10.30.4.91: no connection to modbus server
[2025-03-01T03:06:18.528Z] ❌ Error reading register 1000 for IP 10.30.4.91: no connection to modbus server
[2025-03-01T03:06:18.529Z] Error reading actual data: no connection to modbus server
[2025-03-01T03:06:18.538Z] Error writing to Modbus register: no connection to modbus server
[2025-03-01T03:06:19.543Z] Error reading register 3105 for IP 10.30.4.91: no connection to modbus server
[2025-03-01T03:06:19.544Z] ❌ Error reading register 1000 for IP 10.30.4.91: no connection to modbus server
[2025-03-01T03:06:19.545Z] Error reading actual data: no connection to modbus server
[2025-03-01T03:06:19.546Z] Error writing to Modbus register: no connection to modbus server
[2025-03-01T03:06:20.546Z] Error reading register 3105 for IP 10.30.4.91: no connection to modbus server
[2025-03-01T03:06:20.546Z] ❌ Error reading register 1000 for IP 10.30.4.91: no connection to modbus server
[2025-03-01T03:06:20.547Z] Error reading actual data: no connection to modbus server
[2025-03-01T03:06:20.552Z] Error writing to Modbus register: no connection to modbus server
[2025-03-01T03:06:21.557Z] Error reading register 3105 for IP 10.30.4.91: no connection to modbus server
[2025-03-01T03:06:21.557Z] ❌ Error reading register 1000 for IP 10.30.4.91: no connection to modbus server
[2025-03-01T03:06:21.558Z] Error reading actual data: no connection to modbus server
[2025-03-01T03:06:21.558Z] Error writing to Modbus register: no connection to modbus server
[2025-03-01T03:06:22.559Z] Error reading register 3105 for IP 10.30.4.91: no connection to modbus server
[2025-03-01T03:06:22.559Z] ❌ Error reading register 1000 for IP 10.30.4.91: no connection to modbus server
[2025-03-01T03:06:22.559Z] Error reading actual data: no connection to modbus server
[2025-03-01T03:06:22.560Z] Error writing to Modbus register: no connection to modbus server
[2025-03-01T03:06:23.561Z] Error reading register 3105 for IP 10.30.4.91: no connection to modbus server
[2025-03-01T03:06:23.562Z] ❌ Error reading register 1000 for IP 10.30.4.91: no connection to modbus server
[2025-03-01T03:06:23.562Z] Error reading actual data: no connection to modbus server
[2025-03-01T03:06:23.564Z] Error writing to Modbus register: no connection to modbus server
[2025-03-01T03:06:24.561Z] Error reading register 3105 for IP 10.30.4.91: no connection to modbus server
[2025-03-01T03:06:24.562Z] ❌ Error reading register 1000 for IP 10.30.4.91: no connection to modbus server
[2025-03-01T03:06:24.562Z] Error reading actual data: no connection to modbus server
[2025-03-01T03:06:24.564Z] Error writing to Modbus register: no connection to modbus server
[2025-03-01T03:06:25.574Z] Error reading register 3105 for IP 10.30.4.91: no connection to modbus server
[2025-03-01T03:06:25.574Z] ❌ Error reading register 1000 for IP 10.30.4.91: no connection to modbus server
[2025-03-01T03:06:25.575Z] Error reading actual data: no connection to modbus server
[2025-03-01T03:06:25.575Z] Error writing to Modbus register: no connection to modbus server
[2025-03-01T03:06:26.578Z] Error reading register 3105 for IP 10.30.4.91: no connection to modbus server
[2025-03-01T03:06:26.578Z] ❌ Error reading register 1000 for IP 10.30.4.91: no connection to modbus server
[2025-03-01T03:06:26.579Z] Error reading actual data: no connection to modbus server
[2025-03-01T03:06:26.580Z] Error writing to Modbus register: no connection to modbus server
[2025-03-01T03:06:27.578Z] Error reading register 3105 for IP 10.30.4.91: no connection to modbus server
[2025-03-01T03:06:27.578Z] ❌ Error reading register 1000 for IP 10.30.4.91: no connection to modbus server
[2025-03-01T03:06:27.579Z] Error reading actual data: no connection to modbus server
[2025-03-01T03:06:27.581Z] Error writing to Modbus register: no connection to modbus server
[2025-03-01T03:06:28.579Z] Error reading register 3105 for IP 10.30.4.91: no connection to modbus server
[2025-03-01T03:06:28.579Z] ❌ Error reading register 1000 for IP 10.30.4.91: no connection to modbus server
[2025-03-01T03:06:28.580Z] Error reading actual data: no connection to modbus server
[2025-03-01T03:06:28.582Z] Error writing to Modbus register: no connection to modbus server
[2025-03-01T03:06:29.579Z] Error reading register 3105 for IP 10.30.4.91: no connection to modbus server
[2025-03-01T03:06:29.579Z] ❌ Error reading register 1000 for IP 10.30.4.91: no connection to modbus server
[2025-03-01T03:06:29.579Z] Error reading actual data: no connection to modbus server
[2025-03-01T03:06:29.583Z] Error writing to Modbus register: no connection to modbus server
[2025-03-01T03:06:30.585Z] Error reading register 3105 for IP 10.30.4.91: no connection to modbus server
[2025-03-01T03:06:30.585Z] ❌ Error reading register 1000 for IP 10.30.4.91: no connection to modbus server
[2025-03-01T03:06:30.586Z] Error writing to Modbus register: no connection to modbus server
[2025-03-01T03:06:30.586Z] Error reading actual data: no connection to modbus server
[2025-03-01T03:06:31.595Z] Error reading register 3105 for IP 10.30.4.91: no connection to modbus server
[2025-03-01T03:06:31.595Z] ❌ Error reading register 1000 for IP 10.30.4.91: no connection to modbus server
[2025-03-01T03:06:31.595Z] Error reading actual data: no connection to modbus server
[2025-03-01T03:06:31.595Z] Error writing to Modbus register: no connection to modbus server
[2025-03-01T03:06:32.601Z] Error reading register 3105 for IP 10.30.4.91: no connection to modbus server
[2025-03-01T03:06:32.601Z] ❌ Error reading register 1000 for IP 10.30.4.91: no connection to modbus server
[2025-03-01T03:06:32.601Z] Error writing to Modbus register: no connection to modbus server
[2025-03-01T03:06:32.601Z] Error reading actual data: no connection to modbus server
[2025-03-01T03:06:33.601Z] Error reading register 3105 for IP 10.30.4.91: no connection to modbus server
[2025-03-01T03:06:33.601Z] ❌ Error reading register 1000 for IP 10.30.4.91: no connection to modbus server
[2025-03-01T03:06:33.601Z] Error reading actual data: no connection to modbus server
[2025-03-01T03:06:33.602Z] Error writing to Modbus register: no connection to modbus server
[2025-03-01T03:06:34.611Z] Error reading register 3105 for IP 10.30.4.91: no connection to modbus server
[2025-03-01T03:06:34.612Z] ❌ Error reading register 1000 for IP 10.30.4.91: no connection to modbus server
[2025-03-01T03:06:34.613Z] Error writing to Modbus register: no connection to modbus server
[2025-03-01T03:06:34.612Z] Error reading actual data: no connection to modbus server
[2025-03-01T03:06:35.626Z] ❌ Error reading register 1000 for IP 10.30.4.91: no connection to modbus server
[2025-03-01T03:06:35.627Z] Error reading actual data: no connection to modbus server
[2025-03-01T03:06:35.628Z] Error writing to Modbus register: no connection to modbus server
[2025-03-01T03:06:35.626Z] Error reading register 3105 for IP 10.30.4.91: no connection to modbus server
[2025-03-01T03:06:36.627Z] Error reading register 3105 for IP 10.30.4.91: no connection to modbus server
[2025-03-01T03:06:36.628Z] Error reading actual data: no connection to modbus server
[2025-03-01T03:06:36.628Z] ❌ Error reading register 1000 for IP 10.30.4.91: no connection to modbus server
[2025-03-01T03:06:36.631Z] Error writing to Modbus register: no connection to modbus server
[2025-03-01T03:06:37.628Z] ❌ Error reading register 1000 for IP 10.30.4.91: no connection to modbus server
[2025-03-01T03:06:37.628Z] Error reading register 3105 for IP 10.30.4.91: no connection to modbus server
[2025-03-01T03:06:37.628Z] Error reading actual data: no connection to modbus server
[2025-03-01T03:06:37.631Z] Error writing to Modbus register: no connection to modbus server
[2025-03-01T03:06:38.645Z] Error reading register 3105 for IP 10.30.4.91: no connection to modbus server
[2025-03-01T03:06:38.646Z] Error reading actual data: no connection to modbus server
[2025-03-01T03:06:38.645Z] ❌ Error reading register 1000 for IP 10.30.4.91: no connection to modbus server
[2025-03-01T03:06:38.647Z] Error writing to Modbus register: no connection to modbus server
[2025-03-01T03:06:39.652Z] Error reading register 3105 for IP 10.30.4.91: no connection to modbus server
[2025-03-01T03:06:39.653Z] ❌ Error reading register 1000 for IP 10.30.4.91: no connection to modbus server
[2025-03-01T03:06:39.653Z] Error reading actual data: no connection to modbus server
[2025-03-01T03:06:39.654Z] Error writing to Modbus register: no connection to modbus server
[2025-03-01T03:06:40.662Z] Error reading register 3105 for IP 10.30.4.91: no connection to modbus server
[2025-03-01T03:06:40.663Z] ❌ Error reading register 1000 for IP 10.30.4.91: no connection to modbus server
[2025-03-01T03:06:40.663Z] Error reading actual data: no connection to modbus server
[2025-03-01T03:06:40.664Z] Error writing to Modbus register: no connection to modbus server
[2025-03-01T03:06:41.677Z] Error reading register 3105 for IP 10.30.4.91: no connection to modbus server
[2025-03-01T03:06:41.678Z] Error reading actual data: no connection to modbus server
[2025-03-01T03:06:41.677Z] ❌ Error reading register 1000 for IP 10.30.4.91: no connection to modbus server
[2025-03-01T03:06:41.679Z] Error writing to Modbus register: no connection to modbus server
[2025-03-01T03:06:42.677Z] Error reading register 3105 for IP 10.30.4.91: no connection to modbus server
[2025-03-01T03:06:42.677Z] ❌ Error reading register 1000 for IP 10.30.4.91: no connection to modbus server
[2025-03-01T03:06:42.677Z] Error reading actual data: no connection to modbus server
[2025-03-01T03:06:42.678Z] Error writing to Modbus register: no connection to modbus server
[2025-03-01T03:06:43.677Z] Error reading register 3105 for IP 10.30.4.91: no connection to modbus server
[2025-03-01T03:06:43.677Z] Error reading actual data: no connection to modbus server
[2025-03-01T03:06:43.677Z] ❌ Error reading register 1000 for IP 10.30.4.91: no connection to modbus server
[2025-03-01T03:06:43.678Z] Error writing to Modbus register: no connection to modbus server
[2025-03-01T03:06:44.679Z] Error reading register 3105 for IP 10.30.4.91: no connection to modbus server
[2025-03-01T03:06:44.679Z] ❌ Error reading register 1000 for IP 10.30.4.91: no connection to modbus server
[2025-03-01T03:06:44.680Z] Error reading actual data: no connection to modbus server
[2025-03-01T03:06:44.681Z] Error writing to Modbus register: no connection to modbus server
[2025-03-01T03:06:45.685Z] Error reading register 3105 for IP 10.30.4.91: no connection to modbus server
[2025-03-01T03:06:45.685Z] ❌ Error reading register 1000 for IP 10.30.4.91: no connection to modbus server
[2025-03-01T03:06:45.685Z] Error reading actual data: no connection to modbus server
[2025-03-01T03:06:45.686Z] Error writing to Modbus register: no connection to modbus server
[2025-03-01T03:06:46.694Z] Error reading register 3105 for IP 10.30.4.91: no connection to modbus server
[2025-03-01T03:06:46.694Z] ❌ Error reading register 1000 for IP 10.30.4.91: no connection to modbus server
[2025-03-01T03:06:46.696Z] Error writing to Modbus register: no connection to modbus server
[2025-03-01T03:06:46.695Z] Error reading actual data: no connection to modbus server
[2025-03-01T03:06:47.693Z] Error reading register 3105 for IP 10.30.4.91: no connection to modbus server
[2025-03-01T03:06:47.693Z] ❌ Error reading register 1000 for IP 10.30.4.91: no connection to modbus server
[2025-03-01T03:06:47.693Z] Error reading actual data: no connection to modbus server
[2025-03-01T03:06:47.697Z] Error writing to Modbus register: no connection to modbus server
[2025-03-01T03:06:48.703Z] Error reading register 3105 for IP 10.30.4.91: no connection to modbus server
[2025-03-01T03:06:48.703Z] ❌ Error reading register 1000 for IP 10.30.4.91: no connection to modbus server
[2025-03-01T03:06:48.705Z] Error writing to Modbus register: no connection to modbus server
[2025-03-01T03:06:48.704Z] Error reading actual data: no connection to modbus server
[2025-03-01T03:06:49.711Z] Error reading register 3105 for IP 10.30.4.91: no connection to modbus server
[2025-03-01T03:06:49.711Z] ❌ Error reading register 1000 for IP 10.30.4.91: no connection to modbus server
[2025-03-01T03:06:49.712Z] Error reading actual data: no connection to modbus server
[2025-03-01T03:06:49.713Z] Error writing to Modbus register: no connection to modbus server
[2025-03-01T03:06:50.711Z] Error reading register 3105 for IP 10.30.4.91: no connection to modbus server
[2025-03-01T03:06:50.711Z] ❌ Error reading register 1000 for IP 10.30.4.91: no connection to modbus server
[2025-03-01T03:06:50.711Z] Error reading actual data: no connection to modbus server
[2025-03-01T03:06:50.712Z] Error writing to Modbus register: no connection to modbus server
[2025-03-01T03:06:51.725Z] Error reading register 3105 for IP 10.30.4.91: no connection to modbus server
[2025-03-01T03:06:51.725Z] ❌ Error reading register 1000 for IP 10.30.4.91: no connection to modbus server
[2025-03-01T03:06:51.725Z] Error reading actual data: no connection to modbus server
[2025-03-01T03:06:51.725Z] Error writing to Modbus register: no connection to modbus server
[2025-03-01T03:06:52.727Z] Error reading register 3105 for IP 10.30.4.91: no connection to modbus server
[2025-03-01T03:06:52.727Z] ❌ Error reading register 1000 for IP 10.30.4.91: no connection to modbus server
[2025-03-01T03:06:52.728Z] Error reading actual data: no connection to modbus server
[2025-03-01T03:06:52.728Z] Error writing to Modbus register: no connection to modbus server
[2025-03-01T03:06:53.729Z] Error reading register 3105 for IP 10.30.4.91: no connection to modbus server
[2025-03-01T03:06:53.729Z] ❌ Error reading register 1000 for IP 10.30.4.91: no connection to modbus server
[2025-03-01T03:06:53.730Z] Error reading actual data: no connection to modbus server
[2025-03-01T03:06:53.732Z] Error writing to Modbus register: no connection to modbus server
[2025-03-01T03:06:54.729Z] Error reading register 3105 for IP 10.30.4.91: no connection to modbus server
[2025-03-01T03:06:54.730Z] ❌ Error reading register 1000 for IP 10.30.4.91: no connection to modbus server
[2025-03-01T03:06:54.730Z] Error reading actual data: no connection to modbus server
[2025-03-01T03:06:54.733Z] Error writing to Modbus register: no connection to modbus server
[2025-03-01T03:06:55.730Z] Error reading register 3105 for IP 10.30.4.91: no connection to modbus server
[2025-03-01T03:06:55.730Z] ❌ Error reading register 1000 for IP 10.30.4.91: no connection to modbus server
[2025-03-01T03:06:55.730Z] Error reading actual data: no connection to modbus server
[2025-03-01T03:06:55.734Z] Error writing to Modbus register: no connection to modbus server
[2025-03-01T03:06:56.743Z] Error reading register 3105 for IP 10.30.4.91: no connection to modbus server
[2025-03-01T03:06:56.744Z] Error reading actual data: no connection to modbus server
[2025-03-01T03:06:56.744Z] ❌ Error reading register 1000 for IP 10.30.4.91: no connection to modbus server
[2025-03-01T03:06:56.745Z] Error writing to Modbus register: no connection to modbus server
[2025-03-01T03:06:57.756Z] Error reading register 3105 for IP 10.30.4.91: no connection to modbus server
[2025-03-01T03:06:57.756Z] ❌ Error reading register 1000 for IP 10.30.4.91: no connection to modbus server
[2025-03-01T03:06:57.756Z] Error reading actual data: no connection to modbus server
[2025-03-01T03:06:57.757Z] Error writing to Modbus register: no connection to modbus server
[2025-03-01T03:06:58.759Z] Error reading register 3105 for IP 10.30.4.91: no connection to modbus server
[2025-03-01T03:06:58.759Z] ❌ Error reading register 1000 for IP 10.30.4.91: no connection to modbus server
[2025-03-01T03:06:58.759Z] Error reading actual data: no connection to modbus server
[2025-03-01T03:06:58.759Z] Error writing to Modbus register: no connection to modbus server
[2025-03-01T03:06:59.763Z] Error reading register 3105 for IP 10.30.4.91: no connection to modbus server
[2025-03-01T03:06:59.764Z] ❌ Error reading register 1000 for IP 10.30.4.91: no connection to modbus server
[2025-03-01T03:06:59.764Z] Error reading actual data: no connection to modbus server
[2025-03-01T03:06:59.764Z] Error writing to Modbus register: no connection to modbus server
[2025-03-01T03:07:00.777Z] Error reading register 3105 for IP 10.30.4.91: no connection to modbus server
[2025-03-01T03:07:00.777Z] ❌ Error reading register 1000 for IP 10.30.4.91: no connection to modbus server
[2025-03-01T03:07:00.778Z] Error reading actual data: no connection to modbus server
[2025-03-01T03:07:00.779Z] Error writing to Modbus register: no connection to modbus server
[2025-03-01T03:07:01.777Z] Error reading register 3105 for IP 10.30.4.91: no connection to modbus server
[2025-03-01T03:07:01.778Z] ❌ Error reading register 1000 for IP 10.30.4.91: no connection to modbus server
[2025-03-01T03:07:01.778Z] Error reading actual data: no connection to modbus server
[2025-03-01T03:07:01.780Z] Error writing to Modbus register: no connection to modbus server
[2025-03-01T03:07:02.792Z] Error reading register 3105 for IP 10.30.4.91: no connection to modbus server
[2025-03-01T03:07:02.793Z] Error reading actual data: no connection to modbus server
[2025-03-01T03:07:02.793Z] ❌ Error reading register 1000 for IP 10.30.4.91: no connection to modbus server
[2025-03-01T03:07:02.793Z] Error writing to Modbus register: no connection to modbus server
[2025-03-01T03:07:03.807Z] Error reading register 3105 for IP 10.30.4.91: no connection to modbus server
[2025-03-01T03:07:03.807Z] ❌ Error reading register 1000 for IP 10.30.4.91: no connection to modbus server
[2025-03-01T03:07:03.807Z] Error reading actual data: no connection to modbus server
[2025-03-01T03:07:03.808Z] Error writing to Modbus register: no connection to modbus server
[2025-03-01T03:07:04.811Z] Error reading register 3105 for IP 10.30.4.91: no connection to modbus server
[2025-03-01T03:07:04.812Z] ❌ Error reading register 1000 for IP 10.30.4.91: no connection to modbus server
[2025-03-01T03:07:04.812Z] Error reading actual data: no connection to modbus server
[2025-03-01T03:07:04.813Z] Error writing to Modbus register: no connection to modbus server
[2025-03-01T03:07:05.832Z] Error reading register 3105 for IP 10.30.4.91: no connection to modbus server
[2025-03-01T03:07:05.832Z] ❌ Error reading register 1000 for IP 10.30.4.91: no connection to modbus server
[2025-03-01T03:07:05.832Z] Error reading actual data: no connection to modbus server
[2025-03-01T03:07:05.833Z] Error writing to Modbus register: no connection to modbus server
[2025-03-01T03:07:06.843Z] Error reading register 3105 for IP 10.30.4.91: no connection to modbus server
[2025-03-01T03:07:06.843Z] ❌ Error reading register 1000 for IP 10.30.4.91: no connection to modbus server
[2025-03-01T03:07:06.843Z] Error reading actual data: no connection to modbus server
[2025-03-01T03:07:06.844Z] Error writing to Modbus register: no connection to modbus server
[2025-03-01T03:07:07.857Z] Error reading register 3105 for IP 10.30.4.91: no connection to modbus server
[2025-03-01T03:07:07.857Z] ❌ Error reading register 1000 for IP 10.30.4.91: no connection to modbus server
[2025-03-01T03:07:07.857Z] Error reading actual data: no connection to modbus server
[2025-03-01T03:07:07.857Z] Error writing to Modbus register: no connection to modbus server
[2025-03-01T03:07:08.862Z] Error reading register 3105 for IP 10.30.4.91: no connection to modbus server
[2025-03-01T03:07:08.862Z] ❌ Error reading register 1000 for IP 10.30.4.91: no connection to modbus server
[2025-03-01T03:07:08.862Z] Error reading actual data: no connection to modbus server
[2025-03-01T03:07:08.862Z] Error writing to Modbus register: no connection to modbus server
[2025-03-01T03:07:09.866Z] Error reading register 3105 for IP 10.30.4.91: no connection to modbus server
[2025-03-01T03:07:09.867Z] ❌ Error reading register 1000 for IP 10.30.4.91: no connection to modbus server
[2025-03-01T03:07:09.868Z] Error writing to Modbus register: no connection to modbus server
[2025-03-01T03:07:09.867Z] Error reading actual data: no connection to modbus server
[2025-03-01T03:07:10.882Z] Error reading register 3105 for IP 10.30.4.91: no connection to modbus server
[2025-03-01T03:07:10.883Z] ❌ Error reading register 1000 for IP 10.30.4.91: no connection to modbus server
[2025-03-01T03:07:10.884Z] Error writing to Modbus register: no connection to modbus server
[2025-03-01T03:07:10.883Z] Error reading actual data: no connection to modbus server
[2025-03-01T03:07:11.897Z] Error reading register 3105 for IP 10.30.4.91: no connection to modbus server
[2025-03-01T03:07:11.897Z] ❌ Error reading register 1000 for IP 10.30.4.91: no connection to modbus server
[2025-03-01T03:07:11.899Z] Error writing to Modbus register: no connection to modbus server
[2025-03-01T03:07:11.898Z] Error reading actual data: no connection to modbus server
[2025-03-01T03:07:12.896Z] Error reading register 3105 for IP 10.30.4.91: no connection to modbus server
[2025-03-01T03:07:12.896Z] ❌ Error reading register 1000 for IP 10.30.4.91: no connection to modbus server
[2025-03-01T03:07:12.896Z] Error reading actual data: no connection to modbus server
[2025-03-01T03:07:12.898Z] Error writing to Modbus register: no connection to modbus server
[2025-03-01T03:07:13.896Z] Error reading register 3105 for IP 10.30.4.91: no connection to modbus server
[2025-03-01T03:07:13.896Z] ❌ Error reading register 1000 for IP 10.30.4.91: no connection to modbus server
[2025-03-01T03:07:13.896Z] Error reading actual data: no connection to modbus server
[2025-03-01T03:07:13.898Z] Error writing to Modbus register: no connection to modbus server
[2025-03-01T03:07:14.903Z] Error reading register 3105 for IP 10.30.4.91: no connection to modbus server
[2025-03-01T03:07:14.904Z] ❌ Error reading register 1000 for IP 10.30.4.91: no connection to modbus server
[2025-03-01T03:07:14.904Z] Error reading actual data: no connection to modbus server
[2025-03-01T03:07:14.904Z] Error writing to Modbus register: no connection to modbus server
[2025-03-01T03:07:15.915Z] ❌ Error reading register 1000 for IP 10.30.4.91: no connection to modbus server
[2025-03-01T03:07:15.914Z] Error reading register 3105 for IP 10.30.4.91: no connection to modbus server
[2025-03-01T03:07:15.915Z] Error reading actual data: no connection to modbus server
[2025-03-01T03:07:15.915Z] Error writing to Modbus register: no connection to modbus server
[2025-03-01T03:07:16.916Z] Error reading register 3105 for IP 10.30.4.91: no connection to modbus server
[2025-03-01T03:07:16.917Z] ❌ Error reading register 1000 for IP 10.30.4.91: no connection to modbus server
[2025-03-01T03:07:16.917Z] Error reading actual data: no connection to modbus server
[2025-03-01T03:07:16.917Z] Error writing to Modbus register: no connection to modbus server
[2025-03-01T03:07:17.927Z] Error reading register 3105 for IP 10.30.4.91: no connection to modbus server
[2025-03-01T03:07:17.927Z] ❌ Error reading register 1000 for IP 10.30.4.91: no connection to modbus server
[2025-03-01T03:07:17.927Z] Error reading actual data: no connection to modbus server
[2025-03-01T03:07:17.928Z] Error writing to Modbus register: no connection to modbus server
[2025-03-01T03:07:18.931Z] Error reading register 3105 for IP 10.30.4.91: no connection to modbus server
[2025-03-01T03:07:18.931Z] ❌ Error reading register 1000 for IP 10.30.4.91: no connection to modbus server
[2025-03-01T03:07:18.932Z] Error reading actual data: no connection to modbus server
[2025-03-01T03:07:18.932Z] Error writing to Modbus register: no connection to modbus server
[2025-03-01T03:07:19.946Z] Error reading register 3105 for IP 10.30.4.91: no connection to modbus server
[2025-03-01T03:07:19.947Z] ❌ Error reading register 1000 for IP 10.30.4.91: no connection to modbus server
[2025-03-01T03:07:19.947Z] Error reading actual data: no connection to modbus server
[2025-03-01T03:07:19.948Z] Error writing to Modbus register: no connection to modbus server
[2025-03-01T03:07:20.954Z] Error reading register 3105 for IP 10.30.4.91: no connection to modbus server
[2025-03-01T03:07:20.955Z] ❌ Error reading register 1000 for IP 10.30.4.91: no connection to modbus server
[2025-03-01T03:07:20.955Z] Error reading actual data: no connection to modbus server
[2025-03-01T03:07:20.955Z] Error writing to Modbus register: no connection to modbus server
[2025-03-01T03:07:21.958Z] ❌ Error reading register 1000 for IP 10.30.4.91: no connection to modbus server
[2025-03-01T03:07:21.958Z] Error reading register 3105 for IP 10.30.4.91: no connection to modbus server
[2025-03-01T03:07:21.958Z] Error reading actual data: no connection to modbus server
[2025-03-01T03:07:21.958Z] Error writing to Modbus register: no connection to modbus server
[2025-03-01T03:07:22.967Z] Error reading register 3105 for IP 10.30.4.91: no connection to modbus server
[2025-03-01T03:07:22.967Z] ❌ Error reading register 1000 for IP 10.30.4.91: no connection to modbus server
[2025-03-01T03:07:22.968Z] Error reading actual data: no connection to modbus server
[2025-03-01T03:07:22.968Z] Error writing to Modbus register: no connection to modbus server
[2025-03-01T03:07:23.977Z] Error reading register 3105 for IP 10.30.4.91: no connection to modbus server
[2025-03-01T03:07:23.977Z] ❌ Error reading register 1000 for IP 10.30.4.91: no connection to modbus server
[2025-03-01T03:07:23.977Z] Error reading actual data: no connection to modbus server
[2025-03-01T03:07:23.977Z] Error writing to Modbus register: no connection to modbus server
[2025-03-01T03:07:24.985Z] Error reading register 3105 for IP 10.30.4.91: no connection to modbus server
[2025-03-01T03:07:24.985Z] ❌ Error reading register 1000 for IP 10.30.4.91: no connection to modbus server
[2025-03-01T03:07:24.985Z] Error reading actual data: no connection to modbus server
[2025-03-01T03:07:24.985Z] Error writing to Modbus register: no connection to modbus server
[2025-03-01T03:07:25.996Z] Error reading register 3105 for IP 10.30.4.91: no connection to modbus server
[2025-03-01T03:07:25.997Z] Error reading actual data: no connection to modbus server
[2025-03-01T03:07:25.996Z] ❌ Error reading register 1000 for IP 10.30.4.91: no connection to modbus server
[2025-03-01T03:07:25.998Z] Error writing to Modbus register: no connection to modbus server
[2025-03-01T03:07:26.996Z] Error reading register 3105 for IP 10.30.4.91: no connection to modbus server
[2025-03-01T03:07:26.997Z] ❌ Error reading register 1000 for IP 10.30.4.91: no connection to modbus server
[2025-03-01T03:07:26.997Z] Error reading actual data: no connection to modbus server
[2025-03-01T03:07:27.000Z] Error writing to Modbus register: no connection to modbus server
[2025-03-01T03:07:27.999Z] Error reading register 3105 for IP 10.30.4.91: no connection to modbus server
[2025-03-01T03:07:28.000Z] ❌ Error reading register 1000 for IP 10.30.4.91: no connection to modbus server
[2025-03-01T03:07:28.000Z] Error reading actual data: no connection to modbus server
[2025-03-01T03:07:28.006Z] Error writing to Modbus register: no connection to modbus server
[2025-03-01T03:07:29.000Z] Error reading register 3105 for IP 10.30.4.91: no connection to modbus server
[2025-03-01T03:07:29.001Z] ❌ Error reading register 1000 for IP 10.30.4.91: no connection to modbus server
[2025-03-01T03:07:29.001Z] Error reading actual data: no connection to modbus server
[2025-03-01T03:07:29.007Z] Error writing to Modbus register: no connection to modbus server
[2025-03-01T03:07:30.008Z] Error reading register 3105 for IP 10.30.4.91: no connection to modbus server
[2025-03-01T03:07:30.008Z] ❌ Error reading register 1000 for IP 10.30.4.91: no connection to modbus server
[2025-03-01T03:07:30.008Z] Error reading actual data: no connection to modbus server
[2025-03-01T03:07:30.009Z] Error writing to Modbus register: no connection to modbus server
[2025-03-01T03:07:31.015Z] Error reading register 3105 for IP 10.30.4.91: no connection to modbus server
[2025-03-01T03:07:31.015Z] ❌ Error reading register 1000 for IP 10.30.4.91: no connection to modbus server
[2025-03-01T03:07:31.016Z] Error reading actual data: no connection to modbus server
[2025-03-01T03:07:31.017Z] Error writing to Modbus register: no connection to modbus server
[2025-03-01T03:07:32.029Z] Error reading register 3105 for IP 10.30.4.91: no connection to modbus server
[2025-03-01T03:07:32.029Z] Error reading actual data: no connection to modbus server
[2025-03-01T03:07:32.029Z] ❌ Error reading register 1000 for IP 10.30.4.91: no connection to modbus server
[2025-03-01T03:07:32.030Z] Error writing to Modbus register: no connection to modbus server
[2025-03-01T03:07:33.037Z] Error reading register 3105 for IP 10.30.4.91: no connection to modbus server
[2025-03-01T03:07:33.037Z] ❌ Error reading register 1000 for IP 10.30.4.91: no connection to modbus server
[2025-03-01T03:07:33.038Z] Error reading actual data: no connection to modbus server
[2025-03-01T03:07:33.038Z] Error writing to Modbus register: no connection to modbus server
[2025-03-01T03:07:34.047Z] Error reading register 3105 for IP 10.30.4.91: no connection to modbus server
[2025-03-01T03:07:34.047Z] ❌ Error reading register 1000 for IP 10.30.4.91: no connection to modbus server
[2025-03-01T03:07:34.048Z] Error reading actual data: no connection to modbus server
[2025-03-01T03:07:34.048Z] Error writing to Modbus register: no connection to modbus server
[2025-03-01T03:07:35.062Z] ❌ Error reading register 1000 for IP 10.30.4.91: no connection to modbus server
[2025-03-01T03:07:35.062Z] Error reading register 3105 for IP 10.30.4.91: no connection to modbus server
[2025-03-01T03:07:35.062Z] Error reading actual data: no connection to modbus server
[2025-03-01T03:07:35.063Z] Error writing to Modbus register: no connection to modbus server
[2025-03-01T03:07:36.072Z] Error reading register 3105 for IP 10.30.4.91: no connection to modbus server
[2025-03-01T03:07:36.072Z] ❌ Error reading register 1000 for IP 10.30.4.91: no connection to modbus server
[2025-03-01T03:07:36.073Z] Error reading actual data: no connection to modbus server
[2025-03-01T03:07:36.074Z] Error writing to Modbus register: no connection to modbus server
[2025-03-01T03:07:37.076Z] Error reading register 3105 for IP 10.30.4.91: no connection to modbus server
[2025-03-01T03:07:37.076Z] ❌ Error reading register 1000 for IP 10.30.4.91: no connection to modbus server
[2025-03-01T03:07:37.077Z] Error reading actual data: no connection to modbus server
[2025-03-01T03:07:37.077Z] Error writing to Modbus register: no connection to modbus server
[2025-03-01T03:07:38.080Z] ❌ Error reading register 1000 for IP 10.30.4.91: no connection to modbus server
[2025-03-01T03:07:38.080Z] Error reading register 3105 for IP 10.30.4.91: no connection to modbus server
[2025-03-01T03:07:38.080Z] Error reading actual data: no connection to modbus server
[2025-03-01T03:07:38.081Z] Error writing to Modbus register: no connection to modbus server
[2025-03-01T03:07:39.084Z] Error reading register 3105 for IP 10.30.4.91: no connection to modbus server
[2025-03-01T03:07:39.084Z] ❌ Error reading register 1000 for IP 10.30.4.91: no connection to modbus server
[2025-03-01T03:07:39.086Z] Error writing to Modbus register: no connection to modbus server
[2025-03-01T03:07:39.085Z] Error reading actual data: no connection to modbus server
[2025-03-01T03:07:40.094Z] Error reading register 3105 for IP 10.30.4.91: no connection to modbus server
[2025-03-01T03:07:40.094Z] ❌ Error reading register 1000 for IP 10.30.4.91: no connection to modbus server
[2025-03-01T03:07:40.095Z] Error reading actual data: no connection to modbus server
[2025-03-01T03:07:40.095Z] Error writing to Modbus register: no connection to modbus server
[2025-03-01T03:07:41.099Z] Error reading register 3105 for IP 10.30.4.91: no connection to modbus server
[2025-03-01T03:07:41.099Z] ❌ Error reading register 1000 for IP 10.30.4.91: no connection to modbus server
[2025-03-01T03:07:41.099Z] Error reading actual data: no connection to modbus server
[2025-03-01T03:07:41.100Z] Error writing to Modbus register: no connection to modbus server
[2025-03-01T03:07:42.102Z] Error reading register 3105 for IP 10.30.4.91: no connection to modbus server
[2025-03-01T03:07:42.103Z] ❌ Error reading register 1000 for IP 10.30.4.91: no connection to modbus server
[2025-03-01T03:07:42.103Z] Error reading actual data: no connection to modbus server
[2025-03-01T03:07:42.103Z] Error writing to Modbus register: no connection to modbus server
[2025-03-01T03:07:43.113Z] Error reading register 3105 for IP 10.30.4.91: no connection to modbus server
[2025-03-01T03:07:43.114Z] ❌ Error reading register 1000 for IP 10.30.4.91: no connection to modbus server
[2025-03-01T03:07:43.117Z] Error writing to Modbus register: no connection to modbus server
[2025-03-01T03:07:43.115Z] Error reading actual data: no connection to modbus server
[2025-03-01T03:07:44.115Z] Error reading register 3105 for IP 10.30.4.91: no connection to modbus server
[2025-03-01T03:07:44.116Z] Error reading actual data: no connection to modbus server
[2025-03-01T03:07:44.115Z] ❌ Error reading register 1000 for IP 10.30.4.91: no connection to modbus server
[2025-03-01T03:07:44.116Z] Error writing to Modbus register: no connection to modbus server
[2025-03-01T03:07:45.120Z] Error reading register 3105 for IP 10.30.4.91: no connection to modbus server
[2025-03-01T03:07:45.120Z] ❌ Error reading register 1000 for IP 10.30.4.91: no connection to modbus server
[2025-03-01T03:07:45.120Z] Error reading actual data: no connection to modbus server
[2025-03-01T03:07:45.120Z] Error writing to Modbus register: no connection to modbus server
[2025-03-01T03:07:46.132Z] Error reading register 3105 for IP 10.30.4.91: no connection to modbus server
[2025-03-01T03:07:46.132Z] ❌ Error reading register 1000 for IP 10.30.4.91: no connection to modbus server
[2025-03-01T03:07:46.133Z] Error reading actual data: no connection to modbus server
[2025-03-01T03:07:46.133Z] Error writing to Modbus register: no connection to modbus server
[2025-03-01T03:07:47.135Z] Error reading register 3105 for IP 10.30.4.91: no connection to modbus server
[2025-03-01T03:07:47.136Z] ❌ Error reading register 1000 for IP 10.30.4.91: no connection to modbus server
[2025-03-01T03:07:47.136Z] Error reading actual data: no connection to modbus server
[2025-03-01T03:07:47.137Z] Error writing to Modbus register: no connection to modbus server
[2025-03-01T03:07:48.141Z] Error reading register 3105 for IP 10.30.4.91: no connection to modbus server
[2025-03-01T03:07:48.142Z] ❌ Error reading register 1000 for IP 10.30.4.91: no connection to modbus server
[2025-03-01T03:07:48.142Z] Error reading actual data: no connection to modbus server
[2025-03-01T03:07:48.142Z] Error writing to Modbus register: no connection to modbus server
[2025-03-01T03:07:49.149Z] Error reading register 3105 for IP 10.30.4.91: no connection to modbus server
[2025-03-01T03:07:49.150Z] Error reading actual data: no connection to modbus server
[2025-03-01T03:07:49.150Z] ❌ Error reading register 1000 for IP 10.30.4.91: no connection to modbus server
[2025-03-01T03:07:49.151Z] Error writing to Modbus register: no connection to modbus server
[2025-03-01T03:07:50.161Z] Error reading register 3105 for IP 10.30.4.91: no connection to modbus server
[2025-03-01T03:07:50.161Z] ❌ Error reading register 1000 for IP 10.30.4.91: no connection to modbus server
[2025-03-01T03:07:50.161Z] Error reading actual data: no connection to modbus server
[2025-03-01T03:07:50.161Z] Error writing to Modbus register: no connection to modbus server
[2025-03-01T03:07:51.164Z] Error reading register 3105 for IP 10.30.4.91: no connection to modbus server
[2025-03-01T03:07:51.164Z] ❌ Error reading register 1000 for IP 10.30.4.91: no connection to modbus server
[2025-03-01T03:07:51.165Z] Error reading actual data: no connection to modbus server
[2025-03-01T03:07:51.165Z] Error writing to Modbus register: no connection to modbus server
[2025-03-01T03:07:52.163Z] ❌ Error reading register 1000 for IP 10.30.4.91: no connection to modbus server
[2025-03-01T03:07:52.163Z] Error reading register 3105 for IP 10.30.4.91: no connection to modbus server
[2025-03-01T03:07:52.163Z] Error reading actual data: no connection to modbus server
[2025-03-01T03:07:52.165Z] Error writing to Modbus register: no connection to modbus server
[2025-03-01T03:07:53.171Z] Error reading register 3105 for IP 10.30.4.91: no connection to modbus server
[2025-03-01T03:07:53.171Z] ❌ Error reading register 1000 for IP 10.30.4.91: no connection to modbus server
[2025-03-01T03:07:53.171Z] Error reading actual data: no connection to modbus server
[2025-03-01T03:07:53.171Z] Error writing to Modbus register: no connection to modbus server
[2025-03-01T03:07:54.175Z] Error reading register 3105 for IP 10.30.4.91: no connection to modbus server
[2025-03-01T03:07:54.175Z] ❌ Error reading register 1000 for IP 10.30.4.91: no connection to modbus server
[2025-03-01T03:07:54.175Z] Error writing to Modbus register: no connection to modbus server
[2025-03-01T03:07:54.175Z] Error reading actual data: no connection to modbus server
[2025-03-01T03:07:55.176Z] Error reading register 3105 for IP 10.30.4.91: no connection to modbus server
[2025-03-01T03:07:55.176Z] Error reading actual data: no connection to modbus server
[2025-03-01T03:07:55.176Z] ❌ Error reading register 1000 for IP 10.30.4.91: no connection to modbus server
[2025-03-01T03:07:55.177Z] Error writing to Modbus register: no connection to modbus server
[2025-03-01T03:07:56.180Z] Error reading register 3105 for IP 10.30.4.91: no connection to modbus server
[2025-03-01T03:07:56.181Z] ❌ Error reading register 1000 for IP 10.30.4.91: no connection to modbus server
[2025-03-01T03:07:56.181Z] Error reading actual data: no connection to modbus server
[2025-03-01T03:07:56.181Z] Error writing to Modbus register: no connection to modbus server
[2025-03-01T03:07:57.194Z] ❌ Error reading register 1000 for IP 10.30.4.91: no connection to modbus server
[2025-03-01T03:07:57.194Z] Error reading register 3105 for IP 10.30.4.91: no connection to modbus server
[2025-03-01T03:07:57.194Z] Error reading actual data: no connection to modbus server
[2025-03-01T03:07:57.194Z] Error writing to Modbus register: no connection to modbus server
[2025-03-01T03:07:58.195Z] Error reading register 3105 for IP 10.30.4.91: no connection to modbus server
[2025-03-01T03:07:58.195Z] ❌ Error reading register 1000 for IP 10.30.4.91: no connection to modbus server
[2025-03-01T03:07:58.195Z] Error reading actual data: no connection to modbus server
[2025-03-01T03:07:58.195Z] Error writing to Modbus register: no connection to modbus server
[2025-03-01T03:07:59.199Z] Error reading register 3105 for IP 10.30.4.91: no connection to modbus server
[2025-03-01T03:07:59.199Z] ❌ Error reading register 1000 for IP 10.30.4.91: no connection to modbus server
[2025-03-01T03:07:59.200Z] Error reading actual data: no connection to modbus server
[2025-03-01T03:07:59.200Z] Error writing to Modbus register: no connection to modbus server
[2025-03-01T03:08:00.212Z] Error reading register 3105 for IP 10.30.4.91: no connection to modbus server
[2025-03-01T03:08:00.212Z] ❌ Error reading register 1000 for IP 10.30.4.91: no connection to modbus server
[2025-03-01T03:08:00.212Z] Error reading actual data: no connection to modbus server
[2025-03-01T03:08:00.213Z] Error writing to Modbus register: no connection to modbus server
[2025-03-01T03:08:01.214Z] Error reading register 3105 for IP 10.30.4.91: no connection to modbus server
[2025-03-01T03:08:01.214Z] ❌ Error reading register 1000 for IP 10.30.4.91: no connection to modbus server
[2025-03-01T03:08:01.215Z] Error writing to Modbus register: no connection to modbus server
[2025-03-01T03:08:01.215Z] Error reading actual data: no connection to modbus server
[2025-03-01T03:08:02.216Z] Error reading register 3105 for IP 10.30.4.91: no connection to modbus server
[2025-03-01T03:08:02.216Z] ❌ Error reading register 1000 for IP 10.30.4.91: no connection to modbus server
[2025-03-01T03:08:02.216Z] Error reading actual data: no connection to modbus server
[2025-03-01T03:08:02.216Z] Error writing to Modbus register: no connection to modbus server
[2025-03-01T03:08:03.230Z] Error reading register 3105 for IP 10.30.4.91: no connection to modbus server
[2025-03-01T03:08:03.230Z] ❌ Error reading register 1000 for IP 10.30.4.91: no connection to modbus server
[2025-03-01T03:08:03.230Z] Error reading actual data: no connection to modbus server
[2025-03-01T03:08:03.231Z] Error writing to Modbus register: no connection to modbus server
[2025-03-01T03:08:04.246Z] Error reading register 3105 for IP 10.30.4.91: no connection to modbus server
[2025-03-01T03:08:04.246Z] ❌ Error reading register 1000 for IP 10.30.4.91: no connection to modbus server
[2025-03-01T03:08:04.247Z] Error reading actual data: no connection to modbus server
[2025-03-01T03:08:04.248Z] Error writing to Modbus register: no connection to modbus server
[2025-03-01T03:08:05.271Z] Error reading register 3105 for IP 10.30.4.91: no connection to modbus server
[2025-03-01T03:08:05.273Z] Error reading actual data: no connection to modbus server
[2025-03-01T03:08:05.273Z] Error writing to Modbus register: no connection to modbus server
[2025-03-01T03:08:05.272Z] ❌ Error reading register 1000 for IP 10.30.4.91: no connection to modbus server
[2025-03-01T03:08:06.285Z] ❌ Error reading register 1000 for IP 10.30.4.91: no connection to modbus server
[2025-03-01T03:08:06.285Z] Error reading register 3105 for IP 10.30.4.91: no connection to modbus server
[2025-03-01T03:08:06.286Z] Error reading actual data: no connection to modbus server
[2025-03-01T03:08:06.287Z] Error writing to Modbus register: no connection to modbus server
[2025-03-01T03:08:07.305Z] Error reading register 3105 for IP 10.30.4.91: no connection to modbus server
[2025-03-01T03:08:07.306Z] ❌ Error reading register 1000 for IP 10.30.4.91: no connection to modbus server
[2025-03-01T03:08:07.306Z] Error reading actual data: no connection to modbus server
[2025-03-01T03:08:07.307Z] Error writing to Modbus register: no connection to modbus server
[2025-03-01T03:08:08.318Z] Error reading register 3105 for IP 10.30.4.91: no connection to modbus server
[2025-03-01T03:08:08.319Z] Error reading actual data: no connection to modbus server
[2025-03-01T03:08:08.319Z] ❌ Error reading register 1000 for IP 10.30.4.91: no connection to modbus server
[2025-03-01T03:08:08.321Z] Error writing to Modbus register: no connection to modbus server
[2025-03-01T03:08:09.320Z] Error reading register 3105 for IP 10.30.4.91: no connection to modbus server
[2025-03-01T03:08:09.321Z] Error reading actual data: no connection to modbus server
[2025-03-01T03:08:09.320Z] ❌ Error reading register 1000 for IP 10.30.4.91: no connection to modbus server
[2025-03-01T03:08:09.323Z] Error writing to Modbus register: no connection to modbus server
[2025-03-01T03:08:10.336Z] Error reading register 3105 for IP 10.30.4.91: no connection to modbus server
[2025-03-01T03:08:10.337Z] ❌ Error reading register 1000 for IP 10.30.4.91: no connection to modbus server
[2025-03-01T03:08:10.337Z] Error reading actual data: no connection to modbus server
[2025-03-01T03:08:10.339Z] Error writing to Modbus register: no connection to modbus server
[2025-03-01T03:08:11.337Z] Error reading register 3105 for IP 10.30.4.91: no connection to modbus server
[2025-03-01T03:08:11.337Z] ❌ Error reading register 1000 for IP 10.30.4.91: no connection to modbus server
[2025-03-01T03:08:11.338Z] Error reading actual data: no connection to modbus server
[2025-03-01T03:08:11.340Z] Error writing to Modbus register: no connection to modbus server
[2025-03-01T03:08:12.352Z] Error reading register 3105 for IP 10.30.4.91: no connection to modbus server
[2025-03-01T03:08:12.353Z] ❌ Error reading register 1000 for IP 10.30.4.91: no connection to modbus server
[2025-03-01T03:08:12.354Z] Error writing to Modbus register: no connection to modbus server
[2025-03-01T03:08:12.353Z] Error reading actual data: no connection to modbus server
[2025-03-01T03:08:13.355Z] Error reading register 3105 for IP 10.30.4.91: no connection to modbus server
[2025-03-01T03:08:13.356Z] ❌ Error reading register 1000 for IP 10.30.4.91: no connection to modbus server
[2025-03-01T03:08:13.356Z] Error reading actual data: no connection to modbus server
[2025-03-01T03:08:13.359Z] Error writing to Modbus register: no connection to modbus server
[2025-03-01T03:08:14.361Z] Error reading register 3105 for IP 10.30.4.91: no connection to modbus server
[2025-03-01T03:08:14.362Z] Error reading actual data: no connection to modbus server
[2025-03-01T03:08:14.362Z] ❌ Error reading register 1000 for IP 10.30.4.91: no connection to modbus server
[2025-03-01T03:08:14.362Z] Error writing to Modbus register: no connection to modbus server
[2025-03-01T03:08:15.370Z] Error reading register 3105 for IP 10.30.4.91: no connection to modbus server
[2025-03-01T03:08:15.370Z] ❌ Error reading register 1000 for IP 10.30.4.91: no connection to modbus server
[2025-03-01T03:08:15.370Z] Error reading actual data: no connection to modbus server
[2025-03-01T03:08:15.370Z] Error writing to Modbus register: no connection to modbus server
[2025-03-01T03:08:16.386Z] Error reading register 3105 for IP 10.30.4.91: no connection to modbus server
[2025-03-01T03:08:16.386Z] ❌ Error reading register 1000 for IP 10.30.4.91: no connection to modbus server
[2025-03-01T03:08:16.387Z] Error reading actual data: no connection to modbus server
[2025-03-01T03:08:16.388Z] Error writing to Modbus register: no connection to modbus server
[2025-03-01T03:08:17.405Z] Error reading register 3105 for IP 10.30.4.91: no connection to modbus server
[2025-03-01T03:08:17.405Z] ❌ Error reading register 1000 for IP 10.30.4.91: no connection to modbus server
[2025-03-01T03:08:17.406Z] Error reading actual data: no connection to modbus server
[2025-03-01T03:08:17.407Z] Error writing to Modbus register: no connection to modbus server
[2025-03-01T03:08:18.413Z] Error reading register 3105 for IP 10.30.4.91: no connection to modbus server
[2025-03-01T03:08:18.413Z] ❌ Error reading register 1000 for IP 10.30.4.91: no connection to modbus server
[2025-03-01T03:08:18.413Z] Error reading actual data: no connection to modbus server
[2025-03-01T03:08:18.414Z] Error writing to Modbus register: no connection to modbus server
[2025-03-01T03:08:19.416Z] Error reading register 3105 for IP 10.30.4.91: no connection to modbus server
[2025-03-01T03:08:19.416Z] Error reading actual data: no connection to modbus server
[2025-03-01T03:08:19.416Z] ❌ Error reading register 1000 for IP 10.30.4.91: no connection to modbus server
[2025-03-01T03:08:19.416Z] Error writing to Modbus register: no connection to modbus server
[2025-03-01T03:08:20.421Z] Error reading register 3105 for IP 10.30.4.91: no connection to modbus server
[2025-03-01T03:08:20.422Z] Error reading actual data: no connection to modbus server
[2025-03-01T03:08:20.422Z] ❌ Error reading register 1000 for IP 10.30.4.91: no connection to modbus server
[2025-03-01T03:08:20.423Z] Error writing to Modbus register: no connection to modbus server
[2025-03-01T03:08:21.436Z] Error reading register 3105 for IP 10.30.4.91: no connection to modbus server
[2025-03-01T03:08:21.437Z] ❌ Error reading register 1000 for IP 10.30.4.91: no connection to modbus server
[2025-03-01T03:08:21.437Z] Error reading actual data: no connection to modbus server
[2025-03-01T03:08:21.438Z] Error writing to Modbus register: no connection to modbus server
[2025-03-01T03:08:22.438Z] Error reading register 3105 for IP 10.30.4.91: no connection to modbus server
[2025-03-01T03:08:22.438Z] ❌ Error reading register 1000 for IP 10.30.4.91: no connection to modbus server
[2025-03-01T03:08:22.439Z] Error reading actual data: no connection to modbus server
[2025-03-01T03:08:22.443Z] Error writing to Modbus register: no connection to modbus server
[2025-03-01T03:08:23.440Z] Error reading register 3105 for IP 10.30.4.91: no connection to modbus server
[2025-03-01T03:08:23.440Z] ❌ Error reading register 1000 for IP 10.30.4.91: no connection to modbus server
[2025-03-01T03:08:23.441Z] Error reading actual data: no connection to modbus server
[2025-03-01T03:08:23.443Z] Error writing to Modbus register: no connection to modbus server
[2025-03-01T03:08:24.445Z] Error reading register 3105 for IP 10.30.4.91: no connection to modbus server
[2025-03-01T03:08:24.445Z] ❌ Error reading register 1000 for IP 10.30.4.91: no connection to modbus server
[2025-03-01T03:08:24.445Z] Error reading actual data: no connection to modbus server
[2025-03-01T03:08:24.446Z] Error writing to Modbus register: no connection to modbus server
[2025-03-01T03:08:25.453Z] Error reading register 3105 for IP 10.30.4.91: no connection to modbus server
[2025-03-01T03:08:25.453Z] ❌ Error reading register 1000 for IP 10.30.4.91: no connection to modbus server
[2025-03-01T03:08:25.455Z] Error writing to Modbus register: no connection to modbus server
[2025-03-01T03:08:25.454Z] Error reading actual data: no connection to modbus server
[2025-03-01T03:08:26.472Z] Error reading register 3105 for IP 10.30.4.91: no connection to modbus server
[2025-03-01T03:08:26.472Z] ❌ Error reading register 1000 for IP 10.30.4.91: no connection to modbus server
[2025-03-01T03:08:26.474Z] Error writing to Modbus register: no connection to modbus server
[2025-03-01T03:08:26.473Z] Error reading actual data: no connection to modbus server
[2025-03-01T03:08:27.471Z] Error reading register 3105 for IP 10.30.4.91: no connection to modbus server
[2025-03-01T03:08:27.471Z] ❌ Error reading register 1000 for IP 10.30.4.91: no connection to modbus server
[2025-03-01T03:08:27.471Z] Error reading actual data: no connection to modbus server
[2025-03-01T03:08:27.473Z] Error writing to Modbus register: no connection to modbus server
[2025-03-01T03:08:28.472Z] Error reading register 3105 for IP 10.30.4.91: no connection to modbus server
[2025-03-01T03:08:28.473Z] ❌ Error reading register 1000 for IP 10.30.4.91: no connection to modbus server
[2025-03-01T03:08:28.473Z] Error reading actual data: no connection to modbus server
[2025-03-01T03:08:28.476Z] Error writing to Modbus register: no connection to modbus server
[2025-03-01T03:08:29.487Z] Error reading register 3105 for IP 10.30.4.91: no connection to modbus server
[2025-03-01T03:08:29.488Z] ❌ Error reading register 1000 for IP 10.30.4.91: no connection to modbus server
[2025-03-01T03:08:29.488Z] Error reading actual data: no connection to modbus server
[2025-03-01T03:08:29.489Z] Error writing to Modbus register: no connection to modbus server
[2025-03-01T03:08:30.488Z] Error reading register 3105 for IP 10.30.4.91: no connection to modbus server
[2025-03-01T03:08:30.489Z] ❌ Error reading register 1000 for IP 10.30.4.91: no connection to modbus server
[2025-03-01T03:08:30.489Z] Error reading actual data: no connection to modbus server
[2025-03-01T03:08:30.489Z] Error writing to Modbus register: no connection to modbus server
[2025-03-01T03:08:31.503Z] Error reading register 3105 for IP 10.30.4.91: no connection to modbus server
[2025-03-01T03:08:31.504Z] ❌ Error reading register 1000 for IP 10.30.4.91: no connection to modbus server
[2025-03-01T03:08:31.504Z] Error reading actual data: no connection to modbus server
[2025-03-01T03:08:31.505Z] Error writing to Modbus register: no connection to modbus server
[2025-03-01T03:08:32.520Z] Error reading register 3105 for IP 10.30.4.91: no connection to modbus server
[2025-03-01T03:08:32.520Z] ❌ Error reading register 1000 for IP 10.30.4.91: no connection to modbus server
[2025-03-01T03:08:32.522Z] Error writing to Modbus register: no connection to modbus server
[2025-03-01T03:08:32.521Z] Error reading actual data: no connection to modbus server
[2025-03-01T03:08:33.521Z] Error reading register 3105 for IP 10.30.4.91: no connection to modbus server
[2025-03-01T03:08:33.521Z] ❌ Error reading register 1000 for IP 10.30.4.91: no connection to modbus server
[2025-03-01T03:08:33.522Z] Error reading actual data: no connection to modbus server
[2025-03-01T03:08:33.522Z] Error writing to Modbus register: no connection to modbus server
[2025-03-01T03:08:34.533Z] ❌ Error reading register 1000 for IP 10.30.4.91: no connection to modbus server
[2025-03-01T03:08:34.533Z] Error reading actual data: no connection to modbus server
[2025-03-01T03:08:34.533Z] Error reading register 3105 for IP 10.30.4.91: no connection to modbus server
[2025-03-01T03:08:34.534Z] Error writing to Modbus register: no connection to modbus server
[2025-03-01T03:08:35.541Z] Error reading register 3105 for IP 10.30.4.91: no connection to modbus server
[2025-03-01T03:08:35.541Z] ❌ Error reading register 1000 for IP 10.30.4.91: no connection to modbus server
[2025-03-01T03:08:35.542Z] Error reading actual data: no connection to modbus server
[2025-03-01T03:08:35.542Z] Error writing to Modbus register: no connection to modbus server
[2025-03-01T03:08:36.556Z] ❌ Error reading register 1000 for IP 10.30.4.91: no connection to modbus server
[2025-03-01T03:08:36.556Z] Error reading register 3105 for IP 10.30.4.91: no connection to modbus server
[2025-03-01T03:08:36.558Z] Error writing to Modbus register: no connection to modbus server
[2025-03-01T03:08:36.557Z] Error reading actual data: no connection to modbus server
[2025-03-01T03:08:37.555Z] Error reading register 3105 for IP 10.30.4.91: no connection to modbus server
[2025-03-01T03:08:37.556Z] ❌ Error reading register 1000 for IP 10.30.4.91: no connection to modbus server
[2025-03-01T03:08:37.556Z] Error reading actual data: no connection to modbus server
[2025-03-01T03:08:37.558Z] Error writing to Modbus register: no connection to modbus server
[2025-03-01T03:08:38.557Z] Error reading register 3105 for IP 10.30.4.91: no connection to modbus server
[2025-03-01T03:08:38.557Z] ❌ Error reading register 1000 for IP 10.30.4.91: no connection to modbus server
[2025-03-01T03:08:38.558Z] Error reading actual data: no connection to modbus server
[2025-03-01T03:08:38.563Z] Error writing to Modbus register: no connection to modbus server
[2025-03-01T03:08:39.568Z] Error reading register 3105 for IP 10.30.4.91: no connection to modbus server
[2025-03-01T03:08:39.568Z] ❌ Error reading register 1000 for IP 10.30.4.91: no connection to modbus server
[2025-03-01T03:08:39.568Z] Error reading actual data: no connection to modbus server
[2025-03-01T03:08:39.569Z] Error writing to Modbus register: no connection to modbus server
[2025-03-01T03:08:40.573Z] Error reading register 3105 for IP 10.30.4.91: no connection to modbus server
[2025-03-01T03:08:40.573Z] ❌ Error reading register 1000 for IP 10.30.4.91: no connection to modbus server
[2025-03-01T03:08:40.575Z] Error writing to Modbus register: no connection to modbus server
[2025-03-01T03:08:40.574Z] Error reading actual data: no connection to modbus server
[2025-03-01T03:08:41.584Z] Error reading register 3105 for IP 10.30.4.91: no connection to modbus server
[2025-03-01T03:08:41.585Z] ❌ Error reading register 1000 for IP 10.30.4.91: no connection to modbus server
[2025-03-01T03:08:41.585Z] Error reading actual data: no connection to modbus server
[2025-03-01T03:08:41.585Z] Error writing to Modbus register: no connection to modbus server
[2025-03-01T03:08:42.587Z] Error reading register 3105 for IP 10.30.4.91: no connection to modbus server
[2025-03-01T03:08:42.587Z] ❌ Error reading register 1000 for IP 10.30.4.91: no connection to modbus server
[2025-03-01T03:08:42.587Z] Error writing to Modbus register: no connection to modbus server
[2025-03-01T03:08:42.587Z] Error reading actual data: no connection to modbus server
[2025-03-01T03:08:43.599Z] Error reading register 3105 for IP 10.30.4.91: no connection to modbus server
[2025-03-01T03:08:43.600Z] Error reading actual data: no connection to modbus server
[2025-03-01T03:08:43.600Z] ❌ Error reading register 1000 for IP 10.30.4.91: no connection to modbus server
[2025-03-01T03:08:43.600Z] Error writing to Modbus register: no connection to modbus server
[2025-03-01T03:08:44.605Z] ❌ Error reading register 1000 for IP 10.30.4.91: no connection to modbus server
[2025-03-01T03:08:44.604Z] Error reading register 3105 for IP 10.30.4.91: no connection to modbus server
[2025-03-01T03:08:44.605Z] Error reading actual data: no connection to modbus server
[2025-03-01T03:08:44.606Z] Error writing to Modbus register: no connection to modbus server
[2025-03-01T03:08:45.605Z] ❌ Error reading register 1000 for IP 10.30.4.91: no connection to modbus server
[2025-03-01T03:08:45.605Z] Error reading register 3105 for IP 10.30.4.91: no connection to modbus server
[2025-03-01T03:08:45.606Z] Error reading actual data: no connection to modbus server
[2025-03-01T03:08:45.608Z] Error writing to Modbus register: no connection to modbus server
[2025-03-01T03:08:46.604Z] Error reading register 3105 for IP 10.30.4.91: no connection to modbus server
[2025-03-01T03:08:46.604Z] ❌ Error reading register 1000 for IP 10.30.4.91: no connection to modbus server
[2025-03-01T03:08:46.605Z] Error reading actual data: no connection to modbus server
[2025-03-01T03:08:46.608Z] Error writing to Modbus register: no connection to modbus server
[2025-03-01T03:08:47.605Z] Error reading register 3105 for IP 10.30.4.91: no connection to modbus server
[2025-03-01T03:08:47.606Z] ❌ Error reading register 1000 for IP 10.30.4.91: no connection to modbus server
[2025-03-01T03:08:47.606Z] Error reading actual data: no connection to modbus server
[2025-03-01T03:08:47.608Z] Error writing to Modbus register: no connection to modbus server
[2025-03-01T03:08:48.620Z] Error reading register 3105 for IP 10.30.4.91: no connection to modbus server
[2025-03-01T03:08:48.620Z] ❌ Error reading register 1000 for IP 10.30.4.91: no connection to modbus server
[2025-03-01T03:08:48.621Z] Error reading actual data: no connection to modbus server
[2025-03-01T03:08:48.621Z] Error writing to Modbus register: no connection to modbus server
[2025-03-01T03:08:49.622Z] Error reading register 3105 for IP 10.30.4.91: no connection to modbus server
[2025-03-01T03:08:49.623Z] ❌ Error reading register 1000 for IP 10.30.4.91: no connection to modbus server
[2025-03-01T03:08:49.623Z] Error reading actual data: no connection to modbus server
[2025-03-01T03:08:49.626Z] Error writing to Modbus register: no connection to modbus server
[2025-03-01T03:08:50.622Z] Error reading register 3105 for IP 10.30.4.91: no connection to modbus server
[2025-03-01T03:08:50.623Z] ❌ Error reading register 1000 for IP 10.30.4.91: no connection to modbus server
[2025-03-01T03:08:50.624Z] Error reading actual data: no connection to modbus server
[2025-03-01T03:08:50.626Z] Error writing to Modbus register: no connection to modbus server
[2025-03-01T03:08:51.639Z] Error reading register 3105 for IP 10.30.4.91: no connection to modbus server
[2025-03-01T03:08:51.639Z] ❌ Error reading register 1000 for IP 10.30.4.91: no connection to modbus server
[2025-03-01T03:08:51.640Z] Error reading actual data: no connection to modbus server
[2025-03-01T03:08:51.641Z] Error writing to Modbus register: no connection to modbus server
[2025-03-01T03:08:52.638Z] Error reading register 3105 for IP 10.30.4.91: no connection to modbus server
[2025-03-01T03:08:52.638Z] ❌ Error reading register 1000 for IP 10.30.4.91: no connection to modbus server
[2025-03-01T03:08:52.638Z] Error reading actual data: no connection to modbus server
[2025-03-01T03:08:52.641Z] Error writing to Modbus register: no connection to modbus server
[2025-03-01T03:08:53.639Z] Error reading register 3105 for IP 10.30.4.91: no connection to modbus server
[2025-03-01T03:08:53.639Z] ❌ Error reading register 1000 for IP 10.30.4.91: no connection to modbus server
[2025-03-01T03:08:53.639Z] Error reading actual data: no connection to modbus server
[2025-03-01T03:08:53.642Z] Error writing to Modbus register: no connection to modbus server
[2025-03-01T03:08:54.656Z] Error reading register 3105 for IP 10.30.4.91: no connection to modbus server
[2025-03-01T03:08:54.657Z] ❌ Error reading register 1000 for IP 10.30.4.91: no connection to modbus server
[2025-03-01T03:08:54.657Z] Error reading actual data: no connection to modbus server
[2025-03-01T03:08:54.658Z] Error writing to Modbus register: no connection to modbus server
[2025-03-01T03:08:55.658Z] Error reading register 3105 for IP 10.30.4.91: no connection to modbus server
[2025-03-01T03:08:55.658Z] ❌ Error reading register 1000 for IP 10.30.4.91: no connection to modbus server
[2025-03-01T03:08:55.658Z] Error reading actual data: no connection to modbus server
[2025-03-01T03:08:55.659Z] Error writing to Modbus register: no connection to modbus server
[2025-03-01T03:08:56.662Z] Error reading register 3105 for IP 10.30.4.91: no connection to modbus server
[2025-03-01T03:08:56.663Z] ❌ Error reading register 1000 for IP 10.30.4.91: no connection to modbus server
[2025-03-01T03:08:56.663Z] Error reading actual data: no connection to modbus server
[2025-03-01T03:08:56.664Z] Error writing to Modbus register: no connection to modbus server
[2025-03-01T03:08:57.674Z] Error reading register 3105 for IP 10.30.4.91: no connection to modbus server
[2025-03-01T03:08:57.674Z] ❌ Error reading register 1000 for IP 10.30.4.91: no connection to modbus server
[2025-03-01T03:08:57.674Z] Error reading actual data: no connection to modbus server
[2025-03-01T03:08:57.675Z] Error writing to Modbus register: no connection to modbus server
[2025-03-01T03:08:58.678Z] Error reading register 3105 for IP 10.30.4.91: no connection to modbus server
[2025-03-01T03:08:58.678Z] ❌ Error reading register 1000 for IP 10.30.4.91: no connection to modbus server
[2025-03-01T03:08:58.678Z] Error reading actual data: no connection to modbus server
[2025-03-01T03:08:58.678Z] Error writing to Modbus register: no connection to modbus server
[2025-03-01T03:08:59.685Z] Error reading register 3105 for IP 10.30.4.91: no connection to modbus server
[2025-03-01T03:08:59.685Z] ❌ Error reading register 1000 for IP 10.30.4.91: no connection to modbus server
[2025-03-01T03:08:59.686Z] Error writing to Modbus register: no connection to modbus server
[2025-03-01T03:08:59.685Z] Error reading actual data: no connection to modbus server
[2025-03-01T03:09:00.687Z] Error reading register 3105 for IP 10.30.4.91: no connection to modbus server
[2025-03-01T03:09:00.687Z] ❌ Error reading register 1000 for IP 10.30.4.91: no connection to modbus server
[2025-03-01T03:09:00.687Z] Error reading actual data: no connection to modbus server
[2025-03-01T03:09:00.688Z] Error writing to Modbus register: no connection to modbus server
[2025-03-01T03:09:01.690Z] Error reading register 3105 for IP 10.30.4.91: no connection to modbus server
[2025-03-01T03:09:01.690Z] ❌ Error reading register 1000 for IP 10.30.4.91: no connection to modbus server
[2025-03-01T03:09:01.691Z] Error reading actual data: no connection to modbus server
[2025-03-01T03:09:01.693Z] Error writing to Modbus register: no connection to modbus server
[2025-03-01T03:09:02.690Z] Error reading register 3105 for IP 10.30.4.91: no connection to modbus server
[2025-03-01T03:09:02.690Z] ❌ Error reading register 1000 for IP 10.30.4.91: no connection to modbus server
[2025-03-01T03:09:02.690Z] Error reading actual data: no connection to modbus server
[2025-03-01T03:09:02.693Z] Error writing to Modbus register: no connection to modbus server
[2025-03-01T03:20:47.057Z] ❌ Error reading register 1000 for IP 10.30.4.91: Req timed out
[2025-03-01T03:20:47.060Z] Error reading actual data: request fc and response fc does not match.
[2025-03-01T03:20:47.062Z] Error reading register 3105 for IP 10.30.4.91: rejecting because of earlier OutOfSync error
[2025-03-01T03:20:47.063Z] ❌ Error reading register 1000 for IP 10.30.4.91: rejecting because of earlier OutOfSync error
[2025-03-01T03:20:47.063Z] Error reading actual data: rejecting because of earlier OutOfSync error
[2025-03-01T03:20:47.060Z] Error writing to Modbus register: rejecting because of earlier OutOfSync error
[2025-03-01T03:20:47.063Z] Error writing to Modbus register: rejecting because of earlier OutOfSync error
[2025-03-01T03:20:47.063Z] Error reading register 3105 for IP 10.30.4.91: rejecting because of earlier OutOfSync error
[2025-03-01T03:20:47.064Z] ❌ Error reading register 1000 for IP 10.30.4.91: rejecting because of earlier OutOfSync error
[2025-03-01T03:20:47.064Z] Error reading actual data: rejecting because of earlier OutOfSync error
[2025-03-01T03:20:47.064Z] Error writing to Modbus register: rejecting because of earlier OutOfSync error
[2025-03-01T07:27:09.721Z] Error reading register 3105 for IP 10.30.4.91: no connection to modbus server
[2025-03-01T07:27:09.721Z] ❌ Error reading register 1000 for IP 10.30.4.91: no connection to modbus server
[2025-03-01T07:27:09.722Z] Error writing to Modbus register: no connection to modbus server
[2025-03-01T07:27:13.343Z] Error reading register 3105 for IP 10.30.4.91: no connection to modbus server
[2025-03-01T07:27:13.343Z] ❌ Error reading register 1000 for IP 10.30.4.91: no connection to modbus server
[2025-03-01T07:27:13.344Z] Error writing to Modbus register: no connection to modbus server
[2025-03-01T07:27:14.355Z] Error reading register 3105 for IP 10.30.4.91: no connection to modbus server
[2025-03-01T07:27:14.356Z] ❌ Error reading register 1000 for IP 10.30.4.91: no connection to modbus server
[2025-03-01T07:27:14.356Z] Error writing to Modbus register: no connection to modbus server
[2025-03-01T07:27:16.937Z] Error reading register 3105 for IP 10.30.4.91: no connection to modbus server
[2025-03-01T07:27:16.937Z] Error writing to Modbus register: no connection to modbus server
[2025-03-01T07:27:16.937Z] ❌ Error reading register 1000 for IP 10.30.4.91: no connection to modbus server
[2025-03-01T07:27:17.955Z] Error reading register 3105 for IP 10.30.4.91: no connection to modbus server
[2025-03-01T07:27:17.957Z] Error writing to Modbus register: no connection to modbus server
[2025-03-01T07:27:17.956Z] ❌ Error reading register 1000 for IP 10.30.4.91: no connection to modbus server
[2025-03-01T07:27:18.960Z] Error reading register 3105 for IP 10.30.4.91: no connection to modbus server
[2025-03-01T07:27:18.960Z] ❌ Error reading register 1000 for IP 10.30.4.91: no connection to modbus server
[2025-03-01T07:27:18.961Z] Error writing to Modbus register: no connection to modbus server
[2025-03-01T07:27:19.971Z] Error reading register 3105 for IP 10.30.4.91: no connection to modbus server
[2025-03-01T07:27:19.971Z] ❌ Error reading register 1000 for IP 10.30.4.91: no connection to modbus server
[2025-03-01T07:27:19.972Z] Error writing to Modbus register: no connection to modbus server
[2025-03-01T07:27:20.975Z] Error reading register 3105 for IP 10.30.4.91: no connection to modbus server
[2025-03-01T07:27:20.976Z] ❌ Error reading register 1000 for IP 10.30.4.91: no connection to modbus server
[2025-03-01T07:27:20.977Z] Error writing to Modbus register: no connection to modbus server
[2025-03-01T07:27:21.987Z] Error reading register 3105 for IP 10.30.4.91: no connection to modbus server
[2025-03-01T07:27:21.988Z] ❌ Error reading register 1000 for IP 10.30.4.91: no connection to modbus server
[2025-03-01T07:27:21.989Z] Error writing to Modbus register: no connection to modbus server
[2025-03-01T07:27:23.003Z] Error reading register 3105 for IP 10.30.4.91: no connection to modbus server
[2025-03-01T07:27:23.004Z] ❌ Error reading register 1000 for IP 10.30.4.91: no connection to modbus server
[2025-03-01T07:27:23.006Z] Error writing to Modbus register: no connection to modbus server
[2025-03-01T07:27:24.004Z] Error reading register 3105 for IP 10.30.4.91: no connection to modbus server
[2025-03-01T07:27:24.005Z] ❌ Error reading register 1000 for IP 10.30.4.91: no connection to modbus server
[2025-03-01T07:27:24.006Z] Error writing to Modbus register: no connection to modbus server
[2025-03-01T07:27:25.021Z] Error reading register 3105 for IP 10.30.4.91: no connection to modbus server
[2025-03-01T07:27:25.021Z] ❌ Error reading register 1000 for IP 10.30.4.91: no connection to modbus server
[2025-03-01T07:27:25.022Z] Error writing to Modbus register: no connection to modbus server
[2025-03-01T07:27:26.030Z] Error reading register 3105 for IP 10.30.4.91: no connection to modbus server
[2025-03-01T07:27:26.030Z] ❌ Error reading register 1000 for IP 10.30.4.91: no connection to modbus server
[2025-03-01T07:27:26.030Z] Error writing to Modbus register: no connection to modbus server
[2025-03-01T07:27:27.042Z] Error reading register 3105 for IP 10.30.4.91: no connection to modbus server
[2025-03-01T07:27:27.043Z] ❌ Error reading register 1000 for IP 10.30.4.91: no connection to modbus server
[2025-03-01T07:27:27.043Z] Error writing to Modbus register: no connection to modbus server
[2025-03-01T07:27:28.043Z] Error reading register 3105 for IP 10.30.4.91: no connection to modbus server
[2025-03-01T07:27:28.044Z] ❌ Error reading register 1000 for IP 10.30.4.91: no connection to modbus server
[2025-03-01T07:27:28.045Z] Error writing to Modbus register: no connection to modbus server
[2025-03-01T07:27:29.057Z] Error reading register 3105 for IP 10.30.4.91: no connection to modbus server
[2025-03-01T07:27:29.059Z] Error writing to Modbus register: no connection to modbus server
[2025-03-01T07:27:29.058Z] ❌ Error reading register 1000 for IP 10.30.4.91: no connection to modbus server
[2025-03-01T07:27:30.058Z] Error reading register 3105 for IP 10.30.4.91: no connection to modbus server
[2025-03-01T07:27:30.059Z] ❌ Error reading register 1000 for IP 10.30.4.91: no connection to modbus server
[2025-03-01T07:27:30.059Z] Error writing to Modbus register: no connection to modbus server
[2025-03-01T07:27:31.073Z] Error reading register 3105 for IP 10.30.4.91: no connection to modbus server
[2025-03-01T07:27:31.074Z] Error writing to Modbus register: no connection to modbus server
[2025-03-01T07:27:31.073Z] ❌ Error reading register 1000 for IP 10.30.4.91: no connection to modbus server
[2025-03-01T07:27:32.075Z] Error reading register 3105 for IP 10.30.4.91: no connection to modbus server
[2025-03-01T07:27:32.075Z] ❌ Error reading register 1000 for IP 10.30.4.91: no connection to modbus server
[2025-03-01T07:27:32.076Z] Error writing to Modbus register: no connection to modbus server
[2025-03-01T07:27:33.077Z] Error reading register 3105 for IP 10.30.4.91: no connection to modbus server
[2025-03-01T07:27:33.078Z] ❌ Error reading register 1000 for IP 10.30.4.91: no connection to modbus server
[2025-03-01T07:27:33.079Z] Error writing to Modbus register: no connection to modbus server
[2025-03-01T07:27:34.091Z] Error reading register 3105 for IP 10.30.4.91: no connection to modbus server
[2025-03-01T07:27:34.091Z] ❌ Error reading register 1000 for IP 10.30.4.91: no connection to modbus server
[2025-03-01T07:27:34.092Z] Error writing to Modbus register: no connection to modbus server
[2025-03-01T07:27:35.090Z] Error reading register 3105 for IP 10.30.4.91: no connection to modbus server
[2025-03-01T07:27:35.091Z] ❌ Error reading register 1000 for IP 10.30.4.91: no connection to modbus server
[2025-03-01T07:27:35.092Z] Error writing to Modbus register: no connection to modbus server
[2025-03-01T07:27:36.107Z] Error reading register 3105 for IP 10.30.4.91: no connection to modbus server
[2025-03-01T07:27:36.108Z] ❌ Error reading register 1000 for IP 10.30.4.91: no connection to modbus server
[2025-03-01T07:27:36.108Z] Error writing to Modbus register: no connection to modbus server
[2025-03-01T07:27:37.107Z] Error reading register 3105 for IP 10.30.4.91: no connection to modbus server
[2025-03-01T07:27:37.107Z] ❌ Error reading register 1000 for IP 10.30.4.91: no connection to modbus server
[2025-03-01T07:27:37.108Z] Error writing to Modbus register: no connection to modbus server
[2025-03-01T07:27:38.108Z] Error reading register 3105 for IP 10.30.4.91: no connection to modbus server
[2025-03-01T07:27:38.108Z] ❌ Error reading register 1000 for IP 10.30.4.91: no connection to modbus server
[2025-03-01T07:27:38.109Z] Error writing to Modbus register: no connection to modbus server
[2025-03-01T07:27:39.122Z] Error reading register 3105 for IP 10.30.4.91: no connection to modbus server
[2025-03-01T07:27:39.122Z] ❌ Error reading register 1000 for IP 10.30.4.91: no connection to modbus server
[2025-03-01T07:27:39.122Z] Error writing to Modbus register: no connection to modbus server
[2025-03-01T07:27:40.125Z] Error reading register 3105 for IP 10.30.4.91: no connection to modbus server
[2025-03-01T07:27:40.125Z] ❌ Error reading register 1000 for IP 10.30.4.91: no connection to modbus server
[2025-03-01T07:27:40.126Z] Error writing to Modbus register: no connection to modbus server
[2025-03-01T07:27:41.127Z] Error reading register 3105 for IP 10.30.4.91: no connection to modbus server
[2025-03-01T07:27:41.128Z] ❌ Error reading register 1000 for IP 10.30.4.91: no connection to modbus server
[2025-03-01T07:27:41.129Z] Error writing to Modbus register: no connection to modbus server
[2025-03-01T07:27:42.142Z] Error reading register 3105 for IP 10.30.4.91: no connection to modbus server
[2025-03-01T07:27:42.143Z] ❌ Error reading register 1000 for IP 10.30.4.91: no connection to modbus server
[2025-03-01T07:27:42.144Z] Error writing to Modbus register: no connection to modbus server
[2025-03-01T07:27:43.156Z] ❌ Error reading register 1000 for IP 10.30.4.91: no connection to modbus server
[2025-03-01T07:27:43.156Z] Error writing to Modbus register: no connection to modbus server
[2025-03-01T07:27:43.155Z] Error reading register 3105 for IP 10.30.4.91: no connection to modbus server
[2025-03-01T07:27:44.158Z] Error reading register 3105 for IP 10.30.4.91: no connection to modbus server
[2025-03-01T07:27:44.158Z] ❌ Error reading register 1000 for IP 10.30.4.91: no connection to modbus server
[2025-03-01T07:27:44.159Z] Error writing to Modbus register: no connection to modbus server
[2025-03-01T07:27:45.157Z] Error reading register 3105 for IP 10.30.4.91: no connection to modbus server
[2025-03-01T07:27:45.158Z] ❌ Error reading register 1000 for IP 10.30.4.91: no connection to modbus server
[2025-03-01T07:27:45.159Z] Error writing to Modbus register: no connection to modbus server
[2025-03-01T07:27:46.173Z] Error reading register 3105 for IP 10.30.4.91: no connection to modbus server
[2025-03-01T07:27:46.174Z] ❌ Error reading register 1000 for IP 10.30.4.91: no connection to modbus server
[2025-03-01T07:27:46.175Z] Error writing to Modbus register: no connection to modbus server
[2025-03-01T07:27:47.174Z] Error reading register 3105 for IP 10.30.4.91: no connection to modbus server
[2025-03-01T07:27:47.174Z] ❌ Error reading register 1000 for IP 10.30.4.91: no connection to modbus server
[2025-03-01T07:27:47.174Z] Error writing to Modbus register: no connection to modbus server
[2025-03-01T07:27:48.175Z] Error reading register 3105 for IP 10.30.4.91: no connection to modbus server
[2025-03-01T07:27:48.175Z] ❌ Error reading register 1000 for IP 10.30.4.91: no connection to modbus server
[2025-03-01T07:27:48.177Z] Error writing to Modbus register: no connection to modbus server
[2025-03-01T07:27:49.189Z] Error reading register 3105 for IP 10.30.4.91: no connection to modbus server
[2025-03-01T07:27:49.189Z] ❌ Error reading register 1000 for IP 10.30.4.91: no connection to modbus server
[2025-03-01T07:27:49.189Z] Error writing to Modbus register: no connection to modbus server
[2025-03-01T07:27:50.190Z] Error reading register 3105 for IP 10.30.4.91: no connection to modbus server
[2025-03-01T07:27:50.190Z] ❌ Error reading register 1000 for IP 10.30.4.91: no connection to modbus server
[2025-03-01T07:27:50.190Z] Error writing to Modbus register: no connection to modbus server
[2025-03-01T07:27:51.192Z] Error reading register 3105 for IP 10.30.4.91: no connection to modbus server
[2025-03-01T07:27:51.192Z] ❌ Error reading register 1000 for IP 10.30.4.91: no connection to modbus server
[2025-03-01T07:27:51.193Z] Error writing to Modbus register: no connection to modbus server
[2025-03-01T07:27:52.207Z] Error reading register 3105 for IP 10.30.4.91: no connection to modbus server
[2025-03-01T07:27:52.208Z] ❌ Error reading register 1000 for IP 10.30.4.91: no connection to modbus server
[2025-03-01T07:27:52.208Z] Error writing to Modbus register: no connection to modbus server
[2025-03-01T07:27:53.208Z] Error reading register 3105 for IP 10.30.4.91: no connection to modbus server
[2025-03-01T07:27:53.209Z] ❌ Error reading register 1000 for IP 10.30.4.91: no connection to modbus server
[2025-03-01T07:27:53.210Z] Error writing to Modbus register: no connection to modbus server
[2025-03-01T07:27:54.222Z] Error reading register 3105 for IP 10.30.4.91: no connection to modbus server
[2025-03-01T07:27:54.222Z] Error writing to Modbus register: no connection to modbus server
[2025-03-01T07:27:54.222Z] ❌ Error reading register 1000 for IP 10.30.4.91: no connection to modbus server
[2025-03-01T07:27:55.223Z] Error reading register 3105 for IP 10.30.4.91: no connection to modbus server
[2025-03-01T07:27:55.224Z] ❌ Error reading register 1000 for IP 10.30.4.91: no connection to modbus server
[2025-03-01T07:27:55.224Z] Error writing to Modbus register: no connection to modbus server
[2025-03-01T07:27:56.225Z] Error reading register 3105 for IP 10.30.4.91: no connection to modbus server
[2025-03-01T07:27:56.225Z] ❌ Error reading register 1000 for IP 10.30.4.91: no connection to modbus server
[2025-03-01T07:27:56.226Z] Error writing to Modbus register: no connection to modbus server
[2025-03-01T07:27:57.241Z] Error reading register 3105 for IP 10.30.4.91: no connection to modbus server
[2025-03-01T07:27:57.242Z] ❌ Error reading register 1000 for IP 10.30.4.91: no connection to modbus server
[2025-03-01T07:27:57.243Z] Error writing to Modbus register: no connection to modbus server
[2025-03-01T07:27:58.241Z] Error reading register 3105 for IP 10.30.4.91: no connection to modbus server
[2025-03-01T07:27:58.242Z] ❌ Error reading register 1000 for IP 10.30.4.91: no connection to modbus server
[2025-03-01T07:27:58.243Z] Error writing to Modbus register: no connection to modbus server
[2025-03-01T07:27:59.242Z] Error reading register 3105 for IP 10.30.4.91: no connection to modbus server
[2025-03-01T07:27:59.242Z] ❌ Error reading register 1000 for IP 10.30.4.91: no connection to modbus server
[2025-03-01T07:27:59.243Z] Error writing to Modbus register: no connection to modbus server
[2025-03-01T07:28:00.241Z] Error reading register 3105 for IP 10.30.4.91: no connection to modbus server
[2025-03-01T07:28:00.242Z] ❌ Error reading register 1000 for IP 10.30.4.91: no connection to modbus server
[2025-03-01T07:28:00.243Z] Error writing to Modbus register: no connection to modbus server
[2025-03-01T07:28:01.257Z] Error reading register 3105 for IP 10.30.4.91: no connection to modbus server
[2025-03-01T07:28:01.258Z] ❌ Error reading register 1000 for IP 10.30.4.91: no connection to modbus server
[2025-03-01T07:28:01.259Z] Error writing to Modbus register: no connection to modbus server
[2025-03-01T07:28:02.257Z] Error reading register 3105 for IP 10.30.4.91: no connection to modbus server
[2025-03-01T07:28:02.257Z] ❌ Error reading register 1000 for IP 10.30.4.91: no connection to modbus server
[2025-03-01T07:28:02.273Z] Error writing to Modbus register: no connection to modbus server
[2025-03-01T07:28:03.258Z] Error reading register 3105 for IP 10.30.4.91: no connection to modbus server
[2025-03-01T07:28:03.259Z] ❌ Error reading register 1000 for IP 10.30.4.91: no connection to modbus server
[2025-03-01T07:28:03.275Z] Error writing to Modbus register: no connection to modbus server
[2025-03-01T07:28:04.258Z] Error reading register 3105 for IP 10.30.4.91: no connection to modbus server
[2025-03-01T07:28:04.258Z] ❌ Error reading register 1000 for IP 10.30.4.91: no connection to modbus server
[2025-03-01T07:28:04.291Z] Error writing to Modbus register: no connection to modbus server
[2025-03-01T07:28:05.258Z] Error reading register 3105 for IP 10.30.4.91: no connection to modbus server
[2025-03-01T07:28:05.258Z] ❌ Error reading register 1000 for IP 10.30.4.91: no connection to modbus server
[2025-03-01T07:28:05.291Z] Error writing to Modbus register: no connection to modbus server
[2025-03-01T07:28:06.257Z] Error reading register 3105 for IP 10.30.4.91: no connection to modbus server
[2025-03-01T07:28:06.257Z] ❌ Error reading register 1000 for IP 10.30.4.91: no connection to modbus server
[2025-03-01T07:28:06.306Z] Error writing to Modbus register: no connection to modbus server
[2025-03-01T07:28:07.259Z] Error reading register 3105 for IP 10.30.4.91: no connection to modbus server
[2025-03-01T07:28:07.259Z] ❌ Error reading register 1000 for IP 10.30.4.91: no connection to modbus server
[2025-03-01T07:28:07.308Z] Error writing to Modbus register: no connection to modbus server
[2025-03-01T07:28:08.274Z] Error reading register 3105 for IP 10.30.4.91: no connection to modbus server
[2025-03-01T07:28:08.274Z] ❌ Error reading register 1000 for IP 10.30.4.91: no connection to modbus server
[2025-03-01T07:28:08.307Z] Error writing to Modbus register: no connection to modbus server
[2025-03-01T07:28:09.286Z] Error reading register 3105 for IP 10.30.4.91: no connection to modbus server
[2025-03-01T07:28:09.286Z] ❌ Error reading register 1000 for IP 10.30.4.91: no connection to modbus server
[2025-03-01T07:28:09.318Z] Error writing to Modbus register: no connection to modbus server
[2025-03-01T07:28:10.291Z] Error reading register 3105 for IP 10.30.4.91: no connection to modbus server
[2025-03-01T07:28:10.292Z] ❌ Error reading register 1000 for IP 10.30.4.91: no connection to modbus server
[2025-03-01T07:28:10.324Z] Error writing to Modbus register: no connection to modbus server
[2025-03-01T07:28:11.291Z] Error reading register 3105 for IP 10.30.4.91: no connection to modbus server
[2025-03-01T07:28:11.292Z] ❌ Error reading register 1000 for IP 10.30.4.91: no connection to modbus server
[2025-03-01T07:28:11.341Z] Error writing to Modbus register: no connection to modbus server
[2025-03-01T07:28:12.292Z] Error reading register 3105 for IP 10.30.4.91: no connection to modbus server
[2025-03-01T07:28:12.292Z] ❌ Error reading register 1000 for IP 10.30.4.91: no connection to modbus server
[2025-03-01T07:28:12.340Z] Error writing to Modbus register: no connection to modbus server
[2025-03-01T07:28:13.308Z] Error reading register 3105 for IP 10.30.4.91: no connection to modbus server
[2025-03-01T07:28:13.308Z] ❌ Error reading register 1000 for IP 10.30.4.91: no connection to modbus server
[2025-03-01T07:28:13.341Z] Error writing to Modbus register: no connection to modbus server
[2025-03-01T07:28:14.309Z] Error reading register 3105 for IP 10.30.4.91: no connection to modbus server
[2025-03-01T07:28:14.310Z] ❌ Error reading register 1000 for IP 10.30.4.91: no connection to modbus server
[2025-03-01T07:28:14.341Z] Error writing to Modbus register: no connection to modbus server
[2025-03-01T07:28:15.324Z] Error reading register 3105 for IP 10.30.4.91: no connection to modbus server
[2025-03-01T07:28:15.324Z] ❌ Error reading register 1000 for IP 10.30.4.91: no connection to modbus server
[2025-03-01T07:28:15.340Z] Error writing to Modbus register: no connection to modbus server
[2025-03-01T07:28:16.323Z] Error reading register 3105 for IP 10.30.4.91: no connection to modbus server
[2025-03-01T07:28:16.323Z] ❌ Error reading register 1000 for IP 10.30.4.91: no connection to modbus server
[2025-03-01T07:28:16.356Z] Error writing to Modbus register: no connection to modbus server
[2025-03-01T07:28:17.336Z] Error reading register 3105 for IP 10.30.4.91: no connection to modbus server
[2025-03-01T07:28:17.336Z] ❌ Error reading register 1000 for IP 10.30.4.91: no connection to modbus server
[2025-03-01T07:28:17.368Z] Error writing to Modbus register: no connection to modbus server
[2025-03-01T07:28:18.340Z] Error reading register 3105 for IP 10.30.4.91: no connection to modbus server
[2025-03-01T07:28:18.340Z] ❌ Error reading register 1000 for IP 10.30.4.91: no connection to modbus server
[2025-03-01T07:28:18.374Z] Error writing to Modbus register: no connection to modbus server
[2025-03-01T07:28:19.341Z] Error reading register 3105 for IP 10.30.4.91: no connection to modbus server
[2025-03-01T07:28:19.341Z] ❌ Error reading register 1000 for IP 10.30.4.91: no connection to modbus server
[2025-03-01T07:28:19.374Z] Error writing to Modbus register: no connection to modbus server
[2025-03-01T07:28:20.342Z] Error reading register 3105 for IP 10.30.4.91: no connection to modbus server
[2025-03-01T07:28:20.343Z] ❌ Error reading register 1000 for IP 10.30.4.91: no connection to modbus server
[2025-03-01T07:28:20.374Z] Error writing to Modbus register: no connection to modbus server
[2025-03-01T07:28:21.358Z] Error reading register 3105 for IP 10.30.4.91: no connection to modbus server
[2025-03-01T07:28:21.359Z] ❌ Error reading register 1000 for IP 10.30.4.91: no connection to modbus server
[2025-03-01T07:28:21.374Z] Error writing to Modbus register: no connection to modbus server
[2025-03-01T07:28:22.359Z] Error reading register 3105 for IP 10.30.4.91: no connection to modbus server
[2025-03-01T07:28:22.359Z] ❌ Error reading register 1000 for IP 10.30.4.91: no connection to modbus server
[2025-03-01T07:28:22.391Z] Error writing to Modbus register: no connection to modbus server
[2025-03-01T07:28:23.374Z] Error reading register 3105 for IP 10.30.4.91: no connection to modbus server
[2025-03-01T07:28:23.374Z] ❌ Error reading register 1000 for IP 10.30.4.91: no connection to modbus server
[2025-03-01T07:28:23.390Z] Error writing to Modbus register: no connection to modbus server
[2025-03-01T07:28:24.375Z] Error reading register 3105 for IP 10.30.4.91: no connection to modbus server
[2025-03-01T07:28:24.375Z] ❌ Error reading register 1000 for IP 10.30.4.91: no connection to modbus server
[2025-03-01T07:28:24.391Z] Error writing to Modbus register: no connection to modbus server
[2025-03-01T07:28:25.374Z] Error reading register 3105 for IP 10.30.4.91: no connection to modbus server
[2025-03-01T07:28:25.375Z] ❌ Error reading register 1000 for IP 10.30.4.91: no connection to modbus server
[2025-03-01T07:28:25.391Z] Error writing to Modbus register: no connection to modbus server
[2025-03-01T07:28:26.373Z] Error reading register 3105 for IP 10.30.4.91: no connection to modbus server
[2025-03-01T07:28:26.373Z] ❌ Error reading register 1000 for IP 10.30.4.91: no connection to modbus server
[2025-03-01T07:28:26.407Z] Error writing to Modbus register: no connection to modbus server
[2025-03-01T07:28:27.375Z] Error reading register 3105 for IP 10.30.4.91: no connection to modbus server
[2025-03-01T07:28:27.375Z] ❌ Error reading register 1000 for IP 10.30.4.91: no connection to modbus server
[2025-03-01T07:28:27.407Z] Error writing to Modbus register: no connection to modbus server
[2025-03-01T07:28:28.391Z] Error reading register 3105 for IP 10.30.4.91: no connection to modbus server
[2025-03-01T07:28:28.391Z] ❌ Error reading register 1000 for IP 10.30.4.91: no connection to modbus server
[2025-03-01T07:28:28.423Z] Error writing to Modbus register: no connection to modbus server
[2025-03-01T07:28:29.394Z] Error reading register 3105 for IP 10.30.4.91: no connection to modbus server
[2025-03-01T07:28:29.394Z] ❌ Error reading register 1000 for IP 10.30.4.91: no connection to modbus server
[2025-03-01T07:28:29.426Z] Error writing to Modbus register: no connection to modbus server
[2025-03-01T07:28:30.403Z] Error reading register 3105 for IP 10.30.4.91: no connection to modbus server
[2025-03-01T07:28:30.404Z] ❌ Error reading register 1000 for IP 10.30.4.91: no connection to modbus server
[2025-03-01T07:28:30.434Z] Error writing to Modbus register: no connection to modbus server
[2025-03-01T07:28:31.407Z] Error reading register 3105 for IP 10.30.4.91: no connection to modbus server
[2025-03-01T07:28:31.407Z] ❌ Error reading register 1000 for IP 10.30.4.91: no connection to modbus server
[2025-03-01T07:28:31.440Z] Error writing to Modbus register: no connection to modbus server
[2025-03-01T07:28:32.408Z] Error reading register 3105 for IP 10.30.4.91: no connection to modbus server
[2025-03-01T07:28:32.408Z] ❌ Error reading register 1000 for IP 10.30.4.91: no connection to modbus server
[2025-03-01T07:28:32.458Z] Error writing to Modbus register: no connection to modbus server
[2025-03-01T07:28:33.409Z] Error reading register 3105 for IP 10.30.4.91: no connection to modbus server
[2025-03-01T07:28:33.410Z] ❌ Error reading register 1000 for IP 10.30.4.91: no connection to modbus server
[2025-03-01T07:28:33.459Z] Error writing to Modbus register: no connection to modbus server
[2025-03-01T07:28:34.424Z] Error reading register 3105 for IP 10.30.4.91: no connection to modbus server
[2025-03-01T07:28:34.425Z] ❌ Error reading register 1000 for IP 10.30.4.91: no connection to modbus server
[2025-03-01T07:28:34.474Z] Error writing to Modbus register: no connection to modbus server
[2025-03-01T07:28:35.424Z] Error reading register 3105 for IP 10.30.4.91: no connection to modbus server
[2025-03-01T07:28:35.425Z] ❌ Error reading register 1000 for IP 10.30.4.91: no connection to modbus server
[2025-03-01T07:28:35.473Z] Error writing to Modbus register: no connection to modbus server
[2025-03-01T07:28:36.440Z] Error reading register 3105 for IP 10.30.4.91: no connection to modbus server
[2025-03-01T07:28:36.440Z] ❌ Error reading register 1000 for IP 10.30.4.91: no connection to modbus server
[2025-03-01T07:28:36.474Z] Error writing to Modbus register: no connection to modbus server
[2025-03-01T07:28:37.440Z] Error reading register 3105 for IP 10.30.4.91: no connection to modbus server
[2025-03-01T07:28:37.441Z] ❌ Error reading register 1000 for IP 10.30.4.91: no connection to modbus server
[2025-03-01T07:28:37.474Z] Error writing to Modbus register: no connection to modbus server
[2025-03-01T07:28:38.442Z] Error reading register 3105 for IP 10.30.4.91: no connection to modbus server
[2025-03-01T07:28:38.442Z] ❌ Error reading register 1000 for IP 10.30.4.91: no connection to modbus server
[2025-03-01T07:28:38.490Z] Error writing to Modbus register: no connection to modbus server
[2025-03-01T07:28:39.441Z] Error reading register 3105 for IP 10.30.4.91: no connection to modbus server
[2025-03-01T07:28:39.442Z] ❌ Error reading register 1000 for IP 10.30.4.91: no connection to modbus server
[2025-03-01T07:28:39.492Z] Error writing to Modbus register: no connection to modbus server
[2025-03-01T07:28:40.447Z] Error reading register 3105 for IP 10.30.4.91: no connection to modbus server
[2025-03-01T07:28:40.447Z] ❌ Error reading register 1000 for IP 10.30.4.91: no connection to modbus server
[2025-03-01T07:28:40.507Z] Error writing to Modbus register: no connection to modbus server
[2025-03-01T07:28:41.458Z] Error reading register 3105 for IP 10.30.4.91: no connection to modbus server
[2025-03-01T07:28:41.458Z] ❌ Error reading register 1000 for IP 10.30.4.91: no connection to modbus server
[2025-03-01T07:28:41.507Z] Error writing to Modbus register: no connection to modbus server
[2025-03-01T07:28:42.473Z] Error reading register 3105 for IP 10.30.4.91: no connection to modbus server
[2025-03-01T07:28:42.474Z] ❌ Error reading register 1000 for IP 10.30.4.91: no connection to modbus server
[2025-03-01T07:28:42.520Z] Error writing to Modbus register: no connection to modbus server
[2025-03-01T07:28:43.477Z] Error reading register 3105 for IP 10.30.4.91: no connection to modbus server
[2025-03-01T07:28:43.478Z] ❌ Error reading register 1000 for IP 10.30.4.91: no connection to modbus server
[2025-03-01T07:28:43.527Z] Error writing to Modbus register: no connection to modbus server
[2025-03-01T07:28:44.491Z] Error reading register 3105 for IP 10.30.4.91: no connection to modbus server
[2025-03-01T07:28:44.492Z] ❌ Error reading register 1000 for IP 10.30.4.91: no connection to modbus server
[2025-03-01T07:28:44.541Z] Error writing to Modbus register: no connection to modbus server
[2025-03-01T07:28:45.491Z] Error reading register 3105 for IP 10.30.4.91: no connection to modbus server
[2025-03-01T07:28:45.492Z] ❌ Error reading register 1000 for IP 10.30.4.91: no connection to modbus server
[2025-03-01T07:28:45.541Z] Error writing to Modbus register: no connection to modbus server
[2025-03-01T07:28:46.491Z] Error reading register 3105 for IP 10.30.4.91: no connection to modbus server
[2025-03-01T07:28:46.492Z] ❌ Error reading register 1000 for IP 10.30.4.91: no connection to modbus server
[2025-03-01T07:28:46.553Z] Error writing to Modbus register: no connection to modbus server
[2025-03-01T07:28:47.491Z] Error reading register 3105 for IP 10.30.4.91: no connection to modbus server
[2025-03-01T07:28:47.491Z] ❌ Error reading register 1000 for IP 10.30.4.91: no connection to modbus server
[2025-03-01T07:28:47.557Z] Error writing to Modbus register: no connection to modbus server
[2025-03-01T07:28:48.506Z] Error reading register 3105 for IP 10.30.4.91: no connection to modbus server
[2025-03-01T07:28:48.506Z] ❌ Error reading register 1000 for IP 10.30.4.91: no connection to modbus server
[2025-03-01T07:28:48.559Z] Error writing to Modbus register: no connection to modbus server
[2025-03-01T07:28:49.507Z] Error reading register 3105 for IP 10.30.4.91: no connection to modbus server
[2025-03-01T07:28:49.507Z] ❌ Error reading register 1000 for IP 10.30.4.91: no connection to modbus server
[2025-03-01T07:28:49.574Z] Error writing to Modbus register: no connection to modbus server
[2025-03-01T07:28:50.523Z] Error reading register 3105 for IP 10.30.4.91: no connection to modbus server
[2025-03-01T07:28:50.523Z] ❌ Error reading register 1000 for IP 10.30.4.91: no connection to modbus server
[2025-03-01T07:28:50.574Z] Error writing to Modbus register: no connection to modbus server
[2025-03-01T07:28:51.523Z] Error reading register 3105 for IP 10.30.4.91: no connection to modbus server
[2025-03-01T07:28:51.523Z] ❌ Error reading register 1000 for IP 10.30.4.91: no connection to modbus server
[2025-03-01T07:28:51.589Z] Error writing to Modbus register: no connection to modbus server
[2025-03-01T07:28:52.540Z] Error reading register 3105 for IP 10.30.4.91: no connection to modbus server
[2025-03-01T07:28:52.540Z] ❌ Error reading register 1000 for IP 10.30.4.91: no connection to modbus server
[2025-03-01T07:28:52.590Z] Error writing to Modbus register: no connection to modbus server
[2025-03-01T07:28:53.540Z] Error reading register 3105 for IP 10.30.4.91: no connection to modbus server
[2025-03-01T07:28:53.540Z] ❌ Error reading register 1000 for IP 10.30.4.91: no connection to modbus server
[2025-03-01T07:28:53.590Z] Error writing to Modbus register: no connection to modbus server
[2025-03-01T07:28:54.541Z] Error reading register 3105 for IP 10.30.4.91: no connection to modbus server
[2025-03-01T07:28:54.541Z] ❌ Error reading register 1000 for IP 10.30.4.91: no connection to modbus server
[2025-03-01T07:28:54.591Z] Error writing to Modbus register: no connection to modbus server
[2025-03-01T07:28:55.541Z] Error reading register 3105 for IP 10.30.4.91: no connection to modbus server
[2025-03-01T07:28:55.541Z] ❌ Error reading register 1000 for IP 10.30.4.91: no connection to modbus server
[2025-03-01T07:28:55.591Z] Error writing to Modbus register: no connection to modbus server
[2025-03-01T07:28:56.541Z] Error reading register 3105 for IP 10.30.4.91: no connection to modbus server
[2025-03-01T07:28:56.541Z] ❌ Error reading register 1000 for IP 10.30.4.91: no connection to modbus server
[2025-03-01T07:28:56.590Z] Error writing to Modbus register: no connection to modbus server
[2025-03-01T07:28:57.542Z] Error reading register 3105 for IP 10.30.4.91: no connection to modbus server
[2025-03-01T07:28:57.543Z] ❌ Error reading register 1000 for IP 10.30.4.91: no connection to modbus server
[2025-03-01T07:28:57.591Z] Error writing to Modbus register: no connection to modbus server
[2025-03-01T07:28:58.557Z] Error reading register 3105 for IP 10.30.4.91: no connection to modbus server
[2025-03-01T07:28:58.558Z] ❌ Error reading register 1000 for IP 10.30.4.91: no connection to modbus server
[2025-03-01T07:28:58.591Z] Error writing to Modbus register: no connection to modbus server
[2025-03-01T07:28:59.557Z] Error reading register 3105 for IP 10.30.4.91: no connection to modbus server
[2025-03-01T07:28:59.558Z] ❌ Error reading register 1000 for IP 10.30.4.91: no connection to modbus server
[2025-03-01T07:28:59.591Z] Error writing to Modbus register: no connection to modbus server
[2025-03-01T07:29:00.558Z] Error reading register 3105 for IP 10.30.4.91: no connection to modbus server
[2025-03-01T07:29:00.558Z] ❌ Error reading register 1000 for IP 10.30.4.91: no connection to modbus server
[2025-03-01T07:29:00.591Z] Error writing to Modbus register: no connection to modbus server
[2025-03-01T07:29:01.574Z] Error reading register 3105 for IP 10.30.4.91: no connection to modbus server
[2025-03-01T07:29:01.575Z] ❌ Error reading register 1000 for IP 10.30.4.91: no connection to modbus server
[2025-03-01T07:29:01.607Z] Error writing to Modbus register: no connection to modbus server
[2025-03-01T07:29:02.574Z] Error reading register 3105 for IP 10.30.4.91: no connection to modbus server
[2025-03-01T07:29:02.575Z] ❌ Error reading register 1000 for IP 10.30.4.91: no connection to modbus server
[2025-03-01T07:29:02.608Z] Error writing to Modbus register: no connection to modbus server
[2025-03-01T07:29:03.589Z] Error reading register 3105 for IP 10.30.4.91: no connection to modbus server
[2025-03-01T07:29:03.589Z] ❌ Error reading register 1000 for IP 10.30.4.91: no connection to modbus server
[2025-03-01T07:29:03.622Z] Error writing to Modbus register: no connection to modbus server
[2025-03-01T07:29:04.591Z] Error reading register 3105 for IP 10.30.4.91: no connection to modbus server
[2025-03-01T07:29:04.591Z] ❌ Error reading register 1000 for IP 10.30.4.91: no connection to modbus server
[2025-03-01T07:29:04.623Z] Error writing to Modbus register: no connection to modbus server
[2025-03-01T07:29:05.591Z] Error reading register 3105 for IP 10.30.4.91: no connection to modbus server
[2025-03-01T07:29:05.591Z] ❌ Error reading register 1000 for IP 10.30.4.91: no connection to modbus server
[2025-03-01T07:29:05.624Z] Error writing to Modbus register: no connection to modbus server
[2025-03-01T07:29:06.591Z] Error reading register 3105 for IP 10.30.4.91: no connection to modbus server
[2025-03-01T07:29:06.591Z] ❌ Error reading register 1000 for IP 10.30.4.91: no connection to modbus server
[2025-03-01T07:29:06.624Z] Error writing to Modbus register: no connection to modbus server
[2025-03-01T07:29:07.592Z] Error reading register 3105 for IP 10.30.4.91: no connection to modbus server
[2025-03-01T07:29:07.592Z] ❌ Error reading register 1000 for IP 10.30.4.91: no connection to modbus server
[2025-03-01T07:29:07.624Z] Error writing to Modbus register: no connection to modbus server
[2025-03-01T07:29:08.592Z] Error reading register 3105 for IP 10.30.4.91: no connection to modbus server
[2025-03-01T07:29:08.592Z] ❌ Error reading register 1000 for IP 10.30.4.91: no connection to modbus server
[2025-03-01T07:29:08.640Z] Error writing to Modbus register: no connection to modbus server
[2025-03-01T07:29:09.606Z] Error reading register 3105 for IP 10.30.4.91: no connection to modbus server
[2025-03-01T07:29:09.607Z] ❌ Error reading register 1000 for IP 10.30.4.91: no connection to modbus server
[2025-03-01T07:29:09.640Z] Error writing to Modbus register: no connection to modbus server
[2025-03-01T07:29:10.607Z] Error reading register 3105 for IP 10.30.4.91: no connection to modbus server
[2025-03-01T07:29:10.608Z] ❌ Error reading register 1000 for IP 10.30.4.91: no connection to modbus server
[2025-03-01T07:29:10.657Z] Error writing to Modbus register: no connection to modbus server
[2025-03-01T07:29:11.607Z] Error reading register 3105 for IP 10.30.4.91: no connection to modbus server
[2025-03-01T07:29:11.607Z] ❌ Error reading register 1000 for IP 10.30.4.91: no connection to modbus server
[2025-03-01T07:29:11.656Z] Error writing to Modbus register: no connection to modbus server
[2025-03-01T07:29:12.608Z] Error reading register 3105 for IP 10.30.4.91: no connection to modbus server
[2025-03-01T07:29:12.608Z] ❌ Error reading register 1000 for IP 10.30.4.91: no connection to modbus server
[2025-03-01T07:29:12.674Z] Error writing to Modbus register: no connection to modbus server
[2025-03-01T07:29:13.622Z] Error reading register 3105 for IP 10.30.4.91: no connection to modbus server
[2025-03-01T07:29:13.623Z] ❌ Error reading register 1000 for IP 10.30.4.91: no connection to modbus server
[2025-03-01T07:29:13.675Z] Error writing to Modbus register: no connection to modbus server
[2025-03-01T07:29:14.623Z] Error reading register 3105 for IP 10.30.4.91: no connection to modbus server
[2025-03-01T07:29:14.623Z] ❌ Error reading register 1000 for IP 10.30.4.91: no connection to modbus server
[2025-03-01T07:29:14.689Z] Error writing to Modbus register: no connection to modbus server
[2025-03-01T07:29:15.623Z] Error reading register 3105 for IP 10.30.4.91: no connection to modbus server
[2025-03-01T07:29:15.624Z] ❌ Error reading register 1000 for IP 10.30.4.91: no connection to modbus server
[2025-03-01T07:29:15.689Z] Error writing to Modbus register: no connection to modbus server
[2025-03-01T07:29:16.623Z] Error reading register 3105 for IP 10.30.4.91: no connection to modbus server
[2025-03-01T07:29:16.624Z] ❌ Error reading register 1000 for IP 10.30.4.91: no connection to modbus server
[2025-03-01T07:29:16.689Z] Error writing to Modbus register: no connection to modbus server
[2025-03-01T07:29:17.624Z] Error reading register 3105 for IP 10.30.4.91: no connection to modbus server
[2025-03-01T07:29:17.625Z] ❌ Error reading register 1000 for IP 10.30.4.91: no connection to modbus server
[2025-03-01T07:29:17.691Z] Error writing to Modbus register: no connection to modbus server
[2025-03-01T07:29:18.625Z] Error reading register 3105 for IP 10.30.4.91: no connection to modbus server
[2025-03-01T07:29:18.626Z] ❌ Error reading register 1000 for IP 10.30.4.91: no connection to modbus server
[2025-03-01T07:29:18.707Z] Error writing to Modbus register: no connection to modbus server
[2025-03-01T07:29:19.640Z] Error reading register 3105 for IP 10.30.4.91: no connection to modbus server
[2025-03-01T07:29:19.640Z] ❌ Error reading register 1000 for IP 10.30.4.91: no connection to modbus server
[2025-03-01T07:29:19.707Z] Error writing to Modbus register: no connection to modbus server
[2025-03-01T07:29:20.657Z] Error reading register 3105 for IP 10.30.4.91: no connection to modbus server
[2025-03-01T07:29:20.657Z] ❌ Error reading register 1000 for IP 10.30.4.91: no connection to modbus server
[2025-03-01T07:29:20.706Z] Error writing to Modbus register: no connection to modbus server
[2025-03-01T07:29:21.657Z] Error reading register 3105 for IP 10.30.4.91: no connection to modbus server
[2025-03-01T07:29:21.658Z] ❌ Error reading register 1000 for IP 10.30.4.91: no connection to modbus server
[2025-03-01T07:29:21.707Z] Error writing to Modbus register: no connection to modbus server
[2025-03-01T07:29:22.656Z] Error reading register 3105 for IP 10.30.4.91: no connection to modbus server
[2025-03-01T07:29:22.656Z] ❌ Error reading register 1000 for IP 10.30.4.91: no connection to modbus server
[2025-03-01T07:29:22.706Z] Error writing to Modbus register: no connection to modbus server
[2025-03-01T07:29:23.657Z] Error reading register 3105 for IP 10.30.4.91: no connection to modbus server
[2025-03-01T07:29:23.657Z] ❌ Error reading register 1000 for IP 10.30.4.91: no connection to modbus server
[2025-03-01T07:29:23.706Z] Error writing to Modbus register: no connection to modbus server
[2025-03-01T07:29:24.673Z] ❌ Error reading register 1000 for IP 10.30.4.91: no connection to modbus server
[2025-03-01T07:29:24.673Z] Error reading register 3105 for IP 10.30.4.91: no connection to modbus server
[2025-03-01T07:29:24.723Z] Error writing to Modbus register: no connection to modbus server
[2025-03-01T07:29:25.673Z] Error reading register 3105 for IP 10.30.4.91: no connection to modbus server
[2025-03-01T07:29:25.673Z] ❌ Error reading register 1000 for IP 10.30.4.91: no connection to modbus server
[2025-03-01T07:29:25.724Z] Error writing to Modbus register: no connection to modbus server
[2025-03-01T07:29:26.675Z] Error reading register 3105 for IP 10.30.4.91: no connection to modbus server
[2025-03-01T07:29:26.676Z] ❌ Error reading register 1000 for IP 10.30.4.91: no connection to modbus server
[2025-03-01T07:29:26.740Z] Error writing to Modbus register: no connection to modbus server
[2025-03-01T07:29:27.689Z] Error reading register 3105 for IP 10.30.4.91: no connection to modbus server
[2025-03-01T07:29:27.690Z] ❌ Error reading register 1000 for IP 10.30.4.91: no connection to modbus server
[2025-03-01T07:29:27.739Z] Error writing to Modbus register: no connection to modbus server
[2025-03-01T07:29:28.690Z] Error reading register 3105 for IP 10.30.4.91: no connection to modbus server
[2025-03-01T07:29:28.690Z] ❌ Error reading register 1000 for IP 10.30.4.91: no connection to modbus server
[2025-03-01T07:29:28.739Z] Error writing to Modbus register: no connection to modbus server
[2025-03-01T07:29:29.691Z] Error reading register 3105 for IP 10.30.4.91: no connection to modbus server
[2025-03-01T07:29:29.691Z] ❌ Error reading register 1000 for IP 10.30.4.91: no connection to modbus server
[2025-03-01T07:29:29.740Z] Error writing to Modbus register: no connection to modbus server
[2025-03-01T07:29:30.708Z] Error reading register 3105 for IP 10.30.4.91: no connection to modbus server
[2025-03-01T07:29:30.708Z] ❌ Error reading register 1000 for IP 10.30.4.91: no connection to modbus server
[2025-03-01T07:29:30.739Z] Error writing to Modbus register: no connection to modbus server
[2025-03-01T07:29:31.713Z] Error reading register 3105 for IP 10.30.4.91: no connection to modbus server
[2025-03-01T07:29:31.713Z] ❌ Error reading register 1000 for IP 10.30.4.91: no connection to modbus server
[2025-03-01T07:29:31.744Z] Error writing to Modbus register: no connection to modbus server
[2025-03-01T07:29:32.715Z] Error reading register 3105 for IP 10.30.4.91: no connection to modbus server
[2025-03-01T07:29:32.715Z] ❌ Error reading register 1000 for IP 10.30.4.91: no connection to modbus server
[2025-03-01T07:29:32.745Z] Error writing to Modbus register: no connection to modbus server
[2025-03-01T07:29:33.723Z] Error reading register 3105 for IP 10.30.4.91: no connection to modbus server
[2025-03-01T07:29:33.723Z] ❌ Error reading register 1000 for IP 10.30.4.91: no connection to modbus server
[2025-03-01T07:29:33.756Z] Error writing to Modbus register: no connection to modbus server
[2025-03-01T07:29:34.724Z] Error reading register 3105 for IP 10.30.4.91: no connection to modbus server
[2025-03-01T07:29:34.725Z] ❌ Error reading register 1000 for IP 10.30.4.91: no connection to modbus server
[2025-03-01T07:29:34.757Z] Error writing to Modbus register: no connection to modbus server
[2025-03-01T07:29:35.740Z] Error reading register 3105 for IP 10.30.4.91: no connection to modbus server
[2025-03-01T07:29:35.741Z] ❌ Error reading register 1000 for IP 10.30.4.91: no connection to modbus server
[2025-03-01T07:29:35.756Z] Error writing to Modbus register: no connection to modbus server
[2025-03-01T07:29:36.740Z] Error reading register 3105 for IP 10.30.4.91: no connection to modbus server
[2025-03-01T07:29:36.740Z] ❌ Error reading register 1000 for IP 10.30.4.91: no connection to modbus server
[2025-03-01T07:29:36.772Z] Error writing to Modbus register: no connection to modbus server
[2025-03-01T07:29:37.757Z] Error reading register 3105 for IP 10.30.4.91: no connection to modbus server
[2025-03-01T07:29:37.758Z] ❌ Error reading register 1000 for IP 10.30.4.91: no connection to modbus server
[2025-03-01T07:29:37.787Z] Error writing to Modbus register: no connection to modbus server
[2025-03-01T07:29:38.756Z] Error reading register 3105 for IP 10.30.4.91: no connection to modbus server
[2025-03-01T07:29:38.756Z] ❌ Error reading register 1000 for IP 10.30.4.91: no connection to modbus server
[2025-03-01T07:29:38.790Z] Error writing to Modbus register: no connection to modbus server
[2025-03-01T07:29:39.756Z] Error reading register 3105 for IP 10.30.4.91: no connection to modbus server
[2025-03-01T07:29:39.757Z] ❌ Error reading register 1000 for IP 10.30.4.91: no connection to modbus server
[2025-03-01T07:29:39.790Z] Error writing to Modbus register: no connection to modbus server
[2025-03-01T07:29:40.773Z] Error reading register 3105 for IP 10.30.4.91: no connection to modbus server
[2025-03-01T07:29:40.773Z] ❌ Error reading register 1000 for IP 10.30.4.91: no connection to modbus server
[2025-03-01T07:29:40.789Z] Error writing to Modbus register: no connection to modbus server
[2025-03-01T07:29:41.779Z] Error reading register 3105 for IP 10.30.4.91: no connection to modbus server
[2025-03-01T07:29:41.779Z] ❌ Error reading register 1000 for IP 10.30.4.91: no connection to modbus server
[2025-03-01T07:29:41.795Z] Error writing to Modbus register: no connection to modbus server
[2025-03-01T07:29:42.790Z] Error reading register 3105 for IP 10.30.4.91: no connection to modbus server
[2025-03-01T07:29:42.790Z] ❌ Error reading register 1000 for IP 10.30.4.91: no connection to modbus server
[2025-03-01T07:29:42.806Z] Error writing to Modbus register: no connection to modbus server
[2025-03-01T07:29:43.803Z] Error reading register 3105 for IP 10.30.4.91: no connection to modbus server
[2025-03-01T07:29:43.804Z] ❌ Error reading register 1000 for IP 10.30.4.91: no connection to modbus server
[2025-03-01T07:29:43.818Z] Error writing to Modbus register: no connection to modbus server
[2025-03-01T07:29:44.806Z] Error reading register 3105 for IP 10.30.4.91: no connection to modbus server
[2025-03-01T07:29:44.807Z] ❌ Error reading register 1000 for IP 10.30.4.91: no connection to modbus server
[2025-03-01T07:29:44.823Z] Error writing to Modbus register: no connection to modbus server
[2025-03-01T07:29:45.823Z] ❌ Error reading register 1000 for IP 10.30.4.91: no connection to modbus server
[2025-03-01T07:29:45.824Z] Error writing to Modbus register: no connection to modbus server
[2025-03-01T07:29:45.823Z] Error reading register 3105 for IP 10.30.4.91: no connection to modbus server
[2025-03-01T07:29:46.822Z] Error reading register 3105 for IP 10.30.4.91: no connection to modbus server
[2025-03-01T07:29:46.822Z] ❌ Error reading register 1000 for IP 10.30.4.91: no connection to modbus server
[2025-03-01T07:29:46.839Z] Error writing to Modbus register: no connection to modbus server
[2025-03-01T07:29:47.823Z] Error reading register 3105 for IP 10.30.4.91: no connection to modbus server
[2025-03-01T07:29:47.823Z] ❌ Error reading register 1000 for IP 10.30.4.91: no connection to modbus server
[2025-03-01T07:29:47.839Z] Error writing to Modbus register: no connection to modbus server
[2025-03-01T07:29:48.822Z] Error reading register 3105 for IP 10.30.4.91: no connection to modbus server
[2025-03-01T07:29:48.822Z] ❌ Error reading register 1000 for IP 10.30.4.91: no connection to modbus server
[2025-03-01T07:29:48.840Z] Error writing to Modbus register: no connection to modbus server
[2025-03-01T07:29:49.823Z] Error reading register 3105 for IP 10.30.4.91: no connection to modbus server
[2025-03-01T07:29:49.823Z] ❌ Error reading register 1000 for IP 10.30.4.91: no connection to modbus server
[2025-03-01T07:29:49.841Z] Error writing to Modbus register: no connection to modbus server
[2025-03-01T07:29:50.826Z] Error reading register 3105 for IP 10.30.4.91: no connection to modbus server
[2025-03-01T07:29:50.826Z] ❌ Error reading register 1000 for IP 10.30.4.91: no connection to modbus server
[2025-03-01T07:29:50.856Z] Error writing to Modbus register: no connection to modbus server
[2025-03-01T07:29:51.839Z] Error reading register 3105 for IP 10.30.4.91: no connection to modbus server
[2025-03-01T07:29:51.840Z] ❌ Error reading register 1000 for IP 10.30.4.91: no connection to modbus server
[2025-03-01T07:29:51.873Z] Error writing to Modbus register: no connection to modbus server
[2025-03-01T07:29:52.841Z] Error reading register 3105 for IP 10.30.4.91: no connection to modbus server
[2025-03-01T07:29:52.842Z] ❌ Error reading register 1000 for IP 10.30.4.91: no connection to modbus server
[2025-03-01T07:29:52.873Z] Error writing to Modbus register: no connection to modbus server
[2025-03-01T07:29:53.856Z] Error reading register 3105 for IP 10.30.4.91: no connection to modbus server
[2025-03-01T07:29:53.856Z] ❌ Error reading register 1000 for IP 10.30.4.91: no connection to modbus server
[2025-03-01T07:29:53.873Z] Error writing to Modbus register: no connection to modbus server
[2025-03-01T07:29:54.857Z] Error reading register 3105 for IP 10.30.4.91: no connection to modbus server
[2025-03-01T07:29:54.857Z] ❌ Error reading register 1000 for IP 10.30.4.91: no connection to modbus server
[2025-03-01T07:29:54.873Z] Error writing to Modbus register: no connection to modbus server
[2025-03-01T07:29:55.858Z] Error reading register 3105 for IP 10.30.4.91: no connection to modbus server
[2025-03-01T07:29:55.858Z] ❌ Error reading register 1000 for IP 10.30.4.91: no connection to modbus server
[2025-03-01T07:29:55.874Z] Error writing to Modbus register: no connection to modbus server
[2025-03-01T07:29:56.857Z] Error reading register 3105 for IP 10.30.4.91: no connection to modbus server
[2025-03-01T07:29:56.858Z] ❌ Error reading register 1000 for IP 10.30.4.91: no connection to modbus server
[2025-03-01T07:29:56.889Z] Error writing to Modbus register: no connection to modbus server
[2025-03-01T07:29:57.873Z] Error reading register 3105 for IP 10.30.4.91: no connection to modbus server
[2025-03-01T07:29:57.873Z] ❌ Error reading register 1000 for IP 10.30.4.91: no connection to modbus server
[2025-03-01T07:29:57.889Z] Error writing to Modbus register: no connection to modbus server
[2025-03-01T07:29:58.872Z] Error reading register 3105 for IP 10.30.4.91: no connection to modbus server
[2025-03-01T07:29:58.873Z] ❌ Error reading register 1000 for IP 10.30.4.91: no connection to modbus server
[2025-03-01T07:29:58.890Z] Error writing to Modbus register: no connection to modbus server
[2025-03-01T07:29:59.873Z] Error reading register 3105 for IP 10.30.4.91: no connection to modbus server
[2025-03-01T07:29:59.873Z] ❌ Error reading register 1000 for IP 10.30.4.91: no connection to modbus server
[2025-03-01T07:29:59.890Z] Error writing to Modbus register: no connection to modbus server
[2025-03-01T07:30:00.872Z] Error reading register 3105 for IP 10.30.4.91: no connection to modbus server
[2025-03-01T07:30:00.873Z] ❌ Error reading register 1000 for IP 10.30.4.91: no connection to modbus server
[2025-03-01T07:30:00.889Z] Error writing to Modbus register: no connection to modbus server
[2025-03-01T07:30:01.872Z] Error reading register 3105 for IP 10.30.4.91: no connection to modbus server
[2025-03-01T07:30:01.873Z] ❌ Error reading register 1000 for IP 10.30.4.91: no connection to modbus server
[2025-03-01T07:30:01.889Z] Error writing to Modbus register: no connection to modbus server
[2025-03-01T07:30:02.890Z] Error reading register 3105 for IP 10.30.4.91: no connection to modbus server
[2025-03-01T07:30:02.890Z] ❌ Error reading register 1000 for IP 10.30.4.91: no connection to modbus server
[2025-03-01T07:30:02.891Z] Error writing to Modbus register: no connection to modbus server
[2025-03-01T07:30:03.906Z] Error reading register 3105 for IP 10.30.4.91: no connection to modbus server
[2025-03-01T07:30:03.906Z] ❌ Error reading register 1000 for IP 10.30.4.91: no connection to modbus server
[2025-03-01T07:30:03.906Z] Error writing to Modbus register: no connection to modbus server
[2025-03-01T07:30:04.910Z] Error reading register 3105 for IP 10.30.4.91: no connection to modbus server
[2025-03-01T07:30:04.910Z] ❌ Error reading register 1000 for IP 10.30.4.91: no connection to modbus server
[2025-03-01T07:30:04.910Z] Error writing to Modbus register: no connection to modbus server
[2025-03-01T07:30:05.923Z] Error reading register 3105 for IP 10.30.4.91: no connection to modbus server
[2025-03-01T07:30:05.923Z] ❌ Error reading register 1000 for IP 10.30.4.91: no connection to modbus server
[2025-03-01T07:30:05.924Z] Error writing to Modbus register: no connection to modbus server
[2025-03-01T07:30:06.923Z] Error reading register 3105 for IP 10.30.4.91: no connection to modbus server
[2025-03-01T07:30:06.923Z] ❌ Error reading register 1000 for IP 10.30.4.91: no connection to modbus server
[2025-03-01T07:30:06.924Z] Error writing to Modbus register: no connection to modbus server
[2025-03-01T07:30:07.939Z] Error reading register 3105 for IP 10.30.4.91: no connection to modbus server
[2025-03-01T07:30:07.939Z] ❌ Error reading register 1000 for IP 10.30.4.91: no connection to modbus server
[2025-03-01T07:30:07.940Z] Error writing to Modbus register: no connection to modbus server
[2025-03-01T07:30:08.940Z] Error reading register 3105 for IP 10.30.4.91: no connection to modbus server
[2025-03-01T07:30:08.940Z] ❌ Error reading register 1000 for IP 10.30.4.91: no connection to modbus server
[2025-03-01T07:30:08.941Z] Error writing to Modbus register: no connection to modbus server
[2025-03-01T07:30:09.950Z] Error reading register 3105 for IP 10.30.4.91: no connection to modbus server
[2025-03-01T07:30:09.950Z] ❌ Error reading register 1000 for IP 10.30.4.91: no connection to modbus server
[2025-03-01T07:30:09.950Z] Error writing to Modbus register: no connection to modbus server
[2025-03-01T07:30:10.956Z] Error reading register 3105 for IP 10.30.4.91: no connection to modbus server
[2025-03-01T07:30:10.956Z] ❌ Error reading register 1000 for IP 10.30.4.91: no connection to modbus server
[2025-03-01T07:30:10.957Z] Error writing to Modbus register: no connection to modbus server
[2025-03-01T07:30:11.958Z] Error reading register 3105 for IP 10.30.4.91: no connection to modbus server
[2025-03-01T07:30:11.959Z] ❌ Error reading register 1000 for IP 10.30.4.91: no connection to modbus server
[2025-03-01T07:30:11.960Z] Error writing to Modbus register: no connection to modbus server
[2025-03-01T07:30:12.972Z] Error reading register 3105 for IP 10.30.4.91: no connection to modbus server
[2025-03-01T07:30:12.973Z] ❌ Error reading register 1000 for IP 10.30.4.91: no connection to modbus server
[2025-03-01T07:30:12.973Z] Error writing to Modbus register: no connection to modbus server
[2025-03-01T07:30:13.974Z] Error reading register 3105 for IP 10.30.4.91: no connection to modbus server
[2025-03-01T07:30:13.974Z] ❌ Error reading register 1000 for IP 10.30.4.91: no connection to modbus server
[2025-03-01T07:30:13.975Z] Error writing to Modbus register: no connection to modbus server
[2025-03-01T07:30:14.973Z] Error reading register 3105 for IP 10.30.4.91: no connection to modbus server
[2025-03-01T07:30:14.973Z] ❌ Error reading register 1000 for IP 10.30.4.91: no connection to modbus server
[2025-03-01T07:30:14.989Z] Error writing to Modbus register: no connection to modbus server
[2025-03-01T07:30:15.989Z] Error reading register 3105 for IP 10.30.4.91: no connection to modbus server
[2025-03-01T07:30:15.989Z] ❌ Error reading register 1000 for IP 10.30.4.91: no connection to modbus server
[2025-03-01T07:30:15.989Z] Error writing to Modbus register: no connection to modbus server
[2025-03-01T07:30:16.990Z] Error reading register 3105 for IP 10.30.4.91: no connection to modbus server
[2025-03-01T07:30:16.991Z] ❌ Error reading register 1000 for IP 10.30.4.91: no connection to modbus server
[2025-03-01T07:30:16.992Z] Error writing to Modbus register: no connection to modbus server
[2025-03-01T07:30:17.990Z] Error reading register 3105 for IP 10.30.4.91: no connection to modbus server
[2025-03-01T07:30:17.990Z] ❌ Error reading register 1000 for IP 10.30.4.91: no connection to modbus server
[2025-03-01T07:30:17.991Z] Error writing to Modbus register: no connection to modbus server
[2025-03-01T07:30:18.992Z] Error reading register 3105 for IP 10.30.4.91: no connection to modbus server
[2025-03-01T07:30:18.992Z] ❌ Error reading register 1000 for IP 10.30.4.91: no connection to modbus server
[2025-03-01T07:30:18.994Z] Error writing to Modbus register: no connection to modbus server
[2025-03-01T07:30:20.006Z] Error reading register 3105 for IP 10.30.4.91: no connection to modbus server
[2025-03-01T07:30:20.006Z] ❌ Error reading register 1000 for IP 10.30.4.91: no connection to modbus server
[2025-03-01T07:30:20.007Z] Error writing to Modbus register: no connection to modbus server
[2025-03-01T07:30:21.005Z] Error reading register 3105 for IP 10.30.4.91: no connection to modbus server
[2025-03-01T07:30:21.006Z] ❌ Error reading register 1000 for IP 10.30.4.91: no connection to modbus server
[2025-03-01T07:30:21.006Z] Error writing to Modbus register: no connection to modbus server
[2025-03-01T07:30:22.008Z] Error reading register 3105 for IP 10.30.4.91: no connection to modbus server
[2025-03-01T07:30:22.009Z] ❌ Error reading register 1000 for IP 10.30.4.91: no connection to modbus server
[2025-03-01T07:30:22.009Z] Error writing to Modbus register: no connection to modbus server
[2025-03-01T07:30:23.008Z] Error reading register 3105 for IP 10.30.4.91: no connection to modbus server
[2025-03-01T07:30:23.009Z] ❌ Error reading register 1000 for IP 10.30.4.91: no connection to modbus server
[2025-03-01T07:30:23.010Z] Error writing to Modbus register: no connection to modbus server
[2025-03-01T07:30:24.022Z] Error reading register 3105 for IP 10.30.4.91: no connection to modbus server
[2025-03-01T07:30:24.023Z] ❌ Error reading register 1000 for IP 10.30.4.91: no connection to modbus server
[2025-03-01T07:30:24.023Z] Error writing to Modbus register: no connection to modbus server
[2025-03-01T07:30:25.023Z] Error reading register 3105 for IP 10.30.4.91: no connection to modbus server
[2025-03-01T07:30:25.023Z] ❌ Error reading register 1000 for IP 10.30.4.91: no connection to modbus server
[2025-03-01T07:30:25.023Z] Error writing to Modbus register: no connection to modbus server
[2025-03-01T07:30:26.038Z] Error reading register 3105 for IP 10.30.4.91: no connection to modbus server
[2025-03-01T07:30:26.039Z] ❌ Error reading register 1000 for IP 10.30.4.91: no connection to modbus server
[2025-03-01T07:30:26.039Z] Error writing to Modbus register: no connection to modbus server
[2025-03-01T07:30:27.040Z] Error reading register 3105 for IP 10.30.4.91: no connection to modbus server
[2025-03-01T07:30:27.040Z] ❌ Error reading register 1000 for IP 10.30.4.91: no connection to modbus server
[2025-03-01T07:30:27.041Z] Error writing to Modbus register: no connection to modbus server
[2025-03-01T07:30:28.055Z] Error reading register 3105 for IP 10.30.4.91: no connection to modbus server
[2025-03-01T07:30:28.056Z] ❌ Error reading register 1000 for IP 10.30.4.91: no connection to modbus server
[2025-03-01T07:30:28.056Z] Error writing to Modbus register: no connection to modbus server
[2025-03-01T07:30:29.073Z] Error reading register 3105 for IP 10.30.4.91: no connection to modbus server
[2025-03-01T07:30:29.073Z] ❌ Error reading register 1000 for IP 10.30.4.91: no connection to modbus server
[2025-03-01T07:30:29.074Z] Error writing to Modbus register: no connection to modbus server
[2025-03-01T07:30:30.085Z] Error reading register 3105 for IP 10.30.4.91: no connection to modbus server
[2025-03-01T07:30:30.086Z] ❌ Error reading register 1000 for IP 10.30.4.91: no connection to modbus server
[2025-03-01T07:30:30.086Z] Error writing to Modbus register: no connection to modbus server
[2025-03-01T07:30:31.091Z] Error reading register 3105 for IP 10.30.4.91: no connection to modbus server
[2025-03-01T07:30:31.092Z] ❌ Error reading register 1000 for IP 10.30.4.91: no connection to modbus server
[2025-03-01T07:30:31.092Z] Error writing to Modbus register: no connection to modbus server
[2025-03-01T07:30:32.106Z] Error reading register 3105 for IP 10.30.4.91: no connection to modbus server
[2025-03-01T07:30:32.107Z] ❌ Error reading register 1000 for IP 10.30.4.91: no connection to modbus server
[2025-03-01T07:30:32.107Z] Error writing to Modbus register: no connection to modbus server
[2025-03-01T07:30:33.108Z] Error reading register 3105 for IP 10.30.4.91: no connection to modbus server
[2025-03-01T07:30:33.108Z] ❌ Error reading register 1000 for IP 10.30.4.91: no connection to modbus server
[2025-03-01T07:30:33.109Z] Error writing to Modbus register: no connection to modbus server
[2025-03-01T07:30:34.123Z] Error reading register 3105 for IP 10.30.4.91: no connection to modbus server
[2025-03-01T07:30:34.123Z] ❌ Error reading register 1000 for IP 10.30.4.91: no connection to modbus server
[2025-03-01T07:30:34.123Z] Error writing to Modbus register: no connection to modbus server
[2025-03-01T07:30:35.123Z] Error reading register 3105 for IP 10.30.4.91: no connection to modbus server
[2025-03-01T07:30:35.123Z] ❌ Error reading register 1000 for IP 10.30.4.91: no connection to modbus server
[2025-03-01T07:30:35.124Z] Error writing to Modbus register: no connection to modbus server
[2025-03-01T07:30:36.124Z] Error reading register 3105 for IP 10.30.4.91: no connection to modbus server
[2025-03-01T07:30:36.124Z] ❌ Error reading register 1000 for IP 10.30.4.91: no connection to modbus server
[2025-03-01T07:30:36.126Z] Error writing to Modbus register: no connection to modbus server
[2025-03-01T07:30:37.139Z] Error reading register 3105 for IP 10.30.4.91: no connection to modbus server
[2025-03-01T07:30:37.140Z] Error writing to Modbus register: no connection to modbus server
[2025-03-01T07:30:37.140Z] ❌ Error reading register 1000 for IP 10.30.4.91: no connection to modbus server
[2025-03-01T07:30:38.139Z] Error reading register 3105 for IP 10.30.4.91: no connection to modbus server
[2025-03-01T07:30:38.140Z] ❌ Error reading register 1000 for IP 10.30.4.91: no connection to modbus server
[2025-03-01T07:30:38.140Z] Error writing to Modbus register: no connection to modbus server
[2025-03-01T07:30:39.139Z] Error reading register 3105 for IP 10.30.4.91: no connection to modbus server
[2025-03-01T07:30:39.139Z] ❌ Error reading register 1000 for IP 10.30.4.91: no connection to modbus server
[2025-03-01T07:30:39.140Z] Error writing to Modbus register: no connection to modbus server
[2025-03-01T07:30:40.152Z] Error reading register 3105 for IP 10.30.4.91: no connection to modbus server
[2025-03-01T07:30:40.152Z] Error writing to Modbus register: no connection to modbus server
[2025-03-01T07:30:40.152Z] ❌ Error reading register 1000 for IP 10.30.4.91: no connection to modbus server
[2025-03-01T07:30:41.156Z] Error reading register 3105 for IP 10.30.4.91: no connection to modbus server
[2025-03-01T07:30:41.157Z] ❌ Error reading register 1000 for IP 10.30.4.91: no connection to modbus server
[2025-03-01T07:30:41.158Z] Error writing to Modbus register: no connection to modbus server
[2025-03-01T07:30:42.157Z] Error reading register 3105 for IP 10.30.4.91: no connection to modbus server
[2025-03-01T07:30:42.157Z] ❌ Error reading register 1000 for IP 10.30.4.91: no connection to modbus server
[2025-03-01T07:30:42.159Z] Error writing to Modbus register: no connection to modbus server
[2025-03-01T07:30:43.157Z] Error reading register 3105 for IP 10.30.4.91: no connection to modbus server
[2025-03-01T07:30:43.157Z] ❌ Error reading register 1000 for IP 10.30.4.91: no connection to modbus server
[2025-03-01T07:30:43.158Z] Error writing to Modbus register: no connection to modbus server
[2025-03-01T07:30:44.173Z] Error reading register 3105 for IP 10.30.4.91: no connection to modbus server
[2025-03-01T07:30:44.173Z] ❌ Error reading register 1000 for IP 10.30.4.91: no connection to modbus server
[2025-03-01T07:30:44.175Z] Error writing to Modbus register: no connection to modbus server
[2025-03-01T07:30:45.172Z] Error reading register 3105 for IP 10.30.4.91: no connection to modbus server
[2025-03-01T07:30:45.172Z] ❌ Error reading register 1000 for IP 10.30.4.91: no connection to modbus server
[2025-03-01T07:30:45.188Z] Error writing to Modbus register: no connection to modbus server
[2025-03-01T07:30:46.173Z] Error reading register 3105 for IP 10.30.4.91: no connection to modbus server
[2025-03-01T07:30:46.174Z] ❌ Error reading register 1000 for IP 10.30.4.91: no connection to modbus server
[2025-03-01T07:30:46.190Z] Error writing to Modbus register: no connection to modbus server
[2025-03-01T07:30:47.173Z] Error reading register 3105 for IP 10.30.4.91: no connection to modbus server
[2025-03-01T07:30:47.174Z] ❌ Error reading register 1000 for IP 10.30.4.91: no connection to modbus server
[2025-03-01T07:30:47.190Z] Error writing to Modbus register: no connection to modbus server
[2025-03-01T07:30:48.173Z] Error reading register 3105 for IP 10.30.4.91: no connection to modbus server
[2025-03-01T07:30:48.174Z] ❌ Error reading register 1000 for IP 10.30.4.91: no connection to modbus server
[2025-03-01T07:30:48.189Z] Error writing to Modbus register: no connection to modbus server
[2025-03-01T07:30:49.173Z] Error reading register 3105 for IP 10.30.4.91: no connection to modbus server
[2025-03-01T07:30:49.174Z] ❌ Error reading register 1000 for IP 10.30.4.91: no connection to modbus server
[2025-03-01T07:30:49.190Z] Error writing to Modbus register: no connection to modbus server
[2025-03-01T07:30:50.175Z] Error reading register 3105 for IP 10.30.4.91: no connection to modbus server
[2025-03-01T07:30:50.175Z] ❌ Error reading register 1000 for IP 10.30.4.91: no connection to modbus server
[2025-03-01T07:30:50.207Z] Error writing to Modbus register: no connection to modbus server
[2025-03-01T07:30:51.189Z] Error reading register 3105 for IP 10.30.4.91: no connection to modbus server
[2025-03-01T07:30:51.190Z] ❌ Error reading register 1000 for IP 10.30.4.91: no connection to modbus server
[2025-03-01T07:30:51.206Z] Error writing to Modbus register: no connection to modbus server
[2025-03-01T07:30:52.190Z] Error reading register 3105 for IP 10.30.4.91: no connection to modbus server
[2025-03-01T07:30:52.191Z] ❌ Error reading register 1000 for IP 10.30.4.91: no connection to modbus server
[2025-03-01T07:30:52.207Z] Error writing to Modbus register: no connection to modbus server
[2025-03-01T07:30:53.206Z] Error reading register 3105 for IP 10.30.4.91: no connection to modbus server
[2025-03-01T07:30:53.206Z] ❌ Error reading register 1000 for IP 10.30.4.91: no connection to modbus server
[2025-03-01T07:30:53.206Z] Error writing to Modbus register: no connection to modbus server
[2025-03-01T07:30:54.207Z] Error reading register 3105 for IP 10.30.4.91: no connection to modbus server
[2025-03-01T07:30:54.208Z] ❌ Error reading register 1000 for IP 10.30.4.91: no connection to modbus server
[2025-03-01T07:30:54.209Z] Error writing to Modbus register: no connection to modbus server
[2025-03-01T07:30:55.205Z] Error reading register 3105 for IP 10.30.4.91: no connection to modbus server
[2025-03-01T07:30:55.206Z] ❌ Error reading register 1000 for IP 10.30.4.91: no connection to modbus server
[2025-03-01T07:30:55.222Z] Error writing to Modbus register: no connection to modbus server
[2025-03-01T07:30:56.222Z] Error reading register 3105 for IP 10.30.4.91: no connection to modbus server
[2025-03-01T07:30:56.223Z] ❌ Error reading register 1000 for IP 10.30.4.91: no connection to modbus server
[2025-03-01T07:30:56.223Z] Error writing to Modbus register: no connection to modbus server
[2025-03-01T07:30:57.223Z] Error reading register 3105 for IP 10.30.4.91: no connection to modbus server
[2025-03-01T07:30:57.224Z] ❌ Error reading register 1000 for IP 10.30.4.91: no connection to modbus server
[2025-03-01T07:30:57.225Z] Error writing to Modbus register: no connection to modbus server
[2025-03-01T07:30:58.229Z] ❌ Error reading register 1000 for IP 10.30.4.91: no connection to modbus server
[2025-03-01T07:30:58.228Z] Error reading register 3105 for IP 10.30.4.91: no connection to modbus server
[2025-03-01T07:30:58.229Z] Error writing to Modbus register: no connection to modbus server
[2025-03-01T07:30:59.233Z] Error reading register 3105 for IP 10.30.4.91: no connection to modbus server
[2025-03-01T07:30:59.234Z] ❌ Error reading register 1000 for IP 10.30.4.91: no connection to modbus server
[2025-03-01T07:30:59.235Z] Error writing to Modbus register: no connection to modbus server
[2025-03-01T07:31:00.239Z] Error reading register 3105 for IP 10.30.4.91: no connection to modbus server
[2025-03-01T07:31:00.240Z] ❌ Error reading register 1000 for IP 10.30.4.91: no connection to modbus server
[2025-03-01T07:31:00.240Z] Error writing to Modbus register: no connection to modbus server
[2025-03-01T07:31:01.246Z] Error reading register 3105 for IP 10.30.4.91: no connection to modbus server
[2025-03-01T07:31:01.247Z] ❌ Error reading register 1000 for IP 10.30.4.91: no connection to modbus server
[2025-03-01T07:31:01.247Z] Error writing to Modbus register: no connection to modbus server
[2025-03-01T07:31:02.256Z] Error reading register 3105 for IP 10.30.4.91: no connection to modbus server
[2025-03-01T07:31:02.256Z] ❌ Error reading register 1000 for IP 10.30.4.91: no connection to modbus server
[2025-03-01T07:31:02.257Z] Error writing to Modbus register: no connection to modbus server
[2025-03-01T07:31:03.258Z] Error reading register 3105 for IP 10.30.4.91: no connection to modbus server
[2025-03-01T07:31:03.258Z] ❌ Error reading register 1000 for IP 10.30.4.91: no connection to modbus server
[2025-03-01T07:31:03.259Z] Error writing to Modbus register: no connection to modbus server
[2025-03-01T07:31:04.273Z] Error reading register 3105 for IP 10.30.4.91: no connection to modbus server
[2025-03-01T07:31:04.273Z] ❌ Error reading register 1000 for IP 10.30.4.91: no connection to modbus server
[2025-03-01T07:31:04.273Z] Error writing to Modbus register: no connection to modbus server
[2025-03-01T07:31:05.289Z] Error reading register 3105 for IP 10.30.4.91: no connection to modbus server
[2025-03-01T07:31:05.289Z] ❌ Error reading register 1000 for IP 10.30.4.91: no connection to modbus server
[2025-03-01T07:31:05.289Z] Error writing to Modbus register: no connection to modbus server
[2025-03-01T07:31:06.289Z] Error reading register 3105 for IP 10.30.4.91: no connection to modbus server
[2025-03-01T07:31:06.289Z] ❌ Error reading register 1000 for IP 10.30.4.91: no connection to modbus server
[2025-03-01T07:31:06.290Z] Error writing to Modbus register: no connection to modbus server
[2025-03-01T07:31:07.295Z] Error reading register 3105 for IP 10.30.4.91: no connection to modbus server
[2025-03-01T07:31:07.295Z] ❌ Error reading register 1000 for IP 10.30.4.91: no connection to modbus server
[2025-03-01T07:31:07.295Z] Error writing to Modbus register: no connection to modbus server
[2025-03-01T07:31:08.306Z] ❌ Error reading register 1000 for IP 10.30.4.91: no connection to modbus server
[2025-03-01T07:31:08.306Z] Error writing to Modbus register: no connection to modbus server
[2025-03-01T07:31:08.305Z] Error reading register 3105 for IP 10.30.4.91: no connection to modbus server
[2025-03-01T07:31:09.306Z] Error reading register 3105 for IP 10.30.4.91: no connection to modbus server
[2025-03-01T07:31:09.306Z] ❌ Error reading register 1000 for IP 10.30.4.91: no connection to modbus server
[2025-03-01T07:31:09.307Z] Error writing to Modbus register: no connection to modbus server
[2025-03-01T07:31:10.324Z] Error reading register 3105 for IP 10.30.4.91: no connection to modbus server
[2025-03-01T07:31:10.324Z] ❌ Error reading register 1000 for IP 10.30.4.91: no connection to modbus server
[2025-03-01T07:31:10.325Z] Error writing to Modbus register: no connection to modbus server
[2025-03-01T07:31:11.323Z] Error reading register 3105 for IP 10.30.4.91: no connection to modbus server
[2025-03-01T07:31:11.324Z] ❌ Error reading register 1000 for IP 10.30.4.91: no connection to modbus server
[2025-03-01T07:31:11.324Z] Error writing to Modbus register: no connection to modbus server
[2025-03-01T07:31:12.339Z] Error reading register 3105 for IP 10.30.4.91: no connection to modbus server
[2025-03-01T07:31:12.339Z] ❌ Error reading register 1000 for IP 10.30.4.91: no connection to modbus server
[2025-03-01T07:31:12.340Z] Error writing to Modbus register: no connection to modbus server
[2025-03-01T07:31:13.341Z] Error reading register 3105 for IP 10.30.4.91: no connection to modbus server
[2025-03-01T07:31:13.342Z] ❌ Error reading register 1000 for IP 10.30.4.91: no connection to modbus server
[2025-03-01T07:31:13.343Z] Error writing to Modbus register: no connection to modbus server
[2025-03-01T07:31:14.357Z] Error reading register 3105 for IP 10.30.4.91: no connection to modbus server
[2025-03-01T07:31:14.357Z] ❌ Error reading register 1000 for IP 10.30.4.91: no connection to modbus server
[2025-03-01T07:31:14.358Z] Error writing to Modbus register: no connection to modbus server
[2025-03-01T07:31:15.373Z] Error reading register 3105 for IP 10.30.4.91: no connection to modbus server
[2025-03-01T07:31:15.374Z] ❌ Error reading register 1000 for IP 10.30.4.91: no connection to modbus server
[2025-03-01T07:31:15.375Z] Error writing to Modbus register: no connection to modbus server
[2025-03-01T07:31:16.375Z] Error reading register 3105 for IP 10.30.4.91: no connection to modbus server
[2025-03-01T07:31:16.375Z] ❌ Error reading register 1000 for IP 10.30.4.91: no connection to modbus server
[2025-03-01T07:31:16.376Z] Error writing to Modbus register: no connection to modbus server
[2025-03-01T07:31:17.389Z] Error reading register 3105 for IP 10.30.4.91: no connection to modbus server
[2025-03-01T07:31:17.389Z] ❌ Error reading register 1000 for IP 10.30.4.91: no connection to modbus server
[2025-03-01T07:31:17.389Z] Error writing to Modbus register: no connection to modbus server
[2025-03-01T07:31:18.396Z] Error reading register 3105 for IP 10.30.4.91: no connection to modbus server
[2025-03-01T07:31:18.396Z] ❌ Error reading register 1000 for IP 10.30.4.91: no connection to modbus server
[2025-03-01T07:31:18.397Z] Error writing to Modbus register: no connection to modbus server
[2025-03-01T07:31:19.405Z] Error reading register 3105 for IP 10.30.4.91: no connection to modbus server
[2025-03-01T07:31:19.405Z] ❌ Error reading register 1000 for IP 10.30.4.91: no connection to modbus server
[2025-03-01T07:31:19.405Z] Error writing to Modbus register: no connection to modbus server
[2025-03-01T07:31:20.405Z] Error reading register 3105 for IP 10.30.4.91: no connection to modbus server
[2025-03-01T07:31:20.405Z] ❌ Error reading register 1000 for IP 10.30.4.91: no connection to modbus server
[2025-03-01T07:31:20.406Z] Error writing to Modbus register: no connection to modbus server
[2025-03-01T07:31:21.408Z] Error reading register 3105 for IP 10.30.4.91: no connection to modbus server
[2025-03-01T07:31:21.408Z] ❌ Error reading register 1000 for IP 10.30.4.91: no connection to modbus server
[2025-03-01T07:31:21.409Z] Error writing to Modbus register: no connection to modbus server
[2025-03-01T07:31:22.422Z] Error reading register 3105 for IP 10.30.4.91: no connection to modbus server
[2025-03-01T07:31:22.422Z] ❌ Error reading register 1000 for IP 10.30.4.91: no connection to modbus server
[2025-03-01T07:31:22.423Z] Error writing to Modbus register: no connection to modbus server
[2025-03-01T07:31:23.436Z] Error reading register 3105 for IP 10.30.4.91: no connection to modbus server
[2025-03-01T07:31:23.436Z] ❌ Error reading register 1000 for IP 10.30.4.91: no connection to modbus server
[2025-03-01T07:31:23.437Z] Error writing to Modbus register: no connection to modbus server
[2025-03-01T07:31:24.451Z] Error reading register 3105 for IP 10.30.4.91: no connection to modbus server
[2025-03-01T07:31:24.451Z] ❌ Error reading register 1000 for IP 10.30.4.91: no connection to modbus server
[2025-03-01T07:31:24.452Z] Error writing to Modbus register: no connection to modbus server
[2025-03-01T07:31:25.457Z] Error reading register 3105 for IP 10.30.4.91: no connection to modbus server
[2025-03-01T07:31:25.457Z] ❌ Error reading register 1000 for IP 10.30.4.91: no connection to modbus server
[2025-03-01T07:31:25.458Z] Error writing to Modbus register: no connection to modbus server
[2025-03-01T07:31:26.472Z] Error reading register 3105 for IP 10.30.4.91: no connection to modbus server
[2025-03-01T07:31:26.473Z] ❌ Error reading register 1000 for IP 10.30.4.91: no connection to modbus server
[2025-03-01T07:31:26.474Z] Error writing to Modbus register: no connection to modbus server
[2025-03-01T07:31:27.473Z] Error reading register 3105 for IP 10.30.4.91: no connection to modbus server
[2025-03-01T07:31:27.474Z] ❌ Error reading register 1000 for IP 10.30.4.91: no connection to modbus server
[2025-03-01T07:31:27.475Z] Error writing to Modbus register: no connection to modbus server
[2025-03-01T07:31:28.489Z] Error reading register 3105 for IP 10.30.4.91: no connection to modbus server
[2025-03-01T07:31:28.489Z] ❌ Error reading register 1000 for IP 10.30.4.91: no connection to modbus server
[2025-03-01T07:31:28.489Z] Error writing to Modbus register: no connection to modbus server
[2025-03-01T07:31:29.490Z] Error reading register 3105 for IP 10.30.4.91: no connection to modbus server
[2025-03-01T07:31:29.490Z] ❌ Error reading register 1000 for IP 10.30.4.91: no connection to modbus server
[2025-03-01T07:31:29.492Z] Error writing to Modbus register: no connection to modbus server
[2025-03-01T07:31:30.505Z] Error reading register 3105 for IP 10.30.4.91: no connection to modbus server
[2025-03-01T07:31:30.505Z] ❌ Error reading register 1000 for IP 10.30.4.91: no connection to modbus server
[2025-03-01T07:31:30.506Z] Error writing to Modbus register: no connection to modbus server
[2025-03-01T07:31:31.507Z] Error reading register 3105 for IP 10.30.4.91: no connection to modbus server
[2025-03-01T07:31:31.508Z] ❌ Error reading register 1000 for IP 10.30.4.91: no connection to modbus server
[2025-03-01T07:31:31.509Z] Error writing to Modbus register: no connection to modbus server
[2025-03-01T07:31:32.507Z] Error reading register 3105 for IP 10.30.4.91: no connection to modbus server
[2025-03-01T07:31:32.507Z] ❌ Error reading register 1000 for IP 10.30.4.91: no connection to modbus server
[2025-03-01T07:31:32.508Z] Error writing to Modbus register: no connection to modbus server
[2025-03-01T07:31:33.523Z] Error reading register 3105 for IP 10.30.4.91: no connection to modbus server
[2025-03-01T07:31:33.523Z] ❌ Error reading register 1000 for IP 10.30.4.91: no connection to modbus server
[2025-03-01T07:31:33.524Z] Error writing to Modbus register: no connection to modbus server
[2025-03-01T07:31:34.539Z] Error reading register 3105 for IP 10.30.4.91: no connection to modbus server
[2025-03-01T07:31:34.540Z] ❌ Error reading register 1000 for IP 10.30.4.91: no connection to modbus server
[2025-03-01T07:31:34.541Z] Error writing to Modbus register: no connection to modbus server
[2025-03-01T07:31:35.539Z] Error reading register 3105 for IP 10.30.4.91: no connection to modbus server
[2025-03-01T07:31:35.539Z] ❌ Error reading register 1000 for IP 10.30.4.91: no connection to modbus server
[2025-03-01T07:31:35.555Z] Error writing to Modbus register: no connection to modbus server
[2025-03-01T07:31:36.545Z] Error reading register 3105 for IP 10.30.4.91: no connection to modbus server
[2025-03-01T07:31:36.545Z] ❌ Error reading register 1000 for IP 10.30.4.91: no connection to modbus server
[2025-03-01T07:31:36.572Z] Error writing to Modbus register: no connection to modbus server
[2025-03-01T07:31:37.554Z] Error reading register 3105 for IP 10.30.4.91: no connection to modbus server
[2025-03-01T07:31:37.554Z] ❌ Error reading register 1000 for IP 10.30.4.91: no connection to modbus server
[2025-03-01T07:31:37.572Z] Error writing to Modbus register: no connection to modbus server
[2025-03-01T07:31:38.557Z] Error reading register 3105 for IP 10.30.4.91: no connection to modbus server
[2025-03-01T07:31:38.557Z] ❌ Error reading register 1000 for IP 10.30.4.91: no connection to modbus server
[2025-03-01T07:31:38.572Z] Error writing to Modbus register: no connection to modbus server
[2025-03-01T07:31:39.574Z] ❌ Error reading register 1000 for IP 10.30.4.91: no connection to modbus server
[2025-03-01T07:31:39.573Z] Error reading register 3105 for IP 10.30.4.91: no connection to modbus server
[2025-03-01T07:31:39.574Z] Error writing to Modbus register: no connection to modbus server
[2025-03-01T07:31:40.573Z] Error reading register 3105 for IP 10.30.4.91: no connection to modbus server
[2025-03-01T07:31:40.574Z] ❌ Error reading register 1000 for IP 10.30.4.91: no connection to modbus server
[2025-03-01T07:31:40.574Z] Error writing to Modbus register: no connection to modbus server
[2025-03-01T07:31:41.590Z] Error reading register 3105 for IP 10.30.4.91: no connection to modbus server
[2025-03-01T07:31:41.591Z] ❌ Error reading register 1000 for IP 10.30.4.91: no connection to modbus server
[2025-03-01T07:31:41.592Z] Error writing to Modbus register: no connection to modbus server
[2025-03-01T07:31:42.591Z] Error reading register 3105 for IP 10.30.4.91: no connection to modbus server
[2025-03-01T07:31:42.591Z] ❌ Error reading register 1000 for IP 10.30.4.91: no connection to modbus server
[2025-03-01T07:31:42.593Z] Error writing to Modbus register: no connection to modbus server
[2025-03-01T07:31:43.596Z] Error reading register 3105 for IP 10.30.4.91: no connection to modbus server
[2025-03-01T07:31:43.596Z] ❌ Error reading register 1000 for IP 10.30.4.91: no connection to modbus server
[2025-03-01T07:31:43.596Z] Error writing to Modbus register: no connection to modbus server
[2025-03-01T07:31:44.607Z] Error reading register 3105 for IP 10.30.4.91: no connection to modbus server
[2025-03-01T07:31:44.608Z] Error writing to Modbus register: no connection to modbus server
[2025-03-01T07:31:44.607Z] ❌ Error reading register 1000 for IP 10.30.4.91: no connection to modbus server
[2025-03-01T07:31:45.606Z] Error reading register 3105 for IP 10.30.4.91: no connection to modbus server
[2025-03-01T07:31:45.607Z] ❌ Error reading register 1000 for IP 10.30.4.91: no connection to modbus server
[2025-03-01T07:31:45.608Z] Error writing to Modbus register: no connection to modbus server
[2025-03-01T07:31:46.607Z] Error reading register 3105 for IP 10.30.4.91: no connection to modbus server
[2025-03-01T07:31:46.607Z] ❌ Error reading register 1000 for IP 10.30.4.91: no connection to modbus server
[2025-03-01T07:31:46.611Z] Error writing to Modbus register: no connection to modbus server
[2025-03-01T07:31:47.606Z] Error reading register 3105 for IP 10.30.4.91: no connection to modbus server
[2025-03-01T07:31:47.606Z] ❌ Error reading register 1000 for IP 10.30.4.91: no connection to modbus server
[2025-03-01T07:31:47.622Z] Error writing to Modbus register: no connection to modbus server
[2025-03-01T07:31:48.606Z] Error reading register 3105 for IP 10.30.4.91: no connection to modbus server
[2025-03-01T07:31:48.606Z] ❌ Error reading register 1000 for IP 10.30.4.91: no connection to modbus server
[2025-03-01T07:31:48.624Z] Error writing to Modbus register: no connection to modbus server
[2025-03-01T07:31:49.607Z] Error reading register 3105 for IP 10.30.4.91: no connection to modbus server
[2025-03-01T07:31:49.608Z] ❌ Error reading register 1000 for IP 10.30.4.91: no connection to modbus server
[2025-03-01T07:31:49.639Z] Error writing to Modbus register: no connection to modbus server
[2025-03-01T07:31:50.623Z] Error reading register 3105 for IP 10.30.4.91: no connection to modbus server
[2025-03-01T07:31:50.624Z] ❌ Error reading register 1000 for IP 10.30.4.91: no connection to modbus server
[2025-03-01T07:31:50.639Z] Error writing to Modbus register: no connection to modbus server
[2025-03-01T07:31:51.638Z] Error reading register 3105 for IP 10.30.4.91: no connection to modbus server
[2025-03-01T07:31:51.638Z] ❌ Error reading register 1000 for IP 10.30.4.91: no connection to modbus server
[2025-03-01T07:31:51.639Z] Error writing to Modbus register: no connection to modbus server
[2025-03-01T07:31:52.643Z] Error reading register 3105 for IP 10.30.4.91: no connection to modbus server
[2025-03-01T07:31:52.643Z] ❌ Error reading register 1000 for IP 10.30.4.91: no connection to modbus server
[2025-03-01T07:31:52.644Z] Error writing to Modbus register: no connection to modbus server
[2025-03-01T07:31:53.656Z] Error reading register 3105 for IP 10.30.4.91: no connection to modbus server
[2025-03-01T07:31:53.657Z] ❌ Error reading register 1000 for IP 10.30.4.91: no connection to modbus server
[2025-03-01T07:31:53.657Z] Error writing to Modbus register: no connection to modbus server
[2025-03-01T07:31:54.671Z] Error reading register 3105 for IP 10.30.4.91: no connection to modbus server
[2025-03-01T07:31:54.671Z] ❌ Error reading register 1000 for IP 10.30.4.91: no connection to modbus server
[2025-03-01T07:31:54.672Z] Error writing to Modbus register: no connection to modbus server
[2025-03-01T07:31:55.672Z] Error reading register 3105 for IP 10.30.4.91: no connection to modbus server
[2025-03-01T07:31:55.672Z] ❌ Error reading register 1000 for IP 10.30.4.91: no connection to modbus server
[2025-03-01T07:31:55.672Z] Error writing to Modbus register: no connection to modbus server
[2025-03-01T07:31:56.689Z] Error reading register 3105 for IP 10.30.4.91: no connection to modbus server
[2025-03-01T07:31:56.690Z] ❌ Error reading register 1000 for IP 10.30.4.91: no connection to modbus server
[2025-03-01T07:31:56.690Z] Error writing to Modbus register: no connection to modbus server
[2025-03-01T07:31:57.689Z] Error reading register 3105 for IP 10.30.4.91: no connection to modbus server
[2025-03-01T07:31:57.689Z] ❌ Error reading register 1000 for IP 10.30.4.91: no connection to modbus server
[2025-03-01T07:31:57.690Z] Error writing to Modbus register: no connection to modbus server
[2025-03-01T07:31:58.690Z] Error reading register 3105 for IP 10.30.4.91: no connection to modbus server
[2025-03-01T07:31:58.690Z] ❌ Error reading register 1000 for IP 10.30.4.91: no connection to modbus server
[2025-03-01T07:31:58.691Z] Error writing to Modbus register: no connection to modbus server
[2025-03-01T07:31:59.689Z] Error reading register 3105 for IP 10.30.4.91: no connection to modbus server
[2025-03-01T07:31:59.689Z] ❌ Error reading register 1000 for IP 10.30.4.91: no connection to modbus server
[2025-03-01T07:31:59.690Z] Error writing to Modbus register: no connection to modbus server
[2025-03-01T07:32:00.691Z] Error reading register 3105 for IP 10.30.4.91: no connection to modbus server
[2025-03-01T07:32:00.692Z] ❌ Error reading register 1000 for IP 10.30.4.91: no connection to modbus server
[2025-03-01T07:32:00.694Z] Error writing to Modbus register: no connection to modbus server
[2025-03-01T07:32:01.691Z] Error reading register 3105 for IP 10.30.4.91: no connection to modbus server
[2025-03-01T07:32:01.691Z] ❌ Error reading register 1000 for IP 10.30.4.91: no connection to modbus server
[2025-03-01T07:32:01.706Z] Error writing to Modbus register: no connection to modbus server
[2025-03-01T07:32:02.705Z] Error reading register 3105 for IP 10.30.4.91: no connection to modbus server
[2025-03-01T07:32:02.705Z] ❌ Error reading register 1000 for IP 10.30.4.91: no connection to modbus server
[2025-03-01T07:32:02.705Z] Error writing to Modbus register: no connection to modbus server
[2025-03-01T07:32:03.706Z] Error reading register 3105 for IP 10.30.4.91: no connection to modbus server
[2025-03-01T07:32:03.707Z] ❌ Error reading register 1000 for IP 10.30.4.91: no connection to modbus server
[2025-03-01T07:32:03.708Z] Error writing to Modbus register: no connection to modbus server
[2025-03-01T07:32:04.707Z] Error reading register 3105 for IP 10.30.4.91: no connection to modbus server
[2025-03-01T07:32:04.708Z] ❌ Error reading register 1000 for IP 10.30.4.91: no connection to modbus server
[2025-03-01T07:32:04.709Z] Error writing to Modbus register: no connection to modbus server
[2025-03-01T07:32:05.723Z] Error reading register 3105 for IP 10.30.4.91: no connection to modbus server
[2025-03-01T07:32:05.725Z] Error writing to Modbus register: no connection to modbus server
[2025-03-01T07:32:05.724Z] ❌ Error reading register 1000 for IP 10.30.4.91: no connection to modbus server
[2025-03-01T07:32:06.723Z] Error reading register 3105 for IP 10.30.4.91: no connection to modbus server
[2025-03-01T07:32:06.723Z] ❌ Error reading register 1000 for IP 10.30.4.91: no connection to modbus server
[2025-03-01T07:32:06.725Z] Error writing to Modbus register: no connection to modbus server
[2025-03-01T07:32:07.722Z] Error reading register 3105 for IP 10.30.4.91: no connection to modbus server
[2025-03-01T07:32:07.722Z] ❌ Error reading register 1000 for IP 10.30.4.91: no connection to modbus server
[2025-03-01T07:32:07.738Z] Error writing to Modbus register: no connection to modbus server
[2025-03-01T07:32:08.723Z] Error reading register 3105 for IP 10.30.4.91: no connection to modbus server
[2025-03-01T07:32:08.723Z] ❌ Error reading register 1000 for IP 10.30.4.91: no connection to modbus server
[2025-03-01T07:32:08.739Z] Error writing to Modbus register: no connection to modbus server
[2025-03-01T07:32:09.723Z] Error reading register 3105 for IP 10.30.4.91: no connection to modbus server
[2025-03-01T07:32:09.723Z] ❌ Error reading register 1000 for IP 10.30.4.91: no connection to modbus server
[2025-03-01T07:32:09.739Z] Error writing to Modbus register: no connection to modbus server
[2025-03-01T07:32:10.722Z] Error reading register 3105 for IP 10.30.4.91: no connection to modbus server
[2025-03-01T07:32:10.722Z] ❌ Error reading register 1000 for IP 10.30.4.91: no connection to modbus server
[2025-03-01T07:32:10.741Z] Error writing to Modbus register: no connection to modbus server
[2025-03-01T07:32:11.723Z] Error reading register 3105 for IP 10.30.4.91: no connection to modbus server
[2025-03-01T07:32:11.723Z] ❌ Error reading register 1000 for IP 10.30.4.91: no connection to modbus server
[2025-03-01T07:32:11.755Z] Error writing to Modbus register: no connection to modbus server
[2025-03-01T07:32:12.722Z] Error reading register 3105 for IP 10.30.4.91: no connection to modbus server
[2025-03-01T07:32:12.722Z] ❌ Error reading register 1000 for IP 10.30.4.91: no connection to modbus server
[2025-03-01T07:32:12.755Z] Error writing to Modbus register: no connection to modbus server
[2025-03-01T07:32:13.723Z] Error reading register 3105 for IP 10.30.4.91: no connection to modbus server
[2025-03-01T07:32:13.723Z] ❌ Error reading register 1000 for IP 10.30.4.91: no connection to modbus server
[2025-03-01T07:32:13.755Z] Error writing to Modbus register: no connection to modbus server
[2025-03-01T07:32:14.723Z] Error reading register 3105 for IP 10.30.4.91: no connection to modbus server
[2025-03-01T07:32:14.724Z] ❌ Error reading register 1000 for IP 10.30.4.91: no connection to modbus server
[2025-03-01T07:32:14.756Z] Error writing to Modbus register: no connection to modbus server
[2025-03-01T07:32:15.723Z] Error reading register 3105 for IP 10.30.4.91: no connection to modbus server
[2025-03-01T07:32:15.723Z] ❌ Error reading register 1000 for IP 10.30.4.91: no connection to modbus server
[2025-03-01T07:32:15.773Z] Error writing to Modbus register: no connection to modbus server
[2025-03-01T07:32:16.723Z] Error reading register 3105 for IP 10.30.4.91: no connection to modbus server
[2025-03-01T07:32:16.724Z] ❌ Error reading register 1000 for IP 10.30.4.91: no connection to modbus server
[2025-03-01T07:32:16.772Z] Error writing to Modbus register: no connection to modbus server
[2025-03-01T07:32:17.722Z] Error reading register 3105 for IP 10.30.4.91: no connection to modbus server
[2025-03-01T07:32:17.722Z] ❌ Error reading register 1000 for IP 10.30.4.91: no connection to modbus server
[2025-03-01T07:32:17.773Z] Error writing to Modbus register: no connection to modbus server
[2025-03-01T07:32:18.723Z] Error reading register 3105 for IP 10.30.4.91: no connection to modbus server
[2025-03-01T07:32:18.723Z] ❌ Error reading register 1000 for IP 10.30.4.91: no connection to modbus server
[2025-03-01T07:32:18.773Z] Error writing to Modbus register: no connection to modbus server
[2025-03-01T07:32:19.723Z] Error reading register 3105 for IP 10.30.4.91: no connection to modbus server
[2025-03-01T07:32:19.723Z] ❌ Error reading register 1000 for IP 10.30.4.91: no connection to modbus server
[2025-03-01T07:32:19.774Z] Error writing to Modbus register: no connection to modbus server
[2025-03-01T07:32:20.723Z] Error reading register 3105 for IP 10.30.4.91: no connection to modbus server
[2025-03-01T07:32:20.724Z] ❌ Error reading register 1000 for IP 10.30.4.91: no connection to modbus server
[2025-03-01T07:32:20.793Z] Error writing to Modbus register: no connection to modbus server
[2025-03-01T07:32:21.724Z] Error reading register 3105 for IP 10.30.4.91: no connection to modbus server
[2025-03-01T07:32:21.724Z] ❌ Error reading register 1000 for IP 10.30.4.91: no connection to modbus server
[2025-03-01T07:32:21.790Z] Error writing to Modbus register: no connection to modbus server
[2025-03-01T07:32:22.738Z] Error reading register 3105 for IP 10.30.4.91: no connection to modbus server
[2025-03-01T07:32:22.738Z] ❌ Error reading register 1000 for IP 10.30.4.91: no connection to modbus server
[2025-03-01T07:32:22.805Z] Error writing to Modbus register: no connection to modbus server
[2025-03-01T07:32:23.738Z] Error reading register 3105 for IP 10.30.4.91: no connection to modbus server
[2025-03-01T07:32:23.738Z] ❌ Error reading register 1000 for IP 10.30.4.91: no connection to modbus server
[2025-03-01T07:32:23.805Z] Error writing to Modbus register: no connection to modbus server
[2025-03-01T07:32:24.738Z] Error reading register 3105 for IP 10.30.4.91: no connection to modbus server
[2025-03-01T07:32:24.739Z] ❌ Error reading register 1000 for IP 10.30.4.91: no connection to modbus server
[2025-03-01T07:32:24.806Z] Error writing to Modbus register: no connection to modbus server
[2025-03-01T07:32:25.743Z] Error reading register 3105 for IP 10.30.4.91: no connection to modbus server
[2025-03-01T07:32:25.743Z] ❌ Error reading register 1000 for IP 10.30.4.91: no connection to modbus server
[2025-03-01T07:32:25.822Z] Error writing to Modbus register: no connection to modbus server
[2025-03-01T07:32:26.755Z] Error reading register 3105 for IP 10.30.4.91: no connection to modbus server
[2025-03-01T07:32:26.755Z] ❌ Error reading register 1000 for IP 10.30.4.91: no connection to modbus server
[2025-03-01T07:32:26.839Z] Error writing to Modbus register: no connection to modbus server
[2025-03-01T07:32:27.756Z] ❌ Error reading register 1000 for IP 10.30.4.91: no connection to modbus server
[2025-03-01T07:32:27.755Z] Error reading register 3105 for IP 10.30.4.91: no connection to modbus server
[2025-03-01T07:32:27.839Z] Error writing to Modbus register: no connection to modbus server
[2025-03-01T07:32:28.760Z] Error reading register 3105 for IP 10.30.4.91: no connection to modbus server
[2025-03-01T07:32:28.760Z] ❌ Error reading register 1000 for IP 10.30.4.91: no connection to modbus server
[2025-03-01T07:32:28.840Z] Error writing to Modbus register: no connection to modbus server
[2025-03-01T07:32:29.762Z] Error reading register 3105 for IP 10.30.4.91: no connection to modbus server
[2025-03-01T07:32:29.762Z] ❌ Error reading register 1000 for IP 10.30.4.91: no connection to modbus server
[2025-03-01T07:32:29.842Z] Error writing to Modbus register: no connection to modbus server
[2025-03-01T07:32:30.773Z] Error reading register 3105 for IP 10.30.4.91: no connection to modbus server
[2025-03-01T07:32:30.773Z] ❌ Error reading register 1000 for IP 10.30.4.91: no connection to modbus server
[2025-03-01T07:32:30.855Z] Error writing to Modbus register: no connection to modbus server
[2025-03-01T07:32:31.773Z] Error reading register 3105 for IP 10.30.4.91: no connection to modbus server
[2025-03-01T07:32:31.773Z] ❌ Error reading register 1000 for IP 10.30.4.91: no connection to modbus server
[2025-03-01T07:32:31.872Z] Error writing to Modbus register: no connection to modbus server
[2025-03-01T07:32:32.779Z] Error reading register 3105 for IP 10.30.4.91: no connection to modbus server
[2025-03-01T07:32:32.779Z] ❌ Error reading register 1000 for IP 10.30.4.91: no connection to modbus server
[2025-03-01T07:32:32.873Z] Error writing to Modbus register: no connection to modbus server
[2025-03-01T07:32:33.788Z] Error reading register 3105 for IP 10.30.4.91: no connection to modbus server
[2025-03-01T07:32:33.788Z] ❌ Error reading register 1000 for IP 10.30.4.91: no connection to modbus server
[2025-03-01T07:32:33.874Z] Error writing to Modbus register: no connection to modbus server
[2025-03-01T07:32:34.789Z] Error reading register 3105 for IP 10.30.4.91: no connection to modbus server
[2025-03-01T07:32:34.790Z] ❌ Error reading register 1000 for IP 10.30.4.91: no connection to modbus server
[2025-03-01T07:32:34.876Z] Error writing to Modbus register: no connection to modbus server
[2025-03-01T07:32:35.789Z] Error reading register 3105 for IP 10.30.4.91: no connection to modbus server
[2025-03-01T07:32:35.790Z] ❌ Error reading register 1000 for IP 10.30.4.91: no connection to modbus server
[2025-03-01T07:32:35.877Z] Error writing to Modbus register: no connection to modbus server
[2025-03-01T07:32:36.790Z] Error reading register 3105 for IP 10.30.4.91: no connection to modbus server
[2025-03-01T07:32:36.790Z] ❌ Error reading register 1000 for IP 10.30.4.91: no connection to modbus server
[2025-03-01T07:32:36.890Z] Error writing to Modbus register: no connection to modbus server
[2025-03-01T07:32:37.790Z] Error reading register 3105 for IP 10.30.4.91: no connection to modbus server
[2025-03-01T07:32:37.790Z] ❌ Error reading register 1000 for IP 10.30.4.91: no connection to modbus server
[2025-03-01T07:32:37.891Z] Error writing to Modbus register: no connection to modbus server
[2025-03-01T07:32:38.805Z] Error reading register 3105 for IP 10.30.4.91: no connection to modbus server
[2025-03-01T07:32:38.805Z] ❌ Error reading register 1000 for IP 10.30.4.91: no connection to modbus server
[2025-03-01T07:32:38.906Z] Error writing to Modbus register: no connection to modbus server
[2025-03-01T07:32:39.805Z] Error reading register 3105 for IP 10.30.4.91: no connection to modbus server
[2025-03-01T07:32:39.805Z] ❌ Error reading register 1000 for IP 10.30.4.91: no connection to modbus server
[2025-03-01T07:32:39.906Z] Error writing to Modbus register: no connection to modbus server
[2025-03-01T07:32:40.806Z] Error reading register 3105 for IP 10.30.4.91: no connection to modbus server
[2025-03-01T07:32:40.807Z] ❌ Error reading register 1000 for IP 10.30.4.91: no connection to modbus server
[2025-03-01T07:32:40.907Z] Error writing to Modbus register: no connection to modbus server
[2025-03-01T07:32:41.807Z] Error reading register 3105 for IP 10.30.4.91: no connection to modbus server
[2025-03-01T07:32:41.807Z] ❌ Error reading register 1000 for IP 10.30.4.91: no connection to modbus server
[2025-03-01T07:32:41.922Z] Error writing to Modbus register: no connection to modbus server
[2025-03-01T07:32:42.811Z] Error reading register 3105 for IP 10.30.4.91: no connection to modbus server
[2025-03-01T07:32:42.811Z] ❌ Error reading register 1000 for IP 10.30.4.91: no connection to modbus server
[2025-03-01T07:32:42.923Z] Error writing to Modbus register: no connection to modbus server
[2025-03-01T07:32:43.813Z] Error reading register 3105 for IP 10.30.4.91: no connection to modbus server
[2025-03-01T07:32:43.813Z] ❌ Error reading register 1000 for IP 10.30.4.91: no connection to modbus server
[2025-03-01T07:32:43.925Z] Error writing to Modbus register: no connection to modbus server
[2025-03-01T07:32:44.822Z] Error reading register 3105 for IP 10.30.4.91: no connection to modbus server
[2025-03-01T07:32:44.822Z] ❌ Error reading register 1000 for IP 10.30.4.91: no connection to modbus server
[2025-03-01T07:32:44.938Z] Error writing to Modbus register: no connection to modbus server
[2025-03-01T07:32:45.824Z] Error reading register 3105 for IP 10.30.4.91: no connection to modbus server
[2025-03-01T07:32:45.824Z] ❌ Error reading register 1000 for IP 10.30.4.91: no connection to modbus server
[2025-03-01T07:32:45.939Z] Error writing to Modbus register: no connection to modbus server
[2025-03-01T07:32:46.824Z] Error reading register 3105 for IP 10.30.4.91: no connection to modbus server
[2025-03-01T07:32:46.824Z] ❌ Error reading register 1000 for IP 10.30.4.91: no connection to modbus server
[2025-03-01T07:32:46.956Z] Error writing to Modbus register: no connection to modbus server
[2025-03-01T07:32:47.824Z] Error reading register 3105 for IP 10.30.4.91: no connection to modbus server
[2025-03-01T07:32:47.824Z] ❌ Error reading register 1000 for IP 10.30.4.91: no connection to modbus server
[2025-03-01T07:32:47.955Z] Error writing to Modbus register: no connection to modbus server
[2025-03-01T07:32:48.840Z] Error reading register 3105 for IP 10.30.4.91: no connection to modbus server
[2025-03-01T07:32:48.840Z] ❌ Error reading register 1000 for IP 10.30.4.91: no connection to modbus server
[2025-03-01T07:32:48.955Z] Error writing to Modbus register: no connection to modbus server
[2025-03-01T07:32:49.840Z] Error reading register 3105 for IP 10.30.4.91: no connection to modbus server
[2025-03-01T07:32:49.841Z] ❌ Error reading register 1000 for IP 10.30.4.91: no connection to modbus server
[2025-03-01T07:32:49.955Z] Error writing to Modbus register: no connection to modbus server
[2025-03-01T07:32:50.857Z] Error reading register 3105 for IP 10.30.4.91: no connection to modbus server
[2025-03-01T07:32:50.858Z] ❌ Error reading register 1000 for IP 10.30.4.91: no connection to modbus server
[2025-03-01T07:32:50.955Z] Error writing to Modbus register: no connection to modbus server
[2025-03-01T07:32:51.858Z] Error reading register 3105 for IP 10.30.4.91: no connection to modbus server
[2025-03-01T07:32:51.858Z] ❌ Error reading register 1000 for IP 10.30.4.91: no connection to modbus server
[2025-03-01T07:32:51.955Z] Error writing to Modbus register: no connection to modbus server
[2025-03-01T07:32:52.866Z] Error reading register 3105 for IP 10.30.4.91: no connection to modbus server
[2025-03-01T07:32:52.866Z] ❌ Error reading register 1000 for IP 10.30.4.91: no connection to modbus server
[2025-03-01T07:32:52.956Z] Error writing to Modbus register: no connection to modbus server
[2025-03-01T07:32:53.874Z] Error reading register 3105 for IP 10.30.4.91: no connection to modbus server
[2025-03-01T07:32:53.874Z] ❌ Error reading register 1000 for IP 10.30.4.91: no connection to modbus server
[2025-03-01T07:32:53.968Z] Error writing to Modbus register: no connection to modbus server
[2025-03-01T07:32:54.874Z] Error reading register 3105 for IP 10.30.4.91: no connection to modbus server
[2025-03-01T07:32:54.874Z] ❌ Error reading register 1000 for IP 10.30.4.91: no connection to modbus server
[2025-03-01T07:32:54.971Z] Error writing to Modbus register: no connection to modbus server
[2025-03-01T07:32:55.888Z] Error reading register 3105 for IP 10.30.4.91: no connection to modbus server
[2025-03-01T07:32:55.888Z] ❌ Error reading register 1000 for IP 10.30.4.91: no connection to modbus server
[2025-03-01T07:32:55.972Z] Error writing to Modbus register: no connection to modbus server
[2025-03-01T07:32:56.889Z] Error reading register 3105 for IP 10.30.4.91: no connection to modbus server
[2025-03-01T07:32:56.890Z] ❌ Error reading register 1000 for IP 10.30.4.91: no connection to modbus server
[2025-03-01T07:32:56.976Z] Error writing to Modbus register: no connection to modbus server
[2025-03-01T07:32:57.891Z] Error reading register 3105 for IP 10.30.4.91: no connection to modbus server
[2025-03-01T07:32:57.891Z] ❌ Error reading register 1000 for IP 10.30.4.91: no connection to modbus server
[2025-03-01T07:32:57.976Z] Error writing to Modbus register: no connection to modbus server
[2025-03-01T07:32:58.905Z] Error reading register 3105 for IP 10.30.4.91: no connection to modbus server
[2025-03-01T07:32:58.905Z] ❌ Error reading register 1000 for IP 10.30.4.91: no connection to modbus server
[2025-03-01T07:32:58.988Z] Error writing to Modbus register: no connection to modbus server
[2025-03-01T07:32:59.907Z] Error reading register 3105 for IP 10.30.4.91: no connection to modbus server
[2025-03-01T07:32:59.908Z] ❌ Error reading register 1000 for IP 10.30.4.91: no connection to modbus server
[2025-03-01T07:33:00.002Z] Error writing to Modbus register: no connection to modbus server
[2025-03-01T07:33:00.923Z] Error reading register 3105 for IP 10.30.4.91: no connection to modbus server
[2025-03-01T07:33:00.923Z] ❌ Error reading register 1000 for IP 10.30.4.91: no connection to modbus server
[2025-03-01T07:33:01.005Z] Error writing to Modbus register: no connection to modbus server
[2025-03-01T07:33:01.923Z] Error reading register 3105 for IP 10.30.4.91: no connection to modbus server
[2025-03-01T07:33:01.923Z] ❌ Error reading register 1000 for IP 10.30.4.91: no connection to modbus server
[2025-03-01T07:33:02.010Z] Error writing to Modbus register: no connection to modbus server
[2025-03-01T07:33:02.939Z] Error reading register 3105 for IP 10.30.4.91: no connection to modbus server
[2025-03-01T07:33:02.939Z] ❌ Error reading register 1000 for IP 10.30.4.91: no connection to modbus server
[2025-03-01T07:33:03.021Z] Error writing to Modbus register: no connection to modbus server
[2025-03-01T07:33:03.954Z] Error reading register 3105 for IP 10.30.4.91: no connection to modbus server
[2025-03-01T07:33:03.955Z] ❌ Error reading register 1000 for IP 10.30.4.91: no connection to modbus server
[2025-03-01T07:33:04.022Z] Error writing to Modbus register: no connection to modbus server
[2025-03-01T07:33:04.955Z] Error reading register 3105 for IP 10.30.4.91: no connection to modbus server
[2025-03-01T07:33:04.956Z] ❌ Error reading register 1000 for IP 10.30.4.91: no connection to modbus server
[2025-03-01T07:33:05.022Z] Error writing to Modbus register: no connection to modbus server
[2025-03-01T07:33:05.957Z] Error reading register 3105 for IP 10.30.4.91: no connection to modbus server
[2025-03-01T07:33:05.957Z] ❌ Error reading register 1000 for IP 10.30.4.91: no connection to modbus server
[2025-03-01T07:33:06.025Z] Error writing to Modbus register: no connection to modbus server
[2025-03-01T07:33:06.972Z] Error reading register 3105 for IP 10.30.4.91: no connection to modbus server
[2025-03-01T07:33:06.972Z] ❌ Error reading register 1000 for IP 10.30.4.91: no connection to modbus server
[2025-03-01T07:33:07.038Z] Error writing to Modbus register: no connection to modbus server
[2025-03-01T07:33:07.976Z] Error reading register 3105 for IP 10.30.4.91: no connection to modbus server
[2025-03-01T07:33:07.977Z] ❌ Error reading register 1000 for IP 10.30.4.91: no connection to modbus server
[2025-03-01T07:33:08.038Z] Error writing to Modbus register: no connection to modbus server
[2025-03-01T07:33:08.989Z] Error reading register 3105 for IP 10.30.4.91: no connection to modbus server
[2025-03-01T07:33:08.990Z] ❌ Error reading register 1000 for IP 10.30.4.91: no connection to modbus server
[2025-03-01T07:33:09.039Z] Error writing to Modbus register: no connection to modbus server
[2025-03-01T07:33:10.004Z] Error reading register 3105 for IP 10.30.4.91: no connection to modbus server
[2025-03-01T07:33:10.004Z] ❌ Error reading register 1000 for IP 10.30.4.91: no connection to modbus server
[2025-03-01T07:33:10.052Z] Error writing to Modbus register: no connection to modbus server
[2025-03-01T07:33:11.006Z] Error reading register 3105 for IP 10.30.4.91: no connection to modbus server
[2025-03-01T07:33:11.006Z] ❌ Error reading register 1000 for IP 10.30.4.91: no connection to modbus server
[2025-03-01T07:33:11.055Z] Error writing to Modbus register: no connection to modbus server
[2025-03-01T07:33:12.007Z] Error reading register 3105 for IP 10.30.4.91: no connection to modbus server
[2025-03-01T07:33:12.007Z] ❌ Error reading register 1000 for IP 10.30.4.91: no connection to modbus server
[2025-03-01T07:33:12.057Z] Error writing to Modbus register: no connection to modbus server
[2025-03-01T07:33:13.022Z] Error reading register 3105 for IP 10.30.4.91: no connection to modbus server
[2025-03-01T07:33:13.023Z] ❌ Error reading register 1000 for IP 10.30.4.91: no connection to modbus server
[2025-03-01T07:33:13.073Z] Error writing to Modbus register: no connection to modbus server
[2025-03-01T07:33:14.024Z] Error reading register 3105 for IP 10.30.4.91: no connection to modbus server
[2025-03-01T07:33:14.025Z] ❌ Error reading register 1000 for IP 10.30.4.91: no connection to modbus server
[2025-03-01T07:33:14.075Z] Error writing to Modbus register: no connection to modbus server
[2025-03-01T07:33:15.040Z] Error reading register 3105 for IP 10.30.4.91: no connection to modbus server
[2025-03-01T07:33:15.040Z] ❌ Error reading register 1000 for IP 10.30.4.91: no connection to modbus server
[2025-03-01T07:33:15.077Z] Error writing to Modbus register: no connection to modbus server
[2025-03-01T07:33:16.046Z] Error reading register 3105 for IP 10.30.4.91: no connection to modbus server
[2025-03-01T07:33:16.046Z] ❌ Error reading register 1000 for IP 10.30.4.91: no connection to modbus server
[2025-03-01T07:33:16.088Z] Error writing to Modbus register: no connection to modbus server
[2025-03-01T07:33:17.055Z] Error reading register 3105 for IP 10.30.4.91: no connection to modbus server
[2025-03-01T07:33:17.055Z] ❌ Error reading register 1000 for IP 10.30.4.91: no connection to modbus server
[2025-03-01T07:33:17.089Z] Error writing to Modbus register: no connection to modbus server
[2025-03-01T07:33:18.055Z] Error reading register 3105 for IP 10.30.4.91: no connection to modbus server
[2025-03-01T07:33:18.055Z] ❌ Error reading register 1000 for IP 10.30.4.91: no connection to modbus server
[2025-03-01T07:33:18.089Z] Error writing to Modbus register: no connection to modbus server
[2025-03-01T07:33:19.057Z] Error reading register 3105 for IP 10.30.4.91: no connection to modbus server
[2025-03-01T07:33:19.058Z] ❌ Error reading register 1000 for IP 10.30.4.91: no connection to modbus server
[2025-03-01T07:33:19.088Z] Error writing to Modbus register: no connection to modbus server
[2025-03-01T07:33:20.061Z] ❌ Error reading register 1000 for IP 10.30.4.91: no connection to modbus server
[2025-03-01T07:33:20.061Z] Error reading register 3105 for IP 10.30.4.91: no connection to modbus server
[2025-03-01T07:33:20.094Z] Error writing to Modbus register: no connection to modbus server
[2025-03-01T07:33:21.071Z] Error reading register 3105 for IP 10.30.4.91: no connection to modbus server
[2025-03-01T07:33:21.072Z] ❌ Error reading register 1000 for IP 10.30.4.91: no connection to modbus server
[2025-03-01T07:33:21.106Z] Error writing to Modbus register: no connection to modbus server
[2025-03-01T07:33:22.072Z] Error reading register 3105 for IP 10.30.4.91: no connection to modbus server
[2025-03-01T07:33:22.072Z] ❌ Error reading register 1000 for IP 10.30.4.91: no connection to modbus server
[2025-03-01T07:33:22.120Z] Error writing to Modbus register: no connection to modbus server
[2025-03-01T07:33:23.076Z] Error reading register 3105 for IP 10.30.4.91: no connection to modbus server
[2025-03-01T07:33:23.076Z] ❌ Error reading register 1000 for IP 10.30.4.91: no connection to modbus server
[2025-03-01T07:33:23.128Z] Error writing to Modbus register: no connection to modbus server
[2025-03-01T07:33:24.090Z] Error reading register 3105 for IP 10.30.4.91: no connection to modbus server
[2025-03-01T07:33:24.091Z] ❌ Error reading register 1000 for IP 10.30.4.91: no connection to modbus server
[2025-03-01T07:33:24.138Z] Error writing to Modbus register: no connection to modbus server
[2025-03-01T07:33:25.106Z] Error reading register 3105 for IP 10.30.4.91: no connection to modbus server
[2025-03-01T07:33:25.107Z] ❌ Error reading register 1000 for IP 10.30.4.91: no connection to modbus server
[2025-03-01T07:33:25.139Z] Error writing to Modbus register: no connection to modbus server
[2025-03-01T07:33:26.106Z] Error reading register 3105 for IP 10.30.4.91: no connection to modbus server
[2025-03-01T07:33:26.107Z] ❌ Error reading register 1000 for IP 10.30.4.91: no connection to modbus server
[2025-03-01T07:33:26.139Z] Error writing to Modbus register: no connection to modbus server
[2025-03-01T07:33:27.122Z] Error reading register 3105 for IP 10.30.4.91: no connection to modbus server
[2025-03-01T07:33:27.123Z] ❌ Error reading register 1000 for IP 10.30.4.91: no connection to modbus server
[2025-03-01T07:33:27.139Z] Error writing to Modbus register: no connection to modbus server
[2025-03-01T07:33:28.123Z] Error reading register 3105 for IP 10.30.4.91: no connection to modbus server
[2025-03-01T07:33:28.124Z] ❌ Error reading register 1000 for IP 10.30.4.91: no connection to modbus server
[2025-03-01T07:33:28.139Z] Error writing to Modbus register: no connection to modbus server
[2025-03-01T07:33:29.135Z] Error reading register 3105 for IP 10.30.4.91: no connection to modbus server
[2025-03-01T07:33:29.135Z] ❌ Error reading register 1000 for IP 10.30.4.91: no connection to modbus server
[2025-03-01T07:33:29.151Z] Error writing to Modbus register: no connection to modbus server
[2025-03-01T07:33:30.138Z] Error reading register 3105 for IP 10.30.4.91: no connection to modbus server
[2025-03-01T07:33:30.138Z] ❌ Error reading register 1000 for IP 10.30.4.91: no connection to modbus server
[2025-03-01T07:33:30.155Z] Error writing to Modbus register: no connection to modbus server
[2025-03-01T07:33:31.139Z] Error reading register 3105 for IP 10.30.4.91: no connection to modbus server
[2025-03-01T07:33:31.140Z] ❌ Error reading register 1000 for IP 10.30.4.91: no connection to modbus server
[2025-03-01T07:33:31.155Z] Error writing to Modbus register: no connection to modbus server
[2025-03-01T07:33:32.140Z] Error reading register 3105 for IP 10.30.4.91: no connection to modbus server
[2025-03-01T07:33:32.140Z] ❌ Error reading register 1000 for IP 10.30.4.91: no connection to modbus server
[2025-03-01T07:33:32.157Z] Error writing to Modbus register: no connection to modbus server
[2025-03-01T07:33:33.139Z] Error reading register 3105 for IP 10.30.4.91: no connection to modbus server
[2025-03-01T07:33:33.139Z] ❌ Error reading register 1000 for IP 10.30.4.91: no connection to modbus server
[2025-03-01T07:33:33.156Z] Error writing to Modbus register: no connection to modbus server
[2025-03-01T07:33:34.141Z] Error reading register 3105 for IP 10.30.4.91: no connection to modbus server
[2025-03-01T07:33:34.142Z] ❌ Error reading register 1000 for IP 10.30.4.91: no connection to modbus server
[2025-03-01T07:33:34.157Z] Error writing to Modbus register: no connection to modbus server
[2025-03-01T07:33:35.156Z] Error reading register 3105 for IP 10.30.4.91: no connection to modbus server
[2025-03-01T07:33:35.156Z] ❌ Error reading register 1000 for IP 10.30.4.91: no connection to modbus server
[2025-03-01T07:33:35.157Z] Error writing to Modbus register: no connection to modbus server
[2025-03-01T07:33:36.158Z] Error reading register 3105 for IP 10.30.4.91: no connection to modbus server
[2025-03-01T07:33:36.159Z] ❌ Error reading register 1000 for IP 10.30.4.91: no connection to modbus server
[2025-03-01T07:33:36.160Z] Error writing to Modbus register: no connection to modbus server
[2025-03-01T07:33:37.172Z] Error reading register 3105 for IP 10.30.4.91: no connection to modbus server
[2025-03-01T07:33:37.173Z] ❌ Error reading register 1000 for IP 10.30.4.91: no connection to modbus server
[2025-03-01T07:33:37.174Z] Error writing to Modbus register: no connection to modbus server
[2025-03-01T07:33:38.174Z] Error reading register 3105 for IP 10.30.4.91: no connection to modbus server
[2025-03-01T07:33:38.174Z] ❌ Error reading register 1000 for IP 10.30.4.91: no connection to modbus server
[2025-03-01T07:33:38.175Z] Error writing to Modbus register: no connection to modbus server
[2025-03-01T07:33:39.174Z] Error reading register 3105 for IP 10.30.4.91: no connection to modbus server
[2025-03-01T07:33:39.174Z] ❌ Error reading register 1000 for IP 10.30.4.91: no connection to modbus server
[2025-03-01T07:33:39.175Z] Error writing to Modbus register: no connection to modbus server
[2025-03-01T07:33:40.188Z] Error reading register 3105 for IP 10.30.4.91: no connection to modbus server
[2025-03-01T07:33:40.188Z] ❌ Error reading register 1000 for IP 10.30.4.91: no connection to modbus server
[2025-03-01T07:33:40.188Z] Error writing to Modbus register: no connection to modbus server
[2025-03-01T07:33:41.194Z] Error reading register 3105 for IP 10.30.4.91: no connection to modbus server
[2025-03-01T07:33:41.194Z] ❌ Error reading register 1000 for IP 10.30.4.91: no connection to modbus server
[2025-03-01T07:33:41.194Z] Error writing to Modbus register: no connection to modbus server
[2025-03-01T07:33:42.199Z] Error reading register 3105 for IP 10.30.4.91: no connection to modbus server
[2025-03-01T07:33:42.199Z] ❌ Error reading register 1000 for IP 10.30.4.91: no connection to modbus server
[2025-03-01T07:33:42.199Z] Error writing to Modbus register: no connection to modbus server
[2025-03-01T07:33:43.206Z] Error reading register 3105 for IP 10.30.4.91: no connection to modbus server
[2025-03-01T07:33:43.206Z] ❌ Error reading register 1000 for IP 10.30.4.91: no connection to modbus server
[2025-03-01T07:33:43.207Z] Error writing to Modbus register: no connection to modbus server
[2025-03-01T07:33:44.207Z] Error reading register 3105 for IP 10.30.4.91: no connection to modbus server
[2025-03-01T07:33:44.207Z] ❌ Error reading register 1000 for IP 10.30.4.91: no connection to modbus server
[2025-03-01T07:33:44.209Z] Error writing to Modbus register: no connection to modbus server
[2025-03-01T07:33:45.221Z] Error reading register 3105 for IP 10.30.4.91: no connection to modbus server
[2025-03-01T07:33:45.222Z] ❌ Error reading register 1000 for IP 10.30.4.91: no connection to modbus server
[2025-03-01T07:33:45.222Z] Error writing to Modbus register: no connection to modbus server
[2025-03-01T07:33:46.223Z] Error reading register 3105 for IP 10.30.4.91: no connection to modbus server
[2025-03-01T07:33:46.224Z] ❌ Error reading register 1000 for IP 10.30.4.91: no connection to modbus server
[2025-03-01T07:33:46.225Z] Error writing to Modbus register: no connection to modbus server
[2025-03-01T07:33:47.239Z] Error reading register 3105 for IP 10.30.4.91: no connection to modbus server
[2025-03-01T07:33:47.240Z] ❌ Error reading register 1000 for IP 10.30.4.91: no connection to modbus server
[2025-03-01T07:33:47.241Z] Error writing to Modbus register: no connection to modbus server
[2025-03-01T07:33:48.239Z] Error reading register 3105 for IP 10.30.4.91: no connection to modbus server
[2025-03-01T07:33:48.240Z] ❌ Error reading register 1000 for IP 10.30.4.91: no connection to modbus server
[2025-03-01T07:33:48.241Z] Error writing to Modbus register: no connection to modbus server
[2025-03-01T07:33:49.239Z] Error reading register 3105 for IP 10.30.4.91: no connection to modbus server
[2025-03-01T07:33:49.240Z] ❌ Error reading register 1000 for IP 10.30.4.91: no connection to modbus server
[2025-03-01T07:33:49.241Z] Error writing to Modbus register: no connection to modbus server
[2025-03-01T07:33:50.256Z] Error reading register 3105 for IP 10.30.4.91: no connection to modbus server
[2025-03-01T07:33:50.256Z] ❌ Error reading register 1000 for IP 10.30.4.91: no connection to modbus server
[2025-03-01T07:33:50.257Z] Error writing to Modbus register: no connection to modbus server
[2025-03-01T07:33:51.256Z] Error reading register 3105 for IP 10.30.4.91: no connection to modbus server
[2025-03-01T07:33:51.256Z] ❌ Error reading register 1000 for IP 10.30.4.91: no connection to modbus server
[2025-03-01T07:33:51.257Z] Error writing to Modbus register: no connection to modbus server
[2025-03-01T07:33:52.273Z] Error reading register 3105 for IP 10.30.4.91: no connection to modbus server
[2025-03-01T07:33:52.273Z] ❌ Error reading register 1000 for IP 10.30.4.91: no connection to modbus server
[2025-03-01T07:33:52.274Z] Error writing to Modbus register: no connection to modbus server
[2025-03-01T07:33:53.274Z] Error reading register 3105 for IP 10.30.4.91: no connection to modbus server
[2025-03-01T07:33:53.274Z] ❌ Error reading register 1000 for IP 10.30.4.91: no connection to modbus server
[2025-03-01T07:33:53.275Z] Error writing to Modbus register: no connection to modbus server
[2025-03-01T07:33:54.289Z] Error reading register 3105 for IP 10.30.4.91: no connection to modbus server
[2025-03-01T07:33:54.290Z] ❌ Error reading register 1000 for IP 10.30.4.91: no connection to modbus server
[2025-03-01T07:33:54.291Z] Error writing to Modbus register: no connection to modbus server
[2025-03-01T07:33:55.300Z] Error reading register 3105 for IP 10.30.4.91: no connection to modbus server
[2025-03-01T07:33:55.301Z] Error writing to Modbus register: no connection to modbus server
[2025-03-01T07:33:55.301Z] ❌ Error reading register 1000 for IP 10.30.4.91: no connection to modbus server
[2025-03-01T07:33:56.306Z] Error reading register 3105 for IP 10.30.4.91: no connection to modbus server
[2025-03-01T07:33:56.307Z] ❌ Error reading register 1000 for IP 10.30.4.91: no connection to modbus server
[2025-03-01T07:33:56.308Z] Error writing to Modbus register: no connection to modbus server
[2025-03-01T07:33:57.306Z] ❌ Error reading register 1000 for IP 10.30.4.91: no connection to modbus server
[2025-03-01T07:33:57.306Z] Error reading register 3105 for IP 10.30.4.91: no connection to modbus server
[2025-03-01T07:33:57.306Z] Error writing to Modbus register: no connection to modbus server
[2025-03-01T07:33:58.322Z] Error reading register 3105 for IP 10.30.4.91: no connection to modbus server
[2025-03-01T07:33:58.323Z] ❌ Error reading register 1000 for IP 10.30.4.91: no connection to modbus server
[2025-03-01T07:33:58.324Z] Error writing to Modbus register: no connection to modbus server
[2025-03-01T07:33:59.321Z] Error reading register 3105 for IP 10.30.4.91: no connection to modbus server
[2025-03-01T07:33:59.322Z] ❌ Error reading register 1000 for IP 10.30.4.91: no connection to modbus server
[2025-03-01T07:33:59.323Z] Error writing to Modbus register: no connection to modbus server
[2025-03-01T07:34:00.321Z] Error reading register 3105 for IP 10.30.4.91: no connection to modbus server
[2025-03-01T07:34:00.322Z] ❌ Error reading register 1000 for IP 10.30.4.91: no connection to modbus server
[2025-03-01T07:34:00.323Z] Error writing to Modbus register: no connection to modbus server
[2025-03-01T07:34:01.322Z] Error reading register 3105 for IP 10.30.4.91: no connection to modbus server
[2025-03-01T07:34:01.323Z] ❌ Error reading register 1000 for IP 10.30.4.91: no connection to modbus server
[2025-03-01T07:34:01.324Z] Error writing to Modbus register: no connection to modbus server
[2025-03-01T07:34:02.323Z] Error reading register 3105 for IP 10.30.4.91: no connection to modbus server
[2025-03-01T07:34:02.323Z] ❌ Error reading register 1000 for IP 10.30.4.91: no connection to modbus server
[2025-03-01T07:34:02.324Z] Error writing to Modbus register: no connection to modbus server
[2025-03-01T07:34:03.322Z] Error reading register 3105 for IP 10.30.4.91: no connection to modbus server
[2025-03-01T07:34:03.323Z] ❌ Error reading register 1000 for IP 10.30.4.91: no connection to modbus server
[2025-03-01T07:34:03.324Z] Error writing to Modbus register: no connection to modbus server
[2025-03-01T07:34:04.322Z] Error reading register 3105 for IP 10.30.4.91: no connection to modbus server
[2025-03-01T07:34:04.323Z] ❌ Error reading register 1000 for IP 10.30.4.91: no connection to modbus server
[2025-03-01T07:34:04.324Z] Error writing to Modbus register: no connection to modbus server
[2025-03-01T07:34:05.324Z] Error reading register 3105 for IP 10.30.4.91: no connection to modbus server
[2025-03-01T07:34:05.324Z] ❌ Error reading register 1000 for IP 10.30.4.91: no connection to modbus server
[2025-03-01T07:34:05.325Z] Error writing to Modbus register: no connection to modbus server
[2025-03-01T07:34:06.324Z] Error reading register 3105 for IP 10.30.4.91: no connection to modbus server
[2025-03-01T07:34:06.324Z] ❌ Error reading register 1000 for IP 10.30.4.91: no connection to modbus server
[2025-03-01T07:34:06.325Z] Error writing to Modbus register: no connection to modbus server
[2025-03-01T07:34:07.324Z] Error reading register 3105 for IP 10.30.4.91: no connection to modbus server
[2025-03-01T07:34:07.325Z] ❌ Error reading register 1000 for IP 10.30.4.91: no connection to modbus server
[2025-03-01T07:34:07.325Z] Error writing to Modbus register: no connection to modbus server
[2025-03-01T07:34:08.338Z] Error reading register 3105 for IP 10.30.4.91: no connection to modbus server
[2025-03-01T07:34:08.339Z] ❌ Error reading register 1000 for IP 10.30.4.91: no connection to modbus server
[2025-03-01T07:34:08.339Z] Error writing to Modbus register: no connection to modbus server
[2025-03-01T07:34:09.339Z] Error reading register 3105 for IP 10.30.4.91: no connection to modbus server
[2025-03-01T07:34:09.339Z] ❌ Error reading register 1000 for IP 10.30.4.91: no connection to modbus server
[2025-03-01T07:34:09.341Z] Error writing to Modbus register: no connection to modbus server
[2025-03-01T07:34:10.339Z] Error reading register 3105 for IP 10.30.4.91: no connection to modbus server
[2025-03-01T07:34:10.340Z] ❌ Error reading register 1000 for IP 10.30.4.91: no connection to modbus server
[2025-03-01T07:34:10.341Z] Error writing to Modbus register: no connection to modbus server
[2025-03-01T07:34:11.340Z] Error reading register 3105 for IP 10.30.4.91: no connection to modbus server
[2025-03-01T07:34:11.340Z] ❌ Error reading register 1000 for IP 10.30.4.91: no connection to modbus server
[2025-03-01T07:34:11.340Z] Error writing to Modbus register: no connection to modbus server
[2025-03-01T07:34:12.356Z] Error reading register 3105 for IP 10.30.4.91: no connection to modbus server
[2025-03-01T07:34:12.356Z] ❌ Error reading register 1000 for IP 10.30.4.91: no connection to modbus server
[2025-03-01T07:34:12.356Z] Error writing to Modbus register: no connection to modbus server
[2025-03-01T07:34:13.357Z] ❌ Error reading register 1000 for IP 10.30.4.91: no connection to modbus server
[2025-03-01T07:34:13.357Z] Error reading register 3105 for IP 10.30.4.91: no connection to modbus server
[2025-03-01T07:34:13.357Z] Error writing to Modbus register: no connection to modbus server
[2025-03-01T07:34:14.371Z] Error reading register 3105 for IP 10.30.4.91: no connection to modbus server
[2025-03-01T07:34:14.372Z] Error writing to Modbus register: no connection to modbus server
[2025-03-01T07:34:14.372Z] ❌ Error reading register 1000 for IP 10.30.4.91: no connection to modbus server
[2025-03-01T07:34:15.389Z] Error reading register 3105 for IP 10.30.4.91: no connection to modbus server
[2025-03-01T07:34:15.389Z] ❌ Error reading register 1000 for IP 10.30.4.91: no connection to modbus server
[2025-03-01T07:34:15.391Z] Error writing to Modbus register: no connection to modbus server
[2025-03-01T07:34:16.395Z] Error reading register 3105 for IP 10.30.4.91: no connection to modbus server
[2025-03-01T07:34:16.395Z] ❌ Error reading register 1000 for IP 10.30.4.91: no connection to modbus server
[2025-03-01T07:34:16.395Z] Error writing to Modbus register: no connection to modbus server
[2025-03-01T07:34:17.406Z] Error reading register 3105 for IP 10.30.4.91: no connection to modbus server
[2025-03-01T07:34:17.407Z] ❌ Error reading register 1000 for IP 10.30.4.91: no connection to modbus server
[2025-03-01T07:34:17.408Z] Error writing to Modbus register: no connection to modbus server
[2025-03-01T07:34:18.407Z] Error reading register 3105 for IP 10.30.4.91: no connection to modbus server
[2025-03-01T07:34:18.407Z] ❌ Error reading register 1000 for IP 10.30.4.91: no connection to modbus server
[2025-03-01T07:34:18.408Z] Error writing to Modbus register: no connection to modbus server
[2025-03-01T07:34:19.422Z] Error reading register 3105 for IP 10.30.4.91: no connection to modbus server
[2025-03-01T07:34:19.423Z] ❌ Error reading register 1000 for IP 10.30.4.91: no connection to modbus server
[2025-03-01T07:34:19.424Z] Error writing to Modbus register: no connection to modbus server
[2025-03-01T07:34:20.422Z] Error reading register 3105 for IP 10.30.4.91: no connection to modbus server
[2025-03-01T07:34:20.423Z] ❌ Error reading register 1000 for IP 10.30.4.91: no connection to modbus server
[2025-03-01T07:34:20.425Z] Error writing to Modbus register: no connection to modbus server
[2025-03-01T07:34:21.422Z] Error reading register 3105 for IP 10.30.4.91: no connection to modbus server
[2025-03-01T07:34:21.423Z] ❌ Error reading register 1000 for IP 10.30.4.91: no connection to modbus server
[2025-03-01T07:34:21.424Z] Error writing to Modbus register: no connection to modbus server
[2025-03-01T07:34:22.423Z] Error reading register 3105 for IP 10.30.4.91: no connection to modbus server
[2025-03-01T07:34:22.424Z] ❌ Error reading register 1000 for IP 10.30.4.91: no connection to modbus server
[2025-03-01T07:34:22.425Z] Error writing to Modbus register: no connection to modbus server
[2025-03-01T07:34:23.423Z] Error reading register 3105 for IP 10.30.4.91: no connection to modbus server
[2025-03-01T07:34:23.424Z] ❌ Error reading register 1000 for IP 10.30.4.91: no connection to modbus server
[2025-03-01T07:34:23.425Z] Error writing to Modbus register: no connection to modbus server
[2025-03-01T07:34:24.439Z] Error reading register 3105 for IP 10.30.4.91: no connection to modbus server
[2025-03-01T07:34:24.441Z] Error writing to Modbus register: no connection to modbus server
[2025-03-01T07:34:24.440Z] ❌ Error reading register 1000 for IP 10.30.4.91: no connection to modbus server
[2025-03-01T07:34:25.439Z] Error reading register 3105 for IP 10.30.4.91: no connection to modbus server
[2025-03-01T07:34:25.439Z] ❌ Error reading register 1000 for IP 10.30.4.91: no connection to modbus server
[2025-03-01T07:34:25.441Z] Error writing to Modbus register: no connection to modbus server
[2025-03-01T07:34:26.439Z] Error reading register 3105 for IP 10.30.4.91: no connection to modbus server
[2025-03-01T07:34:26.439Z] ❌ Error reading register 1000 for IP 10.30.4.91: no connection to modbus server
[2025-03-01T07:34:26.441Z] Error writing to Modbus register: no connection to modbus server
[2025-03-01T07:34:27.439Z] Error reading register 3105 for IP 10.30.4.91: no connection to modbus server
[2025-03-01T07:34:27.440Z] ❌ Error reading register 1000 for IP 10.30.4.91: no connection to modbus server
[2025-03-01T07:34:27.441Z] Error writing to Modbus register: no connection to modbus server
[2025-03-01T07:34:28.439Z] Error reading register 3105 for IP 10.30.4.91: no connection to modbus server
[2025-03-01T07:34:28.440Z] ❌ Error reading register 1000 for IP 10.30.4.91: no connection to modbus server
[2025-03-01T07:34:28.441Z] Error writing to Modbus register: no connection to modbus server
[2025-03-01T07:34:29.442Z] Error reading register 3105 for IP 10.30.4.91: no connection to modbus server
[2025-03-01T07:34:29.442Z] ❌ Error reading register 1000 for IP 10.30.4.91: no connection to modbus server
[2025-03-01T07:34:29.442Z] Error writing to Modbus register: no connection to modbus server
[2025-03-01T07:34:30.456Z] Error reading register 3105 for IP 10.30.4.91: no connection to modbus server
[2025-03-01T07:34:30.456Z] ❌ Error reading register 1000 for IP 10.30.4.91: no connection to modbus server
[2025-03-01T07:34:30.458Z] Error writing to Modbus register: no connection to modbus server
[2025-03-01T07:34:31.459Z] Error reading register 3105 for IP 10.30.4.91: no connection to modbus server
[2025-03-01T07:34:31.459Z] ❌ Error reading register 1000 for IP 10.30.4.91: no connection to modbus server
[2025-03-01T07:34:31.460Z] Error writing to Modbus register: no connection to modbus server
[2025-03-01T07:34:32.471Z] Error reading register 3105 for IP 10.30.4.91: no connection to modbus server
[2025-03-01T07:34:32.471Z] ❌ Error reading register 1000 for IP 10.30.4.91: no connection to modbus server
[2025-03-01T07:34:32.472Z] Error writing to Modbus register: no connection to modbus server
[2025-03-01T07:34:33.472Z] ❌ Error reading register 1000 for IP 10.30.4.91: no connection to modbus server
[2025-03-01T07:34:33.471Z] Error reading register 3105 for IP 10.30.4.91: no connection to modbus server
[2025-03-01T07:34:33.472Z] Error writing to Modbus register: no connection to modbus server
[2025-03-01T07:34:34.472Z] Error reading register 3105 for IP 10.30.4.91: no connection to modbus server
[2025-03-01T07:34:34.473Z] ❌ Error reading register 1000 for IP 10.30.4.91: no connection to modbus server
[2025-03-01T07:34:34.474Z] Error writing to Modbus register: no connection to modbus server
[2025-03-01T07:34:35.471Z] Error reading register 3105 for IP 10.30.4.91: no connection to modbus server
[2025-03-01T07:34:35.471Z] ❌ Error reading register 1000 for IP 10.30.4.91: no connection to modbus server
[2025-03-01T07:34:35.488Z] Error writing to Modbus register: no connection to modbus server
[2025-03-01T07:34:36.472Z] Error reading register 3105 for IP 10.30.4.91: no connection to modbus server
[2025-03-01T07:34:36.472Z] ❌ Error reading register 1000 for IP 10.30.4.91: no connection to modbus server
[2025-03-01T07:34:36.506Z] Error writing to Modbus register: no connection to modbus server
[2025-03-01T07:34:37.489Z] Error reading register 3105 for IP 10.30.4.91: no connection to modbus server
[2025-03-01T07:34:37.489Z] ❌ Error reading register 1000 for IP 10.30.4.91: no connection to modbus server
[2025-03-01T07:34:37.505Z] Error writing to Modbus register: no connection to modbus server
[2025-03-01T07:34:38.489Z] Error reading register 3105 for IP 10.30.4.91: no connection to modbus server
[2025-03-01T07:34:38.489Z] ❌ Error reading register 1000 for IP 10.30.4.91: no connection to modbus server
[2025-03-01T07:34:38.505Z] Error writing to Modbus register: no connection to modbus server
[2025-03-01T07:34:39.489Z] Error reading register 3105 for IP 10.30.4.91: no connection to modbus server
[2025-03-01T07:34:39.489Z] ❌ Error reading register 1000 for IP 10.30.4.91: no connection to modbus server
[2025-03-01T07:34:39.505Z] Error writing to Modbus register: no connection to modbus server
[2025-03-01T07:34:40.489Z] Error reading register 3105 for IP 10.30.4.91: no connection to modbus server
[2025-03-01T07:34:40.489Z] ❌ Error reading register 1000 for IP 10.30.4.91: no connection to modbus server
[2025-03-01T07:34:40.505Z] Error writing to Modbus register: no connection to modbus server
[2025-03-01T07:34:41.492Z] Error reading register 3105 for IP 10.30.4.91: no connection to modbus server
[2025-03-01T07:34:41.492Z] ❌ Error reading register 1000 for IP 10.30.4.91: no connection to modbus server
[2025-03-01T07:34:41.507Z] Error writing to Modbus register: no connection to modbus server
[2025-03-01T07:34:42.506Z] Error reading register 3105 for IP 10.30.4.91: no connection to modbus server
[2025-03-01T07:34:42.506Z] ❌ Error reading register 1000 for IP 10.30.4.91: no connection to modbus server
[2025-03-01T07:34:42.508Z] Error writing to Modbus register: no connection to modbus server
[2025-03-01T07:34:43.505Z] Error reading register 3105 for IP 10.30.4.91: no connection to modbus server
[2025-03-01T07:34:43.505Z] ❌ Error reading register 1000 for IP 10.30.4.91: no connection to modbus server
[2025-03-01T07:34:43.522Z] Error writing to Modbus register: no connection to modbus server
[2025-03-01T07:34:44.522Z] Error reading register 3105 for IP 10.30.4.91: no connection to modbus server
[2025-03-01T07:34:44.522Z] ❌ Error reading register 1000 for IP 10.30.4.91: no connection to modbus server
[2025-03-01T07:34:44.523Z] Error writing to Modbus register: no connection to modbus server
[2025-03-01T07:34:45.525Z] Error reading register 3105 for IP 10.30.4.91: no connection to modbus server
[2025-03-01T07:34:45.525Z] ❌ Error reading register 1000 for IP 10.30.4.91: no connection to modbus server
[2025-03-01T07:34:45.526Z] Error writing to Modbus register: no connection to modbus server
[2025-03-01T07:34:46.538Z] Error reading register 3105 for IP 10.30.4.91: no connection to modbus server
[2025-03-01T07:34:46.538Z] ❌ Error reading register 1000 for IP 10.30.4.91: no connection to modbus server
[2025-03-01T07:34:46.539Z] Error writing to Modbus register: no connection to modbus server
[2025-03-01T07:34:47.539Z] Error reading register 3105 for IP 10.30.4.91: no connection to modbus server
[2025-03-01T07:34:47.539Z] ❌ Error reading register 1000 for IP 10.30.4.91: no connection to modbus server
[2025-03-01T07:34:47.541Z] Error writing to Modbus register: no connection to modbus server
[2025-03-01T07:34:48.539Z] Error reading register 3105 for IP 10.30.4.91: no connection to modbus server
[2025-03-01T07:34:48.539Z] ❌ Error reading register 1000 for IP 10.30.4.91: no connection to modbus server
[2025-03-01T07:34:48.540Z] Error writing to Modbus register: no connection to modbus server
[2025-03-01T07:34:49.554Z] Error reading register 3105 for IP 10.30.4.91: no connection to modbus server
[2025-03-01T07:34:49.554Z] ❌ Error reading register 1000 for IP 10.30.4.91: no connection to modbus server
[2025-03-01T07:34:49.555Z] Error writing to Modbus register: no connection to modbus server
[2025-03-01T07:34:50.556Z] Error reading register 3105 for IP 10.30.4.91: no connection to modbus server
[2025-03-01T07:34:50.556Z] ❌ Error reading register 1000 for IP 10.30.4.91: no connection to modbus server
[2025-03-01T07:34:50.558Z] Error writing to Modbus register: no connection to modbus server
[2025-03-01T07:34:51.555Z] Error reading register 3105 for IP 10.30.4.91: no connection to modbus server
[2025-03-01T07:34:51.556Z] ❌ Error reading register 1000 for IP 10.30.4.91: no connection to modbus server
[2025-03-01T07:34:51.557Z] Error writing to Modbus register: no connection to modbus server
[2025-03-01T07:34:52.555Z] Error reading register 3105 for IP 10.30.4.91: no connection to modbus server
[2025-03-01T07:34:52.556Z] ❌ Error reading register 1000 for IP 10.30.4.91: no connection to modbus server
[2025-03-01T07:34:52.557Z] Error writing to Modbus register: no connection to modbus server
[2025-03-01T07:34:53.556Z] Error reading register 3105 for IP 10.30.4.91: no connection to modbus server
[2025-03-01T07:34:53.556Z] ❌ Error reading register 1000 for IP 10.30.4.91: no connection to modbus server
[2025-03-01T07:34:53.558Z] Error writing to Modbus register: no connection to modbus server
[2025-03-01T07:34:54.555Z] Error reading register 3105 for IP 10.30.4.91: no connection to modbus server
[2025-03-01T07:34:54.555Z] ❌ Error reading register 1000 for IP 10.30.4.91: no connection to modbus server
[2025-03-01T07:34:54.571Z] Error writing to Modbus register: no connection to modbus server
[2025-03-01T07:34:55.572Z] Error reading register 3105 for IP 10.30.4.91: no connection to modbus server
[2025-03-01T07:34:55.573Z] ❌ Error reading register 1000 for IP 10.30.4.91: no connection to modbus server
[2025-03-01T07:34:55.574Z] Error writing to Modbus register: no connection to modbus server
[2025-03-01T07:34:56.589Z] Error reading register 3105 for IP 10.30.4.91: no connection to modbus server
[2025-03-01T07:34:56.589Z] ❌ Error reading register 1000 for IP 10.30.4.91: no connection to modbus server
[2025-03-01T07:34:56.590Z] Error writing to Modbus register: no connection to modbus server
[2025-03-01T07:34:57.587Z] Error reading register 3105 for IP 10.30.4.91: no connection to modbus server
[2025-03-01T07:34:57.587Z] ❌ Error reading register 1000 for IP 10.30.4.91: no connection to modbus server
[2025-03-01T07:34:57.604Z] Error writing to Modbus register: no connection to modbus server
[2025-03-01T07:34:58.589Z] Error reading register 3105 for IP 10.30.4.91: no connection to modbus server
[2025-03-01T07:34:58.590Z] ❌ Error reading register 1000 for IP 10.30.4.91: no connection to modbus server
[2025-03-01T07:34:58.605Z] Error writing to Modbus register: no connection to modbus server
[2025-03-01T07:34:59.605Z] Error reading register 3105 for IP 10.30.4.91: no connection to modbus server
[2025-03-01T07:34:59.606Z] ❌ Error reading register 1000 for IP 10.30.4.91: no connection to modbus server
[2025-03-01T07:34:59.607Z] Error writing to Modbus register: no connection to modbus server
[2025-03-01T07:35:00.605Z] Error reading register 3105 for IP 10.30.4.91: no connection to modbus server
[2025-03-01T07:35:00.605Z] ❌ Error reading register 1000 for IP 10.30.4.91: no connection to modbus server
[2025-03-01T07:35:00.606Z] Error writing to Modbus register: no connection to modbus server
[2025-03-01T07:35:01.605Z] Error reading register 3105 for IP 10.30.4.91: no connection to modbus server
[2025-03-01T07:35:01.606Z] ❌ Error reading register 1000 for IP 10.30.4.91: no connection to modbus server
[2025-03-01T07:35:01.607Z] Error writing to Modbus register: no connection to modbus server
[2025-03-01T07:35:02.606Z] Error reading register 3105 for IP 10.30.4.91: no connection to modbus server
[2025-03-01T07:35:02.606Z] ❌ Error reading register 1000 for IP 10.30.4.91: no connection to modbus server
[2025-03-01T07:35:02.607Z] Error writing to Modbus register: no connection to modbus server
[2025-03-01T07:35:03.621Z] Error reading register 3105 for IP 10.30.4.91: no connection to modbus server
[2025-03-01T07:35:03.622Z] ❌ Error reading register 1000 for IP 10.30.4.91: no connection to modbus server
[2025-03-01T07:35:03.623Z] Error writing to Modbus register: no connection to modbus server
[2025-03-01T07:35:04.620Z] Error reading register 3105 for IP 10.30.4.91: no connection to modbus server
[2025-03-01T07:35:04.621Z] ❌ Error reading register 1000 for IP 10.30.4.91: no connection to modbus server
[2025-03-01T07:35:04.622Z] Error writing to Modbus register: no connection to modbus server
[2025-03-01T07:35:05.620Z] Error reading register 3105 for IP 10.30.4.91: no connection to modbus server
[2025-03-01T07:35:05.620Z] ❌ Error reading register 1000 for IP 10.30.4.91: no connection to modbus server
[2025-03-01T07:35:05.637Z] Error writing to Modbus register: no connection to modbus server
[2025-03-01T07:35:06.621Z] Error reading register 3105 for IP 10.30.4.91: no connection to modbus server
[2025-03-01T07:35:06.622Z] ❌ Error reading register 1000 for IP 10.30.4.91: no connection to modbus server
[2025-03-01T07:35:06.637Z] Error writing to Modbus register: no connection to modbus server
[2025-03-01T07:35:07.622Z] Error reading register 3105 for IP 10.30.4.91: no connection to modbus server
[2025-03-01T07:35:07.622Z] ❌ Error reading register 1000 for IP 10.30.4.91: no connection to modbus server
[2025-03-01T07:35:07.637Z] Error writing to Modbus register: no connection to modbus server
[2025-03-01T07:35:08.622Z] Error reading register 3105 for IP 10.30.4.91: no connection to modbus server
[2025-03-01T07:35:08.623Z] ❌ Error reading register 1000 for IP 10.30.4.91: no connection to modbus server
[2025-03-01T07:35:08.638Z] Error writing to Modbus register: no connection to modbus server
[2025-03-01T07:35:09.628Z] Error reading register 3105 for IP 10.30.4.91: no connection to modbus server
[2025-03-01T07:35:09.629Z] ❌ Error reading register 1000 for IP 10.30.4.91: no connection to modbus server
[2025-03-01T07:35:09.643Z] Error writing to Modbus register: no connection to modbus server
[2025-03-01T07:35:10.639Z] Error reading register 3105 for IP 10.30.4.91: no connection to modbus server
[2025-03-01T07:35:10.639Z] ❌ Error reading register 1000 for IP 10.30.4.91: no connection to modbus server
[2025-03-01T07:35:10.655Z] Error writing to Modbus register: no connection to modbus server
[2025-03-01T07:35:11.639Z] Error reading register 3105 for IP 10.30.4.91: no connection to modbus server
[2025-03-01T07:35:11.639Z] ❌ Error reading register 1000 for IP 10.30.4.91: no connection to modbus server
[2025-03-01T07:35:11.655Z] Error writing to Modbus register: no connection to modbus server
[2025-03-01T07:35:12.639Z] Error reading register 3105 for IP 10.30.4.91: no connection to modbus server
[2025-03-01T07:35:12.640Z] ❌ Error reading register 1000 for IP 10.30.4.91: no connection to modbus server
[2025-03-01T07:35:12.655Z] Error writing to Modbus register: no connection to modbus server
[2025-03-01T07:35:13.655Z] Error reading register 3105 for IP 10.30.4.91: no connection to modbus server
[2025-03-01T07:35:13.656Z] ❌ Error reading register 1000 for IP 10.30.4.91: no connection to modbus server
[2025-03-01T07:35:13.657Z] Error writing to Modbus register: no connection to modbus server
[2025-03-01T07:35:14.655Z] Error reading register 3105 for IP 10.30.4.91: no connection to modbus server
[2025-03-01T07:35:14.656Z] ❌ Error reading register 1000 for IP 10.30.4.91: no connection to modbus server
[2025-03-01T07:35:14.657Z] Error writing to Modbus register: no connection to modbus server
[2025-03-01T07:35:15.655Z] Error reading register 3105 for IP 10.30.4.91: no connection to modbus server
[2025-03-01T07:35:15.656Z] ❌ Error reading register 1000 for IP 10.30.4.91: no connection to modbus server
[2025-03-01T07:35:15.657Z] Error writing to Modbus register: no connection to modbus server
[2025-03-01T07:35:16.656Z] Error reading register 3105 for IP 10.30.4.91: no connection to modbus server
[2025-03-01T07:35:16.656Z] ❌ Error reading register 1000 for IP 10.30.4.91: no connection to modbus server
[2025-03-01T07:35:16.657Z] Error writing to Modbus register: no connection to modbus server
[2025-03-01T07:35:17.655Z] Error reading register 3105 for IP 10.30.4.91: no connection to modbus server
[2025-03-01T07:35:17.656Z] ❌ Error reading register 1000 for IP 10.30.4.91: no connection to modbus server
[2025-03-01T07:35:17.658Z] Error writing to Modbus register: no connection to modbus server
[2025-03-01T07:35:18.655Z] Error reading register 3105 for IP 10.30.4.91: no connection to modbus server
[2025-03-01T07:35:18.656Z] ❌ Error reading register 1000 for IP 10.30.4.91: no connection to modbus server
[2025-03-01T07:35:18.657Z] Error writing to Modbus register: no connection to modbus server
[2025-03-01T07:35:19.655Z] Error reading register 3105 for IP 10.30.4.91: no connection to modbus server
[2025-03-01T07:35:19.656Z] ❌ Error reading register 1000 for IP 10.30.4.91: no connection to modbus server
[2025-03-01T07:35:19.657Z] Error writing to Modbus register: no connection to modbus server
[2025-03-01T07:35:20.655Z] Error reading register 3105 for IP 10.30.4.91: no connection to modbus server
[2025-03-01T07:35:20.656Z] ❌ Error reading register 1000 for IP 10.30.4.91: no connection to modbus server
[2025-03-01T07:35:20.657Z] Error writing to Modbus register: no connection to modbus server
[2025-03-01T07:35:21.654Z] Error reading register 3105 for IP 10.30.4.91: no connection to modbus server
[2025-03-01T07:35:21.654Z] ❌ Error reading register 1000 for IP 10.30.4.91: no connection to modbus server
[2025-03-01T07:35:21.671Z] Error writing to Modbus register: no connection to modbus server
[2025-03-01T07:35:22.656Z] Error reading register 3105 for IP 10.30.4.91: no connection to modbus server
[2025-03-01T07:35:22.657Z] ❌ Error reading register 1000 for IP 10.30.4.91: no connection to modbus server
[2025-03-01T07:35:22.672Z] Error writing to Modbus register: no connection to modbus server
[2025-03-01T07:35:23.671Z] Error reading register 3105 for IP 10.30.4.91: no connection to modbus server
[2025-03-01T07:35:23.672Z] ❌ Error reading register 1000 for IP 10.30.4.91: no connection to modbus server
[2025-03-01T07:35:23.673Z] Error writing to Modbus register: no connection to modbus server
[2025-03-01T07:35:24.671Z] Error reading register 3105 for IP 10.30.4.91: no connection to modbus server
[2025-03-01T07:35:24.671Z] ❌ Error reading register 1000 for IP 10.30.4.91: no connection to modbus server
[2025-03-01T07:35:24.687Z] Error writing to Modbus register: no connection to modbus server
[2025-03-01T07:58:25.824Z] Error reading register 3105 for IP 10.30.4.91: no connection to modbus server
[2025-03-01T07:58:25.824Z] ❌ Error reading register 1000 for IP 10.30.4.91: no connection to modbus server
[2025-03-01T07:58:25.825Z] Error reading actual data: no connection to modbus server
[2025-03-01T07:58:25.825Z] Error writing to Modbus register: no connection to modbus server
[2025-03-01T07:58:50.946Z] Error reading register 3105 for IP 10.30.4.91: no connection to modbus server
[2025-03-01T07:58:50.946Z] ❌ Error reading register 1000 for IP 10.30.4.91: no connection to modbus server
[2025-03-01T07:58:50.947Z] Error reading actual data: no connection to modbus server
[2025-03-01T07:58:50.947Z] Error writing to Modbus register: no connection to modbus server
[2025-03-01T07:58:50.955Z] ❌ Error reading register 1000 for IP 10.30.4.91: Modbus client not properly initialized for device at 10.30.4.91
[2025-03-01T07:58:51.947Z] Error reading register 3105 for IP 10.30.4.91: no connection to modbus server
[2025-03-01T07:58:51.947Z] ❌ Error reading register 1000 for IP 10.30.4.91: no connection to modbus server
[2025-03-01T07:58:51.947Z] Error reading actual data: no connection to modbus server
[2025-03-01T07:58:51.948Z] Error writing to Modbus register: no connection to modbus server
[2025-03-01T07:58:56.661Z] Error reading register 3105 for IP 10.30.4.91: no connection to modbus server
[2025-03-01T07:58:56.661Z] Error reading actual data: no connection to modbus server
[2025-03-01T07:58:56.662Z] Error writing to Modbus register: no connection to modbus server
[2025-03-01T07:58:56.661Z] ❌ Error reading register 1000 for IP 10.30.4.91: no connection to modbus server
[2025-03-01T07:58:59.017Z] Error reading register 3105 for IP 10.30.4.91: no connection to modbus server
[2025-03-01T07:58:59.018Z] ❌ Error reading register 1000 for IP 10.30.4.91: no connection to modbus server
[2025-03-01T07:58:59.018Z] Error writing to Modbus register: no connection to modbus server
[2025-03-01T07:58:59.018Z] Error reading actual data: no connection to modbus server
[2025-03-01T07:59:01.484Z] Error reading register 3105 for IP 10.30.4.91: no connection to modbus server
[2025-03-01T07:59:01.485Z] Error reading actual data: no connection to modbus server
[2025-03-01T07:59:01.484Z] ❌ Error reading register 1000 for IP 10.30.4.91: no connection to modbus server
[2025-03-01T07:59:01.485Z] Error writing to Modbus register: no connection to modbus server
[2025-03-01T07:59:02.527Z] ❌ Error reading register 1000 for IP 10.30.4.91: no connection to modbus server
[2025-03-01T07:59:02.527Z] Error reading register 3105 for IP 10.30.4.91: no connection to modbus server
[2025-03-01T07:59:02.527Z] Error reading actual data: no connection to modbus server
[2025-03-01T07:59:02.528Z] Error writing to Modbus register: no connection to modbus server
[2025-03-01T07:59:03.536Z] Error reading register 3105 for IP 10.30.4.91: no connection to modbus server
[2025-03-01T07:59:03.537Z] ❌ Error reading register 1000 for IP 10.30.4.91: no connection to modbus server
[2025-03-01T07:59:03.537Z] Error reading actual data: no connection to modbus server
[2025-03-01T07:59:03.538Z] Error writing to Modbus register: no connection to modbus server
[2025-03-01T07:59:04.544Z] Error reading register 3105 for IP 10.30.4.91: no connection to modbus server
[2025-03-01T07:59:04.546Z] Error reading actual data: no connection to modbus server
[2025-03-01T07:59:04.545Z] ❌ Error reading register 1000 for IP 10.30.4.91: no connection to modbus server
[2025-03-01T07:59:04.547Z] Error writing to Modbus register: no connection to modbus server
[2025-03-01T07:59:05.544Z] Error reading register 3105 for IP 10.30.4.91: no connection to modbus server
[2025-03-01T07:59:05.544Z] ❌ Error reading register 1000 for IP 10.30.4.91: no connection to modbus server
[2025-03-01T07:59:05.545Z] Error reading actual data: no connection to modbus server
[2025-03-01T07:59:05.560Z] Error writing to Modbus register: no connection to modbus server
[2025-03-01T07:59:06.549Z] Error reading register 3105 for IP 10.30.4.91: no connection to modbus server
[2025-03-01T07:59:06.549Z] ❌ Error reading register 1000 for IP 10.30.4.91: no connection to modbus server
[2025-03-01T07:59:06.550Z] Error reading actual data: no connection to modbus server
[2025-03-01T07:59:06.561Z] Error writing to Modbus register: no connection to modbus server
[2025-03-01T07:59:07.560Z] ❌ Error reading register 1000 for IP 10.30.4.91: no connection to modbus server
[2025-03-01T07:59:07.560Z] Error reading register 3105 for IP 10.30.4.91: no connection to modbus server
[2025-03-01T07:59:07.560Z] Error reading actual data: no connection to modbus server
[2025-03-01T07:59:07.576Z] Error writing to Modbus register: no connection to modbus server
[2025-03-01T07:59:08.561Z] Error reading register 3105 for IP 10.30.4.91: no connection to modbus server
[2025-03-01T07:59:08.561Z] ❌ Error reading register 1000 for IP 10.30.4.91: no connection to modbus server
[2025-03-01T07:59:08.562Z] Error reading actual data: no connection to modbus server
[2025-03-01T07:59:08.578Z] Error writing to Modbus register: no connection to modbus server
[2025-03-01T07:59:09.560Z] Error reading register 3105 for IP 10.30.4.91: no connection to modbus server
[2025-03-01T07:59:09.561Z] ❌ Error reading register 1000 for IP 10.30.4.91: no connection to modbus server
[2025-03-01T07:59:09.561Z] Error reading actual data: no connection to modbus server
[2025-03-01T07:59:09.577Z] Error writing to Modbus register: no connection to modbus server
[2025-03-01T07:59:10.561Z] Error reading register 3105 for IP 10.30.4.91: no connection to modbus server
[2025-03-01T07:59:10.561Z] ❌ Error reading register 1000 for IP 10.30.4.91: no connection to modbus server
[2025-03-01T07:59:10.562Z] Error reading actual data: no connection to modbus server
[2025-03-01T07:59:10.577Z] Error writing to Modbus register: no connection to modbus server
[2025-03-01T07:59:11.561Z] Error reading register 3105 for IP 10.30.4.91: no connection to modbus server
[2025-03-01T07:59:11.561Z] ❌ Error reading register 1000 for IP 10.30.4.91: no connection to modbus server
[2025-03-01T07:59:11.561Z] Error reading actual data: no connection to modbus server
[2025-03-01T07:59:11.577Z] Error writing to Modbus register: no connection to modbus server
[2025-03-01T07:59:12.564Z] Error reading register 3105 for IP 10.30.4.91: no connection to modbus server
[2025-03-01T07:59:12.564Z] ❌ Error reading register 1000 for IP 10.30.4.91: no connection to modbus server
[2025-03-01T07:59:12.565Z] Error reading actual data: no connection to modbus server
[2025-03-01T07:59:12.578Z] Error writing to Modbus register: no connection to modbus server
[2025-03-01T07:59:13.577Z] Error reading register 3105 for IP 10.30.4.91: no connection to modbus server
[2025-03-01T07:59:13.578Z] ❌ Error reading register 1000 for IP 10.30.4.91: no connection to modbus server
[2025-03-01T07:59:13.578Z] Error reading actual data: no connection to modbus server
[2025-03-01T07:59:13.579Z] Error writing to Modbus register: no connection to modbus server
[2025-03-01T07:59:14.579Z] Error reading register 3105 for IP 10.30.4.91: no connection to modbus server
[2025-03-01T07:59:14.580Z] ❌ Error reading register 1000 for IP 10.30.4.91: no connection to modbus server
[2025-03-01T07:59:14.580Z] Error reading actual data: no connection to modbus server
[2025-03-01T07:59:14.581Z] Error writing to Modbus register: no connection to modbus server
[2025-03-01T07:59:15.593Z] Error reading register 3105 for IP 10.30.4.91: no connection to modbus server
[2025-03-01T07:59:15.593Z] Error reading actual data: no connection to modbus server
[2025-03-01T07:59:15.593Z] ❌ Error reading register 1000 for IP 10.30.4.91: no connection to modbus server
[2025-03-01T07:59:15.593Z] Error writing to Modbus register: no connection to modbus server
[2025-03-01T07:59:16.593Z] Error reading register 3105 for IP 10.30.4.91: no connection to modbus server
[2025-03-01T07:59:16.593Z] ❌ Error reading register 1000 for IP 10.30.4.91: no connection to modbus server
[2025-03-01T07:59:16.593Z] Error reading actual data: no connection to modbus server
[2025-03-01T07:59:16.594Z] Error writing to Modbus register: no connection to modbus server
[2025-03-01T07:59:17.593Z] Error reading register 3105 for IP 10.30.4.91: no connection to modbus server
[2025-03-01T07:59:17.593Z] ❌ Error reading register 1000 for IP 10.30.4.91: no connection to modbus server
[2025-03-01T07:59:17.593Z] Error reading actual data: no connection to modbus server
[2025-03-01T07:59:17.594Z] Error writing to Modbus register: no connection to modbus server
[2025-03-01T07:59:18.594Z] Error reading register 3105 for IP 10.30.4.91: no connection to modbus server
[2025-03-01T07:59:18.594Z] ❌ Error reading register 1000 for IP 10.30.4.91: no connection to modbus server
[2025-03-01T07:59:18.595Z] Error reading actual data: no connection to modbus server
[2025-03-01T07:59:18.597Z] Error writing to Modbus register: no connection to modbus server
[2025-03-01T08:09:57.497Z] Unable to connect to device at 10.30.4.91: read ECONNRESET
[2025-03-01T08:09:57.501Z] ❌ Error reading register 1000 for IP 10.30.4.91: connection to modbus server closed
[2025-03-01T08:10:10.151Z] Error reading register 3105 for IP 10.30.4.91: no connection to modbus server
[2025-03-01T08:10:10.152Z] ❌ Error reading register 1000 for IP 10.30.4.91: no connection to modbus server
[2025-03-01T08:10:10.152Z] Error writing to Modbus register: no connection to modbus server
[2025-03-01T08:10:10.152Z] Error reading actual data: no connection to modbus server
[2025-03-01T08:10:11.155Z] Error reading register 3105 for IP 10.30.4.91: no connection to modbus server
[2025-03-01T08:10:11.155Z] ❌ Error reading register 1000 for IP 10.30.4.91: no connection to modbus server
[2025-03-01T08:10:11.155Z] Error reading actual data: no connection to modbus server
[2025-03-01T08:10:11.156Z] Error writing to Modbus register: no connection to modbus server
[2025-03-01T08:10:12.228Z] Error reading register 3105 for IP 10.30.4.91: no connection to modbus server
[2025-03-01T08:10:12.228Z] ❌ Error reading register 1000 for IP 10.30.4.91: no connection to modbus server
[2025-03-01T08:10:12.228Z] Error reading actual data: no connection to modbus server
[2025-03-01T08:10:12.229Z] Error writing to Modbus register: no connection to modbus server
[2025-03-01T08:10:13.309Z] Error reading register 3105 for IP 10.30.4.91: no connection to modbus server
[2025-03-01T08:10:13.309Z] Error reading actual data: no connection to modbus server
[2025-03-01T08:10:13.310Z] Error writing to Modbus register: no connection to modbus server
[2025-03-01T08:10:13.309Z] ❌ Error reading register 1000 for IP 10.30.4.91: no connection to modbus server
[2025-03-01T08:10:14.314Z] Error reading register 3105 for IP 10.30.4.91: no connection to modbus server
[2025-03-01T08:10:14.314Z] ❌ Error reading register 1000 for IP 10.30.4.91: no connection to modbus server
[2025-03-01T08:10:14.314Z] Error writing to Modbus register: no connection to modbus server
[2025-03-01T08:10:14.314Z] Error reading actual data: no connection to modbus server
[2025-03-01T08:11:23.210Z] Error reading register 3105 for IP 10.30.4.91: no connection to modbus server
[2025-03-01T08:11:23.210Z] ❌ Error reading register 1000 for IP 10.30.4.91: no connection to modbus server
[2025-03-01T08:11:23.210Z] Error reading actual data: no connection to modbus server
[2025-03-01T08:11:23.211Z] Error writing to Modbus register: no connection to modbus server
[2025-03-01T08:11:23.211Z] Error reading register 3105 for IP 10.30.4.91: no connection to modbus server
[2025-03-01T08:11:23.211Z] ❌ Error reading register 1000 for IP 10.30.4.91: no connection to modbus server
[2025-03-01T08:11:23.212Z] Error reading actual data: no connection to modbus server
[2025-03-01T08:11:23.212Z] Error writing to Modbus register: no connection to modbus server
[2025-03-01T08:11:24.221Z] Error reading register 3105 for IP 10.30.4.91: no connection to modbus server
[2025-03-01T08:11:24.222Z] ❌ Error reading register 1000 for IP 10.30.4.91: no connection to modbus server
[2025-03-01T08:11:24.223Z] Error writing to Modbus register: no connection to modbus server
[2025-03-01T08:11:24.222Z] Error reading actual data: no connection to modbus server
[2025-03-01T08:11:24.224Z] Error reading register 3105 for IP 10.30.4.91: no connection to modbus server
[2025-03-01T08:11:24.224Z] ❌ Error reading register 1000 for IP 10.30.4.91: no connection to modbus server
[2025-03-01T08:11:24.225Z] Error reading actual data: no connection to modbus server
[2025-03-01T08:11:24.226Z] Error writing to Modbus register: no connection to modbus server
[2025-03-01T08:11:41.571Z] Error reading register 3105 for IP 10.30.4.91: no connection to modbus server
[2025-03-01T08:11:41.571Z] ❌ Error reading register 1000 for IP 10.30.4.91: no connection to modbus server
[2025-03-01T08:11:41.572Z] Error reading actual data: no connection to modbus server
[2025-03-01T08:11:41.572Z] Error writing to Modbus register: no connection to modbus server
[2025-03-01T08:11:41.572Z] ❌ Error reading register 1000 for IP 10.30.4.91: no connection to modbus server
[2025-03-01T08:11:41.573Z] Error reading actual data: no connection to modbus server
[2025-03-01T08:11:41.573Z] Error writing to Modbus register: no connection to modbus server
[2025-03-01T08:11:41.572Z] Error reading register 3105 for IP 10.30.4.91: no connection to modbus server
[2025-03-01T08:11:47.785Z] ❌ Error reading register 1000 for IP 10.30.4.91: no connection to modbus server
[2025-03-01T08:11:47.785Z] Error reading register 3105 for IP 10.30.4.91: no connection to modbus server
[2025-03-01T08:11:47.786Z] Error reading register 3105 for IP 10.30.4.91: no connection to modbus server
[2025-03-01T08:11:47.785Z] Error reading actual data: no connection to modbus server
[2025-03-01T08:11:47.787Z] Error reading actual data: no connection to modbus server
[2025-03-01T08:11:47.787Z] ❌ Error reading register 1000 for IP 10.30.4.91: no connection to modbus server
[2025-03-01T08:11:47.786Z] Error writing to Modbus register: no connection to modbus server
[2025-03-01T08:11:47.787Z] Error writing to Modbus register: no connection to modbus server
[2025-03-01T08:11:52.450Z] Error reading register 3105 for IP 10.30.4.91: rejecting because of earlier OutOfSync error
[2025-03-01T08:11:52.450Z] ❌ Error reading register 1000 for IP 10.30.4.91: rejecting because of earlier OutOfSync error
[2025-03-01T08:11:52.450Z] Error reading actual data: rejecting because of earlier OutOfSync error
[2025-03-01T08:11:52.450Z] Error writing to Modbus register: rejecting because of earlier OutOfSync error
[2025-03-01T08:11:52.456Z] Error reading register 3105 for IP 10.30.4.91: no connection to modbus server
[2025-03-01T08:11:52.456Z] Error writing to Modbus register: no connection to modbus server
[2025-03-01T08:11:52.456Z] Error reading actual data: no connection to modbus server
[2025-03-01T08:11:52.457Z] Error reading register 3105 for IP 10.30.4.91: no connection to modbus server
[2025-03-01T08:11:52.456Z] ❌ Error reading register 1000 for IP 10.30.4.91: no connection to modbus server
[2025-03-01T08:11:52.457Z] Error reading actual data: no connection to modbus server
[2025-03-01T08:11:52.457Z] Error writing to Modbus register: no connection to modbus server
[2025-03-01T08:11:52.457Z] ❌ Error reading register 1000 for IP 10.30.4.91: no connection to modbus server
[2025-03-01T08:12:26.797Z] ❌ Error reading register 1000 for IP 10.30.4.91: rejecting because of earlier OutOfSync error
[2025-03-01T08:12:26.797Z] Error reading register 3105 for IP 10.30.4.91: connection to modbus server closed
[2025-03-01T08:12:26.797Z] Error reading actual data: rejecting because of earlier OutOfSync error
[2025-03-01T08:12:26.798Z] ❌ Error reading register 1000 for IP 10.30.4.91: rejecting because of earlier OutOfSync error
[2025-03-01T08:12:44.064Z] ❌ Error reading register 1000 for IP 10.30.4.91: Req timed out
[2025-03-01T08:12:26.797Z] Error writing to Modbus register: rejecting because of earlier OutOfSync error
[2025-03-01T08:12:44.065Z] Error reading actual data: sizeID is not defined
[2025-03-01T08:12:44.066Z] Error reading register 3105 for IP 10.30.4.91: no connection to modbus server
[2025-03-01T08:12:44.066Z] ❌ Error reading register 1000 for IP 10.30.4.91: no connection to modbus server
[2025-03-01T08:12:44.066Z] Error reading actual data: no connection to modbus server
[2025-03-01T08:12:44.067Z] Error writing to Modbus register: no connection to modbus server
[2025-03-01T08:12:44.067Z] Error reading register 3105 for IP 10.30.4.91: no connection to modbus server
[2025-03-01T08:12:44.067Z] ❌ Error reading register 1000 for IP 10.30.4.91: no connection to modbus server
[2025-03-01T08:12:44.067Z] Error reading actual data: no connection to modbus server
[2025-03-01T08:12:44.067Z] Error writing to Modbus register: no connection to modbus server
[2025-03-01T08:12:44.068Z] Error reading register 3105 for IP 10.30.4.91: no connection to modbus server
[2025-03-01T08:12:44.068Z] ❌ Error reading register 1000 for IP 10.30.4.91: no connection to modbus server
[2025-03-01T08:12:44.068Z] Error reading actual data: no connection to modbus server
[2025-03-01T08:12:44.068Z] Error writing to Modbus register: no connection to modbus server
[2025-03-01T08:12:44.070Z] Unable to connect to device at 10.30.4.91: read ECONNRESET
[2025-03-01T08:12:44.076Z] Error reading actual data: connection to modbus server closed
[2025-03-01T08:12:44.076Z] Error writing to Modbus register: rejecting because of earlier OutOfSync error
[2025-03-01T08:12:44.076Z] Error reading register 3105 for IP 10.30.4.91: rejecting because of earlier OutOfSync error
[2025-03-01T08:12:44.076Z] ❌ Error reading register 1000 for IP 10.30.4.91: rejecting because of earlier OutOfSync error
[2025-03-01T08:12:44.077Z] Error writing to Modbus register: rejecting because of earlier OutOfSync error
[2025-03-01T08:12:44.077Z] Error reading actual data: rejecting because of earlier OutOfSync error
[2025-03-01T08:12:45.072Z] Error reading register 3105 for IP 10.30.4.91: no connection to modbus server
[2025-03-01T08:12:45.073Z] ❌ Error reading register 1000 for IP 10.30.4.91: no connection to modbus server
[2025-03-01T08:12:45.073Z] Error reading actual data: no connection to modbus server
[2025-03-01T08:12:45.075Z] Error writing to Modbus register: no connection to modbus server
[2025-03-01T08:12:45.076Z] ❌ Error reading register 1000 for IP 10.30.4.91: no connection to modbus server
[2025-03-01T08:12:45.077Z] Error reading register 3105 for IP 10.30.4.91: no connection to modbus server
[2025-03-01T08:12:45.077Z] ❌ Error reading register 1000 for IP 10.30.4.91: no connection to modbus server
[2025-03-01T08:12:45.077Z] Error reading actual data: no connection to modbus server
[2025-03-01T08:12:45.078Z] Error writing to Modbus register: no connection to modbus server
[2025-03-01T08:12:45.076Z] Error reading actual data: no connection to modbus server
[2025-03-01T08:12:45.078Z] Error reading register 3105 for IP 10.30.4.91: no connection to modbus server
[2025-03-01T08:12:45.078Z] ❌ Error reading register 1000 for IP 10.30.4.91: no connection to modbus server
[2025-03-01T08:12:45.078Z] Error reading actual data: no connection to modbus server
[2025-03-01T08:12:45.076Z] Error reading register 3105 for IP 10.30.4.91: no connection to modbus server
[2025-03-01T08:12:45.077Z] Error writing to Modbus register: no connection to modbus server
[2025-03-01T08:12:45.079Z] Error writing to Modbus register: no connection to modbus server
[2025-03-01T08:12:51.722Z] Error reading register 3105 for IP 10.30.4.91: no connection to modbus server
[2025-03-01T08:12:51.722Z] ❌ Error reading register 1000 for IP 10.30.4.91: no connection to modbus server
[2025-03-01T08:12:51.723Z] Error writing to Modbus register: no connection to modbus server
[2025-03-01T08:12:51.724Z] ❌ Error reading register 1000 for IP 10.30.4.91: no connection to modbus server
[2025-03-01T08:12:51.723Z] Error reading actual data: no connection to modbus server
[2025-03-01T08:12:51.724Z] Error reading actual data: no connection to modbus server
[2025-03-01T08:12:51.724Z] Error reading register 3105 for IP 10.30.4.91: no connection to modbus server
[2025-03-01T08:12:51.724Z] Error writing to Modbus register: no connection to modbus server
[2025-03-01T08:12:51.725Z] Error reading register 3105 for IP 10.30.4.91: no connection to modbus server
[2025-03-01T08:12:51.725Z] ❌ Error reading register 1000 for IP 10.30.4.91: no connection to modbus server
[2025-03-01T08:12:51.725Z] Error reading actual data: no connection to modbus server
[2025-03-01T08:12:51.725Z] Error writing to Modbus register: no connection to modbus server
[2025-03-01T08:12:51.726Z] Error reading register 3105 for IP 10.30.4.91: no connection to modbus server
[2025-03-01T08:12:51.726Z] Error reading actual data: no connection to modbus server
[2025-03-01T08:12:51.726Z] ❌ Error reading register 1000 for IP 10.30.4.91: no connection to modbus server
[2025-03-01T08:12:51.727Z] Error writing to Modbus register: no connection to modbus server
[2025-03-01T08:12:56.625Z] Error reading register 3105 for IP 10.30.4.91: no connection to modbus server
[2025-03-01T08:12:56.626Z] ❌ Error reading register 1000 for IP 10.30.4.91: no connection to modbus server
[2025-03-01T08:12:56.626Z] Error reading actual data: no connection to modbus server
[2025-03-01T08:12:56.626Z] Error writing to Modbus register: no connection to modbus server
[2025-03-01T08:12:56.627Z] Error reading register 3105 for IP 10.30.4.91: no connection to modbus server
[2025-03-01T08:12:56.627Z] ❌ Error reading register 1000 for IP 10.30.4.91: no connection to modbus server
[2025-03-01T08:12:56.627Z] Error reading actual data: no connection to modbus server
[2025-03-01T08:12:56.627Z] Error writing to Modbus register: no connection to modbus server
[2025-03-01T08:12:56.628Z] Error reading register 3105 for IP 10.30.4.91: no connection to modbus server
[2025-03-01T08:12:56.628Z] ❌ Error reading register 1000 for IP 10.30.4.91: no connection to modbus server
[2025-03-01T08:12:56.628Z] Error reading actual data: no connection to modbus server
[2025-03-01T08:12:56.628Z] Error writing to Modbus register: no connection to modbus server
[2025-03-01T08:12:56.628Z] Error reading register 3105 for IP 10.30.4.91: no connection to modbus server
[2025-03-01T08:12:56.629Z] ❌ Error reading register 1000 for IP 10.30.4.91: no connection to modbus server
[2025-03-01T08:12:56.629Z] Error reading actual data: no connection to modbus server
[2025-03-01T08:12:56.629Z] Error writing to Modbus register: no connection to modbus server
[2025-03-01T08:13:15.140Z] Error reading register 3105 for IP 10.30.4.91: no connection to modbus server
[2025-03-01T08:13:15.140Z] ❌ Error reading register 1000 for IP 10.30.4.91: no connection to modbus server
[2025-03-01T08:13:15.140Z] Error reading actual data: no connection to modbus server
[2025-03-01T08:13:15.141Z] Error writing to Modbus register: no connection to modbus server
[2025-03-01T08:13:15.141Z] Error reading register 3105 for IP 10.30.4.91: no connection to modbus server
[2025-03-01T08:13:15.141Z] ❌ Error reading register 1000 for IP 10.30.4.91: no connection to modbus server
[2025-03-01T08:13:15.142Z] Error reading actual data: no connection to modbus server
[2025-03-01T08:13:15.142Z] Error writing to Modbus register: no connection to modbus server
[2025-03-01T08:13:15.142Z] Error reading register 3105 for IP 10.30.4.91: no connection to modbus server
[2025-03-01T08:13:15.142Z] ❌ Error reading register 1000 for IP 10.30.4.91: no connection to modbus server
[2025-03-01T08:13:15.142Z] Error reading actual data: no connection to modbus server
[2025-03-01T08:13:15.143Z] Error writing to Modbus register: no connection to modbus server
[2025-03-01T08:13:15.143Z] Error reading register 3105 for IP 10.30.4.91: no connection to modbus server
[2025-03-01T08:13:15.143Z] ❌ Error reading register 1000 for IP 10.30.4.91: no connection to modbus server
[2025-03-01T08:13:15.143Z] Error reading actual data: no connection to modbus server
[2025-03-01T08:13:15.143Z] Error writing to Modbus register: no connection to modbus server
[2025-03-01T08:13:16.786Z] Error reading register 3105 for IP 10.30.4.91: no connection to modbus server
[2025-03-01T08:13:16.786Z] ❌ Error reading register 1000 for IP 10.30.4.91: no connection to modbus server
[2025-03-01T08:13:16.787Z] Error reading register 3105 for IP 10.30.4.91: no connection to modbus server
[2025-03-01T08:13:16.786Z] Error reading actual data: no connection to modbus server
[2025-03-01T08:13:16.787Z] Error reading actual data: no connection to modbus server
[2025-03-01T08:13:16.787Z] ❌ Error reading register 1000 for IP 10.30.4.91: no connection to modbus server
[2025-03-01T08:13:16.787Z] Error writing to Modbus register: no connection to modbus server
[2025-03-01T08:13:16.787Z] Error reading register 3105 for IP 10.30.4.91: no connection to modbus server
[2025-03-01T08:13:16.788Z] ❌ Error reading register 1000 for IP 10.30.4.91: no connection to modbus server
[2025-03-01T08:13:16.788Z] Error reading actual data: no connection to modbus server
[2025-03-01T08:13:16.788Z] Error reading register 3105 for IP 10.30.4.91: no connection to modbus server
[2025-03-01T08:13:16.788Z] ❌ Error reading register 1000 for IP 10.30.4.91: no connection to modbus server
[2025-03-01T08:13:16.789Z] Error writing to Modbus register: no connection to modbus server
[2025-03-01T08:13:16.788Z] Error writing to Modbus register: no connection to modbus server
[2025-03-01T08:13:16.787Z] Error writing to Modbus register: no connection to modbus server
[2025-03-01T08:13:16.788Z] Error reading actual data: no connection to modbus server
[2025-03-01T08:13:20.198Z] Error reading register 3105 for IP 10.30.4.91: no connection to modbus server
[2025-03-01T08:13:20.198Z] ❌ Error reading register 1000 for IP 10.30.4.91: no connection to modbus server
[2025-03-01T08:13:20.199Z] Error reading actual data: no connection to modbus server
[2025-03-01T08:13:20.199Z] Error reading register 3105 for IP 10.30.4.91: no connection to modbus server
[2025-03-01T08:13:20.199Z] ❌ Error reading register 1000 for IP 10.30.4.91: no connection to modbus server
[2025-03-01T08:13:20.199Z] Error writing to Modbus register: no connection to modbus server
[2025-03-01T08:13:20.200Z] Error writing to Modbus register: no connection to modbus server
[2025-03-01T08:13:20.200Z] Error reading register 3105 for IP 10.30.4.91: no connection to modbus server
[2025-03-01T08:13:20.200Z] ❌ Error reading register 1000 for IP 10.30.4.91: no connection to modbus server
[2025-03-01T08:13:20.199Z] Error reading actual data: no connection to modbus server
[2025-03-01T08:13:20.200Z] Error reading actual data: no connection to modbus server
[2025-03-01T08:13:20.201Z] Error reading register 3105 for IP 10.30.4.91: no connection to modbus server
[2025-03-01T08:13:20.200Z] Error writing to Modbus register: no connection to modbus server
[2025-03-01T08:13:20.201Z] ❌ Error reading register 1000 for IP 10.30.4.91: no connection to modbus server
[2025-03-01T08:13:20.201Z] Error writing to Modbus register: no connection to modbus server
[2025-03-01T08:13:20.201Z] Error reading actual data: no connection to modbus server
[2025-03-01T08:13:22.386Z] Error reading register 3105 for IP 10.30.4.91: no connection to modbus server
[2025-03-01T08:13:22.386Z] ❌ Error reading register 1000 for IP 10.30.4.91: no connection to modbus server
[2025-03-01T08:13:22.386Z] Error reading actual data: no connection to modbus server
[2025-03-01T08:13:22.387Z] ❌ Error reading register 1000 for IP 10.30.4.91: no connection to modbus server
[2025-03-01T08:13:22.387Z] Error reading register 3105 for IP 10.30.4.91: no connection to modbus server
[2025-03-01T08:13:22.387Z] Error reading actual data: no connection to modbus server
[2025-03-01T08:13:22.387Z] Error writing to Modbus register: no connection to modbus server
[2025-03-01T08:13:22.387Z] Error writing to Modbus register: no connection to modbus server
[2025-03-01T08:13:22.388Z] Error reading register 3105 for IP 10.30.4.91: no connection to modbus server
[2025-03-01T08:13:22.388Z] ❌ Error reading register 1000 for IP 10.30.4.91: no connection to modbus server
[2025-03-01T08:13:22.388Z] Error reading actual data: no connection to modbus server
[2025-03-01T08:13:22.388Z] Error writing to Modbus register: no connection to modbus server
[2025-03-01T08:13:22.389Z] Error reading register 3105 for IP 10.30.4.91: no connection to modbus server
[2025-03-01T08:13:22.389Z] ❌ Error reading register 1000 for IP 10.30.4.91: no connection to modbus server
[2025-03-01T08:13:22.389Z] Error reading actual data: no connection to modbus server
[2025-03-01T08:13:22.389Z] Error writing to Modbus register: no connection to modbus server
[2025-03-01T08:13:25.490Z] Error reading register 3105 for IP 10.30.4.91: no connection to modbus server
[2025-03-01T08:13:25.490Z] ❌ Error reading register 1000 for IP 10.30.4.91: no connection to modbus server
[2025-03-01T08:13:25.490Z] Error writing to Modbus register: no connection to modbus server
[2025-03-01T08:13:25.491Z] Error reading register 3105 for IP 10.30.4.91: no connection to modbus server
[2025-03-01T08:13:25.491Z] ❌ Error reading register 1000 for IP 10.30.4.91: no connection to modbus server
[2025-03-01T08:13:25.491Z] Error writing to Modbus register: no connection to modbus server
[2025-03-01T08:13:25.491Z] Error reading actual data: no connection to modbus server
[2025-03-01T08:13:25.490Z] Error reading actual data: no connection to modbus server
[2025-03-01T08:13:25.491Z] Error reading register 3105 for IP 10.30.4.91: no connection to modbus server
[2025-03-01T08:13:25.492Z] ❌ Error reading register 1000 for IP 10.30.4.91: no connection to modbus server
[2025-03-01T08:13:25.492Z] Error reading actual data: no connection to modbus server
[2025-03-01T08:13:25.492Z] Error writing to Modbus register: no connection to modbus server
[2025-03-01T08:13:25.492Z] Error reading register 3105 for IP 10.30.4.91: no connection to modbus server
[2025-03-01T08:13:25.492Z] ❌ Error reading register 1000 for IP 10.30.4.91: no connection to modbus server
[2025-03-01T08:13:25.492Z] Error reading actual data: no connection to modbus server
[2025-03-01T08:13:25.493Z] Error writing to Modbus register: no connection to modbus server
[2025-03-01T08:13:38.402Z] Error reading register 3105 for IP 10.30.4.91: no connection to modbus server
[2025-03-01T08:13:38.402Z] ❌ Error reading register 1000 for IP 10.30.4.91: no connection to modbus server
[2025-03-01T08:13:38.403Z] Error writing to Modbus register: no connection to modbus server
[2025-03-01T08:13:38.403Z] Error reading actual data: no connection to modbus server
[2025-03-01T08:13:38.404Z] Error reading register 3105 for IP 10.30.4.91: no connection to modbus server
[2025-03-01T08:13:38.404Z] Error reading actual data: no connection to modbus server
[2025-03-01T08:13:38.404Z] ❌ Error reading register 1000 for IP 10.30.4.91: no connection to modbus server
[2025-03-01T08:13:38.405Z] Error writing to Modbus register: no connection to modbus server
[2025-03-01T08:13:38.405Z] ❌ Error reading register 1000 for IP 10.30.4.91: no connection to modbus server
[2025-03-01T08:13:38.405Z] Error reading actual data: no connection to modbus server
[2025-03-01T08:13:38.405Z] Error reading register 3105 for IP 10.30.4.91: no connection to modbus server
[2025-03-01T08:13:38.406Z] Error writing to Modbus register: no connection to modbus server
[2025-03-01T08:13:38.406Z] Error reading register 3105 for IP 10.30.4.91: no connection to modbus server
[2025-03-01T08:13:38.406Z] ❌ Error reading register 1000 for IP 10.30.4.91: no connection to modbus server
[2025-03-01T08:13:38.406Z] Error reading actual data: no connection to modbus server
[2025-03-01T08:13:38.407Z] Error writing to Modbus register: no connection to modbus server
[2025-03-01T08:15:35.449Z] ❌ Error reading register 1000 for IP 10.30.4.91: rejecting because of earlier OutOfSync error
[2025-03-01T08:15:35.448Z] Error reading register 3105 for IP 10.30.4.91: rejecting because of earlier OutOfSync error
[2025-03-01T08:15:35.449Z] Error reading actual data: rejecting because of earlier OutOfSync error
[2025-03-01T08:15:35.449Z] Error writing to Modbus register: rejecting because of earlier OutOfSync error
[2025-03-01T08:15:35.449Z] ❌ Error reading register 1000 for IP 10.30.4.91: rejecting because of earlier OutOfSync error
[2025-03-01T08:15:35.450Z] ❌ Error reading register 1000 for IP 10.30.4.91: rejecting because of earlier OutOfSync error
[2025-03-01T08:15:35.450Z] Error reading register 3105 for IP 10.30.4.91: rejecting because of earlier OutOfSync error
[2025-03-01T08:15:35.450Z] Error reading actual data: rejecting because of earlier OutOfSync error
[2025-03-01T08:15:35.450Z] Error writing to Modbus register: rejecting because of earlier OutOfSync error
[2025-03-01T08:15:35.451Z] Error reading register 3105 for IP 10.30.4.91: rejecting because of earlier OutOfSync error
[2025-03-01T08:15:35.451Z] ❌ Error reading register 1000 for IP 10.30.4.91: rejecting because of earlier OutOfSync error
[2025-03-01T08:15:35.451Z] Error reading actual data: rejecting because of earlier OutOfSync error
[2025-03-01T08:15:35.451Z] Error writing to Modbus register: rejecting because of earlier OutOfSync error
[2025-03-01T08:15:35.452Z] ❌ Error reading register 1000 for IP 10.30.4.91: rejecting because of earlier OutOfSync error
[2025-03-01T08:15:35.452Z] Error reading register 3105 for IP 10.30.4.91: rejecting because of earlier OutOfSync error
[2025-03-01T08:15:35.452Z] ❌ Error reading register 1000 for IP 10.30.4.91: rejecting because of earlier OutOfSync error
[2025-03-01T08:15:35.453Z] Error reading actual data: rejecting because of earlier OutOfSync error
[2025-03-01T08:15:35.453Z] Error writing to Modbus register: rejecting because of earlier OutOfSync error
[2025-03-01T08:15:38.585Z] Error reading register 3105 for IP 10.30.4.91: no connection to modbus server
[2025-03-01T08:15:38.586Z] ❌ Error reading register 1000 for IP 10.30.4.91: no connection to modbus server
[2025-03-01T08:15:38.586Z] Error reading actual data: no connection to modbus server
[2025-03-01T08:15:38.587Z] Error writing to Modbus register: no connection to modbus server
[2025-03-01T08:15:38.587Z] Error reading register 3105 for IP 10.30.4.91: no connection to modbus server
[2025-03-01T08:15:38.587Z] ❌ Error reading register 1000 for IP 10.30.4.91: no connection to modbus server
[2025-03-01T08:15:38.587Z] Error reading actual data: no connection to modbus server
[2025-03-01T08:15:38.588Z] Error writing to Modbus register: no connection to modbus server
[2025-03-01T08:15:38.589Z] Error reading register 3105 for IP 10.30.4.91: no connection to modbus server
[2025-03-01T08:15:38.589Z] ❌ Error reading register 1000 for IP 10.30.4.91: no connection to modbus server
[2025-03-01T08:15:38.589Z] Error reading actual data: no connection to modbus server
[2025-03-01T08:15:38.589Z] Error writing to Modbus register: no connection to modbus server
[2025-03-01T08:15:38.590Z] Error reading register 3105 for IP 10.30.4.91: no connection to modbus server
[2025-03-01T08:15:38.590Z] ❌ Error reading register 1000 for IP 10.30.4.91: no connection to modbus server
[2025-03-01T08:15:38.590Z] Error reading actual data: no connection to modbus server
[2025-03-01T08:15:38.590Z] Error writing to Modbus register: no connection to modbus server
[2025-03-01T08:15:38.590Z] Error reading register 3105 for IP 10.30.4.91: no connection to modbus server
[2025-03-01T08:15:38.590Z] ❌ Error reading register 1000 for IP 10.30.4.91: no connection to modbus server
[2025-03-01T08:15:38.590Z] Error reading actual data: no connection to modbus server
[2025-03-01T08:15:38.591Z] Error writing to Modbus register: no connection to modbus server
[2025-03-01T08:15:38.591Z] ❌ Error reading register 1000 for IP 10.30.4.91: Req timed out
[2025-03-01T08:15:38.594Z] Unable to connect to device at 10.30.4.91: read ECONNRESET
[2025-03-01T08:15:38.598Z] Error reading register 3105 for IP 10.30.4.91: connection to modbus server closed
[2025-03-01T08:15:38.598Z] ❌ Error reading register 1000 for IP 10.30.4.91: rejecting because of earlier OutOfSync error
[2025-03-01T08:15:38.598Z] Error writing to Modbus register: rejecting because of earlier OutOfSync error
[2025-03-01T08:15:38.598Z] Error reading actual data: rejecting because of earlier OutOfSync error
[2025-03-01T08:15:38.599Z] Error reading register 3105 for IP 10.30.4.91: rejecting because of earlier OutOfSync error
[2025-03-01T08:15:38.599Z] ❌ Error reading register 1000 for IP 10.30.4.91: rejecting because of earlier OutOfSync error
[2025-03-01T08:15:38.599Z] ❌ Error reading register 1000 for IP 10.30.4.91: rejecting because of earlier OutOfSync error
[2025-03-01T08:15:38.600Z] Error reading actual data: rejecting because of earlier OutOfSync error
[2025-03-01T08:15:38.600Z] Error writing to Modbus register: rejecting because of earlier OutOfSync error
[2025-03-01T08:15:38.601Z] ❌ Error reading register 1000 for IP 10.30.4.91: rejecting because of earlier OutOfSync error
[2025-03-01T08:15:38.600Z] Error reading register 3105 for IP 10.30.4.91: rejecting because of earlier OutOfSync error
[2025-03-01T08:15:38.601Z] ❌ Error reading register 1000 for IP 10.30.4.91: rejecting because of earlier OutOfSync error
[2025-03-01T08:15:38.601Z] Error reading actual data: rejecting because of earlier OutOfSync error
[2025-03-01T08:15:38.601Z] Error writing to Modbus register: rejecting because of earlier OutOfSync error
[2025-03-01T08:15:38.601Z] Error reading register 3105 for IP 10.30.4.91: rejecting because of earlier OutOfSync error
[2025-03-01T08:15:38.601Z] ❌ Error reading register 1000 for IP 10.30.4.91: rejecting because of earlier OutOfSync error
[2025-03-01T08:15:38.602Z] Error reading register 3105 for IP 10.30.4.91: rejecting because of earlier OutOfSync error
[2025-03-01T08:15:38.603Z] ❌ Error reading register 1000 for IP 10.30.4.91: rejecting because of earlier OutOfSync error
[2025-03-01T08:15:38.602Z] Error writing to Modbus register: rejecting because of earlier OutOfSync error
[2025-03-01T08:15:38.603Z] Error reading actual data: rejecting because of earlier OutOfSync error
[2025-03-01T08:15:38.602Z] Error reading actual data: rejecting because of earlier OutOfSync error
[2025-03-01T08:15:38.603Z] Error writing to Modbus register: rejecting because of earlier OutOfSync error
[2025-03-01T08:15:39.587Z] Error reading register 3105 for IP 10.30.4.91: no connection to modbus server
[2025-03-01T08:15:39.588Z] ❌ Error reading register 1000 for IP 10.30.4.91: no connection to modbus server
[2025-03-01T08:15:39.588Z] Error reading actual data: no connection to modbus server
[2025-03-01T08:15:39.590Z] Error writing to Modbus register: no connection to modbus server
[2025-03-01T08:15:39.591Z] Error reading register 3105 for IP 10.30.4.91: no connection to modbus server
[2025-03-01T08:15:39.591Z] ❌ Error reading register 1000 for IP 10.30.4.91: no connection to modbus server
[2025-03-01T08:15:39.591Z] Error reading actual data: no connection to modbus server
[2025-03-01T08:15:39.591Z] ❌ Error reading register 1000 for IP 10.30.4.91: no connection to modbus server
[2025-03-01T08:15:39.591Z] Error writing to Modbus register: no connection to modbus server
[2025-03-01T08:15:39.592Z] Error reading actual data: no connection to modbus server
[2025-03-01T08:15:39.591Z] Error reading register 3105 for IP 10.30.4.91: no connection to modbus server
[2025-03-01T08:15:39.592Z] Error writing to Modbus register: no connection to modbus server
[2025-03-01T08:15:39.593Z] Error reading register 3105 for IP 10.30.4.91: no connection to modbus server
[2025-03-01T08:15:39.593Z] Error writing to Modbus register: no connection to modbus server
[2025-03-01T08:15:39.594Z] Error reading register 3105 for IP 10.30.4.91: no connection to modbus server
[2025-03-01T08:15:39.594Z] ❌ Error reading register 1000 for IP 10.30.4.91: no connection to modbus server
[2025-03-01T08:15:39.594Z] Error reading actual data: no connection to modbus server
[2025-03-01T08:15:39.594Z] Error writing to Modbus register: no connection to modbus server
[2025-03-01T08:15:39.593Z] Error reading actual data: no connection to modbus server
[2025-03-01T08:15:39.594Z] Error reading register 3105 for IP 10.30.4.91: no connection to modbus server
[2025-03-01T08:15:39.595Z] ❌ Error reading register 1000 for IP 10.30.4.91: no connection to modbus server
[2025-03-01T08:15:39.595Z] Error writing to Modbus register: no connection to modbus server
[2025-03-01T08:15:39.593Z] ❌ Error reading register 1000 for IP 10.30.4.91: no connection to modbus server
[2025-03-01T08:15:39.595Z] Error reading actual data: no connection to modbus server
[2025-03-01T08:15:40.590Z] Error reading register 3105 for IP 10.30.4.91: no connection to modbus server
[2025-03-01T08:15:40.591Z] ❌ Error reading register 1000 for IP 10.30.4.91: no connection to modbus server
[2025-03-01T08:15:40.591Z] Error reading register 3105 for IP 10.30.4.91: no connection to modbus server
[2025-03-01T08:15:40.591Z] Error writing to Modbus register: no connection to modbus server
[2025-03-01T08:15:40.591Z] Error reading actual data: no connection to modbus server
[2025-03-01T08:15:40.591Z] ❌ Error reading register 1000 for IP 10.30.4.91: no connection to modbus server
[2025-03-01T08:15:40.591Z] Error reading actual data: no connection to modbus server
[2025-03-01T08:15:40.593Z] Error reading register 3105 for IP 10.30.4.91: no connection to modbus server
[2025-03-01T08:15:40.593Z] ❌ Error reading register 1000 for IP 10.30.4.91: no connection to modbus server
[2025-03-01T08:15:40.593Z] Error writing to Modbus register: no connection to modbus server
[2025-03-01T08:15:40.593Z] Error reading register 3105 for IP 10.30.4.91: no connection to modbus server
[2025-03-01T08:15:40.593Z] Error reading actual data: no connection to modbus server
[2025-03-01T08:15:40.593Z] ❌ Error reading register 1000 for IP 10.30.4.91: no connection to modbus server
[2025-03-01T08:15:40.592Z] Error writing to Modbus register: no connection to modbus server
[2025-03-01T08:15:40.593Z] Error reading actual data: no connection to modbus server
[2025-03-01T08:15:40.594Z] Error writing to Modbus register: no connection to modbus server
[2025-03-01T08:15:40.595Z] Error reading register 3105 for IP 10.30.4.91: no connection to modbus server
[2025-03-01T08:15:40.595Z] ❌ Error reading register 1000 for IP 10.30.4.91: no connection to modbus server
[2025-03-01T08:15:40.595Z] Error reading actual data: no connection to modbus server
[2025-03-01T08:15:40.595Z] Error writing to Modbus register: no connection to modbus server
[2025-03-01T08:15:40.595Z] Error reading register 3105 for IP 10.30.4.91: no connection to modbus server
[2025-03-01T08:15:40.596Z] ❌ Error reading register 1000 for IP 10.30.4.91: no connection to modbus server
[2025-03-01T08:15:40.596Z] Error reading actual data: no connection to modbus server
[2025-03-01T08:15:40.596Z] Error writing to Modbus register: no connection to modbus server
[2025-03-01T08:15:41.603Z] Error reading register 3105 for IP 10.30.4.91: no connection to modbus server
[2025-03-01T08:15:41.604Z] ❌ Error reading register 1000 for IP 10.30.4.91: no connection to modbus server
[2025-03-01T08:15:41.604Z] Error reading actual data: no connection to modbus server
[2025-03-01T08:15:41.605Z] Error writing to Modbus register: no connection to modbus server
[2025-03-01T08:15:41.607Z] Error reading register 3105 for IP 10.30.4.91: no connection to modbus server
[2025-03-01T08:15:41.607Z] ❌ Error reading register 1000 for IP 10.30.4.91: no connection to modbus server
[2025-03-01T08:15:41.608Z] Error reading actual data: no connection to modbus server
[2025-03-01T08:15:41.608Z] Error writing to Modbus register: no connection to modbus server
[2025-03-01T08:15:41.609Z] Error reading register 3105 for IP 10.30.4.91: no connection to modbus server
[2025-03-01T08:15:41.609Z] ❌ Error reading register 1000 for IP 10.30.4.91: no connection to modbus server
[2025-03-01T08:15:41.609Z] Error reading actual data: no connection to modbus server
[2025-03-01T08:15:41.609Z] Error writing to Modbus register: no connection to modbus server
[2025-03-01T08:15:41.609Z] Error reading register 3105 for IP 10.30.4.91: no connection to modbus server
[2025-03-01T08:15:41.610Z] ❌ Error reading register 1000 for IP 10.30.4.91: no connection to modbus server
[2025-03-01T08:15:41.610Z] Error reading actual data: no connection to modbus server
[2025-03-01T08:15:41.610Z] Error writing to Modbus register: no connection to modbus server
[2025-03-01T08:15:41.610Z] Error reading register 3105 for IP 10.30.4.91: no connection to modbus server
[2025-03-01T08:15:41.610Z] ❌ Error reading register 1000 for IP 10.30.4.91: no connection to modbus server
[2025-03-01T08:15:41.611Z] Error writing to Modbus register: no connection to modbus server
[2025-03-01T08:15:41.610Z] Error reading actual data: no connection to modbus server
[2025-03-01T08:15:41.611Z] Error reading register 3105 for IP 10.30.4.91: no connection to modbus server
[2025-03-01T08:15:41.611Z] ❌ Error reading register 1000 for IP 10.30.4.91: no connection to modbus server
[2025-03-01T08:15:41.611Z] Error reading actual data: no connection to modbus server
[2025-03-01T08:15:41.612Z] Error writing to Modbus register: no connection to modbus server
[2025-03-01T08:15:42.606Z] Error reading register 3105 for IP 10.30.4.91: no connection to modbus server
[2025-03-01T08:15:42.606Z] ❌ Error reading register 1000 for IP 10.30.4.91: no connection to modbus server
[2025-03-01T08:15:42.606Z] Error reading actual data: no connection to modbus server
[2025-03-01T08:15:42.607Z] Error reading register 3105 for IP 10.30.4.91: no connection to modbus server
[2025-03-01T08:15:42.606Z] Error writing to Modbus register: no connection to modbus server
[2025-03-01T08:15:42.607Z] ❌ Error reading register 1000 for IP 10.30.4.91: no connection to modbus server
[2025-03-01T08:15:42.607Z] Error reading actual data: no connection to modbus server
[2025-03-01T08:15:42.607Z] Error writing to Modbus register: no connection to modbus server
[2025-03-01T08:15:42.636Z] Error reading register 3105 for IP 10.30.4.91: no connection to modbus server
[2025-03-01T08:15:42.636Z] ❌ Error reading register 1000 for IP 10.30.4.91: no connection to modbus server
[2025-03-01T08:15:42.636Z] Error writing to Modbus register: no connection to modbus server
[2025-03-01T08:15:42.637Z] Error reading register 3105 for IP 10.30.4.91: no connection to modbus server
[2025-03-01T08:15:42.636Z] Error reading actual data: no connection to modbus server
[2025-03-01T08:15:42.637Z] ❌ Error reading register 1000 for IP 10.30.4.91: no connection to modbus server
[2025-03-01T08:15:42.637Z] Error reading actual data: no connection to modbus server
[2025-03-01T08:15:42.637Z] Error writing to Modbus register: no connection to modbus server
[2025-03-01T08:15:42.637Z] Error reading register 3105 for IP 10.30.4.91: no connection to modbus server
[2025-03-01T08:15:42.638Z] ❌ Error reading register 1000 for IP 10.30.4.91: no connection to modbus server
[2025-03-01T08:15:42.638Z] Error reading actual data: no connection to modbus server
[2025-03-01T08:15:42.638Z] Error writing to Modbus register: no connection to modbus server
[2025-03-01T08:15:42.638Z] Error reading register 3105 for IP 10.30.4.91: no connection to modbus server
[2025-03-01T08:15:42.638Z] ❌ Error reading register 1000 for IP 10.30.4.91: no connection to modbus server
[2025-03-01T08:15:42.639Z] Error reading actual data: no connection to modbus server
[2025-03-01T08:15:42.639Z] Error writing to Modbus register: no connection to modbus server
[2025-03-01T08:15:43.619Z] Error reading register 3105 for IP 10.30.4.91: no connection to modbus server
[2025-03-01T08:15:43.619Z] ❌ Error reading register 1000 for IP 10.30.4.91: no connection to modbus server
[2025-03-01T08:15:43.620Z] Error reading actual data: no connection to modbus server
[2025-03-01T08:15:43.621Z] Error writing to Modbus register: no connection to modbus server
[2025-03-01T08:15:43.622Z] Error reading register 3105 for IP 10.30.4.91: no connection to modbus server
[2025-03-01T08:15:43.622Z] ❌ Error reading register 1000 for IP 10.30.4.91: no connection to modbus server
[2025-03-01T08:15:43.622Z] Error reading actual data: no connection to modbus server
[2025-03-01T08:15:43.623Z] Error writing to Modbus register: no connection to modbus server
[2025-03-01T08:15:43.636Z] Error reading register 3105 for IP 10.30.4.91: no connection to modbus server
[2025-03-01T08:15:43.636Z] ❌ Error reading register 1000 for IP 10.30.4.91: no connection to modbus server
[2025-03-01T08:15:43.637Z] Error reading actual data: no connection to modbus server
[2025-03-01T08:15:43.638Z] Error writing to Modbus register: no connection to modbus server
[2025-03-01T08:15:43.638Z] Error reading register 3105 for IP 10.30.4.91: no connection to modbus server
[2025-03-01T08:15:43.638Z] ❌ Error reading register 1000 for IP 10.30.4.91: no connection to modbus server
[2025-03-01T08:15:43.639Z] Error reading actual data: no connection to modbus server
[2025-03-01T08:15:43.639Z] Error writing to Modbus register: no connection to modbus server
[2025-03-01T08:15:43.640Z] Error reading register 3105 for IP 10.30.4.91: no connection to modbus server
[2025-03-01T08:15:43.641Z] Error reading actual data: no connection to modbus server
[2025-03-01T08:15:43.641Z] ❌ Error reading register 1000 for IP 10.30.4.91: no connection to modbus server
[2025-03-01T08:15:43.641Z] Error writing to Modbus register: no connection to modbus server
[2025-03-01T08:15:43.642Z] Error reading register 3105 for IP 10.30.4.91: no connection to modbus server
[2025-03-01T08:15:43.642Z] ❌ Error reading register 1000 for IP 10.30.4.91: no connection to modbus server
[2025-03-01T08:15:43.642Z] Error reading actual data: no connection to modbus server
[2025-03-01T08:15:43.642Z] Error writing to Modbus register: no connection to modbus server
[2025-03-01T08:15:44.619Z] ❌ Error reading register 1000 for IP 10.30.4.91: no connection to modbus server
[2025-03-01T08:15:44.619Z] Error reading register 3105 for IP 10.30.4.91: no connection to modbus server
[2025-03-01T08:15:44.619Z] Error reading actual data: no connection to modbus server
[2025-03-01T08:15:44.634Z] Error writing to Modbus register: no connection to modbus server
[2025-03-01T08:15:44.635Z] Error reading register 3105 for IP 10.30.4.91: no connection to modbus server
[2025-03-01T08:15:44.635Z] ❌ Error reading register 1000 for IP 10.30.4.91: no connection to modbus server
[2025-03-01T08:15:44.635Z] Error reading actual data: no connection to modbus server
[2025-03-01T08:15:44.635Z] Error writing to Modbus register: no connection to modbus server
[2025-03-01T08:15:44.636Z] Error reading register 3105 for IP 10.30.4.91: no connection to modbus server
[2025-03-01T08:15:44.636Z] ❌ Error reading register 1000 for IP 10.30.4.91: no connection to modbus server
[2025-03-01T08:15:44.636Z] Error reading actual data: no connection to modbus server
[2025-03-01T08:15:44.638Z] Error writing to Modbus register: no connection to modbus server
[2025-03-01T08:15:44.638Z] Error reading register 3105 for IP 10.30.4.91: no connection to modbus server
[2025-03-01T08:15:44.638Z] Error reading actual data: no connection to modbus server
[2025-03-01T08:15:44.638Z] ❌ Error reading register 1000 for IP 10.30.4.91: no connection to modbus server
[2025-03-01T08:15:44.639Z] Error writing to Modbus register: no connection to modbus server
[2025-03-01T08:15:44.639Z] Error reading register 3105 for IP 10.30.4.91: no connection to modbus server
[2025-03-01T08:15:44.639Z] ❌ Error reading register 1000 for IP 10.30.4.91: no connection to modbus server
[2025-03-01T08:15:44.640Z] Error reading actual data: no connection to modbus server
[2025-03-01T08:15:44.640Z] Error writing to Modbus register: no connection to modbus server
[2025-03-01T08:15:44.650Z] Error reading register 3105 for IP 10.30.4.91: no connection to modbus server
[2025-03-01T08:15:44.650Z] ❌ Error reading register 1000 for IP 10.30.4.91: no connection to modbus server
[2025-03-01T08:15:44.650Z] Error reading actual data: no connection to modbus server
[2025-03-01T08:15:44.650Z] Error writing to Modbus register: no connection to modbus server
[2025-03-01T08:15:45.635Z] Error reading register 3105 for IP 10.30.4.91: no connection to modbus server
[2025-03-01T08:15:45.636Z] ❌ Error reading register 1000 for IP 10.30.4.91: no connection to modbus server
[2025-03-01T08:15:45.636Z] ❌ Error reading register 1000 for IP 10.30.4.91: no connection to modbus server
[2025-03-01T08:15:45.637Z] Error reading actual data: no connection to modbus server
[2025-03-01T08:15:45.636Z] Error reading actual data: no connection to modbus server
[2025-03-01T08:15:45.636Z] Error reading register 3105 for IP 10.30.4.91: no connection to modbus server
[2025-03-01T08:15:45.636Z] Error writing to Modbus register: no connection to modbus server
[2025-03-01T08:15:45.637Z] Error writing to Modbus register: no connection to modbus server
[2025-03-01T08:15:45.638Z] Error reading register 3105 for IP 10.30.4.91: no connection to modbus server
[2025-03-01T08:15:45.638Z] Error reading actual data: no connection to modbus server
[2025-03-01T08:15:45.638Z] ❌ Error reading register 1000 for IP 10.30.4.91: no connection to modbus server
[2025-03-01T08:15:45.639Z] Error writing to Modbus register: no connection to modbus server
[2025-03-01T08:15:45.639Z] Error reading register 3105 for IP 10.30.4.91: no connection to modbus server
[2025-03-01T08:15:45.639Z] ❌ Error reading register 1000 for IP 10.30.4.91: no connection to modbus server
[2025-03-01T08:15:45.639Z] Error reading actual data: no connection to modbus server
[2025-03-01T08:15:45.640Z] Error writing to Modbus register: no connection to modbus server
[2025-03-01T08:15:45.640Z] Error reading register 3105 for IP 10.30.4.91: no connection to modbus server
[2025-03-01T08:15:45.640Z] ❌ Error reading register 1000 for IP 10.30.4.91: no connection to modbus server
[2025-03-01T08:15:45.640Z] Error reading actual data: no connection to modbus server
[2025-03-01T08:15:45.641Z] Error writing to Modbus register: no connection to modbus server
[2025-03-01T08:15:45.652Z] Error reading register 3105 for IP 10.30.4.91: no connection to modbus server
[2025-03-01T08:15:45.653Z] ❌ Error reading register 1000 for IP 10.30.4.91: no connection to modbus server
[2025-03-01T08:15:45.653Z] Error writing to Modbus register: no connection to modbus server
[2025-03-01T08:15:45.653Z] Error reading actual data: no connection to modbus server
[2025-03-01T08:15:46.637Z] Error reading register 3105 for IP 10.30.4.91: no connection to modbus server
[2025-03-01T08:15:46.637Z] ❌ Error reading register 1000 for IP 10.30.4.91: no connection to modbus server
[2025-03-01T08:15:46.638Z] Error reading actual data: no connection to modbus server
[2025-03-01T08:15:46.639Z] Error writing to Modbus register: no connection to modbus server
[2025-03-01T08:15:46.641Z] ❌ Error reading register 1000 for IP 10.30.4.91: no connection to modbus server
[2025-03-01T08:15:46.641Z] Error reading actual data: no connection to modbus server
[2025-03-01T08:15:46.641Z] Error reading register 3105 for IP 10.30.4.91: no connection to modbus server
[2025-03-01T08:15:46.640Z] Error reading register 3105 for IP 10.30.4.91: no connection to modbus server
[2025-03-01T08:15:46.641Z] Error writing to Modbus register: no connection to modbus server
[2025-03-01T08:15:46.641Z] ❌ Error reading register 1000 for IP 10.30.4.91: no connection to modbus server
[2025-03-01T08:15:46.641Z] Error reading actual data: no connection to modbus server
[2025-03-01T08:15:46.642Z] Error writing to Modbus register: no connection to modbus server
[2025-03-01T08:15:46.642Z] Error reading register 3105 for IP 10.30.4.91: no connection to modbus server
[2025-03-01T08:15:46.642Z] ❌ Error reading register 1000 for IP 10.30.4.91: no connection to modbus server
[2025-03-01T08:15:46.642Z] Error reading actual data: no connection to modbus server
[2025-03-01T08:15:46.642Z] Error writing to Modbus register: no connection to modbus server
[2025-03-01T08:15:46.643Z] Error reading register 3105 for IP 10.30.4.91: no connection to modbus server
[2025-03-01T08:15:46.643Z] Error reading actual data: no connection to modbus server
[2025-03-01T08:15:46.643Z] ❌ Error reading register 1000 for IP 10.30.4.91: no connection to modbus server
[2025-03-01T08:15:46.644Z] Error writing to Modbus register: no connection to modbus server
[2025-03-01T08:15:46.652Z] Error reading register 3105 for IP 10.30.4.91: no connection to modbus server
[2025-03-01T08:15:46.652Z] ❌ Error reading register 1000 for IP 10.30.4.91: no connection to modbus server
[2025-03-01T08:15:46.652Z] Error reading actual data: no connection to modbus server
[2025-03-01T08:15:46.653Z] Error writing to Modbus register: no connection to modbus server
[2025-03-01T08:15:47.654Z] Error reading actual data: no connection to modbus server
[2025-03-01T08:15:47.655Z] Error writing to Modbus register: no connection to modbus server
[2025-03-01T08:15:47.654Z] ❌ Error reading register 1000 for IP 10.30.4.91: no connection to modbus server
[2025-03-01T08:15:47.657Z] Error reading register 3105 for IP 10.30.4.91: no connection to modbus server
[2025-03-01T08:15:47.657Z] ❌ Error reading register 1000 for IP 10.30.4.91: no connection to modbus server
[2025-03-01T08:15:47.653Z] Error reading register 3105 for IP 10.30.4.91: no connection to modbus server
[2025-03-01T08:15:47.658Z] Error writing to Modbus register: no connection to modbus server
[2025-03-01T08:15:47.658Z] Error reading register 3105 for IP 10.30.4.91: no connection to modbus server
[2025-03-01T08:15:47.659Z] Error reading actual data: no connection to modbus server
[2025-03-01T08:15:47.659Z] Error writing to Modbus register: no connection to modbus server
[2025-03-01T08:15:47.659Z] ❌ Error reading register 1000 for IP 10.30.4.91: no connection to modbus server
[2025-03-01T08:15:47.659Z] ❌ Error reading register 1000 for IP 10.30.4.91: no connection to modbus server
[2025-03-01T08:15:47.659Z] Error reading register 3105 for IP 10.30.4.91: no connection to modbus server
[2025-03-01T08:15:47.660Z] Error writing to Modbus register: no connection to modbus server
[2025-03-01T08:15:47.658Z] Error reading actual data: no connection to modbus server
[2025-03-01T08:15:47.660Z] Error reading register 3105 for IP 10.30.4.91: no connection to modbus server
[2025-03-01T08:15:47.660Z] ❌ Error reading register 1000 for IP 10.30.4.91: no connection to modbus server
[2025-03-01T08:15:47.660Z] Error writing to Modbus register: no connection to modbus server
[2025-03-01T08:15:47.660Z] Error reading actual data: no connection to modbus server
[2025-03-01T08:15:47.659Z] Error reading actual data: no connection to modbus server
[2025-03-01T08:15:47.661Z] ❌ Error reading register 1000 for IP 10.30.4.91: no connection to modbus server
[2025-03-01T08:15:47.661Z] Error reading register 3105 for IP 10.30.4.91: no connection to modbus server
[2025-03-01T08:15:47.661Z] Error reading actual data: no connection to modbus server
[2025-03-01T08:15:47.661Z] Error writing to Modbus register: no connection to modbus server
[2025-03-01T08:15:48.652Z] Error reading register 3105 for IP 10.30.4.91: no connection to modbus server
[2025-03-01T08:15:48.653Z] ❌ Error reading register 1000 for IP 10.30.4.91: no connection to modbus server
[2025-03-01T08:15:48.653Z] Error reading actual data: no connection to modbus server
[2025-03-01T08:15:48.660Z] Error writing to Modbus register: no connection to modbus server
[2025-03-01T08:15:48.661Z] Error reading register 3105 for IP 10.30.4.91: no connection to modbus server
[2025-03-01T08:15:48.661Z] ❌ Error reading register 1000 for IP 10.30.4.91: no connection to modbus server
[2025-03-01T08:15:48.661Z] Error reading actual data: no connection to modbus server
[2025-03-01T08:15:48.661Z] Error writing to Modbus register: no connection to modbus server
[2025-03-01T08:15:48.662Z] Error reading register 3105 for IP 10.30.4.91: no connection to modbus server
[2025-03-01T08:15:48.662Z] ❌ Error reading register 1000 for IP 10.30.4.91: no connection to modbus server
[2025-03-01T08:15:48.662Z] Error reading actual data: no connection to modbus server
[2025-03-01T08:15:48.662Z] Error writing to Modbus register: no connection to modbus server
[2025-03-01T08:15:48.663Z] Error reading register 3105 for IP 10.30.4.91: no connection to modbus server
[2025-03-01T08:15:48.663Z] ❌ Error reading register 1000 for IP 10.30.4.91: no connection to modbus server
[2025-03-01T08:15:48.663Z] Error reading actual data: no connection to modbus server
[2025-03-01T08:15:48.663Z] Error writing to Modbus register: no connection to modbus server
[2025-03-01T08:15:48.664Z] Error reading register 3105 for IP 10.30.4.91: no connection to modbus server
[2025-03-01T08:15:48.664Z] ❌ Error reading register 1000 for IP 10.30.4.91: no connection to modbus server
[2025-03-01T08:15:48.664Z] Error reading actual data: no connection to modbus server
[2025-03-01T08:15:48.665Z] Error writing to Modbus register: no connection to modbus server
[2025-03-01T08:15:48.665Z] Error reading register 3105 for IP 10.30.4.91: no connection to modbus server
[2025-03-01T08:15:48.665Z] Error reading actual data: no connection to modbus server
[2025-03-01T08:15:48.666Z] Error writing to Modbus register: no connection to modbus server
[2025-03-01T08:15:48.665Z] ❌ Error reading register 1000 for IP 10.30.4.91: no connection to modbus server
[2025-03-01T08:15:49.653Z] Error reading register 3105 for IP 10.30.4.91: no connection to modbus server
[2025-03-01T08:15:49.654Z] ❌ Error reading register 1000 for IP 10.30.4.91: no connection to modbus server
[2025-03-01T08:15:49.654Z] Error reading actual data: no connection to modbus server
[2025-03-01T08:15:49.671Z] Error writing to Modbus register: no connection to modbus server
[2025-03-01T08:15:49.673Z] ❌ Error reading register 1000 for IP 10.30.4.91: no connection to modbus server
[2025-03-01T08:15:49.673Z] Error reading register 3105 for IP 10.30.4.91: no connection to modbus server
[2025-03-01T08:15:49.674Z] Error reading actual data: no connection to modbus server
[2025-03-01T08:15:49.674Z] Error writing to Modbus register: no connection to modbus server
[2025-03-01T08:15:49.675Z] Error reading register 3105 for IP 10.30.4.91: no connection to modbus server
[2025-03-01T08:15:49.676Z] ❌ Error reading register 1000 for IP 10.30.4.91: no connection to modbus server
[2025-03-01T08:15:49.676Z] Error reading actual data: no connection to modbus server
[2025-03-01T08:15:49.677Z] Error writing to Modbus register: no connection to modbus server
[2025-03-01T08:15:49.678Z] Error reading register 3105 for IP 10.30.4.91: no connection to modbus server
[2025-03-01T08:15:49.678Z] ❌ Error reading register 1000 for IP 10.30.4.91: no connection to modbus server
[2025-03-01T08:15:49.678Z] Error reading actual data: no connection to modbus server
[2025-03-01T08:15:49.678Z] Error writing to Modbus register: no connection to modbus server
[2025-03-01T08:15:49.679Z] Error reading register 3105 for IP 10.30.4.91: no connection to modbus server
[2025-03-01T08:15:49.679Z] ❌ Error reading register 1000 for IP 10.30.4.91: no connection to modbus server
[2025-03-01T08:15:49.679Z] Error reading actual data: no connection to modbus server
[2025-03-01T08:15:49.680Z] Error writing to Modbus register: no connection to modbus server
[2025-03-01T08:15:49.680Z] Error reading register 3105 for IP 10.30.4.91: no connection to modbus server
[2025-03-01T08:15:49.680Z] ❌ Error reading register 1000 for IP 10.30.4.91: no connection to modbus server
[2025-03-01T08:15:49.680Z] Error reading actual data: no connection to modbus server
[2025-03-01T08:15:49.681Z] Error writing to Modbus register: no connection to modbus server
[2025-03-01T08:15:50.652Z] Error reading register 3105 for IP 10.30.4.91: no connection to modbus server
[2025-03-01T08:15:50.652Z] ❌ Error reading register 1000 for IP 10.30.4.91: no connection to modbus server
[2025-03-01T08:15:50.652Z] Error reading actual data: no connection to modbus server
[2025-03-01T08:15:50.686Z] Error writing to Modbus register: no connection to modbus server
[2025-03-01T08:15:50.687Z] Error reading register 3105 for IP 10.30.4.91: no connection to modbus server
[2025-03-01T08:15:50.688Z] ❌ Error reading register 1000 for IP 10.30.4.91: no connection to modbus server
[2025-03-01T08:15:50.689Z] Error writing to Modbus register: no connection to modbus server
[2025-03-01T08:15:50.690Z] Error reading register 3105 for IP 10.30.4.91: no connection to modbus server
[2025-03-01T08:15:50.690Z] Error reading actual data: no connection to modbus server
[2025-03-01T08:15:50.690Z] ❌ Error reading register 1000 for IP 10.30.4.91: no connection to modbus server
[2025-03-01T08:15:50.692Z] Error reading register 3105 for IP 10.30.4.91: no connection to modbus server
[2025-03-01T08:15:50.691Z] Error writing to Modbus register: no connection to modbus server
[2025-03-01T08:15:50.692Z] ❌ Error reading register 1000 for IP 10.30.4.91: no connection to modbus server
[2025-03-01T08:15:50.693Z] Error writing to Modbus register: no connection to modbus server
[2025-03-01T08:15:50.692Z] Error reading actual data: no connection to modbus server
[2025-03-01T08:15:50.688Z] Error reading actual data: no connection to modbus server
[2025-03-01T08:15:50.693Z] Error reading register 3105 for IP 10.30.4.91: no connection to modbus server
[2025-03-01T08:15:50.694Z] Error reading actual data: no connection to modbus server
[2025-03-01T08:15:50.694Z] Error writing to Modbus register: no connection to modbus server
[2025-03-01T08:15:50.694Z] Error reading register 3105 for IP 10.30.4.91: no connection to modbus server
[2025-03-01T08:15:50.693Z] ❌ Error reading register 1000 for IP 10.30.4.91: no connection to modbus server
[2025-03-01T08:15:50.694Z] ❌ Error reading register 1000 for IP 10.30.4.91: no connection to modbus server
[2025-03-01T08:15:50.694Z] Error reading actual data: no connection to modbus server
[2025-03-01T08:15:50.694Z] Error writing to Modbus register: no connection to modbus server
[2025-03-01T08:15:51.655Z] Error reading register 3105 for IP 10.30.4.91: no connection to modbus server
[2025-03-01T08:15:51.655Z] ❌ Error reading register 1000 for IP 10.30.4.91: no connection to modbus server
[2025-03-01T08:15:51.655Z] Error reading actual data: no connection to modbus server
[2025-03-01T08:15:51.686Z] Error writing to Modbus register: no connection to modbus server
[2025-03-01T08:15:51.687Z] Error reading register 3105 for IP 10.30.4.91: no connection to modbus server
[2025-03-01T08:15:51.688Z] ❌ Error reading register 1000 for IP 10.30.4.91: no connection to modbus server
[2025-03-01T08:15:51.688Z] Error reading actual data: no connection to modbus server
[2025-03-01T08:15:51.690Z] Error writing to Modbus register: no connection to modbus server
[2025-03-01T08:15:51.691Z] Error reading register 3105 for IP 10.30.4.91: no connection to modbus server
[2025-03-01T08:15:51.691Z] ❌ Error reading register 1000 for IP 10.30.4.91: no connection to modbus server
[2025-03-01T08:15:51.691Z] Error reading actual data: no connection to modbus server
[2025-03-01T08:15:51.692Z] Error writing to Modbus register: no connection to modbus server
[2025-03-01T08:15:51.693Z] Error reading register 3105 for IP 10.30.4.91: no connection to modbus server
[2025-03-01T08:15:51.693Z] ❌ Error reading register 1000 for IP 10.30.4.91: no connection to modbus server
[2025-03-01T08:15:51.693Z] Error reading actual data: no connection to modbus server
[2025-03-01T08:15:51.693Z] Error writing to Modbus register: no connection to modbus server
[2025-03-01T08:15:51.693Z] Error reading register 3105 for IP 10.30.4.91: no connection to modbus server
[2025-03-01T08:15:51.693Z] ❌ Error reading register 1000 for IP 10.30.4.91: no connection to modbus server
[2025-03-01T08:15:51.694Z] Error reading actual data: no connection to modbus server
[2025-03-01T08:15:51.694Z] Error writing to Modbus register: no connection to modbus server
[2025-03-01T08:15:51.695Z] Error reading register 3105 for IP 10.30.4.91: no connection to modbus server
[2025-03-01T08:15:51.695Z] Error reading actual data: no connection to modbus server
[2025-03-01T08:15:51.695Z] ❌ Error reading register 1000 for IP 10.30.4.91: no connection to modbus server
[2025-03-01T08:15:51.695Z] Error writing to Modbus register: no connection to modbus server
[2025-03-01T08:15:52.670Z] Error reading register 3105 for IP 10.30.4.91: no connection to modbus server
[2025-03-01T08:15:52.671Z] ❌ Error reading register 1000 for IP 10.30.4.91: no connection to modbus server
[2025-03-01T08:15:52.671Z] Error reading actual data: no connection to modbus server
[2025-03-01T08:15:52.695Z] Error writing to Modbus register: no connection to modbus server
[2025-03-01T08:15:52.695Z] Error reading register 3105 for IP 10.30.4.91: no connection to modbus server
[2025-03-01T08:15:52.695Z] ❌ Error reading register 1000 for IP 10.30.4.91: no connection to modbus server
[2025-03-01T08:15:52.695Z] Error reading actual data: no connection to modbus server
[2025-03-01T08:15:52.696Z] Error writing to Modbus register: no connection to modbus server
[2025-03-01T08:15:52.696Z] Error reading register 3105 for IP 10.30.4.91: no connection to modbus server
[2025-03-01T08:15:52.696Z] ❌ Error reading register 1000 for IP 10.30.4.91: no connection to modbus server
[2025-03-01T08:15:52.696Z] Error reading actual data: no connection to modbus server
[2025-03-01T08:15:52.696Z] Error writing to Modbus register: no connection to modbus server
[2025-03-01T08:15:52.696Z] Error reading register 3105 for IP 10.30.4.91: no connection to modbus server
[2025-03-01T08:15:52.697Z] ❌ Error reading register 1000 for IP 10.30.4.91: no connection to modbus server
[2025-03-01T08:15:52.697Z] Error reading actual data: no connection to modbus server
[2025-03-01T08:15:52.697Z] Error writing to Modbus register: no connection to modbus server
[2025-03-01T08:15:52.697Z] Error reading register 3105 for IP 10.30.4.91: no connection to modbus server
[2025-03-01T08:15:52.697Z] ❌ Error reading register 1000 for IP 10.30.4.91: no connection to modbus server
[2025-03-01T08:15:52.697Z] Error reading actual data: no connection to modbus server
[2025-03-01T08:15:52.698Z] Error writing to Modbus register: no connection to modbus server
[2025-03-01T08:15:52.698Z] Error reading register 3105 for IP 10.30.4.91: no connection to modbus server
[2025-03-01T08:15:52.698Z] ❌ Error reading register 1000 for IP 10.30.4.91: no connection to modbus server
[2025-03-01T08:15:52.698Z] Error reading actual data: no connection to modbus server
[2025-03-01T08:15:52.700Z] Error writing to Modbus register: no connection to modbus server
[2025-03-01T08:15:53.672Z] Error reading register 3105 for IP 10.30.4.91: no connection to modbus server
[2025-03-01T08:15:53.672Z] ❌ Error reading register 1000 for IP 10.30.4.91: no connection to modbus server
[2025-03-01T08:15:53.673Z] Error reading actual data: no connection to modbus server
[2025-03-01T08:15:53.702Z] Error writing to Modbus register: no connection to modbus server
[2025-03-01T08:15:53.704Z] Error reading register 3105 for IP 10.30.4.91: no connection to modbus server
[2025-03-01T08:15:53.704Z] ❌ Error reading register 1000 for IP 10.30.4.91: no connection to modbus server
[2025-03-01T08:15:53.705Z] Error reading actual data: no connection to modbus server
[2025-03-01T08:15:53.705Z] Error writing to Modbus register: no connection to modbus server
[2025-03-01T08:15:53.707Z] Error reading register 3105 for IP 10.30.4.91: no connection to modbus server
[2025-03-01T08:15:53.707Z] ❌ Error reading register 1000 for IP 10.30.4.91: no connection to modbus server
[2025-03-01T08:15:53.707Z] Error reading actual data: no connection to modbus server
[2025-03-01T08:15:53.707Z] Error writing to Modbus register: no connection to modbus server
[2025-03-01T08:15:53.708Z] Error reading register 3105 for IP 10.30.4.91: no connection to modbus server
[2025-03-01T08:15:53.708Z] ❌ Error reading register 1000 for IP 10.30.4.91: no connection to modbus server
[2025-03-01T08:15:53.708Z] Error reading actual data: no connection to modbus server
[2025-03-01T08:15:53.708Z] Error writing to Modbus register: no connection to modbus server
[2025-03-01T08:15:53.708Z] Error reading register 3105 for IP 10.30.4.91: no connection to modbus server
[2025-03-01T08:15:53.708Z] ❌ Error reading register 1000 for IP 10.30.4.91: no connection to modbus server
[2025-03-01T08:15:53.708Z] Error reading actual data: no connection to modbus server
[2025-03-01T08:15:53.709Z] Error writing to Modbus register: no connection to modbus server
[2025-03-01T08:15:53.709Z] ❌ Error reading register 1000 for IP 10.30.4.91: no connection to modbus server
[2025-03-01T08:15:53.709Z] Error reading register 3105 for IP 10.30.4.91: no connection to modbus server
[2025-03-01T08:15:53.709Z] Error reading actual data: no connection to modbus server
[2025-03-01T08:15:53.709Z] Error writing to Modbus register: no connection to modbus server
[2025-03-01T08:15:54.686Z] Error reading register 3105 for IP 10.30.4.91: no connection to modbus server
[2025-03-01T08:15:54.687Z] ❌ Error reading register 1000 for IP 10.30.4.91: no connection to modbus server
[2025-03-01T08:15:54.687Z] Error reading actual data: no connection to modbus server
[2025-03-01T08:15:54.703Z] Error writing to Modbus register: no connection to modbus server
[2025-03-01T08:15:54.705Z] Error reading register 3105 for IP 10.30.4.91: no connection to modbus server
[2025-03-01T08:15:54.705Z] ❌ Error reading register 1000 for IP 10.30.4.91: no connection to modbus server
[2025-03-01T08:15:54.706Z] Error reading actual data: no connection to modbus server
[2025-03-01T08:15:54.708Z] Error reading register 3105 for IP 10.30.4.91: no connection to modbus server
[2025-03-01T08:15:54.707Z] Error writing to Modbus register: no connection to modbus server
[2025-03-01T08:15:54.708Z] ❌ Error reading register 1000 for IP 10.30.4.91: no connection to modbus server
[2025-03-01T08:15:54.708Z] Error reading actual data: no connection to modbus server
[2025-03-01T08:15:54.709Z] Error writing to Modbus register: no connection to modbus server
[2025-03-01T08:15:54.710Z] ❌ Error reading register 1000 for IP 10.30.4.91: no connection to modbus server
[2025-03-01T08:15:54.710Z] Error reading register 3105 for IP 10.30.4.91: no connection to modbus server
[2025-03-01T08:15:54.711Z] Error writing to Modbus register: no connection to modbus server
[2025-03-01T08:15:54.711Z] Error reading register 3105 for IP 10.30.4.91: no connection to modbus server
[2025-03-01T08:15:54.711Z] ❌ Error reading register 1000 for IP 10.30.4.91: no connection to modbus server
[2025-03-01T08:15:54.710Z] Error reading actual data: no connection to modbus server
[2025-03-01T08:15:54.711Z] Error reading actual data: no connection to modbus server
[2025-03-01T08:15:54.712Z] Error writing to Modbus register: no connection to modbus server
[2025-03-01T08:15:54.712Z] Error reading register 3105 for IP 10.30.4.91: no connection to modbus server
[2025-03-01T08:15:54.712Z] ❌ Error reading register 1000 for IP 10.30.4.91: no connection to modbus server
[2025-03-01T08:15:54.712Z] Error reading actual data: no connection to modbus server
[2025-03-01T08:15:54.714Z] Error writing to Modbus register: no connection to modbus server
[2025-03-01T08:15:55.703Z] Error reading register 3105 for IP 10.30.4.91: no connection to modbus server
[2025-03-01T08:15:55.704Z] ❌ Error reading register 1000 for IP 10.30.4.91: no connection to modbus server
[2025-03-01T08:15:55.704Z] Error reading actual data: no connection to modbus server
[2025-03-01T08:15:55.705Z] Error writing to Modbus register: no connection to modbus server
[2025-03-01T08:15:55.706Z] Error reading register 3105 for IP 10.30.4.91: no connection to modbus server
[2025-03-01T08:15:55.706Z] ❌ Error reading register 1000 for IP 10.30.4.91: no connection to modbus server
[2025-03-01T08:15:55.706Z] Error reading actual data: no connection to modbus server
[2025-03-01T08:15:55.707Z] Error writing to Modbus register: no connection to modbus server
[2025-03-01T08:15:55.707Z] Error reading register 3105 for IP 10.30.4.91: no connection to modbus server
[2025-03-01T08:15:55.707Z] ❌ Error reading register 1000 for IP 10.30.4.91: no connection to modbus server
[2025-03-01T08:15:55.707Z] Error reading actual data: no connection to modbus server
[2025-03-01T08:15:55.708Z] Error writing to Modbus register: no connection to modbus server
[2025-03-01T08:15:55.720Z] ❌ Error reading register 1000 for IP 10.30.4.91: no connection to modbus server
[2025-03-01T08:15:55.720Z] Error reading register 3105 for IP 10.30.4.91: no connection to modbus server
[2025-03-01T08:15:55.720Z] Error writing to Modbus register: no connection to modbus server
[2025-03-01T08:15:55.720Z] Error reading actual data: no connection to modbus server
[2025-03-01T08:15:55.720Z] Error reading register 3105 for IP 10.30.4.91: no connection to modbus server
[2025-03-01T08:15:55.721Z] ❌ Error reading register 1000 for IP 10.30.4.91: no connection to modbus server
[2025-03-01T08:15:55.721Z] Error reading actual data: no connection to modbus server
[2025-03-01T08:15:55.721Z] Error writing to Modbus register: no connection to modbus server
[2025-03-01T08:15:55.721Z] Error reading register 3105 for IP 10.30.4.91: no connection to modbus server
[2025-03-01T08:15:55.721Z] ❌ Error reading register 1000 for IP 10.30.4.91: no connection to modbus server
[2025-03-01T08:15:55.721Z] Error reading actual data: no connection to modbus server
[2025-03-01T08:15:55.721Z] Error writing to Modbus register: no connection to modbus server
[2025-03-01T08:15:56.720Z] Error reading register 3105 for IP 10.30.4.91: no connection to modbus server
[2025-03-01T08:15:56.720Z] ❌ Error reading register 1000 for IP 10.30.4.91: no connection to modbus server
[2025-03-01T08:15:56.724Z] ❌ Error reading register 1000 for IP 10.30.4.91: no connection to modbus server
[2025-03-01T08:15:56.724Z] Error reading actual data: no connection to modbus server
[2025-03-01T08:15:56.725Z] Error writing to Modbus register: no connection to modbus server
[2025-03-01T08:15:56.726Z] Error reading register 3105 for IP 10.30.4.91: no connection to modbus server
[2025-03-01T08:15:56.726Z] ❌ Error reading register 1000 for IP 10.30.4.91: no connection to modbus server
[2025-03-01T08:15:56.727Z] Error reading actual data: no connection to modbus server
[2025-03-01T08:15:56.721Z] Error reading actual data: no connection to modbus server
[2025-03-01T08:15:56.723Z] Error reading register 3105 for IP 10.30.4.91: no connection to modbus server
[2025-03-01T08:15:56.722Z] Error writing to Modbus register: no connection to modbus server
[2025-03-01T08:15:56.728Z] Error writing to Modbus register: no connection to modbus server
[2025-03-01T08:15:56.728Z] Error reading register 3105 for IP 10.30.4.91: no connection to modbus server
[2025-03-01T08:15:56.728Z] Error reading actual data: no connection to modbus server
[2025-03-01T08:15:56.728Z] ❌ Error reading register 1000 for IP 10.30.4.91: no connection to modbus server
[2025-03-01T08:15:56.729Z] Error reading register 3105 for IP 10.30.4.91: no connection to modbus server
[2025-03-01T08:15:56.729Z] ❌ Error reading register 1000 for IP 10.30.4.91: no connection to modbus server
[2025-03-01T08:15:56.729Z] Error reading actual data: no connection to modbus server
[2025-03-01T08:15:56.729Z] Error writing to Modbus register: no connection to modbus server
[2025-03-01T08:15:56.729Z] Error writing to Modbus register: no connection to modbus server
[2025-03-01T08:15:56.730Z] ❌ Error reading register 1000 for IP 10.30.4.91: no connection to modbus server
[2025-03-01T08:15:56.730Z] Error reading actual data: no connection to modbus server
[2025-03-01T08:15:56.730Z] Error reading register 3105 for IP 10.30.4.91: no connection to modbus server
[2025-03-01T08:15:56.730Z] Error writing to Modbus register: no connection to modbus server
[2025-03-01T08:15:57.720Z] Error reading register 3105 for IP 10.30.4.91: no connection to modbus server
[2025-03-01T08:15:57.720Z] ❌ Error reading register 1000 for IP 10.30.4.91: no connection to modbus server
[2025-03-01T08:15:57.721Z] Error reading actual data: no connection to modbus server
[2025-03-01T08:15:57.722Z] Error writing to Modbus register: no connection to modbus server
[2025-03-01T08:15:57.724Z] Error reading register 3105 for IP 10.30.4.91: no connection to modbus server
[2025-03-01T08:15:57.724Z] ❌ Error reading register 1000 for IP 10.30.4.91: no connection to modbus server
[2025-03-01T08:15:57.724Z] Error reading actual data: no connection to modbus server
[2025-03-01T08:15:57.725Z] Error writing to Modbus register: no connection to modbus server
[2025-03-01T08:15:57.725Z] Error reading register 3105 for IP 10.30.4.91: no connection to modbus server
[2025-03-01T08:15:57.725Z] ❌ Error reading register 1000 for IP 10.30.4.91: no connection to modbus server
[2025-03-01T08:15:57.726Z] Error reading actual data: no connection to modbus server
[2025-03-01T08:15:57.726Z] Error writing to Modbus register: no connection to modbus server
[2025-03-01T08:15:57.733Z] Error reading register 3105 for IP 10.30.4.91: no connection to modbus server
[2025-03-01T08:15:57.733Z] ❌ Error reading register 1000 for IP 10.30.4.91: no connection to modbus server
[2025-03-01T08:15:57.733Z] Error reading actual data: no connection to modbus server
[2025-03-01T08:15:57.733Z] Error writing to Modbus register: no connection to modbus server
[2025-03-01T08:15:57.734Z] Error reading register 3105 for IP 10.30.4.91: no connection to modbus server
[2025-03-01T08:15:57.734Z] ❌ Error reading register 1000 for IP 10.30.4.91: no connection to modbus server
[2025-03-01T08:15:57.735Z] Error reading register 3105 for IP 10.30.4.91: no connection to modbus server
[2025-03-01T08:15:57.735Z] ❌ Error reading register 1000 for IP 10.30.4.91: no connection to modbus server
[2025-03-01T08:15:57.734Z] Error reading actual data: no connection to modbus server
[2025-03-01T08:15:57.736Z] Error reading actual data: no connection to modbus server
[2025-03-01T08:15:57.735Z] Error writing to Modbus register: no connection to modbus server
[2025-03-01T08:15:57.736Z] Error writing to Modbus register: no connection to modbus server
[2025-03-01T08:15:58.719Z] Error reading register 3105 for IP 10.30.4.91: no connection to modbus server
[2025-03-01T08:15:58.720Z] ❌ Error reading register 1000 for IP 10.30.4.91: no connection to modbus server
[2025-03-01T08:15:58.720Z] Error reading actual data: no connection to modbus server
[2025-03-01T08:15:58.735Z] Error writing to Modbus register: no connection to modbus server
[2025-03-01T08:15:58.735Z] Error reading register 3105 for IP 10.30.4.91: no connection to modbus server
[2025-03-01T08:15:58.736Z] ❌ Error reading register 1000 for IP 10.30.4.91: no connection to modbus server
[2025-03-01T08:15:58.736Z] Error writing to Modbus register: no connection to modbus server
[2025-03-01T08:15:58.736Z] Error reading actual data: no connection to modbus server
[2025-03-01T08:15:58.736Z] Error reading register 3105 for IP 10.30.4.91: no connection to modbus server
[2025-03-01T08:15:58.736Z] ❌ Error reading register 1000 for IP 10.30.4.91: no connection to modbus server
[2025-03-01T08:15:58.736Z] Error reading actual data: no connection to modbus server
[2025-03-01T08:15:58.737Z] Error writing to Modbus register: no connection to modbus server
[2025-03-01T08:15:58.737Z] Error reading register 3105 for IP 10.30.4.91: no connection to modbus server
[2025-03-01T08:15:58.737Z] ❌ Error reading register 1000 for IP 10.30.4.91: no connection to modbus server
[2025-03-01T08:15:58.737Z] Error reading actual data: no connection to modbus server
[2025-03-01T08:15:58.737Z] Error writing to Modbus register: no connection to modbus server
[2025-03-01T08:15:58.738Z] Error reading register 3105 for IP 10.30.4.91: no connection to modbus server
[2025-03-01T08:15:58.738Z] ❌ Error reading register 1000 for IP 10.30.4.91: no connection to modbus server
[2025-03-01T08:15:58.738Z] Error reading actual data: no connection to modbus server
[2025-03-01T08:15:58.738Z] Error writing to Modbus register: no connection to modbus server
[2025-03-01T08:15:58.738Z] Error reading register 3105 for IP 10.30.4.91: no connection to modbus server
[2025-03-01T08:15:58.738Z] ❌ Error reading register 1000 for IP 10.30.4.91: no connection to modbus server
[2025-03-01T08:15:58.738Z] Error reading actual data: no connection to modbus server
[2025-03-01T08:15:58.739Z] Error writing to Modbus register: no connection to modbus server
[2025-03-01T08:15:59.727Z] Error reading register 3105 for IP 10.30.4.91: no connection to modbus server
[2025-03-01T08:15:59.727Z] ❌ Error reading register 1000 for IP 10.30.4.91: no connection to modbus server
[2025-03-01T08:15:59.728Z] Error reading actual data: no connection to modbus server
[2025-03-01T08:15:59.743Z] Error writing to Modbus register: no connection to modbus server
[2025-03-01T08:15:59.744Z] Error reading register 3105 for IP 10.30.4.91: no connection to modbus server
[2025-03-01T08:15:59.744Z] ❌ Error reading register 1000 for IP 10.30.4.91: no connection to modbus server
[2025-03-01T08:15:59.744Z] Error reading actual data: no connection to modbus server
[2025-03-01T08:15:59.746Z] ❌ Error reading register 1000 for IP 10.30.4.91: no connection to modbus server
[2025-03-01T08:15:59.746Z] Error writing to Modbus register: no connection to modbus server
[2025-03-01T08:15:59.746Z] Error reading actual data: no connection to modbus server
[2025-03-01T08:15:59.747Z] Error reading register 3105 for IP 10.30.4.91: no connection to modbus server
[2025-03-01T08:15:59.747Z] ❌ Error reading register 1000 for IP 10.30.4.91: no connection to modbus server
[2025-03-01T08:15:59.745Z] Error writing to Modbus register: no connection to modbus server
[2025-03-01T08:15:59.748Z] Error writing to Modbus register: no connection to modbus server
[2025-03-01T08:15:59.748Z] Error reading register 3105 for IP 10.30.4.91: no connection to modbus server
[2025-03-01T08:15:59.748Z] ❌ Error reading register 1000 for IP 10.30.4.91: no connection to modbus server
[2025-03-01T08:15:59.749Z] Error reading actual data: no connection to modbus server
[2025-03-01T08:15:59.746Z] Error reading register 3105 for IP 10.30.4.91: no connection to modbus server
[2025-03-01T08:15:59.749Z] Error reading register 3105 for IP 10.30.4.91: no connection to modbus server
[2025-03-01T08:15:59.747Z] Error reading actual data: no connection to modbus server
[2025-03-01T08:15:59.749Z] ❌ Error reading register 1000 for IP 10.30.4.91: no connection to modbus server
[2025-03-01T08:15:59.750Z] Error reading actual data: no connection to modbus server
[2025-03-01T08:15:59.749Z] Error writing to Modbus register: no connection to modbus server
[2025-03-01T08:15:59.750Z] Error writing to Modbus register: no connection to modbus server
[2025-03-01T08:16:00.737Z] Error reading register 3105 for IP 10.30.4.91: no connection to modbus server
[2025-03-01T08:16:00.738Z] ❌ Error reading register 1000 for IP 10.30.4.91: no connection to modbus server
[2025-03-01T08:16:00.738Z] Error reading actual data: no connection to modbus server
[2025-03-01T08:16:00.751Z] Error writing to Modbus register: no connection to modbus server
[2025-03-01T08:16:00.751Z] Error reading register 3105 for IP 10.30.4.91: no connection to modbus server
[2025-03-01T08:16:00.751Z] Error reading actual data: no connection to modbus server
[2025-03-01T08:16:00.751Z] ❌ Error reading register 1000 for IP 10.30.4.91: no connection to modbus server
[2025-03-01T08:16:00.752Z] Error writing to Modbus register: no connection to modbus server
[2025-03-01T08:16:00.752Z] Error reading register 3105 for IP 10.30.4.91: no connection to modbus server
[2025-03-01T08:16:00.752Z] ❌ Error reading register 1000 for IP 10.30.4.91: no connection to modbus server
[2025-03-01T08:16:00.752Z] Error reading actual data: no connection to modbus server
[2025-03-01T08:16:00.753Z] Error writing to Modbus register: no connection to modbus server
[2025-03-01T08:16:00.753Z] Error reading register 3105 for IP 10.30.4.91: no connection to modbus server
[2025-03-01T08:16:00.753Z] ❌ Error reading register 1000 for IP 10.30.4.91: no connection to modbus server
[2025-03-01T08:16:00.753Z] Error reading actual data: no connection to modbus server
[2025-03-01T08:16:00.753Z] Error writing to Modbus register: no connection to modbus server
[2025-03-01T08:16:00.754Z] Error reading register 3105 for IP 10.30.4.91: no connection to modbus server
[2025-03-01T08:16:00.754Z] ❌ Error reading register 1000 for IP 10.30.4.91: no connection to modbus server
[2025-03-01T08:16:00.754Z] Error reading actual data: no connection to modbus server
[2025-03-01T08:16:00.754Z] Error writing to Modbus register: no connection to modbus server
[2025-03-01T08:16:00.754Z] Error reading register 3105 for IP 10.30.4.91: no connection to modbus server
[2025-03-01T08:16:00.755Z] ❌ Error reading register 1000 for IP 10.30.4.91: no connection to modbus server
[2025-03-01T08:16:00.755Z] Error reading actual data: no connection to modbus server
[2025-03-01T08:16:00.755Z] Error writing to Modbus register: no connection to modbus server
[2025-03-01T08:16:01.738Z] Error reading register 3105 for IP 10.30.4.91: no connection to modbus server
[2025-03-01T08:16:01.739Z] ❌ Error reading register 1000 for IP 10.30.4.91: no connection to modbus server
[2025-03-01T08:16:01.739Z] Error reading actual data: no connection to modbus server
[2025-03-01T08:16:01.753Z] Error writing to Modbus register: no connection to modbus server
[2025-03-01T08:16:01.755Z] Error reading register 3105 for IP 10.30.4.91: no connection to modbus server
[2025-03-01T08:16:01.755Z] ❌ Error reading register 1000 for IP 10.30.4.91: no connection to modbus server
[2025-03-01T08:16:01.757Z] ❌ Error reading register 1000 for IP 10.30.4.91: no connection to modbus server
[2025-03-01T08:16:01.757Z] Error reading register 3105 for IP 10.30.4.91: no connection to modbus server
[2025-03-01T08:16:01.757Z] Error reading actual data: no connection to modbus server
[2025-03-01T08:16:01.757Z] Error writing to Modbus register: no connection to modbus server
[2025-03-01T08:16:01.756Z] Error reading actual data: no connection to modbus server
[2025-03-01T08:16:01.758Z] Error reading register 3105 for IP 10.30.4.91: no connection to modbus server
[2025-03-01T08:16:01.758Z] ❌ Error reading register 1000 for IP 10.30.4.91: no connection to modbus server
[2025-03-01T08:16:01.756Z] Error writing to Modbus register: no connection to modbus server
[2025-03-01T08:16:01.758Z] Error reading actual data: no connection to modbus server
[2025-03-01T08:16:01.759Z] Error writing to Modbus register: no connection to modbus server
[2025-03-01T08:16:01.759Z] ❌ Error reading register 1000 for IP 10.30.4.91: no connection to modbus server
[2025-03-01T08:16:01.759Z] Error reading actual data: no connection to modbus server
[2025-03-01T08:16:01.759Z] Error reading register 3105 for IP 10.30.4.91: no connection to modbus server
[2025-03-01T08:16:01.759Z] Error writing to Modbus register: no connection to modbus server
[2025-03-01T08:16:01.760Z] Error reading register 3105 for IP 10.30.4.91: no connection to modbus server
[2025-03-01T08:16:01.760Z] ❌ Error reading register 1000 for IP 10.30.4.91: no connection to modbus server
[2025-03-01T08:16:01.760Z] Error writing to Modbus register: no connection to modbus server
[2025-03-01T08:16:01.760Z] Error reading actual data: no connection to modbus server
[2025-03-01T08:16:02.753Z] Error reading register 3105 for IP 10.30.4.91: no connection to modbus server
[2025-03-01T08:16:02.753Z] ❌ Error reading register 1000 for IP 10.30.4.91: no connection to modbus server
[2025-03-01T08:16:02.754Z] Error reading actual data: no connection to modbus server
[2025-03-01T08:16:02.755Z] Error writing to Modbus register: no connection to modbus server
[2025-03-01T08:16:02.756Z] Error reading register 3105 for IP 10.30.4.91: no connection to modbus server
[2025-03-01T08:16:02.757Z] ❌ Error reading register 1000 for IP 10.30.4.91: no connection to modbus server
[2025-03-01T08:16:02.757Z] Error reading actual data: no connection to modbus server
[2025-03-01T08:16:02.758Z] Error writing to Modbus register: no connection to modbus server
[2025-03-01T08:16:02.759Z] Error reading register 3105 for IP 10.30.4.91: no connection to modbus server
[2025-03-01T08:16:02.760Z] ❌ Error reading register 1000 for IP 10.30.4.91: no connection to modbus server
[2025-03-01T08:16:02.760Z] Error reading actual data: no connection to modbus server
[2025-03-01T08:16:02.761Z] ❌ Error reading register 1000 for IP 10.30.4.91: no connection to modbus server
[2025-03-01T08:16:02.761Z] Error reading register 3105 for IP 10.30.4.91: no connection to modbus server
[2025-03-01T08:16:02.762Z] Error reading actual data: no connection to modbus server
[2025-03-01T08:16:02.761Z] Error writing to Modbus register: no connection to modbus server
[2025-03-01T08:16:02.762Z] Error writing to Modbus register: no connection to modbus server
[2025-03-01T08:16:02.763Z] Error reading register 3105 for IP 10.30.4.91: no connection to modbus server
[2025-03-01T08:16:02.763Z] Error reading actual data: no connection to modbus server
[2025-03-01T08:16:02.764Z] Error writing to Modbus register: no connection to modbus server
[2025-03-01T08:16:02.763Z] ❌ Error reading register 1000 for IP 10.30.4.91: no connection to modbus server
[2025-03-01T08:16:02.764Z] Error reading actual data: no connection to modbus server
[2025-03-01T08:16:02.764Z] Error reading register 3105 for IP 10.30.4.91: no connection to modbus server
[2025-03-01T08:16:02.764Z] ❌ Error reading register 1000 for IP 10.30.4.91: no connection to modbus server
[2025-03-01T08:16:02.765Z] Error writing to Modbus register: no connection to modbus server
[2025-03-01T08:16:03.753Z] Error reading register 3105 for IP 10.30.4.91: no connection to modbus server
[2025-03-01T08:16:03.754Z] ❌ Error reading register 1000 for IP 10.30.4.91: no connection to modbus server
[2025-03-01T08:16:03.754Z] Error reading actual data: no connection to modbus server
[2025-03-01T08:16:03.755Z] Error writing to Modbus register: no connection to modbus server
[2025-03-01T08:16:03.758Z] ❌ Error reading register 1000 for IP 10.30.4.91: no connection to modbus server
[2025-03-01T08:16:03.758Z] Error reading register 3105 for IP 10.30.4.91: no connection to modbus server
[2025-03-01T08:16:03.760Z] Error writing to Modbus register: no connection to modbus server
[2025-03-01T08:16:03.758Z] Error reading actual data: no connection to modbus server
[2025-03-01T08:16:03.761Z] Error reading register 3105 for IP 10.30.4.91: no connection to modbus server
[2025-03-01T08:16:03.761Z] ❌ Error reading register 1000 for IP 10.30.4.91: no connection to modbus server
[2025-03-01T08:16:03.761Z] Error reading actual data: no connection to modbus server
[2025-03-01T08:16:03.762Z] Error writing to Modbus register: no connection to modbus server
[2025-03-01T08:16:03.763Z] Error reading register 3105 for IP 10.30.4.91: no connection to modbus server
[2025-03-01T08:16:03.763Z] ❌ Error reading register 1000 for IP 10.30.4.91: no connection to modbus server
[2025-03-01T08:16:03.763Z] Error reading actual data: no connection to modbus server
[2025-03-01T08:16:03.763Z] Error writing to Modbus register: no connection to modbus server
[2025-03-01T08:16:03.764Z] Error reading register 3105 for IP 10.30.4.91: no connection to modbus server
[2025-03-01T08:16:03.764Z] ❌ Error reading register 1000 for IP 10.30.4.91: no connection to modbus server
[2025-03-01T08:16:03.764Z] Error reading actual data: no connection to modbus server
[2025-03-01T08:16:03.765Z] Error writing to Modbus register: no connection to modbus server
[2025-03-01T08:16:03.765Z] Error reading register 3105 for IP 10.30.4.91: no connection to modbus server
[2025-03-01T08:16:03.765Z] ❌ Error reading register 1000 for IP 10.30.4.91: no connection to modbus server
[2025-03-01T08:16:03.765Z] Error reading actual data: no connection to modbus server
[2025-03-01T08:16:03.766Z] Error writing to Modbus register: no connection to modbus server
[2025-03-01T08:16:04.754Z] Error reading register 3105 for IP 10.30.4.91: no connection to modbus server
[2025-03-01T08:16:04.755Z] ❌ Error reading register 1000 for IP 10.30.4.91: no connection to modbus server
[2025-03-01T08:16:04.755Z] Error reading actual data: no connection to modbus server
[2025-03-01T08:16:04.756Z] Error writing to Modbus register: no connection to modbus server
[2025-03-01T08:16:04.758Z] Error reading register 3105 for IP 10.30.4.91: no connection to modbus server
[2025-03-01T08:16:04.759Z] ❌ Error reading register 1000 for IP 10.30.4.91: no connection to modbus server
[2025-03-01T08:16:04.759Z] Error reading actual data: no connection to modbus server
[2025-03-01T08:16:04.759Z] Error writing to Modbus register: no connection to modbus server
[2025-03-01T08:16:04.771Z] Error reading register 3105 for IP 10.30.4.91: no connection to modbus server
[2025-03-01T08:16:04.771Z] ❌ Error reading register 1000 for IP 10.30.4.91: no connection to modbus server
[2025-03-01T08:16:04.772Z] Error reading actual data: no connection to modbus server
[2025-03-01T08:16:04.772Z] Error writing to Modbus register: no connection to modbus server
[2025-03-01T08:16:04.773Z] ❌ Error reading register 1000 for IP 10.30.4.91: no connection to modbus server
[2025-03-01T08:16:04.773Z] Error reading register 3105 for IP 10.30.4.91: no connection to modbus server
[2025-03-01T08:16:04.773Z] Error reading actual data: no connection to modbus server
[2025-03-01T08:16:04.774Z] Error writing to Modbus register: no connection to modbus server
[2025-03-01T08:16:04.774Z] Error reading register 3105 for IP 10.30.4.91: no connection to modbus server
[2025-03-01T08:16:04.774Z] ❌ Error reading register 1000 for IP 10.30.4.91: no connection to modbus server
[2025-03-01T08:16:04.775Z] Error reading actual data: no connection to modbus server
[2025-03-01T08:16:04.775Z] Error writing to Modbus register: no connection to modbus server
[2025-03-01T08:16:04.775Z] Error reading register 3105 for IP 10.30.4.91: no connection to modbus server
[2025-03-01T08:16:04.775Z] ❌ Error reading register 1000 for IP 10.30.4.91: no connection to modbus server
[2025-03-01T08:16:04.776Z] Error reading actual data: no connection to modbus server
[2025-03-01T08:16:04.776Z] Error writing to Modbus register: no connection to modbus server
[2025-03-01T08:16:05.754Z] Error reading register 3105 for IP 10.30.4.91: no connection to modbus server
[2025-03-01T08:16:05.754Z] ❌ Error reading register 1000 for IP 10.30.4.91: no connection to modbus server
[2025-03-01T08:16:05.755Z] Error reading actual data: no connection to modbus server
[2025-03-01T08:16:05.756Z] Error writing to Modbus register: no connection to modbus server
[2025-03-01T08:16:05.769Z] ❌ Error reading register 1000 for IP 10.30.4.91: no connection to modbus server
[2025-03-01T08:16:05.770Z] Error reading actual data: no connection to modbus server
[2025-03-01T08:16:05.769Z] Error reading register 3105 for IP 10.30.4.91: no connection to modbus server
[2025-03-01T08:16:05.770Z] Error writing to Modbus register: no connection to modbus server
[2025-03-01T08:16:05.772Z] ❌ Error reading register 1000 for IP 10.30.4.91: no connection to modbus server
[2025-03-01T08:16:05.772Z] Error reading register 3105 for IP 10.30.4.91: no connection to modbus server
[2025-03-01T08:16:05.772Z] Error reading actual data: no connection to modbus server
[2025-03-01T08:16:05.773Z] Error writing to Modbus register: no connection to modbus server
[2025-03-01T08:16:05.774Z] ❌ Error reading register 1000 for IP 10.30.4.91: no connection to modbus server
[2025-03-01T08:16:05.773Z] Error reading register 3105 for IP 10.30.4.91: no connection to modbus server
[2025-03-01T08:16:05.774Z] Error reading actual data: no connection to modbus server
[2025-03-01T08:16:05.774Z] Error writing to Modbus register: no connection to modbus server
[2025-03-01T08:16:05.774Z] ❌ Error reading register 1000 for IP 10.30.4.91: no connection to modbus server
[2025-03-01T08:16:05.774Z] Error reading actual data: no connection to modbus server
[2025-03-01T08:16:05.774Z] Error reading register 3105 for IP 10.30.4.91: no connection to modbus server
[2025-03-01T08:16:05.775Z] Error writing to Modbus register: no connection to modbus server
[2025-03-01T08:16:05.776Z] Error reading register 3105 for IP 10.30.4.91: no connection to modbus server
[2025-03-01T08:16:05.777Z] Error writing to Modbus register: no connection to modbus server
[2025-03-01T08:16:05.776Z] ❌ Error reading register 1000 for IP 10.30.4.91: no connection to modbus server
[2025-03-01T08:16:05.776Z] Error reading actual data: no connection to modbus server
[2025-03-01T08:16:06.758Z] Error reading register 3105 for IP 10.30.4.91: no connection to modbus server
[2025-03-01T08:16:06.758Z] ❌ Error reading register 1000 for IP 10.30.4.91: no connection to modbus server
[2025-03-01T08:16:06.759Z] Error reading actual data: no connection to modbus server
[2025-03-01T08:16:06.759Z] Error writing to Modbus register: no connection to modbus server
[2025-03-01T08:16:06.774Z] Error reading register 3105 for IP 10.30.4.91: no connection to modbus server
[2025-03-01T08:16:06.774Z] ❌ Error reading register 1000 for IP 10.30.4.91: no connection to modbus server
[2025-03-01T08:16:06.774Z] Error reading actual data: no connection to modbus server
[2025-03-01T08:16:06.775Z] Error reading register 3105 for IP 10.30.4.91: no connection to modbus server
[2025-03-01T08:16:06.775Z] ❌ Error reading register 1000 for IP 10.30.4.91: no connection to modbus server
[2025-03-01T08:16:06.775Z] Error reading actual data: no connection to modbus server
[2025-03-01T08:16:06.775Z] Error reading register 3105 for IP 10.30.4.91: no connection to modbus server
[2025-03-01T08:16:06.775Z] ❌ Error reading register 1000 for IP 10.30.4.91: no connection to modbus server
[2025-03-01T08:16:06.775Z] Error writing to Modbus register: no connection to modbus server
[2025-03-01T08:16:06.774Z] Error writing to Modbus register: no connection to modbus server
[2025-03-01T08:16:06.776Z] Error reading actual data: no connection to modbus server
[2025-03-01T08:16:06.776Z] Error writing to Modbus register: no connection to modbus server
[2025-03-01T08:16:06.776Z] Error reading register 3105 for IP 10.30.4.91: no connection to modbus server
[2025-03-01T08:16:06.776Z] ❌ Error reading register 1000 for IP 10.30.4.91: no connection to modbus server
[2025-03-01T08:16:06.777Z] Error reading actual data: no connection to modbus server
[2025-03-01T08:16:06.777Z] Error writing to Modbus register: no connection to modbus server
[2025-03-01T08:16:06.777Z] Error reading register 3105 for IP 10.30.4.91: no connection to modbus server
[2025-03-01T08:16:06.777Z] Error reading actual data: no connection to modbus server
[2025-03-01T08:16:06.777Z] ❌ Error reading register 1000 for IP 10.30.4.91: no connection to modbus server
[2025-03-01T08:16:06.777Z] Error writing to Modbus register: no connection to modbus server
[2025-03-01T08:16:07.771Z] Error reading register 3105 for IP 10.30.4.91: no connection to modbus server
[2025-03-01T08:16:07.771Z] ❌ Error reading register 1000 for IP 10.30.4.91: no connection to modbus server
[2025-03-01T08:16:07.772Z] Error reading actual data: no connection to modbus server
[2025-03-01T08:16:07.773Z] Error writing to Modbus register: no connection to modbus server
[2025-03-01T08:16:07.774Z] Error reading register 3105 for IP 10.30.4.91: no connection to modbus server
[2025-03-01T08:16:07.774Z] ❌ Error reading register 1000 for IP 10.30.4.91: no connection to modbus server
[2025-03-01T08:16:07.775Z] Error reading actual data: no connection to modbus server
[2025-03-01T08:16:07.776Z] Error writing to Modbus register: no connection to modbus server
[2025-03-01T08:16:07.777Z] Error reading register 3105 for IP 10.30.4.91: no connection to modbus server
[2025-03-01T08:16:07.777Z] ❌ Error reading register 1000 for IP 10.30.4.91: no connection to modbus server
[2025-03-01T08:16:07.778Z] Error writing to Modbus register: no connection to modbus server
[2025-03-01T08:16:07.778Z] Error reading actual data: no connection to modbus server
[2025-03-01T08:16:07.779Z] Error reading register 3105 for IP 10.30.4.91: no connection to modbus server
[2025-03-01T08:16:07.779Z] ❌ Error reading register 1000 for IP 10.30.4.91: no connection to modbus server
[2025-03-01T08:16:07.779Z] Error reading actual data: no connection to modbus server
[2025-03-01T08:16:07.779Z] Error writing to Modbus register: no connection to modbus server
[2025-03-01T08:16:07.781Z] Error reading register 3105 for IP 10.30.4.91: no connection to modbus server
[2025-03-01T08:16:07.781Z] ❌ Error reading register 1000 for IP 10.30.4.91: no connection to modbus server
[2025-03-01T08:16:07.782Z] Error writing to Modbus register: no connection to modbus server
[2025-03-01T08:16:07.781Z] Error reading actual data: no connection to modbus server
[2025-03-01T08:16:07.782Z] Error reading register 3105 for IP 10.30.4.91: no connection to modbus server
[2025-03-01T08:16:07.782Z] ❌ Error reading register 1000 for IP 10.30.4.91: no connection to modbus server
[2025-03-01T08:16:07.782Z] Error reading actual data: no connection to modbus server
[2025-03-01T08:16:07.783Z] Error writing to Modbus register: no connection to modbus server
[2025-03-01T08:16:08.786Z] Error reading register 3105 for IP 10.30.4.91: no connection to modbus server
[2025-03-01T08:16:08.787Z] ❌ Error reading register 1000 for IP 10.30.4.91: no connection to modbus server
[2025-03-01T08:16:08.787Z] Error reading actual data: no connection to modbus server
[2025-03-01T08:16:08.788Z] Error writing to Modbus register: no connection to modbus server
[2025-03-01T08:16:08.789Z] Error reading register 3105 for IP 10.30.4.91: no connection to modbus server
[2025-03-01T08:16:08.789Z] ❌ Error reading register 1000 for IP 10.30.4.91: no connection to modbus server
[2025-03-01T08:16:08.790Z] Error reading actual data: no connection to modbus server
[2025-03-01T08:16:08.790Z] Error writing to Modbus register: no connection to modbus server
[2025-03-01T08:16:08.791Z] Error reading register 3105 for IP 10.30.4.91: no connection to modbus server
[2025-03-01T08:16:08.791Z] ❌ Error reading register 1000 for IP 10.30.4.91: no connection to modbus server
[2025-03-01T08:16:08.791Z] Error reading actual data: no connection to modbus server
[2025-03-01T08:16:08.792Z] Error writing to Modbus register: no connection to modbus server
[2025-03-01T08:16:08.792Z] Error reading register 3105 for IP 10.30.4.91: no connection to modbus server
[2025-03-01T08:16:08.792Z] ❌ Error reading register 1000 for IP 10.30.4.91: no connection to modbus server
[2025-03-01T08:16:08.792Z] Error reading actual data: no connection to modbus server
[2025-03-01T08:16:08.792Z] Error writing to Modbus register: no connection to modbus server
[2025-03-01T08:16:08.793Z] Error reading register 3105 for IP 10.30.4.91: no connection to modbus server
[2025-03-01T08:16:08.793Z] ❌ Error reading register 1000 for IP 10.30.4.91: no connection to modbus server
[2025-03-01T08:16:08.793Z] Error reading actual data: no connection to modbus server
[2025-03-01T08:16:08.793Z] Error writing to Modbus register: no connection to modbus server
[2025-03-01T08:16:08.793Z] Error reading register 3105 for IP 10.30.4.91: no connection to modbus server
[2025-03-01T08:16:08.794Z] ❌ Error reading register 1000 for IP 10.30.4.91: no connection to modbus server
[2025-03-01T08:16:08.794Z] Error reading actual data: no connection to modbus server
[2025-03-01T08:16:08.794Z] Error writing to Modbus register: no connection to modbus server
[2025-03-01T08:16:09.803Z] Error reading register 3105 for IP 10.30.4.91: no connection to modbus server
[2025-03-01T08:16:09.804Z] ❌ Error reading register 1000 for IP 10.30.4.91: no connection to modbus server
[2025-03-01T08:16:09.805Z] Error writing to Modbus register: no connection to modbus server
[2025-03-01T08:16:09.804Z] Error reading actual data: no connection to modbus server
[2025-03-01T08:16:09.806Z] Error reading register 3105 for IP 10.30.4.91: no connection to modbus server
[2025-03-01T08:16:09.807Z] ❌ Error reading register 1000 for IP 10.30.4.91: no connection to modbus server
[2025-03-01T08:16:09.807Z] Error reading actual data: no connection to modbus server
[2025-03-01T08:16:09.808Z] Error writing to Modbus register: no connection to modbus server
[2025-03-01T08:16:09.808Z] Error reading register 3105 for IP 10.30.4.91: no connection to modbus server
[2025-03-01T08:16:09.809Z] ❌ Error reading register 1000 for IP 10.30.4.91: no connection to modbus server
[2025-03-01T08:16:09.809Z] Error reading actual data: no connection to modbus server
[2025-03-01T08:16:09.810Z] Error writing to Modbus register: no connection to modbus server
[2025-03-01T08:16:09.810Z] Error reading register 3105 for IP 10.30.4.91: no connection to modbus server
[2025-03-01T08:16:09.811Z] ❌ Error reading register 1000 for IP 10.30.4.91: no connection to modbus server
[2025-03-01T08:16:09.811Z] Error writing to Modbus register: no connection to modbus server
[2025-03-01T08:16:09.811Z] Error reading actual data: no connection to modbus server
[2025-03-01T08:16:09.812Z] Error reading register 3105 for IP 10.30.4.91: no connection to modbus server
[2025-03-01T08:16:09.812Z] ❌ Error reading register 1000 for IP 10.30.4.91: no connection to modbus server
[2025-03-01T08:16:09.812Z] Error reading actual data: no connection to modbus server
[2025-03-01T08:16:09.812Z] Error writing to Modbus register: no connection to modbus server
[2025-03-01T08:16:09.813Z] Error reading register 3105 for IP 10.30.4.91: no connection to modbus server
[2025-03-01T08:16:09.813Z] ❌ Error reading register 1000 for IP 10.30.4.91: no connection to modbus server
[2025-03-01T08:16:09.813Z] Error reading actual data: no connection to modbus server
[2025-03-01T08:16:09.813Z] Error writing to Modbus register: no connection to modbus server
[2025-03-01T08:16:10.817Z] Error reading register 3105 for IP 10.30.4.91: no connection to modbus server
[2025-03-01T08:16:10.818Z] ❌ Error reading register 1000 for IP 10.30.4.91: no connection to modbus server
[2025-03-01T08:16:10.818Z] Error reading actual data: no connection to modbus server
[2025-03-01T08:16:10.819Z] Error writing to Modbus register: no connection to modbus server
[2025-03-01T08:16:10.820Z] Error reading register 3105 for IP 10.30.4.91: no connection to modbus server
[2025-03-01T08:16:10.821Z] ❌ Error reading register 1000 for IP 10.30.4.91: no connection to modbus server
[2025-03-01T08:16:10.821Z] Error reading actual data: no connection to modbus server
[2025-03-01T08:16:10.822Z] Error writing to Modbus register: no connection to modbus server
[2025-03-01T08:16:10.823Z] Error reading register 3105 for IP 10.30.4.91: no connection to modbus server
[2025-03-01T08:16:10.824Z] Error reading actual data: no connection to modbus server
[2025-03-01T08:16:10.823Z] ❌ Error reading register 1000 for IP 10.30.4.91: no connection to modbus server
[2025-03-01T08:16:10.824Z] Error writing to Modbus register: no connection to modbus server
[2025-03-01T08:16:10.825Z] Error reading register 3105 for IP 10.30.4.91: no connection to modbus server
[2025-03-01T08:16:10.825Z] ❌ Error reading register 1000 for IP 10.30.4.91: no connection to modbus server
[2025-03-01T08:16:10.826Z] Error writing to Modbus register: no connection to modbus server
[2025-03-01T08:16:10.827Z] Error reading register 3105 for IP 10.30.4.91: no connection to modbus server
[2025-03-01T08:16:10.826Z] Error reading actual data: no connection to modbus server
[2025-03-01T08:16:10.827Z] ❌ Error reading register 1000 for IP 10.30.4.91: no connection to modbus server
[2025-03-01T08:16:10.827Z] Error reading actual data: no connection to modbus server
[2025-03-01T08:16:10.827Z] Error writing to Modbus register: no connection to modbus server
[2025-03-01T08:16:10.828Z] Error reading register 3105 for IP 10.30.4.91: no connection to modbus server
[2025-03-01T08:16:10.828Z] ❌ Error reading register 1000 for IP 10.30.4.91: no connection to modbus server
[2025-03-01T08:16:10.828Z] Error reading actual data: no connection to modbus server
[2025-03-01T08:16:10.828Z] Error writing to Modbus register: no connection to modbus server
[2025-03-01T08:16:11.819Z] ❌ Error reading register 1000 for IP 10.30.4.91: no connection to modbus server
[2025-03-01T08:16:11.819Z] Error reading register 3105 for IP 10.30.4.91: no connection to modbus server
[2025-03-01T08:16:11.819Z] Error reading actual data: no connection to modbus server
[2025-03-01T08:16:11.820Z] Error writing to Modbus register: no connection to modbus server
[2025-03-01T08:16:11.820Z] ❌ Error reading register 1000 for IP 10.30.4.91: no connection to modbus server
[2025-03-01T08:16:11.820Z] Error reading register 3105 for IP 10.30.4.91: no connection to modbus server
[2025-03-01T08:16:11.820Z] Error reading actual data: no connection to modbus server
[2025-03-01T08:16:11.827Z] Error writing to Modbus register: no connection to modbus server
[2025-03-01T08:16:11.828Z] Error reading register 3105 for IP 10.30.4.91: no connection to modbus server
[2025-03-01T08:16:11.828Z] ❌ Error reading register 1000 for IP 10.30.4.91: no connection to modbus server
[2025-03-01T08:16:11.828Z] Error reading actual data: no connection to modbus server
[2025-03-01T08:16:11.828Z] Error writing to Modbus register: no connection to modbus server
[2025-03-01T08:16:11.829Z] Error reading register 3105 for IP 10.30.4.91: no connection to modbus server
[2025-03-01T08:16:11.829Z] ❌ Error reading register 1000 for IP 10.30.4.91: no connection to modbus server
[2025-03-01T08:16:11.829Z] Error reading actual data: no connection to modbus server
[2025-03-01T08:16:11.829Z] Error writing to Modbus register: no connection to modbus server
[2025-03-01T08:16:11.829Z] Error reading register 3105 for IP 10.30.4.91: no connection to modbus server
[2025-03-01T08:16:11.829Z] ❌ Error reading register 1000 for IP 10.30.4.91: no connection to modbus server
[2025-03-01T08:16:11.830Z] Error reading actual data: no connection to modbus server
[2025-03-01T08:16:11.830Z] Error writing to Modbus register: no connection to modbus server
[2025-03-01T08:16:11.831Z] Error reading register 3105 for IP 10.30.4.91: no connection to modbus server
[2025-03-01T08:16:11.831Z] ❌ Error reading register 1000 for IP 10.30.4.91: no connection to modbus server
[2025-03-01T08:16:11.831Z] Error reading actual data: no connection to modbus server
[2025-03-01T08:16:11.831Z] Error writing to Modbus register: no connection to modbus server
[2025-03-01T08:16:12.819Z] Error reading register 3105 for IP 10.30.4.91: no connection to modbus server
[2025-03-01T08:16:12.819Z] ❌ Error reading register 1000 for IP 10.30.4.91: no connection to modbus server
[2025-03-01T08:16:12.819Z] Error reading actual data: no connection to modbus server
[2025-03-01T08:16:12.820Z] Error writing to Modbus register: no connection to modbus server
[2025-03-01T08:16:12.820Z] Error reading register 3105 for IP 10.30.4.91: no connection to modbus server
[2025-03-01T08:16:12.820Z] ❌ Error reading register 1000 for IP 10.30.4.91: no connection to modbus server
[2025-03-01T08:16:12.821Z] Error reading actual data: no connection to modbus server
[2025-03-01T08:16:12.834Z] Error writing to Modbus register: no connection to modbus server
[2025-03-01T08:16:12.835Z] Error reading register 3105 for IP 10.30.4.91: no connection to modbus server
[2025-03-01T08:16:12.835Z] ❌ Error reading register 1000 for IP 10.30.4.91: no connection to modbus server
[2025-03-01T08:16:12.836Z] Error reading register 3105 for IP 10.30.4.91: no connection to modbus server
[2025-03-01T08:16:12.836Z] ❌ Error reading register 1000 for IP 10.30.4.91: no connection to modbus server
[2025-03-01T08:16:12.836Z] Error reading actual data: no connection to modbus server
[2025-03-01T08:16:12.835Z] Error writing to Modbus register: no connection to modbus server
[2025-03-01T08:16:12.836Z] Error reading register 3105 for IP 10.30.4.91: no connection to modbus server
[2025-03-01T08:16:12.837Z] Error reading actual data: no connection to modbus server
[2025-03-01T08:16:12.837Z] ❌ Error reading register 1000 for IP 10.30.4.91: no connection to modbus server
[2025-03-01T08:16:12.837Z] Error writing to Modbus register: no connection to modbus server
[2025-03-01T08:16:12.836Z] Error writing to Modbus register: no connection to modbus server
[2025-03-01T08:16:12.837Z] Error reading register 3105 for IP 10.30.4.91: no connection to modbus server
[2025-03-01T08:16:12.837Z] ❌ Error reading register 1000 for IP 10.30.4.91: no connection to modbus server
[2025-03-01T08:16:12.835Z] Error reading actual data: no connection to modbus server
[2025-03-01T08:16:12.837Z] Error reading actual data: no connection to modbus server
[2025-03-01T08:16:12.838Z] Error writing to Modbus register: no connection to modbus server
[2025-03-01T08:16:13.821Z] Error reading register 3105 for IP 10.30.4.91: no connection to modbus server
[2025-03-01T08:16:13.821Z] ❌ Error reading register 1000 for IP 10.30.4.91: no connection to modbus server
[2025-03-01T08:16:13.822Z] Error reading actual data: no connection to modbus server
[2025-03-01T08:16:13.824Z] Error reading register 3105 for IP 10.30.4.91: no connection to modbus server
[2025-03-01T08:16:13.823Z] Error writing to Modbus register: no connection to modbus server
[2025-03-01T08:16:13.824Z] ❌ Error reading register 1000 for IP 10.30.4.91: no connection to modbus server
[2025-03-01T08:16:13.825Z] Error reading actual data: no connection to modbus server
[2025-03-01T08:16:13.836Z] Error writing to Modbus register: no connection to modbus server
[2025-03-01T08:16:13.837Z] Error reading register 3105 for IP 10.30.4.91: no connection to modbus server
[2025-03-01T08:16:13.837Z] ❌ Error reading register 1000 for IP 10.30.4.91: no connection to modbus server
[2025-03-01T08:16:13.837Z] Error reading actual data: no connection to modbus server
[2025-03-01T08:16:13.838Z] Error writing to Modbus register: no connection to modbus server
[2025-03-01T08:16:13.839Z] Error reading register 3105 for IP 10.30.4.91: no connection to modbus server
[2025-03-01T08:16:13.839Z] ❌ Error reading register 1000 for IP 10.30.4.91: no connection to modbus server
[2025-03-01T08:16:13.840Z] Error writing to Modbus register: no connection to modbus server
[2025-03-01T08:16:13.840Z] Error reading actual data: no connection to modbus server
[2025-03-01T08:16:13.841Z] Error reading register 3105 for IP 10.30.4.91: no connection to modbus server
[2025-03-01T08:16:13.841Z] ❌ Error reading register 1000 for IP 10.30.4.91: no connection to modbus server
[2025-03-01T08:16:13.841Z] Error reading actual data: no connection to modbus server
[2025-03-01T08:16:13.841Z] Error writing to Modbus register: no connection to modbus server
[2025-03-01T08:16:13.841Z] Error reading register 3105 for IP 10.30.4.91: no connection to modbus server
[2025-03-01T08:16:13.841Z] ❌ Error reading register 1000 for IP 10.30.4.91: no connection to modbus server
[2025-03-01T08:16:13.842Z] Error reading actual data: no connection to modbus server
[2025-03-01T08:16:13.842Z] Error writing to Modbus register: no connection to modbus server
[2025-03-01T08:16:14.837Z] ❌ Error reading register 1000 for IP 10.30.4.91: no connection to modbus server
[2025-03-01T08:16:14.836Z] Error reading register 3105 for IP 10.30.4.91: no connection to modbus server
[2025-03-01T08:16:14.840Z] Error reading register 3105 for IP 10.30.4.91: no connection to modbus server
[2025-03-01T08:16:14.837Z] Error reading actual data: no connection to modbus server
[2025-03-01T08:16:14.840Z] ❌ Error reading register 1000 for IP 10.30.4.91: no connection to modbus server
[2025-03-01T08:16:14.840Z] Error reading actual data: no connection to modbus server
[2025-03-01T08:16:14.838Z] Error writing to Modbus register: no connection to modbus server
[2025-03-01T08:16:14.841Z] Error writing to Modbus register: no connection to modbus server
[2025-03-01T08:16:14.841Z] Error reading register 3105 for IP 10.30.4.91: no connection to modbus server
[2025-03-01T08:16:14.842Z] Error reading actual data: no connection to modbus server
[2025-03-01T08:16:14.842Z] ❌ Error reading register 1000 for IP 10.30.4.91: no connection to modbus server
[2025-03-01T08:16:14.842Z] Error writing to Modbus register: no connection to modbus server
[2025-03-01T08:16:14.843Z] ❌ Error reading register 1000 for IP 10.30.4.91: no connection to modbus server
[2025-03-01T08:16:14.842Z] Error reading register 3105 for IP 10.30.4.91: no connection to modbus server
[2025-03-01T08:16:14.843Z] Error reading actual data: no connection to modbus server
[2025-03-01T08:16:14.843Z] Error writing to Modbus register: no connection to modbus server
[2025-03-01T08:16:14.843Z] Error reading register 3105 for IP 10.30.4.91: no connection to modbus server
[2025-03-01T08:16:14.843Z] ❌ Error reading register 1000 for IP 10.30.4.91: no connection to modbus server
[2025-03-01T08:16:14.843Z] Error reading actual data: no connection to modbus server
[2025-03-01T08:16:14.844Z] Error writing to Modbus register: no connection to modbus server
[2025-03-01T08:16:14.844Z] Error reading register 3105 for IP 10.30.4.91: no connection to modbus server
[2025-03-01T08:16:14.844Z] ❌ Error reading register 1000 for IP 10.30.4.91: no connection to modbus server
[2025-03-01T08:16:14.844Z] Error reading actual data: no connection to modbus server
[2025-03-01T08:16:14.844Z] Error writing to Modbus register: no connection to modbus server
[2025-03-01T08:16:15.835Z] ❌ Error reading register 1000 for IP 10.30.4.91: no connection to modbus server
[2025-03-01T08:16:15.835Z] Error reading register 3105 for IP 10.30.4.91: no connection to modbus server
[2025-03-01T08:16:15.835Z] Error reading actual data: no connection to modbus server
[2025-03-01T08:16:15.842Z] Error writing to Modbus register: no connection to modbus server
[2025-03-01T08:16:15.843Z] Error reading register 3105 for IP 10.30.4.91: no connection to modbus server
[2025-03-01T08:16:15.843Z] Error reading actual data: no connection to modbus server
[2025-03-01T08:16:15.843Z] ❌ Error reading register 1000 for IP 10.30.4.91: no connection to modbus server
[2025-03-01T08:16:15.844Z] Error writing to Modbus register: no connection to modbus server
[2025-03-01T08:16:15.844Z] Error reading register 3105 for IP 10.30.4.91: no connection to modbus server
[2025-03-01T08:16:15.844Z] ❌ Error reading register 1000 for IP 10.30.4.91: no connection to modbus server
[2025-03-01T08:16:15.845Z] Error reading actual data: no connection to modbus server
[2025-03-01T08:16:15.845Z] Error writing to Modbus register: no connection to modbus server
[2025-03-01T08:16:15.855Z] Error reading register 3105 for IP 10.30.4.91: no connection to modbus server
[2025-03-01T08:16:15.855Z] ❌ Error reading register 1000 for IP 10.30.4.91: no connection to modbus server
[2025-03-01T08:16:15.855Z] Error reading actual data: no connection to modbus server
[2025-03-01T08:16:15.856Z] Error reading register 3105 for IP 10.30.4.91: no connection to modbus server
[2025-03-01T08:16:15.856Z] ❌ Error reading register 1000 for IP 10.30.4.91: no connection to modbus server
[2025-03-01T08:16:15.856Z] Error reading actual data: no connection to modbus server
[2025-03-01T08:16:15.855Z] Error writing to Modbus register: no connection to modbus server
[2025-03-01T08:16:15.856Z] Error reading register 3105 for IP 10.30.4.91: no connection to modbus server
[2025-03-01T08:16:15.857Z] ❌ Error reading register 1000 for IP 10.30.4.91: no connection to modbus server
[2025-03-01T08:16:15.857Z] Error reading actual data: no connection to modbus server
[2025-03-01T08:16:15.856Z] Error writing to Modbus register: no connection to modbus server
[2025-03-01T08:16:15.857Z] Error writing to Modbus register: no connection to modbus server
[2025-03-01T08:16:16.839Z] Error reading register 3105 for IP 10.30.4.91: no connection to modbus server
[2025-03-01T08:16:16.839Z] ❌ Error reading register 1000 for IP 10.30.4.91: no connection to modbus server
[2025-03-01T08:16:16.839Z] Error reading actual data: no connection to modbus server
[2025-03-01T08:16:16.854Z] Error writing to Modbus register: no connection to modbus server
[2025-03-01T08:16:16.856Z] ❌ Error reading register 1000 for IP 10.30.4.91: no connection to modbus server
[2025-03-01T08:16:16.856Z] Error reading register 3105 for IP 10.30.4.91: no connection to modbus server
[2025-03-01T08:16:16.856Z] Error reading actual data: no connection to modbus server
[2025-03-01T08:16:16.857Z] Error writing to Modbus register: no connection to modbus server
[2025-03-01T08:16:16.857Z] Error reading register 3105 for IP 10.30.4.91: no connection to modbus server
[2025-03-01T08:16:16.858Z] ❌ Error reading register 1000 for IP 10.30.4.91: no connection to modbus server
[2025-03-01T08:16:16.858Z] Error reading actual data: no connection to modbus server
[2025-03-01T08:16:16.858Z] Error writing to Modbus register: no connection to modbus server
[2025-03-01T08:16:16.858Z] Error reading register 3105 for IP 10.30.4.91: no connection to modbus server
[2025-03-01T08:16:16.858Z] ❌ Error reading register 1000 for IP 10.30.4.91: no connection to modbus server
[2025-03-01T08:16:16.858Z] Error reading actual data: no connection to modbus server
[2025-03-01T08:16:16.859Z] Error writing to Modbus register: no connection to modbus server
[2025-03-01T08:16:16.860Z] Error reading register 3105 for IP 10.30.4.91: no connection to modbus server
[2025-03-01T08:16:16.860Z] ❌ Error reading register 1000 for IP 10.30.4.91: no connection to modbus server
[2025-03-01T08:16:16.860Z] Error reading actual data: no connection to modbus server
[2025-03-01T08:16:16.860Z] Error writing to Modbus register: no connection to modbus server
[2025-03-01T08:16:16.861Z] Error reading register 3105 for IP 10.30.4.91: no connection to modbus server
[2025-03-01T08:16:16.861Z] ❌ Error reading register 1000 for IP 10.30.4.91: no connection to modbus server
[2025-03-01T08:16:16.861Z] Error reading actual data: no connection to modbus server
[2025-03-01T08:16:16.861Z] Error writing to Modbus register: no connection to modbus server
[2025-03-01T08:16:17.851Z] Error reading register 3105 for IP 10.30.4.91: no connection to modbus server
[2025-03-01T08:16:17.852Z] ❌ Error reading register 1000 for IP 10.30.4.91: no connection to modbus server
[2025-03-01T08:16:17.852Z] Error reading actual data: no connection to modbus server
[2025-03-01T08:16:17.868Z] Error writing to Modbus register: no connection to modbus server
[2025-03-01T08:16:17.870Z] Error reading register 3105 for IP 10.30.4.91: no connection to modbus server
[2025-03-01T08:16:17.871Z] ❌ Error reading register 1000 for IP 10.30.4.91: no connection to modbus server
[2025-03-01T08:16:17.872Z] Error writing to Modbus register: no connection to modbus server
[2025-03-01T08:16:17.872Z] Error reading register 3105 for IP 10.30.4.91: no connection to modbus server
[2025-03-01T08:16:17.873Z] ❌ Error reading register 1000 for IP 10.30.4.91: no connection to modbus server
[2025-03-01T08:16:17.873Z] Error writing to Modbus register: no connection to modbus server
[2025-03-01T08:16:17.873Z] Error reading actual data: no connection to modbus server
[2025-03-01T08:16:17.874Z] Error reading register 3105 for IP 10.30.4.91: no connection to modbus server
[2025-03-01T08:16:17.874Z] ❌ Error reading register 1000 for IP 10.30.4.91: no connection to modbus server
[2025-03-01T08:16:17.875Z] Error reading register 3105 for IP 10.30.4.91: no connection to modbus server
[2025-03-01T08:16:17.875Z] ❌ Error reading register 1000 for IP 10.30.4.91: no connection to modbus server
[2025-03-01T08:16:17.875Z] Error reading actual data: no connection to modbus server
[2025-03-01T08:16:17.875Z] Error writing to Modbus register: no connection to modbus server
[2025-03-01T08:16:17.875Z] Error reading register 3105 for IP 10.30.4.91: no connection to modbus server
[2025-03-01T08:16:17.875Z] ❌ Error reading register 1000 for IP 10.30.4.91: no connection to modbus server
[2025-03-01T08:16:17.875Z] Error reading actual data: no connection to modbus server
[2025-03-01T08:16:17.871Z] Error reading actual data: no connection to modbus server
[2025-03-01T08:16:17.874Z] Error writing to Modbus register: no connection to modbus server
[2025-03-01T08:16:17.874Z] Error reading actual data: no connection to modbus server
[2025-03-01T08:16:17.876Z] Error writing to Modbus register: no connection to modbus server
[2025-03-01T08:16:18.865Z] Error reading register 3105 for IP 10.30.4.91: no connection to modbus server
[2025-03-01T08:16:18.865Z] ❌ Error reading register 1000 for IP 10.30.4.91: no connection to modbus server
[2025-03-01T08:16:18.865Z] Error reading actual data: no connection to modbus server
[2025-03-01T08:16:18.880Z] Error writing to Modbus register: no connection to modbus server
[2025-03-01T08:16:18.880Z] Error reading register 3105 for IP 10.30.4.91: no connection to modbus server
[2025-03-01T08:16:18.881Z] ❌ Error reading register 1000 for IP 10.30.4.91: no connection to modbus server
[2025-03-01T08:16:18.881Z] Error reading actual data: no connection to modbus server
[2025-03-01T08:16:18.881Z] Error writing to Modbus register: no connection to modbus server
[2025-03-01T08:16:18.881Z] Error reading register 3105 for IP 10.30.4.91: no connection to modbus server
[2025-03-01T08:16:18.881Z] Error reading actual data: no connection to modbus server
[2025-03-01T08:16:18.881Z] ❌ Error reading register 1000 for IP 10.30.4.91: no connection to modbus server
[2025-03-01T08:16:18.882Z] Error writing to Modbus register: no connection to modbus server
[2025-03-01T08:16:18.882Z] Error reading register 3105 for IP 10.30.4.91: no connection to modbus server
[2025-03-01T08:16:18.882Z] ❌ Error reading register 1000 for IP 10.30.4.91: no connection to modbus server
[2025-03-01T08:16:18.882Z] Error reading actual data: no connection to modbus server
[2025-03-01T08:16:18.883Z] Error writing to Modbus register: no connection to modbus server
[2025-03-01T08:16:18.883Z] Error reading register 3105 for IP 10.30.4.91: no connection to modbus server
[2025-03-01T08:16:18.883Z] ❌ Error reading register 1000 for IP 10.30.4.91: no connection to modbus server
[2025-03-01T08:16:18.883Z] Error reading actual data: no connection to modbus server
[2025-03-01T08:16:18.883Z] Error writing to Modbus register: no connection to modbus server
[2025-03-01T08:16:18.883Z] Error reading register 3105 for IP 10.30.4.91: no connection to modbus server
[2025-03-01T08:16:18.883Z] ❌ Error reading register 1000 for IP 10.30.4.91: no connection to modbus server
[2025-03-01T08:16:18.884Z] Error reading actual data: no connection to modbus server
[2025-03-01T08:16:18.884Z] Error writing to Modbus register: no connection to modbus server
[2025-03-01T08:16:19.870Z] Error reading register 3105 for IP 10.30.4.91: no connection to modbus server
[2025-03-01T08:16:19.870Z] ❌ Error reading register 1000 for IP 10.30.4.91: no connection to modbus server
[2025-03-01T08:16:19.871Z] Error reading actual data: no connection to modbus server
[2025-03-01T08:16:19.885Z] Error writing to Modbus register: no connection to modbus server
[2025-03-01T08:16:19.885Z] Error reading register 3105 for IP 10.30.4.91: no connection to modbus server
[2025-03-01T08:16:19.886Z] ❌ Error reading register 1000 for IP 10.30.4.91: no connection to modbus server
[2025-03-01T08:16:19.886Z] Error reading actual data: no connection to modbus server
[2025-03-01T08:16:19.886Z] Error writing to Modbus register: no connection to modbus server
[2025-03-01T08:16:19.886Z] Error reading register 3105 for IP 10.30.4.91: no connection to modbus server
[2025-03-01T08:16:19.886Z] ❌ Error reading register 1000 for IP 10.30.4.91: no connection to modbus server
[2025-03-01T08:16:19.887Z] Error reading actual data: no connection to modbus server
[2025-03-01T08:16:19.887Z] Error writing to Modbus register: no connection to modbus server
[2025-03-01T08:16:19.887Z] Error reading register 3105 for IP 10.30.4.91: no connection to modbus server
[2025-03-01T08:16:19.887Z] ❌ Error reading register 1000 for IP 10.30.4.91: no connection to modbus server
[2025-03-01T08:16:19.887Z] Error reading actual data: no connection to modbus server
[2025-03-01T08:16:19.888Z] Error writing to Modbus register: no connection to modbus server
[2025-03-01T08:16:19.888Z] Error reading register 3105 for IP 10.30.4.91: no connection to modbus server
[2025-03-01T08:16:19.888Z] ❌ Error reading register 1000 for IP 10.30.4.91: no connection to modbus server
[2025-03-01T08:16:19.888Z] Error reading actual data: no connection to modbus server
[2025-03-01T08:16:19.888Z] Error writing to Modbus register: no connection to modbus server
[2025-03-01T08:16:19.889Z] Error reading register 3105 for IP 10.30.4.91: no connection to modbus server
[2025-03-01T08:16:19.889Z] ❌ Error reading register 1000 for IP 10.30.4.91: no connection to modbus server
[2025-03-01T08:16:19.889Z] Error reading actual data: no connection to modbus server
[2025-03-01T08:16:19.889Z] Error writing to Modbus register: no connection to modbus server
[2025-03-01T08:16:20.885Z] Error reading register 3105 for IP 10.30.4.91: no connection to modbus server
[2025-03-01T08:16:20.885Z] ❌ Error reading register 1000 for IP 10.30.4.91: no connection to modbus server
[2025-03-01T08:16:20.885Z] Error reading actual data: no connection to modbus server
[2025-03-01T08:16:20.886Z] Error writing to Modbus register: no connection to modbus server
[2025-03-01T08:16:20.886Z] Error reading register 3105 for IP 10.30.4.91: no connection to modbus server
[2025-03-01T08:16:20.886Z] ❌ Error reading register 1000 for IP 10.30.4.91: no connection to modbus server
[2025-03-01T08:16:20.886Z] Error reading actual data: no connection to modbus server
[2025-03-01T08:16:20.887Z] Error writing to Modbus register: no connection to modbus server
[2025-03-01T08:16:20.887Z] Error reading register 3105 for IP 10.30.4.91: no connection to modbus server
[2025-03-01T08:16:20.887Z] ❌ Error reading register 1000 for IP 10.30.4.91: no connection to modbus server
[2025-03-01T08:16:20.888Z] Error writing to Modbus register: no connection to modbus server
[2025-03-01T08:16:20.888Z] Error reading actual data: no connection to modbus server
[2025-03-01T08:16:20.888Z] Error reading register 3105 for IP 10.30.4.91: no connection to modbus server
[2025-03-01T08:16:20.888Z] ❌ Error reading register 1000 for IP 10.30.4.91: no connection to modbus server
[2025-03-01T08:16:20.888Z] Error reading actual data: no connection to modbus server
[2025-03-01T08:16:20.889Z] Error writing to Modbus register: no connection to modbus server
[2025-03-01T08:16:20.889Z] Error reading register 3105 for IP 10.30.4.91: no connection to modbus server
[2025-03-01T08:16:20.889Z] ❌ Error reading register 1000 for IP 10.30.4.91: no connection to modbus server
[2025-03-01T08:16:20.889Z] Error reading actual data: no connection to modbus server
[2025-03-01T08:16:20.890Z] Error writing to Modbus register: no connection to modbus server
[2025-03-01T08:16:20.891Z] ❌ Error reading register 1000 for IP 10.30.4.91: no connection to modbus server
[2025-03-01T08:16:20.891Z] Error reading register 3105 for IP 10.30.4.91: no connection to modbus server
[2025-03-01T08:16:20.891Z] Error writing to Modbus register: no connection to modbus server
[2025-03-01T08:16:20.891Z] Error reading actual data: no connection to modbus server
[2025-03-01T08:16:21.886Z] Error reading register 3105 for IP 10.30.4.91: no connection to modbus server
[2025-03-01T08:16:21.886Z] ❌ Error reading register 1000 for IP 10.30.4.91: no connection to modbus server
[2025-03-01T08:16:21.886Z] Error reading actual data: no connection to modbus server
[2025-03-01T08:16:21.887Z] Error writing to Modbus register: no connection to modbus server
[2025-03-01T08:16:21.887Z] Error reading register 3105 for IP 10.30.4.91: no connection to modbus server
[2025-03-01T08:16:21.887Z] ❌ Error reading register 1000 for IP 10.30.4.91: no connection to modbus server
[2025-03-01T08:16:21.887Z] Error reading actual data: no connection to modbus server
[2025-03-01T08:16:21.889Z] Error writing to Modbus register: no connection to modbus server
[2025-03-01T08:16:21.889Z] Error reading register 3105 for IP 10.30.4.91: no connection to modbus server
[2025-03-01T08:16:21.890Z] ❌ Error reading register 1000 for IP 10.30.4.91: no connection to modbus server
[2025-03-01T08:16:21.890Z] Error reading actual data: no connection to modbus server
[2025-03-01T08:16:21.890Z] Error writing to Modbus register: no connection to modbus server
[2025-03-01T08:16:21.891Z] Error reading register 3105 for IP 10.30.4.91: no connection to modbus server
[2025-03-01T08:16:21.891Z] ❌ Error reading register 1000 for IP 10.30.4.91: no connection to modbus server
[2025-03-01T08:16:21.891Z] Error reading actual data: no connection to modbus server
[2025-03-01T08:16:21.892Z] Error writing to Modbus register: no connection to modbus server
[2025-03-01T08:16:21.892Z] Error reading register 3105 for IP 10.30.4.91: no connection to modbus server
[2025-03-01T08:16:21.892Z] ❌ Error reading register 1000 for IP 10.30.4.91: no connection to modbus server
[2025-03-01T08:16:21.892Z] Error reading actual data: no connection to modbus server
[2025-03-01T08:16:21.893Z] Error writing to Modbus register: no connection to modbus server
[2025-03-01T08:16:21.894Z] Error reading register 3105 for IP 10.30.4.91: no connection to modbus server
[2025-03-01T08:16:21.894Z] Error reading actual data: no connection to modbus server
[2025-03-01T08:16:21.894Z] ❌ Error reading register 1000 for IP 10.30.4.91: no connection to modbus server
[2025-03-01T08:16:21.894Z] Error writing to Modbus register: no connection to modbus server
[2025-03-01T08:16:22.888Z] Error reading register 3105 for IP 10.30.4.91: no connection to modbus server
[2025-03-01T08:16:22.889Z] ❌ Error reading register 1000 for IP 10.30.4.91: no connection to modbus server
[2025-03-01T08:16:22.890Z] Error reading actual data: no connection to modbus server
[2025-03-01T08:16:22.890Z] Error writing to Modbus register: no connection to modbus server
[2025-03-01T08:16:22.891Z] Error reading register 3105 for IP 10.30.4.91: no connection to modbus server
[2025-03-01T08:16:22.891Z] ❌ Error reading register 1000 for IP 10.30.4.91: no connection to modbus server
[2025-03-01T08:16:22.892Z] Error reading actual data: no connection to modbus server
[2025-03-01T08:16:22.893Z] Error writing to Modbus register: no connection to modbus server
[2025-03-01T08:16:22.893Z] Error reading register 3105 for IP 10.30.4.91: no connection to modbus server
[2025-03-01T08:16:22.893Z] ❌ Error reading register 1000 for IP 10.30.4.91: no connection to modbus server
[2025-03-01T08:16:22.894Z] Error reading register 3105 for IP 10.30.4.91: no connection to modbus server
[2025-03-01T08:16:22.893Z] Error reading actual data: no connection to modbus server
[2025-03-01T08:16:22.894Z] Error writing to Modbus register: no connection to modbus server
[2025-03-01T08:16:22.894Z] ❌ Error reading register 1000 for IP 10.30.4.91: no connection to modbus server
[2025-03-01T08:16:22.894Z] Error reading actual data: no connection to modbus server
[2025-03-01T08:16:22.894Z] Error writing to Modbus register: no connection to modbus server
[2025-03-01T08:16:22.895Z] ❌ Error reading register 1000 for IP 10.30.4.91: no connection to modbus server
[2025-03-01T08:16:22.895Z] Error reading register 3105 for IP 10.30.4.91: no connection to modbus server
[2025-03-01T08:16:22.895Z] Error reading actual data: no connection to modbus server
[2025-03-01T08:16:22.896Z] Error writing to Modbus register: no connection to modbus server
[2025-03-01T08:16:22.896Z] Error reading register 3105 for IP 10.30.4.91: no connection to modbus server
[2025-03-01T08:16:22.896Z] ❌ Error reading register 1000 for IP 10.30.4.91: no connection to modbus server
[2025-03-01T08:16:22.897Z] Error reading actual data: no connection to modbus server
[2025-03-01T08:16:22.897Z] Error writing to Modbus register: no connection to modbus server
[2025-03-01T08:16:23.902Z] Error reading register 3105 for IP 10.30.4.91: no connection to modbus server
[2025-03-01T08:16:23.902Z] ❌ Error reading register 1000 for IP 10.30.4.91: no connection to modbus server
[2025-03-01T08:16:23.903Z] Error reading actual data: no connection to modbus server
[2025-03-01T08:16:23.903Z] Error writing to Modbus register: no connection to modbus server
[2025-03-01T08:16:23.903Z] Error reading register 3105 for IP 10.30.4.91: no connection to modbus server
[2025-03-01T08:16:23.904Z] ❌ Error reading register 1000 for IP 10.30.4.91: no connection to modbus server
[2025-03-01T08:16:23.904Z] Error reading actual data: no connection to modbus server
[2025-03-01T08:16:23.904Z] Error writing to Modbus register: no connection to modbus server
[2025-03-01T08:16:23.904Z] Error reading register 3105 for IP 10.30.4.91: no connection to modbus server
[2025-03-01T08:16:23.905Z] ❌ Error reading register 1000 for IP 10.30.4.91: no connection to modbus server
[2025-03-01T08:16:23.905Z] Error reading actual data: no connection to modbus server
[2025-03-01T08:16:23.905Z] Error writing to Modbus register: no connection to modbus server
[2025-03-01T08:16:23.905Z] Error reading register 3105 for IP 10.30.4.91: no connection to modbus server
[2025-03-01T08:16:23.905Z] ❌ Error reading register 1000 for IP 10.30.4.91: no connection to modbus server
[2025-03-01T08:16:23.906Z] Error reading actual data: no connection to modbus server
[2025-03-01T08:16:23.906Z] Error writing to Modbus register: no connection to modbus server
[2025-03-01T08:16:23.906Z] Error reading register 3105 for IP 10.30.4.91: no connection to modbus server
[2025-03-01T08:16:23.906Z] ❌ Error reading register 1000 for IP 10.30.4.91: no connection to modbus server
[2025-03-01T08:16:23.906Z] Error reading actual data: no connection to modbus server
[2025-03-01T08:16:23.907Z] Error writing to Modbus register: no connection to modbus server
[2025-03-01T08:16:23.907Z] Error reading register 3105 for IP 10.30.4.91: no connection to modbus server
[2025-03-01T08:16:23.907Z] ❌ Error reading register 1000 for IP 10.30.4.91: no connection to modbus server
[2025-03-01T08:16:23.907Z] Error reading actual data: no connection to modbus server
[2025-03-01T08:16:23.907Z] Error writing to Modbus register: no connection to modbus server
[2025-03-01T08:16:24.914Z] Error reading register 3105 for IP 10.30.4.91: no connection to modbus server
[2025-03-01T08:16:24.914Z] ❌ Error reading register 1000 for IP 10.30.4.91: no connection to modbus server
[2025-03-01T08:16:24.915Z] Error reading actual data: no connection to modbus server
[2025-03-01T08:16:24.917Z] ❌ Error reading register 1000 for IP 10.30.4.91: no connection to modbus server
[2025-03-01T08:16:24.917Z] Error reading actual data: no connection to modbus server
[2025-03-01T08:16:24.917Z] Error writing to Modbus register: no connection to modbus server
[2025-03-01T08:16:24.918Z] Error reading register 3105 for IP 10.30.4.91: no connection to modbus server
[2025-03-01T08:16:24.916Z] Error reading register 3105 for IP 10.30.4.91: no connection to modbus server
[2025-03-01T08:16:24.915Z] Error writing to Modbus register: no connection to modbus server
[2025-03-01T08:16:24.919Z] ❌ Error reading register 1000 for IP 10.30.4.91: no connection to modbus server
[2025-03-01T08:16:24.919Z] Error reading actual data: no connection to modbus server
[2025-03-01T08:16:24.920Z] Error writing to Modbus register: no connection to modbus server
[2025-03-01T08:16:24.920Z] Error reading register 3105 for IP 10.30.4.91: no connection to modbus server
[2025-03-01T08:16:24.921Z] ❌ Error reading register 1000 for IP 10.30.4.91: no connection to modbus server
[2025-03-01T08:16:24.921Z] Error reading actual data: no connection to modbus server
[2025-03-01T08:16:24.921Z] Error writing to Modbus register: no connection to modbus server
[2025-03-01T08:16:24.922Z] Error reading register 3105 for IP 10.30.4.91: no connection to modbus server
[2025-03-01T08:16:24.922Z] ❌ Error reading register 1000 for IP 10.30.4.91: no connection to modbus server
[2025-03-01T08:16:24.922Z] Error reading actual data: no connection to modbus server
[2025-03-01T08:16:24.922Z] Error writing to Modbus register: no connection to modbus server
[2025-03-01T08:16:24.923Z] Error reading register 3105 for IP 10.30.4.91: no connection to modbus server
[2025-03-01T08:16:24.923Z] ❌ Error reading register 1000 for IP 10.30.4.91: no connection to modbus server
[2025-03-01T08:16:24.923Z] Error reading actual data: no connection to modbus server
[2025-03-01T08:16:24.923Z] Error writing to Modbus register: no connection to modbus server
[2025-03-01T08:16:25.919Z] Error reading register 3105 for IP 10.30.4.91: no connection to modbus server
[2025-03-01T08:16:25.919Z] ❌ Error reading register 1000 for IP 10.30.4.91: no connection to modbus server
[2025-03-01T08:16:25.920Z] Error reading actual data: no connection to modbus server
[2025-03-01T08:16:25.921Z] Error writing to Modbus register: no connection to modbus server
[2025-03-01T08:16:25.922Z] Error reading register 3105 for IP 10.30.4.91: no connection to modbus server
[2025-03-01T08:16:25.923Z] ❌ Error reading register 1000 for IP 10.30.4.91: no connection to modbus server
[2025-03-01T08:16:25.923Z] Error reading actual data: no connection to modbus server
[2025-03-01T08:16:25.924Z] Error writing to Modbus register: no connection to modbus server
[2025-03-01T08:16:25.926Z] Error reading register 3105 for IP 10.30.4.91: no connection to modbus server
[2025-03-01T08:16:25.926Z] ❌ Error reading register 1000 for IP 10.30.4.91: no connection to modbus server
[2025-03-01T08:16:25.926Z] Error reading actual data: no connection to modbus server
[2025-03-01T08:16:25.927Z] Error writing to Modbus register: no connection to modbus server
[2025-03-01T08:16:25.927Z] Error reading register 3105 for IP 10.30.4.91: no connection to modbus server
[2025-03-01T08:16:25.928Z] ❌ Error reading register 1000 for IP 10.30.4.91: no connection to modbus server
[2025-03-01T08:16:25.928Z] Error reading actual data: no connection to modbus server
[2025-03-01T08:16:25.929Z] Error writing to Modbus register: no connection to modbus server
[2025-03-01T08:16:25.929Z] Error reading register 3105 for IP 10.30.4.91: no connection to modbus server
[2025-03-01T08:16:25.929Z] ❌ Error reading register 1000 for IP 10.30.4.91: no connection to modbus server
[2025-03-01T08:16:25.929Z] Error reading actual data: no connection to modbus server
[2025-03-01T08:16:25.930Z] Error writing to Modbus register: no connection to modbus server
[2025-03-01T08:16:25.930Z] Error reading register 3105 for IP 10.30.4.91: no connection to modbus server
[2025-03-01T08:16:25.930Z] ❌ Error reading register 1000 for IP 10.30.4.91: no connection to modbus server
[2025-03-01T08:16:25.931Z] Error reading actual data: no connection to modbus server
[2025-03-01T08:16:25.931Z] Error writing to Modbus register: no connection to modbus server
[2025-03-01T08:16:26.924Z] Error reading register 3105 for IP 10.30.4.91: no connection to modbus server
[2025-03-01T08:16:26.925Z] ❌ Error reading register 1000 for IP 10.30.4.91: no connection to modbus server
[2025-03-01T08:16:26.925Z] Error reading actual data: no connection to modbus server
[2025-03-01T08:16:26.926Z] Error writing to Modbus register: no connection to modbus server
[2025-03-01T08:16:26.927Z] Error reading register 3105 for IP 10.30.4.91: no connection to modbus server
[2025-03-01T08:16:26.928Z] ❌ Error reading register 1000 for IP 10.30.4.91: no connection to modbus server
[2025-03-01T08:16:26.928Z] Error reading actual data: no connection to modbus server
[2025-03-01T08:16:26.929Z] Error writing to Modbus register: no connection to modbus server
[2025-03-01T08:16:26.930Z] Error reading register 3105 for IP 10.30.4.91: no connection to modbus server
[2025-03-01T08:16:26.931Z] ❌ Error reading register 1000 for IP 10.30.4.91: no connection to modbus server
[2025-03-01T08:16:26.931Z] Error reading actual data: no connection to modbus server
[2025-03-01T08:16:26.931Z] Error writing to Modbus register: no connection to modbus server
[2025-03-01T08:16:26.932Z] ❌ Error reading register 1000 for IP 10.30.4.91: no connection to modbus server
[2025-03-01T08:16:26.932Z] Error reading register 3105 for IP 10.30.4.91: no connection to modbus server
[2025-03-01T08:16:26.932Z] Error reading actual data: no connection to modbus server
[2025-03-01T08:16:26.933Z] Error writing to Modbus register: no connection to modbus server
[2025-03-01T08:16:26.933Z] Error reading register 3105 for IP 10.30.4.91: no connection to modbus server
[2025-03-01T08:16:26.933Z] ❌ Error reading register 1000 for IP 10.30.4.91: no connection to modbus server
[2025-03-01T08:16:26.933Z] Error reading actual data: no connection to modbus server
[2025-03-01T08:16:26.934Z] Error writing to Modbus register: no connection to modbus server
[2025-03-01T08:16:26.934Z] Error reading register 3105 for IP 10.30.4.91: no connection to modbus server
[2025-03-01T08:16:26.934Z] ❌ Error reading register 1000 for IP 10.30.4.91: no connection to modbus server
[2025-03-01T08:16:26.934Z] Error reading actual data: no connection to modbus server
[2025-03-01T08:16:26.935Z] Error writing to Modbus register: no connection to modbus server
[2025-03-01T08:16:27.937Z] Error reading register 3105 for IP 10.30.4.91: no connection to modbus server
[2025-03-01T08:16:27.938Z] ❌ Error reading register 1000 for IP 10.30.4.91: no connection to modbus server
[2025-03-01T08:16:27.941Z] Error reading register 3105 for IP 10.30.4.91: no connection to modbus server
[2025-03-01T08:16:27.941Z] ❌ Error reading register 1000 for IP 10.30.4.91: no connection to modbus server
[2025-03-01T08:16:27.938Z] Error reading actual data: no connection to modbus server
[2025-03-01T08:16:27.939Z] Error writing to Modbus register: no connection to modbus server
[2025-03-01T08:16:27.941Z] Error reading actual data: no connection to modbus server
[2025-03-01T08:16:27.942Z] Error writing to Modbus register: no connection to modbus server
[2025-03-01T08:16:27.943Z] Error reading register 3105 for IP 10.30.4.91: no connection to modbus server
[2025-03-01T08:16:27.943Z] ❌ Error reading register 1000 for IP 10.30.4.91: no connection to modbus server
[2025-03-01T08:16:27.943Z] Error reading actual data: no connection to modbus server
[2025-03-01T08:16:27.944Z] ❌ Error reading register 1000 for IP 10.30.4.91: no connection to modbus server
[2025-03-01T08:16:27.944Z] Error writing to Modbus register: no connection to modbus server
[2025-03-01T08:16:27.944Z] Error reading register 3105 for IP 10.30.4.91: no connection to modbus server
[2025-03-01T08:16:27.944Z] Error writing to Modbus register: no connection to modbus server
[2025-03-01T08:16:27.945Z] Error reading register 3105 for IP 10.30.4.91: no connection to modbus server
[2025-03-01T08:16:27.944Z] Error reading actual data: no connection to modbus server
[2025-03-01T08:16:27.945Z] ❌ Error reading register 1000 for IP 10.30.4.91: no connection to modbus server
[2025-03-01T08:16:27.945Z] Error reading actual data: no connection to modbus server
[2025-03-01T08:16:27.945Z] Error writing to Modbus register: no connection to modbus server
[2025-03-01T08:16:27.945Z] Error reading register 3105 for IP 10.30.4.91: no connection to modbus server
[2025-03-01T08:16:27.945Z] ❌ Error reading register 1000 for IP 10.30.4.91: no connection to modbus server
[2025-03-01T08:16:27.946Z] Error reading actual data: no connection to modbus server
[2025-03-01T08:16:27.946Z] Error writing to Modbus register: no connection to modbus server
[2025-03-01T08:16:28.947Z] Error reading register 3105 for IP 10.30.4.91: no connection to modbus server
[2025-03-01T08:16:28.947Z] ❌ Error reading register 1000 for IP 10.30.4.91: no connection to modbus server
[2025-03-01T08:16:28.949Z] Error writing to Modbus register: no connection to modbus server
[2025-03-01T08:16:28.948Z] Error reading actual data: no connection to modbus server
[2025-03-01T08:16:28.951Z] Error reading actual data: no connection to modbus server
[2025-03-01T08:16:28.951Z] Error writing to Modbus register: no connection to modbus server
[2025-03-01T08:16:28.952Z] Error reading register 3105 for IP 10.30.4.91: no connection to modbus server
[2025-03-01T08:16:28.953Z] ❌ Error reading register 1000 for IP 10.30.4.91: no connection to modbus server
[2025-03-01T08:16:28.953Z] Error reading actual data: no connection to modbus server
[2025-03-01T08:16:28.950Z] Error reading register 3105 for IP 10.30.4.91: no connection to modbus server
[2025-03-01T08:16:28.950Z] ❌ Error reading register 1000 for IP 10.30.4.91: no connection to modbus server
[2025-03-01T08:16:28.953Z] Error writing to Modbus register: no connection to modbus server
[2025-03-01T08:16:28.954Z] Error reading register 3105 for IP 10.30.4.91: no connection to modbus server
[2025-03-01T08:16:28.954Z] ❌ Error reading register 1000 for IP 10.30.4.91: no connection to modbus server
[2025-03-01T08:16:28.954Z] Error reading actual data: no connection to modbus server
[2025-03-01T08:16:28.954Z] Error writing to Modbus register: no connection to modbus server
[2025-03-01T08:16:28.955Z] Error reading register 3105 for IP 10.30.4.91: no connection to modbus server
[2025-03-01T08:16:28.955Z] ❌ Error reading register 1000 for IP 10.30.4.91: no connection to modbus server
[2025-03-01T08:16:28.955Z] Error reading actual data: no connection to modbus server
[2025-03-01T08:16:28.956Z] Error writing to Modbus register: no connection to modbus server
[2025-03-01T08:16:28.956Z] Error reading register 3105 for IP 10.30.4.91: no connection to modbus server
[2025-03-01T08:16:28.956Z] ❌ Error reading register 1000 for IP 10.30.4.91: no connection to modbus server
[2025-03-01T08:16:28.957Z] Error reading actual data: no connection to modbus server
[2025-03-01T08:16:28.957Z] Error writing to Modbus register: no connection to modbus server
[2025-03-01T08:16:29.952Z] Error reading register 3105 for IP 10.30.4.91: no connection to modbus server
[2025-03-01T08:16:29.953Z] ❌ Error reading register 1000 for IP 10.30.4.91: no connection to modbus server
[2025-03-01T08:16:29.954Z] Error writing to Modbus register: no connection to modbus server
[2025-03-01T08:16:29.955Z] ❌ Error reading register 1000 for IP 10.30.4.91: no connection to modbus server
[2025-03-01T08:16:29.956Z] Error reading actual data: no connection to modbus server
[2025-03-01T08:16:29.953Z] Error reading actual data: no connection to modbus server
[2025-03-01T08:16:29.956Z] Error writing to Modbus register: no connection to modbus server
[2025-03-01T08:16:29.955Z] Error reading register 3105 for IP 10.30.4.91: no connection to modbus server
[2025-03-01T08:16:29.957Z] ❌ Error reading register 1000 for IP 10.30.4.91: no connection to modbus server
[2025-03-01T08:16:29.957Z] Error reading register 3105 for IP 10.30.4.91: no connection to modbus server
[2025-03-01T08:16:29.957Z] Error reading actual data: no connection to modbus server
[2025-03-01T08:16:29.958Z] Error writing to Modbus register: no connection to modbus server
[2025-03-01T08:16:29.959Z] Error reading register 3105 for IP 10.30.4.91: no connection to modbus server
[2025-03-01T08:16:29.959Z] ❌ Error reading register 1000 for IP 10.30.4.91: no connection to modbus server
[2025-03-01T08:16:29.959Z] Error reading actual data: no connection to modbus server
[2025-03-01T08:16:29.959Z] Error writing to Modbus register: no connection to modbus server
[2025-03-01T08:16:29.960Z] Error reading register 3105 for IP 10.30.4.91: no connection to modbus server
[2025-03-01T08:16:29.960Z] Error reading actual data: no connection to modbus server
[2025-03-01T08:16:29.960Z] ❌ Error reading register 1000 for IP 10.30.4.91: no connection to modbus server
[2025-03-01T08:16:29.960Z] Error writing to Modbus register: no connection to modbus server
[2025-03-01T08:16:29.961Z] ❌ Error reading register 1000 for IP 10.30.4.91: no connection to modbus server
[2025-03-01T08:16:29.961Z] Error reading actual data: no connection to modbus server
[2025-03-01T08:16:29.961Z] Error reading register 3105 for IP 10.30.4.91: no connection to modbus server
[2025-03-01T08:16:29.961Z] Error writing to Modbus register: no connection to modbus server
[2025-03-01T08:16:30.965Z] Error reading register 3105 for IP 10.30.4.91: no connection to modbus server
[2025-03-01T08:16:30.965Z] ❌ Error reading register 1000 for IP 10.30.4.91: no connection to modbus server
[2025-03-01T08:16:30.967Z] Error writing to Modbus register: no connection to modbus server
[2025-03-01T08:16:30.968Z] Error reading register 3105 for IP 10.30.4.91: no connection to modbus server
[2025-03-01T08:16:30.966Z] Error reading actual data: no connection to modbus server
[2025-03-01T08:16:30.969Z] ❌ Error reading register 1000 for IP 10.30.4.91: no connection to modbus server
[2025-03-01T08:16:30.970Z] Error writing to Modbus register: no connection to modbus server
[2025-03-01T08:16:30.969Z] Error reading actual data: no connection to modbus server
[2025-03-01T08:16:30.971Z] Error reading register 3105 for IP 10.30.4.91: no connection to modbus server
[2025-03-01T08:16:30.972Z] ❌ Error reading register 1000 for IP 10.30.4.91: no connection to modbus server
[2025-03-01T08:16:30.973Z] Error writing to Modbus register: no connection to modbus server
[2025-03-01T08:16:30.972Z] Error reading actual data: no connection to modbus server
[2025-03-01T08:16:30.973Z] Error reading register 3105 for IP 10.30.4.91: no connection to modbus server
[2025-03-01T08:16:30.973Z] ❌ Error reading register 1000 for IP 10.30.4.91: no connection to modbus server
[2025-03-01T08:16:30.974Z] Error reading actual data: no connection to modbus server
[2025-03-01T08:16:30.974Z] Error writing to Modbus register: no connection to modbus server
[2025-03-01T08:16:30.974Z] Error reading register 3105 for IP 10.30.4.91: no connection to modbus server
[2025-03-01T08:16:30.975Z] ❌ Error reading register 1000 for IP 10.30.4.91: no connection to modbus server
[2025-03-01T08:16:30.975Z] Error reading actual data: no connection to modbus server
[2025-03-01T08:16:30.975Z] Error writing to Modbus register: no connection to modbus server
[2025-03-01T08:16:30.976Z] Error reading register 3105 for IP 10.30.4.91: no connection to modbus server
[2025-03-01T08:16:30.976Z] ❌ Error reading register 1000 for IP 10.30.4.91: no connection to modbus server
[2025-03-01T08:16:30.976Z] Error reading actual data: no connection to modbus server
[2025-03-01T08:16:30.976Z] Error writing to Modbus register: no connection to modbus server
[2025-03-01T08:16:31.968Z] Error reading register 3105 for IP 10.30.4.91: no connection to modbus server
[2025-03-01T08:16:31.969Z] ❌ Error reading register 1000 for IP 10.30.4.91: no connection to modbus server
[2025-03-01T08:16:31.969Z] Error reading actual data: no connection to modbus server
[2025-03-01T08:16:31.969Z] Error writing to Modbus register: no connection to modbus server
[2025-03-01T08:16:31.970Z] Error reading register 3105 for IP 10.30.4.91: no connection to modbus server
[2025-03-01T08:16:31.970Z] ❌ Error reading register 1000 for IP 10.30.4.91: no connection to modbus server
[2025-03-01T08:16:31.970Z] Error reading actual data: no connection to modbus server
[2025-03-01T08:16:31.970Z] Error writing to Modbus register: no connection to modbus server
[2025-03-01T08:16:31.971Z] Error reading register 3105 for IP 10.30.4.91: no connection to modbus server
[2025-03-01T08:16:31.971Z] ❌ Error reading register 1000 for IP 10.30.4.91: no connection to modbus server
[2025-03-01T08:16:31.971Z] Error reading actual data: no connection to modbus server
[2025-03-01T08:16:31.972Z] Error writing to Modbus register: no connection to modbus server
[2025-03-01T08:16:31.973Z] Error reading register 3105 for IP 10.30.4.91: no connection to modbus server
[2025-03-01T08:16:31.973Z] ❌ Error reading register 1000 for IP 10.30.4.91: no connection to modbus server
[2025-03-01T08:16:31.973Z] Error reading actual data: no connection to modbus server
[2025-03-01T08:16:31.973Z] Error writing to Modbus register: no connection to modbus server
[2025-03-01T08:16:31.974Z] Error reading register 3105 for IP 10.30.4.91: no connection to modbus server
[2025-03-01T08:16:31.975Z] ❌ Error reading register 1000 for IP 10.30.4.91: no connection to modbus server
[2025-03-01T08:16:31.975Z] Error reading actual data: no connection to modbus server
[2025-03-01T08:16:31.975Z] Error writing to Modbus register: no connection to modbus server
[2025-03-01T08:16:31.975Z] Error reading register 3105 for IP 10.30.4.91: no connection to modbus server
[2025-03-01T08:16:31.976Z] ❌ Error reading register 1000 for IP 10.30.4.91: no connection to modbus server
[2025-03-01T08:16:31.976Z] Error reading actual data: no connection to modbus server
[2025-03-01T08:16:31.976Z] Error writing to Modbus register: no connection to modbus server
[2025-03-01T08:16:32.968Z] Error reading register 3105 for IP 10.30.4.91: no connection to modbus server
[2025-03-01T08:16:32.968Z] ❌ Error reading register 1000 for IP 10.30.4.91: no connection to modbus server
[2025-03-01T08:16:32.969Z] Error reading actual data: no connection to modbus server
[2025-03-01T08:16:32.970Z] Error reading register 3105 for IP 10.30.4.91: no connection to modbus server
[2025-03-01T08:16:32.969Z] Error writing to Modbus register: no connection to modbus server
[2025-03-01T08:16:32.970Z] ❌ Error reading register 1000 for IP 10.30.4.91: no connection to modbus server
[2025-03-01T08:16:32.970Z] Error reading actual data: no connection to modbus server
[2025-03-01T08:16:32.970Z] Error writing to Modbus register: no connection to modbus server
[2025-03-01T08:16:32.971Z] Error reading register 3105 for IP 10.30.4.91: no connection to modbus server
[2025-03-01T08:16:32.971Z] ❌ Error reading register 1000 for IP 10.30.4.91: no connection to modbus server
[2025-03-01T08:16:32.971Z] Error reading actual data: no connection to modbus server
[2025-03-01T08:16:32.984Z] Error writing to Modbus register: no connection to modbus server
[2025-03-01T08:16:32.984Z] Error reading register 3105 for IP 10.30.4.91: no connection to modbus server
[2025-03-01T08:16:32.984Z] ❌ Error reading register 1000 for IP 10.30.4.91: no connection to modbus server
[2025-03-01T08:16:32.984Z] Error reading actual data: no connection to modbus server
[2025-03-01T08:16:32.985Z] Error writing to Modbus register: no connection to modbus server
[2025-03-01T08:16:32.985Z] Error reading register 3105 for IP 10.30.4.91: no connection to modbus server
[2025-03-01T08:16:32.985Z] ❌ Error reading register 1000 for IP 10.30.4.91: no connection to modbus server
[2025-03-01T08:16:32.986Z] ❌ Error reading register 1000 for IP 10.30.4.91: no connection to modbus server
[2025-03-01T08:16:32.986Z] Error reading register 3105 for IP 10.30.4.91: no connection to modbus server
[2025-03-01T08:16:32.986Z] Error reading actual data: no connection to modbus server
[2025-03-01T08:16:32.987Z] Error writing to Modbus register: no connection to modbus server
[2025-03-01T08:16:32.985Z] Error reading actual data: no connection to modbus server
[2025-03-01T08:16:32.986Z] Error writing to Modbus register: no connection to modbus server
[2025-03-01T08:16:33.969Z] Error reading register 3105 for IP 10.30.4.91: no connection to modbus server
[2025-03-01T08:16:33.970Z] ❌ Error reading register 1000 for IP 10.30.4.91: no connection to modbus server
[2025-03-01T08:16:33.970Z] Error reading actual data: no connection to modbus server
[2025-03-01T08:16:33.971Z] Error writing to Modbus register: no connection to modbus server
[2025-03-01T08:16:33.974Z] Error reading actual data: no connection to modbus server
[2025-03-01T08:16:33.973Z] ❌ Error reading register 1000 for IP 10.30.4.91: no connection to modbus server
[2025-03-01T08:16:33.974Z] Error writing to Modbus register: no connection to modbus server
[2025-03-01T08:16:33.974Z] Error reading register 3105 for IP 10.30.4.91: no connection to modbus server
[2025-03-01T08:16:33.974Z] ❌ Error reading register 1000 for IP 10.30.4.91: no connection to modbus server
[2025-03-01T08:16:33.974Z] Error reading actual data: no connection to modbus server
[2025-03-01T08:16:33.973Z] Error reading register 3105 for IP 10.30.4.91: no connection to modbus server
[2025-03-01T08:16:33.985Z] Error writing to Modbus register: no connection to modbus server
[2025-03-01T08:16:33.986Z] Error reading register 3105 for IP 10.30.4.91: no connection to modbus server
[2025-03-01T08:16:33.987Z] ❌ Error reading register 1000 for IP 10.30.4.91: no connection to modbus server
[2025-03-01T08:16:33.988Z] Error writing to Modbus register: no connection to modbus server
[2025-03-01T08:16:33.987Z] Error reading actual data: no connection to modbus server
[2025-03-01T08:16:33.989Z] Error reading register 3105 for IP 10.30.4.91: no connection to modbus server
[2025-03-01T08:16:33.989Z] Error reading actual data: no connection to modbus server
[2025-03-01T08:16:33.989Z] ❌ Error reading register 1000 for IP 10.30.4.91: no connection to modbus server
[2025-03-01T08:16:33.990Z] Error reading register 3105 for IP 10.30.4.91: no connection to modbus server
[2025-03-01T08:16:33.989Z] Error writing to Modbus register: no connection to modbus server
[2025-03-01T08:16:33.990Z] ❌ Error reading register 1000 for IP 10.30.4.91: no connection to modbus server
[2025-03-01T08:16:33.990Z] Error reading actual data: no connection to modbus server
[2025-03-01T08:16:33.991Z] Error writing to Modbus register: no connection to modbus server
[2025-03-01T08:16:34.984Z] Error reading register 3105 for IP 10.30.4.91: no connection to modbus server
[2025-03-01T08:16:34.985Z] ❌ Error reading register 1000 for IP 10.30.4.91: no connection to modbus server
[2025-03-01T08:16:34.988Z] Error reading register 3105 for IP 10.30.4.91: no connection to modbus server
[2025-03-01T08:16:34.985Z] Error reading actual data: no connection to modbus server
[2025-03-01T08:16:34.986Z] Error writing to Modbus register: no connection to modbus server
[2025-03-01T08:16:34.988Z] Error writing to Modbus register: no connection to modbus server
[2025-03-01T08:16:34.989Z] Error reading register 3105 for IP 10.30.4.91: no connection to modbus server
[2025-03-01T08:16:34.988Z] Error reading actual data: no connection to modbus server
[2025-03-01T08:16:34.988Z] ❌ Error reading register 1000 for IP 10.30.4.91: no connection to modbus server
[2025-03-01T08:16:34.989Z] ❌ Error reading register 1000 for IP 10.30.4.91: no connection to modbus server
[2025-03-01T08:16:34.989Z] Error reading actual data: no connection to modbus server
[2025-03-01T08:16:34.990Z] Error writing to Modbus register: no connection to modbus server
[2025-03-01T08:16:34.990Z] ❌ Error reading register 1000 for IP 10.30.4.91: no connection to modbus server
[2025-03-01T08:16:34.990Z] Error reading register 3105 for IP 10.30.4.91: no connection to modbus server
[2025-03-01T08:16:34.991Z] Error reading register 3105 for IP 10.30.4.91: no connection to modbus server
[2025-03-01T08:16:34.990Z] Error reading actual data: no connection to modbus server
[2025-03-01T08:16:34.990Z] Error writing to Modbus register: no connection to modbus server
[2025-03-01T08:16:34.991Z] ❌ Error reading register 1000 for IP 10.30.4.91: no connection to modbus server
[2025-03-01T08:16:34.991Z] Error reading actual data: no connection to modbus server
[2025-03-01T08:16:34.991Z] Error reading register 3105 for IP 10.30.4.91: no connection to modbus server
[2025-03-01T08:16:34.991Z] Error writing to Modbus register: no connection to modbus server
[2025-03-01T08:16:34.991Z] Error reading actual data: no connection to modbus server
[2025-03-01T08:16:34.991Z] ❌ Error reading register 1000 for IP 10.30.4.91: no connection to modbus server
[2025-03-01T08:16:34.992Z] Error writing to Modbus register: no connection to modbus server
[2025-03-01T08:16:35.985Z] Error reading register 3105 for IP 10.30.4.91: no connection to modbus server
[2025-03-01T08:16:35.985Z] ❌ Error reading register 1000 for IP 10.30.4.91: no connection to modbus server
[2025-03-01T08:16:35.985Z] Error reading actual data: no connection to modbus server
[2025-03-01T08:16:35.987Z] Error writing to Modbus register: no connection to modbus server
[2025-03-01T08:16:35.988Z] Error reading register 3105 for IP 10.30.4.91: no connection to modbus server
[2025-03-01T08:16:35.988Z] ❌ Error reading register 1000 for IP 10.30.4.91: no connection to modbus server
[2025-03-01T08:16:35.988Z] Error reading actual data: no connection to modbus server
[2025-03-01T08:16:35.990Z] Error writing to Modbus register: no connection to modbus server
[2025-03-01T08:16:35.990Z] Error reading register 3105 for IP 10.30.4.91: no connection to modbus server
[2025-03-01T08:16:35.990Z] ❌ Error reading register 1000 for IP 10.30.4.91: no connection to modbus server
[2025-03-01T08:16:35.990Z] Error reading actual data: no connection to modbus server
[2025-03-01T08:16:35.990Z] Error writing to Modbus register: no connection to modbus server
[2025-03-01T08:16:35.991Z] ❌ Error reading register 1000 for IP 10.30.4.91: no connection to modbus server
[2025-03-01T08:16:35.991Z] Error reading register 3105 for IP 10.30.4.91: no connection to modbus server
[2025-03-01T08:16:35.991Z] Error reading actual data: no connection to modbus server
[2025-03-01T08:16:35.992Z] Error reading register 3105 for IP 10.30.4.91: no connection to modbus server
[2025-03-01T08:16:35.991Z] Error writing to Modbus register: no connection to modbus server
[2025-03-01T08:16:35.992Z] Error reading actual data: no connection to modbus server
[2025-03-01T08:16:35.992Z] Error writing to Modbus register: no connection to modbus server
[2025-03-01T08:16:35.992Z] Error reading register 3105 for IP 10.30.4.91: no connection to modbus server
[2025-03-01T08:16:35.992Z] ❌ Error reading register 1000 for IP 10.30.4.91: no connection to modbus server
[2025-03-01T08:16:35.992Z] ❌ Error reading register 1000 for IP 10.30.4.91: no connection to modbus server
[2025-03-01T08:16:35.992Z] Error reading actual data: no connection to modbus server
[2025-03-01T08:16:35.993Z] Error writing to Modbus register: no connection to modbus server
[2025-03-01T08:16:36.985Z] Error reading register 3105 for IP 10.30.4.91: no connection to modbus server
[2025-03-01T08:16:36.985Z] ❌ Error reading register 1000 for IP 10.30.4.91: no connection to modbus server
[2025-03-01T08:16:36.985Z] Error reading actual data: no connection to modbus server
[2025-03-01T08:16:37.001Z] Error writing to Modbus register: no connection to modbus server
[2025-03-01T08:16:37.002Z] Error reading register 3105 for IP 10.30.4.91: no connection to modbus server
[2025-03-01T08:16:37.002Z] ❌ Error reading register 1000 for IP 10.30.4.91: no connection to modbus server
[2025-03-01T08:16:37.002Z] Error reading actual data: no connection to modbus server
[2025-03-01T08:16:37.002Z] Error writing to Modbus register: no connection to modbus server
[2025-03-01T08:16:37.003Z] Error reading register 3105 for IP 10.30.4.91: no connection to modbus server
[2025-03-01T08:16:37.003Z] ❌ Error reading register 1000 for IP 10.30.4.91: no connection to modbus server
[2025-03-01T08:16:37.003Z] Error reading actual data: no connection to modbus server
[2025-03-01T08:16:37.003Z] Error writing to Modbus register: no connection to modbus server
[2025-03-01T08:16:37.004Z] Error reading register 3105 for IP 10.30.4.91: no connection to modbus server
[2025-03-01T08:16:37.004Z] ❌ Error reading register 1000 for IP 10.30.4.91: no connection to modbus server
[2025-03-01T08:16:37.004Z] Error reading actual data: no connection to modbus server
[2025-03-01T08:16:37.004Z] Error writing to Modbus register: no connection to modbus server
[2025-03-01T08:16:37.004Z] Error reading register 3105 for IP 10.30.4.91: no connection to modbus server
[2025-03-01T08:16:37.005Z] ❌ Error reading register 1000 for IP 10.30.4.91: no connection to modbus server
[2025-03-01T08:16:37.005Z] Error reading actual data: no connection to modbus server
[2025-03-01T08:16:37.005Z] Error writing to Modbus register: no connection to modbus server
[2025-03-01T08:16:37.005Z] Error reading register 3105 for IP 10.30.4.91: no connection to modbus server
[2025-03-01T08:16:37.005Z] ❌ Error reading register 1000 for IP 10.30.4.91: no connection to modbus server
[2025-03-01T08:16:37.005Z] Error reading actual data: no connection to modbus server
[2025-03-01T08:16:37.006Z] Error writing to Modbus register: no connection to modbus server
[2025-03-01T08:16:38.000Z] Error reading register 3105 for IP 10.30.4.91: no connection to modbus server
[2025-03-01T08:16:38.000Z] ❌ Error reading register 1000 for IP 10.30.4.91: no connection to modbus server
[2025-03-01T08:16:38.001Z] Error reading actual data: no connection to modbus server
[2025-03-01T08:16:38.002Z] Error writing to Modbus register: no connection to modbus server
[2025-03-01T08:16:38.004Z] Error reading register 3105 for IP 10.30.4.91: no connection to modbus server
[2025-03-01T08:16:38.004Z] ❌ Error reading register 1000 for IP 10.30.4.91: no connection to modbus server
[2025-03-01T08:16:38.005Z] Error reading actual data: no connection to modbus server
[2025-03-01T08:16:38.006Z] Error writing to Modbus register: no connection to modbus server
[2025-03-01T08:16:38.007Z] Error reading register 3105 for IP 10.30.4.91: no connection to modbus server
[2025-03-01T08:16:38.008Z] ❌ Error reading register 1000 for IP 10.30.4.91: no connection to modbus server
[2025-03-01T08:16:38.008Z] Error reading actual data: no connection to modbus server
[2025-03-01T08:16:38.009Z] Error writing to Modbus register: no connection to modbus server
[2025-03-01T08:16:38.009Z] Error reading register 3105 for IP 10.30.4.91: no connection to modbus server
[2025-03-01T08:16:38.010Z] ❌ Error reading register 1000 for IP 10.30.4.91: no connection to modbus server
[2025-03-01T08:16:38.010Z] Error reading actual data: no connection to modbus server
[2025-03-01T08:16:38.010Z] Error writing to Modbus register: no connection to modbus server
[2025-03-01T08:16:38.010Z] Error reading register 3105 for IP 10.30.4.91: no connection to modbus server
[2025-03-01T08:16:38.011Z] ❌ Error reading register 1000 for IP 10.30.4.91: no connection to modbus server
[2025-03-01T08:16:38.011Z] Error writing to Modbus register: no connection to modbus server
[2025-03-01T08:16:38.011Z] Error reading actual data: no connection to modbus server
[2025-03-01T08:16:38.011Z] Error reading register 3105 for IP 10.30.4.91: no connection to modbus server
[2025-03-01T08:16:38.012Z] ❌ Error reading register 1000 for IP 10.30.4.91: no connection to modbus server
[2025-03-01T08:16:38.012Z] Error reading actual data: no connection to modbus server
[2025-03-01T08:16:38.012Z] Error writing to Modbus register: no connection to modbus server
[2025-03-01T08:16:39.000Z] Error reading register 3105 for IP 10.30.4.91: no connection to modbus server
[2025-03-01T08:16:39.000Z] ❌ Error reading register 1000 for IP 10.30.4.91: no connection to modbus server
[2025-03-01T08:16:39.001Z] Error reading actual data: no connection to modbus server
[2025-03-01T08:16:39.002Z] Error writing to Modbus register: no connection to modbus server
[2025-03-01T08:16:39.004Z] Error reading register 3105 for IP 10.30.4.91: no connection to modbus server
[2025-03-01T08:16:39.004Z] ❌ Error reading register 1000 for IP 10.30.4.91: no connection to modbus server
[2025-03-01T08:16:39.004Z] Error reading actual data: no connection to modbus server
[2025-03-01T08:16:39.005Z] Error writing to Modbus register: no connection to modbus server
[2025-03-01T08:16:39.006Z] Error reading register 3105 for IP 10.30.4.91: no connection to modbus server
[2025-03-01T08:16:39.007Z] ❌ Error reading register 1000 for IP 10.30.4.91: no connection to modbus server
[2025-03-01T08:16:39.007Z] Error reading actual data: no connection to modbus server
[2025-03-01T08:16:39.019Z] Error reading register 3105 for IP 10.30.4.91: no connection to modbus server
[2025-03-01T08:16:39.019Z] ❌ Error reading register 1000 for IP 10.30.4.91: no connection to modbus server
[2025-03-01T08:16:39.019Z] Error reading actual data: no connection to modbus server
[2025-03-01T08:16:39.018Z] Error writing to Modbus register: no connection to modbus server
[2025-03-01T08:16:39.020Z] Error writing to Modbus register: no connection to modbus server
[2025-03-01T08:16:39.020Z] Error reading register 3105 for IP 10.30.4.91: no connection to modbus server
[2025-03-01T08:16:39.021Z] ❌ Error reading register 1000 for IP 10.30.4.91: no connection to modbus server
[2025-03-01T08:16:39.021Z] Error reading actual data: no connection to modbus server
[2025-03-01T08:16:39.021Z] Error writing to Modbus register: no connection to modbus server
[2025-03-01T08:16:39.022Z] Error reading register 3105 for IP 10.30.4.91: no connection to modbus server
[2025-03-01T08:16:39.022Z] ❌ Error reading register 1000 for IP 10.30.4.91: no connection to modbus server
[2025-03-01T08:16:39.022Z] Error reading actual data: no connection to modbus server
[2025-03-01T08:16:39.023Z] Error writing to Modbus register: no connection to modbus server
[2025-03-01T08:16:40.001Z] Error reading register 3105 for IP 10.30.4.91: no connection to modbus server
[2025-03-01T08:16:40.002Z] ❌ Error reading register 1000 for IP 10.30.4.91: no connection to modbus server
[2025-03-01T08:16:40.002Z] Error writing to Modbus register: no connection to modbus server
[2025-03-01T08:16:40.002Z] Error reading actual data: no connection to modbus server
[2025-03-01T08:16:40.003Z] Error reading register 3105 for IP 10.30.4.91: no connection to modbus server
[2025-03-01T08:16:40.003Z] ❌ Error reading register 1000 for IP 10.30.4.91: no connection to modbus server
[2025-03-01T08:16:40.003Z] Error reading actual data: no connection to modbus server
[2025-03-01T08:16:40.017Z] Error writing to Modbus register: no connection to modbus server
[2025-03-01T08:16:40.018Z] ❌ Error reading register 1000 for IP 10.30.4.91: no connection to modbus server
[2025-03-01T08:16:40.018Z] Error reading register 3105 for IP 10.30.4.91: no connection to modbus server
[2025-03-01T08:16:40.018Z] Error reading actual data: no connection to modbus server
[2025-03-01T08:16:40.019Z] Error writing to Modbus register: no connection to modbus server
[2025-03-01T08:16:40.019Z] Error reading register 3105 for IP 10.30.4.91: no connection to modbus server
[2025-03-01T08:16:40.020Z] Error reading actual data: no connection to modbus server
[2025-03-01T08:16:40.020Z] ❌ Error reading register 1000 for IP 10.30.4.91: no connection to modbus server
[2025-03-01T08:16:40.020Z] Error writing to Modbus register: no connection to modbus server
[2025-03-01T08:16:40.021Z] Error reading register 3105 for IP 10.30.4.91: no connection to modbus server
[2025-03-01T08:16:40.021Z] ❌ Error reading register 1000 for IP 10.30.4.91: no connection to modbus server
[2025-03-01T08:16:40.021Z] Error reading actual data: no connection to modbus server
[2025-03-01T08:16:40.022Z] Error writing to Modbus register: no connection to modbus server
[2025-03-01T08:16:40.022Z] Error reading register 3105 for IP 10.30.4.91: no connection to modbus server
[2025-03-01T08:16:40.023Z] ❌ Error reading register 1000 for IP 10.30.4.91: no connection to modbus server
[2025-03-01T08:16:40.023Z] Error reading actual data: no connection to modbus server
[2025-03-01T08:16:40.023Z] Error writing to Modbus register: no connection to modbus server
[2025-03-01T08:16:41.017Z] Error reading register 3105 for IP 10.30.4.91: no connection to modbus server
[2025-03-01T08:16:41.017Z] ❌ Error reading register 1000 for IP 10.30.4.91: no connection to modbus server
[2025-03-01T08:16:41.017Z] Error reading actual data: no connection to modbus server
[2025-03-01T08:16:41.018Z] Error writing to Modbus register: no connection to modbus server
[2025-03-01T08:16:41.018Z] Error reading register 3105 for IP 10.30.4.91: no connection to modbus server
[2025-03-01T08:16:41.018Z] ❌ Error reading register 1000 for IP 10.30.4.91: no connection to modbus server
[2025-03-01T08:16:41.018Z] Error reading actual data: no connection to modbus server
[2025-03-01T08:16:41.019Z] Error writing to Modbus register: no connection to modbus server
[2025-03-01T08:16:41.019Z] ❌ Error reading register 1000 for IP 10.30.4.91: no connection to modbus server
[2025-03-01T08:16:41.019Z] Error reading register 3105 for IP 10.30.4.91: no connection to modbus server
[2025-03-01T08:16:41.019Z] Error reading actual data: no connection to modbus server
[2025-03-01T08:16:41.019Z] Error writing to Modbus register: no connection to modbus server
[2025-03-01T08:16:41.020Z] Error reading register 3105 for IP 10.30.4.91: no connection to modbus server
[2025-03-01T08:16:41.021Z] ❌ Error reading register 1000 for IP 10.30.4.91: no connection to modbus server
[2025-03-01T08:16:41.021Z] Error writing to Modbus register: no connection to modbus server
[2025-03-01T08:16:41.021Z] Error reading actual data: no connection to modbus server
[2025-03-01T08:16:41.022Z] Error reading register 3105 for IP 10.30.4.91: no connection to modbus server
[2025-03-01T08:16:41.022Z] ❌ Error reading register 1000 for IP 10.30.4.91: no connection to modbus server
[2025-03-01T08:16:41.022Z] Error reading actual data: no connection to modbus server
[2025-03-01T08:16:41.022Z] Error writing to Modbus register: no connection to modbus server
[2025-03-01T08:16:41.023Z] Error reading register 3105 for IP 10.30.4.91: no connection to modbus server
[2025-03-01T08:16:41.023Z] ❌ Error reading register 1000 for IP 10.30.4.91: no connection to modbus server
[2025-03-01T08:16:41.023Z] Error reading actual data: no connection to modbus server
[2025-03-01T08:16:41.024Z] Error writing to Modbus register: no connection to modbus server
[2025-03-01T08:16:42.018Z] Error reading register 3105 for IP 10.30.4.91: no connection to modbus server
[2025-03-01T08:16:42.019Z] ❌ Error reading register 1000 for IP 10.30.4.91: no connection to modbus server
[2025-03-01T08:16:42.019Z] Error reading actual data: no connection to modbus server
[2025-03-01T08:16:42.020Z] Error writing to Modbus register: no connection to modbus server
[2025-03-01T08:16:42.022Z] Error reading register 3105 for IP 10.30.4.91: no connection to modbus server
[2025-03-01T08:16:42.022Z] ❌ Error reading register 1000 for IP 10.30.4.91: no connection to modbus server
[2025-03-01T08:16:42.023Z] Error reading actual data: no connection to modbus server
[2025-03-01T08:16:42.024Z] Error reading register 3105 for IP 10.30.4.91: no connection to modbus server
[2025-03-01T08:16:42.025Z] ❌ Error reading register 1000 for IP 10.30.4.91: no connection to modbus server
[2025-03-01T08:16:42.024Z] Error writing to Modbus register: no connection to modbus server
[2025-03-01T08:16:42.025Z] Error reading actual data: no connection to modbus server
[2025-03-01T08:16:42.025Z] Error writing to Modbus register: no connection to modbus server
[2025-03-01T08:16:42.026Z] Error reading register 3105 for IP 10.30.4.91: no connection to modbus server
[2025-03-01T08:16:42.026Z] ❌ Error reading register 1000 for IP 10.30.4.91: no connection to modbus server
[2025-03-01T08:16:42.026Z] Error writing to Modbus register: no connection to modbus server
[2025-03-01T08:16:42.027Z] Error reading register 3105 for IP 10.30.4.91: no connection to modbus server
[2025-03-01T08:16:42.027Z] ❌ Error reading register 1000 for IP 10.30.4.91: no connection to modbus server
[2025-03-01T08:16:42.026Z] Error reading actual data: no connection to modbus server
[2025-03-01T08:16:42.027Z] Error reading actual data: no connection to modbus server
[2025-03-01T08:16:42.027Z] Error writing to Modbus register: no connection to modbus server
[2025-03-01T08:16:42.028Z] ❌ Error reading register 1000 for IP 10.30.4.91: no connection to modbus server
[2025-03-01T08:16:42.027Z] Error reading register 3105 for IP 10.30.4.91: no connection to modbus server
[2025-03-01T08:16:42.028Z] Error reading actual data: no connection to modbus server
[2025-03-01T08:16:42.028Z] Error writing to Modbus register: no connection to modbus server
[2025-03-01T08:16:43.020Z] Error reading register 3105 for IP 10.30.4.91: no connection to modbus server
[2025-03-01T08:16:43.020Z] ❌ Error reading register 1000 for IP 10.30.4.91: no connection to modbus server
[2025-03-01T08:16:43.021Z] Error reading actual data: no connection to modbus server
[2025-03-01T08:16:43.022Z] Error writing to Modbus register: no connection to modbus server
[2025-03-01T08:16:43.023Z] Error reading register 3105 for IP 10.30.4.91: no connection to modbus server
[2025-03-01T08:16:43.024Z] ❌ Error reading register 1000 for IP 10.30.4.91: no connection to modbus server
[2025-03-01T08:16:43.024Z] Error reading actual data: no connection to modbus server
[2025-03-01T08:16:43.025Z] Error writing to Modbus register: no connection to modbus server
[2025-03-01T08:16:43.025Z] Error reading register 3105 for IP 10.30.4.91: no connection to modbus server
[2025-03-01T08:16:43.025Z] ❌ Error reading register 1000 for IP 10.30.4.91: no connection to modbus server
[2025-03-01T08:16:43.025Z] Error reading actual data: no connection to modbus server
[2025-03-01T08:16:43.026Z] Error writing to Modbus register: no connection to modbus server
[2025-03-01T08:16:43.026Z] Error reading register 3105 for IP 10.30.4.91: no connection to modbus server
[2025-03-01T08:16:43.026Z] ❌ Error reading register 1000 for IP 10.30.4.91: no connection to modbus server
[2025-03-01T08:16:43.027Z] Error reading actual data: no connection to modbus server
[2025-03-01T08:16:43.027Z] Error writing to Modbus register: no connection to modbus server
[2025-03-01T08:16:43.027Z] ❌ Error reading register 1000 for IP 10.30.4.91: no connection to modbus server
[2025-03-01T08:16:43.027Z] Error reading register 3105 for IP 10.30.4.91: no connection to modbus server
[2025-03-01T08:16:43.027Z] Error reading actual data: no connection to modbus server
[2025-03-01T08:16:43.028Z] Error writing to Modbus register: no connection to modbus server
[2025-03-01T08:16:43.029Z] Error reading register 3105 for IP 10.30.4.91: no connection to modbus server
[2025-03-01T08:16:43.029Z] ❌ Error reading register 1000 for IP 10.30.4.91: no connection to modbus server
[2025-03-01T08:16:43.029Z] Error reading actual data: no connection to modbus server
[2025-03-01T08:16:43.029Z] Error writing to Modbus register: no connection to modbus server
[2025-03-01T08:16:44.020Z] Error reading register 3105 for IP 10.30.4.91: no connection to modbus server
[2025-03-01T08:16:44.020Z] ❌ Error reading register 1000 for IP 10.30.4.91: no connection to modbus server
[2025-03-01T08:16:44.021Z] Error reading actual data: no connection to modbus server
[2025-03-01T08:16:44.021Z] Error writing to Modbus register: no connection to modbus server
[2025-03-01T08:16:44.023Z] Error reading register 3105 for IP 10.30.4.91: no connection to modbus server
[2025-03-01T08:16:44.023Z] ❌ Error reading register 1000 for IP 10.30.4.91: no connection to modbus server
[2025-03-01T08:16:44.023Z] Error reading actual data: no connection to modbus server
[2025-03-01T08:16:44.024Z] Error writing to Modbus register: no connection to modbus server
[2025-03-01T08:16:44.026Z] Error reading register 3105 for IP 10.30.4.91: no connection to modbus server
[2025-03-01T08:16:44.026Z] ❌ Error reading register 1000 for IP 10.30.4.91: no connection to modbus server
[2025-03-01T08:16:44.026Z] Error reading actual data: no connection to modbus server
[2025-03-01T08:16:44.026Z] Error writing to Modbus register: no connection to modbus server
[2025-03-01T08:16:44.035Z] Error reading register 3105 for IP 10.30.4.91: no connection to modbus server
[2025-03-01T08:16:44.035Z] ❌ Error reading register 1000 for IP 10.30.4.91: no connection to modbus server
[2025-03-01T08:16:44.036Z] ❌ Error reading register 1000 for IP 10.30.4.91: no connection to modbus server
[2025-03-01T08:16:44.036Z] Error reading actual data: no connection to modbus server
[2025-03-01T08:16:44.036Z] Error writing to Modbus register: no connection to modbus server
[2025-03-01T08:16:44.036Z] Error reading register 3105 for IP 10.30.4.91: no connection to modbus server
[2025-03-01T08:16:44.037Z] ❌ Error reading register 1000 for IP 10.30.4.91: no connection to modbus server
[2025-03-01T08:16:44.037Z] Error reading actual data: no connection to modbus server
[2025-03-01T08:16:44.035Z] Error writing to Modbus register: no connection to modbus server
[2025-03-01T08:16:44.036Z] Error reading register 3105 for IP 10.30.4.91: no connection to modbus server
[2025-03-01T08:16:44.037Z] Error writing to Modbus register: no connection to modbus server
[2025-03-01T08:16:44.035Z] Error reading actual data: no connection to modbus server
[2025-03-01T08:16:45.020Z] Error reading register 3105 for IP 10.30.4.91: no connection to modbus server
[2025-03-01T08:16:45.020Z] ❌ Error reading register 1000 for IP 10.30.4.91: no connection to modbus server
[2025-03-01T08:16:45.020Z] Error reading actual data: no connection to modbus server
[2025-03-01T08:16:45.022Z] Error writing to Modbus register: no connection to modbus server
[2025-03-01T08:16:45.024Z] ❌ Error reading register 1000 for IP 10.30.4.91: no connection to modbus server
[2025-03-01T08:16:45.024Z] Error reading register 3105 for IP 10.30.4.91: no connection to modbus server
[2025-03-01T08:16:45.024Z] Error reading actual data: no connection to modbus server
[2025-03-01T08:16:45.025Z] Error writing to Modbus register: no connection to modbus server
[2025-03-01T08:16:45.025Z] Error reading register 3105 for IP 10.30.4.91: no connection to modbus server
[2025-03-01T08:16:45.026Z] ❌ Error reading register 1000 for IP 10.30.4.91: no connection to modbus server
[2025-03-01T08:16:45.026Z] Error reading actual data: no connection to modbus server
[2025-03-01T08:16:45.026Z] Error writing to Modbus register: no connection to modbus server
[2025-03-01T08:16:45.040Z] Error reading register 3105 for IP 10.30.4.91: no connection to modbus server
[2025-03-01T08:16:45.041Z] Error reading actual data: no connection to modbus server
[2025-03-01T08:16:45.041Z] ❌ Error reading register 1000 for IP 10.30.4.91: no connection to modbus server
[2025-03-01T08:16:45.041Z] Error writing to Modbus register: no connection to modbus server
[2025-03-01T08:16:45.042Z] Error reading register 3105 for IP 10.30.4.91: no connection to modbus server
[2025-03-01T08:16:45.042Z] ❌ Error reading register 1000 for IP 10.30.4.91: no connection to modbus server
[2025-03-01T08:16:45.042Z] Error reading actual data: no connection to modbus server
[2025-03-01T08:16:45.042Z] Error writing to Modbus register: no connection to modbus server
[2025-03-01T08:16:45.043Z] Error reading register 3105 for IP 10.30.4.91: no connection to modbus server
[2025-03-01T08:16:45.043Z] ❌ Error reading register 1000 for IP 10.30.4.91: no connection to modbus server
[2025-03-01T08:16:45.043Z] Error reading actual data: no connection to modbus server
[2025-03-01T08:16:45.043Z] Error writing to Modbus register: no connection to modbus server
[2025-03-01T08:16:46.019Z] Error reading register 3105 for IP 10.30.4.91: no connection to modbus server
[2025-03-01T08:16:46.019Z] ❌ Error reading register 1000 for IP 10.30.4.91: no connection to modbus server
[2025-03-01T08:16:46.019Z] Error reading actual data: no connection to modbus server
[2025-03-01T08:16:46.035Z] Error writing to Modbus register: no connection to modbus server
[2025-03-01T08:16:46.036Z] Error reading register 3105 for IP 10.30.4.91: no connection to modbus server
[2025-03-01T08:16:46.036Z] ❌ Error reading register 1000 for IP 10.30.4.91: no connection to modbus server
[2025-03-01T08:16:46.037Z] Error writing to Modbus register: no connection to modbus server
[2025-03-01T08:16:46.037Z] ❌ Error reading register 1000 for IP 10.30.4.91: no connection to modbus server
[2025-03-01T08:16:46.036Z] Error reading actual data: no connection to modbus server
[2025-03-01T08:16:46.037Z] Error reading register 3105 for IP 10.30.4.91: no connection to modbus server
[2025-03-01T08:16:46.037Z] Error reading actual data: no connection to modbus server
[2025-03-01T08:16:46.037Z] Error writing to Modbus register: no connection to modbus server
[2025-03-01T08:16:46.052Z] Error reading register 3105 for IP 10.30.4.91: no connection to modbus server
[2025-03-01T08:16:46.052Z] ❌ Error reading register 1000 for IP 10.30.4.91: no connection to modbus server
[2025-03-01T08:16:46.052Z] Error writing to Modbus register: no connection to modbus server
[2025-03-01T08:16:46.052Z] Error reading actual data: no connection to modbus server
[2025-03-01T08:16:46.053Z] Error reading register 3105 for IP 10.30.4.91: no connection to modbus server
[2025-03-01T08:16:46.053Z] ❌ Error reading register 1000 for IP 10.30.4.91: no connection to modbus server
[2025-03-01T08:16:46.053Z] Error writing to Modbus register: no connection to modbus server
[2025-03-01T08:16:46.054Z] Error reading register 3105 for IP 10.30.4.91: no connection to modbus server
[2025-03-01T08:16:46.053Z] Error reading actual data: no connection to modbus server
[2025-03-01T08:16:46.054Z] ❌ Error reading register 1000 for IP 10.30.4.91: no connection to modbus server
[2025-03-01T08:16:46.054Z] Error reading actual data: no connection to modbus server
[2025-03-01T08:16:46.054Z] Error writing to Modbus register: no connection to modbus server
[2025-03-01T08:16:47.035Z] Error reading register 3105 for IP 10.30.4.91: no connection to modbus server
[2025-03-01T08:16:47.036Z] ❌ Error reading register 1000 for IP 10.30.4.91: no connection to modbus server
[2025-03-01T08:16:47.036Z] Error reading actual data: no connection to modbus server
[2025-03-01T08:16:47.037Z] Error writing to Modbus register: no connection to modbus server
[2025-03-01T08:16:47.039Z] Error reading register 3105 for IP 10.30.4.91: no connection to modbus server
[2025-03-01T08:16:47.039Z] ❌ Error reading register 1000 for IP 10.30.4.91: no connection to modbus server
[2025-03-01T08:16:47.040Z] Error reading actual data: no connection to modbus server
[2025-03-01T08:16:47.040Z] Error reading register 3105 for IP 10.30.4.91: no connection to modbus server
[2025-03-01T08:16:47.040Z] Error writing to Modbus register: no connection to modbus server
[2025-03-01T08:16:47.041Z] ❌ Error reading register 1000 for IP 10.30.4.91: no connection to modbus server
[2025-03-01T08:16:47.041Z] Error reading actual data: no connection to modbus server
[2025-03-01T08:16:47.041Z] Error writing to Modbus register: no connection to modbus server
[2025-03-01T08:16:47.051Z] Error reading register 3105 for IP 10.30.4.91: no connection to modbus server
[2025-03-01T08:16:47.052Z] ❌ Error reading register 1000 for IP 10.30.4.91: no connection to modbus server
[2025-03-01T08:16:47.052Z] Error reading actual data: no connection to modbus server
[2025-03-01T08:16:47.052Z] Error writing to Modbus register: no connection to modbus server
[2025-03-01T08:16:47.053Z] ❌ Error reading register 1000 for IP 10.30.4.91: no connection to modbus server
[2025-03-01T08:16:47.053Z] Error reading register 3105 for IP 10.30.4.91: no connection to modbus server
[2025-03-01T08:16:47.053Z] Error reading actual data: no connection to modbus server
[2025-03-01T08:16:47.054Z] Error writing to Modbus register: no connection to modbus server
[2025-03-01T08:16:47.055Z] Error reading register 3105 for IP 10.30.4.91: no connection to modbus server
[2025-03-01T08:16:47.055Z] ❌ Error reading register 1000 for IP 10.30.4.91: no connection to modbus server
[2025-03-01T08:16:47.056Z] Error reading actual data: no connection to modbus server
[2025-03-01T08:16:47.057Z] Error writing to Modbus register: no connection to modbus server
[2025-03-01T08:16:48.035Z] Error reading register 3105 for IP 10.30.4.91: no connection to modbus server
[2025-03-01T08:16:48.035Z] ❌ Error reading register 1000 for IP 10.30.4.91: no connection to modbus server
[2025-03-01T08:16:48.035Z] Error reading actual data: no connection to modbus server
[2025-03-01T08:16:48.036Z] Error writing to Modbus register: no connection to modbus server
[2025-03-01T08:16:48.038Z] Error reading register 3105 for IP 10.30.4.91: no connection to modbus server
[2025-03-01T08:16:48.038Z] ❌ Error reading register 1000 for IP 10.30.4.91: no connection to modbus server
[2025-03-01T08:16:48.039Z] Error reading actual data: no connection to modbus server
[2025-03-01T08:16:48.039Z] Error writing to Modbus register: no connection to modbus server
[2025-03-01T08:16:48.040Z] Error reading register 3105 for IP 10.30.4.91: no connection to modbus server
[2025-03-01T08:16:48.041Z] ❌ Error reading register 1000 for IP 10.30.4.91: no connection to modbus server
[2025-03-01T08:16:48.041Z] Error reading actual data: no connection to modbus server
[2025-03-01T08:16:48.041Z] Error writing to Modbus register: no connection to modbus server
[2025-03-01T08:16:48.060Z] Error reading register 3105 for IP 10.30.4.91: no connection to modbus server
[2025-03-01T08:16:48.061Z] ❌ Error reading register 1000 for IP 10.30.4.91: no connection to modbus server
[2025-03-01T08:16:48.061Z] Error reading actual data: no connection to modbus server
[2025-03-01T08:16:48.061Z] Error writing to Modbus register: no connection to modbus server
[2025-03-01T08:16:48.061Z] Error reading register 3105 for IP 10.30.4.91: no connection to modbus server
[2025-03-01T08:16:48.062Z] ❌ Error reading register 1000 for IP 10.30.4.91: no connection to modbus server
[2025-03-01T08:16:48.062Z] Error reading actual data: no connection to modbus server
[2025-03-01T08:16:48.062Z] Error writing to Modbus register: no connection to modbus server
[2025-03-01T08:16:48.062Z] Error reading register 3105 for IP 10.30.4.91: no connection to modbus server
[2025-03-01T08:16:48.062Z] ❌ Error reading register 1000 for IP 10.30.4.91: no connection to modbus server
[2025-03-01T08:16:48.063Z] Error writing to Modbus register: no connection to modbus server
[2025-03-01T08:16:48.063Z] Error reading actual data: no connection to modbus server
[2025-03-01T08:16:49.036Z] Error reading register 3105 for IP 10.30.4.91: no connection to modbus server
[2025-03-01T08:16:49.036Z] ❌ Error reading register 1000 for IP 10.30.4.91: no connection to modbus server
[2025-03-01T08:16:49.037Z] Error reading actual data: no connection to modbus server
[2025-03-01T08:16:49.038Z] Error writing to Modbus register: no connection to modbus server
[2025-03-01T08:16:49.039Z] Error reading register 3105 for IP 10.30.4.91: no connection to modbus server
[2025-03-01T08:16:49.039Z] ❌ Error reading register 1000 for IP 10.30.4.91: no connection to modbus server
[2025-03-01T08:16:49.039Z] Error reading actual data: no connection to modbus server
[2025-03-01T08:16:49.040Z] Error writing to Modbus register: no connection to modbus server
[2025-03-01T08:16:49.041Z] Error reading register 3105 for IP 10.30.4.91: no connection to modbus server
[2025-03-01T08:16:49.041Z] ❌ Error reading register 1000 for IP 10.30.4.91: no connection to modbus server
[2025-03-01T08:16:49.041Z] Error reading actual data: no connection to modbus server
[2025-03-01T08:16:49.041Z] Error writing to Modbus register: no connection to modbus server
[2025-03-01T08:16:49.067Z] Error reading register 3105 for IP 10.30.4.91: no connection to modbus server
[2025-03-01T08:16:49.067Z] ❌ Error reading register 1000 for IP 10.30.4.91: no connection to modbus server
[2025-03-01T08:16:49.070Z] Error reading register 3105 for IP 10.30.4.91: no connection to modbus server
[2025-03-01T08:16:49.071Z] ❌ Error reading register 1000 for IP 10.30.4.91: no connection to modbus server
[2025-03-01T08:16:49.071Z] Error reading actual data: no connection to modbus server
[2025-03-01T08:16:49.072Z] Error writing to Modbus register: no connection to modbus server
[2025-03-01T08:16:49.072Z] ❌ Error reading register 1000 for IP 10.30.4.91: no connection to modbus server
[2025-03-01T08:16:49.072Z] Error reading register 3105 for IP 10.30.4.91: no connection to modbus server
[2025-03-01T08:16:49.072Z] Error reading actual data: no connection to modbus server
[2025-03-01T08:16:49.073Z] Error writing to Modbus register: no connection to modbus server
[2025-03-01T08:16:49.068Z] Error reading actual data: no connection to modbus server
[2025-03-01T08:16:49.069Z] Error writing to Modbus register: no connection to modbus server
[2025-03-01T08:16:50.036Z] Error reading register 3105 for IP 10.30.4.91: no connection to modbus server
[2025-03-01T08:16:50.037Z] ❌ Error reading register 1000 for IP 10.30.4.91: no connection to modbus server
[2025-03-01T08:16:50.037Z] Error reading actual data: no connection to modbus server
[2025-03-01T08:16:50.038Z] Error writing to Modbus register: no connection to modbus server
[2025-03-01T08:16:50.040Z] Error reading register 3105 for IP 10.30.4.91: no connection to modbus server
[2025-03-01T08:16:50.040Z] ❌ Error reading register 1000 for IP 10.30.4.91: no connection to modbus server
[2025-03-01T08:16:50.040Z] Error reading actual data: no connection to modbus server
[2025-03-01T08:16:50.042Z] Error writing to Modbus register: no connection to modbus server
[2025-03-01T08:16:50.042Z] Error reading register 3105 for IP 10.30.4.91: no connection to modbus server
[2025-03-01T08:16:50.042Z] ❌ Error reading register 1000 for IP 10.30.4.91: no connection to modbus server
[2025-03-01T08:16:50.043Z] Error writing to Modbus register: no connection to modbus server
[2025-03-01T08:16:50.043Z] Error reading actual data: no connection to modbus server
[2025-03-01T08:16:50.068Z] Error reading register 3105 for IP 10.30.4.91: no connection to modbus server
[2025-03-01T08:16:50.068Z] ❌ Error reading register 1000 for IP 10.30.4.91: no connection to modbus server
[2025-03-01T08:16:50.069Z] Error reading actual data: no connection to modbus server
[2025-03-01T08:16:50.070Z] Error reading register 3105 for IP 10.30.4.91: no connection to modbus server
[2025-03-01T08:16:50.069Z] Error writing to Modbus register: no connection to modbus server
[2025-03-01T08:16:50.070Z] ❌ Error reading register 1000 for IP 10.30.4.91: no connection to modbus server
[2025-03-01T08:16:50.070Z] Error reading actual data: no connection to modbus server
[2025-03-01T08:16:50.071Z] Error writing to Modbus register: no connection to modbus server
[2025-03-01T08:16:50.072Z] Error reading register 3105 for IP 10.30.4.91: no connection to modbus server
[2025-03-01T08:16:50.072Z] ❌ Error reading register 1000 for IP 10.30.4.91: no connection to modbus server
[2025-03-01T08:16:50.072Z] Error reading actual data: no connection to modbus server
[2025-03-01T08:16:50.073Z] Error writing to Modbus register: no connection to modbus server
[2025-03-01T08:16:51.052Z] Error reading register 3105 for IP 10.30.4.91: no connection to modbus server
[2025-03-01T08:16:51.053Z] Error reading actual data: no connection to modbus server
[2025-03-01T08:16:51.052Z] ❌ Error reading register 1000 for IP 10.30.4.91: no connection to modbus server
[2025-03-01T08:16:51.054Z] Error writing to Modbus register: no connection to modbus server
[2025-03-01T08:16:51.055Z] Error reading register 3105 for IP 10.30.4.91: no connection to modbus server
[2025-03-01T08:16:51.056Z] ❌ Error reading register 1000 for IP 10.30.4.91: no connection to modbus server
[2025-03-01T08:16:51.056Z] Error reading actual data: no connection to modbus server
[2025-03-01T08:16:51.056Z] Error writing to Modbus register: no connection to modbus server
[2025-03-01T08:16:51.057Z] Error reading register 3105 for IP 10.30.4.91: no connection to modbus server
[2025-03-01T08:16:51.057Z] ❌ Error reading register 1000 for IP 10.30.4.91: no connection to modbus server
[2025-03-01T08:16:51.057Z] Error reading actual data: no connection to modbus server
[2025-03-01T08:16:51.057Z] Error writing to Modbus register: no connection to modbus server
[2025-03-01T08:16:51.082Z] Error reading register 3105 for IP 10.30.4.91: no connection to modbus server
[2025-03-01T08:16:51.082Z] ❌ Error reading register 1000 for IP 10.30.4.91: no connection to modbus server
[2025-03-01T08:16:51.083Z] Error reading register 3105 for IP 10.30.4.91: no connection to modbus server
[2025-03-01T08:16:51.083Z] Error reading actual data: no connection to modbus server
[2025-03-01T08:16:51.083Z] ❌ Error reading register 1000 for IP 10.30.4.91: no connection to modbus server
[2025-03-01T08:16:51.082Z] Error writing to Modbus register: no connection to modbus server
[2025-03-01T08:16:51.084Z] Error reading register 3105 for IP 10.30.4.91: no connection to modbus server
[2025-03-01T08:16:51.084Z] ❌ Error reading register 1000 for IP 10.30.4.91: no connection to modbus server
[2025-03-01T08:16:51.082Z] Error reading actual data: no connection to modbus server
[2025-03-01T08:16:51.083Z] Error writing to Modbus register: no connection to modbus server
[2025-03-01T08:16:51.084Z] Error writing to Modbus register: no connection to modbus server
[2025-03-01T08:16:51.084Z] Error reading actual data: no connection to modbus server
[2025-03-01T08:16:52.055Z] Error reading register 3105 for IP 10.30.4.91: no connection to modbus server
[2025-03-01T08:16:52.056Z] ❌ Error reading register 1000 for IP 10.30.4.91: no connection to modbus server
[2025-03-01T08:16:52.056Z] Error reading actual data: no connection to modbus server
[2025-03-01T08:16:52.056Z] Error writing to Modbus register: no connection to modbus server
[2025-03-01T08:16:52.056Z] Error reading register 3105 for IP 10.30.4.91: no connection to modbus server
[2025-03-01T08:16:52.057Z] ❌ Error reading register 1000 for IP 10.30.4.91: no connection to modbus server
[2025-03-01T08:16:52.057Z] Error reading actual data: no connection to modbus server
[2025-03-01T08:16:52.057Z] Error writing to Modbus register: no connection to modbus server
[2025-03-01T08:16:52.058Z] ❌ Error reading register 1000 for IP 10.30.4.91: no connection to modbus server
[2025-03-01T08:16:52.058Z] Error reading register 3105 for IP 10.30.4.91: no connection to modbus server
[2025-03-01T08:16:52.058Z] Error reading actual data: no connection to modbus server
[2025-03-01T08:16:52.058Z] Error writing to Modbus register: no connection to modbus server
[2025-03-01T08:16:52.085Z] Error reading register 3105 for IP 10.30.4.91: no connection to modbus server
[2025-03-01T08:16:52.085Z] ❌ Error reading register 1000 for IP 10.30.4.91: no connection to modbus server
[2025-03-01T08:16:52.086Z] Error writing to Modbus register: no connection to modbus server
[2025-03-01T08:16:52.086Z] Error reading register 3105 for IP 10.30.4.91: no connection to modbus server
[2025-03-01T08:16:52.086Z] ❌ Error reading register 1000 for IP 10.30.4.91: no connection to modbus server
[2025-03-01T08:16:52.087Z] Error reading actual data: no connection to modbus server
[2025-03-01T08:16:52.087Z] Error writing to Modbus register: no connection to modbus server
[2025-03-01T08:16:52.085Z] Error reading actual data: no connection to modbus server
[2025-03-01T08:16:52.087Z] Error reading register 3105 for IP 10.30.4.91: no connection to modbus server
[2025-03-01T08:16:52.087Z] ❌ Error reading register 1000 for IP 10.30.4.91: no connection to modbus server
[2025-03-01T08:16:52.088Z] Error reading actual data: no connection to modbus server
[2025-03-01T08:16:52.088Z] Error writing to Modbus register: no connection to modbus server
[2025-03-01T08:16:53.067Z] Error reading register 3105 for IP 10.30.4.91: no connection to modbus server
[2025-03-01T08:16:53.068Z] ❌ Error reading register 1000 for IP 10.30.4.91: no connection to modbus server
[2025-03-01T08:16:53.068Z] Error writing to Modbus register: no connection to modbus server
[2025-03-01T08:16:53.068Z] Error reading actual data: no connection to modbus server
[2025-03-01T08:16:53.068Z] Error reading register 3105 for IP 10.30.4.91: no connection to modbus server
[2025-03-01T08:16:53.068Z] ❌ Error reading register 1000 for IP 10.30.4.91: no connection to modbus server
[2025-03-01T08:16:53.068Z] Error reading actual data: no connection to modbus server
[2025-03-01T08:16:53.069Z] Error writing to Modbus register: no connection to modbus server
[2025-03-01T08:16:53.069Z] Error reading register 3105 for IP 10.30.4.91: no connection to modbus server
[2025-03-01T08:16:53.069Z] Error reading actual data: no connection to modbus server
[2025-03-01T08:16:53.069Z] ❌ Error reading register 1000 for IP 10.30.4.91: no connection to modbus server
[2025-03-01T08:16:53.069Z] Error writing to Modbus register: no connection to modbus server
[2025-03-01T08:16:53.084Z] Error reading register 3105 for IP 10.30.4.91: no connection to modbus server
[2025-03-01T08:16:53.085Z] ❌ Error reading register 1000 for IP 10.30.4.91: no connection to modbus server
[2025-03-01T08:16:53.085Z] Error reading actual data: no connection to modbus server
[2025-03-01T08:16:53.085Z] Error writing to Modbus register: no connection to modbus server
[2025-03-01T08:16:53.100Z] Error reading register 3105 for IP 10.30.4.91: no connection to modbus server
[2025-03-01T08:16:53.100Z] ❌ Error reading register 1000 for IP 10.30.4.91: no connection to modbus server
[2025-03-01T08:16:53.101Z] ❌ Error reading register 1000 for IP 10.30.4.91: no connection to modbus server
[2025-03-01T08:16:53.101Z] Error reading actual data: no connection to modbus server
[2025-03-01T08:16:53.102Z] Error writing to Modbus register: no connection to modbus server
[2025-03-01T08:16:53.101Z] Error reading register 3105 for IP 10.30.4.91: no connection to modbus server
[2025-03-01T08:16:53.100Z] Error reading actual data: no connection to modbus server
[2025-03-01T08:16:53.101Z] Error writing to Modbus register: no connection to modbus server
[2025-03-01T08:16:54.069Z] Error reading register 3105 for IP 10.30.4.91: no connection to modbus server
[2025-03-01T08:16:54.070Z] ❌ Error reading register 1000 for IP 10.30.4.91: no connection to modbus server
[2025-03-01T08:16:54.070Z] Error reading actual data: no connection to modbus server
[2025-03-01T08:16:54.071Z] Error writing to Modbus register: no connection to modbus server
[2025-03-01T08:16:54.073Z] Error reading register 3105 for IP 10.30.4.91: no connection to modbus server
[2025-03-01T08:16:54.073Z] ❌ Error reading register 1000 for IP 10.30.4.91: no connection to modbus server
[2025-03-01T08:16:54.073Z] Error reading actual data: no connection to modbus server
[2025-03-01T08:16:54.074Z] Error writing to Modbus register: no connection to modbus server
[2025-03-01T08:16:54.074Z] Error reading register 3105 for IP 10.30.4.91: no connection to modbus server
[2025-03-01T08:16:54.075Z] ❌ Error reading register 1000 for IP 10.30.4.91: no connection to modbus server
[2025-03-01T08:16:54.075Z] Error reading actual data: no connection to modbus server
[2025-03-01T08:16:54.075Z] Error writing to Modbus register: no connection to modbus server
[2025-03-01T08:16:54.085Z] Error reading register 3105 for IP 10.30.4.91: no connection to modbus server
[2025-03-01T08:16:54.085Z] ❌ Error reading register 1000 for IP 10.30.4.91: no connection to modbus server
[2025-03-01T08:16:54.085Z] Error reading actual data: no connection to modbus server
[2025-03-01T08:16:54.086Z] Error writing to Modbus register: no connection to modbus server
[2025-03-01T08:16:54.102Z] Error reading register 3105 for IP 10.30.4.91: no connection to modbus server
[2025-03-01T08:16:54.102Z] ❌ Error reading register 1000 for IP 10.30.4.91: no connection to modbus server
[2025-03-01T08:16:54.103Z] Error writing to Modbus register: no connection to modbus server
[2025-03-01T08:16:54.103Z] Error reading actual data: no connection to modbus server
[2025-03-01T08:16:54.104Z] Error reading register 3105 for IP 10.30.4.91: no connection to modbus server
[2025-03-01T08:16:54.104Z] ❌ Error reading register 1000 for IP 10.30.4.91: no connection to modbus server
[2025-03-01T08:16:54.105Z] Error reading actual data: no connection to modbus server
[2025-03-01T08:16:54.105Z] Error writing to Modbus register: no connection to modbus server
[2025-03-01T08:16:55.069Z] Error reading register 3105 for IP 10.30.4.91: no connection to modbus server
[2025-03-01T08:16:55.069Z] ❌ Error reading register 1000 for IP 10.30.4.91: no connection to modbus server
[2025-03-01T08:16:55.070Z] Error reading actual data: no connection to modbus server
[2025-03-01T08:16:55.071Z] Error writing to Modbus register: no connection to modbus server
[2025-03-01T08:16:55.073Z] Error reading register 3105 for IP 10.30.4.91: no connection to modbus server
[2025-03-01T08:16:55.074Z] ❌ Error reading register 1000 for IP 10.30.4.91: no connection to modbus server
[2025-03-01T08:16:55.074Z] Error reading actual data: no connection to modbus server
[2025-03-01T08:16:55.075Z] Error reading register 3105 for IP 10.30.4.91: no connection to modbus server
[2025-03-01T08:16:55.075Z] Error writing to Modbus register: no connection to modbus server
[2025-03-01T08:16:55.075Z] ❌ Error reading register 1000 for IP 10.30.4.91: no connection to modbus server
[2025-03-01T08:16:55.075Z] Error reading actual data: no connection to modbus server
[2025-03-01T08:16:55.076Z] Error writing to Modbus register: no connection to modbus server
[2025-03-01T08:16:55.100Z] Error reading register 3105 for IP 10.30.4.91: no connection to modbus server
[2025-03-01T08:16:55.100Z] ❌ Error reading register 1000 for IP 10.30.4.91: no connection to modbus server
[2025-03-01T08:16:55.101Z] Error reading actual data: no connection to modbus server
[2025-03-01T08:16:55.102Z] Error writing to Modbus register: no connection to modbus server
[2025-03-01T08:16:55.103Z] Error reading register 3105 for IP 10.30.4.91: no connection to modbus server
[2025-03-01T08:16:55.104Z] ❌ Error reading register 1000 for IP 10.30.4.91: no connection to modbus server
[2025-03-01T08:16:55.104Z] Error reading actual data: no connection to modbus server
[2025-03-01T08:16:55.105Z] Error writing to Modbus register: no connection to modbus server
[2025-03-01T08:16:55.107Z] Error reading register 3105 for IP 10.30.4.91: no connection to modbus server
[2025-03-01T08:16:55.107Z] ❌ Error reading register 1000 for IP 10.30.4.91: no connection to modbus server
[2025-03-01T08:16:55.108Z] Error writing to Modbus register: no connection to modbus server
[2025-03-01T08:16:55.108Z] Error reading actual data: no connection to modbus server
[2025-03-01T08:16:56.068Z] Error reading register 3105 for IP 10.30.4.91: no connection to modbus server
[2025-03-01T08:16:56.069Z] ❌ Error reading register 1000 for IP 10.30.4.91: no connection to modbus server
[2025-03-01T08:16:56.069Z] Error reading actual data: no connection to modbus server
[2025-03-01T08:16:56.071Z] Error writing to Modbus register: no connection to modbus server
[2025-03-01T08:16:56.073Z] Error reading register 3105 for IP 10.30.4.91: no connection to modbus server
[2025-03-01T08:16:56.073Z] ❌ Error reading register 1000 for IP 10.30.4.91: no connection to modbus server
[2025-03-01T08:16:56.073Z] Error reading actual data: no connection to modbus server
[2025-03-01T08:16:56.074Z] Error writing to Modbus register: no connection to modbus server
[2025-03-01T08:16:56.076Z] ❌ Error reading register 1000 for IP 10.30.4.91: no connection to modbus server
[2025-03-01T08:16:56.075Z] Error reading register 3105 for IP 10.30.4.91: no connection to modbus server
[2025-03-01T08:16:56.076Z] Error reading actual data: no connection to modbus server
[2025-03-01T08:16:56.076Z] Error writing to Modbus register: no connection to modbus server
[2025-03-01T08:16:56.111Z] Error reading register 3105 for IP 10.30.4.91: no connection to modbus server
[2025-03-01T08:16:56.111Z] ❌ Error reading register 1000 for IP 10.30.4.91: no connection to modbus server
[2025-03-01T08:16:56.113Z] Error reading register 3105 for IP 10.30.4.91: no connection to modbus server
[2025-03-01T08:16:56.114Z] ❌ Error reading register 1000 for IP 10.30.4.91: no connection to modbus server
[2025-03-01T08:16:56.114Z] Error reading actual data: no connection to modbus server
[2025-03-01T08:16:56.112Z] Error reading actual data: no connection to modbus server
[2025-03-01T08:16:56.112Z] Error writing to Modbus register: no connection to modbus server
[2025-03-01T08:16:56.114Z] Error writing to Modbus register: no connection to modbus server
[2025-03-01T08:16:56.115Z] Error reading register 3105 for IP 10.30.4.91: no connection to modbus server
[2025-03-01T08:16:56.115Z] ❌ Error reading register 1000 for IP 10.30.4.91: no connection to modbus server
[2025-03-01T08:16:56.115Z] Error reading actual data: no connection to modbus server
[2025-03-01T08:16:56.116Z] Error writing to Modbus register: no connection to modbus server
[2025-03-01T08:16:57.069Z] Error reading register 3105 for IP 10.30.4.91: no connection to modbus server
[2025-03-01T08:16:57.070Z] ❌ Error reading register 1000 for IP 10.30.4.91: no connection to modbus server
[2025-03-01T08:16:57.070Z] Error reading actual data: no connection to modbus server
[2025-03-01T08:16:57.071Z] Error writing to Modbus register: no connection to modbus server
[2025-03-01T08:16:57.073Z] Error reading register 3105 for IP 10.30.4.91: no connection to modbus server
[2025-03-01T08:16:57.073Z] ❌ Error reading register 1000 for IP 10.30.4.91: no connection to modbus server
[2025-03-01T08:16:57.073Z] Error reading actual data: no connection to modbus server
[2025-03-01T08:16:57.074Z] Error writing to Modbus register: no connection to modbus server
[2025-03-01T08:16:57.075Z] Error reading register 3105 for IP 10.30.4.91: no connection to modbus server
[2025-03-01T08:16:57.075Z] ❌ Error reading register 1000 for IP 10.30.4.91: no connection to modbus server
[2025-03-01T08:16:57.075Z] Error reading actual data: no connection to modbus server
[2025-03-01T08:16:57.076Z] Error writing to Modbus register: no connection to modbus server
[2025-03-01T08:16:57.120Z] Error reading register 3105 for IP 10.30.4.91: no connection to modbus server
[2025-03-01T08:16:57.120Z] ❌ Error reading register 1000 for IP 10.30.4.91: no connection to modbus server
[2025-03-01T08:16:57.123Z] Error reading register 3105 for IP 10.30.4.91: no connection to modbus server
[2025-03-01T08:16:57.123Z] ❌ Error reading register 1000 for IP 10.30.4.91: no connection to modbus server
[2025-03-01T08:16:57.122Z] Error writing to Modbus register: no connection to modbus server
[2025-03-01T08:16:57.124Z] Error reading actual data: no connection to modbus server
[2025-03-01T08:16:57.121Z] Error reading actual data: no connection to modbus server
[2025-03-01T08:16:57.125Z] Error reading register 3105 for IP 10.30.4.91: no connection to modbus server
[2025-03-01T08:16:57.126Z] Error writing to Modbus register: no connection to modbus server
[2025-03-01T08:16:57.126Z] ❌ Error reading register 1000 for IP 10.30.4.91: no connection to modbus server
[2025-03-01T08:16:57.126Z] Error reading actual data: no connection to modbus server
[2025-03-01T08:16:57.124Z] Error writing to Modbus register: no connection to modbus server
[2025-03-01T08:16:58.082Z] Error reading register 3105 for IP 10.30.4.91: no connection to modbus server
[2025-03-01T08:16:58.083Z] ❌ Error reading register 1000 for IP 10.30.4.91: no connection to modbus server
[2025-03-01T08:16:58.083Z] Error writing to Modbus register: no connection to modbus server
[2025-03-01T08:16:58.083Z] Error reading actual data: no connection to modbus server
[2025-03-01T08:16:58.083Z] Error reading register 3105 for IP 10.30.4.91: no connection to modbus server
[2025-03-01T08:16:58.083Z] ❌ Error reading register 1000 for IP 10.30.4.91: no connection to modbus server
[2025-03-01T08:16:58.084Z] Error reading actual data: no connection to modbus server
[2025-03-01T08:16:58.084Z] Error writing to Modbus register: no connection to modbus server
[2025-03-01T08:16:58.084Z] Error reading register 3105 for IP 10.30.4.91: no connection to modbus server
[2025-03-01T08:16:58.084Z] ❌ Error reading register 1000 for IP 10.30.4.91: no connection to modbus server
[2025-03-01T08:16:58.085Z] Error reading actual data: no connection to modbus server
[2025-03-01T08:16:58.085Z] Error writing to Modbus register: no connection to modbus server
[2025-03-01T08:16:58.134Z] Error reading register 3105 for IP 10.30.4.91: no connection to modbus server
[2025-03-01T08:16:58.135Z] ❌ Error reading register 1000 for IP 10.30.4.91: no connection to modbus server
[2025-03-01T08:16:58.136Z] Error reading register 3105 for IP 10.30.4.91: no connection to modbus server
[2025-03-01T08:16:58.135Z] Error reading actual data: no connection to modbus server
[2025-03-01T08:16:58.137Z] ❌ Error reading register 1000 for IP 10.30.4.91: no connection to modbus server
[2025-03-01T08:16:58.136Z] Error writing to Modbus register: no connection to modbus server
[2025-03-01T08:16:58.137Z] Error reading actual data: no connection to modbus server
[2025-03-01T08:16:58.137Z] Error writing to Modbus register: no connection to modbus server
[2025-03-01T08:16:58.138Z] Error reading register 3105 for IP 10.30.4.91: no connection to modbus server
[2025-03-01T08:16:58.138Z] ❌ Error reading register 1000 for IP 10.30.4.91: no connection to modbus server
[2025-03-01T08:16:58.139Z] Error reading actual data: no connection to modbus server
[2025-03-01T08:16:58.139Z] Error writing to Modbus register: no connection to modbus server
[2025-03-01T08:16:59.086Z] Error reading register 3105 for IP 10.30.4.91: no connection to modbus server
[2025-03-01T08:16:59.086Z] ❌ Error reading register 1000 for IP 10.30.4.91: no connection to modbus server
[2025-03-01T08:16:59.089Z] Error reading register 3105 for IP 10.30.4.91: no connection to modbus server
[2025-03-01T08:16:59.088Z] Error writing to Modbus register: no connection to modbus server
[2025-03-01T08:16:59.089Z] ❌ Error reading register 1000 for IP 10.30.4.91: no connection to modbus server
[2025-03-01T08:16:59.090Z] Error reading actual data: no connection to modbus server
[2025-03-01T08:16:59.091Z] Error reading register 3105 for IP 10.30.4.91: no connection to modbus server
[2025-03-01T08:16:59.091Z] ❌ Error reading register 1000 for IP 10.30.4.91: no connection to modbus server
[2025-03-01T08:16:59.092Z] Error reading actual data: no connection to modbus server
[2025-03-01T08:16:59.091Z] Error writing to Modbus register: no connection to modbus server
[2025-03-01T08:16:59.087Z] Error reading actual data: no connection to modbus server
[2025-03-01T08:16:59.092Z] Error writing to Modbus register: no connection to modbus server
[2025-03-01T08:16:59.140Z] ❌ Error reading register 1000 for IP 10.30.4.91: no connection to modbus server
[2025-03-01T08:16:59.142Z] Error reading register 3105 for IP 10.30.4.91: no connection to modbus server
[2025-03-01T08:16:59.142Z] ❌ Error reading register 1000 for IP 10.30.4.91: no connection to modbus server
[2025-03-01T08:16:59.143Z] Error reading actual data: no connection to modbus server
[2025-03-01T08:16:59.143Z] Error writing to Modbus register: no connection to modbus server
[2025-03-01T08:16:59.141Z] Error writing to Modbus register: no connection to modbus server
[2025-03-01T08:16:59.144Z] Error reading register 3105 for IP 10.30.4.91: no connection to modbus server
[2025-03-01T08:16:59.144Z] ❌ Error reading register 1000 for IP 10.30.4.91: no connection to modbus server
[2025-03-01T08:16:59.140Z] Error reading register 3105 for IP 10.30.4.91: no connection to modbus server
[2025-03-01T08:16:59.144Z] Error writing to Modbus register: no connection to modbus server
[2025-03-01T08:16:59.141Z] Error reading actual data: no connection to modbus server
[2025-03-01T08:16:59.144Z] Error reading actual data: no connection to modbus server
[2025-03-01T08:17:00.090Z] Error reading register 3105 for IP 10.30.4.91: no connection to modbus server
[2025-03-01T08:17:00.091Z] ❌ Error reading register 1000 for IP 10.30.4.91: no connection to modbus server
[2025-03-01T08:17:00.091Z] Error reading actual data: no connection to modbus server
[2025-03-01T08:17:00.091Z] Error reading register 3105 for IP 10.30.4.91: no connection to modbus server
[2025-03-01T08:17:00.091Z] ❌ Error reading register 1000 for IP 10.30.4.91: no connection to modbus server
[2025-03-01T08:17:00.091Z] Error writing to Modbus register: no connection to modbus server
[2025-03-01T08:17:00.092Z] Error reading actual data: no connection to modbus server
[2025-03-01T08:17:00.092Z] Error writing to Modbus register: no connection to modbus server
[2025-03-01T08:17:00.093Z] ❌ Error reading register 1000 for IP 10.30.4.91: no connection to modbus server
[2025-03-01T08:17:00.093Z] Error reading register 3105 for IP 10.30.4.91: no connection to modbus server
[2025-03-01T08:17:00.093Z] Error reading actual data: no connection to modbus server
[2025-03-01T08:17:00.093Z] Error writing to Modbus register: no connection to modbus server
[2025-03-01T08:17:00.153Z] Error reading register 3105 for IP 10.30.4.91: no connection to modbus server
[2025-03-01T08:17:00.154Z] Error reading actual data: no connection to modbus server
[2025-03-01T08:17:00.153Z] ❌ Error reading register 1000 for IP 10.30.4.91: no connection to modbus server
[2025-03-01T08:17:00.155Z] Error writing to Modbus register: no connection to modbus server
[2025-03-01T08:17:00.157Z] Error reading register 3105 for IP 10.30.4.91: no connection to modbus server
[2025-03-01T08:17:00.157Z] ❌ Error reading register 1000 for IP 10.30.4.91: no connection to modbus server
[2025-03-01T08:17:00.157Z] Error reading actual data: no connection to modbus server
[2025-03-01T08:17:00.158Z] Error writing to Modbus register: no connection to modbus server
[2025-03-01T08:17:00.159Z] Error reading register 3105 for IP 10.30.4.91: no connection to modbus server
[2025-03-01T08:17:00.159Z] ❌ Error reading register 1000 for IP 10.30.4.91: no connection to modbus server
[2025-03-01T08:17:00.160Z] Error reading actual data: no connection to modbus server
[2025-03-01T08:17:00.160Z] Error writing to Modbus register: no connection to modbus server
[2025-03-01T08:17:01.100Z] Error reading register 3105 for IP 10.30.4.91: no connection to modbus server
[2025-03-01T08:17:01.100Z] ❌ Error reading register 1000 for IP 10.30.4.91: no connection to modbus server
[2025-03-01T08:17:01.101Z] Error reading actual data: no connection to modbus server
[2025-03-01T08:17:01.101Z] Error writing to Modbus register: no connection to modbus server
[2025-03-01T08:17:01.101Z] Error reading register 3105 for IP 10.30.4.91: no connection to modbus server
[2025-03-01T08:17:01.101Z] ❌ Error reading register 1000 for IP 10.30.4.91: no connection to modbus server
[2025-03-01T08:17:01.102Z] Error reading actual data: no connection to modbus server
[2025-03-01T08:17:01.102Z] Error writing to Modbus register: no connection to modbus server
[2025-03-01T08:17:01.103Z] Error reading register 3105 for IP 10.30.4.91: no connection to modbus server
[2025-03-01T08:17:01.103Z] ❌ Error reading register 1000 for IP 10.30.4.91: no connection to modbus server
[2025-03-01T08:17:01.103Z] Error reading actual data: no connection to modbus server
[2025-03-01T08:17:01.103Z] Error writing to Modbus register: no connection to modbus server
[2025-03-01T08:17:01.157Z] Error reading register 3105 for IP 10.30.4.91: no connection to modbus server
[2025-03-01T08:17:01.157Z] ❌ Error reading register 1000 for IP 10.30.4.91: no connection to modbus server
[2025-03-01T08:17:01.157Z] Error reading actual data: no connection to modbus server
[2025-03-01T08:17:01.158Z] Error writing to Modbus register: no connection to modbus server
[2025-03-01T08:17:01.158Z] Error reading register 3105 for IP 10.30.4.91: no connection to modbus server
[2025-03-01T08:17:01.159Z] ❌ Error reading register 1000 for IP 10.30.4.91: no connection to modbus server
[2025-03-01T08:17:01.159Z] Error reading actual data: no connection to modbus server
[2025-03-01T08:17:01.160Z] Error writing to Modbus register: no connection to modbus server
[2025-03-01T08:17:01.160Z] Error reading register 3105 for IP 10.30.4.91: no connection to modbus server
[2025-03-01T08:17:01.161Z] ❌ Error reading register 1000 for IP 10.30.4.91: no connection to modbus server
[2025-03-01T08:17:01.161Z] Error reading actual data: no connection to modbus server
[2025-03-01T08:17:01.161Z] Error writing to Modbus register: no connection to modbus server
[2025-03-01T08:17:02.104Z] Error reading register 3105 for IP 10.30.4.91: no connection to modbus server
[2025-03-01T08:17:02.104Z] ❌ Error reading register 1000 for IP 10.30.4.91: no connection to modbus server
[2025-03-01T08:17:02.105Z] Error reading actual data: no connection to modbus server
[2025-03-01T08:17:02.106Z] Error writing to Modbus register: no connection to modbus server
[2025-03-01T08:17:02.107Z] ❌ Error reading register 1000 for IP 10.30.4.91: no connection to modbus server
[2025-03-01T08:17:02.107Z] Error reading register 3105 for IP 10.30.4.91: no connection to modbus server
[2025-03-01T08:17:02.108Z] Error reading actual data: no connection to modbus server
[2025-03-01T08:17:02.108Z] Error writing to Modbus register: no connection to modbus server
[2025-03-01T08:17:02.109Z] Error reading register 3105 for IP 10.30.4.91: no connection to modbus server
[2025-03-01T08:17:02.109Z] ❌ Error reading register 1000 for IP 10.30.4.91: no connection to modbus server
[2025-03-01T08:17:02.110Z] Error reading actual data: no connection to modbus server
[2025-03-01T08:17:02.111Z] Error writing to Modbus register: no connection to modbus server
[2025-03-01T08:17:02.167Z] Error reading register 3105 for IP 10.30.4.91: no connection to modbus server
[2025-03-01T08:17:02.167Z] ❌ Error reading register 1000 for IP 10.30.4.91: no connection to modbus server
[2025-03-01T08:17:02.169Z] ❌ Error reading register 1000 for IP 10.30.4.91: no connection to modbus server
[2025-03-01T08:17:02.169Z] Error reading actual data: no connection to modbus server
[2025-03-01T08:17:02.168Z] Error writing to Modbus register: no connection to modbus server
[2025-03-01T08:17:02.167Z] Error reading actual data: no connection to modbus server
[2025-03-01T08:17:02.170Z] Error writing to Modbus register: no connection to modbus server
[2025-03-01T08:17:02.170Z] Error reading register 3105 for IP 10.30.4.91: no connection to modbus server
[2025-03-01T08:17:02.169Z] Error reading register 3105 for IP 10.30.4.91: no connection to modbus server
[2025-03-01T08:17:02.171Z] ❌ Error reading register 1000 for IP 10.30.4.91: no connection to modbus server
[2025-03-01T08:17:02.171Z] Error reading actual data: no connection to modbus server
[2025-03-01T08:17:02.171Z] Error writing to Modbus register: no connection to modbus server
[2025-03-01T08:17:03.119Z] Error reading register 3105 for IP 10.30.4.91: no connection to modbus server
[2025-03-01T08:17:03.120Z] ❌ Error reading register 1000 for IP 10.30.4.91: no connection to modbus server
[2025-03-01T08:17:03.120Z] Error reading actual data: no connection to modbus server
[2025-03-01T08:17:03.123Z] ❌ Error reading register 1000 for IP 10.30.4.91: no connection to modbus server
[2025-03-01T08:17:03.124Z] Error writing to Modbus register: no connection to modbus server
[2025-03-01T08:17:03.123Z] Error reading actual data: no connection to modbus server
[2025-03-01T08:17:03.121Z] Error writing to Modbus register: no connection to modbus server
[2025-03-01T08:17:03.122Z] Error reading register 3105 for IP 10.30.4.91: no connection to modbus server
[2025-03-01T08:17:03.125Z] ❌ Error reading register 1000 for IP 10.30.4.91: no connection to modbus server
[2025-03-01T08:17:03.125Z] Error writing to Modbus register: no connection to modbus server
[2025-03-01T08:17:03.125Z] Error reading actual data: no connection to modbus server
[2025-03-01T08:17:03.125Z] Error reading register 3105 for IP 10.30.4.91: no connection to modbus server
[2025-03-01T08:17:03.168Z] Error reading register 3105 for IP 10.30.4.91: no connection to modbus server
[2025-03-01T08:17:03.169Z] ❌ Error reading register 1000 for IP 10.30.4.91: no connection to modbus server
[2025-03-01T08:17:03.169Z] Error reading actual data: no connection to modbus server
[2025-03-01T08:17:03.169Z] Error writing to Modbus register: no connection to modbus server
[2025-03-01T08:17:03.185Z] Error reading register 3105 for IP 10.30.4.91: no connection to modbus server
[2025-03-01T08:17:03.185Z] ❌ Error reading register 1000 for IP 10.30.4.91: no connection to modbus server
[2025-03-01T08:17:03.185Z] Error reading actual data: no connection to modbus server
[2025-03-01T08:17:03.186Z] Error writing to Modbus register: no connection to modbus server
[2025-03-01T08:17:03.186Z] Error reading register 3105 for IP 10.30.4.91: no connection to modbus server
[2025-03-01T08:17:03.186Z] ❌ Error reading register 1000 for IP 10.30.4.91: no connection to modbus server
[2025-03-01T08:17:03.186Z] Error reading actual data: no connection to modbus server
[2025-03-01T08:17:03.187Z] Error writing to Modbus register: no connection to modbus server
[2025-03-01T08:17:04.119Z] Error reading register 3105 for IP 10.30.4.91: no connection to modbus server
[2025-03-01T08:17:04.119Z] ❌ Error reading register 1000 for IP 10.30.4.91: no connection to modbus server
[2025-03-01T08:17:04.119Z] Error reading actual data: no connection to modbus server
[2025-03-01T08:17:04.120Z] Error writing to Modbus register: no connection to modbus server
[2025-03-01T08:17:04.131Z] Error reading register 3105 for IP 10.30.4.91: no connection to modbus server
[2025-03-01T08:17:04.131Z] ❌ Error reading register 1000 for IP 10.30.4.91: no connection to modbus server
[2025-03-01T08:17:04.131Z] Error reading actual data: no connection to modbus server
[2025-03-01T08:17:04.131Z] Error writing to Modbus register: no connection to modbus server
[2025-03-01T08:17:04.131Z] Error reading register 3105 for IP 10.30.4.91: no connection to modbus server
[2025-03-01T08:17:04.132Z] ❌ Error reading register 1000 for IP 10.30.4.91: no connection to modbus server
[2025-03-01T08:17:04.132Z] Error reading actual data: no connection to modbus server
[2025-03-01T08:17:04.132Z] Error writing to Modbus register: no connection to modbus server
[2025-03-01T08:17:04.182Z] Error reading register 3105 for IP 10.30.4.91: no connection to modbus server
[2025-03-01T08:17:04.182Z] ❌ Error reading register 1000 for IP 10.30.4.91: no connection to modbus server
[2025-03-01T08:17:04.182Z] Error reading actual data: no connection to modbus server
[2025-03-01T08:17:04.183Z] Error writing to Modbus register: no connection to modbus server
[2025-03-01T08:17:04.201Z] Error reading register 3105 for IP 10.30.4.91: no connection to modbus server
[2025-03-01T08:17:04.202Z] ❌ Error reading register 1000 for IP 10.30.4.91: no connection to modbus server
[2025-03-01T08:17:04.202Z] Error reading actual data: no connection to modbus server
[2025-03-01T08:17:04.202Z] Error writing to Modbus register: no connection to modbus server
[2025-03-01T08:17:04.202Z] Error reading register 3105 for IP 10.30.4.91: no connection to modbus server
[2025-03-01T08:17:04.202Z] ❌ Error reading register 1000 for IP 10.30.4.91: no connection to modbus server
[2025-03-01T08:17:04.203Z] Error writing to Modbus register: no connection to modbus server
[2025-03-01T08:17:04.202Z] Error reading actual data: no connection to modbus server
[2025-03-01T08:17:05.134Z] Error reading register 3105 for IP 10.30.4.91: no connection to modbus server
[2025-03-01T08:17:05.135Z] ❌ Error reading register 1000 for IP 10.30.4.91: no connection to modbus server
[2025-03-01T08:17:05.136Z] Error writing to Modbus register: no connection to modbus server
[2025-03-01T08:17:05.138Z] Error reading register 3105 for IP 10.30.4.91: no connection to modbus server
[2025-03-01T08:17:05.135Z] Error reading actual data: no connection to modbus server
[2025-03-01T08:17:05.139Z] Error reading register 3105 for IP 10.30.4.91: no connection to modbus server
[2025-03-01T08:17:05.139Z] ❌ Error reading register 1000 for IP 10.30.4.91: no connection to modbus server
[2025-03-01T08:17:05.139Z] Error reading actual data: no connection to modbus server
[2025-03-01T08:17:05.140Z] Error writing to Modbus register: no connection to modbus server
[2025-03-01T08:17:05.138Z] Error reading actual data: no connection to modbus server
[2025-03-01T08:17:05.138Z] ❌ Error reading register 1000 for IP 10.30.4.91: no connection to modbus server
[2025-03-01T08:17:05.139Z] Error writing to Modbus register: no connection to modbus server
[2025-03-01T08:17:05.191Z] ❌ Error reading register 1000 for IP 10.30.4.91: no connection to modbus server
[2025-03-01T08:17:05.190Z] Error reading register 3105 for IP 10.30.4.91: no connection to modbus server
[2025-03-01T08:17:05.191Z] Error writing to Modbus register: no connection to modbus server
[2025-03-01T08:17:05.191Z] Error reading actual data: no connection to modbus server
[2025-03-01T08:17:05.206Z] Error reading register 3105 for IP 10.30.4.91: no connection to modbus server
[2025-03-01T08:17:05.206Z] ❌ Error reading register 1000 for IP 10.30.4.91: no connection to modbus server
[2025-03-01T08:17:05.207Z] Error reading actual data: no connection to modbus server
[2025-03-01T08:17:05.207Z] Error writing to Modbus register: no connection to modbus server
[2025-03-01T08:17:05.207Z] Error reading register 3105 for IP 10.30.4.91: no connection to modbus server
[2025-03-01T08:17:05.207Z] ❌ Error reading register 1000 for IP 10.30.4.91: no connection to modbus server
[2025-03-01T08:17:05.207Z] Error reading actual data: no connection to modbus server
[2025-03-01T08:17:05.208Z] Error writing to Modbus register: no connection to modbus server
[2025-03-01T08:17:06.136Z] Error reading register 3105 for IP 10.30.4.91: no connection to modbus server
[2025-03-01T08:17:06.136Z] ❌ Error reading register 1000 for IP 10.30.4.91: no connection to modbus server
[2025-03-01T08:17:06.137Z] Error reading actual data: no connection to modbus server
[2025-03-01T08:17:06.138Z] Error writing to Modbus register: no connection to modbus server
[2025-03-01T08:17:06.140Z] ❌ Error reading register 1000 for IP 10.30.4.91: no connection to modbus server
[2025-03-01T08:17:06.139Z] Error reading register 3105 for IP 10.30.4.91: no connection to modbus server
[2025-03-01T08:17:06.140Z] Error reading actual data: no connection to modbus server
[2025-03-01T08:17:06.140Z] Error writing to Modbus register: no connection to modbus server
[2025-03-01T08:17:06.141Z] Error reading register 3105 for IP 10.30.4.91: no connection to modbus server
[2025-03-01T08:17:06.141Z] ❌ Error reading register 1000 for IP 10.30.4.91: no connection to modbus server
[2025-03-01T08:17:06.141Z] Error writing to Modbus register: no connection to modbus server
[2025-03-01T08:17:06.141Z] Error reading actual data: no connection to modbus server
[2025-03-01T08:17:06.204Z] Error reading register 3105 for IP 10.30.4.91: no connection to modbus server
[2025-03-01T08:17:06.205Z] ❌ Error reading register 1000 for IP 10.30.4.91: no connection to modbus server
[2025-03-01T08:17:06.206Z] Error reading actual data: no connection to modbus server
[2025-03-01T08:17:06.206Z] Error writing to Modbus register: no connection to modbus server
[2025-03-01T08:17:06.208Z] Error reading register 3105 for IP 10.30.4.91: no connection to modbus server
[2025-03-01T08:17:06.208Z] ❌ Error reading register 1000 for IP 10.30.4.91: no connection to modbus server
[2025-03-01T08:17:06.208Z] Error reading actual data: no connection to modbus server
[2025-03-01T08:17:06.209Z] Error writing to Modbus register: no connection to modbus server
[2025-03-01T08:17:06.210Z] Error reading register 3105 for IP 10.30.4.91: no connection to modbus server
[2025-03-01T08:17:06.210Z] Error reading actual data: no connection to modbus server
[2025-03-01T08:17:06.210Z] ❌ Error reading register 1000 for IP 10.30.4.91: no connection to modbus server
[2025-03-01T08:17:06.210Z] Error writing to Modbus register: no connection to modbus server
[2025-03-01T08:17:07.142Z] Error reading register 3105 for IP 10.30.4.91: no connection to modbus server
[2025-03-01T08:17:07.143Z] Error reading actual data: no connection to modbus server
[2025-03-01T08:17:07.143Z] ❌ Error reading register 1000 for IP 10.30.4.91: no connection to modbus server
[2025-03-01T08:17:07.144Z] Error writing to Modbus register: no connection to modbus server
[2025-03-01T08:17:07.145Z] Error reading register 3105 for IP 10.30.4.91: no connection to modbus server
[2025-03-01T08:17:07.145Z] Error reading actual data: no connection to modbus server
[2025-03-01T08:17:07.145Z] ❌ Error reading register 1000 for IP 10.30.4.91: no connection to modbus server
[2025-03-01T08:17:07.146Z] Error writing to Modbus register: no connection to modbus server
[2025-03-01T08:17:07.147Z] Error reading register 3105 for IP 10.30.4.91: no connection to modbus server
[2025-03-01T08:17:07.147Z] ❌ Error reading register 1000 for IP 10.30.4.91: no connection to modbus server
[2025-03-01T08:17:07.147Z] Error reading actual data: no connection to modbus server
[2025-03-01T08:17:07.147Z] Error writing to Modbus register: no connection to modbus server
[2025-03-01T08:17:07.218Z] Error reading register 3105 for IP 10.30.4.91: no connection to modbus server
[2025-03-01T08:17:07.218Z] ❌ Error reading register 1000 for IP 10.30.4.91: no connection to modbus server
[2025-03-01T08:17:07.219Z] Error reading actual data: no connection to modbus server
[2025-03-01T08:17:07.219Z] Error writing to Modbus register: no connection to modbus server
[2025-03-01T08:17:07.219Z] Error reading register 3105 for IP 10.30.4.91: no connection to modbus server
[2025-03-01T08:17:07.220Z] ❌ Error reading register 1000 for IP 10.30.4.91: no connection to modbus server
[2025-03-01T08:17:07.220Z] Error writing to Modbus register: no connection to modbus server
[2025-03-01T08:17:07.220Z] Error reading actual data: no connection to modbus server
[2025-03-01T08:17:07.220Z] Error reading register 3105 for IP 10.30.4.91: no connection to modbus server
[2025-03-01T08:17:07.220Z] ❌ Error reading register 1000 for IP 10.30.4.91: no connection to modbus server
[2025-03-01T08:17:07.220Z] Error reading actual data: no connection to modbus server
[2025-03-01T08:17:07.221Z] Error writing to Modbus register: no connection to modbus server
[2025-03-01T08:17:08.151Z] ❌ Error reading register 1000 for IP 10.30.4.91: no connection to modbus server
[2025-03-01T08:17:08.150Z] Error reading register 3105 for IP 10.30.4.91: no connection to modbus server
[2025-03-01T08:17:08.154Z] Error reading register 3105 for IP 10.30.4.91: no connection to modbus server
[2025-03-01T08:17:08.154Z] ❌ Error reading register 1000 for IP 10.30.4.91: no connection to modbus server
[2025-03-01T08:17:08.154Z] Error reading actual data: no connection to modbus server
[2025-03-01T08:17:08.155Z] Error writing to Modbus register: no connection to modbus server
[2025-03-01T08:17:08.155Z] Error reading register 3105 for IP 10.30.4.91: no connection to modbus server
[2025-03-01T08:17:08.156Z] ❌ Error reading register 1000 for IP 10.30.4.91: no connection to modbus server
[2025-03-01T08:17:08.156Z] Error reading actual data: no connection to modbus server
[2025-03-01T08:17:08.156Z] Error writing to Modbus register: no connection to modbus server
[2025-03-01T08:17:08.152Z] Error writing to Modbus register: no connection to modbus server
[2025-03-01T08:17:08.151Z] Error reading actual data: no connection to modbus server
[2025-03-01T08:17:08.222Z] Error reading register 3105 for IP 10.30.4.91: no connection to modbus server
[2025-03-01T08:17:08.222Z] ❌ Error reading register 1000 for IP 10.30.4.91: no connection to modbus server
[2025-03-01T08:17:08.223Z] ❌ Error reading register 1000 for IP 10.30.4.91: no connection to modbus server
[2025-03-01T08:17:08.223Z] Error reading register 3105 for IP 10.30.4.91: no connection to modbus server
[2025-03-01T08:17:08.222Z] Error reading actual data: no connection to modbus server
[2025-03-01T08:17:08.223Z] Error writing to Modbus register: no connection to modbus server
[2025-03-01T08:17:08.223Z] Error writing to Modbus register: no connection to modbus server
[2025-03-01T08:17:08.224Z] Error reading register 3105 for IP 10.30.4.91: no connection to modbus server
[2025-03-01T08:17:08.224Z] ❌ Error reading register 1000 for IP 10.30.4.91: no connection to modbus server
[2025-03-01T08:17:08.224Z] Error reading actual data: no connection to modbus server
[2025-03-01T08:17:08.224Z] Error writing to Modbus register: no connection to modbus server
[2025-03-01T08:17:08.223Z] Error reading actual data: no connection to modbus server
[2025-03-01T08:17:09.150Z] Error reading register 3105 for IP 10.30.4.91: no connection to modbus server
[2025-03-01T08:17:09.150Z] ❌ Error reading register 1000 for IP 10.30.4.91: no connection to modbus server
[2025-03-01T08:17:09.151Z] Error reading actual data: no connection to modbus server
[2025-03-01T08:17:09.154Z] Error reading register 3105 for IP 10.30.4.91: no connection to modbus server
[2025-03-01T08:17:09.152Z] Error writing to Modbus register: no connection to modbus server
[2025-03-01T08:17:09.155Z] ❌ Error reading register 1000 for IP 10.30.4.91: no connection to modbus server
[2025-03-01T08:17:09.155Z] Error reading actual data: no connection to modbus server
[2025-03-01T08:17:09.159Z] Error reading register 3105 for IP 10.30.4.91: no connection to modbus server
[2025-03-01T08:17:09.160Z] Error reading actual data: no connection to modbus server
[2025-03-01T08:17:09.160Z] ❌ Error reading register 1000 for IP 10.30.4.91: no connection to modbus server
[2025-03-01T08:17:09.160Z] Error writing to Modbus register: no connection to modbus server
[2025-03-01T08:17:09.159Z] Error writing to Modbus register: no connection to modbus server
[2025-03-01T08:17:09.227Z] Error reading register 3105 for IP 10.30.4.91: no connection to modbus server
[2025-03-01T08:17:09.227Z] ❌ Error reading register 1000 for IP 10.30.4.91: no connection to modbus server
[2025-03-01T08:17:09.227Z] Error reading actual data: no connection to modbus server
[2025-03-01T08:17:09.228Z] Error reading register 3105 for IP 10.30.4.91: no connection to modbus server
[2025-03-01T08:17:09.228Z] ❌ Error reading register 1000 for IP 10.30.4.91: no connection to modbus server
[2025-03-01T08:17:09.229Z] Error reading actual data: no connection to modbus server
[2025-03-01T08:17:09.228Z] Error writing to Modbus register: no connection to modbus server
[2025-03-01T08:17:09.229Z] Error reading register 3105 for IP 10.30.4.91: no connection to modbus server
[2025-03-01T08:17:09.229Z] Error writing to Modbus register: no connection to modbus server
[2025-03-01T08:17:09.229Z] ❌ Error reading register 1000 for IP 10.30.4.91: no connection to modbus server
[2025-03-01T08:17:09.229Z] Error reading actual data: no connection to modbus server
[2025-03-01T08:17:09.230Z] Error writing to Modbus register: no connection to modbus server
[2025-03-01T08:17:10.170Z] Error reading register 3105 for IP 10.30.4.91: no connection to modbus server
[2025-03-01T08:17:10.170Z] ❌ Error reading register 1000 for IP 10.30.4.91: no connection to modbus server
[2025-03-01T08:17:10.172Z] Error writing to Modbus register: no connection to modbus server
[2025-03-01T08:17:10.171Z] Error reading actual data: no connection to modbus server
[2025-03-01T08:17:10.173Z] Error reading register 3105 for IP 10.30.4.91: no connection to modbus server
[2025-03-01T08:17:10.173Z] ❌ Error reading register 1000 for IP 10.30.4.91: no connection to modbus server
[2025-03-01T08:17:10.174Z] Error reading actual data: no connection to modbus server
[2025-03-01T08:17:10.175Z] Error writing to Modbus register: no connection to modbus server
[2025-03-01T08:17:10.176Z] Error reading register 3105 for IP 10.30.4.91: no connection to modbus server
[2025-03-01T08:17:10.176Z] ❌ Error reading register 1000 for IP 10.30.4.91: no connection to modbus server
[2025-03-01T08:17:10.176Z] Error reading actual data: no connection to modbus server
[2025-03-01T08:17:10.177Z] Error writing to Modbus register: no connection to modbus server
[2025-03-01T08:17:10.232Z] Error reading register 3105 for IP 10.30.4.91: no connection to modbus server
[2025-03-01T08:17:10.232Z] ❌ Error reading register 1000 for IP 10.30.4.91: no connection to modbus server
[2025-03-01T08:17:10.233Z] Error reading actual data: no connection to modbus server
[2025-03-01T08:17:10.234Z] Error writing to Modbus register: no connection to modbus server
[2025-03-01T08:17:10.235Z] Error reading register 3105 for IP 10.30.4.91: no connection to modbus server
[2025-03-01T08:17:10.235Z] ❌ Error reading register 1000 for IP 10.30.4.91: no connection to modbus server
[2025-03-01T08:17:10.236Z] Error reading actual data: no connection to modbus server
[2025-03-01T08:17:10.236Z] Error writing to Modbus register: no connection to modbus server
[2025-03-01T08:17:10.237Z] Error reading register 3105 for IP 10.30.4.91: no connection to modbus server
[2025-03-01T08:17:10.237Z] ❌ Error reading register 1000 for IP 10.30.4.91: no connection to modbus server
[2025-03-01T08:17:10.238Z] Error reading actual data: no connection to modbus server
[2025-03-01T08:17:10.238Z] Error writing to Modbus register: no connection to modbus server
[2025-03-01T08:17:11.180Z] Error reading register 3105 for IP 10.30.4.91: no connection to modbus server
[2025-03-01T08:17:11.181Z] ❌ Error reading register 1000 for IP 10.30.4.91: no connection to modbus server
[2025-03-01T08:17:11.181Z] Error reading actual data: no connection to modbus server
[2025-03-01T08:17:11.181Z] Error writing to Modbus register: no connection to modbus server
[2025-03-01T08:17:11.182Z] Error reading register 3105 for IP 10.30.4.91: no connection to modbus server
[2025-03-01T08:17:11.182Z] ❌ Error reading register 1000 for IP 10.30.4.91: no connection to modbus server
[2025-03-01T08:17:11.183Z] Error writing to Modbus register: no connection to modbus server
[2025-03-01T08:17:11.184Z] Error reading register 3105 for IP 10.30.4.91: no connection to modbus server
[2025-03-01T08:17:11.184Z] ❌ Error reading register 1000 for IP 10.30.4.91: no connection to modbus server
[2025-03-01T08:17:11.185Z] Error reading actual data: no connection to modbus server
[2025-03-01T08:17:11.183Z] Error reading actual data: no connection to modbus server
[2025-03-01T08:17:11.185Z] Error writing to Modbus register: no connection to modbus server
[2025-03-01T08:17:11.235Z] Error reading register 3105 for IP 10.30.4.91: no connection to modbus server
[2025-03-01T08:17:11.235Z] ❌ Error reading register 1000 for IP 10.30.4.91: no connection to modbus server
[2025-03-01T08:17:11.235Z] Error reading actual data: no connection to modbus server
[2025-03-01T08:17:11.235Z] Error writing to Modbus register: no connection to modbus server
[2025-03-01T08:17:11.236Z] ❌ Error reading register 1000 for IP 10.30.4.91: no connection to modbus server
[2025-03-01T08:17:11.236Z] Error reading register 3105 for IP 10.30.4.91: no connection to modbus server
[2025-03-01T08:17:11.236Z] Error reading actual data: no connection to modbus server
[2025-03-01T08:17:11.236Z] Error writing to Modbus register: no connection to modbus server
[2025-03-01T08:17:11.237Z] Error reading register 3105 for IP 10.30.4.91: no connection to modbus server
[2025-03-01T08:17:11.237Z] ❌ Error reading register 1000 for IP 10.30.4.91: no connection to modbus server
[2025-03-01T08:17:11.237Z] Error reading actual data: no connection to modbus server
[2025-03-01T08:17:11.237Z] Error writing to Modbus register: no connection to modbus server
[2025-03-01T08:17:12.185Z] Error reading register 3105 for IP 10.30.4.91: no connection to modbus server
[2025-03-01T08:17:12.185Z] ❌ Error reading register 1000 for IP 10.30.4.91: no connection to modbus server
[2025-03-01T08:17:12.186Z] ❌ Error reading register 1000 for IP 10.30.4.91: no connection to modbus server
[2025-03-01T08:17:12.186Z] Error reading actual data: no connection to modbus server
[2025-03-01T08:17:12.187Z] Error writing to Modbus register: no connection to modbus server
[2025-03-01T08:17:12.187Z] Error reading register 3105 for IP 10.30.4.91: no connection to modbus server
[2025-03-01T08:17:12.187Z] ❌ Error reading register 1000 for IP 10.30.4.91: no connection to modbus server
[2025-03-01T08:17:12.185Z] Error reading actual data: no connection to modbus server
[2025-03-01T08:17:12.186Z] Error reading register 3105 for IP 10.30.4.91: no connection to modbus server
[2025-03-01T08:17:12.187Z] Error reading actual data: no connection to modbus server
[2025-03-01T08:17:12.186Z] Error writing to Modbus register: no connection to modbus server
[2025-03-01T08:17:12.187Z] Error writing to Modbus register: no connection to modbus server
[2025-03-01T08:17:12.252Z] Error reading register 3105 for IP 10.30.4.91: no connection to modbus server
[2025-03-01T08:17:12.252Z] ❌ Error reading register 1000 for IP 10.30.4.91: no connection to modbus server
[2025-03-01T08:17:12.252Z] Error reading actual data: no connection to modbus server
[2025-03-01T08:17:12.252Z] Error writing to Modbus register: no connection to modbus server
[2025-03-01T08:17:12.253Z] Error reading register 3105 for IP 10.30.4.91: no connection to modbus server
[2025-03-01T08:17:12.253Z] ❌ Error reading register 1000 for IP 10.30.4.91: no connection to modbus server
[2025-03-01T08:17:12.253Z] Error reading actual data: no connection to modbus server
[2025-03-01T08:17:12.254Z] Error writing to Modbus register: no connection to modbus server
[2025-03-01T08:17:12.255Z] ❌ Error reading register 1000 for IP 10.30.4.91: no connection to modbus server
[2025-03-01T08:17:12.255Z] Error reading register 3105 for IP 10.30.4.91: no connection to modbus server
[2025-03-01T08:17:12.255Z] Error reading actual data: no connection to modbus server
[2025-03-01T08:17:12.255Z] Error writing to Modbus register: no connection to modbus server
[2025-03-01T08:17:13.200Z] Error reading register 3105 for IP 10.30.4.91: no connection to modbus server
[2025-03-01T08:17:13.201Z] ❌ Error reading register 1000 for IP 10.30.4.91: no connection to modbus server
[2025-03-01T08:17:13.201Z] Error reading actual data: no connection to modbus server
[2025-03-01T08:17:13.202Z] Error writing to Modbus register: no connection to modbus server
[2025-03-01T08:17:13.203Z] Error reading register 3105 for IP 10.30.4.91: no connection to modbus server
[2025-03-01T08:17:13.204Z] ❌ Error reading register 1000 for IP 10.30.4.91: no connection to modbus server
[2025-03-01T08:17:13.204Z] Error reading actual data: no connection to modbus server
[2025-03-01T08:17:13.205Z] Error writing to Modbus register: no connection to modbus server
[2025-03-01T08:17:13.206Z] ❌ Error reading register 1000 for IP 10.30.4.91: no connection to modbus server
[2025-03-01T08:17:13.206Z] Error reading register 3105 for IP 10.30.4.91: no connection to modbus server
[2025-03-01T08:17:13.206Z] Error reading actual data: no connection to modbus server
[2025-03-01T08:17:13.207Z] Error writing to Modbus register: no connection to modbus server
[2025-03-01T08:17:13.268Z] Error reading register 3105 for IP 10.30.4.91: no connection to modbus server
[2025-03-01T08:17:13.268Z] ❌ Error reading register 1000 for IP 10.30.4.91: no connection to modbus server
[2025-03-01T08:17:13.268Z] Error reading actual data: no connection to modbus server
[2025-03-01T08:17:13.269Z] Error writing to Modbus register: no connection to modbus server
[2025-03-01T08:17:13.269Z] Error reading register 3105 for IP 10.30.4.91: no connection to modbus server
[2025-03-01T08:17:13.269Z] ❌ Error reading register 1000 for IP 10.30.4.91: no connection to modbus server
[2025-03-01T08:17:13.270Z] Error writing to Modbus register: no connection to modbus server
[2025-03-01T08:17:13.270Z] Error reading register 3105 for IP 10.30.4.91: no connection to modbus server
[2025-03-01T08:17:13.270Z] Error reading actual data: no connection to modbus server
[2025-03-01T08:17:13.271Z] Error reading actual data: no connection to modbus server
[2025-03-01T08:17:13.270Z] ❌ Error reading register 1000 for IP 10.30.4.91: no connection to modbus server
[2025-03-01T08:17:13.271Z] Error writing to Modbus register: no connection to modbus server
[2025-03-01T08:17:14.202Z] Error reading register 3105 for IP 10.30.4.91: no connection to modbus server
[2025-03-01T08:17:14.203Z] ❌ Error reading register 1000 for IP 10.30.4.91: no connection to modbus server
[2025-03-01T08:17:14.203Z] Error reading actual data: no connection to modbus server
[2025-03-01T08:17:14.204Z] Error writing to Modbus register: no connection to modbus server
[2025-03-01T08:17:14.206Z] Error reading register 3105 for IP 10.30.4.91: no connection to modbus server
[2025-03-01T08:17:14.206Z] ❌ Error reading register 1000 for IP 10.30.4.91: no connection to modbus server
[2025-03-01T08:17:14.207Z] Error reading actual data: no connection to modbus server
[2025-03-01T08:17:14.208Z] Error writing to Modbus register: no connection to modbus server
[2025-03-01T08:17:14.209Z] Error reading register 3105 for IP 10.30.4.91: no connection to modbus server
[2025-03-01T08:17:14.209Z] Error reading actual data: no connection to modbus server
[2025-03-01T08:17:14.209Z] ❌ Error reading register 1000 for IP 10.30.4.91: no connection to modbus server
[2025-03-01T08:17:14.209Z] Error writing to Modbus register: no connection to modbus server
[2025-03-01T08:17:14.270Z] Error reading register 3105 for IP 10.30.4.91: no connection to modbus server
[2025-03-01T08:17:14.270Z] ❌ Error reading register 1000 for IP 10.30.4.91: no connection to modbus server
[2025-03-01T08:17:14.271Z] Error reading actual data: no connection to modbus server
[2025-03-01T08:17:14.272Z] Error writing to Modbus register: no connection to modbus server
[2025-03-01T08:17:14.273Z] ❌ Error reading register 1000 for IP 10.30.4.91: no connection to modbus server
[2025-03-01T08:17:14.273Z] Error reading register 3105 for IP 10.30.4.91: no connection to modbus server
[2025-03-01T08:17:14.273Z] Error reading actual data: no connection to modbus server
[2025-03-01T08:17:14.274Z] Error writing to Modbus register: no connection to modbus server
[2025-03-01T08:17:14.275Z] Error reading register 3105 for IP 10.30.4.91: no connection to modbus server
[2025-03-01T08:17:14.275Z] ❌ Error reading register 1000 for IP 10.30.4.91: no connection to modbus server
[2025-03-01T08:17:14.275Z] Error reading actual data: no connection to modbus server
[2025-03-01T08:17:14.276Z] Error writing to Modbus register: no connection to modbus server
[2025-03-01T08:17:15.209Z] Error reading register 3105 for IP 10.30.4.91: no connection to modbus server
[2025-03-01T08:17:15.209Z] ❌ Error reading register 1000 for IP 10.30.4.91: no connection to modbus server
[2025-03-01T08:17:15.210Z] Error reading actual data: no connection to modbus server
[2025-03-01T08:17:15.210Z] Error writing to Modbus register: no connection to modbus server
[2025-03-01T08:17:15.211Z] Error reading register 3105 for IP 10.30.4.91: no connection to modbus server
[2025-03-01T08:17:15.211Z] ❌ Error reading register 1000 for IP 10.30.4.91: no connection to modbus server
[2025-03-01T08:17:15.212Z] Error reading actual data: no connection to modbus server
[2025-03-01T08:17:15.213Z] Error reading register 3105 for IP 10.30.4.91: no connection to modbus server
[2025-03-01T08:17:15.212Z] Error writing to Modbus register: no connection to modbus server
[2025-03-01T08:17:15.213Z] ❌ Error reading register 1000 for IP 10.30.4.91: no connection to modbus server
[2025-03-01T08:17:15.213Z] Error reading actual data: no connection to modbus server
[2025-03-01T08:17:15.214Z] Error writing to Modbus register: no connection to modbus server
[2025-03-01T08:17:15.269Z] Error reading register 3105 for IP 10.30.4.91: no connection to modbus server
[2025-03-01T08:17:15.270Z] ❌ Error reading register 1000 for IP 10.30.4.91: no connection to modbus server
[2025-03-01T08:17:15.270Z] Error reading actual data: no connection to modbus server
[2025-03-01T08:17:15.273Z] Error writing to Modbus register: no connection to modbus server
[2025-03-01T08:17:15.274Z] Error reading register 3105 for IP 10.30.4.91: no connection to modbus server
[2025-03-01T08:17:15.274Z] ❌ Error reading register 1000 for IP 10.30.4.91: no connection to modbus server
[2025-03-01T08:17:15.274Z] Error reading actual data: no connection to modbus server
[2025-03-01T08:17:15.275Z] Error writing to Modbus register: no connection to modbus server
[2025-03-01T08:17:15.276Z] Error reading register 3105 for IP 10.30.4.91: no connection to modbus server
[2025-03-01T08:17:15.276Z] ❌ Error reading register 1000 for IP 10.30.4.91: no connection to modbus server
[2025-03-01T08:17:15.277Z] Error reading actual data: no connection to modbus server
[2025-03-01T08:17:15.278Z] Error writing to Modbus register: no connection to modbus server
[2025-03-01T08:17:16.219Z] Error reading register 3105 for IP 10.30.4.91: no connection to modbus server
[2025-03-01T08:17:16.219Z] ❌ Error reading register 1000 for IP 10.30.4.91: no connection to modbus server
[2025-03-01T08:17:16.220Z] Error writing to Modbus register: no connection to modbus server
[2025-03-01T08:17:16.220Z] Error reading register 3105 for IP 10.30.4.91: no connection to modbus server
[2025-03-01T08:17:16.220Z] ❌ Error reading register 1000 for IP 10.30.4.91: no connection to modbus server
[2025-03-01T08:17:16.221Z] Error reading register 3105 for IP 10.30.4.91: no connection to modbus server
[2025-03-01T08:17:16.220Z] Error reading actual data: no connection to modbus server
[2025-03-01T08:17:16.221Z] ❌ Error reading register 1000 for IP 10.30.4.91: no connection to modbus server
[2025-03-01T08:17:16.221Z] Error writing to Modbus register: no connection to modbus server
[2025-03-01T08:17:16.221Z] Error reading actual data: no connection to modbus server
[2025-03-01T08:17:16.219Z] Error reading actual data: no connection to modbus server
[2025-03-01T08:17:16.222Z] Error writing to Modbus register: no connection to modbus server
[2025-03-01T08:17:16.275Z] Error reading register 3105 for IP 10.30.4.91: no connection to modbus server
[2025-03-01T08:17:16.275Z] Error reading actual data: no connection to modbus server
[2025-03-01T08:17:16.275Z] ❌ Error reading register 1000 for IP 10.30.4.91: no connection to modbus server
[2025-03-01T08:17:16.275Z] Error writing to Modbus register: no connection to modbus server
[2025-03-01T08:17:16.276Z] Error reading register 3105 for IP 10.30.4.91: no connection to modbus server
[2025-03-01T08:17:16.276Z] ❌ Error reading register 1000 for IP 10.30.4.91: no connection to modbus server
[2025-03-01T08:17:16.276Z] Error reading actual data: no connection to modbus server
[2025-03-01T08:17:16.276Z] Error writing to Modbus register: no connection to modbus server
[2025-03-01T08:17:16.278Z] Error reading register 3105 for IP 10.30.4.91: no connection to modbus server
[2025-03-01T08:17:16.278Z] ❌ Error reading register 1000 for IP 10.30.4.91: no connection to modbus server
[2025-03-01T08:17:16.278Z] Error reading actual data: no connection to modbus server
[2025-03-01T08:17:16.278Z] Error writing to Modbus register: no connection to modbus server
[2025-03-01T08:17:17.222Z] Error reading register 3105 for IP 10.30.4.91: no connection to modbus server
[2025-03-01T08:17:17.223Z] Error reading actual data: no connection to modbus server
[2025-03-01T08:17:17.223Z] Error writing to Modbus register: no connection to modbus server
[2025-03-01T08:17:17.222Z] ❌ Error reading register 1000 for IP 10.30.4.91: no connection to modbus server
[2025-03-01T08:17:17.226Z] Error writing to Modbus register: no connection to modbus server
[2025-03-01T08:17:17.226Z] Error reading register 3105 for IP 10.30.4.91: no connection to modbus server
[2025-03-01T08:17:17.225Z] ❌ Error reading register 1000 for IP 10.30.4.91: no connection to modbus server
[2025-03-01T08:17:17.224Z] Error reading register 3105 for IP 10.30.4.91: no connection to modbus server
[2025-03-01T08:17:17.226Z] Error reading actual data: no connection to modbus server
[2025-03-01T08:17:17.225Z] Error reading actual data: no connection to modbus server
[2025-03-01T08:17:17.226Z] ❌ Error reading register 1000 for IP 10.30.4.91: no connection to modbus server
[2025-03-01T08:17:17.227Z] Error writing to Modbus register: no connection to modbus server
[2025-03-01T08:17:17.284Z] Error reading register 3105 for IP 10.30.4.91: no connection to modbus server
[2025-03-01T08:17:17.285Z] ❌ Error reading register 1000 for IP 10.30.4.91: no connection to modbus server
[2025-03-01T08:17:17.286Z] Error reading register 3105 for IP 10.30.4.91: no connection to modbus server
[2025-03-01T08:17:17.287Z] Error reading actual data: no connection to modbus server
[2025-03-01T08:17:17.287Z] ❌ Error reading register 1000 for IP 10.30.4.91: no connection to modbus server
[2025-03-01T08:17:17.285Z] Error reading actual data: no connection to modbus server
[2025-03-01T08:17:17.288Z] Error writing to Modbus register: no connection to modbus server
[2025-03-01T08:17:17.286Z] Error writing to Modbus register: no connection to modbus server
[2025-03-01T08:17:17.288Z] Error reading register 3105 for IP 10.30.4.91: no connection to modbus server
[2025-03-01T08:17:17.288Z] ❌ Error reading register 1000 for IP 10.30.4.91: no connection to modbus server
[2025-03-01T08:17:17.289Z] Error reading actual data: no connection to modbus server
[2025-03-01T08:17:17.289Z] Error writing to Modbus register: no connection to modbus server
[2025-03-01T08:17:18.236Z] Error reading register 3105 for IP 10.30.4.91: no connection to modbus server
[2025-03-01T08:17:18.237Z] ❌ Error reading register 1000 for IP 10.30.4.91: no connection to modbus server
[2025-03-01T08:17:18.240Z] ❌ Error reading register 1000 for IP 10.30.4.91: no connection to modbus server
[2025-03-01T08:17:18.240Z] Error reading actual data: no connection to modbus server
[2025-03-01T08:17:18.240Z] Error writing to Modbus register: no connection to modbus server
[2025-03-01T08:17:18.240Z] Error reading register 3105 for IP 10.30.4.91: no connection to modbus server
[2025-03-01T08:17:18.240Z] ❌ Error reading register 1000 for IP 10.30.4.91: no connection to modbus server
[2025-03-01T08:17:18.241Z] Error reading actual data: no connection to modbus server
[2025-03-01T08:17:18.237Z] Error reading actual data: no connection to modbus server
[2025-03-01T08:17:18.240Z] Error reading register 3105 for IP 10.30.4.91: no connection to modbus server
[2025-03-01T08:17:18.238Z] Error writing to Modbus register: no connection to modbus server
[2025-03-01T08:17:18.241Z] Error writing to Modbus register: no connection to modbus server
[2025-03-01T08:17:18.286Z] Error reading register 3105 for IP 10.30.4.91: no connection to modbus server
[2025-03-01T08:17:18.286Z] ❌ Error reading register 1000 for IP 10.30.4.91: no connection to modbus server
[2025-03-01T08:17:18.287Z] Error reading actual data: no connection to modbus server
[2025-03-01T08:17:18.288Z] Error writing to Modbus register: no connection to modbus server
[2025-03-01T08:17:18.290Z] ❌ Error reading register 1000 for IP 10.30.4.91: no connection to modbus server
[2025-03-01T08:17:18.290Z] Error reading actual data: no connection to modbus server
[2025-03-01T08:17:18.290Z] Error reading register 3105 for IP 10.30.4.91: no connection to modbus server
[2025-03-01T08:17:18.291Z] Error writing to Modbus register: no connection to modbus server
[2025-03-01T08:17:18.291Z] Error reading register 3105 for IP 10.30.4.91: no connection to modbus server
[2025-03-01T08:17:18.291Z] ❌ Error reading register 1000 for IP 10.30.4.91: no connection to modbus server
[2025-03-01T08:17:18.291Z] Error reading actual data: no connection to modbus server
[2025-03-01T08:17:18.292Z] Error writing to Modbus register: no connection to modbus server
[2025-03-01T08:17:19.236Z] Error reading register 3105 for IP 10.30.4.91: no connection to modbus server
[2025-03-01T08:17:19.237Z] ❌ Error reading register 1000 for IP 10.30.4.91: no connection to modbus server
[2025-03-01T08:17:19.237Z] Error reading actual data: no connection to modbus server
[2025-03-01T08:17:19.238Z] Error writing to Modbus register: no connection to modbus server
[2025-03-01T08:17:19.240Z] Error reading register 3105 for IP 10.30.4.91: no connection to modbus server
[2025-03-01T08:17:19.240Z] ❌ Error reading register 1000 for IP 10.30.4.91: no connection to modbus server
[2025-03-01T08:17:19.240Z] Error reading actual data: no connection to modbus server
[2025-03-01T08:17:19.241Z] Error writing to Modbus register: no connection to modbus server
[2025-03-01T08:17:19.242Z] ❌ Error reading register 1000 for IP 10.30.4.91: no connection to modbus server
[2025-03-01T08:17:19.242Z] Error reading register 3105 for IP 10.30.4.91: no connection to modbus server
[2025-03-01T08:17:19.242Z] Error writing to Modbus register: no connection to modbus server
[2025-03-01T08:17:19.242Z] Error reading actual data: no connection to modbus server
[2025-03-01T08:17:19.303Z] Error reading register 3105 for IP 10.30.4.91: no connection to modbus server
[2025-03-01T08:17:19.303Z] ❌ Error reading register 1000 for IP 10.30.4.91: no connection to modbus server
[2025-03-01T08:17:19.307Z] ❌ Error reading register 1000 for IP 10.30.4.91: no connection to modbus server
[2025-03-01T08:17:19.304Z] Error reading actual data: no connection to modbus server
[2025-03-01T08:17:19.307Z] Error reading actual data: no connection to modbus server
[2025-03-01T08:17:19.306Z] Error reading register 3105 for IP 10.30.4.91: no connection to modbus server
[2025-03-01T08:17:19.307Z] Error writing to Modbus register: no connection to modbus server
[2025-03-01T08:17:19.307Z] Error reading register 3105 for IP 10.30.4.91: no connection to modbus server
[2025-03-01T08:17:19.308Z] Error reading actual data: no connection to modbus server
[2025-03-01T08:17:19.307Z] ❌ Error reading register 1000 for IP 10.30.4.91: no connection to modbus server
[2025-03-01T08:17:19.305Z] Error writing to Modbus register: no connection to modbus server
[2025-03-01T08:17:19.308Z] Error writing to Modbus register: no connection to modbus server
[2025-03-01T08:17:20.237Z] Error reading register 3105 for IP 10.30.4.91: no connection to modbus server
[2025-03-01T08:17:20.237Z] ❌ Error reading register 1000 for IP 10.30.4.91: no connection to modbus server
[2025-03-01T08:17:20.238Z] Error reading actual data: no connection to modbus server
[2025-03-01T08:17:20.239Z] Error writing to Modbus register: no connection to modbus server
[2025-03-01T08:17:20.240Z] Error reading register 3105 for IP 10.30.4.91: no connection to modbus server
[2025-03-01T08:17:20.240Z] ❌ Error reading register 1000 for IP 10.30.4.91: no connection to modbus server
[2025-03-01T08:17:20.241Z] Error reading actual data: no connection to modbus server
[2025-03-01T08:17:20.241Z] Error writing to Modbus register: no connection to modbus server
[2025-03-01T08:17:20.242Z] Error reading register 3105 for IP 10.30.4.91: no connection to modbus server
[2025-03-01T08:17:20.242Z] ❌ Error reading register 1000 for IP 10.30.4.91: no connection to modbus server
[2025-03-01T08:17:20.242Z] Error reading actual data: no connection to modbus server
[2025-03-01T08:17:20.243Z] Error writing to Modbus register: no connection to modbus server
[2025-03-01T08:17:20.303Z] Error reading register 3105 for IP 10.30.4.91: no connection to modbus server
[2025-03-01T08:17:20.304Z] ❌ Error reading register 1000 for IP 10.30.4.91: no connection to modbus server
[2025-03-01T08:17:20.304Z] Error reading actual data: no connection to modbus server
[2025-03-01T08:17:20.306Z] Error writing to Modbus register: no connection to modbus server
[2025-03-01T08:17:20.308Z] Error reading register 3105 for IP 10.30.4.91: no connection to modbus server
[2025-03-01T08:17:20.308Z] ❌ Error reading register 1000 for IP 10.30.4.91: no connection to modbus server
[2025-03-01T08:17:20.309Z] Error writing to Modbus register: no connection to modbus server
[2025-03-01T08:17:20.309Z] Error reading actual data: no connection to modbus server
[2025-03-01T08:17:20.310Z] Error reading register 3105 for IP 10.30.4.91: no connection to modbus server
[2025-03-01T08:17:20.311Z] Error reading actual data: no connection to modbus server
[2025-03-01T08:17:20.311Z] ❌ Error reading register 1000 for IP 10.30.4.91: no connection to modbus server
[2025-03-01T08:17:20.311Z] Error writing to Modbus register: no connection to modbus server
[2025-03-01T08:17:21.251Z] Error reading register 3105 for IP 10.30.4.91: no connection to modbus server
[2025-03-01T08:17:21.252Z] ❌ Error reading register 1000 for IP 10.30.4.91: no connection to modbus server
[2025-03-01T08:17:21.253Z] Error writing to Modbus register: no connection to modbus server
[2025-03-01T08:17:21.252Z] Error reading actual data: no connection to modbus server
[2025-03-01T08:17:21.254Z] Error reading register 3105 for IP 10.30.4.91: no connection to modbus server
[2025-03-01T08:17:21.254Z] ❌ Error reading register 1000 for IP 10.30.4.91: no connection to modbus server
[2025-03-01T08:17:21.254Z] Error reading actual data: no connection to modbus server
[2025-03-01T08:17:21.255Z] Error writing to Modbus register: no connection to modbus server
[2025-03-01T08:17:21.255Z] Error reading register 3105 for IP 10.30.4.91: no connection to modbus server
[2025-03-01T08:17:21.256Z] ❌ Error reading register 1000 for IP 10.30.4.91: no connection to modbus server
[2025-03-01T08:17:21.256Z] Error reading actual data: no connection to modbus server
[2025-03-01T08:17:21.256Z] Error writing to Modbus register: no connection to modbus server
[2025-03-01T08:17:21.319Z] ❌ Error reading register 1000 for IP 10.30.4.91: no connection to modbus server
[2025-03-01T08:17:21.319Z] Error reading actual data: no connection to modbus server
[2025-03-01T08:17:21.319Z] Error writing to Modbus register: no connection to modbus server
[2025-03-01T08:17:21.320Z] Error reading register 3105 for IP 10.30.4.91: no connection to modbus server
[2025-03-01T08:17:21.320Z] ❌ Error reading register 1000 for IP 10.30.4.91: no connection to modbus server
[2025-03-01T08:17:21.320Z] Error writing to Modbus register: no connection to modbus server
[2025-03-01T08:17:21.321Z] ❌ Error reading register 1000 for IP 10.30.4.91: no connection to modbus server
[2025-03-01T08:17:21.320Z] Error reading register 3105 for IP 10.30.4.91: no connection to modbus server
[2025-03-01T08:17:21.321Z] Error writing to Modbus register: no connection to modbus server
[2025-03-01T08:17:21.318Z] Error reading register 3105 for IP 10.30.4.91: no connection to modbus server
[2025-03-01T08:17:21.320Z] Error reading actual data: no connection to modbus server
[2025-03-01T08:17:21.321Z] Error reading actual data: no connection to modbus server
[2025-03-01T08:17:22.251Z] Error reading register 3105 for IP 10.30.4.91: no connection to modbus server
[2025-03-01T08:17:22.252Z] ❌ Error reading register 1000 for IP 10.30.4.91: no connection to modbus server
[2025-03-01T08:17:22.252Z] Error reading actual data: no connection to modbus server
[2025-03-01T08:17:22.253Z] Error writing to Modbus register: no connection to modbus server
[2025-03-01T08:17:22.254Z] Error reading register 3105 for IP 10.30.4.91: no connection to modbus server
[2025-03-01T08:17:22.254Z] ❌ Error reading register 1000 for IP 10.30.4.91: no connection to modbus server
[2025-03-01T08:17:22.254Z] Error reading actual data: no connection to modbus server
[2025-03-01T08:17:22.255Z] Error reading register 3105 for IP 10.30.4.91: no connection to modbus server
[2025-03-01T08:17:22.255Z] Error writing to Modbus register: no connection to modbus server
[2025-03-01T08:17:22.255Z] ❌ Error reading register 1000 for IP 10.30.4.91: no connection to modbus server
[2025-03-01T08:17:22.255Z] Error reading actual data: no connection to modbus server
[2025-03-01T08:17:22.256Z] Error writing to Modbus register: no connection to modbus server
[2025-03-01T08:17:22.320Z] Error reading register 3105 for IP 10.30.4.91: no connection to modbus server
[2025-03-01T08:17:22.321Z] ❌ Error reading register 1000 for IP 10.30.4.91: no connection to modbus server
[2025-03-01T08:17:22.321Z] Error reading actual data: no connection to modbus server
[2025-03-01T08:17:22.324Z] Error reading register 3105 for IP 10.30.4.91: no connection to modbus server
[2025-03-01T08:17:22.324Z] ❌ Error reading register 1000 for IP 10.30.4.91: no connection to modbus server
[2025-03-01T08:17:22.322Z] Error writing to Modbus register: no connection to modbus server
[2025-03-01T08:17:22.324Z] Error reading actual data: no connection to modbus server
[2025-03-01T08:17:22.325Z] Error writing to Modbus register: no connection to modbus server
[2025-03-01T08:17:22.326Z] ❌ Error reading register 1000 for IP 10.30.4.91: no connection to modbus server
[2025-03-01T08:17:22.326Z] Error reading register 3105 for IP 10.30.4.91: no connection to modbus server
[2025-03-01T08:17:22.326Z] Error reading actual data: no connection to modbus server
[2025-03-01T08:17:22.327Z] Error writing to Modbus register: no connection to modbus server
[2025-03-01T08:17:23.252Z] Error reading register 3105 for IP 10.30.4.91: no connection to modbus server
[2025-03-01T08:17:23.252Z] ❌ Error reading register 1000 for IP 10.30.4.91: no connection to modbus server
[2025-03-01T08:17:23.253Z] Error reading actual data: no connection to modbus server
[2025-03-01T08:17:23.255Z] Error reading register 3105 for IP 10.30.4.91: no connection to modbus server
[2025-03-01T08:17:23.254Z] Error writing to Modbus register: no connection to modbus server
[2025-03-01T08:17:23.255Z] ❌ Error reading register 1000 for IP 10.30.4.91: no connection to modbus server
[2025-03-01T08:17:23.255Z] Error reading actual data: no connection to modbus server
[2025-03-01T08:17:23.256Z] Error writing to Modbus register: no connection to modbus server
[2025-03-01T08:17:23.257Z] Error reading register 3105 for IP 10.30.4.91: no connection to modbus server
[2025-03-01T08:17:23.257Z] ❌ Error reading register 1000 for IP 10.30.4.91: no connection to modbus server
[2025-03-01T08:17:23.258Z] Error reading actual data: no connection to modbus server
[2025-03-01T08:17:23.259Z] Error writing to Modbus register: no connection to modbus server
[2025-03-01T08:17:23.330Z] Error reading register 3105 for IP 10.30.4.91: no connection to modbus server
[2025-03-01T08:17:23.330Z] ❌ Error reading register 1000 for IP 10.30.4.91: no connection to modbus server
[2025-03-01T08:17:23.331Z] Error reading register 3105 for IP 10.30.4.91: no connection to modbus server
[2025-03-01T08:17:23.330Z] Error reading actual data: no connection to modbus server
[2025-03-01T08:17:23.330Z] Error writing to Modbus register: no connection to modbus server
[2025-03-01T08:17:23.331Z] ❌ Error reading register 1000 for IP 10.30.4.91: no connection to modbus server
[2025-03-01T08:17:23.331Z] Error reading actual data: no connection to modbus server
[2025-03-01T08:17:23.331Z] Error writing to Modbus register: no connection to modbus server
[2025-03-01T08:17:23.332Z] Error reading register 3105 for IP 10.30.4.91: no connection to modbus server
[2025-03-01T08:17:23.332Z] ❌ Error reading register 1000 for IP 10.30.4.91: no connection to modbus server
[2025-03-01T08:17:23.332Z] Error writing to Modbus register: no connection to modbus server
[2025-03-01T08:17:23.332Z] Error reading actual data: no connection to modbus server
[2025-03-01T08:17:24.253Z] Error reading register 3105 for IP 10.30.4.91: no connection to modbus server
[2025-03-01T08:17:24.253Z] ❌ Error reading register 1000 for IP 10.30.4.91: no connection to modbus server
[2025-03-01T08:17:24.254Z] Error reading actual data: no connection to modbus server
[2025-03-01T08:17:24.255Z] Error writing to Modbus register: no connection to modbus server
[2025-03-01T08:17:24.256Z] Error reading register 3105 for IP 10.30.4.91: no connection to modbus server
[2025-03-01T08:17:24.257Z] ❌ Error reading register 1000 for IP 10.30.4.91: no connection to modbus server
[2025-03-01T08:17:24.257Z] Error reading actual data: no connection to modbus server
[2025-03-01T08:17:24.258Z] Error writing to Modbus register: no connection to modbus server
[2025-03-01T08:17:24.260Z] ❌ Error reading register 1000 for IP 10.30.4.91: no connection to modbus server
[2025-03-01T08:17:24.259Z] Error reading register 3105 for IP 10.30.4.91: no connection to modbus server
[2025-03-01T08:17:24.260Z] Error reading actual data: no connection to modbus server
[2025-03-01T08:17:24.261Z] Error writing to Modbus register: no connection to modbus server
[2025-03-01T08:17:24.335Z] Error reading register 3105 for IP 10.30.4.91: no connection to modbus server
[2025-03-01T08:17:24.335Z] ❌ Error reading register 1000 for IP 10.30.4.91: no connection to modbus server
[2025-03-01T08:17:24.335Z] Error writing to Modbus register: no connection to modbus server
[2025-03-01T08:17:24.336Z] ❌ Error reading register 1000 for IP 10.30.4.91: no connection to modbus server
[2025-03-01T08:17:24.336Z] Error writing to Modbus register: no connection to modbus server
[2025-03-01T08:17:24.336Z] Error reading register 3105 for IP 10.30.4.91: no connection to modbus server
[2025-03-01T08:17:24.336Z] ❌ Error reading register 1000 for IP 10.30.4.91: no connection to modbus server
[2025-03-01T08:17:24.337Z] Error reading actual data: no connection to modbus server
[2025-03-01T08:17:24.337Z] Error writing to Modbus register: no connection to modbus server
[2025-03-01T08:17:24.335Z] Error reading actual data: no connection to modbus server
[2025-03-01T08:17:24.336Z] Error reading register 3105 for IP 10.30.4.91: no connection to modbus server
[2025-03-01T08:17:24.336Z] Error reading actual data: no connection to modbus server
[2025-03-01T08:17:25.269Z] Error reading register 3105 for IP 10.30.4.91: no connection to modbus server
[2025-03-01T08:17:25.270Z] ❌ Error reading register 1000 for IP 10.30.4.91: no connection to modbus server
[2025-03-01T08:17:25.270Z] Error reading actual data: no connection to modbus server
[2025-03-01T08:17:25.273Z] ❌ Error reading register 1000 for IP 10.30.4.91: no connection to modbus server
[2025-03-01T08:17:25.274Z] Error writing to Modbus register: no connection to modbus server
[2025-03-01T08:17:25.273Z] Error reading actual data: no connection to modbus server
[2025-03-01T08:17:25.275Z] Error reading register 3105 for IP 10.30.4.91: no connection to modbus server
[2025-03-01T08:17:25.275Z] ❌ Error reading register 1000 for IP 10.30.4.91: no connection to modbus server
[2025-03-01T08:17:25.272Z] Error reading register 3105 for IP 10.30.4.91: no connection to modbus server
[2025-03-01T08:17:25.275Z] Error reading actual data: no connection to modbus server
[2025-03-01T08:17:25.275Z] Error writing to Modbus register: no connection to modbus server
[2025-03-01T08:17:25.271Z] Error writing to Modbus register: no connection to modbus server
[2025-03-01T08:17:25.339Z] Error reading register 3105 for IP 10.30.4.91: no connection to modbus server
[2025-03-01T08:17:25.339Z] ❌ Error reading register 1000 for IP 10.30.4.91: no connection to modbus server
[2025-03-01T08:17:25.341Z] Error writing to Modbus register: no connection to modbus server
[2025-03-01T08:17:25.341Z] Error reading register 3105 for IP 10.30.4.91: no connection to modbus server
[2025-03-01T08:17:25.341Z] ❌ Error reading register 1000 for IP 10.30.4.91: no connection to modbus server
[2025-03-01T08:17:25.340Z] Error reading actual data: no connection to modbus server
[2025-03-01T08:17:25.342Z] Error reading actual data: no connection to modbus server
[2025-03-01T08:17:25.342Z] Error reading register 3105 for IP 10.30.4.91: no connection to modbus server
[2025-03-01T08:17:25.342Z] Error writing to Modbus register: no connection to modbus server
[2025-03-01T08:17:25.342Z] ❌ Error reading register 1000 for IP 10.30.4.91: no connection to modbus server
[2025-03-01T08:17:25.343Z] Error reading actual data: no connection to modbus server
[2025-03-01T08:17:25.343Z] Error writing to Modbus register: no connection to modbus server
[2025-03-01T08:17:26.282Z] Error reading register 3105 for IP 10.30.4.91: no connection to modbus server
[2025-03-01T08:17:26.282Z] ❌ Error reading register 1000 for IP 10.30.4.91: no connection to modbus server
[2025-03-01T08:17:26.283Z] Error writing to Modbus register: no connection to modbus server
[2025-03-01T08:17:26.283Z] Error reading register 3105 for IP 10.30.4.91: no connection to modbus server
[2025-03-01T08:17:26.283Z] ❌ Error reading register 1000 for IP 10.30.4.91: no connection to modbus server
[2025-03-01T08:17:26.283Z] Error writing to Modbus register: no connection to modbus server
[2025-03-01T08:17:26.283Z] Error reading actual data: no connection to modbus server
[2025-03-01T08:17:26.284Z] Error reading register 3105 for IP 10.30.4.91: no connection to modbus server
[2025-03-01T08:17:26.282Z] Error reading actual data: no connection to modbus server
[2025-03-01T08:17:26.284Z] ❌ Error reading register 1000 for IP 10.30.4.91: no connection to modbus server
[2025-03-01T08:17:26.284Z] Error reading actual data: no connection to modbus server
[2025-03-01T08:17:26.284Z] Error writing to Modbus register: no connection to modbus server
[2025-03-01T08:17:26.351Z] ❌ Error reading register 1000 for IP 10.30.4.91: no connection to modbus server
[2025-03-01T08:17:26.351Z] Error reading actual data: no connection to modbus server
[2025-03-01T08:17:26.352Z] Error writing to Modbus register: no connection to modbus server
[2025-03-01T08:17:26.352Z] Error reading register 3105 for IP 10.30.4.91: no connection to modbus server
[2025-03-01T08:17:26.352Z] ❌ Error reading register 1000 for IP 10.30.4.91: no connection to modbus server
[2025-03-01T08:17:26.351Z] Error reading register 3105 for IP 10.30.4.91: no connection to modbus server
[2025-03-01T08:17:26.352Z] Error reading actual data: no connection to modbus server
[2025-03-01T08:17:26.353Z] Error writing to Modbus register: no connection to modbus server
[2025-03-01T08:17:26.353Z] Error reading register 3105 for IP 10.30.4.91: no connection to modbus server
[2025-03-01T08:17:26.353Z] ❌ Error reading register 1000 for IP 10.30.4.91: no connection to modbus server
[2025-03-01T08:17:26.353Z] Error reading actual data: no connection to modbus server
[2025-03-01T08:17:26.353Z] Error writing to Modbus register: no connection to modbus server
[2025-03-01T08:17:27.285Z] Error reading register 3105 for IP 10.30.4.91: no connection to modbus server
[2025-03-01T08:17:27.286Z] ❌ Error reading register 1000 for IP 10.30.4.91: no connection to modbus server
[2025-03-01T08:17:27.286Z] Error reading actual data: no connection to modbus server
[2025-03-01T08:17:27.287Z] Error writing to Modbus register: no connection to modbus server
[2025-03-01T08:17:27.289Z] Error reading register 3105 for IP 10.30.4.91: no connection to modbus server
[2025-03-01T08:17:27.289Z] ❌ Error reading register 1000 for IP 10.30.4.91: no connection to modbus server
[2025-03-01T08:17:27.289Z] Error reading actual data: no connection to modbus server
[2025-03-01T08:17:27.290Z] Error writing to Modbus register: no connection to modbus server
[2025-03-01T08:17:27.291Z] Error reading register 3105 for IP 10.30.4.91: no connection to modbus server
[2025-03-01T08:17:27.292Z] ❌ Error reading register 1000 for IP 10.30.4.91: no connection to modbus server
[2025-03-01T08:17:27.292Z] Error reading actual data: no connection to modbus server
[2025-03-01T08:17:27.293Z] Error writing to Modbus register: no connection to modbus server
[2025-03-01T08:17:27.362Z] Error reading register 3105 for IP 10.30.4.91: no connection to modbus server
[2025-03-01T08:17:27.362Z] ❌ Error reading register 1000 for IP 10.30.4.91: no connection to modbus server
[2025-03-01T08:17:27.364Z] Error reading register 3105 for IP 10.30.4.91: no connection to modbus server
[2025-03-01T08:17:27.364Z] Error reading actual data: no connection to modbus server
[2025-03-01T08:17:27.364Z] ❌ Error reading register 1000 for IP 10.30.4.91: no connection to modbus server
[2025-03-01T08:17:27.365Z] Error reading register 3105 for IP 10.30.4.91: no connection to modbus server
[2025-03-01T08:17:27.364Z] Error writing to Modbus register: no connection to modbus server
[2025-03-01T08:17:27.365Z] ❌ Error reading register 1000 for IP 10.30.4.91: no connection to modbus server
[2025-03-01T08:17:27.365Z] Error writing to Modbus register: no connection to modbus server
[2025-03-01T08:17:27.365Z] Error reading actual data: no connection to modbus server
[2025-03-01T08:17:27.363Z] Error writing to Modbus register: no connection to modbus server
[2025-03-01T08:17:27.362Z] Error reading actual data: no connection to modbus server
[2025-03-01T08:17:28.286Z] Error reading register 3105 for IP 10.30.4.91: no connection to modbus server
[2025-03-01T08:17:28.286Z] ❌ Error reading register 1000 for IP 10.30.4.91: no connection to modbus server
[2025-03-01T08:17:28.287Z] Error reading actual data: no connection to modbus server
[2025-03-01T08:17:28.288Z] Error writing to Modbus register: no connection to modbus server
[2025-03-01T08:17:28.290Z] Error reading register 3105 for IP 10.30.4.91: no connection to modbus server
[2025-03-01T08:17:28.290Z] ❌ Error reading register 1000 for IP 10.30.4.91: no connection to modbus server
[2025-03-01T08:17:28.291Z] Error reading actual data: no connection to modbus server
[2025-03-01T08:17:28.292Z] Error writing to Modbus register: no connection to modbus server
[2025-03-01T08:17:28.294Z] Error reading register 3105 for IP 10.30.4.91: no connection to modbus server
[2025-03-01T08:17:28.294Z] ❌ Error reading register 1000 for IP 10.30.4.91: no connection to modbus server
[2025-03-01T08:17:28.294Z] Error reading actual data: no connection to modbus server
[2025-03-01T08:17:28.295Z] Error writing to Modbus register: no connection to modbus server
[2025-03-01T08:17:28.365Z] Error reading register 3105 for IP 10.30.4.91: no connection to modbus server
[2025-03-01T08:17:28.365Z] ❌ Error reading register 1000 for IP 10.30.4.91: no connection to modbus server
[2025-03-01T08:17:28.366Z] Error writing to Modbus register: no connection to modbus server
[2025-03-01T08:17:28.365Z] Error reading actual data: no connection to modbus server
[2025-03-01T08:17:28.366Z] Error reading register 3105 for IP 10.30.4.91: no connection to modbus server
[2025-03-01T08:17:28.366Z] ❌ Error reading register 1000 for IP 10.30.4.91: no connection to modbus server
[2025-03-01T08:17:28.366Z] Error reading actual data: no connection to modbus server
[2025-03-01T08:17:28.366Z] Error writing to Modbus register: no connection to modbus server
[2025-03-01T08:17:28.367Z] Error reading register 3105 for IP 10.30.4.91: no connection to modbus server
[2025-03-01T08:17:28.367Z] ❌ Error reading register 1000 for IP 10.30.4.91: no connection to modbus server
[2025-03-01T08:17:28.367Z] Error reading actual data: no connection to modbus server
[2025-03-01T08:17:28.368Z] Error writing to Modbus register: no connection to modbus server
[2025-03-01T08:17:29.303Z] Error reading register 3105 for IP 10.30.4.91: no connection to modbus server
[2025-03-01T08:17:29.303Z] ❌ Error reading register 1000 for IP 10.30.4.91: no connection to modbus server
[2025-03-01T08:17:29.306Z] Error reading register 3105 for IP 10.30.4.91: no connection to modbus server
[2025-03-01T08:17:29.304Z] Error reading actual data: no connection to modbus server
[2025-03-01T08:17:29.305Z] Error writing to Modbus register: no connection to modbus server
[2025-03-01T08:17:29.306Z] ❌ Error reading register 1000 for IP 10.30.4.91: no connection to modbus server
[2025-03-01T08:17:29.307Z] Error reading actual data: no connection to modbus server
[2025-03-01T08:17:29.308Z] Error writing to Modbus register: no connection to modbus server
[2025-03-01T08:17:29.309Z] ❌ Error reading register 1000 for IP 10.30.4.91: no connection to modbus server
[2025-03-01T08:17:29.309Z] Error reading actual data: no connection to modbus server
[2025-03-01T08:17:29.309Z] Error reading register 3105 for IP 10.30.4.91: no connection to modbus server
[2025-03-01T08:17:29.310Z] Error writing to Modbus register: no connection to modbus server
[2025-03-01T08:17:29.369Z] Error reading register 3105 for IP 10.30.4.91: no connection to modbus server
[2025-03-01T08:17:29.369Z] ❌ Error reading register 1000 for IP 10.30.4.91: no connection to modbus server
[2025-03-01T08:17:29.370Z] Error reading actual data: no connection to modbus server
[2025-03-01T08:17:29.371Z] Error writing to Modbus register: no connection to modbus server
[2025-03-01T08:17:29.372Z] Error reading register 3105 for IP 10.30.4.91: no connection to modbus server
[2025-03-01T08:17:29.372Z] Error reading actual data: no connection to modbus server
[2025-03-01T08:17:29.372Z] ❌ Error reading register 1000 for IP 10.30.4.91: no connection to modbus server
[2025-03-01T08:17:29.373Z] Error writing to Modbus register: no connection to modbus server
[2025-03-01T08:17:29.373Z] Error reading register 3105 for IP 10.30.4.91: no connection to modbus server
[2025-03-01T08:17:29.373Z] ❌ Error reading register 1000 for IP 10.30.4.91: no connection to modbus server
[2025-03-01T08:17:29.373Z] Error reading actual data: no connection to modbus server
[2025-03-01T08:17:29.374Z] Error writing to Modbus register: no connection to modbus server
[2025-03-01T08:17:30.315Z] Error reading register 3105 for IP 10.30.4.91: no connection to modbus server
[2025-03-01T08:17:30.316Z] ❌ Error reading register 1000 for IP 10.30.4.91: no connection to modbus server
[2025-03-01T08:17:30.319Z] Error reading register 3105 for IP 10.30.4.91: no connection to modbus server
[2025-03-01T08:17:30.318Z] Error writing to Modbus register: no connection to modbus server
[2025-03-01T08:17:30.316Z] Error reading actual data: no connection to modbus server
[2025-03-01T08:17:30.321Z] Error writing to Modbus register: no connection to modbus server
[2025-03-01T08:17:30.322Z] Error reading register 3105 for IP 10.30.4.91: no connection to modbus server
[2025-03-01T08:17:30.320Z] Error reading actual data: no connection to modbus server
[2025-03-01T08:17:30.319Z] ❌ Error reading register 1000 for IP 10.30.4.91: no connection to modbus server
[2025-03-01T08:17:30.322Z] ❌ Error reading register 1000 for IP 10.30.4.91: no connection to modbus server
[2025-03-01T08:17:30.322Z] Error writing to Modbus register: no connection to modbus server
[2025-03-01T08:17:30.322Z] Error reading actual data: no connection to modbus server
[2025-03-01T08:17:30.369Z] Error reading register 3105 for IP 10.30.4.91: no connection to modbus server
[2025-03-01T08:17:30.369Z] ❌ Error reading register 1000 for IP 10.30.4.91: no connection to modbus server
[2025-03-01T08:17:30.370Z] Error reading actual data: no connection to modbus server
[2025-03-01T08:17:30.371Z] Error writing to Modbus register: no connection to modbus server
[2025-03-01T08:17:30.373Z] Error reading register 3105 for IP 10.30.4.91: no connection to modbus server
[2025-03-01T08:17:30.373Z] ❌ Error reading register 1000 for IP 10.30.4.91: no connection to modbus server
[2025-03-01T08:17:30.373Z] Error reading actual data: no connection to modbus server
[2025-03-01T08:17:30.375Z] Error writing to Modbus register: no connection to modbus server
[2025-03-01T08:17:30.376Z] Error reading register 3105 for IP 10.30.4.91: no connection to modbus server
[2025-03-01T08:17:30.376Z] ❌ Error reading register 1000 for IP 10.30.4.91: no connection to modbus server
[2025-03-01T08:17:30.377Z] Error writing to Modbus register: no connection to modbus server
[2025-03-01T08:17:30.376Z] Error reading actual data: no connection to modbus server
[2025-03-01T08:17:31.316Z] ❌ Error reading register 1000 for IP 10.30.4.91: no connection to modbus server
[2025-03-01T08:17:31.316Z] Error reading register 3105 for IP 10.30.4.91: no connection to modbus server
[2025-03-01T08:17:31.316Z] Error reading actual data: no connection to modbus server
[2025-03-01T08:17:31.317Z] Error writing to Modbus register: no connection to modbus server
[2025-03-01T08:17:31.334Z] Error reading register 3105 for IP 10.30.4.91: no connection to modbus server
[2025-03-01T08:17:31.334Z] ❌ Error reading register 1000 for IP 10.30.4.91: no connection to modbus server
[2025-03-01T08:17:31.335Z] Error writing to Modbus register: no connection to modbus server
[2025-03-01T08:17:31.336Z] Error reading register 3105 for IP 10.30.4.91: no connection to modbus server
[2025-03-01T08:17:31.336Z] ❌ Error reading register 1000 for IP 10.30.4.91: no connection to modbus server
[2025-03-01T08:17:31.335Z] Error reading actual data: no connection to modbus server
[2025-03-01T08:17:31.336Z] Error reading actual data: no connection to modbus server
[2025-03-01T08:17:31.336Z] Error writing to Modbus register: no connection to modbus server
[2025-03-01T08:17:31.374Z] Error reading register 3105 for IP 10.30.4.91: no connection to modbus server
[2025-03-01T08:17:31.374Z] ❌ Error reading register 1000 for IP 10.30.4.91: no connection to modbus server
[2025-03-01T08:17:31.374Z] Error reading actual data: no connection to modbus server
[2025-03-01T08:17:31.375Z] Error writing to Modbus register: no connection to modbus server
[2025-03-01T08:17:31.376Z] Error reading register 3105 for IP 10.30.4.91: no connection to modbus server
[2025-03-01T08:17:31.376Z] ❌ Error reading register 1000 for IP 10.30.4.91: no connection to modbus server
[2025-03-01T08:17:31.376Z] Error reading actual data: no connection to modbus server
[2025-03-01T08:17:31.377Z] Error writing to Modbus register: no connection to modbus server
[2025-03-01T08:17:31.377Z] Error reading register 3105 for IP 10.30.4.91: no connection to modbus server
[2025-03-01T08:17:31.377Z] ❌ Error reading register 1000 for IP 10.30.4.91: no connection to modbus server
[2025-03-01T08:17:31.378Z] Error reading actual data: no connection to modbus server
[2025-03-01T08:17:31.378Z] Error writing to Modbus register: no connection to modbus server
[2025-03-01T08:17:32.320Z] ❌ Error reading register 1000 for IP 10.30.4.91: no connection to modbus server
[2025-03-01T08:17:32.319Z] Error reading register 3105 for IP 10.30.4.91: no connection to modbus server
[2025-03-01T08:17:32.320Z] Error reading actual data: no connection to modbus server
[2025-03-01T08:17:32.321Z] Error writing to Modbus register: no connection to modbus server
[2025-03-01T08:17:32.334Z] Error reading register 3105 for IP 10.30.4.91: no connection to modbus server
[2025-03-01T08:17:32.335Z] ❌ Error reading register 1000 for IP 10.30.4.91: no connection to modbus server
[2025-03-01T08:17:32.335Z] Error reading actual data: no connection to modbus server
[2025-03-01T08:17:32.336Z] Error writing to Modbus register: no connection to modbus server
[2025-03-01T08:17:32.338Z] Error reading register 3105 for IP 10.30.4.91: no connection to modbus server
[2025-03-01T08:17:32.338Z] ❌ Error reading register 1000 for IP 10.30.4.91: no connection to modbus server
[2025-03-01T08:17:32.338Z] Error reading actual data: no connection to modbus server
[2025-03-01T08:17:32.340Z] Error writing to Modbus register: no connection to modbus server
[2025-03-01T08:17:32.388Z] Error reading register 3105 for IP 10.30.4.91: no connection to modbus server
[2025-03-01T08:17:32.389Z] ❌ Error reading register 1000 for IP 10.30.4.91: no connection to modbus server
[2025-03-01T08:17:32.389Z] Error reading actual data: no connection to modbus server
[2025-03-01T08:17:32.389Z] Error writing to Modbus register: no connection to modbus server
[2025-03-01T08:17:32.390Z] Error reading register 3105 for IP 10.30.4.91: no connection to modbus server
[2025-03-01T08:17:32.390Z] ❌ Error reading register 1000 for IP 10.30.4.91: no connection to modbus server
[2025-03-01T08:17:32.390Z] Error reading actual data: no connection to modbus server
[2025-03-01T08:17:32.390Z] Error writing to Modbus register: no connection to modbus server
[2025-03-01T08:17:32.391Z] Error reading register 3105 for IP 10.30.4.91: no connection to modbus server
[2025-03-01T08:17:32.391Z] ❌ Error reading register 1000 for IP 10.30.4.91: no connection to modbus server
[2025-03-01T08:17:32.391Z] Error writing to Modbus register: no connection to modbus server
[2025-03-01T08:17:32.391Z] Error reading actual data: no connection to modbus server
[2025-03-01T08:17:33.334Z] Error reading register 3105 for IP 10.30.4.91: no connection to modbus server
[2025-03-01T08:17:33.334Z] ❌ Error reading register 1000 for IP 10.30.4.91: no connection to modbus server
[2025-03-01T08:17:33.335Z] Error reading actual data: no connection to modbus server
[2025-03-01T08:17:33.335Z] Error writing to Modbus register: no connection to modbus server
[2025-03-01T08:17:33.335Z] Error reading register 3105 for IP 10.30.4.91: no connection to modbus server
[2025-03-01T08:17:33.335Z] ❌ Error reading register 1000 for IP 10.30.4.91: no connection to modbus server
[2025-03-01T08:17:33.335Z] Error reading actual data: no connection to modbus server
[2025-03-01T08:17:33.336Z] Error writing to Modbus register: no connection to modbus server
[2025-03-01T08:17:33.337Z] Error reading register 3105 for IP 10.30.4.91: no connection to modbus server
[2025-03-01T08:17:33.337Z] ❌ Error reading register 1000 for IP 10.30.4.91: no connection to modbus server
[2025-03-01T08:17:33.337Z] Error reading actual data: no connection to modbus server
[2025-03-01T08:17:33.350Z] Error writing to Modbus register: no connection to modbus server
[2025-03-01T08:17:33.403Z] Error reading register 3105 for IP 10.30.4.91: no connection to modbus server
[2025-03-01T08:17:33.403Z] ❌ Error reading register 1000 for IP 10.30.4.91: no connection to modbus server
[2025-03-01T08:17:33.404Z] Error reading actual data: no connection to modbus server
[2025-03-01T08:17:33.405Z] Error writing to Modbus register: no connection to modbus server
[2025-03-01T08:17:33.406Z] Error reading register 3105 for IP 10.30.4.91: no connection to modbus server
[2025-03-01T08:17:33.407Z] ❌ Error reading register 1000 for IP 10.30.4.91: no connection to modbus server
[2025-03-01T08:17:33.407Z] Error reading actual data: no connection to modbus server
[2025-03-01T08:17:33.407Z] Error writing to Modbus register: no connection to modbus server
[2025-03-01T08:17:33.408Z] Error reading register 3105 for IP 10.30.4.91: no connection to modbus server
[2025-03-01T08:17:33.408Z] ❌ Error reading register 1000 for IP 10.30.4.91: no connection to modbus server
[2025-03-01T08:17:33.408Z] Error reading actual data: no connection to modbus server
[2025-03-01T08:17:33.408Z] Error writing to Modbus register: no connection to modbus server
[2025-03-01T08:17:34.340Z] Error reading register 3105 for IP 10.30.4.91: no connection to modbus server
[2025-03-01T08:17:34.340Z] ❌ Error reading register 1000 for IP 10.30.4.91: no connection to modbus server
[2025-03-01T08:17:34.342Z] Error reading register 3105 for IP 10.30.4.91: no connection to modbus server
[2025-03-01T08:17:34.342Z] ❌ Error reading register 1000 for IP 10.30.4.91: no connection to modbus server
[2025-03-01T08:17:34.341Z] Error writing to Modbus register: no connection to modbus server
[2025-03-01T08:17:34.341Z] Error reading actual data: no connection to modbus server
[2025-03-01T08:17:34.342Z] Error reading actual data: no connection to modbus server
[2025-03-01T08:17:34.342Z] Error writing to Modbus register: no connection to modbus server
[2025-03-01T08:17:34.343Z] Error reading register 3105 for IP 10.30.4.91: no connection to modbus server
[2025-03-01T08:17:34.343Z] ❌ Error reading register 1000 for IP 10.30.4.91: no connection to modbus server
[2025-03-01T08:17:34.343Z] Error reading actual data: no connection to modbus server
[2025-03-01T08:17:34.355Z] Error writing to Modbus register: no connection to modbus server
[2025-03-01T08:17:34.402Z] Error reading register 3105 for IP 10.30.4.91: no connection to modbus server
[2025-03-01T08:17:34.403Z] ❌ Error reading register 1000 for IP 10.30.4.91: no connection to modbus server
[2025-03-01T08:17:34.403Z] Error reading actual data: no connection to modbus server
[2025-03-01T08:17:34.405Z] Error writing to Modbus register: no connection to modbus server
[2025-03-01T08:17:34.407Z] Error reading register 3105 for IP 10.30.4.91: no connection to modbus server
[2025-03-01T08:17:34.407Z] ❌ Error reading register 1000 for IP 10.30.4.91: no connection to modbus server
[2025-03-01T08:17:34.408Z] Error reading actual data: no connection to modbus server
[2025-03-01T08:17:34.409Z] Error writing to Modbus register: no connection to modbus server
[2025-03-01T08:17:34.410Z] Error reading register 3105 for IP 10.30.4.91: no connection to modbus server
[2025-03-01T08:17:34.410Z] ❌ Error reading register 1000 for IP 10.30.4.91: no connection to modbus server
[2025-03-01T08:17:34.410Z] Error reading actual data: no connection to modbus server
[2025-03-01T08:17:34.411Z] Error writing to Modbus register: no connection to modbus server
[2025-03-01T08:17:35.351Z] Error reading register 3105 for IP 10.30.4.91: no connection to modbus server
[2025-03-01T08:17:35.351Z] ❌ Error reading register 1000 for IP 10.30.4.91: no connection to modbus server
[2025-03-01T08:17:35.351Z] Error reading actual data: no connection to modbus server
[2025-03-01T08:17:35.352Z] Error writing to Modbus register: no connection to modbus server
[2025-03-01T08:17:35.352Z] Error reading register 3105 for IP 10.30.4.91: no connection to modbus server
[2025-03-01T08:17:35.352Z] ❌ Error reading register 1000 for IP 10.30.4.91: no connection to modbus server
[2025-03-01T08:17:35.352Z] Error reading actual data: no connection to modbus server
[2025-03-01T08:17:35.352Z] Error writing to Modbus register: no connection to modbus server
[2025-03-01T08:17:35.353Z] Error reading register 3105 for IP 10.30.4.91: no connection to modbus server
[2025-03-01T08:17:35.353Z] ❌ Error reading register 1000 for IP 10.30.4.91: no connection to modbus server
[2025-03-01T08:17:35.353Z] Error reading actual data: no connection to modbus server
[2025-03-01T08:17:35.367Z] Error writing to Modbus register: no connection to modbus server
[2025-03-01T08:17:35.407Z] Error reading register 3105 for IP 10.30.4.91: no connection to modbus server
[2025-03-01T08:17:35.407Z] ❌ Error reading register 1000 for IP 10.30.4.91: no connection to modbus server
[2025-03-01T08:17:35.407Z] Error reading actual data: no connection to modbus server
[2025-03-01T08:17:35.407Z] Error writing to Modbus register: no connection to modbus server
[2025-03-01T08:17:35.408Z] Error reading register 3105 for IP 10.30.4.91: no connection to modbus server
[2025-03-01T08:17:35.408Z] ❌ Error reading register 1000 for IP 10.30.4.91: no connection to modbus server
[2025-03-01T08:17:35.408Z] Error reading actual data: no connection to modbus server
[2025-03-01T08:17:35.408Z] Error writing to Modbus register: no connection to modbus server
[2025-03-01T08:17:35.409Z] Error reading register 3105 for IP 10.30.4.91: no connection to modbus server
[2025-03-01T08:17:35.409Z] ❌ Error reading register 1000 for IP 10.30.4.91: no connection to modbus server
[2025-03-01T08:17:35.410Z] Error reading actual data: no connection to modbus server
[2025-03-01T08:17:35.410Z] Error writing to Modbus register: no connection to modbus server
[2025-03-01T08:17:36.353Z] Error reading register 3105 for IP 10.30.4.91: no connection to modbus server
[2025-03-01T08:17:36.353Z] ❌ Error reading register 1000 for IP 10.30.4.91: no connection to modbus server
[2025-03-01T08:17:36.355Z] Error reading register 3105 for IP 10.30.4.91: no connection to modbus server
[2025-03-01T08:17:36.354Z] Error writing to Modbus register: no connection to modbus server
[2025-03-01T08:17:36.355Z] ❌ Error reading register 1000 for IP 10.30.4.91: no connection to modbus server
[2025-03-01T08:17:36.354Z] Error reading actual data: no connection to modbus server
[2025-03-01T08:17:36.355Z] Error reading actual data: no connection to modbus server
[2025-03-01T08:17:36.356Z] Error writing to Modbus register: no connection to modbus server
[2025-03-01T08:17:36.357Z] ❌ Error reading register 1000 for IP 10.30.4.91: no connection to modbus server
[2025-03-01T08:17:36.357Z] Error reading register 3105 for IP 10.30.4.91: no connection to modbus server
[2025-03-01T08:17:36.357Z] Error reading actual data: no connection to modbus server
[2025-03-01T08:17:36.368Z] Error writing to Modbus register: no connection to modbus server
[2025-03-01T08:17:36.418Z] Error reading register 3105 for IP 10.30.4.91: no connection to modbus server
[2025-03-01T08:17:36.418Z] ❌ Error reading register 1000 for IP 10.30.4.91: no connection to modbus server
[2025-03-01T08:17:36.418Z] Error reading actual data: no connection to modbus server
[2025-03-01T08:17:36.419Z] Error writing to Modbus register: no connection to modbus server
[2025-03-01T08:17:36.419Z] Error reading register 3105 for IP 10.30.4.91: no connection to modbus server
[2025-03-01T08:17:36.419Z] ❌ Error reading register 1000 for IP 10.30.4.91: no connection to modbus server
[2025-03-01T08:17:36.419Z] Error reading actual data: no connection to modbus server
[2025-03-01T08:17:36.420Z] Error writing to Modbus register: no connection to modbus server
[2025-03-01T08:17:36.420Z] Error reading register 3105 for IP 10.30.4.91: no connection to modbus server
[2025-03-01T08:17:36.420Z] Error reading actual data: no connection to modbus server
[2025-03-01T08:17:36.420Z] ❌ Error reading register 1000 for IP 10.30.4.91: no connection to modbus server
[2025-03-01T08:17:36.420Z] Error writing to Modbus register: no connection to modbus server
[2025-03-01T08:17:37.367Z] Error reading register 3105 for IP 10.30.4.91: no connection to modbus server
[2025-03-01T08:17:37.368Z] ❌ Error reading register 1000 for IP 10.30.4.91: no connection to modbus server
[2025-03-01T08:17:37.368Z] Error reading actual data: no connection to modbus server
[2025-03-01T08:17:37.368Z] Error writing to Modbus register: no connection to modbus server
[2025-03-01T08:17:37.369Z] Error reading register 3105 for IP 10.30.4.91: no connection to modbus server
[2025-03-01T08:17:37.369Z] ❌ Error reading register 1000 for IP 10.30.4.91: no connection to modbus server
[2025-03-01T08:17:37.369Z] Error reading actual data: no connection to modbus server
[2025-03-01T08:17:37.369Z] Error writing to Modbus register: no connection to modbus server
[2025-03-01T08:17:37.370Z] Error reading register 3105 for IP 10.30.4.91: no connection to modbus server
[2025-03-01T08:17:37.370Z] ❌ Error reading register 1000 for IP 10.30.4.91: no connection to modbus server
[2025-03-01T08:17:37.370Z] Error reading actual data: no connection to modbus server
[2025-03-01T08:17:37.371Z] Error writing to Modbus register: no connection to modbus server
[2025-03-01T08:17:37.434Z] Error reading register 3105 for IP 10.30.4.91: no connection to modbus server
[2025-03-01T08:17:37.435Z] ❌ Error reading register 1000 for IP 10.30.4.91: no connection to modbus server
[2025-03-01T08:17:37.436Z] Error reading register 3105 for IP 10.30.4.91: no connection to modbus server
[2025-03-01T08:17:37.436Z] ❌ Error reading register 1000 for IP 10.30.4.91: no connection to modbus server
[2025-03-01T08:17:37.436Z] Error reading actual data: no connection to modbus server
[2025-03-01T08:17:37.437Z] Error writing to Modbus register: no connection to modbus server
[2025-03-01T08:17:37.435Z] Error writing to Modbus register: no connection to modbus server
[2025-03-01T08:17:37.435Z] Error reading actual data: no connection to modbus server
[2025-03-01T08:17:37.437Z] Error reading register 3105 for IP 10.30.4.91: no connection to modbus server
[2025-03-01T08:17:37.437Z] ❌ Error reading register 1000 for IP 10.30.4.91: no connection to modbus server
[2025-03-01T08:17:37.437Z] Error reading actual data: no connection to modbus server
[2025-03-01T08:17:37.438Z] Error writing to Modbus register: no connection to modbus server
[2025-03-01T08:17:38.372Z] Error reading register 3105 for IP 10.30.4.91: no connection to modbus server
[2025-03-01T08:17:38.372Z] ❌ Error reading register 1000 for IP 10.30.4.91: no connection to modbus server
[2025-03-01T08:17:38.373Z] Error reading register 3105 for IP 10.30.4.91: no connection to modbus server
[2025-03-01T08:17:38.372Z] Error reading actual data: no connection to modbus server
[2025-03-01T08:17:38.372Z] Error writing to Modbus register: no connection to modbus server
[2025-03-01T08:17:38.373Z] ❌ Error reading register 1000 for IP 10.30.4.91: no connection to modbus server
[2025-03-01T08:17:38.373Z] Error reading actual data: no connection to modbus server
[2025-03-01T08:17:38.373Z] Error reading register 3105 for IP 10.30.4.91: no connection to modbus server
[2025-03-01T08:17:38.373Z] Error writing to Modbus register: no connection to modbus server
[2025-03-01T08:17:38.373Z] ❌ Error reading register 1000 for IP 10.30.4.91: no connection to modbus server
[2025-03-01T08:17:38.373Z] Error reading actual data: no connection to modbus server
[2025-03-01T08:17:38.374Z] Error writing to Modbus register: no connection to modbus server
[2025-03-01T08:17:38.449Z] Error reading register 3105 for IP 10.30.4.91: no connection to modbus server
[2025-03-01T08:17:38.449Z] ❌ Error reading register 1000 for IP 10.30.4.91: no connection to modbus server
[2025-03-01T08:17:38.450Z] Error writing to Modbus register: no connection to modbus server
[2025-03-01T08:17:38.450Z] Error reading register 3105 for IP 10.30.4.91: no connection to modbus server
[2025-03-01T08:17:38.450Z] ❌ Error reading register 1000 for IP 10.30.4.91: no connection to modbus server
[2025-03-01T08:17:38.450Z] Error reading actual data: no connection to modbus server
[2025-03-01T08:17:38.451Z] Error writing to Modbus register: no connection to modbus server
[2025-03-01T08:17:38.449Z] Error reading actual data: no connection to modbus server
[2025-03-01T08:17:38.451Z] Error reading register 3105 for IP 10.30.4.91: no connection to modbus server
[2025-03-01T08:17:38.451Z] ❌ Error reading register 1000 for IP 10.30.4.91: no connection to modbus server
[2025-03-01T08:17:38.451Z] Error reading actual data: no connection to modbus server
[2025-03-01T08:17:38.452Z] Error writing to Modbus register: no connection to modbus server
[2025-03-01T08:17:39.385Z] Error reading register 3105 for IP 10.30.4.91: no connection to modbus server
[2025-03-01T08:17:39.386Z] ❌ Error reading register 1000 for IP 10.30.4.91: no connection to modbus server
[2025-03-01T08:17:39.386Z] Error reading actual data: no connection to modbus server
[2025-03-01T08:17:39.387Z] Error writing to Modbus register: no connection to modbus server
[2025-03-01T08:17:39.388Z] Error reading register 3105 for IP 10.30.4.91: no connection to modbus server
[2025-03-01T08:17:39.388Z] ❌ Error reading register 1000 for IP 10.30.4.91: no connection to modbus server
[2025-03-01T08:17:39.388Z] Error reading actual data: no connection to modbus server
[2025-03-01T08:17:39.389Z] Error writing to Modbus register: no connection to modbus server
[2025-03-01T08:17:39.390Z] Error reading register 3105 for IP 10.30.4.91: no connection to modbus server
[2025-03-01T08:17:39.390Z] ❌ Error reading register 1000 for IP 10.30.4.91: no connection to modbus server
[2025-03-01T08:17:39.390Z] Error reading actual data: no connection to modbus server
[2025-03-01T08:17:39.391Z] Error writing to Modbus register: no connection to modbus server
[2025-03-01T08:17:39.468Z] Error reading register 3105 for IP 10.30.4.91: no connection to modbus server
[2025-03-01T08:17:39.468Z] ❌ Error reading register 1000 for IP 10.30.4.91: no connection to modbus server
[2025-03-01T08:17:39.468Z] Error writing to Modbus register: no connection to modbus server
[2025-03-01T08:17:39.468Z] Error reading actual data: no connection to modbus server
[2025-03-01T08:17:39.469Z] Error reading register 3105 for IP 10.30.4.91: no connection to modbus server
[2025-03-01T08:17:39.469Z] ❌ Error reading register 1000 for IP 10.30.4.91: no connection to modbus server
[2025-03-01T08:17:39.469Z] Error reading actual data: no connection to modbus server
[2025-03-01T08:17:39.469Z] Error writing to Modbus register: no connection to modbus server
[2025-03-01T08:17:39.469Z] Error reading register 3105 for IP 10.30.4.91: no connection to modbus server
[2025-03-01T08:17:39.470Z] ❌ Error reading register 1000 for IP 10.30.4.91: no connection to modbus server
[2025-03-01T08:17:39.470Z] Error reading actual data: no connection to modbus server
[2025-03-01T08:17:39.470Z] Error writing to Modbus register: no connection to modbus server
[2025-03-01T08:17:40.388Z] Error reading register 3105 for IP 10.30.4.91: no connection to modbus server
[2025-03-01T08:17:40.388Z] ❌ Error reading register 1000 for IP 10.30.4.91: no connection to modbus server
[2025-03-01T08:17:40.389Z] Error reading actual data: no connection to modbus server
[2025-03-01T08:17:40.390Z] Error writing to Modbus register: no connection to modbus server
[2025-03-01T08:17:40.391Z] ❌ Error reading register 1000 for IP 10.30.4.91: no connection to modbus server
[2025-03-01T08:17:40.391Z] Error reading register 3105 for IP 10.30.4.91: no connection to modbus server
[2025-03-01T08:17:40.391Z] Error reading actual data: no connection to modbus server
[2025-03-01T08:17:40.392Z] Error reading register 3105 for IP 10.30.4.91: no connection to modbus server
[2025-03-01T08:17:40.392Z] ❌ Error reading register 1000 for IP 10.30.4.91: no connection to modbus server
[2025-03-01T08:17:40.392Z] Error reading actual data: no connection to modbus server
[2025-03-01T08:17:40.392Z] Error writing to Modbus register: no connection to modbus server
[2025-03-01T08:17:40.391Z] Error writing to Modbus register: no connection to modbus server
[2025-03-01T08:17:40.468Z] Error reading register 3105 for IP 10.30.4.91: no connection to modbus server
[2025-03-01T08:17:40.468Z] ❌ Error reading register 1000 for IP 10.30.4.91: no connection to modbus server
[2025-03-01T08:17:40.468Z] Error reading actual data: no connection to modbus server
[2025-03-01T08:17:40.469Z] Error writing to Modbus register: no connection to modbus server
[2025-03-01T08:17:40.469Z] Error reading register 3105 for IP 10.30.4.91: no connection to modbus server
[2025-03-01T08:17:40.469Z] ❌ Error reading register 1000 for IP 10.30.4.91: no connection to modbus server
[2025-03-01T08:17:40.469Z] Error reading actual data: no connection to modbus server
[2025-03-01T08:17:40.470Z] Error writing to Modbus register: no connection to modbus server
[2025-03-01T08:17:40.471Z] Error reading register 3105 for IP 10.30.4.91: no connection to modbus server
[2025-03-01T08:17:40.471Z] ❌ Error reading register 1000 for IP 10.30.4.91: no connection to modbus server
[2025-03-01T08:17:40.471Z] Error reading actual data: no connection to modbus server
[2025-03-01T08:17:40.472Z] Error writing to Modbus register: no connection to modbus server
[2025-03-01T08:17:41.402Z] Error reading register 3105 for IP 10.30.4.91: no connection to modbus server
[2025-03-01T08:17:41.403Z] ❌ Error reading register 1000 for IP 10.30.4.91: no connection to modbus server
[2025-03-01T08:17:41.405Z] Error writing to Modbus register: no connection to modbus server
[2025-03-01T08:17:41.406Z] Error reading register 3105 for IP 10.30.4.91: no connection to modbus server
[2025-03-01T08:17:41.404Z] Error reading actual data: no connection to modbus server
[2025-03-01T08:17:41.406Z] ❌ Error reading register 1000 for IP 10.30.4.91: no connection to modbus server
[2025-03-01T08:17:41.407Z] Error reading actual data: no connection to modbus server
[2025-03-01T08:17:41.407Z] Error writing to Modbus register: no connection to modbus server
[2025-03-01T08:17:41.407Z] Error reading register 3105 for IP 10.30.4.91: no connection to modbus server
[2025-03-01T08:17:41.407Z] ❌ Error reading register 1000 for IP 10.30.4.91: no connection to modbus server
[2025-03-01T08:17:41.407Z] Error reading actual data: no connection to modbus server
[2025-03-01T08:17:41.408Z] Error writing to Modbus register: no connection to modbus server
[2025-03-01T08:17:41.470Z] Error reading register 3105 for IP 10.30.4.91: no connection to modbus server
[2025-03-01T08:17:41.471Z] ❌ Error reading register 1000 for IP 10.30.4.91: no connection to modbus server
[2025-03-01T08:17:41.471Z] Error reading actual data: no connection to modbus server
[2025-03-01T08:17:41.472Z] Error writing to Modbus register: no connection to modbus server
[2025-03-01T08:17:41.473Z] Error reading register 3105 for IP 10.30.4.91: no connection to modbus server
[2025-03-01T08:17:41.474Z] ❌ Error reading register 1000 for IP 10.30.4.91: no connection to modbus server
[2025-03-01T08:17:41.474Z] Error reading actual data: no connection to modbus server
[2025-03-01T08:17:41.475Z] Error writing to Modbus register: no connection to modbus server
[2025-03-01T08:17:41.476Z] ❌ Error reading register 1000 for IP 10.30.4.91: no connection to modbus server
[2025-03-01T08:17:41.475Z] Error reading register 3105 for IP 10.30.4.91: no connection to modbus server
[2025-03-01T08:17:41.476Z] Error reading actual data: no connection to modbus server
[2025-03-01T08:17:41.476Z] Error writing to Modbus register: no connection to modbus server
[2025-03-01T08:17:42.402Z] Error reading register 3105 for IP 10.30.4.91: no connection to modbus server
[2025-03-01T08:17:42.403Z] ❌ Error reading register 1000 for IP 10.30.4.91: no connection to modbus server
[2025-03-01T08:17:42.403Z] Error reading actual data: no connection to modbus server
[2025-03-01T08:17:42.405Z] Error writing to Modbus register: no connection to modbus server
[2025-03-01T08:17:42.407Z] Error reading register 3105 for IP 10.30.4.91: no connection to modbus server
[2025-03-01T08:17:42.407Z] ❌ Error reading register 1000 for IP 10.30.4.91: no connection to modbus server
[2025-03-01T08:17:42.407Z] Error reading actual data: no connection to modbus server
[2025-03-01T08:17:42.408Z] Error writing to Modbus register: no connection to modbus server
[2025-03-01T08:17:42.409Z] ❌ Error reading register 1000 for IP 10.30.4.91: no connection to modbus server
[2025-03-01T08:17:42.409Z] Error reading actual data: no connection to modbus server
[2025-03-01T08:17:42.409Z] Error reading register 3105 for IP 10.30.4.91: no connection to modbus server
[2025-03-01T08:17:42.409Z] Error writing to Modbus register: no connection to modbus server
[2025-03-01T08:17:42.470Z] Error reading register 3105 for IP 10.30.4.91: no connection to modbus server
[2025-03-01T08:17:42.470Z] ❌ Error reading register 1000 for IP 10.30.4.91: no connection to modbus server
[2025-03-01T08:17:42.471Z] Error reading actual data: no connection to modbus server
[2025-03-01T08:17:42.472Z] Error writing to Modbus register: no connection to modbus server
[2025-03-01T08:17:42.474Z] ❌ Error reading register 1000 for IP 10.30.4.91: no connection to modbus server
[2025-03-01T08:17:42.474Z] Error reading register 3105 for IP 10.30.4.91: no connection to modbus server
[2025-03-01T08:17:42.474Z] Error reading actual data: no connection to modbus server
[2025-03-01T08:17:42.476Z] Error reading register 3105 for IP 10.30.4.91: no connection to modbus server
[2025-03-01T08:17:42.475Z] Error writing to Modbus register: no connection to modbus server
[2025-03-01T08:17:42.476Z] Error writing to Modbus register: no connection to modbus server
[2025-03-01T08:17:42.476Z] ❌ Error reading register 1000 for IP 10.30.4.91: no connection to modbus server
[2025-03-01T08:17:42.476Z] Error reading actual data: no connection to modbus server
[2025-03-01T08:17:43.402Z] Error reading register 3105 for IP 10.30.4.91: no connection to modbus server
[2025-03-01T08:17:43.403Z] ❌ Error reading register 1000 for IP 10.30.4.91: no connection to modbus server
[2025-03-01T08:17:43.403Z] Error reading actual data: no connection to modbus server
[2025-03-01T08:17:43.405Z] Error writing to Modbus register: no connection to modbus server
[2025-03-01T08:17:43.406Z] Error reading register 3105 for IP 10.30.4.91: no connection to modbus server
[2025-03-01T08:17:43.406Z] ❌ Error reading register 1000 for IP 10.30.4.91: no connection to modbus server
[2025-03-01T08:17:43.407Z] Error reading actual data: no connection to modbus server
[2025-03-01T08:17:43.419Z] Error writing to Modbus register: no connection to modbus server
[2025-03-01T08:17:43.420Z] Error reading register 3105 for IP 10.30.4.91: no connection to modbus server
[2025-03-01T08:17:43.420Z] ❌ Error reading register 1000 for IP 10.30.4.91: no connection to modbus server
[2025-03-01T08:17:43.420Z] Error reading actual data: no connection to modbus server
[2025-03-01T08:17:43.421Z] Error writing to Modbus register: no connection to modbus server
[2025-03-01T08:17:43.470Z] Error reading register 3105 for IP 10.30.4.91: no connection to modbus server
[2025-03-01T08:17:43.470Z] ❌ Error reading register 1000 for IP 10.30.4.91: no connection to modbus server
[2025-03-01T08:17:43.471Z] Error reading actual data: no connection to modbus server
[2025-03-01T08:17:43.472Z] Error writing to Modbus register: no connection to modbus server
[2025-03-01T08:17:43.474Z] ❌ Error reading register 1000 for IP 10.30.4.91: no connection to modbus server
[2025-03-01T08:17:43.474Z] Error reading register 3105 for IP 10.30.4.91: no connection to modbus server
[2025-03-01T08:17:43.474Z] Error reading actual data: no connection to modbus server
[2025-03-01T08:17:43.476Z] Error writing to Modbus register: no connection to modbus server
[2025-03-01T08:17:43.477Z] Error reading register 3105 for IP 10.30.4.91: no connection to modbus server
[2025-03-01T08:17:43.477Z] ❌ Error reading register 1000 for IP 10.30.4.91: no connection to modbus server
[2025-03-01T08:17:43.477Z] Error reading actual data: no connection to modbus server
[2025-03-01T08:17:43.479Z] Error writing to Modbus register: no connection to modbus server
[2025-03-01T08:17:44.418Z] Error reading register 3105 for IP 10.30.4.91: no connection to modbus server
[2025-03-01T08:17:44.419Z] ❌ Error reading register 1000 for IP 10.30.4.91: no connection to modbus server
[2025-03-01T08:17:44.420Z] Error reading actual data: no connection to modbus server
[2025-03-01T08:17:44.421Z] Error writing to Modbus register: no connection to modbus server
[2025-03-01T08:17:44.422Z] Error reading register 3105 for IP 10.30.4.91: no connection to modbus server
[2025-03-01T08:17:44.422Z] ❌ Error reading register 1000 for IP 10.30.4.91: no connection to modbus server
[2025-03-01T08:17:44.422Z] Error reading actual data: no connection to modbus server
[2025-03-01T08:17:44.423Z] Error writing to Modbus register: no connection to modbus server
[2025-03-01T08:17:44.424Z] ❌ Error reading register 1000 for IP 10.30.4.91: no connection to modbus server
[2025-03-01T08:17:44.424Z] Error reading register 3105 for IP 10.30.4.91: no connection to modbus server
[2025-03-01T08:17:44.424Z] Error reading actual data: no connection to modbus server
[2025-03-01T08:17:44.424Z] Error writing to Modbus register: no connection to modbus server
[2025-03-01T08:17:44.483Z] Error reading register 3105 for IP 10.30.4.91: no connection to modbus server
[2025-03-01T08:17:44.484Z] ❌ Error reading register 1000 for IP 10.30.4.91: no connection to modbus server
[2025-03-01T08:17:44.485Z] Error reading actual data: no connection to modbus server
[2025-03-01T08:17:44.486Z] Error writing to Modbus register: no connection to modbus server
[2025-03-01T08:17:44.487Z] Error reading register 3105 for IP 10.30.4.91: no connection to modbus server
[2025-03-01T08:17:44.488Z] ❌ Error reading register 1000 for IP 10.30.4.91: no connection to modbus server
[2025-03-01T08:17:44.488Z] Error reading actual data: no connection to modbus server
[2025-03-01T08:17:44.488Z] Error writing to Modbus register: no connection to modbus server
[2025-03-01T08:17:44.488Z] Error reading register 3105 for IP 10.30.4.91: no connection to modbus server
[2025-03-01T08:17:44.489Z] ❌ Error reading register 1000 for IP 10.30.4.91: no connection to modbus server
[2025-03-01T08:17:44.489Z] Error reading actual data: no connection to modbus server
[2025-03-01T08:17:44.489Z] Error writing to Modbus register: no connection to modbus server
[2025-03-01T08:17:45.435Z] Error reading register 3105 for IP 10.30.4.91: no connection to modbus server
[2025-03-01T08:17:45.435Z] ❌ Error reading register 1000 for IP 10.30.4.91: no connection to modbus server
[2025-03-01T08:17:45.436Z] Error reading actual data: no connection to modbus server
[2025-03-01T08:17:45.437Z] Error writing to Modbus register: no connection to modbus server
[2025-03-01T08:17:45.439Z] ❌ Error reading register 1000 for IP 10.30.4.91: no connection to modbus server
[2025-03-01T08:17:45.439Z] Error reading actual data: no connection to modbus server
[2025-03-01T08:17:45.440Z] Error writing to Modbus register: no connection to modbus server
[2025-03-01T08:17:45.440Z] Error reading register 3105 for IP 10.30.4.91: no connection to modbus server
[2025-03-01T08:17:45.438Z] Error reading register 3105 for IP 10.30.4.91: no connection to modbus server
[2025-03-01T08:17:45.440Z] ❌ Error reading register 1000 for IP 10.30.4.91: no connection to modbus server
[2025-03-01T08:17:45.440Z] Error reading actual data: no connection to modbus server
[2025-03-01T08:17:45.440Z] Error writing to Modbus register: no connection to modbus server
[2025-03-01T08:17:45.486Z] Error reading register 3105 for IP 10.30.4.91: no connection to modbus server
[2025-03-01T08:17:45.487Z] ❌ Error reading register 1000 for IP 10.30.4.91: no connection to modbus server
[2025-03-01T08:17:45.488Z] Error reading actual data: no connection to modbus server
[2025-03-01T08:17:45.489Z] Error writing to Modbus register: no connection to modbus server
[2025-03-01T08:17:45.490Z] Error reading register 3105 for IP 10.30.4.91: no connection to modbus server
[2025-03-01T08:17:45.490Z] ❌ Error reading register 1000 for IP 10.30.4.91: no connection to modbus server
[2025-03-01T08:17:45.490Z] Error reading actual data: no connection to modbus server
[2025-03-01T08:17:45.490Z] Error writing to Modbus register: no connection to modbus server
[2025-03-01T08:17:45.491Z] Error reading register 3105 for IP 10.30.4.91: no connection to modbus server
[2025-03-01T08:17:45.491Z] ❌ Error reading register 1000 for IP 10.30.4.91: no connection to modbus server
[2025-03-01T08:17:45.491Z] Error reading actual data: no connection to modbus server
[2025-03-01T08:17:45.491Z] Error writing to Modbus register: no connection to modbus server
[2025-03-01T08:17:46.438Z] Error reading register 3105 for IP 10.30.4.91: no connection to modbus server
[2025-03-01T08:17:46.439Z] ❌ Error reading register 1000 for IP 10.30.4.91: no connection to modbus server
[2025-03-01T08:17:46.439Z] Error reading actual data: no connection to modbus server
[2025-03-01T08:17:46.439Z] Error writing to Modbus register: no connection to modbus server
[2025-03-01T08:17:46.440Z] Error reading register 3105 for IP 10.30.4.91: no connection to modbus server
[2025-03-01T08:17:46.440Z] ❌ Error reading register 1000 for IP 10.30.4.91: no connection to modbus server
[2025-03-01T08:17:46.440Z] Error reading actual data: no connection to modbus server
[2025-03-01T08:17:46.440Z] Error writing to Modbus register: no connection to modbus server
[2025-03-01T08:17:46.441Z] Error reading register 3105 for IP 10.30.4.91: no connection to modbus server
[2025-03-01T08:17:46.441Z] Error writing to Modbus register: no connection to modbus server
[2025-03-01T08:17:46.441Z] ❌ Error reading register 1000 for IP 10.30.4.91: no connection to modbus server
[2025-03-01T08:17:46.441Z] Error reading actual data: no connection to modbus server
[2025-03-01T08:17:46.486Z] Error reading register 3105 for IP 10.30.4.91: no connection to modbus server
[2025-03-01T08:17:46.487Z] ❌ Error reading register 1000 for IP 10.30.4.91: no connection to modbus server
[2025-03-01T08:17:46.487Z] Error reading actual data: no connection to modbus server
[2025-03-01T08:17:46.489Z] Error writing to Modbus register: no connection to modbus server
[2025-03-01T08:17:46.490Z] Error reading register 3105 for IP 10.30.4.91: no connection to modbus server
[2025-03-01T08:17:46.490Z] ❌ Error reading register 1000 for IP 10.30.4.91: no connection to modbus server
[2025-03-01T08:17:46.490Z] Error reading actual data: no connection to modbus server
[2025-03-01T08:17:46.491Z] Error writing to Modbus register: no connection to modbus server
[2025-03-01T08:17:46.491Z] Error reading register 3105 for IP 10.30.4.91: no connection to modbus server
[2025-03-01T08:17:46.492Z] ❌ Error reading register 1000 for IP 10.30.4.91: no connection to modbus server
[2025-03-01T08:17:46.492Z] Error reading actual data: no connection to modbus server
[2025-03-01T08:17:46.493Z] Error writing to Modbus register: no connection to modbus server
[2025-03-01T08:17:47.451Z] Error reading register 3105 for IP 10.30.4.91: no connection to modbus server
[2025-03-01T08:17:47.451Z] ❌ Error reading register 1000 for IP 10.30.4.91: no connection to modbus server
[2025-03-01T08:17:47.452Z] Error writing to Modbus register: no connection to modbus server
[2025-03-01T08:17:47.451Z] Error reading actual data: no connection to modbus server
[2025-03-01T08:17:47.452Z] Error reading register 3105 for IP 10.30.4.91: no connection to modbus server
[2025-03-01T08:17:47.452Z] ❌ Error reading register 1000 for IP 10.30.4.91: no connection to modbus server
[2025-03-01T08:17:47.453Z] Error writing to Modbus register: no connection to modbus server
[2025-03-01T08:17:47.453Z] Error reading actual data: no connection to modbus server
[2025-03-01T08:17:47.453Z] Error reading register 3105 for IP 10.30.4.91: no connection to modbus server
[2025-03-01T08:17:47.453Z] ❌ Error reading register 1000 for IP 10.30.4.91: no connection to modbus server
[2025-03-01T08:17:47.453Z] Error reading actual data: no connection to modbus server
[2025-03-01T08:17:47.454Z] Error writing to Modbus register: no connection to modbus server
[2025-03-01T08:17:47.489Z] ❌ Error reading register 1000 for IP 10.30.4.91: no connection to modbus server
[2025-03-01T08:17:47.489Z] Error reading actual data: no connection to modbus server
[2025-03-01T08:17:47.489Z] Error reading register 3105 for IP 10.30.4.91: no connection to modbus server
[2025-03-01T08:17:47.490Z] Error writing to Modbus register: no connection to modbus server
[2025-03-01T08:17:47.490Z] Error reading register 3105 for IP 10.30.4.91: no connection to modbus server
[2025-03-01T08:17:47.490Z] Error reading actual data: no connection to modbus server
[2025-03-01T08:17:47.490Z] ❌ Error reading register 1000 for IP 10.30.4.91: no connection to modbus server
[2025-03-01T08:17:47.491Z] Error writing to Modbus register: no connection to modbus server
[2025-03-01T08:17:47.491Z] Error reading register 3105 for IP 10.30.4.91: no connection to modbus server
[2025-03-01T08:17:47.491Z] ❌ Error reading register 1000 for IP 10.30.4.91: no connection to modbus server
[2025-03-01T08:17:47.492Z] Error reading actual data: no connection to modbus server
[2025-03-01T08:17:47.492Z] Error writing to Modbus register: no connection to modbus server
[2025-03-01T08:17:48.453Z] Error reading register 3105 for IP 10.30.4.91: no connection to modbus server
[2025-03-01T08:17:48.454Z] ❌ Error reading register 1000 for IP 10.30.4.91: no connection to modbus server
[2025-03-01T08:17:48.455Z] Error reading actual data: no connection to modbus server
[2025-03-01T08:17:48.456Z] Error writing to Modbus register: no connection to modbus server
[2025-03-01T08:17:48.457Z] Error reading register 3105 for IP 10.30.4.91: no connection to modbus server
[2025-03-01T08:17:48.458Z] ❌ Error reading register 1000 for IP 10.30.4.91: no connection to modbus server
[2025-03-01T08:17:48.458Z] Error reading actual data: no connection to modbus server
[2025-03-01T08:17:48.458Z] Error writing to Modbus register: no connection to modbus server
[2025-03-01T08:17:48.458Z] Error reading register 3105 for IP 10.30.4.91: no connection to modbus server
[2025-03-01T08:17:48.459Z] ❌ Error reading register 1000 for IP 10.30.4.91: no connection to modbus server
[2025-03-01T08:17:48.459Z] Error reading actual data: no connection to modbus server
[2025-03-01T08:17:48.459Z] Error writing to Modbus register: no connection to modbus server
[2025-03-01T08:17:48.501Z] Error reading register 3105 for IP 10.30.4.91: no connection to modbus server
[2025-03-01T08:17:48.501Z] ❌ Error reading register 1000 for IP 10.30.4.91: no connection to modbus server
[2025-03-01T08:17:48.502Z] Error reading register 3105 for IP 10.30.4.91: no connection to modbus server
[2025-03-01T08:17:48.502Z] ❌ Error reading register 1000 for IP 10.30.4.91: no connection to modbus server
[2025-03-01T08:17:48.501Z] Error writing to Modbus register: no connection to modbus server
[2025-03-01T08:17:48.502Z] Error writing to Modbus register: no connection to modbus server
[2025-03-01T08:17:48.502Z] Error reading actual data: no connection to modbus server
[2025-03-01T08:17:48.502Z] Error reading register 3105 for IP 10.30.4.91: no connection to modbus server
[2025-03-01T08:17:48.502Z] ❌ Error reading register 1000 for IP 10.30.4.91: no connection to modbus server
[2025-03-01T08:17:48.501Z] Error reading actual data: no connection to modbus server
[2025-03-01T08:17:48.503Z] Error reading actual data: no connection to modbus server
[2025-03-01T08:17:48.503Z] Error writing to Modbus register: no connection to modbus server
[2025-03-01T08:17:49.466Z] Error reading register 3105 for IP 10.30.4.91: no connection to modbus server
[2025-03-01T08:17:49.467Z] ❌ Error reading register 1000 for IP 10.30.4.91: no connection to modbus server
[2025-03-01T08:17:49.469Z] Error reading register 3105 for IP 10.30.4.91: no connection to modbus server
[2025-03-01T08:17:49.470Z] ❌ Error reading register 1000 for IP 10.30.4.91: no connection to modbus server
[2025-03-01T08:17:49.467Z] Error reading actual data: no connection to modbus server
[2025-03-01T08:17:49.468Z] Error writing to Modbus register: no connection to modbus server
[2025-03-01T08:17:49.470Z] Error reading actual data: no connection to modbus server
[2025-03-01T08:17:49.471Z] Error reading register 3105 for IP 10.30.4.91: no connection to modbus server
[2025-03-01T08:17:49.471Z] Error writing to Modbus register: no connection to modbus server
[2025-03-01T08:17:49.471Z] ❌ Error reading register 1000 for IP 10.30.4.91: no connection to modbus server
[2025-03-01T08:17:49.471Z] Error reading actual data: no connection to modbus server
[2025-03-01T08:17:49.472Z] Error writing to Modbus register: no connection to modbus server
[2025-03-01T08:17:49.517Z] Error reading register 3105 for IP 10.30.4.91: no connection to modbus server
[2025-03-01T08:17:49.517Z] ❌ Error reading register 1000 for IP 10.30.4.91: no connection to modbus server
[2025-03-01T08:17:49.518Z] Error writing to Modbus register: no connection to modbus server
[2025-03-01T08:17:49.518Z] Error reading register 3105 for IP 10.30.4.91: no connection to modbus server
[2025-03-01T08:17:49.518Z] ❌ Error reading register 1000 for IP 10.30.4.91: no connection to modbus server
[2025-03-01T08:17:49.517Z] Error reading actual data: no connection to modbus server
[2025-03-01T08:17:49.518Z] Error reading actual data: no connection to modbus server
[2025-03-01T08:17:49.518Z] Error writing to Modbus register: no connection to modbus server
[2025-03-01T08:17:49.519Z] Error reading register 3105 for IP 10.30.4.91: no connection to modbus server
[2025-03-01T08:17:49.519Z] Error reading actual data: no connection to modbus server
[2025-03-01T08:17:49.519Z] Error writing to Modbus register: no connection to modbus server
[2025-03-01T08:17:49.519Z] ❌ Error reading register 1000 for IP 10.30.4.91: no connection to modbus server
[2025-03-01T08:17:50.467Z] Error reading register 3105 for IP 10.30.4.91: no connection to modbus server
[2025-03-01T08:17:50.467Z] ❌ Error reading register 1000 for IP 10.30.4.91: no connection to modbus server
[2025-03-01T08:17:50.468Z] Error reading actual data: no connection to modbus server
[2025-03-01T08:17:50.469Z] Error writing to Modbus register: no connection to modbus server
[2025-03-01T08:17:50.470Z] Error reading register 3105 for IP 10.30.4.91: no connection to modbus server
[2025-03-01T08:17:50.471Z] ❌ Error reading register 1000 for IP 10.30.4.91: no connection to modbus server
[2025-03-01T08:17:50.471Z] Error reading actual data: no connection to modbus server
[2025-03-01T08:17:50.472Z] Error writing to Modbus register: no connection to modbus server
[2025-03-01T08:17:50.472Z] ❌ Error reading register 1000 for IP 10.30.4.91: no connection to modbus server
[2025-03-01T08:17:50.472Z] Error reading register 3105 for IP 10.30.4.91: no connection to modbus server
[2025-03-01T08:17:50.473Z] Error writing to Modbus register: no connection to modbus server
[2025-03-01T08:17:50.473Z] Error reading actual data: no connection to modbus server
[2025-03-01T08:17:50.528Z] Error reading register 3105 for IP 10.30.4.91: no connection to modbus server
[2025-03-01T08:17:50.528Z] ❌ Error reading register 1000 for IP 10.30.4.91: no connection to modbus server
[2025-03-01T08:17:50.529Z] Error reading actual data: no connection to modbus server
[2025-03-01T08:17:50.529Z] Error writing to Modbus register: no connection to modbus server
[2025-03-01T08:17:50.529Z] Error reading register 3105 for IP 10.30.4.91: no connection to modbus server
[2025-03-01T08:17:50.530Z] Error reading actual data: no connection to modbus server
[2025-03-01T08:17:50.529Z] ❌ Error reading register 1000 for IP 10.30.4.91: no connection to modbus server
[2025-03-01T08:17:50.530Z] Error writing to Modbus register: no connection to modbus server
[2025-03-01T08:17:50.530Z] Error reading register 3105 for IP 10.30.4.91: no connection to modbus server
[2025-03-01T08:17:50.530Z] ❌ Error reading register 1000 for IP 10.30.4.91: no connection to modbus server
[2025-03-01T08:17:50.530Z] Error reading actual data: no connection to modbus server
[2025-03-01T08:17:50.531Z] Error writing to Modbus register: no connection to modbus server
[2025-03-01T08:17:51.468Z] Error reading register 3105 for IP 10.30.4.91: no connection to modbus server
[2025-03-01T08:17:51.468Z] ❌ Error reading register 1000 for IP 10.30.4.91: no connection to modbus server
[2025-03-01T08:17:51.468Z] Error reading actual data: no connection to modbus server
[2025-03-01T08:17:51.469Z] Error writing to Modbus register: no connection to modbus server
[2025-03-01T08:17:51.470Z] Error reading register 3105 for IP 10.30.4.91: no connection to modbus server
[2025-03-01T08:17:51.470Z] ❌ Error reading register 1000 for IP 10.30.4.91: no connection to modbus server
[2025-03-01T08:17:51.470Z] Error reading actual data: no connection to modbus server
[2025-03-01T08:17:51.471Z] Error writing to Modbus register: no connection to modbus server
[2025-03-01T08:17:51.472Z] Error reading register 3105 for IP 10.30.4.91: no connection to modbus server
[2025-03-01T08:17:51.472Z] ❌ Error reading register 1000 for IP 10.30.4.91: no connection to modbus server
[2025-03-01T08:17:51.473Z] Error reading actual data: no connection to modbus server
[2025-03-01T08:17:51.473Z] Error writing to Modbus register: no connection to modbus server
[2025-03-01T08:17:51.535Z] Error reading register 3105 for IP 10.30.4.91: no connection to modbus server
[2025-03-01T08:17:51.536Z] ❌ Error reading register 1000 for IP 10.30.4.91: no connection to modbus server
[2025-03-01T08:17:51.539Z] Error reading register 3105 for IP 10.30.4.91: no connection to modbus server
[2025-03-01T08:17:51.539Z] ❌ Error reading register 1000 for IP 10.30.4.91: no connection to modbus server
[2025-03-01T08:17:51.537Z] Error reading actual data: no connection to modbus server
[2025-03-01T08:17:51.538Z] Error writing to Modbus register: no connection to modbus server
[2025-03-01T08:17:51.539Z] Error reading actual data: no connection to modbus server
[2025-03-01T08:17:51.540Z] Error writing to Modbus register: no connection to modbus server
[2025-03-01T08:17:51.540Z] Error reading register 3105 for IP 10.30.4.91: no connection to modbus server
[2025-03-01T08:17:51.540Z] ❌ Error reading register 1000 for IP 10.30.4.91: no connection to modbus server
[2025-03-01T08:17:51.540Z] Error reading actual data: no connection to modbus server
[2025-03-01T08:17:51.540Z] Error writing to Modbus register: no connection to modbus server
[2025-03-01T08:17:52.485Z] Error reading register 3105 for IP 10.30.4.91: no connection to modbus server
[2025-03-01T08:17:52.486Z] ❌ Error reading register 1000 for IP 10.30.4.91: no connection to modbus server
[2025-03-01T08:17:52.487Z] Error writing to Modbus register: no connection to modbus server
[2025-03-01T08:17:52.489Z] Error reading register 3105 for IP 10.30.4.91: no connection to modbus server
[2025-03-01T08:17:52.489Z] ❌ Error reading register 1000 for IP 10.30.4.91: no connection to modbus server
[2025-03-01T08:17:52.490Z] Error reading register 3105 for IP 10.30.4.91: no connection to modbus server
[2025-03-01T08:17:52.491Z] ❌ Error reading register 1000 for IP 10.30.4.91: no connection to modbus server
[2025-03-01T08:17:52.491Z] Error reading actual data: no connection to modbus server
[2025-03-01T08:17:52.491Z] Error writing to Modbus register: no connection to modbus server
[2025-03-01T08:17:52.486Z] Error reading actual data: no connection to modbus server
[2025-03-01T08:17:52.490Z] Error writing to Modbus register: no connection to modbus server
[2025-03-01T08:17:52.489Z] Error reading actual data: no connection to modbus server
[2025-03-01T08:17:52.553Z] Error reading register 3105 for IP 10.30.4.91: no connection to modbus server
[2025-03-01T08:17:52.554Z] Error reading actual data: no connection to modbus server
[2025-03-01T08:17:52.553Z] ❌ Error reading register 1000 for IP 10.30.4.91: no connection to modbus server
[2025-03-01T08:17:52.555Z] Error writing to Modbus register: no connection to modbus server
[2025-03-01T08:17:52.556Z] Error reading register 3105 for IP 10.30.4.91: no connection to modbus server
[2025-03-01T08:17:52.556Z] ❌ Error reading register 1000 for IP 10.30.4.91: no connection to modbus server
[2025-03-01T08:17:52.556Z] Error reading actual data: no connection to modbus server
[2025-03-01T08:17:52.557Z] Error writing to Modbus register: no connection to modbus server
[2025-03-01T08:17:52.557Z] Error reading register 3105 for IP 10.30.4.91: no connection to modbus server
[2025-03-01T08:17:52.557Z] ❌ Error reading register 1000 for IP 10.30.4.91: no connection to modbus server
[2025-03-01T08:17:52.557Z] Error reading actual data: no connection to modbus server
[2025-03-01T08:17:52.557Z] Error writing to Modbus register: no connection to modbus server
[2025-03-01T08:17:53.484Z] Error reading register 3105 for IP 10.30.4.91: no connection to modbus server
[2025-03-01T08:17:53.485Z] ❌ Error reading register 1000 for IP 10.30.4.91: no connection to modbus server
[2025-03-01T08:17:53.485Z] Error reading actual data: no connection to modbus server
[2025-03-01T08:17:53.492Z] Error writing to Modbus register: no connection to modbus server
[2025-03-01T08:17:53.493Z] Error reading register 3105 for IP 10.30.4.91: no connection to modbus server
[2025-03-01T08:17:53.493Z] ❌ Error reading register 1000 for IP 10.30.4.91: no connection to modbus server
[2025-03-01T08:17:53.493Z] Error reading actual data: no connection to modbus server
[2025-03-01T08:17:53.493Z] Error writing to Modbus register: no connection to modbus server
[2025-03-01T08:17:53.494Z] Error reading register 3105 for IP 10.30.4.91: no connection to modbus server
[2025-03-01T08:17:53.494Z] ❌ Error reading register 1000 for IP 10.30.4.91: no connection to modbus server
[2025-03-01T08:17:53.494Z] Error reading actual data: no connection to modbus server
[2025-03-01T08:17:53.494Z] Error writing to Modbus register: no connection to modbus server
[2025-03-01T08:17:53.568Z] Error reading register 3105 for IP 10.30.4.91: no connection to modbus server
[2025-03-01T08:17:53.568Z] ❌ Error reading register 1000 for IP 10.30.4.91: no connection to modbus server
[2025-03-01T08:17:53.568Z] Error reading actual data: no connection to modbus server
[2025-03-01T08:17:53.568Z] Error writing to Modbus register: no connection to modbus server
[2025-03-01T08:17:53.569Z] Error reading register 3105 for IP 10.30.4.91: no connection to modbus server
[2025-03-01T08:17:53.569Z] ❌ Error reading register 1000 for IP 10.30.4.91: no connection to modbus server
[2025-03-01T08:17:53.569Z] Error reading actual data: no connection to modbus server
[2025-03-01T08:17:53.569Z] Error writing to Modbus register: no connection to modbus server
[2025-03-01T08:17:53.570Z] Error reading register 3105 for IP 10.30.4.91: no connection to modbus server
[2025-03-01T08:17:53.570Z] ❌ Error reading register 1000 for IP 10.30.4.91: no connection to modbus server
[2025-03-01T08:17:53.570Z] Error reading actual data: no connection to modbus server
[2025-03-01T08:17:53.570Z] Error writing to Modbus register: no connection to modbus server
[2025-03-01T08:17:54.486Z] Error reading register 3105 for IP 10.30.4.91: no connection to modbus server
[2025-03-01T08:17:54.487Z] ❌ Error reading register 1000 for IP 10.30.4.91: no connection to modbus server
[2025-03-01T08:17:54.487Z] Error reading actual data: no connection to modbus server
[2025-03-01T08:17:54.502Z] Error writing to Modbus register: no connection to modbus server
[2025-03-01T08:17:54.505Z] Error reading register 3105 for IP 10.30.4.91: no connection to modbus server
[2025-03-01T08:17:54.505Z] ❌ Error reading register 1000 for IP 10.30.4.91: no connection to modbus server
[2025-03-01T08:17:54.506Z] Error reading actual data: no connection to modbus server
[2025-03-01T08:17:54.507Z] Error writing to Modbus register: no connection to modbus server
[2025-03-01T08:17:54.508Z] Error reading register 3105 for IP 10.30.4.91: no connection to modbus server
[2025-03-01T08:17:54.509Z] ❌ Error reading register 1000 for IP 10.30.4.91: no connection to modbus server
[2025-03-01T08:17:54.509Z] Error reading actual data: no connection to modbus server
[2025-03-01T08:17:54.509Z] Error writing to Modbus register: no connection to modbus server
[2025-03-01T08:17:54.577Z] Error reading register 3105 for IP 10.30.4.91: no connection to modbus server
[2025-03-01T08:17:54.577Z] ❌ Error reading register 1000 for IP 10.30.4.91: no connection to modbus server
[2025-03-01T08:17:54.577Z] Error reading actual data: no connection to modbus server
[2025-03-01T08:17:54.577Z] Error writing to Modbus register: no connection to modbus server
[2025-03-01T08:17:54.577Z] Error reading register 3105 for IP 10.30.4.91: no connection to modbus server
[2025-03-01T08:17:54.578Z] ❌ Error reading register 1000 for IP 10.30.4.91: no connection to modbus server
[2025-03-01T08:17:54.578Z] Error reading actual data: no connection to modbus server
[2025-03-01T08:17:54.578Z] Error writing to Modbus register: no connection to modbus server
[2025-03-01T08:17:54.578Z] Error reading register 3105 for IP 10.30.4.91: no connection to modbus server
[2025-03-01T08:17:54.578Z] ❌ Error reading register 1000 for IP 10.30.4.91: no connection to modbus server
[2025-03-01T08:17:54.578Z] Error reading actual data: no connection to modbus server
[2025-03-01T08:17:54.579Z] Error writing to Modbus register: no connection to modbus server
[2025-03-01T08:17:55.502Z] Error reading register 3105 for IP 10.30.4.91: no connection to modbus server
[2025-03-01T08:17:55.503Z] ❌ Error reading register 1000 for IP 10.30.4.91: no connection to modbus server
[2025-03-01T08:17:55.503Z] Error reading actual data: no connection to modbus server
[2025-03-01T08:17:55.505Z] Error writing to Modbus register: no connection to modbus server
[2025-03-01T08:17:55.506Z] Error reading register 3105 for IP 10.30.4.91: no connection to modbus server
[2025-03-01T08:17:55.507Z] ❌ Error reading register 1000 for IP 10.30.4.91: no connection to modbus server
[2025-03-01T08:17:55.507Z] Error reading actual data: no connection to modbus server
[2025-03-01T08:17:55.508Z] Error writing to Modbus register: no connection to modbus server
[2025-03-01T08:17:55.509Z] Error reading register 3105 for IP 10.30.4.91: no connection to modbus server
[2025-03-01T08:17:55.509Z] ❌ Error reading register 1000 for IP 10.30.4.91: no connection to modbus server
[2025-03-01T08:17:55.510Z] Error reading actual data: no connection to modbus server
[2025-03-01T08:17:55.511Z] Error writing to Modbus register: no connection to modbus server
[2025-03-01T08:17:55.583Z] Error reading register 3105 for IP 10.30.4.91: no connection to modbus server
[2025-03-01T08:17:55.583Z] ❌ Error reading register 1000 for IP 10.30.4.91: no connection to modbus server
[2025-03-01T08:17:55.583Z] Error reading actual data: no connection to modbus server
[2025-03-01T08:17:55.583Z] Error writing to Modbus register: no connection to modbus server
[2025-03-01T08:17:55.584Z] Error reading register 3105 for IP 10.30.4.91: no connection to modbus server
[2025-03-01T08:17:55.584Z] ❌ Error reading register 1000 for IP 10.30.4.91: no connection to modbus server
[2025-03-01T08:17:55.584Z] Error reading actual data: no connection to modbus server
[2025-03-01T08:17:55.585Z] Error reading actual data: no connection to modbus server
[2025-03-01T08:17:55.585Z] Error writing to Modbus register: no connection to modbus server
[2025-03-01T08:17:55.585Z] ❌ Error reading register 1000 for IP 10.30.4.91: no connection to modbus server
[2025-03-01T08:17:55.584Z] Error reading register 3105 for IP 10.30.4.91: no connection to modbus server
[2025-03-01T08:17:55.584Z] Error writing to Modbus register: no connection to modbus server
[2025-03-01T08:17:56.518Z] Error reading register 3105 for IP 10.30.4.91: no connection to modbus server
[2025-03-01T08:17:56.518Z] ❌ Error reading register 1000 for IP 10.30.4.91: no connection to modbus server
[2025-03-01T08:17:56.518Z] Error reading actual data: no connection to modbus server
[2025-03-01T08:17:56.518Z] Error writing to Modbus register: no connection to modbus server
[2025-03-01T08:17:56.519Z] ❌ Error reading register 1000 for IP 10.30.4.91: no connection to modbus server
[2025-03-01T08:17:56.519Z] Error reading register 3105 for IP 10.30.4.91: no connection to modbus server
[2025-03-01T08:17:56.519Z] Error writing to Modbus register: no connection to modbus server
[2025-03-01T08:17:56.519Z] Error reading actual data: no connection to modbus server
[2025-03-01T08:17:56.520Z] Error reading register 3105 for IP 10.30.4.91: no connection to modbus server
[2025-03-01T08:17:56.520Z] ❌ Error reading register 1000 for IP 10.30.4.91: no connection to modbus server
[2025-03-01T08:17:56.520Z] Error reading actual data: no connection to modbus server
[2025-03-01T08:17:56.520Z] Error writing to Modbus register: no connection to modbus server
[2025-03-01T08:17:56.584Z] Error reading register 3105 for IP 10.30.4.91: no connection to modbus server
[2025-03-01T08:17:56.584Z] Error reading actual data: no connection to modbus server
[2025-03-01T08:17:56.584Z] ❌ Error reading register 1000 for IP 10.30.4.91: no connection to modbus server
[2025-03-01T08:17:56.584Z] Error writing to Modbus register: no connection to modbus server
[2025-03-01T08:17:56.585Z] ❌ Error reading register 1000 for IP 10.30.4.91: no connection to modbus server
[2025-03-01T08:17:56.585Z] Error reading register 3105 for IP 10.30.4.91: no connection to modbus server
[2025-03-01T08:17:56.585Z] Error reading actual data: no connection to modbus server
[2025-03-01T08:17:56.585Z] Error writing to Modbus register: no connection to modbus server
[2025-03-01T08:17:56.586Z] Error reading register 3105 for IP 10.30.4.91: no connection to modbus server
[2025-03-01T08:17:56.586Z] ❌ Error reading register 1000 for IP 10.30.4.91: no connection to modbus server
[2025-03-01T08:17:56.586Z] Error reading actual data: no connection to modbus server
[2025-03-01T08:17:56.586Z] Error writing to Modbus register: no connection to modbus server
[2025-03-01T08:17:57.520Z] Error reading register 3105 for IP 10.30.4.91: no connection to modbus server
[2025-03-01T08:17:57.521Z] ❌ Error reading register 1000 for IP 10.30.4.91: no connection to modbus server
[2025-03-01T08:17:57.521Z] Error reading actual data: no connection to modbus server
[2025-03-01T08:17:57.522Z] Error writing to Modbus register: no connection to modbus server
[2025-03-01T08:17:57.523Z] Error reading register 3105 for IP 10.30.4.91: no connection to modbus server
[2025-03-01T08:17:57.524Z] ❌ Error reading register 1000 for IP 10.30.4.91: no connection to modbus server
[2025-03-01T08:17:57.524Z] Error reading actual data: no connection to modbus server
[2025-03-01T08:17:57.525Z] Error writing to Modbus register: no connection to modbus server
[2025-03-01T08:17:57.526Z] ❌ Error reading register 1000 for IP 10.30.4.91: no connection to modbus server
[2025-03-01T08:17:57.526Z] Error reading register 3105 for IP 10.30.4.91: no connection to modbus server
[2025-03-01T08:17:57.526Z] Error reading actual data: no connection to modbus server
[2025-03-01T08:17:57.527Z] Error writing to Modbus register: no connection to modbus server
[2025-03-01T08:17:57.595Z] Error reading register 3105 for IP 10.30.4.91: no connection to modbus server
[2025-03-01T08:17:57.595Z] ❌ Error reading register 1000 for IP 10.30.4.91: no connection to modbus server
[2025-03-01T08:17:57.595Z] Error reading actual data: no connection to modbus server
[2025-03-01T08:17:57.596Z] Error reading register 3105 for IP 10.30.4.91: no connection to modbus server
[2025-03-01T08:17:57.596Z] ❌ Error reading register 1000 for IP 10.30.4.91: no connection to modbus server
[2025-03-01T08:17:57.596Z] Error writing to Modbus register: no connection to modbus server
[2025-03-01T08:17:57.596Z] Error reading actual data: no connection to modbus server
[2025-03-01T08:17:57.597Z] Error reading register 3105 for IP 10.30.4.91: no connection to modbus server
[2025-03-01T08:17:57.597Z] ❌ Error reading register 1000 for IP 10.30.4.91: no connection to modbus server
[2025-03-01T08:17:57.596Z] Error writing to Modbus register: no connection to modbus server
[2025-03-01T08:17:57.597Z] Error reading actual data: no connection to modbus server
[2025-03-01T08:17:57.597Z] Error writing to Modbus register: no connection to modbus server
[2025-03-01T08:17:58.520Z] Error reading register 3105 for IP 10.30.4.91: no connection to modbus server
[2025-03-01T08:17:58.520Z] ❌ Error reading register 1000 for IP 10.30.4.91: no connection to modbus server
[2025-03-01T08:17:58.521Z] Error reading actual data: no connection to modbus server
[2025-03-01T08:17:58.522Z] Error writing to Modbus register: no connection to modbus server
[2025-03-01T08:17:58.523Z] Error reading register 3105 for IP 10.30.4.91: no connection to modbus server
[2025-03-01T08:17:58.523Z] ❌ Error reading register 1000 for IP 10.30.4.91: no connection to modbus server
[2025-03-01T08:17:58.523Z] Error reading actual data: no connection to modbus server
[2025-03-01T08:17:58.524Z] Error writing to Modbus register: no connection to modbus server
[2025-03-01T08:17:58.525Z] Error reading register 3105 for IP 10.30.4.91: no connection to modbus server
[2025-03-01T08:17:58.525Z] ❌ Error reading register 1000 for IP 10.30.4.91: no connection to modbus server
[2025-03-01T08:17:58.525Z] Error reading actual data: no connection to modbus server
[2025-03-01T08:17:58.526Z] Error writing to Modbus register: no connection to modbus server
[2025-03-01T08:17:58.610Z] Error reading register 3105 for IP 10.30.4.91: no connection to modbus server
[2025-03-01T08:17:58.610Z] ❌ Error reading register 1000 for IP 10.30.4.91: no connection to modbus server
[2025-03-01T08:17:58.611Z] Error reading actual data: no connection to modbus server
[2025-03-01T08:17:58.611Z] Error writing to Modbus register: no connection to modbus server
[2025-03-01T08:17:58.611Z] Error reading register 3105 for IP 10.30.4.91: no connection to modbus server
[2025-03-01T08:17:58.612Z] ❌ Error reading register 1000 for IP 10.30.4.91: no connection to modbus server
[2025-03-01T08:17:58.612Z] Error reading actual data: no connection to modbus server
[2025-03-01T08:17:58.612Z] Error writing to Modbus register: no connection to modbus server
[2025-03-01T08:17:58.613Z] Error reading register 3105 for IP 10.30.4.91: no connection to modbus server
[2025-03-01T08:17:58.613Z] ❌ Error reading register 1000 for IP 10.30.4.91: no connection to modbus server
[2025-03-01T08:17:58.613Z] Error reading actual data: no connection to modbus server
[2025-03-01T08:17:58.613Z] Error writing to Modbus register: no connection to modbus server
[2025-03-01T08:17:59.536Z] Error reading register 3105 for IP 10.30.4.91: no connection to modbus server
[2025-03-01T08:17:59.536Z] ❌ Error reading register 1000 for IP 10.30.4.91: no connection to modbus server
[2025-03-01T08:17:59.537Z] Error reading actual data: no connection to modbus server
[2025-03-01T08:17:59.538Z] Error writing to Modbus register: no connection to modbus server
[2025-03-01T08:17:59.539Z] Error reading register 3105 for IP 10.30.4.91: no connection to modbus server
[2025-03-01T08:17:59.539Z] ❌ Error reading register 1000 for IP 10.30.4.91: no connection to modbus server
[2025-03-01T08:17:59.540Z] Error reading actual data: no connection to modbus server
[2025-03-01T08:17:59.541Z] Error writing to Modbus register: no connection to modbus server
[2025-03-01T08:17:59.542Z] Error reading register 3105 for IP 10.30.4.91: no connection to modbus server
[2025-03-01T08:17:59.542Z] ❌ Error reading register 1000 for IP 10.30.4.91: no connection to modbus server
[2025-03-01T08:17:59.542Z] Error reading actual data: no connection to modbus server
[2025-03-01T08:17:59.543Z] Error writing to Modbus register: no connection to modbus server
[2025-03-01T08:17:59.619Z] Error reading register 3105 for IP 10.30.4.91: no connection to modbus server
[2025-03-01T08:17:59.619Z] ❌ Error reading register 1000 for IP 10.30.4.91: no connection to modbus server
[2025-03-01T08:17:59.619Z] Error writing to Modbus register: no connection to modbus server
[2025-03-01T08:17:59.619Z] Error reading actual data: no connection to modbus server
[2025-03-01T08:17:59.619Z] Error reading register 3105 for IP 10.30.4.91: no connection to modbus server
[2025-03-01T08:17:59.620Z] ❌ Error reading register 1000 for IP 10.30.4.91: no connection to modbus server
[2025-03-01T08:17:59.620Z] Error reading actual data: no connection to modbus server
[2025-03-01T08:17:59.620Z] Error writing to Modbus register: no connection to modbus server
[2025-03-01T08:17:59.620Z] Error reading register 3105 for IP 10.30.4.91: no connection to modbus server
[2025-03-01T08:17:59.620Z] ❌ Error reading register 1000 for IP 10.30.4.91: no connection to modbus server
[2025-03-01T08:17:59.620Z] Error reading actual data: no connection to modbus server
[2025-03-01T08:17:59.621Z] Error writing to Modbus register: no connection to modbus server
[2025-03-01T08:18:00.535Z] Error reading register 3105 for IP 10.30.4.91: no connection to modbus server
[2025-03-01T08:18:00.535Z] ❌ Error reading register 1000 for IP 10.30.4.91: no connection to modbus server
[2025-03-01T08:18:00.535Z] Error reading actual data: no connection to modbus server
[2025-03-01T08:18:00.551Z] Error writing to Modbus register: no connection to modbus server
[2025-03-01T08:18:00.552Z] Error reading register 3105 for IP 10.30.4.91: no connection to modbus server
[2025-03-01T08:18:00.552Z] ❌ Error reading register 1000 for IP 10.30.4.91: no connection to modbus server
[2025-03-01T08:18:00.552Z] Error reading actual data: no connection to modbus server
[2025-03-01T08:18:00.553Z] Error writing to Modbus register: no connection to modbus server
[2025-03-01T08:18:00.554Z] Error reading register 3105 for IP 10.30.4.91: no connection to modbus server
[2025-03-01T08:18:00.554Z] ❌ Error reading register 1000 for IP 10.30.4.91: no connection to modbus server
[2025-03-01T08:18:00.554Z] Error reading actual data: no connection to modbus server
[2025-03-01T08:18:00.555Z] Error writing to Modbus register: no connection to modbus server
[2025-03-01T08:18:00.625Z] Error reading register 3105 for IP 10.30.4.91: no connection to modbus server
[2025-03-01T08:18:00.626Z] ❌ Error reading register 1000 for IP 10.30.4.91: no connection to modbus server
[2025-03-01T08:18:00.626Z] Error reading actual data: no connection to modbus server
[2025-03-01T08:18:00.627Z] Error writing to Modbus register: no connection to modbus server
[2025-03-01T08:18:00.627Z] Error reading register 3105 for IP 10.30.4.91: no connection to modbus server
[2025-03-01T08:18:00.627Z] ❌ Error reading register 1000 for IP 10.30.4.91: no connection to modbus server
[2025-03-01T08:18:00.628Z] Error reading actual data: no connection to modbus server
[2025-03-01T08:18:00.628Z] Error writing to Modbus register: no connection to modbus server
[2025-03-01T08:18:00.628Z] Error reading register 3105 for IP 10.30.4.91: no connection to modbus server
[2025-03-01T08:18:00.628Z] ❌ Error reading register 1000 for IP 10.30.4.91: no connection to modbus server
[2025-03-01T08:18:00.629Z] Error writing to Modbus register: no connection to modbus server
[2025-03-01T08:18:00.628Z] Error reading actual data: no connection to modbus server
[2025-03-01T08:18:01.550Z] Error reading register 3105 for IP 10.30.4.91: no connection to modbus server
[2025-03-01T08:18:01.550Z] ❌ Error reading register 1000 for IP 10.30.4.91: no connection to modbus server
[2025-03-01T08:18:01.551Z] Error reading actual data: no connection to modbus server
[2025-03-01T08:18:01.552Z] Error writing to Modbus register: no connection to modbus server
[2025-03-01T08:18:01.554Z] ❌ Error reading register 1000 for IP 10.30.4.91: no connection to modbus server
[2025-03-01T08:18:01.554Z] Error reading register 3105 for IP 10.30.4.91: no connection to modbus server
[2025-03-01T08:18:01.554Z] Error reading actual data: no connection to modbus server
[2025-03-01T08:18:01.555Z] Error writing to Modbus register: no connection to modbus server
[2025-03-01T08:18:01.558Z] Error reading register 3105 for IP 10.30.4.91: no connection to modbus server
[2025-03-01T08:18:01.558Z] ❌ Error reading register 1000 for IP 10.30.4.91: no connection to modbus server
[2025-03-01T08:18:01.558Z] Error reading actual data: no connection to modbus server
[2025-03-01T08:18:01.558Z] Error writing to Modbus register: no connection to modbus server
[2025-03-01T08:18:01.635Z] Error reading register 3105 for IP 10.30.4.91: no connection to modbus server
[2025-03-01T08:18:01.635Z] ❌ Error reading register 1000 for IP 10.30.4.91: no connection to modbus server
[2025-03-01T08:18:01.636Z] Error reading actual data: no connection to modbus server
[2025-03-01T08:18:01.636Z] Error writing to Modbus register: no connection to modbus server
[2025-03-01T08:18:01.636Z] ❌ Error reading register 1000 for IP 10.30.4.91: no connection to modbus server
[2025-03-01T08:18:01.636Z] Error reading register 3105 for IP 10.30.4.91: no connection to modbus server
[2025-03-01T08:18:01.636Z] Error reading actual data: no connection to modbus server
[2025-03-01T08:18:01.637Z] Error writing to Modbus register: no connection to modbus server
[2025-03-01T08:18:01.637Z] Error reading register 3105 for IP 10.30.4.91: no connection to modbus server
[2025-03-01T08:18:01.637Z] ❌ Error reading register 1000 for IP 10.30.4.91: no connection to modbus server
[2025-03-01T08:18:01.637Z] Error reading actual data: no connection to modbus server
[2025-03-01T08:18:01.637Z] Error writing to Modbus register: no connection to modbus server
[2025-03-01T08:18:02.554Z] Error reading register 3105 for IP 10.30.4.91: no connection to modbus server
[2025-03-01T08:18:02.555Z] ❌ Error reading register 1000 for IP 10.30.4.91: no connection to modbus server
[2025-03-01T08:18:02.555Z] Error reading actual data: no connection to modbus server
[2025-03-01T08:18:02.556Z] Error writing to Modbus register: no connection to modbus server
[2025-03-01T08:18:02.557Z] Error reading register 3105 for IP 10.30.4.91: no connection to modbus server
[2025-03-01T08:18:02.557Z] ❌ Error reading register 1000 for IP 10.30.4.91: no connection to modbus server
[2025-03-01T08:18:02.558Z] Error reading actual data: no connection to modbus server
[2025-03-01T08:18:02.559Z] Error writing to Modbus register: no connection to modbus server
[2025-03-01T08:18:02.560Z] ❌ Error reading register 1000 for IP 10.30.4.91: no connection to modbus server
[2025-03-01T08:18:02.560Z] Error reading register 3105 for IP 10.30.4.91: no connection to modbus server
[2025-03-01T08:18:02.560Z] Error reading actual data: no connection to modbus server
[2025-03-01T08:18:02.560Z] Error writing to Modbus register: no connection to modbus server
[2025-03-01T08:18:02.635Z] Error reading register 3105 for IP 10.30.4.91: no connection to modbus server
[2025-03-01T08:18:02.635Z] Error reading actual data: no connection to modbus server
[2025-03-01T08:18:02.635Z] ❌ Error reading register 1000 for IP 10.30.4.91: no connection to modbus server
[2025-03-01T08:18:02.636Z] Error writing to Modbus register: no connection to modbus server
[2025-03-01T08:18:02.636Z] Error reading register 3105 for IP 10.30.4.91: no connection to modbus server
[2025-03-01T08:18:02.636Z] ❌ Error reading register 1000 for IP 10.30.4.91: no connection to modbus server
[2025-03-01T08:18:02.636Z] Error reading actual data: no connection to modbus server
[2025-03-01T08:18:02.636Z] Error writing to Modbus register: no connection to modbus server
[2025-03-01T08:18:02.637Z] Error reading register 3105 for IP 10.30.4.91: no connection to modbus server
[2025-03-01T08:18:02.637Z] ❌ Error reading register 1000 for IP 10.30.4.91: no connection to modbus server
[2025-03-01T08:18:02.637Z] Error reading actual data: no connection to modbus server
[2025-03-01T08:18:02.638Z] Error writing to Modbus register: no connection to modbus server
[2025-03-01T08:18:03.569Z] Error reading register 3105 for IP 10.30.4.91: no connection to modbus server
[2025-03-01T08:18:03.570Z] Error reading actual data: no connection to modbus server
[2025-03-01T08:18:03.572Z] Error writing to Modbus register: no connection to modbus server
[2025-03-01T08:18:03.574Z] Error reading register 3105 for IP 10.30.4.91: no connection to modbus server
[2025-03-01T08:18:03.569Z] ❌ Error reading register 1000 for IP 10.30.4.91: no connection to modbus server
[2025-03-01T08:18:03.575Z] Error writing to Modbus register: no connection to modbus server
[2025-03-01T08:18:03.575Z] Error reading register 3105 for IP 10.30.4.91: no connection to modbus server
[2025-03-01T08:18:03.576Z] Error reading actual data: no connection to modbus server
[2025-03-01T08:18:03.575Z] ❌ Error reading register 1000 for IP 10.30.4.91: no connection to modbus server
[2025-03-01T08:18:03.574Z] Error reading actual data: no connection to modbus server
[2025-03-01T08:18:03.576Z] Error writing to Modbus register: no connection to modbus server
[2025-03-01T08:18:03.574Z] ❌ Error reading register 1000 for IP 10.30.4.91: no connection to modbus server
[2025-03-01T08:18:03.652Z] ❌ Error reading register 1000 for IP 10.30.4.91: no connection to modbus server
[2025-03-01T08:18:03.652Z] Error reading actual data: no connection to modbus server
[2025-03-01T08:18:03.652Z] Error writing to Modbus register: no connection to modbus server
[2025-03-01T08:18:03.651Z] Error reading register 3105 for IP 10.30.4.91: no connection to modbus server
[2025-03-01T08:18:03.653Z] Error reading register 3105 for IP 10.30.4.91: no connection to modbus server
[2025-03-01T08:18:03.653Z] ❌ Error reading register 1000 for IP 10.30.4.91: no connection to modbus server
[2025-03-01T08:18:03.653Z] Error reading actual data: no connection to modbus server
[2025-03-01T08:18:03.653Z] Error writing to Modbus register: no connection to modbus server
[2025-03-01T08:18:03.654Z] Error reading register 3105 for IP 10.30.4.91: no connection to modbus server
[2025-03-01T08:18:03.654Z] ❌ Error reading register 1000 for IP 10.30.4.91: no connection to modbus server
[2025-03-01T08:18:03.654Z] Error reading actual data: no connection to modbus server
[2025-03-01T08:18:03.654Z] Error writing to Modbus register: no connection to modbus server
[2025-03-01T08:18:04.569Z] Error reading register 3105 for IP 10.30.4.91: no connection to modbus server
[2025-03-01T08:18:04.570Z] ❌ Error reading register 1000 for IP 10.30.4.91: no connection to modbus server
[2025-03-01T08:18:04.570Z] Error reading actual data: no connection to modbus server
[2025-03-01T08:18:04.572Z] Error writing to Modbus register: no connection to modbus server
[2025-03-01T08:18:04.573Z] Error reading register 3105 for IP 10.30.4.91: no connection to modbus server
[2025-03-01T08:18:04.573Z] ❌ Error reading register 1000 for IP 10.30.4.91: no connection to modbus server
[2025-03-01T08:18:04.574Z] Error reading actual data: no connection to modbus server
[2025-03-01T08:18:04.575Z] Error writing to Modbus register: no connection to modbus server
[2025-03-01T08:18:04.575Z] Error reading register 3105 for IP 10.30.4.91: no connection to modbus server
[2025-03-01T08:18:04.575Z] ❌ Error reading register 1000 for IP 10.30.4.91: no connection to modbus server
[2025-03-01T08:18:04.575Z] Error reading actual data: no connection to modbus server
[2025-03-01T08:18:04.576Z] Error writing to Modbus register: no connection to modbus server
[2025-03-01T08:18:04.652Z] Error reading register 3105 for IP 10.30.4.91: no connection to modbus server
[2025-03-01T08:18:04.653Z] ❌ Error reading register 1000 for IP 10.30.4.91: no connection to modbus server
[2025-03-01T08:18:04.653Z] Error reading actual data: no connection to modbus server
[2025-03-01T08:18:04.653Z] Error writing to Modbus register: no connection to modbus server
[2025-03-01T08:18:04.654Z] Error reading actual data: no connection to modbus server
[2025-03-01T08:18:04.654Z] Error writing to Modbus register: no connection to modbus server
[2025-03-01T08:18:04.654Z] Error reading register 3105 for IP 10.30.4.91: no connection to modbus server
[2025-03-01T08:18:04.653Z] Error reading register 3105 for IP 10.30.4.91: no connection to modbus server
[2025-03-01T08:18:04.654Z] ❌ Error reading register 1000 for IP 10.30.4.91: no connection to modbus server
[2025-03-01T08:18:04.654Z] ❌ Error reading register 1000 for IP 10.30.4.91: no connection to modbus server
[2025-03-01T08:18:04.655Z] Error reading actual data: no connection to modbus server
[2025-03-01T08:18:04.655Z] Error writing to Modbus register: no connection to modbus server
[2025-03-01T08:18:05.570Z] Error reading register 3105 for IP 10.30.4.91: no connection to modbus server
[2025-03-01T08:18:05.570Z] ❌ Error reading register 1000 for IP 10.30.4.91: no connection to modbus server
[2025-03-01T08:18:05.571Z] Error reading actual data: no connection to modbus server
[2025-03-01T08:18:05.572Z] Error writing to Modbus register: no connection to modbus server
[2025-03-01T08:18:05.574Z] Error reading register 3105 for IP 10.30.4.91: no connection to modbus server
[2025-03-01T08:18:05.575Z] ❌ Error reading register 1000 for IP 10.30.4.91: no connection to modbus server
[2025-03-01T08:18:05.575Z] Error reading actual data: no connection to modbus server
[2025-03-01T08:18:05.577Z] Error writing to Modbus register: no connection to modbus server
[2025-03-01T08:18:05.578Z] Error reading register 3105 for IP 10.30.4.91: no connection to modbus server
[2025-03-01T08:18:05.579Z] ❌ Error reading register 1000 for IP 10.30.4.91: no connection to modbus server
[2025-03-01T08:18:05.579Z] Error reading actual data: no connection to modbus server
[2025-03-01T08:18:05.579Z] Error writing to Modbus register: no connection to modbus server
[2025-03-01T08:18:05.667Z] Error reading register 3105 for IP 10.30.4.91: no connection to modbus server
[2025-03-01T08:18:05.668Z] ❌ Error reading register 1000 for IP 10.30.4.91: no connection to modbus server
[2025-03-01T08:18:05.668Z] Error reading actual data: no connection to modbus server
[2025-03-01T08:18:05.668Z] Error writing to Modbus register: no connection to modbus server
[2025-03-01T08:18:05.668Z] Error reading register 3105 for IP 10.30.4.91: no connection to modbus server
[2025-03-01T08:18:05.669Z] ❌ Error reading register 1000 for IP 10.30.4.91: no connection to modbus server
[2025-03-01T08:18:05.669Z] Error reading actual data: no connection to modbus server
[2025-03-01T08:18:05.669Z] Error writing to Modbus register: no connection to modbus server
[2025-03-01T08:18:05.669Z] Error reading register 3105 for IP 10.30.4.91: no connection to modbus server
[2025-03-01T08:18:05.669Z] ❌ Error reading register 1000 for IP 10.30.4.91: no connection to modbus server
[2025-03-01T08:18:05.669Z] Error reading actual data: no connection to modbus server
[2025-03-01T08:18:05.670Z] Error writing to Modbus register: no connection to modbus server
[2025-03-01T08:18:06.572Z] Error reading register 3105 for IP 10.30.4.91: no connection to modbus server
[2025-03-01T08:18:06.573Z] ❌ Error reading register 1000 for IP 10.30.4.91: no connection to modbus server
[2025-03-01T08:18:06.573Z] Error reading actual data: no connection to modbus server
[2025-03-01T08:18:06.574Z] Error writing to Modbus register: no connection to modbus server
[2025-03-01T08:18:06.576Z] Error reading register 3105 for IP 10.30.4.91: no connection to modbus server
[2025-03-01T08:18:06.576Z] ❌ Error reading register 1000 for IP 10.30.4.91: no connection to modbus server
[2025-03-01T08:18:06.576Z] Error reading actual data: no connection to modbus server
[2025-03-01T08:18:06.578Z] Error writing to Modbus register: no connection to modbus server
[2025-03-01T08:18:06.578Z] Error reading register 3105 for IP 10.30.4.91: no connection to modbus server
[2025-03-01T08:18:06.578Z] ❌ Error reading register 1000 for IP 10.30.4.91: no connection to modbus server
[2025-03-01T08:18:06.578Z] Error reading actual data: no connection to modbus server
[2025-03-01T08:18:06.579Z] Error writing to Modbus register: no connection to modbus server
[2025-03-01T08:18:06.677Z] Error reading register 3105 for IP 10.30.4.91: no connection to modbus server
[2025-03-01T08:18:06.677Z] ❌ Error reading register 1000 for IP 10.30.4.91: no connection to modbus server
[2025-03-01T08:18:06.677Z] Error reading actual data: no connection to modbus server
[2025-03-01T08:18:06.678Z] Error writing to Modbus register: no connection to modbus server
[2025-03-01T08:18:06.678Z] Error reading register 3105 for IP 10.30.4.91: no connection to modbus server
[2025-03-01T08:18:06.678Z] ❌ Error reading register 1000 for IP 10.30.4.91: no connection to modbus server
[2025-03-01T08:18:06.678Z] Error reading actual data: no connection to modbus server
[2025-03-01T08:18:06.678Z] Error writing to Modbus register: no connection to modbus server
[2025-03-01T08:18:06.679Z] Error reading register 3105 for IP 10.30.4.91: no connection to modbus server
[2025-03-01T08:18:06.679Z] ❌ Error reading register 1000 for IP 10.30.4.91: no connection to modbus server
[2025-03-01T08:18:06.679Z] Error writing to Modbus register: no connection to modbus server
[2025-03-01T08:18:06.679Z] Error reading actual data: no connection to modbus server
[2025-03-01T08:18:07.585Z] Error reading register 3105 for IP 10.30.4.91: no connection to modbus server
[2025-03-01T08:18:07.586Z] ❌ Error reading register 1000 for IP 10.30.4.91: no connection to modbus server
[2025-03-01T08:18:07.589Z] Error reading register 3105 for IP 10.30.4.91: no connection to modbus server
[2025-03-01T08:18:07.589Z] ❌ Error reading register 1000 for IP 10.30.4.91: no connection to modbus server
[2025-03-01T08:18:07.590Z] Error writing to Modbus register: no connection to modbus server
[2025-03-01T08:18:07.590Z] Error reading actual data: no connection to modbus server
[2025-03-01T08:18:07.590Z] Error reading register 3105 for IP 10.30.4.91: no connection to modbus server
[2025-03-01T08:18:07.590Z] ❌ Error reading register 1000 for IP 10.30.4.91: no connection to modbus server
[2025-03-01T08:18:07.586Z] Error reading actual data: no connection to modbus server
[2025-03-01T08:18:07.587Z] Error writing to Modbus register: no connection to modbus server
[2025-03-01T08:18:07.591Z] Error reading actual data: no connection to modbus server
[2025-03-01T08:18:07.591Z] Error writing to Modbus register: no connection to modbus server
[2025-03-01T08:18:07.684Z] Error reading register 3105 for IP 10.30.4.91: no connection to modbus server
[2025-03-01T08:18:07.685Z] ❌ Error reading register 1000 for IP 10.30.4.91: no connection to modbus server
[2025-03-01T08:18:07.685Z] Error reading actual data: no connection to modbus server
[2025-03-01T08:18:07.686Z] Error writing to Modbus register: no connection to modbus server
[2025-03-01T08:18:07.686Z] Error reading register 3105 for IP 10.30.4.91: no connection to modbus server
[2025-03-01T08:18:07.686Z] ❌ Error reading register 1000 for IP 10.30.4.91: no connection to modbus server
[2025-03-01T08:18:07.686Z] Error reading actual data: no connection to modbus server
[2025-03-01T08:18:07.686Z] Error writing to Modbus register: no connection to modbus server
[2025-03-01T08:18:07.687Z] Error reading register 3105 for IP 10.30.4.91: no connection to modbus server
[2025-03-01T08:18:07.687Z] ❌ Error reading register 1000 for IP 10.30.4.91: no connection to modbus server
[2025-03-01T08:18:07.687Z] Error reading actual data: no connection to modbus server
[2025-03-01T08:18:07.688Z] Error writing to Modbus register: no connection to modbus server
[2025-03-01T08:18:08.584Z] Error reading register 3105 for IP 10.30.4.91: no connection to modbus server
[2025-03-01T08:18:08.584Z] ❌ Error reading register 1000 for IP 10.30.4.91: no connection to modbus server
[2025-03-01T08:18:08.584Z] Error reading actual data: no connection to modbus server
[2025-03-01T08:18:08.599Z] Error writing to Modbus register: no connection to modbus server
[2025-03-01T08:18:08.601Z] Error reading register 3105 for IP 10.30.4.91: no connection to modbus server
[2025-03-01T08:18:08.601Z] ❌ Error reading register 1000 for IP 10.30.4.91: no connection to modbus server
[2025-03-01T08:18:08.602Z] Error writing to Modbus register: no connection to modbus server
[2025-03-01T08:18:08.601Z] Error reading actual data: no connection to modbus server
[2025-03-01T08:18:08.603Z] Error reading register 3105 for IP 10.30.4.91: no connection to modbus server
[2025-03-01T08:18:08.603Z] ❌ Error reading register 1000 for IP 10.30.4.91: no connection to modbus server
[2025-03-01T08:18:08.604Z] Error reading actual data: no connection to modbus server
[2025-03-01T08:18:08.604Z] Error writing to Modbus register: no connection to modbus server
[2025-03-01T08:18:08.687Z] Error reading register 3105 for IP 10.30.4.91: no connection to modbus server
[2025-03-01T08:18:08.687Z] ❌ Error reading register 1000 for IP 10.30.4.91: no connection to modbus server
[2025-03-01T08:18:08.687Z] Error reading actual data: no connection to modbus server
[2025-03-01T08:18:08.688Z] Error reading register 3105 for IP 10.30.4.91: no connection to modbus server
[2025-03-01T08:18:08.688Z] Error writing to Modbus register: no connection to modbus server
[2025-03-01T08:18:08.688Z] ❌ Error reading register 1000 for IP 10.30.4.91: no connection to modbus server
[2025-03-01T08:18:08.688Z] Error reading actual data: no connection to modbus server
[2025-03-01T08:18:08.688Z] Error writing to Modbus register: no connection to modbus server
[2025-03-01T08:18:08.689Z] Error reading register 3105 for IP 10.30.4.91: no connection to modbus server
[2025-03-01T08:18:08.689Z] ❌ Error reading register 1000 for IP 10.30.4.91: no connection to modbus server
[2025-03-01T08:18:08.689Z] Error reading actual data: no connection to modbus server
[2025-03-01T08:18:08.689Z] Error writing to Modbus register: no connection to modbus server
[2025-03-01T08:18:09.586Z] Error reading register 3105 for IP 10.30.4.91: no connection to modbus server
[2025-03-01T08:18:09.587Z] ❌ Error reading register 1000 for IP 10.30.4.91: no connection to modbus server
[2025-03-01T08:18:09.587Z] Error reading actual data: no connection to modbus server
[2025-03-01T08:18:09.601Z] Error writing to Modbus register: no connection to modbus server
[2025-03-01T08:18:09.603Z] Error reading register 3105 for IP 10.30.4.91: no connection to modbus server
[2025-03-01T08:18:09.603Z] ❌ Error reading register 1000 for IP 10.30.4.91: no connection to modbus server
[2025-03-01T08:18:09.604Z] Error reading actual data: no connection to modbus server
[2025-03-01T08:18:09.605Z] Error writing to Modbus register: no connection to modbus server
[2025-03-01T08:18:09.606Z] Error reading register 3105 for IP 10.30.4.91: no connection to modbus server
[2025-03-01T08:18:09.606Z] ❌ Error reading register 1000 for IP 10.30.4.91: no connection to modbus server
[2025-03-01T08:18:09.607Z] Error writing to Modbus register: no connection to modbus server
[2025-03-01T08:18:09.606Z] Error reading actual data: no connection to modbus server
[2025-03-01T08:18:09.701Z] Error reading register 3105 for IP 10.30.4.91: no connection to modbus server
[2025-03-01T08:18:09.701Z] Error reading actual data: no connection to modbus server
[2025-03-01T08:18:09.701Z] ❌ Error reading register 1000 for IP 10.30.4.91: no connection to modbus server
[2025-03-01T08:18:09.701Z] Error writing to Modbus register: no connection to modbus server
[2025-03-01T08:18:09.702Z] Error reading register 3105 for IP 10.30.4.91: no connection to modbus server
[2025-03-01T08:18:09.702Z] ❌ Error reading register 1000 for IP 10.30.4.91: no connection to modbus server
[2025-03-01T08:18:09.702Z] Error reading actual data: no connection to modbus server
[2025-03-01T08:18:09.702Z] Error writing to Modbus register: no connection to modbus server
[2025-03-01T08:18:09.703Z] Error reading register 3105 for IP 10.30.4.91: no connection to modbus server
[2025-03-01T08:18:09.703Z] ❌ Error reading register 1000 for IP 10.30.4.91: no connection to modbus server
[2025-03-01T08:18:09.703Z] Error reading actual data: no connection to modbus server
[2025-03-01T08:18:09.703Z] Error writing to Modbus register: no connection to modbus server
[2025-03-01T08:18:10.602Z] Error reading register 3105 for IP 10.30.4.91: no connection to modbus server
[2025-03-01T08:18:10.603Z] ❌ Error reading register 1000 for IP 10.30.4.91: no connection to modbus server
[2025-03-01T08:18:10.603Z] Error reading actual data: no connection to modbus server
[2025-03-01T08:18:10.605Z] Error writing to Modbus register: no connection to modbus server
[2025-03-01T08:18:10.606Z] Error reading register 3105 for IP 10.30.4.91: no connection to modbus server
[2025-03-01T08:18:10.607Z] Error reading actual data: no connection to modbus server
[2025-03-01T08:18:10.607Z] ❌ Error reading register 1000 for IP 10.30.4.91: no connection to modbus server
[2025-03-01T08:18:10.608Z] Error writing to Modbus register: no connection to modbus server
[2025-03-01T08:18:10.609Z] ❌ Error reading register 1000 for IP 10.30.4.91: no connection to modbus server
[2025-03-01T08:18:10.609Z] Error reading register 3105 for IP 10.30.4.91: no connection to modbus server
[2025-03-01T08:18:10.609Z] Error reading actual data: no connection to modbus server
[2025-03-01T08:18:10.611Z] Error writing to Modbus register: no connection to modbus server
[2025-03-01T08:18:10.711Z] Error reading register 3105 for IP 10.30.4.91: no connection to modbus server
[2025-03-01T08:18:10.711Z] ❌ Error reading register 1000 for IP 10.30.4.91: no connection to modbus server
[2025-03-01T08:18:10.711Z] Error reading actual data: no connection to modbus server
[2025-03-01T08:18:10.711Z] Error writing to Modbus register: no connection to modbus server
[2025-03-01T08:18:10.712Z] Error reading register 3105 for IP 10.30.4.91: no connection to modbus server
[2025-03-01T08:18:10.712Z] ❌ Error reading register 1000 for IP 10.30.4.91: no connection to modbus server
[2025-03-01T08:18:10.712Z] Error reading actual data: no connection to modbus server
[2025-03-01T08:18:10.712Z] Error writing to Modbus register: no connection to modbus server
[2025-03-01T08:18:10.712Z] Error reading register 3105 for IP 10.30.4.91: no connection to modbus server
[2025-03-01T08:18:10.712Z] ❌ Error reading register 1000 for IP 10.30.4.91: no connection to modbus server
[2025-03-01T08:18:10.713Z] Error reading actual data: no connection to modbus server
[2025-03-01T08:18:10.713Z] Error writing to Modbus register: no connection to modbus server
[2025-03-01T08:18:11.601Z] Error reading register 3105 for IP 10.30.4.91: no connection to modbus server
[2025-03-01T08:18:11.601Z] ❌ Error reading register 1000 for IP 10.30.4.91: no connection to modbus server
[2025-03-01T08:18:11.601Z] Error reading actual data: no connection to modbus server
[2025-03-01T08:18:11.617Z] Error writing to Modbus register: no connection to modbus server
[2025-03-01T08:18:11.618Z] Error reading register 3105 for IP 10.30.4.91: no connection to modbus server
[2025-03-01T08:18:11.618Z] ❌ Error reading register 1000 for IP 10.30.4.91: no connection to modbus server
[2025-03-01T08:18:11.619Z] Error reading register 3105 for IP 10.30.4.91: no connection to modbus server
[2025-03-01T08:18:11.619Z] ❌ Error reading register 1000 for IP 10.30.4.91: no connection to modbus server
[2025-03-01T08:18:11.619Z] Error writing to Modbus register: no connection to modbus server
[2025-03-01T08:18:11.619Z] Error reading actual data: no connection to modbus server
[2025-03-01T08:18:11.618Z] Error reading actual data: no connection to modbus server
[2025-03-01T08:18:11.618Z] Error writing to Modbus register: no connection to modbus server
[2025-03-01T08:18:11.719Z] Error reading register 3105 for IP 10.30.4.91: no connection to modbus server
[2025-03-01T08:18:11.720Z] ❌ Error reading register 1000 for IP 10.30.4.91: no connection to modbus server
[2025-03-01T08:18:11.720Z] Error reading actual data: no connection to modbus server
[2025-03-01T08:18:11.720Z] Error writing to Modbus register: no connection to modbus server
[2025-03-01T08:18:11.721Z] Error reading register 3105 for IP 10.30.4.91: no connection to modbus server
[2025-03-01T08:18:11.721Z] ❌ Error reading register 1000 for IP 10.30.4.91: no connection to modbus server
[2025-03-01T08:18:11.721Z] Error reading actual data: no connection to modbus server
[2025-03-01T08:18:11.721Z] Error writing to Modbus register: no connection to modbus server
[2025-03-01T08:18:11.722Z] Error reading register 3105 for IP 10.30.4.91: no connection to modbus server
[2025-03-01T08:18:11.722Z] ❌ Error reading register 1000 for IP 10.30.4.91: no connection to modbus server
[2025-03-01T08:18:11.722Z] Error reading actual data: no connection to modbus server
[2025-03-01T08:18:11.722Z] Error writing to Modbus register: no connection to modbus server
[2025-03-01T08:18:12.601Z] Error reading register 3105 for IP 10.30.4.91: no connection to modbus server
[2025-03-01T08:18:12.601Z] ❌ Error reading register 1000 for IP 10.30.4.91: no connection to modbus server
[2025-03-01T08:18:12.601Z] Error reading actual data: no connection to modbus server
[2025-03-01T08:18:12.631Z] Error reading register 3105 for IP 10.30.4.91: no connection to modbus server
[2025-03-01T08:18:12.631Z] ❌ Error reading register 1000 for IP 10.30.4.91: no connection to modbus server
[2025-03-01T08:18:12.631Z] Error reading actual data: no connection to modbus server
[2025-03-01T08:18:12.632Z] Error writing to Modbus register: no connection to modbus server
[2025-03-01T08:18:12.632Z] Error reading register 3105 for IP 10.30.4.91: no connection to modbus server
[2025-03-01T08:18:12.632Z] ❌ Error reading register 1000 for IP 10.30.4.91: no connection to modbus server
[2025-03-01T08:18:12.632Z] Error writing to Modbus register: no connection to modbus server
[2025-03-01T08:18:12.631Z] Error writing to Modbus register: no connection to modbus server
[2025-03-01T08:18:12.632Z] Error reading actual data: no connection to modbus server
[2025-03-01T08:18:12.720Z] Error reading register 3105 for IP 10.30.4.91: no connection to modbus server
[2025-03-01T08:18:12.720Z] ❌ Error reading register 1000 for IP 10.30.4.91: no connection to modbus server
[2025-03-01T08:18:12.720Z] Error reading actual data: no connection to modbus server
[2025-03-01T08:18:12.720Z] Error writing to Modbus register: no connection to modbus server
[2025-03-01T08:18:12.721Z] Error reading register 3105 for IP 10.30.4.91: no connection to modbus server
[2025-03-01T08:18:12.721Z] ❌ Error reading register 1000 for IP 10.30.4.91: no connection to modbus server
[2025-03-01T08:18:12.721Z] Error reading actual data: no connection to modbus server
[2025-03-01T08:18:12.721Z] Error writing to Modbus register: no connection to modbus server
[2025-03-01T08:18:12.722Z] Error reading register 3105 for IP 10.30.4.91: no connection to modbus server
[2025-03-01T08:18:12.722Z] ❌ Error reading register 1000 for IP 10.30.4.91: no connection to modbus server
[2025-03-01T08:18:12.722Z] Error reading actual data: no connection to modbus server
[2025-03-01T08:18:12.723Z] Error writing to Modbus register: no connection to modbus server
[2025-03-01T08:18:13.602Z] Error reading register 3105 for IP 10.30.4.91: no connection to modbus server
[2025-03-01T08:18:13.603Z] ❌ Error reading register 1000 for IP 10.30.4.91: no connection to modbus server
[2025-03-01T08:18:13.603Z] Error reading actual data: no connection to modbus server
[2025-03-01T08:18:13.635Z] Error writing to Modbus register: no connection to modbus server
[2025-03-01T08:18:13.636Z] Error reading register 3105 for IP 10.30.4.91: no connection to modbus server
[2025-03-01T08:18:13.637Z] ❌ Error reading register 1000 for IP 10.30.4.91: no connection to modbus server
[2025-03-01T08:18:13.637Z] Error reading actual data: no connection to modbus server
[2025-03-01T08:18:13.638Z] Error writing to Modbus register: no connection to modbus server
[2025-03-01T08:18:13.640Z] Error reading register 3105 for IP 10.30.4.91: no connection to modbus server
[2025-03-01T08:18:13.640Z] ❌ Error reading register 1000 for IP 10.30.4.91: no connection to modbus server
[2025-03-01T08:18:13.641Z] Error reading actual data: no connection to modbus server
[2025-03-01T08:18:13.642Z] Error writing to Modbus register: no connection to modbus server
[2025-03-01T08:18:13.734Z] Error reading register 3105 for IP 10.30.4.91: no connection to modbus server
[2025-03-01T08:18:13.734Z] ❌ Error reading register 1000 for IP 10.30.4.91: no connection to modbus server
[2025-03-01T08:18:13.735Z] Error reading actual data: no connection to modbus server
[2025-03-01T08:18:13.736Z] Error writing to Modbus register: no connection to modbus server
[2025-03-01T08:18:13.737Z] Error reading register 3105 for IP 10.30.4.91: no connection to modbus server
[2025-03-01T08:18:13.737Z] ❌ Error reading register 1000 for IP 10.30.4.91: no connection to modbus server
[2025-03-01T08:18:13.737Z] Error reading actual data: no connection to modbus server
[2025-03-01T08:18:13.738Z] Error writing to Modbus register: no connection to modbus server
[2025-03-01T08:18:13.739Z] Error reading register 3105 for IP 10.30.4.91: no connection to modbus server
[2025-03-01T08:18:13.739Z] ❌ Error reading register 1000 for IP 10.30.4.91: no connection to modbus server
[2025-03-01T08:18:13.739Z] Error reading actual data: no connection to modbus server
[2025-03-01T08:18:13.739Z] Error writing to Modbus register: no connection to modbus server
[2025-03-01T08:18:14.603Z] Error reading register 3105 for IP 10.30.4.91: no connection to modbus server
[2025-03-01T08:18:14.603Z] ❌ Error reading register 1000 for IP 10.30.4.91: no connection to modbus server
[2025-03-01T08:18:14.604Z] Error reading actual data: no connection to modbus server
[2025-03-01T08:18:14.639Z] Error writing to Modbus register: no connection to modbus server
[2025-03-01T08:18:14.641Z] Error reading register 3105 for IP 10.30.4.91: no connection to modbus server
[2025-03-01T08:18:14.641Z] ❌ Error reading register 1000 for IP 10.30.4.91: no connection to modbus server
[2025-03-01T08:18:14.642Z] Error reading actual data: no connection to modbus server
[2025-03-01T08:18:14.643Z] Error writing to Modbus register: no connection to modbus server
[2025-03-01T08:18:14.648Z] Error reading register 3105 for IP 10.30.4.91: no connection to modbus server
[2025-03-01T08:18:14.648Z] ❌ Error reading register 1000 for IP 10.30.4.91: no connection to modbus server
[2025-03-01T08:18:14.649Z] Error reading actual data: no connection to modbus server
[2025-03-01T08:18:14.649Z] Error writing to Modbus register: no connection to modbus server
[2025-03-01T08:18:14.747Z] Error reading register 3105 for IP 10.30.4.91: no connection to modbus server
[2025-03-01T08:18:14.747Z] ❌ Error reading register 1000 for IP 10.30.4.91: no connection to modbus server
[2025-03-01T08:18:14.748Z] Error reading actual data: no connection to modbus server
[2025-03-01T08:18:14.749Z] Error writing to Modbus register: no connection to modbus server
[2025-03-01T08:18:14.750Z] Error reading register 3105 for IP 10.30.4.91: no connection to modbus server
[2025-03-01T08:18:14.750Z] ❌ Error reading register 1000 for IP 10.30.4.91: no connection to modbus server
[2025-03-01T08:18:14.751Z] Error writing to Modbus register: no connection to modbus server
[2025-03-01T08:18:14.751Z] Error reading actual data: no connection to modbus server
[2025-03-01T08:18:14.752Z] Error reading register 3105 for IP 10.30.4.91: no connection to modbus server
[2025-03-01T08:18:14.752Z] ❌ Error reading register 1000 for IP 10.30.4.91: no connection to modbus server
[2025-03-01T08:18:14.753Z] Error reading actual data: no connection to modbus server
[2025-03-01T08:18:14.753Z] Error writing to Modbus register: no connection to modbus server
[2025-03-01T08:18:15.603Z] Error reading register 3105 for IP 10.30.4.91: no connection to modbus server
[2025-03-01T08:18:15.603Z] ❌ Error reading register 1000 for IP 10.30.4.91: no connection to modbus server
[2025-03-01T08:18:15.604Z] Error reading actual data: no connection to modbus server
[2025-03-01T08:18:15.652Z] Error writing to Modbus register: no connection to modbus server
[2025-03-01T08:18:15.654Z] Error reading register 3105 for IP 10.30.4.91: no connection to modbus server
[2025-03-01T08:18:15.657Z] Error reading register 3105 for IP 10.30.4.91: no connection to modbus server
[2025-03-01T08:18:15.657Z] ❌ Error reading register 1000 for IP 10.30.4.91: no connection to modbus server
[2025-03-01T08:18:15.657Z] Error reading actual data: no connection to modbus server
[2025-03-01T08:18:15.657Z] Error writing to Modbus register: no connection to modbus server
[2025-03-01T08:18:15.654Z] ❌ Error reading register 1000 for IP 10.30.4.91: no connection to modbus server
[2025-03-01T08:18:15.656Z] Error writing to Modbus register: no connection to modbus server
[2025-03-01T08:18:15.655Z] Error reading actual data: no connection to modbus server
[2025-03-01T08:18:15.747Z] Error reading register 3105 for IP 10.30.4.91: no connection to modbus server
[2025-03-01T08:18:15.748Z] ❌ Error reading register 1000 for IP 10.30.4.91: no connection to modbus server
[2025-03-01T08:18:15.748Z] Error reading actual data: no connection to modbus server
[2025-03-01T08:18:15.748Z] Error writing to Modbus register: no connection to modbus server
[2025-03-01T08:18:15.749Z] Error reading register 3105 for IP 10.30.4.91: no connection to modbus server
[2025-03-01T08:18:15.749Z] ❌ Error reading register 1000 for IP 10.30.4.91: no connection to modbus server
[2025-03-01T08:18:15.750Z] Error reading actual data: no connection to modbus server
[2025-03-01T08:18:15.750Z] Error writing to Modbus register: no connection to modbus server
[2025-03-01T08:18:15.758Z] Error reading register 3105 for IP 10.30.4.91: no connection to modbus server
[2025-03-01T08:18:15.758Z] Error reading actual data: no connection to modbus server
[2025-03-01T08:18:15.758Z] ❌ Error reading register 1000 for IP 10.30.4.91: no connection to modbus server
[2025-03-01T08:18:15.758Z] Error writing to Modbus register: no connection to modbus server
[2025-03-01T08:18:16.617Z] Error reading register 3105 for IP 10.30.4.91: no connection to modbus server
[2025-03-01T08:18:16.618Z] Error reading actual data: no connection to modbus server
[2025-03-01T08:18:16.617Z] ❌ Error reading register 1000 for IP 10.30.4.91: no connection to modbus server
[2025-03-01T08:18:16.655Z] Error writing to Modbus register: no connection to modbus server
[2025-03-01T08:18:16.656Z] Error reading register 3105 for IP 10.30.4.91: no connection to modbus server
[2025-03-01T08:18:16.656Z] ❌ Error reading register 1000 for IP 10.30.4.91: no connection to modbus server
[2025-03-01T08:18:16.656Z] Error reading actual data: no connection to modbus server
[2025-03-01T08:18:16.656Z] Error writing to Modbus register: no connection to modbus server
[2025-03-01T08:18:16.658Z] ❌ Error reading register 1000 for IP 10.30.4.91: no connection to modbus server
[2025-03-01T08:18:16.658Z] Error reading actual data: no connection to modbus server
[2025-03-01T08:18:16.658Z] Error reading register 3105 for IP 10.30.4.91: no connection to modbus server
[2025-03-01T08:18:16.658Z] Error writing to Modbus register: no connection to modbus server
[2025-03-01T08:18:16.753Z] Error reading register 3105 for IP 10.30.4.91: no connection to modbus server
[2025-03-01T08:18:16.754Z] ❌ Error reading register 1000 for IP 10.30.4.91: no connection to modbus server
[2025-03-01T08:18:16.754Z] Error reading actual data: no connection to modbus server
[2025-03-01T08:18:16.755Z] Error writing to Modbus register: no connection to modbus server
[2025-03-01T08:18:16.756Z] Error reading register 3105 for IP 10.30.4.91: no connection to modbus server
[2025-03-01T08:18:16.756Z] ❌ Error reading register 1000 for IP 10.30.4.91: no connection to modbus server
[2025-03-01T08:18:16.756Z] Error reading actual data: no connection to modbus server
[2025-03-01T08:18:16.757Z] Error writing to Modbus register: no connection to modbus server
[2025-03-01T08:18:16.758Z] ❌ Error reading register 1000 for IP 10.30.4.91: no connection to modbus server
[2025-03-01T08:18:16.758Z] Error reading register 3105 for IP 10.30.4.91: no connection to modbus server
[2025-03-01T08:18:16.758Z] Error reading actual data: no connection to modbus server
[2025-03-01T08:18:16.759Z] Error writing to Modbus register: no connection to modbus server
[2025-03-01T08:18:17.618Z] Error reading register 3105 for IP 10.30.4.91: no connection to modbus server
[2025-03-01T08:18:17.619Z] ❌ Error reading register 1000 for IP 10.30.4.91: no connection to modbus server
[2025-03-01T08:18:17.619Z] Error reading actual data: no connection to modbus server
[2025-03-01T08:18:17.668Z] Error writing to Modbus register: no connection to modbus server
[2025-03-01T08:18:17.669Z] Error reading register 3105 for IP 10.30.4.91: no connection to modbus server
[2025-03-01T08:18:17.670Z] ❌ Error reading register 1000 for IP 10.30.4.91: no connection to modbus server
[2025-03-01T08:18:17.670Z] Error reading actual data: no connection to modbus server
[2025-03-01T08:18:17.671Z] Error writing to Modbus register: no connection to modbus server
[2025-03-01T08:18:17.673Z] Error reading register 3105 for IP 10.30.4.91: no connection to modbus server
[2025-03-01T08:18:17.673Z] ❌ Error reading register 1000 for IP 10.30.4.91: no connection to modbus server
[2025-03-01T08:18:17.674Z] Error reading actual data: no connection to modbus server
[2025-03-01T08:18:17.675Z] Error writing to Modbus register: no connection to modbus server
[2025-03-01T08:18:17.767Z] Error reading register 3105 for IP 10.30.4.91: no connection to modbus server
[2025-03-01T08:18:17.767Z] ❌ Error reading register 1000 for IP 10.30.4.91: no connection to modbus server
[2025-03-01T08:18:17.768Z] Error writing to Modbus register: no connection to modbus server
[2025-03-01T08:18:17.768Z] Error reading register 3105 for IP 10.30.4.91: no connection to modbus server
[2025-03-01T08:18:17.768Z] ❌ Error reading register 1000 for IP 10.30.4.91: no connection to modbus server
[2025-03-01T08:18:17.767Z] Error reading actual data: no connection to modbus server
[2025-03-01T08:18:17.768Z] Error writing to Modbus register: no connection to modbus server
[2025-03-01T08:18:17.768Z] Error reading actual data: no connection to modbus server
[2025-03-01T08:18:17.769Z] Error reading register 3105 for IP 10.30.4.91: no connection to modbus server
[2025-03-01T08:18:17.769Z] ❌ Error reading register 1000 for IP 10.30.4.91: no connection to modbus server
[2025-03-01T08:18:17.769Z] Error writing to Modbus register: no connection to modbus server
[2025-03-01T08:18:17.769Z] Error reading actual data: no connection to modbus server
[2025-03-01T08:18:18.635Z] Error reading register 3105 for IP 10.30.4.91: no connection to modbus server
[2025-03-01T08:18:18.636Z] ❌ Error reading register 1000 for IP 10.30.4.91: no connection to modbus server
[2025-03-01T08:18:18.637Z] Error reading actual data: no connection to modbus server
[2025-03-01T08:18:18.668Z] Error writing to Modbus register: no connection to modbus server
[2025-03-01T08:18:18.669Z] Error reading register 3105 for IP 10.30.4.91: no connection to modbus server
[2025-03-01T08:18:18.670Z] ❌ Error reading register 1000 for IP 10.30.4.91: no connection to modbus server
[2025-03-01T08:18:18.670Z] Error reading actual data: no connection to modbus server
[2025-03-01T08:18:18.671Z] Error writing to Modbus register: no connection to modbus server
[2025-03-01T08:18:18.672Z] Error reading register 3105 for IP 10.30.4.91: no connection to modbus server
[2025-03-01T08:18:18.672Z] ❌ Error reading register 1000 for IP 10.30.4.91: no connection to modbus server
[2025-03-01T08:18:18.672Z] Error reading actual data: no connection to modbus server
[2025-03-01T08:18:18.684Z] Error writing to Modbus register: no connection to modbus server
[2025-03-01T08:18:18.777Z] Error reading register 3105 for IP 10.30.4.91: no connection to modbus server
[2025-03-01T08:18:18.777Z] ❌ Error reading register 1000 for IP 10.30.4.91: no connection to modbus server
[2025-03-01T08:18:18.778Z] ❌ Error reading register 1000 for IP 10.30.4.91: no connection to modbus server
[2025-03-01T08:18:18.778Z] Error reading actual data: no connection to modbus server
[2025-03-01T08:18:18.778Z] Error writing to Modbus register: no connection to modbus server
[2025-03-01T08:18:18.779Z] Error reading register 3105 for IP 10.30.4.91: no connection to modbus server
[2025-03-01T08:18:18.777Z] Error reading actual data: no connection to modbus server
[2025-03-01T08:18:18.778Z] Error reading register 3105 for IP 10.30.4.91: no connection to modbus server
[2025-03-01T08:18:18.779Z] ❌ Error reading register 1000 for IP 10.30.4.91: no connection to modbus server
[2025-03-01T08:18:18.778Z] Error writing to Modbus register: no connection to modbus server
[2025-03-01T08:18:18.779Z] Error writing to Modbus register: no connection to modbus server
[2025-03-01T08:18:18.779Z] Error reading actual data: no connection to modbus server
[2025-03-01T08:18:19.652Z] Error reading register 3105 for IP 10.30.4.91: no connection to modbus server
[2025-03-01T08:18:19.652Z] ❌ Error reading register 1000 for IP 10.30.4.91: no connection to modbus server
[2025-03-01T08:18:19.653Z] Error reading actual data: no connection to modbus server
[2025-03-01T08:18:19.669Z] Error writing to Modbus register: no connection to modbus server
[2025-03-01T08:18:19.669Z] Error reading register 3105 for IP 10.30.4.91: no connection to modbus server
[2025-03-01T08:18:19.670Z] ❌ Error reading register 1000 for IP 10.30.4.91: no connection to modbus server
[2025-03-01T08:18:19.670Z] Error reading actual data: no connection to modbus server
[2025-03-01T08:18:19.670Z] Error writing to Modbus register: no connection to modbus server
[2025-03-01T08:18:19.671Z] Error reading register 3105 for IP 10.30.4.91: no connection to modbus server
[2025-03-01T08:18:19.672Z] ❌ Error reading register 1000 for IP 10.30.4.91: no connection to modbus server
[2025-03-01T08:18:19.672Z] Error reading actual data: no connection to modbus server
[2025-03-01T08:18:19.684Z] Error writing to Modbus register: no connection to modbus server
[2025-03-01T08:18:19.782Z] Error reading register 3105 for IP 10.30.4.91: no connection to modbus server
[2025-03-01T08:18:19.782Z] ❌ Error reading register 1000 for IP 10.30.4.91: no connection to modbus server
[2025-03-01T08:18:19.782Z] Error reading actual data: no connection to modbus server
[2025-03-01T08:18:19.784Z] Error reading register 3105 for IP 10.30.4.91: no connection to modbus server
[2025-03-01T08:18:19.783Z] Error writing to Modbus register: no connection to modbus server
[2025-03-01T08:18:19.784Z] ❌ Error reading register 1000 for IP 10.30.4.91: no connection to modbus server
[2025-03-01T08:18:19.785Z] Error reading actual data: no connection to modbus server
[2025-03-01T08:18:19.785Z] Error writing to Modbus register: no connection to modbus server
[2025-03-01T08:18:19.786Z] Error reading register 3105 for IP 10.30.4.91: no connection to modbus server
[2025-03-01T08:18:19.787Z] ❌ Error reading register 1000 for IP 10.30.4.91: no connection to modbus server
[2025-03-01T08:18:19.787Z] Error reading actual data: no connection to modbus server
[2025-03-01T08:18:19.787Z] Error writing to Modbus register: no connection to modbus server
[2025-03-01T08:18:20.657Z] Error reading register 3105 for IP 10.30.4.91: no connection to modbus server
[2025-03-01T08:18:20.657Z] ❌ Error reading register 1000 for IP 10.30.4.91: no connection to modbus server
[2025-03-01T08:18:20.657Z] Error reading actual data: no connection to modbus server
[2025-03-01T08:18:20.673Z] Error writing to Modbus register: no connection to modbus server
[2025-03-01T08:18:20.674Z] Error reading register 3105 for IP 10.30.4.91: no connection to modbus server
[2025-03-01T08:18:20.674Z] ❌ Error reading register 1000 for IP 10.30.4.91: no connection to modbus server
[2025-03-01T08:18:20.674Z] Error reading actual data: no connection to modbus server
[2025-03-01T08:18:20.674Z] Error writing to Modbus register: no connection to modbus server
[2025-03-01T08:18:20.675Z] Error reading register 3105 for IP 10.30.4.91: no connection to modbus server
[2025-03-01T08:18:20.675Z] ❌ Error reading register 1000 for IP 10.30.4.91: no connection to modbus server
[2025-03-01T08:18:20.675Z] Error reading actual data: no connection to modbus server
[2025-03-01T08:18:20.689Z] Error writing to Modbus register: no connection to modbus server
[2025-03-01T08:18:20.782Z] Error reading register 3105 for IP 10.30.4.91: no connection to modbus server
[2025-03-01T08:18:20.782Z] ❌ Error reading register 1000 for IP 10.30.4.91: no connection to modbus server
[2025-03-01T08:18:20.782Z] Error reading actual data: no connection to modbus server
[2025-03-01T08:18:20.783Z] Error writing to Modbus register: no connection to modbus server
[2025-03-01T08:18:20.784Z] Error reading register 3105 for IP 10.30.4.91: no connection to modbus server
[2025-03-01T08:18:20.784Z] ❌ Error reading register 1000 for IP 10.30.4.91: no connection to modbus server
[2025-03-01T08:18:20.784Z] Error reading actual data: no connection to modbus server
[2025-03-01T08:18:20.785Z] Error writing to Modbus register: no connection to modbus server
[2025-03-01T08:18:20.785Z] Error reading register 3105 for IP 10.30.4.91: no connection to modbus server
[2025-03-01T08:18:20.786Z] ❌ Error reading register 1000 for IP 10.30.4.91: no connection to modbus server
[2025-03-01T08:18:20.786Z] Error reading actual data: no connection to modbus server
[2025-03-01T08:18:20.788Z] Error writing to Modbus register: no connection to modbus server
[2025-03-01T08:18:21.669Z] Error reading register 3105 for IP 10.30.4.91: no connection to modbus server
[2025-03-01T08:18:21.670Z] ❌ Error reading register 1000 for IP 10.30.4.91: no connection to modbus server
[2025-03-01T08:18:21.671Z] Error reading actual data: no connection to modbus server
[2025-03-01T08:18:21.673Z] Error writing to Modbus register: no connection to modbus server
[2025-03-01T08:18:21.675Z] Error reading register 3105 for IP 10.30.4.91: no connection to modbus server
[2025-03-01T08:18:21.675Z] ❌ Error reading register 1000 for IP 10.30.4.91: no connection to modbus server
[2025-03-01T08:18:21.675Z] Error reading actual data: no connection to modbus server
[2025-03-01T08:18:21.676Z] Error writing to Modbus register: no connection to modbus server
[2025-03-01T08:18:21.676Z] Error reading register 3105 for IP 10.30.4.91: no connection to modbus server
[2025-03-01T08:18:21.677Z] ❌ Error reading register 1000 for IP 10.30.4.91: no connection to modbus server
[2025-03-01T08:18:21.677Z] Error reading actual data: no connection to modbus server
[2025-03-01T08:18:21.702Z] Error writing to Modbus register: no connection to modbus server
[2025-03-01T08:18:21.786Z] Error reading register 3105 for IP 10.30.4.91: no connection to modbus server
[2025-03-01T08:18:21.786Z] ❌ Error reading register 1000 for IP 10.30.4.91: no connection to modbus server
[2025-03-01T08:18:21.786Z] Error reading actual data: no connection to modbus server
[2025-03-01T08:18:21.787Z] Error writing to Modbus register: no connection to modbus server
[2025-03-01T08:18:21.787Z] Error reading register 3105 for IP 10.30.4.91: no connection to modbus server
[2025-03-01T08:18:21.787Z] Error writing to Modbus register: no connection to modbus server
[2025-03-01T08:18:21.787Z] ❌ Error reading register 1000 for IP 10.30.4.91: no connection to modbus server
[2025-03-01T08:18:21.787Z] Error reading actual data: no connection to modbus server
[2025-03-01T08:18:21.788Z] Error reading register 3105 for IP 10.30.4.91: no connection to modbus server
[2025-03-01T08:18:21.788Z] ❌ Error reading register 1000 for IP 10.30.4.91: no connection to modbus server
[2025-03-01T08:18:21.788Z] Error reading actual data: no connection to modbus server
[2025-03-01T08:18:21.789Z] Error writing to Modbus register: no connection to modbus server
[2025-03-01T08:18:22.685Z] Error reading register 3105 for IP 10.30.4.91: no connection to modbus server
[2025-03-01T08:18:22.686Z] ❌ Error reading register 1000 for IP 10.30.4.91: no connection to modbus server
[2025-03-01T08:18:22.686Z] Error reading actual data: no connection to modbus server
[2025-03-01T08:18:22.688Z] Error writing to Modbus register: no connection to modbus server
[2025-03-01T08:18:22.689Z] Error reading register 3105 for IP 10.30.4.91: no connection to modbus server
[2025-03-01T08:18:22.690Z] ❌ Error reading register 1000 for IP 10.30.4.91: no connection to modbus server
[2025-03-01T08:18:22.691Z] Error writing to Modbus register: no connection to modbus server
[2025-03-01T08:18:22.690Z] Error reading actual data: no connection to modbus server
[2025-03-01T08:18:22.691Z] Error reading register 3105 for IP 10.30.4.91: no connection to modbus server
[2025-03-01T08:18:22.691Z] ❌ Error reading register 1000 for IP 10.30.4.91: no connection to modbus server
[2025-03-01T08:18:22.691Z] Error reading actual data: no connection to modbus server
[2025-03-01T08:18:22.702Z] Error writing to Modbus register: no connection to modbus server
[2025-03-01T08:18:22.788Z] Error reading register 3105 for IP 10.30.4.91: no connection to modbus server
[2025-03-01T08:18:22.788Z] ❌ Error reading register 1000 for IP 10.30.4.91: no connection to modbus server
[2025-03-01T08:18:22.788Z] Error reading actual data: no connection to modbus server
[2025-03-01T08:18:22.789Z] Error writing to Modbus register: no connection to modbus server
[2025-03-01T08:18:22.789Z] Error reading register 3105 for IP 10.30.4.91: no connection to modbus server
[2025-03-01T08:18:22.789Z] ❌ Error reading register 1000 for IP 10.30.4.91: no connection to modbus server
[2025-03-01T08:18:22.790Z] Error reading actual data: no connection to modbus server
[2025-03-01T08:18:22.790Z] Error writing to Modbus register: no connection to modbus server
[2025-03-01T08:18:22.790Z] Error reading register 3105 for IP 10.30.4.91: no connection to modbus server
[2025-03-01T08:18:22.791Z] ❌ Error reading register 1000 for IP 10.30.4.91: no connection to modbus server
[2025-03-01T08:18:22.791Z] Error reading actual data: no connection to modbus server
[2025-03-01T08:18:22.791Z] Error writing to Modbus register: no connection to modbus server
[2025-03-01T08:18:23.685Z] Error reading register 3105 for IP 10.30.4.91: no connection to modbus server
[2025-03-01T08:18:23.686Z] Error reading actual data: no connection to modbus server
[2025-03-01T08:18:23.685Z] ❌ Error reading register 1000 for IP 10.30.4.91: no connection to modbus server
[2025-03-01T08:18:23.687Z] Error writing to Modbus register: no connection to modbus server
[2025-03-01T08:18:23.688Z] Error reading register 3105 for IP 10.30.4.91: no connection to modbus server
[2025-03-01T08:18:23.688Z] ❌ Error reading register 1000 for IP 10.30.4.91: no connection to modbus server
[2025-03-01T08:18:23.689Z] Error reading actual data: no connection to modbus server
[2025-03-01T08:18:23.702Z] Error reading register 3105 for IP 10.30.4.91: no connection to modbus server
[2025-03-01T08:18:23.702Z] ❌ Error reading register 1000 for IP 10.30.4.91: no connection to modbus server
[2025-03-01T08:18:23.701Z] Error writing to Modbus register: no connection to modbus server
[2025-03-01T08:18:23.702Z] Error reading actual data: no connection to modbus server
[2025-03-01T08:18:23.703Z] Error writing to Modbus register: no connection to modbus server
[2025-03-01T08:18:23.803Z] Error reading register 3105 for IP 10.30.4.91: no connection to modbus server
[2025-03-01T08:18:23.803Z] ❌ Error reading register 1000 for IP 10.30.4.91: no connection to modbus server
[2025-03-01T08:18:23.803Z] Error reading actual data: no connection to modbus server
[2025-03-01T08:18:23.804Z] Error reading register 3105 for IP 10.30.4.91: no connection to modbus server
[2025-03-01T08:18:23.804Z] ❌ Error reading register 1000 for IP 10.30.4.91: no connection to modbus server
[2025-03-01T08:18:23.804Z] Error writing to Modbus register: no connection to modbus server
[2025-03-01T08:18:23.804Z] Error reading actual data: no connection to modbus server
[2025-03-01T08:18:23.804Z] Error writing to Modbus register: no connection to modbus server
[2025-03-01T08:18:23.805Z] Error reading register 3105 for IP 10.30.4.91: no connection to modbus server
[2025-03-01T08:18:23.805Z] ❌ Error reading register 1000 for IP 10.30.4.91: no connection to modbus server
[2025-03-01T08:18:23.805Z] Error reading actual data: no connection to modbus server
[2025-03-01T08:18:23.805Z] Error writing to Modbus register: no connection to modbus server
[2025-03-01T08:18:24.686Z] Error reading register 3105 for IP 10.30.4.91: no connection to modbus server
[2025-03-01T08:18:24.687Z] ❌ Error reading register 1000 for IP 10.30.4.91: no connection to modbus server
[2025-03-01T08:18:24.687Z] Error reading actual data: no connection to modbus server
[2025-03-01T08:18:24.688Z] Error writing to Modbus register: no connection to modbus server
[2025-03-01T08:18:24.689Z] Error reading register 3105 for IP 10.30.4.91: no connection to modbus server
[2025-03-01T08:18:24.690Z] ❌ Error reading register 1000 for IP 10.30.4.91: no connection to modbus server
[2025-03-01T08:18:24.690Z] Error reading actual data: no connection to modbus server
[2025-03-01T08:18:24.701Z] Error writing to Modbus register: no connection to modbus server
[2025-03-01T08:18:24.702Z] Error reading register 3105 for IP 10.30.4.91: no connection to modbus server
[2025-03-01T08:18:24.702Z] ❌ Error reading register 1000 for IP 10.30.4.91: no connection to modbus server
[2025-03-01T08:18:24.702Z] Error reading actual data: no connection to modbus server
[2025-03-01T08:18:24.703Z] Error writing to Modbus register: no connection to modbus server
[2025-03-01T08:18:24.804Z] Error reading register 3105 for IP 10.30.4.91: no connection to modbus server
[2025-03-01T08:18:24.804Z] ❌ Error reading register 1000 for IP 10.30.4.91: no connection to modbus server
[2025-03-01T08:18:24.805Z] ❌ Error reading register 1000 for IP 10.30.4.91: no connection to modbus server
[2025-03-01T08:18:24.805Z] Error reading register 3105 for IP 10.30.4.91: no connection to modbus server
[2025-03-01T08:18:24.804Z] Error reading actual data: no connection to modbus server
[2025-03-01T08:18:24.805Z] Error writing to Modbus register: no connection to modbus server
[2025-03-01T08:18:24.805Z] Error reading actual data: no connection to modbus server
[2025-03-01T08:18:24.805Z] Error writing to Modbus register: no connection to modbus server
[2025-03-01T08:18:24.806Z] Error reading register 3105 for IP 10.30.4.91: no connection to modbus server
[2025-03-01T08:18:24.806Z] Error reading actual data: no connection to modbus server
[2025-03-01T08:18:24.806Z] Error writing to Modbus register: no connection to modbus server
[2025-03-01T08:18:24.806Z] ❌ Error reading register 1000 for IP 10.30.4.91: no connection to modbus server
[2025-03-01T08:18:25.688Z] Error reading register 3105 for IP 10.30.4.91: no connection to modbus server
[2025-03-01T08:18:25.689Z] ❌ Error reading register 1000 for IP 10.30.4.91: no connection to modbus server
[2025-03-01T08:18:25.689Z] Error reading actual data: no connection to modbus server
[2025-03-01T08:18:25.690Z] Error writing to Modbus register: no connection to modbus server
[2025-03-01T08:18:25.692Z] Error reading register 3105 for IP 10.30.4.91: no connection to modbus server
[2025-03-01T08:18:25.692Z] ❌ Error reading register 1000 for IP 10.30.4.91: no connection to modbus server
[2025-03-01T08:18:25.692Z] Error reading actual data: no connection to modbus server
[2025-03-01T08:18:25.703Z] Error writing to Modbus register: no connection to modbus server
[2025-03-01T08:18:25.703Z] Error reading register 3105 for IP 10.30.4.91: no connection to modbus server
[2025-03-01T08:18:25.703Z] ❌ Error reading register 1000 for IP 10.30.4.91: no connection to modbus server
[2025-03-01T08:18:25.704Z] Error writing to Modbus register: no connection to modbus server
[2025-03-01T08:18:25.704Z] Error reading actual data: no connection to modbus server
[2025-03-01T08:18:25.805Z] Error reading register 3105 for IP 10.30.4.91: no connection to modbus server
[2025-03-01T08:18:25.805Z] ❌ Error reading register 1000 for IP 10.30.4.91: no connection to modbus server
[2025-03-01T08:18:25.805Z] Error writing to Modbus register: no connection to modbus server
[2025-03-01T08:18:25.806Z] Error reading register 3105 for IP 10.30.4.91: no connection to modbus server
[2025-03-01T08:18:25.806Z] ❌ Error reading register 1000 for IP 10.30.4.91: no connection to modbus server
[2025-03-01T08:18:25.805Z] Error reading actual data: no connection to modbus server
[2025-03-01T08:18:25.806Z] Error reading actual data: no connection to modbus server
[2025-03-01T08:18:25.806Z] Error writing to Modbus register: no connection to modbus server
[2025-03-01T08:18:25.806Z] Error reading register 3105 for IP 10.30.4.91: no connection to modbus server
[2025-03-01T08:18:25.807Z] ❌ Error reading register 1000 for IP 10.30.4.91: no connection to modbus server
[2025-03-01T08:18:25.807Z] Error reading actual data: no connection to modbus server
[2025-03-01T08:18:25.807Z] Error writing to Modbus register: no connection to modbus server
[2025-03-01T08:18:26.702Z] Error reading register 3105 for IP 10.30.4.91: no connection to modbus server
[2025-03-01T08:18:26.702Z] ❌ Error reading register 1000 for IP 10.30.4.91: no connection to modbus server
[2025-03-01T08:18:26.703Z] Error reading actual data: no connection to modbus server
[2025-03-01T08:18:26.704Z] Error writing to Modbus register: no connection to modbus server
[2025-03-01T08:18:26.705Z] Error reading register 3105 for IP 10.30.4.91: no connection to modbus server
[2025-03-01T08:18:26.705Z] ❌ Error reading register 1000 for IP 10.30.4.91: no connection to modbus server
[2025-03-01T08:18:26.705Z] Error reading actual data: no connection to modbus server
[2025-03-01T08:18:26.706Z] Error writing to Modbus register: no connection to modbus server
[2025-03-01T08:18:26.706Z] Error reading register 3105 for IP 10.30.4.91: no connection to modbus server
[2025-03-01T08:18:26.706Z] ❌ Error reading register 1000 for IP 10.30.4.91: no connection to modbus server
[2025-03-01T08:18:26.707Z] Error reading actual data: no connection to modbus server
[2025-03-01T08:18:26.707Z] Error writing to Modbus register: no connection to modbus server
[2025-03-01T08:18:26.817Z] Error reading register 3105 for IP 10.30.4.91: no connection to modbus server
[2025-03-01T08:18:26.817Z] ❌ Error reading register 1000 for IP 10.30.4.91: no connection to modbus server
[2025-03-01T08:18:26.818Z] Error reading actual data: no connection to modbus server
[2025-03-01T08:18:26.818Z] Error writing to Modbus register: no connection to modbus server
[2025-03-01T08:18:26.819Z] Error reading register 3105 for IP 10.30.4.91: no connection to modbus server
[2025-03-01T08:18:26.819Z] ❌ Error reading register 1000 for IP 10.30.4.91: no connection to modbus server
[2025-03-01T08:18:26.819Z] Error reading actual data: no connection to modbus server
[2025-03-01T08:18:26.819Z] Error writing to Modbus register: no connection to modbus server
[2025-03-01T08:18:26.820Z] Error reading register 3105 for IP 10.30.4.91: no connection to modbus server
[2025-03-01T08:18:26.820Z] ❌ Error reading register 1000 for IP 10.30.4.91: no connection to modbus server
[2025-03-01T08:18:26.820Z] Error reading actual data: no connection to modbus server
[2025-03-01T08:18:26.821Z] Error writing to Modbus register: no connection to modbus server
[2025-03-01T08:18:27.702Z] Error reading register 3105 for IP 10.30.4.91: no connection to modbus server
[2025-03-01T08:18:27.703Z] ❌ Error reading register 1000 for IP 10.30.4.91: no connection to modbus server
[2025-03-01T08:18:27.703Z] Error reading actual data: no connection to modbus server
[2025-03-01T08:18:27.704Z] Error writing to Modbus register: no connection to modbus server
[2025-03-01T08:18:27.706Z] Error reading register 3105 for IP 10.30.4.91: no connection to modbus server
[2025-03-01T08:18:27.707Z] ❌ Error reading register 1000 for IP 10.30.4.91: no connection to modbus server
[2025-03-01T08:18:27.707Z] Error reading actual data: no connection to modbus server
[2025-03-01T08:18:27.708Z] Error writing to Modbus register: no connection to modbus server
[2025-03-01T08:18:27.710Z] ❌ Error reading register 1000 for IP 10.30.4.91: no connection to modbus server
[2025-03-01T08:18:27.709Z] Error reading register 3105 for IP 10.30.4.91: no connection to modbus server
[2025-03-01T08:18:27.710Z] Error reading actual data: no connection to modbus server
[2025-03-01T08:18:27.711Z] Error writing to Modbus register: no connection to modbus server
[2025-03-01T08:18:27.819Z] Error reading register 3105 for IP 10.30.4.91: no connection to modbus server
[2025-03-01T08:18:27.820Z] ❌ Error reading register 1000 for IP 10.30.4.91: no connection to modbus server
[2025-03-01T08:18:27.820Z] Error reading actual data: no connection to modbus server
[2025-03-01T08:18:27.820Z] Error writing to Modbus register: no connection to modbus server
[2025-03-01T08:18:27.821Z] Error reading register 3105 for IP 10.30.4.91: no connection to modbus server
[2025-03-01T08:18:27.821Z] ❌ Error reading register 1000 for IP 10.30.4.91: no connection to modbus server
[2025-03-01T08:18:27.821Z] Error reading actual data: no connection to modbus server
[2025-03-01T08:18:27.821Z] Error writing to Modbus register: no connection to modbus server
[2025-03-01T08:18:27.822Z] ❌ Error reading register 1000 for IP 10.30.4.91: no connection to modbus server
[2025-03-01T08:18:27.822Z] Error reading register 3105 for IP 10.30.4.91: no connection to modbus server
[2025-03-01T08:18:27.822Z] Error reading actual data: no connection to modbus server
[2025-03-01T08:18:27.822Z] Error writing to Modbus register: no connection to modbus server
[2025-03-01T08:18:28.703Z] ❌ Error reading register 1000 for IP 10.30.4.91: no connection to modbus server
[2025-03-01T08:18:28.702Z] Error reading register 3105 for IP 10.30.4.91: no connection to modbus server
[2025-03-01T08:18:28.703Z] Error reading actual data: no connection to modbus server
[2025-03-01T08:18:28.705Z] Error writing to Modbus register: no connection to modbus server
[2025-03-01T08:18:28.707Z] Error reading register 3105 for IP 10.30.4.91: no connection to modbus server
[2025-03-01T08:18:28.708Z] ❌ Error reading register 1000 for IP 10.30.4.91: no connection to modbus server
[2025-03-01T08:18:28.708Z] Error reading actual data: no connection to modbus server
[2025-03-01T08:18:28.708Z] Error writing to Modbus register: no connection to modbus server
[2025-03-01T08:18:28.732Z] Error reading register 3105 for IP 10.30.4.91: no connection to modbus server
[2025-03-01T08:18:28.732Z] Error reading actual data: no connection to modbus server
[2025-03-01T08:18:28.732Z] ❌ Error reading register 1000 for IP 10.30.4.91: no connection to modbus server
[2025-03-01T08:18:28.732Z] Error writing to Modbus register: no connection to modbus server
[2025-03-01T08:18:28.834Z] ❌ Error reading register 1000 for IP 10.30.4.91: no connection to modbus server
[2025-03-01T08:18:28.835Z] Error writing to Modbus register: no connection to modbus server
[2025-03-01T08:18:28.836Z] Error reading register 3105 for IP 10.30.4.91: no connection to modbus server
[2025-03-01T08:18:28.837Z] ❌ Error reading register 1000 for IP 10.30.4.91: no connection to modbus server
[2025-03-01T08:18:28.834Z] Error reading actual data: no connection to modbus server
[2025-03-01T08:18:28.837Z] Error reading actual data: no connection to modbus server
[2025-03-01T08:18:28.838Z] Error writing to Modbus register: no connection to modbus server
[2025-03-01T08:18:28.833Z] Error reading register 3105 for IP 10.30.4.91: no connection to modbus server
[2025-03-01T08:18:28.838Z] ❌ Error reading register 1000 for IP 10.30.4.91: no connection to modbus server
[2025-03-01T08:18:28.839Z] Error writing to Modbus register: no connection to modbus server
[2025-03-01T08:18:28.839Z] Error reading actual data: no connection to modbus server
[2025-03-01T08:18:28.838Z] Error reading register 3105 for IP 10.30.4.91: no connection to modbus server
[2025-03-01T08:18:29.715Z] Error reading register 3105 for IP 10.30.4.91: no connection to modbus server
[2025-03-01T08:18:29.715Z] ❌ Error reading register 1000 for IP 10.30.4.91: no connection to modbus server
[2025-03-01T08:18:29.715Z] Error reading actual data: no connection to modbus server
[2025-03-01T08:18:29.716Z] Error writing to Modbus register: no connection to modbus server
[2025-03-01T08:18:29.718Z] ❌ Error reading register 1000 for IP 10.30.4.91: no connection to modbus server
[2025-03-01T08:18:29.717Z] Error reading register 3105 for IP 10.30.4.91: no connection to modbus server
[2025-03-01T08:18:29.718Z] Error reading actual data: no connection to modbus server
[2025-03-01T08:18:29.719Z] Error writing to Modbus register: no connection to modbus server
[2025-03-01T08:18:29.734Z] Error reading register 3105 for IP 10.30.4.91: no connection to modbus server
[2025-03-01T08:18:29.735Z] ❌ Error reading register 1000 for IP 10.30.4.91: no connection to modbus server
[2025-03-01T08:18:29.735Z] Error reading actual data: no connection to modbus server
[2025-03-01T08:18:29.736Z] Error writing to Modbus register: no connection to modbus server
[2025-03-01T08:18:29.835Z] Error reading register 3105 for IP 10.30.4.91: no connection to modbus server
[2025-03-01T08:18:29.836Z] ❌ Error reading register 1000 for IP 10.30.4.91: no connection to modbus server
[2025-03-01T08:18:29.836Z] Error reading actual data: no connection to modbus server
[2025-03-01T08:18:29.836Z] Error writing to Modbus register: no connection to modbus server
[2025-03-01T08:18:29.838Z] ❌ Error reading register 1000 for IP 10.30.4.91: no connection to modbus server
[2025-03-01T08:18:29.838Z] Error reading register 3105 for IP 10.30.4.91: no connection to modbus server
[2025-03-01T08:18:29.838Z] Error reading actual data: no connection to modbus server
[2025-03-01T08:18:29.839Z] Error writing to Modbus register: no connection to modbus server
[2025-03-01T08:18:29.840Z] Error reading register 3105 for IP 10.30.4.91: no connection to modbus server
[2025-03-01T08:18:29.840Z] ❌ Error reading register 1000 for IP 10.30.4.91: no connection to modbus server
[2025-03-01T08:18:29.840Z] Error reading actual data: no connection to modbus server
[2025-03-01T08:18:29.840Z] Error writing to Modbus register: no connection to modbus server
[2025-03-01T08:18:30.723Z] Error reading register 3105 for IP 10.30.4.91: no connection to modbus server
[2025-03-01T08:18:30.723Z] ❌ Error reading register 1000 for IP 10.30.4.91: no connection to modbus server
[2025-03-01T08:18:30.723Z] Error reading actual data: no connection to modbus server
[2025-03-01T08:18:30.723Z] Error writing to Modbus register: no connection to modbus server
[2025-03-01T08:18:30.724Z] Error reading register 3105 for IP 10.30.4.91: no connection to modbus server
[2025-03-01T08:18:30.724Z] ❌ Error reading register 1000 for IP 10.30.4.91: no connection to modbus server
[2025-03-01T08:18:30.724Z] Error reading actual data: no connection to modbus server
[2025-03-01T08:18:30.724Z] Error writing to Modbus register: no connection to modbus server
[2025-03-01T08:18:30.738Z] Error reading register 3105 for IP 10.30.4.91: no connection to modbus server
[2025-03-01T08:18:30.738Z] ❌ Error reading register 1000 for IP 10.30.4.91: no connection to modbus server
[2025-03-01T08:18:30.738Z] Error reading actual data: no connection to modbus server
[2025-03-01T08:18:30.738Z] Error writing to Modbus register: no connection to modbus server
[2025-03-01T08:18:30.836Z] Error reading register 3105 for IP 10.30.4.91: no connection to modbus server
[2025-03-01T08:18:30.836Z] ❌ Error reading register 1000 for IP 10.30.4.91: no connection to modbus server
[2025-03-01T08:18:30.836Z] Error reading actual data: no connection to modbus server
[2025-03-01T08:18:30.836Z] Error writing to Modbus register: no connection to modbus server
[2025-03-01T08:18:30.837Z] Error reading register 3105 for IP 10.30.4.91: no connection to modbus server
[2025-03-01T08:18:30.837Z] ❌ Error reading register 1000 for IP 10.30.4.91: no connection to modbus server
[2025-03-01T08:18:30.838Z] Error reading actual data: no connection to modbus server
[2025-03-01T08:18:30.838Z] Error writing to Modbus register: no connection to modbus server
[2025-03-01T08:18:30.852Z] Error reading register 3105 for IP 10.30.4.91: no connection to modbus server
[2025-03-01T08:18:30.852Z] ❌ Error reading register 1000 for IP 10.30.4.91: no connection to modbus server
[2025-03-01T08:18:30.853Z] Error reading actual data: no connection to modbus server
[2025-03-01T08:18:30.853Z] Error writing to Modbus register: no connection to modbus server
[2025-03-01T08:18:31.731Z] Error reading register 3105 for IP 10.30.4.91: no connection to modbus server
[2025-03-01T08:18:31.731Z] ❌ Error reading register 1000 for IP 10.30.4.91: no connection to modbus server
[2025-03-01T08:18:31.731Z] Error reading actual data: no connection to modbus server
[2025-03-01T08:18:31.732Z] Error writing to Modbus register: no connection to modbus server
[2025-03-01T08:18:31.732Z] Error reading register 3105 for IP 10.30.4.91: no connection to modbus server
[2025-03-01T08:18:31.732Z] ❌ Error reading register 1000 for IP 10.30.4.91: no connection to modbus server
[2025-03-01T08:18:31.732Z] Error reading actual data: no connection to modbus server
[2025-03-01T08:18:31.732Z] Error writing to Modbus register: no connection to modbus server
[2025-03-01T08:18:31.751Z] Error reading register 3105 for IP 10.30.4.91: no connection to modbus server
[2025-03-01T08:18:31.751Z] ❌ Error reading register 1000 for IP 10.30.4.91: no connection to modbus server
[2025-03-01T08:18:31.752Z] Error reading actual data: no connection to modbus server
[2025-03-01T08:18:31.752Z] Error writing to Modbus register: no connection to modbus server
[2025-03-01T08:18:31.851Z] ❌ Error reading register 1000 for IP 10.30.4.91: no connection to modbus server
[2025-03-01T08:18:31.851Z] Error reading actual data: no connection to modbus server
[2025-03-01T08:18:31.851Z] Error writing to Modbus register: no connection to modbus server
[2025-03-01T08:18:31.850Z] Error reading register 3105 for IP 10.30.4.91: no connection to modbus server
[2025-03-01T08:18:31.851Z] ❌ Error reading register 1000 for IP 10.30.4.91: no connection to modbus server
[2025-03-01T08:18:31.852Z] Error reading actual data: no connection to modbus server
[2025-03-01T08:18:31.851Z] Error reading register 3105 for IP 10.30.4.91: no connection to modbus server
[2025-03-01T08:18:31.852Z] Error writing to Modbus register: no connection to modbus server
[2025-03-01T08:18:31.852Z] Error reading register 3105 for IP 10.30.4.91: no connection to modbus server
[2025-03-01T08:18:31.852Z] ❌ Error reading register 1000 for IP 10.30.4.91: no connection to modbus server
[2025-03-01T08:18:31.853Z] Error writing to Modbus register: no connection to modbus server
[2025-03-01T08:18:31.852Z] Error reading actual data: no connection to modbus server
[2025-03-01T08:18:32.734Z] Error reading register 3105 for IP 10.30.4.91: no connection to modbus server
[2025-03-01T08:18:32.734Z] ❌ Error reading register 1000 for IP 10.30.4.91: no connection to modbus server
[2025-03-01T08:18:32.734Z] Error reading actual data: no connection to modbus server
[2025-03-01T08:18:32.735Z] Error writing to Modbus register: no connection to modbus server
[2025-03-01T08:18:32.735Z] Error reading register 3105 for IP 10.30.4.91: no connection to modbus server
[2025-03-01T08:18:32.735Z] ❌ Error reading register 1000 for IP 10.30.4.91: no connection to modbus server
[2025-03-01T08:18:32.735Z] Error reading actual data: no connection to modbus server
[2025-03-01T08:18:32.736Z] Error writing to Modbus register: no connection to modbus server
[2025-03-01T08:18:32.753Z] Error reading register 3105 for IP 10.30.4.91: no connection to modbus server
[2025-03-01T08:18:32.754Z] ❌ Error reading register 1000 for IP 10.30.4.91: no connection to modbus server
[2025-03-01T08:18:32.754Z] Error reading actual data: no connection to modbus server
[2025-03-01T08:18:32.754Z] Error writing to Modbus register: no connection to modbus server
[2025-03-01T08:18:32.866Z] Error reading register 3105 for IP 10.30.4.91: no connection to modbus server
[2025-03-01T08:18:32.866Z] ❌ Error reading register 1000 for IP 10.30.4.91: no connection to modbus server
[2025-03-01T08:18:32.866Z] Error reading actual data: no connection to modbus server
[2025-03-01T08:18:32.867Z] Error writing to Modbus register: no connection to modbus server
[2025-03-01T08:18:32.867Z] Error reading register 3105 for IP 10.30.4.91: no connection to modbus server
[2025-03-01T08:18:32.868Z] ❌ Error reading register 1000 for IP 10.30.4.91: no connection to modbus server
[2025-03-01T08:18:32.868Z] Error reading actual data: no connection to modbus server
[2025-03-01T08:18:32.868Z] Error writing to Modbus register: no connection to modbus server
[2025-03-01T08:18:32.868Z] Error reading register 3105 for IP 10.30.4.91: no connection to modbus server
[2025-03-01T08:18:32.869Z] ❌ Error reading register 1000 for IP 10.30.4.91: no connection to modbus server
[2025-03-01T08:18:32.869Z] Error reading actual data: no connection to modbus server
[2025-03-01T08:18:32.869Z] Error writing to Modbus register: no connection to modbus server
[2025-03-01T08:18:33.747Z] Error reading register 3105 for IP 10.30.4.91: no connection to modbus server
[2025-03-01T08:18:33.747Z] ❌ Error reading register 1000 for IP 10.30.4.91: no connection to modbus server
[2025-03-01T08:18:33.748Z] Error reading register 3105 for IP 10.30.4.91: no connection to modbus server
[2025-03-01T08:18:33.748Z] ❌ Error reading register 1000 for IP 10.30.4.91: no connection to modbus server
[2025-03-01T08:18:33.748Z] Error reading actual data: no connection to modbus server
[2025-03-01T08:18:33.747Z] Error reading actual data: no connection to modbus server
[2025-03-01T08:18:33.748Z] Error writing to Modbus register: no connection to modbus server
[2025-03-01T08:18:33.748Z] Error writing to Modbus register: no connection to modbus server
[2025-03-01T08:18:33.767Z] Error reading register 3105 for IP 10.30.4.91: no connection to modbus server
[2025-03-01T08:18:33.767Z] ❌ Error reading register 1000 for IP 10.30.4.91: no connection to modbus server
[2025-03-01T08:18:33.767Z] Error reading actual data: no connection to modbus server
[2025-03-01T08:18:33.768Z] Error writing to Modbus register: no connection to modbus server
[2025-03-01T08:18:33.871Z] Error reading register 3105 for IP 10.30.4.91: no connection to modbus server
[2025-03-01T08:18:33.871Z] ❌ Error reading register 1000 for IP 10.30.4.91: no connection to modbus server
[2025-03-01T08:18:33.871Z] Error reading actual data: no connection to modbus server
[2025-03-01T08:18:33.872Z] Error writing to Modbus register: no connection to modbus server
[2025-03-01T08:18:33.873Z] Error reading register 3105 for IP 10.30.4.91: no connection to modbus server
[2025-03-01T08:18:33.873Z] ❌ Error reading register 1000 for IP 10.30.4.91: no connection to modbus server
[2025-03-01T08:18:33.873Z] Error reading actual data: no connection to modbus server
[2025-03-01T08:18:33.874Z] Error writing to Modbus register: no connection to modbus server
[2025-03-01T08:18:33.874Z] Error reading register 3105 for IP 10.30.4.91: no connection to modbus server
[2025-03-01T08:18:33.875Z] ❌ Error reading register 1000 for IP 10.30.4.91: no connection to modbus server
[2025-03-01T08:18:33.875Z] Error reading actual data: no connection to modbus server
[2025-03-01T08:18:33.875Z] Error writing to Modbus register: no connection to modbus server
[2025-03-01T08:18:34.755Z] Error reading register 3105 for IP 10.30.4.91: no connection to modbus server
[2025-03-01T08:18:34.756Z] ❌ Error reading register 1000 for IP 10.30.4.91: no connection to modbus server
[2025-03-01T08:18:34.757Z] Error writing to Modbus register: no connection to modbus server
[2025-03-01T08:18:34.759Z] Error reading register 3105 for IP 10.30.4.91: no connection to modbus server
[2025-03-01T08:18:34.759Z] ❌ Error reading register 1000 for IP 10.30.4.91: no connection to modbus server
[2025-03-01T08:18:34.756Z] Error reading actual data: no connection to modbus server
[2025-03-01T08:18:34.760Z] Error reading actual data: no connection to modbus server
[2025-03-01T08:18:34.760Z] Error writing to Modbus register: no connection to modbus server
[2025-03-01T08:18:34.784Z] Error reading register 3105 for IP 10.30.4.91: no connection to modbus server
[2025-03-01T08:18:34.785Z] ❌ Error reading register 1000 for IP 10.30.4.91: no connection to modbus server
[2025-03-01T08:18:34.785Z] Error reading actual data: no connection to modbus server
[2025-03-01T08:18:34.786Z] Error writing to Modbus register: no connection to modbus server
[2025-03-01T08:18:34.884Z] Error reading register 3105 for IP 10.30.4.91: no connection to modbus server
[2025-03-01T08:18:34.885Z] ❌ Error reading register 1000 for IP 10.30.4.91: no connection to modbus server
[2025-03-01T08:18:34.886Z] Error reading actual data: no connection to modbus server
[2025-03-01T08:18:34.887Z] Error writing to Modbus register: no connection to modbus server
[2025-03-01T08:18:34.888Z] Error reading register 3105 for IP 10.30.4.91: no connection to modbus server
[2025-03-01T08:18:34.888Z] ❌ Error reading register 1000 for IP 10.30.4.91: no connection to modbus server
[2025-03-01T08:18:34.889Z] Error reading actual data: no connection to modbus server
[2025-03-01T08:18:34.889Z] Error writing to Modbus register: no connection to modbus server
[2025-03-01T08:18:34.890Z] Error reading register 3105 for IP 10.30.4.91: no connection to modbus server
[2025-03-01T08:18:34.890Z] ❌ Error reading register 1000 for IP 10.30.4.91: no connection to modbus server
[2025-03-01T08:18:34.890Z] Error reading actual data: no connection to modbus server
[2025-03-01T08:18:34.891Z] Error writing to Modbus register: no connection to modbus server
[2025-03-01T08:18:35.768Z] Error reading register 3105 for IP 10.30.4.91: no connection to modbus server
[2025-03-01T08:18:35.768Z] ❌ Error reading register 1000 for IP 10.30.4.91: no connection to modbus server
[2025-03-01T08:18:35.768Z] Error reading actual data: no connection to modbus server
[2025-03-01T08:18:35.769Z] Error writing to Modbus register: no connection to modbus server
[2025-03-01T08:18:35.770Z] ❌ Error reading register 1000 for IP 10.30.4.91: no connection to modbus server
[2025-03-01T08:18:35.770Z] Error reading register 3105 for IP 10.30.4.91: no connection to modbus server
[2025-03-01T08:18:35.770Z] Error reading actual data: no connection to modbus server
[2025-03-01T08:18:35.770Z] Error writing to Modbus register: no connection to modbus server
[2025-03-01T08:18:35.787Z] Error reading register 3105 for IP 10.30.4.91: no connection to modbus server
[2025-03-01T08:18:35.787Z] ❌ Error reading register 1000 for IP 10.30.4.91: no connection to modbus server
[2025-03-01T08:18:35.787Z] Error reading actual data: no connection to modbus server
[2025-03-01T08:18:35.787Z] Error writing to Modbus register: no connection to modbus server
[2025-03-01T08:18:35.885Z] Error reading register 3105 for IP 10.30.4.91: no connection to modbus server
[2025-03-01T08:18:35.885Z] ❌ Error reading register 1000 for IP 10.30.4.91: no connection to modbus server
[2025-03-01T08:18:35.885Z] Error reading actual data: no connection to modbus server
[2025-03-01T08:18:35.887Z] Error reading register 3105 for IP 10.30.4.91: no connection to modbus server
[2025-03-01T08:18:35.887Z] ❌ Error reading register 1000 for IP 10.30.4.91: no connection to modbus server
[2025-03-01T08:18:35.887Z] Error reading actual data: no connection to modbus server
[2025-03-01T08:18:35.886Z] Error writing to Modbus register: no connection to modbus server
[2025-03-01T08:18:35.903Z] Error writing to Modbus register: no connection to modbus server
[2025-03-01T08:18:35.904Z] Error reading register 3105 for IP 10.30.4.91: no connection to modbus server
[2025-03-01T08:18:35.904Z] ❌ Error reading register 1000 for IP 10.30.4.91: no connection to modbus server
[2025-03-01T08:18:35.904Z] Error reading actual data: no connection to modbus server
[2025-03-01T08:18:35.905Z] Error writing to Modbus register: no connection to modbus server
[2025-03-01T08:18:36.782Z] Error reading register 3105 for IP 10.30.4.91: no connection to modbus server
[2025-03-01T08:18:36.782Z] ❌ Error reading register 1000 for IP 10.30.4.91: no connection to modbus server
[2025-03-01T08:18:36.785Z] Error reading register 3105 for IP 10.30.4.91: no connection to modbus server
[2025-03-01T08:18:36.786Z] ❌ Error reading register 1000 for IP 10.30.4.91: no connection to modbus server
[2025-03-01T08:18:36.786Z] Error reading actual data: no connection to modbus server
[2025-03-01T08:18:36.786Z] Error writing to Modbus register: no connection to modbus server
[2025-03-01T08:18:36.784Z] Error writing to Modbus register: no connection to modbus server
[2025-03-01T08:18:36.783Z] Error reading actual data: no connection to modbus server
[2025-03-01T08:18:36.787Z] Error reading register 3105 for IP 10.30.4.91: no connection to modbus server
[2025-03-01T08:18:36.787Z] ❌ Error reading register 1000 for IP 10.30.4.91: no connection to modbus server
[2025-03-01T08:18:36.788Z] Error reading actual data: no connection to modbus server
[2025-03-01T08:18:36.788Z] Error writing to Modbus register: no connection to modbus server
[2025-03-01T08:18:36.899Z] ❌ Error reading register 1000 for IP 10.30.4.91: no connection to modbus server
[2025-03-01T08:18:36.899Z] Error reading register 3105 for IP 10.30.4.91: no connection to modbus server
[2025-03-01T08:18:36.899Z] Error reading actual data: no connection to modbus server
[2025-03-01T08:18:36.900Z] Error writing to Modbus register: no connection to modbus server
[2025-03-01T08:18:36.900Z] Error reading register 3105 for IP 10.30.4.91: no connection to modbus server
[2025-03-01T08:18:36.900Z] ❌ Error reading register 1000 for IP 10.30.4.91: no connection to modbus server
[2025-03-01T08:18:36.900Z] Error reading actual data: no connection to modbus server
[2025-03-01T08:18:36.914Z] Error writing to Modbus register: no connection to modbus server
[2025-03-01T08:18:36.915Z] ❌ Error reading register 1000 for IP 10.30.4.91: no connection to modbus server
[2025-03-01T08:18:36.914Z] Error reading register 3105 for IP 10.30.4.91: no connection to modbus server
[2025-03-01T08:18:36.915Z] Error reading actual data: no connection to modbus server
[2025-03-01T08:18:36.915Z] Error writing to Modbus register: no connection to modbus server
[2025-03-01T08:18:37.784Z] Error reading register 3105 for IP 10.30.4.91: no connection to modbus server
[2025-03-01T08:18:37.784Z] ❌ Error reading register 1000 for IP 10.30.4.91: no connection to modbus server
[2025-03-01T08:18:37.785Z] Error reading actual data: no connection to modbus server
[2025-03-01T08:18:37.786Z] Error writing to Modbus register: no connection to modbus server
[2025-03-01T08:18:37.787Z] Error reading register 3105 for IP 10.30.4.91: no connection to modbus server
[2025-03-01T08:18:37.787Z] ❌ Error reading register 1000 for IP 10.30.4.91: no connection to modbus server
[2025-03-01T08:18:37.787Z] Error reading actual data: no connection to modbus server
[2025-03-01T08:18:37.788Z] Error writing to Modbus register: no connection to modbus server
[2025-03-01T08:18:37.789Z] Error reading register 3105 for IP 10.30.4.91: no connection to modbus server
[2025-03-01T08:18:37.789Z] ❌ Error reading register 1000 for IP 10.30.4.91: no connection to modbus server
[2025-03-01T08:18:37.790Z] Error reading actual data: no connection to modbus server
[2025-03-01T08:18:37.790Z] Error writing to Modbus register: no connection to modbus server
[2025-03-01T08:18:37.904Z] Error reading register 3105 for IP 10.30.4.91: no connection to modbus server
[2025-03-01T08:18:37.905Z] ❌ Error reading register 1000 for IP 10.30.4.91: no connection to modbus server
[2025-03-01T08:18:37.905Z] Error reading actual data: no connection to modbus server
[2025-03-01T08:18:37.905Z] Error writing to Modbus register: no connection to modbus server
[2025-03-01T08:18:37.905Z] Error reading register 3105 for IP 10.30.4.91: no connection to modbus server
[2025-03-01T08:18:37.905Z] ❌ Error reading register 1000 for IP 10.30.4.91: no connection to modbus server
[2025-03-01T08:18:37.906Z] Error reading actual data: no connection to modbus server
[2025-03-01T08:18:37.921Z] Error reading register 3105 for IP 10.30.4.91: no connection to modbus server
[2025-03-01T08:18:37.920Z] Error writing to Modbus register: no connection to modbus server
[2025-03-01T08:18:37.921Z] Error reading actual data: no connection to modbus server
[2025-03-01T08:18:37.921Z] Error writing to Modbus register: no connection to modbus server
[2025-03-01T08:18:37.921Z] ❌ Error reading register 1000 for IP 10.30.4.91: no connection to modbus server
[2025-03-01T08:18:38.784Z] Error reading register 3105 for IP 10.30.4.91: no connection to modbus server
[2025-03-01T08:18:38.784Z] Error reading actual data: no connection to modbus server
[2025-03-01T08:18:38.784Z] ❌ Error reading register 1000 for IP 10.30.4.91: no connection to modbus server
[2025-03-01T08:18:38.794Z] Error writing to Modbus register: no connection to modbus server
[2025-03-01T08:18:38.795Z] Error reading register 3105 for IP 10.30.4.91: no connection to modbus server
[2025-03-01T08:18:38.795Z] ❌ Error reading register 1000 for IP 10.30.4.91: no connection to modbus server
[2025-03-01T08:18:38.796Z] Error reading actual data: no connection to modbus server
[2025-03-01T08:18:38.796Z] Error writing to Modbus register: no connection to modbus server
[2025-03-01T08:18:38.796Z] ❌ Error reading register 1000 for IP 10.30.4.91: no connection to modbus server
[2025-03-01T08:18:38.796Z] Error reading register 3105 for IP 10.30.4.91: no connection to modbus server
[2025-03-01T08:18:38.797Z] Error reading actual data: no connection to modbus server
[2025-03-01T08:18:38.797Z] Error writing to Modbus register: no connection to modbus server
[2025-03-01T08:18:38.916Z] Error reading register 3105 for IP 10.30.4.91: no connection to modbus server
[2025-03-01T08:18:38.917Z] ❌ Error reading register 1000 for IP 10.30.4.91: no connection to modbus server
[2025-03-01T08:18:38.917Z] Error reading actual data: no connection to modbus server
[2025-03-01T08:18:38.918Z] Error writing to Modbus register: no connection to modbus server
[2025-03-01T08:18:38.919Z] Error reading register 3105 for IP 10.30.4.91: no connection to modbus server
[2025-03-01T08:18:38.920Z] ❌ Error reading register 1000 for IP 10.30.4.91: no connection to modbus server
[2025-03-01T08:18:38.920Z] Error reading actual data: no connection to modbus server
[2025-03-01T08:18:38.921Z] Error writing to Modbus register: no connection to modbus server
[2025-03-01T08:18:38.923Z] ❌ Error reading register 1000 for IP 10.30.4.91: no connection to modbus server
[2025-03-01T08:18:38.922Z] Error reading register 3105 for IP 10.30.4.91: no connection to modbus server
[2025-03-01T08:18:38.923Z] Error reading actual data: no connection to modbus server
[2025-03-01T08:18:38.924Z] Error writing to Modbus register: no connection to modbus server
[2025-03-01T08:18:39.793Z] Error reading register 3105 for IP 10.30.4.91: no connection to modbus server
[2025-03-01T08:18:39.794Z] ❌ Error reading register 1000 for IP 10.30.4.91: no connection to modbus server
[2025-03-01T08:18:39.794Z] Error reading actual data: no connection to modbus server
[2025-03-01T08:18:39.803Z] Error writing to Modbus register: no connection to modbus server
[2025-03-01T08:18:39.803Z] Error reading register 3105 for IP 10.30.4.91: no connection to modbus server
[2025-03-01T08:18:39.804Z] ❌ Error reading register 1000 for IP 10.30.4.91: no connection to modbus server
[2025-03-01T08:18:39.804Z] Error reading actual data: no connection to modbus server
[2025-03-01T08:18:39.804Z] ❌ Error reading register 1000 for IP 10.30.4.91: no connection to modbus server
[2025-03-01T08:18:39.804Z] Error writing to Modbus register: no connection to modbus server
[2025-03-01T08:18:39.804Z] Error reading register 3105 for IP 10.30.4.91: no connection to modbus server
[2025-03-01T08:18:39.805Z] Error writing to Modbus register: no connection to modbus server
[2025-03-01T08:18:39.804Z] Error reading actual data: no connection to modbus server
[2025-03-01T08:18:39.919Z] ❌ Error reading register 1000 for IP 10.30.4.91: no connection to modbus server
[2025-03-01T08:18:39.919Z] Error reading actual data: no connection to modbus server
[2025-03-01T08:18:39.919Z] Error writing to Modbus register: no connection to modbus server
[2025-03-01T08:18:39.918Z] Error reading register 3105 for IP 10.30.4.91: no connection to modbus server
[2025-03-01T08:18:39.921Z] Error reading register 3105 for IP 10.30.4.91: no connection to modbus server
[2025-03-01T08:18:39.921Z] ❌ Error reading register 1000 for IP 10.30.4.91: no connection to modbus server
[2025-03-01T08:18:39.921Z] Error reading actual data: no connection to modbus server
[2025-03-01T08:18:39.921Z] Error writing to Modbus register: no connection to modbus server
[2025-03-01T08:18:39.922Z] Error reading register 3105 for IP 10.30.4.91: no connection to modbus server
[2025-03-01T08:18:39.923Z] ❌ Error reading register 1000 for IP 10.30.4.91: no connection to modbus server
[2025-03-01T08:18:39.923Z] Error reading actual data: no connection to modbus server
[2025-03-01T08:18:39.923Z] Error writing to Modbus register: no connection to modbus server
[2025-03-01T08:18:40.800Z] Error reading register 3105 for IP 10.30.4.91: no connection to modbus server
[2025-03-01T08:18:40.801Z] ❌ Error reading register 1000 for IP 10.30.4.91: no connection to modbus server
[2025-03-01T08:18:40.801Z] Error reading actual data: no connection to modbus server
[2025-03-01T08:18:40.803Z] Error writing to Modbus register: no connection to modbus server
[2025-03-01T08:18:40.804Z] Error reading register 3105 for IP 10.30.4.91: no connection to modbus server
[2025-03-01T08:18:40.804Z] ❌ Error reading register 1000 for IP 10.30.4.91: no connection to modbus server
[2025-03-01T08:18:40.804Z] Error reading actual data: no connection to modbus server
[2025-03-01T08:18:40.805Z] Error writing to Modbus register: no connection to modbus server
[2025-03-01T08:18:40.806Z] ❌ Error reading register 1000 for IP 10.30.4.91: no connection to modbus server
[2025-03-01T08:18:40.806Z] Error writing to Modbus register: no connection to modbus server
[2025-03-01T08:18:40.806Z] Error reading actual data: no connection to modbus server
[2025-03-01T08:18:40.805Z] Error reading register 3105 for IP 10.30.4.91: no connection to modbus server
[2025-03-01T08:18:40.929Z] Error reading register 3105 for IP 10.30.4.91: no connection to modbus server
[2025-03-01T08:18:40.929Z] Error reading actual data: no connection to modbus server
[2025-03-01T08:18:40.929Z] ❌ Error reading register 1000 for IP 10.30.4.91: no connection to modbus server
[2025-03-01T08:18:40.929Z] Error writing to Modbus register: no connection to modbus server
[2025-03-01T08:18:40.930Z] Error reading register 3105 for IP 10.30.4.91: no connection to modbus server
[2025-03-01T08:18:40.930Z] ❌ Error reading register 1000 for IP 10.30.4.91: no connection to modbus server
[2025-03-01T08:18:40.930Z] Error reading actual data: no connection to modbus server
[2025-03-01T08:18:40.931Z] Error writing to Modbus register: no connection to modbus server
[2025-03-01T08:18:40.931Z] Error reading register 3105 for IP 10.30.4.91: no connection to modbus server
[2025-03-01T08:18:40.931Z] ❌ Error reading register 1000 for IP 10.30.4.91: no connection to modbus server
[2025-03-01T08:18:40.931Z] Error reading actual data: no connection to modbus server
[2025-03-01T08:18:40.932Z] Error writing to Modbus register: no connection to modbus server
[2025-03-01T08:18:41.801Z] Error reading register 3105 for IP 10.30.4.91: no connection to modbus server
[2025-03-01T08:18:41.801Z] ❌ Error reading register 1000 for IP 10.30.4.91: no connection to modbus server
[2025-03-01T08:18:41.801Z] Error reading actual data: no connection to modbus server
[2025-03-01T08:18:41.803Z] Error writing to Modbus register: no connection to modbus server
[2025-03-01T08:18:41.804Z] Error reading register 3105 for IP 10.30.4.91: no connection to modbus server
[2025-03-01T08:18:41.804Z] ❌ Error reading register 1000 for IP 10.30.4.91: no connection to modbus server
[2025-03-01T08:18:41.804Z] Error reading actual data: no connection to modbus server
[2025-03-01T08:18:41.805Z] Error writing to Modbus register: no connection to modbus server
[2025-03-01T08:18:41.806Z] ❌ Error reading register 1000 for IP 10.30.4.91: no connection to modbus server
[2025-03-01T08:18:41.806Z] Error reading register 3105 for IP 10.30.4.91: no connection to modbus server
[2025-03-01T08:18:41.806Z] Error reading actual data: no connection to modbus server
[2025-03-01T08:18:41.807Z] Error writing to Modbus register: no connection to modbus server
[2025-03-01T08:18:41.935Z] ❌ Error reading register 1000 for IP 10.30.4.91: no connection to modbus server
[2025-03-01T08:18:41.935Z] Error reading register 3105 for IP 10.30.4.91: no connection to modbus server
[2025-03-01T08:18:41.936Z] Error reading actual data: no connection to modbus server
[2025-03-01T08:18:41.937Z] Error writing to Modbus register: no connection to modbus server
[2025-03-01T08:18:41.937Z] Error reading register 3105 for IP 10.30.4.91: no connection to modbus server
[2025-03-01T08:18:41.938Z] ❌ Error reading register 1000 for IP 10.30.4.91: no connection to modbus server
[2025-03-01T08:18:41.938Z] Error reading actual data: no connection to modbus server
[2025-03-01T08:18:41.939Z] Error writing to Modbus register: no connection to modbus server
[2025-03-01T08:18:41.939Z] Error reading register 3105 for IP 10.30.4.91: no connection to modbus server
[2025-03-01T08:18:41.940Z] ❌ Error reading register 1000 for IP 10.30.4.91: no connection to modbus server
[2025-03-01T08:18:41.940Z] Error reading actual data: no connection to modbus server
[2025-03-01T08:18:41.941Z] Error writing to Modbus register: no connection to modbus server
[2025-03-01T08:18:42.803Z] Error reading register 3105 for IP 10.30.4.91: no connection to modbus server
[2025-03-01T08:18:42.803Z] ❌ Error reading register 1000 for IP 10.30.4.91: no connection to modbus server
[2025-03-01T08:18:42.803Z] Error reading actual data: no connection to modbus server
[2025-03-01T08:18:42.804Z] Error writing to Modbus register: no connection to modbus server
[2025-03-01T08:18:42.804Z] Error reading register 3105 for IP 10.30.4.91: no connection to modbus server
[2025-03-01T08:18:42.805Z] Error reading actual data: no connection to modbus server
[2025-03-01T08:18:42.805Z] ❌ Error reading register 1000 for IP 10.30.4.91: no connection to modbus server
[2025-03-01T08:18:42.805Z] Error writing to Modbus register: no connection to modbus server
[2025-03-01T08:18:42.805Z] Error reading register 3105 for IP 10.30.4.91: no connection to modbus server
[2025-03-01T08:18:42.806Z] ❌ Error reading register 1000 for IP 10.30.4.91: no connection to modbus server
[2025-03-01T08:18:42.806Z] Error reading actual data: no connection to modbus server
[2025-03-01T08:18:42.806Z] Error writing to Modbus register: no connection to modbus server
[2025-03-01T08:18:42.948Z] Error reading register 3105 for IP 10.30.4.91: no connection to modbus server
[2025-03-01T08:18:42.948Z] ❌ Error reading register 1000 for IP 10.30.4.91: no connection to modbus server
[2025-03-01T08:18:42.948Z] Error reading actual data: no connection to modbus server
[2025-03-01T08:18:42.948Z] Error writing to Modbus register: no connection to modbus server
[2025-03-01T08:18:42.948Z] Error reading register 3105 for IP 10.30.4.91: no connection to modbus server
[2025-03-01T08:18:42.949Z] ❌ Error reading register 1000 for IP 10.30.4.91: no connection to modbus server
[2025-03-01T08:18:42.949Z] Error reading actual data: no connection to modbus server
[2025-03-01T08:18:42.949Z] Error writing to Modbus register: no connection to modbus server
[2025-03-01T08:18:42.949Z] Error reading register 3105 for IP 10.30.4.91: no connection to modbus server
[2025-03-01T08:18:42.949Z] ❌ Error reading register 1000 for IP 10.30.4.91: no connection to modbus server
[2025-03-01T08:18:42.949Z] Error reading actual data: no connection to modbus server
[2025-03-01T08:18:42.950Z] Error writing to Modbus register: no connection to modbus server
[2025-03-01T08:18:43.818Z] Error reading register 3105 for IP 10.30.4.91: no connection to modbus server
[2025-03-01T08:18:43.819Z] ❌ Error reading register 1000 for IP 10.30.4.91: no connection to modbus server
[2025-03-01T08:18:43.822Z] ❌ Error reading register 1000 for IP 10.30.4.91: no connection to modbus server
[2025-03-01T08:18:43.822Z] Error reading actual data: no connection to modbus server
[2025-03-01T08:18:43.822Z] Error writing to Modbus register: no connection to modbus server
[2025-03-01T08:18:43.823Z] Error reading register 3105 for IP 10.30.4.91: no connection to modbus server
[2025-03-01T08:18:43.823Z] ❌ Error reading register 1000 for IP 10.30.4.91: no connection to modbus server
[2025-03-01T08:18:43.823Z] Error reading actual data: no connection to modbus server
[2025-03-01T08:18:43.823Z] Error writing to Modbus register: no connection to modbus server
[2025-03-01T08:18:43.822Z] Error reading register 3105 for IP 10.30.4.91: no connection to modbus server
[2025-03-01T08:18:43.819Z] Error reading actual data: no connection to modbus server
[2025-03-01T08:18:43.820Z] Error writing to Modbus register: no connection to modbus server
[2025-03-01T08:18:43.951Z] Error reading register 3105 for IP 10.30.4.91: no connection to modbus server
[2025-03-01T08:18:43.951Z] ❌ Error reading register 1000 for IP 10.30.4.91: no connection to modbus server
[2025-03-01T08:18:43.951Z] Error reading actual data: no connection to modbus server
[2025-03-01T08:18:43.952Z] Error writing to Modbus register: no connection to modbus server
[2025-03-01T08:18:43.952Z] Error reading register 3105 for IP 10.30.4.91: no connection to modbus server
[2025-03-01T08:18:43.953Z] ❌ Error reading register 1000 for IP 10.30.4.91: no connection to modbus server
[2025-03-01T08:18:43.953Z] Error reading actual data: no connection to modbus server
[2025-03-01T08:18:43.954Z] Error writing to Modbus register: no connection to modbus server
[2025-03-01T08:18:43.954Z] Error reading register 3105 for IP 10.30.4.91: no connection to modbus server
[2025-03-01T08:18:43.954Z] ❌ Error reading register 1000 for IP 10.30.4.91: no connection to modbus server
[2025-03-01T08:18:43.955Z] Error reading actual data: no connection to modbus server
[2025-03-01T08:18:43.955Z] Error writing to Modbus register: no connection to modbus server
[2025-03-01T08:18:44.833Z] ❌ Error reading register 1000 for IP 10.30.4.91: no connection to modbus server
[2025-03-01T08:18:44.832Z] Error reading register 3105 for IP 10.30.4.91: no connection to modbus server
[2025-03-01T08:18:44.834Z] Error writing to Modbus register: no connection to modbus server
[2025-03-01T08:18:44.833Z] Error reading actual data: no connection to modbus server
[2025-03-01T08:18:44.837Z] Error writing to Modbus register: no connection to modbus server
[2025-03-01T08:18:44.837Z] Error reading register 3105 for IP 10.30.4.91: no connection to modbus server
[2025-03-01T08:18:44.837Z] ❌ Error reading register 1000 for IP 10.30.4.91: no connection to modbus server
[2025-03-01T08:18:44.838Z] Error reading actual data: no connection to modbus server
[2025-03-01T08:18:44.838Z] Error writing to Modbus register: no connection to modbus server
[2025-03-01T08:18:44.836Z] ❌ Error reading register 1000 for IP 10.30.4.91: no connection to modbus server
[2025-03-01T08:18:44.836Z] Error reading actual data: no connection to modbus server
[2025-03-01T08:18:44.835Z] Error reading register 3105 for IP 10.30.4.91: no connection to modbus server
[2025-03-01T08:18:44.951Z] Error reading register 3105 for IP 10.30.4.91: no connection to modbus server
[2025-03-01T08:18:44.951Z] ❌ Error reading register 1000 for IP 10.30.4.91: no connection to modbus server
[2025-03-01T08:18:44.951Z] Error reading actual data: no connection to modbus server
[2025-03-01T08:18:44.951Z] Error writing to Modbus register: no connection to modbus server
[2025-03-01T08:18:44.966Z] Error reading register 3105 for IP 10.30.4.91: no connection to modbus server
[2025-03-01T08:18:44.966Z] ❌ Error reading register 1000 for IP 10.30.4.91: no connection to modbus server
[2025-03-01T08:18:44.966Z] Error reading actual data: no connection to modbus server
[2025-03-01T08:18:44.967Z] Error writing to Modbus register: no connection to modbus server
[2025-03-01T08:18:44.967Z] Error reading register 3105 for IP 10.30.4.91: no connection to modbus server
[2025-03-01T08:18:44.967Z] ❌ Error reading register 1000 for IP 10.30.4.91: no connection to modbus server
[2025-03-01T08:18:44.967Z] Error reading actual data: no connection to modbus server
[2025-03-01T08:18:44.968Z] Error writing to Modbus register: no connection to modbus server
[2025-03-01T08:18:45.836Z] Error reading register 3105 for IP 10.30.4.91: no connection to modbus server
[2025-03-01T08:18:45.836Z] ❌ Error reading register 1000 for IP 10.30.4.91: no connection to modbus server
[2025-03-01T08:18:45.836Z] Error reading actual data: no connection to modbus server
[2025-03-01T08:18:45.837Z] Error writing to Modbus register: no connection to modbus server
[2025-03-01T08:18:45.837Z] Error reading register 3105 for IP 10.30.4.91: no connection to modbus server
[2025-03-01T08:18:45.837Z] ❌ Error reading register 1000 for IP 10.30.4.91: no connection to modbus server
[2025-03-01T08:18:45.837Z] Error reading actual data: no connection to modbus server
[2025-03-01T08:18:45.838Z] Error writing to Modbus register: no connection to modbus server
[2025-03-01T08:18:45.839Z] ❌ Error reading register 1000 for IP 10.30.4.91: no connection to modbus server
[2025-03-01T08:18:45.839Z] Error reading register 3105 for IP 10.30.4.91: no connection to modbus server
[2025-03-01T08:18:45.839Z] Error reading actual data: no connection to modbus server
[2025-03-01T08:18:45.839Z] Error writing to Modbus register: no connection to modbus server
[2025-03-01T08:18:45.953Z] Error reading register 3105 for IP 10.30.4.91: no connection to modbus server
[2025-03-01T08:18:45.953Z] ❌ Error reading register 1000 for IP 10.30.4.91: no connection to modbus server
[2025-03-01T08:18:45.954Z] Error writing to Modbus register: no connection to modbus server
[2025-03-01T08:18:45.953Z] Error reading actual data: no connection to modbus server
[2025-03-01T08:18:45.968Z] ❌ Error reading register 1000 for IP 10.30.4.91: no connection to modbus server
[2025-03-01T08:18:45.968Z] Error reading actual data: no connection to modbus server
[2025-03-01T08:18:45.968Z] Error reading register 3105 for IP 10.30.4.91: no connection to modbus server
[2025-03-01T08:18:45.969Z] Error writing to Modbus register: no connection to modbus server
[2025-03-01T08:18:45.969Z] Error reading register 3105 for IP 10.30.4.91: no connection to modbus server
[2025-03-01T08:18:45.970Z] Error reading actual data: no connection to modbus server
[2025-03-01T08:18:45.970Z] ❌ Error reading register 1000 for IP 10.30.4.91: no connection to modbus server
[2025-03-01T08:18:45.970Z] Error writing to Modbus register: no connection to modbus server
[2025-03-01T08:18:46.851Z] ❌ Error reading register 1000 for IP 10.30.4.91: no connection to modbus server
[2025-03-01T08:18:46.852Z] Error writing to Modbus register: no connection to modbus server
[2025-03-01T08:18:46.852Z] Error reading actual data: no connection to modbus server
[2025-03-01T08:18:46.853Z] Error reading register 3105 for IP 10.30.4.91: no connection to modbus server
[2025-03-01T08:18:46.854Z] ❌ Error reading register 1000 for IP 10.30.4.91: no connection to modbus server
[2025-03-01T08:18:46.851Z] Error reading register 3105 for IP 10.30.4.91: no connection to modbus server
[2025-03-01T08:18:46.854Z] Error reading actual data: no connection to modbus server
[2025-03-01T08:18:46.855Z] Error writing to Modbus register: no connection to modbus server
[2025-03-01T08:18:46.856Z] Error reading register 3105 for IP 10.30.4.91: no connection to modbus server
[2025-03-01T08:18:46.856Z] ❌ Error reading register 1000 for IP 10.30.4.91: no connection to modbus server
[2025-03-01T08:18:46.856Z] Error reading actual data: no connection to modbus server
[2025-03-01T08:18:46.856Z] Error writing to Modbus register: no connection to modbus server
[2025-03-01T08:18:46.957Z] Error reading register 3105 for IP 10.30.4.91: no connection to modbus server
[2025-03-01T08:18:46.957Z] ❌ Error reading register 1000 for IP 10.30.4.91: no connection to modbus server
[2025-03-01T08:18:46.958Z] Error writing to Modbus register: no connection to modbus server
[2025-03-01T08:18:46.957Z] Error reading actual data: no connection to modbus server
[2025-03-01T08:18:46.983Z] Error reading register 3105 for IP 10.30.4.91: no connection to modbus server
[2025-03-01T08:18:46.983Z] ❌ Error reading register 1000 for IP 10.30.4.91: no connection to modbus server
[2025-03-01T08:18:46.983Z] Error reading actual data: no connection to modbus server
[2025-03-01T08:18:46.984Z] Error writing to Modbus register: no connection to modbus server
[2025-03-01T08:18:46.985Z] Error reading register 3105 for IP 10.30.4.91: no connection to modbus server
[2025-03-01T08:18:46.985Z] ❌ Error reading register 1000 for IP 10.30.4.91: no connection to modbus server
[2025-03-01T08:18:46.985Z] Error reading actual data: no connection to modbus server
[2025-03-01T08:18:46.986Z] Error writing to Modbus register: no connection to modbus server
[2025-03-01T08:18:47.869Z] Error reading register 3105 for IP 10.30.4.91: no connection to modbus server
[2025-03-01T08:18:47.869Z] ❌ Error reading register 1000 for IP 10.30.4.91: no connection to modbus server
[2025-03-01T08:18:47.872Z] Error reading register 3105 for IP 10.30.4.91: no connection to modbus server
[2025-03-01T08:18:47.871Z] Error writing to Modbus register: no connection to modbus server
[2025-03-01T08:18:47.870Z] Error reading actual data: no connection to modbus server
[2025-03-01T08:18:47.873Z] Error reading register 3105 for IP 10.30.4.91: no connection to modbus server
[2025-03-01T08:18:47.873Z] ❌ Error reading register 1000 for IP 10.30.4.91: no connection to modbus server
[2025-03-01T08:18:47.873Z] Error reading actual data: no connection to modbus server
[2025-03-01T08:18:47.873Z] Error writing to Modbus register: no connection to modbus server
[2025-03-01T08:18:47.872Z] Error reading actual data: no connection to modbus server
[2025-03-01T08:18:47.872Z] ❌ Error reading register 1000 for IP 10.30.4.91: no connection to modbus server
[2025-03-01T08:18:47.873Z] Error writing to Modbus register: no connection to modbus server
[2025-03-01T08:18:47.962Z] Error reading register 3105 for IP 10.30.4.91: no connection to modbus server
[2025-03-01T08:18:47.963Z] ❌ Error reading register 1000 for IP 10.30.4.91: no connection to modbus server
[2025-03-01T08:18:47.963Z] Error writing to Modbus register: no connection to modbus server
[2025-03-01T08:18:47.963Z] Error reading actual data: no connection to modbus server
[2025-03-01T08:18:47.984Z] Error reading register 3105 for IP 10.30.4.91: no connection to modbus server
[2025-03-01T08:18:47.984Z] Error reading actual data: no connection to modbus server
[2025-03-01T08:18:47.984Z] ❌ Error reading register 1000 for IP 10.30.4.91: no connection to modbus server
[2025-03-01T08:18:47.984Z] Error writing to Modbus register: no connection to modbus server
[2025-03-01T08:18:47.985Z] Error reading register 3105 for IP 10.30.4.91: no connection to modbus server
[2025-03-01T08:18:47.985Z] ❌ Error reading register 1000 for IP 10.30.4.91: no connection to modbus server
[2025-03-01T08:18:47.986Z] Error reading actual data: no connection to modbus server
[2025-03-01T08:18:47.986Z] Error writing to Modbus register: no connection to modbus server
[2025-03-01T08:18:48.869Z] Error reading register 3105 for IP 10.30.4.91: no connection to modbus server
[2025-03-01T08:18:48.869Z] ❌ Error reading register 1000 for IP 10.30.4.91: no connection to modbus server
[2025-03-01T08:18:48.869Z] Error reading actual data: no connection to modbus server
[2025-03-01T08:18:48.871Z] Error writing to Modbus register: no connection to modbus server
[2025-03-01T08:18:48.871Z] Error reading register 3105 for IP 10.30.4.91: no connection to modbus server
[2025-03-01T08:18:48.872Z] ❌ Error reading register 1000 for IP 10.30.4.91: no connection to modbus server
[2025-03-01T08:18:48.872Z] Error reading actual data: no connection to modbus server
[2025-03-01T08:18:48.872Z] Error writing to Modbus register: no connection to modbus server
[2025-03-01T08:18:48.873Z] Error reading register 3105 for IP 10.30.4.91: no connection to modbus server
[2025-03-01T08:18:48.873Z] ❌ Error reading register 1000 for IP 10.30.4.91: no connection to modbus server
[2025-03-01T08:18:48.873Z] Error reading actual data: no connection to modbus server
[2025-03-01T08:18:48.874Z] Error writing to Modbus register: no connection to modbus server
[2025-03-01T08:18:48.965Z] ❌ Error reading register 1000 for IP 10.30.4.91: no connection to modbus server
[2025-03-01T08:18:48.965Z] Error reading actual data: no connection to modbus server
[2025-03-01T08:18:48.966Z] Error writing to Modbus register: no connection to modbus server
[2025-03-01T08:18:48.965Z] Error reading register 3105 for IP 10.30.4.91: no connection to modbus server
[2025-03-01T08:18:48.984Z] Error reading register 3105 for IP 10.30.4.91: no connection to modbus server
[2025-03-01T08:18:48.984Z] ❌ Error reading register 1000 for IP 10.30.4.91: no connection to modbus server
[2025-03-01T08:18:48.984Z] Error reading actual data: no connection to modbus server
[2025-03-01T08:18:48.984Z] Error writing to Modbus register: no connection to modbus server
[2025-03-01T08:18:49.000Z] Error reading register 3105 for IP 10.30.4.91: no connection to modbus server
[2025-03-01T08:18:49.000Z] ❌ Error reading register 1000 for IP 10.30.4.91: no connection to modbus server
[2025-03-01T08:18:49.000Z] Error reading actual data: no connection to modbus server
[2025-03-01T08:18:49.000Z] Error writing to Modbus register: no connection to modbus server
[2025-03-01T08:18:49.885Z] Error reading register 3105 for IP 10.30.4.91: no connection to modbus server
[2025-03-01T08:18:49.886Z] ❌ Error reading register 1000 for IP 10.30.4.91: no connection to modbus server
[2025-03-01T08:18:49.886Z] Error reading actual data: no connection to modbus server
[2025-03-01T08:18:49.887Z] Error writing to Modbus register: no connection to modbus server
[2025-03-01T08:18:49.888Z] Error reading register 3105 for IP 10.30.4.91: no connection to modbus server
[2025-03-01T08:18:49.888Z] ❌ Error reading register 1000 for IP 10.30.4.91: no connection to modbus server
[2025-03-01T08:18:49.888Z] Error reading actual data: no connection to modbus server
[2025-03-01T08:18:49.889Z] Error writing to Modbus register: no connection to modbus server
[2025-03-01T08:18:49.890Z] Error reading register 3105 for IP 10.30.4.91: no connection to modbus server
[2025-03-01T08:18:49.890Z] ❌ Error reading register 1000 for IP 10.30.4.91: no connection to modbus server
[2025-03-01T08:18:49.890Z] Error reading actual data: no connection to modbus server
[2025-03-01T08:18:49.890Z] Error writing to Modbus register: no connection to modbus server
[2025-03-01T08:18:49.968Z] ❌ Error reading register 1000 for IP 10.30.4.91: no connection to modbus server
[2025-03-01T08:18:49.968Z] Error writing to Modbus register: no connection to modbus server
[2025-03-01T08:18:49.967Z] Error reading register 3105 for IP 10.30.4.91: no connection to modbus server
[2025-03-01T08:18:49.968Z] Error reading actual data: no connection to modbus server
[2025-03-01T08:18:49.984Z] Error reading register 3105 for IP 10.30.4.91: no connection to modbus server
[2025-03-01T08:18:49.984Z] ❌ Error reading register 1000 for IP 10.30.4.91: no connection to modbus server
[2025-03-01T08:18:49.984Z] Error reading actual data: no connection to modbus server
[2025-03-01T08:18:49.984Z] Error writing to Modbus register: no connection to modbus server
[2025-03-01T08:18:50.000Z] Error reading register 3105 for IP 10.30.4.91: no connection to modbus server
[2025-03-01T08:18:50.000Z] ❌ Error reading register 1000 for IP 10.30.4.91: no connection to modbus server
[2025-03-01T08:18:50.001Z] Error reading actual data: no connection to modbus server
[2025-03-01T08:18:50.001Z] Error writing to Modbus register: no connection to modbus server
[2025-03-01T08:18:50.886Z] Error reading register 3105 for IP 10.30.4.91: no connection to modbus server
[2025-03-01T08:18:50.886Z] ❌ Error reading register 1000 for IP 10.30.4.91: no connection to modbus server
[2025-03-01T08:18:50.887Z] Error reading actual data: no connection to modbus server
[2025-03-01T08:18:50.888Z] Error writing to Modbus register: no connection to modbus server
[2025-03-01T08:18:50.889Z] Error reading register 3105 for IP 10.30.4.91: no connection to modbus server
[2025-03-01T08:18:50.890Z] ❌ Error reading register 1000 for IP 10.30.4.91: no connection to modbus server
[2025-03-01T08:18:50.890Z] Error reading actual data: no connection to modbus server
[2025-03-01T08:18:50.890Z] Error writing to Modbus register: no connection to modbus server
[2025-03-01T08:18:50.891Z] ❌ Error reading register 1000 for IP 10.30.4.91: no connection to modbus server
[2025-03-01T08:18:50.891Z] Error reading register 3105 for IP 10.30.4.91: no connection to modbus server
[2025-03-01T08:18:50.891Z] Error reading actual data: no connection to modbus server
[2025-03-01T08:18:50.891Z] Error writing to Modbus register: no connection to modbus server
[2025-03-01T08:18:50.982Z] Error reading register 3105 for IP 10.30.4.91: no connection to modbus server
[2025-03-01T08:18:50.982Z] Error reading actual data: no connection to modbus server
[2025-03-01T08:18:50.982Z] ❌ Error reading register 1000 for IP 10.30.4.91: no connection to modbus server
[2025-03-01T08:18:50.983Z] Error writing to Modbus register: no connection to modbus server
[2025-03-01T08:18:50.983Z] Error reading register 3105 for IP 10.30.4.91: no connection to modbus server
[2025-03-01T08:18:50.983Z] ❌ Error reading register 1000 for IP 10.30.4.91: no connection to modbus server
[2025-03-01T08:18:50.984Z] Error reading actual data: no connection to modbus server
[2025-03-01T08:18:50.984Z] Error writing to Modbus register: no connection to modbus server
[2025-03-01T08:18:51.016Z] Error reading register 3105 for IP 10.30.4.91: no connection to modbus server
[2025-03-01T08:18:51.016Z] ❌ Error reading register 1000 for IP 10.30.4.91: no connection to modbus server
[2025-03-01T08:18:51.017Z] Error reading actual data: no connection to modbus server
[2025-03-01T08:18:51.017Z] Error writing to Modbus register: no connection to modbus server
[2025-03-01T08:18:51.886Z] Error reading register 3105 for IP 10.30.4.91: no connection to modbus server
[2025-03-01T08:18:51.887Z] ❌ Error reading register 1000 for IP 10.30.4.91: no connection to modbus server
[2025-03-01T08:18:51.887Z] Error reading actual data: no connection to modbus server
[2025-03-01T08:18:51.888Z] Error writing to Modbus register: no connection to modbus server
[2025-03-01T08:18:51.890Z] Error reading register 3105 for IP 10.30.4.91: no connection to modbus server
[2025-03-01T08:18:51.890Z] ❌ Error reading register 1000 for IP 10.30.4.91: no connection to modbus server
[2025-03-01T08:18:51.891Z] Error reading actual data: no connection to modbus server
[2025-03-01T08:18:51.892Z] Error writing to Modbus register: no connection to modbus server
[2025-03-01T08:18:51.893Z] Error reading register 3105 for IP 10.30.4.91: no connection to modbus server
[2025-03-01T08:18:51.893Z] ❌ Error reading register 1000 for IP 10.30.4.91: no connection to modbus server
[2025-03-01T08:18:51.894Z] Error reading actual data: no connection to modbus server
[2025-03-01T08:18:51.894Z] Error writing to Modbus register: no connection to modbus server
[2025-03-01T08:18:51.983Z] Error reading register 3105 for IP 10.30.4.91: no connection to modbus server
[2025-03-01T08:18:51.983Z] ❌ Error reading register 1000 for IP 10.30.4.91: no connection to modbus server
[2025-03-01T08:18:51.983Z] Error writing to Modbus register: no connection to modbus server
[2025-03-01T08:18:51.983Z] Error reading actual data: no connection to modbus server
[2025-03-01T08:18:51.985Z] Error reading register 3105 for IP 10.30.4.91: no connection to modbus server
[2025-03-01T08:18:51.985Z] ❌ Error reading register 1000 for IP 10.30.4.91: no connection to modbus server
[2025-03-01T08:18:51.985Z] Error writing to Modbus register: no connection to modbus server
[2025-03-01T08:18:51.985Z] Error reading actual data: no connection to modbus server
[2025-03-01T08:18:52.026Z] Error reading register 3105 for IP 10.30.4.91: no connection to modbus server
[2025-03-01T08:18:52.027Z] ❌ Error reading register 1000 for IP 10.30.4.91: no connection to modbus server
[2025-03-01T08:18:52.027Z] Error writing to Modbus register: no connection to modbus server
[2025-03-01T08:18:52.027Z] Error reading actual data: no connection to modbus server
[2025-03-01T08:18:52.898Z] Error reading register 3105 for IP 10.30.4.91: no connection to modbus server
[2025-03-01T08:18:52.899Z] ❌ Error reading register 1000 for IP 10.30.4.91: no connection to modbus server
[2025-03-01T08:18:52.901Z] Error writing to Modbus register: no connection to modbus server
[2025-03-01T08:18:52.899Z] Error reading actual data: no connection to modbus server
[2025-03-01T08:18:52.902Z] Error reading register 3105 for IP 10.30.4.91: no connection to modbus server
[2025-03-01T08:18:52.902Z] ❌ Error reading register 1000 for IP 10.30.4.91: no connection to modbus server
[2025-03-01T08:18:52.903Z] Error reading actual data: no connection to modbus server
[2025-03-01T08:18:52.904Z] Error writing to Modbus register: no connection to modbus server
[2025-03-01T08:18:52.905Z] Error reading register 3105 for IP 10.30.4.91: no connection to modbus server
[2025-03-01T08:18:52.905Z] ❌ Error reading register 1000 for IP 10.30.4.91: no connection to modbus server
[2025-03-01T08:18:52.905Z] Error reading actual data: no connection to modbus server
[2025-03-01T08:18:52.906Z] Error writing to Modbus register: no connection to modbus server
[2025-03-01T08:18:52.984Z] Error reading register 3105 for IP 10.30.4.91: no connection to modbus server
[2025-03-01T08:18:52.985Z] ❌ Error reading register 1000 for IP 10.30.4.91: no connection to modbus server
[2025-03-01T08:18:52.985Z] Error writing to Modbus register: no connection to modbus server
[2025-03-01T08:18:52.985Z] Error reading actual data: no connection to modbus server
[2025-03-01T08:18:52.999Z] Error reading register 3105 for IP 10.30.4.91: no connection to modbus server
[2025-03-01T08:18:52.999Z] ❌ Error reading register 1000 for IP 10.30.4.91: no connection to modbus server
[2025-03-01T08:18:52.999Z] Error reading actual data: no connection to modbus server
[2025-03-01T08:18:53.000Z] Error writing to Modbus register: no connection to modbus server
[2025-03-01T08:18:53.031Z] Error reading register 3105 for IP 10.30.4.91: no connection to modbus server
[2025-03-01T08:18:53.031Z] ❌ Error reading register 1000 for IP 10.30.4.91: no connection to modbus server
[2025-03-01T08:18:53.031Z] Error reading actual data: no connection to modbus server
[2025-03-01T08:18:53.032Z] Error writing to Modbus register: no connection to modbus server
[2025-03-01T08:18:53.899Z] Error reading register 3105 for IP 10.30.4.91: no connection to modbus server
[2025-03-01T08:18:53.899Z] ❌ Error reading register 1000 for IP 10.30.4.91: no connection to modbus server
[2025-03-01T08:18:53.899Z] Error reading actual data: no connection to modbus server
[2025-03-01T08:18:53.901Z] Error writing to Modbus register: no connection to modbus server
[2025-03-01T08:18:53.901Z] Error reading register 3105 for IP 10.30.4.91: no connection to modbus server
[2025-03-01T08:18:53.901Z] ❌ Error reading register 1000 for IP 10.30.4.91: no connection to modbus server
[2025-03-01T08:18:53.901Z] Error reading actual data: no connection to modbus server
[2025-03-01T08:18:53.915Z] Error reading register 3105 for IP 10.30.4.91: no connection to modbus server
[2025-03-01T08:18:53.914Z] Error writing to Modbus register: no connection to modbus server
[2025-03-01T08:18:53.915Z] ❌ Error reading register 1000 for IP 10.30.4.91: no connection to modbus server
[2025-03-01T08:18:53.915Z] Error reading actual data: no connection to modbus server
[2025-03-01T08:18:53.916Z] Error writing to Modbus register: no connection to modbus server
[2025-03-01T08:18:53.985Z] Error reading register 3105 for IP 10.30.4.91: no connection to modbus server
[2025-03-01T08:18:53.985Z] ❌ Error reading register 1000 for IP 10.30.4.91: no connection to modbus server
[2025-03-01T08:18:53.985Z] Error reading actual data: no connection to modbus server
[2025-03-01T08:18:53.985Z] Error writing to Modbus register: no connection to modbus server
[2025-03-01T08:18:54.014Z] Error reading register 3105 for IP 10.30.4.91: no connection to modbus server
[2025-03-01T08:18:54.014Z] ❌ Error reading register 1000 for IP 10.30.4.91: no connection to modbus server
[2025-03-01T08:18:54.014Z] Error reading actual data: no connection to modbus server
[2025-03-01T08:18:54.014Z] Error writing to Modbus register: no connection to modbus server
[2025-03-01T08:18:54.045Z] Error reading register 3105 for IP 10.30.4.91: no connection to modbus server
[2025-03-01T08:18:54.045Z] ❌ Error reading register 1000 for IP 10.30.4.91: no connection to modbus server
[2025-03-01T08:18:54.045Z] Error reading actual data: no connection to modbus server
[2025-03-01T08:18:54.046Z] Error writing to Modbus register: no connection to modbus server
[2025-03-01T08:18:54.900Z] Error reading register 3105 for IP 10.30.4.91: no connection to modbus server
[2025-03-01T08:18:54.901Z] ❌ Error reading register 1000 for IP 10.30.4.91: no connection to modbus server
[2025-03-01T08:18:54.901Z] Error reading actual data: no connection to modbus server
[2025-03-01T08:18:54.903Z] Error writing to Modbus register: no connection to modbus server
[2025-03-01T08:18:54.904Z] Error reading register 3105 for IP 10.30.4.91: no connection to modbus server
[2025-03-01T08:18:54.904Z] ❌ Error reading register 1000 for IP 10.30.4.91: no connection to modbus server
[2025-03-01T08:18:54.905Z] Error reading actual data: no connection to modbus server
[2025-03-01T08:18:54.917Z] Error writing to Modbus register: no connection to modbus server
[2025-03-01T08:18:54.918Z] Error reading register 3105 for IP 10.30.4.91: no connection to modbus server
[2025-03-01T08:18:54.919Z] Error reading actual data: no connection to modbus server
[2025-03-01T08:18:54.918Z] ❌ Error reading register 1000 for IP 10.30.4.91: no connection to modbus server
[2025-03-01T08:18:54.919Z] Error writing to Modbus register: no connection to modbus server
[2025-03-01T08:18:54.994Z] Error reading register 3105 for IP 10.30.4.91: no connection to modbus server
[2025-03-01T08:18:54.994Z] ❌ Error reading register 1000 for IP 10.30.4.91: no connection to modbus server
[2025-03-01T08:18:54.994Z] Error reading actual data: no connection to modbus server
[2025-03-01T08:18:54.994Z] Error writing to Modbus register: no connection to modbus server
[2025-03-01T08:18:55.024Z] Error reading register 3105 for IP 10.30.4.91: no connection to modbus server
[2025-03-01T08:18:55.024Z] ❌ Error reading register 1000 for IP 10.30.4.91: no connection to modbus server
[2025-03-01T08:18:55.025Z] Error reading actual data: no connection to modbus server
[2025-03-01T08:18:55.025Z] Error writing to Modbus register: no connection to modbus server
[2025-03-01T08:18:55.051Z] Error reading register 3105 for IP 10.30.4.91: no connection to modbus server
[2025-03-01T08:18:55.051Z] ❌ Error reading register 1000 for IP 10.30.4.91: no connection to modbus server
[2025-03-01T08:18:55.052Z] Error reading actual data: no connection to modbus server
[2025-03-01T08:18:55.053Z] Error writing to Modbus register: no connection to modbus server
[2025-03-01T08:18:55.901Z] Error reading register 3105 for IP 10.30.4.91: no connection to modbus server
[2025-03-01T08:18:55.902Z] ❌ Error reading register 1000 for IP 10.30.4.91: no connection to modbus server
[2025-03-01T08:18:55.902Z] Error reading actual data: no connection to modbus server
[2025-03-01T08:18:55.904Z] Error writing to Modbus register: no connection to modbus server
[2025-03-01T08:18:55.906Z] Error reading register 3105 for IP 10.30.4.91: no connection to modbus server
[2025-03-01T08:18:55.906Z] ❌ Error reading register 1000 for IP 10.30.4.91: no connection to modbus server
[2025-03-01T08:18:55.906Z] Error reading actual data: no connection to modbus server
[2025-03-01T08:18:55.918Z] Error writing to Modbus register: no connection to modbus server
[2025-03-01T08:18:55.921Z] Error reading register 3105 for IP 10.30.4.91: no connection to modbus server
[2025-03-01T08:18:55.921Z] ❌ Error reading register 1000 for IP 10.30.4.91: no connection to modbus server
[2025-03-01T08:18:55.922Z] Error reading actual data: no connection to modbus server
[2025-03-01T08:18:55.923Z] Error writing to Modbus register: no connection to modbus server
[2025-03-01T08:18:56.001Z] ❌ Error reading register 1000 for IP 10.30.4.91: no connection to modbus server
[2025-03-01T08:18:56.000Z] Error reading register 3105 for IP 10.30.4.91: no connection to modbus server
[2025-03-01T08:18:56.001Z] Error writing to Modbus register: no connection to modbus server
[2025-03-01T08:18:56.001Z] Error reading actual data: no connection to modbus server
[2025-03-01T08:18:56.025Z] Error reading register 3105 for IP 10.30.4.91: no connection to modbus server
[2025-03-01T08:18:56.026Z] ❌ Error reading register 1000 for IP 10.30.4.91: no connection to modbus server
[2025-03-01T08:18:56.026Z] Error reading actual data: no connection to modbus server
[2025-03-01T08:18:56.026Z] Error writing to Modbus register: no connection to modbus server
[2025-03-01T08:18:56.056Z] Error reading register 3105 for IP 10.30.4.91: no connection to modbus server
[2025-03-01T08:18:56.056Z] ❌ Error reading register 1000 for IP 10.30.4.91: no connection to modbus server
[2025-03-01T08:18:56.056Z] Error reading actual data: no connection to modbus server
[2025-03-01T08:18:56.056Z] Error writing to Modbus register: no connection to modbus server
[2025-03-01T08:18:56.901Z] Error reading register 3105 for IP 10.30.4.91: no connection to modbus server
[2025-03-01T08:18:56.901Z] ❌ Error reading register 1000 for IP 10.30.4.91: no connection to modbus server
[2025-03-01T08:18:56.901Z] Error reading actual data: no connection to modbus server
[2025-03-01T08:18:56.917Z] Error writing to Modbus register: no connection to modbus server
[2025-03-01T08:18:56.918Z] Error reading register 3105 for IP 10.30.4.91: no connection to modbus server
[2025-03-01T08:18:56.918Z] ❌ Error reading register 1000 for IP 10.30.4.91: no connection to modbus server
[2025-03-01T08:18:56.919Z] Error reading actual data: no connection to modbus server
[2025-03-01T08:18:56.920Z] Error writing to Modbus register: no connection to modbus server
[2025-03-01T08:18:56.921Z] Error reading register 3105 for IP 10.30.4.91: no connection to modbus server
[2025-03-01T08:18:56.921Z] ❌ Error reading register 1000 for IP 10.30.4.91: no connection to modbus server
[2025-03-01T08:18:56.921Z] Error reading actual data: no connection to modbus server
[2025-03-01T08:18:56.922Z] Error writing to Modbus register: no connection to modbus server
[2025-03-01T08:18:57.011Z] Error reading register 3105 for IP 10.30.4.91: no connection to modbus server
[2025-03-01T08:18:57.011Z] ❌ Error reading register 1000 for IP 10.30.4.91: no connection to modbus server
[2025-03-01T08:18:57.011Z] Error reading actual data: no connection to modbus server
[2025-03-01T08:18:57.012Z] Error writing to Modbus register: no connection to modbus server
[2025-03-01T08:18:57.033Z] ❌ Error reading register 1000 for IP 10.30.4.91: no connection to modbus server
[2025-03-01T08:18:57.033Z] Error reading register 3105 for IP 10.30.4.91: no connection to modbus server
[2025-03-01T08:18:57.033Z] Error reading actual data: no connection to modbus server
[2025-03-01T08:18:57.034Z] Error writing to Modbus register: no connection to modbus server
[2025-03-01T08:18:57.057Z] Error reading register 3105 for IP 10.30.4.91: no connection to modbus server
[2025-03-01T08:18:57.057Z] ❌ Error reading register 1000 for IP 10.30.4.91: no connection to modbus server
[2025-03-01T08:18:57.057Z] Error reading actual data: no connection to modbus server
[2025-03-01T08:18:57.058Z] Error writing to Modbus register: no connection to modbus server
[2025-03-01T08:18:57.918Z] Error reading register 3105 for IP 10.30.4.91: no connection to modbus server
[2025-03-01T08:18:57.919Z] ❌ Error reading register 1000 for IP 10.30.4.91: no connection to modbus server
[2025-03-01T08:18:57.920Z] Error reading actual data: no connection to modbus server
[2025-03-01T08:18:57.921Z] Error writing to Modbus register: no connection to modbus server
[2025-03-01T08:18:57.922Z] Error reading register 3105 for IP 10.30.4.91: no connection to modbus server
[2025-03-01T08:18:57.923Z] ❌ Error reading register 1000 for IP 10.30.4.91: no connection to modbus server
[2025-03-01T08:18:57.923Z] Error reading actual data: no connection to modbus server
[2025-03-01T08:18:57.923Z] Error writing to Modbus register: no connection to modbus server
[2025-03-01T08:18:57.924Z] Error reading register 3105 for IP 10.30.4.91: no connection to modbus server
[2025-03-01T08:18:57.924Z] ❌ Error reading register 1000 for IP 10.30.4.91: no connection to modbus server
[2025-03-01T08:18:57.924Z] Error reading actual data: no connection to modbus server
[2025-03-01T08:18:57.925Z] Error writing to Modbus register: no connection to modbus server
[2025-03-01T08:18:58.017Z] Error reading register 3105 for IP 10.30.4.91: no connection to modbus server
[2025-03-01T08:18:58.017Z] ❌ Error reading register 1000 for IP 10.30.4.91: no connection to modbus server
[2025-03-01T08:18:58.017Z] Error reading actual data: no connection to modbus server
[2025-03-01T08:18:58.018Z] Error writing to Modbus register: no connection to modbus server
[2025-03-01T08:18:58.034Z] Error reading register 3105 for IP 10.30.4.91: no connection to modbus server
[2025-03-01T08:18:58.035Z] ❌ Error reading register 1000 for IP 10.30.4.91: no connection to modbus server
[2025-03-01T08:18:58.035Z] Error reading actual data: no connection to modbus server
[2025-03-01T08:18:58.035Z] Error writing to Modbus register: no connection to modbus server
[2025-03-01T08:18:58.066Z] Error reading register 3105 for IP 10.30.4.91: no connection to modbus server
[2025-03-01T08:18:58.066Z] ❌ Error reading register 1000 for IP 10.30.4.91: no connection to modbus server
[2025-03-01T08:18:58.067Z] Error reading actual data: no connection to modbus server
[2025-03-01T08:18:58.067Z] Error writing to Modbus register: no connection to modbus server
[2025-03-01T08:18:58.932Z] Error reading register 3105 for IP 10.30.4.91: no connection to modbus server
[2025-03-01T08:18:58.933Z] ❌ Error reading register 1000 for IP 10.30.4.91: no connection to modbus server
[2025-03-01T08:18:58.933Z] Error reading actual data: no connection to modbus server
[2025-03-01T08:18:58.933Z] Error writing to Modbus register: no connection to modbus server
[2025-03-01T08:18:58.934Z] Error reading register 3105 for IP 10.30.4.91: no connection to modbus server
[2025-03-01T08:18:58.934Z] ❌ Error reading register 1000 for IP 10.30.4.91: no connection to modbus server
[2025-03-01T08:18:58.934Z] Error reading actual data: no connection to modbus server
[2025-03-01T08:18:58.935Z] Error writing to Modbus register: no connection to modbus server
[2025-03-01T08:18:58.936Z] Error reading register 3105 for IP 10.30.4.91: no connection to modbus server
[2025-03-01T08:18:58.936Z] ❌ Error reading register 1000 for IP 10.30.4.91: no connection to modbus server
[2025-03-01T08:18:58.936Z] Error reading actual data: no connection to modbus server
[2025-03-01T08:18:58.936Z] Error writing to Modbus register: no connection to modbus server
[2025-03-01T08:18:59.029Z] Error reading register 3105 for IP 10.30.4.91: no connection to modbus server
[2025-03-01T08:18:59.029Z] ❌ Error reading register 1000 for IP 10.30.4.91: no connection to modbus server
[2025-03-01T08:18:59.029Z] Error reading actual data: no connection to modbus server
[2025-03-01T08:18:59.029Z] Error writing to Modbus register: no connection to modbus server
[2025-03-01T08:18:59.044Z] Error reading register 3105 for IP 10.30.4.91: no connection to modbus server
[2025-03-01T08:18:59.044Z] ❌ Error reading register 1000 for IP 10.30.4.91: no connection to modbus server
[2025-03-01T08:18:59.044Z] Error reading actual data: no connection to modbus server
[2025-03-01T08:18:59.044Z] Error writing to Modbus register: no connection to modbus server
[2025-03-01T08:18:59.067Z] ❌ Error reading register 1000 for IP 10.30.4.91: no connection to modbus server
[2025-03-01T08:18:59.067Z] Error reading register 3105 for IP 10.30.4.91: no connection to modbus server
[2025-03-01T08:18:59.067Z] Error reading actual data: no connection to modbus server
[2025-03-01T08:18:59.068Z] Error writing to Modbus register: no connection to modbus server
[2025-03-01T08:18:59.952Z] Error reading register 3105 for IP 10.30.4.91: no connection to modbus server
[2025-03-01T08:18:59.952Z] ❌ Error reading register 1000 for IP 10.30.4.91: no connection to modbus server
[2025-03-01T08:18:59.953Z] Error reading actual data: no connection to modbus server
[2025-03-01T08:18:59.954Z] Error writing to Modbus register: no connection to modbus server
[2025-03-01T08:18:59.955Z] Error reading register 3105 for IP 10.30.4.91: no connection to modbus server
[2025-03-01T08:18:59.956Z] ❌ Error reading register 1000 for IP 10.30.4.91: no connection to modbus server
[2025-03-01T08:18:59.956Z] Error reading actual data: no connection to modbus server
[2025-03-01T08:18:59.957Z] Error writing to Modbus register: no connection to modbus server
[2025-03-01T08:18:59.958Z] Error reading register 3105 for IP 10.30.4.91: no connection to modbus server
[2025-03-01T08:18:59.959Z] ❌ Error reading register 1000 for IP 10.30.4.91: no connection to modbus server
[2025-03-01T08:18:59.959Z] Error reading actual data: no connection to modbus server
[2025-03-01T08:18:59.960Z] Error writing to Modbus register: no connection to modbus server
[2025-03-01T08:19:00.034Z] Error reading register 3105 for IP 10.30.4.91: no connection to modbus server
[2025-03-01T08:19:00.034Z] ❌ Error reading register 1000 for IP 10.30.4.91: no connection to modbus server
[2025-03-01T08:19:00.034Z] Error reading actual data: no connection to modbus server
[2025-03-01T08:19:00.035Z] Error writing to Modbus register: no connection to modbus server
[2025-03-01T08:19:00.048Z] Error reading register 3105 for IP 10.30.4.91: no connection to modbus server
[2025-03-01T08:19:00.048Z] ❌ Error reading register 1000 for IP 10.30.4.91: no connection to modbus server
[2025-03-01T08:19:00.049Z] Error reading actual data: no connection to modbus server
[2025-03-01T08:19:00.049Z] Error writing to Modbus register: no connection to modbus server
[2025-03-01T08:19:00.068Z] Error reading register 3105 for IP 10.30.4.91: no connection to modbus server
[2025-03-01T08:19:00.068Z] ❌ Error reading register 1000 for IP 10.30.4.91: no connection to modbus server
[2025-03-01T08:19:00.068Z] Error reading actual data: no connection to modbus server
[2025-03-01T08:19:00.069Z] Error writing to Modbus register: no connection to modbus server
[2025-03-01T08:19:00.966Z] Error reading register 3105 for IP 10.30.4.91: no connection to modbus server
[2025-03-01T08:19:00.967Z] ❌ Error reading register 1000 for IP 10.30.4.91: no connection to modbus server
[2025-03-01T08:19:00.968Z] Error writing to Modbus register: no connection to modbus server
[2025-03-01T08:19:00.970Z] Error reading register 3105 for IP 10.30.4.91: no connection to modbus server
[2025-03-01T08:19:00.967Z] Error reading actual data: no connection to modbus server
[2025-03-01T08:19:00.971Z] Error reading register 3105 for IP 10.30.4.91: no connection to modbus server
[2025-03-01T08:19:00.972Z] ❌ Error reading register 1000 for IP 10.30.4.91: no connection to modbus server
[2025-03-01T08:19:00.972Z] Error reading actual data: no connection to modbus server
[2025-03-01T08:19:00.972Z] Error writing to Modbus register: no connection to modbus server
[2025-03-01T08:19:00.971Z] Error writing to Modbus register: no connection to modbus server
[2025-03-01T08:19:00.970Z] ❌ Error reading register 1000 for IP 10.30.4.91: no connection to modbus server
[2025-03-01T08:19:00.970Z] Error reading actual data: no connection to modbus server
[2025-03-01T08:19:01.046Z] Error reading register 3105 for IP 10.30.4.91: no connection to modbus server
[2025-03-01T08:19:01.047Z] Error reading actual data: no connection to modbus server
[2025-03-01T08:19:01.047Z] ❌ Error reading register 1000 for IP 10.30.4.91: no connection to modbus server
[2025-03-01T08:19:01.047Z] Error writing to Modbus register: no connection to modbus server
[2025-03-01T08:19:01.049Z] Error reading register 3105 for IP 10.30.4.91: no connection to modbus server
[2025-03-01T08:19:01.049Z] ❌ Error reading register 1000 for IP 10.30.4.91: no connection to modbus server
[2025-03-01T08:19:01.049Z] Error reading actual data: no connection to modbus server
[2025-03-01T08:19:01.049Z] Error writing to Modbus register: no connection to modbus server
[2025-03-01T08:19:01.072Z] Error reading register 3105 for IP 10.30.4.91: no connection to modbus server
[2025-03-01T08:19:01.072Z] ❌ Error reading register 1000 for IP 10.30.4.91: no connection to modbus server
[2025-03-01T08:19:01.072Z] Error reading actual data: no connection to modbus server
[2025-03-01T08:19:01.073Z] Error writing to Modbus register: no connection to modbus server
[2025-03-01T08:19:01.970Z] Error reading register 3105 for IP 10.30.4.91: no connection to modbus server
[2025-03-01T08:19:01.970Z] ❌ Error reading register 1000 for IP 10.30.4.91: no connection to modbus server
[2025-03-01T08:19:01.971Z] Error reading actual data: no connection to modbus server
[2025-03-01T08:19:01.972Z] Error writing to Modbus register: no connection to modbus server
[2025-03-01T08:19:01.973Z] Error reading register 3105 for IP 10.30.4.91: no connection to modbus server
[2025-03-01T08:19:01.974Z] ❌ Error reading register 1000 for IP 10.30.4.91: no connection to modbus server
[2025-03-01T08:19:01.974Z] Error reading actual data: no connection to modbus server
[2025-03-01T08:19:01.975Z] Error writing to Modbus register: no connection to modbus server
[2025-03-01T08:19:01.975Z] Error reading register 3105 for IP 10.30.4.91: no connection to modbus server
[2025-03-01T08:19:01.976Z] ❌ Error reading register 1000 for IP 10.30.4.91: no connection to modbus server
[2025-03-01T08:19:01.976Z] Error reading actual data: no connection to modbus server
[2025-03-01T08:19:01.977Z] Error writing to Modbus register: no connection to modbus server
[2025-03-01T08:19:02.051Z] ❌ Error reading register 1000 for IP 10.30.4.91: no connection to modbus server
[2025-03-01T08:19:02.051Z] Error reading register 3105 for IP 10.30.4.91: no connection to modbus server
[2025-03-01T08:19:02.052Z] ❌ Error reading register 1000 for IP 10.30.4.91: no connection to modbus server
[2025-03-01T08:19:02.051Z] Error reading actual data: no connection to modbus server
[2025-03-01T08:19:02.051Z] Error writing to Modbus register: no connection to modbus server
[2025-03-01T08:19:02.052Z] Error reading actual data: no connection to modbus server
[2025-03-01T08:19:02.052Z] Error writing to Modbus register: no connection to modbus server
[2025-03-01T08:19:02.050Z] Error reading register 3105 for IP 10.30.4.91: no connection to modbus server
[2025-03-01T08:19:02.072Z] Error reading register 3105 for IP 10.30.4.91: no connection to modbus server
[2025-03-01T08:19:02.072Z] Error reading actual data: no connection to modbus server
[2025-03-01T08:19:02.072Z] ❌ Error reading register 1000 for IP 10.30.4.91: no connection to modbus server
[2025-03-01T08:19:02.072Z] Error writing to Modbus register: no connection to modbus server
[2025-03-01T08:19:02.971Z] Error reading register 3105 for IP 10.30.4.91: no connection to modbus server
[2025-03-01T08:19:02.971Z] ❌ Error reading register 1000 for IP 10.30.4.91: no connection to modbus server
[2025-03-01T08:19:02.972Z] Error reading actual data: no connection to modbus server
[2025-03-01T08:19:02.973Z] Error writing to Modbus register: no connection to modbus server
[2025-03-01T08:19:02.974Z] Error reading register 3105 for IP 10.30.4.91: no connection to modbus server
[2025-03-01T08:19:02.975Z] ❌ Error reading register 1000 for IP 10.30.4.91: no connection to modbus server
[2025-03-01T08:19:02.975Z] Error reading actual data: no connection to modbus server
[2025-03-01T08:19:02.977Z] Error writing to Modbus register: no connection to modbus server
[2025-03-01T08:19:02.978Z] Error reading register 3105 for IP 10.30.4.91: no connection to modbus server
[2025-03-01T08:19:02.979Z] ❌ Error reading register 1000 for IP 10.30.4.91: no connection to modbus server
[2025-03-01T08:19:02.979Z] Error reading actual data: no connection to modbus server
[2025-03-01T08:19:02.980Z] Error writing to Modbus register: no connection to modbus server
[2025-03-01T08:19:03.051Z] ❌ Error reading register 1000 for IP 10.30.4.91: no connection to modbus server
[2025-03-01T08:19:03.051Z] Error reading register 3105 for IP 10.30.4.91: no connection to modbus server
[2025-03-01T08:19:03.051Z] Error reading actual data: no connection to modbus server
[2025-03-01T08:19:03.052Z] Error reading register 3105 for IP 10.30.4.91: no connection to modbus server
[2025-03-01T08:19:03.052Z] ❌ Error reading register 1000 for IP 10.30.4.91: no connection to modbus server
[2025-03-01T08:19:03.051Z] Error writing to Modbus register: no connection to modbus server
[2025-03-01T08:19:03.052Z] Error writing to Modbus register: no connection to modbus server
[2025-03-01T08:19:03.052Z] Error reading actual data: no connection to modbus server
[2025-03-01T08:19:03.081Z] Error reading register 3105 for IP 10.30.4.91: no connection to modbus server
[2025-03-01T08:19:03.082Z] ❌ Error reading register 1000 for IP 10.30.4.91: no connection to modbus server
[2025-03-01T08:19:03.082Z] Error reading actual data: no connection to modbus server
[2025-03-01T08:19:03.082Z] Error writing to Modbus register: no connection to modbus server
[2025-03-01T08:19:03.985Z] Error reading register 3105 for IP 10.30.4.91: no connection to modbus server
[2025-03-01T08:19:03.986Z] ❌ Error reading register 1000 for IP 10.30.4.91: no connection to modbus server
[2025-03-01T08:19:03.987Z] Error reading actual data: no connection to modbus server
[2025-03-01T08:19:03.988Z] Error writing to Modbus register: no connection to modbus server
[2025-03-01T08:19:03.989Z] Error reading register 3105 for IP 10.30.4.91: no connection to modbus server
[2025-03-01T08:19:03.990Z] ❌ Error reading register 1000 for IP 10.30.4.91: no connection to modbus server
[2025-03-01T08:19:03.990Z] Error reading actual data: no connection to modbus server
[2025-03-01T08:19:03.991Z] Error writing to Modbus register: no connection to modbus server
[2025-03-01T08:19:03.992Z] Error reading register 3105 for IP 10.30.4.91: no connection to modbus server
[2025-03-01T08:19:03.992Z] ❌ Error reading register 1000 for IP 10.30.4.91: no connection to modbus server
[2025-03-01T08:19:03.992Z] Error reading actual data: no connection to modbus server
[2025-03-01T08:19:03.993Z] Error writing to Modbus register: no connection to modbus server
[2025-03-01T08:19:04.067Z] Error reading register 3105 for IP 10.30.4.91: no connection to modbus server
[2025-03-01T08:19:04.068Z] ❌ Error reading register 1000 for IP 10.30.4.91: no connection to modbus server
[2025-03-01T08:19:04.068Z] Error writing to Modbus register: no connection to modbus server
[2025-03-01T08:19:04.069Z] Error reading register 3105 for IP 10.30.4.91: no connection to modbus server
[2025-03-01T08:19:04.068Z] Error reading actual data: no connection to modbus server
[2025-03-01T08:19:04.069Z] ❌ Error reading register 1000 for IP 10.30.4.91: no connection to modbus server
[2025-03-01T08:19:04.069Z] Error writing to Modbus register: no connection to modbus server
[2025-03-01T08:19:04.069Z] Error reading actual data: no connection to modbus server
[2025-03-01T08:19:04.090Z] Error reading register 3105 for IP 10.30.4.91: no connection to modbus server
[2025-03-01T08:19:04.091Z] ❌ Error reading register 1000 for IP 10.30.4.91: no connection to modbus server
[2025-03-01T08:19:04.091Z] Error reading actual data: no connection to modbus server
[2025-03-01T08:19:04.091Z] Error writing to Modbus register: no connection to modbus server
[2025-03-01T08:19:04.997Z] Error reading register 3105 for IP 10.30.4.91: no connection to modbus server
[2025-03-01T08:19:04.998Z] ❌ Error reading register 1000 for IP 10.30.4.91: no connection to modbus server
[2025-03-01T08:19:04.998Z] Error reading actual data: no connection to modbus server
[2025-03-01T08:19:04.999Z] Error writing to Modbus register: no connection to modbus server
[2025-03-01T08:19:05.001Z] Error reading register 3105 for IP 10.30.4.91: no connection to modbus server
[2025-03-01T08:19:05.001Z] ❌ Error reading register 1000 for IP 10.30.4.91: no connection to modbus server
[2025-03-01T08:19:05.002Z] Error reading actual data: no connection to modbus server
[2025-03-01T08:19:05.002Z] Error writing to Modbus register: no connection to modbus server
[2025-03-01T08:19:05.003Z] Error reading register 3105 for IP 10.30.4.91: no connection to modbus server
[2025-03-01T08:19:05.004Z] ❌ Error reading register 1000 for IP 10.30.4.91: no connection to modbus server
[2025-03-01T08:19:05.004Z] Error reading actual data: no connection to modbus server
[2025-03-01T08:19:05.005Z] Error writing to Modbus register: no connection to modbus server
[2025-03-01T08:19:05.081Z] Error reading register 3105 for IP 10.30.4.91: no connection to modbus server
[2025-03-01T08:19:05.081Z] ❌ Error reading register 1000 for IP 10.30.4.91: no connection to modbus server
[2025-03-01T08:19:05.082Z] ❌ Error reading register 1000 for IP 10.30.4.91: no connection to modbus server
[2025-03-01T08:19:05.082Z] Error reading actual data: no connection to modbus server
[2025-03-01T08:19:05.082Z] Error writing to Modbus register: no connection to modbus server
[2025-03-01T08:19:05.082Z] Error reading register 3105 for IP 10.30.4.91: no connection to modbus server
[2025-03-01T08:19:05.081Z] Error reading actual data: no connection to modbus server
[2025-03-01T08:19:05.082Z] Error writing to Modbus register: no connection to modbus server
[2025-03-01T08:19:05.098Z] ❌ Error reading register 1000 for IP 10.30.4.91: no connection to modbus server
[2025-03-01T08:19:05.098Z] Error writing to Modbus register: no connection to modbus server
[2025-03-01T08:19:05.097Z] Error reading register 3105 for IP 10.30.4.91: no connection to modbus server
[2025-03-01T08:19:05.098Z] Error reading actual data: no connection to modbus server
[2025-03-01T08:19:06.001Z] Error reading register 3105 for IP 10.30.4.91: no connection to modbus server
[2025-03-01T08:19:06.002Z] ❌ Error reading register 1000 for IP 10.30.4.91: no connection to modbus server
[2025-03-01T08:19:06.003Z] Error reading actual data: no connection to modbus server
[2025-03-01T08:19:06.004Z] Error writing to Modbus register: no connection to modbus server
[2025-03-01T08:19:06.005Z] Error reading register 3105 for IP 10.30.4.91: no connection to modbus server
[2025-03-01T08:19:06.005Z] ❌ Error reading register 1000 for IP 10.30.4.91: no connection to modbus server
[2025-03-01T08:19:06.006Z] Error reading actual data: no connection to modbus server
[2025-03-01T08:19:06.007Z] Error reading register 3105 for IP 10.30.4.91: no connection to modbus server
[2025-03-01T08:19:06.007Z] Error writing to Modbus register: no connection to modbus server
[2025-03-01T08:19:06.007Z] ❌ Error reading register 1000 for IP 10.30.4.91: no connection to modbus server
[2025-03-01T08:19:06.007Z] Error reading actual data: no connection to modbus server
[2025-03-01T08:19:06.008Z] Error writing to Modbus register: no connection to modbus server
[2025-03-01T08:19:06.084Z] Error reading register 3105 for IP 10.30.4.91: no connection to modbus server
[2025-03-01T08:19:06.084Z] ❌ Error reading register 1000 for IP 10.30.4.91: no connection to modbus server
[2025-03-01T08:19:06.084Z] Error reading actual data: no connection to modbus server
[2025-03-01T08:19:06.084Z] Error writing to Modbus register: no connection to modbus server
[2025-03-01T08:19:06.085Z] Error reading register 3105 for IP 10.30.4.91: no connection to modbus server
[2025-03-01T08:19:06.085Z] ❌ Error reading register 1000 for IP 10.30.4.91: no connection to modbus server
[2025-03-01T08:19:06.085Z] Error reading actual data: no connection to modbus server
[2025-03-01T08:19:06.085Z] Error writing to Modbus register: no connection to modbus server
[2025-03-01T08:19:06.101Z] Error reading register 3105 for IP 10.30.4.91: no connection to modbus server
[2025-03-01T08:19:06.102Z] ❌ Error reading register 1000 for IP 10.30.4.91: no connection to modbus server
[2025-03-01T08:19:06.102Z] Error writing to Modbus register: no connection to modbus server
[2025-03-01T08:19:06.102Z] Error reading actual data: no connection to modbus server
[2025-03-01T08:19:07.003Z] Error reading register 3105 for IP 10.30.4.91: no connection to modbus server
[2025-03-01T08:19:07.004Z] ❌ Error reading register 1000 for IP 10.30.4.91: no connection to modbus server
[2025-03-01T08:19:07.004Z] Error reading actual data: no connection to modbus server
[2025-03-01T08:19:07.006Z] Error writing to Modbus register: no connection to modbus server
[2025-03-01T08:19:07.007Z] Error reading register 3105 for IP 10.30.4.91: no connection to modbus server
[2025-03-01T08:19:07.007Z] ❌ Error reading register 1000 for IP 10.30.4.91: no connection to modbus server
[2025-03-01T08:19:07.008Z] Error reading actual data: no connection to modbus server
[2025-03-01T08:19:07.009Z] Error writing to Modbus register: no connection to modbus server
[2025-03-01T08:19:07.010Z] ❌ Error reading register 1000 for IP 10.30.4.91: no connection to modbus server
[2025-03-01T08:19:07.010Z] Error reading register 3105 for IP 10.30.4.91: no connection to modbus server
[2025-03-01T08:19:07.011Z] Error reading actual data: no connection to modbus server
[2025-03-01T08:19:07.011Z] Error writing to Modbus register: no connection to modbus server
[2025-03-01T08:19:07.099Z] Error reading register 3105 for IP 10.30.4.91: no connection to modbus server
[2025-03-01T08:19:07.100Z] ❌ Error reading register 1000 for IP 10.30.4.91: no connection to modbus server
[2025-03-01T08:19:07.100Z] Error writing to Modbus register: no connection to modbus server
[2025-03-01T08:19:07.101Z] Error reading register 3105 for IP 10.30.4.91: no connection to modbus server
[2025-03-01T08:19:07.101Z] ❌ Error reading register 1000 for IP 10.30.4.91: no connection to modbus server
[2025-03-01T08:19:07.101Z] Error reading actual data: no connection to modbus server
[2025-03-01T08:19:07.100Z] Error reading actual data: no connection to modbus server
[2025-03-01T08:19:07.101Z] Error writing to Modbus register: no connection to modbus server
[2025-03-01T08:19:07.102Z] Error reading register 3105 for IP 10.30.4.91: no connection to modbus server
[2025-03-01T08:19:07.102Z] ❌ Error reading register 1000 for IP 10.30.4.91: no connection to modbus server
[2025-03-01T08:19:07.102Z] Error reading actual data: no connection to modbus server
[2025-03-01T08:19:07.102Z] Error writing to Modbus register: no connection to modbus server
[2025-03-01T08:19:08.018Z] Error reading register 3105 for IP 10.30.4.91: no connection to modbus server
[2025-03-01T08:19:08.019Z] ❌ Error reading register 1000 for IP 10.30.4.91: no connection to modbus server
[2025-03-01T08:19:08.022Z] Error reading register 3105 for IP 10.30.4.91: no connection to modbus server
[2025-03-01T08:19:08.020Z] Error writing to Modbus register: no connection to modbus server
[2025-03-01T08:19:08.022Z] ❌ Error reading register 1000 for IP 10.30.4.91: no connection to modbus server
[2025-03-01T08:19:08.019Z] Error reading actual data: no connection to modbus server
[2025-03-01T08:19:08.023Z] Error reading actual data: no connection to modbus server
[2025-03-01T08:19:08.023Z] Error writing to Modbus register: no connection to modbus server
[2025-03-01T08:19:08.024Z] Error reading register 3105 for IP 10.30.4.91: no connection to modbus server
[2025-03-01T08:19:08.025Z] ❌ Error reading register 1000 for IP 10.30.4.91: no connection to modbus server
[2025-03-01T08:19:08.025Z] Error reading actual data: no connection to modbus server
[2025-03-01T08:19:08.026Z] Error writing to Modbus register: no connection to modbus server
[2025-03-01T08:19:08.100Z] Error reading register 3105 for IP 10.30.4.91: no connection to modbus server
[2025-03-01T08:19:08.100Z] ❌ Error reading register 1000 for IP 10.30.4.91: no connection to modbus server
[2025-03-01T08:19:08.100Z] Error reading actual data: no connection to modbus server
[2025-03-01T08:19:08.101Z] Error writing to Modbus register: no connection to modbus server
[2025-03-01T08:19:08.101Z] Error reading register 3105 for IP 10.30.4.91: no connection to modbus server
[2025-03-01T08:19:08.101Z] ❌ Error reading register 1000 for IP 10.30.4.91: no connection to modbus server
[2025-03-01T08:19:08.101Z] Error reading actual data: no connection to modbus server
[2025-03-01T08:19:08.102Z] Error writing to Modbus register: no connection to modbus server
[2025-03-01T08:19:08.102Z] Error reading register 3105 for IP 10.30.4.91: no connection to modbus server
[2025-03-01T08:19:08.102Z] ❌ Error reading register 1000 for IP 10.30.4.91: no connection to modbus server
[2025-03-01T08:19:08.103Z] Error reading actual data: no connection to modbus server
[2025-03-01T08:19:08.103Z] Error writing to Modbus register: no connection to modbus server
[2025-03-01T08:19:09.029Z] Error reading register 3105 for IP 10.30.4.91: no connection to modbus server
[2025-03-01T08:19:09.030Z] ❌ Error reading register 1000 for IP 10.30.4.91: no connection to modbus server
[2025-03-01T08:19:09.031Z] Error writing to Modbus register: no connection to modbus server
[2025-03-01T08:19:09.033Z] Error reading register 3105 for IP 10.30.4.91: no connection to modbus server
[2025-03-01T08:19:09.033Z] ❌ Error reading register 1000 for IP 10.30.4.91: no connection to modbus server
[2025-03-01T08:19:09.030Z] Error reading actual data: no connection to modbus server
[2025-03-01T08:19:09.034Z] Error reading actual data: no connection to modbus server
[2025-03-01T08:19:09.035Z] Error writing to Modbus register: no connection to modbus server
[2025-03-01T08:19:09.035Z] Error reading register 3105 for IP 10.30.4.91: no connection to modbus server
[2025-03-01T08:19:09.035Z] ❌ Error reading register 1000 for IP 10.30.4.91: no connection to modbus server
[2025-03-01T08:19:09.035Z] Error reading actual data: no connection to modbus server
[2025-03-01T08:19:09.036Z] Error writing to Modbus register: no connection to modbus server
[2025-03-01T08:19:09.115Z] Error reading register 3105 for IP 10.30.4.91: no connection to modbus server
[2025-03-01T08:19:09.115Z] ❌ Error reading register 1000 for IP 10.30.4.91: no connection to modbus server
[2025-03-01T08:19:09.116Z] Error reading actual data: no connection to modbus server
[2025-03-01T08:19:09.116Z] Error writing to Modbus register: no connection to modbus server
[2025-03-01T08:19:09.116Z] Error reading register 3105 for IP 10.30.4.91: no connection to modbus server
[2025-03-01T08:19:09.117Z] ❌ Error reading register 1000 for IP 10.30.4.91: no connection to modbus server
[2025-03-01T08:19:09.117Z] Error reading actual data: no connection to modbus server
[2025-03-01T08:19:09.117Z] Error writing to Modbus register: no connection to modbus server
[2025-03-01T08:19:09.117Z] Error reading register 3105 for IP 10.30.4.91: no connection to modbus server
[2025-03-01T08:19:09.118Z] ❌ Error reading register 1000 for IP 10.30.4.91: no connection to modbus server
[2025-03-01T08:19:09.118Z] Error reading actual data: no connection to modbus server
[2025-03-01T08:19:09.118Z] Error writing to Modbus register: no connection to modbus server
[2025-03-01T08:19:10.034Z] Error reading register 3105 for IP 10.30.4.91: no connection to modbus server
[2025-03-01T08:19:10.035Z] ❌ Error reading register 1000 for IP 10.30.4.91: no connection to modbus server
[2025-03-01T08:19:10.035Z] Error reading actual data: no connection to modbus server
[2025-03-01T08:19:10.036Z] Error writing to Modbus register: no connection to modbus server
[2025-03-01T08:19:10.038Z] Error reading register 3105 for IP 10.30.4.91: no connection to modbus server
[2025-03-01T08:19:10.038Z] ❌ Error reading register 1000 for IP 10.30.4.91: no connection to modbus server
[2025-03-01T08:19:10.038Z] Error reading actual data: no connection to modbus server
[2025-03-01T08:19:10.040Z] Error writing to Modbus register: no connection to modbus server
[2025-03-01T08:19:10.040Z] Error reading register 3105 for IP 10.30.4.91: no connection to modbus server
[2025-03-01T08:19:10.040Z] ❌ Error reading register 1000 for IP 10.30.4.91: no connection to modbus server
[2025-03-01T08:19:10.041Z] Error reading actual data: no connection to modbus server
[2025-03-01T08:19:10.041Z] Error writing to Modbus register: no connection to modbus server
[2025-03-01T08:19:10.115Z] Error reading register 3105 for IP 10.30.4.91: no connection to modbus server
[2025-03-01T08:19:10.115Z] ❌ Error reading register 1000 for IP 10.30.4.91: no connection to modbus server
[2025-03-01T08:19:10.115Z] Error reading actual data: no connection to modbus server
[2025-03-01T08:19:10.116Z] Error writing to Modbus register: no connection to modbus server
[2025-03-01T08:19:10.117Z] ❌ Error reading register 1000 for IP 10.30.4.91: no connection to modbus server
[2025-03-01T08:19:10.117Z] Error reading register 3105 for IP 10.30.4.91: no connection to modbus server
[2025-03-01T08:19:10.117Z] Error reading actual data: no connection to modbus server
[2025-03-01T08:19:10.117Z] Error writing to Modbus register: no connection to modbus server
[2025-03-01T08:19:10.118Z] Error reading register 3105 for IP 10.30.4.91: no connection to modbus server
[2025-03-01T08:19:10.119Z] Error reading actual data: no connection to modbus server
[2025-03-01T08:19:10.118Z] ❌ Error reading register 1000 for IP 10.30.4.91: no connection to modbus server
[2025-03-01T08:19:10.119Z] Error writing to Modbus register: no connection to modbus server
[2025-03-01T08:19:11.034Z] Error reading register 3105 for IP 10.30.4.91: no connection to modbus server
[2025-03-01T08:19:11.034Z] ❌ Error reading register 1000 for IP 10.30.4.91: no connection to modbus server
[2025-03-01T08:19:11.035Z] Error reading actual data: no connection to modbus server
[2025-03-01T08:19:11.036Z] Error writing to Modbus register: no connection to modbus server
[2025-03-01T08:19:11.037Z] Error reading register 3105 for IP 10.30.4.91: no connection to modbus server
[2025-03-01T08:19:11.037Z] ❌ Error reading register 1000 for IP 10.30.4.91: no connection to modbus server
[2025-03-01T08:19:11.037Z] Error reading actual data: no connection to modbus server
[2025-03-01T08:19:11.051Z] Error writing to Modbus register: no connection to modbus server
[2025-03-01T08:19:11.052Z] Error reading register 3105 for IP 10.30.4.91: no connection to modbus server
[2025-03-01T08:19:11.052Z] ❌ Error reading register 1000 for IP 10.30.4.91: no connection to modbus server
[2025-03-01T08:19:11.054Z] Error writing to Modbus register: no connection to modbus server
[2025-03-01T08:19:11.053Z] Error reading actual data: no connection to modbus server
[2025-03-01T08:19:11.117Z] Error reading register 3105 for IP 10.30.4.91: no connection to modbus server
[2025-03-01T08:19:11.117Z] ❌ Error reading register 1000 for IP 10.30.4.91: no connection to modbus server
[2025-03-01T08:19:11.118Z] Error writing to Modbus register: no connection to modbus server
[2025-03-01T08:19:11.118Z] Error reading register 3105 for IP 10.30.4.91: no connection to modbus server
[2025-03-01T08:19:11.118Z] ❌ Error reading register 1000 for IP 10.30.4.91: no connection to modbus server
[2025-03-01T08:19:11.117Z] Error reading actual data: no connection to modbus server
[2025-03-01T08:19:11.118Z] Error reading actual data: no connection to modbus server
[2025-03-01T08:19:11.119Z] Error writing to Modbus register: no connection to modbus server
[2025-03-01T08:19:11.119Z] Error reading register 3105 for IP 10.30.4.91: no connection to modbus server
[2025-03-01T08:19:11.119Z] ❌ Error reading register 1000 for IP 10.30.4.91: no connection to modbus server
[2025-03-01T08:19:11.119Z] Error writing to Modbus register: no connection to modbus server
[2025-03-01T08:19:11.119Z] Error reading actual data: no connection to modbus server
[2025-03-01T08:19:12.046Z] Error reading register 3105 for IP 10.30.4.91: no connection to modbus server
[2025-03-01T08:19:12.047Z] ❌ Error reading register 1000 for IP 10.30.4.91: no connection to modbus server
[2025-03-01T08:19:12.047Z] Error reading actual data: no connection to modbus server
[2025-03-01T08:19:12.048Z] Error writing to Modbus register: no connection to modbus server
[2025-03-01T08:19:12.050Z] Error reading register 3105 for IP 10.30.4.91: no connection to modbus server
[2025-03-01T08:19:12.050Z] ❌ Error reading register 1000 for IP 10.30.4.91: no connection to modbus server
[2025-03-01T08:19:12.050Z] Error reading actual data: no connection to modbus server
[2025-03-01T08:19:12.052Z] Error writing to Modbus register: no connection to modbus server
[2025-03-01T08:19:12.053Z] ❌ Error reading register 1000 for IP 10.30.4.91: no connection to modbus server
[2025-03-01T08:19:12.053Z] Error reading register 3105 for IP 10.30.4.91: no connection to modbus server
[2025-03-01T08:19:12.053Z] Error reading actual data: no connection to modbus server
[2025-03-01T08:19:12.055Z] Error writing to Modbus register: no connection to modbus server
[2025-03-01T08:19:12.119Z] Error reading register 3105 for IP 10.30.4.91: no connection to modbus server
[2025-03-01T08:19:12.119Z] ❌ Error reading register 1000 for IP 10.30.4.91: no connection to modbus server
[2025-03-01T08:19:12.119Z] Error reading actual data: no connection to modbus server
[2025-03-01T08:19:12.120Z] Error writing to Modbus register: no connection to modbus server
[2025-03-01T08:19:12.120Z] Error reading register 3105 for IP 10.30.4.91: no connection to modbus server
[2025-03-01T08:19:12.120Z] ❌ Error reading register 1000 for IP 10.30.4.91: no connection to modbus server
[2025-03-01T08:19:12.120Z] Error reading actual data: no connection to modbus server
[2025-03-01T08:19:12.121Z] Error writing to Modbus register: no connection to modbus server
[2025-03-01T08:19:12.121Z] Error reading register 3105 for IP 10.30.4.91: no connection to modbus server
[2025-03-01T08:19:12.121Z] ❌ Error reading register 1000 for IP 10.30.4.91: no connection to modbus server
[2025-03-01T08:19:12.121Z] Error reading actual data: no connection to modbus server
[2025-03-01T08:19:12.122Z] Error writing to Modbus register: no connection to modbus server
[2025-03-01T08:19:13.054Z] Error reading register 3105 for IP 10.30.4.91: no connection to modbus server
[2025-03-01T08:19:13.055Z] ❌ Error reading register 1000 for IP 10.30.4.91: no connection to modbus server
[2025-03-01T08:19:13.055Z] Error writing to Modbus register: no connection to modbus server
[2025-03-01T08:19:13.055Z] Error reading register 3105 for IP 10.30.4.91: no connection to modbus server
[2025-03-01T08:19:13.055Z] ❌ Error reading register 1000 for IP 10.30.4.91: no connection to modbus server
[2025-03-01T08:19:13.055Z] Error reading actual data: no connection to modbus server
[2025-03-01T08:19:13.056Z] Error writing to Modbus register: no connection to modbus server
[2025-03-01T08:19:13.056Z] ❌ Error reading register 1000 for IP 10.30.4.91: no connection to modbus server
[2025-03-01T08:19:13.056Z] Error reading register 3105 for IP 10.30.4.91: no connection to modbus server
[2025-03-01T08:19:13.055Z] Error reading actual data: no connection to modbus server
[2025-03-01T08:19:13.056Z] Error reading actual data: no connection to modbus server
[2025-03-01T08:19:13.057Z] Error writing to Modbus register: no connection to modbus server
[2025-03-01T08:19:13.132Z] Error reading register 3105 for IP 10.30.4.91: no connection to modbus server
[2025-03-01T08:19:13.132Z] ❌ Error reading register 1000 for IP 10.30.4.91: no connection to modbus server
[2025-03-01T08:19:13.132Z] Error reading actual data: no connection to modbus server
[2025-03-01T08:19:13.133Z] Error writing to Modbus register: no connection to modbus server
[2025-03-01T08:19:13.133Z] Error reading register 3105 for IP 10.30.4.91: no connection to modbus server
[2025-03-01T08:19:13.133Z] ❌ Error reading register 1000 for IP 10.30.4.91: no connection to modbus server
[2025-03-01T08:19:13.133Z] Error reading actual data: no connection to modbus server
[2025-03-01T08:19:13.134Z] Error writing to Modbus register: no connection to modbus server
[2025-03-01T08:19:13.134Z] Error reading register 3105 for IP 10.30.4.91: no connection to modbus server
[2025-03-01T08:19:13.134Z] ❌ Error reading register 1000 for IP 10.30.4.91: no connection to modbus server
[2025-03-01T08:19:13.134Z] Error reading actual data: no connection to modbus server
[2025-03-01T08:19:13.134Z] Error writing to Modbus register: no connection to modbus server
[2025-03-01T08:19:14.067Z] Error reading register 3105 for IP 10.30.4.91: no connection to modbus server
[2025-03-01T08:19:14.067Z] ❌ Error reading register 1000 for IP 10.30.4.91: no connection to modbus server
[2025-03-01T08:19:14.067Z] Error reading actual data: no connection to modbus server
[2025-03-01T08:19:14.068Z] ❌ Error reading register 1000 for IP 10.30.4.91: no connection to modbus server
[2025-03-01T08:19:14.068Z] Error reading actual data: no connection to modbus server
[2025-03-01T08:19:14.068Z] Error writing to Modbus register: no connection to modbus server
[2025-03-01T08:19:14.068Z] Error reading register 3105 for IP 10.30.4.91: no connection to modbus server
[2025-03-01T08:19:14.069Z] ❌ Error reading register 1000 for IP 10.30.4.91: no connection to modbus server
[2025-03-01T08:19:14.069Z] Error reading register 3105 for IP 10.30.4.91: no connection to modbus server
[2025-03-01T08:19:14.069Z] Error reading actual data: no connection to modbus server
[2025-03-01T08:19:14.069Z] Error writing to Modbus register: no connection to modbus server
[2025-03-01T08:19:14.067Z] Error writing to Modbus register: no connection to modbus server
[2025-03-01T08:19:14.134Z] Error reading register 3105 for IP 10.30.4.91: no connection to modbus server
[2025-03-01T08:19:14.135Z] ❌ Error reading register 1000 for IP 10.30.4.91: no connection to modbus server
[2025-03-01T08:19:14.136Z] Error reading actual data: no connection to modbus server
[2025-03-01T08:19:14.137Z] Error writing to Modbus register: no connection to modbus server
[2025-03-01T08:19:14.138Z] Error reading register 3105 for IP 10.30.4.91: no connection to modbus server
[2025-03-01T08:19:14.138Z] ❌ Error reading register 1000 for IP 10.30.4.91: no connection to modbus server
[2025-03-01T08:19:14.138Z] Error reading actual data: no connection to modbus server
[2025-03-01T08:19:14.139Z] Error writing to Modbus register: no connection to modbus server
[2025-03-01T08:19:14.139Z] ❌ Error reading register 1000 for IP 10.30.4.91: no connection to modbus server
[2025-03-01T08:19:14.139Z] Error reading register 3105 for IP 10.30.4.91: no connection to modbus server
[2025-03-01T08:19:14.139Z] Error reading actual data: no connection to modbus server
[2025-03-01T08:19:14.139Z] Error writing to Modbus register: no connection to modbus server
[2025-03-01T08:19:15.070Z] Error reading register 3105 for IP 10.30.4.91: no connection to modbus server
[2025-03-01T08:19:15.070Z] ❌ Error reading register 1000 for IP 10.30.4.91: no connection to modbus server
[2025-03-01T08:19:15.071Z] Error reading actual data: no connection to modbus server
[2025-03-01T08:19:15.072Z] Error writing to Modbus register: no connection to modbus server
[2025-03-01T08:19:15.073Z] Error reading register 3105 for IP 10.30.4.91: no connection to modbus server
[2025-03-01T08:19:15.073Z] ❌ Error reading register 1000 for IP 10.30.4.91: no connection to modbus server
[2025-03-01T08:19:15.074Z] Error writing to Modbus register: no connection to modbus server
[2025-03-01T08:19:15.074Z] Error reading register 3105 for IP 10.30.4.91: no connection to modbus server
[2025-03-01T08:19:15.074Z] ❌ Error reading register 1000 for IP 10.30.4.91: no connection to modbus server
[2025-03-01T08:19:15.074Z] Error reading actual data: no connection to modbus server
[2025-03-01T08:19:15.074Z] Error reading actual data: no connection to modbus server
[2025-03-01T08:19:15.075Z] Error writing to Modbus register: no connection to modbus server
[2025-03-01T08:19:15.150Z] Error reading register 3105 for IP 10.30.4.91: no connection to modbus server
[2025-03-01T08:19:15.150Z] ❌ Error reading register 1000 for IP 10.30.4.91: no connection to modbus server
[2025-03-01T08:19:15.151Z] Error writing to Modbus register: no connection to modbus server
[2025-03-01T08:19:15.151Z] Error reading register 3105 for IP 10.30.4.91: no connection to modbus server
[2025-03-01T08:19:15.151Z] ❌ Error reading register 1000 for IP 10.30.4.91: no connection to modbus server
[2025-03-01T08:19:15.151Z] Error reading actual data: no connection to modbus server
[2025-03-01T08:19:15.152Z] Error writing to Modbus register: no connection to modbus server
[2025-03-01T08:19:15.152Z] Error reading register 3105 for IP 10.30.4.91: no connection to modbus server
[2025-03-01T08:19:15.152Z] Error reading actual data: no connection to modbus server
[2025-03-01T08:19:15.152Z] ❌ Error reading register 1000 for IP 10.30.4.91: no connection to modbus server
[2025-03-01T08:19:15.152Z] Error reading actual data: no connection to modbus server
[2025-03-01T08:19:15.153Z] Error writing to Modbus register: no connection to modbus server
[2025-03-01T08:19:16.085Z] Error reading register 3105 for IP 10.30.4.91: no connection to modbus server
[2025-03-01T08:19:16.086Z] ❌ Error reading register 1000 for IP 10.30.4.91: no connection to modbus server
[2025-03-01T08:19:16.089Z] Error reading register 3105 for IP 10.30.4.91: no connection to modbus server
[2025-03-01T08:19:16.086Z] Error reading actual data: no connection to modbus server
[2025-03-01T08:19:16.089Z] ❌ Error reading register 1000 for IP 10.30.4.91: no connection to modbus server
[2025-03-01T08:19:16.090Z] Error reading actual data: no connection to modbus server
[2025-03-01T08:19:16.087Z] Error writing to Modbus register: no connection to modbus server
[2025-03-01T08:19:16.092Z] Error reading actual data: no connection to modbus server
[2025-03-01T08:19:16.092Z] Error writing to Modbus register: no connection to modbus server
[2025-03-01T08:19:16.090Z] Error writing to Modbus register: no connection to modbus server
[2025-03-01T08:19:16.091Z] Error reading register 3105 for IP 10.30.4.91: no connection to modbus server
[2025-03-01T08:19:16.091Z] ❌ Error reading register 1000 for IP 10.30.4.91: no connection to modbus server
[2025-03-01T08:19:16.167Z] Error reading register 3105 for IP 10.30.4.91: no connection to modbus server
[2025-03-01T08:19:16.167Z] ❌ Error reading register 1000 for IP 10.30.4.91: no connection to modbus server
[2025-03-01T08:19:16.167Z] Error reading actual data: no connection to modbus server
[2025-03-01T08:19:16.168Z] Error writing to Modbus register: no connection to modbus server
[2025-03-01T08:19:16.168Z] Error reading register 3105 for IP 10.30.4.91: no connection to modbus server
[2025-03-01T08:19:16.168Z] ❌ Error reading register 1000 for IP 10.30.4.91: no connection to modbus server
[2025-03-01T08:19:16.168Z] Error reading actual data: no connection to modbus server
[2025-03-01T08:19:16.169Z] Error writing to Modbus register: no connection to modbus server
[2025-03-01T08:19:16.169Z] Error reading register 3105 for IP 10.30.4.91: no connection to modbus server
[2025-03-01T08:19:16.169Z] ❌ Error reading register 1000 for IP 10.30.4.91: no connection to modbus server
[2025-03-01T08:19:16.169Z] Error reading actual data: no connection to modbus server
[2025-03-01T08:19:16.169Z] Error writing to Modbus register: no connection to modbus server
[2025-03-01T08:19:17.083Z] Error reading register 3105 for IP 10.30.4.91: no connection to modbus server
[2025-03-01T08:19:17.084Z] ❌ Error reading register 1000 for IP 10.30.4.91: no connection to modbus server
[2025-03-01T08:19:17.084Z] Error reading actual data: no connection to modbus server
[2025-03-01T08:19:17.100Z] Error writing to Modbus register: no connection to modbus server
[2025-03-01T08:19:17.101Z] Error reading register 3105 for IP 10.30.4.91: no connection to modbus server
[2025-03-01T08:19:17.102Z] ❌ Error reading register 1000 for IP 10.30.4.91: no connection to modbus server
[2025-03-01T08:19:17.102Z] Error reading actual data: no connection to modbus server
[2025-03-01T08:19:17.103Z] Error writing to Modbus register: no connection to modbus server
[2025-03-01T08:19:17.104Z] Error reading register 3105 for IP 10.30.4.91: no connection to modbus server
[2025-03-01T08:19:17.104Z] ❌ Error reading register 1000 for IP 10.30.4.91: no connection to modbus server
[2025-03-01T08:19:17.104Z] Error reading actual data: no connection to modbus server
[2025-03-01T08:19:17.105Z] Error writing to Modbus register: no connection to modbus server
[2025-03-01T08:19:17.182Z] Error reading register 3105 for IP 10.30.4.91: no connection to modbus server
[2025-03-01T08:19:17.182Z] ❌ Error reading register 1000 for IP 10.30.4.91: no connection to modbus server
[2025-03-01T08:19:17.184Z] Error reading register 3105 for IP 10.30.4.91: no connection to modbus server
[2025-03-01T08:19:17.184Z] Error reading actual data: no connection to modbus server
[2025-03-01T08:19:17.184Z] ❌ Error reading register 1000 for IP 10.30.4.91: no connection to modbus server
[2025-03-01T08:19:17.185Z] Error reading register 3105 for IP 10.30.4.91: no connection to modbus server
[2025-03-01T08:19:17.184Z] Error writing to Modbus register: no connection to modbus server
[2025-03-01T08:19:17.185Z] ❌ Error reading register 1000 for IP 10.30.4.91: no connection to modbus server
[2025-03-01T08:19:17.185Z] Error reading actual data: no connection to modbus server
[2025-03-01T08:19:17.185Z] Error writing to Modbus register: no connection to modbus server
[2025-03-01T08:19:17.183Z] Error writing to Modbus register: no connection to modbus server
[2025-03-01T08:19:17.183Z] Error reading actual data: no connection to modbus server
[2025-03-01T08:19:18.100Z] Error reading register 3105 for IP 10.30.4.91: no connection to modbus server
[2025-03-01T08:19:18.101Z] ❌ Error reading register 1000 for IP 10.30.4.91: no connection to modbus server
[2025-03-01T08:19:18.101Z] Error reading actual data: no connection to modbus server
[2025-03-01T08:19:18.101Z] Error writing to Modbus register: no connection to modbus server
[2025-03-01T08:19:18.102Z] Error reading register 3105 for IP 10.30.4.91: no connection to modbus server
[2025-03-01T08:19:18.103Z] ❌ Error reading register 1000 for IP 10.30.4.91: no connection to modbus server
[2025-03-01T08:19:18.103Z] Error reading actual data: no connection to modbus server
[2025-03-01T08:19:18.103Z] Error writing to Modbus register: no connection to modbus server
[2025-03-01T08:19:18.108Z] ❌ Error reading register 1000 for IP 10.30.4.91: no connection to modbus server
[2025-03-01T08:19:18.107Z] Error reading register 3105 for IP 10.30.4.91: no connection to modbus server
[2025-03-01T08:19:18.108Z] Error reading actual data: no connection to modbus server
[2025-03-01T08:19:18.108Z] Error writing to Modbus register: no connection to modbus server
[2025-03-01T08:19:18.184Z] Error reading register 3105 for IP 10.30.4.91: no connection to modbus server
[2025-03-01T08:19:18.184Z] ❌ Error reading register 1000 for IP 10.30.4.91: no connection to modbus server
[2025-03-01T08:19:18.184Z] Error writing to Modbus register: no connection to modbus server
[2025-03-01T08:19:18.184Z] Error reading actual data: no connection to modbus server
[2025-03-01T08:19:18.185Z] Error reading register 3105 for IP 10.30.4.91: no connection to modbus server
[2025-03-01T08:19:18.185Z] ❌ Error reading register 1000 for IP 10.30.4.91: no connection to modbus server
[2025-03-01T08:19:18.186Z] ❌ Error reading register 1000 for IP 10.30.4.91: no connection to modbus server
[2025-03-01T08:19:18.186Z] Error reading actual data: no connection to modbus server
[2025-03-01T08:19:18.187Z] Error writing to Modbus register: no connection to modbus server
[2025-03-01T08:19:18.186Z] Error writing to Modbus register: no connection to modbus server
[2025-03-01T08:19:18.186Z] Error reading register 3105 for IP 10.30.4.91: no connection to modbus server
[2025-03-01T08:19:18.186Z] Error reading actual data: no connection to modbus server
[2025-03-01T08:19:19.103Z] Error reading register 3105 for IP 10.30.4.91: no connection to modbus server
[2025-03-01T08:19:19.104Z] ❌ Error reading register 1000 for IP 10.30.4.91: no connection to modbus server
[2025-03-01T08:19:19.104Z] Error reading actual data: no connection to modbus server
[2025-03-01T08:19:19.105Z] Error writing to Modbus register: no connection to modbus server
[2025-03-01T08:19:19.106Z] Error reading register 3105 for IP 10.30.4.91: no connection to modbus server
[2025-03-01T08:19:19.106Z] ❌ Error reading register 1000 for IP 10.30.4.91: no connection to modbus server
[2025-03-01T08:19:19.106Z] Error reading actual data: no connection to modbus server
[2025-03-01T08:19:19.107Z] Error writing to Modbus register: no connection to modbus server
[2025-03-01T08:19:19.107Z] Error reading register 3105 for IP 10.30.4.91: no connection to modbus server
[2025-03-01T08:19:19.108Z] Error reading actual data: no connection to modbus server
[2025-03-01T08:19:19.107Z] ❌ Error reading register 1000 for IP 10.30.4.91: no connection to modbus server
[2025-03-01T08:19:19.108Z] Error writing to Modbus register: no connection to modbus server
[2025-03-01T08:19:19.196Z] Error reading register 3105 for IP 10.30.4.91: no connection to modbus server
[2025-03-01T08:19:19.196Z] ❌ Error reading register 1000 for IP 10.30.4.91: no connection to modbus server
[2025-03-01T08:19:19.196Z] Error reading actual data: no connection to modbus server
[2025-03-01T08:19:19.196Z] Error writing to Modbus register: no connection to modbus server
[2025-03-01T08:19:19.197Z] Error reading register 3105 for IP 10.30.4.91: no connection to modbus server
[2025-03-01T08:19:19.197Z] ❌ Error reading register 1000 for IP 10.30.4.91: no connection to modbus server
[2025-03-01T08:19:19.197Z] Error reading actual data: no connection to modbus server
[2025-03-01T08:19:19.197Z] Error writing to Modbus register: no connection to modbus server
[2025-03-01T08:19:19.197Z] Error reading register 3105 for IP 10.30.4.91: no connection to modbus server
[2025-03-01T08:19:19.198Z] ❌ Error reading register 1000 for IP 10.30.4.91: no connection to modbus server
[2025-03-01T08:19:19.198Z] Error reading actual data: no connection to modbus server
[2025-03-01T08:19:19.198Z] Error writing to Modbus register: no connection to modbus server
[2025-03-01T08:19:20.118Z] Error reading register 3105 for IP 10.30.4.91: no connection to modbus server
[2025-03-01T08:19:20.119Z] ❌ Error reading register 1000 for IP 10.30.4.91: no connection to modbus server
[2025-03-01T08:19:20.119Z] Error reading actual data: no connection to modbus server
[2025-03-01T08:19:20.120Z] Error writing to Modbus register: no connection to modbus server
[2025-03-01T08:19:20.122Z] Error reading register 3105 for IP 10.30.4.91: no connection to modbus server
[2025-03-01T08:19:20.122Z] ❌ Error reading register 1000 for IP 10.30.4.91: no connection to modbus server
[2025-03-01T08:19:20.122Z] Error reading actual data: no connection to modbus server
[2025-03-01T08:19:20.122Z] Error writing to Modbus register: no connection to modbus server
[2025-03-01T08:19:20.123Z] Error reading register 3105 for IP 10.30.4.91: no connection to modbus server
[2025-03-01T08:19:20.123Z] ❌ Error reading register 1000 for IP 10.30.4.91: no connection to modbus server
[2025-03-01T08:19:20.123Z] Error reading actual data: no connection to modbus server
[2025-03-01T08:19:20.123Z] Error writing to Modbus register: no connection to modbus server
[2025-03-01T08:19:20.197Z] Error reading register 3105 for IP 10.30.4.91: no connection to modbus server
[2025-03-01T08:19:20.197Z] ❌ Error reading register 1000 for IP 10.30.4.91: no connection to modbus server
[2025-03-01T08:19:20.198Z] Error reading register 3105 for IP 10.30.4.91: no connection to modbus server
[2025-03-01T08:19:20.197Z] Error reading actual data: no connection to modbus server
[2025-03-01T08:19:20.198Z] Error reading actual data: no connection to modbus server
[2025-03-01T08:19:20.198Z] ❌ Error reading register 1000 for IP 10.30.4.91: no connection to modbus server
[2025-03-01T08:19:20.198Z] Error writing to Modbus register: no connection to modbus server
[2025-03-01T08:19:20.199Z] Error writing to Modbus register: no connection to modbus server
[2025-03-01T08:19:20.200Z] Error reading register 3105 for IP 10.30.4.91: no connection to modbus server
[2025-03-01T08:19:20.200Z] ❌ Error reading register 1000 for IP 10.30.4.91: no connection to modbus server
[2025-03-01T08:19:20.200Z] Error writing to Modbus register: no connection to modbus server
[2025-03-01T08:19:20.200Z] Error reading actual data: no connection to modbus server
[2025-03-01T08:19:21.134Z] ❌ Error reading register 1000 for IP 10.30.4.91: no connection to modbus server
[2025-03-01T08:19:21.135Z] Error writing to Modbus register: no connection to modbus server
[2025-03-01T08:19:21.137Z] ❌ Error reading register 1000 for IP 10.30.4.91: no connection to modbus server
[2025-03-01T08:19:21.134Z] Error reading actual data: no connection to modbus server
[2025-03-01T08:19:21.136Z] Error reading register 3105 for IP 10.30.4.91: no connection to modbus server
[2025-03-01T08:19:21.137Z] Error writing to Modbus register: no connection to modbus server
[2025-03-01T08:19:21.133Z] Error reading register 3105 for IP 10.30.4.91: no connection to modbus server
[2025-03-01T08:19:21.138Z] Error reading register 3105 for IP 10.30.4.91: no connection to modbus server
[2025-03-01T08:19:21.138Z] ❌ Error reading register 1000 for IP 10.30.4.91: no connection to modbus server
[2025-03-01T08:19:21.138Z] Error reading actual data: no connection to modbus server
[2025-03-01T08:19:21.137Z] Error reading actual data: no connection to modbus server
[2025-03-01T08:19:21.138Z] Error writing to Modbus register: no connection to modbus server
[2025-03-01T08:19:21.200Z] Error reading register 3105 for IP 10.30.4.91: no connection to modbus server
[2025-03-01T08:19:21.200Z] ❌ Error reading register 1000 for IP 10.30.4.91: no connection to modbus server
[2025-03-01T08:19:21.201Z] Error reading register 3105 for IP 10.30.4.91: no connection to modbus server
[2025-03-01T08:19:21.201Z] Error writing to Modbus register: no connection to modbus server
[2025-03-01T08:19:21.200Z] Error reading actual data: no connection to modbus server
[2025-03-01T08:19:21.201Z] Error reading actual data: no connection to modbus server
[2025-03-01T08:19:21.202Z] Error reading register 3105 for IP 10.30.4.91: no connection to modbus server
[2025-03-01T08:19:21.201Z] Error writing to Modbus register: no connection to modbus server
[2025-03-01T08:19:21.201Z] ❌ Error reading register 1000 for IP 10.30.4.91: no connection to modbus server
[2025-03-01T08:19:21.202Z] ❌ Error reading register 1000 for IP 10.30.4.91: no connection to modbus server
[2025-03-01T08:19:21.202Z] Error reading actual data: no connection to modbus server
[2025-03-01T08:19:21.205Z] Error writing to Modbus register: no connection to modbus server
[2025-03-01T08:19:22.135Z] Error reading register 3105 for IP 10.30.4.91: no connection to modbus server
[2025-03-01T08:19:22.135Z] ❌ Error reading register 1000 for IP 10.30.4.91: no connection to modbus server
[2025-03-01T08:19:22.136Z] Error reading actual data: no connection to modbus server
[2025-03-01T08:19:22.138Z] Error reading register 3105 for IP 10.30.4.91: no connection to modbus server
[2025-03-01T08:19:22.137Z] Error writing to Modbus register: no connection to modbus server
[2025-03-01T08:19:22.139Z] ❌ Error reading register 1000 for IP 10.30.4.91: no connection to modbus server
[2025-03-01T08:19:22.139Z] Error reading actual data: no connection to modbus server
[2025-03-01T08:19:22.140Z] Error writing to Modbus register: no connection to modbus server
[2025-03-01T08:19:22.140Z] ❌ Error reading register 1000 for IP 10.30.4.91: no connection to modbus server
[2025-03-01T08:19:22.140Z] Error reading register 3105 for IP 10.30.4.91: no connection to modbus server
[2025-03-01T08:19:22.140Z] Error reading actual data: no connection to modbus server
[2025-03-01T08:19:22.141Z] Error writing to Modbus register: no connection to modbus server
[2025-03-01T08:19:22.202Z] Error reading register 3105 for IP 10.30.4.91: no connection to modbus server
[2025-03-01T08:19:22.202Z] ❌ Error reading register 1000 for IP 10.30.4.91: no connection to modbus server
[2025-03-01T08:19:22.202Z] Error reading actual data: no connection to modbus server
[2025-03-01T08:19:22.204Z] Error writing to Modbus register: no connection to modbus server
[2025-03-01T08:19:22.205Z] Error reading register 3105 for IP 10.30.4.91: no connection to modbus server
[2025-03-01T08:19:22.206Z] ❌ Error reading register 1000 for IP 10.30.4.91: no connection to modbus server
[2025-03-01T08:19:22.206Z] Error reading actual data: no connection to modbus server
[2025-03-01T08:19:22.206Z] Error reading register 3105 for IP 10.30.4.91: no connection to modbus server
[2025-03-01T08:19:22.206Z] Error writing to Modbus register: no connection to modbus server
[2025-03-01T08:19:22.207Z] Error reading actual data: no connection to modbus server
[2025-03-01T08:19:22.207Z] ❌ Error reading register 1000 for IP 10.30.4.91: no connection to modbus server
[2025-03-01T08:19:22.207Z] Error writing to Modbus register: no connection to modbus server
[2025-03-01T08:19:23.150Z] Error reading register 3105 for IP 10.30.4.91: no connection to modbus server
[2025-03-01T08:19:23.151Z] ❌ Error reading register 1000 for IP 10.30.4.91: no connection to modbus server
[2025-03-01T08:19:23.154Z] Error reading register 3105 for IP 10.30.4.91: no connection to modbus server
[2025-03-01T08:19:23.154Z] ❌ Error reading register 1000 for IP 10.30.4.91: no connection to modbus server
[2025-03-01T08:19:23.151Z] Error reading actual data: no connection to modbus server
[2025-03-01T08:19:23.154Z] Error reading actual data: no connection to modbus server
[2025-03-01T08:19:23.155Z] Error writing to Modbus register: no connection to modbus server
[2025-03-01T08:19:23.155Z] Error reading actual data: no connection to modbus server
[2025-03-01T08:19:23.155Z] ❌ Error reading register 1000 for IP 10.30.4.91: no connection to modbus server
[2025-03-01T08:19:23.152Z] Error writing to Modbus register: no connection to modbus server
[2025-03-01T08:19:23.155Z] Error reading register 3105 for IP 10.30.4.91: no connection to modbus server
[2025-03-01T08:19:23.155Z] Error writing to Modbus register: no connection to modbus server
[2025-03-01T08:19:23.215Z] Error reading register 3105 for IP 10.30.4.91: no connection to modbus server
[2025-03-01T08:19:23.216Z] Error reading actual data: no connection to modbus server
[2025-03-01T08:19:23.216Z] ❌ Error reading register 1000 for IP 10.30.4.91: no connection to modbus server
[2025-03-01T08:19:23.217Z] Error writing to Modbus register: no connection to modbus server
[2025-03-01T08:19:23.218Z] Error reading register 3105 for IP 10.30.4.91: no connection to modbus server
[2025-03-01T08:19:23.219Z] ❌ Error reading register 1000 for IP 10.30.4.91: no connection to modbus server
[2025-03-01T08:19:23.219Z] Error reading actual data: no connection to modbus server
[2025-03-01T08:19:23.219Z] Error writing to Modbus register: no connection to modbus server
[2025-03-01T08:19:23.220Z] Error reading register 3105 for IP 10.30.4.91: no connection to modbus server
[2025-03-01T08:19:23.220Z] ❌ Error reading register 1000 for IP 10.30.4.91: no connection to modbus server
[2025-03-01T08:19:23.220Z] Error reading actual data: no connection to modbus server
[2025-03-01T08:19:23.221Z] Error writing to Modbus register: no connection to modbus server
[2025-03-01T08:19:24.151Z] Error reading register 3105 for IP 10.30.4.91: no connection to modbus server
[2025-03-01T08:19:24.152Z] ❌ Error reading register 1000 for IP 10.30.4.91: no connection to modbus server
[2025-03-01T08:19:24.152Z] Error reading actual data: no connection to modbus server
[2025-03-01T08:19:24.154Z] Error writing to Modbus register: no connection to modbus server
[2025-03-01T08:19:24.155Z] Error reading register 3105 for IP 10.30.4.91: no connection to modbus server
[2025-03-01T08:19:24.155Z] ❌ Error reading register 1000 for IP 10.30.4.91: no connection to modbus server
[2025-03-01T08:19:24.156Z] Error reading actual data: no connection to modbus server
[2025-03-01T08:19:24.157Z] Error writing to Modbus register: no connection to modbus server
[2025-03-01T08:19:24.158Z] Error reading register 3105 for IP 10.30.4.91: no connection to modbus server
[2025-03-01T08:19:24.158Z] ❌ Error reading register 1000 for IP 10.30.4.91: no connection to modbus server
[2025-03-01T08:19:24.158Z] Error reading actual data: no connection to modbus server
[2025-03-01T08:19:24.158Z] Error writing to Modbus register: no connection to modbus server
[2025-03-01T08:19:24.215Z] Error reading register 3105 for IP 10.30.4.91: no connection to modbus server
[2025-03-01T08:19:24.216Z] ❌ Error reading register 1000 for IP 10.30.4.91: no connection to modbus server
[2025-03-01T08:19:24.216Z] Error reading actual data: no connection to modbus server
[2025-03-01T08:19:24.216Z] Error writing to Modbus register: no connection to modbus server
[2025-03-01T08:19:24.218Z] Error reading register 3105 for IP 10.30.4.91: no connection to modbus server
[2025-03-01T08:19:24.218Z] ❌ Error reading register 1000 for IP 10.30.4.91: no connection to modbus server
[2025-03-01T08:19:24.218Z] Error reading actual data: no connection to modbus server
[2025-03-01T08:19:24.231Z] Error writing to Modbus register: no connection to modbus server
[2025-03-01T08:19:24.232Z] Error reading register 3105 for IP 10.30.4.91: no connection to modbus server
[2025-03-01T08:19:24.232Z] ❌ Error reading register 1000 for IP 10.30.4.91: no connection to modbus server
[2025-03-01T08:19:24.232Z] Error writing to Modbus register: no connection to modbus server
[2025-03-01T08:19:24.232Z] Error reading actual data: no connection to modbus server
[2025-03-01T08:19:25.168Z] Error reading register 3105 for IP 10.30.4.91: no connection to modbus server
[2025-03-01T08:19:25.169Z] ❌ Error reading register 1000 for IP 10.30.4.91: no connection to modbus server
[2025-03-01T08:19:25.169Z] Error reading actual data: no connection to modbus server
[2025-03-01T08:19:25.170Z] Error writing to Modbus register: no connection to modbus server
[2025-03-01T08:19:25.172Z] Error reading register 3105 for IP 10.30.4.91: no connection to modbus server
[2025-03-01T08:19:25.172Z] ❌ Error reading register 1000 for IP 10.30.4.91: no connection to modbus server
[2025-03-01T08:19:25.173Z] Error reading actual data: no connection to modbus server
[2025-03-01T08:19:25.173Z] Error writing to Modbus register: no connection to modbus server
[2025-03-01T08:19:25.173Z] Error reading register 3105 for IP 10.30.4.91: no connection to modbus server
[2025-03-01T08:19:25.173Z] ❌ Error reading register 1000 for IP 10.30.4.91: no connection to modbus server
[2025-03-01T08:19:25.173Z] Error reading actual data: no connection to modbus server
[2025-03-01T08:19:25.174Z] Error writing to Modbus register: no connection to modbus server
[2025-03-01T08:19:25.219Z] Error reading register 3105 for IP 10.30.4.91: no connection to modbus server
[2025-03-01T08:19:25.219Z] ❌ Error reading register 1000 for IP 10.30.4.91: no connection to modbus server
[2025-03-01T08:19:25.220Z] Error reading actual data: no connection to modbus server
[2025-03-01T08:19:25.221Z] Error writing to Modbus register: no connection to modbus server
[2025-03-01T08:19:25.222Z] Error reading register 3105 for IP 10.30.4.91: no connection to modbus server
[2025-03-01T08:19:25.222Z] ❌ Error reading register 1000 for IP 10.30.4.91: no connection to modbus server
[2025-03-01T08:19:25.223Z] Error reading actual data: no connection to modbus server
[2025-03-01T08:19:25.234Z] Error writing to Modbus register: no connection to modbus server
[2025-03-01T08:19:25.234Z] Error reading register 3105 for IP 10.30.4.91: no connection to modbus server
[2025-03-01T08:19:25.234Z] ❌ Error reading register 1000 for IP 10.30.4.91: no connection to modbus server
[2025-03-01T08:19:25.234Z] Error reading actual data: no connection to modbus server
[2025-03-01T08:19:25.235Z] Error writing to Modbus register: no connection to modbus server
[2025-03-01T08:19:26.169Z] Error reading register 3105 for IP 10.30.4.91: no connection to modbus server
[2025-03-01T08:19:26.169Z] ❌ Error reading register 1000 for IP 10.30.4.91: no connection to modbus server
[2025-03-01T08:19:26.170Z] Error reading actual data: no connection to modbus server
[2025-03-01T08:19:26.171Z] Error writing to Modbus register: no connection to modbus server
[2025-03-01T08:19:26.172Z] Error reading register 3105 for IP 10.30.4.91: no connection to modbus server
[2025-03-01T08:19:26.173Z] ❌ Error reading register 1000 for IP 10.30.4.91: no connection to modbus server
[2025-03-01T08:19:26.173Z] Error reading actual data: no connection to modbus server
[2025-03-01T08:19:26.175Z] Error writing to Modbus register: no connection to modbus server
[2025-03-01T08:19:26.175Z] Error reading register 3105 for IP 10.30.4.91: no connection to modbus server
[2025-03-01T08:19:26.175Z] ❌ Error reading register 1000 for IP 10.30.4.91: no connection to modbus server
[2025-03-01T08:19:26.175Z] Error writing to Modbus register: no connection to modbus server
[2025-03-01T08:19:26.175Z] Error reading actual data: no connection to modbus server
[2025-03-01T08:19:26.235Z] Error reading register 3105 for IP 10.30.4.91: no connection to modbus server
[2025-03-01T08:19:26.236Z] ❌ Error reading register 1000 for IP 10.30.4.91: no connection to modbus server
[2025-03-01T08:19:26.236Z] Error reading actual data: no connection to modbus server
[2025-03-01T08:19:26.238Z] Error writing to Modbus register: no connection to modbus server
[2025-03-01T08:19:26.239Z] Error reading register 3105 for IP 10.30.4.91: no connection to modbus server
[2025-03-01T08:19:26.239Z] ❌ Error reading register 1000 for IP 10.30.4.91: no connection to modbus server
[2025-03-01T08:19:26.240Z] Error reading actual data: no connection to modbus server
[2025-03-01T08:19:26.241Z] Error writing to Modbus register: no connection to modbus server
[2025-03-01T08:19:26.242Z] Error reading actual data: no connection to modbus server
[2025-03-01T08:19:26.242Z] ❌ Error reading register 1000 for IP 10.30.4.91: no connection to modbus server
[2025-03-01T08:19:26.242Z] Error writing to Modbus register: no connection to modbus server
[2025-03-01T08:19:26.242Z] Error reading register 3105 for IP 10.30.4.91: no connection to modbus server
[2025-03-01T08:19:27.173Z] Error reading register 3105 for IP 10.30.4.91: no connection to modbus server
[2025-03-01T08:19:27.173Z] ❌ Error reading register 1000 for IP 10.30.4.91: no connection to modbus server
[2025-03-01T08:19:27.174Z] Error reading actual data: no connection to modbus server
[2025-03-01T08:19:27.175Z] Error writing to Modbus register: no connection to modbus server
[2025-03-01T08:19:27.176Z] Error reading register 3105 for IP 10.30.4.91: no connection to modbus server
[2025-03-01T08:19:27.177Z] ❌ Error reading register 1000 for IP 10.30.4.91: no connection to modbus server
[2025-03-01T08:19:27.178Z] Error writing to Modbus register: no connection to modbus server
[2025-03-01T08:19:27.178Z] Error reading register 3105 for IP 10.30.4.91: no connection to modbus server
[2025-03-01T08:19:27.177Z] Error reading actual data: no connection to modbus server
[2025-03-01T08:19:27.179Z] ❌ Error reading register 1000 for IP 10.30.4.91: no connection to modbus server
[2025-03-01T08:19:27.179Z] Error reading actual data: no connection to modbus server
[2025-03-01T08:19:27.180Z] Error writing to Modbus register: no connection to modbus server
[2025-03-01T08:19:27.247Z] Error reading register 3105 for IP 10.30.4.91: no connection to modbus server
[2025-03-01T08:19:27.247Z] ❌ Error reading register 1000 for IP 10.30.4.91: no connection to modbus server
[2025-03-01T08:19:27.247Z] Error writing to Modbus register: no connection to modbus server
[2025-03-01T08:19:27.248Z] Error reading register 3105 for IP 10.30.4.91: no connection to modbus server
[2025-03-01T08:19:27.248Z] ❌ Error reading register 1000 for IP 10.30.4.91: no connection to modbus server
[2025-03-01T08:19:27.248Z] Error writing to Modbus register: no connection to modbus server
[2025-03-01T08:19:27.248Z] Error reading actual data: no connection to modbus server
[2025-03-01T08:19:27.248Z] Error reading register 3105 for IP 10.30.4.91: no connection to modbus server
[2025-03-01T08:19:27.247Z] Error reading actual data: no connection to modbus server
[2025-03-01T08:19:27.249Z] ❌ Error reading register 1000 for IP 10.30.4.91: no connection to modbus server
[2025-03-01T08:19:27.249Z] Error reading actual data: no connection to modbus server
[2025-03-01T08:19:27.249Z] Error writing to Modbus register: no connection to modbus server
[2025-03-01T08:19:28.185Z] ❌ Error reading register 1000 for IP 10.30.4.91: no connection to modbus server
[2025-03-01T08:19:28.185Z] Error reading register 3105 for IP 10.30.4.91: no connection to modbus server
[2025-03-01T08:19:28.186Z] Error reading actual data: no connection to modbus server
[2025-03-01T08:19:28.187Z] Error writing to Modbus register: no connection to modbus server
[2025-03-01T08:19:28.188Z] Error reading register 3105 for IP 10.30.4.91: no connection to modbus server
[2025-03-01T08:19:28.189Z] ❌ Error reading register 1000 for IP 10.30.4.91: no connection to modbus server
[2025-03-01T08:19:28.189Z] Error reading actual data: no connection to modbus server
[2025-03-01T08:19:28.190Z] Error writing to Modbus register: no connection to modbus server
[2025-03-01T08:19:28.191Z] Error reading register 3105 for IP 10.30.4.91: no connection to modbus server
[2025-03-01T08:19:28.191Z] ❌ Error reading register 1000 for IP 10.30.4.91: no connection to modbus server
[2025-03-01T08:19:28.191Z] Error reading actual data: no connection to modbus server
[2025-03-01T08:19:28.191Z] Error writing to Modbus register: no connection to modbus server
[2025-03-01T08:19:28.249Z] Error reading register 3105 for IP 10.30.4.91: no connection to modbus server
[2025-03-01T08:19:28.250Z] ❌ Error reading register 1000 for IP 10.30.4.91: no connection to modbus server
[2025-03-01T08:19:28.251Z] Error reading actual data: no connection to modbus server
[2025-03-01T08:19:28.252Z] Error writing to Modbus register: no connection to modbus server
[2025-03-01T08:19:28.253Z] Error reading register 3105 for IP 10.30.4.91: no connection to modbus server
[2025-03-01T08:19:28.253Z] ❌ Error reading register 1000 for IP 10.30.4.91: no connection to modbus server
[2025-03-01T08:19:28.253Z] Error reading actual data: no connection to modbus server
[2025-03-01T08:19:28.254Z] Error writing to Modbus register: no connection to modbus server
[2025-03-01T08:19:28.254Z] Error reading register 3105 for IP 10.30.4.91: no connection to modbus server
[2025-03-01T08:19:28.254Z] ❌ Error reading register 1000 for IP 10.30.4.91: no connection to modbus server
[2025-03-01T08:19:28.254Z] Error reading actual data: no connection to modbus server
[2025-03-01T08:19:28.255Z] Error writing to Modbus register: no connection to modbus server
[2025-03-01T08:19:29.201Z] Error reading register 3105 for IP 10.30.4.91: no connection to modbus server
[2025-03-01T08:19:29.202Z] ❌ Error reading register 1000 for IP 10.30.4.91: no connection to modbus server
[2025-03-01T08:19:29.204Z] Error writing to Modbus register: no connection to modbus server
[2025-03-01T08:19:29.205Z] Error reading register 3105 for IP 10.30.4.91: no connection to modbus server
[2025-03-01T08:19:29.206Z] ❌ Error reading register 1000 for IP 10.30.4.91: no connection to modbus server
[2025-03-01T08:19:29.206Z] Error reading actual data: no connection to modbus server
[2025-03-01T08:19:29.207Z] Error writing to Modbus register: no connection to modbus server
[2025-03-01T08:19:29.203Z] Error reading actual data: no connection to modbus server
[2025-03-01T08:19:29.208Z] Error reading register 3105 for IP 10.30.4.91: no connection to modbus server
[2025-03-01T08:19:29.208Z] ❌ Error reading register 1000 for IP 10.30.4.91: no connection to modbus server
[2025-03-01T08:19:29.209Z] Error reading actual data: no connection to modbus server
[2025-03-01T08:19:29.212Z] Error writing to Modbus register: no connection to modbus server
[2025-03-01T08:19:29.264Z] Error reading register 3105 for IP 10.30.4.91: no connection to modbus server
[2025-03-01T08:19:29.265Z] ❌ Error reading register 1000 for IP 10.30.4.91: no connection to modbus server
[2025-03-01T08:19:29.265Z] Error reading actual data: no connection to modbus server
[2025-03-01T08:19:29.267Z] Error writing to Modbus register: no connection to modbus server
[2025-03-01T08:19:29.268Z] Error reading register 3105 for IP 10.30.4.91: no connection to modbus server
[2025-03-01T08:19:29.269Z] ❌ Error reading register 1000 for IP 10.30.4.91: no connection to modbus server
[2025-03-01T08:19:29.269Z] Error reading actual data: no connection to modbus server
[2025-03-01T08:19:29.270Z] Error writing to Modbus register: no connection to modbus server
[2025-03-01T08:19:29.270Z] Error reading register 3105 for IP 10.30.4.91: no connection to modbus server
[2025-03-01T08:19:29.270Z] ❌ Error reading register 1000 for IP 10.30.4.91: no connection to modbus server
[2025-03-01T08:19:29.270Z] Error reading actual data: no connection to modbus server
[2025-03-01T08:19:29.270Z] Error writing to Modbus register: no connection to modbus server
[2025-03-01T08:19:30.215Z] Error reading register 3105 for IP 10.30.4.91: no connection to modbus server
[2025-03-01T08:19:30.216Z] Error reading actual data: no connection to modbus server
[2025-03-01T08:19:30.215Z] ❌ Error reading register 1000 for IP 10.30.4.91: no connection to modbus server
[2025-03-01T08:19:30.216Z] Error writing to Modbus register: no connection to modbus server
[2025-03-01T08:19:30.217Z] Error reading register 3105 for IP 10.30.4.91: no connection to modbus server
[2025-03-01T08:19:30.217Z] ❌ Error reading register 1000 for IP 10.30.4.91: no connection to modbus server
[2025-03-01T08:19:30.217Z] Error reading actual data: no connection to modbus server
[2025-03-01T08:19:30.218Z] Error writing to Modbus register: no connection to modbus server
[2025-03-01T08:19:30.219Z] Error reading register 3105 for IP 10.30.4.91: no connection to modbus server
[2025-03-01T08:19:30.219Z] ❌ Error reading register 1000 for IP 10.30.4.91: no connection to modbus server
[2025-03-01T08:19:30.219Z] Error reading actual data: no connection to modbus server
[2025-03-01T08:19:30.219Z] Error writing to Modbus register: no connection to modbus server
[2025-03-01T08:19:30.268Z] Error reading register 3105 for IP 10.30.4.91: no connection to modbus server
[2025-03-01T08:19:30.268Z] ❌ Error reading register 1000 for IP 10.30.4.91: no connection to modbus server
[2025-03-01T08:19:30.269Z] Error reading actual data: no connection to modbus server
[2025-03-01T08:19:30.270Z] Error writing to Modbus register: no connection to modbus server
[2025-03-01T08:19:30.271Z] Error reading register 3105 for IP 10.30.4.91: no connection to modbus server
[2025-03-01T08:19:30.271Z] ❌ Error reading register 1000 for IP 10.30.4.91: no connection to modbus server
[2025-03-01T08:19:30.272Z] Error reading actual data: no connection to modbus server
[2025-03-01T08:19:30.273Z] Error reading register 3105 for IP 10.30.4.91: no connection to modbus server
[2025-03-01T08:19:30.273Z] Error writing to Modbus register: no connection to modbus server
[2025-03-01T08:19:30.274Z] ❌ Error reading register 1000 for IP 10.30.4.91: no connection to modbus server
[2025-03-01T08:19:30.274Z] Error writing to Modbus register: no connection to modbus server
[2025-03-01T08:19:30.274Z] Error reading actual data: no connection to modbus server
[2025-03-01T08:19:31.220Z] ❌ Error reading register 1000 for IP 10.30.4.91: no connection to modbus server
[2025-03-01T08:19:31.219Z] Error reading register 3105 for IP 10.30.4.91: no connection to modbus server
[2025-03-01T08:19:31.220Z] Error reading actual data: no connection to modbus server
[2025-03-01T08:19:31.221Z] Error writing to Modbus register: no connection to modbus server
[2025-03-01T08:19:31.222Z] Error reading register 3105 for IP 10.30.4.91: no connection to modbus server
[2025-03-01T08:19:31.222Z] ❌ Error reading register 1000 for IP 10.30.4.91: no connection to modbus server
[2025-03-01T08:19:31.222Z] Error reading actual data: no connection to modbus server
[2025-03-01T08:19:31.222Z] Error writing to Modbus register: no connection to modbus server
[2025-03-01T08:19:31.223Z] Error reading register 3105 for IP 10.30.4.91: no connection to modbus server
[2025-03-01T08:19:31.223Z] ❌ Error reading register 1000 for IP 10.30.4.91: no connection to modbus server
[2025-03-01T08:19:31.223Z] Error reading actual data: no connection to modbus server
[2025-03-01T08:19:31.223Z] Error writing to Modbus register: no connection to modbus server
[2025-03-01T08:19:31.270Z] Error reading register 3105 for IP 10.30.4.91: no connection to modbus server
[2025-03-01T08:19:31.271Z] ❌ Error reading register 1000 for IP 10.30.4.91: no connection to modbus server
[2025-03-01T08:19:31.271Z] Error reading actual data: no connection to modbus server
[2025-03-01T08:19:31.273Z] Error writing to Modbus register: no connection to modbus server
[2025-03-01T08:19:31.274Z] ❌ Error reading register 1000 for IP 10.30.4.91: no connection to modbus server
[2025-03-01T08:19:31.274Z] Error reading register 3105 for IP 10.30.4.91: no connection to modbus server
[2025-03-01T08:19:31.274Z] Error reading actual data: no connection to modbus server
[2025-03-01T08:19:31.274Z] Error writing to Modbus register: no connection to modbus server
[2025-03-01T08:19:31.275Z] Error reading register 3105 for IP 10.30.4.91: no connection to modbus server
[2025-03-01T08:19:31.276Z] ❌ Error reading register 1000 for IP 10.30.4.91: no connection to modbus server
[2025-03-01T08:19:31.276Z] Error reading actual data: no connection to modbus server
[2025-03-01T08:19:31.276Z] Error writing to Modbus register: no connection to modbus server
[2025-03-01T08:19:32.235Z] Error reading register 3105 for IP 10.30.4.91: no connection to modbus server
[2025-03-01T08:19:32.235Z] ❌ Error reading register 1000 for IP 10.30.4.91: no connection to modbus server
[2025-03-01T08:19:32.237Z] Error writing to Modbus register: no connection to modbus server
[2025-03-01T08:19:32.239Z] ❌ Error reading register 1000 for IP 10.30.4.91: no connection to modbus server
[2025-03-01T08:19:32.239Z] Error reading register 3105 for IP 10.30.4.91: no connection to modbus server
[2025-03-01T08:19:32.239Z] Error reading actual data: no connection to modbus server
[2025-03-01T08:19:32.236Z] Error reading actual data: no connection to modbus server
[2025-03-01T08:19:32.240Z] Error writing to Modbus register: no connection to modbus server
[2025-03-01T08:19:32.240Z] Error reading register 3105 for IP 10.30.4.91: no connection to modbus server
[2025-03-01T08:19:32.240Z] ❌ Error reading register 1000 for IP 10.30.4.91: no connection to modbus server
[2025-03-01T08:19:32.241Z] Error reading actual data: no connection to modbus server
[2025-03-01T08:19:32.241Z] Error writing to Modbus register: no connection to modbus server
[2025-03-01T08:19:32.283Z] Error reading register 3105 for IP 10.30.4.91: no connection to modbus server
[2025-03-01T08:19:32.284Z] ❌ Error reading register 1000 for IP 10.30.4.91: no connection to modbus server
[2025-03-01T08:19:32.285Z] Error writing to Modbus register: no connection to modbus server
[2025-03-01T08:19:32.287Z] Error reading register 3105 for IP 10.30.4.91: no connection to modbus server
[2025-03-01T08:19:32.287Z] ❌ Error reading register 1000 for IP 10.30.4.91: no connection to modbus server
[2025-03-01T08:19:32.287Z] Error reading actual data: no connection to modbus server
[2025-03-01T08:19:32.288Z] Error writing to Modbus register: no connection to modbus server
[2025-03-01T08:19:32.284Z] Error reading actual data: no connection to modbus server
[2025-03-01T08:19:32.289Z] Error reading register 3105 for IP 10.30.4.91: no connection to modbus server
[2025-03-01T08:19:32.290Z] ❌ Error reading register 1000 for IP 10.30.4.91: no connection to modbus server
[2025-03-01T08:19:32.290Z] Error reading actual data: no connection to modbus server
[2025-03-01T08:19:32.290Z] Error writing to Modbus register: no connection to modbus server
[2025-03-01T08:19:33.232Z] Error reading register 3105 for IP 10.30.4.91: no connection to modbus server
[2025-03-01T08:19:33.233Z] ❌ Error reading register 1000 for IP 10.30.4.91: no connection to modbus server
[2025-03-01T08:19:33.233Z] Error reading actual data: no connection to modbus server
[2025-03-01T08:19:33.249Z] Error writing to Modbus register: no connection to modbus server
[2025-03-01T08:19:33.250Z] Error reading register 3105 for IP 10.30.4.91: no connection to modbus server
[2025-03-01T08:19:33.250Z] ❌ Error reading register 1000 for IP 10.30.4.91: no connection to modbus server
[2025-03-01T08:19:33.252Z] ❌ Error reading register 1000 for IP 10.30.4.91: no connection to modbus server
[2025-03-01T08:19:33.252Z] Error reading actual data: no connection to modbus server
[2025-03-01T08:19:33.251Z] Error writing to Modbus register: no connection to modbus server
[2025-03-01T08:19:33.250Z] Error reading actual data: no connection to modbus server
[2025-03-01T08:19:33.251Z] Error reading register 3105 for IP 10.30.4.91: no connection to modbus server
[2025-03-01T08:19:33.252Z] Error writing to Modbus register: no connection to modbus server
[2025-03-01T08:19:33.285Z] Error reading register 3105 for IP 10.30.4.91: no connection to modbus server
[2025-03-01T08:19:33.286Z] ❌ Error reading register 1000 for IP 10.30.4.91: no connection to modbus server
[2025-03-01T08:19:33.286Z] Error reading actual data: no connection to modbus server
[2025-03-01T08:19:33.287Z] Error writing to Modbus register: no connection to modbus server
[2025-03-01T08:19:33.289Z] ❌ Error reading register 1000 for IP 10.30.4.91: no connection to modbus server
[2025-03-01T08:19:33.289Z] Error reading register 3105 for IP 10.30.4.91: no connection to modbus server
[2025-03-01T08:19:33.289Z] Error reading actual data: no connection to modbus server
[2025-03-01T08:19:33.289Z] Error writing to Modbus register: no connection to modbus server
[2025-03-01T08:19:33.290Z] ❌ Error reading register 1000 for IP 10.30.4.91: no connection to modbus server
[2025-03-01T08:19:33.290Z] Error reading register 3105 for IP 10.30.4.91: no connection to modbus server
[2025-03-01T08:19:33.290Z] Error reading actual data: no connection to modbus server
[2025-03-01T08:19:33.291Z] Error writing to Modbus register: no connection to modbus server
[2025-03-01T08:19:34.235Z] Error reading register 3105 for IP 10.30.4.91: no connection to modbus server
[2025-03-01T08:19:34.235Z] ❌ Error reading register 1000 for IP 10.30.4.91: no connection to modbus server
[2025-03-01T08:19:34.236Z] Error reading actual data: no connection to modbus server
[2025-03-01T08:19:34.261Z] Error writing to Modbus register: no connection to modbus server
[2025-03-01T08:19:34.261Z] Error reading register 3105 for IP 10.30.4.91: no connection to modbus server
[2025-03-01T08:19:34.261Z] ❌ Error reading register 1000 for IP 10.30.4.91: no connection to modbus server
[2025-03-01T08:19:34.262Z] Error reading actual data: no connection to modbus server
[2025-03-01T08:19:34.262Z] Error writing to Modbus register: no connection to modbus server
[2025-03-01T08:19:34.262Z] Error reading register 3105 for IP 10.30.4.91: no connection to modbus server
[2025-03-01T08:19:34.262Z] ❌ Error reading register 1000 for IP 10.30.4.91: no connection to modbus server
[2025-03-01T08:19:34.263Z] Error reading actual data: no connection to modbus server
[2025-03-01T08:19:34.263Z] Error writing to Modbus register: no connection to modbus server
[2025-03-01T08:19:34.300Z] Error reading register 3105 for IP 10.30.4.91: no connection to modbus server
[2025-03-01T08:19:34.301Z] ❌ Error reading register 1000 for IP 10.30.4.91: no connection to modbus server
[2025-03-01T08:19:34.301Z] Error reading actual data: no connection to modbus server
[2025-03-01T08:19:34.301Z] Error writing to Modbus register: no connection to modbus server
[2025-03-01T08:19:34.302Z] Error reading register 3105 for IP 10.30.4.91: no connection to modbus server
[2025-03-01T08:19:34.302Z] ❌ Error reading register 1000 for IP 10.30.4.91: no connection to modbus server
[2025-03-01T08:19:34.302Z] Error reading actual data: no connection to modbus server
[2025-03-01T08:19:34.302Z] Error reading register 3105 for IP 10.30.4.91: no connection to modbus server
[2025-03-01T08:19:34.302Z] Error writing to Modbus register: no connection to modbus server
[2025-03-01T08:19:34.302Z] ❌ Error reading register 1000 for IP 10.30.4.91: no connection to modbus server
[2025-03-01T08:19:34.302Z] Error reading actual data: no connection to modbus server
[2025-03-01T08:19:34.303Z] Error writing to Modbus register: no connection to modbus server
[2025-03-01T08:19:35.249Z] Error reading register 3105 for IP 10.30.4.91: no connection to modbus server
[2025-03-01T08:19:35.249Z] ❌ Error reading register 1000 for IP 10.30.4.91: no connection to modbus server
[2025-03-01T08:19:35.250Z] Error reading actual data: no connection to modbus server
[2025-03-01T08:19:35.267Z] Error writing to Modbus register: no connection to modbus server
[2025-03-01T08:19:35.268Z] Error reading register 3105 for IP 10.30.4.91: no connection to modbus server
[2025-03-01T08:19:35.269Z] ❌ Error reading register 1000 for IP 10.30.4.91: no connection to modbus server
[2025-03-01T08:19:35.269Z] Error reading actual data: no connection to modbus server
[2025-03-01T08:19:35.270Z] Error writing to Modbus register: no connection to modbus server
[2025-03-01T08:19:35.271Z] Error reading register 3105 for IP 10.30.4.91: no connection to modbus server
[2025-03-01T08:19:35.271Z] Error reading actual data: no connection to modbus server
[2025-03-01T08:19:35.271Z] ❌ Error reading register 1000 for IP 10.30.4.91: no connection to modbus server
[2025-03-01T08:19:35.272Z] Error writing to Modbus register: no connection to modbus server
[2025-03-01T08:19:35.308Z] Error reading register 3105 for IP 10.30.4.91: no connection to modbus server
[2025-03-01T08:19:35.308Z] ❌ Error reading register 1000 for IP 10.30.4.91: no connection to modbus server
[2025-03-01T08:19:35.308Z] Error reading actual data: no connection to modbus server
[2025-03-01T08:19:35.308Z] Error reading register 3105 for IP 10.30.4.91: no connection to modbus server
[2025-03-01T08:19:35.309Z] Error reading actual data: no connection to modbus server
[2025-03-01T08:19:35.309Z] ❌ Error reading register 1000 for IP 10.30.4.91: no connection to modbus server
[2025-03-01T08:19:35.308Z] Error writing to Modbus register: no connection to modbus server
[2025-03-01T08:19:35.309Z] Error writing to Modbus register: no connection to modbus server
[2025-03-01T08:19:35.309Z] Error reading register 3105 for IP 10.30.4.91: no connection to modbus server
[2025-03-01T08:19:35.309Z] Error reading actual data: no connection to modbus server
[2025-03-01T08:19:35.309Z] ❌ Error reading register 1000 for IP 10.30.4.91: no connection to modbus server
[2025-03-01T08:19:35.310Z] Error writing to Modbus register: no connection to modbus server
[2025-03-01T08:19:36.251Z] Error reading register 3105 for IP 10.30.4.91: no connection to modbus server
[2025-03-01T08:19:36.252Z] ❌ Error reading register 1000 for IP 10.30.4.91: no connection to modbus server
[2025-03-01T08:19:36.252Z] Error reading actual data: no connection to modbus server
[2025-03-01T08:19:36.267Z] Error writing to Modbus register: no connection to modbus server
[2025-03-01T08:19:36.269Z] Error reading register 3105 for IP 10.30.4.91: no connection to modbus server
[2025-03-01T08:19:36.270Z] ❌ Error reading register 1000 for IP 10.30.4.91: no connection to modbus server
[2025-03-01T08:19:36.270Z] Error reading actual data: no connection to modbus server
[2025-03-01T08:19:36.272Z] Error writing to Modbus register: no connection to modbus server
[2025-03-01T08:19:36.273Z] Error reading register 3105 for IP 10.30.4.91: no connection to modbus server
[2025-03-01T08:19:36.273Z] ❌ Error reading register 1000 for IP 10.30.4.91: no connection to modbus server
[2025-03-01T08:19:36.273Z] Error reading actual data: no connection to modbus server
[2025-03-01T08:19:36.274Z] Error writing to Modbus register: no connection to modbus server
[2025-03-01T08:19:36.317Z] Error reading register 3105 for IP 10.30.4.91: no connection to modbus server
[2025-03-01T08:19:36.317Z] ❌ Error reading register 1000 for IP 10.30.4.91: no connection to modbus server
[2025-03-01T08:19:36.320Z] ❌ Error reading register 1000 for IP 10.30.4.91: no connection to modbus server
[2025-03-01T08:19:36.321Z] Error reading actual data: no connection to modbus server
[2025-03-01T08:19:36.321Z] Error writing to Modbus register: no connection to modbus server
[2025-03-01T08:19:36.321Z] Error reading register 3105 for IP 10.30.4.91: no connection to modbus server
[2025-03-01T08:19:36.318Z] Error reading actual data: no connection to modbus server
[2025-03-01T08:19:36.321Z] ❌ Error reading register 1000 for IP 10.30.4.91: no connection to modbus server
[2025-03-01T08:19:36.321Z] Error reading actual data: no connection to modbus server
[2025-03-01T08:19:36.319Z] Error writing to Modbus register: no connection to modbus server
[2025-03-01T08:19:36.320Z] Error reading register 3105 for IP 10.30.4.91: no connection to modbus server
[2025-03-01T08:19:36.322Z] Error writing to Modbus register: no connection to modbus server
[2025-03-01T08:19:37.267Z] ❌ Error reading register 1000 for IP 10.30.4.91: no connection to modbus server
[2025-03-01T08:19:37.266Z] Error reading register 3105 for IP 10.30.4.91: no connection to modbus server
[2025-03-01T08:19:37.267Z] Error reading actual data: no connection to modbus server
[2025-03-01T08:19:37.268Z] Error writing to Modbus register: no connection to modbus server
[2025-03-01T08:19:37.268Z] Error reading register 3105 for IP 10.30.4.91: no connection to modbus server
[2025-03-01T08:19:37.268Z] ❌ Error reading register 1000 for IP 10.30.4.91: no connection to modbus server
[2025-03-01T08:19:37.269Z] Error reading actual data: no connection to modbus server
[2025-03-01T08:19:37.270Z] Error writing to Modbus register: no connection to modbus server
[2025-03-01T08:19:37.271Z] Error reading register 3105 for IP 10.30.4.91: no connection to modbus server
[2025-03-01T08:19:37.272Z] ❌ Error reading register 1000 for IP 10.30.4.91: no connection to modbus server
[2025-03-01T08:19:37.272Z] Error reading actual data: no connection to modbus server
[2025-03-01T08:19:37.284Z] Error writing to Modbus register: no connection to modbus server
[2025-03-01T08:19:37.318Z] Error reading register 3105 for IP 10.30.4.91: no connection to modbus server
[2025-03-01T08:19:37.319Z] ❌ Error reading register 1000 for IP 10.30.4.91: no connection to modbus server
[2025-03-01T08:19:37.319Z] Error reading actual data: no connection to modbus server
[2025-03-01T08:19:37.321Z] Error writing to Modbus register: no connection to modbus server
[2025-03-01T08:19:37.322Z] Error reading register 3105 for IP 10.30.4.91: no connection to modbus server
[2025-03-01T08:19:37.322Z] ❌ Error reading register 1000 for IP 10.30.4.91: no connection to modbus server
[2025-03-01T08:19:37.323Z] Error reading actual data: no connection to modbus server
[2025-03-01T08:19:37.323Z] Error writing to Modbus register: no connection to modbus server
[2025-03-01T08:19:37.324Z] Error reading register 3105 for IP 10.30.4.91: no connection to modbus server
[2025-03-01T08:19:37.324Z] ❌ Error reading register 1000 for IP 10.30.4.91: no connection to modbus server
[2025-03-01T08:19:37.324Z] Error reading actual data: no connection to modbus server
[2025-03-01T08:19:37.326Z] Error writing to Modbus register: no connection to modbus server
[2025-03-01T08:19:38.279Z] Error reading register 3105 for IP 10.30.4.91: no connection to modbus server
[2025-03-01T08:19:38.279Z] ❌ Error reading register 1000 for IP 10.30.4.91: no connection to modbus server
[2025-03-01T08:19:38.279Z] Error writing to Modbus register: no connection to modbus server
[2025-03-01T08:19:38.279Z] Error reading actual data: no connection to modbus server
[2025-03-01T08:19:38.280Z] Error reading register 3105 for IP 10.30.4.91: no connection to modbus server
[2025-03-01T08:19:38.280Z] ❌ Error reading register 1000 for IP 10.30.4.91: no connection to modbus server
[2025-03-01T08:19:38.280Z] Error reading actual data: no connection to modbus server
[2025-03-01T08:19:38.280Z] Error writing to Modbus register: no connection to modbus server
[2025-03-01T08:19:38.281Z] Error reading register 3105 for IP 10.30.4.91: no connection to modbus server
[2025-03-01T08:19:38.281Z] ❌ Error reading register 1000 for IP 10.30.4.91: no connection to modbus server
[2025-03-01T08:19:38.281Z] Error reading actual data: no connection to modbus server
[2025-03-01T08:19:38.294Z] Error writing to Modbus register: no connection to modbus server
[2025-03-01T08:19:38.318Z] Error reading register 3105 for IP 10.30.4.91: no connection to modbus server
[2025-03-01T08:19:38.319Z] ❌ Error reading register 1000 for IP 10.30.4.91: no connection to modbus server
[2025-03-01T08:19:38.319Z] Error reading actual data: no connection to modbus server
[2025-03-01T08:19:38.321Z] Error writing to Modbus register: no connection to modbus server
[2025-03-01T08:19:38.321Z] Error reading register 3105 for IP 10.30.4.91: no connection to modbus server
[2025-03-01T08:19:38.322Z] ❌ Error reading register 1000 for IP 10.30.4.91: no connection to modbus server
[2025-03-01T08:19:38.322Z] Error reading actual data: no connection to modbus server
[2025-03-01T08:19:38.323Z] Error writing to Modbus register: no connection to modbus server
[2025-03-01T08:19:38.325Z] Error reading register 3105 for IP 10.30.4.91: no connection to modbus server
[2025-03-01T08:19:38.325Z] ❌ Error reading register 1000 for IP 10.30.4.91: no connection to modbus server
[2025-03-01T08:19:38.325Z] Error reading actual data: no connection to modbus server
[2025-03-01T08:19:38.325Z] Error writing to Modbus register: no connection to modbus server
[2025-03-01T08:19:39.280Z] Error reading register 3105 for IP 10.30.4.91: no connection to modbus server
[2025-03-01T08:19:39.281Z] ❌ Error reading register 1000 for IP 10.30.4.91: no connection to modbus server
[2025-03-01T08:19:39.281Z] Error reading actual data: no connection to modbus server
[2025-03-01T08:19:39.282Z] Error writing to Modbus register: no connection to modbus server
[2025-03-01T08:19:39.283Z] Error reading register 3105 for IP 10.30.4.91: no connection to modbus server
[2025-03-01T08:19:39.283Z] ❌ Error reading register 1000 for IP 10.30.4.91: no connection to modbus server
[2025-03-01T08:19:39.284Z] Error reading actual data: no connection to modbus server
[2025-03-01T08:19:39.285Z] Error writing to Modbus register: no connection to modbus server
[2025-03-01T08:19:39.286Z] Error reading register 3105 for IP 10.30.4.91: no connection to modbus server
[2025-03-01T08:19:39.286Z] ❌ Error reading register 1000 for IP 10.30.4.91: no connection to modbus server
[2025-03-01T08:19:39.286Z] Error reading actual data: no connection to modbus server
[2025-03-01T08:19:39.300Z] Error writing to Modbus register: no connection to modbus server
[2025-03-01T08:19:39.333Z] Error reading register 3105 for IP 10.30.4.91: no connection to modbus server
[2025-03-01T08:19:39.333Z] ❌ Error reading register 1000 for IP 10.30.4.91: no connection to modbus server
[2025-03-01T08:19:39.333Z] Error reading actual data: no connection to modbus server
[2025-03-01T08:19:39.334Z] Error writing to Modbus register: no connection to modbus server
[2025-03-01T08:19:39.335Z] Error reading register 3105 for IP 10.30.4.91: no connection to modbus server
[2025-03-01T08:19:39.335Z] ❌ Error reading register 1000 for IP 10.30.4.91: no connection to modbus server
[2025-03-01T08:19:39.335Z] Error reading actual data: no connection to modbus server
[2025-03-01T08:19:39.336Z] Error writing to Modbus register: no connection to modbus server
[2025-03-01T08:19:39.336Z] Error reading register 3105 for IP 10.30.4.91: no connection to modbus server
[2025-03-01T08:19:39.336Z] ❌ Error reading register 1000 for IP 10.30.4.91: no connection to modbus server
[2025-03-01T08:19:39.336Z] Error reading actual data: no connection to modbus server
[2025-03-01T08:19:39.337Z] Error writing to Modbus register: no connection to modbus server
[2025-03-01T08:19:40.285Z] Error reading register 3105 for IP 10.30.4.91: no connection to modbus server
[2025-03-01T08:19:40.285Z] ❌ Error reading register 1000 for IP 10.30.4.91: no connection to modbus server
[2025-03-01T08:19:40.286Z] Error reading actual data: no connection to modbus server
[2025-03-01T08:19:40.287Z] Error writing to Modbus register: no connection to modbus server
[2025-03-01T08:19:40.288Z] Error reading register 3105 for IP 10.30.4.91: no connection to modbus server
[2025-03-01T08:19:40.288Z] ❌ Error reading register 1000 for IP 10.30.4.91: no connection to modbus server
[2025-03-01T08:19:40.288Z] Error reading actual data: no connection to modbus server
[2025-03-01T08:19:40.289Z] Error writing to Modbus register: no connection to modbus server
[2025-03-01T08:19:40.290Z] Error reading register 3105 for IP 10.30.4.91: no connection to modbus server
[2025-03-01T08:19:40.290Z] ❌ Error reading register 1000 for IP 10.30.4.91: no connection to modbus server
[2025-03-01T08:19:40.290Z] Error reading actual data: no connection to modbus server
[2025-03-01T08:19:40.300Z] Error writing to Modbus register: no connection to modbus server
[2025-03-01T08:19:40.335Z] Error reading register 3105 for IP 10.30.4.91: no connection to modbus server
[2025-03-01T08:19:40.337Z] Error reading actual data: no connection to modbus server
[2025-03-01T08:19:40.336Z] ❌ Error reading register 1000 for IP 10.30.4.91: no connection to modbus server
[2025-03-01T08:19:40.338Z] Error writing to Modbus register: no connection to modbus server
[2025-03-01T08:19:40.339Z] Error reading register 3105 for IP 10.30.4.91: no connection to modbus server
[2025-03-01T08:19:40.339Z] ❌ Error reading register 1000 for IP 10.30.4.91: no connection to modbus server
[2025-03-01T08:19:40.339Z] Error reading actual data: no connection to modbus server
[2025-03-01T08:19:40.341Z] Error writing to Modbus register: no connection to modbus server
[2025-03-01T08:19:40.341Z] ❌ Error reading register 1000 for IP 10.30.4.91: no connection to modbus server
[2025-03-01T08:19:40.341Z] Error reading register 3105 for IP 10.30.4.91: no connection to modbus server
[2025-03-01T08:19:40.342Z] Error reading actual data: no connection to modbus server
[2025-03-01T08:19:40.342Z] Error writing to Modbus register: no connection to modbus server
[2025-03-01T08:19:41.285Z] Error reading register 3105 for IP 10.30.4.91: no connection to modbus server
[2025-03-01T08:19:41.285Z] ❌ Error reading register 1000 for IP 10.30.4.91: no connection to modbus server
[2025-03-01T08:19:41.285Z] Error reading actual data: no connection to modbus server
[2025-03-01T08:19:41.286Z] Error writing to Modbus register: no connection to modbus server
[2025-03-01T08:19:41.300Z] Error reading register 3105 for IP 10.30.4.91: no connection to modbus server
[2025-03-01T08:19:41.300Z] ❌ Error reading register 1000 for IP 10.30.4.91: no connection to modbus server
[2025-03-01T08:19:41.301Z] Error writing to Modbus register: no connection to modbus server
[2025-03-01T08:19:41.302Z] Error reading register 3105 for IP 10.30.4.91: no connection to modbus server
[2025-03-01T08:19:41.302Z] ❌ Error reading register 1000 for IP 10.30.4.91: no connection to modbus server
[2025-03-01T08:19:41.301Z] Error reading actual data: no connection to modbus server
[2025-03-01T08:19:41.302Z] Error reading actual data: no connection to modbus server
[2025-03-01T08:19:41.302Z] Error writing to Modbus register: no connection to modbus server
[2025-03-01T08:19:41.352Z] Error reading register 3105 for IP 10.30.4.91: no connection to modbus server
[2025-03-01T08:19:41.353Z] ❌ Error reading register 1000 for IP 10.30.4.91: no connection to modbus server
[2025-03-01T08:19:41.353Z] Error reading actual data: no connection to modbus server
[2025-03-01T08:19:41.355Z] Error writing to Modbus register: no connection to modbus server
[2025-03-01T08:19:41.357Z] Error reading register 3105 for IP 10.30.4.91: no connection to modbus server
[2025-03-01T08:19:41.357Z] ❌ Error reading register 1000 for IP 10.30.4.91: no connection to modbus server
[2025-03-01T08:19:41.358Z] Error reading actual data: no connection to modbus server
[2025-03-01T08:19:41.358Z] Error writing to Modbus register: no connection to modbus server
[2025-03-01T08:19:41.358Z] Error reading register 3105 for IP 10.30.4.91: no connection to modbus server
[2025-03-01T08:19:41.359Z] ❌ Error reading register 1000 for IP 10.30.4.91: no connection to modbus server
[2025-03-01T08:19:41.359Z] Error reading actual data: no connection to modbus server
[2025-03-01T08:19:41.359Z] Error writing to Modbus register: no connection to modbus server
[2025-03-01T08:19:42.302Z] Error reading register 3105 for IP 10.30.4.91: no connection to modbus server
[2025-03-01T08:19:42.302Z] ❌ Error reading register 1000 for IP 10.30.4.91: no connection to modbus server
[2025-03-01T08:19:42.303Z] Error reading actual data: no connection to modbus server
[2025-03-01T08:19:42.304Z] Error writing to Modbus register: no connection to modbus server
[2025-03-01T08:19:42.305Z] Error reading register 3105 for IP 10.30.4.91: no connection to modbus server
[2025-03-01T08:19:42.306Z] ❌ Error reading register 1000 for IP 10.30.4.91: no connection to modbus server
[2025-03-01T08:19:42.306Z] Error reading actual data: no connection to modbus server
[2025-03-01T08:19:42.307Z] Error writing to Modbus register: no connection to modbus server
[2025-03-01T08:19:42.307Z] Error reading register 3105 for IP 10.30.4.91: no connection to modbus server
[2025-03-01T08:19:42.308Z] Error reading actual data: no connection to modbus server
[2025-03-01T08:19:42.307Z] ❌ Error reading register 1000 for IP 10.30.4.91: no connection to modbus server
[2025-03-01T08:19:42.308Z] Error writing to Modbus register: no connection to modbus server
[2025-03-01T08:19:42.368Z] Error reading register 3105 for IP 10.30.4.91: no connection to modbus server
[2025-03-01T08:19:42.368Z] ❌ Error reading register 1000 for IP 10.30.4.91: no connection to modbus server
[2025-03-01T08:19:42.369Z] Error reading actual data: no connection to modbus server
[2025-03-01T08:19:42.370Z] Error writing to Modbus register: no connection to modbus server
[2025-03-01T08:19:42.371Z] Error reading register 3105 for IP 10.30.4.91: no connection to modbus server
[2025-03-01T08:19:42.371Z] ❌ Error reading register 1000 for IP 10.30.4.91: no connection to modbus server
[2025-03-01T08:19:42.372Z] Error reading actual data: no connection to modbus server
[2025-03-01T08:19:42.373Z] Error writing to Modbus register: no connection to modbus server
[2025-03-01T08:19:42.373Z] Error reading register 3105 for IP 10.30.4.91: no connection to modbus server
[2025-03-01T08:19:42.374Z] ❌ Error reading register 1000 for IP 10.30.4.91: no connection to modbus server
[2025-03-01T08:19:42.374Z] Error reading actual data: no connection to modbus server
[2025-03-01T08:19:42.374Z] Error writing to Modbus register: no connection to modbus server
[2025-03-01T08:19:43.306Z] Error reading register 3105 for IP 10.30.4.91: no connection to modbus server
[2025-03-01T08:19:43.307Z] ❌ Error reading register 1000 for IP 10.30.4.91: no connection to modbus server
[2025-03-01T08:19:43.307Z] Error reading actual data: no connection to modbus server
[2025-03-01T08:19:43.307Z] Error writing to Modbus register: no connection to modbus server
[2025-03-01T08:19:43.307Z] Error reading register 3105 for IP 10.30.4.91: no connection to modbus server
[2025-03-01T08:19:43.308Z] ❌ Error reading register 1000 for IP 10.30.4.91: no connection to modbus server
[2025-03-01T08:19:43.308Z] Error reading actual data: no connection to modbus server
[2025-03-01T08:19:43.308Z] Error writing to Modbus register: no connection to modbus server
[2025-03-01T08:19:43.310Z] Error reading register 3105 for IP 10.30.4.91: no connection to modbus server
[2025-03-01T08:19:43.310Z] ❌ Error reading register 1000 for IP 10.30.4.91: no connection to modbus server
[2025-03-01T08:19:43.310Z] Error reading actual data: no connection to modbus server
[2025-03-01T08:19:43.310Z] Error writing to Modbus register: no connection to modbus server
[2025-03-01T08:19:43.369Z] Error reading register 3105 for IP 10.30.4.91: no connection to modbus server
[2025-03-01T08:19:43.369Z] ❌ Error reading register 1000 for IP 10.30.4.91: no connection to modbus server
[2025-03-01T08:19:43.369Z] Error reading actual data: no connection to modbus server
[2025-03-01T08:19:43.370Z] Error writing to Modbus register: no connection to modbus server
[2025-03-01T08:19:43.371Z] Error reading register 3105 for IP 10.30.4.91: no connection to modbus server
[2025-03-01T08:19:43.371Z] ❌ Error reading register 1000 for IP 10.30.4.91: no connection to modbus server
[2025-03-01T08:19:43.372Z] Error reading actual data: no connection to modbus server
[2025-03-01T08:19:43.373Z] Error writing to Modbus register: no connection to modbus server
[2025-03-01T08:19:43.373Z] Error reading register 3105 for IP 10.30.4.91: no connection to modbus server
[2025-03-01T08:19:43.373Z] ❌ Error reading register 1000 for IP 10.30.4.91: no connection to modbus server
[2025-03-01T08:19:43.373Z] Error reading actual data: no connection to modbus server
[2025-03-01T08:19:43.374Z] Error writing to Modbus register: no connection to modbus server
[2025-03-01T08:19:44.319Z] ❌ Error reading register 1000 for IP 10.30.4.91: no connection to modbus server
[2025-03-01T08:19:44.319Z] Error reading actual data: no connection to modbus server
[2025-03-01T08:19:44.318Z] Error reading register 3105 for IP 10.30.4.91: no connection to modbus server
[2025-03-01T08:19:44.320Z] Error writing to Modbus register: no connection to modbus server
[2025-03-01T08:19:44.322Z] Error reading register 3105 for IP 10.30.4.91: no connection to modbus server
[2025-03-01T08:19:44.322Z] ❌ Error reading register 1000 for IP 10.30.4.91: no connection to modbus server
[2025-03-01T08:19:44.322Z] Error reading actual data: no connection to modbus server
[2025-03-01T08:19:44.322Z] Error writing to Modbus register: no connection to modbus server
[2025-03-01T08:19:44.322Z] Error reading register 3105 for IP 10.30.4.91: no connection to modbus server
[2025-03-01T08:19:44.323Z] ❌ Error reading register 1000 for IP 10.30.4.91: no connection to modbus server
[2025-03-01T08:19:44.323Z] Error writing to Modbus register: no connection to modbus server
[2025-03-01T08:19:44.323Z] Error reading actual data: no connection to modbus server
[2025-03-01T08:19:44.386Z] Error reading register 3105 for IP 10.30.4.91: no connection to modbus server
[2025-03-01T08:19:44.387Z] ❌ Error reading register 1000 for IP 10.30.4.91: no connection to modbus server
[2025-03-01T08:19:44.387Z] Error reading actual data: no connection to modbus server
[2025-03-01T08:19:44.388Z] Error writing to Modbus register: no connection to modbus server
[2025-03-01T08:19:44.390Z] Error reading register 3105 for IP 10.30.4.91: no connection to modbus server
[2025-03-01T08:19:44.390Z] ❌ Error reading register 1000 for IP 10.30.4.91: no connection to modbus server
[2025-03-01T08:19:44.390Z] Error reading actual data: no connection to modbus server
[2025-03-01T08:19:44.391Z] Error writing to Modbus register: no connection to modbus server
[2025-03-01T08:19:44.392Z] Error reading register 3105 for IP 10.30.4.91: no connection to modbus server
[2025-03-01T08:19:44.392Z] ❌ Error reading register 1000 for IP 10.30.4.91: no connection to modbus server
[2025-03-01T08:19:44.392Z] Error reading actual data: no connection to modbus server
[2025-03-01T08:19:44.393Z] Error writing to Modbus register: no connection to modbus server
[2025-03-01T08:19:45.318Z] Error reading register 3105 for IP 10.30.4.91: no connection to modbus server
[2025-03-01T08:19:45.318Z] ❌ Error reading register 1000 for IP 10.30.4.91: no connection to modbus server
[2025-03-01T08:19:45.319Z] Error reading actual data: no connection to modbus server
[2025-03-01T08:19:45.320Z] Error writing to Modbus register: no connection to modbus server
[2025-03-01T08:19:45.320Z] Error reading register 3105 for IP 10.30.4.91: no connection to modbus server
[2025-03-01T08:19:45.321Z] ❌ Error reading register 1000 for IP 10.30.4.91: no connection to modbus server
[2025-03-01T08:19:45.321Z] Error reading actual data: no connection to modbus server
[2025-03-01T08:19:45.333Z] Error writing to Modbus register: no connection to modbus server
[2025-03-01T08:19:45.334Z] Error reading register 3105 for IP 10.30.4.91: no connection to modbus server
[2025-03-01T08:19:45.334Z] ❌ Error reading register 1000 for IP 10.30.4.91: no connection to modbus server
[2025-03-01T08:19:45.334Z] Error reading actual data: no connection to modbus server
[2025-03-01T08:19:45.334Z] Error writing to Modbus register: no connection to modbus server
[2025-03-01T08:19:45.384Z] Error reading register 3105 for IP 10.30.4.91: no connection to modbus server
[2025-03-01T08:19:45.385Z] ❌ Error reading register 1000 for IP 10.30.4.91: no connection to modbus server
[2025-03-01T08:19:45.385Z] Error reading actual data: no connection to modbus server
[2025-03-01T08:19:45.388Z] Error writing to Modbus register: no connection to modbus server
[2025-03-01T08:19:45.389Z] Error reading register 3105 for IP 10.30.4.91: no connection to modbus server
[2025-03-01T08:19:45.389Z] ❌ Error reading register 1000 for IP 10.30.4.91: no connection to modbus server
[2025-03-01T08:19:45.389Z] Error reading actual data: no connection to modbus server
[2025-03-01T08:19:45.390Z] Error writing to Modbus register: no connection to modbus server
[2025-03-01T08:19:45.400Z] Error reading register 3105 for IP 10.30.4.91: no connection to modbus server
[2025-03-01T08:19:45.401Z] Error writing to Modbus register: no connection to modbus server
[2025-03-01T08:19:45.400Z] ❌ Error reading register 1000 for IP 10.30.4.91: no connection to modbus server
[2025-03-01T08:19:45.400Z] Error reading actual data: no connection to modbus server
[2025-03-01T08:19:46.320Z] Error reading register 3105 for IP 10.30.4.91: no connection to modbus server
[2025-03-01T08:19:46.320Z] ❌ Error reading register 1000 for IP 10.30.4.91: no connection to modbus server
[2025-03-01T08:19:46.320Z] Error reading actual data: no connection to modbus server
[2025-03-01T08:19:46.323Z] Error reading register 3105 for IP 10.30.4.91: no connection to modbus server
[2025-03-01T08:19:46.322Z] Error writing to Modbus register: no connection to modbus server
[2025-03-01T08:19:46.323Z] ❌ Error reading register 1000 for IP 10.30.4.91: no connection to modbus server
[2025-03-01T08:19:46.323Z] Error reading actual data: no connection to modbus server
[2025-03-01T08:19:46.334Z] Error writing to Modbus register: no connection to modbus server
[2025-03-01T08:19:46.334Z] Error reading register 3105 for IP 10.30.4.91: no connection to modbus server
[2025-03-01T08:19:46.335Z] ❌ Error reading register 1000 for IP 10.30.4.91: no connection to modbus server
[2025-03-01T08:19:46.335Z] Error reading actual data: no connection to modbus server
[2025-03-01T08:19:46.336Z] Error writing to Modbus register: no connection to modbus server
[2025-03-01T08:19:46.386Z] Error reading register 3105 for IP 10.30.4.91: no connection to modbus server
[2025-03-01T08:19:46.387Z] ❌ Error reading register 1000 for IP 10.30.4.91: no connection to modbus server
[2025-03-01T08:19:46.387Z] Error reading actual data: no connection to modbus server
[2025-03-01T08:19:46.389Z] Error writing to Modbus register: no connection to modbus server
[2025-03-01T08:19:46.391Z] Error reading register 3105 for IP 10.30.4.91: no connection to modbus server
[2025-03-01T08:19:46.391Z] ❌ Error reading register 1000 for IP 10.30.4.91: no connection to modbus server
[2025-03-01T08:19:46.392Z] Error reading actual data: no connection to modbus server
[2025-03-01T08:19:46.393Z] Error writing to Modbus register: no connection to modbus server
[2025-03-01T08:19:46.400Z] Error reading register 3105 for IP 10.30.4.91: no connection to modbus server
[2025-03-01T08:19:46.400Z] ❌ Error reading register 1000 for IP 10.30.4.91: no connection to modbus server
[2025-03-01T08:19:46.400Z] Error reading actual data: no connection to modbus server
[2025-03-01T08:19:46.401Z] Error writing to Modbus register: no connection to modbus server
[2025-03-01T08:19:47.335Z] Error reading register 3105 for IP 10.30.4.91: no connection to modbus server
[2025-03-01T08:19:47.335Z] ❌ Error reading register 1000 for IP 10.30.4.91: no connection to modbus server
[2025-03-01T08:19:47.336Z] Error reading actual data: no connection to modbus server
[2025-03-01T08:19:47.337Z] Error writing to Modbus register: no connection to modbus server
[2025-03-01T08:19:47.338Z] Error reading register 3105 for IP 10.30.4.91: no connection to modbus server
[2025-03-01T08:19:47.338Z] ❌ Error reading register 1000 for IP 10.30.4.91: no connection to modbus server
[2025-03-01T08:19:47.339Z] Error reading actual data: no connection to modbus server
[2025-03-01T08:19:47.339Z] Error writing to Modbus register: no connection to modbus server
[2025-03-01T08:19:47.339Z] Error reading register 3105 for IP 10.30.4.91: no connection to modbus server
[2025-03-01T08:19:47.340Z] Error reading actual data: no connection to modbus server
[2025-03-01T08:19:47.340Z] ❌ Error reading register 1000 for IP 10.30.4.91: no connection to modbus server
[2025-03-01T08:19:47.340Z] Error writing to Modbus register: no connection to modbus server
[2025-03-01T08:19:47.385Z] Error reading register 3105 for IP 10.30.4.91: no connection to modbus server
[2025-03-01T08:19:47.386Z] ❌ Error reading register 1000 for IP 10.30.4.91: no connection to modbus server
[2025-03-01T08:19:47.386Z] Error reading actual data: no connection to modbus server
[2025-03-01T08:19:47.389Z] Error writing to Modbus register: no connection to modbus server
[2025-03-01T08:19:47.390Z] Error reading register 3105 for IP 10.30.4.91: no connection to modbus server
[2025-03-01T08:19:47.390Z] ❌ Error reading register 1000 for IP 10.30.4.91: no connection to modbus server
[2025-03-01T08:19:47.390Z] Error reading actual data: no connection to modbus server
[2025-03-01T08:19:47.403Z] Error writing to Modbus register: no connection to modbus server
[2025-03-01T08:19:47.404Z] Error reading register 3105 for IP 10.30.4.91: no connection to modbus server
[2025-03-01T08:19:47.404Z] ❌ Error reading register 1000 for IP 10.30.4.91: no connection to modbus server
[2025-03-01T08:19:47.404Z] Error reading actual data: no connection to modbus server
[2025-03-01T08:19:47.404Z] Error writing to Modbus register: no connection to modbus server
[2025-03-01T08:19:48.349Z] Error reading register 3105 for IP 10.30.4.91: no connection to modbus server
[2025-03-01T08:19:48.350Z] ❌ Error reading register 1000 for IP 10.30.4.91: no connection to modbus server
[2025-03-01T08:19:48.350Z] Error reading actual data: no connection to modbus server
[2025-03-01T08:19:48.351Z] Error writing to Modbus register: no connection to modbus server
[2025-03-01T08:19:48.353Z] Error reading register 3105 for IP 10.30.4.91: no connection to modbus server
[2025-03-01T08:19:48.353Z] ❌ Error reading register 1000 for IP 10.30.4.91: no connection to modbus server
[2025-03-01T08:19:48.353Z] Error reading actual data: no connection to modbus server
[2025-03-01T08:19:48.353Z] Error writing to Modbus register: no connection to modbus server
[2025-03-01T08:19:48.354Z] Error reading register 3105 for IP 10.30.4.91: no connection to modbus server
[2025-03-01T08:19:48.354Z] ❌ Error reading register 1000 for IP 10.30.4.91: no connection to modbus server
[2025-03-01T08:19:48.354Z] Error reading actual data: no connection to modbus server
[2025-03-01T08:19:48.354Z] Error writing to Modbus register: no connection to modbus server
[2025-03-01T08:19:48.400Z] Error reading register 3105 for IP 10.30.4.91: no connection to modbus server
[2025-03-01T08:19:48.400Z] ❌ Error reading register 1000 for IP 10.30.4.91: no connection to modbus server
[2025-03-01T08:19:48.400Z] Error reading actual data: no connection to modbus server
[2025-03-01T08:19:48.400Z] Error writing to Modbus register: no connection to modbus server
[2025-03-01T08:19:48.401Z] Error reading register 3105 for IP 10.30.4.91: no connection to modbus server
[2025-03-01T08:19:48.401Z] ❌ Error reading register 1000 for IP 10.30.4.91: no connection to modbus server
[2025-03-01T08:19:48.401Z] Error reading actual data: no connection to modbus server
[2025-03-01T08:19:48.416Z] Error writing to Modbus register: no connection to modbus server
[2025-03-01T08:19:48.417Z] Error reading register 3105 for IP 10.30.4.91: no connection to modbus server
[2025-03-01T08:19:48.417Z] ❌ Error reading register 1000 for IP 10.30.4.91: no connection to modbus server
[2025-03-01T08:19:48.418Z] Error reading actual data: no connection to modbus server
[2025-03-01T08:19:48.418Z] Error writing to Modbus register: no connection to modbus server
[2025-03-01T08:19:49.352Z] Error reading register 3105 for IP 10.30.4.91: no connection to modbus server
[2025-03-01T08:19:49.352Z] ❌ Error reading register 1000 for IP 10.30.4.91: no connection to modbus server
[2025-03-01T08:19:49.353Z] Error reading actual data: no connection to modbus server
[2025-03-01T08:19:49.354Z] Error writing to Modbus register: no connection to modbus server
[2025-03-01T08:19:49.356Z] ❌ Error reading register 1000 for IP 10.30.4.91: no connection to modbus server
[2025-03-01T08:19:49.356Z] Error reading register 3105 for IP 10.30.4.91: no connection to modbus server
[2025-03-01T08:19:49.357Z] Error reading actual data: no connection to modbus server
[2025-03-01T08:19:49.357Z] Error writing to Modbus register: no connection to modbus server
[2025-03-01T08:19:49.359Z] Error reading register 3105 for IP 10.30.4.91: no connection to modbus server
[2025-03-01T08:19:49.359Z] ❌ Error reading register 1000 for IP 10.30.4.91: no connection to modbus server
[2025-03-01T08:19:49.360Z] Error reading actual data: no connection to modbus server
[2025-03-01T08:19:49.360Z] Error writing to Modbus register: no connection to modbus server
[2025-03-01T08:19:49.402Z] Error reading register 3105 for IP 10.30.4.91: no connection to modbus server
[2025-03-01T08:19:49.402Z] ❌ Error reading register 1000 for IP 10.30.4.91: no connection to modbus server
[2025-03-01T08:19:49.403Z] Error reading actual data: no connection to modbus server
[2025-03-01T08:19:49.403Z] Error writing to Modbus register: no connection to modbus server
[2025-03-01T08:19:49.404Z] Error reading register 3105 for IP 10.30.4.91: no connection to modbus server
[2025-03-01T08:19:49.404Z] ❌ Error reading register 1000 for IP 10.30.4.91: no connection to modbus server
[2025-03-01T08:19:49.405Z] Error reading actual data: no connection to modbus server
[2025-03-01T08:19:49.416Z] Error writing to Modbus register: no connection to modbus server
[2025-03-01T08:19:49.418Z] ❌ Error reading register 1000 for IP 10.30.4.91: no connection to modbus server
[2025-03-01T08:19:49.418Z] Error reading register 3105 for IP 10.30.4.91: no connection to modbus server
[2025-03-01T08:19:49.418Z] Error reading actual data: no connection to modbus server
[2025-03-01T08:19:49.418Z] Error writing to Modbus register: no connection to modbus server
[2025-03-01T08:19:50.365Z] Error reading register 3105 for IP 10.30.4.91: no connection to modbus server
[2025-03-01T08:19:50.365Z] ❌ Error reading register 1000 for IP 10.30.4.91: no connection to modbus server
[2025-03-01T08:19:50.367Z] Error writing to Modbus register: no connection to modbus server
[2025-03-01T08:19:50.366Z] Error reading actual data: no connection to modbus server
[2025-03-01T08:19:50.368Z] Error reading register 3105 for IP 10.30.4.91: no connection to modbus server
[2025-03-01T08:19:50.369Z] ❌ Error reading register 1000 for IP 10.30.4.91: no connection to modbus server
[2025-03-01T08:19:50.369Z] Error reading actual data: no connection to modbus server
[2025-03-01T08:19:50.372Z] Error writing to Modbus register: no connection to modbus server
[2025-03-01T08:19:50.373Z] Error reading register 3105 for IP 10.30.4.91: no connection to modbus server
[2025-03-01T08:19:50.373Z] ❌ Error reading register 1000 for IP 10.30.4.91: no connection to modbus server
[2025-03-01T08:19:50.373Z] Error reading actual data: no connection to modbus server
[2025-03-01T08:19:50.374Z] Error writing to Modbus register: no connection to modbus server
[2025-03-01T08:19:50.416Z] Error reading register 3105 for IP 10.30.4.91: no connection to modbus server
[2025-03-01T08:19:50.417Z] ❌ Error reading register 1000 for IP 10.30.4.91: no connection to modbus server
[2025-03-01T08:19:50.417Z] Error reading actual data: no connection to modbus server
[2025-03-01T08:19:50.417Z] Error writing to Modbus register: no connection to modbus server
[2025-03-01T08:19:50.417Z] Error reading register 3105 for IP 10.30.4.91: no connection to modbus server
[2025-03-01T08:19:50.417Z] ❌ Error reading register 1000 for IP 10.30.4.91: no connection to modbus server
[2025-03-01T08:19:50.418Z] Error reading actual data: no connection to modbus server
[2025-03-01T08:19:50.418Z] Error writing to Modbus register: no connection to modbus server
[2025-03-01T08:19:50.418Z] Error reading register 3105 for IP 10.30.4.91: no connection to modbus server
[2025-03-01T08:19:50.418Z] ❌ Error reading register 1000 for IP 10.30.4.91: no connection to modbus server
[2025-03-01T08:19:50.418Z] Error reading actual data: no connection to modbus server
[2025-03-01T08:19:50.419Z] Error writing to Modbus register: no connection to modbus server
[2025-03-01T08:19:51.366Z] Error reading register 3105 for IP 10.30.4.91: no connection to modbus server
[2025-03-01T08:19:51.367Z] ❌ Error reading register 1000 for IP 10.30.4.91: no connection to modbus server
[2025-03-01T08:19:51.367Z] Error reading actual data: no connection to modbus server
[2025-03-01T08:19:51.368Z] Error reading register 3105 for IP 10.30.4.91: no connection to modbus server
[2025-03-01T08:19:51.367Z] Error writing to Modbus register: no connection to modbus server
[2025-03-01T08:19:51.368Z] ❌ Error reading register 1000 for IP 10.30.4.91: no connection to modbus server
[2025-03-01T08:19:51.368Z] Error reading actual data: no connection to modbus server
[2025-03-01T08:19:51.369Z] Error writing to Modbus register: no connection to modbus server
[2025-03-01T08:19:51.383Z] Error reading register 3105 for IP 10.30.4.91: no connection to modbus server
[2025-03-01T08:19:51.383Z] ❌ Error reading register 1000 for IP 10.30.4.91: no connection to modbus server
[2025-03-01T08:19:51.383Z] Error reading actual data: no connection to modbus server
[2025-03-01T08:19:51.384Z] Error writing to Modbus register: no connection to modbus server
[2025-03-01T08:19:51.417Z] Error reading register 3105 for IP 10.30.4.91: no connection to modbus server
[2025-03-01T08:19:51.418Z] ❌ Error reading register 1000 for IP 10.30.4.91: no connection to modbus server
[2025-03-01T08:19:51.418Z] Error reading actual data: no connection to modbus server
[2025-03-01T08:19:51.420Z] Error writing to Modbus register: no connection to modbus server
[2025-03-01T08:19:51.421Z] Error reading register 3105 for IP 10.30.4.91: no connection to modbus server
[2025-03-01T08:19:51.421Z] ❌ Error reading register 1000 for IP 10.30.4.91: no connection to modbus server
[2025-03-01T08:19:51.421Z] Error reading actual data: no connection to modbus server
[2025-03-01T08:19:51.422Z] Error writing to Modbus register: no connection to modbus server
[2025-03-01T08:19:51.423Z] Error reading register 3105 for IP 10.30.4.91: no connection to modbus server
[2025-03-01T08:19:51.423Z] ❌ Error reading register 1000 for IP 10.30.4.91: no connection to modbus server
[2025-03-01T08:19:51.423Z] Error reading actual data: no connection to modbus server
[2025-03-01T08:19:51.424Z] Error writing to Modbus register: no connection to modbus server
[2025-03-01T08:19:52.368Z] Error reading register 3105 for IP 10.30.4.91: no connection to modbus server
[2025-03-01T08:19:52.368Z] ❌ Error reading register 1000 for IP 10.30.4.91: no connection to modbus server
[2025-03-01T08:19:52.369Z] Error reading actual data: no connection to modbus server
[2025-03-01T08:19:52.370Z] Error writing to Modbus register: no connection to modbus server
[2025-03-01T08:19:52.371Z] Error reading register 3105 for IP 10.30.4.91: no connection to modbus server
[2025-03-01T08:19:52.372Z] ❌ Error reading register 1000 for IP 10.30.4.91: no connection to modbus server
[2025-03-01T08:19:52.372Z] Error reading actual data: no connection to modbus server
[2025-03-01T08:19:52.373Z] Error writing to Modbus register: no connection to modbus server
[2025-03-01T08:19:52.383Z] ❌ Error reading register 1000 for IP 10.30.4.91: no connection to modbus server
[2025-03-01T08:19:52.383Z] Error reading actual data: no connection to modbus server
[2025-03-01T08:19:52.383Z] Error reading register 3105 for IP 10.30.4.91: no connection to modbus server
[2025-03-01T08:19:52.384Z] Error writing to Modbus register: no connection to modbus server
[2025-03-01T08:19:52.417Z] Error reading register 3105 for IP 10.30.4.91: no connection to modbus server
[2025-03-01T08:19:52.418Z] ❌ Error reading register 1000 for IP 10.30.4.91: no connection to modbus server
[2025-03-01T08:19:52.418Z] Error reading actual data: no connection to modbus server
[2025-03-01T08:19:52.420Z] Error writing to Modbus register: no connection to modbus server
[2025-03-01T08:19:52.421Z] Error reading register 3105 for IP 10.30.4.91: no connection to modbus server
[2025-03-01T08:19:52.421Z] ❌ Error reading register 1000 for IP 10.30.4.91: no connection to modbus server
[2025-03-01T08:19:52.422Z] Error reading actual data: no connection to modbus server
[2025-03-01T08:19:52.422Z] Error writing to Modbus register: no connection to modbus server
[2025-03-01T08:19:52.423Z] ❌ Error reading register 1000 for IP 10.30.4.91: no connection to modbus server
[2025-03-01T08:19:52.423Z] Error reading register 3105 for IP 10.30.4.91: no connection to modbus server
[2025-03-01T08:19:52.423Z] Error reading actual data: no connection to modbus server
[2025-03-01T08:19:52.423Z] Error writing to Modbus register: no connection to modbus server
[2025-03-01T08:19:53.368Z] Error reading register 3105 for IP 10.30.4.91: no connection to modbus server
[2025-03-01T08:19:53.368Z] ❌ Error reading register 1000 for IP 10.30.4.91: no connection to modbus server
[2025-03-01T08:19:53.369Z] Error reading actual data: no connection to modbus server
[2025-03-01T08:19:53.369Z] Error writing to Modbus register: no connection to modbus server
[2025-03-01T08:19:53.370Z] Error reading register 3105 for IP 10.30.4.91: no connection to modbus server
[2025-03-01T08:19:53.371Z] Error reading actual data: no connection to modbus server
[2025-03-01T08:19:53.370Z] ❌ Error reading register 1000 for IP 10.30.4.91: no connection to modbus server
[2025-03-01T08:19:53.384Z] Error writing to Modbus register: no connection to modbus server
[2025-03-01T08:19:53.384Z] Error reading register 3105 for IP 10.30.4.91: no connection to modbus server
[2025-03-01T08:19:53.384Z] ❌ Error reading register 1000 for IP 10.30.4.91: no connection to modbus server
[2025-03-01T08:19:53.384Z] Error reading actual data: no connection to modbus server
[2025-03-01T08:19:53.385Z] Error writing to Modbus register: no connection to modbus server
[2025-03-01T08:19:53.434Z] Error reading register 3105 for IP 10.30.4.91: no connection to modbus server
[2025-03-01T08:19:53.434Z] Error reading actual data: no connection to modbus server
[2025-03-01T08:19:53.434Z] ❌ Error reading register 1000 for IP 10.30.4.91: no connection to modbus server
[2025-03-01T08:19:53.435Z] Error reading register 3105 for IP 10.30.4.91: no connection to modbus server
[2025-03-01T08:19:53.436Z] ❌ Error reading register 1000 for IP 10.30.4.91: no connection to modbus server
[2025-03-01T08:19:53.436Z] Error reading actual data: no connection to modbus server
[2025-03-01T08:19:53.435Z] Error writing to Modbus register: no connection to modbus server
[2025-03-01T08:19:53.437Z] Error reading register 3105 for IP 10.30.4.91: no connection to modbus server
[2025-03-01T08:19:53.437Z] ❌ Error reading register 1000 for IP 10.30.4.91: no connection to modbus server
[2025-03-01T08:19:53.438Z] Error reading actual data: no connection to modbus server
[2025-03-01T08:19:53.436Z] Error writing to Modbus register: no connection to modbus server
[2025-03-01T08:19:53.438Z] Error writing to Modbus register: no connection to modbus server
[2025-03-01T08:19:54.382Z] Error reading register 3105 for IP 10.30.4.91: no connection to modbus server
[2025-03-01T08:19:54.383Z] ❌ Error reading register 1000 for IP 10.30.4.91: no connection to modbus server
[2025-03-01T08:19:54.386Z] ❌ Error reading register 1000 for IP 10.30.4.91: no connection to modbus server
[2025-03-01T08:19:54.384Z] Error writing to Modbus register: no connection to modbus server
[2025-03-01T08:19:54.383Z] Error reading actual data: no connection to modbus server
[2025-03-01T08:19:54.386Z] Error reading register 3105 for IP 10.30.4.91: no connection to modbus server
[2025-03-01T08:19:54.386Z] Error reading actual data: no connection to modbus server
[2025-03-01T08:19:54.387Z] Error writing to Modbus register: no connection to modbus server
[2025-03-01T08:19:54.388Z] Error reading register 3105 for IP 10.30.4.91: no connection to modbus server
[2025-03-01T08:19:54.388Z] ❌ Error reading register 1000 for IP 10.30.4.91: no connection to modbus server
[2025-03-01T08:19:54.388Z] Error reading actual data: no connection to modbus server
[2025-03-01T08:19:54.388Z] Error writing to Modbus register: no connection to modbus server
[2025-03-01T08:19:54.445Z] Error reading register 3105 for IP 10.30.4.91: no connection to modbus server
[2025-03-01T08:19:54.445Z] ❌ Error reading register 1000 for IP 10.30.4.91: no connection to modbus server
[2025-03-01T08:19:54.445Z] Error reading actual data: no connection to modbus server
[2025-03-01T08:19:54.446Z] Error writing to Modbus register: no connection to modbus server
[2025-03-01T08:19:54.446Z] Error reading register 3105 for IP 10.30.4.91: no connection to modbus server
[2025-03-01T08:19:54.446Z] ❌ Error reading register 1000 for IP 10.30.4.91: no connection to modbus server
[2025-03-01T08:19:54.446Z] Error reading actual data: no connection to modbus server
[2025-03-01T08:19:54.447Z] Error writing to Modbus register: no connection to modbus server
[2025-03-01T08:19:54.447Z] Error reading register 3105 for IP 10.30.4.91: no connection to modbus server
[2025-03-01T08:19:54.447Z] ❌ Error reading register 1000 for IP 10.30.4.91: no connection to modbus server
[2025-03-01T08:19:54.447Z] Error reading actual data: no connection to modbus server
[2025-03-01T08:19:54.447Z] Error writing to Modbus register: no connection to modbus server
[2025-03-01T08:19:55.382Z] Error reading register 3105 for IP 10.30.4.91: no connection to modbus server
[2025-03-01T08:19:55.383Z] ❌ Error reading register 1000 for IP 10.30.4.91: no connection to modbus server
[2025-03-01T08:19:55.383Z] Error reading actual data: no connection to modbus server
[2025-03-01T08:19:55.385Z] Error writing to Modbus register: no connection to modbus server
[2025-03-01T08:19:55.387Z] Error reading register 3105 for IP 10.30.4.91: no connection to modbus server
[2025-03-01T08:19:55.387Z] ❌ Error reading register 1000 for IP 10.30.4.91: no connection to modbus server
[2025-03-01T08:19:55.387Z] Error reading actual data: no connection to modbus server
[2025-03-01T08:19:55.388Z] Error reading register 3105 for IP 10.30.4.91: no connection to modbus server
[2025-03-01T08:19:55.388Z] Error writing to Modbus register: no connection to modbus server
[2025-03-01T08:19:55.388Z] ❌ Error reading register 1000 for IP 10.30.4.91: no connection to modbus server
[2025-03-01T08:19:55.388Z] Error reading actual data: no connection to modbus server
[2025-03-01T08:19:55.389Z] Error writing to Modbus register: no connection to modbus server
[2025-03-01T08:19:55.451Z] Error reading register 3105 for IP 10.30.4.91: no connection to modbus server
[2025-03-01T08:19:55.451Z] ❌ Error reading register 1000 for IP 10.30.4.91: no connection to modbus server
[2025-03-01T08:19:55.454Z] ❌ Error reading register 1000 for IP 10.30.4.91: no connection to modbus server
[2025-03-01T08:19:55.455Z] Error reading actual data: no connection to modbus server
[2025-03-01T08:19:55.452Z] Error reading actual data: no connection to modbus server
[2025-03-01T08:19:55.453Z] Error writing to Modbus register: no connection to modbus server
[2025-03-01T08:19:55.455Z] Error writing to Modbus register: no connection to modbus server
[2025-03-01T08:19:55.456Z] Error reading register 3105 for IP 10.30.4.91: no connection to modbus server
[2025-03-01T08:19:55.454Z] Error reading register 3105 for IP 10.30.4.91: no connection to modbus server
[2025-03-01T08:19:55.456Z] ❌ Error reading register 1000 for IP 10.30.4.91: no connection to modbus server
[2025-03-01T08:19:55.456Z] Error reading actual data: no connection to modbus server
[2025-03-01T08:19:55.456Z] Error writing to Modbus register: no connection to modbus server
[2025-03-01T08:19:56.383Z] Error reading register 3105 for IP 10.30.4.91: no connection to modbus server
[2025-03-01T08:19:56.383Z] ❌ Error reading register 1000 for IP 10.30.4.91: no connection to modbus server
[2025-03-01T08:19:56.384Z] Error reading actual data: no connection to modbus server
[2025-03-01T08:19:56.385Z] Error writing to Modbus register: no connection to modbus server
[2025-03-01T08:19:56.386Z] Error reading register 3105 for IP 10.30.4.91: no connection to modbus server
[2025-03-01T08:19:56.386Z] ❌ Error reading register 1000 for IP 10.30.4.91: no connection to modbus server
[2025-03-01T08:19:56.387Z] Error reading actual data: no connection to modbus server
[2025-03-01T08:19:56.388Z] Error writing to Modbus register: no connection to modbus server
[2025-03-01T08:19:56.388Z] Error reading register 3105 for IP 10.30.4.91: no connection to modbus server
[2025-03-01T08:19:56.389Z] ❌ Error reading register 1000 for IP 10.30.4.91: no connection to modbus server
[2025-03-01T08:19:56.389Z] Error reading actual data: no connection to modbus server
[2025-03-01T08:19:56.390Z] Error writing to Modbus register: no connection to modbus server
[2025-03-01T08:19:56.452Z] Error reading register 3105 for IP 10.30.4.91: no connection to modbus server
[2025-03-01T08:19:56.452Z] ❌ Error reading register 1000 for IP 10.30.4.91: no connection to modbus server
[2025-03-01T08:19:56.453Z] Error reading actual data: no connection to modbus server
[2025-03-01T08:19:56.455Z] Error reading register 3105 for IP 10.30.4.91: no connection to modbus server
[2025-03-01T08:19:56.454Z] Error writing to Modbus register: no connection to modbus server
[2025-03-01T08:19:56.455Z] Error reading actual data: no connection to modbus server
[2025-03-01T08:19:56.455Z] ❌ Error reading register 1000 for IP 10.30.4.91: no connection to modbus server
[2025-03-01T08:19:56.467Z] Error writing to Modbus register: no connection to modbus server
[2025-03-01T08:19:56.468Z] Error reading register 3105 for IP 10.30.4.91: no connection to modbus server
[2025-03-01T08:19:56.468Z] ❌ Error reading register 1000 for IP 10.30.4.91: no connection to modbus server
[2025-03-01T08:19:56.468Z] Error reading actual data: no connection to modbus server
[2025-03-01T08:19:56.468Z] Error writing to Modbus register: no connection to modbus server
[2025-03-01T08:19:57.385Z] Error reading register 3105 for IP 10.30.4.91: no connection to modbus server
[2025-03-01T08:19:57.386Z] ❌ Error reading register 1000 for IP 10.30.4.91: no connection to modbus server
[2025-03-01T08:19:57.386Z] Error reading actual data: no connection to modbus server
[2025-03-01T08:19:57.388Z] Error writing to Modbus register: no connection to modbus server
[2025-03-01T08:19:57.389Z] Error reading register 3105 for IP 10.30.4.91: no connection to modbus server
[2025-03-01T08:19:57.389Z] ❌ Error reading register 1000 for IP 10.30.4.91: no connection to modbus server
[2025-03-01T08:19:57.389Z] Error reading actual data: no connection to modbus server
[2025-03-01T08:19:57.391Z] Error writing to Modbus register: no connection to modbus server
[2025-03-01T08:19:57.393Z] Error reading register 3105 for IP 10.30.4.91: no connection to modbus server
[2025-03-01T08:19:57.394Z] ❌ Error reading register 1000 for IP 10.30.4.91: no connection to modbus server
[2025-03-01T08:19:57.394Z] Error reading actual data: no connection to modbus server
[2025-03-01T08:19:57.394Z] Error writing to Modbus register: no connection to modbus server
[2025-03-01T08:19:57.459Z] Error reading register 3105 for IP 10.30.4.91: no connection to modbus server
[2025-03-01T08:19:57.459Z] ❌ Error reading register 1000 for IP 10.30.4.91: no connection to modbus server
[2025-03-01T08:19:57.459Z] Error reading actual data: no connection to modbus server
[2025-03-01T08:19:57.459Z] Error writing to Modbus register: no connection to modbus server
[2025-03-01T08:19:57.459Z] Error reading register 3105 for IP 10.30.4.91: no connection to modbus server
[2025-03-01T08:19:57.460Z] ❌ Error reading register 1000 for IP 10.30.4.91: no connection to modbus server
[2025-03-01T08:19:57.460Z] Error reading actual data: no connection to modbus server
[2025-03-01T08:19:57.471Z] Error writing to Modbus register: no connection to modbus server
[2025-03-01T08:19:57.471Z] ❌ Error reading register 1000 for IP 10.30.4.91: no connection to modbus server
[2025-03-01T08:19:57.471Z] Error reading actual data: no connection to modbus server
[2025-03-01T08:19:57.471Z] Error reading register 3105 for IP 10.30.4.91: no connection to modbus server
[2025-03-01T08:19:57.472Z] Error writing to Modbus register: no connection to modbus server
[2025-03-01T08:19:58.387Z] Error reading register 3105 for IP 10.30.4.91: no connection to modbus server
[2025-03-01T08:19:58.387Z] ❌ Error reading register 1000 for IP 10.30.4.91: no connection to modbus server
[2025-03-01T08:19:58.387Z] Error reading actual data: no connection to modbus server
[2025-03-01T08:19:58.389Z] Error writing to Modbus register: no connection to modbus server
[2025-03-01T08:19:58.391Z] ❌ Error reading register 1000 for IP 10.30.4.91: no connection to modbus server
[2025-03-01T08:19:58.390Z] Error reading register 3105 for IP 10.30.4.91: no connection to modbus server
[2025-03-01T08:19:58.391Z] Error reading actual data: no connection to modbus server
[2025-03-01T08:19:58.392Z] Error writing to Modbus register: no connection to modbus server
[2025-03-01T08:19:58.393Z] Error reading register 3105 for IP 10.30.4.91: no connection to modbus server
[2025-03-01T08:19:58.393Z] ❌ Error reading register 1000 for IP 10.30.4.91: no connection to modbus server
[2025-03-01T08:19:58.393Z] Error reading actual data: no connection to modbus server
[2025-03-01T08:19:58.394Z] Error writing to Modbus register: no connection to modbus server
[2025-03-01T08:19:58.467Z] Error reading register 3105 for IP 10.30.4.91: no connection to modbus server
[2025-03-01T08:19:58.467Z] ❌ Error reading register 1000 for IP 10.30.4.91: no connection to modbus server
[2025-03-01T08:19:58.467Z] Error reading actual data: no connection to modbus server
[2025-03-01T08:19:58.468Z] Error writing to Modbus register: no connection to modbus server
[2025-03-01T08:19:58.468Z] ❌ Error reading register 1000 for IP 10.30.4.91: no connection to modbus server
[2025-03-01T08:19:58.468Z] Error reading register 3105 for IP 10.30.4.91: no connection to modbus server
[2025-03-01T08:19:58.468Z] Error reading actual data: no connection to modbus server
[2025-03-01T08:19:58.474Z] Error writing to Modbus register: no connection to modbus server
[2025-03-01T08:19:58.475Z] Error reading register 3105 for IP 10.30.4.91: no connection to modbus server
[2025-03-01T08:19:58.475Z] ❌ Error reading register 1000 for IP 10.30.4.91: no connection to modbus server
[2025-03-01T08:19:58.475Z] Error reading actual data: no connection to modbus server
[2025-03-01T08:19:58.476Z] Error writing to Modbus register: no connection to modbus server
[2025-03-01T08:19:59.400Z] Error reading register 3105 for IP 10.30.4.91: no connection to modbus server
[2025-03-01T08:19:59.400Z] ❌ Error reading register 1000 for IP 10.30.4.91: no connection to modbus server
[2025-03-01T08:19:59.401Z] ❌ Error reading register 1000 for IP 10.30.4.91: no connection to modbus server
[2025-03-01T08:19:59.401Z] Error reading actual data: no connection to modbus server
[2025-03-01T08:19:59.402Z] Error writing to Modbus register: no connection to modbus server
[2025-03-01T08:19:59.402Z] Error reading register 3105 for IP 10.30.4.91: no connection to modbus server
[2025-03-01T08:19:59.402Z] ❌ Error reading register 1000 for IP 10.30.4.91: no connection to modbus server
[2025-03-01T08:19:59.401Z] Error writing to Modbus register: no connection to modbus server
[2025-03-01T08:19:59.401Z] Error reading register 3105 for IP 10.30.4.91: no connection to modbus server
[2025-03-01T08:19:59.400Z] Error reading actual data: no connection to modbus server
[2025-03-01T08:19:59.402Z] Error reading actual data: no connection to modbus server
[2025-03-01T08:19:59.403Z] Error writing to Modbus register: no connection to modbus server
[2025-03-01T08:19:59.483Z] Error reading register 3105 for IP 10.30.4.91: no connection to modbus server
[2025-03-01T08:19:59.483Z] ❌ Error reading register 1000 for IP 10.30.4.91: no connection to modbus server
[2025-03-01T08:19:59.484Z] Error reading actual data: no connection to modbus server
[2025-03-01T08:19:59.484Z] Error writing to Modbus register: no connection to modbus server
[2025-03-01T08:19:59.484Z] Error reading register 3105 for IP 10.30.4.91: no connection to modbus server
[2025-03-01T08:19:59.484Z] ❌ Error reading register 1000 for IP 10.30.4.91: no connection to modbus server
[2025-03-01T08:19:59.485Z] Error reading actual data: no connection to modbus server
[2025-03-01T08:19:59.485Z] Error writing to Modbus register: no connection to modbus server
[2025-03-01T08:19:59.485Z] Error reading register 3105 for IP 10.30.4.91: no connection to modbus server
[2025-03-01T08:19:59.485Z] ❌ Error reading register 1000 for IP 10.30.4.91: no connection to modbus server
[2025-03-01T08:19:59.485Z] Error reading actual data: no connection to modbus server
[2025-03-01T08:19:59.486Z] Error writing to Modbus register: no connection to modbus server
[2025-03-01T08:20:00.405Z] Error reading register 3105 for IP 10.30.4.91: no connection to modbus server
[2025-03-01T08:20:00.406Z] ❌ Error reading register 1000 for IP 10.30.4.91: no connection to modbus server
[2025-03-01T08:20:00.406Z] Error writing to Modbus register: no connection to modbus server
[2025-03-01T08:20:00.406Z] Error reading register 3105 for IP 10.30.4.91: no connection to modbus server
[2025-03-01T08:20:00.406Z] ❌ Error reading register 1000 for IP 10.30.4.91: no connection to modbus server
[2025-03-01T08:20:00.407Z] Error reading actual data: no connection to modbus server
[2025-03-01T08:20:00.407Z] Error writing to Modbus register: no connection to modbus server
[2025-03-01T08:20:00.406Z] Error reading actual data: no connection to modbus server
[2025-03-01T08:20:00.407Z] Error reading register 3105 for IP 10.30.4.91: no connection to modbus server
[2025-03-01T08:20:00.407Z] ❌ Error reading register 1000 for IP 10.30.4.91: no connection to modbus server
[2025-03-01T08:20:00.407Z] Error reading actual data: no connection to modbus server
[2025-03-01T08:20:00.407Z] Error writing to Modbus register: no connection to modbus server
[2025-03-01T08:20:00.483Z] Error reading register 3105 for IP 10.30.4.91: no connection to modbus server
[2025-03-01T08:20:00.484Z] ❌ Error reading register 1000 for IP 10.30.4.91: no connection to modbus server
[2025-03-01T08:20:00.484Z] Error reading actual data: no connection to modbus server
[2025-03-01T08:20:00.484Z] Error writing to Modbus register: no connection to modbus server
[2025-03-01T08:20:00.485Z] Error reading actual data: no connection to modbus server
[2025-03-01T08:20:00.485Z] ❌ Error reading register 1000 for IP 10.30.4.91: no connection to modbus server
[2025-03-01T08:20:00.485Z] Error writing to Modbus register: no connection to modbus server
[2025-03-01T08:20:00.485Z] Error reading register 3105 for IP 10.30.4.91: no connection to modbus server
[2025-03-01T08:20:00.486Z] ❌ Error reading register 1000 for IP 10.30.4.91: no connection to modbus server
[2025-03-01T08:20:00.487Z] Error reading actual data: no connection to modbus server
[2025-03-01T08:20:00.487Z] Error writing to Modbus register: no connection to modbus server
[2025-03-01T08:20:00.486Z] Error reading register 3105 for IP 10.30.4.91: no connection to modbus server
[2025-03-01T08:20:01.414Z] Error reading register 3105 for IP 10.30.4.91: no connection to modbus server
[2025-03-01T08:20:01.414Z] ❌ Error reading register 1000 for IP 10.30.4.91: no connection to modbus server
[2025-03-01T08:20:01.415Z] Error reading register 3105 for IP 10.30.4.91: no connection to modbus server
[2025-03-01T08:20:01.415Z] Error writing to Modbus register: no connection to modbus server
[2025-03-01T08:20:01.415Z] ❌ Error reading register 1000 for IP 10.30.4.91: no connection to modbus server
[2025-03-01T08:20:01.414Z] Error reading actual data: no connection to modbus server
[2025-03-01T08:20:01.416Z] Error reading actual data: no connection to modbus server
[2025-03-01T08:20:01.416Z] Error writing to Modbus register: no connection to modbus server
[2025-03-01T08:20:01.416Z] Error reading register 3105 for IP 10.30.4.91: no connection to modbus server
[2025-03-01T08:20:01.416Z] ❌ Error reading register 1000 for IP 10.30.4.91: no connection to modbus server
[2025-03-01T08:20:01.416Z] Error reading actual data: no connection to modbus server
[2025-03-01T08:20:01.417Z] Error writing to Modbus register: no connection to modbus server
[2025-03-01T08:20:01.498Z] Error reading register 3105 for IP 10.30.4.91: no connection to modbus server
[2025-03-01T08:20:01.498Z] ❌ Error reading register 1000 for IP 10.30.4.91: no connection to modbus server
[2025-03-01T08:20:01.498Z] Error reading actual data: no connection to modbus server
[2025-03-01T08:20:01.498Z] Error writing to Modbus register: no connection to modbus server
[2025-03-01T08:20:01.499Z] Error reading register 3105 for IP 10.30.4.91: no connection to modbus server
[2025-03-01T08:20:01.499Z] ❌ Error reading register 1000 for IP 10.30.4.91: no connection to modbus server
[2025-03-01T08:20:01.499Z] Error reading actual data: no connection to modbus server
[2025-03-01T08:20:01.499Z] Error writing to Modbus register: no connection to modbus server
[2025-03-01T08:20:01.499Z] Error reading register 3105 for IP 10.30.4.91: no connection to modbus server
[2025-03-01T08:20:01.500Z] ❌ Error reading register 1000 for IP 10.30.4.91: no connection to modbus server
[2025-03-01T08:20:01.500Z] Error reading actual data: no connection to modbus server
[2025-03-01T08:20:01.500Z] Error writing to Modbus register: no connection to modbus server
[2025-03-01T08:20:02.416Z] Error reading register 3105 for IP 10.30.4.91: no connection to modbus server
[2025-03-01T08:20:02.416Z] ❌ Error reading register 1000 for IP 10.30.4.91: no connection to modbus server
[2025-03-01T08:20:02.417Z] Error reading actual data: no connection to modbus server
[2025-03-01T08:20:02.417Z] Error writing to Modbus register: no connection to modbus server
[2025-03-01T08:20:02.417Z] Error reading register 3105 for IP 10.30.4.91: no connection to modbus server
[2025-03-01T08:20:02.418Z] ❌ Error reading register 1000 for IP 10.30.4.91: no connection to modbus server
[2025-03-01T08:20:02.418Z] Error reading actual data: no connection to modbus server
[2025-03-01T08:20:02.418Z] Error writing to Modbus register: no connection to modbus server
[2025-03-01T08:20:02.433Z] ❌ Error reading register 1000 for IP 10.30.4.91: no connection to modbus server
[2025-03-01T08:20:02.433Z] Error reading actual data: no connection to modbus server
[2025-03-01T08:20:02.434Z] Error writing to Modbus register: no connection to modbus server
[2025-03-01T08:20:02.433Z] Error reading register 3105 for IP 10.30.4.91: no connection to modbus server
[2025-03-01T08:20:02.500Z] Error reading register 3105 for IP 10.30.4.91: no connection to modbus server
[2025-03-01T08:20:02.501Z] ❌ Error reading register 1000 for IP 10.30.4.91: no connection to modbus server
[2025-03-01T08:20:02.501Z] Error reading actual data: no connection to modbus server
[2025-03-01T08:20:02.502Z] Error writing to Modbus register: no connection to modbus server
[2025-03-01T08:20:02.503Z] Error reading register 3105 for IP 10.30.4.91: no connection to modbus server
[2025-03-01T08:20:02.503Z] ❌ Error reading register 1000 for IP 10.30.4.91: no connection to modbus server
[2025-03-01T08:20:02.503Z] Error reading actual data: no connection to modbus server
[2025-03-01T08:20:02.503Z] Error writing to Modbus register: no connection to modbus server
[2025-03-01T08:20:02.504Z] Error reading register 3105 for IP 10.30.4.91: no connection to modbus server
[2025-03-01T08:20:02.504Z] ❌ Error reading register 1000 for IP 10.30.4.91: no connection to modbus server
[2025-03-01T08:20:02.504Z] Error reading actual data: no connection to modbus server
[2025-03-01T08:20:02.504Z] Error writing to Modbus register: no connection to modbus server
[2025-03-01T08:20:03.417Z] Error reading register 3105 for IP 10.30.4.91: no connection to modbus server
[2025-03-01T08:20:03.417Z] ❌ Error reading register 1000 for IP 10.30.4.91: no connection to modbus server
[2025-03-01T08:20:03.418Z] Error reading actual data: no connection to modbus server
[2025-03-01T08:20:03.418Z] Error writing to Modbus register: no connection to modbus server
[2025-03-01T08:20:03.419Z] Error reading register 3105 for IP 10.30.4.91: no connection to modbus server
[2025-03-01T08:20:03.419Z] ❌ Error reading register 1000 for IP 10.30.4.91: no connection to modbus server
[2025-03-01T08:20:03.419Z] Error reading actual data: no connection to modbus server
[2025-03-01T08:20:03.419Z] Error writing to Modbus register: no connection to modbus server
[2025-03-01T08:20:03.448Z] Error reading register 3105 for IP 10.30.4.91: no connection to modbus server
[2025-03-01T08:20:03.448Z] ❌ Error reading register 1000 for IP 10.30.4.91: no connection to modbus server
[2025-03-01T08:20:03.448Z] Error reading actual data: no connection to modbus server
[2025-03-01T08:20:03.448Z] Error writing to Modbus register: no connection to modbus server
[2025-03-01T08:20:03.516Z] Error reading register 3105 for IP 10.30.4.91: no connection to modbus server
[2025-03-01T08:20:03.517Z] ❌ Error reading register 1000 for IP 10.30.4.91: no connection to modbus server
[2025-03-01T08:20:03.517Z] Error writing to Modbus register: no connection to modbus server
[2025-03-01T08:20:03.518Z] Error reading register 3105 for IP 10.30.4.91: no connection to modbus server
[2025-03-01T08:20:03.518Z] Error writing to Modbus register: no connection to modbus server
[2025-03-01T08:20:03.518Z] ❌ Error reading register 1000 for IP 10.30.4.91: no connection to modbus server
[2025-03-01T08:20:03.519Z] Error reading register 3105 for IP 10.30.4.91: no connection to modbus server
[2025-03-01T08:20:03.517Z] Error reading actual data: no connection to modbus server
[2025-03-01T08:20:03.519Z] ❌ Error reading register 1000 for IP 10.30.4.91: no connection to modbus server
[2025-03-01T08:20:03.519Z] Error reading actual data: no connection to modbus server
[2025-03-01T08:20:03.518Z] Error reading actual data: no connection to modbus server
[2025-03-01T08:20:03.519Z] Error writing to Modbus register: no connection to modbus server
[2025-03-01T08:20:04.433Z] Error reading actual data: no connection to modbus server
[2025-03-01T08:20:04.431Z] Error reading register 3105 for IP 10.30.4.91: no connection to modbus server
[2025-03-01T08:20:04.436Z] ❌ Error reading register 1000 for IP 10.30.4.91: no connection to modbus server
[2025-03-01T08:20:04.432Z] ❌ Error reading register 1000 for IP 10.30.4.91: no connection to modbus server
[2025-03-01T08:20:04.436Z] Error reading actual data: no connection to modbus server
[2025-03-01T08:20:04.436Z] Error writing to Modbus register: no connection to modbus server
[2025-03-01T08:20:04.434Z] Error writing to Modbus register: no connection to modbus server
[2025-03-01T08:20:04.435Z] Error reading register 3105 for IP 10.30.4.91: no connection to modbus server
[2025-03-01T08:20:04.451Z] Error reading register 3105 for IP 10.30.4.91: no connection to modbus server
[2025-03-01T08:20:04.451Z] ❌ Error reading register 1000 for IP 10.30.4.91: no connection to modbus server
[2025-03-01T08:20:04.452Z] Error reading actual data: no connection to modbus server
[2025-03-01T08:20:04.453Z] Error writing to Modbus register: no connection to modbus server
[2025-03-01T08:20:04.519Z] Error reading register 3105 for IP 10.30.4.91: no connection to modbus server
[2025-03-01T08:20:04.519Z] ❌ Error reading register 1000 for IP 10.30.4.91: no connection to modbus server
[2025-03-01T08:20:04.519Z] Error reading actual data: no connection to modbus server
[2025-03-01T08:20:04.520Z] Error writing to Modbus register: no connection to modbus server
[2025-03-01T08:20:04.520Z] Error reading register 3105 for IP 10.30.4.91: no connection to modbus server
[2025-03-01T08:20:04.521Z] ❌ Error reading register 1000 for IP 10.30.4.91: no connection to modbus server
[2025-03-01T08:20:04.521Z] Error reading actual data: no connection to modbus server
[2025-03-01T08:20:04.521Z] Error writing to Modbus register: no connection to modbus server
[2025-03-01T08:20:04.521Z] Error reading register 3105 for IP 10.30.4.91: no connection to modbus server
[2025-03-01T08:20:04.521Z] ❌ Error reading register 1000 for IP 10.30.4.91: no connection to modbus server
[2025-03-01T08:20:04.522Z] Error reading actual data: no connection to modbus server
[2025-03-01T08:20:04.522Z] Error writing to Modbus register: no connection to modbus server
[2025-03-01T08:20:05.434Z] Error reading register 3105 for IP 10.30.4.91: no connection to modbus server
[2025-03-01T08:20:05.435Z] ❌ Error reading register 1000 for IP 10.30.4.91: no connection to modbus server
[2025-03-01T08:20:05.435Z] Error reading actual data: no connection to modbus server
[2025-03-01T08:20:05.436Z] Error writing to Modbus register: no connection to modbus server
[2025-03-01T08:20:05.438Z] Error reading register 3105 for IP 10.30.4.91: no connection to modbus server
[2025-03-01T08:20:05.439Z] Error reading actual data: no connection to modbus server
[2025-03-01T08:20:05.438Z] ❌ Error reading register 1000 for IP 10.30.4.91: no connection to modbus server
[2025-03-01T08:20:05.440Z] Error writing to Modbus register: no connection to modbus server
[2025-03-01T08:20:05.452Z] Error reading register 3105 for IP 10.30.4.91: no connection to modbus server
[2025-03-01T08:20:05.452Z] ❌ Error reading register 1000 for IP 10.30.4.91: no connection to modbus server
[2025-03-01T08:20:05.452Z] Error reading actual data: no connection to modbus server
[2025-03-01T08:20:05.453Z] Error writing to Modbus register: no connection to modbus server
[2025-03-01T08:20:05.523Z] ❌ Error reading register 1000 for IP 10.30.4.91: no connection to modbus server
[2025-03-01T08:20:05.524Z] Error reading actual data: no connection to modbus server
[2025-03-01T08:20:05.524Z] Error writing to Modbus register: no connection to modbus server
[2025-03-01T08:20:05.524Z] Error reading register 3105 for IP 10.30.4.91: no connection to modbus server
[2025-03-01T08:20:05.523Z] Error reading register 3105 for IP 10.30.4.91: no connection to modbus server
[2025-03-01T08:20:05.524Z] ❌ Error reading register 1000 for IP 10.30.4.91: no connection to modbus server
[2025-03-01T08:20:05.525Z] Error writing to Modbus register: no connection to modbus server
[2025-03-01T08:20:05.524Z] Error reading actual data: no connection to modbus server
[2025-03-01T08:20:05.525Z] Error reading register 3105 for IP 10.30.4.91: no connection to modbus server
[2025-03-01T08:20:05.525Z] ❌ Error reading register 1000 for IP 10.30.4.91: no connection to modbus server
[2025-03-01T08:20:05.525Z] Error reading actual data: no connection to modbus server
[2025-03-01T08:20:05.525Z] Error writing to Modbus register: no connection to modbus server
[2025-03-01T08:20:06.434Z] Error reading register 3105 for IP 10.30.4.91: no connection to modbus server
[2025-03-01T08:20:06.434Z] ❌ Error reading register 1000 for IP 10.30.4.91: no connection to modbus server
[2025-03-01T08:20:06.434Z] Error reading actual data: no connection to modbus server
[2025-03-01T08:20:06.435Z] Error writing to Modbus register: no connection to modbus server
[2025-03-01T08:20:06.450Z] Error reading register 3105 for IP 10.30.4.91: no connection to modbus server
[2025-03-01T08:20:06.450Z] ❌ Error reading register 1000 for IP 10.30.4.91: no connection to modbus server
[2025-03-01T08:20:06.450Z] Error reading actual data: no connection to modbus server
[2025-03-01T08:20:06.451Z] Error writing to Modbus register: no connection to modbus server
[2025-03-01T08:20:06.452Z] Error reading register 3105 for IP 10.30.4.91: no connection to modbus server
[2025-03-01T08:20:06.452Z] ❌ Error reading register 1000 for IP 10.30.4.91: no connection to modbus server
[2025-03-01T08:20:06.452Z] Error reading actual data: no connection to modbus server
[2025-03-01T08:20:06.453Z] Error writing to Modbus register: no connection to modbus server
[2025-03-01T08:20:06.533Z] Error reading register 3105 for IP 10.30.4.91: no connection to modbus server
[2025-03-01T08:20:06.533Z] ❌ Error reading register 1000 for IP 10.30.4.91: no connection to modbus server
[2025-03-01T08:20:06.534Z] Error reading actual data: no connection to modbus server
[2025-03-01T08:20:06.534Z] Error writing to Modbus register: no connection to modbus server
[2025-03-01T08:20:06.535Z] Error reading actual data: no connection to modbus server
[2025-03-01T08:20:06.534Z] ❌ Error reading register 1000 for IP 10.30.4.91: no connection to modbus server
[2025-03-01T08:20:06.535Z] Error writing to Modbus register: no connection to modbus server
[2025-03-01T08:20:06.534Z] Error reading register 3105 for IP 10.30.4.91: no connection to modbus server
[2025-03-01T08:20:06.535Z] Error reading actual data: no connection to modbus server
[2025-03-01T08:20:06.536Z] Error writing to Modbus register: no connection to modbus server
[2025-03-01T08:20:06.535Z] ❌ Error reading register 1000 for IP 10.30.4.91: no connection to modbus server
[2025-03-01T08:20:06.535Z] Error reading register 3105 for IP 10.30.4.91: no connection to modbus server
[2025-03-01T08:20:07.448Z] Error reading register 3105 for IP 10.30.4.91: no connection to modbus server
[2025-03-01T08:20:07.448Z] ❌ Error reading register 1000 for IP 10.30.4.91: no connection to modbus server
[2025-03-01T08:20:07.449Z] Error reading actual data: no connection to modbus server
[2025-03-01T08:20:07.450Z] Error writing to Modbus register: no connection to modbus server
[2025-03-01T08:20:07.452Z] Error reading register 3105 for IP 10.30.4.91: no connection to modbus server
[2025-03-01T08:20:07.453Z] Error reading actual data: no connection to modbus server
[2025-03-01T08:20:07.452Z] ❌ Error reading register 1000 for IP 10.30.4.91: no connection to modbus server
[2025-03-01T08:20:07.453Z] Error writing to Modbus register: no connection to modbus server
[2025-03-01T08:20:07.453Z] Error reading register 3105 for IP 10.30.4.91: no connection to modbus server
[2025-03-01T08:20:07.453Z] Error reading actual data: no connection to modbus server
[2025-03-01T08:20:07.453Z] ❌ Error reading register 1000 for IP 10.30.4.91: no connection to modbus server
[2025-03-01T08:20:07.454Z] Error writing to Modbus register: no connection to modbus server
[2025-03-01T08:20:07.546Z] Error reading register 3105 for IP 10.30.4.91: no connection to modbus server
[2025-03-01T08:20:07.547Z] Error reading actual data: no connection to modbus server
[2025-03-01T08:20:07.547Z] ❌ Error reading register 1000 for IP 10.30.4.91: no connection to modbus server
[2025-03-01T08:20:07.547Z] Error reading register 3105 for IP 10.30.4.91: no connection to modbus server
[2025-03-01T08:20:07.547Z] Error writing to Modbus register: no connection to modbus server
[2025-03-01T08:20:07.548Z] ❌ Error reading register 1000 for IP 10.30.4.91: no connection to modbus server
[2025-03-01T08:20:07.548Z] Error reading actual data: no connection to modbus server
[2025-03-01T08:20:07.548Z] Error writing to Modbus register: no connection to modbus server
[2025-03-01T08:20:07.548Z] Error reading register 3105 for IP 10.30.4.91: no connection to modbus server
[2025-03-01T08:20:07.548Z] ❌ Error reading register 1000 for IP 10.30.4.91: no connection to modbus server
[2025-03-01T08:20:07.548Z] Error reading actual data: no connection to modbus server
[2025-03-01T08:20:07.549Z] Error writing to Modbus register: no connection to modbus server
[2025-03-01T08:20:08.451Z] Error reading register 3105 for IP 10.30.4.91: no connection to modbus server
[2025-03-01T08:20:08.452Z] ❌ Error reading register 1000 for IP 10.30.4.91: no connection to modbus server
[2025-03-01T08:20:08.453Z] Error reading actual data: no connection to modbus server
[2025-03-01T08:20:08.454Z] Error writing to Modbus register: no connection to modbus server
[2025-03-01T08:20:08.456Z] Error reading register 3105 for IP 10.30.4.91: no connection to modbus server
[2025-03-01T08:20:08.456Z] ❌ Error reading register 1000 for IP 10.30.4.91: no connection to modbus server
[2025-03-01T08:20:08.456Z] Error reading actual data: no connection to modbus server
[2025-03-01T08:20:08.457Z] Error reading register 3105 for IP 10.30.4.91: no connection to modbus server
[2025-03-01T08:20:08.457Z] Error writing to Modbus register: no connection to modbus server
[2025-03-01T08:20:08.457Z] ❌ Error reading register 1000 for IP 10.30.4.91: no connection to modbus server
[2025-03-01T08:20:08.457Z] Error writing to Modbus register: no connection to modbus server
[2025-03-01T08:20:08.457Z] Error reading actual data: no connection to modbus server
[2025-03-01T08:20:08.550Z] Error reading register 3105 for IP 10.30.4.91: no connection to modbus server
[2025-03-01T08:20:08.550Z] ❌ Error reading register 1000 for IP 10.30.4.91: no connection to modbus server
[2025-03-01T08:20:08.550Z] Error reading actual data: no connection to modbus server
[2025-03-01T08:20:08.550Z] Error writing to Modbus register: no connection to modbus server
[2025-03-01T08:20:08.550Z] Error reading register 3105 for IP 10.30.4.91: no connection to modbus server
[2025-03-01T08:20:08.551Z] ❌ Error reading register 1000 for IP 10.30.4.91: no connection to modbus server
[2025-03-01T08:20:08.551Z] Error reading actual data: no connection to modbus server
[2025-03-01T08:20:08.551Z] Error writing to Modbus register: no connection to modbus server
[2025-03-01T08:20:08.551Z] Error reading register 3105 for IP 10.30.4.91: no connection to modbus server
[2025-03-01T08:20:08.551Z] ❌ Error reading register 1000 for IP 10.30.4.91: no connection to modbus server
[2025-03-01T08:20:08.551Z] Error reading actual data: no connection to modbus server
[2025-03-01T08:20:08.552Z] Error writing to Modbus register: no connection to modbus server
[2025-03-01T08:20:09.466Z] Error reading register 3105 for IP 10.30.4.91: no connection to modbus server
[2025-03-01T08:20:09.467Z] Error reading actual data: no connection to modbus server
[2025-03-01T08:20:09.467Z] ❌ Error reading register 1000 for IP 10.30.4.91: no connection to modbus server
[2025-03-01T08:20:09.469Z] ❌ Error reading register 1000 for IP 10.30.4.91: no connection to modbus server
[2025-03-01T08:20:09.469Z] Error reading actual data: no connection to modbus server
[2025-03-01T08:20:09.467Z] Error writing to Modbus register: no connection to modbus server
[2025-03-01T08:20:09.468Z] Error reading register 3105 for IP 10.30.4.91: no connection to modbus server
[2025-03-01T08:20:09.471Z] ❌ Error reading register 1000 for IP 10.30.4.91: no connection to modbus server
[2025-03-01T08:20:09.471Z] Error reading actual data: no connection to modbus server
[2025-03-01T08:20:09.471Z] Error writing to Modbus register: no connection to modbus server
[2025-03-01T08:20:09.470Z] Error reading register 3105 for IP 10.30.4.91: no connection to modbus server
[2025-03-01T08:20:09.470Z] Error writing to Modbus register: no connection to modbus server
[2025-03-01T08:20:09.551Z] Error reading register 3105 for IP 10.30.4.91: no connection to modbus server
[2025-03-01T08:20:09.551Z] ❌ Error reading register 1000 for IP 10.30.4.91: no connection to modbus server
[2025-03-01T08:20:09.551Z] Error reading actual data: no connection to modbus server
[2025-03-01T08:20:09.551Z] Error writing to Modbus register: no connection to modbus server
[2025-03-01T08:20:09.552Z] Error reading register 3105 for IP 10.30.4.91: no connection to modbus server
[2025-03-01T08:20:09.552Z] ❌ Error reading register 1000 for IP 10.30.4.91: no connection to modbus server
[2025-03-01T08:20:09.552Z] Error reading actual data: no connection to modbus server
[2025-03-01T08:20:09.552Z] Error writing to Modbus register: no connection to modbus server
[2025-03-01T08:20:09.553Z] ❌ Error reading register 1000 for IP 10.30.4.91: no connection to modbus server
[2025-03-01T08:20:09.553Z] Error reading actual data: no connection to modbus server
[2025-03-01T08:20:09.553Z] Error reading register 3105 for IP 10.30.4.91: no connection to modbus server
[2025-03-01T08:20:09.553Z] Error writing to Modbus register: no connection to modbus server
[2025-03-01T08:20:10.468Z] Error reading register 3105 for IP 10.30.4.91: no connection to modbus server
[2025-03-01T08:20:10.469Z] ❌ Error reading register 1000 for IP 10.30.4.91: no connection to modbus server
[2025-03-01T08:20:10.469Z] Error reading actual data: no connection to modbus server
[2025-03-01T08:20:10.472Z] Error writing to Modbus register: no connection to modbus server
[2025-03-01T08:20:10.472Z] Error reading register 3105 for IP 10.30.4.91: no connection to modbus server
[2025-03-01T08:20:10.473Z] ❌ Error reading register 1000 for IP 10.30.4.91: no connection to modbus server
[2025-03-01T08:20:10.473Z] Error reading actual data: no connection to modbus server
[2025-03-01T08:20:10.473Z] Error writing to Modbus register: no connection to modbus server
[2025-03-01T08:20:10.474Z] Error reading register 3105 for IP 10.30.4.91: no connection to modbus server
[2025-03-01T08:20:10.474Z] ❌ Error reading register 1000 for IP 10.30.4.91: no connection to modbus server
[2025-03-01T08:20:10.474Z] Error reading actual data: no connection to modbus server
[2025-03-01T08:20:10.475Z] Error writing to Modbus register: no connection to modbus server
[2025-03-01T08:20:10.566Z] Error reading register 3105 for IP 10.30.4.91: no connection to modbus server
[2025-03-01T08:20:10.566Z] ❌ Error reading register 1000 for IP 10.30.4.91: no connection to modbus server
[2025-03-01T08:20:10.566Z] Error reading actual data: no connection to modbus server
[2025-03-01T08:20:10.567Z] Error writing to Modbus register: no connection to modbus server
[2025-03-01T08:20:10.567Z] Error reading register 3105 for IP 10.30.4.91: no connection to modbus server
[2025-03-01T08:20:10.567Z] ❌ Error reading register 1000 for IP 10.30.4.91: no connection to modbus server
[2025-03-01T08:20:10.568Z] Error reading register 3105 for IP 10.30.4.91: no connection to modbus server
[2025-03-01T08:20:10.568Z] Error reading actual data: no connection to modbus server
[2025-03-01T08:20:10.568Z] ❌ Error reading register 1000 for IP 10.30.4.91: no connection to modbus server
[2025-03-01T08:20:10.568Z] Error writing to Modbus register: no connection to modbus server
[2025-03-01T08:20:10.567Z] Error reading actual data: no connection to modbus server
[2025-03-01T08:20:10.567Z] Error writing to Modbus register: no connection to modbus server
[2025-03-01T08:20:11.468Z] Error reading register 3105 for IP 10.30.4.91: no connection to modbus server
[2025-03-01T08:20:11.469Z] ❌ Error reading register 1000 for IP 10.30.4.91: no connection to modbus server
[2025-03-01T08:20:11.469Z] Error reading actual data: no connection to modbus server
[2025-03-01T08:20:11.471Z] Error writing to Modbus register: no connection to modbus server
[2025-03-01T08:20:11.472Z] Error reading register 3105 for IP 10.30.4.91: no connection to modbus server
[2025-03-01T08:20:11.473Z] ❌ Error reading register 1000 for IP 10.30.4.91: no connection to modbus server
[2025-03-01T08:20:11.473Z] Error reading actual data: no connection to modbus server
[2025-03-01T08:20:11.473Z] Error writing to Modbus register: no connection to modbus server
[2025-03-01T08:20:11.473Z] Error reading register 3105 for IP 10.30.4.91: no connection to modbus server
[2025-03-01T08:20:11.473Z] ❌ Error reading register 1000 for IP 10.30.4.91: no connection to modbus server
[2025-03-01T08:20:11.474Z] Error reading actual data: no connection to modbus server
[2025-03-01T08:20:11.474Z] Error writing to Modbus register: no connection to modbus server
[2025-03-01T08:20:11.583Z] Error reading register 3105 for IP 10.30.4.91: no connection to modbus server
[2025-03-01T08:20:11.584Z] ❌ Error reading register 1000 for IP 10.30.4.91: no connection to modbus server
[2025-03-01T08:20:11.584Z] Error reading actual data: no connection to modbus server
[2025-03-01T08:20:11.585Z] Error writing to Modbus register: no connection to modbus server
[2025-03-01T08:20:11.585Z] Error reading register 3105 for IP 10.30.4.91: no connection to modbus server
[2025-03-01T08:20:11.586Z] ❌ Error reading register 1000 for IP 10.30.4.91: no connection to modbus server
[2025-03-01T08:20:11.586Z] Error reading actual data: no connection to modbus server
[2025-03-01T08:20:11.586Z] Error writing to Modbus register: no connection to modbus server
[2025-03-01T08:20:11.587Z] Error reading register 3105 for IP 10.30.4.91: no connection to modbus server
[2025-03-01T08:20:11.587Z] ❌ Error reading register 1000 for IP 10.30.4.91: no connection to modbus server
[2025-03-01T08:20:11.587Z] Error reading actual data: no connection to modbus server
[2025-03-01T08:20:11.588Z] Error writing to Modbus register: no connection to modbus server
[2025-03-01T08:20:12.469Z] Error reading register 3105 for IP 10.30.4.91: no connection to modbus server
[2025-03-01T08:20:12.469Z] ❌ Error reading register 1000 for IP 10.30.4.91: no connection to modbus server
[2025-03-01T08:20:12.469Z] Error reading actual data: no connection to modbus server
[2025-03-01T08:20:12.471Z] Error writing to Modbus register: no connection to modbus server
[2025-03-01T08:20:12.473Z] Error reading register 3105 for IP 10.30.4.91: no connection to modbus server
[2025-03-01T08:20:12.473Z] ❌ Error reading register 1000 for IP 10.30.4.91: no connection to modbus server
[2025-03-01T08:20:12.474Z] Error reading actual data: no connection to modbus server
[2025-03-01T08:20:12.475Z] Error writing to Modbus register: no connection to modbus server
[2025-03-01T08:20:12.476Z] ❌ Error reading register 1000 for IP 10.30.4.91: no connection to modbus server
[2025-03-01T08:20:12.476Z] Error reading actual data: no connection to modbus server
[2025-03-01T08:20:12.476Z] Error reading register 3105 for IP 10.30.4.91: no connection to modbus server
[2025-03-01T08:20:12.477Z] Error writing to Modbus register: no connection to modbus server
[2025-03-01T08:20:12.596Z] Error reading register 3105 for IP 10.30.4.91: no connection to modbus server
[2025-03-01T08:20:12.596Z] ❌ Error reading register 1000 for IP 10.30.4.91: no connection to modbus server
[2025-03-01T08:20:12.596Z] Error reading actual data: no connection to modbus server
[2025-03-01T08:20:12.597Z] Error writing to Modbus register: no connection to modbus server
[2025-03-01T08:20:12.597Z] Error reading register 3105 for IP 10.30.4.91: no connection to modbus server
[2025-03-01T08:20:12.597Z] Error reading actual data: no connection to modbus server
[2025-03-01T08:20:12.597Z] ❌ Error reading register 1000 for IP 10.30.4.91: no connection to modbus server
[2025-03-01T08:20:12.597Z] Error writing to Modbus register: no connection to modbus server
[2025-03-01T08:20:12.598Z] Error reading register 3105 for IP 10.30.4.91: no connection to modbus server
[2025-03-01T08:20:12.598Z] ❌ Error reading register 1000 for IP 10.30.4.91: no connection to modbus server
[2025-03-01T08:20:12.598Z] Error reading actual data: no connection to modbus server
[2025-03-01T08:20:12.598Z] Error writing to Modbus register: no connection to modbus server
[2025-03-01T08:20:13.483Z] Error reading register 3105 for IP 10.30.4.91: no connection to modbus server
[2025-03-01T08:20:13.483Z] ❌ Error reading register 1000 for IP 10.30.4.91: no connection to modbus server
[2025-03-01T08:20:13.484Z] Error reading actual data: no connection to modbus server
[2025-03-01T08:20:13.484Z] Error reading register 3105 for IP 10.30.4.91: no connection to modbus server
[2025-03-01T08:20:13.485Z] Error writing to Modbus register: no connection to modbus server
[2025-03-01T08:20:13.485Z] Error reading actual data: no connection to modbus server
[2025-03-01T08:20:13.485Z] Error reading register 3105 for IP 10.30.4.91: no connection to modbus server
[2025-03-01T08:20:13.485Z] ❌ Error reading register 1000 for IP 10.30.4.91: no connection to modbus server
[2025-03-01T08:20:13.485Z] Error reading actual data: no connection to modbus server
[2025-03-01T08:20:13.484Z] ❌ Error reading register 1000 for IP 10.30.4.91: no connection to modbus server
[2025-03-01T08:20:13.484Z] Error writing to Modbus register: no connection to modbus server
[2025-03-01T08:20:13.486Z] Error writing to Modbus register: no connection to modbus server
[2025-03-01T08:20:13.600Z] ❌ Error reading register 1000 for IP 10.30.4.91: no connection to modbus server
[2025-03-01T08:20:13.600Z] Error reading actual data: no connection to modbus server
[2025-03-01T08:20:13.601Z] Error reading register 3105 for IP 10.30.4.91: no connection to modbus server
[2025-03-01T08:20:13.601Z] Error writing to Modbus register: no connection to modbus server
[2025-03-01T08:20:13.600Z] Error reading register 3105 for IP 10.30.4.91: no connection to modbus server
[2025-03-01T08:20:13.601Z] ❌ Error reading register 1000 for IP 10.30.4.91: no connection to modbus server
[2025-03-01T08:20:13.601Z] Error reading actual data: no connection to modbus server
[2025-03-01T08:20:13.602Z] Error writing to Modbus register: no connection to modbus server
[2025-03-01T08:20:13.602Z] Error reading register 3105 for IP 10.30.4.91: no connection to modbus server
[2025-03-01T08:20:13.602Z] ❌ Error reading register 1000 for IP 10.30.4.91: no connection to modbus server
[2025-03-01T08:20:13.602Z] Error reading actual data: no connection to modbus server
[2025-03-01T08:20:13.602Z] Error writing to Modbus register: no connection to modbus server
[2025-03-01T08:20:14.489Z] Error reading register 3105 for IP 10.30.4.91: no connection to modbus server
[2025-03-01T08:20:14.490Z] ❌ Error reading register 1000 for IP 10.30.4.91: no connection to modbus server
[2025-03-01T08:20:14.493Z] Error reading register 3105 for IP 10.30.4.91: no connection to modbus server
[2025-03-01T08:20:14.490Z] Error reading actual data: no connection to modbus server
[2025-03-01T08:20:14.493Z] ❌ Error reading register 1000 for IP 10.30.4.91: no connection to modbus server
[2025-03-01T08:20:14.493Z] Error reading actual data: no connection to modbus server
[2025-03-01T08:20:14.491Z] Error writing to Modbus register: no connection to modbus server
[2025-03-01T08:20:14.494Z] Error writing to Modbus register: no connection to modbus server
[2025-03-01T08:20:14.495Z] Error reading register 3105 for IP 10.30.4.91: no connection to modbus server
[2025-03-01T08:20:14.495Z] ❌ Error reading register 1000 for IP 10.30.4.91: no connection to modbus server
[2025-03-01T08:20:14.495Z] Error reading actual data: no connection to modbus server
[2025-03-01T08:20:14.496Z] Error writing to Modbus register: no connection to modbus server
[2025-03-01T08:20:14.616Z] Error reading register 3105 for IP 10.30.4.91: no connection to modbus server
[2025-03-01T08:20:14.616Z] ❌ Error reading register 1000 for IP 10.30.4.91: no connection to modbus server
[2025-03-01T08:20:14.617Z] Error reading register 3105 for IP 10.30.4.91: no connection to modbus server
[2025-03-01T08:20:14.617Z] ❌ Error reading register 1000 for IP 10.30.4.91: no connection to modbus server
[2025-03-01T08:20:14.617Z] Error reading actual data: no connection to modbus server
[2025-03-01T08:20:14.617Z] Error writing to Modbus register: no connection to modbus server
[2025-03-01T08:20:14.617Z] Error reading register 3105 for IP 10.30.4.91: no connection to modbus server
[2025-03-01T08:20:14.617Z] Error writing to Modbus register: no connection to modbus server
[2025-03-01T08:20:14.616Z] Error reading actual data: no connection to modbus server
[2025-03-01T08:20:14.617Z] ❌ Error reading register 1000 for IP 10.30.4.91: no connection to modbus server
[2025-03-01T08:20:14.618Z] Error reading actual data: no connection to modbus server
[2025-03-01T08:20:14.618Z] Error writing to Modbus register: no connection to modbus server
[2025-03-01T08:20:15.501Z] Error reading register 3105 for IP 10.30.4.91: no connection to modbus server
[2025-03-01T08:20:15.501Z] ❌ Error reading register 1000 for IP 10.30.4.91: no connection to modbus server
[2025-03-01T08:20:15.502Z] Error reading actual data: no connection to modbus server
[2025-03-01T08:20:15.503Z] Error writing to Modbus register: no connection to modbus server
[2025-03-01T08:20:15.505Z] Error reading register 3105 for IP 10.30.4.91: no connection to modbus server
[2025-03-01T08:20:15.505Z] ❌ Error reading register 1000 for IP 10.30.4.91: no connection to modbus server
[2025-03-01T08:20:15.505Z] Error reading actual data: no connection to modbus server
[2025-03-01T08:20:15.506Z] Error reading register 3105 for IP 10.30.4.91: no connection to modbus server
[2025-03-01T08:20:15.505Z] Error writing to Modbus register: no connection to modbus server
[2025-03-01T08:20:15.506Z] ❌ Error reading register 1000 for IP 10.30.4.91: no connection to modbus server
[2025-03-01T08:20:15.506Z] Error reading actual data: no connection to modbus server
[2025-03-01T08:20:15.506Z] Error writing to Modbus register: no connection to modbus server
[2025-03-01T08:20:15.633Z] Error reading register 3105 for IP 10.30.4.91: no connection to modbus server
[2025-03-01T08:20:15.634Z] Error reading actual data: no connection to modbus server
[2025-03-01T08:20:15.633Z] ❌ Error reading register 1000 for IP 10.30.4.91: no connection to modbus server
[2025-03-01T08:20:15.634Z] Error writing to Modbus register: no connection to modbus server
[2025-03-01T08:20:15.635Z] Error reading register 3105 for IP 10.30.4.91: no connection to modbus server
[2025-03-01T08:20:15.636Z] ❌ Error reading register 1000 for IP 10.30.4.91: no connection to modbus server
[2025-03-01T08:20:15.636Z] Error reading actual data: no connection to modbus server
[2025-03-01T08:20:15.637Z] Error writing to Modbus register: no connection to modbus server
[2025-03-01T08:20:15.638Z] Error reading register 3105 for IP 10.30.4.91: no connection to modbus server
[2025-03-01T08:20:15.638Z] ❌ Error reading register 1000 for IP 10.30.4.91: no connection to modbus server
[2025-03-01T08:20:15.638Z] Error reading actual data: no connection to modbus server
[2025-03-01T08:20:15.639Z] Error writing to Modbus register: no connection to modbus server
[2025-03-01T08:20:16.516Z] Error reading register 3105 for IP 10.30.4.91: no connection to modbus server
[2025-03-01T08:20:16.517Z] ❌ Error reading register 1000 for IP 10.30.4.91: no connection to modbus server
[2025-03-01T08:20:16.517Z] Error writing to Modbus register: no connection to modbus server
[2025-03-01T08:20:16.517Z] Error reading register 3105 for IP 10.30.4.91: no connection to modbus server
[2025-03-01T08:20:16.517Z] Error reading actual data: no connection to modbus server
[2025-03-01T08:20:16.518Z] Error reading actual data: no connection to modbus server
[2025-03-01T08:20:16.518Z] ❌ Error reading register 1000 for IP 10.30.4.91: no connection to modbus server
[2025-03-01T08:20:16.518Z] Error writing to Modbus register: no connection to modbus server
[2025-03-01T08:20:16.518Z] Error reading register 3105 for IP 10.30.4.91: no connection to modbus server
[2025-03-01T08:20:16.519Z] Error writing to Modbus register: no connection to modbus server
[2025-03-01T08:20:16.519Z] ❌ Error reading register 1000 for IP 10.30.4.91: no connection to modbus server
[2025-03-01T08:20:16.519Z] Error reading actual data: no connection to modbus server
[2025-03-01T08:20:16.639Z] Error reading register 3105 for IP 10.30.4.91: no connection to modbus server
[2025-03-01T08:20:16.639Z] ❌ Error reading register 1000 for IP 10.30.4.91: no connection to modbus server
[2025-03-01T08:20:16.640Z] Error reading register 3105 for IP 10.30.4.91: no connection to modbus server
[2025-03-01T08:20:16.641Z] ❌ Error reading register 1000 for IP 10.30.4.91: no connection to modbus server
[2025-03-01T08:20:16.640Z] Error reading actual data: no connection to modbus server
[2025-03-01T08:20:16.640Z] Error writing to Modbus register: no connection to modbus server
[2025-03-01T08:20:16.641Z] Error writing to Modbus register: no connection to modbus server
[2025-03-01T08:20:16.641Z] Error reading actual data: no connection to modbus server
[2025-03-01T08:20:16.642Z] Error reading register 3105 for IP 10.30.4.91: no connection to modbus server
[2025-03-01T08:20:16.642Z] Error reading actual data: no connection to modbus server
[2025-03-01T08:20:16.642Z] ❌ Error reading register 1000 for IP 10.30.4.91: no connection to modbus server
[2025-03-01T08:20:16.642Z] Error writing to Modbus register: no connection to modbus server
[2025-03-01T08:20:17.516Z] Error reading register 3105 for IP 10.30.4.91: no connection to modbus server
[2025-03-01T08:20:17.516Z] ❌ Error reading register 1000 for IP 10.30.4.91: no connection to modbus server
[2025-03-01T08:20:17.517Z] Error reading actual data: no connection to modbus server
[2025-03-01T08:20:17.517Z] Error writing to Modbus register: no connection to modbus server
[2025-03-01T08:20:17.518Z] ❌ Error reading register 1000 for IP 10.30.4.91: no connection to modbus server
[2025-03-01T08:20:17.518Z] Error reading register 3105 for IP 10.30.4.91: no connection to modbus server
[2025-03-01T08:20:17.518Z] Error reading actual data: no connection to modbus server
[2025-03-01T08:20:17.519Z] Error reading register 3105 for IP 10.30.4.91: no connection to modbus server
[2025-03-01T08:20:17.519Z] Error writing to Modbus register: no connection to modbus server
[2025-03-01T08:20:17.520Z] ❌ Error reading register 1000 for IP 10.30.4.91: no connection to modbus server
[2025-03-01T08:20:17.520Z] Error reading actual data: no connection to modbus server
[2025-03-01T08:20:17.520Z] Error writing to Modbus register: no connection to modbus server
[2025-03-01T08:20:17.650Z] Error reading register 3105 for IP 10.30.4.91: no connection to modbus server
[2025-03-01T08:20:17.651Z] Error reading actual data: no connection to modbus server
[2025-03-01T08:20:17.651Z] ❌ Error reading register 1000 for IP 10.30.4.91: no connection to modbus server
[2025-03-01T08:20:17.652Z] Error writing to Modbus register: no connection to modbus server
[2025-03-01T08:20:17.652Z] Error reading register 3105 for IP 10.30.4.91: no connection to modbus server
[2025-03-01T08:20:17.652Z] ❌ Error reading register 1000 for IP 10.30.4.91: no connection to modbus server
[2025-03-01T08:20:17.653Z] Error reading actual data: no connection to modbus server
[2025-03-01T08:20:17.653Z] Error writing to Modbus register: no connection to modbus server
[2025-03-01T08:20:17.654Z] Error reading register 3105 for IP 10.30.4.91: no connection to modbus server
[2025-03-01T08:20:17.654Z] ❌ Error reading register 1000 for IP 10.30.4.91: no connection to modbus server
[2025-03-01T08:20:17.654Z] Error reading actual data: no connection to modbus server
[2025-03-01T08:20:17.655Z] Error writing to Modbus register: no connection to modbus server
[2025-03-01T08:20:18.518Z] Error reading register 3105 for IP 10.30.4.91: no connection to modbus server
[2025-03-01T08:20:18.518Z] ❌ Error reading register 1000 for IP 10.30.4.91: no connection to modbus server
[2025-03-01T08:20:18.519Z] Error reading actual data: no connection to modbus server
[2025-03-01T08:20:18.521Z] Error reading register 3105 for IP 10.30.4.91: no connection to modbus server
[2025-03-01T08:20:18.522Z] ❌ Error reading register 1000 for IP 10.30.4.91: no connection to modbus server
[2025-03-01T08:20:18.520Z] Error writing to Modbus register: no connection to modbus server
[2025-03-01T08:20:18.522Z] Error reading actual data: no connection to modbus server
[2025-03-01T08:20:18.522Z] Error writing to Modbus register: no connection to modbus server
[2025-03-01T08:20:18.522Z] Error reading register 3105 for IP 10.30.4.91: no connection to modbus server
[2025-03-01T08:20:18.523Z] ❌ Error reading register 1000 for IP 10.30.4.91: no connection to modbus server
[2025-03-01T08:20:18.523Z] Error reading actual data: no connection to modbus server
[2025-03-01T08:20:18.523Z] Error writing to Modbus register: no connection to modbus server
[2025-03-01T08:20:18.654Z] Error reading register 3105 for IP 10.30.4.91: no connection to modbus server
[2025-03-01T08:20:18.654Z] ❌ Error reading register 1000 for IP 10.30.4.91: no connection to modbus server
[2025-03-01T08:20:18.656Z] Error writing to Modbus register: no connection to modbus server
[2025-03-01T08:20:18.655Z] Error reading actual data: no connection to modbus server
[2025-03-01T08:20:18.657Z] Error reading register 3105 for IP 10.30.4.91: no connection to modbus server
[2025-03-01T08:20:18.657Z] ❌ Error reading register 1000 for IP 10.30.4.91: no connection to modbus server
[2025-03-01T08:20:18.657Z] Error reading actual data: no connection to modbus server
[2025-03-01T08:20:18.658Z] Error writing to Modbus register: no connection to modbus server
[2025-03-01T08:20:18.660Z] ❌ Error reading register 1000 for IP 10.30.4.91: no connection to modbus server
[2025-03-01T08:20:18.659Z] Error reading register 3105 for IP 10.30.4.91: no connection to modbus server
[2025-03-01T08:20:18.660Z] Error writing to Modbus register: no connection to modbus server
[2025-03-01T08:20:18.660Z] Error reading actual data: no connection to modbus server
[2025-03-01T08:20:19.533Z] Error reading register 3105 for IP 10.30.4.91: no connection to modbus server
[2025-03-01T08:20:19.534Z] ❌ Error reading register 1000 for IP 10.30.4.91: no connection to modbus server
[2025-03-01T08:20:19.537Z] ❌ Error reading register 1000 for IP 10.30.4.91: no connection to modbus server
[2025-03-01T08:20:19.538Z] Error reading actual data: no connection to modbus server
[2025-03-01T08:20:19.535Z] Error reading actual data: no connection to modbus server
[2025-03-01T08:20:19.538Z] Error writing to Modbus register: no connection to modbus server
[2025-03-01T08:20:19.536Z] Error writing to Modbus register: no connection to modbus server
[2025-03-01T08:20:19.538Z] Error reading register 3105 for IP 10.30.4.91: no connection to modbus server
[2025-03-01T08:20:19.539Z] ❌ Error reading register 1000 for IP 10.30.4.91: no connection to modbus server
[2025-03-01T08:20:19.537Z] Error reading register 3105 for IP 10.30.4.91: no connection to modbus server
[2025-03-01T08:20:19.539Z] Error writing to Modbus register: no connection to modbus server
[2025-03-01T08:20:19.539Z] Error reading actual data: no connection to modbus server
[2025-03-01T08:20:19.655Z] Error reading register 3105 for IP 10.30.4.91: no connection to modbus server
[2025-03-01T08:20:19.655Z] ❌ Error reading register 1000 for IP 10.30.4.91: no connection to modbus server
[2025-03-01T08:20:19.656Z] Error reading actual data: no connection to modbus server
[2025-03-01T08:20:19.656Z] Error writing to Modbus register: no connection to modbus server
[2025-03-01T08:20:19.657Z] ❌ Error reading register 1000 for IP 10.30.4.91: no connection to modbus server
[2025-03-01T08:20:19.657Z] Error reading register 3105 for IP 10.30.4.91: no connection to modbus server
[2025-03-01T08:20:19.657Z] Error reading actual data: no connection to modbus server
[2025-03-01T08:20:19.669Z] Error writing to Modbus register: no connection to modbus server
[2025-03-01T08:20:19.670Z] Error reading register 3105 for IP 10.30.4.91: no connection to modbus server
[2025-03-01T08:20:19.670Z] ❌ Error reading register 1000 for IP 10.30.4.91: no connection to modbus server
[2025-03-01T08:20:19.670Z] Error reading actual data: no connection to modbus server
[2025-03-01T08:20:19.670Z] Error writing to Modbus register: no connection to modbus server
[2025-03-01T08:20:20.534Z] Error reading register 3105 for IP 10.30.4.91: no connection to modbus server
[2025-03-01T08:20:20.534Z] ❌ Error reading register 1000 for IP 10.30.4.91: no connection to modbus server
[2025-03-01T08:20:20.534Z] Error reading actual data: no connection to modbus server
[2025-03-01T08:20:20.535Z] Error writing to Modbus register: no connection to modbus server
[2025-03-01T08:20:20.537Z] Error reading register 3105 for IP 10.30.4.91: no connection to modbus server
[2025-03-01T08:20:20.537Z] ❌ Error reading register 1000 for IP 10.30.4.91: no connection to modbus server
[2025-03-01T08:20:20.538Z] Error reading actual data: no connection to modbus server
[2025-03-01T08:20:20.539Z] Error reading register 3105 for IP 10.30.4.91: no connection to modbus server
[2025-03-01T08:20:20.538Z] Error writing to Modbus register: no connection to modbus server
[2025-03-01T08:20:20.540Z] Error reading actual data: no connection to modbus server
[2025-03-01T08:20:20.539Z] ❌ Error reading register 1000 for IP 10.30.4.91: no connection to modbus server
[2025-03-01T08:20:20.540Z] Error writing to Modbus register: no connection to modbus server
[2025-03-01T08:20:20.669Z] Error reading register 3105 for IP 10.30.4.91: no connection to modbus server
[2025-03-01T08:20:20.670Z] ❌ Error reading register 1000 for IP 10.30.4.91: no connection to modbus server
[2025-03-01T08:20:20.670Z] Error reading actual data: no connection to modbus server
[2025-03-01T08:20:20.671Z] Error writing to Modbus register: no connection to modbus server
[2025-03-01T08:20:20.672Z] Error reading register 3105 for IP 10.30.4.91: no connection to modbus server
[2025-03-01T08:20:20.672Z] ❌ Error reading register 1000 for IP 10.30.4.91: no connection to modbus server
[2025-03-01T08:20:20.673Z] Error reading actual data: no connection to modbus server
[2025-03-01T08:20:20.673Z] Error writing to Modbus register: no connection to modbus server
[2025-03-01T08:20:20.675Z] Error reading register 3105 for IP 10.30.4.91: no connection to modbus server
[2025-03-01T08:20:20.675Z] ❌ Error reading register 1000 for IP 10.30.4.91: no connection to modbus server
[2025-03-01T08:20:20.675Z] Error reading actual data: no connection to modbus server
[2025-03-01T08:20:20.676Z] Error writing to Modbus register: no connection to modbus server
[2025-03-01T08:20:21.534Z] Error reading register 3105 for IP 10.30.4.91: no connection to modbus server
[2025-03-01T08:20:21.535Z] ❌ Error reading register 1000 for IP 10.30.4.91: no connection to modbus server
[2025-03-01T08:20:21.535Z] Error reading actual data: no connection to modbus server
[2025-03-01T08:20:21.537Z] Error writing to Modbus register: no connection to modbus server
[2025-03-01T08:20:21.538Z] Error reading register 3105 for IP 10.30.4.91: no connection to modbus server
[2025-03-01T08:20:21.538Z] ❌ Error reading register 1000 for IP 10.30.4.91: no connection to modbus server
[2025-03-01T08:20:21.539Z] Error reading actual data: no connection to modbus server
[2025-03-01T08:20:21.540Z] Error writing to Modbus register: no connection to modbus server
[2025-03-01T08:20:21.541Z] ❌ Error reading register 1000 for IP 10.30.4.91: no connection to modbus server
[2025-03-01T08:20:21.541Z] Error reading register 3105 for IP 10.30.4.91: no connection to modbus server
[2025-03-01T08:20:21.542Z] Error reading actual data: no connection to modbus server
[2025-03-01T08:20:21.542Z] Error writing to Modbus register: no connection to modbus server
[2025-03-01T08:20:21.672Z] Error reading register 3105 for IP 10.30.4.91: no connection to modbus server
[2025-03-01T08:20:21.672Z] ❌ Error reading register 1000 for IP 10.30.4.91: no connection to modbus server
[2025-03-01T08:20:21.673Z] Error reading register 3105 for IP 10.30.4.91: no connection to modbus server
[2025-03-01T08:20:21.673Z] ❌ Error reading register 1000 for IP 10.30.4.91: no connection to modbus server
[2025-03-01T08:20:21.672Z] Error reading actual data: no connection to modbus server
[2025-03-01T08:20:21.673Z] Error writing to Modbus register: no connection to modbus server
[2025-03-01T08:20:21.673Z] Error reading actual data: no connection to modbus server
[2025-03-01T08:20:21.674Z] Error writing to Modbus register: no connection to modbus server
[2025-03-01T08:20:21.675Z] Error reading register 3105 for IP 10.30.4.91: no connection to modbus server
[2025-03-01T08:20:21.675Z] ❌ Error reading register 1000 for IP 10.30.4.91: no connection to modbus server
[2025-03-01T08:20:21.675Z] Error reading actual data: no connection to modbus server
[2025-03-01T08:20:21.676Z] Error writing to Modbus register: no connection to modbus server
[2025-03-01T08:20:22.534Z] Error reading register 3105 for IP 10.30.4.91: no connection to modbus server
[2025-03-01T08:20:22.535Z] ❌ Error reading register 1000 for IP 10.30.4.91: no connection to modbus server
[2025-03-01T08:20:22.535Z] Error reading actual data: no connection to modbus server
[2025-03-01T08:20:22.537Z] Error writing to Modbus register: no connection to modbus server
[2025-03-01T08:20:22.539Z] Error reading register 3105 for IP 10.30.4.91: no connection to modbus server
[2025-03-01T08:20:22.539Z] ❌ Error reading register 1000 for IP 10.30.4.91: no connection to modbus server
[2025-03-01T08:20:22.539Z] Error reading actual data: no connection to modbus server
[2025-03-01T08:20:22.540Z] Error writing to Modbus register: no connection to modbus server
[2025-03-01T08:20:22.542Z] Error reading register 3105 for IP 10.30.4.91: no connection to modbus server
[2025-03-01T08:20:22.542Z] ❌ Error reading register 1000 for IP 10.30.4.91: no connection to modbus server
[2025-03-01T08:20:22.542Z] Error reading actual data: no connection to modbus server
[2025-03-01T08:20:22.543Z] Error writing to Modbus register: no connection to modbus server
[2025-03-01T08:20:22.681Z] Error reading register 3105 for IP 10.30.4.91: no connection to modbus server
[2025-03-01T08:20:22.682Z] Error reading actual data: no connection to modbus server
[2025-03-01T08:20:22.682Z] ❌ Error reading register 1000 for IP 10.30.4.91: no connection to modbus server
[2025-03-01T08:20:22.682Z] Error writing to Modbus register: no connection to modbus server
[2025-03-01T08:20:22.683Z] Error reading register 3105 for IP 10.30.4.91: no connection to modbus server
[2025-03-01T08:20:22.684Z] ❌ Error reading register 1000 for IP 10.30.4.91: no connection to modbus server
[2025-03-01T08:20:22.684Z] Error writing to Modbus register: no connection to modbus server
[2025-03-01T08:20:22.684Z] Error reading actual data: no connection to modbus server
[2025-03-01T08:20:22.685Z] Error reading register 3105 for IP 10.30.4.91: no connection to modbus server
[2025-03-01T08:20:22.685Z] ❌ Error reading register 1000 for IP 10.30.4.91: no connection to modbus server
[2025-03-01T08:20:22.686Z] Error reading actual data: no connection to modbus server
[2025-03-01T08:20:22.686Z] Error writing to Modbus register: no connection to modbus server
[2025-03-01T08:20:23.534Z] Error reading register 3105 for IP 10.30.4.91: no connection to modbus server
[2025-03-01T08:20:23.534Z] ❌ Error reading register 1000 for IP 10.30.4.91: no connection to modbus server
[2025-03-01T08:20:23.535Z] Error reading actual data: no connection to modbus server
[2025-03-01T08:20:23.537Z] Error writing to Modbus register: no connection to modbus server
[2025-03-01T08:20:23.538Z] Error reading register 3105 for IP 10.30.4.91: no connection to modbus server
[2025-03-01T08:20:23.538Z] Error reading actual data: no connection to modbus server
[2025-03-01T08:20:23.538Z] ❌ Error reading register 1000 for IP 10.30.4.91: no connection to modbus server
[2025-03-01T08:20:23.548Z] Error writing to Modbus register: no connection to modbus server
[2025-03-01T08:20:23.549Z] Error reading register 3105 for IP 10.30.4.91: no connection to modbus server
[2025-03-01T08:20:23.550Z] ❌ Error reading register 1000 for IP 10.30.4.91: no connection to modbus server
[2025-03-01T08:20:23.550Z] Error reading actual data: no connection to modbus server
[2025-03-01T08:20:23.551Z] Error writing to Modbus register: no connection to modbus server
[2025-03-01T08:20:23.682Z] Error reading register 3105 for IP 10.30.4.91: no connection to modbus server
[2025-03-01T08:20:23.682Z] ❌ Error reading register 1000 for IP 10.30.4.91: no connection to modbus server
[2025-03-01T08:20:23.683Z] Error reading actual data: no connection to modbus server
[2025-03-01T08:20:23.684Z] Error writing to Modbus register: no connection to modbus server
[2025-03-01T08:20:23.685Z] Error reading register 3105 for IP 10.30.4.91: no connection to modbus server
[2025-03-01T08:20:23.685Z] ❌ Error reading register 1000 for IP 10.30.4.91: no connection to modbus server
[2025-03-01T08:20:23.685Z] Error reading actual data: no connection to modbus server
[2025-03-01T08:20:23.687Z] Error writing to Modbus register: no connection to modbus server
[2025-03-01T08:20:23.687Z] Error reading register 3105 for IP 10.30.4.91: no connection to modbus server
[2025-03-01T08:20:23.687Z] ❌ Error reading register 1000 for IP 10.30.4.91: no connection to modbus server
[2025-03-01T08:20:23.687Z] Error reading actual data: no connection to modbus server
[2025-03-01T08:20:23.688Z] Error writing to Modbus register: no connection to modbus server
[2025-03-01T08:20:24.535Z] Error reading register 3105 for IP 10.30.4.91: no connection to modbus server
[2025-03-01T08:20:24.536Z] ❌ Error reading register 1000 for IP 10.30.4.91: no connection to modbus server
[2025-03-01T08:20:24.536Z] Error reading actual data: no connection to modbus server
[2025-03-01T08:20:24.537Z] Error writing to Modbus register: no connection to modbus server
[2025-03-01T08:20:24.540Z] ❌ Error reading register 1000 for IP 10.30.4.91: no connection to modbus server
[2025-03-01T08:20:24.539Z] Error reading register 3105 for IP 10.30.4.91: no connection to modbus server
[2025-03-01T08:20:24.540Z] Error reading actual data: no connection to modbus server
[2025-03-01T08:20:24.560Z] Error writing to Modbus register: no connection to modbus server
[2025-03-01T08:20:24.561Z] Error reading register 3105 for IP 10.30.4.91: no connection to modbus server
[2025-03-01T08:20:24.561Z] ❌ Error reading register 1000 for IP 10.30.4.91: no connection to modbus server
[2025-03-01T08:20:24.561Z] Error writing to Modbus register: no connection to modbus server
[2025-03-01T08:20:24.561Z] Error reading actual data: no connection to modbus server
[2025-03-01T08:20:24.686Z] Error reading register 3105 for IP 10.30.4.91: no connection to modbus server
[2025-03-01T08:20:24.686Z] ❌ Error reading register 1000 for IP 10.30.4.91: no connection to modbus server
[2025-03-01T08:20:24.687Z] Error reading actual data: no connection to modbus server
[2025-03-01T08:20:24.688Z] ❌ Error reading register 1000 for IP 10.30.4.91: no connection to modbus server
[2025-03-01T08:20:24.688Z] Error reading register 3105 for IP 10.30.4.91: no connection to modbus server
[2025-03-01T08:20:24.687Z] Error writing to Modbus register: no connection to modbus server
[2025-03-01T08:20:24.689Z] Error reading actual data: no connection to modbus server
[2025-03-01T08:20:24.690Z] Error writing to Modbus register: no connection to modbus server
[2025-03-01T08:20:24.691Z] ❌ Error reading register 1000 for IP 10.30.4.91: no connection to modbus server
[2025-03-01T08:20:24.690Z] Error reading register 3105 for IP 10.30.4.91: no connection to modbus server
[2025-03-01T08:20:24.691Z] Error reading actual data: no connection to modbus server
[2025-03-01T08:20:24.691Z] Error writing to Modbus register: no connection to modbus server
[2025-03-01T08:20:25.535Z] Error reading register 3105 for IP 10.30.4.91: no connection to modbus server
[2025-03-01T08:20:25.535Z] ❌ Error reading register 1000 for IP 10.30.4.91: no connection to modbus server
[2025-03-01T08:20:25.536Z] Error reading actual data: no connection to modbus server
[2025-03-01T08:20:25.537Z] Error writing to Modbus register: no connection to modbus server
[2025-03-01T08:20:25.538Z] Error reading register 3105 for IP 10.30.4.91: no connection to modbus server
[2025-03-01T08:20:25.538Z] ❌ Error reading register 1000 for IP 10.30.4.91: no connection to modbus server
[2025-03-01T08:20:25.539Z] Error reading actual data: no connection to modbus server
[2025-03-01T08:20:25.569Z] Error writing to Modbus register: no connection to modbus server
[2025-03-01T08:20:25.570Z] Error reading register 3105 for IP 10.30.4.91: no connection to modbus server
[2025-03-01T08:20:25.571Z] ❌ Error reading register 1000 for IP 10.30.4.91: no connection to modbus server
[2025-03-01T08:20:25.571Z] Error reading actual data: no connection to modbus server
[2025-03-01T08:20:25.572Z] Error writing to Modbus register: no connection to modbus server
[2025-03-01T08:20:25.700Z] Error reading register 3105 for IP 10.30.4.91: no connection to modbus server
[2025-03-01T08:20:25.701Z] Error reading actual data: no connection to modbus server
[2025-03-01T08:20:25.701Z] ❌ Error reading register 1000 for IP 10.30.4.91: no connection to modbus server
[2025-03-01T08:20:25.702Z] Error writing to Modbus register: no connection to modbus server
[2025-03-01T08:20:25.703Z] Error reading register 3105 for IP 10.30.4.91: no connection to modbus server
[2025-03-01T08:20:25.704Z] ❌ Error reading register 1000 for IP 10.30.4.91: no connection to modbus server
[2025-03-01T08:20:25.705Z] Error writing to Modbus register: no connection to modbus server
[2025-03-01T08:20:25.704Z] Error reading actual data: no connection to modbus server
[2025-03-01T08:20:25.705Z] Error reading register 3105 for IP 10.30.4.91: no connection to modbus server
[2025-03-01T08:20:25.706Z] Error reading actual data: no connection to modbus server
[2025-03-01T08:20:25.706Z] ❌ Error reading register 1000 for IP 10.30.4.91: no connection to modbus server
[2025-03-01T08:20:25.706Z] Error writing to Modbus register: no connection to modbus server
[2025-03-01T08:20:26.551Z] Error reading register 3105 for IP 10.30.4.91: no connection to modbus server
[2025-03-01T08:20:26.552Z] ❌ Error reading register 1000 for IP 10.30.4.91: no connection to modbus server
[2025-03-01T08:20:26.554Z] Error reading register 3105 for IP 10.30.4.91: no connection to modbus server
[2025-03-01T08:20:26.552Z] Error reading actual data: no connection to modbus server
[2025-03-01T08:20:26.553Z] Error writing to Modbus register: no connection to modbus server
[2025-03-01T08:20:26.555Z] ❌ Error reading register 1000 for IP 10.30.4.91: no connection to modbus server
[2025-03-01T08:20:26.555Z] Error reading actual data: no connection to modbus server
[2025-03-01T08:20:26.584Z] Error writing to Modbus register: no connection to modbus server
[2025-03-01T08:20:26.586Z] Error reading register 3105 for IP 10.30.4.91: no connection to modbus server
[2025-03-01T08:20:26.586Z] ❌ Error reading register 1000 for IP 10.30.4.91: no connection to modbus server
[2025-03-01T08:20:26.587Z] Error reading actual data: no connection to modbus server
[2025-03-01T08:20:26.588Z] Error writing to Modbus register: no connection to modbus server
[2025-03-01T08:20:26.706Z] Error reading register 3105 for IP 10.30.4.91: no connection to modbus server
[2025-03-01T08:20:26.706Z] ❌ Error reading register 1000 for IP 10.30.4.91: no connection to modbus server
[2025-03-01T08:20:26.707Z] Error reading register 3105 for IP 10.30.4.91: no connection to modbus server
[2025-03-01T08:20:26.707Z] Error reading actual data: no connection to modbus server
[2025-03-01T08:20:26.707Z] ❌ Error reading register 1000 for IP 10.30.4.91: no connection to modbus server
[2025-03-01T08:20:26.706Z] Error reading actual data: no connection to modbus server
[2025-03-01T08:20:26.707Z] Error writing to Modbus register: no connection to modbus server
[2025-03-01T08:20:26.708Z] Error reading register 3105 for IP 10.30.4.91: no connection to modbus server
[2025-03-01T08:20:26.708Z] ❌ Error reading register 1000 for IP 10.30.4.91: no connection to modbus server
[2025-03-01T08:20:26.706Z] Error writing to Modbus register: no connection to modbus server
[2025-03-01T08:20:26.708Z] Error reading actual data: no connection to modbus server
[2025-03-01T08:20:26.709Z] Error writing to Modbus register: no connection to modbus server
[2025-03-01T08:20:27.551Z] Error reading register 3105 for IP 10.30.4.91: no connection to modbus server
[2025-03-01T08:20:27.551Z] ❌ Error reading register 1000 for IP 10.30.4.91: no connection to modbus server
[2025-03-01T08:20:27.552Z] Error reading actual data: no connection to modbus server
[2025-03-01T08:20:27.552Z] Error writing to Modbus register: no connection to modbus server
[2025-03-01T08:20:27.554Z] Error reading register 3105 for IP 10.30.4.91: no connection to modbus server
[2025-03-01T08:20:27.554Z] ❌ Error reading register 1000 for IP 10.30.4.91: no connection to modbus server
[2025-03-01T08:20:27.554Z] Error reading actual data: no connection to modbus server
[2025-03-01T08:20:27.583Z] Error writing to Modbus register: no connection to modbus server
[2025-03-01T08:20:27.586Z] Error reading register 3105 for IP 10.30.4.91: no connection to modbus server
[2025-03-01T08:20:27.586Z] ❌ Error reading register 1000 for IP 10.30.4.91: no connection to modbus server
[2025-03-01T08:20:27.586Z] Error reading actual data: no connection to modbus server
[2025-03-01T08:20:27.588Z] Error writing to Modbus register: no connection to modbus server
[2025-03-01T08:20:27.718Z] Error reading register 3105 for IP 10.30.4.91: no connection to modbus server
[2025-03-01T08:20:27.718Z] ❌ Error reading register 1000 for IP 10.30.4.91: no connection to modbus server
[2025-03-01T08:20:27.718Z] Error reading actual data: no connection to modbus server
[2025-03-01T08:20:27.719Z] Error writing to Modbus register: no connection to modbus server
[2025-03-01T08:20:27.720Z] ❌ Error reading register 1000 for IP 10.30.4.91: no connection to modbus server
[2025-03-01T08:20:27.720Z] Error reading register 3105 for IP 10.30.4.91: no connection to modbus server
[2025-03-01T08:20:27.720Z] Error reading actual data: no connection to modbus server
[2025-03-01T08:20:27.721Z] Error writing to Modbus register: no connection to modbus server
[2025-03-01T08:20:27.722Z] Error reading register 3105 for IP 10.30.4.91: no connection to modbus server
[2025-03-01T08:20:27.722Z] Error reading actual data: no connection to modbus server
[2025-03-01T08:20:27.722Z] ❌ Error reading register 1000 for IP 10.30.4.91: no connection to modbus server
[2025-03-01T08:20:27.723Z] Error writing to Modbus register: no connection to modbus server
[2025-03-01T08:20:28.566Z] Error reading register 3105 for IP 10.30.4.91: no connection to modbus server
[2025-03-01T08:20:28.566Z] ❌ Error reading register 1000 for IP 10.30.4.91: no connection to modbus server
[2025-03-01T08:20:28.567Z] Error reading actual data: no connection to modbus server
[2025-03-01T08:20:28.567Z] Error writing to Modbus register: no connection to modbus server
[2025-03-01T08:20:28.567Z] Error reading register 3105 for IP 10.30.4.91: no connection to modbus server
[2025-03-01T08:20:28.567Z] ❌ Error reading register 1000 for IP 10.30.4.91: no connection to modbus server
[2025-03-01T08:20:28.567Z] Error reading actual data: no connection to modbus server
[2025-03-01T08:20:28.588Z] Error writing to Modbus register: no connection to modbus server
[2025-03-01T08:20:28.589Z] Error reading register 3105 for IP 10.30.4.91: no connection to modbus server
[2025-03-01T08:20:28.589Z] Error reading actual data: no connection to modbus server
[2025-03-01T08:20:28.589Z] ❌ Error reading register 1000 for IP 10.30.4.91: no connection to modbus server
[2025-03-01T08:20:28.589Z] Error writing to Modbus register: no connection to modbus server
[2025-03-01T08:20:28.718Z] ❌ Error reading register 1000 for IP 10.30.4.91: no connection to modbus server
[2025-03-01T08:20:28.718Z] Error reading register 3105 for IP 10.30.4.91: no connection to modbus server
[2025-03-01T08:20:28.718Z] Error reading actual data: no connection to modbus server
[2025-03-01T08:20:28.719Z] Error writing to Modbus register: no connection to modbus server
[2025-03-01T08:20:28.720Z] Error reading register 3105 for IP 10.30.4.91: no connection to modbus server
[2025-03-01T08:20:28.720Z] ❌ Error reading register 1000 for IP 10.30.4.91: no connection to modbus server
[2025-03-01T08:20:28.720Z] Error reading actual data: no connection to modbus server
[2025-03-01T08:20:28.720Z] Error writing to Modbus register: no connection to modbus server
[2025-03-01T08:20:28.721Z] Error reading register 3105 for IP 10.30.4.91: no connection to modbus server
[2025-03-01T08:20:28.721Z] ❌ Error reading register 1000 for IP 10.30.4.91: no connection to modbus server
[2025-03-01T08:20:28.722Z] Error reading actual data: no connection to modbus server
[2025-03-01T08:20:28.722Z] Error writing to Modbus register: no connection to modbus server
[2025-03-01T08:20:29.567Z] Error reading register 3105 for IP 10.30.4.91: no connection to modbus server
[2025-03-01T08:20:29.568Z] ❌ Error reading register 1000 for IP 10.30.4.91: no connection to modbus server
[2025-03-01T08:20:29.568Z] Error reading actual data: no connection to modbus server
[2025-03-01T08:20:29.570Z] Error writing to Modbus register: no connection to modbus server
[2025-03-01T08:20:29.572Z] Error reading actual data: no connection to modbus server
[2025-03-01T08:20:29.571Z] Error reading register 3105 for IP 10.30.4.91: no connection to modbus server
[2025-03-01T08:20:29.572Z] ❌ Error reading register 1000 for IP 10.30.4.91: no connection to modbus server
[2025-03-01T08:20:29.600Z] Error reading register 3105 for IP 10.30.4.91: no connection to modbus server
[2025-03-01T08:20:29.600Z] ❌ Error reading register 1000 for IP 10.30.4.91: no connection to modbus server
[2025-03-01T08:20:29.600Z] Error reading actual data: no connection to modbus server
[2025-03-01T08:20:29.599Z] Error writing to Modbus register: no connection to modbus server
[2025-03-01T08:20:29.600Z] Error writing to Modbus register: no connection to modbus server
[2025-03-01T08:20:29.720Z] Error reading register 3105 for IP 10.30.4.91: no connection to modbus server
[2025-03-01T08:20:29.720Z] ❌ Error reading register 1000 for IP 10.30.4.91: no connection to modbus server
[2025-03-01T08:20:29.721Z] Error reading actual data: no connection to modbus server
[2025-03-01T08:20:29.722Z] Error writing to Modbus register: no connection to modbus server
[2025-03-01T08:20:29.723Z] Error reading register 3105 for IP 10.30.4.91: no connection to modbus server
[2025-03-01T08:20:29.724Z] ❌ Error reading register 1000 for IP 10.30.4.91: no connection to modbus server
[2025-03-01T08:20:29.724Z] Error reading actual data: no connection to modbus server
[2025-03-01T08:20:29.725Z] Error writing to Modbus register: no connection to modbus server
[2025-03-01T08:20:29.725Z] Error reading register 3105 for IP 10.30.4.91: no connection to modbus server
[2025-03-01T08:20:29.726Z] ❌ Error reading register 1000 for IP 10.30.4.91: no connection to modbus server
[2025-03-01T08:20:29.726Z] Error reading actual data: no connection to modbus server
[2025-03-01T08:20:29.727Z] Error writing to Modbus register: no connection to modbus server
[2025-03-01T08:20:30.567Z] Error reading register 3105 for IP 10.30.4.91: no connection to modbus server
[2025-03-01T08:20:30.568Z] ❌ Error reading register 1000 for IP 10.30.4.91: no connection to modbus server
[2025-03-01T08:20:30.569Z] Error reading actual data: no connection to modbus server
[2025-03-01T08:20:30.570Z] Error writing to Modbus register: no connection to modbus server
[2025-03-01T08:20:30.573Z] Error reading register 3105 for IP 10.30.4.91: no connection to modbus server
[2025-03-01T08:20:30.573Z] ❌ Error reading register 1000 for IP 10.30.4.91: no connection to modbus server
[2025-03-01T08:20:30.574Z] Error reading actual data: no connection to modbus server
[2025-03-01T08:20:30.600Z] Error writing to Modbus register: no connection to modbus server
[2025-03-01T08:20:30.602Z] Error reading register 3105 for IP 10.30.4.91: no connection to modbus server
[2025-03-01T08:20:30.602Z] ❌ Error reading register 1000 for IP 10.30.4.91: no connection to modbus server
[2025-03-01T08:20:30.603Z] Error reading actual data: no connection to modbus server
[2025-03-01T08:20:30.604Z] Error writing to Modbus register: no connection to modbus server
[2025-03-01T08:20:30.723Z] Error reading register 3105 for IP 10.30.4.91: no connection to modbus server
[2025-03-01T08:20:30.723Z] ❌ Error reading register 1000 for IP 10.30.4.91: no connection to modbus server
[2025-03-01T08:20:30.723Z] Error reading actual data: no connection to modbus server
[2025-03-01T08:20:30.723Z] Error writing to Modbus register: no connection to modbus server
[2025-03-01T08:20:30.724Z] Error reading register 3105 for IP 10.30.4.91: no connection to modbus server
[2025-03-01T08:20:30.724Z] ❌ Error reading register 1000 for IP 10.30.4.91: no connection to modbus server
[2025-03-01T08:20:30.724Z] Error reading actual data: no connection to modbus server
[2025-03-01T08:20:30.724Z] Error writing to Modbus register: no connection to modbus server
[2025-03-01T08:20:30.739Z] Error reading register 3105 for IP 10.30.4.91: no connection to modbus server
[2025-03-01T08:20:30.739Z] ❌ Error reading register 1000 for IP 10.30.4.91: no connection to modbus server
[2025-03-01T08:20:30.739Z] Error reading actual data: no connection to modbus server
[2025-03-01T08:20:30.739Z] Error writing to Modbus register: no connection to modbus server
[2025-03-01T08:20:31.570Z] Error reading register 3105 for IP 10.30.4.91: no connection to modbus server
[2025-03-01T08:20:31.570Z] ❌ Error reading register 1000 for IP 10.30.4.91: no connection to modbus server
[2025-03-01T08:20:31.570Z] Error reading actual data: no connection to modbus server
[2025-03-01T08:20:31.571Z] Error writing to Modbus register: no connection to modbus server
[2025-03-01T08:20:31.573Z] Error reading register 3105 for IP 10.30.4.91: no connection to modbus server
[2025-03-01T08:20:31.573Z] ❌ Error reading register 1000 for IP 10.30.4.91: no connection to modbus server
[2025-03-01T08:20:31.574Z] Error reading actual data: no connection to modbus server
[2025-03-01T08:20:31.599Z] Error writing to Modbus register: no connection to modbus server
[2025-03-01T08:20:31.600Z] Error reading register 3105 for IP 10.30.4.91: no connection to modbus server
[2025-03-01T08:20:31.600Z] ❌ Error reading register 1000 for IP 10.30.4.91: no connection to modbus server
[2025-03-01T08:20:31.601Z] Error reading actual data: no connection to modbus server
[2025-03-01T08:20:31.616Z] Error writing to Modbus register: no connection to modbus server
[2025-03-01T08:20:31.725Z] Error reading register 3105 for IP 10.30.4.91: no connection to modbus server
[2025-03-01T08:20:31.725Z] ❌ Error reading register 1000 for IP 10.30.4.91: no connection to modbus server
[2025-03-01T08:20:31.726Z] Error reading actual data: no connection to modbus server
[2025-03-01T08:20:31.726Z] Error writing to Modbus register: no connection to modbus server
[2025-03-01T08:20:31.727Z] Error reading register 3105 for IP 10.30.4.91: no connection to modbus server
[2025-03-01T08:20:31.727Z] ❌ Error reading register 1000 for IP 10.30.4.91: no connection to modbus server
[2025-03-01T08:20:31.727Z] Error reading actual data: no connection to modbus server
[2025-03-01T08:20:31.728Z] Error writing to Modbus register: no connection to modbus server
[2025-03-01T08:20:31.750Z] ❌ Error reading register 1000 for IP 10.30.4.91: no connection to modbus server
[2025-03-01T08:20:31.749Z] Error reading register 3105 for IP 10.30.4.91: no connection to modbus server
[2025-03-01T08:20:31.750Z] Error writing to Modbus register: no connection to modbus server
[2025-03-01T08:20:31.750Z] Error reading actual data: no connection to modbus server
[2025-03-01T08:20:32.571Z] Error reading register 3105 for IP 10.30.4.91: no connection to modbus server
[2025-03-01T08:20:32.571Z] ❌ Error reading register 1000 for IP 10.30.4.91: no connection to modbus server
[2025-03-01T08:20:32.571Z] Error reading actual data: no connection to modbus server
[2025-03-01T08:20:32.572Z] Error writing to Modbus register: no connection to modbus server
[2025-03-01T08:20:32.573Z] Error reading register 3105 for IP 10.30.4.91: no connection to modbus server
[2025-03-01T08:20:32.573Z] ❌ Error reading register 1000 for IP 10.30.4.91: no connection to modbus server
[2025-03-01T08:20:32.574Z] Error reading actual data: no connection to modbus server
[2025-03-01T08:20:32.617Z] Error writing to Modbus register: no connection to modbus server
[2025-03-01T08:20:32.619Z] Error reading register 3105 for IP 10.30.4.91: no connection to modbus server
[2025-03-01T08:20:32.619Z] ❌ Error reading register 1000 for IP 10.30.4.91: no connection to modbus server
[2025-03-01T08:20:32.620Z] Error reading actual data: no connection to modbus server
[2025-03-01T08:20:32.621Z] Error writing to Modbus register: no connection to modbus server
[2025-03-01T08:20:32.733Z] Error reading register 3105 for IP 10.30.4.91: no connection to modbus server
[2025-03-01T08:20:32.733Z] ❌ Error reading register 1000 for IP 10.30.4.91: no connection to modbus server
[2025-03-01T08:20:32.733Z] Error reading actual data: no connection to modbus server
[2025-03-01T08:20:32.733Z] Error writing to Modbus register: no connection to modbus server
[2025-03-01T08:20:32.734Z] Error reading register 3105 for IP 10.30.4.91: no connection to modbus server
[2025-03-01T08:20:32.734Z] ❌ Error reading register 1000 for IP 10.30.4.91: no connection to modbus server
[2025-03-01T08:20:32.734Z] Error reading actual data: no connection to modbus server
[2025-03-01T08:20:32.734Z] Error writing to Modbus register: no connection to modbus server
[2025-03-01T08:20:32.764Z] Error reading register 3105 for IP 10.30.4.91: no connection to modbus server
[2025-03-01T08:20:32.764Z] ❌ Error reading register 1000 for IP 10.30.4.91: no connection to modbus server
[2025-03-01T08:20:32.764Z] Error reading actual data: no connection to modbus server
[2025-03-01T08:20:32.765Z] Error writing to Modbus register: no connection to modbus server
[2025-03-01T08:20:33.585Z] Error reading register 3105 for IP 10.30.4.91: no connection to modbus server
[2025-03-01T08:20:33.585Z] ❌ Error reading register 1000 for IP 10.30.4.91: no connection to modbus server
[2025-03-01T08:20:33.588Z] ❌ Error reading register 1000 for IP 10.30.4.91: no connection to modbus server
[2025-03-01T08:20:33.588Z] Error reading actual data: no connection to modbus server
[2025-03-01T08:20:33.588Z] Error reading register 3105 for IP 10.30.4.91: no connection to modbus server
[2025-03-01T08:20:33.586Z] Error reading actual data: no connection to modbus server
[2025-03-01T08:20:33.587Z] Error writing to Modbus register: no connection to modbus server
[2025-03-01T08:20:33.634Z] Error writing to Modbus register: no connection to modbus server
[2025-03-01T08:20:33.636Z] ❌ Error reading register 1000 for IP 10.30.4.91: no connection to modbus server
[2025-03-01T08:20:33.636Z] Error reading register 3105 for IP 10.30.4.91: no connection to modbus server
[2025-03-01T08:20:33.637Z] Error reading actual data: no connection to modbus server
[2025-03-01T08:20:33.638Z] Error writing to Modbus register: no connection to modbus server
[2025-03-01T08:20:33.740Z] Error reading register 3105 for IP 10.30.4.91: no connection to modbus server
[2025-03-01T08:20:33.741Z] Error reading actual data: no connection to modbus server
[2025-03-01T08:20:33.740Z] ❌ Error reading register 1000 for IP 10.30.4.91: no connection to modbus server
[2025-03-01T08:20:33.741Z] Error writing to Modbus register: no connection to modbus server
[2025-03-01T08:20:33.741Z] Error reading register 3105 for IP 10.30.4.91: no connection to modbus server
[2025-03-01T08:20:33.741Z] ❌ Error reading register 1000 for IP 10.30.4.91: no connection to modbus server
[2025-03-01T08:20:33.741Z] Error reading actual data: no connection to modbus server
[2025-03-01T08:20:33.742Z] Error writing to Modbus register: no connection to modbus server
[2025-03-01T08:20:33.766Z] Error reading register 3105 for IP 10.30.4.91: no connection to modbus server
[2025-03-01T08:20:33.766Z] ❌ Error reading register 1000 for IP 10.30.4.91: no connection to modbus server
[2025-03-01T08:20:33.767Z] Error reading actual data: no connection to modbus server
[2025-03-01T08:20:33.767Z] Error writing to Modbus register: no connection to modbus server
[2025-03-01T08:20:34.597Z] ❌ Error reading register 1000 for IP 10.30.4.91: no connection to modbus server
[2025-03-01T08:20:34.597Z] Error reading register 3105 for IP 10.30.4.91: no connection to modbus server
[2025-03-01T08:20:34.597Z] Error writing to Modbus register: no connection to modbus server
[2025-03-01T08:20:34.597Z] Error reading actual data: no connection to modbus server
[2025-03-01T08:20:34.598Z] Error reading register 3105 for IP 10.30.4.91: no connection to modbus server
[2025-03-01T08:20:34.598Z] ❌ Error reading register 1000 for IP 10.30.4.91: no connection to modbus server
[2025-03-01T08:20:34.598Z] Error reading actual data: no connection to modbus server
[2025-03-01T08:20:34.651Z] Error writing to Modbus register: no connection to modbus server
[2025-03-01T08:20:34.651Z] Error reading register 3105 for IP 10.30.4.91: no connection to modbus server
[2025-03-01T08:20:34.651Z] Error reading actual data: no connection to modbus server
[2025-03-01T08:20:34.652Z] Error writing to Modbus register: no connection to modbus server
[2025-03-01T08:20:34.651Z] ❌ Error reading register 1000 for IP 10.30.4.91: no connection to modbus server
[2025-03-01T08:20:34.752Z] Error reading register 3105 for IP 10.30.4.91: no connection to modbus server
[2025-03-01T08:20:34.752Z] ❌ Error reading register 1000 for IP 10.30.4.91: no connection to modbus server
[2025-03-01T08:20:34.753Z] Error reading actual data: no connection to modbus server
[2025-03-01T08:20:34.753Z] Error writing to Modbus register: no connection to modbus server
[2025-03-01T08:20:34.754Z] Error reading register 3105 for IP 10.30.4.91: no connection to modbus server
[2025-03-01T08:20:34.754Z] ❌ Error reading register 1000 for IP 10.30.4.91: no connection to modbus server
[2025-03-01T08:20:34.754Z] Error reading actual data: no connection to modbus server
[2025-03-01T08:20:34.754Z] Error writing to Modbus register: no connection to modbus server
[2025-03-01T08:20:34.776Z] Error reading register 3105 for IP 10.30.4.91: no connection to modbus server
[2025-03-01T08:20:34.776Z] ❌ Error reading register 1000 for IP 10.30.4.91: no connection to modbus server
[2025-03-01T08:20:34.776Z] Error reading actual data: no connection to modbus server
[2025-03-01T08:20:34.776Z] Error writing to Modbus register: no connection to modbus server
[2025-03-01T08:20:35.600Z] Error reading register 3105 for IP 10.30.4.91: no connection to modbus server
[2025-03-01T08:20:35.600Z] ❌ Error reading register 1000 for IP 10.30.4.91: no connection to modbus server
[2025-03-01T08:20:35.600Z] Error reading actual data: no connection to modbus server
[2025-03-01T08:20:35.601Z] Error writing to Modbus register: no connection to modbus server
[2025-03-01T08:20:35.601Z] Error reading register 3105 for IP 10.30.4.91: no connection to modbus server
[2025-03-01T08:20:35.601Z] ❌ Error reading register 1000 for IP 10.30.4.91: no connection to modbus server
[2025-03-01T08:20:35.601Z] Error reading actual data: no connection to modbus server
[2025-03-01T08:20:35.649Z] Error writing to Modbus register: no connection to modbus server
[2025-03-01T08:20:35.652Z] Error reading register 3105 for IP 10.30.4.91: no connection to modbus server
[2025-03-01T08:20:35.653Z] ❌ Error reading register 1000 for IP 10.30.4.91: no connection to modbus server
[2025-03-01T08:20:35.654Z] Error reading actual data: no connection to modbus server
[2025-03-01T08:20:35.654Z] Error writing to Modbus register: no connection to modbus server
[2025-03-01T08:20:35.766Z] Error reading register 3105 for IP 10.30.4.91: no connection to modbus server
[2025-03-01T08:20:35.766Z] ❌ Error reading register 1000 for IP 10.30.4.91: no connection to modbus server
[2025-03-01T08:20:35.766Z] Error writing to Modbus register: no connection to modbus server
[2025-03-01T08:20:35.767Z] ❌ Error reading register 1000 for IP 10.30.4.91: no connection to modbus server
[2025-03-01T08:20:35.767Z] Error reading actual data: no connection to modbus server
[2025-03-01T08:20:35.767Z] Error writing to Modbus register: no connection to modbus server
[2025-03-01T08:20:35.767Z] Error reading register 3105 for IP 10.30.4.91: no connection to modbus server
[2025-03-01T08:20:35.766Z] Error reading actual data: no connection to modbus server
[2025-03-01T08:20:35.781Z] Error reading register 3105 for IP 10.30.4.91: no connection to modbus server
[2025-03-01T08:20:35.782Z] ❌ Error reading register 1000 for IP 10.30.4.91: no connection to modbus server
[2025-03-01T08:20:35.782Z] Error reading actual data: no connection to modbus server
[2025-03-01T08:20:35.782Z] Error writing to Modbus register: no connection to modbus server
[2025-03-01T08:20:36.603Z] Error reading register 3105 for IP 10.30.4.91: no connection to modbus server
[2025-03-01T08:20:36.604Z] Error reading actual data: no connection to modbus server
[2025-03-01T08:20:36.603Z] ❌ Error reading register 1000 for IP 10.30.4.91: no connection to modbus server
[2025-03-01T08:20:36.605Z] Error writing to Modbus register: no connection to modbus server
[2025-03-01T08:20:36.606Z] ❌ Error reading register 1000 for IP 10.30.4.91: no connection to modbus server
[2025-03-01T08:20:36.606Z] Error reading register 3105 for IP 10.30.4.91: no connection to modbus server
[2025-03-01T08:20:36.607Z] Error reading actual data: no connection to modbus server
[2025-03-01T08:20:36.650Z] Error writing to Modbus register: no connection to modbus server
[2025-03-01T08:20:36.652Z] Error reading register 3105 for IP 10.30.4.91: no connection to modbus server
[2025-03-01T08:20:36.653Z] ❌ Error reading register 1000 for IP 10.30.4.91: no connection to modbus server
[2025-03-01T08:20:36.653Z] Error reading actual data: no connection to modbus server
[2025-03-01T08:20:36.655Z] Error writing to Modbus register: no connection to modbus server
[2025-03-01T08:20:36.775Z] Error reading register 3105 for IP 10.30.4.91: no connection to modbus server
[2025-03-01T08:20:36.776Z] ❌ Error reading register 1000 for IP 10.30.4.91: no connection to modbus server
[2025-03-01T08:20:36.776Z] Error reading actual data: no connection to modbus server
[2025-03-01T08:20:36.776Z] Error writing to Modbus register: no connection to modbus server
[2025-03-01T08:20:36.776Z] Error reading register 3105 for IP 10.30.4.91: no connection to modbus server
[2025-03-01T08:20:36.777Z] ❌ Error reading register 1000 for IP 10.30.4.91: no connection to modbus server
[2025-03-01T08:20:36.777Z] Error reading actual data: no connection to modbus server
[2025-03-01T08:20:36.777Z] Error writing to Modbus register: no connection to modbus server
[2025-03-01T08:20:36.790Z] Error reading register 3105 for IP 10.30.4.91: no connection to modbus server
[2025-03-01T08:20:36.791Z] ❌ Error reading register 1000 for IP 10.30.4.91: no connection to modbus server
[2025-03-01T08:20:36.791Z] Error writing to Modbus register: no connection to modbus server
[2025-03-01T08:20:36.791Z] Error reading actual data: no connection to modbus server
[2025-03-01T08:20:37.616Z] Error reading register 3105 for IP 10.30.4.91: no connection to modbus server
[2025-03-01T08:20:37.616Z] ❌ Error reading register 1000 for IP 10.30.4.91: no connection to modbus server
[2025-03-01T08:20:37.616Z] Error reading actual data: no connection to modbus server
[2025-03-01T08:20:37.617Z] Error writing to Modbus register: no connection to modbus server
[2025-03-01T08:20:37.617Z] Error reading register 3105 for IP 10.30.4.91: no connection to modbus server
[2025-03-01T08:20:37.618Z] ❌ Error reading register 1000 for IP 10.30.4.91: no connection to modbus server
[2025-03-01T08:20:37.618Z] Error reading actual data: no connection to modbus server
[2025-03-01T08:20:37.651Z] Error writing to Modbus register: no connection to modbus server
[2025-03-01T08:20:37.651Z] Error reading register 3105 for IP 10.30.4.91: no connection to modbus server
[2025-03-01T08:20:37.652Z] ❌ Error reading register 1000 for IP 10.30.4.91: no connection to modbus server
[2025-03-01T08:20:37.652Z] Error reading actual data: no connection to modbus server
[2025-03-01T08:20:37.666Z] Error writing to Modbus register: no connection to modbus server
[2025-03-01T08:20:37.779Z] Error reading register 3105 for IP 10.30.4.91: no connection to modbus server
[2025-03-01T08:20:37.779Z] ❌ Error reading register 1000 for IP 10.30.4.91: no connection to modbus server
[2025-03-01T08:20:37.779Z] Error reading actual data: no connection to modbus server
[2025-03-01T08:20:37.780Z] Error writing to Modbus register: no connection to modbus server
[2025-03-01T08:20:37.781Z] Error reading register 3105 for IP 10.30.4.91: no connection to modbus server
[2025-03-01T08:20:37.781Z] ❌ Error reading register 1000 for IP 10.30.4.91: no connection to modbus server
[2025-03-01T08:20:37.782Z] Error reading actual data: no connection to modbus server
[2025-03-01T08:20:37.782Z] Error writing to Modbus register: no connection to modbus server
[2025-03-01T08:20:37.793Z] Error reading register 3105 for IP 10.30.4.91: no connection to modbus server
[2025-03-01T08:20:37.794Z] ❌ Error reading register 1000 for IP 10.30.4.91: no connection to modbus server
[2025-03-01T08:20:37.794Z] Error reading actual data: no connection to modbus server
[2025-03-01T08:20:37.794Z] Error writing to Modbus register: no connection to modbus server
[2025-03-01T08:20:38.618Z] Error reading register 3105 for IP 10.30.4.91: no connection to modbus server
[2025-03-01T08:20:38.618Z] ❌ Error reading register 1000 for IP 10.30.4.91: no connection to modbus server
[2025-03-01T08:20:38.618Z] Error reading actual data: no connection to modbus server
[2025-03-01T08:20:38.620Z] Error writing to Modbus register: no connection to modbus server
[2025-03-01T08:20:38.621Z] Error reading register 3105 for IP 10.30.4.91: no connection to modbus server
[2025-03-01T08:20:38.621Z] ❌ Error reading register 1000 for IP 10.30.4.91: no connection to modbus server
[2025-03-01T08:20:38.621Z] Error reading actual data: no connection to modbus server
[2025-03-01T08:20:38.651Z] Error writing to Modbus register: no connection to modbus server
[2025-03-01T08:20:38.653Z] Error reading register 3105 for IP 10.30.4.91: no connection to modbus server
[2025-03-01T08:20:38.653Z] ❌ Error reading register 1000 for IP 10.30.4.91: no connection to modbus server
[2025-03-01T08:20:38.653Z] Error reading actual data: no connection to modbus server
[2025-03-01T08:20:38.667Z] Error writing to Modbus register: no connection to modbus server
[2025-03-01T08:20:38.787Z] Error reading register 3105 for IP 10.30.4.91: no connection to modbus server
[2025-03-01T08:20:38.787Z] ❌ Error reading register 1000 for IP 10.30.4.91: no connection to modbus server
[2025-03-01T08:20:38.788Z] Error reading actual data: no connection to modbus server
[2025-03-01T08:20:38.788Z] Error writing to Modbus register: no connection to modbus server
[2025-03-01T08:20:38.788Z] Error reading register 3105 for IP 10.30.4.91: no connection to modbus server
[2025-03-01T08:20:38.788Z] ❌ Error reading register 1000 for IP 10.30.4.91: no connection to modbus server
[2025-03-01T08:20:38.789Z] Error reading actual data: no connection to modbus server
[2025-03-01T08:20:38.789Z] Error writing to Modbus register: no connection to modbus server
[2025-03-01T08:20:38.802Z] Error reading register 3105 for IP 10.30.4.91: no connection to modbus server
[2025-03-01T08:20:38.802Z] ❌ Error reading register 1000 for IP 10.30.4.91: no connection to modbus server
[2025-03-01T08:20:38.803Z] Error writing to Modbus register: no connection to modbus server
[2025-03-01T08:20:38.802Z] Error reading actual data: no connection to modbus server
[2025-03-01T08:20:39.617Z] Error reading register 3105 for IP 10.30.4.91: no connection to modbus server
[2025-03-01T08:20:39.618Z] ❌ Error reading register 1000 for IP 10.30.4.91: no connection to modbus server
[2025-03-01T08:20:39.618Z] Error reading actual data: no connection to modbus server
[2025-03-01T08:20:39.620Z] Error writing to Modbus register: no connection to modbus server
[2025-03-01T08:20:39.622Z] Error reading register 3105 for IP 10.30.4.91: no connection to modbus server
[2025-03-01T08:20:39.622Z] ❌ Error reading register 1000 for IP 10.30.4.91: no connection to modbus server
[2025-03-01T08:20:39.622Z] Error reading actual data: no connection to modbus server
[2025-03-01T08:20:39.665Z] Error writing to Modbus register: no connection to modbus server
[2025-03-01T08:20:39.666Z] Error reading register 3105 for IP 10.30.4.91: no connection to modbus server
[2025-03-01T08:20:39.666Z] ❌ Error reading register 1000 for IP 10.30.4.91: no connection to modbus server
[2025-03-01T08:20:39.666Z] Error reading actual data: no connection to modbus server
[2025-03-01T08:20:39.667Z] Error writing to Modbus register: no connection to modbus server
[2025-03-01T08:20:39.801Z] Error reading register 3105 for IP 10.30.4.91: no connection to modbus server
[2025-03-01T08:20:39.801Z] ❌ Error reading register 1000 for IP 10.30.4.91: no connection to modbus server
[2025-03-01T08:20:39.802Z] Error reading actual data: no connection to modbus server
[2025-03-01T08:20:39.803Z] Error writing to Modbus register: no connection to modbus server
[2025-03-01T08:20:39.805Z] Error reading register 3105 for IP 10.30.4.91: no connection to modbus server
[2025-03-01T08:20:39.805Z] ❌ Error reading register 1000 for IP 10.30.4.91: no connection to modbus server
[2025-03-01T08:20:39.805Z] Error reading actual data: no connection to modbus server
[2025-03-01T08:20:39.805Z] Error writing to Modbus register: no connection to modbus server
[2025-03-01T08:20:39.807Z] Error reading register 3105 for IP 10.30.4.91: no connection to modbus server
[2025-03-01T08:20:39.807Z] ❌ Error reading register 1000 for IP 10.30.4.91: no connection to modbus server
[2025-03-01T08:20:39.807Z] Error reading actual data: no connection to modbus server
[2025-03-01T08:20:39.807Z] Error writing to Modbus register: no connection to modbus server
[2025-03-01T08:20:40.620Z] Error reading register 3105 for IP 10.30.4.91: no connection to modbus server
[2025-03-01T08:20:40.620Z] ❌ Error reading register 1000 for IP 10.30.4.91: no connection to modbus server
[2025-03-01T08:20:40.621Z] Error reading actual data: no connection to modbus server
[2025-03-01T08:20:40.622Z] Error writing to Modbus register: no connection to modbus server
[2025-03-01T08:20:40.623Z] Error reading register 3105 for IP 10.30.4.91: no connection to modbus server
[2025-03-01T08:20:40.624Z] ❌ Error reading register 1000 for IP 10.30.4.91: no connection to modbus server
[2025-03-01T08:20:40.624Z] Error reading actual data: no connection to modbus server
[2025-03-01T08:20:40.667Z] Error writing to Modbus register: no connection to modbus server
[2025-03-01T08:20:40.668Z] Error reading register 3105 for IP 10.30.4.91: no connection to modbus server
[2025-03-01T08:20:40.669Z] ❌ Error reading register 1000 for IP 10.30.4.91: no connection to modbus server
[2025-03-01T08:20:40.669Z] Error reading actual data: no connection to modbus server
[2025-03-01T08:20:40.671Z] Error writing to Modbus register: no connection to modbus server
[2025-03-01T08:20:40.800Z] Error reading register 3105 for IP 10.30.4.91: no connection to modbus server
[2025-03-01T08:20:40.800Z] ❌ Error reading register 1000 for IP 10.30.4.91: no connection to modbus server
[2025-03-01T08:20:40.800Z] Error reading actual data: no connection to modbus server
[2025-03-01T08:20:40.815Z] Error writing to Modbus register: no connection to modbus server
[2025-03-01T08:20:40.817Z] Error reading register 3105 for IP 10.30.4.91: no connection to modbus server
[2025-03-01T08:20:40.817Z] ❌ Error reading register 1000 for IP 10.30.4.91: no connection to modbus server
[2025-03-01T08:20:40.819Z] Error writing to Modbus register: no connection to modbus server
[2025-03-01T08:20:40.820Z] Error reading register 3105 for IP 10.30.4.91: no connection to modbus server
[2025-03-01T08:20:40.820Z] ❌ Error reading register 1000 for IP 10.30.4.91: no connection to modbus server
[2025-03-01T08:20:40.818Z] Error reading actual data: no connection to modbus server
[2025-03-01T08:20:40.820Z] Error reading actual data: no connection to modbus server
[2025-03-01T08:20:40.820Z] Error writing to Modbus register: no connection to modbus server
[2025-03-01T08:20:41.632Z] Error reading register 3105 for IP 10.30.4.91: no connection to modbus server
[2025-03-01T08:20:41.633Z] ❌ Error reading register 1000 for IP 10.30.4.91: no connection to modbus server
[2025-03-01T08:20:41.633Z] Error reading actual data: no connection to modbus server
[2025-03-01T08:20:41.633Z] Error writing to Modbus register: no connection to modbus server
[2025-03-01T08:20:41.634Z] Error reading register 3105 for IP 10.30.4.91: no connection to modbus server
[2025-03-01T08:20:41.634Z] ❌ Error reading register 1000 for IP 10.30.4.91: no connection to modbus server
[2025-03-01T08:20:41.634Z] Error reading actual data: no connection to modbus server
[2025-03-01T08:20:41.667Z] Error writing to Modbus register: no connection to modbus server
[2025-03-01T08:20:41.668Z] Error reading register 3105 for IP 10.30.4.91: no connection to modbus server
[2025-03-01T08:20:41.668Z] ❌ Error reading register 1000 for IP 10.30.4.91: no connection to modbus server
[2025-03-01T08:20:41.669Z] Error reading actual data: no connection to modbus server
[2025-03-01T08:20:41.670Z] Error writing to Modbus register: no connection to modbus server
[2025-03-01T08:20:41.801Z] Error reading register 3105 for IP 10.30.4.91: no connection to modbus server
[2025-03-01T08:20:41.801Z] ❌ Error reading register 1000 for IP 10.30.4.91: no connection to modbus server
[2025-03-01T08:20:41.802Z] Error reading actual data: no connection to modbus server
[2025-03-01T08:20:41.816Z] Error writing to Modbus register: no connection to modbus server
[2025-03-01T08:20:41.817Z] Error reading register 3105 for IP 10.30.4.91: no connection to modbus server
[2025-03-01T08:20:41.818Z] ❌ Error reading register 1000 for IP 10.30.4.91: no connection to modbus server
[2025-03-01T08:20:41.818Z] Error reading actual data: no connection to modbus server
[2025-03-01T08:20:41.819Z] Error writing to Modbus register: no connection to modbus server
[2025-03-01T08:20:41.822Z] Error reading register 3105 for IP 10.30.4.91: no connection to modbus server
[2025-03-01T08:20:41.822Z] ❌ Error reading register 1000 for IP 10.30.4.91: no connection to modbus server
[2025-03-01T08:20:41.822Z] Error reading actual data: no connection to modbus server
[2025-03-01T08:20:41.823Z] Error writing to Modbus register: no connection to modbus server
[2025-03-01T08:20:42.634Z] Error reading register 3105 for IP 10.30.4.91: no connection to modbus server
[2025-03-01T08:20:42.635Z] ❌ Error reading register 1000 for IP 10.30.4.91: no connection to modbus server
[2025-03-01T08:20:42.636Z] Error writing to Modbus register: no connection to modbus server
[2025-03-01T08:20:42.635Z] Error reading actual data: no connection to modbus server
[2025-03-01T08:20:42.636Z] Error reading register 3105 for IP 10.30.4.91: no connection to modbus server
[2025-03-01T08:20:42.637Z] ❌ Error reading register 1000 for IP 10.30.4.91: no connection to modbus server
[2025-03-01T08:20:42.637Z] Error reading actual data: no connection to modbus server
[2025-03-01T08:20:42.667Z] Error writing to Modbus register: no connection to modbus server
[2025-03-01T08:20:42.668Z] Error reading register 3105 for IP 10.30.4.91: no connection to modbus server
[2025-03-01T08:20:42.669Z] ❌ Error reading register 1000 for IP 10.30.4.91: no connection to modbus server
[2025-03-01T08:20:42.669Z] Error reading actual data: no connection to modbus server
[2025-03-01T08:20:42.670Z] Error writing to Modbus register: no connection to modbus server
[2025-03-01T08:20:42.801Z] ❌ Error reading register 1000 for IP 10.30.4.91: no connection to modbus server
[2025-03-01T08:20:42.801Z] Error reading actual data: no connection to modbus server
[2025-03-01T08:20:42.801Z] Error reading register 3105 for IP 10.30.4.91: no connection to modbus server
[2025-03-01T08:20:42.824Z] Error writing to Modbus register: no connection to modbus server
[2025-03-01T08:20:42.824Z] Error reading register 3105 for IP 10.30.4.91: no connection to modbus server
[2025-03-01T08:20:42.825Z] ❌ Error reading register 1000 for IP 10.30.4.91: no connection to modbus server
[2025-03-01T08:20:42.825Z] Error reading actual data: no connection to modbus server
[2025-03-01T08:20:42.825Z] Error writing to Modbus register: no connection to modbus server
[2025-03-01T08:20:42.825Z] Error reading register 3105 for IP 10.30.4.91: no connection to modbus server
[2025-03-01T08:20:42.826Z] ❌ Error reading register 1000 for IP 10.30.4.91: no connection to modbus server
[2025-03-01T08:20:42.826Z] Error reading actual data: no connection to modbus server
[2025-03-01T08:20:42.826Z] Error writing to Modbus register: no connection to modbus server
[2025-03-01T08:20:43.650Z] Error reading register 3105 for IP 10.30.4.91: no connection to modbus server
[2025-03-01T08:20:43.650Z] Error writing to Modbus register: no connection to modbus server
[2025-03-01T08:20:43.650Z] ❌ Error reading register 1000 for IP 10.30.4.91: no connection to modbus server
[2025-03-01T08:20:43.651Z] Error reading register 3105 for IP 10.30.4.91: no connection to modbus server
[2025-03-01T08:20:43.650Z] Error reading actual data: no connection to modbus server
[2025-03-01T08:20:43.651Z] ❌ Error reading register 1000 for IP 10.30.4.91: no connection to modbus server
[2025-03-01T08:20:43.651Z] Error reading actual data: no connection to modbus server
[2025-03-01T08:20:43.666Z] Error writing to Modbus register: no connection to modbus server
[2025-03-01T08:20:43.668Z] Error reading register 3105 for IP 10.30.4.91: no connection to modbus server
[2025-03-01T08:20:43.668Z] ❌ Error reading register 1000 for IP 10.30.4.91: no connection to modbus server
[2025-03-01T08:20:43.668Z] Error reading actual data: no connection to modbus server
[2025-03-01T08:20:43.673Z] Error writing to Modbus register: no connection to modbus server
[2025-03-01T08:20:43.810Z] ❌ Error reading register 1000 for IP 10.30.4.91: no connection to modbus server
[2025-03-01T08:20:43.810Z] Error reading register 3105 for IP 10.30.4.91: no connection to modbus server
[2025-03-01T08:20:43.810Z] Error reading actual data: no connection to modbus server
[2025-03-01T08:20:43.825Z] Error writing to Modbus register: no connection to modbus server
[2025-03-01T08:20:43.825Z] Error reading register 3105 for IP 10.30.4.91: no connection to modbus server
[2025-03-01T08:20:43.826Z] Error reading actual data: no connection to modbus server
[2025-03-01T08:20:43.826Z] ❌ Error reading register 1000 for IP 10.30.4.91: no connection to modbus server
[2025-03-01T08:20:43.826Z] Error writing to Modbus register: no connection to modbus server
[2025-03-01T08:20:43.833Z] ❌ Error reading register 1000 for IP 10.30.4.91: no connection to modbus server
[2025-03-01T08:20:43.834Z] Error writing to Modbus register: no connection to modbus server
[2025-03-01T08:20:43.833Z] Error reading register 3105 for IP 10.30.4.91: no connection to modbus server
[2025-03-01T08:20:43.833Z] Error reading actual data: no connection to modbus server
[2025-03-01T08:20:44.666Z] Error reading register 3105 for IP 10.30.4.91: no connection to modbus server
[2025-03-01T08:20:44.666Z] ❌ Error reading register 1000 for IP 10.30.4.91: no connection to modbus server
[2025-03-01T08:20:44.666Z] Error reading actual data: no connection to modbus server
[2025-03-01T08:20:44.666Z] Error writing to Modbus register: no connection to modbus server
[2025-03-01T08:20:44.667Z] Error reading register 3105 for IP 10.30.4.91: no connection to modbus server
[2025-03-01T08:20:44.667Z] ❌ Error reading register 1000 for IP 10.30.4.91: no connection to modbus server
[2025-03-01T08:20:44.667Z] Error reading actual data: no connection to modbus server
[2025-03-01T08:20:44.667Z] Error writing to Modbus register: no connection to modbus server
[2025-03-01T08:20:44.668Z] Error reading register 3105 for IP 10.30.4.91: no connection to modbus server
[2025-03-01T08:20:44.668Z] ❌ Error reading register 1000 for IP 10.30.4.91: no connection to modbus server
[2025-03-01T08:20:44.669Z] Error reading actual data: no connection to modbus server
[2025-03-01T08:20:44.681Z] Error writing to Modbus register: no connection to modbus server
[2025-03-01T08:20:44.815Z] Error reading register 3105 for IP 10.30.4.91: no connection to modbus server
[2025-03-01T08:20:44.815Z] ❌ Error reading register 1000 for IP 10.30.4.91: no connection to modbus server
[2025-03-01T08:20:44.815Z] Error reading actual data: no connection to modbus server
[2025-03-01T08:20:44.833Z] Error writing to Modbus register: no connection to modbus server
[2025-03-01T08:20:44.833Z] ❌ Error reading register 1000 for IP 10.30.4.91: no connection to modbus server
[2025-03-01T08:20:44.833Z] Error reading register 3105 for IP 10.30.4.91: no connection to modbus server
[2025-03-01T08:20:44.833Z] Error reading actual data: no connection to modbus server
[2025-03-01T08:20:44.834Z] Error writing to Modbus register: no connection to modbus server
[2025-03-01T08:20:44.834Z] Error reading register 3105 for IP 10.30.4.91: no connection to modbus server
[2025-03-01T08:20:44.834Z] ❌ Error reading register 1000 for IP 10.30.4.91: no connection to modbus server
[2025-03-01T08:20:44.834Z] Error reading actual data: no connection to modbus server
[2025-03-01T08:20:44.835Z] Error writing to Modbus register: no connection to modbus server
[2025-03-01T08:20:45.684Z] Error reading register 3105 for IP 10.30.4.91: no connection to modbus server
[2025-03-01T08:20:45.684Z] ❌ Error reading register 1000 for IP 10.30.4.91: no connection to modbus server
[2025-03-01T08:20:45.685Z] Error writing to Modbus register: no connection to modbus server
[2025-03-01T08:20:45.686Z] ❌ Error reading register 1000 for IP 10.30.4.91: no connection to modbus server
[2025-03-01T08:20:45.685Z] Error reading actual data: no connection to modbus server
[2025-03-01T08:20:45.685Z] Error reading register 3105 for IP 10.30.4.91: no connection to modbus server
[2025-03-01T08:20:45.686Z] Error reading actual data: no connection to modbus server
[2025-03-01T08:20:45.686Z] Error writing to Modbus register: no connection to modbus server
[2025-03-01T08:20:45.686Z] Error reading register 3105 for IP 10.30.4.91: no connection to modbus server
[2025-03-01T08:20:45.686Z] ❌ Error reading register 1000 for IP 10.30.4.91: no connection to modbus server
[2025-03-01T08:20:45.687Z] Error reading actual data: no connection to modbus server
[2025-03-01T08:20:45.687Z] Error writing to Modbus register: no connection to modbus server
[2025-03-01T08:20:45.820Z] Error reading register 3105 for IP 10.30.4.91: no connection to modbus server
[2025-03-01T08:20:45.820Z] ❌ Error reading register 1000 for IP 10.30.4.91: no connection to modbus server
[2025-03-01T08:20:45.820Z] Error reading actual data: no connection to modbus server
[2025-03-01T08:20:45.835Z] Error writing to Modbus register: no connection to modbus server
[2025-03-01T08:20:45.836Z] Error reading register 3105 for IP 10.30.4.91: no connection to modbus server
[2025-03-01T08:20:45.836Z] ❌ Error reading register 1000 for IP 10.30.4.91: no connection to modbus server
[2025-03-01T08:20:45.836Z] Error reading actual data: no connection to modbus server
[2025-03-01T08:20:45.837Z] Error writing to Modbus register: no connection to modbus server
[2025-03-01T08:20:45.837Z] Error reading register 3105 for IP 10.30.4.91: no connection to modbus server
[2025-03-01T08:20:45.837Z] ❌ Error reading register 1000 for IP 10.30.4.91: no connection to modbus server
[2025-03-01T08:20:45.838Z] Error reading actual data: no connection to modbus server
[2025-03-01T08:20:45.839Z] Error writing to Modbus register: no connection to modbus server
[2025-03-01T08:20:46.699Z] Error reading register 3105 for IP 10.30.4.91: no connection to modbus server
[2025-03-01T08:20:46.699Z] ❌ Error reading register 1000 for IP 10.30.4.91: no connection to modbus server
[2025-03-01T08:20:46.700Z] Error reading actual data: no connection to modbus server
[2025-03-01T08:20:46.700Z] Error writing to Modbus register: no connection to modbus server
[2025-03-01T08:20:46.701Z] Error reading register 3105 for IP 10.30.4.91: no connection to modbus server
[2025-03-01T08:20:46.701Z] ❌ Error reading register 1000 for IP 10.30.4.91: no connection to modbus server
[2025-03-01T08:20:46.701Z] Error reading actual data: no connection to modbus server
[2025-03-01T08:20:46.701Z] Error writing to Modbus register: no connection to modbus server
[2025-03-01T08:20:46.702Z] Error reading register 3105 for IP 10.30.4.91: no connection to modbus server
[2025-03-01T08:20:46.702Z] ❌ Error reading register 1000 for IP 10.30.4.91: no connection to modbus server
[2025-03-01T08:20:46.702Z] Error reading actual data: no connection to modbus server
[2025-03-01T08:20:46.703Z] Error writing to Modbus register: no connection to modbus server
[2025-03-01T08:20:46.833Z] Error reading register 3105 for IP 10.30.4.91: no connection to modbus server
[2025-03-01T08:20:46.833Z] ❌ Error reading register 1000 for IP 10.30.4.91: no connection to modbus server
[2025-03-01T08:20:46.834Z] Error reading actual data: no connection to modbus server
[2025-03-01T08:20:46.834Z] Error writing to Modbus register: no connection to modbus server
[2025-03-01T08:20:46.836Z] Error reading register 3105 for IP 10.30.4.91: no connection to modbus server
[2025-03-01T08:20:46.836Z] ❌ Error reading register 1000 for IP 10.30.4.91: no connection to modbus server
[2025-03-01T08:20:46.836Z] Error reading actual data: no connection to modbus server
[2025-03-01T08:20:46.837Z] Error reading register 3105 for IP 10.30.4.91: no connection to modbus server
[2025-03-01T08:20:46.837Z] Error writing to Modbus register: no connection to modbus server
[2025-03-01T08:20:46.837Z] ❌ Error reading register 1000 for IP 10.30.4.91: no connection to modbus server
[2025-03-01T08:20:46.837Z] Error reading actual data: no connection to modbus server
[2025-03-01T08:20:46.839Z] Error writing to Modbus register: no connection to modbus server
[2025-03-01T08:20:47.701Z] Error reading register 3105 for IP 10.30.4.91: no connection to modbus server
[2025-03-01T08:20:47.702Z] ❌ Error reading register 1000 for IP 10.30.4.91: no connection to modbus server
[2025-03-01T08:20:47.703Z] Error reading actual data: no connection to modbus server
[2025-03-01T08:20:47.704Z] Error writing to Modbus register: no connection to modbus server
[2025-03-01T08:20:47.706Z] ❌ Error reading register 1000 for IP 10.30.4.91: no connection to modbus server
[2025-03-01T08:20:47.706Z] Error reading register 3105 for IP 10.30.4.91: no connection to modbus server
[2025-03-01T08:20:47.707Z] Error writing to Modbus register: no connection to modbus server
[2025-03-01T08:20:47.706Z] Error reading actual data: no connection to modbus server
[2025-03-01T08:20:47.707Z] Error reading register 3105 for IP 10.30.4.91: no connection to modbus server
[2025-03-01T08:20:47.707Z] ❌ Error reading register 1000 for IP 10.30.4.91: no connection to modbus server
[2025-03-01T08:20:47.708Z] Error reading actual data: no connection to modbus server
[2025-03-01T08:20:47.708Z] Error writing to Modbus register: no connection to modbus server
[2025-03-01T08:20:47.833Z] Error reading register 3105 for IP 10.30.4.91: no connection to modbus server
[2025-03-01T08:20:47.833Z] ❌ Error reading register 1000 for IP 10.30.4.91: no connection to modbus server
[2025-03-01T08:20:47.834Z] Error reading actual data: no connection to modbus server
[2025-03-01T08:20:47.834Z] Error writing to Modbus register: no connection to modbus server
[2025-03-01T08:20:47.836Z] Error reading register 3105 for IP 10.30.4.91: no connection to modbus server
[2025-03-01T08:20:47.836Z] ❌ Error reading register 1000 for IP 10.30.4.91: no connection to modbus server
[2025-03-01T08:20:47.836Z] Error reading actual data: no connection to modbus server
[2025-03-01T08:20:47.837Z] Error writing to Modbus register: no connection to modbus server
[2025-03-01T08:20:47.837Z] Error reading register 3105 for IP 10.30.4.91: no connection to modbus server
[2025-03-01T08:20:47.837Z] ❌ Error reading register 1000 for IP 10.30.4.91: no connection to modbus server
[2025-03-01T08:20:47.838Z] Error reading actual data: no connection to modbus server
[2025-03-01T08:20:47.839Z] Error writing to Modbus register: no connection to modbus server
[2025-03-01T08:20:48.703Z] Error reading register 3105 for IP 10.30.4.91: no connection to modbus server
[2025-03-01T08:20:48.703Z] ❌ Error reading register 1000 for IP 10.30.4.91: no connection to modbus server
[2025-03-01T08:20:48.704Z] Error reading actual data: no connection to modbus server
[2025-03-01T08:20:48.705Z] Error writing to Modbus register: no connection to modbus server
[2025-03-01T08:20:48.706Z] Error reading register 3105 for IP 10.30.4.91: no connection to modbus server
[2025-03-01T08:20:48.706Z] ❌ Error reading register 1000 for IP 10.30.4.91: no connection to modbus server
[2025-03-01T08:20:48.706Z] Error reading actual data: no connection to modbus server
[2025-03-01T08:20:48.706Z] Error writing to Modbus register: no connection to modbus server
[2025-03-01T08:20:48.708Z] Error reading register 3105 for IP 10.30.4.91: no connection to modbus server
[2025-03-01T08:20:48.708Z] ❌ Error reading register 1000 for IP 10.30.4.91: no connection to modbus server
[2025-03-01T08:20:48.708Z] Error reading actual data: no connection to modbus server
[2025-03-01T08:20:48.708Z] Error writing to Modbus register: no connection to modbus server
[2025-03-01T08:20:48.833Z] Error reading register 3105 for IP 10.30.4.91: no connection to modbus server
[2025-03-01T08:20:48.833Z] ❌ Error reading register 1000 for IP 10.30.4.91: no connection to modbus server
[2025-03-01T08:20:48.833Z] Error reading actual data: no connection to modbus server
[2025-03-01T08:20:48.834Z] Error writing to Modbus register: no connection to modbus server
[2025-03-01T08:20:48.835Z] Error reading register 3105 for IP 10.30.4.91: no connection to modbus server
[2025-03-01T08:20:48.836Z] ❌ Error reading register 1000 for IP 10.30.4.91: no connection to modbus server
[2025-03-01T08:20:48.836Z] Error reading actual data: no connection to modbus server
[2025-03-01T08:20:48.836Z] Error writing to Modbus register: no connection to modbus server
[2025-03-01T08:20:48.837Z] ❌ Error reading register 1000 for IP 10.30.4.91: no connection to modbus server
[2025-03-01T08:20:48.837Z] Error reading register 3105 for IP 10.30.4.91: no connection to modbus server
[2025-03-01T08:20:48.837Z] Error reading actual data: no connection to modbus server
[2025-03-01T08:20:48.852Z] Error writing to Modbus register: no connection to modbus server
[2025-03-01T08:20:49.710Z] Error reading register 3105 for IP 10.30.4.91: no connection to modbus server
[2025-03-01T08:20:49.710Z] ❌ Error reading register 1000 for IP 10.30.4.91: no connection to modbus server
[2025-03-01T08:20:49.711Z] Error reading actual data: no connection to modbus server
[2025-03-01T08:20:49.712Z] Error writing to Modbus register: no connection to modbus server
[2025-03-01T08:20:49.713Z] Error reading register 3105 for IP 10.30.4.91: no connection to modbus server
[2025-03-01T08:20:49.713Z] ❌ Error reading register 1000 for IP 10.30.4.91: no connection to modbus server
[2025-03-01T08:20:49.714Z] Error reading actual data: no connection to modbus server
[2025-03-01T08:20:49.717Z] Error writing to Modbus register: no connection to modbus server
[2025-03-01T08:20:49.717Z] Error reading register 3105 for IP 10.30.4.91: no connection to modbus server
[2025-03-01T08:20:49.718Z] ❌ Error reading register 1000 for IP 10.30.4.91: no connection to modbus server
[2025-03-01T08:20:49.718Z] Error reading actual data: no connection to modbus server
[2025-03-01T08:20:49.718Z] Error writing to Modbus register: no connection to modbus server
[2025-03-01T08:20:49.835Z] Error reading register 3105 for IP 10.30.4.91: no connection to modbus server
[2025-03-01T08:20:49.835Z] ❌ Error reading register 1000 for IP 10.30.4.91: no connection to modbus server
[2025-03-01T08:20:49.835Z] Error reading actual data: no connection to modbus server
[2025-03-01T08:20:49.836Z] Error writing to Modbus register: no connection to modbus server
[2025-03-01T08:20:49.836Z] Error reading register 3105 for IP 10.30.4.91: no connection to modbus server
[2025-03-01T08:20:49.837Z] ❌ Error reading register 1000 for IP 10.30.4.91: no connection to modbus server
[2025-03-01T08:20:49.837Z] Error reading actual data: no connection to modbus server
[2025-03-01T08:20:49.837Z] Error writing to Modbus register: no connection to modbus server
[2025-03-01T08:20:49.837Z] Error reading register 3105 for IP 10.30.4.91: no connection to modbus server
[2025-03-01T08:20:49.837Z] ❌ Error reading register 1000 for IP 10.30.4.91: no connection to modbus server
[2025-03-01T08:20:49.838Z] Error reading actual data: no connection to modbus server
[2025-03-01T08:20:49.865Z] Error writing to Modbus register: no connection to modbus server
[2025-03-01T08:20:50.709Z] Error reading register 3105 for IP 10.30.4.91: no connection to modbus server
[2025-03-01T08:20:50.709Z] ❌ Error reading register 1000 for IP 10.30.4.91: no connection to modbus server
[2025-03-01T08:20:50.709Z] Error reading actual data: no connection to modbus server
[2025-03-01T08:20:50.711Z] Error writing to Modbus register: no connection to modbus server
[2025-03-01T08:20:50.712Z] Error reading register 3105 for IP 10.30.4.91: no connection to modbus server
[2025-03-01T08:20:50.712Z] ❌ Error reading register 1000 for IP 10.30.4.91: no connection to modbus server
[2025-03-01T08:20:50.713Z] Error reading actual data: no connection to modbus server
[2025-03-01T08:20:50.719Z] Error writing to Modbus register: no connection to modbus server
[2025-03-01T08:20:50.720Z] Error reading register 3105 for IP 10.30.4.91: no connection to modbus server
[2025-03-01T08:20:50.720Z] ❌ Error reading register 1000 for IP 10.30.4.91: no connection to modbus server
[2025-03-01T08:20:50.720Z] Error reading actual data: no connection to modbus server
[2025-03-01T08:20:50.720Z] Error writing to Modbus register: no connection to modbus server
[2025-03-01T08:20:50.835Z] Error reading register 3105 for IP 10.30.4.91: no connection to modbus server
[2025-03-01T08:20:50.836Z] ❌ Error reading register 1000 for IP 10.30.4.91: no connection to modbus server
[2025-03-01T08:20:50.836Z] Error reading actual data: no connection to modbus server
[2025-03-01T08:20:50.836Z] Error writing to Modbus register: no connection to modbus server
[2025-03-01T08:20:50.851Z] Error reading register 3105 for IP 10.30.4.91: no connection to modbus server
[2025-03-01T08:20:50.851Z] ❌ Error reading register 1000 for IP 10.30.4.91: no connection to modbus server
[2025-03-01T08:20:50.851Z] Error reading actual data: no connection to modbus server
[2025-03-01T08:20:50.851Z] Error writing to Modbus register: no connection to modbus server
[2025-03-01T08:20:50.852Z] Error reading register 3105 for IP 10.30.4.91: no connection to modbus server
[2025-03-01T08:20:50.852Z] ❌ Error reading register 1000 for IP 10.30.4.91: no connection to modbus server
[2025-03-01T08:20:50.852Z] Error reading actual data: no connection to modbus server
[2025-03-01T08:20:50.866Z] Error writing to Modbus register: no connection to modbus server
[2025-03-01T08:20:51.717Z] Error reading register 3105 for IP 10.30.4.91: no connection to modbus server
[2025-03-01T08:20:51.717Z] ❌ Error reading register 1000 for IP 10.30.4.91: no connection to modbus server
[2025-03-01T08:20:51.718Z] Error writing to Modbus register: no connection to modbus server
[2025-03-01T08:20:51.718Z] ❌ Error reading register 1000 for IP 10.30.4.91: no connection to modbus server
[2025-03-01T08:20:51.717Z] Error reading actual data: no connection to modbus server
[2025-03-01T08:20:51.718Z] Error reading register 3105 for IP 10.30.4.91: no connection to modbus server
[2025-03-01T08:20:51.719Z] Error reading actual data: no connection to modbus server
[2025-03-01T08:20:51.719Z] Error writing to Modbus register: no connection to modbus server
[2025-03-01T08:20:51.719Z] Error reading register 3105 for IP 10.30.4.91: no connection to modbus server
[2025-03-01T08:20:51.720Z] ❌ Error reading register 1000 for IP 10.30.4.91: no connection to modbus server
[2025-03-01T08:20:51.720Z] Error reading actual data: no connection to modbus server
[2025-03-01T08:20:51.720Z] Error writing to Modbus register: no connection to modbus server
[2025-03-01T08:20:51.838Z] Error reading register 3105 for IP 10.30.4.91: no connection to modbus server
[2025-03-01T08:20:51.838Z] ❌ Error reading register 1000 for IP 10.30.4.91: no connection to modbus server
[2025-03-01T08:20:51.838Z] Error reading actual data: no connection to modbus server
[2025-03-01T08:20:51.839Z] Error writing to Modbus register: no connection to modbus server
[2025-03-01T08:20:51.853Z] Error reading register 3105 for IP 10.30.4.91: no connection to modbus server
[2025-03-01T08:20:51.854Z] ❌ Error reading register 1000 for IP 10.30.4.91: no connection to modbus server
[2025-03-01T08:20:51.854Z] Error reading actual data: no connection to modbus server
[2025-03-01T08:20:51.854Z] Error writing to Modbus register: no connection to modbus server
[2025-03-01T08:20:51.855Z] Error reading register 3105 for IP 10.30.4.91: no connection to modbus server
[2025-03-01T08:20:51.855Z] ❌ Error reading register 1000 for IP 10.30.4.91: no connection to modbus server
[2025-03-01T08:20:51.855Z] Error reading actual data: no connection to modbus server
[2025-03-01T08:20:51.869Z] Error writing to Modbus register: no connection to modbus server
[2025-03-01T08:20:52.718Z] Error reading register 3105 for IP 10.30.4.91: no connection to modbus server
[2025-03-01T08:20:52.718Z] ❌ Error reading register 1000 for IP 10.30.4.91: no connection to modbus server
[2025-03-01T08:20:52.719Z] Error reading actual data: no connection to modbus server
[2025-03-01T08:20:52.720Z] Error writing to Modbus register: no connection to modbus server
[2025-03-01T08:20:52.720Z] Error reading register 3105 for IP 10.30.4.91: no connection to modbus server
[2025-03-01T08:20:52.721Z] ❌ Error reading register 1000 for IP 10.30.4.91: no connection to modbus server
[2025-03-01T08:20:52.721Z] Error reading actual data: no connection to modbus server
[2025-03-01T08:20:52.723Z] Error writing to Modbus register: no connection to modbus server
[2025-03-01T08:20:52.724Z] Error reading actual data: no connection to modbus server
[2025-03-01T08:20:52.723Z] Error reading register 3105 for IP 10.30.4.91: no connection to modbus server
[2025-03-01T08:20:52.723Z] ❌ Error reading register 1000 for IP 10.30.4.91: no connection to modbus server
[2025-03-01T08:20:52.724Z] Error writing to Modbus register: no connection to modbus server
[2025-03-01T08:20:52.841Z] Error reading register 3105 for IP 10.30.4.91: no connection to modbus server
[2025-03-01T08:20:52.841Z] ❌ Error reading register 1000 for IP 10.30.4.91: no connection to modbus server
[2025-03-01T08:20:52.841Z] Error reading actual data: no connection to modbus server
[2025-03-01T08:20:52.841Z] Error writing to Modbus register: no connection to modbus server
[2025-03-01T08:20:52.856Z] Error reading register 3105 for IP 10.30.4.91: no connection to modbus server
[2025-03-01T08:20:52.856Z] ❌ Error reading register 1000 for IP 10.30.4.91: no connection to modbus server
[2025-03-01T08:20:52.857Z] Error reading actual data: no connection to modbus server
[2025-03-01T08:20:52.857Z] Error writing to Modbus register: no connection to modbus server
[2025-03-01T08:20:52.858Z] Error reading register 3105 for IP 10.30.4.91: no connection to modbus server
[2025-03-01T08:20:52.858Z] ❌ Error reading register 1000 for IP 10.30.4.91: no connection to modbus server
[2025-03-01T08:20:52.859Z] Error reading actual data: no connection to modbus server
[2025-03-01T08:20:52.882Z] Error writing to Modbus register: no connection to modbus server
[2025-03-01T08:20:53.734Z] Error reading register 3105 for IP 10.30.4.91: no connection to modbus server
[2025-03-01T08:20:53.735Z] ❌ Error reading register 1000 for IP 10.30.4.91: no connection to modbus server
[2025-03-01T08:20:53.735Z] Error reading actual data: no connection to modbus server
[2025-03-01T08:20:53.736Z] Error writing to Modbus register: no connection to modbus server
[2025-03-01T08:20:53.737Z] Error reading register 3105 for IP 10.30.4.91: no connection to modbus server
[2025-03-01T08:20:53.738Z] Error reading actual data: no connection to modbus server
[2025-03-01T08:20:53.738Z] ❌ Error reading register 1000 for IP 10.30.4.91: no connection to modbus server
[2025-03-01T08:20:53.739Z] Error writing to Modbus register: no connection to modbus server
[2025-03-01T08:20:53.739Z] Error reading register 3105 for IP 10.30.4.91: no connection to modbus server
[2025-03-01T08:20:53.739Z] ❌ Error reading register 1000 for IP 10.30.4.91: no connection to modbus server
[2025-03-01T08:20:53.739Z] Error reading actual data: no connection to modbus server
[2025-03-01T08:20:53.739Z] Error writing to Modbus register: no connection to modbus server
[2025-03-01T08:20:53.851Z] Error reading register 3105 for IP 10.30.4.91: no connection to modbus server
[2025-03-01T08:20:53.851Z] ❌ Error reading register 1000 for IP 10.30.4.91: no connection to modbus server
[2025-03-01T08:20:53.851Z] Error reading actual data: no connection to modbus server
[2025-03-01T08:20:53.851Z] Error writing to Modbus register: no connection to modbus server
[2025-03-01T08:20:53.857Z] Error reading register 3105 for IP 10.30.4.91: no connection to modbus server
[2025-03-01T08:20:53.857Z] ❌ Error reading register 1000 for IP 10.30.4.91: no connection to modbus server
[2025-03-01T08:20:53.857Z] Error reading actual data: no connection to modbus server
[2025-03-01T08:20:53.858Z] Error writing to Modbus register: no connection to modbus server
[2025-03-01T08:20:53.858Z] Error reading register 3105 for IP 10.30.4.91: no connection to modbus server
[2025-03-01T08:20:53.858Z] ❌ Error reading register 1000 for IP 10.30.4.91: no connection to modbus server
[2025-03-01T08:20:53.858Z] Error reading actual data: no connection to modbus server
[2025-03-01T08:20:53.888Z] Error writing to Modbus register: no connection to modbus server
[2025-03-01T08:20:54.741Z] Error reading register 3105 for IP 10.30.4.91: no connection to modbus server
[2025-03-01T08:20:54.741Z] ❌ Error reading register 1000 for IP 10.30.4.91: no connection to modbus server
[2025-03-01T08:20:54.742Z] Error reading register 3105 for IP 10.30.4.91: no connection to modbus server
[2025-03-01T08:20:54.742Z] ❌ Error reading register 1000 for IP 10.30.4.91: no connection to modbus server
[2025-03-01T08:20:54.743Z] Error reading actual data: no connection to modbus server
[2025-03-01T08:20:54.742Z] Error reading actual data: no connection to modbus server
[2025-03-01T08:20:54.743Z] Error writing to Modbus register: no connection to modbus server
[2025-03-01T08:20:54.743Z] Error reading register 3105 for IP 10.30.4.91: no connection to modbus server
[2025-03-01T08:20:54.742Z] Error writing to Modbus register: no connection to modbus server
[2025-03-01T08:20:54.743Z] ❌ Error reading register 1000 for IP 10.30.4.91: no connection to modbus server
[2025-03-01T08:20:54.743Z] Error reading actual data: no connection to modbus server
[2025-03-01T08:20:54.744Z] Error writing to Modbus register: no connection to modbus server
[2025-03-01T08:20:54.851Z] Error reading register 3105 for IP 10.30.4.91: no connection to modbus server
[2025-03-01T08:20:54.851Z] ❌ Error reading register 1000 for IP 10.30.4.91: no connection to modbus server
[2025-03-01T08:20:54.851Z] Error reading actual data: no connection to modbus server
[2025-03-01T08:20:54.852Z] Error writing to Modbus register: no connection to modbus server
[2025-03-01T08:20:54.867Z] Error reading register 3105 for IP 10.30.4.91: no connection to modbus server
[2025-03-01T08:20:54.867Z] ❌ Error reading register 1000 for IP 10.30.4.91: no connection to modbus server
[2025-03-01T08:20:54.868Z] Error reading actual data: no connection to modbus server
[2025-03-01T08:20:54.868Z] Error writing to Modbus register: no connection to modbus server
[2025-03-01T08:20:54.869Z] Error reading register 3105 for IP 10.30.4.91: no connection to modbus server
[2025-03-01T08:20:54.869Z] ❌ Error reading register 1000 for IP 10.30.4.91: no connection to modbus server
[2025-03-01T08:20:54.870Z] Error reading actual data: no connection to modbus server
[2025-03-01T08:20:54.899Z] Error writing to Modbus register: no connection to modbus server
[2025-03-01T08:20:55.752Z] Error reading register 3105 for IP 10.30.4.91: no connection to modbus server
[2025-03-01T08:20:55.752Z] ❌ Error reading register 1000 for IP 10.30.4.91: no connection to modbus server
[2025-03-01T08:20:55.754Z] Error writing to Modbus register: no connection to modbus server
[2025-03-01T08:20:55.755Z] Error reading register 3105 for IP 10.30.4.91: no connection to modbus server
[2025-03-01T08:20:55.753Z] Error reading actual data: no connection to modbus server
[2025-03-01T08:20:55.758Z] Error reading register 3105 for IP 10.30.4.91: no connection to modbus server
[2025-03-01T08:20:55.758Z] ❌ Error reading register 1000 for IP 10.30.4.91: no connection to modbus server
[2025-03-01T08:20:55.759Z] Error reading actual data: no connection to modbus server
[2025-03-01T08:20:55.759Z] Error writing to Modbus register: no connection to modbus server
[2025-03-01T08:20:55.756Z] Error reading actual data: no connection to modbus server
[2025-03-01T08:20:55.755Z] ❌ Error reading register 1000 for IP 10.30.4.91: no connection to modbus server
[2025-03-01T08:20:55.757Z] Error writing to Modbus register: no connection to modbus server
[2025-03-01T08:20:55.850Z] Error reading register 3105 for IP 10.30.4.91: no connection to modbus server
[2025-03-01T08:20:55.851Z] ❌ Error reading register 1000 for IP 10.30.4.91: no connection to modbus server
[2025-03-01T08:20:55.851Z] Error reading actual data: no connection to modbus server
[2025-03-01T08:20:55.851Z] Error writing to Modbus register: no connection to modbus server
[2025-03-01T08:20:55.883Z] Error reading register 3105 for IP 10.30.4.91: no connection to modbus server
[2025-03-01T08:20:55.884Z] ❌ Error reading register 1000 for IP 10.30.4.91: no connection to modbus server
[2025-03-01T08:20:55.884Z] Error reading actual data: no connection to modbus server
[2025-03-01T08:20:55.885Z] Error writing to Modbus register: no connection to modbus server
[2025-03-01T08:20:55.885Z] ❌ Error reading register 1000 for IP 10.30.4.91: no connection to modbus server
[2025-03-01T08:20:55.885Z] Error reading actual data: no connection to modbus server
[2025-03-01T08:20:55.885Z] Error reading register 3105 for IP 10.30.4.91: no connection to modbus server
[2025-03-01T08:20:55.903Z] Error writing to Modbus register: no connection to modbus server
[2025-03-01T08:20:56.766Z] Error reading register 3105 for IP 10.30.4.91: no connection to modbus server
[2025-03-01T08:20:56.767Z] ❌ Error reading register 1000 for IP 10.30.4.91: no connection to modbus server
[2025-03-01T08:20:56.770Z] ❌ Error reading register 1000 for IP 10.30.4.91: no connection to modbus server
[2025-03-01T08:20:56.771Z] Error reading actual data: no connection to modbus server
[2025-03-01T08:20:56.772Z] Error writing to Modbus register: no connection to modbus server
[2025-03-01T08:20:56.767Z] Error reading actual data: no connection to modbus server
[2025-03-01T08:20:56.770Z] Error reading register 3105 for IP 10.30.4.91: no connection to modbus server
[2025-03-01T08:20:56.772Z] Error reading register 3105 for IP 10.30.4.91: no connection to modbus server
[2025-03-01T08:20:56.772Z] ❌ Error reading register 1000 for IP 10.30.4.91: no connection to modbus server
[2025-03-01T08:20:56.768Z] Error writing to Modbus register: no connection to modbus server
[2025-03-01T08:20:56.773Z] Error reading actual data: no connection to modbus server
[2025-03-01T08:20:56.774Z] Error writing to Modbus register: no connection to modbus server
[2025-03-01T08:20:56.866Z] Error reading register 3105 for IP 10.30.4.91: no connection to modbus server
[2025-03-01T08:20:56.866Z] ❌ Error reading register 1000 for IP 10.30.4.91: no connection to modbus server
[2025-03-01T08:20:56.866Z] Error reading actual data: no connection to modbus server
[2025-03-01T08:20:56.866Z] Error writing to Modbus register: no connection to modbus server
[2025-03-01T08:20:56.897Z] Error reading register 3105 for IP 10.30.4.91: no connection to modbus server
[2025-03-01T08:20:56.897Z] ❌ Error reading register 1000 for IP 10.30.4.91: no connection to modbus server
[2025-03-01T08:20:56.897Z] Error reading actual data: no connection to modbus server
[2025-03-01T08:20:56.897Z] Error writing to Modbus register: no connection to modbus server
[2025-03-01T08:20:56.898Z] Error reading register 3105 for IP 10.30.4.91: no connection to modbus server
[2025-03-01T08:20:56.898Z] ❌ Error reading register 1000 for IP 10.30.4.91: no connection to modbus server
[2025-03-01T08:20:56.898Z] Error reading actual data: no connection to modbus server
[2025-03-01T08:20:56.916Z] Error writing to Modbus register: no connection to modbus server
[2025-03-01T08:20:57.767Z] Error reading register 3105 for IP 10.30.4.91: no connection to modbus server
[2025-03-01T08:20:57.767Z] ❌ Error reading register 1000 for IP 10.30.4.91: no connection to modbus server
[2025-03-01T08:20:57.767Z] Error reading actual data: no connection to modbus server
[2025-03-01T08:20:57.768Z] Error writing to Modbus register: no connection to modbus server
[2025-03-01T08:20:57.768Z] Error reading register 3105 for IP 10.30.4.91: no connection to modbus server
[2025-03-01T08:20:57.768Z] ❌ Error reading register 1000 for IP 10.30.4.91: no connection to modbus server
[2025-03-01T08:20:57.769Z] Error reading actual data: no connection to modbus server
[2025-03-01T08:20:57.783Z] Error writing to Modbus register: no connection to modbus server
[2025-03-01T08:20:57.784Z] Error reading register 3105 for IP 10.30.4.91: no connection to modbus server
[2025-03-01T08:20:57.784Z] ❌ Error reading register 1000 for IP 10.30.4.91: no connection to modbus server
[2025-03-01T08:20:57.784Z] Error reading actual data: no connection to modbus server
[2025-03-01T08:20:57.785Z] Error writing to Modbus register: no connection to modbus server
[2025-03-01T08:20:57.866Z] Error reading register 3105 for IP 10.30.4.91: no connection to modbus server
[2025-03-01T08:20:57.867Z] ❌ Error reading register 1000 for IP 10.30.4.91: no connection to modbus server
[2025-03-01T08:20:57.867Z] Error reading actual data: no connection to modbus server
[2025-03-01T08:20:57.867Z] Error writing to Modbus register: no connection to modbus server
[2025-03-01T08:20:57.902Z] Error reading register 3105 for IP 10.30.4.91: no connection to modbus server
[2025-03-01T08:20:57.902Z] ❌ Error reading register 1000 for IP 10.30.4.91: no connection to modbus server
[2025-03-01T08:20:57.902Z] Error reading actual data: no connection to modbus server
[2025-03-01T08:20:57.902Z] Error writing to Modbus register: no connection to modbus server
[2025-03-01T08:20:57.903Z] Error reading register 3105 for IP 10.30.4.91: no connection to modbus server
[2025-03-01T08:20:57.903Z] ❌ Error reading register 1000 for IP 10.30.4.91: no connection to modbus server
[2025-03-01T08:20:57.903Z] Error reading actual data: no connection to modbus server
[2025-03-01T08:20:57.918Z] Error writing to Modbus register: no connection to modbus server
[2025-03-01T08:20:58.782Z] Error reading register 3105 for IP 10.30.4.91: no connection to modbus server
[2025-03-01T08:20:58.783Z] ❌ Error reading register 1000 for IP 10.30.4.91: no connection to modbus server
[2025-03-01T08:20:58.783Z] Error reading actual data: no connection to modbus server
[2025-03-01T08:20:58.783Z] Error writing to Modbus register: no connection to modbus server
[2025-03-01T08:20:58.784Z] Error reading register 3105 for IP 10.30.4.91: no connection to modbus server
[2025-03-01T08:20:58.784Z] ❌ Error reading register 1000 for IP 10.30.4.91: no connection to modbus server
[2025-03-01T08:20:58.784Z] Error reading actual data: no connection to modbus server
[2025-03-01T08:20:58.784Z] Error writing to Modbus register: no connection to modbus server
[2025-03-01T08:20:58.798Z] Error reading register 3105 for IP 10.30.4.91: no connection to modbus server
[2025-03-01T08:20:58.798Z] ❌ Error reading register 1000 for IP 10.30.4.91: no connection to modbus server
[2025-03-01T08:20:58.798Z] Error reading actual data: no connection to modbus server
[2025-03-01T08:20:58.799Z] Error writing to Modbus register: no connection to modbus server
[2025-03-01T08:20:58.866Z] Error reading register 3105 for IP 10.30.4.91: no connection to modbus server
[2025-03-01T08:20:58.866Z] ❌ Error reading register 1000 for IP 10.30.4.91: no connection to modbus server
[2025-03-01T08:20:58.866Z] Error reading actual data: no connection to modbus server
[2025-03-01T08:20:58.880Z] Error writing to Modbus register: no connection to modbus server
[2025-03-01T08:20:58.916Z] Error reading register 3105 for IP 10.30.4.91: no connection to modbus server
[2025-03-01T08:20:58.916Z] ❌ Error reading register 1000 for IP 10.30.4.91: no connection to modbus server
[2025-03-01T08:20:58.916Z] Error reading actual data: no connection to modbus server
[2025-03-01T08:20:58.917Z] Error writing to Modbus register: no connection to modbus server
[2025-03-01T08:20:58.917Z] Error reading register 3105 for IP 10.30.4.91: no connection to modbus server
[2025-03-01T08:20:58.917Z] ❌ Error reading register 1000 for IP 10.30.4.91: no connection to modbus server
[2025-03-01T08:20:58.917Z] Error reading actual data: no connection to modbus server
[2025-03-01T08:20:58.918Z] Error writing to Modbus register: no connection to modbus server
[2025-03-01T08:20:59.784Z] Error reading register 3105 for IP 10.30.4.91: no connection to modbus server
[2025-03-01T08:20:59.784Z] ❌ Error reading register 1000 for IP 10.30.4.91: no connection to modbus server
[2025-03-01T08:20:59.785Z] Error reading actual data: no connection to modbus server
[2025-03-01T08:20:59.786Z] Error writing to Modbus register: no connection to modbus server
[2025-03-01T08:20:59.788Z] Error reading actual data: no connection to modbus server
[2025-03-01T08:20:59.787Z] Error reading register 3105 for IP 10.30.4.91: no connection to modbus server
[2025-03-01T08:20:59.789Z] Error writing to Modbus register: no connection to modbus server
[2025-03-01T08:20:59.788Z] ❌ Error reading register 1000 for IP 10.30.4.91: no connection to modbus server
[2025-03-01T08:20:59.809Z] Error reading register 3105 for IP 10.30.4.91: no connection to modbus server
[2025-03-01T08:20:59.809Z] ❌ Error reading register 1000 for IP 10.30.4.91: no connection to modbus server
[2025-03-01T08:20:59.809Z] Error reading actual data: no connection to modbus server
[2025-03-01T08:20:59.810Z] Error writing to Modbus register: no connection to modbus server
[2025-03-01T08:20:59.867Z] ❌ Error reading register 1000 for IP 10.30.4.91: no connection to modbus server
[2025-03-01T08:20:59.867Z] Error reading actual data: no connection to modbus server
[2025-03-01T08:20:59.866Z] Error reading register 3105 for IP 10.30.4.91: no connection to modbus server
[2025-03-01T08:20:59.882Z] Error writing to Modbus register: no connection to modbus server
[2025-03-01T08:20:59.916Z] Error reading register 3105 for IP 10.30.4.91: no connection to modbus server
[2025-03-01T08:20:59.916Z] ❌ Error reading register 1000 for IP 10.30.4.91: no connection to modbus server
[2025-03-01T08:20:59.917Z] Error reading actual data: no connection to modbus server
[2025-03-01T08:20:59.917Z] Error writing to Modbus register: no connection to modbus server
[2025-03-01T08:20:59.918Z] Error reading register 3105 for IP 10.30.4.91: no connection to modbus server
[2025-03-01T08:20:59.918Z] ❌ Error reading register 1000 for IP 10.30.4.91: no connection to modbus server
[2025-03-01T08:20:59.918Z] Error reading actual data: no connection to modbus server
[2025-03-01T08:20:59.919Z] Error writing to Modbus register: no connection to modbus server
[2025-03-01T08:21:00.785Z] Error reading register 3105 for IP 10.30.4.91: no connection to modbus server
[2025-03-01T08:21:00.785Z] ❌ Error reading register 1000 for IP 10.30.4.91: no connection to modbus server
[2025-03-01T08:21:00.786Z] Error reading actual data: no connection to modbus server
[2025-03-01T08:21:00.787Z] Error writing to Modbus register: no connection to modbus server
[2025-03-01T08:21:00.788Z] ❌ Error reading register 1000 for IP 10.30.4.91: no connection to modbus server
[2025-03-01T08:21:00.788Z] Error reading register 3105 for IP 10.30.4.91: no connection to modbus server
[2025-03-01T08:21:00.788Z] Error reading actual data: no connection to modbus server
[2025-03-01T08:21:00.789Z] Error writing to Modbus register: no connection to modbus server
[2025-03-01T08:21:00.815Z] Error reading register 3105 for IP 10.30.4.91: no connection to modbus server
[2025-03-01T08:21:00.816Z] ❌ Error reading register 1000 for IP 10.30.4.91: no connection to modbus server
[2025-03-01T08:21:00.816Z] Error writing to Modbus register: no connection to modbus server
[2025-03-01T08:21:00.816Z] Error reading actual data: no connection to modbus server
[2025-03-01T08:21:00.874Z] Error reading register 3105 for IP 10.30.4.91: no connection to modbus server
[2025-03-01T08:21:00.875Z] ❌ Error reading register 1000 for IP 10.30.4.91: no connection to modbus server
[2025-03-01T08:21:00.875Z] Error reading actual data: no connection to modbus server
[2025-03-01T08:21:00.889Z] Error writing to Modbus register: no connection to modbus server
[2025-03-01T08:21:00.933Z] Error reading register 3105 for IP 10.30.4.91: no connection to modbus server
[2025-03-01T08:21:00.934Z] ❌ Error reading register 1000 for IP 10.30.4.91: no connection to modbus server
[2025-03-01T08:21:00.934Z] Error reading actual data: no connection to modbus server
[2025-03-01T08:21:00.935Z] Error writing to Modbus register: no connection to modbus server
[2025-03-01T08:21:00.936Z] Error reading register 3105 for IP 10.30.4.91: no connection to modbus server
[2025-03-01T08:21:00.937Z] ❌ Error reading register 1000 for IP 10.30.4.91: no connection to modbus server
[2025-03-01T08:21:00.937Z] Error reading actual data: no connection to modbus server
[2025-03-01T08:21:00.938Z] Error writing to Modbus register: no connection to modbus server
[2025-03-01T08:21:01.801Z] Error reading register 3105 for IP 10.30.4.91: no connection to modbus server
[2025-03-01T08:21:01.801Z] ❌ Error reading register 1000 for IP 10.30.4.91: no connection to modbus server
[2025-03-01T08:21:01.802Z] Error reading actual data: no connection to modbus server
[2025-03-01T08:21:01.803Z] Error writing to Modbus register: no connection to modbus server
[2025-03-01T08:21:01.804Z] Error reading register 3105 for IP 10.30.4.91: no connection to modbus server
[2025-03-01T08:21:01.805Z] ❌ Error reading register 1000 for IP 10.30.4.91: no connection to modbus server
[2025-03-01T08:21:01.805Z] Error reading actual data: no connection to modbus server
[2025-03-01T08:21:01.806Z] Error writing to Modbus register: no connection to modbus server
[2025-03-01T08:21:01.818Z] Error reading register 3105 for IP 10.30.4.91: no connection to modbus server
[2025-03-01T08:21:01.819Z] ❌ Error reading register 1000 for IP 10.30.4.91: no connection to modbus server
[2025-03-01T08:21:01.819Z] Error reading actual data: no connection to modbus server
[2025-03-01T08:21:01.820Z] Error writing to Modbus register: no connection to modbus server
[2025-03-01T08:21:01.880Z] Error reading register 3105 for IP 10.30.4.91: no connection to modbus server
[2025-03-01T08:21:01.880Z] ❌ Error reading register 1000 for IP 10.30.4.91: no connection to modbus server
[2025-03-01T08:21:01.880Z] Error reading actual data: no connection to modbus server
[2025-03-01T08:21:01.890Z] Error writing to Modbus register: no connection to modbus server
[2025-03-01T08:21:01.933Z] Error reading register 3105 for IP 10.30.4.91: no connection to modbus server
[2025-03-01T08:21:01.934Z] ❌ Error reading register 1000 for IP 10.30.4.91: no connection to modbus server
[2025-03-01T08:21:01.934Z] Error reading actual data: no connection to modbus server
[2025-03-01T08:21:01.934Z] Error writing to Modbus register: no connection to modbus server
[2025-03-01T08:21:01.950Z] Error reading register 3105 for IP 10.30.4.91: no connection to modbus server
[2025-03-01T08:21:01.951Z] Error reading actual data: no connection to modbus server
[2025-03-01T08:21:01.951Z] ❌ Error reading register 1000 for IP 10.30.4.91: no connection to modbus server
[2025-03-01T08:21:01.952Z] Error writing to Modbus register: no connection to modbus server
[2025-03-01T08:21:02.803Z] Error reading register 3105 for IP 10.30.4.91: no connection to modbus server
[2025-03-01T08:21:02.804Z] ❌ Error reading register 1000 for IP 10.30.4.91: no connection to modbus server
[2025-03-01T08:21:02.804Z] Error reading actual data: no connection to modbus server
[2025-03-01T08:21:02.804Z] Error writing to Modbus register: no connection to modbus server
[2025-03-01T08:21:02.804Z] Error reading register 3105 for IP 10.30.4.91: no connection to modbus server
[2025-03-01T08:21:02.804Z] ❌ Error reading register 1000 for IP 10.30.4.91: no connection to modbus server
[2025-03-01T08:21:02.805Z] Error reading actual data: no connection to modbus server
[2025-03-01T08:21:02.805Z] Error writing to Modbus register: no connection to modbus server
[2025-03-01T08:21:02.819Z] Error reading register 3105 for IP 10.30.4.91: no connection to modbus server
[2025-03-01T08:21:02.819Z] ❌ Error reading register 1000 for IP 10.30.4.91: no connection to modbus server
[2025-03-01T08:21:02.819Z] Error reading actual data: no connection to modbus server
[2025-03-01T08:21:02.820Z] Error writing to Modbus register: no connection to modbus server
[2025-03-01T08:21:02.886Z] Error reading register 3105 for IP 10.30.4.91: no connection to modbus server
[2025-03-01T08:21:02.886Z] ❌ Error reading register 1000 for IP 10.30.4.91: no connection to modbus server
[2025-03-01T08:21:02.886Z] Error reading actual data: no connection to modbus server
[2025-03-01T08:21:02.902Z] Error writing to Modbus register: no connection to modbus server
[2025-03-01T08:21:02.950Z] Error reading register 3105 for IP 10.30.4.91: no connection to modbus server
[2025-03-01T08:21:02.951Z] ❌ Error reading register 1000 for IP 10.30.4.91: no connection to modbus server
[2025-03-01T08:21:02.951Z] Error reading actual data: no connection to modbus server
[2025-03-01T08:21:02.952Z] Error writing to Modbus register: no connection to modbus server
[2025-03-01T08:21:02.954Z] Error reading register 3105 for IP 10.30.4.91: no connection to modbus server
[2025-03-01T08:21:02.954Z] ❌ Error reading register 1000 for IP 10.30.4.91: no connection to modbus server
[2025-03-01T08:21:02.954Z] Error reading actual data: no connection to modbus server
[2025-03-01T08:21:02.955Z] Error writing to Modbus register: no connection to modbus server
[2025-03-01T08:21:03.815Z] Error reading register 3105 for IP 10.30.4.91: no connection to modbus server
[2025-03-01T08:21:03.815Z] ❌ Error reading register 1000 for IP 10.30.4.91: no connection to modbus server
[2025-03-01T08:21:03.816Z] Error reading actual data: no connection to modbus server
[2025-03-01T08:21:03.816Z] Error writing to Modbus register: no connection to modbus server
[2025-03-01T08:21:03.817Z] Error reading register 3105 for IP 10.30.4.91: no connection to modbus server
[2025-03-01T08:21:03.818Z] ❌ Error reading register 1000 for IP 10.30.4.91: no connection to modbus server
[2025-03-01T08:21:03.818Z] Error reading actual data: no connection to modbus server
[2025-03-01T08:21:03.818Z] Error writing to Modbus register: no connection to modbus server
[2025-03-01T08:21:03.821Z] ❌ Error reading register 1000 for IP 10.30.4.91: no connection to modbus server
[2025-03-01T08:21:03.821Z] Error reading register 3105 for IP 10.30.4.91: no connection to modbus server
[2025-03-01T08:21:03.821Z] Error reading actual data: no connection to modbus server
[2025-03-01T08:21:03.821Z] Error writing to Modbus register: no connection to modbus server
[2025-03-01T08:21:03.900Z] Error reading register 3105 for IP 10.30.4.91: no connection to modbus server
[2025-03-01T08:21:03.900Z] ❌ Error reading register 1000 for IP 10.30.4.91: no connection to modbus server
[2025-03-01T08:21:03.900Z] Error reading actual data: no connection to modbus server
[2025-03-01T08:21:03.915Z] Error writing to Modbus register: no connection to modbus server
[2025-03-01T08:21:03.952Z] Error reading register 3105 for IP 10.30.4.91: no connection to modbus server
[2025-03-01T08:21:03.952Z] ❌ Error reading register 1000 for IP 10.30.4.91: no connection to modbus server
[2025-03-01T08:21:03.952Z] Error reading actual data: no connection to modbus server
[2025-03-01T08:21:03.953Z] Error writing to Modbus register: no connection to modbus server
[2025-03-01T08:21:03.954Z] ❌ Error reading register 1000 for IP 10.30.4.91: no connection to modbus server
[2025-03-01T08:21:03.954Z] Error reading register 3105 for IP 10.30.4.91: no connection to modbus server
[2025-03-01T08:21:03.954Z] Error reading actual data: no connection to modbus server
[2025-03-01T08:21:03.955Z] Error writing to Modbus register: no connection to modbus server
[2025-03-01T08:21:04.820Z] Error reading register 3105 for IP 10.30.4.91: no connection to modbus server
[2025-03-01T08:21:04.820Z] ❌ Error reading register 1000 for IP 10.30.4.91: no connection to modbus server
[2025-03-01T08:21:04.820Z] Error reading actual data: no connection to modbus server
[2025-03-01T08:21:04.820Z] Error writing to Modbus register: no connection to modbus server
[2025-03-01T08:21:04.821Z] Error reading register 3105 for IP 10.30.4.91: no connection to modbus server
[2025-03-01T08:21:04.821Z] ❌ Error reading register 1000 for IP 10.30.4.91: no connection to modbus server
[2025-03-01T08:21:04.821Z] Error reading actual data: no connection to modbus server
[2025-03-01T08:21:04.821Z] Error writing to Modbus register: no connection to modbus server
[2025-03-01T08:21:04.822Z] Error reading register 3105 for IP 10.30.4.91: no connection to modbus server
[2025-03-01T08:21:04.822Z] ❌ Error reading register 1000 for IP 10.30.4.91: no connection to modbus server
[2025-03-01T08:21:04.822Z] Error reading actual data: no connection to modbus server
[2025-03-01T08:21:04.823Z] Error writing to Modbus register: no connection to modbus server
[2025-03-01T08:21:04.902Z] Error reading register 3105 for IP 10.30.4.91: no connection to modbus server
[2025-03-01T08:21:04.902Z] ❌ Error reading register 1000 for IP 10.30.4.91: no connection to modbus server
[2025-03-01T08:21:04.902Z] Error reading actual data: no connection to modbus server
[2025-03-01T08:21:04.918Z] Error writing to Modbus register: no connection to modbus server
[2025-03-01T08:21:04.964Z] Error reading register 3105 for IP 10.30.4.91: no connection to modbus server
[2025-03-01T08:21:04.965Z] ❌ Error reading register 1000 for IP 10.30.4.91: no connection to modbus server
[2025-03-01T08:21:04.965Z] Error reading actual data: no connection to modbus server
[2025-03-01T08:21:04.966Z] Error writing to Modbus register: no connection to modbus server
[2025-03-01T08:21:04.968Z] Error reading register 3105 for IP 10.30.4.91: no connection to modbus server
[2025-03-01T08:21:04.968Z] ❌ Error reading register 1000 for IP 10.30.4.91: no connection to modbus server
[2025-03-01T08:21:04.969Z] Error reading actual data: no connection to modbus server
[2025-03-01T08:21:04.969Z] Error writing to Modbus register: no connection to modbus server
[2025-03-01T08:21:05.833Z] Error reading register 3105 for IP 10.30.4.91: no connection to modbus server
[2025-03-01T08:21:05.833Z] ❌ Error reading register 1000 for IP 10.30.4.91: no connection to modbus server
[2025-03-01T08:21:05.834Z] Error reading actual data: no connection to modbus server
[2025-03-01T08:21:05.834Z] Error writing to Modbus register: no connection to modbus server
[2025-03-01T08:21:05.835Z] Error reading register 3105 for IP 10.30.4.91: no connection to modbus server
[2025-03-01T08:21:05.835Z] ❌ Error reading register 1000 for IP 10.30.4.91: no connection to modbus server
[2025-03-01T08:21:05.835Z] Error writing to Modbus register: no connection to modbus server
[2025-03-01T08:21:05.836Z] Error reading register 3105 for IP 10.30.4.91: no connection to modbus server
[2025-03-01T08:21:05.835Z] Error reading actual data: no connection to modbus server
[2025-03-01T08:21:05.836Z] ❌ Error reading register 1000 for IP 10.30.4.91: no connection to modbus server
[2025-03-01T08:21:05.836Z] Error reading actual data: no connection to modbus server
[2025-03-01T08:21:05.836Z] Error writing to Modbus register: no connection to modbus server
[2025-03-01T08:21:05.904Z] Error reading register 3105 for IP 10.30.4.91: no connection to modbus server
[2025-03-01T08:21:05.904Z] ❌ Error reading register 1000 for IP 10.30.4.91: no connection to modbus server
[2025-03-01T08:21:05.904Z] Error reading actual data: no connection to modbus server
[2025-03-01T08:21:05.919Z] Error writing to Modbus register: no connection to modbus server
[2025-03-01T08:21:05.969Z] Error reading register 3105 for IP 10.30.4.91: no connection to modbus server
[2025-03-01T08:21:05.970Z] ❌ Error reading register 1000 for IP 10.30.4.91: no connection to modbus server
[2025-03-01T08:21:05.970Z] Error reading actual data: no connection to modbus server
[2025-03-01T08:21:05.970Z] Error writing to Modbus register: no connection to modbus server
[2025-03-01T08:21:05.971Z] Error reading register 3105 for IP 10.30.4.91: no connection to modbus server
[2025-03-01T08:21:05.971Z] ❌ Error reading register 1000 for IP 10.30.4.91: no connection to modbus server
[2025-03-01T08:21:05.971Z] Error reading actual data: no connection to modbus server
[2025-03-01T08:21:05.971Z] Error writing to Modbus register: no connection to modbus server
[2025-03-01T08:21:06.836Z] Error reading register 3105 for IP 10.30.4.91: no connection to modbus server
[2025-03-01T08:21:06.836Z] ❌ Error reading register 1000 for IP 10.30.4.91: no connection to modbus server
[2025-03-01T08:21:06.837Z] Error writing to Modbus register: no connection to modbus server
[2025-03-01T08:21:06.837Z] Error reading register 3105 for IP 10.30.4.91: no connection to modbus server
[2025-03-01T08:21:06.837Z] Error reading actual data: no connection to modbus server
[2025-03-01T08:21:06.837Z] ❌ Error reading register 1000 for IP 10.30.4.91: no connection to modbus server
[2025-03-01T08:21:06.838Z] Error writing to Modbus register: no connection to modbus server
[2025-03-01T08:21:06.838Z] Error reading register 3105 for IP 10.30.4.91: no connection to modbus server
[2025-03-01T08:21:06.838Z] ❌ Error reading register 1000 for IP 10.30.4.91: no connection to modbus server
[2025-03-01T08:21:06.837Z] Error reading actual data: no connection to modbus server
[2025-03-01T08:21:06.838Z] Error reading actual data: no connection to modbus server
[2025-03-01T08:21:06.839Z] Error writing to Modbus register: no connection to modbus server
[2025-03-01T08:21:06.916Z] Error reading register 3105 for IP 10.30.4.91: no connection to modbus server
[2025-03-01T08:21:06.916Z] ❌ Error reading register 1000 for IP 10.30.4.91: no connection to modbus server
[2025-03-01T08:21:06.916Z] Error reading actual data: no connection to modbus server
[2025-03-01T08:21:06.931Z] Error writing to Modbus register: no connection to modbus server
[2025-03-01T08:21:06.981Z] Error reading register 3105 for IP 10.30.4.91: no connection to modbus server
[2025-03-01T08:21:06.981Z] ❌ Error reading register 1000 for IP 10.30.4.91: no connection to modbus server
[2025-03-01T08:21:06.982Z] Error reading actual data: no connection to modbus server
[2025-03-01T08:21:06.982Z] Error writing to Modbus register: no connection to modbus server
[2025-03-01T08:21:06.983Z] Error reading register 3105 for IP 10.30.4.91: no connection to modbus server
[2025-03-01T08:21:06.984Z] ❌ Error reading register 1000 for IP 10.30.4.91: no connection to modbus server
[2025-03-01T08:21:06.984Z] Error reading actual data: no connection to modbus server
[2025-03-01T08:21:06.984Z] Error writing to Modbus register: no connection to modbus server
[2025-03-01T08:21:07.849Z] Error reading register 3105 for IP 10.30.4.91: no connection to modbus server
[2025-03-01T08:21:07.849Z] ❌ Error reading register 1000 for IP 10.30.4.91: no connection to modbus server
[2025-03-01T08:21:07.850Z] Error writing to Modbus register: no connection to modbus server
[2025-03-01T08:21:07.850Z] Error reading actual data: no connection to modbus server
[2025-03-01T08:21:07.851Z] Error reading register 3105 for IP 10.30.4.91: no connection to modbus server
[2025-03-01T08:21:07.851Z] ❌ Error reading register 1000 for IP 10.30.4.91: no connection to modbus server
[2025-03-01T08:21:07.851Z] Error reading actual data: no connection to modbus server
[2025-03-01T08:21:07.851Z] Error writing to Modbus register: no connection to modbus server
[2025-03-01T08:21:07.852Z] Error reading register 3105 for IP 10.30.4.91: no connection to modbus server
[2025-03-01T08:21:07.852Z] ❌ Error reading register 1000 for IP 10.30.4.91: no connection to modbus server
[2025-03-01T08:21:07.852Z] Error reading actual data: no connection to modbus server
[2025-03-01T08:21:07.853Z] Error writing to Modbus register: no connection to modbus server
[2025-03-01T08:21:07.918Z] Error reading register 3105 for IP 10.30.4.91: no connection to modbus server
[2025-03-01T08:21:07.919Z] ❌ Error reading register 1000 for IP 10.30.4.91: no connection to modbus server
[2025-03-01T08:21:07.919Z] Error reading actual data: no connection to modbus server
[2025-03-01T08:21:07.933Z] Error writing to Modbus register: no connection to modbus server
[2025-03-01T08:21:07.986Z] Error reading register 3105 for IP 10.30.4.91: no connection to modbus server
[2025-03-01T08:21:07.986Z] ❌ Error reading register 1000 for IP 10.30.4.91: no connection to modbus server
[2025-03-01T08:21:07.986Z] Error reading actual data: no connection to modbus server
[2025-03-01T08:21:07.987Z] Error writing to Modbus register: no connection to modbus server
[2025-03-01T08:21:07.987Z] Error reading register 3105 for IP 10.30.4.91: no connection to modbus server
[2025-03-01T08:21:07.988Z] ❌ Error reading register 1000 for IP 10.30.4.91: no connection to modbus server
[2025-03-01T08:21:07.988Z] Error reading actual data: no connection to modbus server
[2025-03-01T08:21:07.988Z] Error writing to Modbus register: no connection to modbus server
[2025-03-01T08:21:08.850Z] Error reading register 3105 for IP 10.30.4.91: no connection to modbus server
[2025-03-01T08:21:08.850Z] ❌ Error reading register 1000 for IP 10.30.4.91: no connection to modbus server
[2025-03-01T08:21:08.850Z] Error reading actual data: no connection to modbus server
[2025-03-01T08:21:08.851Z] Error writing to Modbus register: no connection to modbus server
[2025-03-01T08:21:08.851Z] Error reading register 3105 for IP 10.30.4.91: no connection to modbus server
[2025-03-01T08:21:08.852Z] ❌ Error reading register 1000 for IP 10.30.4.91: no connection to modbus server
[2025-03-01T08:21:08.852Z] Error reading actual data: no connection to modbus server
[2025-03-01T08:21:08.852Z] Error writing to Modbus register: no connection to modbus server
[2025-03-01T08:21:08.852Z] Error reading register 3105 for IP 10.30.4.91: no connection to modbus server
[2025-03-01T08:21:08.852Z] ❌ Error reading register 1000 for IP 10.30.4.91: no connection to modbus server
[2025-03-01T08:21:08.853Z] Error reading actual data: no connection to modbus server
[2025-03-01T08:21:08.853Z] Error writing to Modbus register: no connection to modbus server
[2025-03-01T08:21:08.929Z] Error reading register 3105 for IP 10.30.4.91: no connection to modbus server
[2025-03-01T08:21:08.929Z] ❌ Error reading register 1000 for IP 10.30.4.91: no connection to modbus server
[2025-03-01T08:21:08.929Z] Error reading actual data: no connection to modbus server
[2025-03-01T08:21:08.943Z] Error writing to Modbus register: no connection to modbus server
[2025-03-01T08:21:08.990Z] Error reading register 3105 for IP 10.30.4.91: no connection to modbus server
[2025-03-01T08:21:08.991Z] ❌ Error reading register 1000 for IP 10.30.4.91: no connection to modbus server
[2025-03-01T08:21:08.991Z] Error reading actual data: no connection to modbus server
[2025-03-01T08:21:08.992Z] Error writing to Modbus register: no connection to modbus server
[2025-03-01T08:21:08.993Z] ❌ Error reading register 1000 for IP 10.30.4.91: no connection to modbus server
[2025-03-01T08:21:08.992Z] Error reading register 3105 for IP 10.30.4.91: no connection to modbus server
[2025-03-01T08:21:08.993Z] Error reading actual data: no connection to modbus server
[2025-03-01T08:21:08.994Z] Error writing to Modbus register: no connection to modbus server
[2025-03-01T08:21:09.850Z] Error reading register 3105 for IP 10.30.4.91: no connection to modbus server
[2025-03-01T08:21:09.850Z] ❌ Error reading register 1000 for IP 10.30.4.91: no connection to modbus server
[2025-03-01T08:21:09.851Z] Error reading actual data: no connection to modbus server
[2025-03-01T08:21:09.851Z] Error writing to Modbus register: no connection to modbus server
[2025-03-01T08:21:09.852Z] Error reading register 3105 for IP 10.30.4.91: no connection to modbus server
[2025-03-01T08:21:09.852Z] ❌ Error reading register 1000 for IP 10.30.4.91: no connection to modbus server
[2025-03-01T08:21:09.853Z] Error reading actual data: no connection to modbus server
[2025-03-01T08:21:09.853Z] Error writing to Modbus register: no connection to modbus server
[2025-03-01T08:21:09.854Z] Error reading register 3105 for IP 10.30.4.91: no connection to modbus server
[2025-03-01T08:21:09.855Z] Error writing to Modbus register: no connection to modbus server
[2025-03-01T08:21:09.854Z] ❌ Error reading register 1000 for IP 10.30.4.91: no connection to modbus server
[2025-03-01T08:21:09.855Z] Error reading actual data: no connection to modbus server
[2025-03-01T08:21:09.933Z] ❌ Error reading register 1000 for IP 10.30.4.91: no connection to modbus server
[2025-03-01T08:21:09.933Z] Error reading actual data: no connection to modbus server
[2025-03-01T08:21:09.933Z] Error reading register 3105 for IP 10.30.4.91: no connection to modbus server
[2025-03-01T08:21:09.956Z] Error writing to Modbus register: no connection to modbus server
[2025-03-01T08:21:10.000Z] Error reading register 3105 for IP 10.30.4.91: no connection to modbus server
[2025-03-01T08:21:10.001Z] Error reading actual data: no connection to modbus server
[2025-03-01T08:21:10.000Z] ❌ Error reading register 1000 for IP 10.30.4.91: no connection to modbus server
[2025-03-01T08:21:10.001Z] Error writing to Modbus register: no connection to modbus server
[2025-03-01T08:21:10.002Z] Error reading register 3105 for IP 10.30.4.91: no connection to modbus server
[2025-03-01T08:21:10.003Z] ❌ Error reading register 1000 for IP 10.30.4.91: no connection to modbus server
[2025-03-01T08:21:10.003Z] Error reading actual data: no connection to modbus server
[2025-03-01T08:21:10.003Z] Error writing to Modbus register: no connection to modbus server
[2025-03-01T08:21:10.859Z] Error reading register 3105 for IP 10.30.4.91: no connection to modbus server
[2025-03-01T08:21:10.859Z] ❌ Error reading register 1000 for IP 10.30.4.91: no connection to modbus server
[2025-03-01T08:21:10.860Z] Error reading actual data: no connection to modbus server
[2025-03-01T08:21:10.860Z] Error writing to Modbus register: no connection to modbus server
[2025-03-01T08:21:10.861Z] ❌ Error reading register 1000 for IP 10.30.4.91: no connection to modbus server
[2025-03-01T08:21:10.861Z] Error reading actual data: no connection to modbus server
[2025-03-01T08:21:10.861Z] Error reading register 3105 for IP 10.30.4.91: no connection to modbus server
[2025-03-01T08:21:10.862Z] Error writing to Modbus register: no connection to modbus server
[2025-03-01T08:21:10.862Z] Error reading register 3105 for IP 10.30.4.91: no connection to modbus server
[2025-03-01T08:21:10.863Z] ❌ Error reading register 1000 for IP 10.30.4.91: no connection to modbus server
[2025-03-01T08:21:10.863Z] Error reading actual data: no connection to modbus server
[2025-03-01T08:21:10.863Z] Error writing to Modbus register: no connection to modbus server
[2025-03-01T08:21:10.935Z] Error reading register 3105 for IP 10.30.4.91: no connection to modbus server
[2025-03-01T08:21:10.935Z] ❌ Error reading register 1000 for IP 10.30.4.91: no connection to modbus server
[2025-03-01T08:21:10.935Z] Error reading actual data: no connection to modbus server
[2025-03-01T08:21:10.966Z] Error writing to Modbus register: no connection to modbus server
[2025-03-01T08:21:11.000Z] ❌ Error reading register 1000 for IP 10.30.4.91: no connection to modbus server
[2025-03-01T08:21:10.999Z] Error reading register 3105 for IP 10.30.4.91: no connection to modbus server
[2025-03-01T08:21:11.000Z] Error reading actual data: no connection to modbus server
[2025-03-01T08:21:11.000Z] Error writing to Modbus register: no connection to modbus server
[2025-03-01T08:21:11.007Z] Error reading register 3105 for IP 10.30.4.91: no connection to modbus server
[2025-03-01T08:21:11.007Z] ❌ Error reading register 1000 for IP 10.30.4.91: no connection to modbus server
[2025-03-01T08:21:11.007Z] Error reading actual data: no connection to modbus server
[2025-03-01T08:21:11.008Z] Error writing to Modbus register: no connection to modbus server
[2025-03-01T08:21:11.866Z] Error reading register 3105 for IP 10.30.4.91: no connection to modbus server
[2025-03-01T08:21:11.866Z] ❌ Error reading register 1000 for IP 10.30.4.91: no connection to modbus server
[2025-03-01T08:21:11.866Z] Error reading actual data: no connection to modbus server
[2025-03-01T08:21:11.867Z] Error writing to Modbus register: no connection to modbus server
[2025-03-01T08:21:11.867Z] Error reading register 3105 for IP 10.30.4.91: no connection to modbus server
[2025-03-01T08:21:11.867Z] ❌ Error reading register 1000 for IP 10.30.4.91: no connection to modbus server
[2025-03-01T08:21:11.867Z] Error reading actual data: no connection to modbus server
[2025-03-01T08:21:11.868Z] Error writing to Modbus register: no connection to modbus server
[2025-03-01T08:21:11.868Z] Error reading register 3105 for IP 10.30.4.91: no connection to modbus server
[2025-03-01T08:21:11.868Z] ❌ Error reading register 1000 for IP 10.30.4.91: no connection to modbus server
[2025-03-01T08:21:11.868Z] Error writing to Modbus register: no connection to modbus server
[2025-03-01T08:21:11.868Z] Error reading actual data: no connection to modbus server
[2025-03-01T08:21:11.950Z] ❌ Error reading register 1000 for IP 10.30.4.91: no connection to modbus server
[2025-03-01T08:21:11.950Z] Error reading register 3105 for IP 10.30.4.91: no connection to modbus server
[2025-03-01T08:21:11.951Z] Error reading actual data: no connection to modbus server
[2025-03-01T08:21:11.976Z] Error writing to Modbus register: no connection to modbus server
[2025-03-01T08:21:12.008Z] Error reading register 3105 for IP 10.30.4.91: no connection to modbus server
[2025-03-01T08:21:12.009Z] ❌ Error reading register 1000 for IP 10.30.4.91: no connection to modbus server
[2025-03-01T08:21:12.009Z] Error reading register 3105 for IP 10.30.4.91: no connection to modbus server
[2025-03-01T08:21:12.010Z] Error reading actual data: no connection to modbus server
[2025-03-01T08:21:12.010Z] ❌ Error reading register 1000 for IP 10.30.4.91: no connection to modbus server
[2025-03-01T08:21:12.010Z] Error writing to Modbus register: no connection to modbus server
[2025-03-01T08:21:12.009Z] Error reading actual data: no connection to modbus server
[2025-03-01T08:21:12.009Z] Error writing to Modbus register: no connection to modbus server
[2025-03-01T08:21:12.879Z] Error reading register 3105 for IP 10.30.4.91: no connection to modbus server
[2025-03-01T08:21:12.879Z] ❌ Error reading register 1000 for IP 10.30.4.91: no connection to modbus server
[2025-03-01T08:21:12.880Z] Error reading actual data: no connection to modbus server
[2025-03-01T08:21:12.881Z] Error writing to Modbus register: no connection to modbus server
[2025-03-01T08:21:12.882Z] Error reading register 3105 for IP 10.30.4.91: no connection to modbus server
[2025-03-01T08:21:12.882Z] ❌ Error reading register 1000 for IP 10.30.4.91: no connection to modbus server
[2025-03-01T08:21:12.883Z] Error reading actual data: no connection to modbus server
[2025-03-01T08:21:12.883Z] Error writing to Modbus register: no connection to modbus server
[2025-03-01T08:21:12.883Z] Error reading register 3105 for IP 10.30.4.91: no connection to modbus server
[2025-03-01T08:21:12.883Z] ❌ Error reading register 1000 for IP 10.30.4.91: no connection to modbus server
[2025-03-01T08:21:12.883Z] Error reading actual data: no connection to modbus server
[2025-03-01T08:21:12.884Z] Error writing to Modbus register: no connection to modbus server
[2025-03-01T08:21:12.965Z] Error reading register 3105 for IP 10.30.4.91: no connection to modbus server
[2025-03-01T08:21:12.965Z] ❌ Error reading register 1000 for IP 10.30.4.91: no connection to modbus server
[2025-03-01T08:21:12.965Z] Error reading actual data: no connection to modbus server
[2025-03-01T08:21:12.982Z] Error writing to Modbus register: no connection to modbus server
[2025-03-01T08:21:13.015Z] Error reading register 3105 for IP 10.30.4.91: no connection to modbus server
[2025-03-01T08:21:13.016Z] ❌ Error reading register 1000 for IP 10.30.4.91: no connection to modbus server
[2025-03-01T08:21:13.016Z] Error reading actual data: no connection to modbus server
[2025-03-01T08:21:13.017Z] Error writing to Modbus register: no connection to modbus server
[2025-03-01T08:21:13.018Z] Error reading register 3105 for IP 10.30.4.91: no connection to modbus server
[2025-03-01T08:21:13.018Z] ❌ Error reading register 1000 for IP 10.30.4.91: no connection to modbus server
[2025-03-01T08:21:13.018Z] Error reading actual data: no connection to modbus server
[2025-03-01T08:21:13.019Z] Error writing to Modbus register: no connection to modbus server
[2025-03-01T08:21:13.884Z] Error reading register 3105 for IP 10.30.4.91: no connection to modbus server
[2025-03-01T08:21:13.884Z] ❌ Error reading register 1000 for IP 10.30.4.91: no connection to modbus server
[2025-03-01T08:21:13.886Z] Error writing to Modbus register: no connection to modbus server
[2025-03-01T08:21:13.885Z] Error reading actual data: no connection to modbus server
[2025-03-01T08:21:13.887Z] Error reading register 3105 for IP 10.30.4.91: no connection to modbus server
[2025-03-01T08:21:13.888Z] ❌ Error reading register 1000 for IP 10.30.4.91: no connection to modbus server
[2025-03-01T08:21:13.888Z] Error reading actual data: no connection to modbus server
[2025-03-01T08:21:13.890Z] Error writing to Modbus register: no connection to modbus server
[2025-03-01T08:21:13.891Z] ❌ Error reading register 1000 for IP 10.30.4.91: no connection to modbus server
[2025-03-01T08:21:13.891Z] Error reading register 3105 for IP 10.30.4.91: no connection to modbus server
[2025-03-01T08:21:13.892Z] Error reading actual data: no connection to modbus server
[2025-03-01T08:21:13.892Z] Error writing to Modbus register: no connection to modbus server
[2025-03-01T08:21:13.978Z] ❌ Error reading register 1000 for IP 10.30.4.91: no connection to modbus server
[2025-03-01T08:21:13.978Z] Error reading register 3105 for IP 10.30.4.91: no connection to modbus server
[2025-03-01T08:21:13.978Z] Error reading actual data: no connection to modbus server
[2025-03-01T08:21:13.993Z] Error writing to Modbus register: no connection to modbus server
[2025-03-01T08:21:14.016Z] Error reading register 3105 for IP 10.30.4.91: no connection to modbus server
[2025-03-01T08:21:14.017Z] ❌ Error reading register 1000 for IP 10.30.4.91: no connection to modbus server
[2025-03-01T08:21:14.017Z] Error reading actual data: no connection to modbus server
[2025-03-01T08:21:14.017Z] Error writing to Modbus register: no connection to modbus server
[2025-03-01T08:21:14.018Z] Error reading register 3105 for IP 10.30.4.91: no connection to modbus server
[2025-03-01T08:21:14.018Z] ❌ Error reading register 1000 for IP 10.30.4.91: no connection to modbus server
[2025-03-01T08:21:14.018Z] Error reading actual data: no connection to modbus server
[2025-03-01T08:21:14.019Z] Error writing to Modbus register: no connection to modbus server
[2025-03-01T08:21:14.899Z] Error reading register 3105 for IP 10.30.4.91: no connection to modbus server
[2025-03-01T08:21:14.900Z] ❌ Error reading register 1000 for IP 10.30.4.91: no connection to modbus server
[2025-03-01T08:21:14.901Z] Error writing to Modbus register: no connection to modbus server
[2025-03-01T08:21:14.903Z] Error reading register 3105 for IP 10.30.4.91: no connection to modbus server
[2025-03-01T08:21:14.900Z] Error reading actual data: no connection to modbus server
[2025-03-01T08:21:14.904Z] Error reading actual data: no connection to modbus server
[2025-03-01T08:21:14.903Z] ❌ Error reading register 1000 for IP 10.30.4.91: no connection to modbus server
[2025-03-01T08:21:14.905Z] Error writing to Modbus register: no connection to modbus server
[2025-03-01T08:21:14.906Z] Error reading register 3105 for IP 10.30.4.91: no connection to modbus server
[2025-03-01T08:21:14.906Z] ❌ Error reading register 1000 for IP 10.30.4.91: no connection to modbus server
[2025-03-01T08:21:14.906Z] Error reading actual data: no connection to modbus server
[2025-03-01T08:21:14.907Z] Error writing to Modbus register: no connection to modbus server
[2025-03-01T08:21:14.982Z] Error reading register 3105 for IP 10.30.4.91: no connection to modbus server
[2025-03-01T08:21:14.982Z] ❌ Error reading register 1000 for IP 10.30.4.91: no connection to modbus server
[2025-03-01T08:21:14.982Z] Error reading actual data: no connection to modbus server
[2025-03-01T08:21:14.996Z] Error writing to Modbus register: no connection to modbus server
[2025-03-01T08:21:15.031Z] Error reading register 3105 for IP 10.30.4.91: no connection to modbus server
[2025-03-01T08:21:15.031Z] ❌ Error reading register 1000 for IP 10.30.4.91: no connection to modbus server
[2025-03-01T08:21:15.031Z] Error reading actual data: no connection to modbus server
[2025-03-01T08:21:15.031Z] Error writing to Modbus register: no connection to modbus server
[2025-03-01T08:21:15.031Z] Error reading register 3105 for IP 10.30.4.91: no connection to modbus server
[2025-03-01T08:21:15.032Z] ❌ Error reading register 1000 for IP 10.30.4.91: no connection to modbus server
[2025-03-01T08:21:15.032Z] Error reading actual data: no connection to modbus server
[2025-03-01T08:21:15.032Z] Error writing to Modbus register: no connection to modbus server
[2025-03-01T08:21:15.917Z] Error reading register 3105 for IP 10.30.4.91: no connection to modbus server
[2025-03-01T08:21:15.917Z] ❌ Error reading register 1000 for IP 10.30.4.91: no connection to modbus server
[2025-03-01T08:21:15.919Z] Error writing to Modbus register: no connection to modbus server
[2025-03-01T08:21:15.918Z] Error reading actual data: no connection to modbus server
[2025-03-01T08:21:15.921Z] Error writing to Modbus register: no connection to modbus server
[2025-03-01T08:21:15.921Z] Error reading register 3105 for IP 10.30.4.91: no connection to modbus server
[2025-03-01T08:21:15.922Z] ❌ Error reading register 1000 for IP 10.30.4.91: no connection to modbus server
[2025-03-01T08:21:15.922Z] Error reading actual data: no connection to modbus server
[2025-03-01T08:21:15.922Z] Error writing to Modbus register: no connection to modbus server
[2025-03-01T08:21:15.920Z] Error reading register 3105 for IP 10.30.4.91: no connection to modbus server
[2025-03-01T08:21:15.921Z] ❌ Error reading register 1000 for IP 10.30.4.91: no connection to modbus server
[2025-03-01T08:21:15.921Z] Error reading actual data: no connection to modbus server
[2025-03-01T08:21:15.985Z] Error reading register 3105 for IP 10.30.4.91: no connection to modbus server
[2025-03-01T08:21:15.986Z] ❌ Error reading register 1000 for IP 10.30.4.91: no connection to modbus server
[2025-03-01T08:21:15.986Z] Error reading actual data: no connection to modbus server
[2025-03-01T08:21:16.001Z] Error writing to Modbus register: no connection to modbus server
[2025-03-01T08:21:16.032Z] Error reading register 3105 for IP 10.30.4.91: no connection to modbus server
[2025-03-01T08:21:16.032Z] ❌ Error reading register 1000 for IP 10.30.4.91: no connection to modbus server
[2025-03-01T08:21:16.033Z] Error reading register 3105 for IP 10.30.4.91: no connection to modbus server
[2025-03-01T08:21:16.033Z] Error reading actual data: no connection to modbus server
[2025-03-01T08:21:16.033Z] Error writing to Modbus register: no connection to modbus server
[2025-03-01T08:21:16.033Z] ❌ Error reading register 1000 for IP 10.30.4.91: no connection to modbus server
[2025-03-01T08:21:16.033Z] Error reading actual data: no connection to modbus server
[2025-03-01T08:21:16.034Z] Error writing to Modbus register: no connection to modbus server
[2025-03-01T08:21:16.934Z] Error reading register 3105 for IP 10.30.4.91: no connection to modbus server
[2025-03-01T08:21:16.935Z] ❌ Error reading register 1000 for IP 10.30.4.91: no connection to modbus server
[2025-03-01T08:21:16.937Z] Error writing to Modbus register: no connection to modbus server
[2025-03-01T08:21:16.938Z] Error reading register 3105 for IP 10.30.4.91: no connection to modbus server
[2025-03-01T08:21:16.939Z] ❌ Error reading register 1000 for IP 10.30.4.91: no connection to modbus server
[2025-03-01T08:21:16.939Z] Error reading actual data: no connection to modbus server
[2025-03-01T08:21:16.936Z] Error reading actual data: no connection to modbus server
[2025-03-01T08:21:16.939Z] Error writing to Modbus register: no connection to modbus server
[2025-03-01T08:21:16.939Z] Error reading register 3105 for IP 10.30.4.91: no connection to modbus server
[2025-03-01T08:21:16.940Z] Error reading actual data: no connection to modbus server
[2025-03-01T08:21:16.940Z] ❌ Error reading register 1000 for IP 10.30.4.91: no connection to modbus server
[2025-03-01T08:21:16.940Z] Error writing to Modbus register: no connection to modbus server
[2025-03-01T08:21:17.000Z] Error reading register 3105 for IP 10.30.4.91: no connection to modbus server
[2025-03-01T08:21:17.001Z] ❌ Error reading register 1000 for IP 10.30.4.91: no connection to modbus server
[2025-03-01T08:21:17.001Z] Error reading actual data: no connection to modbus server
[2025-03-01T08:21:17.002Z] Error writing to Modbus register: no connection to modbus server
[2025-03-01T08:21:17.035Z] Error reading register 3105 for IP 10.30.4.91: no connection to modbus server
[2025-03-01T08:21:17.035Z] ❌ Error reading register 1000 for IP 10.30.4.91: no connection to modbus server
[2025-03-01T08:21:17.036Z] Error writing to Modbus register: no connection to modbus server
[2025-03-01T08:21:17.036Z] Error reading register 3105 for IP 10.30.4.91: no connection to modbus server
[2025-03-01T08:21:17.036Z] ❌ Error reading register 1000 for IP 10.30.4.91: no connection to modbus server
[2025-03-01T08:21:17.037Z] Error reading actual data: no connection to modbus server
[2025-03-01T08:21:17.036Z] Error reading actual data: no connection to modbus server
[2025-03-01T08:21:17.037Z] Error writing to Modbus register: no connection to modbus server
[2025-03-01T08:21:17.934Z] Error reading register 3105 for IP 10.30.4.91: no connection to modbus server
[2025-03-01T08:21:17.934Z] ❌ Error reading register 1000 for IP 10.30.4.91: no connection to modbus server
[2025-03-01T08:21:17.935Z] Error reading actual data: no connection to modbus server
[2025-03-01T08:21:17.937Z] Error writing to Modbus register: no connection to modbus server
[2025-03-01T08:21:17.939Z] Error reading register 3105 for IP 10.30.4.91: no connection to modbus server
[2025-03-01T08:21:17.939Z] ❌ Error reading register 1000 for IP 10.30.4.91: no connection to modbus server
[2025-03-01T08:21:17.940Z] Error reading actual data: no connection to modbus server
[2025-03-01T08:21:17.941Z] Error writing to Modbus register: no connection to modbus server
[2025-03-01T08:21:17.941Z] Error reading register 3105 for IP 10.30.4.91: no connection to modbus server
[2025-03-01T08:21:17.942Z] Error writing to Modbus register: no connection to modbus server
[2025-03-01T08:21:17.941Z] ❌ Error reading register 1000 for IP 10.30.4.91: no connection to modbus server
[2025-03-01T08:21:17.941Z] Error reading actual data: no connection to modbus server
[2025-03-01T08:21:17.999Z] Error reading register 3105 for IP 10.30.4.91: no connection to modbus server
[2025-03-01T08:21:18.000Z] ❌ Error reading register 1000 for IP 10.30.4.91: no connection to modbus server
[2025-03-01T08:21:18.000Z] Error reading actual data: no connection to modbus server
[2025-03-01T08:21:18.002Z] Error writing to Modbus register: no connection to modbus server
[2025-03-01T08:21:18.041Z] ❌ Error reading register 1000 for IP 10.30.4.91: no connection to modbus server
[2025-03-01T08:21:18.042Z] Error reading register 3105 for IP 10.30.4.91: no connection to modbus server
[2025-03-01T08:21:18.042Z] ❌ Error reading register 1000 for IP 10.30.4.91: no connection to modbus server
[2025-03-01T08:21:18.041Z] Error reading actual data: no connection to modbus server
[2025-03-01T08:21:18.041Z] Error writing to Modbus register: no connection to modbus server
[2025-03-01T08:21:18.042Z] Error reading actual data: no connection to modbus server
[2025-03-01T08:21:18.042Z] Error writing to Modbus register: no connection to modbus server
[2025-03-01T08:21:18.041Z] Error reading register 3105 for IP 10.30.4.91: no connection to modbus server
[2025-03-01T08:21:18.947Z] Error reading register 3105 for IP 10.30.4.91: no connection to modbus server
[2025-03-01T08:21:18.947Z] ❌ Error reading register 1000 for IP 10.30.4.91: no connection to modbus server
[2025-03-01T08:21:18.947Z] Error reading actual data: no connection to modbus server
[2025-03-01T08:21:18.948Z] Error writing to Modbus register: no connection to modbus server
[2025-03-01T08:21:18.948Z] Error reading register 3105 for IP 10.30.4.91: no connection to modbus server
[2025-03-01T08:21:18.948Z] ❌ Error reading register 1000 for IP 10.30.4.91: no connection to modbus server
[2025-03-01T08:21:18.949Z] Error reading actual data: no connection to modbus server
[2025-03-01T08:21:18.949Z] Error writing to Modbus register: no connection to modbus server
[2025-03-01T08:21:18.949Z] Error reading register 3105 for IP 10.30.4.91: no connection to modbus server
[2025-03-01T08:21:18.949Z] ❌ Error reading register 1000 for IP 10.30.4.91: no connection to modbus server
[2025-03-01T08:21:18.949Z] Error reading actual data: no connection to modbus server
[2025-03-01T08:21:18.950Z] Error writing to Modbus register: no connection to modbus server
[2025-03-01T08:21:19.014Z] Error reading register 3105 for IP 10.30.4.91: no connection to modbus server
[2025-03-01T08:21:19.015Z] ❌ Error reading register 1000 for IP 10.30.4.91: no connection to modbus server
[2025-03-01T08:21:19.016Z] Error reading actual data: no connection to modbus server
[2025-03-01T08:21:19.017Z] Error writing to Modbus register: no connection to modbus server
[2025-03-01T08:21:19.042Z] ❌ Error reading register 1000 for IP 10.30.4.91: no connection to modbus server
[2025-03-01T08:21:19.042Z] Error reading register 3105 for IP 10.30.4.91: no connection to modbus server
[2025-03-01T08:21:19.042Z] Error reading actual data: no connection to modbus server
[2025-03-01T08:21:19.042Z] Error writing to Modbus register: no connection to modbus server
[2025-03-01T08:21:19.043Z] Error reading register 3105 for IP 10.30.4.91: no connection to modbus server
[2025-03-01T08:21:19.043Z] ❌ Error reading register 1000 for IP 10.30.4.91: no connection to modbus server
[2025-03-01T08:21:19.043Z] Error reading actual data: no connection to modbus server
[2025-03-01T08:21:19.044Z] Error writing to Modbus register: no connection to modbus server
[2025-03-01T08:21:19.951Z] Error reading register 3105 for IP 10.30.4.91: no connection to modbus server
[2025-03-01T08:21:19.951Z] ❌ Error reading register 1000 for IP 10.30.4.91: no connection to modbus server
[2025-03-01T08:21:19.952Z] Error reading actual data: no connection to modbus server
[2025-03-01T08:21:19.953Z] Error writing to Modbus register: no connection to modbus server
[2025-03-01T08:21:19.954Z] Error reading register 3105 for IP 10.30.4.91: no connection to modbus server
[2025-03-01T08:21:19.954Z] ❌ Error reading register 1000 for IP 10.30.4.91: no connection to modbus server
[2025-03-01T08:21:19.955Z] Error reading actual data: no connection to modbus server
[2025-03-01T08:21:19.955Z] Error writing to Modbus register: no connection to modbus server
[2025-03-01T08:21:19.955Z] Error reading register 3105 for IP 10.30.4.91: no connection to modbus server
[2025-03-01T08:21:19.955Z] ❌ Error reading register 1000 for IP 10.30.4.91: no connection to modbus server
[2025-03-01T08:21:19.955Z] Error reading actual data: no connection to modbus server
[2025-03-01T08:21:19.956Z] Error writing to Modbus register: no connection to modbus server
[2025-03-01T08:21:20.017Z] Error reading register 3105 for IP 10.30.4.91: no connection to modbus server
[2025-03-01T08:21:20.018Z] ❌ Error reading register 1000 for IP 10.30.4.91: no connection to modbus server
[2025-03-01T08:21:20.018Z] Error reading actual data: no connection to modbus server
[2025-03-01T08:21:20.020Z] Error writing to Modbus register: no connection to modbus server
[2025-03-01T08:21:20.050Z] Error reading register 3105 for IP 10.30.4.91: no connection to modbus server
[2025-03-01T08:21:20.050Z] ❌ Error reading register 1000 for IP 10.30.4.91: no connection to modbus server
[2025-03-01T08:21:20.050Z] Error reading actual data: no connection to modbus server
[2025-03-01T08:21:20.051Z] Error writing to Modbus register: no connection to modbus server
[2025-03-01T08:21:20.051Z] Error reading register 3105 for IP 10.30.4.91: no connection to modbus server
[2025-03-01T08:21:20.051Z] ❌ Error reading register 1000 for IP 10.30.4.91: no connection to modbus server
[2025-03-01T08:21:20.051Z] Error reading actual data: no connection to modbus server
[2025-03-01T08:21:20.052Z] Error writing to Modbus register: no connection to modbus server
[2025-03-01T08:21:20.966Z] Error reading register 3105 for IP 10.30.4.91: no connection to modbus server
[2025-03-01T08:21:20.966Z] ❌ Error reading register 1000 for IP 10.30.4.91: no connection to modbus server
[2025-03-01T08:21:20.966Z] Error reading actual data: no connection to modbus server
[2025-03-01T08:21:20.967Z] Error writing to Modbus register: no connection to modbus server
[2025-03-01T08:21:20.968Z] Error reading register 3105 for IP 10.30.4.91: no connection to modbus server
[2025-03-01T08:21:20.968Z] ❌ Error reading register 1000 for IP 10.30.4.91: no connection to modbus server
[2025-03-01T08:21:20.968Z] Error reading actual data: no connection to modbus server
[2025-03-01T08:21:20.969Z] Error writing to Modbus register: no connection to modbus server
[2025-03-01T08:21:20.969Z] Error reading register 3105 for IP 10.30.4.91: no connection to modbus server
[2025-03-01T08:21:20.969Z] ❌ Error reading register 1000 for IP 10.30.4.91: no connection to modbus server
[2025-03-01T08:21:20.970Z] Error reading actual data: no connection to modbus server
[2025-03-01T08:21:20.970Z] Error writing to Modbus register: no connection to modbus server
[2025-03-01T08:21:21.017Z] Error reading register 3105 for IP 10.30.4.91: no connection to modbus server
[2025-03-01T08:21:21.018Z] ❌ Error reading register 1000 for IP 10.30.4.91: no connection to modbus server
[2025-03-01T08:21:21.018Z] Error reading actual data: no connection to modbus server
[2025-03-01T08:21:21.019Z] Error writing to Modbus register: no connection to modbus server
[2025-03-01T08:21:21.063Z] Error reading register 3105 for IP 10.30.4.91: no connection to modbus server
[2025-03-01T08:21:21.064Z] Error reading actual data: no connection to modbus server
[2025-03-01T08:21:21.064Z] Error writing to Modbus register: no connection to modbus server
[2025-03-01T08:21:21.063Z] ❌ Error reading register 1000 for IP 10.30.4.91: no connection to modbus server
[2025-03-01T08:21:21.064Z] Error reading register 3105 for IP 10.30.4.91: no connection to modbus server
[2025-03-01T08:21:21.064Z] ❌ Error reading register 1000 for IP 10.30.4.91: no connection to modbus server
[2025-03-01T08:21:21.064Z] Error reading actual data: no connection to modbus server
[2025-03-01T08:21:21.065Z] Error writing to Modbus register: no connection to modbus server
[2025-03-01T08:21:21.966Z] Error reading register 3105 for IP 10.30.4.91: no connection to modbus server
[2025-03-01T08:21:21.966Z] ❌ Error reading register 1000 for IP 10.30.4.91: no connection to modbus server
[2025-03-01T08:21:21.966Z] Error reading actual data: no connection to modbus server
[2025-03-01T08:21:21.967Z] Error writing to Modbus register: no connection to modbus server
[2025-03-01T08:21:21.968Z] Error reading register 3105 for IP 10.30.4.91: no connection to modbus server
[2025-03-01T08:21:21.968Z] ❌ Error reading register 1000 for IP 10.30.4.91: no connection to modbus server
[2025-03-01T08:21:21.968Z] Error reading actual data: no connection to modbus server
[2025-03-01T08:21:21.969Z] Error writing to Modbus register: no connection to modbus server
[2025-03-01T08:21:21.969Z] Error reading register 3105 for IP 10.30.4.91: no connection to modbus server
[2025-03-01T08:21:21.970Z] ❌ Error reading register 1000 for IP 10.30.4.91: no connection to modbus server
[2025-03-01T08:21:21.970Z] Error reading actual data: no connection to modbus server
[2025-03-01T08:21:21.971Z] Error writing to Modbus register: no connection to modbus server
[2025-03-01T08:21:22.032Z] Error reading register 3105 for IP 10.30.4.91: no connection to modbus server
[2025-03-01T08:21:22.032Z] ❌ Error reading register 1000 for IP 10.30.4.91: no connection to modbus server
[2025-03-01T08:21:22.033Z] Error reading actual data: no connection to modbus server
[2025-03-01T08:21:22.033Z] Error writing to Modbus register: no connection to modbus server
[2025-03-01T08:21:22.064Z] Error reading register 3105 for IP 10.30.4.91: no connection to modbus server
[2025-03-01T08:21:22.064Z] ❌ Error reading register 1000 for IP 10.30.4.91: no connection to modbus server
[2025-03-01T08:21:22.064Z] Error reading actual data: no connection to modbus server
[2025-03-01T08:21:22.065Z] Error reading register 3105 for IP 10.30.4.91: no connection to modbus server
[2025-03-01T08:21:22.065Z] Error writing to Modbus register: no connection to modbus server
[2025-03-01T08:21:22.065Z] ❌ Error reading register 1000 for IP 10.30.4.91: no connection to modbus server
[2025-03-01T08:21:22.066Z] Error reading actual data: no connection to modbus server
[2025-03-01T08:21:22.066Z] Error writing to Modbus register: no connection to modbus server
[2025-03-01T08:21:22.967Z] Error reading register 3105 for IP 10.30.4.91: no connection to modbus server
[2025-03-01T08:21:22.967Z] ❌ Error reading register 1000 for IP 10.30.4.91: no connection to modbus server
[2025-03-01T08:21:22.967Z] Error reading actual data: no connection to modbus server
[2025-03-01T08:21:22.969Z] Error writing to Modbus register: no connection to modbus server
[2025-03-01T08:21:22.970Z] Error reading register 3105 for IP 10.30.4.91: no connection to modbus server
[2025-03-01T08:21:22.971Z] ❌ Error reading register 1000 for IP 10.30.4.91: no connection to modbus server
[2025-03-01T08:21:22.971Z] Error reading actual data: no connection to modbus server
[2025-03-01T08:21:22.971Z] Error writing to Modbus register: no connection to modbus server
[2025-03-01T08:21:22.973Z] Error reading register 3105 for IP 10.30.4.91: no connection to modbus server
[2025-03-01T08:21:22.973Z] ❌ Error reading register 1000 for IP 10.30.4.91: no connection to modbus server
[2025-03-01T08:21:22.973Z] Error reading actual data: no connection to modbus server
[2025-03-01T08:21:22.973Z] Error writing to Modbus register: no connection to modbus server
[2025-03-01T08:21:23.033Z] Error reading register 3105 for IP 10.30.4.91: no connection to modbus server
[2025-03-01T08:21:23.033Z] ❌ Error reading register 1000 for IP 10.30.4.91: no connection to modbus server
[2025-03-01T08:21:23.033Z] Error reading actual data: no connection to modbus server
[2025-03-01T08:21:23.033Z] Error writing to Modbus register: no connection to modbus server
[2025-03-01T08:21:23.079Z] Error reading register 3105 for IP 10.30.4.91: no connection to modbus server
[2025-03-01T08:21:23.079Z] ❌ Error reading register 1000 for IP 10.30.4.91: no connection to modbus server
[2025-03-01T08:21:23.079Z] Error reading actual data: no connection to modbus server
[2025-03-01T08:21:23.079Z] Error writing to Modbus register: no connection to modbus server
[2025-03-01T08:21:23.080Z] Error reading register 3105 for IP 10.30.4.91: no connection to modbus server
[2025-03-01T08:21:23.080Z] ❌ Error reading register 1000 for IP 10.30.4.91: no connection to modbus server
[2025-03-01T08:21:23.080Z] Error reading actual data: no connection to modbus server
[2025-03-01T08:21:23.081Z] Error writing to Modbus register: no connection to modbus server
[2025-03-01T08:21:23.975Z] ❌ Error reading register 1000 for IP 10.30.4.91: no connection to modbus server
[2025-03-01T08:21:23.974Z] Error reading register 3105 for IP 10.30.4.91: no connection to modbus server
[2025-03-01T08:21:23.975Z] Error reading actual data: no connection to modbus server
[2025-03-01T08:21:23.977Z] ❌ Error reading register 1000 for IP 10.30.4.91: no connection to modbus server
[2025-03-01T08:21:23.978Z] Error reading actual data: no connection to modbus server
[2025-03-01T08:21:23.978Z] Error writing to Modbus register: no connection to modbus server
[2025-03-01T08:21:23.979Z] Error reading register 3105 for IP 10.30.4.91: no connection to modbus server
[2025-03-01T08:21:23.976Z] Error writing to Modbus register: no connection to modbus server
[2025-03-01T08:21:23.977Z] Error reading register 3105 for IP 10.30.4.91: no connection to modbus server
[2025-03-01T08:21:23.979Z] ❌ Error reading register 1000 for IP 10.30.4.91: no connection to modbus server
[2025-03-01T08:21:23.979Z] Error reading actual data: no connection to modbus server
[2025-03-01T08:21:23.980Z] Error writing to Modbus register: no connection to modbus server
[2025-03-01T08:21:24.034Z] Error reading register 3105 for IP 10.30.4.91: no connection to modbus server
[2025-03-01T08:21:24.034Z] ❌ Error reading register 1000 for IP 10.30.4.91: no connection to modbus server
[2025-03-01T08:21:24.035Z] Error reading actual data: no connection to modbus server
[2025-03-01T08:21:24.036Z] Error writing to Modbus register: no connection to modbus server
[2025-03-01T08:21:24.086Z] Error reading register 3105 for IP 10.30.4.91: no connection to modbus server
[2025-03-01T08:21:24.086Z] ❌ Error reading register 1000 for IP 10.30.4.91: no connection to modbus server
[2025-03-01T08:21:24.086Z] Error reading actual data: no connection to modbus server
[2025-03-01T08:21:24.087Z] Error writing to Modbus register: no connection to modbus server
[2025-03-01T08:21:24.087Z] Error reading register 3105 for IP 10.30.4.91: no connection to modbus server
[2025-03-01T08:21:24.088Z] Error reading actual data: no connection to modbus server
[2025-03-01T08:21:24.087Z] ❌ Error reading register 1000 for IP 10.30.4.91: no connection to modbus server
[2025-03-01T08:21:24.088Z] Error writing to Modbus register: no connection to modbus server
[2025-03-01T08:21:24.983Z] Error reading register 3105 for IP 10.30.4.91: no connection to modbus server
[2025-03-01T08:21:24.983Z] ❌ Error reading register 1000 for IP 10.30.4.91: no connection to modbus server
[2025-03-01T08:21:24.985Z] Error writing to Modbus register: no connection to modbus server
[2025-03-01T08:21:24.986Z] Error reading register 3105 for IP 10.30.4.91: no connection to modbus server
[2025-03-01T08:21:24.984Z] Error reading actual data: no connection to modbus server
[2025-03-01T08:21:24.987Z] ❌ Error reading register 1000 for IP 10.30.4.91: no connection to modbus server
[2025-03-01T08:21:24.987Z] Error reading actual data: no connection to modbus server
[2025-03-01T08:21:24.988Z] Error writing to Modbus register: no connection to modbus server
[2025-03-01T08:21:24.988Z] Error reading register 3105 for IP 10.30.4.91: no connection to modbus server
[2025-03-01T08:21:24.988Z] ❌ Error reading register 1000 for IP 10.30.4.91: no connection to modbus server
[2025-03-01T08:21:24.988Z] Error reading actual data: no connection to modbus server
[2025-03-01T08:21:24.989Z] Error writing to Modbus register: no connection to modbus server
[2025-03-01T08:21:25.033Z] Error reading register 3105 for IP 10.30.4.91: no connection to modbus server
[2025-03-01T08:21:25.034Z] ❌ Error reading register 1000 for IP 10.30.4.91: no connection to modbus server
[2025-03-01T08:21:25.034Z] Error reading actual data: no connection to modbus server
[2025-03-01T08:21:25.036Z] Error writing to Modbus register: no connection to modbus server
[2025-03-01T08:21:25.099Z] Error reading register 3105 for IP 10.30.4.91: no connection to modbus server
[2025-03-01T08:21:25.099Z] ❌ Error reading register 1000 for IP 10.30.4.91: no connection to modbus server
[2025-03-01T08:21:25.099Z] Error reading actual data: no connection to modbus server
[2025-03-01T08:21:25.099Z] Error writing to Modbus register: no connection to modbus server
[2025-03-01T08:21:25.100Z] Error reading register 3105 for IP 10.30.4.91: no connection to modbus server
[2025-03-01T08:21:25.100Z] ❌ Error reading register 1000 for IP 10.30.4.91: no connection to modbus server
[2025-03-01T08:21:25.101Z] Error reading actual data: no connection to modbus server
[2025-03-01T08:21:25.101Z] Error writing to Modbus register: no connection to modbus server
[2025-03-01T08:21:25.983Z] Error reading register 3105 for IP 10.30.4.91: no connection to modbus server
[2025-03-01T08:21:25.983Z] ❌ Error reading register 1000 for IP 10.30.4.91: no connection to modbus server
[2025-03-01T08:21:25.984Z] Error reading actual data: no connection to modbus server
[2025-03-01T08:21:25.984Z] Error writing to Modbus register: no connection to modbus server
[2025-03-01T08:21:25.999Z] Error reading register 3105 for IP 10.30.4.91: no connection to modbus server
[2025-03-01T08:21:25.999Z] ❌ Error reading register 1000 for IP 10.30.4.91: no connection to modbus server
[2025-03-01T08:21:26.000Z] Error writing to Modbus register: no connection to modbus server
[2025-03-01T08:21:26.000Z] Error reading register 3105 for IP 10.30.4.91: no connection to modbus server
[2025-03-01T08:21:26.000Z] ❌ Error reading register 1000 for IP 10.30.4.91: no connection to modbus server
[2025-03-01T08:21:26.000Z] Error reading actual data: no connection to modbus server
[2025-03-01T08:21:25.999Z] Error reading actual data: no connection to modbus server
[2025-03-01T08:21:26.001Z] Error writing to Modbus register: no connection to modbus server
[2025-03-01T08:21:26.034Z] Error reading register 3105 for IP 10.30.4.91: no connection to modbus server
[2025-03-01T08:21:26.035Z] ❌ Error reading register 1000 for IP 10.30.4.91: no connection to modbus server
[2025-03-01T08:21:26.035Z] Error reading actual data: no connection to modbus server
[2025-03-01T08:21:26.036Z] Error writing to Modbus register: no connection to modbus server
[2025-03-01T08:21:26.100Z] Error reading register 3105 for IP 10.30.4.91: no connection to modbus server
[2025-03-01T08:21:26.100Z] ❌ Error reading register 1000 for IP 10.30.4.91: no connection to modbus server
[2025-03-01T08:21:26.101Z] Error reading actual data: no connection to modbus server
[2025-03-01T08:21:26.101Z] Error writing to Modbus register: no connection to modbus server
[2025-03-01T08:21:26.101Z] Error reading register 3105 for IP 10.30.4.91: no connection to modbus server
[2025-03-01T08:21:26.102Z] ❌ Error reading register 1000 for IP 10.30.4.91: no connection to modbus server
[2025-03-01T08:21:26.102Z] Error reading actual data: no connection to modbus server
[2025-03-01T08:21:26.102Z] Error writing to Modbus register: no connection to modbus server
[2025-03-01T08:21:26.999Z] Error reading register 3105 for IP 10.30.4.91: no connection to modbus server
[2025-03-01T08:21:27.000Z] ❌ Error reading register 1000 for IP 10.30.4.91: no connection to modbus server
[2025-03-01T08:21:27.000Z] Error reading actual data: no connection to modbus server
[2025-03-01T08:21:27.002Z] Error writing to Modbus register: no connection to modbus server
[2025-03-01T08:21:27.003Z] Error reading register 3105 for IP 10.30.4.91: no connection to modbus server
[2025-03-01T08:21:27.003Z] ❌ Error reading register 1000 for IP 10.30.4.91: no connection to modbus server
[2025-03-01T08:21:27.003Z] Error reading actual data: no connection to modbus server
[2025-03-01T08:21:27.004Z] Error writing to Modbus register: no connection to modbus server
[2025-03-01T08:21:27.005Z] Error reading actual data: no connection to modbus server
[2025-03-01T08:21:27.004Z] ❌ Error reading register 1000 for IP 10.30.4.91: no connection to modbus server
[2025-03-01T08:21:27.005Z] Error writing to Modbus register: no connection to modbus server
[2025-03-01T08:21:27.004Z] Error reading register 3105 for IP 10.30.4.91: no connection to modbus server
[2025-03-01T08:21:27.048Z] Error reading register 3105 for IP 10.30.4.91: no connection to modbus server
[2025-03-01T08:21:27.049Z] ❌ Error reading register 1000 for IP 10.30.4.91: no connection to modbus server
[2025-03-01T08:21:27.049Z] Error reading actual data: no connection to modbus server
[2025-03-01T08:21:27.050Z] Error writing to Modbus register: no connection to modbus server
[2025-03-01T08:21:27.115Z] Error reading register 3105 for IP 10.30.4.91: no connection to modbus server
[2025-03-01T08:21:27.115Z] Error reading actual data: no connection to modbus server
[2025-03-01T08:21:27.115Z] ❌ Error reading register 1000 for IP 10.30.4.91: no connection to modbus server
[2025-03-01T08:21:27.116Z] Error writing to Modbus register: no connection to modbus server
[2025-03-01T08:21:27.116Z] Error reading register 3105 for IP 10.30.4.91: no connection to modbus server
[2025-03-01T08:21:27.116Z] ❌ Error reading register 1000 for IP 10.30.4.91: no connection to modbus server
[2025-03-01T08:21:27.116Z] Error reading actual data: no connection to modbus server
[2025-03-01T08:21:27.116Z] Error writing to Modbus register: no connection to modbus server
[2025-03-01T08:21:27.999Z] Error reading register 3105 for IP 10.30.4.91: no connection to modbus server
[2025-03-01T08:21:27.999Z] ❌ Error reading register 1000 for IP 10.30.4.91: no connection to modbus server
[2025-03-01T08:21:27.999Z] Error reading actual data: no connection to modbus server
[2025-03-01T08:21:28.014Z] Error writing to Modbus register: no connection to modbus server
[2025-03-01T08:21:28.014Z] Error reading register 3105 for IP 10.30.4.91: no connection to modbus server
[2025-03-01T08:21:28.015Z] ❌ Error reading register 1000 for IP 10.30.4.91: no connection to modbus server
[2025-03-01T08:21:28.015Z] Error reading actual data: no connection to modbus server
[2025-03-01T08:21:28.016Z] Error writing to Modbus register: no connection to modbus server
[2025-03-01T08:21:28.017Z] Error reading register 3105 for IP 10.30.4.91: no connection to modbus server
[2025-03-01T08:21:28.017Z] ❌ Error reading register 1000 for IP 10.30.4.91: no connection to modbus server
[2025-03-01T08:21:28.017Z] Error reading actual data: no connection to modbus server
[2025-03-01T08:21:28.018Z] Error writing to Modbus register: no connection to modbus server
[2025-03-01T08:21:28.050Z] Error reading register 3105 for IP 10.30.4.91: no connection to modbus server
[2025-03-01T08:21:28.051Z] ❌ Error reading register 1000 for IP 10.30.4.91: no connection to modbus server
[2025-03-01T08:21:28.051Z] Error reading actual data: no connection to modbus server
[2025-03-01T08:21:28.052Z] Error writing to Modbus register: no connection to modbus server
[2025-03-01T08:21:28.116Z] Error reading register 3105 for IP 10.30.4.91: no connection to modbus server
[2025-03-01T08:21:28.116Z] ❌ Error reading register 1000 for IP 10.30.4.91: no connection to modbus server
[2025-03-01T08:21:28.116Z] Error reading actual data: no connection to modbus server
[2025-03-01T08:21:28.116Z] Error writing to Modbus register: no connection to modbus server
[2025-03-01T08:21:28.117Z] Error reading register 3105 for IP 10.30.4.91: no connection to modbus server
[2025-03-01T08:21:28.117Z] ❌ Error reading register 1000 for IP 10.30.4.91: no connection to modbus server
[2025-03-01T08:21:28.117Z] Error reading actual data: no connection to modbus server
[2025-03-01T08:21:28.117Z] Error writing to Modbus register: no connection to modbus server
[2025-03-01T08:21:29.014Z] Error reading register 3105 for IP 10.30.4.91: no connection to modbus server
[2025-03-01T08:21:29.015Z] ❌ Error reading register 1000 for IP 10.30.4.91: no connection to modbus server
[2025-03-01T08:21:29.015Z] Error reading actual data: no connection to modbus server
[2025-03-01T08:21:29.018Z] Error reading register 3105 for IP 10.30.4.91: no connection to modbus server
[2025-03-01T08:21:29.017Z] Error writing to Modbus register: no connection to modbus server
[2025-03-01T08:21:29.019Z] ❌ Error reading register 1000 for IP 10.30.4.91: no connection to modbus server
[2025-03-01T08:21:29.019Z] Error reading actual data: no connection to modbus server
[2025-03-01T08:21:29.019Z] Error writing to Modbus register: no connection to modbus server
[2025-03-01T08:21:29.024Z] Error reading register 3105 for IP 10.30.4.91: no connection to modbus server
[2025-03-01T08:21:29.024Z] ❌ Error reading register 1000 for IP 10.30.4.91: no connection to modbus server
[2025-03-01T08:21:29.024Z] Error reading actual data: no connection to modbus server
[2025-03-01T08:21:29.025Z] Error writing to Modbus register: no connection to modbus server
[2025-03-01T08:21:29.057Z] Error reading register 3105 for IP 10.30.4.91: no connection to modbus server
[2025-03-01T08:21:29.057Z] ❌ Error reading register 1000 for IP 10.30.4.91: no connection to modbus server
[2025-03-01T08:21:29.058Z] Error reading actual data: no connection to modbus server
[2025-03-01T08:21:29.059Z] Error writing to Modbus register: no connection to modbus server
[2025-03-01T08:21:29.119Z] ❌ Error reading register 1000 for IP 10.30.4.91: no connection to modbus server
[2025-03-01T08:21:29.119Z] Error writing to Modbus register: no connection to modbus server
[2025-03-01T08:21:29.119Z] Error reading register 3105 for IP 10.30.4.91: no connection to modbus server
[2025-03-01T08:21:29.118Z] Error reading register 3105 for IP 10.30.4.91: no connection to modbus server
[2025-03-01T08:21:29.119Z] Error reading actual data: no connection to modbus server
[2025-03-01T08:21:29.120Z] ❌ Error reading register 1000 for IP 10.30.4.91: no connection to modbus server
[2025-03-01T08:21:29.120Z] Error writing to Modbus register: no connection to modbus server
[2025-03-01T08:21:29.120Z] Error reading actual data: no connection to modbus server
[2025-03-01T08:21:30.017Z] Error reading register 3105 for IP 10.30.4.91: no connection to modbus server
[2025-03-01T08:21:30.018Z] ❌ Error reading register 1000 for IP 10.30.4.91: no connection to modbus server
[2025-03-01T08:21:30.018Z] Error reading actual data: no connection to modbus server
[2025-03-01T08:21:30.019Z] Error writing to Modbus register: no connection to modbus server
[2025-03-01T08:21:30.021Z] Error reading register 3105 for IP 10.30.4.91: no connection to modbus server
[2025-03-01T08:21:30.021Z] ❌ Error reading register 1000 for IP 10.30.4.91: no connection to modbus server
[2025-03-01T08:21:30.022Z] Error reading actual data: no connection to modbus server
[2025-03-01T08:21:30.022Z] Error writing to Modbus register: no connection to modbus server
[2025-03-01T08:21:30.024Z] Error reading register 3105 for IP 10.30.4.91: no connection to modbus server
[2025-03-01T08:21:30.025Z] ❌ Error reading register 1000 for IP 10.30.4.91: no connection to modbus server
[2025-03-01T08:21:30.025Z] Error reading actual data: no connection to modbus server
[2025-03-01T08:21:30.026Z] Error writing to Modbus register: no connection to modbus server
[2025-03-01T08:21:30.067Z] ❌ Error reading register 1000 for IP 10.30.4.91: no connection to modbus server
[2025-03-01T08:21:30.068Z] Error reading actual data: no connection to modbus server
[2025-03-01T08:21:30.067Z] Error reading register 3105 for IP 10.30.4.91: no connection to modbus server
[2025-03-01T08:21:30.069Z] Error writing to Modbus register: no connection to modbus server
[2025-03-01T08:21:30.120Z] Error reading register 3105 for IP 10.30.4.91: no connection to modbus server
[2025-03-01T08:21:30.121Z] ❌ Error reading register 1000 for IP 10.30.4.91: no connection to modbus server
[2025-03-01T08:21:30.121Z] Error reading actual data: no connection to modbus server
[2025-03-01T08:21:30.121Z] Error writing to Modbus register: no connection to modbus server
[2025-03-01T08:21:30.122Z] Error reading register 3105 for IP 10.30.4.91: no connection to modbus server
[2025-03-01T08:21:30.122Z] ❌ Error reading register 1000 for IP 10.30.4.91: no connection to modbus server
[2025-03-01T08:21:30.122Z] Error reading actual data: no connection to modbus server
[2025-03-01T08:21:30.122Z] Error writing to Modbus register: no connection to modbus server
[2025-03-01T08:21:31.033Z] Error reading actual data: no connection to modbus server
[2025-03-01T08:21:31.033Z] ❌ Error reading register 1000 for IP 10.30.4.91: no connection to modbus server
[2025-03-01T08:21:31.032Z] Error reading register 3105 for IP 10.30.4.91: no connection to modbus server
[2025-03-01T08:21:31.036Z] ❌ Error reading register 1000 for IP 10.30.4.91: no connection to modbus server
[2025-03-01T08:21:31.034Z] Error writing to Modbus register: no connection to modbus server
[2025-03-01T08:21:31.036Z] Error reading register 3105 for IP 10.30.4.91: no connection to modbus server
[2025-03-01T08:21:31.036Z] Error reading actual data: no connection to modbus server
[2025-03-01T08:21:31.036Z] Error writing to Modbus register: no connection to modbus server
[2025-03-01T08:21:31.037Z] Error reading actual data: no connection to modbus server
[2025-03-01T08:21:31.037Z] Error writing to Modbus register: no connection to modbus server
[2025-03-01T08:21:31.037Z] Error reading register 3105 for IP 10.30.4.91: no connection to modbus server
[2025-03-01T08:21:31.037Z] ❌ Error reading register 1000 for IP 10.30.4.91: no connection to modbus server
[2025-03-01T08:21:31.080Z] Error reading register 3105 for IP 10.30.4.91: no connection to modbus server
[2025-03-01T08:21:31.081Z] ❌ Error reading register 1000 for IP 10.30.4.91: no connection to modbus server
[2025-03-01T08:21:31.082Z] Error reading actual data: no connection to modbus server
[2025-03-01T08:21:31.083Z] Error writing to Modbus register: no connection to modbus server
[2025-03-01T08:21:31.134Z] Error reading register 3105 for IP 10.30.4.91: no connection to modbus server
[2025-03-01T08:21:31.135Z] ❌ Error reading register 1000 for IP 10.30.4.91: no connection to modbus server
[2025-03-01T08:21:31.135Z] Error reading actual data: no connection to modbus server
[2025-03-01T08:21:31.135Z] Error writing to Modbus register: no connection to modbus server
[2025-03-01T08:21:31.135Z] Error reading register 3105 for IP 10.30.4.91: no connection to modbus server
[2025-03-01T08:21:31.136Z] ❌ Error reading register 1000 for IP 10.30.4.91: no connection to modbus server
[2025-03-01T08:21:31.136Z] Error reading actual data: no connection to modbus server
[2025-03-01T08:21:31.136Z] Error writing to Modbus register: no connection to modbus server
[2025-03-01T08:21:32.049Z] Error reading register 3105 for IP 10.30.4.91: no connection to modbus server
[2025-03-01T08:21:32.049Z] ❌ Error reading register 1000 for IP 10.30.4.91: no connection to modbus server
[2025-03-01T08:21:32.050Z] Error reading actual data: no connection to modbus server
[2025-03-01T08:21:32.050Z] Error writing to Modbus register: no connection to modbus server
[2025-03-01T08:21:32.051Z] Error reading register 3105 for IP 10.30.4.91: no connection to modbus server
[2025-03-01T08:21:32.051Z] ❌ Error reading register 1000 for IP 10.30.4.91: no connection to modbus server
[2025-03-01T08:21:32.052Z] Error reading actual data: no connection to modbus server
[2025-03-01T08:21:32.052Z] Error writing to Modbus register: no connection to modbus server
[2025-03-01T08:21:32.053Z] Error reading register 3105 for IP 10.30.4.91: no connection to modbus server
[2025-03-01T08:21:32.053Z] ❌ Error reading register 1000 for IP 10.30.4.91: no connection to modbus server
[2025-03-01T08:21:32.053Z] Error reading actual data: no connection to modbus server
[2025-03-01T08:21:32.053Z] Error writing to Modbus register: no connection to modbus server
[2025-03-01T08:21:32.083Z] Error reading register 3105 for IP 10.30.4.91: no connection to modbus server
[2025-03-01T08:21:32.083Z] ❌ Error reading register 1000 for IP 10.30.4.91: no connection to modbus server
[2025-03-01T08:21:32.084Z] Error reading actual data: no connection to modbus server
[2025-03-01T08:21:32.085Z] Error writing to Modbus register: no connection to modbus server
[2025-03-01T08:21:32.149Z] Error reading register 3105 for IP 10.30.4.91: no connection to modbus server
[2025-03-01T08:21:32.149Z] ❌ Error reading register 1000 for IP 10.30.4.91: no connection to modbus server
[2025-03-01T08:21:32.150Z] ❌ Error reading register 1000 for IP 10.30.4.91: no connection to modbus server
[2025-03-01T08:21:32.150Z] Error reading actual data: no connection to modbus server
[2025-03-01T08:21:32.150Z] Error writing to Modbus register: no connection to modbus server
[2025-03-01T08:21:32.150Z] Error reading register 3105 for IP 10.30.4.91: no connection to modbus server
[2025-03-01T08:21:32.149Z] Error reading actual data: no connection to modbus server
[2025-03-01T08:21:32.150Z] Error writing to Modbus register: no connection to modbus server
[2025-03-01T08:21:33.060Z] Error reading register 3105 for IP 10.30.4.91: no connection to modbus server
[2025-03-01T08:21:33.060Z] ❌ Error reading register 1000 for IP 10.30.4.91: no connection to modbus server
[2025-03-01T08:21:33.060Z] Error reading actual data: no connection to modbus server
[2025-03-01T08:21:33.060Z] Error writing to Modbus register: no connection to modbus server
[2025-03-01T08:21:33.061Z] Error reading register 3105 for IP 10.30.4.91: no connection to modbus server
[2025-03-01T08:21:33.061Z] ❌ Error reading register 1000 for IP 10.30.4.91: no connection to modbus server
[2025-03-01T08:21:33.061Z] Error reading actual data: no connection to modbus server
[2025-03-01T08:21:33.061Z] Error writing to Modbus register: no connection to modbus server
[2025-03-01T08:21:33.062Z] Error reading register 3105 for IP 10.30.4.91: no connection to modbus server
[2025-03-01T08:21:33.062Z] ❌ Error reading register 1000 for IP 10.30.4.91: no connection to modbus server
[2025-03-01T08:21:33.062Z] Error reading actual data: no connection to modbus server
[2025-03-01T08:21:33.062Z] Error writing to Modbus register: no connection to modbus server
[2025-03-01T08:21:33.097Z] Error reading register 3105 for IP 10.30.4.91: no connection to modbus server
[2025-03-01T08:21:33.097Z] ❌ Error reading register 1000 for IP 10.30.4.91: no connection to modbus server
[2025-03-01T08:21:33.097Z] Error reading actual data: no connection to modbus server
[2025-03-01T08:21:33.098Z] Error writing to Modbus register: no connection to modbus server
[2025-03-01T08:21:33.166Z] Error reading register 3105 for IP 10.30.4.91: no connection to modbus server
[2025-03-01T08:21:33.166Z] ❌ Error reading register 1000 for IP 10.30.4.91: no connection to modbus server
[2025-03-01T08:21:33.167Z] Error reading actual data: no connection to modbus server
[2025-03-01T08:21:33.167Z] Error writing to Modbus register: no connection to modbus server
[2025-03-01T08:21:33.167Z] Error reading register 3105 for IP 10.30.4.91: no connection to modbus server
[2025-03-01T08:21:33.168Z] ❌ Error reading register 1000 for IP 10.30.4.91: no connection to modbus server
[2025-03-01T08:21:33.168Z] Error reading actual data: no connection to modbus server
[2025-03-01T08:21:33.168Z] Error writing to Modbus register: no connection to modbus server
[2025-03-01T08:21:34.068Z] Error reading register 3105 for IP 10.30.4.91: no connection to modbus server
[2025-03-01T08:21:34.068Z] ❌ Error reading register 1000 for IP 10.30.4.91: no connection to modbus server
[2025-03-01T08:21:34.069Z] Error reading actual data: no connection to modbus server
[2025-03-01T08:21:34.071Z] Error writing to Modbus register: no connection to modbus server
[2025-03-01T08:21:34.072Z] Error reading register 3105 for IP 10.30.4.91: no connection to modbus server
[2025-03-01T08:21:34.072Z] ❌ Error reading register 1000 for IP 10.30.4.91: no connection to modbus server
[2025-03-01T08:21:34.072Z] Error reading actual data: no connection to modbus server
[2025-03-01T08:21:34.073Z] Error reading register 3105 for IP 10.30.4.91: no connection to modbus server
[2025-03-01T08:21:34.073Z] Error writing to Modbus register: no connection to modbus server
[2025-03-01T08:21:34.073Z] ❌ Error reading register 1000 for IP 10.30.4.91: no connection to modbus server
[2025-03-01T08:21:34.074Z] Error reading actual data: no connection to modbus server
[2025-03-01T08:21:34.074Z] Error writing to Modbus register: no connection to modbus server
[2025-03-01T08:21:34.100Z] Error reading register 3105 for IP 10.30.4.91: no connection to modbus server
[2025-03-01T08:21:34.100Z] Error reading actual data: no connection to modbus server
[2025-03-01T08:21:34.100Z] ❌ Error reading register 1000 for IP 10.30.4.91: no connection to modbus server
[2025-03-01T08:21:34.101Z] Error writing to Modbus register: no connection to modbus server
[2025-03-01T08:21:34.174Z] Error reading register 3105 for IP 10.30.4.91: no connection to modbus server
[2025-03-01T08:21:34.174Z] ❌ Error reading register 1000 for IP 10.30.4.91: no connection to modbus server
[2025-03-01T08:21:34.175Z] Error writing to Modbus register: no connection to modbus server
[2025-03-01T08:21:34.175Z] Error reading register 3105 for IP 10.30.4.91: no connection to modbus server
[2025-03-01T08:21:34.174Z] Error reading actual data: no connection to modbus server
[2025-03-01T08:21:34.175Z] Error reading actual data: no connection to modbus server
[2025-03-01T08:21:34.175Z] Error writing to Modbus register: no connection to modbus server
[2025-03-01T08:21:34.175Z] ❌ Error reading register 1000 for IP 10.30.4.91: no connection to modbus server
[2025-03-01T08:21:35.081Z] Error reading register 3105 for IP 10.30.4.91: no connection to modbus server
[2025-03-01T08:21:35.082Z] ❌ Error reading register 1000 for IP 10.30.4.91: no connection to modbus server
[2025-03-01T08:21:35.085Z] Error reading register 3105 for IP 10.30.4.91: no connection to modbus server
[2025-03-01T08:21:35.085Z] ❌ Error reading register 1000 for IP 10.30.4.91: no connection to modbus server
[2025-03-01T08:21:35.085Z] Error reading actual data: no connection to modbus server
[2025-03-01T08:21:35.082Z] Error reading actual data: no connection to modbus server
[2025-03-01T08:21:35.083Z] Error writing to Modbus register: no connection to modbus server
[2025-03-01T08:21:35.085Z] Error writing to Modbus register: no connection to modbus server
[2025-03-01T08:21:35.085Z] Error reading register 3105 for IP 10.30.4.91: no connection to modbus server
[2025-03-01T08:21:35.086Z] ❌ Error reading register 1000 for IP 10.30.4.91: no connection to modbus server
[2025-03-01T08:21:35.086Z] Error reading actual data: no connection to modbus server
[2025-03-01T08:21:35.086Z] Error writing to Modbus register: no connection to modbus server
[2025-03-01T08:21:35.111Z] Error reading register 3105 for IP 10.30.4.91: no connection to modbus server
[2025-03-01T08:21:35.111Z] ❌ Error reading register 1000 for IP 10.30.4.91: no connection to modbus server
[2025-03-01T08:21:35.111Z] Error writing to Modbus register: no connection to modbus server
[2025-03-01T08:21:35.111Z] Error reading actual data: no connection to modbus server
[2025-03-01T08:21:35.179Z] Error reading register 3105 for IP 10.30.4.91: no connection to modbus server
[2025-03-01T08:21:35.180Z] ❌ Error reading register 1000 for IP 10.30.4.91: no connection to modbus server
[2025-03-01T08:21:35.180Z] Error reading actual data: no connection to modbus server
[2025-03-01T08:21:35.180Z] Error writing to Modbus register: no connection to modbus server
[2025-03-01T08:21:35.180Z] Error reading register 3105 for IP 10.30.4.91: no connection to modbus server
[2025-03-01T08:21:35.181Z] ❌ Error reading register 1000 for IP 10.30.4.91: no connection to modbus server
[2025-03-01T08:21:35.181Z] Error reading actual data: no connection to modbus server
[2025-03-01T08:21:35.181Z] Error writing to Modbus register: no connection to modbus server
[2025-03-01T08:21:36.081Z] Error reading register 3105 for IP 10.30.4.91: no connection to modbus server
[2025-03-01T08:21:36.082Z] ❌ Error reading register 1000 for IP 10.30.4.91: no connection to modbus server
[2025-03-01T08:21:36.082Z] Error reading actual data: no connection to modbus server
[2025-03-01T08:21:36.083Z] Error writing to Modbus register: no connection to modbus server
[2025-03-01T08:21:36.085Z] ❌ Error reading register 1000 for IP 10.30.4.91: no connection to modbus server
[2025-03-01T08:21:36.085Z] Error reading register 3105 for IP 10.30.4.91: no connection to modbus server
[2025-03-01T08:21:36.085Z] Error reading actual data: no connection to modbus server
[2025-03-01T08:21:36.086Z] Error writing to Modbus register: no connection to modbus server
[2025-03-01T08:21:36.086Z] ❌ Error reading register 1000 for IP 10.30.4.91: no connection to modbus server
[2025-03-01T08:21:36.086Z] Error reading register 3105 for IP 10.30.4.91: no connection to modbus server
[2025-03-01T08:21:36.087Z] Error reading actual data: no connection to modbus server
[2025-03-01T08:21:36.087Z] Error writing to Modbus register: no connection to modbus server
[2025-03-01T08:21:36.117Z] Error reading register 3105 for IP 10.30.4.91: no connection to modbus server
[2025-03-01T08:21:36.117Z] ❌ Error reading register 1000 for IP 10.30.4.91: no connection to modbus server
[2025-03-01T08:21:36.118Z] Error reading actual data: no connection to modbus server
[2025-03-01T08:21:36.118Z] Error writing to Modbus register: no connection to modbus server
[2025-03-01T08:21:36.190Z] Error reading register 3105 for IP 10.30.4.91: no connection to modbus server
[2025-03-01T08:21:36.190Z] ❌ Error reading register 1000 for IP 10.30.4.91: no connection to modbus server
[2025-03-01T08:21:36.190Z] Error reading actual data: no connection to modbus server
[2025-03-01T08:21:36.191Z] Error writing to Modbus register: no connection to modbus server
[2025-03-01T08:21:36.191Z] Error reading register 3105 for IP 10.30.4.91: no connection to modbus server
[2025-03-01T08:21:36.191Z] ❌ Error reading register 1000 for IP 10.30.4.91: no connection to modbus server
[2025-03-01T08:21:36.191Z] Error reading actual data: no connection to modbus server
[2025-03-01T08:21:36.192Z] Error writing to Modbus register: no connection to modbus server
[2025-03-01T08:21:37.084Z] Error reading register 3105 for IP 10.30.4.91: no connection to modbus server
[2025-03-01T08:21:37.085Z] ❌ Error reading register 1000 for IP 10.30.4.91: no connection to modbus server
[2025-03-01T08:21:37.085Z] Error reading actual data: no connection to modbus server
[2025-03-01T08:21:37.086Z] Error writing to Modbus register: no connection to modbus server
[2025-03-01T08:21:37.088Z] Error reading register 3105 for IP 10.30.4.91: no connection to modbus server
[2025-03-01T08:21:37.089Z] ❌ Error reading register 1000 for IP 10.30.4.91: no connection to modbus server
[2025-03-01T08:21:37.089Z] Error reading actual data: no connection to modbus server
[2025-03-01T08:21:37.089Z] Error reading register 3105 for IP 10.30.4.91: no connection to modbus server
[2025-03-01T08:21:37.089Z] ❌ Error reading register 1000 for IP 10.30.4.91: no connection to modbus server
[2025-03-01T08:21:37.089Z] Error writing to Modbus register: no connection to modbus server
[2025-03-01T08:21:37.089Z] Error reading actual data: no connection to modbus server
[2025-03-01T08:21:37.090Z] Error writing to Modbus register: no connection to modbus server
[2025-03-01T08:21:37.123Z] Error reading register 3105 for IP 10.30.4.91: no connection to modbus server
[2025-03-01T08:21:37.124Z] ❌ Error reading register 1000 for IP 10.30.4.91: no connection to modbus server
[2025-03-01T08:21:37.124Z] Error reading actual data: no connection to modbus server
[2025-03-01T08:21:37.124Z] Error writing to Modbus register: no connection to modbus server
[2025-03-01T08:21:37.201Z] Error reading register 3105 for IP 10.30.4.91: no connection to modbus server
[2025-03-01T08:21:37.202Z] ❌ Error reading register 1000 for IP 10.30.4.91: no connection to modbus server
[2025-03-01T08:21:37.202Z] Error reading actual data: no connection to modbus server
[2025-03-01T08:21:37.202Z] Error writing to Modbus register: no connection to modbus server
[2025-03-01T08:21:37.202Z] Error reading register 3105 for IP 10.30.4.91: no connection to modbus server
[2025-03-01T08:21:37.202Z] ❌ Error reading register 1000 for IP 10.30.4.91: no connection to modbus server
[2025-03-01T08:21:37.202Z] Error reading actual data: no connection to modbus server
[2025-03-01T08:21:37.203Z] Error writing to Modbus register: no connection to modbus server
[2025-03-01T08:21:38.100Z] Error reading register 3105 for IP 10.30.4.91: no connection to modbus server
[2025-03-01T08:21:38.100Z] ❌ Error reading register 1000 for IP 10.30.4.91: no connection to modbus server
[2025-03-01T08:21:38.100Z] Error reading actual data: no connection to modbus server
[2025-03-01T08:21:38.100Z] Error writing to Modbus register: no connection to modbus server
[2025-03-01T08:21:38.101Z] Error reading register 3105 for IP 10.30.4.91: no connection to modbus server
[2025-03-01T08:21:38.101Z] ❌ Error reading register 1000 for IP 10.30.4.91: no connection to modbus server
[2025-03-01T08:21:38.101Z] Error reading actual data: no connection to modbus server
[2025-03-01T08:21:38.101Z] Error writing to Modbus register: no connection to modbus server
[2025-03-01T08:21:38.102Z] Error reading register 3105 for IP 10.30.4.91: no connection to modbus server
[2025-03-01T08:21:38.102Z] ❌ Error reading register 1000 for IP 10.30.4.91: no connection to modbus server
[2025-03-01T08:21:38.102Z] Error reading actual data: no connection to modbus server
[2025-03-01T08:21:38.102Z] Error writing to Modbus register: no connection to modbus server
[2025-03-01T08:21:38.133Z] ❌ Error reading register 1000 for IP 10.30.4.91: no connection to modbus server
[2025-03-01T08:21:38.134Z] Error writing to Modbus register: no connection to modbus server
[2025-03-01T08:21:38.133Z] Error reading actual data: no connection to modbus server
[2025-03-01T08:21:38.133Z] Error reading register 3105 for IP 10.30.4.91: no connection to modbus server
[2025-03-01T08:21:38.207Z] Error reading register 3105 for IP 10.30.4.91: no connection to modbus server
[2025-03-01T08:21:38.208Z] ❌ Error reading register 1000 for IP 10.30.4.91: no connection to modbus server
[2025-03-01T08:21:38.208Z] Error reading actual data: no connection to modbus server
[2025-03-01T08:21:38.208Z] Error writing to Modbus register: no connection to modbus server
[2025-03-01T08:21:38.208Z] Error reading register 3105 for IP 10.30.4.91: no connection to modbus server
[2025-03-01T08:21:38.208Z] ❌ Error reading register 1000 for IP 10.30.4.91: no connection to modbus server
[2025-03-01T08:21:38.209Z] Error reading actual data: no connection to modbus server
[2025-03-01T08:21:38.209Z] Error writing to Modbus register: no connection to modbus server
[2025-03-01T08:21:39.118Z] Error reading register 3105 for IP 10.30.4.91: no connection to modbus server
[2025-03-01T08:21:39.118Z] ❌ Error reading register 1000 for IP 10.30.4.91: no connection to modbus server
[2025-03-01T08:21:39.121Z] Error reading register 3105 for IP 10.30.4.91: no connection to modbus server
[2025-03-01T08:21:39.122Z] ❌ Error reading register 1000 for IP 10.30.4.91: no connection to modbus server
[2025-03-01T08:21:39.122Z] Error reading actual data: no connection to modbus server
[2025-03-01T08:21:39.122Z] Error writing to Modbus register: no connection to modbus server
[2025-03-01T08:21:39.122Z] Error reading register 3105 for IP 10.30.4.91: no connection to modbus server
[2025-03-01T08:21:39.123Z] ❌ Error reading register 1000 for IP 10.30.4.91: no connection to modbus server
[2025-03-01T08:21:39.120Z] Error writing to Modbus register: no connection to modbus server
[2025-03-01T08:21:39.123Z] Error reading actual data: no connection to modbus server
[2025-03-01T08:21:39.123Z] Error writing to Modbus register: no connection to modbus server
[2025-03-01T08:21:39.119Z] Error reading actual data: no connection to modbus server
[2025-03-01T08:21:39.132Z] Error reading register 3105 for IP 10.30.4.91: no connection to modbus server
[2025-03-01T08:21:39.133Z] ❌ Error reading register 1000 for IP 10.30.4.91: no connection to modbus server
[2025-03-01T08:21:39.133Z] Error reading actual data: no connection to modbus server
[2025-03-01T08:21:39.134Z] Error writing to Modbus register: no connection to modbus server
[2025-03-01T08:21:39.216Z] ❌ Error reading register 1000 for IP 10.30.4.91: no connection to modbus server
[2025-03-01T08:21:39.216Z] Error writing to Modbus register: no connection to modbus server
[2025-03-01T08:21:39.216Z] Error reading register 3105 for IP 10.30.4.91: no connection to modbus server
[2025-03-01T08:21:39.217Z] ❌ Error reading register 1000 for IP 10.30.4.91: no connection to modbus server
[2025-03-01T08:21:39.216Z] Error reading register 3105 for IP 10.30.4.91: no connection to modbus server
[2025-03-01T08:21:39.217Z] Error reading actual data: no connection to modbus server
[2025-03-01T08:21:39.217Z] Error writing to Modbus register: no connection to modbus server
[2025-03-01T08:21:39.216Z] Error reading actual data: no connection to modbus server
[2025-03-01T08:21:40.132Z] Error reading register 3105 for IP 10.30.4.91: no connection to modbus server
[2025-03-01T08:21:40.134Z] Error reading actual data: no connection to modbus server
[2025-03-01T08:21:40.133Z] ❌ Error reading register 1000 for IP 10.30.4.91: no connection to modbus server
[2025-03-01T08:21:40.134Z] Error writing to Modbus register: no connection to modbus server
[2025-03-01T08:21:40.135Z] Error reading register 3105 for IP 10.30.4.91: no connection to modbus server
[2025-03-01T08:21:40.136Z] ❌ Error reading register 1000 for IP 10.30.4.91: no connection to modbus server
[2025-03-01T08:21:40.136Z] Error reading actual data: no connection to modbus server
[2025-03-01T08:21:40.137Z] Error writing to Modbus register: no connection to modbus server
[2025-03-01T08:21:40.137Z] Error reading register 3105 for IP 10.30.4.91: no connection to modbus server
[2025-03-01T08:21:40.138Z] ❌ Error reading register 1000 for IP 10.30.4.91: no connection to modbus server
[2025-03-01T08:21:40.138Z] Error reading actual data: no connection to modbus server
[2025-03-01T08:21:40.138Z] Error writing to Modbus register: no connection to modbus server
[2025-03-01T08:21:40.140Z] Error reading register 3105 for IP 10.30.4.91: no connection to modbus server
[2025-03-01T08:21:40.140Z] ❌ Error reading register 1000 for IP 10.30.4.91: no connection to modbus server
[2025-03-01T08:21:40.140Z] Error reading actual data: no connection to modbus server
[2025-03-01T08:21:40.140Z] Error writing to Modbus register: no connection to modbus server
[2025-03-01T08:21:40.216Z] Error reading register 3105 for IP 10.30.4.91: no connection to modbus server
[2025-03-01T08:21:40.217Z] ❌ Error reading register 1000 for IP 10.30.4.91: no connection to modbus server
[2025-03-01T08:21:40.217Z] Error reading actual data: no connection to modbus server
[2025-03-01T08:21:40.217Z] Error writing to Modbus register: no connection to modbus server
[2025-03-01T08:21:40.218Z] Error reading register 3105 for IP 10.30.4.91: no connection to modbus server
[2025-03-01T08:21:40.218Z] ❌ Error reading register 1000 for IP 10.30.4.91: no connection to modbus server
[2025-03-01T08:21:40.218Z] Error reading actual data: no connection to modbus server
[2025-03-01T08:21:40.219Z] Error writing to Modbus register: no connection to modbus server
[2025-03-01T08:21:41.133Z] Error reading register 3105 for IP 10.30.4.91: no connection to modbus server
[2025-03-01T08:21:41.134Z] ❌ Error reading register 1000 for IP 10.30.4.91: no connection to modbus server
[2025-03-01T08:21:41.134Z] Error reading actual data: no connection to modbus server
[2025-03-01T08:21:41.134Z] Error writing to Modbus register: no connection to modbus server
[2025-03-01T08:21:41.135Z] Error reading register 3105 for IP 10.30.4.91: no connection to modbus server
[2025-03-01T08:21:41.135Z] ❌ Error reading register 1000 for IP 10.30.4.91: no connection to modbus server
[2025-03-01T08:21:41.135Z] Error reading actual data: no connection to modbus server
[2025-03-01T08:21:41.136Z] Error writing to Modbus register: no connection to modbus server
[2025-03-01T08:21:41.149Z] Error reading register 3105 for IP 10.30.4.91: no connection to modbus server
[2025-03-01T08:21:41.149Z] ❌ Error reading register 1000 for IP 10.30.4.91: no connection to modbus server
[2025-03-01T08:21:41.149Z] Error reading actual data: no connection to modbus server
[2025-03-01T08:21:41.150Z] Error writing to Modbus register: no connection to modbus server
[2025-03-01T08:21:41.150Z] Error reading register 3105 for IP 10.30.4.91: no connection to modbus server
[2025-03-01T08:21:41.151Z] ❌ Error reading register 1000 for IP 10.30.4.91: no connection to modbus server
[2025-03-01T08:21:41.151Z] Error reading actual data: no connection to modbus server
[2025-03-01T08:21:41.151Z] Error writing to Modbus register: no connection to modbus server
[2025-03-01T08:21:41.231Z] Error reading register 3105 for IP 10.30.4.91: no connection to modbus server
[2025-03-01T08:21:41.231Z] ❌ Error reading register 1000 for IP 10.30.4.91: no connection to modbus server
[2025-03-01T08:21:41.231Z] Error reading actual data: no connection to modbus server
[2025-03-01T08:21:41.232Z] Error writing to Modbus register: no connection to modbus server
[2025-03-01T08:21:41.233Z] Error reading register 3105 for IP 10.30.4.91: no connection to modbus server
[2025-03-01T08:21:41.233Z] ❌ Error reading register 1000 for IP 10.30.4.91: no connection to modbus server
[2025-03-01T08:21:41.233Z] Error reading actual data: no connection to modbus server
[2025-03-01T08:21:41.233Z] Error writing to Modbus register: no connection to modbus server
[2025-03-01T08:21:42.151Z] Error reading register 3105 for IP 10.30.4.91: no connection to modbus server
[2025-03-01T08:21:42.151Z] ❌ Error reading register 1000 for IP 10.30.4.91: no connection to modbus server
[2025-03-01T08:21:42.152Z] Error reading actual data: no connection to modbus server
[2025-03-01T08:21:42.155Z] Error reading register 3105 for IP 10.30.4.91: no connection to modbus server
[2025-03-01T08:21:42.155Z] ❌ Error reading register 1000 for IP 10.30.4.91: no connection to modbus server
[2025-03-01T08:21:42.156Z] Error reading actual data: no connection to modbus server
[2025-03-01T08:21:42.153Z] Error writing to Modbus register: no connection to modbus server
[2025-03-01T08:21:42.157Z] Error writing to Modbus register: no connection to modbus server
[2025-03-01T08:21:42.158Z] Error reading register 3105 for IP 10.30.4.91: no connection to modbus server
[2025-03-01T08:21:42.159Z] ❌ Error reading register 1000 for IP 10.30.4.91: no connection to modbus server
[2025-03-01T08:21:42.159Z] Error reading actual data: no connection to modbus server
[2025-03-01T08:21:42.160Z] Error writing to Modbus register: no connection to modbus server
[2025-03-01T08:21:42.161Z] Error reading register 3105 for IP 10.30.4.91: no connection to modbus server
[2025-03-01T08:21:42.161Z] ❌ Error reading register 1000 for IP 10.30.4.91: no connection to modbus server
[2025-03-01T08:21:42.161Z] Error reading actual data: no connection to modbus server
[2025-03-01T08:21:42.161Z] Error writing to Modbus register: no connection to modbus server
[2025-03-01T08:21:42.233Z] Error reading register 3105 for IP 10.30.4.91: no connection to modbus server
[2025-03-01T08:21:42.233Z] ❌ Error reading register 1000 for IP 10.30.4.91: no connection to modbus server
[2025-03-01T08:21:42.234Z] ❌ Error reading register 1000 for IP 10.30.4.91: no connection to modbus server
[2025-03-01T08:21:42.234Z] Error reading actual data: no connection to modbus server
[2025-03-01T08:21:42.233Z] Error writing to Modbus register: no connection to modbus server
[2025-03-01T08:21:42.234Z] Error reading register 3105 for IP 10.30.4.91: no connection to modbus server
[2025-03-01T08:21:42.233Z] Error reading actual data: no connection to modbus server
[2025-03-01T08:21:42.235Z] Error writing to Modbus register: no connection to modbus server
[2025-03-01T08:21:43.162Z] Error reading register 3105 for IP 10.30.4.91: no connection to modbus server
[2025-03-01T08:21:43.163Z] ❌ Error reading register 1000 for IP 10.30.4.91: no connection to modbus server
[2025-03-01T08:21:43.166Z] Error reading register 3105 for IP 10.30.4.91: no connection to modbus server
[2025-03-01T08:21:43.167Z] ❌ Error reading register 1000 for IP 10.30.4.91: no connection to modbus server
[2025-03-01T08:21:43.164Z] Error writing to Modbus register: no connection to modbus server
[2025-03-01T08:21:43.169Z] Error reading register 3105 for IP 10.30.4.91: no connection to modbus server
[2025-03-01T08:21:43.170Z] ❌ Error reading register 1000 for IP 10.30.4.91: no connection to modbus server
[2025-03-01T08:21:43.170Z] Error reading actual data: no connection to modbus server
[2025-03-01T08:21:43.167Z] Error reading actual data: no connection to modbus server
[2025-03-01T08:21:43.171Z] Error writing to Modbus register: no connection to modbus server
[2025-03-01T08:21:43.163Z] Error reading actual data: no connection to modbus server
[2025-03-01T08:21:43.172Z] Error reading register 3105 for IP 10.30.4.91: no connection to modbus server
[2025-03-01T08:21:43.172Z] ❌ Error reading register 1000 for IP 10.30.4.91: no connection to modbus server
[2025-03-01T08:21:43.168Z] Error writing to Modbus register: no connection to modbus server
[2025-03-01T08:21:43.172Z] Error reading actual data: no connection to modbus server
[2025-03-01T08:21:43.172Z] Error writing to Modbus register: no connection to modbus server
[2025-03-01T08:21:43.234Z] Error reading register 3105 for IP 10.30.4.91: no connection to modbus server
[2025-03-01T08:21:43.234Z] ❌ Error reading register 1000 for IP 10.30.4.91: no connection to modbus server
[2025-03-01T08:21:43.235Z] Error reading actual data: no connection to modbus server
[2025-03-01T08:21:43.235Z] Error writing to Modbus register: no connection to modbus server
[2025-03-01T08:21:43.237Z] Error reading register 3105 for IP 10.30.4.91: no connection to modbus server
[2025-03-01T08:21:43.237Z] ❌ Error reading register 1000 for IP 10.30.4.91: no connection to modbus server
[2025-03-01T08:21:43.237Z] Error reading actual data: no connection to modbus server
[2025-03-01T08:21:43.237Z] Error writing to Modbus register: no connection to modbus server
[2025-03-01T08:21:44.167Z] Error reading register 3105 for IP 10.30.4.91: no connection to modbus server
[2025-03-01T08:21:44.168Z] ❌ Error reading register 1000 for IP 10.30.4.91: no connection to modbus server
[2025-03-01T08:21:44.171Z] ❌ Error reading register 1000 for IP 10.30.4.91: no connection to modbus server
[2025-03-01T08:21:44.169Z] Error reading actual data: no connection to modbus server
[2025-03-01T08:21:44.170Z] Error writing to Modbus register: no connection to modbus server
[2025-03-01T08:21:44.171Z] Error reading register 3105 for IP 10.30.4.91: no connection to modbus server
[2025-03-01T08:21:44.171Z] Error reading actual data: no connection to modbus server
[2025-03-01T08:21:44.172Z] Error reading register 3105 for IP 10.30.4.91: no connection to modbus server
[2025-03-01T08:21:44.172Z] Error writing to Modbus register: no connection to modbus server
[2025-03-01T08:21:44.172Z] Error reading actual data: no connection to modbus server
[2025-03-01T08:21:44.172Z] Error writing to Modbus register: no connection to modbus server
[2025-03-01T08:21:44.173Z] Error reading register 3105 for IP 10.30.4.91: no connection to modbus server
[2025-03-01T08:21:44.172Z] ❌ Error reading register 1000 for IP 10.30.4.91: no connection to modbus server
[2025-03-01T08:21:44.173Z] ❌ Error reading register 1000 for IP 10.30.4.91: no connection to modbus server
[2025-03-01T08:21:44.173Z] Error reading actual data: no connection to modbus server
[2025-03-01T08:21:44.173Z] Error writing to Modbus register: no connection to modbus server
[2025-03-01T08:21:44.248Z] Error reading register 3105 for IP 10.30.4.91: no connection to modbus server
[2025-03-01T08:21:44.248Z] ❌ Error reading register 1000 for IP 10.30.4.91: no connection to modbus server
[2025-03-01T08:21:44.248Z] Error reading actual data: no connection to modbus server
[2025-03-01T08:21:44.248Z] Error writing to Modbus register: no connection to modbus server
[2025-03-01T08:21:44.249Z] Error reading register 3105 for IP 10.30.4.91: no connection to modbus server
[2025-03-01T08:21:44.249Z] ❌ Error reading register 1000 for IP 10.30.4.91: no connection to modbus server
[2025-03-01T08:21:44.249Z] Error reading actual data: no connection to modbus server
[2025-03-01T08:21:44.250Z] Error writing to Modbus register: no connection to modbus server
[2025-03-01T08:21:45.171Z] Error reading register 3105 for IP 10.30.4.91: no connection to modbus server
[2025-03-01T08:21:45.172Z] ❌ Error reading register 1000 for IP 10.30.4.91: no connection to modbus server
[2025-03-01T08:21:45.172Z] Error reading actual data: no connection to modbus server
[2025-03-01T08:21:45.173Z] Error writing to Modbus register: no connection to modbus server
[2025-03-01T08:21:45.174Z] Error reading register 3105 for IP 10.30.4.91: no connection to modbus server
[2025-03-01T08:21:45.175Z] ❌ Error reading register 1000 for IP 10.30.4.91: no connection to modbus server
[2025-03-01T08:21:45.175Z] Error reading actual data: no connection to modbus server
[2025-03-01T08:21:45.176Z] Error writing to Modbus register: no connection to modbus server
[2025-03-01T08:21:45.177Z] Error reading register 3105 for IP 10.30.4.91: no connection to modbus server
[2025-03-01T08:21:45.177Z] ❌ Error reading register 1000 for IP 10.30.4.91: no connection to modbus server
[2025-03-01T08:21:45.177Z] Error writing to Modbus register: no connection to modbus server
[2025-03-01T08:21:45.177Z] Error reading actual data: no connection to modbus server
[2025-03-01T08:21:45.178Z] Error reading register 3105 for IP 10.30.4.91: no connection to modbus server
[2025-03-01T08:21:45.178Z] ❌ Error reading register 1000 for IP 10.30.4.91: no connection to modbus server
[2025-03-01T08:21:45.179Z] Error reading actual data: no connection to modbus server
[2025-03-01T08:21:45.179Z] Error writing to Modbus register: no connection to modbus server
[2025-03-01T08:21:45.248Z] Error reading register 3105 for IP 10.30.4.91: no connection to modbus server
[2025-03-01T08:21:45.248Z] ❌ Error reading register 1000 for IP 10.30.4.91: no connection to modbus server
[2025-03-01T08:21:45.248Z] Error reading actual data: no connection to modbus server
[2025-03-01T08:21:45.248Z] Error writing to Modbus register: no connection to modbus server
[2025-03-01T08:21:45.249Z] Error reading register 3105 for IP 10.30.4.91: no connection to modbus server
[2025-03-01T08:21:45.249Z] ❌ Error reading register 1000 for IP 10.30.4.91: no connection to modbus server
[2025-03-01T08:21:45.249Z] Error reading actual data: no connection to modbus server
[2025-03-01T08:21:45.250Z] Error writing to Modbus register: no connection to modbus server
[2025-03-01T08:21:46.182Z] Error reading register 3105 for IP 10.30.4.91: no connection to modbus server
[2025-03-01T08:21:46.183Z] ❌ Error reading register 1000 for IP 10.30.4.91: no connection to modbus server
[2025-03-01T08:21:46.183Z] Error reading actual data: no connection to modbus server
[2025-03-01T08:21:46.183Z] Error writing to Modbus register: no connection to modbus server
[2025-03-01T08:21:46.184Z] Error reading register 3105 for IP 10.30.4.91: no connection to modbus server
[2025-03-01T08:21:46.184Z] ❌ Error reading register 1000 for IP 10.30.4.91: no connection to modbus server
[2025-03-01T08:21:46.185Z] Error writing to Modbus register: no connection to modbus server
[2025-03-01T08:21:46.184Z] Error reading actual data: no connection to modbus server
[2025-03-01T08:21:46.185Z] Error reading register 3105 for IP 10.30.4.91: no connection to modbus server
[2025-03-01T08:21:46.186Z] ❌ Error reading register 1000 for IP 10.30.4.91: no connection to modbus server
[2025-03-01T08:21:46.186Z] Error reading actual data: no connection to modbus server
[2025-03-01T08:21:46.187Z] Error reading register 3105 for IP 10.30.4.91: no connection to modbus server
[2025-03-01T08:21:46.186Z] Error writing to Modbus register: no connection to modbus server
[2025-03-01T08:21:46.187Z] ❌ Error reading register 1000 for IP 10.30.4.91: no connection to modbus server
[2025-03-01T08:21:46.187Z] Error reading actual data: no connection to modbus server
[2025-03-01T08:21:46.187Z] Error writing to Modbus register: no connection to modbus server
[2025-03-01T08:21:46.266Z] ❌ Error reading register 1000 for IP 10.30.4.91: no connection to modbus server
[2025-03-01T08:21:46.266Z] Error reading actual data: no connection to modbus server
[2025-03-01T08:21:46.267Z] Error writing to Modbus register: no connection to modbus server
[2025-03-01T08:21:46.267Z] Error reading register 3105 for IP 10.30.4.91: no connection to modbus server
[2025-03-01T08:21:46.267Z] ❌ Error reading register 1000 for IP 10.30.4.91: no connection to modbus server
[2025-03-01T08:21:46.267Z] Error reading actual data: no connection to modbus server
[2025-03-01T08:21:46.268Z] Error writing to Modbus register: no connection to modbus server
[2025-03-01T08:21:46.266Z] Error reading register 3105 for IP 10.30.4.91: no connection to modbus server
[2025-03-01T08:21:47.195Z] Error reading register 3105 for IP 10.30.4.91: no connection to modbus server
[2025-03-01T08:21:47.196Z] ❌ Error reading register 1000 for IP 10.30.4.91: no connection to modbus server
[2025-03-01T08:21:47.196Z] Error writing to Modbus register: no connection to modbus server
[2025-03-01T08:21:47.196Z] Error reading actual data: no connection to modbus server
[2025-03-01T08:21:47.197Z] Error reading register 3105 for IP 10.30.4.91: no connection to modbus server
[2025-03-01T08:21:47.197Z] ❌ Error reading register 1000 for IP 10.30.4.91: no connection to modbus server
[2025-03-01T08:21:47.197Z] Error reading actual data: no connection to modbus server
[2025-03-01T08:21:47.197Z] Error writing to Modbus register: no connection to modbus server
[2025-03-01T08:21:47.198Z] Error reading register 3105 for IP 10.30.4.91: no connection to modbus server
[2025-03-01T08:21:47.198Z] ❌ Error reading register 1000 for IP 10.30.4.91: no connection to modbus server
[2025-03-01T08:21:47.198Z] Error reading actual data: no connection to modbus server
[2025-03-01T08:21:47.198Z] Error writing to Modbus register: no connection to modbus server
[2025-03-01T08:21:47.199Z] Error reading register 3105 for IP 10.30.4.91: no connection to modbus server
[2025-03-01T08:21:47.199Z] ❌ Error reading register 1000 for IP 10.30.4.91: no connection to modbus server
[2025-03-01T08:21:47.199Z] Error reading actual data: no connection to modbus server
[2025-03-01T08:21:47.199Z] Error writing to Modbus register: no connection to modbus server
[2025-03-01T08:21:47.266Z] Error reading register 3105 for IP 10.30.4.91: no connection to modbus server
[2025-03-01T08:21:47.266Z] ❌ Error reading register 1000 for IP 10.30.4.91: no connection to modbus server
[2025-03-01T08:21:47.266Z] Error reading actual data: no connection to modbus server
[2025-03-01T08:21:47.267Z] Error writing to Modbus register: no connection to modbus server
[2025-03-01T08:21:47.267Z] Error reading register 3105 for IP 10.30.4.91: no connection to modbus server
[2025-03-01T08:21:47.267Z] ❌ Error reading register 1000 for IP 10.30.4.91: no connection to modbus server
[2025-03-01T08:21:47.267Z] Error reading actual data: no connection to modbus server
[2025-03-01T08:21:47.268Z] Error writing to Modbus register: no connection to modbus server
[2025-03-01T08:21:48.200Z] Error reading register 3105 for IP 10.30.4.91: no connection to modbus server
[2025-03-01T08:21:48.201Z] ❌ Error reading register 1000 for IP 10.30.4.91: no connection to modbus server
[2025-03-01T08:21:48.204Z] Error reading register 3105 for IP 10.30.4.91: no connection to modbus server
[2025-03-01T08:21:48.204Z] ❌ Error reading register 1000 for IP 10.30.4.91: no connection to modbus server
[2025-03-01T08:21:48.201Z] Error reading actual data: no connection to modbus server
[2025-03-01T08:21:48.205Z] Error writing to Modbus register: no connection to modbus server
[2025-03-01T08:21:48.205Z] Error reading register 3105 for IP 10.30.4.91: no connection to modbus server
[2025-03-01T08:21:48.205Z] ❌ Error reading register 1000 for IP 10.30.4.91: no connection to modbus server
[2025-03-01T08:21:48.205Z] Error reading actual data: no connection to modbus server
[2025-03-01T08:21:48.206Z] Error writing to Modbus register: no connection to modbus server
[2025-03-01T08:21:48.206Z] Error reading register 3105 for IP 10.30.4.91: no connection to modbus server
[2025-03-01T08:21:48.206Z] ❌ Error reading register 1000 for IP 10.30.4.91: no connection to modbus server
[2025-03-01T08:21:48.207Z] Error writing to Modbus register: no connection to modbus server
[2025-03-01T08:21:48.206Z] Error reading actual data: no connection to modbus server
[2025-03-01T08:21:48.206Z] Error reading actual data: no connection to modbus server
[2025-03-01T08:21:48.202Z] Error writing to Modbus register: no connection to modbus server
[2025-03-01T08:21:48.266Z] Error reading register 3105 for IP 10.30.4.91: no connection to modbus server
[2025-03-01T08:21:48.266Z] ❌ Error reading register 1000 for IP 10.30.4.91: no connection to modbus server
[2025-03-01T08:21:48.267Z] Error reading actual data: no connection to modbus server
[2025-03-01T08:21:48.268Z] Error reading register 3105 for IP 10.30.4.91: no connection to modbus server
[2025-03-01T08:21:48.267Z] Error writing to Modbus register: no connection to modbus server
[2025-03-01T08:21:48.268Z] ❌ Error reading register 1000 for IP 10.30.4.91: no connection to modbus server
[2025-03-01T08:21:48.268Z] Error reading actual data: no connection to modbus server
[2025-03-01T08:21:48.269Z] Error writing to Modbus register: no connection to modbus server
[2025-03-01T08:21:49.200Z] Error reading register 3105 for IP 10.30.4.91: no connection to modbus server
[2025-03-01T08:21:49.201Z] ❌ Error reading register 1000 for IP 10.30.4.91: no connection to modbus server
[2025-03-01T08:21:49.201Z] Error reading actual data: no connection to modbus server
[2025-03-01T08:21:49.202Z] Error writing to Modbus register: no connection to modbus server
[2025-03-01T08:21:49.217Z] Error reading register 3105 for IP 10.30.4.91: no connection to modbus server
[2025-03-01T08:21:49.218Z] ❌ Error reading register 1000 for IP 10.30.4.91: no connection to modbus server
[2025-03-01T08:21:49.218Z] Error reading actual data: no connection to modbus server
[2025-03-01T08:21:49.219Z] Error writing to Modbus register: no connection to modbus server
[2025-03-01T08:21:49.220Z] Error reading register 3105 for IP 10.30.4.91: no connection to modbus server
[2025-03-01T08:21:49.220Z] ❌ Error reading register 1000 for IP 10.30.4.91: no connection to modbus server
[2025-03-01T08:21:49.221Z] Error writing to Modbus register: no connection to modbus server
[2025-03-01T08:21:49.221Z] Error reading actual data: no connection to modbus server
[2025-03-01T08:21:49.222Z] Error reading register 3105 for IP 10.30.4.91: no connection to modbus server
[2025-03-01T08:21:49.222Z] ❌ Error reading register 1000 for IP 10.30.4.91: no connection to modbus server
[2025-03-01T08:21:49.222Z] Error reading actual data: no connection to modbus server
[2025-03-01T08:21:49.223Z] Error writing to Modbus register: no connection to modbus server
[2025-03-01T08:21:49.280Z] Error reading register 3105 for IP 10.30.4.91: no connection to modbus server
[2025-03-01T08:21:49.281Z] ❌ Error reading register 1000 for IP 10.30.4.91: no connection to modbus server
[2025-03-01T08:21:49.281Z] Error reading actual data: no connection to modbus server
[2025-03-01T08:21:49.281Z] Error writing to Modbus register: no connection to modbus server
[2025-03-01T08:21:49.281Z] Error reading register 3105 for IP 10.30.4.91: no connection to modbus server
[2025-03-01T08:21:49.281Z] ❌ Error reading register 1000 for IP 10.30.4.91: no connection to modbus server
[2025-03-01T08:21:49.282Z] Error writing to Modbus register: no connection to modbus server
[2025-03-01T08:21:49.281Z] Error reading actual data: no connection to modbus server
[2025-03-01T08:21:50.216Z] Error reading register 3105 for IP 10.30.4.91: no connection to modbus server
[2025-03-01T08:21:50.217Z] ❌ Error reading register 1000 for IP 10.30.4.91: no connection to modbus server
[2025-03-01T08:21:50.217Z] Error reading actual data: no connection to modbus server
[2025-03-01T08:21:50.218Z] Error writing to Modbus register: no connection to modbus server
[2025-03-01T08:21:50.220Z] Error reading register 3105 for IP 10.30.4.91: no connection to modbus server
[2025-03-01T08:21:50.220Z] ❌ Error reading register 1000 for IP 10.30.4.91: no connection to modbus server
[2025-03-01T08:21:50.220Z] Error reading actual data: no connection to modbus server
[2025-03-01T08:21:50.220Z] Error writing to Modbus register: no connection to modbus server
[2025-03-01T08:21:50.221Z] Error reading register 3105 for IP 10.30.4.91: no connection to modbus server
[2025-03-01T08:21:50.221Z] ❌ Error reading register 1000 for IP 10.30.4.91: no connection to modbus server
[2025-03-01T08:21:50.221Z] Error reading actual data: no connection to modbus server
[2025-03-01T08:21:50.222Z] Error writing to Modbus register: no connection to modbus server
[2025-03-01T08:21:50.222Z] ❌ Error reading register 1000 for IP 10.30.4.91: no connection to modbus server
[2025-03-01T08:21:50.222Z] Error reading register 3105 for IP 10.30.4.91: no connection to modbus server
[2025-03-01T08:21:50.222Z] Error reading actual data: no connection to modbus server
[2025-03-01T08:21:50.223Z] Error writing to Modbus register: no connection to modbus server
[2025-03-01T08:21:50.290Z] Error reading register 3105 for IP 10.30.4.91: no connection to modbus server
[2025-03-01T08:21:50.291Z] Error reading actual data: no connection to modbus server
[2025-03-01T08:21:50.290Z] ❌ Error reading register 1000 for IP 10.30.4.91: no connection to modbus server
[2025-03-01T08:21:50.291Z] Error writing to Modbus register: no connection to modbus server
[2025-03-01T08:21:50.291Z] Error reading register 3105 for IP 10.30.4.91: no connection to modbus server
[2025-03-01T08:21:50.291Z] ❌ Error reading register 1000 for IP 10.30.4.91: no connection to modbus server
[2025-03-01T08:21:50.292Z] Error writing to Modbus register: no connection to modbus server
[2025-03-01T08:21:50.291Z] Error reading actual data: no connection to modbus server
[2025-03-01T08:21:51.233Z] Error reading register 3105 for IP 10.30.4.91: no connection to modbus server
[2025-03-01T08:21:51.233Z] ❌ Error reading register 1000 for IP 10.30.4.91: no connection to modbus server
[2025-03-01T08:21:51.234Z] Error reading actual data: no connection to modbus server
[2025-03-01T08:21:51.234Z] Error writing to Modbus register: no connection to modbus server
[2025-03-01T08:21:51.236Z] Error reading register 3105 for IP 10.30.4.91: no connection to modbus server
[2025-03-01T08:21:51.236Z] ❌ Error reading register 1000 for IP 10.30.4.91: no connection to modbus server
[2025-03-01T08:21:51.237Z] Error reading actual data: no connection to modbus server
[2025-03-01T08:21:51.237Z] Error writing to Modbus register: no connection to modbus server
[2025-03-01T08:21:51.237Z] Error reading register 3105 for IP 10.30.4.91: no connection to modbus server
[2025-03-01T08:21:51.237Z] ❌ Error reading register 1000 for IP 10.30.4.91: no connection to modbus server
[2025-03-01T08:21:51.238Z] Error reading actual data: no connection to modbus server
[2025-03-01T08:21:51.238Z] Error writing to Modbus register: no connection to modbus server
[2025-03-01T08:21:51.238Z] Error reading register 3105 for IP 10.30.4.91: no connection to modbus server
[2025-03-01T08:21:51.238Z] ❌ Error reading register 1000 for IP 10.30.4.91: no connection to modbus server
[2025-03-01T08:21:51.238Z] Error reading actual data: no connection to modbus server
[2025-03-01T08:21:51.239Z] Error writing to Modbus register: no connection to modbus server
[2025-03-01T08:21:51.296Z] Error reading register 3105 for IP 10.30.4.91: no connection to modbus server
[2025-03-01T08:21:51.296Z] ❌ Error reading register 1000 for IP 10.30.4.91: no connection to modbus server
[2025-03-01T08:21:51.297Z] Error writing to Modbus register: no connection to modbus server
[2025-03-01T08:21:51.297Z] Error reading register 3105 for IP 10.30.4.91: no connection to modbus server
[2025-03-01T08:21:51.297Z] ❌ Error reading register 1000 for IP 10.30.4.91: no connection to modbus server
[2025-03-01T08:21:51.297Z] Error reading actual data: no connection to modbus server
[2025-03-01T08:21:51.297Z] Error reading actual data: no connection to modbus server
[2025-03-01T08:21:51.298Z] Error writing to Modbus register: no connection to modbus server
[2025-03-01T08:21:52.234Z] Error reading register 3105 for IP 10.30.4.91: no connection to modbus server
[2025-03-01T08:21:52.235Z] ❌ Error reading register 1000 for IP 10.30.4.91: no connection to modbus server
[2025-03-01T08:21:52.235Z] Error reading actual data: no connection to modbus server
[2025-03-01T08:21:52.238Z] Error reading register 3105 for IP 10.30.4.91: no connection to modbus server
[2025-03-01T08:21:52.238Z] ❌ Error reading register 1000 for IP 10.30.4.91: no connection to modbus server
[2025-03-01T08:21:52.237Z] Error writing to Modbus register: no connection to modbus server
[2025-03-01T08:21:52.238Z] Error reading actual data: no connection to modbus server
[2025-03-01T08:21:52.239Z] Error writing to Modbus register: no connection to modbus server
[2025-03-01T08:21:52.239Z] Error reading register 3105 for IP 10.30.4.91: no connection to modbus server
[2025-03-01T08:21:52.239Z] Error reading actual data: no connection to modbus server
[2025-03-01T08:21:52.240Z] Error writing to Modbus register: no connection to modbus server
[2025-03-01T08:21:52.240Z] Error reading register 3105 for IP 10.30.4.91: no connection to modbus server
[2025-03-01T08:21:52.240Z] ❌ Error reading register 1000 for IP 10.30.4.91: no connection to modbus server
[2025-03-01T08:21:52.239Z] ❌ Error reading register 1000 for IP 10.30.4.91: no connection to modbus server
[2025-03-01T08:21:52.240Z] Error reading actual data: no connection to modbus server
[2025-03-01T08:21:52.240Z] Error writing to Modbus register: no connection to modbus server
[2025-03-01T08:21:52.300Z] Error reading register 3105 for IP 10.30.4.91: no connection to modbus server
[2025-03-01T08:21:52.301Z] ❌ Error reading register 1000 for IP 10.30.4.91: no connection to modbus server
[2025-03-01T08:21:52.302Z] Error writing to Modbus register: no connection to modbus server
[2025-03-01T08:21:52.304Z] Error reading register 3105 for IP 10.30.4.91: no connection to modbus server
[2025-03-01T08:21:52.304Z] ❌ Error reading register 1000 for IP 10.30.4.91: no connection to modbus server
[2025-03-01T08:21:52.301Z] Error reading actual data: no connection to modbus server
[2025-03-01T08:21:52.304Z] Error reading actual data: no connection to modbus server
[2025-03-01T08:21:52.305Z] Error writing to Modbus register: no connection to modbus server
[2025-03-01T08:21:53.250Z] Error reading register 3105 for IP 10.30.4.91: no connection to modbus server
[2025-03-01T08:21:53.251Z] ❌ Error reading register 1000 for IP 10.30.4.91: no connection to modbus server
[2025-03-01T08:21:53.253Z] Error reading register 3105 for IP 10.30.4.91: no connection to modbus server
[2025-03-01T08:21:53.253Z] Error reading actual data: no connection to modbus server
[2025-03-01T08:21:53.253Z] ❌ Error reading register 1000 for IP 10.30.4.91: no connection to modbus server
[2025-03-01T08:21:53.252Z] Error writing to Modbus register: no connection to modbus server
[2025-03-01T08:21:53.253Z] Error writing to Modbus register: no connection to modbus server
[2025-03-01T08:21:53.251Z] Error reading actual data: no connection to modbus server
[2025-03-01T08:21:53.254Z] Error reading register 3105 for IP 10.30.4.91: no connection to modbus server
[2025-03-01T08:21:53.254Z] ❌ Error reading register 1000 for IP 10.30.4.91: no connection to modbus server
[2025-03-01T08:21:53.254Z] Error reading actual data: no connection to modbus server
[2025-03-01T08:21:53.254Z] Error writing to Modbus register: no connection to modbus server
[2025-03-01T08:21:53.255Z] Error reading register 3105 for IP 10.30.4.91: no connection to modbus server
[2025-03-01T08:21:53.255Z] ❌ Error reading register 1000 for IP 10.30.4.91: no connection to modbus server
[2025-03-01T08:21:53.255Z] Error reading actual data: no connection to modbus server
[2025-03-01T08:21:53.255Z] Error writing to Modbus register: no connection to modbus server
[2025-03-01T08:21:53.314Z] Error reading register 3105 for IP 10.30.4.91: no connection to modbus server
[2025-03-01T08:21:53.314Z] ❌ Error reading register 1000 for IP 10.30.4.91: no connection to modbus server
[2025-03-01T08:21:53.316Z] Error writing to Modbus register: no connection to modbus server
[2025-03-01T08:21:53.317Z] Error reading register 3105 for IP 10.30.4.91: no connection to modbus server
[2025-03-01T08:21:53.318Z] ❌ Error reading register 1000 for IP 10.30.4.91: no connection to modbus server
[2025-03-01T08:21:53.318Z] Error reading actual data: no connection to modbus server
[2025-03-01T08:21:53.319Z] Error writing to Modbus register: no connection to modbus server
[2025-03-01T08:21:53.315Z] Error reading actual data: no connection to modbus server
[2025-03-01T08:21:54.250Z] Error reading register 3105 for IP 10.30.4.91: no connection to modbus server
[2025-03-01T08:21:54.250Z] ❌ Error reading register 1000 for IP 10.30.4.91: no connection to modbus server
[2025-03-01T08:21:54.251Z] Error reading actual data: no connection to modbus server
[2025-03-01T08:21:54.251Z] Error writing to Modbus register: no connection to modbus server
[2025-03-01T08:21:54.252Z] Error reading register 3105 for IP 10.30.4.91: no connection to modbus server
[2025-03-01T08:21:54.252Z] ❌ Error reading register 1000 for IP 10.30.4.91: no connection to modbus server
[2025-03-01T08:21:54.252Z] Error reading actual data: no connection to modbus server
[2025-03-01T08:21:54.266Z] Error writing to Modbus register: no connection to modbus server
[2025-03-01T08:21:54.266Z] Error reading register 3105 for IP 10.30.4.91: no connection to modbus server
[2025-03-01T08:21:54.267Z] ❌ Error reading register 1000 for IP 10.30.4.91: no connection to modbus server
[2025-03-01T08:21:54.267Z] Error reading actual data: no connection to modbus server
[2025-03-01T08:21:54.267Z] Error writing to Modbus register: no connection to modbus server
[2025-03-01T08:21:54.268Z] Error reading register 3105 for IP 10.30.4.91: no connection to modbus server
[2025-03-01T08:21:54.268Z] ❌ Error reading register 1000 for IP 10.30.4.91: no connection to modbus server
[2025-03-01T08:21:54.268Z] Error reading actual data: no connection to modbus server
[2025-03-01T08:21:54.268Z] Error writing to Modbus register: no connection to modbus server
[2025-03-01T08:21:54.317Z] Error reading register 3105 for IP 10.30.4.91: no connection to modbus server
[2025-03-01T08:21:54.318Z] ❌ Error reading register 1000 for IP 10.30.4.91: no connection to modbus server
[2025-03-01T08:21:54.318Z] Error reading actual data: no connection to modbus server
[2025-03-01T08:21:54.319Z] Error writing to Modbus register: no connection to modbus server
[2025-03-01T08:21:54.320Z] Error reading register 3105 for IP 10.30.4.91: no connection to modbus server
[2025-03-01T08:21:54.320Z] ❌ Error reading register 1000 for IP 10.30.4.91: no connection to modbus server
[2025-03-01T08:21:54.321Z] Error writing to Modbus register: no connection to modbus server
[2025-03-01T08:21:54.321Z] Error reading actual data: no connection to modbus server
[2025-03-01T08:21:55.266Z] Error reading register 3105 for IP 10.30.4.91: no connection to modbus server
[2025-03-01T08:21:55.267Z] Error reading actual data: no connection to modbus server
[2025-03-01T08:21:55.269Z] Error writing to Modbus register: no connection to modbus server
[2025-03-01T08:21:55.267Z] ❌ Error reading register 1000 for IP 10.30.4.91: no connection to modbus server
[2025-03-01T08:21:55.270Z] Error reading actual data: no connection to modbus server
[2025-03-01T08:21:55.270Z] Error writing to Modbus register: no connection to modbus server
[2025-03-01T08:21:55.270Z] Error reading register 3105 for IP 10.30.4.91: no connection to modbus server
[2025-03-01T08:21:55.270Z] ❌ Error reading register 1000 for IP 10.30.4.91: no connection to modbus server
[2025-03-01T08:21:55.272Z] Error reading register 3105 for IP 10.30.4.91: no connection to modbus server
[2025-03-01T08:21:55.272Z] ❌ Error reading register 1000 for IP 10.30.4.91: no connection to modbus server
[2025-03-01T08:21:55.272Z] Error reading actual data: no connection to modbus server
[2025-03-01T08:21:55.272Z] Error writing to Modbus register: no connection to modbus server
[2025-03-01T08:21:55.273Z] Error reading register 3105 for IP 10.30.4.91: no connection to modbus server
[2025-03-01T08:21:55.273Z] ❌ Error reading register 1000 for IP 10.30.4.91: no connection to modbus server
[2025-03-01T08:21:55.273Z] Error reading actual data: no connection to modbus server
[2025-03-01T08:21:55.273Z] Error writing to Modbus register: no connection to modbus server
[2025-03-01T08:21:55.322Z] Error reading register 3105 for IP 10.30.4.91: no connection to modbus server
[2025-03-01T08:21:55.323Z] ❌ Error reading register 1000 for IP 10.30.4.91: no connection to modbus server
[2025-03-01T08:21:55.323Z] Error writing to Modbus register: no connection to modbus server
[2025-03-01T08:21:55.323Z] Error reading actual data: no connection to modbus server
[2025-03-01T08:21:55.324Z] Error reading register 3105 for IP 10.30.4.91: no connection to modbus server
[2025-03-01T08:21:55.324Z] ❌ Error reading register 1000 for IP 10.30.4.91: no connection to modbus server
[2025-03-01T08:21:55.324Z] Error reading actual data: no connection to modbus server
[2025-03-01T08:21:55.324Z] Error writing to Modbus register: no connection to modbus server
[2025-03-01T08:21:56.267Z] Error reading register 3105 for IP 10.30.4.91: no connection to modbus server
[2025-03-01T08:21:56.268Z] ❌ Error reading register 1000 for IP 10.30.4.91: no connection to modbus server
[2025-03-01T08:21:56.268Z] Error reading actual data: no connection to modbus server
[2025-03-01T08:21:56.269Z] Error writing to Modbus register: no connection to modbus server
[2025-03-01T08:21:56.271Z] Error reading register 3105 for IP 10.30.4.91: no connection to modbus server
[2025-03-01T08:21:56.271Z] ❌ Error reading register 1000 for IP 10.30.4.91: no connection to modbus server
[2025-03-01T08:21:56.271Z] Error reading actual data: no connection to modbus server
[2025-03-01T08:21:56.272Z] Error writing to Modbus register: no connection to modbus server
[2025-03-01T08:21:56.272Z] Error reading register 3105 for IP 10.30.4.91: no connection to modbus server
[2025-03-01T08:21:56.272Z] ❌ Error reading register 1000 for IP 10.30.4.91: no connection to modbus server
[2025-03-01T08:21:56.273Z] Error reading actual data: no connection to modbus server
[2025-03-01T08:21:56.273Z] Error writing to Modbus register: no connection to modbus server
[2025-03-01T08:21:56.273Z] Error reading register 3105 for IP 10.30.4.91: no connection to modbus server
[2025-03-01T08:21:56.273Z] ❌ Error reading register 1000 for IP 10.30.4.91: no connection to modbus server
[2025-03-01T08:21:56.273Z] Error reading actual data: no connection to modbus server
[2025-03-01T08:21:56.274Z] Error writing to Modbus register: no connection to modbus server
[2025-03-01T08:21:56.334Z] Error reading register 3105 for IP 10.30.4.91: no connection to modbus server
[2025-03-01T08:21:56.334Z] ❌ Error reading register 1000 for IP 10.30.4.91: no connection to modbus server
[2025-03-01T08:21:56.335Z] Error writing to Modbus register: no connection to modbus server
[2025-03-01T08:21:56.335Z] Error reading register 3105 for IP 10.30.4.91: no connection to modbus server
[2025-03-01T08:21:56.334Z] Error reading actual data: no connection to modbus server
[2025-03-01T08:21:56.336Z] ❌ Error reading register 1000 for IP 10.30.4.91: no connection to modbus server
[2025-03-01T08:21:56.336Z] Error reading actual data: no connection to modbus server
[2025-03-01T08:21:56.336Z] Error writing to Modbus register: no connection to modbus server
[2025-03-01T08:21:57.282Z] Error reading register 3105 for IP 10.30.4.91: no connection to modbus server
[2025-03-01T08:21:57.282Z] ❌ Error reading register 1000 for IP 10.30.4.91: no connection to modbus server
[2025-03-01T08:21:57.283Z] Error reading actual data: no connection to modbus server
[2025-03-01T08:21:57.285Z] Error reading register 3105 for IP 10.30.4.91: no connection to modbus server
[2025-03-01T08:21:57.284Z] Error writing to Modbus register: no connection to modbus server
[2025-03-01T08:21:57.285Z] ❌ Error reading register 1000 for IP 10.30.4.91: no connection to modbus server
[2025-03-01T08:21:57.286Z] Error reading actual data: no connection to modbus server
[2025-03-01T08:21:57.286Z] Error writing to Modbus register: no connection to modbus server
[2025-03-01T08:21:57.287Z] Error reading register 3105 for IP 10.30.4.91: no connection to modbus server
[2025-03-01T08:21:57.287Z] ❌ Error reading register 1000 for IP 10.30.4.91: no connection to modbus server
[2025-03-01T08:21:57.288Z] Error writing to Modbus register: no connection to modbus server
[2025-03-01T08:21:57.287Z] Error reading actual data: no connection to modbus server
[2025-03-01T08:21:57.288Z] Error reading register 3105 for IP 10.30.4.91: no connection to modbus server
[2025-03-01T08:21:57.289Z] ❌ Error reading register 1000 for IP 10.30.4.91: no connection to modbus server
[2025-03-01T08:21:57.289Z] Error reading actual data: no connection to modbus server
[2025-03-01T08:21:57.289Z] Error writing to Modbus register: no connection to modbus server
[2025-03-01T08:21:57.349Z] Error reading register 3105 for IP 10.30.4.91: no connection to modbus server
[2025-03-01T08:21:57.349Z] ❌ Error reading register 1000 for IP 10.30.4.91: no connection to modbus server
[2025-03-01T08:21:57.350Z] Error reading actual data: no connection to modbus server
[2025-03-01T08:21:57.350Z] Error writing to Modbus register: no connection to modbus server
[2025-03-01T08:21:57.351Z] Error reading register 3105 for IP 10.30.4.91: no connection to modbus server
[2025-03-01T08:21:57.352Z] ❌ Error reading register 1000 for IP 10.30.4.91: no connection to modbus server
[2025-03-01T08:21:57.352Z] Error reading actual data: no connection to modbus server
[2025-03-01T08:21:57.353Z] Error writing to Modbus register: no connection to modbus server
[2025-03-01T08:21:58.284Z] Error reading register 3105 for IP 10.30.4.91: no connection to modbus server
[2025-03-01T08:21:58.284Z] ❌ Error reading register 1000 for IP 10.30.4.91: no connection to modbus server
[2025-03-01T08:21:58.284Z] Error reading actual data: no connection to modbus server
[2025-03-01T08:21:58.284Z] Error writing to Modbus register: no connection to modbus server
[2025-03-01T08:21:58.285Z] Error reading register 3105 for IP 10.30.4.91: no connection to modbus server
[2025-03-01T08:21:58.285Z] ❌ Error reading register 1000 for IP 10.30.4.91: no connection to modbus server
[2025-03-01T08:21:58.285Z] Error reading actual data: no connection to modbus server
[2025-03-01T08:21:58.286Z] Error writing to Modbus register: no connection to modbus server
[2025-03-01T08:21:58.287Z] Error reading register 3105 for IP 10.30.4.91: no connection to modbus server
[2025-03-01T08:21:58.287Z] ❌ Error reading register 1000 for IP 10.30.4.91: no connection to modbus server
[2025-03-01T08:21:58.287Z] Error reading actual data: no connection to modbus server
[2025-03-01T08:21:58.288Z] Error writing to Modbus register: no connection to modbus server
[2025-03-01T08:21:58.288Z] Error reading register 3105 for IP 10.30.4.91: no connection to modbus server
[2025-03-01T08:21:58.288Z] ❌ Error reading register 1000 for IP 10.30.4.91: no connection to modbus server
[2025-03-01T08:21:58.288Z] Error reading actual data: no connection to modbus server
[2025-03-01T08:21:58.289Z] Error writing to Modbus register: no connection to modbus server
[2025-03-01T08:21:58.351Z] Error reading register 3105 for IP 10.30.4.91: no connection to modbus server
[2025-03-01T08:21:58.351Z] ❌ Error reading register 1000 for IP 10.30.4.91: no connection to modbus server
[2025-03-01T08:21:58.352Z] Error reading actual data: no connection to modbus server
[2025-03-01T08:21:58.353Z] Error writing to Modbus register: no connection to modbus server
[2025-03-01T08:21:58.355Z] Error reading actual data: no connection to modbus server
[2025-03-01T08:21:58.355Z] ❌ Error reading register 1000 for IP 10.30.4.91: no connection to modbus server
[2025-03-01T08:21:58.355Z] Error reading register 3105 for IP 10.30.4.91: no connection to modbus server
[2025-03-01T08:21:58.355Z] Error writing to Modbus register: no connection to modbus server
[2025-03-01T08:21:59.299Z] Error reading register 3105 for IP 10.30.4.91: no connection to modbus server
[2025-03-01T08:21:59.300Z] ❌ Error reading register 1000 for IP 10.30.4.91: no connection to modbus server
[2025-03-01T08:21:59.304Z] ❌ Error reading register 1000 for IP 10.30.4.91: no connection to modbus server
[2025-03-01T08:21:59.304Z] Error reading actual data: no connection to modbus server
[2025-03-01T08:21:59.305Z] Error writing to Modbus register: no connection to modbus server
[2025-03-01T08:21:59.305Z] Error reading register 3105 for IP 10.30.4.91: no connection to modbus server
[2025-03-01T08:21:59.305Z] ❌ Error reading register 1000 for IP 10.30.4.91: no connection to modbus server
[2025-03-01T08:21:59.301Z] Error reading actual data: no connection to modbus server
[2025-03-01T08:21:59.302Z] Error writing to Modbus register: no connection to modbus server
[2025-03-01T08:21:59.306Z] Error reading actual data: no connection to modbus server
[2025-03-01T08:21:59.306Z] Error reading register 3105 for IP 10.30.4.91: no connection to modbus server
[2025-03-01T08:21:59.306Z] Error writing to Modbus register: no connection to modbus server
[2025-03-01T08:21:59.306Z] ❌ Error reading register 1000 for IP 10.30.4.91: no connection to modbus server
[2025-03-01T08:21:59.306Z] Error reading actual data: no connection to modbus server
[2025-03-01T08:21:59.303Z] Error reading register 3105 for IP 10.30.4.91: no connection to modbus server
[2025-03-01T08:21:59.307Z] Error writing to Modbus register: no connection to modbus server
[2025-03-01T08:21:59.356Z] Error reading register 3105 for IP 10.30.4.91: no connection to modbus server
[2025-03-01T08:21:59.356Z] ❌ Error reading register 1000 for IP 10.30.4.91: no connection to modbus server
[2025-03-01T08:21:59.359Z] Error reading register 3105 for IP 10.30.4.91: no connection to modbus server
[2025-03-01T08:21:59.357Z] Error reading actual data: no connection to modbus server
[2025-03-01T08:21:59.358Z] Error writing to Modbus register: no connection to modbus server
[2025-03-01T08:21:59.359Z] ❌ Error reading register 1000 for IP 10.30.4.91: no connection to modbus server
[2025-03-01T08:21:59.359Z] Error reading actual data: no connection to modbus server
[2025-03-01T08:21:59.360Z] Error writing to Modbus register: no connection to modbus server
[2025-03-01T08:22:00.300Z] Error reading register 3105 for IP 10.30.4.91: no connection to modbus server
[2025-03-01T08:22:00.301Z] ❌ Error reading register 1000 for IP 10.30.4.91: no connection to modbus server
[2025-03-01T08:22:00.302Z] Error reading actual data: no connection to modbus server
[2025-03-01T08:22:00.303Z] Error writing to Modbus register: no connection to modbus server
[2025-03-01T08:22:00.305Z] Error reading register 3105 for IP 10.30.4.91: no connection to modbus server
[2025-03-01T08:22:00.305Z] ❌ Error reading register 1000 for IP 10.30.4.91: no connection to modbus server
[2025-03-01T08:22:00.305Z] Error reading actual data: no connection to modbus server
[2025-03-01T08:22:00.307Z] Error writing to Modbus register: no connection to modbus server
[2025-03-01T08:22:00.308Z] Error reading register 3105 for IP 10.30.4.91: no connection to modbus server
[2025-03-01T08:22:00.309Z] ❌ Error reading register 1000 for IP 10.30.4.91: no connection to modbus server
[2025-03-01T08:22:00.309Z] Error reading actual data: no connection to modbus server
[2025-03-01T08:22:00.309Z] Error writing to Modbus register: no connection to modbus server
[2025-03-01T08:22:00.310Z] Error reading register 3105 for IP 10.30.4.91: no connection to modbus server
[2025-03-01T08:22:00.310Z] ❌ Error reading register 1000 for IP 10.30.4.91: no connection to modbus server
[2025-03-01T08:22:00.310Z] Error reading actual data: no connection to modbus server
[2025-03-01T08:22:00.311Z] Error writing to Modbus register: no connection to modbus server
[2025-03-01T08:22:00.366Z] Error reading register 3105 for IP 10.30.4.91: no connection to modbus server
[2025-03-01T08:22:00.367Z] ❌ Error reading register 1000 for IP 10.30.4.91: no connection to modbus server
[2025-03-01T08:22:00.367Z] Error reading actual data: no connection to modbus server
[2025-03-01T08:22:00.369Z] Error writing to Modbus register: no connection to modbus server
[2025-03-01T08:22:00.370Z] Error reading register 3105 for IP 10.30.4.91: no connection to modbus server
[2025-03-01T08:22:00.370Z] ❌ Error reading register 1000 for IP 10.30.4.91: no connection to modbus server
[2025-03-01T08:22:00.370Z] Error reading actual data: no connection to modbus server
[2025-03-01T08:22:00.370Z] Error writing to Modbus register: no connection to modbus server
[2025-03-01T08:22:01.316Z] Error reading register 3105 for IP 10.30.4.91: no connection to modbus server
[2025-03-01T08:22:01.317Z] ❌ Error reading register 1000 for IP 10.30.4.91: no connection to modbus server
[2025-03-01T08:22:01.317Z] Error reading actual data: no connection to modbus server
[2025-03-01T08:22:01.319Z] Error reading register 3105 for IP 10.30.4.91: no connection to modbus server
[2025-03-01T08:22:01.318Z] Error writing to Modbus register: no connection to modbus server
[2025-03-01T08:22:01.320Z] ❌ Error reading register 1000 for IP 10.30.4.91: no connection to modbus server
[2025-03-01T08:22:01.320Z] Error reading actual data: no connection to modbus server
[2025-03-01T08:22:01.320Z] Error writing to Modbus register: no connection to modbus server
[2025-03-01T08:22:01.320Z] Error reading register 3105 for IP 10.30.4.91: no connection to modbus server
[2025-03-01T08:22:01.320Z] ❌ Error reading register 1000 for IP 10.30.4.91: no connection to modbus server
[2025-03-01T08:22:01.321Z] Error reading actual data: no connection to modbus server
[2025-03-01T08:22:01.321Z] Error writing to Modbus register: no connection to modbus server
[2025-03-01T08:22:01.321Z] Error reading register 3105 for IP 10.30.4.91: no connection to modbus server
[2025-03-01T08:22:01.321Z] ❌ Error reading register 1000 for IP 10.30.4.91: no connection to modbus server
[2025-03-01T08:22:01.322Z] Error reading actual data: no connection to modbus server
[2025-03-01T08:22:01.322Z] Error writing to Modbus register: no connection to modbus server
[2025-03-01T08:22:01.367Z] Error reading register 3105 for IP 10.30.4.91: no connection to modbus server
[2025-03-01T08:22:01.367Z] ❌ Error reading register 1000 for IP 10.30.4.91: no connection to modbus server
[2025-03-01T08:22:01.367Z] Error reading actual data: no connection to modbus server
[2025-03-01T08:22:01.368Z] Error writing to Modbus register: no connection to modbus server
[2025-03-01T08:22:01.382Z] Error reading register 3105 for IP 10.30.4.91: no connection to modbus server
[2025-03-01T08:22:01.383Z] ❌ Error reading register 1000 for IP 10.30.4.91: no connection to modbus server
[2025-03-01T08:22:01.383Z] Error reading actual data: no connection to modbus server
[2025-03-01T08:22:01.383Z] Error writing to Modbus register: no connection to modbus server
[2025-03-01T08:22:02.317Z] Error reading register 3105 for IP 10.30.4.91: no connection to modbus server
[2025-03-01T08:22:02.317Z] ❌ Error reading register 1000 for IP 10.30.4.91: no connection to modbus server
[2025-03-01T08:22:02.318Z] Error reading actual data: no connection to modbus server
[2025-03-01T08:22:02.319Z] Error writing to Modbus register: no connection to modbus server
[2025-03-01T08:22:02.321Z] Error reading register 3105 for IP 10.30.4.91: no connection to modbus server
[2025-03-01T08:22:02.321Z] ❌ Error reading register 1000 for IP 10.30.4.91: no connection to modbus server
[2025-03-01T08:22:02.321Z] Error reading actual data: no connection to modbus server
[2025-03-01T08:22:02.323Z] Error writing to Modbus register: no connection to modbus server
[2025-03-01T08:22:02.323Z] Error reading register 3105 for IP 10.30.4.91: no connection to modbus server
[2025-03-01T08:22:02.323Z] Error reading actual data: no connection to modbus server
[2025-03-01T08:22:02.323Z] Error writing to Modbus register: no connection to modbus server
[2025-03-01T08:22:02.324Z] Error reading register 3105 for IP 10.30.4.91: no connection to modbus server
[2025-03-01T08:22:02.324Z] ❌ Error reading register 1000 for IP 10.30.4.91: no connection to modbus server
[2025-03-01T08:22:02.324Z] Error reading actual data: no connection to modbus server
[2025-03-01T08:22:02.324Z] Error writing to Modbus register: no connection to modbus server
[2025-03-01T08:22:02.323Z] ❌ Error reading register 1000 for IP 10.30.4.91: no connection to modbus server
[2025-03-01T08:22:02.371Z] Error reading register 3105 for IP 10.30.4.91: no connection to modbus server
[2025-03-01T08:22:02.371Z] ❌ Error reading register 1000 for IP 10.30.4.91: no connection to modbus server
[2025-03-01T08:22:02.372Z] Error reading actual data: no connection to modbus server
[2025-03-01T08:22:02.372Z] Error writing to Modbus register: no connection to modbus server
[2025-03-01T08:22:02.399Z] Error reading register 3105 for IP 10.30.4.91: no connection to modbus server
[2025-03-01T08:22:02.399Z] ❌ Error reading register 1000 for IP 10.30.4.91: no connection to modbus server
[2025-03-01T08:22:02.400Z] Error writing to Modbus register: no connection to modbus server
[2025-03-01T08:22:02.399Z] Error reading actual data: no connection to modbus server
[2025-03-01T08:22:03.317Z] Error reading register 3105 for IP 10.30.4.91: no connection to modbus server
[2025-03-01T08:22:03.318Z] ❌ Error reading register 1000 for IP 10.30.4.91: no connection to modbus server
[2025-03-01T08:22:03.318Z] Error reading actual data: no connection to modbus server
[2025-03-01T08:22:03.320Z] Error writing to Modbus register: no connection to modbus server
[2025-03-01T08:22:03.322Z] ❌ Error reading register 1000 for IP 10.30.4.91: no connection to modbus server
[2025-03-01T08:22:03.322Z] Error reading register 3105 for IP 10.30.4.91: no connection to modbus server
[2025-03-01T08:22:03.322Z] Error reading actual data: no connection to modbus server
[2025-03-01T08:22:03.323Z] Error writing to Modbus register: no connection to modbus server
[2025-03-01T08:22:03.323Z] ❌ Error reading register 1000 for IP 10.30.4.91: no connection to modbus server
[2025-03-01T08:22:03.323Z] Error reading register 3105 for IP 10.30.4.91: no connection to modbus server
[2025-03-01T08:22:03.323Z] Error reading actual data: no connection to modbus server
[2025-03-01T08:22:03.323Z] Error writing to Modbus register: no connection to modbus server
[2025-03-01T08:22:03.325Z] Error reading register 3105 for IP 10.30.4.91: no connection to modbus server
[2025-03-01T08:22:03.325Z] ❌ Error reading register 1000 for IP 10.30.4.91: no connection to modbus server
[2025-03-01T08:22:03.325Z] Error reading actual data: no connection to modbus server
[2025-03-01T08:22:03.325Z] Error writing to Modbus register: no connection to modbus server
[2025-03-01T08:22:03.379Z] Error reading register 3105 for IP 10.30.4.91: no connection to modbus server
[2025-03-01T08:22:03.379Z] ❌ Error reading register 1000 for IP 10.30.4.91: no connection to modbus server
[2025-03-01T08:22:03.379Z] Error reading actual data: no connection to modbus server
[2025-03-01T08:22:03.379Z] Error writing to Modbus register: no connection to modbus server
[2025-03-01T08:22:03.402Z] Error reading register 3105 for IP 10.30.4.91: no connection to modbus server
[2025-03-01T08:22:03.402Z] ❌ Error reading register 1000 for IP 10.30.4.91: no connection to modbus server
[2025-03-01T08:22:03.402Z] Error reading actual data: no connection to modbus server
[2025-03-01T08:22:03.402Z] Error writing to Modbus register: no connection to modbus server
[2025-03-01T08:22:04.333Z] Error reading register 3105 for IP 10.30.4.91: no connection to modbus server
[2025-03-01T08:22:04.334Z] ❌ Error reading register 1000 for IP 10.30.4.91: no connection to modbus server
[2025-03-01T08:22:04.336Z] Error writing to Modbus register: no connection to modbus server
[2025-03-01T08:22:04.337Z] ❌ Error reading register 1000 for IP 10.30.4.91: no connection to modbus server
[2025-03-01T08:22:04.337Z] Error reading register 3105 for IP 10.30.4.91: no connection to modbus server
[2025-03-01T08:22:04.335Z] Error reading actual data: no connection to modbus server
[2025-03-01T08:22:04.337Z] Error reading actual data: no connection to modbus server
[2025-03-01T08:22:04.338Z] Error writing to Modbus register: no connection to modbus server
[2025-03-01T08:22:04.339Z] Error reading register 3105 for IP 10.30.4.91: no connection to modbus server
[2025-03-01T08:22:04.339Z] ❌ Error reading register 1000 for IP 10.30.4.91: no connection to modbus server
[2025-03-01T08:22:04.340Z] Error reading actual data: no connection to modbus server
[2025-03-01T08:22:04.340Z] Error writing to Modbus register: no connection to modbus server
[2025-03-01T08:22:04.341Z] Error reading register 3105 for IP 10.30.4.91: no connection to modbus server
[2025-03-01T08:22:04.341Z] ❌ Error reading register 1000 for IP 10.30.4.91: no connection to modbus server
[2025-03-01T08:22:04.341Z] Error reading actual data: no connection to modbus server
[2025-03-01T08:22:04.341Z] Error writing to Modbus register: no connection to modbus server
[2025-03-01T08:22:04.384Z] Error reading register 3105 for IP 10.30.4.91: no connection to modbus server
[2025-03-01T08:22:04.385Z] ❌ Error reading register 1000 for IP 10.30.4.91: no connection to modbus server
[2025-03-01T08:22:04.386Z] Error reading actual data: no connection to modbus server
[2025-03-01T08:22:04.387Z] Error writing to Modbus register: no connection to modbus server
[2025-03-01T08:22:04.416Z] Error reading register 3105 for IP 10.30.4.91: no connection to modbus server
[2025-03-01T08:22:04.416Z] ❌ Error reading register 1000 for IP 10.30.4.91: no connection to modbus server
[2025-03-01T08:22:04.416Z] Error writing to Modbus register: no connection to modbus server
[2025-03-01T08:22:04.416Z] Error reading actual data: no connection to modbus server
[2025-03-01T08:22:05.341Z] Error reading register 3105 for IP 10.30.4.91: no connection to modbus server
[2025-03-01T08:22:05.341Z] ❌ Error reading register 1000 for IP 10.30.4.91: no connection to modbus server
[2025-03-01T08:22:05.341Z] Error writing to Modbus register: no connection to modbus server
[2025-03-01T08:22:05.342Z] Error reading register 3105 for IP 10.30.4.91: no connection to modbus server
[2025-03-01T08:22:05.342Z] ❌ Error reading register 1000 for IP 10.30.4.91: no connection to modbus server
[2025-03-01T08:22:05.342Z] Error reading actual data: no connection to modbus server
[2025-03-01T08:22:05.342Z] Error writing to Modbus register: no connection to modbus server
[2025-03-01T08:22:05.341Z] Error reading actual data: no connection to modbus server
[2025-03-01T08:22:05.343Z] Error reading register 3105 for IP 10.30.4.91: no connection to modbus server
[2025-03-01T08:22:05.343Z] ❌ Error reading register 1000 for IP 10.30.4.91: no connection to modbus server
[2025-03-01T08:22:05.343Z] Error reading actual data: no connection to modbus server
[2025-03-01T08:22:05.343Z] Error writing to Modbus register: no connection to modbus server
[2025-03-01T08:22:05.344Z] Error reading register 3105 for IP 10.30.4.91: no connection to modbus server
[2025-03-01T08:22:05.344Z] ❌ Error reading register 1000 for IP 10.30.4.91: no connection to modbus server
[2025-03-01T08:22:05.344Z] Error reading actual data: no connection to modbus server
[2025-03-01T08:22:05.345Z] Error writing to Modbus register: no connection to modbus server
[2025-03-01T08:22:05.384Z] Error reading register 3105 for IP 10.30.4.91: no connection to modbus server
[2025-03-01T08:22:05.384Z] ❌ Error reading register 1000 for IP 10.30.4.91: no connection to modbus server
[2025-03-01T08:22:05.384Z] Error reading actual data: no connection to modbus server
[2025-03-01T08:22:05.400Z] Error writing to Modbus register: no connection to modbus server
[2025-03-01T08:22:05.416Z] Error reading register 3105 for IP 10.30.4.91: no connection to modbus server
[2025-03-01T08:22:05.416Z] ❌ Error reading register 1000 for IP 10.30.4.91: no connection to modbus server
[2025-03-01T08:22:05.417Z] Error reading actual data: no connection to modbus server
[2025-03-01T08:22:05.417Z] Error writing to Modbus register: no connection to modbus server
[2025-03-01T08:22:06.350Z] Error reading register 3105 for IP 10.30.4.91: no connection to modbus server
[2025-03-01T08:22:06.350Z] ❌ Error reading register 1000 for IP 10.30.4.91: no connection to modbus server
[2025-03-01T08:22:06.352Z] Error writing to Modbus register: no connection to modbus server
[2025-03-01T08:22:06.354Z] Error reading register 3105 for IP 10.30.4.91: no connection to modbus server
[2025-03-01T08:22:06.351Z] Error reading actual data: no connection to modbus server
[2025-03-01T08:22:06.354Z] ❌ Error reading register 1000 for IP 10.30.4.91: no connection to modbus server
[2025-03-01T08:22:06.354Z] Error reading actual data: no connection to modbus server
[2025-03-01T08:22:06.355Z] Error writing to Modbus register: no connection to modbus server
[2025-03-01T08:22:06.356Z] Error reading register 3105 for IP 10.30.4.91: no connection to modbus server
[2025-03-01T08:22:06.357Z] ❌ Error reading register 1000 for IP 10.30.4.91: no connection to modbus server
[2025-03-01T08:22:06.357Z] Error reading actual data: no connection to modbus server
[2025-03-01T08:22:06.358Z] Error writing to Modbus register: no connection to modbus server
[2025-03-01T08:22:06.359Z] Error reading register 3105 for IP 10.30.4.91: no connection to modbus server
[2025-03-01T08:22:06.359Z] ❌ Error reading register 1000 for IP 10.30.4.91: no connection to modbus server
[2025-03-01T08:22:06.359Z] Error reading actual data: no connection to modbus server
[2025-03-01T08:22:06.360Z] Error writing to Modbus register: no connection to modbus server
[2025-03-01T08:22:06.399Z] Error reading register 3105 for IP 10.30.4.91: no connection to modbus server
[2025-03-01T08:22:06.400Z] ❌ Error reading register 1000 for IP 10.30.4.91: no connection to modbus server
[2025-03-01T08:22:06.400Z] Error reading actual data: no connection to modbus server
[2025-03-01T08:22:06.401Z] Error writing to Modbus register: no connection to modbus server
[2025-03-01T08:22:06.425Z] Error reading register 3105 for IP 10.30.4.91: no connection to modbus server
[2025-03-01T08:22:06.425Z] ❌ Error reading register 1000 for IP 10.30.4.91: no connection to modbus server
[2025-03-01T08:22:06.425Z] Error reading actual data: no connection to modbus server
[2025-03-01T08:22:06.425Z] Error writing to Modbus register: no connection to modbus server
[2025-03-01T08:22:07.349Z] Error reading register 3105 for IP 10.30.4.91: no connection to modbus server
[2025-03-01T08:22:07.350Z] ❌ Error reading register 1000 for IP 10.30.4.91: no connection to modbus server
[2025-03-01T08:22:07.350Z] Error reading actual data: no connection to modbus server
[2025-03-01T08:22:07.351Z] Error writing to Modbus register: no connection to modbus server
[2025-03-01T08:22:07.353Z] Error reading register 3105 for IP 10.30.4.91: no connection to modbus server
[2025-03-01T08:22:07.353Z] ❌ Error reading register 1000 for IP 10.30.4.91: no connection to modbus server
[2025-03-01T08:22:07.353Z] Error reading actual data: no connection to modbus server
[2025-03-01T08:22:07.364Z] Error writing to Modbus register: no connection to modbus server
[2025-03-01T08:22:07.366Z] Error reading register 3105 for IP 10.30.4.91: no connection to modbus server
[2025-03-01T08:22:07.366Z] ❌ Error reading register 1000 for IP 10.30.4.91: no connection to modbus server
[2025-03-01T08:22:07.366Z] Error reading actual data: no connection to modbus server
[2025-03-01T08:22:07.369Z] ❌ Error reading register 1000 for IP 10.30.4.91: no connection to modbus server
[2025-03-01T08:22:07.369Z] Error reading actual data: no connection to modbus server
[2025-03-01T08:22:07.367Z] Error writing to Modbus register: no connection to modbus server
[2025-03-01T08:22:07.369Z] Error writing to Modbus register: no connection to modbus server
[2025-03-01T08:22:07.368Z] Error reading register 3105 for IP 10.30.4.91: no connection to modbus server
[2025-03-01T08:22:07.399Z] Error reading register 3105 for IP 10.30.4.91: no connection to modbus server
[2025-03-01T08:22:07.399Z] ❌ Error reading register 1000 for IP 10.30.4.91: no connection to modbus server
[2025-03-01T08:22:07.399Z] Error reading actual data: no connection to modbus server
[2025-03-01T08:22:07.400Z] Error writing to Modbus register: no connection to modbus server
[2025-03-01T08:22:07.431Z] Error reading register 3105 for IP 10.30.4.91: no connection to modbus server
[2025-03-01T08:22:07.432Z] ❌ Error reading register 1000 for IP 10.30.4.91: no connection to modbus server
[2025-03-01T08:22:07.432Z] Error reading actual data: no connection to modbus server
[2025-03-01T08:22:07.432Z] Error writing to Modbus register: no connection to modbus server
[2025-03-01T08:22:08.349Z] ❌ Error reading register 1000 for IP 10.30.4.91: no connection to modbus server
[2025-03-01T08:22:08.349Z] Error reading register 3105 for IP 10.30.4.91: no connection to modbus server
[2025-03-01T08:22:08.349Z] Error reading actual data: no connection to modbus server
[2025-03-01T08:22:08.365Z] Error writing to Modbus register: no connection to modbus server
[2025-03-01T08:22:08.366Z] Error reading register 3105 for IP 10.30.4.91: no connection to modbus server
[2025-03-01T08:22:08.367Z] ❌ Error reading register 1000 for IP 10.30.4.91: no connection to modbus server
[2025-03-01T08:22:08.368Z] Error writing to Modbus register: no connection to modbus server
[2025-03-01T08:22:08.367Z] Error reading actual data: no connection to modbus server
[2025-03-01T08:22:08.369Z] Error reading register 3105 for IP 10.30.4.91: no connection to modbus server
[2025-03-01T08:22:08.369Z] Error reading actual data: no connection to modbus server
[2025-03-01T08:22:08.369Z] ❌ Error reading register 1000 for IP 10.30.4.91: no connection to modbus server
[2025-03-01T08:22:08.370Z] Error writing to Modbus register: no connection to modbus server
[2025-03-01T08:22:08.371Z] ❌ Error reading register 1000 for IP 10.30.4.91: no connection to modbus server
[2025-03-01T08:22:08.370Z] Error reading register 3105 for IP 10.30.4.91: no connection to modbus server
[2025-03-01T08:22:08.371Z] Error reading actual data: no connection to modbus server
[2025-03-01T08:22:08.371Z] Error writing to Modbus register: no connection to modbus server
[2025-03-01T08:22:08.417Z] Error reading register 3105 for IP 10.30.4.91: no connection to modbus server
[2025-03-01T08:22:08.418Z] ❌ Error reading register 1000 for IP 10.30.4.91: no connection to modbus server
[2025-03-01T08:22:08.418Z] Error reading actual data: no connection to modbus server
[2025-03-01T08:22:08.419Z] Error writing to Modbus register: no connection to modbus server
[2025-03-01T08:22:08.433Z] Error reading register 3105 for IP 10.30.4.91: no connection to modbus server
[2025-03-01T08:22:08.433Z] ❌ Error reading register 1000 for IP 10.30.4.91: no connection to modbus server
[2025-03-01T08:22:08.433Z] Error writing to Modbus register: no connection to modbus server
[2025-03-01T08:22:08.433Z] Error reading actual data: no connection to modbus server
[2025-03-01T08:22:09.363Z] Error reading register 3105 for IP 10.30.4.91: no connection to modbus server
[2025-03-01T08:22:09.364Z] ❌ Error reading register 1000 for IP 10.30.4.91: no connection to modbus server
[2025-03-01T08:22:09.364Z] Error reading actual data: no connection to modbus server
[2025-03-01T08:22:09.366Z] Error writing to Modbus register: no connection to modbus server
[2025-03-01T08:22:09.367Z] Error reading register 3105 for IP 10.30.4.91: no connection to modbus server
[2025-03-01T08:22:09.367Z] ❌ Error reading register 1000 for IP 10.30.4.91: no connection to modbus server
[2025-03-01T08:22:09.368Z] Error reading actual data: no connection to modbus server
[2025-03-01T08:22:09.368Z] Error writing to Modbus register: no connection to modbus server
[2025-03-01T08:22:09.369Z] Error reading register 3105 for IP 10.30.4.91: no connection to modbus server
[2025-03-01T08:22:09.369Z] ❌ Error reading register 1000 for IP 10.30.4.91: no connection to modbus server
[2025-03-01T08:22:09.369Z] Error reading actual data: no connection to modbus server
[2025-03-01T08:22:09.370Z] Error writing to Modbus register: no connection to modbus server
[2025-03-01T08:22:09.370Z] Error reading register 3105 for IP 10.30.4.91: no connection to modbus server
[2025-03-01T08:22:09.370Z] ❌ Error reading register 1000 for IP 10.30.4.91: no connection to modbus server
[2025-03-01T08:22:09.370Z] Error reading actual data: no connection to modbus server
[2025-03-01T08:22:09.371Z] Error writing to Modbus register: no connection to modbus server
[2025-03-01T08:22:09.417Z] Error reading register 3105 for IP 10.30.4.91: no connection to modbus server
[2025-03-01T08:22:09.418Z] ❌ Error reading register 1000 for IP 10.30.4.91: no connection to modbus server
[2025-03-01T08:22:09.418Z] Error reading actual data: no connection to modbus server
[2025-03-01T08:22:09.419Z] Error writing to Modbus register: no connection to modbus server
[2025-03-01T08:22:09.433Z] Error reading register 3105 for IP 10.30.4.91: no connection to modbus server
[2025-03-01T08:22:09.433Z] ❌ Error reading register 1000 for IP 10.30.4.91: no connection to modbus server
[2025-03-01T08:22:09.433Z] Error reading actual data: no connection to modbus server
[2025-03-01T08:22:09.434Z] Error writing to Modbus register: no connection to modbus server
[2025-03-01T08:22:10.368Z] Error reading register 3105 for IP 10.30.4.91: no connection to modbus server
[2025-03-01T08:22:10.369Z] ❌ Error reading register 1000 for IP 10.30.4.91: no connection to modbus server
[2025-03-01T08:22:10.371Z] ❌ Error reading register 1000 for IP 10.30.4.91: no connection to modbus server
[2025-03-01T08:22:10.369Z] Error reading actual data: no connection to modbus server
[2025-03-01T08:22:10.371Z] Error reading register 3105 for IP 10.30.4.91: no connection to modbus server
[2025-03-01T08:22:10.371Z] Error writing to Modbus register: no connection to modbus server
[2025-03-01T08:22:10.371Z] Error reading actual data: no connection to modbus server
[2025-03-01T08:22:10.372Z] Error writing to Modbus register: no connection to modbus server
[2025-03-01T08:22:10.372Z] Error reading register 3105 for IP 10.30.4.91: no connection to modbus server
[2025-03-01T08:22:10.372Z] ❌ Error reading register 1000 for IP 10.30.4.91: no connection to modbus server
[2025-03-01T08:22:10.373Z] Error reading actual data: no connection to modbus server
[2025-03-01T08:22:10.373Z] Error writing to Modbus register: no connection to modbus server
[2025-03-01T08:22:10.373Z] Error reading register 3105 for IP 10.30.4.91: no connection to modbus server
[2025-03-01T08:22:10.373Z] ❌ Error reading register 1000 for IP 10.30.4.91: no connection to modbus server
[2025-03-01T08:22:10.373Z] Error reading actual data: no connection to modbus server
[2025-03-01T08:22:10.374Z] Error writing to Modbus register: no connection to modbus server
[2025-03-01T08:22:10.432Z] Error reading register 3105 for IP 10.30.4.91: no connection to modbus server
[2025-03-01T08:22:10.433Z] ❌ Error reading register 1000 for IP 10.30.4.91: no connection to modbus server
[2025-03-01T08:22:10.433Z] Error reading actual data: no connection to modbus server
[2025-03-01T08:22:10.435Z] Error writing to Modbus register: no connection to modbus server
[2025-03-01T08:22:10.436Z] Error reading register 3105 for IP 10.30.4.91: no connection to modbus server
[2025-03-01T08:22:10.437Z] ❌ Error reading register 1000 for IP 10.30.4.91: no connection to modbus server
[2025-03-01T08:22:10.437Z] Error reading actual data: no connection to modbus server
[2025-03-01T08:22:10.438Z] Error writing to Modbus register: no connection to modbus server
[2025-03-01T08:22:11.379Z] Error reading register 3105 for IP 10.30.4.91: no connection to modbus server
[2025-03-01T08:22:11.380Z] ❌ Error reading register 1000 for IP 10.30.4.91: no connection to modbus server
[2025-03-01T08:22:11.380Z] Error reading actual data: no connection to modbus server
[2025-03-01T08:22:11.380Z] Error writing to Modbus register: no connection to modbus server
[2025-03-01T08:22:11.381Z] Error reading register 3105 for IP 10.30.4.91: no connection to modbus server
[2025-03-01T08:22:11.381Z] ❌ Error reading register 1000 for IP 10.30.4.91: no connection to modbus server
[2025-03-01T08:22:11.381Z] Error reading actual data: no connection to modbus server
[2025-03-01T08:22:11.382Z] Error writing to Modbus register: no connection to modbus server
[2025-03-01T08:22:11.382Z] Error reading register 3105 for IP 10.30.4.91: no connection to modbus server
[2025-03-01T08:22:11.382Z] ❌ Error reading register 1000 for IP 10.30.4.91: no connection to modbus server
[2025-03-01T08:22:11.382Z] Error reading actual data: no connection to modbus server
[2025-03-01T08:22:11.383Z] Error writing to Modbus register: no connection to modbus server
[2025-03-01T08:22:11.383Z] Error reading register 3105 for IP 10.30.4.91: no connection to modbus server
[2025-03-01T08:22:11.384Z] ❌ Error reading register 1000 for IP 10.30.4.91: no connection to modbus server
[2025-03-01T08:22:11.384Z] Error reading actual data: no connection to modbus server
[2025-03-01T08:22:11.384Z] Error writing to Modbus register: no connection to modbus server
[2025-03-01T08:22:11.435Z] Error reading register 3105 for IP 10.30.4.91: no connection to modbus server
[2025-03-01T08:22:11.435Z] ❌ Error reading register 1000 for IP 10.30.4.91: no connection to modbus server
[2025-03-01T08:22:11.436Z] Error reading actual data: no connection to modbus server
[2025-03-01T08:22:11.436Z] Error writing to Modbus register: no connection to modbus server
[2025-03-01T08:22:11.437Z] ❌ Error reading register 1000 for IP 10.30.4.91: no connection to modbus server
[2025-03-01T08:22:11.437Z] Error reading register 3105 for IP 10.30.4.91: no connection to modbus server
[2025-03-01T08:22:11.438Z] Error writing to Modbus register: no connection to modbus server
[2025-03-01T08:22:11.438Z] Error reading actual data: no connection to modbus server
[2025-03-01T08:22:12.384Z] Error reading register 3105 for IP 10.30.4.91: no connection to modbus server
[2025-03-01T08:22:12.385Z] ❌ Error reading register 1000 for IP 10.30.4.91: no connection to modbus server
[2025-03-01T08:22:12.385Z] Error reading actual data: no connection to modbus server
[2025-03-01T08:22:12.386Z] Error writing to Modbus register: no connection to modbus server
[2025-03-01T08:22:12.388Z] Error reading register 3105 for IP 10.30.4.91: no connection to modbus server
[2025-03-01T08:22:12.388Z] ❌ Error reading register 1000 for IP 10.30.4.91: no connection to modbus server
[2025-03-01T08:22:12.388Z] Error reading actual data: no connection to modbus server
[2025-03-01T08:22:12.389Z] Error writing to Modbus register: no connection to modbus server
[2025-03-01T08:22:12.389Z] Error reading register 3105 for IP 10.30.4.91: no connection to modbus server
[2025-03-01T08:22:12.390Z] ❌ Error reading register 1000 for IP 10.30.4.91: no connection to modbus server
[2025-03-01T08:22:12.390Z] Error reading actual data: no connection to modbus server
[2025-03-01T08:22:12.391Z] Error writing to Modbus register: no connection to modbus server
[2025-03-01T08:22:12.392Z] ❌ Error reading register 1000 for IP 10.30.4.91: no connection to modbus server
[2025-03-01T08:22:12.392Z] Error reading actual data: no connection to modbus server
[2025-03-01T08:22:12.391Z] Error reading register 3105 for IP 10.30.4.91: no connection to modbus server
[2025-03-01T08:22:12.392Z] Error writing to Modbus register: no connection to modbus server
[2025-03-01T08:22:12.451Z] Error reading register 3105 for IP 10.30.4.91: no connection to modbus server
[2025-03-01T08:22:12.455Z] Error reading register 3105 for IP 10.30.4.91: no connection to modbus server
[2025-03-01T08:22:12.452Z] ❌ Error reading register 1000 for IP 10.30.4.91: no connection to modbus server
[2025-03-01T08:22:12.455Z] ❌ Error reading register 1000 for IP 10.30.4.91: no connection to modbus server
[2025-03-01T08:22:12.453Z] Error writing to Modbus register: no connection to modbus server
[2025-03-01T08:22:12.455Z] Error reading actual data: no connection to modbus server
[2025-03-01T08:22:12.452Z] Error reading actual data: no connection to modbus server
[2025-03-01T08:22:12.456Z] Error writing to Modbus register: no connection to modbus server
[2025-03-01T08:22:13.397Z] Error reading register 3105 for IP 10.30.4.91: no connection to modbus server
[2025-03-01T08:22:13.397Z] ❌ Error reading register 1000 for IP 10.30.4.91: no connection to modbus server
[2025-03-01T08:22:13.397Z] Error reading actual data: no connection to modbus server
[2025-03-01T08:22:13.397Z] Error writing to Modbus register: no connection to modbus server
[2025-03-01T08:22:13.398Z] Error reading register 3105 for IP 10.30.4.91: no connection to modbus server
[2025-03-01T08:22:13.398Z] ❌ Error reading register 1000 for IP 10.30.4.91: no connection to modbus server
[2025-03-01T08:22:13.398Z] Error reading actual data: no connection to modbus server
[2025-03-01T08:22:13.398Z] Error writing to Modbus register: no connection to modbus server
[2025-03-01T08:22:13.399Z] Error reading register 3105 for IP 10.30.4.91: no connection to modbus server
[2025-03-01T08:22:13.399Z] ❌ Error reading register 1000 for IP 10.30.4.91: no connection to modbus server
[2025-03-01T08:22:13.399Z] Error reading actual data: no connection to modbus server
[2025-03-01T08:22:13.400Z] Error writing to Modbus register: no connection to modbus server
[2025-03-01T08:22:13.400Z] Error reading register 3105 for IP 10.30.4.91: no connection to modbus server
[2025-03-01T08:22:13.400Z] ❌ Error reading register 1000 for IP 10.30.4.91: no connection to modbus server
[2025-03-01T08:22:13.401Z] Error reading actual data: no connection to modbus server
[2025-03-01T08:22:13.401Z] Error writing to Modbus register: no connection to modbus server
[2025-03-01T08:22:13.455Z] Error reading register 3105 for IP 10.30.4.91: no connection to modbus server
[2025-03-01T08:22:13.455Z] ❌ Error reading register 1000 for IP 10.30.4.91: no connection to modbus server
[2025-03-01T08:22:13.455Z] Error reading actual data: no connection to modbus server
[2025-03-01T08:22:13.455Z] Error writing to Modbus register: no connection to modbus server
[2025-03-01T08:22:13.456Z] Error reading register 3105 for IP 10.30.4.91: no connection to modbus server
[2025-03-01T08:22:13.456Z] ❌ Error reading register 1000 for IP 10.30.4.91: no connection to modbus server
[2025-03-01T08:22:13.456Z] Error reading actual data: no connection to modbus server
[2025-03-01T08:22:13.457Z] Error writing to Modbus register: no connection to modbus server
[2025-03-01T08:22:14.401Z] Error reading register 3105 for IP 10.30.4.91: no connection to modbus server
[2025-03-01T08:22:14.401Z] ❌ Error reading register 1000 for IP 10.30.4.91: no connection to modbus server
[2025-03-01T08:22:14.404Z] Error reading register 3105 for IP 10.30.4.91: no connection to modbus server
[2025-03-01T08:22:14.403Z] Error writing to Modbus register: no connection to modbus server
[2025-03-01T08:22:14.402Z] Error reading actual data: no connection to modbus server
[2025-03-01T08:22:14.405Z] Error reading actual data: no connection to modbus server
[2025-03-01T08:22:14.406Z] Error writing to Modbus register: no connection to modbus server
[2025-03-01T08:22:14.405Z] ❌ Error reading register 1000 for IP 10.30.4.91: no connection to modbus server
[2025-03-01T08:22:14.407Z] Error reading register 3105 for IP 10.30.4.91: no connection to modbus server
[2025-03-01T08:22:14.407Z] ❌ Error reading register 1000 for IP 10.30.4.91: no connection to modbus server
[2025-03-01T08:22:14.408Z] Error reading actual data: no connection to modbus server
[2025-03-01T08:22:14.409Z] Error writing to Modbus register: no connection to modbus server
[2025-03-01T08:22:14.410Z] ❌ Error reading register 1000 for IP 10.30.4.91: no connection to modbus server
[2025-03-01T08:22:14.410Z] Error reading register 3105 for IP 10.30.4.91: no connection to modbus server
[2025-03-01T08:22:14.410Z] Error reading actual data: no connection to modbus server
[2025-03-01T08:22:14.411Z] Error writing to Modbus register: no connection to modbus server
[2025-03-01T08:22:14.465Z] Error reading register 3105 for IP 10.30.4.91: no connection to modbus server
[2025-03-01T08:22:14.466Z] Error reading actual data: no connection to modbus server
[2025-03-01T08:22:14.466Z] ❌ Error reading register 1000 for IP 10.30.4.91: no connection to modbus server
[2025-03-01T08:22:14.467Z] Error writing to Modbus register: no connection to modbus server
[2025-03-01T08:22:14.469Z] Error reading register 3105 for IP 10.30.4.91: no connection to modbus server
[2025-03-01T08:22:14.470Z] ❌ Error reading register 1000 for IP 10.30.4.91: no connection to modbus server
[2025-03-01T08:22:14.470Z] Error reading actual data: no connection to modbus server
[2025-03-01T08:22:14.471Z] Error writing to Modbus register: no connection to modbus server
[2025-03-01T08:22:15.416Z] Error reading register 3105 for IP 10.30.4.91: no connection to modbus server
[2025-03-01T08:22:15.417Z] ❌ Error reading register 1000 for IP 10.30.4.91: no connection to modbus server
[2025-03-01T08:22:15.418Z] Error reading actual data: no connection to modbus server
[2025-03-01T08:22:15.419Z] Error writing to Modbus register: no connection to modbus server
[2025-03-01T08:22:15.420Z] Error reading register 3105 for IP 10.30.4.91: no connection to modbus server
[2025-03-01T08:22:15.420Z] ❌ Error reading register 1000 for IP 10.30.4.91: no connection to modbus server
[2025-03-01T08:22:15.420Z] Error reading actual data: no connection to modbus server
[2025-03-01T08:22:15.420Z] Error writing to Modbus register: no connection to modbus server
[2025-03-01T08:22:15.421Z] Error reading register 3105 for IP 10.30.4.91: no connection to modbus server
[2025-03-01T08:22:15.421Z] ❌ Error reading register 1000 for IP 10.30.4.91: no connection to modbus server
[2025-03-01T08:22:15.421Z] Error reading actual data: no connection to modbus server
[2025-03-01T08:22:15.421Z] Error writing to Modbus register: no connection to modbus server
[2025-03-01T08:22:15.422Z] Error reading register 3105 for IP 10.30.4.91: no connection to modbus server
[2025-03-01T08:22:15.422Z] ❌ Error reading register 1000 for IP 10.30.4.91: no connection to modbus server
[2025-03-01T08:22:15.422Z] Error reading actual data: no connection to modbus server
[2025-03-01T08:22:15.422Z] Error writing to Modbus register: no connection to modbus server
[2025-03-01T08:22:15.467Z] Error reading register 3105 for IP 10.30.4.91: no connection to modbus server
[2025-03-01T08:22:15.468Z] ❌ Error reading register 1000 for IP 10.30.4.91: no connection to modbus server
[2025-03-01T08:22:15.468Z] Error reading actual data: no connection to modbus server
[2025-03-01T08:22:15.471Z] Error reading register 3105 for IP 10.30.4.91: no connection to modbus server
[2025-03-01T08:22:15.470Z] Error writing to Modbus register: no connection to modbus server
[2025-03-01T08:22:15.471Z] ❌ Error reading register 1000 for IP 10.30.4.91: no connection to modbus server
[2025-03-01T08:22:15.472Z] Error reading actual data: no connection to modbus server
[2025-03-01T08:22:15.473Z] Error writing to Modbus register: no connection to modbus server
[2025-03-01T08:22:16.417Z] Error reading register 3105 for IP 10.30.4.91: no connection to modbus server
[2025-03-01T08:22:16.418Z] ❌ Error reading register 1000 for IP 10.30.4.91: no connection to modbus server
[2025-03-01T08:22:16.418Z] Error reading actual data: no connection to modbus server
[2025-03-01T08:22:16.419Z] Error writing to Modbus register: no connection to modbus server
[2025-03-01T08:22:16.421Z] Error reading register 3105 for IP 10.30.4.91: no connection to modbus server
[2025-03-01T08:22:16.421Z] ❌ Error reading register 1000 for IP 10.30.4.91: no connection to modbus server
[2025-03-01T08:22:16.421Z] Error reading actual data: no connection to modbus server
[2025-03-01T08:22:16.423Z] Error writing to Modbus register: no connection to modbus server
[2025-03-01T08:22:16.424Z] Error reading register 3105 for IP 10.30.4.91: no connection to modbus server
[2025-03-01T08:22:16.424Z] ❌ Error reading register 1000 for IP 10.30.4.91: no connection to modbus server
[2025-03-01T08:22:16.424Z] Error reading actual data: no connection to modbus server
[2025-03-01T08:22:16.424Z] Error writing to Modbus register: no connection to modbus server
[2025-03-01T08:22:16.425Z] Error reading register 3105 for IP 10.30.4.91: no connection to modbus server
[2025-03-01T08:22:16.425Z] ❌ Error reading register 1000 for IP 10.30.4.91: no connection to modbus server
[2025-03-01T08:22:16.425Z] Error reading actual data: no connection to modbus server
[2025-03-01T08:22:16.425Z] Error writing to Modbus register: no connection to modbus server
[2025-03-01T08:22:16.468Z] Error reading register 3105 for IP 10.30.4.91: no connection to modbus server
[2025-03-01T08:22:16.468Z] ❌ Error reading register 1000 for IP 10.30.4.91: no connection to modbus server
[2025-03-01T08:22:16.469Z] Error reading actual data: no connection to modbus server
[2025-03-01T08:22:16.470Z] Error writing to Modbus register: no connection to modbus server
[2025-03-01T08:22:16.472Z] Error reading register 3105 for IP 10.30.4.91: no connection to modbus server
[2025-03-01T08:22:16.473Z] ❌ Error reading register 1000 for IP 10.30.4.91: no connection to modbus server
[2025-03-01T08:22:16.473Z] Error reading actual data: no connection to modbus server
[2025-03-01T08:22:16.473Z] Error writing to Modbus register: no connection to modbus server
[2025-03-01T08:22:17.428Z] Error reading register 3105 for IP 10.30.4.91: no connection to modbus server
[2025-03-01T08:22:17.428Z] ❌ Error reading register 1000 for IP 10.30.4.91: no connection to modbus server
[2025-03-01T08:22:17.429Z] Error writing to Modbus register: no connection to modbus server
[2025-03-01T08:22:17.431Z] ❌ Error reading register 1000 for IP 10.30.4.91: no connection to modbus server
[2025-03-01T08:22:17.431Z] Error reading actual data: no connection to modbus server
[2025-03-01T08:22:17.432Z] Error writing to Modbus register: no connection to modbus server
[2025-03-01T08:22:17.430Z] Error reading register 3105 for IP 10.30.4.91: no connection to modbus server
[2025-03-01T08:22:17.429Z] Error reading actual data: no connection to modbus server
[2025-03-01T08:22:17.432Z] Error reading register 3105 for IP 10.30.4.91: no connection to modbus server
[2025-03-01T08:22:17.432Z] ❌ Error reading register 1000 for IP 10.30.4.91: no connection to modbus server
[2025-03-01T08:22:17.433Z] Error writing to Modbus register: no connection to modbus server
[2025-03-01T08:22:17.433Z] Error reading register 3105 for IP 10.30.4.91: no connection to modbus server
[2025-03-01T08:22:17.433Z] Error reading actual data: no connection to modbus server
[2025-03-01T08:22:17.433Z] ❌ Error reading register 1000 for IP 10.30.4.91: no connection to modbus server
[2025-03-01T08:22:17.433Z] Error reading actual data: no connection to modbus server
[2025-03-01T08:22:17.434Z] Error writing to Modbus register: no connection to modbus server
[2025-03-01T08:22:17.484Z] Error reading register 3105 for IP 10.30.4.91: no connection to modbus server
[2025-03-01T08:22:17.484Z] ❌ Error reading register 1000 for IP 10.30.4.91: no connection to modbus server
[2025-03-01T08:22:17.485Z] Error reading actual data: no connection to modbus server
[2025-03-01T08:22:17.486Z] Error writing to Modbus register: no connection to modbus server
[2025-03-01T08:22:17.487Z] Error reading register 3105 for IP 10.30.4.91: no connection to modbus server
[2025-03-01T08:22:17.488Z] ❌ Error reading register 1000 for IP 10.30.4.91: no connection to modbus server
[2025-03-01T08:22:17.488Z] Error reading actual data: no connection to modbus server
[2025-03-01T08:22:17.488Z] Error writing to Modbus register: no connection to modbus server
[2025-03-01T08:22:18.434Z] Error reading register 3105 for IP 10.30.4.91: no connection to modbus server
[2025-03-01T08:22:18.435Z] ❌ Error reading register 1000 for IP 10.30.4.91: no connection to modbus server
[2025-03-01T08:22:18.435Z] Error reading actual data: no connection to modbus server
[2025-03-01T08:22:18.437Z] Error writing to Modbus register: no connection to modbus server
[2025-03-01T08:22:18.438Z] Error reading register 3105 for IP 10.30.4.91: no connection to modbus server
[2025-03-01T08:22:18.439Z] ❌ Error reading register 1000 for IP 10.30.4.91: no connection to modbus server
[2025-03-01T08:22:18.439Z] Error reading actual data: no connection to modbus server
[2025-03-01T08:22:18.440Z] Error writing to Modbus register: no connection to modbus server
[2025-03-01T08:22:18.441Z] Error reading register 3105 for IP 10.30.4.91: no connection to modbus server
[2025-03-01T08:22:18.441Z] ❌ Error reading register 1000 for IP 10.30.4.91: no connection to modbus server
[2025-03-01T08:22:18.441Z] Error reading actual data: no connection to modbus server
[2025-03-01T08:22:18.443Z] Error writing to Modbus register: no connection to modbus server
[2025-03-01T08:22:18.443Z] Error reading register 3105 for IP 10.30.4.91: no connection to modbus server
[2025-03-01T08:22:18.443Z] ❌ Error reading register 1000 for IP 10.30.4.91: no connection to modbus server
[2025-03-01T08:22:18.443Z] Error reading actual data: no connection to modbus server
[2025-03-01T08:22:18.444Z] Error writing to Modbus register: no connection to modbus server
[2025-03-01T08:22:18.497Z] Error reading register 3105 for IP 10.30.4.91: no connection to modbus server
[2025-03-01T08:22:18.498Z] Error reading actual data: no connection to modbus server
[2025-03-01T08:22:18.498Z] ❌ Error reading register 1000 for IP 10.30.4.91: no connection to modbus server
[2025-03-01T08:22:18.499Z] Error writing to Modbus register: no connection to modbus server
[2025-03-01T08:22:18.501Z] Error reading register 3105 for IP 10.30.4.91: no connection to modbus server
[2025-03-01T08:22:18.502Z] ❌ Error reading register 1000 for IP 10.30.4.91: no connection to modbus server
[2025-03-01T08:22:18.502Z] Error reading actual data: no connection to modbus server
[2025-03-01T08:22:18.503Z] Error writing to Modbus register: no connection to modbus server
[2025-03-01T08:22:19.434Z] Error reading register 3105 for IP 10.30.4.91: no connection to modbus server
[2025-03-01T08:22:19.434Z] ❌ Error reading register 1000 for IP 10.30.4.91: no connection to modbus server
[2025-03-01T08:22:19.434Z] Error reading actual data: no connection to modbus server
[2025-03-01T08:22:19.436Z] Error writing to Modbus register: no connection to modbus server
[2025-03-01T08:22:19.437Z] Error reading register 3105 for IP 10.30.4.91: no connection to modbus server
[2025-03-01T08:22:19.437Z] ❌ Error reading register 1000 for IP 10.30.4.91: no connection to modbus server
[2025-03-01T08:22:19.437Z] Error reading actual data: no connection to modbus server
[2025-03-01T08:22:19.449Z] Error writing to Modbus register: no connection to modbus server
[2025-03-01T08:22:19.450Z] Error reading register 3105 for IP 10.30.4.91: no connection to modbus server
[2025-03-01T08:22:19.450Z] ❌ Error reading register 1000 for IP 10.30.4.91: no connection to modbus server
[2025-03-01T08:22:19.451Z] Error reading actual data: no connection to modbus server
[2025-03-01T08:22:19.451Z] Error writing to Modbus register: no connection to modbus server
[2025-03-01T08:22:19.452Z] Error reading register 3105 for IP 10.30.4.91: no connection to modbus server
[2025-03-01T08:22:19.453Z] ❌ Error reading register 1000 for IP 10.30.4.91: no connection to modbus server
[2025-03-01T08:22:19.453Z] Error reading actual data: no connection to modbus server
[2025-03-01T08:22:19.453Z] Error writing to Modbus register: no connection to modbus server
[2025-03-01T08:22:19.501Z] Error reading register 3105 for IP 10.30.4.91: no connection to modbus server
[2025-03-01T08:22:19.502Z] ❌ Error reading register 1000 for IP 10.30.4.91: no connection to modbus server
[2025-03-01T08:22:19.502Z] Error reading actual data: no connection to modbus server
[2025-03-01T08:22:19.503Z] Error writing to Modbus register: no connection to modbus server
[2025-03-01T08:22:19.505Z] Error reading register 3105 for IP 10.30.4.91: no connection to modbus server
[2025-03-01T08:22:19.505Z] ❌ Error reading register 1000 for IP 10.30.4.91: no connection to modbus server
[2025-03-01T08:22:19.505Z] Error reading actual data: no connection to modbus server
[2025-03-01T08:22:19.506Z] Error writing to Modbus register: no connection to modbus server
[2025-03-01T08:22:20.438Z] Error reading register 3105 for IP 10.30.4.91: no connection to modbus server
[2025-03-01T08:22:20.438Z] ❌ Error reading register 1000 for IP 10.30.4.91: no connection to modbus server
[2025-03-01T08:22:20.438Z] Error reading actual data: no connection to modbus server
[2025-03-01T08:22:20.439Z] Error writing to Modbus register: no connection to modbus server
[2025-03-01T08:22:20.439Z] Error reading register 3105 for IP 10.30.4.91: no connection to modbus server
[2025-03-01T08:22:20.439Z] ❌ Error reading register 1000 for IP 10.30.4.91: no connection to modbus server
[2025-03-01T08:22:20.439Z] Error reading actual data: no connection to modbus server
[2025-03-01T08:22:20.454Z] Error writing to Modbus register: no connection to modbus server
[2025-03-01T08:22:20.454Z] ❌ Error reading register 1000 for IP 10.30.4.91: no connection to modbus server
[2025-03-01T08:22:20.455Z] Error writing to Modbus register: no connection to modbus server
[2025-03-01T08:22:20.455Z] ❌ Error reading register 1000 for IP 10.30.4.91: no connection to modbus server
[2025-03-01T08:22:20.455Z] Error reading register 3105 for IP 10.30.4.91: no connection to modbus server
[2025-03-01T08:22:20.455Z] Error reading actual data: no connection to modbus server
[2025-03-01T08:22:20.456Z] Error writing to Modbus register: no connection to modbus server
[2025-03-01T08:22:20.454Z] Error reading register 3105 for IP 10.30.4.91: no connection to modbus server
[2025-03-01T08:22:20.455Z] Error reading actual data: no connection to modbus server
[2025-03-01T08:22:20.500Z] Error reading register 3105 for IP 10.30.4.91: no connection to modbus server
[2025-03-01T08:22:20.501Z] ❌ Error reading register 1000 for IP 10.30.4.91: no connection to modbus server
[2025-03-01T08:22:20.501Z] Error reading actual data: no connection to modbus server
[2025-03-01T08:22:20.504Z] Error reading register 3105 for IP 10.30.4.91: no connection to modbus server
[2025-03-01T08:22:20.504Z] ❌ Error reading register 1000 for IP 10.30.4.91: no connection to modbus server
[2025-03-01T08:22:20.503Z] Error writing to Modbus register: no connection to modbus server
[2025-03-01T08:22:20.504Z] Error reading actual data: no connection to modbus server
[2025-03-01T08:22:20.516Z] Error writing to Modbus register: no connection to modbus server
[2025-03-01T08:22:21.449Z] Error reading register 3105 for IP 10.30.4.91: no connection to modbus server
[2025-03-01T08:22:21.449Z] Error reading actual data: no connection to modbus server
[2025-03-01T08:22:21.449Z] ❌ Error reading register 1000 for IP 10.30.4.91: no connection to modbus server
[2025-03-01T08:22:21.450Z] Error writing to Modbus register: no connection to modbus server
[2025-03-01T08:22:21.450Z] Error reading register 3105 for IP 10.30.4.91: no connection to modbus server
[2025-03-01T08:22:21.450Z] ❌ Error reading register 1000 for IP 10.30.4.91: no connection to modbus server
[2025-03-01T08:22:21.450Z] Error reading actual data: no connection to modbus server
[2025-03-01T08:22:21.465Z] Error writing to Modbus register: no connection to modbus server
[2025-03-01T08:22:21.465Z] Error reading register 3105 for IP 10.30.4.91: no connection to modbus server
[2025-03-01T08:22:21.465Z] ❌ Error reading register 1000 for IP 10.30.4.91: no connection to modbus server
[2025-03-01T08:22:21.466Z] Error reading actual data: no connection to modbus server
[2025-03-01T08:22:21.466Z] Error writing to Modbus register: no connection to modbus server
[2025-03-01T08:22:21.466Z] ❌ Error reading register 1000 for IP 10.30.4.91: no connection to modbus server
[2025-03-01T08:22:21.466Z] Error reading actual data: no connection to modbus server
[2025-03-01T08:22:21.466Z] Error reading register 3105 for IP 10.30.4.91: no connection to modbus server
[2025-03-01T08:22:21.467Z] Error writing to Modbus register: no connection to modbus server
[2025-03-01T08:22:21.499Z] Error reading register 3105 for IP 10.30.4.91: no connection to modbus server
[2025-03-01T08:22:21.499Z] ❌ Error reading register 1000 for IP 10.30.4.91: no connection to modbus server
[2025-03-01T08:22:21.500Z] Error reading actual data: no connection to modbus server
[2025-03-01T08:22:21.515Z] Error writing to Modbus register: no connection to modbus server
[2025-03-01T08:22:21.515Z] ❌ Error reading register 1000 for IP 10.30.4.91: no connection to modbus server
[2025-03-01T08:22:21.515Z] Error reading register 3105 for IP 10.30.4.91: no connection to modbus server
[2025-03-01T08:22:21.515Z] Error reading actual data: no connection to modbus server
[2025-03-01T08:22:21.516Z] Error writing to Modbus register: no connection to modbus server
[2025-03-01T08:22:22.449Z] ❌ Error reading register 1000 for IP 10.30.4.91: no connection to modbus server
[2025-03-01T08:22:22.449Z] Error reading register 3105 for IP 10.30.4.91: no connection to modbus server
[2025-03-01T08:22:22.449Z] Error reading actual data: no connection to modbus server
[2025-03-01T08:22:22.450Z] Error writing to Modbus register: no connection to modbus server
[2025-03-01T08:22:22.450Z] Error reading register 3105 for IP 10.30.4.91: no connection to modbus server
[2025-03-01T08:22:22.450Z] ❌ Error reading register 1000 for IP 10.30.4.91: no connection to modbus server
[2025-03-01T08:22:22.450Z] Error reading actual data: no connection to modbus server
[2025-03-01T08:22:22.465Z] Error writing to Modbus register: no connection to modbus server
[2025-03-01T08:22:22.466Z] Error reading register 3105 for IP 10.30.4.91: no connection to modbus server
[2025-03-01T08:22:22.466Z] Error reading actual data: no connection to modbus server
[2025-03-01T08:22:22.466Z] ❌ Error reading register 1000 for IP 10.30.4.91: no connection to modbus server
[2025-03-01T08:22:22.467Z] Error writing to Modbus register: no connection to modbus server
[2025-03-01T08:22:22.467Z] Error reading register 3105 for IP 10.30.4.91: no connection to modbus server
[2025-03-01T08:22:22.468Z] ❌ Error reading register 1000 for IP 10.30.4.91: no connection to modbus server
[2025-03-01T08:22:22.468Z] Error reading actual data: no connection to modbus server
[2025-03-01T08:22:22.468Z] Error writing to Modbus register: no connection to modbus server
[2025-03-01T08:22:22.515Z] Error reading register 3105 for IP 10.30.4.91: no connection to modbus server
[2025-03-01T08:22:22.515Z] ❌ Error reading register 1000 for IP 10.30.4.91: no connection to modbus server
[2025-03-01T08:22:22.516Z] Error reading actual data: no connection to modbus server
[2025-03-01T08:22:22.517Z] Error writing to Modbus register: no connection to modbus server
[2025-03-01T08:22:22.518Z] Error reading register 3105 for IP 10.30.4.91: no connection to modbus server
[2025-03-01T08:22:22.519Z] ❌ Error reading register 1000 for IP 10.30.4.91: no connection to modbus server
[2025-03-01T08:22:22.519Z] Error reading actual data: no connection to modbus server
[2025-03-01T08:22:22.520Z] Error writing to Modbus register: no connection to modbus server
[2025-03-01T08:22:23.467Z] Error reading register 3105 for IP 10.30.4.91: no connection to modbus server
[2025-03-01T08:22:23.468Z] ❌ Error reading register 1000 for IP 10.30.4.91: no connection to modbus server
[2025-03-01T08:22:23.468Z] Error reading actual data: no connection to modbus server
[2025-03-01T08:22:23.471Z] Error reading register 3105 for IP 10.30.4.91: no connection to modbus server
[2025-03-01T08:22:23.471Z] ❌ Error reading register 1000 for IP 10.30.4.91: no connection to modbus server
[2025-03-01T08:22:23.469Z] Error writing to Modbus register: no connection to modbus server
[2025-03-01T08:22:23.471Z] Error reading actual data: no connection to modbus server
[2025-03-01T08:22:23.472Z] Error writing to Modbus register: no connection to modbus server
[2025-03-01T08:22:23.472Z] Error reading register 3105 for IP 10.30.4.91: no connection to modbus server
[2025-03-01T08:22:23.473Z] ❌ Error reading register 1000 for IP 10.30.4.91: no connection to modbus server
[2025-03-01T08:22:23.473Z] Error reading actual data: no connection to modbus server
[2025-03-01T08:22:23.474Z] Error writing to Modbus register: no connection to modbus server
[2025-03-01T08:22:23.474Z] Error reading register 3105 for IP 10.30.4.91: no connection to modbus server
[2025-03-01T08:22:23.474Z] ❌ Error reading register 1000 for IP 10.30.4.91: no connection to modbus server
[2025-03-01T08:22:23.475Z] Error reading actual data: no connection to modbus server
[2025-03-01T08:22:23.475Z] Error writing to Modbus register: no connection to modbus server
[2025-03-01T08:22:23.515Z] Error reading register 3105 for IP 10.30.4.91: no connection to modbus server
[2025-03-01T08:22:23.516Z] ❌ Error reading register 1000 for IP 10.30.4.91: no connection to modbus server
[2025-03-01T08:22:23.516Z] Error reading actual data: no connection to modbus server
[2025-03-01T08:22:23.517Z] Error writing to Modbus register: no connection to modbus server
[2025-03-01T08:22:23.518Z] Error reading register 3105 for IP 10.30.4.91: no connection to modbus server
[2025-03-01T08:22:23.518Z] ❌ Error reading register 1000 for IP 10.30.4.91: no connection to modbus server
[2025-03-01T08:22:23.518Z] Error reading actual data: no connection to modbus server
[2025-03-01T08:22:23.519Z] Error writing to Modbus register: no connection to modbus server
[2025-03-01T08:22:24.483Z] Error reading register 3105 for IP 10.30.4.91: no connection to modbus server
[2025-03-01T08:22:24.484Z] ❌ Error reading register 1000 for IP 10.30.4.91: no connection to modbus server
[2025-03-01T08:22:24.485Z] Error reading actual data: no connection to modbus server
[2025-03-01T08:22:24.485Z] Error writing to Modbus register: no connection to modbus server
[2025-03-01T08:22:24.486Z] Error reading register 3105 for IP 10.30.4.91: no connection to modbus server
[2025-03-01T08:22:24.487Z] ❌ Error reading register 1000 for IP 10.30.4.91: no connection to modbus server
[2025-03-01T08:22:24.487Z] Error reading actual data: no connection to modbus server
[2025-03-01T08:22:24.488Z] Error writing to Modbus register: no connection to modbus server
[2025-03-01T08:22:24.489Z] Error reading register 3105 for IP 10.30.4.91: no connection to modbus server
[2025-03-01T08:22:24.489Z] ❌ Error reading register 1000 for IP 10.30.4.91: no connection to modbus server
[2025-03-01T08:22:24.490Z] Error reading actual data: no connection to modbus server
[2025-03-01T08:22:24.490Z] Error writing to Modbus register: no connection to modbus server
[2025-03-01T08:22:24.491Z] Error reading register 3105 for IP 10.30.4.91: no connection to modbus server
[2025-03-01T08:22:24.491Z] ❌ Error reading register 1000 for IP 10.30.4.91: no connection to modbus server
[2025-03-01T08:22:24.491Z] Error reading actual data: no connection to modbus server
[2025-03-01T08:22:24.492Z] Error writing to Modbus register: no connection to modbus server
[2025-03-01T08:22:24.516Z] Error reading register 3105 for IP 10.30.4.91: no connection to modbus server
[2025-03-01T08:22:24.516Z] ❌ Error reading register 1000 for IP 10.30.4.91: no connection to modbus server
[2025-03-01T08:22:24.516Z] Error reading actual data: no connection to modbus server
[2025-03-01T08:22:24.517Z] Error writing to Modbus register: no connection to modbus server
[2025-03-01T08:22:24.531Z] Error reading register 3105 for IP 10.30.4.91: no connection to modbus server
[2025-03-01T08:22:24.531Z] ❌ Error reading register 1000 for IP 10.30.4.91: no connection to modbus server
[2025-03-01T08:22:24.531Z] Error reading actual data: no connection to modbus server
[2025-03-01T08:22:24.532Z] Error writing to Modbus register: no connection to modbus server
[2025-03-01T08:22:25.500Z] Error reading register 3105 for IP 10.30.4.91: no connection to modbus server
[2025-03-01T08:22:25.500Z] ❌ Error reading register 1000 for IP 10.30.4.91: no connection to modbus server
[2025-03-01T08:22:25.500Z] Error reading actual data: no connection to modbus server
[2025-03-01T08:22:25.501Z] Error writing to Modbus register: no connection to modbus server
[2025-03-01T08:22:25.502Z] Error reading register 3105 for IP 10.30.4.91: no connection to modbus server
[2025-03-01T08:22:25.502Z] ❌ Error reading register 1000 for IP 10.30.4.91: no connection to modbus server
[2025-03-01T08:22:25.502Z] Error reading actual data: no connection to modbus server
[2025-03-01T08:22:25.504Z] Error reading register 3105 for IP 10.30.4.91: no connection to modbus server
[2025-03-01T08:22:25.503Z] Error writing to Modbus register: no connection to modbus server
[2025-03-01T08:22:25.504Z] Error reading actual data: no connection to modbus server
[2025-03-01T08:22:25.504Z] ❌ Error reading register 1000 for IP 10.30.4.91: no connection to modbus server
[2025-03-01T08:22:25.505Z] Error writing to Modbus register: no connection to modbus server
[2025-03-01T08:22:25.505Z] Error reading register 3105 for IP 10.30.4.91: no connection to modbus server
[2025-03-01T08:22:25.505Z] ❌ Error reading register 1000 for IP 10.30.4.91: no connection to modbus server
[2025-03-01T08:22:25.506Z] Error reading actual data: no connection to modbus server
[2025-03-01T08:22:25.506Z] Error writing to Modbus register: no connection to modbus server
[2025-03-01T08:22:25.529Z] Error reading register 3105 for IP 10.30.4.91: no connection to modbus server
[2025-03-01T08:22:25.529Z] ❌ Error reading register 1000 for IP 10.30.4.91: no connection to modbus server
[2025-03-01T08:22:25.529Z] Error reading actual data: no connection to modbus server
[2025-03-01T08:22:25.529Z] Error writing to Modbus register: no connection to modbus server
[2025-03-01T08:22:25.549Z] Error reading register 3105 for IP 10.30.4.91: no connection to modbus server
[2025-03-01T08:22:25.549Z] ❌ Error reading register 1000 for IP 10.30.4.91: no connection to modbus server
[2025-03-01T08:22:25.550Z] Error reading actual data: no connection to modbus server
[2025-03-01T08:22:25.550Z] Error writing to Modbus register: no connection to modbus server
[2025-03-01T08:22:26.501Z] Error reading register 3105 for IP 10.30.4.91: no connection to modbus server
[2025-03-01T08:22:26.502Z] ❌ Error reading register 1000 for IP 10.30.4.91: no connection to modbus server
[2025-03-01T08:22:26.502Z] Error reading actual data: no connection to modbus server
[2025-03-01T08:22:26.504Z] Error writing to Modbus register: no connection to modbus server
[2025-03-01T08:22:26.504Z] Error reading register 3105 for IP 10.30.4.91: no connection to modbus server
[2025-03-01T08:22:26.504Z] ❌ Error reading register 1000 for IP 10.30.4.91: no connection to modbus server
[2025-03-01T08:22:26.505Z] Error reading actual data: no connection to modbus server
[2025-03-01T08:22:26.505Z] Error writing to Modbus register: no connection to modbus server
[2025-03-01T08:22:26.505Z] ❌ Error reading register 1000 for IP 10.30.4.91: no connection to modbus server
[2025-03-01T08:22:26.505Z] Error reading register 3105 for IP 10.30.4.91: no connection to modbus server
[2025-03-01T08:22:26.505Z] Error reading actual data: no connection to modbus server
[2025-03-01T08:22:26.506Z] Error writing to Modbus register: no connection to modbus server
[2025-03-01T08:22:26.506Z] ❌ Error reading register 1000 for IP 10.30.4.91: no connection to modbus server
[2025-03-01T08:22:26.506Z] Error reading register 3105 for IP 10.30.4.91: no connection to modbus server
[2025-03-01T08:22:26.507Z] Error writing to Modbus register: no connection to modbus server
[2025-03-01T08:22:26.507Z] Error reading actual data: no connection to modbus server
[2025-03-01T08:22:26.532Z] Error reading register 3105 for IP 10.30.4.91: no connection to modbus server
[2025-03-01T08:22:26.533Z] Error reading actual data: no connection to modbus server
[2025-03-01T08:22:26.533Z] ❌ Error reading register 1000 for IP 10.30.4.91: no connection to modbus server
[2025-03-01T08:22:26.533Z] Error writing to Modbus register: no connection to modbus server
[2025-03-01T08:22:26.563Z] Error reading register 3105 for IP 10.30.4.91: no connection to modbus server
[2025-03-01T08:22:26.563Z] ❌ Error reading register 1000 for IP 10.30.4.91: no connection to modbus server
[2025-03-01T08:22:26.563Z] Error reading actual data: no connection to modbus server
[2025-03-01T08:22:26.563Z] Error writing to Modbus register: no connection to modbus server
[2025-03-01T08:22:27.501Z] Error reading register 3105 for IP 10.30.4.91: no connection to modbus server
[2025-03-01T08:22:27.501Z] ❌ Error reading register 1000 for IP 10.30.4.91: no connection to modbus server
[2025-03-01T08:22:27.501Z] Error reading actual data: no connection to modbus server
[2025-03-01T08:22:27.517Z] Error writing to Modbus register: no connection to modbus server
[2025-03-01T08:22:27.517Z] Error reading register 3105 for IP 10.30.4.91: no connection to modbus server
[2025-03-01T08:22:27.517Z] ❌ Error reading register 1000 for IP 10.30.4.91: no connection to modbus server
[2025-03-01T08:22:27.517Z] Error reading actual data: no connection to modbus server
[2025-03-01T08:22:27.518Z] Error writing to Modbus register: no connection to modbus server
[2025-03-01T08:22:27.518Z] Error reading register 3105 for IP 10.30.4.91: no connection to modbus server
[2025-03-01T08:22:27.518Z] ❌ Error reading register 1000 for IP 10.30.4.91: no connection to modbus server
[2025-03-01T08:22:27.518Z] Error reading actual data: no connection to modbus server
[2025-03-01T08:22:27.519Z] Error writing to Modbus register: no connection to modbus server
[2025-03-01T08:22:27.519Z] Error reading register 3105 for IP 10.30.4.91: no connection to modbus server
[2025-03-01T08:22:27.519Z] ❌ Error reading register 1000 for IP 10.30.4.91: no connection to modbus server
[2025-03-01T08:22:27.519Z] Error reading actual data: no connection to modbus server
[2025-03-01T08:22:27.520Z] Error writing to Modbus register: no connection to modbus server
[2025-03-01T08:22:27.532Z] Error reading register 3105 for IP 10.30.4.91: no connection to modbus server
[2025-03-01T08:22:27.532Z] ❌ Error reading register 1000 for IP 10.30.4.91: no connection to modbus server
[2025-03-01T08:22:27.532Z] Error reading actual data: no connection to modbus server
[2025-03-01T08:22:27.533Z] Error writing to Modbus register: no connection to modbus server
[2025-03-01T08:22:27.566Z] Error reading register 3105 for IP 10.30.4.91: no connection to modbus server
[2025-03-01T08:22:27.566Z] ❌ Error reading register 1000 for IP 10.30.4.91: no connection to modbus server
[2025-03-01T08:22:27.566Z] Error reading actual data: no connection to modbus server
[2025-03-01T08:22:27.567Z] Error writing to Modbus register: no connection to modbus server
[2025-03-01T08:22:28.516Z] Error reading register 3105 for IP 10.30.4.91: no connection to modbus server
[2025-03-01T08:22:28.516Z] ❌ Error reading register 1000 for IP 10.30.4.91: no connection to modbus server
[2025-03-01T08:22:28.517Z] Error reading actual data: no connection to modbus server
[2025-03-01T08:22:28.519Z] Error reading register 3105 for IP 10.30.4.91: no connection to modbus server
[2025-03-01T08:22:28.518Z] Error writing to Modbus register: no connection to modbus server
[2025-03-01T08:22:28.520Z] ❌ Error reading register 1000 for IP 10.30.4.91: no connection to modbus server
[2025-03-01T08:22:28.520Z] Error reading actual data: no connection to modbus server
[2025-03-01T08:22:28.520Z] Error writing to Modbus register: no connection to modbus server
[2025-03-01T08:22:28.521Z] ❌ Error reading register 1000 for IP 10.30.4.91: no connection to modbus server
[2025-03-01T08:22:28.521Z] Error reading register 3105 for IP 10.30.4.91: no connection to modbus server
[2025-03-01T08:22:28.522Z] Error reading register 3105 for IP 10.30.4.91: no connection to modbus server
[2025-03-01T08:22:28.521Z] Error reading actual data: no connection to modbus server
[2025-03-01T08:22:28.521Z] Error writing to Modbus register: no connection to modbus server
[2025-03-01T08:22:28.522Z] Error reading actual data: no connection to modbus server
[2025-03-01T08:22:28.522Z] ❌ Error reading register 1000 for IP 10.30.4.91: no connection to modbus server
[2025-03-01T08:22:28.522Z] Error writing to Modbus register: no connection to modbus server
[2025-03-01T08:22:28.550Z] Error reading register 3105 for IP 10.30.4.91: no connection to modbus server
[2025-03-01T08:22:28.550Z] ❌ Error reading register 1000 for IP 10.30.4.91: no connection to modbus server
[2025-03-01T08:22:28.551Z] Error reading actual data: no connection to modbus server
[2025-03-01T08:22:28.552Z] Error writing to Modbus register: no connection to modbus server
[2025-03-01T08:22:28.577Z] ❌ Error reading register 1000 for IP 10.30.4.91: no connection to modbus server
[2025-03-01T08:22:28.577Z] Error reading actual data: no connection to modbus server
[2025-03-01T08:22:28.577Z] Error reading register 3105 for IP 10.30.4.91: no connection to modbus server
[2025-03-01T08:22:28.577Z] Error writing to Modbus register: no connection to modbus server
[2025-03-01T08:22:29.515Z] Error reading register 3105 for IP 10.30.4.91: no connection to modbus server
[2025-03-01T08:22:29.516Z] ❌ Error reading register 1000 for IP 10.30.4.91: no connection to modbus server
[2025-03-01T08:22:29.516Z] Error reading actual data: no connection to modbus server
[2025-03-01T08:22:29.517Z] Error writing to Modbus register: no connection to modbus server
[2025-03-01T08:22:29.518Z] Error reading register 3105 for IP 10.30.4.91: no connection to modbus server
[2025-03-01T08:22:29.518Z] ❌ Error reading register 1000 for IP 10.30.4.91: no connection to modbus server
[2025-03-01T08:22:29.518Z] Error reading actual data: no connection to modbus server
[2025-03-01T08:22:29.520Z] Error writing to Modbus register: no connection to modbus server
[2025-03-01T08:22:29.521Z] Error reading register 3105 for IP 10.30.4.91: no connection to modbus server
[2025-03-01T08:22:29.521Z] ❌ Error reading register 1000 for IP 10.30.4.91: no connection to modbus server
[2025-03-01T08:22:29.522Z] Error reading actual data: no connection to modbus server
[2025-03-01T08:22:29.522Z] Error writing to Modbus register: no connection to modbus server
[2025-03-01T08:22:29.532Z] Error reading register 3105 for IP 10.30.4.91: no connection to modbus server
[2025-03-01T08:22:29.532Z] ❌ Error reading register 1000 for IP 10.30.4.91: no connection to modbus server
[2025-03-01T08:22:29.532Z] Error reading actual data: no connection to modbus server
[2025-03-01T08:22:29.532Z] Error writing to Modbus register: no connection to modbus server
[2025-03-01T08:22:29.550Z] Error reading register 3105 for IP 10.30.4.91: no connection to modbus server
[2025-03-01T08:22:29.551Z] ❌ Error reading register 1000 for IP 10.30.4.91: no connection to modbus server
[2025-03-01T08:22:29.551Z] Error reading actual data: no connection to modbus server
[2025-03-01T08:22:29.551Z] Error writing to Modbus register: no connection to modbus server
[2025-03-01T08:22:29.583Z] Error reading register 3105 for IP 10.30.4.91: no connection to modbus server
[2025-03-01T08:22:29.584Z] ❌ Error reading register 1000 for IP 10.30.4.91: no connection to modbus server
[2025-03-01T08:22:29.585Z] Error reading actual data: no connection to modbus server
[2025-03-01T08:22:29.586Z] Error writing to Modbus register: no connection to modbus server
[2025-03-01T08:22:30.533Z] Error reading register 3105 for IP 10.30.4.91: no connection to modbus server
[2025-03-01T08:22:30.534Z] ❌ Error reading register 1000 for IP 10.30.4.91: no connection to modbus server
[2025-03-01T08:22:30.535Z] Error reading actual data: no connection to modbus server
[2025-03-01T08:22:30.536Z] Error writing to Modbus register: no connection to modbus server
[2025-03-01T08:22:30.537Z] Error reading register 3105 for IP 10.30.4.91: no connection to modbus server
[2025-03-01T08:22:30.537Z] ❌ Error reading register 1000 for IP 10.30.4.91: no connection to modbus server
[2025-03-01T08:22:30.537Z] Error reading actual data: no connection to modbus server
[2025-03-01T08:22:30.538Z] Error writing to Modbus register: no connection to modbus server
[2025-03-01T08:22:30.539Z] Error reading register 3105 for IP 10.30.4.91: no connection to modbus server
[2025-03-01T08:22:30.539Z] ❌ Error reading register 1000 for IP 10.30.4.91: no connection to modbus server
[2025-03-01T08:22:30.539Z] Error reading actual data: no connection to modbus server
[2025-03-01T08:22:30.540Z] Error writing to Modbus register: no connection to modbus server
[2025-03-01T08:22:30.540Z] Error reading register 3105 for IP 10.30.4.91: no connection to modbus server
[2025-03-01T08:22:30.541Z] ❌ Error reading register 1000 for IP 10.30.4.91: no connection to modbus server
[2025-03-01T08:22:30.541Z] Error reading actual data: no connection to modbus server
[2025-03-01T08:22:30.541Z] Error writing to Modbus register: no connection to modbus server
[2025-03-01T08:22:30.549Z] Error reading register 3105 for IP 10.30.4.91: no connection to modbus server
[2025-03-01T08:22:30.549Z] ❌ Error reading register 1000 for IP 10.30.4.91: no connection to modbus server
[2025-03-01T08:22:30.549Z] Error reading actual data: no connection to modbus server
[2025-03-01T08:22:30.565Z] Error writing to Modbus register: no connection to modbus server
[2025-03-01T08:22:30.585Z] Error reading register 3105 for IP 10.30.4.91: no connection to modbus server
[2025-03-01T08:22:30.586Z] ❌ Error reading register 1000 for IP 10.30.4.91: no connection to modbus server
[2025-03-01T08:22:30.586Z] Error reading actual data: no connection to modbus server
[2025-03-01T08:22:30.588Z] Error writing to Modbus register: no connection to modbus server
[2025-03-01T08:22:31.533Z] Error reading register 3105 for IP 10.30.4.91: no connection to modbus server
[2025-03-01T08:22:31.534Z] ❌ Error reading register 1000 for IP 10.30.4.91: no connection to modbus server
[2025-03-01T08:22:31.534Z] Error reading actual data: no connection to modbus server
[2025-03-01T08:22:31.535Z] Error writing to Modbus register: no connection to modbus server
[2025-03-01T08:22:31.537Z] Error reading register 3105 for IP 10.30.4.91: no connection to modbus server
[2025-03-01T08:22:31.537Z] ❌ Error reading register 1000 for IP 10.30.4.91: no connection to modbus server
[2025-03-01T08:22:31.537Z] Error reading actual data: no connection to modbus server
[2025-03-01T08:22:31.538Z] Error writing to Modbus register: no connection to modbus server
[2025-03-01T08:22:31.539Z] Error reading register 3105 for IP 10.30.4.91: no connection to modbus server
[2025-03-01T08:22:31.539Z] ❌ Error reading register 1000 for IP 10.30.4.91: no connection to modbus server
[2025-03-01T08:22:31.539Z] Error reading actual data: no connection to modbus server
[2025-03-01T08:22:31.542Z] Error writing to Modbus register: no connection to modbus server
[2025-03-01T08:22:31.543Z] Error reading register 3105 for IP 10.30.4.91: no connection to modbus server
[2025-03-01T08:22:31.543Z] ❌ Error reading register 1000 for IP 10.30.4.91: no connection to modbus server
[2025-03-01T08:22:31.543Z] Error reading actual data: no connection to modbus server
[2025-03-01T08:22:31.544Z] Error writing to Modbus register: no connection to modbus server
[2025-03-01T08:22:31.551Z] Error reading register 3105 for IP 10.30.4.91: no connection to modbus server
[2025-03-01T08:22:31.551Z] ❌ Error reading register 1000 for IP 10.30.4.91: no connection to modbus server
[2025-03-01T08:22:31.551Z] Error reading actual data: no connection to modbus server
[2025-03-01T08:22:31.567Z] Error writing to Modbus register: no connection to modbus server
[2025-03-01T08:22:31.599Z] Error reading register 3105 for IP 10.30.4.91: no connection to modbus server
[2025-03-01T08:22:31.599Z] ❌ Error reading register 1000 for IP 10.30.4.91: no connection to modbus server
[2025-03-01T08:22:31.600Z] Error writing to Modbus register: no connection to modbus server
[2025-03-01T08:22:31.600Z] Error reading actual data: no connection to modbus server
[2025-03-01T08:22:32.535Z] Error reading register 3105 for IP 10.30.4.91: no connection to modbus server
[2025-03-01T08:22:32.535Z] ❌ Error reading register 1000 for IP 10.30.4.91: no connection to modbus server
[2025-03-01T08:22:32.536Z] Error reading actual data: no connection to modbus server
[2025-03-01T08:22:32.537Z] Error writing to Modbus register: no connection to modbus server
[2025-03-01T08:22:32.538Z] Error reading register 3105 for IP 10.30.4.91: no connection to modbus server
[2025-03-01T08:22:32.539Z] ❌ Error reading register 1000 for IP 10.30.4.91: no connection to modbus server
[2025-03-01T08:22:32.539Z] Error reading actual data: no connection to modbus server
[2025-03-01T08:22:32.541Z] Error reading register 3105 for IP 10.30.4.91: no connection to modbus server
[2025-03-01T08:22:32.540Z] Error writing to Modbus register: no connection to modbus server
[2025-03-01T08:22:32.542Z] ❌ Error reading register 1000 for IP 10.30.4.91: no connection to modbus server
[2025-03-01T08:22:32.542Z] Error reading actual data: no connection to modbus server
[2025-03-01T08:22:32.543Z] Error writing to Modbus register: no connection to modbus server
[2025-03-01T08:22:32.544Z] Error reading register 3105 for IP 10.30.4.91: no connection to modbus server
[2025-03-01T08:22:32.544Z] Error reading actual data: no connection to modbus server
[2025-03-01T08:22:32.544Z] ❌ Error reading register 1000 for IP 10.30.4.91: no connection to modbus server
[2025-03-01T08:22:32.544Z] Error writing to Modbus register: no connection to modbus server
[2025-03-01T08:22:32.565Z] Error reading register 3105 for IP 10.30.4.91: no connection to modbus server
[2025-03-01T08:22:32.565Z] ❌ Error reading register 1000 for IP 10.30.4.91: no connection to modbus server
[2025-03-01T08:22:32.565Z] Error reading actual data: no connection to modbus server
[2025-03-01T08:22:32.566Z] Error writing to Modbus register: no connection to modbus server
[2025-03-01T08:22:32.600Z] Error reading register 3105 for IP 10.30.4.91: no connection to modbus server
[2025-03-01T08:22:32.601Z] ❌ Error reading register 1000 for IP 10.30.4.91: no connection to modbus server
[2025-03-01T08:22:32.601Z] Error reading actual data: no connection to modbus server
[2025-03-01T08:22:32.603Z] Error writing to Modbus register: no connection to modbus server
[2025-03-01T08:22:33.545Z] Error reading register 3105 for IP 10.30.4.91: no connection to modbus server
[2025-03-01T08:22:33.546Z] ❌ Error reading register 1000 for IP 10.30.4.91: no connection to modbus server
[2025-03-01T08:22:33.548Z] Error reading register 3105 for IP 10.30.4.91: no connection to modbus server
[2025-03-01T08:22:33.547Z] Error writing to Modbus register: no connection to modbus server
[2025-03-01T08:22:33.546Z] Error reading actual data: no connection to modbus server
[2025-03-01T08:22:33.548Z] ❌ Error reading register 1000 for IP 10.30.4.91: no connection to modbus server
[2025-03-01T08:22:33.548Z] Error reading actual data: no connection to modbus server
[2025-03-01T08:22:33.549Z] Error writing to Modbus register: no connection to modbus server
[2025-03-01T08:22:33.550Z] Error reading register 3105 for IP 10.30.4.91: no connection to modbus server
[2025-03-01T08:22:33.550Z] ❌ Error reading register 1000 for IP 10.30.4.91: no connection to modbus server
[2025-03-01T08:22:33.550Z] Error reading actual data: no connection to modbus server
[2025-03-01T08:22:33.551Z] Error writing to Modbus register: no connection to modbus server
[2025-03-01T08:22:33.551Z] Error reading register 3105 for IP 10.30.4.91: no connection to modbus server
[2025-03-01T08:22:33.551Z] ❌ Error reading register 1000 for IP 10.30.4.91: no connection to modbus server
[2025-03-01T08:22:33.551Z] Error reading actual data: no connection to modbus server
[2025-03-01T08:22:33.552Z] Error writing to Modbus register: no connection to modbus server
[2025-03-01T08:22:33.566Z] Error reading register 3105 for IP 10.30.4.91: no connection to modbus server
[2025-03-01T08:22:33.566Z] ❌ Error reading register 1000 for IP 10.30.4.91: no connection to modbus server
[2025-03-01T08:22:33.566Z] Error reading actual data: no connection to modbus server
[2025-03-01T08:22:33.567Z] Error writing to Modbus register: no connection to modbus server
[2025-03-01T08:22:33.613Z] Error reading register 3105 for IP 10.30.4.91: no connection to modbus server
[2025-03-01T08:22:33.613Z] Error reading actual data: no connection to modbus server
[2025-03-01T08:22:33.613Z] ❌ Error reading register 1000 for IP 10.30.4.91: no connection to modbus server
[2025-03-01T08:22:33.613Z] Error writing to Modbus register: no connection to modbus server
[2025-03-01T08:22:34.548Z] Error reading register 3105 for IP 10.30.4.91: no connection to modbus server
[2025-03-01T08:22:34.549Z] Error reading actual data: no connection to modbus server
[2025-03-01T08:22:34.549Z] ❌ Error reading register 1000 for IP 10.30.4.91: no connection to modbus server
[2025-03-01T08:22:34.550Z] Error writing to Modbus register: no connection to modbus server
[2025-03-01T08:22:34.551Z] Error reading register 3105 for IP 10.30.4.91: no connection to modbus server
[2025-03-01T08:22:34.551Z] ❌ Error reading register 1000 for IP 10.30.4.91: no connection to modbus server
[2025-03-01T08:22:34.552Z] Error reading actual data: no connection to modbus server
[2025-03-01T08:22:34.552Z] Error writing to Modbus register: no connection to modbus server
[2025-03-01T08:22:34.553Z] Error reading actual data: no connection to modbus server
[2025-03-01T08:22:34.553Z] Error reading register 3105 for IP 10.30.4.91: no connection to modbus server
[2025-03-01T08:22:34.553Z] ❌ Error reading register 1000 for IP 10.30.4.91: no connection to modbus server
[2025-03-01T08:22:34.554Z] Error reading register 3105 for IP 10.30.4.91: no connection to modbus server
[2025-03-01T08:22:34.554Z] Error writing to Modbus register: no connection to modbus server
[2025-03-01T08:22:34.555Z] ❌ Error reading register 1000 for IP 10.30.4.91: no connection to modbus server
[2025-03-01T08:22:34.555Z] Error reading actual data: no connection to modbus server
[2025-03-01T08:22:34.555Z] Error writing to Modbus register: no connection to modbus server
[2025-03-01T08:22:34.582Z] Error reading register 3105 for IP 10.30.4.91: no connection to modbus server
[2025-03-01T08:22:34.583Z] ❌ Error reading register 1000 for IP 10.30.4.91: no connection to modbus server
[2025-03-01T08:22:34.583Z] Error reading actual data: no connection to modbus server
[2025-03-01T08:22:34.584Z] Error writing to Modbus register: no connection to modbus server
[2025-03-01T08:22:34.618Z] Error reading register 3105 for IP 10.30.4.91: no connection to modbus server
[2025-03-01T08:22:34.619Z] ❌ Error reading register 1000 for IP 10.30.4.91: no connection to modbus server
[2025-03-01T08:22:34.619Z] Error reading actual data: no connection to modbus server
[2025-03-01T08:22:34.621Z] Error writing to Modbus register: no connection to modbus server
[2025-03-01T08:22:35.562Z] Error reading register 3105 for IP 10.30.4.91: no connection to modbus server
[2025-03-01T08:22:35.563Z] ❌ Error reading register 1000 for IP 10.30.4.91: no connection to modbus server
[2025-03-01T08:22:35.563Z] Error reading actual data: no connection to modbus server
[2025-03-01T08:22:35.564Z] Error writing to Modbus register: no connection to modbus server
[2025-03-01T08:22:35.565Z] Error reading register 3105 for IP 10.30.4.91: no connection to modbus server
[2025-03-01T08:22:35.565Z] ❌ Error reading register 1000 for IP 10.30.4.91: no connection to modbus server
[2025-03-01T08:22:35.565Z] Error reading actual data: no connection to modbus server
[2025-03-01T08:22:35.565Z] Error writing to Modbus register: no connection to modbus server
[2025-03-01T08:22:35.566Z] Error reading register 3105 for IP 10.30.4.91: no connection to modbus server
[2025-03-01T08:22:35.566Z] ❌ Error reading register 1000 for IP 10.30.4.91: no connection to modbus server
[2025-03-01T08:22:35.566Z] Error reading actual data: no connection to modbus server
[2025-03-01T08:22:35.567Z] Error writing to Modbus register: no connection to modbus server
[2025-03-01T08:22:35.567Z] Error reading register 3105 for IP 10.30.4.91: no connection to modbus server
[2025-03-01T08:22:35.567Z] ❌ Error reading register 1000 for IP 10.30.4.91: no connection to modbus server
[2025-03-01T08:22:35.567Z] Error reading actual data: no connection to modbus server
[2025-03-01T08:22:35.568Z] Error writing to Modbus register: no connection to modbus server
[2025-03-01T08:22:35.582Z] Error reading register 3105 for IP 10.30.4.91: no connection to modbus server
[2025-03-01T08:22:35.582Z] ❌ Error reading register 1000 for IP 10.30.4.91: no connection to modbus server
[2025-03-01T08:22:35.582Z] Error reading actual data: no connection to modbus server
[2025-03-01T08:22:35.583Z] Error writing to Modbus register: no connection to modbus server
[2025-03-01T08:22:35.633Z] Error reading register 3105 for IP 10.30.4.91: no connection to modbus server
[2025-03-01T08:22:35.633Z] Error reading actual data: no connection to modbus server
[2025-03-01T08:22:35.633Z] ❌ Error reading register 1000 for IP 10.30.4.91: no connection to modbus server
[2025-03-01T08:22:35.634Z] Error writing to Modbus register: no connection to modbus server
[2025-03-01T08:22:36.569Z] Error reading register 3105 for IP 10.30.4.91: no connection to modbus server
[2025-03-01T08:22:36.570Z] ❌ Error reading register 1000 for IP 10.30.4.91: no connection to modbus server
[2025-03-01T08:22:36.572Z] Error reading register 3105 for IP 10.30.4.91: no connection to modbus server
[2025-03-01T08:22:36.573Z] ❌ Error reading register 1000 for IP 10.30.4.91: no connection to modbus server
[2025-03-01T08:22:36.573Z] Error reading actual data: no connection to modbus server
[2025-03-01T08:22:36.573Z] Error writing to Modbus register: no connection to modbus server
[2025-03-01T08:22:36.571Z] Error writing to Modbus register: no connection to modbus server
[2025-03-01T08:22:36.570Z] Error reading actual data: no connection to modbus server
[2025-03-01T08:22:36.573Z] Error reading register 3105 for IP 10.30.4.91: no connection to modbus server
[2025-03-01T08:22:36.574Z] ❌ Error reading register 1000 for IP 10.30.4.91: no connection to modbus server
[2025-03-01T08:22:36.574Z] Error reading register 3105 for IP 10.30.4.91: no connection to modbus server
[2025-03-01T08:22:36.574Z] ❌ Error reading register 1000 for IP 10.30.4.91: no connection to modbus server
[2025-03-01T08:22:36.574Z] Error writing to Modbus register: no connection to modbus server
[2025-03-01T08:22:36.574Z] Error reading actual data: no connection to modbus server
[2025-03-01T08:22:36.574Z] Error reading actual data: no connection to modbus server
[2025-03-01T08:22:36.575Z] Error writing to Modbus register: no connection to modbus server
[2025-03-01T08:22:36.583Z] Error reading register 3105 for IP 10.30.4.91: no connection to modbus server
[2025-03-01T08:22:36.584Z] ❌ Error reading register 1000 for IP 10.30.4.91: no connection to modbus server
[2025-03-01T08:22:36.584Z] Error reading actual data: no connection to modbus server
[2025-03-01T08:22:36.584Z] Error writing to Modbus register: no connection to modbus server
[2025-03-01T08:22:36.634Z] Error reading register 3105 for IP 10.30.4.91: no connection to modbus server
[2025-03-01T08:22:36.634Z] ❌ Error reading register 1000 for IP 10.30.4.91: no connection to modbus server
[2025-03-01T08:22:36.635Z] Error reading actual data: no connection to modbus server
[2025-03-01T08:22:36.636Z] Error writing to Modbus register: no connection to modbus server
[2025-03-01T08:22:37.573Z] Error reading register 3105 for IP 10.30.4.91: no connection to modbus server
[2025-03-01T08:22:37.573Z] ❌ Error reading register 1000 for IP 10.30.4.91: no connection to modbus server
[2025-03-01T08:22:37.574Z] Error reading actual data: no connection to modbus server
[2025-03-01T08:22:37.575Z] Error writing to Modbus register: no connection to modbus server
[2025-03-01T08:22:37.577Z] Error reading register 3105 for IP 10.30.4.91: no connection to modbus server
[2025-03-01T08:22:37.577Z] ❌ Error reading register 1000 for IP 10.30.4.91: no connection to modbus server
[2025-03-01T08:22:37.577Z] Error reading actual data: no connection to modbus server
[2025-03-01T08:22:37.577Z] Error writing to Modbus register: no connection to modbus server
[2025-03-01T08:22:37.577Z] Error reading register 3105 for IP 10.30.4.91: no connection to modbus server
[2025-03-01T08:22:37.578Z] ❌ Error reading register 1000 for IP 10.30.4.91: no connection to modbus server
[2025-03-01T08:22:37.578Z] Error reading actual data: no connection to modbus server
[2025-03-01T08:22:37.578Z] Error writing to Modbus register: no connection to modbus server
[2025-03-01T08:22:37.578Z] Error reading register 3105 for IP 10.30.4.91: no connection to modbus server
[2025-03-01T08:22:37.578Z] ❌ Error reading register 1000 for IP 10.30.4.91: no connection to modbus server
[2025-03-01T08:22:37.579Z] Error reading actual data: no connection to modbus server
[2025-03-01T08:22:37.579Z] Error writing to Modbus register: no connection to modbus server
[2025-03-01T08:22:37.587Z] Error reading register 3105 for IP 10.30.4.91: no connection to modbus server
[2025-03-01T08:22:37.587Z] ❌ Error reading register 1000 for IP 10.30.4.91: no connection to modbus server
[2025-03-01T08:22:37.587Z] Error reading actual data: no connection to modbus server
[2025-03-01T08:22:37.588Z] Error writing to Modbus register: no connection to modbus server
[2025-03-01T08:22:37.634Z] Error reading register 3105 for IP 10.30.4.91: no connection to modbus server
[2025-03-01T08:22:37.634Z] ❌ Error reading register 1000 for IP 10.30.4.91: no connection to modbus server
[2025-03-01T08:22:37.634Z] Error reading actual data: no connection to modbus server
[2025-03-01T08:22:37.636Z] Error writing to Modbus register: no connection to modbus server
[2025-03-01T08:22:38.573Z] Error reading register 3105 for IP 10.30.4.91: no connection to modbus server
[2025-03-01T08:22:38.573Z] ❌ Error reading register 1000 for IP 10.30.4.91: no connection to modbus server
[2025-03-01T08:22:38.573Z] Error reading actual data: no connection to modbus server
[2025-03-01T08:22:38.589Z] Error reading register 3105 for IP 10.30.4.91: no connection to modbus server
[2025-03-01T08:22:38.588Z] Error writing to Modbus register: no connection to modbus server
[2025-03-01T08:22:38.589Z] ❌ Error reading register 1000 for IP 10.30.4.91: no connection to modbus server
[2025-03-01T08:22:38.589Z] Error reading actual data: no connection to modbus server
[2025-03-01T08:22:38.590Z] Error writing to Modbus register: no connection to modbus server
[2025-03-01T08:22:38.591Z] Error reading register 3105 for IP 10.30.4.91: no connection to modbus server
[2025-03-01T08:22:38.591Z] ❌ Error reading register 1000 for IP 10.30.4.91: no connection to modbus server
[2025-03-01T08:22:38.591Z] Error reading actual data: no connection to modbus server
[2025-03-01T08:22:38.591Z] Error writing to Modbus register: no connection to modbus server
[2025-03-01T08:22:38.592Z] Error reading register 3105 for IP 10.30.4.91: no connection to modbus server
[2025-03-01T08:22:38.592Z] ❌ Error reading register 1000 for IP 10.30.4.91: no connection to modbus server
[2025-03-01T08:22:38.592Z] Error reading actual data: no connection to modbus server
[2025-03-01T08:22:38.593Z] Error reading register 3105 for IP 10.30.4.91: no connection to modbus server
[2025-03-01T08:22:38.593Z] Error writing to Modbus register: no connection to modbus server
[2025-03-01T08:22:38.594Z] ❌ Error reading register 1000 for IP 10.30.4.91: no connection to modbus server
[2025-03-01T08:22:38.594Z] Error reading actual data: no connection to modbus server
[2025-03-01T08:22:38.594Z] Error writing to Modbus register: no connection to modbus server
[2025-03-01T08:22:38.634Z] Error reading register 3105 for IP 10.30.4.91: no connection to modbus server
[2025-03-01T08:22:38.634Z] ❌ Error reading register 1000 for IP 10.30.4.91: no connection to modbus server
[2025-03-01T08:22:38.635Z] Error reading actual data: no connection to modbus server
[2025-03-01T08:22:38.636Z] Error writing to Modbus register: no connection to modbus server
[2025-03-01T08:22:39.583Z] Error reading register 3105 for IP 10.30.4.91: no connection to modbus server
[2025-03-01T08:22:39.583Z] ❌ Error reading register 1000 for IP 10.30.4.91: no connection to modbus server
[2025-03-01T08:22:39.584Z] Error reading actual data: no connection to modbus server
[2025-03-01T08:22:39.599Z] Error writing to Modbus register: no connection to modbus server
[2025-03-01T08:22:39.600Z] Error reading register 3105 for IP 10.30.4.91: no connection to modbus server
[2025-03-01T08:22:39.601Z] ❌ Error reading register 1000 for IP 10.30.4.91: no connection to modbus server
[2025-03-01T08:22:39.601Z] Error reading actual data: no connection to modbus server
[2025-03-01T08:22:39.602Z] Error writing to Modbus register: no connection to modbus server
[2025-03-01T08:22:39.603Z] Error reading register 3105 for IP 10.30.4.91: no connection to modbus server
[2025-03-01T08:22:39.603Z] ❌ Error reading register 1000 for IP 10.30.4.91: no connection to modbus server
[2025-03-01T08:22:39.604Z] Error reading actual data: no connection to modbus server
[2025-03-01T08:22:39.605Z] Error writing to Modbus register: no connection to modbus server
[2025-03-01T08:22:39.605Z] Error reading register 3105 for IP 10.30.4.91: no connection to modbus server
[2025-03-01T08:22:39.606Z] ❌ Error reading register 1000 for IP 10.30.4.91: no connection to modbus server
[2025-03-01T08:22:39.606Z] Error reading actual data: no connection to modbus server
[2025-03-01T08:22:39.606Z] Error writing to Modbus register: no connection to modbus server
[2025-03-01T08:22:39.607Z] Error reading register 3105 for IP 10.30.4.91: no connection to modbus server
[2025-03-01T08:22:39.607Z] ❌ Error reading register 1000 for IP 10.30.4.91: no connection to modbus server
[2025-03-01T08:22:39.607Z] Error reading actual data: no connection to modbus server
[2025-03-01T08:22:39.607Z] Error writing to Modbus register: no connection to modbus server
[2025-03-01T08:22:39.634Z] Error reading register 3105 for IP 10.30.4.91: no connection to modbus server
[2025-03-01T08:22:39.635Z] ❌ Error reading register 1000 for IP 10.30.4.91: no connection to modbus server
[2025-03-01T08:22:39.635Z] Error reading actual data: no connection to modbus server
[2025-03-01T08:22:39.635Z] Error writing to Modbus register: no connection to modbus server
[2025-03-01T08:22:40.584Z] Error reading register 3105 for IP 10.30.4.91: no connection to modbus server
[2025-03-01T08:22:40.585Z] ❌ Error reading register 1000 for IP 10.30.4.91: no connection to modbus server
[2025-03-01T08:22:40.585Z] Error reading actual data: no connection to modbus server
[2025-03-01T08:22:40.600Z] Error writing to Modbus register: no connection to modbus server
[2025-03-01T08:22:40.602Z] Error reading register 3105 for IP 10.30.4.91: no connection to modbus server
[2025-03-01T08:22:40.602Z] ❌ Error reading register 1000 for IP 10.30.4.91: no connection to modbus server
[2025-03-01T08:22:40.602Z] Error reading actual data: no connection to modbus server
[2025-03-01T08:22:40.604Z] Error writing to Modbus register: no connection to modbus server
[2025-03-01T08:22:40.605Z] Error reading register 3105 for IP 10.30.4.91: no connection to modbus server
[2025-03-01T08:22:40.605Z] ❌ Error reading register 1000 for IP 10.30.4.91: no connection to modbus server
[2025-03-01T08:22:40.605Z] Error reading actual data: no connection to modbus server
[2025-03-01T08:22:40.607Z] Error writing to Modbus register: no connection to modbus server
[2025-03-01T08:22:40.608Z] Error reading register 3105 for IP 10.30.4.91: no connection to modbus server
[2025-03-01T08:22:40.608Z] ❌ Error reading register 1000 for IP 10.30.4.91: no connection to modbus server
[2025-03-01T08:22:40.608Z] Error reading actual data: no connection to modbus server
[2025-03-01T08:22:40.609Z] Error writing to Modbus register: no connection to modbus server
[2025-03-01T08:22:40.610Z] Error reading register 3105 for IP 10.30.4.91: no connection to modbus server
[2025-03-01T08:22:40.610Z] Error reading actual data: no connection to modbus server
[2025-03-01T08:22:40.610Z] ❌ Error reading register 1000 for IP 10.30.4.91: no connection to modbus server
[2025-03-01T08:22:40.611Z] Error writing to Modbus register: no connection to modbus server
[2025-03-01T08:22:40.649Z] Error reading register 3105 for IP 10.30.4.91: no connection to modbus server
[2025-03-01T08:22:40.649Z] ❌ Error reading register 1000 for IP 10.30.4.91: no connection to modbus server
[2025-03-01T08:22:40.650Z] Error reading actual data: no connection to modbus server
[2025-03-01T08:22:40.651Z] Error writing to Modbus register: no connection to modbus server
[2025-03-01T08:22:41.598Z] Error reading register 3105 for IP 10.30.4.91: no connection to modbus server
[2025-03-01T08:22:41.598Z] ❌ Error reading register 1000 for IP 10.30.4.91: no connection to modbus server
[2025-03-01T08:22:41.599Z] Error reading actual data: no connection to modbus server
[2025-03-01T08:22:41.600Z] Error writing to Modbus register: no connection to modbus server
[2025-03-01T08:22:41.601Z] Error reading register 3105 for IP 10.30.4.91: no connection to modbus server
[2025-03-01T08:22:41.602Z] ❌ Error reading register 1000 for IP 10.30.4.91: no connection to modbus server
[2025-03-01T08:22:41.602Z] Error reading actual data: no connection to modbus server
[2025-03-01T08:22:41.603Z] Error writing to Modbus register: no connection to modbus server
[2025-03-01T08:22:41.604Z] Error reading register 3105 for IP 10.30.4.91: no connection to modbus server
[2025-03-01T08:22:41.604Z] ❌ Error reading register 1000 for IP 10.30.4.91: no connection to modbus server
[2025-03-01T08:22:41.604Z] Error reading actual data: no connection to modbus server
[2025-03-01T08:22:41.615Z] Error writing to Modbus register: no connection to modbus server
[2025-03-01T08:22:41.616Z] Error reading register 3105 for IP 10.30.4.91: no connection to modbus server
[2025-03-01T08:22:41.617Z] Error reading actual data: no connection to modbus server
[2025-03-01T08:22:41.617Z] ❌ Error reading register 1000 for IP 10.30.4.91: no connection to modbus server
[2025-03-01T08:22:41.619Z] Error reading actual data: no connection to modbus server
[2025-03-01T08:22:41.618Z] Error reading register 3105 for IP 10.30.4.91: no connection to modbus server
[2025-03-01T08:22:41.619Z] ❌ Error reading register 1000 for IP 10.30.4.91: no connection to modbus server
[2025-03-01T08:22:41.618Z] Error writing to Modbus register: no connection to modbus server
[2025-03-01T08:22:41.619Z] Error writing to Modbus register: no connection to modbus server
[2025-03-01T08:22:41.663Z] Error reading register 3105 for IP 10.30.4.91: no connection to modbus server
[2025-03-01T08:22:41.664Z] ❌ Error reading register 1000 for IP 10.30.4.91: no connection to modbus server
[2025-03-01T08:22:41.664Z] Error reading actual data: no connection to modbus server
[2025-03-01T08:22:41.665Z] Error writing to Modbus register: no connection to modbus server
[2025-03-01T08:22:42.599Z] ❌ Error reading register 1000 for IP 10.30.4.91: no connection to modbus server
[2025-03-01T08:22:42.599Z] Error reading register 3105 for IP 10.30.4.91: no connection to modbus server
[2025-03-01T08:22:42.599Z] Error reading actual data: no connection to modbus server
[2025-03-01T08:22:42.600Z] Error writing to Modbus register: no connection to modbus server
[2025-03-01T08:22:42.601Z] Error reading register 3105 for IP 10.30.4.91: no connection to modbus server
[2025-03-01T08:22:42.601Z] ❌ Error reading register 1000 for IP 10.30.4.91: no connection to modbus server
[2025-03-01T08:22:42.601Z] Error reading actual data: no connection to modbus server
[2025-03-01T08:22:42.614Z] Error writing to Modbus register: no connection to modbus server
[2025-03-01T08:22:42.614Z] Error reading register 3105 for IP 10.30.4.91: no connection to modbus server
[2025-03-01T08:22:42.614Z] ❌ Error reading register 1000 for IP 10.30.4.91: no connection to modbus server
[2025-03-01T08:22:42.614Z] Error reading actual data: no connection to modbus server
[2025-03-01T08:22:42.615Z] Error writing to Modbus register: no connection to modbus server
[2025-03-01T08:22:42.616Z] Error reading register 3105 for IP 10.30.4.91: no connection to modbus server
[2025-03-01T08:22:42.616Z] ❌ Error reading register 1000 for IP 10.30.4.91: no connection to modbus server
[2025-03-01T08:22:42.616Z] Error reading actual data: no connection to modbus server
[2025-03-01T08:22:42.629Z] Error writing to Modbus register: no connection to modbus server
[2025-03-01T08:22:42.629Z] Error reading register 3105 for IP 10.30.4.91: no connection to modbus server
[2025-03-01T08:22:42.629Z] ❌ Error reading register 1000 for IP 10.30.4.91: no connection to modbus server
[2025-03-01T08:22:42.630Z] Error reading actual data: no connection to modbus server
[2025-03-01T08:22:42.630Z] Error writing to Modbus register: no connection to modbus server
[2025-03-01T08:22:42.666Z] Error reading register 3105 for IP 10.30.4.91: no connection to modbus server
[2025-03-01T08:22:42.667Z] ❌ Error reading register 1000 for IP 10.30.4.91: no connection to modbus server
[2025-03-01T08:22:42.667Z] Error reading actual data: no connection to modbus server
[2025-03-01T08:22:42.668Z] Error writing to Modbus register: no connection to modbus server
[2025-03-01T08:22:43.601Z] Error reading register 3105 for IP 10.30.4.91: no connection to modbus server
[2025-03-01T08:22:43.601Z] ❌ Error reading register 1000 for IP 10.30.4.91: no connection to modbus server
[2025-03-01T08:22:43.602Z] Error reading actual data: no connection to modbus server
[2025-03-01T08:22:43.603Z] Error writing to Modbus register: no connection to modbus server
[2025-03-01T08:22:43.604Z] Error reading register 3105 for IP 10.30.4.91: no connection to modbus server
[2025-03-01T08:22:43.604Z] ❌ Error reading register 1000 for IP 10.30.4.91: no connection to modbus server
[2025-03-01T08:22:43.605Z] Error reading actual data: no connection to modbus server
[2025-03-01T08:22:43.617Z] Error writing to Modbus register: no connection to modbus server
[2025-03-01T08:22:43.618Z] Error reading register 3105 for IP 10.30.4.91: no connection to modbus server
[2025-03-01T08:22:43.618Z] ❌ Error reading register 1000 for IP 10.30.4.91: no connection to modbus server
[2025-03-01T08:22:43.619Z] Error reading actual data: no connection to modbus server
[2025-03-01T08:22:43.619Z] Error writing to Modbus register: no connection to modbus server
[2025-03-01T08:22:43.620Z] Error reading register 3105 for IP 10.30.4.91: no connection to modbus server
[2025-03-01T08:22:43.620Z] ❌ Error reading register 1000 for IP 10.30.4.91: no connection to modbus server
[2025-03-01T08:22:43.620Z] Error reading actual data: no connection to modbus server
[2025-03-01T08:22:43.633Z] Error reading register 3105 for IP 10.30.4.91: no connection to modbus server
[2025-03-01T08:22:43.632Z] Error writing to Modbus register: no connection to modbus server
[2025-03-01T08:22:43.633Z] ❌ Error reading register 1000 for IP 10.30.4.91: no connection to modbus server
[2025-03-01T08:22:43.633Z] Error reading actual data: no connection to modbus server
[2025-03-01T08:22:43.634Z] Error writing to Modbus register: no connection to modbus server
[2025-03-01T08:22:43.665Z] Error reading register 3105 for IP 10.30.4.91: no connection to modbus server
[2025-03-01T08:22:43.665Z] ❌ Error reading register 1000 for IP 10.30.4.91: no connection to modbus server
[2025-03-01T08:22:43.665Z] Error reading actual data: no connection to modbus server
[2025-03-01T08:22:43.672Z] Error writing to Modbus register: no connection to modbus server
[2025-03-01T08:22:44.617Z] Error reading register 3105 for IP 10.30.4.91: no connection to modbus server
[2025-03-01T08:22:44.618Z] ❌ Error reading register 1000 for IP 10.30.4.91: no connection to modbus server
[2025-03-01T08:22:44.619Z] Error reading actual data: no connection to modbus server
[2025-03-01T08:22:44.620Z] Error writing to Modbus register: no connection to modbus server
[2025-03-01T08:22:44.621Z] Error reading register 3105 for IP 10.30.4.91: no connection to modbus server
[2025-03-01T08:22:44.621Z] ❌ Error reading register 1000 for IP 10.30.4.91: no connection to modbus server
[2025-03-01T08:22:44.621Z] Error reading actual data: no connection to modbus server
[2025-03-01T08:22:44.621Z] Error writing to Modbus register: no connection to modbus server
[2025-03-01T08:22:44.622Z] Error reading register 3105 for IP 10.30.4.91: no connection to modbus server
[2025-03-01T08:22:44.622Z] ❌ Error reading register 1000 for IP 10.30.4.91: no connection to modbus server
[2025-03-01T08:22:44.622Z] Error reading actual data: no connection to modbus server
[2025-03-01T08:22:44.622Z] Error writing to Modbus register: no connection to modbus server
[2025-03-01T08:22:44.623Z] Error reading register 3105 for IP 10.30.4.91: no connection to modbus server
[2025-03-01T08:22:44.623Z] ❌ Error reading register 1000 for IP 10.30.4.91: no connection to modbus server
[2025-03-01T08:22:44.623Z] Error reading actual data: no connection to modbus server
[2025-03-01T08:22:44.632Z] Error writing to Modbus register: no connection to modbus server
[2025-03-01T08:22:44.633Z] Error reading register 3105 for IP 10.30.4.91: no connection to modbus server
[2025-03-01T08:22:44.633Z] ❌ Error reading register 1000 for IP 10.30.4.91: no connection to modbus server
[2025-03-01T08:22:44.633Z] Error reading actual data: no connection to modbus server
[2025-03-01T08:22:44.634Z] Error writing to Modbus register: no connection to modbus server
[2025-03-01T08:22:44.667Z] Error reading register 3105 for IP 10.30.4.91: no connection to modbus server
[2025-03-01T08:22:44.667Z] ❌ Error reading register 1000 for IP 10.30.4.91: no connection to modbus server
[2025-03-01T08:22:44.667Z] Error reading actual data: no connection to modbus server
[2025-03-01T08:22:44.684Z] Error writing to Modbus register: no connection to modbus server
[2025-03-01T08:22:45.615Z] Error reading register 3105 for IP 10.30.4.91: no connection to modbus server
[2025-03-01T08:22:45.615Z] ❌ Error reading register 1000 for IP 10.30.4.91: no connection to modbus server
[2025-03-01T08:22:45.615Z] Error reading actual data: no connection to modbus server
[2025-03-01T08:22:45.630Z] Error writing to Modbus register: no connection to modbus server
[2025-03-01T08:22:45.631Z] Error reading register 3105 for IP 10.30.4.91: no connection to modbus server
[2025-03-01T08:22:45.631Z] Error writing to Modbus register: no connection to modbus server
[2025-03-01T08:22:45.632Z] Error reading register 3105 for IP 10.30.4.91: no connection to modbus server
[2025-03-01T08:22:45.632Z] ❌ Error reading register 1000 for IP 10.30.4.91: no connection to modbus server
[2025-03-01T08:22:45.632Z] Error reading actual data: no connection to modbus server
[2025-03-01T08:22:45.631Z] Error reading actual data: no connection to modbus server
[2025-03-01T08:22:45.631Z] ❌ Error reading register 1000 for IP 10.30.4.91: no connection to modbus server
[2025-03-01T08:22:45.632Z] Error writing to Modbus register: no connection to modbus server
[2025-03-01T08:22:45.632Z] Error reading register 3105 for IP 10.30.4.91: no connection to modbus server
[2025-03-01T08:22:45.633Z] ❌ Error reading register 1000 for IP 10.30.4.91: no connection to modbus server
[2025-03-01T08:22:45.633Z] Error reading actual data: no connection to modbus server
[2025-03-01T08:22:45.633Z] Error writing to Modbus register: no connection to modbus server
[2025-03-01T08:22:45.634Z] Error reading register 3105 for IP 10.30.4.91: no connection to modbus server
[2025-03-01T08:22:45.634Z] ❌ Error reading register 1000 for IP 10.30.4.91: no connection to modbus server
[2025-03-01T08:22:45.634Z] Error writing to Modbus register: no connection to modbus server
[2025-03-01T08:22:45.634Z] Error reading actual data: no connection to modbus server
[2025-03-01T08:22:45.678Z] Error reading register 3105 for IP 10.30.4.91: no connection to modbus server
[2025-03-01T08:22:45.678Z] ❌ Error reading register 1000 for IP 10.30.4.91: no connection to modbus server
[2025-03-01T08:22:45.678Z] Error reading actual data: no connection to modbus server
[2025-03-01T08:22:45.697Z] Error writing to Modbus register: no connection to modbus server
[2025-03-01T08:22:46.616Z] Error reading register 3105 for IP 10.30.4.91: no connection to modbus server
[2025-03-01T08:22:46.617Z] ❌ Error reading register 1000 for IP 10.30.4.91: no connection to modbus server
[2025-03-01T08:22:46.617Z] Error reading actual data: no connection to modbus server
[2025-03-01T08:22:46.641Z] Error writing to Modbus register: no connection to modbus server
[2025-03-01T08:22:46.641Z] Error reading register 3105 for IP 10.30.4.91: no connection to modbus server
[2025-03-01T08:22:46.641Z] ❌ Error reading register 1000 for IP 10.30.4.91: no connection to modbus server
[2025-03-01T08:22:46.641Z] Error reading actual data: no connection to modbus server
[2025-03-01T08:22:46.642Z] Error writing to Modbus register: no connection to modbus server
[2025-03-01T08:22:46.642Z] Error reading register 3105 for IP 10.30.4.91: no connection to modbus server
[2025-03-01T08:22:46.642Z] ❌ Error reading register 1000 for IP 10.30.4.91: no connection to modbus server
[2025-03-01T08:22:46.642Z] Error reading actual data: no connection to modbus server
[2025-03-01T08:22:46.642Z] Error writing to Modbus register: no connection to modbus server
[2025-03-01T08:22:46.643Z] Error reading register 3105 for IP 10.30.4.91: no connection to modbus server
[2025-03-01T08:22:46.643Z] ❌ Error reading register 1000 for IP 10.30.4.91: no connection to modbus server
[2025-03-01T08:22:46.643Z] Error reading actual data: no connection to modbus server
[2025-03-01T08:22:46.643Z] Error writing to Modbus register: no connection to modbus server
[2025-03-01T08:22:46.644Z] Error reading register 3105 for IP 10.30.4.91: no connection to modbus server
[2025-03-01T08:22:46.644Z] ❌ Error reading register 1000 for IP 10.30.4.91: no connection to modbus server
[2025-03-01T08:22:46.644Z] Error reading actual data: no connection to modbus server
[2025-03-01T08:22:46.644Z] Error writing to Modbus register: no connection to modbus server
[2025-03-01T08:22:46.683Z] Error reading register 3105 for IP 10.30.4.91: no connection to modbus server
[2025-03-01T08:22:46.683Z] ❌ Error reading register 1000 for IP 10.30.4.91: no connection to modbus server
[2025-03-01T08:22:46.683Z] Error reading actual data: no connection to modbus server
[2025-03-01T08:22:46.699Z] Error writing to Modbus register: no connection to modbus server
[2025-03-01T08:22:47.632Z] Error reading register 3105 for IP 10.30.4.91: no connection to modbus server
[2025-03-01T08:22:47.632Z] ❌ Error reading register 1000 for IP 10.30.4.91: no connection to modbus server
[2025-03-01T08:22:47.632Z] Error reading actual data: no connection to modbus server
[2025-03-01T08:22:47.647Z] Error writing to Modbus register: no connection to modbus server
[2025-03-01T08:22:47.648Z] Error reading register 3105 for IP 10.30.4.91: no connection to modbus server
[2025-03-01T08:22:47.648Z] ❌ Error reading register 1000 for IP 10.30.4.91: no connection to modbus server
[2025-03-01T08:22:47.648Z] Error reading actual data: no connection to modbus server
[2025-03-01T08:22:47.648Z] Error writing to Modbus register: no connection to modbus server
[2025-03-01T08:22:47.649Z] Error reading register 3105 for IP 10.30.4.91: no connection to modbus server
[2025-03-01T08:22:47.649Z] ❌ Error reading register 1000 for IP 10.30.4.91: no connection to modbus server
[2025-03-01T08:22:47.649Z] Error reading actual data: no connection to modbus server
[2025-03-01T08:22:47.649Z] Error writing to Modbus register: no connection to modbus server
[2025-03-01T08:22:47.650Z] Error reading register 3105 for IP 10.30.4.91: no connection to modbus server
[2025-03-01T08:22:47.650Z] ❌ Error reading register 1000 for IP 10.30.4.91: no connection to modbus server
[2025-03-01T08:22:47.650Z] Error reading actual data: no connection to modbus server
[2025-03-01T08:22:47.650Z] Error writing to Modbus register: no connection to modbus server
[2025-03-01T08:22:47.651Z] Error reading register 3105 for IP 10.30.4.91: no connection to modbus server
[2025-03-01T08:22:47.651Z] ❌ Error reading register 1000 for IP 10.30.4.91: no connection to modbus server
[2025-03-01T08:22:47.651Z] Error reading actual data: no connection to modbus server
[2025-03-01T08:22:47.651Z] Error writing to Modbus register: no connection to modbus server
[2025-03-01T08:22:47.697Z] Error reading register 3105 for IP 10.30.4.91: no connection to modbus server
[2025-03-01T08:22:47.697Z] ❌ Error reading register 1000 for IP 10.30.4.91: no connection to modbus server
[2025-03-01T08:22:47.698Z] Error reading actual data: no connection to modbus server
[2025-03-01T08:22:47.698Z] Error writing to Modbus register: no connection to modbus server
[2025-03-01T08:22:48.648Z] Error reading register 3105 for IP 10.30.4.91: no connection to modbus server
[2025-03-01T08:22:48.649Z] ❌ Error reading register 1000 for IP 10.30.4.91: no connection to modbus server
[2025-03-01T08:22:48.649Z] Error reading actual data: no connection to modbus server
[2025-03-01T08:22:48.650Z] Error writing to Modbus register: no connection to modbus server
[2025-03-01T08:22:48.651Z] Error reading register 3105 for IP 10.30.4.91: no connection to modbus server
[2025-03-01T08:22:48.652Z] ❌ Error reading register 1000 for IP 10.30.4.91: no connection to modbus server
[2025-03-01T08:22:48.652Z] Error reading actual data: no connection to modbus server
[2025-03-01T08:22:48.653Z] Error writing to Modbus register: no connection to modbus server
[2025-03-01T08:22:48.655Z] Error reading actual data: no connection to modbus server
[2025-03-01T08:22:48.654Z] ❌ Error reading register 1000 for IP 10.30.4.91: no connection to modbus server
[2025-03-01T08:22:48.654Z] Error reading register 3105 for IP 10.30.4.91: no connection to modbus server
[2025-03-01T08:22:48.655Z] Error writing to Modbus register: no connection to modbus server
[2025-03-01T08:22:48.655Z] Error reading register 3105 for IP 10.30.4.91: no connection to modbus server
[2025-03-01T08:22:48.655Z] ❌ Error reading register 1000 for IP 10.30.4.91: no connection to modbus server
[2025-03-01T08:22:48.656Z] Error reading actual data: no connection to modbus server
[2025-03-01T08:22:48.656Z] Error writing to Modbus register: no connection to modbus server
[2025-03-01T08:22:48.656Z] Error reading register 3105 for IP 10.30.4.91: no connection to modbus server
[2025-03-01T08:22:48.656Z] ❌ Error reading register 1000 for IP 10.30.4.91: no connection to modbus server
[2025-03-01T08:22:48.657Z] Error reading actual data: no connection to modbus server
[2025-03-01T08:22:48.657Z] Error writing to Modbus register: no connection to modbus server
[2025-03-01T08:22:48.697Z] Error reading register 3105 for IP 10.30.4.91: no connection to modbus server
[2025-03-01T08:22:48.697Z] ❌ Error reading register 1000 for IP 10.30.4.91: no connection to modbus server
[2025-03-01T08:22:48.697Z] Error reading actual data: no connection to modbus server
[2025-03-01T08:22:48.698Z] Error writing to Modbus register: no connection to modbus server
[2025-03-01T08:22:49.650Z] Error reading register 3105 for IP 10.30.4.91: no connection to modbus server
[2025-03-01T08:22:49.651Z] ❌ Error reading register 1000 for IP 10.30.4.91: no connection to modbus server
[2025-03-01T08:22:49.651Z] Error reading actual data: no connection to modbus server
[2025-03-01T08:22:49.652Z] Error writing to Modbus register: no connection to modbus server
[2025-03-01T08:22:49.654Z] Error reading register 3105 for IP 10.30.4.91: no connection to modbus server
[2025-03-01T08:22:49.654Z] ❌ Error reading register 1000 for IP 10.30.4.91: no connection to modbus server
[2025-03-01T08:22:49.655Z] Error reading actual data: no connection to modbus server
[2025-03-01T08:22:49.655Z] Error writing to Modbus register: no connection to modbus server
[2025-03-01T08:22:49.656Z] Error reading register 3105 for IP 10.30.4.91: no connection to modbus server
[2025-03-01T08:22:49.656Z] Error reading actual data: no connection to modbus server
[2025-03-01T08:22:49.656Z] ❌ Error reading register 1000 for IP 10.30.4.91: no connection to modbus server
[2025-03-01T08:22:49.657Z] Error reading register 3105 for IP 10.30.4.91: no connection to modbus server
[2025-03-01T08:22:49.656Z] Error writing to Modbus register: no connection to modbus server
[2025-03-01T08:22:49.657Z] ❌ Error reading register 1000 for IP 10.30.4.91: no connection to modbus server
[2025-03-01T08:22:49.657Z] Error reading actual data: no connection to modbus server
[2025-03-01T08:22:49.658Z] Error writing to Modbus register: no connection to modbus server
[2025-03-01T08:22:49.658Z] Error reading register 3105 for IP 10.30.4.91: no connection to modbus server
[2025-03-01T08:22:49.658Z] ❌ Error reading register 1000 for IP 10.30.4.91: no connection to modbus server
[2025-03-01T08:22:49.658Z] Error reading actual data: no connection to modbus server
[2025-03-01T08:22:49.658Z] Error writing to Modbus register: no connection to modbus server
[2025-03-01T08:22:49.714Z] Error reading register 3105 for IP 10.30.4.91: no connection to modbus server
[2025-03-01T08:22:49.714Z] ❌ Error reading register 1000 for IP 10.30.4.91: no connection to modbus server
[2025-03-01T08:22:49.715Z] Error reading actual data: no connection to modbus server
[2025-03-01T08:22:49.717Z] Error writing to Modbus register: no connection to modbus server
[2025-03-01T08:22:50.656Z] ❌ Error reading register 1000 for IP 10.30.4.91: no connection to modbus server
[2025-03-01T08:22:50.655Z] Error reading register 3105 for IP 10.30.4.91: no connection to modbus server
[2025-03-01T08:22:50.656Z] Error reading actual data: no connection to modbus server
[2025-03-01T08:22:50.656Z] Error writing to Modbus register: no connection to modbus server
[2025-03-01T08:22:50.657Z] Error reading register 3105 for IP 10.30.4.91: no connection to modbus server
[2025-03-01T08:22:50.657Z] ❌ Error reading register 1000 for IP 10.30.4.91: no connection to modbus server
[2025-03-01T08:22:50.657Z] Error reading actual data: no connection to modbus server
[2025-03-01T08:22:50.657Z] Error writing to Modbus register: no connection to modbus server
[2025-03-01T08:22:50.658Z] Error reading register 3105 for IP 10.30.4.91: no connection to modbus server
[2025-03-01T08:22:50.658Z] ❌ Error reading register 1000 for IP 10.30.4.91: no connection to modbus server
[2025-03-01T08:22:50.658Z] Error writing to Modbus register: no connection to modbus server
[2025-03-01T08:22:50.658Z] Error reading actual data: no connection to modbus server
[2025-03-01T08:22:50.658Z] Error reading register 3105 for IP 10.30.4.91: no connection to modbus server
[2025-03-01T08:22:50.658Z] ❌ Error reading register 1000 for IP 10.30.4.91: no connection to modbus server
[2025-03-01T08:22:50.658Z] Error reading actual data: no connection to modbus server
[2025-03-01T08:22:50.659Z] Error writing to Modbus register: no connection to modbus server
[2025-03-01T08:22:50.659Z] Error reading register 3105 for IP 10.30.4.91: no connection to modbus server
[2025-03-01T08:22:50.659Z] ❌ Error reading register 1000 for IP 10.30.4.91: no connection to modbus server
[2025-03-01T08:22:50.659Z] Error reading actual data: no connection to modbus server
[2025-03-01T08:22:50.660Z] Error writing to Modbus register: no connection to modbus server
[2025-03-01T08:22:50.715Z] Error reading register 3105 for IP 10.30.4.91: no connection to modbus server
[2025-03-01T08:22:50.716Z] ❌ Error reading register 1000 for IP 10.30.4.91: no connection to modbus server
[2025-03-01T08:22:50.716Z] Error reading actual data: no connection to modbus server
[2025-03-01T08:22:50.717Z] Error writing to Modbus register: no connection to modbus server
[2025-03-01T08:22:51.665Z] Error reading register 3105 for IP 10.30.4.91: no connection to modbus server
[2025-03-01T08:22:51.665Z] ❌ Error reading register 1000 for IP 10.30.4.91: no connection to modbus server
[2025-03-01T08:22:51.666Z] Error reading register 3105 for IP 10.30.4.91: no connection to modbus server
[2025-03-01T08:22:51.665Z] Error writing to Modbus register: no connection to modbus server
[2025-03-01T08:22:51.665Z] Error reading actual data: no connection to modbus server
[2025-03-01T08:22:51.667Z] Error writing to Modbus register: no connection to modbus server
[2025-03-01T08:22:51.666Z] Error reading actual data: no connection to modbus server
[2025-03-01T08:22:51.667Z] ❌ Error reading register 1000 for IP 10.30.4.91: no connection to modbus server
[2025-03-01T08:22:51.667Z] Error reading register 3105 for IP 10.30.4.91: no connection to modbus server
[2025-03-01T08:22:51.668Z] Error writing to Modbus register: no connection to modbus server
[2025-03-01T08:22:51.667Z] Error reading actual data: no connection to modbus server
[2025-03-01T08:22:51.666Z] ❌ Error reading register 1000 for IP 10.30.4.91: no connection to modbus server
[2025-03-01T08:22:51.668Z] Error reading register 3105 for IP 10.30.4.91: no connection to modbus server
[2025-03-01T08:22:51.668Z] ❌ Error reading register 1000 for IP 10.30.4.91: no connection to modbus server
[2025-03-01T08:22:51.668Z] Error reading actual data: no connection to modbus server
[2025-03-01T08:22:51.669Z] Error writing to Modbus register: no connection to modbus server
[2025-03-01T08:22:51.669Z] Error reading register 3105 for IP 10.30.4.91: no connection to modbus server
[2025-03-01T08:22:51.669Z] ❌ Error reading register 1000 for IP 10.30.4.91: no connection to modbus server
[2025-03-01T08:22:51.669Z] Error reading actual data: no connection to modbus server
[2025-03-01T08:22:51.669Z] Error writing to Modbus register: no connection to modbus server
[2025-03-01T08:22:51.715Z] Error reading register 3105 for IP 10.30.4.91: no connection to modbus server
[2025-03-01T08:22:51.715Z] ❌ Error reading register 1000 for IP 10.30.4.91: no connection to modbus server
[2025-03-01T08:22:51.715Z] Error reading actual data: no connection to modbus server
[2025-03-01T08:22:51.732Z] Error writing to Modbus register: no connection to modbus server
[2025-03-01T08:22:52.667Z] Error reading register 3105 for IP 10.30.4.91: no connection to modbus server
[2025-03-01T08:22:52.667Z] ❌ Error reading register 1000 for IP 10.30.4.91: no connection to modbus server
[2025-03-01T08:22:52.668Z] Error reading actual data: no connection to modbus server
[2025-03-01T08:22:52.669Z] Error writing to Modbus register: no connection to modbus server
[2025-03-01T08:22:52.670Z] Error reading register 3105 for IP 10.30.4.91: no connection to modbus server
[2025-03-01T08:22:52.672Z] Error writing to Modbus register: no connection to modbus server
[2025-03-01T08:22:52.671Z] ❌ Error reading register 1000 for IP 10.30.4.91: no connection to modbus server
[2025-03-01T08:22:52.673Z] Error reading register 3105 for IP 10.30.4.91: no connection to modbus server
[2025-03-01T08:22:52.671Z] Error reading actual data: no connection to modbus server
[2025-03-01T08:22:52.674Z] ❌ Error reading register 1000 for IP 10.30.4.91: no connection to modbus server
[2025-03-01T08:22:52.674Z] Error reading actual data: no connection to modbus server
[2025-03-01T08:22:52.674Z] Error writing to Modbus register: no connection to modbus server
[2025-03-01T08:22:52.675Z] Error reading register 3105 for IP 10.30.4.91: no connection to modbus server
[2025-03-01T08:22:52.675Z] ❌ Error reading register 1000 for IP 10.30.4.91: no connection to modbus server
[2025-03-01T08:22:52.675Z] Error reading actual data: no connection to modbus server
[2025-03-01T08:22:52.675Z] Error writing to Modbus register: no connection to modbus server
[2025-03-01T08:22:52.676Z] Error reading register 3105 for IP 10.30.4.91: no connection to modbus server
[2025-03-01T08:22:52.676Z] ❌ Error reading register 1000 for IP 10.30.4.91: no connection to modbus server
[2025-03-01T08:22:52.676Z] Error reading actual data: no connection to modbus server
[2025-03-01T08:22:52.677Z] Error writing to Modbus register: no connection to modbus server
[2025-03-01T08:22:52.716Z] Error reading register 3105 for IP 10.30.4.91: no connection to modbus server
[2025-03-01T08:22:52.717Z] ❌ Error reading register 1000 for IP 10.30.4.91: no connection to modbus server
[2025-03-01T08:22:52.717Z] Error reading actual data: no connection to modbus server
[2025-03-01T08:22:52.732Z] Error writing to Modbus register: no connection to modbus server
[2025-03-01T08:22:53.667Z] Error reading register 3105 for IP 10.30.4.91: no connection to modbus server
[2025-03-01T08:22:53.667Z] ❌ Error reading register 1000 for IP 10.30.4.91: no connection to modbus server
[2025-03-01T08:22:53.668Z] Error reading actual data: no connection to modbus server
[2025-03-01T08:22:53.669Z] Error writing to Modbus register: no connection to modbus server
[2025-03-01T08:22:53.671Z] Error reading register 3105 for IP 10.30.4.91: no connection to modbus server
[2025-03-01T08:22:53.671Z] ❌ Error reading register 1000 for IP 10.30.4.91: no connection to modbus server
[2025-03-01T08:22:53.671Z] Error reading actual data: no connection to modbus server
[2025-03-01T08:22:53.672Z] Error writing to Modbus register: no connection to modbus server
[2025-03-01T08:22:53.673Z] Error reading register 3105 for IP 10.30.4.91: no connection to modbus server
[2025-03-01T08:22:53.673Z] ❌ Error reading register 1000 for IP 10.30.4.91: no connection to modbus server
[2025-03-01T08:22:53.673Z] Error reading actual data: no connection to modbus server
[2025-03-01T08:22:53.682Z] Error writing to Modbus register: no connection to modbus server
[2025-03-01T08:22:53.682Z] Error reading register 3105 for IP 10.30.4.91: no connection to modbus server
[2025-03-01T08:22:53.683Z] ❌ Error reading register 1000 for IP 10.30.4.91: no connection to modbus server
[2025-03-01T08:22:53.683Z] Error reading actual data: no connection to modbus server
[2025-03-01T08:22:53.683Z] Error writing to Modbus register: no connection to modbus server
[2025-03-01T08:22:53.684Z] Error reading register 3105 for IP 10.30.4.91: no connection to modbus server
[2025-03-01T08:22:53.684Z] ❌ Error reading register 1000 for IP 10.30.4.91: no connection to modbus server
[2025-03-01T08:22:53.684Z] Error reading actual data: no connection to modbus server
[2025-03-01T08:22:53.684Z] Error writing to Modbus register: no connection to modbus server
[2025-03-01T08:22:53.716Z] Error reading register 3105 for IP 10.30.4.91: no connection to modbus server
[2025-03-01T08:22:53.717Z] ❌ Error reading register 1000 for IP 10.30.4.91: no connection to modbus server
[2025-03-01T08:22:53.717Z] Error reading actual data: no connection to modbus server
[2025-03-01T08:22:53.732Z] Error writing to Modbus register: no connection to modbus server
[2025-03-01T08:22:54.667Z] Error reading register 3105 for IP 10.30.4.91: no connection to modbus server
[2025-03-01T08:22:54.667Z] ❌ Error reading register 1000 for IP 10.30.4.91: no connection to modbus server
[2025-03-01T08:22:54.668Z] Error reading actual data: no connection to modbus server
[2025-03-01T08:22:54.669Z] Error writing to Modbus register: no connection to modbus server
[2025-03-01T08:22:54.671Z] Error reading register 3105 for IP 10.30.4.91: no connection to modbus server
[2025-03-01T08:22:54.671Z] ❌ Error reading register 1000 for IP 10.30.4.91: no connection to modbus server
[2025-03-01T08:22:54.671Z] Error reading actual data: no connection to modbus server
[2025-03-01T08:22:54.671Z] Error writing to Modbus register: no connection to modbus server
[2025-03-01T08:22:54.683Z] Error reading register 3105 for IP 10.30.4.91: no connection to modbus server
[2025-03-01T08:22:54.683Z] ❌ Error reading register 1000 for IP 10.30.4.91: no connection to modbus server
[2025-03-01T08:22:54.684Z] Error reading actual data: no connection to modbus server
[2025-03-01T08:22:54.684Z] Error writing to Modbus register: no connection to modbus server
[2025-03-01T08:22:54.685Z] Error reading register 3105 for IP 10.30.4.91: no connection to modbus server
[2025-03-01T08:22:54.686Z] ❌ Error reading register 1000 for IP 10.30.4.91: no connection to modbus server
[2025-03-01T08:22:54.686Z] Error reading actual data: no connection to modbus server
[2025-03-01T08:22:54.687Z] Error writing to Modbus register: no connection to modbus server
[2025-03-01T08:22:54.688Z] Error reading register 3105 for IP 10.30.4.91: no connection to modbus server
[2025-03-01T08:22:54.688Z] ❌ Error reading register 1000 for IP 10.30.4.91: no connection to modbus server
[2025-03-01T08:22:54.689Z] Error reading actual data: no connection to modbus server
[2025-03-01T08:22:54.689Z] Error writing to Modbus register: no connection to modbus server
[2025-03-01T08:22:54.715Z] Error reading register 3105 for IP 10.30.4.91: no connection to modbus server
[2025-03-01T08:22:54.715Z] ❌ Error reading register 1000 for IP 10.30.4.91: no connection to modbus server
[2025-03-01T08:22:54.715Z] Error reading actual data: no connection to modbus server
[2025-03-01T08:22:54.748Z] Error writing to Modbus register: no connection to modbus server
[2025-03-01T08:22:55.666Z] Error reading register 3105 for IP 10.30.4.91: no connection to modbus server
[2025-03-01T08:22:55.667Z] ❌ Error reading register 1000 for IP 10.30.4.91: no connection to modbus server
[2025-03-01T08:22:55.667Z] Error reading actual data: no connection to modbus server
[2025-03-01T08:22:55.669Z] Error writing to Modbus register: no connection to modbus server
[2025-03-01T08:22:55.671Z] Error reading register 3105 for IP 10.30.4.91: no connection to modbus server
[2025-03-01T08:22:55.671Z] ❌ Error reading register 1000 for IP 10.30.4.91: no connection to modbus server
[2025-03-01T08:22:55.672Z] Error reading actual data: no connection to modbus server
[2025-03-01T08:22:55.673Z] Error writing to Modbus register: no connection to modbus server
[2025-03-01T08:22:55.682Z] Error reading register 3105 for IP 10.30.4.91: no connection to modbus server
[2025-03-01T08:22:55.683Z] ❌ Error reading register 1000 for IP 10.30.4.91: no connection to modbus server
[2025-03-01T08:22:55.683Z] Error reading actual data: no connection to modbus server
[2025-03-01T08:22:55.684Z] Error writing to Modbus register: no connection to modbus server
[2025-03-01T08:22:55.685Z] Error reading register 3105 for IP 10.30.4.91: no connection to modbus server
[2025-03-01T08:22:55.685Z] ❌ Error reading register 1000 for IP 10.30.4.91: no connection to modbus server
[2025-03-01T08:22:55.685Z] Error reading actual data: no connection to modbus server
[2025-03-01T08:22:55.687Z] Error writing to Modbus register: no connection to modbus server
[2025-03-01T08:22:55.688Z] Error reading register 3105 for IP 10.30.4.91: no connection to modbus server
[2025-03-01T08:22:55.688Z] ❌ Error reading register 1000 for IP 10.30.4.91: no connection to modbus server
[2025-03-01T08:22:55.688Z] Error reading actual data: no connection to modbus server
[2025-03-01T08:22:55.689Z] Error writing to Modbus register: no connection to modbus server
[2025-03-01T08:22:55.716Z] Error reading register 3105 for IP 10.30.4.91: no connection to modbus server
[2025-03-01T08:22:55.716Z] ❌ Error reading register 1000 for IP 10.30.4.91: no connection to modbus server
[2025-03-01T08:22:55.717Z] Error reading actual data: no connection to modbus server
[2025-03-01T08:22:55.749Z] Error writing to Modbus register: no connection to modbus server
[2025-03-01T08:22:56.665Z] Error reading register 3105 for IP 10.30.4.91: no connection to modbus server
[2025-03-01T08:22:56.665Z] ❌ Error reading register 1000 for IP 10.30.4.91: no connection to modbus server
[2025-03-01T08:22:56.665Z] Error reading actual data: no connection to modbus server
[2025-03-01T08:22:56.682Z] Error writing to Modbus register: no connection to modbus server
[2025-03-01T08:22:56.682Z] Error reading register 3105 for IP 10.30.4.91: no connection to modbus server
[2025-03-01T08:22:56.683Z] ❌ Error reading register 1000 for IP 10.30.4.91: no connection to modbus server
[2025-03-01T08:22:56.683Z] Error reading actual data: no connection to modbus server
[2025-03-01T08:22:56.683Z] Error writing to Modbus register: no connection to modbus server
[2025-03-01T08:22:56.684Z] Error reading register 3105 for IP 10.30.4.91: no connection to modbus server
[2025-03-01T08:22:56.684Z] ❌ Error reading register 1000 for IP 10.30.4.91: no connection to modbus server
[2025-03-01T08:22:56.684Z] Error reading actual data: no connection to modbus server
[2025-03-01T08:22:56.685Z] Error writing to Modbus register: no connection to modbus server
[2025-03-01T08:22:56.685Z] Error reading register 3105 for IP 10.30.4.91: no connection to modbus server
[2025-03-01T08:22:56.685Z] ❌ Error reading register 1000 for IP 10.30.4.91: no connection to modbus server
[2025-03-01T08:22:56.685Z] Error reading actual data: no connection to modbus server
[2025-03-01T08:22:56.686Z] Error writing to Modbus register: no connection to modbus server
[2025-03-01T08:22:56.698Z] Error reading register 3105 for IP 10.30.4.91: no connection to modbus server
[2025-03-01T08:22:56.699Z] ❌ Error reading register 1000 for IP 10.30.4.91: no connection to modbus server
[2025-03-01T08:22:56.699Z] Error writing to Modbus register: no connection to modbus server
[2025-03-01T08:22:56.699Z] Error reading actual data: no connection to modbus server
[2025-03-01T08:22:56.715Z] Error reading register 3105 for IP 10.30.4.91: no connection to modbus server
[2025-03-01T08:22:56.715Z] ❌ Error reading register 1000 for IP 10.30.4.91: no connection to modbus server
[2025-03-01T08:22:56.715Z] Error reading actual data: no connection to modbus server
[2025-03-01T08:22:56.749Z] Error writing to Modbus register: no connection to modbus server
[2025-03-01T08:22:57.665Z] Error reading register 3105 for IP 10.30.4.91: no connection to modbus server
[2025-03-01T08:22:57.666Z] ❌ Error reading register 1000 for IP 10.30.4.91: no connection to modbus server
[2025-03-01T08:22:57.666Z] Error reading actual data: no connection to modbus server
[2025-03-01T08:22:57.698Z] Error writing to Modbus register: no connection to modbus server
[2025-03-01T08:22:57.698Z] Error reading register 3105 for IP 10.30.4.91: no connection to modbus server
[2025-03-01T08:22:57.698Z] ❌ Error reading register 1000 for IP 10.30.4.91: no connection to modbus server
[2025-03-01T08:22:57.699Z] Error reading actual data: no connection to modbus server
[2025-03-01T08:22:57.699Z] Error writing to Modbus register: no connection to modbus server
[2025-03-01T08:22:57.700Z] Error reading register 3105 for IP 10.30.4.91: no connection to modbus server
[2025-03-01T08:22:57.700Z] ❌ Error reading register 1000 for IP 10.30.4.91: no connection to modbus server
[2025-03-01T08:22:57.700Z] Error reading actual data: no connection to modbus server
[2025-03-01T08:22:57.700Z] Error writing to Modbus register: no connection to modbus server
[2025-03-01T08:22:57.701Z] Error reading register 3105 for IP 10.30.4.91: no connection to modbus server
[2025-03-01T08:22:57.701Z] ❌ Error reading register 1000 for IP 10.30.4.91: no connection to modbus server
[2025-03-01T08:22:57.701Z] Error reading actual data: no connection to modbus server
[2025-03-01T08:22:57.701Z] Error writing to Modbus register: no connection to modbus server
[2025-03-01T08:22:57.702Z] Error reading register 3105 for IP 10.30.4.91: no connection to modbus server
[2025-03-01T08:22:57.702Z] ❌ Error reading register 1000 for IP 10.30.4.91: no connection to modbus server
[2025-03-01T08:22:57.702Z] Error reading actual data: no connection to modbus server
[2025-03-01T08:22:57.703Z] Error writing to Modbus register: no connection to modbus server
[2025-03-01T08:22:57.715Z] ❌ Error reading register 1000 for IP 10.30.4.91: no connection to modbus server
[2025-03-01T08:22:57.715Z] Error reading actual data: no connection to modbus server
[2025-03-01T08:22:57.715Z] Error reading register 3105 for IP 10.30.4.91: no connection to modbus server
[2025-03-01T08:22:57.749Z] Error writing to Modbus register: no connection to modbus server
[2025-03-01T08:22:58.678Z] Error reading register 3105 for IP 10.30.4.91: no connection to modbus server
[2025-03-01T08:22:58.678Z] ❌ Error reading register 1000 for IP 10.30.4.91: no connection to modbus server
[2025-03-01T08:22:58.679Z] Error reading actual data: no connection to modbus server
[2025-03-01T08:22:58.701Z] Error writing to Modbus register: no connection to modbus server
[2025-03-01T08:22:58.701Z] Error reading register 3105 for IP 10.30.4.91: no connection to modbus server
[2025-03-01T08:22:58.702Z] ❌ Error reading register 1000 for IP 10.30.4.91: no connection to modbus server
[2025-03-01T08:22:58.702Z] Error reading actual data: no connection to modbus server
[2025-03-01T08:22:58.702Z] Error writing to Modbus register: no connection to modbus server
[2025-03-01T08:22:58.703Z] Error reading register 3105 for IP 10.30.4.91: no connection to modbus server
[2025-03-01T08:22:58.703Z] ❌ Error reading register 1000 for IP 10.30.4.91: no connection to modbus server
[2025-03-01T08:22:58.703Z] Error reading actual data: no connection to modbus server
[2025-03-01T08:22:58.703Z] Error writing to Modbus register: no connection to modbus server
[2025-03-01T08:22:58.703Z] Error reading register 3105 for IP 10.30.4.91: no connection to modbus server
[2025-03-01T08:22:58.704Z] ❌ Error reading register 1000 for IP 10.30.4.91: no connection to modbus server
[2025-03-01T08:22:58.704Z] Error reading actual data: no connection to modbus server
[2025-03-01T08:22:58.704Z] Error writing to Modbus register: no connection to modbus server
[2025-03-01T08:22:58.705Z] Error reading register 3105 for IP 10.30.4.91: no connection to modbus server
[2025-03-01T08:22:58.705Z] ❌ Error reading register 1000 for IP 10.30.4.91: no connection to modbus server
[2025-03-01T08:22:58.705Z] Error reading actual data: no connection to modbus server
[2025-03-01T08:22:58.706Z] Error writing to Modbus register: no connection to modbus server
[2025-03-01T08:22:58.717Z] Error reading register 3105 for IP 10.30.4.91: no connection to modbus server
[2025-03-01T08:22:58.717Z] ❌ Error reading register 1000 for IP 10.30.4.91: no connection to modbus server
[2025-03-01T08:22:58.717Z] Error reading actual data: no connection to modbus server
[2025-03-01T08:22:58.763Z] Error writing to Modbus register: no connection to modbus server
[2025-03-01T08:22:59.683Z] Error reading register 3105 for IP 10.30.4.91: no connection to modbus server
[2025-03-01T08:22:59.683Z] ❌ Error reading register 1000 for IP 10.30.4.91: no connection to modbus server
[2025-03-01T08:22:59.684Z] Error reading actual data: no connection to modbus server
[2025-03-01T08:22:59.716Z] Error writing to Modbus register: no connection to modbus server
[2025-03-01T08:22:59.718Z] Error reading register 3105 for IP 10.30.4.91: no connection to modbus server
[2025-03-01T08:22:59.719Z] ❌ Error reading register 1000 for IP 10.30.4.91: no connection to modbus server
[2025-03-01T08:22:59.721Z] Error reading register 3105 for IP 10.30.4.91: no connection to modbus server
[2025-03-01T08:22:59.722Z] ❌ Error reading register 1000 for IP 10.30.4.91: no connection to modbus server
[2025-03-01T08:22:59.719Z] Error reading actual data: no connection to modbus server
[2025-03-01T08:22:59.723Z] Error writing to Modbus register: no connection to modbus server
[2025-03-01T08:22:59.722Z] Error reading actual data: no connection to modbus server
[2025-03-01T08:22:59.723Z] Error reading register 3105 for IP 10.30.4.91: no connection to modbus server
[2025-03-01T08:22:59.720Z] Error writing to Modbus register: no connection to modbus server
[2025-03-01T08:22:59.724Z] ❌ Error reading register 1000 for IP 10.30.4.91: no connection to modbus server
[2025-03-01T08:22:59.724Z] Error reading actual data: no connection to modbus server
[2025-03-01T08:22:59.725Z] Error writing to Modbus register: no connection to modbus server
[2025-03-01T08:22:59.725Z] Error reading register 3105 for IP 10.30.4.91: no connection to modbus server
[2025-03-01T08:22:59.725Z] ❌ Error reading register 1000 for IP 10.30.4.91: no connection to modbus server
[2025-03-01T08:22:59.725Z] Error writing to Modbus register: no connection to modbus server
[2025-03-01T08:22:59.725Z] Error reading actual data: no connection to modbus server
[2025-03-01T08:22:59.727Z] Error reading register 3105 for IP 10.30.4.91: no connection to modbus server
[2025-03-01T08:22:59.727Z] ❌ Error reading register 1000 for IP 10.30.4.91: no connection to modbus server
[2025-03-01T08:22:59.727Z] Error reading actual data: no connection to modbus server
[2025-03-01T08:22:59.765Z] Error writing to Modbus register: no connection to modbus server
[2025-03-01T08:23:00.698Z] Error reading register 3105 for IP 10.30.4.91: no connection to modbus server
[2025-03-01T08:23:00.698Z] ❌ Error reading register 1000 for IP 10.30.4.91: no connection to modbus server
[2025-03-01T08:23:00.699Z] Error reading actual data: no connection to modbus server
[2025-03-01T08:23:00.729Z] Error writing to Modbus register: no connection to modbus server
[2025-03-01T08:23:00.730Z] Error reading register 3105 for IP 10.30.4.91: no connection to modbus server
[2025-03-01T08:23:00.730Z] Error writing to Modbus register: no connection to modbus server
[2025-03-01T08:23:00.731Z] Error reading register 3105 for IP 10.30.4.91: no connection to modbus server
[2025-03-01T08:23:00.731Z] ❌ Error reading register 1000 for IP 10.30.4.91: no connection to modbus server
[2025-03-01T08:23:00.730Z] Error reading actual data: no connection to modbus server
[2025-03-01T08:23:00.731Z] Error reading actual data: no connection to modbus server
[2025-03-01T08:23:00.730Z] ❌ Error reading register 1000 for IP 10.30.4.91: no connection to modbus server
[2025-03-01T08:23:00.731Z] Error writing to Modbus register: no connection to modbus server
[2025-03-01T08:23:00.732Z] Error reading register 3105 for IP 10.30.4.91: no connection to modbus server
[2025-03-01T08:23:00.732Z] ❌ Error reading register 1000 for IP 10.30.4.91: no connection to modbus server
[2025-03-01T08:23:00.732Z] Error reading actual data: no connection to modbus server
[2025-03-01T08:23:00.733Z] Error writing to Modbus register: no connection to modbus server
[2025-03-01T08:23:00.733Z] Error reading register 3105 for IP 10.30.4.91: no connection to modbus server
[2025-03-01T08:23:00.733Z] ❌ Error reading register 1000 for IP 10.30.4.91: no connection to modbus server
[2025-03-01T08:23:00.733Z] Error reading actual data: no connection to modbus server
[2025-03-01T08:23:00.734Z] Error writing to Modbus register: no connection to modbus server
[2025-03-01T08:23:00.734Z] Error reading register 3105 for IP 10.30.4.91: no connection to modbus server
[2025-03-01T08:23:00.734Z] ❌ Error reading register 1000 for IP 10.30.4.91: no connection to modbus server
[2025-03-01T08:23:00.734Z] Error reading actual data: no connection to modbus server
[2025-03-01T08:23:00.765Z] Error writing to Modbus register: no connection to modbus server
[2025-03-01T08:23:01.704Z] Error reading register 3105 for IP 10.30.4.91: no connection to modbus server
[2025-03-01T08:23:01.704Z] ❌ Error reading register 1000 for IP 10.30.4.91: no connection to modbus server
[2025-03-01T08:23:01.705Z] Error reading actual data: no connection to modbus server
[2025-03-01T08:23:01.743Z] Error writing to Modbus register: no connection to modbus server
[2025-03-01T08:23:01.744Z] Error reading register 3105 for IP 10.30.4.91: no connection to modbus server
[2025-03-01T08:23:01.744Z] ❌ Error reading register 1000 for IP 10.30.4.91: no connection to modbus server
[2025-03-01T08:23:01.745Z] Error reading actual data: no connection to modbus server
[2025-03-01T08:23:01.745Z] Error writing to Modbus register: no connection to modbus server
[2025-03-01T08:23:01.746Z] Error reading register 3105 for IP 10.30.4.91: no connection to modbus server
[2025-03-01T08:23:01.746Z] ❌ Error reading register 1000 for IP 10.30.4.91: no connection to modbus server
[2025-03-01T08:23:01.746Z] Error reading actual data: no connection to modbus server
[2025-03-01T08:23:01.747Z] Error writing to Modbus register: no connection to modbus server
[2025-03-01T08:23:01.747Z] Error reading register 3105 for IP 10.30.4.91: no connection to modbus server
[2025-03-01T08:23:01.748Z] ❌ Error reading register 1000 for IP 10.30.4.91: no connection to modbus server
[2025-03-01T08:23:01.748Z] Error reading actual data: no connection to modbus server
[2025-03-01T08:23:01.748Z] Error writing to Modbus register: no connection to modbus server
[2025-03-01T08:23:01.749Z] Error reading register 3105 for IP 10.30.4.91: no connection to modbus server
[2025-03-01T08:23:01.749Z] ❌ Error reading register 1000 for IP 10.30.4.91: no connection to modbus server
[2025-03-01T08:23:01.749Z] Error reading actual data: no connection to modbus server
[2025-03-01T08:23:01.750Z] Error writing to Modbus register: no connection to modbus server
[2025-03-01T08:23:01.751Z] Error reading register 3105 for IP 10.30.4.91: no connection to modbus server
[2025-03-01T08:23:01.751Z] ❌ Error reading register 1000 for IP 10.30.4.91: no connection to modbus server
[2025-03-01T08:23:01.751Z] Error reading actual data: no connection to modbus server
[2025-03-01T08:23:01.767Z] Error writing to Modbus register: no connection to modbus server
[2025-03-01T08:23:02.719Z] Error reading register 3105 for IP 10.30.4.91: no connection to modbus server
[2025-03-01T08:23:02.720Z] ❌ Error reading register 1000 for IP 10.30.4.91: no connection to modbus server
[2025-03-01T08:23:02.720Z] Error reading actual data: no connection to modbus server
[2025-03-01T08:23:02.750Z] Error writing to Modbus register: no connection to modbus server
[2025-03-01T08:23:02.752Z] Error reading register 3105 for IP 10.30.4.91: no connection to modbus server
[2025-03-01T08:23:02.752Z] ❌ Error reading register 1000 for IP 10.30.4.91: no connection to modbus server
[2025-03-01T08:23:02.754Z] Error writing to Modbus register: no connection to modbus server
[2025-03-01T08:23:02.755Z] Error reading register 3105 for IP 10.30.4.91: no connection to modbus server
[2025-03-01T08:23:02.753Z] Error reading actual data: no connection to modbus server
[2025-03-01T08:23:02.755Z] ❌ Error reading register 1000 for IP 10.30.4.91: no connection to modbus server
[2025-03-01T08:23:02.756Z] Error writing to Modbus register: no connection to modbus server
[2025-03-01T08:23:02.756Z] Error reading actual data: no connection to modbus server
[2025-03-01T08:23:02.757Z] Error reading register 3105 for IP 10.30.4.91: no connection to modbus server
[2025-03-01T08:23:02.757Z] ❌ Error reading register 1000 for IP 10.30.4.91: no connection to modbus server
[2025-03-01T08:23:02.757Z] Error writing to Modbus register: no connection to modbus server
[2025-03-01T08:23:02.757Z] Error reading actual data: no connection to modbus server
[2025-03-01T08:23:02.758Z] Error reading register 3105 for IP 10.30.4.91: no connection to modbus server
[2025-03-01T08:23:02.758Z] ❌ Error reading register 1000 for IP 10.30.4.91: no connection to modbus server
[2025-03-01T08:23:02.758Z] Error reading actual data: no connection to modbus server
[2025-03-01T08:23:02.759Z] Error writing to Modbus register: no connection to modbus server
[2025-03-01T08:23:02.760Z] Error reading register 3105 for IP 10.30.4.91: no connection to modbus server
[2025-03-01T08:23:02.760Z] ❌ Error reading register 1000 for IP 10.30.4.91: no connection to modbus server
[2025-03-01T08:23:02.760Z] Error reading actual data: no connection to modbus server
[2025-03-01T08:23:02.783Z] Error writing to Modbus register: no connection to modbus server
[2025-03-01T08:23:03.721Z] Error reading register 3105 for IP 10.30.4.91: no connection to modbus server
[2025-03-01T08:23:03.721Z] ❌ Error reading register 1000 for IP 10.30.4.91: no connection to modbus server
[2025-03-01T08:23:03.721Z] Error reading actual data: no connection to modbus server
[2025-03-01T08:23:03.751Z] Error writing to Modbus register: no connection to modbus server
[2025-03-01T08:23:03.751Z] Error reading register 3105 for IP 10.30.4.91: no connection to modbus server
[2025-03-01T08:23:03.751Z] ❌ Error reading register 1000 for IP 10.30.4.91: no connection to modbus server
[2025-03-01T08:23:03.751Z] Error reading actual data: no connection to modbus server
[2025-03-01T08:23:03.766Z] Error writing to Modbus register: no connection to modbus server
[2025-03-01T08:23:03.767Z] Error reading register 3105 for IP 10.30.4.91: no connection to modbus server
[2025-03-01T08:23:03.767Z] ❌ Error reading register 1000 for IP 10.30.4.91: no connection to modbus server
[2025-03-01T08:23:03.767Z] Error reading actual data: no connection to modbus server
[2025-03-01T08:23:03.767Z] Error writing to Modbus register: no connection to modbus server
[2025-03-01T08:23:03.768Z] Error reading register 3105 for IP 10.30.4.91: no connection to modbus server
[2025-03-01T08:23:03.768Z] ❌ Error reading register 1000 for IP 10.30.4.91: no connection to modbus server
[2025-03-01T08:23:03.768Z] Error reading actual data: no connection to modbus server
[2025-03-01T08:23:03.769Z] Error writing to Modbus register: no connection to modbus server
[2025-03-01T08:23:03.769Z] Error reading register 3105 for IP 10.30.4.91: no connection to modbus server
[2025-03-01T08:23:03.769Z] ❌ Error reading register 1000 for IP 10.30.4.91: no connection to modbus server
[2025-03-01T08:23:03.769Z] Error reading actual data: no connection to modbus server
[2025-03-01T08:23:03.769Z] Error writing to Modbus register: no connection to modbus server
[2025-03-01T08:23:03.770Z] Error reading register 3105 for IP 10.30.4.91: no connection to modbus server
[2025-03-01T08:23:03.770Z] ❌ Error reading register 1000 for IP 10.30.4.91: no connection to modbus server
[2025-03-01T08:23:03.770Z] Error reading actual data: no connection to modbus server
[2025-03-01T08:23:03.798Z] Error writing to Modbus register: no connection to modbus server
[2025-03-01T08:23:04.733Z] Error reading register 3105 for IP 10.30.4.91: no connection to modbus server
[2025-03-01T08:23:04.733Z] ❌ Error reading register 1000 for IP 10.30.4.91: no connection to modbus server
[2025-03-01T08:23:04.733Z] Error reading actual data: no connection to modbus server
[2025-03-01T08:23:04.761Z] Error writing to Modbus register: no connection to modbus server
[2025-03-01T08:23:04.761Z] Error reading register 3105 for IP 10.30.4.91: no connection to modbus server
[2025-03-01T08:23:04.761Z] Error reading actual data: no connection to modbus server
[2025-03-01T08:23:04.761Z] ❌ Error reading register 1000 for IP 10.30.4.91: no connection to modbus server
[2025-03-01T08:23:04.781Z] Error writing to Modbus register: no connection to modbus server
[2025-03-01T08:23:04.783Z] Error reading register 3105 for IP 10.30.4.91: no connection to modbus server
[2025-03-01T08:23:04.783Z] ❌ Error reading register 1000 for IP 10.30.4.91: no connection to modbus server
[2025-03-01T08:23:04.783Z] Error reading actual data: no connection to modbus server
[2025-03-01T08:23:04.784Z] Error writing to Modbus register: no connection to modbus server
[2025-03-01T08:23:04.785Z] Error reading register 3105 for IP 10.30.4.91: no connection to modbus server
[2025-03-01T08:23:04.785Z] ❌ Error reading register 1000 for IP 10.30.4.91: no connection to modbus server
[2025-03-01T08:23:04.786Z] Error reading actual data: no connection to modbus server
[2025-03-01T08:23:04.786Z] Error writing to Modbus register: no connection to modbus server
[2025-03-01T08:23:04.786Z] Error reading register 3105 for IP 10.30.4.91: no connection to modbus server
[2025-03-01T08:23:04.786Z] ❌ Error reading register 1000 for IP 10.30.4.91: no connection to modbus server
[2025-03-01T08:23:04.787Z] Error writing to Modbus register: no connection to modbus server
[2025-03-01T08:23:04.787Z] Error reading actual data: no connection to modbus server
[2025-03-01T08:23:04.787Z] Error reading register 3105 for IP 10.30.4.91: no connection to modbus server
[2025-03-01T08:23:04.787Z] ❌ Error reading register 1000 for IP 10.30.4.91: no connection to modbus server
[2025-03-01T08:23:04.787Z] Error reading actual data: no connection to modbus server
[2025-03-01T08:23:04.810Z] Error writing to Modbus register: no connection to modbus server
[2025-03-01T08:23:05.749Z] ❌ Error reading register 1000 for IP 10.30.4.91: no connection to modbus server
[2025-03-01T08:23:05.749Z] Error reading actual data: no connection to modbus server
[2025-03-01T08:23:05.748Z] Error reading register 3105 for IP 10.30.4.91: no connection to modbus server
[2025-03-01T08:23:05.764Z] Error writing to Modbus register: no connection to modbus server
[2025-03-01T08:23:05.765Z] Error reading register 3105 for IP 10.30.4.91: no connection to modbus server
[2025-03-01T08:23:05.765Z] ❌ Error reading register 1000 for IP 10.30.4.91: no connection to modbus server
[2025-03-01T08:23:05.765Z] Error reading actual data: no connection to modbus server
[2025-03-01T08:23:05.781Z] Error writing to Modbus register: no connection to modbus server
[2025-03-01T08:23:05.782Z] Error reading register 3105 for IP 10.30.4.91: no connection to modbus server
[2025-03-01T08:23:05.782Z] ❌ Error reading register 1000 for IP 10.30.4.91: no connection to modbus server
[2025-03-01T08:23:05.782Z] Error reading actual data: no connection to modbus server
[2025-03-01T08:23:05.798Z] Error writing to Modbus register: no connection to modbus server
[2025-03-01T08:23:05.799Z] Error reading register 3105 for IP 10.30.4.91: no connection to modbus server
[2025-03-01T08:23:05.799Z] ❌ Error reading register 1000 for IP 10.30.4.91: no connection to modbus server
[2025-03-01T08:23:05.800Z] Error writing to Modbus register: no connection to modbus server
[2025-03-01T08:23:05.800Z] Error reading register 3105 for IP 10.30.4.91: no connection to modbus server
[2025-03-01T08:23:05.800Z] ❌ Error reading register 1000 for IP 10.30.4.91: no connection to modbus server
[2025-03-01T08:23:05.800Z] Error writing to Modbus register: no connection to modbus server
[2025-03-01T08:23:05.801Z] Error reading register 3105 for IP 10.30.4.91: no connection to modbus server
[2025-03-01T08:23:05.801Z] ❌ Error reading register 1000 for IP 10.30.4.91: no connection to modbus server
[2025-03-01T08:23:05.801Z] Error reading actual data: no connection to modbus server
[2025-03-01T08:23:05.799Z] Error reading actual data: no connection to modbus server
[2025-03-01T08:23:05.800Z] Error reading actual data: no connection to modbus server
[2025-03-01T08:23:05.815Z] Error writing to Modbus register: no connection to modbus server
[2025-03-01T08:23:06.765Z] Error reading register 3105 for IP 10.30.4.91: no connection to modbus server
[2025-03-01T08:23:06.765Z] ❌ Error reading register 1000 for IP 10.30.4.91: no connection to modbus server
[2025-03-01T08:23:06.765Z] Error reading actual data: no connection to modbus server
[2025-03-01T08:23:06.766Z] Error writing to Modbus register: no connection to modbus server
[2025-03-01T08:23:06.767Z] Error reading register 3105 for IP 10.30.4.91: no connection to modbus server
[2025-03-01T08:23:06.767Z] Error reading actual data: no connection to modbus server
[2025-03-01T08:23:06.767Z] ❌ Error reading register 1000 for IP 10.30.4.91: no connection to modbus server
[2025-03-01T08:23:06.782Z] Error reading register 3105 for IP 10.30.4.91: no connection to modbus server
[2025-03-01T08:23:06.782Z] ❌ Error reading register 1000 for IP 10.30.4.91: no connection to modbus server
[2025-03-01T08:23:06.781Z] Error writing to Modbus register: no connection to modbus server
[2025-03-01T08:23:06.782Z] Error reading actual data: no connection to modbus server
[2025-03-01T08:23:06.798Z] Error writing to Modbus register: no connection to modbus server
[2025-03-01T08:23:06.799Z] Error reading register 3105 for IP 10.30.4.91: no connection to modbus server
[2025-03-01T08:23:06.799Z] ❌ Error reading register 1000 for IP 10.30.4.91: no connection to modbus server
[2025-03-01T08:23:06.799Z] Error reading actual data: no connection to modbus server
[2025-03-01T08:23:06.799Z] Error writing to Modbus register: no connection to modbus server
[2025-03-01T08:23:06.800Z] Error reading register 3105 for IP 10.30.4.91: no connection to modbus server
[2025-03-01T08:23:06.800Z] ❌ Error reading register 1000 for IP 10.30.4.91: no connection to modbus server
[2025-03-01T08:23:06.800Z] Error reading actual data: no connection to modbus server
[2025-03-01T08:23:06.801Z] Error writing to Modbus register: no connection to modbus server
[2025-03-01T08:23:06.801Z] Error reading register 3105 for IP 10.30.4.91: no connection to modbus server
[2025-03-01T08:23:06.801Z] ❌ Error reading register 1000 for IP 10.30.4.91: no connection to modbus server
[2025-03-01T08:23:06.801Z] Error reading actual data: no connection to modbus server
[2025-03-01T08:23:06.814Z] Error writing to Modbus register: no connection to modbus server
[2025-03-01T08:23:07.765Z] Error reading register 3105 for IP 10.30.4.91: no connection to modbus server
[2025-03-01T08:23:07.765Z] ❌ Error reading register 1000 for IP 10.30.4.91: no connection to modbus server
[2025-03-01T08:23:07.765Z] Error reading actual data: no connection to modbus server
[2025-03-01T08:23:07.766Z] Error writing to Modbus register: no connection to modbus server
[2025-03-01T08:23:07.767Z] Error reading register 3105 for IP 10.30.4.91: no connection to modbus server
[2025-03-01T08:23:07.767Z] ❌ Error reading register 1000 for IP 10.30.4.91: no connection to modbus server
[2025-03-01T08:23:07.767Z] Error reading actual data: no connection to modbus server
[2025-03-01T08:23:07.782Z] Error writing to Modbus register: no connection to modbus server
[2025-03-01T08:23:07.783Z] Error reading register 3105 for IP 10.30.4.91: no connection to modbus server
[2025-03-01T08:23:07.783Z] ❌ Error reading register 1000 for IP 10.30.4.91: no connection to modbus server
[2025-03-01T08:23:07.784Z] Error reading actual data: no connection to modbus server
[2025-03-01T08:23:07.798Z] Error writing to Modbus register: no connection to modbus server
[2025-03-01T08:23:07.799Z] ❌ Error reading register 1000 for IP 10.30.4.91: no connection to modbus server
[2025-03-01T08:23:07.799Z] Error reading register 3105 for IP 10.30.4.91: no connection to modbus server
[2025-03-01T08:23:07.799Z] Error reading actual data: no connection to modbus server
[2025-03-01T08:23:07.800Z] Error writing to Modbus register: no connection to modbus server
[2025-03-01T08:23:07.800Z] Error reading register 3105 for IP 10.30.4.91: no connection to modbus server
[2025-03-01T08:23:07.801Z] ❌ Error reading register 1000 for IP 10.30.4.91: no connection to modbus server
[2025-03-01T08:23:07.801Z] Error reading actual data: no connection to modbus server
[2025-03-01T08:23:07.802Z] Error writing to Modbus register: no connection to modbus server
[2025-03-01T08:23:07.802Z] Error reading register 3105 for IP 10.30.4.91: no connection to modbus server
[2025-03-01T08:23:07.802Z] ❌ Error reading register 1000 for IP 10.30.4.91: no connection to modbus server
[2025-03-01T08:23:07.802Z] Error reading actual data: no connection to modbus server
[2025-03-01T08:23:07.815Z] Error writing to Modbus register: no connection to modbus server
[2025-03-01T08:23:08.766Z] Error reading register 3105 for IP 10.30.4.91: no connection to modbus server
[2025-03-01T08:23:08.767Z] ❌ Error reading register 1000 for IP 10.30.4.91: no connection to modbus server
[2025-03-01T08:23:08.767Z] Error reading actual data: no connection to modbus server
[2025-03-01T08:23:08.768Z] Error writing to Modbus register: no connection to modbus server
[2025-03-01T08:23:08.770Z] ❌ Error reading register 1000 for IP 10.30.4.91: no connection to modbus server
[2025-03-01T08:23:08.770Z] Error reading register 3105 for IP 10.30.4.91: no connection to modbus server
[2025-03-01T08:23:08.771Z] Error reading actual data: no connection to modbus server
[2025-03-01T08:23:08.782Z] Error writing to Modbus register: no connection to modbus server
[2025-03-01T08:23:08.784Z] Error reading register 3105 for IP 10.30.4.91: no connection to modbus server
[2025-03-01T08:23:08.784Z] ❌ Error reading register 1000 for IP 10.30.4.91: no connection to modbus server
[2025-03-01T08:23:08.784Z] Error reading actual data: no connection to modbus server
[2025-03-01T08:23:08.798Z] Error writing to Modbus register: no connection to modbus server
[2025-03-01T08:23:08.799Z] Error reading register 3105 for IP 10.30.4.91: no connection to modbus server
[2025-03-01T08:23:08.800Z] ❌ Error reading register 1000 for IP 10.30.4.91: no connection to modbus server
[2025-03-01T08:23:08.800Z] Error reading actual data: no connection to modbus server
[2025-03-01T08:23:08.801Z] Error reading register 3105 for IP 10.30.4.91: no connection to modbus server
[2025-03-01T08:23:08.801Z] Error writing to Modbus register: no connection to modbus server
[2025-03-01T08:23:08.801Z] ❌ Error reading register 1000 for IP 10.30.4.91: no connection to modbus server
[2025-03-01T08:23:08.802Z] Error reading actual data: no connection to modbus server
[2025-03-01T08:23:08.803Z] Error writing to Modbus register: no connection to modbus server
[2025-03-01T08:23:08.803Z] Error reading register 3105 for IP 10.30.4.91: no connection to modbus server
[2025-03-01T08:23:08.804Z] ❌ Error reading register 1000 for IP 10.30.4.91: no connection to modbus server
[2025-03-01T08:23:08.804Z] Error reading actual data: no connection to modbus server
[2025-03-01T08:23:08.815Z] Error writing to Modbus register: no connection to modbus server
[2025-03-01T08:23:09.765Z] Error reading register 3105 for IP 10.30.4.91: no connection to modbus server
[2025-03-01T08:23:09.766Z] ❌ Error reading register 1000 for IP 10.30.4.91: no connection to modbus server
[2025-03-01T08:23:09.766Z] Error reading actual data: no connection to modbus server
[2025-03-01T08:23:09.781Z] Error writing to Modbus register: no connection to modbus server
[2025-03-01T08:23:09.781Z] Error reading register 3105 for IP 10.30.4.91: no connection to modbus server
[2025-03-01T08:23:09.782Z] ❌ Error reading register 1000 for IP 10.30.4.91: no connection to modbus server
[2025-03-01T08:23:09.782Z] Error reading actual data: no connection to modbus server
[2025-03-01T08:23:09.782Z] Error writing to Modbus register: no connection to modbus server
[2025-03-01T08:23:09.783Z] ❌ Error reading register 1000 for IP 10.30.4.91: no connection to modbus server
[2025-03-01T08:23:09.783Z] Error reading register 3105 for IP 10.30.4.91: no connection to modbus server
[2025-03-01T08:23:09.783Z] Error reading actual data: no connection to modbus server
[2025-03-01T08:23:09.798Z] Error writing to Modbus register: no connection to modbus server
[2025-03-01T08:23:09.799Z] Error reading register 3105 for IP 10.30.4.91: no connection to modbus server
[2025-03-01T08:23:09.799Z] Error reading actual data: no connection to modbus server
[2025-03-01T08:23:09.799Z] ❌ Error reading register 1000 for IP 10.30.4.91: no connection to modbus server
[2025-03-01T08:23:09.815Z] Error writing to Modbus register: no connection to modbus server
[2025-03-01T08:23:09.815Z] Error reading register 3105 for IP 10.30.4.91: no connection to modbus server
[2025-03-01T08:23:09.816Z] ❌ Error reading register 1000 for IP 10.30.4.91: no connection to modbus server
[2025-03-01T08:23:09.816Z] Error reading actual data: no connection to modbus server
[2025-03-01T08:23:09.816Z] Error writing to Modbus register: no connection to modbus server
[2025-03-01T08:23:09.817Z] Error reading register 3105 for IP 10.30.4.91: no connection to modbus server
[2025-03-01T08:23:09.817Z] ❌ Error reading register 1000 for IP 10.30.4.91: no connection to modbus server
[2025-03-01T08:23:09.817Z] Error reading actual data: no connection to modbus server
[2025-03-01T08:23:09.818Z] Error writing to Modbus register: no connection to modbus server
[2025-03-01T08:23:10.782Z] Error reading register 3105 for IP 10.30.4.91: no connection to modbus server
[2025-03-01T08:23:10.782Z] ❌ Error reading register 1000 for IP 10.30.4.91: no connection to modbus server
[2025-03-01T08:23:10.783Z] Error writing to Modbus register: no connection to modbus server
[2025-03-01T08:23:10.782Z] Error reading actual data: no connection to modbus server
[2025-03-01T08:23:10.784Z] Error reading register 3105 for IP 10.30.4.91: no connection to modbus server
[2025-03-01T08:23:10.784Z] ❌ Error reading register 1000 for IP 10.30.4.91: no connection to modbus server
[2025-03-01T08:23:10.785Z] Error reading register 3105 for IP 10.30.4.91: no connection to modbus server
[2025-03-01T08:23:10.785Z] ❌ Error reading register 1000 for IP 10.30.4.91: no connection to modbus server
[2025-03-01T08:23:10.785Z] Error reading actual data: no connection to modbus server
[2025-03-01T08:23:10.784Z] Error writing to Modbus register: no connection to modbus server
[2025-03-01T08:23:10.784Z] Error reading actual data: no connection to modbus server
[2025-03-01T08:23:10.799Z] ❌ Error reading register 1000 for IP 10.30.4.91: no connection to modbus server
[2025-03-01T08:23:10.798Z] Error writing to Modbus register: no connection to modbus server
[2025-03-01T08:23:10.799Z] Error reading register 3105 for IP 10.30.4.91: no connection to modbus server
[2025-03-01T08:23:10.799Z] Error reading actual data: no connection to modbus server
[2025-03-01T08:23:10.831Z] Error writing to Modbus register: no connection to modbus server
[2025-03-01T08:23:10.832Z] Error reading register 3105 for IP 10.30.4.91: no connection to modbus server
[2025-03-01T08:23:10.833Z] Error reading actual data: no connection to modbus server
[2025-03-01T08:23:10.832Z] ❌ Error reading register 1000 for IP 10.30.4.91: no connection to modbus server
[2025-03-01T08:23:10.833Z] Error writing to Modbus register: no connection to modbus server
[2025-03-01T08:23:10.834Z] Error reading register 3105 for IP 10.30.4.91: no connection to modbus server
[2025-03-01T08:23:10.834Z] Error reading actual data: no connection to modbus server
[2025-03-01T08:23:10.834Z] ❌ Error reading register 1000 for IP 10.30.4.91: no connection to modbus server
[2025-03-01T08:23:10.834Z] Error writing to Modbus register: no connection to modbus server
[2025-03-01T08:23:11.782Z] Error reading register 3105 for IP 10.30.4.91: no connection to modbus server
[2025-03-01T08:23:11.782Z] ❌ Error reading register 1000 for IP 10.30.4.91: no connection to modbus server
[2025-03-01T08:23:11.782Z] Error reading actual data: no connection to modbus server
[2025-03-01T08:23:11.783Z] Error writing to Modbus register: no connection to modbus server
[2025-03-01T08:23:11.784Z] Error reading register 3105 for IP 10.30.4.91: no connection to modbus server
[2025-03-01T08:23:11.784Z] ❌ Error reading register 1000 for IP 10.30.4.91: no connection to modbus server
[2025-03-01T08:23:11.784Z] Error reading actual data: no connection to modbus server
[2025-03-01T08:23:11.785Z] Error writing to Modbus register: no connection to modbus server
[2025-03-01T08:23:11.786Z] Error reading register 3105 for IP 10.30.4.91: no connection to modbus server
[2025-03-01T08:23:11.786Z] ❌ Error reading register 1000 for IP 10.30.4.91: no connection to modbus server
[2025-03-01T08:23:11.786Z] Error reading actual data: no connection to modbus server
[2025-03-01T08:23:11.798Z] Error writing to Modbus register: no connection to modbus server
[2025-03-01T08:23:11.799Z] Error reading register 3105 for IP 10.30.4.91: no connection to modbus server
[2025-03-01T08:23:11.799Z] ❌ Error reading register 1000 for IP 10.30.4.91: no connection to modbus server
[2025-03-01T08:23:11.799Z] Error reading actual data: no connection to modbus server
[2025-03-01T08:23:11.831Z] Error writing to Modbus register: no connection to modbus server
[2025-03-01T08:23:11.832Z] Error reading register 3105 for IP 10.30.4.91: no connection to modbus server
[2025-03-01T08:23:11.832Z] ❌ Error reading register 1000 for IP 10.30.4.91: no connection to modbus server
[2025-03-01T08:23:11.832Z] Error reading actual data: no connection to modbus server
[2025-03-01T08:23:11.833Z] Error writing to Modbus register: no connection to modbus server
[2025-03-01T08:23:11.834Z] Error reading register 3105 for IP 10.30.4.91: no connection to modbus server
[2025-03-01T08:23:11.834Z] ❌ Error reading register 1000 for IP 10.30.4.91: no connection to modbus server
[2025-03-01T08:23:11.834Z] Error reading actual data: no connection to modbus server
[2025-03-01T08:23:11.834Z] Error writing to Modbus register: no connection to modbus server
[2025-03-01T08:23:12.781Z] ❌ Error reading register 1000 for IP 10.30.4.91: no connection to modbus server
[2025-03-01T08:23:12.781Z] Error reading actual data: no connection to modbus server
[2025-03-01T08:23:12.781Z] Error reading register 3105 for IP 10.30.4.91: no connection to modbus server
[2025-03-01T08:23:12.783Z] Error writing to Modbus register: no connection to modbus server
[2025-03-01T08:23:12.784Z] Error reading register 3105 for IP 10.30.4.91: no connection to modbus server
[2025-03-01T08:23:12.784Z] ❌ Error reading register 1000 for IP 10.30.4.91: no connection to modbus server
[2025-03-01T08:23:12.784Z] Error reading actual data: no connection to modbus server
[2025-03-01T08:23:12.784Z] Error writing to Modbus register: no connection to modbus server
[2025-03-01T08:23:12.798Z] Error reading register 3105 for IP 10.30.4.91: no connection to modbus server
[2025-03-01T08:23:12.799Z] ❌ Error reading register 1000 for IP 10.30.4.91: no connection to modbus server
[2025-03-01T08:23:12.799Z] Error reading actual data: no connection to modbus server
[2025-03-01T08:23:12.799Z] Error writing to Modbus register: no connection to modbus server
[2025-03-01T08:23:12.814Z] Error reading register 3105 for IP 10.30.4.91: no connection to modbus server
[2025-03-01T08:23:12.815Z] ❌ Error reading register 1000 for IP 10.30.4.91: no connection to modbus server
[2025-03-01T08:23:12.815Z] Error reading actual data: no connection to modbus server
[2025-03-01T08:23:12.831Z] Error writing to Modbus register: no connection to modbus server
[2025-03-01T08:23:12.832Z] Error reading register 3105 for IP 10.30.4.91: no connection to modbus server
[2025-03-01T08:23:12.832Z] ❌ Error reading register 1000 for IP 10.30.4.91: no connection to modbus server
[2025-03-01T08:23:12.832Z] Error reading actual data: no connection to modbus server
[2025-03-01T08:23:12.833Z] Error writing to Modbus register: no connection to modbus server
[2025-03-01T08:23:12.834Z] ❌ Error reading register 1000 for IP 10.30.4.91: no connection to modbus server
[2025-03-01T08:23:12.834Z] Error reading actual data: no connection to modbus server
[2025-03-01T08:23:12.834Z] Error reading register 3105 for IP 10.30.4.91: no connection to modbus server
[2025-03-01T08:23:12.834Z] Error writing to Modbus register: no connection to modbus server
[2025-03-01T08:23:13.782Z] Error reading register 3105 for IP 10.30.4.91: no connection to modbus server
[2025-03-01T08:23:13.782Z] ❌ Error reading register 1000 for IP 10.30.4.91: no connection to modbus server
[2025-03-01T08:23:13.782Z] Error reading actual data: no connection to modbus server
[2025-03-01T08:23:13.782Z] Error writing to Modbus register: no connection to modbus server
[2025-03-01T08:23:13.798Z] Error reading register 3105 for IP 10.30.4.91: no connection to modbus server
[2025-03-01T08:23:13.798Z] ❌ Error reading register 1000 for IP 10.30.4.91: no connection to modbus server
[2025-03-01T08:23:13.799Z] Error reading actual data: no connection to modbus server
[2025-03-01T08:23:13.799Z] Error writing to Modbus register: no connection to modbus server
[2025-03-01T08:23:13.800Z] ❌ Error reading register 1000 for IP 10.30.4.91: no connection to modbus server
[2025-03-01T08:23:13.800Z] Error reading register 3105 for IP 10.30.4.91: no connection to modbus server
[2025-03-01T08:23:13.800Z] Error reading actual data: no connection to modbus server
[2025-03-01T08:23:13.801Z] Error writing to Modbus register: no connection to modbus server
[2025-03-01T08:23:13.815Z] ❌ Error reading register 1000 for IP 10.30.4.91: no connection to modbus server
[2025-03-01T08:23:13.815Z] Error reading register 3105 for IP 10.30.4.91: no connection to modbus server
[2025-03-01T08:23:13.815Z] Error reading actual data: no connection to modbus server
[2025-03-01T08:23:13.831Z] Error writing to Modbus register: no connection to modbus server
[2025-03-01T08:23:13.832Z] Error reading register 3105 for IP 10.30.4.91: no connection to modbus server
[2025-03-01T08:23:13.832Z] ❌ Error reading register 1000 for IP 10.30.4.91: no connection to modbus server
[2025-03-01T08:23:13.832Z] Error reading actual data: no connection to modbus server
[2025-03-01T08:23:13.833Z] Error writing to Modbus register: no connection to modbus server
[2025-03-01T08:23:13.834Z] Error reading register 3105 for IP 10.30.4.91: no connection to modbus server
[2025-03-01T08:23:13.834Z] ❌ Error reading register 1000 for IP 10.30.4.91: no connection to modbus server
[2025-03-01T08:23:13.834Z] Error reading actual data: no connection to modbus server
[2025-03-01T08:23:13.834Z] Error writing to Modbus register: no connection to modbus server
[2025-03-01T08:23:14.783Z] Error reading register 3105 for IP 10.30.4.91: no connection to modbus server
[2025-03-01T08:23:14.784Z] ❌ Error reading register 1000 for IP 10.30.4.91: no connection to modbus server
[2025-03-01T08:23:14.784Z] Error reading actual data: no connection to modbus server
[2025-03-01T08:23:14.785Z] Error writing to Modbus register: no connection to modbus server
[2025-03-01T08:23:14.799Z] Error reading register 3105 for IP 10.30.4.91: no connection to modbus server
[2025-03-01T08:23:14.799Z] ❌ Error reading register 1000 for IP 10.30.4.91: no connection to modbus server
[2025-03-01T08:23:14.799Z] Error reading actual data: no connection to modbus server
[2025-03-01T08:23:14.800Z] Error writing to Modbus register: no connection to modbus server
[2025-03-01T08:23:14.801Z] Error reading register 3105 for IP 10.30.4.91: no connection to modbus server
[2025-03-01T08:23:14.802Z] ❌ Error reading register 1000 for IP 10.30.4.91: no connection to modbus server
[2025-03-01T08:23:14.802Z] Error reading actual data: no connection to modbus server
[2025-03-01T08:23:14.803Z] Error writing to Modbus register: no connection to modbus server
[2025-03-01T08:23:14.816Z] Error reading register 3105 for IP 10.30.4.91: no connection to modbus server
[2025-03-01T08:23:14.816Z] ❌ Error reading register 1000 for IP 10.30.4.91: no connection to modbus server
[2025-03-01T08:23:14.817Z] Error reading actual data: no connection to modbus server
[2025-03-01T08:23:14.833Z] Error writing to Modbus register: no connection to modbus server
[2025-03-01T08:23:14.834Z] Error reading register 3105 for IP 10.30.4.91: no connection to modbus server
[2025-03-01T08:23:14.834Z] ❌ Error reading register 1000 for IP 10.30.4.91: no connection to modbus server
[2025-03-01T08:23:14.835Z] Error reading actual data: no connection to modbus server
[2025-03-01T08:23:14.836Z] Error writing to Modbus register: no connection to modbus server
[2025-03-01T08:23:14.837Z] Error reading register 3105 for IP 10.30.4.91: no connection to modbus server
[2025-03-01T08:23:14.837Z] ❌ Error reading register 1000 for IP 10.30.4.91: no connection to modbus server
[2025-03-01T08:23:14.837Z] Error reading actual data: no connection to modbus server
[2025-03-01T08:23:14.838Z] Error writing to Modbus register: no connection to modbus server
[2025-03-01T08:23:15.798Z] Error reading register 3105 for IP 10.30.4.91: no connection to modbus server
[2025-03-01T08:23:15.798Z] ❌ Error reading register 1000 for IP 10.30.4.91: no connection to modbus server
[2025-03-01T08:23:15.799Z] Error writing to Modbus register: no connection to modbus server
[2025-03-01T08:23:15.800Z] Error reading register 3105 for IP 10.30.4.91: no connection to modbus server
[2025-03-01T08:23:15.800Z] ❌ Error reading register 1000 for IP 10.30.4.91: no connection to modbus server
[2025-03-01T08:23:15.799Z] Error reading actual data: no connection to modbus server
[2025-03-01T08:23:15.800Z] Error reading actual data: no connection to modbus server
[2025-03-01T08:23:15.800Z] Error writing to Modbus register: no connection to modbus server
[2025-03-01T08:23:15.801Z] Error reading register 3105 for IP 10.30.4.91: no connection to modbus server
[2025-03-01T08:23:15.801Z] ❌ Error reading register 1000 for IP 10.30.4.91: no connection to modbus server
[2025-03-01T08:23:15.801Z] Error reading actual data: no connection to modbus server
[2025-03-01T08:23:15.802Z] Error writing to Modbus register: no connection to modbus server
[2025-03-01T08:23:15.832Z] Error reading register 3105 for IP 10.30.4.91: no connection to modbus server
[2025-03-01T08:23:15.832Z] ❌ Error reading register 1000 for IP 10.30.4.91: no connection to modbus server
[2025-03-01T08:23:15.832Z] Error reading actual data: no connection to modbus server
[2025-03-01T08:23:15.833Z] Error writing to Modbus register: no connection to modbus server
[2025-03-01T08:23:15.834Z] Error reading register 3105 for IP 10.30.4.91: no connection to modbus server
[2025-03-01T08:23:15.834Z] ❌ Error reading register 1000 for IP 10.30.4.91: no connection to modbus server
[2025-03-01T08:23:15.835Z] Error reading actual data: no connection to modbus server
[2025-03-01T08:23:15.836Z] Error writing to Modbus register: no connection to modbus server
[2025-03-01T08:23:15.837Z] Error reading register 3105 for IP 10.30.4.91: no connection to modbus server
[2025-03-01T08:23:15.838Z] ❌ Error reading register 1000 for IP 10.30.4.91: no connection to modbus server
[2025-03-01T08:23:15.838Z] Error reading actual data: no connection to modbus server
[2025-03-01T08:23:15.839Z] Error writing to Modbus register: no connection to modbus server
[2025-03-01T08:23:16.799Z] Error reading register 3105 for IP 10.30.4.91: no connection to modbus server
[2025-03-01T08:23:16.800Z] ❌ Error reading register 1000 for IP 10.30.4.91: no connection to modbus server
[2025-03-01T08:23:16.800Z] Error reading actual data: no connection to modbus server
[2025-03-01T08:23:16.802Z] Error writing to Modbus register: no connection to modbus server
[2025-03-01T08:23:16.803Z] Error reading register 3105 for IP 10.30.4.91: no connection to modbus server
[2025-03-01T08:23:16.804Z] ❌ Error reading register 1000 for IP 10.30.4.91: no connection to modbus server
[2025-03-01T08:23:16.804Z] Error reading actual data: no connection to modbus server
[2025-03-01T08:23:16.804Z] Error writing to Modbus register: no connection to modbus server
[2025-03-01T08:23:16.805Z] ❌ Error reading register 1000 for IP 10.30.4.91: no connection to modbus server
[2025-03-01T08:23:16.804Z] Error reading register 3105 for IP 10.30.4.91: no connection to modbus server
[2025-03-01T08:23:16.805Z] Error reading actual data: no connection to modbus server
[2025-03-01T08:23:16.806Z] Error writing to Modbus register: no connection to modbus server
[2025-03-01T08:23:16.833Z] Error reading register 3105 for IP 10.30.4.91: no connection to modbus server
[2025-03-01T08:23:16.833Z] ❌ Error reading register 1000 for IP 10.30.4.91: no connection to modbus server
[2025-03-01T08:23:16.833Z] Error reading actual data: no connection to modbus server
[2025-03-01T08:23:16.835Z] Error writing to Modbus register: no connection to modbus server
[2025-03-01T08:23:16.836Z] Error reading register 3105 for IP 10.30.4.91: no connection to modbus server
[2025-03-01T08:23:16.836Z] ❌ Error reading register 1000 for IP 10.30.4.91: no connection to modbus server
[2025-03-01T08:23:16.836Z] Error reading actual data: no connection to modbus server
[2025-03-01T08:23:16.838Z] Error writing to Modbus register: no connection to modbus server
[2025-03-01T08:23:16.838Z] Error reading register 3105 for IP 10.30.4.91: no connection to modbus server
[2025-03-01T08:23:16.839Z] ❌ Error reading register 1000 for IP 10.30.4.91: no connection to modbus server
[2025-03-01T08:23:16.839Z] Error reading actual data: no connection to modbus server
[2025-03-01T08:23:16.840Z] Error writing to Modbus register: no connection to modbus server
[2025-03-01T08:23:17.800Z] Error reading register 3105 for IP 10.30.4.91: no connection to modbus server
[2025-03-01T08:23:17.800Z] ❌ Error reading register 1000 for IP 10.30.4.91: no connection to modbus server
[2025-03-01T08:23:17.801Z] Error reading actual data: no connection to modbus server
[2025-03-01T08:23:17.802Z] Error writing to Modbus register: no connection to modbus server
[2025-03-01T08:23:17.803Z] Error reading register 3105 for IP 10.30.4.91: no connection to modbus server
[2025-03-01T08:23:17.803Z] ❌ Error reading register 1000 for IP 10.30.4.91: no connection to modbus server
[2025-03-01T08:23:17.803Z] Error reading actual data: no connection to modbus server
[2025-03-01T08:23:17.804Z] Error writing to Modbus register: no connection to modbus server
[2025-03-01T08:23:17.805Z] Error reading register 3105 for IP 10.30.4.91: no connection to modbus server
[2025-03-01T08:23:17.805Z] ❌ Error reading register 1000 for IP 10.30.4.91: no connection to modbus server
[2025-03-01T08:23:17.805Z] Error reading actual data: no connection to modbus server
[2025-03-01T08:23:17.806Z] Error writing to Modbus register: no connection to modbus server
[2025-03-01T08:23:17.833Z] Error reading register 3105 for IP 10.30.4.91: no connection to modbus server
[2025-03-01T08:23:17.833Z] ❌ Error reading register 1000 for IP 10.30.4.91: no connection to modbus server
[2025-03-01T08:23:17.834Z] Error reading actual data: no connection to modbus server
[2025-03-01T08:23:17.834Z] Error writing to Modbus register: no connection to modbus server
[2025-03-01T08:23:17.835Z] Error reading register 3105 for IP 10.30.4.91: no connection to modbus server
[2025-03-01T08:23:17.835Z] ❌ Error reading register 1000 for IP 10.30.4.91: no connection to modbus server
[2025-03-01T08:23:17.835Z] Error reading actual data: no connection to modbus server
[2025-03-01T08:23:17.837Z] Error writing to Modbus register: no connection to modbus server
[2025-03-01T08:23:17.838Z] Error reading register 3105 for IP 10.30.4.91: no connection to modbus server
[2025-03-01T08:23:17.838Z] ❌ Error reading register 1000 for IP 10.30.4.91: no connection to modbus server
[2025-03-01T08:23:17.838Z] Error reading actual data: no connection to modbus server
[2025-03-01T08:23:17.848Z] Error writing to Modbus register: no connection to modbus server
[2025-03-01T08:23:18.817Z] Error reading register 3105 for IP 10.30.4.91: no connection to modbus server
[2025-03-01T08:23:18.819Z] Error reading actual data: no connection to modbus server
[2025-03-01T08:23:18.818Z] ❌ Error reading register 1000 for IP 10.30.4.91: no connection to modbus server
[2025-03-01T08:23:18.820Z] Error writing to Modbus register: no connection to modbus server
[2025-03-01T08:23:18.822Z] Error reading register 3105 for IP 10.30.4.91: no connection to modbus server
[2025-03-01T08:23:18.822Z] ❌ Error reading register 1000 for IP 10.30.4.91: no connection to modbus server
[2025-03-01T08:23:18.823Z] Error reading actual data: no connection to modbus server
[2025-03-01T08:23:18.823Z] Error writing to Modbus register: no connection to modbus server
[2025-03-01T08:23:18.824Z] Error reading register 3105 for IP 10.30.4.91: no connection to modbus server
[2025-03-01T08:23:18.824Z] ❌ Error reading register 1000 for IP 10.30.4.91: no connection to modbus server
[2025-03-01T08:23:18.825Z] Error reading actual data: no connection to modbus server
[2025-03-01T08:23:18.825Z] Error writing to Modbus register: no connection to modbus server
[2025-03-01T08:23:18.832Z] ❌ Error reading register 1000 for IP 10.30.4.91: no connection to modbus server
[2025-03-01T08:23:18.832Z] Error reading actual data: no connection to modbus server
[2025-03-01T08:23:18.832Z] Error reading register 3105 for IP 10.30.4.91: no connection to modbus server
[2025-03-01T08:23:18.848Z] Error writing to Modbus register: no connection to modbus server
[2025-03-01T08:23:18.848Z] Error reading register 3105 for IP 10.30.4.91: no connection to modbus server
[2025-03-01T08:23:18.848Z] ❌ Error reading register 1000 for IP 10.30.4.91: no connection to modbus server
[2025-03-01T08:23:18.849Z] Error reading actual data: no connection to modbus server
[2025-03-01T08:23:18.849Z] Error writing to Modbus register: no connection to modbus server
[2025-03-01T08:23:18.849Z] Error reading register 3105 for IP 10.30.4.91: no connection to modbus server
[2025-03-01T08:23:18.850Z] ❌ Error reading register 1000 for IP 10.30.4.91: no connection to modbus server
[2025-03-01T08:23:18.850Z] Error reading actual data: no connection to modbus server
[2025-03-01T08:23:18.850Z] Error writing to Modbus register: no connection to modbus server
[2025-03-01T08:23:19.817Z] Error reading register 3105 for IP 10.30.4.91: no connection to modbus server
[2025-03-01T08:23:19.817Z] ❌ Error reading register 1000 for IP 10.30.4.91: no connection to modbus server
[2025-03-01T08:23:19.817Z] Error reading actual data: no connection to modbus server
[2025-03-01T08:23:19.831Z] Error writing to Modbus register: no connection to modbus server
[2025-03-01T08:23:19.832Z] Error reading register 3105 for IP 10.30.4.91: no connection to modbus server
[2025-03-01T08:23:19.832Z] ❌ Error reading register 1000 for IP 10.30.4.91: no connection to modbus server
[2025-03-01T08:23:19.833Z] Error reading actual data: no connection to modbus server
[2025-03-01T08:23:19.833Z] Error writing to Modbus register: no connection to modbus server
[2025-03-01T08:23:19.833Z] ❌ Error reading register 1000 for IP 10.30.4.91: no connection to modbus server
[2025-03-01T08:23:19.833Z] Error reading register 3105 for IP 10.30.4.91: no connection to modbus server
[2025-03-01T08:23:19.834Z] Error reading actual data: no connection to modbus server
[2025-03-01T08:23:19.834Z] Error writing to Modbus register: no connection to modbus server
[2025-03-01T08:23:19.834Z] Error reading register 3105 for IP 10.30.4.91: no connection to modbus server
[2025-03-01T08:23:19.834Z] ❌ Error reading register 1000 for IP 10.30.4.91: no connection to modbus server
[2025-03-01T08:23:19.835Z] Error reading actual data: no connection to modbus server
[2025-03-01T08:23:19.848Z] Error writing to Modbus register: no connection to modbus server
[2025-03-01T08:23:19.849Z] Error reading register 3105 for IP 10.30.4.91: no connection to modbus server
[2025-03-01T08:23:19.849Z] ❌ Error reading register 1000 for IP 10.30.4.91: no connection to modbus server
[2025-03-01T08:23:19.849Z] Error reading actual data: no connection to modbus server
[2025-03-01T08:23:19.850Z] Error reading register 3105 for IP 10.30.4.91: no connection to modbus server
[2025-03-01T08:23:19.850Z] Error writing to Modbus register: no connection to modbus server
[2025-03-01T08:23:19.850Z] ❌ Error reading register 1000 for IP 10.30.4.91: no connection to modbus server
[2025-03-01T08:23:19.850Z] Error reading actual data: no connection to modbus server
[2025-03-01T08:23:19.851Z] Error writing to Modbus register: no connection to modbus server
[2025-03-01T08:23:20.831Z] Error reading register 3105 for IP 10.30.4.91: no connection to modbus server
[2025-03-01T08:23:20.831Z] ❌ Error reading register 1000 for IP 10.30.4.91: no connection to modbus server
[2025-03-01T08:23:20.831Z] Error reading actual data: no connection to modbus server
[2025-03-01T08:23:20.832Z] Error writing to Modbus register: no connection to modbus server
[2025-03-01T08:23:20.833Z] Error reading register 3105 for IP 10.30.4.91: no connection to modbus server
[2025-03-01T08:23:20.833Z] ❌ Error reading register 1000 for IP 10.30.4.91: no connection to modbus server
[2025-03-01T08:23:20.833Z] Error reading actual data: no connection to modbus server
[2025-03-01T08:23:20.833Z] Error writing to Modbus register: no connection to modbus server
[2025-03-01T08:23:20.834Z] Error reading register 3105 for IP 10.30.4.91: no connection to modbus server
[2025-03-01T08:23:20.834Z] ❌ Error reading register 1000 for IP 10.30.4.91: no connection to modbus server
[2025-03-01T08:23:20.834Z] Error reading actual data: no connection to modbus server
[2025-03-01T08:23:20.834Z] Error writing to Modbus register: no connection to modbus server
[2025-03-01T08:23:20.835Z] Error reading register 3105 for IP 10.30.4.91: no connection to modbus server
[2025-03-01T08:23:20.835Z] ❌ Error reading register 1000 for IP 10.30.4.91: no connection to modbus server
[2025-03-01T08:23:20.835Z] Error reading actual data: no connection to modbus server
[2025-03-01T08:23:20.848Z] Error writing to Modbus register: no connection to modbus server
[2025-03-01T08:23:20.848Z] Error reading register 3105 for IP 10.30.4.91: no connection to modbus server
[2025-03-01T08:23:20.848Z] ❌ Error reading register 1000 for IP 10.30.4.91: no connection to modbus server
[2025-03-01T08:23:20.848Z] Error reading actual data: no connection to modbus server
[2025-03-01T08:23:20.850Z] Error reading register 3105 for IP 10.30.4.91: no connection to modbus server
[2025-03-01T08:23:20.850Z] ❌ Error reading register 1000 for IP 10.30.4.91: no connection to modbus server
[2025-03-01T08:23:20.849Z] Error writing to Modbus register: no connection to modbus server
[2025-03-01T08:23:20.850Z] Error reading actual data: no connection to modbus server
[2025-03-01T08:23:20.850Z] Error writing to Modbus register: no connection to modbus server
[2025-03-01T08:23:21.831Z] Error reading register 3105 for IP 10.30.4.91: no connection to modbus server
[2025-03-01T08:23:21.832Z] ❌ Error reading register 1000 for IP 10.30.4.91: no connection to modbus server
[2025-03-01T08:23:21.832Z] Error reading actual data: no connection to modbus server
[2025-03-01T08:23:21.832Z] Error writing to Modbus register: no connection to modbus server
[2025-03-01T08:23:21.848Z] Error reading register 3105 for IP 10.30.4.91: no connection to modbus server
[2025-03-01T08:23:21.848Z] ❌ Error reading register 1000 for IP 10.30.4.91: no connection to modbus server
[2025-03-01T08:23:21.848Z] Error reading actual data: no connection to modbus server
[2025-03-01T08:23:21.849Z] Error writing to Modbus register: no connection to modbus server
[2025-03-01T08:23:21.849Z] Error reading register 3105 for IP 10.30.4.91: no connection to modbus server
[2025-03-01T08:23:21.850Z] ❌ Error reading register 1000 for IP 10.30.4.91: no connection to modbus server
[2025-03-01T08:23:21.850Z] Error reading actual data: no connection to modbus server
[2025-03-01T08:23:21.850Z] Error writing to Modbus register: no connection to modbus server
[2025-03-01T08:23:21.850Z] Error reading register 3105 for IP 10.30.4.91: no connection to modbus server
[2025-03-01T08:23:21.850Z] ❌ Error reading register 1000 for IP 10.30.4.91: no connection to modbus server
[2025-03-01T08:23:21.850Z] Error reading actual data: no connection to modbus server
[2025-03-01T08:23:21.851Z] Error writing to Modbus register: no connection to modbus server
[2025-03-01T08:23:21.851Z] Error reading register 3105 for IP 10.30.4.91: no connection to modbus server
[2025-03-01T08:23:21.851Z] ❌ Error reading register 1000 for IP 10.30.4.91: no connection to modbus server
[2025-03-01T08:23:21.851Z] Error reading actual data: no connection to modbus server
[2025-03-01T08:23:21.852Z] ❌ Error reading register 1000 for IP 10.30.4.91: no connection to modbus server
[2025-03-01T08:23:21.852Z] Error reading register 3105 for IP 10.30.4.91: no connection to modbus server
[2025-03-01T08:23:21.852Z] Error writing to Modbus register: no connection to modbus server
[2025-03-01T08:23:21.852Z] Error reading actual data: no connection to modbus server
[2025-03-01T08:23:21.852Z] Error writing to Modbus register: no connection to modbus server
[2025-03-01T08:23:22.832Z] Error reading register 3105 for IP 10.30.4.91: no connection to modbus server
[2025-03-01T08:23:22.832Z] ❌ Error reading register 1000 for IP 10.30.4.91: no connection to modbus server
[2025-03-01T08:23:22.832Z] Error reading actual data: no connection to modbus server
[2025-03-01T08:23:22.832Z] Error writing to Modbus register: no connection to modbus server
[2025-03-01T08:23:22.848Z] Error reading register 3105 for IP 10.30.4.91: no connection to modbus server
[2025-03-01T08:23:22.849Z] ❌ Error reading register 1000 for IP 10.30.4.91: no connection to modbus server
[2025-03-01T08:23:22.849Z] Error reading actual data: no connection to modbus server
[2025-03-01T08:23:22.850Z] Error reading register 3105 for IP 10.30.4.91: no connection to modbus server
[2025-03-01T08:23:22.850Z] ❌ Error reading register 1000 for IP 10.30.4.91: no connection to modbus server
[2025-03-01T08:23:22.849Z] Error writing to Modbus register: no connection to modbus server
[2025-03-01T08:23:22.850Z] Error reading actual data: no connection to modbus server
[2025-03-01T08:23:22.851Z] Error reading register 3105 for IP 10.30.4.91: no connection to modbus server
[2025-03-01T08:23:22.851Z] Error writing to Modbus register: no connection to modbus server
[2025-03-01T08:23:22.851Z] ❌ Error reading register 1000 for IP 10.30.4.91: no connection to modbus server
[2025-03-01T08:23:22.851Z] Error reading actual data: no connection to modbus server
[2025-03-01T08:23:22.852Z] Error writing to Modbus register: no connection to modbus server
[2025-03-01T08:23:22.852Z] Error reading register 3105 for IP 10.30.4.91: no connection to modbus server
[2025-03-01T08:23:22.852Z] ❌ Error reading register 1000 for IP 10.30.4.91: no connection to modbus server
[2025-03-01T08:23:22.852Z] Error reading actual data: no connection to modbus server
[2025-03-01T08:23:22.853Z] Error writing to Modbus register: no connection to modbus server
[2025-03-01T08:23:22.854Z] ❌ Error reading register 1000 for IP 10.30.4.91: no connection to modbus server
[2025-03-01T08:23:22.854Z] Error reading register 3105 for IP 10.30.4.91: no connection to modbus server
[2025-03-01T08:23:22.854Z] Error reading actual data: no connection to modbus server
[2025-03-01T08:23:22.854Z] Error writing to Modbus register: no connection to modbus server
[2025-03-01T08:23:23.832Z] Error reading register 3105 for IP 10.30.4.91: no connection to modbus server
[2025-03-01T08:23:23.832Z] ❌ Error reading register 1000 for IP 10.30.4.91: no connection to modbus server
[2025-03-01T08:23:23.832Z] Error reading actual data: no connection to modbus server
[2025-03-01T08:23:23.832Z] Error writing to Modbus register: no connection to modbus server
[2025-03-01T08:23:23.848Z] Error reading register 3105 for IP 10.30.4.91: no connection to modbus server
[2025-03-01T08:23:23.848Z] ❌ Error reading register 1000 for IP 10.30.4.91: no connection to modbus server
[2025-03-01T08:23:23.849Z] Error reading actual data: no connection to modbus server
[2025-03-01T08:23:23.849Z] Error writing to Modbus register: no connection to modbus server
[2025-03-01T08:23:23.850Z] ❌ Error reading register 1000 for IP 10.30.4.91: no connection to modbus server
[2025-03-01T08:23:23.850Z] Error reading actual data: no connection to modbus server
[2025-03-01T08:23:23.850Z] Error reading register 3105 for IP 10.30.4.91: no connection to modbus server
[2025-03-01T08:23:23.850Z] Error writing to Modbus register: no connection to modbus server
[2025-03-01T08:23:23.851Z] Error reading register 3105 for IP 10.30.4.91: no connection to modbus server
[2025-03-01T08:23:23.851Z] ❌ Error reading register 1000 for IP 10.30.4.91: no connection to modbus server
[2025-03-01T08:23:23.851Z] Error reading actual data: no connection to modbus server
[2025-03-01T08:23:23.851Z] Error writing to Modbus register: no connection to modbus server
[2025-03-01T08:23:23.852Z] Error reading register 3105 for IP 10.30.4.91: no connection to modbus server
[2025-03-01T08:23:23.852Z] ❌ Error reading register 1000 for IP 10.30.4.91: no connection to modbus server
[2025-03-01T08:23:23.852Z] Error reading actual data: no connection to modbus server
[2025-03-01T08:23:23.852Z] Error writing to Modbus register: no connection to modbus server
[2025-03-01T08:23:23.865Z] Error reading register 3105 for IP 10.30.4.91: no connection to modbus server
[2025-03-01T08:23:23.865Z] ❌ Error reading register 1000 for IP 10.30.4.91: no connection to modbus server
[2025-03-01T08:23:23.865Z] Error reading actual data: no connection to modbus server
[2025-03-01T08:23:23.865Z] Error writing to Modbus register: no connection to modbus server
[2025-03-01T08:23:24.833Z] Error reading register 3105 for IP 10.30.4.91: no connection to modbus server
[2025-03-01T08:23:24.833Z] ❌ Error reading register 1000 for IP 10.30.4.91: no connection to modbus server
[2025-03-01T08:23:24.834Z] Error reading actual data: no connection to modbus server
[2025-03-01T08:23:24.835Z] Error writing to Modbus register: no connection to modbus server
[2025-03-01T08:23:24.849Z] Error reading register 3105 for IP 10.30.4.91: no connection to modbus server
[2025-03-01T08:23:24.850Z] ❌ Error reading register 1000 for IP 10.30.4.91: no connection to modbus server
[2025-03-01T08:23:24.850Z] Error reading actual data: no connection to modbus server
[2025-03-01T08:23:24.851Z] Error writing to Modbus register: no connection to modbus server
[2025-03-01T08:23:24.853Z] Error reading register 3105 for IP 10.30.4.91: no connection to modbus server
[2025-03-01T08:23:24.853Z] ❌ Error reading register 1000 for IP 10.30.4.91: no connection to modbus server
[2025-03-01T08:23:24.853Z] Error reading actual data: no connection to modbus server
[2025-03-01T08:23:24.854Z] Error writing to Modbus register: no connection to modbus server
[2025-03-01T08:23:24.855Z] Error reading register 3105 for IP 10.30.4.91: no connection to modbus server
[2025-03-01T08:23:24.855Z] ❌ Error reading register 1000 for IP 10.30.4.91: no connection to modbus server
[2025-03-01T08:23:24.856Z] Error reading actual data: no connection to modbus server
[2025-03-01T08:23:24.857Z] Error writing to Modbus register: no connection to modbus server
[2025-03-01T08:23:24.857Z] Error reading register 3105 for IP 10.30.4.91: no connection to modbus server
[2025-03-01T08:23:24.858Z] Error reading actual data: no connection to modbus server
[2025-03-01T08:23:24.858Z] ❌ Error reading register 1000 for IP 10.30.4.91: no connection to modbus server
[2025-03-01T08:23:24.858Z] Error writing to Modbus register: no connection to modbus server
[2025-03-01T08:23:24.865Z] Error reading register 3105 for IP 10.30.4.91: no connection to modbus server
[2025-03-01T08:23:24.866Z] ❌ Error reading register 1000 for IP 10.30.4.91: no connection to modbus server
[2025-03-01T08:23:24.866Z] Error reading actual data: no connection to modbus server
[2025-03-01T08:23:24.866Z] Error writing to Modbus register: no connection to modbus server
[2025-03-01T08:23:25.848Z] Error reading register 3105 for IP 10.30.4.91: no connection to modbus server
[2025-03-01T08:23:25.848Z] ❌ Error reading register 1000 for IP 10.30.4.91: no connection to modbus server
[2025-03-01T08:23:25.849Z] Error writing to Modbus register: no connection to modbus server
[2025-03-01T08:23:25.848Z] Error reading actual data: no connection to modbus server
[2025-03-01T08:23:25.849Z] Error reading register 3105 for IP 10.30.4.91: no connection to modbus server
[2025-03-01T08:23:25.850Z] ❌ Error reading register 1000 for IP 10.30.4.91: no connection to modbus server
[2025-03-01T08:23:25.850Z] Error reading actual data: no connection to modbus server
[2025-03-01T08:23:25.850Z] Error writing to Modbus register: no connection to modbus server
[2025-03-01T08:23:25.852Z] Error reading register 3105 for IP 10.30.4.91: no connection to modbus server
[2025-03-01T08:23:25.852Z] ❌ Error reading register 1000 for IP 10.30.4.91: no connection to modbus server
[2025-03-01T08:23:25.852Z] Error reading actual data: no connection to modbus server
[2025-03-01T08:23:25.866Z] Error reading register 3105 for IP 10.30.4.91: no connection to modbus server
[2025-03-01T08:23:25.866Z] ❌ Error reading register 1000 for IP 10.30.4.91: no connection to modbus server
[2025-03-01T08:23:25.865Z] Error writing to Modbus register: no connection to modbus server
[2025-03-01T08:23:25.866Z] Error reading actual data: no connection to modbus server
[2025-03-01T08:23:25.867Z] Error writing to Modbus register: no connection to modbus server
[2025-03-01T08:23:25.868Z] Error reading register 3105 for IP 10.30.4.91: no connection to modbus server
[2025-03-01T08:23:25.868Z] ❌ Error reading register 1000 for IP 10.30.4.91: no connection to modbus server
[2025-03-01T08:23:25.868Z] Error reading actual data: no connection to modbus server
[2025-03-01T08:23:25.868Z] Error writing to Modbus register: no connection to modbus server
[2025-03-01T08:23:25.870Z] Error reading register 3105 for IP 10.30.4.91: no connection to modbus server
[2025-03-01T08:23:25.870Z] ❌ Error reading register 1000 for IP 10.30.4.91: no connection to modbus server
[2025-03-01T08:23:25.870Z] Error reading actual data: no connection to modbus server
[2025-03-01T08:23:25.871Z] Error writing to Modbus register: no connection to modbus server
[2025-03-01T08:23:26.849Z] Error reading register 3105 for IP 10.30.4.91: no connection to modbus server
[2025-03-01T08:23:26.849Z] ❌ Error reading register 1000 for IP 10.30.4.91: no connection to modbus server
[2025-03-01T08:23:26.849Z] Error reading actual data: no connection to modbus server
[2025-03-01T08:23:26.850Z] Error writing to Modbus register: no connection to modbus server
[2025-03-01T08:23:26.851Z] ❌ Error reading register 1000 for IP 10.30.4.91: no connection to modbus server
[2025-03-01T08:23:26.850Z] Error reading register 3105 for IP 10.30.4.91: no connection to modbus server
[2025-03-01T08:23:26.851Z] Error reading actual data: no connection to modbus server
[2025-03-01T08:23:26.851Z] Error writing to Modbus register: no connection to modbus server
[2025-03-01T08:23:26.852Z] Error reading register 3105 for IP 10.30.4.91: no connection to modbus server
[2025-03-01T08:23:26.852Z] ❌ Error reading register 1000 for IP 10.30.4.91: no connection to modbus server
[2025-03-01T08:23:26.852Z] Error reading actual data: no connection to modbus server
[2025-03-01T08:23:26.865Z] Error writing to Modbus register: no connection to modbus server
[2025-03-01T08:23:26.866Z] Error reading register 3105 for IP 10.30.4.91: no connection to modbus server
[2025-03-01T08:23:26.866Z] ❌ Error reading register 1000 for IP 10.30.4.91: no connection to modbus server
[2025-03-01T08:23:26.867Z] Error reading actual data: no connection to modbus server
[2025-03-01T08:23:26.868Z] Error writing to Modbus register: no connection to modbus server
[2025-03-01T08:23:26.868Z] Error reading register 3105 for IP 10.30.4.91: no connection to modbus server
[2025-03-01T08:23:26.868Z] ❌ Error reading register 1000 for IP 10.30.4.91: no connection to modbus server
[2025-03-01T08:23:26.869Z] Error reading actual data: no connection to modbus server
[2025-03-01T08:23:26.870Z] Error writing to Modbus register: no connection to modbus server
[2025-03-01T08:23:26.870Z] Error reading register 3105 for IP 10.30.4.91: no connection to modbus server
[2025-03-01T08:23:26.870Z] ❌ Error reading register 1000 for IP 10.30.4.91: no connection to modbus server
[2025-03-01T08:23:26.870Z] Error reading actual data: no connection to modbus server
[2025-03-01T08:23:26.871Z] Error writing to Modbus register: no connection to modbus server
[2025-03-01T08:23:27.849Z] Error reading register 3105 for IP 10.30.4.91: no connection to modbus server
[2025-03-01T08:23:27.850Z] ❌ Error reading register 1000 for IP 10.30.4.91: no connection to modbus server
[2025-03-01T08:23:27.850Z] Error reading actual data: no connection to modbus server
[2025-03-01T08:23:27.852Z] Error writing to Modbus register: no connection to modbus server
[2025-03-01T08:23:27.853Z] Error reading register 3105 for IP 10.30.4.91: no connection to modbus server
[2025-03-01T08:23:27.853Z] ❌ Error reading register 1000 for IP 10.30.4.91: no connection to modbus server
[2025-03-01T08:23:27.854Z] Error reading actual data: no connection to modbus server
[2025-03-01T08:23:27.854Z] Error writing to Modbus register: no connection to modbus server
[2025-03-01T08:23:27.855Z] Error reading register 3105 for IP 10.30.4.91: no connection to modbus server
[2025-03-01T08:23:27.855Z] ❌ Error reading register 1000 for IP 10.30.4.91: no connection to modbus server
[2025-03-01T08:23:27.855Z] Error reading actual data: no connection to modbus server
[2025-03-01T08:23:27.881Z] Error reading register 3105 for IP 10.30.4.91: no connection to modbus server
[2025-03-01T08:23:27.882Z] ❌ Error reading register 1000 for IP 10.30.4.91: no connection to modbus server
[2025-03-01T08:23:27.882Z] Error reading actual data: no connection to modbus server
[2025-03-01T08:23:27.882Z] Error writing to Modbus register: no connection to modbus server
[2025-03-01T08:23:27.883Z] Error reading register 3105 for IP 10.30.4.91: no connection to modbus server
[2025-03-01T08:23:27.883Z] ❌ Error reading register 1000 for IP 10.30.4.91: no connection to modbus server
[2025-03-01T08:23:27.883Z] Error reading actual data: no connection to modbus server
[2025-03-01T08:23:27.883Z] Error reading register 3105 for IP 10.30.4.91: no connection to modbus server
[2025-03-01T08:23:27.884Z] Error reading actual data: no connection to modbus server
[2025-03-01T08:23:27.884Z] ❌ Error reading register 1000 for IP 10.30.4.91: no connection to modbus server
[2025-03-01T08:23:27.883Z] Error writing to Modbus register: no connection to modbus server
[2025-03-01T08:23:27.884Z] Error writing to Modbus register: no connection to modbus server
[2025-03-01T08:23:27.881Z] Error writing to Modbus register: no connection to modbus server
[2025-03-01T08:23:28.849Z] Error reading register 3105 for IP 10.30.4.91: no connection to modbus server
[2025-03-01T08:23:28.850Z] ❌ Error reading register 1000 for IP 10.30.4.91: no connection to modbus server
[2025-03-01T08:23:28.850Z] Error reading actual data: no connection to modbus server
[2025-03-01T08:23:28.852Z] Error writing to Modbus register: no connection to modbus server
[2025-03-01T08:23:28.854Z] Error reading register 3105 for IP 10.30.4.91: no connection to modbus server
[2025-03-01T08:23:28.854Z] ❌ Error reading register 1000 for IP 10.30.4.91: no connection to modbus server
[2025-03-01T08:23:28.854Z] Error reading actual data: no connection to modbus server
[2025-03-01T08:23:28.855Z] Error writing to Modbus register: no connection to modbus server
[2025-03-01T08:23:28.855Z] Error reading register 3105 for IP 10.30.4.91: no connection to modbus server
[2025-03-01T08:23:28.855Z] ❌ Error reading register 1000 for IP 10.30.4.91: no connection to modbus server
[2025-03-01T08:23:28.855Z] Error reading actual data: no connection to modbus server
[2025-03-01T08:23:28.882Z] Error writing to Modbus register: no connection to modbus server
[2025-03-01T08:23:28.884Z] Error reading register 3105 for IP 10.30.4.91: no connection to modbus server
[2025-03-01T08:23:28.884Z] ❌ Error reading register 1000 for IP 10.30.4.91: no connection to modbus server
[2025-03-01T08:23:28.884Z] Error reading actual data: no connection to modbus server
[2025-03-01T08:23:28.885Z] Error writing to Modbus register: no connection to modbus server
[2025-03-01T08:23:28.887Z] Error reading register 3105 for IP 10.30.4.91: no connection to modbus server
[2025-03-01T08:23:28.887Z] ❌ Error reading register 1000 for IP 10.30.4.91: no connection to modbus server
[2025-03-01T08:23:28.887Z] Error reading actual data: no connection to modbus server
[2025-03-01T08:23:28.888Z] Error writing to Modbus register: no connection to modbus server
[2025-03-01T08:23:28.889Z] Error reading register 3105 for IP 10.30.4.91: no connection to modbus server
[2025-03-01T08:23:28.889Z] ❌ Error reading register 1000 for IP 10.30.4.91: no connection to modbus server
[2025-03-01T08:23:28.889Z] Error reading actual data: no connection to modbus server
[2025-03-01T08:23:28.889Z] Error writing to Modbus register: no connection to modbus server
[2025-03-01T08:23:29.867Z] Error reading register 3105 for IP 10.30.4.91: no connection to modbus server
[2025-03-01T08:23:29.868Z] ❌ Error reading register 1000 for IP 10.30.4.91: no connection to modbus server
[2025-03-01T08:23:29.870Z] Error writing to Modbus register: no connection to modbus server
[2025-03-01T08:23:29.869Z] Error reading actual data: no connection to modbus server
[2025-03-01T08:23:29.871Z] Error reading register 3105 for IP 10.30.4.91: no connection to modbus server
[2025-03-01T08:23:29.872Z] ❌ Error reading register 1000 for IP 10.30.4.91: no connection to modbus server
[2025-03-01T08:23:29.872Z] Error reading actual data: no connection to modbus server
[2025-03-01T08:23:29.873Z] Error writing to Modbus register: no connection to modbus server
[2025-03-01T08:23:29.874Z] Error reading register 3105 for IP 10.30.4.91: no connection to modbus server
[2025-03-01T08:23:29.874Z] ❌ Error reading register 1000 for IP 10.30.4.91: no connection to modbus server
[2025-03-01T08:23:29.874Z] Error reading actual data: no connection to modbus server
[2025-03-01T08:23:29.881Z] Error writing to Modbus register: no connection to modbus server
[2025-03-01T08:23:29.898Z] ❌ Error reading register 1000 for IP 10.30.4.91: no connection to modbus server
[2025-03-01T08:23:29.898Z] Error reading actual data: no connection to modbus server
[2025-03-01T08:23:29.898Z] Error reading register 3105 for IP 10.30.4.91: no connection to modbus server
[2025-03-01T08:23:29.899Z] Error writing to Modbus register: no connection to modbus server
[2025-03-01T08:23:29.900Z] Error reading register 3105 for IP 10.30.4.91: no connection to modbus server
[2025-03-01T08:23:29.900Z] ❌ Error reading register 1000 for IP 10.30.4.91: no connection to modbus server
[2025-03-01T08:23:29.900Z] Error reading actual data: no connection to modbus server
[2025-03-01T08:23:29.900Z] Error writing to Modbus register: no connection to modbus server
[2025-03-01T08:23:29.901Z] Error reading register 3105 for IP 10.30.4.91: no connection to modbus server
[2025-03-01T08:23:29.901Z] ❌ Error reading register 1000 for IP 10.30.4.91: no connection to modbus server
[2025-03-01T08:23:29.901Z] Error reading actual data: no connection to modbus server
[2025-03-01T08:23:29.902Z] Error writing to Modbus register: no connection to modbus server
[2025-03-01T08:23:30.883Z] Error reading register 3105 for IP 10.30.4.91: no connection to modbus server
[2025-03-01T08:23:30.884Z] ❌ Error reading register 1000 for IP 10.30.4.91: no connection to modbus server
[2025-03-01T08:23:30.885Z] Error writing to Modbus register: no connection to modbus server
[2025-03-01T08:23:30.886Z] Error reading register 3105 for IP 10.30.4.91: no connection to modbus server
[2025-03-01T08:23:30.884Z] Error reading actual data: no connection to modbus server
[2025-03-01T08:23:30.886Z] ❌ Error reading register 1000 for IP 10.30.4.91: no connection to modbus server
[2025-03-01T08:23:30.887Z] Error writing to Modbus register: no connection to modbus server
[2025-03-01T08:23:30.887Z] Error reading actual data: no connection to modbus server
[2025-03-01T08:23:30.888Z] Error reading register 3105 for IP 10.30.4.91: no connection to modbus server
[2025-03-01T08:23:30.888Z] ❌ Error reading register 1000 for IP 10.30.4.91: no connection to modbus server
[2025-03-01T08:23:30.888Z] Error reading actual data: no connection to modbus server
[2025-03-01T08:23:30.889Z] Error writing to Modbus register: no connection to modbus server
[2025-03-01T08:23:30.898Z] Error reading register 3105 for IP 10.30.4.91: no connection to modbus server
[2025-03-01T08:23:30.898Z] ❌ Error reading register 1000 for IP 10.30.4.91: no connection to modbus server
[2025-03-01T08:23:30.898Z] Error reading actual data: no connection to modbus server
[2025-03-01T08:23:30.899Z] Error writing to Modbus register: no connection to modbus server
[2025-03-01T08:23:30.899Z] Error reading register 3105 for IP 10.30.4.91: no connection to modbus server
[2025-03-01T08:23:30.899Z] ❌ Error reading register 1000 for IP 10.30.4.91: no connection to modbus server
[2025-03-01T08:23:30.899Z] Error reading actual data: no connection to modbus server
[2025-03-01T08:23:30.914Z] Error writing to Modbus register: no connection to modbus server
[2025-03-01T08:23:30.915Z] Error reading register 3105 for IP 10.30.4.91: no connection to modbus server
[2025-03-01T08:23:30.915Z] ❌ Error reading register 1000 for IP 10.30.4.91: no connection to modbus server
[2025-03-01T08:23:30.915Z] Error reading actual data: no connection to modbus server
[2025-03-01T08:23:30.916Z] Error writing to Modbus register: no connection to modbus server
[2025-03-01T08:23:31.898Z] Error reading register 3105 for IP 10.30.4.91: no connection to modbus server
[2025-03-01T08:23:31.899Z] ❌ Error reading register 1000 for IP 10.30.4.91: no connection to modbus server
[2025-03-01T08:23:31.899Z] Error reading actual data: no connection to modbus server
[2025-03-01T08:23:31.899Z] Error writing to Modbus register: no connection to modbus server
[2025-03-01T08:23:31.900Z] Error reading register 3105 for IP 10.30.4.91: no connection to modbus server
[2025-03-01T08:23:31.900Z] ❌ Error reading register 1000 for IP 10.30.4.91: no connection to modbus server
[2025-03-01T08:23:31.900Z] Error reading actual data: no connection to modbus server
[2025-03-01T08:23:31.901Z] Error writing to Modbus register: no connection to modbus server
[2025-03-01T08:23:31.901Z] Error reading register 3105 for IP 10.30.4.91: no connection to modbus server
[2025-03-01T08:23:31.901Z] ❌ Error reading register 1000 for IP 10.30.4.91: no connection to modbus server
[2025-03-01T08:23:31.901Z] Error reading actual data: no connection to modbus server
[2025-03-01T08:23:31.902Z] Error writing to Modbus register: no connection to modbus server
[2025-03-01T08:23:31.902Z] Error reading register 3105 for IP 10.30.4.91: no connection to modbus server
[2025-03-01T08:23:31.902Z] ❌ Error reading register 1000 for IP 10.30.4.91: no connection to modbus server
[2025-03-01T08:23:31.902Z] Error reading actual data: no connection to modbus server
[2025-03-01T08:23:31.903Z] Error reading register 3105 for IP 10.30.4.91: no connection to modbus server
[2025-03-01T08:23:31.903Z] Error writing to Modbus register: no connection to modbus server
[2025-03-01T08:23:31.903Z] ❌ Error reading register 1000 for IP 10.30.4.91: no connection to modbus server
[2025-03-01T08:23:31.904Z] Error reading actual data: no connection to modbus server
[2025-03-01T08:23:31.915Z] Error reading register 3105 for IP 10.30.4.91: no connection to modbus server
[2025-03-01T08:23:31.915Z] ❌ Error reading register 1000 for IP 10.30.4.91: no connection to modbus server
[2025-03-01T08:23:31.914Z] Error writing to Modbus register: no connection to modbus server
[2025-03-01T08:23:31.915Z] Error reading actual data: no connection to modbus server
[2025-03-01T08:23:31.916Z] Error writing to Modbus register: no connection to modbus server
[2025-03-01T08:23:32.899Z] Error reading register 3105 for IP 10.30.4.91: no connection to modbus server
[2025-03-01T08:23:32.899Z] ❌ Error reading register 1000 for IP 10.30.4.91: no connection to modbus server
[2025-03-01T08:23:32.900Z] Error reading actual data: no connection to modbus server
[2025-03-01T08:23:32.901Z] Error writing to Modbus register: no connection to modbus server
[2025-03-01T08:23:32.902Z] ❌ Error reading register 1000 for IP 10.30.4.91: no connection to modbus server
[2025-03-01T08:23:32.902Z] Error reading register 3105 for IP 10.30.4.91: no connection to modbus server
[2025-03-01T08:23:32.903Z] Error reading actual data: no connection to modbus server
[2025-03-01T08:23:32.904Z] Error writing to Modbus register: no connection to modbus server
[2025-03-01T08:23:32.905Z] Error reading register 3105 for IP 10.30.4.91: no connection to modbus server
[2025-03-01T08:23:32.906Z] ❌ Error reading register 1000 for IP 10.30.4.91: no connection to modbus server
[2025-03-01T08:23:32.906Z] Error writing to Modbus register: no connection to modbus server
[2025-03-01T08:23:32.907Z] Error reading register 3105 for IP 10.30.4.91: no connection to modbus server
[2025-03-01T08:23:32.906Z] Error reading actual data: no connection to modbus server
[2025-03-01T08:23:32.907Z] ❌ Error reading register 1000 for IP 10.30.4.91: no connection to modbus server
[2025-03-01T08:23:32.907Z] Error reading actual data: no connection to modbus server
[2025-03-01T08:23:32.908Z] Error writing to Modbus register: no connection to modbus server
[2025-03-01T08:23:32.909Z] Error reading register 3105 for IP 10.30.4.91: no connection to modbus server
[2025-03-01T08:23:32.909Z] ❌ Error reading register 1000 for IP 10.30.4.91: no connection to modbus server
[2025-03-01T08:23:32.909Z] Error reading actual data: no connection to modbus server
[2025-03-01T08:23:32.915Z] Error writing to Modbus register: no connection to modbus server
[2025-03-01T08:23:32.915Z] Error reading register 3105 for IP 10.30.4.91: no connection to modbus server
[2025-03-01T08:23:32.915Z] ❌ Error reading register 1000 for IP 10.30.4.91: no connection to modbus server
[2025-03-01T08:23:32.915Z] Error reading actual data: no connection to modbus server
[2025-03-01T08:23:32.916Z] Error writing to Modbus register: no connection to modbus server
[2025-03-01T08:23:33.903Z] Error reading register 3105 for IP 10.30.4.91: no connection to modbus server
[2025-03-01T08:23:33.904Z] ❌ Error reading register 1000 for IP 10.30.4.91: no connection to modbus server
[2025-03-01T08:23:33.904Z] Error reading actual data: no connection to modbus server
[2025-03-01T08:23:33.904Z] Error writing to Modbus register: no connection to modbus server
[2025-03-01T08:23:33.905Z] Error reading register 3105 for IP 10.30.4.91: no connection to modbus server
[2025-03-01T08:23:33.905Z] ❌ Error reading register 1000 for IP 10.30.4.91: no connection to modbus server
[2025-03-01T08:23:33.905Z] Error reading actual data: no connection to modbus server
[2025-03-01T08:23:33.905Z] Error writing to Modbus register: no connection to modbus server
[2025-03-01T08:23:33.906Z] Error reading register 3105 for IP 10.30.4.91: no connection to modbus server
[2025-03-01T08:23:33.906Z] ❌ Error reading register 1000 for IP 10.30.4.91: no connection to modbus server
[2025-03-01T08:23:33.906Z] Error reading actual data: no connection to modbus server
[2025-03-01T08:23:33.907Z] Error writing to Modbus register: no connection to modbus server
[2025-03-01T08:23:33.907Z] Error reading register 3105 for IP 10.30.4.91: no connection to modbus server
[2025-03-01T08:23:33.907Z] ❌ Error reading register 1000 for IP 10.30.4.91: no connection to modbus server
[2025-03-01T08:23:33.907Z] Error reading actual data: no connection to modbus server
[2025-03-01T08:23:33.908Z] Error writing to Modbus register: no connection to modbus server
[2025-03-01T08:23:33.909Z] Error reading register 3105 for IP 10.30.4.91: no connection to modbus server
[2025-03-01T08:23:33.909Z] ❌ Error reading register 1000 for IP 10.30.4.91: no connection to modbus server
[2025-03-01T08:23:33.909Z] Error reading actual data: no connection to modbus server
[2025-03-01T08:23:33.931Z] Error reading register 3105 for IP 10.30.4.91: no connection to modbus server
[2025-03-01T08:23:33.931Z] Error writing to Modbus register: no connection to modbus server
[2025-03-01T08:23:33.931Z] ❌ Error reading register 1000 for IP 10.30.4.91: no connection to modbus server
[2025-03-01T08:23:33.932Z] Error reading actual data: no connection to modbus server
[2025-03-01T08:23:33.932Z] Error writing to Modbus register: no connection to modbus server
[2025-03-01T08:23:34.916Z] Error reading register 3105 for IP 10.30.4.91: no connection to modbus server
[2025-03-01T08:23:34.917Z] ❌ Error reading register 1000 for IP 10.30.4.91: no connection to modbus server
[2025-03-01T08:23:34.917Z] Error reading actual data: no connection to modbus server
[2025-03-01T08:23:34.919Z] Error reading register 3105 for IP 10.30.4.91: no connection to modbus server
[2025-03-01T08:23:34.918Z] Error writing to Modbus register: no connection to modbus server
[2025-03-01T08:23:34.920Z] ❌ Error reading register 1000 for IP 10.30.4.91: no connection to modbus server
[2025-03-01T08:23:34.920Z] Error reading actual data: no connection to modbus server
[2025-03-01T08:23:34.920Z] Error writing to Modbus register: no connection to modbus server
[2025-03-01T08:23:34.920Z] Error reading register 3105 for IP 10.30.4.91: no connection to modbus server
[2025-03-01T08:23:34.920Z] ❌ Error reading register 1000 for IP 10.30.4.91: no connection to modbus server
[2025-03-01T08:23:34.920Z] Error reading actual data: no connection to modbus server
[2025-03-01T08:23:34.921Z] Error writing to Modbus register: no connection to modbus server
[2025-03-01T08:23:34.921Z] Error reading register 3105 for IP 10.30.4.91: no connection to modbus server
[2025-03-01T08:23:34.921Z] ❌ Error reading register 1000 for IP 10.30.4.91: no connection to modbus server
[2025-03-01T08:23:34.921Z] Error reading actual data: no connection to modbus server
[2025-03-01T08:23:34.921Z] Error writing to Modbus register: no connection to modbus server
[2025-03-01T08:23:34.922Z] Error reading register 3105 for IP 10.30.4.91: no connection to modbus server
[2025-03-01T08:23:34.922Z] ❌ Error reading register 1000 for IP 10.30.4.91: no connection to modbus server
[2025-03-01T08:23:34.922Z] Error reading actual data: no connection to modbus server
[2025-03-01T08:23:34.932Z] Error writing to Modbus register: no connection to modbus server
[2025-03-01T08:23:34.932Z] Error reading register 3105 for IP 10.30.4.91: no connection to modbus server
[2025-03-01T08:23:34.932Z] ❌ Error reading register 1000 for IP 10.30.4.91: no connection to modbus server
[2025-03-01T08:23:34.932Z] Error reading actual data: no connection to modbus server
[2025-03-01T08:23:34.933Z] Error writing to Modbus register: no connection to modbus server
[2025-03-01T08:23:35.931Z] Error reading register 3105 for IP 10.30.4.91: no connection to modbus server
[2025-03-01T08:23:35.932Z] ❌ Error reading register 1000 for IP 10.30.4.91: no connection to modbus server
[2025-03-01T08:23:35.932Z] Error reading actual data: no connection to modbus server
[2025-03-01T08:23:35.933Z] Error writing to Modbus register: no connection to modbus server
[2025-03-01T08:23:35.934Z] Error reading register 3105 for IP 10.30.4.91: no connection to modbus server
[2025-03-01T08:23:35.934Z] ❌ Error reading register 1000 for IP 10.30.4.91: no connection to modbus server
[2025-03-01T08:23:35.934Z] Error reading actual data: no connection to modbus server
[2025-03-01T08:23:35.935Z] Error writing to Modbus register: no connection to modbus server
[2025-03-01T08:23:35.936Z] Error reading register 3105 for IP 10.30.4.91: no connection to modbus server
[2025-03-01T08:23:35.936Z] ❌ Error reading register 1000 for IP 10.30.4.91: no connection to modbus server
[2025-03-01T08:23:35.936Z] Error reading actual data: no connection to modbus server
[2025-03-01T08:23:35.937Z] Error writing to Modbus register: no connection to modbus server
[2025-03-01T08:23:35.937Z] Error reading register 3105 for IP 10.30.4.91: no connection to modbus server
[2025-03-01T08:23:35.938Z] ❌ Error reading register 1000 for IP 10.30.4.91: no connection to modbus server
[2025-03-01T08:23:35.938Z] Error reading actual data: no connection to modbus server
[2025-03-01T08:23:35.938Z] Error writing to Modbus register: no connection to modbus server
[2025-03-01T08:23:35.939Z] Error reading register 3105 for IP 10.30.4.91: no connection to modbus server
[2025-03-01T08:23:35.939Z] ❌ Error reading register 1000 for IP 10.30.4.91: no connection to modbus server
[2025-03-01T08:23:35.939Z] Error reading actual data: no connection to modbus server
[2025-03-01T08:23:35.940Z] Error writing to Modbus register: no connection to modbus server
[2025-03-01T08:23:35.944Z] Error reading register 3105 for IP 10.30.4.91: no connection to modbus server
[2025-03-01T08:23:35.944Z] ❌ Error reading register 1000 for IP 10.30.4.91: no connection to modbus server
[2025-03-01T08:23:35.944Z] Error reading actual data: no connection to modbus server
[2025-03-01T08:23:35.944Z] Error writing to Modbus register: no connection to modbus server
[2025-03-01T08:23:36.931Z] Error reading register 3105 for IP 10.30.4.91: no connection to modbus server
[2025-03-01T08:23:36.932Z] ❌ Error reading register 1000 for IP 10.30.4.91: no connection to modbus server
[2025-03-01T08:23:36.932Z] Error reading actual data: no connection to modbus server
[2025-03-01T08:23:36.948Z] Error writing to Modbus register: no connection to modbus server
[2025-03-01T08:23:36.949Z] Error reading register 3105 for IP 10.30.4.91: no connection to modbus server
[2025-03-01T08:23:36.949Z] ❌ Error reading register 1000 for IP 10.30.4.91: no connection to modbus server
[2025-03-01T08:23:36.950Z] Error reading actual data: no connection to modbus server
[2025-03-01T08:23:36.950Z] Error writing to Modbus register: no connection to modbus server
[2025-03-01T08:23:36.950Z] Error reading register 3105 for IP 10.30.4.91: no connection to modbus server
[2025-03-01T08:23:36.950Z] ❌ Error reading register 1000 for IP 10.30.4.91: no connection to modbus server
[2025-03-01T08:23:36.950Z] Error reading actual data: no connection to modbus server
[2025-03-01T08:23:36.951Z] Error writing to Modbus register: no connection to modbus server
[2025-03-01T08:23:36.951Z] Error reading register 3105 for IP 10.30.4.91: no connection to modbus server
[2025-03-01T08:23:36.951Z] ❌ Error reading register 1000 for IP 10.30.4.91: no connection to modbus server
[2025-03-01T08:23:36.951Z] Error reading actual data: no connection to modbus server
[2025-03-01T08:23:36.951Z] Error writing to Modbus register: no connection to modbus server
[2025-03-01T08:23:36.952Z] Error reading register 3105 for IP 10.30.4.91: no connection to modbus server
[2025-03-01T08:23:36.952Z] ❌ Error reading register 1000 for IP 10.30.4.91: no connection to modbus server
[2025-03-01T08:23:36.952Z] Error reading actual data: no connection to modbus server
[2025-03-01T08:23:36.952Z] Error writing to Modbus register: no connection to modbus server
[2025-03-01T08:23:36.953Z] Error reading register 3105 for IP 10.30.4.91: no connection to modbus server
[2025-03-01T08:23:36.953Z] ❌ Error reading register 1000 for IP 10.30.4.91: no connection to modbus server
[2025-03-01T08:23:36.953Z] Error reading actual data: no connection to modbus server
[2025-03-01T08:23:36.953Z] Error writing to Modbus register: no connection to modbus server
[2025-03-01T08:23:37.943Z] Error reading register 3105 for IP 10.30.4.91: no connection to modbus server
[2025-03-01T08:23:37.943Z] ❌ Error reading register 1000 for IP 10.30.4.91: no connection to modbus server
[2025-03-01T08:23:37.943Z] Error reading actual data: no connection to modbus server
[2025-03-01T08:23:37.959Z] Error writing to Modbus register: no connection to modbus server
[2025-03-01T08:23:37.960Z] Error reading register 3105 for IP 10.30.4.91: no connection to modbus server
[2025-03-01T08:23:37.961Z] ❌ Error reading register 1000 for IP 10.30.4.91: no connection to modbus server
[2025-03-01T08:23:37.961Z] Error reading actual data: no connection to modbus server
[2025-03-01T08:23:37.962Z] Error writing to Modbus register: no connection to modbus server
[2025-03-01T08:23:37.963Z] Error reading register 3105 for IP 10.30.4.91: no connection to modbus server
[2025-03-01T08:23:37.963Z] ❌ Error reading register 1000 for IP 10.30.4.91: no connection to modbus server
[2025-03-01T08:23:37.964Z] Error reading actual data: no connection to modbus server
[2025-03-01T08:23:37.964Z] Error writing to Modbus register: no connection to modbus server
[2025-03-01T08:23:37.965Z] Error reading register 3105 for IP 10.30.4.91: no connection to modbus server
[2025-03-01T08:23:37.965Z] ❌ Error reading register 1000 for IP 10.30.4.91: no connection to modbus server
[2025-03-01T08:23:37.965Z] Error reading actual data: no connection to modbus server
[2025-03-01T08:23:37.966Z] Error writing to Modbus register: no connection to modbus server
[2025-03-01T08:23:37.966Z] Error reading register 3105 for IP 10.30.4.91: no connection to modbus server
[2025-03-01T08:23:37.967Z] Error reading actual data: no connection to modbus server
[2025-03-01T08:23:37.966Z] ❌ Error reading register 1000 for IP 10.30.4.91: no connection to modbus server
[2025-03-01T08:23:37.967Z] Error writing to Modbus register: no connection to modbus server
[2025-03-01T08:23:37.967Z] Error reading register 3105 for IP 10.30.4.91: no connection to modbus server
[2025-03-01T08:23:37.967Z] ❌ Error reading register 1000 for IP 10.30.4.91: no connection to modbus server
[2025-03-01T08:23:37.968Z] Error reading actual data: no connection to modbus server
[2025-03-01T08:23:37.968Z] Error writing to Modbus register: no connection to modbus server
[2025-03-01T08:23:38.945Z] Error reading register 3105 for IP 10.30.4.91: no connection to modbus server
[2025-03-01T08:23:38.945Z] ❌ Error reading register 1000 for IP 10.30.4.91: no connection to modbus server
[2025-03-01T08:23:38.946Z] Error reading actual data: no connection to modbus server
[2025-03-01T08:23:38.962Z] Error writing to Modbus register: no connection to modbus server
[2025-03-01T08:23:38.963Z] Error reading register 3105 for IP 10.30.4.91: no connection to modbus server
[2025-03-01T08:23:38.963Z] ❌ Error reading register 1000 for IP 10.30.4.91: no connection to modbus server
[2025-03-01T08:23:38.963Z] Error reading actual data: no connection to modbus server
[2025-03-01T08:23:38.963Z] Error writing to Modbus register: no connection to modbus server
[2025-03-01T08:23:38.964Z] Error reading register 3105 for IP 10.30.4.91: no connection to modbus server
[2025-03-01T08:23:38.964Z] ❌ Error reading register 1000 for IP 10.30.4.91: no connection to modbus server
[2025-03-01T08:23:38.964Z] Error reading actual data: no connection to modbus server
[2025-03-01T08:23:38.966Z] Error writing to Modbus register: no connection to modbus server
[2025-03-01T08:23:38.967Z] ❌ Error reading register 1000 for IP 10.30.4.91: no connection to modbus server
[2025-03-01T08:23:38.966Z] Error reading register 3105 for IP 10.30.4.91: no connection to modbus server
[2025-03-01T08:23:38.967Z] Error reading actual data: no connection to modbus server
[2025-03-01T08:23:38.967Z] Error writing to Modbus register: no connection to modbus server
[2025-03-01T08:23:38.968Z] Error reading register 3105 for IP 10.30.4.91: no connection to modbus server
[2025-03-01T08:23:38.968Z] ❌ Error reading register 1000 for IP 10.30.4.91: no connection to modbus server
[2025-03-01T08:23:38.968Z] Error reading actual data: no connection to modbus server
[2025-03-01T08:23:38.969Z] ❌ Error reading register 1000 for IP 10.30.4.91: no connection to modbus server
[2025-03-01T08:23:38.969Z] Error reading register 3105 for IP 10.30.4.91: no connection to modbus server
[2025-03-01T08:23:38.969Z] Error writing to Modbus register: no connection to modbus server
[2025-03-01T08:23:38.969Z] Error reading actual data: no connection to modbus server
[2025-03-01T08:23:38.969Z] Error writing to Modbus register: no connection to modbus server
[2025-03-01T08:23:39.948Z] Error reading register 3105 for IP 10.30.4.91: no connection to modbus server
[2025-03-01T08:23:39.948Z] ❌ Error reading register 1000 for IP 10.30.4.91: no connection to modbus server
[2025-03-01T08:23:39.949Z] Error reading actual data: no connection to modbus server
[2025-03-01T08:23:39.964Z] Error writing to Modbus register: no connection to modbus server
[2025-03-01T08:23:39.965Z] Error reading register 3105 for IP 10.30.4.91: no connection to modbus server
[2025-03-01T08:23:39.965Z] ❌ Error reading register 1000 for IP 10.30.4.91: no connection to modbus server
[2025-03-01T08:23:39.966Z] Error writing to Modbus register: no connection to modbus server
[2025-03-01T08:23:39.966Z] Error reading actual data: no connection to modbus server
[2025-03-01T08:23:39.967Z] Error reading register 3105 for IP 10.30.4.91: no connection to modbus server
[2025-03-01T08:23:39.967Z] ❌ Error reading register 1000 for IP 10.30.4.91: no connection to modbus server
[2025-03-01T08:23:39.967Z] Error reading actual data: no connection to modbus server
[2025-03-01T08:23:39.968Z] Error writing to Modbus register: no connection to modbus server
[2025-03-01T08:23:39.969Z] Error reading register 3105 for IP 10.30.4.91: no connection to modbus server
[2025-03-01T08:23:39.969Z] Error reading actual data: no connection to modbus server
[2025-03-01T08:23:39.969Z] Error writing to Modbus register: no connection to modbus server
[2025-03-01T08:23:39.969Z] ❌ Error reading register 1000 for IP 10.30.4.91: no connection to modbus server
[2025-03-01T08:23:39.970Z] Error reading register 3105 for IP 10.30.4.91: no connection to modbus server
[2025-03-01T08:23:39.970Z] ❌ Error reading register 1000 for IP 10.30.4.91: no connection to modbus server
[2025-03-01T08:23:39.970Z] Error reading actual data: no connection to modbus server
[2025-03-01T08:23:39.970Z] Error writing to Modbus register: no connection to modbus server
[2025-03-01T08:23:39.971Z] Error reading register 3105 for IP 10.30.4.91: no connection to modbus server
[2025-03-01T08:23:39.971Z] ❌ Error reading register 1000 for IP 10.30.4.91: no connection to modbus server
[2025-03-01T08:23:39.972Z] Error reading actual data: no connection to modbus server
[2025-03-01T08:23:39.972Z] Error writing to Modbus register: no connection to modbus server
[2025-03-01T08:23:40.950Z] Error reading register 3105 for IP 10.30.4.91: no connection to modbus server
[2025-03-01T08:23:40.950Z] ❌ Error reading register 1000 for IP 10.30.4.91: no connection to modbus server
[2025-03-01T08:23:40.951Z] Error reading actual data: no connection to modbus server
[2025-03-01T08:23:40.966Z] Error writing to Modbus register: no connection to modbus server
[2025-03-01T08:23:40.968Z] Error reading register 3105 for IP 10.30.4.91: no connection to modbus server
[2025-03-01T08:23:40.969Z] ❌ Error reading register 1000 for IP 10.30.4.91: no connection to modbus server
[2025-03-01T08:23:40.969Z] Error reading actual data: no connection to modbus server
[2025-03-01T08:23:40.970Z] Error writing to Modbus register: no connection to modbus server
[2025-03-01T08:23:40.971Z] Error reading register 3105 for IP 10.30.4.91: no connection to modbus server
[2025-03-01T08:23:40.972Z] ❌ Error reading register 1000 for IP 10.30.4.91: no connection to modbus server
[2025-03-01T08:23:40.972Z] Error reading actual data: no connection to modbus server
[2025-03-01T08:23:40.973Z] Error writing to Modbus register: no connection to modbus server
[2025-03-01T08:23:40.973Z] Error reading register 3105 for IP 10.30.4.91: no connection to modbus server
[2025-03-01T08:23:40.974Z] ❌ Error reading register 1000 for IP 10.30.4.91: no connection to modbus server
[2025-03-01T08:23:40.974Z] Error reading actual data: no connection to modbus server
[2025-03-01T08:23:40.974Z] Error writing to Modbus register: no connection to modbus server
[2025-03-01T08:23:40.975Z] Error reading register 3105 for IP 10.30.4.91: no connection to modbus server
[2025-03-01T08:23:40.975Z] ❌ Error reading register 1000 for IP 10.30.4.91: no connection to modbus server
[2025-03-01T08:23:40.975Z] Error reading actual data: no connection to modbus server
[2025-03-01T08:23:40.975Z] Error writing to Modbus register: no connection to modbus server
[2025-03-01T08:23:40.976Z] Error reading register 3105 for IP 10.30.4.91: no connection to modbus server
[2025-03-01T08:23:40.976Z] ❌ Error reading register 1000 for IP 10.30.4.91: no connection to modbus server
[2025-03-01T08:23:40.977Z] Error reading actual data: no connection to modbus server
[2025-03-01T08:23:40.977Z] Error writing to Modbus register: no connection to modbus server
[2025-03-01T08:23:41.950Z] Error reading register 3105 for IP 10.30.4.91: no connection to modbus server
[2025-03-01T08:23:41.950Z] ❌ Error reading register 1000 for IP 10.30.4.91: no connection to modbus server
[2025-03-01T08:23:41.951Z] Error reading actual data: no connection to modbus server
[2025-03-01T08:23:41.966Z] Error writing to Modbus register: no connection to modbus server
[2025-03-01T08:23:41.969Z] ❌ Error reading register 1000 for IP 10.30.4.91: no connection to modbus server
[2025-03-01T08:23:41.968Z] Error reading register 3105 for IP 10.30.4.91: no connection to modbus server
[2025-03-01T08:23:41.969Z] Error reading actual data: no connection to modbus server
[2025-03-01T08:23:41.971Z] Error writing to Modbus register: no connection to modbus server
[2025-03-01T08:23:41.972Z] Error reading register 3105 for IP 10.30.4.91: no connection to modbus server
[2025-03-01T08:23:41.972Z] ❌ Error reading register 1000 for IP 10.30.4.91: no connection to modbus server
[2025-03-01T08:23:41.973Z] Error reading actual data: no connection to modbus server
[2025-03-01T08:23:41.974Z] Error writing to Modbus register: no connection to modbus server
[2025-03-01T08:23:41.975Z] Error reading register 3105 for IP 10.30.4.91: no connection to modbus server
[2025-03-01T08:23:41.975Z] ❌ Error reading register 1000 for IP 10.30.4.91: no connection to modbus server
[2025-03-01T08:23:41.975Z] Error reading actual data: no connection to modbus server
[2025-03-01T08:23:41.976Z] Error writing to Modbus register: no connection to modbus server
[2025-03-01T08:23:41.977Z] Error reading register 3105 for IP 10.30.4.91: no connection to modbus server
[2025-03-01T08:23:41.977Z] ❌ Error reading register 1000 for IP 10.30.4.91: no connection to modbus server
[2025-03-01T08:23:41.977Z] Error reading actual data: no connection to modbus server
[2025-03-01T08:23:41.977Z] Error writing to Modbus register: no connection to modbus server
[2025-03-01T08:23:41.978Z] Error reading register 3105 for IP 10.30.4.91: no connection to modbus server
[2025-03-01T08:23:41.978Z] ❌ Error reading register 1000 for IP 10.30.4.91: no connection to modbus server
[2025-03-01T08:23:41.978Z] Error reading actual data: no connection to modbus server
[2025-03-01T08:23:41.979Z] Error writing to Modbus register: no connection to modbus server
[2025-03-01T08:23:42.950Z] Error reading register 3105 for IP 10.30.4.91: no connection to modbus server
[2025-03-01T08:23:42.950Z] ❌ Error reading register 1000 for IP 10.30.4.91: no connection to modbus server
[2025-03-01T08:23:42.951Z] Error reading actual data: no connection to modbus server
[2025-03-01T08:23:42.966Z] Error writing to Modbus register: no connection to modbus server
[2025-03-01T08:23:42.968Z] Error reading register 3105 for IP 10.30.4.91: no connection to modbus server
[2025-03-01T08:23:42.969Z] ❌ Error reading register 1000 for IP 10.30.4.91: no connection to modbus server
[2025-03-01T08:23:42.969Z] Error reading actual data: no connection to modbus server
[2025-03-01T08:23:42.971Z] Error writing to Modbus register: no connection to modbus server
[2025-03-01T08:23:42.972Z] Error reading register 3105 for IP 10.30.4.91: no connection to modbus server
[2025-03-01T08:23:42.972Z] ❌ Error reading register 1000 for IP 10.30.4.91: no connection to modbus server
[2025-03-01T08:23:42.973Z] Error reading actual data: no connection to modbus server
[2025-03-01T08:23:42.973Z] Error writing to Modbus register: no connection to modbus server
[2025-03-01T08:23:42.974Z] ❌ Error reading register 1000 for IP 10.30.4.91: no connection to modbus server
[2025-03-01T08:23:42.974Z] Error reading register 3105 for IP 10.30.4.91: no connection to modbus server
[2025-03-01T08:23:42.975Z] Error reading actual data: no connection to modbus server
[2025-03-01T08:23:42.977Z] Error reading register 3105 for IP 10.30.4.91: no connection to modbus server
[2025-03-01T08:23:42.977Z] ❌ Error reading register 1000 for IP 10.30.4.91: no connection to modbus server
[2025-03-01T08:23:42.976Z] Error writing to Modbus register: no connection to modbus server
[2025-03-01T08:23:42.977Z] Error reading actual data: no connection to modbus server
[2025-03-01T08:23:42.978Z] Error writing to Modbus register: no connection to modbus server
[2025-03-01T08:23:42.978Z] Error reading register 3105 for IP 10.30.4.91: no connection to modbus server
[2025-03-01T08:23:42.978Z] ❌ Error reading register 1000 for IP 10.30.4.91: no connection to modbus server
[2025-03-01T08:23:42.978Z] Error reading actual data: no connection to modbus server
[2025-03-01T08:23:42.979Z] Error writing to Modbus register: no connection to modbus server
[2025-03-01T08:23:43.964Z] Error reading register 3105 for IP 10.30.4.91: no connection to modbus server
[2025-03-01T08:23:43.964Z] ❌ Error reading register 1000 for IP 10.30.4.91: no connection to modbus server
[2025-03-01T08:23:43.964Z] Error reading actual data: no connection to modbus server
[2025-03-01T08:23:43.965Z] Error writing to Modbus register: no connection to modbus server
[2025-03-01T08:23:43.980Z] Error reading register 3105 for IP 10.30.4.91: no connection to modbus server
[2025-03-01T08:23:43.980Z] ❌ Error reading register 1000 for IP 10.30.4.91: no connection to modbus server
[2025-03-01T08:23:43.980Z] Error reading actual data: no connection to modbus server
[2025-03-01T08:23:43.980Z] Error writing to Modbus register: no connection to modbus server
[2025-03-01T08:23:43.983Z] Error reading register 3105 for IP 10.30.4.91: no connection to modbus server
[2025-03-01T08:23:43.983Z] ❌ Error reading register 1000 for IP 10.30.4.91: no connection to modbus server
[2025-03-01T08:23:43.983Z] Error reading actual data: no connection to modbus server
[2025-03-01T08:23:43.983Z] Error writing to Modbus register: no connection to modbus server
[2025-03-01T08:23:43.983Z] Error reading register 3105 for IP 10.30.4.91: no connection to modbus server
[2025-03-01T08:23:43.984Z] ❌ Error reading register 1000 for IP 10.30.4.91: no connection to modbus server
[2025-03-01T08:23:43.984Z] Error reading actual data: no connection to modbus server
[2025-03-01T08:23:43.984Z] Error writing to Modbus register: no connection to modbus server
[2025-03-01T08:23:43.984Z] Error reading register 3105 for IP 10.30.4.91: no connection to modbus server
[2025-03-01T08:23:43.984Z] ❌ Error reading register 1000 for IP 10.30.4.91: no connection to modbus server
[2025-03-01T08:23:43.985Z] Error reading actual data: no connection to modbus server
[2025-03-01T08:23:43.985Z] Error writing to Modbus register: no connection to modbus server
[2025-03-01T08:23:43.985Z] Error reading register 3105 for IP 10.30.4.91: no connection to modbus server
[2025-03-01T08:23:43.985Z] ❌ Error reading register 1000 for IP 10.30.4.91: no connection to modbus server
[2025-03-01T08:23:43.985Z] Error reading actual data: no connection to modbus server
[2025-03-01T08:23:43.986Z] Error writing to Modbus register: no connection to modbus server
[2025-03-01T08:23:44.965Z] Error reading register 3105 for IP 10.30.4.91: no connection to modbus server
[2025-03-01T08:23:44.965Z] ❌ Error reading register 1000 for IP 10.30.4.91: no connection to modbus server
[2025-03-01T08:23:44.966Z] Error reading actual data: no connection to modbus server
[2025-03-01T08:23:44.966Z] Error writing to Modbus register: no connection to modbus server
[2025-03-01T08:23:44.982Z] ❌ Error reading register 1000 for IP 10.30.4.91: no connection to modbus server
[2025-03-01T08:23:44.981Z] Error reading register 3105 for IP 10.30.4.91: no connection to modbus server
[2025-03-01T08:23:44.982Z] Error writing to Modbus register: no connection to modbus server
[2025-03-01T08:23:44.982Z] Error reading actual data: no connection to modbus server
[2025-03-01T08:23:44.983Z] Error reading register 3105 for IP 10.30.4.91: no connection to modbus server
[2025-03-01T08:23:44.983Z] ❌ Error reading register 1000 for IP 10.30.4.91: no connection to modbus server
[2025-03-01T08:23:44.983Z] Error reading actual data: no connection to modbus server
[2025-03-01T08:23:44.983Z] Error writing to Modbus register: no connection to modbus server
[2025-03-01T08:23:44.984Z] Error reading register 3105 for IP 10.30.4.91: no connection to modbus server
[2025-03-01T08:23:44.984Z] ❌ Error reading register 1000 for IP 10.30.4.91: no connection to modbus server
[2025-03-01T08:23:44.984Z] Error reading actual data: no connection to modbus server
[2025-03-01T08:23:44.985Z] Error writing to Modbus register: no connection to modbus server
[2025-03-01T08:23:44.985Z] Error reading register 3105 for IP 10.30.4.91: no connection to modbus server
[2025-03-01T08:23:44.986Z] ❌ Error reading register 1000 for IP 10.30.4.91: no connection to modbus server
[2025-03-01T08:23:44.986Z] Error reading actual data: no connection to modbus server
[2025-03-01T08:23:44.986Z] Error writing to Modbus register: no connection to modbus server
[2025-03-01T08:23:44.986Z] Error reading register 3105 for IP 10.30.4.91: no connection to modbus server
[2025-03-01T08:23:44.986Z] ❌ Error reading register 1000 for IP 10.30.4.91: no connection to modbus server
[2025-03-01T08:23:44.986Z] Error reading actual data: no connection to modbus server
[2025-03-01T08:23:44.987Z] Error writing to Modbus register: no connection to modbus server
[2025-03-01T08:23:45.983Z] Error reading register 3105 for IP 10.30.4.91: no connection to modbus server
[2025-03-01T08:23:45.983Z] ❌ Error reading register 1000 for IP 10.30.4.91: no connection to modbus server
[2025-03-01T08:23:45.983Z] Error reading actual data: no connection to modbus server
[2025-03-01T08:23:45.983Z] Error writing to Modbus register: no connection to modbus server
[2025-03-01T08:23:45.984Z] Error reading register 3105 for IP 10.30.4.91: no connection to modbus server
[2025-03-01T08:23:45.984Z] ❌ Error reading register 1000 for IP 10.30.4.91: no connection to modbus server
[2025-03-01T08:23:45.984Z] Error reading actual data: no connection to modbus server
[2025-03-01T08:23:45.984Z] Error writing to Modbus register: no connection to modbus server
[2025-03-01T08:23:45.985Z] Error reading register 3105 for IP 10.30.4.91: no connection to modbus server
[2025-03-01T08:23:45.985Z] ❌ Error reading register 1000 for IP 10.30.4.91: no connection to modbus server
[2025-03-01T08:23:45.985Z] Error reading actual data: no connection to modbus server
[2025-03-01T08:23:45.986Z] Error writing to Modbus register: no connection to modbus server
[2025-03-01T08:23:45.987Z] Error reading register 3105 for IP 10.30.4.91: no connection to modbus server
[2025-03-01T08:23:45.987Z] ❌ Error reading register 1000 for IP 10.30.4.91: no connection to modbus server
[2025-03-01T08:23:45.988Z] Error reading actual data: no connection to modbus server
[2025-03-01T08:23:45.988Z] Error writing to Modbus register: no connection to modbus server
[2025-03-01T08:23:45.989Z] Error reading register 3105 for IP 10.30.4.91: no connection to modbus server
[2025-03-01T08:23:45.989Z] ❌ Error reading register 1000 for IP 10.30.4.91: no connection to modbus server
[2025-03-01T08:23:45.989Z] Error reading actual data: no connection to modbus server
[2025-03-01T08:23:45.989Z] Error writing to Modbus register: no connection to modbus server
[2025-03-01T08:23:45.990Z] Error reading register 3105 for IP 10.30.4.91: no connection to modbus server
[2025-03-01T08:23:45.990Z] ❌ Error reading register 1000 for IP 10.30.4.91: no connection to modbus server
[2025-03-01T08:23:45.990Z] Error reading actual data: no connection to modbus server
[2025-03-01T08:23:45.991Z] Error writing to Modbus register: no connection to modbus server
[2025-03-01T08:23:46.986Z] Error reading register 3105 for IP 10.30.4.91: no connection to modbus server
[2025-03-01T08:23:46.986Z] ❌ Error reading register 1000 for IP 10.30.4.91: no connection to modbus server
[2025-03-01T08:23:46.986Z] Error reading actual data: no connection to modbus server
[2025-03-01T08:23:46.987Z] Error writing to Modbus register: no connection to modbus server
[2025-03-01T08:23:46.987Z] Error reading register 3105 for IP 10.30.4.91: no connection to modbus server
[2025-03-01T08:23:46.987Z] ❌ Error reading register 1000 for IP 10.30.4.91: no connection to modbus server
[2025-03-01T08:23:46.987Z] Error reading actual data: no connection to modbus server
[2025-03-01T08:23:46.988Z] Error writing to Modbus register: no connection to modbus server
[2025-03-01T08:23:46.988Z] Error reading register 3105 for IP 10.30.4.91: no connection to modbus server
[2025-03-01T08:23:46.988Z] ❌ Error reading register 1000 for IP 10.30.4.91: no connection to modbus server
[2025-03-01T08:23:46.988Z] Error reading actual data: no connection to modbus server
[2025-03-01T08:23:46.990Z] Error writing to Modbus register: no connection to modbus server
[2025-03-01T08:23:46.991Z] ❌ Error reading register 1000 for IP 10.30.4.91: no connection to modbus server
[2025-03-01T08:23:46.990Z] Error reading register 3105 for IP 10.30.4.91: no connection to modbus server
[2025-03-01T08:23:46.991Z] Error reading actual data: no connection to modbus server
[2025-03-01T08:23:46.992Z] Error writing to Modbus register: no connection to modbus server
[2025-03-01T08:23:46.992Z] Error reading register 3105 for IP 10.30.4.91: no connection to modbus server
[2025-03-01T08:23:46.992Z] ❌ Error reading register 1000 for IP 10.30.4.91: no connection to modbus server
[2025-03-01T08:23:46.992Z] Error reading actual data: no connection to modbus server
[2025-03-01T08:23:46.993Z] Error writing to Modbus register: no connection to modbus server
[2025-03-01T08:23:46.993Z] Error reading register 3105 for IP 10.30.4.91: no connection to modbus server
[2025-03-01T08:23:46.994Z] ❌ Error reading register 1000 for IP 10.30.4.91: no connection to modbus server
[2025-03-01T08:23:46.994Z] Error reading actual data: no connection to modbus server
[2025-03-01T08:23:46.995Z] Error writing to Modbus register: no connection to modbus server
[2025-03-01T08:23:48.000Z] Error reading register 3105 for IP 10.30.4.91: no connection to modbus server
[2025-03-01T08:23:48.000Z] ❌ Error reading register 1000 for IP 10.30.4.91: no connection to modbus server
[2025-03-01T08:23:48.001Z] Error reading actual data: no connection to modbus server
[2025-03-01T08:23:48.002Z] Error writing to Modbus register: no connection to modbus server
[2025-03-01T08:23:48.004Z] Error reading actual data: no connection to modbus server
[2025-03-01T08:23:48.004Z] Error reading register 3105 for IP 10.30.4.91: no connection to modbus server
[2025-03-01T08:23:48.004Z] ❌ Error reading register 1000 for IP 10.30.4.91: no connection to modbus server
[2025-03-01T08:23:48.004Z] Error writing to Modbus register: no connection to modbus server
[2025-03-01T08:23:48.005Z] ❌ Error reading register 1000 for IP 10.30.4.91: no connection to modbus server
[2025-03-01T08:23:48.005Z] Error writing to Modbus register: no connection to modbus server
[2025-03-01T08:23:48.005Z] Error reading actual data: no connection to modbus server
[2025-03-01T08:23:48.005Z] ❌ Error reading register 1000 for IP 10.30.4.91: no connection to modbus server
[2025-03-01T08:23:48.006Z] Error reading actual data: no connection to modbus server
[2025-03-01T08:23:48.005Z] Error reading register 3105 for IP 10.30.4.91: no connection to modbus server
[2025-03-01T08:23:48.006Z] Error writing to Modbus register: no connection to modbus server
[2025-03-01T08:23:48.005Z] Error reading register 3105 for IP 10.30.4.91: no connection to modbus server
[2025-03-01T08:23:48.006Z] Error reading register 3105 for IP 10.30.4.91: no connection to modbus server
[2025-03-01T08:23:48.006Z] ❌ Error reading register 1000 for IP 10.30.4.91: no connection to modbus server
[2025-03-01T08:23:48.006Z] Error reading actual data: no connection to modbus server
[2025-03-01T08:23:48.007Z] Error writing to Modbus register: no connection to modbus server
[2025-03-01T08:23:48.007Z] Error reading register 3105 for IP 10.30.4.91: no connection to modbus server
[2025-03-01T08:23:48.007Z] ❌ Error reading register 1000 for IP 10.30.4.91: no connection to modbus server
[2025-03-01T08:23:48.007Z] Error reading actual data: no connection to modbus server
[2025-03-01T08:23:48.007Z] Error writing to Modbus register: no connection to modbus server
[2025-03-01T08:23:48.999Z] Error reading register 3105 for IP 10.30.4.91: no connection to modbus server
[2025-03-01T08:23:49.000Z] ❌ Error reading register 1000 for IP 10.30.4.91: no connection to modbus server
[2025-03-01T08:23:49.000Z] Error reading actual data: no connection to modbus server
[2025-03-01T08:23:49.015Z] Error writing to Modbus register: no connection to modbus server
[2025-03-01T08:23:49.015Z] Error reading register 3105 for IP 10.30.4.91: no connection to modbus server
[2025-03-01T08:23:49.016Z] ❌ Error reading register 1000 for IP 10.30.4.91: no connection to modbus server
[2025-03-01T08:23:49.016Z] Error reading actual data: no connection to modbus server
[2025-03-01T08:23:49.016Z] Error writing to Modbus register: no connection to modbus server
[2025-03-01T08:23:49.017Z] Error reading register 3105 for IP 10.30.4.91: no connection to modbus server
[2025-03-01T08:23:49.017Z] ❌ Error reading register 1000 for IP 10.30.4.91: no connection to modbus server
[2025-03-01T08:23:49.017Z] Error reading actual data: no connection to modbus server
[2025-03-01T08:23:49.018Z] Error writing to Modbus register: no connection to modbus server
[2025-03-01T08:23:49.018Z] ❌ Error reading register 1000 for IP 10.30.4.91: no connection to modbus server
[2025-03-01T08:23:49.018Z] Error reading register 3105 for IP 10.30.4.91: no connection to modbus server
[2025-03-01T08:23:49.018Z] Error reading actual data: no connection to modbus server
[2025-03-01T08:23:49.019Z] Error writing to Modbus register: no connection to modbus server
[2025-03-01T08:23:49.019Z] Error reading register 3105 for IP 10.30.4.91: no connection to modbus server
[2025-03-01T08:23:49.019Z] ❌ Error reading register 1000 for IP 10.30.4.91: no connection to modbus server
[2025-03-01T08:23:49.019Z] Error reading actual data: no connection to modbus server
[2025-03-01T08:23:49.020Z] Error writing to Modbus register: no connection to modbus server
[2025-03-01T08:23:49.020Z] Error reading register 3105 for IP 10.30.4.91: no connection to modbus server
[2025-03-01T08:23:49.020Z] ❌ Error reading register 1000 for IP 10.30.4.91: no connection to modbus server
[2025-03-01T08:23:49.020Z] Error reading actual data: no connection to modbus server
[2025-03-01T08:23:49.021Z] Error writing to Modbus register: no connection to modbus server
[2025-03-01T08:23:49.999Z] Error reading register 3105 for IP 10.30.4.91: no connection to modbus server
[2025-03-01T08:23:49.999Z] ❌ Error reading register 1000 for IP 10.30.4.91: no connection to modbus server
[2025-03-01T08:23:49.999Z] Error reading actual data: no connection to modbus server
[2025-03-01T08:23:50.014Z] Error writing to Modbus register: no connection to modbus server
[2025-03-01T08:23:50.015Z] Error reading register 3105 for IP 10.30.4.91: no connection to modbus server
[2025-03-01T08:23:50.015Z] ❌ Error reading register 1000 for IP 10.30.4.91: no connection to modbus server
[2025-03-01T08:23:50.016Z] Error reading actual data: no connection to modbus server
[2025-03-01T08:23:50.016Z] Error writing to Modbus register: no connection to modbus server
[2025-03-01T08:23:50.016Z] Error reading register 3105 for IP 10.30.4.91: no connection to modbus server
[2025-03-01T08:23:50.016Z] ❌ Error reading register 1000 for IP 10.30.4.91: no connection to modbus server
[2025-03-01T08:23:50.017Z] Error reading actual data: no connection to modbus server
[2025-03-01T08:23:50.017Z] Error writing to Modbus register: no connection to modbus server
[2025-03-01T08:23:50.018Z] Error reading register 3105 for IP 10.30.4.91: no connection to modbus server
[2025-03-01T08:23:50.018Z] Error reading actual data: no connection to modbus server
[2025-03-01T08:23:50.018Z] ❌ Error reading register 1000 for IP 10.30.4.91: no connection to modbus server
[2025-03-01T08:23:50.019Z] Error writing to Modbus register: no connection to modbus server
[2025-03-01T08:23:50.019Z] Error reading register 3105 for IP 10.30.4.91: no connection to modbus server
[2025-03-01T08:23:50.020Z] ❌ Error reading register 1000 for IP 10.30.4.91: no connection to modbus server
[2025-03-01T08:23:50.020Z] Error reading actual data: no connection to modbus server
[2025-03-01T08:23:50.020Z] Error writing to Modbus register: no connection to modbus server
[2025-03-01T08:23:50.021Z] Error reading register 3105 for IP 10.30.4.91: no connection to modbus server
[2025-03-01T08:23:50.021Z] ❌ Error reading register 1000 for IP 10.30.4.91: no connection to modbus server
[2025-03-01T08:23:50.021Z] Error reading actual data: no connection to modbus server
[2025-03-01T08:23:50.021Z] Error writing to Modbus register: no connection to modbus server
[2025-03-01T08:23:51.000Z] ❌ Error reading register 1000 for IP 10.30.4.91: no connection to modbus server
[2025-03-01T08:23:50.999Z] Error reading register 3105 for IP 10.30.4.91: no connection to modbus server
[2025-03-01T08:23:51.000Z] Error reading actual data: no connection to modbus server
[2025-03-01T08:23:51.015Z] Error writing to Modbus register: no connection to modbus server
[2025-03-01T08:23:51.030Z] Error reading register 3105 for IP 10.30.4.91: no connection to modbus server
[2025-03-01T08:23:51.030Z] ❌ Error reading register 1000 for IP 10.30.4.91: no connection to modbus server
[2025-03-01T08:23:51.030Z] Error reading actual data: no connection to modbus server
[2025-03-01T08:23:51.031Z] Error writing to Modbus register: no connection to modbus server
[2025-03-01T08:23:51.031Z] Error reading register 3105 for IP 10.30.4.91: no connection to modbus server
[2025-03-01T08:23:51.032Z] ❌ Error reading register 1000 for IP 10.30.4.91: no connection to modbus server
[2025-03-01T08:23:51.032Z] Error reading actual data: no connection to modbus server
[2025-03-01T08:23:51.032Z] Error writing to Modbus register: no connection to modbus server
[2025-03-01T08:23:51.033Z] Error reading register 3105 for IP 10.30.4.91: no connection to modbus server
[2025-03-01T08:23:51.033Z] ❌ Error reading register 1000 for IP 10.30.4.91: no connection to modbus server
[2025-03-01T08:23:51.033Z] Error reading actual data: no connection to modbus server
[2025-03-01T08:23:51.033Z] Error writing to Modbus register: no connection to modbus server
[2025-03-01T08:23:51.034Z] Error reading register 3105 for IP 10.30.4.91: no connection to modbus server
[2025-03-01T08:23:51.034Z] ❌ Error reading register 1000 for IP 10.30.4.91: no connection to modbus server
[2025-03-01T08:23:51.034Z] Error reading actual data: no connection to modbus server
[2025-03-01T08:23:51.034Z] Error writing to Modbus register: no connection to modbus server
[2025-03-01T08:23:51.035Z] Error reading register 3105 for IP 10.30.4.91: no connection to modbus server
[2025-03-01T08:23:51.035Z] ❌ Error reading register 1000 for IP 10.30.4.91: no connection to modbus server
[2025-03-01T08:23:51.035Z] Error writing to Modbus register: no connection to modbus server
[2025-03-01T08:23:51.035Z] Error reading actual data: no connection to modbus server
[2025-03-01T08:23:52.001Z] Error reading register 3105 for IP 10.30.4.91: no connection to modbus server
[2025-03-01T08:23:52.002Z] ❌ Error reading register 1000 for IP 10.30.4.91: no connection to modbus server
[2025-03-01T08:23:52.002Z] Error reading actual data: no connection to modbus server
[2025-03-01T08:23:52.015Z] Error writing to Modbus register: no connection to modbus server
[2025-03-01T08:23:52.033Z] Error reading register 3105 for IP 10.30.4.91: no connection to modbus server
[2025-03-01T08:23:52.034Z] ❌ Error reading register 1000 for IP 10.30.4.91: no connection to modbus server
[2025-03-01T08:23:52.035Z] Error reading actual data: no connection to modbus server
[2025-03-01T08:23:52.036Z] Error writing to Modbus register: no connection to modbus server
[2025-03-01T08:23:52.037Z] Error reading register 3105 for IP 10.30.4.91: no connection to modbus server
[2025-03-01T08:23:52.037Z] ❌ Error reading register 1000 for IP 10.30.4.91: no connection to modbus server
[2025-03-01T08:23:52.038Z] Error reading actual data: no connection to modbus server
[2025-03-01T08:23:52.039Z] Error writing to Modbus register: no connection to modbus server
[2025-03-01T08:23:52.040Z] ❌ Error reading register 1000 for IP 10.30.4.91: no connection to modbus server
[2025-03-01T08:23:52.040Z] Error reading register 3105 for IP 10.30.4.91: no connection to modbus server
[2025-03-01T08:23:52.041Z] Error reading actual data: no connection to modbus server
[2025-03-01T08:23:52.041Z] Error writing to Modbus register: no connection to modbus server
[2025-03-01T08:23:52.042Z] Error reading register 3105 for IP 10.30.4.91: no connection to modbus server
[2025-03-01T08:23:52.042Z] ❌ Error reading register 1000 for IP 10.30.4.91: no connection to modbus server
[2025-03-01T08:23:52.042Z] Error reading actual data: no connection to modbus server
[2025-03-01T08:23:52.042Z] Error writing to Modbus register: no connection to modbus server
[2025-03-01T08:23:52.043Z] Error reading register 3105 for IP 10.30.4.91: no connection to modbus server
[2025-03-01T08:23:52.043Z] ❌ Error reading register 1000 for IP 10.30.4.91: no connection to modbus server
[2025-03-01T08:23:52.043Z] Error reading actual data: no connection to modbus server
[2025-03-01T08:23:52.043Z] Error writing to Modbus register: no connection to modbus server
[2025-03-01T08:23:53.000Z] Error reading register 3105 for IP 10.30.4.91: no connection to modbus server
[2025-03-01T08:23:53.000Z] ❌ Error reading register 1000 for IP 10.30.4.91: no connection to modbus server
[2025-03-01T08:23:53.000Z] Error reading actual data: no connection to modbus server
[2025-03-01T08:23:53.015Z] Error writing to Modbus register: no connection to modbus server
[2025-03-01T08:23:53.047Z] Error reading register 3105 for IP 10.30.4.91: no connection to modbus server
[2025-03-01T08:23:53.047Z] ❌ Error reading register 1000 for IP 10.30.4.91: no connection to modbus server
[2025-03-01T08:23:53.048Z] Error reading actual data: no connection to modbus server
[2025-03-01T08:23:53.049Z] Error writing to Modbus register: no connection to modbus server
[2025-03-01T08:23:53.050Z] Error reading register 3105 for IP 10.30.4.91: no connection to modbus server
[2025-03-01T08:23:53.051Z] ❌ Error reading register 1000 for IP 10.30.4.91: no connection to modbus server
[2025-03-01T08:23:53.051Z] Error reading actual data: no connection to modbus server
[2025-03-01T08:23:53.052Z] Error reading register 3105 for IP 10.30.4.91: no connection to modbus server
[2025-03-01T08:23:53.052Z] ❌ Error reading register 1000 for IP 10.30.4.91: no connection to modbus server
[2025-03-01T08:23:53.052Z] Error reading actual data: no connection to modbus server
[2025-03-01T08:23:53.052Z] Error writing to Modbus register: no connection to modbus server
[2025-03-01T08:23:53.052Z] Error writing to Modbus register: no connection to modbus server
[2025-03-01T08:23:53.053Z] Error reading register 3105 for IP 10.30.4.91: no connection to modbus server
[2025-03-01T08:23:53.053Z] ❌ Error reading register 1000 for IP 10.30.4.91: no connection to modbus server
[2025-03-01T08:23:53.053Z] Error reading actual data: no connection to modbus server
[2025-03-01T08:23:53.053Z] Error writing to Modbus register: no connection to modbus server
[2025-03-01T08:23:53.053Z] Error reading register 3105 for IP 10.30.4.91: no connection to modbus server
[2025-03-01T08:23:53.054Z] ❌ Error reading register 1000 for IP 10.30.4.91: no connection to modbus server
[2025-03-01T08:23:53.054Z] Error reading actual data: no connection to modbus server
[2025-03-01T08:23:53.054Z] Error writing to Modbus register: no connection to modbus server
[2025-03-01T08:23:54.017Z] Error reading register 3105 for IP 10.30.4.91: no connection to modbus server
[2025-03-01T08:23:54.017Z] ❌ Error reading register 1000 for IP 10.30.4.91: no connection to modbus server
[2025-03-01T08:23:54.018Z] Error reading actual data: no connection to modbus server
[2025-03-01T08:23:54.019Z] Error writing to Modbus register: no connection to modbus server
[2025-03-01T08:23:54.050Z] Error reading register 3105 for IP 10.30.4.91: no connection to modbus server
[2025-03-01T08:23:54.050Z] ❌ Error reading register 1000 for IP 10.30.4.91: no connection to modbus server
[2025-03-01T08:23:54.051Z] Error reading actual data: no connection to modbus server
[2025-03-01T08:23:54.052Z] Error writing to Modbus register: no connection to modbus server
[2025-03-01T08:23:54.053Z] Error reading register 3105 for IP 10.30.4.91: no connection to modbus server
[2025-03-01T08:23:54.053Z] ❌ Error reading register 1000 for IP 10.30.4.91: no connection to modbus server
[2025-03-01T08:23:54.053Z] Error reading actual data: no connection to modbus server
[2025-03-01T08:23:54.054Z] Error writing to Modbus register: no connection to modbus server
[2025-03-01T08:23:54.055Z] Error reading register 3105 for IP 10.30.4.91: no connection to modbus server
[2025-03-01T08:23:54.055Z] ❌ Error reading register 1000 for IP 10.30.4.91: no connection to modbus server
[2025-03-01T08:23:54.055Z] Error reading actual data: no connection to modbus server
[2025-03-01T08:23:54.056Z] Error writing to Modbus register: no connection to modbus server
[2025-03-01T08:23:54.056Z] Error reading register 3105 for IP 10.30.4.91: no connection to modbus server
[2025-03-01T08:23:54.056Z] ❌ Error reading register 1000 for IP 10.30.4.91: no connection to modbus server
[2025-03-01T08:23:54.057Z] Error reading actual data: no connection to modbus server
[2025-03-01T08:23:54.058Z] Error writing to Modbus register: no connection to modbus server
[2025-03-01T08:23:54.059Z] Error reading register 3105 for IP 10.30.4.91: no connection to modbus server
[2025-03-01T08:23:54.059Z] ❌ Error reading register 1000 for IP 10.30.4.91: no connection to modbus server
[2025-03-01T08:23:54.059Z] Error writing to Modbus register: no connection to modbus server
[2025-03-01T08:23:54.059Z] Error reading actual data: no connection to modbus server
[2025-03-01T08:23:55.021Z] Error reading register 3105 for IP 10.30.4.91: no connection to modbus server
[2025-03-01T08:23:55.021Z] ❌ Error reading register 1000 for IP 10.30.4.91: no connection to modbus server
[2025-03-01T08:23:55.021Z] Error reading actual data: no connection to modbus server
[2025-03-01T08:23:55.022Z] Error writing to Modbus register: no connection to modbus server
[2025-03-01T08:23:55.053Z] Error reading register 3105 for IP 10.30.4.91: no connection to modbus server
[2025-03-01T08:23:55.053Z] ❌ Error reading register 1000 for IP 10.30.4.91: no connection to modbus server
[2025-03-01T08:23:55.053Z] Error reading actual data: no connection to modbus server
[2025-03-01T08:23:55.054Z] Error writing to Modbus register: no connection to modbus server
[2025-03-01T08:23:55.055Z] Error reading register 3105 for IP 10.30.4.91: no connection to modbus server
[2025-03-01T08:23:55.055Z] ❌ Error reading register 1000 for IP 10.30.4.91: no connection to modbus server
[2025-03-01T08:23:55.055Z] Error reading actual data: no connection to modbus server
[2025-03-01T08:23:55.056Z] Error writing to Modbus register: no connection to modbus server
[2025-03-01T08:23:55.057Z] Error reading register 3105 for IP 10.30.4.91: no connection to modbus server
[2025-03-01T08:23:55.058Z] ❌ Error reading register 1000 for IP 10.30.4.91: no connection to modbus server
[2025-03-01T08:23:55.058Z] Error reading actual data: no connection to modbus server
[2025-03-01T08:23:55.058Z] Error writing to Modbus register: no connection to modbus server
[2025-03-01T08:23:55.059Z] ❌ Error reading register 1000 for IP 10.30.4.91: no connection to modbus server
[2025-03-01T08:23:55.059Z] Error reading register 3105 for IP 10.30.4.91: no connection to modbus server
[2025-03-01T08:23:55.059Z] Error reading actual data: no connection to modbus server
[2025-03-01T08:23:55.060Z] Error writing to Modbus register: no connection to modbus server
[2025-03-01T08:23:55.061Z] Error reading register 3105 for IP 10.30.4.91: no connection to modbus server
[2025-03-01T08:23:55.061Z] ❌ Error reading register 1000 for IP 10.30.4.91: no connection to modbus server
[2025-03-01T08:23:55.061Z] Error reading actual data: no connection to modbus server
[2025-03-01T08:23:55.061Z] Error writing to Modbus register: no connection to modbus server
[2025-03-01T08:23:56.033Z] Error reading register 3105 for IP 10.30.4.91: no connection to modbus server
[2025-03-01T08:23:56.034Z] ❌ Error reading register 1000 for IP 10.30.4.91: no connection to modbus server
[2025-03-01T08:23:56.035Z] Error reading actual data: no connection to modbus server
[2025-03-01T08:23:56.036Z] Error writing to Modbus register: no connection to modbus server
[2025-03-01T08:23:56.057Z] Error reading register 3105 for IP 10.30.4.91: no connection to modbus server
[2025-03-01T08:23:56.058Z] ❌ Error reading register 1000 for IP 10.30.4.91: no connection to modbus server
[2025-03-01T08:23:56.058Z] Error writing to Modbus register: no connection to modbus server
[2025-03-01T08:23:56.058Z] Error reading register 3105 for IP 10.30.4.91: no connection to modbus server
[2025-03-01T08:23:56.058Z] Error reading actual data: no connection to modbus server
[2025-03-01T08:23:56.059Z] ❌ Error reading register 1000 for IP 10.30.4.91: no connection to modbus server
[2025-03-01T08:23:56.059Z] Error reading actual data: no connection to modbus server
[2025-03-01T08:23:56.059Z] Error writing to Modbus register: no connection to modbus server
[2025-03-01T08:23:56.060Z] ❌ Error reading register 1000 for IP 10.30.4.91: no connection to modbus server
[2025-03-01T08:23:56.060Z] Error reading register 3105 for IP 10.30.4.91: no connection to modbus server
[2025-03-01T08:23:56.060Z] Error reading actual data: no connection to modbus server
[2025-03-01T08:23:56.061Z] Error writing to Modbus register: no connection to modbus server
[2025-03-01T08:23:56.061Z] Error reading register 3105 for IP 10.30.4.91: no connection to modbus server
[2025-03-01T08:23:56.061Z] ❌ Error reading register 1000 for IP 10.30.4.91: no connection to modbus server
[2025-03-01T08:23:56.061Z] Error reading actual data: no connection to modbus server
[2025-03-01T08:23:56.062Z] Error writing to Modbus register: no connection to modbus server
[2025-03-01T08:23:56.062Z] ❌ Error reading register 1000 for IP 10.30.4.91: no connection to modbus server
[2025-03-01T08:23:56.062Z] Error reading register 3105 for IP 10.30.4.91: no connection to modbus server
[2025-03-01T08:23:56.062Z] Error reading actual data: no connection to modbus server
[2025-03-01T08:23:56.063Z] Error writing to Modbus register: no connection to modbus server
[2025-03-01T08:23:57.044Z] Error reading register 3105 for IP 10.30.4.91: no connection to modbus server
[2025-03-01T08:23:57.044Z] ❌ Error reading register 1000 for IP 10.30.4.91: no connection to modbus server
[2025-03-01T08:23:57.044Z] Error reading actual data: no connection to modbus server
[2025-03-01T08:23:57.045Z] Error writing to Modbus register: no connection to modbus server
[2025-03-01T08:23:57.059Z] Error reading register 3105 for IP 10.30.4.91: no connection to modbus server
[2025-03-01T08:23:57.059Z] ❌ Error reading register 1000 for IP 10.30.4.91: no connection to modbus server
[2025-03-01T08:23:57.060Z] Error writing to Modbus register: no connection to modbus server
[2025-03-01T08:23:57.060Z] Error reading register 3105 for IP 10.30.4.91: no connection to modbus server
[2025-03-01T08:23:57.060Z] ❌ Error reading register 1000 for IP 10.30.4.91: no connection to modbus server
[2025-03-01T08:23:57.060Z] Error reading actual data: no connection to modbus server
[2025-03-01T08:23:57.060Z] Error reading actual data: no connection to modbus server
[2025-03-01T08:23:57.060Z] Error writing to Modbus register: no connection to modbus server
[2025-03-01T08:23:57.061Z] Error reading register 3105 for IP 10.30.4.91: no connection to modbus server
[2025-03-01T08:23:57.061Z] ❌ Error reading register 1000 for IP 10.30.4.91: no connection to modbus server
[2025-03-01T08:23:57.061Z] Error reading actual data: no connection to modbus server
[2025-03-01T08:23:57.061Z] Error writing to Modbus register: no connection to modbus server
[2025-03-01T08:23:57.062Z] Error reading register 3105 for IP 10.30.4.91: no connection to modbus server
[2025-03-01T08:23:57.062Z] ❌ Error reading register 1000 for IP 10.30.4.91: no connection to modbus server
[2025-03-01T08:23:57.062Z] Error reading actual data: no connection to modbus server
[2025-03-01T08:23:57.062Z] Error writing to Modbus register: no connection to modbus server
[2025-03-01T08:23:57.063Z] Error reading register 3105 for IP 10.30.4.91: no connection to modbus server
[2025-03-01T08:23:57.063Z] Error reading actual data: no connection to modbus server
[2025-03-01T08:23:57.063Z] ❌ Error reading register 1000 for IP 10.30.4.91: no connection to modbus server
[2025-03-01T08:23:57.063Z] Error writing to Modbus register: no connection to modbus server
[2025-03-01T08:23:58.049Z] Error reading register 3105 for IP 10.30.4.91: no connection to modbus server
[2025-03-01T08:23:58.050Z] ❌ Error reading register 1000 for IP 10.30.4.91: no connection to modbus server
[2025-03-01T08:23:58.050Z] Error reading actual data: no connection to modbus server
[2025-03-01T08:23:58.051Z] Error writing to Modbus register: no connection to modbus server
[2025-03-01T08:23:58.064Z] Error reading register 3105 for IP 10.30.4.91: no connection to modbus server
[2025-03-01T08:23:58.065Z] ❌ Error reading register 1000 for IP 10.30.4.91: no connection to modbus server
[2025-03-01T08:23:58.066Z] Error reading actual data: no connection to modbus server
[2025-03-01T08:23:58.067Z] Error writing to Modbus register: no connection to modbus server
[2025-03-01T08:23:58.068Z] Error reading register 3105 for IP 10.30.4.91: no connection to modbus server
[2025-03-01T08:23:58.069Z] ❌ Error reading register 1000 for IP 10.30.4.91: no connection to modbus server
[2025-03-01T08:23:58.069Z] Error reading actual data: no connection to modbus server
[2025-03-01T08:23:58.069Z] Error writing to Modbus register: no connection to modbus server
[2025-03-01T08:23:58.070Z] Error reading register 3105 for IP 10.30.4.91: no connection to modbus server
[2025-03-01T08:23:58.070Z] ❌ Error reading register 1000 for IP 10.30.4.91: no connection to modbus server
[2025-03-01T08:23:58.071Z] Error reading actual data: no connection to modbus server
[2025-03-01T08:23:58.072Z] Error reading register 3105 for IP 10.30.4.91: no connection to modbus server
[2025-03-01T08:23:58.071Z] Error writing to Modbus register: no connection to modbus server
[2025-03-01T08:23:58.072Z] ❌ Error reading register 1000 for IP 10.30.4.91: no connection to modbus server
[2025-03-01T08:23:58.072Z] Error reading actual data: no connection to modbus server
[2025-03-01T08:23:58.073Z] Error writing to Modbus register: no connection to modbus server
[2025-03-01T08:23:58.073Z] Error reading register 3105 for IP 10.30.4.91: no connection to modbus server
[2025-03-01T08:23:58.074Z] ❌ Error reading register 1000 for IP 10.30.4.91: no connection to modbus server
[2025-03-01T08:23:58.074Z] Error reading actual data: no connection to modbus server
[2025-03-01T08:23:58.074Z] Error writing to Modbus register: no connection to modbus server
[2025-03-01T08:23:59.049Z] Error reading register 3105 for IP 10.30.4.91: no connection to modbus server
[2025-03-01T08:23:59.049Z] ❌ Error reading register 1000 for IP 10.30.4.91: no connection to modbus server
[2025-03-01T08:23:59.049Z] Error reading actual data: no connection to modbus server
[2025-03-01T08:23:59.051Z] Error writing to Modbus register: no connection to modbus server
[2025-03-01T08:23:59.064Z] Error reading register 3105 for IP 10.30.4.91: no connection to modbus server
[2025-03-01T08:23:59.064Z] ❌ Error reading register 1000 for IP 10.30.4.91: no connection to modbus server
[2025-03-01T08:23:59.064Z] Error reading actual data: no connection to modbus server
[2025-03-01T08:23:59.080Z] Error writing to Modbus register: no connection to modbus server
[2025-03-01T08:23:59.080Z] Error reading register 3105 for IP 10.30.4.91: no connection to modbus server
[2025-03-01T08:23:59.080Z] ❌ Error reading register 1000 for IP 10.30.4.91: no connection to modbus server
[2025-03-01T08:23:59.080Z] Error reading actual data: no connection to modbus server
[2025-03-01T08:23:59.081Z] Error writing to Modbus register: no connection to modbus server
[2025-03-01T08:23:59.081Z] Error reading register 3105 for IP 10.30.4.91: no connection to modbus server
[2025-03-01T08:23:59.081Z] ❌ Error reading register 1000 for IP 10.30.4.91: no connection to modbus server
[2025-03-01T08:23:59.081Z] Error writing to Modbus register: no connection to modbus server
[2025-03-01T08:23:59.081Z] Error reading actual data: no connection to modbus server
[2025-03-01T08:23:59.082Z] Error reading register 3105 for IP 10.30.4.91: no connection to modbus server
[2025-03-01T08:23:59.082Z] ❌ Error reading register 1000 for IP 10.30.4.91: no connection to modbus server
[2025-03-01T08:23:59.082Z] Error reading actual data: no connection to modbus server
[2025-03-01T08:23:59.082Z] Error writing to Modbus register: no connection to modbus server
[2025-03-01T08:23:59.082Z] Error reading register 3105 for IP 10.30.4.91: no connection to modbus server
[2025-03-01T08:23:59.083Z] ❌ Error reading register 1000 for IP 10.30.4.91: no connection to modbus server
[2025-03-01T08:23:59.083Z] Error reading actual data: no connection to modbus server
[2025-03-01T08:23:59.083Z] Error writing to Modbus register: no connection to modbus server
[2025-03-01T08:24:00.056Z] ❌ Error reading register 1000 for IP 10.30.4.91: no connection to modbus server
[2025-03-01T08:24:00.056Z] Error reading register 3105 for IP 10.30.4.91: no connection to modbus server
[2025-03-01T08:24:00.057Z] Error writing to Modbus register: no connection to modbus server
[2025-03-01T08:24:00.056Z] Error reading actual data: no connection to modbus server
[2025-03-01T08:24:00.071Z] Error reading register 3105 for IP 10.30.4.91: no connection to modbus server
[2025-03-01T08:24:00.071Z] ❌ Error reading register 1000 for IP 10.30.4.91: no connection to modbus server
[2025-03-01T08:24:00.071Z] Error reading actual data: no connection to modbus server
[2025-03-01T08:24:00.086Z] Error writing to Modbus register: no connection to modbus server
[2025-03-01T08:24:00.086Z] Error reading register 3105 for IP 10.30.4.91: no connection to modbus server
[2025-03-01T08:24:00.087Z] ❌ Error reading register 1000 for IP 10.30.4.91: no connection to modbus server
[2025-03-01T08:24:00.087Z] Error reading actual data: no connection to modbus server
[2025-03-01T08:24:00.087Z] Error writing to Modbus register: no connection to modbus server
[2025-03-01T08:24:00.087Z] Error reading register 3105 for IP 10.30.4.91: no connection to modbus server
[2025-03-01T08:24:00.088Z] ❌ Error reading register 1000 for IP 10.30.4.91: no connection to modbus server
[2025-03-01T08:24:00.088Z] Error reading actual data: no connection to modbus server
[2025-03-01T08:24:00.088Z] Error writing to Modbus register: no connection to modbus server
[2025-03-01T08:24:00.088Z] Error reading register 3105 for IP 10.30.4.91: no connection to modbus server
[2025-03-01T08:24:00.089Z] ❌ Error reading register 1000 for IP 10.30.4.91: no connection to modbus server
[2025-03-01T08:24:00.089Z] Error reading actual data: no connection to modbus server
[2025-03-01T08:24:00.089Z] Error writing to Modbus register: no connection to modbus server
[2025-03-01T08:24:00.089Z] Error reading register 3105 for IP 10.30.4.91: no connection to modbus server
[2025-03-01T08:24:00.090Z] Error reading actual data: no connection to modbus server
[2025-03-01T08:24:00.089Z] ❌ Error reading register 1000 for IP 10.30.4.91: no connection to modbus server
[2025-03-01T08:24:00.090Z] Error writing to Modbus register: no connection to modbus server
[2025-03-01T08:24:01.068Z] Error reading register 3105 for IP 10.30.4.91: no connection to modbus server
[2025-03-01T08:24:01.069Z] ❌ Error reading register 1000 for IP 10.30.4.91: no connection to modbus server
[2025-03-01T08:24:01.069Z] Error reading actual data: no connection to modbus server
[2025-03-01T08:24:01.070Z] Error writing to Modbus register: no connection to modbus server
[2025-03-01T08:24:01.072Z] Error reading register 3105 for IP 10.30.4.91: no connection to modbus server
[2025-03-01T08:24:01.072Z] ❌ Error reading register 1000 for IP 10.30.4.91: no connection to modbus server
[2025-03-01T08:24:01.072Z] Error reading actual data: no connection to modbus server
[2025-03-01T08:24:01.098Z] Error reading register 3105 for IP 10.30.4.91: no connection to modbus server
[2025-03-01T08:24:01.098Z] ❌ Error reading register 1000 for IP 10.30.4.91: no connection to modbus server
[2025-03-01T08:24:01.097Z] Error writing to Modbus register: no connection to modbus server
[2025-03-01T08:24:01.098Z] Error reading actual data: no connection to modbus server
[2025-03-01T08:24:01.098Z] Error writing to Modbus register: no connection to modbus server
[2025-03-01T08:24:01.099Z] Error reading register 3105 for IP 10.30.4.91: no connection to modbus server
[2025-03-01T08:24:01.099Z] ❌ Error reading register 1000 for IP 10.30.4.91: no connection to modbus server
[2025-03-01T08:24:01.099Z] Error reading register 3105 for IP 10.30.4.91: no connection to modbus server
[2025-03-01T08:24:01.099Z] ❌ Error reading register 1000 for IP 10.30.4.91: no connection to modbus server
[2025-03-01T08:24:01.100Z] Error writing to Modbus register: no connection to modbus server
[2025-03-01T08:24:01.100Z] Error reading register 3105 for IP 10.30.4.91: no connection to modbus server
[2025-03-01T08:24:01.100Z] ❌ Error reading register 1000 for IP 10.30.4.91: no connection to modbus server
[2025-03-01T08:24:01.099Z] Error reading actual data: no connection to modbus server
[2025-03-01T08:24:01.100Z] Error reading actual data: no connection to modbus server
[2025-03-01T08:24:01.099Z] Error reading actual data: no connection to modbus server
[2025-03-01T08:24:01.099Z] Error writing to Modbus register: no connection to modbus server
[2025-03-01T08:24:01.100Z] Error writing to Modbus register: no connection to modbus server
[2025-03-01T08:24:02.067Z] Error reading register 3105 for IP 10.30.4.91: no connection to modbus server
[2025-03-01T08:24:02.068Z] ❌ Error reading register 1000 for IP 10.30.4.91: no connection to modbus server
[2025-03-01T08:24:02.068Z] Error reading actual data: no connection to modbus server
[2025-03-01T08:24:02.069Z] Error writing to Modbus register: no connection to modbus server
[2025-03-01T08:24:02.072Z] Error reading register 3105 for IP 10.30.4.91: no connection to modbus server
[2025-03-01T08:24:02.072Z] ❌ Error reading register 1000 for IP 10.30.4.91: no connection to modbus server
[2025-03-01T08:24:02.073Z] Error reading actual data: no connection to modbus server
[2025-03-01T08:24:02.099Z] Error writing to Modbus register: no connection to modbus server
[2025-03-01T08:24:02.101Z] Error reading register 3105 for IP 10.30.4.91: no connection to modbus server
[2025-03-01T08:24:02.102Z] ❌ Error reading register 1000 for IP 10.30.4.91: no connection to modbus server
[2025-03-01T08:24:02.102Z] Error reading actual data: no connection to modbus server
[2025-03-01T08:24:02.103Z] Error writing to Modbus register: no connection to modbus server
[2025-03-01T08:24:02.104Z] Error reading register 3105 for IP 10.30.4.91: no connection to modbus server
[2025-03-01T08:24:02.104Z] ❌ Error reading register 1000 for IP 10.30.4.91: no connection to modbus server
[2025-03-01T08:24:02.104Z] Error reading actual data: no connection to modbus server
[2025-03-01T08:24:02.105Z] Error writing to Modbus register: no connection to modbus server
[2025-03-01T08:24:02.105Z] Error reading register 3105 for IP 10.30.4.91: no connection to modbus server
[2025-03-01T08:24:02.105Z] ❌ Error reading register 1000 for IP 10.30.4.91: no connection to modbus server
[2025-03-01T08:24:02.106Z] Error reading actual data: no connection to modbus server
[2025-03-01T08:24:02.106Z] Error writing to Modbus register: no connection to modbus server
[2025-03-01T08:24:02.106Z] Error reading register 3105 for IP 10.30.4.91: no connection to modbus server
[2025-03-01T08:24:02.106Z] ❌ Error reading register 1000 for IP 10.30.4.91: no connection to modbus server
[2025-03-01T08:24:02.107Z] Error reading actual data: no connection to modbus server
[2025-03-01T08:24:02.107Z] Error writing to Modbus register: no connection to modbus server
[2025-03-01T08:24:03.083Z] Error reading register 3105 for IP 10.30.4.91: no connection to modbus server
[2025-03-01T08:24:03.084Z] ❌ Error reading register 1000 for IP 10.30.4.91: no connection to modbus server
[2025-03-01T08:24:03.084Z] Error reading actual data: no connection to modbus server
[2025-03-01T08:24:03.085Z] Error writing to Modbus register: no connection to modbus server
[2025-03-01T08:24:03.087Z] Error reading register 3105 for IP 10.30.4.91: no connection to modbus server
[2025-03-01T08:24:03.087Z] ❌ Error reading register 1000 for IP 10.30.4.91: no connection to modbus server
[2025-03-01T08:24:03.087Z] Error reading actual data: no connection to modbus server
[2025-03-01T08:24:03.114Z] Error writing to Modbus register: no connection to modbus server
[2025-03-01T08:24:03.115Z] Error reading register 3105 for IP 10.30.4.91: no connection to modbus server
[2025-03-01T08:24:03.116Z] ❌ Error reading register 1000 for IP 10.30.4.91: no connection to modbus server
[2025-03-01T08:24:03.116Z] Error reading actual data: no connection to modbus server
[2025-03-01T08:24:03.117Z] Error writing to Modbus register: no connection to modbus server
[2025-03-01T08:24:03.119Z] Error reading register 3105 for IP 10.30.4.91: no connection to modbus server
[2025-03-01T08:24:03.119Z] ❌ Error reading register 1000 for IP 10.30.4.91: no connection to modbus server
[2025-03-01T08:24:03.120Z] Error reading actual data: no connection to modbus server
[2025-03-01T08:24:03.121Z] Error writing to Modbus register: no connection to modbus server
[2025-03-01T08:24:03.122Z] Error reading register 3105 for IP 10.30.4.91: no connection to modbus server
[2025-03-01T08:24:03.122Z] ❌ Error reading register 1000 for IP 10.30.4.91: no connection to modbus server
[2025-03-01T08:24:03.122Z] Error reading actual data: no connection to modbus server
[2025-03-01T08:24:03.122Z] Error writing to Modbus register: no connection to modbus server
[2025-03-01T08:24:03.122Z] Error reading register 3105 for IP 10.30.4.91: no connection to modbus server
[2025-03-01T08:24:03.123Z] ❌ Error reading register 1000 for IP 10.30.4.91: no connection to modbus server
[2025-03-01T08:24:03.123Z] Error reading actual data: no connection to modbus server
[2025-03-01T08:24:03.123Z] Error writing to Modbus register: no connection to modbus server
[2025-03-01T08:24:04.095Z] ❌ Error reading register 1000 for IP 10.30.4.91: no connection to modbus server
[2025-03-01T08:24:04.095Z] Error reading register 3105 for IP 10.30.4.91: no connection to modbus server
[2025-03-01T08:24:04.095Z] Error reading actual data: no connection to modbus server
[2025-03-01T08:24:04.095Z] Error writing to Modbus register: no connection to modbus server
[2025-03-01T08:24:04.096Z] Error reading register 3105 for IP 10.30.4.91: no connection to modbus server
[2025-03-01T08:24:04.096Z] ❌ Error reading register 1000 for IP 10.30.4.91: no connection to modbus server
[2025-03-01T08:24:04.096Z] Error reading actual data: no connection to modbus server
[2025-03-01T08:24:04.113Z] Error writing to Modbus register: no connection to modbus server
[2025-03-01T08:24:04.114Z] Error reading register 3105 for IP 10.30.4.91: no connection to modbus server
[2025-03-01T08:24:04.114Z] ❌ Error reading register 1000 for IP 10.30.4.91: no connection to modbus server
[2025-03-01T08:24:04.114Z] Error reading actual data: no connection to modbus server
[2025-03-01T08:24:04.130Z] Error writing to Modbus register: no connection to modbus server
[2025-03-01T08:24:04.131Z] Error reading register 3105 for IP 10.30.4.91: no connection to modbus server
[2025-03-01T08:24:04.131Z] ❌ Error reading register 1000 for IP 10.30.4.91: no connection to modbus server
[2025-03-01T08:24:04.132Z] Error reading actual data: no connection to modbus server
[2025-03-01T08:24:04.132Z] Error writing to Modbus register: no connection to modbus server
[2025-03-01T08:24:04.132Z] Error reading register 3105 for IP 10.30.4.91: no connection to modbus server
[2025-03-01T08:24:04.132Z] ❌ Error reading register 1000 for IP 10.30.4.91: no connection to modbus server
[2025-03-01T08:24:04.133Z] Error reading actual data: no connection to modbus server
[2025-03-01T08:24:04.133Z] Error writing to Modbus register: no connection to modbus server
[2025-03-01T08:24:04.133Z] Error reading register 3105 for IP 10.30.4.91: no connection to modbus server
[2025-03-01T08:24:04.134Z] ❌ Error reading register 1000 for IP 10.30.4.91: no connection to modbus server
[2025-03-01T08:24:04.134Z] Error reading actual data: no connection to modbus server
[2025-03-01T08:24:04.134Z] Error writing to Modbus register: no connection to modbus server
[2025-03-01T08:24:05.099Z] Error reading register 3105 for IP 10.30.4.91: no connection to modbus server
[2025-03-01T08:24:05.099Z] ❌ Error reading register 1000 for IP 10.30.4.91: no connection to modbus server
[2025-03-01T08:24:05.099Z] Error reading actual data: no connection to modbus server
[2025-03-01T08:24:05.100Z] Error writing to Modbus register: no connection to modbus server
[2025-03-01T08:24:05.100Z] Error reading register 3105 for IP 10.30.4.91: no connection to modbus server
[2025-03-01T08:24:05.100Z] ❌ Error reading register 1000 for IP 10.30.4.91: no connection to modbus server
[2025-03-01T08:24:05.100Z] Error reading actual data: no connection to modbus server
[2025-03-01T08:24:05.114Z] Error writing to Modbus register: no connection to modbus server
[2025-03-01T08:24:05.115Z] Error reading register 3105 for IP 10.30.4.91: no connection to modbus server
[2025-03-01T08:24:05.115Z] ❌ Error reading register 1000 for IP 10.30.4.91: no connection to modbus server
[2025-03-01T08:24:05.115Z] Error reading actual data: no connection to modbus server
[2025-03-01T08:24:05.131Z] Error writing to Modbus register: no connection to modbus server
[2025-03-01T08:24:05.132Z] Error reading register 3105 for IP 10.30.4.91: no connection to modbus server
[2025-03-01T08:24:05.132Z] Error reading actual data: no connection to modbus server
[2025-03-01T08:24:05.132Z] ❌ Error reading register 1000 for IP 10.30.4.91: no connection to modbus server
[2025-03-01T08:24:05.133Z] Error writing to Modbus register: no connection to modbus server
[2025-03-01T08:24:05.134Z] Error reading register 3105 for IP 10.30.4.91: no connection to modbus server
[2025-03-01T08:24:05.134Z] ❌ Error reading register 1000 for IP 10.30.4.91: no connection to modbus server
[2025-03-01T08:24:05.134Z] Error writing to Modbus register: no connection to modbus server
[2025-03-01T08:24:05.134Z] Error reading actual data: no connection to modbus server
[2025-03-01T08:24:05.134Z] Error reading register 3105 for IP 10.30.4.91: no connection to modbus server
[2025-03-01T08:24:05.134Z] ❌ Error reading register 1000 for IP 10.30.4.91: no connection to modbus server
[2025-03-01T08:24:05.135Z] Error reading actual data: no connection to modbus server
[2025-03-01T08:24:05.135Z] Error writing to Modbus register: no connection to modbus server
[2025-03-01T08:24:06.100Z] Error reading register 3105 for IP 10.30.4.91: no connection to modbus server
[2025-03-01T08:24:06.101Z] ❌ Error reading register 1000 for IP 10.30.4.91: no connection to modbus server
[2025-03-01T08:24:06.102Z] Error reading actual data: no connection to modbus server
[2025-03-01T08:24:06.104Z] Error writing to Modbus register: no connection to modbus server
[2025-03-01T08:24:06.105Z] Error reading register 3105 for IP 10.30.4.91: no connection to modbus server
[2025-03-01T08:24:06.105Z] ❌ Error reading register 1000 for IP 10.30.4.91: no connection to modbus server
[2025-03-01T08:24:06.106Z] Error reading actual data: no connection to modbus server
[2025-03-01T08:24:06.115Z] Error writing to Modbus register: no connection to modbus server
[2025-03-01T08:24:06.116Z] Error reading register 3105 for IP 10.30.4.91: no connection to modbus server
[2025-03-01T08:24:06.116Z] ❌ Error reading register 1000 for IP 10.30.4.91: no connection to modbus server
[2025-03-01T08:24:06.117Z] Error reading actual data: no connection to modbus server
[2025-03-01T08:24:06.131Z] Error writing to Modbus register: no connection to modbus server
[2025-03-01T08:24:06.132Z] Error reading register 3105 for IP 10.30.4.91: no connection to modbus server
[2025-03-01T08:24:06.132Z] ❌ Error reading register 1000 for IP 10.30.4.91: no connection to modbus server
[2025-03-01T08:24:06.132Z] Error reading actual data: no connection to modbus server
[2025-03-01T08:24:06.133Z] Error writing to Modbus register: no connection to modbus server
[2025-03-01T08:24:06.133Z] Error reading register 3105 for IP 10.30.4.91: no connection to modbus server
[2025-03-01T08:24:06.133Z] ❌ Error reading register 1000 for IP 10.30.4.91: no connection to modbus server
[2025-03-01T08:24:06.133Z] Error reading actual data: no connection to modbus server
[2025-03-01T08:24:06.134Z] Error writing to Modbus register: no connection to modbus server
[2025-03-01T08:24:06.135Z] Error reading register 3105 for IP 10.30.4.91: no connection to modbus server
[2025-03-01T08:24:06.135Z] Error reading actual data: no connection to modbus server
[2025-03-01T08:24:06.135Z] ❌ Error reading register 1000 for IP 10.30.4.91: no connection to modbus server
[2025-03-01T08:24:06.135Z] Error writing to Modbus register: no connection to modbus server
[2025-03-01T08:24:07.115Z] Error reading register 3105 for IP 10.30.4.91: no connection to modbus server
[2025-03-01T08:24:07.116Z] Error writing to Modbus register: no connection to modbus server
[2025-03-01T08:24:07.116Z] Error reading register 3105 for IP 10.30.4.91: no connection to modbus server
[2025-03-01T08:24:07.116Z] ❌ Error reading register 1000 for IP 10.30.4.91: no connection to modbus server
[2025-03-01T08:24:07.117Z] Error writing to Modbus register: no connection to modbus server
[2025-03-01T08:24:07.117Z] Error reading actual data: no connection to modbus server
[2025-03-01T08:24:07.115Z] Error reading actual data: no connection to modbus server
[2025-03-01T08:24:07.115Z] ❌ Error reading register 1000 for IP 10.30.4.91: no connection to modbus server
[2025-03-01T08:24:07.118Z] Error reading register 3105 for IP 10.30.4.91: no connection to modbus server
[2025-03-01T08:24:07.118Z] ❌ Error reading register 1000 for IP 10.30.4.91: no connection to modbus server
[2025-03-01T08:24:07.118Z] Error reading actual data: no connection to modbus server
[2025-03-01T08:24:07.148Z] Error writing to Modbus register: no connection to modbus server
[2025-03-01T08:24:07.149Z] Error reading register 3105 for IP 10.30.4.91: no connection to modbus server
[2025-03-01T08:24:07.149Z] ❌ Error reading register 1000 for IP 10.30.4.91: no connection to modbus server
[2025-03-01T08:24:07.149Z] Error reading actual data: no connection to modbus server
[2025-03-01T08:24:07.149Z] Error writing to Modbus register: no connection to modbus server
[2025-03-01T08:24:07.150Z] Error reading register 3105 for IP 10.30.4.91: no connection to modbus server
[2025-03-01T08:24:07.150Z] ❌ Error reading register 1000 for IP 10.30.4.91: no connection to modbus server
[2025-03-01T08:24:07.150Z] Error reading actual data: no connection to modbus server
[2025-03-01T08:24:07.150Z] Error writing to Modbus register: no connection to modbus server
[2025-03-01T08:24:07.151Z] Error reading register 3105 for IP 10.30.4.91: no connection to modbus server
[2025-03-01T08:24:07.151Z] ❌ Error reading register 1000 for IP 10.30.4.91: no connection to modbus server
[2025-03-01T08:24:07.151Z] Error reading actual data: no connection to modbus server
[2025-03-01T08:24:07.151Z] Error writing to Modbus register: no connection to modbus server
[2025-03-01T08:24:08.114Z] ❌ Error reading register 1000 for IP 10.30.4.91: no connection to modbus server
[2025-03-01T08:24:08.115Z] Error reading actual data: no connection to modbus server
[2025-03-01T08:24:08.114Z] Error reading register 3105 for IP 10.30.4.91: no connection to modbus server
[2025-03-01T08:24:08.132Z] Error writing to Modbus register: no connection to modbus server
[2025-03-01T08:24:08.132Z] Error reading register 3105 for IP 10.30.4.91: no connection to modbus server
[2025-03-01T08:24:08.132Z] ❌ Error reading register 1000 for IP 10.30.4.91: no connection to modbus server
[2025-03-01T08:24:08.132Z] Error reading actual data: no connection to modbus server
[2025-03-01T08:24:08.133Z] Error writing to Modbus register: no connection to modbus server
[2025-03-01T08:24:08.133Z] Error reading register 3105 for IP 10.30.4.91: no connection to modbus server
[2025-03-01T08:24:08.133Z] ❌ Error reading register 1000 for IP 10.30.4.91: no connection to modbus server
[2025-03-01T08:24:08.133Z] Error reading actual data: no connection to modbus server
[2025-03-01T08:24:08.148Z] Error writing to Modbus register: no connection to modbus server
[2025-03-01T08:24:08.149Z] Error reading register 3105 for IP 10.30.4.91: no connection to modbus server
[2025-03-01T08:24:08.149Z] ❌ Error reading register 1000 for IP 10.30.4.91: no connection to modbus server
[2025-03-01T08:24:08.149Z] Error reading actual data: no connection to modbus server
[2025-03-01T08:24:08.150Z] Error writing to Modbus register: no connection to modbus server
[2025-03-01T08:24:08.150Z] Error reading register 3105 for IP 10.30.4.91: no connection to modbus server
[2025-03-01T08:24:08.150Z] ❌ Error reading register 1000 for IP 10.30.4.91: no connection to modbus server
[2025-03-01T08:24:08.150Z] Error reading actual data: no connection to modbus server
[2025-03-01T08:24:08.151Z] Error writing to Modbus register: no connection to modbus server
[2025-03-01T08:24:08.151Z] Error reading actual data: no connection to modbus server
[2025-03-01T08:24:08.151Z] Error reading register 3105 for IP 10.30.4.91: no connection to modbus server
[2025-03-01T08:24:08.151Z] ❌ Error reading register 1000 for IP 10.30.4.91: no connection to modbus server
[2025-03-01T08:24:08.152Z] Error writing to Modbus register: no connection to modbus server
[2025-03-01T08:24:09.116Z] Error reading register 3105 for IP 10.30.4.91: no connection to modbus server
[2025-03-01T08:24:09.117Z] ❌ Error reading register 1000 for IP 10.30.4.91: no connection to modbus server
[2025-03-01T08:24:09.117Z] Error reading actual data: no connection to modbus server
[2025-03-01T08:24:09.133Z] Error writing to Modbus register: no connection to modbus server
[2025-03-01T08:24:09.135Z] ❌ Error reading register 1000 for IP 10.30.4.91: no connection to modbus server
[2025-03-01T08:24:09.134Z] Error reading register 3105 for IP 10.30.4.91: no connection to modbus server
[2025-03-01T08:24:09.135Z] Error reading actual data: no connection to modbus server
[2025-03-01T08:24:09.136Z] Error writing to Modbus register: no connection to modbus server
[2025-03-01T08:24:09.137Z] Error reading register 3105 for IP 10.30.4.91: no connection to modbus server
[2025-03-01T08:24:09.137Z] ❌ Error reading register 1000 for IP 10.30.4.91: no connection to modbus server
[2025-03-01T08:24:09.137Z] Error reading actual data: no connection to modbus server
[2025-03-01T08:24:09.148Z] Error writing to Modbus register: no connection to modbus server
[2025-03-01T08:24:09.149Z] Error reading register 3105 for IP 10.30.4.91: no connection to modbus server
[2025-03-01T08:24:09.150Z] ❌ Error reading register 1000 for IP 10.30.4.91: no connection to modbus server
[2025-03-01T08:24:09.150Z] Error reading actual data: no connection to modbus server
[2025-03-01T08:24:09.151Z] Error writing to Modbus register: no connection to modbus server
[2025-03-01T08:24:09.152Z] Error reading register 3105 for IP 10.30.4.91: no connection to modbus server
[2025-03-01T08:24:09.153Z] ❌ Error reading register 1000 for IP 10.30.4.91: no connection to modbus server
[2025-03-01T08:24:09.153Z] Error reading actual data: no connection to modbus server
[2025-03-01T08:24:09.153Z] Error writing to Modbus register: no connection to modbus server
[2025-03-01T08:24:09.154Z] ❌ Error reading register 1000 for IP 10.30.4.91: no connection to modbus server
[2025-03-01T08:24:09.154Z] Error reading register 3105 for IP 10.30.4.91: no connection to modbus server
[2025-03-01T08:24:09.155Z] Error writing to Modbus register: no connection to modbus server
[2025-03-01T08:24:09.155Z] Error reading actual data: no connection to modbus server
[2025-03-01T08:24:10.125Z] Error reading register 3105 for IP 10.30.4.91: no connection to modbus server
[2025-03-01T08:24:10.126Z] ❌ Error reading register 1000 for IP 10.30.4.91: no connection to modbus server
[2025-03-01T08:24:10.126Z] Error reading actual data: no connection to modbus server
[2025-03-01T08:24:10.140Z] Error writing to Modbus register: no connection to modbus server
[2025-03-01T08:24:10.140Z] Error reading register 3105 for IP 10.30.4.91: no connection to modbus server
[2025-03-01T08:24:10.141Z] ❌ Error reading register 1000 for IP 10.30.4.91: no connection to modbus server
[2025-03-01T08:24:10.141Z] Error reading actual data: no connection to modbus server
[2025-03-01T08:24:10.141Z] Error writing to Modbus register: no connection to modbus server
[2025-03-01T08:24:10.141Z] Error reading register 3105 for IP 10.30.4.91: no connection to modbus server
[2025-03-01T08:24:10.141Z] ❌ Error reading register 1000 for IP 10.30.4.91: no connection to modbus server
[2025-03-01T08:24:10.141Z] Error reading actual data: no connection to modbus server
[2025-03-01T08:24:10.156Z] Error writing to Modbus register: no connection to modbus server
[2025-03-01T08:24:10.156Z] Error reading register 3105 for IP 10.30.4.91: no connection to modbus server
[2025-03-01T08:24:10.156Z] ❌ Error reading register 1000 for IP 10.30.4.91: no connection to modbus server
[2025-03-01T08:24:10.157Z] Error writing to Modbus register: no connection to modbus server
[2025-03-01T08:24:10.156Z] Error reading actual data: no connection to modbus server
[2025-03-01T08:24:10.157Z] Error reading register 3105 for IP 10.30.4.91: no connection to modbus server
[2025-03-01T08:24:10.158Z] Error reading actual data: no connection to modbus server
[2025-03-01T08:24:10.158Z] ❌ Error reading register 1000 for IP 10.30.4.91: no connection to modbus server
[2025-03-01T08:24:10.158Z] Error writing to Modbus register: no connection to modbus server
[2025-03-01T08:24:10.159Z] Error reading register 3105 for IP 10.30.4.91: no connection to modbus server
[2025-03-01T08:24:10.159Z] ❌ Error reading register 1000 for IP 10.30.4.91: no connection to modbus server
[2025-03-01T08:24:10.159Z] Error reading actual data: no connection to modbus server
[2025-03-01T08:24:10.159Z] Error writing to Modbus register: no connection to modbus server
[2025-03-01T08:24:11.133Z] Error reading register 3105 for IP 10.30.4.91: no connection to modbus server
[2025-03-01T08:24:11.134Z] ❌ Error reading register 1000 for IP 10.30.4.91: no connection to modbus server
[2025-03-01T08:24:11.134Z] Error reading actual data: no connection to modbus server
[2025-03-01T08:24:11.150Z] Error reading register 3105 for IP 10.30.4.91: no connection to modbus server
[2025-03-01T08:24:11.150Z] ❌ Error reading register 1000 for IP 10.30.4.91: no connection to modbus server
[2025-03-01T08:24:11.151Z] Error writing to Modbus register: no connection to modbus server
[2025-03-01T08:24:11.152Z] Error reading register 3105 for IP 10.30.4.91: no connection to modbus server
[2025-03-01T08:24:11.149Z] Error writing to Modbus register: no connection to modbus server
[2025-03-01T08:24:11.152Z] ❌ Error reading register 1000 for IP 10.30.4.91: no connection to modbus server
[2025-03-01T08:24:11.150Z] Error reading actual data: no connection to modbus server
[2025-03-01T08:24:11.152Z] Error reading actual data: no connection to modbus server
[2025-03-01T08:24:11.165Z] Error writing to Modbus register: no connection to modbus server
[2025-03-01T08:24:11.165Z] ❌ Error reading register 1000 for IP 10.30.4.91: no connection to modbus server
[2025-03-01T08:24:11.165Z] Error reading register 3105 for IP 10.30.4.91: no connection to modbus server
[2025-03-01T08:24:11.165Z] Error reading actual data: no connection to modbus server
[2025-03-01T08:24:11.166Z] Error writing to Modbus register: no connection to modbus server
[2025-03-01T08:24:11.166Z] Error reading register 3105 for IP 10.30.4.91: no connection to modbus server
[2025-03-01T08:24:11.166Z] ❌ Error reading register 1000 for IP 10.30.4.91: no connection to modbus server
[2025-03-01T08:24:11.166Z] Error reading actual data: no connection to modbus server
[2025-03-01T08:24:11.167Z] Error writing to Modbus register: no connection to modbus server
[2025-03-01T08:24:11.167Z] Error reading actual data: no connection to modbus server
[2025-03-01T08:24:11.167Z] Error reading register 3105 for IP 10.30.4.91: no connection to modbus server
[2025-03-01T08:24:11.167Z] ❌ Error reading register 1000 for IP 10.30.4.91: no connection to modbus server
[2025-03-01T08:24:11.167Z] Error writing to Modbus register: no connection to modbus server
[2025-03-01T08:24:12.148Z] Error reading register 3105 for IP 10.30.4.91: no connection to modbus server
[2025-03-01T08:24:12.148Z] ❌ Error reading register 1000 for IP 10.30.4.91: no connection to modbus server
[2025-03-01T08:24:12.148Z] Error reading actual data: no connection to modbus server
[2025-03-01T08:24:12.149Z] Error writing to Modbus register: no connection to modbus server
[2025-03-01T08:24:12.149Z] Error reading register 3105 for IP 10.30.4.91: no connection to modbus server
[2025-03-01T08:24:12.150Z] Error reading actual data: no connection to modbus server
[2025-03-01T08:24:12.150Z] ❌ Error reading register 1000 for IP 10.30.4.91: no connection to modbus server
[2025-03-01T08:24:12.154Z] Error reading register 3105 for IP 10.30.4.91: no connection to modbus server
[2025-03-01T08:24:12.153Z] Error writing to Modbus register: no connection to modbus server
[2025-03-01T08:24:12.154Z] ❌ Error reading register 1000 for IP 10.30.4.91: no connection to modbus server
[2025-03-01T08:24:12.154Z] Error reading actual data: no connection to modbus server
[2025-03-01T08:24:12.164Z] Error writing to Modbus register: no connection to modbus server
[2025-03-01T08:24:12.165Z] Error reading register 3105 for IP 10.30.4.91: no connection to modbus server
[2025-03-01T08:24:12.165Z] ❌ Error reading register 1000 for IP 10.30.4.91: no connection to modbus server
[2025-03-01T08:24:12.165Z] Error reading actual data: no connection to modbus server
[2025-03-01T08:24:12.166Z] Error reading register 3105 for IP 10.30.4.91: no connection to modbus server
[2025-03-01T08:24:12.166Z] Error writing to Modbus register: no connection to modbus server
[2025-03-01T08:24:12.167Z] ❌ Error reading register 1000 for IP 10.30.4.91: no connection to modbus server
[2025-03-01T08:24:12.167Z] Error reading actual data: no connection to modbus server
[2025-03-01T08:24:12.167Z] Error writing to Modbus register: no connection to modbus server
[2025-03-01T08:24:12.168Z] Error reading register 3105 for IP 10.30.4.91: no connection to modbus server
[2025-03-01T08:24:12.168Z] Error reading actual data: no connection to modbus server
[2025-03-01T08:24:12.168Z] ❌ Error reading register 1000 for IP 10.30.4.91: no connection to modbus server
[2025-03-01T08:24:12.169Z] Error writing to Modbus register: no connection to modbus server
[2025-03-01T08:24:13.148Z] ❌ Error reading register 1000 for IP 10.30.4.91: no connection to modbus server
[2025-03-01T08:24:13.147Z] Error reading register 3105 for IP 10.30.4.91: no connection to modbus server
[2025-03-01T08:24:13.148Z] Error reading actual data: no connection to modbus server
[2025-03-01T08:24:13.148Z] Error writing to Modbus register: no connection to modbus server
[2025-03-01T08:24:13.149Z] Error reading register 3105 for IP 10.30.4.91: no connection to modbus server
[2025-03-01T08:24:13.149Z] Error reading actual data: no connection to modbus server
[2025-03-01T08:24:13.149Z] ❌ Error reading register 1000 for IP 10.30.4.91: no connection to modbus server
[2025-03-01T08:24:13.166Z] Error reading register 3105 for IP 10.30.4.91: no connection to modbus server
[2025-03-01T08:24:13.166Z] ❌ Error reading register 1000 for IP 10.30.4.91: no connection to modbus server
[2025-03-01T08:24:13.166Z] Error reading actual data: no connection to modbus server
[2025-03-01T08:24:13.165Z] Error writing to Modbus register: no connection to modbus server
[2025-03-01T08:24:13.167Z] Error writing to Modbus register: no connection to modbus server
[2025-03-01T08:24:13.167Z] Error reading register 3105 for IP 10.30.4.91: no connection to modbus server
[2025-03-01T08:24:13.167Z] ❌ Error reading register 1000 for IP 10.30.4.91: no connection to modbus server
[2025-03-01T08:24:13.167Z] Error reading actual data: no connection to modbus server
[2025-03-01T08:24:13.167Z] Error writing to Modbus register: no connection to modbus server
[2025-03-01T08:24:13.168Z] Error reading register 3105 for IP 10.30.4.91: no connection to modbus server
[2025-03-01T08:24:13.168Z] Error reading actual data: no connection to modbus server
[2025-03-01T08:24:13.168Z] ❌ Error reading register 1000 for IP 10.30.4.91: no connection to modbus server
[2025-03-01T08:24:13.168Z] Error writing to Modbus register: no connection to modbus server
[2025-03-01T08:24:13.169Z] Error reading register 3105 for IP 10.30.4.91: no connection to modbus server
[2025-03-01T08:24:13.169Z] ❌ Error reading register 1000 for IP 10.30.4.91: no connection to modbus server
[2025-03-01T08:24:13.169Z] Error reading actual data: no connection to modbus server
[2025-03-01T08:24:13.170Z] Error writing to Modbus register: no connection to modbus server
[2025-03-01T08:24:14.150Z] Error reading register 3105 for IP 10.30.4.91: no connection to modbus server
[2025-03-01T08:24:14.151Z] ❌ Error reading register 1000 for IP 10.30.4.91: no connection to modbus server
[2025-03-01T08:24:14.151Z] Error reading actual data: no connection to modbus server
[2025-03-01T08:24:14.152Z] Error writing to Modbus register: no connection to modbus server
[2025-03-01T08:24:14.154Z] Error reading register 3105 for IP 10.30.4.91: no connection to modbus server
[2025-03-01T08:24:14.154Z] ❌ Error reading register 1000 for IP 10.30.4.91: no connection to modbus server
[2025-03-01T08:24:14.154Z] Error reading actual data: no connection to modbus server
[2025-03-01T08:24:14.165Z] Error writing to Modbus register: no connection to modbus server
[2025-03-01T08:24:14.166Z] Error reading register 3105 for IP 10.30.4.91: no connection to modbus server
[2025-03-01T08:24:14.167Z] ❌ Error reading register 1000 for IP 10.30.4.91: no connection to modbus server
[2025-03-01T08:24:14.167Z] Error reading actual data: no connection to modbus server
[2025-03-01T08:24:14.168Z] Error writing to Modbus register: no connection to modbus server
[2025-03-01T08:24:14.169Z] Error reading register 3105 for IP 10.30.4.91: no connection to modbus server
[2025-03-01T08:24:14.169Z] ❌ Error reading register 1000 for IP 10.30.4.91: no connection to modbus server
[2025-03-01T08:24:14.169Z] Error reading actual data: no connection to modbus server
[2025-03-01T08:24:14.171Z] Error reading register 3105 for IP 10.30.4.91: no connection to modbus server
[2025-03-01T08:24:14.171Z] ❌ Error reading register 1000 for IP 10.30.4.91: no connection to modbus server
[2025-03-01T08:24:14.170Z] Error writing to Modbus register: no connection to modbus server
[2025-03-01T08:24:14.171Z] Error reading actual data: no connection to modbus server
[2025-03-01T08:24:14.172Z] Error writing to Modbus register: no connection to modbus server
[2025-03-01T08:24:14.172Z] Error reading register 3105 for IP 10.30.4.91: no connection to modbus server
[2025-03-01T08:24:14.172Z] ❌ Error reading register 1000 for IP 10.30.4.91: no connection to modbus server
[2025-03-01T08:24:14.172Z] Error reading actual data: no connection to modbus server
[2025-03-01T08:24:14.173Z] Error writing to Modbus register: no connection to modbus server
[2025-03-01T08:24:15.165Z] Error reading register 3105 for IP 10.30.4.91: no connection to modbus server
[2025-03-01T08:24:15.165Z] ❌ Error reading register 1000 for IP 10.30.4.91: no connection to modbus server
[2025-03-01T08:24:15.167Z] Error reading register 3105 for IP 10.30.4.91: no connection to modbus server
[2025-03-01T08:24:15.165Z] Error reading actual data: no connection to modbus server
[2025-03-01T08:24:15.166Z] Error writing to Modbus register: no connection to modbus server
[2025-03-01T08:24:15.167Z] ❌ Error reading register 1000 for IP 10.30.4.91: no connection to modbus server
[2025-03-01T08:24:15.168Z] Error reading actual data: no connection to modbus server
[2025-03-01T08:24:15.168Z] Error writing to Modbus register: no connection to modbus server
[2025-03-01T08:24:15.169Z] Error reading register 3105 for IP 10.30.4.91: no connection to modbus server
[2025-03-01T08:24:15.169Z] ❌ Error reading register 1000 for IP 10.30.4.91: no connection to modbus server
[2025-03-01T08:24:15.169Z] Error reading actual data: no connection to modbus server
[2025-03-01T08:24:15.170Z] Error writing to Modbus register: no connection to modbus server
[2025-03-01T08:24:15.170Z] Error reading register 3105 for IP 10.30.4.91: no connection to modbus server
[2025-03-01T08:24:15.170Z] Error reading actual data: no connection to modbus server
[2025-03-01T08:24:15.170Z] ❌ Error reading register 1000 for IP 10.30.4.91: no connection to modbus server
[2025-03-01T08:24:15.170Z] Error writing to Modbus register: no connection to modbus server
[2025-03-01T08:24:15.171Z] Error reading register 3105 for IP 10.30.4.91: no connection to modbus server
[2025-03-01T08:24:15.171Z] ❌ Error reading register 1000 for IP 10.30.4.91: no connection to modbus server
[2025-03-01T08:24:15.171Z] Error reading actual data: no connection to modbus server
[2025-03-01T08:24:15.172Z] Error writing to Modbus register: no connection to modbus server
[2025-03-01T08:24:15.173Z] Error reading register 3105 for IP 10.30.4.91: no connection to modbus server
[2025-03-01T08:24:15.173Z] ❌ Error reading register 1000 for IP 10.30.4.91: no connection to modbus server
[2025-03-01T08:24:15.173Z] Error reading actual data: no connection to modbus server
[2025-03-01T08:24:15.173Z] Error writing to Modbus register: no connection to modbus server
[2025-03-01T08:24:16.179Z] Error reading register 3105 for IP 10.30.4.91: no connection to modbus server
[2025-03-01T08:24:16.179Z] ❌ Error reading register 1000 for IP 10.30.4.91: no connection to modbus server
[2025-03-01T08:24:16.179Z] Error reading actual data: no connection to modbus server
[2025-03-01T08:24:16.180Z] Error writing to Modbus register: no connection to modbus server
[2025-03-01T08:24:16.180Z] Error reading register 3105 for IP 10.30.4.91: no connection to modbus server
[2025-03-01T08:24:16.180Z] ❌ Error reading register 1000 for IP 10.30.4.91: no connection to modbus server
[2025-03-01T08:24:16.180Z] Error reading actual data: no connection to modbus server
[2025-03-01T08:24:16.181Z] Error writing to Modbus register: no connection to modbus server
[2025-03-01T08:24:16.181Z] Error reading register 3105 for IP 10.30.4.91: no connection to modbus server
[2025-03-01T08:24:16.181Z] ❌ Error reading register 1000 for IP 10.30.4.91: no connection to modbus server
[2025-03-01T08:24:16.182Z] Error reading actual data: no connection to modbus server
[2025-03-01T08:24:16.182Z] Error writing to Modbus register: no connection to modbus server
[2025-03-01T08:24:16.182Z] Error reading register 3105 for IP 10.30.4.91: no connection to modbus server
[2025-03-01T08:24:16.183Z] ❌ Error reading register 1000 for IP 10.30.4.91: no connection to modbus server
[2025-03-01T08:24:16.183Z] Error reading actual data: no connection to modbus server
[2025-03-01T08:24:16.183Z] Error writing to Modbus register: no connection to modbus server
[2025-03-01T08:24:16.184Z] Error reading register 3105 for IP 10.30.4.91: no connection to modbus server
[2025-03-01T08:24:16.184Z] ❌ Error reading register 1000 for IP 10.30.4.91: no connection to modbus server
[2025-03-01T08:24:16.184Z] Error reading actual data: no connection to modbus server
[2025-03-01T08:24:16.184Z] Error writing to Modbus register: no connection to modbus server
[2025-03-01T08:24:16.185Z] Error reading register 3105 for IP 10.30.4.91: no connection to modbus server
[2025-03-01T08:24:16.185Z] ❌ Error reading register 1000 for IP 10.30.4.91: no connection to modbus server
[2025-03-01T08:24:16.185Z] Error reading actual data: no connection to modbus server
[2025-03-01T08:24:16.185Z] Error writing to Modbus register: no connection to modbus server
[2025-03-01T08:24:17.182Z] Error reading register 3105 for IP 10.30.4.91: no connection to modbus server
[2025-03-01T08:24:17.182Z] ❌ Error reading register 1000 for IP 10.30.4.91: no connection to modbus server
[2025-03-01T08:24:17.182Z] Error reading actual data: no connection to modbus server
[2025-03-01T08:24:17.183Z] Error writing to Modbus register: no connection to modbus server
[2025-03-01T08:24:17.184Z] Error reading register 3105 for IP 10.30.4.91: no connection to modbus server
[2025-03-01T08:24:17.184Z] ❌ Error reading register 1000 for IP 10.30.4.91: no connection to modbus server
[2025-03-01T08:24:17.184Z] Error reading actual data: no connection to modbus server
[2025-03-01T08:24:17.185Z] Error writing to Modbus register: no connection to modbus server
[2025-03-01T08:24:17.185Z] Error reading register 3105 for IP 10.30.4.91: no connection to modbus server
[2025-03-01T08:24:17.186Z] ❌ Error reading register 1000 for IP 10.30.4.91: no connection to modbus server
[2025-03-01T08:24:17.186Z] Error reading actual data: no connection to modbus server
[2025-03-01T08:24:17.187Z] Error writing to Modbus register: no connection to modbus server
[2025-03-01T08:24:17.187Z] Error reading register 3105 for IP 10.30.4.91: no connection to modbus server
[2025-03-01T08:24:17.188Z] Error writing to Modbus register: no connection to modbus server
[2025-03-01T08:24:17.188Z] ❌ Error reading register 1000 for IP 10.30.4.91: no connection to modbus server
[2025-03-01T08:24:17.189Z] ❌ Error reading register 1000 for IP 10.30.4.91: no connection to modbus server
[2025-03-01T08:24:17.189Z] Error reading register 3105 for IP 10.30.4.91: no connection to modbus server
[2025-03-01T08:24:17.189Z] Error writing to Modbus register: no connection to modbus server
[2025-03-01T08:24:17.188Z] Error reading actual data: no connection to modbus server
[2025-03-01T08:24:17.190Z] Error reading register 3105 for IP 10.30.4.91: no connection to modbus server
[2025-03-01T08:24:17.190Z] ❌ Error reading register 1000 for IP 10.30.4.91: no connection to modbus server
[2025-03-01T08:24:17.189Z] Error reading actual data: no connection to modbus server
[2025-03-01T08:24:17.190Z] Error reading actual data: no connection to modbus server
[2025-03-01T08:24:17.190Z] Error writing to Modbus register: no connection to modbus server
[2025-03-01T08:24:18.198Z] Error reading register 3105 for IP 10.30.4.91: no connection to modbus server
[2025-03-01T08:24:18.198Z] ❌ Error reading register 1000 for IP 10.30.4.91: no connection to modbus server
[2025-03-01T08:24:18.199Z] Error reading actual data: no connection to modbus server
[2025-03-01T08:24:18.199Z] Error writing to Modbus register: no connection to modbus server
[2025-03-01T08:24:18.200Z] Error reading register 3105 for IP 10.30.4.91: no connection to modbus server
[2025-03-01T08:24:18.201Z] ❌ Error reading register 1000 for IP 10.30.4.91: no connection to modbus server
[2025-03-01T08:24:18.201Z] Error reading actual data: no connection to modbus server
[2025-03-01T08:24:18.202Z] Error writing to Modbus register: no connection to modbus server
[2025-03-01T08:24:18.202Z] Error reading register 3105 for IP 10.30.4.91: no connection to modbus server
[2025-03-01T08:24:18.203Z] ❌ Error reading register 1000 for IP 10.30.4.91: no connection to modbus server
[2025-03-01T08:24:18.203Z] Error reading actual data: no connection to modbus server
[2025-03-01T08:24:18.203Z] Error writing to Modbus register: no connection to modbus server
[2025-03-01T08:24:18.204Z] Error reading register 3105 for IP 10.30.4.91: no connection to modbus server
[2025-03-01T08:24:18.204Z] ❌ Error reading register 1000 for IP 10.30.4.91: no connection to modbus server
[2025-03-01T08:24:18.204Z] Error reading actual data: no connection to modbus server
[2025-03-01T08:24:18.205Z] Error writing to Modbus register: no connection to modbus server
[2025-03-01T08:24:18.205Z] Error reading register 3105 for IP 10.30.4.91: no connection to modbus server
[2025-03-01T08:24:18.205Z] ❌ Error reading register 1000 for IP 10.30.4.91: no connection to modbus server
[2025-03-01T08:24:18.205Z] Error reading actual data: no connection to modbus server
[2025-03-01T08:24:18.206Z] Error writing to Modbus register: no connection to modbus server
[2025-03-01T08:24:18.206Z] Error reading register 3105 for IP 10.30.4.91: no connection to modbus server
[2025-03-01T08:24:18.206Z] ❌ Error reading register 1000 for IP 10.30.4.91: no connection to modbus server
[2025-03-01T08:24:18.206Z] Error reading actual data: no connection to modbus server
[2025-03-01T08:24:18.206Z] Error writing to Modbus register: no connection to modbus server
[2025-03-01T08:24:19.200Z] Error reading register 3105 for IP 10.30.4.91: no connection to modbus server
[2025-03-01T08:24:19.200Z] ❌ Error reading register 1000 for IP 10.30.4.91: no connection to modbus server
[2025-03-01T08:24:19.201Z] Error reading actual data: no connection to modbus server
[2025-03-01T08:24:19.201Z] Error writing to Modbus register: no connection to modbus server
[2025-03-01T08:24:19.202Z] Error reading register 3105 for IP 10.30.4.91: no connection to modbus server
[2025-03-01T08:24:19.203Z] ❌ Error reading register 1000 for IP 10.30.4.91: no connection to modbus server
[2025-03-01T08:24:19.203Z] Error reading actual data: no connection to modbus server
[2025-03-01T08:24:19.203Z] Error writing to Modbus register: no connection to modbus server
[2025-03-01T08:24:19.204Z] Error reading register 3105 for IP 10.30.4.91: no connection to modbus server
[2025-03-01T08:24:19.204Z] ❌ Error reading register 1000 for IP 10.30.4.91: no connection to modbus server
[2025-03-01T08:24:19.204Z] Error reading actual data: no connection to modbus server
[2025-03-01T08:24:19.205Z] Error writing to Modbus register: no connection to modbus server
[2025-03-01T08:24:19.206Z] Error reading actual data: no connection to modbus server
[2025-03-01T08:24:19.206Z] Error reading register 3105 for IP 10.30.4.91: no connection to modbus server
[2025-03-01T08:24:19.207Z] Error writing to Modbus register: no connection to modbus server
[2025-03-01T08:24:19.206Z] ❌ Error reading register 1000 for IP 10.30.4.91: no connection to modbus server
[2025-03-01T08:24:19.207Z] Error reading register 3105 for IP 10.30.4.91: no connection to modbus server
[2025-03-01T08:24:19.207Z] ❌ Error reading register 1000 for IP 10.30.4.91: no connection to modbus server
[2025-03-01T08:24:19.208Z] Error reading actual data: no connection to modbus server
[2025-03-01T08:24:19.208Z] Error writing to Modbus register: no connection to modbus server
[2025-03-01T08:24:19.209Z] Error reading register 3105 for IP 10.30.4.91: no connection to modbus server
[2025-03-01T08:24:19.210Z] Error writing to Modbus register: no connection to modbus server
[2025-03-01T08:24:19.209Z] ❌ Error reading register 1000 for IP 10.30.4.91: no connection to modbus server
[2025-03-01T08:24:19.210Z] Error reading actual data: no connection to modbus server
[2025-03-01T08:24:20.215Z] Error reading register 3105 for IP 10.30.4.91: no connection to modbus server
[2025-03-01T08:24:20.215Z] ❌ Error reading register 1000 for IP 10.30.4.91: no connection to modbus server
[2025-03-01T08:24:20.215Z] Error reading actual data: no connection to modbus server
[2025-03-01T08:24:20.215Z] Error writing to Modbus register: no connection to modbus server
[2025-03-01T08:24:20.216Z] Error reading register 3105 for IP 10.30.4.91: no connection to modbus server
[2025-03-01T08:24:20.216Z] ❌ Error reading register 1000 for IP 10.30.4.91: no connection to modbus server
[2025-03-01T08:24:20.216Z] Error reading actual data: no connection to modbus server
[2025-03-01T08:24:20.216Z] Error writing to Modbus register: no connection to modbus server
[2025-03-01T08:24:20.217Z] Error reading register 3105 for IP 10.30.4.91: no connection to modbus server
[2025-03-01T08:24:20.217Z] ❌ Error reading register 1000 for IP 10.30.4.91: no connection to modbus server
[2025-03-01T08:24:20.217Z] Error reading actual data: no connection to modbus server
[2025-03-01T08:24:20.217Z] Error writing to Modbus register: no connection to modbus server
[2025-03-01T08:24:20.219Z] Error reading register 3105 for IP 10.30.4.91: no connection to modbus server
[2025-03-01T08:24:20.219Z] ❌ Error reading register 1000 for IP 10.30.4.91: no connection to modbus server
[2025-03-01T08:24:20.219Z] Error reading actual data: no connection to modbus server
[2025-03-01T08:24:20.219Z] Error writing to Modbus register: no connection to modbus server
[2025-03-01T08:24:20.219Z] Error reading register 3105 for IP 10.30.4.91: no connection to modbus server
[2025-03-01T08:24:20.220Z] ❌ Error reading register 1000 for IP 10.30.4.91: no connection to modbus server
[2025-03-01T08:24:20.220Z] Error reading actual data: no connection to modbus server
[2025-03-01T08:24:20.220Z] Error writing to Modbus register: no connection to modbus server
[2025-03-01T08:24:20.220Z] Error reading register 3105 for IP 10.30.4.91: no connection to modbus server
[2025-03-01T08:24:20.220Z] ❌ Error reading register 1000 for IP 10.30.4.91: no connection to modbus server
[2025-03-01T08:24:20.220Z] Error reading actual data: no connection to modbus server
[2025-03-01T08:24:20.221Z] Error writing to Modbus register: no connection to modbus server
[2025-03-01T08:24:21.215Z] Error reading register 3105 for IP 10.30.4.91: no connection to modbus server
[2025-03-01T08:24:21.216Z] ❌ Error reading register 1000 for IP 10.30.4.91: no connection to modbus server
[2025-03-01T08:24:21.216Z] Error reading actual data: no connection to modbus server
[2025-03-01T08:24:21.218Z] Error reading register 3105 for IP 10.30.4.91: no connection to modbus server
[2025-03-01T08:24:21.217Z] Error writing to Modbus register: no connection to modbus server
[2025-03-01T08:24:21.219Z] Error reading actual data: no connection to modbus server
[2025-03-01T08:24:21.219Z] ❌ Error reading register 1000 for IP 10.30.4.91: no connection to modbus server
[2025-03-01T08:24:21.220Z] Error writing to Modbus register: no connection to modbus server
[2025-03-01T08:24:21.220Z] Error reading register 3105 for IP 10.30.4.91: no connection to modbus server
[2025-03-01T08:24:21.220Z] ❌ Error reading register 1000 for IP 10.30.4.91: no connection to modbus server
[2025-03-01T08:24:21.221Z] Error reading actual data: no connection to modbus server
[2025-03-01T08:24:21.222Z] Error writing to Modbus register: no connection to modbus server
[2025-03-01T08:24:21.222Z] Error reading register 3105 for IP 10.30.4.91: no connection to modbus server
[2025-03-01T08:24:21.222Z] ❌ Error reading register 1000 for IP 10.30.4.91: no connection to modbus server
[2025-03-01T08:24:21.224Z] Error reading register 3105 for IP 10.30.4.91: no connection to modbus server
[2025-03-01T08:24:21.223Z] Error writing to Modbus register: no connection to modbus server
[2025-03-01T08:24:21.223Z] Error reading actual data: no connection to modbus server
[2025-03-01T08:24:21.224Z] ❌ Error reading register 1000 for IP 10.30.4.91: no connection to modbus server
[2025-03-01T08:24:21.224Z] Error reading actual data: no connection to modbus server
[2025-03-01T08:24:21.225Z] Error reading register 3105 for IP 10.30.4.91: no connection to modbus server
[2025-03-01T08:24:21.225Z] ❌ Error reading register 1000 for IP 10.30.4.91: no connection to modbus server
[2025-03-01T08:24:21.224Z] Error writing to Modbus register: no connection to modbus server
[2025-03-01T08:24:21.225Z] Error reading actual data: no connection to modbus server
[2025-03-01T08:24:21.225Z] Error writing to Modbus register: no connection to modbus server
[2025-03-01T08:24:22.214Z] Error reading register 3105 for IP 10.30.4.91: no connection to modbus server
[2025-03-01T08:24:22.215Z] ❌ Error reading register 1000 for IP 10.30.4.91: no connection to modbus server
[2025-03-01T08:24:22.215Z] Error reading actual data: no connection to modbus server
[2025-03-01T08:24:22.231Z] Error writing to Modbus register: no connection to modbus server
[2025-03-01T08:24:22.232Z] Error reading register 3105 for IP 10.30.4.91: no connection to modbus server
[2025-03-01T08:24:22.232Z] ❌ Error reading register 1000 for IP 10.30.4.91: no connection to modbus server
[2025-03-01T08:24:22.233Z] Error reading actual data: no connection to modbus server
[2025-03-01T08:24:22.234Z] Error reading register 3105 for IP 10.30.4.91: no connection to modbus server
[2025-03-01T08:24:22.233Z] Error writing to Modbus register: no connection to modbus server
[2025-03-01T08:24:22.234Z] ❌ Error reading register 1000 for IP 10.30.4.91: no connection to modbus server
[2025-03-01T08:24:22.235Z] Error reading actual data: no connection to modbus server
[2025-03-01T08:24:22.235Z] Error writing to Modbus register: no connection to modbus server
[2025-03-01T08:24:22.236Z] Error reading register 3105 for IP 10.30.4.91: no connection to modbus server
[2025-03-01T08:24:22.236Z] ❌ Error reading register 1000 for IP 10.30.4.91: no connection to modbus server
[2025-03-01T08:24:22.236Z] Error reading actual data: no connection to modbus server
[2025-03-01T08:24:22.237Z] Error writing to Modbus register: no connection to modbus server
[2025-03-01T08:24:22.237Z] Error reading register 3105 for IP 10.30.4.91: no connection to modbus server
[2025-03-01T08:24:22.237Z] ❌ Error reading register 1000 for IP 10.30.4.91: no connection to modbus server
[2025-03-01T08:24:22.237Z] Error reading actual data: no connection to modbus server
[2025-03-01T08:24:22.237Z] Error writing to Modbus register: no connection to modbus server
[2025-03-01T08:24:22.238Z] Error reading register 3105 for IP 10.30.4.91: no connection to modbus server
[2025-03-01T08:24:22.238Z] ❌ Error reading register 1000 for IP 10.30.4.91: no connection to modbus server
[2025-03-01T08:24:22.238Z] Error reading actual data: no connection to modbus server
[2025-03-01T08:24:22.238Z] Error writing to Modbus register: no connection to modbus server
[2025-03-01T08:24:23.215Z] Error reading register 3105 for IP 10.30.4.91: no connection to modbus server
[2025-03-01T08:24:23.215Z] ❌ Error reading register 1000 for IP 10.30.4.91: no connection to modbus server
[2025-03-01T08:24:23.215Z] Error reading actual data: no connection to modbus server
[2025-03-01T08:24:23.231Z] Error writing to Modbus register: no connection to modbus server
[2025-03-01T08:24:23.233Z] Error reading register 3105 for IP 10.30.4.91: no connection to modbus server
[2025-03-01T08:24:23.233Z] ❌ Error reading register 1000 for IP 10.30.4.91: no connection to modbus server
[2025-03-01T08:24:23.234Z] Error reading actual data: no connection to modbus server
[2025-03-01T08:24:23.235Z] Error writing to Modbus register: no connection to modbus server
[2025-03-01T08:24:23.236Z] ❌ Error reading register 1000 for IP 10.30.4.91: no connection to modbus server
[2025-03-01T08:24:23.236Z] Error reading register 3105 for IP 10.30.4.91: no connection to modbus server
[2025-03-01T08:24:23.236Z] Error reading actual data: no connection to modbus server
[2025-03-01T08:24:23.237Z] Error writing to Modbus register: no connection to modbus server
[2025-03-01T08:24:23.238Z] Error reading register 3105 for IP 10.30.4.91: no connection to modbus server
[2025-03-01T08:24:23.238Z] ❌ Error reading register 1000 for IP 10.30.4.91: no connection to modbus server
[2025-03-01T08:24:23.238Z] Error reading actual data: no connection to modbus server
[2025-03-01T08:24:23.239Z] Error reading register 3105 for IP 10.30.4.91: no connection to modbus server
[2025-03-01T08:24:23.239Z] Error writing to Modbus register: no connection to modbus server
[2025-03-01T08:24:23.240Z] ❌ Error reading register 1000 for IP 10.30.4.91: no connection to modbus server
[2025-03-01T08:24:23.240Z] Error reading actual data: no connection to modbus server
[2025-03-01T08:24:23.240Z] Error writing to Modbus register: no connection to modbus server
[2025-03-01T08:24:23.241Z] Error reading register 3105 for IP 10.30.4.91: no connection to modbus server
[2025-03-01T08:24:23.241Z] Error reading actual data: no connection to modbus server
[2025-03-01T08:24:23.241Z] ❌ Error reading register 1000 for IP 10.30.4.91: no connection to modbus server
[2025-03-01T08:24:23.241Z] Error writing to Modbus register: no connection to modbus server
[2025-03-01T08:24:24.216Z] Error reading register 3105 for IP 10.30.4.91: no connection to modbus server
[2025-03-01T08:24:24.217Z] ❌ Error reading register 1000 for IP 10.30.4.91: no connection to modbus server
[2025-03-01T08:24:24.217Z] Error reading actual data: no connection to modbus server
[2025-03-01T08:24:24.231Z] Error writing to Modbus register: no connection to modbus server
[2025-03-01T08:24:24.232Z] Error reading register 3105 for IP 10.30.4.91: no connection to modbus server
[2025-03-01T08:24:24.232Z] ❌ Error reading register 1000 for IP 10.30.4.91: no connection to modbus server
[2025-03-01T08:24:24.232Z] Error reading actual data: no connection to modbus server
[2025-03-01T08:24:24.249Z] ❌ Error reading register 1000 for IP 10.30.4.91: no connection to modbus server
[2025-03-01T08:24:24.249Z] Error reading register 3105 for IP 10.30.4.91: no connection to modbus server
[2025-03-01T08:24:24.250Z] Error writing to Modbus register: no connection to modbus server
[2025-03-01T08:24:24.250Z] Error reading actual data: no connection to modbus server
[2025-03-01T08:24:24.251Z] Error reading register 3105 for IP 10.30.4.91: no connection to modbus server
[2025-03-01T08:24:24.251Z] ❌ Error reading register 1000 for IP 10.30.4.91: no connection to modbus server
[2025-03-01T08:24:24.252Z] Error reading actual data: no connection to modbus server
[2025-03-01T08:24:24.248Z] Error writing to Modbus register: no connection to modbus server
[2025-03-01T08:24:24.252Z] Error writing to Modbus register: no connection to modbus server
[2025-03-01T08:24:24.253Z] Error reading register 3105 for IP 10.30.4.91: no connection to modbus server
[2025-03-01T08:24:24.253Z] ❌ Error reading register 1000 for IP 10.30.4.91: no connection to modbus server
[2025-03-01T08:24:24.253Z] Error reading actual data: no connection to modbus server
[2025-03-01T08:24:24.254Z] Error writing to Modbus register: no connection to modbus server
[2025-03-01T08:24:24.255Z] Error reading register 3105 for IP 10.30.4.91: no connection to modbus server
[2025-03-01T08:24:24.255Z] ❌ Error reading register 1000 for IP 10.30.4.91: no connection to modbus server
[2025-03-01T08:24:24.255Z] Error reading actual data: no connection to modbus server
[2025-03-01T08:24:24.255Z] Error writing to Modbus register: no connection to modbus server
[2025-03-01T08:24:25.214Z] Error reading register 3105 for IP 10.30.4.91: no connection to modbus server
[2025-03-01T08:24:25.215Z] ❌ Error reading register 1000 for IP 10.30.4.91: no connection to modbus server
[2025-03-01T08:24:25.215Z] Error reading actual data: no connection to modbus server
[2025-03-01T08:24:25.233Z] Error writing to Modbus register: no connection to modbus server
[2025-03-01T08:24:25.234Z] Error reading register 3105 for IP 10.30.4.91: no connection to modbus server
[2025-03-01T08:24:25.234Z] ❌ Error reading register 1000 for IP 10.30.4.91: no connection to modbus server
[2025-03-01T08:24:25.235Z] Error reading actual data: no connection to modbus server
[2025-03-01T08:24:25.249Z] Error writing to Modbus register: no connection to modbus server
[2025-03-01T08:24:25.250Z] Error reading register 3105 for IP 10.30.4.91: no connection to modbus server
[2025-03-01T08:24:25.251Z] ❌ Error reading register 1000 for IP 10.30.4.91: no connection to modbus server
[2025-03-01T08:24:25.251Z] Error reading actual data: no connection to modbus server
[2025-03-01T08:24:25.252Z] Error writing to Modbus register: no connection to modbus server
[2025-03-01T08:24:25.253Z] Error reading register 3105 for IP 10.30.4.91: no connection to modbus server
[2025-03-01T08:24:25.253Z] ❌ Error reading register 1000 for IP 10.30.4.91: no connection to modbus server
[2025-03-01T08:24:25.253Z] Error reading actual data: no connection to modbus server
[2025-03-01T08:24:25.254Z] Error writing to Modbus register: no connection to modbus server
[2025-03-01T08:24:25.255Z] Error reading register 3105 for IP 10.30.4.91: no connection to modbus server
[2025-03-01T08:24:25.255Z] ❌ Error reading register 1000 for IP 10.30.4.91: no connection to modbus server
[2025-03-01T08:24:25.255Z] Error writing to Modbus register: no connection to modbus server
[2025-03-01T08:24:25.256Z] Error reading register 3105 for IP 10.30.4.91: no connection to modbus server
[2025-03-01T08:24:25.255Z] Error reading actual data: no connection to modbus server
[2025-03-01T08:24:25.256Z] ❌ Error reading register 1000 for IP 10.30.4.91: no connection to modbus server
[2025-03-01T08:24:25.256Z] Error reading actual data: no connection to modbus server
[2025-03-01T08:24:25.257Z] Error writing to Modbus register: no connection to modbus server
[2025-03-01T08:24:26.217Z] Error reading register 3105 for IP 10.30.4.91: no connection to modbus server
[2025-03-01T08:24:26.218Z] ❌ Error reading register 1000 for IP 10.30.4.91: no connection to modbus server
[2025-03-01T08:24:26.218Z] Error reading actual data: no connection to modbus server
[2025-03-01T08:24:26.248Z] Error writing to Modbus register: no connection to modbus server
[2025-03-01T08:24:26.248Z] Error reading register 3105 for IP 10.30.4.91: no connection to modbus server
[2025-03-01T08:24:26.248Z] ❌ Error reading register 1000 for IP 10.30.4.91: no connection to modbus server
[2025-03-01T08:24:26.249Z] Error reading actual data: no connection to modbus server
[2025-03-01T08:24:26.249Z] Error writing to Modbus register: no connection to modbus server
[2025-03-01T08:24:26.250Z] Error reading register 3105 for IP 10.30.4.91: no connection to modbus server
[2025-03-01T08:24:26.250Z] ❌ Error reading register 1000 for IP 10.30.4.91: no connection to modbus server
[2025-03-01T08:24:26.250Z] Error reading actual data: no connection to modbus server
[2025-03-01T08:24:26.251Z] Error writing to Modbus register: no connection to modbus server
[2025-03-01T08:24:26.252Z] Error reading register 3105 for IP 10.30.4.91: no connection to modbus server
[2025-03-01T08:24:26.252Z] ❌ Error reading register 1000 for IP 10.30.4.91: no connection to modbus server
[2025-03-01T08:24:26.252Z] Error reading actual data: no connection to modbus server
[2025-03-01T08:24:26.264Z] Error writing to Modbus register: no connection to modbus server
[2025-03-01T08:24:26.265Z] Error reading register 3105 for IP 10.30.4.91: no connection to modbus server
[2025-03-01T08:24:26.266Z] ❌ Error reading register 1000 for IP 10.30.4.91: no connection to modbus server
[2025-03-01T08:24:26.266Z] Error reading actual data: no connection to modbus server
[2025-03-01T08:24:26.267Z] Error reading register 3105 for IP 10.30.4.91: no connection to modbus server
[2025-03-01T08:24:26.266Z] Error writing to Modbus register: no connection to modbus server
[2025-03-01T08:24:26.267Z] ❌ Error reading register 1000 for IP 10.30.4.91: no connection to modbus server
[2025-03-01T08:24:26.268Z] Error reading actual data: no connection to modbus server
[2025-03-01T08:24:26.268Z] Error writing to Modbus register: no connection to modbus server
[2025-03-01T08:24:27.227Z] Error reading register 3105 for IP 10.30.4.91: no connection to modbus server
[2025-03-01T08:24:27.227Z] ❌ Error reading register 1000 for IP 10.30.4.91: no connection to modbus server
[2025-03-01T08:24:27.227Z] Error reading actual data: no connection to modbus server
[2025-03-01T08:24:27.249Z] Error writing to Modbus register: no connection to modbus server
[2025-03-01T08:24:27.249Z] Error reading register 3105 for IP 10.30.4.91: no connection to modbus server
[2025-03-01T08:24:27.249Z] Error reading actual data: no connection to modbus server
[2025-03-01T08:24:27.249Z] ❌ Error reading register 1000 for IP 10.30.4.91: no connection to modbus server
[2025-03-01T08:24:27.250Z] Error writing to Modbus register: no connection to modbus server
[2025-03-01T08:24:27.251Z] Error reading register 3105 for IP 10.30.4.91: no connection to modbus server
[2025-03-01T08:24:27.251Z] ❌ Error reading register 1000 for IP 10.30.4.91: no connection to modbus server
[2025-03-01T08:24:27.251Z] Error reading actual data: no connection to modbus server
[2025-03-01T08:24:27.251Z] Error writing to Modbus register: no connection to modbus server
[2025-03-01T08:24:27.252Z] Error reading register 3105 for IP 10.30.4.91: no connection to modbus server
[2025-03-01T08:24:27.252Z] ❌ Error reading register 1000 for IP 10.30.4.91: no connection to modbus server
[2025-03-01T08:24:27.252Z] Error reading actual data: no connection to modbus server
[2025-03-01T08:24:27.281Z] Error writing to Modbus register: no connection to modbus server
[2025-03-01T08:24:27.282Z] Error reading register 3105 for IP 10.30.4.91: no connection to modbus server
[2025-03-01T08:24:27.282Z] ❌ Error reading register 1000 for IP 10.30.4.91: no connection to modbus server
[2025-03-01T08:24:27.282Z] Error reading actual data: no connection to modbus server
[2025-03-01T08:24:27.282Z] Error writing to Modbus register: no connection to modbus server
[2025-03-01T08:24:27.283Z] Error reading register 3105 for IP 10.30.4.91: no connection to modbus server
[2025-03-01T08:24:27.283Z] ❌ Error reading register 1000 for IP 10.30.4.91: no connection to modbus server
[2025-03-01T08:24:27.283Z] Error writing to Modbus register: no connection to modbus server
[2025-03-01T08:24:27.283Z] Error reading actual data: no connection to modbus server
[2025-03-01T08:24:28.233Z] Error reading register 3105 for IP 10.30.4.91: no connection to modbus server
[2025-03-01T08:24:28.233Z] ❌ Error reading register 1000 for IP 10.30.4.91: no connection to modbus server
[2025-03-01T08:24:28.234Z] Error reading actual data: no connection to modbus server
[2025-03-01T08:24:28.249Z] Error writing to Modbus register: no connection to modbus server
[2025-03-01T08:24:28.251Z] Error reading register 3105 for IP 10.30.4.91: no connection to modbus server
[2025-03-01T08:24:28.251Z] ❌ Error reading register 1000 for IP 10.30.4.91: no connection to modbus server
[2025-03-01T08:24:28.252Z] Error reading actual data: no connection to modbus server
[2025-03-01T08:24:28.253Z] Error writing to Modbus register: no connection to modbus server
[2025-03-01T08:24:28.254Z] Error reading register 3105 for IP 10.30.4.91: no connection to modbus server
[2025-03-01T08:24:28.254Z] ❌ Error reading register 1000 for IP 10.30.4.91: no connection to modbus server
[2025-03-01T08:24:28.255Z] Error reading actual data: no connection to modbus server
[2025-03-01T08:24:28.256Z] Error writing to Modbus register: no connection to modbus server
[2025-03-01T08:24:28.257Z] Error reading register 3105 for IP 10.30.4.91: no connection to modbus server
[2025-03-01T08:24:28.257Z] ❌ Error reading register 1000 for IP 10.30.4.91: no connection to modbus server
[2025-03-01T08:24:28.257Z] Error reading actual data: no connection to modbus server
[2025-03-01T08:24:28.282Z] Error writing to Modbus register: no connection to modbus server
[2025-03-01T08:24:28.284Z] Error reading register 3105 for IP 10.30.4.91: no connection to modbus server
[2025-03-01T08:24:28.285Z] ❌ Error reading register 1000 for IP 10.30.4.91: no connection to modbus server
[2025-03-01T08:24:28.285Z] Error reading actual data: no connection to modbus server
[2025-03-01T08:24:28.286Z] Error writing to Modbus register: no connection to modbus server
[2025-03-01T08:24:28.287Z] Error reading register 3105 for IP 10.30.4.91: no connection to modbus server
[2025-03-01T08:24:28.287Z] ❌ Error reading register 1000 for IP 10.30.4.91: no connection to modbus server
[2025-03-01T08:24:28.287Z] Error reading actual data: no connection to modbus server
[2025-03-01T08:24:28.288Z] Error writing to Modbus register: no connection to modbus server
[2025-03-01T08:24:29.232Z] Error reading register 3105 for IP 10.30.4.91: no connection to modbus server
[2025-03-01T08:24:29.233Z] ❌ Error reading register 1000 for IP 10.30.4.91: no connection to modbus server
[2025-03-01T08:24:29.233Z] Error reading actual data: no connection to modbus server
[2025-03-01T08:24:29.264Z] Error writing to Modbus register: no connection to modbus server
[2025-03-01T08:24:29.265Z] Error reading register 3105 for IP 10.30.4.91: no connection to modbus server
[2025-03-01T08:24:29.265Z] ❌ Error reading register 1000 for IP 10.30.4.91: no connection to modbus server
[2025-03-01T08:24:29.265Z] Error reading actual data: no connection to modbus server
[2025-03-01T08:24:29.266Z] ❌ Error reading register 1000 for IP 10.30.4.91: no connection to modbus server
[2025-03-01T08:24:29.265Z] Error writing to Modbus register: no connection to modbus server
[2025-03-01T08:24:29.266Z] Error writing to Modbus register: no connection to modbus server
[2025-03-01T08:24:29.266Z] Error reading actual data: no connection to modbus server
[2025-03-01T08:24:29.267Z] ❌ Error reading register 1000 for IP 10.30.4.91: no connection to modbus server
[2025-03-01T08:24:29.267Z] Error reading actual data: no connection to modbus server
[2025-03-01T08:24:29.267Z] Error reading register 3105 for IP 10.30.4.91: no connection to modbus server
[2025-03-01T08:24:29.266Z] Error reading register 3105 for IP 10.30.4.91: no connection to modbus server
[2025-03-01T08:24:29.281Z] Error writing to Modbus register: no connection to modbus server
[2025-03-01T08:24:29.282Z] Error reading register 3105 for IP 10.30.4.91: no connection to modbus server
[2025-03-01T08:24:29.282Z] ❌ Error reading register 1000 for IP 10.30.4.91: no connection to modbus server
[2025-03-01T08:24:29.283Z] Error reading actual data: no connection to modbus server
[2025-03-01T08:24:29.298Z] Error writing to Modbus register: no connection to modbus server
[2025-03-01T08:24:29.299Z] ❌ Error reading register 1000 for IP 10.30.4.91: no connection to modbus server
[2025-03-01T08:24:29.299Z] Error reading register 3105 for IP 10.30.4.91: no connection to modbus server
[2025-03-01T08:24:29.299Z] Error reading actual data: no connection to modbus server
[2025-03-01T08:24:29.300Z] Error writing to Modbus register: no connection to modbus server
[2025-03-01T08:24:30.233Z] Error reading register 3105 for IP 10.30.4.91: no connection to modbus server
[2025-03-01T08:24:30.234Z] ❌ Error reading register 1000 for IP 10.30.4.91: no connection to modbus server
[2025-03-01T08:24:30.234Z] Error reading actual data: no connection to modbus server
[2025-03-01T08:24:30.265Z] Error writing to Modbus register: no connection to modbus server
[2025-03-01T08:24:30.266Z] Error reading register 3105 for IP 10.30.4.91: no connection to modbus server
[2025-03-01T08:24:30.267Z] ❌ Error reading register 1000 for IP 10.30.4.91: no connection to modbus server
[2025-03-01T08:24:30.267Z] Error reading actual data: no connection to modbus server
[2025-03-01T08:24:30.268Z] Error writing to Modbus register: no connection to modbus server
[2025-03-01T08:24:30.268Z] Error reading register 3105 for IP 10.30.4.91: no connection to modbus server
[2025-03-01T08:24:30.269Z] ❌ Error reading register 1000 for IP 10.30.4.91: no connection to modbus server
[2025-03-01T08:24:30.269Z] Error reading actual data: no connection to modbus server
[2025-03-01T08:24:30.269Z] Error writing to Modbus register: no connection to modbus server
[2025-03-01T08:24:30.269Z] Error reading register 3105 for IP 10.30.4.91: no connection to modbus server
[2025-03-01T08:24:30.270Z] ❌ Error reading register 1000 for IP 10.30.4.91: no connection to modbus server
[2025-03-01T08:24:30.270Z] Error reading actual data: no connection to modbus server
[2025-03-01T08:24:30.304Z] Error writing to Modbus register: no connection to modbus server
[2025-03-01T08:24:30.304Z] Error reading register 3105 for IP 10.30.4.91: no connection to modbus server
[2025-03-01T08:24:30.304Z] ❌ Error reading register 1000 for IP 10.30.4.91: no connection to modbus server
[2025-03-01T08:24:30.304Z] Error reading actual data: no connection to modbus server
[2025-03-01T08:24:30.305Z] Error writing to Modbus register: no connection to modbus server
[2025-03-01T08:24:30.305Z] Error reading register 3105 for IP 10.30.4.91: no connection to modbus server
[2025-03-01T08:24:30.305Z] ❌ Error reading register 1000 for IP 10.30.4.91: no connection to modbus server
[2025-03-01T08:24:30.305Z] Error reading actual data: no connection to modbus server
[2025-03-01T08:24:30.306Z] Error writing to Modbus register: no connection to modbus server
[2025-03-01T08:24:31.248Z] Error reading register 3105 for IP 10.30.4.91: no connection to modbus server
[2025-03-01T08:24:31.249Z] ❌ Error reading register 1000 for IP 10.30.4.91: no connection to modbus server
[2025-03-01T08:24:31.249Z] Error reading actual data: no connection to modbus server
[2025-03-01T08:24:31.266Z] Error writing to Modbus register: no connection to modbus server
[2025-03-01T08:24:31.267Z] Error reading register 3105 for IP 10.30.4.91: no connection to modbus server
[2025-03-01T08:24:31.268Z] ❌ Error reading register 1000 for IP 10.30.4.91: no connection to modbus server
[2025-03-01T08:24:31.268Z] Error reading actual data: no connection to modbus server
[2025-03-01T08:24:31.269Z] Error writing to Modbus register: no connection to modbus server
[2025-03-01T08:24:31.270Z] Error reading register 3105 for IP 10.30.4.91: no connection to modbus server
[2025-03-01T08:24:31.270Z] Error reading actual data: no connection to modbus server
[2025-03-01T08:24:31.271Z] Error reading register 3105 for IP 10.30.4.91: no connection to modbus server
[2025-03-01T08:24:31.271Z] ❌ Error reading register 1000 for IP 10.30.4.91: no connection to modbus server
[2025-03-01T08:24:31.271Z] Error writing to Modbus register: no connection to modbus server
[2025-03-01T08:24:31.270Z] ❌ Error reading register 1000 for IP 10.30.4.91: no connection to modbus server
[2025-03-01T08:24:31.271Z] Error reading actual data: no connection to modbus server
[2025-03-01T08:24:31.316Z] Error writing to Modbus register: no connection to modbus server
[2025-03-01T08:24:31.317Z] Error reading register 3105 for IP 10.30.4.91: no connection to modbus server
[2025-03-01T08:24:31.318Z] ❌ Error reading register 1000 for IP 10.30.4.91: no connection to modbus server
[2025-03-01T08:24:31.319Z] Error reading actual data: no connection to modbus server
[2025-03-01T08:24:31.320Z] Error writing to Modbus register: no connection to modbus server
[2025-03-01T08:24:31.321Z] Error reading register 3105 for IP 10.30.4.91: no connection to modbus server
[2025-03-01T08:24:31.321Z] ❌ Error reading register 1000 for IP 10.30.4.91: no connection to modbus server
[2025-03-01T08:24:31.321Z] Error reading actual data: no connection to modbus server
[2025-03-01T08:24:31.321Z] Error writing to Modbus register: no connection to modbus server
[2025-03-01T08:24:32.248Z] Error reading register 3105 for IP 10.30.4.91: no connection to modbus server
[2025-03-01T08:24:32.248Z] ❌ Error reading register 1000 for IP 10.30.4.91: no connection to modbus server
[2025-03-01T08:24:32.248Z] Error reading actual data: no connection to modbus server
[2025-03-01T08:24:32.264Z] Error writing to Modbus register: no connection to modbus server
[2025-03-01T08:24:32.282Z] Error reading register 3105 for IP 10.30.4.91: no connection to modbus server
[2025-03-01T08:24:32.282Z] ❌ Error reading register 1000 for IP 10.30.4.91: no connection to modbus server
[2025-03-01T08:24:32.283Z] Error reading actual data: no connection to modbus server
[2025-03-01T08:24:32.284Z] Error reading register 3105 for IP 10.30.4.91: no connection to modbus server
[2025-03-01T08:24:32.283Z] Error writing to Modbus register: no connection to modbus server
[2025-03-01T08:24:32.285Z] ❌ Error reading register 1000 for IP 10.30.4.91: no connection to modbus server
[2025-03-01T08:24:32.285Z] Error reading actual data: no connection to modbus server
[2025-03-01T08:24:32.286Z] Error writing to Modbus register: no connection to modbus server
[2025-03-01T08:24:32.286Z] Error reading register 3105 for IP 10.30.4.91: no connection to modbus server
[2025-03-01T08:24:32.287Z] ❌ Error reading register 1000 for IP 10.30.4.91: no connection to modbus server
[2025-03-01T08:24:32.287Z] Error reading actual data: no connection to modbus server
[2025-03-01T08:24:32.314Z] Error writing to Modbus register: no connection to modbus server
[2025-03-01T08:24:32.331Z] Error reading register 3105 for IP 10.30.4.91: no connection to modbus server
[2025-03-01T08:24:32.332Z] ❌ Error reading register 1000 for IP 10.30.4.91: no connection to modbus server
[2025-03-01T08:24:32.332Z] Error reading actual data: no connection to modbus server
[2025-03-01T08:24:32.332Z] Error writing to Modbus register: no connection to modbus server
[2025-03-01T08:24:32.333Z] Error reading register 3105 for IP 10.30.4.91: no connection to modbus server
[2025-03-01T08:24:32.333Z] ❌ Error reading register 1000 for IP 10.30.4.91: no connection to modbus server
[2025-03-01T08:24:32.333Z] Error reading actual data: no connection to modbus server
[2025-03-01T08:24:32.333Z] Error writing to Modbus register: no connection to modbus server
[2025-03-01T08:24:33.249Z] Error reading register 3105 for IP 10.30.4.91: no connection to modbus server
[2025-03-01T08:24:33.250Z] ❌ Error reading register 1000 for IP 10.30.4.91: no connection to modbus server
[2025-03-01T08:24:33.250Z] Error reading actual data: no connection to modbus server
[2025-03-01T08:24:33.264Z] Error writing to Modbus register: no connection to modbus server
[2025-03-01T08:24:33.298Z] Error reading register 3105 for IP 10.30.4.91: no connection to modbus server
[2025-03-01T08:24:33.298Z] ❌ Error reading register 1000 for IP 10.30.4.91: no connection to modbus server
[2025-03-01T08:24:33.299Z] Error reading actual data: no connection to modbus server
[2025-03-01T08:24:33.299Z] Error writing to Modbus register: no connection to modbus server
[2025-03-01T08:24:33.300Z] Error reading register 3105 for IP 10.30.4.91: no connection to modbus server
[2025-03-01T08:24:33.300Z] ❌ Error reading register 1000 for IP 10.30.4.91: no connection to modbus server
[2025-03-01T08:24:33.300Z] Error reading actual data: no connection to modbus server
[2025-03-01T08:24:33.300Z] Error writing to Modbus register: no connection to modbus server
[2025-03-01T08:24:33.301Z] Error reading register 3105 for IP 10.30.4.91: no connection to modbus server
[2025-03-01T08:24:33.301Z] ❌ Error reading register 1000 for IP 10.30.4.91: no connection to modbus server
[2025-03-01T08:24:33.301Z] Error reading actual data: no connection to modbus server
[2025-03-01T08:24:33.314Z] Error writing to Modbus register: no connection to modbus server
[2025-03-01T08:24:33.332Z] Error reading register 3105 for IP 10.30.4.91: no connection to modbus server
[2025-03-01T08:24:33.332Z] ❌ Error reading register 1000 for IP 10.30.4.91: no connection to modbus server
[2025-03-01T08:24:33.332Z] Error reading actual data: no connection to modbus server
[2025-03-01T08:24:33.333Z] Error writing to Modbus register: no connection to modbus server
[2025-03-01T08:24:33.333Z] ❌ Error reading register 1000 for IP 10.30.4.91: no connection to modbus server
[2025-03-01T08:24:33.333Z] Error reading register 3105 for IP 10.30.4.91: no connection to modbus server
[2025-03-01T08:24:33.334Z] Error writing to Modbus register: no connection to modbus server
[2025-03-01T08:24:33.334Z] Error reading actual data: no connection to modbus server
[2025-03-01T08:24:34.249Z] Error reading register 3105 for IP 10.30.4.91: no connection to modbus server
[2025-03-01T08:24:34.250Z] ❌ Error reading register 1000 for IP 10.30.4.91: no connection to modbus server
[2025-03-01T08:24:34.250Z] Error reading actual data: no connection to modbus server
[2025-03-01T08:24:34.265Z] Error writing to Modbus register: no connection to modbus server
[2025-03-01T08:24:34.299Z] Error reading register 3105 for IP 10.30.4.91: no connection to modbus server
[2025-03-01T08:24:34.300Z] ❌ Error reading register 1000 for IP 10.30.4.91: no connection to modbus server
[2025-03-01T08:24:34.300Z] Error reading actual data: no connection to modbus server
[2025-03-01T08:24:34.301Z] Error writing to Modbus register: no connection to modbus server
[2025-03-01T08:24:34.303Z] Error reading register 3105 for IP 10.30.4.91: no connection to modbus server
[2025-03-01T08:24:34.303Z] ❌ Error reading register 1000 for IP 10.30.4.91: no connection to modbus server
[2025-03-01T08:24:34.304Z] Error reading actual data: no connection to modbus server
[2025-03-01T08:24:34.305Z] Error writing to Modbus register: no connection to modbus server
[2025-03-01T08:24:34.306Z] Error reading register 3105 for IP 10.30.4.91: no connection to modbus server
[2025-03-01T08:24:34.306Z] ❌ Error reading register 1000 for IP 10.30.4.91: no connection to modbus server
[2025-03-01T08:24:34.306Z] Error reading actual data: no connection to modbus server
[2025-03-01T08:24:34.314Z] Error writing to Modbus register: no connection to modbus server
[2025-03-01T08:24:34.336Z] Error reading register 3105 for IP 10.30.4.91: no connection to modbus server
[2025-03-01T08:24:34.337Z] ❌ Error reading register 1000 for IP 10.30.4.91: no connection to modbus server
[2025-03-01T08:24:34.337Z] Error reading actual data: no connection to modbus server
[2025-03-01T08:24:34.337Z] Error writing to Modbus register: no connection to modbus server
[2025-03-01T08:24:34.337Z] Error reading register 3105 for IP 10.30.4.91: no connection to modbus server
[2025-03-01T08:24:34.337Z] ❌ Error reading register 1000 for IP 10.30.4.91: no connection to modbus server
[2025-03-01T08:24:34.338Z] Error reading actual data: no connection to modbus server
[2025-03-01T08:24:34.338Z] Error writing to Modbus register: no connection to modbus server
[2025-03-01T08:24:35.264Z] Error reading register 3105 for IP 10.30.4.91: no connection to modbus server
[2025-03-01T08:24:35.264Z] ❌ Error reading register 1000 for IP 10.30.4.91: no connection to modbus server
[2025-03-01T08:24:35.265Z] Error reading actual data: no connection to modbus server
[2025-03-01T08:24:35.265Z] Error writing to Modbus register: no connection to modbus server
[2025-03-01T08:24:35.315Z] Error reading register 3105 for IP 10.30.4.91: no connection to modbus server
[2025-03-01T08:24:35.315Z] ❌ Error reading register 1000 for IP 10.30.4.91: no connection to modbus server
[2025-03-01T08:24:35.316Z] Error reading register 3105 for IP 10.30.4.91: no connection to modbus server
[2025-03-01T08:24:35.317Z] ❌ Error reading register 1000 for IP 10.30.4.91: no connection to modbus server
[2025-03-01T08:24:35.317Z] Error reading actual data: no connection to modbus server
[2025-03-01T08:24:35.315Z] Error reading actual data: no connection to modbus server
[2025-03-01T08:24:35.316Z] Error writing to Modbus register: no connection to modbus server
[2025-03-01T08:24:35.317Z] Error writing to Modbus register: no connection to modbus server
[2025-03-01T08:24:35.318Z] Error reading register 3105 for IP 10.30.4.91: no connection to modbus server
[2025-03-01T08:24:35.318Z] Error reading actual data: no connection to modbus server
[2025-03-01T08:24:35.318Z] ❌ Error reading register 1000 for IP 10.30.4.91: no connection to modbus server
[2025-03-01T08:24:35.318Z] Error writing to Modbus register: no connection to modbus server
[2025-03-01T08:24:35.348Z] Error reading register 3105 for IP 10.30.4.91: no connection to modbus server
[2025-03-01T08:24:35.348Z] ❌ Error reading register 1000 for IP 10.30.4.91: no connection to modbus server
[2025-03-01T08:24:35.349Z] ❌ Error reading register 1000 for IP 10.30.4.91: no connection to modbus server
[2025-03-01T08:24:35.349Z] Error reading actual data: no connection to modbus server
[2025-03-01T08:24:35.349Z] Error writing to Modbus register: no connection to modbus server
[2025-03-01T08:24:35.348Z] Error reading actual data: no connection to modbus server
[2025-03-01T08:24:35.348Z] Error writing to Modbus register: no connection to modbus server
[2025-03-01T08:24:35.349Z] Error reading register 3105 for IP 10.30.4.91: no connection to modbus server
[2025-03-01T08:24:36.265Z] Error reading register 3105 for IP 10.30.4.91: no connection to modbus server
[2025-03-01T08:24:36.265Z] ❌ Error reading register 1000 for IP 10.30.4.91: no connection to modbus server
[2025-03-01T08:24:36.265Z] Error reading actual data: no connection to modbus server
[2025-03-01T08:24:36.265Z] Error writing to Modbus register: no connection to modbus server
[2025-03-01T08:24:36.316Z] Error reading register 3105 for IP 10.30.4.91: no connection to modbus server
[2025-03-01T08:24:36.317Z] ❌ Error reading register 1000 for IP 10.30.4.91: no connection to modbus server
[2025-03-01T08:24:36.317Z] Error reading actual data: no connection to modbus server
[2025-03-01T08:24:36.318Z] Error writing to Modbus register: no connection to modbus server
[2025-03-01T08:24:36.320Z] Error reading register 3105 for IP 10.30.4.91: no connection to modbus server
[2025-03-01T08:24:36.320Z] Error writing to Modbus register: no connection to modbus server
[2025-03-01T08:24:36.320Z] ❌ Error reading register 1000 for IP 10.30.4.91: no connection to modbus server
[2025-03-01T08:24:36.320Z] Error reading actual data: no connection to modbus server
[2025-03-01T08:24:36.321Z] Error reading register 3105 for IP 10.30.4.91: no connection to modbus server
[2025-03-01T08:24:36.321Z] ❌ Error reading register 1000 for IP 10.30.4.91: no connection to modbus server
[2025-03-01T08:24:36.321Z] Error reading actual data: no connection to modbus server
[2025-03-01T08:24:36.322Z] Error writing to Modbus register: no connection to modbus server
[2025-03-01T08:24:36.353Z] Error reading register 3105 for IP 10.30.4.91: no connection to modbus server
[2025-03-01T08:24:36.353Z] ❌ Error reading register 1000 for IP 10.30.4.91: no connection to modbus server
[2025-03-01T08:24:36.353Z] Error reading actual data: no connection to modbus server
[2025-03-01T08:24:36.354Z] ❌ Error reading register 1000 for IP 10.30.4.91: no connection to modbus server
[2025-03-01T08:24:36.354Z] Error reading actual data: no connection to modbus server
[2025-03-01T08:24:36.354Z] Error writing to Modbus register: no connection to modbus server
[2025-03-01T08:24:36.354Z] Error reading register 3105 for IP 10.30.4.91: no connection to modbus server
[2025-03-01T08:24:36.353Z] Error writing to Modbus register: no connection to modbus server
[2025-03-01T08:24:37.266Z] Error reading register 3105 for IP 10.30.4.91: no connection to modbus server
[2025-03-01T08:24:37.266Z] ❌ Error reading register 1000 for IP 10.30.4.91: no connection to modbus server
[2025-03-01T08:24:37.267Z] Error reading actual data: no connection to modbus server
[2025-03-01T08:24:37.268Z] Error writing to Modbus register: no connection to modbus server
[2025-03-01T08:24:37.314Z] Error reading register 3105 for IP 10.30.4.91: no connection to modbus server
[2025-03-01T08:24:37.315Z] ❌ Error reading register 1000 for IP 10.30.4.91: no connection to modbus server
[2025-03-01T08:24:37.315Z] Error reading actual data: no connection to modbus server
[2025-03-01T08:24:37.332Z] Error writing to Modbus register: no connection to modbus server
[2025-03-01T08:24:37.333Z] Error reading register 3105 for IP 10.30.4.91: no connection to modbus server
[2025-03-01T08:24:37.334Z] ❌ Error reading register 1000 for IP 10.30.4.91: no connection to modbus server
[2025-03-01T08:24:37.334Z] Error reading actual data: no connection to modbus server
[2025-03-01T08:24:37.335Z] Error reading register 3105 for IP 10.30.4.91: no connection to modbus server
[2025-03-01T08:24:37.335Z] Error writing to Modbus register: no connection to modbus server
[2025-03-01T08:24:37.336Z] ❌ Error reading register 1000 for IP 10.30.4.91: no connection to modbus server
[2025-03-01T08:24:37.336Z] Error reading actual data: no connection to modbus server
[2025-03-01T08:24:37.337Z] Error writing to Modbus register: no connection to modbus server
[2025-03-01T08:24:37.365Z] Error reading register 3105 for IP 10.30.4.91: no connection to modbus server
[2025-03-01T08:24:37.365Z] ❌ Error reading register 1000 for IP 10.30.4.91: no connection to modbus server
[2025-03-01T08:24:37.365Z] Error reading actual data: no connection to modbus server
[2025-03-01T08:24:37.366Z] ❌ Error reading register 1000 for IP 10.30.4.91: no connection to modbus server
[2025-03-01T08:24:37.366Z] Error writing to Modbus register: no connection to modbus server
[2025-03-01T08:24:37.366Z] Error reading register 3105 for IP 10.30.4.91: no connection to modbus server
[2025-03-01T08:24:37.365Z] Error writing to Modbus register: no connection to modbus server
[2025-03-01T08:24:37.366Z] Error reading actual data: no connection to modbus server
[2025-03-01T08:24:38.281Z] Error reading register 3105 for IP 10.30.4.91: no connection to modbus server
[2025-03-01T08:24:38.282Z] ❌ Error reading register 1000 for IP 10.30.4.91: no connection to modbus server
[2025-03-01T08:24:38.282Z] Error reading actual data: no connection to modbus server
[2025-03-01T08:24:38.282Z] Error writing to Modbus register: no connection to modbus server
[2025-03-01T08:24:38.314Z] Error reading register 3105 for IP 10.30.4.91: no connection to modbus server
[2025-03-01T08:24:38.314Z] ❌ Error reading register 1000 for IP 10.30.4.91: no connection to modbus server
[2025-03-01T08:24:38.315Z] Error reading actual data: no connection to modbus server
[2025-03-01T08:24:38.331Z] Error writing to Modbus register: no connection to modbus server
[2025-03-01T08:24:38.348Z] Error reading register 3105 for IP 10.30.4.91: no connection to modbus server
[2025-03-01T08:24:38.348Z] ❌ Error reading register 1000 for IP 10.30.4.91: no connection to modbus server
[2025-03-01T08:24:38.349Z] Error reading register 3105 for IP 10.30.4.91: no connection to modbus server
[2025-03-01T08:24:38.348Z] Error writing to Modbus register: no connection to modbus server
[2025-03-01T08:24:38.349Z] ❌ Error reading register 1000 for IP 10.30.4.91: no connection to modbus server
[2025-03-01T08:24:38.349Z] Error reading actual data: no connection to modbus server
[2025-03-01T08:24:38.349Z] Error writing to Modbus register: no connection to modbus server
[2025-03-01T08:24:38.348Z] Error reading actual data: no connection to modbus server
[2025-03-01T08:24:38.365Z] Error reading register 3105 for IP 10.30.4.91: no connection to modbus server
[2025-03-01T08:24:38.365Z] ❌ Error reading register 1000 for IP 10.30.4.91: no connection to modbus server
[2025-03-01T08:24:38.365Z] Error reading actual data: no connection to modbus server
[2025-03-01T08:24:38.366Z] Error reading register 3105 for IP 10.30.4.91: no connection to modbus server
[2025-03-01T08:24:38.365Z] Error writing to Modbus register: no connection to modbus server
[2025-03-01T08:24:38.366Z] Error reading actual data: no connection to modbus server
[2025-03-01T08:24:38.366Z] ❌ Error reading register 1000 for IP 10.30.4.91: no connection to modbus server
[2025-03-01T08:24:38.367Z] Error writing to Modbus register: no connection to modbus server
[2025-03-01T08:24:39.283Z] Error reading register 3105 for IP 10.30.4.91: no connection to modbus server
[2025-03-01T08:24:39.283Z] ❌ Error reading register 1000 for IP 10.30.4.91: no connection to modbus server
[2025-03-01T08:24:39.284Z] Error reading actual data: no connection to modbus server
[2025-03-01T08:24:39.285Z] Error writing to Modbus register: no connection to modbus server
[2025-03-01T08:24:39.316Z] Error reading register 3105 for IP 10.30.4.91: no connection to modbus server
[2025-03-01T08:24:39.316Z] ❌ Error reading register 1000 for IP 10.30.4.91: no connection to modbus server
[2025-03-01T08:24:39.317Z] Error reading actual data: no connection to modbus server
[2025-03-01T08:24:39.332Z] Error writing to Modbus register: no connection to modbus server
[2025-03-01T08:24:39.350Z] Error reading register 3105 for IP 10.30.4.91: no connection to modbus server
[2025-03-01T08:24:39.351Z] ❌ Error reading register 1000 for IP 10.30.4.91: no connection to modbus server
[2025-03-01T08:24:39.352Z] Error reading actual data: no connection to modbus server
[2025-03-01T08:24:39.353Z] Error writing to Modbus register: no connection to modbus server
[2025-03-01T08:24:39.355Z] Error reading register 3105 for IP 10.30.4.91: no connection to modbus server
[2025-03-01T08:24:39.355Z] ❌ Error reading register 1000 for IP 10.30.4.91: no connection to modbus server
[2025-03-01T08:24:39.356Z] Error reading actual data: no connection to modbus server
[2025-03-01T08:24:39.357Z] Error writing to Modbus register: no connection to modbus server
[2025-03-01T08:24:39.365Z] Error reading register 3105 for IP 10.30.4.91: no connection to modbus server
[2025-03-01T08:24:39.365Z] ❌ Error reading register 1000 for IP 10.30.4.91: no connection to modbus server
[2025-03-01T08:24:39.365Z] Error reading actual data: no connection to modbus server
[2025-03-01T08:24:39.366Z] Error writing to Modbus register: no connection to modbus server
[2025-03-01T08:24:39.369Z] Error reading register 3105 for IP 10.30.4.91: no connection to modbus server
[2025-03-01T08:24:39.369Z] ❌ Error reading register 1000 for IP 10.30.4.91: no connection to modbus server
[2025-03-01T08:24:39.369Z] Error reading actual data: no connection to modbus server
[2025-03-01T08:24:39.370Z] Error writing to Modbus register: no connection to modbus server
[2025-03-01T08:24:40.298Z] ❌ Error reading register 1000 for IP 10.30.4.91: no connection to modbus server
[2025-03-01T08:24:40.298Z] Error reading register 3105 for IP 10.30.4.91: no connection to modbus server
[2025-03-01T08:24:40.298Z] Error reading actual data: no connection to modbus server
[2025-03-01T08:24:40.298Z] Error writing to Modbus register: no connection to modbus server
[2025-03-01T08:24:40.314Z] Error reading register 3105 for IP 10.30.4.91: no connection to modbus server
[2025-03-01T08:24:40.314Z] ❌ Error reading register 1000 for IP 10.30.4.91: no connection to modbus server
[2025-03-01T08:24:40.315Z] Error reading actual data: no connection to modbus server
[2025-03-01T08:24:40.348Z] Error reading register 3105 for IP 10.30.4.91: no connection to modbus server
[2025-03-01T08:24:40.348Z] ❌ Error reading register 1000 for IP 10.30.4.91: no connection to modbus server
[2025-03-01T08:24:40.348Z] Error writing to Modbus register: no connection to modbus server
[2025-03-01T08:24:40.348Z] Error reading actual data: no connection to modbus server
[2025-03-01T08:24:40.364Z] Error writing to Modbus register: no connection to modbus server
[2025-03-01T08:24:40.365Z] Error reading register 3105 for IP 10.30.4.91: no connection to modbus server
[2025-03-01T08:24:40.365Z] ❌ Error reading register 1000 for IP 10.30.4.91: no connection to modbus server
[2025-03-01T08:24:40.365Z] Error reading actual data: no connection to modbus server
[2025-03-01T08:24:40.366Z] Error writing to Modbus register: no connection to modbus server
[2025-03-01T08:24:40.366Z] Error reading register 3105 for IP 10.30.4.91: no connection to modbus server
[2025-03-01T08:24:40.366Z] ❌ Error reading register 1000 for IP 10.30.4.91: no connection to modbus server
[2025-03-01T08:24:40.366Z] Error reading actual data: no connection to modbus server
[2025-03-01T08:24:40.367Z] Error writing to Modbus register: no connection to modbus server
[2025-03-01T08:24:40.375Z] Error reading register 3105 for IP 10.30.4.91: no connection to modbus server
[2025-03-01T08:24:40.376Z] ❌ Error reading register 1000 for IP 10.30.4.91: no connection to modbus server
[2025-03-01T08:24:40.376Z] Error reading actual data: no connection to modbus server
[2025-03-01T08:24:40.376Z] Error writing to Modbus register: no connection to modbus server
[2025-03-01T08:24:41.299Z] Error reading register 3105 for IP 10.30.4.91: no connection to modbus server
[2025-03-01T08:24:41.300Z] ❌ Error reading register 1000 for IP 10.30.4.91: no connection to modbus server
[2025-03-01T08:24:41.301Z] Error reading actual data: no connection to modbus server
[2025-03-01T08:24:41.302Z] Error writing to Modbus register: no connection to modbus server
[2025-03-01T08:24:41.316Z] Error reading register 3105 for IP 10.30.4.91: no connection to modbus server
[2025-03-01T08:24:41.316Z] ❌ Error reading register 1000 for IP 10.30.4.91: no connection to modbus server
[2025-03-01T08:24:41.317Z] Error reading actual data: no connection to modbus server
[2025-03-01T08:24:41.348Z] Error writing to Modbus register: no connection to modbus server
[2025-03-01T08:24:41.349Z] Error reading register 3105 for IP 10.30.4.91: no connection to modbus server
[2025-03-01T08:24:41.349Z] ❌ Error reading register 1000 for IP 10.30.4.91: no connection to modbus server
[2025-03-01T08:24:41.350Z] Error reading actual data: no connection to modbus server
[2025-03-01T08:24:41.365Z] Error writing to Modbus register: no connection to modbus server
[2025-03-01T08:24:41.365Z] Error reading register 3105 for IP 10.30.4.91: no connection to modbus server
[2025-03-01T08:24:41.366Z] ❌ Error reading register 1000 for IP 10.30.4.91: no connection to modbus server
[2025-03-01T08:24:41.366Z] Error reading actual data: no connection to modbus server
[2025-03-01T08:24:41.366Z] Error writing to Modbus register: no connection to modbus server
[2025-03-01T08:24:41.367Z] Error reading register 3105 for IP 10.30.4.91: no connection to modbus server
[2025-03-01T08:24:41.367Z] ❌ Error reading register 1000 for IP 10.30.4.91: no connection to modbus server
[2025-03-01T08:24:41.367Z] Error reading actual data: no connection to modbus server
[2025-03-01T08:24:41.368Z] Error writing to Modbus register: no connection to modbus server
[2025-03-01T08:24:41.382Z] Error reading register 3105 for IP 10.30.4.91: no connection to modbus server
[2025-03-01T08:24:41.382Z] ❌ Error reading register 1000 for IP 10.30.4.91: no connection to modbus server
[2025-03-01T08:24:41.383Z] Error reading actual data: no connection to modbus server
[2025-03-01T08:24:41.383Z] Error writing to Modbus register: no connection to modbus server
[2025-03-01T08:24:42.310Z] Error reading register 3105 for IP 10.30.4.91: no connection to modbus server
[2025-03-01T08:24:42.311Z] ❌ Error reading register 1000 for IP 10.30.4.91: no connection to modbus server
[2025-03-01T08:24:42.311Z] Error writing to Modbus register: no connection to modbus server
[2025-03-01T08:24:42.311Z] Error reading actual data: no connection to modbus server
[2025-03-01T08:24:42.326Z] Error reading register 3105 for IP 10.30.4.91: no connection to modbus server
[2025-03-01T08:24:42.326Z] ❌ Error reading register 1000 for IP 10.30.4.91: no connection to modbus server
[2025-03-01T08:24:42.327Z] Error reading actual data: no connection to modbus server
[2025-03-01T08:24:42.357Z] Error writing to Modbus register: no connection to modbus server
[2025-03-01T08:24:42.358Z] Error reading register 3105 for IP 10.30.4.91: no connection to modbus server
[2025-03-01T08:24:42.358Z] ❌ Error reading register 1000 for IP 10.30.4.91: no connection to modbus server
[2025-03-01T08:24:42.358Z] Error reading actual data: no connection to modbus server
[2025-03-01T08:24:42.373Z] Error writing to Modbus register: no connection to modbus server
[2025-03-01T08:24:42.373Z] Error reading register 3105 for IP 10.30.4.91: no connection to modbus server
[2025-03-01T08:24:42.373Z] ❌ Error reading register 1000 for IP 10.30.4.91: no connection to modbus server
[2025-03-01T08:24:42.374Z] Error reading actual data: no connection to modbus server
[2025-03-01T08:24:42.374Z] Error writing to Modbus register: no connection to modbus server
[2025-03-01T08:24:42.374Z] Error reading register 3105 for IP 10.30.4.91: no connection to modbus server
[2025-03-01T08:24:42.374Z] ❌ Error reading register 1000 for IP 10.30.4.91: no connection to modbus server
[2025-03-01T08:24:42.374Z] Error reading actual data: no connection to modbus server
[2025-03-01T08:24:42.375Z] Error writing to Modbus register: no connection to modbus server
[2025-03-01T08:24:42.389Z] Error reading register 3105 for IP 10.30.4.91: no connection to modbus server
[2025-03-01T08:24:42.389Z] ❌ Error reading register 1000 for IP 10.30.4.91: no connection to modbus server
[2025-03-01T08:24:42.389Z] Error reading actual data: no connection to modbus server
[2025-03-01T08:24:42.389Z] Error writing to Modbus register: no connection to modbus server
[2025-03-01T08:24:43.315Z] Error reading register 3105 for IP 10.30.4.91: no connection to modbus server
[2025-03-01T08:24:43.315Z] ❌ Error reading register 1000 for IP 10.30.4.91: no connection to modbus server
[2025-03-01T08:24:43.316Z] Error reading actual data: no connection to modbus server
[2025-03-01T08:24:43.317Z] Error writing to Modbus register: no connection to modbus server
[2025-03-01T08:24:43.332Z] Error reading register 3105 for IP 10.30.4.91: no connection to modbus server
[2025-03-01T08:24:43.332Z] ❌ Error reading register 1000 for IP 10.30.4.91: no connection to modbus server
[2025-03-01T08:24:43.333Z] Error reading actual data: no connection to modbus server
[2025-03-01T08:24:43.365Z] Error writing to Modbus register: no connection to modbus server
[2025-03-01T08:24:43.367Z] Error reading register 3105 for IP 10.30.4.91: no connection to modbus server
[2025-03-01T08:24:43.368Z] ❌ Error reading register 1000 for IP 10.30.4.91: no connection to modbus server
[2025-03-01T08:24:43.368Z] Error reading actual data: no connection to modbus server
[2025-03-01T08:24:43.382Z] Error writing to Modbus register: no connection to modbus server
[2025-03-01T08:24:43.382Z] Error reading register 3105 for IP 10.30.4.91: no connection to modbus server
[2025-03-01T08:24:43.383Z] Error reading actual data: no connection to modbus server
[2025-03-01T08:24:43.383Z] ❌ Error reading register 1000 for IP 10.30.4.91: no connection to modbus server
[2025-03-01T08:24:43.383Z] Error writing to Modbus register: no connection to modbus server
[2025-03-01T08:24:43.383Z] Error reading register 3105 for IP 10.30.4.91: no connection to modbus server
[2025-03-01T08:24:43.384Z] ❌ Error reading register 1000 for IP 10.30.4.91: no connection to modbus server
[2025-03-01T08:24:43.384Z] Error reading actual data: no connection to modbus server
[2025-03-01T08:24:43.384Z] Error writing to Modbus register: no connection to modbus server
[2025-03-01T08:24:43.398Z] Error reading register 3105 for IP 10.30.4.91: no connection to modbus server
[2025-03-01T08:24:43.398Z] ❌ Error reading register 1000 for IP 10.30.4.91: no connection to modbus server
[2025-03-01T08:24:43.399Z] Error reading actual data: no connection to modbus server
[2025-03-01T08:24:43.399Z] Error writing to Modbus register: no connection to modbus server
[2025-03-01T08:24:44.316Z] Error reading register 3105 for IP 10.30.4.91: no connection to modbus server
[2025-03-01T08:24:44.316Z] ❌ Error reading register 1000 for IP 10.30.4.91: no connection to modbus server
[2025-03-01T08:24:44.317Z] Error reading actual data: no connection to modbus server
[2025-03-01T08:24:44.318Z] Error writing to Modbus register: no connection to modbus server
[2025-03-01T08:24:44.332Z] Error reading register 3105 for IP 10.30.4.91: no connection to modbus server
[2025-03-01T08:24:44.332Z] ❌ Error reading register 1000 for IP 10.30.4.91: no connection to modbus server
[2025-03-01T08:24:44.332Z] Error reading actual data: no connection to modbus server
[2025-03-01T08:24:44.366Z] Error writing to Modbus register: no connection to modbus server
[2025-03-01T08:24:44.367Z] Error reading register 3105 for IP 10.30.4.91: no connection to modbus server
[2025-03-01T08:24:44.367Z] ❌ Error reading register 1000 for IP 10.30.4.91: no connection to modbus server
[2025-03-01T08:24:44.368Z] Error reading actual data: no connection to modbus server
[2025-03-01T08:24:44.382Z] Error writing to Modbus register: no connection to modbus server
[2025-03-01T08:24:44.383Z] ❌ Error reading register 1000 for IP 10.30.4.91: no connection to modbus server
[2025-03-01T08:24:44.383Z] Error reading register 3105 for IP 10.30.4.91: no connection to modbus server
[2025-03-01T08:24:44.384Z] Error writing to Modbus register: no connection to modbus server
[2025-03-01T08:24:44.384Z] Error reading actual data: no connection to modbus server
[2025-03-01T08:24:44.384Z] Error reading register 3105 for IP 10.30.4.91: no connection to modbus server
[2025-03-01T08:24:44.384Z] ❌ Error reading register 1000 for IP 10.30.4.91: no connection to modbus server
[2025-03-01T08:24:44.384Z] Error reading actual data: no connection to modbus server
[2025-03-01T08:24:44.385Z] Error writing to Modbus register: no connection to modbus server
[2025-03-01T08:24:44.398Z] Error reading register 3105 for IP 10.30.4.91: no connection to modbus server
[2025-03-01T08:24:44.398Z] ❌ Error reading register 1000 for IP 10.30.4.91: no connection to modbus server
[2025-03-01T08:24:44.398Z] Error reading actual data: no connection to modbus server
[2025-03-01T08:24:44.399Z] Error writing to Modbus register: no connection to modbus server
[2025-03-01T08:24:45.316Z] Error reading register 3105 for IP 10.30.4.91: no connection to modbus server
[2025-03-01T08:24:45.317Z] ❌ Error reading register 1000 for IP 10.30.4.91: no connection to modbus server
[2025-03-01T08:24:45.317Z] Error reading actual data: no connection to modbus server
[2025-03-01T08:24:45.318Z] Error writing to Modbus register: no connection to modbus server
[2025-03-01T08:24:45.333Z] Error reading register 3105 for IP 10.30.4.91: no connection to modbus server
[2025-03-01T08:24:45.333Z] ❌ Error reading register 1000 for IP 10.30.4.91: no connection to modbus server
[2025-03-01T08:24:45.334Z] Error reading actual data: no connection to modbus server
[2025-03-01T08:24:45.364Z] Error writing to Modbus register: no connection to modbus server
[2025-03-01T08:24:45.381Z] Error reading register 3105 for IP 10.30.4.91: no connection to modbus server
[2025-03-01T08:24:45.381Z] ❌ Error reading register 1000 for IP 10.30.4.91: no connection to modbus server
[2025-03-01T08:24:45.382Z] Error reading actual data: no connection to modbus server
[2025-03-01T08:24:45.382Z] Error writing to Modbus register: no connection to modbus server
[2025-03-01T08:24:45.383Z] Error reading register 3105 for IP 10.30.4.91: no connection to modbus server
[2025-03-01T08:24:45.383Z] ❌ Error reading register 1000 for IP 10.30.4.91: no connection to modbus server
[2025-03-01T08:24:45.383Z] Error reading actual data: no connection to modbus server
[2025-03-01T08:24:45.384Z] Error writing to Modbus register: no connection to modbus server
[2025-03-01T08:24:45.384Z] Error reading register 3105 for IP 10.30.4.91: no connection to modbus server
[2025-03-01T08:24:45.384Z] ❌ Error reading register 1000 for IP 10.30.4.91: no connection to modbus server
[2025-03-01T08:24:45.384Z] Error reading actual data: no connection to modbus server
[2025-03-01T08:24:45.385Z] Error writing to Modbus register: no connection to modbus server
[2025-03-01T08:24:45.398Z] Error reading register 3105 for IP 10.30.4.91: no connection to modbus server
[2025-03-01T08:24:45.398Z] ❌ Error reading register 1000 for IP 10.30.4.91: no connection to modbus server
[2025-03-01T08:24:45.399Z] Error reading actual data: no connection to modbus server
[2025-03-01T08:24:45.399Z] Error writing to Modbus register: no connection to modbus server
[2025-03-01T08:24:46.316Z] Error reading register 3105 for IP 10.30.4.91: no connection to modbus server
[2025-03-01T08:24:46.317Z] ❌ Error reading register 1000 for IP 10.30.4.91: no connection to modbus server
[2025-03-01T08:24:46.317Z] Error reading actual data: no connection to modbus server
[2025-03-01T08:24:46.319Z] Error writing to Modbus register: no connection to modbus server
[2025-03-01T08:24:46.333Z] Error reading register 3105 for IP 10.30.4.91: no connection to modbus server
[2025-03-01T08:24:46.334Z] ❌ Error reading register 1000 for IP 10.30.4.91: no connection to modbus server
[2025-03-01T08:24:46.334Z] Error reading actual data: no connection to modbus server
[2025-03-01T08:24:46.364Z] Error writing to Modbus register: no connection to modbus server
[2025-03-01T08:24:46.381Z] Error reading register 3105 for IP 10.30.4.91: no connection to modbus server
[2025-03-01T08:24:46.381Z] ❌ Error reading register 1000 for IP 10.30.4.91: no connection to modbus server
[2025-03-01T08:24:46.381Z] Error reading actual data: no connection to modbus server
[2025-03-01T08:24:46.382Z] Error writing to Modbus register: no connection to modbus server
[2025-03-01T08:24:46.383Z] Error reading register 3105 for IP 10.30.4.91: no connection to modbus server
[2025-03-01T08:24:46.384Z] ❌ Error reading register 1000 for IP 10.30.4.91: no connection to modbus server
[2025-03-01T08:24:46.384Z] Error reading actual data: no connection to modbus server
[2025-03-01T08:24:46.384Z] Error writing to Modbus register: no connection to modbus server
[2025-03-01T08:24:46.385Z] Error reading register 3105 for IP 10.30.4.91: no connection to modbus server
[2025-03-01T08:24:46.385Z] ❌ Error reading register 1000 for IP 10.30.4.91: no connection to modbus server
[2025-03-01T08:24:46.385Z] Error reading actual data: no connection to modbus server
[2025-03-01T08:24:46.386Z] Error writing to Modbus register: no connection to modbus server
[2025-03-01T08:24:46.398Z] Error reading register 3105 for IP 10.30.4.91: no connection to modbus server
[2025-03-01T08:24:46.398Z] ❌ Error reading register 1000 for IP 10.30.4.91: no connection to modbus server
[2025-03-01T08:24:46.399Z] Error reading actual data: no connection to modbus server
[2025-03-01T08:24:46.399Z] Error writing to Modbus register: no connection to modbus server
[2025-03-01T08:24:47.316Z] Error reading register 3105 for IP 10.30.4.91: no connection to modbus server
[2025-03-01T08:24:47.316Z] ❌ Error reading register 1000 for IP 10.30.4.91: no connection to modbus server
[2025-03-01T08:24:47.317Z] Error reading actual data: no connection to modbus server
[2025-03-01T08:24:47.319Z] Error writing to Modbus register: no connection to modbus server
[2025-03-01T08:24:47.333Z] ❌ Error reading register 1000 for IP 10.30.4.91: no connection to modbus server
[2025-03-01T08:24:47.333Z] Error reading actual data: no connection to modbus server
[2025-03-01T08:24:47.332Z] Error reading register 3105 for IP 10.30.4.91: no connection to modbus server
[2025-03-01T08:24:47.381Z] Error writing to Modbus register: no connection to modbus server
[2025-03-01T08:24:47.382Z] Error reading register 3105 for IP 10.30.4.91: no connection to modbus server
[2025-03-01T08:24:47.382Z] ❌ Error reading register 1000 for IP 10.30.4.91: no connection to modbus server
[2025-03-01T08:24:47.382Z] Error reading actual data: no connection to modbus server
[2025-03-01T08:24:47.383Z] Error writing to Modbus register: no connection to modbus server
[2025-03-01T08:24:47.384Z] Error reading register 3105 for IP 10.30.4.91: no connection to modbus server
[2025-03-01T08:24:47.384Z] ❌ Error reading register 1000 for IP 10.30.4.91: no connection to modbus server
[2025-03-01T08:24:47.384Z] Error reading actual data: no connection to modbus server
[2025-03-01T08:24:47.385Z] Error writing to Modbus register: no connection to modbus server
[2025-03-01T08:24:47.385Z] Error reading register 3105 for IP 10.30.4.91: no connection to modbus server
[2025-03-01T08:24:47.385Z] ❌ Error reading register 1000 for IP 10.30.4.91: no connection to modbus server
[2025-03-01T08:24:47.386Z] Error reading actual data: no connection to modbus server
[2025-03-01T08:24:47.386Z] Error writing to Modbus register: no connection to modbus server
[2025-03-01T08:24:47.398Z] ❌ Error reading register 1000 for IP 10.30.4.91: no connection to modbus server
[2025-03-01T08:24:47.398Z] Error reading register 3105 for IP 10.30.4.91: no connection to modbus server
[2025-03-01T08:24:47.399Z] Error reading actual data: no connection to modbus server
[2025-03-01T08:24:47.399Z] Error writing to Modbus register: no connection to modbus server
[2025-03-01T08:24:48.331Z] Error reading register 3105 for IP 10.30.4.91: no connection to modbus server
[2025-03-01T08:24:48.331Z] ❌ Error reading register 1000 for IP 10.30.4.91: no connection to modbus server
[2025-03-01T08:24:48.332Z] Error reading actual data: no connection to modbus server
[2025-03-01T08:24:48.332Z] Error writing to Modbus register: no connection to modbus server
[2025-03-01T08:24:48.334Z] Error reading register 3105 for IP 10.30.4.91: no connection to modbus server
[2025-03-01T08:24:48.334Z] ❌ Error reading register 1000 for IP 10.30.4.91: no connection to modbus server
[2025-03-01T08:24:48.334Z] Error reading actual data: no connection to modbus server
[2025-03-01T08:24:48.397Z] Error writing to Modbus register: no connection to modbus server
[2025-03-01T08:24:48.398Z] Error reading register 3105 for IP 10.30.4.91: no connection to modbus server
[2025-03-01T08:24:48.398Z] ❌ Error reading register 1000 for IP 10.30.4.91: no connection to modbus server
[2025-03-01T08:24:48.398Z] Error reading actual data: no connection to modbus server
[2025-03-01T08:24:48.398Z] Error writing to Modbus register: no connection to modbus server
[2025-03-01T08:24:48.399Z] Error reading register 3105 for IP 10.30.4.91: no connection to modbus server
[2025-03-01T08:24:48.399Z] ❌ Error reading register 1000 for IP 10.30.4.91: no connection to modbus server
[2025-03-01T08:24:48.399Z] Error reading actual data: no connection to modbus server
[2025-03-01T08:24:48.399Z] Error writing to Modbus register: no connection to modbus server
[2025-03-01T08:24:48.400Z] Error reading register 3105 for IP 10.30.4.91: no connection to modbus server
[2025-03-01T08:24:48.400Z] ❌ Error reading register 1000 for IP 10.30.4.91: no connection to modbus server
[2025-03-01T08:24:48.400Z] Error writing to Modbus register: no connection to modbus server
[2025-03-01T08:24:48.400Z] Error reading actual data: no connection to modbus server
[2025-03-01T08:24:48.401Z] Error reading register 3105 for IP 10.30.4.91: no connection to modbus server
[2025-03-01T08:24:48.401Z] ❌ Error reading register 1000 for IP 10.30.4.91: no connection to modbus server
[2025-03-01T08:24:48.401Z] Error reading actual data: no connection to modbus server
[2025-03-01T08:24:48.402Z] Error writing to Modbus register: no connection to modbus server
[2025-03-01T08:24:49.331Z] Error reading register 3105 for IP 10.30.4.91: no connection to modbus server
[2025-03-01T08:24:49.331Z] ❌ Error reading register 1000 for IP 10.30.4.91: no connection to modbus server
[2025-03-01T08:24:49.331Z] Error reading actual data: no connection to modbus server
[2025-03-01T08:24:49.332Z] Error writing to Modbus register: no connection to modbus server
[2025-03-01T08:24:49.333Z] Error reading register 3105 for IP 10.30.4.91: no connection to modbus server
[2025-03-01T08:24:49.334Z] ❌ Error reading register 1000 for IP 10.30.4.91: no connection to modbus server
[2025-03-01T08:24:49.334Z] Error reading actual data: no connection to modbus server
[2025-03-01T08:24:49.398Z] Error writing to Modbus register: no connection to modbus server
[2025-03-01T08:24:49.399Z] ❌ Error reading register 1000 for IP 10.30.4.91: no connection to modbus server
[2025-03-01T08:24:49.399Z] Error reading actual data: no connection to modbus server
[2025-03-01T08:24:49.399Z] Error reading register 3105 for IP 10.30.4.91: no connection to modbus server
[2025-03-01T08:24:49.400Z] Error writing to Modbus register: no connection to modbus server
[2025-03-01T08:24:49.400Z] Error reading register 3105 for IP 10.30.4.91: no connection to modbus server
[2025-03-01T08:24:49.401Z] ❌ Error reading register 1000 for IP 10.30.4.91: no connection to modbus server
[2025-03-01T08:24:49.401Z] Error reading actual data: no connection to modbus server
[2025-03-01T08:24:49.401Z] Error writing to Modbus register: no connection to modbus server
[2025-03-01T08:24:49.402Z] Error reading register 3105 for IP 10.30.4.91: no connection to modbus server
[2025-03-01T08:24:49.402Z] ❌ Error reading register 1000 for IP 10.30.4.91: no connection to modbus server
[2025-03-01T08:24:49.402Z] Error reading actual data: no connection to modbus server
[2025-03-01T08:24:49.402Z] Error writing to Modbus register: no connection to modbus server
[2025-03-01T08:24:49.403Z] Error reading register 3105 for IP 10.30.4.91: no connection to modbus server
[2025-03-01T08:24:49.403Z] ❌ Error reading register 1000 for IP 10.30.4.91: no connection to modbus server
[2025-03-01T08:24:49.403Z] Error reading actual data: no connection to modbus server
[2025-03-01T08:24:49.404Z] Error writing to Modbus register: no connection to modbus server
[2025-03-01T08:24:50.331Z] Error reading register 3105 for IP 10.30.4.91: no connection to modbus server
[2025-03-01T08:24:50.331Z] ❌ Error reading register 1000 for IP 10.30.4.91: no connection to modbus server
[2025-03-01T08:24:50.332Z] Error reading actual data: no connection to modbus server
[2025-03-01T08:24:50.333Z] Error writing to Modbus register: no connection to modbus server
[2025-03-01T08:24:50.334Z] Error reading register 3105 for IP 10.30.4.91: no connection to modbus server
[2025-03-01T08:24:50.334Z] ❌ Error reading register 1000 for IP 10.30.4.91: no connection to modbus server
[2025-03-01T08:24:50.334Z] Error reading actual data: no connection to modbus server
[2025-03-01T08:24:50.397Z] Error writing to Modbus register: no connection to modbus server
[2025-03-01T08:24:50.398Z] Error reading register 3105 for IP 10.30.4.91: no connection to modbus server
[2025-03-01T08:24:50.398Z] ❌ Error reading register 1000 for IP 10.30.4.91: no connection to modbus server
[2025-03-01T08:24:50.398Z] Error reading actual data: no connection to modbus server
[2025-03-01T08:24:50.414Z] Error writing to Modbus register: no connection to modbus server
[2025-03-01T08:24:50.415Z] ❌ Error reading register 1000 for IP 10.30.4.91: no connection to modbus server
[2025-03-01T08:24:50.415Z] Error reading register 3105 for IP 10.30.4.91: no connection to modbus server
[2025-03-01T08:24:50.415Z] Error reading actual data: no connection to modbus server
[2025-03-01T08:24:50.415Z] Error writing to Modbus register: no connection to modbus server
[2025-03-01T08:24:50.416Z] Error reading register 3105 for IP 10.30.4.91: no connection to modbus server
[2025-03-01T08:24:50.416Z] Error reading actual data: no connection to modbus server
[2025-03-01T08:24:50.416Z] ❌ Error reading register 1000 for IP 10.30.4.91: no connection to modbus server
[2025-03-01T08:24:50.416Z] Error writing to Modbus register: no connection to modbus server
[2025-03-01T08:24:50.417Z] Error reading register 3105 for IP 10.30.4.91: no connection to modbus server
[2025-03-01T08:24:50.417Z] ❌ Error reading register 1000 for IP 10.30.4.91: no connection to modbus server
[2025-03-01T08:24:50.417Z] Error reading actual data: no connection to modbus server
[2025-03-01T08:24:50.417Z] Error writing to Modbus register: no connection to modbus server
[2025-03-01T08:24:51.331Z] Error reading register 3105 for IP 10.30.4.91: no connection to modbus server
[2025-03-01T08:24:51.331Z] ❌ Error reading register 1000 for IP 10.30.4.91: no connection to modbus server
[2025-03-01T08:24:51.331Z] Error reading actual data: no connection to modbus server
[2025-03-01T08:24:51.332Z] Error writing to Modbus register: no connection to modbus server
[2025-03-01T08:24:51.350Z] Error reading register 3105 for IP 10.30.4.91: no connection to modbus server
[2025-03-01T08:24:51.351Z] ❌ Error reading register 1000 for IP 10.30.4.91: no connection to modbus server
[2025-03-01T08:24:51.351Z] Error reading actual data: no connection to modbus server
[2025-03-01T08:24:51.398Z] Error writing to Modbus register: no connection to modbus server
[2025-03-01T08:24:51.398Z] Error reading register 3105 for IP 10.30.4.91: no connection to modbus server
[2025-03-01T08:24:51.398Z] ❌ Error reading register 1000 for IP 10.30.4.91: no connection to modbus server
[2025-03-01T08:24:51.398Z] Error reading actual data: no connection to modbus server
[2025-03-01T08:24:51.414Z] Error writing to Modbus register: no connection to modbus server
[2025-03-01T08:24:51.415Z] Error reading register 3105 for IP 10.30.4.91: no connection to modbus server
[2025-03-01T08:24:51.415Z] ❌ Error reading register 1000 for IP 10.30.4.91: no connection to modbus server
[2025-03-01T08:24:51.415Z] Error reading actual data: no connection to modbus server
[2025-03-01T08:24:51.415Z] Error writing to Modbus register: no connection to modbus server
[2025-03-01T08:24:51.416Z] Error reading register 3105 for IP 10.30.4.91: no connection to modbus server
[2025-03-01T08:24:51.416Z] ❌ Error reading register 1000 for IP 10.30.4.91: no connection to modbus server
[2025-03-01T08:24:51.416Z] Error reading actual data: no connection to modbus server
[2025-03-01T08:24:51.417Z] Error writing to Modbus register: no connection to modbus server
[2025-03-01T08:24:51.417Z] Error reading register 3105 for IP 10.30.4.91: no connection to modbus server
[2025-03-01T08:24:51.417Z] ❌ Error reading register 1000 for IP 10.30.4.91: no connection to modbus server
[2025-03-01T08:24:51.418Z] Error reading actual data: no connection to modbus server
[2025-03-01T08:24:51.418Z] Error writing to Modbus register: no connection to modbus server
[2025-03-01T08:24:52.332Z] Error reading register 3105 for IP 10.30.4.91: no connection to modbus server
[2025-03-01T08:24:52.332Z] ❌ Error reading register 1000 for IP 10.30.4.91: no connection to modbus server
[2025-03-01T08:24:52.333Z] Error reading actual data: no connection to modbus server
[2025-03-01T08:24:52.334Z] Error writing to Modbus register: no connection to modbus server
[2025-03-01T08:24:52.366Z] Error reading register 3105 for IP 10.30.4.91: no connection to modbus server
[2025-03-01T08:24:52.366Z] ❌ Error reading register 1000 for IP 10.30.4.91: no connection to modbus server
[2025-03-01T08:24:52.367Z] Error reading actual data: no connection to modbus server
[2025-03-01T08:24:52.399Z] Error writing to Modbus register: no connection to modbus server
[2025-03-01T08:24:52.400Z] Error reading register 3105 for IP 10.30.4.91: no connection to modbus server
[2025-03-01T08:24:52.401Z] ❌ Error reading register 1000 for IP 10.30.4.91: no connection to modbus server
[2025-03-01T08:24:52.401Z] Error reading actual data: no connection to modbus server
[2025-03-01T08:24:52.415Z] Error writing to Modbus register: no connection to modbus server
[2025-03-01T08:24:52.416Z] ❌ Error reading register 1000 for IP 10.30.4.91: no connection to modbus server
[2025-03-01T08:24:52.416Z] Error writing to Modbus register: no connection to modbus server
[2025-03-01T08:24:52.416Z] Error reading actual data: no connection to modbus server
[2025-03-01T08:24:52.415Z] Error reading register 3105 for IP 10.30.4.91: no connection to modbus server
[2025-03-01T08:24:52.417Z] Error reading register 3105 for IP 10.30.4.91: no connection to modbus server
[2025-03-01T08:24:52.417Z] ❌ Error reading register 1000 for IP 10.30.4.91: no connection to modbus server
[2025-03-01T08:24:52.417Z] Error reading actual data: no connection to modbus server
[2025-03-01T08:24:52.418Z] Error writing to Modbus register: no connection to modbus server
[2025-03-01T08:24:52.418Z] Error reading register 3105 for IP 10.30.4.91: no connection to modbus server
[2025-03-01T08:24:52.418Z] ❌ Error reading register 1000 for IP 10.30.4.91: no connection to modbus server
[2025-03-01T08:24:52.418Z] Error reading actual data: no connection to modbus server
[2025-03-01T08:24:52.419Z] Error writing to Modbus register: no connection to modbus server
[2025-03-01T08:24:53.330Z] Error reading register 3105 for IP 10.30.4.91: no connection to modbus server
[2025-03-01T08:24:53.331Z] ❌ Error reading register 1000 for IP 10.30.4.91: no connection to modbus server
[2025-03-01T08:24:53.331Z] Error reading actual data: no connection to modbus server
[2025-03-01T08:24:53.347Z] Error writing to Modbus register: no connection to modbus server
[2025-03-01T08:24:53.366Z] Error reading register 3105 for IP 10.30.4.91: no connection to modbus server
[2025-03-01T08:24:53.367Z] ❌ Error reading register 1000 for IP 10.30.4.91: no connection to modbus server
[2025-03-01T08:24:53.367Z] Error reading actual data: no connection to modbus server
[2025-03-01T08:24:53.398Z] Error writing to Modbus register: no connection to modbus server
[2025-03-01T08:24:53.400Z] Error reading register 3105 for IP 10.30.4.91: no connection to modbus server
[2025-03-01T08:24:53.400Z] ❌ Error reading register 1000 for IP 10.30.4.91: no connection to modbus server
[2025-03-01T08:24:53.401Z] Error reading actual data: no connection to modbus server
[2025-03-01T08:24:53.415Z] Error writing to Modbus register: no connection to modbus server
[2025-03-01T08:24:53.416Z] Error reading register 3105 for IP 10.30.4.91: no connection to modbus server
[2025-03-01T08:24:53.416Z] ❌ Error reading register 1000 for IP 10.30.4.91: no connection to modbus server
[2025-03-01T08:24:53.416Z] Error reading actual data: no connection to modbus server
[2025-03-01T08:24:53.417Z] Error writing to Modbus register: no connection to modbus server
[2025-03-01T08:24:53.431Z] Error reading register 3105 for IP 10.30.4.91: no connection to modbus server
[2025-03-01T08:24:53.431Z] ❌ Error reading register 1000 for IP 10.30.4.91: no connection to modbus server
[2025-03-01T08:24:53.431Z] Error reading actual data: no connection to modbus server
[2025-03-01T08:24:53.432Z] Error writing to Modbus register: no connection to modbus server
[2025-03-01T08:24:53.432Z] Error reading register 3105 for IP 10.30.4.91: no connection to modbus server
[2025-03-01T08:24:53.432Z] ❌ Error reading register 1000 for IP 10.30.4.91: no connection to modbus server
[2025-03-01T08:24:53.432Z] Error reading actual data: no connection to modbus server
[2025-03-01T08:24:53.433Z] Error writing to Modbus register: no connection to modbus server
[2025-03-01T08:24:54.332Z] Error reading register 3105 for IP 10.30.4.91: no connection to modbus server
[2025-03-01T08:24:54.333Z] ❌ Error reading register 1000 for IP 10.30.4.91: no connection to modbus server
[2025-03-01T08:24:54.333Z] Error reading actual data: no connection to modbus server
[2025-03-01T08:24:54.349Z] Error writing to Modbus register: no connection to modbus server
[2025-03-01T08:24:54.381Z] Error reading register 3105 for IP 10.30.4.91: no connection to modbus server
[2025-03-01T08:24:54.381Z] ❌ Error reading register 1000 for IP 10.30.4.91: no connection to modbus server
[2025-03-01T08:24:54.381Z] Error reading actual data: no connection to modbus server
[2025-03-01T08:24:54.398Z] Error writing to Modbus register: no connection to modbus server
[2025-03-01T08:24:54.400Z] Error reading register 3105 for IP 10.30.4.91: no connection to modbus server
[2025-03-01T08:24:54.400Z] ❌ Error reading register 1000 for IP 10.30.4.91: no connection to modbus server
[2025-03-01T08:24:54.401Z] Error reading actual data: no connection to modbus server
[2025-03-01T08:24:54.431Z] Error writing to Modbus register: no connection to modbus server
[2025-03-01T08:24:54.431Z] Error reading register 3105 for IP 10.30.4.91: no connection to modbus server
[2025-03-01T08:24:54.432Z] ❌ Error reading register 1000 for IP 10.30.4.91: no connection to modbus server
[2025-03-01T08:24:54.432Z] Error reading actual data: no connection to modbus server
[2025-03-01T08:24:54.432Z] Error writing to Modbus register: no connection to modbus server
[2025-03-01T08:24:54.432Z] Error reading register 3105 for IP 10.30.4.91: no connection to modbus server
[2025-03-01T08:24:54.432Z] ❌ Error reading register 1000 for IP 10.30.4.91: no connection to modbus server
[2025-03-01T08:24:54.432Z] Error reading actual data: no connection to modbus server
[2025-03-01T08:24:54.433Z] Error reading register 3105 for IP 10.30.4.91: no connection to modbus server
[2025-03-01T08:24:54.433Z] ❌ Error reading register 1000 for IP 10.30.4.91: no connection to modbus server
[2025-03-01T08:24:54.434Z] Error reading actual data: no connection to modbus server
[2025-03-01T08:24:54.434Z] Error writing to Modbus register: no connection to modbus server
[2025-03-01T08:24:54.433Z] Error writing to Modbus register: no connection to modbus server
[2025-03-01T08:24:55.331Z] Error reading register 3105 for IP 10.30.4.91: no connection to modbus server
[2025-03-01T08:24:55.331Z] ❌ Error reading register 1000 for IP 10.30.4.91: no connection to modbus server
[2025-03-01T08:24:55.331Z] Error reading actual data: no connection to modbus server
[2025-03-01T08:24:55.348Z] Error writing to Modbus register: no connection to modbus server
[2025-03-01T08:24:55.382Z] Error reading register 3105 for IP 10.30.4.91: no connection to modbus server
[2025-03-01T08:24:55.383Z] ❌ Error reading register 1000 for IP 10.30.4.91: no connection to modbus server
[2025-03-01T08:24:55.383Z] Error reading actual data: no connection to modbus server
[2025-03-01T08:24:55.398Z] Error writing to Modbus register: no connection to modbus server
[2025-03-01T08:24:55.399Z] Error reading register 3105 for IP 10.30.4.91: no connection to modbus server
[2025-03-01T08:24:55.399Z] ❌ Error reading register 1000 for IP 10.30.4.91: no connection to modbus server
[2025-03-01T08:24:55.399Z] Error reading actual data: no connection to modbus server
[2025-03-01T08:24:55.434Z] Error writing to Modbus register: no connection to modbus server
[2025-03-01T08:24:55.434Z] Error reading register 3105 for IP 10.30.4.91: no connection to modbus server
[2025-03-01T08:24:55.434Z] ❌ Error reading register 1000 for IP 10.30.4.91: no connection to modbus server
[2025-03-01T08:24:55.435Z] Error reading register 3105 for IP 10.30.4.91: no connection to modbus server
[2025-03-01T08:24:55.435Z] ❌ Error reading register 1000 for IP 10.30.4.91: no connection to modbus server
[2025-03-01T08:24:55.435Z] Error reading actual data: no connection to modbus server
[2025-03-01T08:24:55.434Z] Error reading actual data: no connection to modbus server
[2025-03-01T08:24:55.435Z] Error writing to Modbus register: no connection to modbus server
[2025-03-01T08:24:55.435Z] Error writing to Modbus register: no connection to modbus server
[2025-03-01T08:24:55.436Z] Error reading register 3105 for IP 10.30.4.91: no connection to modbus server
[2025-03-01T08:24:55.436Z] ❌ Error reading register 1000 for IP 10.30.4.91: no connection to modbus server
[2025-03-01T08:24:55.436Z] Error reading actual data: no connection to modbus server
[2025-03-01T08:24:55.437Z] Error writing to Modbus register: no connection to modbus server
[2025-03-01T08:24:56.331Z] Error reading register 3105 for IP 10.30.4.91: no connection to modbus server
[2025-03-01T08:24:56.332Z] ❌ Error reading register 1000 for IP 10.30.4.91: no connection to modbus server
[2025-03-01T08:24:56.332Z] Error reading actual data: no connection to modbus server
[2025-03-01T08:24:56.364Z] Error writing to Modbus register: no connection to modbus server
[2025-03-01T08:24:56.398Z] ❌ Error reading register 1000 for IP 10.30.4.91: no connection to modbus server
[2025-03-01T08:24:56.398Z] Error reading actual data: no connection to modbus server
[2025-03-01T08:24:56.398Z] Error reading register 3105 for IP 10.30.4.91: no connection to modbus server
[2025-03-01T08:24:56.398Z] Error writing to Modbus register: no connection to modbus server
[2025-03-01T08:24:56.399Z] Error reading register 3105 for IP 10.30.4.91: no connection to modbus server
[2025-03-01T08:24:56.399Z] ❌ Error reading register 1000 for IP 10.30.4.91: no connection to modbus server
[2025-03-01T08:24:56.399Z] Error reading actual data: no connection to modbus server
[2025-03-01T08:24:56.448Z] Error writing to Modbus register: no connection to modbus server
[2025-03-01T08:24:56.448Z] Error reading register 3105 for IP 10.30.4.91: no connection to modbus server
[2025-03-01T08:24:56.448Z] ❌ Error reading register 1000 for IP 10.30.4.91: no connection to modbus server
[2025-03-01T08:24:56.449Z] Error writing to Modbus register: no connection to modbus server
[2025-03-01T08:24:56.449Z] Error reading register 3105 for IP 10.30.4.91: no connection to modbus server
[2025-03-01T08:24:56.449Z] ❌ Error reading register 1000 for IP 10.30.4.91: no connection to modbus server
[2025-03-01T08:24:56.448Z] Error reading actual data: no connection to modbus server
[2025-03-01T08:24:56.449Z] Error reading actual data: no connection to modbus server
[2025-03-01T08:24:56.449Z] Error writing to Modbus register: no connection to modbus server
[2025-03-01T08:24:56.450Z] Error reading register 3105 for IP 10.30.4.91: no connection to modbus server
[2025-03-01T08:24:56.450Z] Error reading actual data: no connection to modbus server
[2025-03-01T08:24:56.450Z] Error writing to Modbus register: no connection to modbus server
[2025-03-01T08:24:56.450Z] ❌ Error reading register 1000 for IP 10.30.4.91: no connection to modbus server
[2025-03-01T08:24:57.331Z] Error reading register 3105 for IP 10.30.4.91: no connection to modbus server
[2025-03-01T08:24:57.331Z] ❌ Error reading register 1000 for IP 10.30.4.91: no connection to modbus server
[2025-03-01T08:24:57.331Z] Error reading actual data: no connection to modbus server
[2025-03-01T08:24:57.364Z] Error writing to Modbus register: no connection to modbus server
[2025-03-01T08:24:57.399Z] Error reading register 3105 for IP 10.30.4.91: no connection to modbus server
[2025-03-01T08:24:57.399Z] ❌ Error reading register 1000 for IP 10.30.4.91: no connection to modbus server
[2025-03-01T08:24:57.400Z] Error reading actual data: no connection to modbus server
[2025-03-01T08:24:57.401Z] Error writing to Modbus register: no connection to modbus server
[2025-03-01T08:24:57.402Z] ❌ Error reading register 1000 for IP 10.30.4.91: no connection to modbus server
[2025-03-01T08:24:57.402Z] Error reading register 3105 for IP 10.30.4.91: no connection to modbus server
[2025-03-01T08:24:57.403Z] Error reading actual data: no connection to modbus server
[2025-03-01T08:24:57.450Z] Error writing to Modbus register: no connection to modbus server
[2025-03-01T08:24:57.451Z] Error reading register 3105 for IP 10.30.4.91: no connection to modbus server
[2025-03-01T08:24:57.451Z] ❌ Error reading register 1000 for IP 10.30.4.91: no connection to modbus server
[2025-03-01T08:24:57.451Z] Error reading actual data: no connection to modbus server
[2025-03-01T08:24:57.451Z] Error writing to Modbus register: no connection to modbus server
[2025-03-01T08:24:57.452Z] Error reading register 3105 for IP 10.30.4.91: no connection to modbus server
[2025-03-01T08:24:57.452Z] ❌ Error reading register 1000 for IP 10.30.4.91: no connection to modbus server
[2025-03-01T08:24:57.452Z] Error reading actual data: no connection to modbus server
[2025-03-01T08:24:57.452Z] Error writing to Modbus register: no connection to modbus server
[2025-03-01T08:24:57.453Z] Error reading register 3105 for IP 10.30.4.91: no connection to modbus server
[2025-03-01T08:24:57.453Z] ❌ Error reading register 1000 for IP 10.30.4.91: no connection to modbus server
[2025-03-01T08:24:57.453Z] Error reading actual data: no connection to modbus server
[2025-03-01T08:24:57.453Z] Error writing to Modbus register: no connection to modbus server
[2025-03-01T08:24:58.348Z] Error reading register 3105 for IP 10.30.4.91: no connection to modbus server
[2025-03-01T08:24:58.348Z] ❌ Error reading register 1000 for IP 10.30.4.91: no connection to modbus server
[2025-03-01T08:24:58.348Z] Error reading actual data: no connection to modbus server
[2025-03-01T08:24:58.364Z] Error writing to Modbus register: no connection to modbus server
[2025-03-01T08:24:58.397Z] Error reading register 3105 for IP 10.30.4.91: no connection to modbus server
[2025-03-01T08:24:58.398Z] ❌ Error reading register 1000 for IP 10.30.4.91: no connection to modbus server
[2025-03-01T08:24:58.398Z] Error reading actual data: no connection to modbus server
[2025-03-01T08:24:58.414Z] Error writing to Modbus register: no connection to modbus server
[2025-03-01T08:24:58.415Z] Error reading register 3105 for IP 10.30.4.91: no connection to modbus server
[2025-03-01T08:24:58.416Z] ❌ Error reading register 1000 for IP 10.30.4.91: no connection to modbus server
[2025-03-01T08:24:58.416Z] Error reading actual data: no connection to modbus server
[2025-03-01T08:24:58.450Z] Error writing to Modbus register: no connection to modbus server
[2025-03-01T08:24:58.451Z] Error reading register 3105 for IP 10.30.4.91: no connection to modbus server
[2025-03-01T08:24:58.451Z] ❌ Error reading register 1000 for IP 10.30.4.91: no connection to modbus server
[2025-03-01T08:24:58.451Z] Error reading actual data: no connection to modbus server
[2025-03-01T08:24:58.451Z] Error writing to Modbus register: no connection to modbus server
[2025-03-01T08:24:58.452Z] Error reading register 3105 for IP 10.30.4.91: no connection to modbus server
[2025-03-01T08:24:58.452Z] ❌ Error reading register 1000 for IP 10.30.4.91: no connection to modbus server
[2025-03-01T08:24:58.452Z] Error reading actual data: no connection to modbus server
[2025-03-01T08:24:58.452Z] Error writing to Modbus register: no connection to modbus server
[2025-03-01T08:24:58.452Z] Error reading register 3105 for IP 10.30.4.91: no connection to modbus server
[2025-03-01T08:24:58.453Z] ❌ Error reading register 1000 for IP 10.30.4.91: no connection to modbus server
[2025-03-01T08:24:58.453Z] Error reading actual data: no connection to modbus server
[2025-03-01T08:24:58.453Z] Error writing to Modbus register: no connection to modbus server
[2025-03-01T08:24:59.365Z] Error reading register 3105 for IP 10.30.4.91: no connection to modbus server
[2025-03-01T08:24:59.365Z] ❌ Error reading register 1000 for IP 10.30.4.91: no connection to modbus server
[2025-03-01T08:24:59.365Z] Error reading actual data: no connection to modbus server
[2025-03-01T08:24:59.366Z] Error writing to Modbus register: no connection to modbus server
[2025-03-01T08:24:59.397Z] Error reading register 3105 for IP 10.30.4.91: no connection to modbus server
[2025-03-01T08:24:59.398Z] ❌ Error reading register 1000 for IP 10.30.4.91: no connection to modbus server
[2025-03-01T08:24:59.398Z] Error reading actual data: no connection to modbus server
[2025-03-01T08:24:59.415Z] Error writing to Modbus register: no connection to modbus server
[2025-03-01T08:24:59.416Z] Error reading register 3105 for IP 10.30.4.91: no connection to modbus server
[2025-03-01T08:24:59.416Z] ❌ Error reading register 1000 for IP 10.30.4.91: no connection to modbus server
[2025-03-01T08:24:59.416Z] Error reading actual data: no connection to modbus server
[2025-03-01T08:24:59.464Z] Error writing to Modbus register: no connection to modbus server
[2025-03-01T08:24:59.465Z] Error reading register 3105 for IP 10.30.4.91: no connection to modbus server
[2025-03-01T08:24:59.465Z] ❌ Error reading register 1000 for IP 10.30.4.91: no connection to modbus server
[2025-03-01T08:24:59.465Z] Error reading actual data: no connection to modbus server
[2025-03-01T08:24:59.465Z] Error writing to Modbus register: no connection to modbus server
[2025-03-01T08:24:59.466Z] Error reading register 3105 for IP 10.30.4.91: no connection to modbus server
[2025-03-01T08:24:59.466Z] ❌ Error reading register 1000 for IP 10.30.4.91: no connection to modbus server
[2025-03-01T08:24:59.466Z] Error reading actual data: no connection to modbus server
[2025-03-01T08:24:59.466Z] Error writing to Modbus register: no connection to modbus server
[2025-03-01T08:24:59.466Z] Error reading register 3105 for IP 10.30.4.91: no connection to modbus server
[2025-03-01T08:24:59.467Z] ❌ Error reading register 1000 for IP 10.30.4.91: no connection to modbus server
[2025-03-01T08:24:59.467Z] Error reading actual data: no connection to modbus server
[2025-03-01T08:24:59.467Z] Error writing to Modbus register: no connection to modbus server
[2025-03-01T08:25:00.379Z] ❌ Error reading register 1000 for IP 10.30.4.91: no connection to modbus server
[2025-03-01T08:25:00.379Z] Error writing to Modbus register: no connection to modbus server
[2025-03-01T08:25:00.379Z] Error reading register 3105 for IP 10.30.4.91: no connection to modbus server
[2025-03-01T08:25:00.379Z] Error reading actual data: no connection to modbus server
[2025-03-01T08:25:00.398Z] Error reading register 3105 for IP 10.30.4.91: no connection to modbus server
[2025-03-01T08:25:00.398Z] ❌ Error reading register 1000 for IP 10.30.4.91: no connection to modbus server
[2025-03-01T08:25:00.399Z] Error reading actual data: no connection to modbus server
[2025-03-01T08:25:00.414Z] Error writing to Modbus register: no connection to modbus server
[2025-03-01T08:25:00.430Z] Error reading register 3105 for IP 10.30.4.91: no connection to modbus server
[2025-03-01T08:25:00.431Z] ❌ Error reading register 1000 for IP 10.30.4.91: no connection to modbus server
[2025-03-01T08:25:00.431Z] Error reading actual data: no connection to modbus server
[2025-03-01T08:25:00.466Z] Error writing to Modbus register: no connection to modbus server
[2025-03-01T08:25:00.466Z] Error reading register 3105 for IP 10.30.4.91: no connection to modbus server
[2025-03-01T08:25:00.466Z] ❌ Error reading register 1000 for IP 10.30.4.91: no connection to modbus server
[2025-03-01T08:25:00.467Z] Error writing to Modbus register: no connection to modbus server
[2025-03-01T08:25:00.467Z] Error reading actual data: no connection to modbus server
[2025-03-01T08:25:00.467Z] Error reading register 3105 for IP 10.30.4.91: no connection to modbus server
[2025-03-01T08:25:00.467Z] ❌ Error reading register 1000 for IP 10.30.4.91: no connection to modbus server
[2025-03-01T08:25:00.467Z] Error reading actual data: no connection to modbus server
[2025-03-01T08:25:00.468Z] Error writing to Modbus register: no connection to modbus server
[2025-03-01T08:25:00.468Z] ❌ Error reading register 1000 for IP 10.30.4.91: no connection to modbus server
[2025-03-01T08:25:00.468Z] Error reading register 3105 for IP 10.30.4.91: no connection to modbus server
[2025-03-01T08:25:00.469Z] Error writing to Modbus register: no connection to modbus server
[2025-03-01T08:25:00.469Z] Error reading actual data: no connection to modbus server
[2025-03-01T08:25:01.381Z] Error reading register 3105 for IP 10.30.4.91: no connection to modbus server
[2025-03-01T08:25:01.381Z] ❌ Error reading register 1000 for IP 10.30.4.91: no connection to modbus server
[2025-03-01T08:25:01.381Z] Error reading actual data: no connection to modbus server
[2025-03-01T08:25:01.381Z] Error writing to Modbus register: no connection to modbus server
[2025-03-01T08:25:01.398Z] Error reading register 3105 for IP 10.30.4.91: no connection to modbus server
[2025-03-01T08:25:01.399Z] ❌ Error reading register 1000 for IP 10.30.4.91: no connection to modbus server
[2025-03-01T08:25:01.399Z] Error reading actual data: no connection to modbus server
[2025-03-01T08:25:01.415Z] Error writing to Modbus register: no connection to modbus server
[2025-03-01T08:25:01.431Z] Error reading register 3105 for IP 10.30.4.91: no connection to modbus server
[2025-03-01T08:25:01.431Z] ❌ Error reading register 1000 for IP 10.30.4.91: no connection to modbus server
[2025-03-01T08:25:01.432Z] Error reading actual data: no connection to modbus server
[2025-03-01T08:25:01.466Z] Error writing to Modbus register: no connection to modbus server
[2025-03-01T08:25:01.466Z] Error reading register 3105 for IP 10.30.4.91: no connection to modbus server
[2025-03-01T08:25:01.466Z] ❌ Error reading register 1000 for IP 10.30.4.91: no connection to modbus server
[2025-03-01T08:25:01.466Z] Error reading actual data: no connection to modbus server
[2025-03-01T08:25:01.467Z] Error writing to Modbus register: no connection to modbus server
[2025-03-01T08:25:01.467Z] Error reading register 3105 for IP 10.30.4.91: no connection to modbus server
[2025-03-01T08:25:01.467Z] ❌ Error reading register 1000 for IP 10.30.4.91: no connection to modbus server
[2025-03-01T08:25:01.467Z] Error reading actual data: no connection to modbus server
[2025-03-01T08:25:01.468Z] Error writing to Modbus register: no connection to modbus server
[2025-03-01T08:25:01.468Z] Error reading register 3105 for IP 10.30.4.91: no connection to modbus server
[2025-03-01T08:25:01.468Z] ❌ Error reading register 1000 for IP 10.30.4.91: no connection to modbus server
[2025-03-01T08:25:01.468Z] Error reading actual data: no connection to modbus server
[2025-03-01T08:25:01.469Z] Error writing to Modbus register: no connection to modbus server
[2025-03-01T08:25:02.381Z] Error reading register 3105 for IP 10.30.4.91: no connection to modbus server
[2025-03-01T08:25:02.381Z] ❌ Error reading register 1000 for IP 10.30.4.91: no connection to modbus server
[2025-03-01T08:25:02.382Z] Error reading actual data: no connection to modbus server
[2025-03-01T08:25:02.382Z] Error writing to Modbus register: no connection to modbus server
[2025-03-01T08:25:02.397Z] Error reading register 3105 for IP 10.30.4.91: no connection to modbus server
[2025-03-01T08:25:02.398Z] ❌ Error reading register 1000 for IP 10.30.4.91: no connection to modbus server
[2025-03-01T08:25:02.398Z] Error reading actual data: no connection to modbus server
[2025-03-01T08:25:02.431Z] Error writing to Modbus register: no connection to modbus server
[2025-03-01T08:25:02.432Z] Error reading register 3105 for IP 10.30.4.91: no connection to modbus server
[2025-03-01T08:25:02.432Z] Error reading actual data: no connection to modbus server
[2025-03-01T08:25:02.432Z] ❌ Error reading register 1000 for IP 10.30.4.91: no connection to modbus server
[2025-03-01T08:25:02.465Z] Error writing to Modbus register: no connection to modbus server
[2025-03-01T08:25:02.466Z] Error reading register 3105 for IP 10.30.4.91: no connection to modbus server
[2025-03-01T08:25:02.466Z] ❌ Error reading register 1000 for IP 10.30.4.91: no connection to modbus server
[2025-03-01T08:25:02.466Z] Error reading actual data: no connection to modbus server
[2025-03-01T08:25:02.467Z] Error writing to Modbus register: no connection to modbus server
[2025-03-01T08:25:02.467Z] Error reading register 3105 for IP 10.30.4.91: no connection to modbus server
[2025-03-01T08:25:02.467Z] ❌ Error reading register 1000 for IP 10.30.4.91: no connection to modbus server
[2025-03-01T08:25:02.467Z] Error reading actual data: no connection to modbus server
[2025-03-01T08:25:02.468Z] Error writing to Modbus register: no connection to modbus server
[2025-03-01T08:25:02.468Z] Error reading register 3105 for IP 10.30.4.91: no connection to modbus server
[2025-03-01T08:25:02.468Z] ❌ Error reading register 1000 for IP 10.30.4.91: no connection to modbus server
[2025-03-01T08:25:02.468Z] Error reading actual data: no connection to modbus server
[2025-03-01T08:25:02.469Z] Error writing to Modbus register: no connection to modbus server
[2025-03-01T08:25:03.383Z] Error reading register 3105 for IP 10.30.4.91: no connection to modbus server
[2025-03-01T08:25:03.383Z] ❌ Error reading register 1000 for IP 10.30.4.91: no connection to modbus server
[2025-03-01T08:25:03.384Z] Error reading actual data: no connection to modbus server
[2025-03-01T08:25:03.385Z] Error writing to Modbus register: no connection to modbus server
[2025-03-01T08:25:03.399Z] Error reading register 3105 for IP 10.30.4.91: no connection to modbus server
[2025-03-01T08:25:03.399Z] ❌ Error reading register 1000 for IP 10.30.4.91: no connection to modbus server
[2025-03-01T08:25:03.400Z] Error reading actual data: no connection to modbus server
[2025-03-01T08:25:03.432Z] Error writing to Modbus register: no connection to modbus server
[2025-03-01T08:25:03.433Z] Error reading register 3105 for IP 10.30.4.91: no connection to modbus server
[2025-03-01T08:25:03.434Z] ❌ Error reading register 1000 for IP 10.30.4.91: no connection to modbus server
[2025-03-01T08:25:03.434Z] Error reading actual data: no connection to modbus server
[2025-03-01T08:25:03.469Z] Error writing to Modbus register: no connection to modbus server
[2025-03-01T08:25:03.470Z] Error reading register 3105 for IP 10.30.4.91: no connection to modbus server
[2025-03-01T08:25:03.470Z] ❌ Error reading register 1000 for IP 10.30.4.91: no connection to modbus server
[2025-03-01T08:25:03.470Z] Error reading actual data: no connection to modbus server
[2025-03-01T08:25:03.471Z] Error writing to Modbus register: no connection to modbus server
[2025-03-01T08:25:03.471Z] Error reading register 3105 for IP 10.30.4.91: no connection to modbus server
[2025-03-01T08:25:03.471Z] ❌ Error reading register 1000 for IP 10.30.4.91: no connection to modbus server
[2025-03-01T08:25:03.471Z] Error reading actual data: no connection to modbus server
[2025-03-01T08:25:03.472Z] Error writing to Modbus register: no connection to modbus server
[2025-03-01T08:25:03.472Z] Error reading register 3105 for IP 10.30.4.91: no connection to modbus server
[2025-03-01T08:25:03.472Z] ❌ Error reading register 1000 for IP 10.30.4.91: no connection to modbus server
[2025-03-01T08:25:03.472Z] Error reading actual data: no connection to modbus server
[2025-03-01T08:25:03.473Z] Error writing to Modbus register: no connection to modbus server
[2025-03-01T08:25:04.398Z] Error reading register 3105 for IP 10.30.4.91: no connection to modbus server
[2025-03-01T08:25:04.399Z] ❌ Error reading register 1000 for IP 10.30.4.91: no connection to modbus server
[2025-03-01T08:25:04.399Z] Error reading actual data: no connection to modbus server
[2025-03-01T08:25:04.400Z] Error writing to Modbus register: no connection to modbus server
[2025-03-01T08:25:04.401Z] Error reading register 3105 for IP 10.30.4.91: no connection to modbus server
[2025-03-01T08:25:04.401Z] ❌ Error reading register 1000 for IP 10.30.4.91: no connection to modbus server
[2025-03-01T08:25:04.401Z] Error reading actual data: no connection to modbus server
[2025-03-01T08:25:04.432Z] Error writing to Modbus register: no connection to modbus server
[2025-03-01T08:25:04.434Z] Error reading register 3105 for IP 10.30.4.91: no connection to modbus server
[2025-03-01T08:25:04.434Z] ❌ Error reading register 1000 for IP 10.30.4.91: no connection to modbus server
[2025-03-01T08:25:04.435Z] Error reading actual data: no connection to modbus server
[2025-03-01T08:25:04.481Z] Error writing to Modbus register: no connection to modbus server
[2025-03-01T08:25:04.482Z] Error reading register 3105 for IP 10.30.4.91: no connection to modbus server
[2025-03-01T08:25:04.482Z] ❌ Error reading register 1000 for IP 10.30.4.91: no connection to modbus server
[2025-03-01T08:25:04.482Z] Error reading actual data: no connection to modbus server
[2025-03-01T08:25:04.482Z] Error writing to Modbus register: no connection to modbus server
[2025-03-01T08:25:04.483Z] Error reading register 3105 for IP 10.30.4.91: no connection to modbus server
[2025-03-01T08:25:04.483Z] ❌ Error reading register 1000 for IP 10.30.4.91: no connection to modbus server
[2025-03-01T08:25:04.483Z] Error reading actual data: no connection to modbus server
[2025-03-01T08:25:04.483Z] Error writing to Modbus register: no connection to modbus server
[2025-03-01T08:25:04.483Z] Error reading register 3105 for IP 10.30.4.91: no connection to modbus server
[2025-03-01T08:25:04.484Z] ❌ Error reading register 1000 for IP 10.30.4.91: no connection to modbus server
[2025-03-01T08:25:04.484Z] Error writing to Modbus register: no connection to modbus server
[2025-03-01T08:25:04.484Z] Error reading actual data: no connection to modbus server
[2025-03-01T08:25:05.398Z] Error reading register 3105 for IP 10.30.4.91: no connection to modbus server
[2025-03-01T08:25:05.398Z] ❌ Error reading register 1000 for IP 10.30.4.91: no connection to modbus server
[2025-03-01T08:25:05.398Z] Error reading actual data: no connection to modbus server
[2025-03-01T08:25:05.399Z] Error writing to Modbus register: no connection to modbus server
[2025-03-01T08:25:05.400Z] Error reading register 3105 for IP 10.30.4.91: no connection to modbus server
[2025-03-01T08:25:05.400Z] ❌ Error reading register 1000 for IP 10.30.4.91: no connection to modbus server
[2025-03-01T08:25:05.400Z] Error reading actual data: no connection to modbus server
[2025-03-01T08:25:05.447Z] Error writing to Modbus register: no connection to modbus server
[2025-03-01T08:25:05.448Z] ❌ Error reading register 1000 for IP 10.30.4.91: no connection to modbus server
[2025-03-01T08:25:05.448Z] Error reading register 3105 for IP 10.30.4.91: no connection to modbus server
[2025-03-01T08:25:05.448Z] Error reading actual data: no connection to modbus server
[2025-03-01T08:25:05.482Z] Error writing to Modbus register: no connection to modbus server
[2025-03-01T08:25:05.483Z] Error reading register 3105 for IP 10.30.4.91: no connection to modbus server
[2025-03-01T08:25:05.483Z] Error reading actual data: no connection to modbus server
[2025-03-01T08:25:05.483Z] Error writing to Modbus register: no connection to modbus server
[2025-03-01T08:25:05.483Z] Error reading register 3105 for IP 10.30.4.91: no connection to modbus server
[2025-03-01T08:25:05.483Z] ❌ Error reading register 1000 for IP 10.30.4.91: no connection to modbus server
[2025-03-01T08:25:05.483Z] ❌ Error reading register 1000 for IP 10.30.4.91: no connection to modbus server
[2025-03-01T08:25:05.484Z] Error reading actual data: no connection to modbus server
[2025-03-01T08:25:05.484Z] Error writing to Modbus register: no connection to modbus server
[2025-03-01T08:25:05.484Z] Error reading register 3105 for IP 10.30.4.91: no connection to modbus server
[2025-03-01T08:25:05.485Z] ❌ Error reading register 1000 for IP 10.30.4.91: no connection to modbus server
[2025-03-01T08:25:05.485Z] Error reading actual data: no connection to modbus server
[2025-03-01T08:25:05.485Z] Error writing to Modbus register: no connection to modbus server
[2025-03-01T08:25:06.414Z] Error reading register 3105 for IP 10.30.4.91: no connection to modbus server
[2025-03-01T08:25:06.414Z] ❌ Error reading register 1000 for IP 10.30.4.91: no connection to modbus server
[2025-03-01T08:25:06.415Z] Error reading actual data: no connection to modbus server
[2025-03-01T08:25:06.416Z] Error writing to Modbus register: no connection to modbus server
[2025-03-01T08:25:06.417Z] Error reading register 3105 for IP 10.30.4.91: no connection to modbus server
[2025-03-01T08:25:06.418Z] ❌ Error reading register 1000 for IP 10.30.4.91: no connection to modbus server
[2025-03-01T08:25:06.418Z] Error reading actual data: no connection to modbus server
[2025-03-01T08:25:06.460Z] Error writing to Modbus register: no connection to modbus server
[2025-03-01T08:25:06.462Z] Error reading register 3105 for IP 10.30.4.91: no connection to modbus server
[2025-03-01T08:25:06.463Z] ❌ Error reading register 1000 for IP 10.30.4.91: no connection to modbus server
[2025-03-01T08:25:06.463Z] Error reading actual data: no connection to modbus server
[2025-03-01T08:25:06.497Z] Error writing to Modbus register: no connection to modbus server
[2025-03-01T08:25:06.497Z] Error reading register 3105 for IP 10.30.4.91: no connection to modbus server
[2025-03-01T08:25:06.498Z] ❌ Error reading register 1000 for IP 10.30.4.91: no connection to modbus server
[2025-03-01T08:25:06.498Z] Error reading actual data: no connection to modbus server
[2025-03-01T08:25:06.498Z] Error writing to Modbus register: no connection to modbus server
[2025-03-01T08:25:06.498Z] Error reading register 3105 for IP 10.30.4.91: no connection to modbus server
[2025-03-01T08:25:06.498Z] ❌ Error reading register 1000 for IP 10.30.4.91: no connection to modbus server
[2025-03-01T08:25:06.499Z] Error reading actual data: no connection to modbus server
[2025-03-01T08:25:06.499Z] Error writing to Modbus register: no connection to modbus server
[2025-03-01T08:25:06.499Z] Error reading register 3105 for IP 10.30.4.91: no connection to modbus server
[2025-03-01T08:25:06.499Z] Error reading actual data: no connection to modbus server
[2025-03-01T08:25:06.499Z] ❌ Error reading register 1000 for IP 10.30.4.91: no connection to modbus server
[2025-03-01T08:25:06.500Z] Error writing to Modbus register: no connection to modbus server
[2025-03-01T08:25:07.414Z] Error reading register 3105 for IP 10.30.4.91: no connection to modbus server
[2025-03-01T08:25:07.415Z] ❌ Error reading register 1000 for IP 10.30.4.91: no connection to modbus server
[2025-03-01T08:25:07.415Z] Error reading actual data: no connection to modbus server
[2025-03-01T08:25:07.415Z] Error writing to Modbus register: no connection to modbus server
[2025-03-01T08:25:07.416Z] Error reading register 3105 for IP 10.30.4.91: no connection to modbus server
[2025-03-01T08:25:07.416Z] ❌ Error reading register 1000 for IP 10.30.4.91: no connection to modbus server
[2025-03-01T08:25:07.416Z] Error reading actual data: no connection to modbus server
[2025-03-01T08:25:07.464Z] Error writing to Modbus register: no connection to modbus server
[2025-03-01T08:25:07.465Z] Error reading register 3105 for IP 10.30.4.91: no connection to modbus server
[2025-03-01T08:25:07.465Z] ❌ Error reading register 1000 for IP 10.30.4.91: no connection to modbus server
[2025-03-01T08:25:07.465Z] Error reading actual data: no connection to modbus server
[2025-03-01T08:25:07.497Z] Error writing to Modbus register: no connection to modbus server
[2025-03-01T08:25:07.498Z] Error reading register 3105 for IP 10.30.4.91: no connection to modbus server
[2025-03-01T08:25:07.498Z] Error reading actual data: no connection to modbus server
[2025-03-01T08:25:07.498Z] ❌ Error reading register 1000 for IP 10.30.4.91: no connection to modbus server
[2025-03-01T08:25:07.499Z] Error writing to Modbus register: no connection to modbus server
[2025-03-01T08:25:07.499Z] Error reading register 3105 for IP 10.30.4.91: no connection to modbus server
[2025-03-01T08:25:07.499Z] ❌ Error reading register 1000 for IP 10.30.4.91: no connection to modbus server
[2025-03-01T08:25:07.500Z] Error reading actual data: no connection to modbus server
[2025-03-01T08:25:07.500Z] Error writing to Modbus register: no connection to modbus server
[2025-03-01T08:25:07.500Z] Error reading register 3105 for IP 10.30.4.91: no connection to modbus server
[2025-03-01T08:25:07.500Z] ❌ Error reading register 1000 for IP 10.30.4.91: no connection to modbus server
[2025-03-01T08:25:07.500Z] Error reading actual data: no connection to modbus server
[2025-03-01T08:25:07.501Z] Error writing to Modbus register: no connection to modbus server
[2025-03-01T08:25:08.414Z] Error reading register 3105 for IP 10.30.4.91: no connection to modbus server
[2025-03-01T08:25:08.414Z] ❌ Error reading register 1000 for IP 10.30.4.91: no connection to modbus server
[2025-03-01T08:25:08.414Z] Error reading actual data: no connection to modbus server
[2025-03-01T08:25:08.415Z] Error writing to Modbus register: no connection to modbus server
[2025-03-01T08:25:08.416Z] Error reading register 3105 for IP 10.30.4.91: no connection to modbus server
[2025-03-01T08:25:08.416Z] ❌ Error reading register 1000 for IP 10.30.4.91: no connection to modbus server
[2025-03-01T08:25:08.417Z] Error reading actual data: no connection to modbus server
[2025-03-01T08:25:08.476Z] Error writing to Modbus register: no connection to modbus server
[2025-03-01T08:25:08.476Z] Error reading register 3105 for IP 10.30.4.91: no connection to modbus server
[2025-03-01T08:25:08.476Z] ❌ Error reading register 1000 for IP 10.30.4.91: no connection to modbus server
[2025-03-01T08:25:08.476Z] Error reading actual data: no connection to modbus server
[2025-03-01T08:25:08.499Z] Error writing to Modbus register: no connection to modbus server
[2025-03-01T08:25:08.499Z] Error reading register 3105 for IP 10.30.4.91: no connection to modbus server
[2025-03-01T08:25:08.499Z] ❌ Error reading register 1000 for IP 10.30.4.91: no connection to modbus server
[2025-03-01T08:25:08.499Z] Error reading actual data: no connection to modbus server
[2025-03-01T08:25:08.500Z] Error writing to Modbus register: no connection to modbus server
[2025-03-01T08:25:08.500Z] Error reading register 3105 for IP 10.30.4.91: no connection to modbus server
[2025-03-01T08:25:08.500Z] ❌ Error reading register 1000 for IP 10.30.4.91: no connection to modbus server
[2025-03-01T08:25:08.500Z] Error reading actual data: no connection to modbus server
[2025-03-01T08:25:08.501Z] Error writing to Modbus register: no connection to modbus server
[2025-03-01T08:25:08.501Z] Error reading register 3105 for IP 10.30.4.91: no connection to modbus server
[2025-03-01T08:25:08.501Z] ❌ Error reading register 1000 for IP 10.30.4.91: no connection to modbus server
[2025-03-01T08:25:08.501Z] Error reading actual data: no connection to modbus server
[2025-03-01T08:25:08.502Z] Error writing to Modbus register: no connection to modbus server
[2025-03-01T08:25:09.416Z] Error reading register 3105 for IP 10.30.4.91: no connection to modbus server
[2025-03-01T08:25:09.417Z] ❌ Error reading register 1000 for IP 10.30.4.91: no connection to modbus server
[2025-03-01T08:25:09.417Z] Error reading actual data: no connection to modbus server
[2025-03-01T08:25:09.418Z] Error writing to Modbus register: no connection to modbus server
[2025-03-01T08:25:09.420Z] ❌ Error reading register 1000 for IP 10.30.4.91: no connection to modbus server
[2025-03-01T08:25:09.420Z] Error reading register 3105 for IP 10.30.4.91: no connection to modbus server
[2025-03-01T08:25:09.420Z] Error reading actual data: no connection to modbus server
[2025-03-01T08:25:09.482Z] Error writing to Modbus register: no connection to modbus server
[2025-03-01T08:25:09.485Z] Error reading register 3105 for IP 10.30.4.91: no connection to modbus server
[2025-03-01T08:25:09.485Z] ❌ Error reading register 1000 for IP 10.30.4.91: no connection to modbus server
[2025-03-01T08:25:09.486Z] Error reading actual data: no connection to modbus server
[2025-03-01T08:25:09.514Z] Error writing to Modbus register: no connection to modbus server
[2025-03-01T08:25:09.515Z] Error reading register 3105 for IP 10.30.4.91: no connection to modbus server
[2025-03-01T08:25:09.515Z] ❌ Error reading register 1000 for IP 10.30.4.91: no connection to modbus server
[2025-03-01T08:25:09.515Z] Error reading actual data: no connection to modbus server
[2025-03-01T08:25:09.515Z] Error writing to Modbus register: no connection to modbus server
[2025-03-01T08:25:09.516Z] Error reading register 3105 for IP 10.30.4.91: no connection to modbus server
[2025-03-01T08:25:09.516Z] ❌ Error reading register 1000 for IP 10.30.4.91: no connection to modbus server
[2025-03-01T08:25:09.516Z] Error reading actual data: no connection to modbus server
[2025-03-01T08:25:09.516Z] Error writing to Modbus register: no connection to modbus server
[2025-03-01T08:25:09.516Z] Error reading register 3105 for IP 10.30.4.91: no connection to modbus server
[2025-03-01T08:25:09.516Z] ❌ Error reading register 1000 for IP 10.30.4.91: no connection to modbus server
[2025-03-01T08:25:09.517Z] Error writing to Modbus register: no connection to modbus server
[2025-03-01T08:25:09.517Z] Error reading actual data: no connection to modbus server
[2025-03-01T08:25:10.431Z] Error reading register 3105 for IP 10.30.4.91: no connection to modbus server
[2025-03-01T08:25:10.432Z] ❌ Error reading register 1000 for IP 10.30.4.91: no connection to modbus server
[2025-03-01T08:25:10.432Z] Error reading actual data: no connection to modbus server
[2025-03-01T08:25:10.433Z] Error writing to Modbus register: no connection to modbus server
[2025-03-01T08:25:10.434Z] Error reading register 3105 for IP 10.30.4.91: no connection to modbus server
[2025-03-01T08:25:10.435Z] ❌ Error reading register 1000 for IP 10.30.4.91: no connection to modbus server
[2025-03-01T08:25:10.435Z] Error reading actual data: no connection to modbus server
[2025-03-01T08:25:10.482Z] Error writing to Modbus register: no connection to modbus server
[2025-03-01T08:25:10.484Z] Error reading register 3105 for IP 10.30.4.91: no connection to modbus server
[2025-03-01T08:25:10.485Z] ❌ Error reading register 1000 for IP 10.30.4.91: no connection to modbus server
[2025-03-01T08:25:10.485Z] Error reading actual data: no connection to modbus server
[2025-03-01T08:25:10.514Z] Error writing to Modbus register: no connection to modbus server
[2025-03-01T08:25:10.515Z] Error reading register 3105 for IP 10.30.4.91: no connection to modbus server
[2025-03-01T08:25:10.515Z] ❌ Error reading register 1000 for IP 10.30.4.91: no connection to modbus server
[2025-03-01T08:25:10.515Z] Error reading actual data: no connection to modbus server
[2025-03-01T08:25:10.516Z] Error writing to Modbus register: no connection to modbus server
[2025-03-01T08:25:10.516Z] Error reading register 3105 for IP 10.30.4.91: no connection to modbus server
[2025-03-01T08:25:10.516Z] ❌ Error reading register 1000 for IP 10.30.4.91: no connection to modbus server
[2025-03-01T08:25:10.517Z] Error reading actual data: no connection to modbus server
[2025-03-01T08:25:10.517Z] Error writing to Modbus register: no connection to modbus server
[2025-03-01T08:25:10.517Z] Error reading register 3105 for IP 10.30.4.91: no connection to modbus server
[2025-03-01T08:25:10.517Z] ❌ Error reading register 1000 for IP 10.30.4.91: no connection to modbus server
[2025-03-01T08:25:10.517Z] Error reading actual data: no connection to modbus server
[2025-03-01T08:25:10.518Z] Error writing to Modbus register: no connection to modbus server
[2025-03-01T08:25:11.431Z] Error reading register 3105 for IP 10.30.4.91: no connection to modbus server
[2025-03-01T08:25:11.432Z] ❌ Error reading register 1000 for IP 10.30.4.91: no connection to modbus server
[2025-03-01T08:25:11.432Z] Error reading actual data: no connection to modbus server
[2025-03-01T08:25:11.433Z] Error writing to Modbus register: no connection to modbus server
[2025-03-01T08:25:11.434Z] Error reading register 3105 for IP 10.30.4.91: no connection to modbus server
[2025-03-01T08:25:11.434Z] ❌ Error reading register 1000 for IP 10.30.4.91: no connection to modbus server
[2025-03-01T08:25:11.435Z] Error reading actual data: no connection to modbus server
[2025-03-01T08:25:11.499Z] Error writing to Modbus register: no connection to modbus server
[2025-03-01T08:25:11.501Z] Error reading register 3105 for IP 10.30.4.91: no connection to modbus server
[2025-03-01T08:25:11.501Z] ❌ Error reading register 1000 for IP 10.30.4.91: no connection to modbus server
[2025-03-01T08:25:11.502Z] Error reading actual data: no connection to modbus server
[2025-03-01T08:25:11.515Z] Error reading register 3105 for IP 10.30.4.91: no connection to modbus server
[2025-03-01T08:25:11.515Z] ❌ Error reading register 1000 for IP 10.30.4.91: no connection to modbus server
[2025-03-01T08:25:11.514Z] Error writing to Modbus register: no connection to modbus server
[2025-03-01T08:25:11.515Z] Error reading actual data: no connection to modbus server
[2025-03-01T08:25:11.516Z] Error writing to Modbus register: no connection to modbus server
[2025-03-01T08:25:11.516Z] Error reading register 3105 for IP 10.30.4.91: no connection to modbus server
[2025-03-01T08:25:11.516Z] ❌ Error reading register 1000 for IP 10.30.4.91: no connection to modbus server
[2025-03-01T08:25:11.516Z] Error reading actual data: no connection to modbus server
[2025-03-01T08:25:11.517Z] Error writing to Modbus register: no connection to modbus server
[2025-03-01T08:25:11.517Z] Error reading register 3105 for IP 10.30.4.91: no connection to modbus server
[2025-03-01T08:25:11.517Z] ❌ Error reading register 1000 for IP 10.30.4.91: no connection to modbus server
[2025-03-01T08:25:11.517Z] Error reading actual data: no connection to modbus server
[2025-03-01T08:25:11.518Z] Error writing to Modbus register: no connection to modbus server
[2025-03-01T08:25:12.430Z] Error reading register 3105 for IP 10.30.4.91: no connection to modbus server
[2025-03-01T08:25:12.431Z] ❌ Error reading register 1000 for IP 10.30.4.91: no connection to modbus server
[2025-03-01T08:25:12.431Z] Error reading actual data: no connection to modbus server
[2025-03-01T08:25:12.447Z] Error writing to Modbus register: no connection to modbus server
[2025-03-01T08:25:12.448Z] Error reading register 3105 for IP 10.30.4.91: no connection to modbus server
[2025-03-01T08:25:12.448Z] ❌ Error reading register 1000 for IP 10.30.4.91: no connection to modbus server
[2025-03-01T08:25:12.448Z] Error reading actual data: no connection to modbus server
[2025-03-01T08:25:12.514Z] Error writing to Modbus register: no connection to modbus server
[2025-03-01T08:25:12.515Z] Error reading register 3105 for IP 10.30.4.91: no connection to modbus server
[2025-03-01T08:25:12.515Z] ❌ Error reading register 1000 for IP 10.30.4.91: no connection to modbus server
[2025-03-01T08:25:12.515Z] Error reading actual data: no connection to modbus server
[2025-03-01T08:25:12.515Z] Error writing to Modbus register: no connection to modbus server
[2025-03-01T08:25:12.516Z] ❌ Error reading register 1000 for IP 10.30.4.91: no connection to modbus server
[2025-03-01T08:25:12.516Z] Error reading register 3105 for IP 10.30.4.91: no connection to modbus server
[2025-03-01T08:25:12.517Z] Error reading register 3105 for IP 10.30.4.91: no connection to modbus server
[2025-03-01T08:25:12.517Z] ❌ Error reading register 1000 for IP 10.30.4.91: no connection to modbus server
[2025-03-01T08:25:12.517Z] Error reading actual data: no connection to modbus server
[2025-03-01T08:25:12.516Z] Error reading actual data: no connection to modbus server
[2025-03-01T08:25:12.516Z] Error writing to Modbus register: no connection to modbus server
[2025-03-01T08:25:12.518Z] Error writing to Modbus register: no connection to modbus server
[2025-03-01T08:25:12.518Z] Error reading register 3105 for IP 10.30.4.91: no connection to modbus server
[2025-03-01T08:25:12.518Z] ❌ Error reading register 1000 for IP 10.30.4.91: no connection to modbus server
[2025-03-01T08:25:12.519Z] Error reading actual data: no connection to modbus server
[2025-03-01T08:25:12.519Z] Error writing to Modbus register: no connection to modbus server
[2025-03-01T08:25:13.433Z] Error reading register 3105 for IP 10.30.4.91: no connection to modbus server
[2025-03-01T08:25:13.433Z] ❌ Error reading register 1000 for IP 10.30.4.91: no connection to modbus server
[2025-03-01T08:25:13.434Z] Error reading actual data: no connection to modbus server
[2025-03-01T08:25:13.448Z] Error writing to Modbus register: no connection to modbus server
[2025-03-01T08:25:13.449Z] Error reading register 3105 for IP 10.30.4.91: no connection to modbus server
[2025-03-01T08:25:13.449Z] ❌ Error reading register 1000 for IP 10.30.4.91: no connection to modbus server
[2025-03-01T08:25:13.449Z] Error reading actual data: no connection to modbus server
[2025-03-01T08:25:13.531Z] Error writing to Modbus register: no connection to modbus server
[2025-03-01T08:25:13.531Z] Error reading register 3105 for IP 10.30.4.91: no connection to modbus server
[2025-03-01T08:25:13.531Z] ❌ Error reading register 1000 for IP 10.30.4.91: no connection to modbus server
[2025-03-01T08:25:13.532Z] Error writing to Modbus register: no connection to modbus server
[2025-03-01T08:25:13.532Z] Error reading register 3105 for IP 10.30.4.91: no connection to modbus server
[2025-03-01T08:25:13.533Z] ❌ Error reading register 1000 for IP 10.30.4.91: no connection to modbus server
[2025-03-01T08:25:13.532Z] Error reading actual data: no connection to modbus server
[2025-03-01T08:25:13.533Z] Error reading actual data: no connection to modbus server
[2025-03-01T08:25:13.533Z] Error writing to Modbus register: no connection to modbus server
[2025-03-01T08:25:13.534Z] Error reading register 3105 for IP 10.30.4.91: no connection to modbus server
[2025-03-01T08:25:13.534Z] ❌ Error reading register 1000 for IP 10.30.4.91: no connection to modbus server
[2025-03-01T08:25:13.534Z] Error reading actual data: no connection to modbus server
[2025-03-01T08:25:13.534Z] Error writing to Modbus register: no connection to modbus server
[2025-03-01T08:25:13.534Z] Error reading register 3105 for IP 10.30.4.91: no connection to modbus server
[2025-03-01T08:25:13.534Z] ❌ Error reading register 1000 for IP 10.30.4.91: no connection to modbus server
[2025-03-01T08:25:13.535Z] Error reading actual data: no connection to modbus server
[2025-03-01T08:25:13.535Z] Error writing to Modbus register: no connection to modbus server
[2025-03-01T08:25:14.448Z] Error reading register 3105 for IP 10.30.4.91: no connection to modbus server
[2025-03-01T08:25:14.448Z] ❌ Error reading register 1000 for IP 10.30.4.91: no connection to modbus server
[2025-03-01T08:25:14.448Z] Error reading actual data: no connection to modbus server
[2025-03-01T08:25:14.448Z] Error writing to Modbus register: no connection to modbus server
[2025-03-01T08:25:14.449Z] Error reading register 3105 for IP 10.30.4.91: no connection to modbus server
[2025-03-01T08:25:14.449Z] ❌ Error reading register 1000 for IP 10.30.4.91: no connection to modbus server
[2025-03-01T08:25:14.449Z] Error reading actual data: no connection to modbus server
[2025-03-01T08:25:14.531Z] Error writing to Modbus register: no connection to modbus server
[2025-03-01T08:25:14.531Z] Error reading register 3105 for IP 10.30.4.91: no connection to modbus server
[2025-03-01T08:25:14.532Z] ❌ Error reading register 1000 for IP 10.30.4.91: no connection to modbus server
[2025-03-01T08:25:14.532Z] Error reading actual data: no connection to modbus server
[2025-03-01T08:25:14.532Z] Error writing to Modbus register: no connection to modbus server
[2025-03-01T08:25:14.533Z] Error reading actual data: no connection to modbus server
[2025-03-01T08:25:14.533Z] ❌ Error reading register 1000 for IP 10.30.4.91: no connection to modbus server
[2025-03-01T08:25:14.533Z] Error reading register 3105 for IP 10.30.4.91: no connection to modbus server
[2025-03-01T08:25:14.534Z] Error writing to Modbus register: no connection to modbus server
[2025-03-01T08:25:14.534Z] Error reading register 3105 for IP 10.30.4.91: no connection to modbus server
[2025-03-01T08:25:14.534Z] ❌ Error reading register 1000 for IP 10.30.4.91: no connection to modbus server
[2025-03-01T08:25:14.535Z] Error reading actual data: no connection to modbus server
[2025-03-01T08:25:14.535Z] Error writing to Modbus register: no connection to modbus server
[2025-03-01T08:25:14.535Z] Error reading register 3105 for IP 10.30.4.91: no connection to modbus server
[2025-03-01T08:25:14.535Z] ❌ Error reading register 1000 for IP 10.30.4.91: no connection to modbus server
[2025-03-01T08:25:14.535Z] Error reading actual data: no connection to modbus server
[2025-03-01T08:25:14.536Z] Error writing to Modbus register: no connection to modbus server
[2025-03-01T08:25:15.449Z] Error reading register 3105 for IP 10.30.4.91: no connection to modbus server
[2025-03-01T08:25:15.450Z] ❌ Error reading register 1000 for IP 10.30.4.91: no connection to modbus server
[2025-03-01T08:25:15.451Z] Error reading actual data: no connection to modbus server
[2025-03-01T08:25:15.452Z] Error writing to Modbus register: no connection to modbus server
[2025-03-01T08:25:15.453Z] Error reading register 3105 for IP 10.30.4.91: no connection to modbus server
[2025-03-01T08:25:15.454Z] ❌ Error reading register 1000 for IP 10.30.4.91: no connection to modbus server
[2025-03-01T08:25:15.454Z] Error reading actual data: no connection to modbus server
[2025-03-01T08:25:15.531Z] Error writing to Modbus register: no connection to modbus server
[2025-03-01T08:25:15.532Z] ❌ Error reading register 1000 for IP 10.30.4.91: no connection to modbus server
[2025-03-01T08:25:15.532Z] Error reading register 3105 for IP 10.30.4.91: no connection to modbus server
[2025-03-01T08:25:15.532Z] Error reading actual data: no connection to modbus server
[2025-03-01T08:25:15.533Z] Error writing to Modbus register: no connection to modbus server
[2025-03-01T08:25:15.533Z] Error reading register 3105 for IP 10.30.4.91: no connection to modbus server
[2025-03-01T08:25:15.533Z] ❌ Error reading register 1000 for IP 10.30.4.91: no connection to modbus server
[2025-03-01T08:25:15.534Z] Error reading actual data: no connection to modbus server
[2025-03-01T08:25:15.534Z] Error writing to Modbus register: no connection to modbus server
[2025-03-01T08:25:15.535Z] Error reading register 3105 for IP 10.30.4.91: no connection to modbus server
[2025-03-01T08:25:15.535Z] ❌ Error reading register 1000 for IP 10.30.4.91: no connection to modbus server
[2025-03-01T08:25:15.535Z] Error reading actual data: no connection to modbus server
[2025-03-01T08:25:15.536Z] Error writing to Modbus register: no connection to modbus server
[2025-03-01T08:25:15.537Z] ❌ Error reading register 1000 for IP 10.30.4.91: no connection to modbus server
[2025-03-01T08:25:15.537Z] Error reading register 3105 for IP 10.30.4.91: no connection to modbus server
[2025-03-01T08:25:15.538Z] Error writing to Modbus register: no connection to modbus server
[2025-03-01T08:25:15.537Z] Error reading actual data: no connection to modbus server
[2025-03-01T08:25:16.449Z] Error reading register 3105 for IP 10.30.4.91: no connection to modbus server
[2025-03-01T08:25:16.450Z] ❌ Error reading register 1000 for IP 10.30.4.91: no connection to modbus server
[2025-03-01T08:25:16.450Z] Error reading actual data: no connection to modbus server
[2025-03-01T08:25:16.452Z] Error writing to Modbus register: no connection to modbus server
[2025-03-01T08:25:16.454Z] Error reading register 3105 for IP 10.30.4.91: no connection to modbus server
[2025-03-01T08:25:16.454Z] ❌ Error reading register 1000 for IP 10.30.4.91: no connection to modbus server
[2025-03-01T08:25:16.454Z] Error reading actual data: no connection to modbus server
[2025-03-01T08:25:16.531Z] Error writing to Modbus register: no connection to modbus server
[2025-03-01T08:25:16.532Z] Error reading register 3105 for IP 10.30.4.91: no connection to modbus server
[2025-03-01T08:25:16.532Z] ❌ Error reading register 1000 for IP 10.30.4.91: no connection to modbus server
[2025-03-01T08:25:16.532Z] Error reading actual data: no connection to modbus server
[2025-03-01T08:25:16.533Z] Error writing to Modbus register: no connection to modbus server
[2025-03-01T08:25:16.533Z] ❌ Error reading register 1000 for IP 10.30.4.91: no connection to modbus server
[2025-03-01T08:25:16.533Z] Error reading register 3105 for IP 10.30.4.91: no connection to modbus server
[2025-03-01T08:25:16.533Z] Error reading actual data: no connection to modbus server
[2025-03-01T08:25:16.534Z] Error writing to Modbus register: no connection to modbus server
[2025-03-01T08:25:16.534Z] Error reading register 3105 for IP 10.30.4.91: no connection to modbus server
[2025-03-01T08:25:16.534Z] ❌ Error reading register 1000 for IP 10.30.4.91: no connection to modbus server
[2025-03-01T08:25:16.534Z] Error reading actual data: no connection to modbus server
[2025-03-01T08:25:16.548Z] Error reading register 3105 for IP 10.30.4.91: no connection to modbus server
[2025-03-01T08:25:16.548Z] Error reading actual data: no connection to modbus server
[2025-03-01T08:25:16.548Z] ❌ Error reading register 1000 for IP 10.30.4.91: no connection to modbus server
[2025-03-01T08:25:16.549Z] Error writing to Modbus register: no connection to modbus server
[2025-03-01T08:25:16.548Z] Error writing to Modbus register: no connection to modbus server
[2025-03-01T08:25:17.449Z] Error reading register 3105 for IP 10.30.4.91: no connection to modbus server
[2025-03-01T08:25:17.449Z] ❌ Error reading register 1000 for IP 10.30.4.91: no connection to modbus server
[2025-03-01T08:25:17.450Z] Error reading actual data: no connection to modbus server
[2025-03-01T08:25:17.451Z] Error writing to Modbus register: no connection to modbus server
[2025-03-01T08:25:17.453Z] Error reading register 3105 for IP 10.30.4.91: no connection to modbus server
[2025-03-01T08:25:17.453Z] ❌ Error reading register 1000 for IP 10.30.4.91: no connection to modbus server
[2025-03-01T08:25:17.454Z] Error reading actual data: no connection to modbus server
[2025-03-01T08:25:17.547Z] Error writing to Modbus register: no connection to modbus server
[2025-03-01T08:25:17.548Z] Error reading register 3105 for IP 10.30.4.91: no connection to modbus server
[2025-03-01T08:25:17.548Z] ❌ Error reading register 1000 for IP 10.30.4.91: no connection to modbus server
[2025-03-01T08:25:17.548Z] Error reading actual data: no connection to modbus server
[2025-03-01T08:25:17.548Z] Error writing to Modbus register: no connection to modbus server
[2025-03-01T08:25:17.549Z] Error reading register 3105 for IP 10.30.4.91: no connection to modbus server
[2025-03-01T08:25:17.549Z] ❌ Error reading register 1000 for IP 10.30.4.91: no connection to modbus server
[2025-03-01T08:25:17.549Z] Error reading actual data: no connection to modbus server
[2025-03-01T08:25:17.549Z] Error writing to Modbus register: no connection to modbus server
[2025-03-01T08:25:17.550Z] Error reading register 3105 for IP 10.30.4.91: no connection to modbus server
[2025-03-01T08:25:17.550Z] ❌ Error reading register 1000 for IP 10.30.4.91: no connection to modbus server
[2025-03-01T08:25:17.550Z] Error reading actual data: no connection to modbus server
[2025-03-01T08:25:17.550Z] Error writing to Modbus register: no connection to modbus server
[2025-03-01T08:25:17.551Z] Error reading register 3105 for IP 10.30.4.91: no connection to modbus server
[2025-03-01T08:25:17.551Z] ❌ Error reading register 1000 for IP 10.30.4.91: no connection to modbus server
[2025-03-01T08:25:17.551Z] Error reading actual data: no connection to modbus server
[2025-03-01T08:25:17.551Z] Error writing to Modbus register: no connection to modbus server
[2025-03-01T08:25:18.449Z] Error reading register 3105 for IP 10.30.4.91: no connection to modbus server
[2025-03-01T08:25:18.450Z] ❌ Error reading register 1000 for IP 10.30.4.91: no connection to modbus server
[2025-03-01T08:25:18.450Z] Error reading actual data: no connection to modbus server
[2025-03-01T08:25:18.451Z] Error writing to Modbus register: no connection to modbus server
[2025-03-01T08:25:18.452Z] ❌ Error reading register 1000 for IP 10.30.4.91: no connection to modbus server
[2025-03-01T08:25:18.452Z] Error reading register 3105 for IP 10.30.4.91: no connection to modbus server
[2025-03-01T08:25:18.452Z] Error reading actual data: no connection to modbus server
[2025-03-01T08:25:18.550Z] Error reading register 3105 for IP 10.30.4.91: no connection to modbus server
[2025-03-01T08:25:18.550Z] ❌ Error reading register 1000 for IP 10.30.4.91: no connection to modbus server
[2025-03-01T08:25:18.551Z] Error reading actual data: no connection to modbus server
[2025-03-01T08:25:18.551Z] Error writing to Modbus register: no connection to modbus server
[2025-03-01T08:25:18.551Z] Error reading register 3105 for IP 10.30.4.91: no connection to modbus server
[2025-03-01T08:25:18.551Z] ❌ Error reading register 1000 for IP 10.30.4.91: no connection to modbus server
[2025-03-01T08:25:18.550Z] Error writing to Modbus register: no connection to modbus server
[2025-03-01T08:25:18.552Z] Error reading actual data: no connection to modbus server
[2025-03-01T08:25:18.552Z] Error writing to Modbus register: no connection to modbus server
[2025-03-01T08:25:18.552Z] ❌ Error reading register 1000 for IP 10.30.4.91: no connection to modbus server
[2025-03-01T08:25:18.552Z] Error reading register 3105 for IP 10.30.4.91: no connection to modbus server
[2025-03-01T08:25:18.552Z] Error reading actual data: no connection to modbus server
[2025-03-01T08:25:18.553Z] Error writing to Modbus register: no connection to modbus server
[2025-03-01T08:25:18.553Z] Error reading register 3105 for IP 10.30.4.91: no connection to modbus server
[2025-03-01T08:25:18.553Z] Error reading actual data: no connection to modbus server
[2025-03-01T08:25:18.553Z] ❌ Error reading register 1000 for IP 10.30.4.91: no connection to modbus server
[2025-03-01T08:25:18.554Z] Error writing to Modbus register: no connection to modbus server
[2025-03-01T08:25:19.465Z] Error reading register 3105 for IP 10.30.4.91: no connection to modbus server
[2025-03-01T08:25:19.466Z] ❌ Error reading register 1000 for IP 10.30.4.91: no connection to modbus server
[2025-03-01T08:25:19.466Z] Error reading actual data: no connection to modbus server
[2025-03-01T08:25:19.467Z] Error writing to Modbus register: no connection to modbus server
[2025-03-01T08:25:19.469Z] Error reading register 3105 for IP 10.30.4.91: no connection to modbus server
[2025-03-01T08:25:19.469Z] ❌ Error reading register 1000 for IP 10.30.4.91: no connection to modbus server
[2025-03-01T08:25:19.469Z] Error reading actual data: no connection to modbus server
[2025-03-01T08:25:19.551Z] Error writing to Modbus register: no connection to modbus server
[2025-03-01T08:25:19.551Z] Error reading register 3105 for IP 10.30.4.91: no connection to modbus server
[2025-03-01T08:25:19.551Z] ❌ Error reading register 1000 for IP 10.30.4.91: no connection to modbus server
[2025-03-01T08:25:19.552Z] Error reading actual data: no connection to modbus server
[2025-03-01T08:25:19.552Z] Error reading register 3105 for IP 10.30.4.91: no connection to modbus server
[2025-03-01T08:25:19.552Z] Error writing to Modbus register: no connection to modbus server
[2025-03-01T08:25:19.552Z] ❌ Error reading register 1000 for IP 10.30.4.91: no connection to modbus server
[2025-03-01T08:25:19.553Z] Error reading actual data: no connection to modbus server
[2025-03-01T08:25:19.553Z] Error writing to Modbus register: no connection to modbus server
[2025-03-01T08:25:19.553Z] Error reading register 3105 for IP 10.30.4.91: no connection to modbus server
[2025-03-01T08:25:19.553Z] ❌ Error reading register 1000 for IP 10.30.4.91: no connection to modbus server
[2025-03-01T08:25:19.553Z] Error reading actual data: no connection to modbus server
[2025-03-01T08:25:19.554Z] Error writing to Modbus register: no connection to modbus server
[2025-03-01T08:25:19.554Z] ❌ Error reading register 1000 for IP 10.30.4.91: no connection to modbus server
[2025-03-01T08:25:19.554Z] Error reading register 3105 for IP 10.30.4.91: no connection to modbus server
[2025-03-01T08:25:19.555Z] Error writing to Modbus register: no connection to modbus server
[2025-03-01T08:25:19.555Z] Error reading actual data: no connection to modbus server
[2025-03-01T08:25:20.464Z] Error reading register 3105 for IP 10.30.4.91: no connection to modbus server
[2025-03-01T08:25:20.464Z] ❌ Error reading register 1000 for IP 10.30.4.91: no connection to modbus server
[2025-03-01T08:25:20.464Z] Error reading actual data: no connection to modbus server
[2025-03-01T08:25:20.481Z] Error writing to Modbus register: no connection to modbus server
[2025-03-01T08:25:20.482Z] ❌ Error reading register 1000 for IP 10.30.4.91: no connection to modbus server
[2025-03-01T08:25:20.482Z] Error reading register 3105 for IP 10.30.4.91: no connection to modbus server
[2025-03-01T08:25:20.482Z] Error reading actual data: no connection to modbus server
[2025-03-01T08:25:20.556Z] Error writing to Modbus register: no connection to modbus server
[2025-03-01T08:25:20.556Z] Error reading register 3105 for IP 10.30.4.91: no connection to modbus server
[2025-03-01T08:25:20.557Z] ❌ Error reading register 1000 for IP 10.30.4.91: no connection to modbus server
[2025-03-01T08:25:20.557Z] Error reading actual data: no connection to modbus server
[2025-03-01T08:25:20.557Z] Error writing to Modbus register: no connection to modbus server
[2025-03-01T08:25:20.557Z] Error reading register 3105 for IP 10.30.4.91: no connection to modbus server
[2025-03-01T08:25:20.557Z] ❌ Error reading register 1000 for IP 10.30.4.91: no connection to modbus server
[2025-03-01T08:25:20.558Z] Error reading actual data: no connection to modbus server
[2025-03-01T08:25:20.558Z] Error writing to Modbus register: no connection to modbus server
[2025-03-01T08:25:20.558Z] Error reading register 3105 for IP 10.30.4.91: no connection to modbus server
[2025-03-01T08:25:20.558Z] ❌ Error reading register 1000 for IP 10.30.4.91: no connection to modbus server
[2025-03-01T08:25:20.559Z] Error reading actual data: no connection to modbus server
[2025-03-01T08:25:20.559Z] Error writing to Modbus register: no connection to modbus server
[2025-03-01T08:25:20.559Z] Error reading register 3105 for IP 10.30.4.91: no connection to modbus server
[2025-03-01T08:25:20.559Z] ❌ Error reading register 1000 for IP 10.30.4.91: no connection to modbus server
[2025-03-01T08:25:20.559Z] Error reading actual data: no connection to modbus server
[2025-03-01T08:25:20.560Z] Error writing to Modbus register: no connection to modbus server
[2025-03-01T08:25:21.465Z] Error reading register 3105 for IP 10.30.4.91: no connection to modbus server
[2025-03-01T08:25:21.466Z] ❌ Error reading register 1000 for IP 10.30.4.91: no connection to modbus server
[2025-03-01T08:25:21.466Z] Error reading actual data: no connection to modbus server
[2025-03-01T08:25:21.481Z] Error writing to Modbus register: no connection to modbus server
[2025-03-01T08:25:21.481Z] Error reading register 3105 for IP 10.30.4.91: no connection to modbus server
[2025-03-01T08:25:21.481Z] ❌ Error reading register 1000 for IP 10.30.4.91: no connection to modbus server
[2025-03-01T08:25:21.482Z] Error reading actual data: no connection to modbus server
[2025-03-01T08:25:21.564Z] Error writing to Modbus register: no connection to modbus server
[2025-03-01T08:25:21.565Z] Error reading register 3105 for IP 10.30.4.91: no connection to modbus server
[2025-03-01T08:25:21.565Z] ❌ Error reading register 1000 for IP 10.30.4.91: no connection to modbus server
[2025-03-01T08:25:21.565Z] Error reading actual data: no connection to modbus server
[2025-03-01T08:25:21.565Z] Error writing to Modbus register: no connection to modbus server
[2025-03-01T08:25:21.566Z] Error reading register 3105 for IP 10.30.4.91: no connection to modbus server
[2025-03-01T08:25:21.566Z] ❌ Error reading register 1000 for IP 10.30.4.91: no connection to modbus server
[2025-03-01T08:25:21.566Z] Error reading actual data: no connection to modbus server
[2025-03-01T08:25:21.566Z] Error writing to Modbus register: no connection to modbus server
[2025-03-01T08:25:21.567Z] Error reading register 3105 for IP 10.30.4.91: no connection to modbus server
[2025-03-01T08:25:21.567Z] ❌ Error reading register 1000 for IP 10.30.4.91: no connection to modbus server
[2025-03-01T08:25:21.567Z] Error reading actual data: no connection to modbus server
[2025-03-01T08:25:21.567Z] Error writing to Modbus register: no connection to modbus server
[2025-03-01T08:25:21.567Z] Error reading register 3105 for IP 10.30.4.91: no connection to modbus server
[2025-03-01T08:25:21.567Z] ❌ Error reading register 1000 for IP 10.30.4.91: no connection to modbus server
[2025-03-01T08:25:21.568Z] Error reading actual data: no connection to modbus server
[2025-03-01T08:25:21.568Z] Error writing to Modbus register: no connection to modbus server
[2025-03-01T08:25:22.468Z] Error reading register 3105 for IP 10.30.4.91: no connection to modbus server
[2025-03-01T08:25:22.469Z] ❌ Error reading register 1000 for IP 10.30.4.91: no connection to modbus server
[2025-03-01T08:25:22.469Z] Error reading actual data: no connection to modbus server
[2025-03-01T08:25:22.481Z] Error writing to Modbus register: no connection to modbus server
[2025-03-01T08:25:22.482Z] Error reading register 3105 for IP 10.30.4.91: no connection to modbus server
[2025-03-01T08:25:22.482Z] ❌ Error reading register 1000 for IP 10.30.4.91: no connection to modbus server
[2025-03-01T08:25:22.482Z] Error reading actual data: no connection to modbus server
[2025-03-01T08:25:22.569Z] Error reading register 3105 for IP 10.30.4.91: no connection to modbus server
[2025-03-01T08:25:22.569Z] ❌ Error reading register 1000 for IP 10.30.4.91: no connection to modbus server
[2025-03-01T08:25:22.569Z] Error reading actual data: no connection to modbus server
[2025-03-01T08:25:22.569Z] Error writing to Modbus register: no connection to modbus server
[2025-03-01T08:25:22.568Z] Error writing to Modbus register: no connection to modbus server
[2025-03-01T08:25:22.570Z] Error reading register 3105 for IP 10.30.4.91: no connection to modbus server
[2025-03-01T08:25:22.570Z] ❌ Error reading register 1000 for IP 10.30.4.91: no connection to modbus server
[2025-03-01T08:25:22.570Z] Error reading actual data: no connection to modbus server
[2025-03-01T08:25:22.571Z] Error reading register 3105 for IP 10.30.4.91: no connection to modbus server
[2025-03-01T08:25:22.570Z] Error writing to Modbus register: no connection to modbus server
[2025-03-01T08:25:22.571Z] ❌ Error reading register 1000 for IP 10.30.4.91: no connection to modbus server
[2025-03-01T08:25:22.571Z] Error reading actual data: no connection to modbus server
[2025-03-01T08:25:22.571Z] Error reading register 3105 for IP 10.30.4.91: no connection to modbus server
[2025-03-01T08:25:22.571Z] Error writing to Modbus register: no connection to modbus server
[2025-03-01T08:25:22.571Z] ❌ Error reading register 1000 for IP 10.30.4.91: no connection to modbus server
[2025-03-01T08:25:22.571Z] Error reading actual data: no connection to modbus server
[2025-03-01T08:25:22.572Z] Error writing to Modbus register: no connection to modbus server
[2025-03-01T08:25:23.469Z] Error reading register 3105 for IP 10.30.4.91: no connection to modbus server
[2025-03-01T08:25:23.469Z] ❌ Error reading register 1000 for IP 10.30.4.91: no connection to modbus server
[2025-03-01T08:25:23.469Z] Error reading actual data: no connection to modbus server
[2025-03-01T08:25:23.482Z] Error writing to Modbus register: no connection to modbus server
[2025-03-01T08:25:23.482Z] Error reading register 3105 for IP 10.30.4.91: no connection to modbus server
[2025-03-01T08:25:23.482Z] ❌ Error reading register 1000 for IP 10.30.4.91: no connection to modbus server
[2025-03-01T08:25:23.482Z] Error reading actual data: no connection to modbus server
[2025-03-01T08:25:23.582Z] Error writing to Modbus register: no connection to modbus server
[2025-03-01T08:25:23.582Z] Error reading register 3105 for IP 10.30.4.91: no connection to modbus server
[2025-03-01T08:25:23.582Z] ❌ Error reading register 1000 for IP 10.30.4.91: no connection to modbus server
[2025-03-01T08:25:23.582Z] Error reading actual data: no connection to modbus server
[2025-03-01T08:25:23.583Z] ❌ Error reading register 1000 for IP 10.30.4.91: no connection to modbus server
[2025-03-01T08:25:23.583Z] Error writing to Modbus register: no connection to modbus server
[2025-03-01T08:25:23.583Z] Error reading register 3105 for IP 10.30.4.91: no connection to modbus server
[2025-03-01T08:25:23.584Z] Error reading register 3105 for IP 10.30.4.91: no connection to modbus server
[2025-03-01T08:25:23.583Z] Error writing to Modbus register: no connection to modbus server
[2025-03-01T08:25:23.584Z] Error reading actual data: no connection to modbus server
[2025-03-01T08:25:23.584Z] ❌ Error reading register 1000 for IP 10.30.4.91: no connection to modbus server
[2025-03-01T08:25:23.585Z] Error reading register 3105 for IP 10.30.4.91: no connection to modbus server
[2025-03-01T08:25:23.585Z] ❌ Error reading register 1000 for IP 10.30.4.91: no connection to modbus server
[2025-03-01T08:25:23.585Z] Error reading actual data: no connection to modbus server
[2025-03-01T08:25:23.584Z] Error writing to Modbus register: no connection to modbus server
[2025-03-01T08:25:23.583Z] Error reading actual data: no connection to modbus server
[2025-03-01T08:25:23.585Z] Error writing to Modbus register: no connection to modbus server
[2025-03-01T08:25:24.474Z] Error reading register 3105 for IP 10.30.4.91: no connection to modbus server
[2025-03-01T08:25:24.474Z] ❌ Error reading register 1000 for IP 10.30.4.91: no connection to modbus server
[2025-03-01T08:25:24.474Z] Error reading actual data: no connection to modbus server
[2025-03-01T08:25:24.490Z] Error writing to Modbus register: no connection to modbus server
[2025-03-01T08:25:24.490Z] Error reading register 3105 for IP 10.30.4.91: no connection to modbus server
[2025-03-01T08:25:24.490Z] ❌ Error reading register 1000 for IP 10.30.4.91: no connection to modbus server
[2025-03-01T08:25:24.490Z] Error reading actual data: no connection to modbus server
[2025-03-01T08:25:24.595Z] Error writing to Modbus register: no connection to modbus server
[2025-03-01T08:25:24.599Z] Error reading register 3105 for IP 10.30.4.91: no connection to modbus server
[2025-03-01T08:25:24.600Z] ❌ Error reading register 1000 for IP 10.30.4.91: no connection to modbus server
[2025-03-01T08:25:24.600Z] Error reading actual data: no connection to modbus server
[2025-03-01T08:25:24.601Z] Error writing to Modbus register: no connection to modbus server
[2025-03-01T08:25:24.602Z] Error reading register 3105 for IP 10.30.4.91: no connection to modbus server
[2025-03-01T08:25:24.602Z] ❌ Error reading register 1000 for IP 10.30.4.91: no connection to modbus server
[2025-03-01T08:25:24.603Z] Error writing to Modbus register: no connection to modbus server
[2025-03-01T08:25:24.604Z] Error reading register 3105 for IP 10.30.4.91: no connection to modbus server
[2025-03-01T08:25:24.604Z] ❌ Error reading register 1000 for IP 10.30.4.91: no connection to modbus server
[2025-03-01T08:25:24.604Z] Error reading actual data: no connection to modbus server
[2025-03-01T08:25:24.604Z] Error writing to Modbus register: no connection to modbus server
[2025-03-01T08:25:24.603Z] Error reading actual data: no connection to modbus server
[2025-03-01T08:25:24.605Z] Error reading register 3105 for IP 10.30.4.91: no connection to modbus server
[2025-03-01T08:25:24.605Z] ❌ Error reading register 1000 for IP 10.30.4.91: no connection to modbus server
[2025-03-01T08:25:24.605Z] Error reading actual data: no connection to modbus server
[2025-03-01T08:25:24.606Z] Error writing to Modbus register: no connection to modbus server
[2025-03-01T08:25:25.482Z] Error reading register 3105 for IP 10.30.4.91: no connection to modbus server
[2025-03-01T08:25:25.482Z] ❌ Error reading register 1000 for IP 10.30.4.91: no connection to modbus server
[2025-03-01T08:25:25.482Z] Error reading actual data: no connection to modbus server
[2025-03-01T08:25:25.499Z] Error writing to Modbus register: no connection to modbus server
[2025-03-01T08:25:25.500Z] Error reading register 3105 for IP 10.30.4.91: no connection to modbus server
[2025-03-01T08:25:25.500Z] ❌ Error reading register 1000 for IP 10.30.4.91: no connection to modbus server
[2025-03-01T08:25:25.500Z] Error reading actual data: no connection to modbus server
[2025-03-01T08:25:25.599Z] Error writing to Modbus register: no connection to modbus server
[2025-03-01T08:25:25.600Z] Error reading register 3105 for IP 10.30.4.91: no connection to modbus server
[2025-03-01T08:25:25.600Z] ❌ Error reading register 1000 for IP 10.30.4.91: no connection to modbus server
[2025-03-01T08:25:25.600Z] Error reading actual data: no connection to modbus server
[2025-03-01T08:25:25.601Z] Error writing to Modbus register: no connection to modbus server
[2025-03-01T08:25:25.601Z] Error reading register 3105 for IP 10.30.4.91: no connection to modbus server
[2025-03-01T08:25:25.601Z] ❌ Error reading register 1000 for IP 10.30.4.91: no connection to modbus server
[2025-03-01T08:25:25.601Z] Error reading actual data: no connection to modbus server
[2025-03-01T08:25:25.614Z] Error writing to Modbus register: no connection to modbus server
[2025-03-01T08:25:25.615Z] Error reading register 3105 for IP 10.30.4.91: no connection to modbus server
[2025-03-01T08:25:25.615Z] ❌ Error reading register 1000 for IP 10.30.4.91: no connection to modbus server
[2025-03-01T08:25:25.616Z] Error writing to Modbus register: no connection to modbus server
[2025-03-01T08:25:25.616Z] Error reading register 3105 for IP 10.30.4.91: no connection to modbus server
[2025-03-01T08:25:25.616Z] ❌ Error reading register 1000 for IP 10.30.4.91: no connection to modbus server
[2025-03-01T08:25:25.615Z] Error reading actual data: no connection to modbus server
[2025-03-01T08:25:25.616Z] Error writing to Modbus register: no connection to modbus server
[2025-03-01T08:25:25.616Z] Error reading actual data: no connection to modbus server
[2025-03-01T08:25:26.482Z] Error reading register 3105 for IP 10.30.4.91: no connection to modbus server
[2025-03-01T08:25:26.482Z] ❌ Error reading register 1000 for IP 10.30.4.91: no connection to modbus server
[2025-03-01T08:25:26.482Z] Error reading actual data: no connection to modbus server
[2025-03-01T08:25:26.514Z] Error writing to Modbus register: no connection to modbus server
[2025-03-01T08:25:26.515Z] Error reading register 3105 for IP 10.30.4.91: no connection to modbus server
[2025-03-01T08:25:26.515Z] ❌ Error reading register 1000 for IP 10.30.4.91: no connection to modbus server
[2025-03-01T08:25:26.515Z] Error reading actual data: no connection to modbus server
[2025-03-01T08:25:26.599Z] Error writing to Modbus register: no connection to modbus server
[2025-03-01T08:25:26.600Z] Error reading register 3105 for IP 10.30.4.91: no connection to modbus server
[2025-03-01T08:25:26.600Z] Error reading actual data: no connection to modbus server
[2025-03-01T08:25:26.600Z] ❌ Error reading register 1000 for IP 10.30.4.91: no connection to modbus server
[2025-03-01T08:25:26.601Z] Error writing to Modbus register: no connection to modbus server
[2025-03-01T08:25:26.601Z] Error reading register 3105 for IP 10.30.4.91: no connection to modbus server
[2025-03-01T08:25:26.601Z] ❌ Error reading register 1000 for IP 10.30.4.91: no connection to modbus server
[2025-03-01T08:25:26.601Z] Error reading actual data: no connection to modbus server
[2025-03-01T08:25:26.615Z] Error writing to Modbus register: no connection to modbus server
[2025-03-01T08:25:26.616Z] Error reading register 3105 for IP 10.30.4.91: no connection to modbus server
[2025-03-01T08:25:26.616Z] ❌ Error reading register 1000 for IP 10.30.4.91: no connection to modbus server
[2025-03-01T08:25:26.616Z] Error reading actual data: no connection to modbus server
[2025-03-01T08:25:26.616Z] Error writing to Modbus register: no connection to modbus server
[2025-03-01T08:25:26.617Z] Error reading register 3105 for IP 10.30.4.91: no connection to modbus server
[2025-03-01T08:25:26.617Z] ❌ Error reading register 1000 for IP 10.30.4.91: no connection to modbus server
[2025-03-01T08:25:26.617Z] Error reading actual data: no connection to modbus server
[2025-03-01T08:25:26.617Z] Error writing to Modbus register: no connection to modbus server
[2025-03-01T08:25:27.495Z] Error reading register 3105 for IP 10.30.4.91: no connection to modbus server
[2025-03-01T08:25:27.495Z] ❌ Error reading register 1000 for IP 10.30.4.91: no connection to modbus server
[2025-03-01T08:25:27.495Z] Error reading actual data: no connection to modbus server
[2025-03-01T08:25:27.531Z] Error writing to Modbus register: no connection to modbus server
[2025-03-01T08:25:27.531Z] Error reading register 3105 for IP 10.30.4.91: no connection to modbus server
[2025-03-01T08:25:27.531Z] ❌ Error reading register 1000 for IP 10.30.4.91: no connection to modbus server
[2025-03-01T08:25:27.531Z] Error reading actual data: no connection to modbus server
[2025-03-01T08:25:27.599Z] Error writing to Modbus register: no connection to modbus server
[2025-03-01T08:25:27.600Z] Error reading register 3105 for IP 10.30.4.91: no connection to modbus server
[2025-03-01T08:25:27.600Z] Error reading actual data: no connection to modbus server
[2025-03-01T08:25:27.600Z] ❌ Error reading register 1000 for IP 10.30.4.91: no connection to modbus server
[2025-03-01T08:25:27.601Z] Error writing to Modbus register: no connection to modbus server
[2025-03-01T08:25:27.601Z] Error reading register 3105 for IP 10.30.4.91: no connection to modbus server
[2025-03-01T08:25:27.601Z] ❌ Error reading register 1000 for IP 10.30.4.91: no connection to modbus server
[2025-03-01T08:25:27.602Z] Error reading actual data: no connection to modbus server
[2025-03-01T08:25:27.615Z] Error writing to Modbus register: no connection to modbus server
[2025-03-01T08:25:27.617Z] Error reading register 3105 for IP 10.30.4.91: no connection to modbus server
[2025-03-01T08:25:27.617Z] ❌ Error reading register 1000 for IP 10.30.4.91: no connection to modbus server
[2025-03-01T08:25:27.617Z] Error reading actual data: no connection to modbus server
[2025-03-01T08:25:27.631Z] Error writing to Modbus register: no connection to modbus server
[2025-03-01T08:25:27.631Z] Error reading register 3105 for IP 10.30.4.91: no connection to modbus server
[2025-03-01T08:25:27.631Z] ❌ Error reading register 1000 for IP 10.30.4.91: no connection to modbus server
[2025-03-01T08:25:27.631Z] Error reading actual data: no connection to modbus server
[2025-03-01T08:25:27.632Z] Error writing to Modbus register: no connection to modbus server
[2025-03-01T08:25:28.498Z] Error reading register 3105 for IP 10.30.4.91: no connection to modbus server
[2025-03-01T08:25:28.498Z] ❌ Error reading register 1000 for IP 10.30.4.91: no connection to modbus server
[2025-03-01T08:25:28.498Z] Error reading actual data: no connection to modbus server
[2025-03-01T08:25:28.547Z] Error writing to Modbus register: no connection to modbus server
[2025-03-01T08:25:28.547Z] Error reading register 3105 for IP 10.30.4.91: no connection to modbus server
[2025-03-01T08:25:28.547Z] ❌ Error reading register 1000 for IP 10.30.4.91: no connection to modbus server
[2025-03-01T08:25:28.548Z] Error reading actual data: no connection to modbus server
[2025-03-01T08:25:28.605Z] Error writing to Modbus register: no connection to modbus server
[2025-03-01T08:25:28.605Z] Error reading register 3105 for IP 10.30.4.91: no connection to modbus server
[2025-03-01T08:25:28.606Z] ❌ Error reading register 1000 for IP 10.30.4.91: no connection to modbus server
[2025-03-01T08:25:28.606Z] Error reading actual data: no connection to modbus server
[2025-03-01T08:25:28.606Z] Error writing to Modbus register: no connection to modbus server
[2025-03-01T08:25:28.606Z] Error reading register 3105 for IP 10.30.4.91: no connection to modbus server
[2025-03-01T08:25:28.606Z] ❌ Error reading register 1000 for IP 10.30.4.91: no connection to modbus server
[2025-03-01T08:25:28.606Z] Error reading actual data: no connection to modbus server
[2025-03-01T08:25:28.620Z] Error writing to Modbus register: no connection to modbus server
[2025-03-01T08:25:28.621Z] Error reading register 3105 for IP 10.30.4.91: no connection to modbus server
[2025-03-01T08:25:28.621Z] ❌ Error reading register 1000 for IP 10.30.4.91: no connection to modbus server
[2025-03-01T08:25:28.621Z] Error reading actual data: no connection to modbus server
[2025-03-01T08:25:28.631Z] Error writing to Modbus register: no connection to modbus server
[2025-03-01T08:25:28.632Z] Error reading register 3105 for IP 10.30.4.91: no connection to modbus server
[2025-03-01T08:25:28.632Z] ❌ Error reading register 1000 for IP 10.30.4.91: no connection to modbus server
[2025-03-01T08:25:28.632Z] Error reading actual data: no connection to modbus server
[2025-03-01T08:25:28.632Z] Error writing to Modbus register: no connection to modbus server
[2025-03-01T08:25:29.499Z] Error reading register 3105 for IP 10.30.4.91: no connection to modbus server
[2025-03-01T08:25:29.499Z] ❌ Error reading register 1000 for IP 10.30.4.91: no connection to modbus server
[2025-03-01T08:25:29.499Z] Error reading actual data: no connection to modbus server
[2025-03-01T08:25:29.557Z] Error writing to Modbus register: no connection to modbus server
[2025-03-01T08:25:29.558Z] Error reading register 3105 for IP 10.30.4.91: no connection to modbus server
[2025-03-01T08:25:29.558Z] Error reading actual data: no connection to modbus server
[2025-03-01T08:25:29.558Z] ❌ Error reading register 1000 for IP 10.30.4.91: no connection to modbus server
[2025-03-01T08:25:29.615Z] Error writing to Modbus register: no connection to modbus server
[2025-03-01T08:25:29.616Z] Error reading register 3105 for IP 10.30.4.91: no connection to modbus server
[2025-03-01T08:25:29.616Z] ❌ Error reading register 1000 for IP 10.30.4.91: no connection to modbus server
[2025-03-01T08:25:29.616Z] Error reading actual data: no connection to modbus server
[2025-03-01T08:25:29.616Z] Error writing to Modbus register: no connection to modbus server
[2025-03-01T08:25:29.617Z] ❌ Error reading register 1000 for IP 10.30.4.91: no connection to modbus server
[2025-03-01T08:25:29.617Z] Error reading register 3105 for IP 10.30.4.91: no connection to modbus server
[2025-03-01T08:25:29.617Z] Error reading actual data: no connection to modbus server
[2025-03-01T08:25:29.631Z] Error writing to Modbus register: no connection to modbus server
[2025-03-01T08:25:29.632Z] Error reading register 3105 for IP 10.30.4.91: no connection to modbus server
[2025-03-01T08:25:29.632Z] ❌ Error reading register 1000 for IP 10.30.4.91: no connection to modbus server
[2025-03-01T08:25:29.632Z] Error reading actual data: no connection to modbus server
[2025-03-01T08:25:29.632Z] Error writing to Modbus register: no connection to modbus server
[2025-03-01T08:25:29.633Z] Error reading register 3105 for IP 10.30.4.91: no connection to modbus server
[2025-03-01T08:25:29.633Z] ❌ Error reading register 1000 for IP 10.30.4.91: no connection to modbus server
[2025-03-01T08:25:29.633Z] Error reading actual data: no connection to modbus server
[2025-03-01T08:25:29.634Z] Error writing to Modbus register: no connection to modbus server
[2025-03-01T08:25:30.501Z] Error reading register 3105 for IP 10.30.4.91: no connection to modbus server
[2025-03-01T08:25:30.501Z] ❌ Error reading register 1000 for IP 10.30.4.91: no connection to modbus server
[2025-03-01T08:25:30.502Z] Error reading actual data: no connection to modbus server
[2025-03-01T08:25:30.564Z] Error writing to Modbus register: no connection to modbus server
[2025-03-01T08:25:30.565Z] Error reading register 3105 for IP 10.30.4.91: no connection to modbus server
[2025-03-01T08:25:30.565Z] Error reading actual data: no connection to modbus server
[2025-03-01T08:25:30.565Z] ❌ Error reading register 1000 for IP 10.30.4.91: no connection to modbus server
[2025-03-01T08:25:30.619Z] Error writing to Modbus register: no connection to modbus server
[2025-03-01T08:25:30.620Z] ❌ Error reading register 1000 for IP 10.30.4.91: no connection to modbus server
[2025-03-01T08:25:30.620Z] Error reading register 3105 for IP 10.30.4.91: no connection to modbus server
[2025-03-01T08:25:30.620Z] Error reading actual data: no connection to modbus server
[2025-03-01T08:25:30.620Z] Error writing to Modbus register: no connection to modbus server
[2025-03-01T08:25:30.621Z] Error reading register 3105 for IP 10.30.4.91: no connection to modbus server
[2025-03-01T08:25:30.621Z] ❌ Error reading register 1000 for IP 10.30.4.91: no connection to modbus server
[2025-03-01T08:25:30.621Z] Error reading actual data: no connection to modbus server
[2025-03-01T08:25:30.634Z] Error writing to Modbus register: no connection to modbus server
[2025-03-01T08:25:30.635Z] Error reading register 3105 for IP 10.30.4.91: no connection to modbus server
[2025-03-01T08:25:30.635Z] ❌ Error reading register 1000 for IP 10.30.4.91: no connection to modbus server
[2025-03-01T08:25:30.636Z] Error reading actual data: no connection to modbus server
[2025-03-01T08:25:30.637Z] Error reading register 3105 for IP 10.30.4.91: no connection to modbus server
[2025-03-01T08:25:30.636Z] Error writing to Modbus register: no connection to modbus server
[2025-03-01T08:25:30.637Z] ❌ Error reading register 1000 for IP 10.30.4.91: no connection to modbus server
[2025-03-01T08:25:30.638Z] Error reading actual data: no connection to modbus server
[2025-03-01T08:25:30.638Z] Error writing to Modbus register: no connection to modbus server
[2025-03-01T08:25:31.512Z] Error reading register 3105 for IP 10.30.4.91: no connection to modbus server
[2025-03-01T08:25:31.513Z] ❌ Error reading register 1000 for IP 10.30.4.91: no connection to modbus server
[2025-03-01T08:25:31.513Z] Error reading actual data: no connection to modbus server
[2025-03-01T08:25:31.566Z] Error writing to Modbus register: no connection to modbus server
[2025-03-01T08:25:31.567Z] ❌ Error reading register 1000 for IP 10.30.4.91: no connection to modbus server
[2025-03-01T08:25:31.567Z] Error reading register 3105 for IP 10.30.4.91: no connection to modbus server
[2025-03-01T08:25:31.567Z] Error reading actual data: no connection to modbus server
[2025-03-01T08:25:31.632Z] Error writing to Modbus register: no connection to modbus server
[2025-03-01T08:25:31.632Z] Error reading register 3105 for IP 10.30.4.91: no connection to modbus server
[2025-03-01T08:25:31.632Z] ❌ Error reading register 1000 for IP 10.30.4.91: no connection to modbus server
[2025-03-01T08:25:31.632Z] Error reading actual data: no connection to modbus server
[2025-03-01T08:25:31.633Z] Error writing to Modbus register: no connection to modbus server
[2025-03-01T08:25:31.633Z] Error reading register 3105 for IP 10.30.4.91: no connection to modbus server
[2025-03-01T08:25:31.633Z] ❌ Error reading register 1000 for IP 10.30.4.91: no connection to modbus server
[2025-03-01T08:25:31.633Z] Error reading actual data: no connection to modbus server
[2025-03-01T08:25:31.634Z] Error writing to Modbus register: no connection to modbus server
[2025-03-01T08:25:31.635Z] Error reading register 3105 for IP 10.30.4.91: no connection to modbus server
[2025-03-01T08:25:31.635Z] ❌ Error reading register 1000 for IP 10.30.4.91: no connection to modbus server
[2025-03-01T08:25:31.635Z] Error reading actual data: no connection to modbus server
[2025-03-01T08:25:31.636Z] Error writing to Modbus register: no connection to modbus server
[2025-03-01T08:25:31.636Z] Error reading register 3105 for IP 10.30.4.91: no connection to modbus server
[2025-03-01T08:25:31.636Z] ❌ Error reading register 1000 for IP 10.30.4.91: no connection to modbus server
[2025-03-01T08:25:31.636Z] Error reading actual data: no connection to modbus server
[2025-03-01T08:25:31.641Z] Error writing to Modbus register: no connection to modbus server
[2025-03-01T08:25:32.521Z] Error reading register 3105 for IP 10.30.4.91: no connection to modbus server
[2025-03-01T08:25:32.522Z] ❌ Error reading register 1000 for IP 10.30.4.91: no connection to modbus server
[2025-03-01T08:25:32.522Z] Error reading actual data: no connection to modbus server
[2025-03-01T08:25:32.582Z] Error writing to Modbus register: no connection to modbus server
[2025-03-01T08:25:32.583Z] Error reading register 3105 for IP 10.30.4.91: no connection to modbus server
[2025-03-01T08:25:32.584Z] ❌ Error reading register 1000 for IP 10.30.4.91: no connection to modbus server
[2025-03-01T08:25:32.584Z] Error reading actual data: no connection to modbus server
[2025-03-01T08:25:32.646Z] Error writing to Modbus register: no connection to modbus server
[2025-03-01T08:25:32.646Z] Error reading register 3105 for IP 10.30.4.91: no connection to modbus server
[2025-03-01T08:25:32.646Z] ❌ Error reading register 1000 for IP 10.30.4.91: no connection to modbus server
[2025-03-01T08:25:32.646Z] Error reading actual data: no connection to modbus server
[2025-03-01T08:25:32.647Z] Error writing to Modbus register: no connection to modbus server
[2025-03-01T08:25:32.647Z] Error reading register 3105 for IP 10.30.4.91: no connection to modbus server
[2025-03-01T08:25:32.647Z] ❌ Error reading register 1000 for IP 10.30.4.91: no connection to modbus server
[2025-03-01T08:25:32.647Z] Error reading actual data: no connection to modbus server
[2025-03-01T08:25:32.648Z] Error writing to Modbus register: no connection to modbus server
[2025-03-01T08:25:32.648Z] Error reading register 3105 for IP 10.30.4.91: no connection to modbus server
[2025-03-01T08:25:32.648Z] ❌ Error reading register 1000 for IP 10.30.4.91: no connection to modbus server
[2025-03-01T08:25:32.648Z] Error reading actual data: no connection to modbus server
[2025-03-01T08:25:32.648Z] Error writing to Modbus register: no connection to modbus server
[2025-03-01T08:25:32.649Z] Error reading register 3105 for IP 10.30.4.91: no connection to modbus server
[2025-03-01T08:25:32.649Z] ❌ Error reading register 1000 for IP 10.30.4.91: no connection to modbus server
[2025-03-01T08:25:32.649Z] Error reading actual data: no connection to modbus server
[2025-03-01T08:25:32.649Z] Error writing to Modbus register: no connection to modbus server
[2025-03-01T08:25:33.530Z] Error reading register 3105 for IP 10.30.4.91: no connection to modbus server
[2025-03-01T08:25:33.530Z] ❌ Error reading register 1000 for IP 10.30.4.91: no connection to modbus server
[2025-03-01T08:25:33.530Z] Error reading actual data: no connection to modbus server
[2025-03-01T08:25:33.580Z] Error writing to Modbus register: no connection to modbus server
[2025-03-01T08:25:33.598Z] Error reading register 3105 for IP 10.30.4.91: no connection to modbus server
[2025-03-01T08:25:33.598Z] ❌ Error reading register 1000 for IP 10.30.4.91: no connection to modbus server
[2025-03-01T08:25:33.598Z] Error reading actual data: no connection to modbus server
[2025-03-01T08:25:33.647Z] Error writing to Modbus register: no connection to modbus server
[2025-03-01T08:25:33.648Z] Error reading register 3105 for IP 10.30.4.91: no connection to modbus server
[2025-03-01T08:25:33.648Z] ❌ Error reading register 1000 for IP 10.30.4.91: no connection to modbus server
[2025-03-01T08:25:33.648Z] Error reading actual data: no connection to modbus server
[2025-03-01T08:25:33.648Z] Error writing to Modbus register: no connection to modbus server
[2025-03-01T08:25:33.649Z] ❌ Error reading register 1000 for IP 10.30.4.91: no connection to modbus server
[2025-03-01T08:25:33.648Z] Error reading register 3105 for IP 10.30.4.91: no connection to modbus server
[2025-03-01T08:25:33.649Z] Error reading actual data: no connection to modbus server
[2025-03-01T08:25:33.649Z] Error writing to Modbus register: no connection to modbus server
[2025-03-01T08:25:33.650Z] Error reading register 3105 for IP 10.30.4.91: no connection to modbus server
[2025-03-01T08:25:33.650Z] Error reading actual data: no connection to modbus server
[2025-03-01T08:25:33.650Z] ❌ Error reading register 1000 for IP 10.30.4.91: no connection to modbus server
[2025-03-01T08:25:33.651Z] Error writing to Modbus register: no connection to modbus server
[2025-03-01T08:25:33.651Z] Error reading register 3105 for IP 10.30.4.91: no connection to modbus server
[2025-03-01T08:25:33.651Z] ❌ Error reading register 1000 for IP 10.30.4.91: no connection to modbus server
[2025-03-01T08:25:33.651Z] Error reading actual data: no connection to modbus server
[2025-03-01T08:25:33.651Z] Error writing to Modbus register: no connection to modbus server
[2025-03-01T08:25:34.531Z] Error reading register 3105 for IP 10.30.4.91: no connection to modbus server
[2025-03-01T08:25:34.531Z] ❌ Error reading register 1000 for IP 10.30.4.91: no connection to modbus server
[2025-03-01T08:25:34.532Z] Error reading actual data: no connection to modbus server
[2025-03-01T08:25:34.599Z] Error writing to Modbus register: no connection to modbus server
[2025-03-01T08:25:34.601Z] Error reading register 3105 for IP 10.30.4.91: no connection to modbus server
[2025-03-01T08:25:34.601Z] ❌ Error reading register 1000 for IP 10.30.4.91: no connection to modbus server
[2025-03-01T08:25:34.602Z] Error reading actual data: no connection to modbus server
[2025-03-01T08:25:34.650Z] Error writing to Modbus register: no connection to modbus server
[2025-03-01T08:25:34.651Z] Error reading register 3105 for IP 10.30.4.91: no connection to modbus server
[2025-03-01T08:25:34.651Z] ❌ Error reading register 1000 for IP 10.30.4.91: no connection to modbus server
[2025-03-01T08:25:34.652Z] Error writing to Modbus register: no connection to modbus server
[2025-03-01T08:25:34.651Z] Error reading actual data: no connection to modbus server
[2025-03-01T08:25:34.652Z] Error reading register 3105 for IP 10.30.4.91: no connection to modbus server
[2025-03-01T08:25:34.653Z] ❌ Error reading register 1000 for IP 10.30.4.91: no connection to modbus server
[2025-03-01T08:25:34.653Z] Error reading actual data: no connection to modbus server
[2025-03-01T08:25:34.653Z] Error writing to Modbus register: no connection to modbus server
[2025-03-01T08:25:34.654Z] Error reading register 3105 for IP 10.30.4.91: no connection to modbus server
[2025-03-01T08:25:34.654Z] ❌ Error reading register 1000 for IP 10.30.4.91: no connection to modbus server
[2025-03-01T08:25:34.655Z] Error reading actual data: no connection to modbus server
[2025-03-01T08:25:34.655Z] Error writing to Modbus register: no connection to modbus server
[2025-03-01T08:25:34.655Z] Error reading register 3105 for IP 10.30.4.91: no connection to modbus server
[2025-03-01T08:25:34.656Z] ❌ Error reading register 1000 for IP 10.30.4.91: no connection to modbus server
[2025-03-01T08:25:34.656Z] Error reading actual data: no connection to modbus server
[2025-03-01T08:25:34.656Z] Error writing to Modbus register: no connection to modbus server
[2025-03-01T08:25:35.546Z] Error reading register 3105 for IP 10.30.4.91: no connection to modbus server
[2025-03-01T08:25:35.546Z] ❌ Error reading register 1000 for IP 10.30.4.91: no connection to modbus server
[2025-03-01T08:25:35.546Z] Error reading actual data: no connection to modbus server
[2025-03-01T08:25:35.613Z] Error writing to Modbus register: no connection to modbus server
[2025-03-01T08:25:35.614Z] Error reading register 3105 for IP 10.30.4.91: no connection to modbus server
[2025-03-01T08:25:35.615Z] ❌ Error reading register 1000 for IP 10.30.4.91: no connection to modbus server
[2025-03-01T08:25:35.615Z] Error reading actual data: no connection to modbus server
[2025-03-01T08:25:35.663Z] Error writing to Modbus register: no connection to modbus server
[2025-03-01T08:25:35.664Z] Error reading register 3105 for IP 10.30.4.91: no connection to modbus server
[2025-03-01T08:25:35.664Z] ❌ Error reading register 1000 for IP 10.30.4.91: no connection to modbus server
[2025-03-01T08:25:35.665Z] Error writing to Modbus register: no connection to modbus server
[2025-03-01T08:25:35.666Z] Error reading register 3105 for IP 10.30.4.91: no connection to modbus server
[2025-03-01T08:25:35.665Z] Error reading actual data: no connection to modbus server
[2025-03-01T08:25:35.666Z] ❌ Error reading register 1000 for IP 10.30.4.91: no connection to modbus server
[2025-03-01T08:25:35.666Z] Error reading actual data: no connection to modbus server
[2025-03-01T08:25:35.667Z] Error writing to Modbus register: no connection to modbus server
[2025-03-01T08:25:35.667Z] Error reading register 3105 for IP 10.30.4.91: no connection to modbus server
[2025-03-01T08:25:35.667Z] ❌ Error reading register 1000 for IP 10.30.4.91: no connection to modbus server
[2025-03-01T08:25:35.668Z] Error reading actual data: no connection to modbus server
[2025-03-01T08:25:35.668Z] Error writing to Modbus register: no connection to modbus server
[2025-03-01T08:25:35.668Z] Error reading register 3105 for IP 10.30.4.91: no connection to modbus server
[2025-03-01T08:25:35.669Z] ❌ Error reading register 1000 for IP 10.30.4.91: no connection to modbus server
[2025-03-01T08:25:35.669Z] Error reading actual data: no connection to modbus server
[2025-03-01T08:25:35.669Z] Error writing to Modbus register: no connection to modbus server
[2025-03-01T08:25:36.547Z] Error reading register 3105 for IP 10.30.4.91: no connection to modbus server
[2025-03-01T08:25:36.547Z] ❌ Error reading register 1000 for IP 10.30.4.91: no connection to modbus server
[2025-03-01T08:25:36.547Z] Error reading actual data: no connection to modbus server
[2025-03-01T08:25:36.616Z] Error writing to Modbus register: no connection to modbus server
[2025-03-01T08:25:36.617Z] Error reading register 3105 for IP 10.30.4.91: no connection to modbus server
[2025-03-01T08:25:36.618Z] ❌ Error reading register 1000 for IP 10.30.4.91: no connection to modbus server
[2025-03-01T08:25:36.618Z] Error reading actual data: no connection to modbus server
[2025-03-01T08:25:36.667Z] Error writing to Modbus register: no connection to modbus server
[2025-03-01T08:25:36.667Z] Error reading register 3105 for IP 10.30.4.91: no connection to modbus server
[2025-03-01T08:25:36.667Z] ❌ Error reading register 1000 for IP 10.30.4.91: no connection to modbus server
[2025-03-01T08:25:36.668Z] Error reading actual data: no connection to modbus server
[2025-03-01T08:25:36.668Z] Error writing to Modbus register: no connection to modbus server
[2025-03-01T08:25:36.668Z] Error reading register 3105 for IP 10.30.4.91: no connection to modbus server
[2025-03-01T08:25:36.669Z] ❌ Error reading register 1000 for IP 10.30.4.91: no connection to modbus server
[2025-03-01T08:25:36.669Z] Error reading actual data: no connection to modbus server
[2025-03-01T08:25:36.669Z] Error writing to Modbus register: no connection to modbus server
[2025-03-01T08:25:36.670Z] Error reading register 3105 for IP 10.30.4.91: no connection to modbus server
[2025-03-01T08:25:36.670Z] ❌ Error reading register 1000 for IP 10.30.4.91: no connection to modbus server
[2025-03-01T08:25:36.670Z] Error reading actual data: no connection to modbus server
[2025-03-01T08:25:36.671Z] Error writing to Modbus register: no connection to modbus server
[2025-03-01T08:25:36.671Z] Error reading register 3105 for IP 10.30.4.91: no connection to modbus server
[2025-03-01T08:25:36.671Z] ❌ Error reading register 1000 for IP 10.30.4.91: no connection to modbus server
[2025-03-01T08:25:36.671Z] Error reading actual data: no connection to modbus server
[2025-03-01T08:25:36.672Z] Error writing to Modbus register: no connection to modbus server
[2025-03-01T08:25:37.546Z] ❌ Error reading register 1000 for IP 10.30.4.91: no connection to modbus server
[2025-03-01T08:25:37.546Z] Error reading register 3105 for IP 10.30.4.91: no connection to modbus server
[2025-03-01T08:25:37.546Z] Error reading actual data: no connection to modbus server
[2025-03-01T08:25:37.630Z] Error writing to Modbus register: no connection to modbus server
[2025-03-01T08:25:37.630Z] Error reading register 3105 for IP 10.30.4.91: no connection to modbus server
[2025-03-01T08:25:37.630Z] ❌ Error reading register 1000 for IP 10.30.4.91: no connection to modbus server
[2025-03-01T08:25:37.630Z] Error reading actual data: no connection to modbus server
[2025-03-01T08:25:37.679Z] Error writing to Modbus register: no connection to modbus server
[2025-03-01T08:25:37.679Z] Error reading register 3105 for IP 10.30.4.91: no connection to modbus server
[2025-03-01T08:25:37.679Z] ❌ Error reading register 1000 for IP 10.30.4.91: no connection to modbus server
[2025-03-01T08:25:37.679Z] Error reading actual data: no connection to modbus server
[2025-03-01T08:25:37.680Z] Error writing to Modbus register: no connection to modbus server
[2025-03-01T08:25:37.680Z] Error reading register 3105 for IP 10.30.4.91: no connection to modbus server
[2025-03-01T08:25:37.680Z] ❌ Error reading register 1000 for IP 10.30.4.91: no connection to modbus server
[2025-03-01T08:25:37.680Z] Error reading actual data: no connection to modbus server
[2025-03-01T08:25:37.681Z] Error writing to Modbus register: no connection to modbus server
[2025-03-01T08:25:37.681Z] Error reading register 3105 for IP 10.30.4.91: no connection to modbus server
[2025-03-01T08:25:37.681Z] ❌ Error reading register 1000 for IP 10.30.4.91: no connection to modbus server
[2025-03-01T08:25:37.681Z] Error reading actual data: no connection to modbus server
[2025-03-01T08:25:37.682Z] Error writing to Modbus register: no connection to modbus server
[2025-03-01T08:25:37.682Z] Error reading register 3105 for IP 10.30.4.91: no connection to modbus server
[2025-03-01T08:25:37.682Z] ❌ Error reading register 1000 for IP 10.30.4.91: no connection to modbus server
[2025-03-01T08:25:37.682Z] Error reading actual data: no connection to modbus server
[2025-03-01T08:25:37.682Z] Error writing to Modbus register: no connection to modbus server
[2025-03-01T08:25:38.561Z] Error reading register 3105 for IP 10.30.4.91: no connection to modbus server
[2025-03-01T08:25:38.562Z] ❌ Error reading register 1000 for IP 10.30.4.91: no connection to modbus server
[2025-03-01T08:25:38.562Z] Error reading actual data: no connection to modbus server
[2025-03-01T08:25:38.630Z] Error writing to Modbus register: no connection to modbus server
[2025-03-01T08:25:38.631Z] Error reading register 3105 for IP 10.30.4.91: no connection to modbus server
[2025-03-01T08:25:38.631Z] ❌ Error reading register 1000 for IP 10.30.4.91: no connection to modbus server
[2025-03-01T08:25:38.631Z] Error reading actual data: no connection to modbus server
[2025-03-01T08:25:38.683Z] Error writing to Modbus register: no connection to modbus server
[2025-03-01T08:25:38.684Z] Error reading register 3105 for IP 10.30.4.91: no connection to modbus server
[2025-03-01T08:25:38.684Z] ❌ Error reading register 1000 for IP 10.30.4.91: no connection to modbus server
[2025-03-01T08:25:38.684Z] Error reading actual data: no connection to modbus server
[2025-03-01T08:25:38.684Z] Error writing to Modbus register: no connection to modbus server
[2025-03-01T08:25:38.685Z] Error reading register 3105 for IP 10.30.4.91: no connection to modbus server
[2025-03-01T08:25:38.685Z] ❌ Error reading register 1000 for IP 10.30.4.91: no connection to modbus server
[2025-03-01T08:25:38.685Z] Error reading actual data: no connection to modbus server
[2025-03-01T08:25:38.685Z] Error writing to Modbus register: no connection to modbus server
[2025-03-01T08:25:38.685Z] Error reading register 3105 for IP 10.30.4.91: no connection to modbus server
[2025-03-01T08:25:38.686Z] ❌ Error reading register 1000 for IP 10.30.4.91: no connection to modbus server
[2025-03-01T08:25:38.686Z] Error reading actual data: no connection to modbus server
[2025-03-01T08:25:38.686Z] Error writing to Modbus register: no connection to modbus server
[2025-03-01T08:25:38.686Z] Error reading register 3105 for IP 10.30.4.91: no connection to modbus server
[2025-03-01T08:25:38.686Z] ❌ Error reading register 1000 for IP 10.30.4.91: no connection to modbus server
[2025-03-01T08:25:38.686Z] Error reading actual data: no connection to modbus server
[2025-03-01T08:25:38.687Z] Error writing to Modbus register: no connection to modbus server
[2025-03-01T08:25:39.563Z] Error reading register 3105 for IP 10.30.4.91: no connection to modbus server
[2025-03-01T08:25:39.564Z] ❌ Error reading register 1000 for IP 10.30.4.91: no connection to modbus server
[2025-03-01T08:25:39.564Z] Error reading actual data: no connection to modbus server
[2025-03-01T08:25:39.642Z] Error reading register 3105 for IP 10.30.4.91: no connection to modbus server
[2025-03-01T08:25:39.642Z] Error writing to Modbus register: no connection to modbus server
[2025-03-01T08:25:39.642Z] ❌ Error reading register 1000 for IP 10.30.4.91: no connection to modbus server
[2025-03-01T08:25:39.643Z] Error reading actual data: no connection to modbus server
[2025-03-01T08:25:39.690Z] Error writing to Modbus register: no connection to modbus server
[2025-03-01T08:25:39.690Z] Error reading register 3105 for IP 10.30.4.91: no connection to modbus server
[2025-03-01T08:25:39.691Z] ❌ Error reading register 1000 for IP 10.30.4.91: no connection to modbus server
[2025-03-01T08:25:39.691Z] Error reading actual data: no connection to modbus server
[2025-03-01T08:25:39.691Z] Error writing to Modbus register: no connection to modbus server
[2025-03-01T08:25:39.691Z] Error reading register 3105 for IP 10.30.4.91: no connection to modbus server
[2025-03-01T08:25:39.691Z] ❌ Error reading register 1000 for IP 10.30.4.91: no connection to modbus server
[2025-03-01T08:25:39.692Z] Error reading actual data: no connection to modbus server
[2025-03-01T08:25:39.692Z] Error writing to Modbus register: no connection to modbus server
[2025-03-01T08:25:39.693Z] Error reading register 3105 for IP 10.30.4.91: no connection to modbus server
[2025-03-01T08:25:39.693Z] ❌ Error reading register 1000 for IP 10.30.4.91: no connection to modbus server
[2025-03-01T08:25:39.693Z] Error reading actual data: no connection to modbus server
[2025-03-01T08:25:39.693Z] Error writing to Modbus register: no connection to modbus server
[2025-03-01T08:25:39.693Z] Error reading register 3105 for IP 10.30.4.91: no connection to modbus server
[2025-03-01T08:25:39.693Z] ❌ Error reading register 1000 for IP 10.30.4.91: no connection to modbus server
[2025-03-01T08:25:39.694Z] Error reading actual data: no connection to modbus server
[2025-03-01T08:25:39.694Z] Error writing to Modbus register: no connection to modbus server
[2025-03-01T08:25:40.564Z] Error reading register 3105 for IP 10.30.4.91: no connection to modbus server
[2025-03-01T08:25:40.564Z] ❌ Error reading register 1000 for IP 10.30.4.91: no connection to modbus server
[2025-03-01T08:25:40.564Z] Error reading actual data: no connection to modbus server
[2025-03-01T08:25:40.648Z] Error reading register 3105 for IP 10.30.4.91: no connection to modbus server
[2025-03-01T08:25:40.648Z] ❌ Error reading register 1000 for IP 10.30.4.91: no connection to modbus server
[2025-03-01T08:25:40.647Z] Error writing to Modbus register: no connection to modbus server
[2025-03-01T08:25:40.648Z] Error reading actual data: no connection to modbus server
[2025-03-01T08:25:40.699Z] Error writing to Modbus register: no connection to modbus server
[2025-03-01T08:25:40.700Z] Error reading register 3105 for IP 10.30.4.91: no connection to modbus server
[2025-03-01T08:25:40.701Z] ❌ Error reading register 1000 for IP 10.30.4.91: no connection to modbus server
[2025-03-01T08:25:40.703Z] ❌ Error reading register 1000 for IP 10.30.4.91: no connection to modbus server
[2025-03-01T08:25:40.703Z] Error reading actual data: no connection to modbus server
[2025-03-01T08:25:40.704Z] Error writing to Modbus register: no connection to modbus server
[2025-03-01T08:25:40.704Z] Error reading register 3105 for IP 10.30.4.91: no connection to modbus server
[2025-03-01T08:25:40.704Z] ❌ Error reading register 1000 for IP 10.30.4.91: no connection to modbus server
[2025-03-01T08:25:40.705Z] Error reading actual data: no connection to modbus server
[2025-03-01T08:25:40.705Z] Error writing to Modbus register: no connection to modbus server
[2025-03-01T08:25:40.701Z] Error reading actual data: no connection to modbus server
[2025-03-01T08:25:40.703Z] Error reading register 3105 for IP 10.30.4.91: no connection to modbus server
[2025-03-01T08:25:40.705Z] Error reading register 3105 for IP 10.30.4.91: no connection to modbus server
[2025-03-01T08:25:40.705Z] ❌ Error reading register 1000 for IP 10.30.4.91: no connection to modbus server
[2025-03-01T08:25:40.705Z] Error reading actual data: no connection to modbus server
[2025-03-01T08:25:40.702Z] Error writing to Modbus register: no connection to modbus server
[2025-03-01T08:25:40.706Z] Error writing to Modbus register: no connection to modbus server
[2025-03-01T08:25:41.574Z] Error reading register 3105 for IP 10.30.4.91: no connection to modbus server
[2025-03-01T08:25:41.574Z] ❌ Error reading register 1000 for IP 10.30.4.91: no connection to modbus server
[2025-03-01T08:25:41.574Z] Error reading actual data: no connection to modbus server
[2025-03-01T08:25:41.647Z] Error writing to Modbus register: no connection to modbus server
[2025-03-01T08:25:41.647Z] Error reading register 3105 for IP 10.30.4.91: no connection to modbus server
[2025-03-01T08:25:41.647Z] ❌ Error reading register 1000 for IP 10.30.4.91: no connection to modbus server
[2025-03-01T08:25:41.647Z] Error reading actual data: no connection to modbus server
[2025-03-01T08:25:41.712Z] Error writing to Modbus register: no connection to modbus server
[2025-03-01T08:25:41.714Z] Error reading register 3105 for IP 10.30.4.91: no connection to modbus server
[2025-03-01T08:25:41.715Z] Error reading actual data: no connection to modbus server
[2025-03-01T08:25:41.716Z] Error writing to Modbus register: no connection to modbus server
[2025-03-01T08:25:41.716Z] Error reading register 3105 for IP 10.30.4.91: no connection to modbus server
[2025-03-01T08:25:41.716Z] ❌ Error reading register 1000 for IP 10.30.4.91: no connection to modbus server
[2025-03-01T08:25:41.714Z] ❌ Error reading register 1000 for IP 10.30.4.91: no connection to modbus server
[2025-03-01T08:25:41.716Z] Error reading actual data: no connection to modbus server
[2025-03-01T08:25:41.717Z] Error writing to Modbus register: no connection to modbus server
[2025-03-01T08:25:41.717Z] Error reading register 3105 for IP 10.30.4.91: no connection to modbus server
[2025-03-01T08:25:41.717Z] ❌ Error reading register 1000 for IP 10.30.4.91: no connection to modbus server
[2025-03-01T08:25:41.717Z] Error reading actual data: no connection to modbus server
[2025-03-01T08:25:41.717Z] Error writing to Modbus register: no connection to modbus server
[2025-03-01T08:25:41.718Z] Error reading actual data: no connection to modbus server
[2025-03-01T08:25:41.718Z] Error reading register 3105 for IP 10.30.4.91: no connection to modbus server
[2025-03-01T08:25:41.718Z] ❌ Error reading register 1000 for IP 10.30.4.91: no connection to modbus server
[2025-03-01T08:25:41.718Z] Error writing to Modbus register: no connection to modbus server
[2025-03-01T08:25:42.582Z] ❌ Error reading register 1000 for IP 10.30.4.91: no connection to modbus server
[2025-03-01T08:25:42.583Z] Error reading actual data: no connection to modbus server
[2025-03-01T08:25:42.582Z] Error reading register 3105 for IP 10.30.4.91: no connection to modbus server
[2025-03-01T08:25:42.663Z] Error writing to Modbus register: no connection to modbus server
[2025-03-01T08:25:42.664Z] Error reading register 3105 for IP 10.30.4.91: no connection to modbus server
[2025-03-01T08:25:42.664Z] ❌ Error reading register 1000 for IP 10.30.4.91: no connection to modbus server
[2025-03-01T08:25:42.664Z] Error reading actual data: no connection to modbus server
[2025-03-01T08:25:42.713Z] Error writing to Modbus register: no connection to modbus server
[2025-03-01T08:25:42.714Z] Error reading register 3105 for IP 10.30.4.91: no connection to modbus server
[2025-03-01T08:25:42.714Z] ❌ Error reading register 1000 for IP 10.30.4.91: no connection to modbus server
[2025-03-01T08:25:42.714Z] Error reading actual data: no connection to modbus server
[2025-03-01T08:25:42.715Z] Error writing to Modbus register: no connection to modbus server
[2025-03-01T08:25:42.728Z] Error reading register 3105 for IP 10.30.4.91: no connection to modbus server
[2025-03-01T08:25:42.729Z] ❌ Error reading register 1000 for IP 10.30.4.91: no connection to modbus server
[2025-03-01T08:25:42.729Z] Error reading actual data: no connection to modbus server
[2025-03-01T08:25:42.730Z] Error writing to Modbus register: no connection to modbus server
[2025-03-01T08:25:42.730Z] Error reading register 3105 for IP 10.30.4.91: no connection to modbus server
[2025-03-01T08:25:42.731Z] ❌ Error reading register 1000 for IP 10.30.4.91: no connection to modbus server
[2025-03-01T08:25:42.731Z] Error reading actual data: no connection to modbus server
[2025-03-01T08:25:42.731Z] Error writing to Modbus register: no connection to modbus server
[2025-03-01T08:25:42.731Z] Error reading register 3105 for IP 10.30.4.91: no connection to modbus server
[2025-03-01T08:25:42.732Z] ❌ Error reading register 1000 for IP 10.30.4.91: no connection to modbus server
[2025-03-01T08:25:42.732Z] Error reading actual data: no connection to modbus server
[2025-03-01T08:25:42.732Z] Error writing to Modbus register: no connection to modbus server
[2025-03-01T08:25:43.584Z] Error reading register 3105 for IP 10.30.4.91: no connection to modbus server
[2025-03-01T08:25:43.585Z] ❌ Error reading register 1000 for IP 10.30.4.91: no connection to modbus server
[2025-03-01T08:25:43.585Z] Error reading actual data: no connection to modbus server
[2025-03-01T08:25:43.664Z] Error writing to Modbus register: no connection to modbus server
[2025-03-01T08:25:43.665Z] Error reading register 3105 for IP 10.30.4.91: no connection to modbus server
[2025-03-01T08:25:43.665Z] ❌ Error reading register 1000 for IP 10.30.4.91: no connection to modbus server
[2025-03-01T08:25:43.665Z] Error reading actual data: no connection to modbus server
[2025-03-01T08:25:43.715Z] Error writing to Modbus register: no connection to modbus server
[2025-03-01T08:25:43.716Z] Error reading register 3105 for IP 10.30.4.91: no connection to modbus server
[2025-03-01T08:25:43.716Z] ❌ Error reading register 1000 for IP 10.30.4.91: no connection to modbus server
[2025-03-01T08:25:43.716Z] Error reading actual data: no connection to modbus server
[2025-03-01T08:25:43.717Z] Error writing to Modbus register: no connection to modbus server
[2025-03-01T08:25:43.730Z] Error reading register 3105 for IP 10.30.4.91: no connection to modbus server
[2025-03-01T08:25:43.731Z] ❌ Error reading register 1000 for IP 10.30.4.91: no connection to modbus server
[2025-03-01T08:25:43.731Z] Error reading actual data: no connection to modbus server
[2025-03-01T08:25:43.731Z] Error writing to Modbus register: no connection to modbus server
[2025-03-01T08:25:43.732Z] Error reading register 3105 for IP 10.30.4.91: no connection to modbus server
[2025-03-01T08:25:43.732Z] ❌ Error reading register 1000 for IP 10.30.4.91: no connection to modbus server
[2025-03-01T08:25:43.733Z] Error reading actual data: no connection to modbus server
[2025-03-01T08:25:43.733Z] Error writing to Modbus register: no connection to modbus server
[2025-03-01T08:25:43.734Z] Error reading register 3105 for IP 10.30.4.91: no connection to modbus server
[2025-03-01T08:25:43.734Z] ❌ Error reading register 1000 for IP 10.30.4.91: no connection to modbus server
[2025-03-01T08:25:43.734Z] Error reading actual data: no connection to modbus server
[2025-03-01T08:25:43.735Z] Error writing to Modbus register: no connection to modbus server
[2025-03-01T08:25:44.585Z] Error reading register 3105 for IP 10.30.4.91: no connection to modbus server
[2025-03-01T08:25:44.585Z] ❌ Error reading register 1000 for IP 10.30.4.91: no connection to modbus server
[2025-03-01T08:25:44.585Z] Error reading actual data: no connection to modbus server
[2025-03-01T08:25:44.680Z] Error reading register 3105 for IP 10.30.4.91: no connection to modbus server
[2025-03-01T08:25:44.680Z] ❌ Error reading register 1000 for IP 10.30.4.91: no connection to modbus server
[2025-03-01T08:25:44.680Z] Error writing to Modbus register: no connection to modbus server
[2025-03-01T08:25:44.681Z] Error reading actual data: no connection to modbus server
[2025-03-01T08:25:44.714Z] Error writing to Modbus register: no connection to modbus server
[2025-03-01T08:25:44.715Z] Error reading register 3105 for IP 10.30.4.91: no connection to modbus server
[2025-03-01T08:25:44.716Z] ❌ Error reading register 1000 for IP 10.30.4.91: no connection to modbus server
[2025-03-01T08:25:44.716Z] Error reading actual data: no connection to modbus server
[2025-03-01T08:25:44.716Z] Error writing to Modbus register: no connection to modbus server
[2025-03-01T08:25:44.730Z] Error reading register 3105 for IP 10.30.4.91: no connection to modbus server
[2025-03-01T08:25:44.731Z] ❌ Error reading register 1000 for IP 10.30.4.91: no connection to modbus server
[2025-03-01T08:25:44.731Z] Error reading actual data: no connection to modbus server
[2025-03-01T08:25:44.732Z] Error writing to Modbus register: no connection to modbus server
[2025-03-01T08:25:44.732Z] Error reading register 3105 for IP 10.30.4.91: no connection to modbus server
[2025-03-01T08:25:44.733Z] ❌ Error reading register 1000 for IP 10.30.4.91: no connection to modbus server
[2025-03-01T08:25:44.733Z] Error reading actual data: no connection to modbus server
[2025-03-01T08:25:44.734Z] Error writing to Modbus register: no connection to modbus server
[2025-03-01T08:25:44.735Z] ❌ Error reading register 1000 for IP 10.30.4.91: no connection to modbus server
[2025-03-01T08:25:44.734Z] Error reading register 3105 for IP 10.30.4.91: no connection to modbus server
[2025-03-01T08:25:44.735Z] Error reading actual data: no connection to modbus server
[2025-03-01T08:25:44.736Z] Error writing to Modbus register: no connection to modbus server
[2025-03-01T08:25:45.584Z] Error reading register 3105 for IP 10.30.4.91: no connection to modbus server
[2025-03-01T08:25:45.584Z] ❌ Error reading register 1000 for IP 10.30.4.91: no connection to modbus server
[2025-03-01T08:25:45.585Z] Error reading actual data: no connection to modbus server
[2025-03-01T08:25:45.680Z] Error writing to Modbus register: no connection to modbus server
[2025-03-01T08:25:45.680Z] Error reading register 3105 for IP 10.30.4.91: no connection to modbus server
[2025-03-01T08:25:45.680Z] Error reading actual data: no connection to modbus server
[2025-03-01T08:25:45.680Z] ❌ Error reading register 1000 for IP 10.30.4.91: no connection to modbus server
[2025-03-01T08:25:45.730Z] Error writing to Modbus register: no connection to modbus server
[2025-03-01T08:25:45.732Z] Error reading register 3105 for IP 10.30.4.91: no connection to modbus server
[2025-03-01T08:25:45.732Z] ❌ Error reading register 1000 for IP 10.30.4.91: no connection to modbus server
[2025-03-01T08:25:45.733Z] Error reading actual data: no connection to modbus server
[2025-03-01T08:25:45.734Z] Error writing to Modbus register: no connection to modbus server
[2025-03-01T08:25:45.735Z] Error reading register 3105 for IP 10.30.4.91: no connection to modbus server
[2025-03-01T08:25:45.735Z] ❌ Error reading register 1000 for IP 10.30.4.91: no connection to modbus server
[2025-03-01T08:25:45.736Z] Error reading actual data: no connection to modbus server
[2025-03-01T08:25:45.736Z] Error writing to Modbus register: no connection to modbus server
[2025-03-01T08:25:45.736Z] Error reading register 3105 for IP 10.30.4.91: no connection to modbus server
[2025-03-01T08:25:45.736Z] ❌ Error reading register 1000 for IP 10.30.4.91: no connection to modbus server
[2025-03-01T08:25:45.737Z] Error reading actual data: no connection to modbus server
[2025-03-01T08:25:45.737Z] Error writing to Modbus register: no connection to modbus server
[2025-03-01T08:25:45.737Z] Error reading register 3105 for IP 10.30.4.91: no connection to modbus server
[2025-03-01T08:25:45.737Z] ❌ Error reading register 1000 for IP 10.30.4.91: no connection to modbus server
[2025-03-01T08:25:45.737Z] Error reading actual data: no connection to modbus server
[2025-03-01T08:25:45.738Z] Error writing to Modbus register: no connection to modbus server
[2025-03-01T08:25:46.600Z] Error reading register 3105 for IP 10.30.4.91: no connection to modbus server
[2025-03-01T08:25:46.600Z] Error reading actual data: no connection to modbus server
[2025-03-01T08:25:46.600Z] ❌ Error reading register 1000 for IP 10.30.4.91: no connection to modbus server
[2025-03-01T08:25:46.680Z] Error writing to Modbus register: no connection to modbus server
[2025-03-01T08:25:46.681Z] Error reading register 3105 for IP 10.30.4.91: no connection to modbus server
[2025-03-01T08:25:46.681Z] ❌ Error reading register 1000 for IP 10.30.4.91: no connection to modbus server
[2025-03-01T08:25:46.682Z] Error reading actual data: no connection to modbus server
[2025-03-01T08:25:46.730Z] Error writing to Modbus register: no connection to modbus server
[2025-03-01T08:25:46.730Z] Error reading register 3105 for IP 10.30.4.91: no connection to modbus server
[2025-03-01T08:25:46.731Z] ❌ Error reading register 1000 for IP 10.30.4.91: no connection to modbus server
[2025-03-01T08:25:46.731Z] Error reading actual data: no connection to modbus server
[2025-03-01T08:25:46.745Z] Error writing to Modbus register: no connection to modbus server
[2025-03-01T08:25:46.745Z] Error reading register 3105 for IP 10.30.4.91: no connection to modbus server
[2025-03-01T08:25:46.745Z] ❌ Error reading register 1000 for IP 10.30.4.91: no connection to modbus server
[2025-03-01T08:25:46.746Z] Error writing to Modbus register: no connection to modbus server
[2025-03-01T08:25:46.746Z] Error reading register 3105 for IP 10.30.4.91: no connection to modbus server
[2025-03-01T08:25:46.745Z] Error reading actual data: no connection to modbus server
[2025-03-01T08:25:46.747Z] ❌ Error reading register 1000 for IP 10.30.4.91: no connection to modbus server
[2025-03-01T08:25:46.747Z] Error reading actual data: no connection to modbus server
[2025-03-01T08:25:46.747Z] Error writing to Modbus register: no connection to modbus server
[2025-03-01T08:25:46.748Z] Error reading register 3105 for IP 10.30.4.91: no connection to modbus server
[2025-03-01T08:25:46.748Z] ❌ Error reading register 1000 for IP 10.30.4.91: no connection to modbus server
[2025-03-01T08:25:46.748Z] Error reading actual data: no connection to modbus server
[2025-03-01T08:25:46.748Z] Error writing to Modbus register: no connection to modbus server
[2025-03-01T08:25:47.600Z] Error reading register 3105 for IP 10.30.4.91: no connection to modbus server
[2025-03-01T08:25:47.601Z] ❌ Error reading register 1000 for IP 10.30.4.91: no connection to modbus server
[2025-03-01T08:25:47.601Z] Error reading actual data: no connection to modbus server
[2025-03-01T08:25:47.680Z] Error writing to Modbus register: no connection to modbus server
[2025-03-01T08:25:47.681Z] Error reading register 3105 for IP 10.30.4.91: no connection to modbus server
[2025-03-01T08:25:47.681Z] ❌ Error reading register 1000 for IP 10.30.4.91: no connection to modbus server
[2025-03-01T08:25:47.681Z] Error reading actual data: no connection to modbus server
[2025-03-01T08:25:47.731Z] Error writing to Modbus register: no connection to modbus server
[2025-03-01T08:25:47.731Z] Error reading register 3105 for IP 10.30.4.91: no connection to modbus server
[2025-03-01T08:25:47.732Z] ❌ Error reading register 1000 for IP 10.30.4.91: no connection to modbus server
[2025-03-01T08:25:47.732Z] Error reading actual data: no connection to modbus server
[2025-03-01T08:25:47.746Z] Error writing to Modbus register: no connection to modbus server
[2025-03-01T08:25:47.746Z] Error reading register 3105 for IP 10.30.4.91: no connection to modbus server
[2025-03-01T08:25:47.746Z] ❌ Error reading register 1000 for IP 10.30.4.91: no connection to modbus server
[2025-03-01T08:25:47.746Z] Error reading actual data: no connection to modbus server
[2025-03-01T08:25:47.747Z] Error writing to Modbus register: no connection to modbus server
[2025-03-01T08:25:47.747Z] Error reading register 3105 for IP 10.30.4.91: no connection to modbus server
[2025-03-01T08:25:47.747Z] ❌ Error reading register 1000 for IP 10.30.4.91: no connection to modbus server
[2025-03-01T08:25:47.747Z] Error reading actual data: no connection to modbus server
[2025-03-01T08:25:47.748Z] Error writing to Modbus register: no connection to modbus server
[2025-03-01T08:25:47.748Z] Error reading register 3105 for IP 10.30.4.91: no connection to modbus server
[2025-03-01T08:25:47.748Z] ❌ Error reading register 1000 for IP 10.30.4.91: no connection to modbus server
[2025-03-01T08:25:47.748Z] Error reading actual data: no connection to modbus server
[2025-03-01T08:25:47.749Z] Error writing to Modbus register: no connection to modbus server
[2025-03-01T08:25:48.616Z] Error reading register 3105 for IP 10.30.4.91: no connection to modbus server
[2025-03-01T08:25:48.617Z] ❌ Error reading register 1000 for IP 10.30.4.91: no connection to modbus server
[2025-03-01T08:25:48.617Z] Error reading actual data: no connection to modbus server
[2025-03-01T08:25:48.679Z] Error writing to Modbus register: no connection to modbus server
[2025-03-01T08:25:48.680Z] Error reading register 3105 for IP 10.30.4.91: no connection to modbus server
[2025-03-01T08:25:48.681Z] ❌ Error reading register 1000 for IP 10.30.4.91: no connection to modbus server
[2025-03-01T08:25:48.681Z] Error reading actual data: no connection to modbus server
[2025-03-01T08:25:48.732Z] Error writing to Modbus register: no connection to modbus server
[2025-03-01T08:25:48.733Z] Error reading register 3105 for IP 10.30.4.91: no connection to modbus server
[2025-03-01T08:25:48.733Z] ❌ Error reading register 1000 for IP 10.30.4.91: no connection to modbus server
[2025-03-01T08:25:48.733Z] Error reading actual data: no connection to modbus server
[2025-03-01T08:25:48.747Z] Error writing to Modbus register: no connection to modbus server
[2025-03-01T08:25:48.748Z] Error reading register 3105 for IP 10.30.4.91: no connection to modbus server
[2025-03-01T08:25:48.748Z] ❌ Error reading register 1000 for IP 10.30.4.91: no connection to modbus server
[2025-03-01T08:25:48.748Z] Error reading actual data: no connection to modbus server
[2025-03-01T08:25:48.748Z] Error writing to Modbus register: no connection to modbus server
[2025-03-01T08:25:48.749Z] Error reading register 3105 for IP 10.30.4.91: no connection to modbus server
[2025-03-01T08:25:48.749Z] ❌ Error reading register 1000 for IP 10.30.4.91: no connection to modbus server
[2025-03-01T08:25:48.749Z] Error writing to Modbus register: no connection to modbus server
[2025-03-01T08:25:48.749Z] Error reading actual data: no connection to modbus server
[2025-03-01T08:25:48.750Z] Error reading register 3105 for IP 10.30.4.91: no connection to modbus server
[2025-03-01T08:25:48.751Z] ❌ Error reading register 1000 for IP 10.30.4.91: no connection to modbus server
[2025-03-01T08:25:48.751Z] Error reading actual data: no connection to modbus server
[2025-03-01T08:25:48.751Z] Error writing to Modbus register: no connection to modbus server
[2025-03-01T08:25:49.618Z] Error reading register 3105 for IP 10.30.4.91: no connection to modbus server
[2025-03-01T08:25:49.618Z] ❌ Error reading register 1000 for IP 10.30.4.91: no connection to modbus server
[2025-03-01T08:25:49.619Z] Error reading actual data: no connection to modbus server
[2025-03-01T08:25:49.680Z] Error writing to Modbus register: no connection to modbus server
[2025-03-01T08:25:49.680Z] Error reading register 3105 for IP 10.30.4.91: no connection to modbus server
[2025-03-01T08:25:49.680Z] ❌ Error reading register 1000 for IP 10.30.4.91: no connection to modbus server
[2025-03-01T08:25:49.680Z] Error reading actual data: no connection to modbus server
[2025-03-01T08:25:49.747Z] Error writing to Modbus register: no connection to modbus server
[2025-03-01T08:25:49.749Z] Error reading register 3105 for IP 10.30.4.91: no connection to modbus server
[2025-03-01T08:25:49.749Z] ❌ Error reading register 1000 for IP 10.30.4.91: no connection to modbus server
[2025-03-01T08:25:49.750Z] Error reading actual data: no connection to modbus server
[2025-03-01T08:25:49.751Z] Error writing to Modbus register: no connection to modbus server
[2025-03-01T08:25:49.752Z] Error reading register 3105 for IP 10.30.4.91: no connection to modbus server
[2025-03-01T08:25:49.752Z] ❌ Error reading register 1000 for IP 10.30.4.91: no connection to modbus server
[2025-03-01T08:25:49.753Z] Error reading actual data: no connection to modbus server
[2025-03-01T08:25:49.753Z] Error writing to Modbus register: no connection to modbus server
[2025-03-01T08:25:49.753Z] Error reading register 3105 for IP 10.30.4.91: no connection to modbus server
[2025-03-01T08:25:49.754Z] ❌ Error reading register 1000 for IP 10.30.4.91: no connection to modbus server
[2025-03-01T08:25:49.754Z] Error reading actual data: no connection to modbus server
[2025-03-01T08:25:49.754Z] Error writing to Modbus register: no connection to modbus server
[2025-03-01T08:25:49.754Z] Error reading register 3105 for IP 10.30.4.91: no connection to modbus server
[2025-03-01T08:25:49.754Z] ❌ Error reading register 1000 for IP 10.30.4.91: no connection to modbus server
[2025-03-01T08:25:49.754Z] Error reading actual data: no connection to modbus server
[2025-03-01T08:25:49.755Z] Error writing to Modbus register: no connection to modbus server
[2025-03-01T08:25:50.617Z] Error reading register 3105 for IP 10.30.4.91: no connection to modbus server
[2025-03-01T08:25:50.617Z] ❌ Error reading register 1000 for IP 10.30.4.91: no connection to modbus server
[2025-03-01T08:25:50.618Z] Error reading actual data: no connection to modbus server
[2025-03-01T08:25:50.680Z] Error writing to Modbus register: no connection to modbus server
[2025-03-01T08:25:50.680Z] Error reading register 3105 for IP 10.30.4.91: no connection to modbus server
[2025-03-01T08:25:50.680Z] ❌ Error reading register 1000 for IP 10.30.4.91: no connection to modbus server
[2025-03-01T08:25:50.680Z] Error reading actual data: no connection to modbus server
[2025-03-01T08:25:50.762Z] Error writing to Modbus register: no connection to modbus server
[2025-03-01T08:25:50.764Z] Error reading register 3105 for IP 10.30.4.91: no connection to modbus server
[2025-03-01T08:25:50.764Z] ❌ Error reading register 1000 for IP 10.30.4.91: no connection to modbus server
[2025-03-01T08:25:50.765Z] Error reading actual data: no connection to modbus server
[2025-03-01T08:25:50.766Z] Error writing to Modbus register: no connection to modbus server
[2025-03-01T08:25:50.767Z] Error reading register 3105 for IP 10.30.4.91: no connection to modbus server
[2025-03-01T08:25:50.768Z] ❌ Error reading register 1000 for IP 10.30.4.91: no connection to modbus server
[2025-03-01T08:25:50.768Z] Error reading actual data: no connection to modbus server
[2025-03-01T08:25:50.769Z] Error writing to Modbus register: no connection to modbus server
[2025-03-01T08:25:50.769Z] Error reading register 3105 for IP 10.30.4.91: no connection to modbus server
[2025-03-01T08:25:50.770Z] ❌ Error reading register 1000 for IP 10.30.4.91: no connection to modbus server
[2025-03-01T08:25:50.770Z] Error reading actual data: no connection to modbus server
[2025-03-01T08:25:50.771Z] Error writing to Modbus register: no connection to modbus server
[2025-03-01T08:25:50.771Z] Error reading register 3105 for IP 10.30.4.91: no connection to modbus server
[2025-03-01T08:25:50.772Z] ❌ Error reading register 1000 for IP 10.30.4.91: no connection to modbus server
[2025-03-01T08:25:50.772Z] Error reading actual data: no connection to modbus server
[2025-03-01T08:25:50.772Z] Error writing to Modbus register: no connection to modbus server
[2025-03-01T08:25:51.619Z] Error reading register 3105 for IP 10.30.4.91: no connection to modbus server
[2025-03-01T08:25:51.619Z] ❌ Error reading register 1000 for IP 10.30.4.91: no connection to modbus server
[2025-03-01T08:25:51.619Z] Error reading actual data: no connection to modbus server
[2025-03-01T08:25:51.680Z] Error writing to Modbus register: no connection to modbus server
[2025-03-01T08:25:51.681Z] Error reading register 3105 for IP 10.30.4.91: no connection to modbus server
[2025-03-01T08:25:51.681Z] ❌ Error reading register 1000 for IP 10.30.4.91: no connection to modbus server
[2025-03-01T08:25:51.681Z] Error reading actual data: no connection to modbus server
[2025-03-01T08:25:51.763Z] Error writing to Modbus register: no connection to modbus server
[2025-03-01T08:25:51.763Z] Error reading register 3105 for IP 10.30.4.91: no connection to modbus server
[2025-03-01T08:25:51.763Z] ❌ Error reading register 1000 for IP 10.30.4.91: no connection to modbus server
[2025-03-01T08:25:51.763Z] Error reading actual data: no connection to modbus server
[2025-03-01T08:25:51.779Z] Error writing to Modbus register: no connection to modbus server
[2025-03-01T08:25:51.779Z] Error reading register 3105 for IP 10.30.4.91: no connection to modbus server
[2025-03-01T08:25:51.779Z] ❌ Error reading register 1000 for IP 10.30.4.91: no connection to modbus server
[2025-03-01T08:25:51.780Z] Error reading actual data: no connection to modbus server
[2025-03-01T08:25:51.780Z] Error writing to Modbus register: no connection to modbus server
[2025-03-01T08:25:51.780Z] Error reading register 3105 for IP 10.30.4.91: no connection to modbus server
[2025-03-01T08:25:51.780Z] ❌ Error reading register 1000 for IP 10.30.4.91: no connection to modbus server
[2025-03-01T08:25:51.780Z] Error reading actual data: no connection to modbus server
[2025-03-01T08:25:51.781Z] Error writing to Modbus register: no connection to modbus server
[2025-03-01T08:25:51.781Z] ❌ Error reading register 1000 for IP 10.30.4.91: no connection to modbus server
[2025-03-01T08:25:51.781Z] Error reading register 3105 for IP 10.30.4.91: no connection to modbus server
[2025-03-01T08:25:51.781Z] Error reading actual data: no connection to modbus server
[2025-03-01T08:25:51.781Z] Error writing to Modbus register: no connection to modbus server
[2025-03-01T08:25:52.620Z] Error reading register 3105 for IP 10.30.4.91: no connection to modbus server
[2025-03-01T08:25:52.620Z] ❌ Error reading register 1000 for IP 10.30.4.91: no connection to modbus server
[2025-03-01T08:25:52.621Z] Error reading actual data: no connection to modbus server
[2025-03-01T08:25:52.689Z] Error writing to Modbus register: no connection to modbus server
[2025-03-01T08:25:52.689Z] Error reading register 3105 for IP 10.30.4.91: no connection to modbus server
[2025-03-01T08:25:52.689Z] ❌ Error reading register 1000 for IP 10.30.4.91: no connection to modbus server
[2025-03-01T08:25:52.689Z] Error reading actual data: no connection to modbus server
[2025-03-01T08:25:52.763Z] Error writing to Modbus register: no connection to modbus server
[2025-03-01T08:25:52.764Z] Error reading register 3105 for IP 10.30.4.91: no connection to modbus server
[2025-03-01T08:25:52.764Z] ❌ Error reading register 1000 for IP 10.30.4.91: no connection to modbus server
[2025-03-01T08:25:52.764Z] Error reading actual data: no connection to modbus server
[2025-03-01T08:25:52.784Z] Error writing to Modbus register: no connection to modbus server
[2025-03-01T08:25:52.784Z] Error reading register 3105 for IP 10.30.4.91: no connection to modbus server
[2025-03-01T08:25:52.784Z] ❌ Error reading register 1000 for IP 10.30.4.91: no connection to modbus server
[2025-03-01T08:25:52.785Z] Error writing to Modbus register: no connection to modbus server
[2025-03-01T08:25:52.785Z] ❌ Error reading register 1000 for IP 10.30.4.91: no connection to modbus server
[2025-03-01T08:25:52.785Z] Error reading actual data: no connection to modbus server
[2025-03-01T08:25:52.785Z] Error reading register 3105 for IP 10.30.4.91: no connection to modbus server
[2025-03-01T08:25:52.786Z] Error writing to Modbus register: no connection to modbus server
[2025-03-01T08:25:52.784Z] Error reading actual data: no connection to modbus server
[2025-03-01T08:25:52.786Z] Error reading register 3105 for IP 10.30.4.91: no connection to modbus server
[2025-03-01T08:25:52.786Z] ❌ Error reading register 1000 for IP 10.30.4.91: no connection to modbus server
[2025-03-01T08:25:52.786Z] Error reading actual data: no connection to modbus server
[2025-03-01T08:25:52.786Z] Error writing to Modbus register: no connection to modbus server
[2025-03-01T08:25:53.621Z] Error reading register 3105 for IP 10.30.4.91: no connection to modbus server
[2025-03-01T08:25:53.621Z] ❌ Error reading register 1000 for IP 10.30.4.91: no connection to modbus server
[2025-03-01T08:25:53.621Z] Error reading actual data: no connection to modbus server
[2025-03-01T08:25:53.697Z] Error writing to Modbus register: no connection to modbus server
[2025-03-01T08:25:53.697Z] Error reading register 3105 for IP 10.30.4.91: no connection to modbus server
[2025-03-01T08:25:53.697Z] ❌ Error reading register 1000 for IP 10.30.4.91: no connection to modbus server
[2025-03-01T08:25:53.697Z] Error reading actual data: no connection to modbus server
[2025-03-01T08:25:53.763Z] Error writing to Modbus register: no connection to modbus server
[2025-03-01T08:25:53.765Z] Error reading register 3105 for IP 10.30.4.91: no connection to modbus server
[2025-03-01T08:25:53.766Z] ❌ Error reading register 1000 for IP 10.30.4.91: no connection to modbus server
[2025-03-01T08:25:53.766Z] Error reading actual data: no connection to modbus server
[2025-03-01T08:25:53.787Z] Error writing to Modbus register: no connection to modbus server
[2025-03-01T08:25:53.787Z] Error reading register 3105 for IP 10.30.4.91: no connection to modbus server
[2025-03-01T08:25:53.788Z] ❌ Error reading register 1000 for IP 10.30.4.91: no connection to modbus server
[2025-03-01T08:25:53.788Z] Error reading actual data: no connection to modbus server
[2025-03-01T08:25:53.788Z] Error writing to Modbus register: no connection to modbus server
[2025-03-01T08:25:53.788Z] Error reading register 3105 for IP 10.30.4.91: no connection to modbus server
[2025-03-01T08:25:53.789Z] Error reading register 3105 for IP 10.30.4.91: no connection to modbus server
[2025-03-01T08:25:53.789Z] Error reading actual data: no connection to modbus server
[2025-03-01T08:25:53.789Z] ❌ Error reading register 1000 for IP 10.30.4.91: no connection to modbus server
[2025-03-01T08:25:53.789Z] Error writing to Modbus register: no connection to modbus server
[2025-03-01T08:25:53.790Z] ❌ Error reading register 1000 for IP 10.30.4.91: no connection to modbus server
[2025-03-01T08:25:53.790Z] Error reading actual data: no connection to modbus server
[2025-03-01T08:25:53.790Z] Error writing to Modbus register: no connection to modbus server
[2025-03-01T08:25:54.636Z] Error reading register 3105 for IP 10.30.4.91: no connection to modbus server
[2025-03-01T08:25:54.637Z] ❌ Error reading register 1000 for IP 10.30.4.91: no connection to modbus server
[2025-03-01T08:25:54.637Z] Error reading actual data: no connection to modbus server
[2025-03-01T08:25:54.703Z] Error writing to Modbus register: no connection to modbus server
[2025-03-01T08:25:54.704Z] Error reading register 3105 for IP 10.30.4.91: no connection to modbus server
[2025-03-01T08:25:54.704Z] ❌ Error reading register 1000 for IP 10.30.4.91: no connection to modbus server
[2025-03-01T08:25:54.704Z] Error reading actual data: no connection to modbus server
[2025-03-01T08:25:54.763Z] Error writing to Modbus register: no connection to modbus server
[2025-03-01T08:25:54.778Z] Error reading register 3105 for IP 10.30.4.91: no connection to modbus server
[2025-03-01T08:25:54.778Z] ❌ Error reading register 1000 for IP 10.30.4.91: no connection to modbus server
[2025-03-01T08:25:54.778Z] Error reading actual data: no connection to modbus server
[2025-03-01T08:25:54.799Z] Error writing to Modbus register: no connection to modbus server
[2025-03-01T08:25:54.800Z] Error reading register 3105 for IP 10.30.4.91: no connection to modbus server
[2025-03-01T08:25:54.800Z] ❌ Error reading register 1000 for IP 10.30.4.91: no connection to modbus server
[2025-03-01T08:25:54.800Z] Error writing to Modbus register: no connection to modbus server
[2025-03-01T08:25:54.800Z] Error reading register 3105 for IP 10.30.4.91: no connection to modbus server
[2025-03-01T08:25:54.801Z] ❌ Error reading register 1000 for IP 10.30.4.91: no connection to modbus server
[2025-03-01T08:25:54.801Z] Error reading actual data: no connection to modbus server
[2025-03-01T08:25:54.801Z] Error writing to Modbus register: no connection to modbus server
[2025-03-01T08:25:54.800Z] Error reading actual data: no connection to modbus server
[2025-03-01T08:25:54.801Z] Error reading register 3105 for IP 10.30.4.91: no connection to modbus server
[2025-03-01T08:25:54.801Z] ❌ Error reading register 1000 for IP 10.30.4.91: no connection to modbus server
[2025-03-01T08:25:54.801Z] Error reading actual data: no connection to modbus server
[2025-03-01T08:25:54.802Z] Error writing to Modbus register: no connection to modbus server
[2025-03-01T08:25:55.653Z] Error reading register 3105 for IP 10.30.4.91: no connection to modbus server
[2025-03-01T08:25:55.653Z] ❌ Error reading register 1000 for IP 10.30.4.91: no connection to modbus server
[2025-03-01T08:25:55.654Z] Error reading actual data: no connection to modbus server
[2025-03-01T08:25:55.714Z] Error writing to Modbus register: no connection to modbus server
[2025-03-01T08:25:55.716Z] Error reading register 3105 for IP 10.30.4.91: no connection to modbus server
[2025-03-01T08:25:55.716Z] ❌ Error reading register 1000 for IP 10.30.4.91: no connection to modbus server
[2025-03-01T08:25:55.717Z] Error reading actual data: no connection to modbus server
[2025-03-01T08:25:55.765Z] Error writing to Modbus register: no connection to modbus server
[2025-03-01T08:25:55.781Z] Error reading register 3105 for IP 10.30.4.91: no connection to modbus server
[2025-03-01T08:25:55.781Z] ❌ Error reading register 1000 for IP 10.30.4.91: no connection to modbus server
[2025-03-01T08:25:55.781Z] Error reading actual data: no connection to modbus server
[2025-03-01T08:25:55.812Z] Error writing to Modbus register: no connection to modbus server
[2025-03-01T08:25:55.813Z] Error reading register 3105 for IP 10.30.4.91: no connection to modbus server
[2025-03-01T08:25:55.813Z] Error writing to Modbus register: no connection to modbus server
[2025-03-01T08:25:55.813Z] Error reading actual data: no connection to modbus server
[2025-03-01T08:25:55.813Z] Error reading register 3105 for IP 10.30.4.91: no connection to modbus server
[2025-03-01T08:25:55.814Z] ❌ Error reading register 1000 for IP 10.30.4.91: no connection to modbus server
[2025-03-01T08:25:55.813Z] ❌ Error reading register 1000 for IP 10.30.4.91: no connection to modbus server
[2025-03-01T08:25:55.814Z] Error reading actual data: no connection to modbus server
[2025-03-01T08:25:55.814Z] Error writing to Modbus register: no connection to modbus server
[2025-03-01T08:25:55.814Z] Error reading register 3105 for IP 10.30.4.91: no connection to modbus server
[2025-03-01T08:25:55.814Z] ❌ Error reading register 1000 for IP 10.30.4.91: no connection to modbus server
[2025-03-01T08:25:55.814Z] Error reading actual data: no connection to modbus server
[2025-03-01T08:25:55.815Z] Error writing to Modbus register: no connection to modbus server
[2025-03-01T08:25:56.652Z] ❌ Error reading register 1000 for IP 10.30.4.91: no connection to modbus server
[2025-03-01T08:25:56.652Z] Error reading register 3105 for IP 10.30.4.91: no connection to modbus server
[2025-03-01T08:25:56.652Z] Error reading actual data: no connection to modbus server
[2025-03-01T08:25:56.730Z] Error writing to Modbus register: no connection to modbus server
[2025-03-01T08:25:56.731Z] ❌ Error reading register 1000 for IP 10.30.4.91: no connection to modbus server
[2025-03-01T08:25:56.730Z] Error reading register 3105 for IP 10.30.4.91: no connection to modbus server
[2025-03-01T08:25:56.731Z] Error reading actual data: no connection to modbus server
[2025-03-01T08:25:56.766Z] Error writing to Modbus register: no connection to modbus server
[2025-03-01T08:25:56.782Z] Error reading register 3105 for IP 10.30.4.91: no connection to modbus server
[2025-03-01T08:25:56.782Z] ❌ Error reading register 1000 for IP 10.30.4.91: no connection to modbus server
[2025-03-01T08:25:56.782Z] Error reading actual data: no connection to modbus server
[2025-03-01T08:25:56.813Z] Error writing to Modbus register: no connection to modbus server
[2025-03-01T08:25:56.814Z] Error reading register 3105 for IP 10.30.4.91: no connection to modbus server
[2025-03-01T08:25:56.814Z] ❌ Error reading register 1000 for IP 10.30.4.91: no connection to modbus server
[2025-03-01T08:25:56.814Z] Error reading actual data: no connection to modbus server
[2025-03-01T08:25:56.815Z] Error writing to Modbus register: no connection to modbus server
[2025-03-01T08:25:56.815Z] Error reading register 3105 for IP 10.30.4.91: no connection to modbus server
[2025-03-01T08:25:56.815Z] ❌ Error reading register 1000 for IP 10.30.4.91: no connection to modbus server
[2025-03-01T08:25:56.815Z] Error reading actual data: no connection to modbus server
[2025-03-01T08:25:56.815Z] Error writing to Modbus register: no connection to modbus server
[2025-03-01T08:25:56.816Z] Error reading register 3105 for IP 10.30.4.91: no connection to modbus server
[2025-03-01T08:25:56.816Z] ❌ Error reading register 1000 for IP 10.30.4.91: no connection to modbus server
[2025-03-01T08:25:56.816Z] Error reading actual data: no connection to modbus server
[2025-03-01T08:25:56.816Z] Error writing to Modbus register: no connection to modbus server
[2025-03-01T08:25:57.652Z] Error reading register 3105 for IP 10.30.4.91: no connection to modbus server
[2025-03-01T08:25:57.652Z] ❌ Error reading register 1000 for IP 10.30.4.91: no connection to modbus server
[2025-03-01T08:25:57.652Z] Error reading actual data: no connection to modbus server
[2025-03-01T08:25:57.734Z] Error writing to Modbus register: no connection to modbus server
[2025-03-01T08:25:57.735Z] Error reading register 3105 for IP 10.30.4.91: no connection to modbus server
[2025-03-01T08:25:57.735Z] ❌ Error reading register 1000 for IP 10.30.4.91: no connection to modbus server
[2025-03-01T08:25:57.735Z] Error reading actual data: no connection to modbus server
[2025-03-01T08:25:57.780Z] Error writing to Modbus register: no connection to modbus server
[2025-03-01T08:25:57.782Z] Error reading register 3105 for IP 10.30.4.91: no connection to modbus server
[2025-03-01T08:25:57.782Z] ❌ Error reading register 1000 for IP 10.30.4.91: no connection to modbus server
[2025-03-01T08:25:57.783Z] Error reading actual data: no connection to modbus server
[2025-03-01T08:25:57.816Z] Error writing to Modbus register: no connection to modbus server
[2025-03-01T08:25:57.817Z] Error reading register 3105 for IP 10.30.4.91: no connection to modbus server
[2025-03-01T08:25:57.817Z] ❌ Error reading register 1000 for IP 10.30.4.91: no connection to modbus server
[2025-03-01T08:25:57.817Z] Error writing to Modbus register: no connection to modbus server
[2025-03-01T08:25:57.817Z] Error reading actual data: no connection to modbus server
[2025-03-01T08:25:57.817Z] Error reading register 3105 for IP 10.30.4.91: no connection to modbus server
[2025-03-01T08:25:57.817Z] ❌ Error reading register 1000 for IP 10.30.4.91: no connection to modbus server
[2025-03-01T08:25:57.818Z] Error reading actual data: no connection to modbus server
[2025-03-01T08:25:57.818Z] Error writing to Modbus register: no connection to modbus server
[2025-03-01T08:25:57.818Z] Error reading register 3105 for IP 10.30.4.91: no connection to modbus server
[2025-03-01T08:25:57.818Z] ❌ Error reading register 1000 for IP 10.30.4.91: no connection to modbus server
[2025-03-01T08:25:57.818Z] Error reading actual data: no connection to modbus server
[2025-03-01T08:25:57.819Z] Error writing to Modbus register: no connection to modbus server
[2025-03-01T08:25:58.653Z] Error reading register 3105 for IP 10.30.4.91: no connection to modbus server
[2025-03-01T08:25:58.653Z] ❌ Error reading register 1000 for IP 10.30.4.91: no connection to modbus server
[2025-03-01T08:25:58.653Z] Error reading actual data: no connection to modbus server
[2025-03-01T08:25:58.755Z] Error writing to Modbus register: no connection to modbus server
[2025-03-01T08:25:58.756Z] Error reading register 3105 for IP 10.30.4.91: no connection to modbus server
[2025-03-01T08:25:58.756Z] ❌ Error reading register 1000 for IP 10.30.4.91: no connection to modbus server
[2025-03-01T08:25:58.756Z] Error reading actual data: no connection to modbus server
[2025-03-01T08:25:58.784Z] Error writing to Modbus register: no connection to modbus server
[2025-03-01T08:25:58.784Z] Error reading register 3105 for IP 10.30.4.91: no connection to modbus server
[2025-03-01T08:25:58.785Z] ❌ Error reading register 1000 for IP 10.30.4.91: no connection to modbus server
[2025-03-01T08:25:58.785Z] Error reading actual data: no connection to modbus server
[2025-03-01T08:25:58.829Z] Error writing to Modbus register: no connection to modbus server
[2025-03-01T08:25:58.830Z] Error reading register 3105 for IP 10.30.4.91: no connection to modbus server
[2025-03-01T08:25:58.830Z] ❌ Error reading register 1000 for IP 10.30.4.91: no connection to modbus server
[2025-03-01T08:25:58.830Z] Error reading actual data: no connection to modbus server
[2025-03-01T08:25:58.830Z] Error writing to Modbus register: no connection to modbus server
[2025-03-01T08:25:58.830Z] Error reading register 3105 for IP 10.30.4.91: no connection to modbus server
[2025-03-01T08:25:58.831Z] ❌ Error reading register 1000 for IP 10.30.4.91: no connection to modbus server
[2025-03-01T08:25:58.831Z] Error reading actual data: no connection to modbus server
[2025-03-01T08:25:58.831Z] Error writing to Modbus register: no connection to modbus server
[2025-03-01T08:25:58.831Z] Error reading register 3105 for IP 10.30.4.91: no connection to modbus server
[2025-03-01T08:25:58.832Z] ❌ Error reading register 1000 for IP 10.30.4.91: no connection to modbus server
[2025-03-01T08:25:58.832Z] Error reading actual data: no connection to modbus server
[2025-03-01T08:25:58.832Z] Error writing to Modbus register: no connection to modbus server
[2025-03-01T08:25:59.654Z] Error reading register 3105 for IP 10.30.4.91: no connection to modbus server
[2025-03-01T08:25:59.654Z] ❌ Error reading register 1000 for IP 10.30.4.91: no connection to modbus server
[2025-03-01T08:25:59.654Z] Error reading actual data: no connection to modbus server
[2025-03-01T08:25:59.764Z] Error writing to Modbus register: no connection to modbus server
[2025-03-01T08:25:59.764Z] Error reading register 3105 for IP 10.30.4.91: no connection to modbus server
[2025-03-01T08:25:59.765Z] ❌ Error reading register 1000 for IP 10.30.4.91: no connection to modbus server
[2025-03-01T08:25:59.765Z] Error reading actual data: no connection to modbus server
[2025-03-01T08:25:59.795Z] Error writing to Modbus register: no connection to modbus server
[2025-03-01T08:25:59.796Z] Error reading register 3105 for IP 10.30.4.91: no connection to modbus server
[2025-03-01T08:25:59.797Z] ❌ Error reading register 1000 for IP 10.30.4.91: no connection to modbus server
[2025-03-01T08:25:59.797Z] Error reading actual data: no connection to modbus server
[2025-03-01T08:25:59.844Z] Error writing to Modbus register: no connection to modbus server
[2025-03-01T08:25:59.844Z] Error reading register 3105 for IP 10.30.4.91: no connection to modbus server
[2025-03-01T08:25:59.845Z] ❌ Error reading register 1000 for IP 10.30.4.91: no connection to modbus server
[2025-03-01T08:25:59.846Z] Error reading register 3105 for IP 10.30.4.91: no connection to modbus server
[2025-03-01T08:25:59.845Z] Error reading actual data: no connection to modbus server
[2025-03-01T08:25:59.845Z] Error writing to Modbus register: no connection to modbus server
[2025-03-01T08:25:59.846Z] ❌ Error reading register 1000 for IP 10.30.4.91: no connection to modbus server
[2025-03-01T08:25:59.846Z] Error reading actual data: no connection to modbus server
[2025-03-01T08:25:59.846Z] Error writing to Modbus register: no connection to modbus server
[2025-03-01T08:25:59.847Z] Error reading register 3105 for IP 10.30.4.91: no connection to modbus server
[2025-03-01T08:25:59.847Z] ❌ Error reading register 1000 for IP 10.30.4.91: no connection to modbus server
[2025-03-01T08:25:59.847Z] Error reading actual data: no connection to modbus server
[2025-03-01T08:25:59.847Z] Error writing to Modbus register: no connection to modbus server
[2025-03-01T08:26:00.667Z] Error reading register 3105 for IP 10.30.4.91: no connection to modbus server
[2025-03-01T08:26:00.667Z] ❌ Error reading register 1000 for IP 10.30.4.91: no connection to modbus server
[2025-03-01T08:26:00.668Z] Error reading actual data: no connection to modbus server
[2025-03-01T08:26:00.767Z] Error writing to Modbus register: no connection to modbus server
[2025-03-01T08:26:00.767Z] Error reading register 3105 for IP 10.30.4.91: no connection to modbus server
[2025-03-01T08:26:00.767Z] ❌ Error reading register 1000 for IP 10.30.4.91: no connection to modbus server
[2025-03-01T08:26:00.767Z] Error reading actual data: no connection to modbus server
[2025-03-01T08:26:00.798Z] Error writing to Modbus register: no connection to modbus server
[2025-03-01T08:26:00.799Z] Error reading register 3105 for IP 10.30.4.91: no connection to modbus server
[2025-03-01T08:26:00.799Z] ❌ Error reading register 1000 for IP 10.30.4.91: no connection to modbus server
[2025-03-01T08:26:00.799Z] Error reading actual data: no connection to modbus server
[2025-03-01T08:26:00.846Z] Error writing to Modbus register: no connection to modbus server
[2025-03-01T08:26:00.847Z] ❌ Error reading register 1000 for IP 10.30.4.91: no connection to modbus server
[2025-03-01T08:26:00.847Z] Error reading register 3105 for IP 10.30.4.91: no connection to modbus server
[2025-03-01T08:26:00.847Z] Error reading actual data: no connection to modbus server
[2025-03-01T08:26:00.848Z] Error writing to Modbus register: no connection to modbus server
[2025-03-01T08:26:00.848Z] Error reading register 3105 for IP 10.30.4.91: no connection to modbus server
[2025-03-01T08:26:00.848Z] ❌ Error reading register 1000 for IP 10.30.4.91: no connection to modbus server
[2025-03-01T08:26:00.848Z] Error reading actual data: no connection to modbus server
[2025-03-01T08:26:00.850Z] Error reading register 3105 for IP 10.30.4.91: no connection to modbus server
[2025-03-01T08:26:00.849Z] Error writing to Modbus register: no connection to modbus server
[2025-03-01T08:26:00.850Z] ❌ Error reading register 1000 for IP 10.30.4.91: no connection to modbus server
[2025-03-01T08:26:00.850Z] Error reading actual data: no connection to modbus server
[2025-03-01T08:26:00.850Z] Error writing to Modbus register: no connection to modbus server
[2025-03-01T08:26:01.670Z] Error reading register 3105 for IP 10.30.4.91: no connection to modbus server
[2025-03-01T08:26:01.670Z] ❌ Error reading register 1000 for IP 10.30.4.91: no connection to modbus server
[2025-03-01T08:26:01.671Z] Error reading actual data: no connection to modbus server
[2025-03-01T08:26:01.779Z] Error writing to Modbus register: no connection to modbus server
[2025-03-01T08:26:01.780Z] Error reading register 3105 for IP 10.30.4.91: no connection to modbus server
[2025-03-01T08:26:01.780Z] ❌ Error reading register 1000 for IP 10.30.4.91: no connection to modbus server
[2025-03-01T08:26:01.780Z] Error reading actual data: no connection to modbus server
[2025-03-01T08:26:01.813Z] Error writing to Modbus register: no connection to modbus server
[2025-03-01T08:26:01.814Z] Error reading register 3105 for IP 10.30.4.91: no connection to modbus server
[2025-03-01T08:26:01.815Z] ❌ Error reading register 1000 for IP 10.30.4.91: no connection to modbus server
[2025-03-01T08:26:01.815Z] Error reading actual data: no connection to modbus server
[2025-03-01T08:26:01.847Z] Error writing to Modbus register: no connection to modbus server
[2025-03-01T08:26:01.847Z] Error reading register 3105 for IP 10.30.4.91: no connection to modbus server
[2025-03-01T08:26:01.847Z] ❌ Error reading register 1000 for IP 10.30.4.91: no connection to modbus server
[2025-03-01T08:26:01.847Z] Error reading actual data: no connection to modbus server
[2025-03-01T08:26:01.848Z] Error writing to Modbus register: no connection to modbus server
[2025-03-01T08:26:01.848Z] Error reading register 3105 for IP 10.30.4.91: no connection to modbus server
[2025-03-01T08:26:01.849Z] ❌ Error reading register 1000 for IP 10.30.4.91: no connection to modbus server
[2025-03-01T08:26:01.849Z] Error reading actual data: no connection to modbus server
[2025-03-01T08:26:01.849Z] Error writing to Modbus register: no connection to modbus server
[2025-03-01T08:26:01.849Z] Error reading register 3105 for IP 10.30.4.91: no connection to modbus server
[2025-03-01T08:26:01.849Z] ❌ Error reading register 1000 for IP 10.30.4.91: no connection to modbus server
[2025-03-01T08:26:01.849Z] Error reading actual data: no connection to modbus server
[2025-03-01T08:26:01.850Z] Error writing to Modbus register: no connection to modbus server
[2025-03-01T08:26:02.671Z] ❌ Error reading register 1000 for IP 10.30.4.91: no connection to modbus server
[2025-03-01T08:26:02.671Z] Error reading actual data: no connection to modbus server
[2025-03-01T08:26:02.671Z] Error reading register 3105 for IP 10.30.4.91: no connection to modbus server
[2025-03-01T08:26:02.781Z] Error writing to Modbus register: no connection to modbus server
[2025-03-01T08:26:02.781Z] Error reading register 3105 for IP 10.30.4.91: no connection to modbus server
[2025-03-01T08:26:02.782Z] ❌ Error reading register 1000 for IP 10.30.4.91: no connection to modbus server
[2025-03-01T08:26:02.782Z] Error reading actual data: no connection to modbus server
[2025-03-01T08:26:02.812Z] Error writing to Modbus register: no connection to modbus server
[2025-03-01T08:26:02.815Z] Error reading register 3105 for IP 10.30.4.91: no connection to modbus server
[2025-03-01T08:26:02.815Z] ❌ Error reading register 1000 for IP 10.30.4.91: no connection to modbus server
[2025-03-01T08:26:02.815Z] Error reading actual data: no connection to modbus server
[2025-03-01T08:26:02.860Z] Error writing to Modbus register: no connection to modbus server
[2025-03-01T08:26:02.861Z] Error reading register 3105 for IP 10.30.4.91: no connection to modbus server
[2025-03-01T08:26:02.861Z] ❌ Error reading register 1000 for IP 10.30.4.91: no connection to modbus server
[2025-03-01T08:26:02.862Z] Error reading register 3105 for IP 10.30.4.91: no connection to modbus server
[2025-03-01T08:26:02.862Z] ❌ Error reading register 1000 for IP 10.30.4.91: no connection to modbus server
[2025-03-01T08:26:02.862Z] Error reading actual data: no connection to modbus server
[2025-03-01T08:26:02.861Z] Error reading actual data: no connection to modbus server
[2025-03-01T08:26:02.862Z] Error writing to Modbus register: no connection to modbus server
[2025-03-01T08:26:02.863Z] Error reading register 3105 for IP 10.30.4.91: no connection to modbus server
[2025-03-01T08:26:02.863Z] ❌ Error reading register 1000 for IP 10.30.4.91: no connection to modbus server
[2025-03-01T08:26:02.861Z] Error writing to Modbus register: no connection to modbus server
[2025-03-01T08:26:02.863Z] Error reading actual data: no connection to modbus server
[2025-03-01T08:26:02.863Z] Error writing to Modbus register: no connection to modbus server
[2025-03-01T08:26:03.685Z] Error reading register 3105 for IP 10.30.4.91: no connection to modbus server
[2025-03-01T08:26:03.685Z] ❌ Error reading register 1000 for IP 10.30.4.91: no connection to modbus server
[2025-03-01T08:26:03.686Z] Error reading actual data: no connection to modbus server
[2025-03-01T08:26:03.784Z] Error reading register 3105 for IP 10.30.4.91: no connection to modbus server
[2025-03-01T08:26:03.784Z] ❌ Error reading register 1000 for IP 10.30.4.91: no connection to modbus server
[2025-03-01T08:26:03.784Z] Error reading actual data: no connection to modbus server
[2025-03-01T08:26:03.784Z] Error writing to Modbus register: no connection to modbus server
[2025-03-01T08:26:03.814Z] Error writing to Modbus register: no connection to modbus server
[2025-03-01T08:26:03.815Z] Error reading register 3105 for IP 10.30.4.91: no connection to modbus server
[2025-03-01T08:26:03.815Z] ❌ Error reading register 1000 for IP 10.30.4.91: no connection to modbus server
[2025-03-01T08:26:03.815Z] Error reading actual data: no connection to modbus server
[2025-03-01T08:26:03.863Z] Error writing to Modbus register: no connection to modbus server
[2025-03-01T08:26:03.863Z] Error reading register 3105 for IP 10.30.4.91: no connection to modbus server
[2025-03-01T08:26:03.864Z] Error reading register 3105 for IP 10.30.4.91: no connection to modbus server
[2025-03-01T08:26:03.865Z] ❌ Error reading register 1000 for IP 10.30.4.91: no connection to modbus server
[2025-03-01T08:26:03.865Z] Error reading actual data: no connection to modbus server
[2025-03-01T08:26:03.864Z] Error reading actual data: no connection to modbus server
[2025-03-01T08:26:03.865Z] Error writing to Modbus register: no connection to modbus server
[2025-03-01T08:26:03.866Z] ❌ Error reading register 1000 for IP 10.30.4.91: no connection to modbus server
[2025-03-01T08:26:03.866Z] Error reading register 3105 for IP 10.30.4.91: no connection to modbus server
[2025-03-01T08:26:03.863Z] ❌ Error reading register 1000 for IP 10.30.4.91: no connection to modbus server
[2025-03-01T08:26:03.864Z] Error writing to Modbus register: no connection to modbus server
[2025-03-01T08:26:03.866Z] Error reading actual data: no connection to modbus server
[2025-03-01T08:26:03.866Z] Error writing to Modbus register: no connection to modbus server
[2025-03-01T08:26:04.701Z] Error reading register 3105 for IP 10.30.4.91: no connection to modbus server
[2025-03-01T08:26:04.701Z] ❌ Error reading register 1000 for IP 10.30.4.91: no connection to modbus server
[2025-03-01T08:26:04.701Z] Error reading actual data: no connection to modbus server
[2025-03-01T08:26:04.787Z] Error writing to Modbus register: no connection to modbus server
[2025-03-01T08:26:04.788Z] Error reading register 3105 for IP 10.30.4.91: no connection to modbus server
[2025-03-01T08:26:04.788Z] ❌ Error reading register 1000 for IP 10.30.4.91: no connection to modbus server
[2025-03-01T08:26:04.788Z] Error reading actual data: no connection to modbus server
[2025-03-01T08:26:04.829Z] Error writing to Modbus register: no connection to modbus server
[2025-03-01T08:26:04.831Z] Error reading register 3105 for IP 10.30.4.91: no connection to modbus server
[2025-03-01T08:26:04.831Z] ❌ Error reading register 1000 for IP 10.30.4.91: no connection to modbus server
[2025-03-01T08:26:04.832Z] Error reading actual data: no connection to modbus server
[2025-03-01T08:26:04.866Z] Error writing to Modbus register: no connection to modbus server
[2025-03-01T08:26:04.866Z] Error reading register 3105 for IP 10.30.4.91: no connection to modbus server
[2025-03-01T08:26:04.866Z] ❌ Error reading register 1000 for IP 10.30.4.91: no connection to modbus server
[2025-03-01T08:26:04.866Z] Error reading actual data: no connection to modbus server
[2025-03-01T08:26:04.867Z] Error writing to Modbus register: no connection to modbus server
[2025-03-01T08:26:04.867Z] Error reading register 3105 for IP 10.30.4.91: no connection to modbus server
[2025-03-01T08:26:04.867Z] ❌ Error reading register 1000 for IP 10.30.4.91: no connection to modbus server
[2025-03-01T08:26:04.867Z] Error reading actual data: no connection to modbus server
[2025-03-01T08:26:04.868Z] Error writing to Modbus register: no connection to modbus server
[2025-03-01T08:26:04.868Z] Error reading register 3105 for IP 10.30.4.91: no connection to modbus server
[2025-03-01T08:26:04.868Z] ❌ Error reading register 1000 for IP 10.30.4.91: no connection to modbus server
[2025-03-01T08:26:04.868Z] Error reading actual data: no connection to modbus server
[2025-03-01T08:26:04.869Z] Error writing to Modbus register: no connection to modbus server
[2025-03-01T08:26:05.700Z] Error reading register 3105 for IP 10.30.4.91: no connection to modbus server
[2025-03-01T08:26:05.701Z] ❌ Error reading register 1000 for IP 10.30.4.91: no connection to modbus server
[2025-03-01T08:26:05.701Z] Error reading actual data: no connection to modbus server
[2025-03-01T08:26:05.796Z] Error writing to Modbus register: no connection to modbus server
[2025-03-01T08:26:05.797Z] Error reading register 3105 for IP 10.30.4.91: no connection to modbus server
[2025-03-01T08:26:05.797Z] ❌ Error reading register 1000 for IP 10.30.4.91: no connection to modbus server
[2025-03-01T08:26:05.797Z] Error reading actual data: no connection to modbus server
[2025-03-01T08:26:05.831Z] Error writing to Modbus register: no connection to modbus server
[2025-03-01T08:26:05.831Z] Error reading register 3105 for IP 10.30.4.91: no connection to modbus server
[2025-03-01T08:26:05.832Z] ❌ Error reading register 1000 for IP 10.30.4.91: no connection to modbus server
[2025-03-01T08:26:05.832Z] Error reading actual data: no connection to modbus server
[2025-03-01T08:26:05.879Z] Error writing to Modbus register: no connection to modbus server
[2025-03-01T08:26:05.880Z] Error reading register 3105 for IP 10.30.4.91: no connection to modbus server
[2025-03-01T08:26:05.880Z] ❌ Error reading register 1000 for IP 10.30.4.91: no connection to modbus server
[2025-03-01T08:26:05.880Z] Error reading actual data: no connection to modbus server
[2025-03-01T08:26:05.881Z] Error writing to Modbus register: no connection to modbus server
[2025-03-01T08:26:05.881Z] Error reading register 3105 for IP 10.30.4.91: no connection to modbus server
[2025-03-01T08:26:05.882Z] ❌ Error reading register 1000 for IP 10.30.4.91: no connection to modbus server
[2025-03-01T08:26:05.882Z] Error reading actual data: no connection to modbus server
[2025-03-01T08:26:05.882Z] Error writing to Modbus register: no connection to modbus server
[2025-03-01T08:26:05.883Z] Error reading register 3105 for IP 10.30.4.91: no connection to modbus server
[2025-03-01T08:26:05.883Z] ❌ Error reading register 1000 for IP 10.30.4.91: no connection to modbus server
[2025-03-01T08:26:05.883Z] Error reading actual data: no connection to modbus server
[2025-03-01T08:26:05.884Z] Error writing to Modbus register: no connection to modbus server
[2025-03-01T08:26:06.702Z] Error reading register 3105 for IP 10.30.4.91: no connection to modbus server
[2025-03-01T08:26:06.702Z] ❌ Error reading register 1000 for IP 10.30.4.91: no connection to modbus server
[2025-03-01T08:26:06.702Z] Error reading actual data: no connection to modbus server
[2025-03-01T08:26:06.797Z] Error writing to Modbus register: no connection to modbus server
[2025-03-01T08:26:06.798Z] Error reading register 3105 for IP 10.30.4.91: no connection to modbus server
[2025-03-01T08:26:06.798Z] ❌ Error reading register 1000 for IP 10.30.4.91: no connection to modbus server
[2025-03-01T08:26:06.798Z] Error reading actual data: no connection to modbus server
[2025-03-01T08:26:06.832Z] Error writing to Modbus register: no connection to modbus server
[2025-03-01T08:26:06.832Z] Error reading register 3105 for IP 10.30.4.91: no connection to modbus server
[2025-03-01T08:26:06.833Z] ❌ Error reading register 1000 for IP 10.30.4.91: no connection to modbus server
[2025-03-01T08:26:06.833Z] Error reading actual data: no connection to modbus server
[2025-03-01T08:26:06.887Z] Error writing to Modbus register: no connection to modbus server
[2025-03-01T08:26:06.887Z] Error reading register 3105 for IP 10.30.4.91: no connection to modbus server
[2025-03-01T08:26:06.887Z] ❌ Error reading register 1000 for IP 10.30.4.91: no connection to modbus server
[2025-03-01T08:26:06.887Z] Error reading actual data: no connection to modbus server
[2025-03-01T08:26:06.888Z] Error writing to Modbus register: no connection to modbus server
[2025-03-01T08:26:06.888Z] Error reading register 3105 for IP 10.30.4.91: no connection to modbus server
[2025-03-01T08:26:06.888Z] ❌ Error reading register 1000 for IP 10.30.4.91: no connection to modbus server
[2025-03-01T08:26:06.888Z] Error reading actual data: no connection to modbus server
[2025-03-01T08:26:06.889Z] Error writing to Modbus register: no connection to modbus server
[2025-03-01T08:26:06.889Z] Error reading register 3105 for IP 10.30.4.91: no connection to modbus server
[2025-03-01T08:26:06.889Z] ❌ Error reading register 1000 for IP 10.30.4.91: no connection to modbus server
[2025-03-01T08:26:06.889Z] Error reading actual data: no connection to modbus server
[2025-03-01T08:26:06.889Z] Error writing to Modbus register: no connection to modbus server
[2025-03-01T08:26:07.702Z] Error reading register 3105 for IP 10.30.4.91: no connection to modbus server
[2025-03-01T08:26:07.702Z] ❌ Error reading register 1000 for IP 10.30.4.91: no connection to modbus server
[2025-03-01T08:26:07.702Z] Error reading actual data: no connection to modbus server
[2025-03-01T08:26:07.799Z] Error writing to Modbus register: no connection to modbus server
[2025-03-01T08:26:07.799Z] Error reading register 3105 for IP 10.30.4.91: no connection to modbus server
[2025-03-01T08:26:07.800Z] Error reading actual data: no connection to modbus server
[2025-03-01T08:26:07.799Z] ❌ Error reading register 1000 for IP 10.30.4.91: no connection to modbus server
[2025-03-01T08:26:07.845Z] Error writing to Modbus register: no connection to modbus server
[2025-03-01T08:26:07.847Z] Error reading register 3105 for IP 10.30.4.91: no connection to modbus server
[2025-03-01T08:26:07.848Z] ❌ Error reading register 1000 for IP 10.30.4.91: no connection to modbus server
[2025-03-01T08:26:07.848Z] Error reading actual data: no connection to modbus server
[2025-03-01T08:26:07.896Z] Error reading register 3105 for IP 10.30.4.91: no connection to modbus server
[2025-03-01T08:26:07.896Z] ❌ Error reading register 1000 for IP 10.30.4.91: no connection to modbus server
[2025-03-01T08:26:07.895Z] Error writing to Modbus register: no connection to modbus server
[2025-03-01T08:26:07.896Z] Error reading actual data: no connection to modbus server
[2025-03-01T08:26:07.897Z] Error writing to Modbus register: no connection to modbus server
[2025-03-01T08:26:07.897Z] Error reading register 3105 for IP 10.30.4.91: no connection to modbus server
[2025-03-01T08:26:07.897Z] ❌ Error reading register 1000 for IP 10.30.4.91: no connection to modbus server
[2025-03-01T08:26:07.897Z] Error reading actual data: no connection to modbus server
[2025-03-01T08:26:07.898Z] Error writing to Modbus register: no connection to modbus server
[2025-03-01T08:26:07.898Z] Error reading register 3105 for IP 10.30.4.91: no connection to modbus server
[2025-03-01T08:26:07.898Z] ❌ Error reading register 1000 for IP 10.30.4.91: no connection to modbus server
[2025-03-01T08:26:07.898Z] Error reading actual data: no connection to modbus server
[2025-03-01T08:26:07.899Z] Error writing to Modbus register: no connection to modbus server
[2025-03-01T08:26:08.701Z] Error reading register 3105 for IP 10.30.4.91: no connection to modbus server
[2025-03-01T08:26:08.702Z] ❌ Error reading register 1000 for IP 10.30.4.91: no connection to modbus server
[2025-03-01T08:26:08.702Z] Error reading actual data: no connection to modbus server
[2025-03-01T08:26:08.801Z] Error writing to Modbus register: no connection to modbus server
[2025-03-01T08:26:08.802Z] Error reading register 3105 for IP 10.30.4.91: no connection to modbus server
[2025-03-01T08:26:08.802Z] ❌ Error reading register 1000 for IP 10.30.4.91: no connection to modbus server
[2025-03-01T08:26:08.802Z] Error reading actual data: no connection to modbus server
[2025-03-01T08:26:08.846Z] Error writing to Modbus register: no connection to modbus server
[2025-03-01T08:26:08.846Z] Error reading register 3105 for IP 10.30.4.91: no connection to modbus server
[2025-03-01T08:26:08.846Z] ❌ Error reading register 1000 for IP 10.30.4.91: no connection to modbus server
[2025-03-01T08:26:08.846Z] Error reading actual data: no connection to modbus server
[2025-03-01T08:26:08.897Z] Error writing to Modbus register: no connection to modbus server
[2025-03-01T08:26:08.898Z] Error reading register 3105 for IP 10.30.4.91: no connection to modbus server
[2025-03-01T08:26:08.898Z] ❌ Error reading register 1000 for IP 10.30.4.91: no connection to modbus server
[2025-03-01T08:26:08.898Z] Error writing to Modbus register: no connection to modbus server
[2025-03-01T08:26:08.898Z] Error reading actual data: no connection to modbus server
[2025-03-01T08:26:08.899Z] Error reading register 3105 for IP 10.30.4.91: no connection to modbus server
[2025-03-01T08:26:08.899Z] ❌ Error reading register 1000 for IP 10.30.4.91: no connection to modbus server
[2025-03-01T08:26:08.899Z] Error reading actual data: no connection to modbus server
[2025-03-01T08:26:08.899Z] Error writing to Modbus register: no connection to modbus server
[2025-03-01T08:26:08.900Z] Error reading register 3105 for IP 10.30.4.91: no connection to modbus server
[2025-03-01T08:26:08.900Z] Error reading actual data: no connection to modbus server
[2025-03-01T08:26:08.900Z] ❌ Error reading register 1000 for IP 10.30.4.91: no connection to modbus server
[2025-03-01T08:26:08.901Z] Error writing to Modbus register: no connection to modbus server
[2025-03-01T08:26:09.703Z] ❌ Error reading register 1000 for IP 10.30.4.91: no connection to modbus server
[2025-03-01T08:26:09.703Z] Error reading register 3105 for IP 10.30.4.91: no connection to modbus server
[2025-03-01T08:26:09.704Z] Error reading actual data: no connection to modbus server
[2025-03-01T08:26:09.812Z] Error writing to Modbus register: no connection to modbus server
[2025-03-01T08:26:09.813Z] Error reading register 3105 for IP 10.30.4.91: no connection to modbus server
[2025-03-01T08:26:09.813Z] ❌ Error reading register 1000 for IP 10.30.4.91: no connection to modbus server
[2025-03-01T08:26:09.813Z] Error reading actual data: no connection to modbus server
[2025-03-01T08:26:09.847Z] Error writing to Modbus register: no connection to modbus server
[2025-03-01T08:26:09.847Z] Error reading register 3105 for IP 10.30.4.91: no connection to modbus server
[2025-03-01T08:26:09.847Z] ❌ Error reading register 1000 for IP 10.30.4.91: no connection to modbus server
[2025-03-01T08:26:09.847Z] Error reading actual data: no connection to modbus server
[2025-03-01T08:26:09.900Z] Error writing to Modbus register: no connection to modbus server
[2025-03-01T08:26:09.900Z] Error reading register 3105 for IP 10.30.4.91: no connection to modbus server
[2025-03-01T08:26:09.900Z] ❌ Error reading register 1000 for IP 10.30.4.91: no connection to modbus server
[2025-03-01T08:26:09.901Z] Error reading actual data: no connection to modbus server
[2025-03-01T08:26:09.901Z] Error writing to Modbus register: no connection to modbus server
[2025-03-01T08:26:09.901Z] Error reading register 3105 for IP 10.30.4.91: no connection to modbus server
[2025-03-01T08:26:09.902Z] ❌ Error reading register 1000 for IP 10.30.4.91: no connection to modbus server
[2025-03-01T08:26:09.902Z] Error reading actual data: no connection to modbus server
[2025-03-01T08:26:09.902Z] Error writing to Modbus register: no connection to modbus server
[2025-03-01T08:26:09.902Z] Error reading register 3105 for IP 10.30.4.91: no connection to modbus server
[2025-03-01T08:26:09.903Z] ❌ Error reading register 1000 for IP 10.30.4.91: no connection to modbus server
[2025-03-01T08:26:09.903Z] Error reading actual data: no connection to modbus server
[2025-03-01T08:26:09.903Z] Error writing to Modbus register: no connection to modbus server
[2025-03-01T08:26:10.704Z] Error reading register 3105 for IP 10.30.4.91: no connection to modbus server
[2025-03-01T08:26:10.705Z] ❌ Error reading register 1000 for IP 10.30.4.91: no connection to modbus server
[2025-03-01T08:26:10.705Z] Error reading actual data: no connection to modbus server
[2025-03-01T08:26:10.814Z] Error writing to Modbus register: no connection to modbus server
[2025-03-01T08:26:10.814Z] Error reading register 3105 for IP 10.30.4.91: no connection to modbus server
[2025-03-01T08:26:10.814Z] ❌ Error reading register 1000 for IP 10.30.4.91: no connection to modbus server
[2025-03-01T08:26:10.814Z] Error reading actual data: no connection to modbus server
[2025-03-01T08:26:10.860Z] Error writing to Modbus register: no connection to modbus server
[2025-03-01T08:26:10.861Z] Error reading register 3105 for IP 10.30.4.91: no connection to modbus server
[2025-03-01T08:26:10.861Z] ❌ Error reading register 1000 for IP 10.30.4.91: no connection to modbus server
[2025-03-01T08:26:10.861Z] Error reading actual data: no connection to modbus server
[2025-03-01T08:26:10.913Z] Error writing to Modbus register: no connection to modbus server
[2025-03-01T08:26:10.914Z] ❌ Error reading register 1000 for IP 10.30.4.91: no connection to modbus server
[2025-03-01T08:26:10.914Z] Error reading register 3105 for IP 10.30.4.91: no connection to modbus server
[2025-03-01T08:26:10.914Z] Error reading actual data: no connection to modbus server
[2025-03-01T08:26:10.915Z] Error reading register 3105 for IP 10.30.4.91: no connection to modbus server
[2025-03-01T08:26:10.915Z] ❌ Error reading register 1000 for IP 10.30.4.91: no connection to modbus server
[2025-03-01T08:26:10.915Z] Error reading actual data: no connection to modbus server
[2025-03-01T08:26:10.914Z] Error writing to Modbus register: no connection to modbus server
[2025-03-01T08:26:10.915Z] Error writing to Modbus register: no connection to modbus server
[2025-03-01T08:26:10.915Z] Error reading register 3105 for IP 10.30.4.91: no connection to modbus server
[2025-03-01T08:26:10.916Z] ❌ Error reading register 1000 for IP 10.30.4.91: no connection to modbus server
[2025-03-01T08:26:10.916Z] Error reading actual data: no connection to modbus server
[2025-03-01T08:26:10.916Z] Error writing to Modbus register: no connection to modbus server
[2025-03-01T08:26:11.705Z] Error reading register 3105 for IP 10.30.4.91: no connection to modbus server
[2025-03-01T08:26:11.706Z] ❌ Error reading register 1000 for IP 10.30.4.91: no connection to modbus server
[2025-03-01T08:26:11.706Z] Error reading actual data: no connection to modbus server
[2025-03-01T08:26:11.828Z] Error writing to Modbus register: no connection to modbus server
[2025-03-01T08:26:11.829Z] Error reading register 3105 for IP 10.30.4.91: no connection to modbus server
[2025-03-01T08:26:11.829Z] ❌ Error reading register 1000 for IP 10.30.4.91: no connection to modbus server
[2025-03-01T08:26:11.829Z] Error reading actual data: no connection to modbus server
[2025-03-01T08:26:11.863Z] Error writing to Modbus register: no connection to modbus server
[2025-03-01T08:26:11.863Z] Error reading register 3105 for IP 10.30.4.91: no connection to modbus server
[2025-03-01T08:26:11.863Z] ❌ Error reading register 1000 for IP 10.30.4.91: no connection to modbus server
[2025-03-01T08:26:11.863Z] Error reading actual data: no connection to modbus server
[2025-03-01T08:26:11.913Z] Error writing to Modbus register: no connection to modbus server
[2025-03-01T08:26:11.914Z] Error reading register 3105 for IP 10.30.4.91: no connection to modbus server
[2025-03-01T08:26:11.915Z] ❌ Error reading register 1000 for IP 10.30.4.91: no connection to modbus server
[2025-03-01T08:26:11.915Z] Error reading actual data: no connection to modbus server
[2025-03-01T08:26:11.915Z] Error writing to Modbus register: no connection to modbus server
[2025-03-01T08:26:11.917Z] Error reading register 3105 for IP 10.30.4.91: no connection to modbus server
[2025-03-01T08:26:11.917Z] ❌ Error reading register 1000 for IP 10.30.4.91: no connection to modbus server
[2025-03-01T08:26:11.917Z] Error reading actual data: no connection to modbus server
[2025-03-01T08:26:11.918Z] Error writing to Modbus register: no connection to modbus server
[2025-03-01T08:26:11.919Z] ❌ Error reading register 1000 for IP 10.30.4.91: no connection to modbus server
[2025-03-01T08:26:11.918Z] Error reading register 3105 for IP 10.30.4.91: no connection to modbus server
[2025-03-01T08:26:11.919Z] Error reading actual data: no connection to modbus server
[2025-03-01T08:26:11.919Z] Error writing to Modbus register: no connection to modbus server
[2025-03-01T08:26:12.720Z] Error reading register 3105 for IP 10.30.4.91: no connection to modbus server
[2025-03-01T08:26:12.721Z] ❌ Error reading register 1000 for IP 10.30.4.91: no connection to modbus server
[2025-03-01T08:26:12.721Z] Error reading actual data: no connection to modbus server
[2025-03-01T08:26:12.829Z] Error writing to Modbus register: no connection to modbus server
[2025-03-01T08:26:12.830Z] Error reading register 3105 for IP 10.30.4.91: no connection to modbus server
[2025-03-01T08:26:12.830Z] ❌ Error reading register 1000 for IP 10.30.4.91: no connection to modbus server
[2025-03-01T08:26:12.830Z] Error reading actual data: no connection to modbus server
[2025-03-01T08:26:12.864Z] Error writing to Modbus register: no connection to modbus server
[2025-03-01T08:26:12.865Z] Error reading register 3105 for IP 10.30.4.91: no connection to modbus server
[2025-03-01T08:26:12.865Z] ❌ Error reading register 1000 for IP 10.30.4.91: no connection to modbus server
[2025-03-01T08:26:12.865Z] Error reading actual data: no connection to modbus server
[2025-03-01T08:26:12.922Z] Error writing to Modbus register: no connection to modbus server
[2025-03-01T08:26:12.922Z] Error reading register 3105 for IP 10.30.4.91: no connection to modbus server
[2025-03-01T08:26:12.922Z] ❌ Error reading register 1000 for IP 10.30.4.91: no connection to modbus server
[2025-03-01T08:26:12.923Z] Error reading actual data: no connection to modbus server
[2025-03-01T08:26:12.923Z] Error writing to Modbus register: no connection to modbus server
[2025-03-01T08:26:12.923Z] Error reading register 3105 for IP 10.30.4.91: no connection to modbus server
[2025-03-01T08:26:12.924Z] ❌ Error reading register 1000 for IP 10.30.4.91: no connection to modbus server
[2025-03-01T08:26:12.924Z] Error reading actual data: no connection to modbus server
[2025-03-01T08:26:12.924Z] Error writing to Modbus register: no connection to modbus server
[2025-03-01T08:26:12.924Z] Error reading register 3105 for IP 10.30.4.91: no connection to modbus server
[2025-03-01T08:26:12.925Z] ❌ Error reading register 1000 for IP 10.30.4.91: no connection to modbus server
[2025-03-01T08:26:12.925Z] Error reading actual data: no connection to modbus server
[2025-03-01T08:26:12.925Z] Error writing to Modbus register: no connection to modbus server
[2025-03-01T08:26:13.720Z] Error reading register 3105 for IP 10.30.4.91: no connection to modbus server
[2025-03-01T08:26:13.720Z] ❌ Error reading register 1000 for IP 10.30.4.91: no connection to modbus server
[2025-03-01T08:26:13.721Z] Error reading actual data: no connection to modbus server
[2025-03-01T08:26:13.829Z] Error writing to Modbus register: no connection to modbus server
[2025-03-01T08:26:13.830Z] Error reading register 3105 for IP 10.30.4.91: no connection to modbus server
[2025-03-01T08:26:13.830Z] ❌ Error reading register 1000 for IP 10.30.4.91: no connection to modbus server
[2025-03-01T08:26:13.831Z] Error reading actual data: no connection to modbus server
[2025-03-01T08:26:13.880Z] Error writing to Modbus register: no connection to modbus server
[2025-03-01T08:26:13.881Z] Error reading register 3105 for IP 10.30.4.91: no connection to modbus server
[2025-03-01T08:26:13.881Z] ❌ Error reading register 1000 for IP 10.30.4.91: no connection to modbus server
[2025-03-01T08:26:13.882Z] Error reading actual data: no connection to modbus server
[2025-03-01T08:26:13.930Z] Error writing to Modbus register: no connection to modbus server
[2025-03-01T08:26:13.931Z] Error reading register 3105 for IP 10.30.4.91: no connection to modbus server
[2025-03-01T08:26:13.931Z] ❌ Error reading register 1000 for IP 10.30.4.91: no connection to modbus server
[2025-03-01T08:26:13.931Z] Error reading actual data: no connection to modbus server
[2025-03-01T08:26:13.931Z] Error writing to Modbus register: no connection to modbus server
[2025-03-01T08:26:13.932Z] Error reading register 3105 for IP 10.30.4.91: no connection to modbus server
[2025-03-01T08:26:13.932Z] Error reading actual data: no connection to modbus server
[2025-03-01T08:26:13.932Z] ❌ Error reading register 1000 for IP 10.30.4.91: no connection to modbus server
[2025-03-01T08:26:13.932Z] Error writing to Modbus register: no connection to modbus server
[2025-03-01T08:26:13.933Z] Error reading register 3105 for IP 10.30.4.91: no connection to modbus server
[2025-03-01T08:26:13.933Z] ❌ Error reading register 1000 for IP 10.30.4.91: no connection to modbus server
[2025-03-01T08:26:13.933Z] Error reading actual data: no connection to modbus server
[2025-03-01T08:26:13.933Z] Error writing to Modbus register: no connection to modbus server
[2025-03-01T08:26:14.729Z] Error reading register 3105 for IP 10.30.4.91: no connection to modbus server
[2025-03-01T08:26:14.730Z] ❌ Error reading register 1000 for IP 10.30.4.91: no connection to modbus server
[2025-03-01T08:26:14.730Z] Error reading actual data: no connection to modbus server
[2025-03-01T08:26:14.828Z] Error writing to Modbus register: no connection to modbus server
[2025-03-01T08:26:14.844Z] Error reading register 3105 for IP 10.30.4.91: no connection to modbus server
[2025-03-01T08:26:14.844Z] ❌ Error reading register 1000 for IP 10.30.4.91: no connection to modbus server
[2025-03-01T08:26:14.844Z] Error reading actual data: no connection to modbus server
[2025-03-01T08:26:14.895Z] Error writing to Modbus register: no connection to modbus server
[2025-03-01T08:26:14.898Z] Error reading register 3105 for IP 10.30.4.91: no connection to modbus server
[2025-03-01T08:26:14.898Z] ❌ Error reading register 1000 for IP 10.30.4.91: no connection to modbus server
[2025-03-01T08:26:14.899Z] Error reading actual data: no connection to modbus server
[2025-03-01T08:26:14.934Z] Error writing to Modbus register: no connection to modbus server
[2025-03-01T08:26:14.934Z] Error reading register 3105 for IP 10.30.4.91: no connection to modbus server
[2025-03-01T08:26:14.934Z] ❌ Error reading register 1000 for IP 10.30.4.91: no connection to modbus server
[2025-03-01T08:26:14.935Z] Error reading actual data: no connection to modbus server
[2025-03-01T08:26:14.935Z] Error reading register 3105 for IP 10.30.4.91: no connection to modbus server
[2025-03-01T08:26:14.935Z] ❌ Error reading register 1000 for IP 10.30.4.91: no connection to modbus server
[2025-03-01T08:26:14.935Z] Error reading actual data: no connection to modbus server
[2025-03-01T08:26:14.936Z] Error writing to Modbus register: no connection to modbus server
[2025-03-01T08:26:14.936Z] Error reading register 3105 for IP 10.30.4.91: no connection to modbus server
[2025-03-01T08:26:14.935Z] Error writing to Modbus register: no connection to modbus server
[2025-03-01T08:26:14.936Z] ❌ Error reading register 1000 for IP 10.30.4.91: no connection to modbus server
[2025-03-01T08:26:14.936Z] Error reading actual data: no connection to modbus server
[2025-03-01T08:26:14.936Z] Error writing to Modbus register: no connection to modbus server
[2025-03-01T08:26:15.737Z] Error reading register 3105 for IP 10.30.4.91: no connection to modbus server
[2025-03-01T08:26:15.738Z] ❌ Error reading register 1000 for IP 10.30.4.91: no connection to modbus server
[2025-03-01T08:26:15.738Z] Error reading actual data: no connection to modbus server
[2025-03-01T08:26:15.830Z] Error writing to Modbus register: no connection to modbus server
[2025-03-01T08:26:15.846Z] Error reading register 3105 for IP 10.30.4.91: no connection to modbus server
[2025-03-01T08:26:15.846Z] ❌ Error reading register 1000 for IP 10.30.4.91: no connection to modbus server
[2025-03-01T08:26:15.846Z] Error reading actual data: no connection to modbus server
[2025-03-01T08:26:15.896Z] Error writing to Modbus register: no connection to modbus server
[2025-03-01T08:26:15.897Z] ❌ Error reading register 1000 for IP 10.30.4.91: no connection to modbus server
[2025-03-01T08:26:15.897Z] Error reading register 3105 for IP 10.30.4.91: no connection to modbus server
[2025-03-01T08:26:15.897Z] Error reading actual data: no connection to modbus server
[2025-03-01T08:26:15.938Z] Error writing to Modbus register: no connection to modbus server
[2025-03-01T08:26:15.939Z] Error reading register 3105 for IP 10.30.4.91: no connection to modbus server
[2025-03-01T08:26:15.939Z] ❌ Error reading register 1000 for IP 10.30.4.91: no connection to modbus server
[2025-03-01T08:26:15.939Z] Error reading actual data: no connection to modbus server
[2025-03-01T08:26:15.939Z] Error writing to Modbus register: no connection to modbus server
[2025-03-01T08:26:15.939Z] Error reading register 3105 for IP 10.30.4.91: no connection to modbus server
[2025-03-01T08:26:15.939Z] ❌ Error reading register 1000 for IP 10.30.4.91: no connection to modbus server
[2025-03-01T08:26:15.940Z] Error reading actual data: no connection to modbus server
[2025-03-01T08:26:15.940Z] Error writing to Modbus register: no connection to modbus server
[2025-03-01T08:26:15.940Z] Error reading register 3105 for IP 10.30.4.91: no connection to modbus server
[2025-03-01T08:26:15.940Z] ❌ Error reading register 1000 for IP 10.30.4.91: no connection to modbus server
[2025-03-01T08:26:15.940Z] Error reading actual data: no connection to modbus server
[2025-03-01T08:26:15.940Z] Error writing to Modbus register: no connection to modbus server
[2025-03-01T08:26:16.737Z] Error reading register 3105 for IP 10.30.4.91: no connection to modbus server
[2025-03-01T08:26:16.737Z] ❌ Error reading register 1000 for IP 10.30.4.91: no connection to modbus server
[2025-03-01T08:26:16.737Z] Error reading actual data: no connection to modbus server
[2025-03-01T08:26:16.832Z] Error writing to Modbus register: no connection to modbus server
[2025-03-01T08:26:16.849Z] Error reading register 3105 for IP 10.30.4.91: no connection to modbus server
[2025-03-01T08:26:16.849Z] ❌ Error reading register 1000 for IP 10.30.4.91: no connection to modbus server
[2025-03-01T08:26:16.849Z] Error reading actual data: no connection to modbus server
[2025-03-01T08:26:16.896Z] Error writing to Modbus register: no connection to modbus server
[2025-03-01T08:26:16.896Z] Error reading register 3105 for IP 10.30.4.91: no connection to modbus server
[2025-03-01T08:26:16.896Z] ❌ Error reading register 1000 for IP 10.30.4.91: no connection to modbus server
[2025-03-01T08:26:16.897Z] Error reading actual data: no connection to modbus server
[2025-03-01T08:26:16.950Z] Error writing to Modbus register: no connection to modbus server
[2025-03-01T08:26:16.951Z] Error reading register 3105 for IP 10.30.4.91: no connection to modbus server
[2025-03-01T08:26:16.951Z] ❌ Error reading register 1000 for IP 10.30.4.91: no connection to modbus server
[2025-03-01T08:26:16.951Z] Error reading actual data: no connection to modbus server
[2025-03-01T08:26:16.952Z] Error writing to Modbus register: no connection to modbus server
[2025-03-01T08:26:16.952Z] Error reading register 3105 for IP 10.30.4.91: no connection to modbus server
[2025-03-01T08:26:16.952Z] ❌ Error reading register 1000 for IP 10.30.4.91: no connection to modbus server
[2025-03-01T08:26:16.953Z] Error reading actual data: no connection to modbus server
[2025-03-01T08:26:16.953Z] Error writing to Modbus register: no connection to modbus server
[2025-03-01T08:26:16.953Z] Error reading register 3105 for IP 10.30.4.91: no connection to modbus server
[2025-03-01T08:26:16.954Z] Error reading actual data: no connection to modbus server
[2025-03-01T08:26:16.953Z] ❌ Error reading register 1000 for IP 10.30.4.91: no connection to modbus server
[2025-03-01T08:26:16.954Z] Error writing to Modbus register: no connection to modbus server
[2025-03-01T08:26:17.738Z] Error reading register 3105 for IP 10.30.4.91: no connection to modbus server
[2025-03-01T08:26:17.738Z] ❌ Error reading register 1000 for IP 10.30.4.91: no connection to modbus server
[2025-03-01T08:26:17.739Z] Error reading actual data: no connection to modbus server
[2025-03-01T08:26:17.832Z] Error writing to Modbus register: no connection to modbus server
[2025-03-01T08:26:17.862Z] Error reading register 3105 for IP 10.30.4.91: no connection to modbus server
[2025-03-01T08:26:17.862Z] ❌ Error reading register 1000 for IP 10.30.4.91: no connection to modbus server
[2025-03-01T08:26:17.862Z] Error reading actual data: no connection to modbus server
[2025-03-01T08:26:17.896Z] Error writing to Modbus register: no connection to modbus server
[2025-03-01T08:26:17.896Z] Error reading register 3105 for IP 10.30.4.91: no connection to modbus server
[2025-03-01T08:26:17.896Z] ❌ Error reading register 1000 for IP 10.30.4.91: no connection to modbus server
[2025-03-01T08:26:17.897Z] Error reading actual data: no connection to modbus server
[2025-03-01T08:26:17.962Z] Error writing to Modbus register: no connection to modbus server
[2025-03-01T08:26:17.963Z] Error reading register 3105 for IP 10.30.4.91: no connection to modbus server
[2025-03-01T08:26:17.963Z] ❌ Error reading register 1000 for IP 10.30.4.91: no connection to modbus server
[2025-03-01T08:26:17.963Z] Error reading actual data: no connection to modbus server
[2025-03-01T08:26:17.963Z] Error writing to Modbus register: no connection to modbus server
[2025-03-01T08:26:17.964Z] Error reading register 3105 for IP 10.30.4.91: no connection to modbus server
[2025-03-01T08:26:17.964Z] ❌ Error reading register 1000 for IP 10.30.4.91: no connection to modbus server
[2025-03-01T08:26:17.964Z] Error reading actual data: no connection to modbus server
[2025-03-01T08:26:17.964Z] Error writing to Modbus register: no connection to modbus server
[2025-03-01T08:26:17.965Z] Error reading register 3105 for IP 10.30.4.91: no connection to modbus server
[2025-03-01T08:26:17.965Z] ❌ Error reading register 1000 for IP 10.30.4.91: no connection to modbus server
[2025-03-01T08:26:17.965Z] Error reading actual data: no connection to modbus server
[2025-03-01T08:26:17.966Z] Error writing to Modbus register: no connection to modbus server
[2025-03-01T08:26:18.762Z] Error reading register 3105 for IP 10.30.4.91: no connection to modbus server
[2025-03-01T08:26:18.763Z] ❌ Error reading register 1000 for IP 10.30.4.91: no connection to modbus server
[2025-03-01T08:26:18.763Z] Error reading actual data: no connection to modbus server
[2025-03-01T08:26:18.841Z] Error writing to Modbus register: no connection to modbus server
[2025-03-01T08:26:18.880Z] Error reading register 3105 for IP 10.30.4.91: no connection to modbus server
[2025-03-01T08:26:18.880Z] ❌ Error reading register 1000 for IP 10.30.4.91: no connection to modbus server
[2025-03-01T08:26:18.880Z] Error reading actual data: no connection to modbus server
[2025-03-01T08:26:18.896Z] Error writing to Modbus register: no connection to modbus server
[2025-03-01T08:26:18.896Z] Error reading register 3105 for IP 10.30.4.91: no connection to modbus server
[2025-03-01T08:26:18.897Z] ❌ Error reading register 1000 for IP 10.30.4.91: no connection to modbus server
[2025-03-01T08:26:18.897Z] Error reading actual data: no connection to modbus server
[2025-03-01T08:26:18.963Z] Error writing to Modbus register: no connection to modbus server
[2025-03-01T08:26:18.964Z] Error reading register 3105 for IP 10.30.4.91: no connection to modbus server
[2025-03-01T08:26:18.964Z] ❌ Error reading register 1000 for IP 10.30.4.91: no connection to modbus server
[2025-03-01T08:26:18.964Z] Error reading actual data: no connection to modbus server
[2025-03-01T08:26:18.965Z] Error writing to Modbus register: no connection to modbus server
[2025-03-01T08:26:18.966Z] Error reading register 3105 for IP 10.30.4.91: no connection to modbus server
[2025-03-01T08:26:18.966Z] ❌ Error reading register 1000 for IP 10.30.4.91: no connection to modbus server
[2025-03-01T08:26:18.966Z] Error reading actual data: no connection to modbus server
[2025-03-01T08:26:18.967Z] Error writing to Modbus register: no connection to modbus server
[2025-03-01T08:26:18.968Z] Error reading register 3105 for IP 10.30.4.91: no connection to modbus server
[2025-03-01T08:26:18.968Z] ❌ Error reading register 1000 for IP 10.30.4.91: no connection to modbus server
[2025-03-01T08:26:18.968Z] Error reading actual data: no connection to modbus server
[2025-03-01T08:26:18.969Z] Error writing to Modbus register: no connection to modbus server
[2025-03-01T08:26:19.764Z] Error reading register 3105 for IP 10.30.4.91: no connection to modbus server
[2025-03-01T08:26:19.765Z] ❌ Error reading register 1000 for IP 10.30.4.91: no connection to modbus server
[2025-03-01T08:26:19.765Z] Error reading actual data: no connection to modbus server
[2025-03-01T08:26:19.843Z] Error writing to Modbus register: no connection to modbus server
[2025-03-01T08:26:19.891Z] Error reading register 3105 for IP 10.30.4.91: no connection to modbus server
[2025-03-01T08:26:19.891Z] ❌ Error reading register 1000 for IP 10.30.4.91: no connection to modbus server
[2025-03-01T08:26:19.891Z] Error reading actual data: no connection to modbus server
[2025-03-01T08:26:19.906Z] Error writing to Modbus register: no connection to modbus server
[2025-03-01T08:26:19.906Z] Error reading register 3105 for IP 10.30.4.91: no connection to modbus server
[2025-03-01T08:26:19.906Z] ❌ Error reading register 1000 for IP 10.30.4.91: no connection to modbus server
[2025-03-01T08:26:19.906Z] Error reading actual data: no connection to modbus server
[2025-03-01T08:26:19.977Z] Error writing to Modbus register: no connection to modbus server
[2025-03-01T08:26:19.978Z] Error reading register 3105 for IP 10.30.4.91: no connection to modbus server
[2025-03-01T08:26:19.978Z] ❌ Error reading register 1000 for IP 10.30.4.91: no connection to modbus server
[2025-03-01T08:26:19.978Z] Error reading actual data: no connection to modbus server
[2025-03-01T08:26:19.978Z] Error writing to Modbus register: no connection to modbus server
[2025-03-01T08:26:19.979Z] Error reading register 3105 for IP 10.30.4.91: no connection to modbus server
[2025-03-01T08:26:19.979Z] ❌ Error reading register 1000 for IP 10.30.4.91: no connection to modbus server
[2025-03-01T08:26:19.979Z] Error writing to Modbus register: no connection to modbus server
[2025-03-01T08:26:19.980Z] Error reading register 3105 for IP 10.30.4.91: no connection to modbus server
[2025-03-01T08:26:19.979Z] Error reading actual data: no connection to modbus server
[2025-03-01T08:26:19.980Z] ❌ Error reading register 1000 for IP 10.30.4.91: no connection to modbus server
[2025-03-01T08:26:19.980Z] Error reading actual data: no connection to modbus server
[2025-03-01T08:26:19.981Z] Error writing to Modbus register: no connection to modbus server
[2025-03-01T08:26:20.779Z] Error reading register 3105 for IP 10.30.4.91: no connection to modbus server
[2025-03-01T08:26:20.779Z] ❌ Error reading register 1000 for IP 10.30.4.91: no connection to modbus server
[2025-03-01T08:26:20.780Z] Error reading actual data: no connection to modbus server
[2025-03-01T08:26:20.846Z] Error writing to Modbus register: no connection to modbus server
[2025-03-01T08:26:20.898Z] Error reading register 3105 for IP 10.30.4.91: no connection to modbus server
[2025-03-01T08:26:20.898Z] ❌ Error reading register 1000 for IP 10.30.4.91: no connection to modbus server
[2025-03-01T08:26:20.898Z] Error reading actual data: no connection to modbus server
[2025-03-01T08:26:20.914Z] Error writing to Modbus register: no connection to modbus server
[2025-03-01T08:26:20.914Z] Error reading register 3105 for IP 10.30.4.91: no connection to modbus server
[2025-03-01T08:26:20.915Z] ❌ Error reading register 1000 for IP 10.30.4.91: no connection to modbus server
[2025-03-01T08:26:20.915Z] Error reading actual data: no connection to modbus server
[2025-03-01T08:26:20.988Z] Error writing to Modbus register: no connection to modbus server
[2025-03-01T08:26:20.988Z] Error reading register 3105 for IP 10.30.4.91: no connection to modbus server
[2025-03-01T08:26:20.988Z] ❌ Error reading register 1000 for IP 10.30.4.91: no connection to modbus server
[2025-03-01T08:26:20.988Z] Error reading actual data: no connection to modbus server
[2025-03-01T08:26:20.989Z] Error writing to Modbus register: no connection to modbus server
[2025-03-01T08:26:20.989Z] Error reading register 3105 for IP 10.30.4.91: no connection to modbus server
[2025-03-01T08:26:20.989Z] ❌ Error reading register 1000 for IP 10.30.4.91: no connection to modbus server
[2025-03-01T08:26:20.989Z] Error reading actual data: no connection to modbus server
[2025-03-01T08:26:20.990Z] Error writing to Modbus register: no connection to modbus server
[2025-03-01T08:26:20.990Z] Error reading register 3105 for IP 10.30.4.91: no connection to modbus server
[2025-03-01T08:26:20.990Z] ❌ Error reading register 1000 for IP 10.30.4.91: no connection to modbus server
[2025-03-01T08:26:20.990Z] Error reading actual data: no connection to modbus server
[2025-03-01T08:26:20.990Z] Error writing to Modbus register: no connection to modbus server
[2025-03-01T08:26:21.792Z] Error reading register 3105 for IP 10.30.4.91: no connection to modbus server
[2025-03-01T08:26:21.792Z] ❌ Error reading register 1000 for IP 10.30.4.91: no connection to modbus server
[2025-03-01T08:26:21.793Z] Error reading actual data: no connection to modbus server
[2025-03-01T08:26:21.860Z] Error writing to Modbus register: no connection to modbus server
[2025-03-01T08:26:21.904Z] Error reading register 3105 for IP 10.30.4.91: no connection to modbus server
[2025-03-01T08:26:21.904Z] ❌ Error reading register 1000 for IP 10.30.4.91: no connection to modbus server
[2025-03-01T08:26:21.904Z] Error reading actual data: no connection to modbus server
[2025-03-01T08:26:21.919Z] Error writing to Modbus register: no connection to modbus server
[2025-03-01T08:26:21.919Z] Error reading register 3105 for IP 10.30.4.91: no connection to modbus server
[2025-03-01T08:26:21.920Z] ❌ Error reading register 1000 for IP 10.30.4.91: no connection to modbus server
[2025-03-01T08:26:21.920Z] Error reading actual data: no connection to modbus server
[2025-03-01T08:26:21.998Z] Error writing to Modbus register: no connection to modbus server
[2025-03-01T08:26:22.000Z] Error reading register 3105 for IP 10.30.4.91: no connection to modbus server
[2025-03-01T08:26:22.003Z] Error reading register 3105 for IP 10.30.4.91: no connection to modbus server
[2025-03-01T08:26:22.003Z] ❌ Error reading register 1000 for IP 10.30.4.91: no connection to modbus server
[2025-03-01T08:26:22.003Z] Error reading actual data: no connection to modbus server
[2025-03-01T08:26:22.003Z] Error writing to Modbus register: no connection to modbus server
[2025-03-01T08:26:22.003Z] Error reading register 3105 for IP 10.30.4.91: no connection to modbus server
[2025-03-01T08:26:22.004Z] ❌ Error reading register 1000 for IP 10.30.4.91: no connection to modbus server
[2025-03-01T08:26:22.000Z] ❌ Error reading register 1000 for IP 10.30.4.91: no connection to modbus server
[2025-03-01T08:26:22.001Z] Error reading actual data: no connection to modbus server
[2025-03-01T08:26:22.002Z] Error writing to Modbus register: no connection to modbus server
[2025-03-01T08:26:22.004Z] Error writing to Modbus register: no connection to modbus server
[2025-03-01T08:26:22.004Z] Error reading actual data: no connection to modbus server
[2025-03-01T08:26:22.814Z] Error reading register 3105 for IP 10.30.4.91: no connection to modbus server
[2025-03-01T08:26:22.815Z] ❌ Error reading register 1000 for IP 10.30.4.91: no connection to modbus server
[2025-03-01T08:26:22.815Z] Error reading actual data: no connection to modbus server
[2025-03-01T08:26:22.865Z] Error writing to Modbus register: no connection to modbus server
[2025-03-01T08:26:22.913Z] ❌ Error reading register 1000 for IP 10.30.4.91: no connection to modbus server
[2025-03-01T08:26:22.913Z] Error reading actual data: no connection to modbus server
[2025-03-01T08:26:22.913Z] Error reading register 3105 for IP 10.30.4.91: no connection to modbus server
[2025-03-01T08:26:22.932Z] Error writing to Modbus register: no connection to modbus server
[2025-03-01T08:26:22.933Z] Error reading register 3105 for IP 10.30.4.91: no connection to modbus server
[2025-03-01T08:26:22.933Z] ❌ Error reading register 1000 for IP 10.30.4.91: no connection to modbus server
[2025-03-01T08:26:22.933Z] Error reading actual data: no connection to modbus server
[2025-03-01T08:26:23.003Z] Error writing to Modbus register: no connection to modbus server
[2025-03-01T08:26:23.003Z] Error reading register 3105 for IP 10.30.4.91: no connection to modbus server
[2025-03-01T08:26:23.004Z] ❌ Error reading register 1000 for IP 10.30.4.91: no connection to modbus server
[2025-03-01T08:26:23.004Z] Error reading register 3105 for IP 10.30.4.91: no connection to modbus server
[2025-03-01T08:26:23.004Z] Error writing to Modbus register: no connection to modbus server
[2025-03-01T08:26:23.004Z] Error reading actual data: no connection to modbus server
[2025-03-01T08:26:23.005Z] Error reading actual data: no connection to modbus server
[2025-03-01T08:26:23.004Z] ❌ Error reading register 1000 for IP 10.30.4.91: no connection to modbus server
[2025-03-01T08:26:23.005Z] Error writing to Modbus register: no connection to modbus server
[2025-03-01T08:26:23.006Z] ❌ Error reading register 1000 for IP 10.30.4.91: no connection to modbus server
[2025-03-01T08:26:23.006Z] Error reading register 3105 for IP 10.30.4.91: no connection to modbus server
[2025-03-01T08:26:23.006Z] Error reading actual data: no connection to modbus server
[2025-03-01T08:26:23.006Z] Error writing to Modbus register: no connection to modbus server
[2025-03-01T08:26:23.826Z] Error reading register 3105 for IP 10.30.4.91: no connection to modbus server
[2025-03-01T08:26:23.827Z] ❌ Error reading register 1000 for IP 10.30.4.91: no connection to modbus server
[2025-03-01T08:26:23.827Z] Error reading actual data: no connection to modbus server
[2025-03-01T08:26:23.880Z] Error writing to Modbus register: no connection to modbus server
[2025-03-01T08:26:23.913Z] Error reading register 3105 for IP 10.30.4.91: no connection to modbus server
[2025-03-01T08:26:23.913Z] ❌ Error reading register 1000 for IP 10.30.4.91: no connection to modbus server
[2025-03-01T08:26:23.913Z] Error reading actual data: no connection to modbus server
[2025-03-01T08:26:23.934Z] Error writing to Modbus register: no connection to modbus server
[2025-03-01T08:26:23.934Z] Error reading register 3105 for IP 10.30.4.91: no connection to modbus server
[2025-03-01T08:26:23.934Z] ❌ Error reading register 1000 for IP 10.30.4.91: no connection to modbus server
[2025-03-01T08:26:23.935Z] Error reading actual data: no connection to modbus server
[2025-03-01T08:26:24.012Z] Error writing to Modbus register: no connection to modbus server
[2025-03-01T08:26:24.012Z] Error reading register 3105 for IP 10.30.4.91: no connection to modbus server
[2025-03-01T08:26:24.013Z] ❌ Error reading register 1000 for IP 10.30.4.91: no connection to modbus server
[2025-03-01T08:26:24.013Z] Error reading actual data: no connection to modbus server
[2025-03-01T08:26:24.014Z] Error writing to Modbus register: no connection to modbus server
[2025-03-01T08:26:24.014Z] ❌ Error reading register 1000 for IP 10.30.4.91: no connection to modbus server
[2025-03-01T08:26:24.014Z] Error reading register 3105 for IP 10.30.4.91: no connection to modbus server
[2025-03-01T08:26:24.015Z] Error reading actual data: no connection to modbus server
[2025-03-01T08:26:24.015Z] Error writing to Modbus register: no connection to modbus server
[2025-03-01T08:26:24.016Z] Error reading register 3105 for IP 10.30.4.91: no connection to modbus server
[2025-03-01T08:26:24.016Z] ❌ Error reading register 1000 for IP 10.30.4.91: no connection to modbus server
[2025-03-01T08:26:24.016Z] Error reading actual data: no connection to modbus server
[2025-03-01T08:26:24.017Z] Error writing to Modbus register: no connection to modbus server
[2025-03-01T08:26:24.828Z] Error reading register 3105 for IP 10.30.4.91: no connection to modbus server
[2025-03-01T08:26:24.829Z] ❌ Error reading register 1000 for IP 10.30.4.91: no connection to modbus server
[2025-03-01T08:26:24.829Z] Error reading actual data: no connection to modbus server
[2025-03-01T08:26:24.884Z] Error writing to Modbus register: no connection to modbus server
[2025-03-01T08:26:24.920Z] Error reading register 3105 for IP 10.30.4.91: no connection to modbus server
[2025-03-01T08:26:24.920Z] ❌ Error reading register 1000 for IP 10.30.4.91: no connection to modbus server
[2025-03-01T08:26:24.921Z] Error reading actual data: no connection to modbus server
[2025-03-01T08:26:24.947Z] Error writing to Modbus register: no connection to modbus server
[2025-03-01T08:26:24.947Z] Error reading register 3105 for IP 10.30.4.91: no connection to modbus server
[2025-03-01T08:26:24.948Z] ❌ Error reading register 1000 for IP 10.30.4.91: no connection to modbus server
[2025-03-01T08:26:24.948Z] Error reading actual data: no connection to modbus server
[2025-03-01T08:26:25.013Z] Error writing to Modbus register: no connection to modbus server
[2025-03-01T08:26:25.014Z] Error reading register 3105 for IP 10.30.4.91: no connection to modbus server
[2025-03-01T08:26:25.014Z] ❌ Error reading register 1000 for IP 10.30.4.91: no connection to modbus server
[2025-03-01T08:26:25.015Z] Error writing to Modbus register: no connection to modbus server
[2025-03-01T08:26:25.014Z] Error reading actual data: no connection to modbus server
[2025-03-01T08:26:25.015Z] Error reading register 3105 for IP 10.30.4.91: no connection to modbus server
[2025-03-01T08:26:25.016Z] ❌ Error reading register 1000 for IP 10.30.4.91: no connection to modbus server
[2025-03-01T08:26:25.016Z] Error reading actual data: no connection to modbus server
[2025-03-01T08:26:25.016Z] Error writing to Modbus register: no connection to modbus server
[2025-03-01T08:26:25.018Z] Error reading register 3105 for IP 10.30.4.91: no connection to modbus server
[2025-03-01T08:26:25.018Z] ❌ Error reading register 1000 for IP 10.30.4.91: no connection to modbus server
[2025-03-01T08:26:25.018Z] Error reading actual data: no connection to modbus server
[2025-03-01T08:26:25.018Z] Error writing to Modbus register: no connection to modbus server
[2025-03-01T08:26:25.828Z] Error reading register 3105 for IP 10.30.4.91: no connection to modbus server
[2025-03-01T08:26:25.829Z] ❌ Error reading register 1000 for IP 10.30.4.91: no connection to modbus server
[2025-03-01T08:26:25.829Z] Error reading actual data: no connection to modbus server
[2025-03-01T08:26:25.896Z] Error writing to Modbus register: no connection to modbus server
[2025-03-01T08:26:25.932Z] Error reading register 3105 for IP 10.30.4.91: no connection to modbus server
[2025-03-01T08:26:25.932Z] ❌ Error reading register 1000 for IP 10.30.4.91: no connection to modbus server
[2025-03-01T08:26:25.932Z] Error reading actual data: no connection to modbus server
[2025-03-01T08:26:25.952Z] Error writing to Modbus register: no connection to modbus server
[2025-03-01T08:26:25.952Z] Error reading register 3105 for IP 10.30.4.91: no connection to modbus server
[2025-03-01T08:26:25.952Z] ❌ Error reading register 1000 for IP 10.30.4.91: no connection to modbus server
[2025-03-01T08:26:25.952Z] Error reading actual data: no connection to modbus server
[2025-03-01T08:26:26.031Z] Error writing to Modbus register: no connection to modbus server
[2025-03-01T08:26:26.033Z] ❌ Error reading register 1000 for IP 10.30.4.91: no connection to modbus server
[2025-03-01T08:26:26.034Z] Error reading actual data: no connection to modbus server
[2025-03-01T08:26:26.035Z] Error writing to Modbus register: no connection to modbus server
[2025-03-01T08:26:26.033Z] Error reading register 3105 for IP 10.30.4.91: no connection to modbus server
[2025-03-01T08:26:26.036Z] Error reading register 3105 for IP 10.30.4.91: no connection to modbus server
[2025-03-01T08:26:26.036Z] ❌ Error reading register 1000 for IP 10.30.4.91: no connection to modbus server
[2025-03-01T08:26:26.036Z] Error reading actual data: no connection to modbus server
[2025-03-01T08:26:26.036Z] Error writing to Modbus register: no connection to modbus server
[2025-03-01T08:26:26.036Z] Error reading register 3105 for IP 10.30.4.91: no connection to modbus server
[2025-03-01T08:26:26.036Z] ❌ Error reading register 1000 for IP 10.30.4.91: no connection to modbus server
[2025-03-01T08:26:26.037Z] Error reading actual data: no connection to modbus server
[2025-03-01T08:26:26.037Z] Error writing to Modbus register: no connection to modbus server
[2025-03-01T08:26:26.829Z] Error reading register 3105 for IP 10.30.4.91: no connection to modbus server
[2025-03-01T08:26:26.829Z] ❌ Error reading register 1000 for IP 10.30.4.91: no connection to modbus server
[2025-03-01T08:26:26.829Z] Error reading actual data: no connection to modbus server
[2025-03-01T08:26:26.898Z] Error writing to Modbus register: no connection to modbus server
[2025-03-01T08:26:26.937Z] Error reading register 3105 for IP 10.30.4.91: no connection to modbus server
[2025-03-01T08:26:26.937Z] Error reading actual data: no connection to modbus server
[2025-03-01T08:26:26.937Z] ❌ Error reading register 1000 for IP 10.30.4.91: no connection to modbus server
[2025-03-01T08:26:26.980Z] Error writing to Modbus register: no connection to modbus server
[2025-03-01T08:26:26.982Z] Error reading register 3105 for IP 10.30.4.91: no connection to modbus server
[2025-03-01T08:26:26.982Z] ❌ Error reading register 1000 for IP 10.30.4.91: no connection to modbus server
[2025-03-01T08:26:26.983Z] Error reading actual data: no connection to modbus server
[2025-03-01T08:26:27.039Z] Error writing to Modbus register: no connection to modbus server
[2025-03-01T08:26:27.040Z] Error reading register 3105 for IP 10.30.4.91: no connection to modbus server
[2025-03-01T08:26:27.041Z] Error reading register 3105 for IP 10.30.4.91: no connection to modbus server
[2025-03-01T08:26:27.041Z] ❌ Error reading register 1000 for IP 10.30.4.91: no connection to modbus server
[2025-03-01T08:26:27.042Z] Error reading actual data: no connection to modbus server
[2025-03-01T08:26:27.040Z] Error reading actual data: no connection to modbus server
[2025-03-01T08:26:27.042Z] Error writing to Modbus register: no connection to modbus server
[2025-03-01T08:26:27.043Z] Error reading register 3105 for IP 10.30.4.91: no connection to modbus server
[2025-03-01T08:26:27.043Z] ❌ Error reading register 1000 for IP 10.30.4.91: no connection to modbus server
[2025-03-01T08:26:27.043Z] Error reading actual data: no connection to modbus server
[2025-03-01T08:26:27.040Z] ❌ Error reading register 1000 for IP 10.30.4.91: no connection to modbus server
[2025-03-01T08:26:27.043Z] Error writing to Modbus register: no connection to modbus server
[2025-03-01T08:26:27.041Z] Error writing to Modbus register: no connection to modbus server
[2025-03-01T08:26:27.831Z] Error reading register 3105 for IP 10.30.4.91: no connection to modbus server
[2025-03-01T08:26:27.831Z] ❌ Error reading register 1000 for IP 10.30.4.91: no connection to modbus server
[2025-03-01T08:26:27.831Z] Error reading actual data: no connection to modbus server
[2025-03-01T08:26:27.902Z] Error writing to Modbus register: no connection to modbus server
[2025-03-01T08:26:27.945Z] Error reading register 3105 for IP 10.30.4.91: no connection to modbus server
[2025-03-01T08:26:27.946Z] ❌ Error reading register 1000 for IP 10.30.4.91: no connection to modbus server
[2025-03-01T08:26:27.946Z] Error reading actual data: no connection to modbus server
[2025-03-01T08:26:27.992Z] Error writing to Modbus register: no connection to modbus server
[2025-03-01T08:26:27.992Z] Error reading register 3105 for IP 10.30.4.91: no connection to modbus server
[2025-03-01T08:26:27.992Z] ❌ Error reading register 1000 for IP 10.30.4.91: no connection to modbus server
[2025-03-01T08:26:27.992Z] Error reading actual data: no connection to modbus server
[2025-03-01T08:26:28.044Z] Error writing to Modbus register: no connection to modbus server
[2025-03-01T08:26:28.045Z] Error reading register 3105 for IP 10.30.4.91: no connection to modbus server
[2025-03-01T08:26:28.045Z] ❌ Error reading register 1000 for IP 10.30.4.91: no connection to modbus server
[2025-03-01T08:26:28.046Z] Error reading actual data: no connection to modbus server
[2025-03-01T08:26:28.046Z] Error writing to Modbus register: no connection to modbus server
[2025-03-01T08:26:28.047Z] ❌ Error reading register 1000 for IP 10.30.4.91: no connection to modbus server
[2025-03-01T08:26:28.047Z] Error reading actual data: no connection to modbus server
[2025-03-01T08:26:28.047Z] Error reading register 3105 for IP 10.30.4.91: no connection to modbus server
[2025-03-01T08:26:28.048Z] ❌ Error reading register 1000 for IP 10.30.4.91: no connection to modbus server
[2025-03-01T08:26:28.048Z] Error reading register 3105 for IP 10.30.4.91: no connection to modbus server
[2025-03-01T08:26:28.049Z] Error reading actual data: no connection to modbus server
[2025-03-01T08:26:28.048Z] Error writing to Modbus register: no connection to modbus server
[2025-03-01T08:26:28.049Z] Error writing to Modbus register: no connection to modbus server
[2025-03-01T08:26:28.846Z] Error reading register 3105 for IP 10.30.4.91: no connection to modbus server
[2025-03-01T08:26:28.846Z] ❌ Error reading register 1000 for IP 10.30.4.91: no connection to modbus server
[2025-03-01T08:26:28.847Z] Error reading actual data: no connection to modbus server
[2025-03-01T08:26:28.917Z] Error writing to Modbus register: no connection to modbus server
[2025-03-01T08:26:28.948Z] Error reading register 3105 for IP 10.30.4.91: no connection to modbus server
[2025-03-01T08:26:28.949Z] ❌ Error reading register 1000 for IP 10.30.4.91: no connection to modbus server
[2025-03-01T08:26:28.949Z] Error reading actual data: no connection to modbus server
[2025-03-01T08:26:28.992Z] Error reading register 3105 for IP 10.30.4.91: no connection to modbus server
[2025-03-01T08:26:28.993Z] ❌ Error reading register 1000 for IP 10.30.4.91: no connection to modbus server
[2025-03-01T08:26:28.992Z] Error writing to Modbus register: no connection to modbus server
[2025-03-01T08:26:28.993Z] Error reading actual data: no connection to modbus server
[2025-03-01T08:26:29.055Z] Error writing to Modbus register: no connection to modbus server
[2025-03-01T08:26:29.055Z] Error reading register 3105 for IP 10.30.4.91: no connection to modbus server
[2025-03-01T08:26:29.055Z] ❌ Error reading register 1000 for IP 10.30.4.91: no connection to modbus server
[2025-03-01T08:26:29.055Z] Error reading actual data: no connection to modbus server
[2025-03-01T08:26:29.056Z] Error writing to Modbus register: no connection to modbus server
[2025-03-01T08:26:29.056Z] Error reading register 3105 for IP 10.30.4.91: no connection to modbus server
[2025-03-01T08:26:29.056Z] ❌ Error reading register 1000 for IP 10.30.4.91: no connection to modbus server
[2025-03-01T08:26:29.056Z] Error reading actual data: no connection to modbus server
[2025-03-01T08:26:29.057Z] Error writing to Modbus register: no connection to modbus server
[2025-03-01T08:26:29.057Z] Error reading register 3105 for IP 10.30.4.91: no connection to modbus server
[2025-03-01T08:26:29.057Z] ❌ Error reading register 1000 for IP 10.30.4.91: no connection to modbus server
[2025-03-01T08:26:29.058Z] Error reading actual data: no connection to modbus server
[2025-03-01T08:26:29.058Z] Error writing to Modbus register: no connection to modbus server
[2025-03-01T08:26:29.861Z] Error reading register 3105 for IP 10.30.4.91: no connection to modbus server
[2025-03-01T08:26:29.862Z] ❌ Error reading register 1000 for IP 10.30.4.91: no connection to modbus server
[2025-03-01T08:26:29.862Z] Error reading actual data: no connection to modbus server
[2025-03-01T08:26:29.926Z] Error writing to Modbus register: no connection to modbus server
[2025-03-01T08:26:29.963Z] ❌ Error reading register 1000 for IP 10.30.4.91: no connection to modbus server
[2025-03-01T08:26:29.963Z] Error reading register 3105 for IP 10.30.4.91: no connection to modbus server
[2025-03-01T08:26:29.963Z] Error reading actual data: no connection to modbus server
[2025-03-01T08:26:30.001Z] Error writing to Modbus register: no connection to modbus server
[2025-03-01T08:26:30.002Z] Error reading register 3105 for IP 10.30.4.91: no connection to modbus server
[2025-03-01T08:26:30.002Z] Error reading actual data: no connection to modbus server
[2025-03-01T08:26:30.002Z] ❌ Error reading register 1000 for IP 10.30.4.91: no connection to modbus server
[2025-03-01T08:26:30.062Z] Error writing to Modbus register: no connection to modbus server
[2025-03-01T08:26:30.063Z] Error reading register 3105 for IP 10.30.4.91: no connection to modbus server
[2025-03-01T08:26:30.063Z] ❌ Error reading register 1000 for IP 10.30.4.91: no connection to modbus server
[2025-03-01T08:26:30.063Z] Error reading actual data: no connection to modbus server
[2025-03-01T08:26:30.064Z] Error writing to Modbus register: no connection to modbus server
[2025-03-01T08:26:30.065Z] Error reading register 3105 for IP 10.30.4.91: no connection to modbus server
[2025-03-01T08:26:30.065Z] ❌ Error reading register 1000 for IP 10.30.4.91: no connection to modbus server
[2025-03-01T08:26:30.066Z] Error reading actual data: no connection to modbus server
[2025-03-01T08:26:30.066Z] Error reading register 3105 for IP 10.30.4.91: no connection to modbus server
[2025-03-01T08:26:30.066Z] Error writing to Modbus register: no connection to modbus server
[2025-03-01T08:26:30.067Z] ❌ Error reading register 1000 for IP 10.30.4.91: no connection to modbus server
[2025-03-01T08:26:30.067Z] Error reading actual data: no connection to modbus server
[2025-03-01T08:26:30.067Z] Error writing to Modbus register: no connection to modbus server
[2025-03-01T08:26:30.862Z] Error reading register 3105 for IP 10.30.4.91: no connection to modbus server
[2025-03-01T08:26:30.863Z] ❌ Error reading register 1000 for IP 10.30.4.91: no connection to modbus server
[2025-03-01T08:26:30.863Z] Error reading actual data: no connection to modbus server
[2025-03-01T08:26:30.931Z] Error writing to Modbus register: no connection to modbus server
[2025-03-01T08:26:30.963Z] Error reading register 3105 for IP 10.30.4.91: no connection to modbus server
[2025-03-01T08:26:30.963Z] ❌ Error reading register 1000 for IP 10.30.4.91: no connection to modbus server
[2025-03-01T08:26:30.964Z] Error reading actual data: no connection to modbus server
[2025-03-01T08:26:31.009Z] Error writing to Modbus register: no connection to modbus server
[2025-03-01T08:26:31.009Z] Error reading register 3105 for IP 10.30.4.91: no connection to modbus server
[2025-03-01T08:26:31.010Z] ❌ Error reading register 1000 for IP 10.30.4.91: no connection to modbus server
[2025-03-01T08:26:31.010Z] Error reading actual data: no connection to modbus server
[2025-03-01T08:26:31.062Z] Error writing to Modbus register: no connection to modbus server
[2025-03-01T08:26:31.062Z] Error reading register 3105 for IP 10.30.4.91: no connection to modbus server
[2025-03-01T08:26:31.062Z] ❌ Error reading register 1000 for IP 10.30.4.91: no connection to modbus server
[2025-03-01T08:26:31.063Z] Error reading actual data: no connection to modbus server
[2025-03-01T08:26:31.063Z] Error writing to Modbus register: no connection to modbus server
[2025-03-01T08:26:31.079Z] Error reading register 3105 for IP 10.30.4.91: no connection to modbus server
[2025-03-01T08:26:31.079Z] ❌ Error reading register 1000 for IP 10.30.4.91: no connection to modbus server
[2025-03-01T08:26:31.079Z] Error reading actual data: no connection to modbus server
[2025-03-01T08:26:31.080Z] Error writing to Modbus register: no connection to modbus server
[2025-03-01T08:26:31.081Z] Error reading register 3105 for IP 10.30.4.91: no connection to modbus server
[2025-03-01T08:26:31.081Z] ❌ Error reading register 1000 for IP 10.30.4.91: no connection to modbus server
[2025-03-01T08:26:31.081Z] Error reading actual data: no connection to modbus server
[2025-03-01T08:26:31.081Z] Error writing to Modbus register: no connection to modbus server
[2025-03-01T08:26:31.863Z] Error reading register 3105 for IP 10.30.4.91: no connection to modbus server
[2025-03-01T08:26:31.863Z] ❌ Error reading register 1000 for IP 10.30.4.91: no connection to modbus server
[2025-03-01T08:26:31.863Z] Error reading actual data: no connection to modbus server
[2025-03-01T08:26:31.946Z] Error writing to Modbus register: no connection to modbus server
[2025-03-01T08:26:31.965Z] ❌ Error reading register 1000 for IP 10.30.4.91: no connection to modbus server
[2025-03-01T08:26:31.965Z] Error reading register 3105 for IP 10.30.4.91: no connection to modbus server
[2025-03-01T08:26:31.965Z] Error reading actual data: no connection to modbus server
[2025-03-01T08:26:32.012Z] Error writing to Modbus register: no connection to modbus server
[2025-03-01T08:26:32.012Z] Error reading register 3105 for IP 10.30.4.91: no connection to modbus server
[2025-03-01T08:26:32.013Z] ❌ Error reading register 1000 for IP 10.30.4.91: no connection to modbus server
[2025-03-01T08:26:32.013Z] Error reading actual data: no connection to modbus server
[2025-03-01T08:26:32.076Z] Error writing to Modbus register: no connection to modbus server
[2025-03-01T08:26:32.077Z] Error reading register 3105 for IP 10.30.4.91: no connection to modbus server
[2025-03-01T08:26:32.077Z] ❌ Error reading register 1000 for IP 10.30.4.91: no connection to modbus server
[2025-03-01T08:26:32.077Z] Error reading actual data: no connection to modbus server
[2025-03-01T08:26:32.078Z] Error writing to Modbus register: no connection to modbus server
[2025-03-01T08:26:32.079Z] Error reading register 3105 for IP 10.30.4.91: no connection to modbus server
[2025-03-01T08:26:32.079Z] ❌ Error reading register 1000 for IP 10.30.4.91: no connection to modbus server
[2025-03-01T08:26:32.079Z] Error reading actual data: no connection to modbus server
[2025-03-01T08:26:32.080Z] Error writing to Modbus register: no connection to modbus server
[2025-03-01T08:26:32.080Z] Error reading register 3105 for IP 10.30.4.91: no connection to modbus server
[2025-03-01T08:26:32.081Z] ❌ Error reading register 1000 for IP 10.30.4.91: no connection to modbus server
[2025-03-01T08:26:32.081Z] Error reading actual data: no connection to modbus server
[2025-03-01T08:26:32.081Z] Error writing to Modbus register: no connection to modbus server
[2025-03-01T08:26:32.868Z] ❌ Error reading register 1000 for IP 10.30.4.91: no connection to modbus server
[2025-03-01T08:26:32.868Z] Error reading register 3105 for IP 10.30.4.91: no connection to modbus server
[2025-03-01T08:26:32.868Z] Error reading actual data: no connection to modbus server
[2025-03-01T08:26:32.946Z] Error writing to Modbus register: no connection to modbus server
[2025-03-01T08:26:32.970Z] Error reading register 3105 for IP 10.30.4.91: no connection to modbus server
[2025-03-01T08:26:32.970Z] ❌ Error reading register 1000 for IP 10.30.4.91: no connection to modbus server
[2025-03-01T08:26:32.970Z] Error reading actual data: no connection to modbus server
[2025-03-01T08:26:33.013Z] Error writing to Modbus register: no connection to modbus server
[2025-03-01T08:26:33.015Z] Error reading register 3105 for IP 10.30.4.91: no connection to modbus server
[2025-03-01T08:26:33.015Z] ❌ Error reading register 1000 for IP 10.30.4.91: no connection to modbus server
[2025-03-01T08:26:33.016Z] Error reading actual data: no connection to modbus server
[2025-03-01T08:26:33.079Z] Error writing to Modbus register: no connection to modbus server
[2025-03-01T08:26:33.080Z] Error reading register 3105 for IP 10.30.4.91: no connection to modbus server
[2025-03-01T08:26:33.081Z] Error writing to Modbus register: no connection to modbus server
[2025-03-01T08:26:33.080Z] ❌ Error reading register 1000 for IP 10.30.4.91: no connection to modbus server
[2025-03-01T08:26:33.081Z] Error reading register 3105 for IP 10.30.4.91: no connection to modbus server
[2025-03-01T08:26:33.081Z] ❌ Error reading register 1000 for IP 10.30.4.91: no connection to modbus server
[2025-03-01T08:26:33.081Z] Error reading actual data: no connection to modbus server
[2025-03-01T08:26:33.080Z] Error reading actual data: no connection to modbus server
[2025-03-01T08:26:33.082Z] Error writing to Modbus register: no connection to modbus server
[2025-03-01T08:26:33.082Z] Error reading register 3105 for IP 10.30.4.91: no connection to modbus server
[2025-03-01T08:26:33.082Z] ❌ Error reading register 1000 for IP 10.30.4.91: no connection to modbus server
[2025-03-01T08:26:33.083Z] Error reading actual data: no connection to modbus server
[2025-03-01T08:26:33.083Z] Error writing to Modbus register: no connection to modbus server
[2025-03-01T08:26:33.881Z] Error reading register 3105 for IP 10.30.4.91: no connection to modbus server
[2025-03-01T08:26:33.882Z] ❌ Error reading register 1000 for IP 10.30.4.91: no connection to modbus server
[2025-03-01T08:26:33.882Z] Error reading actual data: no connection to modbus server
[2025-03-01T08:26:33.947Z] Error writing to Modbus register: no connection to modbus server
[2025-03-01T08:26:33.982Z] Error reading register 3105 for IP 10.30.4.91: no connection to modbus server
[2025-03-01T08:26:33.982Z] ❌ Error reading register 1000 for IP 10.30.4.91: no connection to modbus server
[2025-03-01T08:26:33.982Z] Error reading actual data: no connection to modbus server
[2025-03-01T08:26:34.014Z] Error reading register 3105 for IP 10.30.4.91: no connection to modbus server
[2025-03-01T08:26:34.014Z] ❌ Error reading register 1000 for IP 10.30.4.91: no connection to modbus server
[2025-03-01T08:26:34.013Z] Error writing to Modbus register: no connection to modbus server
[2025-03-01T08:26:34.014Z] Error reading actual data: no connection to modbus server
[2025-03-01T08:26:34.096Z] Error writing to Modbus register: no connection to modbus server
[2025-03-01T08:26:34.097Z] ❌ Error reading register 1000 for IP 10.30.4.91: no connection to modbus server
[2025-03-01T08:26:34.097Z] Error reading register 3105 for IP 10.30.4.91: no connection to modbus server
[2025-03-01T08:26:34.098Z] Error reading actual data: no connection to modbus server
[2025-03-01T08:26:34.100Z] Error reading register 3105 for IP 10.30.4.91: no connection to modbus server
[2025-03-01T08:26:34.099Z] Error writing to Modbus register: no connection to modbus server
[2025-03-01T08:26:34.100Z] ❌ Error reading register 1000 for IP 10.30.4.91: no connection to modbus server
[2025-03-01T08:26:34.100Z] Error reading actual data: no connection to modbus server
[2025-03-01T08:26:34.101Z] Error writing to Modbus register: no connection to modbus server
[2025-03-01T08:26:34.101Z] Error reading register 3105 for IP 10.30.4.91: no connection to modbus server
[2025-03-01T08:26:34.102Z] ❌ Error reading register 1000 for IP 10.30.4.91: no connection to modbus server
[2025-03-01T08:26:34.102Z] Error reading actual data: no connection to modbus server
[2025-03-01T08:26:34.102Z] Error writing to Modbus register: no connection to modbus server
[2025-03-01T08:26:34.883Z] ❌ Error reading register 1000 for IP 10.30.4.91: no connection to modbus server
[2025-03-01T08:26:34.884Z] Error reading actual data: no connection to modbus server
[2025-03-01T08:26:34.883Z] Error reading register 3105 for IP 10.30.4.91: no connection to modbus server
[2025-03-01T08:26:34.963Z] Error writing to Modbus register: no connection to modbus server
[2025-03-01T08:26:34.984Z] Error reading register 3105 for IP 10.30.4.91: no connection to modbus server
[2025-03-01T08:26:34.984Z] ❌ Error reading register 1000 for IP 10.30.4.91: no connection to modbus server
[2025-03-01T08:26:34.984Z] Error reading actual data: no connection to modbus server
[2025-03-01T08:26:35.014Z] Error reading register 3105 for IP 10.30.4.91: no connection to modbus server
[2025-03-01T08:26:35.015Z] ❌ Error reading register 1000 for IP 10.30.4.91: no connection to modbus server
[2025-03-01T08:26:35.015Z] Error reading actual data: no connection to modbus server
[2025-03-01T08:26:35.014Z] Error writing to Modbus register: no connection to modbus server
[2025-03-01T08:26:35.096Z] Error writing to Modbus register: no connection to modbus server
[2025-03-01T08:26:35.097Z] Error reading register 3105 for IP 10.30.4.91: no connection to modbus server
[2025-03-01T08:26:35.097Z] ❌ Error reading register 1000 for IP 10.30.4.91: no connection to modbus server
[2025-03-01T08:26:35.097Z] Error reading actual data: no connection to modbus server
[2025-03-01T08:26:35.098Z] Error writing to Modbus register: no connection to modbus server
[2025-03-01T08:26:35.100Z] ❌ Error reading register 1000 for IP 10.30.4.91: no connection to modbus server
[2025-03-01T08:26:35.100Z] Error reading register 3105 for IP 10.30.4.91: no connection to modbus server
[2025-03-01T08:26:35.100Z] Error reading actual data: no connection to modbus server
[2025-03-01T08:26:35.101Z] Error writing to Modbus register: no connection to modbus server
[2025-03-01T08:26:35.102Z] ❌ Error reading register 1000 for IP 10.30.4.91: no connection to modbus server
[2025-03-01T08:26:35.102Z] Error reading register 3105 for IP 10.30.4.91: no connection to modbus server
[2025-03-01T08:26:35.102Z] Error reading actual data: no connection to modbus server
[2025-03-01T08:26:35.103Z] Error writing to Modbus register: no connection to modbus server
[2025-03-01T08:26:35.883Z] Error reading register 3105 for IP 10.30.4.91: no connection to modbus server
[2025-03-01T08:26:35.883Z] ❌ Error reading register 1000 for IP 10.30.4.91: no connection to modbus server
[2025-03-01T08:26:35.883Z] Error reading actual data: no connection to modbus server
[2025-03-01T08:26:35.963Z] Error writing to Modbus register: no connection to modbus server
[2025-03-01T08:26:35.985Z] Error reading register 3105 for IP 10.30.4.91: no connection to modbus server
[2025-03-01T08:26:35.985Z] ❌ Error reading register 1000 for IP 10.30.4.91: no connection to modbus server
[2025-03-01T08:26:35.985Z] Error reading actual data: no connection to modbus server
[2025-03-01T08:26:36.014Z] Error writing to Modbus register: no connection to modbus server
[2025-03-01T08:26:36.015Z] Error reading register 3105 for IP 10.30.4.91: no connection to modbus server
[2025-03-01T08:26:36.015Z] ❌ Error reading register 1000 for IP 10.30.4.91: no connection to modbus server
[2025-03-01T08:26:36.015Z] Error reading actual data: no connection to modbus server
[2025-03-01T08:26:36.096Z] Error writing to Modbus register: no connection to modbus server
[2025-03-01T08:26:36.097Z] Error reading register 3105 for IP 10.30.4.91: no connection to modbus server
[2025-03-01T08:26:36.098Z] ❌ Error reading register 1000 for IP 10.30.4.91: no connection to modbus server
[2025-03-01T08:26:36.098Z] Error reading actual data: no connection to modbus server
[2025-03-01T08:26:36.098Z] Error writing to Modbus register: no connection to modbus server
[2025-03-01T08:26:36.099Z] Error reading register 3105 for IP 10.30.4.91: no connection to modbus server
[2025-03-01T08:26:36.100Z] ❌ Error reading register 1000 for IP 10.30.4.91: no connection to modbus server
[2025-03-01T08:26:36.100Z] Error reading actual data: no connection to modbus server
[2025-03-01T08:26:36.100Z] Error writing to Modbus register: no connection to modbus server
[2025-03-01T08:26:36.102Z] Error reading register 3105 for IP 10.30.4.91: no connection to modbus server
[2025-03-01T08:26:36.102Z] ❌ Error reading register 1000 for IP 10.30.4.91: no connection to modbus server
[2025-03-01T08:26:36.102Z] Error reading actual data: no connection to modbus server
[2025-03-01T08:26:36.102Z] Error writing to Modbus register: no connection to modbus server
[2025-03-01T08:26:36.883Z] Error reading register 3105 for IP 10.30.4.91: no connection to modbus server
[2025-03-01T08:26:36.883Z] ❌ Error reading register 1000 for IP 10.30.4.91: no connection to modbus server
[2025-03-01T08:26:36.883Z] Error reading actual data: no connection to modbus server
[2025-03-01T08:26:36.963Z] Error writing to Modbus register: no connection to modbus server
[2025-03-01T08:26:36.998Z] Error reading register 3105 for IP 10.30.4.91: no connection to modbus server
[2025-03-01T08:26:36.999Z] ❌ Error reading register 1000 for IP 10.30.4.91: no connection to modbus server
[2025-03-01T08:26:36.999Z] Error reading actual data: no connection to modbus server
[2025-03-01T08:26:37.030Z] Error writing to Modbus register: no connection to modbus server
[2025-03-01T08:26:37.030Z] Error reading register 3105 for IP 10.30.4.91: no connection to modbus server
[2025-03-01T08:26:37.030Z] ❌ Error reading register 1000 for IP 10.30.4.91: no connection to modbus server
[2025-03-01T08:26:37.030Z] Error reading actual data: no connection to modbus server
[2025-03-01T08:26:37.111Z] Error writing to Modbus register: no connection to modbus server
[2025-03-01T08:26:37.111Z] Error reading register 3105 for IP 10.30.4.91: no connection to modbus server
[2025-03-01T08:26:37.111Z] ❌ Error reading register 1000 for IP 10.30.4.91: no connection to modbus server
[2025-03-01T08:26:37.112Z] Error reading actual data: no connection to modbus server
[2025-03-01T08:26:37.112Z] Error writing to Modbus register: no connection to modbus server
[2025-03-01T08:26:37.112Z] Error reading register 3105 for IP 10.30.4.91: no connection to modbus server
[2025-03-01T08:26:37.112Z] Error reading actual data: no connection to modbus server
[2025-03-01T08:26:37.112Z] ❌ Error reading register 1000 for IP 10.30.4.91: no connection to modbus server
[2025-03-01T08:26:37.113Z] Error writing to Modbus register: no connection to modbus server
[2025-03-01T08:26:37.113Z] Error reading register 3105 for IP 10.30.4.91: no connection to modbus server
[2025-03-01T08:26:37.113Z] ❌ Error reading register 1000 for IP 10.30.4.91: no connection to modbus server
[2025-03-01T08:26:37.113Z] Error reading actual data: no connection to modbus server
[2025-03-01T08:26:37.114Z] Error writing to Modbus register: no connection to modbus server
[2025-03-01T08:26:37.883Z] Error reading register 3105 for IP 10.30.4.91: no connection to modbus server
[2025-03-01T08:26:37.884Z] ❌ Error reading register 1000 for IP 10.30.4.91: no connection to modbus server
[2025-03-01T08:26:37.884Z] Error reading actual data: no connection to modbus server
[2025-03-01T08:26:37.964Z] Error writing to Modbus register: no connection to modbus server
[2025-03-01T08:26:38.013Z] Error reading register 3105 for IP 10.30.4.91: no connection to modbus server
[2025-03-01T08:26:38.013Z] ❌ Error reading register 1000 for IP 10.30.4.91: no connection to modbus server
[2025-03-01T08:26:38.014Z] Error reading actual data: no connection to modbus server
[2025-03-01T08:26:38.046Z] Error writing to Modbus register: no connection to modbus server
[2025-03-01T08:26:38.046Z] Error reading register 3105 for IP 10.30.4.91: no connection to modbus server
[2025-03-01T08:26:38.046Z] ❌ Error reading register 1000 for IP 10.30.4.91: no connection to modbus server
[2025-03-01T08:26:38.047Z] Error reading actual data: no connection to modbus server
[2025-03-01T08:26:38.114Z] Error writing to Modbus register: no connection to modbus server
[2025-03-01T08:26:38.115Z] Error reading register 3105 for IP 10.30.4.91: no connection to modbus server
[2025-03-01T08:26:38.115Z] ❌ Error reading register 1000 for IP 10.30.4.91: no connection to modbus server
[2025-03-01T08:26:38.115Z] Error reading actual data: no connection to modbus server
[2025-03-01T08:26:38.115Z] Error writing to Modbus register: no connection to modbus server
[2025-03-01T08:26:38.115Z] Error reading register 3105 for IP 10.30.4.91: no connection to modbus server
[2025-03-01T08:26:38.116Z] ❌ Error reading register 1000 for IP 10.30.4.91: no connection to modbus server
[2025-03-01T08:26:38.116Z] Error reading actual data: no connection to modbus server
[2025-03-01T08:26:38.116Z] Error writing to Modbus register: no connection to modbus server
[2025-03-01T08:26:38.116Z] Error reading register 3105 for IP 10.30.4.91: no connection to modbus server
[2025-03-01T08:26:38.116Z] ❌ Error reading register 1000 for IP 10.30.4.91: no connection to modbus server
[2025-03-01T08:26:38.117Z] Error reading actual data: no connection to modbus server
[2025-03-01T08:26:38.117Z] Error writing to Modbus register: no connection to modbus server
[2025-03-01T08:26:38.885Z] Error reading register 3105 for IP 10.30.4.91: no connection to modbus server
[2025-03-01T08:26:38.885Z] ❌ Error reading register 1000 for IP 10.30.4.91: no connection to modbus server
[2025-03-01T08:26:38.885Z] Error reading actual data: no connection to modbus server
[2025-03-01T08:26:38.968Z] Error writing to Modbus register: no connection to modbus server
[2025-03-01T08:26:39.014Z] Error reading register 3105 for IP 10.30.4.91: no connection to modbus server
[2025-03-01T08:26:39.014Z] ❌ Error reading register 1000 for IP 10.30.4.91: no connection to modbus server
[2025-03-01T08:26:39.014Z] Error reading actual data: no connection to modbus server
[2025-03-01T08:26:39.061Z] Error writing to Modbus register: no connection to modbus server
[2025-03-01T08:26:39.061Z] ❌ Error reading register 1000 for IP 10.30.4.91: no connection to modbus server
[2025-03-01T08:26:39.061Z] Error reading actual data: no connection to modbus server
[2025-03-01T08:26:39.061Z] Error reading register 3105 for IP 10.30.4.91: no connection to modbus server
[2025-03-01T08:26:39.120Z] Error writing to Modbus register: no connection to modbus server
[2025-03-01T08:26:39.120Z] Error reading register 3105 for IP 10.30.4.91: no connection to modbus server
[2025-03-01T08:26:39.120Z] ❌ Error reading register 1000 for IP 10.30.4.91: no connection to modbus server
[2025-03-01T08:26:39.121Z] Error reading actual data: no connection to modbus server
[2025-03-01T08:26:39.121Z] Error writing to Modbus register: no connection to modbus server
[2025-03-01T08:26:39.122Z] Error reading register 3105 for IP 10.30.4.91: no connection to modbus server
[2025-03-01T08:26:39.122Z] ❌ Error reading register 1000 for IP 10.30.4.91: no connection to modbus server
[2025-03-01T08:26:39.122Z] Error reading actual data: no connection to modbus server
[2025-03-01T08:26:39.123Z] Error writing to Modbus register: no connection to modbus server
[2025-03-01T08:26:39.123Z] Error reading register 3105 for IP 10.30.4.91: no connection to modbus server
[2025-03-01T08:26:39.123Z] ❌ Error reading register 1000 for IP 10.30.4.91: no connection to modbus server
[2025-03-01T08:26:39.124Z] Error reading actual data: no connection to modbus server
[2025-03-01T08:26:39.124Z] Error writing to Modbus register: no connection to modbus server
[2025-03-01T08:26:39.901Z] Error reading register 3105 for IP 10.30.4.91: no connection to modbus server
[2025-03-01T08:26:39.902Z] ❌ Error reading register 1000 for IP 10.30.4.91: no connection to modbus server
[2025-03-01T08:26:39.902Z] Error reading actual data: no connection to modbus server
[2025-03-01T08:26:39.980Z] Error writing to Modbus register: no connection to modbus server
[2025-03-01T08:26:40.015Z] Error reading register 3105 for IP 10.30.4.91: no connection to modbus server
[2025-03-01T08:26:40.015Z] ❌ Error reading register 1000 for IP 10.30.4.91: no connection to modbus server
[2025-03-01T08:26:40.015Z] Error reading actual data: no connection to modbus server
[2025-03-01T08:26:40.064Z] ❌ Error reading register 1000 for IP 10.30.4.91: no connection to modbus server
[2025-03-01T08:26:40.064Z] Error reading actual data: no connection to modbus server
[2025-03-01T08:26:40.063Z] Error writing to Modbus register: no connection to modbus server
[2025-03-01T08:26:40.064Z] Error reading register 3105 for IP 10.30.4.91: no connection to modbus server
[2025-03-01T08:26:40.131Z] Error writing to Modbus register: no connection to modbus server
[2025-03-01T08:26:40.131Z] Error reading register 3105 for IP 10.30.4.91: no connection to modbus server
[2025-03-01T08:26:40.131Z] ❌ Error reading register 1000 for IP 10.30.4.91: no connection to modbus server
[2025-03-01T08:26:40.131Z] Error reading actual data: no connection to modbus server
[2025-03-01T08:26:40.131Z] Error writing to Modbus register: no connection to modbus server
[2025-03-01T08:26:40.132Z] Error reading register 3105 for IP 10.30.4.91: no connection to modbus server
[2025-03-01T08:26:40.132Z] ❌ Error reading register 1000 for IP 10.30.4.91: no connection to modbus server
[2025-03-01T08:26:40.132Z] Error reading actual data: no connection to modbus server
[2025-03-01T08:26:40.132Z] Error writing to Modbus register: no connection to modbus server
[2025-03-01T08:26:40.133Z] Error reading register 3105 for IP 10.30.4.91: no connection to modbus server
[2025-03-01T08:26:40.133Z] ❌ Error reading register 1000 for IP 10.30.4.91: no connection to modbus server
[2025-03-01T08:26:40.133Z] Error reading actual data: no connection to modbus server
[2025-03-01T08:26:40.133Z] Error writing to Modbus register: no connection to modbus server
[2025-03-01T08:26:40.913Z] Error reading register 3105 for IP 10.30.4.91: no connection to modbus server
[2025-03-01T08:26:40.914Z] ❌ Error reading register 1000 for IP 10.30.4.91: no connection to modbus server
[2025-03-01T08:26:40.914Z] Error reading actual data: no connection to modbus server
[2025-03-01T08:26:40.988Z] Error writing to Modbus register: no connection to modbus server
[2025-03-01T08:26:41.019Z] ❌ Error reading register 1000 for IP 10.30.4.91: no connection to modbus server
[2025-03-01T08:26:41.019Z] Error reading register 3105 for IP 10.30.4.91: no connection to modbus server
[2025-03-01T08:26:41.019Z] Error reading actual data: no connection to modbus server
[2025-03-01T08:26:41.066Z] Error writing to Modbus register: no connection to modbus server
[2025-03-01T08:26:41.066Z] ❌ Error reading register 1000 for IP 10.30.4.91: no connection to modbus server
[2025-03-01T08:26:41.066Z] Error reading actual data: no connection to modbus server
[2025-03-01T08:26:41.066Z] Error reading register 3105 for IP 10.30.4.91: no connection to modbus server
[2025-03-01T08:26:41.143Z] Error writing to Modbus register: no connection to modbus server
[2025-03-01T08:26:41.144Z] Error reading register 3105 for IP 10.30.4.91: no connection to modbus server
[2025-03-01T08:26:41.144Z] ❌ Error reading register 1000 for IP 10.30.4.91: no connection to modbus server
[2025-03-01T08:26:41.144Z] Error reading actual data: no connection to modbus server
[2025-03-01T08:26:41.144Z] Error writing to Modbus register: no connection to modbus server
[2025-03-01T08:26:41.144Z] ❌ Error reading register 1000 for IP 10.30.4.91: no connection to modbus server
[2025-03-01T08:26:41.145Z] Error writing to Modbus register: no connection to modbus server
[2025-03-01T08:26:41.145Z] Error reading actual data: no connection to modbus server
[2025-03-01T08:26:41.145Z] Error reading register 3105 for IP 10.30.4.91: no connection to modbus server
[2025-03-01T08:26:41.145Z] ❌ Error reading register 1000 for IP 10.30.4.91: no connection to modbus server
[2025-03-01T08:26:41.145Z] Error reading actual data: no connection to modbus server
[2025-03-01T08:26:41.144Z] Error reading register 3105 for IP 10.30.4.91: no connection to modbus server
[2025-03-01T08:26:41.146Z] Error writing to Modbus register: no connection to modbus server
[2025-03-01T08:26:41.917Z] ❌ Error reading register 1000 for IP 10.30.4.91: no connection to modbus server
[2025-03-01T08:26:41.917Z] Error reading register 3105 for IP 10.30.4.91: no connection to modbus server
[2025-03-01T08:26:41.917Z] Error reading actual data: no connection to modbus server
[2025-03-01T08:26:41.997Z] Error writing to Modbus register: no connection to modbus server
[2025-03-01T08:26:42.019Z] Error reading register 3105 for IP 10.30.4.91: no connection to modbus server
[2025-03-01T08:26:42.019Z] ❌ Error reading register 1000 for IP 10.30.4.91: no connection to modbus server
[2025-03-01T08:26:42.019Z] Error reading actual data: no connection to modbus server
[2025-03-01T08:26:42.079Z] Error writing to Modbus register: no connection to modbus server
[2025-03-01T08:26:42.080Z] ❌ Error reading register 1000 for IP 10.30.4.91: no connection to modbus server
[2025-03-01T08:26:42.080Z] Error reading register 3105 for IP 10.30.4.91: no connection to modbus server
[2025-03-01T08:26:42.080Z] Error reading actual data: no connection to modbus server
[2025-03-01T08:26:42.148Z] Error writing to Modbus register: no connection to modbus server
[2025-03-01T08:26:42.149Z] Error reading register 3105 for IP 10.30.4.91: no connection to modbus server
[2025-03-01T08:26:42.150Z] Error reading actual data: no connection to modbus server
[2025-03-01T08:26:42.150Z] ❌ Error reading register 1000 for IP 10.30.4.91: no connection to modbus server
[2025-03-01T08:26:42.151Z] Error writing to Modbus register: no connection to modbus server
[2025-03-01T08:26:42.152Z] Error reading register 3105 for IP 10.30.4.91: no connection to modbus server
[2025-03-01T08:26:42.152Z] ❌ Error reading register 1000 for IP 10.30.4.91: no connection to modbus server
[2025-03-01T08:26:42.152Z] Error reading actual data: no connection to modbus server
[2025-03-01T08:26:42.153Z] Error writing to Modbus register: no connection to modbus server
[2025-03-01T08:26:42.153Z] Error reading register 3105 for IP 10.30.4.91: no connection to modbus server
[2025-03-01T08:26:42.153Z] ❌ Error reading register 1000 for IP 10.30.4.91: no connection to modbus server
[2025-03-01T08:26:42.154Z] Error reading actual data: no connection to modbus server
[2025-03-01T08:26:42.154Z] Error writing to Modbus register: no connection to modbus server
[2025-03-01T08:26:42.917Z] Error reading register 3105 for IP 10.30.4.91: no connection to modbus server
[2025-03-01T08:26:42.917Z] ❌ Error reading register 1000 for IP 10.30.4.91: no connection to modbus server
[2025-03-01T08:26:42.917Z] Error reading actual data: no connection to modbus server
[2025-03-01T08:26:42.997Z] Error writing to Modbus register: no connection to modbus server
[2025-03-01T08:26:43.031Z] Error reading register 3105 for IP 10.30.4.91: no connection to modbus server
[2025-03-01T08:26:43.031Z] ❌ Error reading register 1000 for IP 10.30.4.91: no connection to modbus server
[2025-03-01T08:26:43.032Z] Error reading actual data: no connection to modbus server
[2025-03-01T08:26:43.080Z] Error writing to Modbus register: no connection to modbus server
[2025-03-01T08:26:43.080Z] Error reading register 3105 for IP 10.30.4.91: no connection to modbus server
[2025-03-01T08:26:43.080Z] ❌ Error reading register 1000 for IP 10.30.4.91: no connection to modbus server
[2025-03-01T08:26:43.081Z] Error reading actual data: no connection to modbus server
[2025-03-01T08:26:43.149Z] Error writing to Modbus register: no connection to modbus server
[2025-03-01T08:26:43.150Z] Error reading register 3105 for IP 10.30.4.91: no connection to modbus server
[2025-03-01T08:26:43.151Z] ❌ Error reading register 1000 for IP 10.30.4.91: no connection to modbus server
[2025-03-01T08:26:43.151Z] Error reading actual data: no connection to modbus server
[2025-03-01T08:26:43.153Z] Error writing to Modbus register: no connection to modbus server
[2025-03-01T08:26:43.154Z] Error reading register 3105 for IP 10.30.4.91: no connection to modbus server
[2025-03-01T08:26:43.154Z] ❌ Error reading register 1000 for IP 10.30.4.91: no connection to modbus server
[2025-03-01T08:26:43.154Z] Error reading actual data: no connection to modbus server
[2025-03-01T08:26:43.157Z] Error writing to Modbus register: no connection to modbus server
[2025-03-01T08:26:43.158Z] Error reading register 3105 for IP 10.30.4.91: no connection to modbus server
[2025-03-01T08:26:43.158Z] ❌ Error reading register 1000 for IP 10.30.4.91: no connection to modbus server
[2025-03-01T08:26:43.159Z] Error reading actual data: no connection to modbus server
[2025-03-01T08:26:43.159Z] Error writing to Modbus register: no connection to modbus server
[2025-03-01T08:26:43.918Z] Error reading register 3105 for IP 10.30.4.91: no connection to modbus server
[2025-03-01T08:26:43.919Z] ❌ Error reading register 1000 for IP 10.30.4.91: no connection to modbus server
[2025-03-01T08:26:43.920Z] Error reading actual data: no connection to modbus server
[2025-03-01T08:26:43.997Z] Error writing to Modbus register: no connection to modbus server
[2025-03-01T08:26:44.033Z] Error reading register 3105 for IP 10.30.4.91: no connection to modbus server
[2025-03-01T08:26:44.033Z] ❌ Error reading register 1000 for IP 10.30.4.91: no connection to modbus server
[2025-03-01T08:26:44.033Z] Error reading actual data: no connection to modbus server
[2025-03-01T08:26:44.097Z] Error writing to Modbus register: no connection to modbus server
[2025-03-01T08:26:44.097Z] Error reading register 3105 for IP 10.30.4.91: no connection to modbus server
[2025-03-01T08:26:44.097Z] ❌ Error reading register 1000 for IP 10.30.4.91: no connection to modbus server
[2025-03-01T08:26:44.097Z] Error reading actual data: no connection to modbus server
[2025-03-01T08:26:44.163Z] Error writing to Modbus register: no connection to modbus server
[2025-03-01T08:26:44.165Z] Error reading register 3105 for IP 10.30.4.91: no connection to modbus server
[2025-03-01T08:26:44.165Z] ❌ Error reading register 1000 for IP 10.30.4.91: no connection to modbus server
[2025-03-01T08:26:44.167Z] Error writing to Modbus register: no connection to modbus server
[2025-03-01T08:26:44.168Z] ❌ Error reading register 1000 for IP 10.30.4.91: no connection to modbus server
[2025-03-01T08:26:44.167Z] Error reading register 3105 for IP 10.30.4.91: no connection to modbus server
[2025-03-01T08:26:44.168Z] Error reading actual data: no connection to modbus server
[2025-03-01T08:26:44.166Z] Error reading actual data: no connection to modbus server
[2025-03-01T08:26:44.168Z] Error writing to Modbus register: no connection to modbus server
[2025-03-01T08:26:44.168Z] Error reading register 3105 for IP 10.30.4.91: no connection to modbus server
[2025-03-01T08:26:44.168Z] ❌ Error reading register 1000 for IP 10.30.4.91: no connection to modbus server
[2025-03-01T08:26:44.168Z] Error reading actual data: no connection to modbus server
[2025-03-01T08:26:44.169Z] Error writing to Modbus register: no connection to modbus server
[2025-03-01T08:26:44.919Z] Error reading register 3105 for IP 10.30.4.91: no connection to modbus server
[2025-03-01T08:26:44.920Z] ❌ Error reading register 1000 for IP 10.30.4.91: no connection to modbus server
[2025-03-01T08:26:44.920Z] Error reading actual data: no connection to modbus server
[2025-03-01T08:26:45.003Z] Error writing to Modbus register: no connection to modbus server
[2025-03-01T08:26:45.047Z] Error reading register 3105 for IP 10.30.4.91: no connection to modbus server
[2025-03-01T08:26:45.048Z] ❌ Error reading register 1000 for IP 10.30.4.91: no connection to modbus server
[2025-03-01T08:26:45.048Z] Error reading actual data: no connection to modbus server
[2025-03-01T08:26:45.100Z] Error writing to Modbus register: no connection to modbus server
[2025-03-01T08:26:45.100Z] Error reading register 3105 for IP 10.30.4.91: no connection to modbus server
[2025-03-01T08:26:45.100Z] ❌ Error reading register 1000 for IP 10.30.4.91: no connection to modbus server
[2025-03-01T08:26:45.101Z] Error reading actual data: no connection to modbus server
[2025-03-01T08:26:45.164Z] Error writing to Modbus register: no connection to modbus server
[2025-03-01T08:26:45.165Z] Error reading register 3105 for IP 10.30.4.91: no connection to modbus server
[2025-03-01T08:26:45.165Z] ❌ Error reading register 1000 for IP 10.30.4.91: no connection to modbus server
[2025-03-01T08:26:45.165Z] Error reading actual data: no connection to modbus server
[2025-03-01T08:26:45.166Z] Error writing to Modbus register: no connection to modbus server
[2025-03-01T08:26:45.167Z] Error reading register 3105 for IP 10.30.4.91: no connection to modbus server
[2025-03-01T08:26:45.167Z] ❌ Error reading register 1000 for IP 10.30.4.91: no connection to modbus server
[2025-03-01T08:26:45.167Z] Error reading actual data: no connection to modbus server
[2025-03-01T08:26:45.168Z] Error writing to Modbus register: no connection to modbus server
[2025-03-01T08:26:45.168Z] Error reading register 3105 for IP 10.30.4.91: no connection to modbus server
[2025-03-01T08:26:45.169Z] ❌ Error reading register 1000 for IP 10.30.4.91: no connection to modbus server
[2025-03-01T08:26:45.169Z] Error reading actual data: no connection to modbus server
[2025-03-01T08:26:45.169Z] Error writing to Modbus register: no connection to modbus server
[2025-03-01T08:26:45.919Z] Error reading register 3105 for IP 10.30.4.91: no connection to modbus server
[2025-03-01T08:26:45.920Z] ❌ Error reading register 1000 for IP 10.30.4.91: no connection to modbus server
[2025-03-01T08:26:45.920Z] Error reading actual data: no connection to modbus server
[2025-03-01T08:26:46.014Z] Error writing to Modbus register: no connection to modbus server
[2025-03-01T08:26:46.048Z] ❌ Error reading register 1000 for IP 10.30.4.91: no connection to modbus server
[2025-03-01T08:26:46.049Z] Error reading actual data: no connection to modbus server
[2025-03-01T08:26:46.048Z] Error reading register 3105 for IP 10.30.4.91: no connection to modbus server
[2025-03-01T08:26:46.102Z] Error writing to Modbus register: no connection to modbus server
[2025-03-01T08:26:46.103Z] Error reading register 3105 for IP 10.30.4.91: no connection to modbus server
[2025-03-01T08:26:46.103Z] ❌ Error reading register 1000 for IP 10.30.4.91: no connection to modbus server
[2025-03-01T08:26:46.103Z] Error reading actual data: no connection to modbus server
[2025-03-01T08:26:46.164Z] Error writing to Modbus register: no connection to modbus server
[2025-03-01T08:26:46.164Z] Error reading register 3105 for IP 10.30.4.91: no connection to modbus server
[2025-03-01T08:26:46.164Z] ❌ Error reading register 1000 for IP 10.30.4.91: no connection to modbus server
[2025-03-01T08:26:46.165Z] Error reading actual data: no connection to modbus server
[2025-03-01T08:26:46.179Z] Error writing to Modbus register: no connection to modbus server
[2025-03-01T08:26:46.180Z] Error reading register 3105 for IP 10.30.4.91: no connection to modbus server
[2025-03-01T08:26:46.180Z] ❌ Error reading register 1000 for IP 10.30.4.91: no connection to modbus server
[2025-03-01T08:26:46.180Z] Error reading actual data: no connection to modbus server
[2025-03-01T08:26:46.180Z] Error writing to Modbus register: no connection to modbus server
[2025-03-01T08:26:46.181Z] Error reading register 3105 for IP 10.30.4.91: no connection to modbus server
[2025-03-01T08:26:46.181Z] ❌ Error reading register 1000 for IP 10.30.4.91: no connection to modbus server
[2025-03-01T08:26:46.181Z] Error reading actual data: no connection to modbus server
[2025-03-01T08:26:46.181Z] Error writing to Modbus register: no connection to modbus server
[2025-03-01T08:26:46.920Z] Error reading register 3105 for IP 10.30.4.91: no connection to modbus server
[2025-03-01T08:26:46.920Z] ❌ Error reading register 1000 for IP 10.30.4.91: no connection to modbus server
[2025-03-01T08:26:46.920Z] Error reading actual data: no connection to modbus server
[2025-03-01T08:26:47.020Z] Error writing to Modbus register: no connection to modbus server
[2025-03-01T08:26:47.064Z] ❌ Error reading register 1000 for IP 10.30.4.91: no connection to modbus server
[2025-03-01T08:26:47.064Z] Error reading actual data: no connection to modbus server
[2025-03-01T08:26:47.063Z] Error reading register 3105 for IP 10.30.4.91: no connection to modbus server
[2025-03-01T08:26:47.116Z] Error writing to Modbus register: no connection to modbus server
[2025-03-01T08:26:47.116Z] Error reading register 3105 for IP 10.30.4.91: no connection to modbus server
[2025-03-01T08:26:47.116Z] ❌ Error reading register 1000 for IP 10.30.4.91: no connection to modbus server
[2025-03-01T08:26:47.116Z] Error reading actual data: no connection to modbus server
[2025-03-01T08:26:47.180Z] Error writing to Modbus register: no connection to modbus server
[2025-03-01T08:26:47.182Z] Error reading register 3105 for IP 10.30.4.91: no connection to modbus server
[2025-03-01T08:26:47.182Z] ❌ Error reading register 1000 for IP 10.30.4.91: no connection to modbus server
[2025-03-01T08:26:47.183Z] Error reading actual data: no connection to modbus server
[2025-03-01T08:26:47.183Z] Error writing to Modbus register: no connection to modbus server
[2025-03-01T08:26:47.185Z] Error reading register 3105 for IP 10.30.4.91: no connection to modbus server
[2025-03-01T08:26:47.185Z] ❌ Error reading register 1000 for IP 10.30.4.91: no connection to modbus server
[2025-03-01T08:26:47.185Z] Error reading actual data: no connection to modbus server
[2025-03-01T08:26:47.185Z] Error writing to Modbus register: no connection to modbus server
[2025-03-01T08:26:47.186Z] Error reading register 3105 for IP 10.30.4.91: no connection to modbus server
[2025-03-01T08:26:47.186Z] ❌ Error reading register 1000 for IP 10.30.4.91: no connection to modbus server
[2025-03-01T08:26:47.186Z] Error reading actual data: no connection to modbus server
[2025-03-01T08:26:47.186Z] Error writing to Modbus register: no connection to modbus server
[2025-03-01T08:26:47.934Z] ❌ Error reading register 1000 for IP 10.30.4.91: no connection to modbus server
[2025-03-01T08:26:47.934Z] Error reading actual data: no connection to modbus server
[2025-03-01T08:26:47.934Z] Error reading register 3105 for IP 10.30.4.91: no connection to modbus server
[2025-03-01T08:26:48.030Z] Error writing to Modbus register: no connection to modbus server
[2025-03-01T08:26:48.066Z] Error reading register 3105 for IP 10.30.4.91: no connection to modbus server
[2025-03-01T08:26:48.066Z] ❌ Error reading register 1000 for IP 10.30.4.91: no connection to modbus server
[2025-03-01T08:26:48.067Z] Error reading actual data: no connection to modbus server
[2025-03-01T08:26:48.116Z] Error writing to Modbus register: no connection to modbus server
[2025-03-01T08:26:48.117Z] Error reading register 3105 for IP 10.30.4.91: no connection to modbus server
[2025-03-01T08:26:48.117Z] ❌ Error reading register 1000 for IP 10.30.4.91: no connection to modbus server
[2025-03-01T08:26:48.117Z] Error reading actual data: no connection to modbus server
[2025-03-01T08:26:48.181Z] Error writing to Modbus register: no connection to modbus server
[2025-03-01T08:26:48.181Z] Error reading register 3105 for IP 10.30.4.91: no connection to modbus server
[2025-03-01T08:26:48.182Z] ❌ Error reading register 1000 for IP 10.30.4.91: no connection to modbus server
[2025-03-01T08:26:48.182Z] Error reading actual data: no connection to modbus server
[2025-03-01T08:26:48.196Z] Error writing to Modbus register: no connection to modbus server
[2025-03-01T08:26:48.197Z] Error reading register 3105 for IP 10.30.4.91: no connection to modbus server
[2025-03-01T08:26:48.197Z] ❌ Error reading register 1000 for IP 10.30.4.91: no connection to modbus server
[2025-03-01T08:26:48.198Z] Error reading register 3105 for IP 10.30.4.91: no connection to modbus server
[2025-03-01T08:26:48.198Z] ❌ Error reading register 1000 for IP 10.30.4.91: no connection to modbus server
[2025-03-01T08:26:48.198Z] Error reading actual data: no connection to modbus server
[2025-03-01T08:26:48.199Z] Error writing to Modbus register: no connection to modbus server
[2025-03-01T08:26:48.198Z] Error writing to Modbus register: no connection to modbus server
[2025-03-01T08:26:48.197Z] Error reading actual data: no connection to modbus server
[2025-03-01T08:26:48.934Z] Error reading register 3105 for IP 10.30.4.91: no connection to modbus server
[2025-03-01T08:26:48.934Z] ❌ Error reading register 1000 for IP 10.30.4.91: no connection to modbus server
[2025-03-01T08:26:48.934Z] Error reading actual data: no connection to modbus server
[2025-03-01T08:26:49.041Z] Error writing to Modbus register: no connection to modbus server
[2025-03-01T08:26:49.086Z] Error reading register 3105 for IP 10.30.4.91: no connection to modbus server
[2025-03-01T08:26:49.086Z] ❌ Error reading register 1000 for IP 10.30.4.91: no connection to modbus server
[2025-03-01T08:26:49.086Z] Error reading actual data: no connection to modbus server
[2025-03-01T08:26:49.117Z] Error writing to Modbus register: no connection to modbus server
[2025-03-01T08:26:49.117Z] Error reading register 3105 for IP 10.30.4.91: no connection to modbus server
[2025-03-01T08:26:49.117Z] ❌ Error reading register 1000 for IP 10.30.4.91: no connection to modbus server
[2025-03-01T08:26:49.117Z] Error reading actual data: no connection to modbus server
[2025-03-01T08:26:49.194Z] Error writing to Modbus register: no connection to modbus server
[2025-03-01T08:26:49.195Z] Error reading register 3105 for IP 10.30.4.91: no connection to modbus server
[2025-03-01T08:26:49.195Z] ❌ Error reading register 1000 for IP 10.30.4.91: no connection to modbus server
[2025-03-01T08:26:49.195Z] Error reading actual data: no connection to modbus server
[2025-03-01T08:26:49.196Z] Error writing to Modbus register: no connection to modbus server
[2025-03-01T08:26:49.197Z] Error reading register 3105 for IP 10.30.4.91: no connection to modbus server
[2025-03-01T08:26:49.197Z] ❌ Error reading register 1000 for IP 10.30.4.91: no connection to modbus server
[2025-03-01T08:26:49.197Z] Error reading actual data: no connection to modbus server
[2025-03-01T08:26:49.198Z] Error writing to Modbus register: no connection to modbus server
[2025-03-01T08:26:49.199Z] ❌ Error reading register 1000 for IP 10.30.4.91: no connection to modbus server
[2025-03-01T08:26:49.199Z] Error reading register 3105 for IP 10.30.4.91: no connection to modbus server
[2025-03-01T08:26:49.199Z] Error reading actual data: no connection to modbus server
[2025-03-01T08:26:49.200Z] Error writing to Modbus register: no connection to modbus server
[2025-03-01T08:26:49.947Z] Error reading register 3105 for IP 10.30.4.91: no connection to modbus server
[2025-03-01T08:26:49.948Z] ❌ Error reading register 1000 for IP 10.30.4.91: no connection to modbus server
[2025-03-01T08:26:49.948Z] Error reading actual data: no connection to modbus server
[2025-03-01T08:26:50.050Z] Error writing to Modbus register: no connection to modbus server
[2025-03-01T08:26:50.096Z] Error reading register 3105 for IP 10.30.4.91: no connection to modbus server
[2025-03-01T08:26:50.096Z] ❌ Error reading register 1000 for IP 10.30.4.91: no connection to modbus server
[2025-03-01T08:26:50.096Z] Error reading actual data: no connection to modbus server
[2025-03-01T08:26:50.129Z] Error writing to Modbus register: no connection to modbus server
[2025-03-01T08:26:50.129Z] Error reading register 3105 for IP 10.30.4.91: no connection to modbus server
[2025-03-01T08:26:50.129Z] ❌ Error reading register 1000 for IP 10.30.4.91: no connection to modbus server
[2025-03-01T08:26:50.129Z] Error reading actual data: no connection to modbus server
[2025-03-01T08:26:50.199Z] Error writing to Modbus register: no connection to modbus server
[2025-03-01T08:26:50.202Z] Error reading register 3105 for IP 10.30.4.91: no connection to modbus server
[2025-03-01T08:26:50.203Z] ❌ Error reading register 1000 for IP 10.30.4.91: no connection to modbus server
[2025-03-01T08:26:50.204Z] Error writing to Modbus register: no connection to modbus server
[2025-03-01T08:26:50.205Z] Error reading register 3105 for IP 10.30.4.91: no connection to modbus server
[2025-03-01T08:26:50.203Z] Error reading actual data: no connection to modbus server
[2025-03-01T08:26:50.205Z] ❌ Error reading register 1000 for IP 10.30.4.91: no connection to modbus server
[2025-03-01T08:26:50.205Z] Error reading actual data: no connection to modbus server
[2025-03-01T08:26:50.206Z] Error writing to Modbus register: no connection to modbus server
[2025-03-01T08:26:50.206Z] ❌ Error reading register 1000 for IP 10.30.4.91: no connection to modbus server
[2025-03-01T08:26:50.206Z] Error reading register 3105 for IP 10.30.4.91: no connection to modbus server
[2025-03-01T08:26:50.207Z] Error writing to Modbus register: no connection to modbus server
[2025-03-01T08:26:50.206Z] Error reading actual data: no connection to modbus server
[2025-03-01T08:26:50.951Z] Error reading register 3105 for IP 10.30.4.91: no connection to modbus server
[2025-03-01T08:26:50.952Z] ❌ Error reading register 1000 for IP 10.30.4.91: no connection to modbus server
[2025-03-01T08:26:50.952Z] Error reading actual data: no connection to modbus server
[2025-03-01T08:26:51.065Z] Error writing to Modbus register: no connection to modbus server
[2025-03-01T08:26:51.098Z] Error reading register 3105 for IP 10.30.4.91: no connection to modbus server
[2025-03-01T08:26:51.098Z] ❌ Error reading register 1000 for IP 10.30.4.91: no connection to modbus server
[2025-03-01T08:26:51.098Z] Error reading actual data: no connection to modbus server
[2025-03-01T08:26:51.129Z] Error writing to Modbus register: no connection to modbus server
[2025-03-01T08:26:51.133Z] Error reading register 3105 for IP 10.30.4.91: no connection to modbus server
[2025-03-01T08:26:51.133Z] ❌ Error reading register 1000 for IP 10.30.4.91: no connection to modbus server
[2025-03-01T08:26:51.133Z] Error reading actual data: no connection to modbus server
[2025-03-01T08:26:51.214Z] Error reading register 3105 for IP 10.30.4.91: no connection to modbus server
[2025-03-01T08:26:51.215Z] ❌ Error reading register 1000 for IP 10.30.4.91: no connection to modbus server
[2025-03-01T08:26:51.215Z] Error reading actual data: no connection to modbus server
[2025-03-01T08:26:51.214Z] Error writing to Modbus register: no connection to modbus server
[2025-03-01T08:26:51.215Z] Error reading register 3105 for IP 10.30.4.91: no connection to modbus server
[2025-03-01T08:26:51.215Z] ❌ Error reading register 1000 for IP 10.30.4.91: no connection to modbus server
[2025-03-01T08:26:51.215Z] Error writing to Modbus register: no connection to modbus server
[2025-03-01T08:26:51.216Z] Error reading actual data: no connection to modbus server
[2025-03-01T08:26:51.216Z] Error writing to Modbus register: no connection to modbus server
[2025-03-01T08:26:51.216Z] Error reading register 3105 for IP 10.30.4.91: no connection to modbus server
[2025-03-01T08:26:51.216Z] ❌ Error reading register 1000 for IP 10.30.4.91: no connection to modbus server
[2025-03-01T08:26:51.216Z] Error reading actual data: no connection to modbus server
[2025-03-01T08:26:51.217Z] Error writing to Modbus register: no connection to modbus server
[2025-03-01T08:26:51.954Z] Error reading register 3105 for IP 10.30.4.91: no connection to modbus server
[2025-03-01T08:26:51.955Z] ❌ Error reading register 1000 for IP 10.30.4.91: no connection to modbus server
[2025-03-01T08:26:51.956Z] Error reading actual data: no connection to modbus server
[2025-03-01T08:26:52.066Z] Error writing to Modbus register: no connection to modbus server
[2025-03-01T08:26:52.098Z] Error reading register 3105 for IP 10.30.4.91: no connection to modbus server
[2025-03-01T08:26:52.099Z] ❌ Error reading register 1000 for IP 10.30.4.91: no connection to modbus server
[2025-03-01T08:26:52.099Z] Error reading actual data: no connection to modbus server
[2025-03-01T08:26:52.130Z] Error writing to Modbus register: no connection to modbus server
[2025-03-01T08:26:52.132Z] Error reading register 3105 for IP 10.30.4.91: no connection to modbus server
[2025-03-01T08:26:52.132Z] ❌ Error reading register 1000 for IP 10.30.4.91: no connection to modbus server
[2025-03-01T08:26:52.133Z] Error reading actual data: no connection to modbus server
[2025-03-01T08:26:52.214Z] Error writing to Modbus register: no connection to modbus server
[2025-03-01T08:26:52.216Z] Error reading register 3105 for IP 10.30.4.91: no connection to modbus server
[2025-03-01T08:26:52.216Z] ❌ Error reading register 1000 for IP 10.30.4.91: no connection to modbus server
[2025-03-01T08:26:52.216Z] Error reading actual data: no connection to modbus server
[2025-03-01T08:26:52.218Z] Error writing to Modbus register: no connection to modbus server
[2025-03-01T08:26:52.219Z] ❌ Error reading register 1000 for IP 10.30.4.91: no connection to modbus server
[2025-03-01T08:26:52.219Z] Error reading actual data: no connection to modbus server
[2025-03-01T08:26:52.218Z] Error reading register 3105 for IP 10.30.4.91: no connection to modbus server
[2025-03-01T08:26:52.219Z] Error writing to Modbus register: no connection to modbus server
[2025-03-01T08:26:52.219Z] Error reading register 3105 for IP 10.30.4.91: no connection to modbus server
[2025-03-01T08:26:52.219Z] ❌ Error reading register 1000 for IP 10.30.4.91: no connection to modbus server
[2025-03-01T08:26:52.220Z] Error writing to Modbus register: no connection to modbus server
[2025-03-01T08:26:52.220Z] Error reading actual data: no connection to modbus server
[2025-03-01T08:26:52.951Z] ❌ Error reading register 1000 for IP 10.30.4.91: no connection to modbus server
[2025-03-01T08:26:52.951Z] Error reading register 3105 for IP 10.30.4.91: no connection to modbus server
[2025-03-01T08:26:52.951Z] Error reading actual data: no connection to modbus server
[2025-03-01T08:26:53.080Z] Error writing to Modbus register: no connection to modbus server
[2025-03-01T08:26:53.113Z] Error reading register 3105 for IP 10.30.4.91: no connection to modbus server
[2025-03-01T08:26:53.113Z] ❌ Error reading register 1000 for IP 10.30.4.91: no connection to modbus server
[2025-03-01T08:26:53.113Z] Error reading actual data: no connection to modbus server
[2025-03-01T08:26:53.144Z] Error writing to Modbus register: no connection to modbus server
[2025-03-01T08:26:53.144Z] Error reading register 3105 for IP 10.30.4.91: no connection to modbus server
[2025-03-01T08:26:53.145Z] ❌ Error reading register 1000 for IP 10.30.4.91: no connection to modbus server
[2025-03-01T08:26:53.145Z] Error reading actual data: no connection to modbus server
[2025-03-01T08:26:53.214Z] Error writing to Modbus register: no connection to modbus server
[2025-03-01T08:26:53.214Z] Error reading register 3105 for IP 10.30.4.91: no connection to modbus server
[2025-03-01T08:26:53.214Z] ❌ Error reading register 1000 for IP 10.30.4.91: no connection to modbus server
[2025-03-01T08:26:53.214Z] Error reading actual data: no connection to modbus server
[2025-03-01T08:26:53.230Z] Error reading register 3105 for IP 10.30.4.91: no connection to modbus server
[2025-03-01T08:26:53.230Z] ❌ Error reading register 1000 for IP 10.30.4.91: no connection to modbus server
[2025-03-01T08:26:53.230Z] Error reading actual data: no connection to modbus server
[2025-03-01T08:26:53.229Z] Error writing to Modbus register: no connection to modbus server
[2025-03-01T08:26:53.230Z] Error writing to Modbus register: no connection to modbus server
[2025-03-01T08:26:53.231Z] Error reading register 3105 for IP 10.30.4.91: no connection to modbus server
[2025-03-01T08:26:53.231Z] ❌ Error reading register 1000 for IP 10.30.4.91: no connection to modbus server
[2025-03-01T08:26:53.231Z] Error reading actual data: no connection to modbus server
[2025-03-01T08:26:53.231Z] Error writing to Modbus register: no connection to modbus server
[2025-03-01T08:26:53.954Z] Error reading register 3105 for IP 10.30.4.91: no connection to modbus server
[2025-03-01T08:26:53.954Z] ❌ Error reading register 1000 for IP 10.30.4.91: no connection to modbus server
[2025-03-01T08:26:53.954Z] Error reading actual data: no connection to modbus server
[2025-03-01T08:26:54.080Z] Error writing to Modbus register: no connection to modbus server
[2025-03-01T08:26:54.114Z] Error reading register 3105 for IP 10.30.4.91: no connection to modbus server
[2025-03-01T08:26:54.114Z] ❌ Error reading register 1000 for IP 10.30.4.91: no connection to modbus server
[2025-03-01T08:26:54.115Z] Error reading actual data: no connection to modbus server
[2025-03-01T08:26:54.144Z] Error writing to Modbus register: no connection to modbus server
[2025-03-01T08:26:54.146Z] Error reading register 3105 for IP 10.30.4.91: no connection to modbus server
[2025-03-01T08:26:54.146Z] ❌ Error reading register 1000 for IP 10.30.4.91: no connection to modbus server
[2025-03-01T08:26:54.146Z] Error reading actual data: no connection to modbus server
[2025-03-01T08:26:54.231Z] Error writing to Modbus register: no connection to modbus server
[2025-03-01T08:26:54.233Z] Error reading register 3105 for IP 10.30.4.91: no connection to modbus server
[2025-03-01T08:26:54.233Z] ❌ Error reading register 1000 for IP 10.30.4.91: no connection to modbus server
[2025-03-01T08:26:54.234Z] Error reading actual data: no connection to modbus server
[2025-03-01T08:26:54.235Z] Error writing to Modbus register: no connection to modbus server
[2025-03-01T08:26:54.235Z] Error reading register 3105 for IP 10.30.4.91: no connection to modbus server
[2025-03-01T08:26:54.235Z] ❌ Error reading register 1000 for IP 10.30.4.91: no connection to modbus server
[2025-03-01T08:26:54.235Z] Error reading actual data: no connection to modbus server
[2025-03-01T08:26:54.236Z] Error writing to Modbus register: no connection to modbus server
[2025-03-01T08:26:54.236Z] Error reading register 3105 for IP 10.30.4.91: no connection to modbus server
[2025-03-01T08:26:54.237Z] ❌ Error reading register 1000 for IP 10.30.4.91: no connection to modbus server
[2025-03-01T08:26:54.237Z] Error reading actual data: no connection to modbus server
[2025-03-01T08:26:54.237Z] Error writing to Modbus register: no connection to modbus server
[2025-03-01T08:26:54.954Z] Error reading register 3105 for IP 10.30.4.91: no connection to modbus server
[2025-03-01T08:26:54.954Z] ❌ Error reading register 1000 for IP 10.30.4.91: no connection to modbus server
[2025-03-01T08:26:54.954Z] Error reading actual data: no connection to modbus server
[2025-03-01T08:26:55.080Z] Error writing to Modbus register: no connection to modbus server
[2025-03-01T08:26:55.114Z] Error reading register 3105 for IP 10.30.4.91: no connection to modbus server
[2025-03-01T08:26:55.114Z] ❌ Error reading register 1000 for IP 10.30.4.91: no connection to modbus server
[2025-03-01T08:26:55.115Z] Error reading actual data: no connection to modbus server
[2025-03-01T08:26:55.145Z] Error writing to Modbus register: no connection to modbus server
[2025-03-01T08:26:55.146Z] Error reading register 3105 for IP 10.30.4.91: no connection to modbus server
[2025-03-01T08:26:55.146Z] ❌ Error reading register 1000 for IP 10.30.4.91: no connection to modbus server
[2025-03-01T08:26:55.147Z] Error reading actual data: no connection to modbus server
[2025-03-01T08:26:55.230Z] Error writing to Modbus register: no connection to modbus server
[2025-03-01T08:26:55.231Z] Error reading register 3105 for IP 10.30.4.91: no connection to modbus server
[2025-03-01T08:26:55.232Z] ❌ Error reading register 1000 for IP 10.30.4.91: no connection to modbus server
[2025-03-01T08:26:55.232Z] Error reading actual data: no connection to modbus server
[2025-03-01T08:26:55.246Z] Error writing to Modbus register: no connection to modbus server
[2025-03-01T08:26:55.247Z] Error reading register 3105 for IP 10.30.4.91: no connection to modbus server
[2025-03-01T08:26:55.248Z] Error reading actual data: no connection to modbus server
[2025-03-01T08:26:55.248Z] Error writing to Modbus register: no connection to modbus server
[2025-03-01T08:26:55.247Z] ❌ Error reading register 1000 for IP 10.30.4.91: no connection to modbus server
[2025-03-01T08:26:55.248Z] Error reading register 3105 for IP 10.30.4.91: no connection to modbus server
[2025-03-01T08:26:55.248Z] ❌ Error reading register 1000 for IP 10.30.4.91: no connection to modbus server
[2025-03-01T08:26:55.248Z] Error reading actual data: no connection to modbus server
[2025-03-01T08:26:55.249Z] Error writing to Modbus register: no connection to modbus server
[2025-03-01T08:26:55.955Z] Error reading register 3105 for IP 10.30.4.91: no connection to modbus server
[2025-03-01T08:26:55.956Z] ❌ Error reading register 1000 for IP 10.30.4.91: no connection to modbus server
[2025-03-01T08:26:55.956Z] Error reading actual data: no connection to modbus server
[2025-03-01T08:26:56.097Z] Error writing to Modbus register: no connection to modbus server
[2025-03-01T08:26:56.128Z] Error reading register 3105 for IP 10.30.4.91: no connection to modbus server
[2025-03-01T08:26:56.129Z] ❌ Error reading register 1000 for IP 10.30.4.91: no connection to modbus server
[2025-03-01T08:26:56.129Z] Error reading actual data: no connection to modbus server
[2025-03-01T08:26:56.160Z] Error writing to Modbus register: no connection to modbus server
[2025-03-01T08:26:56.161Z] Error reading register 3105 for IP 10.30.4.91: no connection to modbus server
[2025-03-01T08:26:56.161Z] ❌ Error reading register 1000 for IP 10.30.4.91: no connection to modbus server
[2025-03-01T08:26:56.162Z] Error reading actual data: no connection to modbus server
[2025-03-01T08:26:56.247Z] Error writing to Modbus register: no connection to modbus server
[2025-03-01T08:26:56.248Z] Error reading register 3105 for IP 10.30.4.91: no connection to modbus server
[2025-03-01T08:26:56.248Z] ❌ Error reading register 1000 for IP 10.30.4.91: no connection to modbus server
[2025-03-01T08:26:56.249Z] Error writing to Modbus register: no connection to modbus server
[2025-03-01T08:26:56.249Z] Error reading actual data: no connection to modbus server
[2025-03-01T08:26:56.250Z] Error reading register 3105 for IP 10.30.4.91: no connection to modbus server
[2025-03-01T08:26:56.250Z] ❌ Error reading register 1000 for IP 10.30.4.91: no connection to modbus server
[2025-03-01T08:26:56.250Z] Error reading actual data: no connection to modbus server
[2025-03-01T08:26:56.251Z] Error writing to Modbus register: no connection to modbus server
[2025-03-01T08:26:56.252Z] Error reading register 3105 for IP 10.30.4.91: no connection to modbus server
[2025-03-01T08:26:56.252Z] ❌ Error reading register 1000 for IP 10.30.4.91: no connection to modbus server
[2025-03-01T08:26:56.252Z] Error reading actual data: no connection to modbus server
[2025-03-01T08:26:56.253Z] Error writing to Modbus register: no connection to modbus server
[2025-03-01T08:26:56.956Z] Error reading register 3105 for IP 10.30.4.91: no connection to modbus server
[2025-03-01T08:26:56.956Z] ❌ Error reading register 1000 for IP 10.30.4.91: no connection to modbus server
[2025-03-01T08:26:56.956Z] Error reading actual data: no connection to modbus server
[2025-03-01T08:26:57.097Z] Error writing to Modbus register: no connection to modbus server
[2025-03-01T08:26:57.129Z] Error reading register 3105 for IP 10.30.4.91: no connection to modbus server
[2025-03-01T08:26:57.129Z] ❌ Error reading register 1000 for IP 10.30.4.91: no connection to modbus server
[2025-03-01T08:26:57.129Z] Error reading actual data: no connection to modbus server
[2025-03-01T08:26:57.160Z] Error writing to Modbus register: no connection to modbus server
[2025-03-01T08:26:57.160Z] Error reading register 3105 for IP 10.30.4.91: no connection to modbus server
[2025-03-01T08:26:57.161Z] ❌ Error reading register 1000 for IP 10.30.4.91: no connection to modbus server
[2025-03-01T08:26:57.161Z] Error reading actual data: no connection to modbus server
[2025-03-01T08:26:57.248Z] Error writing to Modbus register: no connection to modbus server
[2025-03-01T08:26:57.249Z] Error reading register 3105 for IP 10.30.4.91: no connection to modbus server
[2025-03-01T08:26:57.249Z] ❌ Error reading register 1000 for IP 10.30.4.91: no connection to modbus server
[2025-03-01T08:26:57.249Z] Error reading actual data: no connection to modbus server
[2025-03-01T08:26:57.250Z] Error writing to Modbus register: no connection to modbus server
[2025-03-01T08:26:57.251Z] Error reading register 3105 for IP 10.30.4.91: no connection to modbus server
[2025-03-01T08:26:57.251Z] ❌ Error reading register 1000 for IP 10.30.4.91: no connection to modbus server
[2025-03-01T08:26:57.251Z] Error reading actual data: no connection to modbus server
[2025-03-01T08:26:57.253Z] Error reading register 3105 for IP 10.30.4.91: no connection to modbus server
[2025-03-01T08:26:57.252Z] Error writing to Modbus register: no connection to modbus server
[2025-03-01T08:26:57.253Z] ❌ Error reading register 1000 for IP 10.30.4.91: no connection to modbus server
[2025-03-01T08:26:57.253Z] Error reading actual data: no connection to modbus server
[2025-03-01T08:26:57.253Z] Error writing to Modbus register: no connection to modbus server
[2025-03-01T08:26:57.970Z] Error reading register 3105 for IP 10.30.4.91: no connection to modbus server
[2025-03-01T08:26:57.971Z] ❌ Error reading register 1000 for IP 10.30.4.91: no connection to modbus server
[2025-03-01T08:26:57.971Z] Error reading actual data: no connection to modbus server
[2025-03-01T08:26:58.112Z] Error writing to Modbus register: no connection to modbus server
[2025-03-01T08:26:58.130Z] Error reading register 3105 for IP 10.30.4.91: no connection to modbus server
[2025-03-01T08:26:58.131Z] ❌ Error reading register 1000 for IP 10.30.4.91: no connection to modbus server
[2025-03-01T08:26:58.131Z] Error reading actual data: no connection to modbus server
[2025-03-01T08:26:58.161Z] Error writing to Modbus register: no connection to modbus server
[2025-03-01T08:26:58.161Z] Error reading register 3105 for IP 10.30.4.91: no connection to modbus server
[2025-03-01T08:26:58.162Z] ❌ Error reading register 1000 for IP 10.30.4.91: no connection to modbus server
[2025-03-01T08:26:58.162Z] Error reading actual data: no connection to modbus server
[2025-03-01T08:26:58.264Z] Error writing to Modbus register: no connection to modbus server
[2025-03-01T08:26:58.265Z] Error reading register 3105 for IP 10.30.4.91: no connection to modbus server
[2025-03-01T08:26:58.265Z] ❌ Error reading register 1000 for IP 10.30.4.91: no connection to modbus server
[2025-03-01T08:26:58.266Z] Error reading actual data: no connection to modbus server
[2025-03-01T08:26:58.266Z] Error writing to Modbus register: no connection to modbus server
[2025-03-01T08:26:58.267Z] Error reading register 3105 for IP 10.30.4.91: no connection to modbus server
[2025-03-01T08:26:58.267Z] ❌ Error reading register 1000 for IP 10.30.4.91: no connection to modbus server
[2025-03-01T08:26:58.267Z] Error reading actual data: no connection to modbus server
[2025-03-01T08:26:58.268Z] Error writing to Modbus register: no connection to modbus server
[2025-03-01T08:26:58.269Z] Error reading register 3105 for IP 10.30.4.91: no connection to modbus server
[2025-03-01T08:26:58.269Z] ❌ Error reading register 1000 for IP 10.30.4.91: no connection to modbus server
[2025-03-01T08:26:58.269Z] Error reading actual data: no connection to modbus server
[2025-03-01T08:26:58.270Z] Error writing to Modbus register: no connection to modbus server
[2025-03-01T08:26:58.986Z] Error reading register 3105 for IP 10.30.4.91: no connection to modbus server
[2025-03-01T08:26:58.986Z] ❌ Error reading register 1000 for IP 10.30.4.91: no connection to modbus server
[2025-03-01T08:26:58.986Z] Error reading actual data: no connection to modbus server
[2025-03-01T08:26:59.114Z] Error writing to Modbus register: no connection to modbus server
[2025-03-01T08:26:59.135Z] Error reading register 3105 for IP 10.30.4.91: no connection to modbus server
[2025-03-01T08:26:59.136Z] ❌ Error reading register 1000 for IP 10.30.4.91: no connection to modbus server
[2025-03-01T08:26:59.136Z] Error reading actual data: no connection to modbus server
[2025-03-01T08:26:59.162Z] Error writing to Modbus register: no connection to modbus server
[2025-03-01T08:26:59.162Z] Error reading register 3105 for IP 10.30.4.91: no connection to modbus server
[2025-03-01T08:26:59.162Z] ❌ Error reading register 1000 for IP 10.30.4.91: no connection to modbus server
[2025-03-01T08:26:59.162Z] Error reading actual data: no connection to modbus server
[2025-03-01T08:26:59.264Z] Error writing to Modbus register: no connection to modbus server
[2025-03-01T08:26:59.265Z] Error reading register 3105 for IP 10.30.4.91: no connection to modbus server
[2025-03-01T08:26:59.265Z] ❌ Error reading register 1000 for IP 10.30.4.91: no connection to modbus server
[2025-03-01T08:26:59.265Z] Error reading actual data: no connection to modbus server
[2025-03-01T08:26:59.280Z] Error writing to Modbus register: no connection to modbus server
[2025-03-01T08:26:59.281Z] Error reading register 3105 for IP 10.30.4.91: no connection to modbus server
[2025-03-01T08:26:59.281Z] ❌ Error reading register 1000 for IP 10.30.4.91: no connection to modbus server
[2025-03-01T08:26:59.281Z] Error reading actual data: no connection to modbus server
[2025-03-01T08:26:59.282Z] Error reading register 3105 for IP 10.30.4.91: no connection to modbus server
[2025-03-01T08:26:59.281Z] Error writing to Modbus register: no connection to modbus server
[2025-03-01T08:26:59.282Z] ❌ Error reading register 1000 for IP 10.30.4.91: no connection to modbus server
[2025-03-01T08:26:59.282Z] Error reading actual data: no connection to modbus server
[2025-03-01T08:26:59.282Z] Error writing to Modbus register: no connection to modbus server
[2025-03-01T08:26:59.987Z] Error reading register 3105 for IP 10.30.4.91: no connection to modbus server
[2025-03-01T08:26:59.988Z] ❌ Error reading register 1000 for IP 10.30.4.91: no connection to modbus server
[2025-03-01T08:26:59.988Z] Error reading actual data: no connection to modbus server
[2025-03-01T08:27:00.114Z] Error writing to Modbus register: no connection to modbus server
[2025-03-01T08:27:00.146Z] Error reading register 3105 for IP 10.30.4.91: no connection to modbus server
[2025-03-01T08:27:00.146Z] ❌ Error reading register 1000 for IP 10.30.4.91: no connection to modbus server
[2025-03-01T08:27:00.146Z] Error reading actual data: no connection to modbus server
[2025-03-01T08:27:00.161Z] Error writing to Modbus register: no connection to modbus server
[2025-03-01T08:27:00.162Z] Error reading register 3105 for IP 10.30.4.91: no connection to modbus server
[2025-03-01T08:27:00.162Z] ❌ Error reading register 1000 for IP 10.30.4.91: no connection to modbus server
[2025-03-01T08:27:00.162Z] Error reading actual data: no connection to modbus server
[2025-03-01T08:27:00.280Z] Error writing to Modbus register: no connection to modbus server
[2025-03-01T08:27:00.282Z] Error reading register 3105 for IP 10.30.4.91: no connection to modbus server
[2025-03-01T08:27:00.282Z] ❌ Error reading register 1000 for IP 10.30.4.91: no connection to modbus server
[2025-03-01T08:27:00.283Z] Error reading actual data: no connection to modbus server
[2025-03-01T08:27:00.283Z] Error writing to Modbus register: no connection to modbus server
[2025-03-01T08:27:00.285Z] Error reading register 3105 for IP 10.30.4.91: no connection to modbus server
[2025-03-01T08:27:00.285Z] ❌ Error reading register 1000 for IP 10.30.4.91: no connection to modbus server
[2025-03-01T08:27:00.285Z] Error reading actual data: no connection to modbus server
[2025-03-01T08:27:00.285Z] Error writing to Modbus register: no connection to modbus server
[2025-03-01T08:27:00.286Z] Error reading register 3105 for IP 10.30.4.91: no connection to modbus server
[2025-03-01T08:27:00.286Z] ❌ Error reading register 1000 for IP 10.30.4.91: no connection to modbus server
[2025-03-01T08:27:00.286Z] Error reading actual data: no connection to modbus server
[2025-03-01T08:27:00.286Z] Error writing to Modbus register: no connection to modbus server
[2025-03-01T08:27:00.987Z] Error reading register 3105 for IP 10.30.4.91: no connection to modbus server
[2025-03-01T08:27:00.987Z] ❌ Error reading register 1000 for IP 10.30.4.91: no connection to modbus server
[2025-03-01T08:27:00.987Z] Error reading actual data: no connection to modbus server
[2025-03-01T08:27:01.114Z] Error writing to Modbus register: no connection to modbus server
[2025-03-01T08:27:01.148Z] Error reading register 3105 for IP 10.30.4.91: no connection to modbus server
[2025-03-01T08:27:01.149Z] ❌ Error reading register 1000 for IP 10.30.4.91: no connection to modbus server
[2025-03-01T08:27:01.149Z] Error reading actual data: no connection to modbus server
[2025-03-01T08:27:01.162Z] Error writing to Modbus register: no connection to modbus server
[2025-03-01T08:27:01.163Z] Error reading register 3105 for IP 10.30.4.91: no connection to modbus server
[2025-03-01T08:27:01.163Z] ❌ Error reading register 1000 for IP 10.30.4.91: no connection to modbus server
[2025-03-01T08:27:01.163Z] Error reading actual data: no connection to modbus server
[2025-03-01T08:27:01.280Z] Error writing to Modbus register: no connection to modbus server
[2025-03-01T08:27:01.281Z] Error reading register 3105 for IP 10.30.4.91: no connection to modbus server
[2025-03-01T08:27:01.281Z] ❌ Error reading register 1000 for IP 10.30.4.91: no connection to modbus server
[2025-03-01T08:27:01.281Z] Error reading actual data: no connection to modbus server
[2025-03-01T08:27:01.295Z] Error writing to Modbus register: no connection to modbus server
[2025-03-01T08:27:01.296Z] Error reading register 3105 for IP 10.30.4.91: no connection to modbus server
[2025-03-01T08:27:01.296Z] ❌ Error reading register 1000 for IP 10.30.4.91: no connection to modbus server
[2025-03-01T08:27:01.296Z] Error reading actual data: no connection to modbus server
[2025-03-01T08:27:01.296Z] Error writing to Modbus register: no connection to modbus server
[2025-03-01T08:27:01.297Z] Error reading register 3105 for IP 10.30.4.91: no connection to modbus server
[2025-03-01T08:27:01.297Z] ❌ Error reading register 1000 for IP 10.30.4.91: no connection to modbus server
[2025-03-01T08:27:01.297Z] Error reading actual data: no connection to modbus server
[2025-03-01T08:27:01.297Z] Error writing to Modbus register: no connection to modbus server
[2025-03-01T08:27:01.987Z] Error reading register 3105 for IP 10.30.4.91: no connection to modbus server
[2025-03-01T08:27:01.988Z] ❌ Error reading register 1000 for IP 10.30.4.91: no connection to modbus server
[2025-03-01T08:27:01.989Z] Error reading actual data: no connection to modbus server
[2025-03-01T08:27:02.116Z] Error writing to Modbus register: no connection to modbus server
[2025-03-01T08:27:02.146Z] Error reading register 3105 for IP 10.30.4.91: no connection to modbus server
[2025-03-01T08:27:02.146Z] ❌ Error reading register 1000 for IP 10.30.4.91: no connection to modbus server
[2025-03-01T08:27:02.146Z] Error reading actual data: no connection to modbus server
[2025-03-01T08:27:02.163Z] Error writing to Modbus register: no connection to modbus server
[2025-03-01T08:27:02.164Z] Error reading register 3105 for IP 10.30.4.91: no connection to modbus server
[2025-03-01T08:27:02.164Z] ❌ Error reading register 1000 for IP 10.30.4.91: no connection to modbus server
[2025-03-01T08:27:02.164Z] Error reading actual data: no connection to modbus server
[2025-03-01T08:27:02.281Z] Error writing to Modbus register: no connection to modbus server
[2025-03-01T08:27:02.282Z] Error reading register 3105 for IP 10.30.4.91: no connection to modbus server
[2025-03-01T08:27:02.283Z] ❌ Error reading register 1000 for IP 10.30.4.91: no connection to modbus server
[2025-03-01T08:27:02.283Z] Error reading actual data: no connection to modbus server
[2025-03-01T08:27:02.295Z] Error writing to Modbus register: no connection to modbus server
[2025-03-01T08:27:02.296Z] Error reading register 3105 for IP 10.30.4.91: no connection to modbus server
[2025-03-01T08:27:02.296Z] Error reading actual data: no connection to modbus server
[2025-03-01T08:27:02.296Z] ❌ Error reading register 1000 for IP 10.30.4.91: no connection to modbus server
[2025-03-01T08:27:02.297Z] Error writing to Modbus register: no connection to modbus server
[2025-03-01T08:27:02.298Z] ❌ Error reading register 1000 for IP 10.30.4.91: no connection to modbus server
[2025-03-01T08:27:02.298Z] Error reading actual data: no connection to modbus server
[2025-03-01T08:27:02.298Z] Error reading register 3105 for IP 10.30.4.91: no connection to modbus server
[2025-03-01T08:27:02.298Z] Error writing to Modbus register: no connection to modbus server
[2025-03-01T08:27:02.987Z] Error reading register 3105 for IP 10.30.4.91: no connection to modbus server
[2025-03-01T08:27:02.987Z] ❌ Error reading register 1000 for IP 10.30.4.91: no connection to modbus server
[2025-03-01T08:27:02.987Z] Error reading actual data: no connection to modbus server
[2025-03-01T08:27:03.128Z] Error writing to Modbus register: no connection to modbus server
[2025-03-01T08:27:03.148Z] Error reading register 3105 for IP 10.30.4.91: no connection to modbus server
[2025-03-01T08:27:03.148Z] ❌ Error reading register 1000 for IP 10.30.4.91: no connection to modbus server
[2025-03-01T08:27:03.148Z] Error reading actual data: no connection to modbus server
[2025-03-01T08:27:03.164Z] Error writing to Modbus register: no connection to modbus server
[2025-03-01T08:27:03.164Z] Error reading register 3105 for IP 10.30.4.91: no connection to modbus server
[2025-03-01T08:27:03.164Z] ❌ Error reading register 1000 for IP 10.30.4.91: no connection to modbus server
[2025-03-01T08:27:03.164Z] Error reading actual data: no connection to modbus server
[2025-03-01T08:27:03.280Z] Error writing to Modbus register: no connection to modbus server
[2025-03-01T08:27:03.281Z] Error reading register 3105 for IP 10.30.4.91: no connection to modbus server
[2025-03-01T08:27:03.281Z] ❌ Error reading register 1000 for IP 10.30.4.91: no connection to modbus server
[2025-03-01T08:27:03.282Z] Error reading actual data: no connection to modbus server
[2025-03-01T08:27:03.296Z] Error writing to Modbus register: no connection to modbus server
[2025-03-01T08:27:03.297Z] ❌ Error reading register 1000 for IP 10.30.4.91: no connection to modbus server
[2025-03-01T08:27:03.296Z] Error reading register 3105 for IP 10.30.4.91: no connection to modbus server
[2025-03-01T08:27:03.297Z] Error reading actual data: no connection to modbus server
[2025-03-01T08:27:03.298Z] Error reading register 3105 for IP 10.30.4.91: no connection to modbus server
[2025-03-01T08:27:03.298Z] ❌ Error reading register 1000 for IP 10.30.4.91: no connection to modbus server
[2025-03-01T08:27:03.297Z] Error writing to Modbus register: no connection to modbus server
[2025-03-01T08:27:03.298Z] Error reading actual data: no connection to modbus server
[2025-03-01T08:27:03.298Z] Error writing to Modbus register: no connection to modbus server
[2025-03-01T08:27:04.002Z] Error reading register 3105 for IP 10.30.4.91: no connection to modbus server
[2025-03-01T08:27:04.003Z] ❌ Error reading register 1000 for IP 10.30.4.91: no connection to modbus server
[2025-03-01T08:27:04.003Z] Error reading actual data: no connection to modbus server
[2025-03-01T08:27:04.132Z] Error writing to Modbus register: no connection to modbus server
[2025-03-01T08:27:04.147Z] Error reading register 3105 for IP 10.30.4.91: no connection to modbus server
[2025-03-01T08:27:04.147Z] ❌ Error reading register 1000 for IP 10.30.4.91: no connection to modbus server
[2025-03-01T08:27:04.147Z] Error reading actual data: no connection to modbus server
[2025-03-01T08:27:04.179Z] Error writing to Modbus register: no connection to modbus server
[2025-03-01T08:27:04.179Z] Error reading register 3105 for IP 10.30.4.91: no connection to modbus server
[2025-03-01T08:27:04.179Z] ❌ Error reading register 1000 for IP 10.30.4.91: no connection to modbus server
[2025-03-01T08:27:04.180Z] Error reading actual data: no connection to modbus server
[2025-03-01T08:27:04.296Z] Error writing to Modbus register: no connection to modbus server
[2025-03-01T08:27:04.298Z] Error reading register 3105 for IP 10.30.4.91: no connection to modbus server
[2025-03-01T08:27:04.298Z] ❌ Error reading register 1000 for IP 10.30.4.91: no connection to modbus server
[2025-03-01T08:27:04.299Z] Error reading actual data: no connection to modbus server
[2025-03-01T08:27:04.299Z] Error writing to Modbus register: no connection to modbus server
[2025-03-01T08:27:04.301Z] Error reading register 3105 for IP 10.30.4.91: no connection to modbus server
[2025-03-01T08:27:04.302Z] ❌ Error reading register 1000 for IP 10.30.4.91: no connection to modbus server
[2025-03-01T08:27:04.302Z] Error reading actual data: no connection to modbus server
[2025-03-01T08:27:04.304Z] Error reading register 3105 for IP 10.30.4.91: no connection to modbus server
[2025-03-01T08:27:04.303Z] Error writing to Modbus register: no connection to modbus server
[2025-03-01T08:27:04.304Z] ❌ Error reading register 1000 for IP 10.30.4.91: no connection to modbus server
[2025-03-01T08:27:04.304Z] Error reading actual data: no connection to modbus server
[2025-03-01T08:27:04.305Z] Error writing to Modbus register: no connection to modbus server
[2025-03-01T08:27:05.004Z] Error reading register 3105 for IP 10.30.4.91: no connection to modbus server
[2025-03-01T08:27:05.004Z] ❌ Error reading register 1000 for IP 10.30.4.91: no connection to modbus server
[2025-03-01T08:27:05.005Z] Error reading actual data: no connection to modbus server
[2025-03-01T08:27:05.146Z] Error writing to Modbus register: no connection to modbus server
[2025-03-01T08:27:05.147Z] Error reading register 3105 for IP 10.30.4.91: no connection to modbus server
[2025-03-01T08:27:05.148Z] ❌ Error reading register 1000 for IP 10.30.4.91: no connection to modbus server
[2025-03-01T08:27:05.148Z] Error reading actual data: no connection to modbus server
[2025-03-01T08:27:05.180Z] Error writing to Modbus register: no connection to modbus server
[2025-03-01T08:27:05.180Z] Error reading register 3105 for IP 10.30.4.91: no connection to modbus server
[2025-03-01T08:27:05.180Z] ❌ Error reading register 1000 for IP 10.30.4.91: no connection to modbus server
[2025-03-01T08:27:05.180Z] Error reading actual data: no connection to modbus server
[2025-03-01T08:27:05.298Z] Error writing to Modbus register: no connection to modbus server
[2025-03-01T08:27:05.298Z] Error reading register 3105 for IP 10.30.4.91: no connection to modbus server
[2025-03-01T08:27:05.298Z] ❌ Error reading register 1000 for IP 10.30.4.91: no connection to modbus server
[2025-03-01T08:27:05.298Z] Error reading actual data: no connection to modbus server
[2025-03-01T08:27:05.299Z] Error writing to Modbus register: no connection to modbus server
[2025-03-01T08:27:05.313Z] Error reading register 3105 for IP 10.30.4.91: no connection to modbus server
[2025-03-01T08:27:05.314Z] ❌ Error reading register 1000 for IP 10.30.4.91: no connection to modbus server
[2025-03-01T08:27:05.314Z] Error reading actual data: no connection to modbus server
[2025-03-01T08:27:05.314Z] Error writing to Modbus register: no connection to modbus server
[2025-03-01T08:27:05.315Z] Error reading register 3105 for IP 10.30.4.91: no connection to modbus server
[2025-03-01T08:27:05.315Z] ❌ Error reading register 1000 for IP 10.30.4.91: no connection to modbus server
[2025-03-01T08:27:05.315Z] Error reading actual data: no connection to modbus server
[2025-03-01T08:27:05.315Z] Error writing to Modbus register: no connection to modbus server
[2025-03-01T08:27:06.019Z] Error reading register 3105 for IP 10.30.4.91: no connection to modbus server
[2025-03-01T08:27:06.019Z] ❌ Error reading register 1000 for IP 10.30.4.91: no connection to modbus server
[2025-03-01T08:27:06.019Z] Error reading actual data: no connection to modbus server
[2025-03-01T08:27:06.148Z] Error writing to Modbus register: no connection to modbus server
[2025-03-01T08:27:06.149Z] Error reading register 3105 for IP 10.30.4.91: no connection to modbus server
[2025-03-01T08:27:06.149Z] ❌ Error reading register 1000 for IP 10.30.4.91: no connection to modbus server
[2025-03-01T08:27:06.149Z] Error reading actual data: no connection to modbus server
[2025-03-01T08:27:06.180Z] Error writing to Modbus register: no connection to modbus server
[2025-03-01T08:27:06.181Z] Error reading register 3105 for IP 10.30.4.91: no connection to modbus server
[2025-03-01T08:27:06.181Z] ❌ Error reading register 1000 for IP 10.30.4.91: no connection to modbus server
[2025-03-01T08:27:06.182Z] Error reading actual data: no connection to modbus server
[2025-03-01T08:27:06.298Z] Error writing to Modbus register: no connection to modbus server
[2025-03-01T08:27:06.298Z] Error reading register 3105 for IP 10.30.4.91: no connection to modbus server
[2025-03-01T08:27:06.298Z] ❌ Error reading register 1000 for IP 10.30.4.91: no connection to modbus server
[2025-03-01T08:27:06.299Z] Error reading actual data: no connection to modbus server
[2025-03-01T08:27:06.299Z] Error writing to Modbus register: no connection to modbus server
[2025-03-01T08:27:06.313Z] Error reading register 3105 for IP 10.30.4.91: no connection to modbus server
[2025-03-01T08:27:06.314Z] ❌ Error reading register 1000 for IP 10.30.4.91: no connection to modbus server
[2025-03-01T08:27:06.314Z] Error reading actual data: no connection to modbus server
[2025-03-01T08:27:06.314Z] Error writing to Modbus register: no connection to modbus server
[2025-03-01T08:27:06.315Z] Error reading register 3105 for IP 10.30.4.91: no connection to modbus server
[2025-03-01T08:27:06.315Z] Error reading actual data: no connection to modbus server
[2025-03-01T08:27:06.315Z] ❌ Error reading register 1000 for IP 10.30.4.91: no connection to modbus server
[2025-03-01T08:27:06.316Z] Error writing to Modbus register: no connection to modbus server
[2025-03-01T08:27:07.023Z] Error reading register 3105 for IP 10.30.4.91: no connection to modbus server
[2025-03-01T08:27:07.024Z] ❌ Error reading register 1000 for IP 10.30.4.91: no connection to modbus server
[2025-03-01T08:27:07.024Z] Error reading actual data: no connection to modbus server
[2025-03-01T08:27:07.162Z] Error writing to Modbus register: no connection to modbus server
[2025-03-01T08:27:07.163Z] Error reading register 3105 for IP 10.30.4.91: no connection to modbus server
[2025-03-01T08:27:07.163Z] ❌ Error reading register 1000 for IP 10.30.4.91: no connection to modbus server
[2025-03-01T08:27:07.164Z] Error reading actual data: no connection to modbus server
[2025-03-01T08:27:07.181Z] Error writing to Modbus register: no connection to modbus server
[2025-03-01T08:27:07.182Z] Error reading register 3105 for IP 10.30.4.91: no connection to modbus server
[2025-03-01T08:27:07.182Z] ❌ Error reading register 1000 for IP 10.30.4.91: no connection to modbus server
[2025-03-01T08:27:07.183Z] Error reading actual data: no connection to modbus server
[2025-03-01T08:27:07.313Z] Error writing to Modbus register: no connection to modbus server
[2025-03-01T08:27:07.314Z] Error reading register 3105 for IP 10.30.4.91: no connection to modbus server
[2025-03-01T08:27:07.314Z] ❌ Error reading register 1000 for IP 10.30.4.91: no connection to modbus server
[2025-03-01T08:27:07.314Z] Error reading actual data: no connection to modbus server
[2025-03-01T08:27:07.314Z] Error writing to Modbus register: no connection to modbus server
[2025-03-01T08:27:07.315Z] Error reading register 3105 for IP 10.30.4.91: no connection to modbus server
[2025-03-01T08:27:07.315Z] ❌ Error reading register 1000 for IP 10.30.4.91: no connection to modbus server
[2025-03-01T08:27:07.315Z] Error reading actual data: no connection to modbus server
[2025-03-01T08:27:07.315Z] Error writing to Modbus register: no connection to modbus server
[2025-03-01T08:27:07.316Z] Error reading register 3105 for IP 10.30.4.91: no connection to modbus server
[2025-03-01T08:27:07.316Z] Error reading actual data: no connection to modbus server
[2025-03-01T08:27:07.316Z] ❌ Error reading register 1000 for IP 10.30.4.91: no connection to modbus server
[2025-03-01T08:27:07.317Z] Error writing to Modbus register: no connection to modbus server
[2025-03-01T08:27:08.023Z] Error reading register 3105 for IP 10.30.4.91: no connection to modbus server
[2025-03-01T08:27:08.024Z] ❌ Error reading register 1000 for IP 10.30.4.91: no connection to modbus server
[2025-03-01T08:27:08.024Z] Error reading actual data: no connection to modbus server
[2025-03-01T08:27:08.180Z] Error writing to Modbus register: no connection to modbus server
[2025-03-01T08:27:08.180Z] Error reading register 3105 for IP 10.30.4.91: no connection to modbus server
[2025-03-01T08:27:08.180Z] ❌ Error reading register 1000 for IP 10.30.4.91: no connection to modbus server
[2025-03-01T08:27:08.181Z] Error reading actual data: no connection to modbus server
[2025-03-01T08:27:08.181Z] Error writing to Modbus register: no connection to modbus server
[2025-03-01T08:27:08.196Z] Error reading register 3105 for IP 10.30.4.91: no connection to modbus server
[2025-03-01T08:27:08.196Z] ❌ Error reading register 1000 for IP 10.30.4.91: no connection to modbus server
[2025-03-01T08:27:08.196Z] Error reading actual data: no connection to modbus server
[2025-03-01T08:27:08.330Z] Error writing to Modbus register: no connection to modbus server
[2025-03-01T08:27:08.331Z] Error reading register 3105 for IP 10.30.4.91: no connection to modbus server
[2025-03-01T08:27:08.331Z] ❌ Error reading register 1000 for IP 10.30.4.91: no connection to modbus server
[2025-03-01T08:27:08.331Z] Error reading actual data: no connection to modbus server
[2025-03-01T08:27:08.332Z] Error writing to Modbus register: no connection to modbus server
[2025-03-01T08:27:08.333Z] Error reading register 3105 for IP 10.30.4.91: no connection to modbus server
[2025-03-01T08:27:08.333Z] ❌ Error reading register 1000 for IP 10.30.4.91: no connection to modbus server
[2025-03-01T08:27:08.333Z] Error reading actual data: no connection to modbus server
[2025-03-01T08:27:08.333Z] Error writing to Modbus register: no connection to modbus server
[2025-03-01T08:27:08.334Z] Error reading register 3105 for IP 10.30.4.91: no connection to modbus server
[2025-03-01T08:27:08.334Z] ❌ Error reading register 1000 for IP 10.30.4.91: no connection to modbus server
[2025-03-01T08:27:08.334Z] Error reading actual data: no connection to modbus server
[2025-03-01T08:27:08.335Z] Error writing to Modbus register: no connection to modbus server
[2025-03-01T08:27:09.036Z] Error reading register 3105 for IP 10.30.4.91: no connection to modbus server
[2025-03-01T08:27:09.037Z] ❌ Error reading register 1000 for IP 10.30.4.91: no connection to modbus server
[2025-03-01T08:27:09.037Z] Error reading actual data: no connection to modbus server
[2025-03-01T08:27:09.181Z] Error writing to Modbus register: no connection to modbus server
[2025-03-01T08:27:09.182Z] Error reading register 3105 for IP 10.30.4.91: no connection to modbus server
[2025-03-01T08:27:09.182Z] ❌ Error reading register 1000 for IP 10.30.4.91: no connection to modbus server
[2025-03-01T08:27:09.183Z] Error reading actual data: no connection to modbus server
[2025-03-01T08:27:09.183Z] Error writing to Modbus register: no connection to modbus server
[2025-03-01T08:27:09.196Z] Error reading register 3105 for IP 10.30.4.91: no connection to modbus server
[2025-03-01T08:27:09.196Z] ❌ Error reading register 1000 for IP 10.30.4.91: no connection to modbus server
[2025-03-01T08:27:09.196Z] Error reading actual data: no connection to modbus server
[2025-03-01T08:27:09.348Z] Error writing to Modbus register: no connection to modbus server
[2025-03-01T08:27:09.349Z] Error reading register 3105 for IP 10.30.4.91: no connection to modbus server
[2025-03-01T08:27:09.350Z] ❌ Error reading register 1000 for IP 10.30.4.91: no connection to modbus server
[2025-03-01T08:27:09.350Z] Error reading actual data: no connection to modbus server
[2025-03-01T08:27:09.351Z] Error writing to Modbus register: no connection to modbus server
[2025-03-01T08:27:09.352Z] Error reading register 3105 for IP 10.30.4.91: no connection to modbus server
[2025-03-01T08:27:09.352Z] ❌ Error reading register 1000 for IP 10.30.4.91: no connection to modbus server
[2025-03-01T08:27:09.352Z] Error reading actual data: no connection to modbus server
[2025-03-01T08:27:09.353Z] Error writing to Modbus register: no connection to modbus server
[2025-03-01T08:27:09.354Z] Error reading register 3105 for IP 10.30.4.91: no connection to modbus server
[2025-03-01T08:27:09.354Z] ❌ Error reading register 1000 for IP 10.30.4.91: no connection to modbus server
[2025-03-01T08:27:09.354Z] Error reading actual data: no connection to modbus server
[2025-03-01T08:27:09.355Z] Error writing to Modbus register: no connection to modbus server
[2025-03-01T08:27:10.054Z] Error reading register 3105 for IP 10.30.4.91: no connection to modbus server
[2025-03-01T08:27:10.054Z] ❌ Error reading register 1000 for IP 10.30.4.91: no connection to modbus server
[2025-03-01T08:27:10.054Z] Error reading actual data: no connection to modbus server
[2025-03-01T08:27:10.196Z] Error writing to Modbus register: no connection to modbus server
[2025-03-01T08:27:10.198Z] Error reading register 3105 for IP 10.30.4.91: no connection to modbus server
[2025-03-01T08:27:10.198Z] ❌ Error reading register 1000 for IP 10.30.4.91: no connection to modbus server
[2025-03-01T08:27:10.199Z] Error reading actual data: no connection to modbus server
[2025-03-01T08:27:10.200Z] Error writing to Modbus register: no connection to modbus server
[2025-03-01T08:27:10.201Z] Error reading register 3105 for IP 10.30.4.91: no connection to modbus server
[2025-03-01T08:27:10.202Z] ❌ Error reading register 1000 for IP 10.30.4.91: no connection to modbus server
[2025-03-01T08:27:10.202Z] Error reading actual data: no connection to modbus server
[2025-03-01T08:27:10.363Z] Error writing to Modbus register: no connection to modbus server
[2025-03-01T08:27:10.365Z] Error reading register 3105 for IP 10.30.4.91: no connection to modbus server
[2025-03-01T08:27:10.366Z] Error reading actual data: no connection to modbus server
[2025-03-01T08:27:10.365Z] ❌ Error reading register 1000 for IP 10.30.4.91: no connection to modbus server
[2025-03-01T08:27:10.367Z] Error writing to Modbus register: no connection to modbus server
[2025-03-01T08:27:10.368Z] Error reading register 3105 for IP 10.30.4.91: no connection to modbus server
[2025-03-01T08:27:10.368Z] ❌ Error reading register 1000 for IP 10.30.4.91: no connection to modbus server
[2025-03-01T08:27:10.368Z] Error reading actual data: no connection to modbus server
[2025-03-01T08:27:10.369Z] Error writing to Modbus register: no connection to modbus server
[2025-03-01T08:27:10.369Z] Error reading register 3105 for IP 10.30.4.91: no connection to modbus server
[2025-03-01T08:27:10.369Z] ❌ Error reading register 1000 for IP 10.30.4.91: no connection to modbus server
[2025-03-01T08:27:10.369Z] Error reading actual data: no connection to modbus server
[2025-03-01T08:27:10.369Z] Error writing to Modbus register: no connection to modbus server
[2025-03-01T08:27:11.070Z] Error reading register 3105 for IP 10.30.4.91: no connection to modbus server
[2025-03-01T08:27:11.071Z] ❌ Error reading register 1000 for IP 10.30.4.91: no connection to modbus server
[2025-03-01T08:27:11.071Z] Error reading actual data: no connection to modbus server
[2025-03-01T08:27:11.197Z] Error writing to Modbus register: no connection to modbus server
[2025-03-01T08:27:11.197Z] Error reading register 3105 for IP 10.30.4.91: no connection to modbus server
[2025-03-01T08:27:11.197Z] ❌ Error reading register 1000 for IP 10.30.4.91: no connection to modbus server
[2025-03-01T08:27:11.199Z] Error reading actual data: no connection to modbus server
[2025-03-01T08:27:11.199Z] Error writing to Modbus register: no connection to modbus server
[2025-03-01T08:27:11.200Z] Error reading register 3105 for IP 10.30.4.91: no connection to modbus server
[2025-03-01T08:27:11.200Z] ❌ Error reading register 1000 for IP 10.30.4.91: no connection to modbus server
[2025-03-01T08:27:11.200Z] Error reading actual data: no connection to modbus server
[2025-03-01T08:27:11.381Z] Error writing to Modbus register: no connection to modbus server
[2025-03-01T08:27:11.381Z] Error reading register 3105 for IP 10.30.4.91: no connection to modbus server
[2025-03-01T08:27:11.381Z] ❌ Error reading register 1000 for IP 10.30.4.91: no connection to modbus server
[2025-03-01T08:27:11.382Z] Error reading actual data: no connection to modbus server
[2025-03-01T08:27:11.382Z] Error writing to Modbus register: no connection to modbus server
[2025-03-01T08:27:11.382Z] Error reading register 3105 for IP 10.30.4.91: no connection to modbus server
[2025-03-01T08:27:11.382Z] ❌ Error reading register 1000 for IP 10.30.4.91: no connection to modbus server
[2025-03-01T08:27:11.383Z] Error writing to Modbus register: no connection to modbus server
[2025-03-01T08:27:11.383Z] Error reading actual data: no connection to modbus server
[2025-03-01T08:27:11.383Z] Error reading register 3105 for IP 10.30.4.91: no connection to modbus server
[2025-03-01T08:27:11.383Z] ❌ Error reading register 1000 for IP 10.30.4.91: no connection to modbus server
[2025-03-01T08:27:11.384Z] Error reading actual data: no connection to modbus server
[2025-03-01T08:27:11.384Z] Error writing to Modbus register: no connection to modbus server
[2025-03-01T08:27:12.079Z] Error reading register 3105 for IP 10.30.4.91: no connection to modbus server
[2025-03-01T08:27:12.079Z] ❌ Error reading register 1000 for IP 10.30.4.91: no connection to modbus server
[2025-03-01T08:27:12.079Z] Error reading actual data: no connection to modbus server
[2025-03-01T08:27:12.197Z] Error writing to Modbus register: no connection to modbus server
[2025-03-01T08:27:12.198Z] Error reading register 3105 for IP 10.30.4.91: no connection to modbus server
[2025-03-01T08:27:12.198Z] ❌ Error reading register 1000 for IP 10.30.4.91: no connection to modbus server
[2025-03-01T08:27:12.198Z] Error reading actual data: no connection to modbus server
[2025-03-01T08:27:12.199Z] Error writing to Modbus register: no connection to modbus server
[2025-03-01T08:27:12.200Z] Error reading register 3105 for IP 10.30.4.91: no connection to modbus server
[2025-03-01T08:27:12.200Z] ❌ Error reading register 1000 for IP 10.30.4.91: no connection to modbus server
[2025-03-01T08:27:12.200Z] Error reading actual data: no connection to modbus server
[2025-03-01T08:27:12.394Z] Error writing to Modbus register: no connection to modbus server
[2025-03-01T08:27:12.395Z] Error reading register 3105 for IP 10.30.4.91: no connection to modbus server
[2025-03-01T08:27:12.396Z] ❌ Error reading register 1000 for IP 10.30.4.91: no connection to modbus server
[2025-03-01T08:27:12.396Z] Error reading actual data: no connection to modbus server
[2025-03-01T08:27:12.396Z] Error writing to Modbus register: no connection to modbus server
[2025-03-01T08:27:12.397Z] Error reading register 3105 for IP 10.30.4.91: no connection to modbus server
[2025-03-01T08:27:12.397Z] ❌ Error reading register 1000 for IP 10.30.4.91: no connection to modbus server
[2025-03-01T08:27:12.398Z] Error writing to Modbus register: no connection to modbus server
[2025-03-01T08:27:12.398Z] Error reading actual data: no connection to modbus server
[2025-03-01T08:27:12.399Z] Error reading register 3105 for IP 10.30.4.91: no connection to modbus server
[2025-03-01T08:27:12.399Z] ❌ Error reading register 1000 for IP 10.30.4.91: no connection to modbus server
[2025-03-01T08:27:12.399Z] Error reading actual data: no connection to modbus server
[2025-03-01T08:27:12.399Z] Error writing to Modbus register: no connection to modbus server
[2025-03-01T08:27:13.084Z] Error reading register 3105 for IP 10.30.4.91: no connection to modbus server
[2025-03-01T08:27:13.084Z] ❌ Error reading register 1000 for IP 10.30.4.91: no connection to modbus server
[2025-03-01T08:27:13.084Z] Error reading actual data: no connection to modbus server
[2025-03-01T08:27:13.211Z] Error writing to Modbus register: no connection to modbus server
[2025-03-01T08:27:13.212Z] Error reading register 3105 for IP 10.30.4.91: no connection to modbus server
[2025-03-01T08:27:13.212Z] ❌ Error reading register 1000 for IP 10.30.4.91: no connection to modbus server
[2025-03-01T08:27:13.212Z] Error reading actual data: no connection to modbus server
[2025-03-01T08:27:13.212Z] Error writing to Modbus register: no connection to modbus server
[2025-03-01T08:27:13.213Z] Error reading register 3105 for IP 10.30.4.91: no connection to modbus server
[2025-03-01T08:27:13.213Z] ❌ Error reading register 1000 for IP 10.30.4.91: no connection to modbus server
[2025-03-01T08:27:13.213Z] Error reading actual data: no connection to modbus server
[2025-03-01T08:27:13.402Z] Error writing to Modbus register: no connection to modbus server
[2025-03-01T08:27:13.403Z] Error reading register 3105 for IP 10.30.4.91: no connection to modbus server
[2025-03-01T08:27:13.403Z] ❌ Error reading register 1000 for IP 10.30.4.91: no connection to modbus server
[2025-03-01T08:27:13.403Z] Error reading actual data: no connection to modbus server
[2025-03-01T08:27:13.404Z] Error writing to Modbus register: no connection to modbus server
[2025-03-01T08:27:13.405Z] Error reading register 3105 for IP 10.30.4.91: no connection to modbus server
[2025-03-01T08:27:13.405Z] ❌ Error reading register 1000 for IP 10.30.4.91: no connection to modbus server
[2025-03-01T08:27:13.405Z] Error reading actual data: no connection to modbus server
[2025-03-01T08:27:13.405Z] Error writing to Modbus register: no connection to modbus server
[2025-03-01T08:27:13.405Z] Error reading register 3105 for IP 10.30.4.91: no connection to modbus server
[2025-03-01T08:27:13.406Z] ❌ Error reading register 1000 for IP 10.30.4.91: no connection to modbus server
[2025-03-01T08:27:13.406Z] Error reading actual data: no connection to modbus server
[2025-03-01T08:27:13.406Z] Error writing to Modbus register: no connection to modbus server
[2025-03-01T08:27:14.098Z] Error reading register 3105 for IP 10.30.4.91: no connection to modbus server
[2025-03-01T08:27:14.098Z] ❌ Error reading register 1000 for IP 10.30.4.91: no connection to modbus server
[2025-03-01T08:27:14.099Z] Error reading actual data: no connection to modbus server
[2025-03-01T08:27:14.217Z] Error writing to Modbus register: no connection to modbus server
[2025-03-01T08:27:14.218Z] Error reading register 3105 for IP 10.30.4.91: no connection to modbus server
[2025-03-01T08:27:14.218Z] ❌ Error reading register 1000 for IP 10.30.4.91: no connection to modbus server
[2025-03-01T08:27:14.218Z] Error reading actual data: no connection to modbus server
[2025-03-01T08:27:14.218Z] Error writing to Modbus register: no connection to modbus server
[2025-03-01T08:27:14.219Z] Error reading register 3105 for IP 10.30.4.91: no connection to modbus server
[2025-03-01T08:27:14.219Z] ❌ Error reading register 1000 for IP 10.30.4.91: no connection to modbus server
[2025-03-01T08:27:14.219Z] Error reading actual data: no connection to modbus server
[2025-03-01T08:27:14.396Z] Error writing to Modbus register: no connection to modbus server
[2025-03-01T08:27:14.413Z] Error reading register 3105 for IP 10.30.4.91: no connection to modbus server
[2025-03-01T08:27:14.413Z] ❌ Error reading register 1000 for IP 10.30.4.91: no connection to modbus server
[2025-03-01T08:27:14.413Z] Error reading actual data: no connection to modbus server
[2025-03-01T08:27:14.414Z] Error writing to Modbus register: no connection to modbus server
[2025-03-01T08:27:14.414Z] Error reading register 3105 for IP 10.30.4.91: no connection to modbus server
[2025-03-01T08:27:14.415Z] ❌ Error reading register 1000 for IP 10.30.4.91: no connection to modbus server
[2025-03-01T08:27:14.415Z] Error reading actual data: no connection to modbus server
[2025-03-01T08:27:14.415Z] Error writing to Modbus register: no connection to modbus server
[2025-03-01T08:27:14.416Z] Error reading register 3105 for IP 10.30.4.91: no connection to modbus server
[2025-03-01T08:27:14.416Z] ❌ Error reading register 1000 for IP 10.30.4.91: no connection to modbus server
[2025-03-01T08:27:14.416Z] Error reading actual data: no connection to modbus server
[2025-03-01T08:27:14.417Z] Error writing to Modbus register: no connection to modbus server
[2025-03-01T08:27:15.115Z] Error reading register 3105 for IP 10.30.4.91: no connection to modbus server
[2025-03-01T08:27:15.115Z] ❌ Error reading register 1000 for IP 10.30.4.91: no connection to modbus server
[2025-03-01T08:27:15.115Z] Error reading actual data: no connection to modbus server
[2025-03-01T08:27:15.230Z] Error writing to Modbus register: no connection to modbus server
[2025-03-01T08:27:15.231Z] Error reading register 3105 for IP 10.30.4.91: no connection to modbus server
[2025-03-01T08:27:15.231Z] ❌ Error reading register 1000 for IP 10.30.4.91: no connection to modbus server
[2025-03-01T08:27:15.232Z] Error writing to Modbus register: no connection to modbus server
[2025-03-01T08:27:15.233Z] ❌ Error reading register 1000 for IP 10.30.4.91: no connection to modbus server
[2025-03-01T08:27:15.233Z] Error reading actual data: no connection to modbus server
[2025-03-01T08:27:15.233Z] Error reading register 3105 for IP 10.30.4.91: no connection to modbus server
[2025-03-01T08:27:15.232Z] Error reading actual data: no connection to modbus server
[2025-03-01T08:27:15.398Z] Error writing to Modbus register: no connection to modbus server
[2025-03-01T08:27:15.415Z] Error reading register 3105 for IP 10.30.4.91: no connection to modbus server
[2025-03-01T08:27:15.415Z] ❌ Error reading register 1000 for IP 10.30.4.91: no connection to modbus server
[2025-03-01T08:27:15.416Z] Error reading actual data: no connection to modbus server
[2025-03-01T08:27:15.417Z] Error writing to Modbus register: no connection to modbus server
[2025-03-01T08:27:15.419Z] Error reading register 3105 for IP 10.30.4.91: no connection to modbus server
[2025-03-01T08:27:15.419Z] Error reading actual data: no connection to modbus server
[2025-03-01T08:27:15.420Z] Error writing to Modbus register: no connection to modbus server
[2025-03-01T08:27:15.420Z] Error reading register 3105 for IP 10.30.4.91: no connection to modbus server
[2025-03-01T08:27:15.420Z] ❌ Error reading register 1000 for IP 10.30.4.91: no connection to modbus server
[2025-03-01T08:27:15.419Z] ❌ Error reading register 1000 for IP 10.30.4.91: no connection to modbus server
[2025-03-01T08:27:15.420Z] Error reading actual data: no connection to modbus server
[2025-03-01T08:27:15.420Z] Error writing to Modbus register: no connection to modbus server
[2025-03-01T08:27:16.129Z] Error reading register 3105 for IP 10.30.4.91: no connection to modbus server
[2025-03-01T08:27:16.129Z] ❌ Error reading register 1000 for IP 10.30.4.91: no connection to modbus server
[2025-03-01T08:27:16.129Z] Error reading actual data: no connection to modbus server
[2025-03-01T08:27:16.230Z] Error writing to Modbus register: no connection to modbus server
[2025-03-01T08:27:16.231Z] Error reading register 3105 for IP 10.30.4.91: no connection to modbus server
[2025-03-01T08:27:16.231Z] ❌ Error reading register 1000 for IP 10.30.4.91: no connection to modbus server
[2025-03-01T08:27:16.232Z] Error reading actual data: no connection to modbus server
[2025-03-01T08:27:16.232Z] Error writing to Modbus register: no connection to modbus server
[2025-03-01T08:27:16.232Z] Error reading register 3105 for IP 10.30.4.91: no connection to modbus server
[2025-03-01T08:27:16.233Z] ❌ Error reading register 1000 for IP 10.30.4.91: no connection to modbus server
[2025-03-01T08:27:16.233Z] Error reading actual data: no connection to modbus server
[2025-03-01T08:27:16.413Z] Error writing to Modbus register: no connection to modbus server
[2025-03-01T08:27:16.413Z] Error reading register 3105 for IP 10.30.4.91: no connection to modbus server
[2025-03-01T08:27:16.414Z] ❌ Error reading register 1000 for IP 10.30.4.91: no connection to modbus server
[2025-03-01T08:27:16.414Z] Error reading actual data: no connection to modbus server
[2025-03-01T08:27:16.428Z] Error writing to Modbus register: no connection to modbus server
[2025-03-01T08:27:16.429Z] Error reading register 3105 for IP 10.30.4.91: no connection to modbus server
[2025-03-01T08:27:16.429Z] Error reading actual data: no connection to modbus server
[2025-03-01T08:27:16.429Z] ❌ Error reading register 1000 for IP 10.30.4.91: no connection to modbus server
[2025-03-01T08:27:16.430Z] Error writing to Modbus register: no connection to modbus server
[2025-03-01T08:27:16.430Z] Error reading register 3105 for IP 10.30.4.91: no connection to modbus server
[2025-03-01T08:27:16.430Z] ❌ Error reading register 1000 for IP 10.30.4.91: no connection to modbus server
[2025-03-01T08:27:16.431Z] Error reading actual data: no connection to modbus server
[2025-03-01T08:27:16.431Z] Error writing to Modbus register: no connection to modbus server
[2025-03-01T08:27:17.145Z] Error reading register 3105 for IP 10.30.4.91: no connection to modbus server
[2025-03-01T08:27:17.145Z] ❌ Error reading register 1000 for IP 10.30.4.91: no connection to modbus server
[2025-03-01T08:27:17.145Z] Error reading actual data: no connection to modbus server
[2025-03-01T08:27:17.230Z] Error writing to Modbus register: no connection to modbus server
[2025-03-01T08:27:17.231Z] Error reading register 3105 for IP 10.30.4.91: no connection to modbus server
[2025-03-01T08:27:17.231Z] ❌ Error reading register 1000 for IP 10.30.4.91: no connection to modbus server
[2025-03-01T08:27:17.232Z] Error reading actual data: no connection to modbus server
[2025-03-01T08:27:17.232Z] Error writing to Modbus register: no connection to modbus server
[2025-03-01T08:27:17.233Z] Error reading register 3105 for IP 10.30.4.91: no connection to modbus server
[2025-03-01T08:27:17.233Z] ❌ Error reading register 1000 for IP 10.30.4.91: no connection to modbus server
[2025-03-01T08:27:17.233Z] Error reading actual data: no connection to modbus server
[2025-03-01T08:27:17.413Z] Error writing to Modbus register: no connection to modbus server
[2025-03-01T08:27:17.414Z] Error reading register 3105 for IP 10.30.4.91: no connection to modbus server
[2025-03-01T08:27:17.414Z] ❌ Error reading register 1000 for IP 10.30.4.91: no connection to modbus server
[2025-03-01T08:27:17.414Z] Error reading actual data: no connection to modbus server
[2025-03-01T08:27:17.430Z] Error writing to Modbus register: no connection to modbus server
[2025-03-01T08:27:17.430Z] Error reading register 3105 for IP 10.30.4.91: no connection to modbus server
[2025-03-01T08:27:17.431Z] ❌ Error reading register 1000 for IP 10.30.4.91: no connection to modbus server
[2025-03-01T08:27:17.431Z] Error reading actual data: no connection to modbus server
[2025-03-01T08:27:17.431Z] Error writing to Modbus register: no connection to modbus server
[2025-03-01T08:27:17.432Z] Error reading register 3105 for IP 10.30.4.91: no connection to modbus server
[2025-03-01T08:27:17.433Z] ❌ Error reading register 1000 for IP 10.30.4.91: no connection to modbus server
[2025-03-01T08:27:17.433Z] Error reading actual data: no connection to modbus server
[2025-03-01T08:27:17.433Z] Error writing to Modbus register: no connection to modbus server
[2025-03-01T08:27:18.160Z] Error reading register 3105 for IP 10.30.4.91: no connection to modbus server
[2025-03-01T08:27:18.160Z] ❌ Error reading register 1000 for IP 10.30.4.91: no connection to modbus server
[2025-03-01T08:27:18.160Z] Error reading actual data: no connection to modbus server
[2025-03-01T08:27:18.236Z] Error writing to Modbus register: no connection to modbus server
[2025-03-01T08:27:18.237Z] Error reading register 3105 for IP 10.30.4.91: no connection to modbus server
[2025-03-01T08:27:18.237Z] ❌ Error reading register 1000 for IP 10.30.4.91: no connection to modbus server
[2025-03-01T08:27:18.238Z] Error reading actual data: no connection to modbus server
[2025-03-01T08:27:18.238Z] Error writing to Modbus register: no connection to modbus server
[2025-03-01T08:27:18.238Z] Error reading register 3105 for IP 10.30.4.91: no connection to modbus server
[2025-03-01T08:27:18.238Z] ❌ Error reading register 1000 for IP 10.30.4.91: no connection to modbus server
[2025-03-01T08:27:18.238Z] Error reading actual data: no connection to modbus server
[2025-03-01T08:27:18.431Z] Error writing to Modbus register: no connection to modbus server
[2025-03-01T08:27:18.431Z] ❌ Error reading register 1000 for IP 10.30.4.91: no connection to modbus server
[2025-03-01T08:27:18.432Z] Error reading actual data: no connection to modbus server
[2025-03-01T08:27:18.431Z] Error reading register 3105 for IP 10.30.4.91: no connection to modbus server
[2025-03-01T08:27:18.432Z] Error writing to Modbus register: no connection to modbus server
[2025-03-01T08:27:18.432Z] Error reading register 3105 for IP 10.30.4.91: no connection to modbus server
[2025-03-01T08:27:18.432Z] Error reading actual data: no connection to modbus server
[2025-03-01T08:27:18.432Z] ❌ Error reading register 1000 for IP 10.30.4.91: no connection to modbus server
[2025-03-01T08:27:18.434Z] Error reading register 3105 for IP 10.30.4.91: no connection to modbus server
[2025-03-01T08:27:18.433Z] Error writing to Modbus register: no connection to modbus server
[2025-03-01T08:27:18.434Z] Error writing to Modbus register: no connection to modbus server
[2025-03-01T08:27:18.434Z] ❌ Error reading register 1000 for IP 10.30.4.91: no connection to modbus server
[2025-03-01T08:27:18.434Z] Error reading actual data: no connection to modbus server
[2025-03-01T08:27:19.170Z] Error reading register 3105 for IP 10.30.4.91: no connection to modbus server
[2025-03-01T08:27:19.170Z] ❌ Error reading register 1000 for IP 10.30.4.91: no connection to modbus server
[2025-03-01T08:27:19.170Z] Error reading actual data: no connection to modbus server
[2025-03-01T08:27:19.246Z] Error writing to Modbus register: no connection to modbus server
[2025-03-01T08:27:19.248Z] Error reading register 3105 for IP 10.30.4.91: no connection to modbus server
[2025-03-01T08:27:19.248Z] Error reading actual data: no connection to modbus server
[2025-03-01T08:27:19.248Z] ❌ Error reading register 1000 for IP 10.30.4.91: no connection to modbus server
[2025-03-01T08:27:19.249Z] Error writing to Modbus register: no connection to modbus server
[2025-03-01T08:27:19.249Z] Error reading register 3105 for IP 10.30.4.91: no connection to modbus server
[2025-03-01T08:27:19.249Z] ❌ Error reading register 1000 for IP 10.30.4.91: no connection to modbus server
[2025-03-01T08:27:19.249Z] Error reading actual data: no connection to modbus server
[2025-03-01T08:27:19.445Z] Error writing to Modbus register: no connection to modbus server
[2025-03-01T08:27:19.447Z] ❌ Error reading register 1000 for IP 10.30.4.91: no connection to modbus server
[2025-03-01T08:27:19.446Z] Error reading register 3105 for IP 10.30.4.91: no connection to modbus server
[2025-03-01T08:27:19.447Z] Error reading actual data: no connection to modbus server
[2025-03-01T08:27:19.448Z] Error writing to Modbus register: no connection to modbus server
[2025-03-01T08:27:19.449Z] Error reading register 3105 for IP 10.30.4.91: no connection to modbus server
[2025-03-01T08:27:19.449Z] ❌ Error reading register 1000 for IP 10.30.4.91: no connection to modbus server
[2025-03-01T08:27:19.449Z] Error reading actual data: no connection to modbus server
[2025-03-01T08:27:19.450Z] Error writing to Modbus register: no connection to modbus server
[2025-03-01T08:27:19.450Z] Error reading register 3105 for IP 10.30.4.91: no connection to modbus server
[2025-03-01T08:27:19.450Z] ❌ Error reading register 1000 for IP 10.30.4.91: no connection to modbus server
[2025-03-01T08:27:19.450Z] Error reading actual data: no connection to modbus server
[2025-03-01T08:27:19.450Z] Error writing to Modbus register: no connection to modbus server
[2025-03-01T08:27:20.179Z] Error reading register 3105 for IP 10.30.4.91: no connection to modbus server
[2025-03-01T08:27:20.179Z] ❌ Error reading register 1000 for IP 10.30.4.91: no connection to modbus server
[2025-03-01T08:27:20.179Z] Error reading actual data: no connection to modbus server
[2025-03-01T08:27:20.247Z] Error writing to Modbus register: no connection to modbus server
[2025-03-01T08:27:20.248Z] Error reading register 3105 for IP 10.30.4.91: no connection to modbus server
[2025-03-01T08:27:20.248Z] ❌ Error reading register 1000 for IP 10.30.4.91: no connection to modbus server
[2025-03-01T08:27:20.249Z] Error reading actual data: no connection to modbus server
[2025-03-01T08:27:20.249Z] Error writing to Modbus register: no connection to modbus server
[2025-03-01T08:27:20.250Z] Error reading register 3105 for IP 10.30.4.91: no connection to modbus server
[2025-03-01T08:27:20.250Z] ❌ Error reading register 1000 for IP 10.30.4.91: no connection to modbus server
[2025-03-01T08:27:20.250Z] Error reading actual data: no connection to modbus server
[2025-03-01T08:27:20.443Z] Error writing to Modbus register: no connection to modbus server
[2025-03-01T08:27:20.459Z] Error reading register 3105 for IP 10.30.4.91: no connection to modbus server
[2025-03-01T08:27:20.460Z] ❌ Error reading register 1000 for IP 10.30.4.91: no connection to modbus server
[2025-03-01T08:27:20.460Z] Error reading actual data: no connection to modbus server
[2025-03-01T08:27:20.460Z] Error writing to Modbus register: no connection to modbus server
[2025-03-01T08:27:20.461Z] Error reading register 3105 for IP 10.30.4.91: no connection to modbus server
[2025-03-01T08:27:20.461Z] ❌ Error reading register 1000 for IP 10.30.4.91: no connection to modbus server
[2025-03-01T08:27:20.462Z] Error writing to Modbus register: no connection to modbus server
[2025-03-01T08:27:20.463Z] Error reading register 3105 for IP 10.30.4.91: no connection to modbus server
[2025-03-01T08:27:20.463Z] ❌ Error reading register 1000 for IP 10.30.4.91: no connection to modbus server
[2025-03-01T08:27:20.461Z] Error reading actual data: no connection to modbus server
[2025-03-01T08:27:20.463Z] Error reading actual data: no connection to modbus server
[2025-03-01T08:27:20.463Z] Error writing to Modbus register: no connection to modbus server
[2025-03-01T08:27:21.183Z] Error reading register 3105 for IP 10.30.4.91: no connection to modbus server
[2025-03-01T08:27:21.184Z] ❌ Error reading register 1000 for IP 10.30.4.91: no connection to modbus server
[2025-03-01T08:27:21.184Z] Error reading actual data: no connection to modbus server
[2025-03-01T08:27:21.247Z] Error writing to Modbus register: no connection to modbus server
[2025-03-01T08:27:21.247Z] Error reading register 3105 for IP 10.30.4.91: no connection to modbus server
[2025-03-01T08:27:21.247Z] ❌ Error reading register 1000 for IP 10.30.4.91: no connection to modbus server
[2025-03-01T08:27:21.247Z] Error reading actual data: no connection to modbus server
[2025-03-01T08:27:21.255Z] Error writing to Modbus register: no connection to modbus server
[2025-03-01T08:27:21.255Z] Error reading register 3105 for IP 10.30.4.91: no connection to modbus server
[2025-03-01T08:27:21.255Z] ❌ Error reading register 1000 for IP 10.30.4.91: no connection to modbus server
[2025-03-01T08:27:21.255Z] Error reading actual data: no connection to modbus server
[2025-03-01T08:27:21.447Z] Error writing to Modbus register: no connection to modbus server
[2025-03-01T08:27:21.463Z] Error reading register 3105 for IP 10.30.4.91: no connection to modbus server
[2025-03-01T08:27:21.464Z] ❌ Error reading register 1000 for IP 10.30.4.91: no connection to modbus server
[2025-03-01T08:27:21.465Z] Error reading actual data: no connection to modbus server
[2025-03-01T08:27:21.466Z] Error writing to Modbus register: no connection to modbus server
[2025-03-01T08:27:21.467Z] Error reading register 3105 for IP 10.30.4.91: no connection to modbus server
[2025-03-01T08:27:21.467Z] ❌ Error reading register 1000 for IP 10.30.4.91: no connection to modbus server
[2025-03-01T08:27:21.468Z] Error reading actual data: no connection to modbus server
[2025-03-01T08:27:21.468Z] Error writing to Modbus register: no connection to modbus server
[2025-03-01T08:27:21.468Z] Error reading register 3105 for IP 10.30.4.91: no connection to modbus server
[2025-03-01T08:27:21.469Z] ❌ Error reading register 1000 for IP 10.30.4.91: no connection to modbus server
[2025-03-01T08:27:21.469Z] Error reading actual data: no connection to modbus server
[2025-03-01T08:27:21.469Z] Error writing to Modbus register: no connection to modbus server
[2025-03-01T08:27:22.197Z] Error reading register 3105 for IP 10.30.4.91: no connection to modbus server
[2025-03-01T08:27:22.197Z] ❌ Error reading register 1000 for IP 10.30.4.91: no connection to modbus server
[2025-03-01T08:27:22.198Z] Error reading actual data: no connection to modbus server
[2025-03-01T08:27:22.263Z] Error writing to Modbus register: no connection to modbus server
[2025-03-01T08:27:22.264Z] Error reading register 3105 for IP 10.30.4.91: no connection to modbus server
[2025-03-01T08:27:22.264Z] ❌ Error reading register 1000 for IP 10.30.4.91: no connection to modbus server
[2025-03-01T08:27:22.265Z] ❌ Error reading register 1000 for IP 10.30.4.91: no connection to modbus server
[2025-03-01T08:27:22.265Z] Error reading actual data: no connection to modbus server
[2025-03-01T08:27:22.265Z] Error reading register 3105 for IP 10.30.4.91: no connection to modbus server
[2025-03-01T08:27:22.265Z] Error writing to Modbus register: no connection to modbus server
[2025-03-01T08:27:22.264Z] Error reading actual data: no connection to modbus server
[2025-03-01T08:27:22.458Z] Error writing to Modbus register: no connection to modbus server
[2025-03-01T08:27:22.474Z] Error reading register 3105 for IP 10.30.4.91: no connection to modbus server
[2025-03-01T08:27:22.474Z] ❌ Error reading register 1000 for IP 10.30.4.91: no connection to modbus server
[2025-03-01T08:27:22.474Z] Error reading actual data: no connection to modbus server
[2025-03-01T08:27:22.474Z] Error writing to Modbus register: no connection to modbus server
[2025-03-01T08:27:22.474Z] Error reading register 3105 for IP 10.30.4.91: no connection to modbus server
[2025-03-01T08:27:22.475Z] ❌ Error reading register 1000 for IP 10.30.4.91: no connection to modbus server
[2025-03-01T08:27:22.475Z] Error reading actual data: no connection to modbus server
[2025-03-01T08:27:22.475Z] Error writing to Modbus register: no connection to modbus server
[2025-03-01T08:27:22.475Z] Error reading register 3105 for IP 10.30.4.91: no connection to modbus server
[2025-03-01T08:27:22.475Z] ❌ Error reading register 1000 for IP 10.30.4.91: no connection to modbus server
[2025-03-01T08:27:22.475Z] Error reading actual data: no connection to modbus server
[2025-03-01T08:27:22.476Z] Error writing to Modbus register: no connection to modbus server
[2025-03-01T08:27:23.209Z] Error reading register 3105 for IP 10.30.4.91: no connection to modbus server
[2025-03-01T08:27:23.210Z] ❌ Error reading register 1000 for IP 10.30.4.91: no connection to modbus server
[2025-03-01T08:27:23.210Z] Error reading actual data: no connection to modbus server
[2025-03-01T08:27:23.280Z] Error writing to Modbus register: no connection to modbus server
[2025-03-01T08:27:23.280Z] Error reading register 3105 for IP 10.30.4.91: no connection to modbus server
[2025-03-01T08:27:23.280Z] ❌ Error reading register 1000 for IP 10.30.4.91: no connection to modbus server
[2025-03-01T08:27:23.281Z] Error reading actual data: no connection to modbus server
[2025-03-01T08:27:23.281Z] Error writing to Modbus register: no connection to modbus server
[2025-03-01T08:27:23.281Z] Error reading register 3105 for IP 10.30.4.91: no connection to modbus server
[2025-03-01T08:27:23.282Z] ❌ Error reading register 1000 for IP 10.30.4.91: no connection to modbus server
[2025-03-01T08:27:23.282Z] Error reading actual data: no connection to modbus server
[2025-03-01T08:27:23.464Z] Error writing to Modbus register: no connection to modbus server
[2025-03-01T08:27:23.482Z] Error reading register 3105 for IP 10.30.4.91: no connection to modbus server
[2025-03-01T08:27:23.482Z] ❌ Error reading register 1000 for IP 10.30.4.91: no connection to modbus server
[2025-03-01T08:27:23.483Z] Error reading actual data: no connection to modbus server
[2025-03-01T08:27:23.484Z] Error writing to Modbus register: no connection to modbus server
[2025-03-01T08:27:23.486Z] ❌ Error reading register 1000 for IP 10.30.4.91: no connection to modbus server
[2025-03-01T08:27:23.487Z] Error writing to Modbus register: no connection to modbus server
[2025-03-01T08:27:23.488Z] Error reading register 3105 for IP 10.30.4.91: no connection to modbus server
[2025-03-01T08:27:23.486Z] Error reading actual data: no connection to modbus server
[2025-03-01T08:27:23.485Z] Error reading register 3105 for IP 10.30.4.91: no connection to modbus server
[2025-03-01T08:27:23.488Z] ❌ Error reading register 1000 for IP 10.30.4.91: no connection to modbus server
[2025-03-01T08:27:23.489Z] Error reading actual data: no connection to modbus server
[2025-03-01T08:27:23.489Z] Error writing to Modbus register: no connection to modbus server
[2025-03-01T08:27:24.212Z] Error reading register 3105 for IP 10.30.4.91: no connection to modbus server
[2025-03-01T08:27:24.213Z] ❌ Error reading register 1000 for IP 10.30.4.91: no connection to modbus server
[2025-03-01T08:27:24.213Z] Error reading actual data: no connection to modbus server
[2025-03-01T08:27:24.281Z] Error writing to Modbus register: no connection to modbus server
[2025-03-01T08:27:24.283Z] Error reading register 3105 for IP 10.30.4.91: no connection to modbus server
[2025-03-01T08:27:24.285Z] Error reading register 3105 for IP 10.30.4.91: no connection to modbus server
[2025-03-01T08:27:24.286Z] ❌ Error reading register 1000 for IP 10.30.4.91: no connection to modbus server
[2025-03-01T08:27:24.283Z] ❌ Error reading register 1000 for IP 10.30.4.91: no connection to modbus server
[2025-03-01T08:27:24.284Z] Error reading actual data: no connection to modbus server
[2025-03-01T08:27:24.285Z] Error writing to Modbus register: no connection to modbus server
[2025-03-01T08:27:24.286Z] Error reading actual data: no connection to modbus server
[2025-03-01T08:27:24.464Z] Error writing to Modbus register: no connection to modbus server
[2025-03-01T08:27:24.496Z] Error reading register 3105 for IP 10.30.4.91: no connection to modbus server
[2025-03-01T08:27:24.496Z] ❌ Error reading register 1000 for IP 10.30.4.91: no connection to modbus server
[2025-03-01T08:27:24.497Z] Error reading actual data: no connection to modbus server
[2025-03-01T08:27:24.498Z] Error writing to Modbus register: no connection to modbus server
[2025-03-01T08:27:24.500Z] Error reading register 3105 for IP 10.30.4.91: no connection to modbus server
[2025-03-01T08:27:24.500Z] ❌ Error reading register 1000 for IP 10.30.4.91: no connection to modbus server
[2025-03-01T08:27:24.500Z] Error reading actual data: no connection to modbus server
[2025-03-01T08:27:24.500Z] Error writing to Modbus register: no connection to modbus server
[2025-03-01T08:27:24.501Z] ❌ Error reading register 1000 for IP 10.30.4.91: no connection to modbus server
[2025-03-01T08:27:24.501Z] Error reading actual data: no connection to modbus server
[2025-03-01T08:27:24.501Z] Error writing to Modbus register: no connection to modbus server
[2025-03-01T08:27:24.501Z] Error reading register 3105 for IP 10.30.4.91: no connection to modbus server
[2025-03-01T08:27:25.213Z] Error reading register 3105 for IP 10.30.4.91: no connection to modbus server
[2025-03-01T08:27:25.214Z] ❌ Error reading register 1000 for IP 10.30.4.91: no connection to modbus server
[2025-03-01T08:27:25.214Z] Error reading actual data: no connection to modbus server
[2025-03-01T08:27:25.283Z] Error writing to Modbus register: no connection to modbus server
[2025-03-01T08:27:25.284Z] Error reading register 3105 for IP 10.30.4.91: no connection to modbus server
[2025-03-01T08:27:25.284Z] ❌ Error reading register 1000 for IP 10.30.4.91: no connection to modbus server
[2025-03-01T08:27:25.284Z] Error reading actual data: no connection to modbus server
[2025-03-01T08:27:25.285Z] Error writing to Modbus register: no connection to modbus server
[2025-03-01T08:27:25.287Z] Error reading register 3105 for IP 10.30.4.91: no connection to modbus server
[2025-03-01T08:27:25.287Z] ❌ Error reading register 1000 for IP 10.30.4.91: no connection to modbus server
[2025-03-01T08:27:25.287Z] Error reading actual data: no connection to modbus server
[2025-03-01T08:27:25.464Z] Error writing to Modbus register: no connection to modbus server
[2025-03-01T08:27:25.497Z] Error reading register 3105 for IP 10.30.4.91: no connection to modbus server
[2025-03-01T08:27:25.498Z] ❌ Error reading register 1000 for IP 10.30.4.91: no connection to modbus server
[2025-03-01T08:27:25.498Z] Error reading actual data: no connection to modbus server
[2025-03-01T08:27:25.500Z] Error writing to Modbus register: no connection to modbus server
[2025-03-01T08:27:25.501Z] Error reading register 3105 for IP 10.30.4.91: no connection to modbus server
[2025-03-01T08:27:25.501Z] ❌ Error reading register 1000 for IP 10.30.4.91: no connection to modbus server
[2025-03-01T08:27:25.501Z] Error reading actual data: no connection to modbus server
[2025-03-01T08:27:25.504Z] Error reading register 3105 for IP 10.30.4.91: no connection to modbus server
[2025-03-01T08:27:25.503Z] Error writing to Modbus register: no connection to modbus server
[2025-03-01T08:27:25.504Z] ❌ Error reading register 1000 for IP 10.30.4.91: no connection to modbus server
[2025-03-01T08:27:25.505Z] Error writing to Modbus register: no connection to modbus server
[2025-03-01T08:27:25.504Z] Error reading actual data: no connection to modbus server
[2025-03-01T08:27:26.228Z] Error reading register 3105 for IP 10.30.4.91: no connection to modbus server
[2025-03-01T08:27:26.228Z] ❌ Error reading register 1000 for IP 10.30.4.91: no connection to modbus server
[2025-03-01T08:27:26.228Z] Error reading actual data: no connection to modbus server
[2025-03-01T08:27:26.289Z] Error writing to Modbus register: no connection to modbus server
[2025-03-01T08:27:26.290Z] Error reading register 3105 for IP 10.30.4.91: no connection to modbus server
[2025-03-01T08:27:26.290Z] ❌ Error reading register 1000 for IP 10.30.4.91: no connection to modbus server
[2025-03-01T08:27:26.290Z] Error reading actual data: no connection to modbus server
[2025-03-01T08:27:26.290Z] Error writing to Modbus register: no connection to modbus server
[2025-03-01T08:27:26.290Z] Error reading register 3105 for IP 10.30.4.91: no connection to modbus server
[2025-03-01T08:27:26.290Z] ❌ Error reading register 1000 for IP 10.30.4.91: no connection to modbus server
[2025-03-01T08:27:26.290Z] Error reading actual data: no connection to modbus server
[2025-03-01T08:27:26.478Z] Error writing to Modbus register: no connection to modbus server
[2025-03-01T08:27:26.511Z] Error reading register 3105 for IP 10.30.4.91: no connection to modbus server
[2025-03-01T08:27:26.512Z] ❌ Error reading register 1000 for IP 10.30.4.91: no connection to modbus server
[2025-03-01T08:27:26.513Z] Error writing to Modbus register: no connection to modbus server
[2025-03-01T08:27:26.512Z] Error reading actual data: no connection to modbus server
[2025-03-01T08:27:26.514Z] ❌ Error reading register 1000 for IP 10.30.4.91: no connection to modbus server
[2025-03-01T08:27:26.514Z] Error reading register 3105 for IP 10.30.4.91: no connection to modbus server
[2025-03-01T08:27:26.514Z] Error reading actual data: no connection to modbus server
[2025-03-01T08:27:26.514Z] Error writing to Modbus register: no connection to modbus server
[2025-03-01T08:27:26.515Z] ❌ Error reading register 1000 for IP 10.30.4.91: no connection to modbus server
[2025-03-01T08:27:26.515Z] Error reading register 3105 for IP 10.30.4.91: no connection to modbus server
[2025-03-01T08:27:26.515Z] Error reading actual data: no connection to modbus server
[2025-03-01T08:27:26.515Z] Error writing to Modbus register: no connection to modbus server
[2025-03-01T08:27:27.233Z] Error reading register 3105 for IP 10.30.4.91: no connection to modbus server
[2025-03-01T08:27:27.233Z] ❌ Error reading register 1000 for IP 10.30.4.91: no connection to modbus server
[2025-03-01T08:27:27.234Z] Error reading actual data: no connection to modbus server
[2025-03-01T08:27:27.297Z] Error writing to Modbus register: no connection to modbus server
[2025-03-01T08:27:27.298Z] Error reading register 3105 for IP 10.30.4.91: no connection to modbus server
[2025-03-01T08:27:27.299Z] ❌ Error reading register 1000 for IP 10.30.4.91: no connection to modbus server
[2025-03-01T08:27:27.299Z] Error reading actual data: no connection to modbus server
[2025-03-01T08:27:27.300Z] Error writing to Modbus register: no connection to modbus server
[2025-03-01T08:27:27.301Z] Error reading register 3105 for IP 10.30.4.91: no connection to modbus server
[2025-03-01T08:27:27.301Z] ❌ Error reading register 1000 for IP 10.30.4.91: no connection to modbus server
[2025-03-01T08:27:27.301Z] Error reading actual data: no connection to modbus server
[2025-03-01T08:27:27.481Z] Error writing to Modbus register: no connection to modbus server
[2025-03-01T08:27:27.513Z] Error reading register 3105 for IP 10.30.4.91: no connection to modbus server
[2025-03-01T08:27:27.513Z] ❌ Error reading register 1000 for IP 10.30.4.91: no connection to modbus server
[2025-03-01T08:27:27.513Z] Error reading actual data: no connection to modbus server
[2025-03-01T08:27:27.513Z] Error writing to Modbus register: no connection to modbus server
[2025-03-01T08:27:27.514Z] Error reading register 3105 for IP 10.30.4.91: no connection to modbus server
[2025-03-01T08:27:27.515Z] ❌ Error reading register 1000 for IP 10.30.4.91: no connection to modbus server
[2025-03-01T08:27:27.515Z] Error reading actual data: no connection to modbus server
[2025-03-01T08:27:27.515Z] Error writing to Modbus register: no connection to modbus server
[2025-03-01T08:27:27.515Z] Error reading register 3105 for IP 10.30.4.91: no connection to modbus server
[2025-03-01T08:27:27.516Z] ❌ Error reading register 1000 for IP 10.30.4.91: no connection to modbus server
[2025-03-01T08:27:27.516Z] Error reading actual data: no connection to modbus server
[2025-03-01T08:27:27.516Z] Error writing to Modbus register: no connection to modbus server
[2025-03-01T08:27:28.246Z] Error reading register 3105 for IP 10.30.4.91: no connection to modbus server
[2025-03-01T08:27:28.247Z] ❌ Error reading register 1000 for IP 10.30.4.91: no connection to modbus server
[2025-03-01T08:27:28.247Z] Error reading actual data: no connection to modbus server
[2025-03-01T08:27:28.317Z] Error writing to Modbus register: no connection to modbus server
[2025-03-01T08:27:28.318Z] Error reading register 3105 for IP 10.30.4.91: no connection to modbus server
[2025-03-01T08:27:28.318Z] ❌ Error reading register 1000 for IP 10.30.4.91: no connection to modbus server
[2025-03-01T08:27:28.318Z] Error reading actual data: no connection to modbus server
[2025-03-01T08:27:28.318Z] Error writing to Modbus register: no connection to modbus server
[2025-03-01T08:27:28.318Z] Error reading register 3105 for IP 10.30.4.91: no connection to modbus server
[2025-03-01T08:27:28.319Z] ❌ Error reading register 1000 for IP 10.30.4.91: no connection to modbus server
[2025-03-01T08:27:28.319Z] Error reading actual data: no connection to modbus server
[2025-03-01T08:27:28.496Z] Error writing to Modbus register: no connection to modbus server
[2025-03-01T08:27:28.530Z] Error reading register 3105 for IP 10.30.4.91: no connection to modbus server
[2025-03-01T08:27:28.531Z] ❌ Error reading register 1000 for IP 10.30.4.91: no connection to modbus server
[2025-03-01T08:27:28.532Z] Error reading actual data: no connection to modbus server
[2025-03-01T08:27:28.533Z] Error writing to Modbus register: no connection to modbus server
[2025-03-01T08:27:28.534Z] Error reading register 3105 for IP 10.30.4.91: no connection to modbus server
[2025-03-01T08:27:28.535Z] ❌ Error reading register 1000 for IP 10.30.4.91: no connection to modbus server
[2025-03-01T08:27:28.535Z] Error reading actual data: no connection to modbus server
[2025-03-01T08:27:28.535Z] Error writing to Modbus register: no connection to modbus server
[2025-03-01T08:27:28.535Z] Error reading register 3105 for IP 10.30.4.91: no connection to modbus server
[2025-03-01T08:27:28.536Z] ❌ Error reading register 1000 for IP 10.30.4.91: no connection to modbus server
[2025-03-01T08:27:28.536Z] Error reading actual data: no connection to modbus server
[2025-03-01T08:27:28.536Z] Error writing to Modbus register: no connection to modbus server
[2025-03-01T08:27:29.250Z] Error reading register 3105 for IP 10.30.4.91: no connection to modbus server
[2025-03-01T08:27:29.250Z] ❌ Error reading register 1000 for IP 10.30.4.91: no connection to modbus server
[2025-03-01T08:27:29.250Z] Error reading actual data: no connection to modbus server
[2025-03-01T08:27:29.327Z] Error writing to Modbus register: no connection to modbus server
[2025-03-01T08:27:29.327Z] Error reading register 3105 for IP 10.30.4.91: no connection to modbus server
[2025-03-01T08:27:29.328Z] ❌ Error reading register 1000 for IP 10.30.4.91: no connection to modbus server
[2025-03-01T08:27:29.328Z] Error reading actual data: no connection to modbus server
[2025-03-01T08:27:29.328Z] Error writing to Modbus register: no connection to modbus server
[2025-03-01T08:27:29.329Z] Error reading register 3105 for IP 10.30.4.91: no connection to modbus server
[2025-03-01T08:27:29.329Z] ❌ Error reading register 1000 for IP 10.30.4.91: no connection to modbus server
[2025-03-01T08:27:29.329Z] Error reading actual data: no connection to modbus server
[2025-03-01T08:27:29.498Z] Error writing to Modbus register: no connection to modbus server
[2025-03-01T08:27:29.534Z] Error reading register 3105 for IP 10.30.4.91: no connection to modbus server
[2025-03-01T08:27:29.534Z] ❌ Error reading register 1000 for IP 10.30.4.91: no connection to modbus server
[2025-03-01T08:27:29.534Z] Error reading actual data: no connection to modbus server
[2025-03-01T08:27:29.534Z] Error writing to Modbus register: no connection to modbus server
[2025-03-01T08:27:29.534Z] Error reading register 3105 for IP 10.30.4.91: no connection to modbus server
[2025-03-01T08:27:29.534Z] ❌ Error reading register 1000 for IP 10.30.4.91: no connection to modbus server
[2025-03-01T08:27:29.535Z] Error reading actual data: no connection to modbus server
[2025-03-01T08:27:29.535Z] Error writing to Modbus register: no connection to modbus server
[2025-03-01T08:27:29.535Z] Error reading register 3105 for IP 10.30.4.91: no connection to modbus server
[2025-03-01T08:27:29.535Z] ❌ Error reading register 1000 for IP 10.30.4.91: no connection to modbus server
[2025-03-01T08:27:29.535Z] Error reading actual data: no connection to modbus server
[2025-03-01T08:27:29.536Z] Error writing to Modbus register: no connection to modbus server
[2025-03-01T08:27:30.250Z] Error reading register 3105 for IP 10.30.4.91: no connection to modbus server
[2025-03-01T08:27:30.250Z] ❌ Error reading register 1000 for IP 10.30.4.91: no connection to modbus server
[2025-03-01T08:27:30.250Z] Error reading actual data: no connection to modbus server
[2025-03-01T08:27:30.331Z] Error writing to Modbus register: no connection to modbus server
[2025-03-01T08:27:30.331Z] Error reading register 3105 for IP 10.30.4.91: no connection to modbus server
[2025-03-01T08:27:30.332Z] ❌ Error reading register 1000 for IP 10.30.4.91: no connection to modbus server
[2025-03-01T08:27:30.332Z] Error writing to Modbus register: no connection to modbus server
[2025-03-01T08:27:30.332Z] ❌ Error reading register 1000 for IP 10.30.4.91: no connection to modbus server
[2025-03-01T08:27:30.332Z] Error reading register 3105 for IP 10.30.4.91: no connection to modbus server
[2025-03-01T08:27:30.332Z] Error reading actual data: no connection to modbus server
[2025-03-01T08:27:30.333Z] Error reading actual data: no connection to modbus server
[2025-03-01T08:27:30.513Z] Error writing to Modbus register: no connection to modbus server
[2025-03-01T08:27:30.545Z] Error reading register 3105 for IP 10.30.4.91: no connection to modbus server
[2025-03-01T08:27:30.545Z] ❌ Error reading register 1000 for IP 10.30.4.91: no connection to modbus server
[2025-03-01T08:27:30.548Z] Error reading register 3105 for IP 10.30.4.91: no connection to modbus server
[2025-03-01T08:27:30.548Z] ❌ Error reading register 1000 for IP 10.30.4.91: no connection to modbus server
[2025-03-01T08:27:30.548Z] Error reading actual data: no connection to modbus server
[2025-03-01T08:27:30.547Z] Error writing to Modbus register: no connection to modbus server
[2025-03-01T08:27:30.548Z] Error writing to Modbus register: no connection to modbus server
[2025-03-01T08:27:30.549Z] Error reading register 3105 for IP 10.30.4.91: no connection to modbus server
[2025-03-01T08:27:30.546Z] Error reading actual data: no connection to modbus server
[2025-03-01T08:27:30.549Z] ❌ Error reading register 1000 for IP 10.30.4.91: no connection to modbus server
[2025-03-01T08:27:30.549Z] Error reading actual data: no connection to modbus server
[2025-03-01T08:27:30.549Z] Error writing to Modbus register: no connection to modbus server
[2025-03-01T08:27:31.251Z] Error reading register 3105 for IP 10.30.4.91: no connection to modbus server
[2025-03-01T08:27:31.251Z] ❌ Error reading register 1000 for IP 10.30.4.91: no connection to modbus server
[2025-03-01T08:27:31.251Z] Error reading actual data: no connection to modbus server
[2025-03-01T08:27:31.348Z] Error writing to Modbus register: no connection to modbus server
[2025-03-01T08:27:31.349Z] Error reading register 3105 for IP 10.30.4.91: no connection to modbus server
[2025-03-01T08:27:31.349Z] ❌ Error reading register 1000 for IP 10.30.4.91: no connection to modbus server
[2025-03-01T08:27:31.349Z] Error reading actual data: no connection to modbus server
[2025-03-01T08:27:31.350Z] Error writing to Modbus register: no connection to modbus server
[2025-03-01T08:27:31.352Z] Error reading register 3105 for IP 10.30.4.91: no connection to modbus server
[2025-03-01T08:27:31.352Z] ❌ Error reading register 1000 for IP 10.30.4.91: no connection to modbus server
[2025-03-01T08:27:31.352Z] Error reading actual data: no connection to modbus server
[2025-03-01T08:27:31.512Z] Error writing to Modbus register: no connection to modbus server
[2025-03-01T08:27:31.544Z] ❌ Error reading register 1000 for IP 10.30.4.91: no connection to modbus server
[2025-03-01T08:27:31.544Z] Error reading actual data: no connection to modbus server
[2025-03-01T08:27:31.544Z] Error reading register 3105 for IP 10.30.4.91: no connection to modbus server
[2025-03-01T08:27:31.559Z] Error writing to Modbus register: no connection to modbus server
[2025-03-01T08:27:31.559Z] Error reading register 3105 for IP 10.30.4.91: no connection to modbus server
[2025-03-01T08:27:31.559Z] ❌ Error reading register 1000 for IP 10.30.4.91: no connection to modbus server
[2025-03-01T08:27:31.560Z] Error writing to Modbus register: no connection to modbus server
[2025-03-01T08:27:31.559Z] Error reading actual data: no connection to modbus server
[2025-03-01T08:27:31.560Z] Error reading register 3105 for IP 10.30.4.91: no connection to modbus server
[2025-03-01T08:27:31.560Z] ❌ Error reading register 1000 for IP 10.30.4.91: no connection to modbus server
[2025-03-01T08:27:31.560Z] Error reading actual data: no connection to modbus server
[2025-03-01T08:27:31.561Z] Error writing to Modbus register: no connection to modbus server
[2025-03-01T08:27:32.252Z] Error reading register 3105 for IP 10.30.4.91: no connection to modbus server
[2025-03-01T08:27:32.252Z] ❌ Error reading register 1000 for IP 10.30.4.91: no connection to modbus server
[2025-03-01T08:27:32.252Z] Error reading actual data: no connection to modbus server
[2025-03-01T08:27:32.350Z] Error reading register 3105 for IP 10.30.4.91: no connection to modbus server
[2025-03-01T08:27:32.350Z] ❌ Error reading register 1000 for IP 10.30.4.91: no connection to modbus server
[2025-03-01T08:27:32.349Z] Error writing to Modbus register: no connection to modbus server
[2025-03-01T08:27:32.350Z] Error reading actual data: no connection to modbus server
[2025-03-01T08:27:32.350Z] Error writing to Modbus register: no connection to modbus server
[2025-03-01T08:27:32.351Z] ❌ Error reading register 1000 for IP 10.30.4.91: no connection to modbus server
[2025-03-01T08:27:32.351Z] Error reading actual data: no connection to modbus server
[2025-03-01T08:27:32.351Z] Error reading register 3105 for IP 10.30.4.91: no connection to modbus server
[2025-03-01T08:27:32.512Z] Error writing to Modbus register: no connection to modbus server
[2025-03-01T08:27:32.559Z] Error reading register 3105 for IP 10.30.4.91: no connection to modbus server
[2025-03-01T08:27:32.560Z] ❌ Error reading register 1000 for IP 10.30.4.91: no connection to modbus server
[2025-03-01T08:27:32.560Z] Error reading actual data: no connection to modbus server
[2025-03-01T08:27:32.561Z] Error writing to Modbus register: no connection to modbus server
[2025-03-01T08:27:32.562Z] Error reading register 3105 for IP 10.30.4.91: no connection to modbus server
[2025-03-01T08:27:32.563Z] Error reading actual data: no connection to modbus server
[2025-03-01T08:27:32.562Z] ❌ Error reading register 1000 for IP 10.30.4.91: no connection to modbus server
[2025-03-01T08:27:32.563Z] Error writing to Modbus register: no connection to modbus server
[2025-03-01T08:27:32.564Z] Error reading register 3105 for IP 10.30.4.91: no connection to modbus server
[2025-03-01T08:27:32.564Z] ❌ Error reading register 1000 for IP 10.30.4.91: no connection to modbus server
[2025-03-01T08:27:32.564Z] Error reading actual data: no connection to modbus server
[2025-03-01T08:27:32.565Z] Error writing to Modbus register: no connection to modbus server
[2025-03-01T08:27:33.253Z] Error reading register 3105 for IP 10.30.4.91: no connection to modbus server
[2025-03-01T08:27:33.253Z] ❌ Error reading register 1000 for IP 10.30.4.91: no connection to modbus server
[2025-03-01T08:27:33.253Z] Error reading actual data: no connection to modbus server
[2025-03-01T08:27:33.362Z] Error writing to Modbus register: no connection to modbus server
[2025-03-01T08:27:33.363Z] Error reading register 3105 for IP 10.30.4.91: no connection to modbus server
[2025-03-01T08:27:33.363Z] ❌ Error reading register 1000 for IP 10.30.4.91: no connection to modbus server
[2025-03-01T08:27:33.363Z] Error reading actual data: no connection to modbus server
[2025-03-01T08:27:33.364Z] Error reading register 3105 for IP 10.30.4.91: no connection to modbus server
[2025-03-01T08:27:33.364Z] Error writing to Modbus register: no connection to modbus server
[2025-03-01T08:27:33.364Z] ❌ Error reading register 1000 for IP 10.30.4.91: no connection to modbus server
[2025-03-01T08:27:33.364Z] Error reading actual data: no connection to modbus server
[2025-03-01T08:27:33.514Z] Error writing to Modbus register: no connection to modbus server
[2025-03-01T08:27:33.560Z] ❌ Error reading register 1000 for IP 10.30.4.91: no connection to modbus server
[2025-03-01T08:27:33.560Z] Error reading register 3105 for IP 10.30.4.91: no connection to modbus server
[2025-03-01T08:27:33.561Z] Error reading actual data: no connection to modbus server
[2025-03-01T08:27:33.561Z] Error writing to Modbus register: no connection to modbus server
[2025-03-01T08:27:33.561Z] Error reading register 3105 for IP 10.30.4.91: no connection to modbus server
[2025-03-01T08:27:33.562Z] Error reading actual data: no connection to modbus server
[2025-03-01T08:27:33.561Z] ❌ Error reading register 1000 for IP 10.30.4.91: no connection to modbus server
[2025-03-01T08:27:33.576Z] Error writing to Modbus register: no connection to modbus server
[2025-03-01T08:27:33.576Z] Error reading register 3105 for IP 10.30.4.91: no connection to modbus server
[2025-03-01T08:27:33.577Z] ❌ Error reading register 1000 for IP 10.30.4.91: no connection to modbus server
[2025-03-01T08:27:33.577Z] Error reading actual data: no connection to modbus server
[2025-03-01T08:27:33.577Z] Error writing to Modbus register: no connection to modbus server
[2025-03-01T08:27:34.254Z] Error reading register 3105 for IP 10.30.4.91: no connection to modbus server
[2025-03-01T08:27:34.255Z] ❌ Error reading register 1000 for IP 10.30.4.91: no connection to modbus server
[2025-03-01T08:27:34.255Z] Error reading actual data: no connection to modbus server
[2025-03-01T08:27:34.363Z] Error writing to Modbus register: no connection to modbus server
[2025-03-01T08:27:34.364Z] Error reading register 3105 for IP 10.30.4.91: no connection to modbus server
[2025-03-01T08:27:34.364Z] ❌ Error reading register 1000 for IP 10.30.4.91: no connection to modbus server
[2025-03-01T08:27:34.364Z] Error reading actual data: no connection to modbus server
[2025-03-01T08:27:34.364Z] Error writing to Modbus register: no connection to modbus server
[2025-03-01T08:27:34.365Z] Error reading register 3105 for IP 10.30.4.91: no connection to modbus server
[2025-03-01T08:27:34.365Z] ❌ Error reading register 1000 for IP 10.30.4.91: no connection to modbus server
[2025-03-01T08:27:34.366Z] Error reading actual data: no connection to modbus server
[2025-03-01T08:27:34.528Z] Error writing to Modbus register: no connection to modbus server
[2025-03-01T08:27:34.576Z] Error reading register 3105 for IP 10.30.4.91: no connection to modbus server
[2025-03-01T08:27:34.576Z] ❌ Error reading register 1000 for IP 10.30.4.91: no connection to modbus server
[2025-03-01T08:27:34.577Z] Error reading register 3105 for IP 10.30.4.91: no connection to modbus server
[2025-03-01T08:27:34.578Z] ❌ Error reading register 1000 for IP 10.30.4.91: no connection to modbus server
[2025-03-01T08:27:34.578Z] Error reading actual data: no connection to modbus server
[2025-03-01T08:27:34.577Z] Error writing to Modbus register: no connection to modbus server
[2025-03-01T08:27:34.576Z] Error reading actual data: no connection to modbus server
[2025-03-01T08:27:34.578Z] Error writing to Modbus register: no connection to modbus server
[2025-03-01T08:27:34.579Z] Error reading register 3105 for IP 10.30.4.91: no connection to modbus server
[2025-03-01T08:27:34.580Z] ❌ Error reading register 1000 for IP 10.30.4.91: no connection to modbus server
[2025-03-01T08:27:34.580Z] Error reading actual data: no connection to modbus server
[2025-03-01T08:27:34.580Z] Error writing to Modbus register: no connection to modbus server
[2025-03-01T08:27:35.271Z] Error reading register 3105 for IP 10.30.4.91: no connection to modbus server
[2025-03-01T08:27:35.271Z] ❌ Error reading register 1000 for IP 10.30.4.91: no connection to modbus server
[2025-03-01T08:27:35.272Z] Error reading actual data: no connection to modbus server
[2025-03-01T08:27:35.368Z] Error writing to Modbus register: no connection to modbus server
[2025-03-01T08:27:35.368Z] Error reading register 3105 for IP 10.30.4.91: no connection to modbus server
[2025-03-01T08:27:35.369Z] ❌ Error reading register 1000 for IP 10.30.4.91: no connection to modbus server
[2025-03-01T08:27:35.369Z] Error reading actual data: no connection to modbus server
[2025-03-01T08:27:35.369Z] Error writing to Modbus register: no connection to modbus server
[2025-03-01T08:27:35.370Z] Error reading register 3105 for IP 10.30.4.91: no connection to modbus server
[2025-03-01T08:27:35.370Z] ❌ Error reading register 1000 for IP 10.30.4.91: no connection to modbus server
[2025-03-01T08:27:35.370Z] Error reading actual data: no connection to modbus server
[2025-03-01T08:27:35.530Z] Error writing to Modbus register: no connection to modbus server
[2025-03-01T08:27:35.589Z] Error reading register 3105 for IP 10.30.4.91: no connection to modbus server
[2025-03-01T08:27:35.590Z] ❌ Error reading register 1000 for IP 10.30.4.91: no connection to modbus server
[2025-03-01T08:27:35.591Z] Error reading actual data: no connection to modbus server
[2025-03-01T08:27:35.592Z] Error writing to Modbus register: no connection to modbus server
[2025-03-01T08:27:35.593Z] Error reading register 3105 for IP 10.30.4.91: no connection to modbus server
[2025-03-01T08:27:35.594Z] ❌ Error reading register 1000 for IP 10.30.4.91: no connection to modbus server
[2025-03-01T08:27:35.594Z] Error reading actual data: no connection to modbus server
[2025-03-01T08:27:35.595Z] Error writing to Modbus register: no connection to modbus server
[2025-03-01T08:27:35.596Z] Error reading register 3105 for IP 10.30.4.91: no connection to modbus server
[2025-03-01T08:27:35.597Z] ❌ Error reading register 1000 for IP 10.30.4.91: no connection to modbus server
[2025-03-01T08:27:35.597Z] Error reading actual data: no connection to modbus server
[2025-03-01T08:27:35.598Z] Error writing to Modbus register: no connection to modbus server
[2025-03-01T08:27:36.270Z] Error reading register 3105 for IP 10.30.4.91: no connection to modbus server
[2025-03-01T08:27:36.270Z] ❌ Error reading register 1000 for IP 10.30.4.91: no connection to modbus server
[2025-03-01T08:27:36.270Z] Error reading actual data: no connection to modbus server
[2025-03-01T08:27:36.379Z] Error writing to Modbus register: no connection to modbus server
[2025-03-01T08:27:36.380Z] Error reading register 3105 for IP 10.30.4.91: no connection to modbus server
[2025-03-01T08:27:36.380Z] ❌ Error reading register 1000 for IP 10.30.4.91: no connection to modbus server
[2025-03-01T08:27:36.380Z] Error reading actual data: no connection to modbus server
[2025-03-01T08:27:36.380Z] Error writing to Modbus register: no connection to modbus server
[2025-03-01T08:27:36.381Z] Error reading register 3105 for IP 10.30.4.91: no connection to modbus server
[2025-03-01T08:27:36.381Z] ❌ Error reading register 1000 for IP 10.30.4.91: no connection to modbus server
[2025-03-01T08:27:36.381Z] Error reading actual data: no connection to modbus server
[2025-03-01T08:27:36.530Z] Error writing to Modbus register: no connection to modbus server
[2025-03-01T08:27:36.594Z] Error reading register 3105 for IP 10.30.4.91: no connection to modbus server
[2025-03-01T08:27:36.594Z] ❌ Error reading register 1000 for IP 10.30.4.91: no connection to modbus server
[2025-03-01T08:27:36.594Z] Error reading actual data: no connection to modbus server
[2025-03-01T08:27:36.594Z] Error writing to Modbus register: no connection to modbus server
[2025-03-01T08:27:36.595Z] Error reading register 3105 for IP 10.30.4.91: no connection to modbus server
[2025-03-01T08:27:36.595Z] ❌ Error reading register 1000 for IP 10.30.4.91: no connection to modbus server
[2025-03-01T08:27:36.595Z] Error reading actual data: no connection to modbus server
[2025-03-01T08:27:36.596Z] Error writing to Modbus register: no connection to modbus server
[2025-03-01T08:27:36.597Z] ❌ Error reading register 1000 for IP 10.30.4.91: no connection to modbus server
[2025-03-01T08:27:36.597Z] Error reading register 3105 for IP 10.30.4.91: no connection to modbus server
[2025-03-01T08:27:36.597Z] Error reading actual data: no connection to modbus server
[2025-03-01T08:27:36.598Z] Error writing to Modbus register: no connection to modbus server
[2025-03-01T08:27:37.273Z] Error reading register 3105 for IP 10.30.4.91: no connection to modbus server
[2025-03-01T08:27:37.273Z] ❌ Error reading register 1000 for IP 10.30.4.91: no connection to modbus server
[2025-03-01T08:27:37.273Z] Error reading actual data: no connection to modbus server
[2025-03-01T08:27:37.396Z] Error writing to Modbus register: no connection to modbus server
[2025-03-01T08:27:37.397Z] Error reading register 3105 for IP 10.30.4.91: no connection to modbus server
[2025-03-01T08:27:37.397Z] ❌ Error reading register 1000 for IP 10.30.4.91: no connection to modbus server
[2025-03-01T08:27:37.397Z] Error reading actual data: no connection to modbus server
[2025-03-01T08:27:37.397Z] Error writing to Modbus register: no connection to modbus server
[2025-03-01T08:27:37.398Z] Error reading register 3105 for IP 10.30.4.91: no connection to modbus server
[2025-03-01T08:27:37.398Z] ❌ Error reading register 1000 for IP 10.30.4.91: no connection to modbus server
[2025-03-01T08:27:37.398Z] Error reading actual data: no connection to modbus server
[2025-03-01T08:27:37.546Z] Error writing to Modbus register: no connection to modbus server
[2025-03-01T08:27:37.610Z] Error reading register 3105 for IP 10.30.4.91: no connection to modbus server
[2025-03-01T08:27:37.610Z] ❌ Error reading register 1000 for IP 10.30.4.91: no connection to modbus server
[2025-03-01T08:27:37.613Z] ❌ Error reading register 1000 for IP 10.30.4.91: no connection to modbus server
[2025-03-01T08:27:37.613Z] Error reading actual data: no connection to modbus server
[2025-03-01T08:27:37.613Z] Error writing to Modbus register: no connection to modbus server
[2025-03-01T08:27:37.611Z] Error reading actual data: no connection to modbus server
[2025-03-01T08:27:37.613Z] Error reading register 3105 for IP 10.30.4.91: no connection to modbus server
[2025-03-01T08:27:37.613Z] Error reading register 3105 for IP 10.30.4.91: no connection to modbus server
[2025-03-01T08:27:37.612Z] Error writing to Modbus register: no connection to modbus server
[2025-03-01T08:27:37.614Z] ❌ Error reading register 1000 for IP 10.30.4.91: no connection to modbus server
[2025-03-01T08:27:37.614Z] Error reading actual data: no connection to modbus server
[2025-03-01T08:27:37.614Z] Error writing to Modbus register: no connection to modbus server
[2025-03-01T08:27:38.273Z] Error reading register 3105 for IP 10.30.4.91: no connection to modbus server
[2025-03-01T08:27:38.274Z] ❌ Error reading register 1000 for IP 10.30.4.91: no connection to modbus server
[2025-03-01T08:27:38.274Z] Error reading actual data: no connection to modbus server
[2025-03-01T08:27:38.397Z] Error writing to Modbus register: no connection to modbus server
[2025-03-01T08:27:38.399Z] Error reading register 3105 for IP 10.30.4.91: no connection to modbus server
[2025-03-01T08:27:38.399Z] ❌ Error reading register 1000 for IP 10.30.4.91: no connection to modbus server
[2025-03-01T08:27:38.399Z] Error reading actual data: no connection to modbus server
[2025-03-01T08:27:38.400Z] Error writing to Modbus register: no connection to modbus server
[2025-03-01T08:27:38.401Z] Error reading register 3105 for IP 10.30.4.91: no connection to modbus server
[2025-03-01T08:27:38.401Z] ❌ Error reading register 1000 for IP 10.30.4.91: no connection to modbus server
[2025-03-01T08:27:38.402Z] Error reading actual data: no connection to modbus server
[2025-03-01T08:27:38.547Z] Error writing to Modbus register: no connection to modbus server
[2025-03-01T08:27:38.610Z] Error reading register 3105 for IP 10.30.4.91: no connection to modbus server
[2025-03-01T08:27:38.611Z] ❌ Error reading register 1000 for IP 10.30.4.91: no connection to modbus server
[2025-03-01T08:27:38.611Z] Error reading actual data: no connection to modbus server
[2025-03-01T08:27:38.612Z] Error writing to Modbus register: no connection to modbus server
[2025-03-01T08:27:38.614Z] Error reading register 3105 for IP 10.30.4.91: no connection to modbus server
[2025-03-01T08:27:38.614Z] ❌ Error reading register 1000 for IP 10.30.4.91: no connection to modbus server
[2025-03-01T08:27:38.614Z] Error reading actual data: no connection to modbus server
[2025-03-01T08:27:38.615Z] Error reading register 3105 for IP 10.30.4.91: no connection to modbus server
[2025-03-01T08:27:38.616Z] ❌ Error reading register 1000 for IP 10.30.4.91: no connection to modbus server
[2025-03-01T08:27:38.615Z] Error writing to Modbus register: no connection to modbus server
[2025-03-01T08:27:38.616Z] Error reading actual data: no connection to modbus server
[2025-03-01T08:27:38.616Z] Error writing to Modbus register: no connection to modbus server
[2025-03-01T08:27:39.274Z] Error reading register 3105 for IP 10.30.4.91: no connection to modbus server
[2025-03-01T08:27:39.274Z] ❌ Error reading register 1000 for IP 10.30.4.91: no connection to modbus server
[2025-03-01T08:27:39.274Z] Error reading actual data: no connection to modbus server
[2025-03-01T08:27:39.414Z] Error writing to Modbus register: no connection to modbus server
[2025-03-01T08:27:39.415Z] Error reading register 3105 for IP 10.30.4.91: no connection to modbus server
[2025-03-01T08:27:39.416Z] ❌ Error reading register 1000 for IP 10.30.4.91: no connection to modbus server
[2025-03-01T08:27:39.416Z] Error reading actual data: no connection to modbus server
[2025-03-01T08:27:39.418Z] Error reading register 3105 for IP 10.30.4.91: no connection to modbus server
[2025-03-01T08:27:39.418Z] ❌ Error reading register 1000 for IP 10.30.4.91: no connection to modbus server
[2025-03-01T08:27:39.418Z] Error reading actual data: no connection to modbus server
[2025-03-01T08:27:39.417Z] Error writing to Modbus register: no connection to modbus server
[2025-03-01T08:27:39.564Z] Error writing to Modbus register: no connection to modbus server
[2025-03-01T08:27:39.610Z] ❌ Error reading register 1000 for IP 10.30.4.91: no connection to modbus server
[2025-03-01T08:27:39.610Z] Error reading actual data: no connection to modbus server
[2025-03-01T08:27:39.610Z] Error reading register 3105 for IP 10.30.4.91: no connection to modbus server
[2025-03-01T08:27:39.626Z] Error writing to Modbus register: no connection to modbus server
[2025-03-01T08:27:39.628Z] Error reading register 3105 for IP 10.30.4.91: no connection to modbus server
[2025-03-01T08:27:39.628Z] ❌ Error reading register 1000 for IP 10.30.4.91: no connection to modbus server
[2025-03-01T08:27:39.628Z] Error reading actual data: no connection to modbus server
[2025-03-01T08:27:39.629Z] Error writing to Modbus register: no connection to modbus server
[2025-03-01T08:27:39.630Z] Error reading register 3105 for IP 10.30.4.91: no connection to modbus server
[2025-03-01T08:27:39.631Z] ❌ Error reading register 1000 for IP 10.30.4.91: no connection to modbus server
[2025-03-01T08:27:39.631Z] Error reading actual data: no connection to modbus server
[2025-03-01T08:27:39.632Z] Error writing to Modbus register: no connection to modbus server
[2025-03-01T08:27:40.273Z] ❌ Error reading register 1000 for IP 10.30.4.91: no connection to modbus server
[2025-03-01T08:27:40.273Z] Error reading register 3105 for IP 10.30.4.91: no connection to modbus server
[2025-03-01T08:27:40.273Z] Error reading actual data: no connection to modbus server
[2025-03-01T08:27:40.431Z] Error writing to Modbus register: no connection to modbus server
[2025-03-01T08:27:40.433Z] Error reading register 3105 for IP 10.30.4.91: no connection to modbus server
[2025-03-01T08:27:40.433Z] ❌ Error reading register 1000 for IP 10.30.4.91: no connection to modbus server
[2025-03-01T08:27:40.437Z] Error reading register 3105 for IP 10.30.4.91: no connection to modbus server
[2025-03-01T08:27:40.434Z] Error reading actual data: no connection to modbus server
[2025-03-01T08:27:40.437Z] ❌ Error reading register 1000 for IP 10.30.4.91: no connection to modbus server
[2025-03-01T08:27:40.435Z] Error writing to Modbus register: no connection to modbus server
[2025-03-01T08:27:40.437Z] Error reading actual data: no connection to modbus server
[2025-03-01T08:27:40.563Z] Error writing to Modbus register: no connection to modbus server
[2025-03-01T08:27:40.623Z] Error reading register 3105 for IP 10.30.4.91: no connection to modbus server
[2025-03-01T08:27:40.623Z] ❌ Error reading register 1000 for IP 10.30.4.91: no connection to modbus server
[2025-03-01T08:27:40.624Z] Error reading actual data: no connection to modbus server
[2025-03-01T08:27:40.639Z] Error writing to Modbus register: no connection to modbus server
[2025-03-01T08:27:40.641Z] Error reading register 3105 for IP 10.30.4.91: no connection to modbus server
[2025-03-01T08:27:40.641Z] ❌ Error reading register 1000 for IP 10.30.4.91: no connection to modbus server
[2025-03-01T08:27:40.642Z] Error reading actual data: no connection to modbus server
[2025-03-01T08:27:40.642Z] Error reading register 3105 for IP 10.30.4.91: no connection to modbus server
[2025-03-01T08:27:40.642Z] Error writing to Modbus register: no connection to modbus server
[2025-03-01T08:27:40.642Z] ❌ Error reading register 1000 for IP 10.30.4.91: no connection to modbus server
[2025-03-01T08:27:40.643Z] Error reading actual data: no connection to modbus server
[2025-03-01T08:27:40.643Z] Error writing to Modbus register: no connection to modbus server
[2025-03-01T08:27:41.275Z] Error reading register 3105 for IP 10.30.4.91: no connection to modbus server
[2025-03-01T08:27:41.275Z] ❌ Error reading register 1000 for IP 10.30.4.91: no connection to modbus server
[2025-03-01T08:27:41.275Z] Error reading actual data: no connection to modbus server
[2025-03-01T08:27:41.444Z] Error writing to Modbus register: no connection to modbus server
[2025-03-01T08:27:41.445Z] Error reading register 3105 for IP 10.30.4.91: no connection to modbus server
[2025-03-01T08:27:41.446Z] ❌ Error reading register 1000 for IP 10.30.4.91: no connection to modbus server
[2025-03-01T08:27:41.446Z] Error reading actual data: no connection to modbus server
[2025-03-01T08:27:41.446Z] Error writing to Modbus register: no connection to modbus server
[2025-03-01T08:27:41.447Z] Error reading register 3105 for IP 10.30.4.91: no connection to modbus server
[2025-03-01T08:27:41.447Z] ❌ Error reading register 1000 for IP 10.30.4.91: no connection to modbus server
[2025-03-01T08:27:41.447Z] Error reading actual data: no connection to modbus server
[2025-03-01T08:27:41.579Z] Error writing to Modbus register: no connection to modbus server
[2025-03-01T08:27:41.628Z] Error reading register 3105 for IP 10.30.4.91: no connection to modbus server
[2025-03-01T08:27:41.628Z] ❌ Error reading register 1000 for IP 10.30.4.91: no connection to modbus server
[2025-03-01T08:27:41.628Z] Error reading actual data: no connection to modbus server
[2025-03-01T08:27:41.643Z] Error writing to Modbus register: no connection to modbus server
[2025-03-01T08:27:41.644Z] Error reading register 3105 for IP 10.30.4.91: no connection to modbus server
[2025-03-01T08:27:41.644Z] ❌ Error reading register 1000 for IP 10.30.4.91: no connection to modbus server
[2025-03-01T08:27:41.644Z] Error reading actual data: no connection to modbus server
[2025-03-01T08:27:41.644Z] Error writing to Modbus register: no connection to modbus server
[2025-03-01T08:27:41.645Z] Error reading register 3105 for IP 10.30.4.91: no connection to modbus server
[2025-03-01T08:27:41.645Z] ❌ Error reading register 1000 for IP 10.30.4.91: no connection to modbus server
[2025-03-01T08:27:41.645Z] Error reading actual data: no connection to modbus server
[2025-03-01T08:27:41.645Z] Error writing to Modbus register: no connection to modbus server
[2025-03-01T08:27:42.276Z] Error reading register 3105 for IP 10.30.4.91: no connection to modbus server
[2025-03-01T08:27:42.277Z] ❌ Error reading register 1000 for IP 10.30.4.91: no connection to modbus server
[2025-03-01T08:27:42.277Z] Error reading actual data: no connection to modbus server
[2025-03-01T08:27:42.446Z] Error writing to Modbus register: no connection to modbus server
[2025-03-01T08:27:42.447Z] Error reading register 3105 for IP 10.30.4.91: no connection to modbus server
[2025-03-01T08:27:42.447Z] ❌ Error reading register 1000 for IP 10.30.4.91: no connection to modbus server
[2025-03-01T08:27:42.447Z] Error reading actual data: no connection to modbus server
[2025-03-01T08:27:42.448Z] Error writing to Modbus register: no connection to modbus server
[2025-03-01T08:27:42.448Z] Error reading register 3105 for IP 10.30.4.91: no connection to modbus server
[2025-03-01T08:27:42.449Z] ❌ Error reading register 1000 for IP 10.30.4.91: no connection to modbus server
[2025-03-01T08:27:42.449Z] Error reading actual data: no connection to modbus server
[2025-03-01T08:27:42.580Z] Error writing to Modbus register: no connection to modbus server
[2025-03-01T08:27:42.628Z] Error reading register 3105 for IP 10.30.4.91: no connection to modbus server
[2025-03-01T08:27:42.628Z] ❌ Error reading register 1000 for IP 10.30.4.91: no connection to modbus server
[2025-03-01T08:27:42.629Z] Error reading actual data: no connection to modbus server
[2025-03-01T08:27:42.644Z] Error writing to Modbus register: no connection to modbus server
[2025-03-01T08:27:42.644Z] Error reading register 3105 for IP 10.30.4.91: no connection to modbus server
[2025-03-01T08:27:42.644Z] ❌ Error reading register 1000 for IP 10.30.4.91: no connection to modbus server
[2025-03-01T08:27:42.644Z] Error reading actual data: no connection to modbus server
[2025-03-01T08:27:42.645Z] Error writing to Modbus register: no connection to modbus server
[2025-03-01T08:27:42.646Z] Error reading register 3105 for IP 10.30.4.91: no connection to modbus server
[2025-03-01T08:27:42.646Z] ❌ Error reading register 1000 for IP 10.30.4.91: no connection to modbus server
[2025-03-01T08:27:42.646Z] Error reading actual data: no connection to modbus server
[2025-03-01T08:27:42.646Z] Error writing to Modbus register: no connection to modbus server
[2025-03-01T08:27:43.276Z] Error reading register 3105 for IP 10.30.4.91: no connection to modbus server
[2025-03-01T08:27:43.277Z] ❌ Error reading register 1000 for IP 10.30.4.91: no connection to modbus server
[2025-03-01T08:27:43.277Z] Error reading actual data: no connection to modbus server
[2025-03-01T08:27:43.461Z] Error writing to Modbus register: no connection to modbus server
[2025-03-01T08:27:43.463Z] Error reading register 3105 for IP 10.30.4.91: no connection to modbus server
[2025-03-01T08:27:43.464Z] Error reading actual data: no connection to modbus server
[2025-03-01T08:27:43.465Z] Error writing to Modbus register: no connection to modbus server
[2025-03-01T08:27:43.466Z] ❌ Error reading register 1000 for IP 10.30.4.91: no connection to modbus server
[2025-03-01T08:27:43.466Z] Error reading register 3105 for IP 10.30.4.91: no connection to modbus server
[2025-03-01T08:27:43.466Z] Error reading actual data: no connection to modbus server
[2025-03-01T08:27:43.463Z] ❌ Error reading register 1000 for IP 10.30.4.91: no connection to modbus server
[2025-03-01T08:27:43.578Z] Error writing to Modbus register: no connection to modbus server
[2025-03-01T08:27:43.643Z] Error reading register 3105 for IP 10.30.4.91: no connection to modbus server
[2025-03-01T08:27:43.643Z] ❌ Error reading register 1000 for IP 10.30.4.91: no connection to modbus server
[2025-03-01T08:27:43.644Z] Error reading actual data: no connection to modbus server
[2025-03-01T08:27:43.646Z] Error reading register 3105 for IP 10.30.4.91: no connection to modbus server
[2025-03-01T08:27:43.645Z] Error writing to Modbus register: no connection to modbus server
[2025-03-01T08:27:43.646Z] ❌ Error reading register 1000 for IP 10.30.4.91: no connection to modbus server
[2025-03-01T08:27:43.646Z] Error reading actual data: no connection to modbus server
[2025-03-01T08:27:43.647Z] Error writing to Modbus register: no connection to modbus server
[2025-03-01T08:27:43.648Z] Error reading register 3105 for IP 10.30.4.91: no connection to modbus server
[2025-03-01T08:27:43.648Z] ❌ Error reading register 1000 for IP 10.30.4.91: no connection to modbus server
[2025-03-01T08:27:43.648Z] Error reading actual data: no connection to modbus server
[2025-03-01T08:27:43.649Z] Error writing to Modbus register: no connection to modbus server
[2025-03-01T08:27:44.279Z] Error reading register 3105 for IP 10.30.4.91: no connection to modbus server
[2025-03-01T08:27:44.279Z] ❌ Error reading register 1000 for IP 10.30.4.91: no connection to modbus server
[2025-03-01T08:27:44.280Z] Error reading actual data: no connection to modbus server
[2025-03-01T08:27:44.463Z] Error writing to Modbus register: no connection to modbus server
[2025-03-01T08:27:44.464Z] Error reading register 3105 for IP 10.30.4.91: no connection to modbus server
[2025-03-01T08:27:44.465Z] ❌ Error reading register 1000 for IP 10.30.4.91: no connection to modbus server
[2025-03-01T08:27:44.465Z] Error reading actual data: no connection to modbus server
[2025-03-01T08:27:44.466Z] Error writing to Modbus register: no connection to modbus server
[2025-03-01T08:27:44.468Z] Error reading register 3105 for IP 10.30.4.91: no connection to modbus server
[2025-03-01T08:27:44.468Z] ❌ Error reading register 1000 for IP 10.30.4.91: no connection to modbus server
[2025-03-01T08:27:44.468Z] Error reading actual data: no connection to modbus server
[2025-03-01T08:27:44.580Z] Error writing to Modbus register: no connection to modbus server
[2025-03-01T08:27:44.645Z] Error reading register 3105 for IP 10.30.4.91: no connection to modbus server
[2025-03-01T08:27:44.645Z] ❌ Error reading register 1000 for IP 10.30.4.91: no connection to modbus server
[2025-03-01T08:27:44.645Z] Error reading actual data: no connection to modbus server
[2025-03-01T08:27:44.645Z] Error writing to Modbus register: no connection to modbus server
[2025-03-01T08:27:44.646Z] Error reading register 3105 for IP 10.30.4.91: no connection to modbus server
[2025-03-01T08:27:44.647Z] Error reading actual data: no connection to modbus server
[2025-03-01T08:27:44.646Z] ❌ Error reading register 1000 for IP 10.30.4.91: no connection to modbus server
[2025-03-01T08:27:44.647Z] Error writing to Modbus register: no connection to modbus server
[2025-03-01T08:27:44.647Z] Error reading register 3105 for IP 10.30.4.91: no connection to modbus server
[2025-03-01T08:27:44.648Z] ❌ Error reading register 1000 for IP 10.30.4.91: no connection to modbus server
[2025-03-01T08:27:44.648Z] Error reading actual data: no connection to modbus server
[2025-03-01T08:27:44.648Z] Error writing to Modbus register: no connection to modbus server
[2025-03-01T08:27:45.293Z] Error reading register 3105 for IP 10.30.4.91: no connection to modbus server
[2025-03-01T08:27:45.294Z] ❌ Error reading register 1000 for IP 10.30.4.91: no connection to modbus server
[2025-03-01T08:27:45.294Z] Error reading actual data: no connection to modbus server
[2025-03-01T08:27:45.463Z] Error writing to Modbus register: no connection to modbus server
[2025-03-01T08:27:45.465Z] Error reading register 3105 for IP 10.30.4.91: no connection to modbus server
[2025-03-01T08:27:45.465Z] ❌ Error reading register 1000 for IP 10.30.4.91: no connection to modbus server
[2025-03-01T08:27:45.466Z] Error reading actual data: no connection to modbus server
[2025-03-01T08:27:45.467Z] Error writing to Modbus register: no connection to modbus server
[2025-03-01T08:27:45.469Z] Error reading register 3105 for IP 10.30.4.91: no connection to modbus server
[2025-03-01T08:27:45.469Z] ❌ Error reading register 1000 for IP 10.30.4.91: no connection to modbus server
[2025-03-01T08:27:45.469Z] Error reading actual data: no connection to modbus server
[2025-03-01T08:27:45.596Z] Error writing to Modbus register: no connection to modbus server
[2025-03-01T08:27:45.645Z] Error reading register 3105 for IP 10.30.4.91: no connection to modbus server
[2025-03-01T08:27:45.646Z] ❌ Error reading register 1000 for IP 10.30.4.91: no connection to modbus server
[2025-03-01T08:27:45.646Z] Error reading actual data: no connection to modbus server
[2025-03-01T08:27:45.648Z] Error reading register 3105 for IP 10.30.4.91: no connection to modbus server
[2025-03-01T08:27:45.648Z] ❌ Error reading register 1000 for IP 10.30.4.91: no connection to modbus server
[2025-03-01T08:27:45.648Z] Error reading actual data: no connection to modbus server
[2025-03-01T08:27:45.647Z] Error writing to Modbus register: no connection to modbus server
[2025-03-01T08:27:45.649Z] Error writing to Modbus register: no connection to modbus server
[2025-03-01T08:27:45.650Z] Error reading register 3105 for IP 10.30.4.91: no connection to modbus server
[2025-03-01T08:27:45.650Z] ❌ Error reading register 1000 for IP 10.30.4.91: no connection to modbus server
[2025-03-01T08:27:45.650Z] Error reading actual data: no connection to modbus server
[2025-03-01T08:27:45.651Z] Error writing to Modbus register: no connection to modbus server
[2025-03-01T08:27:46.294Z] Error reading register 3105 for IP 10.30.4.91: no connection to modbus server
[2025-03-01T08:27:46.295Z] ❌ Error reading register 1000 for IP 10.30.4.91: no connection to modbus server
[2025-03-01T08:27:46.295Z] Error reading actual data: no connection to modbus server
[2025-03-01T08:27:46.476Z] Error writing to Modbus register: no connection to modbus server
[2025-03-01T08:27:46.477Z] Error reading register 3105 for IP 10.30.4.91: no connection to modbus server
[2025-03-01T08:27:46.477Z] ❌ Error reading register 1000 for IP 10.30.4.91: no connection to modbus server
[2025-03-01T08:27:46.477Z] Error reading actual data: no connection to modbus server
[2025-03-01T08:27:46.478Z] Error writing to Modbus register: no connection to modbus server
[2025-03-01T08:27:46.478Z] Error reading register 3105 for IP 10.30.4.91: no connection to modbus server
[2025-03-01T08:27:46.479Z] ❌ Error reading register 1000 for IP 10.30.4.91: no connection to modbus server
[2025-03-01T08:27:46.479Z] Error reading actual data: no connection to modbus server
[2025-03-01T08:27:46.595Z] Error writing to Modbus register: no connection to modbus server
[2025-03-01T08:27:46.646Z] Error reading register 3105 for IP 10.30.4.91: no connection to modbus server
[2025-03-01T08:27:46.646Z] ❌ Error reading register 1000 for IP 10.30.4.91: no connection to modbus server
[2025-03-01T08:27:46.646Z] Error reading actual data: no connection to modbus server
[2025-03-01T08:27:46.647Z] Error writing to Modbus register: no connection to modbus server
[2025-03-01T08:27:46.648Z] Error reading register 3105 for IP 10.30.4.91: no connection to modbus server
[2025-03-01T08:27:46.648Z] ❌ Error reading register 1000 for IP 10.30.4.91: no connection to modbus server
[2025-03-01T08:27:46.648Z] Error reading actual data: no connection to modbus server
[2025-03-01T08:27:46.648Z] Error writing to Modbus register: no connection to modbus server
[2025-03-01T08:27:46.649Z] Error reading register 3105 for IP 10.30.4.91: no connection to modbus server
[2025-03-01T08:27:46.649Z] Error reading actual data: no connection to modbus server
[2025-03-01T08:27:46.649Z] ❌ Error reading register 1000 for IP 10.30.4.91: no connection to modbus server
[2025-03-01T08:27:46.650Z] Error writing to Modbus register: no connection to modbus server
[2025-03-01T08:27:47.293Z] Error reading register 3105 for IP 10.30.4.91: no connection to modbus server
[2025-03-01T08:27:47.293Z] ❌ Error reading register 1000 for IP 10.30.4.91: no connection to modbus server
[2025-03-01T08:27:47.294Z] Error reading actual data: no connection to modbus server
[2025-03-01T08:27:47.478Z] Error writing to Modbus register: no connection to modbus server
[2025-03-01T08:27:47.478Z] Error reading register 3105 for IP 10.30.4.91: no connection to modbus server
[2025-03-01T08:27:47.478Z] ❌ Error reading register 1000 for IP 10.30.4.91: no connection to modbus server
[2025-03-01T08:27:47.478Z] Error reading actual data: no connection to modbus server
[2025-03-01T08:27:47.479Z] Error writing to Modbus register: no connection to modbus server
[2025-03-01T08:27:47.479Z] Error reading register 3105 for IP 10.30.4.91: no connection to modbus server
[2025-03-01T08:27:47.479Z] ❌ Error reading register 1000 for IP 10.30.4.91: no connection to modbus server
[2025-03-01T08:27:47.479Z] Error reading actual data: no connection to modbus server
[2025-03-01T08:27:47.598Z] Error writing to Modbus register: no connection to modbus server
[2025-03-01T08:27:47.646Z] Error reading register 3105 for IP 10.30.4.91: no connection to modbus server
[2025-03-01T08:27:47.647Z] ❌ Error reading register 1000 for IP 10.30.4.91: no connection to modbus server
[2025-03-01T08:27:47.647Z] Error reading actual data: no connection to modbus server
[2025-03-01T08:27:47.647Z] Error writing to Modbus register: no connection to modbus server
[2025-03-01T08:27:47.648Z] Error reading register 3105 for IP 10.30.4.91: no connection to modbus server
[2025-03-01T08:27:47.649Z] ❌ Error reading register 1000 for IP 10.30.4.91: no connection to modbus server
[2025-03-01T08:27:47.649Z] Error reading actual data: no connection to modbus server
[2025-03-01T08:27:47.649Z] Error writing to Modbus register: no connection to modbus server
[2025-03-01T08:27:47.662Z] Error reading register 3105 for IP 10.30.4.91: no connection to modbus server
[2025-03-01T08:27:47.663Z] ❌ Error reading register 1000 for IP 10.30.4.91: no connection to modbus server
[2025-03-01T08:27:47.663Z] Error reading actual data: no connection to modbus server
[2025-03-01T08:27:47.663Z] Error writing to Modbus register: no connection to modbus server
[2025-03-01T08:27:48.296Z] Error reading register 3105 for IP 10.30.4.91: no connection to modbus server
[2025-03-01T08:27:48.297Z] ❌ Error reading register 1000 for IP 10.30.4.91: no connection to modbus server
[2025-03-01T08:27:48.298Z] Error reading actual data: no connection to modbus server
[2025-03-01T08:27:48.478Z] Error writing to Modbus register: no connection to modbus server
[2025-03-01T08:27:48.480Z] Error reading register 3105 for IP 10.30.4.91: no connection to modbus server
[2025-03-01T08:27:48.480Z] ❌ Error reading register 1000 for IP 10.30.4.91: no connection to modbus server
[2025-03-01T08:27:48.481Z] Error reading actual data: no connection to modbus server
[2025-03-01T08:27:48.482Z] Error reading register 3105 for IP 10.30.4.91: no connection to modbus server
[2025-03-01T08:27:48.482Z] Error writing to Modbus register: no connection to modbus server
[2025-03-01T08:27:48.482Z] ❌ Error reading register 1000 for IP 10.30.4.91: no connection to modbus server
[2025-03-01T08:27:48.483Z] Error reading actual data: no connection to modbus server
[2025-03-01T08:27:48.613Z] Error writing to Modbus register: no connection to modbus server
[2025-03-01T08:27:48.662Z] Error reading register 3105 for IP 10.30.4.91: no connection to modbus server
[2025-03-01T08:27:48.663Z] ❌ Error reading register 1000 for IP 10.30.4.91: no connection to modbus server
[2025-03-01T08:27:48.663Z] Error reading actual data: no connection to modbus server
[2025-03-01T08:27:48.664Z] Error writing to Modbus register: no connection to modbus server
[2025-03-01T08:27:48.666Z] Error reading register 3105 for IP 10.30.4.91: no connection to modbus server
[2025-03-01T08:27:48.666Z] ❌ Error reading register 1000 for IP 10.30.4.91: no connection to modbus server
[2025-03-01T08:27:48.667Z] Error reading actual data: no connection to modbus server
[2025-03-01T08:27:48.668Z] Error writing to Modbus register: no connection to modbus server
[2025-03-01T08:27:48.669Z] Error reading register 3105 for IP 10.30.4.91: no connection to modbus server
[2025-03-01T08:27:48.670Z] Error reading actual data: no connection to modbus server
[2025-03-01T08:27:48.670Z] Error writing to Modbus register: no connection to modbus server
[2025-03-01T08:27:48.669Z] ❌ Error reading register 1000 for IP 10.30.4.91: no connection to modbus server
[2025-03-01T08:27:49.296Z] Error reading register 3105 for IP 10.30.4.91: no connection to modbus server
[2025-03-01T08:27:49.297Z] ❌ Error reading register 1000 for IP 10.30.4.91: no connection to modbus server
[2025-03-01T08:27:49.297Z] Error reading actual data: no connection to modbus server
[2025-03-01T08:27:49.479Z] Error writing to Modbus register: no connection to modbus server
[2025-03-01T08:27:49.480Z] Error reading actual data: no connection to modbus server
[2025-03-01T08:27:49.479Z] Error reading register 3105 for IP 10.30.4.91: no connection to modbus server
[2025-03-01T08:27:49.479Z] ❌ Error reading register 1000 for IP 10.30.4.91: no connection to modbus server
[2025-03-01T08:27:49.494Z] Error reading register 3105 for IP 10.30.4.91: no connection to modbus server
[2025-03-01T08:27:49.494Z] ❌ Error reading register 1000 for IP 10.30.4.91: no connection to modbus server
[2025-03-01T08:27:49.494Z] Error writing to Modbus register: no connection to modbus server
[2025-03-01T08:27:49.494Z] Error reading actual data: no connection to modbus server
[2025-03-01T08:27:49.631Z] Error writing to Modbus register: no connection to modbus server
[2025-03-01T08:27:49.663Z] Error reading register 3105 for IP 10.30.4.91: no connection to modbus server
[2025-03-01T08:27:49.663Z] ❌ Error reading register 1000 for IP 10.30.4.91: no connection to modbus server
[2025-03-01T08:27:49.663Z] Error reading actual data: no connection to modbus server
[2025-03-01T08:27:49.664Z] Error writing to Modbus register: no connection to modbus server
[2025-03-01T08:27:49.667Z] Error reading register 3105 for IP 10.30.4.91: no connection to modbus server
[2025-03-01T08:27:49.667Z] ❌ Error reading register 1000 for IP 10.30.4.91: no connection to modbus server
[2025-03-01T08:27:49.667Z] Error reading actual data: no connection to modbus server
[2025-03-01T08:27:49.668Z] Error writing to Modbus register: no connection to modbus server
[2025-03-01T08:27:49.668Z] Error reading register 3105 for IP 10.30.4.91: no connection to modbus server
[2025-03-01T08:27:49.669Z] ❌ Error reading register 1000 for IP 10.30.4.91: no connection to modbus server
[2025-03-01T08:27:49.669Z] Error reading actual data: no connection to modbus server
[2025-03-01T08:27:49.669Z] Error writing to Modbus register: no connection to modbus server
[2025-03-01T08:27:50.295Z] Error reading register 3105 for IP 10.30.4.91: no connection to modbus server
[2025-03-01T08:27:50.296Z] ❌ Error reading register 1000 for IP 10.30.4.91: no connection to modbus server
[2025-03-01T08:27:50.296Z] Error reading actual data: no connection to modbus server
[2025-03-01T08:27:50.479Z] Error writing to Modbus register: no connection to modbus server
[2025-03-01T08:27:50.480Z] Error reading register 3105 for IP 10.30.4.91: no connection to modbus server
[2025-03-01T08:27:50.480Z] ❌ Error reading register 1000 for IP 10.30.4.91: no connection to modbus server
[2025-03-01T08:27:50.481Z] Error reading actual data: no connection to modbus server
[2025-03-01T08:27:50.494Z] Error writing to Modbus register: no connection to modbus server
[2025-03-01T08:27:50.496Z] Error reading register 3105 for IP 10.30.4.91: no connection to modbus server
[2025-03-01T08:27:50.496Z] ❌ Error reading register 1000 for IP 10.30.4.91: no connection to modbus server
[2025-03-01T08:27:50.496Z] Error reading actual data: no connection to modbus server
[2025-03-01T08:27:50.646Z] Error writing to Modbus register: no connection to modbus server
[2025-03-01T08:27:50.662Z] Error reading register 3105 for IP 10.30.4.91: no connection to modbus server
[2025-03-01T08:27:50.662Z] ❌ Error reading register 1000 for IP 10.30.4.91: no connection to modbus server
[2025-03-01T08:27:50.663Z] Error reading actual data: no connection to modbus server
[2025-03-01T08:27:50.663Z] Error writing to Modbus register: no connection to modbus server
[2025-03-01T08:27:50.677Z] Error reading register 3105 for IP 10.30.4.91: no connection to modbus server
[2025-03-01T08:27:50.677Z] ❌ Error reading register 1000 for IP 10.30.4.91: no connection to modbus server
[2025-03-01T08:27:50.677Z] Error reading actual data: no connection to modbus server
[2025-03-01T08:27:50.678Z] Error writing to Modbus register: no connection to modbus server
[2025-03-01T08:27:50.678Z] Error reading register 3105 for IP 10.30.4.91: no connection to modbus server
[2025-03-01T08:27:50.678Z] ❌ Error reading register 1000 for IP 10.30.4.91: no connection to modbus server
[2025-03-01T08:27:50.678Z] Error reading actual data: no connection to modbus server
[2025-03-01T08:27:50.678Z] Error writing to Modbus register: no connection to modbus server
[2025-03-01T08:27:51.296Z] ❌ Error reading register 1000 for IP 10.30.4.91: no connection to modbus server
[2025-03-01T08:27:51.296Z] Error reading register 3105 for IP 10.30.4.91: no connection to modbus server
[2025-03-01T08:27:51.296Z] Error reading actual data: no connection to modbus server
[2025-03-01T08:27:51.494Z] Error writing to Modbus register: no connection to modbus server
[2025-03-01T08:27:51.495Z] Error reading register 3105 for IP 10.30.4.91: no connection to modbus server
[2025-03-01T08:27:51.496Z] ❌ Error reading register 1000 for IP 10.30.4.91: no connection to modbus server
[2025-03-01T08:27:51.496Z] Error reading actual data: no connection to modbus server
[2025-03-01T08:27:51.498Z] Error writing to Modbus register: no connection to modbus server
[2025-03-01T08:27:51.498Z] Error reading register 3105 for IP 10.30.4.91: no connection to modbus server
[2025-03-01T08:27:51.498Z] ❌ Error reading register 1000 for IP 10.30.4.91: no connection to modbus server
[2025-03-01T08:27:51.499Z] Error reading actual data: no connection to modbus server
[2025-03-01T08:27:51.648Z] Error writing to Modbus register: no connection to modbus server
[2025-03-01T08:27:51.664Z] Error reading register 3105 for IP 10.30.4.91: no connection to modbus server
[2025-03-01T08:27:51.664Z] ❌ Error reading register 1000 for IP 10.30.4.91: no connection to modbus server
[2025-03-01T08:27:51.665Z] Error reading actual data: no connection to modbus server
[2025-03-01T08:27:51.666Z] Error writing to Modbus register: no connection to modbus server
[2025-03-01T08:27:51.680Z] Error reading register 3105 for IP 10.30.4.91: no connection to modbus server
[2025-03-01T08:27:51.680Z] ❌ Error reading register 1000 for IP 10.30.4.91: no connection to modbus server
[2025-03-01T08:27:51.681Z] Error reading actual data: no connection to modbus server
[2025-03-01T08:27:51.682Z] Error writing to Modbus register: no connection to modbus server
[2025-03-01T08:27:51.683Z] Error reading register 3105 for IP 10.30.4.91: no connection to modbus server
[2025-03-01T08:27:51.683Z] ❌ Error reading register 1000 for IP 10.30.4.91: no connection to modbus server
[2025-03-01T08:27:51.684Z] Error reading actual data: no connection to modbus server
[2025-03-01T08:27:51.684Z] Error writing to Modbus register: no connection to modbus server
[2025-03-01T08:27:52.311Z] Error reading register 3105 for IP 10.30.4.91: no connection to modbus server
[2025-03-01T08:27:52.311Z] ❌ Error reading register 1000 for IP 10.30.4.91: no connection to modbus server
[2025-03-01T08:27:52.311Z] Error reading actual data: no connection to modbus server
[2025-03-01T08:27:52.495Z] Error writing to Modbus register: no connection to modbus server
[2025-03-01T08:27:52.497Z] Error reading register 3105 for IP 10.30.4.91: no connection to modbus server
[2025-03-01T08:27:52.497Z] ❌ Error reading register 1000 for IP 10.30.4.91: no connection to modbus server
[2025-03-01T08:27:52.498Z] Error reading actual data: no connection to modbus server
[2025-03-01T08:27:52.499Z] Error writing to Modbus register: no connection to modbus server
[2025-03-01T08:27:52.500Z] Error reading register 3105 for IP 10.30.4.91: no connection to modbus server
[2025-03-01T08:27:52.501Z] ❌ Error reading register 1000 for IP 10.30.4.91: no connection to modbus server
[2025-03-01T08:27:52.501Z] Error reading actual data: no connection to modbus server
[2025-03-01T08:27:52.646Z] Error writing to Modbus register: no connection to modbus server
[2025-03-01T08:27:52.679Z] Error reading register 3105 for IP 10.30.4.91: no connection to modbus server
[2025-03-01T08:27:52.679Z] ❌ Error reading register 1000 for IP 10.30.4.91: no connection to modbus server
[2025-03-01T08:27:52.680Z] Error reading actual data: no connection to modbus server
[2025-03-01T08:27:52.681Z] Error writing to Modbus register: no connection to modbus server
[2025-03-01T08:27:52.682Z] Error reading register 3105 for IP 10.30.4.91: no connection to modbus server
[2025-03-01T08:27:52.683Z] ❌ Error reading register 1000 for IP 10.30.4.91: no connection to modbus server
[2025-03-01T08:27:52.683Z] Error reading actual data: no connection to modbus server
[2025-03-01T08:27:52.684Z] Error writing to Modbus register: no connection to modbus server
[2025-03-01T08:27:52.685Z] Error reading register 3105 for IP 10.30.4.91: no connection to modbus server
[2025-03-01T08:27:52.685Z] ❌ Error reading register 1000 for IP 10.30.4.91: no connection to modbus server
[2025-03-01T08:27:52.685Z] Error reading actual data: no connection to modbus server
[2025-03-01T08:27:52.686Z] Error writing to Modbus register: no connection to modbus server
[2025-03-01T08:27:53.312Z] Error reading register 3105 for IP 10.30.4.91: no connection to modbus server
[2025-03-01T08:27:53.312Z] ❌ Error reading register 1000 for IP 10.30.4.91: no connection to modbus server
[2025-03-01T08:27:53.313Z] Error reading actual data: no connection to modbus server
[2025-03-01T08:27:53.494Z] Error writing to Modbus register: no connection to modbus server
[2025-03-01T08:27:53.495Z] Error reading register 3105 for IP 10.30.4.91: no connection to modbus server
[2025-03-01T08:27:53.495Z] ❌ Error reading register 1000 for IP 10.30.4.91: no connection to modbus server
[2025-03-01T08:27:53.495Z] Error reading actual data: no connection to modbus server
[2025-03-01T08:27:53.510Z] Error writing to Modbus register: no connection to modbus server
[2025-03-01T08:27:53.510Z] Error reading register 3105 for IP 10.30.4.91: no connection to modbus server
[2025-03-01T08:27:53.510Z] ❌ Error reading register 1000 for IP 10.30.4.91: no connection to modbus server
[2025-03-01T08:27:53.510Z] Error reading actual data: no connection to modbus server
[2025-03-01T08:27:53.648Z] Error writing to Modbus register: no connection to modbus server
[2025-03-01T08:27:53.679Z] Error reading register 3105 for IP 10.30.4.91: no connection to modbus server
[2025-03-01T08:27:53.680Z] ❌ Error reading register 1000 for IP 10.30.4.91: no connection to modbus server
[2025-03-01T08:27:53.680Z] Error reading actual data: no connection to modbus server
[2025-03-01T08:27:53.681Z] Error writing to Modbus register: no connection to modbus server
[2025-03-01T08:27:53.683Z] Error reading register 3105 for IP 10.30.4.91: no connection to modbus server
[2025-03-01T08:27:53.683Z] ❌ Error reading register 1000 for IP 10.30.4.91: no connection to modbus server
[2025-03-01T08:27:53.683Z] Error reading actual data: no connection to modbus server
[2025-03-01T08:27:53.684Z] Error writing to Modbus register: no connection to modbus server
[2025-03-01T08:27:53.685Z] Error reading register 3105 for IP 10.30.4.91: no connection to modbus server
[2025-03-01T08:27:53.685Z] ❌ Error reading register 1000 for IP 10.30.4.91: no connection to modbus server
[2025-03-01T08:27:53.685Z] Error reading actual data: no connection to modbus server
[2025-03-01T08:27:53.686Z] Error writing to Modbus register: no connection to modbus server
[2025-03-01T08:27:54.311Z] Error reading register 3105 for IP 10.30.4.91: no connection to modbus server
[2025-03-01T08:27:54.311Z] ❌ Error reading register 1000 for IP 10.30.4.91: no connection to modbus server
[2025-03-01T08:27:54.312Z] Error reading actual data: no connection to modbus server
[2025-03-01T08:27:54.495Z] Error writing to Modbus register: no connection to modbus server
[2025-03-01T08:27:54.496Z] Error reading register 3105 for IP 10.30.4.91: no connection to modbus server
[2025-03-01T08:27:54.496Z] ❌ Error reading register 1000 for IP 10.30.4.91: no connection to modbus server
[2025-03-01T08:27:54.496Z] Error reading actual data: no connection to modbus server
[2025-03-01T08:27:54.511Z] Error writing to Modbus register: no connection to modbus server
[2025-03-01T08:27:54.511Z] Error reading register 3105 for IP 10.30.4.91: no connection to modbus server
[2025-03-01T08:27:54.511Z] Error reading actual data: no connection to modbus server
[2025-03-01T08:27:54.511Z] ❌ Error reading register 1000 for IP 10.30.4.91: no connection to modbus server
[2025-03-01T08:27:54.663Z] Error writing to Modbus register: no connection to modbus server
[2025-03-01T08:27:54.678Z] Error reading register 3105 for IP 10.30.4.91: no connection to modbus server
[2025-03-01T08:27:54.679Z] ❌ Error reading register 1000 for IP 10.30.4.91: no connection to modbus server
[2025-03-01T08:27:54.679Z] Error reading actual data: no connection to modbus server
[2025-03-01T08:27:54.695Z] Error reading register 3105 for IP 10.30.4.91: no connection to modbus server
[2025-03-01T08:27:54.695Z] ❌ Error reading register 1000 for IP 10.30.4.91: no connection to modbus server
[2025-03-01T08:27:54.695Z] Error reading actual data: no connection to modbus server
[2025-03-01T08:27:54.695Z] Error writing to Modbus register: no connection to modbus server
[2025-03-01T08:27:54.694Z] Error writing to Modbus register: no connection to modbus server
[2025-03-01T08:27:54.696Z] Error reading register 3105 for IP 10.30.4.91: no connection to modbus server
[2025-03-01T08:27:54.696Z] ❌ Error reading register 1000 for IP 10.30.4.91: no connection to modbus server
[2025-03-01T08:27:54.696Z] Error reading actual data: no connection to modbus server
[2025-03-01T08:27:54.697Z] Error writing to Modbus register: no connection to modbus server
[2025-03-01T08:27:55.312Z] Error reading register 3105 for IP 10.30.4.91: no connection to modbus server
[2025-03-01T08:27:55.312Z] ❌ Error reading register 1000 for IP 10.30.4.91: no connection to modbus server
[2025-03-01T08:27:55.312Z] Error reading actual data: no connection to modbus server
[2025-03-01T08:27:55.495Z] Error writing to Modbus register: no connection to modbus server
[2025-03-01T08:27:55.495Z] Error reading register 3105 for IP 10.30.4.91: no connection to modbus server
[2025-03-01T08:27:55.495Z] ❌ Error reading register 1000 for IP 10.30.4.91: no connection to modbus server
[2025-03-01T08:27:55.495Z] Error reading actual data: no connection to modbus server
[2025-03-01T08:27:55.511Z] Error writing to Modbus register: no connection to modbus server
[2025-03-01T08:27:55.512Z] Error reading register 3105 for IP 10.30.4.91: no connection to modbus server
[2025-03-01T08:27:55.513Z] Error reading actual data: no connection to modbus server
[2025-03-01T08:27:55.513Z] ❌ Error reading register 1000 for IP 10.30.4.91: no connection to modbus server
[2025-03-01T08:27:55.671Z] Error writing to Modbus register: no connection to modbus server
[2025-03-01T08:27:55.686Z] Error reading register 3105 for IP 10.30.4.91: no connection to modbus server
[2025-03-01T08:27:55.687Z] ❌ Error reading register 1000 for IP 10.30.4.91: no connection to modbus server
[2025-03-01T08:27:55.687Z] Error reading actual data: no connection to modbus server
[2025-03-01T08:27:55.702Z] Error writing to Modbus register: no connection to modbus server
[2025-03-01T08:27:55.703Z] Error reading register 3105 for IP 10.30.4.91: no connection to modbus server
[2025-03-01T08:27:55.703Z] Error reading actual data: no connection to modbus server
[2025-03-01T08:27:55.703Z] ❌ Error reading register 1000 for IP 10.30.4.91: no connection to modbus server
[2025-03-01T08:27:55.704Z] Error writing to Modbus register: no connection to modbus server
[2025-03-01T08:27:55.705Z] Error reading register 3105 for IP 10.30.4.91: no connection to modbus server
[2025-03-01T08:27:55.705Z] ❌ Error reading register 1000 for IP 10.30.4.91: no connection to modbus server
[2025-03-01T08:27:55.705Z] Error reading actual data: no connection to modbus server
[2025-03-01T08:27:55.705Z] Error writing to Modbus register: no connection to modbus server
[2025-03-01T08:27:56.314Z] Error reading register 3105 for IP 10.30.4.91: no connection to modbus server
[2025-03-01T08:27:56.314Z] ❌ Error reading register 1000 for IP 10.30.4.91: no connection to modbus server
[2025-03-01T08:27:56.314Z] Error reading actual data: no connection to modbus server
[2025-03-01T08:27:56.496Z] Error writing to Modbus register: no connection to modbus server
[2025-03-01T08:27:56.497Z] Error reading register 3105 for IP 10.30.4.91: no connection to modbus server
[2025-03-01T08:27:56.498Z] ❌ Error reading register 1000 for IP 10.30.4.91: no connection to modbus server
[2025-03-01T08:27:56.498Z] Error reading actual data: no connection to modbus server
[2025-03-01T08:27:56.511Z] Error writing to Modbus register: no connection to modbus server
[2025-03-01T08:27:56.513Z] Error reading register 3105 for IP 10.30.4.91: no connection to modbus server
[2025-03-01T08:27:56.513Z] ❌ Error reading register 1000 for IP 10.30.4.91: no connection to modbus server
[2025-03-01T08:27:56.513Z] Error reading actual data: no connection to modbus server
[2025-03-01T08:27:56.678Z] Error writing to Modbus register: no connection to modbus server
[2025-03-01T08:27:56.694Z] Error reading register 3105 for IP 10.30.4.91: no connection to modbus server
[2025-03-01T08:27:56.695Z] ❌ Error reading register 1000 for IP 10.30.4.91: no connection to modbus server
[2025-03-01T08:27:56.695Z] Error reading actual data: no connection to modbus server
[2025-03-01T08:27:56.710Z] Error writing to Modbus register: no connection to modbus server
[2025-03-01T08:27:56.711Z] Error reading register 3105 for IP 10.30.4.91: no connection to modbus server
[2025-03-01T08:27:56.712Z] ❌ Error reading register 1000 for IP 10.30.4.91: no connection to modbus server
[2025-03-01T08:27:56.713Z] Error reading actual data: no connection to modbus server
[2025-03-01T08:27:56.714Z] Error writing to Modbus register: no connection to modbus server
[2025-03-01T08:27:56.714Z] ❌ Error reading register 1000 for IP 10.30.4.91: no connection to modbus server
[2025-03-01T08:27:56.714Z] Error reading register 3105 for IP 10.30.4.91: no connection to modbus server
[2025-03-01T08:27:56.714Z] Error reading actual data: no connection to modbus server
[2025-03-01T08:27:56.715Z] Error writing to Modbus register: no connection to modbus server
[2025-03-01T08:27:57.314Z] Error reading register 3105 for IP 10.30.4.91: no connection to modbus server
[2025-03-01T08:27:57.314Z] ❌ Error reading register 1000 for IP 10.30.4.91: no connection to modbus server
[2025-03-01T08:27:57.314Z] Error reading actual data: no connection to modbus server
[2025-03-01T08:27:57.496Z] Error writing to Modbus register: no connection to modbus server
[2025-03-01T08:27:57.497Z] Error reading register 3105 for IP 10.30.4.91: no connection to modbus server
[2025-03-01T08:27:57.497Z] ❌ Error reading register 1000 for IP 10.30.4.91: no connection to modbus server
[2025-03-01T08:27:57.498Z] Error reading actual data: no connection to modbus server
[2025-03-01T08:27:57.513Z] Error writing to Modbus register: no connection to modbus server
[2025-03-01T08:27:57.513Z] ❌ Error reading register 1000 for IP 10.30.4.91: no connection to modbus server
[2025-03-01T08:27:57.513Z] Error reading register 3105 for IP 10.30.4.91: no connection to modbus server
[2025-03-01T08:27:57.513Z] Error reading actual data: no connection to modbus server
[2025-03-01T08:27:57.679Z] Error writing to Modbus register: no connection to modbus server
[2025-03-01T08:27:57.697Z] Error reading register 3105 for IP 10.30.4.91: no connection to modbus server
[2025-03-01T08:27:57.697Z] ❌ Error reading register 1000 for IP 10.30.4.91: no connection to modbus server
[2025-03-01T08:27:57.697Z] Error reading actual data: no connection to modbus server
[2025-03-01T08:27:57.713Z] Error writing to Modbus register: no connection to modbus server
[2025-03-01T08:27:57.714Z] Error reading register 3105 for IP 10.30.4.91: no connection to modbus server
[2025-03-01T08:27:57.714Z] ❌ Error reading register 1000 for IP 10.30.4.91: no connection to modbus server
[2025-03-01T08:27:57.714Z] Error reading actual data: no connection to modbus server
[2025-03-01T08:27:57.730Z] Error writing to Modbus register: no connection to modbus server
[2025-03-01T08:27:57.730Z] Error reading register 3105 for IP 10.30.4.91: no connection to modbus server
[2025-03-01T08:27:57.730Z] ❌ Error reading register 1000 for IP 10.30.4.91: no connection to modbus server
[2025-03-01T08:27:57.730Z] Error reading actual data: no connection to modbus server
[2025-03-01T08:27:57.731Z] Error writing to Modbus register: no connection to modbus server
[2025-03-01T08:27:58.326Z] Error reading register 3105 for IP 10.30.4.91: no connection to modbus server
[2025-03-01T08:27:58.326Z] ❌ Error reading register 1000 for IP 10.30.4.91: no connection to modbus server
[2025-03-01T08:27:58.326Z] Error reading actual data: no connection to modbus server
[2025-03-01T08:27:58.496Z] Error writing to Modbus register: no connection to modbus server
[2025-03-01T08:27:58.497Z] Error reading register 3105 for IP 10.30.4.91: no connection to modbus server
[2025-03-01T08:27:58.498Z] ❌ Error reading register 1000 for IP 10.30.4.91: no connection to modbus server
[2025-03-01T08:27:58.498Z] Error reading actual data: no connection to modbus server
[2025-03-01T08:27:58.513Z] Error writing to Modbus register: no connection to modbus server
[2025-03-01T08:27:58.513Z] ❌ Error reading register 1000 for IP 10.30.4.91: no connection to modbus server
[2025-03-01T08:27:58.513Z] Error reading register 3105 for IP 10.30.4.91: no connection to modbus server
[2025-03-01T08:27:58.513Z] Error reading actual data: no connection to modbus server
[2025-03-01T08:27:58.681Z] Error writing to Modbus register: no connection to modbus server
[2025-03-01T08:27:58.698Z] Error reading register 3105 for IP 10.30.4.91: no connection to modbus server
[2025-03-01T08:27:58.698Z] ❌ Error reading register 1000 for IP 10.30.4.91: no connection to modbus server
[2025-03-01T08:27:58.699Z] Error reading actual data: no connection to modbus server
[2025-03-01T08:27:58.713Z] Error writing to Modbus register: no connection to modbus server
[2025-03-01T08:27:58.714Z] Error reading register 3105 for IP 10.30.4.91: no connection to modbus server
[2025-03-01T08:27:58.714Z] ❌ Error reading register 1000 for IP 10.30.4.91: no connection to modbus server
[2025-03-01T08:27:58.715Z] Error reading actual data: no connection to modbus server
[2025-03-01T08:27:58.729Z] Error writing to Modbus register: no connection to modbus server
[2025-03-01T08:27:58.730Z] Error reading register 3105 for IP 10.30.4.91: no connection to modbus server
[2025-03-01T08:27:58.730Z] ❌ Error reading register 1000 for IP 10.30.4.91: no connection to modbus server
[2025-03-01T08:27:58.731Z] Error reading actual data: no connection to modbus server
[2025-03-01T08:27:58.731Z] Error writing to Modbus register: no connection to modbus server
[2025-03-01T08:27:59.331Z] Error reading register 3105 for IP 10.30.4.91: no connection to modbus server
[2025-03-01T08:27:59.332Z] ❌ Error reading register 1000 for IP 10.30.4.91: no connection to modbus server
[2025-03-01T08:27:59.332Z] Error reading actual data: no connection to modbus server
[2025-03-01T08:27:59.497Z] Error writing to Modbus register: no connection to modbus server
[2025-03-01T08:27:59.499Z] Error reading register 3105 for IP 10.30.4.91: no connection to modbus server
[2025-03-01T08:27:59.499Z] ❌ Error reading register 1000 for IP 10.30.4.91: no connection to modbus server
[2025-03-01T08:27:59.499Z] Error reading actual data: no connection to modbus server
[2025-03-01T08:27:59.513Z] Error writing to Modbus register: no connection to modbus server
[2025-03-01T08:27:59.514Z] Error reading register 3105 for IP 10.30.4.91: no connection to modbus server
[2025-03-01T08:27:59.514Z] ❌ Error reading register 1000 for IP 10.30.4.91: no connection to modbus server
[2025-03-01T08:27:59.515Z] Error reading actual data: no connection to modbus server
[2025-03-01T08:27:59.680Z] Error writing to Modbus register: no connection to modbus server
[2025-03-01T08:27:59.697Z] Error reading register 3105 for IP 10.30.4.91: no connection to modbus server
[2025-03-01T08:27:59.697Z] ❌ Error reading register 1000 for IP 10.30.4.91: no connection to modbus server
[2025-03-01T08:27:59.697Z] Error reading actual data: no connection to modbus server
[2025-03-01T08:27:59.713Z] Error writing to Modbus register: no connection to modbus server
[2025-03-01T08:27:59.714Z] Error reading register 3105 for IP 10.30.4.91: no connection to modbus server
[2025-03-01T08:27:59.715Z] ❌ Error reading register 1000 for IP 10.30.4.91: no connection to modbus server
[2025-03-01T08:27:59.715Z] Error reading actual data: no connection to modbus server
[2025-03-01T08:27:59.730Z] Error writing to Modbus register: no connection to modbus server
[2025-03-01T08:27:59.731Z] Error reading register 3105 for IP 10.30.4.91: no connection to modbus server
[2025-03-01T08:27:59.731Z] ❌ Error reading register 1000 for IP 10.30.4.91: no connection to modbus server
[2025-03-01T08:27:59.731Z] Error reading actual data: no connection to modbus server
[2025-03-01T08:27:59.731Z] Error writing to Modbus register: no connection to modbus server
[2025-03-01T08:28:00.342Z] Error reading register 3105 for IP 10.30.4.91: no connection to modbus server
[2025-03-01T08:28:00.342Z] ❌ Error reading register 1000 for IP 10.30.4.91: no connection to modbus server
[2025-03-01T08:28:00.342Z] Error reading actual data: no connection to modbus server
[2025-03-01T08:28:00.498Z] Error writing to Modbus register: no connection to modbus server
[2025-03-01T08:28:00.498Z] ❌ Error reading register 1000 for IP 10.30.4.91: no connection to modbus server
[2025-03-01T08:28:00.498Z] Error reading register 3105 for IP 10.30.4.91: no connection to modbus server
[2025-03-01T08:28:00.498Z] Error reading actual data: no connection to modbus server
[2025-03-01T08:28:00.513Z] Error writing to Modbus register: no connection to modbus server
[2025-03-01T08:28:00.514Z] ❌ Error reading register 1000 for IP 10.30.4.91: no connection to modbus server
[2025-03-01T08:28:00.514Z] Error reading register 3105 for IP 10.30.4.91: no connection to modbus server
[2025-03-01T08:28:00.515Z] Error reading actual data: no connection to modbus server
[2025-03-01T08:28:00.696Z] Error writing to Modbus register: no connection to modbus server
[2025-03-01T08:28:00.697Z] Error reading register 3105 for IP 10.30.4.91: no connection to modbus server
[2025-03-01T08:28:00.697Z] ❌ Error reading register 1000 for IP 10.30.4.91: no connection to modbus server
[2025-03-01T08:28:00.697Z] Error reading actual data: no connection to modbus server
[2025-03-01T08:28:00.726Z] Error writing to Modbus register: no connection to modbus server
[2025-03-01T08:28:00.727Z] Error reading register 3105 for IP 10.30.4.91: no connection to modbus server
[2025-03-01T08:28:00.727Z] ❌ Error reading register 1000 for IP 10.30.4.91: no connection to modbus server
[2025-03-01T08:28:00.727Z] Error reading actual data: no connection to modbus server
[2025-03-01T08:28:00.742Z] Error writing to Modbus register: no connection to modbus server
[2025-03-01T08:28:00.742Z] Error reading register 3105 for IP 10.30.4.91: no connection to modbus server
[2025-03-01T08:28:00.743Z] Error reading actual data: no connection to modbus server
[2025-03-01T08:28:00.743Z] ❌ Error reading register 1000 for IP 10.30.4.91: no connection to modbus server
[2025-03-01T08:28:00.743Z] Error writing to Modbus register: no connection to modbus server
[2025-03-01T08:28:01.347Z] Error reading register 3105 for IP 10.30.4.91: no connection to modbus server
[2025-03-01T08:28:01.347Z] ❌ Error reading register 1000 for IP 10.30.4.91: no connection to modbus server
[2025-03-01T08:28:01.348Z] Error reading actual data: no connection to modbus server
[2025-03-01T08:28:01.501Z] Error writing to Modbus register: no connection to modbus server
[2025-03-01T08:28:01.503Z] Error reading register 3105 for IP 10.30.4.91: no connection to modbus server
[2025-03-01T08:28:01.503Z] ❌ Error reading register 1000 for IP 10.30.4.91: no connection to modbus server
[2025-03-01T08:28:01.504Z] Error reading actual data: no connection to modbus server
[2025-03-01T08:28:01.514Z] Error writing to Modbus register: no connection to modbus server
[2025-03-01T08:28:01.515Z] Error reading register 3105 for IP 10.30.4.91: no connection to modbus server
[2025-03-01T08:28:01.516Z] ❌ Error reading register 1000 for IP 10.30.4.91: no connection to modbus server
[2025-03-01T08:28:01.516Z] Error reading actual data: no connection to modbus server
[2025-03-01T08:28:01.710Z] Error writing to Modbus register: no connection to modbus server
[2025-03-01T08:28:01.712Z] Error reading register 3105 for IP 10.30.4.91: no connection to modbus server
[2025-03-01T08:28:01.712Z] ❌ Error reading register 1000 for IP 10.30.4.91: no connection to modbus server
[2025-03-01T08:28:01.713Z] Error reading actual data: no connection to modbus server
[2025-03-01T08:28:01.741Z] Error writing to Modbus register: no connection to modbus server
[2025-03-01T08:28:01.742Z] Error reading register 3105 for IP 10.30.4.91: no connection to modbus server
[2025-03-01T08:28:01.742Z] ❌ Error reading register 1000 for IP 10.30.4.91: no connection to modbus server
[2025-03-01T08:28:01.742Z] Error reading actual data: no connection to modbus server
[2025-03-01T08:28:01.743Z] Error writing to Modbus register: no connection to modbus server
[2025-03-01T08:28:01.744Z] ❌ Error reading register 1000 for IP 10.30.4.91: no connection to modbus server
[2025-03-01T08:28:01.744Z] Error reading register 3105 for IP 10.30.4.91: no connection to modbus server
[2025-03-01T08:28:01.744Z] Error reading actual data: no connection to modbus server
[2025-03-01T08:28:01.745Z] Error writing to Modbus register: no connection to modbus server
[2025-03-01T08:28:02.362Z] Error reading register 3105 for IP 10.30.4.91: no connection to modbus server
[2025-03-01T08:28:02.362Z] ❌ Error reading register 1000 for IP 10.30.4.91: no connection to modbus server
[2025-03-01T08:28:02.362Z] Error reading actual data: no connection to modbus server
[2025-03-01T08:28:02.515Z] Error writing to Modbus register: no connection to modbus server
[2025-03-01T08:28:02.516Z] Error reading register 3105 for IP 10.30.4.91: no connection to modbus server
[2025-03-01T08:28:02.516Z] ❌ Error reading register 1000 for IP 10.30.4.91: no connection to modbus server
[2025-03-01T08:28:02.517Z] Error reading actual data: no connection to modbus server
[2025-03-01T08:28:02.517Z] Error writing to Modbus register: no connection to modbus server
[2025-03-01T08:28:02.518Z] Error reading register 3105 for IP 10.30.4.91: no connection to modbus server
[2025-03-01T08:28:02.518Z] ❌ Error reading register 1000 for IP 10.30.4.91: no connection to modbus server
[2025-03-01T08:28:02.518Z] Error reading actual data: no connection to modbus server
[2025-03-01T08:28:02.714Z] Error writing to Modbus register: no connection to modbus server
[2025-03-01T08:28:02.715Z] Error reading register 3105 for IP 10.30.4.91: no connection to modbus server
[2025-03-01T08:28:02.715Z] ❌ Error reading register 1000 for IP 10.30.4.91: no connection to modbus server
[2025-03-01T08:28:02.715Z] Error reading actual data: no connection to modbus server
[2025-03-01T08:28:02.748Z] Error writing to Modbus register: no connection to modbus server
[2025-03-01T08:28:02.749Z] Error reading register 3105 for IP 10.30.4.91: no connection to modbus server
[2025-03-01T08:28:02.749Z] ❌ Error reading register 1000 for IP 10.30.4.91: no connection to modbus server
[2025-03-01T08:28:02.750Z] Error writing to Modbus register: no connection to modbus server
[2025-03-01T08:28:02.750Z] Error reading actual data: no connection to modbus server
[2025-03-01T08:28:02.751Z] Error reading register 3105 for IP 10.30.4.91: no connection to modbus server
[2025-03-01T08:28:02.751Z] ❌ Error reading register 1000 for IP 10.30.4.91: no connection to modbus server
[2025-03-01T08:28:02.752Z] Error reading actual data: no connection to modbus server
[2025-03-01T08:28:02.752Z] Error writing to Modbus register: no connection to modbus server
[2025-03-01T08:28:03.364Z] Error reading register 3105 for IP 10.30.4.91: no connection to modbus server
[2025-03-01T08:28:03.365Z] ❌ Error reading register 1000 for IP 10.30.4.91: no connection to modbus server
[2025-03-01T08:28:03.365Z] Error reading actual data: no connection to modbus server
[2025-03-01T08:28:03.531Z] Error writing to Modbus register: no connection to modbus server
[2025-03-01T08:28:03.534Z] Error reading register 3105 for IP 10.30.4.91: no connection to modbus server
[2025-03-01T08:28:03.534Z] ❌ Error reading register 1000 for IP 10.30.4.91: no connection to modbus server
[2025-03-01T08:28:03.535Z] Error reading actual data: no connection to modbus server
[2025-03-01T08:28:03.536Z] Error writing to Modbus register: no connection to modbus server
[2025-03-01T08:28:03.537Z] Error reading register 3105 for IP 10.30.4.91: no connection to modbus server
[2025-03-01T08:28:03.537Z] ❌ Error reading register 1000 for IP 10.30.4.91: no connection to modbus server
[2025-03-01T08:28:03.537Z] Error reading actual data: no connection to modbus server
[2025-03-01T08:28:03.727Z] Error writing to Modbus register: no connection to modbus server
[2025-03-01T08:28:03.728Z] Error reading register 3105 for IP 10.30.4.91: no connection to modbus server
[2025-03-01T08:28:03.729Z] ❌ Error reading register 1000 for IP 10.30.4.91: no connection to modbus server
[2025-03-01T08:28:03.729Z] Error reading actual data: no connection to modbus server
[2025-03-01T08:28:03.758Z] Error writing to Modbus register: no connection to modbus server
[2025-03-01T08:28:03.760Z] ❌ Error reading register 1000 for IP 10.30.4.91: no connection to modbus server
[2025-03-01T08:28:03.760Z] Error reading register 3105 for IP 10.30.4.91: no connection to modbus server
[2025-03-01T08:28:03.762Z] Error writing to Modbus register: no connection to modbus server
[2025-03-01T08:28:03.763Z] Error reading register 3105 for IP 10.30.4.91: no connection to modbus server
[2025-03-01T08:28:03.763Z] ❌ Error reading register 1000 for IP 10.30.4.91: no connection to modbus server
[2025-03-01T08:28:03.763Z] Error reading actual data: no connection to modbus server
[2025-03-01T08:28:03.761Z] Error reading actual data: no connection to modbus server
[2025-03-01T08:28:03.763Z] Error writing to Modbus register: no connection to modbus server
[2025-03-01T08:28:04.371Z] Error reading register 3105 for IP 10.30.4.91: no connection to modbus server
[2025-03-01T08:28:04.372Z] ❌ Error reading register 1000 for IP 10.30.4.91: no connection to modbus server
[2025-03-01T08:28:04.372Z] Error reading actual data: no connection to modbus server
[2025-03-01T08:28:04.544Z] Error writing to Modbus register: no connection to modbus server
[2025-03-01T08:28:04.545Z] Error reading register 3105 for IP 10.30.4.91: no connection to modbus server
[2025-03-01T08:28:04.545Z] ❌ Error reading register 1000 for IP 10.30.4.91: no connection to modbus server
[2025-03-01T08:28:04.545Z] Error reading actual data: no connection to modbus server
[2025-03-01T08:28:04.546Z] Error writing to Modbus register: no connection to modbus server
[2025-03-01T08:28:04.546Z] Error reading register 3105 for IP 10.30.4.91: no connection to modbus server
[2025-03-01T08:28:04.546Z] ❌ Error reading register 1000 for IP 10.30.4.91: no connection to modbus server
[2025-03-01T08:28:04.547Z] Error reading actual data: no connection to modbus server
[2025-03-01T08:28:04.729Z] Error writing to Modbus register: no connection to modbus server
[2025-03-01T08:28:04.730Z] Error reading register 3105 for IP 10.30.4.91: no connection to modbus server
[2025-03-01T08:28:04.731Z] ❌ Error reading register 1000 for IP 10.30.4.91: no connection to modbus server
[2025-03-01T08:28:04.731Z] Error reading actual data: no connection to modbus server
[2025-03-01T08:28:04.761Z] Error writing to Modbus register: no connection to modbus server
[2025-03-01T08:28:04.763Z] Error reading register 3105 for IP 10.30.4.91: no connection to modbus server
[2025-03-01T08:28:04.763Z] ❌ Error reading register 1000 for IP 10.30.4.91: no connection to modbus server
[2025-03-01T08:28:04.764Z] Error reading actual data: no connection to modbus server
[2025-03-01T08:28:04.767Z] Error reading register 3105 for IP 10.30.4.91: no connection to modbus server
[2025-03-01T08:28:04.765Z] Error writing to Modbus register: no connection to modbus server
[2025-03-01T08:28:04.767Z] ❌ Error reading register 1000 for IP 10.30.4.91: no connection to modbus server
[2025-03-01T08:28:04.767Z] Error reading actual data: no connection to modbus server
[2025-03-01T08:28:04.768Z] Error writing to Modbus register: no connection to modbus server
[2025-03-01T08:28:05.382Z] Error reading register 3105 for IP 10.30.4.91: no connection to modbus server
[2025-03-01T08:28:05.382Z] ❌ Error reading register 1000 for IP 10.30.4.91: no connection to modbus server
[2025-03-01T08:28:05.382Z] Error reading actual data: no connection to modbus server
[2025-03-01T08:28:05.548Z] Error writing to Modbus register: no connection to modbus server
[2025-03-01T08:28:05.549Z] Error reading register 3105 for IP 10.30.4.91: no connection to modbus server
[2025-03-01T08:28:05.550Z] ❌ Error reading register 1000 for IP 10.30.4.91: no connection to modbus server
[2025-03-01T08:28:05.551Z] Error reading actual data: no connection to modbus server
[2025-03-01T08:28:05.551Z] Error writing to Modbus register: no connection to modbus server
[2025-03-01T08:28:05.552Z] Error reading register 3105 for IP 10.30.4.91: no connection to modbus server
[2025-03-01T08:28:05.552Z] ❌ Error reading register 1000 for IP 10.30.4.91: no connection to modbus server
[2025-03-01T08:28:05.552Z] Error reading actual data: no connection to modbus server
[2025-03-01T08:28:05.730Z] Error writing to Modbus register: no connection to modbus server
[2025-03-01T08:28:05.732Z] Error reading register 3105 for IP 10.30.4.91: no connection to modbus server
[2025-03-01T08:28:05.733Z] Error reading actual data: no connection to modbus server
[2025-03-01T08:28:05.732Z] ❌ Error reading register 1000 for IP 10.30.4.91: no connection to modbus server
[2025-03-01T08:28:05.764Z] Error writing to Modbus register: no connection to modbus server
[2025-03-01T08:28:05.765Z] Error reading register 3105 for IP 10.30.4.91: no connection to modbus server
[2025-03-01T08:28:05.766Z] ❌ Error reading register 1000 for IP 10.30.4.91: no connection to modbus server
[2025-03-01T08:28:05.766Z] Error reading actual data: no connection to modbus server
[2025-03-01T08:28:05.769Z] Error reading register 3105 for IP 10.30.4.91: no connection to modbus server
[2025-03-01T08:28:05.768Z] Error writing to Modbus register: no connection to modbus server
[2025-03-01T08:28:05.769Z] ❌ Error reading register 1000 for IP 10.30.4.91: no connection to modbus server
[2025-03-01T08:28:05.769Z] Error reading actual data: no connection to modbus server
[2025-03-01T08:28:05.769Z] Error writing to Modbus register: no connection to modbus server
[2025-03-01T08:28:06.396Z] Error reading register 3105 for IP 10.30.4.91: no connection to modbus server
[2025-03-01T08:28:06.397Z] ❌ Error reading register 1000 for IP 10.30.4.91: no connection to modbus server
[2025-03-01T08:28:06.397Z] Error reading actual data: no connection to modbus server
[2025-03-01T08:28:06.560Z] Error writing to Modbus register: no connection to modbus server
[2025-03-01T08:28:06.561Z] ❌ Error reading register 1000 for IP 10.30.4.91: no connection to modbus server
[2025-03-01T08:28:06.561Z] Error reading register 3105 for IP 10.30.4.91: no connection to modbus server
[2025-03-01T08:28:06.561Z] Error reading actual data: no connection to modbus server
[2025-03-01T08:28:06.561Z] Error writing to Modbus register: no connection to modbus server
[2025-03-01T08:28:06.562Z] Error reading register 3105 for IP 10.30.4.91: no connection to modbus server
[2025-03-01T08:28:06.562Z] ❌ Error reading register 1000 for IP 10.30.4.91: no connection to modbus server
[2025-03-01T08:28:06.562Z] Error reading actual data: no connection to modbus server
[2025-03-01T08:28:06.745Z] Error writing to Modbus register: no connection to modbus server
[2025-03-01T08:28:06.747Z] Error reading register 3105 for IP 10.30.4.91: no connection to modbus server
[2025-03-01T08:28:06.747Z] ❌ Error reading register 1000 for IP 10.30.4.91: no connection to modbus server
[2025-03-01T08:28:06.747Z] Error reading actual data: no connection to modbus server
[2025-03-01T08:28:06.776Z] Error writing to Modbus register: no connection to modbus server
[2025-03-01T08:28:06.778Z] Error reading register 3105 for IP 10.30.4.91: no connection to modbus server
[2025-03-01T08:28:06.778Z] ❌ Error reading register 1000 for IP 10.30.4.91: no connection to modbus server
[2025-03-01T08:28:06.779Z] Error reading actual data: no connection to modbus server
[2025-03-01T08:28:06.780Z] Error writing to Modbus register: no connection to modbus server
[2025-03-01T08:28:06.781Z] Error reading register 3105 for IP 10.30.4.91: no connection to modbus server
[2025-03-01T08:28:06.781Z] ❌ Error reading register 1000 for IP 10.30.4.91: no connection to modbus server
[2025-03-01T08:28:06.781Z] Error reading actual data: no connection to modbus server
[2025-03-01T08:28:06.781Z] Error writing to Modbus register: no connection to modbus server
[2025-03-01T08:28:07.396Z] Error reading register 3105 for IP 10.30.4.91: no connection to modbus server
[2025-03-01T08:28:07.397Z] ❌ Error reading register 1000 for IP 10.30.4.91: no connection to modbus server
[2025-03-01T08:28:07.397Z] Error reading actual data: no connection to modbus server
[2025-03-01T08:28:07.562Z] Error writing to Modbus register: no connection to modbus server
[2025-03-01T08:28:07.563Z] Error reading register 3105 for IP 10.30.4.91: no connection to modbus server
[2025-03-01T08:28:07.564Z] ❌ Error reading register 1000 for IP 10.30.4.91: no connection to modbus server
[2025-03-01T08:28:07.564Z] Error reading actual data: no connection to modbus server
[2025-03-01T08:28:07.567Z] Error reading register 3105 for IP 10.30.4.91: no connection to modbus server
[2025-03-01T08:28:07.567Z] ❌ Error reading register 1000 for IP 10.30.4.91: no connection to modbus server
[2025-03-01T08:28:07.567Z] Error reading actual data: no connection to modbus server
[2025-03-01T08:28:07.565Z] Error writing to Modbus register: no connection to modbus server
[2025-03-01T08:28:07.758Z] Error writing to Modbus register: no connection to modbus server
[2025-03-01T08:28:07.758Z] Error reading register 3105 for IP 10.30.4.91: no connection to modbus server
[2025-03-01T08:28:07.758Z] Error reading actual data: no connection to modbus server
[2025-03-01T08:28:07.758Z] ❌ Error reading register 1000 for IP 10.30.4.91: no connection to modbus server
[2025-03-01T08:28:07.789Z] Error writing to Modbus register: no connection to modbus server
[2025-03-01T08:28:07.789Z] Error reading register 3105 for IP 10.30.4.91: no connection to modbus server
[2025-03-01T08:28:07.789Z] ❌ Error reading register 1000 for IP 10.30.4.91: no connection to modbus server
[2025-03-01T08:28:07.790Z] Error reading actual data: no connection to modbus server
[2025-03-01T08:28:07.790Z] Error writing to Modbus register: no connection to modbus server
[2025-03-01T08:28:07.790Z] Error reading register 3105 for IP 10.30.4.91: no connection to modbus server
[2025-03-01T08:28:07.790Z] ❌ Error reading register 1000 for IP 10.30.4.91: no connection to modbus server
[2025-03-01T08:28:07.790Z] Error reading actual data: no connection to modbus server
[2025-03-01T08:28:07.791Z] Error writing to Modbus register: no connection to modbus server
[2025-03-01T08:28:08.397Z] Error reading register 3105 for IP 10.30.4.91: no connection to modbus server
[2025-03-01T08:28:08.398Z] ❌ Error reading register 1000 for IP 10.30.4.91: no connection to modbus server
[2025-03-01T08:28:08.398Z] Error reading actual data: no connection to modbus server
[2025-03-01T08:28:08.562Z] Error writing to Modbus register: no connection to modbus server
[2025-03-01T08:28:08.563Z] Error reading register 3105 for IP 10.30.4.91: no connection to modbus server
[2025-03-01T08:28:08.564Z] ❌ Error reading register 1000 for IP 10.30.4.91: no connection to modbus server
[2025-03-01T08:28:08.564Z] Error reading actual data: no connection to modbus server
[2025-03-01T08:28:08.566Z] Error writing to Modbus register: no connection to modbus server
[2025-03-01T08:28:08.568Z] ❌ Error reading register 1000 for IP 10.30.4.91: no connection to modbus server
[2025-03-01T08:28:08.567Z] Error reading register 3105 for IP 10.30.4.91: no connection to modbus server
[2025-03-01T08:28:08.568Z] Error reading actual data: no connection to modbus server
[2025-03-01T08:28:08.760Z] Error writing to Modbus register: no connection to modbus server
[2025-03-01T08:28:08.762Z] Error reading register 3105 for IP 10.30.4.91: no connection to modbus server
[2025-03-01T08:28:08.762Z] ❌ Error reading register 1000 for IP 10.30.4.91: no connection to modbus server
[2025-03-01T08:28:08.763Z] Error reading actual data: no connection to modbus server
[2025-03-01T08:28:08.792Z] Error writing to Modbus register: no connection to modbus server
[2025-03-01T08:28:08.793Z] Error reading register 3105 for IP 10.30.4.91: no connection to modbus server
[2025-03-01T08:28:08.795Z] Error writing to Modbus register: no connection to modbus server
[2025-03-01T08:28:08.794Z] Error reading actual data: no connection to modbus server
[2025-03-01T08:28:08.794Z] ❌ Error reading register 1000 for IP 10.30.4.91: no connection to modbus server
[2025-03-01T08:28:08.797Z] Error writing to Modbus register: no connection to modbus server
[2025-03-01T08:28:08.797Z] Error reading register 3105 for IP 10.30.4.91: no connection to modbus server
[2025-03-01T08:28:08.797Z] Error reading actual data: no connection to modbus server
[2025-03-01T08:28:08.797Z] ❌ Error reading register 1000 for IP 10.30.4.91: no connection to modbus server
[2025-03-01T08:28:09.412Z] Error reading register 3105 for IP 10.30.4.91: no connection to modbus server
[2025-03-01T08:28:09.413Z] ❌ Error reading register 1000 for IP 10.30.4.91: no connection to modbus server
[2025-03-01T08:28:09.413Z] Error reading actual data: no connection to modbus server
[2025-03-01T08:28:09.563Z] Error writing to Modbus register: no connection to modbus server
[2025-03-01T08:28:09.564Z] Error reading register 3105 for IP 10.30.4.91: no connection to modbus server
[2025-03-01T08:28:09.565Z] ❌ Error reading register 1000 for IP 10.30.4.91: no connection to modbus server
[2025-03-01T08:28:09.565Z] Error reading actual data: no connection to modbus server
[2025-03-01T08:28:09.567Z] Error writing to Modbus register: no connection to modbus server
[2025-03-01T08:28:09.568Z] Error reading register 3105 for IP 10.30.4.91: no connection to modbus server
[2025-03-01T08:28:09.568Z] ❌ Error reading register 1000 for IP 10.30.4.91: no connection to modbus server
[2025-03-01T08:28:09.568Z] Error reading actual data: no connection to modbus server
[2025-03-01T08:28:09.765Z] Error writing to Modbus register: no connection to modbus server
[2025-03-01T08:28:09.766Z] Error reading register 3105 for IP 10.30.4.91: no connection to modbus server
[2025-03-01T08:28:09.766Z] Error reading actual data: no connection to modbus server
[2025-03-01T08:28:09.766Z] ❌ Error reading register 1000 for IP 10.30.4.91: no connection to modbus server
[2025-03-01T08:28:09.797Z] Error writing to Modbus register: no connection to modbus server
[2025-03-01T08:28:09.799Z] ❌ Error reading register 1000 for IP 10.30.4.91: no connection to modbus server
[2025-03-01T08:28:09.798Z] Error reading register 3105 for IP 10.30.4.91: no connection to modbus server
[2025-03-01T08:28:09.799Z] Error reading actual data: no connection to modbus server
[2025-03-01T08:28:09.800Z] Error writing to Modbus register: no connection to modbus server
[2025-03-01T08:28:09.801Z] Error reading register 3105 for IP 10.30.4.91: no connection to modbus server
[2025-03-01T08:28:09.801Z] ❌ Error reading register 1000 for IP 10.30.4.91: no connection to modbus server
[2025-03-01T08:28:09.802Z] Error reading actual data: no connection to modbus server
[2025-03-01T08:28:09.803Z] Error writing to Modbus register: no connection to modbus server
[2025-03-01T08:28:10.413Z] Error reading register 3105 for IP 10.30.4.91: no connection to modbus server
[2025-03-01T08:28:10.413Z] ❌ Error reading register 1000 for IP 10.30.4.91: no connection to modbus server
[2025-03-01T08:28:10.413Z] Error reading actual data: no connection to modbus server
[2025-03-01T08:28:10.563Z] Error writing to Modbus register: no connection to modbus server
[2025-03-01T08:28:10.579Z] Error reading register 3105 for IP 10.30.4.91: no connection to modbus server
[2025-03-01T08:28:10.579Z] ❌ Error reading register 1000 for IP 10.30.4.91: no connection to modbus server
[2025-03-01T08:28:10.580Z] Error reading actual data: no connection to modbus server
[2025-03-01T08:28:10.580Z] Error writing to Modbus register: no connection to modbus server
[2025-03-01T08:28:10.581Z] Error reading register 3105 for IP 10.30.4.91: no connection to modbus server
[2025-03-01T08:28:10.581Z] ❌ Error reading register 1000 for IP 10.30.4.91: no connection to modbus server
[2025-03-01T08:28:10.582Z] Error reading actual data: no connection to modbus server
[2025-03-01T08:28:10.780Z] Error writing to Modbus register: no connection to modbus server
[2025-03-01T08:28:10.781Z] Error reading register 3105 for IP 10.30.4.91: no connection to modbus server
[2025-03-01T08:28:10.782Z] ❌ Error reading register 1000 for IP 10.30.4.91: no connection to modbus server
[2025-03-01T08:28:10.782Z] Error reading actual data: no connection to modbus server
[2025-03-01T08:28:10.797Z] Error writing to Modbus register: no connection to modbus server
[2025-03-01T08:28:10.799Z] Error reading register 3105 for IP 10.30.4.91: no connection to modbus server
[2025-03-01T08:28:10.799Z] ❌ Error reading register 1000 for IP 10.30.4.91: no connection to modbus server
[2025-03-01T08:28:10.799Z] Error reading actual data: no connection to modbus server
[2025-03-01T08:28:10.800Z] Error writing to Modbus register: no connection to modbus server
[2025-03-01T08:28:10.801Z] Error reading register 3105 for IP 10.30.4.91: no connection to modbus server
[2025-03-01T08:28:10.801Z] ❌ Error reading register 1000 for IP 10.30.4.91: no connection to modbus server
[2025-03-01T08:28:10.801Z] Error reading actual data: no connection to modbus server
[2025-03-01T08:28:10.802Z] Error writing to Modbus register: no connection to modbus server
[2025-03-01T08:28:11.413Z] Error reading register 3105 for IP 10.30.4.91: no connection to modbus server
[2025-03-01T08:28:11.413Z] ❌ Error reading register 1000 for IP 10.30.4.91: no connection to modbus server
[2025-03-01T08:28:11.413Z] Error reading actual data: no connection to modbus server
[2025-03-01T08:28:11.563Z] Error writing to Modbus register: no connection to modbus server
[2025-03-01T08:28:11.580Z] Error reading register 3105 for IP 10.30.4.91: no connection to modbus server
[2025-03-01T08:28:11.580Z] ❌ Error reading register 1000 for IP 10.30.4.91: no connection to modbus server
[2025-03-01T08:28:11.581Z] Error reading actual data: no connection to modbus server
[2025-03-01T08:28:11.582Z] Error writing to Modbus register: no connection to modbus server
[2025-03-01T08:28:11.583Z] Error reading register 3105 for IP 10.30.4.91: no connection to modbus server
[2025-03-01T08:28:11.584Z] ❌ Error reading register 1000 for IP 10.30.4.91: no connection to modbus server
[2025-03-01T08:28:11.584Z] Error reading actual data: no connection to modbus server
[2025-03-01T08:28:11.794Z] Error writing to Modbus register: no connection to modbus server
[2025-03-01T08:28:11.795Z] Error reading register 3105 for IP 10.30.4.91: no connection to modbus server
[2025-03-01T08:28:11.795Z] ❌ Error reading register 1000 for IP 10.30.4.91: no connection to modbus server
[2025-03-01T08:28:11.795Z] Error reading actual data: no connection to modbus server
[2025-03-01T08:28:11.796Z] Error writing to Modbus register: no connection to modbus server
[2025-03-01T08:28:11.797Z] Error reading register 3105 for IP 10.30.4.91: no connection to modbus server
[2025-03-01T08:28:11.798Z] ❌ Error reading register 1000 for IP 10.30.4.91: no connection to modbus server
[2025-03-01T08:28:11.798Z] Error reading actual data: no connection to modbus server
[2025-03-01T08:28:11.812Z] Error writing to Modbus register: no connection to modbus server
[2025-03-01T08:28:11.813Z] Error reading register 3105 for IP 10.30.4.91: no connection to modbus server
[2025-03-01T08:28:11.814Z] ❌ Error reading register 1000 for IP 10.30.4.91: no connection to modbus server
[2025-03-01T08:28:11.814Z] Error reading actual data: no connection to modbus server
[2025-03-01T08:28:11.815Z] Error writing to Modbus register: no connection to modbus server
[2025-03-01T08:28:12.426Z] Error reading register 3105 for IP 10.30.4.91: no connection to modbus server
[2025-03-01T08:28:12.427Z] ❌ Error reading register 1000 for IP 10.30.4.91: no connection to modbus server
[2025-03-01T08:28:12.427Z] Error reading actual data: no connection to modbus server
[2025-03-01T08:28:12.580Z] Error writing to Modbus register: no connection to modbus server
[2025-03-01T08:28:12.581Z] Error reading register 3105 for IP 10.30.4.91: no connection to modbus server
[2025-03-01T08:28:12.581Z] ❌ Error reading register 1000 for IP 10.30.4.91: no connection to modbus server
[2025-03-01T08:28:12.582Z] Error reading actual data: no connection to modbus server
[2025-03-01T08:28:12.584Z] Error reading register 3105 for IP 10.30.4.91: no connection to modbus server
[2025-03-01T08:28:12.583Z] Error writing to Modbus register: no connection to modbus server
[2025-03-01T08:28:12.584Z] ❌ Error reading register 1000 for IP 10.30.4.91: no connection to modbus server
[2025-03-01T08:28:12.585Z] Error reading actual data: no connection to modbus server
[2025-03-01T08:28:12.797Z] Error writing to Modbus register: no connection to modbus server
[2025-03-01T08:28:12.798Z] Error reading register 3105 for IP 10.30.4.91: no connection to modbus server
[2025-03-01T08:28:12.798Z] ❌ Error reading register 1000 for IP 10.30.4.91: no connection to modbus server
[2025-03-01T08:28:12.798Z] Error reading actual data: no connection to modbus server
[2025-03-01T08:28:12.799Z] Error writing to Modbus register: no connection to modbus server
[2025-03-01T08:28:12.800Z] Error reading register 3105 for IP 10.30.4.91: no connection to modbus server
[2025-03-01T08:28:12.800Z] ❌ Error reading register 1000 for IP 10.30.4.91: no connection to modbus server
[2025-03-01T08:28:12.801Z] Error reading actual data: no connection to modbus server
[2025-03-01T08:28:12.813Z] Error writing to Modbus register: no connection to modbus server
[2025-03-01T08:28:12.813Z] Error reading register 3105 for IP 10.30.4.91: no connection to modbus server
[2025-03-01T08:28:12.814Z] ❌ Error reading register 1000 for IP 10.30.4.91: no connection to modbus server
[2025-03-01T08:28:12.814Z] Error reading actual data: no connection to modbus server
[2025-03-01T08:28:12.814Z] Error writing to Modbus register: no connection to modbus server
[2025-03-01T08:28:13.428Z] Error reading register 3105 for IP 10.30.4.91: no connection to modbus server
[2025-03-01T08:28:13.428Z] Error reading actual data: no connection to modbus server
[2025-03-01T08:28:13.428Z] ❌ Error reading register 1000 for IP 10.30.4.91: no connection to modbus server
[2025-03-01T08:28:13.579Z] Error writing to Modbus register: no connection to modbus server
[2025-03-01T08:28:13.580Z] ❌ Error reading register 1000 for IP 10.30.4.91: no connection to modbus server
[2025-03-01T08:28:13.580Z] Error reading register 3105 for IP 10.30.4.91: no connection to modbus server
[2025-03-01T08:28:13.580Z] Error reading actual data: no connection to modbus server
[2025-03-01T08:28:13.596Z] Error writing to Modbus register: no connection to modbus server
[2025-03-01T08:28:13.598Z] Error reading register 3105 for IP 10.30.4.91: no connection to modbus server
[2025-03-01T08:28:13.598Z] ❌ Error reading register 1000 for IP 10.30.4.91: no connection to modbus server
[2025-03-01T08:28:13.598Z] Error reading actual data: no connection to modbus server
[2025-03-01T08:28:13.798Z] Error writing to Modbus register: no connection to modbus server
[2025-03-01T08:28:13.800Z] Error reading register 3105 for IP 10.30.4.91: no connection to modbus server
[2025-03-01T08:28:13.800Z] ❌ Error reading register 1000 for IP 10.30.4.91: no connection to modbus server
[2025-03-01T08:28:13.800Z] Error reading actual data: no connection to modbus server
[2025-03-01T08:28:13.802Z] Error writing to Modbus register: no connection to modbus server
[2025-03-01T08:28:13.803Z] Error reading register 3105 for IP 10.30.4.91: no connection to modbus server
[2025-03-01T08:28:13.803Z] ❌ Error reading register 1000 for IP 10.30.4.91: no connection to modbus server
[2025-03-01T08:28:13.803Z] Error reading actual data: no connection to modbus server
[2025-03-01T08:28:13.813Z] Error writing to Modbus register: no connection to modbus server
[2025-03-01T08:28:13.813Z] Error reading register 3105 for IP 10.30.4.91: no connection to modbus server
[2025-03-01T08:28:13.814Z] ❌ Error reading register 1000 for IP 10.30.4.91: no connection to modbus server
[2025-03-01T08:28:13.814Z] Error reading actual data: no connection to modbus server
[2025-03-01T08:28:13.814Z] Error writing to Modbus register: no connection to modbus server
[2025-03-01T08:28:14.446Z] Error reading register 3105 for IP 10.30.4.91: no connection to modbus server
[2025-03-01T08:28:14.447Z] ❌ Error reading register 1000 for IP 10.30.4.91: no connection to modbus server
[2025-03-01T08:28:14.447Z] Error reading actual data: no connection to modbus server
[2025-03-01T08:28:14.582Z] Error writing to Modbus register: no connection to modbus server
[2025-03-01T08:28:14.582Z] Error reading register 3105 for IP 10.30.4.91: no connection to modbus server
[2025-03-01T08:28:14.582Z] ❌ Error reading register 1000 for IP 10.30.4.91: no connection to modbus server
[2025-03-01T08:28:14.582Z] Error reading actual data: no connection to modbus server
[2025-03-01T08:28:14.598Z] Error writing to Modbus register: no connection to modbus server
[2025-03-01T08:28:14.599Z] Error reading register 3105 for IP 10.30.4.91: no connection to modbus server
[2025-03-01T08:28:14.599Z] Error reading actual data: no connection to modbus server
[2025-03-01T08:28:14.599Z] ❌ Error reading register 1000 for IP 10.30.4.91: no connection to modbus server
[2025-03-01T08:28:14.813Z] Error writing to Modbus register: no connection to modbus server
[2025-03-01T08:28:14.814Z] Error reading register 3105 for IP 10.30.4.91: no connection to modbus server
[2025-03-01T08:28:14.814Z] ❌ Error reading register 1000 for IP 10.30.4.91: no connection to modbus server
[2025-03-01T08:28:14.814Z] Error reading actual data: no connection to modbus server
[2025-03-01T08:28:14.814Z] Error writing to Modbus register: no connection to modbus server
[2025-03-01T08:28:14.815Z] Error reading register 3105 for IP 10.30.4.91: no connection to modbus server
[2025-03-01T08:28:14.815Z] ❌ Error reading register 1000 for IP 10.30.4.91: no connection to modbus server
[2025-03-01T08:28:14.815Z] Error reading actual data: no connection to modbus server
[2025-03-01T08:28:14.815Z] Error writing to Modbus register: no connection to modbus server
[2025-03-01T08:28:14.816Z] Error reading register 3105 for IP 10.30.4.91: no connection to modbus server
[2025-03-01T08:28:14.816Z] ❌ Error reading register 1000 for IP 10.30.4.91: no connection to modbus server
[2025-03-01T08:28:14.816Z] Error reading actual data: no connection to modbus server
[2025-03-01T08:28:14.817Z] Error writing to Modbus register: no connection to modbus server
[2025-03-01T08:28:15.452Z] Error reading register 3105 for IP 10.30.4.91: no connection to modbus server
[2025-03-01T08:28:15.452Z] ❌ Error reading register 1000 for IP 10.30.4.91: no connection to modbus server
[2025-03-01T08:28:15.452Z] Error reading actual data: no connection to modbus server
[2025-03-01T08:28:15.596Z] Error writing to Modbus register: no connection to modbus server
[2025-03-01T08:28:15.598Z] Error reading register 3105 for IP 10.30.4.91: no connection to modbus server
[2025-03-01T08:28:15.598Z] ❌ Error reading register 1000 for IP 10.30.4.91: no connection to modbus server
[2025-03-01T08:28:15.599Z] Error reading actual data: no connection to modbus server
[2025-03-01T08:28:15.600Z] Error writing to Modbus register: no connection to modbus server
[2025-03-01T08:28:15.602Z] Error reading register 3105 for IP 10.30.4.91: no connection to modbus server
[2025-03-01T08:28:15.602Z] ❌ Error reading register 1000 for IP 10.30.4.91: no connection to modbus server
[2025-03-01T08:28:15.602Z] Error reading actual data: no connection to modbus server
[2025-03-01T08:28:15.826Z] Error writing to Modbus register: no connection to modbus server
[2025-03-01T08:28:15.827Z] Error reading register 3105 for IP 10.30.4.91: no connection to modbus server
[2025-03-01T08:28:15.828Z] ❌ Error reading register 1000 for IP 10.30.4.91: no connection to modbus server
[2025-03-01T08:28:15.829Z] Error writing to Modbus register: no connection to modbus server
[2025-03-01T08:28:15.831Z] Error reading register 3105 for IP 10.30.4.91: no connection to modbus server
[2025-03-01T08:28:15.831Z] ❌ Error reading register 1000 for IP 10.30.4.91: no connection to modbus server
[2025-03-01T08:28:15.828Z] Error reading actual data: no connection to modbus server
[2025-03-01T08:28:15.831Z] Error reading actual data: no connection to modbus server
[2025-03-01T08:28:15.831Z] Error writing to Modbus register: no connection to modbus server
[2025-03-01T08:28:15.831Z] Error reading register 3105 for IP 10.30.4.91: no connection to modbus server
[2025-03-01T08:28:15.832Z] ❌ Error reading register 1000 for IP 10.30.4.91: no connection to modbus server
[2025-03-01T08:28:15.832Z] Error reading actual data: no connection to modbus server
[2025-03-01T08:28:15.832Z] Error writing to Modbus register: no connection to modbus server
[2025-03-01T08:28:16.455Z] Error reading register 3105 for IP 10.30.4.91: no connection to modbus server
[2025-03-01T08:28:16.455Z] ❌ Error reading register 1000 for IP 10.30.4.91: no connection to modbus server
[2025-03-01T08:28:16.455Z] Error reading actual data: no connection to modbus server
[2025-03-01T08:28:16.597Z] Error writing to Modbus register: no connection to modbus server
[2025-03-01T08:28:16.597Z] Error reading register 3105 for IP 10.30.4.91: no connection to modbus server
[2025-03-01T08:28:16.597Z] ❌ Error reading register 1000 for IP 10.30.4.91: no connection to modbus server
[2025-03-01T08:28:16.598Z] Error reading actual data: no connection to modbus server
[2025-03-01T08:28:16.612Z] Error writing to Modbus register: no connection to modbus server
[2025-03-01T08:28:16.613Z] Error reading register 3105 for IP 10.30.4.91: no connection to modbus server
[2025-03-01T08:28:16.613Z] ❌ Error reading register 1000 for IP 10.30.4.91: no connection to modbus server
[2025-03-01T08:28:16.613Z] Error reading actual data: no connection to modbus server
[2025-03-01T08:28:16.827Z] Error writing to Modbus register: no connection to modbus server
[2025-03-01T08:28:16.828Z] Error reading register 3105 for IP 10.30.4.91: no connection to modbus server
[2025-03-01T08:28:16.828Z] ❌ Error reading register 1000 for IP 10.30.4.91: no connection to modbus server
[2025-03-01T08:28:16.828Z] Error reading actual data: no connection to modbus server
[2025-03-01T08:28:16.829Z] Error writing to Modbus register: no connection to modbus server
[2025-03-01T08:28:16.830Z] Error reading register 3105 for IP 10.30.4.91: no connection to modbus server
[2025-03-01T08:28:16.830Z] ❌ Error reading register 1000 for IP 10.30.4.91: no connection to modbus server
[2025-03-01T08:28:16.830Z] Error reading actual data: no connection to modbus server
[2025-03-01T08:28:16.831Z] Error writing to Modbus register: no connection to modbus server
[2025-03-01T08:28:16.832Z] Error reading register 3105 for IP 10.30.4.91: no connection to modbus server
[2025-03-01T08:28:16.832Z] ❌ Error reading register 1000 for IP 10.30.4.91: no connection to modbus server
[2025-03-01T08:28:16.832Z] Error reading actual data: no connection to modbus server
[2025-03-01T08:28:16.833Z] Error writing to Modbus register: no connection to modbus server
[2025-03-01T08:28:17.461Z] ❌ Error reading register 1000 for IP 10.30.4.91: no connection to modbus server
[2025-03-01T08:28:17.461Z] Error reading register 3105 for IP 10.30.4.91: no connection to modbus server
[2025-03-01T08:28:17.461Z] Error reading actual data: no connection to modbus server
[2025-03-01T08:28:17.613Z] Error writing to Modbus register: no connection to modbus server
[2025-03-01T08:28:17.615Z] Error reading register 3105 for IP 10.30.4.91: no connection to modbus server
[2025-03-01T08:28:17.615Z] ❌ Error reading register 1000 for IP 10.30.4.91: no connection to modbus server
[2025-03-01T08:28:17.616Z] Error reading actual data: no connection to modbus server
[2025-03-01T08:28:17.617Z] Error writing to Modbus register: no connection to modbus server
[2025-03-01T08:28:17.618Z] Error reading register 3105 for IP 10.30.4.91: no connection to modbus server
[2025-03-01T08:28:17.619Z] ❌ Error reading register 1000 for IP 10.30.4.91: no connection to modbus server
[2025-03-01T08:28:17.619Z] Error reading actual data: no connection to modbus server
[2025-03-01T08:28:17.829Z] Error writing to Modbus register: no connection to modbus server
[2025-03-01T08:28:17.830Z] Error reading register 3105 for IP 10.30.4.91: no connection to modbus server
[2025-03-01T08:28:17.830Z] ❌ Error reading register 1000 for IP 10.30.4.91: no connection to modbus server
[2025-03-01T08:28:17.830Z] Error reading actual data: no connection to modbus server
[2025-03-01T08:28:17.831Z] Error reading register 3105 for IP 10.30.4.91: no connection to modbus server
[2025-03-01T08:28:17.830Z] Error writing to Modbus register: no connection to modbus server
[2025-03-01T08:28:17.831Z] Error reading actual data: no connection to modbus server
[2025-03-01T08:28:17.831Z] ❌ Error reading register 1000 for IP 10.30.4.91: no connection to modbus server
[2025-03-01T08:28:17.832Z] Error writing to Modbus register: no connection to modbus server
[2025-03-01T08:28:17.833Z] Error reading register 3105 for IP 10.30.4.91: no connection to modbus server
[2025-03-01T08:28:17.833Z] ❌ Error reading register 1000 for IP 10.30.4.91: no connection to modbus server
[2025-03-01T08:28:17.833Z] Error reading actual data: no connection to modbus server
[2025-03-01T08:28:17.834Z] Error writing to Modbus register: no connection to modbus server
[2025-03-01T08:28:18.466Z] Error reading register 3105 for IP 10.30.4.91: no connection to modbus server
[2025-03-01T08:28:18.466Z] ❌ Error reading register 1000 for IP 10.30.4.91: no connection to modbus server
[2025-03-01T08:28:18.467Z] Error reading actual data: no connection to modbus server
[2025-03-01T08:28:18.616Z] Error reading register 3105 for IP 10.30.4.91: no connection to modbus server
[2025-03-01T08:28:18.616Z] ❌ Error reading register 1000 for IP 10.30.4.91: no connection to modbus server
[2025-03-01T08:28:18.616Z] Error writing to Modbus register: no connection to modbus server
[2025-03-01T08:28:18.617Z] Error reading actual data: no connection to modbus server
[2025-03-01T08:28:18.617Z] Error writing to Modbus register: no connection to modbus server
[2025-03-01T08:28:18.618Z] ❌ Error reading register 1000 for IP 10.30.4.91: no connection to modbus server
[2025-03-01T08:28:18.618Z] Error reading register 3105 for IP 10.30.4.91: no connection to modbus server
[2025-03-01T08:28:18.618Z] Error reading actual data: no connection to modbus server
[2025-03-01T08:28:18.830Z] Error writing to Modbus register: no connection to modbus server
[2025-03-01T08:28:18.831Z] Error reading register 3105 for IP 10.30.4.91: no connection to modbus server
[2025-03-01T08:28:18.831Z] ❌ Error reading register 1000 for IP 10.30.4.91: no connection to modbus server
[2025-03-01T08:28:18.831Z] Error reading actual data: no connection to modbus server
[2025-03-01T08:28:18.832Z] Error writing to Modbus register: no connection to modbus server
[2025-03-01T08:28:18.833Z] Error reading register 3105 for IP 10.30.4.91: no connection to modbus server
[2025-03-01T08:28:18.833Z] Error reading actual data: no connection to modbus server
[2025-03-01T08:28:18.833Z] ❌ Error reading register 1000 for IP 10.30.4.91: no connection to modbus server
[2025-03-01T08:28:18.833Z] Error writing to Modbus register: no connection to modbus server
[2025-03-01T08:28:18.834Z] Error reading register 3105 for IP 10.30.4.91: no connection to modbus server
[2025-03-01T08:28:18.834Z] ❌ Error reading register 1000 for IP 10.30.4.91: no connection to modbus server
[2025-03-01T08:28:18.834Z] Error reading actual data: no connection to modbus server
[2025-03-01T08:28:18.835Z] Error writing to Modbus register: no connection to modbus server
[2025-03-01T08:28:19.481Z] Error reading register 3105 for IP 10.30.4.91: no connection to modbus server
[2025-03-01T08:28:19.481Z] ❌ Error reading register 1000 for IP 10.30.4.91: no connection to modbus server
[2025-03-01T08:28:19.482Z] Error reading actual data: no connection to modbus server
[2025-03-01T08:28:19.619Z] Error writing to Modbus register: no connection to modbus server
[2025-03-01T08:28:19.620Z] Error reading register 3105 for IP 10.30.4.91: no connection to modbus server
[2025-03-01T08:28:19.620Z] ❌ Error reading register 1000 for IP 10.30.4.91: no connection to modbus server
[2025-03-01T08:28:19.620Z] Error reading actual data: no connection to modbus server
[2025-03-01T08:28:19.621Z] Error writing to Modbus register: no connection to modbus server
[2025-03-01T08:28:19.622Z] Error reading register 3105 for IP 10.30.4.91: no connection to modbus server
[2025-03-01T08:28:19.622Z] ❌ Error reading register 1000 for IP 10.30.4.91: no connection to modbus server
[2025-03-01T08:28:19.622Z] Error reading actual data: no connection to modbus server
[2025-03-01T08:28:19.847Z] Error writing to Modbus register: no connection to modbus server
[2025-03-01T08:28:19.849Z] Error reading register 3105 for IP 10.30.4.91: no connection to modbus server
[2025-03-01T08:28:19.849Z] ❌ Error reading register 1000 for IP 10.30.4.91: no connection to modbus server
[2025-03-01T08:28:19.853Z] ❌ Error reading register 1000 for IP 10.30.4.91: no connection to modbus server
[2025-03-01T08:28:19.853Z] Error reading actual data: no connection to modbus server
[2025-03-01T08:28:19.851Z] Error writing to Modbus register: no connection to modbus server
[2025-03-01T08:28:19.855Z] Error reading register 3105 for IP 10.30.4.91: no connection to modbus server
[2025-03-01T08:28:19.855Z] ❌ Error reading register 1000 for IP 10.30.4.91: no connection to modbus server
[2025-03-01T08:28:19.855Z] Error reading actual data: no connection to modbus server
[2025-03-01T08:28:19.855Z] Error writing to Modbus register: no connection to modbus server
[2025-03-01T08:28:19.852Z] Error reading register 3105 for IP 10.30.4.91: no connection to modbus server
[2025-03-01T08:28:19.850Z] Error reading actual data: no connection to modbus server
[2025-03-01T08:28:19.854Z] Error writing to Modbus register: no connection to modbus server
[2025-03-01T08:28:20.480Z] ❌ Error reading register 1000 for IP 10.30.4.91: no connection to modbus server
[2025-03-01T08:28:20.480Z] Error reading actual data: no connection to modbus server
[2025-03-01T08:28:20.480Z] Error reading register 3105 for IP 10.30.4.91: no connection to modbus server
[2025-03-01T08:28:20.630Z] Error writing to Modbus register: no connection to modbus server
[2025-03-01T08:28:20.632Z] Error reading register 3105 for IP 10.30.4.91: no connection to modbus server
[2025-03-01T08:28:20.633Z] ❌ Error reading register 1000 for IP 10.30.4.91: no connection to modbus server
[2025-03-01T08:28:20.633Z] Error reading actual data: no connection to modbus server
[2025-03-01T08:28:20.634Z] Error writing to Modbus register: no connection to modbus server
[2025-03-01T08:28:20.636Z] Error reading register 3105 for IP 10.30.4.91: no connection to modbus server
[2025-03-01T08:28:20.636Z] ❌ Error reading register 1000 for IP 10.30.4.91: no connection to modbus server
[2025-03-01T08:28:20.636Z] Error reading actual data: no connection to modbus server
[2025-03-01T08:28:20.861Z] Error writing to Modbus register: no connection to modbus server
[2025-03-01T08:28:20.862Z] Error reading register 3105 for IP 10.30.4.91: no connection to modbus server
[2025-03-01T08:28:20.863Z] ❌ Error reading register 1000 for IP 10.30.4.91: no connection to modbus server
[2025-03-01T08:28:20.866Z] ❌ Error reading register 1000 for IP 10.30.4.91: no connection to modbus server
[2025-03-01T08:28:20.866Z] Error reading actual data: no connection to modbus server
[2025-03-01T08:28:20.866Z] Error writing to Modbus register: no connection to modbus server
[2025-03-01T08:28:20.867Z] Error reading register 3105 for IP 10.30.4.91: no connection to modbus server
[2025-03-01T08:28:20.864Z] Error writing to Modbus register: no connection to modbus server
[2025-03-01T08:28:20.866Z] Error reading register 3105 for IP 10.30.4.91: no connection to modbus server
[2025-03-01T08:28:20.863Z] Error reading actual data: no connection to modbus server
[2025-03-01T08:28:20.867Z] Error reading actual data: no connection to modbus server
[2025-03-01T08:28:20.867Z] Error writing to Modbus register: no connection to modbus server
[2025-03-01T08:28:20.867Z] ❌ Error reading register 1000 for IP 10.30.4.91: no connection to modbus server
[2025-03-01T08:28:21.482Z] Error reading register 3105 for IP 10.30.4.91: no connection to modbus server
[2025-03-01T08:28:21.482Z] ❌ Error reading register 1000 for IP 10.30.4.91: no connection to modbus server
[2025-03-01T08:28:21.483Z] Error reading actual data: no connection to modbus server
[2025-03-01T08:28:21.630Z] Error writing to Modbus register: no connection to modbus server
[2025-03-01T08:28:21.631Z] Error reading register 3105 for IP 10.30.4.91: no connection to modbus server
[2025-03-01T08:28:21.631Z] ❌ Error reading register 1000 for IP 10.30.4.91: no connection to modbus server
[2025-03-01T08:28:21.631Z] Error reading actual data: no connection to modbus server
[2025-03-01T08:28:21.646Z] Error writing to Modbus register: no connection to modbus server
[2025-03-01T08:28:21.647Z] Error reading register 3105 for IP 10.30.4.91: no connection to modbus server
[2025-03-01T08:28:21.648Z] ❌ Error reading register 1000 for IP 10.30.4.91: no connection to modbus server
[2025-03-01T08:28:21.648Z] Error reading actual data: no connection to modbus server
[2025-03-01T08:28:21.865Z] Error writing to Modbus register: no connection to modbus server
[2025-03-01T08:28:21.867Z] Error reading register 3105 for IP 10.30.4.91: no connection to modbus server
[2025-03-01T08:28:21.867Z] ❌ Error reading register 1000 for IP 10.30.4.91: no connection to modbus server
[2025-03-01T08:28:21.868Z] Error reading actual data: no connection to modbus server
[2025-03-01T08:28:21.868Z] Error writing to Modbus register: no connection to modbus server
[2025-03-01T08:28:21.876Z] Error reading register 3105 for IP 10.30.4.91: no connection to modbus server
[2025-03-01T08:28:21.877Z] ❌ Error reading register 1000 for IP 10.30.4.91: no connection to modbus server
[2025-03-01T08:28:21.877Z] Error reading actual data: no connection to modbus server
[2025-03-01T08:28:21.877Z] Error writing to Modbus register: no connection to modbus server
[2025-03-01T08:28:21.878Z] Error reading register 3105 for IP 10.30.4.91: no connection to modbus server
[2025-03-01T08:28:21.878Z] ❌ Error reading register 1000 for IP 10.30.4.91: no connection to modbus server
[2025-03-01T08:28:21.878Z] Error reading actual data: no connection to modbus server
[2025-03-01T08:28:21.879Z] Error writing to Modbus register: no connection to modbus server
[2025-03-01T08:28:22.482Z] Error reading register 3105 for IP 10.30.4.91: no connection to modbus server
[2025-03-01T08:28:22.483Z] ❌ Error reading register 1000 for IP 10.30.4.91: no connection to modbus server
[2025-03-01T08:28:22.483Z] Error reading actual data: no connection to modbus server
[2025-03-01T08:28:22.630Z] Error writing to Modbus register: no connection to modbus server
[2025-03-01T08:28:22.630Z] Error reading register 3105 for IP 10.30.4.91: no connection to modbus server
[2025-03-01T08:28:22.630Z] ❌ Error reading register 1000 for IP 10.30.4.91: no connection to modbus server
[2025-03-01T08:28:22.631Z] Error reading actual data: no connection to modbus server
[2025-03-01T08:28:22.647Z] Error writing to Modbus register: no connection to modbus server
[2025-03-01T08:28:22.648Z] Error reading register 3105 for IP 10.30.4.91: no connection to modbus server
[2025-03-01T08:28:22.648Z] ❌ Error reading register 1000 for IP 10.30.4.91: no connection to modbus server
[2025-03-01T08:28:22.649Z] Error reading actual data: no connection to modbus server
[2025-03-01T08:28:22.866Z] Error writing to Modbus register: no connection to modbus server
[2025-03-01T08:28:22.867Z] Error reading register 3105 for IP 10.30.4.91: no connection to modbus server
[2025-03-01T08:28:22.868Z] ❌ Error reading register 1000 for IP 10.30.4.91: no connection to modbus server
[2025-03-01T08:28:22.868Z] Error reading actual data: no connection to modbus server
[2025-03-01T08:28:22.869Z] Error writing to Modbus register: no connection to modbus server
[2025-03-01T08:28:22.883Z] Error reading register 3105 for IP 10.30.4.91: no connection to modbus server
[2025-03-01T08:28:22.883Z] ❌ Error reading register 1000 for IP 10.30.4.91: no connection to modbus server
[2025-03-01T08:28:22.884Z] Error reading actual data: no connection to modbus server
[2025-03-01T08:28:22.884Z] Error writing to Modbus register: no connection to modbus server
[2025-03-01T08:28:22.885Z] Error reading register 3105 for IP 10.30.4.91: no connection to modbus server
[2025-03-01T08:28:22.885Z] ❌ Error reading register 1000 for IP 10.30.4.91: no connection to modbus server
[2025-03-01T08:28:22.886Z] Error reading actual data: no connection to modbus server
[2025-03-01T08:28:22.886Z] Error writing to Modbus register: no connection to modbus server
[2025-03-01T08:28:23.484Z] Error reading register 3105 for IP 10.30.4.91: no connection to modbus server
[2025-03-01T08:28:23.484Z] ❌ Error reading register 1000 for IP 10.30.4.91: no connection to modbus server
[2025-03-01T08:28:23.485Z] Error reading actual data: no connection to modbus server
[2025-03-01T08:28:23.632Z] Error writing to Modbus register: no connection to modbus server
[2025-03-01T08:28:23.633Z] Error reading register 3105 for IP 10.30.4.91: no connection to modbus server
[2025-03-01T08:28:23.634Z] ❌ Error reading register 1000 for IP 10.30.4.91: no connection to modbus server
[2025-03-01T08:28:23.634Z] Error reading actual data: no connection to modbus server
[2025-03-01T08:28:23.647Z] Error writing to Modbus register: no connection to modbus server
[2025-03-01T08:28:23.648Z] Error reading register 3105 for IP 10.30.4.91: no connection to modbus server
[2025-03-01T08:28:23.648Z] ❌ Error reading register 1000 for IP 10.30.4.91: no connection to modbus server
[2025-03-01T08:28:23.649Z] Error reading actual data: no connection to modbus server
[2025-03-01T08:28:23.881Z] Error writing to Modbus register: no connection to modbus server
[2025-03-01T08:28:23.883Z] Error reading register 3105 for IP 10.30.4.91: no connection to modbus server
[2025-03-01T08:28:23.884Z] ❌ Error reading register 1000 for IP 10.30.4.91: no connection to modbus server
[2025-03-01T08:28:23.884Z] Error reading actual data: no connection to modbus server
[2025-03-01T08:28:23.885Z] Error writing to Modbus register: no connection to modbus server
[2025-03-01T08:28:23.886Z] Error reading register 3105 for IP 10.30.4.91: no connection to modbus server
[2025-03-01T08:28:23.887Z] ❌ Error reading register 1000 for IP 10.30.4.91: no connection to modbus server
[2025-03-01T08:28:23.887Z] Error writing to Modbus register: no connection to modbus server
[2025-03-01T08:28:23.887Z] Error reading actual data: no connection to modbus server
[2025-03-01T08:28:23.888Z] Error reading actual data: no connection to modbus server
[2025-03-01T08:28:23.888Z] ❌ Error reading register 1000 for IP 10.30.4.91: no connection to modbus server
[2025-03-01T08:28:23.888Z] Error writing to Modbus register: no connection to modbus server
[2025-03-01T08:28:23.887Z] Error reading register 3105 for IP 10.30.4.91: no connection to modbus server
[2025-03-01T08:28:24.498Z] Error reading register 3105 for IP 10.30.4.91: no connection to modbus server
[2025-03-01T08:28:24.499Z] ❌ Error reading register 1000 for IP 10.30.4.91: no connection to modbus server
[2025-03-01T08:28:24.499Z] Error reading actual data: no connection to modbus server
[2025-03-01T08:28:24.647Z] Error writing to Modbus register: no connection to modbus server
[2025-03-01T08:28:24.649Z] Error reading register 3105 for IP 10.30.4.91: no connection to modbus server
[2025-03-01T08:28:24.649Z] ❌ Error reading register 1000 for IP 10.30.4.91: no connection to modbus server
[2025-03-01T08:28:24.649Z] Error reading actual data: no connection to modbus server
[2025-03-01T08:28:24.651Z] Error writing to Modbus register: no connection to modbus server
[2025-03-01T08:28:24.652Z] Error reading register 3105 for IP 10.30.4.91: no connection to modbus server
[2025-03-01T08:28:24.652Z] ❌ Error reading register 1000 for IP 10.30.4.91: no connection to modbus server
[2025-03-01T08:28:24.652Z] Error reading actual data: no connection to modbus server
[2025-03-01T08:28:24.881Z] Error writing to Modbus register: no connection to modbus server
[2025-03-01T08:28:24.884Z] Error reading register 3105 for IP 10.30.4.91: no connection to modbus server
[2025-03-01T08:28:24.884Z] ❌ Error reading register 1000 for IP 10.30.4.91: no connection to modbus server
[2025-03-01T08:28:24.884Z] Error reading actual data: no connection to modbus server
[2025-03-01T08:28:24.886Z] Error writing to Modbus register: no connection to modbus server
[2025-03-01T08:28:24.887Z] Error reading register 3105 for IP 10.30.4.91: no connection to modbus server
[2025-03-01T08:28:24.888Z] Error reading actual data: no connection to modbus server
[2025-03-01T08:28:24.888Z] ❌ Error reading register 1000 for IP 10.30.4.91: no connection to modbus server
[2025-03-01T08:28:24.888Z] Error writing to Modbus register: no connection to modbus server
[2025-03-01T08:28:24.889Z] ❌ Error reading register 1000 for IP 10.30.4.91: no connection to modbus server
[2025-03-01T08:28:24.889Z] Error reading register 3105 for IP 10.30.4.91: no connection to modbus server
[2025-03-01T08:28:24.889Z] Error reading actual data: no connection to modbus server
[2025-03-01T08:28:24.889Z] Error writing to Modbus register: no connection to modbus server
[2025-03-01T08:28:25.500Z] Error reading register 3105 for IP 10.30.4.91: no connection to modbus server
[2025-03-01T08:28:25.500Z] ❌ Error reading register 1000 for IP 10.30.4.91: no connection to modbus server
[2025-03-01T08:28:25.500Z] Error reading actual data: no connection to modbus server
[2025-03-01T08:28:25.647Z] Error writing to Modbus register: no connection to modbus server
[2025-03-01T08:28:25.648Z] Error reading register 3105 for IP 10.30.4.91: no connection to modbus server
[2025-03-01T08:28:25.649Z] ❌ Error reading register 1000 for IP 10.30.4.91: no connection to modbus server
[2025-03-01T08:28:25.650Z] Error reading actual data: no connection to modbus server
[2025-03-01T08:28:25.652Z] Error writing to Modbus register: no connection to modbus server
[2025-03-01T08:28:25.653Z] Error reading register 3105 for IP 10.30.4.91: no connection to modbus server
[2025-03-01T08:28:25.653Z] ❌ Error reading register 1000 for IP 10.30.4.91: no connection to modbus server
[2025-03-01T08:28:25.654Z] Error reading actual data: no connection to modbus server
[2025-03-01T08:28:25.882Z] Error writing to Modbus register: no connection to modbus server
[2025-03-01T08:28:25.884Z] Error reading register 3105 for IP 10.30.4.91: no connection to modbus server
[2025-03-01T08:28:25.884Z] ❌ Error reading register 1000 for IP 10.30.4.91: no connection to modbus server
[2025-03-01T08:28:25.885Z] Error reading actual data: no connection to modbus server
[2025-03-01T08:28:25.886Z] Error writing to Modbus register: no connection to modbus server
[2025-03-01T08:28:25.887Z] Error reading register 3105 for IP 10.30.4.91: no connection to modbus server
[2025-03-01T08:28:25.888Z] ❌ Error reading register 1000 for IP 10.30.4.91: no connection to modbus server
[2025-03-01T08:28:25.888Z] Error reading actual data: no connection to modbus server
[2025-03-01T08:28:25.889Z] Error writing to Modbus register: no connection to modbus server
[2025-03-01T08:28:25.890Z] Error reading register 3105 for IP 10.30.4.91: no connection to modbus server
[2025-03-01T08:28:25.890Z] ❌ Error reading register 1000 for IP 10.30.4.91: no connection to modbus server
[2025-03-01T08:28:25.890Z] Error reading actual data: no connection to modbus server
[2025-03-01T08:28:25.891Z] Error writing to Modbus register: no connection to modbus server
[2025-03-01T08:28:26.510Z] Error reading register 3105 for IP 10.30.4.91: no connection to modbus server
[2025-03-01T08:28:26.511Z] ❌ Error reading register 1000 for IP 10.30.4.91: no connection to modbus server
[2025-03-01T08:28:26.511Z] Error reading actual data: no connection to modbus server
[2025-03-01T08:28:26.664Z] Error writing to Modbus register: no connection to modbus server
[2025-03-01T08:28:26.665Z] Error reading register 3105 for IP 10.30.4.91: no connection to modbus server
[2025-03-01T08:28:26.666Z] ❌ Error reading register 1000 for IP 10.30.4.91: no connection to modbus server
[2025-03-01T08:28:26.666Z] Error reading actual data: no connection to modbus server
[2025-03-01T08:28:26.667Z] Error writing to Modbus register: no connection to modbus server
[2025-03-01T08:28:26.668Z] Error reading register 3105 for IP 10.30.4.91: no connection to modbus server
[2025-03-01T08:28:26.669Z] ❌ Error reading register 1000 for IP 10.30.4.91: no connection to modbus server
[2025-03-01T08:28:26.669Z] Error reading actual data: no connection to modbus server
[2025-03-01T08:28:26.898Z] Error writing to Modbus register: no connection to modbus server
[2025-03-01T08:28:26.899Z] Error reading register 3105 for IP 10.30.4.91: no connection to modbus server
[2025-03-01T08:28:26.900Z] ❌ Error reading register 1000 for IP 10.30.4.91: no connection to modbus server
[2025-03-01T08:28:26.900Z] Error reading actual data: no connection to modbus server
[2025-03-01T08:28:26.901Z] Error writing to Modbus register: no connection to modbus server
[2025-03-01T08:28:26.902Z] Error reading register 3105 for IP 10.30.4.91: no connection to modbus server
[2025-03-01T08:28:26.902Z] ❌ Error reading register 1000 for IP 10.30.4.91: no connection to modbus server
[2025-03-01T08:28:26.903Z] Error reading actual data: no connection to modbus server
[2025-03-01T08:28:26.903Z] Error writing to Modbus register: no connection to modbus server
[2025-03-01T08:28:26.904Z] Error reading register 3105 for IP 10.30.4.91: no connection to modbus server
[2025-03-01T08:28:26.904Z] ❌ Error reading register 1000 for IP 10.30.4.91: no connection to modbus server
[2025-03-01T08:28:26.904Z] Error reading actual data: no connection to modbus server
[2025-03-01T08:28:26.904Z] Error writing to Modbus register: no connection to modbus server
[2025-03-01T08:28:27.515Z] Error reading register 3105 for IP 10.30.4.91: no connection to modbus server
[2025-03-01T08:28:27.515Z] ❌ Error reading register 1000 for IP 10.30.4.91: no connection to modbus server
[2025-03-01T08:28:27.516Z] Error reading actual data: no connection to modbus server
[2025-03-01T08:28:27.665Z] Error writing to Modbus register: no connection to modbus server
[2025-03-01T08:28:27.667Z] Error reading register 3105 for IP 10.30.4.91: no connection to modbus server
[2025-03-01T08:28:27.667Z] ❌ Error reading register 1000 for IP 10.30.4.91: no connection to modbus server
[2025-03-01T08:28:27.667Z] Error reading actual data: no connection to modbus server
[2025-03-01T08:28:27.668Z] Error writing to Modbus register: no connection to modbus server
[2025-03-01T08:28:27.669Z] Error reading register 3105 for IP 10.30.4.91: no connection to modbus server
[2025-03-01T08:28:27.669Z] ❌ Error reading register 1000 for IP 10.30.4.91: no connection to modbus server
[2025-03-01T08:28:27.670Z] Error reading actual data: no connection to modbus server
[2025-03-01T08:28:27.898Z] Error writing to Modbus register: no connection to modbus server
[2025-03-01T08:28:27.900Z] Error reading register 3105 for IP 10.30.4.91: no connection to modbus server
[2025-03-01T08:28:27.900Z] ❌ Error reading register 1000 for IP 10.30.4.91: no connection to modbus server
[2025-03-01T08:28:27.901Z] Error reading actual data: no connection to modbus server
[2025-03-01T08:28:27.903Z] Error reading register 3105 for IP 10.30.4.91: no connection to modbus server
[2025-03-01T08:28:27.902Z] Error writing to Modbus register: no connection to modbus server
[2025-03-01T08:28:27.903Z] ❌ Error reading register 1000 for IP 10.30.4.91: no connection to modbus server
[2025-03-01T08:28:27.904Z] Error reading actual data: no connection to modbus server
[2025-03-01T08:28:27.904Z] Error writing to Modbus register: no connection to modbus server
[2025-03-01T08:28:27.905Z] Error reading register 3105 for IP 10.30.4.91: no connection to modbus server
[2025-03-01T08:28:27.905Z] ❌ Error reading register 1000 for IP 10.30.4.91: no connection to modbus server
[2025-03-01T08:28:27.905Z] Error reading actual data: no connection to modbus server
[2025-03-01T08:28:27.905Z] Error writing to Modbus register: no connection to modbus server
[2025-03-01T08:28:28.514Z] Error reading register 3105 for IP 10.30.4.91: no connection to modbus server
[2025-03-01T08:28:28.515Z] ❌ Error reading register 1000 for IP 10.30.4.91: no connection to modbus server
[2025-03-01T08:28:28.515Z] Error reading actual data: no connection to modbus server
[2025-03-01T08:28:28.680Z] Error writing to Modbus register: no connection to modbus server
[2025-03-01T08:28:28.680Z] Error reading register 3105 for IP 10.30.4.91: no connection to modbus server
[2025-03-01T08:28:28.681Z] ❌ Error reading register 1000 for IP 10.30.4.91: no connection to modbus server
[2025-03-01T08:28:28.681Z] Error reading actual data: no connection to modbus server
[2025-03-01T08:28:28.681Z] Error writing to Modbus register: no connection to modbus server
[2025-03-01T08:28:28.681Z] Error reading register 3105 for IP 10.30.4.91: no connection to modbus server
[2025-03-01T08:28:28.681Z] ❌ Error reading register 1000 for IP 10.30.4.91: no connection to modbus server
[2025-03-01T08:28:28.681Z] Error reading actual data: no connection to modbus server
[2025-03-01T08:28:28.913Z] Error writing to Modbus register: no connection to modbus server
[2025-03-01T08:28:28.913Z] Error reading register 3105 for IP 10.30.4.91: no connection to modbus server
[2025-03-01T08:28:28.913Z] ❌ Error reading register 1000 for IP 10.30.4.91: no connection to modbus server
[2025-03-01T08:28:28.914Z] Error writing to Modbus register: no connection to modbus server
[2025-03-01T08:28:28.914Z] ❌ Error reading register 1000 for IP 10.30.4.91: no connection to modbus server
[2025-03-01T08:28:28.914Z] Error reading register 3105 for IP 10.30.4.91: no connection to modbus server
[2025-03-01T08:28:28.914Z] Error reading actual data: no connection to modbus server
[2025-03-01T08:28:28.913Z] Error reading actual data: no connection to modbus server
[2025-03-01T08:28:28.914Z] Error writing to Modbus register: no connection to modbus server
[2025-03-01T08:28:28.915Z] Error reading register 3105 for IP 10.30.4.91: no connection to modbus server
[2025-03-01T08:28:28.915Z] ❌ Error reading register 1000 for IP 10.30.4.91: no connection to modbus server
[2025-03-01T08:28:28.915Z] Error reading actual data: no connection to modbus server
[2025-03-01T08:28:28.915Z] Error writing to Modbus register: no connection to modbus server
[2025-03-01T08:28:29.529Z] Error reading register 3105 for IP 10.30.4.91: no connection to modbus server
[2025-03-01T08:28:29.529Z] ❌ Error reading register 1000 for IP 10.30.4.91: no connection to modbus server
[2025-03-01T08:28:29.529Z] Error reading actual data: no connection to modbus server
[2025-03-01T08:28:29.693Z] Error writing to Modbus register: no connection to modbus server
[2025-03-01T08:28:29.693Z] Error reading register 3105 for IP 10.30.4.91: no connection to modbus server
[2025-03-01T08:28:29.693Z] ❌ Error reading register 1000 for IP 10.30.4.91: no connection to modbus server
[2025-03-01T08:28:29.693Z] Error reading actual data: no connection to modbus server
[2025-03-01T08:28:29.694Z] Error writing to Modbus register: no connection to modbus server
[2025-03-01T08:28:29.695Z] ❌ Error reading register 1000 for IP 10.30.4.91: no connection to modbus server
[2025-03-01T08:28:29.694Z] Error reading register 3105 for IP 10.30.4.91: no connection to modbus server
[2025-03-01T08:28:29.695Z] Error reading actual data: no connection to modbus server
[2025-03-01T08:28:29.916Z] Error writing to Modbus register: no connection to modbus server
[2025-03-01T08:28:29.917Z] Error reading register 3105 for IP 10.30.4.91: no connection to modbus server
[2025-03-01T08:28:29.917Z] ❌ Error reading register 1000 for IP 10.30.4.91: no connection to modbus server
[2025-03-01T08:28:29.917Z] Error reading actual data: no connection to modbus server
[2025-03-01T08:28:29.918Z] Error writing to Modbus register: no connection to modbus server
[2025-03-01T08:28:29.918Z] Error reading register 3105 for IP 10.30.4.91: no connection to modbus server
[2025-03-01T08:28:29.918Z] ❌ Error reading register 1000 for IP 10.30.4.91: no connection to modbus server
[2025-03-01T08:28:29.918Z] Error reading actual data: no connection to modbus server
[2025-03-01T08:28:29.918Z] Error writing to Modbus register: no connection to modbus server
[2025-03-01T08:28:29.919Z] Error reading register 3105 for IP 10.30.4.91: no connection to modbus server
[2025-03-01T08:28:29.919Z] ❌ Error reading register 1000 for IP 10.30.4.91: no connection to modbus server
[2025-03-01T08:28:29.919Z] Error reading actual data: no connection to modbus server
[2025-03-01T08:28:29.919Z] Error writing to Modbus register: no connection to modbus server
[2025-03-01T08:28:30.533Z] Error reading register 3105 for IP 10.30.4.91: no connection to modbus server
[2025-03-01T08:28:30.533Z] ❌ Error reading register 1000 for IP 10.30.4.91: no connection to modbus server
[2025-03-01T08:28:30.533Z] Error reading actual data: no connection to modbus server
[2025-03-01T08:28:30.695Z] Error writing to Modbus register: no connection to modbus server
[2025-03-01T08:28:30.696Z] Error reading register 3105 for IP 10.30.4.91: no connection to modbus server
[2025-03-01T08:28:30.696Z] ❌ Error reading register 1000 for IP 10.30.4.91: no connection to modbus server
[2025-03-01T08:28:30.697Z] Error reading actual data: no connection to modbus server
[2025-03-01T08:28:30.698Z] Error writing to Modbus register: no connection to modbus server
[2025-03-01T08:28:30.699Z] Error reading register 3105 for IP 10.30.4.91: no connection to modbus server
[2025-03-01T08:28:30.699Z] ❌ Error reading register 1000 for IP 10.30.4.91: no connection to modbus server
[2025-03-01T08:28:30.699Z] Error reading actual data: no connection to modbus server
[2025-03-01T08:28:30.932Z] Error writing to Modbus register: no connection to modbus server
[2025-03-01T08:28:30.932Z] Error reading register 3105 for IP 10.30.4.91: no connection to modbus server
[2025-03-01T08:28:30.933Z] ❌ Error reading register 1000 for IP 10.30.4.91: no connection to modbus server
[2025-03-01T08:28:30.933Z] Error reading actual data: no connection to modbus server
[2025-03-01T08:28:30.933Z] Error writing to Modbus register: no connection to modbus server
[2025-03-01T08:28:30.934Z] Error reading register 3105 for IP 10.30.4.91: no connection to modbus server
[2025-03-01T08:28:30.934Z] ❌ Error reading register 1000 for IP 10.30.4.91: no connection to modbus server
[2025-03-01T08:28:30.934Z] Error reading actual data: no connection to modbus server
[2025-03-01T08:28:30.934Z] Error writing to Modbus register: no connection to modbus server
[2025-03-01T08:28:30.935Z] Error reading register 3105 for IP 10.30.4.91: no connection to modbus server
[2025-03-01T08:28:30.935Z] ❌ Error reading register 1000 for IP 10.30.4.91: no connection to modbus server
[2025-03-01T08:28:30.935Z] Error reading actual data: no connection to modbus server
[2025-03-01T08:28:30.936Z] Error writing to Modbus register: no connection to modbus server
[2025-03-01T08:28:31.541Z] Error reading register 3105 for IP 10.30.4.91: no connection to modbus server
[2025-03-01T08:28:31.541Z] ❌ Error reading register 1000 for IP 10.30.4.91: no connection to modbus server
[2025-03-01T08:28:31.541Z] Error reading actual data: no connection to modbus server
[2025-03-01T08:28:31.701Z] Error writing to Modbus register: no connection to modbus server
[2025-03-01T08:28:31.702Z] ❌ Error reading register 1000 for IP 10.30.4.91: no connection to modbus server
[2025-03-01T08:28:31.702Z] Error reading register 3105 for IP 10.30.4.91: no connection to modbus server
[2025-03-01T08:28:31.702Z] Error reading actual data: no connection to modbus server
[2025-03-01T08:28:31.702Z] Error writing to Modbus register: no connection to modbus server
[2025-03-01T08:28:31.703Z] Error reading register 3105 for IP 10.30.4.91: no connection to modbus server
[2025-03-01T08:28:31.703Z] ❌ Error reading register 1000 for IP 10.30.4.91: no connection to modbus server
[2025-03-01T08:28:31.703Z] Error reading actual data: no connection to modbus server
[2025-03-01T08:28:31.934Z] Error writing to Modbus register: no connection to modbus server
[2025-03-01T08:28:31.935Z] Error reading register 3105 for IP 10.30.4.91: no connection to modbus server
[2025-03-01T08:28:31.935Z] ❌ Error reading register 1000 for IP 10.30.4.91: no connection to modbus server
[2025-03-01T08:28:31.936Z] Error writing to Modbus register: no connection to modbus server
[2025-03-01T08:28:31.935Z] Error reading actual data: no connection to modbus server
[2025-03-01T08:28:31.936Z] ❌ Error reading register 1000 for IP 10.30.4.91: no connection to modbus server
[2025-03-01T08:28:31.937Z] Error writing to Modbus register: no connection to modbus server
[2025-03-01T08:28:31.936Z] Error reading register 3105 for IP 10.30.4.91: no connection to modbus server
[2025-03-01T08:28:31.937Z] Error reading register 3105 for IP 10.30.4.91: no connection to modbus server
[2025-03-01T08:28:31.937Z] Error reading actual data: no connection to modbus server
[2025-03-01T08:28:31.937Z] ❌ Error reading register 1000 for IP 10.30.4.91: no connection to modbus server
[2025-03-01T08:28:31.937Z] Error reading actual data: no connection to modbus server
[2025-03-01T08:28:31.938Z] Error writing to Modbus register: no connection to modbus server
[2025-03-01T08:28:32.550Z] Error reading register 3105 for IP 10.30.4.91: no connection to modbus server
[2025-03-01T08:28:32.551Z] ❌ Error reading register 1000 for IP 10.30.4.91: no connection to modbus server
[2025-03-01T08:28:32.551Z] Error reading actual data: no connection to modbus server
[2025-03-01T08:28:32.707Z] Error writing to Modbus register: no connection to modbus server
[2025-03-01T08:28:32.707Z] Error reading register 3105 for IP 10.30.4.91: no connection to modbus server
[2025-03-01T08:28:32.707Z] Error reading actual data: no connection to modbus server
[2025-03-01T08:28:32.707Z] ❌ Error reading register 1000 for IP 10.30.4.91: no connection to modbus server
[2025-03-01T08:28:32.708Z] Error reading register 3105 for IP 10.30.4.91: no connection to modbus server
[2025-03-01T08:28:32.708Z] ❌ Error reading register 1000 for IP 10.30.4.91: no connection to modbus server
[2025-03-01T08:28:32.708Z] Error writing to Modbus register: no connection to modbus server
[2025-03-01T08:28:32.708Z] Error reading actual data: no connection to modbus server
[2025-03-01T08:28:32.945Z] Error writing to Modbus register: no connection to modbus server
[2025-03-01T08:28:32.945Z] Error reading register 3105 for IP 10.30.4.91: no connection to modbus server
[2025-03-01T08:28:32.945Z] ❌ Error reading register 1000 for IP 10.30.4.91: no connection to modbus server
[2025-03-01T08:28:32.945Z] Error reading actual data: no connection to modbus server
[2025-03-01T08:28:32.946Z] Error writing to Modbus register: no connection to modbus server
[2025-03-01T08:28:32.946Z] Error reading register 3105 for IP 10.30.4.91: no connection to modbus server
[2025-03-01T08:28:32.946Z] ❌ Error reading register 1000 for IP 10.30.4.91: no connection to modbus server
[2025-03-01T08:28:32.946Z] Error reading actual data: no connection to modbus server
[2025-03-01T08:28:32.947Z] Error writing to Modbus register: no connection to modbus server
[2025-03-01T08:28:32.947Z] Error reading register 3105 for IP 10.30.4.91: no connection to modbus server
[2025-03-01T08:28:32.947Z] ❌ Error reading register 1000 for IP 10.30.4.91: no connection to modbus server
[2025-03-01T08:28:32.947Z] Error reading actual data: no connection to modbus server
[2025-03-01T08:28:32.947Z] Error writing to Modbus register: no connection to modbus server
[2025-03-01T08:28:33.562Z] ❌ Error reading register 1000 for IP 10.30.4.91: no connection to modbus server
[2025-03-01T08:28:33.562Z] Error reading register 3105 for IP 10.30.4.91: no connection to modbus server
[2025-03-01T08:28:33.562Z] Error reading actual data: no connection to modbus server
[2025-03-01T08:28:33.715Z] Error writing to Modbus register: no connection to modbus server
[2025-03-01T08:28:33.715Z] Error reading register 3105 for IP 10.30.4.91: no connection to modbus server
[2025-03-01T08:28:33.715Z] ❌ Error reading register 1000 for IP 10.30.4.91: no connection to modbus server
[2025-03-01T08:28:33.716Z] Error writing to Modbus register: no connection to modbus server
[2025-03-01T08:28:33.716Z] ❌ Error reading register 1000 for IP 10.30.4.91: no connection to modbus server
[2025-03-01T08:28:33.716Z] Error reading actual data: no connection to modbus server
[2025-03-01T08:28:33.716Z] Error reading register 3105 for IP 10.30.4.91: no connection to modbus server
[2025-03-01T08:28:33.715Z] Error reading actual data: no connection to modbus server
[2025-03-01T08:28:33.960Z] Error writing to Modbus register: no connection to modbus server
[2025-03-01T08:28:33.960Z] Error reading register 3105 for IP 10.30.4.91: no connection to modbus server
[2025-03-01T08:28:33.960Z] ❌ Error reading register 1000 for IP 10.30.4.91: no connection to modbus server
[2025-03-01T08:28:33.961Z] Error reading actual data: no connection to modbus server
[2025-03-01T08:28:33.961Z] Error writing to Modbus register: no connection to modbus server
[2025-03-01T08:28:33.961Z] Error reading register 3105 for IP 10.30.4.91: no connection to modbus server
[2025-03-01T08:28:33.961Z] ❌ Error reading register 1000 for IP 10.30.4.91: no connection to modbus server
[2025-03-01T08:28:33.962Z] Error reading actual data: no connection to modbus server
[2025-03-01T08:28:33.962Z] Error writing to Modbus register: no connection to modbus server
[2025-03-01T08:28:33.963Z] Error reading register 3105 for IP 10.30.4.91: no connection to modbus server
[2025-03-01T08:28:33.963Z] ❌ Error reading register 1000 for IP 10.30.4.91: no connection to modbus server
[2025-03-01T08:28:33.963Z] Error reading actual data: no connection to modbus server
[2025-03-01T08:28:33.963Z] Error writing to Modbus register: no connection to modbus server
[2025-03-01T08:28:34.563Z] Error reading register 3105 for IP 10.30.4.91: no connection to modbus server
[2025-03-01T08:28:34.563Z] ❌ Error reading register 1000 for IP 10.30.4.91: no connection to modbus server
[2025-03-01T08:28:34.564Z] Error reading actual data: no connection to modbus server
[2025-03-01T08:28:34.729Z] Error writing to Modbus register: no connection to modbus server
[2025-03-01T08:28:34.731Z] Error reading register 3105 for IP 10.30.4.91: no connection to modbus server
[2025-03-01T08:28:34.731Z] ❌ Error reading register 1000 for IP 10.30.4.91: no connection to modbus server
[2025-03-01T08:28:34.732Z] Error reading actual data: no connection to modbus server
[2025-03-01T08:28:34.732Z] Error writing to Modbus register: no connection to modbus server
[2025-03-01T08:28:34.734Z] Error reading register 3105 for IP 10.30.4.91: no connection to modbus server
[2025-03-01T08:28:34.734Z] ❌ Error reading register 1000 for IP 10.30.4.91: no connection to modbus server
[2025-03-01T08:28:34.734Z] Error reading actual data: no connection to modbus server
[2025-03-01T08:28:34.961Z] Error reading register 3105 for IP 10.30.4.91: no connection to modbus server
[2025-03-01T08:28:34.961Z] ❌ Error reading register 1000 for IP 10.30.4.91: no connection to modbus server
[2025-03-01T08:28:34.961Z] Error reading actual data: no connection to modbus server
[2025-03-01T08:28:34.961Z] Error writing to Modbus register: no connection to modbus server
[2025-03-01T08:28:34.962Z] Error writing to Modbus register: no connection to modbus server
[2025-03-01T08:28:34.962Z] Error reading register 3105 for IP 10.30.4.91: no connection to modbus server
[2025-03-01T08:28:34.962Z] ❌ Error reading register 1000 for IP 10.30.4.91: no connection to modbus server
[2025-03-01T08:28:34.962Z] Error reading actual data: no connection to modbus server
[2025-03-01T08:28:34.962Z] Error writing to Modbus register: no connection to modbus server
[2025-03-01T08:28:34.963Z] Error reading register 3105 for IP 10.30.4.91: no connection to modbus server
[2025-03-01T08:28:34.963Z] ❌ Error reading register 1000 for IP 10.30.4.91: no connection to modbus server
[2025-03-01T08:28:34.963Z] Error reading actual data: no connection to modbus server
[2025-03-01T08:28:34.964Z] Error writing to Modbus register: no connection to modbus server
[2025-03-01T08:28:35.575Z] Error reading register 3105 for IP 10.30.4.91: no connection to modbus server
[2025-03-01T08:28:35.576Z] ❌ Error reading register 1000 for IP 10.30.4.91: no connection to modbus server
[2025-03-01T08:28:35.576Z] Error reading actual data: no connection to modbus server
[2025-03-01T08:28:35.729Z] Error writing to Modbus register: no connection to modbus server
[2025-03-01T08:28:35.730Z] Error reading register 3105 for IP 10.30.4.91: no connection to modbus server
[2025-03-01T08:28:35.731Z] ❌ Error reading register 1000 for IP 10.30.4.91: no connection to modbus server
[2025-03-01T08:28:35.731Z] Error reading actual data: no connection to modbus server
[2025-03-01T08:28:35.733Z] Error writing to Modbus register: no connection to modbus server
[2025-03-01T08:28:35.734Z] Error reading register 3105 for IP 10.30.4.91: no connection to modbus server
[2025-03-01T08:28:35.734Z] ❌ Error reading register 1000 for IP 10.30.4.91: no connection to modbus server
[2025-03-01T08:28:35.735Z] Error reading actual data: no connection to modbus server
[2025-03-01T08:28:35.975Z] Error writing to Modbus register: no connection to modbus server
[2025-03-01T08:28:35.975Z] Error reading register 3105 for IP 10.30.4.91: no connection to modbus server
[2025-03-01T08:28:35.976Z] ❌ Error reading register 1000 for IP 10.30.4.91: no connection to modbus server
[2025-03-01T08:28:35.976Z] Error reading actual data: no connection to modbus server
[2025-03-01T08:28:35.976Z] Error writing to Modbus register: no connection to modbus server
[2025-03-01T08:28:35.977Z] Error reading register 3105 for IP 10.30.4.91: no connection to modbus server
[2025-03-01T08:28:35.977Z] ❌ Error reading register 1000 for IP 10.30.4.91: no connection to modbus server
[2025-03-01T08:28:35.977Z] Error reading actual data: no connection to modbus server
[2025-03-01T08:28:35.978Z] Error writing to Modbus register: no connection to modbus server
[2025-03-01T08:28:35.978Z] Error reading register 3105 for IP 10.30.4.91: no connection to modbus server
[2025-03-01T08:28:35.978Z] ❌ Error reading register 1000 for IP 10.30.4.91: no connection to modbus server
[2025-03-01T08:28:35.979Z] Error writing to Modbus register: no connection to modbus server
[2025-03-01T08:28:35.979Z] Error reading actual data: no connection to modbus server
[2025-03-01T08:28:36.578Z] Error reading register 3105 for IP 10.30.4.91: no connection to modbus server
[2025-03-01T08:28:36.578Z] ❌ Error reading register 1000 for IP 10.30.4.91: no connection to modbus server
[2025-03-01T08:28:36.578Z] Error reading actual data: no connection to modbus server
[2025-03-01T08:28:36.729Z] Error writing to Modbus register: no connection to modbus server
[2025-03-01T08:28:36.729Z] Error reading register 3105 for IP 10.30.4.91: no connection to modbus server
[2025-03-01T08:28:36.730Z] ❌ Error reading register 1000 for IP 10.30.4.91: no connection to modbus server
[2025-03-01T08:28:36.730Z] Error reading actual data: no connection to modbus server
[2025-03-01T08:28:36.744Z] Error writing to Modbus register: no connection to modbus server
[2025-03-01T08:28:36.745Z] Error reading register 3105 for IP 10.30.4.91: no connection to modbus server
[2025-03-01T08:28:36.745Z] ❌ Error reading register 1000 for IP 10.30.4.91: no connection to modbus server
[2025-03-01T08:28:36.745Z] Error reading actual data: no connection to modbus server
[2025-03-01T08:28:36.977Z] Error writing to Modbus register: no connection to modbus server
[2025-03-01T08:28:36.978Z] Error reading register 3105 for IP 10.30.4.91: no connection to modbus server
[2025-03-01T08:28:36.979Z] ❌ Error reading register 1000 for IP 10.30.4.91: no connection to modbus server
[2025-03-01T08:28:36.979Z] Error reading actual data: no connection to modbus server
[2025-03-01T08:28:36.981Z] Error writing to Modbus register: no connection to modbus server
[2025-03-01T08:28:36.982Z] Error reading register 3105 for IP 10.30.4.91: no connection to modbus server
[2025-03-01T08:28:36.982Z] ❌ Error reading register 1000 for IP 10.30.4.91: no connection to modbus server
[2025-03-01T08:28:36.983Z] Error writing to Modbus register: no connection to modbus server
[2025-03-01T08:28:36.982Z] Error reading actual data: no connection to modbus server
[2025-03-01T08:28:36.983Z] ❌ Error reading register 1000 for IP 10.30.4.91: no connection to modbus server
[2025-03-01T08:28:36.983Z] Error reading register 3105 for IP 10.30.4.91: no connection to modbus server
[2025-03-01T08:28:36.983Z] Error reading actual data: no connection to modbus server
[2025-03-01T08:28:36.983Z] Error writing to Modbus register: no connection to modbus server
[2025-03-01T08:28:37.579Z] Error reading register 3105 for IP 10.30.4.91: no connection to modbus server
[2025-03-01T08:28:37.580Z] ❌ Error reading register 1000 for IP 10.30.4.91: no connection to modbus server
[2025-03-01T08:28:37.580Z] Error reading actual data: no connection to modbus server
[2025-03-01T08:28:37.729Z] Error writing to Modbus register: no connection to modbus server
[2025-03-01T08:28:37.731Z] Error reading register 3105 for IP 10.30.4.91: no connection to modbus server
[2025-03-01T08:28:37.731Z] ❌ Error reading register 1000 for IP 10.30.4.91: no connection to modbus server
[2025-03-01T08:28:37.731Z] Error reading actual data: no connection to modbus server
[2025-03-01T08:28:37.746Z] Error writing to Modbus register: no connection to modbus server
[2025-03-01T08:28:37.746Z] Error reading register 3105 for IP 10.30.4.91: no connection to modbus server
[2025-03-01T08:28:37.746Z] ❌ Error reading register 1000 for IP 10.30.4.91: no connection to modbus server
[2025-03-01T08:28:37.746Z] Error reading actual data: no connection to modbus server
[2025-03-01T08:28:37.977Z] Error writing to Modbus register: no connection to modbus server
[2025-03-01T08:28:37.978Z] Error reading register 3105 for IP 10.30.4.91: no connection to modbus server
[2025-03-01T08:28:37.979Z] ❌ Error reading register 1000 for IP 10.30.4.91: no connection to modbus server
[2025-03-01T08:28:37.979Z] Error reading actual data: no connection to modbus server
[2025-03-01T08:28:37.981Z] Error writing to Modbus register: no connection to modbus server
[2025-03-01T08:28:37.982Z] ❌ Error reading register 1000 for IP 10.30.4.91: no connection to modbus server
[2025-03-01T08:28:37.982Z] Error reading register 3105 for IP 10.30.4.91: no connection to modbus server
[2025-03-01T08:28:37.983Z] Error reading actual data: no connection to modbus server
[2025-03-01T08:28:37.984Z] Error writing to Modbus register: no connection to modbus server
[2025-03-01T08:28:37.985Z] Error reading register 3105 for IP 10.30.4.91: no connection to modbus server
[2025-03-01T08:28:37.985Z] ❌ Error reading register 1000 for IP 10.30.4.91: no connection to modbus server
[2025-03-01T08:28:37.986Z] Error writing to Modbus register: no connection to modbus server
[2025-03-01T08:28:37.985Z] Error reading actual data: no connection to modbus server
[2025-03-01T08:28:38.581Z] Error reading register 3105 for IP 10.30.4.91: no connection to modbus server
[2025-03-01T08:28:38.581Z] ❌ Error reading register 1000 for IP 10.30.4.91: no connection to modbus server
[2025-03-01T08:28:38.581Z] Error reading actual data: no connection to modbus server
[2025-03-01T08:28:38.730Z] Error writing to Modbus register: no connection to modbus server
[2025-03-01T08:28:38.731Z] Error reading register 3105 for IP 10.30.4.91: no connection to modbus server
[2025-03-01T08:28:38.731Z] ❌ Error reading register 1000 for IP 10.30.4.91: no connection to modbus server
[2025-03-01T08:28:38.731Z] Error reading actual data: no connection to modbus server
[2025-03-01T08:28:38.761Z] Error writing to Modbus register: no connection to modbus server
[2025-03-01T08:28:38.762Z] Error reading register 3105 for IP 10.30.4.91: no connection to modbus server
[2025-03-01T08:28:38.763Z] ❌ Error reading register 1000 for IP 10.30.4.91: no connection to modbus server
[2025-03-01T08:28:38.763Z] Error reading actual data: no connection to modbus server
[2025-03-01T08:28:38.977Z] Error writing to Modbus register: no connection to modbus server
[2025-03-01T08:28:38.978Z] Error reading register 3105 for IP 10.30.4.91: no connection to modbus server
[2025-03-01T08:28:38.978Z] ❌ Error reading register 1000 for IP 10.30.4.91: no connection to modbus server
[2025-03-01T08:28:38.979Z] Error reading actual data: no connection to modbus server
[2025-03-01T08:28:38.981Z] Error writing to Modbus register: no connection to modbus server
[2025-03-01T08:28:38.982Z] Error reading register 3105 for IP 10.30.4.91: no connection to modbus server
[2025-03-01T08:28:38.982Z] ❌ Error reading register 1000 for IP 10.30.4.91: no connection to modbus server
[2025-03-01T08:28:38.983Z] Error reading actual data: no connection to modbus server
[2025-03-01T08:28:38.983Z] Error writing to Modbus register: no connection to modbus server
[2025-03-01T08:28:38.999Z] Error reading register 3105 for IP 10.30.4.91: no connection to modbus server
[2025-03-01T08:28:38.999Z] ❌ Error reading register 1000 for IP 10.30.4.91: no connection to modbus server
[2025-03-01T08:28:38.999Z] Error reading actual data: no connection to modbus server
[2025-03-01T08:28:39.000Z] Error writing to Modbus register: no connection to modbus server
[2025-03-01T08:28:39.582Z] Error reading register 3105 for IP 10.30.4.91: no connection to modbus server
[2025-03-01T08:28:39.583Z] ❌ Error reading register 1000 for IP 10.30.4.91: no connection to modbus server
[2025-03-01T08:28:39.583Z] Error reading actual data: no connection to modbus server
[2025-03-01T08:28:39.736Z] Error writing to Modbus register: no connection to modbus server
[2025-03-01T08:28:39.737Z] Error reading register 3105 for IP 10.30.4.91: no connection to modbus server
[2025-03-01T08:28:39.737Z] ❌ Error reading register 1000 for IP 10.30.4.91: no connection to modbus server
[2025-03-01T08:28:39.737Z] Error reading actual data: no connection to modbus server
[2025-03-01T08:28:39.761Z] Error writing to Modbus register: no connection to modbus server
[2025-03-01T08:28:39.762Z] Error reading register 3105 for IP 10.30.4.91: no connection to modbus server
[2025-03-01T08:28:39.762Z] ❌ Error reading register 1000 for IP 10.30.4.91: no connection to modbus server
[2025-03-01T08:28:39.762Z] Error reading actual data: no connection to modbus server
[2025-03-01T08:28:39.990Z] Error writing to Modbus register: no connection to modbus server
[2025-03-01T08:28:39.991Z] Error reading register 3105 for IP 10.30.4.91: no connection to modbus server
[2025-03-01T08:28:39.992Z] ❌ Error reading register 1000 for IP 10.30.4.91: no connection to modbus server
[2025-03-01T08:28:39.992Z] Error reading actual data: no connection to modbus server
[2025-03-01T08:28:39.993Z] Error writing to Modbus register: no connection to modbus server
[2025-03-01T08:28:39.995Z] Error reading register 3105 for IP 10.30.4.91: no connection to modbus server
[2025-03-01T08:28:39.995Z] ❌ Error reading register 1000 for IP 10.30.4.91: no connection to modbus server
[2025-03-01T08:28:39.996Z] Error reading actual data: no connection to modbus server
[2025-03-01T08:28:39.997Z] Error writing to Modbus register: no connection to modbus server
[2025-03-01T08:28:39.999Z] Error reading register 3105 for IP 10.30.4.91: no connection to modbus server
[2025-03-01T08:28:39.999Z] ❌ Error reading register 1000 for IP 10.30.4.91: no connection to modbus server
[2025-03-01T08:28:40.000Z] Error reading actual data: no connection to modbus server
[2025-03-01T08:28:40.001Z] Error writing to Modbus register: no connection to modbus server
[2025-03-01T08:28:40.582Z] Error reading register 3105 for IP 10.30.4.91: no connection to modbus server
[2025-03-01T08:28:40.583Z] ❌ Error reading register 1000 for IP 10.30.4.91: no connection to modbus server
[2025-03-01T08:28:40.583Z] Error reading actual data: no connection to modbus server
[2025-03-01T08:28:40.746Z] Error writing to Modbus register: no connection to modbus server
[2025-03-01T08:28:40.747Z] Error reading register 3105 for IP 10.30.4.91: no connection to modbus server
[2025-03-01T08:28:40.747Z] ❌ Error reading register 1000 for IP 10.30.4.91: no connection to modbus server
[2025-03-01T08:28:40.748Z] Error reading actual data: no connection to modbus server
[2025-03-01T08:28:40.763Z] Error writing to Modbus register: no connection to modbus server
[2025-03-01T08:28:40.764Z] Error reading register 3105 for IP 10.30.4.91: no connection to modbus server
[2025-03-01T08:28:40.764Z] ❌ Error reading register 1000 for IP 10.30.4.91: no connection to modbus server
[2025-03-01T08:28:40.765Z] Error reading actual data: no connection to modbus server
[2025-03-01T08:28:40.995Z] Error writing to Modbus register: no connection to modbus server
[2025-03-01T08:28:40.997Z] Error reading register 3105 for IP 10.30.4.91: no connection to modbus server
[2025-03-01T08:28:40.997Z] ❌ Error reading register 1000 for IP 10.30.4.91: no connection to modbus server
[2025-03-01T08:28:40.997Z] Error reading actual data: no connection to modbus server
[2025-03-01T08:28:40.998Z] Error writing to Modbus register: no connection to modbus server
[2025-03-01T08:28:40.999Z] Error reading register 3105 for IP 10.30.4.91: no connection to modbus server
[2025-03-01T08:28:40.999Z] ❌ Error reading register 1000 for IP 10.30.4.91: no connection to modbus server
[2025-03-01T08:28:40.999Z] Error reading actual data: no connection to modbus server
[2025-03-01T08:28:41.000Z] Error writing to Modbus register: no connection to modbus server
[2025-03-01T08:28:41.001Z] Error reading actual data: no connection to modbus server
[2025-03-01T08:28:41.001Z] ❌ Error reading register 1000 for IP 10.30.4.91: no connection to modbus server
[2025-03-01T08:28:41.001Z] Error reading register 3105 for IP 10.30.4.91: no connection to modbus server
[2025-03-01T08:28:41.002Z] Error writing to Modbus register: no connection to modbus server
[2025-03-01T08:28:41.585Z] Error reading register 3105 for IP 10.30.4.91: no connection to modbus server
[2025-03-01T08:28:41.585Z] ❌ Error reading register 1000 for IP 10.30.4.91: no connection to modbus server
[2025-03-01T08:28:41.586Z] Error reading actual data: no connection to modbus server
[2025-03-01T08:28:41.760Z] Error writing to Modbus register: no connection to modbus server
[2025-03-01T08:28:41.760Z] Error reading register 3105 for IP 10.30.4.91: no connection to modbus server
[2025-03-01T08:28:41.760Z] ❌ Error reading register 1000 for IP 10.30.4.91: no connection to modbus server
[2025-03-01T08:28:41.760Z] Error reading actual data: no connection to modbus server
[2025-03-01T08:28:41.775Z] Error writing to Modbus register: no connection to modbus server
[2025-03-01T08:28:41.776Z] Error reading register 3105 for IP 10.30.4.91: no connection to modbus server
[2025-03-01T08:28:41.776Z] ❌ Error reading register 1000 for IP 10.30.4.91: no connection to modbus server
[2025-03-01T08:28:41.777Z] Error reading actual data: no connection to modbus server
[2025-03-01T08:28:42.013Z] Error writing to Modbus register: no connection to modbus server
[2025-03-01T08:28:42.014Z] ❌ Error reading register 1000 for IP 10.30.4.91: no connection to modbus server
[2025-03-01T08:28:42.014Z] Error reading register 3105 for IP 10.30.4.91: no connection to modbus server
[2025-03-01T08:28:42.015Z] Error reading actual data: no connection to modbus server
[2025-03-01T08:28:42.015Z] Error writing to Modbus register: no connection to modbus server
[2025-03-01T08:28:42.016Z] Error reading register 3105 for IP 10.30.4.91: no connection to modbus server
[2025-03-01T08:28:42.016Z] ❌ Error reading register 1000 for IP 10.30.4.91: no connection to modbus server
[2025-03-01T08:28:42.016Z] Error reading actual data: no connection to modbus server
[2025-03-01T08:28:42.017Z] Error writing to Modbus register: no connection to modbus server
[2025-03-01T08:28:42.017Z] Error reading register 3105 for IP 10.30.4.91: no connection to modbus server
[2025-03-01T08:28:42.017Z] ❌ Error reading register 1000 for IP 10.30.4.91: no connection to modbus server
[2025-03-01T08:28:42.017Z] Error reading actual data: no connection to modbus server
[2025-03-01T08:28:42.018Z] Error writing to Modbus register: no connection to modbus server
[2025-03-01T08:28:42.597Z] Error reading register 3105 for IP 10.30.4.91: no connection to modbus server
[2025-03-01T08:28:42.598Z] ❌ Error reading register 1000 for IP 10.30.4.91: no connection to modbus server
[2025-03-01T08:28:42.598Z] Error reading actual data: no connection to modbus server
[2025-03-01T08:28:42.761Z] Error writing to Modbus register: no connection to modbus server
[2025-03-01T08:28:42.762Z] Error reading register 3105 for IP 10.30.4.91: no connection to modbus server
[2025-03-01T08:28:42.762Z] ❌ Error reading register 1000 for IP 10.30.4.91: no connection to modbus server
[2025-03-01T08:28:42.762Z] Error reading actual data: no connection to modbus server
[2025-03-01T08:28:42.777Z] Error reading register 3105 for IP 10.30.4.91: no connection to modbus server
[2025-03-01T08:28:42.778Z] ❌ Error reading register 1000 for IP 10.30.4.91: no connection to modbus server
[2025-03-01T08:28:42.777Z] Error writing to Modbus register: no connection to modbus server
[2025-03-01T08:28:42.778Z] Error reading actual data: no connection to modbus server
[2025-03-01T08:28:43.023Z] Error writing to Modbus register: no connection to modbus server
[2025-03-01T08:28:43.024Z] Error reading register 3105 for IP 10.30.4.91: no connection to modbus server
[2025-03-01T08:28:43.025Z] ❌ Error reading register 1000 for IP 10.30.4.91: no connection to modbus server
[2025-03-01T08:28:43.025Z] Error reading actual data: no connection to modbus server
[2025-03-01T08:28:43.026Z] Error writing to Modbus register: no connection to modbus server
[2025-03-01T08:28:43.027Z] Error reading register 3105 for IP 10.30.4.91: no connection to modbus server
[2025-03-01T08:28:43.027Z] ❌ Error reading register 1000 for IP 10.30.4.91: no connection to modbus server
[2025-03-01T08:28:43.028Z] Error reading actual data: no connection to modbus server
[2025-03-01T08:28:43.028Z] Error writing to Modbus register: no connection to modbus server
[2025-03-01T08:28:43.028Z] Error reading register 3105 for IP 10.30.4.91: no connection to modbus server
[2025-03-01T08:28:43.028Z] ❌ Error reading register 1000 for IP 10.30.4.91: no connection to modbus server
[2025-03-01T08:28:43.029Z] Error reading actual data: no connection to modbus server
[2025-03-01T08:28:43.029Z] Error writing to Modbus register: no connection to modbus server
[2025-03-01T08:28:43.598Z] Error reading register 3105 for IP 10.30.4.91: no connection to modbus server
[2025-03-01T08:28:43.598Z] ❌ Error reading register 1000 for IP 10.30.4.91: no connection to modbus server
[2025-03-01T08:28:43.599Z] Error reading actual data: no connection to modbus server
[2025-03-01T08:28:43.763Z] Error writing to Modbus register: no connection to modbus server
[2025-03-01T08:28:43.764Z] Error reading register 3105 for IP 10.30.4.91: no connection to modbus server
[2025-03-01T08:28:43.764Z] ❌ Error reading register 1000 for IP 10.30.4.91: no connection to modbus server
[2025-03-01T08:28:43.764Z] Error reading actual data: no connection to modbus server
[2025-03-01T08:28:43.778Z] Error writing to Modbus register: no connection to modbus server
[2025-03-01T08:28:43.778Z] Error reading register 3105 for IP 10.30.4.91: no connection to modbus server
[2025-03-01T08:28:43.779Z] ❌ Error reading register 1000 for IP 10.30.4.91: no connection to modbus server
[2025-03-01T08:28:43.779Z] Error reading actual data: no connection to modbus server
[2025-03-01T08:28:44.023Z] Error writing to Modbus register: no connection to modbus server
[2025-03-01T08:28:44.025Z] Error reading register 3105 for IP 10.30.4.91: no connection to modbus server
[2025-03-01T08:28:44.025Z] ❌ Error reading register 1000 for IP 10.30.4.91: no connection to modbus server
[2025-03-01T08:28:44.025Z] Error reading actual data: no connection to modbus server
[2025-03-01T08:28:44.027Z] Error writing to Modbus register: no connection to modbus server
[2025-03-01T08:28:44.028Z] Error reading register 3105 for IP 10.30.4.91: no connection to modbus server
[2025-03-01T08:28:44.028Z] ❌ Error reading register 1000 for IP 10.30.4.91: no connection to modbus server
[2025-03-01T08:28:44.028Z] Error reading actual data: no connection to modbus server
[2025-03-01T08:28:44.028Z] Error writing to Modbus register: no connection to modbus server
[2025-03-01T08:28:44.029Z] Error reading register 3105 for IP 10.30.4.91: no connection to modbus server
[2025-03-01T08:28:44.029Z] ❌ Error reading register 1000 for IP 10.30.4.91: no connection to modbus server
[2025-03-01T08:28:44.029Z] Error reading actual data: no connection to modbus server
[2025-03-01T08:28:44.029Z] Error writing to Modbus register: no connection to modbus server
[2025-03-01T08:28:44.614Z] ❌ Error reading register 1000 for IP 10.30.4.91: no connection to modbus server
[2025-03-01T08:28:44.615Z] Error reading actual data: no connection to modbus server
[2025-03-01T08:28:44.614Z] Error reading register 3105 for IP 10.30.4.91: no connection to modbus server
[2025-03-01T08:28:44.780Z] Error writing to Modbus register: no connection to modbus server
[2025-03-01T08:28:44.780Z] Error reading register 3105 for IP 10.30.4.91: no connection to modbus server
[2025-03-01T08:28:44.780Z] ❌ Error reading register 1000 for IP 10.30.4.91: no connection to modbus server
[2025-03-01T08:28:44.781Z] Error reading actual data: no connection to modbus server
[2025-03-01T08:28:44.781Z] Error writing to Modbus register: no connection to modbus server
[2025-03-01T08:28:44.781Z] Error reading register 3105 for IP 10.30.4.91: no connection to modbus server
[2025-03-01T08:28:44.781Z] ❌ Error reading register 1000 for IP 10.30.4.91: no connection to modbus server
[2025-03-01T08:28:44.781Z] Error reading actual data: no connection to modbus server
[2025-03-01T08:28:45.025Z] Error writing to Modbus register: no connection to modbus server
[2025-03-01T08:28:45.026Z] Error reading register 3105 for IP 10.30.4.91: no connection to modbus server
[2025-03-01T08:28:45.027Z] ❌ Error reading register 1000 for IP 10.30.4.91: no connection to modbus server
[2025-03-01T08:28:45.027Z] Error reading actual data: no connection to modbus server
[2025-03-01T08:28:45.029Z] Error writing to Modbus register: no connection to modbus server
[2025-03-01T08:28:45.030Z] Error reading register 3105 for IP 10.30.4.91: no connection to modbus server
[2025-03-01T08:28:45.030Z] ❌ Error reading register 1000 for IP 10.30.4.91: no connection to modbus server
[2025-03-01T08:28:45.030Z] Error reading actual data: no connection to modbus server
[2025-03-01T08:28:45.030Z] Error reading register 3105 for IP 10.30.4.91: no connection to modbus server
[2025-03-01T08:28:45.030Z] Error writing to Modbus register: no connection to modbus server
[2025-03-01T08:28:45.030Z] ❌ Error reading register 1000 for IP 10.30.4.91: no connection to modbus server
[2025-03-01T08:28:45.031Z] Error reading actual data: no connection to modbus server
[2025-03-01T08:28:45.034Z] Error writing to Modbus register: no connection to modbus server
[2025-03-01T08:28:45.614Z] Error reading register 3105 for IP 10.30.4.91: no connection to modbus server
[2025-03-01T08:28:45.614Z] ❌ Error reading register 1000 for IP 10.30.4.91: no connection to modbus server
[2025-03-01T08:28:45.615Z] Error reading actual data: no connection to modbus server
[2025-03-01T08:28:45.796Z] Error writing to Modbus register: no connection to modbus server
[2025-03-01T08:28:45.800Z] ❌ Error reading register 1000 for IP 10.30.4.91: no connection to modbus server
[2025-03-01T08:28:45.800Z] Error reading actual data: no connection to modbus server
[2025-03-01T08:28:45.799Z] Error reading register 3105 for IP 10.30.4.91: no connection to modbus server
[2025-03-01T08:28:45.800Z] Error writing to Modbus register: no connection to modbus server
[2025-03-01T08:28:45.801Z] Error reading register 3105 for IP 10.30.4.91: no connection to modbus server
[2025-03-01T08:28:45.801Z] ❌ Error reading register 1000 for IP 10.30.4.91: no connection to modbus server
[2025-03-01T08:28:45.801Z] Error reading actual data: no connection to modbus server
[2025-03-01T08:28:46.024Z] Error writing to Modbus register: no connection to modbus server
[2025-03-01T08:28:46.026Z] Error reading register 3105 for IP 10.30.4.91: no connection to modbus server
[2025-03-01T08:28:46.026Z] ❌ Error reading register 1000 for IP 10.30.4.91: no connection to modbus server
[2025-03-01T08:28:46.027Z] Error reading actual data: no connection to modbus server
[2025-03-01T08:28:46.029Z] Error writing to Modbus register: no connection to modbus server
[2025-03-01T08:28:46.030Z] Error reading register 3105 for IP 10.30.4.91: no connection to modbus server
[2025-03-01T08:28:46.030Z] ❌ Error reading register 1000 for IP 10.30.4.91: no connection to modbus server
[2025-03-01T08:28:46.031Z] Error reading actual data: no connection to modbus server
[2025-03-01T08:28:46.032Z] Error writing to Modbus register: no connection to modbus server
[2025-03-01T08:28:46.033Z] ❌ Error reading register 1000 for IP 10.30.4.91: no connection to modbus server
[2025-03-01T08:28:46.032Z] Error reading register 3105 for IP 10.30.4.91: no connection to modbus server
[2025-03-01T08:28:46.033Z] Error reading actual data: no connection to modbus server
[2025-03-01T08:28:46.035Z] Error writing to Modbus register: no connection to modbus server
[2025-03-01T08:28:46.616Z] Error reading register 3105 for IP 10.30.4.91: no connection to modbus server
[2025-03-01T08:28:46.616Z] ❌ Error reading register 1000 for IP 10.30.4.91: no connection to modbus server
[2025-03-01T08:28:46.617Z] Error reading actual data: no connection to modbus server
[2025-03-01T08:28:46.795Z] Error writing to Modbus register: no connection to modbus server
[2025-03-01T08:28:46.799Z] Error reading register 3105 for IP 10.30.4.91: no connection to modbus server
[2025-03-01T08:28:46.800Z] ❌ Error reading register 1000 for IP 10.30.4.91: no connection to modbus server
[2025-03-01T08:28:46.800Z] Error reading actual data: no connection to modbus server
[2025-03-01T08:28:46.803Z] Error reading register 3105 for IP 10.30.4.91: no connection to modbus server
[2025-03-01T08:28:46.801Z] Error writing to Modbus register: no connection to modbus server
[2025-03-01T08:28:46.803Z] ❌ Error reading register 1000 for IP 10.30.4.91: no connection to modbus server
[2025-03-01T08:28:46.803Z] Error reading actual data: no connection to modbus server
[2025-03-01T08:28:47.024Z] Error writing to Modbus register: no connection to modbus server
[2025-03-01T08:28:47.027Z] ❌ Error reading register 1000 for IP 10.30.4.91: no connection to modbus server
[2025-03-01T08:28:47.027Z] Error reading register 3105 for IP 10.30.4.91: no connection to modbus server
[2025-03-01T08:28:47.027Z] Error reading actual data: no connection to modbus server
[2025-03-01T08:28:47.030Z] ❌ Error reading register 1000 for IP 10.30.4.91: no connection to modbus server
[2025-03-01T08:28:47.030Z] Error reading register 3105 for IP 10.30.4.91: no connection to modbus server
[2025-03-01T08:28:47.028Z] Error writing to Modbus register: no connection to modbus server
[2025-03-01T08:28:47.031Z] Error reading actual data: no connection to modbus server
[2025-03-01T08:28:47.031Z] Error writing to Modbus register: no connection to modbus server
[2025-03-01T08:28:47.032Z] Error reading register 3105 for IP 10.30.4.91: no connection to modbus server
[2025-03-01T08:28:47.032Z] ❌ Error reading register 1000 for IP 10.30.4.91: no connection to modbus server
[2025-03-01T08:28:47.032Z] Error reading actual data: no connection to modbus server
[2025-03-01T08:28:47.040Z] Error writing to Modbus register: no connection to modbus server
[2025-03-01T08:28:47.629Z] Error reading register 3105 for IP 10.30.4.91: no connection to modbus server
[2025-03-01T08:28:47.629Z] ❌ Error reading register 1000 for IP 10.30.4.91: no connection to modbus server
[2025-03-01T08:28:47.629Z] Error reading actual data: no connection to modbus server
[2025-03-01T08:28:47.796Z] Error writing to Modbus register: no connection to modbus server
[2025-03-01T08:28:47.797Z] Error reading register 3105 for IP 10.30.4.91: no connection to modbus server
[2025-03-01T08:28:47.798Z] ❌ Error reading register 1000 for IP 10.30.4.91: no connection to modbus server
[2025-03-01T08:28:47.798Z] Error reading actual data: no connection to modbus server
[2025-03-01T08:28:47.811Z] Error writing to Modbus register: no connection to modbus server
[2025-03-01T08:28:47.812Z] Error reading register 3105 for IP 10.30.4.91: no connection to modbus server
[2025-03-01T08:28:47.812Z] ❌ Error reading register 1000 for IP 10.30.4.91: no connection to modbus server
[2025-03-01T08:28:47.812Z] Error reading actual data: no connection to modbus server
[2025-03-01T08:28:48.024Z] Error writing to Modbus register: no connection to modbus server
[2025-03-01T08:28:48.040Z] Error reading register 3105 for IP 10.30.4.91: no connection to modbus server
[2025-03-01T08:28:48.041Z] ❌ Error reading register 1000 for IP 10.30.4.91: no connection to modbus server
[2025-03-01T08:28:48.044Z] Error reading register 3105 for IP 10.30.4.91: no connection to modbus server
[2025-03-01T08:28:48.044Z] Error reading actual data: no connection to modbus server
[2025-03-01T08:28:48.044Z] ❌ Error reading register 1000 for IP 10.30.4.91: no connection to modbus server
[2025-03-01T08:28:48.042Z] Error writing to Modbus register: no connection to modbus server
[2025-03-01T08:28:48.041Z] Error reading actual data: no connection to modbus server
[2025-03-01T08:28:48.046Z] ❌ Error reading register 1000 for IP 10.30.4.91: no connection to modbus server
[2025-03-01T08:28:48.046Z] Error writing to Modbus register: no connection to modbus server
[2025-03-01T08:28:48.046Z] Error reading actual data: no connection to modbus server
[2025-03-01T08:28:48.045Z] Error writing to Modbus register: no connection to modbus server
[2025-03-01T08:28:48.045Z] Error reading register 3105 for IP 10.30.4.91: no connection to modbus server
[2025-03-01T08:28:48.644Z] Error reading register 3105 for IP 10.30.4.91: no connection to modbus server
[2025-03-01T08:28:48.645Z] ❌ Error reading register 1000 for IP 10.30.4.91: no connection to modbus server
[2025-03-01T08:28:48.645Z] Error reading actual data: no connection to modbus server
[2025-03-01T08:28:48.795Z] Error writing to Modbus register: no connection to modbus server
[2025-03-01T08:28:48.811Z] Error reading register 3105 for IP 10.30.4.91: no connection to modbus server
[2025-03-01T08:28:48.811Z] ❌ Error reading register 1000 for IP 10.30.4.91: no connection to modbus server
[2025-03-01T08:28:48.811Z] Error reading actual data: no connection to modbus server
[2025-03-01T08:28:48.812Z] Error writing to Modbus register: no connection to modbus server
[2025-03-01T08:28:48.812Z] Error reading register 3105 for IP 10.30.4.91: no connection to modbus server
[2025-03-01T08:28:48.812Z] ❌ Error reading register 1000 for IP 10.30.4.91: no connection to modbus server
[2025-03-01T08:28:48.813Z] Error reading actual data: no connection to modbus server
[2025-03-01T08:28:49.024Z] Error writing to Modbus register: no connection to modbus server
[2025-03-01T08:28:49.041Z] Error reading register 3105 for IP 10.30.4.91: no connection to modbus server
[2025-03-01T08:28:49.041Z] ❌ Error reading register 1000 for IP 10.30.4.91: no connection to modbus server
[2025-03-01T08:28:49.042Z] Error reading actual data: no connection to modbus server
[2025-03-01T08:28:49.044Z] Error reading register 3105 for IP 10.30.4.91: no connection to modbus server
[2025-03-01T08:28:49.043Z] Error writing to Modbus register: no connection to modbus server
[2025-03-01T08:28:49.044Z] ❌ Error reading register 1000 for IP 10.30.4.91: no connection to modbus server
[2025-03-01T08:28:49.045Z] Error reading actual data: no connection to modbus server
[2025-03-01T08:28:49.046Z] Error reading register 3105 for IP 10.30.4.91: no connection to modbus server
[2025-03-01T08:28:49.045Z] Error writing to Modbus register: no connection to modbus server
[2025-03-01T08:28:49.046Z] ❌ Error reading register 1000 for IP 10.30.4.91: no connection to modbus server
[2025-03-01T08:28:49.046Z] Error reading actual data: no connection to modbus server
[2025-03-01T08:28:49.046Z] Error writing to Modbus register: no connection to modbus server
[2025-03-01T08:28:49.655Z] Error reading register 3105 for IP 10.30.4.91: no connection to modbus server
[2025-03-01T08:28:49.656Z] ❌ Error reading register 1000 for IP 10.30.4.91: no connection to modbus server
[2025-03-01T08:28:49.656Z] Error reading actual data: no connection to modbus server
[2025-03-01T08:28:49.797Z] Error writing to Modbus register: no connection to modbus server
[2025-03-01T08:28:49.813Z] Error reading register 3105 for IP 10.30.4.91: no connection to modbus server
[2025-03-01T08:28:49.813Z] ❌ Error reading register 1000 for IP 10.30.4.91: no connection to modbus server
[2025-03-01T08:28:49.813Z] Error reading actual data: no connection to modbus server
[2025-03-01T08:28:49.814Z] Error writing to Modbus register: no connection to modbus server
[2025-03-01T08:28:49.814Z] Error reading register 3105 for IP 10.30.4.91: no connection to modbus server
[2025-03-01T08:28:49.814Z] ❌ Error reading register 1000 for IP 10.30.4.91: no connection to modbus server
[2025-03-01T08:28:49.815Z] Error reading actual data: no connection to modbus server
[2025-03-01T08:28:50.027Z] Error writing to Modbus register: no connection to modbus server
[2025-03-01T08:28:50.040Z] Error reading register 3105 for IP 10.30.4.91: no connection to modbus server
[2025-03-01T08:28:50.040Z] ❌ Error reading register 1000 for IP 10.30.4.91: no connection to modbus server
[2025-03-01T08:28:50.040Z] Error reading actual data: no connection to modbus server
[2025-03-01T08:28:50.055Z] Error writing to Modbus register: no connection to modbus server
[2025-03-01T08:28:50.055Z] Error reading register 3105 for IP 10.30.4.91: no connection to modbus server
[2025-03-01T08:28:50.056Z] Error reading register 3105 for IP 10.30.4.91: no connection to modbus server
[2025-03-01T08:28:50.056Z] ❌ Error reading register 1000 for IP 10.30.4.91: no connection to modbus server
[2025-03-01T08:28:50.057Z] Error reading actual data: no connection to modbus server
[2025-03-01T08:28:50.057Z] Error writing to Modbus register: no connection to modbus server
[2025-03-01T08:28:50.056Z] ❌ Error reading register 1000 for IP 10.30.4.91: no connection to modbus server
[2025-03-01T08:28:50.056Z] Error reading actual data: no connection to modbus server
[2025-03-01T08:28:50.056Z] Error writing to Modbus register: no connection to modbus server
[2025-03-01T08:28:50.661Z] Error reading register 3105 for IP 10.30.4.91: no connection to modbus server
[2025-03-01T08:28:50.662Z] ❌ Error reading register 1000 for IP 10.30.4.91: no connection to modbus server
[2025-03-01T08:28:50.662Z] Error reading actual data: no connection to modbus server
[2025-03-01T08:28:50.814Z] Error writing to Modbus register: no connection to modbus server
[2025-03-01T08:28:50.814Z] Error reading register 3105 for IP 10.30.4.91: no connection to modbus server
[2025-03-01T08:28:50.814Z] ❌ Error reading register 1000 for IP 10.30.4.91: no connection to modbus server
[2025-03-01T08:28:50.815Z] Error reading actual data: no connection to modbus server
[2025-03-01T08:28:50.815Z] Error writing to Modbus register: no connection to modbus server
[2025-03-01T08:28:50.829Z] Error reading register 3105 for IP 10.30.4.91: no connection to modbus server
[2025-03-01T08:28:50.829Z] ❌ Error reading register 1000 for IP 10.30.4.91: no connection to modbus server
[2025-03-01T08:28:50.829Z] Error reading actual data: no connection to modbus server
[2025-03-01T08:28:51.026Z] Error writing to Modbus register: no connection to modbus server
[2025-03-01T08:28:51.042Z] ❌ Error reading register 1000 for IP 10.30.4.91: no connection to modbus server
[2025-03-01T08:28:51.042Z] Error reading register 3105 for IP 10.30.4.91: no connection to modbus server
[2025-03-01T08:28:51.042Z] Error reading actual data: no connection to modbus server
[2025-03-01T08:28:51.057Z] Error writing to Modbus register: no connection to modbus server
[2025-03-01T08:28:51.058Z] Error reading register 3105 for IP 10.30.4.91: no connection to modbus server
[2025-03-01T08:28:51.058Z] ❌ Error reading register 1000 for IP 10.30.4.91: no connection to modbus server
[2025-03-01T08:28:51.058Z] Error reading actual data: no connection to modbus server
[2025-03-01T08:28:51.058Z] Error writing to Modbus register: no connection to modbus server
[2025-03-01T08:28:51.059Z] Error reading register 3105 for IP 10.30.4.91: no connection to modbus server
[2025-03-01T08:28:51.059Z] ❌ Error reading register 1000 for IP 10.30.4.91: no connection to modbus server
[2025-03-01T08:28:51.059Z] Error reading actual data: no connection to modbus server
[2025-03-01T08:28:51.059Z] Error writing to Modbus register: no connection to modbus server
[2025-03-01T08:28:51.662Z] ❌ Error reading register 1000 for IP 10.30.4.91: no connection to modbus server
[2025-03-01T08:28:51.662Z] Error reading actual data: no connection to modbus server
[2025-03-01T08:28:51.661Z] Error reading register 3105 for IP 10.30.4.91: no connection to modbus server
[2025-03-01T08:28:51.826Z] Error writing to Modbus register: no connection to modbus server
[2025-03-01T08:28:51.827Z] Error reading register 3105 for IP 10.30.4.91: no connection to modbus server
[2025-03-01T08:28:51.827Z] ❌ Error reading register 1000 for IP 10.30.4.91: no connection to modbus server
[2025-03-01T08:28:51.827Z] Error reading actual data: no connection to modbus server
[2025-03-01T08:28:51.827Z] Error writing to Modbus register: no connection to modbus server
[2025-03-01T08:28:51.828Z] Error reading register 3105 for IP 10.30.4.91: no connection to modbus server
[2025-03-01T08:28:51.829Z] ❌ Error reading register 1000 for IP 10.30.4.91: no connection to modbus server
[2025-03-01T08:28:51.829Z] Error reading actual data: no connection to modbus server
[2025-03-01T08:28:52.027Z] Error writing to Modbus register: no connection to modbus server
[2025-03-01T08:28:52.043Z] ❌ Error reading register 1000 for IP 10.30.4.91: no connection to modbus server
[2025-03-01T08:28:52.043Z] Error reading actual data: no connection to modbus server
[2025-03-01T08:28:52.042Z] Error reading register 3105 for IP 10.30.4.91: no connection to modbus server
[2025-03-01T08:28:52.058Z] Error reading register 3105 for IP 10.30.4.91: no connection to modbus server
[2025-03-01T08:28:52.058Z] Error reading actual data: no connection to modbus server
[2025-03-01T08:28:52.058Z] ❌ Error reading register 1000 for IP 10.30.4.91: no connection to modbus server
[2025-03-01T08:28:52.058Z] Error writing to Modbus register: no connection to modbus server
[2025-03-01T08:28:52.060Z] ❌ Error reading register 1000 for IP 10.30.4.91: no connection to modbus server
[2025-03-01T08:28:52.059Z] Error writing to Modbus register: no connection to modbus server
[2025-03-01T08:28:52.060Z] Error reading actual data: no connection to modbus server
[2025-03-01T08:28:52.060Z] Error writing to Modbus register: no connection to modbus server
[2025-03-01T08:28:52.060Z] Error reading register 3105 for IP 10.30.4.91: no connection to modbus server
[2025-03-01T08:28:52.663Z] Error reading register 3105 for IP 10.30.4.91: no connection to modbus server
[2025-03-01T08:28:52.663Z] ❌ Error reading register 1000 for IP 10.30.4.91: no connection to modbus server
[2025-03-01T08:28:52.663Z] Error reading actual data: no connection to modbus server
[2025-03-01T08:28:52.828Z] Error writing to Modbus register: no connection to modbus server
[2025-03-01T08:28:52.829Z] Error reading register 3105 for IP 10.30.4.91: no connection to modbus server
[2025-03-01T08:28:52.829Z] ❌ Error reading register 1000 for IP 10.30.4.91: no connection to modbus server
[2025-03-01T08:28:52.829Z] Error reading actual data: no connection to modbus server
[2025-03-01T08:28:52.829Z] Error writing to Modbus register: no connection to modbus server
[2025-03-01T08:28:52.830Z] Error reading register 3105 for IP 10.30.4.91: no connection to modbus server
[2025-03-01T08:28:52.830Z] ❌ Error reading register 1000 for IP 10.30.4.91: no connection to modbus server
[2025-03-01T08:28:52.830Z] Error reading actual data: no connection to modbus server
[2025-03-01T08:28:53.029Z] Error writing to Modbus register: no connection to modbus server
[2025-03-01T08:28:53.043Z] Error reading register 3105 for IP 10.30.4.91: no connection to modbus server
[2025-03-01T08:28:53.043Z] ❌ Error reading register 1000 for IP 10.30.4.91: no connection to modbus server
[2025-03-01T08:28:53.044Z] Error reading actual data: no connection to modbus server
[2025-03-01T08:28:53.058Z] Error writing to Modbus register: no connection to modbus server
[2025-03-01T08:28:53.059Z] Error reading register 3105 for IP 10.30.4.91: no connection to modbus server
[2025-03-01T08:28:53.060Z] ❌ Error reading register 1000 for IP 10.30.4.91: no connection to modbus server
[2025-03-01T08:28:53.060Z] Error reading actual data: no connection to modbus server
[2025-03-01T08:28:53.060Z] Error writing to Modbus register: no connection to modbus server
[2025-03-01T08:28:53.061Z] Error reading register 3105 for IP 10.30.4.91: no connection to modbus server
[2025-03-01T08:28:53.061Z] ❌ Error reading register 1000 for IP 10.30.4.91: no connection to modbus server
[2025-03-01T08:28:53.061Z] Error reading actual data: no connection to modbus server
[2025-03-01T08:28:53.062Z] Error writing to Modbus register: no connection to modbus server
[2025-03-01T08:28:53.663Z] Error reading register 3105 for IP 10.30.4.91: no connection to modbus server
[2025-03-01T08:28:53.664Z] ❌ Error reading register 1000 for IP 10.30.4.91: no connection to modbus server
[2025-03-01T08:28:53.664Z] Error reading actual data: no connection to modbus server
[2025-03-01T08:28:53.829Z] Error writing to Modbus register: no connection to modbus server
[2025-03-01T08:28:53.831Z] Error reading register 3105 for IP 10.30.4.91: no connection to modbus server
[2025-03-01T08:28:53.831Z] ❌ Error reading register 1000 for IP 10.30.4.91: no connection to modbus server
[2025-03-01T08:28:53.831Z] Error reading actual data: no connection to modbus server
[2025-03-01T08:28:53.833Z] Error writing to Modbus register: no connection to modbus server
[2025-03-01T08:28:53.834Z] Error reading register 3105 for IP 10.30.4.91: no connection to modbus server
[2025-03-01T08:28:53.834Z] ❌ Error reading register 1000 for IP 10.30.4.91: no connection to modbus server
[2025-03-01T08:28:53.835Z] Error reading actual data: no connection to modbus server
[2025-03-01T08:28:54.042Z] Error writing to Modbus register: no connection to modbus server
[2025-03-01T08:28:54.042Z] Error reading register 3105 for IP 10.30.4.91: no connection to modbus server
[2025-03-01T08:28:54.042Z] ❌ Error reading register 1000 for IP 10.30.4.91: no connection to modbus server
[2025-03-01T08:28:54.043Z] Error reading actual data: no connection to modbus server
[2025-03-01T08:28:54.057Z] Error writing to Modbus register: no connection to modbus server
[2025-03-01T08:28:54.073Z] Error reading register 3105 for IP 10.30.4.91: no connection to modbus server
[2025-03-01T08:28:54.073Z] ❌ Error reading register 1000 for IP 10.30.4.91: no connection to modbus server
[2025-03-01T08:28:54.073Z] Error writing to Modbus register: no connection to modbus server
[2025-03-01T08:28:54.073Z] Error reading actual data: no connection to modbus server
[2025-03-01T08:28:54.074Z] Error reading register 3105 for IP 10.30.4.91: no connection to modbus server
[2025-03-01T08:28:54.074Z] ❌ Error reading register 1000 for IP 10.30.4.91: no connection to modbus server
[2025-03-01T08:28:54.074Z] Error reading actual data: no connection to modbus server
[2025-03-01T08:28:54.074Z] Error writing to Modbus register: no connection to modbus server
[2025-03-01T08:28:54.668Z] Error reading register 3105 for IP 10.30.4.91: no connection to modbus server
[2025-03-01T08:28:54.668Z] ❌ Error reading register 1000 for IP 10.30.4.91: no connection to modbus server
[2025-03-01T08:28:54.668Z] Error reading actual data: no connection to modbus server
[2025-03-01T08:28:54.838Z] Error writing to Modbus register: no connection to modbus server
[2025-03-01T08:28:54.838Z] Error reading register 3105 for IP 10.30.4.91: no connection to modbus server
[2025-03-01T08:28:54.838Z] ❌ Error reading register 1000 for IP 10.30.4.91: no connection to modbus server
[2025-03-01T08:28:54.838Z] Error reading actual data: no connection to modbus server
[2025-03-01T08:28:54.839Z] Error writing to Modbus register: no connection to modbus server
[2025-03-01T08:28:54.839Z] Error reading register 3105 for IP 10.30.4.91: no connection to modbus server
[2025-03-01T08:28:54.839Z] ❌ Error reading register 1000 for IP 10.30.4.91: no connection to modbus server
[2025-03-01T08:28:54.839Z] Error reading actual data: no connection to modbus server
[2025-03-01T08:28:55.043Z] Error writing to Modbus register: no connection to modbus server
[2025-03-01T08:28:55.044Z] ❌ Error reading register 1000 for IP 10.30.4.91: no connection to modbus server
[2025-03-01T08:28:55.044Z] Error reading register 3105 for IP 10.30.4.91: no connection to modbus server
[2025-03-01T08:28:55.045Z] Error reading actual data: no connection to modbus server
[2025-03-01T08:28:55.059Z] Error writing to Modbus register: no connection to modbus server
[2025-03-01T08:28:55.076Z] Error reading register 3105 for IP 10.30.4.91: no connection to modbus server
[2025-03-01T08:28:55.076Z] ❌ Error reading register 1000 for IP 10.30.4.91: no connection to modbus server
[2025-03-01T08:28:55.076Z] Error reading actual data: no connection to modbus server
[2025-03-01T08:28:55.076Z] Error writing to Modbus register: no connection to modbus server
[2025-03-01T08:28:55.076Z] Error reading register 3105 for IP 10.30.4.91: no connection to modbus server
[2025-03-01T08:28:55.076Z] ❌ Error reading register 1000 for IP 10.30.4.91: no connection to modbus server
[2025-03-01T08:28:55.077Z] Error reading actual data: no connection to modbus server
[2025-03-01T08:28:55.077Z] Error writing to Modbus register: no connection to modbus server
[2025-03-01T08:28:55.680Z] Error reading register 3105 for IP 10.30.4.91: no connection to modbus server
[2025-03-01T08:28:55.680Z] ❌ Error reading register 1000 for IP 10.30.4.91: no connection to modbus server
[2025-03-01T08:28:55.680Z] Error reading actual data: no connection to modbus server
[2025-03-01T08:28:55.845Z] Error writing to Modbus register: no connection to modbus server
[2025-03-01T08:28:55.845Z] Error reading register 3105 for IP 10.30.4.91: no connection to modbus server
[2025-03-01T08:28:55.845Z] ❌ Error reading register 1000 for IP 10.30.4.91: no connection to modbus server
[2025-03-01T08:28:55.846Z] Error writing to Modbus register: no connection to modbus server
[2025-03-01T08:28:55.845Z] Error reading actual data: no connection to modbus server
[2025-03-01T08:28:55.846Z] Error reading register 3105 for IP 10.30.4.91: no connection to modbus server
[2025-03-01T08:28:55.846Z] ❌ Error reading register 1000 for IP 10.30.4.91: no connection to modbus server
[2025-03-01T08:28:55.846Z] Error reading actual data: no connection to modbus server
[2025-03-01T08:28:56.058Z] Error writing to Modbus register: no connection to modbus server
[2025-03-01T08:28:56.059Z] Error reading register 3105 for IP 10.30.4.91: no connection to modbus server
[2025-03-01T08:28:56.060Z] ❌ Error reading register 1000 for IP 10.30.4.91: no connection to modbus server
[2025-03-01T08:28:56.060Z] Error reading actual data: no connection to modbus server
[2025-03-01T08:28:56.062Z] Error writing to Modbus register: no connection to modbus server
[2025-03-01T08:28:56.088Z] Error reading register 3105 for IP 10.30.4.91: no connection to modbus server
[2025-03-01T08:28:56.089Z] ❌ Error reading register 1000 for IP 10.30.4.91: no connection to modbus server
[2025-03-01T08:28:56.089Z] Error reading actual data: no connection to modbus server
[2025-03-01T08:28:56.089Z] Error writing to Modbus register: no connection to modbus server
[2025-03-01T08:28:56.089Z] Error reading register 3105 for IP 10.30.4.91: no connection to modbus server
[2025-03-01T08:28:56.089Z] ❌ Error reading register 1000 for IP 10.30.4.91: no connection to modbus server
[2025-03-01T08:28:56.089Z] Error reading actual data: no connection to modbus server
[2025-03-01T08:28:56.090Z] Error writing to Modbus register: no connection to modbus server
[2025-03-01T08:28:56.693Z] Error reading register 3105 for IP 10.30.4.91: no connection to modbus server
[2025-03-01T08:28:56.693Z] ❌ Error reading register 1000 for IP 10.30.4.91: no connection to modbus server
[2025-03-01T08:28:56.693Z] Error reading actual data: no connection to modbus server
[2025-03-01T08:28:56.849Z] Error reading register 3105 for IP 10.30.4.91: no connection to modbus server
[2025-03-01T08:28:56.850Z] ❌ Error reading register 1000 for IP 10.30.4.91: no connection to modbus server
[2025-03-01T08:28:56.851Z] Error reading actual data: no connection to modbus server
[2025-03-01T08:28:56.847Z] Error writing to Modbus register: no connection to modbus server
[2025-03-01T08:28:56.852Z] Error reading register 3105 for IP 10.30.4.91: no connection to modbus server
[2025-03-01T08:28:56.852Z] ❌ Error reading register 1000 for IP 10.30.4.91: no connection to modbus server
[2025-03-01T08:28:56.851Z] Error writing to Modbus register: no connection to modbus server
[2025-03-01T08:28:56.852Z] Error reading actual data: no connection to modbus server
[2025-03-01T08:28:57.060Z] Error writing to Modbus register: no connection to modbus server
[2025-03-01T08:28:57.060Z] Error reading register 3105 for IP 10.30.4.91: no connection to modbus server
[2025-03-01T08:28:57.061Z] ❌ Error reading register 1000 for IP 10.30.4.91: no connection to modbus server
[2025-03-01T08:28:57.061Z] Error reading actual data: no connection to modbus server
[2025-03-01T08:28:57.061Z] Error writing to Modbus register: no connection to modbus server
[2025-03-01T08:28:57.091Z] Error reading register 3105 for IP 10.30.4.91: no connection to modbus server
[2025-03-01T08:28:57.091Z] ❌ Error reading register 1000 for IP 10.30.4.91: no connection to modbus server
[2025-03-01T08:28:57.092Z] Error reading register 3105 for IP 10.30.4.91: no connection to modbus server
[2025-03-01T08:28:57.092Z] ❌ Error reading register 1000 for IP 10.30.4.91: no connection to modbus server
[2025-03-01T08:28:57.092Z] Error reading actual data: no connection to modbus server
[2025-03-01T08:28:57.092Z] Error writing to Modbus register: no connection to modbus server
[2025-03-01T08:28:57.091Z] Error writing to Modbus register: no connection to modbus server
[2025-03-01T08:28:57.091Z] Error reading actual data: no connection to modbus server
[2025-03-01T08:28:57.694Z] Error reading register 3105 for IP 10.30.4.91: no connection to modbus server
[2025-03-01T08:28:57.694Z] ❌ Error reading register 1000 for IP 10.30.4.91: no connection to modbus server
[2025-03-01T08:28:57.695Z] Error reading actual data: no connection to modbus server
[2025-03-01T08:28:57.846Z] Error writing to Modbus register: no connection to modbus server
[2025-03-01T08:28:57.848Z] Error reading register 3105 for IP 10.30.4.91: no connection to modbus server
[2025-03-01T08:28:57.848Z] ❌ Error reading register 1000 for IP 10.30.4.91: no connection to modbus server
[2025-03-01T08:28:57.848Z] Error reading actual data: no connection to modbus server
[2025-03-01T08:28:57.862Z] Error writing to Modbus register: no connection to modbus server
[2025-03-01T08:28:57.863Z] Error reading register 3105 for IP 10.30.4.91: no connection to modbus server
[2025-03-01T08:28:57.864Z] ❌ Error reading register 1000 for IP 10.30.4.91: no connection to modbus server
[2025-03-01T08:28:57.864Z] Error reading actual data: no connection to modbus server
[2025-03-01T08:28:58.067Z] Error writing to Modbus register: no connection to modbus server
[2025-03-01T08:28:58.068Z] Error reading register 3105 for IP 10.30.4.91: no connection to modbus server
[2025-03-01T08:28:58.068Z] Error writing to Modbus register: no connection to modbus server
[2025-03-01T08:28:58.068Z] Error reading actual data: no connection to modbus server
[2025-03-01T08:28:58.068Z] ❌ Error reading register 1000 for IP 10.30.4.91: no connection to modbus server
[2025-03-01T08:28:58.098Z] Error reading register 3105 for IP 10.30.4.91: no connection to modbus server
[2025-03-01T08:28:58.099Z] ❌ Error reading register 1000 for IP 10.30.4.91: no connection to modbus server
[2025-03-01T08:28:58.099Z] Error reading actual data: no connection to modbus server
[2025-03-01T08:28:58.099Z] Error writing to Modbus register: no connection to modbus server
[2025-03-01T08:28:58.100Z] Error reading register 3105 for IP 10.30.4.91: no connection to modbus server
[2025-03-01T08:28:58.100Z] ❌ Error reading register 1000 for IP 10.30.4.91: no connection to modbus server
[2025-03-01T08:28:58.100Z] Error reading actual data: no connection to modbus server
[2025-03-01T08:28:58.100Z] Error writing to Modbus register: no connection to modbus server
[2025-03-01T08:28:58.695Z] Error reading register 3105 for IP 10.30.4.91: no connection to modbus server
[2025-03-01T08:28:58.695Z] ❌ Error reading register 1000 for IP 10.30.4.91: no connection to modbus server
[2025-03-01T08:28:58.695Z] Error reading actual data: no connection to modbus server
[2025-03-01T08:28:58.847Z] Error writing to Modbus register: no connection to modbus server
[2025-03-01T08:28:58.847Z] Error reading register 3105 for IP 10.30.4.91: no connection to modbus server
[2025-03-01T08:28:58.848Z] ❌ Error reading register 1000 for IP 10.30.4.91: no connection to modbus server
[2025-03-01T08:28:58.848Z] Error reading actual data: no connection to modbus server
[2025-03-01T08:28:58.862Z] Error writing to Modbus register: no connection to modbus server
[2025-03-01T08:28:58.863Z] Error reading register 3105 for IP 10.30.4.91: no connection to modbus server
[2025-03-01T08:28:58.863Z] ❌ Error reading register 1000 for IP 10.30.4.91: no connection to modbus server
[2025-03-01T08:28:58.864Z] Error reading actual data: no connection to modbus server
[2025-03-01T08:28:59.075Z] Error writing to Modbus register: no connection to modbus server
[2025-03-01T08:28:59.077Z] Error reading register 3105 for IP 10.30.4.91: no connection to modbus server
[2025-03-01T08:28:59.077Z] ❌ Error reading register 1000 for IP 10.30.4.91: no connection to modbus server
[2025-03-01T08:28:59.078Z] Error reading actual data: no connection to modbus server
[2025-03-01T08:28:59.079Z] Error writing to Modbus register: no connection to modbus server
[2025-03-01T08:28:59.107Z] Error reading register 3105 for IP 10.30.4.91: no connection to modbus server
[2025-03-01T08:28:59.107Z] ❌ Error reading register 1000 for IP 10.30.4.91: no connection to modbus server
[2025-03-01T08:28:59.108Z] Error reading actual data: no connection to modbus server
[2025-03-01T08:28:59.109Z] Error writing to Modbus register: no connection to modbus server
[2025-03-01T08:28:59.110Z] Error reading register 3105 for IP 10.30.4.91: no connection to modbus server
[2025-03-01T08:28:59.111Z] ❌ Error reading register 1000 for IP 10.30.4.91: no connection to modbus server
[2025-03-01T08:28:59.111Z] Error reading actual data: no connection to modbus server
[2025-03-01T08:28:59.111Z] Error writing to Modbus register: no connection to modbus server
[2025-03-01T08:28:59.696Z] Error reading register 3105 for IP 10.30.4.91: no connection to modbus server
[2025-03-01T08:28:59.697Z] ❌ Error reading register 1000 for IP 10.30.4.91: no connection to modbus server
[2025-03-01T08:28:59.697Z] Error reading actual data: no connection to modbus server
[2025-03-01T08:28:59.847Z] Error writing to Modbus register: no connection to modbus server
[2025-03-01T08:28:59.847Z] Error reading register 3105 for IP 10.30.4.91: no connection to modbus server
[2025-03-01T08:28:59.847Z] ❌ Error reading register 1000 for IP 10.30.4.91: no connection to modbus server
[2025-03-01T08:28:59.848Z] Error reading actual data: no connection to modbus server
[2025-03-01T08:28:59.862Z] Error writing to Modbus register: no connection to modbus server
[2025-03-01T08:28:59.878Z] Error reading register 3105 for IP 10.30.4.91: no connection to modbus server
[2025-03-01T08:28:59.878Z] ❌ Error reading register 1000 for IP 10.30.4.91: no connection to modbus server
[2025-03-01T08:28:59.878Z] Error reading actual data: no connection to modbus server
[2025-03-01T08:29:00.090Z] Error writing to Modbus register: no connection to modbus server
[2025-03-01T08:29:00.093Z] ❌ Error reading register 1000 for IP 10.30.4.91: no connection to modbus server
[2025-03-01T08:29:00.092Z] Error reading register 3105 for IP 10.30.4.91: no connection to modbus server
[2025-03-01T08:29:00.094Z] Error writing to Modbus register: no connection to modbus server
[2025-03-01T08:29:00.093Z] Error reading actual data: no connection to modbus server
[2025-03-01T08:29:00.123Z] Error reading register 3105 for IP 10.30.4.91: no connection to modbus server
[2025-03-01T08:29:00.124Z] ❌ Error reading register 1000 for IP 10.30.4.91: no connection to modbus server
[2025-03-01T08:29:00.124Z] Error reading actual data: no connection to modbus server
[2025-03-01T08:29:00.125Z] Error writing to Modbus register: no connection to modbus server
[2025-03-01T08:29:00.126Z] Error reading register 3105 for IP 10.30.4.91: no connection to modbus server
[2025-03-01T08:29:00.126Z] ❌ Error reading register 1000 for IP 10.30.4.91: no connection to modbus server
[2025-03-01T08:29:00.126Z] Error reading actual data: no connection to modbus server
[2025-03-01T08:29:00.127Z] Error writing to Modbus register: no connection to modbus server
[2025-03-01T08:29:00.707Z] Error reading register 3105 for IP 10.30.4.91: no connection to modbus server
[2025-03-01T08:29:00.708Z] ❌ Error reading register 1000 for IP 10.30.4.91: no connection to modbus server
[2025-03-01T08:29:00.708Z] Error reading actual data: no connection to modbus server
[2025-03-01T08:29:00.863Z] Error writing to Modbus register: no connection to modbus server
[2025-03-01T08:29:00.864Z] Error reading register 3105 for IP 10.30.4.91: no connection to modbus server
[2025-03-01T08:29:00.864Z] ❌ Error reading register 1000 for IP 10.30.4.91: no connection to modbus server
[2025-03-01T08:29:00.864Z] Error reading actual data: no connection to modbus server
[2025-03-01T08:29:00.865Z] Error writing to Modbus register: no connection to modbus server
[2025-03-01T08:29:00.890Z] Error reading register 3105 for IP 10.30.4.91: no connection to modbus server
[2025-03-01T08:29:00.890Z] ❌ Error reading register 1000 for IP 10.30.4.91: no connection to modbus server
[2025-03-01T08:29:00.891Z] Error reading actual data: no connection to modbus server
[2025-03-01T08:29:01.097Z] Error reading register 3105 for IP 10.30.4.91: no connection to modbus server
[2025-03-01T08:29:01.097Z] ❌ Error reading register 1000 for IP 10.30.4.91: no connection to modbus server
[2025-03-01T08:29:01.096Z] Error writing to Modbus register: no connection to modbus server
[2025-03-01T08:29:01.097Z] Error reading actual data: no connection to modbus server
[2025-03-01T08:29:01.098Z] Error writing to Modbus register: no connection to modbus server
[2025-03-01T08:29:01.130Z] Error reading register 3105 for IP 10.30.4.91: no connection to modbus server
[2025-03-01T08:29:01.130Z] ❌ Error reading register 1000 for IP 10.30.4.91: no connection to modbus server
[2025-03-01T08:29:01.130Z] Error reading actual data: no connection to modbus server
[2025-03-01T08:29:01.130Z] Error writing to Modbus register: no connection to modbus server
[2025-03-01T08:29:01.131Z] Error reading register 3105 for IP 10.30.4.91: no connection to modbus server
[2025-03-01T08:29:01.131Z] ❌ Error reading register 1000 for IP 10.30.4.91: no connection to modbus server
[2025-03-01T08:29:01.131Z] Error reading actual data: no connection to modbus server
[2025-03-01T08:29:01.131Z] Error writing to Modbus register: no connection to modbus server
[2025-03-01T08:29:01.711Z] Error reading register 3105 for IP 10.30.4.91: no connection to modbus server
[2025-03-01T08:29:01.711Z] ❌ Error reading register 1000 for IP 10.30.4.91: no connection to modbus server
[2025-03-01T08:29:01.711Z] Error reading actual data: no connection to modbus server
[2025-03-01T08:29:01.863Z] Error writing to Modbus register: no connection to modbus server
[2025-03-01T08:29:01.864Z] Error reading register 3105 for IP 10.30.4.91: no connection to modbus server
[2025-03-01T08:29:01.864Z] ❌ Error reading register 1000 for IP 10.30.4.91: no connection to modbus server
[2025-03-01T08:29:01.865Z] Error reading actual data: no connection to modbus server
[2025-03-01T08:29:01.866Z] Error writing to Modbus register: no connection to modbus server
[2025-03-01T08:29:01.894Z] Error reading register 3105 for IP 10.30.4.91: no connection to modbus server
[2025-03-01T08:29:01.894Z] ❌ Error reading register 1000 for IP 10.30.4.91: no connection to modbus server
[2025-03-01T08:29:01.894Z] Error reading actual data: no connection to modbus server
[2025-03-01T08:29:02.102Z] Error writing to Modbus register: no connection to modbus server
[2025-03-01T08:29:02.102Z] Error reading register 3105 for IP 10.30.4.91: no connection to modbus server
[2025-03-01T08:29:02.103Z] ❌ Error reading register 1000 for IP 10.30.4.91: no connection to modbus server
[2025-03-01T08:29:02.103Z] Error reading actual data: no connection to modbus server
[2025-03-01T08:29:02.103Z] Error writing to Modbus register: no connection to modbus server
[2025-03-01T08:29:02.132Z] Error reading register 3105 for IP 10.30.4.91: no connection to modbus server
[2025-03-01T08:29:02.132Z] ❌ Error reading register 1000 for IP 10.30.4.91: no connection to modbus server
[2025-03-01T08:29:02.133Z] Error reading actual data: no connection to modbus server
[2025-03-01T08:29:02.133Z] Error writing to Modbus register: no connection to modbus server
[2025-03-01T08:29:02.133Z] Error reading register 3105 for IP 10.30.4.91: no connection to modbus server
[2025-03-01T08:29:02.133Z] ❌ Error reading register 1000 for IP 10.30.4.91: no connection to modbus server
[2025-03-01T08:29:02.133Z] Error reading actual data: no connection to modbus server
[2025-03-01T08:29:02.134Z] Error writing to Modbus register: no connection to modbus server
[2025-03-01T08:29:02.713Z] Error reading register 3105 for IP 10.30.4.91: no connection to modbus server
[2025-03-01T08:29:02.713Z] ❌ Error reading register 1000 for IP 10.30.4.91: no connection to modbus server
[2025-03-01T08:29:02.713Z] Error reading actual data: no connection to modbus server
[2025-03-01T08:29:02.879Z] Error writing to Modbus register: no connection to modbus server
[2025-03-01T08:29:02.880Z] Error reading register 3105 for IP 10.30.4.91: no connection to modbus server
[2025-03-01T08:29:02.880Z] ❌ Error reading register 1000 for IP 10.30.4.91: no connection to modbus server
[2025-03-01T08:29:02.880Z] Error reading actual data: no connection to modbus server
[2025-03-01T08:29:02.880Z] Error writing to Modbus register: no connection to modbus server
[2025-03-01T08:29:02.895Z] Error reading register 3105 for IP 10.30.4.91: no connection to modbus server
[2025-03-01T08:29:02.896Z] ❌ Error reading register 1000 for IP 10.30.4.91: no connection to modbus server
[2025-03-01T08:29:02.896Z] Error reading actual data: no connection to modbus server
[2025-03-01T08:29:03.108Z] Error writing to Modbus register: no connection to modbus server
[2025-03-01T08:29:03.109Z] Error reading register 3105 for IP 10.30.4.91: no connection to modbus server
[2025-03-01T08:29:03.109Z] ❌ Error reading register 1000 for IP 10.30.4.91: no connection to modbus server
[2025-03-01T08:29:03.110Z] Error reading actual data: no connection to modbus server
[2025-03-01T08:29:03.110Z] Error writing to Modbus register: no connection to modbus server
[2025-03-01T08:29:03.136Z] Error reading register 3105 for IP 10.30.4.91: no connection to modbus server
[2025-03-01T08:29:03.136Z] ❌ Error reading register 1000 for IP 10.30.4.91: no connection to modbus server
[2025-03-01T08:29:03.137Z] Error reading actual data: no connection to modbus server
[2025-03-01T08:29:03.137Z] Error writing to Modbus register: no connection to modbus server
[2025-03-01T08:29:03.137Z] Error reading register 3105 for IP 10.30.4.91: no connection to modbus server
[2025-03-01T08:29:03.137Z] ❌ Error reading register 1000 for IP 10.30.4.91: no connection to modbus server
[2025-03-01T08:29:03.138Z] Error reading actual data: no connection to modbus server
[2025-03-01T08:29:03.138Z] Error writing to Modbus register: no connection to modbus server
[2025-03-01T08:29:03.713Z] Error reading register 3105 for IP 10.30.4.91: no connection to modbus server
[2025-03-01T08:29:03.713Z] ❌ Error reading register 1000 for IP 10.30.4.91: no connection to modbus server
[2025-03-01T08:29:03.713Z] Error reading actual data: no connection to modbus server
[2025-03-01T08:29:03.896Z] Error writing to Modbus register: no connection to modbus server
[2025-03-01T08:29:03.898Z] Error reading register 3105 for IP 10.30.4.91: no connection to modbus server
[2025-03-01T08:29:03.898Z] ❌ Error reading register 1000 for IP 10.30.4.91: no connection to modbus server
[2025-03-01T08:29:03.899Z] Error reading actual data: no connection to modbus server
[2025-03-01T08:29:03.900Z] ❌ Error reading register 1000 for IP 10.30.4.91: no connection to modbus server
[2025-03-01T08:29:03.900Z] Error reading actual data: no connection to modbus server
[2025-03-01T08:29:03.899Z] Error writing to Modbus register: no connection to modbus server
[2025-03-01T08:29:03.900Z] Error reading register 3105 for IP 10.30.4.91: no connection to modbus server
[2025-03-01T08:29:04.112Z] Error writing to Modbus register: no connection to modbus server
[2025-03-01T08:29:04.114Z] Error reading register 3105 for IP 10.30.4.91: no connection to modbus server
[2025-03-01T08:29:04.115Z] ❌ Error reading register 1000 for IP 10.30.4.91: no connection to modbus server
[2025-03-01T08:29:04.116Z] Error writing to Modbus register: no connection to modbus server
[2025-03-01T08:29:04.115Z] Error reading actual data: no connection to modbus server
[2025-03-01T08:29:04.145Z] Error reading register 3105 for IP 10.30.4.91: no connection to modbus server
[2025-03-01T08:29:04.146Z] Error reading actual data: no connection to modbus server
[2025-03-01T08:29:04.146Z] ❌ Error reading register 1000 for IP 10.30.4.91: no connection to modbus server
[2025-03-01T08:29:04.147Z] Error writing to Modbus register: no connection to modbus server
[2025-03-01T08:29:04.148Z] Error reading register 3105 for IP 10.30.4.91: no connection to modbus server
[2025-03-01T08:29:04.148Z] ❌ Error reading register 1000 for IP 10.30.4.91: no connection to modbus server
[2025-03-01T08:29:04.149Z] Error reading actual data: no connection to modbus server
[2025-03-01T08:29:04.150Z] Error writing to Modbus register: no connection to modbus server
[2025-03-01T08:29:04.714Z] Error reading register 3105 for IP 10.30.4.91: no connection to modbus server
[2025-03-01T08:29:04.715Z] ❌ Error reading register 1000 for IP 10.30.4.91: no connection to modbus server
[2025-03-01T08:29:04.715Z] Error reading actual data: no connection to modbus server
[2025-03-01T08:29:04.910Z] Error writing to Modbus register: no connection to modbus server
[2025-03-01T08:29:04.912Z] Error reading register 3105 for IP 10.30.4.91: no connection to modbus server
[2025-03-01T08:29:04.913Z] ❌ Error reading register 1000 for IP 10.30.4.91: no connection to modbus server
[2025-03-01T08:29:04.914Z] Error reading actual data: no connection to modbus server
[2025-03-01T08:29:04.916Z] Error writing to Modbus register: no connection to modbus server
[2025-03-01T08:29:04.917Z] Error reading register 3105 for IP 10.30.4.91: no connection to modbus server
[2025-03-01T08:29:04.917Z] ❌ Error reading register 1000 for IP 10.30.4.91: no connection to modbus server
[2025-03-01T08:29:04.917Z] Error reading actual data: no connection to modbus server
[2025-03-01T08:29:05.126Z] Error writing to Modbus register: no connection to modbus server
[2025-03-01T08:29:05.129Z] ❌ Error reading register 1000 for IP 10.30.4.91: no connection to modbus server
[2025-03-01T08:29:05.128Z] Error reading register 3105 for IP 10.30.4.91: no connection to modbus server
[2025-03-01T08:29:05.129Z] Error reading actual data: no connection to modbus server
[2025-03-01T08:29:05.130Z] Error writing to Modbus register: no connection to modbus server
[2025-03-01T08:29:05.150Z] Error reading register 3105 for IP 10.30.4.91: no connection to modbus server
[2025-03-01T08:29:05.151Z] ❌ Error reading register 1000 for IP 10.30.4.91: no connection to modbus server
[2025-03-01T08:29:05.152Z] Error reading actual data: no connection to modbus server
[2025-03-01T08:29:05.153Z] Error writing to Modbus register: no connection to modbus server
[2025-03-01T08:29:05.154Z] ❌ Error reading register 1000 for IP 10.30.4.91: no connection to modbus server
[2025-03-01T08:29:05.154Z] Error reading register 3105 for IP 10.30.4.91: no connection to modbus server
[2025-03-01T08:29:05.154Z] Error reading actual data: no connection to modbus server
[2025-03-01T08:29:05.155Z] Error writing to Modbus register: no connection to modbus server
[2025-03-01T08:29:05.714Z] Error reading register 3105 for IP 10.30.4.91: no connection to modbus server
[2025-03-01T08:29:05.714Z] ❌ Error reading register 1000 for IP 10.30.4.91: no connection to modbus server
[2025-03-01T08:29:05.714Z] Error reading actual data: no connection to modbus server
[2025-03-01T08:29:05.912Z] Error writing to Modbus register: no connection to modbus server
[2025-03-01T08:29:05.913Z] Error reading register 3105 for IP 10.30.4.91: no connection to modbus server
[2025-03-01T08:29:05.914Z] ❌ Error reading register 1000 for IP 10.30.4.91: no connection to modbus server
[2025-03-01T08:29:05.914Z] Error reading actual data: no connection to modbus server
[2025-03-01T08:29:05.916Z] Error writing to Modbus register: no connection to modbus server
[2025-03-01T08:29:05.917Z] Error reading register 3105 for IP 10.30.4.91: no connection to modbus server
[2025-03-01T08:29:05.917Z] ❌ Error reading register 1000 for IP 10.30.4.91: no connection to modbus server
[2025-03-01T08:29:05.917Z] Error reading actual data: no connection to modbus server
[2025-03-01T08:29:06.129Z] Error writing to Modbus register: no connection to modbus server
[2025-03-01T08:29:06.131Z] Error reading register 3105 for IP 10.30.4.91: no connection to modbus server
[2025-03-01T08:29:06.131Z] ❌ Error reading register 1000 for IP 10.30.4.91: no connection to modbus server
[2025-03-01T08:29:06.132Z] Error reading actual data: no connection to modbus server
[2025-03-01T08:29:06.133Z] Error writing to Modbus register: no connection to modbus server
[2025-03-01T08:29:06.162Z] Error reading register 3105 for IP 10.30.4.91: no connection to modbus server
[2025-03-01T08:29:06.162Z] ❌ Error reading register 1000 for IP 10.30.4.91: no connection to modbus server
[2025-03-01T08:29:06.162Z] Error reading actual data: no connection to modbus server
[2025-03-01T08:29:06.163Z] Error writing to Modbus register: no connection to modbus server
[2025-03-01T08:29:06.164Z] Error reading register 3105 for IP 10.30.4.91: no connection to modbus server
[2025-03-01T08:29:06.164Z] ❌ Error reading register 1000 for IP 10.30.4.91: no connection to modbus server
[2025-03-01T08:29:06.164Z] Error reading actual data: no connection to modbus server
[2025-03-01T08:29:06.164Z] Error writing to Modbus register: no connection to modbus server
[2025-03-01T08:29:06.712Z] Error reading register 3105 for IP 10.30.4.91: no connection to modbus server
[2025-03-01T08:29:06.713Z] ❌ Error reading register 1000 for IP 10.30.4.91: no connection to modbus server
[2025-03-01T08:29:06.713Z] Error reading actual data: no connection to modbus server
[2025-03-01T08:29:06.914Z] Error writing to Modbus register: no connection to modbus server
[2025-03-01T08:29:06.914Z] Error reading register 3105 for IP 10.30.4.91: no connection to modbus server
[2025-03-01T08:29:06.914Z] ❌ Error reading register 1000 for IP 10.30.4.91: no connection to modbus server
[2025-03-01T08:29:06.914Z] Error reading actual data: no connection to modbus server
[2025-03-01T08:29:06.915Z] Error writing to Modbus register: no connection to modbus server
[2025-03-01T08:29:06.916Z] Error reading register 3105 for IP 10.30.4.91: no connection to modbus server
[2025-03-01T08:29:06.916Z] ❌ Error reading register 1000 for IP 10.30.4.91: no connection to modbus server
[2025-03-01T08:29:06.917Z] Error reading actual data: no connection to modbus server
[2025-03-01T08:29:07.136Z] Error writing to Modbus register: no connection to modbus server
[2025-03-01T08:29:07.137Z] Error reading register 3105 for IP 10.30.4.91: no connection to modbus server
[2025-03-01T08:29:07.137Z] ❌ Error reading register 1000 for IP 10.30.4.91: no connection to modbus server
[2025-03-01T08:29:07.137Z] Error reading actual data: no connection to modbus server
[2025-03-01T08:29:07.138Z] Error writing to Modbus register: no connection to modbus server
[2025-03-01T08:29:07.163Z] Error reading register 3105 for IP 10.30.4.91: no connection to modbus server
[2025-03-01T08:29:07.163Z] ❌ Error reading register 1000 for IP 10.30.4.91: no connection to modbus server
[2025-03-01T08:29:07.164Z] Error writing to Modbus register: no connection to modbus server
[2025-03-01T08:29:07.163Z] Error reading actual data: no connection to modbus server
[2025-03-01T08:29:07.164Z] Error reading register 3105 for IP 10.30.4.91: no connection to modbus server
[2025-03-01T08:29:07.164Z] ❌ Error reading register 1000 for IP 10.30.4.91: no connection to modbus server
[2025-03-01T08:29:07.164Z] Error reading actual data: no connection to modbus server
[2025-03-01T08:29:07.165Z] Error writing to Modbus register: no connection to modbus server
[2025-03-01T08:29:07.714Z] Error reading register 3105 for IP 10.30.4.91: no connection to modbus server
[2025-03-01T08:29:07.715Z] ❌ Error reading register 1000 for IP 10.30.4.91: no connection to modbus server
[2025-03-01T08:29:07.715Z] Error reading actual data: no connection to modbus server
[2025-03-01T08:29:07.929Z] Error writing to Modbus register: no connection to modbus server
[2025-03-01T08:29:07.930Z] Error reading register 3105 for IP 10.30.4.91: no connection to modbus server
[2025-03-01T08:29:07.931Z] ❌ Error reading register 1000 for IP 10.30.4.91: no connection to modbus server
[2025-03-01T08:29:07.932Z] Error writing to Modbus register: no connection to modbus server
[2025-03-01T08:29:07.931Z] Error reading actual data: no connection to modbus server
[2025-03-01T08:29:07.933Z] Error reading register 3105 for IP 10.30.4.91: no connection to modbus server
[2025-03-01T08:29:07.933Z] ❌ Error reading register 1000 for IP 10.30.4.91: no connection to modbus server
[2025-03-01T08:29:07.933Z] Error reading actual data: no connection to modbus server
[2025-03-01T08:29:08.144Z] Error writing to Modbus register: no connection to modbus server
[2025-03-01T08:29:08.145Z] Error reading register 3105 for IP 10.30.4.91: no connection to modbus server
[2025-03-01T08:29:08.146Z] ❌ Error reading register 1000 for IP 10.30.4.91: no connection to modbus server
[2025-03-01T08:29:08.146Z] Error reading actual data: no connection to modbus server
[2025-03-01T08:29:08.147Z] Error writing to Modbus register: no connection to modbus server
[2025-03-01T08:29:08.177Z] Error reading register 3105 for IP 10.30.4.91: no connection to modbus server
[2025-03-01T08:29:08.177Z] ❌ Error reading register 1000 for IP 10.30.4.91: no connection to modbus server
[2025-03-01T08:29:08.178Z] Error reading actual data: no connection to modbus server
[2025-03-01T08:29:08.178Z] Error writing to Modbus register: no connection to modbus server
[2025-03-01T08:29:08.178Z] Error reading register 3105 for IP 10.30.4.91: no connection to modbus server
[2025-03-01T08:29:08.178Z] ❌ Error reading register 1000 for IP 10.30.4.91: no connection to modbus server
[2025-03-01T08:29:08.179Z] Error reading actual data: no connection to modbus server
[2025-03-01T08:29:08.179Z] Error writing to Modbus register: no connection to modbus server
[2025-03-01T08:29:08.723Z] Error reading register 3105 for IP 10.30.4.91: no connection to modbus server
[2025-03-01T08:29:08.723Z] ❌ Error reading register 1000 for IP 10.30.4.91: no connection to modbus server
[2025-03-01T08:29:08.723Z] Error reading actual data: no connection to modbus server
[2025-03-01T08:29:08.927Z] Error writing to Modbus register: no connection to modbus server
[2025-03-01T08:29:08.943Z] Error reading register 3105 for IP 10.30.4.91: no connection to modbus server
[2025-03-01T08:29:08.943Z] ❌ Error reading register 1000 for IP 10.30.4.91: no connection to modbus server
[2025-03-01T08:29:08.944Z] Error reading actual data: no connection to modbus server
[2025-03-01T08:29:08.944Z] Error writing to Modbus register: no connection to modbus server
[2025-03-01T08:29:08.945Z] Error reading register 3105 for IP 10.30.4.91: no connection to modbus server
[2025-03-01T08:29:08.945Z] ❌ Error reading register 1000 for IP 10.30.4.91: no connection to modbus server
[2025-03-01T08:29:08.945Z] Error reading actual data: no connection to modbus server
[2025-03-01T08:29:09.145Z] Error writing to Modbus register: no connection to modbus server
[2025-03-01T08:29:09.145Z] Error reading register 3105 for IP 10.30.4.91: no connection to modbus server
[2025-03-01T08:29:09.145Z] ❌ Error reading register 1000 for IP 10.30.4.91: no connection to modbus server
[2025-03-01T08:29:09.145Z] Error reading actual data: no connection to modbus server
[2025-03-01T08:29:09.147Z] Error writing to Modbus register: no connection to modbus server
[2025-03-01T08:29:09.179Z] Error reading register 3105 for IP 10.30.4.91: no connection to modbus server
[2025-03-01T08:29:09.179Z] ❌ Error reading register 1000 for IP 10.30.4.91: no connection to modbus server
[2025-03-01T08:29:09.179Z] Error reading actual data: no connection to modbus server
[2025-03-01T08:29:09.180Z] Error writing to Modbus register: no connection to modbus server
[2025-03-01T08:29:09.181Z] Error reading register 3105 for IP 10.30.4.91: no connection to modbus server
[2025-03-01T08:29:09.181Z] ❌ Error reading register 1000 for IP 10.30.4.91: no connection to modbus server
[2025-03-01T08:29:09.181Z] Error reading actual data: no connection to modbus server
[2025-03-01T08:29:09.181Z] Error writing to Modbus register: no connection to modbus server
[2025-03-01T08:29:09.730Z] Error reading register 3105 for IP 10.30.4.91: no connection to modbus server
[2025-03-01T08:29:09.730Z] Error reading actual data: no connection to modbus server
[2025-03-01T08:29:09.730Z] ❌ Error reading register 1000 for IP 10.30.4.91: no connection to modbus server
[2025-03-01T08:29:09.942Z] Error writing to Modbus register: no connection to modbus server
[2025-03-01T08:29:09.943Z] Error reading register 3105 for IP 10.30.4.91: no connection to modbus server
[2025-03-01T08:29:09.943Z] ❌ Error reading register 1000 for IP 10.30.4.91: no connection to modbus server
[2025-03-01T08:29:09.943Z] Error reading actual data: no connection to modbus server
[2025-03-01T08:29:09.957Z] Error writing to Modbus register: no connection to modbus server
[2025-03-01T08:29:09.958Z] Error reading register 3105 for IP 10.30.4.91: no connection to modbus server
[2025-03-01T08:29:09.959Z] ❌ Error reading register 1000 for IP 10.30.4.91: no connection to modbus server
[2025-03-01T08:29:09.959Z] Error reading actual data: no connection to modbus server
[2025-03-01T08:29:10.160Z] Error writing to Modbus register: no connection to modbus server
[2025-03-01T08:29:10.161Z] Error reading register 3105 for IP 10.30.4.91: no connection to modbus server
[2025-03-01T08:29:10.161Z] ❌ Error reading register 1000 for IP 10.30.4.91: no connection to modbus server
[2025-03-01T08:29:10.162Z] Error reading actual data: no connection to modbus server
[2025-03-01T08:29:10.162Z] Error writing to Modbus register: no connection to modbus server
[2025-03-01T08:29:10.192Z] Error reading register 3105 for IP 10.30.4.91: no connection to modbus server
[2025-03-01T08:29:10.192Z] ❌ Error reading register 1000 for IP 10.30.4.91: no connection to modbus server
[2025-03-01T08:29:10.193Z] Error reading actual data: no connection to modbus server
[2025-03-01T08:29:10.194Z] Error writing to Modbus register: no connection to modbus server
[2025-03-01T08:29:10.195Z] Error reading register 3105 for IP 10.30.4.91: no connection to modbus server
[2025-03-01T08:29:10.196Z] ❌ Error reading register 1000 for IP 10.30.4.91: no connection to modbus server
[2025-03-01T08:29:10.196Z] Error reading actual data: no connection to modbus server
[2025-03-01T08:29:10.197Z] Error writing to Modbus register: no connection to modbus server
[2025-03-01T08:29:10.734Z] Error reading register 3105 for IP 10.30.4.91: no connection to modbus server
[2025-03-01T08:29:10.734Z] ❌ Error reading register 1000 for IP 10.30.4.91: no connection to modbus server
[2025-03-01T08:29:10.735Z] Error reading actual data: no connection to modbus server
[2025-03-01T08:29:10.954Z] Error writing to Modbus register: no connection to modbus server
[2025-03-01T08:29:10.954Z] Error reading register 3105 for IP 10.30.4.91: no connection to modbus server
[2025-03-01T08:29:10.954Z] ❌ Error reading register 1000 for IP 10.30.4.91: no connection to modbus server
[2025-03-01T08:29:10.954Z] Error reading actual data: no connection to modbus server
[2025-03-01T08:29:10.970Z] Error writing to Modbus register: no connection to modbus server
[2025-03-01T08:29:10.970Z] Error reading register 3105 for IP 10.30.4.91: no connection to modbus server
[2025-03-01T08:29:10.970Z] ❌ Error reading register 1000 for IP 10.30.4.91: no connection to modbus server
[2025-03-01T08:29:10.970Z] Error reading actual data: no connection to modbus server
[2025-03-01T08:29:11.175Z] Error writing to Modbus register: no connection to modbus server
[2025-03-01T08:29:11.176Z] Error reading register 3105 for IP 10.30.4.91: no connection to modbus server
[2025-03-01T08:29:11.177Z] ❌ Error reading register 1000 for IP 10.30.4.91: no connection to modbus server
[2025-03-01T08:29:11.177Z] Error reading actual data: no connection to modbus server
[2025-03-01T08:29:11.178Z] Error writing to Modbus register: no connection to modbus server
[2025-03-01T08:29:11.205Z] Error reading register 3105 for IP 10.30.4.91: no connection to modbus server
[2025-03-01T08:29:11.205Z] ❌ Error reading register 1000 for IP 10.30.4.91: no connection to modbus server
[2025-03-01T08:29:11.205Z] Error reading actual data: no connection to modbus server
[2025-03-01T08:29:11.206Z] Error writing to Modbus register: no connection to modbus server
[2025-03-01T08:29:11.206Z] Error reading register 3105 for IP 10.30.4.91: no connection to modbus server
[2025-03-01T08:29:11.206Z] ❌ Error reading register 1000 for IP 10.30.4.91: no connection to modbus server
[2025-03-01T08:29:11.206Z] Error reading actual data: no connection to modbus server
[2025-03-01T08:29:11.206Z] Error writing to Modbus register: no connection to modbus server
[2025-03-01T08:29:11.748Z] Error reading register 3105 for IP 10.30.4.91: no connection to modbus server
[2025-03-01T08:29:11.749Z] ❌ Error reading register 1000 for IP 10.30.4.91: no connection to modbus server
[2025-03-01T08:29:11.749Z] Error reading actual data: no connection to modbus server
[2025-03-01T08:29:11.959Z] Error writing to Modbus register: no connection to modbus server
[2025-03-01T08:29:11.959Z] Error reading register 3105 for IP 10.30.4.91: no connection to modbus server
[2025-03-01T08:29:11.960Z] ❌ Error reading register 1000 for IP 10.30.4.91: no connection to modbus server
[2025-03-01T08:29:11.960Z] Error reading actual data: no connection to modbus server
[2025-03-01T08:29:11.975Z] Error writing to Modbus register: no connection to modbus server
[2025-03-01T08:29:11.975Z] Error reading register 3105 for IP 10.30.4.91: no connection to modbus server
[2025-03-01T08:29:11.975Z] ❌ Error reading register 1000 for IP 10.30.4.91: no connection to modbus server
[2025-03-01T08:29:11.975Z] Error reading actual data: no connection to modbus server
[2025-03-01T08:29:12.174Z] Error writing to Modbus register: no connection to modbus server
[2025-03-01T08:29:12.176Z] Error reading register 3105 for IP 10.30.4.91: no connection to modbus server
[2025-03-01T08:29:12.177Z] ❌ Error reading register 1000 for IP 10.30.4.91: no connection to modbus server
[2025-03-01T08:29:12.177Z] Error reading actual data: no connection to modbus server
[2025-03-01T08:29:12.178Z] Error writing to Modbus register: no connection to modbus server
[2025-03-01T08:29:12.206Z] Error reading register 3105 for IP 10.30.4.91: no connection to modbus server
[2025-03-01T08:29:12.206Z] ❌ Error reading register 1000 for IP 10.30.4.91: no connection to modbus server
[2025-03-01T08:29:12.207Z] Error reading actual data: no connection to modbus server
[2025-03-01T08:29:12.208Z] Error writing to Modbus register: no connection to modbus server
[2025-03-01T08:29:12.209Z] Error reading register 3105 for IP 10.30.4.91: no connection to modbus server
[2025-03-01T08:29:12.210Z] ❌ Error reading register 1000 for IP 10.30.4.91: no connection to modbus server
[2025-03-01T08:29:12.210Z] Error reading actual data: no connection to modbus server
[2025-03-01T08:29:12.211Z] Error writing to Modbus register: no connection to modbus server
[2025-03-01T08:29:12.747Z] Error reading register 3105 for IP 10.30.4.91: no connection to modbus server
[2025-03-01T08:29:12.748Z] ❌ Error reading register 1000 for IP 10.30.4.91: no connection to modbus server
[2025-03-01T08:29:12.748Z] Error reading actual data: no connection to modbus server
[2025-03-01T08:29:12.974Z] Error writing to Modbus register: no connection to modbus server
[2025-03-01T08:29:12.976Z] Error reading register 3105 for IP 10.30.4.91: no connection to modbus server
[2025-03-01T08:29:12.976Z] ❌ Error reading register 1000 for IP 10.30.4.91: no connection to modbus server
[2025-03-01T08:29:12.977Z] Error reading actual data: no connection to modbus server
[2025-03-01T08:29:12.978Z] Error writing to Modbus register: no connection to modbus server
[2025-03-01T08:29:12.980Z] Error reading register 3105 for IP 10.30.4.91: no connection to modbus server
[2025-03-01T08:29:12.980Z] ❌ Error reading register 1000 for IP 10.30.4.91: no connection to modbus server
[2025-03-01T08:29:12.980Z] Error reading actual data: no connection to modbus server
[2025-03-01T08:29:13.176Z] Error writing to Modbus register: no connection to modbus server
[2025-03-01T08:29:13.176Z] Error reading register 3105 for IP 10.30.4.91: no connection to modbus server
[2025-03-01T08:29:13.176Z] ❌ Error reading register 1000 for IP 10.30.4.91: no connection to modbus server
[2025-03-01T08:29:13.176Z] Error reading actual data: no connection to modbus server
[2025-03-01T08:29:13.177Z] Error writing to Modbus register: no connection to modbus server
[2025-03-01T08:29:13.208Z] Error reading register 3105 for IP 10.30.4.91: no connection to modbus server
[2025-03-01T08:29:13.208Z] ❌ Error reading register 1000 for IP 10.30.4.91: no connection to modbus server
[2025-03-01T08:29:13.209Z] Error reading actual data: no connection to modbus server
[2025-03-01T08:29:13.210Z] Error writing to Modbus register: no connection to modbus server
[2025-03-01T08:29:13.211Z] Error reading register 3105 for IP 10.30.4.91: no connection to modbus server
[2025-03-01T08:29:13.211Z] ❌ Error reading register 1000 for IP 10.30.4.91: no connection to modbus server
[2025-03-01T08:29:13.212Z] Error reading actual data: no connection to modbus server
[2025-03-01T08:29:13.213Z] Error writing to Modbus register: no connection to modbus server
[2025-03-01T08:29:13.763Z] Error reading register 3105 for IP 10.30.4.91: no connection to modbus server
[2025-03-01T08:29:13.763Z] ❌ Error reading register 1000 for IP 10.30.4.91: no connection to modbus server
[2025-03-01T08:29:13.763Z] Error reading actual data: no connection to modbus server
[2025-03-01T08:29:13.975Z] Error writing to Modbus register: no connection to modbus server
[2025-03-01T08:29:13.976Z] Error reading register 3105 for IP 10.30.4.91: no connection to modbus server
[2025-03-01T08:29:13.976Z] ❌ Error reading register 1000 for IP 10.30.4.91: no connection to modbus server
[2025-03-01T08:29:13.976Z] Error reading actual data: no connection to modbus server
[2025-03-01T08:29:13.977Z] Error writing to Modbus register: no connection to modbus server
[2025-03-01T08:29:13.978Z] Error reading register 3105 for IP 10.30.4.91: no connection to modbus server
[2025-03-01T08:29:13.979Z] ❌ Error reading register 1000 for IP 10.30.4.91: no connection to modbus server
[2025-03-01T08:29:13.979Z] Error reading actual data: no connection to modbus server
[2025-03-01T08:29:14.176Z] Error writing to Modbus register: no connection to modbus server
[2025-03-01T08:29:14.176Z] Error reading register 3105 for IP 10.30.4.91: no connection to modbus server
[2025-03-01T08:29:14.176Z] ❌ Error reading register 1000 for IP 10.30.4.91: no connection to modbus server
[2025-03-01T08:29:14.176Z] Error reading actual data: no connection to modbus server
[2025-03-01T08:29:14.177Z] Error writing to Modbus register: no connection to modbus server
[2025-03-01T08:29:14.223Z] Error reading register 3105 for IP 10.30.4.91: no connection to modbus server
[2025-03-01T08:29:14.223Z] ❌ Error reading register 1000 for IP 10.30.4.91: no connection to modbus server
[2025-03-01T08:29:14.223Z] ❌ Error reading register 1000 for IP 10.30.4.91: no connection to modbus server
[2025-03-01T08:29:14.224Z] Error reading actual data: no connection to modbus server
[2025-03-01T08:29:14.224Z] Error writing to Modbus register: no connection to modbus server
[2025-03-01T08:29:14.223Z] Error reading actual data: no connection to modbus server
[2025-03-01T08:29:14.223Z] Error writing to Modbus register: no connection to modbus server
[2025-03-01T08:29:14.223Z] Error reading register 3105 for IP 10.30.4.91: no connection to modbus server
[2025-03-01T08:29:14.764Z] Error reading register 3105 for IP 10.30.4.91: no connection to modbus server
[2025-03-01T08:29:14.764Z] ❌ Error reading register 1000 for IP 10.30.4.91: no connection to modbus server
[2025-03-01T08:29:14.764Z] Error reading actual data: no connection to modbus server
[2025-03-01T08:29:14.975Z] Error writing to Modbus register: no connection to modbus server
[2025-03-01T08:29:14.976Z] Error reading register 3105 for IP 10.30.4.91: no connection to modbus server
[2025-03-01T08:29:14.976Z] ❌ Error reading register 1000 for IP 10.30.4.91: no connection to modbus server
[2025-03-01T08:29:14.976Z] Error reading actual data: no connection to modbus server
[2025-03-01T08:29:14.991Z] Error writing to Modbus register: no connection to modbus server
[2025-03-01T08:29:14.991Z] Error reading register 3105 for IP 10.30.4.91: no connection to modbus server
[2025-03-01T08:29:14.991Z] ❌ Error reading register 1000 for IP 10.30.4.91: no connection to modbus server
[2025-03-01T08:29:14.992Z] Error reading actual data: no connection to modbus server
[2025-03-01T08:29:15.191Z] Error writing to Modbus register: no connection to modbus server
[2025-03-01T08:29:15.193Z] Error reading register 3105 for IP 10.30.4.91: no connection to modbus server
[2025-03-01T08:29:15.193Z] ❌ Error reading register 1000 for IP 10.30.4.91: no connection to modbus server
[2025-03-01T08:29:15.194Z] Error reading actual data: no connection to modbus server
[2025-03-01T08:29:15.195Z] Error writing to Modbus register: no connection to modbus server
[2025-03-01T08:29:15.238Z] Error reading register 3105 for IP 10.30.4.91: no connection to modbus server
[2025-03-01T08:29:15.239Z] Error reading actual data: no connection to modbus server
[2025-03-01T08:29:15.239Z] ❌ Error reading register 1000 for IP 10.30.4.91: no connection to modbus server
[2025-03-01T08:29:15.240Z] Error writing to Modbus register: no connection to modbus server
[2025-03-01T08:29:15.242Z] Error reading register 3105 for IP 10.30.4.91: no connection to modbus server
[2025-03-01T08:29:15.242Z] ❌ Error reading register 1000 for IP 10.30.4.91: no connection to modbus server
[2025-03-01T08:29:15.243Z] Error reading actual data: no connection to modbus server
[2025-03-01T08:29:15.243Z] Error writing to Modbus register: no connection to modbus server
[2025-03-01T08:29:15.765Z] Error reading register 3105 for IP 10.30.4.91: no connection to modbus server
[2025-03-01T08:29:15.766Z] ❌ Error reading register 1000 for IP 10.30.4.91: no connection to modbus server
[2025-03-01T08:29:15.766Z] Error reading actual data: no connection to modbus server
[2025-03-01T08:29:15.987Z] Error writing to Modbus register: no connection to modbus server
[2025-03-01T08:29:15.988Z] ❌ Error reading register 1000 for IP 10.30.4.91: no connection to modbus server
[2025-03-01T08:29:15.988Z] Error reading register 3105 for IP 10.30.4.91: no connection to modbus server
[2025-03-01T08:29:15.988Z] Error reading actual data: no connection to modbus server
[2025-03-01T08:29:16.003Z] Error writing to Modbus register: no connection to modbus server
[2025-03-01T08:29:16.003Z] Error reading register 3105 for IP 10.30.4.91: no connection to modbus server
[2025-03-01T08:29:16.003Z] ❌ Error reading register 1000 for IP 10.30.4.91: no connection to modbus server
[2025-03-01T08:29:16.004Z] Error reading actual data: no connection to modbus server
[2025-03-01T08:29:16.191Z] Error writing to Modbus register: no connection to modbus server
[2025-03-01T08:29:16.192Z] Error reading register 3105 for IP 10.30.4.91: no connection to modbus server
[2025-03-01T08:29:16.193Z] ❌ Error reading register 1000 for IP 10.30.4.91: no connection to modbus server
[2025-03-01T08:29:16.193Z] Error reading actual data: no connection to modbus server
[2025-03-01T08:29:16.207Z] Error writing to Modbus register: no connection to modbus server
[2025-03-01T08:29:16.238Z] Error reading register 3105 for IP 10.30.4.91: no connection to modbus server
[2025-03-01T08:29:16.238Z] ❌ Error reading register 1000 for IP 10.30.4.91: no connection to modbus server
[2025-03-01T08:29:16.238Z] Error reading actual data: no connection to modbus server
[2025-03-01T08:29:16.239Z] Error writing to Modbus register: no connection to modbus server
[2025-03-01T08:29:16.240Z] Error reading register 3105 for IP 10.30.4.91: no connection to modbus server
[2025-03-01T08:29:16.240Z] ❌ Error reading register 1000 for IP 10.30.4.91: no connection to modbus server
[2025-03-01T08:29:16.241Z] Error reading actual data: no connection to modbus server
[2025-03-01T08:29:16.254Z] Error writing to Modbus register: no connection to modbus server
[2025-03-01T08:29:16.780Z] Error reading register 3105 for IP 10.30.4.91: no connection to modbus server
[2025-03-01T08:29:16.781Z] ❌ Error reading register 1000 for IP 10.30.4.91: no connection to modbus server
[2025-03-01T08:29:16.781Z] Error reading actual data: no connection to modbus server
[2025-03-01T08:29:16.988Z] Error reading register 3105 for IP 10.30.4.91: no connection to modbus server
[2025-03-01T08:29:16.988Z] ❌ Error reading register 1000 for IP 10.30.4.91: no connection to modbus server
[2025-03-01T08:29:16.988Z] Error writing to Modbus register: no connection to modbus server
[2025-03-01T08:29:16.988Z] Error reading actual data: no connection to modbus server
[2025-03-01T08:29:17.003Z] Error writing to Modbus register: no connection to modbus server
[2025-03-01T08:29:17.003Z] Error reading register 3105 for IP 10.30.4.91: no connection to modbus server
[2025-03-01T08:29:17.003Z] ❌ Error reading register 1000 for IP 10.30.4.91: no connection to modbus server
[2025-03-01T08:29:17.003Z] Error reading actual data: no connection to modbus server
[2025-03-01T08:29:17.206Z] Error writing to Modbus register: no connection to modbus server
[2025-03-01T08:29:17.207Z] Error reading register 3105 for IP 10.30.4.91: no connection to modbus server
[2025-03-01T08:29:17.207Z] ❌ Error reading register 1000 for IP 10.30.4.91: no connection to modbus server
[2025-03-01T08:29:17.208Z] Error reading actual data: no connection to modbus server
[2025-03-01T08:29:17.209Z] Error writing to Modbus register: no connection to modbus server
[2025-03-01T08:29:17.255Z] Error reading register 3105 for IP 10.30.4.91: no connection to modbus server
[2025-03-01T08:29:17.255Z] ❌ Error reading register 1000 for IP 10.30.4.91: no connection to modbus server
[2025-03-01T08:29:17.256Z] Error reading actual data: no connection to modbus server
[2025-03-01T08:29:17.257Z] Error writing to Modbus register: no connection to modbus server
[2025-03-01T08:29:17.258Z] Error reading register 3105 for IP 10.30.4.91: no connection to modbus server
[2025-03-01T08:29:17.258Z] ❌ Error reading register 1000 for IP 10.30.4.91: no connection to modbus server
[2025-03-01T08:29:17.258Z] Error reading actual data: no connection to modbus server
[2025-03-01T08:29:17.259Z] Error writing to Modbus register: no connection to modbus server
[2025-03-01T08:29:17.798Z] Error reading register 3105 for IP 10.30.4.91: no connection to modbus server
[2025-03-01T08:29:17.798Z] ❌ Error reading register 1000 for IP 10.30.4.91: no connection to modbus server
[2025-03-01T08:29:17.798Z] Error reading actual data: no connection to modbus server
[2025-03-01T08:29:17.992Z] Error writing to Modbus register: no connection to modbus server
[2025-03-01T08:29:17.993Z] Error reading register 3105 for IP 10.30.4.91: no connection to modbus server
[2025-03-01T08:29:17.993Z] ❌ Error reading register 1000 for IP 10.30.4.91: no connection to modbus server
[2025-03-01T08:29:17.993Z] Error reading actual data: no connection to modbus server
[2025-03-01T08:29:18.008Z] Error writing to Modbus register: no connection to modbus server
[2025-03-01T08:29:18.008Z] Error reading register 3105 for IP 10.30.4.91: no connection to modbus server
[2025-03-01T08:29:18.008Z] ❌ Error reading register 1000 for IP 10.30.4.91: no connection to modbus server
[2025-03-01T08:29:18.009Z] Error reading actual data: no connection to modbus server
[2025-03-01T08:29:18.207Z] Error writing to Modbus register: no connection to modbus server
[2025-03-01T08:29:18.208Z] Error reading register 3105 for IP 10.30.4.91: no connection to modbus server
[2025-03-01T08:29:18.208Z] ❌ Error reading register 1000 for IP 10.30.4.91: no connection to modbus server
[2025-03-01T08:29:18.208Z] Error reading actual data: no connection to modbus server
[2025-03-01T08:29:18.209Z] Error writing to Modbus register: no connection to modbus server
[2025-03-01T08:29:18.254Z] Error reading register 3105 for IP 10.30.4.91: no connection to modbus server
[2025-03-01T08:29:18.254Z] ❌ Error reading register 1000 for IP 10.30.4.91: no connection to modbus server
[2025-03-01T08:29:18.254Z] Error reading actual data: no connection to modbus server
[2025-03-01T08:29:18.269Z] Error writing to Modbus register: no connection to modbus server
[2025-03-01T08:29:18.269Z] ❌ Error reading register 1000 for IP 10.30.4.91: no connection to modbus server
[2025-03-01T08:29:18.269Z] Error reading register 3105 for IP 10.30.4.91: no connection to modbus server
[2025-03-01T08:29:18.269Z] Error reading actual data: no connection to modbus server
[2025-03-01T08:29:18.270Z] Error writing to Modbus register: no connection to modbus server
[2025-03-01T08:29:18.809Z] Error reading register 3105 for IP 10.30.4.91: no connection to modbus server
[2025-03-01T08:29:18.809Z] ❌ Error reading register 1000 for IP 10.30.4.91: no connection to modbus server
[2025-03-01T08:29:18.809Z] Error reading actual data: no connection to modbus server
[2025-03-01T08:29:18.993Z] Error writing to Modbus register: no connection to modbus server
[2025-03-01T08:29:18.993Z] Error reading register 3105 for IP 10.30.4.91: no connection to modbus server
[2025-03-01T08:29:18.993Z] ❌ Error reading register 1000 for IP 10.30.4.91: no connection to modbus server
[2025-03-01T08:29:18.993Z] Error reading actual data: no connection to modbus server
[2025-03-01T08:29:19.008Z] Error writing to Modbus register: no connection to modbus server
[2025-03-01T08:29:19.010Z] Error reading register 3105 for IP 10.30.4.91: no connection to modbus server
[2025-03-01T08:29:19.010Z] ❌ Error reading register 1000 for IP 10.30.4.91: no connection to modbus server
[2025-03-01T08:29:19.010Z] Error reading actual data: no connection to modbus server
[2025-03-01T08:29:19.208Z] Error writing to Modbus register: no connection to modbus server
[2025-03-01T08:29:19.208Z] Error reading register 3105 for IP 10.30.4.91: no connection to modbus server
[2025-03-01T08:29:19.208Z] ❌ Error reading register 1000 for IP 10.30.4.91: no connection to modbus server
[2025-03-01T08:29:19.209Z] Error reading actual data: no connection to modbus server
[2025-03-01T08:29:19.209Z] Error writing to Modbus register: no connection to modbus server
[2025-03-01T08:29:19.255Z] Error reading register 3105 for IP 10.30.4.91: no connection to modbus server
[2025-03-01T08:29:19.255Z] ❌ Error reading register 1000 for IP 10.30.4.91: no connection to modbus server
[2025-03-01T08:29:19.255Z] Error reading actual data: no connection to modbus server
[2025-03-01T08:29:19.271Z] Error writing to Modbus register: no connection to modbus server
[2025-03-01T08:29:19.271Z] Error reading register 3105 for IP 10.30.4.91: no connection to modbus server
[2025-03-01T08:29:19.271Z] ❌ Error reading register 1000 for IP 10.30.4.91: no connection to modbus server
[2025-03-01T08:29:19.272Z] Error reading actual data: no connection to modbus server
[2025-03-01T08:29:19.272Z] Error writing to Modbus register: no connection to modbus server
[2025-03-01T08:29:19.813Z] Error reading register 3105 for IP 10.30.4.91: no connection to modbus server
[2025-03-01T08:29:19.813Z] ❌ Error reading register 1000 for IP 10.30.4.91: no connection to modbus server
[2025-03-01T08:29:19.814Z] Error reading actual data: no connection to modbus server
[2025-03-01T08:29:19.994Z] Error writing to Modbus register: no connection to modbus server
[2025-03-01T08:29:19.995Z] Error reading register 3105 for IP 10.30.4.91: no connection to modbus server
[2025-03-01T08:29:19.996Z] ❌ Error reading register 1000 for IP 10.30.4.91: no connection to modbus server
[2025-03-01T08:29:19.996Z] Error reading actual data: no connection to modbus server
[2025-03-01T08:29:20.009Z] Error writing to Modbus register: no connection to modbus server
[2025-03-01T08:29:20.010Z] Error reading register 3105 for IP 10.30.4.91: no connection to modbus server
[2025-03-01T08:29:20.011Z] ❌ Error reading register 1000 for IP 10.30.4.91: no connection to modbus server
[2025-03-01T08:29:20.011Z] Error reading actual data: no connection to modbus server
[2025-03-01T08:29:20.223Z] Error writing to Modbus register: no connection to modbus server
[2025-03-01T08:29:20.224Z] Error reading register 3105 for IP 10.30.4.91: no connection to modbus server
[2025-03-01T08:29:20.225Z] ❌ Error reading register 1000 for IP 10.30.4.91: no connection to modbus server
[2025-03-01T08:29:20.225Z] Error reading actual data: no connection to modbus server
[2025-03-01T08:29:20.225Z] Error writing to Modbus register: no connection to modbus server
[2025-03-01T08:29:20.271Z] Error reading register 3105 for IP 10.30.4.91: no connection to modbus server
[2025-03-01T08:29:20.271Z] ❌ Error reading register 1000 for IP 10.30.4.91: no connection to modbus server
[2025-03-01T08:29:20.272Z] Error reading actual data: no connection to modbus server
[2025-03-01T08:29:20.273Z] Error writing to Modbus register: no connection to modbus server
[2025-03-01T08:29:20.275Z] Error reading register 3105 for IP 10.30.4.91: no connection to modbus server
[2025-03-01T08:29:20.275Z] ❌ Error reading register 1000 for IP 10.30.4.91: no connection to modbus server
[2025-03-01T08:29:20.275Z] Error reading actual data: no connection to modbus server
[2025-03-01T08:29:20.276Z] Error writing to Modbus register: no connection to modbus server
[2025-03-01T08:29:20.827Z] Error reading register 3105 for IP 10.30.4.91: no connection to modbus server
[2025-03-01T08:29:20.827Z] ❌ Error reading register 1000 for IP 10.30.4.91: no connection to modbus server
[2025-03-01T08:29:20.827Z] Error reading actual data: no connection to modbus server
[2025-03-01T08:29:20.994Z] Error writing to Modbus register: no connection to modbus server
[2025-03-01T08:29:20.995Z] Error reading register 3105 for IP 10.30.4.91: no connection to modbus server
[2025-03-01T08:29:20.995Z] ❌ Error reading register 1000 for IP 10.30.4.91: no connection to modbus server
[2025-03-01T08:29:20.995Z] Error reading actual data: no connection to modbus server
[2025-03-01T08:29:21.010Z] Error writing to Modbus register: no connection to modbus server
[2025-03-01T08:29:21.010Z] Error reading register 3105 for IP 10.30.4.91: no connection to modbus server
[2025-03-01T08:29:21.010Z] Error reading actual data: no connection to modbus server
[2025-03-01T08:29:21.010Z] ❌ Error reading register 1000 for IP 10.30.4.91: no connection to modbus server
[2025-03-01T08:29:21.224Z] Error writing to Modbus register: no connection to modbus server
[2025-03-01T08:29:21.224Z] ❌ Error reading register 1000 for IP 10.30.4.91: no connection to modbus server
[2025-03-01T08:29:21.224Z] Error reading register 3105 for IP 10.30.4.91: no connection to modbus server
[2025-03-01T08:29:21.224Z] Error reading actual data: no connection to modbus server
[2025-03-01T08:29:21.225Z] Error writing to Modbus register: no connection to modbus server
[2025-03-01T08:29:21.271Z] Error reading register 3105 for IP 10.30.4.91: no connection to modbus server
[2025-03-01T08:29:21.272Z] ❌ Error reading register 1000 for IP 10.30.4.91: no connection to modbus server
[2025-03-01T08:29:21.272Z] Error reading actual data: no connection to modbus server
[2025-03-01T08:29:21.273Z] Error writing to Modbus register: no connection to modbus server
[2025-03-01T08:29:21.274Z] Error reading register 3105 for IP 10.30.4.91: no connection to modbus server
[2025-03-01T08:29:21.274Z] ❌ Error reading register 1000 for IP 10.30.4.91: no connection to modbus server
[2025-03-01T08:29:21.275Z] Error reading actual data: no connection to modbus server
[2025-03-01T08:29:21.276Z] Error writing to Modbus register: no connection to modbus server
[2025-03-01T08:29:21.829Z] Error reading register 3105 for IP 10.30.4.91: no connection to modbus server
[2025-03-01T08:29:21.829Z] ❌ Error reading register 1000 for IP 10.30.4.91: no connection to modbus server
[2025-03-01T08:29:21.830Z] Error reading actual data: no connection to modbus server
[2025-03-01T08:29:21.995Z] Error writing to Modbus register: no connection to modbus server
[2025-03-01T08:29:21.995Z] Error reading register 3105 for IP 10.30.4.91: no connection to modbus server
[2025-03-01T08:29:21.995Z] ❌ Error reading register 1000 for IP 10.30.4.91: no connection to modbus server
[2025-03-01T08:29:21.995Z] Error reading actual data: no connection to modbus server
[2025-03-01T08:29:22.010Z] Error writing to Modbus register: no connection to modbus server
[2025-03-01T08:29:22.011Z] Error reading register 3105 for IP 10.30.4.91: no connection to modbus server
[2025-03-01T08:29:22.012Z] ❌ Error reading register 1000 for IP 10.30.4.91: no connection to modbus server
[2025-03-01T08:29:22.012Z] Error reading actual data: no connection to modbus server
[2025-03-01T08:29:22.224Z] Error writing to Modbus register: no connection to modbus server
[2025-03-01T08:29:22.224Z] Error reading register 3105 for IP 10.30.4.91: no connection to modbus server
[2025-03-01T08:29:22.224Z] ❌ Error reading register 1000 for IP 10.30.4.91: no connection to modbus server
[2025-03-01T08:29:22.225Z] Error reading actual data: no connection to modbus server
[2025-03-01T08:29:22.225Z] Error writing to Modbus register: no connection to modbus server
[2025-03-01T08:29:22.272Z] Error reading register 3105 for IP 10.30.4.91: no connection to modbus server
[2025-03-01T08:29:22.272Z] ❌ Error reading register 1000 for IP 10.30.4.91: no connection to modbus server
[2025-03-01T08:29:22.273Z] Error reading actual data: no connection to modbus server
[2025-03-01T08:29:22.274Z] Error writing to Modbus register: no connection to modbus server
[2025-03-01T08:29:22.275Z] Error reading register 3105 for IP 10.30.4.91: no connection to modbus server
[2025-03-01T08:29:22.275Z] ❌ Error reading register 1000 for IP 10.30.4.91: no connection to modbus server
[2025-03-01T08:29:22.276Z] Error reading actual data: no connection to modbus server
[2025-03-01T08:29:22.277Z] Error writing to Modbus register: no connection to modbus server
[2025-03-01T08:29:22.838Z] ❌ Error reading register 1000 for IP 10.30.4.91: no connection to modbus server
[2025-03-01T08:29:22.838Z] Error reading actual data: no connection to modbus server
[2025-03-01T08:29:22.838Z] Error reading register 3105 for IP 10.30.4.91: no connection to modbus server
[2025-03-01T08:29:22.996Z] Error writing to Modbus register: no connection to modbus server
[2025-03-01T08:29:22.997Z] Error reading register 3105 for IP 10.30.4.91: no connection to modbus server
[2025-03-01T08:29:22.997Z] ❌ Error reading register 1000 for IP 10.30.4.91: no connection to modbus server
[2025-03-01T08:29:22.998Z] Error reading actual data: no connection to modbus server
[2025-03-01T08:29:23.012Z] Error writing to Modbus register: no connection to modbus server
[2025-03-01T08:29:23.014Z] Error reading register 3105 for IP 10.30.4.91: no connection to modbus server
[2025-03-01T08:29:23.015Z] ❌ Error reading register 1000 for IP 10.30.4.91: no connection to modbus server
[2025-03-01T08:29:23.015Z] Error reading actual data: no connection to modbus server
[2025-03-01T08:29:23.225Z] Error writing to Modbus register: no connection to modbus server
[2025-03-01T08:29:23.226Z] Error reading register 3105 for IP 10.30.4.91: no connection to modbus server
[2025-03-01T08:29:23.226Z] ❌ Error reading register 1000 for IP 10.30.4.91: no connection to modbus server
[2025-03-01T08:29:23.227Z] Error reading actual data: no connection to modbus server
[2025-03-01T08:29:23.228Z] Error writing to Modbus register: no connection to modbus server
[2025-03-01T08:29:23.271Z] Error reading register 3105 for IP 10.30.4.91: no connection to modbus server
[2025-03-01T08:29:23.271Z] ❌ Error reading register 1000 for IP 10.30.4.91: no connection to modbus server
[2025-03-01T08:29:23.271Z] Error reading actual data: no connection to modbus server
[2025-03-01T08:29:23.287Z] Error writing to Modbus register: no connection to modbus server
[2025-03-01T08:29:23.288Z] Error reading register 3105 for IP 10.30.4.91: no connection to modbus server
[2025-03-01T08:29:23.289Z] ❌ Error reading register 1000 for IP 10.30.4.91: no connection to modbus server
[2025-03-01T08:29:23.289Z] Error reading actual data: no connection to modbus server
[2025-03-01T08:29:23.290Z] Error writing to Modbus register: no connection to modbus server
[2025-03-01T08:29:23.845Z] Error reading register 3105 for IP 10.30.4.91: no connection to modbus server
[2025-03-01T08:29:23.846Z] ❌ Error reading register 1000 for IP 10.30.4.91: no connection to modbus server
[2025-03-01T08:29:23.846Z] Error reading actual data: no connection to modbus server
[2025-03-01T08:29:23.996Z] Error writing to Modbus register: no connection to modbus server
[2025-03-01T08:29:23.998Z] Error reading register 3105 for IP 10.30.4.91: no connection to modbus server
[2025-03-01T08:29:23.998Z] ❌ Error reading register 1000 for IP 10.30.4.91: no connection to modbus server
[2025-03-01T08:29:23.998Z] Error reading actual data: no connection to modbus server
[2025-03-01T08:29:24.012Z] Error writing to Modbus register: no connection to modbus server
[2025-03-01T08:29:24.012Z] Error reading register 3105 for IP 10.30.4.91: no connection to modbus server
[2025-03-01T08:29:24.013Z] ❌ Error reading register 1000 for IP 10.30.4.91: no connection to modbus server
[2025-03-01T08:29:24.013Z] Error reading actual data: no connection to modbus server
[2025-03-01T08:29:24.239Z] Error writing to Modbus register: no connection to modbus server
[2025-03-01T08:29:24.240Z] Error reading register 3105 for IP 10.30.4.91: no connection to modbus server
[2025-03-01T08:29:24.240Z] ❌ Error reading register 1000 for IP 10.30.4.91: no connection to modbus server
[2025-03-01T08:29:24.240Z] Error reading actual data: no connection to modbus server
[2025-03-01T08:29:24.240Z] Error writing to Modbus register: no connection to modbus server
[2025-03-01T08:29:24.286Z] Error reading register 3105 for IP 10.30.4.91: no connection to modbus server
[2025-03-01T08:29:24.286Z] ❌ Error reading register 1000 for IP 10.30.4.91: no connection to modbus server
[2025-03-01T08:29:24.286Z] Error reading actual data: no connection to modbus server
[2025-03-01T08:29:24.287Z] Error writing to Modbus register: no connection to modbus server
[2025-03-01T08:29:24.288Z] Error reading register 3105 for IP 10.30.4.91: no connection to modbus server
[2025-03-01T08:29:24.288Z] ❌ Error reading register 1000 for IP 10.30.4.91: no connection to modbus server
[2025-03-01T08:29:24.288Z] Error reading actual data: no connection to modbus server
[2025-03-01T08:29:24.302Z] Error writing to Modbus register: no connection to modbus server
[2025-03-01T08:29:24.845Z] Error reading register 3105 for IP 10.30.4.91: no connection to modbus server
[2025-03-01T08:29:24.845Z] ❌ Error reading register 1000 for IP 10.30.4.91: no connection to modbus server
[2025-03-01T08:29:24.845Z] Error reading actual data: no connection to modbus server
[2025-03-01T08:29:24.999Z] Error writing to Modbus register: no connection to modbus server
[2025-03-01T08:29:25.000Z] Error reading register 3105 for IP 10.30.4.91: no connection to modbus server
[2025-03-01T08:29:25.001Z] ❌ Error reading register 1000 for IP 10.30.4.91: no connection to modbus server
[2025-03-01T08:29:25.001Z] Error reading actual data: no connection to modbus server
[2025-03-01T08:29:25.014Z] Error writing to Modbus register: no connection to modbus server
[2025-03-01T08:29:25.015Z] Error reading register 3105 for IP 10.30.4.91: no connection to modbus server
[2025-03-01T08:29:25.015Z] ❌ Error reading register 1000 for IP 10.30.4.91: no connection to modbus server
[2025-03-01T08:29:25.015Z] Error reading actual data: no connection to modbus server
[2025-03-01T08:29:25.247Z] Error writing to Modbus register: no connection to modbus server
[2025-03-01T08:29:25.248Z] Error reading register 3105 for IP 10.30.4.91: no connection to modbus server
[2025-03-01T08:29:25.249Z] ❌ Error reading register 1000 for IP 10.30.4.91: no connection to modbus server
[2025-03-01T08:29:25.249Z] Error reading actual data: no connection to modbus server
[2025-03-01T08:29:25.250Z] Error writing to Modbus register: no connection to modbus server
[2025-03-01T08:29:25.292Z] Error reading register 3105 for IP 10.30.4.91: no connection to modbus server
[2025-03-01T08:29:25.292Z] ❌ Error reading register 1000 for IP 10.30.4.91: no connection to modbus server
[2025-03-01T08:29:25.293Z] Error reading actual data: no connection to modbus server
[2025-03-01T08:29:25.293Z] Error writing to Modbus register: no connection to modbus server
[2025-03-01T08:29:25.293Z] Error reading register 3105 for IP 10.30.4.91: no connection to modbus server
[2025-03-01T08:29:25.293Z] ❌ Error reading register 1000 for IP 10.30.4.91: no connection to modbus server
[2025-03-01T08:29:25.293Z] Error reading actual data: no connection to modbus server
[2025-03-01T08:29:25.307Z] Error writing to Modbus register: no connection to modbus server
[2025-03-01T08:29:25.854Z] Error reading register 3105 for IP 10.30.4.91: no connection to modbus server
[2025-03-01T08:29:25.854Z] ❌ Error reading register 1000 for IP 10.30.4.91: no connection to modbus server
[2025-03-01T08:29:25.854Z] Error reading actual data: no connection to modbus server
[2025-03-01T08:29:26.012Z] Error writing to Modbus register: no connection to modbus server
[2025-03-01T08:29:26.012Z] Error reading register 3105 for IP 10.30.4.91: no connection to modbus server
[2025-03-01T08:29:26.012Z] ❌ Error reading register 1000 for IP 10.30.4.91: no connection to modbus server
[2025-03-01T08:29:26.013Z] Error reading actual data: no connection to modbus server
[2025-03-01T08:29:26.013Z] Error writing to Modbus register: no connection to modbus server
[2025-03-01T08:29:26.031Z] Error reading register 3105 for IP 10.30.4.91: no connection to modbus server
[2025-03-01T08:29:26.031Z] ❌ Error reading register 1000 for IP 10.30.4.91: no connection to modbus server
[2025-03-01T08:29:26.032Z] Error reading actual data: no connection to modbus server
[2025-03-01T08:29:26.256Z] Error writing to Modbus register: no connection to modbus server
[2025-03-01T08:29:26.257Z] Error reading register 3105 for IP 10.30.4.91: no connection to modbus server
[2025-03-01T08:29:26.257Z] ❌ Error reading register 1000 for IP 10.30.4.91: no connection to modbus server
[2025-03-01T08:29:26.257Z] Error reading actual data: no connection to modbus server
[2025-03-01T08:29:26.258Z] Error writing to Modbus register: no connection to modbus server
[2025-03-01T08:29:26.303Z] Error reading register 3105 for IP 10.30.4.91: no connection to modbus server
[2025-03-01T08:29:26.303Z] ❌ Error reading register 1000 for IP 10.30.4.91: no connection to modbus server
[2025-03-01T08:29:26.303Z] Error reading actual data: no connection to modbus server
[2025-03-01T08:29:26.304Z] Error writing to Modbus register: no connection to modbus server
[2025-03-01T08:29:26.304Z] Error reading register 3105 for IP 10.30.4.91: no connection to modbus server
[2025-03-01T08:29:26.304Z] ❌ Error reading register 1000 for IP 10.30.4.91: no connection to modbus server
[2025-03-01T08:29:26.305Z] Error reading actual data: no connection to modbus server
[2025-03-01T08:29:26.319Z] Error writing to Modbus register: no connection to modbus server
[2025-03-01T08:29:26.863Z] Error reading register 3105 for IP 10.30.4.91: no connection to modbus server
[2025-03-01T08:29:26.864Z] ❌ Error reading register 1000 for IP 10.30.4.91: no connection to modbus server
[2025-03-01T08:29:26.864Z] Error reading actual data: no connection to modbus server
[2025-03-01T08:29:27.014Z] Error reading register 3105 for IP 10.30.4.91: no connection to modbus server
[2025-03-01T08:29:27.014Z] ❌ Error reading register 1000 for IP 10.30.4.91: no connection to modbus server
[2025-03-01T08:29:27.013Z] Error writing to Modbus register: no connection to modbus server
[2025-03-01T08:29:27.014Z] Error reading actual data: no connection to modbus server
[2025-03-01T08:29:27.014Z] Error writing to Modbus register: no connection to modbus server
[2025-03-01T08:29:27.045Z] Error reading register 3105 for IP 10.30.4.91: no connection to modbus server
[2025-03-01T08:29:27.046Z] ❌ Error reading register 1000 for IP 10.30.4.91: no connection to modbus server
[2025-03-01T08:29:27.046Z] Error reading actual data: no connection to modbus server
[2025-03-01T08:29:27.257Z] Error writing to Modbus register: no connection to modbus server
[2025-03-01T08:29:27.259Z] Error reading register 3105 for IP 10.30.4.91: no connection to modbus server
[2025-03-01T08:29:27.259Z] ❌ Error reading register 1000 for IP 10.30.4.91: no connection to modbus server
[2025-03-01T08:29:27.260Z] Error reading actual data: no connection to modbus server
[2025-03-01T08:29:27.261Z] Error writing to Modbus register: no connection to modbus server
[2025-03-01T08:29:27.303Z] Error reading register 3105 for IP 10.30.4.91: no connection to modbus server
[2025-03-01T08:29:27.304Z] ❌ Error reading register 1000 for IP 10.30.4.91: no connection to modbus server
[2025-03-01T08:29:27.304Z] Error reading actual data: no connection to modbus server
[2025-03-01T08:29:27.305Z] Error writing to Modbus register: no connection to modbus server
[2025-03-01T08:29:27.305Z] Error reading register 3105 for IP 10.30.4.91: no connection to modbus server
[2025-03-01T08:29:27.306Z] ❌ Error reading register 1000 for IP 10.30.4.91: no connection to modbus server
[2025-03-01T08:29:27.306Z] Error reading actual data: no connection to modbus server
[2025-03-01T08:29:27.319Z] Error writing to Modbus register: no connection to modbus server
[2025-03-01T08:29:27.864Z] Error reading register 3105 for IP 10.30.4.91: no connection to modbus server
[2025-03-01T08:29:27.864Z] ❌ Error reading register 1000 for IP 10.30.4.91: no connection to modbus server
[2025-03-01T08:29:27.864Z] Error reading actual data: no connection to modbus server
[2025-03-01T08:29:28.013Z] Error writing to Modbus register: no connection to modbus server
[2025-03-01T08:29:28.015Z] Error reading register 3105 for IP 10.30.4.91: no connection to modbus server
[2025-03-01T08:29:28.015Z] ❌ Error reading register 1000 for IP 10.30.4.91: no connection to modbus server
[2025-03-01T08:29:28.016Z] Error reading actual data: no connection to modbus server
[2025-03-01T08:29:28.017Z] Error writing to Modbus register: no connection to modbus server
[2025-03-01T08:29:28.061Z] Error reading register 3105 for IP 10.30.4.91: no connection to modbus server
[2025-03-01T08:29:28.061Z] ❌ Error reading register 1000 for IP 10.30.4.91: no connection to modbus server
[2025-03-01T08:29:28.061Z] Error reading actual data: no connection to modbus server
[2025-03-01T08:29:28.271Z] Error writing to Modbus register: no connection to modbus server
[2025-03-01T08:29:28.272Z] Error reading register 3105 for IP 10.30.4.91: no connection to modbus server
[2025-03-01T08:29:28.272Z] ❌ Error reading register 1000 for IP 10.30.4.91: no connection to modbus server
[2025-03-01T08:29:28.272Z] Error reading actual data: no connection to modbus server
[2025-03-01T08:29:28.272Z] Error writing to Modbus register: no connection to modbus server
[2025-03-01T08:29:28.303Z] Error reading register 3105 for IP 10.30.4.91: no connection to modbus server
[2025-03-01T08:29:28.303Z] ❌ Error reading register 1000 for IP 10.30.4.91: no connection to modbus server
[2025-03-01T08:29:28.303Z] Error reading actual data: no connection to modbus server
[2025-03-01T08:29:28.318Z] Error writing to Modbus register: no connection to modbus server
[2025-03-01T08:29:28.318Z] Error reading register 3105 for IP 10.30.4.91: no connection to modbus server
[2025-03-01T08:29:28.318Z] ❌ Error reading register 1000 for IP 10.30.4.91: no connection to modbus server
[2025-03-01T08:29:28.319Z] Error reading actual data: no connection to modbus server
[2025-03-01T08:29:28.319Z] Error writing to Modbus register: no connection to modbus server
[2025-03-01T08:29:28.863Z] Error reading register 3105 for IP 10.30.4.91: no connection to modbus server
[2025-03-01T08:29:28.863Z] ❌ Error reading register 1000 for IP 10.30.4.91: no connection to modbus server
[2025-03-01T08:29:28.863Z] Error reading actual data: no connection to modbus server
[2025-03-01T08:29:29.015Z] Error writing to Modbus register: no connection to modbus server
[2025-03-01T08:29:29.015Z] Error reading register 3105 for IP 10.30.4.91: no connection to modbus server
[2025-03-01T08:29:29.016Z] ❌ Error reading register 1000 for IP 10.30.4.91: no connection to modbus server
[2025-03-01T08:29:29.016Z] Error reading actual data: no connection to modbus server
[2025-03-01T08:29:29.016Z] Error writing to Modbus register: no connection to modbus server
[2025-03-01T08:29:29.063Z] Error reading register 3105 for IP 10.30.4.91: no connection to modbus server
[2025-03-01T08:29:29.063Z] ❌ Error reading register 1000 for IP 10.30.4.91: no connection to modbus server
[2025-03-01T08:29:29.063Z] Error reading actual data: no connection to modbus server
[2025-03-01T08:29:29.280Z] Error reading register 3105 for IP 10.30.4.91: no connection to modbus server
[2025-03-01T08:29:29.280Z] ❌ Error reading register 1000 for IP 10.30.4.91: no connection to modbus server
[2025-03-01T08:29:29.280Z] Error reading actual data: no connection to modbus server
[2025-03-01T08:29:29.279Z] Error writing to Modbus register: no connection to modbus server
[2025-03-01T08:29:29.280Z] Error writing to Modbus register: no connection to modbus server
[2025-03-01T08:29:29.302Z] Error reading register 3105 for IP 10.30.4.91: no connection to modbus server
[2025-03-01T08:29:29.303Z] ❌ Error reading register 1000 for IP 10.30.4.91: no connection to modbus server
[2025-03-01T08:29:29.303Z] Error reading actual data: no connection to modbus server
[2025-03-01T08:29:29.319Z] Error writing to Modbus register: no connection to modbus server
[2025-03-01T08:29:29.319Z] Error reading register 3105 for IP 10.30.4.91: no connection to modbus server
[2025-03-01T08:29:29.319Z] ❌ Error reading register 1000 for IP 10.30.4.91: no connection to modbus server
[2025-03-01T08:29:29.319Z] Error reading actual data: no connection to modbus server
[2025-03-01T08:29:29.320Z] Error writing to Modbus register: no connection to modbus server
[2025-03-01T08:29:29.873Z] Error reading register 3105 for IP 10.30.4.91: no connection to modbus server
[2025-03-01T08:29:29.873Z] ❌ Error reading register 1000 for IP 10.30.4.91: no connection to modbus server
[2025-03-01T08:29:29.873Z] Error reading actual data: no connection to modbus server
[2025-03-01T08:29:30.020Z] Error writing to Modbus register: no connection to modbus server
[2025-03-01T08:29:30.021Z] ❌ Error reading register 1000 for IP 10.30.4.91: no connection to modbus server
[2025-03-01T08:29:30.021Z] Error reading register 3105 for IP 10.30.4.91: no connection to modbus server
[2025-03-01T08:29:30.021Z] Error reading actual data: no connection to modbus server
[2025-03-01T08:29:30.021Z] Error writing to Modbus register: no connection to modbus server
[2025-03-01T08:29:30.064Z] Error reading register 3105 for IP 10.30.4.91: no connection to modbus server
[2025-03-01T08:29:30.064Z] ❌ Error reading register 1000 for IP 10.30.4.91: no connection to modbus server
[2025-03-01T08:29:30.065Z] Error reading actual data: no connection to modbus server
[2025-03-01T08:29:30.280Z] Error writing to Modbus register: no connection to modbus server
[2025-03-01T08:29:30.282Z] Error reading register 3105 for IP 10.30.4.91: no connection to modbus server
[2025-03-01T08:29:30.282Z] ❌ Error reading register 1000 for IP 10.30.4.91: no connection to modbus server
[2025-03-01T08:29:30.283Z] Error reading actual data: no connection to modbus server
[2025-03-01T08:29:30.284Z] Error writing to Modbus register: no connection to modbus server
[2025-03-01T08:29:30.315Z] Error reading register 3105 for IP 10.30.4.91: no connection to modbus server
[2025-03-01T08:29:30.316Z] ❌ Error reading register 1000 for IP 10.30.4.91: no connection to modbus server
[2025-03-01T08:29:30.316Z] Error reading actual data: no connection to modbus server
[2025-03-01T08:29:30.330Z] Error writing to Modbus register: no connection to modbus server
[2025-03-01T08:29:30.331Z] Error reading register 3105 for IP 10.30.4.91: no connection to modbus server
[2025-03-01T08:29:30.331Z] Error writing to Modbus register: no connection to modbus server
[2025-03-01T08:29:30.331Z] ❌ Error reading register 1000 for IP 10.30.4.91: no connection to modbus server
[2025-03-01T08:29:30.331Z] Error reading actual data: no connection to modbus server
[2025-03-01T08:29:30.880Z] Error reading register 3105 for IP 10.30.4.91: no connection to modbus server
[2025-03-01T08:29:30.880Z] ❌ Error reading register 1000 for IP 10.30.4.91: no connection to modbus server
[2025-03-01T08:29:30.881Z] Error reading actual data: no connection to modbus server
[2025-03-01T08:29:31.029Z] Error writing to Modbus register: no connection to modbus server
[2025-03-01T08:29:31.030Z] Error reading register 3105 for IP 10.30.4.91: no connection to modbus server
[2025-03-01T08:29:31.030Z] ❌ Error reading register 1000 for IP 10.30.4.91: no connection to modbus server
[2025-03-01T08:29:31.031Z] Error writing to Modbus register: no connection to modbus server
[2025-03-01T08:29:31.030Z] Error reading actual data: no connection to modbus server
[2025-03-01T08:29:31.063Z] Error reading register 3105 for IP 10.30.4.91: no connection to modbus server
[2025-03-01T08:29:31.064Z] ❌ Error reading register 1000 for IP 10.30.4.91: no connection to modbus server
[2025-03-01T08:29:31.064Z] Error reading actual data: no connection to modbus server
[2025-03-01T08:29:31.280Z] Error writing to Modbus register: no connection to modbus server
[2025-03-01T08:29:31.281Z] Error reading register 3105 for IP 10.30.4.91: no connection to modbus server
[2025-03-01T08:29:31.281Z] ❌ Error reading register 1000 for IP 10.30.4.91: no connection to modbus server
[2025-03-01T08:29:31.281Z] Error reading actual data: no connection to modbus server
[2025-03-01T08:29:31.284Z] Error writing to Modbus register: no connection to modbus server
[2025-03-01T08:29:31.329Z] Error reading register 3105 for IP 10.30.4.91: no connection to modbus server
[2025-03-01T08:29:31.329Z] ❌ Error reading register 1000 for IP 10.30.4.91: no connection to modbus server
[2025-03-01T08:29:31.329Z] Error reading actual data: no connection to modbus server
[2025-03-01T08:29:31.336Z] Error reading register 3105 for IP 10.30.4.91: no connection to modbus server
[2025-03-01T08:29:31.336Z] ❌ Error reading register 1000 for IP 10.30.4.91: no connection to modbus server
[2025-03-01T08:29:31.336Z] Error reading actual data: no connection to modbus server
[2025-03-01T08:29:31.337Z] Error writing to Modbus register: no connection to modbus server
[2025-03-01T08:29:31.335Z] Error writing to Modbus register: no connection to modbus server
[2025-03-01T08:29:31.888Z] Error reading register 3105 for IP 10.30.4.91: no connection to modbus server
[2025-03-01T08:29:31.888Z] ❌ Error reading register 1000 for IP 10.30.4.91: no connection to modbus server
[2025-03-01T08:29:31.889Z] Error reading actual data: no connection to modbus server
[2025-03-01T08:29:32.031Z] Error writing to Modbus register: no connection to modbus server
[2025-03-01T08:29:32.033Z] Error reading register 3105 for IP 10.30.4.91: no connection to modbus server
[2025-03-01T08:29:32.033Z] ❌ Error reading register 1000 for IP 10.30.4.91: no connection to modbus server
[2025-03-01T08:29:32.033Z] Error reading actual data: no connection to modbus server
[2025-03-01T08:29:32.035Z] Error writing to Modbus register: no connection to modbus server
[2025-03-01T08:29:32.064Z] Error reading register 3105 for IP 10.30.4.91: no connection to modbus server
[2025-03-01T08:29:32.065Z] ❌ Error reading register 1000 for IP 10.30.4.91: no connection to modbus server
[2025-03-01T08:29:32.065Z] Error reading actual data: no connection to modbus server
[2025-03-01T08:29:32.288Z] Error writing to Modbus register: no connection to modbus server
[2025-03-01T08:29:32.289Z] Error reading register 3105 for IP 10.30.4.91: no connection to modbus server
[2025-03-01T08:29:32.290Z] ❌ Error reading register 1000 for IP 10.30.4.91: no connection to modbus server
[2025-03-01T08:29:32.290Z] Error reading actual data: no connection to modbus server
[2025-03-01T08:29:32.291Z] Error writing to Modbus register: no connection to modbus server
[2025-03-01T08:29:32.332Z] Error reading register 3105 for IP 10.30.4.91: no connection to modbus server
[2025-03-01T08:29:32.332Z] ❌ Error reading register 1000 for IP 10.30.4.91: no connection to modbus server
[2025-03-01T08:29:32.332Z] Error reading actual data: no connection to modbus server
[2025-03-01T08:29:32.346Z] Error writing to Modbus register: no connection to modbus server
[2025-03-01T08:29:32.346Z] Error reading register 3105 for IP 10.30.4.91: no connection to modbus server
[2025-03-01T08:29:32.346Z] ❌ Error reading register 1000 for IP 10.30.4.91: no connection to modbus server
[2025-03-01T08:29:32.346Z] Error reading actual data: no connection to modbus server
[2025-03-01T08:29:32.347Z] Error writing to Modbus register: no connection to modbus server
[2025-03-01T08:29:32.895Z] Error reading register 3105 for IP 10.30.4.91: no connection to modbus server
[2025-03-01T08:29:32.895Z] ❌ Error reading register 1000 for IP 10.30.4.91: no connection to modbus server
[2025-03-01T08:29:32.896Z] Error reading actual data: no connection to modbus server
[2025-03-01T08:29:33.046Z] Error writing to Modbus register: no connection to modbus server
[2025-03-01T08:29:33.048Z] Error reading register 3105 for IP 10.30.4.91: no connection to modbus server
[2025-03-01T08:29:33.049Z] ❌ Error reading register 1000 for IP 10.30.4.91: no connection to modbus server
[2025-03-01T08:29:33.049Z] Error reading actual data: no connection to modbus server
[2025-03-01T08:29:33.050Z] Error writing to Modbus register: no connection to modbus server
[2025-03-01T08:29:33.077Z] ❌ Error reading register 1000 for IP 10.30.4.91: no connection to modbus server
[2025-03-01T08:29:33.077Z] Error reading register 3105 for IP 10.30.4.91: no connection to modbus server
[2025-03-01T08:29:33.077Z] Error reading actual data: no connection to modbus server
[2025-03-01T08:29:33.289Z] Error writing to Modbus register: no connection to modbus server
[2025-03-01T08:29:33.289Z] Error reading register 3105 for IP 10.30.4.91: no connection to modbus server
[2025-03-01T08:29:33.290Z] ❌ Error reading register 1000 for IP 10.30.4.91: no connection to modbus server
[2025-03-01T08:29:33.290Z] Error reading actual data: no connection to modbus server
[2025-03-01T08:29:33.290Z] Error writing to Modbus register: no connection to modbus server
[2025-03-01T08:29:33.346Z] Error reading register 3105 for IP 10.30.4.91: no connection to modbus server
[2025-03-01T08:29:33.346Z] ❌ Error reading register 1000 for IP 10.30.4.91: no connection to modbus server
[2025-03-01T08:29:33.346Z] Error reading actual data: no connection to modbus server
[2025-03-01T08:29:33.347Z] Error writing to Modbus register: no connection to modbus server
[2025-03-01T08:29:33.348Z] ❌ Error reading register 1000 for IP 10.30.4.91: no connection to modbus server
[2025-03-01T08:29:33.347Z] Error reading register 3105 for IP 10.30.4.91: no connection to modbus server
[2025-03-01T08:29:33.348Z] Error writing to Modbus register: no connection to modbus server
[2025-03-01T08:29:33.348Z] Error reading actual data: no connection to modbus server
[2025-03-01T08:29:33.897Z] Error reading register 3105 for IP 10.30.4.91: no connection to modbus server
[2025-03-01T08:29:33.897Z] ❌ Error reading register 1000 for IP 10.30.4.91: no connection to modbus server
[2025-03-01T08:29:33.898Z] Error reading actual data: no connection to modbus server
[2025-03-01T08:29:34.046Z] Error writing to Modbus register: no connection to modbus server
[2025-03-01T08:29:34.048Z] Error reading register 3105 for IP 10.30.4.91: no connection to modbus server
[2025-03-01T08:29:34.048Z] ❌ Error reading register 1000 for IP 10.30.4.91: no connection to modbus server
[2025-03-01T08:29:34.048Z] Error reading actual data: no connection to modbus server
[2025-03-01T08:29:34.050Z] Error writing to Modbus register: no connection to modbus server
[2025-03-01T08:29:34.080Z] Error reading register 3105 for IP 10.30.4.91: no connection to modbus server
[2025-03-01T08:29:34.081Z] ❌ Error reading register 1000 for IP 10.30.4.91: no connection to modbus server
[2025-03-01T08:29:34.081Z] Error reading actual data: no connection to modbus server
[2025-03-01T08:29:34.295Z] Error writing to Modbus register: no connection to modbus server
[2025-03-01T08:29:34.296Z] Error reading register 3105 for IP 10.30.4.91: no connection to modbus server
[2025-03-01T08:29:34.296Z] ❌ Error reading register 1000 for IP 10.30.4.91: no connection to modbus server
[2025-03-01T08:29:34.297Z] Error writing to Modbus register: no connection to modbus server
[2025-03-01T08:29:34.296Z] Error reading actual data: no connection to modbus server
[2025-03-01T08:29:34.361Z] Error reading register 3105 for IP 10.30.4.91: no connection to modbus server
[2025-03-01T08:29:34.362Z] ❌ Error reading register 1000 for IP 10.30.4.91: no connection to modbus server
[2025-03-01T08:29:34.362Z] Error reading actual data: no connection to modbus server
[2025-03-01T08:29:34.362Z] Error writing to Modbus register: no connection to modbus server
[2025-03-01T08:29:34.363Z] Error reading register 3105 for IP 10.30.4.91: no connection to modbus server
[2025-03-01T08:29:34.364Z] Error writing to Modbus register: no connection to modbus server
[2025-03-01T08:29:34.363Z] ❌ Error reading register 1000 for IP 10.30.4.91: no connection to modbus server
[2025-03-01T08:29:34.363Z] Error reading actual data: no connection to modbus server
[2025-03-01T08:29:34.913Z] Error reading register 3105 for IP 10.30.4.91: no connection to modbus server
[2025-03-01T08:29:34.914Z] ❌ Error reading register 1000 for IP 10.30.4.91: no connection to modbus server
[2025-03-01T08:29:34.914Z] Error reading actual data: no connection to modbus server
[2025-03-01T08:29:35.062Z] Error writing to Modbus register: no connection to modbus server
[2025-03-01T08:29:35.064Z] Error reading register 3105 for IP 10.30.4.91: no connection to modbus server
[2025-03-01T08:29:35.064Z] ❌ Error reading register 1000 for IP 10.30.4.91: no connection to modbus server
[2025-03-01T08:29:35.065Z] Error reading actual data: no connection to modbus server
[2025-03-01T08:29:35.066Z] Error writing to Modbus register: no connection to modbus server
[2025-03-01T08:29:35.096Z] Error reading register 3105 for IP 10.30.4.91: no connection to modbus server
[2025-03-01T08:29:35.097Z] ❌ Error reading register 1000 for IP 10.30.4.91: no connection to modbus server
[2025-03-01T08:29:35.097Z] Error reading actual data: no connection to modbus server
[2025-03-01T08:29:35.295Z] Error writing to Modbus register: no connection to modbus server
[2025-03-01T08:29:35.297Z] ❌ Error reading register 1000 for IP 10.30.4.91: no connection to modbus server
[2025-03-01T08:29:35.297Z] Error reading register 3105 for IP 10.30.4.91: no connection to modbus server
[2025-03-01T08:29:35.298Z] Error reading actual data: no connection to modbus server
[2025-03-01T08:29:35.299Z] Error writing to Modbus register: no connection to modbus server
[2025-03-01T08:29:35.364Z] Error reading register 3105 for IP 10.30.4.91: no connection to modbus server
[2025-03-01T08:29:35.364Z] ❌ Error reading register 1000 for IP 10.30.4.91: no connection to modbus server
[2025-03-01T08:29:35.365Z] Error reading actual data: no connection to modbus server
[2025-03-01T08:29:35.367Z] Error reading register 3105 for IP 10.30.4.91: no connection to modbus server
[2025-03-01T08:29:35.366Z] Error writing to Modbus register: no connection to modbus server
[2025-03-01T08:29:35.367Z] ❌ Error reading register 1000 for IP 10.30.4.91: no connection to modbus server
[2025-03-01T08:29:35.367Z] Error reading actual data: no connection to modbus server
[2025-03-01T08:29:35.367Z] Error writing to Modbus register: no connection to modbus server
[2025-03-01T08:29:35.918Z] Error reading register 3105 for IP 10.30.4.91: no connection to modbus server
[2025-03-01T08:29:35.918Z] ❌ Error reading register 1000 for IP 10.30.4.91: no connection to modbus server
[2025-03-01T08:29:35.918Z] Error reading actual data: no connection to modbus server
[2025-03-01T08:29:36.063Z] Error writing to Modbus register: no connection to modbus server
[2025-03-01T08:29:36.064Z] ❌ Error reading register 1000 for IP 10.30.4.91: no connection to modbus server
[2025-03-01T08:29:36.063Z] Error reading register 3105 for IP 10.30.4.91: no connection to modbus server
[2025-03-01T08:29:36.064Z] Error reading actual data: no connection to modbus server
[2025-03-01T08:29:36.072Z] Error writing to Modbus register: no connection to modbus server
[2025-03-01T08:29:36.111Z] Error reading register 3105 for IP 10.30.4.91: no connection to modbus server
[2025-03-01T08:29:36.111Z] ❌ Error reading register 1000 for IP 10.30.4.91: no connection to modbus server
[2025-03-01T08:29:36.111Z] Error reading actual data: no connection to modbus server
[2025-03-01T08:29:36.296Z] Error writing to Modbus register: no connection to modbus server
[2025-03-01T08:29:36.297Z] Error reading register 3105 for IP 10.30.4.91: no connection to modbus server
[2025-03-01T08:29:36.297Z] ❌ Error reading register 1000 for IP 10.30.4.91: no connection to modbus server
[2025-03-01T08:29:36.297Z] Error reading actual data: no connection to modbus server
[2025-03-01T08:29:36.298Z] Error writing to Modbus register: no connection to modbus server
[2025-03-01T08:29:36.376Z] Error reading register 3105 for IP 10.30.4.91: no connection to modbus server
[2025-03-01T08:29:36.376Z] ❌ Error reading register 1000 for IP 10.30.4.91: no connection to modbus server
[2025-03-01T08:29:36.377Z] ❌ Error reading register 1000 for IP 10.30.4.91: no connection to modbus server
[2025-03-01T08:29:36.377Z] Error reading actual data: no connection to modbus server
[2025-03-01T08:29:36.377Z] Error writing to Modbus register: no connection to modbus server
[2025-03-01T08:29:36.376Z] Error reading actual data: no connection to modbus server
[2025-03-01T08:29:36.376Z] Error writing to Modbus register: no connection to modbus server
[2025-03-01T08:29:36.376Z] Error reading register 3105 for IP 10.30.4.91: no connection to modbus server
[2025-03-01T08:29:36.928Z] ❌ Error reading register 1000 for IP 10.30.4.91: no connection to modbus server
[2025-03-01T08:29:36.928Z] Error reading register 3105 for IP 10.30.4.91: no connection to modbus server
[2025-03-01T08:29:36.928Z] Error reading actual data: no connection to modbus server
[2025-03-01T08:29:37.080Z] Error writing to Modbus register: no connection to modbus server
[2025-03-01T08:29:37.082Z] Error reading register 3105 for IP 10.30.4.91: no connection to modbus server
[2025-03-01T08:29:37.083Z] ❌ Error reading register 1000 for IP 10.30.4.91: no connection to modbus server
[2025-03-01T08:29:37.083Z] Error reading actual data: no connection to modbus server
[2025-03-01T08:29:37.084Z] Error writing to Modbus register: no connection to modbus server
[2025-03-01T08:29:37.111Z] Error reading register 3105 for IP 10.30.4.91: no connection to modbus server
[2025-03-01T08:29:37.112Z] ❌ Error reading register 1000 for IP 10.30.4.91: no connection to modbus server
[2025-03-01T08:29:37.112Z] Error reading actual data: no connection to modbus server
[2025-03-01T08:29:37.296Z] Error writing to Modbus register: no connection to modbus server
[2025-03-01T08:29:37.297Z] Error reading register 3105 for IP 10.30.4.91: no connection to modbus server
[2025-03-01T08:29:37.297Z] ❌ Error reading register 1000 for IP 10.30.4.91: no connection to modbus server
[2025-03-01T08:29:37.297Z] Error reading actual data: no connection to modbus server
[2025-03-01T08:29:37.298Z] Error writing to Modbus register: no connection to modbus server
[2025-03-01T08:29:37.378Z] Error reading register 3105 for IP 10.30.4.91: no connection to modbus server
[2025-03-01T08:29:37.379Z] Error writing to Modbus register: no connection to modbus server
[2025-03-01T08:29:37.378Z] ❌ Error reading register 1000 for IP 10.30.4.91: no connection to modbus server
[2025-03-01T08:29:37.379Z] Error reading register 3105 for IP 10.30.4.91: no connection to modbus server
[2025-03-01T08:29:37.379Z] ❌ Error reading register 1000 for IP 10.30.4.91: no connection to modbus server
[2025-03-01T08:29:37.379Z] Error reading actual data: no connection to modbus server
[2025-03-01T08:29:37.378Z] Error reading actual data: no connection to modbus server
[2025-03-01T08:29:37.380Z] Error writing to Modbus register: no connection to modbus server
[2025-03-01T08:29:37.930Z] Error reading register 3105 for IP 10.30.4.91: no connection to modbus server
[2025-03-01T08:29:37.930Z] ❌ Error reading register 1000 for IP 10.30.4.91: no connection to modbus server
[2025-03-01T08:29:37.931Z] Error reading actual data: no connection to modbus server
[2025-03-01T08:29:38.095Z] Error writing to Modbus register: no connection to modbus server
[2025-03-01T08:29:38.096Z] Error reading register 3105 for IP 10.30.4.91: no connection to modbus server
[2025-03-01T08:29:38.097Z] ❌ Error reading register 1000 for IP 10.30.4.91: no connection to modbus server
[2025-03-01T08:29:38.097Z] Error reading actual data: no connection to modbus server
[2025-03-01T08:29:38.098Z] Error writing to Modbus register: no connection to modbus server
[2025-03-01T08:29:38.125Z] Error reading register 3105 for IP 10.30.4.91: no connection to modbus server
[2025-03-01T08:29:38.125Z] ❌ Error reading register 1000 for IP 10.30.4.91: no connection to modbus server
[2025-03-01T08:29:38.125Z] Error reading actual data: no connection to modbus server
[2025-03-01T08:29:38.308Z] Error writing to Modbus register: no connection to modbus server
[2025-03-01T08:29:38.310Z] Error reading register 3105 for IP 10.30.4.91: no connection to modbus server
[2025-03-01T08:29:38.310Z] ❌ Error reading register 1000 for IP 10.30.4.91: no connection to modbus server
[2025-03-01T08:29:38.311Z] Error reading actual data: no connection to modbus server
[2025-03-01T08:29:38.312Z] Error writing to Modbus register: no connection to modbus server
[2025-03-01T08:29:38.386Z] Error reading register 3105 for IP 10.30.4.91: no connection to modbus server
[2025-03-01T08:29:38.386Z] ❌ Error reading register 1000 for IP 10.30.4.91: no connection to modbus server
[2025-03-01T08:29:38.387Z] Error reading actual data: no connection to modbus server
[2025-03-01T08:29:38.387Z] Error writing to Modbus register: no connection to modbus server
[2025-03-01T08:29:38.387Z] Error reading register 3105 for IP 10.30.4.91: no connection to modbus server
[2025-03-01T08:29:38.387Z] ❌ Error reading register 1000 for IP 10.30.4.91: no connection to modbus server
[2025-03-01T08:29:38.388Z] Error reading actual data: no connection to modbus server
[2025-03-01T08:29:38.388Z] Error writing to Modbus register: no connection to modbus server
[2025-03-01T08:29:38.934Z] Error reading register 3105 for IP 10.30.4.91: no connection to modbus server
[2025-03-01T08:29:38.934Z] ❌ Error reading register 1000 for IP 10.30.4.91: no connection to modbus server
[2025-03-01T08:29:38.934Z] Error reading actual data: no connection to modbus server
[2025-03-01T08:29:39.108Z] Error writing to Modbus register: no connection to modbus server
[2025-03-01T08:29:39.110Z] Error reading register 3105 for IP 10.30.4.91: no connection to modbus server
[2025-03-01T08:29:39.110Z] ❌ Error reading register 1000 for IP 10.30.4.91: no connection to modbus server
[2025-03-01T08:29:39.111Z] Error reading actual data: no connection to modbus server
[2025-03-01T08:29:39.112Z] Error writing to Modbus register: no connection to modbus server
[2025-03-01T08:29:39.124Z] Error reading register 3105 for IP 10.30.4.91: no connection to modbus server
[2025-03-01T08:29:39.125Z] ❌ Error reading register 1000 for IP 10.30.4.91: no connection to modbus server
[2025-03-01T08:29:39.125Z] Error reading actual data: no connection to modbus server
[2025-03-01T08:29:39.305Z] Error writing to Modbus register: no connection to modbus server
[2025-03-01T08:29:39.307Z] Error reading register 3105 for IP 10.30.4.91: no connection to modbus server
[2025-03-01T08:29:39.307Z] ❌ Error reading register 1000 for IP 10.30.4.91: no connection to modbus server
[2025-03-01T08:29:39.307Z] Error reading actual data: no connection to modbus server
[2025-03-01T08:29:39.308Z] Error writing to Modbus register: no connection to modbus server
[2025-03-01T08:29:39.383Z] ❌ Error reading register 1000 for IP 10.30.4.91: no connection to modbus server
[2025-03-01T08:29:39.383Z] Error reading register 3105 for IP 10.30.4.91: no connection to modbus server
[2025-03-01T08:29:39.384Z] Error reading actual data: no connection to modbus server
[2025-03-01T08:29:39.384Z] Error writing to Modbus register: no connection to modbus server
[2025-03-01T08:29:39.384Z] Error reading register 3105 for IP 10.30.4.91: no connection to modbus server
[2025-03-01T08:29:39.384Z] Error reading actual data: no connection to modbus server
[2025-03-01T08:29:39.384Z] ❌ Error reading register 1000 for IP 10.30.4.91: no connection to modbus server
[2025-03-01T08:29:39.385Z] Error writing to Modbus register: no connection to modbus server
[2025-03-01T08:29:39.944Z] Error reading register 3105 for IP 10.30.4.91: no connection to modbus server
[2025-03-01T08:29:39.944Z] ❌ Error reading register 1000 for IP 10.30.4.91: no connection to modbus server
[2025-03-01T08:29:39.944Z] Error reading actual data: no connection to modbus server
[2025-03-01T08:29:40.109Z] Error writing to Modbus register: no connection to modbus server
[2025-03-01T08:29:40.110Z] Error reading register 3105 for IP 10.30.4.91: no connection to modbus server
[2025-03-01T08:29:40.112Z] ❌ Error reading register 1000 for IP 10.30.4.91: no connection to modbus server
[2025-03-01T08:29:40.112Z] Error reading actual data: no connection to modbus server
[2025-03-01T08:29:40.114Z] Error writing to Modbus register: no connection to modbus server
[2025-03-01T08:29:40.143Z] Error reading register 3105 for IP 10.30.4.91: no connection to modbus server
[2025-03-01T08:29:40.143Z] ❌ Error reading register 1000 for IP 10.30.4.91: no connection to modbus server
[2025-03-01T08:29:40.144Z] Error reading actual data: no connection to modbus server
[2025-03-01T08:29:40.308Z] Error writing to Modbus register: no connection to modbus server
[2025-03-01T08:29:40.308Z] ❌ Error reading register 1000 for IP 10.30.4.91: no connection to modbus server
[2025-03-01T08:29:40.308Z] Error reading actual data: no connection to modbus server
[2025-03-01T08:29:40.308Z] Error reading register 3105 for IP 10.30.4.91: no connection to modbus server
[2025-03-01T08:29:40.309Z] Error writing to Modbus register: no connection to modbus server
[2025-03-01T08:29:40.391Z] Error reading register 3105 for IP 10.30.4.91: no connection to modbus server
[2025-03-01T08:29:40.392Z] ❌ Error reading register 1000 for IP 10.30.4.91: no connection to modbus server
[2025-03-01T08:29:40.392Z] Error writing to Modbus register: no connection to modbus server
[2025-03-01T08:29:40.392Z] Error reading register 3105 for IP 10.30.4.91: no connection to modbus server
[2025-03-01T08:29:40.393Z] ❌ Error reading register 1000 for IP 10.30.4.91: no connection to modbus server
[2025-03-01T08:29:40.392Z] Error reading actual data: no connection to modbus server
[2025-03-01T08:29:40.393Z] Error writing to Modbus register: no connection to modbus server
[2025-03-01T08:29:40.393Z] Error reading actual data: no connection to modbus server
[2025-03-01T08:29:40.950Z] Error reading register 3105 for IP 10.30.4.91: no connection to modbus server
[2025-03-01T08:29:40.951Z] ❌ Error reading register 1000 for IP 10.30.4.91: no connection to modbus server
[2025-03-01T08:29:40.951Z] Error reading actual data: no connection to modbus server
[2025-03-01T08:29:41.110Z] Error writing to Modbus register: no connection to modbus server
[2025-03-01T08:29:41.112Z] ❌ Error reading register 1000 for IP 10.30.4.91: no connection to modbus server
[2025-03-01T08:29:41.112Z] Error reading register 3105 for IP 10.30.4.91: no connection to modbus server
[2025-03-01T08:29:41.112Z] Error reading actual data: no connection to modbus server
[2025-03-01T08:29:41.126Z] Error writing to Modbus register: no connection to modbus server
[2025-03-01T08:29:41.158Z] Error reading register 3105 for IP 10.30.4.91: no connection to modbus server
[2025-03-01T08:29:41.159Z] ❌ Error reading register 1000 for IP 10.30.4.91: no connection to modbus server
[2025-03-01T08:29:41.159Z] Error reading actual data: no connection to modbus server
[2025-03-01T08:29:41.325Z] Error writing to Modbus register: no connection to modbus server
[2025-03-01T08:29:41.327Z] Error reading register 3105 for IP 10.30.4.91: no connection to modbus server
[2025-03-01T08:29:41.327Z] ❌ Error reading register 1000 for IP 10.30.4.91: no connection to modbus server
[2025-03-01T08:29:41.328Z] Error reading actual data: no connection to modbus server
[2025-03-01T08:29:41.329Z] Error writing to Modbus register: no connection to modbus server
[2025-03-01T08:29:41.404Z] Error reading register 3105 for IP 10.30.4.91: no connection to modbus server
[2025-03-01T08:29:41.405Z] ❌ Error reading register 1000 for IP 10.30.4.91: no connection to modbus server
[2025-03-01T08:29:41.405Z] Error reading actual data: no connection to modbus server
[2025-03-01T08:29:41.405Z] Error writing to Modbus register: no connection to modbus server
[2025-03-01T08:29:41.405Z] Error reading register 3105 for IP 10.30.4.91: no connection to modbus server
[2025-03-01T08:29:41.405Z] ❌ Error reading register 1000 for IP 10.30.4.91: no connection to modbus server
[2025-03-01T08:29:41.406Z] Error reading actual data: no connection to modbus server
[2025-03-01T08:29:41.406Z] Error writing to Modbus register: no connection to modbus server
[2025-03-01T08:29:41.959Z] Error reading register 3105 for IP 10.30.4.91: no connection to modbus server
[2025-03-01T08:29:41.960Z] ❌ Error reading register 1000 for IP 10.30.4.91: no connection to modbus server
[2025-03-01T08:29:41.960Z] Error reading actual data: no connection to modbus server
[2025-03-01T08:29:42.111Z] Error writing to Modbus register: no connection to modbus server
[2025-03-01T08:29:42.112Z] Error reading register 3105 for IP 10.30.4.91: no connection to modbus server
[2025-03-01T08:29:42.113Z] ❌ Error reading register 1000 for IP 10.30.4.91: no connection to modbus server
[2025-03-01T08:29:42.113Z] Error reading actual data: no connection to modbus server
[2025-03-01T08:29:42.126Z] Error writing to Modbus register: no connection to modbus server
[2025-03-01T08:29:42.160Z] Error reading register 3105 for IP 10.30.4.91: no connection to modbus server
[2025-03-01T08:29:42.161Z] ❌ Error reading register 1000 for IP 10.30.4.91: no connection to modbus server
[2025-03-01T08:29:42.161Z] Error reading actual data: no connection to modbus server
[2025-03-01T08:29:42.326Z] Error writing to Modbus register: no connection to modbus server
[2025-03-01T08:29:42.327Z] Error reading register 3105 for IP 10.30.4.91: no connection to modbus server
[2025-03-01T08:29:42.327Z] ❌ Error reading register 1000 for IP 10.30.4.91: no connection to modbus server
[2025-03-01T08:29:42.328Z] Error reading actual data: no connection to modbus server
[2025-03-01T08:29:42.329Z] Error writing to Modbus register: no connection to modbus server
[2025-03-01T08:29:42.406Z] Error reading register 3105 for IP 10.30.4.91: no connection to modbus server
[2025-03-01T08:29:42.407Z] ❌ Error reading register 1000 for IP 10.30.4.91: no connection to modbus server
[2025-03-01T08:29:42.407Z] Error reading actual data: no connection to modbus server
[2025-03-01T08:29:42.407Z] Error writing to Modbus register: no connection to modbus server
[2025-03-01T08:29:42.407Z] Error reading register 3105 for IP 10.30.4.91: no connection to modbus server
[2025-03-01T08:29:42.408Z] ❌ Error reading register 1000 for IP 10.30.4.91: no connection to modbus server
[2025-03-01T08:29:42.408Z] Error reading actual data: no connection to modbus server
[2025-03-01T08:29:42.408Z] Error writing to Modbus register: no connection to modbus server
[2025-03-01T08:29:42.960Z] Error reading register 3105 for IP 10.30.4.91: no connection to modbus server
[2025-03-01T08:29:42.961Z] ❌ Error reading register 1000 for IP 10.30.4.91: no connection to modbus server
[2025-03-01T08:29:42.961Z] Error reading actual data: no connection to modbus server
[2025-03-01T08:29:43.114Z] Error writing to Modbus register: no connection to modbus server
[2025-03-01T08:29:43.114Z] Error reading register 3105 for IP 10.30.4.91: no connection to modbus server
[2025-03-01T08:29:43.114Z] ❌ Error reading register 1000 for IP 10.30.4.91: no connection to modbus server
[2025-03-01T08:29:43.115Z] Error reading actual data: no connection to modbus server
[2025-03-01T08:29:43.125Z] Error writing to Modbus register: no connection to modbus server
[2025-03-01T08:29:43.175Z] Error reading register 3105 for IP 10.30.4.91: no connection to modbus server
[2025-03-01T08:29:43.175Z] ❌ Error reading register 1000 for IP 10.30.4.91: no connection to modbus server
[2025-03-01T08:29:43.175Z] Error reading actual data: no connection to modbus server
[2025-03-01T08:29:43.343Z] Error writing to Modbus register: no connection to modbus server
[2025-03-01T08:29:43.344Z] Error reading register 3105 for IP 10.30.4.91: no connection to modbus server
[2025-03-01T08:29:43.345Z] ❌ Error reading register 1000 for IP 10.30.4.91: no connection to modbus server
[2025-03-01T08:29:43.346Z] Error reading actual data: no connection to modbus server
[2025-03-01T08:29:43.346Z] Error writing to Modbus register: no connection to modbus server
[2025-03-01T08:29:43.420Z] Error reading register 3105 for IP 10.30.4.91: no connection to modbus server
[2025-03-01T08:29:43.420Z] ❌ Error reading register 1000 for IP 10.30.4.91: no connection to modbus server
[2025-03-01T08:29:43.420Z] Error reading actual data: no connection to modbus server
[2025-03-01T08:29:43.421Z] Error writing to Modbus register: no connection to modbus server
[2025-03-01T08:29:43.421Z] ❌ Error reading register 1000 for IP 10.30.4.91: no connection to modbus server
[2025-03-01T08:29:43.421Z] Error reading register 3105 for IP 10.30.4.91: no connection to modbus server
[2025-03-01T08:29:43.422Z] Error writing to Modbus register: no connection to modbus server
[2025-03-01T08:29:43.422Z] Error reading actual data: no connection to modbus server
[2025-03-01T08:29:43.972Z] Error reading register 3105 for IP 10.30.4.91: no connection to modbus server
[2025-03-01T08:29:43.972Z] ❌ Error reading register 1000 for IP 10.30.4.91: no connection to modbus server
[2025-03-01T08:29:43.973Z] Error reading actual data: no connection to modbus server
[2025-03-01T08:29:44.124Z] Error writing to Modbus register: no connection to modbus server
[2025-03-01T08:29:44.124Z] Error reading register 3105 for IP 10.30.4.91: no connection to modbus server
[2025-03-01T08:29:44.124Z] ❌ Error reading register 1000 for IP 10.30.4.91: no connection to modbus server
[2025-03-01T08:29:44.124Z] Error reading actual data: no connection to modbus server
[2025-03-01T08:29:44.125Z] Error writing to Modbus register: no connection to modbus server
[2025-03-01T08:29:44.176Z] Error reading register 3105 for IP 10.30.4.91: no connection to modbus server
[2025-03-01T08:29:44.177Z] ❌ Error reading register 1000 for IP 10.30.4.91: no connection to modbus server
[2025-03-01T08:29:44.177Z] Error reading actual data: no connection to modbus server
[2025-03-01T08:29:44.345Z] Error writing to Modbus register: no connection to modbus server
[2025-03-01T08:29:44.346Z] Error reading register 3105 for IP 10.30.4.91: no connection to modbus server
[2025-03-01T08:29:44.346Z] ❌ Error reading register 1000 for IP 10.30.4.91: no connection to modbus server
[2025-03-01T08:29:44.346Z] Error reading actual data: no connection to modbus server
[2025-03-01T08:29:44.346Z] Error writing to Modbus register: no connection to modbus server
[2025-03-01T08:29:44.423Z] Error reading register 3105 for IP 10.30.4.91: no connection to modbus server
[2025-03-01T08:29:44.423Z] ❌ Error reading register 1000 for IP 10.30.4.91: no connection to modbus server
[2025-03-01T08:29:44.423Z] Error reading actual data: no connection to modbus server
[2025-03-01T08:29:44.424Z] ❌ Error reading register 1000 for IP 10.30.4.91: no connection to modbus server
[2025-03-01T08:29:44.424Z] Error reading actual data: no connection to modbus server
[2025-03-01T08:29:44.424Z] Error writing to Modbus register: no connection to modbus server
[2025-03-01T08:29:44.424Z] Error reading register 3105 for IP 10.30.4.91: no connection to modbus server
[2025-03-01T08:29:44.423Z] Error writing to Modbus register: no connection to modbus server
[2025-03-01T08:29:44.973Z] ❌ Error reading register 1000 for IP 10.30.4.91: no connection to modbus server
[2025-03-01T08:29:44.973Z] Error reading register 3105 for IP 10.30.4.91: no connection to modbus server
[2025-03-01T08:29:44.973Z] Error reading actual data: no connection to modbus server
[2025-03-01T08:29:45.126Z] Error writing to Modbus register: no connection to modbus server
[2025-03-01T08:29:45.127Z] Error reading register 3105 for IP 10.30.4.91: no connection to modbus server
[2025-03-01T08:29:45.127Z] ❌ Error reading register 1000 for IP 10.30.4.91: no connection to modbus server
[2025-03-01T08:29:45.127Z] Error reading actual data: no connection to modbus server
[2025-03-01T08:29:45.127Z] Error writing to Modbus register: no connection to modbus server
[2025-03-01T08:29:45.179Z] Error reading register 3105 for IP 10.30.4.91: no connection to modbus server
[2025-03-01T08:29:45.179Z] ❌ Error reading register 1000 for IP 10.30.4.91: no connection to modbus server
[2025-03-01T08:29:45.179Z] Error reading actual data: no connection to modbus server
[2025-03-01T08:29:45.359Z] Error writing to Modbus register: no connection to modbus server
[2025-03-01T08:29:45.359Z] Error reading register 3105 for IP 10.30.4.91: no connection to modbus server
[2025-03-01T08:29:45.360Z] ❌ Error reading register 1000 for IP 10.30.4.91: no connection to modbus server
[2025-03-01T08:29:45.360Z] Error reading actual data: no connection to modbus server
[2025-03-01T08:29:45.360Z] Error writing to Modbus register: no connection to modbus server
[2025-03-01T08:29:45.428Z] Error reading register 3105 for IP 10.30.4.91: no connection to modbus server
[2025-03-01T08:29:45.428Z] ❌ Error reading register 1000 for IP 10.30.4.91: no connection to modbus server
[2025-03-01T08:29:45.428Z] Error reading actual data: no connection to modbus server
[2025-03-01T08:29:45.429Z] Error writing to Modbus register: no connection to modbus server
[2025-03-01T08:29:45.429Z] Error reading register 3105 for IP 10.30.4.91: no connection to modbus server
[2025-03-01T08:29:45.429Z] ❌ Error reading register 1000 for IP 10.30.4.91: no connection to modbus server
[2025-03-01T08:29:45.430Z] Error reading actual data: no connection to modbus server
[2025-03-01T08:29:45.430Z] Error writing to Modbus register: no connection to modbus server
[2025-03-01T08:29:45.976Z] Error reading register 3105 for IP 10.30.4.91: no connection to modbus server
[2025-03-01T08:29:45.976Z] ❌ Error reading register 1000 for IP 10.30.4.91: no connection to modbus server
[2025-03-01T08:29:45.977Z] Error reading actual data: no connection to modbus server
[2025-03-01T08:29:46.142Z] Error writing to Modbus register: no connection to modbus server
[2025-03-01T08:29:46.144Z] Error reading register 3105 for IP 10.30.4.91: no connection to modbus server
[2025-03-01T08:29:46.144Z] ❌ Error reading register 1000 for IP 10.30.4.91: no connection to modbus server
[2025-03-01T08:29:46.145Z] Error reading actual data: no connection to modbus server
[2025-03-01T08:29:46.146Z] Error writing to Modbus register: no connection to modbus server
[2025-03-01T08:29:46.193Z] Error reading register 3105 for IP 10.30.4.91: no connection to modbus server
[2025-03-01T08:29:46.193Z] ❌ Error reading register 1000 for IP 10.30.4.91: no connection to modbus server
[2025-03-01T08:29:46.194Z] Error reading actual data: no connection to modbus server
[2025-03-01T08:29:46.375Z] Error writing to Modbus register: no connection to modbus server
[2025-03-01T08:29:46.377Z] Error reading register 3105 for IP 10.30.4.91: no connection to modbus server
[2025-03-01T08:29:46.377Z] ❌ Error reading register 1000 for IP 10.30.4.91: no connection to modbus server
[2025-03-01T08:29:46.378Z] Error reading actual data: no connection to modbus server
[2025-03-01T08:29:46.379Z] Error writing to Modbus register: no connection to modbus server
[2025-03-01T08:29:46.444Z] Error reading register 3105 for IP 10.30.4.91: no connection to modbus server
[2025-03-01T08:29:46.444Z] ❌ Error reading register 1000 for IP 10.30.4.91: no connection to modbus server
[2025-03-01T08:29:46.447Z] ❌ Error reading register 1000 for IP 10.30.4.91: no connection to modbus server
[2025-03-01T08:29:46.447Z] Error reading actual data: no connection to modbus server
[2025-03-01T08:29:46.446Z] Error writing to Modbus register: no connection to modbus server
[2025-03-01T08:29:46.446Z] Error reading register 3105 for IP 10.30.4.91: no connection to modbus server
[2025-03-01T08:29:46.445Z] Error reading actual data: no connection to modbus server
[2025-03-01T08:29:46.447Z] Error writing to Modbus register: no connection to modbus server
[2025-03-01T08:29:46.991Z] Error reading register 3105 for IP 10.30.4.91: no connection to modbus server
[2025-03-01T08:29:46.991Z] ❌ Error reading register 1000 for IP 10.30.4.91: no connection to modbus server
[2025-03-01T08:29:46.991Z] Error reading actual data: no connection to modbus server
[2025-03-01T08:29:47.142Z] Error writing to Modbus register: no connection to modbus server
[2025-03-01T08:29:47.144Z] Error reading register 3105 for IP 10.30.4.91: no connection to modbus server
[2025-03-01T08:29:47.144Z] ❌ Error reading register 1000 for IP 10.30.4.91: no connection to modbus server
[2025-03-01T08:29:47.145Z] Error reading actual data: no connection to modbus server
[2025-03-01T08:29:47.146Z] Error writing to Modbus register: no connection to modbus server
[2025-03-01T08:29:47.208Z] Error reading register 3105 for IP 10.30.4.91: no connection to modbus server
[2025-03-01T08:29:47.208Z] ❌ Error reading register 1000 for IP 10.30.4.91: no connection to modbus server
[2025-03-01T08:29:47.209Z] Error reading actual data: no connection to modbus server
[2025-03-01T08:29:47.389Z] Error writing to Modbus register: no connection to modbus server
[2025-03-01T08:29:47.391Z] ❌ Error reading register 1000 for IP 10.30.4.91: no connection to modbus server
[2025-03-01T08:29:47.391Z] Error reading register 3105 for IP 10.30.4.91: no connection to modbus server
[2025-03-01T08:29:47.392Z] Error reading actual data: no connection to modbus server
[2025-03-01T08:29:47.393Z] Error writing to Modbus register: no connection to modbus server
[2025-03-01T08:29:47.456Z] Error reading register 3105 for IP 10.30.4.91: no connection to modbus server
[2025-03-01T08:29:47.457Z] ❌ Error reading register 1000 for IP 10.30.4.91: no connection to modbus server
[2025-03-01T08:29:47.460Z] ❌ Error reading register 1000 for IP 10.30.4.91: no connection to modbus server
[2025-03-01T08:29:47.460Z] Error reading actual data: no connection to modbus server
[2025-03-01T08:29:47.460Z] Error writing to Modbus register: no connection to modbus server
[2025-03-01T08:29:47.458Z] Error writing to Modbus register: no connection to modbus server
[2025-03-01T08:29:47.459Z] Error reading register 3105 for IP 10.30.4.91: no connection to modbus server
[2025-03-01T08:29:47.457Z] Error reading actual data: no connection to modbus server
[2025-03-01T08:29:47.995Z] Error reading register 3105 for IP 10.30.4.91: no connection to modbus server
[2025-03-01T08:29:47.995Z] ❌ Error reading register 1000 for IP 10.30.4.91: no connection to modbus server
[2025-03-01T08:29:47.996Z] Error reading actual data: no connection to modbus server
[2025-03-01T08:29:48.142Z] Error writing to Modbus register: no connection to modbus server
[2025-03-01T08:29:48.144Z] Error reading register 3105 for IP 10.30.4.91: no connection to modbus server
[2025-03-01T08:29:48.144Z] ❌ Error reading register 1000 for IP 10.30.4.91: no connection to modbus server
[2025-03-01T08:29:48.145Z] Error reading actual data: no connection to modbus server
[2025-03-01T08:29:48.146Z] Error writing to Modbus register: no connection to modbus server
[2025-03-01T08:29:48.209Z] Error reading register 3105 for IP 10.30.4.91: no connection to modbus server
[2025-03-01T08:29:48.209Z] ❌ Error reading register 1000 for IP 10.30.4.91: no connection to modbus server
[2025-03-01T08:29:48.209Z] Error reading actual data: no connection to modbus server
[2025-03-01T08:29:48.393Z] Error writing to Modbus register: no connection to modbus server
[2025-03-01T08:29:48.395Z] Error reading register 3105 for IP 10.30.4.91: no connection to modbus server
[2025-03-01T08:29:48.396Z] ❌ Error reading register 1000 for IP 10.30.4.91: no connection to modbus server
[2025-03-01T08:29:48.396Z] Error reading actual data: no connection to modbus server
[2025-03-01T08:29:48.397Z] Error writing to Modbus register: no connection to modbus server
[2025-03-01T08:29:48.458Z] Error reading register 3105 for IP 10.30.4.91: no connection to modbus server
[2025-03-01T08:29:48.458Z] ❌ Error reading register 1000 for IP 10.30.4.91: no connection to modbus server
[2025-03-01T08:29:48.459Z] Error writing to Modbus register: no connection to modbus server
[2025-03-01T08:29:48.458Z] Error reading actual data: no connection to modbus server
[2025-03-01T08:29:48.459Z] Error reading register 3105 for IP 10.30.4.91: no connection to modbus server
[2025-03-01T08:29:48.459Z] ❌ Error reading register 1000 for IP 10.30.4.91: no connection to modbus server
[2025-03-01T08:29:48.459Z] Error reading actual data: no connection to modbus server
[2025-03-01T08:29:48.460Z] Error writing to Modbus register: no connection to modbus server
[2025-03-01T08:29:49.006Z] Error reading register 3105 for IP 10.30.4.91: no connection to modbus server
[2025-03-01T08:29:49.006Z] ❌ Error reading register 1000 for IP 10.30.4.91: no connection to modbus server
[2025-03-01T08:29:49.006Z] Error reading actual data: no connection to modbus server
[2025-03-01T08:29:49.154Z] Error writing to Modbus register: no connection to modbus server
[2025-03-01T08:29:49.155Z] Error reading register 3105 for IP 10.30.4.91: no connection to modbus server
[2025-03-01T08:29:49.155Z] ❌ Error reading register 1000 for IP 10.30.4.91: no connection to modbus server
[2025-03-01T08:29:49.155Z] Error reading actual data: no connection to modbus server
[2025-03-01T08:29:49.155Z] Error writing to Modbus register: no connection to modbus server
[2025-03-01T08:29:49.208Z] Error reading register 3105 for IP 10.30.4.91: no connection to modbus server
[2025-03-01T08:29:49.208Z] ❌ Error reading register 1000 for IP 10.30.4.91: no connection to modbus server
[2025-03-01T08:29:49.209Z] Error reading actual data: no connection to modbus server
[2025-03-01T08:29:49.406Z] Error writing to Modbus register: no connection to modbus server
[2025-03-01T08:29:49.407Z] Error reading register 3105 for IP 10.30.4.91: no connection to modbus server
[2025-03-01T08:29:49.407Z] ❌ Error reading register 1000 for IP 10.30.4.91: no connection to modbus server
[2025-03-01T08:29:49.408Z] Error writing to Modbus register: no connection to modbus server
[2025-03-01T08:29:49.407Z] Error reading actual data: no connection to modbus server
[2025-03-01T08:29:49.458Z] Error reading register 3105 for IP 10.30.4.91: no connection to modbus server
[2025-03-01T08:29:49.458Z] ❌ Error reading register 1000 for IP 10.30.4.91: no connection to modbus server
[2025-03-01T08:29:49.458Z] Error reading actual data: no connection to modbus server
[2025-03-01T08:29:49.474Z] Error reading register 3105 for IP 10.30.4.91: no connection to modbus server
[2025-03-01T08:29:49.474Z] ❌ Error reading register 1000 for IP 10.30.4.91: no connection to modbus server
[2025-03-01T08:29:49.474Z] Error reading actual data: no connection to modbus server
[2025-03-01T08:29:49.474Z] Error writing to Modbus register: no connection to modbus server
[2025-03-01T08:29:49.473Z] Error writing to Modbus register: no connection to modbus server
[2025-03-01T08:29:50.006Z] Error reading actual data: no connection to modbus server
[2025-03-01T08:29:50.005Z] Error reading register 3105 for IP 10.30.4.91: no connection to modbus server
[2025-03-01T08:29:50.005Z] ❌ Error reading register 1000 for IP 10.30.4.91: no connection to modbus server
[2025-03-01T08:29:50.158Z] Error writing to Modbus register: no connection to modbus server
[2025-03-01T08:29:50.158Z] Error reading register 3105 for IP 10.30.4.91: no connection to modbus server
[2025-03-01T08:29:50.159Z] ❌ Error reading register 1000 for IP 10.30.4.91: no connection to modbus server
[2025-03-01T08:29:50.159Z] Error reading actual data: no connection to modbus server
[2025-03-01T08:29:50.159Z] Error writing to Modbus register: no connection to modbus server
[2025-03-01T08:29:50.208Z] Error reading register 3105 for IP 10.30.4.91: no connection to modbus server
[2025-03-01T08:29:50.208Z] Error reading actual data: no connection to modbus server
[2025-03-01T08:29:50.208Z] ❌ Error reading register 1000 for IP 10.30.4.91: no connection to modbus server
[2025-03-01T08:29:50.407Z] Error writing to Modbus register: no connection to modbus server
[2025-03-01T08:29:50.407Z] Error reading register 3105 for IP 10.30.4.91: no connection to modbus server
[2025-03-01T08:29:50.407Z] ❌ Error reading register 1000 for IP 10.30.4.91: no connection to modbus server
[2025-03-01T08:29:50.408Z] Error reading actual data: no connection to modbus server
[2025-03-01T08:29:50.408Z] Error writing to Modbus register: no connection to modbus server
[2025-03-01T08:29:50.459Z] Error reading register 3105 for IP 10.30.4.91: no connection to modbus server
[2025-03-01T08:29:50.459Z] ❌ Error reading register 1000 for IP 10.30.4.91: no connection to modbus server
[2025-03-01T08:29:50.460Z] Error reading actual data: no connection to modbus server
[2025-03-01T08:29:50.473Z] Error writing to Modbus register: no connection to modbus server
[2025-03-01T08:29:50.474Z] Error reading register 3105 for IP 10.30.4.91: no connection to modbus server
[2025-03-01T08:29:50.474Z] ❌ Error reading register 1000 for IP 10.30.4.91: no connection to modbus server
[2025-03-01T08:29:50.474Z] Error reading actual data: no connection to modbus server
[2025-03-01T08:29:50.475Z] Error writing to Modbus register: no connection to modbus server
[2025-03-01T08:29:51.006Z] Error reading register 3105 for IP 10.30.4.91: no connection to modbus server
[2025-03-01T08:29:51.007Z] ❌ Error reading register 1000 for IP 10.30.4.91: no connection to modbus server
[2025-03-01T08:29:51.007Z] Error reading actual data: no connection to modbus server
[2025-03-01T08:29:51.158Z] Error writing to Modbus register: no connection to modbus server
[2025-03-01T08:29:51.158Z] Error reading register 3105 for IP 10.30.4.91: no connection to modbus server
[2025-03-01T08:29:51.158Z] Error reading actual data: no connection to modbus server
[2025-03-01T08:29:51.158Z] ❌ Error reading register 1000 for IP 10.30.4.91: no connection to modbus server
[2025-03-01T08:29:51.159Z] Error writing to Modbus register: no connection to modbus server
[2025-03-01T08:29:51.208Z] Error reading register 3105 for IP 10.30.4.91: no connection to modbus server
[2025-03-01T08:29:51.208Z] ❌ Error reading register 1000 for IP 10.30.4.91: no connection to modbus server
[2025-03-01T08:29:51.208Z] Error reading actual data: no connection to modbus server
[2025-03-01T08:29:51.406Z] Error writing to Modbus register: no connection to modbus server
[2025-03-01T08:29:51.407Z] Error reading register 3105 for IP 10.30.4.91: no connection to modbus server
[2025-03-01T08:29:51.408Z] ❌ Error reading register 1000 for IP 10.30.4.91: no connection to modbus server
[2025-03-01T08:29:51.408Z] Error reading actual data: no connection to modbus server
[2025-03-01T08:29:51.408Z] Error writing to Modbus register: no connection to modbus server
[2025-03-01T08:29:51.474Z] Error reading register 3105 for IP 10.30.4.91: no connection to modbus server
[2025-03-01T08:29:51.475Z] Error reading actual data: no connection to modbus server
[2025-03-01T08:29:51.475Z] ❌ Error reading register 1000 for IP 10.30.4.91: no connection to modbus server
[2025-03-01T08:29:51.475Z] Error writing to Modbus register: no connection to modbus server
[2025-03-01T08:29:51.475Z] Error reading register 3105 for IP 10.30.4.91: no connection to modbus server
[2025-03-01T08:29:51.475Z] ❌ Error reading register 1000 for IP 10.30.4.91: no connection to modbus server
[2025-03-01T08:29:51.475Z] Error reading actual data: no connection to modbus server
[2025-03-01T08:29:51.476Z] Error writing to Modbus register: no connection to modbus server
[2025-03-01T08:29:52.006Z] Error reading register 3105 for IP 10.30.4.91: no connection to modbus server
[2025-03-01T08:29:52.007Z] ❌ Error reading register 1000 for IP 10.30.4.91: no connection to modbus server
[2025-03-01T08:29:52.007Z] Error reading actual data: no connection to modbus server
[2025-03-01T08:29:52.158Z] Error writing to Modbus register: no connection to modbus server
[2025-03-01T08:29:52.159Z] Error reading register 3105 for IP 10.30.4.91: no connection to modbus server
[2025-03-01T08:29:52.159Z] ❌ Error reading register 1000 for IP 10.30.4.91: no connection to modbus server
[2025-03-01T08:29:52.159Z] Error reading actual data: no connection to modbus server
[2025-03-01T08:29:52.160Z] Error writing to Modbus register: no connection to modbus server
[2025-03-01T08:29:52.208Z] Error reading register 3105 for IP 10.30.4.91: no connection to modbus server
[2025-03-01T08:29:52.208Z] ❌ Error reading register 1000 for IP 10.30.4.91: no connection to modbus server
[2025-03-01T08:29:52.209Z] Error reading actual data: no connection to modbus server
[2025-03-01T08:29:52.408Z] Error reading register 3105 for IP 10.30.4.91: no connection to modbus server
[2025-03-01T08:29:52.409Z] ❌ Error reading register 1000 for IP 10.30.4.91: no connection to modbus server
[2025-03-01T08:29:52.407Z] Error writing to Modbus register: no connection to modbus server
[2025-03-01T08:29:52.409Z] Error reading actual data: no connection to modbus server
[2025-03-01T08:29:52.410Z] Error writing to Modbus register: no connection to modbus server
[2025-03-01T08:29:52.475Z] ❌ Error reading register 1000 for IP 10.30.4.91: no connection to modbus server
[2025-03-01T08:29:52.475Z] Error reading register 3105 for IP 10.30.4.91: no connection to modbus server
[2025-03-01T08:29:52.475Z] Error reading actual data: no connection to modbus server
[2025-03-01T08:29:52.475Z] Error writing to Modbus register: no connection to modbus server
[2025-03-01T08:29:52.476Z] Error reading register 3105 for IP 10.30.4.91: no connection to modbus server
[2025-03-01T08:29:52.476Z] ❌ Error reading register 1000 for IP 10.30.4.91: no connection to modbus server
[2025-03-01T08:29:52.476Z] Error reading actual data: no connection to modbus server
[2025-03-01T08:29:52.477Z] Error writing to Modbus register: no connection to modbus server
[2025-03-01T08:29:53.006Z] Error reading register 3105 for IP 10.30.4.91: no connection to modbus server
[2025-03-01T08:29:53.007Z] ❌ Error reading register 1000 for IP 10.30.4.91: no connection to modbus server
[2025-03-01T08:29:53.007Z] Error reading actual data: no connection to modbus server
[2025-03-01T08:29:53.158Z] Error writing to Modbus register: no connection to modbus server
[2025-03-01T08:29:53.176Z] Error reading register 3105 for IP 10.30.4.91: no connection to modbus server
[2025-03-01T08:29:53.177Z] ❌ Error reading register 1000 for IP 10.30.4.91: no connection to modbus server
[2025-03-01T08:29:53.177Z] Error reading actual data: no connection to modbus server
[2025-03-01T08:29:53.178Z] Error writing to Modbus register: no connection to modbus server
[2025-03-01T08:29:53.208Z] Error reading register 3105 for IP 10.30.4.91: no connection to modbus server
[2025-03-01T08:29:53.208Z] ❌ Error reading register 1000 for IP 10.30.4.91: no connection to modbus server
[2025-03-01T08:29:53.208Z] Error reading actual data: no connection to modbus server
[2025-03-01T08:29:53.408Z] Error writing to Modbus register: no connection to modbus server
[2025-03-01T08:29:53.408Z] ❌ Error reading register 1000 for IP 10.30.4.91: no connection to modbus server
[2025-03-01T08:29:53.408Z] Error reading actual data: no connection to modbus server
[2025-03-01T08:29:53.408Z] Error reading register 3105 for IP 10.30.4.91: no connection to modbus server
[2025-03-01T08:29:53.409Z] Error writing to Modbus register: no connection to modbus server
[2025-03-01T08:29:53.490Z] Error reading register 3105 for IP 10.30.4.91: no connection to modbus server
[2025-03-01T08:29:53.490Z] ❌ Error reading register 1000 for IP 10.30.4.91: no connection to modbus server
[2025-03-01T08:29:53.491Z] Error writing to Modbus register: no connection to modbus server
[2025-03-01T08:29:53.490Z] Error reading actual data: no connection to modbus server
[2025-03-01T08:29:53.491Z] Error reading register 3105 for IP 10.30.4.91: no connection to modbus server
[2025-03-01T08:29:53.491Z] ❌ Error reading register 1000 for IP 10.30.4.91: no connection to modbus server
[2025-03-01T08:29:53.491Z] Error reading actual data: no connection to modbus server
[2025-03-01T08:29:53.492Z] Error writing to Modbus register: no connection to modbus server
[2025-03-01T08:29:54.006Z] Error reading register 3105 for IP 10.30.4.91: no connection to modbus server
[2025-03-01T08:29:54.007Z] ❌ Error reading register 1000 for IP 10.30.4.91: no connection to modbus server
[2025-03-01T08:29:54.007Z] Error reading actual data: no connection to modbus server
[2025-03-01T08:29:54.158Z] Error writing to Modbus register: no connection to modbus server
[2025-03-01T08:29:54.174Z] Error reading register 3105 for IP 10.30.4.91: no connection to modbus server
[2025-03-01T08:29:54.175Z] ❌ Error reading register 1000 for IP 10.30.4.91: no connection to modbus server
[2025-03-01T08:29:54.175Z] Error reading actual data: no connection to modbus server
[2025-03-01T08:29:54.191Z] Error writing to Modbus register: no connection to modbus server
[2025-03-01T08:29:54.208Z] Error reading register 3105 for IP 10.30.4.91: no connection to modbus server
[2025-03-01T08:29:54.208Z] ❌ Error reading register 1000 for IP 10.30.4.91: no connection to modbus server
[2025-03-01T08:29:54.208Z] Error reading actual data: no connection to modbus server
[2025-03-01T08:29:54.423Z] Error writing to Modbus register: no connection to modbus server
[2025-03-01T08:29:54.424Z] Error reading register 3105 for IP 10.30.4.91: no connection to modbus server
[2025-03-01T08:29:54.424Z] ❌ Error reading register 1000 for IP 10.30.4.91: no connection to modbus server
[2025-03-01T08:29:54.424Z] Error reading actual data: no connection to modbus server
[2025-03-01T08:29:54.425Z] Error writing to Modbus register: no connection to modbus server
[2025-03-01T08:29:54.492Z] Error reading register 3105 for IP 10.30.4.91: no connection to modbus server
[2025-03-01T08:29:54.492Z] ❌ Error reading register 1000 for IP 10.30.4.91: no connection to modbus server
[2025-03-01T08:29:54.492Z] Error reading actual data: no connection to modbus server
[2025-03-01T08:29:54.493Z] Error writing to Modbus register: no connection to modbus server
[2025-03-01T08:29:54.493Z] Error reading register 3105 for IP 10.30.4.91: no connection to modbus server
[2025-03-01T08:29:54.493Z] ❌ Error reading register 1000 for IP 10.30.4.91: no connection to modbus server
[2025-03-01T08:29:54.494Z] Error reading actual data: no connection to modbus server
[2025-03-01T08:29:54.494Z] Error writing to Modbus register: no connection to modbus server
[2025-03-01T08:29:55.011Z] Error reading register 3105 for IP 10.30.4.91: no connection to modbus server
[2025-03-01T08:29:55.012Z] ❌ Error reading register 1000 for IP 10.30.4.91: no connection to modbus server
[2025-03-01T08:29:55.012Z] Error reading actual data: no connection to modbus server
[2025-03-01T08:29:55.158Z] Error writing to Modbus register: no connection to modbus server
[2025-03-01T08:29:55.174Z] Error reading register 3105 for IP 10.30.4.91: no connection to modbus server
[2025-03-01T08:29:55.175Z] ❌ Error reading register 1000 for IP 10.30.4.91: no connection to modbus server
[2025-03-01T08:29:55.175Z] Error reading actual data: no connection to modbus server
[2025-03-01T08:29:55.206Z] Error writing to Modbus register: no connection to modbus server
[2025-03-01T08:29:55.207Z] Error reading register 3105 for IP 10.30.4.91: no connection to modbus server
[2025-03-01T08:29:55.208Z] ❌ Error reading register 1000 for IP 10.30.4.91: no connection to modbus server
[2025-03-01T08:29:55.208Z] Error reading actual data: no connection to modbus server
[2025-03-01T08:29:55.423Z] Error writing to Modbus register: no connection to modbus server
[2025-03-01T08:29:55.425Z] Error reading register 3105 for IP 10.30.4.91: no connection to modbus server
[2025-03-01T08:29:55.425Z] ❌ Error reading register 1000 for IP 10.30.4.91: no connection to modbus server
[2025-03-01T08:29:55.425Z] Error reading actual data: no connection to modbus server
[2025-03-01T08:29:55.425Z] Error writing to Modbus register: no connection to modbus server
[2025-03-01T08:29:55.492Z] Error reading register 3105 for IP 10.30.4.91: no connection to modbus server
[2025-03-01T08:29:55.492Z] ❌ Error reading register 1000 for IP 10.30.4.91: no connection to modbus server
[2025-03-01T08:29:55.492Z] Error reading actual data: no connection to modbus server
[2025-03-01T08:29:55.493Z] Error writing to Modbus register: no connection to modbus server
[2025-03-01T08:29:55.493Z] ❌ Error reading register 1000 for IP 10.30.4.91: no connection to modbus server
[2025-03-01T08:29:55.493Z] Error reading register 3105 for IP 10.30.4.91: no connection to modbus server
[2025-03-01T08:29:55.493Z] Error reading actual data: no connection to modbus server
[2025-03-01T08:29:55.494Z] Error writing to Modbus register: no connection to modbus server
[2025-03-01T08:29:56.025Z] ❌ Error reading register 1000 for IP 10.30.4.91: no connection to modbus server
[2025-03-01T08:29:56.025Z] Error reading register 3105 for IP 10.30.4.91: no connection to modbus server
[2025-03-01T08:29:56.025Z] Error reading actual data: no connection to modbus server
[2025-03-01T08:29:56.170Z] Error writing to Modbus register: no connection to modbus server
[2025-03-01T08:29:56.175Z] Error reading register 3105 for IP 10.30.4.91: no connection to modbus server
[2025-03-01T08:29:56.175Z] ❌ Error reading register 1000 for IP 10.30.4.91: no connection to modbus server
[2025-03-01T08:29:56.175Z] Error reading actual data: no connection to modbus server
[2025-03-01T08:29:56.206Z] Error writing to Modbus register: no connection to modbus server
[2025-03-01T08:29:56.207Z] ❌ Error reading register 1000 for IP 10.30.4.91: no connection to modbus server
[2025-03-01T08:29:56.207Z] Error reading register 3105 for IP 10.30.4.91: no connection to modbus server
[2025-03-01T08:29:56.208Z] Error reading actual data: no connection to modbus server
[2025-03-01T08:29:56.423Z] Error writing to Modbus register: no connection to modbus server
[2025-03-01T08:29:56.440Z] ❌ Error reading register 1000 for IP 10.30.4.91: no connection to modbus server
[2025-03-01T08:29:56.440Z] Error reading register 3105 for IP 10.30.4.91: no connection to modbus server
[2025-03-01T08:29:56.441Z] Error writing to Modbus register: no connection to modbus server
[2025-03-01T08:29:56.440Z] Error reading actual data: no connection to modbus server
[2025-03-01T08:29:56.491Z] Error reading register 3105 for IP 10.30.4.91: no connection to modbus server
[2025-03-01T08:29:56.491Z] ❌ Error reading register 1000 for IP 10.30.4.91: no connection to modbus server
[2025-03-01T08:29:56.492Z] Error reading actual data: no connection to modbus server
[2025-03-01T08:29:56.492Z] Error writing to Modbus register: no connection to modbus server
[2025-03-01T08:29:56.493Z] Error reading register 3105 for IP 10.30.4.91: no connection to modbus server
[2025-03-01T08:29:56.493Z] ❌ Error reading register 1000 for IP 10.30.4.91: no connection to modbus server
[2025-03-01T08:29:56.494Z] Error reading actual data: no connection to modbus server
[2025-03-01T08:29:56.494Z] Error writing to Modbus register: no connection to modbus server
[2025-03-01T08:29:57.024Z] Error reading register 3105 for IP 10.30.4.91: no connection to modbus server
[2025-03-01T08:29:57.025Z] ❌ Error reading register 1000 for IP 10.30.4.91: no connection to modbus server
[2025-03-01T08:29:57.025Z] Error reading actual data: no connection to modbus server
[2025-03-01T08:29:57.171Z] Error writing to Modbus register: no connection to modbus server
[2025-03-01T08:29:57.175Z] Error reading register 3105 for IP 10.30.4.91: no connection to modbus server
[2025-03-01T08:29:57.175Z] ❌ Error reading register 1000 for IP 10.30.4.91: no connection to modbus server
[2025-03-01T08:29:57.175Z] Error reading actual data: no connection to modbus server
[2025-03-01T08:29:57.208Z] Error writing to Modbus register: no connection to modbus server
[2025-03-01T08:29:57.209Z] Error reading register 3105 for IP 10.30.4.91: no connection to modbus server
[2025-03-01T08:29:57.209Z] ❌ Error reading register 1000 for IP 10.30.4.91: no connection to modbus server
[2025-03-01T08:29:57.209Z] Error reading actual data: no connection to modbus server
[2025-03-01T08:29:57.425Z] Error writing to Modbus register: no connection to modbus server
[2025-03-01T08:29:57.443Z] ❌ Error reading register 1000 for IP 10.30.4.91: no connection to modbus server
[2025-03-01T08:29:57.443Z] Error reading register 3105 for IP 10.30.4.91: no connection to modbus server
[2025-03-01T08:29:57.444Z] Error writing to Modbus register: no connection to modbus server
[2025-03-01T08:29:57.443Z] Error reading actual data: no connection to modbus server
[2025-03-01T08:29:57.508Z] Error reading register 3105 for IP 10.30.4.91: no connection to modbus server
[2025-03-01T08:29:57.509Z] ❌ Error reading register 1000 for IP 10.30.4.91: no connection to modbus server
[2025-03-01T08:29:57.509Z] Error reading actual data: no connection to modbus server
[2025-03-01T08:29:57.510Z] Error writing to Modbus register: no connection to modbus server
[2025-03-01T08:29:57.510Z] Error reading register 3105 for IP 10.30.4.91: no connection to modbus server
[2025-03-01T08:29:57.511Z] ❌ Error reading register 1000 for IP 10.30.4.91: no connection to modbus server
[2025-03-01T08:29:57.511Z] Error reading actual data: no connection to modbus server
[2025-03-01T08:29:57.511Z] Error writing to Modbus register: no connection to modbus server
[2025-03-01T08:29:58.041Z] Error reading register 3105 for IP 10.30.4.91: no connection to modbus server
[2025-03-01T08:29:58.041Z] ❌ Error reading register 1000 for IP 10.30.4.91: no connection to modbus server
[2025-03-01T08:29:58.041Z] Error reading actual data: no connection to modbus server
[2025-03-01T08:29:58.173Z] Error writing to Modbus register: no connection to modbus server
[2025-03-01T08:29:58.188Z] Error reading register 3105 for IP 10.30.4.91: no connection to modbus server
[2025-03-01T08:29:58.188Z] ❌ Error reading register 1000 for IP 10.30.4.91: no connection to modbus server
[2025-03-01T08:29:58.188Z] Error reading actual data: no connection to modbus server
[2025-03-01T08:29:58.208Z] Error writing to Modbus register: no connection to modbus server
[2025-03-01T08:29:58.208Z] Error reading register 3105 for IP 10.30.4.91: no connection to modbus server
[2025-03-01T08:29:58.208Z] ❌ Error reading register 1000 for IP 10.30.4.91: no connection to modbus server
[2025-03-01T08:29:58.208Z] Error reading actual data: no connection to modbus server
[2025-03-01T08:29:58.439Z] Error writing to Modbus register: no connection to modbus server
[2025-03-01T08:29:58.456Z] Error reading register 3105 for IP 10.30.4.91: no connection to modbus server
[2025-03-01T08:29:58.457Z] ❌ Error reading register 1000 for IP 10.30.4.91: no connection to modbus server
[2025-03-01T08:29:58.457Z] Error reading actual data: no connection to modbus server
[2025-03-01T08:29:58.457Z] Error writing to Modbus register: no connection to modbus server
[2025-03-01T08:29:58.507Z] ❌ Error reading register 1000 for IP 10.30.4.91: no connection to modbus server
[2025-03-01T08:29:58.507Z] Error reading actual data: no connection to modbus server
[2025-03-01T08:29:58.507Z] Error reading register 3105 for IP 10.30.4.91: no connection to modbus server
[2025-03-01T08:29:58.523Z] Error writing to Modbus register: no connection to modbus server
[2025-03-01T08:29:58.524Z] Error reading register 3105 for IP 10.30.4.91: no connection to modbus server
[2025-03-01T08:29:58.524Z] ❌ Error reading register 1000 for IP 10.30.4.91: no connection to modbus server
[2025-03-01T08:29:58.524Z] Error reading actual data: no connection to modbus server
[2025-03-01T08:29:58.524Z] Error writing to Modbus register: no connection to modbus server
[2025-03-01T08:29:59.040Z] Error reading register 3105 for IP 10.30.4.91: no connection to modbus server
[2025-03-01T08:29:59.040Z] ❌ Error reading register 1000 for IP 10.30.4.91: no connection to modbus server
[2025-03-01T08:29:59.040Z] Error reading actual data: no connection to modbus server
[2025-03-01T08:29:59.174Z] Error writing to Modbus register: no connection to modbus server
[2025-03-01T08:29:59.198Z] Error reading register 3105 for IP 10.30.4.91: no connection to modbus server
[2025-03-01T08:29:59.198Z] ❌ Error reading register 1000 for IP 10.30.4.91: no connection to modbus server
[2025-03-01T08:29:59.199Z] Error reading actual data: no connection to modbus server
[2025-03-01T08:29:59.208Z] Error writing to Modbus register: no connection to modbus server
[2025-03-01T08:29:59.208Z] Error reading register 3105 for IP 10.30.4.91: no connection to modbus server
[2025-03-01T08:29:59.208Z] ❌ Error reading register 1000 for IP 10.30.4.91: no connection to modbus server
[2025-03-01T08:29:59.209Z] Error reading actual data: no connection to modbus server
[2025-03-01T08:29:59.440Z] Error writing to Modbus register: no connection to modbus server
[2025-03-01T08:29:59.458Z] Error reading register 3105 for IP 10.30.4.91: no connection to modbus server
[2025-03-01T08:29:59.458Z] ❌ Error reading register 1000 for IP 10.30.4.91: no connection to modbus server
[2025-03-01T08:29:59.458Z] Error reading actual data: no connection to modbus server
[2025-03-01T08:29:59.458Z] Error writing to Modbus register: no connection to modbus server
[2025-03-01T08:29:59.508Z] Error reading register 3105 for IP 10.30.4.91: no connection to modbus server
[2025-03-01T08:29:59.508Z] ❌ Error reading register 1000 for IP 10.30.4.91: no connection to modbus server
[2025-03-01T08:29:59.508Z] Error reading actual data: no connection to modbus server
[2025-03-01T08:29:59.526Z] Error writing to Modbus register: no connection to modbus server
[2025-03-01T08:29:59.526Z] Error reading register 3105 for IP 10.30.4.91: no connection to modbus server
[2025-03-01T08:29:59.527Z] Error reading actual data: no connection to modbus server
[2025-03-01T08:29:59.527Z] ❌ Error reading register 1000 for IP 10.30.4.91: no connection to modbus server
[2025-03-01T08:29:59.527Z] Error writing to Modbus register: no connection to modbus server
[2025-03-01T08:30:00.040Z] Error reading register 3105 for IP 10.30.4.91: no connection to modbus server
[2025-03-01T08:30:00.040Z] ❌ Error reading register 1000 for IP 10.30.4.91: no connection to modbus server
[2025-03-01T08:30:00.040Z] Error reading actual data: no connection to modbus server
[2025-03-01T08:30:00.186Z] Error writing to Modbus register: no connection to modbus server
[2025-03-01T08:30:00.207Z] Error reading register 3105 for IP 10.30.4.91: no connection to modbus server
[2025-03-01T08:30:00.207Z] ❌ Error reading register 1000 for IP 10.30.4.91: no connection to modbus server
[2025-03-01T08:30:00.207Z] Error reading actual data: no connection to modbus server
[2025-03-01T08:30:00.208Z] Error writing to Modbus register: no connection to modbus server
[2025-03-01T08:30:00.208Z] ❌ Error reading register 1000 for IP 10.30.4.91: no connection to modbus server
[2025-03-01T08:30:00.208Z] Error reading register 3105 for IP 10.30.4.91: no connection to modbus server
[2025-03-01T08:30:00.209Z] Error reading actual data: no connection to modbus server
[2025-03-01T08:30:00.440Z] Error writing to Modbus register: no connection to modbus server
[2025-03-01T08:30:00.458Z] Error reading register 3105 for IP 10.30.4.91: no connection to modbus server
[2025-03-01T08:30:00.458Z] ❌ Error reading register 1000 for IP 10.30.4.91: no connection to modbus server
[2025-03-01T08:30:00.458Z] Error reading actual data: no connection to modbus server
[2025-03-01T08:30:00.458Z] Error writing to Modbus register: no connection to modbus server
[2025-03-01T08:30:00.507Z] Error reading register 3105 for IP 10.30.4.91: no connection to modbus server
[2025-03-01T08:30:00.508Z] ❌ Error reading register 1000 for IP 10.30.4.91: no connection to modbus server
[2025-03-01T08:30:00.508Z] Error reading actual data: no connection to modbus server
[2025-03-01T08:30:00.526Z] Error writing to Modbus register: no connection to modbus server
[2025-03-01T08:30:00.527Z] Error reading register 3105 for IP 10.30.4.91: no connection to modbus server
[2025-03-01T08:30:00.527Z] ❌ Error reading register 1000 for IP 10.30.4.91: no connection to modbus server
[2025-03-01T08:30:00.527Z] Error reading actual data: no connection to modbus server
[2025-03-01T08:30:00.528Z] Error writing to Modbus register: no connection to modbus server
[2025-03-01T08:30:01.043Z] ❌ Error reading register 1000 for IP 10.30.4.91: no connection to modbus server
[2025-03-01T08:30:01.043Z] Error reading register 3105 for IP 10.30.4.91: no connection to modbus server
[2025-03-01T08:30:01.043Z] Error reading actual data: no connection to modbus server
[2025-03-01T08:30:01.200Z] Error writing to Modbus register: no connection to modbus server
[2025-03-01T08:30:01.208Z] ❌ Error reading register 1000 for IP 10.30.4.91: no connection to modbus server
[2025-03-01T08:30:01.208Z] Error reading register 3105 for IP 10.30.4.91: no connection to modbus server
[2025-03-01T08:30:01.208Z] Error reading actual data: no connection to modbus server
[2025-03-01T08:30:01.208Z] Error writing to Modbus register: no connection to modbus server
[2025-03-01T08:30:01.209Z] Error reading register 3105 for IP 10.30.4.91: no connection to modbus server
[2025-03-01T08:30:01.210Z] ❌ Error reading register 1000 for IP 10.30.4.91: no connection to modbus server
[2025-03-01T08:30:01.210Z] Error reading actual data: no connection to modbus server
[2025-03-01T08:30:01.443Z] Error writing to Modbus register: no connection to modbus server
[2025-03-01T08:30:01.458Z] ❌ Error reading register 1000 for IP 10.30.4.91: no connection to modbus server
[2025-03-01T08:30:01.458Z] Error reading register 3105 for IP 10.30.4.91: no connection to modbus server
[2025-03-01T08:30:01.458Z] Error reading actual data: no connection to modbus server
[2025-03-01T08:30:01.458Z] Error writing to Modbus register: no connection to modbus server
[2025-03-01T08:30:01.509Z] Error reading register 3105 for IP 10.30.4.91: no connection to modbus server
[2025-03-01T08:30:01.509Z] ❌ Error reading register 1000 for IP 10.30.4.91: no connection to modbus server
[2025-03-01T08:30:01.509Z] Error reading actual data: no connection to modbus server
[2025-03-01T08:30:01.539Z] Error reading register 3105 for IP 10.30.4.91: no connection to modbus server
[2025-03-01T08:30:01.539Z] ❌ Error reading register 1000 for IP 10.30.4.91: no connection to modbus server
[2025-03-01T08:30:01.539Z] Error reading actual data: no connection to modbus server
[2025-03-01T08:30:01.539Z] Error writing to Modbus register: no connection to modbus server
[2025-03-01T08:30:01.538Z] Error writing to Modbus register: no connection to modbus server
[2025-03-01T08:30:02.056Z] Error reading register 3105 for IP 10.30.4.91: no connection to modbus server
[2025-03-01T08:30:02.056Z] ❌ Error reading register 1000 for IP 10.30.4.91: no connection to modbus server
[2025-03-01T08:30:02.057Z] Error reading actual data: no connection to modbus server
[2025-03-01T08:30:02.202Z] Error writing to Modbus register: no connection to modbus server
[2025-03-01T08:30:02.208Z] Error reading register 3105 for IP 10.30.4.91: no connection to modbus server
[2025-03-01T08:30:02.208Z] ❌ Error reading register 1000 for IP 10.30.4.91: no connection to modbus server
[2025-03-01T08:30:02.208Z] Error reading actual data: no connection to modbus server
[2025-03-01T08:30:02.208Z] Error writing to Modbus register: no connection to modbus server
[2025-03-01T08:30:02.223Z] Error reading register 3105 for IP 10.30.4.91: no connection to modbus server
[2025-03-01T08:30:02.223Z] ❌ Error reading register 1000 for IP 10.30.4.91: no connection to modbus server
[2025-03-01T08:30:02.223Z] Error reading actual data: no connection to modbus server
[2025-03-01T08:30:02.456Z] Error writing to Modbus register: no connection to modbus server
[2025-03-01T08:30:02.458Z] Error reading register 3105 for IP 10.30.4.91: no connection to modbus server
[2025-03-01T08:30:02.458Z] ❌ Error reading register 1000 for IP 10.30.4.91: no connection to modbus server
[2025-03-01T08:30:02.458Z] Error reading actual data: no connection to modbus server
[2025-03-01T08:30:02.458Z] Error writing to Modbus register: no connection to modbus server
[2025-03-01T08:30:02.523Z] ❌ Error reading register 1000 for IP 10.30.4.91: no connection to modbus server
[2025-03-01T08:30:02.523Z] Error reading register 3105 for IP 10.30.4.91: no connection to modbus server
[2025-03-01T08:30:02.523Z] Error reading actual data: no connection to modbus server
[2025-03-01T08:30:02.541Z] Error reading register 3105 for IP 10.30.4.91: no connection to modbus server
[2025-03-01T08:30:02.541Z] ❌ Error reading register 1000 for IP 10.30.4.91: no connection to modbus server
[2025-03-01T08:30:02.541Z] Error writing to Modbus register: no connection to modbus server
[2025-03-01T08:30:02.542Z] Error writing to Modbus register: no connection to modbus server
[2025-03-01T08:30:02.542Z] Error reading actual data: no connection to modbus server
[2025-03-01T08:30:03.058Z] Error reading register 3105 for IP 10.30.4.91: no connection to modbus server
[2025-03-01T08:30:03.058Z] ❌ Error reading register 1000 for IP 10.30.4.91: no connection to modbus server
[2025-03-01T08:30:03.058Z] Error reading actual data: no connection to modbus server
[2025-03-01T08:30:03.207Z] Error writing to Modbus register: no connection to modbus server
[2025-03-01T08:30:03.208Z] Error reading register 3105 for IP 10.30.4.91: no connection to modbus server
[2025-03-01T08:30:03.208Z] ❌ Error reading register 1000 for IP 10.30.4.91: no connection to modbus server
[2025-03-01T08:30:03.208Z] Error reading actual data: no connection to modbus server
[2025-03-01T08:30:03.208Z] Error writing to Modbus register: no connection to modbus server
[2025-03-01T08:30:03.223Z] Error reading register 3105 for IP 10.30.4.91: no connection to modbus server
[2025-03-01T08:30:03.223Z] ❌ Error reading register 1000 for IP 10.30.4.91: no connection to modbus server
[2025-03-01T08:30:03.223Z] Error reading actual data: no connection to modbus server
[2025-03-01T08:30:03.456Z] Error writing to Modbus register: no connection to modbus server
[2025-03-01T08:30:03.457Z] Error reading register 3105 for IP 10.30.4.91: no connection to modbus server
[2025-03-01T08:30:03.458Z] ❌ Error reading register 1000 for IP 10.30.4.91: no connection to modbus server
[2025-03-01T08:30:03.458Z] Error reading actual data: no connection to modbus server
[2025-03-01T08:30:03.458Z] Error writing to Modbus register: no connection to modbus server
[2025-03-01T08:30:03.524Z] Error reading register 3105 for IP 10.30.4.91: no connection to modbus server
[2025-03-01T08:30:03.525Z] ❌ Error reading register 1000 for IP 10.30.4.91: no connection to modbus server
[2025-03-01T08:30:03.525Z] Error reading actual data: no connection to modbus server
[2025-03-01T08:30:03.541Z] Error writing to Modbus register: no connection to modbus server
[2025-03-01T08:30:03.542Z] Error reading register 3105 for IP 10.30.4.91: no connection to modbus server
[2025-03-01T08:30:03.542Z] ❌ Error reading register 1000 for IP 10.30.4.91: no connection to modbus server
[2025-03-01T08:30:03.542Z] Error reading actual data: no connection to modbus server
[2025-03-01T08:30:03.542Z] Error writing to Modbus register: no connection to modbus server
[2025-03-01T08:30:04.076Z] ❌ Error reading register 1000 for IP 10.30.4.91: no connection to modbus server
[2025-03-01T08:30:04.076Z] Error reading actual data: no connection to modbus server
[2025-03-01T08:30:04.076Z] Error reading register 3105 for IP 10.30.4.91: no connection to modbus server
[2025-03-01T08:30:04.220Z] Error writing to Modbus register: no connection to modbus server
[2025-03-01T08:30:04.220Z] Error reading register 3105 for IP 10.30.4.91: no connection to modbus server
[2025-03-01T08:30:04.221Z] ❌ Error reading register 1000 for IP 10.30.4.91: no connection to modbus server
[2025-03-01T08:30:04.221Z] Error reading actual data: no connection to modbus server
[2025-03-01T08:30:04.221Z] Error writing to Modbus register: no connection to modbus server
[2025-03-01T08:30:04.224Z] Error reading register 3105 for IP 10.30.4.91: no connection to modbus server
[2025-03-01T08:30:04.224Z] ❌ Error reading register 1000 for IP 10.30.4.91: no connection to modbus server
[2025-03-01T08:30:04.225Z] Error reading actual data: no connection to modbus server
[2025-03-01T08:30:04.457Z] Error writing to Modbus register: no connection to modbus server
[2025-03-01T08:30:04.458Z] Error reading register 3105 for IP 10.30.4.91: no connection to modbus server
[2025-03-01T08:30:04.458Z] ❌ Error reading register 1000 for IP 10.30.4.91: no connection to modbus server
[2025-03-01T08:30:04.458Z] Error reading actual data: no connection to modbus server
[2025-03-01T08:30:04.459Z] Error writing to Modbus register: no connection to modbus server
[2025-03-01T08:30:04.531Z] Error reading register 3105 for IP 10.30.4.91: no connection to modbus server
[2025-03-01T08:30:04.531Z] ❌ Error reading register 1000 for IP 10.30.4.91: no connection to modbus server
[2025-03-01T08:30:04.531Z] Error reading actual data: no connection to modbus server
[2025-03-01T08:30:04.542Z] Error writing to Modbus register: no connection to modbus server
[2025-03-01T08:30:04.542Z] Error reading register 3105 for IP 10.30.4.91: no connection to modbus server
[2025-03-01T08:30:04.542Z] ❌ Error reading register 1000 for IP 10.30.4.91: no connection to modbus server
[2025-03-01T08:30:04.542Z] Error reading actual data: no connection to modbus server
[2025-03-01T08:30:04.543Z] Error writing to Modbus register: no connection to modbus server
[2025-03-01T08:30:05.082Z] Error reading register 3105 for IP 10.30.4.91: no connection to modbus server
[2025-03-01T08:30:05.082Z] ❌ Error reading register 1000 for IP 10.30.4.91: no connection to modbus server
[2025-03-01T08:30:05.083Z] Error reading actual data: no connection to modbus server
[2025-03-01T08:30:05.221Z] Error writing to Modbus register: no connection to modbus server
[2025-03-01T08:30:05.221Z] Error reading register 3105 for IP 10.30.4.91: no connection to modbus server
[2025-03-01T08:30:05.221Z] ❌ Error reading register 1000 for IP 10.30.4.91: no connection to modbus server
[2025-03-01T08:30:05.221Z] Error reading actual data: no connection to modbus server
[2025-03-01T08:30:05.222Z] Error writing to Modbus register: no connection to modbus server
[2025-03-01T08:30:05.236Z] Error reading register 3105 for IP 10.30.4.91: no connection to modbus server
[2025-03-01T08:30:05.236Z] ❌ Error reading register 1000 for IP 10.30.4.91: no connection to modbus server
[2025-03-01T08:30:05.236Z] Error reading actual data: no connection to modbus server
[2025-03-01T08:30:05.461Z] Error writing to Modbus register: no connection to modbus server
[2025-03-01T08:30:05.461Z] Error reading register 3105 for IP 10.30.4.91: no connection to modbus server
[2025-03-01T08:30:05.462Z] ❌ Error reading register 1000 for IP 10.30.4.91: no connection to modbus server
[2025-03-01T08:30:05.462Z] Error reading actual data: no connection to modbus server
[2025-03-01T08:30:05.462Z] Error writing to Modbus register: no connection to modbus server
[2025-03-01T08:30:05.537Z] Error reading register 3105 for IP 10.30.4.91: no connection to modbus server
[2025-03-01T08:30:05.537Z] ❌ Error reading register 1000 for IP 10.30.4.91: no connection to modbus server
[2025-03-01T08:30:05.537Z] Error reading actual data: no connection to modbus server
[2025-03-01T08:30:05.542Z] Error writing to Modbus register: no connection to modbus server
[2025-03-01T08:30:05.543Z] Error reading register 3105 for IP 10.30.4.91: no connection to modbus server
[2025-03-01T08:30:05.543Z] ❌ Error reading register 1000 for IP 10.30.4.91: no connection to modbus server
[2025-03-01T08:30:05.543Z] Error reading actual data: no connection to modbus server
[2025-03-01T08:30:05.544Z] Error writing to Modbus register: no connection to modbus server
[2025-03-01T08:30:06.095Z] Error reading register 3105 for IP 10.30.4.91: no connection to modbus server
[2025-03-01T08:30:06.095Z] ❌ Error reading register 1000 for IP 10.30.4.91: no connection to modbus server
[2025-03-01T08:30:06.095Z] Error reading actual data: no connection to modbus server
[2025-03-01T08:30:06.223Z] Error writing to Modbus register: no connection to modbus server
[2025-03-01T08:30:06.224Z] Error reading register 3105 for IP 10.30.4.91: no connection to modbus server
[2025-03-01T08:30:06.224Z] ❌ Error reading register 1000 for IP 10.30.4.91: no connection to modbus server
[2025-03-01T08:30:06.224Z] Error reading actual data: no connection to modbus server
[2025-03-01T08:30:06.225Z] Error writing to Modbus register: no connection to modbus server
[2025-03-01T08:30:06.238Z] Error reading register 3105 for IP 10.30.4.91: no connection to modbus server
[2025-03-01T08:30:06.238Z] ❌ Error reading register 1000 for IP 10.30.4.91: no connection to modbus server
[2025-03-01T08:30:06.238Z] Error reading actual data: no connection to modbus server
[2025-03-01T08:30:06.473Z] Error writing to Modbus register: no connection to modbus server
[2025-03-01T08:30:06.473Z] Error reading register 3105 for IP 10.30.4.91: no connection to modbus server
[2025-03-01T08:30:06.473Z] ❌ Error reading register 1000 for IP 10.30.4.91: no connection to modbus server
[2025-03-01T08:30:06.473Z] Error reading actual data: no connection to modbus server
[2025-03-01T08:30:06.474Z] Error writing to Modbus register: no connection to modbus server
[2025-03-01T08:30:06.538Z] Error reading register 3105 for IP 10.30.4.91: no connection to modbus server
[2025-03-01T08:30:06.538Z] ❌ Error reading register 1000 for IP 10.30.4.91: no connection to modbus server
[2025-03-01T08:30:06.539Z] Error reading actual data: no connection to modbus server
[2025-03-01T08:30:06.559Z] Error reading register 3105 for IP 10.30.4.91: no connection to modbus server
[2025-03-01T08:30:06.560Z] ❌ Error reading register 1000 for IP 10.30.4.91: no connection to modbus server
[2025-03-01T08:30:06.560Z] Error reading actual data: no connection to modbus server
[2025-03-01T08:30:06.558Z] Error writing to Modbus register: no connection to modbus server
[2025-03-01T08:30:06.560Z] Error writing to Modbus register: no connection to modbus server
[2025-03-01T08:30:07.107Z] Error reading register 3105 for IP 10.30.4.91: no connection to modbus server
[2025-03-01T08:30:07.107Z] ❌ Error reading register 1000 for IP 10.30.4.91: no connection to modbus server
[2025-03-01T08:30:07.108Z] Error reading actual data: no connection to modbus server
[2025-03-01T08:30:07.236Z] Error writing to Modbus register: no connection to modbus server
[2025-03-01T08:30:07.237Z] Error reading register 3105 for IP 10.30.4.91: no connection to modbus server
[2025-03-01T08:30:07.237Z] ❌ Error reading register 1000 for IP 10.30.4.91: no connection to modbus server
[2025-03-01T08:30:07.237Z] Error reading actual data: no connection to modbus server
[2025-03-01T08:30:07.237Z] Error writing to Modbus register: no connection to modbus server
[2025-03-01T08:30:07.238Z] Error reading register 3105 for IP 10.30.4.91: no connection to modbus server
[2025-03-01T08:30:07.238Z] ❌ Error reading register 1000 for IP 10.30.4.91: no connection to modbus server
[2025-03-01T08:30:07.238Z] Error reading actual data: no connection to modbus server
[2025-03-01T08:30:07.474Z] Error writing to Modbus register: no connection to modbus server
[2025-03-01T08:30:07.475Z] Error reading register 3105 for IP 10.30.4.91: no connection to modbus server
[2025-03-01T08:30:07.475Z] ❌ Error reading register 1000 for IP 10.30.4.91: no connection to modbus server
[2025-03-01T08:30:07.475Z] Error reading actual data: no connection to modbus server
[2025-03-01T08:30:07.475Z] Error writing to Modbus register: no connection to modbus server
[2025-03-01T08:30:07.540Z] Error reading register 3105 for IP 10.30.4.91: no connection to modbus server
[2025-03-01T08:30:07.540Z] ❌ Error reading register 1000 for IP 10.30.4.91: no connection to modbus server
[2025-03-01T08:30:07.540Z] Error reading actual data: no connection to modbus server
[2025-03-01T08:30:07.569Z] Error writing to Modbus register: no connection to modbus server
[2025-03-01T08:30:07.569Z] Error reading register 3105 for IP 10.30.4.91: no connection to modbus server
[2025-03-01T08:30:07.569Z] ❌ Error reading register 1000 for IP 10.30.4.91: no connection to modbus server
[2025-03-01T08:30:07.569Z] Error reading actual data: no connection to modbus server
[2025-03-01T08:30:07.569Z] Error writing to Modbus register: no connection to modbus server
[2025-03-01T08:30:08.110Z] Error reading register 3105 for IP 10.30.4.91: no connection to modbus server
[2025-03-01T08:30:08.110Z] ❌ Error reading register 1000 for IP 10.30.4.91: no connection to modbus server
[2025-03-01T08:30:08.110Z] Error reading actual data: no connection to modbus server
[2025-03-01T08:30:08.237Z] Error writing to Modbus register: no connection to modbus server
[2025-03-01T08:30:08.238Z] Error reading register 3105 for IP 10.30.4.91: no connection to modbus server
[2025-03-01T08:30:08.238Z] ❌ Error reading register 1000 for IP 10.30.4.91: no connection to modbus server
[2025-03-01T08:30:08.238Z] Error reading actual data: no connection to modbus server
[2025-03-01T08:30:08.238Z] Error writing to Modbus register: no connection to modbus server
[2025-03-01T08:30:08.239Z] ❌ Error reading register 1000 for IP 10.30.4.91: no connection to modbus server
[2025-03-01T08:30:08.239Z] Error reading register 3105 for IP 10.30.4.91: no connection to modbus server
[2025-03-01T08:30:08.239Z] Error reading actual data: no connection to modbus server
[2025-03-01T08:30:08.484Z] Error writing to Modbus register: no connection to modbus server
[2025-03-01T08:30:08.486Z] Error reading register 3105 for IP 10.30.4.91: no connection to modbus server
[2025-03-01T08:30:08.487Z] ❌ Error reading register 1000 for IP 10.30.4.91: no connection to modbus server
[2025-03-01T08:30:08.487Z] Error reading actual data: no connection to modbus server
[2025-03-01T08:30:08.488Z] Error writing to Modbus register: no connection to modbus server
[2025-03-01T08:30:08.543Z] Error reading register 3105 for IP 10.30.4.91: no connection to modbus server
[2025-03-01T08:30:08.543Z] ❌ Error reading register 1000 for IP 10.30.4.91: no connection to modbus server
[2025-03-01T08:30:08.543Z] Error reading actual data: no connection to modbus server
[2025-03-01T08:30:08.571Z] ❌ Error reading register 1000 for IP 10.30.4.91: no connection to modbus server
[2025-03-01T08:30:08.571Z] Error reading register 3105 for IP 10.30.4.91: no connection to modbus server
[2025-03-01T08:30:08.571Z] Error writing to Modbus register: no connection to modbus server
[2025-03-01T08:30:08.570Z] Error writing to Modbus register: no connection to modbus server
[2025-03-01T08:30:08.571Z] Error reading actual data: no connection to modbus server
[2025-03-01T08:30:09.109Z] Error reading register 3105 for IP 10.30.4.91: no connection to modbus server
[2025-03-01T08:30:09.109Z] ❌ Error reading register 1000 for IP 10.30.4.91: no connection to modbus server
[2025-03-01T08:30:09.109Z] Error reading actual data: no connection to modbus server
[2025-03-01T08:30:09.241Z] Error writing to Modbus register: no connection to modbus server
[2025-03-01T08:30:09.242Z] Error reading register 3105 for IP 10.30.4.91: no connection to modbus server
[2025-03-01T08:30:09.242Z] ❌ Error reading register 1000 for IP 10.30.4.91: no connection to modbus server
[2025-03-01T08:30:09.243Z] Error reading actual data: no connection to modbus server
[2025-03-01T08:30:09.243Z] Error writing to Modbus register: no connection to modbus server
[2025-03-01T08:30:09.243Z] Error reading register 3105 for IP 10.30.4.91: no connection to modbus server
[2025-03-01T08:30:09.243Z] ❌ Error reading register 1000 for IP 10.30.4.91: no connection to modbus server
[2025-03-01T08:30:09.243Z] Error reading actual data: no connection to modbus server
[2025-03-01T08:30:09.492Z] Error writing to Modbus register: no connection to modbus server
[2025-03-01T08:30:09.494Z] Error reading register 3105 for IP 10.30.4.91: no connection to modbus server
[2025-03-01T08:30:09.494Z] ❌ Error reading register 1000 for IP 10.30.4.91: no connection to modbus server
[2025-03-01T08:30:09.495Z] Error reading actual data: no connection to modbus server
[2025-03-01T08:30:09.496Z] Error writing to Modbus register: no connection to modbus server
[2025-03-01T08:30:09.543Z] Error reading register 3105 for IP 10.30.4.91: no connection to modbus server
[2025-03-01T08:30:09.544Z] ❌ Error reading register 1000 for IP 10.30.4.91: no connection to modbus server
[2025-03-01T08:30:09.544Z] Error reading actual data: no connection to modbus server
[2025-03-01T08:30:09.573Z] Error reading register 3105 for IP 10.30.4.91: no connection to modbus server
[2025-03-01T08:30:09.573Z] Error writing to Modbus register: no connection to modbus server
[2025-03-01T08:30:09.573Z] ❌ Error reading register 1000 for IP 10.30.4.91: no connection to modbus server
[2025-03-01T08:30:09.573Z] Error reading actual data: no connection to modbus server
[2025-03-01T08:30:09.574Z] Error writing to Modbus register: no connection to modbus server
[2025-03-01T08:30:10.122Z] Error reading register 3105 for IP 10.30.4.91: no connection to modbus server
[2025-03-01T08:30:10.123Z] ❌ Error reading register 1000 for IP 10.30.4.91: no connection to modbus server
[2025-03-01T08:30:10.123Z] Error reading actual data: no connection to modbus server
[2025-03-01T08:30:10.244Z] Error writing to Modbus register: no connection to modbus server
[2025-03-01T08:30:10.245Z] Error reading register 3105 for IP 10.30.4.91: no connection to modbus server
[2025-03-01T08:30:10.245Z] ❌ Error reading register 1000 for IP 10.30.4.91: no connection to modbus server
[2025-03-01T08:30:10.245Z] Error reading actual data: no connection to modbus server
[2025-03-01T08:30:10.246Z] Error writing to Modbus register: no connection to modbus server
[2025-03-01T08:30:10.246Z] Error reading register 3105 for IP 10.30.4.91: no connection to modbus server
[2025-03-01T08:30:10.246Z] ❌ Error reading register 1000 for IP 10.30.4.91: no connection to modbus server
[2025-03-01T08:30:10.246Z] Error reading actual data: no connection to modbus server
[2025-03-01T08:30:10.503Z] Error reading register 3105 for IP 10.30.4.91: no connection to modbus server
[2025-03-01T08:30:10.504Z] ❌ Error reading register 1000 for IP 10.30.4.91: no connection to modbus server
[2025-03-01T08:30:10.502Z] Error writing to Modbus register: no connection to modbus server
[2025-03-01T08:30:10.504Z] Error reading actual data: no connection to modbus server
[2025-03-01T08:30:10.505Z] Error writing to Modbus register: no connection to modbus server
[2025-03-01T08:30:10.543Z] ❌ Error reading register 1000 for IP 10.30.4.91: no connection to modbus server
[2025-03-01T08:30:10.543Z] Error reading actual data: no connection to modbus server
[2025-03-01T08:30:10.543Z] Error reading register 3105 for IP 10.30.4.91: no connection to modbus server
[2025-03-01T08:30:10.578Z] Error writing to Modbus register: no connection to modbus server
[2025-03-01T08:30:10.578Z] Error reading register 3105 for IP 10.30.4.91: no connection to modbus server
[2025-03-01T08:30:10.578Z] ❌ Error reading register 1000 for IP 10.30.4.91: no connection to modbus server
[2025-03-01T08:30:10.579Z] Error reading actual data: no connection to modbus server
[2025-03-01T08:30:10.579Z] Error writing to Modbus register: no connection to modbus server
[2025-03-01T08:30:11.125Z] Error reading register 3105 for IP 10.30.4.91: no connection to modbus server
[2025-03-01T08:30:11.125Z] ❌ Error reading register 1000 for IP 10.30.4.91: no connection to modbus server
[2025-03-01T08:30:11.126Z] Error reading actual data: no connection to modbus server
[2025-03-01T08:30:11.257Z] Error writing to Modbus register: no connection to modbus server
[2025-03-01T08:30:11.257Z] Error reading register 3105 for IP 10.30.4.91: no connection to modbus server
[2025-03-01T08:30:11.257Z] ❌ Error reading register 1000 for IP 10.30.4.91: no connection to modbus server
[2025-03-01T08:30:11.257Z] Error reading actual data: no connection to modbus server
[2025-03-01T08:30:11.258Z] Error writing to Modbus register: no connection to modbus server
[2025-03-01T08:30:11.258Z] Error reading register 3105 for IP 10.30.4.91: no connection to modbus server
[2025-03-01T08:30:11.258Z] ❌ Error reading register 1000 for IP 10.30.4.91: no connection to modbus server
[2025-03-01T08:30:11.258Z] Error reading actual data: no connection to modbus server
[2025-03-01T08:30:11.508Z] Error writing to Modbus register: no connection to modbus server
[2025-03-01T08:30:11.509Z] ❌ Error reading register 1000 for IP 10.30.4.91: no connection to modbus server
[2025-03-01T08:30:11.509Z] Error reading register 3105 for IP 10.30.4.91: no connection to modbus server
[2025-03-01T08:30:11.509Z] Error reading actual data: no connection to modbus server
[2025-03-01T08:30:11.509Z] Error writing to Modbus register: no connection to modbus server
[2025-03-01T08:30:11.555Z] Error reading register 3105 for IP 10.30.4.91: no connection to modbus server
[2025-03-01T08:30:11.556Z] ❌ Error reading register 1000 for IP 10.30.4.91: no connection to modbus server
[2025-03-01T08:30:11.556Z] Error reading actual data: no connection to modbus server
[2025-03-01T08:30:11.579Z] Error writing to Modbus register: no connection to modbus server
[2025-03-01T08:30:11.579Z] Error reading register 3105 for IP 10.30.4.91: no connection to modbus server
[2025-03-01T08:30:11.579Z] ❌ Error reading register 1000 for IP 10.30.4.91: no connection to modbus server
[2025-03-01T08:30:11.580Z] Error writing to Modbus register: no connection to modbus server
[2025-03-01T08:30:11.579Z] Error reading actual data: no connection to modbus server
[2025-03-01T08:30:12.128Z] Error reading register 3105 for IP 10.30.4.91: no connection to modbus server
[2025-03-01T08:30:12.129Z] ❌ Error reading register 1000 for IP 10.30.4.91: no connection to modbus server
[2025-03-01T08:30:12.129Z] Error reading actual data: no connection to modbus server
[2025-03-01T08:30:12.270Z] Error writing to Modbus register: no connection to modbus server
[2025-03-01T08:30:12.271Z] Error reading register 3105 for IP 10.30.4.91: no connection to modbus server
[2025-03-01T08:30:12.271Z] ❌ Error reading register 1000 for IP 10.30.4.91: no connection to modbus server
[2025-03-01T08:30:12.271Z] Error reading register 3105 for IP 10.30.4.91: no connection to modbus server
[2025-03-01T08:30:12.271Z] Error reading actual data: no connection to modbus server
[2025-03-01T08:30:12.271Z] ❌ Error reading register 1000 for IP 10.30.4.91: no connection to modbus server
[2025-03-01T08:30:12.272Z] Error reading actual data: no connection to modbus server
[2025-03-01T08:30:12.271Z] Error writing to Modbus register: no connection to modbus server
[2025-03-01T08:30:12.514Z] Error writing to Modbus register: no connection to modbus server
[2025-03-01T08:30:12.514Z] ❌ Error reading register 1000 for IP 10.30.4.91: no connection to modbus server
[2025-03-01T08:30:12.514Z] Error reading actual data: no connection to modbus server
[2025-03-01T08:30:12.514Z] Error reading register 3105 for IP 10.30.4.91: no connection to modbus server
[2025-03-01T08:30:12.515Z] Error writing to Modbus register: no connection to modbus server
[2025-03-01T08:30:12.561Z] Error reading register 3105 for IP 10.30.4.91: no connection to modbus server
[2025-03-01T08:30:12.561Z] ❌ Error reading register 1000 for IP 10.30.4.91: no connection to modbus server
[2025-03-01T08:30:12.561Z] Error reading actual data: no connection to modbus server
[2025-03-01T08:30:12.591Z] Error writing to Modbus register: no connection to modbus server
[2025-03-01T08:30:12.592Z] Error reading register 3105 for IP 10.30.4.91: no connection to modbus server
[2025-03-01T08:30:12.592Z] Error reading actual data: no connection to modbus server
[2025-03-01T08:30:12.592Z] ❌ Error reading register 1000 for IP 10.30.4.91: no connection to modbus server
[2025-03-01T08:30:12.592Z] Error writing to Modbus register: no connection to modbus server
[2025-03-01T08:30:13.129Z] ❌ Error reading register 1000 for IP 10.30.4.91: no connection to modbus server
[2025-03-01T08:30:13.129Z] Error reading actual data: no connection to modbus server
[2025-03-01T08:30:13.129Z] Error reading register 3105 for IP 10.30.4.91: no connection to modbus server
[2025-03-01T08:30:13.292Z] Error writing to Modbus register: no connection to modbus server
[2025-03-01T08:30:13.294Z] ❌ Error reading register 1000 for IP 10.30.4.91: no connection to modbus server
[2025-03-01T08:30:13.293Z] Error reading register 3105 for IP 10.30.4.91: no connection to modbus server
[2025-03-01T08:30:13.294Z] Error reading actual data: no connection to modbus server
[2025-03-01T08:30:13.295Z] Error writing to Modbus register: no connection to modbus server
[2025-03-01T08:30:13.296Z] Error reading register 3105 for IP 10.30.4.91: no connection to modbus server
[2025-03-01T08:30:13.296Z] ❌ Error reading register 1000 for IP 10.30.4.91: no connection to modbus server
[2025-03-01T08:30:13.296Z] Error reading actual data: no connection to modbus server
[2025-03-01T08:30:13.524Z] Error writing to Modbus register: no connection to modbus server
[2025-03-01T08:30:13.526Z] Error reading register 3105 for IP 10.30.4.91: no connection to modbus server
[2025-03-01T08:30:13.526Z] ❌ Error reading register 1000 for IP 10.30.4.91: no connection to modbus server
[2025-03-01T08:30:13.527Z] Error reading actual data: no connection to modbus server
[2025-03-01T08:30:13.528Z] Error writing to Modbus register: no connection to modbus server
[2025-03-01T08:30:13.574Z] Error reading register 3105 for IP 10.30.4.91: no connection to modbus server
[2025-03-01T08:30:13.574Z] ❌ Error reading register 1000 for IP 10.30.4.91: no connection to modbus server
[2025-03-01T08:30:13.575Z] Error reading actual data: no connection to modbus server
[2025-03-01T08:30:13.599Z] ❌ Error reading register 1000 for IP 10.30.4.91: no connection to modbus server
[2025-03-01T08:30:13.599Z] Error reading register 3105 for IP 10.30.4.91: no connection to modbus server
[2025-03-01T08:30:13.600Z] Error reading actual data: no connection to modbus server
[2025-03-01T08:30:13.600Z] Error writing to Modbus register: no connection to modbus server
[2025-03-01T08:30:13.599Z] Error writing to Modbus register: no connection to modbus server
[2025-03-01T08:30:14.137Z] Error reading register 3105 for IP 10.30.4.91: no connection to modbus server
[2025-03-01T08:30:14.138Z] ❌ Error reading register 1000 for IP 10.30.4.91: no connection to modbus server
[2025-03-01T08:30:14.138Z] Error reading actual data: no connection to modbus server
[2025-03-01T08:30:14.307Z] Error writing to Modbus register: no connection to modbus server
[2025-03-01T08:30:14.308Z] Error reading register 3105 for IP 10.30.4.91: no connection to modbus server
[2025-03-01T08:30:14.309Z] ❌ Error reading register 1000 for IP 10.30.4.91: no connection to modbus server
[2025-03-01T08:30:14.309Z] Error reading actual data: no connection to modbus server
[2025-03-01T08:30:14.310Z] Error writing to Modbus register: no connection to modbus server
[2025-03-01T08:30:14.311Z] Error reading register 3105 for IP 10.30.4.91: no connection to modbus server
[2025-03-01T08:30:14.312Z] ❌ Error reading register 1000 for IP 10.30.4.91: no connection to modbus server
[2025-03-01T08:30:14.312Z] Error reading actual data: no connection to modbus server
[2025-03-01T08:30:14.526Z] Error writing to Modbus register: no connection to modbus server
[2025-03-01T08:30:14.528Z] Error reading register 3105 for IP 10.30.4.91: no connection to modbus server
[2025-03-01T08:30:14.528Z] ❌ Error reading register 1000 for IP 10.30.4.91: no connection to modbus server
[2025-03-01T08:30:14.529Z] Error reading actual data: no connection to modbus server
[2025-03-01T08:30:14.530Z] Error writing to Modbus register: no connection to modbus server
[2025-03-01T08:30:14.573Z] Error reading register 3105 for IP 10.30.4.91: no connection to modbus server
[2025-03-01T08:30:14.574Z] ❌ Error reading register 1000 for IP 10.30.4.91: no connection to modbus server
[2025-03-01T08:30:14.574Z] Error reading actual data: no connection to modbus server
[2025-03-01T08:30:14.604Z] Error writing to Modbus register: no connection to modbus server
[2025-03-01T08:30:14.605Z] Error reading register 3105 for IP 10.30.4.91: no connection to modbus server
[2025-03-01T08:30:14.605Z] ❌ Error reading register 1000 for IP 10.30.4.91: no connection to modbus server
[2025-03-01T08:30:14.605Z] Error writing to Modbus register: no connection to modbus server
[2025-03-01T08:30:14.605Z] Error reading actual data: no connection to modbus server
[2025-03-01T08:30:15.146Z] Error reading register 3105 for IP 10.30.4.91: no connection to modbus server
[2025-03-01T08:30:15.147Z] ❌ Error reading register 1000 for IP 10.30.4.91: no connection to modbus server
[2025-03-01T08:30:15.147Z] Error reading actual data: no connection to modbus server
[2025-03-01T08:30:15.306Z] Error writing to Modbus register: no connection to modbus server
[2025-03-01T08:30:15.307Z] Error reading register 3105 for IP 10.30.4.91: no connection to modbus server
[2025-03-01T08:30:15.308Z] ❌ Error reading register 1000 for IP 10.30.4.91: no connection to modbus server
[2025-03-01T08:30:15.308Z] Error reading actual data: no connection to modbus server
[2025-03-01T08:30:15.322Z] Error writing to Modbus register: no connection to modbus server
[2025-03-01T08:30:15.323Z] Error reading register 3105 for IP 10.30.4.91: no connection to modbus server
[2025-03-01T08:30:15.323Z] ❌ Error reading register 1000 for IP 10.30.4.91: no connection to modbus server
[2025-03-01T08:30:15.323Z] Error reading actual data: no connection to modbus server
[2025-03-01T08:30:15.537Z] Error writing to Modbus register: no connection to modbus server
[2025-03-01T08:30:15.539Z] Error reading register 3105 for IP 10.30.4.91: no connection to modbus server
[2025-03-01T08:30:15.539Z] ❌ Error reading register 1000 for IP 10.30.4.91: no connection to modbus server
[2025-03-01T08:30:15.540Z] Error reading actual data: no connection to modbus server
[2025-03-01T08:30:15.541Z] Error writing to Modbus register: no connection to modbus server
[2025-03-01T08:30:15.584Z] Error reading register 3105 for IP 10.30.4.91: no connection to modbus server
[2025-03-01T08:30:15.584Z] ❌ Error reading register 1000 for IP 10.30.4.91: no connection to modbus server
[2025-03-01T08:30:15.584Z] Error reading actual data: no connection to modbus server
[2025-03-01T08:30:15.615Z] Error writing to Modbus register: no connection to modbus server
[2025-03-01T08:30:15.616Z] Error reading register 3105 for IP 10.30.4.91: no connection to modbus server
[2025-03-01T08:30:15.616Z] ❌ Error reading register 1000 for IP 10.30.4.91: no connection to modbus server
[2025-03-01T08:30:15.616Z] Error writing to Modbus register: no connection to modbus server
[2025-03-01T08:30:15.616Z] Error reading actual data: no connection to modbus server
[2025-03-01T08:30:16.156Z] Error reading register 3105 for IP 10.30.4.91: no connection to modbus server
[2025-03-01T08:30:16.156Z] ❌ Error reading register 1000 for IP 10.30.4.91: no connection to modbus server
[2025-03-01T08:30:16.157Z] Error reading actual data: no connection to modbus server
[2025-03-01T08:30:16.322Z] Error writing to Modbus register: no connection to modbus server
[2025-03-01T08:30:16.322Z] Error reading register 3105 for IP 10.30.4.91: no connection to modbus server
[2025-03-01T08:30:16.323Z] ❌ Error reading register 1000 for IP 10.30.4.91: no connection to modbus server
[2025-03-01T08:30:16.323Z] Error reading actual data: no connection to modbus server
[2025-03-01T08:30:16.324Z] Error writing to Modbus register: no connection to modbus server
[2025-03-01T08:30:16.324Z] Error reading register 3105 for IP 10.30.4.91: no connection to modbus server
[2025-03-01T08:30:16.325Z] ❌ Error reading register 1000 for IP 10.30.4.91: no connection to modbus server
[2025-03-01T08:30:16.325Z] Error reading actual data: no connection to modbus server
[2025-03-01T08:30:16.537Z] Error writing to Modbus register: no connection to modbus server
[2025-03-01T08:30:16.539Z] Error reading register 3105 for IP 10.30.4.91: no connection to modbus server
[2025-03-01T08:30:16.539Z] ❌ Error reading register 1000 for IP 10.30.4.91: no connection to modbus server
[2025-03-01T08:30:16.540Z] Error reading actual data: no connection to modbus server
[2025-03-01T08:30:16.541Z] Error writing to Modbus register: no connection to modbus server
[2025-03-01T08:30:16.585Z] Error reading register 3105 for IP 10.30.4.91: no connection to modbus server
[2025-03-01T08:30:16.585Z] ❌ Error reading register 1000 for IP 10.30.4.91: no connection to modbus server
[2025-03-01T08:30:16.586Z] Error reading actual data: no connection to modbus server
[2025-03-01T08:30:16.615Z] Error writing to Modbus register: no connection to modbus server
[2025-03-01T08:30:16.615Z] Error reading register 3105 for IP 10.30.4.91: no connection to modbus server
[2025-03-01T08:30:16.616Z] ❌ Error reading register 1000 for IP 10.30.4.91: no connection to modbus server
[2025-03-01T08:30:16.616Z] Error reading actual data: no connection to modbus server
[2025-03-01T08:30:16.616Z] Error writing to Modbus register: no connection to modbus server
[2025-03-01T08:30:17.162Z] Error reading register 3105 for IP 10.30.4.91: no connection to modbus server
[2025-03-01T08:30:17.162Z] ❌ Error reading register 1000 for IP 10.30.4.91: no connection to modbus server
[2025-03-01T08:30:17.162Z] Error reading actual data: no connection to modbus server
[2025-03-01T08:30:17.342Z] Error writing to Modbus register: no connection to modbus server
[2025-03-01T08:30:17.343Z] Error reading register 3105 for IP 10.30.4.91: no connection to modbus server
[2025-03-01T08:30:17.344Z] ❌ Error reading register 1000 for IP 10.30.4.91: no connection to modbus server
[2025-03-01T08:30:17.345Z] Error writing to Modbus register: no connection to modbus server
[2025-03-01T08:30:17.346Z] Error reading register 3105 for IP 10.30.4.91: no connection to modbus server
[2025-03-01T08:30:17.344Z] Error reading actual data: no connection to modbus server
[2025-03-01T08:30:17.346Z] ❌ Error reading register 1000 for IP 10.30.4.91: no connection to modbus server
[2025-03-01T08:30:17.346Z] Error reading actual data: no connection to modbus server
[2025-03-01T08:30:17.548Z] Error writing to Modbus register: no connection to modbus server
[2025-03-01T08:30:17.550Z] Error reading register 3105 for IP 10.30.4.91: no connection to modbus server
[2025-03-01T08:30:17.550Z] ❌ Error reading register 1000 for IP 10.30.4.91: no connection to modbus server
[2025-03-01T08:30:17.551Z] Error reading actual data: no connection to modbus server
[2025-03-01T08:30:17.551Z] Error writing to Modbus register: no connection to modbus server
[2025-03-01T08:30:17.592Z] Error reading register 3105 for IP 10.30.4.91: no connection to modbus server
[2025-03-01T08:30:17.592Z] ❌ Error reading register 1000 for IP 10.30.4.91: no connection to modbus server
[2025-03-01T08:30:17.593Z] Error reading actual data: no connection to modbus server
[2025-03-01T08:30:17.622Z] Error writing to Modbus register: no connection to modbus server
[2025-03-01T08:30:17.622Z] Error reading register 3105 for IP 10.30.4.91: no connection to modbus server
[2025-03-01T08:30:17.622Z] ❌ Error reading register 1000 for IP 10.30.4.91: no connection to modbus server
[2025-03-01T08:30:17.622Z] Error reading actual data: no connection to modbus server
[2025-03-01T08:30:17.623Z] Error writing to Modbus register: no connection to modbus server
[2025-03-01T08:30:18.173Z] Error reading register 3105 for IP 10.30.4.91: no connection to modbus server
[2025-03-01T08:30:18.173Z] ❌ Error reading register 1000 for IP 10.30.4.91: no connection to modbus server
[2025-03-01T08:30:18.173Z] Error reading actual data: no connection to modbus server
[2025-03-01T08:30:18.357Z] Error writing to Modbus register: no connection to modbus server
[2025-03-01T08:30:18.359Z] Error reading register 3105 for IP 10.30.4.91: no connection to modbus server
[2025-03-01T08:30:18.360Z] ❌ Error reading register 1000 for IP 10.30.4.91: no connection to modbus server
[2025-03-01T08:30:18.360Z] Error reading actual data: no connection to modbus server
[2025-03-01T08:30:18.362Z] Error reading register 3105 for IP 10.30.4.91: no connection to modbus server
[2025-03-01T08:30:18.361Z] Error writing to Modbus register: no connection to modbus server
[2025-03-01T08:30:18.363Z] ❌ Error reading register 1000 for IP 10.30.4.91: no connection to modbus server
[2025-03-01T08:30:18.363Z] Error reading actual data: no connection to modbus server
[2025-03-01T08:30:18.555Z] Error writing to Modbus register: no connection to modbus server
[2025-03-01T08:30:18.557Z] Error reading register 3105 for IP 10.30.4.91: no connection to modbus server
[2025-03-01T08:30:18.558Z] ❌ Error reading register 1000 for IP 10.30.4.91: no connection to modbus server
[2025-03-01T08:30:18.558Z] Error reading actual data: no connection to modbus server
[2025-03-01T08:30:18.559Z] Error writing to Modbus register: no connection to modbus server
[2025-03-01T08:30:18.607Z] Error reading register 3105 for IP 10.30.4.91: no connection to modbus server
[2025-03-01T08:30:18.608Z] ❌ Error reading register 1000 for IP 10.30.4.91: no connection to modbus server
[2025-03-01T08:30:18.608Z] Error reading actual data: no connection to modbus server
[2025-03-01T08:30:18.621Z] Error writing to Modbus register: no connection to modbus server
[2025-03-01T08:30:18.635Z] Error reading register 3105 for IP 10.30.4.91: no connection to modbus server
[2025-03-01T08:30:18.636Z] Error reading actual data: no connection to modbus server
[2025-03-01T08:30:18.636Z] ❌ Error reading register 1000 for IP 10.30.4.91: no connection to modbus server
[2025-03-01T08:30:18.636Z] Error writing to Modbus register: no connection to modbus server
[2025-03-01T08:30:19.185Z] Error reading register 3105 for IP 10.30.4.91: no connection to modbus server
[2025-03-01T08:30:19.186Z] ❌ Error reading register 1000 for IP 10.30.4.91: no connection to modbus server
[2025-03-01T08:30:19.186Z] Error reading actual data: no connection to modbus server
[2025-03-01T08:30:19.372Z] Error writing to Modbus register: no connection to modbus server
[2025-03-01T08:30:19.375Z] Error reading register 3105 for IP 10.30.4.91: no connection to modbus server
[2025-03-01T08:30:19.375Z] ❌ Error reading register 1000 for IP 10.30.4.91: no connection to modbus server
[2025-03-01T08:30:19.377Z] Error writing to Modbus register: no connection to modbus server
[2025-03-01T08:30:19.377Z] Error reading register 3105 for IP 10.30.4.91: no connection to modbus server
[2025-03-01T08:30:19.376Z] Error reading actual data: no connection to modbus server
[2025-03-01T08:30:19.377Z] ❌ Error reading register 1000 for IP 10.30.4.91: no connection to modbus server
[2025-03-01T08:30:19.378Z] Error reading actual data: no connection to modbus server
[2025-03-01T08:30:19.556Z] Error writing to Modbus register: no connection to modbus server
[2025-03-01T08:30:19.557Z] Error reading register 3105 for IP 10.30.4.91: no connection to modbus server
[2025-03-01T08:30:19.558Z] ❌ Error reading register 1000 for IP 10.30.4.91: no connection to modbus server
[2025-03-01T08:30:19.558Z] Error reading actual data: no connection to modbus server
[2025-03-01T08:30:19.560Z] Error writing to Modbus register: no connection to modbus server
[2025-03-01T08:30:19.608Z] Error reading register 3105 for IP 10.30.4.91: no connection to modbus server
[2025-03-01T08:30:19.609Z] ❌ Error reading register 1000 for IP 10.30.4.91: no connection to modbus server
[2025-03-01T08:30:19.609Z] Error reading actual data: no connection to modbus server
[2025-03-01T08:30:19.623Z] Error writing to Modbus register: no connection to modbus server
[2025-03-01T08:30:19.637Z] Error reading register 3105 for IP 10.30.4.91: no connection to modbus server
[2025-03-01T08:30:19.637Z] ❌ Error reading register 1000 for IP 10.30.4.91: no connection to modbus server
[2025-03-01T08:30:19.638Z] Error reading actual data: no connection to modbus server
[2025-03-01T08:30:19.638Z] Error writing to Modbus register: no connection to modbus server
[2025-03-01T08:30:20.188Z] Error reading register 3105 for IP 10.30.4.91: no connection to modbus server
[2025-03-01T08:30:20.188Z] ❌ Error reading register 1000 for IP 10.30.4.91: no connection to modbus server
[2025-03-01T08:30:20.189Z] Error reading actual data: no connection to modbus server
[2025-03-01T08:30:20.387Z] Error writing to Modbus register: no connection to modbus server
[2025-03-01T08:30:20.389Z] ❌ Error reading register 1000 for IP 10.30.4.91: no connection to modbus server
[2025-03-01T08:30:20.391Z] Error writing to Modbus register: no connection to modbus server
[2025-03-01T08:30:20.392Z] Error reading register 3105 for IP 10.30.4.91: no connection to modbus server
[2025-03-01T08:30:20.392Z] ❌ Error reading register 1000 for IP 10.30.4.91: no connection to modbus server
[2025-03-01T08:30:20.390Z] Error reading actual data: no connection to modbus server
[2025-03-01T08:30:20.389Z] Error reading register 3105 for IP 10.30.4.91: no connection to modbus server
[2025-03-01T08:30:20.392Z] Error reading actual data: no connection to modbus server
[2025-03-01T08:30:20.571Z] Error writing to Modbus register: no connection to modbus server
[2025-03-01T08:30:20.572Z] Error reading register 3105 for IP 10.30.4.91: no connection to modbus server
[2025-03-01T08:30:20.572Z] ❌ Error reading register 1000 for IP 10.30.4.91: no connection to modbus server
[2025-03-01T08:30:20.572Z] Error reading actual data: no connection to modbus server
[2025-03-01T08:30:20.573Z] Error writing to Modbus register: no connection to modbus server
[2025-03-01T08:30:20.620Z] Error reading register 3105 for IP 10.30.4.91: no connection to modbus server
[2025-03-01T08:30:20.621Z] ❌ Error reading register 1000 for IP 10.30.4.91: no connection to modbus server
[2025-03-01T08:30:20.621Z] Error reading actual data: no connection to modbus server
[2025-03-01T08:30:20.635Z] Error writing to Modbus register: no connection to modbus server
[2025-03-01T08:30:20.650Z] Error reading register 3105 for IP 10.30.4.91: no connection to modbus server
[2025-03-01T08:30:20.650Z] ❌ Error reading register 1000 for IP 10.30.4.91: no connection to modbus server
[2025-03-01T08:30:20.650Z] Error reading actual data: no connection to modbus server
[2025-03-01T08:30:20.650Z] Error writing to Modbus register: no connection to modbus server
[2025-03-01T08:30:21.188Z] Error reading register 3105 for IP 10.30.4.91: no connection to modbus server
[2025-03-01T08:30:21.189Z] ❌ Error reading register 1000 for IP 10.30.4.91: no connection to modbus server
[2025-03-01T08:30:21.189Z] Error reading actual data: no connection to modbus server
[2025-03-01T08:30:21.395Z] Error writing to Modbus register: no connection to modbus server
[2025-03-01T08:30:21.396Z] Error reading register 3105 for IP 10.30.4.91: no connection to modbus server
[2025-03-01T08:30:21.397Z] ❌ Error reading register 1000 for IP 10.30.4.91: no connection to modbus server
[2025-03-01T08:30:21.397Z] Error reading actual data: no connection to modbus server
[2025-03-01T08:30:21.398Z] Error writing to Modbus register: no connection to modbus server
[2025-03-01T08:30:21.398Z] Error reading register 3105 for IP 10.30.4.91: no connection to modbus server
[2025-03-01T08:30:21.398Z] ❌ Error reading register 1000 for IP 10.30.4.91: no connection to modbus server
[2025-03-01T08:30:21.399Z] Error reading actual data: no connection to modbus server
[2025-03-01T08:30:21.575Z] Error writing to Modbus register: no connection to modbus server
[2025-03-01T08:30:21.577Z] Error reading register 3105 for IP 10.30.4.91: no connection to modbus server
[2025-03-01T08:30:21.578Z] ❌ Error reading register 1000 for IP 10.30.4.91: no connection to modbus server
[2025-03-01T08:30:21.578Z] Error reading actual data: no connection to modbus server
[2025-03-01T08:30:21.579Z] Error writing to Modbus register: no connection to modbus server
[2025-03-01T08:30:21.626Z] Error reading register 3105 for IP 10.30.4.91: no connection to modbus server
[2025-03-01T08:30:21.626Z] ❌ Error reading register 1000 for IP 10.30.4.91: no connection to modbus server
[2025-03-01T08:30:21.627Z] Error reading actual data: no connection to modbus server
[2025-03-01T08:30:21.641Z] Error writing to Modbus register: no connection to modbus server
[2025-03-01T08:30:21.655Z] ❌ Error reading register 1000 for IP 10.30.4.91: no connection to modbus server
[2025-03-01T08:30:21.655Z] Error reading actual data: no connection to modbus server
[2025-03-01T08:30:21.655Z] Error reading register 3105 for IP 10.30.4.91: no connection to modbus server
[2025-03-01T08:30:21.656Z] Error writing to Modbus register: no connection to modbus server
[2025-03-01T08:30:22.193Z] Error reading register 3105 for IP 10.30.4.91: no connection to modbus server
[2025-03-01T08:30:22.193Z] ❌ Error reading register 1000 for IP 10.30.4.91: no connection to modbus server
[2025-03-01T08:30:22.193Z] Error reading actual data: no connection to modbus server
[2025-03-01T08:30:22.403Z] Error writing to Modbus register: no connection to modbus server
[2025-03-01T08:30:22.404Z] Error reading register 3105 for IP 10.30.4.91: no connection to modbus server
[2025-03-01T08:30:22.404Z] ❌ Error reading register 1000 for IP 10.30.4.91: no connection to modbus server
[2025-03-01T08:30:22.404Z] Error reading actual data: no connection to modbus server
[2025-03-01T08:30:22.405Z] Error writing to Modbus register: no connection to modbus server
[2025-03-01T08:30:22.405Z] Error reading register 3105 for IP 10.30.4.91: no connection to modbus server
[2025-03-01T08:30:22.405Z] ❌ Error reading register 1000 for IP 10.30.4.91: no connection to modbus server
[2025-03-01T08:30:22.406Z] Error reading actual data: no connection to modbus server
[2025-03-01T08:30:22.575Z] Error writing to Modbus register: no connection to modbus server
[2025-03-01T08:30:22.576Z] Error reading register 3105 for IP 10.30.4.91: no connection to modbus server
[2025-03-01T08:30:22.576Z] ❌ Error reading register 1000 for IP 10.30.4.91: no connection to modbus server
[2025-03-01T08:30:22.576Z] Error reading actual data: no connection to modbus server
[2025-03-01T08:30:22.593Z] Error writing to Modbus register: no connection to modbus server
[2025-03-01T08:30:22.626Z] Error reading register 3105 for IP 10.30.4.91: no connection to modbus server
[2025-03-01T08:30:22.627Z] ❌ Error reading register 1000 for IP 10.30.4.91: no connection to modbus server
[2025-03-01T08:30:22.627Z] Error reading actual data: no connection to modbus server
[2025-03-01T08:30:22.644Z] Error writing to Modbus register: no connection to modbus server
[2025-03-01T08:30:22.659Z] Error reading register 3105 for IP 10.30.4.91: no connection to modbus server
[2025-03-01T08:30:22.659Z] ❌ Error reading register 1000 for IP 10.30.4.91: no connection to modbus server
[2025-03-01T08:30:22.659Z] Error reading actual data: no connection to modbus server
[2025-03-01T08:30:22.660Z] Error writing to Modbus register: no connection to modbus server
[2025-03-01T08:30:23.207Z] Error reading register 3105 for IP 10.30.4.91: no connection to modbus server
[2025-03-01T08:30:23.207Z] ❌ Error reading register 1000 for IP 10.30.4.91: no connection to modbus server
[2025-03-01T08:30:23.207Z] Error reading actual data: no connection to modbus server
[2025-03-01T08:30:23.408Z] Error writing to Modbus register: no connection to modbus server
[2025-03-01T08:30:23.410Z] Error reading register 3105 for IP 10.30.4.91: no connection to modbus server
[2025-03-01T08:30:23.410Z] ❌ Error reading register 1000 for IP 10.30.4.91: no connection to modbus server
[2025-03-01T08:30:23.413Z] Error reading register 3105 for IP 10.30.4.91: no connection to modbus server
[2025-03-01T08:30:23.413Z] ❌ Error reading register 1000 for IP 10.30.4.91: no connection to modbus server
[2025-03-01T08:30:23.413Z] Error reading actual data: no connection to modbus server
[2025-03-01T08:30:23.411Z] Error reading actual data: no connection to modbus server
[2025-03-01T08:30:23.412Z] Error writing to Modbus register: no connection to modbus server
[2025-03-01T08:30:23.589Z] Error writing to Modbus register: no connection to modbus server
[2025-03-01T08:30:23.590Z] Error reading register 3105 for IP 10.30.4.91: no connection to modbus server
[2025-03-01T08:30:23.590Z] ❌ Error reading register 1000 for IP 10.30.4.91: no connection to modbus server
[2025-03-01T08:30:23.590Z] Error reading actual data: no connection to modbus server
[2025-03-01T08:30:23.605Z] Error writing to Modbus register: no connection to modbus server
[2025-03-01T08:30:23.636Z] Error reading register 3105 for IP 10.30.4.91: no connection to modbus server
[2025-03-01T08:30:23.636Z] ❌ Error reading register 1000 for IP 10.30.4.91: no connection to modbus server
[2025-03-01T08:30:23.636Z] Error reading actual data: no connection to modbus server
[2025-03-01T08:30:23.651Z] Error writing to Modbus register: no connection to modbus server
[2025-03-01T08:30:23.667Z] Error reading register 3105 for IP 10.30.4.91: no connection to modbus server
[2025-03-01T08:30:23.667Z] ❌ Error reading register 1000 for IP 10.30.4.91: no connection to modbus server
[2025-03-01T08:30:23.668Z] Error reading actual data: no connection to modbus server
[2025-03-01T08:30:23.668Z] Error writing to Modbus register: no connection to modbus server
[2025-03-01T08:30:24.211Z] Error reading register 3105 for IP 10.30.4.91: no connection to modbus server
[2025-03-01T08:30:24.212Z] ❌ Error reading register 1000 for IP 10.30.4.91: no connection to modbus server
[2025-03-01T08:30:24.212Z] Error reading actual data: no connection to modbus server
[2025-03-01T08:30:24.408Z] Error writing to Modbus register: no connection to modbus server
[2025-03-01T08:30:24.408Z] Error reading register 3105 for IP 10.30.4.91: no connection to modbus server
[2025-03-01T08:30:24.408Z] ❌ Error reading register 1000 for IP 10.30.4.91: no connection to modbus server
[2025-03-01T08:30:24.409Z] Error reading actual data: no connection to modbus server
[2025-03-01T08:30:24.424Z] Error writing to Modbus register: no connection to modbus server
[2025-03-01T08:30:24.425Z] ❌ Error reading register 1000 for IP 10.30.4.91: no connection to modbus server
[2025-03-01T08:30:24.425Z] Error reading register 3105 for IP 10.30.4.91: no connection to modbus server
[2025-03-01T08:30:24.425Z] Error reading actual data: no connection to modbus server
[2025-03-01T08:30:24.591Z] Error writing to Modbus register: no connection to modbus server
[2025-03-01T08:30:24.593Z] Error reading register 3105 for IP 10.30.4.91: no connection to modbus server
[2025-03-01T08:30:24.593Z] ❌ Error reading register 1000 for IP 10.30.4.91: no connection to modbus server
[2025-03-01T08:30:24.593Z] Error reading actual data: no connection to modbus server
[2025-03-01T08:30:24.608Z] Error writing to Modbus register: no connection to modbus server
[2025-03-01T08:30:24.638Z] Error reading register 3105 for IP 10.30.4.91: no connection to modbus server
[2025-03-01T08:30:24.639Z] ❌ Error reading register 1000 for IP 10.30.4.91: no connection to modbus server
[2025-03-01T08:30:24.639Z] Error reading actual data: no connection to modbus server
[2025-03-01T08:30:24.654Z] Error writing to Modbus register: no connection to modbus server
[2025-03-01T08:30:24.670Z] Error reading register 3105 for IP 10.30.4.91: no connection to modbus server
[2025-03-01T08:30:24.670Z] Error reading actual data: no connection to modbus server
[2025-03-01T08:30:24.670Z] ❌ Error reading register 1000 for IP 10.30.4.91: no connection to modbus server
[2025-03-01T08:30:24.670Z] Error writing to Modbus register: no connection to modbus server
[2025-03-01T08:30:25.212Z] Error reading register 3105 for IP 10.30.4.91: no connection to modbus server
[2025-03-01T08:30:25.213Z] ❌ Error reading register 1000 for IP 10.30.4.91: no connection to modbus server
[2025-03-01T08:30:25.213Z] Error reading actual data: no connection to modbus server
[2025-03-01T08:30:25.421Z] Error writing to Modbus register: no connection to modbus server
[2025-03-01T08:30:25.423Z] Error reading register 3105 for IP 10.30.4.91: no connection to modbus server
[2025-03-01T08:30:25.423Z] ❌ Error reading register 1000 for IP 10.30.4.91: no connection to modbus server
[2025-03-01T08:30:25.424Z] Error reading actual data: no connection to modbus server
[2025-03-01T08:30:25.425Z] Error writing to Modbus register: no connection to modbus server
[2025-03-01T08:30:25.426Z] Error reading register 3105 for IP 10.30.4.91: no connection to modbus server
[2025-03-01T08:30:25.427Z] ❌ Error reading register 1000 for IP 10.30.4.91: no connection to modbus server
[2025-03-01T08:30:25.427Z] Error reading actual data: no connection to modbus server
[2025-03-01T08:30:25.606Z] Error writing to Modbus register: no connection to modbus server
[2025-03-01T08:30:25.608Z] Error reading register 3105 for IP 10.30.4.91: no connection to modbus server
[2025-03-01T08:30:25.608Z] ❌ Error reading register 1000 for IP 10.30.4.91: no connection to modbus server
[2025-03-01T08:30:25.609Z] Error reading actual data: no connection to modbus server
[2025-03-01T08:30:25.610Z] Error writing to Modbus register: no connection to modbus server
[2025-03-01T08:30:25.654Z] Error reading register 3105 for IP 10.30.4.91: no connection to modbus server
[2025-03-01T08:30:25.654Z] ❌ Error reading register 1000 for IP 10.30.4.91: no connection to modbus server
[2025-03-01T08:30:25.654Z] Error reading actual data: no connection to modbus server
[2025-03-01T08:30:25.656Z] Error writing to Modbus register: no connection to modbus server
[2025-03-01T08:30:25.684Z] Error reading register 3105 for IP 10.30.4.91: no connection to modbus server
[2025-03-01T08:30:25.684Z] ❌ Error reading register 1000 for IP 10.30.4.91: no connection to modbus server
[2025-03-01T08:30:25.684Z] Error reading actual data: no connection to modbus server
[2025-03-01T08:30:25.684Z] Error writing to Modbus register: no connection to modbus server
[2025-03-01T08:30:26.224Z] Error reading register 3105 for IP 10.30.4.91: no connection to modbus server
[2025-03-01T08:30:26.224Z] ❌ Error reading register 1000 for IP 10.30.4.91: no connection to modbus server
[2025-03-01T08:30:26.224Z] Error reading actual data: no connection to modbus server
[2025-03-01T08:30:26.435Z] Error writing to Modbus register: no connection to modbus server
[2025-03-01T08:30:26.437Z] Error reading register 3105 for IP 10.30.4.91: no connection to modbus server
[2025-03-01T08:30:26.438Z] ❌ Error reading register 1000 for IP 10.30.4.91: no connection to modbus server
[2025-03-01T08:30:26.438Z] Error reading actual data: no connection to modbus server
[2025-03-01T08:30:26.439Z] Error writing to Modbus register: no connection to modbus server
[2025-03-01T08:30:26.440Z] Error reading register 3105 for IP 10.30.4.91: no connection to modbus server
[2025-03-01T08:30:26.440Z] ❌ Error reading register 1000 for IP 10.30.4.91: no connection to modbus server
[2025-03-01T08:30:26.440Z] Error reading actual data: no connection to modbus server
[2025-03-01T08:30:26.608Z] Error writing to Modbus register: no connection to modbus server
[2025-03-01T08:30:26.609Z] Error reading register 3105 for IP 10.30.4.91: no connection to modbus server
[2025-03-01T08:30:26.610Z] ❌ Error reading register 1000 for IP 10.30.4.91: no connection to modbus server
[2025-03-01T08:30:26.610Z] Error reading actual data: no connection to modbus server
[2025-03-01T08:30:26.611Z] Error writing to Modbus register: no connection to modbus server
[2025-03-01T08:30:26.653Z] Error reading register 3105 for IP 10.30.4.91: no connection to modbus server
[2025-03-01T08:30:26.654Z] ❌ Error reading register 1000 for IP 10.30.4.91: no connection to modbus server
[2025-03-01T08:30:26.654Z] Error reading actual data: no connection to modbus server
[2025-03-01T08:30:26.669Z] Error writing to Modbus register: no connection to modbus server
[2025-03-01T08:30:26.685Z] Error reading register 3105 for IP 10.30.4.91: no connection to modbus server
[2025-03-01T08:30:26.685Z] ❌ Error reading register 1000 for IP 10.30.4.91: no connection to modbus server
[2025-03-01T08:30:26.685Z] Error reading actual data: no connection to modbus server
[2025-03-01T08:30:26.685Z] Error writing to Modbus register: no connection to modbus server
[2025-03-01T08:30:27.238Z] Error reading register 3105 for IP 10.30.4.91: no connection to modbus server
[2025-03-01T08:30:27.238Z] ❌ Error reading register 1000 for IP 10.30.4.91: no connection to modbus server
[2025-03-01T08:30:27.239Z] Error reading actual data: no connection to modbus server
[2025-03-01T08:30:27.437Z] Error writing to Modbus register: no connection to modbus server
[2025-03-01T08:30:27.437Z] Error reading register 3105 for IP 10.30.4.91: no connection to modbus server
[2025-03-01T08:30:27.437Z] ❌ Error reading register 1000 for IP 10.30.4.91: no connection to modbus server
[2025-03-01T08:30:27.437Z] Error reading actual data: no connection to modbus server
[2025-03-01T08:30:27.438Z] Error writing to Modbus register: no connection to modbus server
[2025-03-01T08:30:27.439Z] Error reading register 3105 for IP 10.30.4.91: no connection to modbus server
[2025-03-01T08:30:27.439Z] ❌ Error reading register 1000 for IP 10.30.4.91: no connection to modbus server
[2025-03-01T08:30:27.439Z] Error reading actual data: no connection to modbus server
[2025-03-01T08:30:27.607Z] Error writing to Modbus register: no connection to modbus server
[2025-03-01T08:30:27.609Z] Error reading register 3105 for IP 10.30.4.91: no connection to modbus server
[2025-03-01T08:30:27.610Z] ❌ Error reading register 1000 for IP 10.30.4.91: no connection to modbus server
[2025-03-01T08:30:27.610Z] Error reading actual data: no connection to modbus server
[2025-03-01T08:30:27.612Z] Error writing to Modbus register: no connection to modbus server
[2025-03-01T08:30:27.670Z] Error reading register 3105 for IP 10.30.4.91: no connection to modbus server
[2025-03-01T08:30:27.671Z] ❌ Error reading register 1000 for IP 10.30.4.91: no connection to modbus server
[2025-03-01T08:30:27.671Z] Error reading actual data: no connection to modbus server
[2025-03-01T08:30:27.672Z] Error writing to Modbus register: no connection to modbus server
[2025-03-01T08:30:27.684Z] Error reading register 3105 for IP 10.30.4.91: no connection to modbus server
[2025-03-01T08:30:27.685Z] ❌ Error reading register 1000 for IP 10.30.4.91: no connection to modbus server
[2025-03-01T08:30:27.685Z] Error reading actual data: no connection to modbus server
[2025-03-01T08:30:27.685Z] Error writing to Modbus register: no connection to modbus server
[2025-03-01T08:30:28.253Z] Error reading register 3105 for IP 10.30.4.91: no connection to modbus server
[2025-03-01T08:30:28.253Z] ❌ Error reading register 1000 for IP 10.30.4.91: no connection to modbus server
[2025-03-01T08:30:28.253Z] Error reading actual data: no connection to modbus server
[2025-03-01T08:30:28.440Z] Error writing to Modbus register: no connection to modbus server
[2025-03-01T08:30:28.442Z] Error reading register 3105 for IP 10.30.4.91: no connection to modbus server
[2025-03-01T08:30:28.442Z] ❌ Error reading register 1000 for IP 10.30.4.91: no connection to modbus server
[2025-03-01T08:30:28.443Z] Error reading actual data: no connection to modbus server
[2025-03-01T08:30:28.444Z] Error writing to Modbus register: no connection to modbus server
[2025-03-01T08:30:28.445Z] Error reading register 3105 for IP 10.30.4.91: no connection to modbus server
[2025-03-01T08:30:28.445Z] ❌ Error reading register 1000 for IP 10.30.4.91: no connection to modbus server
[2025-03-01T08:30:28.445Z] Error reading actual data: no connection to modbus server
[2025-03-01T08:30:28.622Z] Error writing to Modbus register: no connection to modbus server
[2025-03-01T08:30:28.623Z] Error reading register 3105 for IP 10.30.4.91: no connection to modbus server
[2025-03-01T08:30:28.624Z] ❌ Error reading register 1000 for IP 10.30.4.91: no connection to modbus server
[2025-03-01T08:30:28.624Z] Error reading actual data: no connection to modbus server
[2025-03-01T08:30:28.625Z] Error writing to Modbus register: no connection to modbus server
[2025-03-01T08:30:28.685Z] Error reading register 3105 for IP 10.30.4.91: no connection to modbus server
[2025-03-01T08:30:28.685Z] ❌ Error reading register 1000 for IP 10.30.4.91: no connection to modbus server
[2025-03-01T08:30:28.686Z] Error reading actual data: no connection to modbus server
[2025-03-01T08:30:28.687Z] Error writing to Modbus register: no connection to modbus server
[2025-03-01T08:30:28.689Z] ❌ Error reading register 1000 for IP 10.30.4.91: no connection to modbus server
[2025-03-01T08:30:28.689Z] Error reading register 3105 for IP 10.30.4.91: no connection to modbus server
[2025-03-01T08:30:28.690Z] Error reading actual data: no connection to modbus server
[2025-03-01T08:30:28.691Z] Error writing to Modbus register: no connection to modbus server
[2025-03-01T08:30:29.266Z] Error reading register 3105 for IP 10.30.4.91: no connection to modbus server
[2025-03-01T08:30:29.266Z] ❌ Error reading register 1000 for IP 10.30.4.91: no connection to modbus server
[2025-03-01T08:30:29.266Z] Error reading actual data: no connection to modbus server
[2025-03-01T08:30:29.448Z] Error writing to Modbus register: no connection to modbus server
[2025-03-01T08:30:29.450Z] Error reading register 3105 for IP 10.30.4.91: no connection to modbus server
[2025-03-01T08:30:29.451Z] ❌ Error reading register 1000 for IP 10.30.4.91: no connection to modbus server
[2025-03-01T08:30:29.451Z] Error reading actual data: no connection to modbus server
[2025-03-01T08:30:29.452Z] Error writing to Modbus register: no connection to modbus server
[2025-03-01T08:30:29.453Z] Error reading register 3105 for IP 10.30.4.91: no connection to modbus server
[2025-03-01T08:30:29.453Z] ❌ Error reading register 1000 for IP 10.30.4.91: no connection to modbus server
[2025-03-01T08:30:29.454Z] Error reading actual data: no connection to modbus server
[2025-03-01T08:30:29.625Z] Error writing to Modbus register: no connection to modbus server
[2025-03-01T08:30:29.626Z] Error reading register 3105 for IP 10.30.4.91: no connection to modbus server
[2025-03-01T08:30:29.627Z] ❌ Error reading register 1000 for IP 10.30.4.91: no connection to modbus server
[2025-03-01T08:30:29.627Z] Error reading actual data: no connection to modbus server
[2025-03-01T08:30:29.628Z] Error writing to Modbus register: no connection to modbus server
[2025-03-01T08:30:29.689Z] Error reading register 3105 for IP 10.30.4.91: no connection to modbus server
[2025-03-01T08:30:29.689Z] ❌ Error reading register 1000 for IP 10.30.4.91: no connection to modbus server
[2025-03-01T08:30:29.693Z] ❌ Error reading register 1000 for IP 10.30.4.91: no connection to modbus server
[2025-03-01T08:30:29.692Z] Error reading register 3105 for IP 10.30.4.91: no connection to modbus server
[2025-03-01T08:30:29.690Z] Error reading actual data: no connection to modbus server
[2025-03-01T08:30:29.691Z] Error writing to Modbus register: no connection to modbus server
[2025-03-01T08:30:29.693Z] Error reading actual data: no connection to modbus server
[2025-03-01T08:30:29.694Z] Error writing to Modbus register: no connection to modbus server
[2025-03-01T08:30:30.276Z] Error reading register 3105 for IP 10.30.4.91: no connection to modbus server
[2025-03-01T08:30:30.276Z] ❌ Error reading register 1000 for IP 10.30.4.91: no connection to modbus server
[2025-03-01T08:30:30.276Z] Error reading actual data: no connection to modbus server
[2025-03-01T08:30:30.456Z] Error writing to Modbus register: no connection to modbus server
[2025-03-01T08:30:30.457Z] Error reading register 3105 for IP 10.30.4.91: no connection to modbus server
[2025-03-01T08:30:30.458Z] ❌ Error reading register 1000 for IP 10.30.4.91: no connection to modbus server
[2025-03-01T08:30:30.459Z] Error writing to Modbus register: no connection to modbus server
[2025-03-01T08:30:30.458Z] Error reading actual data: no connection to modbus server
[2025-03-01T08:30:30.461Z] Error reading register 3105 for IP 10.30.4.91: no connection to modbus server
[2025-03-01T08:30:30.461Z] ❌ Error reading register 1000 for IP 10.30.4.91: no connection to modbus server
[2025-03-01T08:30:30.461Z] Error reading actual data: no connection to modbus server
[2025-03-01T08:30:30.625Z] Error writing to Modbus register: no connection to modbus server
[2025-03-01T08:30:30.626Z] Error reading register 3105 for IP 10.30.4.91: no connection to modbus server
[2025-03-01T08:30:30.626Z] ❌ Error reading register 1000 for IP 10.30.4.91: no connection to modbus server
[2025-03-01T08:30:30.627Z] Error reading actual data: no connection to modbus server
[2025-03-01T08:30:30.628Z] Error writing to Modbus register: no connection to modbus server
[2025-03-01T08:30:30.702Z] ❌ Error reading register 1000 for IP 10.30.4.91: no connection to modbus server
[2025-03-01T08:30:30.702Z] Error reading actual data: no connection to modbus server
[2025-03-01T08:30:30.703Z] Error reading register 3105 for IP 10.30.4.91: no connection to modbus server
[2025-03-01T08:30:30.702Z] Error reading register 3105 for IP 10.30.4.91: no connection to modbus server
[2025-03-01T08:30:30.703Z] ❌ Error reading register 1000 for IP 10.30.4.91: no connection to modbus server
[2025-03-01T08:30:30.703Z] Error reading actual data: no connection to modbus server
[2025-03-01T08:30:30.703Z] Error writing to Modbus register: no connection to modbus server
[2025-03-01T08:30:30.704Z] Error writing to Modbus register: no connection to modbus server
[2025-03-01T08:30:31.285Z] Error reading register 3105 for IP 10.30.4.91: no connection to modbus server
[2025-03-01T08:30:31.285Z] ❌ Error reading register 1000 for IP 10.30.4.91: no connection to modbus server
[2025-03-01T08:30:31.286Z] Error reading actual data: no connection to modbus server
[2025-03-01T08:30:31.456Z] Error writing to Modbus register: no connection to modbus server
[2025-03-01T08:30:31.458Z] Error reading register 3105 for IP 10.30.4.91: no connection to modbus server
[2025-03-01T08:30:31.458Z] ❌ Error reading register 1000 for IP 10.30.4.91: no connection to modbus server
[2025-03-01T08:30:31.458Z] Error reading actual data: no connection to modbus server
[2025-03-01T08:30:31.460Z] Error writing to Modbus register: no connection to modbus server
[2025-03-01T08:30:31.461Z] Error reading register 3105 for IP 10.30.4.91: no connection to modbus server
[2025-03-01T08:30:31.461Z] ❌ Error reading register 1000 for IP 10.30.4.91: no connection to modbus server
[2025-03-01T08:30:31.461Z] Error reading actual data: no connection to modbus server
[2025-03-01T08:30:31.625Z] Error writing to Modbus register: no connection to modbus server
[2025-03-01T08:30:31.626Z] Error reading register 3105 for IP 10.30.4.91: no connection to modbus server
[2025-03-01T08:30:31.627Z] ❌ Error reading register 1000 for IP 10.30.4.91: no connection to modbus server
[2025-03-01T08:30:31.627Z] Error reading actual data: no connection to modbus server
[2025-03-01T08:30:31.628Z] Error writing to Modbus register: no connection to modbus server
[2025-03-01T08:30:31.703Z] ❌ Error reading register 1000 for IP 10.30.4.91: no connection to modbus server
[2025-03-01T08:30:31.703Z] Error writing to Modbus register: no connection to modbus server
[2025-03-01T08:30:31.702Z] Error reading register 3105 for IP 10.30.4.91: no connection to modbus server
[2025-03-01T08:30:31.703Z] Error reading actual data: no connection to modbus server
[2025-03-01T08:30:31.707Z] Error reading register 3105 for IP 10.30.4.91: no connection to modbus server
[2025-03-01T08:30:31.708Z] ❌ Error reading register 1000 for IP 10.30.4.91: no connection to modbus server
[2025-03-01T08:30:31.708Z] Error reading actual data: no connection to modbus server
[2025-03-01T08:30:31.708Z] Error writing to Modbus register: no connection to modbus server
[2025-03-01T08:30:32.293Z] Error reading register 3105 for IP 10.30.4.91: no connection to modbus server
[2025-03-01T08:30:32.294Z] ❌ Error reading register 1000 for IP 10.30.4.91: no connection to modbus server
[2025-03-01T08:30:32.294Z] Error reading actual data: no connection to modbus server
[2025-03-01T08:30:32.457Z] Error writing to Modbus register: no connection to modbus server
[2025-03-01T08:30:32.458Z] Error reading register 3105 for IP 10.30.4.91: no connection to modbus server
[2025-03-01T08:30:32.459Z] ❌ Error reading register 1000 for IP 10.30.4.91: no connection to modbus server
[2025-03-01T08:30:32.459Z] Error reading actual data: no connection to modbus server
[2025-03-01T08:30:32.461Z] Error reading register 3105 for IP 10.30.4.91: no connection to modbus server
[2025-03-01T08:30:32.461Z] Error writing to Modbus register: no connection to modbus server
[2025-03-01T08:30:32.461Z] ❌ Error reading register 1000 for IP 10.30.4.91: no connection to modbus server
[2025-03-01T08:30:32.461Z] Error reading actual data: no connection to modbus server
[2025-03-01T08:30:32.639Z] Error writing to Modbus register: no connection to modbus server
[2025-03-01T08:30:32.641Z] Error reading register 3105 for IP 10.30.4.91: no connection to modbus server
[2025-03-01T08:30:32.642Z] ❌ Error reading register 1000 for IP 10.30.4.91: no connection to modbus server
[2025-03-01T08:30:32.642Z] Error reading actual data: no connection to modbus server
[2025-03-01T08:30:32.643Z] Error writing to Modbus register: no connection to modbus server
[2025-03-01T08:30:32.717Z] Error reading register 3105 for IP 10.30.4.91: no connection to modbus server
[2025-03-01T08:30:32.717Z] ❌ Error reading register 1000 for IP 10.30.4.91: no connection to modbus server
[2025-03-01T08:30:32.718Z] ❌ Error reading register 1000 for IP 10.30.4.91: no connection to modbus server
[2025-03-01T08:30:32.718Z] Error reading actual data: no connection to modbus server
[2025-03-01T08:30:32.718Z] Error writing to Modbus register: no connection to modbus server
[2025-03-01T08:30:32.718Z] Error reading register 3105 for IP 10.30.4.91: no connection to modbus server
[2025-03-01T08:30:32.717Z] Error writing to Modbus register: no connection to modbus server
[2025-03-01T08:30:32.717Z] Error reading actual data: no connection to modbus server
[2025-03-01T08:30:33.309Z] Error reading register 3105 for IP 10.30.4.91: no connection to modbus server
[2025-03-01T08:30:33.309Z] ❌ Error reading register 1000 for IP 10.30.4.91: no connection to modbus server
[2025-03-01T08:30:33.310Z] Error reading actual data: no connection to modbus server
[2025-03-01T08:30:33.458Z] Error writing to Modbus register: no connection to modbus server
[2025-03-01T08:30:33.460Z] Error reading register 3105 for IP 10.30.4.91: no connection to modbus server
[2025-03-01T08:30:33.460Z] ❌ Error reading register 1000 for IP 10.30.4.91: no connection to modbus server
[2025-03-01T08:30:33.460Z] Error reading actual data: no connection to modbus server
[2025-03-01T08:30:33.463Z] Error reading register 3105 for IP 10.30.4.91: no connection to modbus server
[2025-03-01T08:30:33.462Z] Error writing to Modbus register: no connection to modbus server
[2025-03-01T08:30:33.463Z] ❌ Error reading register 1000 for IP 10.30.4.91: no connection to modbus server
[2025-03-01T08:30:33.463Z] Error reading actual data: no connection to modbus server
[2025-03-01T08:30:33.640Z] Error writing to Modbus register: no connection to modbus server
[2025-03-01T08:30:33.642Z] Error reading register 3105 for IP 10.30.4.91: no connection to modbus server
[2025-03-01T08:30:33.642Z] ❌ Error reading register 1000 for IP 10.30.4.91: no connection to modbus server
[2025-03-01T08:30:33.643Z] Error reading actual data: no connection to modbus server
[2025-03-01T08:30:33.644Z] Error writing to Modbus register: no connection to modbus server
[2025-03-01T08:30:33.718Z] Error reading register 3105 for IP 10.30.4.91: no connection to modbus server
[2025-03-01T08:30:33.718Z] ❌ Error reading register 1000 for IP 10.30.4.91: no connection to modbus server
[2025-03-01T08:30:33.718Z] Error reading actual data: no connection to modbus server
[2025-03-01T08:30:33.719Z] Error writing to Modbus register: no connection to modbus server
[2025-03-01T08:30:33.719Z] Error reading register 3105 for IP 10.30.4.91: no connection to modbus server
[2025-03-01T08:30:33.720Z] ❌ Error reading register 1000 for IP 10.30.4.91: no connection to modbus server
[2025-03-01T08:30:33.720Z] Error reading actual data: no connection to modbus server
[2025-03-01T08:30:33.720Z] Error writing to Modbus register: no connection to modbus server
[2025-03-01T08:30:34.310Z] Error reading register 3105 for IP 10.30.4.91: no connection to modbus server
[2025-03-01T08:30:34.311Z] ❌ Error reading register 1000 for IP 10.30.4.91: no connection to modbus server
[2025-03-01T08:30:34.311Z] Error reading actual data: no connection to modbus server
[2025-03-01T08:30:34.474Z] Error writing to Modbus register: no connection to modbus server
[2025-03-01T08:30:34.475Z] Error reading register 3105 for IP 10.30.4.91: no connection to modbus server
[2025-03-01T08:30:34.476Z] ❌ Error reading register 1000 for IP 10.30.4.91: no connection to modbus server
[2025-03-01T08:30:34.476Z] Error reading actual data: no connection to modbus server
[2025-03-01T08:30:34.477Z] Error writing to Modbus register: no connection to modbus server
[2025-03-01T08:30:34.478Z] Error reading register 3105 for IP 10.30.4.91: no connection to modbus server
[2025-03-01T08:30:34.478Z] ❌ Error reading register 1000 for IP 10.30.4.91: no connection to modbus server
[2025-03-01T08:30:34.478Z] Error reading actual data: no connection to modbus server
[2025-03-01T08:30:34.641Z] Error writing to Modbus register: no connection to modbus server
[2025-03-01T08:30:34.642Z] Error reading register 3105 for IP 10.30.4.91: no connection to modbus server
[2025-03-01T08:30:34.643Z] ❌ Error reading register 1000 for IP 10.30.4.91: no connection to modbus server
[2025-03-01T08:30:34.643Z] Error reading actual data: no connection to modbus server
[2025-03-01T08:30:34.645Z] Error writing to Modbus register: no connection to modbus server
[2025-03-01T08:30:34.718Z] Error reading register 3105 for IP 10.30.4.91: no connection to modbus server
[2025-03-01T08:30:34.718Z] ❌ Error reading register 1000 for IP 10.30.4.91: no connection to modbus server
[2025-03-01T08:30:34.718Z] Error reading actual data: no connection to modbus server
[2025-03-01T08:30:34.718Z] Error writing to Modbus register: no connection to modbus server
[2025-03-01T08:30:34.719Z] Error reading register 3105 for IP 10.30.4.91: no connection to modbus server
[2025-03-01T08:30:34.719Z] ❌ Error reading register 1000 for IP 10.30.4.91: no connection to modbus server
[2025-03-01T08:30:34.719Z] Error reading actual data: no connection to modbus server
[2025-03-01T08:30:34.732Z] Error writing to Modbus register: no connection to modbus server
[2025-03-01T08:30:35.325Z] Error reading register 3105 for IP 10.30.4.91: no connection to modbus server
[2025-03-01T08:30:35.325Z] ❌ Error reading register 1000 for IP 10.30.4.91: no connection to modbus server
[2025-03-01T08:30:35.325Z] Error reading actual data: no connection to modbus server
[2025-03-01T08:30:35.475Z] Error writing to Modbus register: no connection to modbus server
[2025-03-01T08:30:35.477Z] Error reading register 3105 for IP 10.30.4.91: no connection to modbus server
[2025-03-01T08:30:35.477Z] ❌ Error reading register 1000 for IP 10.30.4.91: no connection to modbus server
[2025-03-01T08:30:35.478Z] Error reading actual data: no connection to modbus server
[2025-03-01T08:30:35.479Z] Error writing to Modbus register: no connection to modbus server
[2025-03-01T08:30:35.480Z] Error reading register 3105 for IP 10.30.4.91: no connection to modbus server
[2025-03-01T08:30:35.481Z] ❌ Error reading register 1000 for IP 10.30.4.91: no connection to modbus server
[2025-03-01T08:30:35.481Z] Error reading actual data: no connection to modbus server
[2025-03-01T08:30:35.641Z] Error writing to Modbus register: no connection to modbus server
[2025-03-01T08:30:35.642Z] Error reading register 3105 for IP 10.30.4.91: no connection to modbus server
[2025-03-01T08:30:35.642Z] ❌ Error reading register 1000 for IP 10.30.4.91: no connection to modbus server
[2025-03-01T08:30:35.643Z] Error reading actual data: no connection to modbus server
[2025-03-01T08:30:35.644Z] Error writing to Modbus register: no connection to modbus server
[2025-03-01T08:30:35.718Z] Error reading register 3105 for IP 10.30.4.91: no connection to modbus server
[2025-03-01T08:30:35.718Z] ❌ Error reading register 1000 for IP 10.30.4.91: no connection to modbus server
[2025-03-01T08:30:35.718Z] Error reading actual data: no connection to modbus server
[2025-03-01T08:30:35.718Z] Error writing to Modbus register: no connection to modbus server
[2025-03-01T08:30:35.719Z] Error reading register 3105 for IP 10.30.4.91: no connection to modbus server
[2025-03-01T08:30:35.719Z] ❌ Error reading register 1000 for IP 10.30.4.91: no connection to modbus server
[2025-03-01T08:30:35.719Z] Error reading actual data: no connection to modbus server
[2025-03-01T08:30:35.732Z] Error writing to Modbus register: no connection to modbus server
[2025-03-01T08:30:36.337Z] Error reading register 3105 for IP 10.30.4.91: no connection to modbus server
[2025-03-01T08:30:36.337Z] ❌ Error reading register 1000 for IP 10.30.4.91: no connection to modbus server
[2025-03-01T08:30:36.338Z] Error reading actual data: no connection to modbus server
[2025-03-01T08:30:36.492Z] Error writing to Modbus register: no connection to modbus server
[2025-03-01T08:30:36.493Z] Error reading register 3105 for IP 10.30.4.91: no connection to modbus server
[2025-03-01T08:30:36.494Z] ❌ Error reading register 1000 for IP 10.30.4.91: no connection to modbus server
[2025-03-01T08:30:36.494Z] Error reading actual data: no connection to modbus server
[2025-03-01T08:30:36.494Z] Error writing to Modbus register: no connection to modbus server
[2025-03-01T08:30:36.495Z] ❌ Error reading register 1000 for IP 10.30.4.91: no connection to modbus server
[2025-03-01T08:30:36.495Z] Error reading register 3105 for IP 10.30.4.91: no connection to modbus server
[2025-03-01T08:30:36.495Z] Error reading actual data: no connection to modbus server
[2025-03-01T08:30:36.641Z] Error writing to Modbus register: no connection to modbus server
[2025-03-01T08:30:36.642Z] Error reading register 3105 for IP 10.30.4.91: no connection to modbus server
[2025-03-01T08:30:36.643Z] ❌ Error reading register 1000 for IP 10.30.4.91: no connection to modbus server
[2025-03-01T08:30:36.643Z] Error reading actual data: no connection to modbus server
[2025-03-01T08:30:36.645Z] Error writing to Modbus register: no connection to modbus server
[2025-03-01T08:30:36.721Z] Error reading register 3105 for IP 10.30.4.91: no connection to modbus server
[2025-03-01T08:30:36.721Z] ❌ Error reading register 1000 for IP 10.30.4.91: no connection to modbus server
[2025-03-01T08:30:36.722Z] Error writing to Modbus register: no connection to modbus server
[2025-03-01T08:30:36.722Z] Error reading register 3105 for IP 10.30.4.91: no connection to modbus server
[2025-03-01T08:30:36.722Z] ❌ Error reading register 1000 for IP 10.30.4.91: no connection to modbus server
[2025-03-01T08:30:36.722Z] Error reading actual data: no connection to modbus server
[2025-03-01T08:30:36.722Z] Error reading actual data: no connection to modbus server
[2025-03-01T08:30:36.736Z] Error writing to Modbus register: no connection to modbus server
[2025-03-01T08:30:37.343Z] Error reading register 3105 for IP 10.30.4.91: no connection to modbus server
[2025-03-01T08:30:37.343Z] ❌ Error reading register 1000 for IP 10.30.4.91: no connection to modbus server
[2025-03-01T08:30:37.343Z] Error reading actual data: no connection to modbus server
[2025-03-01T08:30:37.492Z] Error writing to Modbus register: no connection to modbus server
[2025-03-01T08:30:37.493Z] Error reading register 3105 for IP 10.30.4.91: no connection to modbus server
[2025-03-01T08:30:37.494Z] ❌ Error reading register 1000 for IP 10.30.4.91: no connection to modbus server
[2025-03-01T08:30:37.494Z] Error reading actual data: no connection to modbus server
[2025-03-01T08:30:37.495Z] Error writing to Modbus register: no connection to modbus server
[2025-03-01T08:30:37.497Z] Error reading register 3105 for IP 10.30.4.91: no connection to modbus server
[2025-03-01T08:30:37.497Z] ❌ Error reading register 1000 for IP 10.30.4.91: no connection to modbus server
[2025-03-01T08:30:37.497Z] Error reading actual data: no connection to modbus server
[2025-03-01T08:30:37.642Z] Error writing to Modbus register: no connection to modbus server
[2025-03-01T08:30:37.643Z] Error reading register 3105 for IP 10.30.4.91: no connection to modbus server
[2025-03-01T08:30:37.644Z] ❌ Error reading register 1000 for IP 10.30.4.91: no connection to modbus server
[2025-03-01T08:30:37.644Z] Error reading actual data: no connection to modbus server
[2025-03-01T08:30:37.645Z] Error writing to Modbus register: no connection to modbus server
[2025-03-01T08:30:37.730Z] Error reading register 3105 for IP 10.30.4.91: no connection to modbus server
[2025-03-01T08:30:37.730Z] ❌ Error reading register 1000 for IP 10.30.4.91: no connection to modbus server
[2025-03-01T08:30:37.731Z] Error reading actual data: no connection to modbus server
[2025-03-01T08:30:37.731Z] Error writing to Modbus register: no connection to modbus server
[2025-03-01T08:30:37.731Z] Error reading register 3105 for IP 10.30.4.91: no connection to modbus server
[2025-03-01T08:30:37.731Z] ❌ Error reading register 1000 for IP 10.30.4.91: no connection to modbus server
[2025-03-01T08:30:37.731Z] Error reading actual data: no connection to modbus server
[2025-03-01T08:30:37.745Z] Error writing to Modbus register: no connection to modbus server
[2025-03-01T08:30:38.356Z] Error reading register 3105 for IP 10.30.4.91: no connection to modbus server
[2025-03-01T08:30:38.356Z] ❌ Error reading register 1000 for IP 10.30.4.91: no connection to modbus server
[2025-03-01T08:30:38.356Z] Error reading actual data: no connection to modbus server
[2025-03-01T08:30:38.508Z] Error writing to Modbus register: no connection to modbus server
[2025-03-01T08:30:38.510Z] Error reading register 3105 for IP 10.30.4.91: no connection to modbus server
[2025-03-01T08:30:38.511Z] ❌ Error reading register 1000 for IP 10.30.4.91: no connection to modbus server
[2025-03-01T08:30:38.511Z] Error reading actual data: no connection to modbus server
[2025-03-01T08:30:38.512Z] Error writing to Modbus register: no connection to modbus server
[2025-03-01T08:30:38.513Z] Error reading register 3105 for IP 10.30.4.91: no connection to modbus server
[2025-03-01T08:30:38.513Z] ❌ Error reading register 1000 for IP 10.30.4.91: no connection to modbus server
[2025-03-01T08:30:38.513Z] Error reading actual data: no connection to modbus server
[2025-03-01T08:30:38.662Z] Error writing to Modbus register: no connection to modbus server
[2025-03-01T08:30:38.663Z] Error reading register 3105 for IP 10.30.4.91: no connection to modbus server
[2025-03-01T08:30:38.663Z] ❌ Error reading register 1000 for IP 10.30.4.91: no connection to modbus server
[2025-03-01T08:30:38.663Z] Error reading actual data: no connection to modbus server
[2025-03-01T08:30:38.663Z] Error writing to Modbus register: no connection to modbus server
[2025-03-01T08:30:38.735Z] Error reading register 3105 for IP 10.30.4.91: no connection to modbus server
[2025-03-01T08:30:38.735Z] ❌ Error reading register 1000 for IP 10.30.4.91: no connection to modbus server
[2025-03-01T08:30:38.735Z] Error reading actual data: no connection to modbus server
[2025-03-01T08:30:38.735Z] Error writing to Modbus register: no connection to modbus server
[2025-03-01T08:30:38.749Z] Error reading register 3105 for IP 10.30.4.91: no connection to modbus server
[2025-03-01T08:30:38.750Z] ❌ Error reading register 1000 for IP 10.30.4.91: no connection to modbus server
[2025-03-01T08:30:38.750Z] Error reading actual data: no connection to modbus server
[2025-03-01T08:30:38.750Z] Error writing to Modbus register: no connection to modbus server
[2025-03-01T08:30:39.363Z] Error reading register 3105 for IP 10.30.4.91: no connection to modbus server
[2025-03-01T08:30:39.363Z] ❌ Error reading register 1000 for IP 10.30.4.91: no connection to modbus server
[2025-03-01T08:30:39.364Z] Error reading actual data: no connection to modbus server
[2025-03-01T08:30:39.512Z] Error writing to Modbus register: no connection to modbus server
[2025-03-01T08:30:39.514Z] Error reading register 3105 for IP 10.30.4.91: no connection to modbus server
[2025-03-01T08:30:39.514Z] ❌ Error reading register 1000 for IP 10.30.4.91: no connection to modbus server
[2025-03-01T08:30:39.515Z] Error reading actual data: no connection to modbus server
[2025-03-01T08:30:39.516Z] Error writing to Modbus register: no connection to modbus server
[2025-03-01T08:30:39.518Z] Error reading register 3105 for IP 10.30.4.91: no connection to modbus server
[2025-03-01T08:30:39.518Z] ❌ Error reading register 1000 for IP 10.30.4.91: no connection to modbus server
[2025-03-01T08:30:39.518Z] Error reading actual data: no connection to modbus server
[2025-03-01T08:30:39.662Z] Error writing to Modbus register: no connection to modbus server
[2025-03-01T08:30:39.664Z] Error reading register 3105 for IP 10.30.4.91: no connection to modbus server
[2025-03-01T08:30:39.665Z] ❌ Error reading register 1000 for IP 10.30.4.91: no connection to modbus server
[2025-03-01T08:30:39.665Z] Error reading actual data: no connection to modbus server
[2025-03-01T08:30:39.666Z] Error writing to Modbus register: no connection to modbus server
[2025-03-01T08:30:39.745Z] Error reading register 3105 for IP 10.30.4.91: no connection to modbus server
[2025-03-01T08:30:39.745Z] ❌ Error reading register 1000 for IP 10.30.4.91: no connection to modbus server
[2025-03-01T08:30:39.746Z] Error reading actual data: no connection to modbus server
[2025-03-01T08:30:39.746Z] Error writing to Modbus register: no connection to modbus server
[2025-03-01T08:30:39.755Z] Error reading register 3105 for IP 10.30.4.91: no connection to modbus server
[2025-03-01T08:30:39.755Z] ❌ Error reading register 1000 for IP 10.30.4.91: no connection to modbus server
[2025-03-01T08:30:39.755Z] Error reading actual data: no connection to modbus server
[2025-03-01T08:30:39.756Z] Error writing to Modbus register: no connection to modbus server
[2025-03-01T08:30:40.372Z] Error reading register 3105 for IP 10.30.4.91: no connection to modbus server
[2025-03-01T08:30:40.372Z] ❌ Error reading register 1000 for IP 10.30.4.91: no connection to modbus server
[2025-03-01T08:30:40.373Z] Error reading actual data: no connection to modbus server
[2025-03-01T08:30:40.513Z] Error writing to Modbus register: no connection to modbus server
[2025-03-01T08:30:40.515Z] Error reading register 3105 for IP 10.30.4.91: no connection to modbus server
[2025-03-01T08:30:40.515Z] ❌ Error reading register 1000 for IP 10.30.4.91: no connection to modbus server
[2025-03-01T08:30:40.516Z] Error reading actual data: no connection to modbus server
[2025-03-01T08:30:40.519Z] Error reading register 3105 for IP 10.30.4.91: no connection to modbus server
[2025-03-01T08:30:40.517Z] Error writing to Modbus register: no connection to modbus server
[2025-03-01T08:30:40.519Z] ❌ Error reading register 1000 for IP 10.30.4.91: no connection to modbus server
[2025-03-01T08:30:40.519Z] Error reading actual data: no connection to modbus server
[2025-03-01T08:30:40.662Z] Error writing to Modbus register: no connection to modbus server
[2025-03-01T08:30:40.663Z] Error reading register 3105 for IP 10.30.4.91: no connection to modbus server
[2025-03-01T08:30:40.664Z] ❌ Error reading register 1000 for IP 10.30.4.91: no connection to modbus server
[2025-03-01T08:30:40.664Z] Error reading actual data: no connection to modbus server
[2025-03-01T08:30:40.666Z] Error writing to Modbus register: no connection to modbus server
[2025-03-01T08:30:40.762Z] Error reading register 3105 for IP 10.30.4.91: no connection to modbus server
[2025-03-01T08:30:40.762Z] ❌ Error reading register 1000 for IP 10.30.4.91: no connection to modbus server
[2025-03-01T08:30:40.762Z] Error reading actual data: no connection to modbus server
[2025-03-01T08:30:40.762Z] Error writing to Modbus register: no connection to modbus server
[2025-03-01T08:30:40.762Z] Error reading register 3105 for IP 10.30.4.91: no connection to modbus server
[2025-03-01T08:30:40.763Z] ❌ Error reading register 1000 for IP 10.30.4.91: no connection to modbus server
[2025-03-01T08:30:40.763Z] Error writing to Modbus register: no connection to modbus server
[2025-03-01T08:30:40.763Z] Error reading actual data: no connection to modbus server
[2025-03-01T08:30:41.373Z] Error reading register 3105 for IP 10.30.4.91: no connection to modbus server
[2025-03-01T08:30:41.374Z] ❌ Error reading register 1000 for IP 10.30.4.91: no connection to modbus server
[2025-03-01T08:30:41.374Z] Error reading actual data: no connection to modbus server
[2025-03-01T08:30:41.513Z] Error writing to Modbus register: no connection to modbus server
[2025-03-01T08:30:41.515Z] Error reading register 3105 for IP 10.30.4.91: no connection to modbus server
[2025-03-01T08:30:41.515Z] ❌ Error reading register 1000 for IP 10.30.4.91: no connection to modbus server
[2025-03-01T08:30:41.515Z] Error reading actual data: no connection to modbus server
[2025-03-01T08:30:41.517Z] Error writing to Modbus register: no connection to modbus server
[2025-03-01T08:30:41.518Z] Error reading register 3105 for IP 10.30.4.91: no connection to modbus server
[2025-03-01T08:30:41.519Z] ❌ Error reading register 1000 for IP 10.30.4.91: no connection to modbus server
[2025-03-01T08:30:41.519Z] Error reading actual data: no connection to modbus server
[2025-03-01T08:30:41.662Z] Error writing to Modbus register: no connection to modbus server
[2025-03-01T08:30:41.663Z] Error reading register 3105 for IP 10.30.4.91: no connection to modbus server
[2025-03-01T08:30:41.663Z] ❌ Error reading register 1000 for IP 10.30.4.91: no connection to modbus server
[2025-03-01T08:30:41.663Z] Error reading actual data: no connection to modbus server
[2025-03-01T08:30:41.677Z] Error writing to Modbus register: no connection to modbus server
[2025-03-01T08:30:41.762Z] ❌ Error reading register 1000 for IP 10.30.4.91: no connection to modbus server
[2025-03-01T08:30:41.762Z] Error reading actual data: no connection to modbus server
[2025-03-01T08:30:41.762Z] Error writing to Modbus register: no connection to modbus server
[2025-03-01T08:30:41.762Z] Error reading register 3105 for IP 10.30.4.91: no connection to modbus server
[2025-03-01T08:30:41.763Z] Error reading register 3105 for IP 10.30.4.91: no connection to modbus server
[2025-03-01T08:30:41.764Z] ❌ Error reading register 1000 for IP 10.30.4.91: no connection to modbus server
[2025-03-01T08:30:41.764Z] Error writing to Modbus register: no connection to modbus server
[2025-03-01T08:30:41.764Z] Error reading actual data: no connection to modbus server
[2025-03-01T08:30:42.379Z] Error reading register 3105 for IP 10.30.4.91: no connection to modbus server
[2025-03-01T08:30:42.379Z] ❌ Error reading register 1000 for IP 10.30.4.91: no connection to modbus server
[2025-03-01T08:30:42.379Z] Error reading actual data: no connection to modbus server
[2025-03-01T08:30:42.525Z] Error reading register 3105 for IP 10.30.4.91: no connection to modbus server
[2025-03-01T08:30:42.525Z] ❌ Error reading register 1000 for IP 10.30.4.91: no connection to modbus server
[2025-03-01T08:30:42.524Z] Error writing to Modbus register: no connection to modbus server
[2025-03-01T08:30:42.525Z] Error reading actual data: no connection to modbus server
[2025-03-01T08:30:42.526Z] Error writing to Modbus register: no connection to modbus server
[2025-03-01T08:30:42.526Z] Error reading register 3105 for IP 10.30.4.91: no connection to modbus server
[2025-03-01T08:30:42.526Z] ❌ Error reading register 1000 for IP 10.30.4.91: no connection to modbus server
[2025-03-01T08:30:42.527Z] Error reading actual data: no connection to modbus server
[2025-03-01T08:30:42.663Z] Error writing to Modbus register: no connection to modbus server
[2025-03-01T08:30:42.665Z] Error reading register 3105 for IP 10.30.4.91: no connection to modbus server
[2025-03-01T08:30:42.665Z] ❌ Error reading register 1000 for IP 10.30.4.91: no connection to modbus server
[2025-03-01T08:30:42.666Z] Error reading actual data: no connection to modbus server
[2025-03-01T08:30:42.679Z] Error writing to Modbus register: no connection to modbus server
[2025-03-01T08:30:42.762Z] ❌ Error reading register 1000 for IP 10.30.4.91: no connection to modbus server
[2025-03-01T08:30:42.762Z] Error reading register 3105 for IP 10.30.4.91: no connection to modbus server
[2025-03-01T08:30:42.762Z] Error reading actual data: no connection to modbus server
[2025-03-01T08:30:42.762Z] Error writing to Modbus register: no connection to modbus server
[2025-03-01T08:30:42.763Z] Error reading register 3105 for IP 10.30.4.91: no connection to modbus server
[2025-03-01T08:30:42.764Z] ❌ Error reading register 1000 for IP 10.30.4.91: no connection to modbus server
[2025-03-01T08:30:42.764Z] Error writing to Modbus register: no connection to modbus server
[2025-03-01T08:30:42.764Z] Error reading actual data: no connection to modbus server
[2025-03-01T08:30:43.380Z] Error reading register 3105 for IP 10.30.4.91: no connection to modbus server
[2025-03-01T08:30:43.380Z] ❌ Error reading register 1000 for IP 10.30.4.91: no connection to modbus server
[2025-03-01T08:30:43.381Z] Error reading actual data: no connection to modbus server
[2025-03-01T08:30:43.529Z] Error writing to Modbus register: no connection to modbus server
[2025-03-01T08:30:43.530Z] Error reading register 3105 for IP 10.30.4.91: no connection to modbus server
[2025-03-01T08:30:43.531Z] ❌ Error reading register 1000 for IP 10.30.4.91: no connection to modbus server
[2025-03-01T08:30:43.531Z] Error reading actual data: no connection to modbus server
[2025-03-01T08:30:43.532Z] Error writing to Modbus register: no connection to modbus server
[2025-03-01T08:30:43.533Z] ❌ Error reading register 1000 for IP 10.30.4.91: no connection to modbus server
[2025-03-01T08:30:43.533Z] Error reading register 3105 for IP 10.30.4.91: no connection to modbus server
[2025-03-01T08:30:43.533Z] Error reading actual data: no connection to modbus server
[2025-03-01T08:30:43.663Z] Error writing to Modbus register: no connection to modbus server
[2025-03-01T08:30:43.663Z] Error reading register 3105 for IP 10.30.4.91: no connection to modbus server
[2025-03-01T08:30:43.663Z] ❌ Error reading register 1000 for IP 10.30.4.91: no connection to modbus server
[2025-03-01T08:30:43.664Z] Error reading actual data: no connection to modbus server
[2025-03-01T08:30:43.678Z] Error writing to Modbus register: no connection to modbus server
[2025-03-01T08:30:43.777Z] Error reading register 3105 for IP 10.30.4.91: no connection to modbus server
[2025-03-01T08:30:43.777Z] ❌ Error reading register 1000 for IP 10.30.4.91: no connection to modbus server
[2025-03-01T08:30:43.777Z] Error reading actual data: no connection to modbus server
[2025-03-01T08:30:43.778Z] Error reading register 3105 for IP 10.30.4.91: no connection to modbus server
[2025-03-01T08:30:43.778Z] ❌ Error reading register 1000 for IP 10.30.4.91: no connection to modbus server
[2025-03-01T08:30:43.778Z] Error reading actual data: no connection to modbus server
[2025-03-01T08:30:43.778Z] Error writing to Modbus register: no connection to modbus server
[2025-03-01T08:30:43.777Z] Error writing to Modbus register: no connection to modbus server
[2025-03-01T08:30:44.382Z] Error reading register 3105 for IP 10.30.4.91: no connection to modbus server
[2025-03-01T08:30:44.382Z] ❌ Error reading register 1000 for IP 10.30.4.91: no connection to modbus server
[2025-03-01T08:30:44.382Z] Error reading actual data: no connection to modbus server
[2025-03-01T08:30:44.530Z] Error writing to Modbus register: no connection to modbus server
[2025-03-01T08:30:44.531Z] Error reading register 3105 for IP 10.30.4.91: no connection to modbus server
[2025-03-01T08:30:44.531Z] ❌ Error reading register 1000 for IP 10.30.4.91: no connection to modbus server
[2025-03-01T08:30:44.531Z] Error reading actual data: no connection to modbus server
[2025-03-01T08:30:44.531Z] Error writing to Modbus register: no connection to modbus server
[2025-03-01T08:30:44.545Z] Error reading register 3105 for IP 10.30.4.91: no connection to modbus server
[2025-03-01T08:30:44.545Z] ❌ Error reading register 1000 for IP 10.30.4.91: no connection to modbus server
[2025-03-01T08:30:44.545Z] Error reading actual data: no connection to modbus server
[2025-03-01T08:30:44.666Z] Error writing to Modbus register: no connection to modbus server
[2025-03-01T08:30:44.667Z] Error reading register 3105 for IP 10.30.4.91: no connection to modbus server
[2025-03-01T08:30:44.667Z] ❌ Error reading register 1000 for IP 10.30.4.91: no connection to modbus server
[2025-03-01T08:30:44.667Z] Error reading actual data: no connection to modbus server
[2025-03-01T08:30:44.682Z] Error writing to Modbus register: no connection to modbus server
[2025-03-01T08:30:44.786Z] Error reading register 3105 for IP 10.30.4.91: no connection to modbus server
[2025-03-01T08:30:44.786Z] Error reading actual data: no connection to modbus server
[2025-03-01T08:30:44.786Z] ❌ Error reading register 1000 for IP 10.30.4.91: no connection to modbus server
[2025-03-01T08:30:44.786Z] Error writing to Modbus register: no connection to modbus server
[2025-03-01T08:30:44.787Z] Error reading register 3105 for IP 10.30.4.91: no connection to modbus server
[2025-03-01T08:30:44.787Z] ❌ Error reading register 1000 for IP 10.30.4.91: no connection to modbus server
[2025-03-01T08:30:44.787Z] Error reading actual data: no connection to modbus server
[2025-03-01T08:30:44.787Z] Error writing to Modbus register: no connection to modbus server
[2025-03-01T08:30:45.398Z] Error reading register 3105 for IP 10.30.4.91: no connection to modbus server
[2025-03-01T08:30:45.399Z] ❌ Error reading register 1000 for IP 10.30.4.91: no connection to modbus server
[2025-03-01T08:30:45.399Z] Error reading actual data: no connection to modbus server
[2025-03-01T08:30:45.545Z] Error writing to Modbus register: no connection to modbus server
[2025-03-01T08:30:45.545Z] Error reading register 3105 for IP 10.30.4.91: no connection to modbus server
[2025-03-01T08:30:45.546Z] ❌ Error reading register 1000 for IP 10.30.4.91: no connection to modbus server
[2025-03-01T08:30:45.546Z] Error reading actual data: no connection to modbus server
[2025-03-01T08:30:45.546Z] Error reading register 3105 for IP 10.30.4.91: no connection to modbus server
[2025-03-01T08:30:45.546Z] ❌ Error reading register 1000 for IP 10.30.4.91: no connection to modbus server
[2025-03-01T08:30:45.546Z] Error reading actual data: no connection to modbus server
[2025-03-01T08:30:45.546Z] Error writing to Modbus register: no connection to modbus server
[2025-03-01T08:30:45.671Z] Error writing to Modbus register: no connection to modbus server
[2025-03-01T08:30:45.672Z] Error reading register 3105 for IP 10.30.4.91: no connection to modbus server
[2025-03-01T08:30:45.672Z] ❌ Error reading register 1000 for IP 10.30.4.91: no connection to modbus server
[2025-03-01T08:30:45.672Z] Error reading actual data: no connection to modbus server
[2025-03-01T08:30:45.695Z] Error writing to Modbus register: no connection to modbus server
[2025-03-01T08:30:45.796Z] Error reading register 3105 for IP 10.30.4.91: no connection to modbus server
[2025-03-01T08:30:45.796Z] ❌ Error reading register 1000 for IP 10.30.4.91: no connection to modbus server
[2025-03-01T08:30:45.797Z] Error reading actual data: no connection to modbus server
[2025-03-01T08:30:45.798Z] Error writing to Modbus register: no connection to modbus server
[2025-03-01T08:30:45.799Z] Error reading register 3105 for IP 10.30.4.91: no connection to modbus server
[2025-03-01T08:30:45.799Z] ❌ Error reading register 1000 for IP 10.30.4.91: no connection to modbus server
[2025-03-01T08:30:45.800Z] Error reading actual data: no connection to modbus server
[2025-03-01T08:30:45.801Z] Error writing to Modbus register: no connection to modbus server
[2025-03-01T08:30:46.409Z] ❌ Error reading register 1000 for IP 10.30.4.91: no connection to modbus server
[2025-03-01T08:30:46.408Z] Error reading register 3105 for IP 10.30.4.91: no connection to modbus server
[2025-03-01T08:30:46.409Z] Error reading actual data: no connection to modbus server
[2025-03-01T08:30:46.547Z] Error writing to Modbus register: no connection to modbus server
[2025-03-01T08:30:46.548Z] Error reading register 3105 for IP 10.30.4.91: no connection to modbus server
[2025-03-01T08:30:46.549Z] ❌ Error reading register 1000 for IP 10.30.4.91: no connection to modbus server
[2025-03-01T08:30:46.549Z] Error reading actual data: no connection to modbus server
[2025-03-01T08:30:46.550Z] Error writing to Modbus register: no connection to modbus server
[2025-03-01T08:30:46.552Z] Error reading register 3105 for IP 10.30.4.91: no connection to modbus server
[2025-03-01T08:30:46.552Z] ❌ Error reading register 1000 for IP 10.30.4.91: no connection to modbus server
[2025-03-01T08:30:46.552Z] Error reading actual data: no connection to modbus server
[2025-03-01T08:30:46.677Z] Error writing to Modbus register: no connection to modbus server
[2025-03-01T08:30:46.678Z] ❌ Error reading register 1000 for IP 10.30.4.91: no connection to modbus server
[2025-03-01T08:30:46.679Z] Error reading actual data: no connection to modbus server
[2025-03-01T08:30:46.678Z] Error reading register 3105 for IP 10.30.4.91: no connection to modbus server
[2025-03-01T08:30:46.713Z] Error writing to Modbus register: no connection to modbus server
[2025-03-01T08:30:46.796Z] Error reading register 3105 for IP 10.30.4.91: no connection to modbus server
[2025-03-01T08:30:46.796Z] ❌ Error reading register 1000 for IP 10.30.4.91: no connection to modbus server
[2025-03-01T08:30:46.796Z] Error reading actual data: no connection to modbus server
[2025-03-01T08:30:46.798Z] Error writing to Modbus register: no connection to modbus server
[2025-03-01T08:30:46.799Z] Error reading register 3105 for IP 10.30.4.91: no connection to modbus server
[2025-03-01T08:30:46.799Z] Error reading actual data: no connection to modbus server
[2025-03-01T08:30:46.799Z] ❌ Error reading register 1000 for IP 10.30.4.91: no connection to modbus server
[2025-03-01T08:30:46.811Z] Error writing to Modbus register: no connection to modbus server
[2025-03-01T08:30:47.415Z] Error reading register 3105 for IP 10.30.4.91: no connection to modbus server
[2025-03-01T08:30:47.418Z] ❌ Error reading register 1000 for IP 10.30.4.91: no connection to modbus server
[2025-03-01T08:30:47.419Z] Error reading actual data: no connection to modbus server
[2025-03-01T08:30:47.563Z] Error writing to Modbus register: no connection to modbus server
[2025-03-01T08:30:47.564Z] Error reading register 3105 for IP 10.30.4.91: no connection to modbus server
[2025-03-01T08:30:47.567Z] Error reading register 3105 for IP 10.30.4.91: no connection to modbus server
[2025-03-01T08:30:47.564Z] ❌ Error reading register 1000 for IP 10.30.4.91: no connection to modbus server
[2025-03-01T08:30:47.565Z] Error reading actual data: no connection to modbus server
[2025-03-01T08:30:47.568Z] Error reading actual data: no connection to modbus server
[2025-03-01T08:30:47.566Z] Error writing to Modbus register: no connection to modbus server
[2025-03-01T08:30:47.567Z] ❌ Error reading register 1000 for IP 10.30.4.91: no connection to modbus server
[2025-03-01T08:30:47.687Z] Error writing to Modbus register: no connection to modbus server
[2025-03-01T08:30:47.687Z] Error reading register 3105 for IP 10.30.4.91: no connection to modbus server
[2025-03-01T08:30:47.688Z] ❌ Error reading register 1000 for IP 10.30.4.91: no connection to modbus server
[2025-03-01T08:30:47.688Z] Error reading actual data: no connection to modbus server
[2025-03-01T08:30:47.712Z] Error writing to Modbus register: no connection to modbus server
[2025-03-01T08:30:47.800Z] Error reading register 3105 for IP 10.30.4.91: no connection to modbus server
[2025-03-01T08:30:47.800Z] Error reading actual data: no connection to modbus server
[2025-03-01T08:30:47.800Z] ❌ Error reading register 1000 for IP 10.30.4.91: no connection to modbus server
[2025-03-01T08:30:47.800Z] Error writing to Modbus register: no connection to modbus server
[2025-03-01T08:30:47.801Z] Error reading register 3105 for IP 10.30.4.91: no connection to modbus server
[2025-03-01T08:30:47.801Z] ❌ Error reading register 1000 for IP 10.30.4.91: no connection to modbus server
[2025-03-01T08:30:47.801Z] Error reading actual data: no connection to modbus server
[2025-03-01T08:30:47.829Z] Error writing to Modbus register: no connection to modbus server
[2025-03-01T08:30:48.426Z] Error reading register 3105 for IP 10.30.4.91: no connection to modbus server
[2025-03-01T08:30:48.427Z] ❌ Error reading register 1000 for IP 10.30.4.91: no connection to modbus server
[2025-03-01T08:30:48.427Z] Error reading actual data: no connection to modbus server
[2025-03-01T08:30:48.562Z] Error writing to Modbus register: no connection to modbus server
[2025-03-01T08:30:48.564Z] Error reading register 3105 for IP 10.30.4.91: no connection to modbus server
[2025-03-01T08:30:48.565Z] ❌ Error reading register 1000 for IP 10.30.4.91: no connection to modbus server
[2025-03-01T08:30:48.565Z] Error reading actual data: no connection to modbus server
[2025-03-01T08:30:48.566Z] Error writing to Modbus register: no connection to modbus server
[2025-03-01T08:30:48.567Z] Error reading register 3105 for IP 10.30.4.91: no connection to modbus server
[2025-03-01T08:30:48.567Z] ❌ Error reading register 1000 for IP 10.30.4.91: no connection to modbus server
[2025-03-01T08:30:48.567Z] Error reading actual data: no connection to modbus server
[2025-03-01T08:30:48.696Z] Error writing to Modbus register: no connection to modbus server
[2025-03-01T08:30:48.697Z] Error reading register 3105 for IP 10.30.4.91: no connection to modbus server
[2025-03-01T08:30:48.697Z] ❌ Error reading register 1000 for IP 10.30.4.91: no connection to modbus server
[2025-03-01T08:30:48.697Z] Error reading actual data: no connection to modbus server
[2025-03-01T08:30:48.712Z] Error writing to Modbus register: no connection to modbus server
[2025-03-01T08:30:48.813Z] Error reading register 3105 for IP 10.30.4.91: no connection to modbus server
[2025-03-01T08:30:48.813Z] ❌ Error reading register 1000 for IP 10.30.4.91: no connection to modbus server
[2025-03-01T08:30:48.813Z] Error reading actual data: no connection to modbus server
[2025-03-01T08:30:48.814Z] Error reading register 3105 for IP 10.30.4.91: no connection to modbus server
[2025-03-01T08:30:48.814Z] Error writing to Modbus register: no connection to modbus server
[2025-03-01T08:30:48.814Z] ❌ Error reading register 1000 for IP 10.30.4.91: no connection to modbus server
[2025-03-01T08:30:48.814Z] Error reading actual data: no connection to modbus server
[2025-03-01T08:30:48.846Z] Error writing to Modbus register: no connection to modbus server
[2025-03-01T08:30:49.430Z] ❌ Error reading register 1000 for IP 10.30.4.91: no connection to modbus server
[2025-03-01T08:30:49.430Z] Error reading register 3105 for IP 10.30.4.91: no connection to modbus server
[2025-03-01T08:30:49.431Z] Error reading actual data: no connection to modbus server
[2025-03-01T08:30:49.581Z] Error reading register 3105 for IP 10.30.4.91: no connection to modbus server
[2025-03-01T08:30:49.581Z] ❌ Error reading register 1000 for IP 10.30.4.91: no connection to modbus server
[2025-03-01T08:30:49.582Z] Error reading actual data: no connection to modbus server
[2025-03-01T08:30:49.583Z] Error writing to Modbus register: no connection to modbus server
[2025-03-01T08:30:49.579Z] Error writing to Modbus register: no connection to modbus server
[2025-03-01T08:30:49.584Z] Error reading register 3105 for IP 10.30.4.91: no connection to modbus server
[2025-03-01T08:30:49.584Z] ❌ Error reading register 1000 for IP 10.30.4.91: no connection to modbus server
[2025-03-01T08:30:49.584Z] Error reading actual data: no connection to modbus server
[2025-03-01T08:30:49.696Z] Error writing to Modbus register: no connection to modbus server
[2025-03-01T08:30:49.698Z] ❌ Error reading register 1000 for IP 10.30.4.91: no connection to modbus server
[2025-03-01T08:30:49.697Z] Error reading register 3105 for IP 10.30.4.91: no connection to modbus server
[2025-03-01T08:30:49.698Z] Error reading actual data: no connection to modbus server
[2025-03-01T08:30:49.713Z] Error writing to Modbus register: no connection to modbus server
[2025-03-01T08:30:49.816Z] Error reading register 3105 for IP 10.30.4.91: no connection to modbus server
[2025-03-01T08:30:49.816Z] ❌ Error reading register 1000 for IP 10.30.4.91: no connection to modbus server
[2025-03-01T08:30:49.817Z] Error reading actual data: no connection to modbus server
[2025-03-01T08:30:49.817Z] Error writing to Modbus register: no connection to modbus server
[2025-03-01T08:30:49.817Z] Error reading register 3105 for IP 10.30.4.91: no connection to modbus server
[2025-03-01T08:30:49.818Z] Error reading actual data: no connection to modbus server
[2025-03-01T08:30:49.817Z] ❌ Error reading register 1000 for IP 10.30.4.91: no connection to modbus server
[2025-03-01T08:30:49.846Z] Error writing to Modbus register: no connection to modbus server
[2025-03-01T08:30:50.429Z] Error reading register 3105 for IP 10.30.4.91: no connection to modbus server
[2025-03-01T08:30:50.429Z] ❌ Error reading register 1000 for IP 10.30.4.91: no connection to modbus server
[2025-03-01T08:30:50.429Z] Error reading actual data: no connection to modbus server
[2025-03-01T08:30:50.579Z] Error writing to Modbus register: no connection to modbus server
[2025-03-01T08:30:50.581Z] Error reading register 3105 for IP 10.30.4.91: no connection to modbus server
[2025-03-01T08:30:50.581Z] ❌ Error reading register 1000 for IP 10.30.4.91: no connection to modbus server
[2025-03-01T08:30:50.581Z] Error reading actual data: no connection to modbus server
[2025-03-01T08:30:50.583Z] Error writing to Modbus register: no connection to modbus server
[2025-03-01T08:30:50.583Z] Error reading register 3105 for IP 10.30.4.91: no connection to modbus server
[2025-03-01T08:30:50.584Z] ❌ Error reading register 1000 for IP 10.30.4.91: no connection to modbus server
[2025-03-01T08:30:50.584Z] Error reading actual data: no connection to modbus server
[2025-03-01T08:30:50.708Z] Error writing to Modbus register: no connection to modbus server
[2025-03-01T08:30:50.709Z] Error reading register 3105 for IP 10.30.4.91: no connection to modbus server
[2025-03-01T08:30:50.709Z] ❌ Error reading register 1000 for IP 10.30.4.91: no connection to modbus server
[2025-03-01T08:30:50.709Z] Error reading actual data: no connection to modbus server
[2025-03-01T08:30:50.728Z] Error writing to Modbus register: no connection to modbus server
[2025-03-01T08:30:50.816Z] ❌ Error reading register 1000 for IP 10.30.4.91: no connection to modbus server
[2025-03-01T08:30:50.816Z] Error reading register 3105 for IP 10.30.4.91: no connection to modbus server
[2025-03-01T08:30:50.816Z] Error reading actual data: no connection to modbus server
[2025-03-01T08:30:50.816Z] Error writing to Modbus register: no connection to modbus server
[2025-03-01T08:30:50.830Z] ❌ Error reading register 1000 for IP 10.30.4.91: no connection to modbus server
[2025-03-01T08:30:50.829Z] Error reading register 3105 for IP 10.30.4.91: no connection to modbus server
[2025-03-01T08:30:50.830Z] Error reading actual data: no connection to modbus server
[2025-03-01T08:30:50.859Z] Error writing to Modbus register: no connection to modbus server
[2025-03-01T08:30:51.429Z] Error reading register 3105 for IP 10.30.4.91: no connection to modbus server
[2025-03-01T08:30:51.429Z] ❌ Error reading register 1000 for IP 10.30.4.91: no connection to modbus server
[2025-03-01T08:30:51.429Z] Error reading actual data: no connection to modbus server
[2025-03-01T08:30:51.589Z] Error writing to Modbus register: no connection to modbus server
[2025-03-01T08:30:51.589Z] Error reading register 3105 for IP 10.30.4.91: no connection to modbus server
[2025-03-01T08:30:51.590Z] ❌ Error reading register 1000 for IP 10.30.4.91: no connection to modbus server
[2025-03-01T08:30:51.590Z] Error reading actual data: no connection to modbus server
[2025-03-01T08:30:51.590Z] Error writing to Modbus register: no connection to modbus server
[2025-03-01T08:30:51.591Z] Error reading register 3105 for IP 10.30.4.91: no connection to modbus server
[2025-03-01T08:30:51.591Z] ❌ Error reading register 1000 for IP 10.30.4.91: no connection to modbus server
[2025-03-01T08:30:51.591Z] Error reading actual data: no connection to modbus server
[2025-03-01T08:30:51.710Z] Error writing to Modbus register: no connection to modbus server
[2025-03-01T08:30:51.711Z] Error reading register 3105 for IP 10.30.4.91: no connection to modbus server
[2025-03-01T08:30:51.711Z] ❌ Error reading register 1000 for IP 10.30.4.91: no connection to modbus server
[2025-03-01T08:30:51.711Z] Error reading actual data: no connection to modbus server
[2025-03-01T08:30:51.729Z] Error writing to Modbus register: no connection to modbus server
[2025-03-01T08:30:51.825Z] Error reading register 3105 for IP 10.30.4.91: no connection to modbus server
[2025-03-01T08:30:51.825Z] ❌ Error reading register 1000 for IP 10.30.4.91: no connection to modbus server
[2025-03-01T08:30:51.825Z] Error writing to Modbus register: no connection to modbus server
[2025-03-01T08:30:51.825Z] Error reading actual data: no connection to modbus server
[2025-03-01T08:30:51.842Z] Error reading register 3105 for IP 10.30.4.91: no connection to modbus server
[2025-03-01T08:30:51.843Z] ❌ Error reading register 1000 for IP 10.30.4.91: no connection to modbus server
[2025-03-01T08:30:51.843Z] Error reading actual data: no connection to modbus server
[2025-03-01T08:30:51.871Z] Error writing to Modbus register: no connection to modbus server
[2025-03-01T08:30:52.443Z] ❌ Error reading register 1000 for IP 10.30.4.91: no connection to modbus server
[2025-03-01T08:30:52.443Z] Error reading register 3105 for IP 10.30.4.91: no connection to modbus server
[2025-03-01T08:30:52.444Z] Error reading actual data: no connection to modbus server
[2025-03-01T08:30:52.596Z] Error writing to Modbus register: no connection to modbus server
[2025-03-01T08:30:52.597Z] Error reading register 3105 for IP 10.30.4.91: no connection to modbus server
[2025-03-01T08:30:52.597Z] ❌ Error reading register 1000 for IP 10.30.4.91: no connection to modbus server
[2025-03-01T08:30:52.597Z] Error reading actual data: no connection to modbus server
[2025-03-01T08:30:52.598Z] Error writing to Modbus register: no connection to modbus server
[2025-03-01T08:30:52.598Z] Error reading register 3105 for IP 10.30.4.91: no connection to modbus server
[2025-03-01T08:30:52.598Z] ❌ Error reading register 1000 for IP 10.30.4.91: no connection to modbus server
[2025-03-01T08:30:52.599Z] Error reading actual data: no connection to modbus server
[2025-03-01T08:30:52.714Z] Error writing to Modbus register: no connection to modbus server
[2025-03-01T08:30:52.715Z] Error reading register 3105 for IP 10.30.4.91: no connection to modbus server
[2025-03-01T08:30:52.715Z] ❌ Error reading register 1000 for IP 10.30.4.91: no connection to modbus server
[2025-03-01T08:30:52.715Z] Error reading actual data: no connection to modbus server
[2025-03-01T08:30:52.747Z] Error writing to Modbus register: no connection to modbus server
[2025-03-01T08:30:52.828Z] Error reading register 3105 for IP 10.30.4.91: no connection to modbus server
[2025-03-01T08:30:52.828Z] ❌ Error reading register 1000 for IP 10.30.4.91: no connection to modbus server
[2025-03-01T08:30:52.829Z] Error reading actual data: no connection to modbus server
[2025-03-01T08:30:52.829Z] Error writing to Modbus register: no connection to modbus server
[2025-03-01T08:30:52.843Z] ❌ Error reading register 1000 for IP 10.30.4.91: no connection to modbus server
[2025-03-01T08:30:52.844Z] Error reading actual data: no connection to modbus server
[2025-03-01T08:30:52.843Z] Error reading register 3105 for IP 10.30.4.91: no connection to modbus server
[2025-03-01T08:30:52.879Z] Error writing to Modbus register: no connection to modbus server
[2025-03-01T08:30:53.445Z] Error reading register 3105 for IP 10.30.4.91: no connection to modbus server
[2025-03-01T08:30:53.445Z] ❌ Error reading register 1000 for IP 10.30.4.91: no connection to modbus server
[2025-03-01T08:30:53.446Z] Error reading actual data: no connection to modbus server
[2025-03-01T08:30:53.602Z] Error writing to Modbus register: no connection to modbus server
[2025-03-01T08:30:53.603Z] Error reading register 3105 for IP 10.30.4.91: no connection to modbus server
[2025-03-01T08:30:53.603Z] Error writing to Modbus register: no connection to modbus server
[2025-03-01T08:30:53.603Z] Error reading actual data: no connection to modbus server
[2025-03-01T08:30:53.604Z] Error reading register 3105 for IP 10.30.4.91: no connection to modbus server
[2025-03-01T08:30:53.604Z] ❌ Error reading register 1000 for IP 10.30.4.91: no connection to modbus server
[2025-03-01T08:30:53.603Z] ❌ Error reading register 1000 for IP 10.30.4.91: no connection to modbus server
[2025-03-01T08:30:53.604Z] Error reading actual data: no connection to modbus server
[2025-03-01T08:30:53.715Z] Error writing to Modbus register: no connection to modbus server
[2025-03-01T08:30:53.716Z] Error reading register 3105 for IP 10.30.4.91: no connection to modbus server
[2025-03-01T08:30:53.716Z] ❌ Error reading register 1000 for IP 10.30.4.91: no connection to modbus server
[2025-03-01T08:30:53.716Z] Error reading actual data: no connection to modbus server
[2025-03-01T08:30:53.760Z] Error writing to Modbus register: no connection to modbus server
[2025-03-01T08:30:53.836Z] Error reading register 3105 for IP 10.30.4.91: no connection to modbus server
[2025-03-01T08:30:53.836Z] ❌ Error reading register 1000 for IP 10.30.4.91: no connection to modbus server
[2025-03-01T08:30:53.837Z] Error writing to Modbus register: no connection to modbus server
[2025-03-01T08:30:53.837Z] Error reading actual data: no connection to modbus server
[2025-03-01T08:30:53.852Z] Error reading register 3105 for IP 10.30.4.91: no connection to modbus server
[2025-03-01T08:30:53.852Z] ❌ Error reading register 1000 for IP 10.30.4.91: no connection to modbus server
[2025-03-01T08:30:53.852Z] Error reading actual data: no connection to modbus server
[2025-03-01T08:30:53.882Z] Error writing to Modbus register: no connection to modbus server
[2025-03-01T08:30:54.460Z] Error reading register 3105 for IP 10.30.4.91: no connection to modbus server
[2025-03-01T08:30:54.460Z] ❌ Error reading register 1000 for IP 10.30.4.91: no connection to modbus server
[2025-03-01T08:30:54.460Z] Error reading actual data: no connection to modbus server
[2025-03-01T08:30:54.610Z] Error writing to Modbus register: no connection to modbus server
[2025-03-01T08:30:54.611Z] Error reading register 3105 for IP 10.30.4.91: no connection to modbus server
[2025-03-01T08:30:54.611Z] ❌ Error reading register 1000 for IP 10.30.4.91: no connection to modbus server
[2025-03-01T08:30:54.611Z] Error reading actual data: no connection to modbus server
[2025-03-01T08:30:54.612Z] Error writing to Modbus register: no connection to modbus server
[2025-03-01T08:30:54.612Z] Error reading register 3105 for IP 10.30.4.91: no connection to modbus server
[2025-03-01T08:30:54.612Z] ❌ Error reading register 1000 for IP 10.30.4.91: no connection to modbus server
[2025-03-01T08:30:54.612Z] Error reading actual data: no connection to modbus server
[2025-03-01T08:30:54.727Z] Error writing to Modbus register: no connection to modbus server
[2025-03-01T08:30:54.728Z] Error reading register 3105 for IP 10.30.4.91: no connection to modbus server
[2025-03-01T08:30:54.728Z] ❌ Error reading register 1000 for IP 10.30.4.91: no connection to modbus server
[2025-03-01T08:30:54.728Z] Error reading actual data: no connection to modbus server
[2025-03-01T08:30:54.774Z] Error writing to Modbus register: no connection to modbus server
[2025-03-01T08:30:54.843Z] Error reading register 3105 for IP 10.30.4.91: no connection to modbus server
[2025-03-01T08:30:54.843Z] ❌ Error reading register 1000 for IP 10.30.4.91: no connection to modbus server
[2025-03-01T08:30:54.844Z] Error reading actual data: no connection to modbus server
[2025-03-01T08:30:54.844Z] Error writing to Modbus register: no connection to modbus server
[2025-03-01T08:30:54.858Z] Error reading register 3105 for IP 10.30.4.91: no connection to modbus server
[2025-03-01T08:30:54.858Z] ❌ Error reading register 1000 for IP 10.30.4.91: no connection to modbus server
[2025-03-01T08:30:54.858Z] Error reading actual data: no connection to modbus server
[2025-03-01T08:30:54.885Z] Error writing to Modbus register: no connection to modbus server
[2025-03-01T08:30:55.462Z] Error reading register 3105 for IP 10.30.4.91: no connection to modbus server
[2025-03-01T08:30:55.462Z] ❌ Error reading register 1000 for IP 10.30.4.91: no connection to modbus server
[2025-03-01T08:30:55.462Z] Error reading actual data: no connection to modbus server
[2025-03-01T08:30:55.623Z] Error writing to Modbus register: no connection to modbus server
[2025-03-01T08:30:55.623Z] Error reading register 3105 for IP 10.30.4.91: no connection to modbus server
[2025-03-01T08:30:55.624Z] ❌ Error reading register 1000 for IP 10.30.4.91: no connection to modbus server
[2025-03-01T08:30:55.624Z] Error reading actual data: no connection to modbus server
[2025-03-01T08:30:55.624Z] Error writing to Modbus register: no connection to modbus server
[2025-03-01T08:30:55.624Z] Error reading register 3105 for IP 10.30.4.91: no connection to modbus server
[2025-03-01T08:30:55.625Z] ❌ Error reading register 1000 for IP 10.30.4.91: no connection to modbus server
[2025-03-01T08:30:55.625Z] Error reading actual data: no connection to modbus server
[2025-03-01T08:30:55.742Z] Error reading register 3105 for IP 10.30.4.91: no connection to modbus server
[2025-03-01T08:30:55.742Z] ❌ Error reading register 1000 for IP 10.30.4.91: no connection to modbus server
[2025-03-01T08:30:55.742Z] Error reading actual data: no connection to modbus server
[2025-03-01T08:30:55.741Z] Error writing to Modbus register: no connection to modbus server
[2025-03-01T08:30:55.778Z] Error writing to Modbus register: no connection to modbus server
[2025-03-01T08:30:55.858Z] Error reading register 3105 for IP 10.30.4.91: no connection to modbus server
[2025-03-01T08:30:55.858Z] ❌ Error reading register 1000 for IP 10.30.4.91: no connection to modbus server
[2025-03-01T08:30:55.858Z] Error reading actual data: no connection to modbus server
[2025-03-01T08:30:55.859Z] Error writing to Modbus register: no connection to modbus server
[2025-03-01T08:30:55.859Z] Error reading register 3105 for IP 10.30.4.91: no connection to modbus server
[2025-03-01T08:30:55.860Z] ❌ Error reading register 1000 for IP 10.30.4.91: no connection to modbus server
[2025-03-01T08:30:55.860Z] Error reading actual data: no connection to modbus server
[2025-03-01T08:30:55.890Z] Error writing to Modbus register: no connection to modbus server
[2025-03-01T08:30:56.468Z] Error reading register 3105 for IP 10.30.4.91: no connection to modbus server
[2025-03-01T08:30:56.469Z] ❌ Error reading register 1000 for IP 10.30.4.91: no connection to modbus server
[2025-03-01T08:30:56.469Z] Error reading actual data: no connection to modbus server
[2025-03-01T08:30:56.627Z] Error writing to Modbus register: no connection to modbus server
[2025-03-01T08:30:56.627Z] Error reading register 3105 for IP 10.30.4.91: no connection to modbus server
[2025-03-01T08:30:56.627Z] ❌ Error reading register 1000 for IP 10.30.4.91: no connection to modbus server
[2025-03-01T08:30:56.628Z] Error reading actual data: no connection to modbus server
[2025-03-01T08:30:56.628Z] Error writing to Modbus register: no connection to modbus server
[2025-03-01T08:30:56.629Z] Error reading register 3105 for IP 10.30.4.91: no connection to modbus server
[2025-03-01T08:30:56.629Z] ❌ Error reading register 1000 for IP 10.30.4.91: no connection to modbus server
[2025-03-01T08:30:56.629Z] Error reading actual data: no connection to modbus server
[2025-03-01T08:30:56.755Z] Error writing to Modbus register: no connection to modbus server
[2025-03-01T08:30:56.756Z] Error reading register 3105 for IP 10.30.4.91: no connection to modbus server
[2025-03-01T08:30:56.756Z] ❌ Error reading register 1000 for IP 10.30.4.91: no connection to modbus server
[2025-03-01T08:30:56.756Z] Error reading actual data: no connection to modbus server
[2025-03-01T08:30:56.794Z] Error writing to Modbus register: no connection to modbus server
[2025-03-01T08:30:56.862Z] Error reading register 3105 for IP 10.30.4.91: no connection to modbus server
[2025-03-01T08:30:56.862Z] ❌ Error reading register 1000 for IP 10.30.4.91: no connection to modbus server
[2025-03-01T08:30:56.862Z] Error reading actual data: no connection to modbus server
[2025-03-01T08:30:56.863Z] Error writing to Modbus register: no connection to modbus server
[2025-03-01T08:30:56.863Z] Error reading register 3105 for IP 10.30.4.91: no connection to modbus server
[2025-03-01T08:30:56.863Z] Error reading actual data: no connection to modbus server
[2025-03-01T08:30:56.863Z] ❌ Error reading register 1000 for IP 10.30.4.91: no connection to modbus server
[2025-03-01T08:30:56.895Z] Error writing to Modbus register: no connection to modbus server
[2025-03-01T08:30:57.477Z] Error reading register 3105 for IP 10.30.4.91: no connection to modbus server
[2025-03-01T08:30:57.478Z] ❌ Error reading register 1000 for IP 10.30.4.91: no connection to modbus server
[2025-03-01T08:30:57.478Z] Error reading actual data: no connection to modbus server
[2025-03-01T08:30:57.646Z] Error reading register 3105 for IP 10.30.4.91: no connection to modbus server
[2025-03-01T08:30:57.647Z] ❌ Error reading register 1000 for IP 10.30.4.91: no connection to modbus server
[2025-03-01T08:30:57.645Z] Error writing to Modbus register: no connection to modbus server
[2025-03-01T08:30:57.650Z] Error reading register 3105 for IP 10.30.4.91: no connection to modbus server
[2025-03-01T08:30:57.650Z] ❌ Error reading register 1000 for IP 10.30.4.91: no connection to modbus server
[2025-03-01T08:30:57.647Z] Error reading actual data: no connection to modbus server
[2025-03-01T08:30:57.648Z] Error writing to Modbus register: no connection to modbus server
[2025-03-01T08:30:57.650Z] Error reading actual data: no connection to modbus server
[2025-03-01T08:30:57.763Z] Error reading register 3105 for IP 10.30.4.91: no connection to modbus server
[2025-03-01T08:30:57.763Z] ❌ Error reading register 1000 for IP 10.30.4.91: no connection to modbus server
[2025-03-01T08:30:57.762Z] Error writing to Modbus register: no connection to modbus server
[2025-03-01T08:30:57.763Z] Error reading actual data: no connection to modbus server
[2025-03-01T08:30:57.795Z] Error writing to Modbus register: no connection to modbus server
[2025-03-01T08:30:57.877Z] Error reading register 3105 for IP 10.30.4.91: no connection to modbus server
[2025-03-01T08:30:57.877Z] ❌ Error reading register 1000 for IP 10.30.4.91: no connection to modbus server
[2025-03-01T08:30:57.877Z] Error reading actual data: no connection to modbus server
[2025-03-01T08:30:57.877Z] Error writing to Modbus register: no connection to modbus server
[2025-03-01T08:30:57.878Z] Error reading register 3105 for IP 10.30.4.91: no connection to modbus server
[2025-03-01T08:30:57.878Z] ❌ Error reading register 1000 for IP 10.30.4.91: no connection to modbus server
[2025-03-01T08:30:57.878Z] Error reading actual data: no connection to modbus server
[2025-03-01T08:30:57.895Z] Error writing to Modbus register: no connection to modbus server
[2025-03-01T08:30:58.481Z] Error reading register 3105 for IP 10.30.4.91: no connection to modbus server
[2025-03-01T08:30:58.482Z] ❌ Error reading register 1000 for IP 10.30.4.91: no connection to modbus server
[2025-03-01T08:30:58.482Z] Error reading actual data: no connection to modbus server
[2025-03-01T08:30:58.645Z] Error writing to Modbus register: no connection to modbus server
[2025-03-01T08:30:58.645Z] Error reading register 3105 for IP 10.30.4.91: no connection to modbus server
[2025-03-01T08:30:58.646Z] ❌ Error reading register 1000 for IP 10.30.4.91: no connection to modbus server
[2025-03-01T08:30:58.646Z] Error reading actual data: no connection to modbus server
[2025-03-01T08:30:58.662Z] Error writing to Modbus register: no connection to modbus server
[2025-03-01T08:30:58.663Z] ❌ Error reading register 1000 for IP 10.30.4.91: no connection to modbus server
[2025-03-01T08:30:58.662Z] Error reading register 3105 for IP 10.30.4.91: no connection to modbus server
[2025-03-01T08:30:58.663Z] Error reading actual data: no connection to modbus server
[2025-03-01T08:30:58.761Z] Error writing to Modbus register: no connection to modbus server
[2025-03-01T08:30:58.762Z] Error reading register 3105 for IP 10.30.4.91: no connection to modbus server
[2025-03-01T08:30:58.762Z] ❌ Error reading register 1000 for IP 10.30.4.91: no connection to modbus server
[2025-03-01T08:30:58.762Z] Error reading actual data: no connection to modbus server
[2025-03-01T08:30:58.812Z] Error writing to Modbus register: no connection to modbus server
[2025-03-01T08:30:58.877Z] Error reading register 3105 for IP 10.30.4.91: no connection to modbus server
[2025-03-01T08:30:58.877Z] ❌ Error reading register 1000 for IP 10.30.4.91: no connection to modbus server
[2025-03-01T08:30:58.877Z] Error reading actual data: no connection to modbus server
[2025-03-01T08:30:58.878Z] Error writing to Modbus register: no connection to modbus server
[2025-03-01T08:30:58.878Z] Error reading register 3105 for IP 10.30.4.91: no connection to modbus server
[2025-03-01T08:30:58.878Z] Error reading actual data: no connection to modbus server
[2025-03-01T08:30:58.878Z] ❌ Error reading register 1000 for IP 10.30.4.91: no connection to modbus server
[2025-03-01T08:30:58.896Z] Error writing to Modbus register: no connection to modbus server
[2025-03-01T08:30:59.495Z] Error reading register 3105 for IP 10.30.4.91: no connection to modbus server
[2025-03-01T08:30:59.495Z] ❌ Error reading register 1000 for IP 10.30.4.91: no connection to modbus server
[2025-03-01T08:30:59.496Z] Error reading actual data: no connection to modbus server
[2025-03-01T08:30:59.662Z] Error writing to Modbus register: no connection to modbus server
[2025-03-01T08:30:59.664Z] Error reading register 3105 for IP 10.30.4.91: no connection to modbus server
[2025-03-01T08:30:59.665Z] ❌ Error reading register 1000 for IP 10.30.4.91: no connection to modbus server
[2025-03-01T08:30:59.665Z] Error reading actual data: no connection to modbus server
[2025-03-01T08:30:59.666Z] Error writing to Modbus register: no connection to modbus server
[2025-03-01T08:30:59.667Z] Error reading register 3105 for IP 10.30.4.91: no connection to modbus server
[2025-03-01T08:30:59.667Z] Error reading actual data: no connection to modbus server
[2025-03-01T08:30:59.667Z] ❌ Error reading register 1000 for IP 10.30.4.91: no connection to modbus server
[2025-03-01T08:30:59.761Z] Error writing to Modbus register: no connection to modbus server
[2025-03-01T08:30:59.762Z] Error reading register 3105 for IP 10.30.4.91: no connection to modbus server
[2025-03-01T08:30:59.762Z] ❌ Error reading register 1000 for IP 10.30.4.91: no connection to modbus server
[2025-03-01T08:30:59.762Z] Error reading actual data: no connection to modbus server
[2025-03-01T08:30:59.813Z] Error writing to Modbus register: no connection to modbus server
[2025-03-01T08:30:59.878Z] Error reading register 3105 for IP 10.30.4.91: no connection to modbus server
[2025-03-01T08:30:59.879Z] ❌ Error reading register 1000 for IP 10.30.4.91: no connection to modbus server
[2025-03-01T08:30:59.879Z] Error reading actual data: no connection to modbus server
[2025-03-01T08:30:59.880Z] Error writing to Modbus register: no connection to modbus server
[2025-03-01T08:30:59.882Z] Error reading register 3105 for IP 10.30.4.91: no connection to modbus server
[2025-03-01T08:30:59.882Z] ❌ Error reading register 1000 for IP 10.30.4.91: no connection to modbus server
[2025-03-01T08:30:59.883Z] Error reading actual data: no connection to modbus server
[2025-03-01T08:30:59.910Z] Error writing to Modbus register: no connection to modbus server
[2025-03-01T08:31:00.508Z] Error reading register 3105 for IP 10.30.4.91: no connection to modbus server
[2025-03-01T08:31:00.508Z] ❌ Error reading register 1000 for IP 10.30.4.91: no connection to modbus server
[2025-03-01T08:31:00.509Z] Error reading actual data: no connection to modbus server
[2025-03-01T08:31:00.677Z] Error writing to Modbus register: no connection to modbus server
[2025-03-01T08:31:00.679Z] Error reading register 3105 for IP 10.30.4.91: no connection to modbus server
[2025-03-01T08:31:00.679Z] ❌ Error reading register 1000 for IP 10.30.4.91: no connection to modbus server
[2025-03-01T08:31:00.680Z] Error reading actual data: no connection to modbus server
[2025-03-01T08:31:00.681Z] Error writing to Modbus register: no connection to modbus server
[2025-03-01T08:31:00.682Z] Error reading register 3105 for IP 10.30.4.91: no connection to modbus server
[2025-03-01T08:31:00.682Z] ❌ Error reading register 1000 for IP 10.30.4.91: no connection to modbus server
[2025-03-01T08:31:00.682Z] Error reading actual data: no connection to modbus server
[2025-03-01T08:31:00.770Z] Error writing to Modbus register: no connection to modbus server
[2025-03-01T08:31:00.770Z] Error reading register 3105 for IP 10.30.4.91: no connection to modbus server
[2025-03-01T08:31:00.771Z] Error reading actual data: no connection to modbus server
[2025-03-01T08:31:00.771Z] ❌ Error reading register 1000 for IP 10.30.4.91: no connection to modbus server
[2025-03-01T08:31:00.818Z] Error writing to Modbus register: no connection to modbus server
[2025-03-01T08:31:00.878Z] Error reading register 3105 for IP 10.30.4.91: no connection to modbus server
[2025-03-01T08:31:00.878Z] ❌ Error reading register 1000 for IP 10.30.4.91: no connection to modbus server
[2025-03-01T08:31:00.878Z] Error reading actual data: no connection to modbus server
[2025-03-01T08:31:00.879Z] Error writing to Modbus register: no connection to modbus server
[2025-03-01T08:31:00.894Z] Error reading register 3105 for IP 10.30.4.91: no connection to modbus server
[2025-03-01T08:31:00.894Z] ❌ Error reading register 1000 for IP 10.30.4.91: no connection to modbus server
[2025-03-01T08:31:00.894Z] Error reading actual data: no connection to modbus server
[2025-03-01T08:31:00.912Z] Error writing to Modbus register: no connection to modbus server
[2025-03-01T08:31:01.510Z] ❌ Error reading register 1000 for IP 10.30.4.91: no connection to modbus server
[2025-03-01T08:31:01.510Z] Error reading actual data: no connection to modbus server
[2025-03-01T08:31:01.510Z] Error reading register 3105 for IP 10.30.4.91: no connection to modbus server
[2025-03-01T08:31:01.694Z] Error reading register 3105 for IP 10.30.4.91: no connection to modbus server
[2025-03-01T08:31:01.694Z] ❌ Error reading register 1000 for IP 10.30.4.91: no connection to modbus server
[2025-03-01T08:31:01.697Z] Error reading register 3105 for IP 10.30.4.91: no connection to modbus server
[2025-03-01T08:31:01.697Z] ❌ Error reading register 1000 for IP 10.30.4.91: no connection to modbus server
[2025-03-01T08:31:01.696Z] Error writing to Modbus register: no connection to modbus server
[2025-03-01T08:31:01.697Z] Error reading actual data: no connection to modbus server
[2025-03-01T08:31:01.692Z] Error writing to Modbus register: no connection to modbus server
[2025-03-01T08:31:01.695Z] Error reading actual data: no connection to modbus server
[2025-03-01T08:31:01.769Z] Error writing to Modbus register: no connection to modbus server
[2025-03-01T08:31:01.770Z] Error reading register 3105 for IP 10.30.4.91: no connection to modbus server
[2025-03-01T08:31:01.771Z] ❌ Error reading register 1000 for IP 10.30.4.91: no connection to modbus server
[2025-03-01T08:31:01.771Z] Error reading actual data: no connection to modbus server
[2025-03-01T08:31:01.828Z] Error writing to Modbus register: no connection to modbus server
[2025-03-01T08:31:01.878Z] Error reading register 3105 for IP 10.30.4.91: no connection to modbus server
[2025-03-01T08:31:01.878Z] ❌ Error reading register 1000 for IP 10.30.4.91: no connection to modbus server
[2025-03-01T08:31:01.879Z] Error reading actual data: no connection to modbus server
[2025-03-01T08:31:01.879Z] Error writing to Modbus register: no connection to modbus server
[2025-03-01T08:31:01.909Z] Error reading register 3105 for IP 10.30.4.91: no connection to modbus server
[2025-03-01T08:31:01.909Z] ❌ Error reading register 1000 for IP 10.30.4.91: no connection to modbus server
[2025-03-01T08:31:01.910Z] Error reading actual data: no connection to modbus server
[2025-03-01T08:31:01.912Z] Error writing to Modbus register: no connection to modbus server
[2025-03-01T08:31:02.512Z] Error reading register 3105 for IP 10.30.4.91: no connection to modbus server
[2025-03-01T08:31:02.512Z] ❌ Error reading register 1000 for IP 10.30.4.91: no connection to modbus server
[2025-03-01T08:31:02.513Z] Error reading actual data: no connection to modbus server
[2025-03-01T08:31:02.693Z] Error writing to Modbus register: no connection to modbus server
[2025-03-01T08:31:02.694Z] Error reading register 3105 for IP 10.30.4.91: no connection to modbus server
[2025-03-01T08:31:02.695Z] ❌ Error reading register 1000 for IP 10.30.4.91: no connection to modbus server
[2025-03-01T08:31:02.695Z] Error reading actual data: no connection to modbus server
[2025-03-01T08:31:02.697Z] Error writing to Modbus register: no connection to modbus server
[2025-03-01T08:31:02.698Z] Error reading register 3105 for IP 10.30.4.91: no connection to modbus server
[2025-03-01T08:31:02.698Z] ❌ Error reading register 1000 for IP 10.30.4.91: no connection to modbus server
[2025-03-01T08:31:02.698Z] Error reading actual data: no connection to modbus server
[2025-03-01T08:31:02.770Z] Error writing to Modbus register: no connection to modbus server
[2025-03-01T08:31:02.770Z] Error reading register 3105 for IP 10.30.4.91: no connection to modbus server
[2025-03-01T08:31:02.770Z] ❌ Error reading register 1000 for IP 10.30.4.91: no connection to modbus server
[2025-03-01T08:31:02.771Z] Error reading actual data: no connection to modbus server
[2025-03-01T08:31:02.844Z] Error writing to Modbus register: no connection to modbus server
[2025-03-01T08:31:02.878Z] Error reading register 3105 for IP 10.30.4.91: no connection to modbus server
[2025-03-01T08:31:02.878Z] ❌ Error reading register 1000 for IP 10.30.4.91: no connection to modbus server
[2025-03-01T08:31:02.879Z] Error reading actual data: no connection to modbus server
[2025-03-01T08:31:02.879Z] Error writing to Modbus register: no connection to modbus server
[2025-03-01T08:31:02.911Z] Error reading register 3105 for IP 10.30.4.91: no connection to modbus server
[2025-03-01T08:31:02.911Z] ❌ Error reading register 1000 for IP 10.30.4.91: no connection to modbus server
[2025-03-01T08:31:02.911Z] Error reading actual data: no connection to modbus server
[2025-03-01T08:31:02.912Z] Error writing to Modbus register: no connection to modbus server
[2025-03-01T08:31:03.525Z] Error reading register 3105 for IP 10.30.4.91: no connection to modbus server
[2025-03-01T08:31:03.526Z] ❌ Error reading register 1000 for IP 10.30.4.91: no connection to modbus server
[2025-03-01T08:31:03.526Z] Error reading actual data: no connection to modbus server
[2025-03-01T08:31:03.693Z] Error writing to Modbus register: no connection to modbus server
[2025-03-01T08:31:03.695Z] Error reading register 3105 for IP 10.30.4.91: no connection to modbus server
[2025-03-01T08:31:03.695Z] ❌ Error reading register 1000 for IP 10.30.4.91: no connection to modbus server
[2025-03-01T08:31:03.696Z] Error reading actual data: no connection to modbus server
[2025-03-01T08:31:03.697Z] Error writing to Modbus register: no connection to modbus server
[2025-03-01T08:31:03.699Z] Error reading register 3105 for IP 10.30.4.91: no connection to modbus server
[2025-03-01T08:31:03.700Z] ❌ Error reading register 1000 for IP 10.30.4.91: no connection to modbus server
[2025-03-01T08:31:03.700Z] Error reading actual data: no connection to modbus server
[2025-03-01T08:31:03.771Z] Error writing to Modbus register: no connection to modbus server
[2025-03-01T08:31:03.771Z] Error reading register 3105 for IP 10.30.4.91: no connection to modbus server
[2025-03-01T08:31:03.771Z] ❌ Error reading register 1000 for IP 10.30.4.91: no connection to modbus server
[2025-03-01T08:31:03.771Z] Error reading actual data: no connection to modbus server
[2025-03-01T08:31:03.846Z] Error writing to Modbus register: no connection to modbus server
[2025-03-01T08:31:03.878Z] Error reading register 3105 for IP 10.30.4.91: no connection to modbus server
[2025-03-01T08:31:03.878Z] ❌ Error reading register 1000 for IP 10.30.4.91: no connection to modbus server
[2025-03-01T08:31:03.878Z] Error reading actual data: no connection to modbus server
[2025-03-01T08:31:03.879Z] Error writing to Modbus register: no connection to modbus server
[2025-03-01T08:31:03.929Z] Error reading register 3105 for IP 10.30.4.91: no connection to modbus server
[2025-03-01T08:31:03.930Z] ❌ Error reading register 1000 for IP 10.30.4.91: no connection to modbus server
[2025-03-01T08:31:03.930Z] Error reading actual data: no connection to modbus server
[2025-03-01T08:31:03.931Z] Error writing to Modbus register: no connection to modbus server
[2025-03-01T08:31:04.531Z] Error reading register 3105 for IP 10.30.4.91: no connection to modbus server
[2025-03-01T08:31:04.531Z] ❌ Error reading register 1000 for IP 10.30.4.91: no connection to modbus server
[2025-03-01T08:31:04.532Z] Error reading actual data: no connection to modbus server
[2025-03-01T08:31:04.696Z] Error writing to Modbus register: no connection to modbus server
[2025-03-01T08:31:04.697Z] ❌ Error reading register 1000 for IP 10.30.4.91: no connection to modbus server
[2025-03-01T08:31:04.697Z] Error reading register 3105 for IP 10.30.4.91: no connection to modbus server
[2025-03-01T08:31:04.698Z] Error reading actual data: no connection to modbus server
[2025-03-01T08:31:04.699Z] Error writing to Modbus register: no connection to modbus server
[2025-03-01T08:31:04.700Z] Error reading register 3105 for IP 10.30.4.91: no connection to modbus server
[2025-03-01T08:31:04.700Z] ❌ Error reading register 1000 for IP 10.30.4.91: no connection to modbus server
[2025-03-01T08:31:04.700Z] Error reading actual data: no connection to modbus server
[2025-03-01T08:31:04.777Z] Error writing to Modbus register: no connection to modbus server
[2025-03-01T08:31:04.777Z] Error reading register 3105 for IP 10.30.4.91: no connection to modbus server
[2025-03-01T08:31:04.777Z] ❌ Error reading register 1000 for IP 10.30.4.91: no connection to modbus server
[2025-03-01T08:31:04.777Z] Error reading actual data: no connection to modbus server
[2025-03-01T08:31:04.860Z] Error writing to Modbus register: no connection to modbus server
[2025-03-01T08:31:04.881Z] Error reading register 3105 for IP 10.30.4.91: no connection to modbus server
[2025-03-01T08:31:04.881Z] ❌ Error reading register 1000 for IP 10.30.4.91: no connection to modbus server
[2025-03-01T08:31:04.881Z] Error reading actual data: no connection to modbus server
[2025-03-01T08:31:04.882Z] Error writing to Modbus register: no connection to modbus server
[2025-03-01T08:31:04.945Z] Error reading register 3105 for IP 10.30.4.91: no connection to modbus server
[2025-03-01T08:31:04.945Z] ❌ Error reading register 1000 for IP 10.30.4.91: no connection to modbus server
[2025-03-01T08:31:04.945Z] Error reading actual data: no connection to modbus server
[2025-03-01T08:31:04.946Z] Error writing to Modbus register: no connection to modbus server
[2025-03-01T08:31:05.545Z] Error reading register 3105 for IP 10.30.4.91: no connection to modbus server
[2025-03-01T08:31:05.545Z] ❌ Error reading register 1000 for IP 10.30.4.91: no connection to modbus server
[2025-03-01T08:31:05.546Z] Error reading actual data: no connection to modbus server
[2025-03-01T08:31:05.696Z] Error writing to Modbus register: no connection to modbus server
[2025-03-01T08:31:05.698Z] Error reading register 3105 for IP 10.30.4.91: no connection to modbus server
[2025-03-01T08:31:05.698Z] ❌ Error reading register 1000 for IP 10.30.4.91: no connection to modbus server
[2025-03-01T08:31:05.699Z] Error reading actual data: no connection to modbus server
[2025-03-01T08:31:05.700Z] Error writing to Modbus register: no connection to modbus server
[2025-03-01T08:31:05.701Z] Error reading register 3105 for IP 10.30.4.91: no connection to modbus server
[2025-03-01T08:31:05.701Z] ❌ Error reading register 1000 for IP 10.30.4.91: no connection to modbus server
[2025-03-01T08:31:05.701Z] Error reading actual data: no connection to modbus server
[2025-03-01T08:31:05.787Z] Error writing to Modbus register: no connection to modbus server
[2025-03-01T08:31:05.788Z] Error reading register 3105 for IP 10.30.4.91: no connection to modbus server
[2025-03-01T08:31:05.788Z] ❌ Error reading register 1000 for IP 10.30.4.91: no connection to modbus server
[2025-03-01T08:31:05.788Z] Error reading actual data: no connection to modbus server
[2025-03-01T08:31:05.861Z] Error writing to Modbus register: no connection to modbus server
[2025-03-01T08:31:05.888Z] Error reading register 3105 for IP 10.30.4.91: no connection to modbus server
[2025-03-01T08:31:05.889Z] ❌ Error reading register 1000 for IP 10.30.4.91: no connection to modbus server
[2025-03-01T08:31:05.889Z] Error writing to Modbus register: no connection to modbus server
[2025-03-01T08:31:05.889Z] Error reading actual data: no connection to modbus server
[2025-03-01T08:31:05.952Z] ❌ Error reading register 1000 for IP 10.30.4.91: no connection to modbus server
[2025-03-01T08:31:05.952Z] Error reading register 3105 for IP 10.30.4.91: no connection to modbus server
[2025-03-01T08:31:05.953Z] Error reading actual data: no connection to modbus server
[2025-03-01T08:31:05.953Z] Error writing to Modbus register: no connection to modbus server
[2025-03-01T08:31:06.554Z] Error reading register 3105 for IP 10.30.4.91: no connection to modbus server
[2025-03-01T08:31:06.555Z] ❌ Error reading register 1000 for IP 10.30.4.91: no connection to modbus server
[2025-03-01T08:31:06.555Z] Error reading actual data: no connection to modbus server
[2025-03-01T08:31:06.696Z] Error writing to Modbus register: no connection to modbus server
[2025-03-01T08:31:06.697Z] Error reading register 3105 for IP 10.30.4.91: no connection to modbus server
[2025-03-01T08:31:06.697Z] ❌ Error reading register 1000 for IP 10.30.4.91: no connection to modbus server
[2025-03-01T08:31:06.698Z] Error reading actual data: no connection to modbus server
[2025-03-01T08:31:06.700Z] Error writing to Modbus register: no connection to modbus server
[2025-03-01T08:31:06.701Z] Error reading register 3105 for IP 10.30.4.91: no connection to modbus server
[2025-03-01T08:31:06.701Z] Error reading actual data: no connection to modbus server
[2025-03-01T08:31:06.701Z] ❌ Error reading register 1000 for IP 10.30.4.91: no connection to modbus server
[2025-03-01T08:31:06.789Z] Error writing to Modbus register: no connection to modbus server
[2025-03-01T08:31:06.789Z] Error reading register 3105 for IP 10.30.4.91: no connection to modbus server
[2025-03-01T08:31:06.790Z] Error reading actual data: no connection to modbus server
[2025-03-01T08:31:06.789Z] ❌ Error reading register 1000 for IP 10.30.4.91: no connection to modbus server
[2025-03-01T08:31:06.861Z] Error writing to Modbus register: no connection to modbus server
[2025-03-01T08:31:06.895Z] ❌ Error reading register 1000 for IP 10.30.4.91: no connection to modbus server
[2025-03-01T08:31:06.895Z] Error reading actual data: no connection to modbus server
[2025-03-01T08:31:06.895Z] Error reading register 3105 for IP 10.30.4.91: no connection to modbus server
[2025-03-01T08:31:06.896Z] Error writing to Modbus register: no connection to modbus server
[2025-03-01T08:31:06.967Z] Error reading register 3105 for IP 10.30.4.91: no connection to modbus server
[2025-03-01T08:31:06.967Z] ❌ Error reading register 1000 for IP 10.30.4.91: no connection to modbus server
[2025-03-01T08:31:06.967Z] Error reading actual data: no connection to modbus server
[2025-03-01T08:31:06.967Z] Error writing to Modbus register: no connection to modbus server
[2025-03-01T08:31:07.561Z] Error reading register 3105 for IP 10.30.4.91: no connection to modbus server
[2025-03-01T08:31:07.562Z] ❌ Error reading register 1000 for IP 10.30.4.91: no connection to modbus server
[2025-03-01T08:31:07.562Z] Error reading actual data: no connection to modbus server
[2025-03-01T08:31:07.708Z] Error writing to Modbus register: no connection to modbus server
[2025-03-01T08:31:07.710Z] Error reading register 3105 for IP 10.30.4.91: no connection to modbus server
[2025-03-01T08:31:07.710Z] ❌ Error reading register 1000 for IP 10.30.4.91: no connection to modbus server
[2025-03-01T08:31:07.711Z] Error reading actual data: no connection to modbus server
[2025-03-01T08:31:07.712Z] Error writing to Modbus register: no connection to modbus server
[2025-03-01T08:31:07.713Z] Error reading register 3105 for IP 10.30.4.91: no connection to modbus server
[2025-03-01T08:31:07.714Z] ❌ Error reading register 1000 for IP 10.30.4.91: no connection to modbus server
[2025-03-01T08:31:07.714Z] Error reading actual data: no connection to modbus server
[2025-03-01T08:31:07.792Z] Error writing to Modbus register: no connection to modbus server
[2025-03-01T08:31:07.792Z] Error reading register 3105 for IP 10.30.4.91: no connection to modbus server
[2025-03-01T08:31:07.793Z] Error reading actual data: no connection to modbus server
[2025-03-01T08:31:07.793Z] ❌ Error reading register 1000 for IP 10.30.4.91: no connection to modbus server
[2025-03-01T08:31:07.863Z] Error writing to Modbus register: no connection to modbus server
[2025-03-01T08:31:07.902Z] Error reading register 3105 for IP 10.30.4.91: no connection to modbus server
[2025-03-01T08:31:07.902Z] Error reading actual data: no connection to modbus server
[2025-03-01T08:31:07.902Z] ❌ Error reading register 1000 for IP 10.30.4.91: no connection to modbus server
[2025-03-01T08:31:07.903Z] Error writing to Modbus register: no connection to modbus server
[2025-03-01T08:31:07.973Z] Error reading register 3105 for IP 10.30.4.91: no connection to modbus server
[2025-03-01T08:31:07.974Z] ❌ Error reading register 1000 for IP 10.30.4.91: no connection to modbus server
[2025-03-01T08:31:07.974Z] Error writing to Modbus register: no connection to modbus server
[2025-03-01T08:31:07.974Z] Error reading actual data: no connection to modbus server
[2025-03-01T08:31:08.575Z] Error reading register 3105 for IP 10.30.4.91: no connection to modbus server
[2025-03-01T08:31:08.575Z] ❌ Error reading register 1000 for IP 10.30.4.91: no connection to modbus server
[2025-03-01T08:31:08.576Z] Error reading actual data: no connection to modbus server
[2025-03-01T08:31:08.712Z] Error writing to Modbus register: no connection to modbus server
[2025-03-01T08:31:08.713Z] Error reading register 3105 for IP 10.30.4.91: no connection to modbus server
[2025-03-01T08:31:08.714Z] ❌ Error reading register 1000 for IP 10.30.4.91: no connection to modbus server
[2025-03-01T08:31:08.714Z] Error reading actual data: no connection to modbus server
[2025-03-01T08:31:08.717Z] Error reading register 3105 for IP 10.30.4.91: no connection to modbus server
[2025-03-01T08:31:08.717Z] ❌ Error reading register 1000 for IP 10.30.4.91: no connection to modbus server
[2025-03-01T08:31:08.715Z] Error writing to Modbus register: no connection to modbus server
[2025-03-01T08:31:08.717Z] Error reading actual data: no connection to modbus server
[2025-03-01T08:31:08.794Z] Error writing to Modbus register: no connection to modbus server
[2025-03-01T08:31:08.794Z] Error reading register 3105 for IP 10.30.4.91: no connection to modbus server
[2025-03-01T08:31:08.795Z] Error reading actual data: no connection to modbus server
[2025-03-01T08:31:08.795Z] ❌ Error reading register 1000 for IP 10.30.4.91: no connection to modbus server
[2025-03-01T08:31:08.878Z] Error writing to Modbus register: no connection to modbus server
[2025-03-01T08:31:08.910Z] Error reading register 3105 for IP 10.30.4.91: no connection to modbus server
[2025-03-01T08:31:08.910Z] ❌ Error reading register 1000 for IP 10.30.4.91: no connection to modbus server
[2025-03-01T08:31:08.910Z] Error reading actual data: no connection to modbus server
[2025-03-01T08:31:08.910Z] Error writing to Modbus register: no connection to modbus server
[2025-03-01T08:31:08.987Z] Error reading register 3105 for IP 10.30.4.91: no connection to modbus server
[2025-03-01T08:31:08.987Z] ❌ Error reading register 1000 for IP 10.30.4.91: no connection to modbus server
[2025-03-01T08:31:08.987Z] Error reading actual data: no connection to modbus server
[2025-03-01T08:31:08.987Z] Error writing to Modbus register: no connection to modbus server
[2025-03-01T08:31:09.578Z] Error reading register 3105 for IP 10.30.4.91: no connection to modbus server
[2025-03-01T08:31:09.579Z] ❌ Error reading register 1000 for IP 10.30.4.91: no connection to modbus server
[2025-03-01T08:31:09.579Z] Error reading actual data: no connection to modbus server
[2025-03-01T08:31:09.729Z] Error writing to Modbus register: no connection to modbus server
[2025-03-01T08:31:09.729Z] ❌ Error reading register 1000 for IP 10.30.4.91: no connection to modbus server
[2025-03-01T08:31:09.729Z] Error reading register 3105 for IP 10.30.4.91: no connection to modbus server
[2025-03-01T08:31:09.729Z] Error reading actual data: no connection to modbus server
[2025-03-01T08:31:09.730Z] Error writing to Modbus register: no connection to modbus server
[2025-03-01T08:31:09.730Z] Error reading register 3105 for IP 10.30.4.91: no connection to modbus server
[2025-03-01T08:31:09.730Z] ❌ Error reading register 1000 for IP 10.30.4.91: no connection to modbus server
[2025-03-01T08:31:09.730Z] Error reading actual data: no connection to modbus server
[2025-03-01T08:31:09.795Z] Error writing to Modbus register: no connection to modbus server
[2025-03-01T08:31:09.796Z] Error reading register 3105 for IP 10.30.4.91: no connection to modbus server
[2025-03-01T08:31:09.796Z] ❌ Error reading register 1000 for IP 10.30.4.91: no connection to modbus server
[2025-03-01T08:31:09.796Z] Error reading actual data: no connection to modbus server
[2025-03-01T08:31:09.893Z] Error writing to Modbus register: no connection to modbus server
[2025-03-01T08:31:09.923Z] ❌ Error reading register 1000 for IP 10.30.4.91: no connection to modbus server
[2025-03-01T08:31:09.923Z] Error reading actual data: no connection to modbus server
[2025-03-01T08:31:09.924Z] Error writing to Modbus register: no connection to modbus server
[2025-03-01T08:31:09.923Z] Error reading register 3105 for IP 10.30.4.91: no connection to modbus server
[2025-03-01T08:31:09.988Z] Error reading register 3105 for IP 10.30.4.91: no connection to modbus server
[2025-03-01T08:31:09.988Z] ❌ Error reading register 1000 for IP 10.30.4.91: no connection to modbus server
[2025-03-01T08:31:09.988Z] Error reading actual data: no connection to modbus server
[2025-03-01T08:31:09.988Z] Error writing to Modbus register: no connection to modbus server
[2025-03-01T08:31:10.583Z] Error reading register 3105 for IP 10.30.4.91: no connection to modbus server
[2025-03-01T08:31:10.583Z] ❌ Error reading register 1000 for IP 10.30.4.91: no connection to modbus server
[2025-03-01T08:31:10.584Z] Error reading actual data: no connection to modbus server
[2025-03-01T08:31:10.745Z] Error writing to Modbus register: no connection to modbus server
[2025-03-01T08:31:10.747Z] Error reading register 3105 for IP 10.30.4.91: no connection to modbus server
[2025-03-01T08:31:10.747Z] ❌ Error reading register 1000 for IP 10.30.4.91: no connection to modbus server
[2025-03-01T08:31:10.748Z] Error reading actual data: no connection to modbus server
[2025-03-01T08:31:10.749Z] Error writing to Modbus register: no connection to modbus server
[2025-03-01T08:31:10.750Z] Error reading register 3105 for IP 10.30.4.91: no connection to modbus server
[2025-03-01T08:31:10.750Z] ❌ Error reading register 1000 for IP 10.30.4.91: no connection to modbus server
[2025-03-01T08:31:10.750Z] Error reading actual data: no connection to modbus server
[2025-03-01T08:31:10.807Z] Error writing to Modbus register: no connection to modbus server
[2025-03-01T08:31:10.808Z] Error reading register 3105 for IP 10.30.4.91: no connection to modbus server
[2025-03-01T08:31:10.809Z] ❌ Error reading register 1000 for IP 10.30.4.91: no connection to modbus server
[2025-03-01T08:31:10.809Z] Error reading actual data: no connection to modbus server
[2025-03-01T08:31:10.907Z] Error writing to Modbus register: no connection to modbus server
[2025-03-01T08:31:10.928Z] ❌ Error reading register 1000 for IP 10.30.4.91: no connection to modbus server
[2025-03-01T08:31:10.929Z] Error writing to Modbus register: no connection to modbus server
[2025-03-01T08:31:10.928Z] Error reading register 3105 for IP 10.30.4.91: no connection to modbus server
[2025-03-01T08:31:10.929Z] Error reading actual data: no connection to modbus server
[2025-03-01T08:31:10.994Z] Error reading register 3105 for IP 10.30.4.91: no connection to modbus server
[2025-03-01T08:31:10.994Z] ❌ Error reading register 1000 for IP 10.30.4.91: no connection to modbus server
[2025-03-01T08:31:10.994Z] Error reading actual data: no connection to modbus server
[2025-03-01T08:31:10.995Z] Error writing to Modbus register: no connection to modbus server
[2025-03-01T08:31:11.585Z] Error reading register 3105 for IP 10.30.4.91: no connection to modbus server
[2025-03-01T08:31:11.586Z] ❌ Error reading register 1000 for IP 10.30.4.91: no connection to modbus server
[2025-03-01T08:31:11.586Z] Error reading actual data: no connection to modbus server
[2025-03-01T08:31:11.760Z] Error writing to Modbus register: no connection to modbus server
[2025-03-01T08:31:11.762Z] Error reading register 3105 for IP 10.30.4.91: no connection to modbus server
[2025-03-01T08:31:11.762Z] ❌ Error reading register 1000 for IP 10.30.4.91: no connection to modbus server
[2025-03-01T08:31:11.763Z] Error reading actual data: no connection to modbus server
[2025-03-01T08:31:11.764Z] Error writing to Modbus register: no connection to modbus server
[2025-03-01T08:31:11.765Z] Error reading register 3105 for IP 10.30.4.91: no connection to modbus server
[2025-03-01T08:31:11.765Z] ❌ Error reading register 1000 for IP 10.30.4.91: no connection to modbus server
[2025-03-01T08:31:11.765Z] Error reading actual data: no connection to modbus server
[2025-03-01T08:31:11.822Z] Error writing to Modbus register: no connection to modbus server
[2025-03-01T08:31:11.823Z] Error reading register 3105 for IP 10.30.4.91: no connection to modbus server
[2025-03-01T08:31:11.824Z] ❌ Error reading register 1000 for IP 10.30.4.91: no connection to modbus server
[2025-03-01T08:31:11.824Z] Error reading actual data: no connection to modbus server
[2025-03-01T08:31:11.910Z] Error writing to Modbus register: no connection to modbus server
[2025-03-01T08:31:11.928Z] Error reading register 3105 for IP 10.30.4.91: no connection to modbus server
[2025-03-01T08:31:11.928Z] ❌ Error reading register 1000 for IP 10.30.4.91: no connection to modbus server
[2025-03-01T08:31:11.928Z] Error reading actual data: no connection to modbus server
[2025-03-01T08:31:11.929Z] Error writing to Modbus register: no connection to modbus server
[2025-03-01T08:31:11.995Z] Error reading register 3105 for IP 10.30.4.91: no connection to modbus server
[2025-03-01T08:31:11.996Z] ❌ Error reading register 1000 for IP 10.30.4.91: no connection to modbus server
[2025-03-01T08:31:11.996Z] Error reading actual data: no connection to modbus server
[2025-03-01T08:31:11.998Z] Error writing to Modbus register: no connection to modbus server
[2025-03-01T08:31:12.588Z] Error reading register 3105 for IP 10.30.4.91: no connection to modbus server
[2025-03-01T08:31:12.589Z] ❌ Error reading register 1000 for IP 10.30.4.91: no connection to modbus server
[2025-03-01T08:31:12.589Z] Error reading actual data: no connection to modbus server
[2025-03-01T08:31:12.761Z] Error writing to Modbus register: no connection to modbus server
[2025-03-01T08:31:12.763Z] Error reading register 3105 for IP 10.30.4.91: no connection to modbus server
[2025-03-01T08:31:12.763Z] ❌ Error reading register 1000 for IP 10.30.4.91: no connection to modbus server
[2025-03-01T08:31:12.764Z] Error reading actual data: no connection to modbus server
[2025-03-01T08:31:12.765Z] Error writing to Modbus register: no connection to modbus server
[2025-03-01T08:31:12.765Z] Error reading register 3105 for IP 10.30.4.91: no connection to modbus server
[2025-03-01T08:31:12.765Z] ❌ Error reading register 1000 for IP 10.30.4.91: no connection to modbus server
[2025-03-01T08:31:12.766Z] Error reading actual data: no connection to modbus server
[2025-03-01T08:31:12.823Z] Error writing to Modbus register: no connection to modbus server
[2025-03-01T08:31:12.824Z] Error reading register 3105 for IP 10.30.4.91: no connection to modbus server
[2025-03-01T08:31:12.825Z] ❌ Error reading register 1000 for IP 10.30.4.91: no connection to modbus server
[2025-03-01T08:31:12.825Z] Error reading actual data: no connection to modbus server
[2025-03-01T08:31:12.911Z] Error writing to Modbus register: no connection to modbus server
[2025-03-01T08:31:12.939Z] Error reading register 3105 for IP 10.30.4.91: no connection to modbus server
[2025-03-01T08:31:12.939Z] ❌ Error reading register 1000 for IP 10.30.4.91: no connection to modbus server
[2025-03-01T08:31:12.939Z] Error reading actual data: no connection to modbus server
[2025-03-01T08:31:12.939Z] Error writing to Modbus register: no connection to modbus server
[2025-03-01T08:31:13.013Z] Error reading register 3105 for IP 10.30.4.91: no connection to modbus server
[2025-03-01T08:31:13.013Z] ❌ Error reading register 1000 for IP 10.30.4.91: no connection to modbus server
[2025-03-01T08:31:13.014Z] Error reading actual data: no connection to modbus server
[2025-03-01T08:31:13.015Z] Error writing to Modbus register: no connection to modbus server
[2025-03-01T08:31:13.592Z] Error reading register 3105 for IP 10.30.4.91: no connection to modbus server
[2025-03-01T08:31:13.593Z] ❌ Error reading register 1000 for IP 10.30.4.91: no connection to modbus server
[2025-03-01T08:31:13.593Z] Error reading actual data: no connection to modbus server
[2025-03-01T08:31:13.776Z] Error writing to Modbus register: no connection to modbus server
[2025-03-01T08:31:13.777Z] Error reading register 3105 for IP 10.30.4.91: no connection to modbus server
[2025-03-01T08:31:13.778Z] ❌ Error reading register 1000 for IP 10.30.4.91: no connection to modbus server
[2025-03-01T08:31:13.778Z] Error reading actual data: no connection to modbus server
[2025-03-01T08:31:13.779Z] Error writing to Modbus register: no connection to modbus server
[2025-03-01T08:31:13.781Z] Error reading register 3105 for IP 10.30.4.91: no connection to modbus server
[2025-03-01T08:31:13.781Z] ❌ Error reading register 1000 for IP 10.30.4.91: no connection to modbus server
[2025-03-01T08:31:13.781Z] Error reading actual data: no connection to modbus server
[2025-03-01T08:31:13.838Z] Error writing to Modbus register: no connection to modbus server
[2025-03-01T08:31:13.839Z] Error reading register 3105 for IP 10.30.4.91: no connection to modbus server
[2025-03-01T08:31:13.839Z] ❌ Error reading register 1000 for IP 10.30.4.91: no connection to modbus server
[2025-03-01T08:31:13.839Z] Error reading actual data: no connection to modbus server
[2025-03-01T08:31:13.911Z] Error writing to Modbus register: no connection to modbus server
[2025-03-01T08:31:13.944Z] Error reading register 3105 for IP 10.30.4.91: no connection to modbus server
[2025-03-01T08:31:13.944Z] ❌ Error reading register 1000 for IP 10.30.4.91: no connection to modbus server
[2025-03-01T08:31:13.945Z] Error writing to Modbus register: no connection to modbus server
[2025-03-01T08:31:13.944Z] Error reading actual data: no connection to modbus server
[2025-03-01T08:31:14.013Z] Error reading register 3105 for IP 10.30.4.91: no connection to modbus server
[2025-03-01T08:31:14.014Z] ❌ Error reading register 1000 for IP 10.30.4.91: no connection to modbus server
[2025-03-01T08:31:14.014Z] Error reading actual data: no connection to modbus server
[2025-03-01T08:31:14.015Z] Error writing to Modbus register: no connection to modbus server
[2025-03-01T08:31:14.594Z] Error reading register 3105 for IP 10.30.4.91: no connection to modbus server
[2025-03-01T08:31:14.595Z] ❌ Error reading register 1000 for IP 10.30.4.91: no connection to modbus server
[2025-03-01T08:31:14.595Z] Error reading actual data: no connection to modbus server
[2025-03-01T08:31:14.780Z] Error writing to Modbus register: no connection to modbus server
[2025-03-01T08:31:14.780Z] Error reading register 3105 for IP 10.30.4.91: no connection to modbus server
[2025-03-01T08:31:14.780Z] ❌ Error reading register 1000 for IP 10.30.4.91: no connection to modbus server
[2025-03-01T08:31:14.781Z] ❌ Error reading register 1000 for IP 10.30.4.91: no connection to modbus server
[2025-03-01T08:31:14.781Z] Error reading actual data: no connection to modbus server
[2025-03-01T08:31:14.781Z] Error reading actual data: no connection to modbus server
[2025-03-01T08:31:14.781Z] Error reading register 3105 for IP 10.30.4.91: no connection to modbus server
[2025-03-01T08:31:14.781Z] Error writing to Modbus register: no connection to modbus server
[2025-03-01T08:31:14.846Z] Error writing to Modbus register: no connection to modbus server
[2025-03-01T08:31:14.847Z] Error reading register 3105 for IP 10.30.4.91: no connection to modbus server
[2025-03-01T08:31:14.847Z] ❌ Error reading register 1000 for IP 10.30.4.91: no connection to modbus server
[2025-03-01T08:31:14.847Z] Error reading actual data: no connection to modbus server
[2025-03-01T08:31:14.917Z] Error writing to Modbus register: no connection to modbus server
[2025-03-01T08:31:14.948Z] Error reading register 3105 for IP 10.30.4.91: no connection to modbus server
[2025-03-01T08:31:14.948Z] ❌ Error reading register 1000 for IP 10.30.4.91: no connection to modbus server
[2025-03-01T08:31:14.948Z] Error reading actual data: no connection to modbus server
[2025-03-01T08:31:14.948Z] Error writing to Modbus register: no connection to modbus server
[2025-03-01T08:31:15.017Z] Error reading register 3105 for IP 10.30.4.91: no connection to modbus server
[2025-03-01T08:31:15.018Z] ❌ Error reading register 1000 for IP 10.30.4.91: no connection to modbus server
[2025-03-01T08:31:15.018Z] Error reading actual data: no connection to modbus server
[2025-03-01T08:31:15.019Z] Error writing to Modbus register: no connection to modbus server
[2025-03-01T08:31:15.596Z] Error reading register 3105 for IP 10.30.4.91: no connection to modbus server
[2025-03-01T08:31:15.597Z] ❌ Error reading register 1000 for IP 10.30.4.91: no connection to modbus server
[2025-03-01T08:31:15.597Z] Error reading actual data: no connection to modbus server
[2025-03-01T08:31:15.793Z] Error writing to Modbus register: no connection to modbus server
[2025-03-01T08:31:15.794Z] Error reading register 3105 for IP 10.30.4.91: no connection to modbus server
[2025-03-01T08:31:15.794Z] ❌ Error reading register 1000 for IP 10.30.4.91: no connection to modbus server
[2025-03-01T08:31:15.795Z] Error reading actual data: no connection to modbus server
[2025-03-01T08:31:15.795Z] Error writing to Modbus register: no connection to modbus server
[2025-03-01T08:31:15.796Z] Error reading register 3105 for IP 10.30.4.91: no connection to modbus server
[2025-03-01T08:31:15.796Z] ❌ Error reading register 1000 for IP 10.30.4.91: no connection to modbus server
[2025-03-01T08:31:15.797Z] Error reading actual data: no connection to modbus server
[2025-03-01T08:31:15.855Z] Error writing to Modbus register: no connection to modbus server
[2025-03-01T08:31:15.856Z] Error reading register 3105 for IP 10.30.4.91: no connection to modbus server
[2025-03-01T08:31:15.857Z] ❌ Error reading register 1000 for IP 10.30.4.91: no connection to modbus server
[2025-03-01T08:31:15.857Z] Error reading actual data: no connection to modbus server
[2025-03-01T08:31:15.928Z] Error writing to Modbus register: no connection to modbus server
[2025-03-01T08:31:15.955Z] Error reading register 3105 for IP 10.30.4.91: no connection to modbus server
[2025-03-01T08:31:15.955Z] ❌ Error reading register 1000 for IP 10.30.4.91: no connection to modbus server
[2025-03-01T08:31:15.955Z] Error reading actual data: no connection to modbus server
[2025-03-01T08:31:15.955Z] Error writing to Modbus register: no connection to modbus server
[2025-03-01T08:31:16.028Z] Error reading register 3105 for IP 10.30.4.91: no connection to modbus server
[2025-03-01T08:31:16.028Z] ❌ Error reading register 1000 for IP 10.30.4.91: no connection to modbus server
[2025-03-01T08:31:16.029Z] Error reading actual data: no connection to modbus server
[2025-03-01T08:31:16.029Z] Error writing to Modbus register: no connection to modbus server
[2025-03-01T08:31:16.606Z] Error reading register 3105 for IP 10.30.4.91: no connection to modbus server
[2025-03-01T08:31:16.607Z] ❌ Error reading register 1000 for IP 10.30.4.91: no connection to modbus server
[2025-03-01T08:31:16.607Z] Error reading actual data: no connection to modbus server
[2025-03-01T08:31:16.795Z] Error writing to Modbus register: no connection to modbus server
[2025-03-01T08:31:16.795Z] Error reading register 3105 for IP 10.30.4.91: no connection to modbus server
[2025-03-01T08:31:16.795Z] ❌ Error reading register 1000 for IP 10.30.4.91: no connection to modbus server
[2025-03-01T08:31:16.796Z] Error reading actual data: no connection to modbus server
[2025-03-01T08:31:16.796Z] Error writing to Modbus register: no connection to modbus server
[2025-03-01T08:31:16.797Z] Error reading register 3105 for IP 10.30.4.91: no connection to modbus server
[2025-03-01T08:31:16.797Z] ❌ Error reading register 1000 for IP 10.30.4.91: no connection to modbus server
[2025-03-01T08:31:16.797Z] Error reading actual data: no connection to modbus server
[2025-03-01T08:31:16.857Z] Error writing to Modbus register: no connection to modbus server
[2025-03-01T08:31:16.858Z] Error reading register 3105 for IP 10.30.4.91: no connection to modbus server
[2025-03-01T08:31:16.858Z] ❌ Error reading register 1000 for IP 10.30.4.91: no connection to modbus server
[2025-03-01T08:31:16.858Z] Error reading actual data: no connection to modbus server
[2025-03-01T08:31:16.927Z] Error writing to Modbus register: no connection to modbus server
[2025-03-01T08:31:16.961Z] Error reading register 3105 for IP 10.30.4.91: no connection to modbus server
[2025-03-01T08:31:16.961Z] ❌ Error reading register 1000 for IP 10.30.4.91: no connection to modbus server
[2025-03-01T08:31:16.962Z] Error writing to Modbus register: no connection to modbus server
[2025-03-01T08:31:16.961Z] Error reading actual data: no connection to modbus server
[2025-03-01T08:31:17.029Z] Error reading register 3105 for IP 10.30.4.91: no connection to modbus server
[2025-03-01T08:31:17.029Z] ❌ Error reading register 1000 for IP 10.30.4.91: no connection to modbus server
[2025-03-01T08:31:17.029Z] Error reading actual data: no connection to modbus server
[2025-03-01T08:31:17.030Z] Error writing to Modbus register: no connection to modbus server
[2025-03-01T08:31:17.610Z] Error reading register 3105 for IP 10.30.4.91: no connection to modbus server
[2025-03-01T08:31:17.610Z] ❌ Error reading register 1000 for IP 10.30.4.91: no connection to modbus server
[2025-03-01T08:31:17.611Z] Error reading actual data: no connection to modbus server
[2025-03-01T08:31:17.812Z] Error writing to Modbus register: no connection to modbus server
[2025-03-01T08:31:17.812Z] Error reading register 3105 for IP 10.30.4.91: no connection to modbus server
[2025-03-01T08:31:17.812Z] ❌ Error reading register 1000 for IP 10.30.4.91: no connection to modbus server
[2025-03-01T08:31:17.812Z] Error reading actual data: no connection to modbus server
[2025-03-01T08:31:17.813Z] Error writing to Modbus register: no connection to modbus server
[2025-03-01T08:31:17.813Z] Error reading register 3105 for IP 10.30.4.91: no connection to modbus server
[2025-03-01T08:31:17.813Z] ❌ Error reading register 1000 for IP 10.30.4.91: no connection to modbus server
[2025-03-01T08:31:17.813Z] Error reading actual data: no connection to modbus server
[2025-03-01T08:31:17.860Z] Error writing to Modbus register: no connection to modbus server
[2025-03-01T08:31:17.860Z] Error reading register 3105 for IP 10.30.4.91: no connection to modbus server
[2025-03-01T08:31:17.861Z] ❌ Error reading register 1000 for IP 10.30.4.91: no connection to modbus server
[2025-03-01T08:31:17.861Z] Error reading actual data: no connection to modbus server
[2025-03-01T08:31:17.930Z] Error writing to Modbus register: no connection to modbus server
[2025-03-01T08:31:17.964Z] Error reading register 3105 for IP 10.30.4.91: no connection to modbus server
[2025-03-01T08:31:17.965Z] ❌ Error reading register 1000 for IP 10.30.4.91: no connection to modbus server
[2025-03-01T08:31:17.966Z] Error reading actual data: no connection to modbus server
[2025-03-01T08:31:17.967Z] Error writing to Modbus register: no connection to modbus server
[2025-03-01T08:31:18.044Z] Error reading register 3105 for IP 10.30.4.91: no connection to modbus server
[2025-03-01T08:31:18.044Z] ❌ Error reading register 1000 for IP 10.30.4.91: no connection to modbus server
[2025-03-01T08:31:18.044Z] Error reading actual data: no connection to modbus server
[2025-03-01T08:31:18.045Z] Error writing to Modbus register: no connection to modbus server
[2025-03-01T08:31:18.613Z] Error reading register 3105 for IP 10.30.4.91: no connection to modbus server
[2025-03-01T08:31:18.613Z] ❌ Error reading register 1000 for IP 10.30.4.91: no connection to modbus server
[2025-03-01T08:31:18.613Z] Error reading actual data: no connection to modbus server
[2025-03-01T08:31:18.829Z] Error writing to Modbus register: no connection to modbus server
[2025-03-01T08:31:18.831Z] Error reading register 3105 for IP 10.30.4.91: no connection to modbus server
[2025-03-01T08:31:18.831Z] ❌ Error reading register 1000 for IP 10.30.4.91: no connection to modbus server
[2025-03-01T08:31:18.834Z] ❌ Error reading register 1000 for IP 10.30.4.91: no connection to modbus server
[2025-03-01T08:31:18.834Z] Error reading actual data: no connection to modbus server
[2025-03-01T08:31:18.833Z] Error writing to Modbus register: no connection to modbus server
[2025-03-01T08:31:18.832Z] Error reading actual data: no connection to modbus server
[2025-03-01T08:31:18.833Z] Error reading register 3105 for IP 10.30.4.91: no connection to modbus server
[2025-03-01T08:31:18.861Z] Error writing to Modbus register: no connection to modbus server
[2025-03-01T08:31:18.863Z] Error reading register 3105 for IP 10.30.4.91: no connection to modbus server
[2025-03-01T08:31:18.863Z] ❌ Error reading register 1000 for IP 10.30.4.91: no connection to modbus server
[2025-03-01T08:31:18.864Z] Error reading actual data: no connection to modbus server
[2025-03-01T08:31:18.931Z] Error writing to Modbus register: no connection to modbus server
[2025-03-01T08:31:18.980Z] Error reading register 3105 for IP 10.30.4.91: no connection to modbus server
[2025-03-01T08:31:18.981Z] ❌ Error reading register 1000 for IP 10.30.4.91: no connection to modbus server
[2025-03-01T08:31:18.981Z] Error reading actual data: no connection to modbus server
[2025-03-01T08:31:18.982Z] Error writing to Modbus register: no connection to modbus server
[2025-03-01T08:31:19.044Z] Error reading register 3105 for IP 10.30.4.91: no connection to modbus server
[2025-03-01T08:31:19.044Z] ❌ Error reading register 1000 for IP 10.30.4.91: no connection to modbus server
[2025-03-01T08:31:19.045Z] Error reading actual data: no connection to modbus server
[2025-03-01T08:31:19.046Z] Error writing to Modbus register: no connection to modbus server
[2025-03-01T08:31:19.616Z] Error reading register 3105 for IP 10.30.4.91: no connection to modbus server
[2025-03-01T08:31:19.617Z] ❌ Error reading register 1000 for IP 10.30.4.91: no connection to modbus server
[2025-03-01T08:31:19.617Z] Error reading actual data: no connection to modbus server
[2025-03-01T08:31:19.842Z] Error reading register 3105 for IP 10.30.4.91: no connection to modbus server
[2025-03-01T08:31:19.841Z] Error writing to Modbus register: no connection to modbus server
[2025-03-01T08:31:19.844Z] Error writing to Modbus register: no connection to modbus server
[2025-03-01T08:31:19.843Z] ❌ Error reading register 1000 for IP 10.30.4.91: no connection to modbus server
[2025-03-01T08:31:19.846Z] Error reading register 3105 for IP 10.30.4.91: no connection to modbus server
[2025-03-01T08:31:19.846Z] ❌ Error reading register 1000 for IP 10.30.4.91: no connection to modbus server
[2025-03-01T08:31:19.843Z] Error reading actual data: no connection to modbus server
[2025-03-01T08:31:19.846Z] Error reading actual data: no connection to modbus server
[2025-03-01T08:31:19.873Z] Error writing to Modbus register: no connection to modbus server
[2025-03-01T08:31:19.875Z] Error reading register 3105 for IP 10.30.4.91: no connection to modbus server
[2025-03-01T08:31:19.875Z] ❌ Error reading register 1000 for IP 10.30.4.91: no connection to modbus server
[2025-03-01T08:31:19.876Z] Error reading actual data: no connection to modbus server
[2025-03-01T08:31:19.936Z] Error writing to Modbus register: no connection to modbus server
[2025-03-01T08:31:19.986Z] Error reading register 3105 for IP 10.30.4.91: no connection to modbus server
[2025-03-01T08:31:19.986Z] ❌ Error reading register 1000 for IP 10.30.4.91: no connection to modbus server
[2025-03-01T08:31:19.986Z] Error reading actual data: no connection to modbus server
[2025-03-01T08:31:19.987Z] Error writing to Modbus register: no connection to modbus server
[2025-03-01T08:31:20.058Z] Error reading register 3105 for IP 10.30.4.91: no connection to modbus server
[2025-03-01T08:31:20.058Z] ❌ Error reading register 1000 for IP 10.30.4.91: no connection to modbus server
[2025-03-01T08:31:20.059Z] Error reading actual data: no connection to modbus server
[2025-03-01T08:31:20.059Z] Error writing to Modbus register: no connection to modbus server
[2025-03-01T08:31:20.623Z] Error reading register 3105 for IP 10.30.4.91: no connection to modbus server
[2025-03-01T08:31:20.623Z] ❌ Error reading register 1000 for IP 10.30.4.91: no connection to modbus server
[2025-03-01T08:31:20.624Z] Error reading actual data: no connection to modbus server
[2025-03-01T08:31:20.840Z] Error writing to Modbus register: no connection to modbus server
[2025-03-01T08:31:20.856Z] Error reading register 3105 for IP 10.30.4.91: no connection to modbus server
[2025-03-01T08:31:20.856Z] ❌ Error reading register 1000 for IP 10.30.4.91: no connection to modbus server
[2025-03-01T08:31:20.857Z] Error reading register 3105 for IP 10.30.4.91: no connection to modbus server
[2025-03-01T08:31:20.857Z] ❌ Error reading register 1000 for IP 10.30.4.91: no connection to modbus server
[2025-03-01T08:31:20.856Z] Error writing to Modbus register: no connection to modbus server
[2025-03-01T08:31:20.857Z] Error reading actual data: no connection to modbus server
[2025-03-01T08:31:20.856Z] Error reading actual data: no connection to modbus server
[2025-03-01T08:31:20.887Z] Error writing to Modbus register: no connection to modbus server
[2025-03-01T08:31:20.888Z] Error reading register 3105 for IP 10.30.4.91: no connection to modbus server
[2025-03-01T08:31:20.888Z] ❌ Error reading register 1000 for IP 10.30.4.91: no connection to modbus server
[2025-03-01T08:31:20.888Z] Error reading actual data: no connection to modbus server
[2025-03-01T08:31:20.943Z] Error writing to Modbus register: no connection to modbus server
[2025-03-01T08:31:20.995Z] Error reading register 3105 for IP 10.30.4.91: no connection to modbus server
[2025-03-01T08:31:20.996Z] ❌ Error reading register 1000 for IP 10.30.4.91: no connection to modbus server
[2025-03-01T08:31:20.996Z] Error reading actual data: no connection to modbus server
[2025-03-01T08:31:20.997Z] Error writing to Modbus register: no connection to modbus server
[2025-03-01T08:31:21.079Z] Error reading register 3105 for IP 10.30.4.91: no connection to modbus server
[2025-03-01T08:31:21.079Z] ❌ Error reading register 1000 for IP 10.30.4.91: no connection to modbus server
[2025-03-01T08:31:21.080Z] Error reading actual data: no connection to modbus server
[2025-03-01T08:31:21.081Z] Error writing to Modbus register: no connection to modbus server
[2025-03-01T08:31:21.628Z] ❌ Error reading register 1000 for IP 10.30.4.91: no connection to modbus server
[2025-03-01T08:31:21.628Z] Error reading actual data: no connection to modbus server
[2025-03-01T08:31:21.628Z] Error reading register 3105 for IP 10.30.4.91: no connection to modbus server
[2025-03-01T08:31:21.841Z] Error writing to Modbus register: no connection to modbus server
[2025-03-01T08:31:21.857Z] Error reading register 3105 for IP 10.30.4.91: no connection to modbus server
[2025-03-01T08:31:21.857Z] ❌ Error reading register 1000 for IP 10.30.4.91: no connection to modbus server
[2025-03-01T08:31:21.858Z] Error reading actual data: no connection to modbus server
[2025-03-01T08:31:21.858Z] Error writing to Modbus register: no connection to modbus server
[2025-03-01T08:31:21.859Z] Error reading register 3105 for IP 10.30.4.91: no connection to modbus server
[2025-03-01T08:31:21.859Z] ❌ Error reading register 1000 for IP 10.30.4.91: no connection to modbus server
[2025-03-01T08:31:21.859Z] Error reading actual data: no connection to modbus server
[2025-03-01T08:31:21.888Z] Error writing to Modbus register: no connection to modbus server
[2025-03-01T08:31:21.889Z] Error reading register 3105 for IP 10.30.4.91: no connection to modbus server
[2025-03-01T08:31:21.889Z] ❌ Error reading register 1000 for IP 10.30.4.91: no connection to modbus server
[2025-03-01T08:31:21.890Z] Error reading actual data: no connection to modbus server
[2025-03-01T08:31:21.944Z] Error writing to Modbus register: no connection to modbus server
[2025-03-01T08:31:22.009Z] Error reading register 3105 for IP 10.30.4.91: no connection to modbus server
[2025-03-01T08:31:22.009Z] ❌ Error reading register 1000 for IP 10.30.4.91: no connection to modbus server
[2025-03-01T08:31:22.010Z] Error writing to Modbus register: no connection to modbus server
[2025-03-01T08:31:22.009Z] Error reading actual data: no connection to modbus server
[2025-03-01T08:31:22.097Z] Error reading register 3105 for IP 10.30.4.91: no connection to modbus server
[2025-03-01T08:31:22.097Z] ❌ Error reading register 1000 for IP 10.30.4.91: no connection to modbus server
[2025-03-01T08:31:22.097Z] Error reading actual data: no connection to modbus server
[2025-03-01T08:31:22.098Z] Error writing to Modbus register: no connection to modbus server
[2025-03-01T08:31:22.629Z] Error reading register 3105 for IP 10.30.4.91: no connection to modbus server
[2025-03-01T08:31:22.629Z] ❌ Error reading register 1000 for IP 10.30.4.91: no connection to modbus server
[2025-03-01T08:31:22.629Z] Error reading actual data: no connection to modbus server
[2025-03-01T08:31:22.856Z] Error writing to Modbus register: no connection to modbus server
[2025-03-01T08:31:22.858Z] Error reading register 3105 for IP 10.30.4.91: no connection to modbus server
[2025-03-01T08:31:22.858Z] ❌ Error reading register 1000 for IP 10.30.4.91: no connection to modbus server
[2025-03-01T08:31:22.859Z] Error reading actual data: no connection to modbus server
[2025-03-01T08:31:22.860Z] Error writing to Modbus register: no connection to modbus server
[2025-03-01T08:31:22.862Z] Error reading register 3105 for IP 10.30.4.91: no connection to modbus server
[2025-03-01T08:31:22.862Z] Error reading actual data: no connection to modbus server
[2025-03-01T08:31:22.862Z] ❌ Error reading register 1000 for IP 10.30.4.91: no connection to modbus server
[2025-03-01T08:31:22.902Z] Error writing to Modbus register: no connection to modbus server
[2025-03-01T08:31:22.904Z] Error reading register 3105 for IP 10.30.4.91: no connection to modbus server
[2025-03-01T08:31:22.904Z] ❌ Error reading register 1000 for IP 10.30.4.91: no connection to modbus server
[2025-03-01T08:31:22.905Z] Error reading actual data: no connection to modbus server
[2025-03-01T08:31:22.960Z] Error writing to Modbus register: no connection to modbus server
[2025-03-01T08:31:23.012Z] Error reading register 3105 for IP 10.30.4.91: no connection to modbus server
[2025-03-01T08:31:23.012Z] ❌ Error reading register 1000 for IP 10.30.4.91: no connection to modbus server
[2025-03-01T08:31:23.013Z] Error reading actual data: no connection to modbus server
[2025-03-01T08:31:23.014Z] Error writing to Modbus register: no connection to modbus server
[2025-03-01T08:31:23.110Z] Error reading register 3105 for IP 10.30.4.91: no connection to modbus server
[2025-03-01T08:31:23.110Z] ❌ Error reading register 1000 for IP 10.30.4.91: no connection to modbus server
[2025-03-01T08:31:23.110Z] Error reading actual data: no connection to modbus server
[2025-03-01T08:31:23.111Z] Error writing to Modbus register: no connection to modbus server
[2025-03-01T08:31:23.643Z] Error reading register 3105 for IP 10.30.4.91: no connection to modbus server
[2025-03-01T08:31:23.644Z] ❌ Error reading register 1000 for IP 10.30.4.91: no connection to modbus server
[2025-03-01T08:31:23.644Z] Error reading actual data: no connection to modbus server
[2025-03-01T08:31:23.858Z] Error writing to Modbus register: no connection to modbus server
[2025-03-01T08:31:23.858Z] Error reading register 3105 for IP 10.30.4.91: no connection to modbus server
[2025-03-01T08:31:23.858Z] ❌ Error reading register 1000 for IP 10.30.4.91: no connection to modbus server
[2025-03-01T08:31:23.858Z] Error reading actual data: no connection to modbus server
[2025-03-01T08:31:23.873Z] Error writing to Modbus register: no connection to modbus server
[2025-03-01T08:31:23.874Z] Error reading register 3105 for IP 10.30.4.91: no connection to modbus server
[2025-03-01T08:31:23.874Z] ❌ Error reading register 1000 for IP 10.30.4.91: no connection to modbus server
[2025-03-01T08:31:23.874Z] Error reading actual data: no connection to modbus server
[2025-03-01T08:31:23.905Z] Error writing to Modbus register: no connection to modbus server
[2025-03-01T08:31:23.907Z] Error reading register 3105 for IP 10.30.4.91: no connection to modbus server
[2025-03-01T08:31:23.907Z] ❌ Error reading register 1000 for IP 10.30.4.91: no connection to modbus server
[2025-03-01T08:31:23.907Z] Error reading actual data: no connection to modbus server
[2025-03-01T08:31:23.961Z] Error writing to Modbus register: no connection to modbus server
[2025-03-01T08:31:24.012Z] Error reading register 3105 for IP 10.30.4.91: no connection to modbus server
[2025-03-01T08:31:24.013Z] ❌ Error reading register 1000 for IP 10.30.4.91: no connection to modbus server
[2025-03-01T08:31:24.013Z] Error reading actual data: no connection to modbus server
[2025-03-01T08:31:24.013Z] Error writing to Modbus register: no connection to modbus server
[2025-03-01T08:31:24.110Z] Error reading register 3105 for IP 10.30.4.91: no connection to modbus server
[2025-03-01T08:31:24.110Z] ❌ Error reading register 1000 for IP 10.30.4.91: no connection to modbus server
[2025-03-01T08:31:24.111Z] Error reading actual data: no connection to modbus server
[2025-03-01T08:31:24.111Z] Error writing to Modbus register: no connection to modbus server
[2025-03-01T08:31:24.647Z] Error reading register 3105 for IP 10.30.4.91: no connection to modbus server
[2025-03-01T08:31:24.647Z] ❌ Error reading register 1000 for IP 10.30.4.91: no connection to modbus server
[2025-03-01T08:31:24.647Z] Error reading actual data: no connection to modbus server
[2025-03-01T08:31:24.870Z] Error writing to Modbus register: no connection to modbus server
[2025-03-01T08:31:24.870Z] Error reading register 3105 for IP 10.30.4.91: no connection to modbus server
[2025-03-01T08:31:24.870Z] ❌ Error reading register 1000 for IP 10.30.4.91: no connection to modbus server
[2025-03-01T08:31:24.871Z] Error reading actual data: no connection to modbus server
[2025-03-01T08:31:24.886Z] Error writing to Modbus register: no connection to modbus server
[2025-03-01T08:31:24.886Z] Error reading register 3105 for IP 10.30.4.91: no connection to modbus server
[2025-03-01T08:31:24.886Z] ❌ Error reading register 1000 for IP 10.30.4.91: no connection to modbus server
[2025-03-01T08:31:24.886Z] Error reading actual data: no connection to modbus server
[2025-03-01T08:31:24.915Z] Error reading register 3105 for IP 10.30.4.91: no connection to modbus server
[2025-03-01T08:31:24.915Z] ❌ Error reading register 1000 for IP 10.30.4.91: no connection to modbus server
[2025-03-01T08:31:24.915Z] Error reading actual data: no connection to modbus server
[2025-03-01T08:31:24.914Z] Error writing to Modbus register: no connection to modbus server
[2025-03-01T08:31:24.961Z] Error writing to Modbus register: no connection to modbus server
[2025-03-01T08:31:25.029Z] Error reading register 3105 for IP 10.30.4.91: no connection to modbus server
[2025-03-01T08:31:25.029Z] ❌ Error reading register 1000 for IP 10.30.4.91: no connection to modbus server
[2025-03-01T08:31:25.029Z] Error reading actual data: no connection to modbus server
[2025-03-01T08:31:25.029Z] Error writing to Modbus register: no connection to modbus server
[2025-03-01T08:31:25.112Z] Error reading register 3105 for IP 10.30.4.91: no connection to modbus server
[2025-03-01T08:31:25.112Z] ❌ Error reading register 1000 for IP 10.30.4.91: no connection to modbus server
[2025-03-01T08:31:25.113Z] Error reading actual data: no connection to modbus server
[2025-03-01T08:31:25.113Z] Error writing to Modbus register: no connection to modbus server
[2025-03-01T08:31:25.646Z] Error reading register 3105 for IP 10.30.4.91: no connection to modbus server
[2025-03-01T08:31:25.647Z] ❌ Error reading register 1000 for IP 10.30.4.91: no connection to modbus server
[2025-03-01T08:31:25.647Z] Error reading actual data: no connection to modbus server
[2025-03-01T08:31:25.874Z] Error writing to Modbus register: no connection to modbus server
[2025-03-01T08:31:25.876Z] Error reading register 3105 for IP 10.30.4.91: no connection to modbus server
[2025-03-01T08:31:25.876Z] ❌ Error reading register 1000 for IP 10.30.4.91: no connection to modbus server
[2025-03-01T08:31:25.877Z] Error reading actual data: no connection to modbus server
[2025-03-01T08:31:25.890Z] Error writing to Modbus register: no connection to modbus server
[2025-03-01T08:31:25.891Z] Error reading register 3105 for IP 10.30.4.91: no connection to modbus server
[2025-03-01T08:31:25.892Z] ❌ Error reading register 1000 for IP 10.30.4.91: no connection to modbus server
[2025-03-01T08:31:25.892Z] Error reading actual data: no connection to modbus server
[2025-03-01T08:31:25.921Z] Error writing to Modbus register: no connection to modbus server
[2025-03-01T08:31:25.923Z] Error reading register 3105 for IP 10.30.4.91: no connection to modbus server
[2025-03-01T08:31:25.923Z] ❌ Error reading register 1000 for IP 10.30.4.91: no connection to modbus server
[2025-03-01T08:31:25.923Z] Error reading actual data: no connection to modbus server
[2025-03-01T08:31:25.961Z] Error writing to Modbus register: no connection to modbus server
[2025-03-01T08:31:26.043Z] Error reading register 3105 for IP 10.30.4.91: no connection to modbus server
[2025-03-01T08:31:26.043Z] ❌ Error reading register 1000 for IP 10.30.4.91: no connection to modbus server
[2025-03-01T08:31:26.043Z] Error writing to Modbus register: no connection to modbus server
[2025-03-01T08:31:26.043Z] Error reading actual data: no connection to modbus server
[2025-03-01T08:31:26.112Z] Error reading register 3105 for IP 10.30.4.91: no connection to modbus server
[2025-03-01T08:31:26.112Z] ❌ Error reading register 1000 for IP 10.30.4.91: no connection to modbus server
[2025-03-01T08:31:26.112Z] Error reading actual data: no connection to modbus server
[2025-03-01T08:31:26.113Z] Error writing to Modbus register: no connection to modbus server
[2025-03-01T08:31:26.662Z] Error reading register 3105 for IP 10.30.4.91: no connection to modbus server
[2025-03-01T08:31:26.662Z] ❌ Error reading register 1000 for IP 10.30.4.91: no connection to modbus server
[2025-03-01T08:31:26.662Z] Error reading actual data: no connection to modbus server
[2025-03-01T08:31:26.874Z] Error writing to Modbus register: no connection to modbus server
[2025-03-01T08:31:26.876Z] Error reading register 3105 for IP 10.30.4.91: no connection to modbus server
[2025-03-01T08:31:26.876Z] ❌ Error reading register 1000 for IP 10.30.4.91: no connection to modbus server
[2025-03-01T08:31:26.877Z] Error reading actual data: no connection to modbus server
[2025-03-01T08:31:26.890Z] Error writing to Modbus register: no connection to modbus server
[2025-03-01T08:31:26.891Z] Error reading register 3105 for IP 10.30.4.91: no connection to modbus server
[2025-03-01T08:31:26.892Z] ❌ Error reading register 1000 for IP 10.30.4.91: no connection to modbus server
[2025-03-01T08:31:26.892Z] Error reading actual data: no connection to modbus server
[2025-03-01T08:31:26.920Z] Error writing to Modbus register: no connection to modbus server
[2025-03-01T08:31:26.936Z] ❌ Error reading register 1000 for IP 10.30.4.91: no connection to modbus server
[2025-03-01T08:31:26.936Z] Error reading register 3105 for IP 10.30.4.91: no connection to modbus server
[2025-03-01T08:31:26.937Z] Error reading actual data: no connection to modbus server
[2025-03-01T08:31:26.961Z] Error writing to Modbus register: no connection to modbus server
[2025-03-01T08:31:27.047Z] Error reading register 3105 for IP 10.30.4.91: no connection to modbus server
[2025-03-01T08:31:27.047Z] ❌ Error reading register 1000 for IP 10.30.4.91: no connection to modbus server
[2025-03-01T08:31:27.047Z] Error reading actual data: no connection to modbus server
[2025-03-01T08:31:27.048Z] Error writing to Modbus register: no connection to modbus server
[2025-03-01T08:31:27.129Z] Error reading register 3105 for IP 10.30.4.91: no connection to modbus server
[2025-03-01T08:31:27.129Z] ❌ Error reading register 1000 for IP 10.30.4.91: no connection to modbus server
[2025-03-01T08:31:27.129Z] Error reading actual data: no connection to modbus server
[2025-03-01T08:31:27.130Z] Error writing to Modbus register: no connection to modbus server
[2025-03-01T08:31:27.677Z] Error reading register 3105 for IP 10.30.4.91: no connection to modbus server
[2025-03-01T08:31:27.677Z] ❌ Error reading register 1000 for IP 10.30.4.91: no connection to modbus server
[2025-03-01T08:31:27.677Z] Error reading actual data: no connection to modbus server
[2025-03-01T08:31:27.876Z] Error writing to Modbus register: no connection to modbus server
[2025-03-01T08:31:27.878Z] Error reading register 3105 for IP 10.30.4.91: no connection to modbus server
[2025-03-01T08:31:27.879Z] ❌ Error reading register 1000 for IP 10.30.4.91: no connection to modbus server
[2025-03-01T08:31:27.879Z] Error reading actual data: no connection to modbus server
[2025-03-01T08:31:27.892Z] Error writing to Modbus register: no connection to modbus server
[2025-03-01T08:31:27.894Z] Error reading register 3105 for IP 10.30.4.91: no connection to modbus server
[2025-03-01T08:31:27.894Z] ❌ Error reading register 1000 for IP 10.30.4.91: no connection to modbus server
[2025-03-01T08:31:27.894Z] Error reading actual data: no connection to modbus server
[2025-03-01T08:31:27.923Z] Error writing to Modbus register: no connection to modbus server
[2025-03-01T08:31:27.939Z] Error reading register 3105 for IP 10.30.4.91: no connection to modbus server
[2025-03-01T08:31:27.940Z] ❌ Error reading register 1000 for IP 10.30.4.91: no connection to modbus server
[2025-03-01T08:31:27.940Z] Error reading actual data: no connection to modbus server
[2025-03-01T08:31:27.969Z] Error writing to Modbus register: no connection to modbus server
[2025-03-01T08:31:28.055Z] Error reading register 3105 for IP 10.30.4.91: no connection to modbus server
[2025-03-01T08:31:28.055Z] ❌ Error reading register 1000 for IP 10.30.4.91: no connection to modbus server
[2025-03-01T08:31:28.055Z] Error reading actual data: no connection to modbus server
[2025-03-01T08:31:28.056Z] Error writing to Modbus register: no connection to modbus server
[2025-03-01T08:31:28.134Z] Error reading register 3105 for IP 10.30.4.91: no connection to modbus server
[2025-03-01T08:31:28.134Z] Error reading actual data: no connection to modbus server
[2025-03-01T08:31:28.134Z] Error writing to Modbus register: no connection to modbus server
[2025-03-01T08:31:28.134Z] ❌ Error reading register 1000 for IP 10.30.4.91: no connection to modbus server
[2025-03-01T08:31:28.680Z] Error reading register 3105 for IP 10.30.4.91: no connection to modbus server
[2025-03-01T08:31:28.680Z] ❌ Error reading register 1000 for IP 10.30.4.91: no connection to modbus server
[2025-03-01T08:31:28.681Z] Error reading actual data: no connection to modbus server
[2025-03-01T08:31:28.891Z] Error writing to Modbus register: no connection to modbus server
[2025-03-01T08:31:28.891Z] Error reading register 3105 for IP 10.30.4.91: no connection to modbus server
[2025-03-01T08:31:28.891Z] ❌ Error reading register 1000 for IP 10.30.4.91: no connection to modbus server
[2025-03-01T08:31:28.891Z] Error reading actual data: no connection to modbus server
[2025-03-01T08:31:28.892Z] Error writing to Modbus register: no connection to modbus server
[2025-03-01T08:31:28.893Z] Error reading register 3105 for IP 10.30.4.91: no connection to modbus server
[2025-03-01T08:31:28.893Z] ❌ Error reading register 1000 for IP 10.30.4.91: no connection to modbus server
[2025-03-01T08:31:28.893Z] Error reading actual data: no connection to modbus server
[2025-03-01T08:31:28.938Z] Error writing to Modbus register: no connection to modbus server
[2025-03-01T08:31:28.939Z] Error reading register 3105 for IP 10.30.4.91: no connection to modbus server
[2025-03-01T08:31:28.940Z] ❌ Error reading register 1000 for IP 10.30.4.91: no connection to modbus server
[2025-03-01T08:31:28.940Z] Error reading actual data: no connection to modbus server
[2025-03-01T08:31:28.994Z] Error writing to Modbus register: no connection to modbus server
[2025-03-01T08:31:29.065Z] Error reading register 3105 for IP 10.30.4.91: no connection to modbus server
[2025-03-01T08:31:29.065Z] Error reading actual data: no connection to modbus server
[2025-03-01T08:31:29.065Z] ❌ Error reading register 1000 for IP 10.30.4.91: no connection to modbus server
[2025-03-01T08:31:29.065Z] Error writing to Modbus register: no connection to modbus server
[2025-03-01T08:31:29.142Z] Error reading register 3105 for IP 10.30.4.91: no connection to modbus server
[2025-03-01T08:31:29.142Z] ❌ Error reading register 1000 for IP 10.30.4.91: no connection to modbus server
[2025-03-01T08:31:29.143Z] Error reading actual data: no connection to modbus server
[2025-03-01T08:31:29.143Z] Error writing to Modbus register: no connection to modbus server
[2025-03-01T08:31:29.693Z] Error reading register 3105 for IP 10.30.4.91: no connection to modbus server
[2025-03-01T08:31:29.694Z] ❌ Error reading register 1000 for IP 10.30.4.91: no connection to modbus server
[2025-03-01T08:31:29.694Z] Error reading actual data: no connection to modbus server
[2025-03-01T08:31:29.892Z] Error writing to Modbus register: no connection to modbus server
[2025-03-01T08:31:29.893Z] Error reading register 3105 for IP 10.30.4.91: no connection to modbus server
[2025-03-01T08:31:29.894Z] ❌ Error reading register 1000 for IP 10.30.4.91: no connection to modbus server
[2025-03-01T08:31:29.895Z] Error reading actual data: no connection to modbus server
[2025-03-01T08:31:29.897Z] Error writing to Modbus register: no connection to modbus server
[2025-03-01T08:31:29.898Z] Error reading register 3105 for IP 10.30.4.91: no connection to modbus server
[2025-03-01T08:31:29.898Z] ❌ Error reading register 1000 for IP 10.30.4.91: no connection to modbus server
[2025-03-01T08:31:29.898Z] Error reading actual data: no connection to modbus server
[2025-03-01T08:31:29.938Z] Error writing to Modbus register: no connection to modbus server
[2025-03-01T08:31:29.938Z] Error reading register 3105 for IP 10.30.4.91: no connection to modbus server
[2025-03-01T08:31:29.939Z] ❌ Error reading register 1000 for IP 10.30.4.91: no connection to modbus server
[2025-03-01T08:31:29.939Z] Error reading actual data: no connection to modbus server
[2025-03-01T08:31:29.998Z] Error writing to Modbus register: no connection to modbus server
[2025-03-01T08:31:30.076Z] Error reading register 3105 for IP 10.30.4.91: no connection to modbus server
[2025-03-01T08:31:30.076Z] ❌ Error reading register 1000 for IP 10.30.4.91: no connection to modbus server
[2025-03-01T08:31:30.076Z] Error reading actual data: no connection to modbus server
[2025-03-01T08:31:30.077Z] Error writing to Modbus register: no connection to modbus server
[2025-03-01T08:31:30.146Z] Error reading register 3105 for IP 10.30.4.91: no connection to modbus server
[2025-03-01T08:31:30.146Z] ❌ Error reading register 1000 for IP 10.30.4.91: no connection to modbus server
[2025-03-01T08:31:30.146Z] Error reading actual data: no connection to modbus server
[2025-03-01T08:31:30.146Z] Error writing to Modbus register: no connection to modbus server
[2025-03-01T08:31:30.694Z] Error reading register 3105 for IP 10.30.4.91: no connection to modbus server
[2025-03-01T08:31:30.695Z] ❌ Error reading register 1000 for IP 10.30.4.91: no connection to modbus server
[2025-03-01T08:31:30.695Z] Error reading actual data: no connection to modbus server
[2025-03-01T08:31:30.892Z] Error writing to Modbus register: no connection to modbus server
[2025-03-01T08:31:30.894Z] Error reading register 3105 for IP 10.30.4.91: no connection to modbus server
[2025-03-01T08:31:30.894Z] ❌ Error reading register 1000 for IP 10.30.4.91: no connection to modbus server
[2025-03-01T08:31:30.894Z] Error reading actual data: no connection to modbus server
[2025-03-01T08:31:30.896Z] Error writing to Modbus register: no connection to modbus server
[2025-03-01T08:31:30.899Z] Error reading register 3105 for IP 10.30.4.91: no connection to modbus server
[2025-03-01T08:31:30.899Z] ❌ Error reading register 1000 for IP 10.30.4.91: no connection to modbus server
[2025-03-01T08:31:30.899Z] Error reading actual data: no connection to modbus server
[2025-03-01T08:31:30.939Z] Error writing to Modbus register: no connection to modbus server
[2025-03-01T08:31:30.941Z] Error reading register 3105 for IP 10.30.4.91: no connection to modbus server
[2025-03-01T08:31:30.941Z] ❌ Error reading register 1000 for IP 10.30.4.91: no connection to modbus server
[2025-03-01T08:31:30.942Z] Error reading actual data: no connection to modbus server
[2025-03-01T08:31:30.998Z] Error writing to Modbus register: no connection to modbus server
[2025-03-01T08:31:31.076Z] ❌ Error reading register 1000 for IP 10.30.4.91: no connection to modbus server
[2025-03-01T08:31:31.076Z] Error reading register 3105 for IP 10.30.4.91: no connection to modbus server
[2025-03-01T08:31:31.076Z] Error reading actual data: no connection to modbus server
[2025-03-01T08:31:31.077Z] Error writing to Modbus register: no connection to modbus server
[2025-03-01T08:31:31.161Z] Error reading register 3105 for IP 10.30.4.91: no connection to modbus server
[2025-03-01T08:31:31.161Z] ❌ Error reading register 1000 for IP 10.30.4.91: no connection to modbus server
[2025-03-01T08:31:31.162Z] Error reading actual data: no connection to modbus server
[2025-03-01T08:31:31.162Z] Error writing to Modbus register: no connection to modbus server
[2025-03-01T08:31:31.696Z] Error reading register 3105 for IP 10.30.4.91: no connection to modbus server
[2025-03-01T08:31:31.697Z] ❌ Error reading register 1000 for IP 10.30.4.91: no connection to modbus server
[2025-03-01T08:31:31.697Z] Error reading actual data: no connection to modbus server
[2025-03-01T08:31:31.909Z] Error writing to Modbus register: no connection to modbus server
[2025-03-01T08:31:31.912Z] ❌ Error reading register 1000 for IP 10.30.4.91: no connection to modbus server
[2025-03-01T08:31:31.912Z] Error reading actual data: no connection to modbus server
[2025-03-01T08:31:31.911Z] Error reading register 3105 for IP 10.30.4.91: no connection to modbus server
[2025-03-01T08:31:31.913Z] Error writing to Modbus register: no connection to modbus server
[2025-03-01T08:31:31.914Z] Error reading register 3105 for IP 10.30.4.91: no connection to modbus server
[2025-03-01T08:31:31.914Z] ❌ Error reading register 1000 for IP 10.30.4.91: no connection to modbus server
[2025-03-01T08:31:31.914Z] Error reading actual data: no connection to modbus server
[2025-03-01T08:31:31.939Z] Error writing to Modbus register: no connection to modbus server
[2025-03-01T08:31:31.941Z] Error reading register 3105 for IP 10.30.4.91: no connection to modbus server
[2025-03-01T08:31:31.941Z] ❌ Error reading register 1000 for IP 10.30.4.91: no connection to modbus server
[2025-03-01T08:31:31.942Z] Error reading actual data: no connection to modbus server
[2025-03-01T08:31:32.010Z] Error writing to Modbus register: no connection to modbus server
[2025-03-01T08:31:32.092Z] Error reading register 3105 for IP 10.30.4.91: no connection to modbus server
[2025-03-01T08:31:32.092Z] ❌ Error reading register 1000 for IP 10.30.4.91: no connection to modbus server
[2025-03-01T08:31:32.093Z] Error writing to Modbus register: no connection to modbus server
[2025-03-01T08:31:32.092Z] Error reading actual data: no connection to modbus server
[2025-03-01T08:31:32.164Z] Error reading register 3105 for IP 10.30.4.91: no connection to modbus server
[2025-03-01T08:31:32.165Z] ❌ Error reading register 1000 for IP 10.30.4.91: no connection to modbus server
[2025-03-01T08:31:32.165Z] Error reading actual data: no connection to modbus server
[2025-03-01T08:31:32.167Z] Error writing to Modbus register: no connection to modbus server
[2025-03-01T08:31:32.710Z] Error reading register 3105 for IP 10.30.4.91: no connection to modbus server
[2025-03-01T08:31:32.710Z] ❌ Error reading register 1000 for IP 10.30.4.91: no connection to modbus server
[2025-03-01T08:31:32.710Z] Error reading actual data: no connection to modbus server
[2025-03-01T08:31:32.908Z] Error writing to Modbus register: no connection to modbus server
[2025-03-01T08:31:32.924Z] Error reading register 3105 for IP 10.30.4.91: no connection to modbus server
[2025-03-01T08:31:32.924Z] ❌ Error reading register 1000 for IP 10.30.4.91: no connection to modbus server
[2025-03-01T08:31:32.924Z] Error reading actual data: no connection to modbus server
[2025-03-01T08:31:32.924Z] Error writing to Modbus register: no connection to modbus server
[2025-03-01T08:31:32.925Z] Error reading register 3105 for IP 10.30.4.91: no connection to modbus server
[2025-03-01T08:31:32.925Z] ❌ Error reading register 1000 for IP 10.30.4.91: no connection to modbus server
[2025-03-01T08:31:32.925Z] Error reading actual data: no connection to modbus server
[2025-03-01T08:31:32.939Z] Error writing to Modbus register: no connection to modbus server
[2025-03-01T08:31:32.941Z] Error reading register 3105 for IP 10.30.4.91: no connection to modbus server
[2025-03-01T08:31:32.941Z] ❌ Error reading register 1000 for IP 10.30.4.91: no connection to modbus server
[2025-03-01T08:31:32.941Z] Error reading actual data: no connection to modbus server
[2025-03-01T08:31:33.015Z] Error writing to Modbus register: no connection to modbus server
[2025-03-01T08:31:33.092Z] Error reading register 3105 for IP 10.30.4.91: no connection to modbus server
[2025-03-01T08:31:33.093Z] ❌ Error reading register 1000 for IP 10.30.4.91: no connection to modbus server
[2025-03-01T08:31:33.093Z] Error writing to Modbus register: no connection to modbus server
[2025-03-01T08:31:33.093Z] Error reading actual data: no connection to modbus server
[2025-03-01T08:31:33.163Z] Error reading register 3105 for IP 10.30.4.91: no connection to modbus server
[2025-03-01T08:31:33.163Z] ❌ Error reading register 1000 for IP 10.30.4.91: no connection to modbus server
[2025-03-01T08:31:33.163Z] Error reading actual data: no connection to modbus server
[2025-03-01T08:31:33.177Z] Error writing to Modbus register: no connection to modbus server
[2025-03-01T08:31:33.711Z] Error reading register 3105 for IP 10.30.4.91: no connection to modbus server
[2025-03-01T08:31:33.711Z] ❌ Error reading register 1000 for IP 10.30.4.91: no connection to modbus server
[2025-03-01T08:31:33.712Z] Error reading actual data: no connection to modbus server
[2025-03-01T08:31:33.908Z] Error writing to Modbus register: no connection to modbus server
[2025-03-01T08:31:33.940Z] Error reading register 3105 for IP 10.30.4.91: no connection to modbus server
[2025-03-01T08:31:33.941Z] ❌ Error reading register 1000 for IP 10.30.4.91: no connection to modbus server
[2025-03-01T08:31:33.941Z] Error reading actual data: no connection to modbus server
[2025-03-01T08:31:33.942Z] Error writing to Modbus register: no connection to modbus server
[2025-03-01T08:31:33.944Z] Error reading register 3105 for IP 10.30.4.91: no connection to modbus server
[2025-03-01T08:31:33.944Z] ❌ Error reading register 1000 for IP 10.30.4.91: no connection to modbus server
[2025-03-01T08:31:33.945Z] Error reading actual data: no connection to modbus server
[2025-03-01T08:31:33.946Z] Error writing to Modbus register: no connection to modbus server
[2025-03-01T08:31:33.947Z] Error reading register 3105 for IP 10.30.4.91: no connection to modbus server
[2025-03-01T08:31:33.948Z] ❌ Error reading register 1000 for IP 10.30.4.91: no connection to modbus server
[2025-03-01T08:31:33.948Z] Error reading actual data: no connection to modbus server
[2025-03-01T08:31:34.028Z] Error writing to Modbus register: no connection to modbus server
[2025-03-01T08:31:34.108Z] Error reading register 3105 for IP 10.30.4.91: no connection to modbus server
[2025-03-01T08:31:34.109Z] ❌ Error reading register 1000 for IP 10.30.4.91: no connection to modbus server
[2025-03-01T08:31:34.109Z] Error writing to Modbus register: no connection to modbus server
[2025-03-01T08:31:34.109Z] Error reading actual data: no connection to modbus server
[2025-03-01T08:31:34.179Z] Error reading register 3105 for IP 10.30.4.91: no connection to modbus server
[2025-03-01T08:31:34.179Z] ❌ Error reading register 1000 for IP 10.30.4.91: no connection to modbus server
[2025-03-01T08:31:34.180Z] Error reading actual data: no connection to modbus server
[2025-03-01T08:31:34.181Z] Error writing to Modbus register: no connection to modbus server
[2025-03-01T08:31:34.711Z] Error reading register 3105 for IP 10.30.4.91: no connection to modbus server
[2025-03-01T08:31:34.711Z] ❌ Error reading register 1000 for IP 10.30.4.91: no connection to modbus server
[2025-03-01T08:31:34.712Z] Error reading actual data: no connection to modbus server
[2025-03-01T08:31:34.909Z] Error writing to Modbus register: no connection to modbus server
[2025-03-01T08:31:34.940Z] Error reading register 3105 for IP 10.30.4.91: no connection to modbus server
[2025-03-01T08:31:34.941Z] ❌ Error reading register 1000 for IP 10.30.4.91: no connection to modbus server
[2025-03-01T08:31:34.941Z] Error reading actual data: no connection to modbus server
[2025-03-01T08:31:34.941Z] Error writing to Modbus register: no connection to modbus server
[2025-03-01T08:31:34.956Z] Error reading register 3105 for IP 10.30.4.91: no connection to modbus server
[2025-03-01T08:31:34.956Z] ❌ Error reading register 1000 for IP 10.30.4.91: no connection to modbus server
[2025-03-01T08:31:34.956Z] Error reading actual data: no connection to modbus server
[2025-03-01T08:31:34.956Z] Error writing to Modbus register: no connection to modbus server
[2025-03-01T08:31:34.957Z] Error reading register 3105 for IP 10.30.4.91: no connection to modbus server
[2025-03-01T08:31:34.957Z] ❌ Error reading register 1000 for IP 10.30.4.91: no connection to modbus server
[2025-03-01T08:31:34.957Z] Error reading actual data: no connection to modbus server
[2025-03-01T08:31:35.044Z] Error writing to Modbus register: no connection to modbus server
[2025-03-01T08:31:35.110Z] Error reading register 3105 for IP 10.30.4.91: no connection to modbus server
[2025-03-01T08:31:35.111Z] ❌ Error reading register 1000 for IP 10.30.4.91: no connection to modbus server
[2025-03-01T08:31:35.111Z] Error reading actual data: no connection to modbus server
[2025-03-01T08:31:35.112Z] Error writing to Modbus register: no connection to modbus server
[2025-03-01T08:31:35.196Z] Error reading register 3105 for IP 10.30.4.91: no connection to modbus server
[2025-03-01T08:31:35.196Z] ❌ Error reading register 1000 for IP 10.30.4.91: no connection to modbus server
[2025-03-01T08:31:35.197Z] Error reading actual data: no connection to modbus server
[2025-03-01T08:31:35.198Z] Error writing to Modbus register: no connection to modbus server
[2025-03-01T08:31:35.711Z] Error reading register 3105 for IP 10.30.4.91: no connection to modbus server
[2025-03-01T08:31:35.712Z] ❌ Error reading register 1000 for IP 10.30.4.91: no connection to modbus server
[2025-03-01T08:31:35.712Z] Error reading actual data: no connection to modbus server
[2025-03-01T08:31:35.909Z] Error writing to Modbus register: no connection to modbus server
[2025-03-01T08:31:35.941Z] Error reading register 3105 for IP 10.30.4.91: no connection to modbus server
[2025-03-01T08:31:35.941Z] ❌ Error reading register 1000 for IP 10.30.4.91: no connection to modbus server
[2025-03-01T08:31:35.941Z] Error reading actual data: no connection to modbus server
[2025-03-01T08:31:35.942Z] Error writing to Modbus register: no connection to modbus server
[2025-03-01T08:31:35.956Z] Error reading register 3105 for IP 10.30.4.91: no connection to modbus server
[2025-03-01T08:31:35.956Z] ❌ Error reading register 1000 for IP 10.30.4.91: no connection to modbus server
[2025-03-01T08:31:35.956Z] Error reading actual data: no connection to modbus server
[2025-03-01T08:31:35.957Z] Error writing to Modbus register: no connection to modbus server
[2025-03-01T08:31:35.958Z] Error reading register 3105 for IP 10.30.4.91: no connection to modbus server
[2025-03-01T08:31:35.958Z] ❌ Error reading register 1000 for IP 10.30.4.91: no connection to modbus server
[2025-03-01T08:31:35.958Z] Error reading actual data: no connection to modbus server
[2025-03-01T08:31:36.062Z] Error writing to Modbus register: no connection to modbus server
[2025-03-01T08:31:36.110Z] Error reading register 3105 for IP 10.30.4.91: no connection to modbus server
[2025-03-01T08:31:36.110Z] ❌ Error reading register 1000 for IP 10.30.4.91: no connection to modbus server
[2025-03-01T08:31:36.110Z] Error reading actual data: no connection to modbus server
[2025-03-01T08:31:36.112Z] Error writing to Modbus register: no connection to modbus server
[2025-03-01T08:31:36.210Z] Error reading register 3105 for IP 10.30.4.91: no connection to modbus server
[2025-03-01T08:31:36.210Z] ❌ Error reading register 1000 for IP 10.30.4.91: no connection to modbus server
[2025-03-01T08:31:36.210Z] Error reading actual data: no connection to modbus server
[2025-03-01T08:31:36.210Z] Error writing to Modbus register: no connection to modbus server
[2025-03-01T08:31:36.714Z] Error reading register 3105 for IP 10.30.4.91: no connection to modbus server
[2025-03-01T08:31:36.714Z] ❌ Error reading register 1000 for IP 10.30.4.91: no connection to modbus server
[2025-03-01T08:31:36.715Z] Error reading actual data: no connection to modbus server
[2025-03-01T08:31:36.909Z] Error writing to Modbus register: no connection to modbus server
[2025-03-01T08:31:36.940Z] Error reading register 3105 for IP 10.30.4.91: no connection to modbus server
[2025-03-01T08:31:36.940Z] ❌ Error reading register 1000 for IP 10.30.4.91: no connection to modbus server
[2025-03-01T08:31:36.940Z] Error reading actual data: no connection to modbus server
[2025-03-01T08:31:36.956Z] Error writing to Modbus register: no connection to modbus server
[2025-03-01T08:31:36.957Z] Error reading register 3105 for IP 10.30.4.91: no connection to modbus server
[2025-03-01T08:31:36.957Z] ❌ Error reading register 1000 for IP 10.30.4.91: no connection to modbus server
[2025-03-01T08:31:36.957Z] Error reading actual data: no connection to modbus server
[2025-03-01T08:31:36.958Z] Error writing to Modbus register: no connection to modbus server
[2025-03-01T08:31:36.958Z] Error reading register 3105 for IP 10.30.4.91: no connection to modbus server
[2025-03-01T08:31:36.959Z] ❌ Error reading register 1000 for IP 10.30.4.91: no connection to modbus server
[2025-03-01T08:31:36.959Z] Error reading actual data: no connection to modbus server
[2025-03-01T08:31:37.077Z] Error writing to Modbus register: no connection to modbus server
[2025-03-01T08:31:37.124Z] Error reading register 3105 for IP 10.30.4.91: no connection to modbus server
[2025-03-01T08:31:37.124Z] ❌ Error reading register 1000 for IP 10.30.4.91: no connection to modbus server
[2025-03-01T08:31:37.125Z] Error reading actual data: no connection to modbus server
[2025-03-01T08:31:37.125Z] Error writing to Modbus register: no connection to modbus server
[2025-03-01T08:31:37.210Z] Error reading register 3105 for IP 10.30.4.91: no connection to modbus server
[2025-03-01T08:31:37.210Z] ❌ Error reading register 1000 for IP 10.30.4.91: no connection to modbus server
[2025-03-01T08:31:37.211Z] Error reading actual data: no connection to modbus server
[2025-03-01T08:31:37.211Z] Error writing to Modbus register: no connection to modbus server
[2025-03-01T08:31:37.728Z] Error reading register 3105 for IP 10.30.4.91: no connection to modbus server
[2025-03-01T08:31:37.729Z] ❌ Error reading register 1000 for IP 10.30.4.91: no connection to modbus server
[2025-03-01T08:31:37.729Z] Error reading actual data: no connection to modbus server
[2025-03-01T08:31:37.909Z] Error writing to Modbus register: no connection to modbus server
[2025-03-01T08:31:37.940Z] Error reading register 3105 for IP 10.30.4.91: no connection to modbus server
[2025-03-01T08:31:37.940Z] ❌ Error reading register 1000 for IP 10.30.4.91: no connection to modbus server
[2025-03-01T08:31:37.940Z] Error reading actual data: no connection to modbus server
[2025-03-01T08:31:37.956Z] Error writing to Modbus register: no connection to modbus server
[2025-03-01T08:31:37.956Z] Error reading register 3105 for IP 10.30.4.91: no connection to modbus server
[2025-03-01T08:31:37.956Z] ❌ Error reading register 1000 for IP 10.30.4.91: no connection to modbus server
[2025-03-01T08:31:37.957Z] Error reading actual data: no connection to modbus server
[2025-03-01T08:31:37.957Z] Error writing to Modbus register: no connection to modbus server
[2025-03-01T08:31:37.973Z] Error reading register 3105 for IP 10.30.4.91: no connection to modbus server
[2025-03-01T08:31:37.973Z] ❌ Error reading register 1000 for IP 10.30.4.91: no connection to modbus server
[2025-03-01T08:31:37.973Z] Error reading actual data: no connection to modbus server
[2025-03-01T08:31:38.077Z] Error writing to Modbus register: no connection to modbus server
[2025-03-01T08:31:38.127Z] Error reading register 3105 for IP 10.30.4.91: no connection to modbus server
[2025-03-01T08:31:38.127Z] ❌ Error reading register 1000 for IP 10.30.4.91: no connection to modbus server
[2025-03-01T08:31:38.127Z] Error reading actual data: no connection to modbus server
[2025-03-01T08:31:38.127Z] Error writing to Modbus register: no connection to modbus server
[2025-03-01T08:31:38.211Z] Error reading register 3105 for IP 10.30.4.91: no connection to modbus server
[2025-03-01T08:31:38.211Z] ❌ Error reading register 1000 for IP 10.30.4.91: no connection to modbus server
[2025-03-01T08:31:38.211Z] Error reading actual data: no connection to modbus server
[2025-03-01T08:31:38.211Z] Error writing to Modbus register: no connection to modbus server
[2025-03-01T08:31:38.728Z] Error reading register 3105 for IP 10.30.4.91: no connection to modbus server
[2025-03-01T08:31:38.728Z] ❌ Error reading register 1000 for IP 10.30.4.91: no connection to modbus server
[2025-03-01T08:31:38.728Z] Error reading actual data: no connection to modbus server
[2025-03-01T08:31:38.924Z] Error writing to Modbus register: no connection to modbus server
[2025-03-01T08:31:38.940Z] Error reading register 3105 for IP 10.30.4.91: no connection to modbus server
[2025-03-01T08:31:38.940Z] ❌ Error reading register 1000 for IP 10.30.4.91: no connection to modbus server
[2025-03-01T08:31:38.940Z] Error reading actual data: no connection to modbus server
[2025-03-01T08:31:38.955Z] Error writing to Modbus register: no connection to modbus server
[2025-03-01T08:31:38.956Z] Error reading register 3105 for IP 10.30.4.91: no connection to modbus server
[2025-03-01T08:31:38.956Z] ❌ Error reading register 1000 for IP 10.30.4.91: no connection to modbus server
[2025-03-01T08:31:38.956Z] Error reading actual data: no connection to modbus server
[2025-03-01T08:31:38.957Z] Error writing to Modbus register: no connection to modbus server
[2025-03-01T08:31:38.987Z] Error reading register 3105 for IP 10.30.4.91: no connection to modbus server
[2025-03-01T08:31:38.987Z] ❌ Error reading register 1000 for IP 10.30.4.91: no connection to modbus server
[2025-03-01T08:31:38.987Z] Error reading actual data: no connection to modbus server
[2025-03-01T08:31:39.077Z] Error writing to Modbus register: no connection to modbus server
[2025-03-01T08:31:39.147Z] Error reading register 3105 for IP 10.30.4.91: no connection to modbus server
[2025-03-01T08:31:39.148Z] ❌ Error reading register 1000 for IP 10.30.4.91: no connection to modbus server
[2025-03-01T08:31:39.148Z] Error reading actual data: no connection to modbus server
[2025-03-01T08:31:39.149Z] Error writing to Modbus register: no connection to modbus server
[2025-03-01T08:31:39.229Z] Error reading register 3105 for IP 10.30.4.91: no connection to modbus server
[2025-03-01T08:31:39.230Z] ❌ Error reading register 1000 for IP 10.30.4.91: no connection to modbus server
[2025-03-01T08:31:39.230Z] Error reading actual data: no connection to modbus server
[2025-03-01T08:31:39.232Z] Error writing to Modbus register: no connection to modbus server
[2025-03-01T08:31:39.730Z] Error reading register 3105 for IP 10.30.4.91: no connection to modbus server
[2025-03-01T08:31:39.731Z] ❌ Error reading register 1000 for IP 10.30.4.91: no connection to modbus server
[2025-03-01T08:31:39.731Z] Error reading actual data: no connection to modbus server
[2025-03-01T08:31:39.928Z] Error writing to Modbus register: no connection to modbus server
[2025-03-01T08:31:39.944Z] Error reading register 3105 for IP 10.30.4.91: no connection to modbus server
[2025-03-01T08:31:39.944Z] ❌ Error reading register 1000 for IP 10.30.4.91: no connection to modbus server
[2025-03-01T08:31:39.944Z] Error reading actual data: no connection to modbus server
[2025-03-01T08:31:39.960Z] Error writing to Modbus register: no connection to modbus server
[2025-03-01T08:31:39.960Z] Error reading register 3105 for IP 10.30.4.91: no connection to modbus server
[2025-03-01T08:31:39.960Z] ❌ Error reading register 1000 for IP 10.30.4.91: no connection to modbus server
[2025-03-01T08:31:39.961Z] Error reading actual data: no connection to modbus server
[2025-03-01T08:31:39.961Z] Error writing to Modbus register: no connection to modbus server
[2025-03-01T08:31:39.991Z] Error reading register 3105 for IP 10.30.4.91: no connection to modbus server
[2025-03-01T08:31:39.991Z] ❌ Error reading register 1000 for IP 10.30.4.91: no connection to modbus server
[2025-03-01T08:31:39.991Z] Error reading actual data: no connection to modbus server
[2025-03-01T08:31:40.078Z] Error writing to Modbus register: no connection to modbus server
[2025-03-01T08:31:40.145Z] Error reading register 3105 for IP 10.30.4.91: no connection to modbus server
[2025-03-01T08:31:40.145Z] ❌ Error reading register 1000 for IP 10.30.4.91: no connection to modbus server
[2025-03-01T08:31:40.145Z] Error reading actual data: no connection to modbus server
[2025-03-01T08:31:40.160Z] Error writing to Modbus register: no connection to modbus server
[2025-03-01T08:31:40.245Z] Error reading register 3105 for IP 10.30.4.91: no connection to modbus server
[2025-03-01T08:31:40.245Z] ❌ Error reading register 1000 for IP 10.30.4.91: no connection to modbus server
[2025-03-01T08:31:40.245Z] Error reading actual data: no connection to modbus server
[2025-03-01T08:31:40.245Z] Error writing to Modbus register: no connection to modbus server
[2025-03-01T08:31:40.734Z] Error reading register 3105 for IP 10.30.4.91: no connection to modbus server
[2025-03-01T08:31:40.734Z] ❌ Error reading register 1000 for IP 10.30.4.91: no connection to modbus server
[2025-03-01T08:31:40.734Z] Error reading actual data: no connection to modbus server
[2025-03-01T08:31:40.944Z] Error writing to Modbus register: no connection to modbus server
[2025-03-01T08:31:40.944Z] Error reading register 3105 for IP 10.30.4.91: no connection to modbus server
[2025-03-01T08:31:40.944Z] Error reading actual data: no connection to modbus server
[2025-03-01T08:31:40.944Z] ❌ Error reading register 1000 for IP 10.30.4.91: no connection to modbus server
[2025-03-01T08:31:40.959Z] Error writing to Modbus register: no connection to modbus server
[2025-03-01T08:31:40.960Z] Error reading register 3105 for IP 10.30.4.91: no connection to modbus server
[2025-03-01T08:31:40.960Z] ❌ Error reading register 1000 for IP 10.30.4.91: no connection to modbus server
[2025-03-01T08:31:40.960Z] Error reading actual data: no connection to modbus server
[2025-03-01T08:31:40.961Z] Error writing to Modbus register: no connection to modbus server
[2025-03-01T08:31:40.991Z] Error reading register 3105 for IP 10.30.4.91: no connection to modbus server
[2025-03-01T08:31:40.991Z] ❌ Error reading register 1000 for IP 10.30.4.91: no connection to modbus server
[2025-03-01T08:31:40.991Z] Error reading actual data: no connection to modbus server
[2025-03-01T08:31:41.092Z] Error writing to Modbus register: no connection to modbus server
[2025-03-01T08:31:41.155Z] Error reading register 3105 for IP 10.30.4.91: no connection to modbus server
[2025-03-01T08:31:41.156Z] ❌ Error reading register 1000 for IP 10.30.4.91: no connection to modbus server
[2025-03-01T08:31:41.156Z] Error reading actual data: no connection to modbus server
[2025-03-01T08:31:41.171Z] Error writing to Modbus register: no connection to modbus server
[2025-03-01T08:31:41.262Z] ❌ Error reading register 1000 for IP 10.30.4.91: no connection to modbus server
[2025-03-01T08:31:41.262Z] Error reading register 3105 for IP 10.30.4.91: no connection to modbus server
[2025-03-01T08:31:41.262Z] Error reading actual data: no connection to modbus server
[2025-03-01T08:31:41.262Z] Error writing to Modbus register: no connection to modbus server
[2025-03-01T08:31:41.747Z] Error reading register 3105 for IP 10.30.4.91: no connection to modbus server
[2025-03-01T08:31:41.747Z] ❌ Error reading register 1000 for IP 10.30.4.91: no connection to modbus server
[2025-03-01T08:31:41.748Z] Error reading actual data: no connection to modbus server
[2025-03-01T08:31:41.958Z] Error writing to Modbus register: no connection to modbus server
[2025-03-01T08:31:41.958Z] Error reading register 3105 for IP 10.30.4.91: no connection to modbus server
[2025-03-01T08:31:41.958Z] ❌ Error reading register 1000 for IP 10.30.4.91: no connection to modbus server
[2025-03-01T08:31:41.958Z] Error reading actual data: no connection to modbus server
[2025-03-01T08:31:41.974Z] Error reading register 3105 for IP 10.30.4.91: no connection to modbus server
[2025-03-01T08:31:41.974Z] ❌ Error reading register 1000 for IP 10.30.4.91: no connection to modbus server
[2025-03-01T08:31:41.974Z] Error writing to Modbus register: no connection to modbus server
[2025-03-01T08:31:41.973Z] Error writing to Modbus register: no connection to modbus server
[2025-03-01T08:31:41.974Z] Error reading actual data: no connection to modbus server
[2025-03-01T08:31:42.005Z] Error reading register 3105 for IP 10.30.4.91: no connection to modbus server
[2025-03-01T08:31:42.005Z] ❌ Error reading register 1000 for IP 10.30.4.91: no connection to modbus server
[2025-03-01T08:31:42.006Z] Error reading actual data: no connection to modbus server
[2025-03-01T08:31:42.095Z] Error writing to Modbus register: no connection to modbus server
[2025-03-01T08:31:42.157Z] Error reading register 3105 for IP 10.30.4.91: no connection to modbus server
[2025-03-01T08:31:42.157Z] ❌ Error reading register 1000 for IP 10.30.4.91: no connection to modbus server
[2025-03-01T08:31:42.157Z] Error reading actual data: no connection to modbus server
[2025-03-01T08:31:42.173Z] Error writing to Modbus register: no connection to modbus server
[2025-03-01T08:31:42.268Z] Error reading register 3105 for IP 10.30.4.91: no connection to modbus server
[2025-03-01T08:31:42.268Z] ❌ Error reading register 1000 for IP 10.30.4.91: no connection to modbus server
[2025-03-01T08:31:42.268Z] Error writing to Modbus register: no connection to modbus server
[2025-03-01T08:31:42.268Z] Error reading actual data: no connection to modbus server
[2025-03-01T08:31:42.761Z] Error reading register 3105 for IP 10.30.4.91: no connection to modbus server
[2025-03-01T08:31:42.761Z] ❌ Error reading register 1000 for IP 10.30.4.91: no connection to modbus server
[2025-03-01T08:31:42.761Z] Error reading actual data: no connection to modbus server
[2025-03-01T08:31:42.959Z] Error writing to Modbus register: no connection to modbus server
[2025-03-01T08:31:42.959Z] Error reading register 3105 for IP 10.30.4.91: no connection to modbus server
[2025-03-01T08:31:42.959Z] ❌ Error reading register 1000 for IP 10.30.4.91: no connection to modbus server
[2025-03-01T08:31:42.959Z] Error reading actual data: no connection to modbus server
[2025-03-01T08:31:42.975Z] Error writing to Modbus register: no connection to modbus server
[2025-03-01T08:31:42.975Z] Error reading register 3105 for IP 10.30.4.91: no connection to modbus server
[2025-03-01T08:31:42.976Z] ❌ Error reading register 1000 for IP 10.30.4.91: no connection to modbus server
[2025-03-01T08:31:42.976Z] Error reading actual data: no connection to modbus server
[2025-03-01T08:31:42.977Z] Error writing to Modbus register: no connection to modbus server
[2025-03-01T08:31:43.007Z] Error reading register 3105 for IP 10.30.4.91: no connection to modbus server
[2025-03-01T08:31:43.007Z] ❌ Error reading register 1000 for IP 10.30.4.91: no connection to modbus server
[2025-03-01T08:31:43.008Z] Error reading actual data: no connection to modbus server
[2025-03-01T08:31:43.095Z] Error writing to Modbus register: no connection to modbus server
[2025-03-01T08:31:43.160Z] Error reading register 3105 for IP 10.30.4.91: no connection to modbus server
[2025-03-01T08:31:43.160Z] ❌ Error reading register 1000 for IP 10.30.4.91: no connection to modbus server
[2025-03-01T08:31:43.160Z] Error reading actual data: no connection to modbus server
[2025-03-01T08:31:43.177Z] Error writing to Modbus register: no connection to modbus server
[2025-03-01T08:31:43.277Z] Error reading register 3105 for IP 10.30.4.91: no connection to modbus server
[2025-03-01T08:31:43.277Z] ❌ Error reading register 1000 for IP 10.30.4.91: no connection to modbus server
[2025-03-01T08:31:43.278Z] Error reading actual data: no connection to modbus server
[2025-03-01T08:31:43.278Z] Error writing to Modbus register: no connection to modbus server
[2025-03-01T08:31:43.762Z] Error reading register 3105 for IP 10.30.4.91: no connection to modbus server
[2025-03-01T08:31:43.762Z] ❌ Error reading register 1000 for IP 10.30.4.91: no connection to modbus server
[2025-03-01T08:31:43.762Z] Error reading actual data: no connection to modbus server
[2025-03-01T08:31:43.961Z] Error writing to Modbus register: no connection to modbus server
[2025-03-01T08:31:43.962Z] Error reading register 3105 for IP 10.30.4.91: no connection to modbus server
[2025-03-01T08:31:43.962Z] ❌ Error reading register 1000 for IP 10.30.4.91: no connection to modbus server
[2025-03-01T08:31:43.962Z] Error reading actual data: no connection to modbus server
[2025-03-01T08:31:43.980Z] Error writing to Modbus register: no connection to modbus server
[2025-03-01T08:31:43.980Z] Error reading register 3105 for IP 10.30.4.91: no connection to modbus server
[2025-03-01T08:31:43.980Z] ❌ Error reading register 1000 for IP 10.30.4.91: no connection to modbus server
[2025-03-01T08:31:43.980Z] Error reading actual data: no connection to modbus server
[2025-03-01T08:31:43.981Z] Error writing to Modbus register: no connection to modbus server
[2025-03-01T08:31:44.012Z] Error reading register 3105 for IP 10.30.4.91: no connection to modbus server
[2025-03-01T08:31:44.012Z] ❌ Error reading register 1000 for IP 10.30.4.91: no connection to modbus server
[2025-03-01T08:31:44.012Z] Error reading actual data: no connection to modbus server
[2025-03-01T08:31:44.112Z] Error writing to Modbus register: no connection to modbus server
[2025-03-01T08:31:44.161Z] Error reading register 3105 for IP 10.30.4.91: no connection to modbus server
[2025-03-01T08:31:44.161Z] ❌ Error reading register 1000 for IP 10.30.4.91: no connection to modbus server
[2025-03-01T08:31:44.162Z] Error reading actual data: no connection to modbus server
[2025-03-01T08:31:44.195Z] Error writing to Modbus register: no connection to modbus server
[2025-03-01T08:31:44.278Z] Error reading register 3105 for IP 10.30.4.91: no connection to modbus server
[2025-03-01T08:31:44.278Z] ❌ Error reading register 1000 for IP 10.30.4.91: no connection to modbus server
[2025-03-01T08:31:44.278Z] Error reading actual data: no connection to modbus server
[2025-03-01T08:31:44.279Z] Error writing to Modbus register: no connection to modbus server
[2025-03-01T08:31:44.763Z] ❌ Error reading register 1000 for IP 10.30.4.91: no connection to modbus server
[2025-03-01T08:31:44.763Z] Error reading actual data: no connection to modbus server
[2025-03-01T08:31:44.763Z] Error reading register 3105 for IP 10.30.4.91: no connection to modbus server
[2025-03-01T08:31:44.974Z] Error writing to Modbus register: no connection to modbus server
[2025-03-01T08:31:44.975Z] Error reading register 3105 for IP 10.30.4.91: no connection to modbus server
[2025-03-01T08:31:44.975Z] ❌ Error reading register 1000 for IP 10.30.4.91: no connection to modbus server
[2025-03-01T08:31:44.975Z] Error reading actual data: no connection to modbus server
[2025-03-01T08:31:44.990Z] Error writing to Modbus register: no connection to modbus server
[2025-03-01T08:31:44.990Z] Error reading register 3105 for IP 10.30.4.91: no connection to modbus server
[2025-03-01T08:31:44.990Z] ❌ Error reading register 1000 for IP 10.30.4.91: no connection to modbus server
[2025-03-01T08:31:44.990Z] Error reading actual data: no connection to modbus server
[2025-03-01T08:31:44.991Z] Error writing to Modbus register: no connection to modbus server
[2025-03-01T08:31:45.022Z] Error reading register 3105 for IP 10.30.4.91: no connection to modbus server
[2025-03-01T08:31:45.022Z] ❌ Error reading register 1000 for IP 10.30.4.91: no connection to modbus server
[2025-03-01T08:31:45.022Z] Error reading actual data: no connection to modbus server
[2025-03-01T08:31:45.128Z] Error writing to Modbus register: no connection to modbus server
[2025-03-01T08:31:45.175Z] Error reading register 3105 for IP 10.30.4.91: no connection to modbus server
[2025-03-01T08:31:45.175Z] ❌ Error reading register 1000 for IP 10.30.4.91: no connection to modbus server
[2025-03-01T08:31:45.175Z] Error reading actual data: no connection to modbus server
[2025-03-01T08:31:45.206Z] Error writing to Modbus register: no connection to modbus server
[2025-03-01T08:31:45.293Z] Error reading register 3105 for IP 10.30.4.91: no connection to modbus server
[2025-03-01T08:31:45.294Z] ❌ Error reading register 1000 for IP 10.30.4.91: no connection to modbus server
[2025-03-01T08:31:45.294Z] Error reading actual data: no connection to modbus server
[2025-03-01T08:31:45.294Z] Error writing to Modbus register: no connection to modbus server
[2025-03-01T08:31:45.768Z] Error reading register 3105 for IP 10.30.4.91: no connection to modbus server
[2025-03-01T08:31:45.768Z] ❌ Error reading register 1000 for IP 10.30.4.91: no connection to modbus server
[2025-03-01T08:31:45.768Z] Error reading actual data: no connection to modbus server
[2025-03-01T08:31:45.989Z] Error writing to Modbus register: no connection to modbus server
[2025-03-01T08:31:45.990Z] Error reading register 3105 for IP 10.30.4.91: no connection to modbus server
[2025-03-01T08:31:45.990Z] ❌ Error reading register 1000 for IP 10.30.4.91: no connection to modbus server
[2025-03-01T08:31:45.990Z] Error reading actual data: no connection to modbus server
[2025-03-01T08:31:45.990Z] Error writing to Modbus register: no connection to modbus server
[2025-03-01T08:31:45.991Z] Error reading register 3105 for IP 10.30.4.91: no connection to modbus server
[2025-03-01T08:31:45.991Z] ❌ Error reading register 1000 for IP 10.30.4.91: no connection to modbus server
[2025-03-01T08:31:45.991Z] Error reading actual data: no connection to modbus server
[2025-03-01T08:31:45.992Z] Error writing to Modbus register: no connection to modbus server
[2025-03-01T08:31:46.036Z] Error reading register 3105 for IP 10.30.4.91: no connection to modbus server
[2025-03-01T08:31:46.037Z] ❌ Error reading register 1000 for IP 10.30.4.91: no connection to modbus server
[2025-03-01T08:31:46.037Z] Error reading actual data: no connection to modbus server
[2025-03-01T08:31:46.145Z] Error writing to Modbus register: no connection to modbus server
[2025-03-01T08:31:46.176Z] Error reading register 3105 for IP 10.30.4.91: no connection to modbus server
[2025-03-01T08:31:46.177Z] ❌ Error reading register 1000 for IP 10.30.4.91: no connection to modbus server
[2025-03-01T08:31:46.177Z] Error reading actual data: no connection to modbus server
[2025-03-01T08:31:46.208Z] Error writing to Modbus register: no connection to modbus server
[2025-03-01T08:31:46.295Z] Error reading register 3105 for IP 10.30.4.91: no connection to modbus server
[2025-03-01T08:31:46.296Z] ❌ Error reading register 1000 for IP 10.30.4.91: no connection to modbus server
[2025-03-01T08:31:46.297Z] Error reading actual data: no connection to modbus server
[2025-03-01T08:31:46.298Z] Error writing to Modbus register: no connection to modbus server
[2025-03-01T08:31:46.780Z] Error reading register 3105 for IP 10.30.4.91: no connection to modbus server
[2025-03-01T08:31:46.780Z] ❌ Error reading register 1000 for IP 10.30.4.91: no connection to modbus server
[2025-03-01T08:31:46.780Z] Error reading actual data: no connection to modbus server
[2025-03-01T08:31:46.990Z] Error writing to Modbus register: no connection to modbus server
[2025-03-01T08:31:46.991Z] ❌ Error reading register 1000 for IP 10.30.4.91: no connection to modbus server
[2025-03-01T08:31:46.991Z] Error reading register 3105 for IP 10.30.4.91: no connection to modbus server
[2025-03-01T08:31:46.991Z] Error reading actual data: no connection to modbus server
[2025-03-01T08:31:46.991Z] Error writing to Modbus register: no connection to modbus server
[2025-03-01T08:31:46.992Z] Error reading register 3105 for IP 10.30.4.91: no connection to modbus server
[2025-03-01T08:31:46.992Z] ❌ Error reading register 1000 for IP 10.30.4.91: no connection to modbus server
[2025-03-01T08:31:46.992Z] Error reading actual data: no connection to modbus server
[2025-03-01T08:31:46.992Z] Error writing to Modbus register: no connection to modbus server
[2025-03-01T08:31:47.038Z] Error reading register 3105 for IP 10.30.4.91: no connection to modbus server
[2025-03-01T08:31:47.039Z] ❌ Error reading register 1000 for IP 10.30.4.91: no connection to modbus server
[2025-03-01T08:31:47.039Z] Error reading actual data: no connection to modbus server
[2025-03-01T08:31:47.149Z] Error writing to Modbus register: no connection to modbus server
[2025-03-01T08:31:47.180Z] Error reading register 3105 for IP 10.30.4.91: no connection to modbus server
[2025-03-01T08:31:47.180Z] ❌ Error reading register 1000 for IP 10.30.4.91: no connection to modbus server
[2025-03-01T08:31:47.180Z] Error reading actual data: no connection to modbus server
[2025-03-01T08:31:47.210Z] Error writing to Modbus register: no connection to modbus server
[2025-03-01T08:31:47.308Z] Error reading register 3105 for IP 10.30.4.91: no connection to modbus server
[2025-03-01T08:31:47.308Z] ❌ Error reading register 1000 for IP 10.30.4.91: no connection to modbus server
[2025-03-01T08:31:47.309Z] Error reading actual data: no connection to modbus server
[2025-03-01T08:31:47.309Z] Error writing to Modbus register: no connection to modbus server
[2025-03-01T08:31:47.780Z] Error reading register 3105 for IP 10.30.4.91: no connection to modbus server
[2025-03-01T08:31:47.780Z] ❌ Error reading register 1000 for IP 10.30.4.91: no connection to modbus server
[2025-03-01T08:31:47.781Z] Error reading actual data: no connection to modbus server
[2025-03-01T08:31:47.991Z] Error writing to Modbus register: no connection to modbus server
[2025-03-01T08:31:47.992Z] Error reading register 3105 for IP 10.30.4.91: no connection to modbus server
[2025-03-01T08:31:47.992Z] ❌ Error reading register 1000 for IP 10.30.4.91: no connection to modbus server
[2025-03-01T08:31:47.992Z] Error reading actual data: no connection to modbus server
[2025-03-01T08:31:47.992Z] Error writing to Modbus register: no connection to modbus server
[2025-03-01T08:31:47.992Z] Error reading register 3105 for IP 10.30.4.91: no connection to modbus server
[2025-03-01T08:31:47.993Z] ❌ Error reading register 1000 for IP 10.30.4.91: no connection to modbus server
[2025-03-01T08:31:47.993Z] Error reading actual data: no connection to modbus server
[2025-03-01T08:31:47.993Z] Error writing to Modbus register: no connection to modbus server
[2025-03-01T08:31:48.038Z] Error reading register 3105 for IP 10.30.4.91: no connection to modbus server
[2025-03-01T08:31:48.038Z] ❌ Error reading register 1000 for IP 10.30.4.91: no connection to modbus server
[2025-03-01T08:31:48.039Z] Error reading actual data: no connection to modbus server
[2025-03-01T08:31:48.161Z] Error writing to Modbus register: no connection to modbus server
[2025-03-01T08:31:48.192Z] Error reading register 3105 for IP 10.30.4.91: no connection to modbus server
[2025-03-01T08:31:48.193Z] ❌ Error reading register 1000 for IP 10.30.4.91: no connection to modbus server
[2025-03-01T08:31:48.193Z] Error reading actual data: no connection to modbus server
[2025-03-01T08:31:48.222Z] Error writing to Modbus register: no connection to modbus server
[2025-03-01T08:31:48.312Z] Error reading register 3105 for IP 10.30.4.91: no connection to modbus server
[2025-03-01T08:31:48.312Z] ❌ Error reading register 1000 for IP 10.30.4.91: no connection to modbus server
[2025-03-01T08:31:48.312Z] Error reading actual data: no connection to modbus server
[2025-03-01T08:31:48.313Z] Error writing to Modbus register: no connection to modbus server
[2025-03-01T08:31:48.781Z] Error reading register 3105 for IP 10.30.4.91: no connection to modbus server
[2025-03-01T08:31:48.782Z] ❌ Error reading register 1000 for IP 10.30.4.91: no connection to modbus server
[2025-03-01T08:31:48.782Z] Error reading actual data: no connection to modbus server
[2025-03-01T08:31:48.992Z] Error writing to Modbus register: no connection to modbus server
[2025-03-01T08:31:48.993Z] Error reading register 3105 for IP 10.30.4.91: no connection to modbus server
[2025-03-01T08:31:48.994Z] ❌ Error reading register 1000 for IP 10.30.4.91: no connection to modbus server
[2025-03-01T08:31:48.996Z] Error writing to Modbus register: no connection to modbus server
[2025-03-01T08:31:48.997Z] Error reading register 3105 for IP 10.30.4.91: no connection to modbus server
[2025-03-01T08:31:48.998Z] ❌ Error reading register 1000 for IP 10.30.4.91: no connection to modbus server
[2025-03-01T08:31:48.995Z] Error reading actual data: no connection to modbus server
[2025-03-01T08:31:48.998Z] Error reading actual data: no connection to modbus server
[2025-03-01T08:31:48.999Z] Error writing to Modbus register: no connection to modbus server
[2025-03-01T08:31:49.039Z] Error reading register 3105 for IP 10.30.4.91: no connection to modbus server
[2025-03-01T08:31:49.040Z] ❌ Error reading register 1000 for IP 10.30.4.91: no connection to modbus server
[2025-03-01T08:31:49.040Z] Error reading actual data: no connection to modbus server
[2025-03-01T08:31:49.161Z] Error writing to Modbus register: no connection to modbus server
[2025-03-01T08:31:49.192Z] Error reading register 3105 for IP 10.30.4.91: no connection to modbus server
[2025-03-01T08:31:49.193Z] ❌ Error reading register 1000 for IP 10.30.4.91: no connection to modbus server
[2025-03-01T08:31:49.193Z] Error reading actual data: no connection to modbus server
[2025-03-01T08:31:49.223Z] Error writing to Modbus register: no connection to modbus server
[2025-03-01T08:31:49.318Z] Error reading register 3105 for IP 10.30.4.91: no connection to modbus server
[2025-03-01T08:31:49.318Z] ❌ Error reading register 1000 for IP 10.30.4.91: no connection to modbus server
[2025-03-01T08:31:49.319Z] Error writing to Modbus register: no connection to modbus server
[2025-03-01T08:31:49.318Z] Error reading actual data: no connection to modbus server
[2025-03-01T08:31:49.795Z] Error reading register 3105 for IP 10.30.4.91: no connection to modbus server
[2025-03-01T08:31:49.796Z] ❌ Error reading register 1000 for IP 10.30.4.91: no connection to modbus server
[2025-03-01T08:31:49.796Z] Error reading actual data: no connection to modbus server
[2025-03-01T08:31:50.006Z] Error writing to Modbus register: no connection to modbus server
[2025-03-01T08:31:50.008Z] Error reading register 3105 for IP 10.30.4.91: no connection to modbus server
[2025-03-01T08:31:50.009Z] ❌ Error reading register 1000 for IP 10.30.4.91: no connection to modbus server
[2025-03-01T08:31:50.009Z] Error reading actual data: no connection to modbus server
[2025-03-01T08:31:50.010Z] Error writing to Modbus register: no connection to modbus server
[2025-03-01T08:31:50.011Z] Error reading register 3105 for IP 10.30.4.91: no connection to modbus server
[2025-03-01T08:31:50.011Z] ❌ Error reading register 1000 for IP 10.30.4.91: no connection to modbus server
[2025-03-01T08:31:50.012Z] Error reading actual data: no connection to modbus server
[2025-03-01T08:31:50.012Z] Error writing to Modbus register: no connection to modbus server
[2025-03-01T08:31:50.054Z] Error reading register 3105 for IP 10.30.4.91: no connection to modbus server
[2025-03-01T08:31:50.054Z] ❌ Error reading register 1000 for IP 10.30.4.91: no connection to modbus server
[2025-03-01T08:31:50.054Z] Error reading actual data: no connection to modbus server
[2025-03-01T08:31:50.162Z] Error writing to Modbus register: no connection to modbus server
[2025-03-01T08:31:50.193Z] Error reading register 3105 for IP 10.30.4.91: no connection to modbus server
[2025-03-01T08:31:50.193Z] ❌ Error reading register 1000 for IP 10.30.4.91: no connection to modbus server
[2025-03-01T08:31:50.193Z] Error reading actual data: no connection to modbus server
[2025-03-01T08:31:50.224Z] Error writing to Modbus register: no connection to modbus server
[2025-03-01T08:31:50.323Z] Error reading register 3105 for IP 10.30.4.91: no connection to modbus server
[2025-03-01T08:31:50.323Z] ❌ Error reading register 1000 for IP 10.30.4.91: no connection to modbus server
[2025-03-01T08:31:50.324Z] Error reading actual data: no connection to modbus server
[2025-03-01T08:31:50.324Z] Error writing to Modbus register: no connection to modbus server
[2025-03-01T08:31:50.802Z] Error reading register 3105 for IP 10.30.4.91: no connection to modbus server
[2025-03-01T08:31:50.802Z] ❌ Error reading register 1000 for IP 10.30.4.91: no connection to modbus server
[2025-03-01T08:31:50.803Z] Error reading actual data: no connection to modbus server
[2025-03-01T08:31:51.008Z] Error writing to Modbus register: no connection to modbus server
[2025-03-01T08:31:51.008Z] Error reading register 3105 for IP 10.30.4.91: no connection to modbus server
[2025-03-01T08:31:51.009Z] ❌ Error reading register 1000 for IP 10.30.4.91: no connection to modbus server
[2025-03-01T08:31:51.009Z] Error reading actual data: no connection to modbus server
[2025-03-01T08:31:51.009Z] Error writing to Modbus register: no connection to modbus server
[2025-03-01T08:31:51.023Z] Error reading register 3105 for IP 10.30.4.91: no connection to modbus server
[2025-03-01T08:31:51.024Z] ❌ Error reading register 1000 for IP 10.30.4.91: no connection to modbus server
[2025-03-01T08:31:51.024Z] Error reading actual data: no connection to modbus server
[2025-03-01T08:31:51.024Z] Error writing to Modbus register: no connection to modbus server
[2025-03-01T08:31:51.055Z] Error reading register 3105 for IP 10.30.4.91: no connection to modbus server
[2025-03-01T08:31:51.055Z] ❌ Error reading register 1000 for IP 10.30.4.91: no connection to modbus server
[2025-03-01T08:31:51.055Z] Error reading actual data: no connection to modbus server
[2025-03-01T08:31:51.162Z] Error writing to Modbus register: no connection to modbus server
[2025-03-01T08:31:51.193Z] Error reading register 3105 for IP 10.30.4.91: no connection to modbus server
[2025-03-01T08:31:51.193Z] ❌ Error reading register 1000 for IP 10.30.4.91: no connection to modbus server
[2025-03-01T08:31:51.194Z] Error reading actual data: no connection to modbus server
[2025-03-01T08:31:51.224Z] Error writing to Modbus register: no connection to modbus server
[2025-03-01T08:31:51.334Z] Error reading register 3105 for IP 10.30.4.91: no connection to modbus server
[2025-03-01T08:31:51.335Z] ❌ Error reading register 1000 for IP 10.30.4.91: no connection to modbus server
[2025-03-01T08:31:51.335Z] Error reading actual data: no connection to modbus server
[2025-03-01T08:31:51.335Z] Error writing to Modbus register: no connection to modbus server
[2025-03-01T08:31:51.808Z] Error reading register 3105 for IP 10.30.4.91: no connection to modbus server
[2025-03-01T08:31:51.808Z] ❌ Error reading register 1000 for IP 10.30.4.91: no connection to modbus server
[2025-03-01T08:31:51.808Z] Error reading actual data: no connection to modbus server
[2025-03-01T08:31:52.016Z] Error writing to Modbus register: no connection to modbus server
[2025-03-01T08:31:52.016Z] Error reading register 3105 for IP 10.30.4.91: no connection to modbus server
[2025-03-01T08:31:52.016Z] ❌ Error reading register 1000 for IP 10.30.4.91: no connection to modbus server
[2025-03-01T08:31:52.017Z] Error reading actual data: no connection to modbus server
[2025-03-01T08:31:52.017Z] Error writing to Modbus register: no connection to modbus server
[2025-03-01T08:31:52.031Z] Error reading register 3105 for IP 10.30.4.91: no connection to modbus server
[2025-03-01T08:31:52.031Z] ❌ Error reading register 1000 for IP 10.30.4.91: no connection to modbus server
[2025-03-01T08:31:52.031Z] Error reading actual data: no connection to modbus server
[2025-03-01T08:31:52.031Z] Error writing to Modbus register: no connection to modbus server
[2025-03-01T08:31:52.058Z] Error reading register 3105 for IP 10.30.4.91: no connection to modbus server
[2025-03-01T08:31:52.059Z] ❌ Error reading register 1000 for IP 10.30.4.91: no connection to modbus server
[2025-03-01T08:31:52.059Z] Error reading actual data: no connection to modbus server
[2025-03-01T08:31:52.163Z] Error writing to Modbus register: no connection to modbus server
[2025-03-01T08:31:52.195Z] Error reading register 3105 for IP 10.30.4.91: no connection to modbus server
[2025-03-01T08:31:52.196Z] ❌ Error reading register 1000 for IP 10.30.4.91: no connection to modbus server
[2025-03-01T08:31:52.196Z] Error reading actual data: no connection to modbus server
[2025-03-01T08:31:52.229Z] Error writing to Modbus register: no connection to modbus server
[2025-03-01T08:31:52.347Z] Error reading register 3105 for IP 10.30.4.91: no connection to modbus server
[2025-03-01T08:31:52.348Z] ❌ Error reading register 1000 for IP 10.30.4.91: no connection to modbus server
[2025-03-01T08:31:52.348Z] Error reading actual data: no connection to modbus server
[2025-03-01T08:31:52.348Z] Error writing to Modbus register: no connection to modbus server
[2025-03-01T08:31:52.810Z] Error reading register 3105 for IP 10.30.4.91: no connection to modbus server
[2025-03-01T08:31:52.810Z] ❌ Error reading register 1000 for IP 10.30.4.91: no connection to modbus server
[2025-03-01T08:31:52.810Z] Error reading actual data: no connection to modbus server
[2025-03-01T08:31:53.025Z] Error writing to Modbus register: no connection to modbus server
[2025-03-01T08:31:53.025Z] Error reading register 3105 for IP 10.30.4.91: no connection to modbus server
[2025-03-01T08:31:53.026Z] ❌ Error reading register 1000 for IP 10.30.4.91: no connection to modbus server
[2025-03-01T08:31:53.026Z] Error reading actual data: no connection to modbus server
[2025-03-01T08:31:53.026Z] Error writing to Modbus register: no connection to modbus server
[2025-03-01T08:31:53.040Z] Error reading register 3105 for IP 10.30.4.91: no connection to modbus server
[2025-03-01T08:31:53.041Z] ❌ Error reading register 1000 for IP 10.30.4.91: no connection to modbus server
[2025-03-01T08:31:53.041Z] Error reading actual data: no connection to modbus server
[2025-03-01T08:31:53.041Z] Error writing to Modbus register: no connection to modbus server
[2025-03-01T08:31:53.072Z] ❌ Error reading register 1000 for IP 10.30.4.91: no connection to modbus server
[2025-03-01T08:31:53.073Z] Error reading actual data: no connection to modbus server
[2025-03-01T08:31:53.072Z] Error reading register 3105 for IP 10.30.4.91: no connection to modbus server
[2025-03-01T08:31:53.177Z] Error writing to Modbus register: no connection to modbus server
[2025-03-01T08:31:53.195Z] Error reading register 3105 for IP 10.30.4.91: no connection to modbus server
[2025-03-01T08:31:53.195Z] ❌ Error reading register 1000 for IP 10.30.4.91: no connection to modbus server
[2025-03-01T08:31:53.195Z] Error reading actual data: no connection to modbus server
[2025-03-01T08:31:53.242Z] Error writing to Modbus register: no connection to modbus server
[2025-03-01T08:31:53.351Z] Error reading register 3105 for IP 10.30.4.91: no connection to modbus server
[2025-03-01T08:31:53.351Z] ❌ Error reading register 1000 for IP 10.30.4.91: no connection to modbus server
[2025-03-01T08:31:53.351Z] Error reading actual data: no connection to modbus server
[2025-03-01T08:31:53.351Z] Error writing to Modbus register: no connection to modbus server
[2025-03-01T08:31:53.819Z] Error reading register 3105 for IP 10.30.4.91: no connection to modbus server
[2025-03-01T08:31:53.820Z] ❌ Error reading register 1000 for IP 10.30.4.91: no connection to modbus server
[2025-03-01T08:31:53.820Z] Error reading actual data: no connection to modbus server
[2025-03-01T08:31:54.026Z] Error writing to Modbus register: no connection to modbus server
[2025-03-01T08:31:54.026Z] Error reading register 3105 for IP 10.30.4.91: no connection to modbus server
[2025-03-01T08:31:54.026Z] ❌ Error reading register 1000 for IP 10.30.4.91: no connection to modbus server
[2025-03-01T08:31:54.026Z] Error reading actual data: no connection to modbus server
[2025-03-01T08:31:54.027Z] Error writing to Modbus register: no connection to modbus server
[2025-03-01T08:31:54.042Z] Error reading register 3105 for IP 10.30.4.91: no connection to modbus server
[2025-03-01T08:31:54.042Z] ❌ Error reading register 1000 for IP 10.30.4.91: no connection to modbus server
[2025-03-01T08:31:54.043Z] Error reading actual data: no connection to modbus server
[2025-03-01T08:31:54.043Z] Error writing to Modbus register: no connection to modbus server
[2025-03-01T08:31:54.077Z] Error reading register 3105 for IP 10.30.4.91: no connection to modbus server
[2025-03-01T08:31:54.077Z] ❌ Error reading register 1000 for IP 10.30.4.91: no connection to modbus server
[2025-03-01T08:31:54.077Z] Error reading actual data: no connection to modbus server
[2025-03-01T08:31:54.177Z] Error writing to Modbus register: no connection to modbus server
[2025-03-01T08:31:54.207Z] ❌ Error reading register 1000 for IP 10.30.4.91: no connection to modbus server
[2025-03-01T08:31:54.207Z] Error reading register 3105 for IP 10.30.4.91: no connection to modbus server
[2025-03-01T08:31:54.207Z] Error reading actual data: no connection to modbus server
[2025-03-01T08:31:54.243Z] Error writing to Modbus register: no connection to modbus server
[2025-03-01T08:31:54.365Z] Error reading register 3105 for IP 10.30.4.91: no connection to modbus server
[2025-03-01T08:31:54.365Z] ❌ Error reading register 1000 for IP 10.30.4.91: no connection to modbus server
[2025-03-01T08:31:54.365Z] Error reading actual data: no connection to modbus server
[2025-03-01T08:31:54.366Z] Error writing to Modbus register: no connection to modbus server
[2025-03-01T08:31:54.829Z] Error reading register 3105 for IP 10.30.4.91: no connection to modbus server
[2025-03-01T08:31:54.829Z] ❌ Error reading register 1000 for IP 10.30.4.91: no connection to modbus server
[2025-03-01T08:31:54.830Z] Error reading actual data: no connection to modbus server
[2025-03-01T08:31:55.027Z] Error writing to Modbus register: no connection to modbus server
[2025-03-01T08:31:55.029Z] Error reading register 3105 for IP 10.30.4.91: no connection to modbus server
[2025-03-01T08:31:55.029Z] ❌ Error reading register 1000 for IP 10.30.4.91: no connection to modbus server
[2025-03-01T08:31:55.030Z] Error reading actual data: no connection to modbus server
[2025-03-01T08:31:55.031Z] Error writing to Modbus register: no connection to modbus server
[2025-03-01T08:31:55.045Z] Error reading register 3105 for IP 10.30.4.91: no connection to modbus server
[2025-03-01T08:31:55.045Z] ❌ Error reading register 1000 for IP 10.30.4.91: no connection to modbus server
[2025-03-01T08:31:55.046Z] Error reading actual data: no connection to modbus server
[2025-03-01T08:31:55.047Z] Error writing to Modbus register: no connection to modbus server
[2025-03-01T08:31:55.089Z] Error reading register 3105 for IP 10.30.4.91: no connection to modbus server
[2025-03-01T08:31:55.089Z] ❌ Error reading register 1000 for IP 10.30.4.91: no connection to modbus server
[2025-03-01T08:31:55.090Z] Error reading actual data: no connection to modbus server
[2025-03-01T08:31:55.192Z] Error writing to Modbus register: no connection to modbus server
[2025-03-01T08:31:55.209Z] Error reading register 3105 for IP 10.30.4.91: no connection to modbus server
[2025-03-01T08:31:55.209Z] ❌ Error reading register 1000 for IP 10.30.4.91: no connection to modbus server
[2025-03-01T08:31:55.209Z] Error reading actual data: no connection to modbus server
[2025-03-01T08:31:55.261Z] Error writing to Modbus register: no connection to modbus server
[2025-03-01T08:31:55.375Z] ❌ Error reading register 1000 for IP 10.30.4.91: no connection to modbus server
[2025-03-01T08:31:55.375Z] Error reading register 3105 for IP 10.30.4.91: no connection to modbus server
[2025-03-01T08:31:55.376Z] Error reading actual data: no connection to modbus server
[2025-03-01T08:31:55.376Z] Error writing to Modbus register: no connection to modbus server
[2025-03-01T08:31:55.843Z] Error reading register 3105 for IP 10.30.4.91: no connection to modbus server
[2025-03-01T08:31:55.843Z] ❌ Error reading register 1000 for IP 10.30.4.91: no connection to modbus server
[2025-03-01T08:31:55.844Z] Error reading actual data: no connection to modbus server
[2025-03-01T08:31:56.043Z] Error writing to Modbus register: no connection to modbus server
[2025-03-01T08:31:56.044Z] Error reading register 3105 for IP 10.30.4.91: no connection to modbus server
[2025-03-01T08:31:56.044Z] ❌ Error reading register 1000 for IP 10.30.4.91: no connection to modbus server
[2025-03-01T08:31:56.045Z] Error writing to Modbus register: no connection to modbus server
[2025-03-01T08:31:56.045Z] Error reading actual data: no connection to modbus server
[2025-03-01T08:31:56.047Z] Error reading register 3105 for IP 10.30.4.91: no connection to modbus server
[2025-03-01T08:31:56.047Z] Error reading actual data: no connection to modbus server
[2025-03-01T08:31:56.047Z] ❌ Error reading register 1000 for IP 10.30.4.91: no connection to modbus server
[2025-03-01T08:31:56.048Z] Error writing to Modbus register: no connection to modbus server
[2025-03-01T08:31:56.094Z] Error reading register 3105 for IP 10.30.4.91: no connection to modbus server
[2025-03-01T08:31:56.095Z] ❌ Error reading register 1000 for IP 10.30.4.91: no connection to modbus server
[2025-03-01T08:31:56.095Z] Error reading actual data: no connection to modbus server
[2025-03-01T08:31:56.197Z] Error writing to Modbus register: no connection to modbus server
[2025-03-01T08:31:56.213Z] Error reading register 3105 for IP 10.30.4.91: no connection to modbus server
[2025-03-01T08:31:56.213Z] ❌ Error reading register 1000 for IP 10.30.4.91: no connection to modbus server
[2025-03-01T08:31:56.213Z] Error reading actual data: no connection to modbus server
[2025-03-01T08:31:56.263Z] Error writing to Modbus register: no connection to modbus server
[2025-03-01T08:31:56.391Z] Error reading register 3105 for IP 10.30.4.91: no connection to modbus server
[2025-03-01T08:31:56.391Z] ❌ Error reading register 1000 for IP 10.30.4.91: no connection to modbus server
[2025-03-01T08:31:56.391Z] Error writing to Modbus register: no connection to modbus server
[2025-03-01T08:31:56.391Z] Error reading actual data: no connection to modbus server
[2025-03-01T08:31:56.845Z] Error reading register 3105 for IP 10.30.4.91: no connection to modbus server
[2025-03-01T08:31:56.846Z] ❌ Error reading register 1000 for IP 10.30.4.91: no connection to modbus server
[2025-03-01T08:31:56.846Z] Error reading actual data: no connection to modbus server
[2025-03-01T08:31:57.044Z] Error writing to Modbus register: no connection to modbus server
[2025-03-01T08:31:57.046Z] ❌ Error reading register 1000 for IP 10.30.4.91: no connection to modbus server
[2025-03-01T08:31:57.046Z] Error reading register 3105 for IP 10.30.4.91: no connection to modbus server
[2025-03-01T08:31:57.046Z] Error reading actual data: no connection to modbus server
[2025-03-01T08:31:57.048Z] Error writing to Modbus register: no connection to modbus server
[2025-03-01T08:31:57.049Z] Error reading register 3105 for IP 10.30.4.91: no connection to modbus server
[2025-03-01T08:31:57.050Z] ❌ Error reading register 1000 for IP 10.30.4.91: no connection to modbus server
[2025-03-01T08:31:57.050Z] Error reading actual data: no connection to modbus server
[2025-03-01T08:31:57.051Z] Error writing to Modbus register: no connection to modbus server
[2025-03-01T08:31:57.094Z] Error reading register 3105 for IP 10.30.4.91: no connection to modbus server
[2025-03-01T08:31:57.094Z] ❌ Error reading register 1000 for IP 10.30.4.91: no connection to modbus server
[2025-03-01T08:31:57.094Z] Error reading actual data: no connection to modbus server
[2025-03-01T08:31:57.199Z] Error writing to Modbus register: no connection to modbus server
[2025-03-01T08:31:57.225Z] Error reading register 3105 for IP 10.30.4.91: no connection to modbus server
[2025-03-01T08:31:57.225Z] ❌ Error reading register 1000 for IP 10.30.4.91: no connection to modbus server
[2025-03-01T08:31:57.225Z] Error reading actual data: no connection to modbus server
[2025-03-01T08:31:57.276Z] Error writing to Modbus register: no connection to modbus server
[2025-03-01T08:31:57.395Z] Error reading register 3105 for IP 10.30.4.91: no connection to modbus server
[2025-03-01T08:31:57.395Z] ❌ Error reading register 1000 for IP 10.30.4.91: no connection to modbus server
[2025-03-01T08:31:57.395Z] Error reading actual data: no connection to modbus server
[2025-03-01T08:31:57.396Z] Error writing to Modbus register: no connection to modbus server
[2025-03-01T08:31:57.850Z] Error reading register 3105 for IP 10.30.4.91: no connection to modbus server
[2025-03-01T08:31:57.850Z] ❌ Error reading register 1000 for IP 10.30.4.91: no connection to modbus server
[2025-03-01T08:31:57.850Z] Error reading actual data: no connection to modbus server
[2025-03-01T08:31:58.059Z] Error writing to Modbus register: no connection to modbus server
[2025-03-01T08:31:58.060Z] Error reading register 3105 for IP 10.30.4.91: no connection to modbus server
[2025-03-01T08:31:58.061Z] Error reading actual data: no connection to modbus server
[2025-03-01T08:31:58.061Z] ❌ Error reading register 1000 for IP 10.30.4.91: no connection to modbus server
[2025-03-01T08:31:58.062Z] Error writing to Modbus register: no connection to modbus server
[2025-03-01T08:31:58.063Z] Error reading register 3105 for IP 10.30.4.91: no connection to modbus server
[2025-03-01T08:31:58.063Z] ❌ Error reading register 1000 for IP 10.30.4.91: no connection to modbus server
[2025-03-01T08:31:58.063Z] Error reading actual data: no connection to modbus server
[2025-03-01T08:31:58.064Z] Error writing to Modbus register: no connection to modbus server
[2025-03-01T08:31:58.095Z] ❌ Error reading register 1000 for IP 10.30.4.91: no connection to modbus server
[2025-03-01T08:31:58.095Z] Error reading actual data: no connection to modbus server
[2025-03-01T08:31:58.094Z] Error reading register 3105 for IP 10.30.4.91: no connection to modbus server
[2025-03-01T08:31:58.211Z] Error writing to Modbus register: no connection to modbus server
[2025-03-01T08:31:58.228Z] Error reading register 3105 for IP 10.30.4.91: no connection to modbus server
[2025-03-01T08:31:58.228Z] ❌ Error reading register 1000 for IP 10.30.4.91: no connection to modbus server
[2025-03-01T08:31:58.228Z] Error reading actual data: no connection to modbus server
[2025-03-01T08:31:58.278Z] Error writing to Modbus register: no connection to modbus server
[2025-03-01T08:31:58.402Z] Error reading register 3105 for IP 10.30.4.91: no connection to modbus server
[2025-03-01T08:31:58.402Z] ❌ Error reading register 1000 for IP 10.30.4.91: no connection to modbus server
[2025-03-01T08:31:58.402Z] Error reading actual data: no connection to modbus server
[2025-03-01T08:31:58.402Z] Error writing to Modbus register: no connection to modbus server
[2025-03-01T08:31:58.862Z] Error reading register 3105 for IP 10.30.4.91: no connection to modbus server
[2025-03-01T08:31:58.862Z] ❌ Error reading register 1000 for IP 10.30.4.91: no connection to modbus server
[2025-03-01T08:31:58.862Z] Error reading actual data: no connection to modbus server
[2025-03-01T08:31:59.063Z] Error reading register 3105 for IP 10.30.4.91: no connection to modbus server
[2025-03-01T08:31:59.064Z] ❌ Error reading register 1000 for IP 10.30.4.91: no connection to modbus server
[2025-03-01T08:31:59.060Z] Error writing to Modbus register: no connection to modbus server
[2025-03-01T08:31:59.064Z] Error reading actual data: no connection to modbus server
[2025-03-01T08:31:59.065Z] Error writing to Modbus register: no connection to modbus server
[2025-03-01T08:31:59.065Z] Error reading register 3105 for IP 10.30.4.91: no connection to modbus server
[2025-03-01T08:31:59.066Z] Error reading actual data: no connection to modbus server
[2025-03-01T08:31:59.066Z] Error writing to Modbus register: no connection to modbus server
[2025-03-01T08:31:59.066Z] ❌ Error reading register 1000 for IP 10.30.4.91: no connection to modbus server
[2025-03-01T08:31:59.105Z] Error reading register 3105 for IP 10.30.4.91: no connection to modbus server
[2025-03-01T08:31:59.105Z] ❌ Error reading register 1000 for IP 10.30.4.91: no connection to modbus server
[2025-03-01T08:31:59.106Z] Error reading actual data: no connection to modbus server
[2025-03-01T08:31:59.212Z] Error writing to Modbus register: no connection to modbus server
[2025-03-01T08:31:59.229Z] Error reading register 3105 for IP 10.30.4.91: no connection to modbus server
[2025-03-01T08:31:59.230Z] ❌ Error reading register 1000 for IP 10.30.4.91: no connection to modbus server
[2025-03-01T08:31:59.231Z] Error reading actual data: no connection to modbus server
[2025-03-01T08:31:59.279Z] Error writing to Modbus register: no connection to modbus server
[2025-03-01T08:31:59.410Z] Error reading register 3105 for IP 10.30.4.91: no connection to modbus server
[2025-03-01T08:31:59.411Z] ❌ Error reading register 1000 for IP 10.30.4.91: no connection to modbus server
[2025-03-01T08:31:59.411Z] Error reading actual data: no connection to modbus server
[2025-03-01T08:31:59.411Z] Error writing to Modbus register: no connection to modbus server
[2025-03-01T08:31:59.876Z] Error reading register 3105 for IP 10.30.4.91: no connection to modbus server
[2025-03-01T08:31:59.876Z] ❌ Error reading register 1000 for IP 10.30.4.91: no connection to modbus server
[2025-03-01T08:31:59.877Z] Error reading actual data: no connection to modbus server
[2025-03-01T08:32:00.059Z] Error writing to Modbus register: no connection to modbus server
[2025-03-01T08:32:00.061Z] Error reading register 3105 for IP 10.30.4.91: no connection to modbus server
[2025-03-01T08:32:00.061Z] ❌ Error reading register 1000 for IP 10.30.4.91: no connection to modbus server
[2025-03-01T08:32:00.061Z] Error reading actual data: no connection to modbus server
[2025-03-01T08:32:00.075Z] Error writing to Modbus register: no connection to modbus server
[2025-03-01T08:32:00.075Z] Error reading register 3105 for IP 10.30.4.91: no connection to modbus server
[2025-03-01T08:32:00.075Z] ❌ Error reading register 1000 for IP 10.30.4.91: no connection to modbus server
[2025-03-01T08:32:00.075Z] Error reading actual data: no connection to modbus server
[2025-03-01T08:32:00.076Z] Error writing to Modbus register: no connection to modbus server
[2025-03-01T08:32:00.112Z] Error reading register 3105 for IP 10.30.4.91: no connection to modbus server
[2025-03-01T08:32:00.112Z] ❌ Error reading register 1000 for IP 10.30.4.91: no connection to modbus server
[2025-03-01T08:32:00.112Z] Error reading actual data: no connection to modbus server
[2025-03-01T08:32:00.211Z] Error writing to Modbus register: no connection to modbus server
[2025-03-01T08:32:00.232Z] Error reading register 3105 for IP 10.30.4.91: no connection to modbus server
[2025-03-01T08:32:00.232Z] ❌ Error reading register 1000 for IP 10.30.4.91: no connection to modbus server
[2025-03-01T08:32:00.232Z] Error reading actual data: no connection to modbus server
[2025-03-01T08:32:00.279Z] Error writing to Modbus register: no connection to modbus server
[2025-03-01T08:32:00.417Z] Error reading register 3105 for IP 10.30.4.91: no connection to modbus server
[2025-03-01T08:32:00.418Z] ❌ Error reading register 1000 for IP 10.30.4.91: no connection to modbus server
[2025-03-01T08:32:00.418Z] Error reading actual data: no connection to modbus server
[2025-03-01T08:32:00.418Z] Error writing to Modbus register: no connection to modbus server
[2025-03-01T08:32:00.876Z] Error reading register 3105 for IP 10.30.4.91: no connection to modbus server
[2025-03-01T08:32:00.876Z] ❌ Error reading register 1000 for IP 10.30.4.91: no connection to modbus server
[2025-03-01T08:32:00.876Z] Error reading actual data: no connection to modbus server
[2025-03-01T08:32:01.061Z] Error writing to Modbus register: no connection to modbus server
[2025-03-01T08:32:01.063Z] Error reading register 3105 for IP 10.30.4.91: no connection to modbus server
[2025-03-01T08:32:01.063Z] ❌ Error reading register 1000 for IP 10.30.4.91: no connection to modbus server
[2025-03-01T08:32:01.064Z] Error reading actual data: no connection to modbus server
[2025-03-01T08:32:01.078Z] Error writing to Modbus register: no connection to modbus server
[2025-03-01T08:32:01.080Z] Error reading register 3105 for IP 10.30.4.91: no connection to modbus server
[2025-03-01T08:32:01.080Z] ❌ Error reading register 1000 for IP 10.30.4.91: no connection to modbus server
[2025-03-01T08:32:01.081Z] Error reading actual data: no connection to modbus server
[2025-03-01T08:32:01.082Z] Error writing to Modbus register: no connection to modbus server
[2025-03-01T08:32:01.128Z] Error reading register 3105 for IP 10.30.4.91: no connection to modbus server
[2025-03-01T08:32:01.128Z] ❌ Error reading register 1000 for IP 10.30.4.91: no connection to modbus server
[2025-03-01T08:32:01.129Z] Error reading actual data: no connection to modbus server
[2025-03-01T08:32:01.211Z] Error writing to Modbus register: no connection to modbus server
[2025-03-01T08:32:01.236Z] Error reading register 3105 for IP 10.30.4.91: no connection to modbus server
[2025-03-01T08:32:01.236Z] ❌ Error reading register 1000 for IP 10.30.4.91: no connection to modbus server
[2025-03-01T08:32:01.236Z] Error reading actual data: no connection to modbus server
[2025-03-01T08:32:01.295Z] Error writing to Modbus register: no connection to modbus server
[2025-03-01T08:32:01.426Z] Error reading register 3105 for IP 10.30.4.91: no connection to modbus server
[2025-03-01T08:32:01.427Z] ❌ Error reading register 1000 for IP 10.30.4.91: no connection to modbus server
[2025-03-01T08:32:01.427Z] Error reading actual data: no connection to modbus server
[2025-03-01T08:32:01.427Z] Error writing to Modbus register: no connection to modbus server
[2025-03-01T08:32:01.877Z] Error reading register 3105 for IP 10.30.4.91: no connection to modbus server
[2025-03-01T08:32:01.878Z] ❌ Error reading register 1000 for IP 10.30.4.91: no connection to modbus server
[2025-03-01T08:32:01.878Z] Error reading actual data: no connection to modbus server
[2025-03-01T08:32:02.077Z] Error writing to Modbus register: no connection to modbus server
[2025-03-01T08:32:02.078Z] Error reading register 3105 for IP 10.30.4.91: no connection to modbus server
[2025-03-01T08:32:02.079Z] ❌ Error reading register 1000 for IP 10.30.4.91: no connection to modbus server
[2025-03-01T08:32:02.079Z] Error reading actual data: no connection to modbus server
[2025-03-01T08:32:02.081Z] Error writing to Modbus register: no connection to modbus server
[2025-03-01T08:32:02.082Z] ❌ Error reading register 1000 for IP 10.30.4.91: no connection to modbus server
[2025-03-01T08:32:02.082Z] Error reading register 3105 for IP 10.30.4.91: no connection to modbus server
[2025-03-01T08:32:02.082Z] Error reading actual data: no connection to modbus server
[2025-03-01T08:32:02.083Z] Error writing to Modbus register: no connection to modbus server
[2025-03-01T08:32:02.128Z] Error reading register 3105 for IP 10.30.4.91: no connection to modbus server
[2025-03-01T08:32:02.129Z] ❌ Error reading register 1000 for IP 10.30.4.91: no connection to modbus server
[2025-03-01T08:32:02.129Z] Error reading actual data: no connection to modbus server
[2025-03-01T08:32:02.213Z] Error writing to Modbus register: no connection to modbus server
[2025-03-01T08:32:02.242Z] Error reading register 3105 for IP 10.30.4.91: no connection to modbus server
[2025-03-01T08:32:02.242Z] ❌ Error reading register 1000 for IP 10.30.4.91: no connection to modbus server
[2025-03-01T08:32:02.242Z] Error reading actual data: no connection to modbus server
[2025-03-01T08:32:02.307Z] Error writing to Modbus register: no connection to modbus server
[2025-03-01T08:32:02.434Z] Error reading register 3105 for IP 10.30.4.91: no connection to modbus server
[2025-03-01T08:32:02.434Z] ❌ Error reading register 1000 for IP 10.30.4.91: no connection to modbus server
[2025-03-01T08:32:02.434Z] Error writing to Modbus register: no connection to modbus server
[2025-03-01T08:32:02.434Z] Error reading actual data: no connection to modbus server
[2025-03-01T08:32:02.879Z] Error reading register 3105 for IP 10.30.4.91: no connection to modbus server
[2025-03-01T08:32:02.879Z] ❌ Error reading register 1000 for IP 10.30.4.91: no connection to modbus server
[2025-03-01T08:32:02.880Z] Error reading actual data: no connection to modbus server
[2025-03-01T08:32:03.079Z] Error writing to Modbus register: no connection to modbus server
[2025-03-01T08:32:03.080Z] Error reading register 3105 for IP 10.30.4.91: no connection to modbus server
[2025-03-01T08:32:03.081Z] ❌ Error reading register 1000 for IP 10.30.4.91: no connection to modbus server
[2025-03-01T08:32:03.081Z] Error reading actual data: no connection to modbus server
[2025-03-01T08:32:03.083Z] Error writing to Modbus register: no connection to modbus server
[2025-03-01T08:32:03.084Z] Error reading register 3105 for IP 10.30.4.91: no connection to modbus server
[2025-03-01T08:32:03.084Z] ❌ Error reading register 1000 for IP 10.30.4.91: no connection to modbus server
[2025-03-01T08:32:03.085Z] Error writing to Modbus register: no connection to modbus server
[2025-03-01T08:32:03.084Z] Error reading actual data: no connection to modbus server
[2025-03-01T08:32:03.146Z] Error reading register 3105 for IP 10.30.4.91: no connection to modbus server
[2025-03-01T08:32:03.146Z] ❌ Error reading register 1000 for IP 10.30.4.91: no connection to modbus server
[2025-03-01T08:32:03.147Z] Error reading actual data: no connection to modbus server
[2025-03-01T08:32:03.228Z] Error writing to Modbus register: no connection to modbus server
[2025-03-01T08:32:03.243Z] Error reading register 3105 for IP 10.30.4.91: no connection to modbus server
[2025-03-01T08:32:03.243Z] Error reading actual data: no connection to modbus server
[2025-03-01T08:32:03.243Z] ❌ Error reading register 1000 for IP 10.30.4.91: no connection to modbus server
[2025-03-01T08:32:03.312Z] Error writing to Modbus register: no connection to modbus server
[2025-03-01T08:32:03.444Z] Error reading register 3105 for IP 10.30.4.91: no connection to modbus server
[2025-03-01T08:32:03.444Z] ❌ Error reading register 1000 for IP 10.30.4.91: no connection to modbus server
[2025-03-01T08:32:03.445Z] Error reading actual data: no connection to modbus server
[2025-03-01T08:32:03.445Z] Error writing to Modbus register: no connection to modbus server
[2025-03-01T08:32:03.893Z] Error reading register 3105 for IP 10.30.4.91: no connection to modbus server
[2025-03-01T08:32:03.893Z] ❌ Error reading register 1000 for IP 10.30.4.91: no connection to modbus server
[2025-03-01T08:32:03.894Z] Error reading actual data: no connection to modbus server
[2025-03-01T08:32:04.092Z] Error writing to Modbus register: no connection to modbus server
[2025-03-01T08:32:04.094Z] Error reading register 3105 for IP 10.30.4.91: no connection to modbus server
[2025-03-01T08:32:04.094Z] ❌ Error reading register 1000 for IP 10.30.4.91: no connection to modbus server
[2025-03-01T08:32:04.097Z] ❌ Error reading register 1000 for IP 10.30.4.91: no connection to modbus server
[2025-03-01T08:32:04.098Z] Error reading actual data: no connection to modbus server
[2025-03-01T08:32:04.098Z] Error writing to Modbus register: no connection to modbus server
[2025-03-01T08:32:04.097Z] Error reading register 3105 for IP 10.30.4.91: no connection to modbus server
[2025-03-01T08:32:04.096Z] Error writing to Modbus register: no connection to modbus server
[2025-03-01T08:32:04.095Z] Error reading actual data: no connection to modbus server
[2025-03-01T08:32:04.145Z] ❌ Error reading register 1000 for IP 10.30.4.91: no connection to modbus server
[2025-03-01T08:32:04.145Z] Error reading register 3105 for IP 10.30.4.91: no connection to modbus server
[2025-03-01T08:32:04.145Z] Error reading actual data: no connection to modbus server
[2025-03-01T08:32:04.236Z] Error writing to Modbus register: no connection to modbus server
[2025-03-01T08:32:04.245Z] Error reading register 3105 for IP 10.30.4.91: no connection to modbus server
[2025-03-01T08:32:04.245Z] ❌ Error reading register 1000 for IP 10.30.4.91: no connection to modbus server
[2025-03-01T08:32:04.245Z] Error reading actual data: no connection to modbus server
[2025-03-01T08:32:04.327Z] Error writing to Modbus register: no connection to modbus server
[2025-03-01T08:32:04.454Z] Error reading register 3105 for IP 10.30.4.91: no connection to modbus server
[2025-03-01T08:32:04.454Z] ❌ Error reading register 1000 for IP 10.30.4.91: no connection to modbus server
[2025-03-01T08:32:04.455Z] Error reading actual data: no connection to modbus server
[2025-03-01T08:32:04.455Z] Error writing to Modbus register: no connection to modbus server
[2025-03-01T08:32:04.894Z] Error reading register 3105 for IP 10.30.4.91: no connection to modbus server
[2025-03-01T08:32:04.895Z] ❌ Error reading register 1000 for IP 10.30.4.91: no connection to modbus server
[2025-03-01T08:32:04.895Z] Error reading actual data: no connection to modbus server
[2025-03-01T08:32:05.092Z] Error writing to Modbus register: no connection to modbus server
[2025-03-01T08:32:05.092Z] Error reading register 3105 for IP 10.30.4.91: no connection to modbus server
[2025-03-01T08:32:05.092Z] ❌ Error reading register 1000 for IP 10.30.4.91: no connection to modbus server
[2025-03-01T08:32:05.093Z] Error reading actual data: no connection to modbus server
[2025-03-01T08:32:05.106Z] Error writing to Modbus register: no connection to modbus server
[2025-03-01T08:32:05.107Z] Error reading register 3105 for IP 10.30.4.91: no connection to modbus server
[2025-03-01T08:32:05.107Z] ❌ Error reading register 1000 for IP 10.30.4.91: no connection to modbus server
[2025-03-01T08:32:05.107Z] Error reading actual data: no connection to modbus server
[2025-03-01T08:32:05.107Z] Error writing to Modbus register: no connection to modbus server
[2025-03-01T08:32:05.160Z] Error reading register 3105 for IP 10.30.4.91: no connection to modbus server
[2025-03-01T08:32:05.160Z] ❌ Error reading register 1000 for IP 10.30.4.91: no connection to modbus server
[2025-03-01T08:32:05.160Z] Error reading actual data: no connection to modbus server
[2025-03-01T08:32:05.245Z] Error writing to Modbus register: no connection to modbus server
[2025-03-01T08:32:05.246Z] ❌ Error reading register 1000 for IP 10.30.4.91: no connection to modbus server
[2025-03-01T08:32:05.245Z] Error reading register 3105 for IP 10.30.4.91: no connection to modbus server
[2025-03-01T08:32:05.246Z] Error reading actual data: no connection to modbus server
[2025-03-01T08:32:05.341Z] Error writing to Modbus register: no connection to modbus server
[2025-03-01T08:32:05.461Z] Error reading register 3105 for IP 10.30.4.91: no connection to modbus server
[2025-03-01T08:32:05.461Z] ❌ Error reading register 1000 for IP 10.30.4.91: no connection to modbus server
[2025-03-01T08:32:05.462Z] Error reading actual data: no connection to modbus server
[2025-03-01T08:32:05.462Z] Error writing to Modbus register: no connection to modbus server
[2025-03-01T08:32:05.903Z] Error reading register 3105 for IP 10.30.4.91: no connection to modbus server
[2025-03-01T08:32:05.903Z] ❌ Error reading register 1000 for IP 10.30.4.91: no connection to modbus server
[2025-03-01T08:32:05.903Z] Error reading actual data: no connection to modbus server
[2025-03-01T08:32:06.106Z] Error writing to Modbus register: no connection to modbus server
[2025-03-01T08:32:06.107Z] Error reading register 3105 for IP 10.30.4.91: no connection to modbus server
[2025-03-01T08:32:06.107Z] Error reading actual data: no connection to modbus server
[2025-03-01T08:32:06.108Z] ❌ Error reading register 1000 for IP 10.30.4.91: no connection to modbus server
[2025-03-01T08:32:06.108Z] Error reading register 3105 for IP 10.30.4.91: no connection to modbus server
[2025-03-01T08:32:06.107Z] ❌ Error reading register 1000 for IP 10.30.4.91: no connection to modbus server
[2025-03-01T08:32:06.107Z] Error writing to Modbus register: no connection to modbus server
[2025-03-01T08:32:06.108Z] Error reading actual data: no connection to modbus server
[2025-03-01T08:32:06.108Z] Error writing to Modbus register: no connection to modbus server
[2025-03-01T08:32:06.170Z] Error reading register 3105 for IP 10.30.4.91: no connection to modbus server
[2025-03-01T08:32:06.171Z] ❌ Error reading register 1000 for IP 10.30.4.91: no connection to modbus server
[2025-03-01T08:32:06.171Z] Error reading actual data: no connection to modbus server
[2025-03-01T08:32:06.262Z] Error writing to Modbus register: no connection to modbus server
[2025-03-01T08:32:06.263Z] Error reading register 3105 for IP 10.30.4.91: no connection to modbus server
[2025-03-01T08:32:06.263Z] ❌ Error reading register 1000 for IP 10.30.4.91: no connection to modbus server
[2025-03-01T08:32:06.263Z] Error reading actual data: no connection to modbus server
[2025-03-01T08:32:06.345Z] Error writing to Modbus register: no connection to modbus server
[2025-03-01T08:32:06.465Z] Error reading register 3105 for IP 10.30.4.91: no connection to modbus server
[2025-03-01T08:32:06.465Z] ❌ Error reading register 1000 for IP 10.30.4.91: no connection to modbus server
[2025-03-01T08:32:06.466Z] Error reading actual data: no connection to modbus server
[2025-03-01T08:32:06.466Z] Error writing to Modbus register: no connection to modbus server
[2025-03-01T08:32:06.917Z] ❌ Error reading register 1000 for IP 10.30.4.91: no connection to modbus server
[2025-03-01T08:32:06.917Z] Error reading actual data: no connection to modbus server
[2025-03-01T08:32:06.916Z] Error reading register 3105 for IP 10.30.4.91: no connection to modbus server
[2025-03-01T08:32:07.108Z] Error writing to Modbus register: no connection to modbus server
[2025-03-01T08:32:07.109Z] ❌ Error reading register 1000 for IP 10.30.4.91: no connection to modbus server
[2025-03-01T08:32:07.109Z] Error reading register 3105 for IP 10.30.4.91: no connection to modbus server
[2025-03-01T08:32:07.109Z] Error writing to Modbus register: no connection to modbus server
[2025-03-01T08:32:07.109Z] Error reading actual data: no connection to modbus server
[2025-03-01T08:32:07.110Z] Error reading register 3105 for IP 10.30.4.91: no connection to modbus server
[2025-03-01T08:32:07.110Z] ❌ Error reading register 1000 for IP 10.30.4.91: no connection to modbus server
[2025-03-01T08:32:07.110Z] Error reading actual data: no connection to modbus server
[2025-03-01T08:32:07.111Z] Error writing to Modbus register: no connection to modbus server
[2025-03-01T08:32:07.171Z] ❌ Error reading register 1000 for IP 10.30.4.91: no connection to modbus server
[2025-03-01T08:32:07.171Z] Error reading actual data: no connection to modbus server
[2025-03-01T08:32:07.171Z] Error reading register 3105 for IP 10.30.4.91: no connection to modbus server
[2025-03-01T08:32:07.262Z] Error writing to Modbus register: no connection to modbus server
[2025-03-01T08:32:07.262Z] Error reading register 3105 for IP 10.30.4.91: no connection to modbus server
[2025-03-01T08:32:07.262Z] ❌ Error reading register 1000 for IP 10.30.4.91: no connection to modbus server
[2025-03-01T08:32:07.262Z] Error reading actual data: no connection to modbus server
[2025-03-01T08:32:07.345Z] Error writing to Modbus register: no connection to modbus server
[2025-03-01T08:32:07.477Z] Error reading register 3105 for IP 10.30.4.91: no connection to modbus server
[2025-03-01T08:32:07.478Z] ❌ Error reading register 1000 for IP 10.30.4.91: no connection to modbus server
[2025-03-01T08:32:07.478Z] Error writing to Modbus register: no connection to modbus server
[2025-03-01T08:32:07.478Z] Error reading actual data: no connection to modbus server
[2025-03-01T08:32:07.931Z] ❌ Error reading register 1000 for IP 10.30.4.91: no connection to modbus server
[2025-03-01T08:32:07.930Z] Error reading register 3105 for IP 10.30.4.91: no connection to modbus server
[2025-03-01T08:32:07.931Z] Error reading actual data: no connection to modbus server
[2025-03-01T08:32:08.109Z] Error writing to Modbus register: no connection to modbus server
[2025-03-01T08:32:08.111Z] Error reading register 3105 for IP 10.30.4.91: no connection to modbus server
[2025-03-01T08:32:08.111Z] ❌ Error reading register 1000 for IP 10.30.4.91: no connection to modbus server
[2025-03-01T08:32:08.112Z] Error reading actual data: no connection to modbus server
[2025-03-01T08:32:08.113Z] Error writing to Modbus register: no connection to modbus server
[2025-03-01T08:32:08.114Z] Error reading register 3105 for IP 10.30.4.91: no connection to modbus server
[2025-03-01T08:32:08.114Z] ❌ Error reading register 1000 for IP 10.30.4.91: no connection to modbus server
[2025-03-01T08:32:08.114Z] Error reading actual data: no connection to modbus server
[2025-03-01T08:32:08.115Z] Error writing to Modbus register: no connection to modbus server
[2025-03-01T08:32:08.171Z] Error reading register 3105 for IP 10.30.4.91: no connection to modbus server
[2025-03-01T08:32:08.171Z] ❌ Error reading register 1000 for IP 10.30.4.91: no connection to modbus server
[2025-03-01T08:32:08.171Z] Error reading actual data: no connection to modbus server
[2025-03-01T08:32:08.268Z] Error writing to Modbus register: no connection to modbus server
[2025-03-01T08:32:08.268Z] Error reading register 3105 for IP 10.30.4.91: no connection to modbus server
[2025-03-01T08:32:08.268Z] Error reading actual data: no connection to modbus server
[2025-03-01T08:32:08.268Z] ❌ Error reading register 1000 for IP 10.30.4.91: no connection to modbus server
[2025-03-01T08:32:08.360Z] Error writing to Modbus register: no connection to modbus server
[2025-03-01T08:32:08.478Z] Error reading register 3105 for IP 10.30.4.91: no connection to modbus server
[2025-03-01T08:32:08.478Z] ❌ Error reading register 1000 for IP 10.30.4.91: no connection to modbus server
[2025-03-01T08:32:08.478Z] Error reading actual data: no connection to modbus server
[2025-03-01T08:32:08.479Z] Error writing to Modbus register: no connection to modbus server
[2025-03-01T08:32:08.947Z] Error reading register 3105 for IP 10.30.4.91: no connection to modbus server
[2025-03-01T08:32:08.947Z] ❌ Error reading register 1000 for IP 10.30.4.91: no connection to modbus server
[2025-03-01T08:32:08.948Z] Error reading actual data: no connection to modbus server
[2025-03-01T08:32:09.111Z] Error writing to Modbus register: no connection to modbus server
[2025-03-01T08:32:09.113Z] Error reading register 3105 for IP 10.30.4.91: no connection to modbus server
[2025-03-01T08:32:09.113Z] ❌ Error reading register 1000 for IP 10.30.4.91: no connection to modbus server
[2025-03-01T08:32:09.114Z] Error reading actual data: no connection to modbus server
[2025-03-01T08:32:09.116Z] Error reading register 3105 for IP 10.30.4.91: no connection to modbus server
[2025-03-01T08:32:09.115Z] Error writing to Modbus register: no connection to modbus server
[2025-03-01T08:32:09.117Z] ❌ Error reading register 1000 for IP 10.30.4.91: no connection to modbus server
[2025-03-01T08:32:09.117Z] Error reading actual data: no connection to modbus server
[2025-03-01T08:32:09.118Z] Error writing to Modbus register: no connection to modbus server
[2025-03-01T08:32:09.174Z] Error reading register 3105 for IP 10.30.4.91: no connection to modbus server
[2025-03-01T08:32:09.175Z] ❌ Error reading register 1000 for IP 10.30.4.91: no connection to modbus server
[2025-03-01T08:32:09.175Z] Error reading actual data: no connection to modbus server
[2025-03-01T08:32:09.268Z] Error writing to Modbus register: no connection to modbus server
[2025-03-01T08:32:09.269Z] Error reading register 3105 for IP 10.30.4.91: no connection to modbus server
[2025-03-01T08:32:09.269Z] ❌ Error reading register 1000 for IP 10.30.4.91: no connection to modbus server
[2025-03-01T08:32:09.269Z] Error reading actual data: no connection to modbus server
[2025-03-01T08:32:09.360Z] Error writing to Modbus register: no connection to modbus server
[2025-03-01T08:32:09.494Z] Error reading register 3105 for IP 10.30.4.91: no connection to modbus server
[2025-03-01T08:32:09.494Z] ❌ Error reading register 1000 for IP 10.30.4.91: no connection to modbus server
[2025-03-01T08:32:09.495Z] Error reading actual data: no connection to modbus server
[2025-03-01T08:32:09.495Z] Error writing to Modbus register: no connection to modbus server
[2025-03-01T08:32:09.962Z] Error reading register 3105 for IP 10.30.4.91: no connection to modbus server
[2025-03-01T08:32:09.962Z] ❌ Error reading register 1000 for IP 10.30.4.91: no connection to modbus server
[2025-03-01T08:32:09.963Z] Error reading actual data: no connection to modbus server
[2025-03-01T08:32:10.126Z] Error writing to Modbus register: no connection to modbus server
[2025-03-01T08:32:10.128Z] Error reading register 3105 for IP 10.30.4.91: no connection to modbus server
[2025-03-01T08:32:10.129Z] ❌ Error reading register 1000 for IP 10.30.4.91: no connection to modbus server
[2025-03-01T08:32:10.129Z] Error reading actual data: no connection to modbus server
[2025-03-01T08:32:10.130Z] Error writing to Modbus register: no connection to modbus server
[2025-03-01T08:32:10.131Z] Error reading register 3105 for IP 10.30.4.91: no connection to modbus server
[2025-03-01T08:32:10.132Z] ❌ Error reading register 1000 for IP 10.30.4.91: no connection to modbus server
[2025-03-01T08:32:10.132Z] Error reading actual data: no connection to modbus server
[2025-03-01T08:32:10.133Z] Error writing to Modbus register: no connection to modbus server
[2025-03-01T08:32:10.174Z] Error reading register 3105 for IP 10.30.4.91: no connection to modbus server
[2025-03-01T08:32:10.174Z] ❌ Error reading register 1000 for IP 10.30.4.91: no connection to modbus server
[2025-03-01T08:32:10.175Z] Error reading actual data: no connection to modbus server
[2025-03-01T08:32:10.279Z] Error writing to Modbus register: no connection to modbus server
[2025-03-01T08:32:10.281Z] Error reading register 3105 for IP 10.30.4.91: no connection to modbus server
[2025-03-01T08:32:10.281Z] ❌ Error reading register 1000 for IP 10.30.4.91: no connection to modbus server
[2025-03-01T08:32:10.281Z] Error reading actual data: no connection to modbus server
[2025-03-01T08:32:10.361Z] Error writing to Modbus register: no connection to modbus server
[2025-03-01T08:32:10.494Z] Error reading register 3105 for IP 10.30.4.91: no connection to modbus server
[2025-03-01T08:32:10.494Z] ❌ Error reading register 1000 for IP 10.30.4.91: no connection to modbus server
[2025-03-01T08:32:10.494Z] Error reading actual data: no connection to modbus server
[2025-03-01T08:32:10.495Z] Error writing to Modbus register: no connection to modbus server
[2025-03-01T08:32:10.975Z] Error reading register 3105 for IP 10.30.4.91: no connection to modbus server
[2025-03-01T08:32:10.976Z] ❌ Error reading register 1000 for IP 10.30.4.91: no connection to modbus server
[2025-03-01T08:32:10.976Z] Error reading actual data: no connection to modbus server
[2025-03-01T08:32:11.129Z] Error writing to Modbus register: no connection to modbus server
[2025-03-01T08:32:11.131Z] Error reading register 3105 for IP 10.30.4.91: no connection to modbus server
[2025-03-01T08:32:11.131Z] ❌ Error reading register 1000 for IP 10.30.4.91: no connection to modbus server
[2025-03-01T08:32:11.131Z] Error reading actual data: no connection to modbus server
[2025-03-01T08:32:11.133Z] Error writing to Modbus register: no connection to modbus server
[2025-03-01T08:32:11.134Z] Error reading register 3105 for IP 10.30.4.91: no connection to modbus server
[2025-03-01T08:32:11.134Z] ❌ Error reading register 1000 for IP 10.30.4.91: no connection to modbus server
[2025-03-01T08:32:11.135Z] Error reading actual data: no connection to modbus server
[2025-03-01T08:32:11.135Z] Error writing to Modbus register: no connection to modbus server
[2025-03-01T08:32:11.175Z] Error reading register 3105 for IP 10.30.4.91: no connection to modbus server
[2025-03-01T08:32:11.175Z] ❌ Error reading register 1000 for IP 10.30.4.91: no connection to modbus server
[2025-03-01T08:32:11.176Z] Error reading actual data: no connection to modbus server
[2025-03-01T08:32:11.294Z] Error writing to Modbus register: no connection to modbus server
[2025-03-01T08:32:11.296Z] Error reading register 3105 for IP 10.30.4.91: no connection to modbus server
[2025-03-01T08:32:11.296Z] ❌ Error reading register 1000 for IP 10.30.4.91: no connection to modbus server
[2025-03-01T08:32:11.296Z] Error reading actual data: no connection to modbus server
[2025-03-01T08:32:11.372Z] Error writing to Modbus register: no connection to modbus server
[2025-03-01T08:32:11.505Z] Error reading register 3105 for IP 10.30.4.91: no connection to modbus server
[2025-03-01T08:32:11.505Z] ❌ Error reading register 1000 for IP 10.30.4.91: no connection to modbus server
[2025-03-01T08:32:11.506Z] Error writing to Modbus register: no connection to modbus server
[2025-03-01T08:32:11.505Z] Error reading actual data: no connection to modbus server
[2025-03-01T08:32:11.978Z] Error reading register 3105 for IP 10.30.4.91: no connection to modbus server
[2025-03-01T08:32:11.979Z] ❌ Error reading register 1000 for IP 10.30.4.91: no connection to modbus server
[2025-03-01T08:32:11.979Z] Error reading actual data: no connection to modbus server
[2025-03-01T08:32:12.133Z] Error writing to Modbus register: no connection to modbus server
[2025-03-01T08:32:12.134Z] Error reading register 3105 for IP 10.30.4.91: no connection to modbus server
[2025-03-01T08:32:12.134Z] ❌ Error reading register 1000 for IP 10.30.4.91: no connection to modbus server
[2025-03-01T08:32:12.135Z] Error reading register 3105 for IP 10.30.4.91: no connection to modbus server
[2025-03-01T08:32:12.135Z] ❌ Error reading register 1000 for IP 10.30.4.91: no connection to modbus server
[2025-03-01T08:32:12.134Z] Error reading actual data: no connection to modbus server
[2025-03-01T08:32:12.134Z] Error writing to Modbus register: no connection to modbus server
[2025-03-01T08:32:12.135Z] Error reading actual data: no connection to modbus server
[2025-03-01T08:32:12.136Z] Error writing to Modbus register: no connection to modbus server
[2025-03-01T08:32:12.180Z] Error reading register 3105 for IP 10.30.4.91: no connection to modbus server
[2025-03-01T08:32:12.180Z] ❌ Error reading register 1000 for IP 10.30.4.91: no connection to modbus server
[2025-03-01T08:32:12.180Z] Error reading actual data: no connection to modbus server
[2025-03-01T08:32:12.295Z] Error writing to Modbus register: no connection to modbus server
[2025-03-01T08:32:12.297Z] ❌ Error reading register 1000 for IP 10.30.4.91: no connection to modbus server
[2025-03-01T08:32:12.296Z] Error reading register 3105 for IP 10.30.4.91: no connection to modbus server
[2025-03-01T08:32:12.297Z] Error reading actual data: no connection to modbus server
[2025-03-01T08:32:12.374Z] Error writing to Modbus register: no connection to modbus server
[2025-03-01T08:32:12.511Z] Error reading register 3105 for IP 10.30.4.91: no connection to modbus server
[2025-03-01T08:32:12.511Z] ❌ Error reading register 1000 for IP 10.30.4.91: no connection to modbus server
[2025-03-01T08:32:12.512Z] Error reading actual data: no connection to modbus server
[2025-03-01T08:32:12.512Z] Error writing to Modbus register: no connection to modbus server
[2025-03-01T08:32:12.979Z] Error reading register 3105 for IP 10.30.4.91: no connection to modbus server
[2025-03-01T08:32:12.979Z] ❌ Error reading register 1000 for IP 10.30.4.91: no connection to modbus server
[2025-03-01T08:32:12.980Z] Error reading actual data: no connection to modbus server
[2025-03-01T08:32:13.135Z] Error writing to Modbus register: no connection to modbus server
[2025-03-01T08:32:13.136Z] Error reading register 3105 for IP 10.30.4.91: no connection to modbus server
[2025-03-01T08:32:13.136Z] ❌ Error reading register 1000 for IP 10.30.4.91: no connection to modbus server
[2025-03-01T08:32:13.137Z] ❌ Error reading register 1000 for IP 10.30.4.91: no connection to modbus server
[2025-03-01T08:32:13.136Z] Error writing to Modbus register: no connection to modbus server
[2025-03-01T08:32:13.137Z] Error reading register 3105 for IP 10.30.4.91: no connection to modbus server
[2025-03-01T08:32:13.136Z] Error reading actual data: no connection to modbus server
[2025-03-01T08:32:13.137Z] Error reading actual data: no connection to modbus server
[2025-03-01T08:32:13.137Z] Error writing to Modbus register: no connection to modbus server
[2025-03-01T08:32:13.180Z] Error reading register 3105 for IP 10.30.4.91: no connection to modbus server
[2025-03-01T08:32:13.181Z] ❌ Error reading register 1000 for IP 10.30.4.91: no connection to modbus server
[2025-03-01T08:32:13.181Z] Error reading actual data: no connection to modbus server
[2025-03-01T08:32:13.297Z] Error writing to Modbus register: no connection to modbus server
[2025-03-01T08:32:13.297Z] Error reading register 3105 for IP 10.30.4.91: no connection to modbus server
[2025-03-01T08:32:13.298Z] ❌ Error reading register 1000 for IP 10.30.4.91: no connection to modbus server
[2025-03-01T08:32:13.298Z] Error reading actual data: no connection to modbus server
[2025-03-01T08:32:13.378Z] Error writing to Modbus register: no connection to modbus server
[2025-03-01T08:32:13.511Z] Error reading register 3105 for IP 10.30.4.91: no connection to modbus server
[2025-03-01T08:32:13.511Z] ❌ Error reading register 1000 for IP 10.30.4.91: no connection to modbus server
[2025-03-01T08:32:13.511Z] Error reading actual data: no connection to modbus server
[2025-03-01T08:32:13.513Z] Error writing to Modbus register: no connection to modbus server
[2025-03-01T08:32:13.978Z] Error reading register 3105 for IP 10.30.4.91: no connection to modbus server
[2025-03-01T08:32:13.978Z] ❌ Error reading register 1000 for IP 10.30.4.91: no connection to modbus server
[2025-03-01T08:32:13.978Z] Error reading actual data: no connection to modbus server
[2025-03-01T08:32:14.143Z] Error writing to Modbus register: no connection to modbus server
[2025-03-01T08:32:14.144Z] Error reading register 3105 for IP 10.30.4.91: no connection to modbus server
[2025-03-01T08:32:14.144Z] ❌ Error reading register 1000 for IP 10.30.4.91: no connection to modbus server
[2025-03-01T08:32:14.144Z] Error reading actual data: no connection to modbus server
[2025-03-01T08:32:14.144Z] Error writing to Modbus register: no connection to modbus server
[2025-03-01T08:32:14.145Z] Error reading register 3105 for IP 10.30.4.91: no connection to modbus server
[2025-03-01T08:32:14.145Z] ❌ Error reading register 1000 for IP 10.30.4.91: no connection to modbus server
[2025-03-01T08:32:14.145Z] Error reading actual data: no connection to modbus server
[2025-03-01T08:32:14.146Z] Error writing to Modbus register: no connection to modbus server
[2025-03-01T08:32:14.180Z] Error reading register 3105 for IP 10.30.4.91: no connection to modbus server
[2025-03-01T08:32:14.180Z] ❌ Error reading register 1000 for IP 10.30.4.91: no connection to modbus server
[2025-03-01T08:32:14.181Z] Error reading actual data: no connection to modbus server
[2025-03-01T08:32:14.312Z] Error writing to Modbus register: no connection to modbus server
[2025-03-01T08:32:14.313Z] Error reading register 3105 for IP 10.30.4.91: no connection to modbus server
[2025-03-01T08:32:14.314Z] ❌ Error reading register 1000 for IP 10.30.4.91: no connection to modbus server
[2025-03-01T08:32:14.314Z] Error reading actual data: no connection to modbus server
[2025-03-01T08:32:14.378Z] Error writing to Modbus register: no connection to modbus server
[2025-03-01T08:32:14.511Z] ❌ Error reading register 1000 for IP 10.30.4.91: no connection to modbus server
[2025-03-01T08:32:14.511Z] Error reading actual data: no connection to modbus server
[2025-03-01T08:32:14.511Z] Error reading register 3105 for IP 10.30.4.91: no connection to modbus server
[2025-03-01T08:32:14.526Z] Error writing to Modbus register: no connection to modbus server
[2025-03-01T08:32:14.982Z] Error reading register 3105 for IP 10.30.4.91: no connection to modbus server
[2025-03-01T08:32:14.983Z] ❌ Error reading register 1000 for IP 10.30.4.91: no connection to modbus server
[2025-03-01T08:32:14.983Z] Error reading actual data: no connection to modbus server
[2025-03-01T08:32:15.145Z] Error writing to Modbus register: no connection to modbus server
[2025-03-01T08:32:15.146Z] Error reading register 3105 for IP 10.30.4.91: no connection to modbus server
[2025-03-01T08:32:15.146Z] ❌ Error reading register 1000 for IP 10.30.4.91: no connection to modbus server
[2025-03-01T08:32:15.146Z] Error reading actual data: no connection to modbus server
[2025-03-01T08:32:15.147Z] Error writing to Modbus register: no connection to modbus server
[2025-03-01T08:32:15.147Z] Error reading register 3105 for IP 10.30.4.91: no connection to modbus server
[2025-03-01T08:32:15.148Z] ❌ Error reading register 1000 for IP 10.30.4.91: no connection to modbus server
[2025-03-01T08:32:15.148Z] Error reading actual data: no connection to modbus server
[2025-03-01T08:32:15.149Z] Error writing to Modbus register: no connection to modbus server
[2025-03-01T08:32:15.182Z] ❌ Error reading register 1000 for IP 10.30.4.91: no connection to modbus server
[2025-03-01T08:32:15.182Z] Error reading register 3105 for IP 10.30.4.91: no connection to modbus server
[2025-03-01T08:32:15.182Z] Error reading actual data: no connection to modbus server
[2025-03-01T08:32:15.312Z] Error writing to Modbus register: no connection to modbus server
[2025-03-01T08:32:15.313Z] Error reading register 3105 for IP 10.30.4.91: no connection to modbus server
[2025-03-01T08:32:15.314Z] ❌ Error reading register 1000 for IP 10.30.4.91: no connection to modbus server
[2025-03-01T08:32:15.314Z] Error reading actual data: no connection to modbus server
[2025-03-01T08:32:15.377Z] Error writing to Modbus register: no connection to modbus server
[2025-03-01T08:32:15.525Z] Error reading register 3105 for IP 10.30.4.91: no connection to modbus server
[2025-03-01T08:32:15.525Z] ❌ Error reading register 1000 for IP 10.30.4.91: no connection to modbus server
[2025-03-01T08:32:15.525Z] Error reading actual data: no connection to modbus server
[2025-03-01T08:32:15.526Z] Error writing to Modbus register: no connection to modbus server
[2025-03-01T08:32:15.995Z] Error reading register 3105 for IP 10.30.4.91: no connection to modbus server
[2025-03-01T08:32:15.995Z] ❌ Error reading register 1000 for IP 10.30.4.91: no connection to modbus server
[2025-03-01T08:32:15.996Z] Error reading actual data: no connection to modbus server
[2025-03-01T08:32:16.147Z] Error writing to Modbus register: no connection to modbus server
[2025-03-01T08:32:16.148Z] Error reading register 3105 for IP 10.30.4.91: no connection to modbus server
[2025-03-01T08:32:16.148Z] ❌ Error reading register 1000 for IP 10.30.4.91: no connection to modbus server
[2025-03-01T08:32:16.148Z] Error reading actual data: no connection to modbus server
[2025-03-01T08:32:16.148Z] Error writing to Modbus register: no connection to modbus server
[2025-03-01T08:32:16.150Z] ❌ Error reading register 1000 for IP 10.30.4.91: no connection to modbus server
[2025-03-01T08:32:16.150Z] Error reading actual data: no connection to modbus server
[2025-03-01T08:32:16.149Z] Error reading register 3105 for IP 10.30.4.91: no connection to modbus server
[2025-03-01T08:32:16.150Z] Error writing to Modbus register: no connection to modbus server
[2025-03-01T08:32:16.183Z] Error reading register 3105 for IP 10.30.4.91: no connection to modbus server
[2025-03-01T08:32:16.183Z] ❌ Error reading register 1000 for IP 10.30.4.91: no connection to modbus server
[2025-03-01T08:32:16.183Z] Error reading actual data: no connection to modbus server
[2025-03-01T08:32:16.312Z] Error writing to Modbus register: no connection to modbus server
[2025-03-01T08:32:16.313Z] Error reading register 3105 for IP 10.30.4.91: no connection to modbus server
[2025-03-01T08:32:16.314Z] ❌ Error reading register 1000 for IP 10.30.4.91: no connection to modbus server
[2025-03-01T08:32:16.314Z] Error reading actual data: no connection to modbus server
[2025-03-01T08:32:16.394Z] Error writing to Modbus register: no connection to modbus server
[2025-03-01T08:32:16.545Z] Error reading register 3105 for IP 10.30.4.91: no connection to modbus server
[2025-03-01T08:32:16.545Z] ❌ Error reading register 1000 for IP 10.30.4.91: no connection to modbus server
[2025-03-01T08:32:16.545Z] Error reading actual data: no connection to modbus server
[2025-03-01T08:32:16.546Z] Error writing to Modbus register: no connection to modbus server
[2025-03-01T08:32:16.998Z] Error reading register 3105 for IP 10.30.4.91: no connection to modbus server
[2025-03-01T08:32:16.999Z] ❌ Error reading register 1000 for IP 10.30.4.91: no connection to modbus server
[2025-03-01T08:32:16.999Z] Error reading actual data: no connection to modbus server
[2025-03-01T08:32:17.162Z] Error writing to Modbus register: no connection to modbus server
[2025-03-01T08:32:17.162Z] Error reading register 3105 for IP 10.30.4.91: no connection to modbus server
[2025-03-01T08:32:17.162Z] Error reading actual data: no connection to modbus server
[2025-03-01T08:32:17.163Z] ❌ Error reading register 1000 for IP 10.30.4.91: no connection to modbus server
[2025-03-01T08:32:17.163Z] Error reading register 3105 for IP 10.30.4.91: no connection to modbus server
[2025-03-01T08:32:17.163Z] Error reading actual data: no connection to modbus server
[2025-03-01T08:32:17.163Z] Error writing to Modbus register: no connection to modbus server
[2025-03-01T08:32:17.163Z] Error writing to Modbus register: no connection to modbus server
[2025-03-01T08:32:17.162Z] ❌ Error reading register 1000 for IP 10.30.4.91: no connection to modbus server
[2025-03-01T08:32:17.193Z] Error reading register 3105 for IP 10.30.4.91: no connection to modbus server
[2025-03-01T08:32:17.193Z] ❌ Error reading register 1000 for IP 10.30.4.91: no connection to modbus server
[2025-03-01T08:32:17.193Z] Error reading actual data: no connection to modbus server
[2025-03-01T08:32:17.314Z] Error writing to Modbus register: no connection to modbus server
[2025-03-01T08:32:17.315Z] Error reading register 3105 for IP 10.30.4.91: no connection to modbus server
[2025-03-01T08:32:17.316Z] ❌ Error reading register 1000 for IP 10.30.4.91: no connection to modbus server
[2025-03-01T08:32:17.316Z] Error reading actual data: no connection to modbus server
[2025-03-01T08:32:17.395Z] Error writing to Modbus register: no connection to modbus server
[2025-03-01T08:32:17.566Z] Error reading register 3105 for IP 10.30.4.91: no connection to modbus server
[2025-03-01T08:32:17.566Z] ❌ Error reading register 1000 for IP 10.30.4.91: no connection to modbus server
[2025-03-01T08:32:17.566Z] Error reading actual data: no connection to modbus server
[2025-03-01T08:32:17.567Z] Error writing to Modbus register: no connection to modbus server
[2025-03-01T08:32:18.011Z] Error reading register 3105 for IP 10.30.4.91: no connection to modbus server
[2025-03-01T08:32:18.011Z] ❌ Error reading register 1000 for IP 10.30.4.91: no connection to modbus server
[2025-03-01T08:32:18.011Z] Error reading actual data: no connection to modbus server
[2025-03-01T08:32:18.178Z] Error writing to Modbus register: no connection to modbus server
[2025-03-01T08:32:18.180Z] Error reading register 3105 for IP 10.30.4.91: no connection to modbus server
[2025-03-01T08:32:18.182Z] Error writing to Modbus register: no connection to modbus server
[2025-03-01T08:32:18.184Z] ❌ Error reading register 1000 for IP 10.30.4.91: no connection to modbus server
[2025-03-01T08:32:18.184Z] Error reading register 3105 for IP 10.30.4.91: no connection to modbus server
[2025-03-01T08:32:18.181Z] Error reading actual data: no connection to modbus server
[2025-03-01T08:32:18.185Z] Error writing to Modbus register: no connection to modbus server
[2025-03-01T08:32:18.184Z] Error reading actual data: no connection to modbus server
[2025-03-01T08:32:18.181Z] ❌ Error reading register 1000 for IP 10.30.4.91: no connection to modbus server
[2025-03-01T08:32:18.195Z] Error reading register 3105 for IP 10.30.4.91: no connection to modbus server
[2025-03-01T08:32:18.195Z] ❌ Error reading register 1000 for IP 10.30.4.91: no connection to modbus server
[2025-03-01T08:32:18.195Z] Error reading actual data: no connection to modbus server
[2025-03-01T08:32:18.328Z] Error writing to Modbus register: no connection to modbus server
[2025-03-01T08:32:18.330Z] Error reading register 3105 for IP 10.30.4.91: no connection to modbus server
[2025-03-01T08:32:18.330Z] ❌ Error reading register 1000 for IP 10.30.4.91: no connection to modbus server
[2025-03-01T08:32:18.331Z] Error reading actual data: no connection to modbus server
[2025-03-01T08:32:18.394Z] Error writing to Modbus register: no connection to modbus server
[2025-03-01T08:32:18.562Z] Error reading register 3105 for IP 10.30.4.91: no connection to modbus server
[2025-03-01T08:32:18.563Z] ❌ Error reading register 1000 for IP 10.30.4.91: no connection to modbus server
[2025-03-01T08:32:18.563Z] Error reading actual data: no connection to modbus server
[2025-03-01T08:32:18.580Z] Error writing to Modbus register: no connection to modbus server
[2025-03-01T08:32:19.012Z] Error reading register 3105 for IP 10.30.4.91: no connection to modbus server
[2025-03-01T08:32:19.013Z] ❌ Error reading register 1000 for IP 10.30.4.91: no connection to modbus server
[2025-03-01T08:32:19.013Z] Error reading actual data: no connection to modbus server
[2025-03-01T08:32:19.178Z] Error writing to Modbus register: no connection to modbus server
[2025-03-01T08:32:19.180Z] Error reading register 3105 for IP 10.30.4.91: no connection to modbus server
[2025-03-01T08:32:19.180Z] ❌ Error reading register 1000 for IP 10.30.4.91: no connection to modbus server
[2025-03-01T08:32:19.181Z] Error reading actual data: no connection to modbus server
[2025-03-01T08:32:19.182Z] Error writing to Modbus register: no connection to modbus server
[2025-03-01T08:32:19.184Z] ❌ Error reading register 1000 for IP 10.30.4.91: no connection to modbus server
[2025-03-01T08:32:19.184Z] Error reading register 3105 for IP 10.30.4.91: no connection to modbus server
[2025-03-01T08:32:19.184Z] Error reading actual data: no connection to modbus server
[2025-03-01T08:32:19.185Z] Error writing to Modbus register: no connection to modbus server
[2025-03-01T08:32:19.195Z] Error reading register 3105 for IP 10.30.4.91: no connection to modbus server
[2025-03-01T08:32:19.195Z] ❌ Error reading register 1000 for IP 10.30.4.91: no connection to modbus server
[2025-03-01T08:32:19.195Z] Error reading actual data: no connection to modbus server
[2025-03-01T08:32:19.332Z] Error writing to Modbus register: no connection to modbus server
[2025-03-01T08:32:19.333Z] Error reading register 3105 for IP 10.30.4.91: no connection to modbus server
[2025-03-01T08:32:19.333Z] ❌ Error reading register 1000 for IP 10.30.4.91: no connection to modbus server
[2025-03-01T08:32:19.333Z] Error reading actual data: no connection to modbus server
[2025-03-01T08:32:19.407Z] Error writing to Modbus register: no connection to modbus server
[2025-03-01T08:32:19.561Z] ❌ Error reading register 1000 for IP 10.30.4.91: no connection to modbus server
[2025-03-01T08:32:19.561Z] Error reading actual data: no connection to modbus server
[2025-03-01T08:32:19.561Z] Error reading register 3105 for IP 10.30.4.91: no connection to modbus server
[2025-03-01T08:32:19.592Z] Error writing to Modbus register: no connection to modbus server
[2025-03-01T08:32:20.026Z] Error reading register 3105 for IP 10.30.4.91: no connection to modbus server
[2025-03-01T08:32:20.027Z] ❌ Error reading register 1000 for IP 10.30.4.91: no connection to modbus server
[2025-03-01T08:32:20.027Z] Error reading actual data: no connection to modbus server
[2025-03-01T08:32:20.178Z] Error writing to Modbus register: no connection to modbus server
[2025-03-01T08:32:20.179Z] Error reading register 3105 for IP 10.30.4.91: no connection to modbus server
[2025-03-01T08:32:20.180Z] ❌ Error reading register 1000 for IP 10.30.4.91: no connection to modbus server
[2025-03-01T08:32:20.180Z] Error reading actual data: no connection to modbus server
[2025-03-01T08:32:20.182Z] Error writing to Modbus register: no connection to modbus server
[2025-03-01T08:32:20.182Z] Error reading register 3105 for IP 10.30.4.91: no connection to modbus server
[2025-03-01T08:32:20.182Z] ❌ Error reading register 1000 for IP 10.30.4.91: no connection to modbus server
[2025-03-01T08:32:20.183Z] Error reading actual data: no connection to modbus server
[2025-03-01T08:32:20.193Z] Error writing to Modbus register: no connection to modbus server
[2025-03-01T08:32:20.194Z] Error reading register 3105 for IP 10.30.4.91: no connection to modbus server
[2025-03-01T08:32:20.194Z] ❌ Error reading register 1000 for IP 10.30.4.91: no connection to modbus server
[2025-03-01T08:32:20.194Z] Error reading actual data: no connection to modbus server
[2025-03-01T08:32:20.344Z] Error writing to Modbus register: no connection to modbus server
[2025-03-01T08:32:20.345Z] Error reading register 3105 for IP 10.30.4.91: no connection to modbus server
[2025-03-01T08:32:20.345Z] ❌ Error reading register 1000 for IP 10.30.4.91: no connection to modbus server
[2025-03-01T08:32:20.346Z] Error reading actual data: no connection to modbus server
[2025-03-01T08:32:20.421Z] Error writing to Modbus register: no connection to modbus server
[2025-03-01T08:32:20.562Z] Error reading register 3105 for IP 10.30.4.91: no connection to modbus server
[2025-03-01T08:32:20.562Z] ❌ Error reading register 1000 for IP 10.30.4.91: no connection to modbus server
[2025-03-01T08:32:20.563Z] Error reading actual data: no connection to modbus server
[2025-03-01T08:32:20.594Z] Error writing to Modbus register: no connection to modbus server
[2025-03-01T08:32:21.030Z] Error reading register 3105 for IP 10.30.4.91: no connection to modbus server
[2025-03-01T08:32:21.031Z] ❌ Error reading register 1000 for IP 10.30.4.91: no connection to modbus server
[2025-03-01T08:32:21.031Z] Error reading actual data: no connection to modbus server
[2025-03-01T08:32:21.193Z] Error writing to Modbus register: no connection to modbus server
[2025-03-01T08:32:21.193Z] Error reading register 3105 for IP 10.30.4.91: no connection to modbus server
[2025-03-01T08:32:21.193Z] ❌ Error reading register 1000 for IP 10.30.4.91: no connection to modbus server
[2025-03-01T08:32:21.194Z] Error reading register 3105 for IP 10.30.4.91: no connection to modbus server
[2025-03-01T08:32:21.194Z] ❌ Error reading register 1000 for IP 10.30.4.91: no connection to modbus server
[2025-03-01T08:32:21.195Z] Error reading actual data: no connection to modbus server
[2025-03-01T08:32:21.193Z] Error reading actual data: no connection to modbus server
[2025-03-01T08:32:21.194Z] Error writing to Modbus register: no connection to modbus server
[2025-03-01T08:32:21.195Z] Error writing to Modbus register: no connection to modbus server
[2025-03-01T08:32:21.195Z] Error reading register 3105 for IP 10.30.4.91: no connection to modbus server
[2025-03-01T08:32:21.196Z] Error reading actual data: no connection to modbus server
[2025-03-01T08:32:21.196Z] ❌ Error reading register 1000 for IP 10.30.4.91: no connection to modbus server
[2025-03-01T08:32:21.345Z] Error writing to Modbus register: no connection to modbus server
[2025-03-01T08:32:21.345Z] Error reading register 3105 for IP 10.30.4.91: no connection to modbus server
[2025-03-01T08:32:21.345Z] ❌ Error reading register 1000 for IP 10.30.4.91: no connection to modbus server
[2025-03-01T08:32:21.345Z] Error reading actual data: no connection to modbus server
[2025-03-01T08:32:21.422Z] Error writing to Modbus register: no connection to modbus server
[2025-03-01T08:32:21.579Z] Error reading register 3105 for IP 10.30.4.91: no connection to modbus server
[2025-03-01T08:32:21.579Z] ❌ Error reading register 1000 for IP 10.30.4.91: no connection to modbus server
[2025-03-01T08:32:21.580Z] Error reading actual data: no connection to modbus server
[2025-03-01T08:32:21.605Z] Error writing to Modbus register: no connection to modbus server
[2025-03-01T08:32:22.031Z] Error reading register 3105 for IP 10.30.4.91: no connection to modbus server
[2025-03-01T08:32:22.032Z] ❌ Error reading register 1000 for IP 10.30.4.91: no connection to modbus server
[2025-03-01T08:32:22.032Z] Error reading actual data: no connection to modbus server
[2025-03-01T08:32:22.193Z] Error writing to Modbus register: no connection to modbus server
[2025-03-01T08:32:22.195Z] Error reading register 3105 for IP 10.30.4.91: no connection to modbus server
[2025-03-01T08:32:22.195Z] ❌ Error reading register 1000 for IP 10.30.4.91: no connection to modbus server
[2025-03-01T08:32:22.196Z] Error reading actual data: no connection to modbus server
[2025-03-01T08:32:22.197Z] Error writing to Modbus register: no connection to modbus server
[2025-03-01T08:32:22.198Z] Error reading register 3105 for IP 10.30.4.91: no connection to modbus server
[2025-03-01T08:32:22.198Z] ❌ Error reading register 1000 for IP 10.30.4.91: no connection to modbus server
[2025-03-01T08:32:22.199Z] Error reading actual data: no connection to modbus server
[2025-03-01T08:32:22.199Z] Error writing to Modbus register: no connection to modbus server
[2025-03-01T08:32:22.199Z] Error reading register 3105 for IP 10.30.4.91: no connection to modbus server
[2025-03-01T08:32:22.199Z] ❌ Error reading register 1000 for IP 10.30.4.91: no connection to modbus server
[2025-03-01T08:32:22.199Z] Error reading actual data: no connection to modbus server
[2025-03-01T08:32:22.346Z] Error writing to Modbus register: no connection to modbus server
[2025-03-01T08:32:22.348Z] Error reading register 3105 for IP 10.30.4.91: no connection to modbus server
[2025-03-01T08:32:22.348Z] ❌ Error reading register 1000 for IP 10.30.4.91: no connection to modbus server
[2025-03-01T08:32:22.349Z] Error reading actual data: no connection to modbus server
[2025-03-01T08:32:22.423Z] Error writing to Modbus register: no connection to modbus server
[2025-03-01T08:32:22.578Z] ❌ Error reading register 1000 for IP 10.30.4.91: no connection to modbus server
[2025-03-01T08:32:22.578Z] Error reading actual data: no connection to modbus server
[2025-03-01T08:32:22.578Z] Error reading register 3105 for IP 10.30.4.91: no connection to modbus server
[2025-03-01T08:32:22.612Z] Error writing to Modbus register: no connection to modbus server
[2025-03-01T08:32:23.041Z] Error reading register 3105 for IP 10.30.4.91: no connection to modbus server
[2025-03-01T08:32:23.042Z] ❌ Error reading register 1000 for IP 10.30.4.91: no connection to modbus server
[2025-03-01T08:32:23.042Z] Error reading actual data: no connection to modbus server
[2025-03-01T08:32:23.212Z] Error writing to Modbus register: no connection to modbus server
[2025-03-01T08:32:23.214Z] Error reading register 3105 for IP 10.30.4.91: no connection to modbus server
[2025-03-01T08:32:23.214Z] ❌ Error reading register 1000 for IP 10.30.4.91: no connection to modbus server
[2025-03-01T08:32:23.216Z] Error writing to Modbus register: no connection to modbus server
[2025-03-01T08:32:23.217Z] Error reading register 3105 for IP 10.30.4.91: no connection to modbus server
[2025-03-01T08:32:23.218Z] ❌ Error reading register 1000 for IP 10.30.4.91: no connection to modbus server
[2025-03-01T08:32:23.218Z] Error reading actual data: no connection to modbus server
[2025-03-01T08:32:23.215Z] Error reading actual data: no connection to modbus server
[2025-03-01T08:32:23.219Z] Error writing to Modbus register: no connection to modbus server
[2025-03-01T08:32:23.219Z] Error reading register 3105 for IP 10.30.4.91: no connection to modbus server
[2025-03-01T08:32:23.219Z] ❌ Error reading register 1000 for IP 10.30.4.91: no connection to modbus server
[2025-03-01T08:32:23.219Z] Error reading actual data: no connection to modbus server
[2025-03-01T08:32:23.362Z] Error writing to Modbus register: no connection to modbus server
[2025-03-01T08:32:23.363Z] Error reading register 3105 for IP 10.30.4.91: no connection to modbus server
[2025-03-01T08:32:23.364Z] ❌ Error reading register 1000 for IP 10.30.4.91: no connection to modbus server
[2025-03-01T08:32:23.364Z] Error reading actual data: no connection to modbus server
[2025-03-01T08:32:23.423Z] Error writing to Modbus register: no connection to modbus server
[2025-03-01T08:32:23.595Z] Error reading register 3105 for IP 10.30.4.91: no connection to modbus server
[2025-03-01T08:32:23.595Z] ❌ Error reading register 1000 for IP 10.30.4.91: no connection to modbus server
[2025-03-01T08:32:23.596Z] Error reading actual data: no connection to modbus server
[2025-03-01T08:32:23.625Z] Error writing to Modbus register: no connection to modbus server
[2025-03-01T08:32:24.056Z] Error reading register 3105 for IP 10.30.4.91: no connection to modbus server
[2025-03-01T08:32:24.056Z] ❌ Error reading register 1000 for IP 10.30.4.91: no connection to modbus server
[2025-03-01T08:32:24.057Z] Error reading actual data: no connection to modbus server
[2025-03-01T08:32:24.212Z] Error writing to Modbus register: no connection to modbus server
[2025-03-01T08:32:24.213Z] Error reading register 3105 for IP 10.30.4.91: no connection to modbus server
[2025-03-01T08:32:24.214Z] ❌ Error reading register 1000 for IP 10.30.4.91: no connection to modbus server
[2025-03-01T08:32:24.214Z] Error reading actual data: no connection to modbus server
[2025-03-01T08:32:24.216Z] Error writing to Modbus register: no connection to modbus server
[2025-03-01T08:32:24.217Z] Error reading register 3105 for IP 10.30.4.91: no connection to modbus server
[2025-03-01T08:32:24.217Z] ❌ Error reading register 1000 for IP 10.30.4.91: no connection to modbus server
[2025-03-01T08:32:24.217Z] Error reading actual data: no connection to modbus server
[2025-03-01T08:32:24.219Z] Error writing to Modbus register: no connection to modbus server
[2025-03-01T08:32:24.220Z] Error reading register 3105 for IP 10.30.4.91: no connection to modbus server
[2025-03-01T08:32:24.220Z] ❌ Error reading register 1000 for IP 10.30.4.91: no connection to modbus server
[2025-03-01T08:32:24.220Z] Error reading actual data: no connection to modbus server
[2025-03-01T08:32:24.361Z] Error writing to Modbus register: no connection to modbus server
[2025-03-01T08:32:24.366Z] Error reading register 3105 for IP 10.30.4.91: no connection to modbus server
[2025-03-01T08:32:24.366Z] ❌ Error reading register 1000 for IP 10.30.4.91: no connection to modbus server
[2025-03-01T08:32:24.366Z] Error reading actual data: no connection to modbus server
[2025-03-01T08:32:24.428Z] Error writing to Modbus register: no connection to modbus server
[2025-03-01T08:32:24.595Z] Error reading register 3105 for IP 10.30.4.91: no connection to modbus server
[2025-03-01T08:32:24.596Z] ❌ Error reading register 1000 for IP 10.30.4.91: no connection to modbus server
[2025-03-01T08:32:24.596Z] Error reading actual data: no connection to modbus server
[2025-03-01T08:32:24.626Z] Error writing to Modbus register: no connection to modbus server
[2025-03-01T08:32:25.063Z] Error reading register 3105 for IP 10.30.4.91: no connection to modbus server
[2025-03-01T08:32:25.063Z] ❌ Error reading register 1000 for IP 10.30.4.91: no connection to modbus server
[2025-03-01T08:32:25.064Z] Error reading actual data: no connection to modbus server
[2025-03-01T08:32:25.227Z] Error writing to Modbus register: no connection to modbus server
[2025-03-01T08:32:25.229Z] Error reading register 3105 for IP 10.30.4.91: no connection to modbus server
[2025-03-01T08:32:25.230Z] ❌ Error reading register 1000 for IP 10.30.4.91: no connection to modbus server
[2025-03-01T08:32:25.230Z] Error reading actual data: no connection to modbus server
[2025-03-01T08:32:25.231Z] Error writing to Modbus register: no connection to modbus server
[2025-03-01T08:32:25.232Z] ❌ Error reading register 1000 for IP 10.30.4.91: no connection to modbus server
[2025-03-01T08:32:25.232Z] Error reading register 3105 for IP 10.30.4.91: no connection to modbus server
[2025-03-01T08:32:25.232Z] Error reading actual data: no connection to modbus server
[2025-03-01T08:32:25.232Z] Error writing to Modbus register: no connection to modbus server
[2025-03-01T08:32:25.233Z] Error reading register 3105 for IP 10.30.4.91: no connection to modbus server
[2025-03-01T08:32:25.233Z] ❌ Error reading register 1000 for IP 10.30.4.91: no connection to modbus server
[2025-03-01T08:32:25.233Z] Error reading actual data: no connection to modbus server
[2025-03-01T08:32:25.378Z] Error writing to Modbus register: no connection to modbus server
[2025-03-01T08:32:25.380Z] Error reading register 3105 for IP 10.30.4.91: no connection to modbus server
[2025-03-01T08:32:25.380Z] ❌ Error reading register 1000 for IP 10.30.4.91: no connection to modbus server
[2025-03-01T08:32:25.380Z] Error reading actual data: no connection to modbus server
[2025-03-01T08:32:25.438Z] Error writing to Modbus register: no connection to modbus server
[2025-03-01T08:32:25.595Z] Error reading register 3105 for IP 10.30.4.91: no connection to modbus server
[2025-03-01T08:32:25.596Z] ❌ Error reading register 1000 for IP 10.30.4.91: no connection to modbus server
[2025-03-01T08:32:25.596Z] Error reading actual data: no connection to modbus server
[2025-03-01T08:32:25.626Z] Error writing to Modbus register: no connection to modbus server
[2025-03-01T08:32:26.073Z] Error reading register 3105 for IP 10.30.4.91: no connection to modbus server
[2025-03-01T08:32:26.073Z] ❌ Error reading register 1000 for IP 10.30.4.91: no connection to modbus server
[2025-03-01T08:32:26.074Z] Error reading actual data: no connection to modbus server
[2025-03-01T08:32:26.228Z] Error writing to Modbus register: no connection to modbus server
[2025-03-01T08:32:26.230Z] ❌ Error reading register 1000 for IP 10.30.4.91: no connection to modbus server
[2025-03-01T08:32:26.229Z] Error reading register 3105 for IP 10.30.4.91: no connection to modbus server
[2025-03-01T08:32:26.230Z] Error reading actual data: no connection to modbus server
[2025-03-01T08:32:26.232Z] Error writing to Modbus register: no connection to modbus server
[2025-03-01T08:32:26.233Z] Error reading register 3105 for IP 10.30.4.91: no connection to modbus server
[2025-03-01T08:32:26.233Z] ❌ Error reading register 1000 for IP 10.30.4.91: no connection to modbus server
[2025-03-01T08:32:26.234Z] Error reading actual data: no connection to modbus server
[2025-03-01T08:32:26.235Z] Error writing to Modbus register: no connection to modbus server
[2025-03-01T08:32:26.236Z] Error reading register 3105 for IP 10.30.4.91: no connection to modbus server
[2025-03-01T08:32:26.236Z] ❌ Error reading register 1000 for IP 10.30.4.91: no connection to modbus server
[2025-03-01T08:32:26.236Z] Error reading actual data: no connection to modbus server
[2025-03-01T08:32:26.394Z] Error writing to Modbus register: no connection to modbus server
[2025-03-01T08:32:26.396Z] Error reading register 3105 for IP 10.30.4.91: no connection to modbus server
[2025-03-01T08:32:26.396Z] ❌ Error reading register 1000 for IP 10.30.4.91: no connection to modbus server
[2025-03-01T08:32:26.396Z] Error reading actual data: no connection to modbus server
[2025-03-01T08:32:26.441Z] Error writing to Modbus register: no connection to modbus server
[2025-03-01T08:32:26.614Z] Error reading register 3105 for IP 10.30.4.91: no connection to modbus server
[2025-03-01T08:32:26.614Z] ❌ Error reading register 1000 for IP 10.30.4.91: no connection to modbus server
[2025-03-01T08:32:26.615Z] Error reading actual data: no connection to modbus server
[2025-03-01T08:32:26.640Z] Error writing to Modbus register: no connection to modbus server
[2025-03-01T08:32:27.078Z] Error reading register 3105 for IP 10.30.4.91: no connection to modbus server
[2025-03-01T08:32:27.078Z] ❌ Error reading register 1000 for IP 10.30.4.91: no connection to modbus server
[2025-03-01T08:32:27.078Z] Error reading actual data: no connection to modbus server
[2025-03-01T08:32:27.232Z] Error writing to Modbus register: no connection to modbus server
[2025-03-01T08:32:27.233Z] ❌ Error reading register 1000 for IP 10.30.4.91: no connection to modbus server
[2025-03-01T08:32:27.233Z] Error reading register 3105 for IP 10.30.4.91: no connection to modbus server
[2025-03-01T08:32:27.233Z] Error reading actual data: no connection to modbus server
[2025-03-01T08:32:27.234Z] Error writing to Modbus register: no connection to modbus server
[2025-03-01T08:32:27.235Z] Error reading register 3105 for IP 10.30.4.91: no connection to modbus server
[2025-03-01T08:32:27.235Z] ❌ Error reading register 1000 for IP 10.30.4.91: no connection to modbus server
[2025-03-01T08:32:27.235Z] Error reading actual data: no connection to modbus server
[2025-03-01T08:32:27.236Z] Error writing to Modbus register: no connection to modbus server
[2025-03-01T08:32:27.236Z] Error reading register 3105 for IP 10.30.4.91: no connection to modbus server
[2025-03-01T08:32:27.237Z] ❌ Error reading register 1000 for IP 10.30.4.91: no connection to modbus server
[2025-03-01T08:32:27.237Z] Error reading actual data: no connection to modbus server
[2025-03-01T08:32:27.395Z] Error writing to Modbus register: no connection to modbus server
[2025-03-01T08:32:27.397Z] Error reading register 3105 for IP 10.30.4.91: no connection to modbus server
[2025-03-01T08:32:27.397Z] ❌ Error reading register 1000 for IP 10.30.4.91: no connection to modbus server
[2025-03-01T08:32:27.397Z] Error reading actual data: no connection to modbus server
[2025-03-01T08:32:27.447Z] Error writing to Modbus register: no connection to modbus server
[2025-03-01T08:32:27.628Z] Error reading register 3105 for IP 10.30.4.91: no connection to modbus server
[2025-03-01T08:32:27.628Z] ❌ Error reading register 1000 for IP 10.30.4.91: no connection to modbus server
[2025-03-01T08:32:27.629Z] Error reading actual data: no connection to modbus server
[2025-03-01T08:32:27.643Z] Error writing to Modbus register: no connection to modbus server
[2025-03-01T08:32:28.089Z] Error reading register 3105 for IP 10.30.4.91: no connection to modbus server
[2025-03-01T08:32:28.089Z] ❌ Error reading register 1000 for IP 10.30.4.91: no connection to modbus server
[2025-03-01T08:32:28.089Z] Error reading actual data: no connection to modbus server
[2025-03-01T08:32:28.243Z] Error writing to Modbus register: no connection to modbus server
[2025-03-01T08:32:28.243Z] Error reading register 3105 for IP 10.30.4.91: no connection to modbus server
[2025-03-01T08:32:28.243Z] ❌ Error reading register 1000 for IP 10.30.4.91: no connection to modbus server
[2025-03-01T08:32:28.244Z] Error reading actual data: no connection to modbus server
[2025-03-01T08:32:28.244Z] Error writing to Modbus register: no connection to modbus server
[2025-03-01T08:32:28.244Z] Error reading register 3105 for IP 10.30.4.91: no connection to modbus server
[2025-03-01T08:32:28.244Z] ❌ Error reading register 1000 for IP 10.30.4.91: no connection to modbus server
[2025-03-01T08:32:28.244Z] Error reading actual data: no connection to modbus server
[2025-03-01T08:32:28.245Z] Error writing to Modbus register: no connection to modbus server
[2025-03-01T08:32:28.245Z] Error reading register 3105 for IP 10.30.4.91: no connection to modbus server
[2025-03-01T08:32:28.245Z] ❌ Error reading register 1000 for IP 10.30.4.91: no connection to modbus server
[2025-03-01T08:32:28.245Z] Error reading actual data: no connection to modbus server
[2025-03-01T08:32:28.394Z] Error writing to Modbus register: no connection to modbus server
[2025-03-01T08:32:28.410Z] Error reading register 3105 for IP 10.30.4.91: no connection to modbus server
[2025-03-01T08:32:28.410Z] ❌ Error reading register 1000 for IP 10.30.4.91: no connection to modbus server
[2025-03-01T08:32:28.410Z] Error reading actual data: no connection to modbus server
[2025-03-01T08:32:28.457Z] Error writing to Modbus register: no connection to modbus server
[2025-03-01T08:32:28.628Z] Error reading register 3105 for IP 10.30.4.91: no connection to modbus server
[2025-03-01T08:32:28.628Z] ❌ Error reading register 1000 for IP 10.30.4.91: no connection to modbus server
[2025-03-01T08:32:28.629Z] Error reading actual data: no connection to modbus server
[2025-03-01T08:32:28.644Z] Error writing to Modbus register: no connection to modbus server
[2025-03-01T08:32:29.092Z] Error reading register 3105 for IP 10.30.4.91: no connection to modbus server
[2025-03-01T08:32:29.093Z] ❌ Error reading register 1000 for IP 10.30.4.91: no connection to modbus server
[2025-03-01T08:32:29.093Z] Error reading actual data: no connection to modbus server
[2025-03-01T08:32:29.243Z] Error writing to Modbus register: no connection to modbus server
[2025-03-01T08:32:29.245Z] Error reading register 3105 for IP 10.30.4.91: no connection to modbus server
[2025-03-01T08:32:29.246Z] ❌ Error reading register 1000 for IP 10.30.4.91: no connection to modbus server
[2025-03-01T08:32:29.246Z] Error reading actual data: no connection to modbus server
[2025-03-01T08:32:29.247Z] Error writing to Modbus register: no connection to modbus server
[2025-03-01T08:32:29.248Z] Error reading register 3105 for IP 10.30.4.91: no connection to modbus server
[2025-03-01T08:32:29.248Z] ❌ Error reading register 1000 for IP 10.30.4.91: no connection to modbus server
[2025-03-01T08:32:29.248Z] Error reading actual data: no connection to modbus server
[2025-03-01T08:32:29.249Z] Error writing to Modbus register: no connection to modbus server
[2025-03-01T08:32:29.249Z] Error reading register 3105 for IP 10.30.4.91: no connection to modbus server
[2025-03-01T08:32:29.249Z] ❌ Error reading register 1000 for IP 10.30.4.91: no connection to modbus server
[2025-03-01T08:32:29.249Z] Error reading actual data: no connection to modbus server
[2025-03-01T08:32:29.395Z] Error writing to Modbus register: no connection to modbus server
[2025-03-01T08:32:29.410Z] Error reading register 3105 for IP 10.30.4.91: no connection to modbus server
[2025-03-01T08:32:29.411Z] ❌ Error reading register 1000 for IP 10.30.4.91: no connection to modbus server
[2025-03-01T08:32:29.411Z] Error reading actual data: no connection to modbus server
[2025-03-01T08:32:29.458Z] Error writing to Modbus register: no connection to modbus server
[2025-03-01T08:32:29.628Z] Error reading register 3105 for IP 10.30.4.91: no connection to modbus server
[2025-03-01T08:32:29.628Z] ❌ Error reading register 1000 for IP 10.30.4.91: no connection to modbus server
[2025-03-01T08:32:29.628Z] Error reading actual data: no connection to modbus server
[2025-03-01T08:32:29.644Z] Error writing to Modbus register: no connection to modbus server
[2025-03-01T08:32:30.094Z] Error reading register 3105 for IP 10.30.4.91: no connection to modbus server
[2025-03-01T08:32:30.095Z] ❌ Error reading register 1000 for IP 10.30.4.91: no connection to modbus server
[2025-03-01T08:32:30.096Z] Error reading actual data: no connection to modbus server
[2025-03-01T08:32:30.245Z] Error writing to Modbus register: no connection to modbus server
[2025-03-01T08:32:30.247Z] Error reading register 3105 for IP 10.30.4.91: no connection to modbus server
[2025-03-01T08:32:30.247Z] ❌ Error reading register 1000 for IP 10.30.4.91: no connection to modbus server
[2025-03-01T08:32:30.248Z] Error reading actual data: no connection to modbus server
[2025-03-01T08:32:30.249Z] Error writing to Modbus register: no connection to modbus server
[2025-03-01T08:32:30.250Z] Error reading register 3105 for IP 10.30.4.91: no connection to modbus server
[2025-03-01T08:32:30.250Z] ❌ Error reading register 1000 for IP 10.30.4.91: no connection to modbus server
[2025-03-01T08:32:30.250Z] Error reading actual data: no connection to modbus server
[2025-03-01T08:32:30.250Z] Error writing to Modbus register: no connection to modbus server
[2025-03-01T08:32:30.251Z] Error reading register 3105 for IP 10.30.4.91: no connection to modbus server
[2025-03-01T08:32:30.251Z] ❌ Error reading register 1000 for IP 10.30.4.91: no connection to modbus server
[2025-03-01T08:32:30.251Z] Error reading actual data: no connection to modbus server
[2025-03-01T08:32:30.410Z] Error writing to Modbus register: no connection to modbus server
[2025-03-01T08:32:30.412Z] Error reading register 3105 for IP 10.30.4.91: no connection to modbus server
[2025-03-01T08:32:30.412Z] ❌ Error reading register 1000 for IP 10.30.4.91: no connection to modbus server
[2025-03-01T08:32:30.413Z] Error reading actual data: no connection to modbus server
[2025-03-01T08:32:30.456Z] Error writing to Modbus register: no connection to modbus server
[2025-03-01T08:32:30.629Z] Error reading register 3105 for IP 10.30.4.91: no connection to modbus server
[2025-03-01T08:32:30.629Z] ❌ Error reading register 1000 for IP 10.30.4.91: no connection to modbus server
[2025-03-01T08:32:30.630Z] Error reading actual data: no connection to modbus server
[2025-03-01T08:32:30.645Z] Error writing to Modbus register: no connection to modbus server
[2025-03-01T08:32:31.096Z] Error reading register 3105 for IP 10.30.4.91: no connection to modbus server
[2025-03-01T08:32:31.096Z] ❌ Error reading register 1000 for IP 10.30.4.91: no connection to modbus server
[2025-03-01T08:32:31.097Z] Error reading actual data: no connection to modbus server
[2025-03-01T08:32:31.261Z] Error writing to Modbus register: no connection to modbus server
[2025-03-01T08:32:31.262Z] Error reading register 3105 for IP 10.30.4.91: no connection to modbus server
[2025-03-01T08:32:31.263Z] Error writing to Modbus register: no connection to modbus server
[2025-03-01T08:32:31.263Z] Error reading actual data: no connection to modbus server
[2025-03-01T08:32:31.266Z] Error reading register 3105 for IP 10.30.4.91: no connection to modbus server
[2025-03-01T08:32:31.266Z] ❌ Error reading register 1000 for IP 10.30.4.91: no connection to modbus server
[2025-03-01T08:32:31.266Z] Error writing to Modbus register: no connection to modbus server
[2025-03-01T08:32:31.262Z] ❌ Error reading register 1000 for IP 10.30.4.91: no connection to modbus server
[2025-03-01T08:32:31.266Z] Error reading actual data: no connection to modbus server
[2025-03-01T08:32:31.267Z] Error reading register 3105 for IP 10.30.4.91: no connection to modbus server
[2025-03-01T08:32:31.267Z] ❌ Error reading register 1000 for IP 10.30.4.91: no connection to modbus server
[2025-03-01T08:32:31.267Z] Error reading actual data: no connection to modbus server
[2025-03-01T08:32:31.420Z] Error writing to Modbus register: no connection to modbus server
[2025-03-01T08:32:31.420Z] Error reading register 3105 for IP 10.30.4.91: no connection to modbus server
[2025-03-01T08:32:31.420Z] ❌ Error reading register 1000 for IP 10.30.4.91: no connection to modbus server
[2025-03-01T08:32:31.420Z] Error reading actual data: no connection to modbus server
[2025-03-01T08:32:31.467Z] Error writing to Modbus register: no connection to modbus server
[2025-03-01T08:32:31.637Z] Error reading register 3105 for IP 10.30.4.91: no connection to modbus server
[2025-03-01T08:32:31.637Z] ❌ Error reading register 1000 for IP 10.30.4.91: no connection to modbus server
[2025-03-01T08:32:31.638Z] Error reading actual data: no connection to modbus server
[2025-03-01T08:32:31.652Z] Error writing to Modbus register: no connection to modbus server
[2025-03-01T08:32:32.097Z] Error reading register 3105 for IP 10.30.4.91: no connection to modbus server
[2025-03-01T08:32:32.098Z] ❌ Error reading register 1000 for IP 10.30.4.91: no connection to modbus server
[2025-03-01T08:32:32.098Z] Error reading actual data: no connection to modbus server
[2025-03-01T08:32:32.261Z] Error writing to Modbus register: no connection to modbus server
[2025-03-01T08:32:32.263Z] Error reading register 3105 for IP 10.30.4.91: no connection to modbus server
[2025-03-01T08:32:32.263Z] ❌ Error reading register 1000 for IP 10.30.4.91: no connection to modbus server
[2025-03-01T08:32:32.264Z] Error reading actual data: no connection to modbus server
[2025-03-01T08:32:32.265Z] Error writing to Modbus register: no connection to modbus server
[2025-03-01T08:32:32.267Z] Error reading register 3105 for IP 10.30.4.91: no connection to modbus server
[2025-03-01T08:32:32.267Z] ❌ Error reading register 1000 for IP 10.30.4.91: no connection to modbus server
[2025-03-01T08:32:32.267Z] Error reading actual data: no connection to modbus server
[2025-03-01T08:32:32.270Z] Error reading register 3105 for IP 10.30.4.91: no connection to modbus server
[2025-03-01T08:32:32.269Z] Error writing to Modbus register: no connection to modbus server
[2025-03-01T08:32:32.270Z] ❌ Error reading register 1000 for IP 10.30.4.91: no connection to modbus server
[2025-03-01T08:32:32.270Z] Error reading actual data: no connection to modbus server
[2025-03-01T08:32:32.427Z] Error writing to Modbus register: no connection to modbus server
[2025-03-01T08:32:32.428Z] Error reading register 3105 for IP 10.30.4.91: no connection to modbus server
[2025-03-01T08:32:32.429Z] ❌ Error reading register 1000 for IP 10.30.4.91: no connection to modbus server
[2025-03-01T08:32:32.429Z] Error reading actual data: no connection to modbus server
[2025-03-01T08:32:32.473Z] Error writing to Modbus register: no connection to modbus server
[2025-03-01T08:32:32.641Z] Error reading register 3105 for IP 10.30.4.91: no connection to modbus server
[2025-03-01T08:32:32.642Z] ❌ Error reading register 1000 for IP 10.30.4.91: no connection to modbus server
[2025-03-01T08:32:32.642Z] Error reading actual data: no connection to modbus server
[2025-03-01T08:32:32.661Z] Error writing to Modbus register: no connection to modbus server
[2025-03-01T08:32:33.100Z] Error reading register 3105 for IP 10.30.4.91: no connection to modbus server
[2025-03-01T08:32:33.100Z] ❌ Error reading register 1000 for IP 10.30.4.91: no connection to modbus server
[2025-03-01T08:32:33.100Z] Error reading actual data: no connection to modbus server
[2025-03-01T08:32:33.261Z] Error writing to Modbus register: no connection to modbus server
[2025-03-01T08:32:33.262Z] Error reading register 3105 for IP 10.30.4.91: no connection to modbus server
[2025-03-01T08:32:33.262Z] ❌ Error reading register 1000 for IP 10.30.4.91: no connection to modbus server
[2025-03-01T08:32:33.262Z] Error reading actual data: no connection to modbus server
[2025-03-01T08:32:33.278Z] Error writing to Modbus register: no connection to modbus server
[2025-03-01T08:32:33.279Z] Error reading register 3105 for IP 10.30.4.91: no connection to modbus server
[2025-03-01T08:32:33.280Z] ❌ Error reading register 1000 for IP 10.30.4.91: no connection to modbus server
[2025-03-01T08:32:33.280Z] Error reading actual data: no connection to modbus server
[2025-03-01T08:32:33.280Z] Error writing to Modbus register: no connection to modbus server
[2025-03-01T08:32:33.281Z] Error reading register 3105 for IP 10.30.4.91: no connection to modbus server
[2025-03-01T08:32:33.281Z] ❌ Error reading register 1000 for IP 10.30.4.91: no connection to modbus server
[2025-03-01T08:32:33.282Z] Error reading actual data: no connection to modbus server
[2025-03-01T08:32:33.428Z] Error writing to Modbus register: no connection to modbus server
[2025-03-01T08:32:33.429Z] Error reading register 3105 for IP 10.30.4.91: no connection to modbus server
[2025-03-01T08:32:33.430Z] ❌ Error reading register 1000 for IP 10.30.4.91: no connection to modbus server
[2025-03-01T08:32:33.430Z] Error reading actual data: no connection to modbus server
[2025-03-01T08:32:33.474Z] Error writing to Modbus register: no connection to modbus server
[2025-03-01T08:32:33.645Z] Error reading register 3105 for IP 10.30.4.91: no connection to modbus server
[2025-03-01T08:32:33.646Z] ❌ Error reading register 1000 for IP 10.30.4.91: no connection to modbus server
[2025-03-01T08:32:33.646Z] Error reading actual data: no connection to modbus server
[2025-03-01T08:32:33.677Z] Error writing to Modbus register: no connection to modbus server
[2025-03-01T08:32:34.114Z] Error reading register 3105 for IP 10.30.4.91: no connection to modbus server
[2025-03-01T08:32:34.115Z] ❌ Error reading register 1000 for IP 10.30.4.91: no connection to modbus server
[2025-03-01T08:32:34.115Z] Error reading actual data: no connection to modbus server
[2025-03-01T08:32:34.262Z] Error reading register 3105 for IP 10.30.4.91: no connection to modbus server
[2025-03-01T08:32:34.263Z] ❌ Error reading register 1000 for IP 10.30.4.91: no connection to modbus server
[2025-03-01T08:32:34.262Z] Error writing to Modbus register: no connection to modbus server
[2025-03-01T08:32:34.263Z] Error reading actual data: no connection to modbus server
[2025-03-01T08:32:34.294Z] Error writing to Modbus register: no connection to modbus server
[2025-03-01T08:32:34.295Z] ❌ Error reading register 1000 for IP 10.30.4.91: no connection to modbus server
[2025-03-01T08:32:34.295Z] Error reading actual data: no connection to modbus server
[2025-03-01T08:32:34.295Z] Error writing to Modbus register: no connection to modbus server
[2025-03-01T08:32:34.295Z] Error reading register 3105 for IP 10.30.4.91: no connection to modbus server
[2025-03-01T08:32:34.294Z] Error reading register 3105 for IP 10.30.4.91: no connection to modbus server
[2025-03-01T08:32:34.296Z] ❌ Error reading register 1000 for IP 10.30.4.91: no connection to modbus server
[2025-03-01T08:32:34.296Z] Error reading actual data: no connection to modbus server
[2025-03-01T08:32:34.429Z] Error writing to Modbus register: no connection to modbus server
[2025-03-01T08:32:34.429Z] Error reading register 3105 for IP 10.30.4.91: no connection to modbus server
[2025-03-01T08:32:34.429Z] ❌ Error reading register 1000 for IP 10.30.4.91: no connection to modbus server
[2025-03-01T08:32:34.429Z] Error reading actual data: no connection to modbus server
[2025-03-01T08:32:34.479Z] Error writing to Modbus register: no connection to modbus server
[2025-03-01T08:32:34.662Z] Error reading register 3105 for IP 10.30.4.91: no connection to modbus server
[2025-03-01T08:32:34.662Z] ❌ Error reading register 1000 for IP 10.30.4.91: no connection to modbus server
[2025-03-01T08:32:34.663Z] Error reading actual data: no connection to modbus server
[2025-03-01T08:32:34.679Z] Error writing to Modbus register: no connection to modbus server
[2025-03-01T08:32:35.115Z] Error reading register 3105 for IP 10.30.4.91: no connection to modbus server
[2025-03-01T08:32:35.116Z] ❌ Error reading register 1000 for IP 10.30.4.91: no connection to modbus server
[2025-03-01T08:32:35.116Z] Error reading actual data: no connection to modbus server
[2025-03-01T08:32:35.277Z] Error writing to Modbus register: no connection to modbus server
[2025-03-01T08:32:35.279Z] Error reading register 3105 for IP 10.30.4.91: no connection to modbus server
[2025-03-01T08:32:35.279Z] ❌ Error reading register 1000 for IP 10.30.4.91: no connection to modbus server
[2025-03-01T08:32:35.279Z] Error reading actual data: no connection to modbus server
[2025-03-01T08:32:35.294Z] Error reading register 3105 for IP 10.30.4.91: no connection to modbus server
[2025-03-01T08:32:35.295Z] ❌ Error reading register 1000 for IP 10.30.4.91: no connection to modbus server
[2025-03-01T08:32:35.295Z] Error reading actual data: no connection to modbus server
[2025-03-01T08:32:35.294Z] Error writing to Modbus register: no connection to modbus server
[2025-03-01T08:32:35.295Z] Error writing to Modbus register: no connection to modbus server
[2025-03-01T08:32:35.295Z] Error reading register 3105 for IP 10.30.4.91: no connection to modbus server
[2025-03-01T08:32:35.296Z] Error reading actual data: no connection to modbus server
[2025-03-01T08:32:35.295Z] ❌ Error reading register 1000 for IP 10.30.4.91: no connection to modbus server
[2025-03-01T08:32:35.443Z] Error writing to Modbus register: no connection to modbus server
[2025-03-01T08:32:35.443Z] Error reading register 3105 for IP 10.30.4.91: no connection to modbus server
[2025-03-01T08:32:35.443Z] ❌ Error reading register 1000 for IP 10.30.4.91: no connection to modbus server
[2025-03-01T08:32:35.444Z] Error reading actual data: no connection to modbus server
[2025-03-01T08:32:35.480Z] Error writing to Modbus register: no connection to modbus server
[2025-03-01T08:32:35.676Z] Error reading register 3105 for IP 10.30.4.91: no connection to modbus server
[2025-03-01T08:32:35.676Z] ❌ Error reading register 1000 for IP 10.30.4.91: no connection to modbus server
[2025-03-01T08:32:35.676Z] Error reading actual data: no connection to modbus server
[2025-03-01T08:32:35.693Z] Error writing to Modbus register: no connection to modbus server
[2025-03-01T08:32:36.125Z] Error reading register 3105 for IP 10.30.4.91: no connection to modbus server
[2025-03-01T08:32:36.125Z] ❌ Error reading register 1000 for IP 10.30.4.91: no connection to modbus server
[2025-03-01T08:32:36.125Z] Error reading actual data: no connection to modbus server
[2025-03-01T08:32:36.278Z] Error reading register 3105 for IP 10.30.4.91: no connection to modbus server
[2025-03-01T08:32:36.278Z] ❌ Error reading register 1000 for IP 10.30.4.91: no connection to modbus server
[2025-03-01T08:32:36.278Z] Error reading actual data: no connection to modbus server
[2025-03-01T08:32:36.277Z] Error writing to Modbus register: no connection to modbus server
[2025-03-01T08:32:36.294Z] Error writing to Modbus register: no connection to modbus server
[2025-03-01T08:32:36.294Z] Error reading register 3105 for IP 10.30.4.91: no connection to modbus server
[2025-03-01T08:32:36.295Z] ❌ Error reading register 1000 for IP 10.30.4.91: no connection to modbus server
[2025-03-01T08:32:36.295Z] Error reading actual data: no connection to modbus server
[2025-03-01T08:32:36.295Z] Error writing to Modbus register: no connection to modbus server
[2025-03-01T08:32:36.295Z] Error reading register 3105 for IP 10.30.4.91: no connection to modbus server
[2025-03-01T08:32:36.295Z] ❌ Error reading register 1000 for IP 10.30.4.91: no connection to modbus server
[2025-03-01T08:32:36.296Z] Error reading actual data: no connection to modbus server
[2025-03-01T08:32:36.444Z] Error writing to Modbus register: no connection to modbus server
[2025-03-01T08:32:36.444Z] Error reading register 3105 for IP 10.30.4.91: no connection to modbus server
[2025-03-01T08:32:36.445Z] ❌ Error reading register 1000 for IP 10.30.4.91: no connection to modbus server
[2025-03-01T08:32:36.445Z] Error reading actual data: no connection to modbus server
[2025-03-01T08:32:36.492Z] Error writing to Modbus register: no connection to modbus server
[2025-03-01T08:32:36.676Z] Error reading register 3105 for IP 10.30.4.91: no connection to modbus server
[2025-03-01T08:32:36.676Z] ❌ Error reading register 1000 for IP 10.30.4.91: no connection to modbus server
[2025-03-01T08:32:36.676Z] Error reading actual data: no connection to modbus server
[2025-03-01T08:32:36.694Z] Error writing to Modbus register: no connection to modbus server
[2025-03-01T08:32:37.126Z] Error reading register 3105 for IP 10.30.4.91: no connection to modbus server
[2025-03-01T08:32:37.126Z] ❌ Error reading register 1000 for IP 10.30.4.91: no connection to modbus server
[2025-03-01T08:32:37.126Z] Error reading actual data: no connection to modbus server
[2025-03-01T08:32:37.293Z] Error writing to Modbus register: no connection to modbus server
[2025-03-01T08:32:37.294Z] Error reading register 3105 for IP 10.30.4.91: no connection to modbus server
[2025-03-01T08:32:37.294Z] ❌ Error reading register 1000 for IP 10.30.4.91: no connection to modbus server
[2025-03-01T08:32:37.294Z] Error reading actual data: no connection to modbus server
[2025-03-01T08:32:37.294Z] Error writing to Modbus register: no connection to modbus server
[2025-03-01T08:32:37.295Z] Error reading register 3105 for IP 10.30.4.91: no connection to modbus server
[2025-03-01T08:32:37.295Z] ❌ Error reading register 1000 for IP 10.30.4.91: no connection to modbus server
[2025-03-01T08:32:37.295Z] Error reading actual data: no connection to modbus server
[2025-03-01T08:32:37.295Z] Error writing to Modbus register: no connection to modbus server
[2025-03-01T08:32:37.296Z] Error reading register 3105 for IP 10.30.4.91: no connection to modbus server
[2025-03-01T08:32:37.297Z] ❌ Error reading register 1000 for IP 10.30.4.91: no connection to modbus server
[2025-03-01T08:32:37.297Z] Error reading actual data: no connection to modbus server
[2025-03-01T08:32:37.444Z] Error writing to Modbus register: no connection to modbus server
[2025-03-01T08:32:37.445Z] Error reading register 3105 for IP 10.30.4.91: no connection to modbus server
[2025-03-01T08:32:37.445Z] Error reading actual data: no connection to modbus server
[2025-03-01T08:32:37.445Z] ❌ Error reading register 1000 for IP 10.30.4.91: no connection to modbus server
[2025-03-01T08:32:37.494Z] Error writing to Modbus register: no connection to modbus server
[2025-03-01T08:32:37.676Z] ❌ Error reading register 1000 for IP 10.30.4.91: no connection to modbus server
[2025-03-01T08:32:37.676Z] Error reading register 3105 for IP 10.30.4.91: no connection to modbus server
[2025-03-01T08:32:37.676Z] Error reading actual data: no connection to modbus server
[2025-03-01T08:32:37.694Z] Error writing to Modbus register: no connection to modbus server
[2025-03-01T08:32:38.127Z] Error reading register 3105 for IP 10.30.4.91: no connection to modbus server
[2025-03-01T08:32:38.128Z] ❌ Error reading register 1000 for IP 10.30.4.91: no connection to modbus server
[2025-03-01T08:32:38.128Z] Error reading actual data: no connection to modbus server
[2025-03-01T08:32:38.292Z] Error writing to Modbus register: no connection to modbus server
[2025-03-01T08:32:38.294Z] Error reading register 3105 for IP 10.30.4.91: no connection to modbus server
[2025-03-01T08:32:38.294Z] ❌ Error reading register 1000 for IP 10.30.4.91: no connection to modbus server
[2025-03-01T08:32:38.294Z] Error reading actual data: no connection to modbus server
[2025-03-01T08:32:38.295Z] Error writing to Modbus register: no connection to modbus server
[2025-03-01T08:32:38.295Z] Error reading register 3105 for IP 10.30.4.91: no connection to modbus server
[2025-03-01T08:32:38.295Z] ❌ Error reading register 1000 for IP 10.30.4.91: no connection to modbus server
[2025-03-01T08:32:38.295Z] Error reading actual data: no connection to modbus server
[2025-03-01T08:32:38.296Z] Error writing to Modbus register: no connection to modbus server
[2025-03-01T08:32:38.296Z] Error reading register 3105 for IP 10.30.4.91: no connection to modbus server
[2025-03-01T08:32:38.297Z] ❌ Error reading register 1000 for IP 10.30.4.91: no connection to modbus server
[2025-03-01T08:32:38.297Z] Error reading actual data: no connection to modbus server
[2025-03-01T08:32:38.444Z] Error writing to Modbus register: no connection to modbus server
[2025-03-01T08:32:38.444Z] Error reading register 3105 for IP 10.30.4.91: no connection to modbus server
[2025-03-01T08:32:38.444Z] ❌ Error reading register 1000 for IP 10.30.4.91: no connection to modbus server
[2025-03-01T08:32:38.444Z] Error reading actual data: no connection to modbus server
[2025-03-01T08:32:38.494Z] Error writing to Modbus register: no connection to modbus server
[2025-03-01T08:32:38.678Z] ❌ Error reading register 1000 for IP 10.30.4.91: no connection to modbus server
[2025-03-01T08:32:38.678Z] Error reading actual data: no connection to modbus server
[2025-03-01T08:32:38.678Z] Error reading register 3105 for IP 10.30.4.91: no connection to modbus server
[2025-03-01T08:32:38.694Z] Error writing to Modbus register: no connection to modbus server
[2025-03-01T08:32:39.127Z] Error reading register 3105 for IP 10.30.4.91: no connection to modbus server
[2025-03-01T08:32:39.127Z] ❌ Error reading register 1000 for IP 10.30.4.91: no connection to modbus server
[2025-03-01T08:32:39.127Z] Error reading actual data: no connection to modbus server
[2025-03-01T08:32:39.308Z] Error reading register 3105 for IP 10.30.4.91: no connection to modbus server
[2025-03-01T08:32:39.307Z] Error writing to Modbus register: no connection to modbus server
[2025-03-01T08:32:39.308Z] ❌ Error reading register 1000 for IP 10.30.4.91: no connection to modbus server
[2025-03-01T08:32:39.308Z] Error reading actual data: no connection to modbus server
[2025-03-01T08:32:39.308Z] Error writing to Modbus register: no connection to modbus server
[2025-03-01T08:32:39.309Z] Error reading register 3105 for IP 10.30.4.91: no connection to modbus server
[2025-03-01T08:32:39.309Z] ❌ Error reading register 1000 for IP 10.30.4.91: no connection to modbus server
[2025-03-01T08:32:39.309Z] Error reading actual data: no connection to modbus server
[2025-03-01T08:32:39.309Z] Error writing to Modbus register: no connection to modbus server
[2025-03-01T08:32:39.310Z] Error reading register 3105 for IP 10.30.4.91: no connection to modbus server
[2025-03-01T08:32:39.310Z] ❌ Error reading register 1000 for IP 10.30.4.91: no connection to modbus server
[2025-03-01T08:32:39.310Z] Error reading actual data: no connection to modbus server
[2025-03-01T08:32:39.444Z] Error writing to Modbus register: no connection to modbus server
[2025-03-01T08:32:39.444Z] Error reading register 3105 for IP 10.30.4.91: no connection to modbus server
[2025-03-01T08:32:39.444Z] ❌ Error reading register 1000 for IP 10.30.4.91: no connection to modbus server
[2025-03-01T08:32:39.444Z] Error reading actual data: no connection to modbus server
[2025-03-01T08:32:39.495Z] Error writing to Modbus register: no connection to modbus server
[2025-03-01T08:32:39.677Z] Error reading register 3105 for IP 10.30.4.91: no connection to modbus server
[2025-03-01T08:32:39.677Z] ❌ Error reading register 1000 for IP 10.30.4.91: no connection to modbus server
[2025-03-01T08:32:39.677Z] Error reading actual data: no connection to modbus server
[2025-03-01T08:32:39.695Z] Error writing to Modbus register: no connection to modbus server
[2025-03-01T08:32:40.127Z] Error reading register 3105 for IP 10.30.4.91: no connection to modbus server
[2025-03-01T08:32:40.127Z] ❌ Error reading register 1000 for IP 10.30.4.91: no connection to modbus server
[2025-03-01T08:32:40.127Z] Error reading actual data: no connection to modbus server
[2025-03-01T08:32:40.310Z] Error writing to Modbus register: no connection to modbus server
[2025-03-01T08:32:40.310Z] Error reading register 3105 for IP 10.30.4.91: no connection to modbus server
[2025-03-01T08:32:40.310Z] ❌ Error reading register 1000 for IP 10.30.4.91: no connection to modbus server
[2025-03-01T08:32:40.310Z] Error reading actual data: no connection to modbus server
[2025-03-01T08:32:40.311Z] Error writing to Modbus register: no connection to modbus server
[2025-03-01T08:32:40.311Z] Error reading register 3105 for IP 10.30.4.91: no connection to modbus server
[2025-03-01T08:32:40.311Z] ❌ Error reading register 1000 for IP 10.30.4.91: no connection to modbus server
[2025-03-01T08:32:40.311Z] Error reading actual data: no connection to modbus server
[2025-03-01T08:32:40.311Z] Error writing to Modbus register: no connection to modbus server
[2025-03-01T08:32:40.312Z] Error reading register 3105 for IP 10.30.4.91: no connection to modbus server
[2025-03-01T08:32:40.312Z] ❌ Error reading register 1000 for IP 10.30.4.91: no connection to modbus server
[2025-03-01T08:32:40.312Z] Error reading actual data: no connection to modbus server
[2025-03-01T08:32:40.453Z] Error writing to Modbus register: no connection to modbus server
[2025-03-01T08:32:40.454Z] Error reading register 3105 for IP 10.30.4.91: no connection to modbus server
[2025-03-01T08:32:40.454Z] Error reading actual data: no connection to modbus server
[2025-03-01T08:32:40.454Z] ❌ Error reading register 1000 for IP 10.30.4.91: no connection to modbus server
[2025-03-01T08:32:40.494Z] Error writing to Modbus register: no connection to modbus server
[2025-03-01T08:32:40.691Z] Error reading register 3105 for IP 10.30.4.91: no connection to modbus server
[2025-03-01T08:32:40.691Z] ❌ Error reading register 1000 for IP 10.30.4.91: no connection to modbus server
[2025-03-01T08:32:40.692Z] Error reading actual data: no connection to modbus server
[2025-03-01T08:32:40.709Z] Error writing to Modbus register: no connection to modbus server
[2025-03-01T08:32:41.127Z] Error reading register 3105 for IP 10.30.4.91: no connection to modbus server
[2025-03-01T08:32:41.127Z] ❌ Error reading register 1000 for IP 10.30.4.91: no connection to modbus server
[2025-03-01T08:32:41.127Z] Error reading actual data: no connection to modbus server
[2025-03-01T08:32:41.310Z] Error writing to Modbus register: no connection to modbus server
[2025-03-01T08:32:41.311Z] Error reading register 3105 for IP 10.30.4.91: no connection to modbus server
[2025-03-01T08:32:41.311Z] ❌ Error reading register 1000 for IP 10.30.4.91: no connection to modbus server
[2025-03-01T08:32:41.311Z] Error reading actual data: no connection to modbus server
[2025-03-01T08:32:41.312Z] Error writing to Modbus register: no connection to modbus server
[2025-03-01T08:32:41.312Z] Error reading register 3105 for IP 10.30.4.91: no connection to modbus server
[2025-03-01T08:32:41.313Z] ❌ Error reading register 1000 for IP 10.30.4.91: no connection to modbus server
[2025-03-01T08:32:41.314Z] ❌ Error reading register 1000 for IP 10.30.4.91: no connection to modbus server
[2025-03-01T08:32:41.314Z] Error reading actual data: no connection to modbus server
[2025-03-01T08:32:41.313Z] Error writing to Modbus register: no connection to modbus server
[2025-03-01T08:32:41.313Z] Error reading actual data: no connection to modbus server
[2025-03-01T08:32:41.313Z] Error reading register 3105 for IP 10.30.4.91: no connection to modbus server
[2025-03-01T08:32:41.459Z] Error writing to Modbus register: no connection to modbus server
[2025-03-01T08:32:41.460Z] Error reading register 3105 for IP 10.30.4.91: no connection to modbus server
[2025-03-01T08:32:41.460Z] ❌ Error reading register 1000 for IP 10.30.4.91: no connection to modbus server
[2025-03-01T08:32:41.460Z] Error reading actual data: no connection to modbus server
[2025-03-01T08:32:41.493Z] Error writing to Modbus register: no connection to modbus server
[2025-03-01T08:32:41.693Z] Error reading register 3105 for IP 10.30.4.91: no connection to modbus server
[2025-03-01T08:32:41.693Z] ❌ Error reading register 1000 for IP 10.30.4.91: no connection to modbus server
[2025-03-01T08:32:41.694Z] Error reading actual data: no connection to modbus server
[2025-03-01T08:32:41.710Z] Error writing to Modbus register: no connection to modbus server
[2025-03-01T08:32:42.127Z] Error reading register 3105 for IP 10.30.4.91: no connection to modbus server
[2025-03-01T08:32:42.127Z] ❌ Error reading register 1000 for IP 10.30.4.91: no connection to modbus server
[2025-03-01T08:32:42.127Z] Error reading actual data: no connection to modbus server
[2025-03-01T08:32:42.310Z] Error writing to Modbus register: no connection to modbus server
[2025-03-01T08:32:42.311Z] Error reading register 3105 for IP 10.30.4.91: no connection to modbus server
[2025-03-01T08:32:42.311Z] ❌ Error reading register 1000 for IP 10.30.4.91: no connection to modbus server
[2025-03-01T08:32:42.311Z] Error reading actual data: no connection to modbus server
[2025-03-01T08:32:42.312Z] Error writing to Modbus register: no connection to modbus server
[2025-03-01T08:32:42.313Z] Error reading register 3105 for IP 10.30.4.91: no connection to modbus server
[2025-03-01T08:32:42.313Z] ❌ Error reading register 1000 for IP 10.30.4.91: no connection to modbus server
[2025-03-01T08:32:42.313Z] Error reading actual data: no connection to modbus server
[2025-03-01T08:32:42.313Z] Error writing to Modbus register: no connection to modbus server
[2025-03-01T08:32:42.313Z] Error reading register 3105 for IP 10.30.4.91: no connection to modbus server
[2025-03-01T08:32:42.314Z] Error reading actual data: no connection to modbus server
[2025-03-01T08:32:42.314Z] ❌ Error reading register 1000 for IP 10.30.4.91: no connection to modbus server
[2025-03-01T08:32:42.460Z] Error writing to Modbus register: no connection to modbus server
[2025-03-01T08:32:42.460Z] Error reading register 3105 for IP 10.30.4.91: no connection to modbus server
[2025-03-01T08:32:42.461Z] ❌ Error reading register 1000 for IP 10.30.4.91: no connection to modbus server
[2025-03-01T08:32:42.461Z] Error reading actual data: no connection to modbus server
[2025-03-01T08:32:42.508Z] Error writing to Modbus register: no connection to modbus server
[2025-03-01T08:32:42.708Z] Error reading register 3105 for IP 10.30.4.91: no connection to modbus server
[2025-03-01T08:32:42.708Z] ❌ Error reading register 1000 for IP 10.30.4.91: no connection to modbus server
[2025-03-01T08:32:42.708Z] Error reading actual data: no connection to modbus server
[2025-03-01T08:32:42.710Z] Error writing to Modbus register: no connection to modbus server
[2025-03-01T08:32:43.129Z] Error reading register 3105 for IP 10.30.4.91: no connection to modbus server
[2025-03-01T08:32:43.129Z] ❌ Error reading register 1000 for IP 10.30.4.91: no connection to modbus server
[2025-03-01T08:32:43.129Z] Error reading actual data: no connection to modbus server
[2025-03-01T08:32:43.310Z] Error writing to Modbus register: no connection to modbus server
[2025-03-01T08:32:43.310Z] Error reading register 3105 for IP 10.30.4.91: no connection to modbus server
[2025-03-01T08:32:43.310Z] ❌ Error reading register 1000 for IP 10.30.4.91: no connection to modbus server
[2025-03-01T08:32:43.311Z] Error reading actual data: no connection to modbus server
[2025-03-01T08:32:43.325Z] Error writing to Modbus register: no connection to modbus server
[2025-03-01T08:32:43.326Z] Error reading register 3105 for IP 10.30.4.91: no connection to modbus server
[2025-03-01T08:32:43.326Z] ❌ Error reading register 1000 for IP 10.30.4.91: no connection to modbus server
[2025-03-01T08:32:43.326Z] Error reading register 3105 for IP 10.30.4.91: no connection to modbus server
[2025-03-01T08:32:43.326Z] Error reading actual data: no connection to modbus server
[2025-03-01T08:32:43.326Z] Error writing to Modbus register: no connection to modbus server
[2025-03-01T08:32:43.327Z] ❌ Error reading register 1000 for IP 10.30.4.91: no connection to modbus server
[2025-03-01T08:32:43.327Z] Error reading actual data: no connection to modbus server
[2025-03-01T08:32:43.477Z] Error reading register 3105 for IP 10.30.4.91: no connection to modbus server
[2025-03-01T08:32:43.477Z] ❌ Error reading register 1000 for IP 10.30.4.91: no connection to modbus server
[2025-03-01T08:32:43.476Z] Error writing to Modbus register: no connection to modbus server
[2025-03-01T08:32:43.477Z] Error reading actual data: no connection to modbus server
[2025-03-01T08:32:43.510Z] Error writing to Modbus register: no connection to modbus server
[2025-03-01T08:32:43.709Z] Error reading register 3105 for IP 10.30.4.91: no connection to modbus server
[2025-03-01T08:32:43.710Z] ❌ Error reading register 1000 for IP 10.30.4.91: no connection to modbus server
[2025-03-01T08:32:43.710Z] Error reading actual data: no connection to modbus server
[2025-03-01T08:32:43.710Z] Error writing to Modbus register: no connection to modbus server
[2025-03-01T08:32:44.129Z] Error reading register 3105 for IP 10.30.4.91: no connection to modbus server
[2025-03-01T08:32:44.129Z] ❌ Error reading register 1000 for IP 10.30.4.91: no connection to modbus server
[2025-03-01T08:32:44.129Z] Error reading actual data: no connection to modbus server
[2025-03-01T08:32:44.325Z] Error writing to Modbus register: no connection to modbus server
[2025-03-01T08:32:44.326Z] Error reading register 3105 for IP 10.30.4.91: no connection to modbus server
[2025-03-01T08:32:44.326Z] ❌ Error reading register 1000 for IP 10.30.4.91: no connection to modbus server
[2025-03-01T08:32:44.327Z] Error writing to Modbus register: no connection to modbus server
[2025-03-01T08:32:44.326Z] Error reading actual data: no connection to modbus server
[2025-03-01T08:32:44.327Z] Error reading register 3105 for IP 10.30.4.91: no connection to modbus server
[2025-03-01T08:32:44.327Z] ❌ Error reading register 1000 for IP 10.30.4.91: no connection to modbus server
[2025-03-01T08:32:44.327Z] Error reading actual data: no connection to modbus server
[2025-03-01T08:32:44.328Z] Error writing to Modbus register: no connection to modbus server
[2025-03-01T08:32:44.328Z] Error reading register 3105 for IP 10.30.4.91: no connection to modbus server
[2025-03-01T08:32:44.328Z] ❌ Error reading register 1000 for IP 10.30.4.91: no connection to modbus server
[2025-03-01T08:32:44.328Z] Error reading actual data: no connection to modbus server
[2025-03-01T08:32:44.486Z] Error writing to Modbus register: no connection to modbus server
[2025-03-01T08:32:44.487Z] Error reading register 3105 for IP 10.30.4.91: no connection to modbus server
[2025-03-01T08:32:44.487Z] ❌ Error reading register 1000 for IP 10.30.4.91: no connection to modbus server
[2025-03-01T08:32:44.487Z] Error reading actual data: no connection to modbus server
[2025-03-01T08:32:44.510Z] Error writing to Modbus register: no connection to modbus server
[2025-03-01T08:32:44.710Z] Error reading register 3105 for IP 10.30.4.91: no connection to modbus server
[2025-03-01T08:32:44.710Z] ❌ Error reading register 1000 for IP 10.30.4.91: no connection to modbus server
[2025-03-01T08:32:44.710Z] Error reading actual data: no connection to modbus server
[2025-03-01T08:32:44.710Z] Error writing to Modbus register: no connection to modbus server
[2025-03-01T08:32:45.141Z] Error reading register 3105 for IP 10.30.4.91: no connection to modbus server
[2025-03-01T08:32:45.141Z] ❌ Error reading register 1000 for IP 10.30.4.91: no connection to modbus server
[2025-03-01T08:32:45.142Z] Error reading actual data: no connection to modbus server
[2025-03-01T08:32:45.327Z] Error writing to Modbus register: no connection to modbus server
[2025-03-01T08:32:45.328Z] Error reading register 3105 for IP 10.30.4.91: no connection to modbus server
[2025-03-01T08:32:45.328Z] ❌ Error reading register 1000 for IP 10.30.4.91: no connection to modbus server
[2025-03-01T08:32:45.328Z] Error reading actual data: no connection to modbus server
[2025-03-01T08:32:45.328Z] Error writing to Modbus register: no connection to modbus server
[2025-03-01T08:32:45.329Z] Error reading register 3105 for IP 10.30.4.91: no connection to modbus server
[2025-03-01T08:32:45.329Z] ❌ Error reading register 1000 for IP 10.30.4.91: no connection to modbus server
[2025-03-01T08:32:45.329Z] Error reading actual data: no connection to modbus server
[2025-03-01T08:32:45.330Z] Error writing to Modbus register: no connection to modbus server
[2025-03-01T08:32:45.330Z] Error reading register 3105 for IP 10.30.4.91: no connection to modbus server
[2025-03-01T08:32:45.330Z] ❌ Error reading register 1000 for IP 10.30.4.91: no connection to modbus server
[2025-03-01T08:32:45.331Z] Error reading actual data: no connection to modbus server
[2025-03-01T08:32:45.489Z] Error writing to Modbus register: no connection to modbus server
[2025-03-01T08:32:45.489Z] Error reading register 3105 for IP 10.30.4.91: no connection to modbus server
[2025-03-01T08:32:45.489Z] ❌ Error reading register 1000 for IP 10.30.4.91: no connection to modbus server
[2025-03-01T08:32:45.490Z] Error reading actual data: no connection to modbus server
[2025-03-01T08:32:45.510Z] Error writing to Modbus register: no connection to modbus server
[2025-03-01T08:32:45.711Z] Error reading register 3105 for IP 10.30.4.91: no connection to modbus server
[2025-03-01T08:32:45.711Z] Error reading actual data: no connection to modbus server
[2025-03-01T08:32:45.711Z] ❌ Error reading register 1000 for IP 10.30.4.91: no connection to modbus server
[2025-03-01T08:32:45.711Z] Error writing to Modbus register: no connection to modbus server
[2025-03-01T08:32:46.154Z] Error reading register 3105 for IP 10.30.4.91: no connection to modbus server
[2025-03-01T08:32:46.154Z] ❌ Error reading register 1000 for IP 10.30.4.91: no connection to modbus server
[2025-03-01T08:32:46.154Z] Error reading actual data: no connection to modbus server
[2025-03-01T08:32:46.332Z] Error writing to Modbus register: no connection to modbus server
[2025-03-01T08:32:46.333Z] Error reading register 3105 for IP 10.30.4.91: no connection to modbus server
[2025-03-01T08:32:46.333Z] ❌ Error reading register 1000 for IP 10.30.4.91: no connection to modbus server
[2025-03-01T08:32:46.334Z] Error writing to Modbus register: no connection to modbus server
[2025-03-01T08:32:46.333Z] Error reading actual data: no connection to modbus server
[2025-03-01T08:32:46.334Z] Error reading register 3105 for IP 10.30.4.91: no connection to modbus server
[2025-03-01T08:32:46.334Z] ❌ Error reading register 1000 for IP 10.30.4.91: no connection to modbus server
[2025-03-01T08:32:46.335Z] Error reading actual data: no connection to modbus server
[2025-03-01T08:32:46.335Z] Error writing to Modbus register: no connection to modbus server
[2025-03-01T08:32:46.336Z] Error reading register 3105 for IP 10.30.4.91: no connection to modbus server
[2025-03-01T08:32:46.336Z] ❌ Error reading register 1000 for IP 10.30.4.91: no connection to modbus server
[2025-03-01T08:32:46.336Z] Error reading actual data: no connection to modbus server
[2025-03-01T08:32:46.491Z] Error writing to Modbus register: no connection to modbus server
[2025-03-01T08:32:46.491Z] Error reading register 3105 for IP 10.30.4.91: no connection to modbus server
[2025-03-01T08:32:46.491Z] ❌ Error reading register 1000 for IP 10.30.4.91: no connection to modbus server
[2025-03-01T08:32:46.491Z] Error reading actual data: no connection to modbus server
[2025-03-01T08:32:46.522Z] Error writing to Modbus register: no connection to modbus server
[2025-03-01T08:32:46.718Z] Error reading register 3105 for IP 10.30.4.91: no connection to modbus server
[2025-03-01T08:32:46.719Z] ❌ Error reading register 1000 for IP 10.30.4.91: no connection to modbus server
[2025-03-01T08:32:46.719Z] Error reading actual data: no connection to modbus server
[2025-03-01T08:32:46.719Z] Error writing to Modbus register: no connection to modbus server
[2025-03-01T08:32:47.159Z] Error reading register 3105 for IP 10.30.4.91: no connection to modbus server
[2025-03-01T08:32:47.159Z] Error reading actual data: no connection to modbus server
[2025-03-01T08:32:47.159Z] ❌ Error reading register 1000 for IP 10.30.4.91: no connection to modbus server
[2025-03-01T08:32:47.340Z] Error writing to Modbus register: no connection to modbus server
[2025-03-01T08:32:47.341Z] Error reading register 3105 for IP 10.30.4.91: no connection to modbus server
[2025-03-01T08:32:47.341Z] ❌ Error reading register 1000 for IP 10.30.4.91: no connection to modbus server
[2025-03-01T08:32:47.341Z] Error reading actual data: no connection to modbus server
[2025-03-01T08:32:47.341Z] Error writing to Modbus register: no connection to modbus server
[2025-03-01T08:32:47.342Z] Error reading register 3105 for IP 10.30.4.91: no connection to modbus server
[2025-03-01T08:32:47.342Z] ❌ Error reading register 1000 for IP 10.30.4.91: no connection to modbus server
[2025-03-01T08:32:47.342Z] Error reading actual data: no connection to modbus server
[2025-03-01T08:32:47.342Z] Error writing to Modbus register: no connection to modbus server
[2025-03-01T08:32:47.342Z] Error reading register 3105 for IP 10.30.4.91: no connection to modbus server
[2025-03-01T08:32:47.342Z] ❌ Error reading register 1000 for IP 10.30.4.91: no connection to modbus server
[2025-03-01T08:32:47.342Z] Error reading actual data: no connection to modbus server
[2025-03-01T08:32:47.495Z] Error writing to Modbus register: no connection to modbus server
[2025-03-01T08:32:47.496Z] Error reading register 3105 for IP 10.30.4.91: no connection to modbus server
[2025-03-01T08:32:47.497Z] ❌ Error reading register 1000 for IP 10.30.4.91: no connection to modbus server
[2025-03-01T08:32:47.497Z] Error reading actual data: no connection to modbus server
[2025-03-01T08:32:47.526Z] Error writing to Modbus register: no connection to modbus server
[2025-03-01T08:32:47.721Z] ❌ Error reading register 1000 for IP 10.30.4.91: no connection to modbus server
[2025-03-01T08:32:47.721Z] Error reading register 3105 for IP 10.30.4.91: no connection to modbus server
[2025-03-01T08:32:47.721Z] Error reading actual data: no connection to modbus server
[2025-03-01T08:32:47.721Z] Error writing to Modbus register: no connection to modbus server
[2025-03-01T08:32:48.160Z] Error reading register 3105 for IP 10.30.4.91: no connection to modbus server
[2025-03-01T08:32:48.160Z] ❌ Error reading register 1000 for IP 10.30.4.91: no connection to modbus server
[2025-03-01T08:32:48.160Z] Error reading actual data: no connection to modbus server
[2025-03-01T08:32:48.345Z] Error writing to Modbus register: no connection to modbus server
[2025-03-01T08:32:48.346Z] ❌ Error reading register 1000 for IP 10.30.4.91: no connection to modbus server
[2025-03-01T08:32:48.346Z] Error reading register 3105 for IP 10.30.4.91: no connection to modbus server
[2025-03-01T08:32:48.346Z] Error reading actual data: no connection to modbus server
[2025-03-01T08:32:48.346Z] Error writing to Modbus register: no connection to modbus server
[2025-03-01T08:32:48.347Z] Error reading register 3105 for IP 10.30.4.91: no connection to modbus server
[2025-03-01T08:32:48.347Z] ❌ Error reading register 1000 for IP 10.30.4.91: no connection to modbus server
[2025-03-01T08:32:48.347Z] Error reading actual data: no connection to modbus server
[2025-03-01T08:32:48.347Z] Error writing to Modbus register: no connection to modbus server
[2025-03-01T08:32:48.347Z] Error reading register 3105 for IP 10.30.4.91: no connection to modbus server
[2025-03-01T08:32:48.348Z] ❌ Error reading register 1000 for IP 10.30.4.91: no connection to modbus server
[2025-03-01T08:32:48.348Z] Error reading actual data: no connection to modbus server
[2025-03-01T08:32:48.496Z] Error writing to Modbus register: no connection to modbus server
[2025-03-01T08:32:48.497Z] Error reading register 3105 for IP 10.30.4.91: no connection to modbus server
[2025-03-01T08:32:48.497Z] ❌ Error reading register 1000 for IP 10.30.4.91: no connection to modbus server
[2025-03-01T08:32:48.498Z] Error reading actual data: no connection to modbus server
[2025-03-01T08:32:48.533Z] Error writing to Modbus register: no connection to modbus server
[2025-03-01T08:32:48.745Z] ❌ Error reading register 1000 for IP 10.30.4.91: no connection to modbus server
[2025-03-01T08:32:48.746Z] Error writing to Modbus register: no connection to modbus server
[2025-03-01T08:32:48.744Z] Error reading register 3105 for IP 10.30.4.91: no connection to modbus server
[2025-03-01T08:32:48.745Z] Error reading actual data: no connection to modbus server
[2025-03-01T08:32:49.171Z] Error reading register 3105 for IP 10.30.4.91: no connection to modbus server
[2025-03-01T08:32:49.171Z] ❌ Error reading register 1000 for IP 10.30.4.91: no connection to modbus server
[2025-03-01T08:32:49.172Z] Error reading actual data: no connection to modbus server
[2025-03-01T08:32:49.357Z] Error writing to Modbus register: no connection to modbus server
[2025-03-01T08:32:49.357Z] Error reading register 3105 for IP 10.30.4.91: no connection to modbus server
[2025-03-01T08:32:49.357Z] ❌ Error reading register 1000 for IP 10.30.4.91: no connection to modbus server
[2025-03-01T08:32:49.357Z] Error reading actual data: no connection to modbus server
[2025-03-01T08:32:49.358Z] Error writing to Modbus register: no connection to modbus server
[2025-03-01T08:32:49.358Z] Error reading register 3105 for IP 10.30.4.91: no connection to modbus server
[2025-03-01T08:32:49.358Z] ❌ Error reading register 1000 for IP 10.30.4.91: no connection to modbus server
[2025-03-01T08:32:49.359Z] Error writing to Modbus register: no connection to modbus server
[2025-03-01T08:32:49.359Z] Error reading register 3105 for IP 10.30.4.91: no connection to modbus server
[2025-03-01T08:32:49.359Z] ❌ Error reading register 1000 for IP 10.30.4.91: no connection to modbus server
[2025-03-01T08:32:49.358Z] Error reading actual data: no connection to modbus server
[2025-03-01T08:32:49.359Z] Error reading actual data: no connection to modbus server
[2025-03-01T08:32:49.510Z] Error writing to Modbus register: no connection to modbus server
[2025-03-01T08:32:49.511Z] Error reading register 3105 for IP 10.30.4.91: no connection to modbus server
[2025-03-01T08:32:49.512Z] ❌ Error reading register 1000 for IP 10.30.4.91: no connection to modbus server
[2025-03-01T08:32:49.512Z] Error reading actual data: no connection to modbus server
[2025-03-01T08:32:49.543Z] Error writing to Modbus register: no connection to modbus server
[2025-03-01T08:32:49.744Z] Error reading register 3105 for IP 10.30.4.91: no connection to modbus server
[2025-03-01T08:32:49.745Z] ❌ Error reading register 1000 for IP 10.30.4.91: no connection to modbus server
[2025-03-01T08:32:49.745Z] Error reading actual data: no connection to modbus server
[2025-03-01T08:32:49.746Z] Error writing to Modbus register: no connection to modbus server
[2025-03-01T08:32:50.176Z] Error reading register 3105 for IP 10.30.4.91: no connection to modbus server
[2025-03-01T08:32:50.177Z] ❌ Error reading register 1000 for IP 10.30.4.91: no connection to modbus server
[2025-03-01T08:32:50.177Z] Error reading actual data: no connection to modbus server
[2025-03-01T08:32:50.359Z] Error writing to Modbus register: no connection to modbus server
[2025-03-01T08:32:50.359Z] Error reading register 3105 for IP 10.30.4.91: no connection to modbus server
[2025-03-01T08:32:50.359Z] Error reading actual data: no connection to modbus server
[2025-03-01T08:32:50.359Z] ❌ Error reading register 1000 for IP 10.30.4.91: no connection to modbus server
[2025-03-01T08:32:50.360Z] Error reading register 3105 for IP 10.30.4.91: no connection to modbus server
[2025-03-01T08:32:50.360Z] Error reading actual data: no connection to modbus server
[2025-03-01T08:32:50.360Z] Error writing to Modbus register: no connection to modbus server
[2025-03-01T08:32:50.360Z] ❌ Error reading register 1000 for IP 10.30.4.91: no connection to modbus server
[2025-03-01T08:32:50.361Z] Error writing to Modbus register: no connection to modbus server
[2025-03-01T08:32:50.361Z] Error reading register 3105 for IP 10.30.4.91: no connection to modbus server
[2025-03-01T08:32:50.361Z] Error reading actual data: no connection to modbus server
[2025-03-01T08:32:50.361Z] ❌ Error reading register 1000 for IP 10.30.4.91: no connection to modbus server
[2025-03-01T08:32:50.511Z] Error writing to Modbus register: no connection to modbus server
[2025-03-01T08:32:50.513Z] Error reading register 3105 for IP 10.30.4.91: no connection to modbus server
[2025-03-01T08:32:50.513Z] ❌ Error reading register 1000 for IP 10.30.4.91: no connection to modbus server
[2025-03-01T08:32:50.514Z] Error reading actual data: no connection to modbus server
[2025-03-01T08:32:50.558Z] Error writing to Modbus register: no connection to modbus server
[2025-03-01T08:32:50.758Z] ❌ Error reading register 1000 for IP 10.30.4.91: no connection to modbus server
[2025-03-01T08:32:50.759Z] Error reading actual data: no connection to modbus server
[2025-03-01T08:32:50.760Z] Error writing to Modbus register: no connection to modbus server
[2025-03-01T08:32:50.758Z] Error reading register 3105 for IP 10.30.4.91: no connection to modbus server
[2025-03-01T08:32:51.175Z] ❌ Error reading register 1000 for IP 10.30.4.91: no connection to modbus server
[2025-03-01T08:32:51.175Z] Error reading register 3105 for IP 10.30.4.91: no connection to modbus server
[2025-03-01T08:32:51.176Z] Error reading actual data: no connection to modbus server
[2025-03-01T08:32:51.361Z] Error writing to Modbus register: no connection to modbus server
[2025-03-01T08:32:51.362Z] Error reading register 3105 for IP 10.30.4.91: no connection to modbus server
[2025-03-01T08:32:51.363Z] ❌ Error reading register 1000 for IP 10.30.4.91: no connection to modbus server
[2025-03-01T08:32:51.363Z] Error reading actual data: no connection to modbus server
[2025-03-01T08:32:51.364Z] Error writing to Modbus register: no connection to modbus server
[2025-03-01T08:32:51.365Z] Error reading register 3105 for IP 10.30.4.91: no connection to modbus server
[2025-03-01T08:32:51.365Z] ❌ Error reading register 1000 for IP 10.30.4.91: no connection to modbus server
[2025-03-01T08:32:51.365Z] Error reading actual data: no connection to modbus server
[2025-03-01T08:32:51.366Z] Error writing to Modbus register: no connection to modbus server
[2025-03-01T08:32:51.367Z] Error reading register 3105 for IP 10.30.4.91: no connection to modbus server
[2025-03-01T08:32:51.368Z] ❌ Error reading register 1000 for IP 10.30.4.91: no connection to modbus server
[2025-03-01T08:32:51.368Z] Error reading actual data: no connection to modbus server
[2025-03-01T08:32:51.525Z] Error writing to Modbus register: no connection to modbus server
[2025-03-01T08:32:51.527Z] Error reading register 3105 for IP 10.30.4.91: no connection to modbus server
[2025-03-01T08:32:51.527Z] ❌ Error reading register 1000 for IP 10.30.4.91: no connection to modbus server
[2025-03-01T08:32:51.527Z] Error reading actual data: no connection to modbus server
[2025-03-01T08:32:51.559Z] Error writing to Modbus register: no connection to modbus server
[2025-03-01T08:32:51.762Z] Error reading register 3105 for IP 10.30.4.91: no connection to modbus server
[2025-03-01T08:32:51.762Z] ❌ Error reading register 1000 for IP 10.30.4.91: no connection to modbus server
[2025-03-01T08:32:51.763Z] Error reading actual data: no connection to modbus server
[2025-03-01T08:32:51.764Z] Error writing to Modbus register: no connection to modbus server
[2025-03-01T08:32:52.177Z] Error reading register 3105 for IP 10.30.4.91: no connection to modbus server
[2025-03-01T08:32:52.177Z] ❌ Error reading register 1000 for IP 10.30.4.91: no connection to modbus server
[2025-03-01T08:32:52.178Z] Error reading actual data: no connection to modbus server
[2025-03-01T08:32:52.375Z] Error writing to Modbus register: no connection to modbus server
[2025-03-01T08:32:52.376Z] Error reading register 3105 for IP 10.30.4.91: no connection to modbus server
[2025-03-01T08:32:52.376Z] ❌ Error reading register 1000 for IP 10.30.4.91: no connection to modbus server
[2025-03-01T08:32:52.376Z] Error reading actual data: no connection to modbus server
[2025-03-01T08:32:52.377Z] Error writing to Modbus register: no connection to modbus server
[2025-03-01T08:32:52.377Z] Error reading register 3105 for IP 10.30.4.91: no connection to modbus server
[2025-03-01T08:32:52.378Z] ❌ Error reading register 1000 for IP 10.30.4.91: no connection to modbus server
[2025-03-01T08:32:52.378Z] Error reading actual data: no connection to modbus server
[2025-03-01T08:32:52.379Z] Error reading register 3105 for IP 10.30.4.91: no connection to modbus server
[2025-03-01T08:32:52.379Z] ❌ Error reading register 1000 for IP 10.30.4.91: no connection to modbus server
[2025-03-01T08:32:52.378Z] Error writing to Modbus register: no connection to modbus server
[2025-03-01T08:32:52.379Z] Error reading actual data: no connection to modbus server
[2025-03-01T08:32:52.528Z] Error writing to Modbus register: no connection to modbus server
[2025-03-01T08:32:52.529Z] Error reading register 3105 for IP 10.30.4.91: no connection to modbus server
[2025-03-01T08:32:52.529Z] ❌ Error reading register 1000 for IP 10.30.4.91: no connection to modbus server
[2025-03-01T08:32:52.530Z] Error reading actual data: no connection to modbus server
[2025-03-01T08:32:52.574Z] Error writing to Modbus register: no connection to modbus server
[2025-03-01T08:32:52.775Z] Error reading register 3105 for IP 10.30.4.91: no connection to modbus server
[2025-03-01T08:32:52.776Z] ❌ Error reading register 1000 for IP 10.30.4.91: no connection to modbus server
[2025-03-01T08:32:52.778Z] Error writing to Modbus register: no connection to modbus server
[2025-03-01T08:32:52.777Z] Error reading actual data: no connection to modbus server
[2025-03-01T08:32:53.187Z] Error reading register 3105 for IP 10.30.4.91: no connection to modbus server
[2025-03-01T08:32:53.188Z] ❌ Error reading register 1000 for IP 10.30.4.91: no connection to modbus server
[2025-03-01T08:32:53.188Z] Error reading actual data: no connection to modbus server
[2025-03-01T08:32:53.382Z] Error writing to Modbus register: no connection to modbus server
[2025-03-01T08:32:53.382Z] Error reading register 3105 for IP 10.30.4.91: no connection to modbus server
[2025-03-01T08:32:53.382Z] ❌ Error reading register 1000 for IP 10.30.4.91: no connection to modbus server
[2025-03-01T08:32:53.383Z] Error reading actual data: no connection to modbus server
[2025-03-01T08:32:53.383Z] Error writing to Modbus register: no connection to modbus server
[2025-03-01T08:32:53.383Z] Error reading register 3105 for IP 10.30.4.91: no connection to modbus server
[2025-03-01T08:32:53.383Z] ❌ Error reading register 1000 for IP 10.30.4.91: no connection to modbus server
[2025-03-01T08:32:53.383Z] Error reading actual data: no connection to modbus server
[2025-03-01T08:32:53.384Z] Error writing to Modbus register: no connection to modbus server
[2025-03-01T08:32:53.384Z] Error reading register 3105 for IP 10.30.4.91: no connection to modbus server
[2025-03-01T08:32:53.384Z] ❌ Error reading register 1000 for IP 10.30.4.91: no connection to modbus server
[2025-03-01T08:32:53.384Z] Error reading actual data: no connection to modbus server
[2025-03-01T08:32:53.528Z] Error writing to Modbus register: no connection to modbus server
[2025-03-01T08:32:53.529Z] Error reading register 3105 for IP 10.30.4.91: no connection to modbus server
[2025-03-01T08:32:53.529Z] ❌ Error reading register 1000 for IP 10.30.4.91: no connection to modbus server
[2025-03-01T08:32:53.529Z] Error reading actual data: no connection to modbus server
[2025-03-01T08:32:53.575Z] Error writing to Modbus register: no connection to modbus server
[2025-03-01T08:32:53.779Z] Error reading register 3105 for IP 10.30.4.91: no connection to modbus server
[2025-03-01T08:32:53.780Z] Error reading actual data: no connection to modbus server
[2025-03-01T08:32:53.779Z] ❌ Error reading register 1000 for IP 10.30.4.91: no connection to modbus server
[2025-03-01T08:32:53.781Z] Error writing to Modbus register: no connection to modbus server
[2025-03-01T08:32:54.191Z] Error reading register 3105 for IP 10.30.4.91: no connection to modbus server
[2025-03-01T08:32:54.191Z] ❌ Error reading register 1000 for IP 10.30.4.91: no connection to modbus server
[2025-03-01T08:32:54.191Z] Error reading actual data: no connection to modbus server
[2025-03-01T08:32:54.384Z] Error writing to Modbus register: no connection to modbus server
[2025-03-01T08:32:54.386Z] Error reading register 3105 for IP 10.30.4.91: no connection to modbus server
[2025-03-01T08:32:54.388Z] Error writing to Modbus register: no connection to modbus server
[2025-03-01T08:32:54.389Z] Error reading register 3105 for IP 10.30.4.91: no connection to modbus server
[2025-03-01T08:32:54.389Z] ❌ Error reading register 1000 for IP 10.30.4.91: no connection to modbus server
[2025-03-01T08:32:54.386Z] ❌ Error reading register 1000 for IP 10.30.4.91: no connection to modbus server
[2025-03-01T08:32:54.387Z] Error reading actual data: no connection to modbus server
[2025-03-01T08:32:54.389Z] Error reading actual data: no connection to modbus server
[2025-03-01T08:32:54.389Z] Error writing to Modbus register: no connection to modbus server
[2025-03-01T08:32:54.390Z] Error reading register 3105 for IP 10.30.4.91: no connection to modbus server
[2025-03-01T08:32:54.390Z] ❌ Error reading register 1000 for IP 10.30.4.91: no connection to modbus server
[2025-03-01T08:32:54.390Z] Error reading actual data: no connection to modbus server
[2025-03-01T08:32:54.543Z] Error writing to Modbus register: no connection to modbus server
[2025-03-01T08:32:54.545Z] Error reading register 3105 for IP 10.30.4.91: no connection to modbus server
[2025-03-01T08:32:54.545Z] ❌ Error reading register 1000 for IP 10.30.4.91: no connection to modbus server
[2025-03-01T08:32:54.545Z] Error reading actual data: no connection to modbus server
[2025-03-01T08:32:54.580Z] Error writing to Modbus register: no connection to modbus server
[2025-03-01T08:32:54.785Z] Error reading register 3105 for IP 10.30.4.91: no connection to modbus server
[2025-03-01T08:32:54.786Z] ❌ Error reading register 1000 for IP 10.30.4.91: no connection to modbus server
[2025-03-01T08:32:54.787Z] Error reading actual data: no connection to modbus server
[2025-03-01T08:32:54.787Z] Error writing to Modbus register: no connection to modbus server
[2025-03-01T08:32:55.194Z] Error reading register 3105 for IP 10.30.4.91: no connection to modbus server
[2025-03-01T08:32:55.194Z] ❌ Error reading register 1000 for IP 10.30.4.91: no connection to modbus server
[2025-03-01T08:32:55.194Z] Error reading actual data: no connection to modbus server
[2025-03-01T08:32:55.394Z] Error writing to Modbus register: no connection to modbus server
[2025-03-01T08:32:55.396Z] Error reading register 3105 for IP 10.30.4.91: no connection to modbus server
[2025-03-01T08:32:55.396Z] ❌ Error reading register 1000 for IP 10.30.4.91: no connection to modbus server
[2025-03-01T08:32:55.397Z] Error reading actual data: no connection to modbus server
[2025-03-01T08:32:55.398Z] Error writing to Modbus register: no connection to modbus server
[2025-03-01T08:32:55.399Z] Error reading register 3105 for IP 10.30.4.91: no connection to modbus server
[2025-03-01T08:32:55.399Z] ❌ Error reading register 1000 for IP 10.30.4.91: no connection to modbus server
[2025-03-01T08:32:55.399Z] Error reading actual data: no connection to modbus server
[2025-03-01T08:32:55.399Z] Error writing to Modbus register: no connection to modbus server
[2025-03-01T08:32:55.400Z] Error reading register 3105 for IP 10.30.4.91: no connection to modbus server
[2025-03-01T08:32:55.400Z] ❌ Error reading register 1000 for IP 10.30.4.91: no connection to modbus server
[2025-03-01T08:32:55.400Z] Error reading actual data: no connection to modbus server
[2025-03-01T08:32:55.561Z] Error writing to Modbus register: no connection to modbus server
[2025-03-01T08:32:55.563Z] Error reading register 3105 for IP 10.30.4.91: no connection to modbus server
[2025-03-01T08:32:55.563Z] ❌ Error reading register 1000 for IP 10.30.4.91: no connection to modbus server
[2025-03-01T08:32:55.563Z] Error reading actual data: no connection to modbus server
[2025-03-01T08:32:55.595Z] Error writing to Modbus register: no connection to modbus server
[2025-03-01T08:32:55.795Z] Error reading register 3105 for IP 10.30.4.91: no connection to modbus server
[2025-03-01T08:32:55.796Z] ❌ Error reading register 1000 for IP 10.30.4.91: no connection to modbus server
[2025-03-01T08:32:55.797Z] Error reading actual data: no connection to modbus server
[2025-03-01T08:32:55.798Z] Error writing to Modbus register: no connection to modbus server
[2025-03-01T08:32:56.211Z] Error reading register 3105 for IP 10.30.4.91: no connection to modbus server
[2025-03-01T08:32:56.211Z] ❌ Error reading register 1000 for IP 10.30.4.91: no connection to modbus server
[2025-03-01T08:32:56.212Z] Error reading actual data: no connection to modbus server
[2025-03-01T08:32:56.409Z] Error writing to Modbus register: no connection to modbus server
[2025-03-01T08:32:56.411Z] Error reading register 3105 for IP 10.30.4.91: no connection to modbus server
[2025-03-01T08:32:56.411Z] ❌ Error reading register 1000 for IP 10.30.4.91: no connection to modbus server
[2025-03-01T08:32:56.414Z] Error reading register 3105 for IP 10.30.4.91: no connection to modbus server
[2025-03-01T08:32:56.413Z] Error writing to Modbus register: no connection to modbus server
[2025-03-01T08:32:56.415Z] ❌ Error reading register 1000 for IP 10.30.4.91: no connection to modbus server
[2025-03-01T08:32:56.412Z] Error reading actual data: no connection to modbus server
[2025-03-01T08:32:56.415Z] Error reading actual data: no connection to modbus server
[2025-03-01T08:32:56.416Z] Error writing to Modbus register: no connection to modbus server
[2025-03-01T08:32:56.418Z] Error reading register 3105 for IP 10.30.4.91: no connection to modbus server
[2025-03-01T08:32:56.418Z] ❌ Error reading register 1000 for IP 10.30.4.91: no connection to modbus server
[2025-03-01T08:32:56.418Z] Error reading actual data: no connection to modbus server
[2025-03-01T08:32:56.575Z] Error writing to Modbus register: no connection to modbus server
[2025-03-01T08:32:56.577Z] Error reading register 3105 for IP 10.30.4.91: no connection to modbus server
[2025-03-01T08:32:56.577Z] ❌ Error reading register 1000 for IP 10.30.4.91: no connection to modbus server
[2025-03-01T08:32:56.577Z] Error reading actual data: no connection to modbus server
[2025-03-01T08:32:56.606Z] Error writing to Modbus register: no connection to modbus server
[2025-03-01T08:32:56.800Z] Error reading register 3105 for IP 10.30.4.91: no connection to modbus server
[2025-03-01T08:32:56.801Z] ❌ Error reading register 1000 for IP 10.30.4.91: no connection to modbus server
[2025-03-01T08:32:56.801Z] Error reading actual data: no connection to modbus server
[2025-03-01T08:32:56.802Z] Error writing to Modbus register: no connection to modbus server
[2025-03-01T08:32:57.210Z] Error reading register 3105 for IP 10.30.4.91: no connection to modbus server
[2025-03-01T08:32:57.210Z] ❌ Error reading register 1000 for IP 10.30.4.91: no connection to modbus server
[2025-03-01T08:32:57.210Z] Error reading actual data: no connection to modbus server
[2025-03-01T08:32:57.409Z] Error writing to Modbus register: no connection to modbus server
[2025-03-01T08:32:57.411Z] Error reading register 3105 for IP 10.30.4.91: no connection to modbus server
[2025-03-01T08:32:57.411Z] ❌ Error reading register 1000 for IP 10.30.4.91: no connection to modbus server
[2025-03-01T08:32:57.411Z] Error reading actual data: no connection to modbus server
[2025-03-01T08:32:57.413Z] Error writing to Modbus register: no connection to modbus server
[2025-03-01T08:32:57.414Z] Error reading register 3105 for IP 10.30.4.91: no connection to modbus server
[2025-03-01T08:32:57.415Z] ❌ Error reading register 1000 for IP 10.30.4.91: no connection to modbus server
[2025-03-01T08:32:57.416Z] Error reading actual data: no connection to modbus server
[2025-03-01T08:32:57.417Z] Error reading register 3105 for IP 10.30.4.91: no connection to modbus server
[2025-03-01T08:32:57.416Z] Error writing to Modbus register: no connection to modbus server
[2025-03-01T08:32:57.417Z] ❌ Error reading register 1000 for IP 10.30.4.91: no connection to modbus server
[2025-03-01T08:32:57.417Z] Error reading actual data: no connection to modbus server
[2025-03-01T08:32:57.577Z] Error writing to Modbus register: no connection to modbus server
[2025-03-01T08:32:57.579Z] Error reading register 3105 for IP 10.30.4.91: no connection to modbus server
[2025-03-01T08:32:57.579Z] ❌ Error reading register 1000 for IP 10.30.4.91: no connection to modbus server
[2025-03-01T08:32:57.579Z] Error reading actual data: no connection to modbus server
[2025-03-01T08:32:57.608Z] Error writing to Modbus register: no connection to modbus server
[2025-03-01T08:32:57.808Z] ❌ Error reading register 1000 for IP 10.30.4.91: no connection to modbus server
[2025-03-01T08:32:57.807Z] Error reading register 3105 for IP 10.30.4.91: no connection to modbus server
[2025-03-01T08:32:57.808Z] Error reading actual data: no connection to modbus server
[2025-03-01T08:32:57.810Z] Error writing to Modbus register: no connection to modbus server
[2025-03-01T08:32:58.222Z] Error reading register 3105 for IP 10.30.4.91: no connection to modbus server
[2025-03-01T08:32:58.222Z] ❌ Error reading register 1000 for IP 10.30.4.91: no connection to modbus server
[2025-03-01T08:32:58.222Z] Error reading actual data: no connection to modbus server
[2025-03-01T08:32:58.424Z] Error writing to Modbus register: no connection to modbus server
[2025-03-01T08:32:58.426Z] Error reading register 3105 for IP 10.30.4.91: no connection to modbus server
[2025-03-01T08:32:58.426Z] ❌ Error reading register 1000 for IP 10.30.4.91: no connection to modbus server
[2025-03-01T08:32:58.427Z] Error reading actual data: no connection to modbus server
[2025-03-01T08:32:58.428Z] Error writing to Modbus register: no connection to modbus server
[2025-03-01T08:32:58.428Z] Error reading register 3105 for IP 10.30.4.91: no connection to modbus server
[2025-03-01T08:32:58.428Z] ❌ Error reading register 1000 for IP 10.30.4.91: no connection to modbus server
[2025-03-01T08:32:58.429Z] Error writing to Modbus register: no connection to modbus server
[2025-03-01T08:32:58.429Z] Error reading actual data: no connection to modbus server
[2025-03-01T08:32:58.429Z] Error reading register 3105 for IP 10.30.4.91: no connection to modbus server
[2025-03-01T08:32:58.429Z] ❌ Error reading register 1000 for IP 10.30.4.91: no connection to modbus server
[2025-03-01T08:32:58.429Z] Error reading actual data: no connection to modbus server
[2025-03-01T08:32:58.579Z] Error writing to Modbus register: no connection to modbus server
[2025-03-01T08:32:58.580Z] Error reading register 3105 for IP 10.30.4.91: no connection to modbus server
[2025-03-01T08:32:58.581Z] ❌ Error reading register 1000 for IP 10.30.4.91: no connection to modbus server
[2025-03-01T08:32:58.581Z] Error reading actual data: no connection to modbus server
[2025-03-01T08:32:58.613Z] Error writing to Modbus register: no connection to modbus server
[2025-03-01T08:32:58.815Z] Error reading register 3105 for IP 10.30.4.91: no connection to modbus server
[2025-03-01T08:32:58.815Z] ❌ Error reading register 1000 for IP 10.30.4.91: no connection to modbus server
[2025-03-01T08:32:58.816Z] Error reading actual data: no connection to modbus server
[2025-03-01T08:32:58.817Z] Error writing to Modbus register: no connection to modbus server
[2025-03-01T08:32:59.227Z] Error reading register 3105 for IP 10.30.4.91: no connection to modbus server
[2025-03-01T08:32:59.228Z] ❌ Error reading register 1000 for IP 10.30.4.91: no connection to modbus server
[2025-03-01T08:32:59.228Z] Error reading actual data: no connection to modbus server
[2025-03-01T08:32:59.425Z] Error writing to Modbus register: no connection to modbus server
[2025-03-01T08:32:59.425Z] Error reading register 3105 for IP 10.30.4.91: no connection to modbus server
[2025-03-01T08:32:59.425Z] ❌ Error reading register 1000 for IP 10.30.4.91: no connection to modbus server
[2025-03-01T08:32:59.425Z] Error reading actual data: no connection to modbus server
[2025-03-01T08:32:59.441Z] Error reading register 3105 for IP 10.30.4.91: no connection to modbus server
[2025-03-01T08:32:59.440Z] Error writing to Modbus register: no connection to modbus server
[2025-03-01T08:32:59.441Z] ❌ Error reading register 1000 for IP 10.30.4.91: no connection to modbus server
[2025-03-01T08:32:59.441Z] Error reading actual data: no connection to modbus server
[2025-03-01T08:32:59.441Z] Error writing to Modbus register: no connection to modbus server
[2025-03-01T08:32:59.442Z] ❌ Error reading register 1000 for IP 10.30.4.91: no connection to modbus server
[2025-03-01T08:32:59.442Z] Error reading register 3105 for IP 10.30.4.91: no connection to modbus server
[2025-03-01T08:32:59.442Z] Error reading actual data: no connection to modbus server
[2025-03-01T08:32:59.594Z] Error writing to Modbus register: no connection to modbus server
[2025-03-01T08:32:59.595Z] Error reading register 3105 for IP 10.30.4.91: no connection to modbus server
[2025-03-01T08:32:59.596Z] ❌ Error reading register 1000 for IP 10.30.4.91: no connection to modbus server
[2025-03-01T08:32:59.596Z] Error reading actual data: no connection to modbus server
[2025-03-01T08:32:59.625Z] Error writing to Modbus register: no connection to modbus server
[2025-03-01T08:32:59.827Z] Error reading register 3105 for IP 10.30.4.91: no connection to modbus server
[2025-03-01T08:32:59.828Z] ❌ Error reading register 1000 for IP 10.30.4.91: no connection to modbus server
[2025-03-01T08:32:59.829Z] Error writing to Modbus register: no connection to modbus server
[2025-03-01T08:32:59.828Z] Error reading actual data: no connection to modbus server
[2025-03-01T08:33:00.232Z] Error reading register 3105 for IP 10.30.4.91: no connection to modbus server
[2025-03-01T08:33:00.232Z] ❌ Error reading register 1000 for IP 10.30.4.91: no connection to modbus server
[2025-03-01T08:33:00.232Z] Error reading actual data: no connection to modbus server
[2025-03-01T08:33:00.440Z] Error writing to Modbus register: no connection to modbus server
[2025-03-01T08:33:00.441Z] Error reading register 3105 for IP 10.30.4.91: no connection to modbus server
[2025-03-01T08:33:00.442Z] ❌ Error reading register 1000 for IP 10.30.4.91: no connection to modbus server
[2025-03-01T08:33:00.442Z] Error reading actual data: no connection to modbus server
[2025-03-01T08:33:00.444Z] Error writing to Modbus register: no connection to modbus server
[2025-03-01T08:33:00.444Z] Error reading register 3105 for IP 10.30.4.91: no connection to modbus server
[2025-03-01T08:33:00.444Z] ❌ Error reading register 1000 for IP 10.30.4.91: no connection to modbus server
[2025-03-01T08:33:00.444Z] Error reading actual data: no connection to modbus server
[2025-03-01T08:33:00.444Z] Error writing to Modbus register: no connection to modbus server
[2025-03-01T08:33:00.445Z] Error reading register 3105 for IP 10.30.4.91: no connection to modbus server
[2025-03-01T08:33:00.445Z] ❌ Error reading register 1000 for IP 10.30.4.91: no connection to modbus server
[2025-03-01T08:33:00.445Z] Error reading actual data: no connection to modbus server
[2025-03-01T08:33:00.609Z] Error writing to Modbus register: no connection to modbus server
[2025-03-01T08:33:00.610Z] Error reading register 3105 for IP 10.30.4.91: no connection to modbus server
[2025-03-01T08:33:00.611Z] ❌ Error reading register 1000 for IP 10.30.4.91: no connection to modbus server
[2025-03-01T08:33:00.611Z] Error reading actual data: no connection to modbus server
[2025-03-01T08:33:00.625Z] Error writing to Modbus register: no connection to modbus server
[2025-03-01T08:33:00.840Z] ❌ Error reading register 1000 for IP 10.30.4.91: no connection to modbus server
[2025-03-01T08:33:00.842Z] Error writing to Modbus register: no connection to modbus server
[2025-03-01T08:33:00.839Z] Error reading register 3105 for IP 10.30.4.91: no connection to modbus server
[2025-03-01T08:33:00.841Z] Error reading actual data: no connection to modbus server
[2025-03-01T08:33:01.238Z] ❌ Error reading register 1000 for IP 10.30.4.91: no connection to modbus server
[2025-03-01T08:33:01.238Z] Error reading actual data: no connection to modbus server
[2025-03-01T08:33:01.238Z] Error reading register 3105 for IP 10.30.4.91: no connection to modbus server
[2025-03-01T08:33:01.441Z] Error writing to Modbus register: no connection to modbus server
[2025-03-01T08:33:01.442Z] Error reading register 3105 for IP 10.30.4.91: no connection to modbus server
[2025-03-01T08:33:01.443Z] ❌ Error reading register 1000 for IP 10.30.4.91: no connection to modbus server
[2025-03-01T08:33:01.443Z] Error reading actual data: no connection to modbus server
[2025-03-01T08:33:01.446Z] Error reading register 3105 for IP 10.30.4.91: no connection to modbus server
[2025-03-01T08:33:01.445Z] Error writing to Modbus register: no connection to modbus server
[2025-03-01T08:33:01.446Z] Error reading actual data: no connection to modbus server
[2025-03-01T08:33:01.446Z] ❌ Error reading register 1000 for IP 10.30.4.91: no connection to modbus server
[2025-03-01T08:33:01.446Z] Error writing to Modbus register: no connection to modbus server
[2025-03-01T08:33:01.446Z] Error reading register 3105 for IP 10.30.4.91: no connection to modbus server
[2025-03-01T08:33:01.447Z] ❌ Error reading register 1000 for IP 10.30.4.91: no connection to modbus server
[2025-03-01T08:33:01.447Z] Error reading actual data: no connection to modbus server
[2025-03-01T08:33:01.610Z] Error writing to Modbus register: no connection to modbus server
[2025-03-01T08:33:01.611Z] Error reading register 3105 for IP 10.30.4.91: no connection to modbus server
[2025-03-01T08:33:01.612Z] ❌ Error reading register 1000 for IP 10.30.4.91: no connection to modbus server
[2025-03-01T08:33:01.612Z] Error reading actual data: no connection to modbus server
[2025-03-01T08:33:01.624Z] Error writing to Modbus register: no connection to modbus server
[2025-03-01T08:33:01.842Z] Error reading register 3105 for IP 10.30.4.91: no connection to modbus server
[2025-03-01T08:33:01.843Z] ❌ Error reading register 1000 for IP 10.30.4.91: no connection to modbus server
[2025-03-01T08:33:01.843Z] Error reading actual data: no connection to modbus server
[2025-03-01T08:33:01.844Z] Error writing to Modbus register: no connection to modbus server
[2025-03-01T08:33:02.238Z] Error reading register 3105 for IP 10.30.4.91: no connection to modbus server
[2025-03-01T08:33:02.238Z] ❌ Error reading register 1000 for IP 10.30.4.91: no connection to modbus server
[2025-03-01T08:33:02.239Z] Error reading actual data: no connection to modbus server
[2025-03-01T08:33:02.442Z] Error writing to Modbus register: no connection to modbus server
[2025-03-01T08:33:02.444Z] Error reading register 3105 for IP 10.30.4.91: no connection to modbus server
[2025-03-01T08:33:02.444Z] ❌ Error reading register 1000 for IP 10.30.4.91: no connection to modbus server
[2025-03-01T08:33:02.445Z] Error reading actual data: no connection to modbus server
[2025-03-01T08:33:02.446Z] Error writing to Modbus register: no connection to modbus server
[2025-03-01T08:33:02.447Z] Error reading register 3105 for IP 10.30.4.91: no connection to modbus server
[2025-03-01T08:33:02.448Z] ❌ Error reading register 1000 for IP 10.30.4.91: no connection to modbus server
[2025-03-01T08:33:02.448Z] Error reading actual data: no connection to modbus server
[2025-03-01T08:33:02.450Z] Error writing to Modbus register: no connection to modbus server
[2025-03-01T08:33:02.451Z] Error reading register 3105 for IP 10.30.4.91: no connection to modbus server
[2025-03-01T08:33:02.451Z] ❌ Error reading register 1000 for IP 10.30.4.91: no connection to modbus server
[2025-03-01T08:33:02.452Z] Error reading actual data: no connection to modbus server
[2025-03-01T08:33:02.625Z] Error writing to Modbus register: no connection to modbus server
[2025-03-01T08:33:02.627Z] Error reading register 3105 for IP 10.30.4.91: no connection to modbus server
[2025-03-01T08:33:02.627Z] ❌ Error reading register 1000 for IP 10.30.4.91: no connection to modbus server
[2025-03-01T08:33:02.628Z] Error reading actual data: no connection to modbus server
[2025-03-01T08:33:02.629Z] Error writing to Modbus register: no connection to modbus server
[2025-03-01T08:33:02.856Z] Error reading register 3105 for IP 10.30.4.91: no connection to modbus server
[2025-03-01T08:33:02.856Z] ❌ Error reading register 1000 for IP 10.30.4.91: no connection to modbus server
[2025-03-01T08:33:02.857Z] Error writing to Modbus register: no connection to modbus server
[2025-03-01T08:33:02.857Z] Error reading actual data: no connection to modbus server
[2025-03-01T08:33:03.246Z] Error reading register 3105 for IP 10.30.4.91: no connection to modbus server
[2025-03-01T08:33:03.246Z] ❌ Error reading register 1000 for IP 10.30.4.91: no connection to modbus server
[2025-03-01T08:33:03.246Z] Error reading actual data: no connection to modbus server
[2025-03-01T08:33:03.449Z] Error writing to Modbus register: no connection to modbus server
[2025-03-01T08:33:03.451Z] ❌ Error reading register 1000 for IP 10.30.4.91: no connection to modbus server
[2025-03-01T08:33:03.450Z] Error reading register 3105 for IP 10.30.4.91: no connection to modbus server
[2025-03-01T08:33:03.451Z] Error reading actual data: no connection to modbus server
[2025-03-01T08:33:03.451Z] Error writing to Modbus register: no connection to modbus server
[2025-03-01T08:33:03.452Z] Error reading register 3105 for IP 10.30.4.91: no connection to modbus server
[2025-03-01T08:33:03.452Z] ❌ Error reading register 1000 for IP 10.30.4.91: no connection to modbus server
[2025-03-01T08:33:03.452Z] Error reading actual data: no connection to modbus server
[2025-03-01T08:33:03.453Z] Error writing to Modbus register: no connection to modbus server
[2025-03-01T08:33:03.454Z] ❌ Error reading register 1000 for IP 10.30.4.91: no connection to modbus server
[2025-03-01T08:33:03.454Z] Error reading register 3105 for IP 10.30.4.91: no connection to modbus server
[2025-03-01T08:33:03.454Z] Error reading actual data: no connection to modbus server
[2025-03-01T08:33:03.629Z] Error writing to Modbus register: no connection to modbus server
[2025-03-01T08:33:03.630Z] Error reading register 3105 for IP 10.30.4.91: no connection to modbus server
[2025-03-01T08:33:03.631Z] ❌ Error reading register 1000 for IP 10.30.4.91: no connection to modbus server
[2025-03-01T08:33:03.631Z] Error reading actual data: no connection to modbus server
[2025-03-01T08:33:03.633Z] Error writing to Modbus register: no connection to modbus server
[2025-03-01T08:33:03.862Z] Error reading register 3105 for IP 10.30.4.91: no connection to modbus server
[2025-03-01T08:33:03.863Z] ❌ Error reading register 1000 for IP 10.30.4.91: no connection to modbus server
[2025-03-01T08:33:03.863Z] Error reading actual data: no connection to modbus server
[2025-03-01T08:33:03.864Z] Error writing to Modbus register: no connection to modbus server
[2025-03-01T08:33:04.261Z] Error reading register 3105 for IP 10.30.4.91: no connection to modbus server
[2025-03-01T08:33:04.262Z] ❌ Error reading register 1000 for IP 10.30.4.91: no connection to modbus server
[2025-03-01T08:33:04.262Z] Error reading actual data: no connection to modbus server
[2025-03-01T08:33:04.463Z] Error reading register 3105 for IP 10.30.4.91: no connection to modbus server
[2025-03-01T08:33:04.463Z] ❌ Error reading register 1000 for IP 10.30.4.91: no connection to modbus server
[2025-03-01T08:33:04.464Z] Error reading actual data: no connection to modbus server
[2025-03-01T08:33:04.461Z] Error writing to Modbus register: no connection to modbus server
[2025-03-01T08:33:04.465Z] Error writing to Modbus register: no connection to modbus server
[2025-03-01T08:33:04.466Z] Error reading register 3105 for IP 10.30.4.91: no connection to modbus server
[2025-03-01T08:33:04.467Z] Error reading register 3105 for IP 10.30.4.91: no connection to modbus server
[2025-03-01T08:33:04.467Z] ❌ Error reading register 1000 for IP 10.30.4.91: no connection to modbus server
[2025-03-01T08:33:04.466Z] ❌ Error reading register 1000 for IP 10.30.4.91: no connection to modbus server
[2025-03-01T08:33:04.466Z] Error writing to Modbus register: no connection to modbus server
[2025-03-01T08:33:04.466Z] Error reading actual data: no connection to modbus server
[2025-03-01T08:33:04.467Z] Error reading actual data: no connection to modbus server
[2025-03-01T08:33:04.644Z] Error writing to Modbus register: no connection to modbus server
[2025-03-01T08:33:04.646Z] Error reading register 3105 for IP 10.30.4.91: no connection to modbus server
[2025-03-01T08:33:04.647Z] ❌ Error reading register 1000 for IP 10.30.4.91: no connection to modbus server
[2025-03-01T08:33:04.647Z] Error reading actual data: no connection to modbus server
[2025-03-01T08:33:04.648Z] Error writing to Modbus register: no connection to modbus server
[2025-03-01T08:33:04.861Z] Error reading register 3105 for IP 10.30.4.91: no connection to modbus server
[2025-03-01T08:33:04.862Z] ❌ Error reading register 1000 for IP 10.30.4.91: no connection to modbus server
[2025-03-01T08:33:04.862Z] Error reading actual data: no connection to modbus server
[2025-03-01T08:33:04.864Z] Error writing to Modbus register: no connection to modbus server
[2025-03-01T08:33:05.277Z] Error reading register 3105 for IP 10.30.4.91: no connection to modbus server
[2025-03-01T08:33:05.277Z] ❌ Error reading register 1000 for IP 10.30.4.91: no connection to modbus server
[2025-03-01T08:33:05.277Z] Error reading actual data: no connection to modbus server
[2025-03-01T08:33:05.474Z] Error writing to Modbus register: no connection to modbus server
[2025-03-01T08:33:05.476Z] Error reading register 3105 for IP 10.30.4.91: no connection to modbus server
[2025-03-01T08:33:05.476Z] ❌ Error reading register 1000 for IP 10.30.4.91: no connection to modbus server
[2025-03-01T08:33:05.477Z] Error reading actual data: no connection to modbus server
[2025-03-01T08:33:05.478Z] Error writing to Modbus register: no connection to modbus server
[2025-03-01T08:33:05.479Z] Error reading register 3105 for IP 10.30.4.91: no connection to modbus server
[2025-03-01T08:33:05.479Z] ❌ Error reading register 1000 for IP 10.30.4.91: no connection to modbus server
[2025-03-01T08:33:05.479Z] Error reading actual data: no connection to modbus server
[2025-03-01T08:33:05.479Z] Error writing to Modbus register: no connection to modbus server
[2025-03-01T08:33:05.480Z] Error reading register 3105 for IP 10.30.4.91: no connection to modbus server
[2025-03-01T08:33:05.480Z] ❌ Error reading register 1000 for IP 10.30.4.91: no connection to modbus server
[2025-03-01T08:33:05.480Z] Error reading actual data: no connection to modbus server
[2025-03-01T08:33:05.645Z] Error writing to Modbus register: no connection to modbus server
[2025-03-01T08:33:05.648Z] ❌ Error reading register 1000 for IP 10.30.4.91: no connection to modbus server
[2025-03-01T08:33:05.647Z] Error reading register 3105 for IP 10.30.4.91: no connection to modbus server
[2025-03-01T08:33:05.648Z] Error reading actual data: no connection to modbus server
[2025-03-01T08:33:05.649Z] Error writing to Modbus register: no connection to modbus server
[2025-03-01T08:33:05.862Z] Error reading register 3105 for IP 10.30.4.91: no connection to modbus server
[2025-03-01T08:33:05.863Z] ❌ Error reading register 1000 for IP 10.30.4.91: no connection to modbus server
[2025-03-01T08:33:05.864Z] Error reading actual data: no connection to modbus server
[2025-03-01T08:33:05.865Z] Error writing to Modbus register: no connection to modbus server
[2025-03-01T08:33:06.279Z] Error reading register 3105 for IP 10.30.4.91: no connection to modbus server
[2025-03-01T08:33:06.279Z] ❌ Error reading register 1000 for IP 10.30.4.91: no connection to modbus server
[2025-03-01T08:33:06.280Z] Error reading actual data: no connection to modbus server
[2025-03-01T08:33:06.479Z] Error writing to Modbus register: no connection to modbus server
[2025-03-01T08:33:06.481Z] ❌ Error reading register 1000 for IP 10.30.4.91: no connection to modbus server
[2025-03-01T08:33:06.481Z] Error reading actual data: no connection to modbus server
[2025-03-01T08:33:06.480Z] Error reading register 3105 for IP 10.30.4.91: no connection to modbus server
[2025-03-01T08:33:06.482Z] Error writing to Modbus register: no connection to modbus server
[2025-03-01T08:33:06.483Z] Error reading register 3105 for IP 10.30.4.91: no connection to modbus server
[2025-03-01T08:33:06.483Z] ❌ Error reading register 1000 for IP 10.30.4.91: no connection to modbus server
[2025-03-01T08:33:06.484Z] Error reading register 3105 for IP 10.30.4.91: no connection to modbus server
[2025-03-01T08:33:06.484Z] ❌ Error reading register 1000 for IP 10.30.4.91: no connection to modbus server
[2025-03-01T08:33:06.484Z] Error reading actual data: no connection to modbus server
[2025-03-01T08:33:06.484Z] Error reading actual data: no connection to modbus server
[2025-03-01T08:33:06.484Z] Error writing to Modbus register: no connection to modbus server
[2025-03-01T08:33:06.645Z] Error writing to Modbus register: no connection to modbus server
[2025-03-01T08:33:06.647Z] Error reading register 3105 for IP 10.30.4.91: no connection to modbus server
[2025-03-01T08:33:06.648Z] ❌ Error reading register 1000 for IP 10.30.4.91: no connection to modbus server
[2025-03-01T08:33:06.648Z] Error reading actual data: no connection to modbus server
[2025-03-01T08:33:06.649Z] Error writing to Modbus register: no connection to modbus server
[2025-03-01T08:33:06.862Z] Error reading register 3105 for IP 10.30.4.91: no connection to modbus server
[2025-03-01T08:33:06.863Z] ❌ Error reading register 1000 for IP 10.30.4.91: no connection to modbus server
[2025-03-01T08:33:06.863Z] Error reading actual data: no connection to modbus server
[2025-03-01T08:33:06.865Z] Error writing to Modbus register: no connection to modbus server
[2025-03-01T08:33:07.287Z] Error reading register 3105 for IP 10.30.4.91: no connection to modbus server
[2025-03-01T08:33:07.287Z] ❌ Error reading register 1000 for IP 10.30.4.91: no connection to modbus server
[2025-03-01T08:33:07.288Z] Error reading actual data: no connection to modbus server
[2025-03-01T08:33:07.491Z] Error writing to Modbus register: no connection to modbus server
[2025-03-01T08:33:07.491Z] Error reading register 3105 for IP 10.30.4.91: no connection to modbus server
[2025-03-01T08:33:07.491Z] ❌ Error reading register 1000 for IP 10.30.4.91: no connection to modbus server
[2025-03-01T08:33:07.491Z] Error reading actual data: no connection to modbus server
[2025-03-01T08:33:07.492Z] Error writing to Modbus register: no connection to modbus server
[2025-03-01T08:33:07.492Z] Error reading register 3105 for IP 10.30.4.91: no connection to modbus server
[2025-03-01T08:33:07.492Z] ❌ Error reading register 1000 for IP 10.30.4.91: no connection to modbus server
[2025-03-01T08:33:07.492Z] Error reading actual data: no connection to modbus server
[2025-03-01T08:33:07.492Z] Error writing to Modbus register: no connection to modbus server
[2025-03-01T08:33:07.493Z] Error reading register 3105 for IP 10.30.4.91: no connection to modbus server
[2025-03-01T08:33:07.493Z] ❌ Error reading register 1000 for IP 10.30.4.91: no connection to modbus server
[2025-03-01T08:33:07.493Z] Error reading actual data: no connection to modbus server
[2025-03-01T08:33:07.651Z] Error writing to Modbus register: no connection to modbus server
[2025-03-01T08:33:07.652Z] Error reading register 3105 for IP 10.30.4.91: no connection to modbus server
[2025-03-01T08:33:07.652Z] ❌ Error reading register 1000 for IP 10.30.4.91: no connection to modbus server
[2025-03-01T08:33:07.652Z] Error writing to Modbus register: no connection to modbus server
[2025-03-01T08:33:07.652Z] Error reading actual data: no connection to modbus server
[2025-03-01T08:33:07.866Z] Error reading register 3105 for IP 10.30.4.91: no connection to modbus server
[2025-03-01T08:33:07.867Z] Error reading actual data: no connection to modbus server
[2025-03-01T08:33:07.866Z] ❌ Error reading register 1000 for IP 10.30.4.91: no connection to modbus server
[2025-03-01T08:33:07.867Z] Error writing to Modbus register: no connection to modbus server
[2025-03-01T08:33:08.290Z] Error reading register 3105 for IP 10.30.4.91: no connection to modbus server
[2025-03-01T08:33:08.291Z] ❌ Error reading register 1000 for IP 10.30.4.91: no connection to modbus server
[2025-03-01T08:33:08.291Z] Error reading actual data: no connection to modbus server
[2025-03-01T08:33:08.503Z] Error writing to Modbus register: no connection to modbus server
[2025-03-01T08:33:08.503Z] Error reading register 3105 for IP 10.30.4.91: no connection to modbus server
[2025-03-01T08:33:08.503Z] ❌ Error reading register 1000 for IP 10.30.4.91: no connection to modbus server
[2025-03-01T08:33:08.503Z] Error reading actual data: no connection to modbus server
[2025-03-01T08:33:08.504Z] Error writing to Modbus register: no connection to modbus server
[2025-03-01T08:33:08.504Z] Error reading register 3105 for IP 10.30.4.91: no connection to modbus server
[2025-03-01T08:33:08.504Z] ❌ Error reading register 1000 for IP 10.30.4.91: no connection to modbus server
[2025-03-01T08:33:08.504Z] Error reading actual data: no connection to modbus server
[2025-03-01T08:33:08.504Z] Error writing to Modbus register: no connection to modbus server
[2025-03-01T08:33:08.505Z] Error reading register 3105 for IP 10.30.4.91: no connection to modbus server
[2025-03-01T08:33:08.505Z] ❌ Error reading register 1000 for IP 10.30.4.91: no connection to modbus server
[2025-03-01T08:33:08.505Z] Error reading actual data: no connection to modbus server
[2025-03-01T08:33:08.658Z] Error writing to Modbus register: no connection to modbus server
[2025-03-01T08:33:08.659Z] Error reading register 3105 for IP 10.30.4.91: no connection to modbus server
[2025-03-01T08:33:08.659Z] ❌ Error reading register 1000 for IP 10.30.4.91: no connection to modbus server
[2025-03-01T08:33:08.659Z] Error reading actual data: no connection to modbus server
[2025-03-01T08:33:08.660Z] Error writing to Modbus register: no connection to modbus server
[2025-03-01T08:33:08.878Z] Error reading register 3105 for IP 10.30.4.91: no connection to modbus server
[2025-03-01T08:33:08.878Z] ❌ Error reading register 1000 for IP 10.30.4.91: no connection to modbus server
[2025-03-01T08:33:08.879Z] Error writing to Modbus register: no connection to modbus server
[2025-03-01T08:33:08.879Z] Error reading actual data: no connection to modbus server
[2025-03-01T08:33:09.296Z] Error reading register 3105 for IP 10.30.4.91: no connection to modbus server
[2025-03-01T08:33:09.296Z] ❌ Error reading register 1000 for IP 10.30.4.91: no connection to modbus server
[2025-03-01T08:33:09.296Z] Error reading actual data: no connection to modbus server
[2025-03-01T08:33:09.510Z] Error writing to Modbus register: no connection to modbus server
[2025-03-01T08:33:09.511Z] Error reading register 3105 for IP 10.30.4.91: no connection to modbus server
[2025-03-01T08:33:09.511Z] ❌ Error reading register 1000 for IP 10.30.4.91: no connection to modbus server
[2025-03-01T08:33:09.512Z] Error reading actual data: no connection to modbus server
[2025-03-01T08:33:09.512Z] Error writing to Modbus register: no connection to modbus server
[2025-03-01T08:33:09.512Z] Error reading register 3105 for IP 10.30.4.91: no connection to modbus server
[2025-03-01T08:33:09.512Z] ❌ Error reading register 1000 for IP 10.30.4.91: no connection to modbus server
[2025-03-01T08:33:09.513Z] Error reading actual data: no connection to modbus server
[2025-03-01T08:33:09.513Z] Error writing to Modbus register: no connection to modbus server
[2025-03-01T08:33:09.513Z] Error reading register 3105 for IP 10.30.4.91: no connection to modbus server
[2025-03-01T08:33:09.513Z] ❌ Error reading register 1000 for IP 10.30.4.91: no connection to modbus server
[2025-03-01T08:33:09.513Z] Error reading actual data: no connection to modbus server
[2025-03-01T08:33:09.668Z] Error writing to Modbus register: no connection to modbus server
[2025-03-01T08:33:09.669Z] Error reading register 3105 for IP 10.30.4.91: no connection to modbus server
[2025-03-01T08:33:09.669Z] Error writing to Modbus register: no connection to modbus server
[2025-03-01T08:33:09.669Z] ❌ Error reading register 1000 for IP 10.30.4.91: no connection to modbus server
[2025-03-01T08:33:09.669Z] Error reading actual data: no connection to modbus server
[2025-03-01T08:33:09.890Z] Error reading register 3105 for IP 10.30.4.91: no connection to modbus server
[2025-03-01T08:33:09.890Z] ❌ Error reading register 1000 for IP 10.30.4.91: no connection to modbus server
[2025-03-01T08:33:09.890Z] Error reading actual data: no connection to modbus server
[2025-03-01T08:33:09.890Z] Error writing to Modbus register: no connection to modbus server
[2025-03-01T08:33:10.309Z] Error reading register 3105 for IP 10.30.4.91: no connection to modbus server
[2025-03-01T08:33:10.309Z] ❌ Error reading register 1000 for IP 10.30.4.91: no connection to modbus server
[2025-03-01T08:33:10.309Z] Error reading actual data: no connection to modbus server
[2025-03-01T08:33:10.511Z] Error reading register 3105 for IP 10.30.4.91: no connection to modbus server
[2025-03-01T08:33:10.511Z] Error writing to Modbus register: no connection to modbus server
[2025-03-01T08:33:10.511Z] ❌ Error reading register 1000 for IP 10.30.4.91: no connection to modbus server
[2025-03-01T08:33:10.511Z] Error reading actual data: no connection to modbus server
[2025-03-01T08:33:10.512Z] Error writing to Modbus register: no connection to modbus server
[2025-03-01T08:33:10.512Z] Error reading register 3105 for IP 10.30.4.91: no connection to modbus server
[2025-03-01T08:33:10.512Z] ❌ Error reading register 1000 for IP 10.30.4.91: no connection to modbus server
[2025-03-01T08:33:10.512Z] Error reading actual data: no connection to modbus server
[2025-03-01T08:33:10.513Z] Error writing to Modbus register: no connection to modbus server
[2025-03-01T08:33:10.513Z] Error reading register 3105 for IP 10.30.4.91: no connection to modbus server
[2025-03-01T08:33:10.513Z] ❌ Error reading register 1000 for IP 10.30.4.91: no connection to modbus server
[2025-03-01T08:33:10.514Z] Error reading actual data: no connection to modbus server
[2025-03-01T08:33:10.670Z] Error writing to Modbus register: no connection to modbus server
[2025-03-01T08:33:10.671Z] Error reading register 3105 for IP 10.30.4.91: no connection to modbus server
[2025-03-01T08:33:10.671Z] ❌ Error reading register 1000 for IP 10.30.4.91: no connection to modbus server
[2025-03-01T08:33:10.671Z] Error reading actual data: no connection to modbus server
[2025-03-01T08:33:10.672Z] Error writing to Modbus register: no connection to modbus server
[2025-03-01T08:33:10.891Z] Error reading register 3105 for IP 10.30.4.91: no connection to modbus server
[2025-03-01T08:33:10.891Z] ❌ Error reading register 1000 for IP 10.30.4.91: no connection to modbus server
[2025-03-01T08:33:10.891Z] Error reading actual data: no connection to modbus server
[2025-03-01T08:33:10.892Z] Error writing to Modbus register: no connection to modbus server
[2025-03-01T08:33:11.310Z] Error reading register 3105 for IP 10.30.4.91: no connection to modbus server
[2025-03-01T08:33:11.311Z] ❌ Error reading register 1000 for IP 10.30.4.91: no connection to modbus server
[2025-03-01T08:33:11.311Z] Error reading actual data: no connection to modbus server
[2025-03-01T08:33:11.512Z] Error writing to Modbus register: no connection to modbus server
[2025-03-01T08:33:11.513Z] Error reading register 3105 for IP 10.30.4.91: no connection to modbus server
[2025-03-01T08:33:11.513Z] ❌ Error reading register 1000 for IP 10.30.4.91: no connection to modbus server
[2025-03-01T08:33:11.513Z] Error reading actual data: no connection to modbus server
[2025-03-01T08:33:11.513Z] Error writing to Modbus register: no connection to modbus server
[2025-03-01T08:33:11.514Z] Error reading register 3105 for IP 10.30.4.91: no connection to modbus server
[2025-03-01T08:33:11.514Z] ❌ Error reading register 1000 for IP 10.30.4.91: no connection to modbus server
[2025-03-01T08:33:11.514Z] Error reading actual data: no connection to modbus server
[2025-03-01T08:33:11.516Z] Error reading register 3105 for IP 10.30.4.91: no connection to modbus server
[2025-03-01T08:33:11.515Z] Error writing to Modbus register: no connection to modbus server
[2025-03-01T08:33:11.516Z] ❌ Error reading register 1000 for IP 10.30.4.91: no connection to modbus server
[2025-03-01T08:33:11.516Z] Error reading actual data: no connection to modbus server
[2025-03-01T08:33:11.681Z] Error writing to Modbus register: no connection to modbus server
[2025-03-01T08:33:11.681Z] Error reading register 3105 for IP 10.30.4.91: no connection to modbus server
[2025-03-01T08:33:11.681Z] ❌ Error reading register 1000 for IP 10.30.4.91: no connection to modbus server
[2025-03-01T08:33:11.682Z] Error reading actual data: no connection to modbus server
[2025-03-01T08:33:11.682Z] Error writing to Modbus register: no connection to modbus server
[2025-03-01T08:33:11.895Z] Error reading register 3105 for IP 10.30.4.91: no connection to modbus server
[2025-03-01T08:33:11.895Z] ❌ Error reading register 1000 for IP 10.30.4.91: no connection to modbus server
[2025-03-01T08:33:11.895Z] Error reading actual data: no connection to modbus server
[2025-03-01T08:33:11.896Z] Error writing to Modbus register: no connection to modbus server
[2025-03-01T08:33:12.310Z] ❌ Error reading register 1000 for IP 10.30.4.91: no connection to modbus server
[2025-03-01T08:33:12.311Z] Error reading actual data: no connection to modbus server
[2025-03-01T08:33:12.310Z] Error reading register 3105 for IP 10.30.4.91: no connection to modbus server
[2025-03-01T08:33:12.524Z] Error writing to Modbus register: no connection to modbus server
[2025-03-01T08:33:12.525Z] Error reading register 3105 for IP 10.30.4.91: no connection to modbus server
[2025-03-01T08:33:12.525Z] ❌ Error reading register 1000 for IP 10.30.4.91: no connection to modbus server
[2025-03-01T08:33:12.526Z] Error reading register 3105 for IP 10.30.4.91: no connection to modbus server
[2025-03-01T08:33:12.527Z] ❌ Error reading register 1000 for IP 10.30.4.91: no connection to modbus server
[2025-03-01T08:33:12.527Z] Error reading actual data: no connection to modbus server
[2025-03-01T08:33:12.526Z] Error writing to Modbus register: no connection to modbus server
[2025-03-01T08:33:12.526Z] Error reading actual data: no connection to modbus server
[2025-03-01T08:33:12.527Z] Error writing to Modbus register: no connection to modbus server
[2025-03-01T08:33:12.528Z] Error reading register 3105 for IP 10.30.4.91: no connection to modbus server
[2025-03-01T08:33:12.528Z] ❌ Error reading register 1000 for IP 10.30.4.91: no connection to modbus server
[2025-03-01T08:33:12.528Z] Error reading actual data: no connection to modbus server
[2025-03-01T08:33:12.688Z] Error writing to Modbus register: no connection to modbus server
[2025-03-01T08:33:12.689Z] Error reading register 3105 for IP 10.30.4.91: no connection to modbus server
[2025-03-01T08:33:12.690Z] ❌ Error reading register 1000 for IP 10.30.4.91: no connection to modbus server
[2025-03-01T08:33:12.690Z] Error reading actual data: no connection to modbus server
[2025-03-01T08:33:12.690Z] Error writing to Modbus register: no connection to modbus server
[2025-03-01T08:33:12.909Z] Error reading register 3105 for IP 10.30.4.91: no connection to modbus server
[2025-03-01T08:33:12.910Z] ❌ Error reading register 1000 for IP 10.30.4.91: no connection to modbus server
[2025-03-01T08:33:12.910Z] Error writing to Modbus register: no connection to modbus server
[2025-03-01T08:33:12.910Z] Error reading actual data: no connection to modbus server
[2025-03-01T08:33:13.323Z] Error reading register 3105 for IP 10.30.4.91: no connection to modbus server
[2025-03-01T08:33:13.324Z] ❌ Error reading register 1000 for IP 10.30.4.91: no connection to modbus server
[2025-03-01T08:33:13.324Z] Error reading actual data: no connection to modbus server
[2025-03-01T08:33:13.524Z] Error writing to Modbus register: no connection to modbus server
[2025-03-01T08:33:13.525Z] ❌ Error reading register 1000 for IP 10.30.4.91: no connection to modbus server
[2025-03-01T08:33:13.525Z] Error reading actual data: no connection to modbus server
[2025-03-01T08:33:13.525Z] Error reading register 3105 for IP 10.30.4.91: no connection to modbus server
[2025-03-01T08:33:13.526Z] Error writing to Modbus register: no connection to modbus server
[2025-03-01T08:33:13.526Z] Error reading register 3105 for IP 10.30.4.91: no connection to modbus server
[2025-03-01T08:33:13.527Z] ❌ Error reading register 1000 for IP 10.30.4.91: no connection to modbus server
[2025-03-01T08:33:13.527Z] Error reading actual data: no connection to modbus server
[2025-03-01T08:33:13.528Z] Error writing to Modbus register: no connection to modbus server
[2025-03-01T08:33:13.528Z] Error reading register 3105 for IP 10.30.4.91: no connection to modbus server
[2025-03-01T08:33:13.528Z] ❌ Error reading register 1000 for IP 10.30.4.91: no connection to modbus server
[2025-03-01T08:33:13.528Z] Error reading actual data: no connection to modbus server
[2025-03-01T08:33:13.693Z] Error writing to Modbus register: no connection to modbus server
[2025-03-01T08:33:13.694Z] Error reading register 3105 for IP 10.30.4.91: no connection to modbus server
[2025-03-01T08:33:13.694Z] ❌ Error reading register 1000 for IP 10.30.4.91: no connection to modbus server
[2025-03-01T08:33:13.694Z] Error reading actual data: no connection to modbus server
[2025-03-01T08:33:13.694Z] Error writing to Modbus register: no connection to modbus server
[2025-03-01T08:33:13.911Z] Error reading register 3105 for IP 10.30.4.91: no connection to modbus server
[2025-03-01T08:33:13.911Z] ❌ Error reading register 1000 for IP 10.30.4.91: no connection to modbus server
[2025-03-01T08:33:13.911Z] Error reading actual data: no connection to modbus server
[2025-03-01T08:33:13.911Z] Error writing to Modbus register: no connection to modbus server
[2025-03-01T08:33:14.325Z] Error reading register 3105 for IP 10.30.4.91: no connection to modbus server
[2025-03-01T08:33:14.326Z] ❌ Error reading register 1000 for IP 10.30.4.91: no connection to modbus server
[2025-03-01T08:33:14.326Z] Error reading actual data: no connection to modbus server
[2025-03-01T08:33:14.526Z] Error writing to Modbus register: no connection to modbus server
[2025-03-01T08:33:14.527Z] Error reading register 3105 for IP 10.30.4.91: no connection to modbus server
[2025-03-01T08:33:14.527Z] ❌ Error reading register 1000 for IP 10.30.4.91: no connection to modbus server
[2025-03-01T08:33:14.528Z] Error reading actual data: no connection to modbus server
[2025-03-01T08:33:14.528Z] Error writing to Modbus register: no connection to modbus server
[2025-03-01T08:33:14.529Z] ❌ Error reading register 1000 for IP 10.30.4.91: no connection to modbus server
[2025-03-01T08:33:14.529Z] Error reading register 3105 for IP 10.30.4.91: no connection to modbus server
[2025-03-01T08:33:14.529Z] Error writing to Modbus register: no connection to modbus server
[2025-03-01T08:33:14.529Z] Error reading actual data: no connection to modbus server
[2025-03-01T08:33:14.530Z] Error reading register 3105 for IP 10.30.4.91: no connection to modbus server
[2025-03-01T08:33:14.530Z] ❌ Error reading register 1000 for IP 10.30.4.91: no connection to modbus server
[2025-03-01T08:33:14.530Z] Error reading actual data: no connection to modbus server
[2025-03-01T08:33:14.704Z] Error writing to Modbus register: no connection to modbus server
[2025-03-01T08:33:14.705Z] Error reading register 3105 for IP 10.30.4.91: no connection to modbus server
[2025-03-01T08:33:14.705Z] ❌ Error reading register 1000 for IP 10.30.4.91: no connection to modbus server
[2025-03-01T08:33:14.705Z] Error reading actual data: no connection to modbus server
[2025-03-01T08:33:14.706Z] Error writing to Modbus register: no connection to modbus server
[2025-03-01T08:33:14.924Z] Error reading register 3105 for IP 10.30.4.91: no connection to modbus server
[2025-03-01T08:33:14.925Z] ❌ Error reading register 1000 for IP 10.30.4.91: no connection to modbus server
[2025-03-01T08:33:14.925Z] Error reading actual data: no connection to modbus server
[2025-03-01T08:33:14.925Z] Error writing to Modbus register: no connection to modbus server
[2025-03-01T08:33:15.341Z] ❌ Error reading register 1000 for IP 10.30.4.91: no connection to modbus server
[2025-03-01T08:33:15.341Z] Error reading register 3105 for IP 10.30.4.91: no connection to modbus server
[2025-03-01T08:33:15.342Z] Error reading actual data: no connection to modbus server
[2025-03-01T08:33:15.529Z] Error writing to Modbus register: no connection to modbus server
[2025-03-01T08:33:15.530Z] Error reading register 3105 for IP 10.30.4.91: no connection to modbus server
[2025-03-01T08:33:15.530Z] ❌ Error reading register 1000 for IP 10.30.4.91: no connection to modbus server
[2025-03-01T08:33:15.530Z] Error reading actual data: no connection to modbus server
[2025-03-01T08:33:15.531Z] Error writing to Modbus register: no connection to modbus server
[2025-03-01T08:33:15.532Z] Error reading register 3105 for IP 10.30.4.91: no connection to modbus server
[2025-03-01T08:33:15.532Z] ❌ Error reading register 1000 for IP 10.30.4.91: no connection to modbus server
[2025-03-01T08:33:15.533Z] Error reading actual data: no connection to modbus server
[2025-03-01T08:33:15.533Z] Error reading register 3105 for IP 10.30.4.91: no connection to modbus server
[2025-03-01T08:33:15.533Z] Error writing to Modbus register: no connection to modbus server
[2025-03-01T08:33:15.534Z] ❌ Error reading register 1000 for IP 10.30.4.91: no connection to modbus server
[2025-03-01T08:33:15.534Z] Error reading actual data: no connection to modbus server
[2025-03-01T08:33:15.719Z] Error writing to Modbus register: no connection to modbus server
[2025-03-01T08:33:15.720Z] Error reading register 3105 for IP 10.30.4.91: no connection to modbus server
[2025-03-01T08:33:15.720Z] Error reading actual data: no connection to modbus server
[2025-03-01T08:33:15.720Z] ❌ Error reading register 1000 for IP 10.30.4.91: no connection to modbus server
[2025-03-01T08:33:15.720Z] Error writing to Modbus register: no connection to modbus server
[2025-03-01T08:33:15.928Z] Error reading register 3105 for IP 10.30.4.91: no connection to modbus server
[2025-03-01T08:33:15.929Z] ❌ Error reading register 1000 for IP 10.30.4.91: no connection to modbus server
[2025-03-01T08:33:15.929Z] Error reading actual data: no connection to modbus server
[2025-03-01T08:33:15.929Z] Error writing to Modbus register: no connection to modbus server
[2025-03-01T08:33:16.344Z] ❌ Error reading register 1000 for IP 10.30.4.91: no connection to modbus server
[2025-03-01T08:33:16.343Z] Error reading register 3105 for IP 10.30.4.91: no connection to modbus server
[2025-03-01T08:33:16.344Z] Error reading actual data: no connection to modbus server
[2025-03-01T08:33:16.541Z] Error writing to Modbus register: no connection to modbus server
[2025-03-01T08:33:16.541Z] Error reading register 3105 for IP 10.30.4.91: no connection to modbus server
[2025-03-01T08:33:16.541Z] ❌ Error reading register 1000 for IP 10.30.4.91: no connection to modbus server
[2025-03-01T08:33:16.541Z] Error reading actual data: no connection to modbus server
[2025-03-01T08:33:16.542Z] Error writing to Modbus register: no connection to modbus server
[2025-03-01T08:33:16.542Z] Error reading register 3105 for IP 10.30.4.91: no connection to modbus server
[2025-03-01T08:33:16.542Z] ❌ Error reading register 1000 for IP 10.30.4.91: no connection to modbus server
[2025-03-01T08:33:16.542Z] Error reading actual data: no connection to modbus server
[2025-03-01T08:33:16.542Z] Error writing to Modbus register: no connection to modbus server
[2025-03-01T08:33:16.543Z] Error reading register 3105 for IP 10.30.4.91: no connection to modbus server
[2025-03-01T08:33:16.543Z] ❌ Error reading register 1000 for IP 10.30.4.91: no connection to modbus server
[2025-03-01T08:33:16.543Z] Error reading actual data: no connection to modbus server
[2025-03-01T08:33:16.724Z] Error writing to Modbus register: no connection to modbus server
[2025-03-01T08:33:16.725Z] Error reading register 3105 for IP 10.30.4.91: no connection to modbus server
[2025-03-01T08:33:16.725Z] ❌ Error reading register 1000 for IP 10.30.4.91: no connection to modbus server
[2025-03-01T08:33:16.725Z] Error reading actual data: no connection to modbus server
[2025-03-01T08:33:16.725Z] Error writing to Modbus register: no connection to modbus server
[2025-03-01T08:33:16.940Z] Error reading register 3105 for IP 10.30.4.91: no connection to modbus server
[2025-03-01T08:33:16.940Z] ❌ Error reading register 1000 for IP 10.30.4.91: no connection to modbus server
[2025-03-01T08:33:16.940Z] Error writing to Modbus register: no connection to modbus server
[2025-03-01T08:33:16.940Z] Error reading actual data: no connection to modbus server
[2025-03-01T08:33:17.342Z] Error reading register 3105 for IP 10.30.4.91: no connection to modbus server
[2025-03-01T08:33:17.343Z] ❌ Error reading register 1000 for IP 10.30.4.91: no connection to modbus server
[2025-03-01T08:33:17.343Z] Error reading actual data: no connection to modbus server
[2025-03-01T08:33:17.541Z] Error writing to Modbus register: no connection to modbus server
[2025-03-01T08:33:17.542Z] ❌ Error reading register 1000 for IP 10.30.4.91: no connection to modbus server
[2025-03-01T08:33:17.542Z] Error reading register 3105 for IP 10.30.4.91: no connection to modbus server
[2025-03-01T08:33:17.542Z] Error reading actual data: no connection to modbus server
[2025-03-01T08:33:17.542Z] Error writing to Modbus register: no connection to modbus server
[2025-03-01T08:33:17.543Z] Error reading register 3105 for IP 10.30.4.91: no connection to modbus server
[2025-03-01T08:33:17.543Z] ❌ Error reading register 1000 for IP 10.30.4.91: no connection to modbus server
[2025-03-01T08:33:17.544Z] Error reading actual data: no connection to modbus server
[2025-03-01T08:33:17.544Z] Error writing to Modbus register: no connection to modbus server
[2025-03-01T08:33:17.544Z] Error reading register 3105 for IP 10.30.4.91: no connection to modbus server
[2025-03-01T08:33:17.544Z] ❌ Error reading register 1000 for IP 10.30.4.91: no connection to modbus server
[2025-03-01T08:33:17.545Z] Error reading actual data: no connection to modbus server
[2025-03-01T08:33:17.726Z] Error writing to Modbus register: no connection to modbus server
[2025-03-01T08:33:17.728Z] Error reading register 3105 for IP 10.30.4.91: no connection to modbus server
[2025-03-01T08:33:17.729Z] Error reading actual data: no connection to modbus server
[2025-03-01T08:33:17.728Z] ❌ Error reading register 1000 for IP 10.30.4.91: no connection to modbus server
[2025-03-01T08:33:17.729Z] Error writing to Modbus register: no connection to modbus server
[2025-03-01T08:33:17.943Z] Error reading register 3105 for IP 10.30.4.91: no connection to modbus server
[2025-03-01T08:33:17.943Z] ❌ Error reading register 1000 for IP 10.30.4.91: no connection to modbus server
[2025-03-01T08:33:17.944Z] Error writing to Modbus register: no connection to modbus server
[2025-03-01T08:33:17.944Z] Error reading actual data: no connection to modbus server
[2025-03-01T08:33:18.342Z] Error reading register 3105 for IP 10.30.4.91: no connection to modbus server
[2025-03-01T08:33:18.342Z] ❌ Error reading register 1000 for IP 10.30.4.91: no connection to modbus server
[2025-03-01T08:33:18.343Z] Error reading actual data: no connection to modbus server
[2025-03-01T08:33:18.544Z] Error writing to Modbus register: no connection to modbus server
[2025-03-01T08:33:18.545Z] Error reading register 3105 for IP 10.30.4.91: no connection to modbus server
[2025-03-01T08:33:18.546Z] ❌ Error reading register 1000 for IP 10.30.4.91: no connection to modbus server
[2025-03-01T08:33:18.546Z] Error reading actual data: no connection to modbus server
[2025-03-01T08:33:18.547Z] Error reading register 3105 for IP 10.30.4.91: no connection to modbus server
[2025-03-01T08:33:18.547Z] ❌ Error reading register 1000 for IP 10.30.4.91: no connection to modbus server
[2025-03-01T08:33:18.546Z] Error writing to Modbus register: no connection to modbus server
[2025-03-01T08:33:18.548Z] Error reading actual data: no connection to modbus server
[2025-03-01T08:33:18.548Z] Error writing to Modbus register: no connection to modbus server
[2025-03-01T08:33:18.549Z] Error reading register 3105 for IP 10.30.4.91: no connection to modbus server
[2025-03-01T08:33:18.549Z] ❌ Error reading register 1000 for IP 10.30.4.91: no connection to modbus server
[2025-03-01T08:33:18.549Z] Error reading actual data: no connection to modbus server
[2025-03-01T08:33:18.741Z] Error writing to Modbus register: no connection to modbus server
[2025-03-01T08:33:18.741Z] Error reading register 3105 for IP 10.30.4.91: no connection to modbus server
[2025-03-01T08:33:18.741Z] ❌ Error reading register 1000 for IP 10.30.4.91: no connection to modbus server
[2025-03-01T08:33:18.741Z] Error reading actual data: no connection to modbus server
[2025-03-01T08:33:18.742Z] Error writing to Modbus register: no connection to modbus server
[2025-03-01T08:33:18.945Z] ❌ Error reading register 1000 for IP 10.30.4.91: no connection to modbus server
[2025-03-01T08:33:18.945Z] Error reading register 3105 for IP 10.30.4.91: no connection to modbus server
[2025-03-01T08:33:18.946Z] Error reading actual data: no connection to modbus server
[2025-03-01T08:33:18.947Z] Error writing to Modbus register: no connection to modbus server
[2025-03-01T08:33:19.344Z] Error reading register 3105 for IP 10.30.4.91: no connection to modbus server
[2025-03-01T08:33:19.344Z] ❌ Error reading register 1000 for IP 10.30.4.91: no connection to modbus server
[2025-03-01T08:33:19.344Z] Error reading actual data: no connection to modbus server
[2025-03-01T08:33:19.544Z] Error writing to Modbus register: no connection to modbus server
[2025-03-01T08:33:19.544Z] Error reading register 3105 for IP 10.30.4.91: no connection to modbus server
[2025-03-01T08:33:19.544Z] ❌ Error reading register 1000 for IP 10.30.4.91: no connection to modbus server
[2025-03-01T08:33:19.545Z] Error reading actual data: no connection to modbus server
[2025-03-01T08:33:19.558Z] Error writing to Modbus register: no connection to modbus server
[2025-03-01T08:33:19.559Z] Error reading register 3105 for IP 10.30.4.91: no connection to modbus server
[2025-03-01T08:33:19.559Z] ❌ Error reading register 1000 for IP 10.30.4.91: no connection to modbus server
[2025-03-01T08:33:19.559Z] Error reading actual data: no connection to modbus server
[2025-03-01T08:33:19.560Z] Error writing to Modbus register: no connection to modbus server
[2025-03-01T08:33:19.560Z] Error reading register 3105 for IP 10.30.4.91: no connection to modbus server
[2025-03-01T08:33:19.560Z] ❌ Error reading register 1000 for IP 10.30.4.91: no connection to modbus server
[2025-03-01T08:33:19.561Z] Error reading actual data: no connection to modbus server
[2025-03-01T08:33:19.746Z] Error reading register 3105 for IP 10.30.4.91: no connection to modbus server
[2025-03-01T08:33:19.744Z] Error writing to Modbus register: no connection to modbus server
[2025-03-01T08:33:19.746Z] ❌ Error reading register 1000 for IP 10.30.4.91: no connection to modbus server
[2025-03-01T08:33:19.747Z] Error writing to Modbus register: no connection to modbus server
[2025-03-01T08:33:19.747Z] Error reading actual data: no connection to modbus server
[2025-03-01T08:33:19.944Z] Error reading register 3105 for IP 10.30.4.91: no connection to modbus server
[2025-03-01T08:33:19.944Z] ❌ Error reading register 1000 for IP 10.30.4.91: no connection to modbus server
[2025-03-01T08:33:19.944Z] Error reading actual data: no connection to modbus server
[2025-03-01T08:33:19.959Z] Error writing to Modbus register: no connection to modbus server
[2025-03-01T08:33:20.359Z] Error reading register 3105 for IP 10.30.4.91: no connection to modbus server
[2025-03-01T08:33:20.359Z] ❌ Error reading register 1000 for IP 10.30.4.91: no connection to modbus server
[2025-03-01T08:33:20.359Z] Error reading actual data: no connection to modbus server
[2025-03-01T08:33:20.544Z] Error writing to Modbus register: no connection to modbus server
[2025-03-01T08:33:20.545Z] Error reading register 3105 for IP 10.30.4.91: no connection to modbus server
[2025-03-01T08:33:20.545Z] ❌ Error reading register 1000 for IP 10.30.4.91: no connection to modbus server
[2025-03-01T08:33:20.545Z] Error reading actual data: no connection to modbus server
[2025-03-01T08:33:20.559Z] Error writing to Modbus register: no connection to modbus server
[2025-03-01T08:33:20.559Z] Error reading register 3105 for IP 10.30.4.91: no connection to modbus server
[2025-03-01T08:33:20.560Z] ❌ Error reading register 1000 for IP 10.30.4.91: no connection to modbus server
[2025-03-01T08:33:20.560Z] Error reading actual data: no connection to modbus server
[2025-03-01T08:33:20.561Z] Error reading register 3105 for IP 10.30.4.91: no connection to modbus server
[2025-03-01T08:33:20.560Z] Error writing to Modbus register: no connection to modbus server
[2025-03-01T08:33:20.561Z] ❌ Error reading register 1000 for IP 10.30.4.91: no connection to modbus server
[2025-03-01T08:33:20.561Z] Error reading actual data: no connection to modbus server
[2025-03-01T08:33:20.744Z] Error writing to Modbus register: no connection to modbus server
[2025-03-01T08:33:20.759Z] Error reading register 3105 for IP 10.30.4.91: no connection to modbus server
[2025-03-01T08:33:20.760Z] ❌ Error reading register 1000 for IP 10.30.4.91: no connection to modbus server
[2025-03-01T08:33:20.760Z] Error reading actual data: no connection to modbus server
[2025-03-01T08:33:20.760Z] Error writing to Modbus register: no connection to modbus server
[2025-03-01T08:33:20.948Z] Error reading register 3105 for IP 10.30.4.91: no connection to modbus server
[2025-03-01T08:33:20.948Z] ❌ Error reading register 1000 for IP 10.30.4.91: no connection to modbus server
[2025-03-01T08:33:20.948Z] Error reading actual data: no connection to modbus server
[2025-03-01T08:33:20.961Z] Error writing to Modbus register: no connection to modbus server
[2025-03-01T08:33:21.360Z] Error reading register 3105 for IP 10.30.4.91: no connection to modbus server
[2025-03-01T08:33:21.361Z] Error reading actual data: no connection to modbus server
[2025-03-01T08:33:21.361Z] ❌ Error reading register 1000 for IP 10.30.4.91: no connection to modbus server
[2025-03-01T08:33:21.544Z] Error writing to Modbus register: no connection to modbus server
[2025-03-01T08:33:21.560Z] Error reading register 3105 for IP 10.30.4.91: no connection to modbus server
[2025-03-01T08:33:21.560Z] ❌ Error reading register 1000 for IP 10.30.4.91: no connection to modbus server
[2025-03-01T08:33:21.561Z] Error reading actual data: no connection to modbus server
[2025-03-01T08:33:21.561Z] Error writing to Modbus register: no connection to modbus server
[2025-03-01T08:33:21.561Z] Error reading register 3105 for IP 10.30.4.91: no connection to modbus server
[2025-03-01T08:33:21.561Z] ❌ Error reading register 1000 for IP 10.30.4.91: no connection to modbus server
[2025-03-01T08:33:21.561Z] Error reading actual data: no connection to modbus server
[2025-03-01T08:33:21.562Z] Error writing to Modbus register: no connection to modbus server
[2025-03-01T08:33:21.562Z] ❌ Error reading register 1000 for IP 10.30.4.91: no connection to modbus server
[2025-03-01T08:33:21.562Z] Error reading register 3105 for IP 10.30.4.91: no connection to modbus server
[2025-03-01T08:33:21.562Z] Error reading actual data: no connection to modbus server
[2025-03-01T08:33:21.750Z] Error writing to Modbus register: no connection to modbus server
[2025-03-01T08:33:21.766Z] Error reading actual data: no connection to modbus server
[2025-03-01T08:33:21.766Z] Error reading register 3105 for IP 10.30.4.91: no connection to modbus server
[2025-03-01T08:33:21.766Z] ❌ Error reading register 1000 for IP 10.30.4.91: no connection to modbus server
[2025-03-01T08:33:21.767Z] Error writing to Modbus register: no connection to modbus server
[2025-03-01T08:33:21.949Z] Error reading register 3105 for IP 10.30.4.91: no connection to modbus server
[2025-03-01T08:33:21.950Z] ❌ Error reading register 1000 for IP 10.30.4.91: no connection to modbus server
[2025-03-01T08:33:21.950Z] Error reading actual data: no connection to modbus server
[2025-03-01T08:33:21.966Z] Error writing to Modbus register: no connection to modbus server
[2025-03-01T08:33:22.373Z] Error reading register 3105 for IP 10.30.4.91: no connection to modbus server
[2025-03-01T08:33:22.373Z] ❌ Error reading register 1000 for IP 10.30.4.91: no connection to modbus server
[2025-03-01T08:33:22.373Z] Error reading actual data: no connection to modbus server
[2025-03-01T08:33:22.543Z] Error writing to Modbus register: no connection to modbus server
[2025-03-01T08:33:22.562Z] ❌ Error reading register 1000 for IP 10.30.4.91: no connection to modbus server
[2025-03-01T08:33:22.561Z] Error reading register 3105 for IP 10.30.4.91: no connection to modbus server
[2025-03-01T08:33:22.562Z] Error reading actual data: no connection to modbus server
[2025-03-01T08:33:22.563Z] Error writing to Modbus register: no connection to modbus server
[2025-03-01T08:33:22.564Z] Error reading register 3105 for IP 10.30.4.91: no connection to modbus server
[2025-03-01T08:33:22.564Z] ❌ Error reading register 1000 for IP 10.30.4.91: no connection to modbus server
[2025-03-01T08:33:22.564Z] Error reading actual data: no connection to modbus server
[2025-03-01T08:33:22.564Z] Error writing to Modbus register: no connection to modbus server
[2025-03-01T08:33:22.565Z] Error reading register 3105 for IP 10.30.4.91: no connection to modbus server
[2025-03-01T08:33:22.565Z] ❌ Error reading register 1000 for IP 10.30.4.91: no connection to modbus server
[2025-03-01T08:33:22.566Z] Error reading actual data: no connection to modbus server
[2025-03-01T08:33:22.757Z] Error writing to Modbus register: no connection to modbus server
[2025-03-01T08:33:22.772Z] Error reading register 3105 for IP 10.30.4.91: no connection to modbus server
[2025-03-01T08:33:22.772Z] ❌ Error reading register 1000 for IP 10.30.4.91: no connection to modbus server
[2025-03-01T08:33:22.773Z] Error writing to Modbus register: no connection to modbus server
[2025-03-01T08:33:22.773Z] Error reading actual data: no connection to modbus server
[2025-03-01T08:33:22.956Z] Error reading register 3105 for IP 10.30.4.91: no connection to modbus server
[2025-03-01T08:33:22.956Z] ❌ Error reading register 1000 for IP 10.30.4.91: no connection to modbus server
[2025-03-01T08:33:22.957Z] Error reading actual data: no connection to modbus server
[2025-03-01T08:33:22.977Z] Error writing to Modbus register: no connection to modbus server
[2025-03-01T08:33:23.377Z] ❌ Error reading register 1000 for IP 10.30.4.91: no connection to modbus server
[2025-03-01T08:33:23.378Z] Error reading actual data: no connection to modbus server
[2025-03-01T08:33:23.377Z] Error reading register 3105 for IP 10.30.4.91: no connection to modbus server
[2025-03-01T08:33:23.553Z] Error writing to Modbus register: no connection to modbus server
[2025-03-01T08:33:23.576Z] Error reading register 3105 for IP 10.30.4.91: no connection to modbus server
[2025-03-01T08:33:23.576Z] ❌ Error reading register 1000 for IP 10.30.4.91: no connection to modbus server
[2025-03-01T08:33:23.577Z] Error reading actual data: no connection to modbus server
[2025-03-01T08:33:23.577Z] Error writing to Modbus register: no connection to modbus server
[2025-03-01T08:33:23.578Z] Error reading register 3105 for IP 10.30.4.91: no connection to modbus server
[2025-03-01T08:33:23.578Z] ❌ Error reading register 1000 for IP 10.30.4.91: no connection to modbus server
[2025-03-01T08:33:23.578Z] Error reading actual data: no connection to modbus server
[2025-03-01T08:33:23.578Z] Error writing to Modbus register: no connection to modbus server
[2025-03-01T08:33:23.579Z] Error reading register 3105 for IP 10.30.4.91: no connection to modbus server
[2025-03-01T08:33:23.579Z] ❌ Error reading register 1000 for IP 10.30.4.91: no connection to modbus server
[2025-03-01T08:33:23.579Z] Error reading actual data: no connection to modbus server
[2025-03-01T08:33:23.766Z] Error writing to Modbus register: no connection to modbus server
[2025-03-01T08:33:23.783Z] Error reading register 3105 for IP 10.30.4.91: no connection to modbus server
[2025-03-01T08:33:23.783Z] ❌ Error reading register 1000 for IP 10.30.4.91: no connection to modbus server
[2025-03-01T08:33:23.784Z] Error writing to Modbus register: no connection to modbus server
[2025-03-01T08:33:23.784Z] Error reading actual data: no connection to modbus server
[2025-03-01T08:33:23.958Z] Error reading register 3105 for IP 10.30.4.91: no connection to modbus server
[2025-03-01T08:33:23.958Z] ❌ Error reading register 1000 for IP 10.30.4.91: no connection to modbus server
[2025-03-01T08:33:23.958Z] Error reading actual data: no connection to modbus server
[2025-03-01T08:33:23.977Z] Error writing to Modbus register: no connection to modbus server
[2025-03-01T08:33:24.377Z] Error reading register 3105 for IP 10.30.4.91: no connection to modbus server
[2025-03-01T08:33:24.377Z] Error reading actual data: no connection to modbus server
[2025-03-01T08:33:24.377Z] ❌ Error reading register 1000 for IP 10.30.4.91: no connection to modbus server
[2025-03-01T08:33:24.562Z] Error writing to Modbus register: no connection to modbus server
[2025-03-01T08:33:24.577Z] Error reading register 3105 for IP 10.30.4.91: no connection to modbus server
[2025-03-01T08:33:24.577Z] ❌ Error reading register 1000 for IP 10.30.4.91: no connection to modbus server
[2025-03-01T08:33:24.578Z] Error reading actual data: no connection to modbus server
[2025-03-01T08:33:24.578Z] Error writing to Modbus register: no connection to modbus server
[2025-03-01T08:33:24.579Z] Error reading register 3105 for IP 10.30.4.91: no connection to modbus server
[2025-03-01T08:33:24.579Z] ❌ Error reading register 1000 for IP 10.30.4.91: no connection to modbus server
[2025-03-01T08:33:24.579Z] Error reading actual data: no connection to modbus server
[2025-03-01T08:33:24.579Z] Error writing to Modbus register: no connection to modbus server
[2025-03-01T08:33:24.580Z] Error reading register 3105 for IP 10.30.4.91: no connection to modbus server
[2025-03-01T08:33:24.580Z] ❌ Error reading register 1000 for IP 10.30.4.91: no connection to modbus server
[2025-03-01T08:33:24.581Z] Error reading actual data: no connection to modbus server
[2025-03-01T08:33:24.776Z] Error writing to Modbus register: no connection to modbus server
[2025-03-01T08:33:24.790Z] ❌ Error reading register 1000 for IP 10.30.4.91: no connection to modbus server
[2025-03-01T08:33:24.790Z] Error reading actual data: no connection to modbus server
[2025-03-01T08:33:24.790Z] Error writing to Modbus register: no connection to modbus server
[2025-03-01T08:33:24.790Z] Error reading register 3105 for IP 10.30.4.91: no connection to modbus server
[2025-03-01T08:33:24.964Z] Error reading register 3105 for IP 10.30.4.91: no connection to modbus server
[2025-03-01T08:33:24.964Z] ❌ Error reading register 1000 for IP 10.30.4.91: no connection to modbus server
[2025-03-01T08:33:24.964Z] Error reading actual data: no connection to modbus server
[2025-03-01T08:33:24.981Z] Error writing to Modbus register: no connection to modbus server
[2025-03-01T08:33:25.392Z] Error reading register 3105 for IP 10.30.4.91: no connection to modbus server
[2025-03-01T08:33:25.392Z] ❌ Error reading register 1000 for IP 10.30.4.91: no connection to modbus server
[2025-03-01T08:33:25.392Z] Error reading actual data: no connection to modbus server
[2025-03-01T08:33:25.575Z] Error writing to Modbus register: no connection to modbus server
[2025-03-01T08:33:25.577Z] ❌ Error reading register 1000 for IP 10.30.4.91: no connection to modbus server
[2025-03-01T08:33:25.576Z] Error reading register 3105 for IP 10.30.4.91: no connection to modbus server
[2025-03-01T08:33:25.577Z] Error reading actual data: no connection to modbus server
[2025-03-01T08:33:25.593Z] Error writing to Modbus register: no connection to modbus server
[2025-03-01T08:33:25.594Z] Error reading register 3105 for IP 10.30.4.91: no connection to modbus server
[2025-03-01T08:33:25.594Z] Error reading actual data: no connection to modbus server
[2025-03-01T08:33:25.595Z] Error writing to Modbus register: no connection to modbus server
[2025-03-01T08:33:25.594Z] ❌ Error reading register 1000 for IP 10.30.4.91: no connection to modbus server
[2025-03-01T08:33:25.595Z] Error reading register 3105 for IP 10.30.4.91: no connection to modbus server
[2025-03-01T08:33:25.595Z] ❌ Error reading register 1000 for IP 10.30.4.91: no connection to modbus server
[2025-03-01T08:33:25.595Z] Error reading actual data: no connection to modbus server
[2025-03-01T08:33:25.777Z] Error writing to Modbus register: no connection to modbus server
[2025-03-01T08:33:25.794Z] Error reading register 3105 for IP 10.30.4.91: no connection to modbus server
[2025-03-01T08:33:25.794Z] ❌ Error reading register 1000 for IP 10.30.4.91: no connection to modbus server
[2025-03-01T08:33:25.794Z] Error reading actual data: no connection to modbus server
[2025-03-01T08:33:25.794Z] Error writing to Modbus register: no connection to modbus server
[2025-03-01T08:33:25.977Z] Error reading register 3105 for IP 10.30.4.91: no connection to modbus server
[2025-03-01T08:33:25.977Z] ❌ Error reading register 1000 for IP 10.30.4.91: no connection to modbus server
[2025-03-01T08:33:25.977Z] Error reading actual data: no connection to modbus server
[2025-03-01T08:33:25.992Z] Error writing to Modbus register: no connection to modbus server
[2025-03-01T08:33:26.394Z] Error reading register 3105 for IP 10.30.4.91: no connection to modbus server
[2025-03-01T08:33:26.394Z] ❌ Error reading register 1000 for IP 10.30.4.91: no connection to modbus server
[2025-03-01T08:33:26.394Z] Error reading actual data: no connection to modbus server
[2025-03-01T08:33:26.577Z] Error reading register 3105 for IP 10.30.4.91: no connection to modbus server
[2025-03-01T08:33:26.577Z] Error writing to Modbus register: no connection to modbus server
[2025-03-01T08:33:26.577Z] Error reading actual data: no connection to modbus server
[2025-03-01T08:33:26.577Z] ❌ Error reading register 1000 for IP 10.30.4.91: no connection to modbus server
[2025-03-01T08:33:26.593Z] Error writing to Modbus register: no connection to modbus server
[2025-03-01T08:33:26.594Z] Error reading register 3105 for IP 10.30.4.91: no connection to modbus server
[2025-03-01T08:33:26.595Z] ❌ Error reading register 1000 for IP 10.30.4.91: no connection to modbus server
[2025-03-01T08:33:26.595Z] Error reading actual data: no connection to modbus server
[2025-03-01T08:33:26.595Z] Error writing to Modbus register: no connection to modbus server
[2025-03-01T08:33:26.596Z] Error reading register 3105 for IP 10.30.4.91: no connection to modbus server
[2025-03-01T08:33:26.596Z] ❌ Error reading register 1000 for IP 10.30.4.91: no connection to modbus server
[2025-03-01T08:33:26.596Z] Error reading actual data: no connection to modbus server
[2025-03-01T08:33:26.790Z] Error writing to Modbus register: no connection to modbus server
[2025-03-01T08:33:26.794Z] Error reading register 3105 for IP 10.30.4.91: no connection to modbus server
[2025-03-01T08:33:26.794Z] ❌ Error reading register 1000 for IP 10.30.4.91: no connection to modbus server
[2025-03-01T08:33:26.794Z] Error reading actual data: no connection to modbus server
[2025-03-01T08:33:26.795Z] Error writing to Modbus register: no connection to modbus server
[2025-03-01T08:33:26.988Z] Error reading register 3105 for IP 10.30.4.91: no connection to modbus server
[2025-03-01T08:33:26.988Z] ❌ Error reading register 1000 for IP 10.30.4.91: no connection to modbus server
[2025-03-01T08:33:26.988Z] Error reading actual data: no connection to modbus server
[2025-03-01T08:33:26.994Z] Error writing to Modbus register: no connection to modbus server
[2025-03-01T08:33:27.394Z] Error reading register 3105 for IP 10.30.4.91: no connection to modbus server
[2025-03-01T08:33:27.394Z] ❌ Error reading register 1000 for IP 10.30.4.91: no connection to modbus server
[2025-03-01T08:33:27.394Z] Error reading actual data: no connection to modbus server
[2025-03-01T08:33:27.586Z] Error writing to Modbus register: no connection to modbus server
[2025-03-01T08:33:27.587Z] Error reading register 3105 for IP 10.30.4.91: no connection to modbus server
[2025-03-01T08:33:27.587Z] ❌ Error reading register 1000 for IP 10.30.4.91: no connection to modbus server
[2025-03-01T08:33:27.588Z] Error reading actual data: no connection to modbus server
[2025-03-01T08:33:27.600Z] Error writing to Modbus register: no connection to modbus server
[2025-03-01T08:33:27.601Z] Error reading register 3105 for IP 10.30.4.91: no connection to modbus server
[2025-03-01T08:33:27.601Z] Error reading actual data: no connection to modbus server
[2025-03-01T08:33:27.601Z] ❌ Error reading register 1000 for IP 10.30.4.91: no connection to modbus server
[2025-03-01T08:33:27.601Z] Error writing to Modbus register: no connection to modbus server
[2025-03-01T08:33:27.602Z] Error reading register 3105 for IP 10.30.4.91: no connection to modbus server
[2025-03-01T08:33:27.602Z] ❌ Error reading register 1000 for IP 10.30.4.91: no connection to modbus server
[2025-03-01T08:33:27.602Z] Error reading actual data: no connection to modbus server
[2025-03-01T08:33:27.794Z] Error writing to Modbus register: no connection to modbus server
[2025-03-01T08:33:27.796Z] Error reading register 3105 for IP 10.30.4.91: no connection to modbus server
[2025-03-01T08:33:27.796Z] ❌ Error reading register 1000 for IP 10.30.4.91: no connection to modbus server
[2025-03-01T08:33:27.796Z] Error reading actual data: no connection to modbus server
[2025-03-01T08:33:27.797Z] Error writing to Modbus register: no connection to modbus server
[2025-03-01T08:33:27.994Z] ❌ Error reading register 1000 for IP 10.30.4.91: no connection to modbus server
[2025-03-01T08:33:27.994Z] Error reading register 3105 for IP 10.30.4.91: no connection to modbus server
[2025-03-01T08:33:27.994Z] Error reading actual data: no connection to modbus server
[2025-03-01T08:33:27.995Z] Error writing to Modbus register: no connection to modbus server
[2025-03-01T08:33:28.397Z] Error reading register 3105 for IP 10.30.4.91: no connection to modbus server
[2025-03-01T08:33:28.397Z] ❌ Error reading register 1000 for IP 10.30.4.91: no connection to modbus server
[2025-03-01T08:33:28.397Z] Error reading actual data: no connection to modbus server
[2025-03-01T08:33:28.594Z] Error writing to Modbus register: no connection to modbus server
[2025-03-01T08:33:28.594Z] Error reading register 3105 for IP 10.30.4.91: no connection to modbus server
[2025-03-01T08:33:28.594Z] ❌ Error reading register 1000 for IP 10.30.4.91: no connection to modbus server
[2025-03-01T08:33:28.594Z] Error reading actual data: no connection to modbus server
[2025-03-01T08:33:28.609Z] Error writing to Modbus register: no connection to modbus server
[2025-03-01T08:33:28.610Z] Error reading register 3105 for IP 10.30.4.91: no connection to modbus server
[2025-03-01T08:33:28.610Z] ❌ Error reading register 1000 for IP 10.30.4.91: no connection to modbus server
[2025-03-01T08:33:28.610Z] Error reading actual data: no connection to modbus server
[2025-03-01T08:33:28.610Z] Error writing to Modbus register: no connection to modbus server
[2025-03-01T08:33:28.611Z] Error reading register 3105 for IP 10.30.4.91: no connection to modbus server
[2025-03-01T08:33:28.611Z] ❌ Error reading register 1000 for IP 10.30.4.91: no connection to modbus server
[2025-03-01T08:33:28.611Z] Error reading actual data: no connection to modbus server
[2025-03-01T08:33:28.798Z] Error writing to Modbus register: no connection to modbus server
[2025-03-01T08:33:28.799Z] Error reading register 3105 for IP 10.30.4.91: no connection to modbus server
[2025-03-01T08:33:28.799Z] ❌ Error reading register 1000 for IP 10.30.4.91: no connection to modbus server
[2025-03-01T08:33:28.800Z] Error writing to Modbus register: no connection to modbus server
[2025-03-01T08:33:28.799Z] Error reading actual data: no connection to modbus server
[2025-03-01T08:33:29.008Z] Error reading register 3105 for IP 10.30.4.91: no connection to modbus server
[2025-03-01T08:33:29.009Z] ❌ Error reading register 1000 for IP 10.30.4.91: no connection to modbus server
[2025-03-01T08:33:29.009Z] Error reading actual data: no connection to modbus server
[2025-03-01T08:33:29.009Z] Error writing to Modbus register: no connection to modbus server
[2025-03-01T08:33:29.397Z] Error reading register 3105 for IP 10.30.4.91: no connection to modbus server
[2025-03-01T08:33:29.397Z] ❌ Error reading register 1000 for IP 10.30.4.91: no connection to modbus server
[2025-03-01T08:33:29.397Z] Error reading actual data: no connection to modbus server
[2025-03-01T08:33:29.607Z] Error writing to Modbus register: no connection to modbus server
[2025-03-01T08:33:29.609Z] Error reading register 3105 for IP 10.30.4.91: no connection to modbus server
[2025-03-01T08:33:29.609Z] ❌ Error reading register 1000 for IP 10.30.4.91: no connection to modbus server
[2025-03-01T08:33:29.610Z] Error reading actual data: no connection to modbus server
[2025-03-01T08:33:29.611Z] Error writing to Modbus register: no connection to modbus server
[2025-03-01T08:33:29.613Z] ❌ Error reading register 1000 for IP 10.30.4.91: no connection to modbus server
[2025-03-01T08:33:29.612Z] Error reading register 3105 for IP 10.30.4.91: no connection to modbus server
[2025-03-01T08:33:29.613Z] Error reading actual data: no connection to modbus server
[2025-03-01T08:33:29.615Z] Error reading register 3105 for IP 10.30.4.91: no connection to modbus server
[2025-03-01T08:33:29.616Z] ❌ Error reading register 1000 for IP 10.30.4.91: no connection to modbus server
[2025-03-01T08:33:29.616Z] Error reading actual data: no connection to modbus server
[2025-03-01T08:33:29.614Z] Error writing to Modbus register: no connection to modbus server
[2025-03-01T08:33:29.807Z] Error writing to Modbus register: no connection to modbus server
[2025-03-01T08:33:29.809Z] Error reading register 3105 for IP 10.30.4.91: no connection to modbus server
[2025-03-01T08:33:29.810Z] ❌ Error reading register 1000 for IP 10.30.4.91: no connection to modbus server
[2025-03-01T08:33:29.810Z] Error reading actual data: no connection to modbus server
[2025-03-01T08:33:29.811Z] Error writing to Modbus register: no connection to modbus server
[2025-03-01T08:33:30.022Z] Error reading register 3105 for IP 10.30.4.91: no connection to modbus server
[2025-03-01T08:33:30.023Z] ❌ Error reading register 1000 for IP 10.30.4.91: no connection to modbus server
[2025-03-01T08:33:30.023Z] Error reading actual data: no connection to modbus server
[2025-03-01T08:33:30.024Z] Error writing to Modbus register: no connection to modbus server
[2025-03-01T08:33:30.404Z] Error reading register 3105 for IP 10.30.4.91: no connection to modbus server
[2025-03-01T08:33:30.404Z] ❌ Error reading register 1000 for IP 10.30.4.91: no connection to modbus server
[2025-03-01T08:33:30.405Z] Error reading actual data: no connection to modbus server
[2025-03-01T08:33:30.622Z] Error writing to Modbus register: no connection to modbus server
[2025-03-01T08:33:30.624Z] Error reading register 3105 for IP 10.30.4.91: no connection to modbus server
[2025-03-01T08:33:30.624Z] ❌ Error reading register 1000 for IP 10.30.4.91: no connection to modbus server
[2025-03-01T08:33:30.625Z] Error reading actual data: no connection to modbus server
[2025-03-01T08:33:30.626Z] Error writing to Modbus register: no connection to modbus server
[2025-03-01T08:33:30.627Z] Error reading register 3105 for IP 10.30.4.91: no connection to modbus server
[2025-03-01T08:33:30.628Z] ❌ Error reading register 1000 for IP 10.30.4.91: no connection to modbus server
[2025-03-01T08:33:30.628Z] Error reading actual data: no connection to modbus server
[2025-03-01T08:33:30.629Z] Error writing to Modbus register: no connection to modbus server
[2025-03-01T08:33:30.630Z] Error reading register 3105 for IP 10.30.4.91: no connection to modbus server
[2025-03-01T08:33:30.630Z] ❌ Error reading register 1000 for IP 10.30.4.91: no connection to modbus server
[2025-03-01T08:33:30.630Z] Error reading actual data: no connection to modbus server
[2025-03-01T08:33:30.827Z] Error writing to Modbus register: no connection to modbus server
[2025-03-01T08:33:30.828Z] Error reading register 3105 for IP 10.30.4.91: no connection to modbus server
[2025-03-01T08:33:30.829Z] ❌ Error reading register 1000 for IP 10.30.4.91: no connection to modbus server
[2025-03-01T08:33:30.829Z] Error reading actual data: no connection to modbus server
[2025-03-01T08:33:30.830Z] Error writing to Modbus register: no connection to modbus server
[2025-03-01T08:33:31.025Z] ❌ Error reading register 1000 for IP 10.30.4.91: no connection to modbus server
[2025-03-01T08:33:31.025Z] Error reading actual data: no connection to modbus server
[2025-03-01T08:33:31.024Z] Error reading register 3105 for IP 10.30.4.91: no connection to modbus server
[2025-03-01T08:33:31.025Z] Error writing to Modbus register: no connection to modbus server
[2025-03-01T08:33:31.405Z] Error reading register 3105 for IP 10.30.4.91: no connection to modbus server
[2025-03-01T08:33:31.406Z] ❌ Error reading register 1000 for IP 10.30.4.91: no connection to modbus server
[2025-03-01T08:33:31.406Z] Error reading actual data: no connection to modbus server
[2025-03-01T08:33:31.636Z] Error writing to Modbus register: no connection to modbus server
[2025-03-01T08:33:31.637Z] Error reading register 3105 for IP 10.30.4.91: no connection to modbus server
[2025-03-01T08:33:31.637Z] ❌ Error reading register 1000 for IP 10.30.4.91: no connection to modbus server
[2025-03-01T08:33:31.637Z] Error reading actual data: no connection to modbus server
[2025-03-01T08:33:31.637Z] Error writing to Modbus register: no connection to modbus server
[2025-03-01T08:33:31.638Z] Error reading register 3105 for IP 10.30.4.91: no connection to modbus server
[2025-03-01T08:33:31.638Z] ❌ Error reading register 1000 for IP 10.30.4.91: no connection to modbus server
[2025-03-01T08:33:31.638Z] Error reading actual data: no connection to modbus server
[2025-03-01T08:33:31.638Z] Error writing to Modbus register: no connection to modbus server
[2025-03-01T08:33:31.639Z] Error reading register 3105 for IP 10.30.4.91: no connection to modbus server
[2025-03-01T08:33:31.639Z] Error reading actual data: no connection to modbus server
[2025-03-01T08:33:31.639Z] ❌ Error reading register 1000 for IP 10.30.4.91: no connection to modbus server
[2025-03-01T08:33:31.827Z] Error writing to Modbus register: no connection to modbus server
[2025-03-01T08:33:31.829Z] Error reading register 3105 for IP 10.30.4.91: no connection to modbus server
[2025-03-01T08:33:31.829Z] ❌ Error reading register 1000 for IP 10.30.4.91: no connection to modbus server
[2025-03-01T08:33:31.829Z] Error reading actual data: no connection to modbus server
[2025-03-01T08:33:31.831Z] Error writing to Modbus register: no connection to modbus server
[2025-03-01T08:33:32.039Z] Error reading register 3105 for IP 10.30.4.91: no connection to modbus server
[2025-03-01T08:33:32.040Z] ❌ Error reading register 1000 for IP 10.30.4.91: no connection to modbus server
[2025-03-01T08:33:32.040Z] Error writing to Modbus register: no connection to modbus server
[2025-03-01T08:33:32.040Z] Error reading actual data: no connection to modbus server
[2025-03-01T08:33:32.409Z] Error reading register 3105 for IP 10.30.4.91: no connection to modbus server
[2025-03-01T08:33:32.409Z] ❌ Error reading register 1000 for IP 10.30.4.91: no connection to modbus server
[2025-03-01T08:33:32.410Z] Error reading actual data: no connection to modbus server
[2025-03-01T08:33:32.639Z] Error writing to Modbus register: no connection to modbus server
[2025-03-01T08:33:32.640Z] Error reading register 3105 for IP 10.30.4.91: no connection to modbus server
[2025-03-01T08:33:32.640Z] ❌ Error reading register 1000 for IP 10.30.4.91: no connection to modbus server
[2025-03-01T08:33:32.641Z] Error writing to Modbus register: no connection to modbus server
[2025-03-01T08:33:32.642Z] Error reading register 3105 for IP 10.30.4.91: no connection to modbus server
[2025-03-01T08:33:32.641Z] Error reading actual data: no connection to modbus server
[2025-03-01T08:33:32.643Z] ❌ Error reading register 1000 for IP 10.30.4.91: no connection to modbus server
[2025-03-01T08:33:32.643Z] Error reading actual data: no connection to modbus server
[2025-03-01T08:33:32.644Z] Error writing to Modbus register: no connection to modbus server
[2025-03-01T08:33:32.645Z] ❌ Error reading register 1000 for IP 10.30.4.91: no connection to modbus server
[2025-03-01T08:33:32.645Z] Error reading register 3105 for IP 10.30.4.91: no connection to modbus server
[2025-03-01T08:33:32.646Z] Error reading actual data: no connection to modbus server
[2025-03-01T08:33:32.840Z] Error writing to Modbus register: no connection to modbus server
[2025-03-01T08:33:32.842Z] Error reading register 3105 for IP 10.30.4.91: no connection to modbus server
[2025-03-01T08:33:32.843Z] ❌ Error reading register 1000 for IP 10.30.4.91: no connection to modbus server
[2025-03-01T08:33:32.843Z] Error reading actual data: no connection to modbus server
[2025-03-01T08:33:32.844Z] Error writing to Modbus register: no connection to modbus server
[2025-03-01T08:33:33.042Z] Error reading register 3105 for IP 10.30.4.91: no connection to modbus server
[2025-03-01T08:33:33.043Z] ❌ Error reading register 1000 for IP 10.30.4.91: no connection to modbus server
[2025-03-01T08:33:33.044Z] Error reading actual data: no connection to modbus server
[2025-03-01T08:33:33.045Z] Error writing to Modbus register: no connection to modbus server
[2025-03-01T08:33:33.415Z] Error reading register 3105 for IP 10.30.4.91: no connection to modbus server
[2025-03-01T08:33:33.416Z] ❌ Error reading register 1000 for IP 10.30.4.91: no connection to modbus server
[2025-03-01T08:33:33.416Z] Error reading actual data: no connection to modbus server
[2025-03-01T08:33:33.654Z] Error writing to Modbus register: no connection to modbus server
[2025-03-01T08:33:33.656Z] Error reading register 3105 for IP 10.30.4.91: no connection to modbus server
[2025-03-01T08:33:33.656Z] ❌ Error reading register 1000 for IP 10.30.4.91: no connection to modbus server
[2025-03-01T08:33:33.657Z] Error reading actual data: no connection to modbus server
[2025-03-01T08:33:33.658Z] Error writing to Modbus register: no connection to modbus server
[2025-03-01T08:33:33.659Z] Error reading register 3105 for IP 10.30.4.91: no connection to modbus server
[2025-03-01T08:33:33.659Z] ❌ Error reading register 1000 for IP 10.30.4.91: no connection to modbus server
[2025-03-01T08:33:33.659Z] Error reading actual data: no connection to modbus server
[2025-03-01T08:33:33.659Z] Error writing to Modbus register: no connection to modbus server
[2025-03-01T08:33:33.660Z] Error reading register 3105 for IP 10.30.4.91: no connection to modbus server
[2025-03-01T08:33:33.660Z] ❌ Error reading register 1000 for IP 10.30.4.91: no connection to modbus server
[2025-03-01T08:33:33.660Z] Error reading actual data: no connection to modbus server
[2025-03-01T08:33:33.842Z] Error writing to Modbus register: no connection to modbus server
[2025-03-01T08:33:33.843Z] Error reading register 3105 for IP 10.30.4.91: no connection to modbus server
[2025-03-01T08:33:33.844Z] ❌ Error reading register 1000 for IP 10.30.4.91: no connection to modbus server
[2025-03-01T08:33:33.844Z] Error reading actual data: no connection to modbus server
[2025-03-01T08:33:33.846Z] Error writing to Modbus register: no connection to modbus server
[2025-03-01T08:33:34.057Z] Error reading register 3105 for IP 10.30.4.91: no connection to modbus server
[2025-03-01T08:33:34.058Z] Error reading actual data: no connection to modbus server
[2025-03-01T08:33:34.059Z] Error writing to Modbus register: no connection to modbus server
[2025-03-01T08:33:34.057Z] ❌ Error reading register 1000 for IP 10.30.4.91: no connection to modbus server
[2025-03-01T08:33:34.429Z] Error reading register 3105 for IP 10.30.4.91: no connection to modbus server
[2025-03-01T08:33:34.429Z] ❌ Error reading register 1000 for IP 10.30.4.91: no connection to modbus server
[2025-03-01T08:33:34.430Z] Error reading actual data: no connection to modbus server
[2025-03-01T08:33:34.657Z] Error writing to Modbus register: no connection to modbus server
[2025-03-01T08:33:34.658Z] Error reading register 3105 for IP 10.30.4.91: no connection to modbus server
[2025-03-01T08:33:34.659Z] ❌ Error reading register 1000 for IP 10.30.4.91: no connection to modbus server
[2025-03-01T08:33:34.659Z] Error reading actual data: no connection to modbus server
[2025-03-01T08:33:34.660Z] Error writing to Modbus register: no connection to modbus server
[2025-03-01T08:33:34.662Z] Error reading register 3105 for IP 10.30.4.91: no connection to modbus server
[2025-03-01T08:33:34.662Z] ❌ Error reading register 1000 for IP 10.30.4.91: no connection to modbus server
[2025-03-01T08:33:34.662Z] Error reading actual data: no connection to modbus server
[2025-03-01T08:33:34.662Z] Error writing to Modbus register: no connection to modbus server
[2025-03-01T08:33:34.662Z] Error reading register 3105 for IP 10.30.4.91: no connection to modbus server
[2025-03-01T08:33:34.662Z] ❌ Error reading register 1000 for IP 10.30.4.91: no connection to modbus server
[2025-03-01T08:33:34.662Z] Error reading actual data: no connection to modbus server
[2025-03-01T08:33:34.857Z] Error writing to Modbus register: no connection to modbus server
[2025-03-01T08:33:34.859Z] Error reading register 3105 for IP 10.30.4.91: no connection to modbus server
[2025-03-01T08:33:34.859Z] ❌ Error reading register 1000 for IP 10.30.4.91: no connection to modbus server
[2025-03-01T08:33:34.860Z] Error reading actual data: no connection to modbus server
[2025-03-01T08:33:34.861Z] Error writing to Modbus register: no connection to modbus server
[2025-03-01T08:33:35.060Z] Error reading register 3105 for IP 10.30.4.91: no connection to modbus server
[2025-03-01T08:33:35.060Z] ❌ Error reading register 1000 for IP 10.30.4.91: no connection to modbus server
[2025-03-01T08:33:35.061Z] Error reading actual data: no connection to modbus server
[2025-03-01T08:33:35.062Z] Error writing to Modbus register: no connection to modbus server
[2025-03-01T08:33:35.430Z] Error reading register 3105 for IP 10.30.4.91: no connection to modbus server
[2025-03-01T08:33:35.431Z] ❌ Error reading register 1000 for IP 10.30.4.91: no connection to modbus server
[2025-03-01T08:33:35.431Z] Error reading actual data: no connection to modbus server
[2025-03-01T08:33:35.670Z] Error writing to Modbus register: no connection to modbus server
[2025-03-01T08:33:35.670Z] Error reading register 3105 for IP 10.30.4.91: no connection to modbus server
[2025-03-01T08:33:35.670Z] ❌ Error reading register 1000 for IP 10.30.4.91: no connection to modbus server
[2025-03-01T08:33:35.670Z] Error reading actual data: no connection to modbus server
[2025-03-01T08:33:35.671Z] Error writing to Modbus register: no connection to modbus server
[2025-03-01T08:33:35.671Z] Error reading register 3105 for IP 10.30.4.91: no connection to modbus server
[2025-03-01T08:33:35.671Z] ❌ Error reading register 1000 for IP 10.30.4.91: no connection to modbus server
[2025-03-01T08:33:35.671Z] Error reading actual data: no connection to modbus server
[2025-03-01T08:33:35.672Z] Error writing to Modbus register: no connection to modbus server
[2025-03-01T08:33:35.672Z] Error reading register 3105 for IP 10.30.4.91: no connection to modbus server
[2025-03-01T08:33:35.672Z] ❌ Error reading register 1000 for IP 10.30.4.91: no connection to modbus server
[2025-03-01T08:33:35.672Z] Error reading actual data: no connection to modbus server
[2025-03-01T08:33:35.858Z] Error writing to Modbus register: no connection to modbus server
[2025-03-01T08:33:35.859Z] Error reading register 3105 for IP 10.30.4.91: no connection to modbus server
[2025-03-01T08:33:35.860Z] ❌ Error reading register 1000 for IP 10.30.4.91: no connection to modbus server
[2025-03-01T08:33:35.860Z] Error reading actual data: no connection to modbus server
[2025-03-01T08:33:35.862Z] Error writing to Modbus register: no connection to modbus server
[2025-03-01T08:33:36.062Z] Error reading register 3105 for IP 10.30.4.91: no connection to modbus server
[2025-03-01T08:33:36.062Z] ❌ Error reading register 1000 for IP 10.30.4.91: no connection to modbus server
[2025-03-01T08:33:36.062Z] Error reading actual data: no connection to modbus server
[2025-03-01T08:33:36.064Z] Error writing to Modbus register: no connection to modbus server
[2025-03-01T08:33:36.430Z] Error reading register 3105 for IP 10.30.4.91: no connection to modbus server
[2025-03-01T08:33:36.431Z] ❌ Error reading register 1000 for IP 10.30.4.91: no connection to modbus server
[2025-03-01T08:33:36.431Z] Error reading actual data: no connection to modbus server
[2025-03-01T08:33:36.676Z] Error reading register 3105 for IP 10.30.4.91: no connection to modbus server
[2025-03-01T08:33:36.677Z] ❌ Error reading register 1000 for IP 10.30.4.91: no connection to modbus server
[2025-03-01T08:33:36.677Z] Error reading actual data: no connection to modbus server
[2025-03-01T08:33:36.675Z] Error writing to Modbus register: no connection to modbus server
[2025-03-01T08:33:36.678Z] Error writing to Modbus register: no connection to modbus server
[2025-03-01T08:33:36.679Z] Error reading register 3105 for IP 10.30.4.91: no connection to modbus server
[2025-03-01T08:33:36.679Z] ❌ Error reading register 1000 for IP 10.30.4.91: no connection to modbus server
[2025-03-01T08:33:36.679Z] Error reading actual data: no connection to modbus server
[2025-03-01T08:33:36.680Z] Error writing to Modbus register: no connection to modbus server
[2025-03-01T08:33:36.680Z] Error reading register 3105 for IP 10.30.4.91: no connection to modbus server
[2025-03-01T08:33:36.680Z] ❌ Error reading register 1000 for IP 10.30.4.91: no connection to modbus server
[2025-03-01T08:33:36.680Z] Error reading actual data: no connection to modbus server
[2025-03-01T08:33:36.859Z] Error writing to Modbus register: no connection to modbus server
[2025-03-01T08:33:36.861Z] Error reading register 3105 for IP 10.30.4.91: no connection to modbus server
[2025-03-01T08:33:36.861Z] ❌ Error reading register 1000 for IP 10.30.4.91: no connection to modbus server
[2025-03-01T08:33:36.861Z] Error reading actual data: no connection to modbus server
[2025-03-01T08:33:36.863Z] Error writing to Modbus register: no connection to modbus server
[2025-03-01T08:33:37.073Z] Error reading register 3105 for IP 10.30.4.91: no connection to modbus server
[2025-03-01T08:33:37.073Z] ❌ Error reading register 1000 for IP 10.30.4.91: no connection to modbus server
[2025-03-01T08:33:37.074Z] Error reading actual data: no connection to modbus server
[2025-03-01T08:33:37.075Z] Error writing to Modbus register: no connection to modbus server
[2025-03-01T08:33:37.430Z] Error reading register 3105 for IP 10.30.4.91: no connection to modbus server
[2025-03-01T08:33:37.431Z] ❌ Error reading register 1000 for IP 10.30.4.91: no connection to modbus server
[2025-03-01T08:33:37.431Z] Error reading actual data: no connection to modbus server
[2025-03-01T08:33:37.676Z] Error writing to Modbus register: no connection to modbus server
[2025-03-01T08:33:37.678Z] Error reading register 3105 for IP 10.30.4.91: no connection to modbus server
[2025-03-01T08:33:37.678Z] ❌ Error reading register 1000 for IP 10.30.4.91: no connection to modbus server
[2025-03-01T08:33:37.679Z] Error reading actual data: no connection to modbus server
[2025-03-01T08:33:37.680Z] Error writing to Modbus register: no connection to modbus server
[2025-03-01T08:33:37.681Z] Error reading register 3105 for IP 10.30.4.91: no connection to modbus server
[2025-03-01T08:33:37.682Z] ❌ Error reading register 1000 for IP 10.30.4.91: no connection to modbus server
[2025-03-01T08:33:37.682Z] Error reading actual data: no connection to modbus server
[2025-03-01T08:33:37.682Z] Error writing to Modbus register: no connection to modbus server
[2025-03-01T08:33:37.683Z] Error reading register 3105 for IP 10.30.4.91: no connection to modbus server
[2025-03-01T08:33:37.683Z] ❌ Error reading register 1000 for IP 10.30.4.91: no connection to modbus server
[2025-03-01T08:33:37.683Z] Error reading actual data: no connection to modbus server
[2025-03-01T08:33:37.874Z] Error writing to Modbus register: no connection to modbus server
[2025-03-01T08:33:37.876Z] Error reading register 3105 for IP 10.30.4.91: no connection to modbus server
[2025-03-01T08:33:37.876Z] ❌ Error reading register 1000 for IP 10.30.4.91: no connection to modbus server
[2025-03-01T08:33:37.877Z] Error reading actual data: no connection to modbus server
[2025-03-01T08:33:37.877Z] Error writing to Modbus register: no connection to modbus server
[2025-03-01T08:33:38.074Z] Error reading register 3105 for IP 10.30.4.91: no connection to modbus server
[2025-03-01T08:33:38.074Z] ❌ Error reading register 1000 for IP 10.30.4.91: no connection to modbus server
[2025-03-01T08:33:38.075Z] Error reading actual data: no connection to modbus server
[2025-03-01T08:33:38.076Z] Error writing to Modbus register: no connection to modbus server
[2025-03-01T08:33:38.431Z] Error reading register 3105 for IP 10.30.4.91: no connection to modbus server
[2025-03-01T08:33:38.431Z] ❌ Error reading register 1000 for IP 10.30.4.91: no connection to modbus server
[2025-03-01T08:33:38.431Z] Error reading actual data: no connection to modbus server
[2025-03-01T08:33:38.687Z] Error writing to Modbus register: no connection to modbus server
[2025-03-01T08:33:38.689Z] Error reading register 3105 for IP 10.30.4.91: no connection to modbus server
[2025-03-01T08:33:38.689Z] ❌ Error reading register 1000 for IP 10.30.4.91: no connection to modbus server
[2025-03-01T08:33:38.693Z] Error reading register 3105 for IP 10.30.4.91: no connection to modbus server
[2025-03-01T08:33:38.690Z] Error reading actual data: no connection to modbus server
[2025-03-01T08:33:38.691Z] Error writing to Modbus register: no connection to modbus server
[2025-03-01T08:33:38.693Z] ❌ Error reading register 1000 for IP 10.30.4.91: no connection to modbus server
[2025-03-01T08:33:38.694Z] Error reading actual data: no connection to modbus server
[2025-03-01T08:33:38.695Z] Error writing to Modbus register: no connection to modbus server
[2025-03-01T08:33:38.696Z] Error reading register 3105 for IP 10.30.4.91: no connection to modbus server
[2025-03-01T08:33:38.696Z] ❌ Error reading register 1000 for IP 10.30.4.91: no connection to modbus server
[2025-03-01T08:33:38.696Z] Error reading actual data: no connection to modbus server
[2025-03-01T08:33:38.890Z] Error writing to Modbus register: no connection to modbus server
[2025-03-01T08:33:38.892Z] Error reading register 3105 for IP 10.30.4.91: no connection to modbus server
[2025-03-01T08:33:38.893Z] Error reading actual data: no connection to modbus server
[2025-03-01T08:33:38.892Z] ❌ Error reading register 1000 for IP 10.30.4.91: no connection to modbus server
[2025-03-01T08:33:38.894Z] Error writing to Modbus register: no connection to modbus server
[2025-03-01T08:33:39.075Z] Error reading register 3105 for IP 10.30.4.91: no connection to modbus server
[2025-03-01T08:33:39.075Z] ❌ Error reading register 1000 for IP 10.30.4.91: no connection to modbus server
[2025-03-01T08:33:39.076Z] Error reading actual data: no connection to modbus server
[2025-03-01T08:33:39.077Z] Error writing to Modbus register: no connection to modbus server
[2025-03-01T08:33:39.435Z] Error reading register 3105 for IP 10.30.4.91: no connection to modbus server
[2025-03-01T08:33:39.436Z] ❌ Error reading register 1000 for IP 10.30.4.91: no connection to modbus server
[2025-03-01T08:33:39.436Z] Error reading actual data: no connection to modbus server
[2025-03-01T08:33:39.689Z] Error writing to Modbus register: no connection to modbus server
[2025-03-01T08:33:39.691Z] Error reading register 3105 for IP 10.30.4.91: no connection to modbus server
[2025-03-01T08:33:39.691Z] ❌ Error reading register 1000 for IP 10.30.4.91: no connection to modbus server
[2025-03-01T08:33:39.691Z] Error reading actual data: no connection to modbus server
[2025-03-01T08:33:39.693Z] Error writing to Modbus register: no connection to modbus server
[2025-03-01T08:33:39.694Z] Error reading register 3105 for IP 10.30.4.91: no connection to modbus server
[2025-03-01T08:33:39.695Z] ❌ Error reading register 1000 for IP 10.30.4.91: no connection to modbus server
[2025-03-01T08:33:39.695Z] Error reading actual data: no connection to modbus server
[2025-03-01T08:33:39.697Z] Error writing to Modbus register: no connection to modbus server
[2025-03-01T08:33:39.698Z] Error reading register 3105 for IP 10.30.4.91: no connection to modbus server
[2025-03-01T08:33:39.698Z] ❌ Error reading register 1000 for IP 10.30.4.91: no connection to modbus server
[2025-03-01T08:33:39.699Z] Error reading actual data: no connection to modbus server
[2025-03-01T08:33:39.904Z] Error writing to Modbus register: no connection to modbus server
[2025-03-01T08:33:39.905Z] Error reading register 3105 for IP 10.30.4.91: no connection to modbus server
[2025-03-01T08:33:39.906Z] ❌ Error reading register 1000 for IP 10.30.4.91: no connection to modbus server
[2025-03-01T08:33:39.906Z] Error writing to Modbus register: no connection to modbus server
[2025-03-01T08:33:39.906Z] Error reading actual data: no connection to modbus server
[2025-03-01T08:33:40.077Z] Error reading register 3105 for IP 10.30.4.91: no connection to modbus server
[2025-03-01T08:33:40.077Z] ❌ Error reading register 1000 for IP 10.30.4.91: no connection to modbus server
[2025-03-01T08:33:40.078Z] Error reading actual data: no connection to modbus server
[2025-03-01T08:33:40.079Z] Error writing to Modbus register: no connection to modbus server
[2025-03-01T08:33:40.438Z] Error reading register 3105 for IP 10.30.4.91: no connection to modbus server
[2025-03-01T08:33:40.439Z] ❌ Error reading register 1000 for IP 10.30.4.91: no connection to modbus server
[2025-03-01T08:33:40.439Z] Error reading actual data: no connection to modbus server
[2025-03-01T08:33:40.692Z] Error writing to Modbus register: no connection to modbus server
[2025-03-01T08:33:40.693Z] Error reading register 3105 for IP 10.30.4.91: no connection to modbus server
[2025-03-01T08:33:40.694Z] ❌ Error reading register 1000 for IP 10.30.4.91: no connection to modbus server
[2025-03-01T08:33:40.694Z] Error reading actual data: no connection to modbus server
[2025-03-01T08:33:40.696Z] Error writing to Modbus register: no connection to modbus server
[2025-03-01T08:33:40.697Z] ❌ Error reading register 1000 for IP 10.30.4.91: no connection to modbus server
[2025-03-01T08:33:40.697Z] Error reading register 3105 for IP 10.30.4.91: no connection to modbus server
[2025-03-01T08:33:40.697Z] Error reading actual data: no connection to modbus server
[2025-03-01T08:33:40.698Z] Error writing to Modbus register: no connection to modbus server
[2025-03-01T08:33:40.698Z] Error reading register 3105 for IP 10.30.4.91: no connection to modbus server
[2025-03-01T08:33:40.698Z] ❌ Error reading register 1000 for IP 10.30.4.91: no connection to modbus server
[2025-03-01T08:33:40.698Z] Error reading actual data: no connection to modbus server
[2025-03-01T08:33:40.911Z] Error writing to Modbus register: no connection to modbus server
[2025-03-01T08:33:40.911Z] Error reading register 3105 for IP 10.30.4.91: no connection to modbus server
[2025-03-01T08:33:40.912Z] ❌ Error reading register 1000 for IP 10.30.4.91: no connection to modbus server
[2025-03-01T08:33:40.912Z] Error reading actual data: no connection to modbus server
[2025-03-01T08:33:40.912Z] Error writing to Modbus register: no connection to modbus server
[2025-03-01T08:33:41.091Z] Error reading register 3105 for IP 10.30.4.91: no connection to modbus server
[2025-03-01T08:33:41.092Z] ❌ Error reading register 1000 for IP 10.30.4.91: no connection to modbus server
[2025-03-01T08:33:41.092Z] Error reading actual data: no connection to modbus server
[2025-03-01T08:33:41.094Z] Error writing to Modbus register: no connection to modbus server
[2025-03-01T08:33:41.442Z] Error reading register 3105 for IP 10.30.4.91: no connection to modbus server
[2025-03-01T08:33:41.442Z] ❌ Error reading register 1000 for IP 10.30.4.91: no connection to modbus server
[2025-03-01T08:33:41.442Z] Error reading actual data: no connection to modbus server
[2025-03-01T08:33:41.693Z] Error writing to Modbus register: no connection to modbus server
[2025-03-01T08:33:41.695Z] ❌ Error reading register 1000 for IP 10.30.4.91: no connection to modbus server
[2025-03-01T08:33:41.695Z] Error reading register 3105 for IP 10.30.4.91: no connection to modbus server
[2025-03-01T08:33:41.696Z] Error reading actual data: no connection to modbus server
[2025-03-01T08:33:41.697Z] Error writing to Modbus register: no connection to modbus server
[2025-03-01T08:33:41.699Z] Error reading register 3105 for IP 10.30.4.91: no connection to modbus server
[2025-03-01T08:33:41.699Z] ❌ Error reading register 1000 for IP 10.30.4.91: no connection to modbus server
[2025-03-01T08:33:41.699Z] Error reading actual data: no connection to modbus server
[2025-03-01T08:33:41.700Z] Error writing to Modbus register: no connection to modbus server
[2025-03-01T08:33:41.701Z] ❌ Error reading register 1000 for IP 10.30.4.91: no connection to modbus server
[2025-03-01T08:33:41.701Z] Error reading register 3105 for IP 10.30.4.91: no connection to modbus server
[2025-03-01T08:33:41.701Z] Error reading actual data: no connection to modbus server
[2025-03-01T08:33:41.911Z] Error writing to Modbus register: no connection to modbus server
[2025-03-01T08:33:41.912Z] Error reading register 3105 for IP 10.30.4.91: no connection to modbus server
[2025-03-01T08:33:41.912Z] ❌ Error reading register 1000 for IP 10.30.4.91: no connection to modbus server
[2025-03-01T08:33:41.913Z] Error reading actual data: no connection to modbus server
[2025-03-01T08:33:41.913Z] Error writing to Modbus register: no connection to modbus server
[2025-03-01T08:33:42.093Z] Error reading register 3105 for IP 10.30.4.91: no connection to modbus server
[2025-03-01T08:33:42.093Z] ❌ Error reading register 1000 for IP 10.30.4.91: no connection to modbus server
[2025-03-01T08:33:42.094Z] Error reading actual data: no connection to modbus server
[2025-03-01T08:33:42.095Z] Error writing to Modbus register: no connection to modbus server
[2025-03-01T08:33:42.451Z] Error reading register 3105 for IP 10.30.4.91: no connection to modbus server
[2025-03-01T08:33:42.451Z] ❌ Error reading register 1000 for IP 10.30.4.91: no connection to modbus server
[2025-03-01T08:33:42.451Z] Error reading actual data: no connection to modbus server
[2025-03-01T08:33:42.695Z] Error writing to Modbus register: no connection to modbus server
[2025-03-01T08:33:42.697Z] Error reading register 3105 for IP 10.30.4.91: no connection to modbus server
[2025-03-01T08:33:42.697Z] ❌ Error reading register 1000 for IP 10.30.4.91: no connection to modbus server
[2025-03-01T08:33:42.697Z] Error reading actual data: no connection to modbus server
[2025-03-01T08:33:42.698Z] Error writing to Modbus register: no connection to modbus server
[2025-03-01T08:33:42.700Z] Error reading register 3105 for IP 10.30.4.91: no connection to modbus server
[2025-03-01T08:33:42.700Z] ❌ Error reading register 1000 for IP 10.30.4.91: no connection to modbus server
[2025-03-01T08:33:42.700Z] Error reading actual data: no connection to modbus server
[2025-03-01T08:33:42.701Z] Error writing to Modbus register: no connection to modbus server
[2025-03-01T08:33:42.702Z] Error reading register 3105 for IP 10.30.4.91: no connection to modbus server
[2025-03-01T08:33:42.702Z] ❌ Error reading register 1000 for IP 10.30.4.91: no connection to modbus server
[2025-03-01T08:33:42.702Z] Error reading actual data: no connection to modbus server
[2025-03-01T08:33:42.913Z] Error writing to Modbus register: no connection to modbus server
[2025-03-01T08:33:42.914Z] Error reading register 3105 for IP 10.30.4.91: no connection to modbus server
[2025-03-01T08:33:42.914Z] Error reading actual data: no connection to modbus server
[2025-03-01T08:33:42.915Z] Error writing to Modbus register: no connection to modbus server
[2025-03-01T08:33:42.914Z] ❌ Error reading register 1000 for IP 10.30.4.91: no connection to modbus server
[2025-03-01T08:33:43.095Z] Error reading register 3105 for IP 10.30.4.91: no connection to modbus server
[2025-03-01T08:33:43.096Z] ❌ Error reading register 1000 for IP 10.30.4.91: no connection to modbus server
[2025-03-01T08:33:43.096Z] Error reading actual data: no connection to modbus server
[2025-03-01T08:33:43.098Z] Error writing to Modbus register: no connection to modbus server
[2025-03-01T08:33:43.459Z] Error reading register 3105 for IP 10.30.4.91: no connection to modbus server
[2025-03-01T08:33:43.459Z] ❌ Error reading register 1000 for IP 10.30.4.91: no connection to modbus server
[2025-03-01T08:33:43.460Z] Error reading actual data: no connection to modbus server
[2025-03-01T08:33:43.697Z] Error writing to Modbus register: no connection to modbus server
[2025-03-01T08:33:43.698Z] Error reading register 3105 for IP 10.30.4.91: no connection to modbus server
[2025-03-01T08:33:43.699Z] ❌ Error reading register 1000 for IP 10.30.4.91: no connection to modbus server
[2025-03-01T08:33:43.699Z] Error reading actual data: no connection to modbus server
[2025-03-01T08:33:43.700Z] Error writing to Modbus register: no connection to modbus server
[2025-03-01T08:33:43.701Z] Error reading register 3105 for IP 10.30.4.91: no connection to modbus server
[2025-03-01T08:33:43.701Z] ❌ Error reading register 1000 for IP 10.30.4.91: no connection to modbus server
[2025-03-01T08:33:43.701Z] Error reading actual data: no connection to modbus server
[2025-03-01T08:33:43.701Z] Error writing to Modbus register: no connection to modbus server
[2025-03-01T08:33:43.702Z] Error reading register 3105 for IP 10.30.4.91: no connection to modbus server
[2025-03-01T08:33:43.702Z] ❌ Error reading register 1000 for IP 10.30.4.91: no connection to modbus server
[2025-03-01T08:33:43.702Z] Error reading actual data: no connection to modbus server
[2025-03-01T08:33:43.926Z] Error writing to Modbus register: no connection to modbus server
[2025-03-01T08:33:43.927Z] Error reading register 3105 for IP 10.30.4.91: no connection to modbus server
[2025-03-01T08:33:43.927Z] ❌ Error reading register 1000 for IP 10.30.4.91: no connection to modbus server
[2025-03-01T08:33:43.927Z] Error reading actual data: no connection to modbus server
[2025-03-01T08:33:43.928Z] Error writing to Modbus register: no connection to modbus server
[2025-03-01T08:33:44.110Z] Error reading register 3105 for IP 10.30.4.91: no connection to modbus server
[2025-03-01T08:33:44.111Z] ❌ Error reading register 1000 for IP 10.30.4.91: no connection to modbus server
[2025-03-01T08:33:44.113Z] Error writing to Modbus register: no connection to modbus server
[2025-03-01T08:33:44.112Z] Error reading actual data: no connection to modbus server
[2025-03-01T08:33:44.461Z] ❌ Error reading register 1000 for IP 10.30.4.91: no connection to modbus server
[2025-03-01T08:33:44.461Z] Error reading register 3105 for IP 10.30.4.91: no connection to modbus server
[2025-03-01T08:33:44.461Z] Error reading actual data: no connection to modbus server
[2025-03-01T08:33:44.697Z] Error writing to Modbus register: no connection to modbus server
[2025-03-01T08:33:44.699Z] Error reading register 3105 for IP 10.30.4.91: no connection to modbus server
[2025-03-01T08:33:44.699Z] ❌ Error reading register 1000 for IP 10.30.4.91: no connection to modbus server
[2025-03-01T08:33:44.699Z] Error reading actual data: no connection to modbus server
[2025-03-01T08:33:44.701Z] Error writing to Modbus register: no connection to modbus server
[2025-03-01T08:33:44.703Z] Error reading actual data: no connection to modbus server
[2025-03-01T08:33:44.703Z] ❌ Error reading register 1000 for IP 10.30.4.91: no connection to modbus server
[2025-03-01T08:33:44.703Z] Error writing to Modbus register: no connection to modbus server
[2025-03-01T08:33:44.702Z] Error reading register 3105 for IP 10.30.4.91: no connection to modbus server
[2025-03-01T08:33:44.704Z] ❌ Error reading register 1000 for IP 10.30.4.91: no connection to modbus server
[2025-03-01T08:33:44.703Z] Error reading register 3105 for IP 10.30.4.91: no connection to modbus server
[2025-03-01T08:33:44.704Z] Error reading actual data: no connection to modbus server
[2025-03-01T08:33:44.926Z] Error writing to Modbus register: no connection to modbus server
[2025-03-01T08:33:44.928Z] Error reading register 3105 for IP 10.30.4.91: no connection to modbus server
[2025-03-01T08:33:44.928Z] ❌ Error reading register 1000 for IP 10.30.4.91: no connection to modbus server
[2025-03-01T08:33:44.928Z] Error reading actual data: no connection to modbus server
[2025-03-01T08:33:44.929Z] Error writing to Modbus register: no connection to modbus server
[2025-03-01T08:33:45.124Z] Error reading register 3105 for IP 10.30.4.91: no connection to modbus server
[2025-03-01T08:33:45.125Z] Error reading actual data: no connection to modbus server
[2025-03-01T08:33:45.125Z] ❌ Error reading register 1000 for IP 10.30.4.91: no connection to modbus server
[2025-03-01T08:33:45.126Z] Error writing to Modbus register: no connection to modbus server
[2025-03-01T08:33:45.471Z] Error reading register 3105 for IP 10.30.4.91: no connection to modbus server
[2025-03-01T08:33:45.471Z] ❌ Error reading register 1000 for IP 10.30.4.91: no connection to modbus server
[2025-03-01T08:33:45.471Z] Error reading actual data: no connection to modbus server
[2025-03-01T08:33:45.711Z] Error writing to Modbus register: no connection to modbus server
[2025-03-01T08:33:45.713Z] Error reading register 3105 for IP 10.30.4.91: no connection to modbus server
[2025-03-01T08:33:45.714Z] Error reading actual data: no connection to modbus server
[2025-03-01T08:33:45.714Z] ❌ Error reading register 1000 for IP 10.30.4.91: no connection to modbus server
[2025-03-01T08:33:45.715Z] Error writing to Modbus register: no connection to modbus server
[2025-03-01T08:33:45.716Z] Error reading register 3105 for IP 10.30.4.91: no connection to modbus server
[2025-03-01T08:33:45.716Z] ❌ Error reading register 1000 for IP 10.30.4.91: no connection to modbus server
[2025-03-01T08:33:45.717Z] Error writing to Modbus register: no connection to modbus server
[2025-03-01T08:33:45.717Z] Error reading actual data: no connection to modbus server
[2025-03-01T08:33:45.717Z] Error reading register 3105 for IP 10.30.4.91: no connection to modbus server
[2025-03-01T08:33:45.717Z] ❌ Error reading register 1000 for IP 10.30.4.91: no connection to modbus server
[2025-03-01T08:33:45.717Z] Error reading actual data: no connection to modbus server
[2025-03-01T08:33:45.929Z] Error writing to Modbus register: no connection to modbus server
[2025-03-01T08:33:45.930Z] Error reading register 3105 for IP 10.30.4.91: no connection to modbus server
[2025-03-01T08:33:45.930Z] ❌ Error reading register 1000 for IP 10.30.4.91: no connection to modbus server
[2025-03-01T08:33:45.930Z] Error reading actual data: no connection to modbus server
[2025-03-01T08:33:45.930Z] Error writing to Modbus register: no connection to modbus server
[2025-03-01T08:33:46.129Z] Error reading register 3105 for IP 10.30.4.91: no connection to modbus server
[2025-03-01T08:33:46.129Z] ❌ Error reading register 1000 for IP 10.30.4.91: no connection to modbus server
[2025-03-01T08:33:46.129Z] Error reading actual data: no connection to modbus server
[2025-03-01T08:33:46.129Z] Error writing to Modbus register: no connection to modbus server
[2025-03-01T08:33:46.483Z] Error reading register 3105 for IP 10.30.4.91: no connection to modbus server
[2025-03-01T08:33:46.483Z] ❌ Error reading register 1000 for IP 10.30.4.91: no connection to modbus server
[2025-03-01T08:33:46.483Z] Error reading actual data: no connection to modbus server
[2025-03-01T08:33:46.720Z] Error writing to Modbus register: no connection to modbus server
[2025-03-01T08:33:46.722Z] Error reading register 3105 for IP 10.30.4.91: no connection to modbus server
[2025-03-01T08:33:46.722Z] Error reading actual data: no connection to modbus server
[2025-03-01T08:33:46.723Z] Error writing to Modbus register: no connection to modbus server
[2025-03-01T08:33:46.722Z] ❌ Error reading register 1000 for IP 10.30.4.91: no connection to modbus server
[2025-03-01T08:33:46.724Z] Error reading register 3105 for IP 10.30.4.91: no connection to modbus server
[2025-03-01T08:33:46.725Z] Error reading actual data: no connection to modbus server
[2025-03-01T08:33:46.725Z] Error writing to Modbus register: no connection to modbus server
[2025-03-01T08:33:46.725Z] Error reading register 3105 for IP 10.30.4.91: no connection to modbus server
[2025-03-01T08:33:46.725Z] ❌ Error reading register 1000 for IP 10.30.4.91: no connection to modbus server
[2025-03-01T08:33:46.726Z] Error reading actual data: no connection to modbus server
[2025-03-01T08:33:46.725Z] ❌ Error reading register 1000 for IP 10.30.4.91: no connection to modbus server
[2025-03-01T08:33:46.934Z] Error writing to Modbus register: no connection to modbus server
[2025-03-01T08:33:46.935Z] Error reading register 3105 for IP 10.30.4.91: no connection to modbus server
[2025-03-01T08:33:46.936Z] ❌ Error reading register 1000 for IP 10.30.4.91: no connection to modbus server
[2025-03-01T08:33:46.936Z] Error reading actual data: no connection to modbus server
[2025-03-01T08:33:46.937Z] Error writing to Modbus register: no connection to modbus server
[2025-03-01T08:33:47.141Z] Error reading register 3105 for IP 10.30.4.91: no connection to modbus server
[2025-03-01T08:33:47.142Z] ❌ Error reading register 1000 for IP 10.30.4.91: no connection to modbus server
[2025-03-01T08:33:47.142Z] Error reading actual data: no connection to modbus server
[2025-03-01T08:33:47.143Z] Error writing to Modbus register: no connection to modbus server
[2025-03-01T08:33:47.482Z] Error reading register 3105 for IP 10.30.4.91: no connection to modbus server
[2025-03-01T08:33:47.482Z] ❌ Error reading register 1000 for IP 10.30.4.91: no connection to modbus server
[2025-03-01T08:33:47.483Z] Error reading actual data: no connection to modbus server
[2025-03-01T08:33:47.721Z] Error writing to Modbus register: no connection to modbus server
[2025-03-01T08:33:47.722Z] Error reading register 3105 for IP 10.30.4.91: no connection to modbus server
[2025-03-01T08:33:47.722Z] ❌ Error reading register 1000 for IP 10.30.4.91: no connection to modbus server
[2025-03-01T08:33:47.723Z] Error reading actual data: no connection to modbus server
[2025-03-01T08:33:47.723Z] Error writing to Modbus register: no connection to modbus server
[2025-03-01T08:33:47.725Z] Error reading register 3105 for IP 10.30.4.91: no connection to modbus server
[2025-03-01T08:33:47.726Z] ❌ Error reading register 1000 for IP 10.30.4.91: no connection to modbus server
[2025-03-01T08:33:47.726Z] Error reading actual data: no connection to modbus server
[2025-03-01T08:33:47.726Z] Error writing to Modbus register: no connection to modbus server
[2025-03-01T08:33:47.727Z] Error reading register 3105 for IP 10.30.4.91: no connection to modbus server
[2025-03-01T08:33:47.727Z] ❌ Error reading register 1000 for IP 10.30.4.91: no connection to modbus server
[2025-03-01T08:33:47.727Z] Error reading actual data: no connection to modbus server
[2025-03-01T08:33:47.939Z] Error writing to Modbus register: no connection to modbus server
[2025-03-01T08:33:47.939Z] Error reading register 3105 for IP 10.30.4.91: no connection to modbus server
[2025-03-01T08:33:47.939Z] ❌ Error reading register 1000 for IP 10.30.4.91: no connection to modbus server
[2025-03-01T08:33:47.940Z] Error reading actual data: no connection to modbus server
[2025-03-01T08:33:47.940Z] Error writing to Modbus register: no connection to modbus server
[2025-03-01T08:33:48.156Z] Error reading register 3105 for IP 10.30.4.91: no connection to modbus server
[2025-03-01T08:33:48.156Z] ❌ Error reading register 1000 for IP 10.30.4.91: no connection to modbus server
[2025-03-01T08:33:48.156Z] Error reading actual data: no connection to modbus server
[2025-03-01T08:33:48.156Z] Error writing to Modbus register: no connection to modbus server
[2025-03-01T08:33:48.485Z] Error reading register 3105 for IP 10.30.4.91: no connection to modbus server
[2025-03-01T08:33:48.485Z] ❌ Error reading register 1000 for IP 10.30.4.91: no connection to modbus server
[2025-03-01T08:33:48.486Z] Error reading actual data: no connection to modbus server
[2025-03-01T08:33:48.721Z] Error writing to Modbus register: no connection to modbus server
[2025-03-01T08:33:48.723Z] Error reading register 3105 for IP 10.30.4.91: no connection to modbus server
[2025-03-01T08:33:48.723Z] ❌ Error reading register 1000 for IP 10.30.4.91: no connection to modbus server
[2025-03-01T08:33:48.724Z] Error reading actual data: no connection to modbus server
[2025-03-01T08:33:48.725Z] Error writing to Modbus register: no connection to modbus server
[2025-03-01T08:33:48.726Z] Error reading register 3105 for IP 10.30.4.91: no connection to modbus server
[2025-03-01T08:33:48.727Z] Error reading actual data: no connection to modbus server
[2025-03-01T08:33:48.727Z] ❌ Error reading register 1000 for IP 10.30.4.91: no connection to modbus server
[2025-03-01T08:33:48.728Z] Error writing to Modbus register: no connection to modbus server
[2025-03-01T08:33:48.728Z] Error reading register 3105 for IP 10.30.4.91: no connection to modbus server
[2025-03-01T08:33:48.728Z] ❌ Error reading register 1000 for IP 10.30.4.91: no connection to modbus server
[2025-03-01T08:33:48.728Z] Error reading actual data: no connection to modbus server
[2025-03-01T08:33:48.940Z] Error writing to Modbus register: no connection to modbus server
[2025-03-01T08:33:48.941Z] Error reading register 3105 for IP 10.30.4.91: no connection to modbus server
[2025-03-01T08:33:48.941Z] ❌ Error reading register 1000 for IP 10.30.4.91: no connection to modbus server
[2025-03-01T08:33:48.941Z] Error reading actual data: no connection to modbus server
[2025-03-01T08:33:48.942Z] Error writing to Modbus register: no connection to modbus server
[2025-03-01T08:33:49.156Z] ❌ Error reading register 1000 for IP 10.30.4.91: no connection to modbus server
[2025-03-01T08:33:49.156Z] Error reading register 3105 for IP 10.30.4.91: no connection to modbus server
[2025-03-01T08:33:49.156Z] Error reading actual data: no connection to modbus server
[2025-03-01T08:33:49.157Z] Error writing to Modbus register: no connection to modbus server
[2025-03-01T08:33:49.498Z] Error reading register 3105 for IP 10.30.4.91: no connection to modbus server
[2025-03-01T08:33:49.498Z] ❌ Error reading register 1000 for IP 10.30.4.91: no connection to modbus server
[2025-03-01T08:33:49.498Z] Error reading actual data: no connection to modbus server
[2025-03-01T08:33:49.723Z] Error writing to Modbus register: no connection to modbus server
[2025-03-01T08:33:49.724Z] Error reading register 3105 for IP 10.30.4.91: no connection to modbus server
[2025-03-01T08:33:49.725Z] ❌ Error reading register 1000 for IP 10.30.4.91: no connection to modbus server
[2025-03-01T08:33:49.725Z] Error reading actual data: no connection to modbus server
[2025-03-01T08:33:49.727Z] Error writing to Modbus register: no connection to modbus server
[2025-03-01T08:33:49.728Z] Error reading register 3105 for IP 10.30.4.91: no connection to modbus server
[2025-03-01T08:33:49.728Z] ❌ Error reading register 1000 for IP 10.30.4.91: no connection to modbus server
[2025-03-01T08:33:49.728Z] Error reading actual data: no connection to modbus server
[2025-03-01T08:33:49.729Z] Error writing to Modbus register: no connection to modbus server
[2025-03-01T08:33:49.729Z] Error reading actual data: no connection to modbus server
[2025-03-01T08:33:49.729Z] Error reading register 3105 for IP 10.30.4.91: no connection to modbus server
[2025-03-01T08:33:49.729Z] ❌ Error reading register 1000 for IP 10.30.4.91: no connection to modbus server
[2025-03-01T08:33:49.941Z] Error writing to Modbus register: no connection to modbus server
[2025-03-01T08:33:49.942Z] Error reading register 3105 for IP 10.30.4.91: no connection to modbus server
[2025-03-01T08:33:49.943Z] ❌ Error reading register 1000 for IP 10.30.4.91: no connection to modbus server
[2025-03-01T08:33:49.943Z] Error reading actual data: no connection to modbus server
[2025-03-01T08:33:49.944Z] Error writing to Modbus register: no connection to modbus server
[2025-03-01T08:33:50.158Z] Error reading register 3105 for IP 10.30.4.91: no connection to modbus server
[2025-03-01T08:33:50.158Z] ❌ Error reading register 1000 for IP 10.30.4.91: no connection to modbus server
[2025-03-01T08:33:50.158Z] Error reading actual data: no connection to modbus server
[2025-03-01T08:33:50.159Z] Error writing to Modbus register: no connection to modbus server
[2025-03-01T08:33:50.499Z] Error reading register 3105 for IP 10.30.4.91: no connection to modbus server
[2025-03-01T08:33:50.500Z] ❌ Error reading register 1000 for IP 10.30.4.91: no connection to modbus server
[2025-03-01T08:33:50.500Z] Error reading actual data: no connection to modbus server
[2025-03-01T08:33:50.722Z] Error writing to Modbus register: no connection to modbus server
[2025-03-01T08:33:50.725Z] Error reading register 3105 for IP 10.30.4.91: no connection to modbus server
[2025-03-01T08:33:50.725Z] ❌ Error reading register 1000 for IP 10.30.4.91: no connection to modbus server
[2025-03-01T08:33:50.726Z] Error reading actual data: no connection to modbus server
[2025-03-01T08:33:50.727Z] Error writing to Modbus register: no connection to modbus server
[2025-03-01T08:33:50.728Z] Error reading register 3105 for IP 10.30.4.91: no connection to modbus server
[2025-03-01T08:33:50.729Z] ❌ Error reading register 1000 for IP 10.30.4.91: no connection to modbus server
[2025-03-01T08:33:50.729Z] Error reading actual data: no connection to modbus server
[2025-03-01T08:33:50.730Z] Error writing to Modbus register: no connection to modbus server
[2025-03-01T08:33:50.730Z] Error reading register 3105 for IP 10.30.4.91: no connection to modbus server
[2025-03-01T08:33:50.730Z] ❌ Error reading register 1000 for IP 10.30.4.91: no connection to modbus server
[2025-03-01T08:33:50.731Z] Error reading actual data: no connection to modbus server
[2025-03-01T08:33:50.956Z] Error writing to Modbus register: no connection to modbus server
[2025-03-01T08:33:50.958Z] Error reading register 3105 for IP 10.30.4.91: no connection to modbus server
[2025-03-01T08:33:50.958Z] ❌ Error reading register 1000 for IP 10.30.4.91: no connection to modbus server
[2025-03-01T08:33:50.959Z] Error reading actual data: no connection to modbus server
[2025-03-01T08:33:50.959Z] Error writing to Modbus register: no connection to modbus server
[2025-03-01T08:33:51.157Z] Error reading register 3105 for IP 10.30.4.91: no connection to modbus server
[2025-03-01T08:33:51.158Z] ❌ Error reading register 1000 for IP 10.30.4.91: no connection to modbus server
[2025-03-01T08:33:51.158Z] Error reading actual data: no connection to modbus server
[2025-03-01T08:33:51.159Z] Error writing to Modbus register: no connection to modbus server
[2025-03-01T08:33:51.505Z] Error reading register 3105 for IP 10.30.4.91: no connection to modbus server
[2025-03-01T08:33:51.505Z] ❌ Error reading register 1000 for IP 10.30.4.91: no connection to modbus server
[2025-03-01T08:33:51.506Z] Error reading actual data: no connection to modbus server
[2025-03-01T08:33:51.737Z] Error writing to Modbus register: no connection to modbus server
[2025-03-01T08:33:51.737Z] Error reading register 3105 for IP 10.30.4.91: no connection to modbus server
[2025-03-01T08:33:51.738Z] ❌ Error reading register 1000 for IP 10.30.4.91: no connection to modbus server
[2025-03-01T08:33:51.738Z] Error reading actual data: no connection to modbus server
[2025-03-01T08:33:51.738Z] Error writing to Modbus register: no connection to modbus server
[2025-03-01T08:33:51.739Z] Error reading register 3105 for IP 10.30.4.91: no connection to modbus server
[2025-03-01T08:33:51.739Z] ❌ Error reading register 1000 for IP 10.30.4.91: no connection to modbus server
[2025-03-01T08:33:51.739Z] Error reading actual data: no connection to modbus server
[2025-03-01T08:33:51.739Z] Error writing to Modbus register: no connection to modbus server
[2025-03-01T08:33:51.739Z] Error reading register 3105 for IP 10.30.4.91: no connection to modbus server
[2025-03-01T08:33:51.740Z] Error reading actual data: no connection to modbus server
[2025-03-01T08:33:51.740Z] ❌ Error reading register 1000 for IP 10.30.4.91: no connection to modbus server
[2025-03-01T08:33:51.965Z] Error writing to Modbus register: no connection to modbus server
[2025-03-01T08:33:51.966Z] Error reading register 3105 for IP 10.30.4.91: no connection to modbus server
[2025-03-01T08:33:51.966Z] ❌ Error reading register 1000 for IP 10.30.4.91: no connection to modbus server
[2025-03-01T08:33:51.966Z] Error writing to Modbus register: no connection to modbus server
[2025-03-01T08:33:51.966Z] Error reading actual data: no connection to modbus server
[2025-03-01T08:33:52.158Z] Error reading register 3105 for IP 10.30.4.91: no connection to modbus server
[2025-03-01T08:33:52.158Z] ❌ Error reading register 1000 for IP 10.30.4.91: no connection to modbus server
[2025-03-01T08:33:52.158Z] Error reading actual data: no connection to modbus server
[2025-03-01T08:33:52.159Z] Error writing to Modbus register: no connection to modbus server
[2025-03-01T08:33:52.515Z] Error reading register 3105 for IP 10.30.4.91: no connection to modbus server
[2025-03-01T08:33:52.516Z] ❌ Error reading register 1000 for IP 10.30.4.91: no connection to modbus server
[2025-03-01T08:33:52.516Z] Error reading actual data: no connection to modbus server
[2025-03-01T08:33:52.738Z] Error writing to Modbus register: no connection to modbus server
[2025-03-01T08:33:52.738Z] Error reading register 3105 for IP 10.30.4.91: no connection to modbus server
[2025-03-01T08:33:52.739Z] ❌ Error reading register 1000 for IP 10.30.4.91: no connection to modbus server
[2025-03-01T08:33:52.739Z] Error reading actual data: no connection to modbus server
[2025-03-01T08:33:52.739Z] Error writing to Modbus register: no connection to modbus server
[2025-03-01T08:33:52.740Z] Error reading register 3105 for IP 10.30.4.91: no connection to modbus server
[2025-03-01T08:33:52.740Z] ❌ Error reading register 1000 for IP 10.30.4.91: no connection to modbus server
[2025-03-01T08:33:52.740Z] Error reading actual data: no connection to modbus server
[2025-03-01T08:33:52.740Z] ❌ Error reading register 1000 for IP 10.30.4.91: no connection to modbus server
[2025-03-01T08:33:52.740Z] Error writing to Modbus register: no connection to modbus server
[2025-03-01T08:33:52.740Z] Error reading register 3105 for IP 10.30.4.91: no connection to modbus server
[2025-03-01T08:33:52.741Z] Error reading actual data: no connection to modbus server
[2025-03-01T08:33:52.972Z] Error writing to Modbus register: no connection to modbus server
[2025-03-01T08:33:52.972Z] Error reading register 3105 for IP 10.30.4.91: no connection to modbus server
[2025-03-01T08:33:52.972Z] ❌ Error reading register 1000 for IP 10.30.4.91: no connection to modbus server
[2025-03-01T08:33:52.972Z] Error reading actual data: no connection to modbus server
[2025-03-01T08:33:52.973Z] Error writing to Modbus register: no connection to modbus server
[2025-03-01T08:33:53.160Z] Error reading register 3105 for IP 10.30.4.91: no connection to modbus server
[2025-03-01T08:33:53.161Z] ❌ Error reading register 1000 for IP 10.30.4.91: no connection to modbus server
[2025-03-01T08:33:53.161Z] Error reading actual data: no connection to modbus server
[2025-03-01T08:33:53.162Z] Error writing to Modbus register: no connection to modbus server
[2025-03-01T08:33:53.515Z] Error reading register 3105 for IP 10.30.4.91: no connection to modbus server
[2025-03-01T08:33:53.515Z] ❌ Error reading register 1000 for IP 10.30.4.91: no connection to modbus server
[2025-03-01T08:33:53.515Z] Error reading actual data: no connection to modbus server
[2025-03-01T08:33:53.738Z] Error writing to Modbus register: no connection to modbus server
[2025-03-01T08:33:53.739Z] ❌ Error reading register 1000 for IP 10.30.4.91: no connection to modbus server
[2025-03-01T08:33:53.739Z] Error reading register 3105 for IP 10.30.4.91: no connection to modbus server
[2025-03-01T08:33:53.739Z] Error reading actual data: no connection to modbus server
[2025-03-01T08:33:53.739Z] Error writing to Modbus register: no connection to modbus server
[2025-03-01T08:33:53.740Z] Error reading register 3105 for IP 10.30.4.91: no connection to modbus server
[2025-03-01T08:33:53.740Z] Error reading actual data: no connection to modbus server
[2025-03-01T08:33:53.740Z] ❌ Error reading register 1000 for IP 10.30.4.91: no connection to modbus server
[2025-03-01T08:33:53.740Z] Error writing to Modbus register: no connection to modbus server
[2025-03-01T08:33:53.754Z] Error reading register 3105 for IP 10.30.4.91: no connection to modbus server
[2025-03-01T08:33:53.754Z] Error reading actual data: no connection to modbus server
[2025-03-01T08:33:53.754Z] ❌ Error reading register 1000 for IP 10.30.4.91: no connection to modbus server
[2025-03-01T08:33:53.986Z] Error writing to Modbus register: no connection to modbus server
[2025-03-01T08:33:53.987Z] Error reading register 3105 for IP 10.30.4.91: no connection to modbus server
[2025-03-01T08:33:53.987Z] ❌ Error reading register 1000 for IP 10.30.4.91: no connection to modbus server
[2025-03-01T08:33:53.988Z] Error reading actual data: no connection to modbus server
[2025-03-01T08:33:53.988Z] Error writing to Modbus register: no connection to modbus server
[2025-03-01T08:33:54.173Z] Error reading register 3105 for IP 10.30.4.91: no connection to modbus server
[2025-03-01T08:33:54.174Z] ❌ Error reading register 1000 for IP 10.30.4.91: no connection to modbus server
[2025-03-01T08:33:54.174Z] Error writing to Modbus register: no connection to modbus server
[2025-03-01T08:33:54.174Z] Error reading actual data: no connection to modbus server
[2025-03-01T08:33:54.516Z] ❌ Error reading register 1000 for IP 10.30.4.91: no connection to modbus server
[2025-03-01T08:33:54.515Z] Error reading register 3105 for IP 10.30.4.91: no connection to modbus server
[2025-03-01T08:33:54.516Z] Error reading actual data: no connection to modbus server
[2025-03-01T08:33:54.740Z] Error writing to Modbus register: no connection to modbus server
[2025-03-01T08:33:54.740Z] Error reading register 3105 for IP 10.30.4.91: no connection to modbus server
[2025-03-01T08:33:54.740Z] ❌ Error reading register 1000 for IP 10.30.4.91: no connection to modbus server
[2025-03-01T08:33:54.741Z] Error reading actual data: no connection to modbus server
[2025-03-01T08:33:54.741Z] Error writing to Modbus register: no connection to modbus server
[2025-03-01T08:33:54.741Z] Error reading register 3105 for IP 10.30.4.91: no connection to modbus server
[2025-03-01T08:33:54.741Z] ❌ Error reading register 1000 for IP 10.30.4.91: no connection to modbus server
[2025-03-01T08:33:54.742Z] Error reading actual data: no connection to modbus server
[2025-03-01T08:33:54.743Z] Error writing to Modbus register: no connection to modbus server
[2025-03-01T08:33:54.755Z] Error reading register 3105 for IP 10.30.4.91: no connection to modbus server
[2025-03-01T08:33:54.755Z] ❌ Error reading register 1000 for IP 10.30.4.91: no connection to modbus server
[2025-03-01T08:33:54.755Z] Error reading actual data: no connection to modbus server
[2025-03-01T08:33:54.992Z] Error writing to Modbus register: no connection to modbus server
[2025-03-01T08:33:54.992Z] Error reading register 3105 for IP 10.30.4.91: no connection to modbus server
[2025-03-01T08:33:54.993Z] ❌ Error reading register 1000 for IP 10.30.4.91: no connection to modbus server
[2025-03-01T08:33:54.993Z] Error reading actual data: no connection to modbus server
[2025-03-01T08:33:54.993Z] Error writing to Modbus register: no connection to modbus server
[2025-03-01T08:33:55.174Z] Error reading register 3105 for IP 10.30.4.91: no connection to modbus server
[2025-03-01T08:33:55.174Z] ❌ Error reading register 1000 for IP 10.30.4.91: no connection to modbus server
[2025-03-01T08:33:55.174Z] Error writing to Modbus register: no connection to modbus server
[2025-03-01T08:33:55.174Z] Error reading actual data: no connection to modbus server
[2025-03-01T08:33:55.516Z] Error reading register 3105 for IP 10.30.4.91: no connection to modbus server
[2025-03-01T08:33:55.516Z] ❌ Error reading register 1000 for IP 10.30.4.91: no connection to modbus server
[2025-03-01T08:33:55.516Z] Error reading actual data: no connection to modbus server
[2025-03-01T08:33:55.740Z] Error writing to Modbus register: no connection to modbus server
[2025-03-01T08:33:55.741Z] Error reading register 3105 for IP 10.30.4.91: no connection to modbus server
[2025-03-01T08:33:55.741Z] ❌ Error reading register 1000 for IP 10.30.4.91: no connection to modbus server
[2025-03-01T08:33:55.741Z] Error reading actual data: no connection to modbus server
[2025-03-01T08:33:55.742Z] Error writing to Modbus register: no connection to modbus server
[2025-03-01T08:33:55.742Z] Error reading register 3105 for IP 10.30.4.91: no connection to modbus server
[2025-03-01T08:33:55.743Z] ❌ Error reading register 1000 for IP 10.30.4.91: no connection to modbus server
[2025-03-01T08:33:55.743Z] Error reading actual data: no connection to modbus server
[2025-03-01T08:33:55.744Z] Error writing to Modbus register: no connection to modbus server
[2025-03-01T08:33:55.756Z] Error reading register 3105 for IP 10.30.4.91: no connection to modbus server
[2025-03-01T08:33:55.756Z] ❌ Error reading register 1000 for IP 10.30.4.91: no connection to modbus server
[2025-03-01T08:33:55.756Z] Error reading actual data: no connection to modbus server
[2025-03-01T08:33:56.003Z] Error writing to Modbus register: no connection to modbus server
[2025-03-01T08:33:56.004Z] Error reading register 3105 for IP 10.30.4.91: no connection to modbus server
[2025-03-01T08:33:56.004Z] ❌ Error reading register 1000 for IP 10.30.4.91: no connection to modbus server
[2025-03-01T08:33:56.005Z] Error reading actual data: no connection to modbus server
[2025-03-01T08:33:56.006Z] Error writing to Modbus register: no connection to modbus server
[2025-03-01T08:33:56.175Z] Error reading register 3105 for IP 10.30.4.91: no connection to modbus server
[2025-03-01T08:33:56.176Z] ❌ Error reading register 1000 for IP 10.30.4.91: no connection to modbus server
[2025-03-01T08:33:56.176Z] Error reading actual data: no connection to modbus server
[2025-03-01T08:33:56.176Z] Error writing to Modbus register: no connection to modbus server
[2025-03-01T08:33:56.532Z] Error reading register 3105 for IP 10.30.4.91: no connection to modbus server
[2025-03-01T08:33:56.533Z] ❌ Error reading register 1000 for IP 10.30.4.91: no connection to modbus server
[2025-03-01T08:33:56.533Z] Error reading actual data: no connection to modbus server
[2025-03-01T08:33:56.755Z] Error writing to Modbus register: no connection to modbus server
[2025-03-01T08:33:56.756Z] Error reading register 3105 for IP 10.30.4.91: no connection to modbus server
[2025-03-01T08:33:56.756Z] ❌ Error reading register 1000 for IP 10.30.4.91: no connection to modbus server
[2025-03-01T08:33:56.756Z] Error writing to Modbus register: no connection to modbus server
[2025-03-01T08:33:56.757Z] ❌ Error reading register 1000 for IP 10.30.4.91: no connection to modbus server
[2025-03-01T08:33:56.756Z] Error reading actual data: no connection to modbus server
[2025-03-01T08:33:56.757Z] Error reading register 3105 for IP 10.30.4.91: no connection to modbus server
[2025-03-01T08:33:56.757Z] Error reading actual data: no connection to modbus server
[2025-03-01T08:33:56.757Z] Error writing to Modbus register: no connection to modbus server
[2025-03-01T08:33:56.758Z] Error reading register 3105 for IP 10.30.4.91: no connection to modbus server
[2025-03-01T08:33:56.758Z] ❌ Error reading register 1000 for IP 10.30.4.91: no connection to modbus server
[2025-03-01T08:33:56.758Z] Error reading actual data: no connection to modbus server
[2025-03-01T08:33:57.014Z] Error writing to Modbus register: no connection to modbus server
[2025-03-01T08:33:57.015Z] Error reading register 3105 for IP 10.30.4.91: no connection to modbus server
[2025-03-01T08:33:57.015Z] ❌ Error reading register 1000 for IP 10.30.4.91: no connection to modbus server
[2025-03-01T08:33:57.015Z] Error reading actual data: no connection to modbus server
[2025-03-01T08:33:57.015Z] Error writing to Modbus register: no connection to modbus server
[2025-03-01T08:33:57.178Z] Error reading register 3105 for IP 10.30.4.91: no connection to modbus server
[2025-03-01T08:33:57.179Z] Error reading actual data: no connection to modbus server
[2025-03-01T08:33:57.178Z] ❌ Error reading register 1000 for IP 10.30.4.91: no connection to modbus server
[2025-03-01T08:33:57.180Z] Error writing to Modbus register: no connection to modbus server
[2025-03-01T08:33:57.541Z] Error reading register 3105 for IP 10.30.4.91: no connection to modbus server
[2025-03-01T08:33:57.541Z] ❌ Error reading register 1000 for IP 10.30.4.91: no connection to modbus server
[2025-03-01T08:33:57.542Z] Error reading actual data: no connection to modbus server
[2025-03-01T08:33:57.757Z] Error writing to Modbus register: no connection to modbus server
[2025-03-01T08:33:57.759Z] Error reading register 3105 for IP 10.30.4.91: no connection to modbus server
[2025-03-01T08:33:57.759Z] ❌ Error reading register 1000 for IP 10.30.4.91: no connection to modbus server
[2025-03-01T08:33:57.760Z] Error reading actual data: no connection to modbus server
[2025-03-01T08:33:57.761Z] Error reading register 3105 for IP 10.30.4.91: no connection to modbus server
[2025-03-01T08:33:57.762Z] ❌ Error reading register 1000 for IP 10.30.4.91: no connection to modbus server
[2025-03-01T08:33:57.762Z] Error reading actual data: no connection to modbus server
[2025-03-01T08:33:57.761Z] Error writing to Modbus register: no connection to modbus server
[2025-03-01T08:33:57.763Z] Error writing to Modbus register: no connection to modbus server
[2025-03-01T08:33:57.764Z] Error reading register 3105 for IP 10.30.4.91: no connection to modbus server
[2025-03-01T08:33:57.764Z] Error reading actual data: no connection to modbus server
[2025-03-01T08:33:57.764Z] ❌ Error reading register 1000 for IP 10.30.4.91: no connection to modbus server
[2025-03-01T08:33:58.021Z] Error writing to Modbus register: no connection to modbus server
[2025-03-01T08:33:58.023Z] Error reading register 3105 for IP 10.30.4.91: no connection to modbus server
[2025-03-01T08:33:58.024Z] ❌ Error reading register 1000 for IP 10.30.4.91: no connection to modbus server
[2025-03-01T08:33:58.024Z] Error reading actual data: no connection to modbus server
[2025-03-01T08:33:58.025Z] Error writing to Modbus register: no connection to modbus server
[2025-03-01T08:33:58.193Z] Error reading register 3105 for IP 10.30.4.91: no connection to modbus server
[2025-03-01T08:33:58.194Z] Error reading actual data: no connection to modbus server
[2025-03-01T08:33:58.193Z] ❌ Error reading register 1000 for IP 10.30.4.91: no connection to modbus server
[2025-03-01T08:33:58.195Z] Error writing to Modbus register: no connection to modbus server
[2025-03-01T08:33:58.547Z] ❌ Error reading register 1000 for IP 10.30.4.91: no connection to modbus server
[2025-03-01T08:33:58.547Z] Error reading actual data: no connection to modbus server
[2025-03-01T08:33:58.547Z] Error reading register 3105 for IP 10.30.4.91: no connection to modbus server
[2025-03-01T08:33:58.757Z] Error writing to Modbus register: no connection to modbus server
[2025-03-01T08:33:58.758Z] Error reading register 3105 for IP 10.30.4.91: no connection to modbus server
[2025-03-01T08:33:58.758Z] ❌ Error reading register 1000 for IP 10.30.4.91: no connection to modbus server
[2025-03-01T08:33:58.758Z] Error reading actual data: no connection to modbus server
[2025-03-01T08:33:58.773Z] Error writing to Modbus register: no connection to modbus server
[2025-03-01T08:33:58.774Z] Error reading register 3105 for IP 10.30.4.91: no connection to modbus server
[2025-03-01T08:33:58.774Z] ❌ Error reading register 1000 for IP 10.30.4.91: no connection to modbus server
[2025-03-01T08:33:58.774Z] Error reading actual data: no connection to modbus server
[2025-03-01T08:33:58.775Z] Error writing to Modbus register: no connection to modbus server
[2025-03-01T08:33:58.776Z] Error reading register 3105 for IP 10.30.4.91: no connection to modbus server
[2025-03-01T08:33:58.776Z] ❌ Error reading register 1000 for IP 10.30.4.91: no connection to modbus server
[2025-03-01T08:33:58.777Z] Error reading actual data: no connection to modbus server
[2025-03-01T08:33:59.020Z] Error writing to Modbus register: no connection to modbus server
[2025-03-01T08:33:59.036Z] ❌ Error reading register 1000 for IP 10.30.4.91: no connection to modbus server
[2025-03-01T08:33:59.036Z] Error reading register 3105 for IP 10.30.4.91: no connection to modbus server
[2025-03-01T08:33:59.036Z] Error reading actual data: no connection to modbus server
[2025-03-01T08:33:59.037Z] Error writing to Modbus register: no connection to modbus server
[2025-03-01T08:33:59.194Z] Error reading register 3105 for IP 10.30.4.91: no connection to modbus server
[2025-03-01T08:33:59.194Z] ❌ Error reading register 1000 for IP 10.30.4.91: no connection to modbus server
[2025-03-01T08:33:59.195Z] Error reading actual data: no connection to modbus server
[2025-03-01T08:33:59.196Z] Error writing to Modbus register: no connection to modbus server
[2025-03-01T08:33:59.549Z] Error reading register 3105 for IP 10.30.4.91: no connection to modbus server
[2025-03-01T08:33:59.549Z] ❌ Error reading register 1000 for IP 10.30.4.91: no connection to modbus server
[2025-03-01T08:33:59.550Z] Error reading actual data: no connection to modbus server
[2025-03-01T08:33:59.758Z] Error writing to Modbus register: no connection to modbus server
[2025-03-01T08:33:59.760Z] Error reading register 3105 for IP 10.30.4.91: no connection to modbus server
[2025-03-01T08:33:59.760Z] ❌ Error reading register 1000 for IP 10.30.4.91: no connection to modbus server
[2025-03-01T08:33:59.761Z] Error reading actual data: no connection to modbus server
[2025-03-01T08:33:59.773Z] Error writing to Modbus register: no connection to modbus server
[2025-03-01T08:33:59.775Z] Error reading register 3105 for IP 10.30.4.91: no connection to modbus server
[2025-03-01T08:33:59.775Z] ❌ Error reading register 1000 for IP 10.30.4.91: no connection to modbus server
[2025-03-01T08:33:59.776Z] Error reading actual data: no connection to modbus server
[2025-03-01T08:33:59.779Z] ❌ Error reading register 1000 for IP 10.30.4.91: no connection to modbus server
[2025-03-01T08:33:59.779Z] Error reading actual data: no connection to modbus server
[2025-03-01T08:33:59.778Z] Error reading register 3105 for IP 10.30.4.91: no connection to modbus server
[2025-03-01T08:33:59.777Z] Error writing to Modbus register: no connection to modbus server
[2025-03-01T08:34:00.036Z] Error writing to Modbus register: no connection to modbus server
[2025-03-01T08:34:00.038Z] Error reading register 3105 for IP 10.30.4.91: no connection to modbus server
[2025-03-01T08:34:00.038Z] ❌ Error reading register 1000 for IP 10.30.4.91: no connection to modbus server
[2025-03-01T08:34:00.038Z] Error reading actual data: no connection to modbus server
[2025-03-01T08:34:00.039Z] Error writing to Modbus register: no connection to modbus server
[2025-03-01T08:34:00.193Z] Error reading register 3105 for IP 10.30.4.91: no connection to modbus server
[2025-03-01T08:34:00.193Z] ❌ Error reading register 1000 for IP 10.30.4.91: no connection to modbus server
[2025-03-01T08:34:00.193Z] Error reading actual data: no connection to modbus server
[2025-03-01T08:34:00.209Z] Error writing to Modbus register: no connection to modbus server
[2025-03-01T08:34:00.557Z] Error reading register 3105 for IP 10.30.4.91: no connection to modbus server
[2025-03-01T08:34:00.557Z] ❌ Error reading register 1000 for IP 10.30.4.91: no connection to modbus server
[2025-03-01T08:34:00.557Z] Error reading actual data: no connection to modbus server
[2025-03-01T08:34:00.759Z] Error writing to Modbus register: no connection to modbus server
[2025-03-01T08:34:00.760Z] Error reading register 3105 for IP 10.30.4.91: no connection to modbus server
[2025-03-01T08:34:00.760Z] ❌ Error reading register 1000 for IP 10.30.4.91: no connection to modbus server
[2025-03-01T08:34:00.760Z] Error reading actual data: no connection to modbus server
[2025-03-01T08:34:00.774Z] Error writing to Modbus register: no connection to modbus server
[2025-03-01T08:34:00.775Z] Error reading register 3105 for IP 10.30.4.91: no connection to modbus server
[2025-03-01T08:34:00.775Z] ❌ Error reading register 1000 for IP 10.30.4.91: no connection to modbus server
[2025-03-01T08:34:00.775Z] Error reading actual data: no connection to modbus server
[2025-03-01T08:34:00.790Z] Error reading register 3105 for IP 10.30.4.91: no connection to modbus server
[2025-03-01T08:34:00.790Z] ❌ Error reading register 1000 for IP 10.30.4.91: no connection to modbus server
[2025-03-01T08:34:00.790Z] Error writing to Modbus register: no connection to modbus server
[2025-03-01T08:34:00.791Z] Error reading actual data: no connection to modbus server
[2025-03-01T08:34:01.040Z] Error writing to Modbus register: no connection to modbus server
[2025-03-01T08:34:01.043Z] Error reading register 3105 for IP 10.30.4.91: no connection to modbus server
[2025-03-01T08:34:01.044Z] Error reading actual data: no connection to modbus server
[2025-03-01T08:34:01.044Z] ❌ Error reading register 1000 for IP 10.30.4.91: no connection to modbus server
[2025-03-01T08:34:01.046Z] Error writing to Modbus register: no connection to modbus server
[2025-03-01T08:34:01.209Z] Error reading register 3105 for IP 10.30.4.91: no connection to modbus server
[2025-03-01T08:34:01.210Z] ❌ Error reading register 1000 for IP 10.30.4.91: no connection to modbus server
[2025-03-01T08:34:01.210Z] Error reading actual data: no connection to modbus server
[2025-03-01T08:34:01.211Z] Error writing to Modbus register: no connection to modbus server
[2025-03-01T08:34:01.565Z] Error reading register 3105 for IP 10.30.4.91: no connection to modbus server
[2025-03-01T08:34:01.566Z] ❌ Error reading register 1000 for IP 10.30.4.91: no connection to modbus server
[2025-03-01T08:34:01.566Z] Error reading actual data: no connection to modbus server
[2025-03-01T08:34:01.773Z] Error writing to Modbus register: no connection to modbus server
[2025-03-01T08:34:01.773Z] Error reading register 3105 for IP 10.30.4.91: no connection to modbus server
[2025-03-01T08:34:01.774Z] Error reading actual data: no connection to modbus server
[2025-03-01T08:34:01.774Z] ❌ Error reading register 1000 for IP 10.30.4.91: no connection to modbus server
[2025-03-01T08:34:01.774Z] Error writing to Modbus register: no connection to modbus server
[2025-03-01T08:34:01.775Z] Error reading register 3105 for IP 10.30.4.91: no connection to modbus server
[2025-03-01T08:34:01.775Z] ❌ Error reading register 1000 for IP 10.30.4.91: no connection to modbus server
[2025-03-01T08:34:01.775Z] Error reading actual data: no connection to modbus server
[2025-03-01T08:34:01.805Z] Error writing to Modbus register: no connection to modbus server
[2025-03-01T08:34:01.805Z] Error reading register 3105 for IP 10.30.4.91: no connection to modbus server
[2025-03-01T08:34:01.806Z] ❌ Error reading register 1000 for IP 10.30.4.91: no connection to modbus server
[2025-03-01T08:34:01.806Z] Error reading actual data: no connection to modbus server
[2025-03-01T08:34:02.046Z] Error writing to Modbus register: no connection to modbus server
[2025-03-01T08:34:02.047Z] Error reading register 3105 for IP 10.30.4.91: no connection to modbus server
[2025-03-01T08:34:02.047Z] Error reading actual data: no connection to modbus server
[2025-03-01T08:34:02.047Z] ❌ Error reading register 1000 for IP 10.30.4.91: no connection to modbus server
[2025-03-01T08:34:02.047Z] Error writing to Modbus register: no connection to modbus server
[2025-03-01T08:34:02.211Z] Error reading register 3105 for IP 10.30.4.91: no connection to modbus server
[2025-03-01T08:34:02.211Z] ❌ Error reading register 1000 for IP 10.30.4.91: no connection to modbus server
[2025-03-01T08:34:02.212Z] Error reading actual data: no connection to modbus server
[2025-03-01T08:34:02.213Z] Error writing to Modbus register: no connection to modbus server
[2025-03-01T08:34:02.565Z] ❌ Error reading register 1000 for IP 10.30.4.91: no connection to modbus server
[2025-03-01T08:34:02.565Z] Error reading register 3105 for IP 10.30.4.91: no connection to modbus server
[2025-03-01T08:34:02.565Z] Error reading actual data: no connection to modbus server
[2025-03-01T08:34:02.773Z] Error writing to Modbus register: no connection to modbus server
[2025-03-01T08:34:02.774Z] Error reading register 3105 for IP 10.30.4.91: no connection to modbus server
[2025-03-01T08:34:02.774Z] ❌ Error reading register 1000 for IP 10.30.4.91: no connection to modbus server
[2025-03-01T08:34:02.774Z] Error reading actual data: no connection to modbus server
[2025-03-01T08:34:02.775Z] Error writing to Modbus register: no connection to modbus server
[2025-03-01T08:34:02.776Z] ❌ Error reading register 1000 for IP 10.30.4.91: no connection to modbus server
[2025-03-01T08:34:02.775Z] Error reading register 3105 for IP 10.30.4.91: no connection to modbus server
[2025-03-01T08:34:02.776Z] Error reading actual data: no connection to modbus server
[2025-03-01T08:34:02.805Z] Error writing to Modbus register: no connection to modbus server
[2025-03-01T08:34:02.806Z] Error reading register 3105 for IP 10.30.4.91: no connection to modbus server
[2025-03-01T08:34:02.806Z] ❌ Error reading register 1000 for IP 10.30.4.91: no connection to modbus server
[2025-03-01T08:34:02.806Z] Error reading actual data: no connection to modbus server
[2025-03-01T08:34:03.054Z] Error writing to Modbus register: no connection to modbus server
[2025-03-01T08:34:03.056Z] Error reading register 3105 for IP 10.30.4.91: no connection to modbus server
[2025-03-01T08:34:03.059Z] Error writing to Modbus register: no connection to modbus server
[2025-03-01T08:34:03.058Z] Error reading actual data: no connection to modbus server
[2025-03-01T08:34:03.058Z] ❌ Error reading register 1000 for IP 10.30.4.91: no connection to modbus server
[2025-03-01T08:34:03.209Z] Error reading register 3105 for IP 10.30.4.91: no connection to modbus server
[2025-03-01T08:34:03.210Z] ❌ Error reading register 1000 for IP 10.30.4.91: no connection to modbus server
[2025-03-01T08:34:03.210Z] Error reading actual data: no connection to modbus server
[2025-03-01T08:34:03.212Z] Error writing to Modbus register: no connection to modbus server
[2025-03-01T08:34:03.569Z] Error reading register 3105 for IP 10.30.4.91: no connection to modbus server
[2025-03-01T08:34:03.569Z] ❌ Error reading register 1000 for IP 10.30.4.91: no connection to modbus server
[2025-03-01T08:34:03.570Z] Error reading actual data: no connection to modbus server
[2025-03-01T08:34:03.774Z] Error writing to Modbus register: no connection to modbus server
[2025-03-01T08:34:03.775Z] Error reading register 3105 for IP 10.30.4.91: no connection to modbus server
[2025-03-01T08:34:03.775Z] ❌ Error reading register 1000 for IP 10.30.4.91: no connection to modbus server
[2025-03-01T08:34:03.775Z] Error reading actual data: no connection to modbus server
[2025-03-01T08:34:03.776Z] Error writing to Modbus register: no connection to modbus server
[2025-03-01T08:34:03.776Z] Error reading register 3105 for IP 10.30.4.91: no connection to modbus server
[2025-03-01T08:34:03.777Z] ❌ Error reading register 1000 for IP 10.30.4.91: no connection to modbus server
[2025-03-01T08:34:03.777Z] Error reading actual data: no connection to modbus server
[2025-03-01T08:34:03.806Z] Error writing to Modbus register: no connection to modbus server
[2025-03-01T08:34:03.807Z] Error reading register 3105 for IP 10.30.4.91: no connection to modbus server
[2025-03-01T08:34:03.807Z] ❌ Error reading register 1000 for IP 10.30.4.91: no connection to modbus server
[2025-03-01T08:34:03.807Z] Error reading actual data: no connection to modbus server
[2025-03-01T08:34:04.055Z] Error writing to Modbus register: no connection to modbus server
[2025-03-01T08:34:04.057Z] Error reading register 3105 for IP 10.30.4.91: no connection to modbus server
[2025-03-01T08:34:04.057Z] ❌ Error reading register 1000 for IP 10.30.4.91: no connection to modbus server
[2025-03-01T08:34:04.058Z] Error reading actual data: no connection to modbus server
[2025-03-01T08:34:04.059Z] Error writing to Modbus register: no connection to modbus server
[2025-03-01T08:34:04.217Z] Error reading register 3105 for IP 10.30.4.91: no connection to modbus server
[2025-03-01T08:34:04.217Z] ❌ Error reading register 1000 for IP 10.30.4.91: no connection to modbus server
[2025-03-01T08:34:04.217Z] Error reading actual data: no connection to modbus server
[2025-03-01T08:34:04.218Z] Error writing to Modbus register: no connection to modbus server
[2025-03-01T08:34:04.582Z] Error reading register 3105 for IP 10.30.4.91: no connection to modbus server
[2025-03-01T08:34:04.582Z] ❌ Error reading register 1000 for IP 10.30.4.91: no connection to modbus server
[2025-03-01T08:34:04.582Z] Error reading actual data: no connection to modbus server
[2025-03-01T08:34:04.775Z] Error writing to Modbus register: no connection to modbus server
[2025-03-01T08:34:04.776Z] Error reading register 3105 for IP 10.30.4.91: no connection to modbus server
[2025-03-01T08:34:04.777Z] ❌ Error reading register 1000 for IP 10.30.4.91: no connection to modbus server
[2025-03-01T08:34:04.777Z] Error reading actual data: no connection to modbus server
[2025-03-01T08:34:04.779Z] Error writing to Modbus register: no connection to modbus server
[2025-03-01T08:34:04.780Z] Error reading register 3105 for IP 10.30.4.91: no connection to modbus server
[2025-03-01T08:34:04.781Z] ❌ Error reading register 1000 for IP 10.30.4.91: no connection to modbus server
[2025-03-01T08:34:04.781Z] Error reading actual data: no connection to modbus server
[2025-03-01T08:34:04.822Z] Error writing to Modbus register: no connection to modbus server
[2025-03-01T08:34:04.827Z] Error reading register 3105 for IP 10.30.4.91: no connection to modbus server
[2025-03-01T08:34:04.827Z] ❌ Error reading register 1000 for IP 10.30.4.91: no connection to modbus server
[2025-03-01T08:34:04.827Z] Error reading actual data: no connection to modbus server
[2025-03-01T08:34:05.061Z] Error writing to Modbus register: no connection to modbus server
[2025-03-01T08:34:05.063Z] Error reading register 3105 for IP 10.30.4.91: no connection to modbus server
[2025-03-01T08:34:05.063Z] ❌ Error reading register 1000 for IP 10.30.4.91: no connection to modbus server
[2025-03-01T08:34:05.064Z] Error reading actual data: no connection to modbus server
[2025-03-01T08:34:05.064Z] Error writing to Modbus register: no connection to modbus server
[2025-03-01T08:34:05.228Z] Error reading register 3105 for IP 10.30.4.91: no connection to modbus server
[2025-03-01T08:34:05.229Z] ❌ Error reading register 1000 for IP 10.30.4.91: no connection to modbus server
[2025-03-01T08:34:05.230Z] Error reading actual data: no connection to modbus server
[2025-03-01T08:34:05.231Z] Error writing to Modbus register: no connection to modbus server
[2025-03-01T08:34:05.583Z] Error reading register 3105 for IP 10.30.4.91: no connection to modbus server
[2025-03-01T08:34:05.583Z] ❌ Error reading register 1000 for IP 10.30.4.91: no connection to modbus server
[2025-03-01T08:34:05.583Z] Error reading actual data: no connection to modbus server
[2025-03-01T08:34:05.789Z] Error writing to Modbus register: no connection to modbus server
[2025-03-01T08:34:05.790Z] Error reading register 3105 for IP 10.30.4.91: no connection to modbus server
[2025-03-01T08:34:05.790Z] ❌ Error reading register 1000 for IP 10.30.4.91: no connection to modbus server
[2025-03-01T08:34:05.790Z] Error reading actual data: no connection to modbus server
[2025-03-01T08:34:05.791Z] Error writing to Modbus register: no connection to modbus server
[2025-03-01T08:34:05.791Z] Error reading register 3105 for IP 10.30.4.91: no connection to modbus server
[2025-03-01T08:34:05.792Z] ❌ Error reading register 1000 for IP 10.30.4.91: no connection to modbus server
[2025-03-01T08:34:05.792Z] Error reading actual data: no connection to modbus server
[2025-03-01T08:34:05.837Z] Error writing to Modbus register: no connection to modbus server
[2025-03-01T08:34:05.838Z] Error reading register 3105 for IP 10.30.4.91: no connection to modbus server
[2025-03-01T08:34:05.838Z] ❌ Error reading register 1000 for IP 10.30.4.91: no connection to modbus server
[2025-03-01T08:34:05.838Z] Error reading actual data: no connection to modbus server
[2025-03-01T08:34:06.069Z] Error writing to Modbus register: no connection to modbus server
[2025-03-01T08:34:06.071Z] Error reading register 3105 for IP 10.30.4.91: no connection to modbus server
[2025-03-01T08:34:06.071Z] ❌ Error reading register 1000 for IP 10.30.4.91: no connection to modbus server
[2025-03-01T08:34:06.072Z] Error reading actual data: no connection to modbus server
[2025-03-01T08:34:06.073Z] Error writing to Modbus register: no connection to modbus server
[2025-03-01T08:34:06.228Z] Error reading register 3105 for IP 10.30.4.91: no connection to modbus server
[2025-03-01T08:34:06.228Z] ❌ Error reading register 1000 for IP 10.30.4.91: no connection to modbus server
[2025-03-01T08:34:06.229Z] Error reading actual data: no connection to modbus server
[2025-03-01T08:34:06.230Z] Error writing to Modbus register: no connection to modbus server
[2025-03-01T08:34:06.597Z] Error reading register 3105 for IP 10.30.4.91: no connection to modbus server
[2025-03-01T08:34:06.597Z] ❌ Error reading register 1000 for IP 10.30.4.91: no connection to modbus server
[2025-03-01T08:34:06.597Z] Error reading actual data: no connection to modbus server
[2025-03-01T08:34:06.791Z] Error writing to Modbus register: no connection to modbus server
[2025-03-01T08:34:06.791Z] Error reading register 3105 for IP 10.30.4.91: no connection to modbus server
[2025-03-01T08:34:06.791Z] ❌ Error reading register 1000 for IP 10.30.4.91: no connection to modbus server
[2025-03-01T08:34:06.791Z] Error reading actual data: no connection to modbus server
[2025-03-01T08:34:06.791Z] Error writing to Modbus register: no connection to modbus server
[2025-03-01T08:34:06.792Z] Error reading register 3105 for IP 10.30.4.91: no connection to modbus server
[2025-03-01T08:34:06.792Z] ❌ Error reading register 1000 for IP 10.30.4.91: no connection to modbus server
[2025-03-01T08:34:06.792Z] Error reading actual data: no connection to modbus server
[2025-03-01T08:34:06.838Z] Error writing to Modbus register: no connection to modbus server
[2025-03-01T08:34:06.839Z] Error reading register 3105 for IP 10.30.4.91: no connection to modbus server
[2025-03-01T08:34:06.839Z] ❌ Error reading register 1000 for IP 10.30.4.91: no connection to modbus server
[2025-03-01T08:34:06.839Z] Error reading actual data: no connection to modbus server
[2025-03-01T08:34:07.081Z] Error writing to Modbus register: no connection to modbus server
[2025-03-01T08:34:07.081Z] Error reading register 3105 for IP 10.30.4.91: no connection to modbus server
[2025-03-01T08:34:07.081Z] ❌ Error reading register 1000 for IP 10.30.4.91: no connection to modbus server
[2025-03-01T08:34:07.081Z] Error reading actual data: no connection to modbus server
[2025-03-01T08:34:07.082Z] Error writing to Modbus register: no connection to modbus server
[2025-03-01T08:34:07.243Z] Error reading register 3105 for IP 10.30.4.91: no connection to modbus server
[2025-03-01T08:34:07.244Z] Error reading actual data: no connection to modbus server
[2025-03-01T08:34:07.243Z] ❌ Error reading register 1000 for IP 10.30.4.91: no connection to modbus server
[2025-03-01T08:34:07.244Z] Error writing to Modbus register: no connection to modbus server
[2025-03-01T08:34:07.602Z] Error reading register 3105 for IP 10.30.4.91: no connection to modbus server
[2025-03-01T08:34:07.602Z] ❌ Error reading register 1000 for IP 10.30.4.91: no connection to modbus server
[2025-03-01T08:34:07.603Z] Error reading actual data: no connection to modbus server
[2025-03-01T08:34:07.791Z] Error writing to Modbus register: no connection to modbus server
[2025-03-01T08:34:07.792Z] Error reading register 3105 for IP 10.30.4.91: no connection to modbus server
[2025-03-01T08:34:07.792Z] ❌ Error reading register 1000 for IP 10.30.4.91: no connection to modbus server
[2025-03-01T08:34:07.792Z] Error reading actual data: no connection to modbus server
[2025-03-01T08:34:07.793Z] Error writing to Modbus register: no connection to modbus server
[2025-03-01T08:34:07.793Z] Error reading register 3105 for IP 10.30.4.91: no connection to modbus server
[2025-03-01T08:34:07.794Z] ❌ Error reading register 1000 for IP 10.30.4.91: no connection to modbus server
[2025-03-01T08:34:07.794Z] Error reading actual data: no connection to modbus server
[2025-03-01T08:34:07.838Z] Error writing to Modbus register: no connection to modbus server
[2025-03-01T08:34:07.838Z] Error reading register 3105 for IP 10.30.4.91: no connection to modbus server
[2025-03-01T08:34:07.838Z] ❌ Error reading register 1000 for IP 10.30.4.91: no connection to modbus server
[2025-03-01T08:34:07.838Z] Error reading actual data: no connection to modbus server
[2025-03-01T08:34:08.084Z] Error writing to Modbus register: no connection to modbus server
[2025-03-01T08:34:08.084Z] Error reading register 3105 for IP 10.30.4.91: no connection to modbus server
[2025-03-01T08:34:08.084Z] ❌ Error reading register 1000 for IP 10.30.4.91: no connection to modbus server
[2025-03-01T08:34:08.084Z] Error reading actual data: no connection to modbus server
[2025-03-01T08:34:08.085Z] Error writing to Modbus register: no connection to modbus server
[2025-03-01T08:34:08.242Z] Error reading register 3105 for IP 10.30.4.91: no connection to modbus server
[2025-03-01T08:34:08.243Z] ❌ Error reading register 1000 for IP 10.30.4.91: no connection to modbus server
[2025-03-01T08:34:08.243Z] Error reading actual data: no connection to modbus server
[2025-03-01T08:34:08.243Z] Error writing to Modbus register: no connection to modbus server
[2025-03-01T08:34:08.602Z] Error reading register 3105 for IP 10.30.4.91: no connection to modbus server
[2025-03-01T08:34:08.603Z] ❌ Error reading register 1000 for IP 10.30.4.91: no connection to modbus server
[2025-03-01T08:34:08.603Z] Error reading actual data: no connection to modbus server
[2025-03-01T08:34:08.791Z] Error writing to Modbus register: no connection to modbus server
[2025-03-01T08:34:08.791Z] Error reading register 3105 for IP 10.30.4.91: no connection to modbus server
[2025-03-01T08:34:08.792Z] ❌ Error reading register 1000 for IP 10.30.4.91: no connection to modbus server
[2025-03-01T08:34:08.792Z] Error reading actual data: no connection to modbus server
[2025-03-01T08:34:08.793Z] Error writing to Modbus register: no connection to modbus server
[2025-03-01T08:34:08.793Z] Error reading register 3105 for IP 10.30.4.91: no connection to modbus server
[2025-03-01T08:34:08.793Z] ❌ Error reading register 1000 for IP 10.30.4.91: no connection to modbus server
[2025-03-01T08:34:08.793Z] Error reading actual data: no connection to modbus server
[2025-03-01T08:34:08.854Z] Error writing to Modbus register: no connection to modbus server
[2025-03-01T08:34:08.854Z] Error reading register 3105 for IP 10.30.4.91: no connection to modbus server
[2025-03-01T08:34:08.854Z] Error reading actual data: no connection to modbus server
[2025-03-01T08:34:08.854Z] ❌ Error reading register 1000 for IP 10.30.4.91: no connection to modbus server
[2025-03-01T08:34:09.089Z] Error writing to Modbus register: no connection to modbus server
[2025-03-01T08:34:09.091Z] Error reading register 3105 for IP 10.30.4.91: no connection to modbus server
[2025-03-01T08:34:09.091Z] ❌ Error reading register 1000 for IP 10.30.4.91: no connection to modbus server
[2025-03-01T08:34:09.092Z] Error reading actual data: no connection to modbus server
[2025-03-01T08:34:09.093Z] Error writing to Modbus register: no connection to modbus server
[2025-03-01T08:34:09.242Z] Error reading register 3105 for IP 10.30.4.91: no connection to modbus server
[2025-03-01T08:34:09.242Z] ❌ Error reading register 1000 for IP 10.30.4.91: no connection to modbus server
[2025-03-01T08:34:09.242Z] Error reading actual data: no connection to modbus server
[2025-03-01T08:34:09.258Z] Error writing to Modbus register: no connection to modbus server
[2025-03-01T08:34:09.617Z] Error reading register 3105 for IP 10.30.4.91: no connection to modbus server
[2025-03-01T08:34:09.618Z] ❌ Error reading register 1000 for IP 10.30.4.91: no connection to modbus server
[2025-03-01T08:34:09.618Z] Error reading actual data: no connection to modbus server
[2025-03-01T08:34:09.792Z] Error writing to Modbus register: no connection to modbus server
[2025-03-01T08:34:09.793Z] Error reading register 3105 for IP 10.30.4.91: no connection to modbus server
[2025-03-01T08:34:09.793Z] ❌ Error reading register 1000 for IP 10.30.4.91: no connection to modbus server
[2025-03-01T08:34:09.793Z] Error reading actual data: no connection to modbus server
[2025-03-01T08:34:09.794Z] Error writing to Modbus register: no connection to modbus server
[2025-03-01T08:34:09.795Z] Error reading register 3105 for IP 10.30.4.91: no connection to modbus server
[2025-03-01T08:34:09.795Z] ❌ Error reading register 1000 for IP 10.30.4.91: no connection to modbus server
[2025-03-01T08:34:09.795Z] Error reading actual data: no connection to modbus server
[2025-03-01T08:34:09.855Z] Error writing to Modbus register: no connection to modbus server
[2025-03-01T08:34:09.856Z] Error reading register 3105 for IP 10.30.4.91: no connection to modbus server
[2025-03-01T08:34:09.856Z] ❌ Error reading register 1000 for IP 10.30.4.91: no connection to modbus server
[2025-03-01T08:34:09.856Z] Error reading actual data: no connection to modbus server
[2025-03-01T08:34:10.090Z] Error writing to Modbus register: no connection to modbus server
[2025-03-01T08:34:10.091Z] Error reading register 3105 for IP 10.30.4.91: no connection to modbus server
[2025-03-01T08:34:10.091Z] ❌ Error reading register 1000 for IP 10.30.4.91: no connection to modbus server
[2025-03-01T08:34:10.091Z] Error reading actual data: no connection to modbus server
[2025-03-01T08:34:10.092Z] Error writing to Modbus register: no connection to modbus server
[2025-03-01T08:34:10.242Z] Error reading register 3105 for IP 10.30.4.91: no connection to modbus server
[2025-03-01T08:34:10.242Z] ❌ Error reading register 1000 for IP 10.30.4.91: no connection to modbus server
[2025-03-01T08:34:10.242Z] Error reading actual data: no connection to modbus server
[2025-03-01T08:34:10.258Z] Error writing to Modbus register: no connection to modbus server
[2025-03-01T08:34:10.618Z] Error reading register 3105 for IP 10.30.4.91: no connection to modbus server
[2025-03-01T08:34:10.618Z] ❌ Error reading register 1000 for IP 10.30.4.91: no connection to modbus server
[2025-03-01T08:34:10.619Z] Error reading actual data: no connection to modbus server
[2025-03-01T08:34:10.792Z] Error writing to Modbus register: no connection to modbus server
[2025-03-01T08:34:10.793Z] Error reading register 3105 for IP 10.30.4.91: no connection to modbus server
[2025-03-01T08:34:10.793Z] Error reading actual data: no connection to modbus server
[2025-03-01T08:34:10.793Z] ❌ Error reading register 1000 for IP 10.30.4.91: no connection to modbus server
[2025-03-01T08:34:10.794Z] Error writing to Modbus register: no connection to modbus server
[2025-03-01T08:34:10.794Z] Error reading register 3105 for IP 10.30.4.91: no connection to modbus server
[2025-03-01T08:34:10.794Z] ❌ Error reading register 1000 for IP 10.30.4.91: no connection to modbus server
[2025-03-01T08:34:10.794Z] Error reading actual data: no connection to modbus server
[2025-03-01T08:34:10.854Z] Error writing to Modbus register: no connection to modbus server
[2025-03-01T08:34:10.855Z] Error reading register 3105 for IP 10.30.4.91: no connection to modbus server
[2025-03-01T08:34:10.855Z] ❌ Error reading register 1000 for IP 10.30.4.91: no connection to modbus server
[2025-03-01T08:34:10.855Z] Error reading actual data: no connection to modbus server
[2025-03-01T08:34:11.105Z] Error writing to Modbus register: no connection to modbus server
[2025-03-01T08:34:11.107Z] Error reading register 3105 for IP 10.30.4.91: no connection to modbus server
[2025-03-01T08:34:11.108Z] Error reading actual data: no connection to modbus server
[2025-03-01T08:34:11.108Z] ❌ Error reading register 1000 for IP 10.30.4.91: no connection to modbus server
[2025-03-01T08:34:11.109Z] Error writing to Modbus register: no connection to modbus server
[2025-03-01T08:34:11.243Z] ❌ Error reading register 1000 for IP 10.30.4.91: no connection to modbus server
[2025-03-01T08:34:11.243Z] Error reading register 3105 for IP 10.30.4.91: no connection to modbus server
[2025-03-01T08:34:11.244Z] Error reading actual data: no connection to modbus server
[2025-03-01T08:34:11.261Z] Error writing to Modbus register: no connection to modbus server
[2025-03-01T08:34:11.617Z] Error reading register 3105 for IP 10.30.4.91: no connection to modbus server
[2025-03-01T08:34:11.618Z] ❌ Error reading register 1000 for IP 10.30.4.91: no connection to modbus server
[2025-03-01T08:34:11.618Z] Error reading actual data: no connection to modbus server
[2025-03-01T08:34:11.792Z] Error writing to Modbus register: no connection to modbus server
[2025-03-01T08:34:11.793Z] Error reading register 3105 for IP 10.30.4.91: no connection to modbus server
[2025-03-01T08:34:11.793Z] ❌ Error reading register 1000 for IP 10.30.4.91: no connection to modbus server
[2025-03-01T08:34:11.793Z] Error reading actual data: no connection to modbus server
[2025-03-01T08:34:11.794Z] Error writing to Modbus register: no connection to modbus server
[2025-03-01T08:34:11.795Z] Error reading register 3105 for IP 10.30.4.91: no connection to modbus server
[2025-03-01T08:34:11.795Z] ❌ Error reading register 1000 for IP 10.30.4.91: no connection to modbus server
[2025-03-01T08:34:11.795Z] Error reading actual data: no connection to modbus server
[2025-03-01T08:34:11.855Z] Error writing to Modbus register: no connection to modbus server
[2025-03-01T08:34:11.856Z] Error reading register 3105 for IP 10.30.4.91: no connection to modbus server
[2025-03-01T08:34:11.856Z] ❌ Error reading register 1000 for IP 10.30.4.91: no connection to modbus server
[2025-03-01T08:34:11.856Z] Error reading actual data: no connection to modbus server
[2025-03-01T08:34:12.106Z] Error writing to Modbus register: no connection to modbus server
[2025-03-01T08:34:12.107Z] Error reading register 3105 for IP 10.30.4.91: no connection to modbus server
[2025-03-01T08:34:12.107Z] ❌ Error reading register 1000 for IP 10.30.4.91: no connection to modbus server
[2025-03-01T08:34:12.107Z] Error reading actual data: no connection to modbus server
[2025-03-01T08:34:12.121Z] Error writing to Modbus register: no connection to modbus server
[2025-03-01T08:34:12.243Z] ❌ Error reading register 1000 for IP 10.30.4.91: no connection to modbus server
[2025-03-01T08:34:12.244Z] Error reading actual data: no connection to modbus server
[2025-03-01T08:34:12.243Z] Error reading register 3105 for IP 10.30.4.91: no connection to modbus server
[2025-03-01T08:34:12.276Z] Error writing to Modbus register: no connection to modbus server
[2025-03-01T08:34:12.619Z] Error reading register 3105 for IP 10.30.4.91: no connection to modbus server
[2025-03-01T08:34:12.619Z] ❌ Error reading register 1000 for IP 10.30.4.91: no connection to modbus server
[2025-03-01T08:34:12.619Z] Error reading actual data: no connection to modbus server
[2025-03-01T08:34:12.808Z] Error writing to Modbus register: no connection to modbus server
[2025-03-01T08:34:12.809Z] Error reading register 3105 for IP 10.30.4.91: no connection to modbus server
[2025-03-01T08:34:12.813Z] Error reading register 3105 for IP 10.30.4.91: no connection to modbus server
[2025-03-01T08:34:12.813Z] ❌ Error reading register 1000 for IP 10.30.4.91: no connection to modbus server
[2025-03-01T08:34:12.813Z] Error reading actual data: no connection to modbus server
[2025-03-01T08:34:12.811Z] Error writing to Modbus register: no connection to modbus server
[2025-03-01T08:34:12.810Z] ❌ Error reading register 1000 for IP 10.30.4.91: no connection to modbus server
[2025-03-01T08:34:12.810Z] Error reading actual data: no connection to modbus server
[2025-03-01T08:34:12.870Z] Error writing to Modbus register: no connection to modbus server
[2025-03-01T08:34:12.870Z] Error reading register 3105 for IP 10.30.4.91: no connection to modbus server
[2025-03-01T08:34:12.870Z] ❌ Error reading register 1000 for IP 10.30.4.91: no connection to modbus server
[2025-03-01T08:34:12.870Z] Error reading actual data: no connection to modbus server
[2025-03-01T08:34:13.107Z] Error writing to Modbus register: no connection to modbus server
[2025-03-01T08:34:13.108Z] Error reading register 3105 for IP 10.30.4.91: no connection to modbus server
[2025-03-01T08:34:13.108Z] ❌ Error reading register 1000 for IP 10.30.4.91: no connection to modbus server
[2025-03-01T08:34:13.108Z] Error reading actual data: no connection to modbus server
[2025-03-01T08:34:13.122Z] Error writing to Modbus register: no connection to modbus server
[2025-03-01T08:34:13.244Z] Error reading register 3105 for IP 10.30.4.91: no connection to modbus server
[2025-03-01T08:34:13.244Z] ❌ Error reading register 1000 for IP 10.30.4.91: no connection to modbus server
[2025-03-01T08:34:13.245Z] Error reading actual data: no connection to modbus server
[2025-03-01T08:34:13.291Z] Error writing to Modbus register: no connection to modbus server
[2025-03-01T08:34:13.634Z] Error reading register 3105 for IP 10.30.4.91: no connection to modbus server
[2025-03-01T08:34:13.634Z] ❌ Error reading register 1000 for IP 10.30.4.91: no connection to modbus server
[2025-03-01T08:34:13.634Z] Error reading actual data: no connection to modbus server
[2025-03-01T08:34:13.809Z] Error writing to Modbus register: no connection to modbus server
[2025-03-01T08:34:13.809Z] Error reading register 3105 for IP 10.30.4.91: no connection to modbus server
[2025-03-01T08:34:13.809Z] ❌ Error reading register 1000 for IP 10.30.4.91: no connection to modbus server
[2025-03-01T08:34:13.809Z] Error reading actual data: no connection to modbus server
[2025-03-01T08:34:13.824Z] Error writing to Modbus register: no connection to modbus server
[2025-03-01T08:34:13.825Z] ❌ Error reading register 1000 for IP 10.30.4.91: no connection to modbus server
[2025-03-01T08:34:13.825Z] Error reading register 3105 for IP 10.30.4.91: no connection to modbus server
[2025-03-01T08:34:13.825Z] Error reading actual data: no connection to modbus server
[2025-03-01T08:34:13.871Z] Error writing to Modbus register: no connection to modbus server
[2025-03-01T08:34:13.872Z] Error reading register 3105 for IP 10.30.4.91: no connection to modbus server
[2025-03-01T08:34:13.872Z] ❌ Error reading register 1000 for IP 10.30.4.91: no connection to modbus server
[2025-03-01T08:34:13.872Z] Error reading actual data: no connection to modbus server
[2025-03-01T08:34:14.107Z] Error writing to Modbus register: no connection to modbus server
[2025-03-01T08:34:14.108Z] Error reading register 3105 for IP 10.30.4.91: no connection to modbus server
[2025-03-01T08:34:14.108Z] ❌ Error reading register 1000 for IP 10.30.4.91: no connection to modbus server
[2025-03-01T08:34:14.109Z] Error reading actual data: no connection to modbus server
[2025-03-01T08:34:14.122Z] Error writing to Modbus register: no connection to modbus server
[2025-03-01T08:34:14.260Z] Error reading register 3105 for IP 10.30.4.91: no connection to modbus server
[2025-03-01T08:34:14.261Z] ❌ Error reading register 1000 for IP 10.30.4.91: no connection to modbus server
[2025-03-01T08:34:14.261Z] Error reading actual data: no connection to modbus server
[2025-03-01T08:34:14.306Z] Error writing to Modbus register: no connection to modbus server
[2025-03-01T08:34:14.635Z] Error reading register 3105 for IP 10.30.4.91: no connection to modbus server
[2025-03-01T08:34:14.635Z] ❌ Error reading register 1000 for IP 10.30.4.91: no connection to modbus server
[2025-03-01T08:34:14.635Z] Error reading actual data: no connection to modbus server
[2025-03-01T08:34:14.824Z] Error writing to Modbus register: no connection to modbus server
[2025-03-01T08:34:14.825Z] Error reading register 3105 for IP 10.30.4.91: no connection to modbus server
[2025-03-01T08:34:14.825Z] ❌ Error reading register 1000 for IP 10.30.4.91: no connection to modbus server
[2025-03-01T08:34:14.825Z] Error reading actual data: no connection to modbus server
[2025-03-01T08:34:14.827Z] Error reading register 3105 for IP 10.30.4.91: no connection to modbus server
[2025-03-01T08:34:14.826Z] Error writing to Modbus register: no connection to modbus server
[2025-03-01T08:34:14.827Z] ❌ Error reading register 1000 for IP 10.30.4.91: no connection to modbus server
[2025-03-01T08:34:14.828Z] Error reading actual data: no connection to modbus server
[2025-03-01T08:34:14.886Z] Error writing to Modbus register: no connection to modbus server
[2025-03-01T08:34:14.887Z] Error reading register 3105 for IP 10.30.4.91: no connection to modbus server
[2025-03-01T08:34:14.887Z] ❌ Error reading register 1000 for IP 10.30.4.91: no connection to modbus server
[2025-03-01T08:34:14.887Z] Error reading actual data: no connection to modbus server
[2025-03-01T08:34:15.107Z] Error writing to Modbus register: no connection to modbus server
[2025-03-01T08:34:15.108Z] Error reading register 3105 for IP 10.30.4.91: no connection to modbus server
[2025-03-01T08:34:15.108Z] ❌ Error reading register 1000 for IP 10.30.4.91: no connection to modbus server
[2025-03-01T08:34:15.108Z] Error reading actual data: no connection to modbus server
[2025-03-01T08:34:15.122Z] Error writing to Modbus register: no connection to modbus server
[2025-03-01T08:34:15.260Z] Error reading register 3105 for IP 10.30.4.91: no connection to modbus server
[2025-03-01T08:34:15.261Z] ❌ Error reading register 1000 for IP 10.30.4.91: no connection to modbus server
[2025-03-01T08:34:15.261Z] Error reading actual data: no connection to modbus server
[2025-03-01T08:34:15.308Z] Error writing to Modbus register: no connection to modbus server
[2025-03-01T08:34:15.637Z] Error reading register 3105 for IP 10.30.4.91: no connection to modbus server
[2025-03-01T08:34:15.637Z] ❌ Error reading register 1000 for IP 10.30.4.91: no connection to modbus server
[2025-03-01T08:34:15.637Z] Error reading actual data: no connection to modbus server
[2025-03-01T08:34:15.824Z] Error writing to Modbus register: no connection to modbus server
[2025-03-01T08:34:15.825Z] Error reading register 3105 for IP 10.30.4.91: no connection to modbus server
[2025-03-01T08:34:15.825Z] ❌ Error reading register 1000 for IP 10.30.4.91: no connection to modbus server
[2025-03-01T08:34:15.825Z] Error reading actual data: no connection to modbus server
[2025-03-01T08:34:15.826Z] Error writing to Modbus register: no connection to modbus server
[2025-03-01T08:34:15.840Z] Error reading register 3105 for IP 10.30.4.91: no connection to modbus server
[2025-03-01T08:34:15.840Z] ❌ Error reading register 1000 for IP 10.30.4.91: no connection to modbus server
[2025-03-01T08:34:15.840Z] Error reading actual data: no connection to modbus server
[2025-03-01T08:34:15.887Z] Error writing to Modbus register: no connection to modbus server
[2025-03-01T08:34:15.887Z] Error reading register 3105 for IP 10.30.4.91: no connection to modbus server
[2025-03-01T08:34:15.887Z] ❌ Error reading register 1000 for IP 10.30.4.91: no connection to modbus server
[2025-03-01T08:34:15.887Z] Error reading actual data: no connection to modbus server
[2025-03-01T08:34:16.107Z] Error writing to Modbus register: no connection to modbus server
[2025-03-01T08:34:16.108Z] Error reading register 3105 for IP 10.30.4.91: no connection to modbus server
[2025-03-01T08:34:16.108Z] ❌ Error reading register 1000 for IP 10.30.4.91: no connection to modbus server
[2025-03-01T08:34:16.108Z] Error reading actual data: no connection to modbus server
[2025-03-01T08:34:16.123Z] Error writing to Modbus register: no connection to modbus server
[2025-03-01T08:34:16.262Z] Error reading register 3105 for IP 10.30.4.91: no connection to modbus server
[2025-03-01T08:34:16.262Z] ❌ Error reading register 1000 for IP 10.30.4.91: no connection to modbus server
[2025-03-01T08:34:16.262Z] Error reading actual data: no connection to modbus server
[2025-03-01T08:34:16.308Z] Error writing to Modbus register: no connection to modbus server
[2025-03-01T08:34:16.637Z] Error reading register 3105 for IP 10.30.4.91: no connection to modbus server
[2025-03-01T08:34:16.637Z] ❌ Error reading register 1000 for IP 10.30.4.91: no connection to modbus server
[2025-03-01T08:34:16.637Z] Error reading actual data: no connection to modbus server
[2025-03-01T08:34:16.825Z] Error writing to Modbus register: no connection to modbus server
[2025-03-01T08:34:16.826Z] Error reading register 3105 for IP 10.30.4.91: no connection to modbus server
[2025-03-01T08:34:16.826Z] ❌ Error reading register 1000 for IP 10.30.4.91: no connection to modbus server
[2025-03-01T08:34:16.826Z] Error reading actual data: no connection to modbus server
[2025-03-01T08:34:16.826Z] Error writing to Modbus register: no connection to modbus server
[2025-03-01T08:34:16.841Z] Error reading register 3105 for IP 10.30.4.91: no connection to modbus server
[2025-03-01T08:34:16.841Z] ❌ Error reading register 1000 for IP 10.30.4.91: no connection to modbus server
[2025-03-01T08:34:16.841Z] Error reading actual data: no connection to modbus server
[2025-03-01T08:34:16.887Z] Error writing to Modbus register: no connection to modbus server
[2025-03-01T08:34:16.888Z] Error reading register 3105 for IP 10.30.4.91: no connection to modbus server
[2025-03-01T08:34:16.888Z] ❌ Error reading register 1000 for IP 10.30.4.91: no connection to modbus server
[2025-03-01T08:34:16.888Z] Error reading actual data: no connection to modbus server
[2025-03-01T08:34:17.122Z] Error writing to Modbus register: no connection to modbus server
[2025-03-01T08:34:17.124Z] Error reading register 3105 for IP 10.30.4.91: no connection to modbus server
[2025-03-01T08:34:17.125Z] ❌ Error reading register 1000 for IP 10.30.4.91: no connection to modbus server
[2025-03-01T08:34:17.125Z] Error reading actual data: no connection to modbus server
[2025-03-01T08:34:17.127Z] Error writing to Modbus register: no connection to modbus server
[2025-03-01T08:34:17.262Z] Error reading register 3105 for IP 10.30.4.91: no connection to modbus server
[2025-03-01T08:34:17.262Z] ❌ Error reading register 1000 for IP 10.30.4.91: no connection to modbus server
[2025-03-01T08:34:17.263Z] Error reading actual data: no connection to modbus server
[2025-03-01T08:34:17.307Z] Error writing to Modbus register: no connection to modbus server
[2025-03-01T08:34:17.650Z] Error reading register 3105 for IP 10.30.4.91: no connection to modbus server
[2025-03-01T08:34:17.651Z] ❌ Error reading register 1000 for IP 10.30.4.91: no connection to modbus server
[2025-03-01T08:34:17.651Z] Error reading actual data: no connection to modbus server
[2025-03-01T08:34:17.825Z] Error writing to Modbus register: no connection to modbus server
[2025-03-01T08:34:17.826Z] Error reading register 3105 for IP 10.30.4.91: no connection to modbus server
[2025-03-01T08:34:17.826Z] ❌ Error reading register 1000 for IP 10.30.4.91: no connection to modbus server
[2025-03-01T08:34:17.826Z] Error reading actual data: no connection to modbus server
[2025-03-01T08:34:17.826Z] Error writing to Modbus register: no connection to modbus server
[2025-03-01T08:34:17.841Z] Error reading register 3105 for IP 10.30.4.91: no connection to modbus server
[2025-03-01T08:34:17.841Z] ❌ Error reading register 1000 for IP 10.30.4.91: no connection to modbus server
[2025-03-01T08:34:17.841Z] Error reading actual data: no connection to modbus server
[2025-03-01T08:34:17.888Z] Error writing to Modbus register: no connection to modbus server
[2025-03-01T08:34:17.888Z] Error reading register 3105 for IP 10.30.4.91: no connection to modbus server
[2025-03-01T08:34:17.888Z] ❌ Error reading register 1000 for IP 10.30.4.91: no connection to modbus server
[2025-03-01T08:34:17.889Z] Error reading actual data: no connection to modbus server
[2025-03-01T08:34:18.126Z] Error writing to Modbus register: no connection to modbus server
[2025-03-01T08:34:18.127Z] Error reading register 3105 for IP 10.30.4.91: no connection to modbus server
[2025-03-01T08:34:18.127Z] ❌ Error reading register 1000 for IP 10.30.4.91: no connection to modbus server
[2025-03-01T08:34:18.128Z] Error reading actual data: no connection to modbus server
[2025-03-01T08:34:18.128Z] Error writing to Modbus register: no connection to modbus server
[2025-03-01T08:34:18.267Z] Error reading register 3105 for IP 10.30.4.91: no connection to modbus server
[2025-03-01T08:34:18.268Z] ❌ Error reading register 1000 for IP 10.30.4.91: no connection to modbus server
[2025-03-01T08:34:18.268Z] Error reading actual data: no connection to modbus server
[2025-03-01T08:34:18.311Z] Error writing to Modbus register: no connection to modbus server
[2025-03-01T08:34:18.651Z] Error reading register 3105 for IP 10.30.4.91: no connection to modbus server
[2025-03-01T08:34:18.652Z] ❌ Error reading register 1000 for IP 10.30.4.91: no connection to modbus server
[2025-03-01T08:34:18.652Z] Error reading actual data: no connection to modbus server
[2025-03-01T08:34:18.825Z] Error writing to Modbus register: no connection to modbus server
[2025-03-01T08:34:18.826Z] Error reading register 3105 for IP 10.30.4.91: no connection to modbus server
[2025-03-01T08:34:18.826Z] ❌ Error reading register 1000 for IP 10.30.4.91: no connection to modbus server
[2025-03-01T08:34:18.827Z] Error reading actual data: no connection to modbus server
[2025-03-01T08:34:18.827Z] Error writing to Modbus register: no connection to modbus server
[2025-03-01T08:34:18.845Z] Error reading register 3105 for IP 10.30.4.91: no connection to modbus server
[2025-03-01T08:34:18.846Z] ❌ Error reading register 1000 for IP 10.30.4.91: no connection to modbus server
[2025-03-01T08:34:18.847Z] Error reading actual data: no connection to modbus server
[2025-03-01T08:34:18.888Z] Error writing to Modbus register: no connection to modbus server
[2025-03-01T08:34:18.889Z] Error reading register 3105 for IP 10.30.4.91: no connection to modbus server
[2025-03-01T08:34:18.889Z] ❌ Error reading register 1000 for IP 10.30.4.91: no connection to modbus server
[2025-03-01T08:34:18.889Z] Error reading actual data: no connection to modbus server
[2025-03-01T08:34:19.135Z] Error writing to Modbus register: no connection to modbus server
[2025-03-01T08:34:19.137Z] Error reading register 3105 for IP 10.30.4.91: no connection to modbus server
[2025-03-01T08:34:19.137Z] ❌ Error reading register 1000 for IP 10.30.4.91: no connection to modbus server
[2025-03-01T08:34:19.138Z] Error reading actual data: no connection to modbus server
[2025-03-01T08:34:19.139Z] Error writing to Modbus register: no connection to modbus server
[2025-03-01T08:34:19.278Z] ❌ Error reading register 1000 for IP 10.30.4.91: no connection to modbus server
[2025-03-01T08:34:19.277Z] Error reading register 3105 for IP 10.30.4.91: no connection to modbus server
[2025-03-01T08:34:19.278Z] Error reading actual data: no connection to modbus server
[2025-03-01T08:34:19.325Z] Error writing to Modbus register: no connection to modbus server
[2025-03-01T08:34:19.666Z] Error reading register 3105 for IP 10.30.4.91: no connection to modbus server
[2025-03-01T08:34:19.666Z] ❌ Error reading register 1000 for IP 10.30.4.91: no connection to modbus server
[2025-03-01T08:34:19.666Z] Error reading actual data: no connection to modbus server
[2025-03-01T08:34:19.827Z] Error writing to Modbus register: no connection to modbus server
[2025-03-01T08:34:19.828Z] Error reading register 3105 for IP 10.30.4.91: no connection to modbus server
[2025-03-01T08:34:19.828Z] Error reading actual data: no connection to modbus server
[2025-03-01T08:34:19.828Z] ❌ Error reading register 1000 for IP 10.30.4.91: no connection to modbus server
[2025-03-01T08:34:19.828Z] Error writing to Modbus register: no connection to modbus server
[2025-03-01T08:34:19.843Z] Error reading register 3105 for IP 10.30.4.91: no connection to modbus server
[2025-03-01T08:34:19.843Z] ❌ Error reading register 1000 for IP 10.30.4.91: no connection to modbus server
[2025-03-01T08:34:19.844Z] Error reading actual data: no connection to modbus server
[2025-03-01T08:34:19.890Z] Error writing to Modbus register: no connection to modbus server
[2025-03-01T08:34:19.890Z] Error reading register 3105 for IP 10.30.4.91: no connection to modbus server
[2025-03-01T08:34:19.890Z] ❌ Error reading register 1000 for IP 10.30.4.91: no connection to modbus server
[2025-03-01T08:34:19.891Z] Error reading actual data: no connection to modbus server
[2025-03-01T08:34:20.138Z] Error writing to Modbus register: no connection to modbus server
[2025-03-01T08:34:20.138Z] Error reading register 3105 for IP 10.30.4.91: no connection to modbus server
[2025-03-01T08:34:20.139Z] ❌ Error reading register 1000 for IP 10.30.4.91: no connection to modbus server
[2025-03-01T08:34:20.139Z] Error reading actual data: no connection to modbus server
[2025-03-01T08:34:20.139Z] Error writing to Modbus register: no connection to modbus server
[2025-03-01T08:34:20.277Z] Error reading register 3105 for IP 10.30.4.91: no connection to modbus server
[2025-03-01T08:34:20.278Z] ❌ Error reading register 1000 for IP 10.30.4.91: no connection to modbus server
[2025-03-01T08:34:20.278Z] Error reading actual data: no connection to modbus server
[2025-03-01T08:34:20.325Z] Error writing to Modbus register: no connection to modbus server
[2025-03-01T08:34:20.666Z] Error reading register 3105 for IP 10.30.4.91: no connection to modbus server
[2025-03-01T08:34:20.666Z] ❌ Error reading register 1000 for IP 10.30.4.91: no connection to modbus server
[2025-03-01T08:34:20.666Z] Error reading actual data: no connection to modbus server
[2025-03-01T08:34:20.841Z] Error writing to Modbus register: no connection to modbus server
[2025-03-01T08:34:20.842Z] Error reading register 3105 for IP 10.30.4.91: no connection to modbus server
[2025-03-01T08:34:20.842Z] ❌ Error reading register 1000 for IP 10.30.4.91: no connection to modbus server
[2025-03-01T08:34:20.843Z] Error writing to Modbus register: no connection to modbus server
[2025-03-01T08:34:20.842Z] Error reading actual data: no connection to modbus server
[2025-03-01T08:34:20.844Z] Error reading register 3105 for IP 10.30.4.91: no connection to modbus server
[2025-03-01T08:34:20.844Z] ❌ Error reading register 1000 for IP 10.30.4.91: no connection to modbus server
[2025-03-01T08:34:20.844Z] Error reading actual data: no connection to modbus server
[2025-03-01T08:34:20.905Z] Error writing to Modbus register: no connection to modbus server
[2025-03-01T08:34:20.907Z] ❌ Error reading register 1000 for IP 10.30.4.91: no connection to modbus server
[2025-03-01T08:34:20.907Z] Error reading register 3105 for IP 10.30.4.91: no connection to modbus server
[2025-03-01T08:34:20.908Z] Error reading actual data: no connection to modbus server
[2025-03-01T08:34:21.141Z] Error writing to Modbus register: no connection to modbus server
[2025-03-01T08:34:21.141Z] Error reading register 3105 for IP 10.30.4.91: no connection to modbus server
[2025-03-01T08:34:21.141Z] ❌ Error reading register 1000 for IP 10.30.4.91: no connection to modbus server
[2025-03-01T08:34:21.141Z] Error reading actual data: no connection to modbus server
[2025-03-01T08:34:21.142Z] Error writing to Modbus register: no connection to modbus server
[2025-03-01T08:34:21.293Z] Error reading register 3105 for IP 10.30.4.91: no connection to modbus server
[2025-03-01T08:34:21.293Z] ❌ Error reading register 1000 for IP 10.30.4.91: no connection to modbus server
[2025-03-01T08:34:21.294Z] Error reading actual data: no connection to modbus server
[2025-03-01T08:34:21.325Z] Error writing to Modbus register: no connection to modbus server
[2025-03-01T08:34:21.668Z] ❌ Error reading register 1000 for IP 10.30.4.91: no connection to modbus server
[2025-03-01T08:34:21.668Z] Error reading register 3105 for IP 10.30.4.91: no connection to modbus server
[2025-03-01T08:34:21.668Z] Error reading actual data: no connection to modbus server
[2025-03-01T08:34:21.857Z] Error writing to Modbus register: no connection to modbus server
[2025-03-01T08:34:21.858Z] Error reading register 3105 for IP 10.30.4.91: no connection to modbus server
[2025-03-01T08:34:21.859Z] Error reading actual data: no connection to modbus server
[2025-03-01T08:34:21.860Z] Error writing to Modbus register: no connection to modbus server
[2025-03-01T08:34:21.862Z] Error reading register 3105 for IP 10.30.4.91: no connection to modbus server
[2025-03-01T08:34:21.862Z] ❌ Error reading register 1000 for IP 10.30.4.91: no connection to modbus server
[2025-03-01T08:34:21.862Z] Error reading actual data: no connection to modbus server
[2025-03-01T08:34:21.859Z] ❌ Error reading register 1000 for IP 10.30.4.91: no connection to modbus server
[2025-03-01T08:34:21.919Z] Error writing to Modbus register: no connection to modbus server
[2025-03-01T08:34:21.921Z] Error reading register 3105 for IP 10.30.4.91: no connection to modbus server
[2025-03-01T08:34:21.921Z] ❌ Error reading register 1000 for IP 10.30.4.91: no connection to modbus server
[2025-03-01T08:34:21.921Z] Error reading actual data: no connection to modbus server
[2025-03-01T08:34:22.142Z] Error writing to Modbus register: no connection to modbus server
[2025-03-01T08:34:22.143Z] Error reading register 3105 for IP 10.30.4.91: no connection to modbus server
[2025-03-01T08:34:22.144Z] ❌ Error reading register 1000 for IP 10.30.4.91: no connection to modbus server
[2025-03-01T08:34:22.144Z] Error reading actual data: no connection to modbus server
[2025-03-01T08:34:22.146Z] Error writing to Modbus register: no connection to modbus server
[2025-03-01T08:34:22.294Z] Error reading register 3105 for IP 10.30.4.91: no connection to modbus server
[2025-03-01T08:34:22.294Z] ❌ Error reading register 1000 for IP 10.30.4.91: no connection to modbus server
[2025-03-01T08:34:22.294Z] Error reading actual data: no connection to modbus server
[2025-03-01T08:34:22.328Z] Error writing to Modbus register: no connection to modbus server
[2025-03-01T08:34:22.684Z] Error reading register 3105 for IP 10.30.4.91: no connection to modbus server
[2025-03-01T08:34:22.684Z] ❌ Error reading register 1000 for IP 10.30.4.91: no connection to modbus server
[2025-03-01T08:34:22.685Z] Error reading actual data: no connection to modbus server
[2025-03-01T08:34:22.859Z] Error writing to Modbus register: no connection to modbus server
[2025-03-01T08:34:22.859Z] Error reading register 3105 for IP 10.30.4.91: no connection to modbus server
[2025-03-01T08:34:22.859Z] ❌ Error reading register 1000 for IP 10.30.4.91: no connection to modbus server
[2025-03-01T08:34:22.859Z] Error reading actual data: no connection to modbus server
[2025-03-01T08:34:22.860Z] Error writing to Modbus register: no connection to modbus server
[2025-03-01T08:34:22.861Z] Error reading register 3105 for IP 10.30.4.91: no connection to modbus server
[2025-03-01T08:34:22.861Z] ❌ Error reading register 1000 for IP 10.30.4.91: no connection to modbus server
[2025-03-01T08:34:22.861Z] Error reading actual data: no connection to modbus server
[2025-03-01T08:34:22.922Z] Error writing to Modbus register: no connection to modbus server
[2025-03-01T08:34:22.924Z] Error reading register 3105 for IP 10.30.4.91: no connection to modbus server
[2025-03-01T08:34:22.924Z] ❌ Error reading register 1000 for IP 10.30.4.91: no connection to modbus server
[2025-03-01T08:34:22.924Z] Error reading actual data: no connection to modbus server
[2025-03-01T08:34:23.156Z] Error writing to Modbus register: no connection to modbus server
[2025-03-01T08:34:23.158Z] Error reading register 3105 for IP 10.30.4.91: no connection to modbus server
[2025-03-01T08:34:23.159Z] ❌ Error reading register 1000 for IP 10.30.4.91: no connection to modbus server
[2025-03-01T08:34:23.159Z] Error reading actual data: no connection to modbus server
[2025-03-01T08:34:23.160Z] Error writing to Modbus register: no connection to modbus server
[2025-03-01T08:34:23.310Z] Error reading register 3105 for IP 10.30.4.91: no connection to modbus server
[2025-03-01T08:34:23.310Z] ❌ Error reading register 1000 for IP 10.30.4.91: no connection to modbus server
[2025-03-01T08:34:23.310Z] Error reading actual data: no connection to modbus server
[2025-03-01T08:34:23.341Z] Error writing to Modbus register: no connection to modbus server
[2025-03-01T08:34:23.684Z] Error reading register 3105 for IP 10.30.4.91: no connection to modbus server
[2025-03-01T08:34:23.684Z] ❌ Error reading register 1000 for IP 10.30.4.91: no connection to modbus server
[2025-03-01T08:34:23.684Z] Error reading actual data: no connection to modbus server
[2025-03-01T08:34:23.873Z] Error writing to Modbus register: no connection to modbus server
[2025-03-01T08:34:23.874Z] Error reading register 3105 for IP 10.30.4.91: no connection to modbus server
[2025-03-01T08:34:23.874Z] ❌ Error reading register 1000 for IP 10.30.4.91: no connection to modbus server
[2025-03-01T08:34:23.874Z] Error reading actual data: no connection to modbus server
[2025-03-01T08:34:23.874Z] Error writing to Modbus register: no connection to modbus server
[2025-03-01T08:34:23.874Z] Error reading register 3105 for IP 10.30.4.91: no connection to modbus server
[2025-03-01T08:34:23.875Z] ❌ Error reading register 1000 for IP 10.30.4.91: no connection to modbus server
[2025-03-01T08:34:23.875Z] Error reading actual data: no connection to modbus server
[2025-03-01T08:34:23.936Z] Error writing to Modbus register: no connection to modbus server
[2025-03-01T08:34:23.936Z] Error reading register 3105 for IP 10.30.4.91: no connection to modbus server
[2025-03-01T08:34:23.937Z] ❌ Error reading register 1000 for IP 10.30.4.91: no connection to modbus server
[2025-03-01T08:34:23.937Z] Error reading actual data: no connection to modbus server
[2025-03-01T08:34:24.159Z] Error writing to Modbus register: no connection to modbus server
[2025-03-01T08:34:24.161Z] Error reading register 3105 for IP 10.30.4.91: no connection to modbus server
[2025-03-01T08:34:24.161Z] ❌ Error reading register 1000 for IP 10.30.4.91: no connection to modbus server
[2025-03-01T08:34:24.162Z] Error reading actual data: no connection to modbus server
[2025-03-01T08:34:24.163Z] Error writing to Modbus register: no connection to modbus server
[2025-03-01T08:34:24.311Z] Error reading register 3105 for IP 10.30.4.91: no connection to modbus server
[2025-03-01T08:34:24.312Z] ❌ Error reading register 1000 for IP 10.30.4.91: no connection to modbus server
[2025-03-01T08:34:24.312Z] Error reading actual data: no connection to modbus server
[2025-03-01T08:34:24.342Z] Error writing to Modbus register: no connection to modbus server
[2025-03-01T08:34:24.699Z] Error reading register 3105 for IP 10.30.4.91: no connection to modbus server
[2025-03-01T08:34:24.700Z] ❌ Error reading register 1000 for IP 10.30.4.91: no connection to modbus server
[2025-03-01T08:34:24.700Z] Error reading actual data: no connection to modbus server
[2025-03-01T08:34:24.874Z] Error writing to Modbus register: no connection to modbus server
[2025-03-01T08:34:24.875Z] Error reading register 3105 for IP 10.30.4.91: no connection to modbus server
[2025-03-01T08:34:24.875Z] ❌ Error reading register 1000 for IP 10.30.4.91: no connection to modbus server
[2025-03-01T08:34:24.875Z] Error reading actual data: no connection to modbus server
[2025-03-01T08:34:24.876Z] Error writing to Modbus register: no connection to modbus server
[2025-03-01T08:34:24.877Z] Error reading register 3105 for IP 10.30.4.91: no connection to modbus server
[2025-03-01T08:34:24.877Z] ❌ Error reading register 1000 for IP 10.30.4.91: no connection to modbus server
[2025-03-01T08:34:24.877Z] Error reading actual data: no connection to modbus server
[2025-03-01T08:34:24.937Z] Error writing to Modbus register: no connection to modbus server
[2025-03-01T08:34:24.937Z] Error reading register 3105 for IP 10.30.4.91: no connection to modbus server
[2025-03-01T08:34:24.937Z] ❌ Error reading register 1000 for IP 10.30.4.91: no connection to modbus server
[2025-03-01T08:34:24.937Z] Error reading actual data: no connection to modbus server
[2025-03-01T08:34:25.171Z] Error writing to Modbus register: no connection to modbus server
[2025-03-01T08:34:25.172Z] Error reading register 3105 for IP 10.30.4.91: no connection to modbus server
[2025-03-01T08:34:25.172Z] ❌ Error reading register 1000 for IP 10.30.4.91: no connection to modbus server
[2025-03-01T08:34:25.173Z] Error reading actual data: no connection to modbus server
[2025-03-01T08:34:25.173Z] Error writing to Modbus register: no connection to modbus server
[2025-03-01T08:34:25.327Z] Error reading register 3105 for IP 10.30.4.91: no connection to modbus server
[2025-03-01T08:34:25.328Z] ❌ Error reading register 1000 for IP 10.30.4.91: no connection to modbus server
[2025-03-01T08:34:25.328Z] Error reading actual data: no connection to modbus server
[2025-03-01T08:34:25.343Z] Error writing to Modbus register: no connection to modbus server
[2025-03-01T08:34:25.711Z] Error reading register 3105 for IP 10.30.4.91: no connection to modbus server
[2025-03-01T08:34:25.711Z] ❌ Error reading register 1000 for IP 10.30.4.91: no connection to modbus server
[2025-03-01T08:34:25.711Z] Error reading actual data: no connection to modbus server
[2025-03-01T08:34:25.876Z] Error writing to Modbus register: no connection to modbus server
[2025-03-01T08:34:25.877Z] Error reading register 3105 for IP 10.30.4.91: no connection to modbus server
[2025-03-01T08:34:25.877Z] ❌ Error reading register 1000 for IP 10.30.4.91: no connection to modbus server
[2025-03-01T08:34:25.877Z] Error reading actual data: no connection to modbus server
[2025-03-01T08:34:25.877Z] Error writing to Modbus register: no connection to modbus server
[2025-03-01T08:34:25.878Z] Error reading register 3105 for IP 10.30.4.91: no connection to modbus server
[2025-03-01T08:34:25.878Z] ❌ Error reading register 1000 for IP 10.30.4.91: no connection to modbus server
[2025-03-01T08:34:25.878Z] Error reading actual data: no connection to modbus server
[2025-03-01T08:34:25.939Z] Error writing to Modbus register: no connection to modbus server
[2025-03-01T08:34:25.939Z] Error reading register 3105 for IP 10.30.4.91: no connection to modbus server
[2025-03-01T08:34:25.939Z] ❌ Error reading register 1000 for IP 10.30.4.91: no connection to modbus server
[2025-03-01T08:34:25.939Z] Error reading actual data: no connection to modbus server
[2025-03-01T08:34:26.171Z] Error writing to Modbus register: no connection to modbus server
[2025-03-01T08:34:26.172Z] Error reading register 3105 for IP 10.30.4.91: no connection to modbus server
[2025-03-01T08:34:26.172Z] ❌ Error reading register 1000 for IP 10.30.4.91: no connection to modbus server
[2025-03-01T08:34:26.172Z] Error reading actual data: no connection to modbus server
[2025-03-01T08:34:26.172Z] Error writing to Modbus register: no connection to modbus server
[2025-03-01T08:34:26.341Z] Error reading register 3105 for IP 10.30.4.91: no connection to modbus server
[2025-03-01T08:34:26.341Z] ❌ Error reading register 1000 for IP 10.30.4.91: no connection to modbus server
[2025-03-01T08:34:26.341Z] Error reading actual data: no connection to modbus server
[2025-03-01T08:34:26.342Z] Error writing to Modbus register: no connection to modbus server
[2025-03-01T08:34:26.714Z] Error reading register 3105 for IP 10.30.4.91: no connection to modbus server
[2025-03-01T08:34:26.714Z] ❌ Error reading register 1000 for IP 10.30.4.91: no connection to modbus server
[2025-03-01T08:34:26.714Z] Error reading actual data: no connection to modbus server
[2025-03-01T08:34:26.891Z] Error writing to Modbus register: no connection to modbus server
[2025-03-01T08:34:26.892Z] Error reading register 3105 for IP 10.30.4.91: no connection to modbus server
[2025-03-01T08:34:26.892Z] ❌ Error reading register 1000 for IP 10.30.4.91: no connection to modbus server
[2025-03-01T08:34:26.893Z] Error reading actual data: no connection to modbus server
[2025-03-01T08:34:26.893Z] Error writing to Modbus register: no connection to modbus server
[2025-03-01T08:34:26.894Z] Error reading register 3105 for IP 10.30.4.91: no connection to modbus server
[2025-03-01T08:34:26.895Z] ❌ Error reading register 1000 for IP 10.30.4.91: no connection to modbus server
[2025-03-01T08:34:26.895Z] Error reading actual data: no connection to modbus server
[2025-03-01T08:34:26.954Z] Error writing to Modbus register: no connection to modbus server
[2025-03-01T08:34:26.954Z] Error reading register 3105 for IP 10.30.4.91: no connection to modbus server
[2025-03-01T08:34:26.954Z] Error reading actual data: no connection to modbus server
[2025-03-01T08:34:26.954Z] ❌ Error reading register 1000 for IP 10.30.4.91: no connection to modbus server
[2025-03-01T08:34:27.175Z] Error writing to Modbus register: no connection to modbus server
[2025-03-01T08:34:27.176Z] Error reading register 3105 for IP 10.30.4.91: no connection to modbus server
[2025-03-01T08:34:27.176Z] ❌ Error reading register 1000 for IP 10.30.4.91: no connection to modbus server
[2025-03-01T08:34:27.177Z] Error reading actual data: no connection to modbus server
[2025-03-01T08:34:27.177Z] Error writing to Modbus register: no connection to modbus server
[2025-03-01T08:34:27.343Z] Error reading register 3105 for IP 10.30.4.91: no connection to modbus server
[2025-03-01T08:34:27.344Z] ❌ Error reading register 1000 for IP 10.30.4.91: no connection to modbus server
[2025-03-01T08:34:27.345Z] Error reading actual data: no connection to modbus server
[2025-03-01T08:34:27.346Z] Error writing to Modbus register: no connection to modbus server
[2025-03-01T08:34:27.713Z] Error reading register 3105 for IP 10.30.4.91: no connection to modbus server
[2025-03-01T08:34:27.714Z] ❌ Error reading register 1000 for IP 10.30.4.91: no connection to modbus server
[2025-03-01T08:34:27.714Z] Error reading actual data: no connection to modbus server
[2025-03-01T08:34:27.891Z] Error writing to Modbus register: no connection to modbus server
[2025-03-01T08:34:27.892Z] Error reading register 3105 for IP 10.30.4.91: no connection to modbus server
[2025-03-01T08:34:27.892Z] ❌ Error reading register 1000 for IP 10.30.4.91: no connection to modbus server
[2025-03-01T08:34:27.892Z] Error reading actual data: no connection to modbus server
[2025-03-01T08:34:27.892Z] Error writing to Modbus register: no connection to modbus server
[2025-03-01T08:34:27.894Z] Error reading register 3105 for IP 10.30.4.91: no connection to modbus server
[2025-03-01T08:34:27.894Z] ❌ Error reading register 1000 for IP 10.30.4.91: no connection to modbus server
[2025-03-01T08:34:27.894Z] Error reading actual data: no connection to modbus server
[2025-03-01T08:34:27.954Z] Error writing to Modbus register: no connection to modbus server
[2025-03-01T08:34:27.955Z] Error reading register 3105 for IP 10.30.4.91: no connection to modbus server
[2025-03-01T08:34:27.955Z] ❌ Error reading register 1000 for IP 10.30.4.91: no connection to modbus server
[2025-03-01T08:34:27.955Z] Error reading actual data: no connection to modbus server
[2025-03-01T08:34:28.189Z] Error writing to Modbus register: no connection to modbus server
[2025-03-01T08:34:28.191Z] Error reading register 3105 for IP 10.30.4.91: no connection to modbus server
[2025-03-01T08:34:28.191Z] ❌ Error reading register 1000 for IP 10.30.4.91: no connection to modbus server
[2025-03-01T08:34:28.192Z] Error reading actual data: no connection to modbus server
[2025-03-01T08:34:28.193Z] Error writing to Modbus register: no connection to modbus server
[2025-03-01T08:34:28.343Z] Error reading register 3105 for IP 10.30.4.91: no connection to modbus server
[2025-03-01T08:34:28.344Z] ❌ Error reading register 1000 for IP 10.30.4.91: no connection to modbus server
[2025-03-01T08:34:28.344Z] Error reading actual data: no connection to modbus server
[2025-03-01T08:34:28.345Z] Error writing to Modbus register: no connection to modbus server
[2025-03-01T08:34:28.713Z] Error reading register 3105 for IP 10.30.4.91: no connection to modbus server
[2025-03-01T08:34:28.714Z] ❌ Error reading register 1000 for IP 10.30.4.91: no connection to modbus server
[2025-03-01T08:34:28.714Z] Error reading actual data: no connection to modbus server
[2025-03-01T08:34:28.891Z] Error writing to Modbus register: no connection to modbus server
[2025-03-01T08:34:28.892Z] Error reading register 3105 for IP 10.30.4.91: no connection to modbus server
[2025-03-01T08:34:28.892Z] ❌ Error reading register 1000 for IP 10.30.4.91: no connection to modbus server
[2025-03-01T08:34:28.892Z] Error reading actual data: no connection to modbus server
[2025-03-01T08:34:28.893Z] Error writing to Modbus register: no connection to modbus server
[2025-03-01T08:34:28.894Z] Error reading register 3105 for IP 10.30.4.91: no connection to modbus server
[2025-03-01T08:34:28.894Z] ❌ Error reading register 1000 for IP 10.30.4.91: no connection to modbus server
[2025-03-01T08:34:28.894Z] Error reading actual data: no connection to modbus server
[2025-03-01T08:34:28.969Z] Error writing to Modbus register: no connection to modbus server
[2025-03-01T08:34:28.970Z] Error reading register 3105 for IP 10.30.4.91: no connection to modbus server
[2025-03-01T08:34:28.970Z] ❌ Error reading register 1000 for IP 10.30.4.91: no connection to modbus server
[2025-03-01T08:34:28.970Z] Error reading actual data: no connection to modbus server
[2025-03-01T08:34:29.189Z] Error writing to Modbus register: no connection to modbus server
[2025-03-01T08:34:29.191Z] Error reading register 3105 for IP 10.30.4.91: no connection to modbus server
[2025-03-01T08:34:29.191Z] ❌ Error reading register 1000 for IP 10.30.4.91: no connection to modbus server
[2025-03-01T08:34:29.192Z] Error reading actual data: no connection to modbus server
[2025-03-01T08:34:29.193Z] Error writing to Modbus register: no connection to modbus server
[2025-03-01T08:34:29.343Z] Error reading register 3105 for IP 10.30.4.91: no connection to modbus server
[2025-03-01T08:34:29.343Z] ❌ Error reading register 1000 for IP 10.30.4.91: no connection to modbus server
[2025-03-01T08:34:29.344Z] Error reading actual data: no connection to modbus server
[2025-03-01T08:34:29.348Z] Error writing to Modbus register: no connection to modbus server
[2025-03-01T08:34:29.718Z] ❌ Error reading register 1000 for IP 10.30.4.91: no connection to modbus server
[2025-03-01T08:34:29.718Z] Error reading register 3105 for IP 10.30.4.91: no connection to modbus server
[2025-03-01T08:34:29.718Z] Error reading actual data: no connection to modbus server
[2025-03-01T08:34:29.892Z] Error writing to Modbus register: no connection to modbus server
[2025-03-01T08:34:29.893Z] Error reading register 3105 for IP 10.30.4.91: no connection to modbus server
[2025-03-01T08:34:29.893Z] ❌ Error reading register 1000 for IP 10.30.4.91: no connection to modbus server
[2025-03-01T08:34:29.894Z] Error reading actual data: no connection to modbus server
[2025-03-01T08:34:29.895Z] Error writing to Modbus register: no connection to modbus server
[2025-03-01T08:34:29.896Z] Error reading register 3105 for IP 10.30.4.91: no connection to modbus server
[2025-03-01T08:34:29.896Z] ❌ Error reading register 1000 for IP 10.30.4.91: no connection to modbus server
[2025-03-01T08:34:29.896Z] Error reading actual data: no connection to modbus server
[2025-03-01T08:34:29.970Z] Error writing to Modbus register: no connection to modbus server
[2025-03-01T08:34:29.971Z] Error reading register 3105 for IP 10.30.4.91: no connection to modbus server
[2025-03-01T08:34:29.971Z] ❌ Error reading register 1000 for IP 10.30.4.91: no connection to modbus server
[2025-03-01T08:34:29.971Z] Error reading actual data: no connection to modbus server
[2025-03-01T08:34:30.190Z] Error writing to Modbus register: no connection to modbus server
[2025-03-01T08:34:30.192Z] Error reading register 3105 for IP 10.30.4.91: no connection to modbus server
[2025-03-01T08:34:30.192Z] ❌ Error reading register 1000 for IP 10.30.4.91: no connection to modbus server
[2025-03-01T08:34:30.193Z] Error reading actual data: no connection to modbus server
[2025-03-01T08:34:30.194Z] Error writing to Modbus register: no connection to modbus server
[2025-03-01T08:34:30.342Z] Error reading register 3105 for IP 10.30.4.91: no connection to modbus server
[2025-03-01T08:34:30.343Z] ❌ Error reading register 1000 for IP 10.30.4.91: no connection to modbus server
[2025-03-01T08:34:30.343Z] Error reading actual data: no connection to modbus server
[2025-03-01T08:34:30.358Z] Error writing to Modbus register: no connection to modbus server
[2025-03-01T08:34:30.729Z] Error reading register 3105 for IP 10.30.4.91: no connection to modbus server
[2025-03-01T08:34:30.729Z] ❌ Error reading register 1000 for IP 10.30.4.91: no connection to modbus server
[2025-03-01T08:34:30.730Z] Error reading actual data: no connection to modbus server
[2025-03-01T08:34:30.894Z] Error writing to Modbus register: no connection to modbus server
[2025-03-01T08:34:30.895Z] Error reading register 3105 for IP 10.30.4.91: no connection to modbus server
[2025-03-01T08:34:30.896Z] ❌ Error reading register 1000 for IP 10.30.4.91: no connection to modbus server
[2025-03-01T08:34:30.896Z] Error reading actual data: no connection to modbus server
[2025-03-01T08:34:30.898Z] Error writing to Modbus register: no connection to modbus server
[2025-03-01T08:34:30.900Z] Error reading register 3105 for IP 10.30.4.91: no connection to modbus server
[2025-03-01T08:34:30.900Z] ❌ Error reading register 1000 for IP 10.30.4.91: no connection to modbus server
[2025-03-01T08:34:30.900Z] Error reading actual data: no connection to modbus server
[2025-03-01T08:34:30.971Z] Error writing to Modbus register: no connection to modbus server
[2025-03-01T08:34:30.972Z] Error reading register 3105 for IP 10.30.4.91: no connection to modbus server
[2025-03-01T08:34:30.972Z] ❌ Error reading register 1000 for IP 10.30.4.91: no connection to modbus server
[2025-03-01T08:34:30.972Z] Error reading actual data: no connection to modbus server
[2025-03-01T08:34:31.204Z] Error writing to Modbus register: no connection to modbus server
[2025-03-01T08:34:31.205Z] Error reading register 3105 for IP 10.30.4.91: no connection to modbus server
[2025-03-01T08:34:31.205Z] ❌ Error reading register 1000 for IP 10.30.4.91: no connection to modbus server
[2025-03-01T08:34:31.205Z] Error reading actual data: no connection to modbus server
[2025-03-01T08:34:31.205Z] Error writing to Modbus register: no connection to modbus server
[2025-03-01T08:34:31.344Z] Error reading register 3105 for IP 10.30.4.91: no connection to modbus server
[2025-03-01T08:34:31.344Z] ❌ Error reading register 1000 for IP 10.30.4.91: no connection to modbus server
[2025-03-01T08:34:31.344Z] Error reading actual data: no connection to modbus server
[2025-03-01T08:34:31.359Z] Error writing to Modbus register: no connection to modbus server
[2025-03-01T08:34:31.733Z] Error reading register 3105 for IP 10.30.4.91: no connection to modbus server
[2025-03-01T08:34:31.733Z] ❌ Error reading register 1000 for IP 10.30.4.91: no connection to modbus server
[2025-03-01T08:34:31.733Z] Error reading actual data: no connection to modbus server
[2025-03-01T08:34:31.893Z] Error writing to Modbus register: no connection to modbus server
[2025-03-01T08:34:31.894Z] ❌ Error reading register 1000 for IP 10.30.4.91: no connection to modbus server
[2025-03-01T08:34:31.894Z] Error reading register 3105 for IP 10.30.4.91: no connection to modbus server
[2025-03-01T08:34:31.894Z] Error reading actual data: no connection to modbus server
[2025-03-01T08:34:31.909Z] Error writing to Modbus register: no connection to modbus server
[2025-03-01T08:34:31.909Z] Error reading register 3105 for IP 10.30.4.91: no connection to modbus server
[2025-03-01T08:34:31.909Z] ❌ Error reading register 1000 for IP 10.30.4.91: no connection to modbus server
[2025-03-01T08:34:31.909Z] Error reading actual data: no connection to modbus server
[2025-03-01T08:34:31.971Z] Error writing to Modbus register: no connection to modbus server
[2025-03-01T08:34:31.972Z] ❌ Error reading register 1000 for IP 10.30.4.91: no connection to modbus server
[2025-03-01T08:34:31.972Z] Error reading actual data: no connection to modbus server
[2025-03-01T08:34:31.972Z] Error reading register 3105 for IP 10.30.4.91: no connection to modbus server
[2025-03-01T08:34:32.205Z] Error writing to Modbus register: no connection to modbus server
[2025-03-01T08:34:32.207Z] ❌ Error reading register 1000 for IP 10.30.4.91: no connection to modbus server
[2025-03-01T08:34:32.207Z] Error reading register 3105 for IP 10.30.4.91: no connection to modbus server
[2025-03-01T08:34:32.208Z] Error reading actual data: no connection to modbus server
[2025-03-01T08:34:32.209Z] Error writing to Modbus register: no connection to modbus server
[2025-03-01T08:34:32.359Z] Error reading register 3105 for IP 10.30.4.91: no connection to modbus server
[2025-03-01T08:34:32.359Z] ❌ Error reading register 1000 for IP 10.30.4.91: no connection to modbus server
[2025-03-01T08:34:32.360Z] Error reading actual data: no connection to modbus server
[2025-03-01T08:34:32.360Z] Error writing to Modbus register: no connection to modbus server
[2025-03-01T08:34:32.747Z] Error reading register 3105 for IP 10.30.4.91: no connection to modbus server
[2025-03-01T08:34:32.747Z] ❌ Error reading register 1000 for IP 10.30.4.91: no connection to modbus server
[2025-03-01T08:34:32.747Z] Error reading actual data: no connection to modbus server
[2025-03-01T08:34:32.894Z] Error writing to Modbus register: no connection to modbus server
[2025-03-01T08:34:32.894Z] Error reading register 3105 for IP 10.30.4.91: no connection to modbus server
[2025-03-01T08:34:32.895Z] ❌ Error reading register 1000 for IP 10.30.4.91: no connection to modbus server
[2025-03-01T08:34:32.895Z] Error reading actual data: no connection to modbus server
[2025-03-01T08:34:32.918Z] Error writing to Modbus register: no connection to modbus server
[2025-03-01T08:34:32.918Z] Error reading register 3105 for IP 10.30.4.91: no connection to modbus server
[2025-03-01T08:34:32.919Z] ❌ Error reading register 1000 for IP 10.30.4.91: no connection to modbus server
[2025-03-01T08:34:32.919Z] Error reading actual data: no connection to modbus server
[2025-03-01T08:34:32.977Z] Error writing to Modbus register: no connection to modbus server
[2025-03-01T08:34:32.978Z] Error reading register 3105 for IP 10.30.4.91: no connection to modbus server
[2025-03-01T08:34:32.978Z] ❌ Error reading register 1000 for IP 10.30.4.91: no connection to modbus server
[2025-03-01T08:34:32.978Z] Error reading actual data: no connection to modbus server
[2025-03-01T08:34:33.205Z] Error writing to Modbus register: no connection to modbus server
[2025-03-01T08:34:33.206Z] ❌ Error reading register 1000 for IP 10.30.4.91: no connection to modbus server
[2025-03-01T08:34:33.206Z] Error reading actual data: no connection to modbus server
[2025-03-01T08:34:33.206Z] Error reading register 3105 for IP 10.30.4.91: no connection to modbus server
[2025-03-01T08:34:33.221Z] Error writing to Modbus register: no connection to modbus server
[2025-03-01T08:34:33.359Z] Error reading register 3105 for IP 10.30.4.91: no connection to modbus server
[2025-03-01T08:34:33.360Z] ❌ Error reading register 1000 for IP 10.30.4.91: no connection to modbus server
[2025-03-01T08:34:33.360Z] Error reading actual data: no connection to modbus server
[2025-03-01T08:34:33.360Z] Error writing to Modbus register: no connection to modbus server
[2025-03-01T08:34:33.762Z] Error reading register 3105 for IP 10.30.4.91: no connection to modbus server
[2025-03-01T08:34:33.763Z] ❌ Error reading register 1000 for IP 10.30.4.91: no connection to modbus server
[2025-03-01T08:34:33.763Z] Error reading actual data: no connection to modbus server
[2025-03-01T08:34:33.911Z] Error writing to Modbus register: no connection to modbus server
[2025-03-01T08:34:33.912Z] Error reading register 3105 for IP 10.30.4.91: no connection to modbus server
[2025-03-01T08:34:33.913Z] ❌ Error reading register 1000 for IP 10.30.4.91: no connection to modbus server
[2025-03-01T08:34:33.913Z] Error reading actual data: no connection to modbus server
[2025-03-01T08:34:33.925Z] Error writing to Modbus register: no connection to modbus server
[2025-03-01T08:34:33.926Z] Error reading register 3105 for IP 10.30.4.91: no connection to modbus server
[2025-03-01T08:34:33.926Z] ❌ Error reading register 1000 for IP 10.30.4.91: no connection to modbus server
[2025-03-01T08:34:33.926Z] Error reading actual data: no connection to modbus server
[2025-03-01T08:34:33.988Z] Error writing to Modbus register: no connection to modbus server
[2025-03-01T08:34:33.988Z] Error reading register 3105 for IP 10.30.4.91: no connection to modbus server
[2025-03-01T08:34:33.988Z] ❌ Error reading register 1000 for IP 10.30.4.91: no connection to modbus server
[2025-03-01T08:34:33.988Z] Error reading actual data: no connection to modbus server
[2025-03-01T08:34:34.207Z] Error writing to Modbus register: no connection to modbus server
[2025-03-01T08:34:34.208Z] Error reading register 3105 for IP 10.30.4.91: no connection to modbus server
[2025-03-01T08:34:34.209Z] ❌ Error reading register 1000 for IP 10.30.4.91: no connection to modbus server
[2025-03-01T08:34:34.209Z] Error reading actual data: no connection to modbus server
[2025-03-01T08:34:34.222Z] Error writing to Modbus register: no connection to modbus server
[2025-03-01T08:34:34.361Z] Error reading register 3105 for IP 10.30.4.91: no connection to modbus server
[2025-03-01T08:34:34.362Z] ❌ Error reading register 1000 for IP 10.30.4.91: no connection to modbus server
[2025-03-01T08:34:34.362Z] Error reading actual data: no connection to modbus server
[2025-03-01T08:34:34.363Z] Error writing to Modbus register: no connection to modbus server
[2025-03-01T08:34:34.773Z] Error reading register 3105 for IP 10.30.4.91: no connection to modbus server
[2025-03-01T08:34:34.773Z] ❌ Error reading register 1000 for IP 10.30.4.91: no connection to modbus server
[2025-03-01T08:34:34.773Z] Error reading actual data: no connection to modbus server
[2025-03-01T08:34:34.911Z] Error writing to Modbus register: no connection to modbus server
[2025-03-01T08:34:34.912Z] Error reading register 3105 for IP 10.30.4.91: no connection to modbus server
[2025-03-01T08:34:34.912Z] ❌ Error reading register 1000 for IP 10.30.4.91: no connection to modbus server
[2025-03-01T08:34:34.912Z] Error reading actual data: no connection to modbus server
[2025-03-01T08:34:34.926Z] Error writing to Modbus register: no connection to modbus server
[2025-03-01T08:34:34.927Z] Error reading register 3105 for IP 10.30.4.91: no connection to modbus server
[2025-03-01T08:34:34.927Z] ❌ Error reading register 1000 for IP 10.30.4.91: no connection to modbus server
[2025-03-01T08:34:34.928Z] Error reading actual data: no connection to modbus server
[2025-03-01T08:34:34.991Z] Error writing to Modbus register: no connection to modbus server
[2025-03-01T08:34:34.991Z] Error reading register 3105 for IP 10.30.4.91: no connection to modbus server
[2025-03-01T08:34:34.991Z] ❌ Error reading register 1000 for IP 10.30.4.91: no connection to modbus server
[2025-03-01T08:34:34.992Z] Error reading actual data: no connection to modbus server
[2025-03-01T08:34:35.220Z] Error writing to Modbus register: no connection to modbus server
[2025-03-01T08:34:35.220Z] Error reading register 3105 for IP 10.30.4.91: no connection to modbus server
[2025-03-01T08:34:35.220Z] ❌ Error reading register 1000 for IP 10.30.4.91: no connection to modbus server
[2025-03-01T08:34:35.220Z] Error reading actual data: no connection to modbus server
[2025-03-01T08:34:35.245Z] Error writing to Modbus register: no connection to modbus server
[2025-03-01T08:34:35.377Z] Error reading register 3105 for IP 10.30.4.91: no connection to modbus server
[2025-03-01T08:34:35.378Z] Error reading actual data: no connection to modbus server
[2025-03-01T08:34:35.378Z] ❌ Error reading register 1000 for IP 10.30.4.91: no connection to modbus server
[2025-03-01T08:34:35.379Z] Error writing to Modbus register: no connection to modbus server
[2025-03-01T08:34:35.777Z] Error reading register 3105 for IP 10.30.4.91: no connection to modbus server
[2025-03-01T08:34:35.777Z] ❌ Error reading register 1000 for IP 10.30.4.91: no connection to modbus server
[2025-03-01T08:34:35.777Z] Error reading actual data: no connection to modbus server
[2025-03-01T08:34:35.919Z] Error writing to Modbus register: no connection to modbus server
[2025-03-01T08:34:35.920Z] Error reading register 3105 for IP 10.30.4.91: no connection to modbus server
[2025-03-01T08:34:35.920Z] ❌ Error reading register 1000 for IP 10.30.4.91: no connection to modbus server
[2025-03-01T08:34:35.920Z] Error reading actual data: no connection to modbus server
[2025-03-01T08:34:35.944Z] Error writing to Modbus register: no connection to modbus server
[2025-03-01T08:34:35.945Z] ❌ Error reading register 1000 for IP 10.30.4.91: no connection to modbus server
[2025-03-01T08:34:35.945Z] Error reading register 3105 for IP 10.30.4.91: no connection to modbus server
[2025-03-01T08:34:35.945Z] Error reading actual data: no connection to modbus server
[2025-03-01T08:34:35.993Z] Error writing to Modbus register: no connection to modbus server
[2025-03-01T08:34:35.994Z] Error reading register 3105 for IP 10.30.4.91: no connection to modbus server
[2025-03-01T08:34:35.994Z] ❌ Error reading register 1000 for IP 10.30.4.91: no connection to modbus server
[2025-03-01T08:34:35.994Z] Error reading actual data: no connection to modbus server
[2025-03-01T08:34:36.227Z] Error writing to Modbus register: no connection to modbus server
[2025-03-01T08:34:36.229Z] ❌ Error reading register 1000 for IP 10.30.4.91: no connection to modbus server
[2025-03-01T08:34:36.229Z] Error reading register 3105 for IP 10.30.4.91: no connection to modbus server
[2025-03-01T08:34:36.230Z] Error reading actual data: no connection to modbus server
[2025-03-01T08:34:36.260Z] Error writing to Modbus register: no connection to modbus server
[2025-03-01T08:34:36.383Z] Error reading register 3105 for IP 10.30.4.91: no connection to modbus server
[2025-03-01T08:34:36.383Z] ❌ Error reading register 1000 for IP 10.30.4.91: no connection to modbus server
[2025-03-01T08:34:36.383Z] Error reading actual data: no connection to modbus server
[2025-03-01T08:34:36.383Z] Error writing to Modbus register: no connection to modbus server
[2025-03-01T08:34:36.779Z] Error reading register 3105 for IP 10.30.4.91: no connection to modbus server
[2025-03-01T08:34:36.780Z] ❌ Error reading register 1000 for IP 10.30.4.91: no connection to modbus server
[2025-03-01T08:34:36.780Z] Error reading actual data: no connection to modbus server
[2025-03-01T08:34:36.943Z] Error writing to Modbus register: no connection to modbus server
[2025-03-01T08:34:36.945Z] Error reading register 3105 for IP 10.30.4.91: no connection to modbus server
[2025-03-01T08:34:36.945Z] ❌ Error reading register 1000 for IP 10.30.4.91: no connection to modbus server
[2025-03-01T08:34:36.945Z] Error reading actual data: no connection to modbus server
[2025-03-01T08:34:36.946Z] Error writing to Modbus register: no connection to modbus server
[2025-03-01T08:34:36.947Z] Error reading register 3105 for IP 10.30.4.91: no connection to modbus server
[2025-03-01T08:34:36.947Z] ❌ Error reading register 1000 for IP 10.30.4.91: no connection to modbus server
[2025-03-01T08:34:36.947Z] Error reading actual data: no connection to modbus server
[2025-03-01T08:34:37.006Z] Error writing to Modbus register: no connection to modbus server
[2025-03-01T08:34:37.008Z] Error reading register 3105 for IP 10.30.4.91: no connection to modbus server
[2025-03-01T08:34:37.008Z] ❌ Error reading register 1000 for IP 10.30.4.91: no connection to modbus server
[2025-03-01T08:34:37.008Z] Error reading actual data: no connection to modbus server
[2025-03-01T08:34:37.243Z] Error writing to Modbus register: no connection to modbus server
[2025-03-01T08:34:37.243Z] Error reading register 3105 for IP 10.30.4.91: no connection to modbus server
[2025-03-01T08:34:37.243Z] ❌ Error reading register 1000 for IP 10.30.4.91: no connection to modbus server
[2025-03-01T08:34:37.244Z] Error reading actual data: no connection to modbus server
[2025-03-01T08:34:37.277Z] Error writing to Modbus register: no connection to modbus server
[2025-03-01T08:34:37.393Z] Error reading register 3105 for IP 10.30.4.91: no connection to modbus server
[2025-03-01T08:34:37.393Z] ❌ Error reading register 1000 for IP 10.30.4.91: no connection to modbus server
[2025-03-01T08:34:37.394Z] Error reading actual data: no connection to modbus server
[2025-03-01T08:34:37.394Z] Error writing to Modbus register: no connection to modbus server
[2025-03-01T08:34:37.793Z] Error reading register 3105 for IP 10.30.4.91: no connection to modbus server
[2025-03-01T08:34:37.793Z] ❌ Error reading register 1000 for IP 10.30.4.91: no connection to modbus server
[2025-03-01T08:34:37.793Z] Error reading actual data: no connection to modbus server
[2025-03-01T08:34:37.944Z] Error reading register 3105 for IP 10.30.4.91: no connection to modbus server
[2025-03-01T08:34:37.945Z] ❌ Error reading register 1000 for IP 10.30.4.91: no connection to modbus server
[2025-03-01T08:34:37.945Z] Error reading actual data: no connection to modbus server
[2025-03-01T08:34:37.944Z] Error writing to Modbus register: no connection to modbus server
[2025-03-01T08:34:37.945Z] Error writing to Modbus register: no connection to modbus server
[2025-03-01T08:34:37.954Z] Error reading register 3105 for IP 10.30.4.91: no connection to modbus server
[2025-03-01T08:34:37.954Z] ❌ Error reading register 1000 for IP 10.30.4.91: no connection to modbus server
[2025-03-01T08:34:37.955Z] Error reading actual data: no connection to modbus server
[2025-03-01T08:34:38.010Z] Error writing to Modbus register: no connection to modbus server
[2025-03-01T08:34:38.011Z] Error reading register 3105 for IP 10.30.4.91: no connection to modbus server
[2025-03-01T08:34:38.011Z] ❌ Error reading register 1000 for IP 10.30.4.91: no connection to modbus server
[2025-03-01T08:34:38.011Z] Error reading actual data: no connection to modbus server
[2025-03-01T08:34:38.259Z] Error writing to Modbus register: no connection to modbus server
[2025-03-01T08:34:38.260Z] Error reading register 3105 for IP 10.30.4.91: no connection to modbus server
[2025-03-01T08:34:38.260Z] Error reading actual data: no connection to modbus server
[2025-03-01T08:34:38.260Z] ❌ Error reading register 1000 for IP 10.30.4.91: no connection to modbus server
[2025-03-01T08:34:38.276Z] Error writing to Modbus register: no connection to modbus server
[2025-03-01T08:34:38.393Z] Error reading register 3105 for IP 10.30.4.91: no connection to modbus server
[2025-03-01T08:34:38.394Z] ❌ Error reading register 1000 for IP 10.30.4.91: no connection to modbus server
[2025-03-01T08:34:38.394Z] Error reading actual data: no connection to modbus server
[2025-03-01T08:34:38.395Z] Error writing to Modbus register: no connection to modbus server
[2025-03-01T08:34:38.794Z] Error reading register 3105 for IP 10.30.4.91: no connection to modbus server
[2025-03-01T08:34:38.795Z] ❌ Error reading register 1000 for IP 10.30.4.91: no connection to modbus server
[2025-03-01T08:34:38.795Z] Error reading actual data: no connection to modbus server
[2025-03-01T08:34:38.945Z] Error writing to Modbus register: no connection to modbus server
[2025-03-01T08:34:38.947Z] Error reading register 3105 for IP 10.30.4.91: no connection to modbus server
[2025-03-01T08:34:38.947Z] ❌ Error reading register 1000 for IP 10.30.4.91: no connection to modbus server
[2025-03-01T08:34:38.948Z] Error reading actual data: no connection to modbus server
[2025-03-01T08:34:38.949Z] Error writing to Modbus register: no connection to modbus server
[2025-03-01T08:34:38.962Z] Error reading register 3105 for IP 10.30.4.91: no connection to modbus server
[2025-03-01T08:34:38.962Z] ❌ Error reading register 1000 for IP 10.30.4.91: no connection to modbus server
[2025-03-01T08:34:38.962Z] Error reading actual data: no connection to modbus server
[2025-03-01T08:34:39.022Z] Error writing to Modbus register: no connection to modbus server
[2025-03-01T08:34:39.023Z] Error reading register 3105 for IP 10.30.4.91: no connection to modbus server
[2025-03-01T08:34:39.023Z] ❌ Error reading register 1000 for IP 10.30.4.91: no connection to modbus server
[2025-03-01T08:34:39.023Z] Error reading actual data: no connection to modbus server
[2025-03-01T08:34:39.260Z] Error writing to Modbus register: no connection to modbus server
[2025-03-01T08:34:39.261Z] Error reading register 3105 for IP 10.30.4.91: no connection to modbus server
[2025-03-01T08:34:39.261Z] ❌ Error reading register 1000 for IP 10.30.4.91: no connection to modbus server
[2025-03-01T08:34:39.261Z] Error reading actual data: no connection to modbus server
[2025-03-01T08:34:39.293Z] Error writing to Modbus register: no connection to modbus server
[2025-03-01T08:34:39.403Z] Error reading register 3105 for IP 10.30.4.91: no connection to modbus server
[2025-03-01T08:34:39.403Z] ❌ Error reading register 1000 for IP 10.30.4.91: no connection to modbus server
[2025-03-01T08:34:39.403Z] Error reading actual data: no connection to modbus server
[2025-03-01T08:34:39.404Z] Error writing to Modbus register: no connection to modbus server
[2025-03-01T08:34:39.806Z] Error reading register 3105 for IP 10.30.4.91: no connection to modbus server
[2025-03-01T08:34:39.807Z] ❌ Error reading register 1000 for IP 10.30.4.91: no connection to modbus server
[2025-03-01T08:34:39.807Z] Error reading actual data: no connection to modbus server
[2025-03-01T08:34:39.959Z] Error writing to Modbus register: no connection to modbus server
[2025-03-01T08:34:39.961Z] Error reading register 3105 for IP 10.30.4.91: no connection to modbus server
[2025-03-01T08:34:39.961Z] ❌ Error reading register 1000 for IP 10.30.4.91: no connection to modbus server
[2025-03-01T08:34:39.962Z] Error reading actual data: no connection to modbus server
[2025-03-01T08:34:39.963Z] Error writing to Modbus register: no connection to modbus server
[2025-03-01T08:34:39.964Z] Error reading register 3105 for IP 10.30.4.91: no connection to modbus server
[2025-03-01T08:34:39.964Z] ❌ Error reading register 1000 for IP 10.30.4.91: no connection to modbus server
[2025-03-01T08:34:39.964Z] Error reading actual data: no connection to modbus server
[2025-03-01T08:34:40.026Z] Error writing to Modbus register: no connection to modbus server
[2025-03-01T08:34:40.027Z] Error reading register 3105 for IP 10.30.4.91: no connection to modbus server
[2025-03-01T08:34:40.027Z] ❌ Error reading register 1000 for IP 10.30.4.91: no connection to modbus server
[2025-03-01T08:34:40.027Z] Error reading actual data: no connection to modbus server
[2025-03-01T08:34:40.274Z] Error writing to Modbus register: no connection to modbus server
[2025-03-01T08:34:40.276Z] Error reading register 3105 for IP 10.30.4.91: no connection to modbus server
[2025-03-01T08:34:40.277Z] ❌ Error reading register 1000 for IP 10.30.4.91: no connection to modbus server
[2025-03-01T08:34:40.277Z] Error reading actual data: no connection to modbus server
[2025-03-01T08:34:40.300Z] Error writing to Modbus register: no connection to modbus server
[2025-03-01T08:34:40.408Z] Error reading register 3105 for IP 10.30.4.91: no connection to modbus server
[2025-03-01T08:34:40.408Z] ❌ Error reading register 1000 for IP 10.30.4.91: no connection to modbus server
[2025-03-01T08:34:40.408Z] Error reading actual data: no connection to modbus server
[2025-03-01T08:34:40.409Z] Error writing to Modbus register: no connection to modbus server
[2025-03-01T08:34:40.808Z] Error reading register 3105 for IP 10.30.4.91: no connection to modbus server
[2025-03-01T08:34:40.808Z] ❌ Error reading register 1000 for IP 10.30.4.91: no connection to modbus server
[2025-03-01T08:34:40.808Z] Error reading actual data: no connection to modbus server
[2025-03-01T08:34:40.961Z] Error writing to Modbus register: no connection to modbus server
[2025-03-01T08:34:40.963Z] Error reading register 3105 for IP 10.30.4.91: no connection to modbus server
[2025-03-01T08:34:40.963Z] ❌ Error reading register 1000 for IP 10.30.4.91: no connection to modbus server
[2025-03-01T08:34:40.963Z] Error reading actual data: no connection to modbus server
[2025-03-01T08:34:40.966Z] Error reading register 3105 for IP 10.30.4.91: no connection to modbus server
[2025-03-01T08:34:40.965Z] Error writing to Modbus register: no connection to modbus server
[2025-03-01T08:34:40.966Z] Error reading actual data: no connection to modbus server
[2025-03-01T08:34:40.966Z] ❌ Error reading register 1000 for IP 10.30.4.91: no connection to modbus server
[2025-03-01T08:34:41.027Z] Error writing to Modbus register: no connection to modbus server
[2025-03-01T08:34:41.028Z] Error reading register 3105 for IP 10.30.4.91: no connection to modbus server
[2025-03-01T08:34:41.028Z] ❌ Error reading register 1000 for IP 10.30.4.91: no connection to modbus server
[2025-03-01T08:34:41.028Z] Error reading actual data: no connection to modbus server
[2025-03-01T08:34:41.277Z] Error writing to Modbus register: no connection to modbus server
[2025-03-01T08:34:41.279Z] Error reading register 3105 for IP 10.30.4.91: no connection to modbus server
[2025-03-01T08:34:41.279Z] ❌ Error reading register 1000 for IP 10.30.4.91: no connection to modbus server
[2025-03-01T08:34:41.280Z] Error reading actual data: no connection to modbus server
[2025-03-01T08:34:41.310Z] Error writing to Modbus register: no connection to modbus server
[2025-03-01T08:34:41.409Z] Error reading register 3105 for IP 10.30.4.91: no connection to modbus server
[2025-03-01T08:34:41.409Z] ❌ Error reading register 1000 for IP 10.30.4.91: no connection to modbus server
[2025-03-01T08:34:41.410Z] Error reading actual data: no connection to modbus server
[2025-03-01T08:34:41.411Z] Error writing to Modbus register: no connection to modbus server
[2025-03-01T08:34:41.811Z] Error reading register 3105 for IP 10.30.4.91: no connection to modbus server
[2025-03-01T08:34:41.812Z] ❌ Error reading register 1000 for IP 10.30.4.91: no connection to modbus server
[2025-03-01T08:34:41.812Z] Error reading actual data: no connection to modbus server
[2025-03-01T08:34:41.966Z] Error writing to Modbus register: no connection to modbus server
[2025-03-01T08:34:41.966Z] Error reading register 3105 for IP 10.30.4.91: no connection to modbus server
[2025-03-01T08:34:41.966Z] ❌ Error reading register 1000 for IP 10.30.4.91: no connection to modbus server
[2025-03-01T08:34:41.966Z] Error reading actual data: no connection to modbus server
[2025-03-01T08:34:41.967Z] Error writing to Modbus register: no connection to modbus server
[2025-03-01T08:34:41.967Z] Error reading register 3105 for IP 10.30.4.91: no connection to modbus server
[2025-03-01T08:34:41.967Z] ❌ Error reading register 1000 for IP 10.30.4.91: no connection to modbus server
[2025-03-01T08:34:41.967Z] Error reading actual data: no connection to modbus server
[2025-03-01T08:34:42.042Z] Error writing to Modbus register: no connection to modbus server
[2025-03-01T08:34:42.042Z] Error reading register 3105 for IP 10.30.4.91: no connection to modbus server
[2025-03-01T08:34:42.042Z] ❌ Error reading register 1000 for IP 10.30.4.91: no connection to modbus server
[2025-03-01T08:34:42.042Z] Error reading actual data: no connection to modbus server
[2025-03-01T08:34:42.278Z] Error writing to Modbus register: no connection to modbus server
[2025-03-01T08:34:42.280Z] Error reading register 3105 for IP 10.30.4.91: no connection to modbus server
[2025-03-01T08:34:42.280Z] ❌ Error reading register 1000 for IP 10.30.4.91: no connection to modbus server
[2025-03-01T08:34:42.281Z] Error reading actual data: no connection to modbus server
[2025-03-01T08:34:42.311Z] Error writing to Modbus register: no connection to modbus server
[2025-03-01T08:34:42.409Z] Error reading register 3105 for IP 10.30.4.91: no connection to modbus server
[2025-03-01T08:34:42.409Z] ❌ Error reading register 1000 for IP 10.30.4.91: no connection to modbus server
[2025-03-01T08:34:42.410Z] Error reading actual data: no connection to modbus server
[2025-03-01T08:34:42.410Z] Error writing to Modbus register: no connection to modbus server
[2025-03-01T08:34:42.810Z] Error reading register 3105 for IP 10.30.4.91: no connection to modbus server
[2025-03-01T08:34:42.810Z] ❌ Error reading register 1000 for IP 10.30.4.91: no connection to modbus server
[2025-03-01T08:34:42.810Z] Error reading actual data: no connection to modbus server
[2025-03-01T08:34:42.976Z] Error writing to Modbus register: no connection to modbus server
[2025-03-01T08:34:42.976Z] Error reading register 3105 for IP 10.30.4.91: no connection to modbus server
[2025-03-01T08:34:42.976Z] ❌ Error reading register 1000 for IP 10.30.4.91: no connection to modbus server
[2025-03-01T08:34:42.976Z] Error reading actual data: no connection to modbus server
[2025-03-01T08:34:42.977Z] Error writing to Modbus register: no connection to modbus server
[2025-03-01T08:34:42.977Z] Error reading register 3105 for IP 10.30.4.91: no connection to modbus server
[2025-03-01T08:34:42.977Z] ❌ Error reading register 1000 for IP 10.30.4.91: no connection to modbus server
[2025-03-01T08:34:42.977Z] Error reading actual data: no connection to modbus server
[2025-03-01T08:34:43.043Z] Error writing to Modbus register: no connection to modbus server
[2025-03-01T08:34:43.044Z] Error reading register 3105 for IP 10.30.4.91: no connection to modbus server
[2025-03-01T08:34:43.044Z] ❌ Error reading register 1000 for IP 10.30.4.91: no connection to modbus server
[2025-03-01T08:34:43.044Z] Error reading actual data: no connection to modbus server
[2025-03-01T08:34:43.294Z] Error reading register 3105 for IP 10.30.4.91: no connection to modbus server
[2025-03-01T08:34:43.294Z] ❌ Error reading register 1000 for IP 10.30.4.91: no connection to modbus server
[2025-03-01T08:34:43.294Z] Error reading actual data: no connection to modbus server
[2025-03-01T08:34:43.294Z] Error writing to Modbus register: no connection to modbus server
[2025-03-01T08:34:43.326Z] Error writing to Modbus register: no connection to modbus server
[2025-03-01T08:34:43.408Z] Error reading register 3105 for IP 10.30.4.91: no connection to modbus server
[2025-03-01T08:34:43.408Z] ❌ Error reading register 1000 for IP 10.30.4.91: no connection to modbus server
[2025-03-01T08:34:43.408Z] Error reading actual data: no connection to modbus server
[2025-03-01T08:34:43.425Z] Error writing to Modbus register: no connection to modbus server
[2025-03-01T08:34:43.823Z] Error reading register 3105 for IP 10.30.4.91: no connection to modbus server
[2025-03-01T08:34:43.824Z] ❌ Error reading register 1000 for IP 10.30.4.91: no connection to modbus server
[2025-03-01T08:34:43.824Z] Error reading actual data: no connection to modbus server
[2025-03-01T08:34:43.993Z] Error writing to Modbus register: no connection to modbus server
[2025-03-01T08:34:43.994Z] Error reading register 3105 for IP 10.30.4.91: no connection to modbus server
[2025-03-01T08:34:43.995Z] ❌ Error reading register 1000 for IP 10.30.4.91: no connection to modbus server
[2025-03-01T08:34:43.995Z] Error reading actual data: no connection to modbus server
[2025-03-01T08:34:43.996Z] Error writing to Modbus register: no connection to modbus server
[2025-03-01T08:34:43.997Z] Error reading register 3105 for IP 10.30.4.91: no connection to modbus server
[2025-03-01T08:34:43.998Z] ❌ Error reading register 1000 for IP 10.30.4.91: no connection to modbus server
[2025-03-01T08:34:43.998Z] Error reading actual data: no connection to modbus server
[2025-03-01T08:34:44.048Z] Error writing to Modbus register: no connection to modbus server
[2025-03-01T08:34:44.049Z] Error reading register 3105 for IP 10.30.4.91: no connection to modbus server
[2025-03-01T08:34:44.050Z] ❌ Error reading register 1000 for IP 10.30.4.91: no connection to modbus server
[2025-03-01T08:34:44.050Z] Error reading actual data: no connection to modbus server
[2025-03-01T08:34:44.307Z] Error writing to Modbus register: no connection to modbus server
[2025-03-01T08:34:44.307Z] Error reading register 3105 for IP 10.30.4.91: no connection to modbus server
[2025-03-01T08:34:44.308Z] ❌ Error reading register 1000 for IP 10.30.4.91: no connection to modbus server
[2025-03-01T08:34:44.308Z] Error reading actual data: no connection to modbus server
[2025-03-01T08:34:44.327Z] Error writing to Modbus register: no connection to modbus server
[2025-03-01T08:34:44.414Z] Error reading register 3105 for IP 10.30.4.91: no connection to modbus server
[2025-03-01T08:34:44.415Z] ❌ Error reading register 1000 for IP 10.30.4.91: no connection to modbus server
[2025-03-01T08:34:44.415Z] Error reading actual data: no connection to modbus server
[2025-03-01T08:34:44.429Z] Error writing to Modbus register: no connection to modbus server
[2025-03-01T08:34:44.827Z] Error reading register 3105 for IP 10.30.4.91: no connection to modbus server
[2025-03-01T08:34:44.827Z] ❌ Error reading register 1000 for IP 10.30.4.91: no connection to modbus server
[2025-03-01T08:34:44.828Z] Error reading actual data: no connection to modbus server
[2025-03-01T08:34:44.992Z] Error writing to Modbus register: no connection to modbus server
[2025-03-01T08:34:45.008Z] Error reading register 3105 for IP 10.30.4.91: no connection to modbus server
[2025-03-01T08:34:45.009Z] ❌ Error reading register 1000 for IP 10.30.4.91: no connection to modbus server
[2025-03-01T08:34:45.009Z] Error reading actual data: no connection to modbus server
[2025-03-01T08:34:45.010Z] Error writing to Modbus register: no connection to modbus server
[2025-03-01T08:34:45.011Z] Error reading register 3105 for IP 10.30.4.91: no connection to modbus server
[2025-03-01T08:34:45.011Z] ❌ Error reading register 1000 for IP 10.30.4.91: no connection to modbus server
[2025-03-01T08:34:45.011Z] Error reading actual data: no connection to modbus server
[2025-03-01T08:34:45.057Z] Error writing to Modbus register: no connection to modbus server
[2025-03-01T08:34:45.059Z] Error reading register 3105 for IP 10.30.4.91: no connection to modbus server
[2025-03-01T08:34:45.059Z] ❌ Error reading register 1000 for IP 10.30.4.91: no connection to modbus server
[2025-03-01T08:34:45.060Z] Error reading actual data: no connection to modbus server
[2025-03-01T08:34:45.309Z] Error writing to Modbus register: no connection to modbus server
[2025-03-01T08:34:45.310Z] Error reading register 3105 for IP 10.30.4.91: no connection to modbus server
[2025-03-01T08:34:45.311Z] ❌ Error reading register 1000 for IP 10.30.4.91: no connection to modbus server
[2025-03-01T08:34:45.311Z] Error reading actual data: no connection to modbus server
[2025-03-01T08:34:45.343Z] Error writing to Modbus register: no connection to modbus server
[2025-03-01T08:34:45.424Z] Error reading register 3105 for IP 10.30.4.91: no connection to modbus server
[2025-03-01T08:34:45.424Z] ❌ Error reading register 1000 for IP 10.30.4.91: no connection to modbus server
[2025-03-01T08:34:45.424Z] Error reading actual data: no connection to modbus server
[2025-03-01T08:34:45.443Z] Error writing to Modbus register: no connection to modbus server
[2025-03-01T08:34:45.827Z] Error reading register 3105 for IP 10.30.4.91: no connection to modbus server
[2025-03-01T08:34:45.827Z] ❌ Error reading register 1000 for IP 10.30.4.91: no connection to modbus server
[2025-03-01T08:34:45.827Z] Error reading actual data: no connection to modbus server
[2025-03-01T08:34:45.994Z] Error writing to Modbus register: no connection to modbus server
[2025-03-01T08:34:46.010Z] Error reading register 3105 for IP 10.30.4.91: no connection to modbus server
[2025-03-01T08:34:46.010Z] ❌ Error reading register 1000 for IP 10.30.4.91: no connection to modbus server
[2025-03-01T08:34:46.011Z] Error reading actual data: no connection to modbus server
[2025-03-01T08:34:46.012Z] Error writing to Modbus register: no connection to modbus server
[2025-03-01T08:34:46.014Z] Error reading register 3105 for IP 10.30.4.91: no connection to modbus server
[2025-03-01T08:34:46.014Z] ❌ Error reading register 1000 for IP 10.30.4.91: no connection to modbus server
[2025-03-01T08:34:46.014Z] Error reading actual data: no connection to modbus server
[2025-03-01T08:34:46.069Z] Error writing to Modbus register: no connection to modbus server
[2025-03-01T08:34:46.070Z] Error reading register 3105 for IP 10.30.4.91: no connection to modbus server
[2025-03-01T08:34:46.070Z] ❌ Error reading register 1000 for IP 10.30.4.91: no connection to modbus server
[2025-03-01T08:34:46.070Z] Error reading actual data: no connection to modbus server
[2025-03-01T08:34:46.310Z] Error writing to Modbus register: no connection to modbus server
[2025-03-01T08:34:46.311Z] Error reading register 3105 for IP 10.30.4.91: no connection to modbus server
[2025-03-01T08:34:46.312Z] ❌ Error reading register 1000 for IP 10.30.4.91: no connection to modbus server
[2025-03-01T08:34:46.312Z] Error reading actual data: no connection to modbus server
[2025-03-01T08:34:46.345Z] Error writing to Modbus register: no connection to modbus server
[2025-03-01T08:34:46.427Z] Error reading register 3105 for IP 10.30.4.91: no connection to modbus server
[2025-03-01T08:34:46.427Z] ❌ Error reading register 1000 for IP 10.30.4.91: no connection to modbus server
[2025-03-01T08:34:46.427Z] Error reading actual data: no connection to modbus server
[2025-03-01T08:34:46.443Z] Error writing to Modbus register: no connection to modbus server
[2025-03-01T08:34:46.828Z] Error reading register 3105 for IP 10.30.4.91: no connection to modbus server
[2025-03-01T08:34:46.829Z] ❌ Error reading register 1000 for IP 10.30.4.91: no connection to modbus server
[2025-03-01T08:34:46.829Z] Error reading actual data: no connection to modbus server
[2025-03-01T08:34:46.993Z] Error writing to Modbus register: no connection to modbus server
[2025-03-01T08:34:47.010Z] Error reading register 3105 for IP 10.30.4.91: no connection to modbus server
[2025-03-01T08:34:47.010Z] ❌ Error reading register 1000 for IP 10.30.4.91: no connection to modbus server
[2025-03-01T08:34:47.010Z] Error reading actual data: no connection to modbus server
[2025-03-01T08:34:47.025Z] Error writing to Modbus register: no connection to modbus server
[2025-03-01T08:34:47.025Z] Error reading register 3105 for IP 10.30.4.91: no connection to modbus server
[2025-03-01T08:34:47.025Z] ❌ Error reading register 1000 for IP 10.30.4.91: no connection to modbus server
[2025-03-01T08:34:47.026Z] Error reading actual data: no connection to modbus server
[2025-03-01T08:34:47.081Z] Error reading register 3105 for IP 10.30.4.91: no connection to modbus server
[2025-03-01T08:34:47.081Z] ❌ Error reading register 1000 for IP 10.30.4.91: no connection to modbus server
[2025-03-01T08:34:47.082Z] Error reading actual data: no connection to modbus server
[2025-03-01T08:34:47.081Z] Error writing to Modbus register: no connection to modbus server
[2025-03-01T08:34:47.309Z] Error writing to Modbus register: no connection to modbus server
[2025-03-01T08:34:47.310Z] Error reading actual data: no connection to modbus server
[2025-03-01T08:34:47.310Z] ❌ Error reading register 1000 for IP 10.30.4.91: no connection to modbus server
[2025-03-01T08:34:47.310Z] Error reading register 3105 for IP 10.30.4.91: no connection to modbus server
[2025-03-01T08:34:47.360Z] Error writing to Modbus register: no connection to modbus server
[2025-03-01T08:34:47.431Z] Error reading register 3105 for IP 10.30.4.91: no connection to modbus server
[2025-03-01T08:34:47.431Z] ❌ Error reading register 1000 for IP 10.30.4.91: no connection to modbus server
[2025-03-01T08:34:47.431Z] Error reading actual data: no connection to modbus server
[2025-03-01T08:34:47.455Z] Error writing to Modbus register: no connection to modbus server
[2025-03-01T08:34:47.842Z] Error reading register 3105 for IP 10.30.4.91: no connection to modbus server
[2025-03-01T08:34:47.843Z] ❌ Error reading register 1000 for IP 10.30.4.91: no connection to modbus server
[2025-03-01T08:34:47.843Z] Error reading actual data: no connection to modbus server
[2025-03-01T08:34:47.995Z] Error writing to Modbus register: no connection to modbus server
[2025-03-01T08:34:48.025Z] Error reading register 3105 for IP 10.30.4.91: no connection to modbus server
[2025-03-01T08:34:48.025Z] ❌ Error reading register 1000 for IP 10.30.4.91: no connection to modbus server
[2025-03-01T08:34:48.025Z] Error reading actual data: no connection to modbus server
[2025-03-01T08:34:48.026Z] Error writing to Modbus register: no connection to modbus server
[2025-03-01T08:34:48.026Z] Error reading register 3105 for IP 10.30.4.91: no connection to modbus server
[2025-03-01T08:34:48.026Z] ❌ Error reading register 1000 for IP 10.30.4.91: no connection to modbus server
[2025-03-01T08:34:48.027Z] Error reading actual data: no connection to modbus server
[2025-03-01T08:34:48.095Z] Error writing to Modbus register: no connection to modbus server
[2025-03-01T08:34:48.096Z] Error reading register 3105 for IP 10.30.4.91: no connection to modbus server
[2025-03-01T08:34:48.096Z] ❌ Error reading register 1000 for IP 10.30.4.91: no connection to modbus server
[2025-03-01T08:34:48.096Z] Error reading actual data: no connection to modbus server
[2025-03-01T08:34:48.322Z] Error writing to Modbus register: no connection to modbus server
[2025-03-01T08:34:48.323Z] Error reading register 3105 for IP 10.30.4.91: no connection to modbus server
[2025-03-01T08:34:48.323Z] ❌ Error reading register 1000 for IP 10.30.4.91: no connection to modbus server
[2025-03-01T08:34:48.324Z] Error reading actual data: no connection to modbus server
[2025-03-01T08:34:48.361Z] Error writing to Modbus register: no connection to modbus server
[2025-03-01T08:34:48.444Z] Error reading register 3105 for IP 10.30.4.91: no connection to modbus server
[2025-03-01T08:34:48.444Z] ❌ Error reading register 1000 for IP 10.30.4.91: no connection to modbus server
[2025-03-01T08:34:48.444Z] Error reading actual data: no connection to modbus server
[2025-03-01T08:34:48.458Z] Error writing to Modbus register: no connection to modbus server
[2025-03-01T08:34:48.858Z] Error reading register 3105 for IP 10.30.4.91: no connection to modbus server
[2025-03-01T08:34:48.859Z] ❌ Error reading register 1000 for IP 10.30.4.91: no connection to modbus server
[2025-03-01T08:34:48.859Z] Error reading actual data: no connection to modbus server
[2025-03-01T08:34:49.009Z] Error writing to Modbus register: no connection to modbus server
[2025-03-01T08:34:49.041Z] Error reading register 3105 for IP 10.30.4.91: no connection to modbus server
[2025-03-01T08:34:49.042Z] ❌ Error reading register 1000 for IP 10.30.4.91: no connection to modbus server
[2025-03-01T08:34:49.043Z] Error reading actual data: no connection to modbus server
[2025-03-01T08:34:49.044Z] Error writing to Modbus register: no connection to modbus server
[2025-03-01T08:34:49.045Z] Error reading register 3105 for IP 10.30.4.91: no connection to modbus server
[2025-03-01T08:34:49.045Z] ❌ Error reading register 1000 for IP 10.30.4.91: no connection to modbus server
[2025-03-01T08:34:49.045Z] Error reading actual data: no connection to modbus server
[2025-03-01T08:34:49.109Z] Error writing to Modbus register: no connection to modbus server
[2025-03-01T08:34:49.110Z] Error reading register 3105 for IP 10.30.4.91: no connection to modbus server
[2025-03-01T08:34:49.110Z] ❌ Error reading register 1000 for IP 10.30.4.91: no connection to modbus server
[2025-03-01T08:34:49.110Z] Error reading actual data: no connection to modbus server
[2025-03-01T08:34:49.327Z] Error writing to Modbus register: no connection to modbus server
[2025-03-01T08:34:49.329Z] Error reading register 3105 for IP 10.30.4.91: no connection to modbus server
[2025-03-01T08:34:49.329Z] ❌ Error reading register 1000 for IP 10.30.4.91: no connection to modbus server
[2025-03-01T08:34:49.330Z] Error reading actual data: no connection to modbus server
[2025-03-01T08:34:49.375Z] Error writing to Modbus register: no connection to modbus server
[2025-03-01T08:34:49.461Z] Error reading register 3105 for IP 10.30.4.91: no connection to modbus server
[2025-03-01T08:34:49.461Z] ❌ Error reading register 1000 for IP 10.30.4.91: no connection to modbus server
[2025-03-01T08:34:49.462Z] Error reading actual data: no connection to modbus server
[2025-03-01T08:34:49.463Z] Error writing to Modbus register: no connection to modbus server
[2025-03-01T08:34:49.861Z] Error reading register 3105 for IP 10.30.4.91: no connection to modbus server
[2025-03-01T08:34:49.861Z] ❌ Error reading register 1000 for IP 10.30.4.91: no connection to modbus server
[2025-03-01T08:34:49.862Z] Error reading actual data: no connection to modbus server
[2025-03-01T08:34:50.017Z] Error writing to Modbus register: no connection to modbus server
[2025-03-01T08:34:50.045Z] Error reading register 3105 for IP 10.30.4.91: no connection to modbus server
[2025-03-01T08:34:50.045Z] ❌ Error reading register 1000 for IP 10.30.4.91: no connection to modbus server
[2025-03-01T08:34:50.046Z] Error reading actual data: no connection to modbus server
[2025-03-01T08:34:50.047Z] Error writing to Modbus register: no connection to modbus server
[2025-03-01T08:34:50.048Z] Error reading register 3105 for IP 10.30.4.91: no connection to modbus server
[2025-03-01T08:34:50.048Z] ❌ Error reading register 1000 for IP 10.30.4.91: no connection to modbus server
[2025-03-01T08:34:50.048Z] Error reading actual data: no connection to modbus server
[2025-03-01T08:34:50.110Z] Error writing to Modbus register: no connection to modbus server
[2025-03-01T08:34:50.111Z] ❌ Error reading register 1000 for IP 10.30.4.91: no connection to modbus server
[2025-03-01T08:34:50.111Z] Error reading register 3105 for IP 10.30.4.91: no connection to modbus server
[2025-03-01T08:34:50.111Z] Error reading actual data: no connection to modbus server
[2025-03-01T08:34:50.340Z] Error writing to Modbus register: no connection to modbus server
[2025-03-01T08:34:50.340Z] Error reading register 3105 for IP 10.30.4.91: no connection to modbus server
[2025-03-01T08:34:50.340Z] ❌ Error reading register 1000 for IP 10.30.4.91: no connection to modbus server
[2025-03-01T08:34:50.341Z] Error reading actual data: no connection to modbus server
[2025-03-01T08:34:50.377Z] Error writing to Modbus register: no connection to modbus server
[2025-03-01T08:34:50.474Z] Error reading register 3105 for IP 10.30.4.91: no connection to modbus server
[2025-03-01T08:34:50.474Z] ❌ Error reading register 1000 for IP 10.30.4.91: no connection to modbus server
[2025-03-01T08:34:50.474Z] Error reading actual data: no connection to modbus server
[2025-03-01T08:34:50.475Z] Error writing to Modbus register: no connection to modbus server
[2025-03-01T08:34:50.870Z] Error reading register 3105 for IP 10.30.4.91: no connection to modbus server
[2025-03-01T08:34:50.870Z] ❌ Error reading register 1000 for IP 10.30.4.91: no connection to modbus server
[2025-03-01T08:34:50.870Z] Error reading actual data: no connection to modbus server
[2025-03-01T08:34:51.027Z] Error writing to Modbus register: no connection to modbus server
[2025-03-01T08:34:51.058Z] Error reading register 3105 for IP 10.30.4.91: no connection to modbus server
[2025-03-01T08:34:51.058Z] ❌ Error reading register 1000 for IP 10.30.4.91: no connection to modbus server
[2025-03-01T08:34:51.058Z] Error reading actual data: no connection to modbus server
[2025-03-01T08:34:51.059Z] Error writing to Modbus register: no connection to modbus server
[2025-03-01T08:34:51.059Z] Error reading register 3105 for IP 10.30.4.91: no connection to modbus server
[2025-03-01T08:34:51.059Z] ❌ Error reading register 1000 for IP 10.30.4.91: no connection to modbus server
[2025-03-01T08:34:51.060Z] Error reading actual data: no connection to modbus server
[2025-03-01T08:34:51.111Z] Error writing to Modbus register: no connection to modbus server
[2025-03-01T08:34:51.111Z] Error reading register 3105 for IP 10.30.4.91: no connection to modbus server
[2025-03-01T08:34:51.112Z] ❌ Error reading register 1000 for IP 10.30.4.91: no connection to modbus server
[2025-03-01T08:34:51.112Z] Error reading actual data: no connection to modbus server
[2025-03-01T08:34:51.342Z] Error writing to Modbus register: no connection to modbus server
[2025-03-01T08:34:51.343Z] Error reading register 3105 for IP 10.30.4.91: no connection to modbus server
[2025-03-01T08:34:51.343Z] ❌ Error reading register 1000 for IP 10.30.4.91: no connection to modbus server
[2025-03-01T08:34:51.343Z] Error reading actual data: no connection to modbus server
[2025-03-01T08:34:51.377Z] Error writing to Modbus register: no connection to modbus server
[2025-03-01T08:34:51.495Z] ❌ Error reading register 1000 for IP 10.30.4.91: no connection to modbus server
[2025-03-01T08:34:51.496Z] Error reading actual data: no connection to modbus server
[2025-03-01T08:34:51.497Z] Error writing to Modbus register: no connection to modbus server
[2025-03-01T08:34:51.494Z] Error reading register 3105 for IP 10.30.4.91: no connection to modbus server
[2025-03-01T08:34:51.880Z] Error reading register 3105 for IP 10.30.4.91: no connection to modbus server
[2025-03-01T08:34:51.881Z] ❌ Error reading register 1000 for IP 10.30.4.91: no connection to modbus server
[2025-03-01T08:34:51.881Z] Error reading actual data: no connection to modbus server
[2025-03-01T08:34:52.027Z] Error writing to Modbus register: no connection to modbus server
[2025-03-01T08:34:52.073Z] Error reading register 3105 for IP 10.30.4.91: no connection to modbus server
[2025-03-01T08:34:52.073Z] ❌ Error reading register 1000 for IP 10.30.4.91: no connection to modbus server
[2025-03-01T08:34:52.074Z] Error reading actual data: no connection to modbus server
[2025-03-01T08:34:52.074Z] Error writing to Modbus register: no connection to modbus server
[2025-03-01T08:34:52.074Z] Error reading register 3105 for IP 10.30.4.91: no connection to modbus server
[2025-03-01T08:34:52.074Z] ❌ Error reading register 1000 for IP 10.30.4.91: no connection to modbus server
[2025-03-01T08:34:52.074Z] Error reading actual data: no connection to modbus server
[2025-03-01T08:34:52.126Z] Error writing to Modbus register: no connection to modbus server
[2025-03-01T08:34:52.127Z] Error reading register 3105 for IP 10.30.4.91: no connection to modbus server
[2025-03-01T08:34:52.127Z] Error reading actual data: no connection to modbus server
[2025-03-01T08:34:52.127Z] ❌ Error reading register 1000 for IP 10.30.4.91: no connection to modbus server
[2025-03-01T08:34:52.344Z] Error writing to Modbus register: no connection to modbus server
[2025-03-01T08:34:52.345Z] Error reading register 3105 for IP 10.30.4.91: no connection to modbus server
[2025-03-01T08:34:52.346Z] ❌ Error reading register 1000 for IP 10.30.4.91: no connection to modbus server
[2025-03-01T08:34:52.346Z] Error reading actual data: no connection to modbus server
[2025-03-01T08:34:52.377Z] Error writing to Modbus register: no connection to modbus server
[2025-03-01T08:34:52.495Z] Error reading register 3105 for IP 10.30.4.91: no connection to modbus server
[2025-03-01T08:34:52.496Z] ❌ Error reading register 1000 for IP 10.30.4.91: no connection to modbus server
[2025-03-01T08:34:52.496Z] Error reading actual data: no connection to modbus server
[2025-03-01T08:34:52.496Z] Error writing to Modbus register: no connection to modbus server
[2025-03-01T08:34:52.893Z] Error reading register 3105 for IP 10.30.4.91: no connection to modbus server
[2025-03-01T08:34:52.894Z] ❌ Error reading register 1000 for IP 10.30.4.91: no connection to modbus server
[2025-03-01T08:34:52.894Z] Error reading actual data: no connection to modbus server
[2025-03-01T08:34:53.026Z] Error writing to Modbus register: no connection to modbus server
[2025-03-01T08:34:53.077Z] Error reading register 3105 for IP 10.30.4.91: no connection to modbus server
[2025-03-01T08:34:53.077Z] ❌ Error reading register 1000 for IP 10.30.4.91: no connection to modbus server
[2025-03-01T08:34:53.077Z] Error reading actual data: no connection to modbus server
[2025-03-01T08:34:53.078Z] Error writing to Modbus register: no connection to modbus server
[2025-03-01T08:34:53.078Z] Error reading register 3105 for IP 10.30.4.91: no connection to modbus server
[2025-03-01T08:34:53.078Z] ❌ Error reading register 1000 for IP 10.30.4.91: no connection to modbus server
[2025-03-01T08:34:53.079Z] Error reading actual data: no connection to modbus server
[2025-03-01T08:34:53.133Z] Error writing to Modbus register: no connection to modbus server
[2025-03-01T08:34:53.134Z] Error reading register 3105 for IP 10.30.4.91: no connection to modbus server
[2025-03-01T08:34:53.134Z] ❌ Error reading register 1000 for IP 10.30.4.91: no connection to modbus server
[2025-03-01T08:34:53.134Z] Error reading actual data: no connection to modbus server
[2025-03-01T08:34:53.345Z] Error writing to Modbus register: no connection to modbus server
[2025-03-01T08:34:53.346Z] Error reading register 3105 for IP 10.30.4.91: no connection to modbus server
[2025-03-01T08:34:53.347Z] ❌ Error reading register 1000 for IP 10.30.4.91: no connection to modbus server
[2025-03-01T08:34:53.347Z] Error reading actual data: no connection to modbus server
[2025-03-01T08:34:53.378Z] Error writing to Modbus register: no connection to modbus server
[2025-03-01T08:34:53.510Z] Error reading register 3105 for IP 10.30.4.91: no connection to modbus server
[2025-03-01T08:34:53.511Z] ❌ Error reading register 1000 for IP 10.30.4.91: no connection to modbus server
[2025-03-01T08:34:53.511Z] Error reading actual data: no connection to modbus server
[2025-03-01T08:34:53.512Z] Error writing to Modbus register: no connection to modbus server
[2025-03-01T08:34:53.893Z] Error reading register 3105 for IP 10.30.4.91: no connection to modbus server
[2025-03-01T08:34:53.893Z] ❌ Error reading register 1000 for IP 10.30.4.91: no connection to modbus server
[2025-03-01T08:34:53.894Z] Error reading actual data: no connection to modbus server
[2025-03-01T08:34:54.027Z] Error writing to Modbus register: no connection to modbus server
[2025-03-01T08:34:54.078Z] Error reading register 3105 for IP 10.30.4.91: no connection to modbus server
[2025-03-01T08:34:54.079Z] ❌ Error reading register 1000 for IP 10.30.4.91: no connection to modbus server
[2025-03-01T08:34:54.079Z] Error reading actual data: no connection to modbus server
[2025-03-01T08:34:54.080Z] Error writing to Modbus register: no connection to modbus server
[2025-03-01T08:34:54.080Z] Error reading register 3105 for IP 10.30.4.91: no connection to modbus server
[2025-03-01T08:34:54.080Z] ❌ Error reading register 1000 for IP 10.30.4.91: no connection to modbus server
[2025-03-01T08:34:54.081Z] Error reading actual data: no connection to modbus server
[2025-03-01T08:34:54.142Z] Error writing to Modbus register: no connection to modbus server
[2025-03-01T08:34:54.143Z] Error reading register 3105 for IP 10.30.4.91: no connection to modbus server
[2025-03-01T08:34:54.143Z] Error reading actual data: no connection to modbus server
[2025-03-01T08:34:54.143Z] ❌ Error reading register 1000 for IP 10.30.4.91: no connection to modbus server
[2025-03-01T08:34:54.359Z] Error writing to Modbus register: no connection to modbus server
[2025-03-01T08:34:54.361Z] Error reading register 3105 for IP 10.30.4.91: no connection to modbus server
[2025-03-01T08:34:54.361Z] ❌ Error reading register 1000 for IP 10.30.4.91: no connection to modbus server
[2025-03-01T08:34:54.361Z] Error reading actual data: no connection to modbus server
[2025-03-01T08:34:54.385Z] Error writing to Modbus register: no connection to modbus server
[2025-03-01T08:34:54.510Z] Error reading register 3105 for IP 10.30.4.91: no connection to modbus server
[2025-03-01T08:34:54.511Z] ❌ Error reading register 1000 for IP 10.30.4.91: no connection to modbus server
[2025-03-01T08:34:54.511Z] Error reading actual data: no connection to modbus server
[2025-03-01T08:34:54.512Z] Error writing to Modbus register: no connection to modbus server
[2025-03-01T08:34:54.894Z] Error reading register 3105 for IP 10.30.4.91: no connection to modbus server
[2025-03-01T08:34:54.894Z] ❌ Error reading register 1000 for IP 10.30.4.91: no connection to modbus server
[2025-03-01T08:34:54.895Z] Error reading actual data: no connection to modbus server
[2025-03-01T08:34:55.043Z] Error writing to Modbus register: no connection to modbus server
[2025-03-01T08:34:55.093Z] Error reading register 3105 for IP 10.30.4.91: no connection to modbus server
[2025-03-01T08:34:55.093Z] ❌ Error reading register 1000 for IP 10.30.4.91: no connection to modbus server
[2025-03-01T08:34:55.095Z] Error writing to Modbus register: no connection to modbus server
[2025-03-01T08:34:55.094Z] Error reading actual data: no connection to modbus server
[2025-03-01T08:34:55.096Z] Error reading register 3105 for IP 10.30.4.91: no connection to modbus server
[2025-03-01T08:34:55.097Z] Error reading actual data: no connection to modbus server
[2025-03-01T08:34:55.096Z] ❌ Error reading register 1000 for IP 10.30.4.91: no connection to modbus server
[2025-03-01T08:34:55.154Z] Error writing to Modbus register: no connection to modbus server
[2025-03-01T08:34:55.155Z] Error reading register 3105 for IP 10.30.4.91: no connection to modbus server
[2025-03-01T08:34:55.155Z] ❌ Error reading register 1000 for IP 10.30.4.91: no connection to modbus server
[2025-03-01T08:34:55.155Z] Error reading actual data: no connection to modbus server
[2025-03-01T08:34:55.360Z] Error writing to Modbus register: no connection to modbus server
[2025-03-01T08:34:55.361Z] Error reading register 3105 for IP 10.30.4.91: no connection to modbus server
[2025-03-01T08:34:55.361Z] ❌ Error reading register 1000 for IP 10.30.4.91: no connection to modbus server
[2025-03-01T08:34:55.361Z] Error reading actual data: no connection to modbus server
[2025-03-01T08:34:55.395Z] Error writing to Modbus register: no connection to modbus server
[2025-03-01T08:34:55.526Z] Error reading register 3105 for IP 10.30.4.91: no connection to modbus server
[2025-03-01T08:34:55.527Z] Error reading actual data: no connection to modbus server
[2025-03-01T08:34:55.526Z] ❌ Error reading register 1000 for IP 10.30.4.91: no connection to modbus server
[2025-03-01T08:34:55.528Z] Error writing to Modbus register: no connection to modbus server
[2025-03-01T08:34:55.907Z] Error reading register 3105 for IP 10.30.4.91: no connection to modbus server
[2025-03-01T08:34:55.907Z] ❌ Error reading register 1000 for IP 10.30.4.91: no connection to modbus server
[2025-03-01T08:34:55.908Z] Error reading actual data: no connection to modbus server
[2025-03-01T08:34:56.060Z] Error writing to Modbus register: no connection to modbus server
[2025-03-01T08:34:56.109Z] Error reading register 3105 for IP 10.30.4.91: no connection to modbus server
[2025-03-01T08:34:56.109Z] ❌ Error reading register 1000 for IP 10.30.4.91: no connection to modbus server
[2025-03-01T08:34:56.112Z] Error writing to Modbus register: no connection to modbus server
[2025-03-01T08:34:56.110Z] Error reading actual data: no connection to modbus server
[2025-03-01T08:34:56.114Z] Error reading register 3105 for IP 10.30.4.91: no connection to modbus server
[2025-03-01T08:34:56.114Z] ❌ Error reading register 1000 for IP 10.30.4.91: no connection to modbus server
[2025-03-01T08:34:56.114Z] Error reading actual data: no connection to modbus server
[2025-03-01T08:34:56.158Z] Error writing to Modbus register: no connection to modbus server
[2025-03-01T08:34:56.159Z] Error reading register 3105 for IP 10.30.4.91: no connection to modbus server
[2025-03-01T08:34:56.159Z] ❌ Error reading register 1000 for IP 10.30.4.91: no connection to modbus server
[2025-03-01T08:34:56.159Z] Error reading actual data: no connection to modbus server
[2025-03-01T08:34:56.361Z] Error reading register 3105 for IP 10.30.4.91: no connection to modbus server
[2025-03-01T08:34:56.361Z] ❌ Error reading register 1000 for IP 10.30.4.91: no connection to modbus server
[2025-03-01T08:34:56.360Z] Error writing to Modbus register: no connection to modbus server
[2025-03-01T08:34:56.362Z] Error reading actual data: no connection to modbus server
[2025-03-01T08:34:56.407Z] Error writing to Modbus register: no connection to modbus server
[2025-03-01T08:34:56.526Z] ❌ Error reading register 1000 for IP 10.30.4.91: no connection to modbus server
[2025-03-01T08:34:56.526Z] Error reading register 3105 for IP 10.30.4.91: no connection to modbus server
[2025-03-01T08:34:56.526Z] Error reading actual data: no connection to modbus server
[2025-03-01T08:34:56.543Z] Error writing to Modbus register: no connection to modbus server
[2025-03-01T08:34:56.910Z] Error reading register 3105 for IP 10.30.4.91: no connection to modbus server
[2025-03-01T08:34:56.910Z] ❌ Error reading register 1000 for IP 10.30.4.91: no connection to modbus server
[2025-03-01T08:34:56.910Z] Error reading actual data: no connection to modbus server
[2025-03-01T08:34:57.066Z] Error writing to Modbus register: no connection to modbus server
[2025-03-01T08:34:57.110Z] Error reading register 3105 for IP 10.30.4.91: no connection to modbus server
[2025-03-01T08:34:57.111Z] ❌ Error reading register 1000 for IP 10.30.4.91: no connection to modbus server
[2025-03-01T08:34:57.111Z] Error reading actual data: no connection to modbus server
[2025-03-01T08:34:57.112Z] Error writing to Modbus register: no connection to modbus server
[2025-03-01T08:34:57.114Z] Error reading register 3105 for IP 10.30.4.91: no connection to modbus server
[2025-03-01T08:34:57.114Z] ❌ Error reading register 1000 for IP 10.30.4.91: no connection to modbus server
[2025-03-01T08:34:57.115Z] Error reading actual data: no connection to modbus server
[2025-03-01T08:34:57.168Z] Error writing to Modbus register: no connection to modbus server
[2025-03-01T08:34:57.169Z] Error reading register 3105 for IP 10.30.4.91: no connection to modbus server
[2025-03-01T08:34:57.169Z] ❌ Error reading register 1000 for IP 10.30.4.91: no connection to modbus server
[2025-03-01T08:34:57.169Z] Error reading actual data: no connection to modbus server
[2025-03-01T08:34:57.374Z] Error writing to Modbus register: no connection to modbus server
[2025-03-01T08:34:57.375Z] Error reading register 3105 for IP 10.30.4.91: no connection to modbus server
[2025-03-01T08:34:57.375Z] ❌ Error reading register 1000 for IP 10.30.4.91: no connection to modbus server
[2025-03-01T08:34:57.375Z] Error reading actual data: no connection to modbus server
[2025-03-01T08:34:57.411Z] Error writing to Modbus register: no connection to modbus server
[2025-03-01T08:34:57.526Z] Error reading register 3105 for IP 10.30.4.91: no connection to modbus server
[2025-03-01T08:34:57.527Z] ❌ Error reading register 1000 for IP 10.30.4.91: no connection to modbus server
[2025-03-01T08:34:57.527Z] Error reading actual data: no connection to modbus server
[2025-03-01T08:34:57.558Z] Error writing to Modbus register: no connection to modbus server
[2025-03-01T08:34:57.918Z] Error reading register 3105 for IP 10.30.4.91: no connection to modbus server
[2025-03-01T08:34:57.918Z] ❌ Error reading register 1000 for IP 10.30.4.91: no connection to modbus server
[2025-03-01T08:34:57.919Z] Error reading actual data: no connection to modbus server
[2025-03-01T08:34:58.076Z] Error writing to Modbus register: no connection to modbus server
[2025-03-01T08:34:58.117Z] Error reading register 3105 for IP 10.30.4.91: no connection to modbus server
[2025-03-01T08:34:58.117Z] ❌ Error reading register 1000 for IP 10.30.4.91: no connection to modbus server
[2025-03-01T08:34:58.117Z] Error reading actual data: no connection to modbus server
[2025-03-01T08:34:58.118Z] Error writing to Modbus register: no connection to modbus server
[2025-03-01T08:34:58.118Z] Error reading register 3105 for IP 10.30.4.91: no connection to modbus server
[2025-03-01T08:34:58.118Z] ❌ Error reading register 1000 for IP 10.30.4.91: no connection to modbus server
[2025-03-01T08:34:58.118Z] Error reading actual data: no connection to modbus server
[2025-03-01T08:34:58.171Z] Error writing to Modbus register: no connection to modbus server
[2025-03-01T08:34:58.172Z] Error reading register 3105 for IP 10.30.4.91: no connection to modbus server
[2025-03-01T08:34:58.172Z] Error reading actual data: no connection to modbus server
[2025-03-01T08:34:58.172Z] ❌ Error reading register 1000 for IP 10.30.4.91: no connection to modbus server
[2025-03-01T08:34:58.387Z] Error writing to Modbus register: no connection to modbus server
[2025-03-01T08:34:58.388Z] Error reading register 3105 for IP 10.30.4.91: no connection to modbus server
[2025-03-01T08:34:58.389Z] ❌ Error reading register 1000 for IP 10.30.4.91: no connection to modbus server
[2025-03-01T08:34:58.389Z] Error reading actual data: no connection to modbus server
[2025-03-01T08:34:58.424Z] Error writing to Modbus register: no connection to modbus server
[2025-03-01T08:34:58.527Z] ❌ Error reading register 1000 for IP 10.30.4.91: no connection to modbus server
[2025-03-01T08:34:58.527Z] Error reading register 3105 for IP 10.30.4.91: no connection to modbus server
[2025-03-01T08:34:58.527Z] Error reading actual data: no connection to modbus server
[2025-03-01T08:34:58.577Z] Error writing to Modbus register: no connection to modbus server
[2025-03-01T08:34:58.922Z] Error reading register 3105 for IP 10.30.4.91: no connection to modbus server
[2025-03-01T08:34:58.922Z] ❌ Error reading register 1000 for IP 10.30.4.91: no connection to modbus server
[2025-03-01T08:34:58.923Z] Error reading actual data: no connection to modbus server
[2025-03-01T08:34:59.078Z] Error writing to Modbus register: no connection to modbus server
[2025-03-01T08:34:59.126Z] Error reading register 3105 for IP 10.30.4.91: no connection to modbus server
[2025-03-01T08:34:59.127Z] ❌ Error reading register 1000 for IP 10.30.4.91: no connection to modbus server
[2025-03-01T08:34:59.127Z] Error reading actual data: no connection to modbus server
[2025-03-01T08:34:59.128Z] Error writing to Modbus register: no connection to modbus server
[2025-03-01T08:34:59.129Z] Error reading register 3105 for IP 10.30.4.91: no connection to modbus server
[2025-03-01T08:34:59.129Z] ❌ Error reading register 1000 for IP 10.30.4.91: no connection to modbus server
[2025-03-01T08:34:59.130Z] Error reading actual data: no connection to modbus server
[2025-03-01T08:34:59.171Z] Error writing to Modbus register: no connection to modbus server
[2025-03-01T08:34:59.172Z] Error reading register 3105 for IP 10.30.4.91: no connection to modbus server
[2025-03-01T08:34:59.172Z] ❌ Error reading register 1000 for IP 10.30.4.91: no connection to modbus server
[2025-03-01T08:34:59.172Z] Error reading actual data: no connection to modbus server
[2025-03-01T08:34:59.391Z] Error writing to Modbus register: no connection to modbus server
[2025-03-01T08:34:59.392Z] Error reading register 3105 for IP 10.30.4.91: no connection to modbus server
[2025-03-01T08:34:59.392Z] ❌ Error reading register 1000 for IP 10.30.4.91: no connection to modbus server
[2025-03-01T08:34:59.392Z] Error reading actual data: no connection to modbus server
[2025-03-01T08:34:59.427Z] Error writing to Modbus register: no connection to modbus server
[2025-03-01T08:34:59.543Z] Error reading register 3105 for IP 10.30.4.91: no connection to modbus server
[2025-03-01T08:34:59.544Z] ❌ Error reading register 1000 for IP 10.30.4.91: no connection to modbus server
[2025-03-01T08:34:59.544Z] Error reading actual data: no connection to modbus server
[2025-03-01T08:34:59.579Z] Error writing to Modbus register: no connection to modbus server
[2025-03-01T08:34:59.924Z] Error reading register 3105 for IP 10.30.4.91: no connection to modbus server
[2025-03-01T08:34:59.924Z] ❌ Error reading register 1000 for IP 10.30.4.91: no connection to modbus server
[2025-03-01T08:34:59.925Z] Error reading actual data: no connection to modbus server
[2025-03-01T08:35:00.092Z] Error writing to Modbus register: no connection to modbus server
[2025-03-01T08:35:00.126Z] Error reading register 3105 for IP 10.30.4.91: no connection to modbus server
[2025-03-01T08:35:00.127Z] ❌ Error reading register 1000 for IP 10.30.4.91: no connection to modbus server
[2025-03-01T08:35:00.127Z] Error reading actual data: no connection to modbus server
[2025-03-01T08:35:00.128Z] Error writing to Modbus register: no connection to modbus server
[2025-03-01T08:35:00.131Z] Error reading register 3105 for IP 10.30.4.91: no connection to modbus server
[2025-03-01T08:35:00.131Z] ❌ Error reading register 1000 for IP 10.30.4.91: no connection to modbus server
[2025-03-01T08:35:00.132Z] Error reading actual data: no connection to modbus server
[2025-03-01T08:35:00.175Z] Error writing to Modbus register: no connection to modbus server
[2025-03-01T08:35:00.176Z] Error reading register 3105 for IP 10.30.4.91: no connection to modbus server
[2025-03-01T08:35:00.176Z] ❌ Error reading register 1000 for IP 10.30.4.91: no connection to modbus server
[2025-03-01T08:35:00.176Z] Error reading actual data: no connection to modbus server
[2025-03-01T08:35:00.394Z] Error writing to Modbus register: no connection to modbus server
[2025-03-01T08:35:00.394Z] Error reading register 3105 for IP 10.30.4.91: no connection to modbus server
[2025-03-01T08:35:00.395Z] ❌ Error reading register 1000 for IP 10.30.4.91: no connection to modbus server
[2025-03-01T08:35:00.395Z] Error reading actual data: no connection to modbus server
[2025-03-01T08:35:00.433Z] Error writing to Modbus register: no connection to modbus server
[2025-03-01T08:35:00.543Z] Error reading register 3105 for IP 10.30.4.91: no connection to modbus server
[2025-03-01T08:35:00.544Z] ❌ Error reading register 1000 for IP 10.30.4.91: no connection to modbus server
[2025-03-01T08:35:00.544Z] Error reading actual data: no connection to modbus server
[2025-03-01T08:35:00.593Z] Error writing to Modbus register: no connection to modbus server
[2025-03-01T08:35:00.927Z] Error reading register 3105 for IP 10.30.4.91: no connection to modbus server
[2025-03-01T08:35:00.927Z] ❌ Error reading register 1000 for IP 10.30.4.91: no connection to modbus server
[2025-03-01T08:35:00.928Z] Error reading actual data: no connection to modbus server
[2025-03-01T08:35:01.094Z] Error writing to Modbus register: no connection to modbus server
[2025-03-01T08:35:01.128Z] Error reading register 3105 for IP 10.30.4.91: no connection to modbus server
[2025-03-01T08:35:01.128Z] ❌ Error reading register 1000 for IP 10.30.4.91: no connection to modbus server
[2025-03-01T08:35:01.129Z] Error reading actual data: no connection to modbus server
[2025-03-01T08:35:01.130Z] Error writing to Modbus register: no connection to modbus server
[2025-03-01T08:35:01.131Z] Error reading register 3105 for IP 10.30.4.91: no connection to modbus server
[2025-03-01T08:35:01.132Z] ❌ Error reading register 1000 for IP 10.30.4.91: no connection to modbus server
[2025-03-01T08:35:01.132Z] Error reading actual data: no connection to modbus server
[2025-03-01T08:35:01.191Z] Error writing to Modbus register: no connection to modbus server
[2025-03-01T08:35:01.192Z] Error reading register 3105 for IP 10.30.4.91: no connection to modbus server
[2025-03-01T08:35:01.192Z] ❌ Error reading register 1000 for IP 10.30.4.91: no connection to modbus server
[2025-03-01T08:35:01.192Z] Error reading actual data: no connection to modbus server
[2025-03-01T08:35:01.408Z] Error writing to Modbus register: no connection to modbus server
[2025-03-01T08:35:01.410Z] Error reading register 3105 for IP 10.30.4.91: no connection to modbus server
[2025-03-01T08:35:01.410Z] ❌ Error reading register 1000 for IP 10.30.4.91: no connection to modbus server
[2025-03-01T08:35:01.411Z] Error reading actual data: no connection to modbus server
[2025-03-01T08:35:01.443Z] Error writing to Modbus register: no connection to modbus server
[2025-03-01T08:35:01.561Z] Error reading register 3105 for IP 10.30.4.91: no connection to modbus server
[2025-03-01T08:35:01.561Z] ❌ Error reading register 1000 for IP 10.30.4.91: no connection to modbus server
[2025-03-01T08:35:01.562Z] Error reading actual data: no connection to modbus server
[2025-03-01T08:35:01.606Z] Error writing to Modbus register: no connection to modbus server
[2025-03-01T08:35:01.926Z] Error reading register 3105 for IP 10.30.4.91: no connection to modbus server
[2025-03-01T08:35:01.926Z] ❌ Error reading register 1000 for IP 10.30.4.91: no connection to modbus server
[2025-03-01T08:35:01.927Z] Error reading actual data: no connection to modbus server
[2025-03-01T08:35:02.110Z] Error writing to Modbus register: no connection to modbus server
[2025-03-01T08:35:02.126Z] Error reading register 3105 for IP 10.30.4.91: no connection to modbus server
[2025-03-01T08:35:02.127Z] ❌ Error reading register 1000 for IP 10.30.4.91: no connection to modbus server
[2025-03-01T08:35:02.127Z] Error reading actual data: no connection to modbus server
[2025-03-01T08:35:02.143Z] Error writing to Modbus register: no connection to modbus server
[2025-03-01T08:35:02.144Z] Error reading register 3105 for IP 10.30.4.91: no connection to modbus server
[2025-03-01T08:35:02.144Z] ❌ Error reading register 1000 for IP 10.30.4.91: no connection to modbus server
[2025-03-01T08:35:02.144Z] Error reading actual data: no connection to modbus server
[2025-03-01T08:35:02.193Z] Error writing to Modbus register: no connection to modbus server
[2025-03-01T08:35:02.194Z] Error reading register 3105 for IP 10.30.4.91: no connection to modbus server
[2025-03-01T08:35:02.194Z] ❌ Error reading register 1000 for IP 10.30.4.91: no connection to modbus server
[2025-03-01T08:35:02.194Z] Error reading actual data: no connection to modbus server
[2025-03-01T08:35:02.410Z] Error writing to Modbus register: no connection to modbus server
[2025-03-01T08:35:02.411Z] Error reading register 3105 for IP 10.30.4.91: no connection to modbus server
[2025-03-01T08:35:02.412Z] ❌ Error reading register 1000 for IP 10.30.4.91: no connection to modbus server
[2025-03-01T08:35:02.412Z] Error reading actual data: no connection to modbus server
[2025-03-01T08:35:02.456Z] Error writing to Modbus register: no connection to modbus server
[2025-03-01T08:35:02.570Z] Error reading register 3105 for IP 10.30.4.91: no connection to modbus server
[2025-03-01T08:35:02.570Z] ❌ Error reading register 1000 for IP 10.30.4.91: no connection to modbus server
[2025-03-01T08:35:02.570Z] Error reading actual data: no connection to modbus server
[2025-03-01T08:35:02.611Z] Error writing to Modbus register: no connection to modbus server
[2025-03-01T08:35:02.927Z] Error reading register 3105 for IP 10.30.4.91: no connection to modbus server
[2025-03-01T08:35:02.928Z] Error reading actual data: no connection to modbus server
[2025-03-01T08:35:02.927Z] ❌ Error reading register 1000 for IP 10.30.4.91: no connection to modbus server
[2025-03-01T08:35:03.122Z] Error writing to Modbus register: no connection to modbus server
[2025-03-01T08:35:03.127Z] Error reading register 3105 for IP 10.30.4.91: no connection to modbus server
[2025-03-01T08:35:03.127Z] ❌ Error reading register 1000 for IP 10.30.4.91: no connection to modbus server
[2025-03-01T08:35:03.127Z] Error reading actual data: no connection to modbus server
[2025-03-01T08:35:03.161Z] Error writing to Modbus register: no connection to modbus server
[2025-03-01T08:35:03.162Z] Error reading register 3105 for IP 10.30.4.91: no connection to modbus server
[2025-03-01T08:35:03.163Z] ❌ Error reading register 1000 for IP 10.30.4.91: no connection to modbus server
[2025-03-01T08:35:03.163Z] Error reading actual data: no connection to modbus server
[2025-03-01T08:35:03.205Z] Error writing to Modbus register: no connection to modbus server
[2025-03-01T08:35:03.206Z] Error reading register 3105 for IP 10.30.4.91: no connection to modbus server
[2025-03-01T08:35:03.206Z] ❌ Error reading register 1000 for IP 10.30.4.91: no connection to modbus server
[2025-03-01T08:35:03.206Z] Error reading actual data: no connection to modbus server
[2025-03-01T08:35:03.423Z] Error writing to Modbus register: no connection to modbus server
[2025-03-01T08:35:03.424Z] Error reading register 3105 for IP 10.30.4.91: no connection to modbus server
[2025-03-01T08:35:03.425Z] ❌ Error reading register 1000 for IP 10.30.4.91: no connection to modbus server
[2025-03-01T08:35:03.425Z] Error reading actual data: no connection to modbus server
[2025-03-01T08:35:03.461Z] Error writing to Modbus register: no connection to modbus server
[2025-03-01T08:35:03.576Z] Error reading register 3105 for IP 10.30.4.91: no connection to modbus server
[2025-03-01T08:35:03.576Z] ❌ Error reading register 1000 for IP 10.30.4.91: no connection to modbus server
[2025-03-01T08:35:03.577Z] Error reading actual data: no connection to modbus server
[2025-03-01T08:35:03.621Z] Error writing to Modbus register: no connection to modbus server
[2025-03-01T08:35:03.941Z] Error reading register 3105 for IP 10.30.4.91: no connection to modbus server
[2025-03-01T08:35:03.942Z] ❌ Error reading register 1000 for IP 10.30.4.91: no connection to modbus server
[2025-03-01T08:35:03.942Z] Error reading actual data: no connection to modbus server
[2025-03-01T08:35:04.126Z] Error writing to Modbus register: no connection to modbus server
[2025-03-01T08:35:04.127Z] Error reading register 3105 for IP 10.30.4.91: no connection to modbus server
[2025-03-01T08:35:04.127Z] ❌ Error reading register 1000 for IP 10.30.4.91: no connection to modbus server
[2025-03-01T08:35:04.128Z] Error reading actual data: no connection to modbus server
[2025-03-01T08:35:04.177Z] Error writing to Modbus register: no connection to modbus server
[2025-03-01T08:35:04.179Z] Error reading register 3105 for IP 10.30.4.91: no connection to modbus server
[2025-03-01T08:35:04.179Z] ❌ Error reading register 1000 for IP 10.30.4.91: no connection to modbus server
[2025-03-01T08:35:04.180Z] Error reading actual data: no connection to modbus server
[2025-03-01T08:35:04.208Z] Error writing to Modbus register: no connection to modbus server
[2025-03-01T08:35:04.209Z] ❌ Error reading register 1000 for IP 10.30.4.91: no connection to modbus server
[2025-03-01T08:35:04.209Z] Error reading actual data: no connection to modbus server
[2025-03-01T08:35:04.209Z] Error reading register 3105 for IP 10.30.4.91: no connection to modbus server
[2025-03-01T08:35:04.427Z] Error writing to Modbus register: no connection to modbus server
[2025-03-01T08:35:04.429Z] Error reading register 3105 for IP 10.30.4.91: no connection to modbus server
[2025-03-01T08:35:04.429Z] ❌ Error reading register 1000 for IP 10.30.4.91: no connection to modbus server
[2025-03-01T08:35:04.429Z] Error reading actual data: no connection to modbus server
[2025-03-01T08:35:04.468Z] Error writing to Modbus register: no connection to modbus server
[2025-03-01T08:35:04.577Z] Error reading register 3105 for IP 10.30.4.91: no connection to modbus server
[2025-03-01T08:35:04.578Z] ❌ Error reading register 1000 for IP 10.30.4.91: no connection to modbus server
[2025-03-01T08:35:04.578Z] Error reading actual data: no connection to modbus server
[2025-03-01T08:35:04.626Z] Error writing to Modbus register: no connection to modbus server
[2025-03-01T08:35:04.943Z] Error reading register 3105 for IP 10.30.4.91: no connection to modbus server
[2025-03-01T08:35:04.943Z] ❌ Error reading register 1000 for IP 10.30.4.91: no connection to modbus server
[2025-03-01T08:35:04.943Z] Error reading actual data: no connection to modbus server
[2025-03-01T08:35:05.129Z] Error writing to Modbus register: no connection to modbus server
[2025-03-01T08:35:05.129Z] Error reading register 3105 for IP 10.30.4.91: no connection to modbus server
[2025-03-01T08:35:05.129Z] ❌ Error reading register 1000 for IP 10.30.4.91: no connection to modbus server
[2025-03-01T08:35:05.129Z] Error reading actual data: no connection to modbus server
[2025-03-01T08:35:05.194Z] Error writing to Modbus register: no connection to modbus server
[2025-03-01T08:35:05.195Z] Error reading register 3105 for IP 10.30.4.91: no connection to modbus server
[2025-03-01T08:35:05.196Z] ❌ Error reading register 1000 for IP 10.30.4.91: no connection to modbus server
[2025-03-01T08:35:05.196Z] Error reading actual data: no connection to modbus server
[2025-03-01T08:35:05.209Z] Error writing to Modbus register: no connection to modbus server
[2025-03-01T08:35:05.209Z] Error reading register 3105 for IP 10.30.4.91: no connection to modbus server
[2025-03-01T08:35:05.210Z] Error reading actual data: no connection to modbus server
[2025-03-01T08:35:05.210Z] ❌ Error reading register 1000 for IP 10.30.4.91: no connection to modbus server
[2025-03-01T08:35:05.442Z] Error writing to Modbus register: no connection to modbus server
[2025-03-01T08:35:05.443Z] Error reading register 3105 for IP 10.30.4.91: no connection to modbus server
[2025-03-01T08:35:05.444Z] ❌ Error reading register 1000 for IP 10.30.4.91: no connection to modbus server
[2025-03-01T08:35:05.444Z] Error reading actual data: no connection to modbus server
[2025-03-01T08:35:05.473Z] Error writing to Modbus register: no connection to modbus server
[2025-03-01T08:35:05.585Z] Error reading register 3105 for IP 10.30.4.91: no connection to modbus server
[2025-03-01T08:35:05.585Z] ❌ Error reading register 1000 for IP 10.30.4.91: no connection to modbus server
[2025-03-01T08:35:05.585Z] Error reading actual data: no connection to modbus server
[2025-03-01T08:35:05.627Z] Error writing to Modbus register: no connection to modbus server
[2025-03-01T08:35:05.958Z] Error reading register 3105 for IP 10.30.4.91: no connection to modbus server
[2025-03-01T08:35:05.958Z] ❌ Error reading register 1000 for IP 10.30.4.91: no connection to modbus server
[2025-03-01T08:35:05.958Z] Error reading actual data: no connection to modbus server
[2025-03-01T08:35:06.144Z] Error writing to Modbus register: no connection to modbus server
[2025-03-01T08:35:06.145Z] Error reading register 3105 for IP 10.30.4.91: no connection to modbus server
[2025-03-01T08:35:06.145Z] ❌ Error reading register 1000 for IP 10.30.4.91: no connection to modbus server
[2025-03-01T08:35:06.146Z] Error reading actual data: no connection to modbus server
[2025-03-01T08:35:06.193Z] Error writing to Modbus register: no connection to modbus server
[2025-03-01T08:35:06.209Z] Error reading register 3105 for IP 10.30.4.91: no connection to modbus server
[2025-03-01T08:35:06.210Z] ❌ Error reading register 1000 for IP 10.30.4.91: no connection to modbus server
[2025-03-01T08:35:06.210Z] Error reading actual data: no connection to modbus server
[2025-03-01T08:35:06.211Z] Error writing to Modbus register: no connection to modbus server
[2025-03-01T08:35:06.211Z] Error reading register 3105 for IP 10.30.4.91: no connection to modbus server
[2025-03-01T08:35:06.211Z] ❌ Error reading register 1000 for IP 10.30.4.91: no connection to modbus server
[2025-03-01T08:35:06.212Z] Error reading actual data: no connection to modbus server
[2025-03-01T08:35:06.443Z] Error writing to Modbus register: no connection to modbus server
[2025-03-01T08:35:06.444Z] ❌ Error reading register 1000 for IP 10.30.4.91: no connection to modbus server
[2025-03-01T08:35:06.443Z] Error reading register 3105 for IP 10.30.4.91: no connection to modbus server
[2025-03-01T08:35:06.444Z] Error reading actual data: no connection to modbus server
[2025-03-01T08:35:06.475Z] Error writing to Modbus register: no connection to modbus server
[2025-03-01T08:35:06.594Z] Error reading register 3105 for IP 10.30.4.91: no connection to modbus server
[2025-03-01T08:35:06.594Z] ❌ Error reading register 1000 for IP 10.30.4.91: no connection to modbus server
[2025-03-01T08:35:06.595Z] Error reading actual data: no connection to modbus server
[2025-03-01T08:35:06.641Z] Error writing to Modbus register: no connection to modbus server
[2025-03-01T08:35:06.960Z] Error reading register 3105 for IP 10.30.4.91: no connection to modbus server
[2025-03-01T08:35:06.960Z] ❌ Error reading register 1000 for IP 10.30.4.91: no connection to modbus server
[2025-03-01T08:35:06.960Z] Error reading actual data: no connection to modbus server
[2025-03-01T08:35:07.144Z] Error writing to Modbus register: no connection to modbus server
[2025-03-01T08:35:07.145Z] Error reading register 3105 for IP 10.30.4.91: no connection to modbus server
[2025-03-01T08:35:07.145Z] ❌ Error reading register 1000 for IP 10.30.4.91: no connection to modbus server
[2025-03-01T08:35:07.145Z] Error reading actual data: no connection to modbus server
[2025-03-01T08:35:07.209Z] Error writing to Modbus register: no connection to modbus server
[2025-03-01T08:35:07.209Z] Error reading register 3105 for IP 10.30.4.91: no connection to modbus server
[2025-03-01T08:35:07.209Z] ❌ Error reading register 1000 for IP 10.30.4.91: no connection to modbus server
[2025-03-01T08:35:07.210Z] Error reading actual data: no connection to modbus server
[2025-03-01T08:35:07.225Z] Error writing to Modbus register: no connection to modbus server
[2025-03-01T08:35:07.225Z] Error reading register 3105 for IP 10.30.4.91: no connection to modbus server
[2025-03-01T08:35:07.225Z] ❌ Error reading register 1000 for IP 10.30.4.91: no connection to modbus server
[2025-03-01T08:35:07.225Z] Error reading actual data: no connection to modbus server
[2025-03-01T08:35:07.460Z] Error writing to Modbus register: no connection to modbus server
[2025-03-01T08:35:07.462Z] ❌ Error reading register 1000 for IP 10.30.4.91: no connection to modbus server
[2025-03-01T08:35:07.461Z] Error reading register 3105 for IP 10.30.4.91: no connection to modbus server
[2025-03-01T08:35:07.462Z] Error reading actual data: no connection to modbus server
[2025-03-01T08:35:07.476Z] Error writing to Modbus register: no connection to modbus server
[2025-03-01T08:35:07.608Z] Error reading register 3105 for IP 10.30.4.91: no connection to modbus server
[2025-03-01T08:35:07.608Z] ❌ Error reading register 1000 for IP 10.30.4.91: no connection to modbus server
[2025-03-01T08:35:07.608Z] Error reading actual data: no connection to modbus server
[2025-03-01T08:35:07.643Z] Error writing to Modbus register: no connection to modbus server
[2025-03-01T08:35:07.962Z] Error reading register 3105 for IP 10.30.4.91: no connection to modbus server
[2025-03-01T08:35:07.962Z] ❌ Error reading register 1000 for IP 10.30.4.91: no connection to modbus server
[2025-03-01T08:35:07.963Z] Error reading actual data: no connection to modbus server
[2025-03-01T08:35:08.149Z] Error writing to Modbus register: no connection to modbus server
[2025-03-01T08:35:08.149Z] ❌ Error reading register 1000 for IP 10.30.4.91: no connection to modbus server
[2025-03-01T08:35:08.149Z] Error reading register 3105 for IP 10.30.4.91: no connection to modbus server
[2025-03-01T08:35:08.149Z] Error reading actual data: no connection to modbus server
[2025-03-01T08:35:08.213Z] Error writing to Modbus register: no connection to modbus server
[2025-03-01T08:35:08.214Z] Error reading register 3105 for IP 10.30.4.91: no connection to modbus server
[2025-03-01T08:35:08.214Z] ❌ Error reading register 1000 for IP 10.30.4.91: no connection to modbus server
[2025-03-01T08:35:08.214Z] Error reading actual data: no connection to modbus server
[2025-03-01T08:35:08.229Z] Error writing to Modbus register: no connection to modbus server
[2025-03-01T08:35:08.230Z] Error reading register 3105 for IP 10.30.4.91: no connection to modbus server
[2025-03-01T08:35:08.230Z] ❌ Error reading register 1000 for IP 10.30.4.91: no connection to modbus server
[2025-03-01T08:35:08.230Z] Error reading actual data: no connection to modbus server
[2025-03-01T08:35:08.463Z] Error writing to Modbus register: no connection to modbus server
[2025-03-01T08:35:08.464Z] Error reading register 3105 for IP 10.30.4.91: no connection to modbus server
[2025-03-01T08:35:08.465Z] ❌ Error reading register 1000 for IP 10.30.4.91: no connection to modbus server
[2025-03-01T08:35:08.465Z] Error reading actual data: no connection to modbus server
[2025-03-01T08:35:08.493Z] Error writing to Modbus register: no connection to modbus server
[2025-03-01T08:35:08.626Z] Error reading register 3105 for IP 10.30.4.91: no connection to modbus server
[2025-03-01T08:35:08.627Z] ❌ Error reading register 1000 for IP 10.30.4.91: no connection to modbus server
[2025-03-01T08:35:08.627Z] Error reading actual data: no connection to modbus server
[2025-03-01T08:35:08.648Z] Error writing to Modbus register: no connection to modbus server
[2025-03-01T08:35:08.968Z] Error reading register 3105 for IP 10.30.4.91: no connection to modbus server
[2025-03-01T08:35:08.968Z] ❌ Error reading register 1000 for IP 10.30.4.91: no connection to modbus server
[2025-03-01T08:35:08.968Z] Error reading actual data: no connection to modbus server
[2025-03-01T08:35:09.153Z] Error writing to Modbus register: no connection to modbus server
[2025-03-01T08:35:09.154Z] Error reading register 3105 for IP 10.30.4.91: no connection to modbus server
[2025-03-01T08:35:09.154Z] ❌ Error reading register 1000 for IP 10.30.4.91: no connection to modbus server
[2025-03-01T08:35:09.154Z] Error reading actual data: no connection to modbus server
[2025-03-01T08:35:09.225Z] Error writing to Modbus register: no connection to modbus server
[2025-03-01T08:35:09.225Z] Error reading register 3105 for IP 10.30.4.91: no connection to modbus server
[2025-03-01T08:35:09.225Z] ❌ Error reading register 1000 for IP 10.30.4.91: no connection to modbus server
[2025-03-01T08:35:09.225Z] Error reading actual data: no connection to modbus server
[2025-03-01T08:35:09.230Z] Error writing to Modbus register: no connection to modbus server
[2025-03-01T08:35:09.231Z] Error reading register 3105 for IP 10.30.4.91: no connection to modbus server
[2025-03-01T08:35:09.231Z] ❌ Error reading register 1000 for IP 10.30.4.91: no connection to modbus server
[2025-03-01T08:35:09.231Z] Error reading actual data: no connection to modbus server
[2025-03-01T08:35:09.473Z] Error writing to Modbus register: no connection to modbus server
[2025-03-01T08:35:09.474Z] Error reading register 3105 for IP 10.30.4.91: no connection to modbus server
[2025-03-01T08:35:09.475Z] ❌ Error reading register 1000 for IP 10.30.4.91: no connection to modbus server
[2025-03-01T08:35:09.475Z] Error reading actual data: no connection to modbus server
[2025-03-01T08:35:09.495Z] Error writing to Modbus register: no connection to modbus server
[2025-03-01T08:35:09.629Z] Error reading register 3105 for IP 10.30.4.91: no connection to modbus server
[2025-03-01T08:35:09.630Z] ❌ Error reading register 1000 for IP 10.30.4.91: no connection to modbus server
[2025-03-01T08:35:09.630Z] Error reading actual data: no connection to modbus server
[2025-03-01T08:35:09.653Z] Error writing to Modbus register: no connection to modbus server
[2025-03-01T08:35:09.978Z] Error reading register 3105 for IP 10.30.4.91: no connection to modbus server
[2025-03-01T08:35:09.978Z] ❌ Error reading register 1000 for IP 10.30.4.91: no connection to modbus server
[2025-03-01T08:35:09.979Z] Error reading actual data: no connection to modbus server
[2025-03-01T08:35:10.166Z] Error writing to Modbus register: no connection to modbus server
[2025-03-01T08:35:10.168Z] Error reading register 3105 for IP 10.30.4.91: no connection to modbus server
[2025-03-01T08:35:10.168Z] ❌ Error reading register 1000 for IP 10.30.4.91: no connection to modbus server
[2025-03-01T08:35:10.169Z] Error reading actual data: no connection to modbus server
[2025-03-01T08:35:10.226Z] Error writing to Modbus register: no connection to modbus server
[2025-03-01T08:35:10.227Z] Error reading register 3105 for IP 10.30.4.91: no connection to modbus server
[2025-03-01T08:35:10.227Z] ❌ Error reading register 1000 for IP 10.30.4.91: no connection to modbus server
[2025-03-01T08:35:10.227Z] Error reading actual data: no connection to modbus server
[2025-03-01T08:35:10.242Z] Error reading register 3105 for IP 10.30.4.91: no connection to modbus server
[2025-03-01T08:35:10.242Z] ❌ Error reading register 1000 for IP 10.30.4.91: no connection to modbus server
[2025-03-01T08:35:10.242Z] Error reading actual data: no connection to modbus server
[2025-03-01T08:35:10.242Z] Error writing to Modbus register: no connection to modbus server
[2025-03-01T08:35:10.477Z] Error writing to Modbus register: no connection to modbus server
[2025-03-01T08:35:10.478Z] Error reading register 3105 for IP 10.30.4.91: no connection to modbus server
[2025-03-01T08:35:10.479Z] ❌ Error reading register 1000 for IP 10.30.4.91: no connection to modbus server
[2025-03-01T08:35:10.479Z] Error reading actual data: no connection to modbus server
[2025-03-01T08:35:10.501Z] Error writing to Modbus register: no connection to modbus server
[2025-03-01T08:35:10.642Z] Error reading register 3105 for IP 10.30.4.91: no connection to modbus server
[2025-03-01T08:35:10.642Z] ❌ Error reading register 1000 for IP 10.30.4.91: no connection to modbus server
[2025-03-01T08:35:10.642Z] Error reading actual data: no connection to modbus server
[2025-03-01T08:35:10.657Z] Error writing to Modbus register: no connection to modbus server
[2025-03-01T08:35:10.983Z] Error reading register 3105 for IP 10.30.4.91: no connection to modbus server
[2025-03-01T08:35:10.983Z] ❌ Error reading register 1000 for IP 10.30.4.91: no connection to modbus server
[2025-03-01T08:35:10.983Z] Error reading actual data: no connection to modbus server
[2025-03-01T08:35:11.166Z] Error writing to Modbus register: no connection to modbus server
[2025-03-01T08:35:11.168Z] Error reading register 3105 for IP 10.30.4.91: no connection to modbus server
[2025-03-01T08:35:11.169Z] Error reading actual data: no connection to modbus server
[2025-03-01T08:35:11.168Z] ❌ Error reading register 1000 for IP 10.30.4.91: no connection to modbus server
[2025-03-01T08:35:11.228Z] Error writing to Modbus register: no connection to modbus server
[2025-03-01T08:35:11.230Z] Error reading register 3105 for IP 10.30.4.91: no connection to modbus server
[2025-03-01T08:35:11.230Z] ❌ Error reading register 1000 for IP 10.30.4.91: no connection to modbus server
[2025-03-01T08:35:11.231Z] Error reading actual data: no connection to modbus server
[2025-03-01T08:35:11.244Z] Error writing to Modbus register: no connection to modbus server
[2025-03-01T08:35:11.244Z] ❌ Error reading register 1000 for IP 10.30.4.91: no connection to modbus server
[2025-03-01T08:35:11.244Z] Error reading register 3105 for IP 10.30.4.91: no connection to modbus server
[2025-03-01T08:35:11.244Z] Error reading actual data: no connection to modbus server
[2025-03-01T08:35:11.477Z] Error writing to Modbus register: no connection to modbus server
[2025-03-01T08:35:11.479Z] Error reading register 3105 for IP 10.30.4.91: no connection to modbus server
[2025-03-01T08:35:11.479Z] ❌ Error reading register 1000 for IP 10.30.4.91: no connection to modbus server
[2025-03-01T08:35:11.480Z] Error reading actual data: no connection to modbus server
[2025-03-01T08:35:11.508Z] Error writing to Modbus register: no connection to modbus server
[2025-03-01T08:35:11.642Z] Error reading register 3105 for IP 10.30.4.91: no connection to modbus server
[2025-03-01T08:35:11.643Z] ❌ Error reading register 1000 for IP 10.30.4.91: no connection to modbus server
[2025-03-01T08:35:11.643Z] Error reading actual data: no connection to modbus server
[2025-03-01T08:35:11.672Z] Error writing to Modbus register: no connection to modbus server
[2025-03-01T08:35:11.993Z] Error reading register 3105 for IP 10.30.4.91: no connection to modbus server
[2025-03-01T08:35:11.993Z] ❌ Error reading register 1000 for IP 10.30.4.91: no connection to modbus server
[2025-03-01T08:35:11.994Z] Error reading actual data: no connection to modbus server
[2025-03-01T08:35:12.177Z] Error writing to Modbus register: no connection to modbus server
[2025-03-01T08:35:12.179Z] Error reading register 3105 for IP 10.30.4.91: no connection to modbus server
[2025-03-01T08:35:12.179Z] ❌ Error reading register 1000 for IP 10.30.4.91: no connection to modbus server
[2025-03-01T08:35:12.180Z] Error reading actual data: no connection to modbus server
[2025-03-01T08:35:12.237Z] Error writing to Modbus register: no connection to modbus server
[2025-03-01T08:35:12.238Z] Error reading register 3105 for IP 10.30.4.91: no connection to modbus server
[2025-03-01T08:35:12.239Z] ❌ Error reading register 1000 for IP 10.30.4.91: no connection to modbus server
[2025-03-01T08:35:12.239Z] Error reading actual data: no connection to modbus server
[2025-03-01T08:35:12.254Z] Error writing to Modbus register: no connection to modbus server
[2025-03-01T08:35:12.255Z] Error reading register 3105 for IP 10.30.4.91: no connection to modbus server
[2025-03-01T08:35:12.255Z] ❌ Error reading register 1000 for IP 10.30.4.91: no connection to modbus server
[2025-03-01T08:35:12.255Z] Error reading actual data: no connection to modbus server
[2025-03-01T08:35:12.492Z] Error writing to Modbus register: no connection to modbus server
[2025-03-01T08:35:12.492Z] Error reading register 3105 for IP 10.30.4.91: no connection to modbus server
[2025-03-01T08:35:12.492Z] ❌ Error reading register 1000 for IP 10.30.4.91: no connection to modbus server
[2025-03-01T08:35:12.492Z] Error reading actual data: no connection to modbus server
[2025-03-01T08:35:12.508Z] Error writing to Modbus register: no connection to modbus server
[2025-03-01T08:35:12.649Z] Error reading register 3105 for IP 10.30.4.91: no connection to modbus server
[2025-03-01T08:35:12.650Z] ❌ Error reading register 1000 for IP 10.30.4.91: no connection to modbus server
[2025-03-01T08:35:12.650Z] Error reading actual data: no connection to modbus server
[2025-03-01T08:35:12.676Z] Error writing to Modbus register: no connection to modbus server
[2025-03-01T08:35:13.002Z] ❌ Error reading register 1000 for IP 10.30.4.91: no connection to modbus server
[2025-03-01T08:35:13.002Z] Error reading register 3105 for IP 10.30.4.91: no connection to modbus server
[2025-03-01T08:35:13.002Z] Error reading actual data: no connection to modbus server
[2025-03-01T08:35:13.177Z] Error writing to Modbus register: no connection to modbus server
[2025-03-01T08:35:13.179Z] Error reading register 3105 for IP 10.30.4.91: no connection to modbus server
[2025-03-01T08:35:13.179Z] ❌ Error reading register 1000 for IP 10.30.4.91: no connection to modbus server
[2025-03-01T08:35:13.180Z] Error reading actual data: no connection to modbus server
[2025-03-01T08:35:13.239Z] Error writing to Modbus register: no connection to modbus server
[2025-03-01T08:35:13.239Z] Error reading register 3105 for IP 10.30.4.91: no connection to modbus server
[2025-03-01T08:35:13.239Z] ❌ Error reading register 1000 for IP 10.30.4.91: no connection to modbus server
[2025-03-01T08:35:13.240Z] Error reading actual data: no connection to modbus server
[2025-03-01T08:35:13.255Z] Error reading register 3105 for IP 10.30.4.91: no connection to modbus server
[2025-03-01T08:35:13.255Z] ❌ Error reading register 1000 for IP 10.30.4.91: no connection to modbus server
[2025-03-01T08:35:13.254Z] Error writing to Modbus register: no connection to modbus server
[2025-03-01T08:35:13.255Z] Error reading actual data: no connection to modbus server
[2025-03-01T08:35:13.493Z] Error writing to Modbus register: no connection to modbus server
[2025-03-01T08:35:13.494Z] Error reading register 3105 for IP 10.30.4.91: no connection to modbus server
[2025-03-01T08:35:13.495Z] ❌ Error reading register 1000 for IP 10.30.4.91: no connection to modbus server
[2025-03-01T08:35:13.495Z] Error reading actual data: no connection to modbus server
[2025-03-01T08:35:13.516Z] Error writing to Modbus register: no connection to modbus server
[2025-03-01T08:35:13.661Z] Error reading register 3105 for IP 10.30.4.91: no connection to modbus server
[2025-03-01T08:35:13.661Z] ❌ Error reading register 1000 for IP 10.30.4.91: no connection to modbus server
[2025-03-01T08:35:13.662Z] Error reading actual data: no connection to modbus server
[2025-03-01T08:35:13.676Z] Error writing to Modbus register: no connection to modbus server
[2025-03-01T08:35:14.014Z] Error reading register 3105 for IP 10.30.4.91: no connection to modbus server
[2025-03-01T08:35:14.014Z] ❌ Error reading register 1000 for IP 10.30.4.91: no connection to modbus server
[2025-03-01T08:35:14.014Z] Error reading actual data: no connection to modbus server
[2025-03-01T08:35:14.178Z] Error writing to Modbus register: no connection to modbus server
[2025-03-01T08:35:14.179Z] Error reading register 3105 for IP 10.30.4.91: no connection to modbus server
[2025-03-01T08:35:14.180Z] ❌ Error reading register 1000 for IP 10.30.4.91: no connection to modbus server
[2025-03-01T08:35:14.180Z] Error reading actual data: no connection to modbus server
[2025-03-01T08:35:14.242Z] Error writing to Modbus register: no connection to modbus server
[2025-03-01T08:35:14.244Z] Error reading register 3105 for IP 10.30.4.91: no connection to modbus server
[2025-03-01T08:35:14.244Z] ❌ Error reading register 1000 for IP 10.30.4.91: no connection to modbus server
[2025-03-01T08:35:14.245Z] Error reading actual data: no connection to modbus server
[2025-03-01T08:35:14.268Z] Error writing to Modbus register: no connection to modbus server
[2025-03-01T08:35:14.268Z] Error reading register 3105 for IP 10.30.4.91: no connection to modbus server
[2025-03-01T08:35:14.268Z] ❌ Error reading register 1000 for IP 10.30.4.91: no connection to modbus server
[2025-03-01T08:35:14.269Z] Error reading actual data: no connection to modbus server
[2025-03-01T08:35:14.493Z] Error writing to Modbus register: no connection to modbus server
[2025-03-01T08:35:14.495Z] Error reading register 3105 for IP 10.30.4.91: no connection to modbus server
[2025-03-01T08:35:14.495Z] ❌ Error reading register 1000 for IP 10.30.4.91: no connection to modbus server
[2025-03-01T08:35:14.496Z] Error reading actual data: no connection to modbus server
[2025-03-01T08:35:14.518Z] Error writing to Modbus register: no connection to modbus server
[2025-03-01T08:35:14.661Z] Error reading register 3105 for IP 10.30.4.91: no connection to modbus server
[2025-03-01T08:35:14.661Z] ❌ Error reading register 1000 for IP 10.30.4.91: no connection to modbus server
[2025-03-01T08:35:14.661Z] Error reading actual data: no connection to modbus server
[2025-03-01T08:35:14.676Z] Error writing to Modbus register: no connection to modbus server
[2025-03-01T08:35:15.026Z] Error reading register 3105 for IP 10.30.4.91: no connection to modbus server
[2025-03-01T08:35:15.027Z] ❌ Error reading register 1000 for IP 10.30.4.91: no connection to modbus server
[2025-03-01T08:35:15.027Z] Error reading actual data: no connection to modbus server
[2025-03-01T08:35:15.194Z] Error writing to Modbus register: no connection to modbus server
[2025-03-01T08:35:15.196Z] Error reading register 3105 for IP 10.30.4.91: no connection to modbus server
[2025-03-01T08:35:15.196Z] ❌ Error reading register 1000 for IP 10.30.4.91: no connection to modbus server
[2025-03-01T08:35:15.196Z] Error reading actual data: no connection to modbus server
[2025-03-01T08:35:15.260Z] Error writing to Modbus register: no connection to modbus server
[2025-03-01T08:35:15.262Z] Error reading register 3105 for IP 10.30.4.91: no connection to modbus server
[2025-03-01T08:35:15.263Z] ❌ Error reading register 1000 for IP 10.30.4.91: no connection to modbus server
[2025-03-01T08:35:15.263Z] Error reading actual data: no connection to modbus server
[2025-03-01T08:35:15.277Z] Error writing to Modbus register: no connection to modbus server
[2025-03-01T08:35:15.277Z] Error reading register 3105 for IP 10.30.4.91: no connection to modbus server
[2025-03-01T08:35:15.277Z] ❌ Error reading register 1000 for IP 10.30.4.91: no connection to modbus server
[2025-03-01T08:35:15.277Z] Error reading actual data: no connection to modbus server
[2025-03-01T08:35:15.495Z] Error reading register 3105 for IP 10.30.4.91: no connection to modbus server
[2025-03-01T08:35:15.495Z] Error writing to Modbus register: no connection to modbus server
[2025-03-01T08:35:15.495Z] ❌ Error reading register 1000 for IP 10.30.4.91: no connection to modbus server
[2025-03-01T08:35:15.495Z] Error reading actual data: no connection to modbus server
[2025-03-01T08:35:15.527Z] Error writing to Modbus register: no connection to modbus server
[2025-03-01T08:35:15.663Z] ❌ Error reading register 1000 for IP 10.30.4.91: no connection to modbus server
[2025-03-01T08:35:15.663Z] Error reading actual data: no connection to modbus server
[2025-03-01T08:35:15.663Z] Error reading register 3105 for IP 10.30.4.91: no connection to modbus server
[2025-03-01T08:35:15.682Z] Error writing to Modbus register: no connection to modbus server
[2025-03-01T08:35:16.044Z] Error reading register 3105 for IP 10.30.4.91: no connection to modbus server
[2025-03-01T08:35:16.045Z] ❌ Error reading register 1000 for IP 10.30.4.91: no connection to modbus server
[2025-03-01T08:35:16.045Z] Error reading actual data: no connection to modbus server
[2025-03-01T08:35:16.199Z] Error writing to Modbus register: no connection to modbus server
[2025-03-01T08:35:16.199Z] Error reading register 3105 for IP 10.30.4.91: no connection to modbus server
[2025-03-01T08:35:16.199Z] ❌ Error reading register 1000 for IP 10.30.4.91: no connection to modbus server
[2025-03-01T08:35:16.199Z] Error reading actual data: no connection to modbus server
[2025-03-01T08:35:16.259Z] Error writing to Modbus register: no connection to modbus server
[2025-03-01T08:35:16.277Z] Error reading register 3105 for IP 10.30.4.91: no connection to modbus server
[2025-03-01T08:35:16.277Z] ❌ Error reading register 1000 for IP 10.30.4.91: no connection to modbus server
[2025-03-01T08:35:16.278Z] Error reading actual data: no connection to modbus server
[2025-03-01T08:35:16.278Z] Error writing to Modbus register: no connection to modbus server
[2025-03-01T08:35:16.279Z] Error reading register 3105 for IP 10.30.4.91: no connection to modbus server
[2025-03-01T08:35:16.279Z] ❌ Error reading register 1000 for IP 10.30.4.91: no connection to modbus server
[2025-03-01T08:35:16.279Z] Error reading actual data: no connection to modbus server
[2025-03-01T09:30:31.310Z] Error reading register 3105 for IP 10.30.4.91: Req timed out
[2025-03-01T09:30:32.928Z] Device at 10.30.4.91 is not reachable. Skipping connection attempt.
[2025-03-01T09:30:36.316Z] ❌ Error reading register 1000 for IP 10.30.4.91: Req timed out
[2025-03-01T09:30:38.416Z] Device at 10.30.4.91 is not reachable. Skipping connection attempt.
[2025-03-01T09:30:41.322Z] Error writing to Modbus register: Req timed out
[2025-03-01T09:30:45.231Z] Unable to connect to device at 10.30.4.91: read ECONNRESET
[2025-03-01T09:30:45.235Z] Error reading register 3105 for IP 10.30.4.91: connection to modbus server closed
[2025-03-01T09:30:45.235Z] ❌ Error reading register 1000 for IP 10.30.4.91: rejecting because of earlier OutOfSync error
[2025-03-01T09:30:45.236Z] Error writing to Modbus register: rejecting because of earlier OutOfSync error
[2025-03-01T09:30:45.236Z] Error reading register 3105 for IP 10.30.4.91: rejecting because of earlier OutOfSync error
[2025-03-01T09:30:45.236Z] ❌ Error reading register 1000 for IP 10.30.4.91: rejecting because of earlier OutOfSync error
[2025-03-01T09:30:45.236Z] Error writing to Modbus register: rejecting because of earlier OutOfSync error
[2025-03-01T09:30:45.236Z] Error reading register 3105 for IP 10.30.4.91: rejecting because of earlier OutOfSync error
[2025-03-01T09:30:45.236Z] ❌ Error reading register 1000 for IP 10.30.4.91: rejecting because of earlier OutOfSync error
[2025-03-01T09:30:45.237Z] Error writing to Modbus register: rejecting because of earlier OutOfSync error
[2025-03-01T09:30:45.237Z] Error reading register 3105 for IP 10.30.4.91: rejecting because of earlier OutOfSync error
[2025-03-01T09:30:45.237Z] ❌ Error reading register 1000 for IP 10.30.4.91: rejecting because of earlier OutOfSync error
[2025-03-01T09:30:45.237Z] Error writing to Modbus register: rejecting because of earlier OutOfSync error
[2025-03-01T09:30:45.237Z] Error reading register 3105 for IP 10.30.4.91: rejecting because of earlier OutOfSync error
[2025-03-01T09:30:45.237Z] ❌ Error reading register 1000 for IP 10.30.4.91: rejecting because of earlier OutOfSync error
[2025-03-01T09:30:45.237Z] Error writing to Modbus register: rejecting because of earlier OutOfSync error
[2025-03-01T09:30:45.237Z] Error reading register 3105 for IP 10.30.4.91: rejecting because of earlier OutOfSync error
[2025-03-01T09:30:45.238Z] ❌ Error reading register 1000 for IP 10.30.4.91: rejecting because of earlier OutOfSync error
[2025-03-01T09:30:45.238Z] Error writing to Modbus register: rejecting because of earlier OutOfSync error
[2025-03-01T09:30:45.238Z] Error reading register 3105 for IP 10.30.4.91: rejecting because of earlier OutOfSync error
[2025-03-01T09:30:45.238Z] ❌ Error reading register 1000 for IP 10.30.4.91: rejecting because of earlier OutOfSync error
[2025-03-01T09:30:45.238Z] Error writing to Modbus register: rejecting because of earlier OutOfSync error
[2025-03-01T09:30:45.238Z] Error reading register 3105 for IP 10.30.4.91: rejecting because of earlier OutOfSync error
[2025-03-01T09:30:45.238Z] ❌ Error reading register 1000 for IP 10.30.4.91: rejecting because of earlier OutOfSync error
[2025-03-01T09:30:45.238Z] Error writing to Modbus register: rejecting because of earlier OutOfSync error
[2025-03-01T09:30:45.239Z] Error reading register 3105 for IP 10.30.4.91: rejecting because of earlier OutOfSync error
[2025-03-01T09:30:45.239Z] Error writing to Modbus register: rejecting because of earlier OutOfSync error
[2025-03-01T09:30:45.239Z] ❌ Error reading register 1000 for IP 10.30.4.91: rejecting because of earlier OutOfSync error
[2025-03-01T09:30:45.239Z] Error reading register 3105 for IP 10.30.4.91: rejecting because of earlier OutOfSync error
[2025-03-01T09:30:45.239Z] ❌ Error reading register 1000 for IP 10.30.4.91: rejecting because of earlier OutOfSync error
[2025-03-01T09:30:45.239Z] Error writing to Modbus register: rejecting because of earlier OutOfSync error
[2025-03-01T09:30:45.239Z] Error reading register 3105 for IP 10.30.4.91: rejecting because of earlier OutOfSync error
[2025-03-01T09:30:45.240Z] ❌ Error reading register 1000 for IP 10.30.4.91: rejecting because of earlier OutOfSync error
[2025-03-01T09:30:45.240Z] Error writing to Modbus register: rejecting because of earlier OutOfSync error
[2025-03-01T09:30:45.240Z] Error reading register 3105 for IP 10.30.4.91: rejecting because of earlier OutOfSync error
[2025-03-01T09:30:45.240Z] ❌ Error reading register 1000 for IP 10.30.4.91: rejecting because of earlier OutOfSync error
[2025-03-01T09:30:45.240Z] Error writing to Modbus register: rejecting because of earlier OutOfSync error
[2025-03-01T09:30:45.240Z] Error reading register 3105 for IP 10.30.4.91: rejecting because of earlier OutOfSync error
[2025-03-01T09:30:45.240Z] ❌ Error reading register 1000 for IP 10.30.4.91: rejecting because of earlier OutOfSync error
[2025-03-01T09:30:45.240Z] Error writing to Modbus register: rejecting because of earlier OutOfSync error
[2025-03-01T09:30:45.240Z] Error reading register 3105 for IP 10.30.4.91: rejecting because of earlier OutOfSync error
[2025-03-01T09:30:45.240Z] ❌ Error reading register 1000 for IP 10.30.4.91: rejecting because of earlier OutOfSync error
[2025-03-01T09:30:45.241Z] Error writing to Modbus register: rejecting because of earlier OutOfSync error
[2025-03-01T09:30:45.241Z] Error reading register 3105 for IP 10.30.4.91: rejecting because of earlier OutOfSync error
[2025-03-01T09:30:45.241Z] ❌ Error reading register 1000 for IP 10.30.4.91: rejecting because of earlier OutOfSync error
[2025-03-01T09:30:45.243Z] Error writing to Modbus register: rejecting because of earlier OutOfSync error
[2025-03-01T09:30:45.243Z] Error reading register 3105 for IP 10.30.4.91: rejecting because of earlier OutOfSync error
[2025-03-01T09:30:45.243Z] ❌ Error reading register 1000 for IP 10.30.4.91: rejecting because of earlier OutOfSync error
[2025-03-01T09:30:45.243Z] Error writing to Modbus register: rejecting because of earlier OutOfSync error
[2025-03-01T09:30:45.243Z] Error reading register 3105 for IP 10.30.4.91: rejecting because of earlier OutOfSync error
[2025-03-01T09:30:45.243Z] ❌ Error reading register 1000 for IP 10.30.4.91: rejecting because of earlier OutOfSync error
[2025-03-01T09:30:45.243Z] Error writing to Modbus register: rejecting because of earlier OutOfSync error
[2025-03-01T09:30:45.244Z] Error reading register 3105 for IP 10.30.4.91: rejecting because of earlier OutOfSync error
[2025-03-01T09:30:45.244Z] ❌ Error reading register 1000 for IP 10.30.4.91: rejecting because of earlier OutOfSync error
[2025-03-01T09:30:45.244Z] Error writing to Modbus register: rejecting because of earlier OutOfSync error
[2025-03-01T09:30:45.400Z] Error reading register 3105 for IP 10.30.4.91: no connection to modbus server
[2025-03-01T09:30:45.400Z] ❌ Error reading register 1000 for IP 10.30.4.91: no connection to modbus server
[2025-03-01T09:30:45.400Z] Error writing to Modbus register: no connection to modbus server
[2025-03-01T09:30:46.404Z] Error reading register 3105 for IP 10.30.4.91: no connection to modbus server
[2025-03-01T09:30:46.405Z] ❌ Error reading register 1000 for IP 10.30.4.91: no connection to modbus server
[2025-03-01T09:30:46.406Z] Error writing to Modbus register: no connection to modbus server
[2025-03-01T09:30:47.407Z] Error reading register 3105 for IP 10.30.4.91: no connection to modbus server
[2025-03-01T09:30:47.408Z] ❌ Error reading register 1000 for IP 10.30.4.91: no connection to modbus server
[2025-03-01T09:30:47.409Z] Error writing to Modbus register: no connection to modbus server
[2025-03-01T09:30:48.409Z] Error reading register 3105 for IP 10.30.4.91: no connection to modbus server
[2025-03-01T09:30:48.409Z] ❌ Error reading register 1000 for IP 10.30.4.91: no connection to modbus server
[2025-03-01T09:30:48.410Z] Error writing to Modbus register: no connection to modbus server
[2025-03-01T09:30:49.411Z] Error reading register 3105 for IP 10.30.4.91: no connection to modbus server
[2025-03-01T09:30:49.412Z] ❌ Error reading register 1000 for IP 10.30.4.91: no connection to modbus server
[2025-03-01T09:30:49.413Z] Error writing to Modbus register: no connection to modbus server
[2025-03-01T09:30:50.413Z] Error reading register 3105 for IP 10.30.4.91: no connection to modbus server
[2025-03-01T09:30:50.413Z] ❌ Error reading register 1000 for IP 10.30.4.91: no connection to modbus server
[2025-03-01T09:30:50.414Z] Error writing to Modbus register: no connection to modbus server
[2025-03-01T09:30:50.917Z] Device at 10.30.4.91 is not reachable. Skipping connection attempt.
[2025-03-01T09:30:51.420Z] Error reading register 3105 for IP 10.30.4.91: no connection to modbus server
[2025-03-01T09:30:51.421Z] ❌ Error reading register 1000 for IP 10.30.4.91: no connection to modbus server
[2025-03-01T09:30:51.422Z] Error writing to Modbus register: no connection to modbus server
[2025-03-01T09:30:52.426Z] Error reading register 3105 for IP 10.30.4.91: no connection to modbus server
[2025-03-01T09:30:52.427Z] ❌ Error reading register 1000 for IP 10.30.4.91: no connection to modbus server
[2025-03-01T09:30:52.427Z] Error writing to Modbus register: no connection to modbus server
